[0.010s][info][gc] Using Concurrent Mark Sweep
[0.010s][info][gc,heap,coops] Heap address: 0x00000000c0000000, size: 1024 MB, Compressed Oops mode: 32-bit
[4.065s][info][gc,start     ] GC(0) Pause Initial Mark
[4.073s][info][gc           ] GC(0) Pause Initial Mark 65M->65M(989M) 8.209ms
[4.074s][info][gc,cpu       ] GC(0) User=0.00s Sys=0.00s Real=0.00s
[4.074s][info][gc           ] GC(0) Concurrent Mark
[4.074s][info][gc,task      ] GC(0) Using 2 workers of 2 for marking
[4.074s][info][gc           ] GC(0) Concurrent Mark 0.715ms
[4.074s][info][gc,cpu       ] GC(0) User=0.00s Sys=0.00s Real=0.00s
[4.074s][info][gc           ] GC(0) Concurrent Preclean
[4.078s][info][gc           ] GC(0) Concurrent Preclean 3.150ms
[4.078s][info][gc,cpu       ] GC(0) User=0.00s Sys=0.00s Real=0.00s
[4.078s][info][gc           ] GC(0) Concurrent Abortable Preclean
[8.554s][info][gc,start     ] GC(1) Pause Young (Allocation Failure)
[8.554s][info][gc,task      ] GC(1) Using 6 workers of 6 for evacuation
[8.566s][info][gc,heap      ] GC(1) ParNew: 279616K->22953K(314560K)
[8.566s][info][gc,heap      ] GC(1) CMS: 0K->0K(699072K)
[8.566s][info][gc,metaspace ] GC(1) Metaspace: 47573K(49008K)->47573K(49008K) NonClass: 41756K(42492K)->41756K(42492K) Class: 5816K(6516K)->5816K(6516K)
[8.566s][info][gc           ] GC(1) Pause Young (Allocation Failure) 273M->22M(989M) 12.302ms
[8.566s][info][gc,cpu       ] GC(1) User=0.00s Sys=0.00s Real=0.01s
[9.125s][info][gc           ] GC(0) Concurrent Abortable Preclean 5047.255ms
[9.125s][info][gc,cpu       ] GC(0) User=0.89s Sys=0.06s Real=5.06s
[9.125s][info][gc,start     ] GC(0) Pause Remark
[9.141s][info][gc           ] GC(0) Pause Remark 94M->94M(989M) 15.964ms
[9.141s][info][gc,cpu       ] GC(0) User=0.00s Sys=0.00s Real=0.02s
[9.141s][info][gc           ] GC(0) Concurrent Sweep
[9.141s][info][gc           ] GC(0) Concurrent Sweep 0.064ms
[9.141s][info][gc,cpu       ] GC(0) User=0.00s Sys=0.00s Real=0.00s
[9.141s][info][gc           ] GC(0) Concurrent Reset
[9.145s][info][gc           ] GC(0) Concurrent Reset 3.878ms
[9.145s][info][gc,cpu       ] GC(0) User=0.00s Sys=0.00s Real=0.00s
[9.145s][info][gc,heap      ] GC(0) Old: 0K->0K(699072K)
[11.296s][info][gc,start     ] GC(2) Pause Full (System.gc())
[11.297s][info][gc,phases,start] GC(2) Phase 1: Mark live objects
[11.344s][info][gc,phases      ] GC(2) Phase 1: Mark live objects 47.822ms
[11.344s][info][gc,phases,start] GC(2) Phase 2: Compute new object addresses
[11.368s][info][gc,phases      ] GC(2) Phase 2: Compute new object addresses 23.270ms
[11.368s][info][gc,phases,start] GC(2) Phase 3: Adjust pointers
[11.386s][info][gc,phases      ] GC(2) Phase 3: Adjust pointers 18.610ms
[11.386s][info][gc,phases,start] GC(2) Phase 4: Move objects
[11.404s][info][gc,phases      ] GC(2) Phase 4: Move objects 17.147ms
[11.405s][info][gc,heap        ] GC(2) ParNew: 301380K->0K(314560K)
[11.405s][info][gc,heap        ] GC(2) CMS: 0K->33792K(699072K)
[11.405s][info][gc,metaspace   ] GC(2) Metaspace: 93938K(97516K)->93938K(97516K) NonClass: 81711K(83532K)->81711K(83532K) Class: 12227K(13984K)->12227K(13984K)
[11.406s][info][gc             ] GC(2) Pause Full (System.gc()) 294M->33M(989M) 109.711ms
[11.406s][info][gc,cpu         ] GC(2) User=0.11s Sys=0.00s Real=0.11s
[13.664s][info][gc,start       ] GC(3) Pause Young (Allocation Failure)
[13.664s][info][gc,task        ] GC(3) Using 6 workers of 6 for evacuation
[13.674s][info][gc,heap        ] GC(3) ParNew: 279616K->15424K(314560K)
[13.674s][info][gc,heap        ] GC(3) CMS: 33792K->33792K(699072K)
[13.674s][info][gc,metaspace   ] GC(3) Metaspace: 128168K(135020K)->128168K(135020K) NonClass: 110161K(113484K)->110161K(113484K) Class: 18007K(21536K)->18007K(21536K)
[13.674s][info][gc             ] GC(3) Pause Young (Allocation Failure) 306M->48M(989M) 9.990ms
[13.674s][info][gc,cpu         ] GC(3) User=0.02s Sys=0.00s Real=0.00s
[13.787s][info][gc,start       ] GC(4) Pause Young (Allocation Failure)
[13.787s][info][gc,task        ] GC(4) Using 6 workers of 6 for evacuation
[13.793s][info][gc,heap        ] GC(4) ParNew: 295040K->22061K(314560K)
[13.793s][info][gc,heap        ] GC(4) CMS: 33792K->33792K(699072K)
[13.793s][info][gc,metaspace   ] GC(4) Metaspace: 128251K(135020K)->128251K(135020K) NonClass: 110243K(113484K)->110243K(113484K) Class: 18007K(21536K)->18007K(21536K)
[13.793s][info][gc             ] GC(4) Pause Young (Allocation Failure) 321M->54M(989M) 6.542ms
[13.793s][info][gc,cpu         ] GC(4) User=0.02s Sys=0.00s Real=0.01s
[13.842s][info][gc,start       ] GC(5) Pause Young (Allocation Failure)
[13.842s][info][gc,task        ] GC(5) Using 6 workers of 6 for evacuation
[13.870s][info][gc,heap        ] GC(5) ParNew: 301677K->28333K(314560K)
[13.870s][info][gc,heap        ] GC(5) CMS: 33792K->44925K(699072K)
[13.870s][info][gc,metaspace   ] GC(5) Metaspace: 128251K(135020K)->128251K(135020K) NonClass: 110243K(113484K)->110243K(113484K) Class: 18007K(21536K)->18007K(21536K)
[13.870s][info][gc             ] GC(5) Pause Young (Allocation Failure) 327M->71M(989M) 27.949ms
[13.870s][info][gc,cpu         ] GC(5) User=0.02s Sys=0.02s Real=0.03s
[13.910s][info][gc,start       ] GC(6) Pause Young (Allocation Failure)
[13.910s][info][gc,task        ] GC(6) Using 6 workers of 6 for evacuation
[13.915s][info][gc,heap        ] GC(6) ParNew: 305335K->21645K(314560K)
[13.915s][info][gc,heap        ] GC(6) CMS: 44925K->57432K(699072K)
[13.915s][info][gc,metaspace   ] GC(6) Metaspace: 128251K(135020K)->128251K(135020K) NonClass: 110243K(113484K)->110243K(113484K) Class: 18007K(21536K)->18007K(21536K)
[13.915s][info][gc             ] GC(6) Pause Young (Allocation Failure) 342M->77M(989M) 4.771ms
[13.915s][info][gc,cpu         ] GC(6) User=0.00s Sys=0.02s Real=0.02s
[13.967s][info][gc,start       ] GC(7) Pause Young (Allocation Failure)
[13.967s][info][gc,task        ] GC(7) Using 6 workers of 6 for evacuation
[13.974s][info][gc,heap        ] GC(7) ParNew: 301261K->31536K(314560K)
[13.974s][info][gc,heap        ] GC(7) CMS: 57432K->75917K(699072K)
[13.974s][info][gc,metaspace   ] GC(7) Metaspace: 128309K(135404K)->128309K(135404K) NonClass: 110283K(113740K)->110283K(113740K) Class: 18025K(21664K)->18025K(21664K)
[13.974s][info][gc             ] GC(7) Pause Young (Allocation Failure) 350M->104M(989M) 7.105ms
[13.974s][info][gc,cpu         ] GC(7) User=0.00s Sys=0.00s Real=0.00s
[14.013s][info][gc,start       ] GC(8) Pause Young (Allocation Failure)
[14.013s][info][gc,task        ] GC(8) Using 6 workers of 6 for evacuation
[14.022s][info][gc,heap        ] GC(8) ParNew: 308049K->29904K(314560K)
[14.022s][info][gc,heap        ] GC(8) CMS: 75917K->98888K(699072K)
[14.022s][info][gc,metaspace   ] GC(8) Metaspace: 128331K(135404K)->128331K(135404K) NonClass: 110306K(113740K)->110306K(113740K) Class: 18025K(21664K)->18025K(21664K)
[14.022s][info][gc             ] GC(8) Pause Young (Allocation Failure) 374M->125M(989M) 8.391ms
[14.022s][info][gc,cpu         ] GC(8) User=0.00s Sys=0.00s Real=0.00s
[14.059s][info][gc,start       ] GC(9) Pause Young (Allocation Failure)
[14.059s][info][gc,task        ] GC(9) Using 6 workers of 6 for evacuation
[14.066s][info][gc,heap        ] GC(9) ParNew: 309520K->11082K(314560K)
[14.066s][info][gc,heap        ] GC(9) CMS: 98888K->124286K(699072K)
[14.066s][info][gc,metaspace   ] GC(9) Metaspace: 128348K(135404K)->128348K(135404K) NonClass: 110321K(113740K)->110321K(113740K) Class: 18027K(21664K)->18027K(21664K)
[14.066s][info][gc             ] GC(9) Pause Young (Allocation Failure) 398M->132M(989M) 7.159ms
[14.066s][info][gc,cpu         ] GC(9) User=0.00s Sys=0.00s Real=0.00s
[14.066s][info][gc,start       ] GC(10) Pause Initial Mark
[14.067s][info][gc             ] GC(10) Pause Initial Mark 135M->135M(989M) 0.602ms
[14.067s][info][gc,cpu         ] GC(10) User=0.00s Sys=0.00s Real=0.00s
[14.067s][info][gc             ] GC(10) Concurrent Mark
[14.067s][info][gc,task        ] GC(10) Using 2 workers of 2 for marking
[14.101s][info][gc             ] GC(10) Concurrent Mark 34.416ms
[14.101s][info][gc,cpu         ] GC(10) User=0.03s Sys=0.00s Real=0.03s
[14.101s][info][gc             ] GC(10) Concurrent Preclean
[14.103s][info][gc,start       ] GC(11) Pause Young (Allocation Failure)
[14.103s][info][gc,task        ] GC(11) Using 6 workers of 6 for evacuation
[14.108s][info][gc,heap        ] GC(11) ParNew: 290698K->34526K(314560K)
[14.108s][info][gc,heap        ] GC(11) CMS: 124286K->124286K(699072K)
[14.108s][info][gc,metaspace   ] GC(11) Metaspace: 128358K(135404K)->128358K(135404K) NonClass: 110330K(113740K)->110330K(113740K) Class: 18027K(21664K)->18027K(21664K)
[14.108s][info][gc             ] GC(11) Pause Young (Allocation Failure) 405M->155M(989M) 5.207ms
[14.108s][info][gc,cpu         ] GC(11) User=0.00s Sys=0.00s Real=0.00s
[14.109s][info][gc             ] GC(10) Concurrent Preclean 7.465ms
[14.109s][info][gc,cpu         ] GC(10) User=0.02s Sys=0.00s Real=0.02s
[14.109s][info][gc             ] GC(10) Concurrent Abortable Preclean
[14.146s][info][gc,start       ] GC(12) Pause Young (Allocation Failure)
[14.146s][info][gc,task        ] GC(12) Using 6 workers of 6 for evacuation
[14.155s][info][gc,heap        ] GC(12) ParNew: 314142K->34628K(314560K)
[14.155s][info][gc,heap        ] GC(12) CMS: 124286K->142933K(699072K)
[14.155s][info][gc,metaspace   ] GC(12) Metaspace: 128410K(135404K)->128410K(135404K) NonClass: 110377K(113740K)->110377K(113740K) Class: 18032K(21664K)->18032K(21664K)
[14.155s][info][gc             ] GC(12) Pause Young (Allocation Failure) 428M->173M(989M) 8.420ms
[14.155s][info][gc,cpu         ] GC(12) User=0.02s Sys=0.00s Real=0.02s
[14.192s][info][gc,start       ] GC(13) Pause Young (Allocation Failure)
[14.192s][info][gc,task        ] GC(13) Using 6 workers of 6 for evacuation
[14.199s][info][gc,heap        ] GC(13) ParNew: 314244K->26980K(314560K)
[14.199s][info][gc,heap        ] GC(13) CMS: 142933K->159522K(699072K)
[14.199s][info][gc,metaspace   ] GC(13) Metaspace: 128503K(135660K)->128503K(135660K) NonClass: 110445K(113996K)->110445K(113996K) Class: 18058K(21664K)->18058K(21664K)
[14.199s][info][gc             ] GC(13) Pause Young (Allocation Failure) 446M->182M(989M) 7.092ms
[14.199s][info][gc,cpu         ] GC(13) User=0.02s Sys=0.00s Real=0.02s
[14.229s][info][gc             ] GC(10) Concurrent Abortable Preclean 119.715ms
[14.229s][info][gc,cpu         ] GC(10) User=0.12s Sys=0.00s Real=0.13s
[14.229s][info][gc,start       ] GC(10) Pause Remark
[14.283s][info][gc             ] GC(10) Pause Remark 402M->402M(989M) 54.074ms
[14.283s][info][gc,cpu         ] GC(10) User=0.09s Sys=0.00s Real=0.05s
[14.283s][info][gc             ] GC(10) Concurrent Sweep
[14.292s][info][gc,start       ] GC(14) Pause Young (Allocation Failure)
[14.292s][info][gc,task        ] GC(14) Using 6 workers of 6 for evacuation
[14.298s][info][gc,heap        ] GC(14) ParNew: 305839K->23012K(314560K)
[14.298s][info][gc,heap        ] GC(14) CMS: 159311K->176468K(699072K)
[14.298s][info][gc,metaspace   ] GC(14) Metaspace: 128628K(135660K)->128628K(135660K) NonClass: 110539K(113996K)->110539K(113996K) Class: 18089K(21664K)->18089K(21664K)
[14.298s][info][gc             ] GC(14) Pause Young (Allocation Failure) 454M->194M(989M) 6.659ms
[14.298s][info][gc,cpu         ] GC(14) User=0.00s Sys=0.00s Real=0.00s
[14.305s][info][gc             ] GC(10) Concurrent Sweep 22.304ms
[14.306s][info][gc,cpu         ] GC(10) User=0.02s Sys=0.00s Real=0.02s
[14.306s][info][gc             ] GC(10) Concurrent Reset
[14.308s][info][gc             ] GC(10) Concurrent Reset 2.655ms
[14.308s][info][gc,cpu         ] GC(10) User=0.02s Sys=0.00s Real=0.02s
[14.308s][info][gc,heap        ] GC(10) Old: 124286K->122689K(699072K)
[14.363s][info][gc,start       ] GC(15) Pause Young (Allocation Failure)
[14.363s][info][gc,task        ] GC(15) Using 6 workers of 6 for evacuation
[14.367s][info][gc,heap        ] GC(15) ParNew: 302628K->21188K(314560K)
[14.367s][info][gc,heap        ] GC(15) CMS: 122689K->139339K(699072K)
[14.367s][info][gc,metaspace   ] GC(15) Metaspace: 125721K(136300K)->125721K(136300K) NonClass: 108771K(114252K)->108771K(114252K) Class: 16950K(22048K)->16950K(22048K)
[14.367s][info][gc             ] GC(15) Pause Young (Allocation Failure) 415M->156M(989M) 4.633ms
[14.367s][info][gc,cpu         ] GC(15) User=0.00s Sys=0.00s Real=0.00s
[14.368s][info][gc,start       ] GC(16) Pause Initial Mark
[14.368s][info][gc             ] GC(16) Pause Initial Mark 158M->158M(989M) 0.458ms
[14.368s][info][gc,cpu         ] GC(16) User=0.00s Sys=0.00s Real=0.00s
[14.368s][info][gc             ] GC(16) Concurrent Mark
[14.368s][info][gc,task        ] GC(16) Using 2 workers of 2 for marking
[14.402s][info][gc             ] GC(16) Concurrent Mark 33.787ms
[14.402s][info][gc,cpu         ] GC(16) User=0.03s Sys=0.00s Real=0.04s
[14.402s][info][gc             ] GC(16) Concurrent Preclean
[14.405s][info][gc             ] GC(16) Concurrent Preclean 2.452ms
[14.405s][info][gc,cpu         ] GC(16) User=0.00s Sys=0.00s Real=0.00s
[14.405s][info][gc             ] GC(16) Concurrent Abortable Preclean
[15.324s][info][gc,start       ] GC(17) Pause Young (Allocation Failure)
[15.324s][info][gc,task        ] GC(17) Using 6 workers of 6 for evacuation
[15.332s][info][gc,heap        ] GC(17) ParNew: 300804K->21964K(314560K)
[15.332s][info][gc,heap        ] GC(17) CMS: 139339K->147968K(699072K)
[15.332s][info][gc,metaspace   ] GC(17) Metaspace: 134329K(142444K)->134329K(142444K) NonClass: 115510K(119628K)->115510K(119628K) Class: 18818K(22816K)->18818K(22816K)
[15.332s][info][gc             ] GC(17) Pause Young (Allocation Failure) 429M->165M(989M) 8.166ms
[15.332s][info][gc,cpu         ] GC(17) User=0.02s Sys=0.00s Real=0.02s
[15.380s][info][gc             ] GC(16) Concurrent Abortable Preclean 975.699ms
[15.380s][info][gc,cpu         ] GC(16) User=0.73s Sys=0.03s Real=0.97s
[15.381s][info][gc,start       ] GC(16) Pause Remark
[15.428s][info][gc             ] GC(16) Pause Remark 333M->333M(989M) 47.618ms
[15.428s][info][gc,cpu         ] GC(16) User=0.27s Sys=0.00s Real=0.05s
[15.429s][info][gc             ] GC(16) Concurrent Sweep
[15.440s][info][gc             ] GC(16) Concurrent Sweep 11.700ms
[15.440s][info][gc,cpu         ] GC(16) User=0.02s Sys=0.00s Real=0.02s
[15.440s][info][gc             ] GC(16) Concurrent Reset
[15.442s][info][gc             ] GC(16) Concurrent Reset 2.121ms
[15.443s][info][gc,cpu         ] GC(16) User=0.00s Sys=0.00s Real=0.00s
[15.443s][info][gc,heap        ] GC(16) Old: 139339K->106591K(699072K)
[15.451s][info][gc,start       ] GC(18) Pause Young (Allocation Failure)
[15.452s][info][gc,task        ] GC(18) Using 6 workers of 6 for evacuation
[15.464s][info][gc,heap        ] GC(18) ParNew: 301580K->3546K(314560K)
[15.464s][info][gc,heap        ] GC(18) CMS: 106591K->128411K(699072K)
[15.464s][info][gc,metaspace   ] GC(18) Metaspace: 134480K(142828K)->134480K(142828K) NonClass: 115642K(119884K)->115642K(119884K) Class: 18838K(22944K)->18838K(22944K)
[15.464s][info][gc             ] GC(18) Pause Young (Allocation Failure) 398M->128M(989M) 12.131ms
[15.464s][info][gc,cpu         ] GC(18) User=0.02s Sys=0.00s Real=0.02s
[16.970s][info][gc,start       ] GC(19) Pause Young (Allocation Failure)
[16.970s][info][gc,task        ] GC(19) Using 6 workers of 6 for evacuation
[16.973s][info][gc,heap        ] GC(19) ParNew: 283162K->1971K(314560K)
[16.973s][info][gc,heap        ] GC(19) CMS: 128411K->128411K(699072K)
[16.973s][info][gc,metaspace   ] GC(19) Metaspace: 158762K(167512K)->158762K(167512K) NonClass: 138188K(142668K)->138188K(142668K) Class: 20573K(24844K)->20573K(24844K)
[16.973s][info][gc             ] GC(19) Pause Young (Allocation Failure) 401M->127M(989M) 3.088ms
[16.973s][info][gc,cpu         ] GC(19) User=0.00s Sys=0.00s Real=0.00s
[17.322s][info][gc,start       ] GC(20) Pause Young (Allocation Failure)
[17.322s][info][gc,task        ] GC(20) Using 6 workers of 6 for evacuation
[17.327s][info][gc,heap        ] GC(20) ParNew: 281587K->16599K(314560K)
[17.327s][info][gc,heap        ] GC(20) CMS: 128411K->128411K(699072K)
[17.327s][info][gc,metaspace   ] GC(20) Metaspace: 163046K(171864K)->163046K(171864K) NonClass: 142043K(146508K)->142043K(146508K) Class: 21003K(25356K)->21003K(25356K)
[17.327s][info][gc             ] GC(20) Pause Young (Allocation Failure) 400M->141M(989M) 5.169ms
[17.327s][info][gc,cpu         ] GC(20) User=0.02s Sys=0.00s Real=0.01s
[17.369s][info][gc,start       ] GC(21) Pause Young (Allocation Failure)
[17.369s][info][gc,task        ] GC(21) Using 6 workers of 6 for evacuation
[17.376s][info][gc,heap        ] GC(21) ParNew: 296215K->33085K(314560K)
[17.376s][info][gc,heap        ] GC(21) CMS: 128411K->128411K(699072K)
[17.376s][info][gc,metaspace   ] GC(21) Metaspace: 163049K(171864K)->163049K(171864K) NonClass: 142046K(146508K)->142046K(146508K) Class: 21003K(25356K)->21003K(25356K)
[17.376s][info][gc             ] GC(21) Pause Young (Allocation Failure) 414M->157M(989M) 7.071ms
[17.376s][info][gc,cpu         ] GC(21) User=0.00s Sys=0.00s Real=0.00s
[17.415s][info][gc,start       ] GC(22) Pause Young (Allocation Failure)
[17.415s][info][gc,task        ] GC(22) Using 6 workers of 6 for evacuation
[17.424s][info][gc,heap        ] GC(22) ParNew: 312701K->23714K(314560K)
[17.424s][info][gc,heap        ] GC(22) CMS: 128411K->153937K(699072K)
[17.424s][info][gc,metaspace   ] GC(22) Metaspace: 163102K(171864K)->163102K(171864K) NonClass: 142089K(146508K)->142089K(146508K) Class: 21012K(25356K)->21012K(25356K)
[17.425s][info][gc             ] GC(22) Pause Young (Allocation Failure) 430M->173M(989M) 9.877ms
[17.425s][info][gc,cpu         ] GC(22) User=0.02s Sys=0.00s Real=0.02s
[17.482s][info][gc,start       ] GC(23) Pause Young (Allocation Failure)
[17.482s][info][gc,task        ] GC(23) Using 6 workers of 6 for evacuation
[17.488s][info][gc,heap        ] GC(23) ParNew: 303330K->19365K(314560K)
[17.488s][info][gc,heap        ] GC(23) CMS: 153937K->168508K(699072K)
[17.488s][info][gc,metaspace   ] GC(23) Metaspace: 163144K(172120K)->163144K(172120K) NonClass: 142125K(146764K)->142125K(146764K) Class: 21019K(25356K)->21019K(25356K)
[17.488s][info][gc             ] GC(23) Pause Young (Allocation Failure) 446M->183M(989M) 5.789ms
[17.488s][info][gc,cpu         ] GC(23) User=0.00s Sys=0.00s Real=0.00s
[17.746s][info][gc,start       ] GC(24) Pause Young (Allocation Failure)
[17.746s][info][gc,task        ] GC(24) Using 6 workers of 6 for evacuation
[17.752s][info][gc,heap        ] GC(24) ParNew: 298981K->16113K(314560K)
[17.752s][info][gc,heap        ] GC(24) CMS: 168508K->182863K(699072K)
[17.752s][info][gc,metaspace   ] GC(24) Metaspace: 163703K(172504K)->163703K(172504K) NonClass: 142628K(147020K)->142628K(147020K) Class: 21075K(25484K)->21075K(25484K)
[17.752s][info][gc             ] GC(24) Pause Young (Allocation Failure) 456M->194M(989M) 5.766ms
[17.752s][info][gc,cpu         ] GC(24) User=0.00s Sys=0.00s Real=0.00s
[18.473s][info][gc,start       ] GC(25) Pause Young (Allocation Failure)
[18.473s][info][gc,task        ] GC(25) Using 6 workers of 6 for evacuation
[18.477s][info][gc,heap        ] GC(25) ParNew: 295729K->17998K(314560K)
[18.477s][info][gc,heap        ] GC(25) CMS: 182863K->182863K(699072K)
[18.477s][info][gc,metaspace   ] GC(25) Metaspace: 164310K(173272K)->164310K(173272K) NonClass: 143216K(147788K)->143216K(147788K) Class: 21093K(25484K)->21093K(25484K)
[18.477s][info][gc             ] GC(25) Pause Young (Allocation Failure) 467M->196M(989M) 3.656ms
[18.477s][info][gc,cpu         ] GC(25) User=0.00s Sys=0.00s Real=0.00s
[19.030s][info][gc,start       ] GC(26) Pause Young (Allocation Failure)
[19.030s][info][gc,task        ] GC(26) Using 6 workers of 6 for evacuation
[19.034s][info][gc,heap        ] GC(26) ParNew: 296638K->21310K(314560K)
[19.034s][info][gc,heap        ] GC(26) CMS: 182863K->182863K(699072K)
[19.034s][info][gc,metaspace   ] GC(26) Metaspace: 164844K(173784K)->164844K(173784K) NonClass: 143709K(148300K)->143709K(148300K) Class: 21135K(25484K)->21135K(25484K)
[19.034s][info][gc             ] GC(26) Pause Young (Allocation Failure) 468M->199M(989M) 4.345ms
[19.034s][info][gc,cpu         ] GC(26) User=0.02s Sys=0.00s Real=0.01s
[19.580s][info][gc,start       ] GC(27) Pause Young (Allocation Failure)
[19.580s][info][gc,task        ] GC(27) Using 6 workers of 6 for evacuation
[19.584s][info][gc,heap        ] GC(27) ParNew: 300926K->17902K(314560K)
[19.584s][info][gc,heap        ] GC(27) CMS: 182863K->182863K(699072K)
[19.584s][info][gc,metaspace   ] GC(27) Metaspace: 165531K(174552K)->165531K(174552K) NonClass: 144319K(148812K)->144319K(148812K) Class: 21211K(25740K)->21211K(25740K)
[19.584s][info][gc             ] GC(27) Pause Young (Allocation Failure) 472M->196M(989M) 4.401ms
[19.584s][info][gc,cpu         ] GC(27) User=0.02s Sys=0.00s Real=0.01s
[19.938s][info][gc,start       ] GC(28) Pause Full (System.gc())
[19.942s][info][gc,phases,start] GC(28) Phase 1: Mark live objects
[20.032s][info][gc,phases      ] GC(28) Phase 1: Mark live objects 90.695ms
[20.032s][info][gc,phases,start] GC(28) Phase 2: Compute new object addresses
[20.051s][info][gc,phases      ] GC(28) Phase 2: Compute new object addresses 18.279ms
[20.051s][info][gc,phases,start] GC(28) Phase 3: Adjust pointers
[20.087s][info][gc,phases      ] GC(28) Phase 3: Adjust pointers 36.611ms
[20.087s][info][gc,phases,start] GC(28) Phase 4: Move objects
[20.106s][info][gc,phases      ] GC(28) Phase 4: Move objects 18.491ms
[20.107s][info][gc,heap        ] GC(28) ParNew: 86118K->0K(314560K)
[20.107s][info][gc,heap        ] GC(28) CMS: 182863K->118114K(699072K)
[20.107s][info][gc,metaspace   ] GC(28) Metaspace: 167266K(176600K)->167266K(176600K) NonClass: 145809K(150604K)->145809K(150604K) Class: 21457K(25996K)->21457K(25996K)
[20.109s][info][gc             ] GC(28) Pause Full (System.gc()) 262M->115M(989M) 171.014ms
[20.109s][info][gc,cpu         ] GC(28) User=0.16s Sys=0.00s Real=0.17s
[20.268s][info][gc,start       ] GC(29) Pause Young (Allocation Failure)
[20.268s][info][gc,task        ] GC(29) Using 6 workers of 6 for evacuation
[20.270s][info][gc,heap        ] GC(29) ParNew: 279616K->5907K(314560K)
[20.270s][info][gc,heap        ] GC(29) CMS: 118114K->118114K(699072K)
[20.270s][info][gc,metaspace   ] GC(29) Metaspace: 164306K(176600K)->164306K(176600K) NonClass: 143839K(150604K)->143839K(150604K) Class: 20467K(25996K)->20467K(25996K)
[20.270s][info][gc             ] GC(29) Pause Young (Allocation Failure) 388M->121M(989M) 2.077ms
[20.270s][info][gc,cpu         ] GC(29) User=0.02s Sys=0.00s Real=0.02s
[20.314s][info][gc,start       ] GC(30) Pause Young (Allocation Failure)
[20.315s][info][gc,task        ] GC(30) Using 6 workers of 6 for evacuation
[20.316s][info][gc,heap        ] GC(30) ParNew: 285523K->1783K(314560K)
[20.316s][info][gc,heap        ] GC(30) CMS: 118114K->118114K(699072K)
[20.316s][info][gc,metaspace   ] GC(30) Metaspace: 164308K(176600K)->164308K(176600K) NonClass: 143840K(150604K)->143840K(150604K) Class: 20467K(25996K)->20467K(25996K)
[20.316s][info][gc             ] GC(30) Pause Young (Allocation Failure) 394M->117M(989M) 2.008ms
[20.316s][info][gc,cpu         ] GC(30) User=0.00s Sys=0.00s Real=0.00s
[20.427s][info][gc,start       ] GC(31) Pause Young (Allocation Failure)
[20.427s][info][gc,task        ] GC(31) Using 6 workers of 6 for evacuation
[20.430s][info][gc,heap        ] GC(31) ParNew: 281399K->8013K(314560K)
[20.430s][info][gc,heap        ] GC(31) CMS: 118114K->118114K(699072K)
[20.430s][info][gc,metaspace   ] GC(31) Metaspace: 164405K(176600K)->164405K(176600K) NonClass: 143938K(150604K)->143938K(150604K) Class: 20467K(25996K)->20467K(25996K)
[20.430s][info][gc             ] GC(31) Pause Young (Allocation Failure) 390M->123M(989M) 3.329ms
[20.430s][info][gc,cpu         ] GC(31) User=0.02s Sys=0.00s Real=0.02s
[20.468s][info][gc,start       ] GC(32) Pause Young (Allocation Failure)
[20.468s][info][gc,task        ] GC(32) Using 6 workers of 6 for evacuation
[20.474s][info][gc,heap        ] GC(32) ParNew: 287629K->25754K(314560K)
[20.474s][info][gc,heap        ] GC(32) CMS: 118114K->118114K(699072K)
[20.474s][info][gc,metaspace   ] GC(32) Metaspace: 164409K(176600K)->164409K(176600K) NonClass: 143942K(150604K)->143942K(150604K) Class: 20467K(25996K)->20467K(25996K)
[20.474s][info][gc             ] GC(32) Pause Young (Allocation Failure) 396M->140M(989M) 5.462ms
[20.474s][info][gc,cpu         ] GC(32) User=0.00s Sys=0.00s Real=0.01s
[20.509s][info][gc,start       ] GC(33) Pause Young (Allocation Failure)
[20.509s][info][gc,task        ] GC(33) Using 6 workers of 6 for evacuation
[20.517s][info][gc,heap        ] GC(33) ParNew: 305370K->26120K(314560K)
[20.517s][info][gc,heap        ] GC(33) CMS: 118114K->135212K(699072K)
[20.517s][info][gc,metaspace   ] GC(33) Metaspace: 164412K(176600K)->164412K(176600K) NonClass: 143945K(150604K)->143945K(150604K) Class: 20467K(25996K)->20467K(25996K)
[20.517s][info][gc             ] GC(33) Pause Young (Allocation Failure) 413M->157M(989M) 8.092ms
[20.517s][info][gc,cpu         ] GC(33) User=0.00s Sys=0.00s Real=0.00s
[20.554s][info][gc,start       ] GC(34) Pause Young (Allocation Failure)
[20.554s][info][gc,task        ] GC(34) Using 6 workers of 6 for evacuation
[20.560s][info][gc,heap        ] GC(34) ParNew: 305736K->22730K(314560K)
[20.560s][info][gc,heap        ] GC(34) CMS: 135212K->149752K(699072K)
[20.560s][info][gc,metaspace   ] GC(34) Metaspace: 164416K(176600K)->164416K(176600K) NonClass: 143949K(150604K)->143949K(150604K) Class: 20467K(25996K)->20467K(25996K)
[20.560s][info][gc             ] GC(34) Pause Young (Allocation Failure) 430M->168M(989M) 6.345ms
[20.560s][info][gc,cpu         ] GC(34) User=0.00s Sys=0.00s Real=0.00s
[20.601s][info][gc,start       ] GC(35) Pause Young (Allocation Failure)
[20.601s][info][gc,task        ] GC(35) Using 6 workers of 6 for evacuation
[20.607s][info][gc,heap        ] GC(35) ParNew: 302346K->19116K(314560K)
[20.607s][info][gc,heap        ] GC(35) CMS: 149752K->164120K(699072K)
[20.607s][info][gc,metaspace   ] GC(35) Metaspace: 164425K(176600K)->164425K(176600K) NonClass: 143957K(150604K)->143957K(150604K) Class: 20467K(25996K)->20467K(25996K)
[20.607s][info][gc             ] GC(35) Pause Young (Allocation Failure) 441M->178M(989M) 6.015ms
[20.607s][info][gc,cpu         ] GC(35) User=0.00s Sys=0.00s Real=0.02s
[20.982s][info][gc,start       ] GC(36) Pause Young (Allocation Failure)
[20.982s][info][gc,task        ] GC(36) Using 6 workers of 6 for evacuation
[20.986s][info][gc,heap        ] GC(36) ParNew: 298732K->12847K(314560K)
[20.986s][info][gc,heap        ] GC(36) CMS: 164120K->178769K(699072K)
[20.986s][info][gc,metaspace   ] GC(36) Metaspace: 164582K(176856K)->164582K(176856K) NonClass: 144115K(150860K)->144115K(150860K) Class: 20467K(25996K)->20467K(25996K)
[20.986s][info][gc             ] GC(36) Pause Young (Allocation Failure) 452M->187M(989M) 4.386ms
[20.987s][info][gc,cpu         ] GC(36) User=0.00s Sys=0.00s Real=0.00s
[21.457s][info][gc,start       ] GC(37) Pause Young (Allocation Failure)
[21.457s][info][gc,task        ] GC(37) Using 6 workers of 6 for evacuation
[21.460s][info][gc,heap        ] GC(37) ParNew: 292463K->9055K(314560K)
[21.460s][info][gc,heap        ] GC(37) CMS: 178769K->178769K(699072K)
[21.460s][info][gc,metaspace   ] GC(37) Metaspace: 164931K(177112K)->164931K(177112K) NonClass: 144464K(151116K)->144464K(151116K) Class: 20467K(25996K)->20467K(25996K)
[21.460s][info][gc             ] GC(37) Pause Young (Allocation Failure) 460M->183M(989M) 2.729ms
[21.460s][info][gc,cpu         ] GC(37) User=0.00s Sys=0.00s Real=0.00s
[21.896s][info][gc,start       ] GC(38) Pause Young (Allocation Failure)
[21.896s][info][gc,task        ] GC(38) Using 6 workers of 6 for evacuation
[21.899s][info][gc,heap        ] GC(38) ParNew: 287649K->8942K(314560K)
[21.899s][info][gc,heap        ] GC(38) CMS: 178769K->178769K(699072K)
[21.899s][info][gc,metaspace   ] GC(38) Metaspace: 165113K(177112K)->165113K(177112K) NonClass: 144645K(151116K)->144645K(151116K) Class: 20467K(25996K)->20467K(25996K)
[21.899s][info][gc             ] GC(38) Pause Young (Allocation Failure) 455M->183M(989M) 2.976ms
[21.899s][info][gc,cpu         ] GC(38) User=0.00s Sys=0.00s Real=0.00s
[22.179s][info][gc,start       ] GC(39) Pause Full (System.gc())
[22.182s][info][gc,phases,start] GC(39) Phase 1: Mark live objects
[22.256s][info][gc,phases      ] GC(39) Phase 1: Mark live objects 73.631ms
[22.256s][info][gc,phases,start] GC(39) Phase 2: Compute new object addresses
[22.276s][info][gc,phases      ] GC(39) Phase 2: Compute new object addresses 20.044ms
[22.276s][info][gc,phases,start] GC(39) Phase 3: Adjust pointers
[22.314s][info][gc,phases      ] GC(39) Phase 3: Adjust pointers 38.248ms
[22.314s][info][gc,phases,start] GC(39) Phase 4: Move objects
[22.331s][info][gc,phases      ] GC(39) Phase 4: Move objects 16.824ms
[22.332s][info][gc,heap        ] GC(39) ParNew: 133259K->0K(314560K)
[22.332s][info][gc,heap        ] GC(39) CMS: 178769K->118997K(699072K)
[22.332s][info][gc,metaspace   ] GC(39) Metaspace: 165443K(177624K)->165443K(177624K) NonClass: 144976K(151628K)->144976K(151628K) Class: 20467K(25996K)->20467K(25996K)
[22.332s][info][gc             ] GC(39) Pause Full (System.gc()) 304M->116M(989M) 153.024ms
[22.332s][info][gc,cpu         ] GC(39) User=0.14s Sys=0.00s Real=0.15s
[22.473s][info][gc,start       ] GC(40) Pause Young (Allocation Failure)
[22.473s][info][gc,task        ] GC(40) Using 6 workers of 6 for evacuation
[22.475s][info][gc,heap        ] GC(40) ParNew: 279616K->3010K(314560K)
[22.475s][info][gc,heap        ] GC(40) CMS: 118997K->118997K(699072K)
[22.475s][info][gc,metaspace   ] GC(40) Metaspace: 165603K(177624K)->165603K(177624K) NonClass: 145135K(151628K)->145135K(151628K) Class: 20467K(25996K)->20467K(25996K)
[22.475s][info][gc             ] GC(40) Pause Young (Allocation Failure) 389M->119M(989M) 2.042ms
[22.475s][info][gc,cpu         ] GC(40) User=0.00s Sys=0.00s Real=0.00s
[22.503s][info][gc,start       ] GC(41) Pause Young (Allocation Failure)
[22.504s][info][gc,task        ] GC(41) Using 6 workers of 6 for evacuation
[22.505s][info][gc,heap        ] GC(41) ParNew: 282626K->1823K(314560K)
[22.505s][info][gc,heap        ] GC(41) CMS: 118997K->118997K(699072K)
[22.505s][info][gc,metaspace   ] GC(41) Metaspace: 165603K(177624K)->165603K(177624K) NonClass: 145135K(151628K)->145135K(151628K) Class: 20467K(25996K)->20467K(25996K)
[22.505s][info][gc             ] GC(41) Pause Young (Allocation Failure) 392M->117M(989M) 1.707ms
[22.505s][info][gc,cpu         ] GC(41) User=0.00s Sys=0.00s Real=0.00s
[22.600s][info][gc,start       ] GC(42) Pause Young (Allocation Failure)
[22.600s][info][gc,task        ] GC(42) Using 6 workers of 6 for evacuation
[22.603s][info][gc,heap        ] GC(42) ParNew: 281439K->8838K(314560K)
[22.603s][info][gc,heap        ] GC(42) CMS: 118997K->118997K(699072K)
[22.603s][info][gc,metaspace   ] GC(42) Metaspace: 165638K(177624K)->165638K(177624K) NonClass: 145171K(151628K)->145171K(151628K) Class: 20467K(25996K)->20467K(25996K)
[22.603s][info][gc             ] GC(42) Pause Young (Allocation Failure) 391M->124M(989M) 3.153ms
[22.603s][info][gc,cpu         ] GC(42) User=0.00s Sys=0.00s Real=0.00s
[22.638s][info][gc,start       ] GC(43) Pause Young (Allocation Failure)
[22.638s][info][gc,task        ] GC(43) Using 6 workers of 6 for evacuation
[22.643s][info][gc,heap        ] GC(43) ParNew: 288454K->26035K(314560K)
[22.643s][info][gc,heap        ] GC(43) CMS: 118997K->118997K(699072K)
[22.643s][info][gc,metaspace   ] GC(43) Metaspace: 165639K(177624K)->165639K(177624K) NonClass: 145171K(151628K)->145171K(151628K) Class: 20467K(25996K)->20467K(25996K)
[22.643s][info][gc             ] GC(43) Pause Young (Allocation Failure) 397M->141M(989M) 5.183ms
[22.643s][info][gc,cpu         ] GC(43) User=0.00s Sys=0.00s Real=0.02s
[22.678s][info][gc,start       ] GC(44) Pause Young (Allocation Failure)
[22.678s][info][gc,task        ] GC(44) Using 6 workers of 6 for evacuation
[22.686s][info][gc,heap        ] GC(44) ParNew: 305651K->24631K(314560K)
[22.686s][info][gc,heap        ] GC(44) CMS: 118997K->136318K(699072K)
[22.686s][info][gc,metaspace   ] GC(44) Metaspace: 165641K(177624K)->165641K(177624K) NonClass: 145173K(151628K)->145173K(151628K) Class: 20467K(25996K)->20467K(25996K)
[22.686s][info][gc             ] GC(44) Pause Young (Allocation Failure) 414M->157M(989M) 7.574ms
[22.686s][info][gc,cpu         ] GC(44) User=0.00s Sys=0.00s Real=0.00s
[22.720s][info][gc,start       ] GC(45) Pause Young (Allocation Failure)
[22.721s][info][gc,task        ] GC(45) Using 6 workers of 6 for evacuation
[22.727s][info][gc,heap        ] GC(45) ParNew: 304247K->27426K(314560K)
[22.727s][info][gc,heap        ] GC(45) CMS: 136318K->150520K(699072K)
[22.727s][info][gc,metaspace   ] GC(45) Metaspace: 165644K(177624K)->165644K(177624K) NonClass: 145176K(151628K)->145176K(151628K) Class: 20467K(25996K)->20467K(25996K)
[22.727s][info][gc             ] GC(45) Pause Young (Allocation Failure) 430M->173M(989M) 6.814ms
[22.727s][info][gc,cpu         ] GC(45) User=0.02s Sys=0.00s Real=0.02s
[22.767s][info][gc,start       ] GC(46) Pause Young (Allocation Failure)
[22.767s][info][gc,task        ] GC(46) Using 6 workers of 6 for evacuation
[22.773s][info][gc,heap        ] GC(46) ParNew: 307042K->20234K(314560K)
[22.773s][info][gc,heap        ] GC(46) CMS: 150520K->162837K(699072K)
[22.773s][info][gc,metaspace   ] GC(46) Metaspace: 165679K(177624K)->165679K(177624K) NonClass: 145211K(151628K)->145211K(151628K) Class: 20467K(25996K)->20467K(25996K)
[22.773s][info][gc             ] GC(46) Pause Young (Allocation Failure) 446M->178M(989M) 5.807ms
[22.773s][info][gc,cpu         ] GC(46) User=0.02s Sys=0.00s Real=0.02s
[23.151s][info][gc,start       ] GC(47) Pause Young (Allocation Failure)
[23.152s][info][gc,task        ] GC(47) Using 6 workers of 6 for evacuation
[23.156s][info][gc,heap        ] GC(47) ParNew: 299013K->14333K(314560K)
[23.156s][info][gc,heap        ] GC(47) CMS: 162837K->180972K(699072K)
[23.156s][info][gc,metaspace   ] GC(47) Metaspace: 165883K(177880K)->165883K(177880K) NonClass: 145416K(151884K)->145416K(151884K) Class: 20467K(25996K)->20467K(25996K)
[23.156s][info][gc             ] GC(47) Pause Young (Allocation Failure) 451M->190M(989M) 4.773ms
[23.156s][info][gc,cpu         ] GC(47) User=0.00s Sys=0.00s Real=0.00s
[23.570s][info][gc,start       ] GC(48) Pause Young (Allocation Failure)
[23.570s][info][gc,task        ] GC(48) Using 6 workers of 6 for evacuation
[23.572s][info][gc,heap        ] GC(48) ParNew: 290298K->7338K(314560K)
[23.572s][info][gc,heap        ] GC(48) CMS: 180972K->180972K(699072K)
[23.572s][info][gc,metaspace   ] GC(48) Metaspace: 165939K(177880K)->165939K(177880K) NonClass: 145471K(151884K)->145471K(151884K) Class: 20467K(25996K)->20467K(25996K)
[23.572s][info][gc             ] GC(48) Pause Young (Allocation Failure) 460M->183M(989M) 2.580ms
[23.572s][info][gc,cpu         ] GC(48) User=0.00s Sys=0.00s Real=0.00s
[24.015s][info][gc,start       ] GC(49) Pause Young (Allocation Failure)
[24.015s][info][gc,task        ] GC(49) Using 6 workers of 6 for evacuation
[24.018s][info][gc,heap        ] GC(49) ParNew: 286701K->7449K(314560K)
[24.018s][info][gc,heap        ] GC(49) CMS: 180972K->180972K(699072K)
[24.018s][info][gc,metaspace   ] GC(49) Metaspace: 166237K(178136K)->166237K(178136K) NonClass: 145765K(152140K)->145765K(152140K) Class: 20471K(25996K)->20471K(25996K)
[24.018s][info][gc             ] GC(49) Pause Young (Allocation Failure) 456M->184M(989M) 2.896ms
[24.018s][info][gc,cpu         ] GC(49) User=0.00s Sys=0.00s Real=0.00s
[24.265s][info][gc,start       ] GC(50) Pause Full (System.gc())
[24.268s][info][gc,phases,start] GC(50) Phase 1: Mark live objects
[24.342s][info][gc,phases      ] GC(50) Phase 1: Mark live objects 73.675ms
[24.342s][info][gc,phases,start] GC(50) Phase 2: Compute new object addresses
[24.361s][info][gc,phases      ] GC(50) Phase 2: Compute new object addresses 19.323ms
[24.361s][info][gc,phases,start] GC(50) Phase 3: Adjust pointers
[24.401s][info][gc,phases      ] GC(50) Phase 3: Adjust pointers 39.269ms
[24.401s][info][gc,phases,start] GC(50) Phase 4: Move objects
[24.418s][info][gc,phases      ] GC(50) Phase 4: Move objects 16.855ms
[24.419s][info][gc,heap        ] GC(50) ParNew: 115694K->0K(314560K)
[24.419s][info][gc,heap        ] GC(50) CMS: 180972K->119408K(699072K)
[24.419s][info][gc,metaspace   ] GC(50) Metaspace: 166405K(178136K)->166405K(178136K) NonClass: 145933K(152140K)->145933K(152140K) Class: 20471K(25996K)->20471K(25996K)
[24.419s][info][gc             ] GC(50) Pause Full (System.gc()) 289M->116M(989M) 153.414ms
[24.419s][info][gc,cpu         ] GC(50) User=0.22s Sys=0.00s Real=0.16s
[24.540s][info][gc,start       ] GC(51) Pause Young (Allocation Failure)
[24.540s][info][gc,task        ] GC(51) Using 6 workers of 6 for evacuation
[24.542s][info][gc,heap        ] GC(51) ParNew: 279616K->3476K(314560K)
[24.542s][info][gc,heap        ] GC(51) CMS: 119408K->119408K(699072K)
[24.542s][info][gc,metaspace   ] GC(51) Metaspace: 166513K(178392K)->166513K(178392K) NonClass: 146041K(152396K)->146041K(152396K) Class: 20472K(25996K)->20472K(25996K)
[24.542s][info][gc             ] GC(51) Pause Young (Allocation Failure) 389M->120M(989M) 2.124ms
[24.542s][info][gc,cpu         ] GC(51) User=0.00s Sys=0.00s Real=0.00s
[24.571s][info][gc,start       ] GC(52) Pause Young (Allocation Failure)
[24.571s][info][gc,task        ] GC(52) Using 6 workers of 6 for evacuation
[24.573s][info][gc,heap        ] GC(52) ParNew: 283092K->1767K(314560K)
[24.573s][info][gc,heap        ] GC(52) CMS: 119408K->119408K(699072K)
[24.573s][info][gc,metaspace   ] GC(52) Metaspace: 166513K(178392K)->166513K(178392K) NonClass: 146041K(152396K)->146041K(152396K) Class: 20472K(25996K)->20472K(25996K)
[24.573s][info][gc             ] GC(52) Pause Young (Allocation Failure) 393M->118M(989M) 1.905ms
[24.573s][info][gc,cpu         ] GC(52) User=0.00s Sys=0.00s Real=0.00s
[24.666s][info][gc,start       ] GC(53) Pause Young (Allocation Failure)
[24.666s][info][gc,task        ] GC(53) Using 6 workers of 6 for evacuation
[24.669s][info][gc,heap        ] GC(53) ParNew: 281383K->10874K(314560K)
[24.669s][info][gc,heap        ] GC(53) CMS: 119408K->119408K(699072K)
[24.669s][info][gc,metaspace   ] GC(53) Metaspace: 166540K(178392K)->166540K(178392K) NonClass: 146068K(152396K)->146068K(152396K) Class: 20472K(25996K)->20472K(25996K)
[24.669s][info][gc             ] GC(53) Pause Young (Allocation Failure) 391M->127M(989M) 3.283ms
[24.669s][info][gc,cpu         ] GC(53) User=0.02s Sys=0.00s Real=0.02s
[24.700s][info][gc,start       ] GC(54) Pause Young (Allocation Failure)
[24.700s][info][gc,task        ] GC(54) Using 6 workers of 6 for evacuation
[24.705s][info][gc,heap        ] GC(54) ParNew: 290490K->28701K(314560K)
[24.705s][info][gc,heap        ] GC(54) CMS: 119408K->119408K(699072K)
[24.705s][info][gc,metaspace   ] GC(54) Metaspace: 166540K(178392K)->166540K(178392K) NonClass: 146068K(152396K)->146068K(152396K) Class: 20472K(25996K)->20472K(25996K)
[24.705s][info][gc             ] GC(54) Pause Young (Allocation Failure) 400M->144M(989M) 5.225ms
[24.705s][info][gc,cpu         ] GC(54) User=0.00s Sys=0.00s Real=0.02s
[24.736s][info][gc,start       ] GC(55) Pause Young (Allocation Failure)
[24.736s][info][gc,task        ] GC(55) Using 6 workers of 6 for evacuation
[24.743s][info][gc,heap        ] GC(55) ParNew: 308317K->26015K(314560K)
[24.744s][info][gc,heap        ] GC(55) CMS: 119408K->137868K(699072K)
[24.744s][info][gc,metaspace   ] GC(55) Metaspace: 166543K(178392K)->166543K(178392K) NonClass: 146070K(152396K)->146070K(152396K) Class: 20472K(25996K)->20472K(25996K)
[24.744s][info][gc             ] GC(55) Pause Young (Allocation Failure) 417M->160M(989M) 7.218ms
[24.744s][info][gc,cpu         ] GC(55) User=0.00s Sys=0.00s Real=0.00s
[24.774s][info][gc,start       ] GC(56) Pause Young (Allocation Failure)
[24.774s][info][gc,task        ] GC(56) Using 6 workers of 6 for evacuation
[24.781s][info][gc,heap        ] GC(56) ParNew: 305631K->22231K(314560K)
[24.781s][info][gc,heap        ] GC(56) CMS: 137868K->151068K(699072K)
[24.781s][info][gc,metaspace   ] GC(56) Metaspace: 166543K(178392K)->166543K(178392K) NonClass: 146071K(152396K)->146071K(152396K) Class: 20472K(25996K)->20472K(25996K)
[24.781s][info][gc             ] GC(56) Pause Young (Allocation Failure) 433M->169M(989M) 6.247ms
[24.781s][info][gc,cpu         ] GC(56) User=0.02s Sys=0.00s Real=0.02s
[24.811s][info][gc,start       ] GC(57) Pause Young (Allocation Failure)
[24.812s][info][gc,task        ] GC(57) Using 6 workers of 6 for evacuation
[24.817s][info][gc,heap        ] GC(57) ParNew: 301847K->20355K(314560K)
[24.817s][info][gc,heap        ] GC(57) CMS: 151068K->165429K(699072K)
[24.817s][info][gc,metaspace   ] GC(57) Metaspace: 166545K(178392K)->166545K(178392K) NonClass: 146073K(152396K)->146073K(152396K) Class: 20472K(25996K)->20472K(25996K)
[24.817s][info][gc             ] GC(57) Pause Young (Allocation Failure) 442M->181M(989M) 5.817ms
[24.817s][info][gc,cpu         ] GC(57) User=0.00s Sys=0.00s Real=0.00s
[24.818s][info][gc,start       ] GC(58) Pause Initial Mark
[24.819s][info][gc             ] GC(58) Pause Initial Mark 186M->186M(989M) 0.968ms
[24.819s][info][gc,cpu         ] GC(58) User=0.00s Sys=0.00s Real=0.00s
[24.819s][info][gc             ] GC(58) Concurrent Mark
[24.819s][info][gc,task        ] GC(58) Using 2 workers of 2 for marking
[24.848s][info][gc             ] GC(58) Concurrent Mark 29.077ms
[24.848s][info][gc,cpu         ] GC(58) User=0.03s Sys=0.00s Real=0.03s
[24.848s][info][gc             ] GC(58) Concurrent Preclean
[24.852s][info][gc             ] GC(58) Concurrent Preclean 4.220ms
[24.852s][info][gc,cpu         ] GC(58) User=0.00s Sys=0.00s Real=0.00s
[24.852s][info][gc             ] GC(58) Concurrent Abortable Preclean
[25.153s][info][gc,start       ] GC(59) Pause Young (Allocation Failure)
[25.153s][info][gc,task        ] GC(59) Using 6 workers of 6 for evacuation
[25.158s][info][gc,heap        ] GC(59) ParNew: 296555K->13517K(314560K)
[25.158s][info][gc,heap        ] GC(59) CMS: 165429K->180805K(699072K)
[25.158s][info][gc,metaspace   ] GC(59) Metaspace: 166584K(178392K)->166584K(178392K) NonClass: 146111K(152396K)->146111K(152396K) Class: 20472K(25996K)->20472K(25996K)
[25.158s][info][gc             ] GC(59) Pause Young (Allocation Failure) 451M->189M(989M) 4.855ms
[25.158s][info][gc,cpu         ] GC(59) User=0.02s Sys=0.00s Real=0.02s
[25.379s][info][gc             ] GC(58) Concurrent Abortable Preclean 527.007ms
[25.380s][info][gc,cpu         ] GC(58) User=0.16s Sys=0.02s Real=0.53s
[25.380s][info][gc,start       ] GC(58) Pause Remark
[25.421s][info][gc             ] GC(58) Pause Remark 347M->347M(989M) 40.211ms
[25.421s][info][gc,cpu         ] GC(58) User=0.00s Sys=0.00s Real=0.03s
[25.421s][info][gc             ] GC(58) Concurrent Sweep
[25.430s][info][gc             ] GC(58) Concurrent Sweep 9.665ms
[25.431s][info][gc,cpu         ] GC(58) User=0.02s Sys=0.00s Real=0.01s
[25.431s][info][gc             ] GC(58) Concurrent Reset
[25.432s][info][gc             ] GC(58) Concurrent Reset 1.538ms
[25.432s][info][gc,cpu         ] GC(58) User=0.00s Sys=0.00s Real=0.00s
[25.432s][info][gc,heap        ] GC(58) Old: 165429K->179585K(699072K)
[25.583s][info][gc,start       ] GC(60) Pause Young (Allocation Failure)
[25.583s][info][gc,task        ] GC(60) Using 6 workers of 6 for evacuation
[25.585s][info][gc,heap        ] GC(60) ParNew: 289786K->10039K(314560K)
[25.585s][info][gc,heap        ] GC(60) CMS: 179585K->179585K(699072K)
[25.585s][info][gc,metaspace   ] GC(60) Metaspace: 166653K(178392K)->166653K(178392K) NonClass: 146180K(152396K)->146180K(152396K) Class: 20472K(25996K)->20472K(25996K)
[25.585s][info][gc             ] GC(60) Pause Young (Allocation Failure) 458M->185M(989M) 2.712ms
[25.585s][info][gc,cpu         ] GC(60) User=0.00s Sys=0.00s Real=0.00s
[26.001s][info][gc,start       ] GC(61) Pause Young (Allocation Failure)
[26.001s][info][gc,task        ] GC(61) Using 6 workers of 6 for evacuation
[26.004s][info][gc,heap        ] GC(61) ParNew: 289093K->7982K(314560K)
[26.004s][info][gc,heap        ] GC(61) CMS: 179585K->179585K(699072K)
[26.004s][info][gc,metaspace   ] GC(61) Metaspace: 166807K(178648K)->166807K(178648K) NonClass: 146335K(152652K)->146335K(152652K) Class: 20472K(25996K)->20472K(25996K)
[26.004s][info][gc             ] GC(61) Pause Young (Allocation Failure) 457M->183M(989M) 2.937ms
[26.004s][info][gc,cpu         ] GC(61) User=0.00s Sys=0.00s Real=0.02s
[26.241s][info][gc,start       ] GC(62) Pause Full (System.gc())
[26.244s][info][gc,phases,start] GC(62) Phase 1: Mark live objects
[26.316s][info][gc,phases      ] GC(62) Phase 1: Mark live objects 72.119ms
[26.316s][info][gc,phases,start] GC(62) Phase 2: Compute new object addresses
[26.336s][info][gc,phases      ] GC(62) Phase 2: Compute new object addresses 19.309ms
[26.336s][info][gc,phases,start] GC(62) Phase 3: Adjust pointers
[26.376s][info][gc,phases      ] GC(62) Phase 3: Adjust pointers 39.950ms
[26.376s][info][gc,phases,start] GC(62) Phase 4: Move objects
[26.392s][info][gc,phases      ] GC(62) Phase 4: Move objects 16.645ms
[26.393s][info][gc,heap        ] GC(62) ParNew: 115043K->0K(314560K)
[26.393s][info][gc,heap        ] GC(62) CMS: 179585K->119795K(699072K)
[26.393s][info][gc,metaspace   ] GC(62) Metaspace: 166927K(178648K)->166927K(178648K) NonClass: 146453K(152652K)->146453K(152652K) Class: 20474K(25996K)->20474K(25996K)
[26.394s][info][gc             ] GC(62) Pause Full (System.gc()) 287M->116M(989M) 152.301ms
[26.394s][info][gc,cpu         ] GC(62) User=0.14s Sys=0.00s Real=0.14s
[26.504s][info][gc,start       ] GC(63) Pause Young (Allocation Failure)
[26.504s][info][gc,task        ] GC(63) Using 6 workers of 6 for evacuation
[26.506s][info][gc,heap        ] GC(63) ParNew: 279616K->3195K(314560K)
[26.506s][info][gc,heap        ] GC(63) CMS: 119795K->119795K(699072K)
[26.506s][info][gc,metaspace   ] GC(63) Metaspace: 167040K(178648K)->167040K(178648K) NonClass: 146565K(152652K)->146565K(152652K) Class: 20474K(25996K)->20474K(25996K)
[26.506s][info][gc             ] GC(63) Pause Young (Allocation Failure) 390M->120M(989M) 2.038ms
[26.506s][info][gc,cpu         ] GC(63) User=0.00s Sys=0.00s Real=0.00s
[26.534s][info][gc,start       ] GC(64) Pause Young (Allocation Failure)
[26.534s][info][gc,task        ] GC(64) Using 6 workers of 6 for evacuation
[26.536s][info][gc,heap        ] GC(64) ParNew: 282811K->1872K(314560K)
[26.536s][info][gc,heap        ] GC(64) CMS: 119795K->119795K(699072K)
[26.536s][info][gc,metaspace   ] GC(64) Metaspace: 167040K(178648K)->167040K(178648K) NonClass: 146565K(152652K)->146565K(152652K) Class: 20474K(25996K)->20474K(25996K)
[26.536s][info][gc             ] GC(64) Pause Young (Allocation Failure) 393M->118M(989M) 1.812ms
[26.536s][info][gc,cpu         ] GC(64) User=0.00s Sys=0.00s Real=0.00s
[26.622s][info][gc,start       ] GC(65) Pause Young (Allocation Failure)
[26.622s][info][gc,task        ] GC(65) Using 6 workers of 6 for evacuation
[26.625s][info][gc,heap        ] GC(65) ParNew: 281488K->9208K(314560K)
[26.625s][info][gc,heap        ] GC(65) CMS: 119795K->119795K(699072K)
[26.625s][info][gc,metaspace   ] GC(65) Metaspace: 167052K(178648K)->167052K(178648K) NonClass: 146578K(152652K)->146578K(152652K) Class: 20474K(25996K)->20474K(25996K)
[26.625s][info][gc             ] GC(65) Pause Young (Allocation Failure) 391M->125M(989M) 2.995ms
[26.625s][info][gc,cpu         ] GC(65) User=0.02s Sys=0.00s Real=0.00s
[26.660s][info][gc,start       ] GC(66) Pause Young (Allocation Failure)
[26.660s][info][gc,task        ] GC(66) Using 6 workers of 6 for evacuation
[26.665s][info][gc,heap        ] GC(66) ParNew: 288824K->28504K(314560K)
[26.666s][info][gc,heap        ] GC(66) CMS: 119795K->119795K(699072K)
[26.666s][info][gc,metaspace   ] GC(66) Metaspace: 167052K(178648K)->167052K(178648K) NonClass: 146578K(152652K)->146578K(152652K) Class: 20474K(25996K)->20474K(25996K)
[26.666s][info][gc             ] GC(66) Pause Young (Allocation Failure) 399M->144M(989M) 5.931ms
[26.666s][info][gc,cpu         ] GC(66) User=0.02s Sys=0.00s Real=0.02s
[26.700s][info][gc,start       ] GC(67) Pause Young (Allocation Failure)
[26.700s][info][gc,task        ] GC(67) Using 6 workers of 6 for evacuation
[26.707s][info][gc,heap        ] GC(67) ParNew: 308120K->27295K(314560K)
[26.707s][info][gc,heap        ] GC(67) CMS: 119795K->136241K(699072K)
[26.707s][info][gc,metaspace   ] GC(67) Metaspace: 167052K(178648K)->167052K(178648K) NonClass: 146578K(152652K)->146578K(152652K) Class: 20474K(25996K)->20474K(25996K)
[26.707s][info][gc             ] GC(67) Pause Young (Allocation Failure) 417M->159M(989M) 6.907ms
[26.707s][info][gc,cpu         ] GC(67) User=0.00s Sys=0.00s Real=0.00s
[26.740s][info][gc,start       ] GC(68) Pause Young (Allocation Failure)
[26.740s][info][gc,task        ] GC(68) Using 6 workers of 6 for evacuation
[26.747s][info][gc,heap        ] GC(68) ParNew: 306911K->22871K(314560K)
[26.747s][info][gc,heap        ] GC(68) CMS: 136241K->152489K(699072K)
[26.747s][info][gc,metaspace   ] GC(68) Metaspace: 167052K(178648K)->167052K(178648K) NonClass: 146578K(152652K)->146578K(152652K) Class: 20474K(25996K)->20474K(25996K)
[26.747s][info][gc             ] GC(68) Pause Young (Allocation Failure) 432M->171M(989M) 6.854ms
[26.747s][info][gc,cpu         ] GC(68) User=0.02s Sys=0.00s Real=0.02s
[26.780s][info][gc,start       ] GC(69) Pause Young (Allocation Failure)
[26.780s][info][gc,task        ] GC(69) Using 6 workers of 6 for evacuation
[26.786s][info][gc,heap        ] GC(69) ParNew: 302487K->24083K(314560K)
[26.786s][info][gc,heap        ] GC(69) CMS: 152489K->165840K(699072K)
[26.786s][info][gc,metaspace   ] GC(69) Metaspace: 167052K(178648K)->167052K(178648K) NonClass: 146578K(152652K)->146578K(152652K) Class: 20474K(25996K)->20474K(25996K)
[26.786s][info][gc             ] GC(69) Pause Young (Allocation Failure) 444M->185M(989M) 5.861ms
[26.786s][info][gc,cpu         ] GC(69) User=0.02s Sys=0.00s Real=0.01s
[27.118s][info][gc,start       ] GC(70) Pause Young (Allocation Failure)
[27.119s][info][gc,task        ] GC(70) Using 6 workers of 6 for evacuation
[27.123s][info][gc,heap        ] GC(70) ParNew: 301118K->14360K(314560K)
[27.123s][info][gc,heap        ] GC(70) CMS: 165840K->180039K(699072K)
[27.123s][info][gc,metaspace   ] GC(70) Metaspace: 167091K(178648K)->167091K(178648K) NonClass: 146617K(152652K)->146617K(152652K) Class: 20474K(25996K)->20474K(25996K)
[27.123s][info][gc             ] GC(70) Pause Young (Allocation Failure) 456M->189M(989M) 4.407ms
[27.123s][info][gc,cpu         ] GC(70) User=0.02s Sys=0.00s Real=0.02s
[27.509s][info][gc,start       ] GC(71) Pause Young (Allocation Failure)
[27.509s][info][gc,task        ] GC(71) Using 6 workers of 6 for evacuation
[27.512s][info][gc,heap        ] GC(71) ParNew: 293976K->11288K(314560K)
[27.512s][info][gc,heap        ] GC(71) CMS: 180039K->180039K(699072K)
[27.512s][info][gc,metaspace   ] GC(71) Metaspace: 167128K(178904K)->167128K(178904K) NonClass: 146653K(152908K)->146653K(152908K) Class: 20474K(25996K)->20474K(25996K)
[27.512s][info][gc             ] GC(71) Pause Young (Allocation Failure) 462M->186M(989M) 2.928ms
[27.512s][info][gc,cpu         ] GC(71) User=0.00s Sys=0.00s Real=0.00s
[27.926s][info][gc,start       ] GC(72) Pause Young (Allocation Failure)
[27.926s][info][gc,task        ] GC(72) Using 6 workers of 6 for evacuation
[27.929s][info][gc,heap        ] GC(72) ParNew: 288547K->9527K(314560K)
[27.929s][info][gc,heap        ] GC(72) CMS: 180039K->180039K(699072K)
[27.929s][info][gc,metaspace   ] GC(72) Metaspace: 167159K(178904K)->167159K(178904K) NonClass: 146683K(152908K)->146683K(152908K) Class: 20476K(25996K)->20476K(25996K)
[27.929s][info][gc             ] GC(72) Pause Young (Allocation Failure) 457M->185M(989M) 2.927ms
[27.929s][info][gc,cpu         ] GC(72) User=0.00s Sys=0.00s Real=0.00s
[28.144s][info][gc,start       ] GC(73) Pause Full (System.gc())
[28.146s][info][gc,phases,start] GC(73) Phase 1: Mark live objects
[28.220s][info][gc,phases      ] GC(73) Phase 1: Mark live objects 73.717ms
[28.220s][info][gc,phases,start] GC(73) Phase 2: Compute new object addresses
[28.239s][info][gc,phases      ] GC(73) Phase 2: Compute new object addresses 19.294ms
[28.239s][info][gc,phases,start] GC(73) Phase 3: Adjust pointers
[28.280s][info][gc,phases      ] GC(73) Phase 3: Adjust pointers 40.655ms
[28.280s][info][gc,phases,start] GC(73) Phase 4: Move objects
[28.297s][info][gc,phases      ] GC(73) Phase 4: Move objects 17.140ms
[28.298s][info][gc,heap        ] GC(73) ParNew: 117206K->0K(314560K)
[28.298s][info][gc,heap        ] GC(73) CMS: 180039K->120166K(699072K)
[28.298s][info][gc,metaspace   ] GC(73) Metaspace: 167263K(178904K)->167263K(178904K) NonClass: 146786K(152908K)->146786K(152908K) Class: 20476K(25996K)->20476K(25996K)
[28.298s][info][gc             ] GC(73) Pause Full (System.gc()) 290M->117M(989M) 154.620ms
[28.298s][info][gc,cpu         ] GC(73) User=0.14s Sys=0.00s Real=0.16s
[28.411s][info][gc,start       ] GC(74) Pause Young (Allocation Failure)
[28.411s][info][gc,task        ] GC(74) Using 6 workers of 6 for evacuation
[28.413s][info][gc,heap        ] GC(74) ParNew: 279616K->2981K(314560K)
[28.413s][info][gc,heap        ] GC(74) CMS: 120166K->120166K(699072K)
[28.413s][info][gc,metaspace   ] GC(74) Metaspace: 167350K(178904K)->167350K(178904K) NonClass: 146873K(152908K)->146873K(152908K) Class: 20476K(25996K)->20476K(25996K)
[28.413s][info][gc             ] GC(74) Pause Young (Allocation Failure) 390M->120M(989M) 2.003ms
[28.413s][info][gc,cpu         ] GC(74) User=0.00s Sys=0.00s Real=0.00s
[28.442s][info][gc,start       ] GC(75) Pause Young (Allocation Failure)
[28.442s][info][gc,task        ] GC(75) Using 6 workers of 6 for evacuation
[28.444s][info][gc,heap        ] GC(75) ParNew: 282597K->2007K(314560K)
[28.444s][info][gc,heap        ] GC(75) CMS: 120166K->120166K(699072K)
[28.444s][info][gc,metaspace   ] GC(75) Metaspace: 167351K(178904K)->167351K(178904K) NonClass: 146874K(152908K)->146874K(152908K) Class: 20476K(25996K)->20476K(25996K)
[28.444s][info][gc             ] GC(75) Pause Young (Allocation Failure) 393M->119M(989M) 1.889ms
[28.444s][info][gc,cpu         ] GC(75) User=0.00s Sys=0.00s Real=0.00s
[28.528s][info][gc,start       ] GC(76) Pause Young (Allocation Failure)
[28.528s][info][gc,task        ] GC(76) Using 6 workers of 6 for evacuation
[28.531s][info][gc,heap        ] GC(76) ParNew: 281623K->12568K(314560K)
[28.531s][info][gc,heap        ] GC(76) CMS: 120166K->120166K(699072K)
[28.531s][info][gc,metaspace   ] GC(76) Metaspace: 167373K(178904K)->167373K(178904K) NonClass: 146896K(152908K)->146896K(152908K) Class: 20476K(25996K)->20476K(25996K)
[28.531s][info][gc             ] GC(76) Pause Young (Allocation Failure) 392M->129M(989M) 3.559ms
[28.531s][info][gc,cpu         ] GC(76) User=0.00s Sys=0.00s Real=0.00s
[28.562s][info][gc,start       ] GC(77) Pause Young (Allocation Failure)
[28.562s][info][gc,task        ] GC(77) Using 6 workers of 6 for evacuation
[28.567s][info][gc,heap        ] GC(77) ParNew: 292184K->24797K(314560K)
[28.567s][info][gc,heap        ] GC(77) CMS: 120166K->120166K(699072K)
[28.567s][info][gc,metaspace   ] GC(77) Metaspace: 167373K(178904K)->167373K(178904K) NonClass: 146896K(152908K)->146896K(152908K) Class: 20476K(25996K)->20476K(25996K)
[28.567s][info][gc             ] GC(77) Pause Young (Allocation Failure) 402M->141M(989M) 4.940ms
[28.567s][info][gc,cpu         ] GC(77) User=0.02s Sys=0.00s Real=0.02s
[28.598s][info][gc,start       ] GC(78) Pause Young (Allocation Failure)
[28.598s][info][gc,task        ] GC(78) Using 6 workers of 6 for evacuation
[28.605s][info][gc,heap        ] GC(78) ParNew: 304240K->23494K(314560K)
[28.605s][info][gc,heap        ] GC(78) CMS: 120166K->138313K(699072K)
[28.605s][info][gc,metaspace   ] GC(78) Metaspace: 167374K(178904K)->167374K(178904K) NonClass: 146897K(152908K)->146897K(152908K) Class: 20476K(25996K)->20476K(25996K)
[28.605s][info][gc             ] GC(78) Pause Young (Allocation Failure) 414M->158M(989M) 7.198ms
[28.605s][info][gc,cpu         ] GC(78) User=0.00s Sys=0.00s Real=0.00s
[28.639s][info][gc,start       ] GC(79) Pause Young (Allocation Failure)
[28.639s][info][gc,task        ] GC(79) Using 6 workers of 6 for evacuation
[28.646s][info][gc,heap        ] GC(79) ParNew: 303110K->26891K(314560K)
[28.646s][info][gc,heap        ] GC(79) CMS: 138313K->151658K(699072K)
[28.646s][info][gc,metaspace   ] GC(79) Metaspace: 167382K(178904K)->167382K(178904K) NonClass: 146905K(152908K)->146905K(152908K) Class: 20476K(25996K)->20476K(25996K)
[28.646s][info][gc             ] GC(79) Pause Young (Allocation Failure) 431M->174M(989M) 7.201ms
[28.646s][info][gc,cpu         ] GC(79) User=0.02s Sys=0.00s Real=0.02s
[28.679s][info][gc,start       ] GC(80) Pause Young (Allocation Failure)
[28.679s][info][gc,task        ] GC(80) Using 6 workers of 6 for evacuation
[28.685s][info][gc,heap        ] GC(80) ParNew: 306507K->22837K(314560K)
[28.685s][info][gc,heap        ] GC(80) CMS: 151658K->165208K(699072K)
[28.685s][info][gc,metaspace   ] GC(80) Metaspace: 167382K(178904K)->167382K(178904K) NonClass: 146905K(152908K)->146905K(152908K) Class: 20476K(25996K)->20476K(25996K)
[28.685s][info][gc             ] GC(80) Pause Young (Allocation Failure) 447M->183M(989M) 5.984ms
[28.685s][info][gc,cpu         ] GC(80) User=0.00s Sys=0.00s Real=0.00s
[29.022s][info][gc,start       ] GC(81) Pause Young (Allocation Failure)
[29.022s][info][gc,task        ] GC(81) Using 6 workers of 6 for evacuation
[29.026s][info][gc,heap        ] GC(81) ParNew: 299025K->13743K(314560K)
[29.026s][info][gc,heap        ] GC(81) CMS: 165208K->181435K(699072K)
[29.026s][info][gc,metaspace   ] GC(81) Metaspace: 167388K(178904K)->167388K(178904K) NonClass: 146911K(152908K)->146911K(152908K) Class: 20476K(25996K)->20476K(25996K)
[29.026s][info][gc             ] GC(81) Pause Young (Allocation Failure) 453M->190M(989M) 4.158ms
[29.027s][info][gc,cpu         ] GC(81) User=0.00s Sys=0.00s Real=0.00s
[29.414s][info][gc,start       ] GC(82) Pause Young (Allocation Failure)
[29.414s][info][gc,task        ] GC(82) Using 6 workers of 6 for evacuation
[29.417s][info][gc,heap        ] GC(82) ParNew: 293359K->8620K(314560K)
[29.417s][info][gc,heap        ] GC(82) CMS: 181435K->181435K(699072K)
[29.417s][info][gc,metaspace   ] GC(82) Metaspace: 167531K(179160K)->167531K(179160K) NonClass: 147038K(153164K)->147038K(153164K) Class: 20492K(25996K)->20492K(25996K)
[29.417s][info][gc             ] GC(82) Pause Young (Allocation Failure) 463M->185M(989M) 2.690ms
[29.417s][info][gc,cpu         ] GC(82) User=0.00s Sys=0.00s Real=0.00s
[29.824s][info][gc,start       ] GC(83) Pause Young (Allocation Failure)
[29.824s][info][gc,task        ] GC(83) Using 6 workers of 6 for evacuation
[29.827s][info][gc,heap        ] GC(83) ParNew: 284991K->8820K(314560K)
[29.827s][info][gc,heap        ] GC(83) CMS: 181435K->181435K(699072K)
[29.827s][info][gc,metaspace   ] GC(83) Metaspace: 167603K(179160K)->167603K(179160K) NonClass: 147110K(153164K)->147110K(153164K) Class: 20492K(25996K)->20492K(25996K)
[29.827s][info][gc             ] GC(83) Pause Young (Allocation Failure) 455M->185M(989M) 2.678ms
[29.827s][info][gc,cpu         ] GC(83) User=0.00s Sys=0.00s Real=0.00s
[30.034s][info][gc,start       ] GC(84) Pause Full (System.gc())
[30.038s][info][gc,phases,start] GC(84) Phase 1: Mark live objects
[30.114s][info][gc,phases      ] GC(84) Phase 1: Mark live objects 75.357ms
[30.114s][info][gc,phases,start] GC(84) Phase 2: Compute new object addresses
[30.133s][info][gc,phases      ] GC(84) Phase 2: Compute new object addresses 19.488ms
[30.133s][info][gc,phases,start] GC(84) Phase 3: Adjust pointers
[30.175s][info][gc,phases      ] GC(84) Phase 3: Adjust pointers 41.425ms
[30.175s][info][gc,phases,start] GC(84) Phase 4: Move objects
[30.192s][info][gc,phases      ] GC(84) Phase 4: Move objects 17.108ms
[30.193s][info][gc,heap        ] GC(84) ParNew: 111210K->0K(314560K)
[30.193s][info][gc,heap        ] GC(84) CMS: 181435K->120493K(699072K)
[30.193s][info][gc,metaspace   ] GC(84) Metaspace: 167683K(179160K)->167683K(179160K) NonClass: 147190K(153164K)->147190K(153164K) Class: 20492K(25996K)->20492K(25996K)
[30.193s][info][gc             ] GC(84) Pause Full (System.gc()) 285M->117M(989M) 158.904ms
[30.193s][info][gc,cpu         ] GC(84) User=0.16s Sys=0.00s Real=0.16s
[30.291s][info][gc,start       ] GC(85) Pause Young (Allocation Failure)
[30.291s][info][gc,task        ] GC(85) Using 6 workers of 6 for evacuation
[30.293s][info][gc,heap        ] GC(85) ParNew: 279616K->2182K(314560K)
[30.293s][info][gc,heap        ] GC(85) CMS: 120493K->120493K(699072K)
[30.293s][info][gc,metaspace   ] GC(85) Metaspace: 167767K(179416K)->167767K(179416K) NonClass: 147274K(153420K)->147274K(153420K) Class: 20492K(25996K)->20492K(25996K)
[30.293s][info][gc             ] GC(85) Pause Young (Allocation Failure) 390M->119M(989M) 2.056ms
[30.293s][info][gc,cpu         ] GC(85) User=0.00s Sys=0.00s Real=0.00s
[30.321s][info][gc,start       ] GC(86) Pause Young (Allocation Failure)
[30.321s][info][gc,task        ] GC(86) Using 6 workers of 6 for evacuation
[30.323s][info][gc,heap        ] GC(86) ParNew: 281798K->1697K(314560K)
[30.323s][info][gc,heap        ] GC(86) CMS: 120493K->120493K(699072K)
[30.323s][info][gc,metaspace   ] GC(86) Metaspace: 167767K(179416K)->167767K(179416K) NonClass: 147274K(153420K)->147274K(153420K) Class: 20492K(25996K)->20492K(25996K)
[30.323s][info][gc             ] GC(86) Pause Young (Allocation Failure) 392M->119M(989M) 1.821ms
[30.323s][info][gc,cpu         ] GC(86) User=0.00s Sys=0.00s Real=0.00s
[30.409s][info][gc,start       ] GC(87) Pause Young (Allocation Failure)
[30.409s][info][gc,task        ] GC(87) Using 6 workers of 6 for evacuation
[30.413s][info][gc,heap        ] GC(87) ParNew: 281313K->13141K(314560K)
[30.413s][info][gc,heap        ] GC(87) CMS: 120493K->120493K(699072K)
[30.413s][info][gc,metaspace   ] GC(87) Metaspace: 167777K(179416K)->167777K(179416K) NonClass: 147284K(153420K)->147284K(153420K) Class: 20492K(25996K)->20492K(25996K)
[30.413s][info][gc             ] GC(87) Pause Young (Allocation Failure) 392M->130M(989M) 3.575ms
[30.413s][info][gc,cpu         ] GC(87) User=0.00s Sys=0.00s Real=0.00s
[30.445s][info][gc,start       ] GC(88) Pause Young (Allocation Failure)
[30.445s][info][gc,task        ] GC(88) Using 6 workers of 6 for evacuation
[30.450s][info][gc,heap        ] GC(88) ParNew: 292757K->26987K(314560K)
[30.450s][info][gc,heap        ] GC(88) CMS: 120493K->120493K(699072K)
[30.450s][info][gc,metaspace   ] GC(88) Metaspace: 167777K(179416K)->167777K(179416K) NonClass: 147284K(153420K)->147284K(153420K) Class: 20492K(25996K)->20492K(25996K)
[30.450s][info][gc             ] GC(88) Pause Young (Allocation Failure) 403M->144M(989M) 5.212ms
[30.450s][info][gc,cpu         ] GC(88) User=0.00s Sys=0.00s Real=0.02s
[30.480s][info][gc,start       ] GC(89) Pause Young (Allocation Failure)
[30.481s][info][gc,task        ] GC(89) Using 6 workers of 6 for evacuation
[30.488s][info][gc,heap        ] GC(89) ParNew: 306603K->26534K(314560K)
[30.488s][info][gc,heap        ] GC(89) CMS: 120493K->137562K(699072K)
[30.488s][info][gc,metaspace   ] GC(89) Metaspace: 167777K(179416K)->167777K(179416K) NonClass: 147284K(153420K)->147284K(153420K) Class: 20492K(25996K)->20492K(25996K)
[30.488s][info][gc             ] GC(89) Pause Young (Allocation Failure) 417M->160M(989M) 7.340ms
[30.488s][info][gc,cpu         ] GC(89) User=0.02s Sys=0.00s Real=0.02s
[30.519s][info][gc,start       ] GC(90) Pause Young (Allocation Failure)
[30.519s][info][gc,task        ] GC(90) Using 6 workers of 6 for evacuation
[30.525s][info][gc,heap        ] GC(90) ParNew: 306150K->22561K(314560K)
[30.525s][info][gc,heap        ] GC(90) CMS: 137562K->151921K(699072K)
[30.525s][info][gc,metaspace   ] GC(90) Metaspace: 167777K(179416K)->167777K(179416K) NonClass: 147284K(153420K)->147284K(153420K) Class: 20492K(25996K)->20492K(25996K)
[30.525s][info][gc             ] GC(90) Pause Young (Allocation Failure) 433M->170M(989M) 5.951ms
[30.525s][info][gc,cpu         ] GC(90) User=0.00s Sys=0.00s Real=0.00s
[30.555s][info][gc,start       ] GC(91) Pause Young (Allocation Failure)
[30.555s][info][gc,task        ] GC(91) Using 6 workers of 6 for evacuation
[30.561s][info][gc,heap        ] GC(91) ParNew: 302177K->26226K(314560K)
[30.562s][info][gc,heap        ] GC(91) CMS: 151921K->166832K(699072K)
[30.562s][info][gc,metaspace   ] GC(91) Metaspace: 167777K(179416K)->167777K(179416K) NonClass: 147284K(153420K)->147284K(153420K) Class: 20492K(25996K)->20492K(25996K)
[30.562s][info][gc             ] GC(91) Pause Young (Allocation Failure) 443M->188M(989M) 6.477ms
[30.562s][info][gc,cpu         ] GC(91) User=0.02s Sys=0.00s Real=0.02s
[30.895s][info][gc,start       ] GC(92) Pause Young (Allocation Failure)
[30.895s][info][gc,task        ] GC(92) Using 6 workers of 6 for evacuation
[30.899s][info][gc,heap        ] GC(92) ParNew: 305768K->16455K(314560K)
[30.899s][info][gc,heap        ] GC(92) CMS: 166832K->180840K(699072K)
[30.900s][info][gc,metaspace   ] GC(92) Metaspace: 167785K(179416K)->167785K(179416K) NonClass: 147292K(153420K)->147292K(153420K) Class: 20492K(25996K)->20492K(25996K)
[30.900s][info][gc             ] GC(92) Pause Young (Allocation Failure) 461M->192M(989M) 4.414ms
[30.900s][info][gc,cpu         ] GC(92) User=0.00s Sys=0.00s Real=0.00s
[31.303s][info][gc,start       ] GC(93) Pause Young (Allocation Failure)
[31.303s][info][gc,task        ] GC(93) Using 6 workers of 6 for evacuation
[31.306s][info][gc,heap        ] GC(93) ParNew: 291988K->10609K(314560K)
[31.306s][info][gc,heap        ] GC(93) CMS: 180840K->180840K(699072K)
[31.306s][info][gc,metaspace   ] GC(93) Metaspace: 167810K(179416K)->167810K(179416K) NonClass: 147317K(153420K)->147317K(153420K) Class: 20492K(25996K)->20492K(25996K)
[31.306s][info][gc             ] GC(93) Pause Young (Allocation Failure) 461M->186M(989M) 2.720ms
[31.306s][info][gc,cpu         ] GC(93) User=0.00s Sys=0.00s Real=0.00s
[31.694s][info][gc,start       ] GC(94) Pause Young (Allocation Failure)
[31.694s][info][gc,task        ] GC(94) Using 6 workers of 6 for evacuation
[31.697s][info][gc,heap        ] GC(94) ParNew: 290225K->9139K(314560K)
[31.697s][info][gc,heap        ] GC(94) CMS: 180840K->180840K(699072K)
[31.697s][info][gc,metaspace   ] GC(94) Metaspace: 167811K(179416K)->167811K(179416K) NonClass: 147318K(153420K)->147318K(153420K) Class: 20492K(25996K)->20492K(25996K)
[31.697s][info][gc             ] GC(94) Pause Young (Allocation Failure) 460M->185M(989M) 2.890ms
[31.697s][info][gc,cpu         ] GC(94) User=0.00s Sys=0.00s Real=0.00s
[31.870s][info][gc,start       ] GC(95) Pause Full (System.gc())
[31.873s][info][gc,phases,start] GC(95) Phase 1: Mark live objects
[31.949s][info][gc,phases      ] GC(95) Phase 1: Mark live objects 75.746ms
[31.949s][info][gc,phases,start] GC(95) Phase 2: Compute new object addresses
[31.969s][info][gc,phases      ] GC(95) Phase 2: Compute new object addresses 19.423ms
[31.969s][info][gc,phases,start] GC(95) Phase 3: Adjust pointers
[32.011s][info][gc,phases      ] GC(95) Phase 3: Adjust pointers 42.590ms
[32.011s][info][gc,phases,start] GC(95) Phase 4: Move objects
[32.022s][info][gc,phases      ] GC(95) Phase 4: Move objects 10.511ms
[32.023s][info][gc,heap        ] GC(95) ParNew: 104265K->0K(314560K)
[32.023s][info][gc,heap        ] GC(95) CMS: 180840K->120766K(699072K)
[32.023s][info][gc,metaspace   ] GC(95) Metaspace: 167969K(179416K)->167969K(179416K) NonClass: 147476K(153420K)->147476K(153420K) Class: 20492K(25996K)->20492K(25996K)
[32.023s][info][gc             ] GC(95) Pause Full (System.gc()) 278M->117M(989M) 152.491ms
[32.023s][info][gc,cpu         ] GC(95) User=0.16s Sys=0.00s Real=0.16s
[32.125s][info][gc,start       ] GC(96) Pause Young (Allocation Failure)
[32.125s][info][gc,task        ] GC(96) Using 6 workers of 6 for evacuation
[32.127s][info][gc,heap        ] GC(96) ParNew: 279616K->3432K(314560K)
[32.127s][info][gc,heap        ] GC(96) CMS: 120766K->120766K(699072K)
[32.127s][info][gc,metaspace   ] GC(96) Metaspace: 168032K(179416K)->168032K(179416K) NonClass: 147539K(153420K)->147539K(153420K) Class: 20492K(25996K)->20492K(25996K)
[32.127s][info][gc             ] GC(96) Pause Young (Allocation Failure) 390M->121M(989M) 1.988ms
[32.127s][info][gc,cpu         ] GC(96) User=0.00s Sys=0.00s Real=0.00s
[32.156s][info][gc,start       ] GC(97) Pause Young (Allocation Failure)
[32.156s][info][gc,task        ] GC(97) Using 6 workers of 6 for evacuation
[32.158s][info][gc,heap        ] GC(97) ParNew: 283048K->1778K(314560K)
[32.158s][info][gc,heap        ] GC(97) CMS: 120766K->120766K(699072K)
[32.158s][info][gc,metaspace   ] GC(97) Metaspace: 168032K(179416K)->168032K(179416K) NonClass: 147539K(153420K)->147539K(153420K) Class: 20492K(25996K)->20492K(25996K)
[32.158s][info][gc             ] GC(97) Pause Young (Allocation Failure) 394M->119M(989M) 1.806ms
[32.158s][info][gc,cpu         ] GC(97) User=0.00s Sys=0.00s Real=0.00s
[32.247s][info][gc,start       ] GC(98) Pause Young (Allocation Failure)
[32.248s][info][gc,task        ] GC(98) Using 6 workers of 6 for evacuation
[32.251s][info][gc,heap        ] GC(98) ParNew: 281394K->12984K(314560K)
[32.251s][info][gc,heap        ] GC(98) CMS: 120766K->120766K(699072K)
[32.251s][info][gc,metaspace   ] GC(98) Metaspace: 168046K(179416K)->168046K(179416K) NonClass: 147553K(153420K)->147553K(153420K) Class: 20492K(25996K)->20492K(25996K)
[32.251s][info][gc             ] GC(98) Pause Young (Allocation Failure) 392M->130M(989M) 3.534ms
[32.251s][info][gc,cpu         ] GC(98) User=0.00s Sys=0.00s Real=0.00s
[32.283s][info][gc,start       ] GC(99) Pause Young (Allocation Failure)
[32.283s][info][gc,task        ] GC(99) Using 6 workers of 6 for evacuation
[32.287s][info][gc,heap        ] GC(99) ParNew: 292600K->24688K(314560K)
[32.287s][info][gc,heap        ] GC(99) CMS: 120766K->120766K(699072K)
[32.287s][info][gc,metaspace   ] GC(99) Metaspace: 168046K(179416K)->168046K(179416K) NonClass: 147553K(153420K)->147553K(153420K) Class: 20492K(25996K)->20492K(25996K)
[32.287s][info][gc             ] GC(99) Pause Young (Allocation Failure) 403M->142M(989M) 4.795ms
[32.287s][info][gc,cpu         ] GC(99) User=0.00s Sys=0.00s Real=0.00s
[32.318s][info][gc,start       ] GC(100) Pause Young (Allocation Failure)
[32.318s][info][gc,task        ] GC(100) Using 6 workers of 6 for evacuation
[32.325s][info][gc,heap        ] GC(100) ParNew: 304304K->20587K(314560K)
[32.325s][info][gc,heap        ] GC(100) CMS: 120766K->139872K(699072K)
[32.325s][info][gc,metaspace   ] GC(100) Metaspace: 168046K(179416K)->168046K(179416K) NonClass: 147553K(153420K)->147553K(153420K) Class: 20492K(25996K)->20492K(25996K)
[32.325s][info][gc             ] GC(100) Pause Young (Allocation Failure) 415M->156M(989M) 6.804ms
[32.325s][info][gc,cpu         ] GC(100) User=0.02s Sys=0.00s Real=0.02s
[32.356s][info][gc,start       ] GC(101) Pause Young (Allocation Failure)
[32.356s][info][gc,task        ] GC(101) Using 6 workers of 6 for evacuation
[32.361s][info][gc,heap        ] GC(101) ParNew: 300203K->21091K(314560K)
[32.361s][info][gc,heap        ] GC(101) CMS: 139872K->153414K(699072K)
[32.361s][info][gc,metaspace   ] GC(101) Metaspace: 168046K(179416K)->168046K(179416K) NonClass: 147553K(153420K)->147553K(153420K) Class: 20492K(25996K)->20492K(25996K)
[32.361s][info][gc             ] GC(101) Pause Young (Allocation Failure) 429M->170M(989M) 5.649ms
[32.361s][info][gc,cpu         ] GC(101) User=0.00s Sys=0.00s Real=0.00s
[32.391s][info][gc,start       ] GC(102) Pause Young (Allocation Failure)
[32.392s][info][gc,task        ] GC(102) Using 6 workers of 6 for evacuation
[32.398s][info][gc,heap        ] GC(102) ParNew: 300707K->22101K(314560K)
[32.398s][info][gc,heap        ] GC(102) CMS: 153414K->167773K(699072K)
[32.398s][info][gc,metaspace   ] GC(102) Metaspace: 168046K(179416K)->168046K(179416K) NonClass: 147553K(153420K)->147553K(153420K) Class: 20492K(25996K)->20492K(25996K)
[32.398s][info][gc             ] GC(102) Pause Young (Allocation Failure) 443M->185M(989M) 6.211ms
[32.398s][info][gc,cpu         ] GC(102) User=0.02s Sys=0.00s Real=0.01s
[32.720s][info][gc,start       ] GC(103) Pause Young (Allocation Failure)
[32.720s][info][gc,task        ] GC(103) Using 6 workers of 6 for evacuation
[32.724s][info][gc,heap        ] GC(103) ParNew: 297750K->11639K(314560K)
[32.724s][info][gc,heap        ] GC(103) CMS: 167773K->180426K(699072K)
[32.724s][info][gc,metaspace   ] GC(103) Metaspace: 168076K(179672K)->168076K(179672K) NonClass: 147582K(153676K)->147582K(153676K) Class: 20493K(25996K)->20493K(25996K)
[32.724s][info][gc             ] GC(103) Pause Young (Allocation Failure) 454M->187M(989M) 3.965ms
[32.724s][info][gc,cpu         ] GC(103) User=0.00s Sys=0.00s Real=0.00s
[33.114s][info][gc,start       ] GC(104) Pause Young (Allocation Failure)
[33.115s][info][gc,task        ] GC(104) Using 6 workers of 6 for evacuation
[33.117s][info][gc,heap        ] GC(104) ParNew: 291255K->12232K(314560K)
[33.117s][info][gc,heap        ] GC(104) CMS: 180426K->180426K(699072K)
[33.117s][info][gc,metaspace   ] GC(104) Metaspace: 168106K(179672K)->168106K(179672K) NonClass: 147613K(153676K)->147613K(153676K) Class: 20493K(25996K)->20493K(25996K)
[33.117s][info][gc             ] GC(104) Pause Young (Allocation Failure) 460M->188M(989M) 2.867ms
[33.117s][info][gc,cpu         ] GC(104) User=0.00s Sys=0.00s Real=0.00s
[33.488s][info][gc,start       ] GC(105) Pause Young (Allocation Failure)
[33.488s][info][gc,task        ] GC(105) Using 6 workers of 6 for evacuation
[33.491s][info][gc,heap        ] GC(105) ParNew: 288268K->10659K(314560K)
[33.491s][info][gc,heap        ] GC(105) CMS: 180426K->180426K(699072K)
[33.491s][info][gc,metaspace   ] GC(105) Metaspace: 168116K(179672K)->168116K(179672K) NonClass: 147622K(153676K)->147622K(153676K) Class: 20494K(25996K)->20494K(25996K)
[33.491s][info][gc             ] GC(105) Pause Young (Allocation Failure) 457M->186M(989M) 3.100ms
[33.491s][info][gc,cpu         ] GC(105) User=0.00s Sys=0.00s Real=0.00s
[33.686s][info][gc,start       ] GC(106) Pause Full (System.gc())
[33.689s][info][gc,phases,start] GC(106) Phase 1: Mark live objects
[33.763s][info][gc,phases      ] GC(106) Phase 1: Mark live objects 73.614ms
[33.763s][info][gc,phases,start] GC(106) Phase 2: Compute new object addresses
[33.782s][info][gc,phases      ] GC(106) Phase 2: Compute new object addresses 19.564ms
[33.782s][info][gc,phases,start] GC(106) Phase 3: Adjust pointers
[33.825s][info][gc,phases      ] GC(106) Phase 3: Adjust pointers 42.242ms
[33.825s][info][gc,phases,start] GC(106) Phase 4: Move objects
[33.841s][info][gc,phases      ] GC(106) Phase 4: Move objects 16.839ms
[33.842s][info][gc,heap        ] GC(106) ParNew: 113146K->0K(314560K)
[33.842s][info][gc,heap        ] GC(106) CMS: 180426K->121212K(699072K)
[33.842s][info][gc,metaspace   ] GC(106) Metaspace: 168203K(179672K)->168203K(179672K) NonClass: 147709K(153676K)->147709K(153676K) Class: 20494K(25996K)->20494K(25996K)
[33.843s][info][gc             ] GC(106) Pause Full (System.gc()) 286M->118M(989M) 156.675ms
[33.843s][info][gc,cpu         ] GC(106) User=0.14s Sys=0.00s Real=0.16s
[33.938s][info][gc,start       ] GC(107) Pause Young (Allocation Failure)
[33.938s][info][gc,task        ] GC(107) Using 6 workers of 6 for evacuation
[33.940s][info][gc,heap        ] GC(107) ParNew: 279616K->2251K(314560K)
[33.940s][info][gc,heap        ] GC(107) CMS: 121212K->121212K(699072K)
[33.940s][info][gc,metaspace   ] GC(107) Metaspace: 168238K(179672K)->168238K(179672K) NonClass: 147744K(153676K)->147744K(153676K) Class: 20494K(25996K)->20494K(25996K)
[33.940s][info][gc             ] GC(107) Pause Young (Allocation Failure) 391M->120M(989M) 2.643ms
[33.940s][info][gc,cpu         ] GC(107) User=0.00s Sys=0.02s Real=0.02s
[33.969s][info][gc,start       ] GC(108) Pause Young (Allocation Failure)
[33.969s][info][gc,task        ] GC(108) Using 6 workers of 6 for evacuation
[33.971s][info][gc,heap        ] GC(108) ParNew: 281867K->1710K(314560K)
[33.971s][info][gc,heap        ] GC(108) CMS: 121212K->121212K(699072K)
[33.971s][info][gc,metaspace   ] GC(108) Metaspace: 168238K(179672K)->168238K(179672K) NonClass: 147744K(153676K)->147744K(153676K) Class: 20494K(25996K)->20494K(25996K)
[33.971s][info][gc             ] GC(108) Pause Young (Allocation Failure) 393M->120M(989M) 2.047ms
[33.971s][info][gc,cpu         ] GC(108) User=0.02s Sys=0.00s Real=0.01s
[34.057s][info][gc,start       ] GC(109) Pause Young (Allocation Failure)
[34.057s][info][gc,task        ] GC(109) Using 6 workers of 6 for evacuation
[34.061s][info][gc,heap        ] GC(109) ParNew: 281326K->9091K(314560K)
[34.061s][info][gc,heap        ] GC(109) CMS: 121212K->121212K(699072K)
[34.061s][info][gc,metaspace   ] GC(109) Metaspace: 168242K(179672K)->168242K(179672K) NonClass: 147748K(153676K)->147748K(153676K) Class: 20494K(25996K)->20494K(25996K)
[34.061s][info][gc             ] GC(109) Pause Young (Allocation Failure) 393M->127M(989M) 3.613ms
[34.061s][info][gc,cpu         ] GC(109) User=0.00s Sys=0.00s Real=0.00s
[34.093s][info][gc,start       ] GC(110) Pause Young (Allocation Failure)
[34.093s][info][gc,task        ] GC(110) Using 6 workers of 6 for evacuation
[34.098s][info][gc,heap        ] GC(110) ParNew: 288242K->24801K(314560K)
[34.098s][info][gc,heap        ] GC(110) CMS: 121212K->121212K(699072K)
[34.099s][info][gc,metaspace   ] GC(110) Metaspace: 168244K(179672K)->168244K(179672K) NonClass: 147749K(153676K)->147749K(153676K) Class: 20494K(25996K)->20494K(25996K)
[34.099s][info][gc             ] GC(110) Pause Young (Allocation Failure) 399M->142M(989M) 5.541ms
[34.099s][info][gc,cpu         ] GC(110) User=0.02s Sys=0.00s Real=0.02s
[34.131s][info][gc,start       ] GC(111) Pause Young (Allocation Failure)
[34.131s][info][gc,task        ] GC(111) Using 6 workers of 6 for evacuation
[34.139s][info][gc,heap        ] GC(111) ParNew: 304417K->22997K(314560K)
[34.139s][info][gc,heap        ] GC(111) CMS: 121212K->139503K(699072K)
[34.139s][info][gc,metaspace   ] GC(111) Metaspace: 168244K(179672K)->168244K(179672K) NonClass: 147750K(153676K)->147750K(153676K) Class: 20494K(25996K)->20494K(25996K)
[34.139s][info][gc             ] GC(111) Pause Young (Allocation Failure) 415M->158M(989M) 8.460ms
[34.139s][info][gc,cpu         ] GC(111) User=0.00s Sys=0.00s Real=0.00s
[34.173s][info][gc,start       ] GC(112) Pause Young (Allocation Failure)
[34.173s][info][gc,task        ] GC(112) Using 6 workers of 6 for evacuation
[34.180s][info][gc,heap        ] GC(112) ParNew: 302613K->24011K(314560K)
[34.180s][info][gc,heap        ] GC(112) CMS: 139503K->153509K(699072K)
[34.180s][info][gc,metaspace   ] GC(112) Metaspace: 168244K(179672K)->168244K(179672K) NonClass: 147750K(153676K)->147750K(153676K) Class: 20494K(25996K)->20494K(25996K)
[34.180s][info][gc             ] GC(112) Pause Young (Allocation Failure) 431M->173M(989M) 6.813ms
[34.180s][info][gc,cpu         ] GC(112) User=0.02s Sys=0.00s Real=0.01s
[34.216s][info][gc,start       ] GC(113) Pause Young (Allocation Failure)
[34.216s][info][gc,task        ] GC(113) Using 6 workers of 6 for evacuation
[34.222s][info][gc,heap        ] GC(113) ParNew: 303627K->19620K(314560K)
[34.222s][info][gc,heap        ] GC(113) CMS: 153509K->168077K(699072K)
[34.222s][info][gc,metaspace   ] GC(113) Metaspace: 168244K(179672K)->168244K(179672K) NonClass: 147750K(153676K)->147750K(153676K) Class: 20494K(25996K)->20494K(25996K)
[34.222s][info][gc             ] GC(113) Pause Young (Allocation Failure) 446M->183M(989M) 6.271ms
[34.222s][info][gc,cpu         ] GC(113) User=0.02s Sys=0.00s Real=0.02s
[34.550s][info][gc,start       ] GC(114) Pause Young (Allocation Failure)
[34.550s][info][gc,task        ] GC(114) Using 6 workers of 6 for evacuation
[34.555s][info][gc,heap        ] GC(114) ParNew: 298616K->21862K(314560K)
[34.555s][info][gc,heap        ] GC(114) CMS: 168077K->168077K(699072K)
[34.555s][info][gc,metaspace   ] GC(114) Metaspace: 168253K(179672K)->168253K(179672K) NonClass: 147759K(153676K)->147759K(153676K) Class: 20494K(25996K)->20494K(25996K)
[34.555s][info][gc             ] GC(114) Pause Young (Allocation Failure) 455M->185M(989M) 4.559ms
[34.555s][info][gc,cpu         ] GC(114) User=0.00s Sys=0.00s Real=0.02s
[34.938s][info][gc,start       ] GC(115) Pause Young (Allocation Failure)
[34.938s][info][gc,task        ] GC(115) Using 6 workers of 6 for evacuation
[34.943s][info][gc,heap        ] GC(115) ParNew: 301363K->10661K(314560K)
[34.943s][info][gc,heap        ] GC(115) CMS: 168077K->183741K(699072K)
[34.943s][info][gc,metaspace   ] GC(115) Metaspace: 168344K(179672K)->168344K(179672K) NonClass: 147850K(153676K)->147850K(153676K) Class: 20494K(25996K)->20494K(25996K)
[34.943s][info][gc             ] GC(115) Pause Young (Allocation Failure) 458M->189M(989M) 5.137ms
[34.943s][info][gc,cpu         ] GC(115) User=0.00s Sys=0.00s Real=0.00s
[35.310s][info][gc,start       ] GC(116) Pause Young (Allocation Failure)
[35.310s][info][gc,task        ] GC(116) Using 6 workers of 6 for evacuation
[35.313s][info][gc,heap        ] GC(116) ParNew: 290277K->8386K(314560K)
[35.313s][info][gc,heap        ] GC(116) CMS: 183741K->183741K(699072K)
[35.313s][info][gc,metaspace   ] GC(116) Metaspace: 168363K(179672K)->168363K(179672K) NonClass: 147869K(153676K)->147869K(153676K) Class: 20494K(25996K)->20494K(25996K)
[35.313s][info][gc             ] GC(116) Pause Young (Allocation Failure) 462M->187M(989M) 2.809ms
[35.313s][info][gc,cpu         ] GC(116) User=0.00s Sys=0.00s Real=0.00s
[35.504s][info][gc,start       ] GC(117) Pause Full (System.gc())
[35.507s][info][gc,phases,start] GC(117) Phase 1: Mark live objects
[35.585s][info][gc,phases      ] GC(117) Phase 1: Mark live objects 78.197ms
[35.585s][info][gc,phases,start] GC(117) Phase 2: Compute new object addresses
[35.605s][info][gc,phases      ] GC(117) Phase 2: Compute new object addresses 20.167ms
[35.605s][info][gc,phases,start] GC(117) Phase 3: Adjust pointers
[35.651s][info][gc,phases      ] GC(117) Phase 3: Adjust pointers 45.273ms
[35.651s][info][gc,phases,start] GC(117) Phase 4: Move objects
[35.662s][info][gc,phases      ] GC(117) Phase 4: Move objects 10.935ms
[35.663s][info][gc,heap        ] GC(117) ParNew: 106063K->0K(314560K)
[35.663s][info][gc,heap        ] GC(117) CMS: 183741K->121505K(699072K)
[35.663s][info][gc,metaspace   ] GC(117) Metaspace: 168410K(179928K)->168410K(179928K) NonClass: 147916K(153932K)->147916K(153932K) Class: 20494K(25996K)->20494K(25996K)
[35.663s][info][gc             ] GC(117) Pause Full (System.gc()) 283M->118M(989M) 158.983ms
[35.663s][info][gc,cpu         ] GC(117) User=0.12s Sys=0.00s Real=0.15s
[35.777s][info][gc,start       ] GC(118) Pause Young (Allocation Failure)
[35.777s][info][gc,task        ] GC(118) Using 6 workers of 6 for evacuation
[35.779s][info][gc,heap        ] GC(118) ParNew: 279616K->2518K(314560K)
[35.779s][info][gc,heap        ] GC(118) CMS: 121505K->121505K(699072K)
[35.779s][info][gc,metaspace   ] GC(118) Metaspace: 168463K(179928K)->168463K(179928K) NonClass: 147968K(153932K)->147968K(153932K) Class: 20494K(25996K)->20494K(25996K)
[35.779s][info][gc             ] GC(118) Pause Young (Allocation Failure) 391M->121M(989M) 2.326ms
[35.779s][info][gc,cpu         ] GC(118) User=0.00s Sys=0.00s Real=0.00s
[35.808s][info][gc,start       ] GC(119) Pause Young (Allocation Failure)
[35.808s][info][gc,task        ] GC(119) Using 6 workers of 6 for evacuation
[35.810s][info][gc,heap        ] GC(119) ParNew: 282134K->1824K(314560K)
[35.810s][info][gc,heap        ] GC(119) CMS: 121505K->121505K(699072K)
[35.810s][info][gc,metaspace   ] GC(119) Metaspace: 168463K(179928K)->168463K(179928K) NonClass: 147968K(153932K)->147968K(153932K) Class: 20494K(25996K)->20494K(25996K)
[35.810s][info][gc             ] GC(119) Pause Young (Allocation Failure) 394M->120M(989M) 2.058ms
[35.810s][info][gc,cpu         ] GC(119) User=0.00s Sys=0.00s Real=0.00s
[35.902s][info][gc,start       ] GC(120) Pause Young (Allocation Failure)
[35.902s][info][gc,task        ] GC(120) Using 6 workers of 6 for evacuation
[35.905s][info][gc,heap        ] GC(120) ParNew: 281440K->10406K(314560K)
[35.906s][info][gc,heap        ] GC(120) CMS: 121505K->121505K(699072K)
[35.906s][info][gc,metaspace   ] GC(120) Metaspace: 168483K(179928K)->168483K(179928K) NonClass: 147988K(153932K)->147988K(153932K) Class: 20494K(25996K)->20494K(25996K)
[35.906s][info][gc             ] GC(120) Pause Young (Allocation Failure) 393M->128M(989M) 3.481ms
[35.906s][info][gc,cpu         ] GC(120) User=0.00s Sys=0.00s Real=0.00s
[35.936s][info][gc,start       ] GC(121) Pause Young (Allocation Failure)
[35.936s][info][gc,task        ] GC(121) Using 6 workers of 6 for evacuation
[35.942s][info][gc,heap        ] GC(121) ParNew: 290022K->28486K(314560K)
[35.942s][info][gc,heap        ] GC(121) CMS: 121505K->121505K(699072K)
[35.942s][info][gc,metaspace   ] GC(121) Metaspace: 168483K(179928K)->168483K(179928K) NonClass: 147988K(153932K)->147988K(153932K) Class: 20494K(25996K)->20494K(25996K)
[35.942s][info][gc             ] GC(121) Pause Young (Allocation Failure) 401M->146M(989M) 5.607ms
[35.942s][info][gc,cpu         ] GC(121) User=0.00s Sys=0.00s Real=0.00s
[35.973s][info][gc,start       ] GC(122) Pause Young (Allocation Failure)
[35.973s][info][gc,task        ] GC(122) Using 6 workers of 6 for evacuation
[35.980s][info][gc,heap        ] GC(122) ParNew: 308102K->24740K(314560K)
[35.980s][info][gc,heap        ] GC(122) CMS: 121505K->138660K(699072K)
[35.980s][info][gc,metaspace   ] GC(122) Metaspace: 168483K(179928K)->168483K(179928K) NonClass: 147988K(153932K)->147988K(153932K) Class: 20494K(25996K)->20494K(25996K)
[35.980s][info][gc             ] GC(122) Pause Young (Allocation Failure) 419M->159M(989M) 6.881ms
[35.980s][info][gc,cpu         ] GC(122) User=0.00s Sys=0.00s Real=0.01s
[36.012s][info][gc,start       ] GC(123) Pause Young (Allocation Failure)
[36.012s][info][gc,task        ] GC(123) Using 6 workers of 6 for evacuation
[36.019s][info][gc,heap        ] GC(123) ParNew: 304356K->23432K(314560K)
[36.019s][info][gc,heap        ] GC(123) CMS: 138660K->154231K(699072K)
[36.019s][info][gc,metaspace   ] GC(123) Metaspace: 168483K(179928K)->168483K(179928K) NonClass: 147988K(153932K)->147988K(153932K) Class: 20494K(25996K)->20494K(25996K)
[36.019s][info][gc             ] GC(123) Pause Young (Allocation Failure) 432M->173M(989M) 6.445ms
[36.019s][info][gc,cpu         ] GC(123) User=0.00s Sys=0.00s Real=0.00s
[36.049s][info][gc,start       ] GC(124) Pause Young (Allocation Failure)
[36.049s][info][gc,task        ] GC(124) Using 6 workers of 6 for evacuation
[36.055s][info][gc,heap        ] GC(124) ParNew: 303048K->21031K(314560K)
[36.055s][info][gc,heap        ] GC(124) CMS: 154231K->167578K(699072K)
[36.055s][info][gc,metaspace   ] GC(124) Metaspace: 168483K(179928K)->168483K(179928K) NonClass: 147988K(153932K)->147988K(153932K) Class: 20494K(25996K)->20494K(25996K)
[36.055s][info][gc             ] GC(124) Pause Young (Allocation Failure) 446M->184M(989M) 6.075ms
[36.055s][info][gc,cpu         ] GC(124) User=0.00s Sys=0.00s Real=0.00s
[36.386s][info][gc,start       ] GC(125) Pause Young (Allocation Failure)
[36.386s][info][gc,task        ] GC(125) Using 6 workers of 6 for evacuation
[36.391s][info][gc,heap        ] GC(125) ParNew: 300647K->10976K(314560K)
[36.391s][info][gc,heap        ] GC(125) CMS: 167578K->182946K(699072K)
[36.391s][info][gc,metaspace   ] GC(125) Metaspace: 168491K(179928K)->168491K(179928K) NonClass: 147996K(153932K)->147996K(153932K) Class: 20494K(25996K)->20494K(25996K)
[36.391s][info][gc             ] GC(125) Pause Young (Allocation Failure) 457M->189M(989M) 4.823ms
[36.391s][info][gc,cpu         ] GC(125) User=0.02s Sys=0.00s Real=0.02s
[36.789s][info][gc,start       ] GC(126) Pause Young (Allocation Failure)
[36.789s][info][gc,task        ] GC(126) Using 6 workers of 6 for evacuation
[36.792s][info][gc,heap        ] GC(126) ParNew: 288990K->8229K(314560K)
[36.792s][info][gc,heap        ] GC(126) CMS: 182946K->182946K(699072K)
[36.792s][info][gc,metaspace   ] GC(126) Metaspace: 168505K(179928K)->168505K(179928K) NonClass: 148011K(153932K)->148011K(153932K) Class: 20494K(25996K)->20494K(25996K)
[36.792s][info][gc             ] GC(126) Pause Young (Allocation Failure) 460M->186M(989M) 3.273ms
[36.792s][info][gc,cpu         ] GC(126) User=0.00s Sys=0.00s Real=0.00s
[37.155s][info][gc,start       ] GC(127) Pause Young (Allocation Failure)
[37.156s][info][gc,task        ] GC(127) Using 6 workers of 6 for evacuation
[37.158s][info][gc,heap        ] GC(127) ParNew: 287845K->7370K(314560K)
[37.158s][info][gc,heap        ] GC(127) CMS: 182946K->182946K(699072K)
[37.158s][info][gc,metaspace   ] GC(127) Metaspace: 168510K(179928K)->168510K(179928K) NonClass: 148016K(153932K)->148016K(153932K) Class: 20494K(25996K)->20494K(25996K)
[37.159s][info][gc             ] GC(127) Pause Young (Allocation Failure) 459M->185M(989M) 3.024ms
[37.159s][info][gc,cpu         ] GC(127) User=0.00s Sys=0.00s Real=0.00s
[37.346s][info][gc,start       ] GC(128) Pause Full (System.gc())
[37.350s][info][gc,phases,start] GC(128) Phase 1: Mark live objects
[37.425s][info][gc,phases      ] GC(128) Phase 1: Mark live objects 74.958ms
[37.425s][info][gc,phases,start] GC(128) Phase 2: Compute new object addresses
[37.445s][info][gc,phases      ] GC(128) Phase 2: Compute new object addresses 19.838ms
[37.445s][info][gc,phases,start] GC(128) Phase 3: Adjust pointers
[37.488s][info][gc,phases      ] GC(128) Phase 3: Adjust pointers 43.316ms
[37.488s][info][gc,phases,start] GC(128) Phase 4: Move objects
[37.499s][info][gc,phases      ] GC(128) Phase 4: Move objects 10.821ms
[37.500s][info][gc,heap        ] GC(128) ParNew: 104813K->0K(314560K)
[37.500s][info][gc,heap        ] GC(128) CMS: 182946K->121883K(699072K)
[37.500s][info][gc,metaspace   ] GC(128) Metaspace: 168551K(179928K)->168551K(179928K) NonClass: 148056K(153932K)->148056K(153932K) Class: 20494K(25996K)->20494K(25996K)
[37.501s][info][gc             ] GC(128) Pause Full (System.gc()) 281M->119M(989M) 154.240ms
[37.501s][info][gc,cpu         ] GC(128) User=0.14s Sys=0.00s Real=0.16s
[37.600s][info][gc,start       ] GC(129) Pause Young (Allocation Failure)
[37.600s][info][gc,task        ] GC(129) Using 6 workers of 6 for evacuation
[37.602s][info][gc,heap        ] GC(129) ParNew: 279616K->2486K(314560K)
[37.602s][info][gc,heap        ] GC(129) CMS: 121883K->121883K(699072K)
[37.602s][info][gc,metaspace   ] GC(129) Metaspace: 168620K(179928K)->168620K(179928K) NonClass: 148125K(153932K)->148125K(153932K) Class: 20494K(25996K)->20494K(25996K)
[37.602s][info][gc             ] GC(129) Pause Young (Allocation Failure) 392M->121M(989M) 2.304ms
[37.602s][info][gc,cpu         ] GC(129) User=0.00s Sys=0.00s Real=0.00s
[37.630s][info][gc,start       ] GC(130) Pause Young (Allocation Failure)
[37.630s][info][gc,task        ] GC(130) Using 6 workers of 6 for evacuation
[37.632s][info][gc,heap        ] GC(130) ParNew: 282102K->1678K(314560K)
[37.632s][info][gc,heap        ] GC(130) CMS: 121883K->121883K(699072K)
[37.632s][info][gc,metaspace   ] GC(130) Metaspace: 168620K(179928K)->168620K(179928K) NonClass: 148125K(153932K)->148125K(153932K) Class: 20494K(25996K)->20494K(25996K)
[37.632s][info][gc             ] GC(130) Pause Young (Allocation Failure) 394M->120M(989M) 2.287ms
[37.632s][info][gc,cpu         ] GC(130) User=0.00s Sys=0.00s Real=0.01s
[37.718s][info][gc,start       ] GC(131) Pause Young (Allocation Failure)
[37.718s][info][gc,task        ] GC(131) Using 6 workers of 6 for evacuation
[37.722s][info][gc,heap        ] GC(131) ParNew: 281294K->15203K(314560K)
[37.722s][info][gc,heap        ] GC(131) CMS: 121883K->121883K(699072K)
[37.722s][info][gc,metaspace   ] GC(131) Metaspace: 168634K(179928K)->168634K(179928K) NonClass: 148139K(153932K)->148139K(153932K) Class: 20494K(25996K)->20494K(25996K)
[37.722s][info][gc             ] GC(131) Pause Young (Allocation Failure) 393M->133M(989M) 4.091ms
[37.722s][info][gc,cpu         ] GC(131) User=0.00s Sys=0.00s Real=0.00s
[37.753s][info][gc,start       ] GC(132) Pause Young (Allocation Failure)
[37.754s][info][gc,task        ] GC(132) Using 6 workers of 6 for evacuation
[37.759s][info][gc,heap        ] GC(132) ParNew: 294819K->26867K(314560K)
[37.759s][info][gc,heap        ] GC(132) CMS: 121883K->121883K(699072K)
[37.759s][info][gc,metaspace   ] GC(132) Metaspace: 168634K(179928K)->168634K(179928K) NonClass: 148139K(153932K)->148139K(153932K) Class: 20494K(25996K)->20494K(25996K)
[37.759s][info][gc             ] GC(132) Pause Young (Allocation Failure) 406M->145M(989M) 5.286ms
[37.759s][info][gc,cpu         ] GC(132) User=0.02s Sys=0.00s Real=0.02s
[37.790s][info][gc,start       ] GC(133) Pause Young (Allocation Failure)
[37.790s][info][gc,task        ] GC(133) Using 6 workers of 6 for evacuation
[37.797s][info][gc,heap        ] GC(133) ParNew: 306483K->21872K(314560K)
[37.797s][info][gc,heap        ] GC(133) CMS: 121883K->139911K(699072K)
[37.797s][info][gc,metaspace   ] GC(133) Metaspace: 168634K(179928K)->168634K(179928K) NonClass: 148139K(153932K)->148139K(153932K) Class: 20494K(25996K)->20494K(25996K)
[37.797s][info][gc             ] GC(133) Pause Young (Allocation Failure) 418M->157M(989M) 6.981ms
[37.797s][info][gc,cpu         ] GC(133) User=0.00s Sys=0.00s Real=0.00s
[37.827s][info][gc,start       ] GC(134) Pause Young (Allocation Failure)
[37.827s][info][gc,task        ] GC(134) Using 6 workers of 6 for evacuation
[37.833s][info][gc,heap        ] GC(134) ParNew: 301488K->20537K(314560K)
[37.833s][info][gc,heap        ] GC(134) CMS: 139911K->153443K(699072K)
[37.833s][info][gc,metaspace   ] GC(134) Metaspace: 168634K(179928K)->168634K(179928K) NonClass: 148139K(153932K)->148139K(153932K) Class: 20494K(25996K)->20494K(25996K)
[37.833s][info][gc             ] GC(134) Pause Young (Allocation Failure) 431M->169M(989M) 6.274ms
[37.833s][info][gc,cpu         ] GC(134) User=0.00s Sys=0.00s Real=0.00s
[37.864s][info][gc,start       ] GC(135) Pause Young (Allocation Failure)
[37.864s][info][gc,task        ] GC(135) Using 6 workers of 6 for evacuation
[37.870s][info][gc,heap        ] GC(135) ParNew: 299845K->19110K(314560K)
[37.870s][info][gc,heap        ] GC(135) CMS: 153443K->168820K(699072K)
[37.870s][info][gc,metaspace   ] GC(135) Metaspace: 168634K(179928K)->168634K(179928K) NonClass: 148139K(153932K)->148139K(153932K) Class: 20494K(25996K)->20494K(25996K)
[37.870s][info][gc             ] GC(135) Pause Young (Allocation Failure) 442M->183M(989M) 6.254ms
[37.870s][info][gc,cpu         ] GC(135) User=0.02s Sys=0.00s Real=0.02s
[38.200s][info][gc,start       ] GC(136) Pause Young (Allocation Failure)
[38.200s][info][gc,task        ] GC(136) Using 6 workers of 6 for evacuation
[38.204s][info][gc,heap        ] GC(136) ParNew: 298552K->11378K(314560K)
[38.204s][info][gc,heap        ] GC(136) CMS: 168820K->182247K(699072K)
[38.204s][info][gc,metaspace   ] GC(136) Metaspace: 168634K(179928K)->168634K(179928K) NonClass: 148139K(153932K)->148139K(153932K) Class: 20494K(25996K)->20494K(25996K)
[38.204s][info][gc             ] GC(136) Pause Young (Allocation Failure) 456M->189M(989M) 4.633ms
[38.204s][info][gc,cpu         ] GC(136) User=0.00s Sys=0.00s Real=0.00s
[38.579s][info][gc,start       ] GC(137) Pause Young (Allocation Failure)
[38.579s][info][gc,task        ] GC(137) Using 6 workers of 6 for evacuation
[38.582s][info][gc,heap        ] GC(137) ParNew: 288250K->10181K(314560K)
[38.582s][info][gc,heap        ] GC(137) CMS: 182247K->182247K(699072K)
[38.582s][info][gc,metaspace   ] GC(137) Metaspace: 168638K(179928K)->168638K(179928K) NonClass: 148143K(153932K)->148143K(153932K) Class: 20494K(25996K)->20494K(25996K)
[38.582s][info][gc             ] GC(137) Pause Young (Allocation Failure) 459M->187M(989M) 2.935ms
[38.582s][info][gc,cpu         ] GC(137) User=0.00s Sys=0.00s Real=0.00s
[38.948s][info][gc,start       ] GC(138) Pause Young (Allocation Failure)
[38.948s][info][gc,task        ] GC(138) Using 6 workers of 6 for evacuation
[38.951s][info][gc,heap        ] GC(138) ParNew: 289797K->8646K(314560K)
[38.951s][info][gc,heap        ] GC(138) CMS: 182247K->182247K(699072K)
[38.951s][info][gc,metaspace   ] GC(138) Metaspace: 168646K(179928K)->168646K(179928K) NonClass: 148152K(153932K)->148152K(153932K) Class: 20494K(25996K)->20494K(25996K)
[38.951s][info][gc             ] GC(138) Pause Young (Allocation Failure) 460M->186M(989M) 3.402ms
[38.951s][info][gc,cpu         ] GC(138) User=0.02s Sys=0.00s Real=0.02s
[39.139s][info][gc,start       ] GC(139) Pause Full (System.gc())
[39.141s][info][gc,phases,start] GC(139) Phase 1: Mark live objects
[39.215s][info][gc,phases      ] GC(139) Phase 1: Mark live objects 74.376ms
[39.215s][info][gc,phases,start] GC(139) Phase 2: Compute new object addresses
[39.235s][info][gc,phases      ] GC(139) Phase 2: Compute new object addresses 19.675ms
[39.235s][info][gc,phases,start] GC(139) Phase 3: Adjust pointers
[39.278s][info][gc,phases      ] GC(139) Phase 3: Adjust pointers 42.785ms
[39.278s][info][gc,phases,start] GC(139) Phase 4: Move objects
[39.295s][info][gc,phases      ] GC(139) Phase 4: Move objects 17.324ms
[39.296s][info][gc,heap        ] GC(139) ParNew: 105087K->0K(314560K)
[39.296s][info][gc,heap        ] GC(139) CMS: 182247K->122246K(699072K)
[39.296s][info][gc,metaspace   ] GC(139) Metaspace: 168748K(180184K)->168748K(180184K) NonClass: 148254K(154188K)->148254K(154188K) Class: 20494K(25996K)->20494K(25996K)
[39.296s][info][gc             ] GC(139) Pause Full (System.gc()) 280M->119M(989M) 157.487ms
[39.296s][info][gc,cpu         ] GC(139) User=0.14s Sys=0.00s Real=0.16s
[39.386s][info][gc,start       ] GC(140) Pause Young (Allocation Failure)
[39.386s][info][gc,task        ] GC(140) Using 6 workers of 6 for evacuation
[39.389s][info][gc,heap        ] GC(140) ParNew: 279616K->2578K(314560K)
[39.389s][info][gc,heap        ] GC(140) CMS: 122246K->122246K(699072K)
[39.389s][info][gc,metaspace   ] GC(140) Metaspace: 168804K(180184K)->168804K(180184K) NonClass: 148309K(154188K)->148309K(154188K) Class: 20495K(25996K)->20495K(25996K)
[39.389s][info][gc             ] GC(140) Pause Young (Allocation Failure) 392M->121M(989M) 2.718ms
[39.389s][info][gc,cpu         ] GC(140) User=0.02s Sys=0.00s Real=0.00s
[39.421s][info][gc,start       ] GC(141) Pause Young (Allocation Failure)
[39.421s][info][gc,task        ] GC(141) Using 6 workers of 6 for evacuation
[39.423s][info][gc,heap        ] GC(141) ParNew: 282194K->1888K(314560K)
[39.423s][info][gc,heap        ] GC(141) CMS: 122246K->122246K(699072K)
[39.423s][info][gc,metaspace   ] GC(141) Metaspace: 168804K(180184K)->168804K(180184K) NonClass: 148309K(154188K)->148309K(154188K) Class: 20495K(25996K)->20495K(25996K)
[39.423s][info][gc             ] GC(141) Pause Young (Allocation Failure) 394M->121M(989M) 2.491ms
[39.423s][info][gc,cpu         ] GC(141) User=0.02s Sys=0.00s Real=0.01s
[39.508s][info][gc,start       ] GC(142) Pause Young (Allocation Failure)
[39.508s][info][gc,task        ] GC(142) Using 6 workers of 6 for evacuation
[39.512s][info][gc,heap        ] GC(142) ParNew: 281504K->12661K(314560K)
[39.512s][info][gc,heap        ] GC(142) CMS: 122246K->122246K(699072K)
[39.512s][info][gc,metaspace   ] GC(142) Metaspace: 168833K(180184K)->168833K(180184K) NonClass: 148336K(154188K)->148336K(154188K) Class: 20496K(25996K)->20496K(25996K)
[39.512s][info][gc             ] GC(142) Pause Young (Allocation Failure) 394M->131M(989M) 3.791ms
[39.512s][info][gc,cpu         ] GC(142) User=0.00s Sys=0.00s Real=0.00s
[39.543s][info][gc,start       ] GC(143) Pause Young (Allocation Failure)
[39.543s][info][gc,task        ] GC(143) Using 6 workers of 6 for evacuation
[39.548s][info][gc,heap        ] GC(143) ParNew: 292277K->26172K(314560K)
[39.548s][info][gc,heap        ] GC(143) CMS: 122246K->122246K(699072K)
[39.548s][info][gc,metaspace   ] GC(143) Metaspace: 168833K(180184K)->168833K(180184K) NonClass: 148336K(154188K)->148336K(154188K) Class: 20496K(25996K)->20496K(25996K)
[39.548s][info][gc             ] GC(143) Pause Young (Allocation Failure) 404M->144M(989M) 5.162ms
[39.548s][info][gc,cpu         ] GC(143) User=0.02s Sys=0.00s Real=0.02s
[39.579s][info][gc,start       ] GC(144) Pause Young (Allocation Failure)
[39.579s][info][gc,task        ] GC(144) Using 6 workers of 6 for evacuation
[39.586s][info][gc,heap        ] GC(144) ParNew: 305788K->23507K(314560K)
[39.586s][info][gc,heap        ] GC(144) CMS: 122246K->141402K(699072K)
[39.586s][info][gc,metaspace   ] GC(144) Metaspace: 168833K(180184K)->168833K(180184K) NonClass: 148336K(154188K)->148336K(154188K) Class: 20496K(25996K)->20496K(25996K)
[39.586s][info][gc             ] GC(144) Pause Young (Allocation Failure) 418M->161M(989M) 7.077ms
[39.586s][info][gc,cpu         ] GC(144) User=0.00s Sys=0.00s Real=0.00s
[39.617s][info][gc,start       ] GC(145) Pause Young (Allocation Failure)
[39.617s][info][gc,task        ] GC(145) Using 6 workers of 6 for evacuation
[39.624s][info][gc,heap        ] GC(145) ParNew: 303123K->21759K(314560K)
[39.624s][info][gc,heap        ] GC(145) CMS: 141402K->153934K(699072K)
[39.624s][info][gc,metaspace   ] GC(145) Metaspace: 168833K(180184K)->168833K(180184K) NonClass: 148336K(154188K)->148336K(154188K) Class: 20496K(25996K)->20496K(25996K)
[39.624s][info][gc             ] GC(145) Pause Young (Allocation Failure) 434M->171M(989M) 6.377ms
[39.624s][info][gc,cpu         ] GC(145) User=0.00s Sys=0.00s Real=0.00s
[39.659s][info][gc,start       ] GC(146) Pause Young (Allocation Failure)
[39.659s][info][gc,task        ] GC(146) Using 6 workers of 6 for evacuation
[39.665s][info][gc,heap        ] GC(146) ParNew: 301375K->21156K(314560K)
[39.665s][info][gc,heap        ] GC(146) CMS: 153934K->168288K(699072K)
[39.665s][info][gc,metaspace   ] GC(146) Metaspace: 168833K(180184K)->168833K(180184K) NonClass: 148336K(154188K)->148336K(154188K) Class: 20496K(25996K)->20496K(25996K)
[39.665s][info][gc             ] GC(146) Pause Young (Allocation Failure) 444M->185M(989M) 6.053ms
[39.665s][info][gc,cpu         ] GC(146) User=0.00s Sys=0.00s Real=0.00s
[39.993s][info][gc,start       ] GC(147) Pause Young (Allocation Failure)
[39.993s][info][gc,task        ] GC(147) Using 6 workers of 6 for evacuation
[39.998s][info][gc,heap        ] GC(147) ParNew: 300772K->11965K(314560K)
[39.998s][info][gc,heap        ] GC(147) CMS: 168288K->183513K(699072K)
[39.998s][info][gc,metaspace   ] GC(147) Metaspace: 168981K(180184K)->168981K(180184K) NonClass: 148485K(154188K)->148485K(154188K) Class: 20496K(25996K)->20496K(25996K)
[39.998s][info][gc             ] GC(147) Pause Young (Allocation Failure) 458M->190M(989M) 5.147ms
[39.999s][info][gc,cpu         ] GC(147) User=0.00s Sys=0.00s Real=0.00s
[40.375s][info][gc,start       ] GC(148) Pause Young (Allocation Failure)
[40.375s][info][gc,task        ] GC(148) Using 6 workers of 6 for evacuation
[40.377s][info][gc,heap        ] GC(148) ParNew: 289111K->8690K(314560K)
[40.377s][info][gc,heap        ] GC(148) CMS: 183513K->183513K(699072K)
[40.377s][info][gc,metaspace   ] GC(148) Metaspace: 168984K(180184K)->168984K(180184K) NonClass: 148487K(154188K)->148487K(154188K) Class: 20496K(25996K)->20496K(25996K)
[40.377s][info][gc             ] GC(148) Pause Young (Allocation Failure) 461M->187M(989M) 2.880ms
[40.377s][info][gc,cpu         ] GC(148) User=0.00s Sys=0.00s Real=0.00s
[40.770s][info][gc,start       ] GC(149) Pause Young (Allocation Failure)
[40.770s][info][gc,task        ] GC(149) Using 6 workers of 6 for evacuation
[40.773s][info][gc,heap        ] GC(149) ParNew: 288306K->7857K(314560K)
[40.773s][info][gc,heap        ] GC(149) CMS: 183513K->183513K(699072K)
[40.773s][info][gc,metaspace   ] GC(149) Metaspace: 168998K(180184K)->168998K(180184K) NonClass: 148502K(154188K)->148502K(154188K) Class: 20496K(25996K)->20496K(25996K)
[40.773s][info][gc             ] GC(149) Pause Young (Allocation Failure) 460M->186M(989M) 3.284ms
[40.773s][info][gc,cpu         ] GC(149) User=0.00s Sys=0.00s Real=0.02s
[40.936s][info][gc,start       ] GC(150) Pause Full (System.gc())
[40.940s][info][gc,phases,start] GC(150) Phase 1: Mark live objects
[41.016s][info][gc,phases      ] GC(150) Phase 1: Mark live objects 75.896ms
[41.016s][info][gc,phases,start] GC(150) Phase 2: Compute new object addresses
[41.036s][info][gc,phases      ] GC(150) Phase 2: Compute new object addresses 19.901ms
[41.036s][info][gc,phases,start] GC(150) Phase 3: Adjust pointers
[41.080s][info][gc,phases      ] GC(150) Phase 3: Adjust pointers 43.968ms
[41.080s][info][gc,phases,start] GC(150) Phase 4: Move objects
[41.096s][info][gc,phases      ] GC(150) Phase 4: Move objects 16.160ms
[41.097s][info][gc,heap        ] GC(150) ParNew: 103401K->0K(314560K)
[41.097s][info][gc,heap        ] GC(150) CMS: 183513K->122533K(699072K)
[41.097s][info][gc,metaspace   ] GC(150) Metaspace: 169080K(180440K)->169080K(180440K) NonClass: 148583K(154444K)->148583K(154444K) Class: 20496K(25996K)->20496K(25996K)
[41.098s][info][gc             ] GC(150) Pause Full (System.gc()) 280M->119M(989M) 161.310ms
[41.098s][info][gc,cpu         ] GC(150) User=0.16s Sys=0.00s Real=0.16s
[41.186s][info][gc,start       ] GC(151) Pause Young (Allocation Failure)
[41.187s][info][gc,task        ] GC(151) Using 6 workers of 6 for evacuation
[41.189s][info][gc,heap        ] GC(151) ParNew: 279616K->2798K(314560K)
[41.189s][info][gc,heap        ] GC(151) CMS: 122533K->122533K(699072K)
[41.189s][info][gc,metaspace   ] GC(151) Metaspace: 169132K(180440K)->169132K(180440K) NonClass: 148636K(154444K)->148636K(154444K) Class: 20496K(25996K)->20496K(25996K)
[41.189s][info][gc             ] GC(151) Pause Young (Allocation Failure) 392M->122M(989M) 2.320ms
[41.189s][info][gc,cpu         ] GC(151) User=0.00s Sys=0.00s Real=0.00s
[41.217s][info][gc,start       ] GC(152) Pause Young (Allocation Failure)
[41.217s][info][gc,task        ] GC(152) Using 6 workers of 6 for evacuation
[41.219s][info][gc,heap        ] GC(152) ParNew: 282414K->1543K(314560K)
[41.219s][info][gc,heap        ] GC(152) CMS: 122533K->122533K(699072K)
[41.219s][info][gc,metaspace   ] GC(152) Metaspace: 169132K(180440K)->169132K(180440K) NonClass: 148636K(154444K)->148636K(154444K) Class: 20496K(25996K)->20496K(25996K)
[41.219s][info][gc             ] GC(152) Pause Young (Allocation Failure) 395M->121M(989M) 2.028ms
[41.219s][info][gc,cpu         ] GC(152) User=0.00s Sys=0.00s Real=0.00s
[41.299s][info][gc,start       ] GC(153) Pause Young (Allocation Failure)
[41.299s][info][gc,task        ] GC(153) Using 6 workers of 6 for evacuation
[41.303s][info][gc,heap        ] GC(153) ParNew: 281159K->13944K(314560K)
[41.303s][info][gc,heap        ] GC(153) CMS: 122533K->122533K(699072K)
[41.303s][info][gc,metaspace   ] GC(153) Metaspace: 169141K(180440K)->169141K(180440K) NonClass: 148645K(154444K)->148645K(154444K) Class: 20496K(25996K)->20496K(25996K)
[41.303s][info][gc             ] GC(153) Pause Young (Allocation Failure) 394M->133M(989M) 3.937ms
[41.303s][info][gc,cpu         ] GC(153) User=0.00s Sys=0.00s Real=0.00s
[41.334s][info][gc,start       ] GC(154) Pause Young (Allocation Failure)
[41.334s][info][gc,task        ] GC(154) Using 6 workers of 6 for evacuation
[41.339s][info][gc,heap        ] GC(154) ParNew: 293560K->28994K(314560K)
[41.339s][info][gc,heap        ] GC(154) CMS: 122533K->122533K(699072K)
[41.339s][info][gc,metaspace   ] GC(154) Metaspace: 169141K(180440K)->169141K(180440K) NonClass: 148645K(154444K)->148645K(154444K) Class: 20496K(25996K)->20496K(25996K)
[41.339s][info][gc             ] GC(154) Pause Young (Allocation Failure) 406M->147M(989M) 5.239ms
[41.339s][info][gc,cpu         ] GC(154) User=0.02s Sys=0.00s Real=0.02s
[41.370s][info][gc,start       ] GC(155) Pause Young (Allocation Failure)
[41.370s][info][gc,task        ] GC(155) Using 6 workers of 6 for evacuation
[41.377s][info][gc,heap        ] GC(155) ParNew: 308610K->23844K(314560K)
[41.377s][info][gc,heap        ] GC(155) CMS: 122533K->140603K(699072K)
[41.377s][info][gc,metaspace   ] GC(155) Metaspace: 169141K(180440K)->169141K(180440K) NonClass: 148645K(154444K)->148645K(154444K) Class: 20496K(25996K)->20496K(25996K)
[41.377s][info][gc             ] GC(155) Pause Young (Allocation Failure) 421M->160M(989M) 7.165ms
[41.377s][info][gc,cpu         ] GC(155) User=0.02s Sys=0.00s Real=0.02s
[41.408s][info][gc,start       ] GC(156) Pause Young (Allocation Failure)
[41.408s][info][gc,task        ] GC(156) Using 6 workers of 6 for evacuation
[41.414s][info][gc,heap        ] GC(156) ParNew: 303460K->21975K(314560K)
[41.414s][info][gc,heap        ] GC(156) CMS: 140603K->155156K(699072K)
[41.414s][info][gc,metaspace   ] GC(156) Metaspace: 169141K(180440K)->169141K(180440K) NonClass: 148645K(154444K)->148645K(154444K) Class: 20496K(25996K)->20496K(25996K)
[41.414s][info][gc             ] GC(156) Pause Young (Allocation Failure) 433M->172M(989M) 6.382ms
[41.414s][info][gc,cpu         ] GC(156) User=0.00s Sys=0.00s Real=0.01s
[41.445s][info][gc,start       ] GC(157) Pause Young (Allocation Failure)
[41.445s][info][gc,task        ] GC(157) Using 6 workers of 6 for evacuation
[41.451s][info][gc,heap        ] GC(157) ParNew: 301063K->28074K(314560K)
[41.452s][info][gc,heap        ] GC(157) CMS: 155156K->168851K(699072K)
[41.452s][info][gc,metaspace   ] GC(157) Metaspace: 169141K(180440K)->169141K(180440K) NonClass: 148645K(154444K)->148645K(154444K) Class: 20496K(25996K)->20496K(25996K)
[41.452s][info][gc             ] GC(157) Pause Young (Allocation Failure) 445M->192M(989M) 6.721ms
[41.452s][info][gc,cpu         ] GC(157) User=0.02s Sys=0.00s Real=0.02s
[41.788s][info][gc,start       ] GC(158) Pause Young (Allocation Failure)
[41.788s][info][gc,task        ] GC(158) Using 6 workers of 6 for evacuation
[41.792s][info][gc,heap        ] GC(158) ParNew: 304158K->16560K(314560K)
[41.792s][info][gc,heap        ] GC(158) CMS: 168851K->182265K(699072K)
[41.792s][info][gc,metaspace   ] GC(158) Metaspace: 169147K(180440K)->169147K(180440K) NonClass: 148650K(154444K)->148650K(154444K) Class: 20496K(25996K)->20496K(25996K)
[41.792s][info][gc             ] GC(158) Pause Young (Allocation Failure) 461M->194M(989M) 4.534ms
[41.792s][info][gc,cpu         ] GC(158) User=0.00s Sys=0.00s Real=0.00s
[42.165s][info][gc,start       ] GC(159) Pause Young (Allocation Failure)
[42.165s][info][gc,task        ] GC(159) Using 6 workers of 6 for evacuation
[42.168s][info][gc,heap        ] GC(159) ParNew: 296176K->10993K(314560K)
[42.168s][info][gc,heap        ] GC(159) CMS: 182265K->182265K(699072K)
[42.168s][info][gc,metaspace   ] GC(159) Metaspace: 169161K(180440K)->169161K(180440K) NonClass: 148664K(154444K)->148664K(154444K) Class: 20497K(25996K)->20497K(25996K)
[42.168s][info][gc             ] GC(159) Pause Young (Allocation Failure) 467M->188M(989M) 3.050ms
[42.168s][info][gc,cpu         ] GC(159) User=0.00s Sys=0.00s Real=0.00s
[42.520s][info][gc,start       ] GC(160) Pause Young (Allocation Failure)
[42.520s][info][gc,task        ] GC(160) Using 6 workers of 6 for evacuation
[42.524s][info][gc,heap        ] GC(160) ParNew: 287789K->9961K(314560K)
[42.524s][info][gc,heap        ] GC(160) CMS: 182265K->182265K(699072K)
[42.524s][info][gc,metaspace   ] GC(160) Metaspace: 169174K(180440K)->169174K(180440K) NonClass: 148677K(154444K)->148677K(154444K) Class: 20497K(25996K)->20497K(25996K)
[42.524s][info][gc             ] GC(160) Pause Young (Allocation Failure) 459M->187M(989M) 3.548ms
[42.524s][info][gc,cpu         ] GC(160) User=0.00s Sys=0.00s Real=0.00s
[42.719s][info][gc,start       ] GC(161) Pause Full (System.gc())
[42.722s][info][gc,phases,start] GC(161) Phase 1: Mark live objects
[42.797s][info][gc,phases      ] GC(161) Phase 1: Mark live objects 75.212ms
[42.797s][info][gc,phases,start] GC(161) Phase 2: Compute new object addresses
[42.817s][info][gc,phases      ] GC(161) Phase 2: Compute new object addresses 20.361ms
[42.817s][info][gc,phases,start] GC(161) Phase 3: Adjust pointers
[42.862s][info][gc,phases      ] GC(161) Phase 3: Adjust pointers 44.264ms
[42.862s][info][gc,phases,start] GC(161) Phase 4: Move objects
[42.873s][info][gc,phases      ] GC(161) Phase 4: Move objects 10.985ms
[42.874s][info][gc,heap        ] GC(161) ParNew: 111574K->0K(314560K)
[42.874s][info][gc,heap        ] GC(161) CMS: 182265K->122972K(699072K)
[42.874s][info][gc,metaspace   ] GC(161) Metaspace: 169237K(180440K)->169237K(180440K) NonClass: 148740K(154444K)->148740K(154444K) Class: 20497K(25996K)->20497K(25996K)
[42.874s][info][gc             ] GC(161) Pause Full (System.gc()) 286M->120M(989M) 154.974ms
[42.874s][info][gc,cpu         ] GC(161) User=0.12s Sys=0.00s Real=0.15s
[42.961s][info][gc,start       ] GC(162) Pause Young (Allocation Failure)
[42.961s][info][gc,task        ] GC(162) Using 6 workers of 6 for evacuation
[42.963s][info][gc,heap        ] GC(162) ParNew: 279616K->3036K(314560K)
[42.963s][info][gc,heap        ] GC(162) CMS: 122972K->122972K(699072K)
[42.963s][info][gc,metaspace   ] GC(162) Metaspace: 169253K(180440K)->169253K(180440K) NonClass: 148755K(154444K)->148755K(154444K) Class: 20497K(25996K)->20497K(25996K)
[42.963s][info][gc             ] GC(162) Pause Young (Allocation Failure) 393M->123M(989M) 2.337ms
[42.963s][info][gc,cpu         ] GC(162) User=0.00s Sys=0.00s Real=0.00s
[42.991s][info][gc,start       ] GC(163) Pause Young (Allocation Failure)
[42.992s][info][gc,task        ] GC(163) Using 6 workers of 6 for evacuation
[42.993s][info][gc,heap        ] GC(163) ParNew: 282652K->1771K(314560K)
[42.994s][info][gc,heap        ] GC(163) CMS: 122972K->122972K(699072K)
[42.994s][info][gc,metaspace   ] GC(163) Metaspace: 169253K(180440K)->169253K(180440K) NonClass: 148755K(154444K)->148755K(154444K) Class: 20497K(25996K)->20497K(25996K)
[42.994s][info][gc             ] GC(163) Pause Young (Allocation Failure) 396M->121M(989M) 2.073ms
[42.994s][info][gc,cpu         ] GC(163) User=0.00s Sys=0.00s Real=0.00s
[43.071s][info][gc,start       ] GC(164) Pause Young (Allocation Failure)
[43.071s][info][gc,task        ] GC(164) Using 6 workers of 6 for evacuation
[43.074s][info][gc,heap        ] GC(164) ParNew: 281387K->13162K(314560K)
[43.074s][info][gc,heap        ] GC(164) CMS: 122972K->122972K(699072K)
[43.074s][info][gc,metaspace   ] GC(164) Metaspace: 169253K(180440K)->169253K(180440K) NonClass: 148755K(154444K)->148755K(154444K) Class: 20497K(25996K)->20497K(25996K)
[43.074s][info][gc             ] GC(164) Pause Young (Allocation Failure) 394M->132M(989M) 3.829ms
[43.074s][info][gc,cpu         ] GC(164) User=0.00s Sys=0.00s Real=0.00s
[43.107s][info][gc,start       ] GC(165) Pause Young (Allocation Failure)
[43.107s][info][gc,task        ] GC(165) Using 6 workers of 6 for evacuation
[43.112s][info][gc,heap        ] GC(165) ParNew: 292778K->28674K(314560K)
[43.112s][info][gc,heap        ] GC(165) CMS: 122972K->122972K(699072K)
[43.112s][info][gc,metaspace   ] GC(165) Metaspace: 169253K(180440K)->169253K(180440K) NonClass: 148755K(154444K)->148755K(154444K) Class: 20497K(25996K)->20497K(25996K)
[43.112s][info][gc             ] GC(165) Pause Young (Allocation Failure) 406M->148M(989M) 5.492ms
[43.112s][info][gc,cpu         ] GC(165) User=0.00s Sys=0.00s Real=0.00s
[43.143s][info][gc,start       ] GC(166) Pause Young (Allocation Failure)
[43.143s][info][gc,task        ] GC(166) Using 6 workers of 6 for evacuation
[43.150s][info][gc,heap        ] GC(166) ParNew: 308290K->25014K(314560K)
[43.150s][info][gc,heap        ] GC(166) CMS: 122972K->140022K(699072K)
[43.150s][info][gc,metaspace   ] GC(166) Metaspace: 169253K(180440K)->169253K(180440K) NonClass: 148755K(154444K)->148755K(154444K) Class: 20497K(25996K)->20497K(25996K)
[43.150s][info][gc             ] GC(166) Pause Young (Allocation Failure) 421M->161M(989M) 6.977ms
[43.150s][info][gc,cpu         ] GC(166) User=0.02s Sys=0.00s Real=0.02s
[43.181s][info][gc,start       ] GC(167) Pause Young (Allocation Failure)
[43.181s][info][gc,task        ] GC(167) Using 6 workers of 6 for evacuation
[43.188s][info][gc,heap        ] GC(167) ParNew: 304630K->24313K(314560K)
[43.188s][info][gc,heap        ] GC(167) CMS: 140022K->155584K(699072K)
[43.188s][info][gc,metaspace   ] GC(167) Metaspace: 169253K(180440K)->169253K(180440K) NonClass: 148755K(154444K)->148755K(154444K) Class: 20497K(25996K)->20497K(25996K)
[43.188s][info][gc             ] GC(167) Pause Young (Allocation Failure) 434M->175M(989M) 6.699ms
[43.188s][info][gc,cpu         ] GC(167) User=0.00s Sys=0.00s Real=0.00s
[43.219s][info][gc,start       ] GC(168) Pause Young (Allocation Failure)
[43.219s][info][gc,task        ] GC(168) Using 6 workers of 6 for evacuation
[43.226s][info][gc,heap        ] GC(168) ParNew: 303929K->23800K(314560K)
[43.226s][info][gc,heap        ] GC(168) CMS: 155584K->168947K(699072K)
[43.226s][info][gc,metaspace   ] GC(168) Metaspace: 169253K(180440K)->169253K(180440K) NonClass: 148755K(154444K)->148755K(154444K) Class: 20497K(25996K)->20497K(25996K)
[43.226s][info][gc             ] GC(168) Pause Young (Allocation Failure) 448M->188M(989M) 6.525ms
[43.226s][info][gc,cpu         ] GC(168) User=0.00s Sys=0.00s Real=0.01s
[43.533s][info][gc,start       ] GC(169) Pause Young (Allocation Failure)
[43.533s][info][gc,task        ] GC(169) Using 6 workers of 6 for evacuation
[43.538s][info][gc,heap        ] GC(169) ParNew: 303416K->14988K(314560K)
[43.538s][info][gc,heap        ] GC(169) CMS: 168947K->182624K(699072K)
[43.538s][info][gc,metaspace   ] GC(169) Metaspace: 169262K(180440K)->169262K(180440K) NonClass: 148764K(154444K)->148764K(154444K) Class: 20497K(25996K)->20497K(25996K)
[43.538s][info][gc             ] GC(169) Pause Young (Allocation Failure) 461M->192M(989M) 4.719ms
[43.538s][info][gc,cpu         ] GC(169) User=0.00s Sys=0.00s Real=0.02s
[43.925s][info][gc,start       ] GC(170) Pause Young (Allocation Failure)
[43.925s][info][gc,task        ] GC(170) Using 6 workers of 6 for evacuation
[43.928s][info][gc,heap        ] GC(170) ParNew: 291285K->11328K(314560K)
[43.928s][info][gc,heap        ] GC(170) CMS: 182624K->182624K(699072K)
[43.928s][info][gc,metaspace   ] GC(170) Metaspace: 169262K(180440K)->169262K(180440K) NonClass: 148764K(154444K)->148764K(154444K) Class: 20497K(25996K)->20497K(25996K)
[43.928s][info][gc             ] GC(170) Pause Young (Allocation Failure) 462M->189M(989M) 3.173ms
[43.928s][info][gc,cpu         ] GC(170) User=0.00s Sys=0.00s Real=0.00s
[44.293s][info][gc,start       ] GC(171) Pause Young (Allocation Failure)
[44.293s][info][gc,task        ] GC(171) Using 6 workers of 6 for evacuation
[44.296s][info][gc,heap        ] GC(171) ParNew: 290944K->10299K(314560K)
[44.296s][info][gc,heap        ] GC(171) CMS: 182624K->182624K(699072K)
[44.296s][info][gc,metaspace   ] GC(171) Metaspace: 169263K(180440K)->169263K(180440K) NonClass: 148765K(154444K)->148765K(154444K) Class: 20497K(25996K)->20497K(25996K)
[44.296s][info][gc             ] GC(171) Pause Young (Allocation Failure) 462M->188M(989M) 2.986ms
[44.296s][info][gc,cpu         ] GC(171) User=0.00s Sys=0.00s Real=0.00s
[44.463s][info][gc,start       ] GC(172) Pause Full (System.gc())
[44.465s][info][gc,phases,start] GC(172) Phase 1: Mark live objects
[44.542s][info][gc,phases      ] GC(172) Phase 1: Mark live objects 76.540ms
[44.542s][info][gc,phases,start] GC(172) Phase 2: Compute new object addresses
[44.562s][info][gc,phases      ] GC(172) Phase 2: Compute new object addresses 20.635ms
[44.562s][info][gc,phases,start] GC(172) Phase 3: Adjust pointers
[44.607s][info][gc,phases      ] GC(172) Phase 3: Adjust pointers 44.733ms
[44.607s][info][gc,phases,start] GC(172) Phase 4: Move objects
[44.618s][info][gc,phases      ] GC(172) Phase 4: Move objects 11.150ms
[44.619s][info][gc,heap        ] GC(172) ParNew: 106968K->0K(314560K)
[44.619s][info][gc,heap        ] GC(172) CMS: 182624K->123245K(699072K)
[44.619s][info][gc,metaspace   ] GC(172) Metaspace: 169299K(180440K)->169299K(180440K) NonClass: 148802K(154444K)->148802K(154444K) Class: 20497K(25996K)->20497K(25996K)
[44.620s][info][gc             ] GC(172) Pause Full (System.gc()) 282M->120M(989M) 156.932ms
[44.620s][info][gc,cpu         ] GC(172) User=0.14s Sys=0.00s Real=0.17s
[44.706s][info][gc,start       ] GC(173) Pause Young (Allocation Failure)
[44.706s][info][gc,task        ] GC(173) Using 6 workers of 6 for evacuation
[44.708s][info][gc,heap        ] GC(173) ParNew: 279616K->1789K(314560K)
[44.708s][info][gc,heap        ] GC(173) CMS: 123245K->123245K(699072K)
[44.708s][info][gc,metaspace   ] GC(173) Metaspace: 169337K(180440K)->169337K(180440K) NonClass: 148840K(154444K)->148840K(154444K) Class: 20497K(25996K)->20497K(25996K)
[44.708s][info][gc             ] GC(173) Pause Young (Allocation Failure) 393M->122M(989M) 2.384ms
[44.708s][info][gc,cpu         ] GC(173) User=0.00s Sys=0.00s Real=0.00s
[44.737s][info][gc,start       ] GC(174) Pause Young (Allocation Failure)
[44.737s][info][gc,task        ] GC(174) Using 6 workers of 6 for evacuation
[44.739s][info][gc,heap        ] GC(174) ParNew: 281405K->1572K(314560K)
[44.739s][info][gc,heap        ] GC(174) CMS: 123245K->123245K(699072K)
[44.739s][info][gc,metaspace   ] GC(174) Metaspace: 169337K(180440K)->169337K(180440K) NonClass: 148840K(154444K)->148840K(154444K) Class: 20497K(25996K)->20497K(25996K)
[44.739s][info][gc             ] GC(174) Pause Young (Allocation Failure) 395M->121M(989M) 2.212ms
[44.739s][info][gc,cpu         ] GC(174) User=0.00s Sys=0.00s Real=0.00s
[44.826s][info][gc,start       ] GC(175) Pause Young (Allocation Failure)
[44.826s][info][gc,task        ] GC(175) Using 6 workers of 6 for evacuation
[44.830s][info][gc,heap        ] GC(175) ParNew: 281188K->14744K(314560K)
[44.830s][info][gc,heap        ] GC(175) CMS: 123245K->123245K(699072K)
[44.830s][info][gc,metaspace   ] GC(175) Metaspace: 169338K(180440K)->169338K(180440K) NonClass: 148840K(154444K)->148840K(154444K) Class: 20497K(25996K)->20497K(25996K)
[44.830s][info][gc             ] GC(175) Pause Young (Allocation Failure) 394M->134M(989M) 4.024ms
[44.830s][info][gc,cpu         ] GC(175) User=0.00s Sys=0.00s Real=0.00s
[44.861s][info][gc,start       ] GC(176) Pause Young (Allocation Failure)
[44.861s][info][gc,task        ] GC(176) Using 6 workers of 6 for evacuation
[44.866s][info][gc,heap        ] GC(176) ParNew: 294360K->27151K(314560K)
[44.866s][info][gc,heap        ] GC(176) CMS: 123245K->123245K(699072K)
[44.866s][info][gc,metaspace   ] GC(176) Metaspace: 169338K(180440K)->169338K(180440K) NonClass: 148840K(154444K)->148840K(154444K) Class: 20497K(25996K)->20497K(25996K)
[44.866s][info][gc             ] GC(176) Pause Young (Allocation Failure) 407M->146M(989M) 5.202ms
[44.866s][info][gc,cpu         ] GC(176) User=0.00s Sys=0.00s Real=0.00s
[44.896s][info][gc,start       ] GC(177) Pause Young (Allocation Failure)
[44.896s][info][gc,task        ] GC(177) Using 6 workers of 6 for evacuation
[44.903s][info][gc,heap        ] GC(177) ParNew: 306767K->25251K(314560K)
[44.903s][info][gc,heap        ] GC(177) CMS: 123245K->141326K(699072K)
[44.903s][info][gc,metaspace   ] GC(177) Metaspace: 169338K(180440K)->169338K(180440K) NonClass: 148840K(154444K)->148840K(154444K) Class: 20497K(25996K)->20497K(25996K)
[44.903s][info][gc             ] GC(177) Pause Young (Allocation Failure) 419M->162M(989M) 7.399ms
[44.904s][info][gc,cpu         ] GC(177) User=0.00s Sys=0.00s Real=0.00s
[44.935s][info][gc,start       ] GC(178) Pause Young (Allocation Failure)
[44.935s][info][gc,task        ] GC(178) Using 6 workers of 6 for evacuation
[44.941s][info][gc,heap        ] GC(178) ParNew: 304867K->25029K(314560K)
[44.941s][info][gc,heap        ] GC(178) CMS: 141326K->154670K(699072K)
[44.941s][info][gc,metaspace   ] GC(178) Metaspace: 169338K(180440K)->169338K(180440K) NonClass: 148840K(154444K)->148840K(154444K) Class: 20497K(25996K)->20497K(25996K)
[44.941s][info][gc             ] GC(178) Pause Young (Allocation Failure) 435M->175M(989M) 6.328ms
[44.941s][info][gc,cpu         ] GC(178) User=0.02s Sys=0.00s Real=0.02s
[44.971s][info][gc,start       ] GC(179) Pause Young (Allocation Failure)
[44.971s][info][gc,task        ] GC(179) Using 6 workers of 6 for evacuation
[44.977s][info][gc,heap        ] GC(179) ParNew: 304645K->21167K(314560K)
[44.977s][info][gc,heap        ] GC(179) CMS: 154670K->170250K(699072K)
[44.977s][info][gc,metaspace   ] GC(179) Metaspace: 169338K(180440K)->169338K(180440K) NonClass: 148840K(154444K)->148840K(154444K) Class: 20497K(25996K)->20497K(25996K)
[44.978s][info][gc             ] GC(179) Pause Young (Allocation Failure) 448M->186M(989M) 6.600ms
[44.978s][info][gc,cpu         ] GC(179) User=0.00s Sys=0.00s Real=0.00s
[45.302s][info][gc,start       ] GC(180) Pause Young (Allocation Failure)
[45.302s][info][gc,task        ] GC(180) Using 6 workers of 6 for evacuation
[45.306s][info][gc,heap        ] GC(180) ParNew: 299278K->15327K(314560K)
[45.306s][info][gc,heap        ] GC(180) CMS: 170250K->183582K(699072K)
[45.306s][info][gc,metaspace   ] GC(180) Metaspace: 169339K(180440K)->169339K(180440K) NonClass: 148842K(154444K)->148842K(154444K) Class: 20497K(25996K)->20497K(25996K)
[45.306s][info][gc             ] GC(180) Pause Young (Allocation Failure) 458M->194M(989M) 4.292ms
[45.306s][info][gc,cpu         ] GC(180) User=0.00s Sys=0.00s Real=0.00s
[45.695s][info][gc,start       ] GC(181) Pause Young (Allocation Failure)
[45.695s][info][gc,task        ] GC(181) Using 6 workers of 6 for evacuation
[45.698s][info][gc,heap        ] GC(181) ParNew: 294578K->12393K(314560K)
[45.698s][info][gc,heap        ] GC(181) CMS: 183582K->183582K(699072K)
[45.698s][info][gc,metaspace   ] GC(181) Metaspace: 169342K(180440K)->169342K(180440K) NonClass: 148845K(154444K)->148845K(154444K) Class: 20497K(25996K)->20497K(25996K)
[45.698s][info][gc             ] GC(181) Pause Young (Allocation Failure) 466M->191M(989M) 3.000ms
[45.698s][info][gc,cpu         ] GC(181) User=0.00s Sys=0.00s Real=0.00s
[46.060s][info][gc,start       ] GC(182) Pause Young (Allocation Failure)
[46.060s][info][gc,task        ] GC(182) Using 6 workers of 6 for evacuation
[46.063s][info][gc,heap        ] GC(182) ParNew: 292009K->10571K(314560K)
[46.064s][info][gc,heap        ] GC(182) CMS: 183582K->183582K(699072K)
[46.064s][info][gc,metaspace   ] GC(182) Metaspace: 169343K(180440K)->169343K(180440K) NonClass: 148846K(154444K)->148846K(154444K) Class: 20497K(25996K)->20497K(25996K)
[46.064s][info][gc             ] GC(182) Pause Young (Allocation Failure) 464M->189M(989M) 3.279ms
[46.064s][info][gc,cpu         ] GC(182) User=0.00s Sys=0.00s Real=0.00s
[46.255s][info][gc,start       ] GC(183) Pause Full (System.gc())
[46.259s][info][gc,phases,start] GC(183) Phase 1: Mark live objects
[46.336s][info][gc,phases      ] GC(183) Phase 1: Mark live objects 76.633ms
[46.336s][info][gc,phases,start] GC(183) Phase 2: Compute new object addresses
[46.356s][info][gc,phases      ] GC(183) Phase 2: Compute new object addresses 20.507ms
[46.356s][info][gc,phases,start] GC(183) Phase 3: Adjust pointers
[46.401s][info][gc,phases      ] GC(183) Phase 3: Adjust pointers 45.038ms
[46.401s][info][gc,phases,start] GC(183) Phase 4: Move objects
[46.412s][info][gc,phases      ] GC(183) Phase 4: Move objects 11.168ms
[46.413s][info][gc,heap        ] GC(183) ParNew: 108492K->0K(314560K)
[46.414s][info][gc,heap        ] GC(183) CMS: 183582K->123605K(699072K)
[46.414s][info][gc,metaspace   ] GC(183) Metaspace: 169450K(180696K)->169450K(180696K) NonClass: 148951K(154700K)->148951K(154700K) Class: 20498K(25996K)->20498K(25996K)
[46.414s][info][gc             ] GC(183) Pause Full (System.gc()) 285M->120M(989M) 158.698ms
[46.414s][info][gc,cpu         ] GC(183) User=0.16s Sys=0.00s Real=0.16s
[46.508s][info][gc,start       ] GC(184) Pause Young (Allocation Failure)
[46.508s][info][gc,task        ] GC(184) Using 6 workers of 6 for evacuation
[46.510s][info][gc,heap        ] GC(184) ParNew: 279616K->2237K(314560K)
[46.510s][info][gc,heap        ] GC(184) CMS: 123605K->123605K(699072K)
[46.510s][info][gc,metaspace   ] GC(184) Metaspace: 169549K(180696K)->169549K(180696K) NonClass: 149039K(154700K)->149039K(154700K) Class: 20510K(25996K)->20510K(25996K)
[46.510s][info][gc             ] GC(184) Pause Young (Allocation Failure) 393M->122M(989M) 2.387ms
[46.510s][info][gc,cpu         ] GC(184) User=0.00s Sys=0.00s Real=0.00s
[46.539s][info][gc,start       ] GC(185) Pause Young (Allocation Failure)
[46.539s][info][gc,task        ] GC(185) Using 6 workers of 6 for evacuation
[46.542s][info][gc,heap        ] GC(185) ParNew: 281853K->1616K(314560K)
[46.542s][info][gc,heap        ] GC(185) CMS: 123605K->123605K(699072K)
[46.542s][info][gc,metaspace   ] GC(185) Metaspace: 169551K(180696K)->169551K(180696K) NonClass: 149040K(154700K)->149040K(154700K) Class: 20510K(25996K)->20510K(25996K)
[46.542s][info][gc             ] GC(185) Pause Young (Allocation Failure) 395M->122M(989M) 2.334ms
[46.542s][info][gc,cpu         ] GC(185) User=0.00s Sys=0.00s Real=0.00s
[46.628s][info][gc,start       ] GC(186) Pause Young (Allocation Failure)
[46.628s][info][gc,task        ] GC(186) Using 6 workers of 6 for evacuation
[46.632s][info][gc,heap        ] GC(186) ParNew: 281232K->12552K(314560K)
[46.632s][info][gc,heap        ] GC(186) CMS: 123605K->123605K(699072K)
[46.632s][info][gc,metaspace   ] GC(186) Metaspace: 169561K(180696K)->169561K(180696K) NonClass: 149050K(154700K)->149050K(154700K) Class: 20511K(25996K)->20511K(25996K)
[46.632s][info][gc             ] GC(186) Pause Young (Allocation Failure) 395M->132M(989M) 3.907ms
[46.632s][info][gc,cpu         ] GC(186) User=0.00s Sys=0.00s Real=0.01s
[46.664s][info][gc,start       ] GC(187) Pause Young (Allocation Failure)
[46.664s][info][gc,task        ] GC(187) Using 6 workers of 6 for evacuation
[46.669s][info][gc,heap        ] GC(187) ParNew: 292168K->26706K(314560K)
[46.669s][info][gc,heap        ] GC(187) CMS: 123605K->123605K(699072K)
[46.669s][info][gc,metaspace   ] GC(187) Metaspace: 169561K(180696K)->169561K(180696K) NonClass: 149050K(154700K)->149050K(154700K) Class: 20511K(25996K)->20511K(25996K)
[46.669s][info][gc             ] GC(187) Pause Young (Allocation Failure) 406M->146M(989M) 5.367ms
[46.670s][info][gc,cpu         ] GC(187) User=0.00s Sys=0.00s Real=0.00s
[46.702s][info][gc,start       ] GC(188) Pause Young (Allocation Failure)
[46.702s][info][gc,task        ] GC(188) Using 6 workers of 6 for evacuation
[46.709s][info][gc,heap        ] GC(188) ParNew: 306322K->24021K(314560K)
[46.709s][info][gc,heap        ] GC(188) CMS: 123605K->141633K(699072K)
[46.709s][info][gc,metaspace   ] GC(188) Metaspace: 169561K(180696K)->169561K(180696K) NonClass: 149050K(154700K)->149050K(154700K) Class: 20511K(25996K)->20511K(25996K)
[46.709s][info][gc             ] GC(188) Pause Young (Allocation Failure) 419M->161M(989M) 7.112ms
[46.709s][info][gc,cpu         ] GC(188) User=0.00s Sys=0.00s Real=0.00s
[46.739s][info][gc,start       ] GC(189) Pause Young (Allocation Failure)
[46.739s][info][gc,task        ] GC(189) Using 6 workers of 6 for evacuation
[46.746s][info][gc,heap        ] GC(189) ParNew: 303637K->24166K(314560K)
[46.746s][info][gc,heap        ] GC(189) CMS: 141633K->155497K(699072K)
[46.746s][info][gc,metaspace   ] GC(189) Metaspace: 169561K(180696K)->169561K(180696K) NonClass: 149050K(154700K)->149050K(154700K) Class: 20511K(25996K)->20511K(25996K)
[46.746s][info][gc             ] GC(189) Pause Young (Allocation Failure) 434M->175M(989M) 6.902ms
[46.746s][info][gc,cpu         ] GC(189) User=0.02s Sys=0.00s Real=0.02s
[46.776s][info][gc,start       ] GC(190) Pause Young (Allocation Failure)
[46.776s][info][gc,task        ] GC(190) Using 6 workers of 6 for evacuation
[46.783s][info][gc,heap        ] GC(190) ParNew: 303782K->25212K(314560K)
[46.783s][info][gc,heap        ] GC(190) CMS: 155497K->168502K(699072K)
[46.783s][info][gc,metaspace   ] GC(190) Metaspace: 169561K(180696K)->169561K(180696K) NonClass: 149050K(154700K)->149050K(154700K) Class: 20511K(25996K)->20511K(25996K)
[46.783s][info][gc             ] GC(190) Pause Young (Allocation Failure) 448M->189M(989M) 6.241ms
[46.783s][info][gc,cpu         ] GC(190) User=0.00s Sys=0.00s Real=0.00s
[47.099s][info][gc,start       ] GC(191) Pause Young (Allocation Failure)
[47.099s][info][gc,task        ] GC(191) Using 6 workers of 6 for evacuation
[47.104s][info][gc,heap        ] GC(191) ParNew: 304828K->12792K(314560K)
[47.104s][info][gc,heap        ] GC(191) CMS: 168502K->183877K(699072K)
[47.104s][info][gc,metaspace   ] GC(191) Metaspace: 169561K(180696K)->169561K(180696K) NonClass: 149050K(154700K)->149050K(154700K) Class: 20511K(25996K)->20511K(25996K)
[47.104s][info][gc             ] GC(191) Pause Young (Allocation Failure) 462M->192M(989M) 5.154ms
[47.104s][info][gc,cpu         ] GC(191) User=0.02s Sys=0.00s Real=0.01s
[47.472s][info][gc,start       ] GC(192) Pause Young (Allocation Failure)
[47.472s][info][gc,task        ] GC(192) Using 6 workers of 6 for evacuation
[47.475s][info][gc,heap        ] GC(192) ParNew: 289909K->10607K(314560K)
[47.475s][info][gc,heap        ] GC(192) CMS: 183877K->183877K(699072K)
[47.475s][info][gc,metaspace   ] GC(192) Metaspace: 169561K(180696K)->169561K(180696K) NonClass: 149050K(154700K)->149050K(154700K) Class: 20511K(25996K)->20511K(25996K)
[47.475s][info][gc             ] GC(192) Pause Young (Allocation Failure) 462M->189M(989M) 2.997ms
[47.475s][info][gc,cpu         ] GC(192) User=0.00s Sys=0.00s Real=0.00s
[47.844s][info][gc,start       ] GC(193) Pause Young (Allocation Failure)
[47.844s][info][gc,task        ] GC(193) Using 6 workers of 6 for evacuation
[47.847s][info][gc,heap        ] GC(193) ParNew: 289998K->8486K(314560K)
[47.848s][info][gc,heap        ] GC(193) CMS: 183877K->183877K(699072K)
[47.848s][info][gc,metaspace   ] GC(193) Metaspace: 169561K(180696K)->169561K(180696K) NonClass: 149050K(154700K)->149050K(154700K) Class: 20511K(25996K)->20511K(25996K)
[47.848s][info][gc             ] GC(193) Pause Young (Allocation Failure) 462M->187M(989M) 3.327ms
[47.848s][info][gc,cpu         ] GC(193) User=0.00s Sys=0.00s Real=0.00s
[48.003s][info][gc,start       ] GC(194) Pause Full (System.gc())
[48.006s][info][gc,phases,start] GC(194) Phase 1: Mark live objects
[48.082s][info][gc,phases      ] GC(194) Phase 1: Mark live objects 76.593ms
[48.083s][info][gc,phases,start] GC(194) Phase 2: Compute new object addresses
[48.103s][info][gc,phases      ] GC(194) Phase 2: Compute new object addresses 20.404ms
[48.103s][info][gc,phases,start] GC(194) Phase 3: Adjust pointers
[48.149s][info][gc,phases      ] GC(194) Phase 3: Adjust pointers 45.697ms
[48.149s][info][gc,phases,start] GC(194) Phase 4: Move objects
[48.160s][info][gc,phases      ] GC(194) Phase 4: Move objects 10.877ms
[48.161s][info][gc,heap        ] GC(194) ParNew: 104019K->0K(314560K)
[48.161s][info][gc,heap        ] GC(194) CMS: 183877K->124009K(699072K)
[48.161s][info][gc,metaspace   ] GC(194) Metaspace: 169655K(180696K)->169655K(180696K) NonClass: 149132K(154700K)->149132K(154700K) Class: 20522K(25996K)->20522K(25996K)
[48.161s][info][gc             ] GC(194) Pause Full (System.gc()) 281M->121M(989M) 157.359ms
[48.161s][info][gc,cpu         ] GC(194) User=0.14s Sys=0.00s Real=0.16s
[48.241s][info][gc,start       ] GC(195) Pause Young (Allocation Failure)
[48.241s][info][gc,task        ] GC(195) Using 6 workers of 6 for evacuation
[48.243s][info][gc,heap        ] GC(195) ParNew: 279616K->2771K(314560K)
[48.243s][info][gc,heap        ] GC(195) CMS: 124009K->124009K(699072K)
[48.243s][info][gc,metaspace   ] GC(195) Metaspace: 169674K(180696K)->169674K(180696K) NonClass: 149151K(154700K)->149151K(154700K) Class: 20522K(25996K)->20522K(25996K)
[48.243s][info][gc             ] GC(195) Pause Young (Allocation Failure) 394M->123M(989M) 2.291ms
[48.243s][info][gc,cpu         ] GC(195) User=0.00s Sys=0.00s Real=0.00s
[48.271s][info][gc,start       ] GC(196) Pause Young (Allocation Failure)
[48.271s][info][gc,task        ] GC(196) Using 6 workers of 6 for evacuation
[48.273s][info][gc,heap        ] GC(196) ParNew: 282387K->1913K(314560K)
[48.273s][info][gc,heap        ] GC(196) CMS: 124009K->124009K(699072K)
[48.273s][info][gc,metaspace   ] GC(196) Metaspace: 169674K(180696K)->169674K(180696K) NonClass: 149151K(154700K)->149151K(154700K) Class: 20522K(25996K)->20522K(25996K)
[48.273s][info][gc             ] GC(196) Pause Young (Allocation Failure) 396M->122M(989M) 2.110ms
[48.273s][info][gc,cpu         ] GC(196) User=0.00s Sys=0.00s Real=0.00s
[48.354s][info][gc,start       ] GC(197) Pause Young (Allocation Failure)
[48.354s][info][gc,task        ] GC(197) Using 6 workers of 6 for evacuation
[48.358s][info][gc,heap        ] GC(197) ParNew: 281529K->13543K(314560K)
[48.358s][info][gc,heap        ] GC(197) CMS: 124009K->124009K(699072K)
[48.358s][info][gc,metaspace   ] GC(197) Metaspace: 169688K(180696K)->169688K(180696K) NonClass: 149166K(154700K)->149166K(154700K) Class: 20522K(25996K)->20522K(25996K)
[48.358s][info][gc             ] GC(197) Pause Young (Allocation Failure) 396M->134M(989M) 3.802ms
[48.358s][info][gc,cpu         ] GC(197) User=0.00s Sys=0.00s Real=0.00s
[48.389s][info][gc,start       ] GC(198) Pause Young (Allocation Failure)
[48.389s][info][gc,task        ] GC(198) Using 6 workers of 6 for evacuation
[48.394s][info][gc,heap        ] GC(198) ParNew: 293159K->24791K(314560K)
[48.394s][info][gc,heap        ] GC(198) CMS: 124009K->124009K(699072K)
[48.394s][info][gc,metaspace   ] GC(198) Metaspace: 169688K(180696K)->169688K(180696K) NonClass: 149166K(154700K)->149166K(154700K) Class: 20522K(25996K)->20522K(25996K)
[48.394s][info][gc             ] GC(198) Pause Young (Allocation Failure) 407M->145M(989M) 5.124ms
[48.394s][info][gc,cpu         ] GC(198) User=0.02s Sys=0.00s Real=0.02s
[48.425s][info][gc,start       ] GC(199) Pause Young (Allocation Failure)
[48.425s][info][gc,task        ] GC(199) Using 6 workers of 6 for evacuation
[48.432s][info][gc,heap        ] GC(199) ParNew: 304407K->23247K(314560K)
[48.432s][info][gc,heap        ] GC(199) CMS: 124009K->142078K(699072K)
[48.432s][info][gc,metaspace   ] GC(199) Metaspace: 169688K(180696K)->169688K(180696K) NonClass: 149166K(154700K)->149166K(154700K) Class: 20522K(25996K)->20522K(25996K)
[48.432s][info][gc             ] GC(199) Pause Young (Allocation Failure) 418M->161M(989M) 6.927ms
[48.432s][info][gc,cpu         ] GC(199) User=0.00s Sys=0.00s Real=0.00s
[48.462s][info][gc,start       ] GC(200) Pause Young (Allocation Failure)
[48.462s][info][gc,task        ] GC(200) Using 6 workers of 6 for evacuation
[48.468s][info][gc,heap        ] GC(200) ParNew: 302863K->23157K(314560K)
[48.468s][info][gc,heap        ] GC(200) CMS: 142078K->156642K(699072K)
[48.468s][info][gc,metaspace   ] GC(200) Metaspace: 169688K(180696K)->169688K(180696K) NonClass: 149166K(154700K)->149166K(154700K) Class: 20522K(25996K)->20522K(25996K)
[48.468s][info][gc             ] GC(200) Pause Young (Allocation Failure) 434M->175M(989M) 6.558ms
[48.468s][info][gc,cpu         ] GC(200) User=0.00s Sys=0.00s Real=0.00s
[48.499s][info][gc,start       ] GC(201) Pause Young (Allocation Failure)
[48.499s][info][gc,task        ] GC(201) Using 6 workers of 6 for evacuation
[48.505s][info][gc,heap        ] GC(201) ParNew: 302773K->22994K(314560K)
[48.505s][info][gc,heap        ] GC(201) CMS: 156642K->169984K(699072K)
[48.505s][info][gc,metaspace   ] GC(201) Metaspace: 169688K(180696K)->169688K(180696K) NonClass: 149166K(154700K)->149166K(154700K) Class: 20522K(25996K)->20522K(25996K)
[48.505s][info][gc             ] GC(201) Pause Young (Allocation Failure) 448M->188M(989M) 6.508ms
[48.505s][info][gc,cpu         ] GC(201) User=0.02s Sys=0.00s Real=0.02s
[48.831s][info][gc,start       ] GC(202) Pause Young (Allocation Failure)
[48.831s][info][gc,task        ] GC(202) Using 6 workers of 6 for evacuation
[48.836s][info][gc,heap        ] GC(202) ParNew: 302588K->11829K(314560K)
[48.836s][info][gc,heap        ] GC(202) CMS: 169984K->184334K(699072K)
[48.836s][info][gc,metaspace   ] GC(202) Metaspace: 169688K(180696K)->169688K(180696K) NonClass: 149166K(154700K)->149166K(154700K) Class: 20522K(25996K)->20522K(25996K)
[48.836s][info][gc             ] GC(202) Pause Young (Allocation Failure) 461M->191M(989M) 5.034ms
[48.836s][info][gc,cpu         ] GC(202) User=0.00s Sys=0.00s Real=0.00s
[49.195s][info][gc,start       ] GC(203) Pause Young (Allocation Failure)
[49.195s][info][gc,task        ] GC(203) Using 6 workers of 6 for evacuation
[49.198s][info][gc,heap        ] GC(203) ParNew: 291445K->9861K(314560K)
[49.198s][info][gc,heap        ] GC(203) CMS: 184334K->184334K(699072K)
[49.198s][info][gc,metaspace   ] GC(203) Metaspace: 169692K(180696K)->169692K(180696K) NonClass: 149170K(154700K)->149170K(154700K) Class: 20522K(25996K)->20522K(25996K)
[49.198s][info][gc             ] GC(203) Pause Young (Allocation Failure) 464M->189M(989M) 3.133ms
[49.198s][info][gc,cpu         ] GC(203) User=0.00s Sys=0.00s Real=0.00s
[49.567s][info][gc,start       ] GC(204) Pause Young (Allocation Failure)
[49.567s][info][gc,task        ] GC(204) Using 6 workers of 6 for evacuation
[49.570s][info][gc,heap        ] GC(204) ParNew: 287286K->8280K(314560K)
[49.570s][info][gc,heap        ] GC(204) CMS: 184334K->184334K(699072K)
[49.570s][info][gc,metaspace   ] GC(204) Metaspace: 169766K(180696K)->169766K(180696K) NonClass: 149241K(154700K)->149241K(154700K) Class: 20524K(25996K)->20524K(25996K)
[49.570s][info][gc             ] GC(204) Pause Young (Allocation Failure) 460M->188M(989M) 3.208ms
[49.570s][info][gc,cpu         ] GC(204) User=0.00s Sys=0.00s Real=0.00s
[49.722s][info][gc,start       ] GC(205) Pause Full (System.gc())
[49.725s][info][gc,phases,start] GC(205) Phase 1: Mark live objects
[49.801s][info][gc,phases      ] GC(205) Phase 1: Mark live objects 76.540ms
[49.801s][info][gc,phases,start] GC(205) Phase 2: Compute new object addresses
[49.822s][info][gc,phases      ] GC(205) Phase 2: Compute new object addresses 20.451ms
[49.822s][info][gc,phases,start] GC(205) Phase 3: Adjust pointers
[49.867s][info][gc,phases      ] GC(205) Phase 3: Adjust pointers 44.861ms
[49.867s][info][gc,phases,start] GC(205) Phase 4: Move objects
[49.874s][info][gc,phases      ] GC(205) Phase 4: Move objects 6.950ms
[49.875s][info][gc,heap        ] GC(205) ParNew: 102157K->0K(314560K)
[49.875s][info][gc,heap        ] GC(205) CMS: 184334K->124227K(699072K)
[49.875s][info][gc,metaspace   ] GC(205) Metaspace: 169816K(180952K)->169816K(180952K) NonClass: 149291K(154956K)->149291K(154956K) Class: 20524K(25996K)->20524K(25996K)
[49.875s][info][gc             ] GC(205) Pause Full (System.gc()) 279M->121M(989M) 152.869ms
[49.875s][info][gc,cpu         ] GC(205) User=0.14s Sys=0.00s Real=0.16s
[49.957s][info][gc,start       ] GC(206) Pause Young (Allocation Failure)
[49.957s][info][gc,task        ] GC(206) Using 6 workers of 6 for evacuation
[49.959s][info][gc,heap        ] GC(206) ParNew: 279616K->2702K(314560K)
[49.960s][info][gc,heap        ] GC(206) CMS: 124227K->124227K(699072K)
[49.960s][info][gc,metaspace   ] GC(206) Metaspace: 169879K(180952K)->169879K(180952K) NonClass: 149355K(154956K)->149355K(154956K) Class: 20524K(25996K)->20524K(25996K)
[49.960s][info][gc             ] GC(206) Pause Young (Allocation Failure) 394M->123M(989M) 2.470ms
[49.960s][info][gc,cpu         ] GC(206) User=0.00s Sys=0.00s Real=0.00s
[49.988s][info][gc,start       ] GC(207) Pause Young (Allocation Failure)
[49.988s][info][gc,task        ] GC(207) Using 6 workers of 6 for evacuation
[49.990s][info][gc,heap        ] GC(207) ParNew: 282318K->1509K(314560K)
[49.990s][info][gc,heap        ] GC(207) CMS: 124227K->124227K(699072K)
[49.990s][info][gc,metaspace   ] GC(207) Metaspace: 169879K(180952K)->169879K(180952K) NonClass: 149355K(154956K)->149355K(154956K) Class: 20524K(25996K)->20524K(25996K)
[49.990s][info][gc             ] GC(207) Pause Young (Allocation Failure) 397M->122M(989M) 2.081ms
[49.990s][info][gc,cpu         ] GC(207) User=0.00s Sys=0.00s Real=0.00s
[50.069s][info][gc,start       ] GC(208) Pause Young (Allocation Failure)
[50.070s][info][gc,task        ] GC(208) Using 6 workers of 6 for evacuation
[50.073s][info][gc,heap        ] GC(208) ParNew: 281125K->13348K(314560K)
[50.073s][info][gc,heap        ] GC(208) CMS: 124227K->124227K(699072K)
[50.073s][info][gc,metaspace   ] GC(208) Metaspace: 169880K(180952K)->169880K(180952K) NonClass: 149356K(154956K)->149356K(154956K) Class: 20524K(25996K)->20524K(25996K)
[50.073s][info][gc             ] GC(208) Pause Young (Allocation Failure) 395M->134M(989M) 3.963ms
[50.073s][info][gc,cpu         ] GC(208) User=0.00s Sys=0.00s Real=0.02s
[50.105s][info][gc,start       ] GC(209) Pause Young (Allocation Failure)
[50.105s][info][gc,task        ] GC(209) Using 6 workers of 6 for evacuation
[50.110s][info][gc,heap        ] GC(209) ParNew: 292964K->21904K(314560K)
[50.110s][info][gc,heap        ] GC(209) CMS: 124227K->124227K(699072K)
[50.110s][info][gc,metaspace   ] GC(209) Metaspace: 169880K(180952K)->169880K(180952K) NonClass: 149356K(154956K)->149356K(154956K) Class: 20524K(25996K)->20524K(25996K)
[50.110s][info][gc             ] GC(209) Pause Young (Allocation Failure) 407M->142M(989M) 4.758ms
[50.110s][info][gc,cpu         ] GC(209) User=0.00s Sys=0.00s Real=0.00s
[50.141s][info][gc,start       ] GC(210) Pause Young (Allocation Failure)
[50.141s][info][gc,task        ] GC(210) Using 6 workers of 6 for evacuation
[50.149s][info][gc,heap        ] GC(210) ParNew: 301520K->22527K(314560K)
[50.149s][info][gc,heap        ] GC(210) CMS: 124227K->144397K(699072K)
[50.149s][info][gc,metaspace   ] GC(210) Metaspace: 169880K(180952K)->169880K(180952K) NonClass: 149356K(154956K)->149356K(154956K) Class: 20524K(25996K)->20524K(25996K)
[50.149s][info][gc             ] GC(210) Pause Young (Allocation Failure) 415M->163M(989M) 7.412ms
[50.149s][info][gc,cpu         ] GC(210) User=0.00s Sys=0.00s Real=0.00s
[50.179s][info][gc,start       ] GC(211) Pause Young (Allocation Failure)
[50.180s][info][gc,task        ] GC(211) Using 6 workers of 6 for evacuation
[50.185s][info][gc,heap        ] GC(211) ParNew: 302143K->21087K(314560K)
[50.186s][info][gc,heap        ] GC(211) CMS: 144397K->155899K(699072K)
[50.186s][info][gc,metaspace   ] GC(211) Metaspace: 169880K(180952K)->169880K(180952K) NonClass: 149356K(154956K)->149356K(154956K) Class: 20524K(25996K)->20524K(25996K)
[50.186s][info][gc             ] GC(211) Pause Young (Allocation Failure) 436M->172M(989M) 6.074ms
[50.186s][info][gc,cpu         ] GC(211) User=0.02s Sys=0.00s Real=0.01s
[50.215s][info][gc,start       ] GC(212) Pause Young (Allocation Failure)
[50.216s][info][gc,task        ] GC(212) Using 6 workers of 6 for evacuation
[50.222s][info][gc,heap        ] GC(212) ParNew: 300703K->21715K(314560K)
[50.222s][info][gc,heap        ] GC(212) CMS: 155899K->171284K(699072K)
[50.222s][info][gc,metaspace   ] GC(212) Metaspace: 169880K(180952K)->169880K(180952K) NonClass: 149356K(154956K)->149356K(154956K) Class: 20524K(25996K)->20524K(25996K)
[50.222s][info][gc             ] GC(212) Pause Young (Allocation Failure) 445M->188M(989M) 6.506ms
[50.222s][info][gc,cpu         ] GC(212) User=0.00s Sys=0.00s Real=0.00s
[50.525s][info][gc,start       ] GC(213) Pause Young (Allocation Failure)
[50.525s][info][gc,task        ] GC(213) Using 6 workers of 6 for evacuation
[50.530s][info][gc,heap        ] GC(213) ParNew: 301215K->12479K(314560K)
[50.530s][info][gc,heap        ] GC(213) CMS: 171284K->184437K(699072K)
[50.530s][info][gc,metaspace   ] GC(213) Metaspace: 169880K(180952K)->169880K(180952K) NonClass: 149356K(154956K)->149356K(154956K) Class: 20524K(25996K)->20524K(25996K)
[50.530s][info][gc             ] GC(213) Pause Young (Allocation Failure) 461M->192M(989M) 5.168ms
[50.530s][info][gc,cpu         ] GC(213) User=0.02s Sys=0.00s Real=0.02s
[50.916s][info][gc,start       ] GC(214) Pause Young (Allocation Failure)
[50.916s][info][gc,task        ] GC(214) Using 6 workers of 6 for evacuation
[50.919s][info][gc,heap        ] GC(214) ParNew: 288650K->9735K(314560K)
[50.919s][info][gc,heap        ] GC(214) CMS: 184437K->184437K(699072K)
[50.919s][info][gc,metaspace   ] GC(214) Metaspace: 169886K(180952K)->169886K(180952K) NonClass: 149361K(154956K)->149361K(154956K) Class: 20524K(25996K)->20524K(25996K)
[50.919s][info][gc             ] GC(214) Pause Young (Allocation Failure) 462M->189M(989M) 3.020ms
[50.919s][info][gc,cpu         ] GC(214) User=0.00s Sys=0.00s Real=0.00s
[51.291s][info][gc,start       ] GC(215) Pause Young (Allocation Failure)
[51.291s][info][gc,task        ] GC(215) Using 6 workers of 6 for evacuation
[51.294s][info][gc,heap        ] GC(215) ParNew: 288899K->9055K(314560K)
[51.294s][info][gc,heap        ] GC(215) CMS: 184437K->184437K(699072K)
[51.294s][info][gc,metaspace   ] GC(215) Metaspace: 169886K(180952K)->169886K(180952K) NonClass: 149361K(154956K)->149361K(154956K) Class: 20524K(25996K)->20524K(25996K)
[51.294s][info][gc             ] GC(215) Pause Young (Allocation Failure) 462M->188M(989M) 3.209ms
[51.294s][info][gc,cpu         ] GC(215) User=0.00s Sys=0.00s Real=0.00s
[51.466s][info][gc,start       ] GC(216) Pause Full (System.gc())
[51.471s][info][gc,phases,start] GC(216) Phase 1: Mark live objects
[51.550s][info][gc,phases      ] GC(216) Phase 1: Mark live objects 79.325ms
[51.550s][info][gc,phases,start] GC(216) Phase 2: Compute new object addresses
[51.571s][info][gc,phases      ] GC(216) Phase 2: Compute new object addresses 20.437ms
[51.571s][info][gc,phases,start] GC(216) Phase 3: Adjust pointers
[51.617s][info][gc,phases      ] GC(216) Phase 3: Adjust pointers 45.815ms
[51.617s][info][gc,phases,start] GC(216) Phase 4: Move objects
[51.634s][info][gc,phases      ] GC(216) Phase 4: Move objects 17.180ms
[51.635s][info][gc,heap        ] GC(216) ParNew: 105069K->0K(314560K)
[51.635s][info][gc,heap        ] GC(216) CMS: 184437K->124684K(699072K)
[51.635s][info][gc,metaspace   ] GC(216) Metaspace: 170044K(180952K)->170044K(180952K) NonClass: 149519K(154956K)->149519K(154956K) Class: 20524K(25996K)->20524K(25996K)
[51.635s][info][gc             ] GC(216) Pause Full (System.gc()) 282M->121M(989M) 168.783ms
[51.635s][info][gc,cpu         ] GC(216) User=0.14s Sys=0.00s Real=0.17s
[51.733s][info][gc,start       ] GC(217) Pause Young (Allocation Failure)
[51.733s][info][gc,task        ] GC(217) Using 6 workers of 6 for evacuation
[51.735s][info][gc,heap        ] GC(217) ParNew: 279616K->2278K(314560K)
[51.735s][info][gc,heap        ] GC(217) CMS: 124684K->124684K(699072K)
[51.735s][info][gc,metaspace   ] GC(217) Metaspace: 170101K(180952K)->170101K(180952K) NonClass: 149576K(154956K)->149576K(154956K) Class: 20524K(25996K)->20524K(25996K)
[51.735s][info][gc             ] GC(217) Pause Young (Allocation Failure) 394M->123M(989M) 2.548ms
[51.735s][info][gc,cpu         ] GC(217) User=0.00s Sys=0.00s Real=0.00s
[51.765s][info][gc,start       ] GC(218) Pause Young (Allocation Failure)
[51.765s][info][gc,task        ] GC(218) Using 6 workers of 6 for evacuation
[51.767s][info][gc,heap        ] GC(218) ParNew: 281894K->1911K(314560K)
[51.767s][info][gc,heap        ] GC(218) CMS: 124684K->124684K(699072K)
[51.767s][info][gc,metaspace   ] GC(218) Metaspace: 170101K(180952K)->170101K(180952K) NonClass: 149576K(154956K)->149576K(154956K) Class: 20524K(25996K)->20524K(25996K)
[51.767s][info][gc             ] GC(218) Pause Young (Allocation Failure) 397M->123M(989M) 2.586ms
[51.767s][info][gc,cpu         ] GC(218) User=0.00s Sys=0.00s Real=0.00s
[51.853s][info][gc,start       ] GC(219) Pause Young (Allocation Failure)
[51.853s][info][gc,task        ] GC(219) Using 6 workers of 6 for evacuation
[51.857s][info][gc,heap        ] GC(219) ParNew: 281527K->10081K(314560K)
[51.857s][info][gc,heap        ] GC(219) CMS: 124684K->124684K(699072K)
[51.857s][info][gc,metaspace   ] GC(219) Metaspace: 170109K(181208K)->170109K(181208K) NonClass: 149584K(155212K)->149584K(155212K) Class: 20524K(25996K)->20524K(25996K)
[51.857s][info][gc             ] GC(219) Pause Young (Allocation Failure) 396M->131M(989M) 3.708ms
[51.857s][info][gc,cpu         ] GC(219) User=0.00s Sys=0.00s Real=0.00s
[51.890s][info][gc,start       ] GC(220) Pause Young (Allocation Failure)
[51.890s][info][gc,task        ] GC(220) Using 6 workers of 6 for evacuation
[51.895s][info][gc,heap        ] GC(220) ParNew: 289697K->25724K(314560K)
[51.895s][info][gc,heap        ] GC(220) CMS: 124684K->124684K(699072K)
[51.895s][info][gc,metaspace   ] GC(220) Metaspace: 170109K(181208K)->170109K(181208K) NonClass: 149584K(155212K)->149584K(155212K) Class: 20524K(25996K)->20524K(25996K)
[51.895s][info][gc             ] GC(220) Pause Young (Allocation Failure) 404M->146M(989M) 5.175ms
[51.895s][info][gc,cpu         ] GC(220) User=0.00s Sys=0.00s Real=0.00s
[51.927s][info][gc,start       ] GC(221) Pause Young (Allocation Failure)
[51.928s][info][gc,task        ] GC(221) Using 6 workers of 6 for evacuation
[51.934s][info][gc,heap        ] GC(221) ParNew: 305340K->25096K(314560K)
[51.935s][info][gc,heap        ] GC(221) CMS: 124684K->142083K(699072K)
[51.935s][info][gc,metaspace   ] GC(221) Metaspace: 170109K(181208K)->170109K(181208K) NonClass: 149584K(155212K)->149584K(155212K) Class: 20524K(25996K)->20524K(25996K)
[51.935s][info][gc             ] GC(221) Pause Young (Allocation Failure) 419M->163M(989M) 7.196ms
[51.935s][info][gc,cpu         ] GC(221) User=0.03s Sys=0.00s Real=0.02s
[51.966s][info][gc,start       ] GC(222) Pause Young (Allocation Failure)
[51.967s][info][gc,task        ] GC(222) Using 6 workers of 6 for evacuation
[51.973s][info][gc,heap        ] GC(222) ParNew: 304712K->21868K(314560K)
[51.973s][info][gc,heap        ] GC(222) CMS: 142083K->157306K(699072K)
[51.973s][info][gc,metaspace   ] GC(222) Metaspace: 170109K(181208K)->170109K(181208K) NonClass: 149584K(155212K)->149584K(155212K) Class: 20524K(25996K)->20524K(25996K)
[51.973s][info][gc             ] GC(222) Pause Young (Allocation Failure) 436M->174M(989M) 6.660ms
[51.973s][info][gc,cpu         ] GC(222) User=0.00s Sys=0.00s Real=0.00s
[52.012s][info][gc,start       ] GC(223) Pause Young (Allocation Failure)
[52.012s][info][gc,task        ] GC(223) Using 6 workers of 6 for evacuation
[52.019s][info][gc,heap        ] GC(223) ParNew: 301484K->20178K(314560K)
[52.019s][info][gc,heap        ] GC(223) CMS: 157306K->170634K(699072K)
[52.019s][info][gc,metaspace   ] GC(223) Metaspace: 170110K(181208K)->170110K(181208K) NonClass: 149585K(155212K)->149585K(155212K) Class: 20524K(25996K)->20524K(25996K)
[52.019s][info][gc             ] GC(223) Pause Young (Allocation Failure) 448M->186M(989M) 6.450ms
[52.019s][info][gc,cpu         ] GC(223) User=0.00s Sys=0.00s Real=0.00s
[52.339s][info][gc,start       ] GC(224) Pause Young (Allocation Failure)
[52.339s][info][gc,task        ] GC(224) Using 6 workers of 6 for evacuation
[52.344s][info][gc,heap        ] GC(224) ParNew: 299552K->23472K(314560K)
[52.344s][info][gc,heap        ] GC(224) CMS: 170634K->170634K(699072K)
[52.344s][info][gc,metaspace   ] GC(224) Metaspace: 170116K(181208K)->170116K(181208K) NonClass: 149591K(155212K)->149591K(155212K) Class: 20524K(25996K)->20524K(25996K)
[52.344s][info][gc             ] GC(224) Pause Young (Allocation Failure) 459M->189M(989M) 4.844ms
[52.344s][info][gc,cpu         ] GC(224) User=0.00s Sys=0.00s Real=0.00s
[52.722s][info][gc,start       ] GC(225) Pause Young (Allocation Failure)
[52.722s][info][gc,task        ] GC(225) Using 6 workers of 6 for evacuation
[52.727s][info][gc,heap        ] GC(225) ParNew: 302955K->12825K(314560K)
[52.727s][info][gc,heap        ] GC(225) CMS: 170634K->186758K(699072K)
[52.727s][info][gc,metaspace   ] GC(225) Metaspace: 170116K(181208K)->170116K(181208K) NonClass: 149591K(155212K)->149591K(155212K) Class: 20524K(25996K)->20524K(25996K)
[52.727s][info][gc             ] GC(225) Pause Young (Allocation Failure) 462M->194M(989M) 5.209ms
[52.727s][info][gc,cpu         ] GC(225) User=0.00s Sys=0.00s Real=0.00s
[53.086s][info][gc,start       ] GC(226) Pause Young (Allocation Failure)
[53.086s][info][gc,task        ] GC(226) Using 6 workers of 6 for evacuation
[53.088s][info][gc,heap        ] GC(226) ParNew: 289157K->8868K(314560K)
[53.088s][info][gc,heap        ] GC(226) CMS: 186758K->186758K(699072K)
[53.088s][info][gc,metaspace   ] GC(226) Metaspace: 170117K(181208K)->170117K(181208K) NonClass: 149592K(155212K)->149592K(155212K) Class: 20524K(25996K)->20524K(25996K)
[53.088s][info][gc             ] GC(226) Pause Young (Allocation Failure) 464M->191M(989M) 2.930ms
[53.089s][info][gc,cpu         ] GC(226) User=0.00s Sys=0.00s Real=0.00s
[53.237s][info][gc,start       ] GC(227) Pause Full (System.gc())
[53.240s][info][gc,phases,start] GC(227) Phase 1: Mark live objects
[53.317s][info][gc,phases      ] GC(227) Phase 1: Mark live objects 77.651ms
[53.318s][info][gc,phases,start] GC(227) Phase 2: Compute new object addresses
[53.338s][info][gc,phases      ] GC(227) Phase 2: Compute new object addresses 20.670ms
[53.338s][info][gc,phases,start] GC(227) Phase 3: Adjust pointers
[53.385s][info][gc,phases      ] GC(227) Phase 3: Adjust pointers 46.367ms
[53.385s][info][gc,phases,start] GC(227) Phase 4: Move objects
[53.396s][info][gc,phases      ] GC(227) Phase 4: Move objects 10.827ms
[53.396s][info][gc,heap        ] GC(227) ParNew: 102550K->0K(314560K)
[53.397s][info][gc,heap        ] GC(227) CMS: 186758K->124942K(699072K)
[53.397s][info][gc,metaspace   ] GC(227) Metaspace: 170157K(181208K)->170157K(181208K) NonClass: 149632K(155212K)->149632K(155212K) Class: 20524K(25996K)->20524K(25996K)
[53.397s][info][gc             ] GC(227) Pause Full (System.gc()) 282M->122M(989M) 159.373ms
[53.397s][info][gc,cpu         ] GC(227) User=0.16s Sys=0.00s Real=0.15s
[53.506s][info][gc,start       ] GC(228) Pause Young (Allocation Failure)
[53.507s][info][gc,task        ] GC(228) Using 6 workers of 6 for evacuation
[53.509s][info][gc,heap        ] GC(228) ParNew: 279616K->2310K(314560K)
[53.509s][info][gc,heap        ] GC(228) CMS: 124942K->124942K(699072K)
[53.509s][info][gc,metaspace   ] GC(228) Metaspace: 170250K(181208K)->170250K(181208K) NonClass: 149725K(155212K)->149725K(155212K) Class: 20524K(25996K)->20524K(25996K)
[53.509s][info][gc             ] GC(228) Pause Young (Allocation Failure) 395M->124M(989M) 2.353ms
[53.509s][info][gc,cpu         ] GC(228) User=0.00s Sys=0.00s Real=0.00s
[53.537s][info][gc,start       ] GC(229) Pause Young (Allocation Failure)
[53.537s][info][gc,task        ] GC(229) Using 6 workers of 6 for evacuation
[53.539s][info][gc,heap        ] GC(229) ParNew: 281926K->1719K(314560K)
[53.539s][info][gc,heap        ] GC(229) CMS: 124942K->124942K(699072K)
[53.539s][info][gc,metaspace   ] GC(229) Metaspace: 170250K(181208K)->170250K(181208K) NonClass: 149725K(155212K)->149725K(155212K) Class: 20524K(25996K)->20524K(25996K)
[53.539s][info][gc             ] GC(229) Pause Young (Allocation Failure) 397M->123M(989M) 2.069ms
[53.539s][info][gc,cpu         ] GC(229) User=0.00s Sys=0.00s Real=0.00s
[53.617s][info][gc,start       ] GC(230) Pause Young (Allocation Failure)
[53.617s][info][gc,task        ] GC(230) Using 6 workers of 6 for evacuation
[53.621s][info][gc,heap        ] GC(230) ParNew: 281335K->14161K(314560K)
[53.621s][info][gc,heap        ] GC(230) CMS: 124942K->124942K(699072K)
[53.621s][info][gc,metaspace   ] GC(230) Metaspace: 170251K(181208K)->170251K(181208K) NonClass: 149727K(155212K)->149727K(155212K) Class: 20524K(25996K)->20524K(25996K)
[53.621s][info][gc             ] GC(230) Pause Young (Allocation Failure) 396M->135M(989M) 3.931ms
[53.621s][info][gc,cpu         ] GC(230) User=0.00s Sys=0.00s Real=0.00s
[53.655s][info][gc,start       ] GC(231) Pause Young (Allocation Failure)
[53.656s][info][gc,task        ] GC(231) Using 6 workers of 6 for evacuation
[53.661s][info][gc,heap        ] GC(231) ParNew: 293210K->26268K(314560K)
[53.661s][info][gc,heap        ] GC(231) CMS: 124942K->124942K(699072K)
[53.661s][info][gc,metaspace   ] GC(231) Metaspace: 170251K(181208K)->170251K(181208K) NonClass: 149727K(155212K)->149727K(155212K) Class: 20524K(25996K)->20524K(25996K)
[53.661s][info][gc             ] GC(231) Pause Young (Allocation Failure) 408M->147M(989M) 5.114ms
[53.661s][info][gc,cpu         ] GC(231) User=0.00s Sys=0.00s Real=0.02s
[53.691s][info][gc,start       ] GC(232) Pause Young (Allocation Failure)
[53.692s][info][gc,task        ] GC(232) Using 6 workers of 6 for evacuation
[53.699s][info][gc,heap        ] GC(232) ParNew: 305884K->26950K(314560K)
[53.699s][info][gc,heap        ] GC(232) CMS: 124942K->142355K(699072K)
[53.699s][info][gc,metaspace   ] GC(232) Metaspace: 170251K(181208K)->170251K(181208K) NonClass: 149727K(155212K)->149727K(155212K) Class: 20524K(25996K)->20524K(25996K)
[53.699s][info][gc             ] GC(232) Pause Young (Allocation Failure) 420M->165M(989M) 7.473ms
[53.699s][info][gc,cpu         ] GC(232) User=0.00s Sys=0.00s Real=0.00s
[53.730s][info][gc,start       ] GC(233) Pause Young (Allocation Failure)
[53.730s][info][gc,task        ] GC(233) Using 6 workers of 6 for evacuation
[53.736s][info][gc,heap        ] GC(233) ParNew: 306566K->22642K(314560K)
[53.736s][info][gc,heap        ] GC(233) CMS: 142355K->156356K(699072K)
[53.736s][info][gc,metaspace   ] GC(233) Metaspace: 170251K(181208K)->170251K(181208K) NonClass: 149727K(155212K)->149727K(155212K) Class: 20524K(25996K)->20524K(25996K)
[53.737s][info][gc             ] GC(233) Pause Young (Allocation Failure) 438M->174M(989M) 6.664ms
[53.737s][info][gc,cpu         ] GC(233) User=0.00s Sys=0.02s Real=0.02s
[53.767s][info][gc,start       ] GC(234) Pause Young (Allocation Failure)
[53.768s][info][gc,task        ] GC(234) Using 6 workers of 6 for evacuation
[53.774s][info][gc,heap        ] GC(234) ParNew: 302258K->26053K(314560K)
[53.774s][info][gc,heap        ] GC(234) CMS: 156356K->170914K(699072K)
[53.774s][info][gc,metaspace   ] GC(234) Metaspace: 170251K(181208K)->170251K(181208K) NonClass: 149727K(155212K)->149727K(155212K) Class: 20524K(25996K)->20524K(25996K)
[53.774s][info][gc             ] GC(234) Pause Young (Allocation Failure) 447M->192M(989M) 6.191ms
[53.774s][info][gc,cpu         ] GC(234) User=0.00s Sys=0.00s Real=0.00s
[54.075s][info][gc,start       ] GC(235) Pause Young (Allocation Failure)
[54.075s][info][gc,task        ] GC(235) Using 6 workers of 6 for evacuation
[54.080s][info][gc,heap        ] GC(235) ParNew: 302090K->14175K(314560K)
[54.080s][info][gc,heap        ] GC(235) CMS: 170914K->185701K(699072K)
[54.080s][info][gc,metaspace   ] GC(235) Metaspace: 170274K(181208K)->170274K(181208K) NonClass: 149749K(155212K)->149749K(155212K) Class: 20524K(25996K)->20524K(25996K)
[54.080s][info][gc             ] GC(235) Pause Young (Allocation Failure) 461M->195M(989M) 4.467ms
[54.080s][info][gc,cpu         ] GC(235) User=0.00s Sys=0.00s Real=0.00s
[54.448s][info][gc,start       ] GC(236) Pause Young (Allocation Failure)
[54.448s][info][gc,task        ] GC(236) Using 6 workers of 6 for evacuation
[54.451s][info][gc,heap        ] GC(236) ParNew: 293512K->10707K(314560K)
[54.451s][info][gc,heap        ] GC(236) CMS: 185701K->185701K(699072K)
[54.451s][info][gc,metaspace   ] GC(236) Metaspace: 170274K(181208K)->170274K(181208K) NonClass: 149749K(155212K)->149749K(155212K) Class: 20524K(25996K)->20524K(25996K)
[54.451s][info][gc             ] GC(236) Pause Young (Allocation Failure) 467M->191M(989M) 2.876ms
[54.451s][info][gc,cpu         ] GC(236) User=0.00s Sys=0.00s Real=0.00s
[54.810s][info][gc,start       ] GC(237) Pause Young (Allocation Failure)
[54.810s][info][gc,task        ] GC(237) Using 6 workers of 6 for evacuation
[54.813s][info][gc,heap        ] GC(237) ParNew: 286817K->8895K(314560K)
[54.813s][info][gc,heap        ] GC(237) CMS: 185701K->185701K(699072K)
[54.813s][info][gc,metaspace   ] GC(237) Metaspace: 170275K(181208K)->170275K(181208K) NonClass: 149750K(155212K)->149750K(155212K) Class: 20524K(25996K)->20524K(25996K)
[54.813s][info][gc             ] GC(237) Pause Young (Allocation Failure) 461M->190M(989M) 3.060ms
[54.813s][info][gc,cpu         ] GC(237) User=0.00s Sys=0.00s Real=0.00s
[54.994s][info][gc,start       ] GC(238) Pause Full (System.gc())
[54.996s][info][gc,phases,start] GC(238) Phase 1: Mark live objects
[55.075s][info][gc,phases      ] GC(238) Phase 1: Mark live objects 78.609ms
[55.075s][info][gc,phases,start] GC(238) Phase 2: Compute new object addresses
[55.096s][info][gc,phases      ] GC(238) Phase 2: Compute new object addresses 21.060ms
[55.096s][info][gc,phases,start] GC(238) Phase 3: Adjust pointers
[55.143s][info][gc,phases      ] GC(238) Phase 3: Adjust pointers 47.132ms
[55.143s][info][gc,phases,start] GC(238) Phase 4: Move objects
[55.155s][info][gc,phases      ] GC(238) Phase 4: Move objects 11.448ms
[55.156s][info][gc,heap        ] GC(238) ParNew: 110610K->0K(314560K)
[55.156s][info][gc,heap        ] GC(238) CMS: 185701K->125473K(699072K)
[55.156s][info][gc,metaspace   ] GC(238) Metaspace: 170299K(181208K)->170299K(181208K) NonClass: 149774K(155212K)->149774K(155212K) Class: 20524K(25996K)->20524K(25996K)
[55.156s][info][gc             ] GC(238) Pause Full (System.gc()) 289M->122M(989M) 162.155ms
[55.156s][info][gc,cpu         ] GC(238) User=0.12s Sys=0.00s Real=0.16s
[55.237s][info][gc,start       ] GC(239) Pause Young (Allocation Failure)
[55.237s][info][gc,task        ] GC(239) Using 6 workers of 6 for evacuation
[55.239s][info][gc,heap        ] GC(239) ParNew: 279616K->1989K(314560K)
[55.239s][info][gc,heap        ] GC(239) CMS: 125473K->125473K(699072K)
[55.239s][info][gc,metaspace   ] GC(239) Metaspace: 170305K(181208K)->170305K(181208K) NonClass: 149780K(155212K)->149780K(155212K) Class: 20524K(25996K)->20524K(25996K)
[55.239s][info][gc             ] GC(239) Pause Young (Allocation Failure) 395M->124M(989M) 2.317ms
[55.239s][info][gc,cpu         ] GC(239) User=0.00s Sys=0.00s Real=0.00s
[55.268s][info][gc,start       ] GC(240) Pause Young (Allocation Failure)
[55.268s][info][gc,task        ] GC(240) Using 6 workers of 6 for evacuation
[55.270s][info][gc,heap        ] GC(240) ParNew: 281605K->2217K(314560K)
[55.270s][info][gc,heap        ] GC(240) CMS: 125473K->125473K(699072K)
[55.270s][info][gc,metaspace   ] GC(240) Metaspace: 170305K(181208K)->170305K(181208K) NonClass: 149780K(155212K)->149780K(155212K) Class: 20524K(25996K)->20524K(25996K)
[55.270s][info][gc             ] GC(240) Pause Young (Allocation Failure) 397M->124M(989M) 2.547ms
[55.270s][info][gc,cpu         ] GC(240) User=0.00s Sys=0.00s Real=0.00s
[55.360s][info][gc,start       ] GC(241) Pause Young (Allocation Failure)
[55.361s][info][gc,task        ] GC(241) Using 6 workers of 6 for evacuation
[55.364s][info][gc,heap        ] GC(241) ParNew: 281833K->7742K(314560K)
[55.364s][info][gc,heap        ] GC(241) CMS: 125473K->125473K(699072K)
[55.364s][info][gc,metaspace   ] GC(241) Metaspace: 170306K(181208K)->170306K(181208K) NonClass: 149781K(155212K)->149781K(155212K) Class: 20524K(25996K)->20524K(25996K)
[55.364s][info][gc             ] GC(241) Pause Young (Allocation Failure) 397M->130M(989M) 3.203ms
[55.364s][info][gc,cpu         ] GC(241) User=0.00s Sys=0.00s Real=0.00s
[55.395s][info][gc,start       ] GC(242) Pause Young (Allocation Failure)
[55.395s][info][gc,task        ] GC(242) Using 6 workers of 6 for evacuation
[55.400s][info][gc,heap        ] GC(242) ParNew: 287358K->26558K(314560K)
[55.401s][info][gc,heap        ] GC(242) CMS: 125473K->125473K(699072K)
[55.401s][info][gc,metaspace   ] GC(242) Metaspace: 170306K(181208K)->170306K(181208K) NonClass: 149781K(155212K)->149781K(155212K) Class: 20524K(25996K)->20524K(25996K)
[55.401s][info][gc             ] GC(242) Pause Young (Allocation Failure) 403M->148M(989M) 5.255ms
[55.401s][info][gc,cpu         ] GC(242) User=0.05s Sys=0.00s Real=0.02s
[55.433s][info][gc,start       ] GC(243) Pause Young (Allocation Failure)
[55.433s][info][gc,task        ] GC(243) Using 6 workers of 6 for evacuation
[55.440s][info][gc,heap        ] GC(243) ParNew: 305685K->22789K(314560K)
[55.440s][info][gc,heap        ] GC(243) CMS: 125473K->142598K(699072K)
[55.440s][info][gc,metaspace   ] GC(243) Metaspace: 170306K(181208K)->170306K(181208K) NonClass: 149781K(155212K)->149781K(155212K) Class: 20524K(25996K)->20524K(25996K)
[55.440s][info][gc             ] GC(243) Pause Young (Allocation Failure) 421M->161M(989M) 7.610ms
[55.440s][info][gc,cpu         ] GC(243) User=0.00s Sys=0.00s Real=0.00s
[55.473s][info][gc,start       ] GC(244) Pause Young (Allocation Failure)
[55.473s][info][gc,task        ] GC(244) Using 6 workers of 6 for evacuation
[55.479s][info][gc,heap        ] GC(244) ParNew: 302405K->20419K(314560K)
[55.479s][info][gc,heap        ] GC(244) CMS: 142598K->156954K(699072K)
[55.479s][info][gc,metaspace   ] GC(244) Metaspace: 170306K(181208K)->170306K(181208K) NonClass: 149781K(155212K)->149781K(155212K) Class: 20524K(25996K)->20524K(25996K)
[55.479s][info][gc             ] GC(244) Pause Young (Allocation Failure) 434M->173M(989M) 6.326ms
[55.479s][info][gc,cpu         ] GC(244) User=0.00s Sys=0.02s Real=0.01s
[55.514s][info][gc,start       ] GC(245) Pause Young (Allocation Failure)
[55.514s][info][gc,task        ] GC(245) Using 6 workers of 6 for evacuation
[55.520s][info][gc,heap        ] GC(245) ParNew: 300035K->21839K(314560K)
[55.521s][info][gc,heap        ] GC(245) CMS: 156954K->172518K(699072K)
[55.521s][info][gc,metaspace   ] GC(245) Metaspace: 170307K(181208K)->170307K(181208K) NonClass: 149782K(155212K)->149782K(155212K) Class: 20524K(25996K)->20524K(25996K)
[55.521s][info][gc             ] GC(245) Pause Young (Allocation Failure) 446M->189M(989M) 6.746ms
[55.521s][info][gc,cpu         ] GC(245) User=0.00s Sys=0.00s Real=0.00s
[55.849s][info][gc,start       ] GC(246) Pause Young (Allocation Failure)
[55.849s][info][gc,task        ] GC(246) Using 6 workers of 6 for evacuation
[55.853s][info][gc,heap        ] GC(246) ParNew: 301455K->11875K(314560K)
[55.853s][info][gc,heap        ] GC(246) CMS: 172518K->186299K(699072K)
[55.854s][info][gc,metaspace   ] GC(246) Metaspace: 170311K(181208K)->170311K(181208K) NonClass: 149786K(155212K)->149786K(155212K) Class: 20524K(25996K)->20524K(25996K)
[55.854s][info][gc             ] GC(246) Pause Young (Allocation Failure) 462M->193M(989M) 4.671ms
[55.854s][info][gc,cpu         ] GC(246) User=0.00s Sys=0.00s Real=0.00s
[56.231s][info][gc,start       ] GC(247) Pause Young (Allocation Failure)
[56.231s][info][gc,task        ] GC(247) Using 6 workers of 6 for evacuation
[56.234s][info][gc,heap        ] GC(247) ParNew: 287987K->8933K(314560K)
[56.234s][info][gc,heap        ] GC(247) CMS: 186299K->186299K(699072K)
[56.234s][info][gc,metaspace   ] GC(247) Metaspace: 170311K(181208K)->170311K(181208K) NonClass: 149786K(155212K)->149786K(155212K) Class: 20524K(25996K)->20524K(25996K)
[56.234s][info][gc             ] GC(247) Pause Young (Allocation Failure) 463M->190M(989M) 2.993ms
[56.234s][info][gc,cpu         ] GC(247) User=0.02s Sys=0.00s Real=0.01s
[56.626s][info][gc,start       ] GC(248) Pause Young (Allocation Failure)
[56.626s][info][gc,task        ] GC(248) Using 6 workers of 6 for evacuation
[56.630s][info][gc,heap        ] GC(248) ParNew: 288247K->9335K(314560K)
[56.630s][info][gc,heap        ] GC(248) CMS: 186299K->186299K(699072K)
[56.630s][info][gc,metaspace   ] GC(248) Metaspace: 170311K(181208K)->170311K(181208K) NonClass: 149786K(155212K)->149786K(155212K) Class: 20524K(25996K)->20524K(25996K)
[56.630s][info][gc             ] GC(248) Pause Young (Allocation Failure) 463M->191M(989M) 3.633ms
[56.630s][info][gc,cpu         ] GC(248) User=0.00s Sys=0.00s Real=0.00s
[56.794s][info][gc,start       ] GC(249) Pause Full (System.gc())
[56.798s][info][gc,phases,start] GC(249) Phase 1: Mark live objects
[56.877s][info][gc,phases      ] GC(249) Phase 1: Mark live objects 79.353ms
[56.877s][info][gc,phases,start] GC(249) Phase 2: Compute new object addresses
[56.898s][info][gc,phases      ] GC(249) Phase 2: Compute new object addresses 20.890ms
[56.898s][info][gc,phases,start] GC(249) Phase 3: Adjust pointers
[56.945s][info][gc,phases      ] GC(249) Phase 3: Adjust pointers 46.918ms
[56.945s][info][gc,phases,start] GC(249) Phase 4: Move objects
[56.956s][info][gc,phases      ] GC(249) Phase 4: Move objects 11.374ms
[56.958s][info][gc,heap        ] GC(249) ParNew: 104992K->0K(314560K)
[56.958s][info][gc,heap        ] GC(249) CMS: 186299K->125748K(699072K)
[56.958s][info][gc,metaspace   ] GC(249) Metaspace: 170327K(181208K)->170327K(181208K) NonClass: 149802K(155212K)->149802K(155212K) Class: 20524K(25996K)->20524K(25996K)
[56.958s][info][gc             ] GC(249) Pause Full (System.gc()) 284M->122M(989M) 164.001ms
[56.958s][info][gc,cpu         ] GC(249) User=0.17s Sys=0.00s Real=0.17s
[57.046s][info][gc,start       ] GC(250) Pause Young (Allocation Failure)
[57.046s][info][gc,task        ] GC(250) Using 6 workers of 6 for evacuation
[57.048s][info][gc,heap        ] GC(250) ParNew: 279616K->2081K(314560K)
[57.048s][info][gc,heap        ] GC(250) CMS: 125748K->125748K(699072K)
[57.048s][info][gc,metaspace   ] GC(250) Metaspace: 170422K(181464K)->170422K(181464K) NonClass: 149897K(155468K)->149897K(155468K) Class: 20524K(25996K)->20524K(25996K)
[57.048s][info][gc             ] GC(250) Pause Young (Allocation Failure) 395M->124M(989M) 2.183ms
[57.048s][info][gc,cpu         ] GC(250) User=0.00s Sys=0.00s Real=0.00s
[57.077s][info][gc,start       ] GC(251) Pause Young (Allocation Failure)
[57.077s][info][gc,task        ] GC(251) Using 6 workers of 6 for evacuation
[57.079s][info][gc,heap        ] GC(251) ParNew: 281697K->1749K(314560K)
[57.079s][info][gc,heap        ] GC(251) CMS: 125748K->125748K(699072K)
[57.079s][info][gc,metaspace   ] GC(251) Metaspace: 170422K(181464K)->170422K(181464K) NonClass: 149897K(155468K)->149897K(155468K) Class: 20524K(25996K)->20524K(25996K)
[57.079s][info][gc             ] GC(251) Pause Young (Allocation Failure) 397M->124M(989M) 2.009ms
[57.079s][info][gc,cpu         ] GC(251) User=0.00s Sys=0.00s Real=0.00s
[57.163s][info][gc,start       ] GC(252) Pause Young (Allocation Failure)
[57.163s][info][gc,task        ] GC(252) Using 6 workers of 6 for evacuation
[57.167s][info][gc,heap        ] GC(252) ParNew: 281365K->12009K(314560K)
[57.167s][info][gc,heap        ] GC(252) CMS: 125748K->125748K(699072K)
[57.167s][info][gc,metaspace   ] GC(252) Metaspace: 170443K(181464K)->170443K(181464K) NonClass: 149918K(155468K)->149918K(155468K) Class: 20524K(25996K)->20524K(25996K)
[57.167s][info][gc             ] GC(252) Pause Young (Allocation Failure) 397M->134M(989M) 3.710ms
[57.167s][info][gc,cpu         ] GC(252) User=0.00s Sys=0.00s Real=0.00s
[57.198s][info][gc,start       ] GC(253) Pause Young (Allocation Failure)
[57.198s][info][gc,task        ] GC(253) Using 6 workers of 6 for evacuation
[57.203s][info][gc,heap        ] GC(253) ParNew: 291625K->25862K(314560K)
[57.203s][info][gc,heap        ] GC(253) CMS: 125748K->125748K(699072K)
[57.203s][info][gc,metaspace   ] GC(253) Metaspace: 170443K(181464K)->170443K(181464K) NonClass: 149918K(155468K)->149918K(155468K) Class: 20524K(25996K)->20524K(25996K)
[57.203s][info][gc             ] GC(253) Pause Young (Allocation Failure) 407M->148M(989M) 5.063ms
[57.203s][info][gc,cpu         ] GC(253) User=0.00s Sys=0.00s Real=0.00s
[57.233s][info][gc,start       ] GC(254) Pause Young (Allocation Failure)
[57.234s][info][gc,task        ] GC(254) Using 6 workers of 6 for evacuation
[57.241s][info][gc,heap        ] GC(254) ParNew: 305478K->24111K(314560K)
[57.241s][info][gc,heap        ] GC(254) CMS: 125748K->143822K(699072K)
[57.241s][info][gc,metaspace   ] GC(254) Metaspace: 170443K(181464K)->170443K(181464K) NonClass: 149918K(155468K)->149918K(155468K) Class: 20524K(25996K)->20524K(25996K)
[57.241s][info][gc             ] GC(254) Pause Young (Allocation Failure) 421M->163M(989M) 7.418ms
[57.241s][info][gc,cpu         ] GC(254) User=0.02s Sys=0.00s Real=0.02s
[57.272s][info][gc,start       ] GC(255) Pause Young (Allocation Failure)
[57.272s][info][gc,task        ] GC(255) Using 6 workers of 6 for evacuation
[57.278s][info][gc,heap        ] GC(255) ParNew: 303727K->19591K(314560K)
[57.278s][info][gc,heap        ] GC(255) CMS: 143822K->157348K(699072K)
[57.278s][info][gc,metaspace   ] GC(255) Metaspace: 170443K(181464K)->170443K(181464K) NonClass: 149918K(155468K)->149918K(155468K) Class: 20524K(25996K)->20524K(25996K)
[57.278s][info][gc             ] GC(255) Pause Young (Allocation Failure) 437M->172M(989M) 6.184ms
[57.278s][info][gc,cpu         ] GC(255) User=0.00s Sys=0.00s Real=0.00s
[57.308s][info][gc,start       ] GC(256) Pause Young (Allocation Failure)
[57.308s][info][gc,task        ] GC(256) Using 6 workers of 6 for evacuation
[57.314s][info][gc,heap        ] GC(256) ParNew: 299207K->19206K(314560K)
[57.314s][info][gc,heap        ] GC(256) CMS: 157348K->172743K(699072K)
[57.314s][info][gc,metaspace   ] GC(256) Metaspace: 170443K(181464K)->170443K(181464K) NonClass: 149918K(155468K)->149918K(155468K) Class: 20524K(25996K)->20524K(25996K)
[57.314s][info][gc             ] GC(256) Pause Young (Allocation Failure) 445M->187M(989M) 6.130ms
[57.314s][info][gc,cpu         ] GC(256) User=0.00s Sys=0.00s Real=0.00s
[57.618s][info][gc,start       ] GC(257) Pause Young (Allocation Failure)
[57.618s][info][gc,task        ] GC(257) Using 6 workers of 6 for evacuation
[57.623s][info][gc,heap        ] GC(257) ParNew: 298822K->9893K(314560K)
[57.623s][info][gc,heap        ] GC(257) CMS: 172743K->187101K(699072K)
[57.623s][info][gc,metaspace   ] GC(257) Metaspace: 170443K(181464K)->170443K(181464K) NonClass: 149918K(155468K)->149918K(155468K) Class: 20524K(25996K)->20524K(25996K)
[57.623s][info][gc             ] GC(257) Pause Young (Allocation Failure) 460M->192M(989M) 4.629ms
[57.623s][info][gc,cpu         ] GC(257) User=0.00s Sys=0.00s Real=0.00s
[57.988s][info][gc,start       ] GC(258) Pause Young (Allocation Failure)
[57.988s][info][gc,task        ] GC(258) Using 6 workers of 6 for evacuation
[57.991s][info][gc,heap        ] GC(258) ParNew: 287372K->7735K(314560K)
[57.991s][info][gc,heap        ] GC(258) CMS: 187101K->187101K(699072K)
[57.991s][info][gc,metaspace   ] GC(258) Metaspace: 170447K(181464K)->170447K(181464K) NonClass: 149922K(155468K)->149922K(155468K) Class: 20525K(25996K)->20525K(25996K)
[57.991s][info][gc             ] GC(258) Pause Young (Allocation Failure) 463M->190M(989M) 2.859ms
[57.991s][info][gc,cpu         ] GC(258) User=0.00s Sys=0.00s Real=0.00s
[58.329s][info][gc,start       ] GC(259) Pause Young (Allocation Failure)
[58.329s][info][gc,task        ] GC(259) Using 6 workers of 6 for evacuation
[58.332s][info][gc,heap        ] GC(259) ParNew: 287351K->8620K(314560K)
[58.332s][info][gc,heap        ] GC(259) CMS: 187101K->187101K(699072K)
[58.332s][info][gc,metaspace   ] GC(259) Metaspace: 170546K(181464K)->170546K(181464K) NonClass: 149999K(155468K)->149999K(155468K) Class: 20547K(25996K)->20547K(25996K)
[58.332s][info][gc             ] GC(259) Pause Young (Allocation Failure) 463M->191M(989M) 3.165ms
[58.332s][info][gc,cpu         ] GC(259) User=0.00s Sys=0.00s Real=0.00s
[58.512s][info][gc,start       ] GC(260) Pause Full (System.gc())
[58.515s][info][gc,phases,start] GC(260) Phase 1: Mark live objects
[58.594s][info][gc,phases      ] GC(260) Phase 1: Mark live objects 78.801ms
[58.594s][info][gc,phases,start] GC(260) Phase 2: Compute new object addresses
[58.615s][info][gc,phases      ] GC(260) Phase 2: Compute new object addresses 20.796ms
[58.615s][info][gc,phases,start] GC(260) Phase 3: Adjust pointers
[58.662s][info][gc,phases      ] GC(260) Phase 3: Adjust pointers 47.757ms
[58.662s][info][gc,phases,start] GC(260) Phase 4: Move objects
[58.681s][info][gc,phases      ] GC(260) Phase 4: Move objects 18.332ms
[58.682s][info][gc,heap        ] GC(260) ParNew: 105065K->0K(314560K)
[58.682s][info][gc,heap        ] GC(260) CMS: 187101K->125429K(699072K)
[58.682s][info][gc,metaspace   ] GC(260) Metaspace: 170555K(181464K)->170555K(181464K) NonClass: 150008K(155468K)->150008K(155468K) Class: 20547K(25996K)->20547K(25996K)
[58.682s][info][gc             ] GC(260) Pause Full (System.gc()) 285M->122M(989M) 170.090ms
[58.682s][info][gc,cpu         ] GC(260) User=0.16s Sys=0.00s Real=0.16s
[58.773s][info][gc,start       ] GC(261) Pause Young (Allocation Failure)
[58.773s][info][gc,task        ] GC(261) Using 6 workers of 6 for evacuation
[58.775s][info][gc,heap        ] GC(261) ParNew: 279616K->1852K(314560K)
[58.775s][info][gc,heap        ] GC(261) CMS: 125429K->125429K(699072K)
[58.775s][info][gc,metaspace   ] GC(261) Metaspace: 170704K(181720K)->170704K(181720K) NonClass: 150157K(155724K)->150157K(155724K) Class: 20547K(25996K)->20547K(25996K)
[58.775s][info][gc             ] GC(261) Pause Young (Allocation Failure) 395M->124M(989M) 2.373ms
[58.775s][info][gc,cpu         ] GC(261) User=0.00s Sys=0.00s Real=0.00s
[58.804s][info][gc,start       ] GC(262) Pause Young (Allocation Failure)
[58.804s][info][gc,task        ] GC(262) Using 6 workers of 6 for evacuation
[58.806s][info][gc,heap        ] GC(262) ParNew: 281468K->1807K(314560K)
[58.806s][info][gc,heap        ] GC(262) CMS: 125429K->125429K(699072K)
[58.806s][info][gc,metaspace   ] GC(262) Metaspace: 170704K(181720K)->170704K(181720K) NonClass: 150157K(155724K)->150157K(155724K) Class: 20547K(25996K)->20547K(25996K)
[58.806s][info][gc             ] GC(262) Pause Young (Allocation Failure) 397M->124M(989M) 2.111ms
[58.806s][info][gc,cpu         ] GC(262) User=0.00s Sys=0.00s Real=0.00s
[58.898s][info][gc,start       ] GC(263) Pause Young (Allocation Failure)
[58.898s][info][gc,task        ] GC(263) Using 6 workers of 6 for evacuation
[58.901s][info][gc,heap        ] GC(263) ParNew: 281423K->10021K(314560K)
[58.902s][info][gc,heap        ] GC(263) CMS: 125429K->125429K(699072K)
[58.902s][info][gc,metaspace   ] GC(263) Metaspace: 170716K(181720K)->170716K(181720K) NonClass: 150169K(155724K)->150169K(155724K) Class: 20547K(25996K)->20547K(25996K)
[58.902s][info][gc             ] GC(263) Pause Young (Allocation Failure) 397M->132M(989M) 3.666ms
[58.902s][info][gc,cpu         ] GC(263) User=0.00s Sys=0.00s Real=0.00s
[58.933s][info][gc,start       ] GC(264) Pause Young (Allocation Failure)
[58.933s][info][gc,task        ] GC(264) Using 6 workers of 6 for evacuation
[58.938s][info][gc,heap        ] GC(264) ParNew: 289637K->26418K(314560K)
[58.938s][info][gc,heap        ] GC(264) CMS: 125429K->125429K(699072K)
[58.938s][info][gc,metaspace   ] GC(264) Metaspace: 170716K(181720K)->170716K(181720K) NonClass: 150169K(155724K)->150169K(155724K) Class: 20547K(25996K)->20547K(25996K)
[58.938s][info][gc             ] GC(264) Pause Young (Allocation Failure) 405M->148M(989M) 5.360ms
[58.938s][info][gc,cpu         ] GC(264) User=0.02s Sys=0.00s Real=0.01s
[58.970s][info][gc,start       ] GC(265) Pause Young (Allocation Failure)
[58.970s][info][gc,task        ] GC(265) Using 6 workers of 6 for evacuation
[58.977s][info][gc,heap        ] GC(265) ParNew: 306034K->22439K(314560K)
[58.977s][info][gc,heap        ] GC(265) CMS: 125429K->142608K(699072K)
[58.977s][info][gc,metaspace   ] GC(265) Metaspace: 170716K(181720K)->170716K(181720K) NonClass: 150169K(155724K)->150169K(155724K) Class: 20547K(25996K)->20547K(25996K)
[58.977s][info][gc             ] GC(265) Pause Young (Allocation Failure) 421M->161M(989M) 7.223ms
[58.977s][info][gc,cpu         ] GC(265) User=0.00s Sys=0.00s Real=0.00s
[59.012s][info][gc,start       ] GC(266) Pause Young (Allocation Failure)
[59.013s][info][gc,task        ] GC(266) Using 6 workers of 6 for evacuation
[59.019s][info][gc,heap        ] GC(266) ParNew: 302055K->22140K(314560K)
[59.019s][info][gc,heap        ] GC(266) CMS: 142608K->158162K(699072K)
[59.019s][info][gc,metaspace   ] GC(266) Metaspace: 170716K(181720K)->170716K(181720K) NonClass: 150169K(155724K)->150169K(155724K) Class: 20547K(25996K)->20547K(25996K)
[59.019s][info][gc             ] GC(266) Pause Young (Allocation Failure) 434M->176M(989M) 6.647ms
[59.019s][info][gc,cpu         ] GC(266) User=0.02s Sys=0.00s Real=0.01s
[59.058s][info][gc,start       ] GC(267) Pause Young (Allocation Failure)
[59.058s][info][gc,task        ] GC(267) Using 6 workers of 6 for evacuation
[59.064s][info][gc,heap        ] GC(267) ParNew: 301756K->18205K(314560K)
[59.064s][info][gc,heap        ] GC(267) CMS: 158162K->171522K(699072K)
[59.064s][info][gc,metaspace   ] GC(267) Metaspace: 170716K(181720K)->170716K(181720K) NonClass: 150169K(155724K)->150169K(155724K) Class: 20547K(25996K)->20547K(25996K)
[59.064s][info][gc             ] GC(267) Pause Young (Allocation Failure) 449M->185M(989M) 5.830ms
[59.064s][info][gc,cpu         ] GC(267) User=0.02s Sys=0.00s Real=0.01s
[59.386s][info][gc,start       ] GC(268) Pause Young (Allocation Failure)
[59.387s][info][gc,task        ] GC(268) Using 6 workers of 6 for evacuation
[59.391s][info][gc,heap        ] GC(268) ParNew: 294294K->22633K(314560K)
[59.391s][info][gc,heap        ] GC(268) CMS: 171522K->171522K(699072K)
[59.391s][info][gc,metaspace   ] GC(268) Metaspace: 170796K(181720K)->170796K(181720K) NonClass: 150249K(155724K)->150249K(155724K) Class: 20547K(25996K)->20547K(25996K)
[59.391s][info][gc             ] GC(268) Pause Young (Allocation Failure) 454M->189M(989M) 4.807ms
[59.391s][info][gc,cpu         ] GC(268) User=0.02s Sys=0.00s Real=0.02s
[59.760s][info][gc,start       ] GC(269) Pause Young (Allocation Failure)
[59.760s][info][gc,task        ] GC(269) Using 6 workers of 6 for evacuation
[59.765s][info][gc,heap        ] GC(269) ParNew: 302249K->11561K(314560K)
[59.765s][info][gc,heap        ] GC(269) CMS: 171522K->187622K(699072K)
[59.765s][info][gc,metaspace   ] GC(269) Metaspace: 170804K(181720K)->170804K(181720K) NonClass: 150257K(155724K)->150257K(155724K) Class: 20547K(25996K)->20547K(25996K)
[59.765s][info][gc             ] GC(269) Pause Young (Allocation Failure) 462M->194M(989M) 4.872ms
[59.765s][info][gc,cpu         ] GC(269) User=0.00s Sys=0.00s Real=0.00s
[60.100s][info][gc,start       ] GC(270) Pause Young (Allocation Failure)
[60.100s][info][gc,task        ] GC(270) Using 6 workers of 6 for evacuation
[60.103s][info][gc,heap        ] GC(270) ParNew: 288437K->7977K(314560K)
[60.103s][info][gc,heap        ] GC(270) CMS: 187622K->187622K(699072K)
[60.103s][info][gc,metaspace   ] GC(270) Metaspace: 170804K(181720K)->170804K(181720K) NonClass: 150257K(155724K)->150257K(155724K) Class: 20547K(25996K)->20547K(25996K)
[60.103s][info][gc             ] GC(270) Pause Young (Allocation Failure) 464M->191M(989M) 2.972ms
[60.103s][info][gc,cpu         ] GC(270) User=0.00s Sys=0.00s Real=0.00s
[60.285s][info][gc,start       ] GC(271) Pause Full (System.gc())
[60.288s][info][gc,phases,start] GC(271) Phase 1: Mark live objects
[60.365s][info][gc,phases      ] GC(271) Phase 1: Mark live objects 77.397ms
[60.365s][info][gc,phases,start] GC(271) Phase 2: Compute new object addresses
[60.387s][info][gc,phases      ] GC(271) Phase 2: Compute new object addresses 21.160ms
[60.387s][info][gc,phases,start] GC(271) Phase 3: Adjust pointers
[60.433s][info][gc,phases      ] GC(271) Phase 3: Adjust pointers 46.143ms
[60.433s][info][gc,phases,start] GC(271) Phase 4: Move objects
[60.443s][info][gc,phases      ] GC(271) Phase 4: Move objects 10.667ms
[60.444s][info][gc,heap        ] GC(271) ParNew: 109893K->0K(314560K)
[60.444s][info][gc,heap        ] GC(271) CMS: 187622K->125789K(699072K)
[60.445s][info][gc,metaspace   ] GC(271) Metaspace: 170817K(181720K)->170817K(181720K) NonClass: 150270K(155724K)->150270K(155724K) Class: 20547K(25996K)->20547K(25996K)
[60.445s][info][gc             ] GC(271) Pause Full (System.gc()) 290M->122M(989M) 159.388ms
[60.445s][info][gc,cpu         ] GC(271) User=0.14s Sys=0.00s Real=0.16s
[60.526s][info][gc,start       ] GC(272) Pause Young (Allocation Failure)
[60.526s][info][gc,task        ] GC(272) Using 6 workers of 6 for evacuation
[60.528s][info][gc,heap        ] GC(272) ParNew: 279616K->1755K(314560K)
[60.528s][info][gc,heap        ] GC(272) CMS: 125789K->125789K(699072K)
[60.528s][info][gc,metaspace   ] GC(272) Metaspace: 170858K(181720K)->170858K(181720K) NonClass: 150311K(155724K)->150311K(155724K) Class: 20547K(25996K)->20547K(25996K)
[60.528s][info][gc             ] GC(272) Pause Young (Allocation Failure) 395M->124M(989M) 2.257ms
[60.528s][info][gc,cpu         ] GC(272) User=0.00s Sys=0.00s Real=0.00s
[60.556s][info][gc,start       ] GC(273) Pause Young (Allocation Failure)
[60.557s][info][gc,task        ] GC(273) Using 6 workers of 6 for evacuation
[60.558s][info][gc,heap        ] GC(273) ParNew: 281371K->1346K(314560K)
[60.558s][info][gc,heap        ] GC(273) CMS: 125789K->125789K(699072K)
[60.558s][info][gc,metaspace   ] GC(273) Metaspace: 170858K(181720K)->170858K(181720K) NonClass: 150311K(155724K)->150311K(155724K) Class: 20547K(25996K)->20547K(25996K)
[60.558s][info][gc             ] GC(273) Pause Young (Allocation Failure) 397M->124M(989M) 2.013ms
[60.558s][info][gc,cpu         ] GC(273) User=0.00s Sys=0.00s Real=0.00s
[60.636s][info][gc,start       ] GC(274) Pause Young (Allocation Failure)
[60.636s][info][gc,task        ] GC(274) Using 6 workers of 6 for evacuation
[60.640s][info][gc,heap        ] GC(274) ParNew: 280962K->9119K(314560K)
[60.640s][info][gc,heap        ] GC(274) CMS: 125789K->125789K(699072K)
[60.640s][info][gc,metaspace   ] GC(274) Metaspace: 170858K(181720K)->170858K(181720K) NonClass: 150311K(155724K)->150311K(155724K) Class: 20547K(25996K)->20547K(25996K)
[60.640s][info][gc             ] GC(274) Pause Young (Allocation Failure) 397M->131M(989M) 3.826ms
[60.640s][info][gc,cpu         ] GC(274) User=0.02s Sys=0.00s Real=0.00s
[60.674s][info][gc,start       ] GC(275) Pause Young (Allocation Failure)
[60.674s][info][gc,task        ] GC(275) Using 6 workers of 6 for evacuation
[60.679s][info][gc,heap        ] GC(275) ParNew: 288735K->25256K(314560K)
[60.679s][info][gc,heap        ] GC(275) CMS: 125789K->125789K(699072K)
[60.679s][info][gc,metaspace   ] GC(275) Metaspace: 170858K(181720K)->170858K(181720K) NonClass: 150311K(155724K)->150311K(155724K) Class: 20547K(25996K)->20547K(25996K)
[60.679s][info][gc             ] GC(275) Pause Young (Allocation Failure) 404M->147M(989M) 5.149ms
[60.680s][info][gc,cpu         ] GC(275) User=0.02s Sys=0.00s Real=0.01s
[60.711s][info][gc,start       ] GC(276) Pause Young (Allocation Failure)
[60.711s][info][gc,task        ] GC(276) Using 6 workers of 6 for evacuation
[60.718s][info][gc,heap        ] GC(276) ParNew: 304872K->21888K(314560K)
[60.718s][info][gc,heap        ] GC(276) CMS: 125789K->143858K(699072K)
[60.718s][info][gc,metaspace   ] GC(276) Metaspace: 170858K(181720K)->170858K(181720K) NonClass: 150311K(155724K)->150311K(155724K) Class: 20547K(25996K)->20547K(25996K)
[60.718s][info][gc             ] GC(276) Pause Young (Allocation Failure) 420M->161M(989M) 7.244ms
[60.718s][info][gc,cpu         ] GC(276) User=0.02s Sys=0.00s Real=0.01s
[60.749s][info][gc,start       ] GC(277) Pause Young (Allocation Failure)
[60.749s][info][gc,task        ] GC(277) Using 6 workers of 6 for evacuation
[60.756s][info][gc,heap        ] GC(277) ParNew: 301504K->27264K(314560K)
[60.756s][info][gc,heap        ] GC(277) CMS: 143858K->158413K(699072K)
[60.756s][info][gc,metaspace   ] GC(277) Metaspace: 170858K(181720K)->170858K(181720K) NonClass: 150311K(155724K)->150311K(155724K) Class: 20547K(25996K)->20547K(25996K)
[60.756s][info][gc             ] GC(277) Pause Young (Allocation Failure) 434M->181M(989M) 6.674ms
[60.756s][info][gc,cpu         ] GC(277) User=0.02s Sys=0.00s Real=0.02s
[60.787s][info][gc,start       ] GC(278) Pause Young (Allocation Failure)
[60.787s][info][gc,task        ] GC(278) Using 6 workers of 6 for evacuation
[60.793s][info][gc,heap        ] GC(278) ParNew: 306880K->21912K(314560K)
[60.793s][info][gc,heap        ] GC(278) CMS: 158413K->170743K(699072K)
[60.793s][info][gc,metaspace   ] GC(278) Metaspace: 170858K(181720K)->170858K(181720K) NonClass: 150311K(155724K)->150311K(155724K) Class: 20547K(25996K)->20547K(25996K)
[60.793s][info][gc             ] GC(278) Pause Young (Allocation Failure) 454M->188M(989M) 5.983ms
[60.793s][info][gc,cpu         ] GC(278) User=0.02s Sys=0.00s Real=0.01s
[61.096s][info][gc,start       ] GC(279) Pause Young (Allocation Failure)
[61.096s][info][gc,task        ] GC(279) Using 6 workers of 6 for evacuation
[61.101s][info][gc,heap        ] GC(279) ParNew: 301528K->13535K(314560K)
[61.101s][info][gc,heap        ] GC(279) CMS: 170743K->186980K(699072K)
[61.101s][info][gc,metaspace   ] GC(279) Metaspace: 170867K(181720K)->170867K(181720K) NonClass: 150320K(155724K)->150320K(155724K) Class: 20547K(25996K)->20547K(25996K)
[61.101s][info][gc             ] GC(279) Pause Young (Allocation Failure) 461M->195M(989M) 5.110ms
[61.101s][info][gc,cpu         ] GC(279) User=0.00s Sys=0.00s Real=0.00s
[61.472s][info][gc,start       ] GC(280) Pause Young (Allocation Failure)
[61.473s][info][gc,task        ] GC(280) Using 6 workers of 6 for evacuation
[61.475s][info][gc,heap        ] GC(280) ParNew: 293151K->9274K(314560K)
[61.475s][info][gc,heap        ] GC(280) CMS: 186980K->186980K(699072K)
[61.475s][info][gc,metaspace   ] GC(280) Metaspace: 170867K(181720K)->170867K(181720K) NonClass: 150320K(155724K)->150320K(155724K) Class: 20547K(25996K)->20547K(25996K)
[61.475s][info][gc             ] GC(280) Pause Young (Allocation Failure) 468M->191M(989M) 2.999ms
[61.476s][info][gc,cpu         ] GC(280) User=0.00s Sys=0.00s Real=0.00s
[61.855s][info][gc,start       ] GC(281) Pause Young (Allocation Failure)
[61.855s][info][gc,task        ] GC(281) Using 6 workers of 6 for evacuation
[61.857s][info][gc,heap        ] GC(281) ParNew: 286632K->7736K(314560K)
[61.857s][info][gc,heap        ] GC(281) CMS: 186980K->186980K(699072K)
[61.857s][info][gc,metaspace   ] GC(281) Metaspace: 170870K(181720K)->170870K(181720K) NonClass: 150323K(155724K)->150323K(155724K) Class: 20547K(25996K)->20547K(25996K)
[61.858s][info][gc             ] GC(281) Pause Young (Allocation Failure) 462M->190M(989M) 2.868ms
[61.858s][info][gc,cpu         ] GC(281) User=0.00s Sys=0.00s Real=0.00s
[62.005s][info][gc,start       ] GC(282) Pause Full (System.gc())
[62.008s][info][gc,phases,start] GC(282) Phase 1: Mark live objects
[62.086s][info][gc,phases      ] GC(282) Phase 1: Mark live objects 77.903ms
[62.086s][info][gc,phases,start] GC(282) Phase 2: Compute new object addresses
[62.107s][info][gc,phases      ] GC(282) Phase 2: Compute new object addresses 20.907ms
[62.107s][info][gc,phases,start] GC(282) Phase 3: Adjust pointers
[62.154s][info][gc,phases      ] GC(282) Phase 3: Adjust pointers 46.636ms
[62.154s][info][gc,phases,start] GC(282) Phase 4: Move objects
[62.164s][info][gc,phases      ] GC(282) Phase 4: Move objects 10.278ms
[62.165s][info][gc,heap        ] GC(282) ParNew: 101380K->0K(314560K)
[62.165s][info][gc,heap        ] GC(282) CMS: 186980K->125254K(699072K)
[62.165s][info][gc,metaspace   ] GC(282) Metaspace: 170889K(181720K)->170889K(181720K) NonClass: 150342K(155724K)->150342K(155724K) Class: 20547K(25996K)->20547K(25996K)
[62.165s][info][gc             ] GC(282) Pause Full (System.gc()) 281M->122M(989M) 160.574ms
[62.165s][info][gc,cpu         ] GC(282) User=0.16s Sys=0.00s Real=0.16s
[62.245s][info][gc,start       ] GC(283) Pause Young (Allocation Failure)
[62.245s][info][gc,task        ] GC(283) Using 6 workers of 6 for evacuation
[62.247s][info][gc,heap        ] GC(283) ParNew: 279616K->2342K(314560K)
[62.247s][info][gc,heap        ] GC(283) CMS: 125254K->125254K(699072K)
[62.247s][info][gc,metaspace   ] GC(283) Metaspace: 170912K(181720K)->170912K(181720K) NonClass: 150365K(155724K)->150365K(155724K) Class: 20547K(25996K)->20547K(25996K)
[62.247s][info][gc             ] GC(283) Pause Young (Allocation Failure) 395M->124M(989M) 2.281ms
[62.247s][info][gc,cpu         ] GC(283) User=0.00s Sys=0.00s Real=0.00s
[62.275s][info][gc,start       ] GC(284) Pause Young (Allocation Failure)
[62.275s][info][gc,task        ] GC(284) Using 6 workers of 6 for evacuation
[62.277s][info][gc,heap        ] GC(284) ParNew: 281958K->1563K(314560K)
[62.277s][info][gc,heap        ] GC(284) CMS: 125254K->125254K(699072K)
[62.277s][info][gc,metaspace   ] GC(284) Metaspace: 170912K(181720K)->170912K(181720K) NonClass: 150365K(155724K)->150365K(155724K) Class: 20547K(25996K)->20547K(25996K)
[62.277s][info][gc             ] GC(284) Pause Young (Allocation Failure) 397M->123M(989M) 2.042ms
[62.277s][info][gc,cpu         ] GC(284) User=0.00s Sys=0.00s Real=0.00s
[62.355s][info][gc,start       ] GC(285) Pause Young (Allocation Failure)
[62.355s][info][gc,task        ] GC(285) Using 6 workers of 6 for evacuation
[62.359s][info][gc,heap        ] GC(285) ParNew: 281179K->12990K(314560K)
[62.359s][info][gc,heap        ] GC(285) CMS: 125254K->125254K(699072K)
[62.359s][info][gc,metaspace   ] GC(285) Metaspace: 170917K(181720K)->170917K(181720K) NonClass: 150370K(155724K)->150370K(155724K) Class: 20547K(25996K)->20547K(25996K)
[62.359s][info][gc             ] GC(285) Pause Young (Allocation Failure) 396M->135M(989M) 3.951ms
[62.359s][info][gc,cpu         ] GC(285) User=0.00s Sys=0.00s Real=0.01s
[62.390s][info][gc,start       ] GC(286) Pause Young (Allocation Failure)
[62.390s][info][gc,task        ] GC(286) Using 6 workers of 6 for evacuation
[62.394s][info][gc,heap        ] GC(286) ParNew: 292606K->22930K(314560K)
[62.394s][info][gc,heap        ] GC(286) CMS: 125254K->125254K(699072K)
[62.394s][info][gc,metaspace   ] GC(286) Metaspace: 170917K(181720K)->170917K(181720K) NonClass: 150370K(155724K)->150370K(155724K) Class: 20547K(25996K)->20547K(25996K)
[62.394s][info][gc             ] GC(286) Pause Young (Allocation Failure) 408M->144M(989M) 4.601ms
[62.394s][info][gc,cpu         ] GC(286) User=0.02s Sys=0.00s Real=0.02s
[62.425s][info][gc,start       ] GC(287) Pause Young (Allocation Failure)
[62.425s][info][gc,task        ] GC(287) Using 6 workers of 6 for evacuation
[62.432s][info][gc,heap        ] GC(287) ParNew: 302546K->20626K(314560K)
[62.432s][info][gc,heap        ] GC(287) CMS: 125254K->145424K(699072K)
[62.432s][info][gc,metaspace   ] GC(287) Metaspace: 170917K(181720K)->170917K(181720K) NonClass: 150370K(155724K)->150370K(155724K) Class: 20547K(25996K)->20547K(25996K)
[62.432s][info][gc             ] GC(287) Pause Young (Allocation Failure) 417M->162M(989M) 7.235ms
[62.432s][info][gc,cpu         ] GC(287) User=0.00s Sys=0.00s Real=0.00s
[62.463s][info][gc,start       ] GC(288) Pause Young (Allocation Failure)
[62.463s][info][gc,task        ] GC(288) Using 6 workers of 6 for evacuation
[62.469s][info][gc,heap        ] GC(288) ParNew: 300242K->32109K(314560K)
[62.469s][info][gc,heap        ] GC(288) CMS: 145424K->145424K(699072K)
[62.469s][info][gc,metaspace   ] GC(288) Metaspace: 170917K(181720K)->170917K(181720K) NonClass: 150370K(155724K)->150370K(155724K) Class: 20547K(25996K)->20547K(25996K)
[62.469s][info][gc             ] GC(288) Pause Young (Allocation Failure) 435M->173M(989M) 6.064ms
[62.469s][info][gc,cpu         ] GC(288) User=0.00s Sys=0.00s Real=0.01s
[62.499s][info][gc,start       ] GC(289) Pause Young (Allocation Failure)
[62.499s][info][gc,task        ] GC(289) Using 6 workers of 6 for evacuation
[62.507s][info][gc,heap        ] GC(289) ParNew: 311725K->22141K(314560K)
[62.507s][info][gc,heap        ] GC(289) CMS: 145424K->172307K(699072K)
[62.507s][info][gc,metaspace   ] GC(289) Metaspace: 170917K(181720K)->170917K(181720K) NonClass: 150370K(155724K)->150370K(155724K) Class: 20547K(25996K)->20547K(25996K)
[62.507s][info][gc             ] GC(289) Pause Young (Allocation Failure) 446M->189M(989M) 8.184ms
[62.507s][info][gc,cpu         ] GC(289) User=0.02s Sys=0.00s Real=0.02s
[62.508s][info][gc,start       ] GC(290) Pause Initial Mark
[62.509s][info][gc             ] GC(290) Pause Initial Mark 191M->191M(989M) 0.884ms
[62.509s][info][gc,cpu         ] GC(290) User=0.00s Sys=0.00s Real=0.00s
[62.509s][info][gc             ] GC(290) Concurrent Mark
[62.509s][info][gc,task        ] GC(290) Using 2 workers of 2 for marking
[62.542s][info][gc             ] GC(290) Concurrent Mark 32.889ms
[62.542s][info][gc,cpu         ] GC(290) User=0.03s Sys=0.00s Real=0.03s
[62.542s][info][gc             ] GC(290) Concurrent Preclean
[62.545s][info][gc             ] GC(290) Concurrent Preclean 3.487ms
[62.545s][info][gc,cpu         ] GC(290) User=0.00s Sys=0.00s Real=0.00s
[62.545s][info][gc             ] GC(290) Concurrent Abortable Preclean
[62.823s][info][gc,start       ] GC(291) Pause Young (Allocation Failure)
[62.824s][info][gc,task        ] GC(291) Using 6 workers of 6 for evacuation
[62.829s][info][gc,heap        ] GC(291) ParNew: 301757K->13943K(314560K)
[62.829s][info][gc,heap        ] GC(291) CMS: 172307K->185639K(699072K)
[62.829s][info][gc,metaspace   ] GC(291) Metaspace: 170917K(181720K)->170917K(181720K) NonClass: 150370K(155724K)->150370K(155724K) Class: 20547K(25996K)->20547K(25996K)
[62.829s][info][gc             ] GC(291) Pause Young (Allocation Failure) 462M->194M(989M) 5.823ms
[62.829s][info][gc,cpu         ] GC(291) User=0.00s Sys=0.00s Real=0.00s
[63.053s][info][gc             ] GC(290) Concurrent Abortable Preclean 507.516ms
[63.053s][info][gc,cpu         ] GC(290) User=0.11s Sys=0.03s Real=0.52s
[63.053s][info][gc,start       ] GC(290) Pause Remark
[63.095s][info][gc             ] GC(290) Pause Remark 372M->372M(989M) 42.042ms
[63.095s][info][gc,cpu         ] GC(290) User=0.00s Sys=0.00s Real=0.03s
[63.096s][info][gc             ] GC(290) Concurrent Sweep
[63.108s][info][gc             ] GC(290) Concurrent Sweep 11.882ms
[63.108s][info][gc,cpu         ] GC(290) User=0.02s Sys=0.00s Real=0.02s
[63.108s][info][gc             ] GC(290) Concurrent Reset
[63.109s][info][gc             ] GC(290) Concurrent Reset 1.257ms
[63.109s][info][gc,cpu         ] GC(290) User=0.00s Sys=0.00s Real=0.00s
[63.109s][info][gc,heap        ] GC(290) Old: 172307K->184548K(699072K)
[63.236s][info][gc,start       ] GC(292) Pause Young (Allocation Failure)
[63.236s][info][gc,task        ] GC(292) Using 6 workers of 6 for evacuation
[63.239s][info][gc,heap        ] GC(292) ParNew: 293559K->11119K(314560K)
[63.239s][info][gc,heap        ] GC(292) CMS: 184548K->184548K(699072K)
[63.239s][info][gc,metaspace   ] GC(292) Metaspace: 170919K(181720K)->170919K(181720K) NonClass: 150372K(155724K)->150372K(155724K) Class: 20547K(25996K)->20547K(25996K)
[63.239s][info][gc             ] GC(292) Pause Young (Allocation Failure) 466M->191M(989M) 3.468ms
[63.239s][info][gc,cpu         ] GC(292) User=0.02s Sys=0.00s Real=0.02s
[63.612s][info][gc,start       ] GC(293) Pause Young (Allocation Failure)
[63.612s][info][gc,task        ] GC(293) Using 6 workers of 6 for evacuation
[63.615s][info][gc,heap        ] GC(293) ParNew: 290735K->8590K(314560K)
[63.615s][info][gc,heap        ] GC(293) CMS: 184548K->184548K(699072K)
[63.615s][info][gc,metaspace   ] GC(293) Metaspace: 170919K(181720K)->170919K(181720K) NonClass: 150372K(155724K)->150372K(155724K) Class: 20547K(25996K)->20547K(25996K)
[63.615s][info][gc             ] GC(293) Pause Young (Allocation Failure) 464M->188M(989M) 3.410ms
[63.615s][info][gc,cpu         ] GC(293) User=0.00s Sys=0.00s Real=0.00s
[63.760s][info][gc,start       ] GC(294) Pause Full (System.gc())
[63.763s][info][gc,phases,start] GC(294) Phase 1: Mark live objects
[63.842s][info][gc,phases      ] GC(294) Phase 1: Mark live objects 79.138ms
[63.842s][info][gc,phases,start] GC(294) Phase 2: Compute new object addresses
[63.863s][info][gc,phases      ] GC(294) Phase 2: Compute new object addresses 20.761ms
[63.863s][info][gc,phases,start] GC(294) Phase 3: Adjust pointers
[63.910s][info][gc,phases      ] GC(294) Phase 3: Adjust pointers 46.851ms
[63.910s][info][gc,phases,start] GC(294) Phase 4: Move objects
[63.921s][info][gc,phases      ] GC(294) Phase 4: Move objects 11.437ms
[63.922s][info][gc,heap        ] GC(294) ParNew: 96882K->0K(314560K)
[63.922s][info][gc,heap        ] GC(294) CMS: 184548K->125611K(699072K)
[63.922s][info][gc,metaspace   ] GC(294) Metaspace: 170924K(181720K)->170924K(181720K) NonClass: 150377K(155724K)->150377K(155724K) Class: 20547K(25996K)->20547K(25996K)
[63.922s][info][gc             ] GC(294) Pause Full (System.gc()) 274M->122M(989M) 161.871ms
[63.922s][info][gc,cpu         ] GC(294) User=0.16s Sys=0.00s Real=0.16s
[64.002s][info][gc,start       ] GC(295) Pause Young (Allocation Failure)
[64.002s][info][gc,task        ] GC(295) Using 6 workers of 6 for evacuation
[64.004s][info][gc,heap        ] GC(295) ParNew: 279616K->2368K(314560K)
[64.004s][info][gc,heap        ] GC(295) CMS: 125611K->125611K(699072K)
[64.004s][info][gc,metaspace   ] GC(295) Metaspace: 171037K(181976K)->171037K(181976K) NonClass: 150490K(155980K)->150490K(155980K) Class: 20547K(25996K)->20547K(25996K)
[64.004s][info][gc             ] GC(295) Pause Young (Allocation Failure) 395M->124M(989M) 2.264ms
[64.004s][info][gc,cpu         ] GC(295) User=0.00s Sys=0.00s Real=0.00s
[64.032s][info][gc,start       ] GC(296) Pause Young (Allocation Failure)
[64.032s][info][gc,task        ] GC(296) Using 6 workers of 6 for evacuation
[64.034s][info][gc,heap        ] GC(296) ParNew: 281984K->1747K(314560K)
[64.034s][info][gc,heap        ] GC(296) CMS: 125611K->125611K(699072K)
[64.034s][info][gc,metaspace   ] GC(296) Metaspace: 171037K(181976K)->171037K(181976K) NonClass: 150490K(155980K)->150490K(155980K) Class: 20547K(25996K)->20547K(25996K)
[64.034s][info][gc             ] GC(296) Pause Young (Allocation Failure) 398M->124M(989M) 2.068ms
[64.034s][info][gc,cpu         ] GC(296) User=0.00s Sys=0.00s Real=0.00s
[64.110s][info][gc,start       ] GC(297) Pause Young (Allocation Failure)
[64.110s][info][gc,task        ] GC(297) Using 6 workers of 6 for evacuation
[64.114s][info][gc,heap        ] GC(297) ParNew: 281363K->14724K(314560K)
[64.114s][info][gc,heap        ] GC(297) CMS: 125611K->125611K(699072K)
[64.114s][info][gc,metaspace   ] GC(297) Metaspace: 171039K(181976K)->171039K(181976K) NonClass: 150492K(155980K)->150492K(155980K) Class: 20547K(25996K)->20547K(25996K)
[64.114s][info][gc             ] GC(297) Pause Young (Allocation Failure) 397M->137M(989M) 3.984ms
[64.114s][info][gc,cpu         ] GC(297) User=0.00s Sys=0.00s Real=0.00s
[64.147s][info][gc,start       ] GC(298) Pause Young (Allocation Failure)
[64.147s][info][gc,task        ] GC(298) Using 6 workers of 6 for evacuation
[64.154s][info][gc,heap        ] GC(298) ParNew: 294340K->29002K(314560K)
[64.154s][info][gc,heap        ] GC(298) CMS: 125611K->125611K(699072K)
[64.154s][info][gc,metaspace   ] GC(298) Metaspace: 171039K(181976K)->171039K(181976K) NonClass: 150492K(155980K)->150492K(155980K) Class: 20547K(25996K)->20547K(25996K)
[64.154s][info][gc             ] GC(298) Pause Young (Allocation Failure) 410M->150M(989M) 6.884ms
[64.154s][info][gc,cpu         ] GC(298) User=0.02s Sys=0.00s Real=0.02s
[64.186s][info][gc,start       ] GC(299) Pause Young (Allocation Failure)
[64.186s][info][gc,task        ] GC(299) Using 6 workers of 6 for evacuation
[64.193s][info][gc,heap        ] GC(299) ParNew: 308618K->24216K(314560K)
[64.193s][info][gc,heap        ] GC(299) CMS: 125611K->142101K(699072K)
[64.193s][info][gc,metaspace   ] GC(299) Metaspace: 171039K(181976K)->171039K(181976K) NonClass: 150492K(155980K)->150492K(155980K) Class: 20547K(25996K)->20547K(25996K)
[64.193s][info][gc             ] GC(299) Pause Young (Allocation Failure) 424M->162M(989M) 7.247ms
[64.193s][info][gc,cpu         ] GC(299) User=0.00s Sys=0.00s Real=0.00s
[64.226s][info][gc,start       ] GC(300) Pause Young (Allocation Failure)
[64.226s][info][gc,task        ] GC(300) Using 6 workers of 6 for evacuation
[64.232s][info][gc,heap        ] GC(300) ParNew: 303832K->25027K(314560K)
[64.232s][info][gc,heap        ] GC(300) CMS: 142101K->158341K(699072K)
[64.232s][info][gc,metaspace   ] GC(300) Metaspace: 171042K(181976K)->171042K(181976K) NonClass: 150495K(155980K)->150495K(155980K) Class: 20547K(25996K)->20547K(25996K)
[64.233s][info][gc             ] GC(300) Pause Young (Allocation Failure) 435M->179M(989M) 6.749ms
[64.233s][info][gc,cpu         ] GC(300) User=0.03s Sys=0.00s Real=0.02s
[64.267s][info][gc,start       ] GC(301) Pause Young (Allocation Failure)
[64.267s][info][gc,task        ] GC(301) Using 6 workers of 6 for evacuation
[64.273s][info][gc,heap        ] GC(301) ParNew: 304643K->20210K(314560K)
[64.273s][info][gc,heap        ] GC(301) CMS: 158341K->172693K(699072K)
[64.273s][info][gc,metaspace   ] GC(301) Metaspace: 171042K(181976K)->171042K(181976K) NonClass: 150495K(155980K)->150495K(155980K) Class: 20547K(25996K)->20547K(25996K)
[64.273s][info][gc             ] GC(301) Pause Young (Allocation Failure) 452M->188M(989M) 6.331ms
[64.273s][info][gc,cpu         ] GC(301) User=0.00s Sys=0.00s Real=0.00s
[64.582s][info][gc,start       ] GC(302) Pause Young (Allocation Failure)
[64.582s][info][gc,task        ] GC(302) Using 6 workers of 6 for evacuation
[64.587s][info][gc,heap        ] GC(302) ParNew: 299650K->21671K(314560K)
[64.587s][info][gc,heap        ] GC(302) CMS: 172693K->172693K(699072K)
[64.587s][info][gc,metaspace   ] GC(302) Metaspace: 171042K(181976K)->171042K(181976K) NonClass: 150495K(155980K)->150495K(155980K) Class: 20547K(25996K)->20547K(25996K)
[64.587s][info][gc             ] GC(302) Pause Young (Allocation Failure) 461M->189M(989M) 4.885ms
[64.587s][info][gc,cpu         ] GC(302) User=0.00s Sys=0.00s Real=0.00s
[64.946s][info][gc,start       ] GC(303) Pause Young (Allocation Failure)
[64.946s][info][gc,task        ] GC(303) Using 6 workers of 6 for evacuation
[64.950s][info][gc,heap        ] GC(303) ParNew: 297967K->12039K(314560K)
[64.950s][info][gc,heap        ] GC(303) CMS: 172693K->186924K(699072K)
[64.950s][info][gc,metaspace   ] GC(303) Metaspace: 171064K(181976K)->171064K(181976K) NonClass: 150516K(155980K)->150516K(155980K) Class: 20547K(25996K)->20547K(25996K)
[64.950s][info][gc             ] GC(303) Pause Young (Allocation Failure) 459M->194M(989M) 4.521ms
[64.950s][info][gc,cpu         ] GC(303) User=0.00s Sys=0.00s Real=0.00s
[65.316s][info][gc,start       ] GC(304) Pause Young (Allocation Failure)
[65.316s][info][gc,task        ] GC(304) Using 6 workers of 6 for evacuation
[65.319s][info][gc,heap        ] GC(304) ParNew: 291277K->7903K(314560K)
[65.319s][info][gc,heap        ] GC(304) CMS: 186924K->186924K(699072K)
[65.319s][info][gc,metaspace   ] GC(304) Metaspace: 171064K(181976K)->171064K(181976K) NonClass: 150516K(155980K)->150516K(155980K) Class: 20547K(25996K)->20547K(25996K)
[65.319s][info][gc             ] GC(304) Pause Young (Allocation Failure) 466M->190M(989M) 2.901ms
[65.319s][info][gc,cpu         ] GC(304) User=0.00s Sys=0.00s Real=0.00s
[65.465s][info][gc,start       ] GC(305) Pause Full (System.gc())
[65.468s][info][gc,phases,start] GC(305) Phase 1: Mark live objects
[65.546s][info][gc,phases      ] GC(305) Phase 1: Mark live objects 78.488ms
[65.546s][info][gc,phases,start] GC(305) Phase 2: Compute new object addresses
[65.567s][info][gc,phases      ] GC(305) Phase 2: Compute new object addresses 20.981ms
[65.567s][info][gc,phases,start] GC(305) Phase 3: Adjust pointers
[65.614s][info][gc,phases      ] GC(305) Phase 3: Adjust pointers 47.118ms
[65.614s][info][gc,phases,start] GC(305) Phase 4: Move objects
[65.625s][info][gc,phases      ] GC(305) Phase 4: Move objects 11.084ms
[65.626s][info][gc,heap        ] GC(305) ParNew: 104277K->0K(314560K)
[65.626s][info][gc,heap        ] GC(305) CMS: 186924K->126060K(699072K)
[65.626s][info][gc,metaspace   ] GC(305) Metaspace: 171104K(181976K)->171104K(181976K) NonClass: 150557K(155980K)->150557K(155980K) Class: 20547K(25996K)->20547K(25996K)
[65.627s][info][gc             ] GC(305) Pause Full (System.gc()) 284M->123M(989M) 162.016ms
[65.627s][info][gc,cpu         ] GC(305) User=0.16s Sys=0.00s Real=0.16s
[65.705s][info][gc,start       ] GC(306) Pause Young (Allocation Failure)
[65.705s][info][gc,task        ] GC(306) Using 6 workers of 6 for evacuation
[65.707s][info][gc,heap        ] GC(306) ParNew: 279616K->3800K(314560K)
[65.707s][info][gc,heap        ] GC(306) CMS: 126060K->126060K(699072K)
[65.707s][info][gc,metaspace   ] GC(306) Metaspace: 171105K(181976K)->171105K(181976K) NonClass: 150558K(155980K)->150558K(155980K) Class: 20547K(25996K)->20547K(25996K)
[65.707s][info][gc             ] GC(306) Pause Young (Allocation Failure) 396M->126M(989M) 2.522ms
[65.707s][info][gc,cpu         ] GC(306) User=0.00s Sys=0.02s Real=0.02s
[65.735s][info][gc,start       ] GC(307) Pause Young (Allocation Failure)
[65.735s][info][gc,task        ] GC(307) Using 6 workers of 6 for evacuation
[65.737s][info][gc,heap        ] GC(307) ParNew: 283416K->1871K(314560K)
[65.737s][info][gc,heap        ] GC(307) CMS: 126060K->126060K(699072K)
[65.737s][info][gc,metaspace   ] GC(307) Metaspace: 171105K(181976K)->171105K(181976K) NonClass: 150558K(155980K)->150558K(155980K) Class: 20547K(25996K)->20547K(25996K)
[65.737s][info][gc             ] GC(307) Pause Young (Allocation Failure) 399M->124M(989M) 2.169ms
[65.737s][info][gc,cpu         ] GC(307) User=0.02s Sys=0.00s Real=0.02s
[65.821s][info][gc,start       ] GC(308) Pause Young (Allocation Failure)
[65.821s][info][gc,task        ] GC(308) Using 6 workers of 6 for evacuation
[65.825s][info][gc,heap        ] GC(308) ParNew: 281287K->12947K(314560K)
[65.825s][info][gc,heap        ] GC(308) CMS: 126060K->126060K(699072K)
[65.825s][info][gc,metaspace   ] GC(308) Metaspace: 171114K(181976K)->171114K(181976K) NonClass: 150567K(155980K)->150567K(155980K) Class: 20547K(25996K)->20547K(25996K)
[65.825s][info][gc             ] GC(308) Pause Young (Allocation Failure) 397M->135M(989M) 3.791ms
[65.825s][info][gc,cpu         ] GC(308) User=0.00s Sys=0.00s Real=0.00s
[65.857s][info][gc,start       ] GC(309) Pause Young (Allocation Failure)
[65.857s][info][gc,task        ] GC(309) Using 6 workers of 6 for evacuation
[65.862s][info][gc,heap        ] GC(309) ParNew: 292563K->29876K(314560K)
[65.862s][info][gc,heap        ] GC(309) CMS: 126060K->126060K(699072K)
[65.862s][info][gc,metaspace   ] GC(309) Metaspace: 171114K(181976K)->171114K(181976K) NonClass: 150567K(155980K)->150567K(155980K) Class: 20547K(25996K)->20547K(25996K)
[65.862s][info][gc             ] GC(309) Pause Young (Allocation Failure) 408M->152M(989M) 5.747ms
[65.862s][info][gc,cpu         ] GC(309) User=0.00s Sys=0.00s Real=0.02s
[65.895s][info][gc,start       ] GC(310) Pause Young (Allocation Failure)
[65.895s][info][gc,task        ] GC(310) Using 6 workers of 6 for evacuation
[65.902s][info][gc,heap        ] GC(310) ParNew: 309492K->26780K(314560K)
[65.902s][info][gc,heap        ] GC(310) CMS: 126060K->143109K(699072K)
[65.902s][info][gc,metaspace   ] GC(310) Metaspace: 171114K(181976K)->171114K(181976K) NonClass: 150567K(155980K)->150567K(155980K) Class: 20547K(25996K)->20547K(25996K)
[65.902s][info][gc             ] GC(310) Pause Young (Allocation Failure) 425M->165M(989M) 7.146ms
[65.902s][info][gc,cpu         ] GC(310) User=0.00s Sys=0.00s Real=0.00s
[65.933s][info][gc,start       ] GC(311) Pause Young (Allocation Failure)
[65.933s][info][gc,task        ] GC(311) Using 6 workers of 6 for evacuation
[65.940s][info][gc,heap        ] GC(311) ParNew: 306396K->23648K(314560K)
[65.940s][info][gc,heap        ] GC(311) CMS: 143109K->158687K(699072K)
[65.940s][info][gc,metaspace   ] GC(311) Metaspace: 171114K(181976K)->171114K(181976K) NonClass: 150567K(155980K)->150567K(155980K) Class: 20547K(25996K)->20547K(25996K)
[65.940s][info][gc             ] GC(311) Pause Young (Allocation Failure) 438M->178M(989M) 6.881ms
[65.940s][info][gc,cpu         ] GC(311) User=0.00s Sys=0.00s Real=0.00s
[65.970s][info][gc,start       ] GC(312) Pause Young (Allocation Failure)
[65.970s][info][gc,task        ] GC(312) Using 6 workers of 6 for evacuation
[65.976s][info][gc,heap        ] GC(312) ParNew: 303264K->22199K(314560K)
[65.976s][info][gc,heap        ] GC(312) CMS: 158687K->171016K(699072K)
[65.976s][info][gc,metaspace   ] GC(312) Metaspace: 171114K(181976K)->171114K(181976K) NonClass: 150567K(155980K)->150567K(155980K) Class: 20547K(25996K)->20547K(25996K)
[65.976s][info][gc             ] GC(312) Pause Young (Allocation Failure) 451M->188M(989M) 6.363ms
[65.976s][info][gc,cpu         ] GC(312) User=0.02s Sys=0.00s Real=0.01s
[66.282s][info][gc,start       ] GC(313) Pause Young (Allocation Failure)
[66.282s][info][gc,task        ] GC(313) Using 6 workers of 6 for evacuation
[66.287s][info][gc,heap        ] GC(313) ParNew: 301815K->13025K(314560K)
[66.287s][info][gc,heap        ] GC(313) CMS: 171016K->186390K(699072K)
[66.287s][info][gc,metaspace   ] GC(313) Metaspace: 171114K(181976K)->171114K(181976K) NonClass: 150567K(155980K)->150567K(155980K) Class: 20547K(25996K)->20547K(25996K)
[66.287s][info][gc             ] GC(313) Pause Young (Allocation Failure) 461M->194M(989M) 4.651ms
[66.287s][info][gc,cpu         ] GC(313) User=0.00s Sys=0.00s Real=0.00s
[66.663s][info][gc,start       ] GC(314) Pause Young (Allocation Failure)
[66.663s][info][gc,task        ] GC(314) Using 6 workers of 6 for evacuation
[66.665s][info][gc,heap        ] GC(314) ParNew: 289099K->10478K(314560K)
[66.665s][info][gc,heap        ] GC(314) CMS: 186390K->186390K(699072K)
[66.665s][info][gc,metaspace   ] GC(314) Metaspace: 171114K(181976K)->171114K(181976K) NonClass: 150567K(155980K)->150567K(155980K) Class: 20547K(25996K)->20547K(25996K)
[66.665s][info][gc             ] GC(314) Pause Young (Allocation Failure) 464M->192M(989M) 2.871ms
[66.666s][info][gc,cpu         ] GC(314) User=0.02s Sys=0.00s Real=0.02s
[67.029s][info][gc,start       ] GC(315) Pause Young (Allocation Failure)
[67.029s][info][gc,task        ] GC(315) Using 6 workers of 6 for evacuation
[67.033s][info][gc,heap        ] GC(315) ParNew: 289350K->8626K(314560K)
[67.033s][info][gc,heap        ] GC(315) CMS: 186390K->186390K(699072K)
[67.033s][info][gc,metaspace   ] GC(315) Metaspace: 171114K(181976K)->171114K(181976K) NonClass: 150567K(155980K)->150567K(155980K) Class: 20547K(25996K)->20547K(25996K)
[67.033s][info][gc             ] GC(315) Pause Young (Allocation Failure) 464M->190M(989M) 3.231ms
[67.033s][info][gc,cpu         ] GC(315) User=0.00s Sys=0.00s Real=0.00s
[67.181s][info][gc,start       ] GC(316) Pause Full (System.gc())
[67.185s][info][gc,phases,start] GC(316) Phase 1: Mark live objects
[67.263s][info][gc,phases      ] GC(316) Phase 1: Mark live objects 78.004ms
[67.263s][info][gc,phases,start] GC(316) Phase 2: Compute new object addresses
[67.284s][info][gc,phases      ] GC(316) Phase 2: Compute new object addresses 21.028ms
[67.284s][info][gc,phases,start] GC(316) Phase 3: Adjust pointers
[67.332s][info][gc,phases      ] GC(316) Phase 3: Adjust pointers 47.306ms
[67.332s][info][gc,phases,start] GC(316) Phase 4: Move objects
[67.343s][info][gc,phases      ] GC(316) Phase 4: Move objects 11.643ms
[67.344s][info][gc,heap        ] GC(316) ParNew: 104659K->0K(314560K)
[67.344s][info][gc,heap        ] GC(316) CMS: 186390K->125700K(699072K)
[67.344s][info][gc,metaspace   ] GC(316) Metaspace: 171132K(181976K)->171132K(181976K) NonClass: 150581K(155980K)->150581K(155980K) Class: 20550K(25996K)->20550K(25996K)
[67.344s][info][gc             ] GC(316) Pause Full (System.gc()) 284M->122M(989M) 163.813ms
[67.345s][info][gc,cpu         ] GC(316) User=0.17s Sys=0.00s Real=0.17s
[67.424s][info][gc,start       ] GC(317) Pause Young (Allocation Failure)
[67.424s][info][gc,task        ] GC(317) Using 6 workers of 6 for evacuation
[67.426s][info][gc,heap        ] GC(317) ParNew: 279616K->2776K(314560K)
[67.426s][info][gc,heap        ] GC(317) CMS: 125700K->125700K(699072K)
[67.426s][info][gc,metaspace   ] GC(317) Metaspace: 171156K(181976K)->171156K(181976K) NonClass: 150606K(155980K)->150606K(155980K) Class: 20550K(25996K)->20550K(25996K)
[67.426s][info][gc             ] GC(317) Pause Young (Allocation Failure) 395M->125M(989M) 2.595ms
[67.426s][info][gc,cpu         ] GC(317) User=0.00s Sys=0.00s Real=0.00s
[67.455s][info][gc,start       ] GC(318) Pause Young (Allocation Failure)
[67.455s][info][gc,task        ] GC(318) Using 6 workers of 6 for evacuation
[67.457s][info][gc,heap        ] GC(318) ParNew: 282392K->1962K(314560K)
[67.457s][info][gc,heap        ] GC(318) CMS: 125700K->125700K(699072K)
[67.457s][info][gc,metaspace   ] GC(318) Metaspace: 171156K(181976K)->171156K(181976K) NonClass: 150606K(155980K)->150606K(155980K) Class: 20550K(25996K)->20550K(25996K)
[67.458s][info][gc             ] GC(318) Pause Young (Allocation Failure) 398M->124M(989M) 2.152ms
[67.458s][info][gc,cpu         ] GC(318) User=0.00s Sys=0.00s Real=0.00s
[67.543s][info][gc,start       ] GC(319) Pause Young (Allocation Failure)
[67.543s][info][gc,task        ] GC(319) Using 6 workers of 6 for evacuation
[67.547s][info][gc,heap        ] GC(319) ParNew: 281578K->14277K(314560K)
[67.547s][info][gc,heap        ] GC(319) CMS: 125700K->125700K(699072K)
[67.547s][info][gc,metaspace   ] GC(319) Metaspace: 171156K(181976K)->171156K(181976K) NonClass: 150606K(155980K)->150606K(155980K) Class: 20550K(25996K)->20550K(25996K)
[67.547s][info][gc             ] GC(319) Pause Young (Allocation Failure) 397M->136M(989M) 4.138ms
[67.548s][info][gc,cpu         ] GC(319) User=0.00s Sys=0.00s Real=0.00s
[67.578s][info][gc,start       ] GC(320) Pause Young (Allocation Failure)
[67.579s][info][gc,task        ] GC(320) Using 6 workers of 6 for evacuation
[67.584s][info][gc,heap        ] GC(320) ParNew: 293893K->26677K(314560K)
[67.584s][info][gc,heap        ] GC(320) CMS: 125700K->125700K(699072K)
[67.584s][info][gc,metaspace   ] GC(320) Metaspace: 171156K(181976K)->171156K(181976K) NonClass: 150606K(155980K)->150606K(155980K) Class: 20550K(25996K)->20550K(25996K)
[67.584s][info][gc             ] GC(320) Pause Young (Allocation Failure) 409M->148M(989M) 5.251ms
[67.584s][info][gc,cpu         ] GC(320) User=0.00s Sys=0.00s Real=0.00s
[67.614s][info][gc,start       ] GC(321) Pause Young (Allocation Failure)
[67.614s][info][gc,task        ] GC(321) Using 6 workers of 6 for evacuation
[67.621s][info][gc,heap        ] GC(321) ParNew: 306293K->25026K(314560K)
[67.621s][info][gc,heap        ] GC(321) CMS: 125700K->143770K(699072K)
[67.621s][info][gc,metaspace   ] GC(321) Metaspace: 171156K(181976K)->171156K(181976K) NonClass: 150606K(155980K)->150606K(155980K) Class: 20550K(25996K)->20550K(25996K)
[67.621s][info][gc             ] GC(321) Pause Young (Allocation Failure) 421M->164M(989M) 7.137ms
[67.621s][info][gc,cpu         ] GC(321) User=0.00s Sys=0.00s Real=0.00s
[67.657s][info][gc,start       ] GC(322) Pause Young (Allocation Failure)
[67.657s][info][gc,task        ] GC(322) Using 6 workers of 6 for evacuation
[67.663s][info][gc,heap        ] GC(322) ParNew: 304139K->24787K(314560K)
[67.664s][info][gc,heap        ] GC(322) CMS: 143770K->158332K(699072K)
[67.664s][info][gc,metaspace   ] GC(322) Metaspace: 171156K(181976K)->171156K(181976K) NonClass: 150606K(155980K)->150606K(155980K) Class: 20550K(25996K)->20550K(25996K)
[67.664s][info][gc             ] GC(322) Pause Young (Allocation Failure) 437M->178M(989M) 6.808ms
[67.664s][info][gc,cpu         ] GC(322) User=0.00s Sys=0.00s Real=0.00s
[67.694s][info][gc,start       ] GC(323) Pause Young (Allocation Failure)
[67.695s][info][gc,task        ] GC(323) Using 6 workers of 6 for evacuation
[67.700s][info][gc,heap        ] GC(323) ParNew: 304403K->21594K(314560K)
[67.700s][info][gc,heap        ] GC(323) CMS: 158332K->171681K(699072K)
[67.700s][info][gc,metaspace   ] GC(323) Metaspace: 171156K(181976K)->171156K(181976K) NonClass: 150606K(155980K)->150606K(155980K) Class: 20550K(25996K)->20550K(25996K)
[67.700s][info][gc             ] GC(323) Pause Young (Allocation Failure) 451M->188M(989M) 6.012ms
[67.701s][info][gc,cpu         ] GC(323) User=0.00s Sys=0.00s Real=0.00s
[68.010s][info][gc,start       ] GC(324) Pause Young (Allocation Failure)
[68.010s][info][gc,task        ] GC(324) Using 6 workers of 6 for evacuation
[68.015s][info][gc,heap        ] GC(324) ParNew: 301210K->12334K(314560K)
[68.015s][info][gc,heap        ] GC(324) CMS: 171681K->187049K(699072K)
[68.015s][info][gc,metaspace   ] GC(324) Metaspace: 171156K(181976K)->171156K(181976K) NonClass: 150606K(155980K)->150606K(155980K) Class: 20550K(25996K)->20550K(25996K)
[68.015s][info][gc             ] GC(324) Pause Young (Allocation Failure) 461M->194M(989M) 5.198ms
[68.015s][info][gc,cpu         ] GC(324) User=0.00s Sys=0.00s Real=0.01s
[68.371s][info][gc,start       ] GC(325) Pause Young (Allocation Failure)
[68.371s][info][gc,task        ] GC(325) Using 6 workers of 6 for evacuation
[68.373s][info][gc,heap        ] GC(325) ParNew: 289826K->9031K(314560K)
[68.373s][info][gc,heap        ] GC(325) CMS: 187049K->187049K(699072K)
[68.373s][info][gc,metaspace   ] GC(325) Metaspace: 171156K(181976K)->171156K(181976K) NonClass: 150606K(155980K)->150606K(155980K) Class: 20550K(25996K)->20550K(25996K)
[68.373s][info][gc             ] GC(325) Pause Young (Allocation Failure) 465M->191M(989M) 2.670ms
[68.373s][info][gc,cpu         ] GC(325) User=0.00s Sys=0.00s Real=0.00s
[68.717s][info][gc,start       ] GC(326) Pause Young (Allocation Failure)
[68.718s][info][gc,task        ] GC(326) Using 6 workers of 6 for evacuation
[68.720s][info][gc,heap        ] GC(326) ParNew: 284830K->7848K(314560K)
[68.720s][info][gc,heap        ] GC(326) CMS: 187049K->187049K(699072K)
[68.720s][info][gc,metaspace   ] GC(326) Metaspace: 171159K(181976K)->171159K(181976K) NonClass: 150609K(155980K)->150609K(155980K) Class: 20550K(25996K)->20550K(25996K)
[68.720s][info][gc             ] GC(326) Pause Young (Allocation Failure) 460M->190M(989M) 2.809ms
[68.720s][info][gc,cpu         ] GC(326) User=0.00s Sys=0.00s Real=0.00s
[68.884s][info][gc,start       ] GC(327) Pause Full (System.gc())
[68.886s][info][gc,phases,start] GC(327) Phase 1: Mark live objects
[68.965s][info][gc,phases      ] GC(327) Phase 1: Mark live objects 78.632ms
[68.965s][info][gc,phases,start] GC(327) Phase 2: Compute new object addresses
[68.986s][info][gc,phases      ] GC(327) Phase 2: Compute new object addresses 21.039ms
[68.986s][info][gc,phases,start] GC(327) Phase 3: Adjust pointers
[69.033s][info][gc,phases      ] GC(327) Phase 3: Adjust pointers 46.619ms
[69.033s][info][gc,phases,start] GC(327) Phase 4: Move objects
[69.051s][info][gc,phases      ] GC(327) Phase 4: Move objects 18.259ms
[69.052s][info][gc,heap        ] GC(327) ParNew: 110110K->0K(314560K)
[69.052s][info][gc,heap        ] GC(327) CMS: 187049K->126135K(699072K)
[69.052s][info][gc,metaspace   ] GC(327) Metaspace: 171170K(181976K)->171170K(181976K) NonClass: 150619K(155980K)->150619K(155980K) Class: 20550K(25996K)->20550K(25996K)
[69.052s][info][gc             ] GC(327) Pause Full (System.gc()) 290M->123M(989M) 168.047ms
[69.052s][info][gc,cpu         ] GC(327) User=0.16s Sys=0.00s Real=0.17s
[69.129s][info][gc,start       ] GC(328) Pause Young (Allocation Failure)
[69.129s][info][gc,task        ] GC(328) Using 6 workers of 6 for evacuation
[69.131s][info][gc,heap        ] GC(328) ParNew: 279616K->3016K(314560K)
[69.131s][info][gc,heap        ] GC(328) CMS: 126135K->126135K(699072K)
[69.131s][info][gc,metaspace   ] GC(328) Metaspace: 171203K(181976K)->171203K(181976K) NonClass: 150653K(155980K)->150653K(155980K) Class: 20550K(25996K)->20550K(25996K)
[69.131s][info][gc             ] GC(328) Pause Young (Allocation Failure) 396M->126M(989M) 2.083ms
[69.131s][info][gc,cpu         ] GC(328) User=0.02s Sys=0.00s Real=0.02s
[69.158s][info][gc,start       ] GC(329) Pause Young (Allocation Failure)
[69.158s][info][gc,task        ] GC(329) Using 6 workers of 6 for evacuation
[69.160s][info][gc,heap        ] GC(329) ParNew: 282632K->1610K(314560K)
[69.160s][info][gc,heap        ] GC(329) CMS: 126135K->126135K(699072K)
[69.160s][info][gc,metaspace   ] GC(329) Metaspace: 171203K(181976K)->171203K(181976K) NonClass: 150653K(155980K)->150653K(155980K) Class: 20550K(25996K)->20550K(25996K)
[69.160s][info][gc             ] GC(329) Pause Young (Allocation Failure) 399M->124M(989M) 1.802ms
[69.160s][info][gc,cpu         ] GC(329) User=0.00s Sys=0.00s Real=0.00s
[69.234s][info][gc,start       ] GC(330) Pause Young (Allocation Failure)
[69.234s][info][gc,task        ] GC(330) Using 6 workers of 6 for evacuation
[69.238s][info][gc,heap        ] GC(330) ParNew: 281226K->13323K(314560K)
[69.238s][info][gc,heap        ] GC(330) CMS: 126135K->126135K(699072K)
[69.238s][info][gc,metaspace   ] GC(330) Metaspace: 171203K(181976K)->171203K(181976K) NonClass: 150653K(155980K)->150653K(155980K) Class: 20550K(25996K)->20550K(25996K)
[69.238s][info][gc             ] GC(330) Pause Young (Allocation Failure) 397M->136M(989M) 3.661ms
[69.238s][info][gc,cpu         ] GC(330) User=0.00s Sys=0.00s Real=0.00s
[69.269s][info][gc,start       ] GC(331) Pause Young (Allocation Failure)
[69.269s][info][gc,task        ] GC(331) Using 6 workers of 6 for evacuation
[69.275s][info][gc,heap        ] GC(331) ParNew: 292939K->28147K(314560K)
[69.275s][info][gc,heap        ] GC(331) CMS: 126135K->126135K(699072K)
[69.275s][info][gc,metaspace   ] GC(331) Metaspace: 171203K(181976K)->171203K(181976K) NonClass: 150653K(155980K)->150653K(155980K) Class: 20550K(25996K)->20550K(25996K)
[69.275s][info][gc             ] GC(331) Pause Young (Allocation Failure) 409M->150M(989M) 5.521ms
[69.275s][info][gc,cpu         ] GC(331) User=0.02s Sys=0.00s Real=0.02s
[69.306s][info][gc,start       ] GC(332) Pause Young (Allocation Failure)
[69.306s][info][gc,task        ] GC(332) Using 6 workers of 6 for evacuation
[69.312s][info][gc,heap        ] GC(332) ParNew: 307763K->24465K(314560K)
[69.312s][info][gc,heap        ] GC(332) CMS: 126135K->143442K(699072K)
[69.312s][info][gc,metaspace   ] GC(332) Metaspace: 171208K(181976K)->171208K(181976K) NonClass: 150655K(155980K)->150655K(155980K) Class: 20552K(25996K)->20552K(25996K)
[69.312s][info][gc             ] GC(332) Pause Young (Allocation Failure) 423M->163M(989M) 6.711ms
[69.312s][info][gc,cpu         ] GC(332) User=0.00s Sys=0.00s Real=0.00s
[69.344s][info][gc,start       ] GC(333) Pause Young (Allocation Failure)
[69.344s][info][gc,task        ] GC(333) Using 6 workers of 6 for evacuation
[69.350s][info][gc,heap        ] GC(333) ParNew: 304081K->19824K(314560K)
[69.350s][info][gc,heap        ] GC(333) CMS: 143442K->159013K(699072K)
[69.350s][info][gc,metaspace   ] GC(333) Metaspace: 171208K(181976K)->171208K(181976K) NonClass: 150655K(155980K)->150655K(155980K) Class: 20552K(25996K)->20552K(25996K)
[69.350s][info][gc             ] GC(333) Pause Young (Allocation Failure) 437M->174M(989M) 6.176ms
[69.350s][info][gc,cpu         ] GC(333) User=0.02s Sys=0.00s Real=0.02s
[69.380s][info][gc,start       ] GC(334) Pause Young (Allocation Failure)
[69.380s][info][gc,task        ] GC(334) Using 6 workers of 6 for evacuation
[69.386s][info][gc,heap        ] GC(334) ParNew: 299440K->19898K(314560K)
[69.386s][info][gc,heap        ] GC(334) CMS: 159013K->172713K(699072K)
[69.386s][info][gc,metaspace   ] GC(334) Metaspace: 171208K(181976K)->171208K(181976K) NonClass: 150655K(155980K)->150655K(155980K) Class: 20552K(25996K)->20552K(25996K)
[69.386s][info][gc             ] GC(334) Pause Young (Allocation Failure) 447M->188M(989M) 5.917ms
[69.386s][info][gc,cpu         ] GC(334) User=0.02s Sys=0.00s Real=0.01s
[69.689s][info][gc,start       ] GC(335) Pause Young (Allocation Failure)
[69.689s][info][gc,task        ] GC(335) Using 6 workers of 6 for evacuation
[69.693s][info][gc,heap        ] GC(335) ParNew: 299514K->11905K(314560K)
[69.693s][info][gc,heap        ] GC(335) CMS: 172713K->187733K(699072K)
[69.693s][info][gc,metaspace   ] GC(335) Metaspace: 171217K(181976K)->171217K(181976K) NonClass: 150664K(155980K)->150664K(155980K) Class: 20552K(25996K)->20552K(25996K)
[69.693s][info][gc             ] GC(335) Pause Young (Allocation Failure) 461M->194M(989M) 4.378ms
[69.694s][info][gc,cpu         ] GC(335) User=0.00s Sys=0.00s Real=0.00s
[70.059s][info][gc,start       ] GC(336) Pause Young (Allocation Failure)
[70.059s][info][gc,task        ] GC(336) Using 6 workers of 6 for evacuation
[70.062s][info][gc,heap        ] GC(336) ParNew: 287719K->9012K(314560K)
[70.062s][info][gc,heap        ] GC(336) CMS: 187733K->187733K(699072K)
[70.062s][info][gc,metaspace   ] GC(336) Metaspace: 171217K(181976K)->171217K(181976K) NonClass: 150664K(155980K)->150664K(155980K) Class: 20552K(25996K)->20552K(25996K)
[70.062s][info][gc             ] GC(336) Pause Young (Allocation Failure) 464M->192M(989M) 2.534ms
[70.062s][info][gc,cpu         ] GC(336) User=0.00s Sys=0.00s Real=0.00s
[70.429s][info][gc,start       ] GC(337) Pause Young (Allocation Failure)
[70.429s][info][gc,task        ] GC(337) Using 6 workers of 6 for evacuation
[70.432s][info][gc,heap        ] GC(337) ParNew: 288422K->7400K(314560K)
[70.432s][info][gc,heap        ] GC(337) CMS: 187733K->187733K(699072K)
[70.432s][info][gc,metaspace   ] GC(337) Metaspace: 171217K(181976K)->171217K(181976K) NonClass: 150664K(155980K)->150664K(155980K) Class: 20552K(25996K)->20552K(25996K)
[70.432s][info][gc             ] GC(337) Pause Young (Allocation Failure) 464M->190M(989M) 2.779ms
[70.432s][info][gc,cpu         ] GC(337) User=0.00s Sys=0.00s Real=0.00s
[70.577s][info][gc,start       ] GC(338) Pause Full (System.gc())
[70.580s][info][gc,phases,start] GC(338) Phase 1: Mark live objects
[70.660s][info][gc,phases      ] GC(338) Phase 1: Mark live objects 80.036ms
[70.660s][info][gc,phases,start] GC(338) Phase 2: Compute new object addresses
[70.681s][info][gc,phases      ] GC(338) Phase 2: Compute new object addresses 20.843ms
[70.681s][info][gc,phases,start] GC(338) Phase 3: Adjust pointers
[70.728s][info][gc,phases      ] GC(338) Phase 3: Adjust pointers 47.157ms
[70.728s][info][gc,phases,start] GC(338) Phase 4: Move objects
[70.745s][info][gc,phases      ] GC(338) Phase 4: Move objects 16.816ms
[70.746s][info][gc,heap        ] GC(338) ParNew: 102891K->0K(314560K)
[70.746s][info][gc,heap        ] GC(338) CMS: 187733K->125615K(699072K)
[70.746s][info][gc,metaspace   ] GC(338) Metaspace: 171228K(181976K)->171228K(181976K) NonClass: 150675K(155980K)->150675K(155980K) Class: 20552K(25996K)->20552K(25996K)
[70.746s][info][gc             ] GC(338) Pause Full (System.gc()) 283M->122M(989M) 169.101ms
[70.746s][info][gc,cpu         ] GC(338) User=0.14s Sys=0.00s Real=0.16s
[70.825s][info][gc,start       ] GC(339) Pause Young (Allocation Failure)
[70.825s][info][gc,task        ] GC(339) Using 6 workers of 6 for evacuation
[70.827s][info][gc,heap        ] GC(339) ParNew: 279616K->2536K(314560K)
[70.827s][info][gc,heap        ] GC(339) CMS: 125615K->125615K(699072K)
[70.827s][info][gc,metaspace   ] GC(339) Metaspace: 171275K(182232K)->171275K(182232K) NonClass: 150722K(156236K)->150722K(156236K) Class: 20552K(25996K)->20552K(25996K)
[70.827s][info][gc             ] GC(339) Pause Young (Allocation Failure) 395M->125M(989M) 2.211ms
[70.827s][info][gc,cpu         ] GC(339) User=0.02s Sys=0.00s Real=0.02s
[70.856s][info][gc,start       ] GC(340) Pause Young (Allocation Failure)
[70.856s][info][gc,task        ] GC(340) Using 6 workers of 6 for evacuation
[70.858s][info][gc,heap        ] GC(340) ParNew: 282152K->1438K(314560K)
[70.858s][info][gc,heap        ] GC(340) CMS: 125615K->125615K(699072K)
[70.858s][info][gc,metaspace   ] GC(340) Metaspace: 171275K(182232K)->171275K(182232K) NonClass: 150722K(156236K)->150722K(156236K) Class: 20552K(25996K)->20552K(25996K)
[70.858s][info][gc             ] GC(340) Pause Young (Allocation Failure) 398M->124M(989M) 2.196ms
[70.858s][info][gc,cpu         ] GC(340) User=0.02s Sys=0.00s Real=0.02s
[70.947s][info][gc,start       ] GC(341) Pause Young (Allocation Failure)
[70.947s][info][gc,task        ] GC(341) Using 6 workers of 6 for evacuation
[70.950s][info][gc,heap        ] GC(341) ParNew: 281054K->13091K(314560K)
[70.950s][info][gc,heap        ] GC(341) CMS: 125615K->125615K(699072K)
[70.950s][info][gc,metaspace   ] GC(341) Metaspace: 171276K(182232K)->171276K(182232K) NonClass: 150723K(156236K)->150723K(156236K) Class: 20552K(25996K)->20552K(25996K)
[70.950s][info][gc             ] GC(341) Pause Young (Allocation Failure) 397M->135M(989M) 3.648ms
[70.950s][info][gc,cpu         ] GC(341) User=0.00s Sys=0.00s Real=0.00s
[70.983s][info][gc,start       ] GC(342) Pause Young (Allocation Failure)
[70.984s][info][gc,task        ] GC(342) Using 6 workers of 6 for evacuation
[70.988s][info][gc,heap        ] GC(342) ParNew: 292707K->26141K(314560K)
[70.988s][info][gc,heap        ] GC(342) CMS: 125615K->125615K(699072K)
[70.988s][info][gc,metaspace   ] GC(342) Metaspace: 171276K(182232K)->171276K(182232K) NonClass: 150723K(156236K)->150723K(156236K) Class: 20552K(25996K)->20552K(25996K)
[70.988s][info][gc             ] GC(342) Pause Young (Allocation Failure) 408M->148M(989M) 4.656ms
[70.988s][info][gc,cpu         ] GC(342) User=0.00s Sys=0.00s Real=0.00s
[71.019s][info][gc,start       ] GC(343) Pause Young (Allocation Failure)
[71.019s][info][gc,task        ] GC(343) Using 6 workers of 6 for evacuation
[71.026s][info][gc,heap        ] GC(343) ParNew: 305757K->23738K(314560K)
[71.026s][info][gc,heap        ] GC(343) CMS: 125615K->144024K(699072K)
[71.026s][info][gc,metaspace   ] GC(343) Metaspace: 171276K(182232K)->171276K(182232K) NonClass: 150723K(156236K)->150723K(156236K) Class: 20552K(25996K)->20552K(25996K)
[71.026s][info][gc             ] GC(343) Pause Young (Allocation Failure) 421M->163M(989M) 7.265ms
[71.026s][info][gc,cpu         ] GC(343) User=0.00s Sys=0.00s Real=0.00s
[71.057s][info][gc,start       ] GC(344) Pause Young (Allocation Failure)
[71.057s][info][gc,task        ] GC(344) Using 6 workers of 6 for evacuation
[71.062s][info][gc,heap        ] GC(344) ParNew: 303354K->20002K(314560K)
[71.062s][info][gc,heap        ] GC(344) CMS: 144024K->158239K(699072K)
[71.063s][info][gc,metaspace   ] GC(344) Metaspace: 171276K(182232K)->171276K(182232K) NonClass: 150723K(156236K)->150723K(156236K) Class: 20552K(25996K)->20552K(25996K)
[71.063s][info][gc             ] GC(344) Pause Young (Allocation Failure) 436M->174M(989M) 5.944ms
[71.063s][info][gc,cpu         ] GC(344) User=0.02s Sys=0.00s Real=0.02s
[71.093s][info][gc,start       ] GC(345) Pause Young (Allocation Failure)
[71.093s][info][gc,task        ] GC(345) Using 6 workers of 6 for evacuation
[71.098s][info][gc,heap        ] GC(345) ParNew: 299618K->18847K(314560K)
[71.098s][info][gc,heap        ] GC(345) CMS: 158239K->172602K(699072K)
[71.098s][info][gc,metaspace   ] GC(345) Metaspace: 171276K(182232K)->171276K(182232K) NonClass: 150723K(156236K)->150723K(156236K) Class: 20552K(25996K)->20552K(25996K)
[71.098s][info][gc             ] GC(345) Pause Young (Allocation Failure) 447M->186M(989M) 5.872ms
[71.098s][info][gc,cpu         ] GC(345) User=0.02s Sys=0.00s Real=0.02s
[71.404s][info][gc,start       ] GC(346) Pause Young (Allocation Failure)
[71.405s][info][gc,task        ] GC(346) Using 6 workers of 6 for evacuation
[71.409s][info][gc,heap        ] GC(346) ParNew: 298463K->11114K(314560K)
[71.409s][info][gc,heap        ] GC(346) CMS: 172602K->186275K(699072K)
[71.409s][info][gc,metaspace   ] GC(346) Metaspace: 171276K(182232K)->171276K(182232K) NonClass: 150723K(156236K)->150723K(156236K) Class: 20552K(25996K)->20552K(25996K)
[71.409s][info][gc             ] GC(346) Pause Young (Allocation Failure) 460M->192M(989M) 4.627ms
[71.409s][info][gc,cpu         ] GC(346) User=0.02s Sys=0.00s Real=0.02s
[71.762s][info][gc,start       ] GC(347) Pause Young (Allocation Failure)
[71.762s][info][gc,task        ] GC(347) Using 6 workers of 6 for evacuation
[71.765s][info][gc,heap        ] GC(347) ParNew: 287318K->9135K(314560K)
[71.765s][info][gc,heap        ] GC(347) CMS: 186275K->186275K(699072K)
[71.765s][info][gc,metaspace   ] GC(347) Metaspace: 171276K(182232K)->171276K(182232K) NonClass: 150723K(156236K)->150723K(156236K) Class: 20552K(25996K)->20552K(25996K)
[71.765s][info][gc             ] GC(347) Pause Young (Allocation Failure) 462M->190M(989M) 2.528ms
[71.765s][info][gc,cpu         ] GC(347) User=0.00s Sys=0.00s Real=0.00s
[72.129s][info][gc,start       ] GC(348) Pause Young (Allocation Failure)
[72.129s][info][gc,task        ] GC(348) Using 6 workers of 6 for evacuation
[72.132s][info][gc,heap        ] GC(348) ParNew: 288751K->9990K(314560K)
[72.132s][info][gc,heap        ] GC(348) CMS: 186275K->186275K(699072K)
[72.132s][info][gc,metaspace   ] GC(348) Metaspace: 171276K(182232K)->171276K(182232K) NonClass: 150723K(156236K)->150723K(156236K) Class: 20552K(25996K)->20552K(25996K)
[72.132s][info][gc             ] GC(348) Pause Young (Allocation Failure) 463M->191M(989M) 2.770ms
[72.132s][info][gc,cpu         ] GC(348) User=0.02s Sys=0.00s Real=0.02s
[72.274s][info][gc,start       ] GC(349) Pause Full (System.gc())
[72.277s][info][gc,phases,start] GC(349) Phase 1: Mark live objects
[72.356s][info][gc,phases      ] GC(349) Phase 1: Mark live objects 79.351ms
[72.356s][info][gc,phases,start] GC(349) Phase 2: Compute new object addresses
[72.377s][info][gc,phases      ] GC(349) Phase 2: Compute new object addresses 20.797ms
[72.377s][info][gc,phases,start] GC(349) Phase 3: Adjust pointers
[72.424s][info][gc,phases      ] GC(349) Phase 3: Adjust pointers 46.889ms
[72.424s][info][gc,phases,start] GC(349) Phase 4: Move objects
[72.442s][info][gc,phases      ] GC(349) Phase 4: Move objects 17.833ms
[72.443s][info][gc,heap        ] GC(349) ParNew: 106435K->0K(314560K)
[72.443s][info][gc,heap        ] GC(349) CMS: 186275K->125971K(699072K)
[72.443s][info][gc,metaspace   ] GC(349) Metaspace: 171285K(182232K)->171285K(182232K) NonClass: 150732K(156236K)->150732K(156236K) Class: 20552K(25996K)->20552K(25996K)
[72.443s][info][gc             ] GC(349) Pause Full (System.gc()) 285M->123M(989M) 168.349ms
[72.443s][info][gc,cpu         ] GC(349) User=0.14s Sys=0.00s Real=0.15s
[72.521s][info][gc,start       ] GC(350) Pause Young (Allocation Failure)
[72.522s][info][gc,task        ] GC(350) Using 6 workers of 6 for evacuation
[72.524s][info][gc,heap        ] GC(350) ParNew: 279616K->2535K(314560K)
[72.524s][info][gc,heap        ] GC(350) CMS: 125971K->125971K(699072K)
[72.524s][info][gc,metaspace   ] GC(350) Metaspace: 171295K(182232K)->171295K(182232K) NonClass: 150742K(156236K)->150742K(156236K) Class: 20552K(25996K)->20552K(25996K)
[72.524s][info][gc             ] GC(350) Pause Young (Allocation Failure) 396M->125M(989M) 2.383ms
[72.524s][info][gc,cpu         ] GC(350) User=0.02s Sys=0.00s Real=0.02s
[72.553s][info][gc,start       ] GC(351) Pause Young (Allocation Failure)
[72.553s][info][gc,task        ] GC(351) Using 6 workers of 6 for evacuation
[72.554s][info][gc,heap        ] GC(351) ParNew: 282151K->2041K(314560K)
[72.554s][info][gc,heap        ] GC(351) CMS: 125971K->125971K(699072K)
[72.554s][info][gc,metaspace   ] GC(351) Metaspace: 171295K(182232K)->171295K(182232K) NonClass: 150742K(156236K)->150742K(156236K) Class: 20552K(25996K)->20552K(25996K)
[72.554s][info][gc             ] GC(351) Pause Young (Allocation Failure) 398M->125M(989M) 1.852ms
[72.554s][info][gc,cpu         ] GC(351) User=0.03s Sys=0.00s Real=0.02s
[72.636s][info][gc,start       ] GC(352) Pause Young (Allocation Failure)
[72.636s][info][gc,task        ] GC(352) Using 6 workers of 6 for evacuation
[72.640s][info][gc,heap        ] GC(352) ParNew: 281657K->14844K(314560K)
[72.640s][info][gc,heap        ] GC(352) CMS: 125971K->125971K(699072K)
[72.640s][info][gc,metaspace   ] GC(352) Metaspace: 171295K(182232K)->171295K(182232K) NonClass: 150742K(156236K)->150742K(156236K) Class: 20552K(25996K)->20552K(25996K)
[72.640s][info][gc             ] GC(352) Pause Young (Allocation Failure) 398M->137M(989M) 4.451ms
[72.640s][info][gc,cpu         ] GC(352) User=0.00s Sys=0.00s Real=0.00s
[72.672s][info][gc,start       ] GC(353) Pause Young (Allocation Failure)
[72.672s][info][gc,task        ] GC(353) Using 6 workers of 6 for evacuation
[72.677s][info][gc,heap        ] GC(353) ParNew: 294460K->27140K(314560K)
[72.677s][info][gc,heap        ] GC(353) CMS: 125971K->125971K(699072K)
[72.677s][info][gc,metaspace   ] GC(353) Metaspace: 171295K(182232K)->171295K(182232K) NonClass: 150742K(156236K)->150742K(156236K) Class: 20552K(25996K)->20552K(25996K)
[72.677s][info][gc             ] GC(353) Pause Young (Allocation Failure) 410M->149M(989M) 5.503ms
[72.677s][info][gc,cpu         ] GC(353) User=0.02s Sys=0.00s Real=0.01s
[72.709s][info][gc,start       ] GC(354) Pause Young (Allocation Failure)
[72.709s][info][gc,task        ] GC(354) Using 6 workers of 6 for evacuation
[72.716s][info][gc,heap        ] GC(354) ParNew: 306756K->26809K(314560K)
[72.716s][info][gc,heap        ] GC(354) CMS: 125971K->143423K(699072K)
[72.716s][info][gc,metaspace   ] GC(354) Metaspace: 171295K(182232K)->171295K(182232K) NonClass: 150742K(156236K)->150742K(156236K) Class: 20552K(25996K)->20552K(25996K)
[72.716s][info][gc             ] GC(354) Pause Young (Allocation Failure) 422M->166M(989M) 7.729ms
[72.716s][info][gc,cpu         ] GC(354) User=0.02s Sys=0.00s Real=0.02s
[72.747s][info][gc,start       ] GC(355) Pause Young (Allocation Failure)
[72.747s][info][gc,task        ] GC(355) Using 6 workers of 6 for evacuation
[72.753s][info][gc,heap        ] GC(355) ParNew: 306425K->22888K(314560K)
[72.754s][info][gc,heap        ] GC(355) CMS: 143423K->157436K(699072K)
[72.754s][info][gc,metaspace   ] GC(355) Metaspace: 171295K(182232K)->171295K(182232K) NonClass: 150742K(156236K)->150742K(156236K) Class: 20552K(25996K)->20552K(25996K)
[72.754s][info][gc             ] GC(355) Pause Young (Allocation Failure) 439M->176M(989M) 6.175ms
[72.754s][info][gc,cpu         ] GC(355) User=0.00s Sys=0.00s Real=0.00s
[72.784s][info][gc,start       ] GC(356) Pause Young (Allocation Failure)
[72.784s][info][gc,task        ] GC(356) Using 6 workers of 6 for evacuation
[72.790s][info][gc,heap        ] GC(356) ParNew: 302504K->22339K(314560K)
[72.790s][info][gc,heap        ] GC(356) CMS: 157436K->171336K(699072K)
[72.790s][info][gc,metaspace   ] GC(356) Metaspace: 171295K(182232K)->171295K(182232K) NonClass: 150742K(156236K)->150742K(156236K) Class: 20552K(25996K)->20552K(25996K)
[72.790s][info][gc             ] GC(356) Pause Young (Allocation Failure) 449M->189M(989M) 6.203ms
[72.790s][info][gc,cpu         ] GC(356) User=0.00s Sys=0.00s Real=0.00s
[73.088s][info][gc,start       ] GC(357) Pause Young (Allocation Failure)
[73.088s][info][gc,task        ] GC(357) Using 6 workers of 6 for evacuation
[73.092s][info][gc,heap        ] GC(357) ParNew: 301853K->14222K(314560K)
[73.092s][info][gc,heap        ] GC(357) CMS: 171336K->186372K(699072K)
[73.092s][info][gc,metaspace   ] GC(357) Metaspace: 171295K(182232K)->171295K(182232K) NonClass: 150742K(156236K)->150742K(156236K) Class: 20552K(25996K)->20552K(25996K)
[73.092s][info][gc             ] GC(357) Pause Young (Allocation Failure) 462M->195M(989M) 4.869ms
[73.093s][info][gc,cpu         ] GC(357) User=0.02s Sys=0.00s Real=0.01s
[73.449s][info][gc,start       ] GC(358) Pause Young (Allocation Failure)
[73.449s][info][gc,task        ] GC(358) Using 6 workers of 6 for evacuation
[73.452s][info][gc,heap        ] GC(358) ParNew: 291566K->9949K(314560K)
[73.452s][info][gc,heap        ] GC(358) CMS: 186372K->186372K(699072K)
[73.452s][info][gc,metaspace   ] GC(358) Metaspace: 171295K(182232K)->171295K(182232K) NonClass: 150742K(156236K)->150742K(156236K) Class: 20552K(25996K)->20552K(25996K)
[73.452s][info][gc             ] GC(358) Pause Young (Allocation Failure) 466M->191M(989M) 2.919ms
[73.452s][info][gc,cpu         ] GC(358) User=0.02s Sys=0.00s Real=0.02s
[73.809s][info][gc,start       ] GC(359) Pause Young (Allocation Failure)
[73.809s][info][gc,task        ] GC(359) Using 6 workers of 6 for evacuation
[73.812s][info][gc,heap        ] GC(359) ParNew: 289565K->8497K(314560K)
[73.812s][info][gc,heap        ] GC(359) CMS: 186372K->186372K(699072K)
[73.812s][info][gc,metaspace   ] GC(359) Metaspace: 171297K(182232K)->171297K(182232K) NonClass: 150744K(156236K)->150744K(156236K) Class: 20552K(25996K)->20552K(25996K)
[73.812s][info][gc             ] GC(359) Pause Young (Allocation Failure) 464M->190M(989M) 2.617ms
[73.812s][info][gc,cpu         ] GC(359) User=0.00s Sys=0.00s Real=0.00s
[73.970s][info][gc,start       ] GC(360) Pause Full (System.gc())
[73.973s][info][gc,phases,start] GC(360) Phase 1: Mark live objects
[74.052s][info][gc,phases      ] GC(360) Phase 1: Mark live objects 78.935ms
[74.052s][info][gc,phases,start] GC(360) Phase 2: Compute new object addresses
[74.073s][info][gc,phases      ] GC(360) Phase 2: Compute new object addresses 21.030ms
[74.073s][info][gc,phases,start] GC(360) Phase 3: Adjust pointers
[74.121s][info][gc,phases      ] GC(360) Phase 3: Adjust pointers 47.862ms
[74.121s][info][gc,phases,start] GC(360) Phase 4: Move objects
[74.133s][info][gc,phases      ] GC(360) Phase 4: Move objects 11.851ms
[74.134s][info][gc,heap        ] GC(360) ParNew: 104147K->0K(314560K)
[74.134s][info][gc,heap        ] GC(360) CMS: 186372K->125612K(699072K)
[74.134s][info][gc,metaspace   ] GC(360) Metaspace: 171305K(182232K)->171305K(182232K) NonClass: 150752K(156236K)->150752K(156236K) Class: 20552K(25996K)->20552K(25996K)
[74.134s][info][gc             ] GC(360) Pause Full (System.gc()) 283M->122M(989M) 163.939ms
[74.134s][info][gc,cpu         ] GC(360) User=0.16s Sys=0.00s Real=0.16s
[74.212s][info][gc,start       ] GC(361) Pause Young (Allocation Failure)
[74.213s][info][gc,task        ] GC(361) Using 6 workers of 6 for evacuation
[74.214s][info][gc,heap        ] GC(361) ParNew: 279616K->2405K(314560K)
[74.214s][info][gc,heap        ] GC(361) CMS: 125612K->125612K(699072K)
[74.214s][info][gc,metaspace   ] GC(361) Metaspace: 171319K(182232K)->171319K(182232K) NonClass: 150767K(156236K)->150767K(156236K) Class: 20552K(25996K)->20552K(25996K)
[74.215s][info][gc             ] GC(361) Pause Young (Allocation Failure) 395M->125M(989M) 2.056ms
[74.215s][info][gc,cpu         ] GC(361) User=0.00s Sys=0.00s Real=0.00s
[74.243s][info][gc,start       ] GC(362) Pause Young (Allocation Failure)
[74.243s][info][gc,task        ] GC(362) Using 6 workers of 6 for evacuation
[74.244s][info][gc,heap        ] GC(362) ParNew: 282021K->1940K(314560K)
[74.244s][info][gc,heap        ] GC(362) CMS: 125612K->125612K(699072K)
[74.244s][info][gc,metaspace   ] GC(362) Metaspace: 171319K(182232K)->171319K(182232K) NonClass: 150767K(156236K)->150767K(156236K) Class: 20552K(25996K)->20552K(25996K)
[74.244s][info][gc             ] GC(362) Pause Young (Allocation Failure) 398M->124M(989M) 1.819ms
[74.244s][info][gc,cpu         ] GC(362) User=0.00s Sys=0.00s Real=0.00s
[74.319s][info][gc,start       ] GC(363) Pause Young (Allocation Failure)
[74.319s][info][gc,task        ] GC(363) Using 6 workers of 6 for evacuation
[74.323s][info][gc,heap        ] GC(363) ParNew: 281556K->13397K(314560K)
[74.323s][info][gc,heap        ] GC(363) CMS: 125612K->125612K(699072K)
[74.323s][info][gc,metaspace   ] GC(363) Metaspace: 171320K(182232K)->171320K(182232K) NonClass: 150767K(156236K)->150767K(156236K) Class: 20552K(25996K)->20552K(25996K)
[74.323s][info][gc             ] GC(363) Pause Young (Allocation Failure) 397M->135M(989M) 3.697ms
[74.323s][info][gc,cpu         ] GC(363) User=0.00s Sys=0.00s Real=0.00s
[74.354s][info][gc,start       ] GC(364) Pause Young (Allocation Failure)
[74.354s][info][gc,task        ] GC(364) Using 6 workers of 6 for evacuation
[74.359s][info][gc,heap        ] GC(364) ParNew: 293013K->23390K(314560K)
[74.359s][info][gc,heap        ] GC(364) CMS: 125612K->125612K(699072K)
[74.359s][info][gc,metaspace   ] GC(364) Metaspace: 171320K(182232K)->171320K(182232K) NonClass: 150767K(156236K)->150767K(156236K) Class: 20552K(25996K)->20552K(25996K)
[74.359s][info][gc             ] GC(364) Pause Young (Allocation Failure) 408M->145M(989M) 4.823ms
[74.359s][info][gc,cpu         ] GC(364) User=0.00s Sys=0.00s Real=0.00s
[74.389s][info][gc,start       ] GC(365) Pause Young (Allocation Failure)
[74.389s][info][gc,task        ] GC(365) Using 6 workers of 6 for evacuation
[74.396s][info][gc,heap        ] GC(365) ParNew: 303006K->23549K(314560K)
[74.396s][info][gc,heap        ] GC(365) CMS: 125612K->144697K(699072K)
[74.396s][info][gc,metaspace   ] GC(365) Metaspace: 171320K(182232K)->171320K(182232K) NonClass: 150767K(156236K)->150767K(156236K) Class: 20552K(25996K)->20552K(25996K)
[74.396s][info][gc             ] GC(365) Pause Young (Allocation Failure) 418M->164M(989M) 7.128ms
[74.396s][info][gc,cpu         ] GC(365) User=0.02s Sys=0.00s Real=0.02s
[74.427s][info][gc,start       ] GC(366) Pause Young (Allocation Failure)
[74.427s][info][gc,task        ] GC(366) Using 6 workers of 6 for evacuation
[74.432s][info][gc,heap        ] GC(366) ParNew: 303165K->21370K(314560K)
[74.432s][info][gc,heap        ] GC(366) CMS: 144697K->157218K(699072K)
[74.432s][info][gc,metaspace   ] GC(366) Metaspace: 171320K(182232K)->171320K(182232K) NonClass: 150767K(156236K)->150767K(156236K) Class: 20552K(25996K)->20552K(25996K)
[74.433s][info][gc             ] GC(366) Pause Young (Allocation Failure) 437M->174M(989M) 5.613ms
[74.433s][info][gc,cpu         ] GC(366) User=0.00s Sys=0.00s Real=0.00s
[74.463s][info][gc,start       ] GC(367) Pause Young (Allocation Failure)
[74.463s][info][gc,task        ] GC(367) Using 6 workers of 6 for evacuation
[74.468s][info][gc,heap        ] GC(367) ParNew: 300986K->22721K(314560K)
[74.469s][info][gc,heap        ] GC(367) CMS: 157218K->172603K(699072K)
[74.469s][info][gc,metaspace   ] GC(367) Metaspace: 171320K(182232K)->171320K(182232K) NonClass: 150767K(156236K)->150767K(156236K) Class: 20552K(25996K)->20552K(25996K)
[74.469s][info][gc             ] GC(367) Pause Young (Allocation Failure) 447M->190M(989M) 5.968ms
[74.469s][info][gc,cpu         ] GC(367) User=0.00s Sys=0.00s Real=0.00s
[74.763s][info][gc,start       ] GC(368) Pause Young (Allocation Failure)
[74.763s][info][gc,task        ] GC(368) Using 6 workers of 6 for evacuation
[74.767s][info][gc,heap        ] GC(368) ParNew: 302337K->10112K(314560K)
[74.767s][info][gc,heap        ] GC(368) CMS: 172603K->186272K(699072K)
[74.767s][info][gc,metaspace   ] GC(368) Metaspace: 171323K(182232K)->171323K(182232K) NonClass: 150770K(156236K)->150770K(156236K) Class: 20552K(25996K)->20552K(25996K)
[74.767s][info][gc             ] GC(368) Pause Young (Allocation Failure) 463M->191M(989M) 4.601ms
[74.767s][info][gc,cpu         ] GC(368) User=0.00s Sys=0.00s Real=0.01s
[75.136s][info][gc,start       ] GC(369) Pause Young (Allocation Failure)
[75.136s][info][gc,task        ] GC(369) Using 6 workers of 6 for evacuation
[75.138s][info][gc,heap        ] GC(369) ParNew: 286583K->9459K(314560K)
[75.138s][info][gc,heap        ] GC(369) CMS: 186272K->186272K(699072K)
[75.138s][info][gc,metaspace   ] GC(369) Metaspace: 171323K(182232K)->171323K(182232K) NonClass: 150770K(156236K)->150770K(156236K) Class: 20552K(25996K)->20552K(25996K)
[75.138s][info][gc             ] GC(369) Pause Young (Allocation Failure) 461M->191M(989M) 2.501ms
[75.138s][info][gc,cpu         ] GC(369) User=0.00s Sys=0.00s Real=0.00s
[75.494s][info][gc,start       ] GC(370) Pause Young (Allocation Failure)
[75.494s][info][gc,task        ] GC(370) Using 6 workers of 6 for evacuation
[75.497s][info][gc,heap        ] GC(370) ParNew: 288967K->9154K(314560K)
[75.497s][info][gc,heap        ] GC(370) CMS: 186272K->186272K(699072K)
[75.497s][info][gc,metaspace   ] GC(370) Metaspace: 171323K(182232K)->171323K(182232K) NonClass: 150770K(156236K)->150770K(156236K) Class: 20552K(25996K)->20552K(25996K)
[75.497s][info][gc             ] GC(370) Pause Young (Allocation Failure) 464M->190M(989M) 3.171ms
[75.497s][info][gc,cpu         ] GC(370) User=0.00s Sys=0.00s Real=0.00s
[75.644s][info][gc,start       ] GC(371) Pause Full (System.gc())
[75.648s][info][gc,phases,start] GC(371) Phase 1: Mark live objects
[75.727s][info][gc,phases      ] GC(371) Phase 1: Mark live objects 79.553ms
[75.727s][info][gc,phases,start] GC(371) Phase 2: Compute new object addresses
[75.748s][info][gc,phases      ] GC(371) Phase 2: Compute new object addresses 20.979ms
[75.749s][info][gc,phases,start] GC(371) Phase 3: Adjust pointers
[75.797s][info][gc,phases      ] GC(371) Phase 3: Adjust pointers 48.011ms
[75.797s][info][gc,phases,start] GC(371) Phase 4: Move objects
[75.808s][info][gc,phases      ] GC(371) Phase 4: Move objects 11.921ms
[75.809s][info][gc,heap        ] GC(371) ParNew: 104166K->0K(314560K)
[75.809s][info][gc,heap        ] GC(371) CMS: 186272K->125927K(699072K)
[75.809s][info][gc,metaspace   ] GC(371) Metaspace: 171399K(182232K)->171399K(182232K) NonClass: 150846K(156236K)->150846K(156236K) Class: 20552K(25996K)->20552K(25996K)
[75.810s][info][gc             ] GC(371) Pause Full (System.gc()) 283M->122M(989M) 165.130ms
[75.810s][info][gc,cpu         ] GC(371) User=0.17s Sys=0.00s Real=0.17s
[75.890s][info][gc,start       ] GC(372) Pause Young (Allocation Failure)
[75.890s][info][gc,task        ] GC(372) Using 6 workers of 6 for evacuation
[75.892s][info][gc,heap        ] GC(372) ParNew: 279616K->2335K(314560K)
[75.892s][info][gc,heap        ] GC(372) CMS: 125927K->125927K(699072K)
[75.892s][info][gc,metaspace   ] GC(372) Metaspace: 171404K(182232K)->171404K(182232K) NonClass: 150851K(156236K)->150851K(156236K) Class: 20552K(25996K)->20552K(25996K)
[75.892s][info][gc             ] GC(372) Pause Young (Allocation Failure) 396M->125M(989M) 1.953ms
[75.892s][info][gc,cpu         ] GC(372) User=0.00s Sys=0.00s Real=0.00s
[75.920s][info][gc,start       ] GC(373) Pause Young (Allocation Failure)
[75.921s][info][gc,task        ] GC(373) Using 6 workers of 6 for evacuation
[75.922s][info][gc,heap        ] GC(373) ParNew: 281951K->1559K(314560K)
[75.922s][info][gc,heap        ] GC(373) CMS: 125927K->125927K(699072K)
[75.922s][info][gc,metaspace   ] GC(373) Metaspace: 171404K(182232K)->171404K(182232K) NonClass: 150851K(156236K)->150851K(156236K) Class: 20552K(25996K)->20552K(25996K)
[75.922s][info][gc             ] GC(373) Pause Young (Allocation Failure) 398M->124M(989M) 1.758ms
[75.922s][info][gc,cpu         ] GC(373) User=0.00s Sys=0.00s Real=0.00s
[76.001s][info][gc,start       ] GC(374) Pause Young (Allocation Failure)
[76.001s][info][gc,task        ] GC(374) Using 6 workers of 6 for evacuation
[76.004s][info][gc,heap        ] GC(374) ParNew: 281175K->14714K(314560K)
[76.004s][info][gc,heap        ] GC(374) CMS: 125927K->125927K(699072K)
[76.004s][info][gc,metaspace   ] GC(374) Metaspace: 171405K(182232K)->171405K(182232K) NonClass: 150852K(156236K)->150852K(156236K) Class: 20552K(25996K)->20552K(25996K)
[76.004s][info][gc             ] GC(374) Pause Young (Allocation Failure) 397M->137M(989M) 3.792ms
[76.004s][info][gc,cpu         ] GC(374) User=0.00s Sys=0.00s Real=0.00s
[76.036s][info][gc,start       ] GC(375) Pause Young (Allocation Failure)
[76.036s][info][gc,task        ] GC(375) Using 6 workers of 6 for evacuation
[76.041s][info][gc,heap        ] GC(375) ParNew: 294330K->26436K(314560K)
[76.041s][info][gc,heap        ] GC(375) CMS: 125927K->125927K(699072K)
[76.041s][info][gc,metaspace   ] GC(375) Metaspace: 171405K(182232K)->171405K(182232K) NonClass: 150852K(156236K)->150852K(156236K) Class: 20552K(25996K)->20552K(25996K)
[76.041s][info][gc             ] GC(375) Pause Young (Allocation Failure) 410M->148M(989M) 5.057ms
[76.041s][info][gc,cpu         ] GC(375) User=0.00s Sys=0.00s Real=0.00s
[76.071s][info][gc,start       ] GC(376) Pause Young (Allocation Failure)
[76.071s][info][gc,task        ] GC(376) Using 6 workers of 6 for evacuation
[76.078s][info][gc,heap        ] GC(376) ParNew: 306052K->23850K(314560K)
[76.078s][info][gc,heap        ] GC(376) CMS: 125927K->144002K(699072K)
[76.078s][info][gc,metaspace   ] GC(376) Metaspace: 171405K(182232K)->171405K(182232K) NonClass: 150852K(156236K)->150852K(156236K) Class: 20552K(25996K)->20552K(25996K)
[76.078s][info][gc             ] GC(376) Pause Young (Allocation Failure) 421M->163M(989M) 7.415ms
[76.078s][info][gc,cpu         ] GC(376) User=0.02s Sys=0.00s Real=0.02s
[76.109s][info][gc,start       ] GC(377) Pause Young (Allocation Failure)
[76.109s][info][gc,task        ] GC(377) Using 6 workers of 6 for evacuation
[76.115s][info][gc,heap        ] GC(377) ParNew: 303466K->22750K(314560K)
[76.115s][info][gc,heap        ] GC(377) CMS: 144002K->158359K(699072K)
[76.115s][info][gc,metaspace   ] GC(377) Metaspace: 171405K(182232K)->171405K(182232K) NonClass: 150852K(156236K)->150852K(156236K) Class: 20552K(25996K)->20552K(25996K)
[76.115s][info][gc             ] GC(377) Pause Young (Allocation Failure) 436M->176M(989M) 6.315ms
[76.115s][info][gc,cpu         ] GC(377) User=0.00s Sys=0.00s Real=0.00s
[76.146s][info][gc,start       ] GC(378) Pause Young (Allocation Failure)
[76.146s][info][gc,task        ] GC(378) Using 6 workers of 6 for evacuation
[76.152s][info][gc,heap        ] GC(378) ParNew: 302366K->23994K(314560K)
[76.152s][info][gc,heap        ] GC(378) CMS: 158359K->171910K(699072K)
[76.152s][info][gc,metaspace   ] GC(378) Metaspace: 171405K(182232K)->171405K(182232K) NonClass: 150852K(156236K)->150852K(156236K) Class: 20552K(25996K)->20552K(25996K)
[76.152s][info][gc             ] GC(378) Pause Young (Allocation Failure) 449M->191M(989M) 6.083ms
[76.152s][info][gc,cpu         ] GC(378) User=0.00s Sys=0.00s Real=0.00s
[76.468s][info][gc,start       ] GC(379) Pause Young (Allocation Failure)
[76.468s][info][gc,task        ] GC(379) Using 6 workers of 6 for evacuation
[76.473s][info][gc,heap        ] GC(379) ParNew: 303610K->15647K(314560K)
[76.473s][info][gc,heap        ] GC(379) CMS: 171910K->186264K(699072K)
[76.473s][info][gc,metaspace   ] GC(379) Metaspace: 171405K(182232K)->171405K(182232K) NonClass: 150852K(156236K)->150852K(156236K) Class: 20552K(25996K)->20552K(25996K)
[76.473s][info][gc             ] GC(379) Pause Young (Allocation Failure) 464M->197M(989M) 4.623ms
[76.473s][info][gc,cpu         ] GC(379) User=0.00s Sys=0.00s Real=0.00s
[76.824s][info][gc,start       ] GC(380) Pause Young (Allocation Failure)
[76.824s][info][gc,task        ] GC(380) Using 6 workers of 6 for evacuation
[76.826s][info][gc,heap        ] GC(380) ParNew: 292187K->9440K(314560K)
[76.826s][info][gc,heap        ] GC(380) CMS: 186264K->186264K(699072K)
[76.826s][info][gc,metaspace   ] GC(380) Metaspace: 171411K(182232K)->171411K(182232K) NonClass: 150858K(156236K)->150858K(156236K) Class: 20552K(25996K)->20552K(25996K)
[76.826s][info][gc             ] GC(380) Pause Young (Allocation Failure) 467M->191M(989M) 2.421ms
[76.826s][info][gc,cpu         ] GC(380) User=0.00s Sys=0.00s Real=0.00s
[77.180s][info][gc,start       ] GC(381) Pause Young (Allocation Failure)
[77.180s][info][gc,task        ] GC(381) Using 6 workers of 6 for evacuation
[77.183s][info][gc,heap        ] GC(381) ParNew: 288465K->9258K(314560K)
[77.183s][info][gc,heap        ] GC(381) CMS: 186264K->186264K(699072K)
[77.183s][info][gc,metaspace   ] GC(381) Metaspace: 171411K(182232K)->171411K(182232K) NonClass: 150858K(156236K)->150858K(156236K) Class: 20552K(25996K)->20552K(25996K)
[77.183s][info][gc             ] GC(381) Pause Young (Allocation Failure) 463M->190M(989M) 2.627ms
[77.183s][info][gc,cpu         ] GC(381) User=0.00s Sys=0.00s Real=0.00s
[77.341s][info][gc,start       ] GC(382) Pause Full (System.gc())
[77.346s][info][gc,phases,start] GC(382) Phase 1: Mark live objects
[77.425s][info][gc,phases      ] GC(382) Phase 1: Mark live objects 78.742ms
[77.425s][info][gc,phases,start] GC(382) Phase 2: Compute new object addresses
[77.446s][info][gc,phases      ] GC(382) Phase 2: Compute new object addresses 21.162ms
[77.446s][info][gc,phases,start] GC(382) Phase 3: Adjust pointers
[77.493s][info][gc,phases      ] GC(382) Phase 3: Adjust pointers 46.724ms
[77.493s][info][gc,phases,start] GC(382) Phase 4: Move objects
[77.495s][info][gc,phases      ] GC(382) Phase 4: Move objects 2.302ms
[77.496s][info][gc,heap        ] GC(382) ParNew: 104890K->0K(314560K)
[77.496s][info][gc,heap        ] GC(382) CMS: 186264K->125595K(699072K)
[77.496s][info][gc,metaspace   ] GC(382) Metaspace: 171413K(182232K)->171413K(182232K) NonClass: 150860K(156236K)->150860K(156236K) Class: 20552K(25996K)->20552K(25996K)
[77.496s][info][gc             ] GC(382) Pause Full (System.gc()) 284M->122M(989M) 155.190ms
[77.497s][info][gc,cpu         ] GC(382) User=0.14s Sys=0.02s Real=0.16s
[77.577s][info][gc,start       ] GC(383) Pause Young (Allocation Failure)
[77.577s][info][gc,task        ] GC(383) Using 6 workers of 6 for evacuation
[77.579s][info][gc,heap        ] GC(383) ParNew: 279616K->3679K(314560K)
[77.579s][info][gc,heap        ] GC(383) CMS: 125595K->125595K(699072K)
[77.579s][info][gc,metaspace   ] GC(383) Metaspace: 171433K(182232K)->171433K(182232K) NonClass: 150880K(156236K)->150880K(156236K) Class: 20552K(25996K)->20552K(25996K)
[77.579s][info][gc             ] GC(383) Pause Young (Allocation Failure) 395M->126M(989M) 2.196ms
[77.579s][info][gc,cpu         ] GC(383) User=0.02s Sys=0.00s Real=0.00s
[77.607s][info][gc,start       ] GC(384) Pause Young (Allocation Failure)
[77.607s][info][gc,task        ] GC(384) Using 6 workers of 6 for evacuation
[77.609s][info][gc,heap        ] GC(384) ParNew: 283295K->1831K(314560K)
[77.609s][info][gc,heap        ] GC(384) CMS: 125595K->125595K(699072K)
[77.609s][info][gc,metaspace   ] GC(384) Metaspace: 171433K(182232K)->171433K(182232K) NonClass: 150880K(156236K)->150880K(156236K) Class: 20552K(25996K)->20552K(25996K)
[77.609s][info][gc             ] GC(384) Pause Young (Allocation Failure) 399M->124M(989M) 1.839ms
[77.609s][info][gc,cpu         ] GC(384) User=0.00s Sys=0.00s Real=0.00s
[77.696s][info][gc,start       ] GC(385) Pause Young (Allocation Failure)
[77.696s][info][gc,task        ] GC(385) Using 6 workers of 6 for evacuation
[77.699s][info][gc,heap        ] GC(385) ParNew: 281447K->12723K(314560K)
[77.699s][info][gc,heap        ] GC(385) CMS: 125595K->125595K(699072K)
[77.699s][info][gc,metaspace   ] GC(385) Metaspace: 171441K(182232K)->171441K(182232K) NonClass: 150888K(156236K)->150888K(156236K) Class: 20552K(25996K)->20552K(25996K)
[77.699s][info][gc             ] GC(385) Pause Young (Allocation Failure) 397M->135M(989M) 3.519ms
[77.699s][info][gc,cpu         ] GC(385) User=0.00s Sys=0.00s Real=0.00s
[77.730s][info][gc,start       ] GC(386) Pause Young (Allocation Failure)
[77.730s][info][gc,task        ] GC(386) Using 6 workers of 6 for evacuation
[77.735s][info][gc,heap        ] GC(386) ParNew: 292339K->27009K(314560K)
[77.735s][info][gc,heap        ] GC(386) CMS: 125595K->125595K(699072K)
[77.735s][info][gc,metaspace   ] GC(386) Metaspace: 171441K(182232K)->171441K(182232K) NonClass: 150888K(156236K)->150888K(156236K) Class: 20552K(25996K)->20552K(25996K)
[77.735s][info][gc             ] GC(386) Pause Young (Allocation Failure) 408M->149M(989M) 4.944ms
[77.735s][info][gc,cpu         ] GC(386) User=0.00s Sys=0.00s Real=0.00s
[77.766s][info][gc,start       ] GC(387) Pause Young (Allocation Failure)
[77.766s][info][gc,task        ] GC(387) Using 6 workers of 6 for evacuation
[77.773s][info][gc,heap        ] GC(387) ParNew: 306625K->24647K(314560K)
[77.773s][info][gc,heap        ] GC(387) CMS: 125595K->143661K(699072K)
[77.773s][info][gc,metaspace   ] GC(387) Metaspace: 171441K(182232K)->171441K(182232K) NonClass: 150888K(156236K)->150888K(156236K) Class: 20552K(25996K)->20552K(25996K)
[77.773s][info][gc             ] GC(387) Pause Young (Allocation Failure) 422M->164M(989M) 7.369ms
[77.774s][info][gc,cpu         ] GC(387) User=0.00s Sys=0.00s Real=0.02s
[77.806s][info][gc,start       ] GC(388) Pause Young (Allocation Failure)
[77.806s][info][gc,task        ] GC(388) Using 6 workers of 6 for evacuation
[77.812s][info][gc,heap        ] GC(388) ParNew: 304263K->23720K(314560K)
[77.812s][info][gc,heap        ] GC(388) CMS: 143661K->157202K(699072K)
[77.812s][info][gc,metaspace   ] GC(388) Metaspace: 171441K(182232K)->171441K(182232K) NonClass: 150888K(156236K)->150888K(156236K) Class: 20552K(25996K)->20552K(25996K)
[77.812s][info][gc             ] GC(388) Pause Young (Allocation Failure) 437M->176M(989M) 6.122ms
[77.812s][info][gc,cpu         ] GC(388) User=0.00s Sys=0.00s Real=0.00s
[77.842s][info][gc,start       ] GC(389) Pause Young (Allocation Failure)
[77.842s][info][gc,task        ] GC(389) Using 6 workers of 6 for evacuation
[77.848s][info][gc,heap        ] GC(389) ParNew: 303336K->20465K(314560K)
[77.848s][info][gc,heap        ] GC(389) CMS: 157202K->171562K(699072K)
[77.848s][info][gc,metaspace   ] GC(389) Metaspace: 171441K(182232K)->171441K(182232K) NonClass: 150888K(156236K)->150888K(156236K) Class: 20552K(25996K)->20552K(25996K)
[77.848s][info][gc             ] GC(389) Pause Young (Allocation Failure) 449M->187M(989M) 5.810ms
[77.848s][info][gc,cpu         ] GC(389) User=0.00s Sys=0.00s Real=0.00s
[78.149s][info][gc,start       ] GC(390) Pause Young (Allocation Failure)
[78.150s][info][gc,task        ] GC(390) Using 6 workers of 6 for evacuation
[78.154s][info][gc,heap        ] GC(390) ParNew: 300081K->13873K(314560K)
[78.154s][info][gc,heap        ] GC(390) CMS: 171562K->185999K(699072K)
[78.154s][info][gc,metaspace   ] GC(390) Metaspace: 171441K(182232K)->171441K(182232K) NonClass: 150888K(156236K)->150888K(156236K) Class: 20552K(25996K)->20552K(25996K)
[78.154s][info][gc             ] GC(390) Pause Young (Allocation Failure) 460M->195M(989M) 4.578ms
[78.154s][info][gc,cpu         ] GC(390) User=0.02s Sys=0.00s Real=0.02s
[78.502s][info][gc,start       ] GC(391) Pause Young (Allocation Failure)
[78.502s][info][gc,task        ] GC(391) Using 6 workers of 6 for evacuation
[78.505s][info][gc,heap        ] GC(391) ParNew: 291547K->9732K(314560K)
[78.505s][info][gc,heap        ] GC(391) CMS: 185999K->185999K(699072K)
[78.505s][info][gc,metaspace   ] GC(391) Metaspace: 171441K(182232K)->171441K(182232K) NonClass: 150888K(156236K)->150888K(156236K) Class: 20552K(25996K)->20552K(25996K)
[78.505s][info][gc             ] GC(391) Pause Young (Allocation Failure) 466M->191M(989M) 2.867ms
[78.505s][info][gc,cpu         ] GC(391) User=0.00s Sys=0.00s Real=0.00s
[78.871s][info][gc,start       ] GC(392) Pause Young (Allocation Failure)
[78.871s][info][gc,task        ] GC(392) Using 6 workers of 6 for evacuation
[78.874s][info][gc,heap        ] GC(392) ParNew: 288771K->8632K(314560K)
[78.874s][info][gc,heap        ] GC(392) CMS: 185999K->185999K(699072K)
[78.874s][info][gc,metaspace   ] GC(392) Metaspace: 171441K(182232K)->171441K(182232K) NonClass: 150888K(156236K)->150888K(156236K) Class: 20552K(25996K)->20552K(25996K)
[78.874s][info][gc             ] GC(392) Pause Young (Allocation Failure) 463M->190M(989M) 2.875ms
[78.874s][info][gc,cpu         ] GC(392) User=0.02s Sys=0.00s Real=0.02s
[79.015s][info][gc,start       ] GC(393) Pause Full (System.gc())
[79.018s][info][gc,phases,start] GC(393) Phase 1: Mark live objects
[79.097s][info][gc,phases      ] GC(393) Phase 1: Mark live objects 78.962ms
[79.097s][info][gc,phases,start] GC(393) Phase 2: Compute new object addresses
[79.118s][info][gc,phases      ] GC(393) Phase 2: Compute new object addresses 21.178ms
[79.118s][info][gc,phases,start] GC(393) Phase 3: Adjust pointers
[79.167s][info][gc,phases      ] GC(393) Phase 3: Adjust pointers 48.121ms
[79.167s][info][gc,phases,start] GC(393) Phase 4: Move objects
[79.169s][info][gc,phases      ] GC(393) Phase 4: Move objects 2.269ms
[79.170s][info][gc,heap        ] GC(393) ParNew: 103844K->0K(314560K)
[79.170s][info][gc,heap        ] GC(393) CMS: 185999K->125954K(699072K)
[79.170s][info][gc,metaspace   ] GC(393) Metaspace: 171445K(182232K)->171445K(182232K) NonClass: 150893K(156236K)->150893K(156236K) Class: 20552K(25996K)->20552K(25996K)
[79.170s][info][gc             ] GC(393) Pause Full (System.gc()) 283M->123M(989M) 154.871ms
[79.170s][info][gc,cpu         ] GC(393) User=0.12s Sys=0.00s Real=0.14s
[79.249s][info][gc,start       ] GC(394) Pause Young (Allocation Failure)
[79.249s][info][gc,task        ] GC(394) Using 6 workers of 6 for evacuation
[79.251s][info][gc,heap        ] GC(394) ParNew: 279616K->2295K(314560K)
[79.251s][info][gc,heap        ] GC(394) CMS: 125954K->125954K(699072K)
[79.251s][info][gc,metaspace   ] GC(394) Metaspace: 171461K(182232K)->171461K(182232K) NonClass: 150908K(156236K)->150908K(156236K) Class: 20552K(25996K)->20552K(25996K)
[79.251s][info][gc             ] GC(394) Pause Young (Allocation Failure) 396M->125M(989M) 2.123ms
[79.251s][info][gc,cpu         ] GC(394) User=0.02s Sys=0.00s Real=0.02s
[79.279s][info][gc,start       ] GC(395) Pause Young (Allocation Failure)
[79.279s][info][gc,task        ] GC(395) Using 6 workers of 6 for evacuation
[79.281s][info][gc,heap        ] GC(395) ParNew: 281911K->1714K(314560K)
[79.281s][info][gc,heap        ] GC(395) CMS: 125954K->125954K(699072K)
[79.281s][info][gc,metaspace   ] GC(395) Metaspace: 171462K(182232K)->171462K(182232K) NonClass: 150909K(156236K)->150909K(156236K) Class: 20552K(25996K)->20552K(25996K)
[79.281s][info][gc             ] GC(395) Pause Young (Allocation Failure) 398M->124M(989M) 2.030ms
[79.281s][info][gc,cpu         ] GC(395) User=0.02s Sys=0.00s Real=0.02s
[79.360s][info][gc,start       ] GC(396) Pause Young (Allocation Failure)
[79.360s][info][gc,task        ] GC(396) Using 6 workers of 6 for evacuation
[79.364s][info][gc,heap        ] GC(396) ParNew: 281330K->13294K(314560K)
[79.364s][info][gc,heap        ] GC(396) CMS: 125954K->125954K(699072K)
[79.364s][info][gc,metaspace   ] GC(396) Metaspace: 171462K(182232K)->171462K(182232K) NonClass: 150909K(156236K)->150909K(156236K) Class: 20552K(25996K)->20552K(25996K)
[79.364s][info][gc             ] GC(396) Pause Young (Allocation Failure) 397M->135M(989M) 3.626ms
[79.364s][info][gc,cpu         ] GC(396) User=0.00s Sys=0.00s Real=0.00s
[79.396s][info][gc,start       ] GC(397) Pause Young (Allocation Failure)
[79.396s][info][gc,task        ] GC(397) Using 6 workers of 6 for evacuation
[79.400s][info][gc,heap        ] GC(397) ParNew: 292910K->25512K(314560K)
[79.400s][info][gc,heap        ] GC(397) CMS: 125954K->125954K(699072K)
[79.400s][info][gc,metaspace   ] GC(397) Metaspace: 171462K(182232K)->171462K(182232K) NonClass: 150909K(156236K)->150909K(156236K) Class: 20552K(25996K)->20552K(25996K)
[79.400s][info][gc             ] GC(397) Pause Young (Allocation Failure) 409M->147M(989M) 4.512ms
[79.400s][info][gc,cpu         ] GC(397) User=0.00s Sys=0.00s Real=0.00s
[79.431s][info][gc,start       ] GC(398) Pause Young (Allocation Failure)
[79.431s][info][gc,task        ] GC(398) Using 6 workers of 6 for evacuation
[79.438s][info][gc,heap        ] GC(398) ParNew: 305128K->21277K(314560K)
[79.438s][info][gc,heap        ] GC(398) CMS: 125954K->145176K(699072K)
[79.438s][info][gc,metaspace   ] GC(398) Metaspace: 171462K(182232K)->171462K(182232K) NonClass: 150909K(156236K)->150909K(156236K) Class: 20552K(25996K)->20552K(25996K)
[79.438s][info][gc             ] GC(398) Pause Young (Allocation Failure) 420M->162M(989M) 7.408ms
[79.438s][info][gc,cpu         ] GC(398) User=0.00s Sys=0.00s Real=0.02s
[79.469s][info][gc,start       ] GC(399) Pause Young (Allocation Failure)
[79.469s][info][gc,task        ] GC(399) Using 6 workers of 6 for evacuation
[79.475s][info][gc,heap        ] GC(399) ParNew: 300893K->21025K(314560K)
[79.475s][info][gc,heap        ] GC(399) CMS: 145176K->158513K(699072K)
[79.475s][info][gc,metaspace   ] GC(399) Metaspace: 171462K(182232K)->171462K(182232K) NonClass: 150909K(156236K)->150909K(156236K) Class: 20552K(25996K)->20552K(25996K)
[79.475s][info][gc             ] GC(399) Pause Young (Allocation Failure) 435M->175M(989M) 5.745ms
[79.475s][info][gc,cpu         ] GC(399) User=0.00s Sys=0.00s Real=0.00s
[79.505s][info][gc,start       ] GC(400) Pause Young (Allocation Failure)
[79.505s][info][gc,task        ] GC(400) Using 6 workers of 6 for evacuation
[79.511s][info][gc,heap        ] GC(400) ParNew: 300641K->22938K(314560K)
[79.511s][info][gc,heap        ] GC(400) CMS: 158513K->173074K(699072K)
[79.511s][info][gc,metaspace   ] GC(400) Metaspace: 171462K(182232K)->171462K(182232K) NonClass: 150909K(156236K)->150909K(156236K) Class: 20552K(25996K)->20552K(25996K)
[79.511s][info][gc             ] GC(400) Pause Young (Allocation Failure) 448M->191M(989M) 6.402ms
[79.512s][info][gc,cpu         ] GC(400) User=0.00s Sys=0.00s Real=0.00s
[79.817s][info][gc,start       ] GC(401) Pause Young (Allocation Failure)
[79.817s][info][gc,task        ] GC(401) Using 6 workers of 6 for evacuation
[79.821s][info][gc,heap        ] GC(401) ParNew: 302554K->13765K(314560K)
[79.821s][info][gc,heap        ] GC(401) CMS: 173074K->185386K(699072K)
[79.821s][info][gc,metaspace   ] GC(401) Metaspace: 171463K(182232K)->171463K(182232K) NonClass: 150910K(156236K)->150910K(156236K) Class: 20552K(25996K)->20552K(25996K)
[79.821s][info][gc             ] GC(401) Pause Young (Allocation Failure) 464M->194M(989M) 4.183ms
[79.821s][info][gc,cpu         ] GC(401) User=0.00s Sys=0.00s Real=0.00s
[80.179s][info][gc,start       ] GC(402) Pause Young (Allocation Failure)
[80.179s][info][gc,task        ] GC(402) Using 6 workers of 6 for evacuation
[80.181s][info][gc,heap        ] GC(402) ParNew: 293381K->9866K(314560K)
[80.181s][info][gc,heap        ] GC(402) CMS: 185386K->185386K(699072K)
[80.181s][info][gc,metaspace   ] GC(402) Metaspace: 171463K(182232K)->171463K(182232K) NonClass: 150910K(156236K)->150910K(156236K) Class: 20552K(25996K)->20552K(25996K)
[80.181s][info][gc             ] GC(402) Pause Young (Allocation Failure) 467M->190M(989M) 2.777ms
[80.181s][info][gc,cpu         ] GC(402) User=0.00s Sys=0.00s Real=0.00s
[80.536s][info][gc,start       ] GC(403) Pause Young (Allocation Failure)
[80.536s][info][gc,task        ] GC(403) Using 6 workers of 6 for evacuation
[80.539s][info][gc,heap        ] GC(403) ParNew: 286803K->12118K(314560K)
[80.539s][info][gc,heap        ] GC(403) CMS: 185386K->185386K(699072K)
[80.539s][info][gc,metaspace   ] GC(403) Metaspace: 171463K(182232K)->171463K(182232K) NonClass: 150910K(156236K)->150910K(156236K) Class: 20552K(25996K)->20552K(25996K)
[80.539s][info][gc             ] GC(403) Pause Young (Allocation Failure) 461M->192M(989M) 2.647ms
[80.539s][info][gc,cpu         ] GC(403) User=0.00s Sys=0.02s Real=0.02s
[80.679s][info][gc,start       ] GC(404) Pause Full (System.gc())
[80.681s][info][gc,phases,start] GC(404) Phase 1: Mark live objects
[80.760s][info][gc,phases      ] GC(404) Phase 1: Mark live objects 79.201ms
[80.760s][info][gc,phases,start] GC(404) Phase 2: Compute new object addresses
[80.781s][info][gc,phases      ] GC(404) Phase 2: Compute new object addresses 20.994ms
[80.781s][info][gc,phases,start] GC(404) Phase 3: Adjust pointers
[80.828s][info][gc,phases      ] GC(404) Phase 3: Adjust pointers 46.034ms
[80.828s][info][gc,phases,start] GC(404) Phase 4: Move objects
[80.830s][info][gc,phases      ] GC(404) Phase 4: Move objects 2.622ms
[80.831s][info][gc,heap        ] GC(404) ParNew: 105408K->0K(314560K)
[80.831s][info][gc,heap        ] GC(404) CMS: 185386K->125423K(699072K)
[80.831s][info][gc,metaspace   ] GC(404) Metaspace: 171526K(182232K)->171526K(182232K) NonClass: 150973K(156236K)->150973K(156236K) Class: 20552K(25996K)->20552K(25996K)
[80.831s][info][gc             ] GC(404) Pause Full (System.gc()) 283M->122M(989M) 152.327ms
[80.831s][info][gc,cpu         ] GC(404) User=0.16s Sys=0.00s Real=0.16s
[80.906s][info][gc,start       ] GC(405) Pause Young (Allocation Failure)
[80.906s][info][gc,task        ] GC(405) Using 6 workers of 6 for evacuation
[80.908s][info][gc,heap        ] GC(405) ParNew: 279616K->2755K(314560K)
[80.908s][info][gc,heap        ] GC(405) CMS: 125423K->125423K(699072K)
[80.908s][info][gc,metaspace   ] GC(405) Metaspace: 171529K(182232K)->171529K(182232K) NonClass: 150976K(156236K)->150976K(156236K) Class: 20552K(25996K)->20552K(25996K)
[80.908s][info][gc             ] GC(405) Pause Young (Allocation Failure) 395M->125M(989M) 2.139ms
[80.908s][info][gc,cpu         ] GC(405) User=0.00s Sys=0.00s Real=0.00s
[80.936s][info][gc,start       ] GC(406) Pause Young (Allocation Failure)
[80.936s][info][gc,task        ] GC(406) Using 6 workers of 6 for evacuation
[80.938s][info][gc,heap        ] GC(406) ParNew: 282371K->1719K(314560K)
[80.938s][info][gc,heap        ] GC(406) CMS: 125423K->125423K(699072K)
[80.938s][info][gc,metaspace   ] GC(406) Metaspace: 171529K(182232K)->171529K(182232K) NonClass: 150976K(156236K)->150976K(156236K) Class: 20552K(25996K)->20552K(25996K)
[80.938s][info][gc             ] GC(406) Pause Young (Allocation Failure) 398M->124M(989M) 1.964ms
[80.938s][info][gc,cpu         ] GC(406) User=0.00s Sys=0.00s Real=0.00s
[81.016s][info][gc,start       ] GC(407) Pause Young (Allocation Failure)
[81.016s][info][gc,task        ] GC(407) Using 6 workers of 6 for evacuation
[81.020s][info][gc,heap        ] GC(407) ParNew: 281335K->13267K(314560K)
[81.020s][info][gc,heap        ] GC(407) CMS: 125423K->125423K(699072K)
[81.020s][info][gc,metaspace   ] GC(407) Metaspace: 171529K(182232K)->171529K(182232K) NonClass: 150976K(156236K)->150976K(156236K) Class: 20552K(25996K)->20552K(25996K)
[81.020s][info][gc             ] GC(407) Pause Young (Allocation Failure) 397M->135M(989M) 3.671ms
[81.020s][info][gc,cpu         ] GC(407) User=0.00s Sys=0.00s Real=0.00s
[81.052s][info][gc,start       ] GC(408) Pause Young (Allocation Failure)
[81.052s][info][gc,task        ] GC(408) Using 6 workers of 6 for evacuation
[81.057s][info][gc,heap        ] GC(408) ParNew: 292883K->26271K(314560K)
[81.057s][info][gc,heap        ] GC(408) CMS: 125423K->125423K(699072K)
[81.057s][info][gc,metaspace   ] GC(408) Metaspace: 171529K(182232K)->171529K(182232K) NonClass: 150976K(156236K)->150976K(156236K) Class: 20552K(25996K)->20552K(25996K)
[81.057s][info][gc             ] GC(408) Pause Young (Allocation Failure) 408M->148M(989M) 4.874ms
[81.057s][info][gc,cpu         ] GC(408) User=0.00s Sys=0.00s Real=0.02s
[81.087s][info][gc,start       ] GC(409) Pause Young (Allocation Failure)
[81.087s][info][gc,task        ] GC(409) Using 6 workers of 6 for evacuation
[81.094s][info][gc,heap        ] GC(409) ParNew: 305887K->20160K(314560K)
[81.094s][info][gc,heap        ] GC(409) CMS: 125423K->144515K(699072K)
[81.094s][info][gc,metaspace   ] GC(409) Metaspace: 171529K(182232K)->171529K(182232K) NonClass: 150976K(156236K)->150976K(156236K) Class: 20552K(25996K)->20552K(25996K)
[81.094s][info][gc             ] GC(409) Pause Young (Allocation Failure) 421M->160M(989M) 7.155ms
[81.094s][info][gc,cpu         ] GC(409) User=0.03s Sys=0.00s Real=0.02s
[81.125s][info][gc,start       ] GC(410) Pause Young (Allocation Failure)
[81.126s][info][gc,task        ] GC(410) Using 6 workers of 6 for evacuation
[81.132s][info][gc,heap        ] GC(410) ParNew: 299776K->20764K(314560K)
[81.132s][info][gc,heap        ] GC(410) CMS: 144515K->158040K(699072K)
[81.132s][info][gc,metaspace   ] GC(410) Metaspace: 171529K(182232K)->171529K(182232K) NonClass: 150976K(156236K)->150976K(156236K) Class: 20552K(25996K)->20552K(25996K)
[81.132s][info][gc             ] GC(410) Pause Young (Allocation Failure) 433M->174M(989M) 6.133ms
[81.132s][info][gc,cpu         ] GC(410) User=0.00s Sys=0.00s Real=0.00s
[81.163s][info][gc,start       ] GC(411) Pause Young (Allocation Failure)
[81.163s][info][gc,task        ] GC(411) Using 6 workers of 6 for evacuation
[81.169s][info][gc,heap        ] GC(411) ParNew: 300380K->20134K(314560K)
[81.169s][info][gc,heap        ] GC(411) CMS: 158040K->172411K(699072K)
[81.169s][info][gc,metaspace   ] GC(411) Metaspace: 171529K(182232K)->171529K(182232K) NonClass: 150976K(156236K)->150976K(156236K) Class: 20552K(25996K)->20552K(25996K)
[81.169s][info][gc             ] GC(411) Pause Young (Allocation Failure) 447M->188M(989M) 6.400ms
[81.169s][info][gc,cpu         ] GC(411) User=0.02s Sys=0.00s Real=0.02s
[81.474s][info][gc,start       ] GC(412) Pause Young (Allocation Failure)
[81.474s][info][gc,task        ] GC(412) Using 6 workers of 6 for evacuation
[81.479s][info][gc,heap        ] GC(412) ParNew: 299710K->12864K(314560K)
[81.479s][info][gc,heap        ] GC(412) CMS: 172411K->185743K(699072K)
[81.479s][info][gc,metaspace   ] GC(412) Metaspace: 171529K(182232K)->171529K(182232K) NonClass: 150976K(156236K)->150976K(156236K) Class: 20552K(25996K)->20552K(25996K)
[81.479s][info][gc             ] GC(412) Pause Young (Allocation Failure) 461M->193M(989M) 4.899ms
[81.479s][info][gc,cpu         ] GC(412) User=0.00s Sys=0.00s Real=0.00s
[81.848s][info][gc,start       ] GC(413) Pause Young (Allocation Failure)
[81.848s][info][gc,task        ] GC(413) Using 6 workers of 6 for evacuation
[81.851s][info][gc,heap        ] GC(413) ParNew: 289271K->9301K(314560K)
[81.851s][info][gc,heap        ] GC(413) CMS: 185743K->185743K(699072K)
[81.851s][info][gc,metaspace   ] GC(413) Metaspace: 171529K(182232K)->171529K(182232K) NonClass: 150976K(156236K)->150976K(156236K) Class: 20552K(25996K)->20552K(25996K)
[81.851s][info][gc             ] GC(413) Pause Young (Allocation Failure) 463M->190M(989M) 3.052ms
[81.851s][info][gc,cpu         ] GC(413) User=0.00s Sys=0.00s Real=0.00s
[82.205s][info][gc,start       ] GC(414) Pause Young (Allocation Failure)
[82.205s][info][gc,task        ] GC(414) Using 6 workers of 6 for evacuation
[82.208s][info][gc,heap        ] GC(414) ParNew: 288640K->9527K(314560K)
[82.208s][info][gc,heap        ] GC(414) CMS: 185743K->185743K(699072K)
[82.208s][info][gc,metaspace   ] GC(414) Metaspace: 171529K(182232K)->171529K(182232K) NonClass: 150976K(156236K)->150976K(156236K) Class: 20552K(25996K)->20552K(25996K)
[82.208s][info][gc             ] GC(414) Pause Young (Allocation Failure) 463M->190M(989M) 3.170ms
[82.208s][info][gc,cpu         ] GC(414) User=0.00s Sys=0.00s Real=0.00s
[82.350s][info][gc,start       ] GC(415) Pause Full (System.gc())
[82.352s][info][gc,phases,start] GC(415) Phase 1: Mark live objects
[82.431s][info][gc,phases      ] GC(415) Phase 1: Mark live objects 78.809ms
[82.431s][info][gc,phases,start] GC(415) Phase 2: Compute new object addresses
[82.452s][info][gc,phases      ] GC(415) Phase 2: Compute new object addresses 21.017ms
[82.452s][info][gc,phases,start] GC(415) Phase 3: Adjust pointers
[82.499s][info][gc,phases      ] GC(415) Phase 3: Adjust pointers 47.127ms
[82.499s][info][gc,phases,start] GC(415) Phase 4: Move objects
[82.510s][info][gc,phases      ] GC(415) Phase 4: Move objects 10.551ms
[82.511s][info][gc,heap        ] GC(415) ParNew: 105361K->0K(314560K)
[82.511s][info][gc,heap        ] GC(415) CMS: 185743K->125879K(699072K)
[82.511s][info][gc,metaspace   ] GC(415) Metaspace: 171534K(182232K)->171534K(182232K) NonClass: 150981K(156236K)->150981K(156236K) Class: 20552K(25996K)->20552K(25996K)
[82.511s][info][gc             ] GC(415) Pause Full (System.gc()) 284M->122M(989M) 161.356ms
[82.511s][info][gc,cpu         ] GC(415) User=0.16s Sys=0.00s Real=0.16s
[82.586s][info][gc,start       ] GC(416) Pause Young (Allocation Failure)
[82.586s][info][gc,task        ] GC(416) Using 6 workers of 6 for evacuation
[82.589s][info][gc,heap        ] GC(416) ParNew: 279616K->3526K(314560K)
[82.589s][info][gc,heap        ] GC(416) CMS: 125879K->125879K(699072K)
[82.589s][info][gc,metaspace   ] GC(416) Metaspace: 171651K(182488K)->171651K(182488K) NonClass: 151098K(156492K)->151098K(156492K) Class: 20552K(25996K)->20552K(25996K)
[82.589s][info][gc             ] GC(416) Pause Young (Allocation Failure) 395M->126M(989M) 2.400ms
[82.589s][info][gc,cpu         ] GC(416) User=0.00s Sys=0.00s Real=0.00s
[82.617s][info][gc,start       ] GC(417) Pause Young (Allocation Failure)
[82.617s][info][gc,task        ] GC(417) Using 6 workers of 6 for evacuation
[82.619s][info][gc,heap        ] GC(417) ParNew: 283142K->1779K(314560K)
[82.619s][info][gc,heap        ] GC(417) CMS: 125879K->125879K(699072K)
[82.619s][info][gc,metaspace   ] GC(417) Metaspace: 171651K(182488K)->171651K(182488K) NonClass: 151098K(156492K)->151098K(156492K) Class: 20552K(25996K)->20552K(25996K)
[82.619s][info][gc             ] GC(417) Pause Young (Allocation Failure) 399M->124M(989M) 1.966ms
[82.619s][info][gc,cpu         ] GC(417) User=0.00s Sys=0.00s Real=0.00s
[82.700s][info][gc,start       ] GC(418) Pause Young (Allocation Failure)
[82.700s][info][gc,task        ] GC(418) Using 6 workers of 6 for evacuation
[82.704s][info][gc,heap        ] GC(418) ParNew: 281395K->14006K(314560K)
[82.704s][info][gc,heap        ] GC(418) CMS: 125879K->125879K(699072K)
[82.704s][info][gc,metaspace   ] GC(418) Metaspace: 171653K(182488K)->171653K(182488K) NonClass: 151100K(156492K)->151100K(156492K) Class: 20552K(25996K)->20552K(25996K)
[82.704s][info][gc             ] GC(418) Pause Young (Allocation Failure) 397M->136M(989M) 3.906ms
[82.704s][info][gc,cpu         ] GC(418) User=0.00s Sys=0.00s Real=0.00s
[82.735s][info][gc,start       ] GC(419) Pause Young (Allocation Failure)
[82.735s][info][gc,task        ] GC(419) Using 6 workers of 6 for evacuation
[82.740s][info][gc,heap        ] GC(419) ParNew: 293622K->25400K(314560K)
[82.740s][info][gc,heap        ] GC(419) CMS: 125879K->125879K(699072K)
[82.740s][info][gc,metaspace   ] GC(419) Metaspace: 171653K(182488K)->171653K(182488K) NonClass: 151100K(156492K)->151100K(156492K) Class: 20552K(25996K)->20552K(25996K)
[82.740s][info][gc             ] GC(419) Pause Young (Allocation Failure) 409M->147M(989M) 5.005ms
[82.740s][info][gc,cpu         ] GC(419) User=0.02s Sys=0.00s Real=0.02s
[82.771s][info][gc,start       ] GC(420) Pause Young (Allocation Failure)
[82.771s][info][gc,task        ] GC(420) Using 6 workers of 6 for evacuation
[82.778s][info][gc,heap        ] GC(420) ParNew: 305016K->23137K(314560K)
[82.778s][info][gc,heap        ] GC(420) CMS: 125879K->144966K(699072K)
[82.778s][info][gc,metaspace   ] GC(420) Metaspace: 171653K(182488K)->171653K(182488K) NonClass: 151100K(156492K)->151100K(156492K) Class: 20552K(25996K)->20552K(25996K)
[82.778s][info][gc             ] GC(420) Pause Young (Allocation Failure) 420M->164M(989M) 7.417ms
[82.778s][info][gc,cpu         ] GC(420) User=0.00s Sys=0.00s Real=0.00s
[82.809s][info][gc,start       ] GC(421) Pause Young (Allocation Failure)
[82.809s][info][gc,task        ] GC(421) Using 6 workers of 6 for evacuation
[82.815s][info][gc,heap        ] GC(421) ParNew: 302753K->21950K(314560K)
[82.815s][info][gc,heap        ] GC(421) CMS: 144966K->157483K(699072K)
[82.815s][info][gc,metaspace   ] GC(421) Metaspace: 171653K(182488K)->171653K(182488K) NonClass: 151100K(156492K)->151100K(156492K) Class: 20552K(25996K)->20552K(25996K)
[82.815s][info][gc             ] GC(421) Pause Young (Allocation Failure) 437M->175M(989M) 6.117ms
[82.815s][info][gc,cpu         ] GC(421) User=0.00s Sys=0.00s Real=0.00s
[82.845s][info][gc,start       ] GC(422) Pause Young (Allocation Failure)
[82.845s][info][gc,task        ] GC(422) Using 6 workers of 6 for evacuation
[82.852s][info][gc,heap        ] GC(422) ParNew: 301566K->20252K(314560K)
[82.852s][info][gc,heap        ] GC(422) CMS: 157483K->172867K(699072K)
[82.852s][info][gc,metaspace   ] GC(422) Metaspace: 171653K(182488K)->171653K(182488K) NonClass: 151100K(156492K)->151100K(156492K) Class: 20552K(25996K)->20552K(25996K)
[82.852s][info][gc             ] GC(422) Pause Young (Allocation Failure) 448M->188M(989M) 6.609ms
[82.852s][info][gc,cpu         ] GC(422) User=0.02s Sys=0.00s Real=0.01s
[83.164s][info][gc,start       ] GC(423) Pause Young (Allocation Failure)
[83.164s][info][gc,task        ] GC(423) Using 6 workers of 6 for evacuation
[83.168s][info][gc,heap        ] GC(423) ParNew: 299864K->11365K(314560K)
[83.168s][info][gc,heap        ] GC(423) CMS: 172867K->186617K(699072K)
[83.168s][info][gc,metaspace   ] GC(423) Metaspace: 171653K(182488K)->171653K(182488K) NonClass: 151100K(156492K)->151100K(156492K) Class: 20552K(25996K)->20552K(25996K)
[83.168s][info][gc             ] GC(423) Pause Young (Allocation Failure) 461M->193M(989M) 4.690ms
[83.169s][info][gc,cpu         ] GC(423) User=0.00s Sys=0.00s Real=0.00s
[83.532s][info][gc,start       ] GC(424) Pause Young (Allocation Failure)
[83.532s][info][gc,task        ] GC(424) Using 6 workers of 6 for evacuation
[83.535s][info][gc,heap        ] GC(424) ParNew: 290893K->9736K(314560K)
[83.535s][info][gc,heap        ] GC(424) CMS: 186617K->186617K(699072K)
[83.535s][info][gc,metaspace   ] GC(424) Metaspace: 171653K(182488K)->171653K(182488K) NonClass: 151100K(156492K)->151100K(156492K) Class: 20552K(25996K)->20552K(25996K)
[83.535s][info][gc             ] GC(424) Pause Young (Allocation Failure) 466M->191M(989M) 3.105ms
[83.535s][info][gc,cpu         ] GC(424) User=0.00s Sys=0.00s Real=0.00s
[83.909s][info][gc,start       ] GC(425) Pause Young (Allocation Failure)
[83.909s][info][gc,task        ] GC(425) Using 6 workers of 6 for evacuation
[83.912s][info][gc,heap        ] GC(425) ParNew: 285569K->7409K(314560K)
[83.912s][info][gc,heap        ] GC(425) CMS: 186617K->186617K(699072K)
[83.912s][info][gc,metaspace   ] GC(425) Metaspace: 171653K(182488K)->171653K(182488K) NonClass: 151100K(156492K)->151100K(156492K) Class: 20552K(25996K)->20552K(25996K)
[83.912s][info][gc             ] GC(425) Pause Young (Allocation Failure) 461M->189M(989M) 2.795ms
[83.912s][info][gc,cpu         ] GC(425) User=0.00s Sys=0.00s Real=0.00s
[84.053s][info][gc,start       ] GC(426) Pause Full (System.gc())
[84.056s][info][gc,phases,start] GC(426) Phase 1: Mark live objects
[84.136s][info][gc,phases      ] GC(426) Phase 1: Mark live objects 80.008ms
[84.136s][info][gc,phases,start] GC(426) Phase 2: Compute new object addresses
[84.157s][info][gc,phases      ] GC(426) Phase 2: Compute new object addresses 21.172ms
[84.157s][info][gc,phases,start] GC(426) Phase 3: Adjust pointers
[84.205s][info][gc,phases      ] GC(426) Phase 3: Adjust pointers 47.220ms
[84.205s][info][gc,phases,start] GC(426) Phase 4: Move objects
[84.215s][info][gc,phases      ] GC(426) Phase 4: Move objects 10.401ms
[84.216s][info][gc,heap        ] GC(426) ParNew: 101277K->0K(314560K)
[84.216s][info][gc,heap        ] GC(426) CMS: 186617K->125424K(699072K)
[84.216s][info][gc,metaspace   ] GC(426) Metaspace: 171749K(182488K)->171749K(182488K) NonClass: 151196K(156492K)->151196K(156492K) Class: 20553K(25996K)->20553K(25996K)
[84.216s][info][gc             ] GC(426) Pause Full (System.gc()) 281M->122M(989M) 163.297ms
[84.216s][info][gc,cpu         ] GC(426) User=0.19s Sys=0.00s Real=0.17s
[84.295s][info][gc,start       ] GC(427) Pause Young (Allocation Failure)
[84.295s][info][gc,task        ] GC(427) Using 6 workers of 6 for evacuation
[84.298s][info][gc,heap        ] GC(427) ParNew: 279616K->2324K(314560K)
[84.298s][info][gc,heap        ] GC(427) CMS: 125424K->125424K(699072K)
[84.298s][info][gc,metaspace   ] GC(427) Metaspace: 171749K(182488K)->171749K(182488K) NonClass: 151196K(156492K)->151196K(156492K) Class: 20553K(25996K)->20553K(25996K)
[84.298s][info][gc             ] GC(427) Pause Young (Allocation Failure) 395M->124M(989M) 2.381ms
[84.298s][info][gc,cpu         ] GC(427) User=0.00s Sys=0.00s Real=0.00s
[84.326s][info][gc,start       ] GC(428) Pause Young (Allocation Failure)
[84.326s][info][gc,task        ] GC(428) Using 6 workers of 6 for evacuation
[84.328s][info][gc,heap        ] GC(428) ParNew: 281940K->1902K(314560K)
[84.328s][info][gc,heap        ] GC(428) CMS: 125424K->125424K(699072K)
[84.328s][info][gc,metaspace   ] GC(428) Metaspace: 171749K(182488K)->171749K(182488K) NonClass: 151196K(156492K)->151196K(156492K) Class: 20553K(25996K)->20553K(25996K)
[84.328s][info][gc             ] GC(428) Pause Young (Allocation Failure) 397M->124M(989M) 2.028ms
[84.328s][info][gc,cpu         ] GC(428) User=0.00s Sys=0.00s Real=0.00s
[84.406s][info][gc,start       ] GC(429) Pause Young (Allocation Failure)
[84.407s][info][gc,task        ] GC(429) Using 6 workers of 6 for evacuation
[84.409s][info][gc,heap        ] GC(429) ParNew: 281518K->8557K(314560K)
[84.409s][info][gc,heap        ] GC(429) CMS: 125424K->125424K(699072K)
[84.409s][info][gc,metaspace   ] GC(429) Metaspace: 171749K(182488K)->171749K(182488K) NonClass: 151196K(156492K)->151196K(156492K) Class: 20553K(25996K)->20553K(25996K)
[84.409s][info][gc             ] GC(429) Pause Young (Allocation Failure) 397M->130M(989M) 2.934ms
[84.409s][info][gc,cpu         ] GC(429) User=0.00s Sys=0.00s Real=0.00s
[84.441s][info][gc,start       ] GC(430) Pause Young (Allocation Failure)
[84.441s][info][gc,task        ] GC(430) Using 6 workers of 6 for evacuation
[84.446s][info][gc,heap        ] GC(430) ParNew: 288173K->24519K(314560K)
[84.446s][info][gc,heap        ] GC(430) CMS: 125424K->125424K(699072K)
[84.446s][info][gc,metaspace   ] GC(430) Metaspace: 171749K(182488K)->171749K(182488K) NonClass: 151196K(156492K)->151196K(156492K) Class: 20553K(25996K)->20553K(25996K)
[84.446s][info][gc             ] GC(430) Pause Young (Allocation Failure) 403M->146M(989M) 4.968ms
[84.446s][info][gc,cpu         ] GC(430) User=0.00s Sys=0.00s Real=0.00s
[84.476s][info][gc,start       ] GC(431) Pause Young (Allocation Failure)
[84.476s][info][gc,task        ] GC(431) Using 6 workers of 6 for evacuation
[84.484s][info][gc,heap        ] GC(431) ParNew: 304135K->25153K(314560K)
[84.484s][info][gc,heap        ] GC(431) CMS: 125424K->143502K(699072K)
[84.484s][info][gc,metaspace   ] GC(431) Metaspace: 171749K(182488K)->171749K(182488K) NonClass: 151196K(156492K)->151196K(156492K) Class: 20553K(25996K)->20553K(25996K)
[84.484s][info][gc             ] GC(431) Pause Young (Allocation Failure) 419M->164M(989M) 8.146ms
[84.484s][info][gc,cpu         ] GC(431) User=0.02s Sys=0.00s Real=0.02s
[84.515s][info][gc,start       ] GC(432) Pause Young (Allocation Failure)
[84.515s][info][gc,task        ] GC(432) Using 6 workers of 6 for evacuation
[84.521s][info][gc,heap        ] GC(432) ParNew: 304769K->23296K(314560K)
[84.521s][info][gc,heap        ] GC(432) CMS: 143502K->155815K(699072K)
[84.521s][info][gc,metaspace   ] GC(432) Metaspace: 171749K(182488K)->171749K(182488K) NonClass: 151196K(156492K)->151196K(156492K) Class: 20553K(25996K)->20553K(25996K)
[84.521s][info][gc             ] GC(432) Pause Young (Allocation Failure) 437M->174M(989M) 6.135ms
[84.521s][info][gc,cpu         ] GC(432) User=0.00s Sys=0.00s Real=0.00s
[84.552s][info][gc,start       ] GC(433) Pause Young (Allocation Failure)
[84.552s][info][gc,task        ] GC(433) Using 6 workers of 6 for evacuation
[84.558s][info][gc,heap        ] GC(433) ParNew: 302912K->21279K(314560K)
[84.558s][info][gc,heap        ] GC(433) CMS: 155815K->172415K(699072K)
[84.558s][info][gc,metaspace   ] GC(433) Metaspace: 171749K(182488K)->171749K(182488K) NonClass: 151196K(156492K)->151196K(156492K) Class: 20553K(25996K)->20553K(25996K)
[84.558s][info][gc             ] GC(433) Pause Young (Allocation Failure) 447M->189M(989M) 6.485ms
[84.558s][info][gc,cpu         ] GC(433) User=0.00s Sys=0.00s Real=0.00s
[84.871s][info][gc,start       ] GC(434) Pause Young (Allocation Failure)
[84.871s][info][gc,task        ] GC(434) Using 6 workers of 6 for evacuation
[84.876s][info][gc,heap        ] GC(434) ParNew: 300725K->13386K(314560K)
[84.876s][info][gc,heap        ] GC(434) CMS: 172415K->186177K(699072K)
[84.876s][info][gc,metaspace   ] GC(434) Metaspace: 171749K(182488K)->171749K(182488K) NonClass: 151196K(156492K)->151196K(156492K) Class: 20553K(25996K)->20553K(25996K)
[84.876s][info][gc             ] GC(434) Pause Young (Allocation Failure) 462M->194M(989M) 4.682ms
[84.876s][info][gc,cpu         ] GC(434) User=0.02s Sys=0.00s Real=0.02s
[85.229s][info][gc,start       ] GC(435) Pause Young (Allocation Failure)
[85.229s][info][gc,task        ] GC(435) Using 6 workers of 6 for evacuation
[85.232s][info][gc,heap        ] GC(435) ParNew: 293002K->8843K(314560K)
[85.232s][info][gc,heap        ] GC(435) CMS: 186177K->186177K(699072K)
[85.232s][info][gc,metaspace   ] GC(435) Metaspace: 171749K(182488K)->171749K(182488K) NonClass: 151196K(156492K)->151196K(156492K) Class: 20553K(25996K)->20553K(25996K)
[85.232s][info][gc             ] GC(435) Pause Young (Allocation Failure) 467M->190M(989M) 3.278ms
[85.232s][info][gc,cpu         ] GC(435) User=0.00s Sys=0.00s Real=0.00s
[85.586s][info][gc,start       ] GC(436) Pause Young (Allocation Failure)
[85.586s][info][gc,task        ] GC(436) Using 6 workers of 6 for evacuation
[85.589s][info][gc,heap        ] GC(436) ParNew: 284600K->10572K(314560K)
[85.589s][info][gc,heap        ] GC(436) CMS: 186177K->186177K(699072K)
[85.589s][info][gc,metaspace   ] GC(436) Metaspace: 171749K(182488K)->171749K(182488K) NonClass: 151196K(156492K)->151196K(156492K) Class: 20553K(25996K)->20553K(25996K)
[85.589s][info][gc             ] GC(436) Pause Young (Allocation Failure) 459M->192M(989M) 2.971ms
[85.589s][info][gc,cpu         ] GC(436) User=0.00s Sys=0.00s Real=0.00s
[85.725s][info][gc,start       ] GC(437) Pause Full (System.gc())
[85.727s][info][gc,phases,start] GC(437) Phase 1: Mark live objects
[85.806s][info][gc,phases      ] GC(437) Phase 1: Mark live objects 78.846ms
[85.806s][info][gc,phases,start] GC(437) Phase 2: Compute new object addresses
[85.827s][info][gc,phases      ] GC(437) Phase 2: Compute new object addresses 20.851ms
[85.827s][info][gc,phases,start] GC(437) Phase 3: Adjust pointers
[85.875s][info][gc,phases      ] GC(437) Phase 3: Adjust pointers 47.591ms
[85.875s][info][gc,phases,start] GC(437) Phase 4: Move objects
[85.886s][info][gc,phases      ] GC(437) Phase 4: Move objects 11.575ms
[85.887s][info][gc,heap        ] GC(437) ParNew: 103246K->0K(314560K)
[85.887s][info][gc,heap        ] GC(437) CMS: 186177K->125782K(699072K)
[85.887s][info][gc,metaspace   ] GC(437) Metaspace: 171753K(182488K)->171753K(182488K) NonClass: 151199K(156492K)->151199K(156492K) Class: 20553K(25996K)->20553K(25996K)
[85.888s][info][gc             ] GC(437) Pause Full (System.gc()) 282M->122M(989M) 162.325ms
[85.888s][info][gc,cpu         ] GC(437) User=0.16s Sys=0.00s Real=0.16s
[85.965s][info][gc,start       ] GC(438) Pause Young (Allocation Failure)
[85.965s][info][gc,task        ] GC(438) Using 6 workers of 6 for evacuation
[85.967s][info][gc,heap        ] GC(438) ParNew: 279616K->2531K(314560K)
[85.967s][info][gc,heap        ] GC(438) CMS: 125782K->125782K(699072K)
[85.967s][info][gc,metaspace   ] GC(438) Metaspace: 171815K(182488K)->171815K(182488K) NonClass: 151261K(156492K)->151261K(156492K) Class: 20553K(25996K)->20553K(25996K)
[85.967s][info][gc             ] GC(438) Pause Young (Allocation Failure) 395M->125M(989M) 2.655ms
[85.967s][info][gc,cpu         ] GC(438) User=0.00s Sys=0.00s Real=0.00s
[85.998s][info][gc,start       ] GC(439) Pause Young (Allocation Failure)
[85.998s][info][gc,task        ] GC(439) Using 6 workers of 6 for evacuation
[86.000s][info][gc,heap        ] GC(439) ParNew: 282147K->1800K(314560K)
[86.000s][info][gc,heap        ] GC(439) CMS: 125782K->125782K(699072K)
[86.000s][info][gc,metaspace   ] GC(439) Metaspace: 171815K(182488K)->171815K(182488K) NonClass: 151261K(156492K)->151261K(156492K) Class: 20553K(25996K)->20553K(25996K)
[86.000s][info][gc             ] GC(439) Pause Young (Allocation Failure) 398M->124M(989M) 1.918ms
[86.000s][info][gc,cpu         ] GC(439) User=0.00s Sys=0.00s Real=0.01s
[86.079s][info][gc,start       ] GC(440) Pause Young (Allocation Failure)
[86.079s][info][gc,task        ] GC(440) Using 6 workers of 6 for evacuation
[86.083s][info][gc,heap        ] GC(440) ParNew: 281416K->13375K(314560K)
[86.083s][info][gc,heap        ] GC(440) CMS: 125782K->125782K(699072K)
[86.083s][info][gc,metaspace   ] GC(440) Metaspace: 171816K(182488K)->171816K(182488K) NonClass: 151262K(156492K)->151262K(156492K) Class: 20553K(25996K)->20553K(25996K)
[86.083s][info][gc             ] GC(440) Pause Young (Allocation Failure) 397M->135M(989M) 3.685ms
[86.083s][info][gc,cpu         ] GC(440) User=0.00s Sys=0.00s Real=0.00s
[86.115s][info][gc,start       ] GC(441) Pause Young (Allocation Failure)
[86.115s][info][gc,task        ] GC(441) Using 6 workers of 6 for evacuation
[86.120s][info][gc,heap        ] GC(441) ParNew: 292991K->25061K(314560K)
[86.120s][info][gc,heap        ] GC(441) CMS: 125782K->125782K(699072K)
[86.120s][info][gc,metaspace   ] GC(441) Metaspace: 171816K(182488K)->171816K(182488K) NonClass: 151262K(156492K)->151262K(156492K) Class: 20553K(25996K)->20553K(25996K)
[86.120s][info][gc             ] GC(441) Pause Young (Allocation Failure) 408M->147M(989M) 5.314ms
[86.120s][info][gc,cpu         ] GC(441) User=0.02s Sys=0.00s Real=0.02s
[86.152s][info][gc,start       ] GC(442) Pause Young (Allocation Failure)
[86.152s][info][gc,task        ] GC(442) Using 6 workers of 6 for evacuation
[86.160s][info][gc,heap        ] GC(442) ParNew: 304677K->21464K(314560K)
[86.160s][info][gc,heap        ] GC(442) CMS: 125782K->144916K(699072K)
[86.160s][info][gc,metaspace   ] GC(442) Metaspace: 171816K(182488K)->171816K(182488K) NonClass: 151262K(156492K)->151262K(156492K) Class: 20553K(25996K)->20553K(25996K)
[86.160s][info][gc             ] GC(442) Pause Young (Allocation Failure) 420M->162M(989M) 7.597ms
[86.160s][info][gc,cpu         ] GC(442) User=0.00s Sys=0.00s Real=0.00s
[86.190s][info][gc,start       ] GC(443) Pause Young (Allocation Failure)
[86.190s][info][gc,task        ] GC(443) Using 6 workers of 6 for evacuation
[86.196s][info][gc,heap        ] GC(443) ParNew: 301080K->21908K(314560K)
[86.196s][info][gc,heap        ] GC(443) CMS: 144916K->157440K(699072K)
[86.196s][info][gc,metaspace   ] GC(443) Metaspace: 171816K(182488K)->171816K(182488K) NonClass: 151262K(156492K)->151262K(156492K) Class: 20553K(25996K)->20553K(25996K)
[86.196s][info][gc             ] GC(443) Pause Young (Allocation Failure) 435M->175M(989M) 6.329ms
[86.196s][info][gc,cpu         ] GC(443) User=0.02s Sys=0.00s Real=0.02s
[86.226s][info][gc,start       ] GC(444) Pause Young (Allocation Failure)
[86.226s][info][gc,task        ] GC(444) Using 6 workers of 6 for evacuation
[86.232s][info][gc,heap        ] GC(444) ParNew: 301524K->21879K(314560K)
[86.233s][info][gc,heap        ] GC(444) CMS: 157440K->172149K(699072K)
[86.233s][info][gc,metaspace   ] GC(444) Metaspace: 171816K(182488K)->171816K(182488K) NonClass: 151262K(156492K)->151262K(156492K) Class: 20553K(25996K)->20553K(25996K)
[86.233s][info][gc             ] GC(444) Pause Young (Allocation Failure) 448M->189M(989M) 6.314ms
[86.233s][info][gc,cpu         ] GC(444) User=0.00s Sys=0.00s Real=0.00s
[86.541s][info][gc,start       ] GC(445) Pause Young (Allocation Failure)
[86.541s][info][gc,task        ] GC(445) Using 6 workers of 6 for evacuation
[86.546s][info][gc,heap        ] GC(445) ParNew: 301495K->15116K(314560K)
[86.546s][info][gc,heap        ] GC(445) CMS: 172149K->186573K(699072K)
[86.546s][info][gc,metaspace   ] GC(445) Metaspace: 171817K(182488K)->171817K(182488K) NonClass: 151263K(156492K)->151263K(156492K) Class: 20553K(25996K)->20553K(25996K)
[86.546s][info][gc             ] GC(445) Pause Young (Allocation Failure) 462M->196M(989M) 4.860ms
[86.546s][info][gc,cpu         ] GC(445) User=0.00s Sys=0.00s Real=0.00s
[86.899s][info][gc,start       ] GC(446) Pause Young (Allocation Failure)
[86.899s][info][gc,task        ] GC(446) Using 6 workers of 6 for evacuation
[86.902s][info][gc,heap        ] GC(446) ParNew: 294732K->8904K(314560K)
[86.902s][info][gc,heap        ] GC(446) CMS: 186573K->186573K(699072K)
[86.902s][info][gc,metaspace   ] GC(446) Metaspace: 171817K(182488K)->171817K(182488K) NonClass: 151263K(156492K)->151263K(156492K) Class: 20553K(25996K)->20553K(25996K)
[86.902s][info][gc             ] GC(446) Pause Young (Allocation Failure) 470M->190M(989M) 3.293ms
[86.902s][info][gc,cpu         ] GC(446) User=0.03s Sys=0.00s Real=0.02s
[87.263s][info][gc,start       ] GC(447) Pause Young (Allocation Failure)
[87.263s][info][gc,task        ] GC(447) Using 6 workers of 6 for evacuation
[87.266s][info][gc,heap        ] GC(447) ParNew: 288520K->7744K(314560K)
[87.266s][info][gc,heap        ] GC(447) CMS: 186573K->186573K(699072K)
[87.266s][info][gc,metaspace   ] GC(447) Metaspace: 171817K(182488K)->171817K(182488K) NonClass: 151263K(156492K)->151263K(156492K) Class: 20553K(25996K)->20553K(25996K)
[87.266s][info][gc             ] GC(447) Pause Young (Allocation Failure) 463M->189M(989M) 3.104ms
[87.266s][info][gc,cpu         ] GC(447) User=0.00s Sys=0.00s Real=0.00s
[87.402s][info][gc,start       ] GC(448) Pause Full (System.gc())
[87.406s][info][gc,phases,start] GC(448) Phase 1: Mark live objects
[87.485s][info][gc,phases      ] GC(448) Phase 1: Mark live objects 78.649ms
[87.485s][info][gc,phases,start] GC(448) Phase 2: Compute new object addresses
[87.505s][info][gc,phases      ] GC(448) Phase 2: Compute new object addresses 20.848ms
[87.505s][info][gc,phases,start] GC(448) Phase 3: Adjust pointers
[87.553s][info][gc,phases      ] GC(448) Phase 3: Adjust pointers 47.827ms
[87.553s][info][gc,phases,start] GC(448) Phase 4: Move objects
[87.571s][info][gc,phases      ] GC(448) Phase 4: Move objects 17.752ms
[87.572s][info][gc,heap        ] GC(448) ParNew: 96127K->0K(314560K)
[87.572s][info][gc,heap        ] GC(448) CMS: 186573K->126137K(699072K)
[87.572s][info][gc,metaspace   ] GC(448) Metaspace: 171820K(182488K)->171820K(182488K) NonClass: 151267K(156492K)->151267K(156492K) Class: 20553K(25996K)->20553K(25996K)
[87.572s][info][gc             ] GC(448) Pause Full (System.gc()) 276M->123M(989M) 170.428ms
[87.572s][info][gc,cpu         ] GC(448) User=0.16s Sys=0.00s Real=0.17s
[87.647s][info][gc,start       ] GC(449) Pause Young (Allocation Failure)
[87.647s][info][gc,task        ] GC(449) Using 6 workers of 6 for evacuation
[87.649s][info][gc,heap        ] GC(449) ParNew: 279616K->2297K(314560K)
[87.649s][info][gc,heap        ] GC(449) CMS: 126137K->126137K(699072K)
[87.649s][info][gc,metaspace   ] GC(449) Metaspace: 171831K(182488K)->171831K(182488K) NonClass: 151277K(156492K)->151277K(156492K) Class: 20553K(25996K)->20553K(25996K)
[87.649s][info][gc             ] GC(449) Pause Young (Allocation Failure) 396M->125M(989M) 2.536ms
[87.649s][info][gc,cpu         ] GC(449) User=0.00s Sys=0.00s Real=0.00s
[87.679s][info][gc,start       ] GC(450) Pause Young (Allocation Failure)
[87.679s][info][gc,task        ] GC(450) Using 6 workers of 6 for evacuation
[87.681s][info][gc,heap        ] GC(450) ParNew: 281913K->1750K(314560K)
[87.681s][info][gc,heap        ] GC(450) CMS: 126137K->126137K(699072K)
[87.681s][info][gc,metaspace   ] GC(450) Metaspace: 171831K(182488K)->171831K(182488K) NonClass: 151277K(156492K)->151277K(156492K) Class: 20553K(25996K)->20553K(25996K)
[87.681s][info][gc             ] GC(450) Pause Young (Allocation Failure) 398M->124M(989M) 2.123ms
[87.681s][info][gc,cpu         ] GC(450) User=0.00s Sys=0.00s Real=0.00s
[87.757s][info][gc,start       ] GC(451) Pause Young (Allocation Failure)
[87.757s][info][gc,task        ] GC(451) Using 6 workers of 6 for evacuation
[87.761s][info][gc,heap        ] GC(451) ParNew: 281366K->13350K(314560K)
[87.761s][info][gc,heap        ] GC(451) CMS: 126137K->126137K(699072K)
[87.761s][info][gc,metaspace   ] GC(451) Metaspace: 171831K(182488K)->171831K(182488K) NonClass: 151277K(156492K)->151277K(156492K) Class: 20553K(25996K)->20553K(25996K)
[87.761s][info][gc             ] GC(451) Pause Young (Allocation Failure) 397M->136M(989M) 3.905ms
[87.761s][info][gc,cpu         ] GC(451) User=0.00s Sys=0.00s Real=0.00s
[87.793s][info][gc,start       ] GC(452) Pause Young (Allocation Failure)
[87.793s][info][gc,task        ] GC(452) Using 6 workers of 6 for evacuation
[87.798s][info][gc,heap        ] GC(452) ParNew: 292966K->24561K(314560K)
[87.798s][info][gc,heap        ] GC(452) CMS: 126137K->126137K(699072K)
[87.798s][info][gc,metaspace   ] GC(452) Metaspace: 171831K(182488K)->171831K(182488K) NonClass: 151277K(156492K)->151277K(156492K) Class: 20553K(25996K)->20553K(25996K)
[87.798s][info][gc             ] GC(452) Pause Young (Allocation Failure) 409M->147M(989M) 5.112ms
[87.798s][info][gc,cpu         ] GC(452) User=0.02s Sys=0.00s Real=0.01s
[87.829s][info][gc,start       ] GC(453) Pause Young (Allocation Failure)
[87.829s][info][gc,task        ] GC(453) Using 6 workers of 6 for evacuation
[87.836s][info][gc,heap        ] GC(453) ParNew: 304177K->22585K(314560K)
[87.836s][info][gc,heap        ] GC(453) CMS: 126137K->145221K(699072K)
[87.836s][info][gc,metaspace   ] GC(453) Metaspace: 171831K(182488K)->171831K(182488K) NonClass: 151277K(156492K)->151277K(156492K) Class: 20553K(25996K)->20553K(25996K)
[87.836s][info][gc             ] GC(453) Pause Young (Allocation Failure) 420M->163M(989M) 7.458ms
[87.836s][info][gc,cpu         ] GC(453) User=0.00s Sys=0.00s Real=0.00s
[87.867s][info][gc,start       ] GC(454) Pause Young (Allocation Failure)
[87.867s][info][gc,task        ] GC(454) Using 6 workers of 6 for evacuation
[87.873s][info][gc,heap        ] GC(454) ParNew: 302201K->25928K(314560K)
[87.873s][info][gc,heap        ] GC(454) CMS: 145221K->157747K(699072K)
[87.873s][info][gc,metaspace   ] GC(454) Metaspace: 171831K(182488K)->171831K(182488K) NonClass: 151277K(156492K)->151277K(156492K) Class: 20553K(25996K)->20553K(25996K)
[87.873s][info][gc             ] GC(454) Pause Young (Allocation Failure) 436M->179M(989M) 6.073ms
[87.873s][info][gc,cpu         ] GC(454) User=0.00s Sys=0.00s Real=0.00s
[87.904s][info][gc,start       ] GC(455) Pause Young (Allocation Failure)
[87.904s][info][gc,task        ] GC(455) Using 6 workers of 6 for evacuation
[87.910s][info][gc,heap        ] GC(455) ParNew: 305373K->24453K(314560K)
[87.911s][info][gc,heap        ] GC(455) CMS: 157747K->173116K(699072K)
[87.911s][info][gc,metaspace   ] GC(455) Metaspace: 171831K(182488K)->171831K(182488K) NonClass: 151277K(156492K)->151277K(156492K) Class: 20553K(25996K)->20553K(25996K)
[87.911s][info][gc             ] GC(455) Pause Young (Allocation Failure) 452M->192M(989M) 6.646ms
[87.911s][info][gc,cpu         ] GC(455) User=0.00s Sys=0.00s Real=0.00s
[88.214s][info][gc,start       ] GC(456) Pause Young (Allocation Failure)
[88.214s][info][gc,task        ] GC(456) Using 6 workers of 6 for evacuation
[88.218s][info][gc,heap        ] GC(456) ParNew: 304069K->13251K(314560K)
[88.218s][info][gc,heap        ] GC(456) CMS: 173116K->186456K(699072K)
[88.219s][info][gc,metaspace   ] GC(456) Metaspace: 171831K(182488K)->171831K(182488K) NonClass: 151277K(156492K)->151277K(156492K) Class: 20553K(25996K)->20553K(25996K)
[88.219s][info][gc             ] GC(456) Pause Young (Allocation Failure) 466M->195M(989M) 4.801ms
[88.219s][info][gc,cpu         ] GC(456) User=0.00s Sys=0.00s Real=0.00s
[88.571s][info][gc,start       ] GC(457) Pause Young (Allocation Failure)
[88.571s][info][gc,task        ] GC(457) Using 6 workers of 6 for evacuation
[88.574s][info][gc,heap        ] GC(457) ParNew: 289960K->11013K(314560K)
[88.574s][info][gc,heap        ] GC(457) CMS: 186456K->186456K(699072K)
[88.574s][info][gc,metaspace   ] GC(457) Metaspace: 171831K(182488K)->171831K(182488K) NonClass: 151277K(156492K)->151277K(156492K) Class: 20553K(25996K)->20553K(25996K)
[88.574s][info][gc             ] GC(457) Pause Young (Allocation Failure) 465M->192M(989M) 2.952ms
[88.574s][info][gc,cpu         ] GC(457) User=0.00s Sys=0.00s Real=0.00s
[88.941s][info][gc,start       ] GC(458) Pause Young (Allocation Failure)
[88.941s][info][gc,task        ] GC(458) Using 6 workers of 6 for evacuation
[88.944s][info][gc,heap        ] GC(458) ParNew: 290281K->8984K(314560K)
[88.945s][info][gc,heap        ] GC(458) CMS: 186456K->186456K(699072K)
[88.945s][info][gc,metaspace   ] GC(458) Metaspace: 171831K(182488K)->171831K(182488K) NonClass: 151277K(156492K)->151277K(156492K) Class: 20553K(25996K)->20553K(25996K)
[88.945s][info][gc             ] GC(458) Pause Young (Allocation Failure) 465M->190M(989M) 3.512ms
[88.945s][info][gc,cpu         ] GC(458) User=0.02s Sys=0.00s Real=0.01s
[89.082s][info][gc,start       ] GC(459) Pause Full (System.gc())
[89.085s][info][gc,phases,start] GC(459) Phase 1: Mark live objects
[89.164s][info][gc,phases      ] GC(459) Phase 1: Mark live objects 78.876ms
[89.164s][info][gc,phases,start] GC(459) Phase 2: Compute new object addresses
[89.185s][info][gc,phases      ] GC(459) Phase 2: Compute new object addresses 21.145ms
[89.185s][info][gc,phases,start] GC(459) Phase 3: Adjust pointers
[89.231s][info][gc,phases      ] GC(459) Phase 3: Adjust pointers 46.622ms
[89.232s][info][gc,phases,start] GC(459) Phase 4: Move objects
[89.234s][info][gc,phases      ] GC(459) Phase 4: Move objects 2.295ms
[89.235s][info][gc,heap        ] GC(459) ParNew: 105091K->0K(314560K)
[89.235s][info][gc,heap        ] GC(459) CMS: 186456K->125877K(699072K)
[89.235s][info][gc,metaspace   ] GC(459) Metaspace: 171834K(182488K)->171834K(182488K) NonClass: 151280K(156492K)->151280K(156492K) Class: 20553K(25996K)->20553K(25996K)
[89.235s][info][gc             ] GC(459) Pause Full (System.gc()) 284M->122M(989M) 152.650ms
[89.235s][info][gc,cpu         ] GC(459) User=0.16s Sys=0.00s Real=0.16s
[89.308s][info][gc,start       ] GC(460) Pause Young (Allocation Failure)
[89.309s][info][gc,task        ] GC(460) Using 6 workers of 6 for evacuation
[89.311s][info][gc,heap        ] GC(460) ParNew: 279616K->2526K(314560K)
[89.311s][info][gc,heap        ] GC(460) CMS: 125877K->125877K(699072K)
[89.311s][info][gc,metaspace   ] GC(460) Metaspace: 171834K(182488K)->171834K(182488K) NonClass: 151280K(156492K)->151280K(156492K) Class: 20553K(25996K)->20553K(25996K)
[89.311s][info][gc             ] GC(460) Pause Young (Allocation Failure) 395M->125M(989M) 2.557ms
[89.311s][info][gc,cpu         ] GC(460) User=0.00s Sys=0.00s Real=0.00s
[89.342s][info][gc,start       ] GC(461) Pause Young (Allocation Failure)
[89.342s][info][gc,task        ] GC(461) Using 6 workers of 6 for evacuation
[89.344s][info][gc,heap        ] GC(461) ParNew: 282142K->1920K(314560K)
[89.344s][info][gc,heap        ] GC(461) CMS: 125877K->125877K(699072K)
[89.344s][info][gc,metaspace   ] GC(461) Metaspace: 171834K(182488K)->171834K(182488K) NonClass: 151280K(156492K)->151280K(156492K) Class: 20553K(25996K)->20553K(25996K)
[89.345s][info][gc             ] GC(461) Pause Young (Allocation Failure) 398M->124M(989M) 2.433ms
[89.345s][info][gc,cpu         ] GC(461) User=0.00s Sys=0.00s Real=0.00s
[89.429s][info][gc,start       ] GC(462) Pause Young (Allocation Failure)
[89.429s][info][gc,task        ] GC(462) Using 6 workers of 6 for evacuation
[89.433s][info][gc,heap        ] GC(462) ParNew: 281536K->8310K(314560K)
[89.433s][info][gc,heap        ] GC(462) CMS: 125877K->125877K(699072K)
[89.433s][info][gc,metaspace   ] GC(462) Metaspace: 171834K(182488K)->171834K(182488K) NonClass: 151280K(156492K)->151280K(156492K) Class: 20553K(25996K)->20553K(25996K)
[89.433s][info][gc             ] GC(462) Pause Young (Allocation Failure) 397M->131M(989M) 3.800ms
[89.433s][info][gc,cpu         ] GC(462) User=0.02s Sys=0.00s Real=0.02s
[89.467s][info][gc,start       ] GC(463) Pause Young (Allocation Failure)
[89.467s][info][gc,task        ] GC(463) Using 6 workers of 6 for evacuation
[89.473s][info][gc,heap        ] GC(463) ParNew: 287926K->25343K(314560K)
[89.473s][info][gc,heap        ] GC(463) CMS: 125877K->125877K(699072K)
[89.473s][info][gc,metaspace   ] GC(463) Metaspace: 171834K(182488K)->171834K(182488K) NonClass: 151280K(156492K)->151280K(156492K) Class: 20553K(25996K)->20553K(25996K)
[89.473s][info][gc             ] GC(463) Pause Young (Allocation Failure) 404M->147M(989M) 6.034ms
[89.473s][info][gc,cpu         ] GC(463) User=0.00s Sys=0.00s Real=0.00s
[89.505s][info][gc,start       ] GC(464) Pause Young (Allocation Failure)
[89.505s][info][gc,task        ] GC(464) Using 6 workers of 6 for evacuation
[89.512s][info][gc,heap        ] GC(464) ParNew: 304959K->34112K(314560K)
[89.512s][info][gc,heap        ] GC(464) CMS: 125877K->131739K(699072K)
[89.512s][info][gc,metaspace   ] GC(464) Metaspace: 171834K(182488K)->171834K(182488K) NonClass: 151280K(156492K)->151280K(156492K) Class: 20553K(25996K)->20553K(25996K)
[89.512s][info][gc             ] GC(464) Pause Young (Allocation Failure) 420M->161M(989M) 7.394ms
[89.512s][info][gc,cpu         ] GC(464) User=0.02s Sys=0.00s Real=0.02s
[89.543s][info][gc,start       ] GC(465) Pause Young (Allocation Failure)
[89.543s][info][gc,task        ] GC(465) Using 6 workers of 6 for evacuation
[89.551s][info][gc,heap        ] GC(465) ParNew: 313728K->22607K(314560K)
[89.551s][info][gc,heap        ] GC(465) CMS: 131739K->158422K(699072K)
[89.551s][info][gc,metaspace   ] GC(465) Metaspace: 171834K(182488K)->171834K(182488K) NonClass: 151280K(156492K)->151280K(156492K) Class: 20553K(25996K)->20553K(25996K)
[89.551s][info][gc             ] GC(465) Pause Young (Allocation Failure) 435M->176M(989M) 8.170ms
[89.551s][info][gc,cpu         ] GC(465) User=0.00s Sys=0.00s Real=0.00s
[89.584s][info][gc,start       ] GC(466) Pause Young (Allocation Failure)
[89.584s][info][gc,task        ] GC(466) Using 6 workers of 6 for evacuation
[89.590s][info][gc,heap        ] GC(466) ParNew: 301516K->19043K(314560K)
[89.590s][info][gc,heap        ] GC(466) CMS: 158422K->171959K(699072K)
[89.590s][info][gc,metaspace   ] GC(466) Metaspace: 171834K(182488K)->171834K(182488K) NonClass: 151280K(156492K)->151280K(156492K) Class: 20553K(25996K)->20553K(25996K)
[89.590s][info][gc             ] GC(466) Pause Young (Allocation Failure) 449M->186M(989M) 5.917ms
[89.590s][info][gc,cpu         ] GC(466) User=0.02s Sys=0.00s Real=0.02s
[89.884s][info][gc,start       ] GC(467) Pause Young (Allocation Failure)
[89.884s][info][gc,task        ] GC(467) Using 6 workers of 6 for evacuation
[89.889s][info][gc,heap        ] GC(467) ParNew: 298659K->9515K(314560K)
[89.889s][info][gc,heap        ] GC(467) CMS: 171959K->187618K(699072K)
[89.889s][info][gc,metaspace   ] GC(467) Metaspace: 171834K(182488K)->171834K(182488K) NonClass: 151280K(156492K)->151280K(156492K) Class: 20553K(25996K)->20553K(25996K)
[89.889s][info][gc             ] GC(467) Pause Young (Allocation Failure) 459M->192M(989M) 5.057ms
[89.889s][info][gc,cpu         ] GC(467) User=0.00s Sys=0.00s Real=0.00s
[90.254s][info][gc,start       ] GC(468) Pause Young (Allocation Failure)
[90.254s][info][gc,task        ] GC(468) Using 6 workers of 6 for evacuation
[90.257s][info][gc,heap        ] GC(468) ParNew: 285698K->7037K(314560K)
[90.257s][info][gc,heap        ] GC(468) CMS: 187618K->187618K(699072K)
[90.257s][info][gc,metaspace   ] GC(468) Metaspace: 171834K(182488K)->171834K(182488K) NonClass: 151280K(156492K)->151280K(156492K) Class: 20553K(25996K)->20553K(25996K)
[90.257s][info][gc             ] GC(468) Pause Young (Allocation Failure) 462M->190M(989M) 2.809ms
[90.257s][info][gc,cpu         ] GC(468) User=0.00s Sys=0.00s Real=0.00s
[90.606s][info][gc,start       ] GC(469) Pause Young (Allocation Failure)
[90.606s][info][gc,task        ] GC(469) Using 6 workers of 6 for evacuation
[90.609s][info][gc,heap        ] GC(469) ParNew: 286653K->7068K(314560K)
[90.609s][info][gc,heap        ] GC(469) CMS: 187618K->187618K(699072K)
[90.609s][info][gc,metaspace   ] GC(469) Metaspace: 171834K(182488K)->171834K(182488K) NonClass: 151280K(156492K)->151280K(156492K) Class: 20553K(25996K)->20553K(25996K)
[90.609s][info][gc             ] GC(469) Pause Young (Allocation Failure) 463M->190M(989M) 3.106ms
[90.609s][info][gc,cpu         ] GC(469) User=0.02s Sys=0.00s Real=0.02s
[90.746s][info][gc,start       ] GC(470) Pause Full (System.gc())
[90.749s][info][gc,phases,start] GC(470) Phase 1: Mark live objects
[90.827s][info][gc,phases      ] GC(470) Phase 1: Mark live objects 77.869ms
[90.827s][info][gc,phases,start] GC(470) Phase 2: Compute new object addresses
[90.848s][info][gc,phases      ] GC(470) Phase 2: Compute new object addresses 21.110ms
[90.848s][info][gc,phases,start] GC(470) Phase 3: Adjust pointers
[90.895s][info][gc,phases      ] GC(470) Phase 3: Adjust pointers 46.445ms
[90.895s][info][gc,phases,start] GC(470) Phase 4: Move objects
[90.897s][info][gc,phases      ] GC(470) Phase 4: Move objects 2.331ms
[90.898s][info][gc,heap        ] GC(470) ParNew: 102828K->0K(314560K)
[90.898s][info][gc,heap        ] GC(470) CMS: 187618K->126151K(699072K)
[90.898s][info][gc,metaspace   ] GC(470) Metaspace: 171835K(182488K)->171835K(182488K) NonClass: 151281K(156492K)->151281K(156492K) Class: 20553K(25996K)->20553K(25996K)
[90.898s][info][gc             ] GC(470) Pause Full (System.gc()) 283M->123M(989M) 151.746ms
[90.898s][info][gc,cpu         ] GC(470) User=0.16s Sys=0.00s Real=0.16s
[90.969s][info][gc,start       ] GC(471) Pause Young (Allocation Failure)
[90.969s][info][gc,task        ] GC(471) Using 6 workers of 6 for evacuation
[90.971s][info][gc,heap        ] GC(471) ParNew: 279616K->2297K(314560K)
[90.971s][info][gc,heap        ] GC(471) CMS: 126151K->126151K(699072K)
[90.971s][info][gc,metaspace   ] GC(471) Metaspace: 171837K(182488K)->171837K(182488K) NonClass: 151283K(156492K)->151283K(156492K) Class: 20553K(25996K)->20553K(25996K)
[90.971s][info][gc             ] GC(471) Pause Young (Allocation Failure) 396M->125M(989M) 2.188ms
[90.971s][info][gc,cpu         ] GC(471) User=0.00s Sys=0.00s Real=0.00s
[90.999s][info][gc,start       ] GC(472) Pause Young (Allocation Failure)
[90.999s][info][gc,task        ] GC(472) Using 6 workers of 6 for evacuation
[91.001s][info][gc,heap        ] GC(472) ParNew: 281913K->1748K(314560K)
[91.001s][info][gc,heap        ] GC(472) CMS: 126151K->126151K(699072K)
[91.001s][info][gc,metaspace   ] GC(472) Metaspace: 171837K(182488K)->171837K(182488K) NonClass: 151283K(156492K)->151283K(156492K) Class: 20553K(25996K)->20553K(25996K)
[91.001s][info][gc             ] GC(472) Pause Young (Allocation Failure) 398M->124M(989M) 2.162ms
[91.001s][info][gc,cpu         ] GC(472) User=0.00s Sys=0.00s Real=0.02s
[91.077s][info][gc,start       ] GC(473) Pause Young (Allocation Failure)
[91.077s][info][gc,task        ] GC(473) Using 6 workers of 6 for evacuation
[91.081s][info][gc,heap        ] GC(473) ParNew: 280867K->14605K(314560K)
[91.082s][info][gc,heap        ] GC(473) CMS: 126151K->126151K(699072K)
[91.082s][info][gc,metaspace   ] GC(473) Metaspace: 171839K(182488K)->171839K(182488K) NonClass: 151285K(156492K)->151285K(156492K) Class: 20553K(25996K)->20553K(25996K)
[91.082s][info][gc             ] GC(473) Pause Young (Allocation Failure) 397M->137M(989M) 4.221ms
[91.082s][info][gc,cpu         ] GC(473) User=0.02s Sys=0.00s Real=0.01s
[91.114s][info][gc,start       ] GC(474) Pause Young (Allocation Failure)
[91.114s][info][gc,task        ] GC(474) Using 6 workers of 6 for evacuation
[91.119s][info][gc,heap        ] GC(474) ParNew: 294221K->27052K(314560K)
[91.119s][info][gc,heap        ] GC(474) CMS: 126151K->126151K(699072K)
[91.119s][info][gc,metaspace   ] GC(474) Metaspace: 171839K(182488K)->171839K(182488K) NonClass: 151285K(156492K)->151285K(156492K) Class: 20553K(25996K)->20553K(25996K)
[91.119s][info][gc             ] GC(474) Pause Young (Allocation Failure) 410M->149M(989M) 5.287ms
[91.119s][info][gc,cpu         ] GC(474) User=0.00s Sys=0.00s Real=0.00s
[91.152s][info][gc,start       ] GC(475) Pause Young (Allocation Failure)
[91.152s][info][gc,task        ] GC(475) Using 6 workers of 6 for evacuation
[91.159s][info][gc,heap        ] GC(475) ParNew: 306668K->25884K(314560K)
[91.159s][info][gc,heap        ] GC(475) CMS: 126151K->143282K(699072K)
[91.159s][info][gc,metaspace   ] GC(475) Metaspace: 171839K(182488K)->171839K(182488K) NonClass: 151285K(156492K)->151285K(156492K) Class: 20553K(25996K)->20553K(25996K)
[91.160s][info][gc             ] GC(475) Pause Young (Allocation Failure) 422M->165M(989M) 7.949ms
[91.160s][info][gc,cpu         ] GC(475) User=0.02s Sys=0.00s Real=0.02s
[91.192s][info][gc,start       ] GC(476) Pause Young (Allocation Failure)
[91.192s][info][gc,task        ] GC(476) Using 6 workers of 6 for evacuation
[91.198s][info][gc,heap        ] GC(476) ParNew: 305500K->18649K(314560K)
[91.198s][info][gc,heap        ] GC(476) CMS: 143282K->158850K(699072K)
[91.198s][info][gc,metaspace   ] GC(476) Metaspace: 171839K(182488K)->171839K(182488K) NonClass: 151285K(156492K)->151285K(156492K) Class: 20553K(25996K)->20553K(25996K)
[91.198s][info][gc             ] GC(476) Pause Young (Allocation Failure) 438M->173M(989M) 6.256ms
[91.198s][info][gc,cpu         ] GC(476) User=0.00s Sys=0.00s Real=0.00s
[91.235s][info][gc,start       ] GC(477) Pause Young (Allocation Failure)
[91.235s][info][gc,task        ] GC(477) Using 6 workers of 6 for evacuation
[91.241s][info][gc,heap        ] GC(477) ParNew: 298265K->18828K(314560K)
[91.241s][info][gc,heap        ] GC(477) CMS: 158850K->173207K(699072K)
[91.241s][info][gc,metaspace   ] GC(477) Metaspace: 171842K(182488K)->171842K(182488K) NonClass: 151288K(156492K)->151288K(156492K) Class: 20553K(25996K)->20553K(25996K)
[91.241s][info][gc             ] GC(477) Pause Young (Allocation Failure) 446M->187M(989M) 6.020ms
[91.241s][info][gc,cpu         ] GC(477) User=0.02s Sys=0.00s Real=0.02s
[91.542s][info][gc,start       ] GC(478) Pause Young (Allocation Failure)
[91.542s][info][gc,task        ] GC(478) Using 6 workers of 6 for evacuation
[91.547s][info][gc,heap        ] GC(478) ParNew: 298424K->21214K(314560K)
[91.547s][info][gc,heap        ] GC(478) CMS: 173207K->173207K(699072K)
[91.547s][info][gc,metaspace   ] GC(478) Metaspace: 171856K(182744K)->171856K(182744K) NonClass: 151299K(156748K)->151299K(156748K) Class: 20557K(25996K)->20557K(25996K)
[91.547s][info][gc             ] GC(478) Pause Young (Allocation Failure) 460M->189M(989M) 4.325ms
[91.547s][info][gc,cpu         ] GC(478) User=0.00s Sys=0.00s Real=0.00s
[91.904s][info][gc,start       ] GC(479) Pause Young (Allocation Failure)
[91.904s][info][gc,task        ] GC(479) Using 6 workers of 6 for evacuation
[91.909s][info][gc,heap        ] GC(479) ParNew: 298536K->10588K(314560K)
[91.909s][info][gc,heap        ] GC(479) CMS: 173207K->187871K(699072K)
[91.909s][info][gc,metaspace   ] GC(479) Metaspace: 171856K(182744K)->171856K(182744K) NonClass: 151299K(156748K)->151299K(156748K) Class: 20557K(25996K)->20557K(25996K)
[91.909s][info][gc             ] GC(479) Pause Young (Allocation Failure) 460M->193M(989M) 4.873ms
[91.909s][info][gc,cpu         ] GC(479) User=0.00s Sys=0.00s Real=0.00s
[92.272s][info][gc,start       ] GC(480) Pause Young (Allocation Failure)
[92.272s][info][gc,task        ] GC(480) Using 6 workers of 6 for evacuation
[92.275s][info][gc,heap        ] GC(480) ParNew: 289852K->8279K(314560K)
[92.275s][info][gc,heap        ] GC(480) CMS: 187871K->187871K(699072K)
[92.275s][info][gc,metaspace   ] GC(480) Metaspace: 171856K(182744K)->171856K(182744K) NonClass: 151299K(156748K)->151299K(156748K) Class: 20557K(25996K)->20557K(25996K)
[92.275s][info][gc             ] GC(480) Pause Young (Allocation Failure) 466M->191M(989M) 2.923ms
[92.275s][info][gc,cpu         ] GC(480) User=0.00s Sys=0.00s Real=0.00s
[92.414s][info][gc,start       ] GC(481) Pause Full (System.gc())
[92.416s][info][gc,phases,start] GC(481) Phase 1: Mark live objects
[92.495s][info][gc,phases      ] GC(481) Phase 1: Mark live objects 78.777ms
[92.495s][info][gc,phases,start] GC(481) Phase 2: Compute new object addresses
[92.516s][info][gc,phases      ] GC(481) Phase 2: Compute new object addresses 21.140ms
[92.516s][info][gc,phases,start] GC(481) Phase 3: Adjust pointers
[92.564s][info][gc,phases      ] GC(481) Phase 3: Adjust pointers 47.633ms
[92.564s][info][gc,phases,start] GC(481) Phase 4: Move objects
[92.574s][info][gc,phases      ] GC(481) Phase 4: Move objects 10.172ms
[92.575s][info][gc,heap        ] GC(481) ParNew: 104786K->0K(314560K)
[92.575s][info][gc,heap        ] GC(481) CMS: 187871K->125792K(699072K)
[92.575s][info][gc,metaspace   ] GC(481) Metaspace: 171860K(182744K)->171860K(182744K) NonClass: 151303K(156748K)->151303K(156748K) Class: 20557K(25996K)->20557K(25996K)
[92.575s][info][gc             ] GC(481) Pause Full (System.gc()) 285M->122M(989M) 161.361ms
[92.575s][info][gc,cpu         ] GC(481) User=0.16s Sys=0.00s Real=0.16s
[92.658s][info][gc,start       ] GC(482) Pause Young (Allocation Failure)
[92.658s][info][gc,task        ] GC(482) Using 6 workers of 6 for evacuation
[92.661s][info][gc,heap        ] GC(482) ParNew: 279616K->2088K(314560K)
[92.661s][info][gc,heap        ] GC(482) CMS: 125792K->125792K(699072K)
[92.661s][info][gc,metaspace   ] GC(482) Metaspace: 171895K(182744K)->171895K(182744K) NonClass: 151338K(156748K)->151338K(156748K) Class: 20557K(25996K)->20557K(25996K)
[92.661s][info][gc             ] GC(482) Pause Young (Allocation Failure) 395M->124M(989M) 2.615ms
[92.661s][info][gc,cpu         ] GC(482) User=0.00s Sys=0.00s Real=0.00s
[92.696s][info][gc,start       ] GC(483) Pause Young (Allocation Failure)
[92.696s][info][gc,task        ] GC(483) Using 6 workers of 6 for evacuation
[92.698s][info][gc,heap        ] GC(483) ParNew: 281704K->1689K(314560K)
[92.698s][info][gc,heap        ] GC(483) CMS: 125792K->125792K(699072K)
[92.698s][info][gc,metaspace   ] GC(483) Metaspace: 171895K(182744K)->171895K(182744K) NonClass: 151338K(156748K)->151338K(156748K) Class: 20557K(25996K)->20557K(25996K)
[92.698s][info][gc             ] GC(483) Pause Young (Allocation Failure) 397M->124M(989M) 2.310ms
[92.698s][info][gc,cpu         ] GC(483) User=0.00s Sys=0.00s Real=0.00s
[92.777s][info][gc,start       ] GC(484) Pause Young (Allocation Failure)
[92.777s][info][gc,task        ] GC(484) Using 6 workers of 6 for evacuation
[92.781s][info][gc,heap        ] GC(484) ParNew: 281002K->13201K(314560K)
[92.781s][info][gc,heap        ] GC(484) CMS: 125792K->125792K(699072K)
[92.781s][info][gc,metaspace   ] GC(484) Metaspace: 171903K(182744K)->171903K(182744K) NonClass: 151346K(156748K)->151346K(156748K) Class: 20557K(25996K)->20557K(25996K)
[92.781s][info][gc             ] GC(484) Pause Young (Allocation Failure) 397M->135M(989M) 3.936ms
[92.781s][info][gc,cpu         ] GC(484) User=0.00s Sys=0.00s Real=0.00s
[92.814s][info][gc,start       ] GC(485) Pause Young (Allocation Failure)
[92.814s][info][gc,task        ] GC(485) Using 6 workers of 6 for evacuation
[92.819s][info][gc,heap        ] GC(485) ParNew: 292817K->28653K(314560K)
[92.819s][info][gc,heap        ] GC(485) CMS: 125792K->125792K(699072K)
[92.819s][info][gc,metaspace   ] GC(485) Metaspace: 171903K(182744K)->171903K(182744K) NonClass: 151346K(156748K)->151346K(156748K) Class: 20557K(25996K)->20557K(25996K)
[92.819s][info][gc             ] GC(485) Pause Young (Allocation Failure) 408M->150M(989M) 5.406ms
[92.819s][info][gc,cpu         ] GC(485) User=0.02s Sys=0.00s Real=0.01s
[92.850s][info][gc,start       ] GC(486) Pause Young (Allocation Failure)
[92.850s][info][gc,task        ] GC(486) Using 6 workers of 6 for evacuation
[92.857s][info][gc,heap        ] GC(486) ParNew: 308269K->22964K(314560K)
[92.857s][info][gc,heap        ] GC(486) CMS: 125792K->142851K(699072K)
[92.857s][info][gc,metaspace   ] GC(486) Metaspace: 171903K(182744K)->171903K(182744K) NonClass: 151346K(156748K)->151346K(156748K) Class: 20557K(25996K)->20557K(25996K)
[92.857s][info][gc             ] GC(486) Pause Young (Allocation Failure) 423M->161M(989M) 7.331ms
[92.857s][info][gc,cpu         ] GC(486) User=0.02s Sys=0.00s Real=0.02s
[92.888s][info][gc,start       ] GC(487) Pause Young (Allocation Failure)
[92.888s][info][gc,task        ] GC(487) Using 6 workers of 6 for evacuation
[92.895s][info][gc,heap        ] GC(487) ParNew: 302580K->23526K(314560K)
[92.895s][info][gc,heap        ] GC(487) CMS: 142851K->157545K(699072K)
[92.895s][info][gc,metaspace   ] GC(487) Metaspace: 171904K(182744K)->171904K(182744K) NonClass: 151347K(156748K)->151347K(156748K) Class: 20557K(25996K)->20557K(25996K)
[92.895s][info][gc             ] GC(487) Pause Young (Allocation Failure) 434M->176M(989M) 6.617ms
[92.895s][info][gc,cpu         ] GC(487) User=0.00s Sys=0.00s Real=0.00s
[92.925s][info][gc,start       ] GC(488) Pause Young (Allocation Failure)
[92.925s][info][gc,task        ] GC(488) Using 6 workers of 6 for evacuation
[92.932s][info][gc,heap        ] GC(488) ParNew: 303142K->23679K(314560K)
[92.932s][info][gc,heap        ] GC(488) CMS: 157545K->171768K(699072K)
[92.932s][info][gc,metaspace   ] GC(488) Metaspace: 171904K(182744K)->171904K(182744K) NonClass: 151347K(156748K)->151347K(156748K) Class: 20557K(25996K)->20557K(25996K)
[92.932s][info][gc             ] GC(488) Pause Young (Allocation Failure) 449M->190M(989M) 6.713ms
[92.932s][info][gc,cpu         ] GC(488) User=0.02s Sys=0.00s Real=0.02s
[93.221s][info][gc,start       ] GC(489) Pause Young (Allocation Failure)
[93.221s][info][gc,task        ] GC(489) Using 6 workers of 6 for evacuation
[93.225s][info][gc,heap        ] GC(489) ParNew: 303295K->15573K(314560K)
[93.226s][info][gc,heap        ] GC(489) CMS: 171768K->185517K(699072K)
[93.226s][info][gc,metaspace   ] GC(489) Metaspace: 171905K(182744K)->171905K(182744K) NonClass: 151347K(156748K)->151347K(156748K) Class: 20557K(25996K)->20557K(25996K)
[93.226s][info][gc             ] GC(489) Pause Young (Allocation Failure) 463M->196M(989M) 4.518ms
[93.226s][info][gc,cpu         ] GC(489) User=0.00s Sys=0.00s Real=0.00s
[93.589s][info][gc,start       ] GC(490) Pause Young (Allocation Failure)
[93.589s][info][gc,task        ] GC(490) Using 6 workers of 6 for evacuation
[93.592s][info][gc,heap        ] GC(490) ParNew: 293235K->9902K(314560K)
[93.592s][info][gc,heap        ] GC(490) CMS: 185517K->185517K(699072K)
[93.592s][info][gc,metaspace   ] GC(490) Metaspace: 171905K(182744K)->171905K(182744K) NonClass: 151347K(156748K)->151347K(156748K) Class: 20557K(25996K)->20557K(25996K)
[93.592s][info][gc             ] GC(490) Pause Young (Allocation Failure) 467M->190M(989M) 2.932ms
[93.592s][info][gc,cpu         ] GC(490) User=0.02s Sys=0.00s Real=0.02s
[93.952s][info][gc,start       ] GC(491) Pause Young (Allocation Failure)
[93.952s][info][gc,task        ] GC(491) Using 6 workers of 6 for evacuation
[93.956s][info][gc,heap        ] GC(491) ParNew: 288836K->11036K(314560K)
[93.956s][info][gc,heap        ] GC(491) CMS: 185517K->185517K(699072K)
[93.956s][info][gc,metaspace   ] GC(491) Metaspace: 171905K(182744K)->171905K(182744K) NonClass: 151347K(156748K)->151347K(156748K) Class: 20557K(25996K)->20557K(25996K)
[93.956s][info][gc             ] GC(491) Pause Young (Allocation Failure) 463M->191M(989M) 3.305ms
[93.956s][info][gc,cpu         ] GC(491) User=0.00s Sys=0.00s Real=0.00s
[94.099s][info][gc,start       ] GC(492) Pause Full (System.gc())
[94.101s][info][gc,phases,start] GC(492) Phase 1: Mark live objects
[94.182s][info][gc,phases      ] GC(492) Phase 1: Mark live objects 80.440ms
[94.182s][info][gc,phases,start] GC(492) Phase 2: Compute new object addresses
[94.203s][info][gc,phases      ] GC(492) Phase 2: Compute new object addresses 21.101ms
[94.203s][info][gc,phases,start] GC(492) Phase 3: Adjust pointers
[94.251s][info][gc,phases      ] GC(492) Phase 3: Adjust pointers 47.983ms
[94.251s][info][gc,phases,start] GC(492) Phase 4: Move objects
[94.261s][info][gc,phases      ] GC(492) Phase 4: Move objects 10.317ms
[94.262s][info][gc,heap        ] GC(492) ParNew: 106256K->0K(314560K)
[94.262s][info][gc,heap        ] GC(492) CMS: 185517K->126145K(699072K)
[94.262s][info][gc,metaspace   ] GC(492) Metaspace: 172025K(182744K)->172025K(182744K) NonClass: 151468K(156748K)->151468K(156748K) Class: 20557K(25996K)->20557K(25996K)
[94.263s][info][gc             ] GC(492) Pause Full (System.gc()) 284M->123M(989M) 163.984ms
[94.263s][info][gc,cpu         ] GC(492) User=0.16s Sys=0.00s Real=0.16s
[94.350s][info][gc,start       ] GC(493) Pause Young (Allocation Failure)
[94.351s][info][gc,task        ] GC(493) Using 6 workers of 6 for evacuation
[94.353s][info][gc,heap        ] GC(493) ParNew: 279616K->4951K(314560K)
[94.353s][info][gc,heap        ] GC(493) CMS: 126145K->126145K(699072K)
[94.353s][info][gc,metaspace   ] GC(493) Metaspace: 172026K(182744K)->172026K(182744K) NonClass: 151469K(156748K)->151469K(156748K) Class: 20557K(25996K)->20557K(25996K)
[94.353s][info][gc             ] GC(493) Pause Young (Allocation Failure) 396M->128M(989M) 2.367ms
[94.353s][info][gc,cpu         ] GC(493) User=0.00s Sys=0.00s Real=0.00s
[94.381s][info][gc,start       ] GC(494) Pause Young (Allocation Failure)
[94.381s][info][gc,task        ] GC(494) Using 6 workers of 6 for evacuation
[94.383s][info][gc,heap        ] GC(494) ParNew: 284567K->1798K(314560K)
[94.383s][info][gc,heap        ] GC(494) CMS: 126145K->126145K(699072K)
[94.383s][info][gc,metaspace   ] GC(494) Metaspace: 172026K(182744K)->172026K(182744K) NonClass: 151469K(156748K)->151469K(156748K) Class: 20557K(25996K)->20557K(25996K)
[94.383s][info][gc             ] GC(494) Pause Young (Allocation Failure) 401M->124M(989M) 2.048ms
[94.383s][info][gc,cpu         ] GC(494) User=0.00s Sys=0.00s Real=0.00s
[94.459s][info][gc,start       ] GC(495) Pause Young (Allocation Failure)
[94.460s][info][gc,task        ] GC(495) Using 6 workers of 6 for evacuation
[94.463s][info][gc,heap        ] GC(495) ParNew: 281414K->13324K(314560K)
[94.463s][info][gc,heap        ] GC(495) CMS: 126145K->126145K(699072K)
[94.463s][info][gc,metaspace   ] GC(495) Metaspace: 172030K(182744K)->172030K(182744K) NonClass: 151472K(156748K)->151472K(156748K) Class: 20557K(25996K)->20557K(25996K)
[94.463s][info][gc             ] GC(495) Pause Young (Allocation Failure) 398M->136M(989M) 3.847ms
[94.463s][info][gc,cpu         ] GC(495) User=0.00s Sys=0.00s Real=0.00s
[94.494s][info][gc,start       ] GC(496) Pause Young (Allocation Failure)
[94.494s][info][gc,task        ] GC(496) Using 6 workers of 6 for evacuation
[94.499s][info][gc,heap        ] GC(496) ParNew: 292940K->26256K(314560K)
[94.499s][info][gc,heap        ] GC(496) CMS: 126145K->126145K(699072K)
[94.499s][info][gc,metaspace   ] GC(496) Metaspace: 172030K(182744K)->172030K(182744K) NonClass: 151472K(156748K)->151472K(156748K) Class: 20557K(25996K)->20557K(25996K)
[94.499s][info][gc             ] GC(496) Pause Young (Allocation Failure) 409M->148M(989M) 4.975ms
[94.499s][info][gc,cpu         ] GC(496) User=0.00s Sys=0.00s Real=0.00s
[94.530s][info][gc,start       ] GC(497) Pause Young (Allocation Failure)
[94.530s][info][gc,task        ] GC(497) Using 6 workers of 6 for evacuation
[94.537s][info][gc,heap        ] GC(497) ParNew: 305872K->20668K(314560K)
[94.537s][info][gc,heap        ] GC(497) CMS: 126145K->145230K(699072K)
[94.537s][info][gc,metaspace   ] GC(497) Metaspace: 172030K(182744K)->172030K(182744K) NonClass: 151472K(156748K)->151472K(156748K) Class: 20557K(25996K)->20557K(25996K)
[94.537s][info][gc             ] GC(497) Pause Young (Allocation Failure) 421M->162M(989M) 7.248ms
[94.537s][info][gc,cpu         ] GC(497) User=0.02s Sys=0.00s Real=0.01s
[94.568s][info][gc,start       ] GC(498) Pause Young (Allocation Failure)
[94.568s][info][gc,task        ] GC(498) Using 6 workers of 6 for evacuation
[94.574s][info][gc,heap        ] GC(498) ParNew: 300284K->20913K(314560K)
[94.574s][info][gc,heap        ] GC(498) CMS: 145230K->158772K(699072K)
[94.574s][info][gc,metaspace   ] GC(498) Metaspace: 172030K(182744K)->172030K(182744K) NonClass: 151472K(156748K)->151472K(156748K) Class: 20557K(25996K)->20557K(25996K)
[94.574s][info][gc             ] GC(498) Pause Young (Allocation Failure) 435M->175M(989M) 6.208ms
[94.574s][info][gc,cpu         ] GC(498) User=0.00s Sys=0.00s Real=0.00s
[94.604s][info][gc,start       ] GC(499) Pause Young (Allocation Failure)
[94.604s][info][gc,task        ] GC(499) Using 6 workers of 6 for evacuation
[94.610s][info][gc,heap        ] GC(499) ParNew: 300529K->21502K(314560K)
[94.610s][info][gc,heap        ] GC(499) CMS: 158772K->173126K(699072K)
[94.610s][info][gc,metaspace   ] GC(499) Metaspace: 172030K(182744K)->172030K(182744K) NonClass: 151472K(156748K)->151472K(156748K) Class: 20557K(25996K)->20557K(25996K)
[94.610s][info][gc             ] GC(499) Pause Young (Allocation Failure) 448M->190M(989M) 6.383ms
[94.610s][info][gc,cpu         ] GC(499) User=0.00s Sys=0.00s Real=0.00s
[94.916s][info][gc,start       ] GC(500) Pause Young (Allocation Failure)
[94.916s][info][gc,task        ] GC(500) Using 6 workers of 6 for evacuation
[94.921s][info][gc,heap        ] GC(500) ParNew: 301099K->11908K(314560K)
[94.921s][info][gc,heap        ] GC(500) CMS: 173126K->186464K(699072K)
[94.921s][info][gc,metaspace   ] GC(500) Metaspace: 172030K(182744K)->172030K(182744K) NonClass: 151472K(156748K)->151472K(156748K) Class: 20557K(25996K)->20557K(25996K)
[94.921s][info][gc             ] GC(500) Pause Young (Allocation Failure) 463M->193M(989M) 5.075ms
[94.921s][info][gc,cpu         ] GC(500) User=0.02s Sys=0.00s Real=0.01s
[95.294s][info][gc,start       ] GC(501) Pause Young (Allocation Failure)
[95.294s][info][gc,task        ] GC(501) Using 6 workers of 6 for evacuation
[95.297s][info][gc,heap        ] GC(501) ParNew: 287606K->11065K(314560K)
[95.297s][info][gc,heap        ] GC(501) CMS: 186464K->186464K(699072K)
[95.297s][info][gc,metaspace   ] GC(501) Metaspace: 172061K(182744K)->172061K(182744K) NonClass: 151495K(156748K)->151495K(156748K) Class: 20566K(25996K)->20566K(25996K)
[95.297s][info][gc             ] GC(501) Pause Young (Allocation Failure) 462M->192M(989M) 2.958ms
[95.297s][info][gc,cpu         ] GC(501) User=0.00s Sys=0.00s Real=0.00s
[95.647s][info][gc,start       ] GC(502) Pause Young (Allocation Failure)
[95.647s][info][gc,task        ] GC(502) Using 6 workers of 6 for evacuation
[95.650s][info][gc,heap        ] GC(502) ParNew: 290311K->8864K(314560K)
[95.650s][info][gc,heap        ] GC(502) CMS: 186464K->186464K(699072K)
[95.650s][info][gc,metaspace   ] GC(502) Metaspace: 172061K(182744K)->172061K(182744K) NonClass: 151495K(156748K)->151495K(156748K) Class: 20566K(25996K)->20566K(25996K)
[95.650s][info][gc             ] GC(502) Pause Young (Allocation Failure) 465M->190M(989M) 3.471ms
[95.650s][info][gc,cpu         ] GC(502) User=0.02s Sys=0.00s Real=0.02s
[95.788s][info][gc,start       ] GC(503) Pause Full (System.gc())
[95.791s][info][gc,phases,start] GC(503) Phase 1: Mark live objects
[95.871s][info][gc,phases      ] GC(503) Phase 1: Mark live objects 79.225ms
[95.871s][info][gc,phases,start] GC(503) Phase 2: Compute new object addresses
[95.892s][info][gc,phases      ] GC(503) Phase 2: Compute new object addresses 20.938ms
[95.892s][info][gc,phases,start] GC(503) Phase 3: Adjust pointers
[95.940s][info][gc,phases      ] GC(503) Phase 3: Adjust pointers 47.893ms
[95.940s][info][gc,phases,start] GC(503) Phase 4: Move objects
[95.951s][info][gc,phases      ] GC(503) Phase 4: Move objects 11.622ms
[95.952s][info][gc,heap        ] GC(503) ParNew: 104315K->0K(314560K)
[95.952s][info][gc,heap        ] GC(503) CMS: 186464K->125755K(699072K)
[95.952s][info][gc,metaspace   ] GC(503) Metaspace: 172062K(182744K)->172062K(182744K) NonClass: 151496K(156748K)->151496K(156748K) Class: 20566K(25996K)->20566K(25996K)
[95.952s][info][gc             ] GC(503) Pause Full (System.gc()) 283M->122M(989M) 164.395ms
[95.953s][info][gc,cpu         ] GC(503) User=0.17s Sys=0.00s Real=0.17s
[96.025s][info][gc,start       ] GC(504) Pause Young (Allocation Failure)
[96.025s][info][gc,task        ] GC(504) Using 6 workers of 6 for evacuation
[96.027s][info][gc,heap        ] GC(504) ParNew: 279616K->2485K(314560K)
[96.027s][info][gc,heap        ] GC(504) CMS: 125755K->125755K(699072K)
[96.027s][info][gc,metaspace   ] GC(504) Metaspace: 172066K(182744K)->172066K(182744K) NonClass: 151500K(156748K)->151500K(156748K) Class: 20566K(25996K)->20566K(25996K)
[96.027s][info][gc             ] GC(504) Pause Young (Allocation Failure) 395M->125M(989M) 2.363ms
[96.027s][info][gc,cpu         ] GC(504) User=0.00s Sys=0.00s Real=0.00s
[96.055s][info][gc,start       ] GC(505) Pause Young (Allocation Failure)
[96.055s][info][gc,task        ] GC(505) Using 6 workers of 6 for evacuation
[96.057s][info][gc,heap        ] GC(505) ParNew: 282101K->1792K(314560K)
[96.057s][info][gc,heap        ] GC(505) CMS: 125755K->125755K(699072K)
[96.057s][info][gc,metaspace   ] GC(505) Metaspace: 172066K(182744K)->172066K(182744K) NonClass: 151500K(156748K)->151500K(156748K) Class: 20566K(25996K)->20566K(25996K)
[96.057s][info][gc             ] GC(505) Pause Young (Allocation Failure) 398M->124M(989M) 2.105ms
[96.057s][info][gc,cpu         ] GC(505) User=0.00s Sys=0.00s Real=0.02s
[96.131s][info][gc,start       ] GC(506) Pause Young (Allocation Failure)
[96.131s][info][gc,task        ] GC(506) Using 6 workers of 6 for evacuation
[96.135s][info][gc,heap        ] GC(506) ParNew: 281408K->14867K(314560K)
[96.135s][info][gc,heap        ] GC(506) CMS: 125755K->125755K(699072K)
[96.135s][info][gc,metaspace   ] GC(506) Metaspace: 172068K(182744K)->172068K(182744K) NonClass: 151502K(156748K)->151502K(156748K) Class: 20566K(25996K)->20566K(25996K)
[96.135s][info][gc             ] GC(506) Pause Young (Allocation Failure) 397M->137M(989M) 4.074ms
[96.135s][info][gc,cpu         ] GC(506) User=0.00s Sys=0.00s Real=0.00s
[96.166s][info][gc,start       ] GC(507) Pause Young (Allocation Failure)
[96.167s][info][gc,task        ] GC(507) Using 6 workers of 6 for evacuation
[96.171s][info][gc,heap        ] GC(507) ParNew: 294483K->23404K(314560K)
[96.171s][info][gc,heap        ] GC(507) CMS: 125755K->125755K(699072K)
[96.171s][info][gc,metaspace   ] GC(507) Metaspace: 172068K(182744K)->172068K(182744K) NonClass: 151502K(156748K)->151502K(156748K) Class: 20566K(25996K)->20566K(25996K)
[96.171s][info][gc             ] GC(507) Pause Young (Allocation Failure) 410M->145M(989M) 4.733ms
[96.171s][info][gc,cpu         ] GC(507) User=0.02s Sys=0.00s Real=0.02s
[96.202s][info][gc,start       ] GC(508) Pause Young (Allocation Failure)
[96.202s][info][gc,task        ] GC(508) Using 6 workers of 6 for evacuation
[96.209s][info][gc,heap        ] GC(508) ParNew: 303020K->23577K(314560K)
[96.209s][info][gc,heap        ] GC(508) CMS: 125755K->145920K(699072K)
[96.209s][info][gc,metaspace   ] GC(508) Metaspace: 172068K(182744K)->172068K(182744K) NonClass: 151502K(156748K)->151502K(156748K) Class: 20566K(25996K)->20566K(25996K)
[96.209s][info][gc             ] GC(508) Pause Young (Allocation Failure) 418M->165M(989M) 7.406ms
[96.210s][info][gc,cpu         ] GC(508) User=0.00s Sys=0.00s Real=0.00s
[96.241s][info][gc,start       ] GC(509) Pause Young (Allocation Failure)
[96.241s][info][gc,task        ] GC(509) Using 6 workers of 6 for evacuation
[96.247s][info][gc,heap        ] GC(509) ParNew: 303193K->24741K(314560K)
[96.247s][info][gc,heap        ] GC(509) CMS: 145920K->157427K(699072K)
[96.247s][info][gc,metaspace   ] GC(509) Metaspace: 172068K(182744K)->172068K(182744K) NonClass: 151502K(156748K)->151502K(156748K) Class: 20566K(25996K)->20566K(25996K)
[96.247s][info][gc             ] GC(509) Pause Young (Allocation Failure) 438M->177M(989M) 6.184ms
[96.247s][info][gc,cpu         ] GC(509) User=0.02s Sys=0.00s Real=0.01s
[96.278s][info][gc,start       ] GC(510) Pause Young (Allocation Failure)
[96.278s][info][gc,task        ] GC(510) Using 6 workers of 6 for evacuation
[96.283s][info][gc,heap        ] GC(510) ParNew: 304357K->16802K(314560K)
[96.283s][info][gc,heap        ] GC(510) CMS: 157427K->172795K(699072K)
[96.283s][info][gc,metaspace   ] GC(510) Metaspace: 172068K(182744K)->172068K(182744K) NonClass: 151502K(156748K)->151502K(156748K) Class: 20566K(25996K)->20566K(25996K)
[96.284s][info][gc             ] GC(510) Pause Young (Allocation Failure) 450M->185M(989M) 5.872ms
[96.284s][info][gc,cpu         ] GC(510) User=0.00s Sys=0.00s Real=0.00s
[96.574s][info][gc,start       ] GC(511) Pause Young (Allocation Failure)
[96.574s][info][gc,task        ] GC(511) Using 6 workers of 6 for evacuation
[96.579s][info][gc,heap        ] GC(511) ParNew: 296418K->23020K(314560K)
[96.579s][info][gc,heap        ] GC(511) CMS: 172795K->172795K(699072K)
[96.579s][info][gc,metaspace   ] GC(511) Metaspace: 172068K(182744K)->172068K(182744K) NonClass: 151502K(156748K)->151502K(156748K) Class: 20566K(25996K)->20566K(25996K)
[96.579s][info][gc             ] GC(511) Pause Young (Allocation Failure) 458M->191M(989M) 4.708ms
[96.579s][info][gc,cpu         ] GC(511) User=0.02s Sys=0.00s Real=0.02s
[96.934s][info][gc,start       ] GC(512) Pause Young (Allocation Failure)
[96.934s][info][gc,task        ] GC(512) Using 6 workers of 6 for evacuation
[96.939s][info][gc,heap        ] GC(512) ParNew: 302636K->10347K(314560K)
[96.939s][info][gc,heap        ] GC(512) CMS: 172795K->188161K(699072K)
[96.939s][info][gc,metaspace   ] GC(512) Metaspace: 172068K(182744K)->172068K(182744K) NonClass: 151502K(156748K)->151502K(156748K) Class: 20566K(25996K)->20566K(25996K)
[96.939s][info][gc             ] GC(512) Pause Young (Allocation Failure) 464M->193M(989M) 4.856ms
[96.939s][info][gc,cpu         ] GC(512) User=0.02s Sys=0.00s Real=0.01s
[97.282s][info][gc,start       ] GC(513) Pause Young (Allocation Failure)
[97.282s][info][gc,task        ] GC(513) Using 6 workers of 6 for evacuation
[97.285s][info][gc,heap        ] GC(513) ParNew: 286916K->7840K(314560K)
[97.285s][info][gc,heap        ] GC(513) CMS: 188161K->188161K(699072K)
[97.285s][info][gc,metaspace   ] GC(513) Metaspace: 172068K(182744K)->172068K(182744K) NonClass: 151502K(156748K)->151502K(156748K) Class: 20566K(25996K)->20566K(25996K)
[97.285s][info][gc             ] GC(513) Pause Young (Allocation Failure) 463M->191M(989M) 2.783ms
[97.285s][info][gc,cpu         ] GC(513) User=0.02s Sys=0.00s Real=0.02s
[97.421s][info][gc,start       ] GC(514) Pause Full (System.gc())
[97.422s][info][gc,phases,start] GC(514) Phase 1: Mark live objects
[97.501s][info][gc,phases      ] GC(514) Phase 1: Mark live objects 78.019ms
[97.501s][info][gc,phases,start] GC(514) Phase 2: Compute new object addresses
[97.522s][info][gc,phases      ] GC(514) Phase 2: Compute new object addresses 21.002ms
[97.522s][info][gc,phases,start] GC(514) Phase 3: Adjust pointers
[97.568s][info][gc,phases      ] GC(514) Phase 3: Adjust pointers 46.816ms
[97.568s][info][gc,phases,start] GC(514) Phase 4: Move objects
[97.571s][info][gc,phases      ] GC(514) Phase 4: Move objects 2.297ms
[97.572s][info][gc,heap        ] GC(514) ParNew: 101742K->0K(314560K)
[97.572s][info][gc,heap        ] GC(514) CMS: 188161K->126008K(699072K)
[97.572s][info][gc,metaspace   ] GC(514) Metaspace: 172068K(182744K)->172068K(182744K) NonClass: 151502K(156748K)->151502K(156748K) Class: 20566K(25996K)->20566K(25996K)
[97.572s][info][gc             ] GC(514) Pause Full (System.gc()) 283M->123M(989M) 151.397ms
[97.572s][info][gc,cpu         ] GC(514) User=0.14s Sys=0.00s Real=0.16s
[97.649s][info][gc,start       ] GC(515) Pause Young (Allocation Failure)
[97.649s][info][gc,task        ] GC(515) Using 6 workers of 6 for evacuation
[97.651s][info][gc,heap        ] GC(515) ParNew: 279616K->2362K(314560K)
[97.651s][info][gc,heap        ] GC(515) CMS: 126008K->126008K(699072K)
[97.651s][info][gc,metaspace   ] GC(515) Metaspace: 172069K(182744K)->172069K(182744K) NonClass: 151503K(156748K)->151503K(156748K) Class: 20566K(25996K)->20566K(25996K)
[97.651s][info][gc             ] GC(515) Pause Young (Allocation Failure) 396M->125M(989M) 2.541ms
[97.651s][info][gc,cpu         ] GC(515) User=0.00s Sys=0.02s Real=0.00s
[97.681s][info][gc,start       ] GC(516) Pause Young (Allocation Failure)
[97.681s][info][gc,task        ] GC(516) Using 6 workers of 6 for evacuation
[97.683s][info][gc,heap        ] GC(516) ParNew: 281978K->1670K(314560K)
[97.683s][info][gc,heap        ] GC(516) CMS: 126008K->126008K(699072K)
[97.683s][info][gc,metaspace   ] GC(516) Metaspace: 172069K(182744K)->172069K(182744K) NonClass: 151503K(156748K)->151503K(156748K) Class: 20566K(25996K)->20566K(25996K)
[97.683s][info][gc             ] GC(516) Pause Young (Allocation Failure) 398M->124M(989M) 2.054ms
[97.683s][info][gc,cpu         ] GC(516) User=0.00s Sys=0.00s Real=0.00s
[97.763s][info][gc,start       ] GC(517) Pause Young (Allocation Failure)
[97.764s][info][gc,task        ] GC(517) Using 6 workers of 6 for evacuation
[97.767s][info][gc,heap        ] GC(517) ParNew: 281286K->13100K(314560K)
[97.767s][info][gc,heap        ] GC(517) CMS: 126008K->126008K(699072K)
[97.767s][info][gc,metaspace   ] GC(517) Metaspace: 172069K(182744K)->172069K(182744K) NonClass: 151503K(156748K)->151503K(156748K) Class: 20566K(25996K)->20566K(25996K)
[97.767s][info][gc             ] GC(517) Pause Young (Allocation Failure) 397M->135M(989M) 3.998ms
[97.767s][info][gc,cpu         ] GC(517) User=0.00s Sys=0.00s Real=0.00s
[97.799s][info][gc,start       ] GC(518) Pause Young (Allocation Failure)
[97.799s][info][gc,task        ] GC(518) Using 6 workers of 6 for evacuation
[97.804s][info][gc,heap        ] GC(518) ParNew: 292716K->25046K(314560K)
[97.804s][info][gc,heap        ] GC(518) CMS: 126008K->126008K(699072K)
[97.804s][info][gc,metaspace   ] GC(518) Metaspace: 172069K(182744K)->172069K(182744K) NonClass: 151503K(156748K)->151503K(156748K) Class: 20566K(25996K)->20566K(25996K)
[97.804s][info][gc             ] GC(518) Pause Young (Allocation Failure) 408M->147M(989M) 5.068ms
[97.804s][info][gc,cpu         ] GC(518) User=0.02s Sys=0.00s Real=0.01s
[97.834s][info][gc,start       ] GC(519) Pause Young (Allocation Failure)
[97.834s][info][gc,task        ] GC(519) Using 6 workers of 6 for evacuation
[97.842s][info][gc,heap        ] GC(519) ParNew: 304662K->21529K(314560K)
[97.842s][info][gc,heap        ] GC(519) CMS: 126008K->145100K(699072K)
[97.842s][info][gc,metaspace   ] GC(519) Metaspace: 172069K(182744K)->172069K(182744K) NonClass: 151503K(156748K)->151503K(156748K) Class: 20566K(25996K)->20566K(25996K)
[97.842s][info][gc             ] GC(519) Pause Young (Allocation Failure) 420M->162M(989M) 7.492ms
[97.842s][info][gc,cpu         ] GC(519) User=0.00s Sys=0.00s Real=0.00s
[97.873s][info][gc,start       ] GC(520) Pause Young (Allocation Failure)
[97.873s][info][gc,task        ] GC(520) Using 6 workers of 6 for evacuation
[97.879s][info][gc,heap        ] GC(520) ParNew: 301145K->21613K(314560K)
[97.879s][info][gc,heap        ] GC(520) CMS: 145100K->158432K(699072K)
[97.879s][info][gc,metaspace   ] GC(520) Metaspace: 172069K(182744K)->172069K(182744K) NonClass: 151503K(156748K)->151503K(156748K) Class: 20566K(25996K)->20566K(25996K)
[97.879s][info][gc             ] GC(520) Pause Young (Allocation Failure) 435M->175M(989M) 6.283ms
[97.879s][info][gc,cpu         ] GC(520) User=0.00s Sys=0.00s Real=0.00s
[97.910s][info][gc,start       ] GC(521) Pause Young (Allocation Failure)
[97.910s][info][gc,task        ] GC(521) Using 6 workers of 6 for evacuation
[97.916s][info][gc,heap        ] GC(521) ParNew: 301229K->25934K(314560K)
[97.916s][info][gc,heap        ] GC(521) CMS: 158432K->171980K(699072K)
[97.916s][info][gc,metaspace   ] GC(521) Metaspace: 172069K(182744K)->172069K(182744K) NonClass: 151503K(156748K)->151503K(156748K) Class: 20566K(25996K)->20566K(25996K)
[97.917s][info][gc             ] GC(521) Pause Young (Allocation Failure) 448M->193M(989M) 6.787ms
[97.917s][info][gc,cpu         ] GC(521) User=0.02s Sys=0.00s Real=0.02s
[98.207s][info][gc,start       ] GC(522) Pause Young (Allocation Failure)
[98.207s][info][gc,task        ] GC(522) Using 6 workers of 6 for evacuation
[98.212s][info][gc,heap        ] GC(522) ParNew: 305550K->14099K(314560K)
[98.212s][info][gc,heap        ] GC(522) CMS: 171980K->185318K(699072K)
[98.212s][info][gc,metaspace   ] GC(522) Metaspace: 172070K(182744K)->172070K(182744K) NonClass: 151504K(156748K)->151504K(156748K) Class: 20566K(25996K)->20566K(25996K)
[98.212s][info][gc             ] GC(522) Pause Young (Allocation Failure) 466M->194M(989M) 5.061ms
[98.212s][info][gc,cpu         ] GC(522) User=0.02s Sys=0.00s Real=0.02s
[98.566s][info][gc,start       ] GC(523) Pause Young (Allocation Failure)
[98.566s][info][gc,task        ] GC(523) Using 6 workers of 6 for evacuation
[98.570s][info][gc,heap        ] GC(523) ParNew: 293715K->10867K(314560K)
[98.570s][info][gc,heap        ] GC(523) CMS: 185318K->185318K(699072K)
[98.570s][info][gc,metaspace   ] GC(523) Metaspace: 172070K(182744K)->172070K(182744K) NonClass: 151504K(156748K)->151504K(156748K) Class: 20566K(25996K)->20566K(25996K)
[98.570s][info][gc             ] GC(523) Pause Young (Allocation Failure) 467M->191M(989M) 3.345ms
[98.570s][info][gc,cpu         ] GC(523) User=0.00s Sys=0.00s Real=0.00s
[98.918s][info][gc,start       ] GC(524) Pause Young (Allocation Failure)
[98.918s][info][gc,task        ] GC(524) Using 6 workers of 6 for evacuation
[98.922s][info][gc,heap        ] GC(524) ParNew: 290432K->11684K(314560K)
[98.922s][info][gc,heap        ] GC(524) CMS: 185318K->185318K(699072K)
[98.922s][info][gc,metaspace   ] GC(524) Metaspace: 172070K(182744K)->172070K(182744K) NonClass: 151504K(156748K)->151504K(156748K) Class: 20566K(25996K)->20566K(25996K)
[98.922s][info][gc             ] GC(524) Pause Young (Allocation Failure) 464M->192M(989M) 3.426ms
[98.922s][info][gc,cpu         ] GC(524) User=0.00s Sys=0.00s Real=0.00s
[99.053s][info][gc,start       ] GC(525) Pause Full (System.gc())
[99.055s][info][gc,phases,start] GC(525) Phase 1: Mark live objects
[99.134s][info][gc,phases      ] GC(525) Phase 1: Mark live objects 79.392ms
[99.134s][info][gc,phases,start] GC(525) Phase 2: Compute new object addresses
[99.155s][info][gc,phases      ] GC(525) Phase 2: Compute new object addresses 21.033ms
[99.155s][info][gc,phases,start] GC(525) Phase 3: Adjust pointers
[99.203s][info][gc,phases      ] GC(525) Phase 3: Adjust pointers 47.004ms
[99.203s][info][gc,phases,start] GC(525) Phase 4: Move objects
[99.205s][info][gc,phases      ] GC(525) Phase 4: Move objects 2.229ms
[99.206s][info][gc,heap        ] GC(525) ParNew: 101018K->0K(314560K)
[99.206s][info][gc,heap        ] GC(525) CMS: 185318K->125646K(699072K)
[99.206s][info][gc,metaspace   ] GC(525) Metaspace: 172074K(182744K)->172074K(182744K) NonClass: 151508K(156748K)->151508K(156748K) Class: 20566K(25996K)->20566K(25996K)
[99.206s][info][gc             ] GC(525) Pause Full (System.gc()) 279M->122M(989M) 153.347ms
[99.206s][info][gc,cpu         ] GC(525) User=0.16s Sys=0.00s Real=0.16s
[99.282s][info][gc,start       ] GC(526) Pause Young (Allocation Failure)
[99.282s][info][gc,task        ] GC(526) Using 6 workers of 6 for evacuation
[99.285s][info][gc,heap        ] GC(526) ParNew: 279616K->2615K(314560K)
[99.285s][info][gc,heap        ] GC(526) CMS: 125646K->125646K(699072K)
[99.285s][info][gc,metaspace   ] GC(526) Metaspace: 172171K(183000K)->172171K(183000K) NonClass: 151604K(157004K)->151604K(157004K) Class: 20566K(25996K)->20566K(25996K)
[99.285s][info][gc             ] GC(526) Pause Young (Allocation Failure) 395M->125M(989M) 2.409ms
[99.285s][info][gc,cpu         ] GC(526) User=0.00s Sys=0.00s Real=0.00s
[99.314s][info][gc,start       ] GC(527) Pause Young (Allocation Failure)
[99.314s][info][gc,task        ] GC(527) Using 6 workers of 6 for evacuation
[99.316s][info][gc,heap        ] GC(527) ParNew: 282231K->1907K(314560K)
[99.316s][info][gc,heap        ] GC(527) CMS: 125646K->125646K(699072K)
[99.316s][info][gc,metaspace   ] GC(527) Metaspace: 172171K(183000K)->172171K(183000K) NonClass: 151604K(157004K)->151604K(157004K) Class: 20566K(25996K)->20566K(25996K)
[99.316s][info][gc             ] GC(527) Pause Young (Allocation Failure) 398M->124M(989M) 2.257ms
[99.316s][info][gc,cpu         ] GC(527) User=0.00s Sys=0.00s Real=0.00s
[99.398s][info][gc,start       ] GC(528) Pause Young (Allocation Failure)
[99.398s][info][gc,task        ] GC(528) Using 6 workers of 6 for evacuation
[99.402s][info][gc,heap        ] GC(528) ParNew: 281523K->13207K(314560K)
[99.402s][info][gc,heap        ] GC(528) CMS: 125646K->125646K(699072K)
[99.402s][info][gc,metaspace   ] GC(528) Metaspace: 172172K(183000K)->172172K(183000K) NonClass: 151605K(157004K)->151605K(157004K) Class: 20566K(25996K)->20566K(25996K)
[99.402s][info][gc             ] GC(528) Pause Young (Allocation Failure) 397M->135M(989M) 3.917ms
[99.402s][info][gc,cpu         ] GC(528) User=0.00s Sys=0.00s Real=0.00s
[99.433s][info][gc,start       ] GC(529) Pause Young (Allocation Failure)
[99.433s][info][gc,task        ] GC(529) Using 6 workers of 6 for evacuation
[99.438s][info][gc,heap        ] GC(529) ParNew: 292823K->25397K(314560K)
[99.438s][info][gc,heap        ] GC(529) CMS: 125646K->125646K(699072K)
[99.438s][info][gc,metaspace   ] GC(529) Metaspace: 172172K(183000K)->172172K(183000K) NonClass: 151605K(157004K)->151605K(157004K) Class: 20566K(25996K)->20566K(25996K)
[99.438s][info][gc             ] GC(529) Pause Young (Allocation Failure) 408M->147M(989M) 4.942ms
[99.438s][info][gc,cpu         ] GC(529) User=0.02s Sys=0.00s Real=0.01s
[99.469s][info][gc,start       ] GC(530) Pause Young (Allocation Failure)
[99.469s][info][gc,task        ] GC(530) Using 6 workers of 6 for evacuation
[99.476s][info][gc,heap        ] GC(530) ParNew: 305013K->23829K(314560K)
[99.476s][info][gc,heap        ] GC(530) CMS: 125646K->144799K(699072K)
[99.476s][info][gc,metaspace   ] GC(530) Metaspace: 172172K(183000K)->172172K(183000K) NonClass: 151605K(157004K)->151605K(157004K) Class: 20566K(25996K)->20566K(25996K)
[99.476s][info][gc             ] GC(530) Pause Young (Allocation Failure) 420M->164M(989M) 7.291ms
[99.476s][info][gc,cpu         ] GC(530) User=0.00s Sys=0.00s Real=0.00s
[99.507s][info][gc,start       ] GC(531) Pause Young (Allocation Failure)
[99.507s][info][gc,task        ] GC(531) Using 6 workers of 6 for evacuation
[99.513s][info][gc,heap        ] GC(531) ParNew: 303445K->19250K(314560K)
[99.513s][info][gc,heap        ] GC(531) CMS: 144799K->158337K(699072K)
[99.513s][info][gc,metaspace   ] GC(531) Metaspace: 172172K(183000K)->172172K(183000K) NonClass: 151605K(157004K)->151605K(157004K) Class: 20566K(25996K)->20566K(25996K)
[99.513s][info][gc             ] GC(531) Pause Young (Allocation Failure) 437M->173M(989M) 6.056ms
[99.513s][info][gc,cpu         ] GC(531) User=0.00s Sys=0.00s Real=0.00s
[99.543s][info][gc,start       ] GC(532) Pause Young (Allocation Failure)
[99.543s][info][gc,task        ] GC(532) Using 6 workers of 6 for evacuation
[99.549s][info][gc,heap        ] GC(532) ParNew: 298866K->19104K(314560K)
[99.549s][info][gc,heap        ] GC(532) CMS: 158337K->172700K(699072K)
[99.549s][info][gc,metaspace   ] GC(532) Metaspace: 172172K(183000K)->172172K(183000K) NonClass: 151605K(157004K)->151605K(157004K) Class: 20566K(25996K)->20566K(25996K)
[99.549s][info][gc             ] GC(532) Pause Young (Allocation Failure) 446M->187M(989M) 6.193ms
[99.549s][info][gc,cpu         ] GC(532) User=0.02s Sys=0.00s Real=0.02s
[99.851s][info][gc,start       ] GC(533) Pause Young (Allocation Failure)
[99.851s][info][gc,task        ] GC(533) Using 6 workers of 6 for evacuation
[99.856s][info][gc,heap        ] GC(533) ParNew: 298615K->12031K(314560K)
[99.856s][info][gc,heap        ] GC(533) CMS: 172700K->186377K(699072K)
[99.856s][info][gc,metaspace   ] GC(533) Metaspace: 172180K(183000K)->172180K(183000K) NonClass: 151613K(157004K)->151613K(157004K) Class: 20566K(25996K)->20566K(25996K)
[99.856s][info][gc             ] GC(533) Pause Young (Allocation Failure) 460M->193M(989M) 5.021ms
[99.856s][info][gc,cpu         ] GC(533) User=0.00s Sys=0.00s Real=0.00s
[100.206s][info][gc,start       ] GC(534) Pause Young (Allocation Failure)
[100.206s][info][gc,task        ] GC(534) Using 6 workers of 6 for evacuation
[100.209s][info][gc,heap        ] GC(534) ParNew: 291647K->10037K(314560K)
[100.209s][info][gc,heap        ] GC(534) CMS: 186377K->186377K(699072K)
[100.209s][info][gc,metaspace   ] GC(534) Metaspace: 172180K(183000K)->172180K(183000K) NonClass: 151613K(157004K)->151613K(157004K) Class: 20566K(25996K)->20566K(25996K)
[100.209s][info][gc             ] GC(534) Pause Young (Allocation Failure) 466M->191M(989M) 2.841ms
[100.209s][info][gc,cpu         ] GC(534) User=0.00s Sys=0.00s Real=0.00s
[100.582s][info][gc,start       ] GC(535) Pause Young (Allocation Failure)
[100.582s][info][gc,task        ] GC(535) Using 6 workers of 6 for evacuation
[100.585s][info][gc,heap        ] GC(535) ParNew: 289653K->8299K(314560K)
[100.585s][info][gc,heap        ] GC(535) CMS: 186377K->186377K(699072K)
[100.585s][info][gc,metaspace   ] GC(535) Metaspace: 172180K(183000K)->172180K(183000K) NonClass: 151613K(157004K)->151613K(157004K) Class: 20566K(25996K)->20566K(25996K)
[100.585s][info][gc             ] GC(535) Pause Young (Allocation Failure) 464M->190M(989M) 3.107ms
[100.585s][info][gc,cpu         ] GC(535) User=0.00s Sys=0.00s Real=0.00s
[100.721s][info][gc,start       ] GC(536) Pause Full (System.gc())
[100.723s][info][gc,phases,start] GC(536) Phase 1: Mark live objects
[100.802s][info][gc,phases      ] GC(536) Phase 1: Mark live objects 78.998ms
[100.802s][info][gc,phases,start] GC(536) Phase 2: Compute new object addresses
[100.823s][info][gc,phases      ] GC(536) Phase 2: Compute new object addresses 20.883ms
[100.823s][info][gc,phases,start] GC(536) Phase 3: Adjust pointers
[100.870s][info][gc,phases      ] GC(536) Phase 3: Adjust pointers 47.347ms
[100.870s][info][gc,phases,start] GC(536) Phase 4: Move objects
[100.873s][info][gc,phases      ] GC(536) Phase 4: Move objects 2.658ms
[100.874s][info][gc,heap        ] GC(536) ParNew: 96022K->0K(314560K)
[100.874s][info][gc,heap        ] GC(536) CMS: 186377K->125922K(699072K)
[100.874s][info][gc,metaspace   ] GC(536) Metaspace: 172262K(183000K)->172262K(183000K) NonClass: 151695K(157004K)->151695K(157004K) Class: 20566K(25996K)->20566K(25996K)
[100.874s][info][gc             ] GC(536) Pause Full (System.gc()) 275M->122M(989M) 153.483ms
[100.874s][info][gc,cpu         ] GC(536) User=0.14s Sys=0.00s Real=0.16s
[100.944s][info][gc,start       ] GC(537) Pause Young (Allocation Failure)
[100.945s][info][gc,task        ] GC(537) Using 6 workers of 6 for evacuation
[100.947s][info][gc,heap        ] GC(537) ParNew: 279616K->2938K(314560K)
[100.947s][info][gc,heap        ] GC(537) CMS: 125922K->125922K(699072K)
[100.947s][info][gc,metaspace   ] GC(537) Metaspace: 172274K(183000K)->172274K(183000K) NonClass: 151707K(157004K)->151707K(157004K) Class: 20566K(25996K)->20566K(25996K)
[100.947s][info][gc             ] GC(537) Pause Young (Allocation Failure) 396M->125M(989M) 2.286ms
[100.947s][info][gc,cpu         ] GC(537) User=0.00s Sys=0.00s Real=0.00s
[100.975s][info][gc,start       ] GC(538) Pause Young (Allocation Failure)
[100.975s][info][gc,task        ] GC(538) Using 6 workers of 6 for evacuation
[100.978s][info][gc,heap        ] GC(538) ParNew: 282554K->1781K(314560K)
[100.978s][info][gc,heap        ] GC(538) CMS: 125922K->125922K(699072K)
[100.978s][info][gc,metaspace   ] GC(538) Metaspace: 172274K(183000K)->172274K(183000K) NonClass: 151707K(157004K)->151707K(157004K) Class: 20566K(25996K)->20566K(25996K)
[100.978s][info][gc             ] GC(538) Pause Young (Allocation Failure) 398M->124M(989M) 3.232ms
[100.978s][info][gc,cpu         ] GC(538) User=0.00s Sys=0.00s Real=0.00s
[101.053s][info][gc,start       ] GC(539) Pause Young (Allocation Failure)
[101.053s][info][gc,task        ] GC(539) Using 6 workers of 6 for evacuation
[101.057s][info][gc,heap        ] GC(539) ParNew: 281397K->13237K(314560K)
[101.057s][info][gc,heap        ] GC(539) CMS: 125922K->125922K(699072K)
[101.057s][info][gc,metaspace   ] GC(539) Metaspace: 172274K(183000K)->172274K(183000K) NonClass: 151707K(157004K)->151707K(157004K) Class: 20566K(25996K)->20566K(25996K)
[101.057s][info][gc             ] GC(539) Pause Young (Allocation Failure) 397M->135M(989M) 3.799ms
[101.057s][info][gc,cpu         ] GC(539) User=0.00s Sys=0.00s Real=0.00s
[101.089s][info][gc,start       ] GC(540) Pause Young (Allocation Failure)
[101.089s][info][gc,task        ] GC(540) Using 6 workers of 6 for evacuation
[101.094s][info][gc,heap        ] GC(540) ParNew: 292853K->25927K(314560K)
[101.094s][info][gc,heap        ] GC(540) CMS: 125922K->125922K(699072K)
[101.094s][info][gc,metaspace   ] GC(540) Metaspace: 172274K(183000K)->172274K(183000K) NonClass: 151707K(157004K)->151707K(157004K) Class: 20566K(25996K)->20566K(25996K)
[101.094s][info][gc             ] GC(540) Pause Young (Allocation Failure) 408M->148M(989M) 4.899ms
[101.094s][info][gc,cpu         ] GC(540) User=0.00s Sys=0.00s Real=0.00s
[101.125s][info][gc,start       ] GC(541) Pause Young (Allocation Failure)
[101.125s][info][gc,task        ] GC(541) Using 6 workers of 6 for evacuation
[101.133s][info][gc,heap        ] GC(541) ParNew: 305543K->22515K(314560K)
[101.133s][info][gc,heap        ] GC(541) CMS: 125922K->145008K(699072K)
[101.133s][info][gc,metaspace   ] GC(541) Metaspace: 172274K(183000K)->172274K(183000K) NonClass: 151707K(157004K)->151707K(157004K) Class: 20566K(25996K)->20566K(25996K)
[101.133s][info][gc             ] GC(541) Pause Young (Allocation Failure) 421M->163M(989M) 7.745ms
[101.133s][info][gc,cpu         ] GC(541) User=0.03s Sys=0.00s Real=0.02s
[101.163s][info][gc,start       ] GC(542) Pause Young (Allocation Failure)
[101.163s][info][gc,task        ] GC(542) Using 6 workers of 6 for evacuation
[101.169s][info][gc,heap        ] GC(542) ParNew: 302131K->20872K(314560K)
[101.169s][info][gc,heap        ] GC(542) CMS: 145008K->157529K(699072K)
[101.169s][info][gc,metaspace   ] GC(542) Metaspace: 172274K(183000K)->172274K(183000K) NonClass: 151707K(157004K)->151707K(157004K) Class: 20566K(25996K)->20566K(25996K)
[101.169s][info][gc             ] GC(542) Pause Young (Allocation Failure) 436M->174M(989M) 6.029ms
[101.169s][info][gc,cpu         ] GC(542) User=0.00s Sys=0.00s Real=0.00s
[101.200s][info][gc,start       ] GC(543) Pause Young (Allocation Failure)
[101.200s][info][gc,task        ] GC(543) Using 6 workers of 6 for evacuation
[101.206s][info][gc,heap        ] GC(543) ParNew: 300488K->21458K(314560K)
[101.206s][info][gc,heap        ] GC(543) CMS: 157529K->172904K(699072K)
[101.206s][info][gc,metaspace   ] GC(543) Metaspace: 172274K(183000K)->172274K(183000K) NonClass: 151707K(157004K)->151707K(157004K) Class: 20566K(25996K)->20566K(25996K)
[101.206s][info][gc             ] GC(543) Pause Young (Allocation Failure) 447M->189M(989M) 6.464ms
[101.206s][info][gc,cpu         ] GC(543) User=0.00s Sys=0.00s Real=0.00s
[101.512s][info][gc,start       ] GC(544) Pause Young (Allocation Failure)
[101.512s][info][gc,task        ] GC(544) Using 6 workers of 6 for evacuation
[101.517s][info][gc,heap        ] GC(544) ParNew: 301074K->13683K(314560K)
[101.517s][info][gc,heap        ] GC(544) CMS: 172904K->186245K(699072K)
[101.517s][info][gc,metaspace   ] GC(544) Metaspace: 172275K(183000K)->172275K(183000K) NonClass: 151708K(157004K)->151708K(157004K) Class: 20566K(25996K)->20566K(25996K)
[101.517s][info][gc             ] GC(544) Pause Young (Allocation Failure) 462M->195M(989M) 4.599ms
[101.517s][info][gc,cpu         ] GC(544) User=0.00s Sys=0.00s Real=0.00s
[101.867s][info][gc,start       ] GC(545) Pause Young (Allocation Failure)
[101.867s][info][gc,task        ] GC(545) Using 6 workers of 6 for evacuation
[101.870s][info][gc,heap        ] GC(545) ParNew: 293299K->9142K(314560K)
[101.870s][info][gc,heap        ] GC(545) CMS: 186245K->186245K(699072K)
[101.870s][info][gc,metaspace   ] GC(545) Metaspace: 172275K(183000K)->172275K(183000K) NonClass: 151708K(157004K)->151708K(157004K) Class: 20566K(25996K)->20566K(25996K)
[101.870s][info][gc             ] GC(545) Pause Young (Allocation Failure) 468M->190M(989M) 3.318ms
[101.870s][info][gc,cpu         ] GC(545) User=0.00s Sys=0.00s Real=0.02s
[102.233s][info][gc,start       ] GC(546) Pause Young (Allocation Failure)
[102.233s][info][gc,task        ] GC(546) Using 6 workers of 6 for evacuation
[102.236s][info][gc,heap        ] GC(546) ParNew: 288675K->8879K(314560K)
[102.236s][info][gc,heap        ] GC(546) CMS: 186245K->186245K(699072K)
[102.236s][info][gc,metaspace   ] GC(546) Metaspace: 172275K(183000K)->172275K(183000K) NonClass: 151708K(157004K)->151708K(157004K) Class: 20566K(25996K)->20566K(25996K)
[102.236s][info][gc             ] GC(546) Pause Young (Allocation Failure) 463M->190M(989M) 3.353ms
[102.236s][info][gc,cpu         ] GC(546) User=0.00s Sys=0.00s Real=0.00s
[102.371s][info][gc,start       ] GC(547) Pause Full (System.gc())
[102.374s][info][gc,phases,start] GC(547) Phase 1: Mark live objects
[102.453s][info][gc,phases      ] GC(547) Phase 1: Mark live objects 78.909ms
[102.453s][info][gc,phases,start] GC(547) Phase 2: Compute new object addresses
[102.474s][info][gc,phases      ] GC(547) Phase 2: Compute new object addresses 21.002ms
[102.474s][info][gc,phases,start] GC(547) Phase 3: Adjust pointers
[102.521s][info][gc,phases      ] GC(547) Phase 3: Adjust pointers 47.351ms
[102.521s][info][gc,phases,start] GC(547) Phase 4: Move objects
[102.524s][info][gc,phases      ] GC(547) Phase 4: Move objects 2.647ms
[102.525s][info][gc,heap        ] GC(547) ParNew: 97841K->0K(314560K)
[102.525s][info][gc,heap        ] GC(547) CMS: 186245K->125514K(699072K)
[102.525s][info][gc,metaspace   ] GC(547) Metaspace: 172316K(183000K)->172316K(183000K) NonClass: 151749K(157004K)->151749K(157004K) Class: 20566K(25996K)->20566K(25996K)
[102.525s][info][gc             ] GC(547) Pause Full (System.gc()) 277M->122M(989M) 154.159ms
[102.525s][info][gc,cpu         ] GC(547) User=0.16s Sys=0.00s Real=0.16s
[102.600s][info][gc,start       ] GC(548) Pause Young (Allocation Failure)
[102.600s][info][gc,task        ] GC(548) Using 6 workers of 6 for evacuation
[102.602s][info][gc,heap        ] GC(548) ParNew: 279616K->3216K(314560K)
[102.602s][info][gc,heap        ] GC(548) CMS: 125514K->125514K(699072K)
[102.602s][info][gc,metaspace   ] GC(548) Metaspace: 172318K(183000K)->172318K(183000K) NonClass: 151752K(157004K)->151752K(157004K) Class: 20566K(25996K)->20566K(25996K)
[102.602s][info][gc             ] GC(548) Pause Young (Allocation Failure) 395M->125M(989M) 2.230ms
[102.602s][info][gc,cpu         ] GC(548) User=0.00s Sys=0.00s Real=0.00s
[102.631s][info][gc,start       ] GC(549) Pause Young (Allocation Failure)
[102.631s][info][gc,task        ] GC(549) Using 6 workers of 6 for evacuation
[102.633s][info][gc,heap        ] GC(549) ParNew: 282832K->1693K(314560K)
[102.633s][info][gc,heap        ] GC(549) CMS: 125514K->125514K(699072K)
[102.633s][info][gc,metaspace   ] GC(549) Metaspace: 172318K(183000K)->172318K(183000K) NonClass: 151752K(157004K)->151752K(157004K) Class: 20566K(25996K)->20566K(25996K)
[102.633s][info][gc             ] GC(549) Pause Young (Allocation Failure) 398M->124M(989M) 2.186ms
[102.633s][info][gc,cpu         ] GC(549) User=0.00s Sys=0.00s Real=0.00s
[102.712s][info][gc,start       ] GC(550) Pause Young (Allocation Failure)
[102.712s][info][gc,task        ] GC(550) Using 6 workers of 6 for evacuation
[102.715s][info][gc,heap        ] GC(550) ParNew: 281309K->13395K(314560K)
[102.715s][info][gc,heap        ] GC(550) CMS: 125514K->125514K(699072K)
[102.715s][info][gc,metaspace   ] GC(550) Metaspace: 172321K(183000K)->172321K(183000K) NonClass: 151755K(157004K)->151755K(157004K) Class: 20566K(25996K)->20566K(25996K)
[102.715s][info][gc             ] GC(550) Pause Young (Allocation Failure) 397M->135M(989M) 3.877ms
[102.716s][info][gc,cpu         ] GC(550) User=0.00s Sys=0.00s Real=0.00s
[102.747s][info][gc,start       ] GC(551) Pause Young (Allocation Failure)
[102.747s][info][gc,task        ] GC(551) Using 6 workers of 6 for evacuation
[102.752s][info][gc,heap        ] GC(551) ParNew: 293011K->25080K(314560K)
[102.752s][info][gc,heap        ] GC(551) CMS: 125514K->125514K(699072K)
[102.752s][info][gc,metaspace   ] GC(551) Metaspace: 172321K(183000K)->172321K(183000K) NonClass: 151755K(157004K)->151755K(157004K) Class: 20566K(25996K)->20566K(25996K)
[102.752s][info][gc             ] GC(551) Pause Young (Allocation Failure) 408M->147M(989M) 5.072ms
[102.752s][info][gc,cpu         ] GC(551) User=0.02s Sys=0.00s Real=0.02s
[102.783s][info][gc,start       ] GC(552) Pause Young (Allocation Failure)
[102.783s][info][gc,task        ] GC(552) Using 6 workers of 6 for evacuation
[102.790s][info][gc,heap        ] GC(552) ParNew: 304696K->23123K(314560K)
[102.790s][info][gc,heap        ] GC(552) CMS: 125514K->144598K(699072K)
[102.790s][info][gc,metaspace   ] GC(552) Metaspace: 172321K(183000K)->172321K(183000K) NonClass: 151755K(157004K)->151755K(157004K) Class: 20566K(25996K)->20566K(25996K)
[102.790s][info][gc             ] GC(552) Pause Young (Allocation Failure) 420M->163M(989M) 7.405ms
[102.790s][info][gc,cpu         ] GC(552) User=0.00s Sys=0.00s Real=0.00s
[102.821s][info][gc,start       ] GC(553) Pause Young (Allocation Failure)
[102.821s][info][gc,task        ] GC(553) Using 6 workers of 6 for evacuation
[102.827s][info][gc,heap        ] GC(553) ParNew: 302739K->22222K(314560K)
[102.827s][info][gc,heap        ] GC(553) CMS: 144598K->157119K(699072K)
[102.827s][info][gc,metaspace   ] GC(553) Metaspace: 172321K(183000K)->172321K(183000K) NonClass: 151755K(157004K)->151755K(157004K) Class: 20566K(25996K)->20566K(25996K)
[102.827s][info][gc             ] GC(553) Pause Young (Allocation Failure) 436M->175M(989M) 6.074ms
[102.827s][info][gc,cpu         ] GC(553) User=0.00s Sys=0.00s Real=0.00s
[102.858s][info][gc,start       ] GC(554) Pause Young (Allocation Failure)
[102.858s][info][gc,task        ] GC(554) Using 6 workers of 6 for evacuation
[102.864s][info][gc,heap        ] GC(554) ParNew: 301838K->18982K(314560K)
[102.864s][info][gc,heap        ] GC(554) CMS: 157119K->172488K(699072K)
[102.864s][info][gc,metaspace   ] GC(554) Metaspace: 172321K(183000K)->172321K(183000K) NonClass: 151755K(157004K)->151755K(157004K) Class: 20566K(25996K)->20566K(25996K)
[102.864s][info][gc             ] GC(554) Pause Young (Allocation Failure) 448M->186M(989M) 6.432ms
[102.864s][info][gc,cpu         ] GC(554) User=0.02s Sys=0.00s Real=0.02s
[103.159s][info][gc,start       ] GC(555) Pause Young (Allocation Failure)
[103.159s][info][gc,task        ] GC(555) Using 6 workers of 6 for evacuation
[103.164s][info][gc,heap        ] GC(555) ParNew: 298598K->11808K(314560K)
[103.164s][info][gc,heap        ] GC(555) CMS: 172488K->186839K(699072K)
[103.164s][info][gc,metaspace   ] GC(555) Metaspace: 172321K(183000K)->172321K(183000K) NonClass: 151755K(157004K)->151755K(157004K) Class: 20566K(25996K)->20566K(25996K)
[103.164s][info][gc             ] GC(555) Pause Young (Allocation Failure) 460M->193M(989M) 4.660ms
[103.164s][info][gc,cpu         ] GC(555) User=0.00s Sys=0.00s Real=0.00s
[103.508s][info][gc,start       ] GC(556) Pause Young (Allocation Failure)
[103.508s][info][gc,task        ] GC(556) Using 6 workers of 6 for evacuation
[103.512s][info][gc,heap        ] GC(556) ParNew: 291424K->9027K(314560K)
[103.512s][info][gc,heap        ] GC(556) CMS: 186839K->186839K(699072K)
[103.512s][info][gc,metaspace   ] GC(556) Metaspace: 172321K(183000K)->172321K(183000K) NonClass: 151755K(157004K)->151755K(157004K) Class: 20566K(25996K)->20566K(25996K)
[103.512s][info][gc             ] GC(556) Pause Young (Allocation Failure) 467M->191M(989M) 3.515ms
[103.512s][info][gc,cpu         ] GC(556) User=0.00s Sys=0.00s Real=0.00s
[103.860s][info][gc,start       ] GC(557) Pause Young (Allocation Failure)
[103.860s][info][gc,task        ] GC(557) Using 6 workers of 6 for evacuation
[103.863s][info][gc,heap        ] GC(557) ParNew: 288643K->7757K(314560K)
[103.863s][info][gc,heap        ] GC(557) CMS: 186839K->186839K(699072K)
[103.863s][info][gc,metaspace   ] GC(557) Metaspace: 172321K(183000K)->172321K(183000K) NonClass: 151755K(157004K)->151755K(157004K) Class: 20566K(25996K)->20566K(25996K)
[103.863s][info][gc             ] GC(557) Pause Young (Allocation Failure) 464M->190M(989M) 3.419ms
[103.863s][info][gc,cpu         ] GC(557) User=0.00s Sys=0.00s Real=0.00s
[104.006s][info][gc,start       ] GC(558) Pause Full (System.gc())
[104.008s][info][gc,phases,start] GC(558) Phase 1: Mark live objects
[104.087s][info][gc,phases      ] GC(558) Phase 1: Mark live objects 78.509ms
[104.087s][info][gc,phases,start] GC(558) Phase 2: Compute new object addresses
[104.108s][info][gc,phases      ] GC(558) Phase 2: Compute new object addresses 20.780ms
[104.108s][info][gc,phases,start] GC(558) Phase 3: Adjust pointers
[104.156s][info][gc,phases      ] GC(558) Phase 3: Adjust pointers 48.153ms
[104.156s][info][gc,phases,start] GC(558) Phase 4: Move objects
[104.166s][info][gc,phases      ] GC(558) Phase 4: Move objects 10.059ms
[104.167s][info][gc,heap        ] GC(558) ParNew: 93405K->0K(314560K)
[104.167s][info][gc,heap        ] GC(558) CMS: 186839K->125870K(699072K)
[104.167s][info][gc,metaspace   ] GC(558) Metaspace: 172321K(183000K)->172321K(183000K) NonClass: 151755K(157004K)->151755K(157004K) Class: 20566K(25996K)->20566K(25996K)
[104.167s][info][gc             ] GC(558) Pause Full (System.gc()) 273M->122M(989M) 161.526ms
[104.167s][info][gc,cpu         ] GC(558) User=0.16s Sys=0.00s Real=0.16s
[104.238s][info][gc,start       ] GC(559) Pause Young (Allocation Failure)
[104.238s][info][gc,task        ] GC(559) Using 6 workers of 6 for evacuation
[104.240s][info][gc,heap        ] GC(559) ParNew: 279616K->2479K(314560K)
[104.240s][info][gc,heap        ] GC(559) CMS: 125870K->125870K(699072K)
[104.240s][info][gc,metaspace   ] GC(559) Metaspace: 172329K(183000K)->172329K(183000K) NonClass: 151762K(157004K)->151762K(157004K) Class: 20566K(25996K)->20566K(25996K)
[104.240s][info][gc             ] GC(559) Pause Young (Allocation Failure) 395M->125M(989M) 2.337ms
[104.240s][info][gc,cpu         ] GC(559) User=0.00s Sys=0.00s Real=0.00s
[104.267s][info][gc,start       ] GC(560) Pause Young (Allocation Failure)
[104.268s][info][gc,task        ] GC(560) Using 6 workers of 6 for evacuation
[104.270s][info][gc,heap        ] GC(560) ParNew: 282095K->1645K(314560K)
[104.270s][info][gc,heap        ] GC(560) CMS: 125870K->125870K(699072K)
[104.270s][info][gc,metaspace   ] GC(560) Metaspace: 172329K(183000K)->172329K(183000K) NonClass: 151762K(157004K)->151762K(157004K) Class: 20566K(25996K)->20566K(25996K)
[104.270s][info][gc             ] GC(560) Pause Young (Allocation Failure) 398M->124M(989M) 2.112ms
[104.270s][info][gc,cpu         ] GC(560) User=0.00s Sys=0.00s Real=0.00s
[104.352s][info][gc,start       ] GC(561) Pause Young (Allocation Failure)
[104.352s][info][gc,task        ] GC(561) Using 6 workers of 6 for evacuation
[104.356s][info][gc,heap        ] GC(561) ParNew: 281261K->13679K(314560K)
[104.356s][info][gc,heap        ] GC(561) CMS: 125870K->125870K(699072K)
[104.356s][info][gc,metaspace   ] GC(561) Metaspace: 172329K(183000K)->172329K(183000K) NonClass: 151762K(157004K)->151762K(157004K) Class: 20566K(25996K)->20566K(25996K)
[104.356s][info][gc             ] GC(561) Pause Young (Allocation Failure) 397M->136M(989M) 3.841ms
[104.356s][info][gc,cpu         ] GC(561) User=0.00s Sys=0.00s Real=0.00s
[104.387s][info][gc,start       ] GC(562) Pause Young (Allocation Failure)
[104.387s][info][gc,task        ] GC(562) Using 6 workers of 6 for evacuation
[104.392s][info][gc,heap        ] GC(562) ParNew: 293295K->26224K(314560K)
[104.392s][info][gc,heap        ] GC(562) CMS: 125870K->125870K(699072K)
[104.392s][info][gc,metaspace   ] GC(562) Metaspace: 172329K(183000K)->172329K(183000K) NonClass: 151762K(157004K)->151762K(157004K) Class: 20566K(25996K)->20566K(25996K)
[104.392s][info][gc             ] GC(562) Pause Young (Allocation Failure) 409M->148M(989M) 5.180ms
[104.392s][info][gc,cpu         ] GC(562) User=0.00s Sys=0.00s Real=0.00s
[104.422s][info][gc,start       ] GC(563) Pause Young (Allocation Failure)
[104.422s][info][gc,task        ] GC(563) Using 6 workers of 6 for evacuation
[104.430s][info][gc,heap        ] GC(563) ParNew: 305840K->24424K(314560K)
[104.430s][info][gc,heap        ] GC(563) CMS: 125870K->143937K(699072K)
[104.430s][info][gc,metaspace   ] GC(563) Metaspace: 172329K(183000K)->172329K(183000K) NonClass: 151762K(157004K)->151762K(157004K) Class: 20566K(25996K)->20566K(25996K)
[104.430s][info][gc             ] GC(563) Pause Young (Allocation Failure) 421M->164M(989M) 7.809ms
[104.430s][info][gc,cpu         ] GC(563) User=0.02s Sys=0.00s Real=0.02s
[104.462s][info][gc,start       ] GC(564) Pause Young (Allocation Failure)
[104.462s][info][gc,task        ] GC(564) Using 6 workers of 6 for evacuation
[104.468s][info][gc,heap        ] GC(564) ParNew: 304040K->21333K(314560K)
[104.468s][info][gc,heap        ] GC(564) CMS: 143937K->157285K(699072K)
[104.468s][info][gc,metaspace   ] GC(564) Metaspace: 172329K(183000K)->172329K(183000K) NonClass: 151762K(157004K)->151762K(157004K) Class: 20566K(25996K)->20566K(25996K)
[104.468s][info][gc             ] GC(564) Pause Young (Allocation Failure) 437M->174M(989M) 6.226ms
[104.468s][info][gc,cpu         ] GC(564) User=0.00s Sys=0.00s Real=0.00s
[104.498s][info][gc,start       ] GC(565) Pause Young (Allocation Failure)
[104.498s][info][gc,task        ] GC(565) Using 6 workers of 6 for evacuation
[104.505s][info][gc,heap        ] GC(565) ParNew: 300949K->22923K(314560K)
[104.505s][info][gc,heap        ] GC(565) CMS: 157285K->173880K(699072K)
[104.505s][info][gc,metaspace   ] GC(565) Metaspace: 172329K(183000K)->172329K(183000K) NonClass: 151762K(157004K)->151762K(157004K) Class: 20566K(25996K)->20566K(25996K)
[104.505s][info][gc             ] GC(565) Pause Young (Allocation Failure) 447M->192M(989M) 6.539ms
[104.505s][info][gc,cpu         ] GC(565) User=0.00s Sys=0.00s Real=0.00s
[104.793s][info][gc,start       ] GC(566) Pause Young (Allocation Failure)
[104.793s][info][gc,task        ] GC(566) Using 6 workers of 6 for evacuation
[104.798s][info][gc,heap        ] GC(566) ParNew: 302438K->13298K(314560K)
[104.798s][info][gc,heap        ] GC(566) CMS: 173880K->186192K(699072K)
[104.798s][info][gc,metaspace   ] GC(566) Metaspace: 172329K(183000K)->172329K(183000K) NonClass: 151762K(157004K)->151762K(157004K) Class: 20566K(25996K)->20566K(25996K)
[104.798s][info][gc             ] GC(566) Pause Young (Allocation Failure) 465M->194M(989M) 4.808ms
[104.798s][info][gc,cpu         ] GC(566) User=0.00s Sys=0.00s Real=0.00s
[105.146s][info][gc,start       ] GC(567) Pause Young (Allocation Failure)
[105.146s][info][gc,task        ] GC(567) Using 6 workers of 6 for evacuation
[105.149s][info][gc,heap        ] GC(567) ParNew: 292784K->11863K(314560K)
[105.149s][info][gc,heap        ] GC(567) CMS: 186192K->186192K(699072K)
[105.149s][info][gc,metaspace   ] GC(567) Metaspace: 172329K(183000K)->172329K(183000K) NonClass: 151762K(157004K)->151762K(157004K) Class: 20566K(25996K)->20566K(25996K)
[105.150s][info][gc             ] GC(567) Pause Young (Allocation Failure) 467M->193M(989M) 3.267ms
[105.150s][info][gc,cpu         ] GC(567) User=0.00s Sys=0.00s Real=0.00s
[105.504s][info][gc,start       ] GC(568) Pause Young (Allocation Failure)
[105.504s][info][gc,task        ] GC(568) Using 6 workers of 6 for evacuation
[105.507s][info][gc,heap        ] GC(568) ParNew: 288031K->8311K(314560K)
[105.507s][info][gc,heap        ] GC(568) CMS: 186192K->186192K(699072K)
[105.507s][info][gc,metaspace   ] GC(568) Metaspace: 172329K(183000K)->172329K(183000K) NonClass: 151762K(157004K)->151762K(157004K) Class: 20566K(25996K)->20566K(25996K)
[105.507s][info][gc             ] GC(568) Pause Young (Allocation Failure) 463M->189M(989M) 2.905ms
[105.507s][info][gc,cpu         ] GC(568) User=0.00s Sys=0.00s Real=0.00s
[105.642s][info][gc,start       ] GC(569) Pause Full (System.gc())
[105.644s][info][gc,phases,start] GC(569) Phase 1: Mark live objects
[105.724s][info][gc,phases      ] GC(569) Phase 1: Mark live objects 79.784ms
[105.724s][info][gc,phases,start] GC(569) Phase 2: Compute new object addresses
[105.745s][info][gc,phases      ] GC(569) Phase 2: Compute new object addresses 21.133ms
[105.745s][info][gc,phases,start] GC(569) Phase 3: Adjust pointers
[105.793s][info][gc,phases      ] GC(569) Phase 3: Adjust pointers 47.452ms
[105.793s][info][gc,phases,start] GC(569) Phase 4: Move objects
[105.795s][info][gc,phases      ] GC(569) Phase 4: Move objects 2.268ms
[105.796s][info][gc,heap        ] GC(569) ParNew: 102273K->0K(314560K)
[105.796s][info][gc,heap        ] GC(569) CMS: 186192K->125510K(699072K)
[105.796s][info][gc,metaspace   ] GC(569) Metaspace: 172329K(183000K)->172329K(183000K) NonClass: 151762K(157004K)->151762K(157004K) Class: 20566K(25996K)->20566K(25996K)
[105.796s][info][gc             ] GC(569) Pause Full (System.gc()) 281M->122M(989M) 154.115ms
[105.796s][info][gc,cpu         ] GC(569) User=0.14s Sys=0.00s Real=0.15s
[105.865s][info][gc,start       ] GC(570) Pause Young (Allocation Failure)
[105.865s][info][gc,task        ] GC(570) Using 6 workers of 6 for evacuation
[105.867s][info][gc,heap        ] GC(570) ParNew: 279616K->2727K(314560K)
[105.867s][info][gc,heap        ] GC(570) CMS: 125510K->125510K(699072K)
[105.867s][info][gc,metaspace   ] GC(570) Metaspace: 172332K(183000K)->172332K(183000K) NonClass: 151765K(157004K)->151765K(157004K) Class: 20566K(25996K)->20566K(25996K)
[105.867s][info][gc             ] GC(570) Pause Young (Allocation Failure) 395M->125M(989M) 2.268ms
[105.867s][info][gc,cpu         ] GC(570) User=0.00s Sys=0.00s Real=0.00s
[105.895s][info][gc,start       ] GC(571) Pause Young (Allocation Failure)
[105.895s][info][gc,task        ] GC(571) Using 6 workers of 6 for evacuation
[105.897s][info][gc,heap        ] GC(571) ParNew: 282343K->1702K(314560K)
[105.897s][info][gc,heap        ] GC(571) CMS: 125510K->125510K(699072K)
[105.897s][info][gc,metaspace   ] GC(571) Metaspace: 172332K(183000K)->172332K(183000K) NonClass: 151765K(157004K)->151765K(157004K) Class: 20566K(25996K)->20566K(25996K)
[105.897s][info][gc             ] GC(571) Pause Young (Allocation Failure) 398M->124M(989M) 2.046ms
[105.897s][info][gc,cpu         ] GC(571) User=0.00s Sys=0.00s Real=0.00s
[105.970s][info][gc,start       ] GC(572) Pause Young (Allocation Failure)
[105.970s][info][gc,task        ] GC(572) Using 6 workers of 6 for evacuation
[105.974s][info][gc,heap        ] GC(572) ParNew: 281318K->15012K(314560K)
[105.974s][info][gc,heap        ] GC(572) CMS: 125510K->125510K(699072K)
[105.974s][info][gc,metaspace   ] GC(572) Metaspace: 172332K(183000K)->172332K(183000K) NonClass: 151765K(157004K)->151765K(157004K) Class: 20566K(25996K)->20566K(25996K)
[105.974s][info][gc             ] GC(572) Pause Young (Allocation Failure) 397M->137M(989M) 4.167ms
[105.974s][info][gc,cpu         ] GC(572) User=0.00s Sys=0.00s Real=0.00s
[106.006s][info][gc,start       ] GC(573) Pause Young (Allocation Failure)
[106.006s][info][gc,task        ] GC(573) Using 6 workers of 6 for evacuation
[106.010s][info][gc,heap        ] GC(573) ParNew: 294628K->24947K(314560K)
[106.011s][info][gc,heap        ] GC(573) CMS: 125510K->125510K(699072K)
[106.011s][info][gc,metaspace   ] GC(573) Metaspace: 172332K(183000K)->172332K(183000K) NonClass: 151765K(157004K)->151765K(157004K) Class: 20566K(25996K)->20566K(25996K)
[106.011s][info][gc             ] GC(573) Pause Young (Allocation Failure) 410M->146M(989M) 4.967ms
[106.011s][info][gc,cpu         ] GC(573) User=0.00s Sys=0.00s Real=0.00s
[106.041s][info][gc,start       ] GC(574) Pause Young (Allocation Failure)
[106.041s][info][gc,task        ] GC(574) Using 6 workers of 6 for evacuation
[106.048s][info][gc,heap        ] GC(574) ParNew: 304563K->23982K(314560K)
[106.048s][info][gc,heap        ] GC(574) CMS: 125510K->143914K(699072K)
[106.048s][info][gc,metaspace   ] GC(574) Metaspace: 172332K(183000K)->172332K(183000K) NonClass: 151765K(157004K)->151765K(157004K) Class: 20566K(25996K)->20566K(25996K)
[106.048s][info][gc             ] GC(574) Pause Young (Allocation Failure) 419M->163M(989M) 7.221ms
[106.048s][info][gc,cpu         ] GC(574) User=0.02s Sys=0.00s Real=0.01s
[106.079s][info][gc,start       ] GC(575) Pause Young (Allocation Failure)
[106.079s][info][gc,task        ] GC(575) Using 6 workers of 6 for evacuation
[106.085s][info][gc,heap        ] GC(575) ParNew: 303598K->23644K(314560K)
[106.085s][info][gc,heap        ] GC(575) CMS: 143914K->157441K(699072K)
[106.085s][info][gc,metaspace   ] GC(575) Metaspace: 172332K(183000K)->172332K(183000K) NonClass: 151765K(157004K)->151765K(157004K) Class: 20566K(25996K)->20566K(25996K)
[106.085s][info][gc             ] GC(575) Pause Young (Allocation Failure) 437M->176M(989M) 6.315ms
[106.085s][info][gc,cpu         ] GC(575) User=0.02s Sys=0.00s Real=0.02s
[106.116s][info][gc,start       ] GC(576) Pause Young (Allocation Failure)
[106.116s][info][gc,task        ] GC(576) Using 6 workers of 6 for evacuation
[106.122s][info][gc,heap        ] GC(576) ParNew: 303260K->21973K(314560K)
[106.122s][info][gc,heap        ] GC(576) CMS: 157441K->171143K(699072K)
[106.122s][info][gc,metaspace   ] GC(576) Metaspace: 172332K(183000K)->172332K(183000K) NonClass: 151765K(157004K)->151765K(157004K) Class: 20566K(25996K)->20566K(25996K)
[106.122s][info][gc             ] GC(576) Pause Young (Allocation Failure) 449M->188M(989M) 6.417ms
[106.122s][info][gc,cpu         ] GC(576) User=0.00s Sys=0.00s Real=0.00s
[106.410s][info][gc,start       ] GC(577) Pause Young (Allocation Failure)
[106.410s][info][gc,task        ] GC(577) Using 6 workers of 6 for evacuation
[106.414s][info][gc,heap        ] GC(577) ParNew: 301569K->12047K(314560K)
[106.414s][info][gc,heap        ] GC(577) CMS: 171143K->185830K(699072K)
[106.414s][info][gc,metaspace   ] GC(577) Metaspace: 172332K(183000K)->172332K(183000K) NonClass: 151765K(157004K)->151765K(157004K) Class: 20566K(25996K)->20566K(25996K)
[106.414s][info][gc             ] GC(577) Pause Young (Allocation Failure) 461M->193M(989M) 4.725ms
[106.415s][info][gc,cpu         ] GC(577) User=0.00s Sys=0.00s Real=0.00s
[106.758s][info][gc,start       ] GC(578) Pause Young (Allocation Failure)
[106.758s][info][gc,task        ] GC(578) Using 6 workers of 6 for evacuation
[106.761s][info][gc,heap        ] GC(578) ParNew: 288524K->10201K(314560K)
[106.761s][info][gc,heap        ] GC(578) CMS: 185830K->185830K(699072K)
[106.761s][info][gc,metaspace   ] GC(578) Metaspace: 172332K(183000K)->172332K(183000K) NonClass: 151765K(157004K)->151765K(157004K) Class: 20566K(25996K)->20566K(25996K)
[106.761s][info][gc             ] GC(578) Pause Young (Allocation Failure) 463M->191M(989M) 2.774ms
[106.761s][info][gc,cpu         ] GC(578) User=0.00s Sys=0.00s Real=0.00s
[107.120s][info][gc,start       ] GC(579) Pause Young (Allocation Failure)
[107.120s][info][gc,task        ] GC(579) Using 6 workers of 6 for evacuation
[107.123s][info][gc,heap        ] GC(579) ParNew: 289031K->9050K(314560K)
[107.123s][info][gc,heap        ] GC(579) CMS: 185830K->185830K(699072K)
[107.123s][info][gc,metaspace   ] GC(579) Metaspace: 172332K(183000K)->172332K(183000K) NonClass: 151765K(157004K)->151765K(157004K) Class: 20566K(25996K)->20566K(25996K)
[107.123s][info][gc             ] GC(579) Pause Young (Allocation Failure) 463M->190M(989M) 2.977ms
[107.123s][info][gc,cpu         ] GC(579) User=0.00s Sys=0.00s Real=0.00s
[107.256s][info][gc,start       ] GC(580) Pause Full (System.gc())
[107.259s][info][gc,phases,start] GC(580) Phase 1: Mark live objects
[107.338s][info][gc,phases      ] GC(580) Phase 1: Mark live objects 79.014ms
[107.338s][info][gc,phases,start] GC(580) Phase 2: Compute new object addresses
[107.359s][info][gc,phases      ] GC(580) Phase 2: Compute new object addresses 21.038ms
[107.359s][info][gc,phases,start] GC(580) Phase 3: Adjust pointers
[107.406s][info][gc,phases      ] GC(580) Phase 3: Adjust pointers 47.746ms
[107.407s][info][gc,phases,start] GC(580) Phase 4: Move objects
[107.409s][info][gc,phases      ] GC(580) Phase 4: Move objects 2.664ms
[107.410s][info][gc,heap        ] GC(580) ParNew: 104410K->0K(314560K)
[107.410s][info][gc,heap        ] GC(580) CMS: 185830K->125960K(699072K)
[107.410s][info][gc,metaspace   ] GC(580) Metaspace: 172349K(183000K)->172349K(183000K) NonClass: 151782K(157004K)->151782K(157004K) Class: 20566K(25996K)->20566K(25996K)
[107.410s][info][gc             ] GC(580) Pause Full (System.gc()) 283M->123M(989M) 154.432ms
[107.410s][info][gc,cpu         ] GC(580) User=0.16s Sys=0.00s Real=0.15s
[107.480s][info][gc,start       ] GC(581) Pause Young (Allocation Failure)
[107.480s][info][gc,task        ] GC(581) Using 6 workers of 6 for evacuation
[107.482s][info][gc,heap        ] GC(581) ParNew: 279616K->2846K(314560K)
[107.483s][info][gc,heap        ] GC(581) CMS: 125960K->125960K(699072K)
[107.483s][info][gc,metaspace   ] GC(581) Metaspace: 172388K(183000K)->172388K(183000K) NonClass: 151821K(157004K)->151821K(157004K) Class: 20566K(25996K)->20566K(25996K)
[107.483s][info][gc             ] GC(581) Pause Young (Allocation Failure) 396M->125M(989M) 2.330ms
[107.483s][info][gc,cpu         ] GC(581) User=0.00s Sys=0.00s Real=0.00s
[107.511s][info][gc,start       ] GC(582) Pause Young (Allocation Failure)
[107.511s][info][gc,task        ] GC(582) Using 6 workers of 6 for evacuation
[107.512s][info][gc,heap        ] GC(582) ParNew: 282462K->1751K(314560K)
[107.513s][info][gc,heap        ] GC(582) CMS: 125960K->125960K(699072K)
[107.513s][info][gc,metaspace   ] GC(582) Metaspace: 172389K(183000K)->172389K(183000K) NonClass: 151822K(157004K)->151822K(157004K) Class: 20566K(25996K)->20566K(25996K)
[107.513s][info][gc             ] GC(582) Pause Young (Allocation Failure) 398M->124M(989M) 1.997ms
[107.513s][info][gc,cpu         ] GC(582) User=0.00s Sys=0.00s Real=0.00s
[107.587s][info][gc,start       ] GC(583) Pause Young (Allocation Failure)
[107.587s][info][gc,task        ] GC(583) Using 6 workers of 6 for evacuation
[107.591s][info][gc,heap        ] GC(583) ParNew: 280745K->14558K(314560K)
[107.591s][info][gc,heap        ] GC(583) CMS: 125960K->125960K(699072K)
[107.591s][info][gc,metaspace   ] GC(583) Metaspace: 172389K(183000K)->172389K(183000K) NonClass: 151822K(157004K)->151822K(157004K) Class: 20566K(25996K)->20566K(25996K)
[107.591s][info][gc             ] GC(583) Pause Young (Allocation Failure) 397M->137M(989M) 3.956ms
[107.591s][info][gc,cpu         ] GC(583) User=0.02s Sys=0.00s Real=0.00s
[107.623s][info][gc,start       ] GC(584) Pause Young (Allocation Failure)
[107.623s][info][gc,task        ] GC(584) Using 6 workers of 6 for evacuation
[107.629s][info][gc,heap        ] GC(584) ParNew: 294174K->26882K(314560K)
[107.629s][info][gc,heap        ] GC(584) CMS: 125960K->125960K(699072K)
[107.629s][info][gc,metaspace   ] GC(584) Metaspace: 172389K(183000K)->172389K(183000K) NonClass: 151822K(157004K)->151822K(157004K) Class: 20566K(25996K)->20566K(25996K)
[107.629s][info][gc             ] GC(584) Pause Young (Allocation Failure) 410M->149M(989M) 5.751ms
[107.629s][info][gc,cpu         ] GC(584) User=0.00s Sys=0.00s Real=0.00s
[107.663s][info][gc,start       ] GC(585) Pause Young (Allocation Failure)
[107.663s][info][gc,task        ] GC(585) Using 6 workers of 6 for evacuation
[107.671s][info][gc,heap        ] GC(585) ParNew: 306498K->25545K(314560K)
[107.671s][info][gc,heap        ] GC(585) CMS: 125960K->143075K(699072K)
[107.671s][info][gc,metaspace   ] GC(585) Metaspace: 172389K(183000K)->172389K(183000K) NonClass: 151822K(157004K)->151822K(157004K) Class: 20566K(25996K)->20566K(25996K)
[107.671s][info][gc             ] GC(585) Pause Young (Allocation Failure) 422M->164M(989M) 8.241ms
[107.671s][info][gc,cpu         ] GC(585) User=0.00s Sys=0.00s Real=0.02s
[107.702s][info][gc,start       ] GC(586) Pause Young (Allocation Failure)
[107.702s][info][gc,task        ] GC(586) Using 6 workers of 6 for evacuation
[107.709s][info][gc,heap        ] GC(586) ParNew: 305161K->22371K(314560K)
[107.709s][info][gc,heap        ] GC(586) CMS: 143075K->157625K(699072K)
[107.709s][info][gc,metaspace   ] GC(586) Metaspace: 172389K(183000K)->172389K(183000K) NonClass: 151822K(157004K)->151822K(157004K) Class: 20566K(25996K)->20566K(25996K)
[107.709s][info][gc             ] GC(586) Pause Young (Allocation Failure) 437M->175M(989M) 6.336ms
[107.709s][info][gc,cpu         ] GC(586) User=0.00s Sys=0.00s Real=0.00s
[107.740s][info][gc,start       ] GC(587) Pause Young (Allocation Failure)
[107.740s][info][gc,task        ] GC(587) Using 6 workers of 6 for evacuation
[107.746s][info][gc,heap        ] GC(587) ParNew: 301987K->19113K(314560K)
[107.746s][info][gc,heap        ] GC(587) CMS: 157625K->173004K(699072K)
[107.746s][info][gc,metaspace   ] GC(587) Metaspace: 172389K(183000K)->172389K(183000K) NonClass: 151822K(157004K)->151822K(157004K) Class: 20566K(25996K)->20566K(25996K)
[107.746s][info][gc             ] GC(587) Pause Young (Allocation Failure) 448M->187M(989M) 6.098ms
[107.746s][info][gc,cpu         ] GC(587) User=0.02s Sys=0.00s Real=0.02s
[108.033s][info][gc,start       ] GC(588) Pause Young (Allocation Failure)
[108.033s][info][gc,task        ] GC(588) Using 6 workers of 6 for evacuation
[108.037s][info][gc,heap        ] GC(588) ParNew: 296614K->12606K(314560K)
[108.037s][info][gc,heap        ] GC(588) CMS: 173004K->187213K(699072K)
[108.037s][info][gc,metaspace   ] GC(588) Metaspace: 172389K(183000K)->172389K(183000K) NonClass: 151822K(157004K)->151822K(157004K) Class: 20566K(25996K)->20566K(25996K)
[108.037s][info][gc             ] GC(588) Pause Young (Allocation Failure) 458M->195M(989M) 4.206ms
[108.037s][info][gc,cpu         ] GC(588) User=0.00s Sys=0.00s Real=0.00s
[108.380s][info][gc,start       ] GC(589) Pause Young (Allocation Failure)
[108.380s][info][gc,task        ] GC(589) Using 6 workers of 6 for evacuation
[108.383s][info][gc,heap        ] GC(589) ParNew: 292218K->9748K(314560K)
[108.383s][info][gc,heap        ] GC(589) CMS: 187213K->187213K(699072K)
[108.383s][info][gc,metaspace   ] GC(589) Metaspace: 172389K(183000K)->172389K(183000K) NonClass: 151822K(157004K)->151822K(157004K) Class: 20566K(25996K)->20566K(25996K)
[108.383s][info][gc             ] GC(589) Pause Young (Allocation Failure) 468M->192M(989M) 2.915ms
[108.383s][info][gc,cpu         ] GC(589) User=0.00s Sys=0.00s Real=0.00s
[108.723s][info][gc,start       ] GC(590) Pause Young (Allocation Failure)
[108.723s][info][gc,task        ] GC(590) Using 6 workers of 6 for evacuation
[108.726s][info][gc,heap        ] GC(590) ParNew: 289364K->8257K(314560K)
[108.726s][info][gc,heap        ] GC(590) CMS: 187213K->187213K(699072K)
[108.726s][info][gc,metaspace   ] GC(590) Metaspace: 172389K(183000K)->172389K(183000K) NonClass: 151822K(157004K)->151822K(157004K) Class: 20566K(25996K)->20566K(25996K)
[108.726s][info][gc             ] GC(590) Pause Young (Allocation Failure) 465M->190M(989M) 3.364ms
[108.726s][info][gc,cpu         ] GC(590) User=0.00s Sys=0.00s Real=0.00s
[108.883s][info][gc,start       ] GC(591) Pause Full (System.gc())
[108.887s][info][gc,phases,start] GC(591) Phase 1: Mark live objects
[108.967s][info][gc,phases      ] GC(591) Phase 1: Mark live objects 80.475ms
[108.967s][info][gc,phases,start] GC(591) Phase 2: Compute new object addresses
[108.988s][info][gc,phases      ] GC(591) Phase 2: Compute new object addresses 21.246ms
[108.988s][info][gc,phases,start] GC(591) Phase 3: Adjust pointers
[109.036s][info][gc,phases      ] GC(591) Phase 3: Adjust pointers 47.692ms
[109.036s][info][gc,phases,start] GC(591) Phase 4: Move objects
[109.038s][info][gc,phases      ] GC(591) Phase 4: Move objects 2.369ms
[109.039s][info][gc,heap        ] GC(591) ParNew: 104572K->0K(314560K)
[109.039s][info][gc,heap        ] GC(591) CMS: 187213K->126313K(699072K)
[109.039s][info][gc,metaspace   ] GC(591) Metaspace: 172390K(183000K)->172390K(183000K) NonClass: 151823K(157004K)->151823K(157004K) Class: 20566K(25996K)->20566K(25996K)
[109.040s][info][gc             ] GC(591) Pause Full (System.gc()) 284M->123M(989M) 156.426ms
[109.040s][info][gc,cpu         ] GC(591) User=0.16s Sys=0.00s Real=0.16s
[109.108s][info][gc,start       ] GC(592) Pause Young (Allocation Failure)
[109.109s][info][gc,task        ] GC(592) Using 6 workers of 6 for evacuation
[109.111s][info][gc,heap        ] GC(592) ParNew: 279616K->2422K(314560K)
[109.111s][info][gc,heap        ] GC(592) CMS: 126313K->126313K(699072K)
[109.111s][info][gc,metaspace   ] GC(592) Metaspace: 172390K(183000K)->172390K(183000K) NonClass: 151823K(157004K)->151823K(157004K) Class: 20566K(25996K)->20566K(25996K)
[109.111s][info][gc             ] GC(592) Pause Young (Allocation Failure) 396M->125M(989M) 2.394ms
[109.111s][info][gc,cpu         ] GC(592) User=0.00s Sys=0.00s Real=0.00s
[109.139s][info][gc,start       ] GC(593) Pause Young (Allocation Failure)
[109.139s][info][gc,task        ] GC(593) Using 6 workers of 6 for evacuation
[109.141s][info][gc,heap        ] GC(593) ParNew: 282038K->1591K(314560K)
[109.141s][info][gc,heap        ] GC(593) CMS: 126313K->126313K(699072K)
[109.141s][info][gc,metaspace   ] GC(593) Metaspace: 172390K(183000K)->172390K(183000K) NonClass: 151823K(157004K)->151823K(157004K) Class: 20566K(25996K)->20566K(25996K)
[109.141s][info][gc             ] GC(593) Pause Young (Allocation Failure) 398M->124M(989M) 2.104ms
[109.141s][info][gc,cpu         ] GC(593) User=0.02s Sys=0.00s Real=0.01s
[109.217s][info][gc,start       ] GC(594) Pause Young (Allocation Failure)
[109.217s][info][gc,task        ] GC(594) Using 6 workers of 6 for evacuation
[109.221s][info][gc,heap        ] GC(594) ParNew: 281207K->13508K(314560K)
[109.221s][info][gc,heap        ] GC(594) CMS: 126313K->126313K(699072K)
[109.221s][info][gc,metaspace   ] GC(594) Metaspace: 172390K(183000K)->172390K(183000K) NonClass: 151823K(157004K)->151823K(157004K) Class: 20566K(25996K)->20566K(25996K)
[109.221s][info][gc             ] GC(594) Pause Young (Allocation Failure) 397M->136M(989M) 4.058ms
[109.221s][info][gc,cpu         ] GC(594) User=0.02s Sys=0.00s Real=0.02s
[109.252s][info][gc,start       ] GC(595) Pause Young (Allocation Failure)
[109.252s][info][gc,task        ] GC(595) Using 6 workers of 6 for evacuation
[109.258s][info][gc,heap        ] GC(595) ParNew: 293124K->29179K(314560K)
[109.258s][info][gc,heap        ] GC(595) CMS: 126313K->126313K(699072K)
[109.258s][info][gc,metaspace   ] GC(595) Metaspace: 172390K(183000K)->172390K(183000K) NonClass: 151823K(157004K)->151823K(157004K) Class: 20566K(25996K)->20566K(25996K)
[109.258s][info][gc             ] GC(595) Pause Young (Allocation Failure) 409M->151M(989M) 5.252ms
[109.258s][info][gc,cpu         ] GC(595) User=0.00s Sys=0.00s Real=0.00s
[109.288s][info][gc,start       ] GC(596) Pause Young (Allocation Failure)
[109.288s][info][gc,task        ] GC(596) Using 6 workers of 6 for evacuation
[109.296s][info][gc,heap        ] GC(596) ParNew: 308795K->25567K(314560K)
[109.296s][info][gc,heap        ] GC(596) CMS: 126313K->143776K(699072K)
[109.296s][info][gc,metaspace   ] GC(596) Metaspace: 172390K(183000K)->172390K(183000K) NonClass: 151823K(157004K)->151823K(157004K) Class: 20566K(25996K)->20566K(25996K)
[109.296s][info][gc             ] GC(596) Pause Young (Allocation Failure) 424M->165M(989M) 7.438ms
[109.296s][info][gc,cpu         ] GC(596) User=0.00s Sys=0.00s Real=0.00s
[109.327s][info][gc,start       ] GC(597) Pause Young (Allocation Failure)
[109.327s][info][gc,task        ] GC(597) Using 6 workers of 6 for evacuation
[109.333s][info][gc,heap        ] GC(597) ParNew: 305183K->26048K(314560K)
[109.333s][info][gc,heap        ] GC(597) CMS: 143776K->158334K(699072K)
[109.333s][info][gc,metaspace   ] GC(597) Metaspace: 172390K(183000K)->172390K(183000K) NonClass: 151823K(157004K)->151823K(157004K) Class: 20566K(25996K)->20566K(25996K)
[109.333s][info][gc             ] GC(597) Pause Young (Allocation Failure) 438M->180M(989M) 6.996ms
[109.334s][info][gc,cpu         ] GC(597) User=0.02s Sys=0.00s Real=0.02s
[109.364s][info][gc,start       ] GC(598) Pause Young (Allocation Failure)
[109.364s][info][gc,task        ] GC(598) Using 6 workers of 6 for evacuation
[109.370s][info][gc,heap        ] GC(598) ParNew: 305664K->22620K(314560K)
[109.370s][info][gc,heap        ] GC(598) CMS: 158334K->171343K(699072K)
[109.370s][info][gc,metaspace   ] GC(598) Metaspace: 172390K(183000K)->172390K(183000K) NonClass: 151823K(157004K)->151823K(157004K) Class: 20566K(25996K)->20566K(25996K)
[109.370s][info][gc             ] GC(598) Pause Young (Allocation Failure) 453M->189M(989M) 6.451ms
[109.370s][info][gc,cpu         ] GC(598) User=0.00s Sys=0.00s Real=0.00s
[109.660s][info][gc,start       ] GC(599) Pause Young (Allocation Failure)
[109.660s][info][gc,task        ] GC(599) Using 6 workers of 6 for evacuation
[109.665s][info][gc,heap        ] GC(599) ParNew: 302236K->16158K(314560K)
[109.665s][info][gc,heap        ] GC(599) CMS: 171343K->186718K(699072K)
[109.665s][info][gc,metaspace   ] GC(599) Metaspace: 172394K(183000K)->172394K(183000K) NonClass: 151827K(157004K)->151827K(157004K) Class: 20566K(25996K)->20566K(25996K)
[109.665s][info][gc             ] GC(599) Pause Young (Allocation Failure) 462M->198M(989M) 4.899ms
[109.665s][info][gc,cpu         ] GC(599) User=0.00s Sys=0.00s Real=0.00s
[110.026s][info][gc,start       ] GC(600) Pause Young (Allocation Failure)
[110.026s][info][gc,task        ] GC(600) Using 6 workers of 6 for evacuation
[110.029s][info][gc,heap        ] GC(600) ParNew: 295704K->10057K(314560K)
[110.029s][info][gc,heap        ] GC(600) CMS: 186718K->186718K(699072K)
[110.029s][info][gc,metaspace   ] GC(600) Metaspace: 172394K(183000K)->172394K(183000K) NonClass: 151827K(157004K)->151827K(157004K) Class: 20566K(25996K)->20566K(25996K)
[110.029s][info][gc             ] GC(600) Pause Young (Allocation Failure) 471M->192M(989M) 3.475ms
[110.029s][info][gc,cpu         ] GC(600) User=0.00s Sys=0.00s Real=0.00s
[110.372s][info][gc,start       ] GC(601) Pause Young (Allocation Failure)
[110.372s][info][gc,task        ] GC(601) Using 6 workers of 6 for evacuation
[110.375s][info][gc,heap        ] GC(601) ParNew: 289673K->10073K(314560K)
[110.375s][info][gc,heap        ] GC(601) CMS: 186718K->186718K(699072K)
[110.375s][info][gc,metaspace   ] GC(601) Metaspace: 172394K(183000K)->172394K(183000K) NonClass: 151827K(157004K)->151827K(157004K) Class: 20566K(25996K)->20566K(25996K)
[110.375s][info][gc             ] GC(601) Pause Young (Allocation Failure) 465M->192M(989M) 3.079ms
[110.375s][info][gc,cpu         ] GC(601) User=0.00s Sys=0.00s Real=0.00s
[110.504s][info][gc,start       ] GC(602) Pause Full (System.gc())
[110.506s][info][gc,phases,start] GC(602) Phase 1: Mark live objects
[110.586s][info][gc,phases      ] GC(602) Phase 1: Mark live objects 79.882ms
[110.586s][info][gc,phases,start] GC(602) Phase 2: Compute new object addresses
[110.607s][info][gc,phases      ] GC(602) Phase 2: Compute new object addresses 21.072ms
[110.607s][info][gc,phases,start] GC(602) Phase 3: Adjust pointers
[110.657s][info][gc,phases      ] GC(602) Phase 3: Adjust pointers 49.491ms
[110.657s][info][gc,phases,start] GC(602) Phase 4: Move objects
[110.659s][info][gc,phases      ] GC(602) Phase 4: Move objects 2.466ms
[110.660s][info][gc,heap        ] GC(602) ParNew: 98684K->0K(314560K)
[110.660s][info][gc,heap        ] GC(602) CMS: 186718K->125726K(699072K)
[110.660s][info][gc,metaspace   ] GC(602) Metaspace: 172394K(183000K)->172394K(183000K) NonClass: 151827K(157004K)->151827K(157004K) Class: 20566K(25996K)->20566K(25996K)
[110.661s][info][gc             ] GC(602) Pause Full (System.gc()) 278M->122M(989M) 157.073ms
[110.661s][info][gc,cpu         ] GC(602) User=0.12s Sys=0.00s Real=0.16s
[110.748s][info][gc,start       ] GC(603) Pause Young (Allocation Failure)
[110.748s][info][gc,task        ] GC(603) Using 6 workers of 6 for evacuation
[110.750s][info][gc,heap        ] GC(603) ParNew: 279616K->2511K(314560K)
[110.750s][info][gc,heap        ] GC(603) CMS: 125726K->125726K(699072K)
[110.751s][info][gc,metaspace   ] GC(603) Metaspace: 172404K(183000K)->172404K(183000K) NonClass: 151837K(157004K)->151837K(157004K) Class: 20566K(25996K)->20566K(25996K)
[110.751s][info][gc             ] GC(603) Pause Young (Allocation Failure) 395M->125M(989M) 2.345ms
[110.751s][info][gc,cpu         ] GC(603) User=0.00s Sys=0.00s Real=0.01s
[110.778s][info][gc,start       ] GC(604) Pause Young (Allocation Failure)
[110.778s][info][gc,task        ] GC(604) Using 6 workers of 6 for evacuation
[110.780s][info][gc,heap        ] GC(604) ParNew: 282127K->1442K(314560K)
[110.780s][info][gc,heap        ] GC(604) CMS: 125726K->125726K(699072K)
[110.780s][info][gc,metaspace   ] GC(604) Metaspace: 172404K(183000K)->172404K(183000K) NonClass: 151837K(157004K)->151837K(157004K) Class: 20566K(25996K)->20566K(25996K)
[110.781s][info][gc             ] GC(604) Pause Young (Allocation Failure) 398M->124M(989M) 2.149ms
[110.781s][info][gc,cpu         ] GC(604) User=0.00s Sys=0.00s Real=0.00s
[110.854s][info][gc,start       ] GC(605) Pause Young (Allocation Failure)
[110.855s][info][gc,task        ] GC(605) Using 6 workers of 6 for evacuation
[110.858s][info][gc,heap        ] GC(605) ParNew: 280925K->14209K(314560K)
[110.858s][info][gc,heap        ] GC(605) CMS: 125726K->125726K(699072K)
[110.858s][info][gc,metaspace   ] GC(605) Metaspace: 172404K(183000K)->172404K(183000K) NonClass: 151837K(157004K)->151837K(157004K) Class: 20566K(25996K)->20566K(25996K)
[110.859s][info][gc             ] GC(605) Pause Young (Allocation Failure) 397M->136M(989M) 4.052ms
[110.859s][info][gc,cpu         ] GC(605) User=0.00s Sys=0.00s Real=0.00s
[110.890s][info][gc,start       ] GC(606) Pause Young (Allocation Failure)
[110.890s][info][gc,task        ] GC(606) Using 6 workers of 6 for evacuation
[110.895s][info][gc,heap        ] GC(606) ParNew: 293541K->26039K(314560K)
[110.895s][info][gc,heap        ] GC(606) CMS: 125726K->125726K(699072K)
[110.895s][info][gc,metaspace   ] GC(606) Metaspace: 172404K(183000K)->172404K(183000K) NonClass: 151837K(157004K)->151837K(157004K) Class: 20566K(25996K)->20566K(25996K)
[110.895s][info][gc             ] GC(606) Pause Young (Allocation Failure) 409M->148M(989M) 5.002ms
[110.895s][info][gc,cpu         ] GC(606) User=0.00s Sys=0.00s Real=0.00s
[110.925s][info][gc,start       ] GC(607) Pause Young (Allocation Failure)
[110.925s][info][gc,task        ] GC(607) Using 6 workers of 6 for evacuation
[110.932s][info][gc,heap        ] GC(607) ParNew: 305655K->21686K(314560K)
[110.932s][info][gc,heap        ] GC(607) CMS: 125726K->143798K(699072K)
[110.932s][info][gc,metaspace   ] GC(607) Metaspace: 172404K(183000K)->172404K(183000K) NonClass: 151837K(157004K)->151837K(157004K) Class: 20566K(25996K)->20566K(25996K)
[110.932s][info][gc             ] GC(607) Pause Young (Allocation Failure) 421M->161M(989M) 7.641ms
[110.933s][info][gc,cpu         ] GC(607) User=0.02s Sys=0.00s Real=0.02s
[110.963s][info][gc,start       ] GC(608) Pause Young (Allocation Failure)
[110.964s][info][gc,task        ] GC(608) Using 6 workers of 6 for evacuation
[110.970s][info][gc,heap        ] GC(608) ParNew: 301302K->21645K(314560K)
[110.970s][info][gc,heap        ] GC(608) CMS: 143798K->158158K(699072K)
[110.970s][info][gc,metaspace   ] GC(608) Metaspace: 172404K(183000K)->172404K(183000K) NonClass: 151837K(157004K)->151837K(157004K) Class: 20566K(25996K)->20566K(25996K)
[110.970s][info][gc             ] GC(608) Pause Young (Allocation Failure) 434M->175M(989M) 6.698ms
[110.970s][info][gc,cpu         ] GC(608) User=0.00s Sys=0.00s Real=0.00s
[111.000s][info][gc,start       ] GC(609) Pause Young (Allocation Failure)
[111.001s][info][gc,task        ] GC(609) Using 6 workers of 6 for evacuation
[111.007s][info][gc,heap        ] GC(609) ParNew: 301261K->25178K(314560K)
[111.007s][info][gc,heap        ] GC(609) CMS: 158158K->172715K(699072K)
[111.007s][info][gc,metaspace   ] GC(609) Metaspace: 172404K(183000K)->172404K(183000K) NonClass: 151837K(157004K)->151837K(157004K) Class: 20566K(25996K)->20566K(25996K)
[111.007s][info][gc             ] GC(609) Pause Young (Allocation Failure) 448M->193M(989M) 6.685ms
[111.007s][info][gc,cpu         ] GC(609) User=0.00s Sys=0.00s Real=0.00s
[111.298s][info][gc,start       ] GC(610) Pause Young (Allocation Failure)
[111.298s][info][gc,task        ] GC(610) Using 6 workers of 6 for evacuation
[111.303s][info][gc,heap        ] GC(610) ParNew: 304654K->11948K(314560K)
[111.303s][info][gc,heap        ] GC(610) CMS: 172715K->185032K(699072K)
[111.303s][info][gc,metaspace   ] GC(610) Metaspace: 172404K(183000K)->172404K(183000K) NonClass: 151837K(157004K)->151837K(157004K) Class: 20566K(25996K)->20566K(25996K)
[111.303s][info][gc             ] GC(610) Pause Young (Allocation Failure) 466M->192M(989M) 5.008ms
[111.303s][info][gc,cpu         ] GC(610) User=0.00s Sys=0.00s Real=0.00s
[111.669s][info][gc,start       ] GC(611) Pause Young (Allocation Failure)
[111.669s][info][gc,task        ] GC(611) Using 6 workers of 6 for evacuation
[111.672s][info][gc,heap        ] GC(611) ParNew: 291564K->14103K(314560K)
[111.672s][info][gc,heap        ] GC(611) CMS: 185032K->185032K(699072K)
[111.672s][info][gc,metaspace   ] GC(611) Metaspace: 172404K(183000K)->172404K(183000K) NonClass: 151837K(157004K)->151837K(157004K) Class: 20566K(25996K)->20566K(25996K)
[111.672s][info][gc             ] GC(611) Pause Young (Allocation Failure) 465M->194M(989M) 2.926ms
[111.672s][info][gc,cpu         ] GC(611) User=0.00s Sys=0.00s Real=0.00s
[112.028s][info][gc,start       ] GC(612) Pause Young (Allocation Failure)
[112.028s][info][gc,task        ] GC(612) Using 6 workers of 6 for evacuation
[112.031s][info][gc,heap        ] GC(612) ParNew: 289637K->9259K(314560K)
[112.031s][info][gc,heap        ] GC(612) CMS: 185032K->185032K(699072K)
[112.031s][info][gc,metaspace   ] GC(612) Metaspace: 172404K(183000K)->172404K(183000K) NonClass: 151837K(157004K)->151837K(157004K) Class: 20566K(25996K)->20566K(25996K)
[112.031s][info][gc             ] GC(612) Pause Young (Allocation Failure) 463M->189M(989M) 3.220ms
[112.031s][info][gc,cpu         ] GC(612) User=0.02s Sys=0.00s Real=0.02s
[112.167s][info][gc,start       ] GC(613) Pause Full (System.gc())
[112.170s][info][gc,phases,start] GC(613) Phase 1: Mark live objects
[112.251s][info][gc,phases      ] GC(613) Phase 1: Mark live objects 80.869ms
[112.251s][info][gc,phases,start] GC(613) Phase 2: Compute new object addresses
[112.272s][info][gc,phases      ] GC(613) Phase 2: Compute new object addresses 20.977ms
[112.272s][info][gc,phases,start] GC(613) Phase 3: Adjust pointers
[112.320s][info][gc,phases      ] GC(613) Phase 3: Adjust pointers 47.535ms
[112.320s][info][gc,phases,start] GC(613) Phase 4: Move objects
[112.322s][info][gc,phases      ] GC(613) Phase 4: Move objects 2.312ms
[112.323s][info][gc,heap        ] GC(613) ParNew: 102392K->0K(314560K)
[112.323s][info][gc,heap        ] GC(613) CMS: 185032K->126082K(699072K)
[112.323s][info][gc,metaspace   ] GC(613) Metaspace: 172407K(183000K)->172407K(183000K) NonClass: 151840K(157004K)->151840K(157004K) Class: 20566K(25996K)->20566K(25996K)
[112.323s][info][gc             ] GC(613) Pause Full (System.gc()) 280M->123M(989M) 155.646ms
[112.323s][info][gc,cpu         ] GC(613) User=0.14s Sys=0.00s Real=0.16s
[112.394s][info][gc,start       ] GC(614) Pause Young (Allocation Failure)
[112.394s][info][gc,task        ] GC(614) Using 6 workers of 6 for evacuation
[112.396s][info][gc,heap        ] GC(614) ParNew: 279616K->2659K(314560K)
[112.396s][info][gc,heap        ] GC(614) CMS: 126082K->126082K(699072K)
[112.396s][info][gc,metaspace   ] GC(614) Metaspace: 172433K(183000K)->172433K(183000K) NonClass: 151867K(157004K)->151867K(157004K) Class: 20566K(25996K)->20566K(25996K)
[112.396s][info][gc             ] GC(614) Pause Young (Allocation Failure) 396M->125M(989M) 2.202ms
[112.396s][info][gc,cpu         ] GC(614) User=0.00s Sys=0.00s Real=0.00s
[112.424s][info][gc,start       ] GC(615) Pause Young (Allocation Failure)
[112.424s][info][gc,task        ] GC(615) Using 6 workers of 6 for evacuation
[112.426s][info][gc,heap        ] GC(615) ParNew: 282275K->1677K(314560K)
[112.426s][info][gc,heap        ] GC(615) CMS: 126082K->126082K(699072K)
[112.426s][info][gc,metaspace   ] GC(615) Metaspace: 172433K(183000K)->172433K(183000K) NonClass: 151867K(157004K)->151867K(157004K) Class: 20566K(25996K)->20566K(25996K)
[112.426s][info][gc             ] GC(615) Pause Young (Allocation Failure) 398M->124M(989M) 2.013ms
[112.426s][info][gc,cpu         ] GC(615) User=0.00s Sys=0.00s Real=0.00s
[112.499s][info][gc,start       ] GC(616) Pause Young (Allocation Failure)
[112.499s][info][gc,task        ] GC(616) Using 6 workers of 6 for evacuation
[112.503s][info][gc,heap        ] GC(616) ParNew: 281293K->13411K(314560K)
[112.503s][info][gc,heap        ] GC(616) CMS: 126082K->126082K(699072K)
[112.503s][info][gc,metaspace   ] GC(616) Metaspace: 172433K(183000K)->172433K(183000K) NonClass: 151867K(157004K)->151867K(157004K) Class: 20566K(25996K)->20566K(25996K)
[112.503s][info][gc             ] GC(616) Pause Young (Allocation Failure) 397M->136M(989M) 4.026ms
[112.503s][info][gc,cpu         ] GC(616) User=0.02s Sys=0.00s Real=0.01s
[112.535s][info][gc,start       ] GC(617) Pause Young (Allocation Failure)
[112.535s][info][gc,task        ] GC(617) Using 6 workers of 6 for evacuation
[112.539s][info][gc,heap        ] GC(617) ParNew: 293027K->23682K(314560K)
[112.539s][info][gc,heap        ] GC(617) CMS: 126082K->126082K(699072K)
[112.539s][info][gc,metaspace   ] GC(617) Metaspace: 172433K(183000K)->172433K(183000K) NonClass: 151867K(157004K)->151867K(157004K) Class: 20566K(25996K)->20566K(25996K)
[112.540s][info][gc             ] GC(617) Pause Young (Allocation Failure) 409M->146M(989M) 4.683ms
[112.540s][info][gc,cpu         ] GC(617) User=0.00s Sys=0.00s Real=0.00s
[112.570s][info][gc,start       ] GC(618) Pause Young (Allocation Failure)
[112.570s][info][gc,task        ] GC(618) Using 6 workers of 6 for evacuation
[112.577s][info][gc,heap        ] GC(618) ParNew: 303298K->18966K(314560K)
[112.577s][info][gc,heap        ] GC(618) CMS: 126082K->146215K(699072K)
[112.577s][info][gc,metaspace   ] GC(618) Metaspace: 172433K(183000K)->172433K(183000K) NonClass: 151867K(157004K)->151867K(157004K) Class: 20566K(25996K)->20566K(25996K)
[112.577s][info][gc             ] GC(618) Pause Young (Allocation Failure) 419M->161M(989M) 7.084ms
[112.577s][info][gc,cpu         ] GC(618) User=0.00s Sys=0.00s Real=0.00s
[112.608s][info][gc,start       ] GC(619) Pause Young (Allocation Failure)
[112.608s][info][gc,task        ] GC(619) Using 6 workers of 6 for evacuation
[112.615s][info][gc,heap        ] GC(619) ParNew: 298582K->34433K(314560K)
[112.615s][info][gc,heap        ] GC(619) CMS: 146215K->146215K(699072K)
[112.615s][info][gc,metaspace   ] GC(619) Metaspace: 172433K(183000K)->172433K(183000K) NonClass: 151867K(157004K)->151867K(157004K) Class: 20566K(25996K)->20566K(25996K)
[112.615s][info][gc             ] GC(619) Pause Young (Allocation Failure) 434M->176M(989M) 6.267ms
[112.615s][info][gc,cpu         ] GC(619) User=0.02s Sys=0.00s Real=0.02s
[112.647s][info][gc,start       ] GC(620) Pause Young (Allocation Failure)
[112.647s][info][gc,task        ] GC(620) Using 6 workers of 6 for evacuation
[112.656s][info][gc,heap        ] GC(620) ParNew: 314049K->24239K(314560K)
[112.656s][info][gc,heap        ] GC(620) CMS: 146215K->172071K(699072K)
[112.656s][info][gc,metaspace   ] GC(620) Metaspace: 172433K(183000K)->172433K(183000K) NonClass: 151867K(157004K)->151867K(157004K) Class: 20566K(25996K)->20566K(25996K)
[112.656s][info][gc             ] GC(620) Pause Young (Allocation Failure) 449M->191M(989M) 9.313ms
[112.656s][info][gc,cpu         ] GC(620) User=0.02s Sys=0.00s Real=0.01s
[112.955s][info][gc,start       ] GC(621) Pause Young (Allocation Failure)
[112.955s][info][gc,task        ] GC(621) Using 6 workers of 6 for evacuation
[112.960s][info][gc,heap        ] GC(621) ParNew: 303855K->12830K(314560K)
[112.960s][info][gc,heap        ] GC(621) CMS: 172071K->186423K(699072K)
[112.960s][info][gc,metaspace   ] GC(621) Metaspace: 172433K(183000K)->172433K(183000K) NonClass: 151867K(157004K)->151867K(157004K) Class: 20566K(25996K)->20566K(25996K)
[112.960s][info][gc             ] GC(621) Pause Young (Allocation Failure) 464M->194M(989M) 5.010ms
[112.960s][info][gc,cpu         ] GC(621) User=0.00s Sys=0.00s Real=0.00s
[113.305s][info][gc,start       ] GC(622) Pause Young (Allocation Failure)
[113.305s][info][gc,task        ] GC(622) Using 6 workers of 6 for evacuation
[113.308s][info][gc,heap        ] GC(622) ParNew: 290673K->9946K(314560K)
[113.308s][info][gc,heap        ] GC(622) CMS: 186423K->186423K(699072K)
[113.308s][info][gc,metaspace   ] GC(622) Metaspace: 172433K(183000K)->172433K(183000K) NonClass: 151867K(157004K)->151867K(157004K) Class: 20566K(25996K)->20566K(25996K)
[113.308s][info][gc             ] GC(622) Pause Young (Allocation Failure) 465M->191M(989M) 2.645ms
[113.308s][info][gc,cpu         ] GC(622) User=0.00s Sys=0.00s Real=0.00s
[113.664s][info][gc,start       ] GC(623) Pause Young (Allocation Failure)
[113.664s][info][gc,task        ] GC(623) Using 6 workers of 6 for evacuation
[113.667s][info][gc,heap        ] GC(623) ParNew: 288886K->10501K(314560K)
[113.668s][info][gc,heap        ] GC(623) CMS: 186423K->186423K(699072K)
[113.668s][info][gc,metaspace   ] GC(623) Metaspace: 172433K(183000K)->172433K(183000K) NonClass: 151867K(157004K)->151867K(157004K) Class: 20566K(25996K)->20566K(25996K)
[113.668s][info][gc             ] GC(623) Pause Young (Allocation Failure) 464M->192M(989M) 3.256ms
[113.668s][info][gc,cpu         ] GC(623) User=0.00s Sys=0.00s Real=0.01s
[113.804s][info][gc,start       ] GC(624) Pause Full (System.gc())
[113.806s][info][gc,phases,start] GC(624) Phase 1: Mark live objects
[113.885s][info][gc,phases      ] GC(624) Phase 1: Mark live objects 78.542ms
[113.885s][info][gc,phases,start] GC(624) Phase 2: Compute new object addresses
[113.906s][info][gc,phases      ] GC(624) Phase 2: Compute new object addresses 21.131ms
[113.906s][info][gc,phases,start] GC(624) Phase 3: Adjust pointers
[113.954s][info][gc,phases      ] GC(624) Phase 3: Adjust pointers 47.544ms
[113.954s][info][gc,phases,start] GC(624) Phase 4: Move objects
[113.956s][info][gc,phases      ] GC(624) Phase 4: Move objects 2.288ms
[113.957s][info][gc,heap        ] GC(624) ParNew: 106886K->0K(314560K)
[113.957s][info][gc,heap        ] GC(624) CMS: 186423K->125818K(699072K)
[113.957s][info][gc,metaspace   ] GC(624) Metaspace: 172454K(183000K)->172454K(183000K) NonClass: 151888K(157004K)->151888K(157004K) Class: 20566K(25996K)->20566K(25996K)
[113.957s][info][gc             ] GC(624) Pause Full (System.gc()) 286M->122M(989M) 153.414ms
[113.957s][info][gc,cpu         ] GC(624) User=0.14s Sys=0.00s Real=0.16s
[114.025s][info][gc,start       ] GC(625) Pause Young (Allocation Failure)
[114.025s][info][gc,task        ] GC(625) Using 6 workers of 6 for evacuation
[114.027s][info][gc,heap        ] GC(625) ParNew: 279616K->2820K(314560K)
[114.027s][info][gc,heap        ] GC(625) CMS: 125818K->125818K(699072K)
[114.027s][info][gc,metaspace   ] GC(625) Metaspace: 172454K(183000K)->172454K(183000K) NonClass: 151888K(157004K)->151888K(157004K) Class: 20566K(25996K)->20566K(25996K)
[114.027s][info][gc             ] GC(625) Pause Young (Allocation Failure) 395M->125M(989M) 2.170ms
[114.027s][info][gc,cpu         ] GC(625) User=0.00s Sys=0.00s Real=0.00s
[114.055s][info][gc,start       ] GC(626) Pause Young (Allocation Failure)
[114.055s][info][gc,task        ] GC(626) Using 6 workers of 6 for evacuation
[114.057s][info][gc,heap        ] GC(626) ParNew: 282436K->1739K(314560K)
[114.057s][info][gc,heap        ] GC(626) CMS: 125818K->125818K(699072K)
[114.057s][info][gc,metaspace   ] GC(626) Metaspace: 172454K(183000K)->172454K(183000K) NonClass: 151888K(157004K)->151888K(157004K) Class: 20566K(25996K)->20566K(25996K)
[114.057s][info][gc             ] GC(626) Pause Young (Allocation Failure) 398M->124M(989M) 2.076ms
[114.057s][info][gc,cpu         ] GC(626) User=0.00s Sys=0.00s Real=0.01s
[114.132s][info][gc,start       ] GC(627) Pause Young (Allocation Failure)
[114.132s][info][gc,task        ] GC(627) Using 6 workers of 6 for evacuation
[114.136s][info][gc,heap        ] GC(627) ParNew: 281355K->14963K(314560K)
[114.136s][info][gc,heap        ] GC(627) CMS: 125818K->125818K(699072K)
[114.136s][info][gc,metaspace   ] GC(627) Metaspace: 172454K(183000K)->172454K(183000K) NonClass: 151888K(157004K)->151888K(157004K) Class: 20566K(25996K)->20566K(25996K)
[114.136s][info][gc             ] GC(627) Pause Young (Allocation Failure) 397M->137M(989M) 4.115ms
[114.136s][info][gc,cpu         ] GC(627) User=0.00s Sys=0.00s Real=0.00s
[114.166s][info][gc,start       ] GC(628) Pause Young (Allocation Failure)
[114.167s][info][gc,task        ] GC(628) Using 6 workers of 6 for evacuation
[114.172s][info][gc,heap        ] GC(628) ParNew: 294579K->26748K(314560K)
[114.172s][info][gc,heap        ] GC(628) CMS: 125818K->125818K(699072K)
[114.172s][info][gc,metaspace   ] GC(628) Metaspace: 172454K(183000K)->172454K(183000K) NonClass: 151888K(157004K)->151888K(157004K) Class: 20566K(25996K)->20566K(25996K)
[114.172s][info][gc             ] GC(628) Pause Young (Allocation Failure) 410M->148M(989M) 5.282ms
[114.172s][info][gc,cpu         ] GC(628) User=0.02s Sys=0.00s Real=0.01s
[114.202s][info][gc,start       ] GC(629) Pause Young (Allocation Failure)
[114.202s][info][gc,task        ] GC(629) Using 6 workers of 6 for evacuation
[114.209s][info][gc,heap        ] GC(629) ParNew: 306364K->24079K(314560K)
[114.209s][info][gc,heap        ] GC(629) CMS: 125818K->144292K(699072K)
[114.209s][info][gc,metaspace   ] GC(629) Metaspace: 172454K(183000K)->172454K(183000K) NonClass: 151888K(157004K)->151888K(157004K) Class: 20566K(25996K)->20566K(25996K)
[114.210s][info][gc             ] GC(629) Pause Young (Allocation Failure) 422M->164M(989M) 7.307ms
[114.210s][info][gc,cpu         ] GC(629) User=0.00s Sys=0.00s Real=0.00s
[114.241s][info][gc,start       ] GC(630) Pause Young (Allocation Failure)
[114.241s][info][gc,task        ] GC(630) Using 6 workers of 6 for evacuation
[114.247s][info][gc,heap        ] GC(630) ParNew: 303695K->21036K(314560K)
[114.247s][info][gc,heap        ] GC(630) CMS: 144292K->158305K(699072K)
[114.247s][info][gc,metaspace   ] GC(630) Metaspace: 172454K(183000K)->172454K(183000K) NonClass: 151888K(157004K)->151888K(157004K) Class: 20566K(25996K)->20566K(25996K)
[114.247s][info][gc             ] GC(630) Pause Young (Allocation Failure) 437M->175M(989M) 6.215ms
[114.247s][info][gc,cpu         ] GC(630) User=0.00s Sys=0.00s Real=0.00s
[114.277s][info][gc,start       ] GC(631) Pause Young (Allocation Failure)
[114.277s][info][gc,task        ] GC(631) Using 6 workers of 6 for evacuation
[114.284s][info][gc,heap        ] GC(631) ParNew: 300652K->28464K(314560K)
[114.284s][info][gc,heap        ] GC(631) CMS: 158305K->172192K(699072K)
[114.284s][info][gc,metaspace   ] GC(631) Metaspace: 172454K(183000K)->172454K(183000K) NonClass: 151888K(157004K)->151888K(157004K) Class: 20566K(25996K)->20566K(25996K)
[114.284s][info][gc             ] GC(631) Pause Young (Allocation Failure) 448M->195M(989M) 6.971ms
[114.284s][info][gc,cpu         ] GC(631) User=0.02s Sys=0.00s Real=0.02s
[114.574s][info][gc,start       ] GC(632) Pause Young (Allocation Failure)
[114.574s][info][gc,task        ] GC(632) Using 6 workers of 6 for evacuation
[114.579s][info][gc,heap        ] GC(632) ParNew: 308048K->16135K(314560K)
[114.579s][info][gc,heap        ] GC(632) CMS: 172192K->185183K(699072K)
[114.579s][info][gc,metaspace   ] GC(632) Metaspace: 172454K(183000K)->172454K(183000K) NonClass: 151888K(157004K)->151888K(157004K) Class: 20566K(25996K)->20566K(25996K)
[114.579s][info][gc             ] GC(632) Pause Young (Allocation Failure) 468M->196M(989M) 4.765ms
[114.579s][info][gc,cpu         ] GC(632) User=0.00s Sys=0.00s Real=0.02s
[114.942s][info][gc,start       ] GC(633) Pause Young (Allocation Failure)
[114.943s][info][gc,task        ] GC(633) Using 6 workers of 6 for evacuation
[114.946s][info][gc,heap        ] GC(633) ParNew: 295751K->11545K(314560K)
[114.946s][info][gc,heap        ] GC(633) CMS: 185183K->185183K(699072K)
[114.946s][info][gc,metaspace   ] GC(633) Metaspace: 172454K(183000K)->172454K(183000K) NonClass: 151888K(157004K)->151888K(157004K) Class: 20566K(25996K)->20566K(25996K)
[114.946s][info][gc             ] GC(633) Pause Young (Allocation Failure) 469M->192M(989M) 3.753ms
[114.946s][info][gc,cpu         ] GC(633) User=0.00s Sys=0.00s Real=0.00s
[115.301s][info][gc,start       ] GC(634) Pause Young (Allocation Failure)
[115.301s][info][gc,task        ] GC(634) Using 6 workers of 6 for evacuation
[115.304s][info][gc,heap        ] GC(634) ParNew: 287471K->10216K(314560K)
[115.304s][info][gc,heap        ] GC(634) CMS: 185183K->185183K(699072K)
[115.304s][info][gc,metaspace   ] GC(634) Metaspace: 172454K(183000K)->172454K(183000K) NonClass: 151888K(157004K)->151888K(157004K) Class: 20566K(25996K)->20566K(25996K)
[115.304s][info][gc             ] GC(634) Pause Young (Allocation Failure) 461M->190M(989M) 2.943ms
[115.304s][info][gc,cpu         ] GC(634) User=0.00s Sys=0.00s Real=0.00s
[115.445s][info][gc,start       ] GC(635) Pause Full (System.gc())
[115.448s][info][gc,phases,start] GC(635) Phase 1: Mark live objects
[115.527s][info][gc,phases      ] GC(635) Phase 1: Mark live objects 78.803ms
[115.527s][info][gc,phases,start] GC(635) Phase 2: Compute new object addresses
[115.548s][info][gc,phases      ] GC(635) Phase 2: Compute new object addresses 20.981ms
[115.548s][info][gc,phases,start] GC(635) Phase 3: Adjust pointers
[115.594s][info][gc,phases      ] GC(635) Phase 3: Adjust pointers 46.685ms
[115.594s][info][gc,phases,start] GC(635) Phase 4: Move objects
[115.597s][info][gc,phases      ] GC(635) Phase 4: Move objects 2.306ms
[115.598s][info][gc,heap        ] GC(635) ParNew: 103580K->0K(314560K)
[115.598s][info][gc,heap        ] GC(635) CMS: 185183K->126075K(699072K)
[115.598s][info][gc,metaspace   ] GC(635) Metaspace: 172459K(183256K)->172459K(183256K) NonClass: 151892K(157260K)->151892K(157260K) Class: 20566K(25996K)->20566K(25996K)
[115.598s][info][gc             ] GC(635) Pause Full (System.gc()) 281M->123M(989M) 152.488ms
[115.598s][info][gc,cpu         ] GC(635) User=0.14s Sys=0.00s Real=0.14s
[115.674s][info][gc,start       ] GC(636) Pause Young (Allocation Failure)
[115.675s][info][gc,task        ] GC(636) Using 6 workers of 6 for evacuation
[115.677s][info][gc,heap        ] GC(636) ParNew: 279616K->3206K(314560K)
[115.677s][info][gc,heap        ] GC(636) CMS: 126075K->126075K(699072K)
[115.677s][info][gc,metaspace   ] GC(636) Metaspace: 172460K(183256K)->172460K(183256K) NonClass: 151893K(157260K)->151893K(157260K) Class: 20566K(25996K)->20566K(25996K)
[115.677s][info][gc             ] GC(636) Pause Young (Allocation Failure) 396M->126M(989M) 2.764ms
[115.677s][info][gc,cpu         ] GC(636) User=0.00s Sys=0.00s Real=0.00s
[115.706s][info][gc,start       ] GC(637) Pause Young (Allocation Failure)
[115.706s][info][gc,task        ] GC(637) Using 6 workers of 6 for evacuation
[115.708s][info][gc,heap        ] GC(637) ParNew: 282822K->1839K(314560K)
[115.708s][info][gc,heap        ] GC(637) CMS: 126075K->126075K(699072K)
[115.708s][info][gc,metaspace   ] GC(637) Metaspace: 172460K(183256K)->172460K(183256K) NonClass: 151893K(157260K)->151893K(157260K) Class: 20566K(25996K)->20566K(25996K)
[115.708s][info][gc             ] GC(637) Pause Young (Allocation Failure) 399M->124M(989M) 2.270ms
[115.708s][info][gc,cpu         ] GC(637) User=0.00s Sys=0.00s Real=0.00s
[115.795s][info][gc,start       ] GC(638) Pause Young (Allocation Failure)
[115.796s][info][gc,task        ] GC(638) Using 6 workers of 6 for evacuation
[115.800s][info][gc,heap        ] GC(638) ParNew: 281455K->13765K(314560K)
[115.800s][info][gc,heap        ] GC(638) CMS: 126075K->126075K(699072K)
[115.800s][info][gc,metaspace   ] GC(638) Metaspace: 172460K(183256K)->172460K(183256K) NonClass: 151893K(157260K)->151893K(157260K) Class: 20566K(25996K)->20566K(25996K)
[115.800s][info][gc             ] GC(638) Pause Young (Allocation Failure) 397M->136M(989M) 4.199ms
[115.800s][info][gc,cpu         ] GC(638) User=0.00s Sys=0.00s Real=0.00s
[115.832s][info][gc,start       ] GC(639) Pause Young (Allocation Failure)
[115.832s][info][gc,task        ] GC(639) Using 6 workers of 6 for evacuation
[115.837s][info][gc,heap        ] GC(639) ParNew: 293381K->26986K(314560K)
[115.837s][info][gc,heap        ] GC(639) CMS: 126075K->126075K(699072K)
[115.837s][info][gc,metaspace   ] GC(639) Metaspace: 172460K(183256K)->172460K(183256K) NonClass: 151893K(157260K)->151893K(157260K) Class: 20566K(25996K)->20566K(25996K)
[115.837s][info][gc             ] GC(639) Pause Young (Allocation Failure) 409M->149M(989M) 5.512ms
[115.837s][info][gc,cpu         ] GC(639) User=0.02s Sys=0.00s Real=0.01s
[115.867s][info][gc,start       ] GC(640) Pause Young (Allocation Failure)
[115.867s][info][gc,task        ] GC(640) Using 6 workers of 6 for evacuation
[115.875s][info][gc,heap        ] GC(640) ParNew: 305813K->28637K(314560K)
[115.875s][info][gc,heap        ] GC(640) CMS: 126075K->143134K(699072K)
[115.875s][info][gc,metaspace   ] GC(640) Metaspace: 172460K(183256K)->172460K(183256K) NonClass: 151893K(157260K)->151893K(157260K) Class: 20566K(25996K)->20566K(25996K)
[115.875s][info][gc             ] GC(640) Pause Young (Allocation Failure) 421M->167M(989M) 7.846ms
[115.875s][info][gc,cpu         ] GC(640) User=0.00s Sys=0.00s Real=0.00s
[115.906s][info][gc,start       ] GC(641) Pause Young (Allocation Failure)
[115.906s][info][gc,task        ] GC(641) Using 6 workers of 6 for evacuation
[115.912s][info][gc,heap        ] GC(641) ParNew: 308253K->29064K(314560K)
[115.912s][info][gc,heap        ] GC(641) CMS: 143134K->156466K(699072K)
[115.912s][info][gc,metaspace   ] GC(641) Metaspace: 172460K(183256K)->172460K(183256K) NonClass: 151893K(157260K)->151893K(157260K) Class: 20566K(25996K)->20566K(25996K)
[115.912s][info][gc             ] GC(641) Pause Young (Allocation Failure) 440M->181M(989M) 6.480ms
[115.912s][info][gc,cpu         ] GC(641) User=0.00s Sys=0.00s Real=0.00s
[115.943s][info][gc,start       ] GC(642) Pause Young (Allocation Failure)
[115.943s][info][gc,task        ] GC(642) Using 6 workers of 6 for evacuation
[115.949s][info][gc,heap        ] GC(642) ParNew: 308680K->20076K(314560K)
[115.949s][info][gc,heap        ] GC(642) CMS: 156466K->172045K(699072K)
[115.949s][info][gc,metaspace   ] GC(642) Metaspace: 172460K(183256K)->172460K(183256K) NonClass: 151893K(157260K)->151893K(157260K) Class: 20566K(25996K)->20566K(25996K)
[115.949s][info][gc             ] GC(642) Pause Young (Allocation Failure) 454M->187M(989M) 6.209ms
[115.949s][info][gc,cpu         ] GC(642) User=0.02s Sys=0.00s Real=0.02s
[116.256s][info][gc,start       ] GC(643) Pause Young (Allocation Failure)
[116.256s][info][gc,task        ] GC(643) Using 6 workers of 6 for evacuation
[116.261s][info][gc,heap        ] GC(643) ParNew: 297658K->22680K(314560K)
[116.261s][info][gc,heap        ] GC(643) CMS: 172045K->172045K(699072K)
[116.261s][info][gc,metaspace   ] GC(643) Metaspace: 172460K(183256K)->172460K(183256K) NonClass: 151893K(157260K)->151893K(157260K) Class: 20566K(25996K)->20566K(25996K)
[116.261s][info][gc             ] GC(643) Pause Young (Allocation Failure) 458M->190M(989M) 4.551ms
[116.261s][info][gc,cpu         ] GC(643) User=0.02s Sys=0.00s Real=0.02s
[116.606s][info][gc,start       ] GC(644) Pause Young (Allocation Failure)
[116.606s][info][gc,task        ] GC(644) Using 6 workers of 6 for evacuation
[116.610s][info][gc,heap        ] GC(644) ParNew: 302296K->13060K(314560K)
[116.611s][info][gc,heap        ] GC(644) CMS: 172045K->187846K(699072K)
[116.611s][info][gc,metaspace   ] GC(644) Metaspace: 172467K(183256K)->172467K(183256K) NonClass: 151900K(157260K)->151900K(157260K) Class: 20566K(25996K)->20566K(25996K)
[116.611s][info][gc             ] GC(644) Pause Young (Allocation Failure) 463M->196M(989M) 4.727ms
[116.611s][info][gc,cpu         ] GC(644) User=0.00s Sys=0.00s Real=0.00s
[116.948s][info][gc,start       ] GC(645) Pause Young (Allocation Failure)
[116.948s][info][gc,task        ] GC(645) Using 6 workers of 6 for evacuation
[116.951s][info][gc,heap        ] GC(645) ParNew: 289223K->9639K(314560K)
[116.951s][info][gc,heap        ] GC(645) CMS: 187846K->187846K(699072K)
[116.951s][info][gc,metaspace   ] GC(645) Metaspace: 172467K(183256K)->172467K(183256K) NonClass: 151900K(157260K)->151900K(157260K) Class: 20566K(25996K)->20566K(25996K)
[116.951s][info][gc             ] GC(645) Pause Young (Allocation Failure) 465M->192M(989M) 3.026ms
[116.951s][info][gc,cpu         ] GC(645) User=0.00s Sys=0.00s Real=0.00s
[117.108s][info][gc,start       ] GC(646) Pause Full (System.gc())
[117.111s][info][gc,phases,start] GC(646) Phase 1: Mark live objects
[117.190s][info][gc,phases      ] GC(646) Phase 1: Mark live objects 79.303ms
[117.190s][info][gc,phases,start] GC(646) Phase 2: Compute new object addresses
[117.212s][info][gc,phases      ] GC(646) Phase 2: Compute new object addresses 21.373ms
[117.212s][info][gc,phases,start] GC(646) Phase 3: Adjust pointers
[117.260s][info][gc,phases      ] GC(646) Phase 3: Adjust pointers 48.142ms
[117.260s][info][gc,phases,start] GC(646) Phase 4: Move objects
[117.270s][info][gc,phases      ] GC(646) Phase 4: Move objects 10.242ms
[117.271s][info][gc,heap        ] GC(646) ParNew: 111264K->0K(314560K)
[117.271s][info][gc,heap        ] GC(646) CMS: 187846K->125850K(699072K)
[117.271s][info][gc,metaspace   ] GC(646) Metaspace: 172488K(183256K)->172488K(183256K) NonClass: 151921K(157260K)->151921K(157260K) Class: 20566K(25996K)->20566K(25996K)
[117.271s][info][gc             ] GC(646) Pause Full (System.gc()) 292M->122M(989M) 163.104ms
[117.271s][info][gc,cpu         ] GC(646) User=0.16s Sys=0.00s Real=0.17s
[117.342s][info][gc,start       ] GC(647) Pause Young (Allocation Failure)
[117.342s][info][gc,task        ] GC(647) Using 6 workers of 6 for evacuation
[117.346s][info][gc,heap        ] GC(647) ParNew: 279616K->2691K(314560K)
[117.346s][info][gc,heap        ] GC(647) CMS: 125850K->125850K(699072K)
[117.346s][info][gc,metaspace   ] GC(647) Metaspace: 172488K(183256K)->172488K(183256K) NonClass: 151921K(157260K)->151921K(157260K) Class: 20566K(25996K)->20566K(25996K)
[117.346s][info][gc             ] GC(647) Pause Young (Allocation Failure) 395M->125M(989M) 3.518ms
[117.346s][info][gc,cpu         ] GC(647) User=0.02s Sys=0.00s Real=0.02s
[117.373s][info][gc,start       ] GC(648) Pause Young (Allocation Failure)
[117.374s][info][gc,task        ] GC(648) Using 6 workers of 6 for evacuation
[117.375s][info][gc,heap        ] GC(648) ParNew: 282307K->1504K(314560K)
[117.375s][info][gc,heap        ] GC(648) CMS: 125850K->125850K(699072K)
[117.375s][info][gc,metaspace   ] GC(648) Metaspace: 172488K(183256K)->172488K(183256K) NonClass: 151921K(157260K)->151921K(157260K) Class: 20566K(25996K)->20566K(25996K)
[117.375s][info][gc             ] GC(648) Pause Young (Allocation Failure) 398M->124M(989M) 2.025ms
[117.376s][info][gc,cpu         ] GC(648) User=0.00s Sys=0.00s Real=0.00s
[117.450s][info][gc,start       ] GC(649) Pause Young (Allocation Failure)
[117.451s][info][gc,task        ] GC(649) Using 6 workers of 6 for evacuation
[117.454s][info][gc,heap        ] GC(649) ParNew: 281120K->12756K(314560K)
[117.454s][info][gc,heap        ] GC(649) CMS: 125850K->125850K(699072K)
[117.454s][info][gc,metaspace   ] GC(649) Metaspace: 172488K(183256K)->172488K(183256K) NonClass: 151921K(157260K)->151921K(157260K) Class: 20566K(25996K)->20566K(25996K)
[117.454s][info][gc             ] GC(649) Pause Young (Allocation Failure) 397M->135M(989M) 3.792ms
[117.454s][info][gc,cpu         ] GC(649) User=0.00s Sys=0.00s Real=0.00s
[117.485s][info][gc,start       ] GC(650) Pause Young (Allocation Failure)
[117.485s][info][gc,task        ] GC(650) Using 6 workers of 6 for evacuation
[117.490s][info][gc,heap        ] GC(650) ParNew: 292372K->25109K(314560K)
[117.491s][info][gc,heap        ] GC(650) CMS: 125850K->125850K(699072K)
[117.491s][info][gc,metaspace   ] GC(650) Metaspace: 172488K(183256K)->172488K(183256K) NonClass: 151921K(157260K)->151921K(157260K) Class: 20566K(25996K)->20566K(25996K)
[117.491s][info][gc             ] GC(650) Pause Young (Allocation Failure) 408M->147M(989M) 5.268ms
[117.491s][info][gc,cpu         ] GC(650) User=0.02s Sys=0.00s Real=0.02s
[117.521s][info][gc,start       ] GC(651) Pause Young (Allocation Failure)
[117.521s][info][gc,task        ] GC(651) Using 6 workers of 6 for evacuation
[117.529s][info][gc,heap        ] GC(651) ParNew: 304725K->20889K(314560K)
[117.529s][info][gc,heap        ] GC(651) CMS: 125850K->143982K(699072K)
[117.529s][info][gc,metaspace   ] GC(651) Metaspace: 172488K(183256K)->172488K(183256K) NonClass: 151921K(157260K)->151921K(157260K) Class: 20566K(25996K)->20566K(25996K)
[117.529s][info][gc             ] GC(651) Pause Young (Allocation Failure) 420M->161M(989M) 7.911ms
[117.529s][info][gc,cpu         ] GC(651) User=0.00s Sys=0.00s Real=0.00s
[117.560s][info][gc,start       ] GC(652) Pause Young (Allocation Failure)
[117.560s][info][gc,task        ] GC(652) Using 6 workers of 6 for evacuation
[117.566s][info][gc,heap        ] GC(652) ParNew: 300505K->19184K(314560K)
[117.566s][info][gc,heap        ] GC(652) CMS: 143982K->158343K(699072K)
[117.566s][info][gc,metaspace   ] GC(652) Metaspace: 172488K(183256K)->172488K(183256K) NonClass: 151921K(157260K)->151921K(157260K) Class: 20566K(25996K)->20566K(25996K)
[117.566s][info][gc             ] GC(652) Pause Young (Allocation Failure) 434M->173M(989M) 6.289ms
[117.566s][info][gc,cpu         ] GC(652) User=0.02s Sys=0.00s Real=0.02s
[117.596s][info][gc,start       ] GC(653) Pause Young (Allocation Failure)
[117.596s][info][gc,task        ] GC(653) Using 6 workers of 6 for evacuation
[117.602s][info][gc,heap        ] GC(653) ParNew: 298800K->20781K(314560K)
[117.602s][info][gc,heap        ] GC(653) CMS: 158343K->172905K(699072K)
[117.602s][info][gc,metaspace   ] GC(653) Metaspace: 172488K(183256K)->172488K(183256K) NonClass: 151921K(157260K)->151921K(157260K) Class: 20566K(25996K)->20566K(25996K)
[117.602s][info][gc             ] GC(653) Pause Young (Allocation Failure) 446M->189M(989M) 6.255ms
[117.602s][info][gc,cpu         ] GC(653) User=0.00s Sys=0.02s Real=0.02s
[117.904s][info][gc,start       ] GC(654) Pause Young (Allocation Failure)
[117.904s][info][gc,task        ] GC(654) Using 6 workers of 6 for evacuation
[117.909s][info][gc,heap        ] GC(654) ParNew: 300372K->12744K(314560K)
[117.909s][info][gc,heap        ] GC(654) CMS: 172905K->186664K(699072K)
[117.909s][info][gc,metaspace   ] GC(654) Metaspace: 172488K(183256K)->172488K(183256K) NonClass: 151921K(157260K)->151921K(157260K) Class: 20566K(25996K)->20566K(25996K)
[117.909s][info][gc             ] GC(654) Pause Young (Allocation Failure) 462M->194M(989M) 4.868ms
[117.909s][info][gc,cpu         ] GC(654) User=0.00s Sys=0.00s Real=0.00s
[118.255s][info][gc,start       ] GC(655) Pause Young (Allocation Failure)
[118.255s][info][gc,task        ] GC(655) Using 6 workers of 6 for evacuation
[118.259s][info][gc,heap        ] GC(655) ParNew: 292360K->9841K(314560K)
[118.259s][info][gc,heap        ] GC(655) CMS: 186664K->186664K(699072K)
[118.259s][info][gc,metaspace   ] GC(655) Metaspace: 172488K(183256K)->172488K(183256K) NonClass: 151921K(157260K)->151921K(157260K) Class: 20566K(25996K)->20566K(25996K)
[118.259s][info][gc             ] GC(655) Pause Young (Allocation Failure) 467M->191M(989M) 3.475ms
[118.259s][info][gc,cpu         ] GC(655) User=0.02s Sys=0.00s Real=0.02s
[118.602s][info][gc,start       ] GC(656) Pause Young (Allocation Failure)
[118.602s][info][gc,task        ] GC(656) Using 6 workers of 6 for evacuation
[118.605s][info][gc,heap        ] GC(656) ParNew: 289403K->7695K(314560K)
[118.605s][info][gc,heap        ] GC(656) CMS: 186664K->186664K(699072K)
[118.605s][info][gc,metaspace   ] GC(656) Metaspace: 172488K(183256K)->172488K(183256K) NonClass: 151921K(157260K)->151921K(157260K) Class: 20566K(25996K)->20566K(25996K)
[118.605s][info][gc             ] GC(656) Pause Young (Allocation Failure) 464M->189M(989M) 3.386ms
[118.605s][info][gc,cpu         ] GC(656) User=0.02s Sys=0.00s Real=0.02s
[118.745s][info][gc,start       ] GC(657) Pause Full (System.gc())
[118.748s][info][gc,phases,start] GC(657) Phase 1: Mark live objects
[118.827s][info][gc,phases      ] GC(657) Phase 1: Mark live objects 79.142ms
[118.827s][info][gc,phases,start] GC(657) Phase 2: Compute new object addresses
[118.848s][info][gc,phases      ] GC(657) Phase 2: Compute new object addresses 21.006ms
[118.848s][info][gc,phases,start] GC(657) Phase 3: Adjust pointers
[118.895s][info][gc,phases      ] GC(657) Phase 3: Adjust pointers 46.995ms
[118.895s][info][gc,phases,start] GC(657) Phase 4: Move objects
[118.897s][info][gc,phases      ] GC(657) Phase 4: Move objects 2.324ms
[118.898s][info][gc,heap        ] GC(657) ParNew: 95804K->0K(314560K)
[118.898s][info][gc,heap        ] GC(657) CMS: 186664K->126023K(699072K)
[118.898s][info][gc,metaspace   ] GC(657) Metaspace: 172488K(183256K)->172488K(183256K) NonClass: 151921K(157260K)->151921K(157260K) Class: 20566K(25996K)->20566K(25996K)
[118.899s][info][gc             ] GC(657) Pause Full (System.gc()) 275M->123M(989M) 153.022ms
[118.899s][info][gc,cpu         ] GC(657) User=0.16s Sys=0.00s Real=0.14s
[118.969s][info][gc,start       ] GC(658) Pause Young (Allocation Failure)
[118.969s][info][gc,task        ] GC(658) Using 6 workers of 6 for evacuation
[118.971s][info][gc,heap        ] GC(658) ParNew: 279616K->2228K(314560K)
[118.971s][info][gc,heap        ] GC(658) CMS: 126023K->126023K(699072K)
[118.971s][info][gc,metaspace   ] GC(658) Metaspace: 172523K(183256K)->172523K(183256K) NonClass: 151956K(157260K)->151956K(157260K) Class: 20566K(25996K)->20566K(25996K)
[118.971s][info][gc             ] GC(658) Pause Young (Allocation Failure) 396M->125M(989M) 2.319ms
[118.971s][info][gc,cpu         ] GC(658) User=0.00s Sys=0.00s Real=0.00s
[118.999s][info][gc,start       ] GC(659) Pause Young (Allocation Failure)
[118.999s][info][gc,task        ] GC(659) Using 6 workers of 6 for evacuation
[119.001s][info][gc,heap        ] GC(659) ParNew: 281844K->1716K(314560K)
[119.001s][info][gc,heap        ] GC(659) CMS: 126023K->126023K(699072K)
[119.001s][info][gc,metaspace   ] GC(659) Metaspace: 172523K(183256K)->172523K(183256K) NonClass: 151956K(157260K)->151956K(157260K) Class: 20566K(25996K)->20566K(25996K)
[119.001s][info][gc             ] GC(659) Pause Young (Allocation Failure) 398M->124M(989M) 1.901ms
[119.001s][info][gc,cpu         ] GC(659) User=0.00s Sys=0.00s Real=0.00s
[119.075s][info][gc,start       ] GC(660) Pause Young (Allocation Failure)
[119.075s][info][gc,task        ] GC(660) Using 6 workers of 6 for evacuation
[119.079s][info][gc,heap        ] GC(660) ParNew: 281332K->12960K(314560K)
[119.079s][info][gc,heap        ] GC(660) CMS: 126023K->126023K(699072K)
[119.079s][info][gc,metaspace   ] GC(660) Metaspace: 172523K(183256K)->172523K(183256K) NonClass: 151956K(157260K)->151956K(157260K) Class: 20566K(25996K)->20566K(25996K)
[119.079s][info][gc             ] GC(660) Pause Young (Allocation Failure) 397M->135M(989M) 3.727ms
[119.079s][info][gc,cpu         ] GC(660) User=0.00s Sys=0.00s Real=0.00s
[119.110s][info][gc,start       ] GC(661) Pause Young (Allocation Failure)
[119.110s][info][gc,task        ] GC(661) Using 6 workers of 6 for evacuation
[119.115s][info][gc,heap        ] GC(661) ParNew: 292576K->25112K(314560K)
[119.115s][info][gc,heap        ] GC(661) CMS: 126023K->126023K(699072K)
[119.115s][info][gc,metaspace   ] GC(661) Metaspace: 172523K(183256K)->172523K(183256K) NonClass: 151956K(157260K)->151956K(157260K) Class: 20566K(25996K)->20566K(25996K)
[119.115s][info][gc             ] GC(661) Pause Young (Allocation Failure) 408M->147M(989M) 5.184ms
[119.115s][info][gc,cpu         ] GC(661) User=0.00s Sys=0.00s Real=0.00s
[119.147s][info][gc,start       ] GC(662) Pause Young (Allocation Failure)
[119.147s][info][gc,task        ] GC(662) Using 6 workers of 6 for evacuation
[119.153s][info][gc,heap        ] GC(662) ParNew: 304728K->20503K(314560K)
[119.154s][info][gc,heap        ] GC(662) CMS: 126023K->145107K(699072K)
[119.154s][info][gc,metaspace   ] GC(662) Metaspace: 172523K(183256K)->172523K(183256K) NonClass: 151956K(157260K)->151956K(157260K) Class: 20566K(25996K)->20566K(25996K)
[119.154s][info][gc             ] GC(662) Pause Young (Allocation Failure) 420M->161M(989M) 7.034ms
[119.154s][info][gc,cpu         ] GC(662) User=0.02s Sys=0.00s Real=0.02s
[119.184s][info][gc,start       ] GC(663) Pause Young (Allocation Failure)
[119.184s][info][gc,task        ] GC(663) Using 6 workers of 6 for evacuation
[119.190s][info][gc,heap        ] GC(663) ParNew: 300119K->22192K(314560K)
[119.190s][info][gc,heap        ] GC(663) CMS: 145107K->158649K(699072K)
[119.190s][info][gc,metaspace   ] GC(663) Metaspace: 172523K(183256K)->172523K(183256K) NonClass: 151956K(157260K)->151956K(157260K) Class: 20566K(25996K)->20566K(25996K)
[119.190s][info][gc             ] GC(663) Pause Young (Allocation Failure) 434M->176M(989M) 6.163ms
[119.191s][info][gc,cpu         ] GC(663) User=0.02s Sys=0.00s Real=0.02s
[119.221s][info][gc,start       ] GC(664) Pause Young (Allocation Failure)
[119.221s][info][gc,task        ] GC(664) Using 6 workers of 6 for evacuation
[119.228s][info][gc,heap        ] GC(664) ParNew: 301808K->25227K(314560K)
[119.228s][info][gc,heap        ] GC(664) CMS: 158649K->173007K(699072K)
[119.228s][info][gc,metaspace   ] GC(664) Metaspace: 172523K(183256K)->172523K(183256K) NonClass: 151956K(157260K)->151956K(157260K) Class: 20566K(25996K)->20566K(25996K)
[119.228s][info][gc             ] GC(664) Pause Young (Allocation Failure) 449M->193M(989M) 6.834ms
[119.228s][info][gc,cpu         ] GC(664) User=0.00s Sys=0.00s Real=0.00s
[119.533s][info][gc,start       ] GC(665) Pause Young (Allocation Failure)
[119.533s][info][gc,task        ] GC(665) Using 6 workers of 6 for evacuation
[119.538s][info][gc,heap        ] GC(665) ParNew: 304746K->13671K(314560K)
[119.538s][info][gc,heap        ] GC(665) CMS: 173007K->185320K(699072K)
[119.538s][info][gc,metaspace   ] GC(665) Metaspace: 172523K(183256K)->172523K(183256K) NonClass: 151956K(157260K)->151956K(157260K) Class: 20566K(25996K)->20566K(25996K)
[119.538s][info][gc             ] GC(665) Pause Young (Allocation Failure) 466M->194M(989M) 5.111ms
[119.538s][info][gc,cpu         ] GC(665) User=0.00s Sys=0.00s Real=0.00s
[119.910s][info][gc,start       ] GC(666) Pause Young (Allocation Failure)
[119.910s][info][gc,task        ] GC(666) Using 6 workers of 6 for evacuation
[119.914s][info][gc,heap        ] GC(666) ParNew: 293206K->10623K(314560K)
[119.914s][info][gc,heap        ] GC(666) CMS: 185320K->185320K(699072K)
[119.914s][info][gc,metaspace   ] GC(666) Metaspace: 172523K(183256K)->172523K(183256K) NonClass: 151956K(157260K)->151956K(157260K) Class: 20566K(25996K)->20566K(25996K)
[119.914s][info][gc             ] GC(666) Pause Young (Allocation Failure) 467M->191M(989M) 4.012ms
[119.914s][info][gc,cpu         ] GC(666) User=0.00s Sys=0.00s Real=0.00s
[120.259s][info][gc,start       ] GC(667) Pause Young (Allocation Failure)
[120.259s][info][gc,task        ] GC(667) Using 6 workers of 6 for evacuation
[120.262s][info][gc,heap        ] GC(667) ParNew: 290239K->10187K(314560K)
[120.262s][info][gc,heap        ] GC(667) CMS: 185320K->185320K(699072K)
[120.262s][info][gc,metaspace   ] GC(667) Metaspace: 172523K(183256K)->172523K(183256K) NonClass: 151956K(157260K)->151956K(157260K) Class: 20566K(25996K)->20566K(25996K)
[120.262s][info][gc             ] GC(667) Pause Young (Allocation Failure) 464M->190M(989M) 3.255ms
[120.262s][info][gc,cpu         ] GC(667) User=0.00s Sys=0.00s Real=0.00s
[120.388s][info][gc,start       ] GC(668) Pause Full (System.gc())
[120.390s][info][gc,phases,start] GC(668) Phase 1: Mark live objects
[120.470s][info][gc,phases      ] GC(668) Phase 1: Mark live objects 79.394ms
[120.470s][info][gc,phases,start] GC(668) Phase 2: Compute new object addresses
[120.491s][info][gc,phases      ] GC(668) Phase 2: Compute new object addresses 21.012ms
[120.491s][info][gc,phases,start] GC(668) Phase 3: Adjust pointers
[120.538s][info][gc,phases      ] GC(668) Phase 3: Adjust pointers 46.965ms
[120.538s][info][gc,phases,start] GC(668) Phase 4: Move objects
[120.541s][info][gc,phases      ] GC(668) Phase 4: Move objects 2.691ms
[120.542s][info][gc,heap        ] GC(668) ParNew: 98918K->0K(314560K)
[120.542s][info][gc,heap        ] GC(668) CMS: 185320K->125580K(699072K)
[120.542s][info][gc,metaspace   ] GC(668) Metaspace: 172526K(183256K)->172526K(183256K) NonClass: 151959K(157260K)->151959K(157260K) Class: 20566K(25996K)->20566K(25996K)
[120.542s][info][gc             ] GC(668) Pause Full (System.gc()) 277M->122M(989M) 153.646ms
[120.542s][info][gc,cpu         ] GC(668) User=0.14s Sys=0.00s Real=0.16s
[120.612s][info][gc,start       ] GC(669) Pause Young (Allocation Failure)
[120.612s][info][gc,task        ] GC(669) Using 6 workers of 6 for evacuation
[120.614s][info][gc,heap        ] GC(669) ParNew: 279616K->3659K(314560K)
[120.615s][info][gc,heap        ] GC(669) CMS: 125580K->125580K(699072K)
[120.615s][info][gc,metaspace   ] GC(669) Metaspace: 172526K(183256K)->172526K(183256K) NonClass: 151959K(157260K)->151959K(157260K) Class: 20566K(25996K)->20566K(25996K)
[120.615s][info][gc             ] GC(669) Pause Young (Allocation Failure) 395M->126M(989M) 2.386ms
[120.615s][info][gc,cpu         ] GC(669) User=0.00s Sys=0.00s Real=0.02s
[120.648s][info][gc,start       ] GC(670) Pause Young (Allocation Failure)
[120.648s][info][gc,task        ] GC(670) Using 6 workers of 6 for evacuation
[120.651s][info][gc,heap        ] GC(670) ParNew: 283275K->1819K(314560K)
[120.651s][info][gc,heap        ] GC(670) CMS: 125580K->125580K(699072K)
[120.651s][info][gc,metaspace   ] GC(670) Metaspace: 172526K(183256K)->172526K(183256K) NonClass: 151959K(157260K)->151959K(157260K) Class: 20566K(25996K)->20566K(25996K)
[120.651s][info][gc             ] GC(670) Pause Young (Allocation Failure) 399M->124M(989M) 3.475ms
[120.651s][info][gc,cpu         ] GC(670) User=0.00s Sys=0.00s Real=0.00s
[120.733s][info][gc,start       ] GC(671) Pause Young (Allocation Failure)
[120.733s][info][gc,task        ] GC(671) Using 6 workers of 6 for evacuation
[120.737s][info][gc,heap        ] GC(671) ParNew: 281435K->13399K(314560K)
[120.737s][info][gc,heap        ] GC(671) CMS: 125580K->125580K(699072K)
[120.737s][info][gc,metaspace   ] GC(671) Metaspace: 172526K(183256K)->172526K(183256K) NonClass: 151959K(157260K)->151959K(157260K) Class: 20566K(25996K)->20566K(25996K)
[120.737s][info][gc             ] GC(671) Pause Young (Allocation Failure) 397M->135M(989M) 3.787ms
[120.737s][info][gc,cpu         ] GC(671) User=0.00s Sys=0.00s Real=0.00s
[120.768s][info][gc,start       ] GC(672) Pause Young (Allocation Failure)
[120.768s][info][gc,task        ] GC(672) Using 6 workers of 6 for evacuation
[120.773s][info][gc,heap        ] GC(672) ParNew: 293015K->25493K(314560K)
[120.773s][info][gc,heap        ] GC(672) CMS: 125580K->125580K(699072K)
[120.773s][info][gc,metaspace   ] GC(672) Metaspace: 172526K(183256K)->172526K(183256K) NonClass: 151959K(157260K)->151959K(157260K) Class: 20566K(25996K)->20566K(25996K)
[120.773s][info][gc             ] GC(672) Pause Young (Allocation Failure) 408M->147M(989M) 4.754ms
[120.773s][info][gc,cpu         ] GC(672) User=0.03s Sys=0.00s Real=0.02s
[120.804s][info][gc,start       ] GC(673) Pause Young (Allocation Failure)
[120.804s][info][gc,task        ] GC(673) Using 6 workers of 6 for evacuation
[120.811s][info][gc,heap        ] GC(673) ParNew: 305109K->22606K(314560K)
[120.811s][info][gc,heap        ] GC(673) CMS: 125580K->145062K(699072K)
[120.811s][info][gc,metaspace   ] GC(673) Metaspace: 172526K(183256K)->172526K(183256K) NonClass: 151959K(157260K)->151959K(157260K) Class: 20566K(25996K)->20566K(25996K)
[120.811s][info][gc             ] GC(673) Pause Young (Allocation Failure) 420M->163M(989M) 7.168ms
[120.811s][info][gc,cpu         ] GC(673) User=0.00s Sys=0.00s Real=0.00s
[120.842s][info][gc,start       ] GC(674) Pause Young (Allocation Failure)
[120.842s][info][gc,task        ] GC(674) Using 6 workers of 6 for evacuation
[120.848s][info][gc,heap        ] GC(674) ParNew: 302222K->18981K(314560K)
[120.848s][info][gc,heap        ] GC(674) CMS: 145062K->158258K(699072K)
[120.848s][info][gc,metaspace   ] GC(674) Metaspace: 172526K(183256K)->172526K(183256K) NonClass: 151959K(157260K)->151959K(157260K) Class: 20566K(25996K)->20566K(25996K)
[120.848s][info][gc             ] GC(674) Pause Young (Allocation Failure) 436M->173M(989M) 6.221ms
[120.848s][info][gc,cpu         ] GC(674) User=0.00s Sys=0.00s Real=0.02s
[120.878s][info][gc,start       ] GC(675) Pause Young (Allocation Failure)
[120.878s][info][gc,task        ] GC(675) Using 6 workers of 6 for evacuation
[120.884s][info][gc,heap        ] GC(675) ParNew: 298597K->22061K(314560K)
[120.885s][info][gc,heap        ] GC(675) CMS: 158258K->172622K(699072K)
[120.885s][info][gc,metaspace   ] GC(675) Metaspace: 172526K(183256K)->172526K(183256K) NonClass: 151959K(157260K)->151959K(157260K) Class: 20566K(25996K)->20566K(25996K)
[120.885s][info][gc             ] GC(675) Pause Young (Allocation Failure) 446M->190M(989M) 6.619ms
[120.885s][info][gc,cpu         ] GC(675) User=0.00s Sys=0.00s Real=0.01s
[121.174s][info][gc,start       ] GC(676) Pause Young (Allocation Failure)
[121.174s][info][gc,task        ] GC(676) Using 6 workers of 6 for evacuation
[121.178s][info][gc,heap        ] GC(676) ParNew: 301677K->12446K(314560K)
[121.178s][info][gc,heap        ] GC(676) CMS: 172622K->185951K(699072K)
[121.178s][info][gc,metaspace   ] GC(676) Metaspace: 172526K(183256K)->172526K(183256K) NonClass: 151959K(157260K)->151959K(157260K) Class: 20566K(25996K)->20566K(25996K)
[121.178s][info][gc             ] GC(676) Pause Young (Allocation Failure) 463M->193M(989M) 4.730ms
[121.179s][info][gc,cpu         ] GC(676) User=0.00s Sys=0.00s Real=0.01s
[121.536s][info][gc,start       ] GC(677) Pause Young (Allocation Failure)
[121.536s][info][gc,task        ] GC(677) Using 6 workers of 6 for evacuation
[121.538s][info][gc,heap        ] GC(677) ParNew: 288824K->11418K(314560K)
[121.539s][info][gc,heap        ] GC(677) CMS: 185951K->185951K(699072K)
[121.539s][info][gc,metaspace   ] GC(677) Metaspace: 172526K(183256K)->172526K(183256K) NonClass: 151959K(157260K)->151959K(157260K) Class: 20566K(25996K)->20566K(25996K)
[121.539s][info][gc             ] GC(677) Pause Young (Allocation Failure) 463M->192M(989M) 2.757ms
[121.539s][info][gc,cpu         ] GC(677) User=0.00s Sys=0.00s Real=0.00s
[121.884s][info][gc,start       ] GC(678) Pause Young (Allocation Failure)
[121.885s][info][gc,task        ] GC(678) Using 6 workers of 6 for evacuation
[121.887s][info][gc,heap        ] GC(678) ParNew: 290422K->8660K(314560K)
[121.887s][info][gc,heap        ] GC(678) CMS: 185951K->185951K(699072K)
[121.887s][info][gc,metaspace   ] GC(678) Metaspace: 172526K(183256K)->172526K(183256K) NonClass: 151959K(157260K)->151959K(157260K) Class: 20566K(25996K)->20566K(25996K)
[121.888s][info][gc             ] GC(678) Pause Young (Allocation Failure) 465M->190M(989M) 3.108ms
[121.888s][info][gc,cpu         ] GC(678) User=0.02s Sys=0.00s Real=0.01s
[122.018s][info][gc,start       ] GC(679) Pause Full (System.gc())
[122.021s][info][gc,phases,start] GC(679) Phase 1: Mark live objects
[122.101s][info][gc,phases      ] GC(679) Phase 1: Mark live objects 79.901ms
[122.101s][info][gc,phases,start] GC(679) Phase 2: Compute new object addresses
[122.122s][info][gc,phases      ] GC(679) Phase 2: Compute new object addresses 21.321ms
[122.122s][info][gc,phases,start] GC(679) Phase 3: Adjust pointers
[122.169s][info][gc,phases      ] GC(679) Phase 3: Adjust pointers 47.077ms
[122.169s][info][gc,phases,start] GC(679) Phase 4: Move objects
[122.172s][info][gc,phases      ] GC(679) Phase 4: Move objects 2.290ms
[122.173s][info][gc,heap        ] GC(679) ParNew: 104207K->0K(314560K)
[122.173s][info][gc,heap        ] GC(679) CMS: 185951K->126031K(699072K)
[122.173s][info][gc,metaspace   ] GC(679) Metaspace: 172526K(183256K)->172526K(183256K) NonClass: 151959K(157260K)->151959K(157260K) Class: 20566K(25996K)->20566K(25996K)
[122.173s][info][gc             ] GC(679) Pause Full (System.gc()) 283M->123M(989M) 154.412ms
[122.173s][info][gc,cpu         ] GC(679) User=0.14s Sys=0.00s Real=0.16s
[122.241s][info][gc,start       ] GC(680) Pause Young (Allocation Failure)
[122.241s][info][gc,task        ] GC(680) Using 6 workers of 6 for evacuation
[122.243s][info][gc,heap        ] GC(680) ParNew: 279616K->2489K(314560K)
[122.243s][info][gc,heap        ] GC(680) CMS: 126031K->126031K(699072K)
[122.243s][info][gc,metaspace   ] GC(680) Metaspace: 172531K(183256K)->172531K(183256K) NonClass: 151964K(157260K)->151964K(157260K) Class: 20566K(25996K)->20566K(25996K)
[122.243s][info][gc             ] GC(680) Pause Young (Allocation Failure) 396M->125M(989M) 2.281ms
[122.244s][info][gc,cpu         ] GC(680) User=0.00s Sys=0.00s Real=0.00s
[122.273s][info][gc,start       ] GC(681) Pause Young (Allocation Failure)
[122.273s][info][gc,task        ] GC(681) Using 6 workers of 6 for evacuation
[122.275s][info][gc,heap        ] GC(681) ParNew: 282105K->1434K(314560K)
[122.275s][info][gc,heap        ] GC(681) CMS: 126031K->126031K(699072K)
[122.275s][info][gc,metaspace   ] GC(681) Metaspace: 172531K(183256K)->172531K(183256K) NonClass: 151964K(157260K)->151964K(157260K) Class: 20566K(25996K)->20566K(25996K)
[122.275s][info][gc             ] GC(681) Pause Young (Allocation Failure) 398M->124M(989M) 2.090ms
[122.275s][info][gc,cpu         ] GC(681) User=0.00s Sys=0.00s Real=0.01s
[122.350s][info][gc,start       ] GC(682) Pause Young (Allocation Failure)
[122.350s][info][gc,task        ] GC(682) Using 6 workers of 6 for evacuation
[122.353s][info][gc,heap        ] GC(682) ParNew: 281050K->13229K(314560K)
[122.353s][info][gc,heap        ] GC(682) CMS: 126031K->126031K(699072K)
[122.353s][info][gc,metaspace   ] GC(682) Metaspace: 172531K(183256K)->172531K(183256K) NonClass: 151964K(157260K)->151964K(157260K) Class: 20566K(25996K)->20566K(25996K)
[122.353s][info][gc             ] GC(682) Pause Young (Allocation Failure) 397M->135M(989M) 3.761ms
[122.353s][info][gc,cpu         ] GC(682) User=0.00s Sys=0.00s Real=0.00s
[122.385s][info][gc,start       ] GC(683) Pause Young (Allocation Failure)
[122.385s][info][gc,task        ] GC(683) Using 6 workers of 6 for evacuation
[122.390s][info][gc,heap        ] GC(683) ParNew: 292845K->24737K(314560K)
[122.390s][info][gc,heap        ] GC(683) CMS: 126031K->126031K(699072K)
[122.390s][info][gc,metaspace   ] GC(683) Metaspace: 172531K(183256K)->172531K(183256K) NonClass: 151964K(157260K)->151964K(157260K) Class: 20566K(25996K)->20566K(25996K)
[122.390s][info][gc             ] GC(683) Pause Young (Allocation Failure) 409M->147M(989M) 5.137ms
[122.390s][info][gc,cpu         ] GC(683) User=0.02s Sys=0.00s Real=0.02s
[122.420s][info][gc,start       ] GC(684) Pause Young (Allocation Failure)
[122.420s][info][gc,task        ] GC(684) Using 6 workers of 6 for evacuation
[122.428s][info][gc,heap        ] GC(684) ParNew: 304353K->22282K(314560K)
[122.428s][info][gc,heap        ] GC(684) CMS: 126031K->145118K(699072K)
[122.428s][info][gc,metaspace   ] GC(684) Metaspace: 172531K(183256K)->172531K(183256K) NonClass: 151964K(157260K)->151964K(157260K) Class: 20566K(25996K)->20566K(25996K)
[122.428s][info][gc             ] GC(684) Pause Young (Allocation Failure) 420M->163M(989M) 7.490ms
[122.428s][info][gc,cpu         ] GC(684) User=0.00s Sys=0.00s Real=0.00s
[122.459s][info][gc,start       ] GC(685) Pause Young (Allocation Failure)
[122.459s][info][gc,task        ] GC(685) Using 6 workers of 6 for evacuation
[122.465s][info][gc,heap        ] GC(685) ParNew: 301898K->20661K(314560K)
[122.465s][info][gc,heap        ] GC(685) CMS: 145118K->158650K(699072K)
[122.465s][info][gc,metaspace   ] GC(685) Metaspace: 172531K(183256K)->172531K(183256K) NonClass: 151964K(157260K)->151964K(157260K) Class: 20566K(25996K)->20566K(25996K)
[122.465s][info][gc             ] GC(685) Pause Young (Allocation Failure) 436M->175M(989M) 6.287ms
[122.465s][info][gc,cpu         ] GC(685) User=0.00s Sys=0.00s Real=0.00s
[122.495s][info][gc,start       ] GC(686) Pause Young (Allocation Failure)
[122.496s][info][gc,task        ] GC(686) Using 6 workers of 6 for evacuation
[122.501s][info][gc,heap        ] GC(686) ParNew: 300277K->20139K(314560K)
[122.501s][info][gc,heap        ] GC(686) CMS: 158650K->171997K(699072K)
[122.501s][info][gc,metaspace   ] GC(686) Metaspace: 172531K(183256K)->172531K(183256K) NonClass: 151964K(157260K)->151964K(157260K) Class: 20566K(25996K)->20566K(25996K)
[122.501s][info][gc             ] GC(686) Pause Young (Allocation Failure) 448M->187M(989M) 6.071ms
[122.502s][info][gc,cpu         ] GC(686) User=0.02s Sys=0.00s Real=0.02s
[122.811s][info][gc,start       ] GC(687) Pause Young (Allocation Failure)
[122.811s][info][gc,task        ] GC(687) Using 6 workers of 6 for evacuation
[122.816s][info][gc,heap        ] GC(687) ParNew: 299502K->11444K(314560K)
[122.816s][info][gc,heap        ] GC(687) CMS: 171997K->187032K(699072K)
[122.816s][info][gc,metaspace   ] GC(687) Metaspace: 172531K(183256K)->172531K(183256K) NonClass: 151964K(157260K)->151964K(157260K) Class: 20566K(25996K)->20566K(25996K)
[122.816s][info][gc             ] GC(687) Pause Young (Allocation Failure) 460M->193M(989M) 5.255ms
[122.816s][info][gc,cpu         ] GC(687) User=0.02s Sys=0.00s Real=0.02s
[123.174s][info][gc,start       ] GC(688) Pause Young (Allocation Failure)
[123.174s][info][gc,task        ] GC(688) Using 6 workers of 6 for evacuation
[123.177s][info][gc,heap        ] GC(688) ParNew: 291060K->8753K(314560K)
[123.177s][info][gc,heap        ] GC(688) CMS: 187032K->187032K(699072K)
[123.177s][info][gc,metaspace   ] GC(688) Metaspace: 172531K(183256K)->172531K(183256K) NonClass: 151964K(157260K)->151964K(157260K) Class: 20566K(25996K)->20566K(25996K)
[123.177s][info][gc             ] GC(688) Pause Young (Allocation Failure) 466M->191M(989M) 3.106ms
[123.177s][info][gc,cpu         ] GC(688) User=0.02s Sys=0.00s Real=0.02s
[123.524s][info][gc,start       ] GC(689) Pause Young (Allocation Failure)
[123.524s][info][gc,task        ] GC(689) Using 6 workers of 6 for evacuation
[123.527s][info][gc,heap        ] GC(689) ParNew: 286357K->8871K(314560K)
[123.527s][info][gc,heap        ] GC(689) CMS: 187032K->187032K(699072K)
[123.527s][info][gc,metaspace   ] GC(689) Metaspace: 172531K(183256K)->172531K(183256K) NonClass: 151964K(157260K)->151964K(157260K) Class: 20566K(25996K)->20566K(25996K)
[123.527s][info][gc             ] GC(689) Pause Young (Allocation Failure) 462M->191M(989M) 2.916ms
[123.527s][info][gc,cpu         ] GC(689) User=0.00s Sys=0.00s Real=0.00s
[123.659s][info][gc,start       ] GC(690) Pause Full (System.gc())
[123.661s][info][gc,phases,start] GC(690) Phase 1: Mark live objects
[123.740s][info][gc,phases      ] GC(690) Phase 1: Mark live objects 79.318ms
[123.740s][info][gc,phases,start] GC(690) Phase 2: Compute new object addresses
[123.761s][info][gc,phases      ] GC(690) Phase 2: Compute new object addresses 21.052ms
[123.761s][info][gc,phases,start] GC(690) Phase 3: Adjust pointers
[123.809s][info][gc,phases      ] GC(690) Phase 3: Adjust pointers 47.417ms
[123.809s][info][gc,phases,start] GC(690) Phase 4: Move objects
[123.811s][info][gc,phases      ] GC(690) Phase 4: Move objects 2.658ms
[123.812s][info][gc,heap        ] GC(690) ParNew: 101920K->0K(314560K)
[123.812s][info][gc,heap        ] GC(690) CMS: 187032K->125529K(699072K)
[123.812s][info][gc,metaspace   ] GC(690) Metaspace: 172531K(183256K)->172531K(183256K) NonClass: 151964K(157260K)->151964K(157260K) Class: 20566K(25996K)->20566K(25996K)
[123.812s][info][gc             ] GC(690) Pause Full (System.gc()) 282M->122M(989M) 153.847ms
[123.812s][info][gc,cpu         ] GC(690) User=0.16s Sys=0.00s Real=0.16s
[123.884s][info][gc,start       ] GC(691) Pause Young (Allocation Failure)
[123.884s][info][gc,task        ] GC(691) Using 6 workers of 6 for evacuation
[123.886s][info][gc,heap        ] GC(691) ParNew: 279616K->3796K(314560K)
[123.886s][info][gc,heap        ] GC(691) CMS: 125529K->125529K(699072K)
[123.886s][info][gc,metaspace   ] GC(691) Metaspace: 172538K(183256K)->172538K(183256K) NonClass: 151971K(157260K)->151971K(157260K) Class: 20566K(25996K)->20566K(25996K)
[123.886s][info][gc             ] GC(691) Pause Young (Allocation Failure) 395M->126M(989M) 2.320ms
[123.886s][info][gc,cpu         ] GC(691) User=0.00s Sys=0.00s Real=0.00s
[123.914s][info][gc,start       ] GC(692) Pause Young (Allocation Failure)
[123.914s][info][gc,task        ] GC(692) Using 6 workers of 6 for evacuation
[123.916s][info][gc,heap        ] GC(692) ParNew: 283412K->1669K(314560K)
[123.916s][info][gc,heap        ] GC(692) CMS: 125529K->125529K(699072K)
[123.916s][info][gc,metaspace   ] GC(692) Metaspace: 172538K(183256K)->172538K(183256K) NonClass: 151971K(157260K)->151971K(157260K) Class: 20566K(25996K)->20566K(25996K)
[123.916s][info][gc             ] GC(692) Pause Young (Allocation Failure) 399M->124M(989M) 1.981ms
[123.916s][info][gc,cpu         ] GC(692) User=0.00s Sys=0.00s Real=0.00s
[123.990s][info][gc,start       ] GC(693) Pause Young (Allocation Failure)
[123.990s][info][gc,task        ] GC(693) Using 6 workers of 6 for evacuation
[123.993s][info][gc,heap        ] GC(693) ParNew: 281285K->13054K(314560K)
[123.994s][info][gc,heap        ] GC(693) CMS: 125529K->125529K(699072K)
[123.994s][info][gc,metaspace   ] GC(693) Metaspace: 172538K(183256K)->172538K(183256K) NonClass: 151971K(157260K)->151971K(157260K) Class: 20566K(25996K)->20566K(25996K)
[123.994s][info][gc             ] GC(693) Pause Young (Allocation Failure) 397M->135M(989M) 4.022ms
[123.994s][info][gc,cpu         ] GC(693) User=0.02s Sys=0.00s Real=0.02s
[124.024s][info][gc,start       ] GC(694) Pause Young (Allocation Failure)
[124.024s][info][gc,task        ] GC(694) Using 6 workers of 6 for evacuation
[124.029s][info][gc,heap        ] GC(694) ParNew: 292670K->26888K(314560K)
[124.029s][info][gc,heap        ] GC(694) CMS: 125529K->125529K(699072K)
[124.029s][info][gc,metaspace   ] GC(694) Metaspace: 172538K(183256K)->172538K(183256K) NonClass: 151971K(157260K)->151971K(157260K) Class: 20566K(25996K)->20566K(25996K)
[124.029s][info][gc             ] GC(694) Pause Young (Allocation Failure) 408M->148M(989M) 5.237ms
[124.029s][info][gc,cpu         ] GC(694) User=0.00s Sys=0.00s Real=0.00s
[124.060s][info][gc,start       ] GC(695) Pause Young (Allocation Failure)
[124.060s][info][gc,task        ] GC(695) Using 6 workers of 6 for evacuation
[124.067s][info][gc,heap        ] GC(695) ParNew: 306504K->25070K(314560K)
[124.067s][info][gc,heap        ] GC(695) CMS: 125529K->143463K(699072K)
[124.067s][info][gc,metaspace   ] GC(695) Metaspace: 172538K(183256K)->172538K(183256K) NonClass: 151971K(157260K)->151971K(157260K) Class: 20566K(25996K)->20566K(25996K)
[124.067s][info][gc             ] GC(695) Pause Young (Allocation Failure) 421M->164M(989M) 7.222ms
[124.067s][info][gc,cpu         ] GC(695) User=0.00s Sys=0.00s Real=0.00s
[124.097s][info][gc,start       ] GC(696) Pause Young (Allocation Failure)
[124.097s][info][gc,task        ] GC(696) Using 6 workers of 6 for evacuation
[124.104s][info][gc,heap        ] GC(696) ParNew: 304686K->24709K(314560K)
[124.104s][info][gc,heap        ] GC(696) CMS: 143463K->156999K(699072K)
[124.104s][info][gc,metaspace   ] GC(696) Metaspace: 172538K(183256K)->172538K(183256K) NonClass: 151971K(157260K)->151971K(157260K) Class: 20566K(25996K)->20566K(25996K)
[124.104s][info][gc             ] GC(696) Pause Young (Allocation Failure) 437M->177M(989M) 6.558ms
[124.104s][info][gc,cpu         ] GC(696) User=0.02s Sys=0.00s Real=0.02s
[124.135s][info][gc,start       ] GC(697) Pause Young (Allocation Failure)
[124.135s][info][gc,task        ] GC(697) Using 6 workers of 6 for evacuation
[124.141s][info][gc,heap        ] GC(697) ParNew: 304325K->20548K(314560K)
[124.141s][info][gc,heap        ] GC(697) CMS: 156999K->172374K(699072K)
[124.141s][info][gc,metaspace   ] GC(697) Metaspace: 172538K(183256K)->172538K(183256K) NonClass: 151971K(157260K)->151971K(157260K) Class: 20566K(25996K)->20566K(25996K)
[124.141s][info][gc             ] GC(697) Pause Young (Allocation Failure) 450M->188M(989M) 6.204ms
[124.141s][info][gc,cpu         ] GC(697) User=0.00s Sys=0.00s Real=0.00s
[124.433s][info][gc,start       ] GC(698) Pause Young (Allocation Failure)
[124.433s][info][gc,task        ] GC(698) Using 6 workers of 6 for evacuation
[124.437s][info][gc,heap        ] GC(698) ParNew: 300118K->15846K(314560K)
[124.437s][info][gc,heap        ] GC(698) CMS: 172374K->186049K(699072K)
[124.437s][info][gc,metaspace   ] GC(698) Metaspace: 172539K(183256K)->172539K(183256K) NonClass: 151972K(157260K)->151972K(157260K) Class: 20566K(25996K)->20566K(25996K)
[124.437s][info][gc             ] GC(698) Pause Young (Allocation Failure) 461M->197M(989M) 4.609ms
[124.437s][info][gc,cpu         ] GC(698) User=0.00s Sys=0.00s Real=0.00s
[124.791s][info][gc,start       ] GC(699) Pause Young (Allocation Failure)
[124.791s][info][gc,task        ] GC(699) Using 6 workers of 6 for evacuation
[124.794s][info][gc,heap        ] GC(699) ParNew: 295462K->8963K(314560K)
[124.794s][info][gc,heap        ] GC(699) CMS: 186049K->186049K(699072K)
[124.794s][info][gc,metaspace   ] GC(699) Metaspace: 172539K(183256K)->172539K(183256K) NonClass: 151972K(157260K)->151972K(157260K) Class: 20566K(25996K)->20566K(25996K)
[124.794s][info][gc             ] GC(699) Pause Young (Allocation Failure) 470M->190M(989M) 2.871ms
[124.794s][info][gc,cpu         ] GC(699) User=0.02s Sys=0.00s Real=0.02s
[125.135s][info][gc,start       ] GC(700) Pause Young (Allocation Failure)
[125.135s][info][gc,task        ] GC(700) Using 6 workers of 6 for evacuation
[125.138s][info][gc,heap        ] GC(700) ParNew: 285483K->8000K(314560K)
[125.138s][info][gc,heap        ] GC(700) CMS: 186049K->186049K(699072K)
[125.138s][info][gc,metaspace   ] GC(700) Metaspace: 172539K(183256K)->172539K(183256K) NonClass: 151972K(157260K)->151972K(157260K) Class: 20566K(25996K)->20566K(25996K)
[125.138s][info][gc             ] GC(700) Pause Young (Allocation Failure) 460M->189M(989M) 2.812ms
[125.138s][info][gc,cpu         ] GC(700) User=0.00s Sys=0.00s Real=0.02s
[125.269s][info][gc,start       ] GC(701) Pause Full (System.gc())
[125.271s][info][gc,phases,start] GC(701) Phase 1: Mark live objects
[125.350s][info][gc,phases      ] GC(701) Phase 1: Mark live objects 78.902ms
[125.350s][info][gc,phases,start] GC(701) Phase 2: Compute new object addresses
[125.371s][info][gc,phases      ] GC(701) Phase 2: Compute new object addresses 20.949ms
[125.371s][info][gc,phases,start] GC(701) Phase 3: Adjust pointers
[125.419s][info][gc,phases      ] GC(701) Phase 3: Adjust pointers 47.455ms
[125.419s][info][gc,phases,start] GC(701) Phase 4: Move objects
[125.421s][info][gc,phases      ] GC(701) Phase 4: Move objects 2.232ms
[125.422s][info][gc,heap        ] GC(701) ParNew: 102000K->0K(314560K)
[125.422s][info][gc,heap        ] GC(701) CMS: 186049K->125885K(699072K)
[125.422s][info][gc,metaspace   ] GC(701) Metaspace: 172542K(183256K)->172542K(183256K) NonClass: 151975K(157260K)->151975K(157260K) Class: 20566K(25996K)->20566K(25996K)
[125.422s][info][gc             ] GC(701) Pause Full (System.gc()) 281M->122M(989M) 153.573ms
[125.422s][info][gc,cpu         ] GC(701) User=0.14s Sys=0.00s Real=0.16s
[125.490s][info][gc,start       ] GC(702) Pause Young (Allocation Failure)
[125.490s][info][gc,task        ] GC(702) Using 6 workers of 6 for evacuation
[125.492s][info][gc,heap        ] GC(702) ParNew: 279616K->2424K(314560K)
[125.492s][info][gc,heap        ] GC(702) CMS: 125885K->125885K(699072K)
[125.492s][info][gc,metaspace   ] GC(702) Metaspace: 172549K(183256K)->172549K(183256K) NonClass: 151982K(157260K)->151982K(157260K) Class: 20566K(25996K)->20566K(25996K)
[125.492s][info][gc             ] GC(702) Pause Young (Allocation Failure) 395M->125M(989M) 2.232ms
[125.493s][info][gc,cpu         ] GC(702) User=0.00s Sys=0.00s Real=0.00s
[125.522s][info][gc,start       ] GC(703) Pause Young (Allocation Failure)
[125.522s][info][gc,task        ] GC(703) Using 6 workers of 6 for evacuation
[125.524s][info][gc,heap        ] GC(703) ParNew: 282040K->1587K(314560K)
[125.524s][info][gc,heap        ] GC(703) CMS: 125885K->125885K(699072K)
[125.524s][info][gc,metaspace   ] GC(703) Metaspace: 172549K(183256K)->172549K(183256K) NonClass: 151982K(157260K)->151982K(157260K) Class: 20566K(25996K)->20566K(25996K)
[125.524s][info][gc             ] GC(703) Pause Young (Allocation Failure) 398M->124M(989M) 2.121ms
[125.524s][info][gc,cpu         ] GC(703) User=0.00s Sys=0.00s Real=0.00s
[125.598s][info][gc,start       ] GC(704) Pause Young (Allocation Failure)
[125.598s][info][gc,task        ] GC(704) Using 6 workers of 6 for evacuation
[125.602s][info][gc,heap        ] GC(704) ParNew: 281203K->13226K(314560K)
[125.602s][info][gc,heap        ] GC(704) CMS: 125885K->125885K(699072K)
[125.602s][info][gc,metaspace   ] GC(704) Metaspace: 172550K(183256K)->172550K(183256K) NonClass: 151983K(157260K)->151983K(157260K) Class: 20566K(25996K)->20566K(25996K)
[125.602s][info][gc             ] GC(704) Pause Young (Allocation Failure) 397M->135M(989M) 3.921ms
[125.602s][info][gc,cpu         ] GC(704) User=0.00s Sys=0.00s Real=0.00s
[125.634s][info][gc,start       ] GC(705) Pause Young (Allocation Failure)
[125.634s][info][gc,task        ] GC(705) Using 6 workers of 6 for evacuation
[125.640s][info][gc,heap        ] GC(705) ParNew: 292842K->27856K(314560K)
[125.640s][info][gc,heap        ] GC(705) CMS: 125885K->125885K(699072K)
[125.640s][info][gc,metaspace   ] GC(705) Metaspace: 172550K(183256K)->172550K(183256K) NonClass: 151983K(157260K)->151983K(157260K) Class: 20566K(25996K)->20566K(25996K)
[125.640s][info][gc             ] GC(705) Pause Young (Allocation Failure) 408M->150M(989M) 6.130ms
[125.640s][info][gc,cpu         ] GC(705) User=0.00s Sys=0.00s Real=0.00s
[125.673s][info][gc,start       ] GC(706) Pause Young (Allocation Failure)
[125.673s][info][gc,task        ] GC(706) Using 6 workers of 6 for evacuation
[125.681s][info][gc,heap        ] GC(706) ParNew: 307472K->25861K(314560K)
[125.681s][info][gc,heap        ] GC(706) CMS: 125885K->142929K(699072K)
[125.681s][info][gc,metaspace   ] GC(706) Metaspace: 172550K(183256K)->172550K(183256K) NonClass: 151983K(157260K)->151983K(157260K) Class: 20566K(25996K)->20566K(25996K)
[125.681s][info][gc             ] GC(706) Pause Young (Allocation Failure) 423M->164M(989M) 7.673ms
[125.681s][info][gc,cpu         ] GC(706) User=0.02s Sys=0.00s Real=0.02s
[125.711s][info][gc,start       ] GC(707) Pause Young (Allocation Failure)
[125.711s][info][gc,task        ] GC(707) Using 6 workers of 6 for evacuation
[125.718s][info][gc,heap        ] GC(707) ParNew: 305477K->22596K(314560K)
[125.718s][info][gc,heap        ] GC(707) CMS: 142929K->157485K(699072K)
[125.718s][info][gc,metaspace   ] GC(707) Metaspace: 172550K(183256K)->172550K(183256K) NonClass: 151983K(157260K)->151983K(157260K) Class: 20566K(25996K)->20566K(25996K)
[125.718s][info][gc             ] GC(707) Pause Young (Allocation Failure) 437M->175M(989M) 6.355ms
[125.718s][info][gc,cpu         ] GC(707) User=0.00s Sys=0.00s Real=0.00s
[125.748s][info][gc,start       ] GC(708) Pause Young (Allocation Failure)
[125.749s][info][gc,task        ] GC(708) Using 6 workers of 6 for evacuation
[125.755s][info][gc,heap        ] GC(708) ParNew: 302212K->19088K(314560K)
[125.755s][info][gc,heap        ] GC(708) CMS: 157485K->172869K(699072K)
[125.755s][info][gc,metaspace   ] GC(708) Metaspace: 172550K(183256K)->172550K(183256K) NonClass: 151983K(157260K)->151983K(157260K) Class: 20566K(25996K)->20566K(25996K)
[125.755s][info][gc             ] GC(708) Pause Young (Allocation Failure) 448M->187M(989M) 6.271ms
[125.755s][info][gc,cpu         ] GC(708) User=0.02s Sys=0.00s Real=0.02s
[126.052s][info][gc,start       ] GC(709) Pause Young (Allocation Failure)
[126.052s][info][gc,task        ] GC(709) Using 6 workers of 6 for evacuation
[126.056s][info][gc,heap        ] GC(709) ParNew: 295747K->14787K(314560K)
[126.057s][info][gc,heap        ] GC(709) CMS: 172869K->187063K(699072K)
[126.057s][info][gc,metaspace   ] GC(709) Metaspace: 172560K(183256K)->172560K(183256K) NonClass: 151993K(157260K)->151993K(157260K) Class: 20566K(25996K)->20566K(25996K)
[126.057s][info][gc             ] GC(709) Pause Young (Allocation Failure) 457M->197M(989M) 4.446ms
[126.057s][info][gc,cpu         ] GC(709) User=0.00s Sys=0.00s Real=0.00s
[126.417s][info][gc,start       ] GC(710) Pause Young (Allocation Failure)
[126.417s][info][gc,task        ] GC(710) Using 6 workers of 6 for evacuation
[126.420s][info][gc,heap        ] GC(710) ParNew: 293587K->9092K(314560K)
[126.420s][info][gc,heap        ] GC(710) CMS: 187063K->187063K(699072K)
[126.420s][info][gc,metaspace   ] GC(710) Metaspace: 172562K(183256K)->172562K(183256K) NonClass: 151995K(157260K)->151995K(157260K) Class: 20566K(25996K)->20566K(25996K)
[126.420s][info][gc             ] GC(710) Pause Young (Allocation Failure) 469M->191M(989M) 3.219ms
[126.420s][info][gc,cpu         ] GC(710) User=0.00s Sys=0.00s Real=0.00s
[126.764s][info][gc,start       ] GC(711) Pause Young (Allocation Failure)
[126.764s][info][gc,task        ] GC(711) Using 6 workers of 6 for evacuation
[126.767s][info][gc,heap        ] GC(711) ParNew: 288708K->7738K(314560K)
[126.767s][info][gc,heap        ] GC(711) CMS: 187063K->187063K(699072K)
[126.767s][info][gc,metaspace   ] GC(711) Metaspace: 172562K(183256K)->172562K(183256K) NonClass: 151995K(157260K)->151995K(157260K) Class: 20566K(25996K)->20566K(25996K)
[126.767s][info][gc             ] GC(711) Pause Young (Allocation Failure) 464M->190M(989M) 3.152ms
[126.767s][info][gc,cpu         ] GC(711) User=0.00s Sys=0.00s Real=0.00s
[126.901s][info][gc,start       ] GC(712) Pause Full (System.gc())
[126.904s][info][gc,phases,start] GC(712) Phase 1: Mark live objects
[126.983s][info][gc,phases      ] GC(712) Phase 1: Mark live objects 79.027ms
[126.983s][info][gc,phases,start] GC(712) Phase 2: Compute new object addresses
[127.004s][info][gc,phases      ] GC(712) Phase 2: Compute new object addresses 21.234ms
[127.004s][info][gc,phases,start] GC(712) Phase 3: Adjust pointers
[127.052s][info][gc,phases      ] GC(712) Phase 3: Adjust pointers 47.519ms
[127.052s][info][gc,phases,start] GC(712) Phase 4: Move objects
[127.054s][info][gc,phases      ] GC(712) Phase 4: Move objects 2.367ms
[127.055s][info][gc,heap        ] GC(712) ParNew: 103724K->0K(314560K)
[127.055s][info][gc,heap        ] GC(712) CMS: 187063K->126334K(699072K)
[127.055s][info][gc,metaspace   ] GC(712) Metaspace: 172566K(183256K)->172566K(183256K) NonClass: 151999K(157260K)->151999K(157260K) Class: 20566K(25996K)->20566K(25996K)
[127.055s][info][gc             ] GC(712) Pause Full (System.gc()) 283M->123M(989M) 154.183ms
[127.055s][info][gc,cpu         ] GC(712) User=0.14s Sys=0.00s Real=0.14s
[127.124s][info][gc,start       ] GC(713) Pause Young (Allocation Failure)
[127.124s][info][gc,task        ] GC(713) Using 6 workers of 6 for evacuation
[127.126s][info][gc,heap        ] GC(713) ParNew: 279616K->2561K(314560K)
[127.126s][info][gc,heap        ] GC(713) CMS: 126334K->126334K(699072K)
[127.126s][info][gc,metaspace   ] GC(713) Metaspace: 172594K(183256K)->172594K(183256K) NonClass: 152027K(157260K)->152027K(157260K) Class: 20566K(25996K)->20566K(25996K)
[127.126s][info][gc             ] GC(713) Pause Young (Allocation Failure) 396M->125M(989M) 2.475ms
[127.126s][info][gc,cpu         ] GC(713) User=0.00s Sys=0.00s Real=0.00s
[127.155s][info][gc,start       ] GC(714) Pause Young (Allocation Failure)
[127.155s][info][gc,task        ] GC(714) Using 6 workers of 6 for evacuation
[127.157s][info][gc,heap        ] GC(714) ParNew: 282177K->1676K(314560K)
[127.157s][info][gc,heap        ] GC(714) CMS: 126334K->126334K(699072K)
[127.157s][info][gc,metaspace   ] GC(714) Metaspace: 172594K(183256K)->172594K(183256K) NonClass: 152027K(157260K)->152027K(157260K) Class: 20566K(25996K)->20566K(25996K)
[127.157s][info][gc             ] GC(714) Pause Young (Allocation Failure) 398M->125M(989M) 2.085ms
[127.157s][info][gc,cpu         ] GC(714) User=0.00s Sys=0.00s Real=0.00s
[127.230s][info][gc,start       ] GC(715) Pause Young (Allocation Failure)
[127.230s][info][gc,task        ] GC(715) Using 6 workers of 6 for evacuation
[127.234s][info][gc,heap        ] GC(715) ParNew: 281292K->13144K(314560K)
[127.234s][info][gc,heap        ] GC(715) CMS: 126334K->126334K(699072K)
[127.234s][info][gc,metaspace   ] GC(715) Metaspace: 172597K(183256K)->172597K(183256K) NonClass: 152030K(157260K)->152030K(157260K) Class: 20566K(25996K)->20566K(25996K)
[127.234s][info][gc             ] GC(715) Pause Young (Allocation Failure) 398M->136M(989M) 3.808ms
[127.234s][info][gc,cpu         ] GC(715) User=0.00s Sys=0.00s Real=0.00s
[127.266s][info][gc,start       ] GC(716) Pause Young (Allocation Failure)
[127.266s][info][gc,task        ] GC(716) Using 6 workers of 6 for evacuation
[127.270s][info][gc,heap        ] GC(716) ParNew: 292760K->26549K(314560K)
[127.270s][info][gc,heap        ] GC(716) CMS: 126334K->126334K(699072K)
[127.270s][info][gc,metaspace   ] GC(716) Metaspace: 172597K(183256K)->172597K(183256K) NonClass: 152030K(157260K)->152030K(157260K) Class: 20566K(25996K)->20566K(25996K)
[127.271s][info][gc             ] GC(716) Pause Young (Allocation Failure) 409M->149M(989M) 4.990ms
[127.271s][info][gc,cpu         ] GC(716) User=0.00s Sys=0.00s Real=0.00s
[127.301s][info][gc,start       ] GC(717) Pause Young (Allocation Failure)
[127.301s][info][gc,task        ] GC(717) Using 6 workers of 6 for evacuation
[127.308s][info][gc,heap        ] GC(717) ParNew: 306165K->23799K(314560K)
[127.308s][info][gc,heap        ] GC(717) CMS: 126334K->145420K(699072K)
[127.308s][info][gc,metaspace   ] GC(717) Metaspace: 172597K(183256K)->172597K(183256K) NonClass: 152030K(157260K)->152030K(157260K) Class: 20566K(25996K)->20566K(25996K)
[127.308s][info][gc             ] GC(717) Pause Young (Allocation Failure) 422M->165M(989M) 7.198ms
[127.308s][info][gc,cpu         ] GC(717) User=0.00s Sys=0.00s Real=0.00s
[127.339s][info][gc,start       ] GC(718) Pause Young (Allocation Failure)
[127.339s][info][gc,task        ] GC(718) Using 6 workers of 6 for evacuation
[127.346s][info][gc,heap        ] GC(718) ParNew: 303415K->22996K(314560K)
[127.346s][info][gc,heap        ] GC(718) CMS: 145420K->158952K(699072K)
[127.346s][info][gc,metaspace   ] GC(718) Metaspace: 172597K(183256K)->172597K(183256K) NonClass: 152030K(157260K)->152030K(157260K) Class: 20566K(25996K)->20566K(25996K)
[127.346s][info][gc             ] GC(718) Pause Young (Allocation Failure) 438M->177M(989M) 6.606ms
[127.346s][info][gc,cpu         ] GC(718) User=0.00s Sys=0.00s Real=0.02s
[127.376s][info][gc,start       ] GC(719) Pause Young (Allocation Failure)
[127.376s][info][gc,task        ] GC(719) Using 6 workers of 6 for evacuation
[127.382s][info][gc,heap        ] GC(719) ParNew: 302612K->23294K(314560K)
[127.382s][info][gc,heap        ] GC(719) CMS: 158952K->172300K(699072K)
[127.382s][info][gc,metaspace   ] GC(719) Metaspace: 172597K(183256K)->172597K(183256K) NonClass: 152030K(157260K)->152030K(157260K) Class: 20566K(25996K)->20566K(25996K)
[127.382s][info][gc             ] GC(719) Pause Young (Allocation Failure) 450M->191M(989M) 6.368ms
[127.382s][info][gc,cpu         ] GC(719) User=0.00s Sys=0.00s Real=0.00s
[127.702s][info][gc,start       ] GC(720) Pause Young (Allocation Failure)
[127.702s][info][gc,task        ] GC(720) Using 6 workers of 6 for evacuation
[127.707s][info][gc,heap        ] GC(720) ParNew: 302910K->11848K(314560K)
[127.707s][info][gc,heap        ] GC(720) CMS: 172300K->185977K(699072K)
[127.707s][info][gc,metaspace   ] GC(720) Metaspace: 172597K(183256K)->172597K(183256K) NonClass: 152030K(157260K)->152030K(157260K) Class: 20566K(25996K)->20566K(25996K)
[127.707s][info][gc             ] GC(720) Pause Young (Allocation Failure) 464M->193M(989M) 5.088ms
[127.707s][info][gc,cpu         ] GC(720) User=0.00s Sys=0.00s Real=0.02s
[128.067s][info][gc,start       ] GC(721) Pause Young (Allocation Failure)
[128.067s][info][gc,task        ] GC(721) Using 6 workers of 6 for evacuation
[128.070s][info][gc,heap        ] GC(721) ParNew: 291464K->10299K(314560K)
[128.070s][info][gc,heap        ] GC(721) CMS: 185977K->185977K(699072K)
[128.070s][info][gc,metaspace   ] GC(721) Metaspace: 172598K(183256K)->172598K(183256K) NonClass: 152031K(157260K)->152031K(157260K) Class: 20566K(25996K)->20566K(25996K)
[128.070s][info][gc             ] GC(721) Pause Young (Allocation Failure) 466M->191M(989M) 3.389ms
[128.070s][info][gc,cpu         ] GC(721) User=0.00s Sys=0.00s Real=0.00s
[128.415s][info][gc,start       ] GC(722) Pause Young (Allocation Failure)
[128.415s][info][gc,task        ] GC(722) Using 6 workers of 6 for evacuation
[128.418s][info][gc,heap        ] GC(722) ParNew: 289915K->10824K(314560K)
[128.418s][info][gc,heap        ] GC(722) CMS: 185977K->185977K(699072K)
[128.418s][info][gc,metaspace   ] GC(722) Metaspace: 172598K(183256K)->172598K(183256K) NonClass: 152031K(157260K)->152031K(157260K) Class: 20566K(25996K)->20566K(25996K)
[128.419s][info][gc             ] GC(722) Pause Young (Allocation Failure) 464M->192M(989M) 3.739ms
[128.419s][info][gc,cpu         ] GC(722) User=0.00s Sys=0.00s Real=0.00s
[128.550s][info][gc,start       ] GC(723) Pause Full (System.gc())
[128.553s][info][gc,phases,start] GC(723) Phase 1: Mark live objects
[128.633s][info][gc,phases      ] GC(723) Phase 1: Mark live objects 80.011ms
[128.633s][info][gc,phases,start] GC(723) Phase 2: Compute new object addresses
[128.655s][info][gc,phases      ] GC(723) Phase 2: Compute new object addresses 21.570ms
[128.655s][info][gc,phases,start] GC(723) Phase 3: Adjust pointers
[128.702s][info][gc,phases      ] GC(723) Phase 3: Adjust pointers 47.349ms
[128.702s][info][gc,phases,start] GC(723) Phase 4: Move objects
[128.704s][info][gc,phases      ] GC(723) Phase 4: Move objects 2.257ms
[128.705s][info][gc,heap        ] GC(723) ParNew: 97706K->0K(314560K)
[128.705s][info][gc,heap        ] GC(723) CMS: 185977K->125871K(699072K)
[128.705s][info][gc,metaspace   ] GC(723) Metaspace: 172780K(183512K)->172780K(183512K) NonClass: 152213K(157516K)->152213K(157516K) Class: 20566K(25996K)->20566K(25996K)
[128.705s][info][gc             ] GC(723) Pause Full (System.gc()) 277M->122M(989M) 155.041ms
[128.706s][info][gc,cpu         ] GC(723) User=0.11s Sys=0.00s Real=0.14s
[128.773s][info][gc,start       ] GC(724) Pause Young (Allocation Failure)
[128.773s][info][gc,task        ] GC(724) Using 6 workers of 6 for evacuation
[128.775s][info][gc,heap        ] GC(724) ParNew: 279616K->2480K(314560K)
[128.775s][info][gc,heap        ] GC(724) CMS: 125871K->125871K(699072K)
[128.775s][info][gc,metaspace   ] GC(724) Metaspace: 172788K(183512K)->172788K(183512K) NonClass: 152221K(157516K)->152221K(157516K) Class: 20566K(25996K)->20566K(25996K)
[128.775s][info][gc             ] GC(724) Pause Young (Allocation Failure) 395M->125M(989M) 2.302ms
[128.775s][info][gc,cpu         ] GC(724) User=0.00s Sys=0.00s Real=0.00s
[128.803s][info][gc,start       ] GC(725) Pause Young (Allocation Failure)
[128.803s][info][gc,task        ] GC(725) Using 6 workers of 6 for evacuation
[128.805s][info][gc,heap        ] GC(725) ParNew: 282096K->1796K(314560K)
[128.805s][info][gc,heap        ] GC(725) CMS: 125871K->125871K(699072K)
[128.805s][info][gc,metaspace   ] GC(725) Metaspace: 172788K(183512K)->172788K(183512K) NonClass: 152221K(157516K)->152221K(157516K) Class: 20566K(25996K)->20566K(25996K)
[128.805s][info][gc             ] GC(725) Pause Young (Allocation Failure) 398M->124M(989M) 2.013ms
[128.805s][info][gc,cpu         ] GC(725) User=0.00s Sys=0.00s Real=0.00s
[128.879s][info][gc,start       ] GC(726) Pause Young (Allocation Failure)
[128.879s][info][gc,task        ] GC(726) Using 6 workers of 6 for evacuation
[128.883s][info][gc,heap        ] GC(726) ParNew: 281412K->13072K(314560K)
[128.883s][info][gc,heap        ] GC(726) CMS: 125871K->125871K(699072K)
[128.883s][info][gc,metaspace   ] GC(726) Metaspace: 172788K(183512K)->172788K(183512K) NonClass: 152221K(157516K)->152221K(157516K) Class: 20566K(25996K)->20566K(25996K)
[128.883s][info][gc             ] GC(726) Pause Young (Allocation Failure) 397M->135M(989M) 3.922ms
[128.883s][info][gc,cpu         ] GC(726) User=0.00s Sys=0.00s Real=0.02s
[128.915s][info][gc,start       ] GC(727) Pause Young (Allocation Failure)
[128.915s][info][gc,task        ] GC(727) Using 6 workers of 6 for evacuation
[128.919s][info][gc,heap        ] GC(727) ParNew: 292688K->23381K(314560K)
[128.919s][info][gc,heap        ] GC(727) CMS: 125871K->125871K(699072K)
[128.920s][info][gc,metaspace   ] GC(727) Metaspace: 172788K(183512K)->172788K(183512K) NonClass: 152221K(157516K)->152221K(157516K) Class: 20566K(25996K)->20566K(25996K)
[128.920s][info][gc             ] GC(727) Pause Young (Allocation Failure) 408M->145M(989M) 4.758ms
[128.920s][info][gc,cpu         ] GC(727) User=0.00s Sys=0.00s Real=0.00s
[128.950s][info][gc,start       ] GC(728) Pause Young (Allocation Failure)
[128.950s][info][gc,task        ] GC(728) Using 6 workers of 6 for evacuation
[128.957s][info][gc,heap        ] GC(728) ParNew: 302997K->24927K(314560K)
[128.957s][info][gc,heap        ] GC(728) CMS: 125871K->144957K(699072K)
[128.957s][info][gc,metaspace   ] GC(728) Metaspace: 172788K(183512K)->172788K(183512K) NonClass: 152221K(157516K)->152221K(157516K) Class: 20566K(25996K)->20566K(25996K)
[128.957s][info][gc             ] GC(728) Pause Young (Allocation Failure) 418M->165M(989M) 7.303ms
[128.957s][info][gc,cpu         ] GC(728) User=0.00s Sys=0.00s Real=0.00s
[128.988s][info][gc,start       ] GC(729) Pause Young (Allocation Failure)
[128.988s][info][gc,task        ] GC(729) Using 6 workers of 6 for evacuation
[128.994s][info][gc,heap        ] GC(729) ParNew: 304543K->22600K(314560K)
[128.994s][info][gc,heap        ] GC(729) CMS: 144957K->158482K(699072K)
[128.994s][info][gc,metaspace   ] GC(729) Metaspace: 172788K(183512K)->172788K(183512K) NonClass: 152221K(157516K)->152221K(157516K) Class: 20566K(25996K)->20566K(25996K)
[128.994s][info][gc             ] GC(729) Pause Young (Allocation Failure) 438M->176M(989M) 6.155ms
[128.994s][info][gc,cpu         ] GC(729) User=0.00s Sys=0.00s Real=0.00s
[129.024s][info][gc,start       ] GC(730) Pause Young (Allocation Failure)
[129.024s][info][gc,task        ] GC(730) Using 6 workers of 6 for evacuation
[129.031s][info][gc,heap        ] GC(730) ParNew: 302216K->22038K(314560K)
[129.031s][info][gc,heap        ] GC(730) CMS: 158482K->172854K(699072K)
[129.031s][info][gc,metaspace   ] GC(730) Metaspace: 172788K(183512K)->172788K(183512K) NonClass: 152221K(157516K)->152221K(157516K) Class: 20566K(25996K)->20566K(25996K)
[129.031s][info][gc             ] GC(730) Pause Young (Allocation Failure) 449M->190M(989M) 6.417ms
[129.031s][info][gc,cpu         ] GC(730) User=0.00s Sys=0.00s Real=0.00s
[129.329s][info][gc,start       ] GC(731) Pause Young (Allocation Failure)
[129.329s][info][gc,task        ] GC(731) Using 6 workers of 6 for evacuation
[129.334s][info][gc,heap        ] GC(731) ParNew: 297579K->13979K(314560K)
[129.334s][info][gc,heap        ] GC(731) CMS: 172854K->186185K(699072K)
[129.334s][info][gc,metaspace   ] GC(731) Metaspace: 172790K(183512K)->172790K(183512K) NonClass: 152223K(157516K)->152223K(157516K) Class: 20566K(25996K)->20566K(25996K)
[129.334s][info][gc             ] GC(731) Pause Young (Allocation Failure) 459M->195M(989M) 4.638ms
[129.334s][info][gc,cpu         ] GC(731) User=0.00s Sys=0.00s Real=0.00s
[129.692s][info][gc,start       ] GC(732) Pause Young (Allocation Failure)
[129.692s][info][gc,task        ] GC(732) Using 6 workers of 6 for evacuation
[129.695s][info][gc,heap        ] GC(732) ParNew: 292665K->11003K(314560K)
[129.695s][info][gc,heap        ] GC(732) CMS: 186185K->186185K(699072K)
[129.695s][info][gc,metaspace   ] GC(732) Metaspace: 172790K(183512K)->172790K(183512K) NonClass: 152223K(157516K)->152223K(157516K) Class: 20566K(25996K)->20566K(25996K)
[129.695s][info][gc             ] GC(732) Pause Young (Allocation Failure) 467M->192M(989M) 3.234ms
[129.695s][info][gc,cpu         ] GC(732) User=0.00s Sys=0.00s Real=0.00s
[130.020s][info][gc,start       ] GC(733) Pause Young (Allocation Failure)
[130.020s][info][gc,task        ] GC(733) Using 6 workers of 6 for evacuation
[130.023s][info][gc,heap        ] GC(733) ParNew: 290619K->8979K(314560K)
[130.023s][info][gc,heap        ] GC(733) CMS: 186185K->186185K(699072K)
[130.023s][info][gc,metaspace   ] GC(733) Metaspace: 172790K(183512K)->172790K(183512K) NonClass: 152223K(157516K)->152223K(157516K) Class: 20566K(25996K)->20566K(25996K)
[130.023s][info][gc             ] GC(733) Pause Young (Allocation Failure) 465M->190M(989M) 2.899ms
[130.023s][info][gc,cpu         ] GC(733) User=0.00s Sys=0.00s Real=0.00s
[130.174s][info][gc,start       ] GC(734) Pause Full (System.gc())
[130.177s][info][gc,phases,start] GC(734) Phase 1: Mark live objects
[130.255s][info][gc,phases      ] GC(734) Phase 1: Mark live objects 78.458ms
[130.255s][info][gc,phases,start] GC(734) Phase 2: Compute new object addresses
[130.276s][info][gc,phases      ] GC(734) Phase 2: Compute new object addresses 21.265ms
[130.277s][info][gc,phases,start] GC(734) Phase 3: Adjust pointers
[130.324s][info][gc,phases      ] GC(734) Phase 3: Adjust pointers 47.647ms
[130.324s][info][gc,phases,start] GC(734) Phase 4: Move objects
[130.331s][info][gc,phases      ] GC(734) Phase 4: Move objects 7.212ms
[130.332s][info][gc,heap        ] GC(734) ParNew: 106338K->0K(314560K)
[130.332s][info][gc,heap        ] GC(734) CMS: 186185K->126238K(699072K)
[130.332s][info][gc,metaspace   ] GC(734) Metaspace: 172794K(183512K)->172794K(183512K) NonClass: 152228K(157516K)->152228K(157516K) Class: 20566K(25996K)->20566K(25996K)
[130.333s][info][gc             ] GC(734) Pause Full (System.gc()) 285M->123M(989M) 158.342ms
[130.333s][info][gc,cpu         ] GC(734) User=0.14s Sys=0.00s Real=0.16s
[130.401s][info][gc,start       ] GC(735) Pause Young (Allocation Failure)
[130.401s][info][gc,task        ] GC(735) Using 6 workers of 6 for evacuation
[130.403s][info][gc,heap        ] GC(735) ParNew: 279616K->2593K(314560K)
[130.403s][info][gc,heap        ] GC(735) CMS: 126238K->126238K(699072K)
[130.403s][info][gc,metaspace   ] GC(735) Metaspace: 172794K(183512K)->172794K(183512K) NonClass: 152228K(157516K)->152228K(157516K) Class: 20566K(25996K)->20566K(25996K)
[130.403s][info][gc             ] GC(735) Pause Young (Allocation Failure) 396M->125M(989M) 2.327ms
[130.403s][info][gc,cpu         ] GC(735) User=0.00s Sys=0.00s Real=0.00s
[130.431s][info][gc,start       ] GC(736) Pause Young (Allocation Failure)
[130.432s][info][gc,task        ] GC(736) Using 6 workers of 6 for evacuation
[130.433s][info][gc,heap        ] GC(736) ParNew: 282209K->1650K(314560K)
[130.434s][info][gc,heap        ] GC(736) CMS: 126238K->126238K(699072K)
[130.434s][info][gc,metaspace   ] GC(736) Metaspace: 172794K(183512K)->172794K(183512K) NonClass: 152228K(157516K)->152228K(157516K) Class: 20566K(25996K)->20566K(25996K)
[130.434s][info][gc             ] GC(736) Pause Young (Allocation Failure) 398M->124M(989M) 2.156ms
[130.434s][info][gc,cpu         ] GC(736) User=0.00s Sys=0.00s Real=0.00s
[130.507s][info][gc,start       ] GC(737) Pause Young (Allocation Failure)
[130.507s][info][gc,task        ] GC(737) Using 6 workers of 6 for evacuation
[130.511s][info][gc,heap        ] GC(737) ParNew: 281266K->13454K(314560K)
[130.511s][info][gc,heap        ] GC(737) CMS: 126238K->126238K(699072K)
[130.511s][info][gc,metaspace   ] GC(737) Metaspace: 172797K(183512K)->172797K(183512K) NonClass: 152230K(157516K)->152230K(157516K) Class: 20566K(25996K)->20566K(25996K)
[130.511s][info][gc             ] GC(737) Pause Young (Allocation Failure) 397M->136M(989M) 3.924ms
[130.511s][info][gc,cpu         ] GC(737) User=0.00s Sys=0.00s Real=0.00s
[130.542s][info][gc,start       ] GC(738) Pause Young (Allocation Failure)
[130.542s][info][gc,task        ] GC(738) Using 6 workers of 6 for evacuation
[130.547s][info][gc,heap        ] GC(738) ParNew: 293070K->25857K(314560K)
[130.547s][info][gc,heap        ] GC(738) CMS: 126238K->126238K(699072K)
[130.547s][info][gc,metaspace   ] GC(738) Metaspace: 172797K(183512K)->172797K(183512K) NonClass: 152230K(157516K)->152230K(157516K) Class: 20566K(25996K)->20566K(25996K)
[130.547s][info][gc             ] GC(738) Pause Young (Allocation Failure) 409M->148M(989M) 5.155ms
[130.547s][info][gc,cpu         ] GC(738) User=0.02s Sys=0.00s Real=0.02s
[130.578s][info][gc,start       ] GC(739) Pause Young (Allocation Failure)
[130.578s][info][gc,task        ] GC(739) Using 6 workers of 6 for evacuation
[130.585s][info][gc,heap        ] GC(739) ParNew: 305473K->22765K(314560K)
[130.585s][info][gc,heap        ] GC(739) CMS: 126238K->145323K(699072K)
[130.585s][info][gc,metaspace   ] GC(739) Metaspace: 172797K(183512K)->172797K(183512K) NonClass: 152230K(157516K)->152230K(157516K) Class: 20566K(25996K)->20566K(25996K)
[130.585s][info][gc             ] GC(739) Pause Young (Allocation Failure) 421M->164M(989M) 7.181ms
[130.585s][info][gc,cpu         ] GC(739) User=0.00s Sys=0.00s Real=0.00s
[130.616s][info][gc,start       ] GC(740) Pause Young (Allocation Failure)
[130.616s][info][gc,task        ] GC(740) Using 6 workers of 6 for evacuation
[130.622s][info][gc,heap        ] GC(740) ParNew: 302381K->18112K(314560K)
[130.622s][info][gc,heap        ] GC(740) CMS: 145323K->158856K(699072K)
[130.622s][info][gc,metaspace   ] GC(740) Metaspace: 172797K(183512K)->172797K(183512K) NonClass: 152230K(157516K)->152230K(157516K) Class: 20566K(25996K)->20566K(25996K)
[130.622s][info][gc             ] GC(740) Pause Young (Allocation Failure) 437M->172M(989M) 6.083ms
[130.622s][info][gc,cpu         ] GC(740) User=0.00s Sys=0.00s Real=0.00s
[130.656s][info][gc,start       ] GC(741) Pause Young (Allocation Failure)
[130.656s][info][gc,task        ] GC(741) Using 6 workers of 6 for evacuation
[130.662s][info][gc,heap        ] GC(741) ParNew: 297728K->18993K(314560K)
[130.662s][info][gc,heap        ] GC(741) CMS: 158856K->173221K(699072K)
[130.662s][info][gc,metaspace   ] GC(741) Metaspace: 172797K(183512K)->172797K(183512K) NonClass: 152230K(157516K)->152230K(157516K) Class: 20566K(25996K)->20566K(25996K)
[130.663s][info][gc             ] GC(741) Pause Young (Allocation Failure) 445M->187M(989M) 6.373ms
[130.663s][info][gc,cpu         ] GC(741) User=0.00s Sys=0.00s Real=0.00s
[130.961s][info][gc,start       ] GC(742) Pause Young (Allocation Failure)
[130.961s][info][gc,task        ] GC(742) Using 6 workers of 6 for evacuation
[130.966s][info][gc,heap        ] GC(742) ParNew: 298609K->8934K(314560K)
[130.966s][info][gc,heap        ] GC(742) CMS: 173221K->187575K(699072K)
[130.966s][info][gc,metaspace   ] GC(742) Metaspace: 172800K(183512K)->172800K(183512K) NonClass: 152233K(157516K)->152233K(157516K) Class: 20566K(25996K)->20566K(25996K)
[130.966s][info][gc             ] GC(742) Pause Young (Allocation Failure) 460M->191M(989M) 5.330ms
[130.966s][info][gc,cpu         ] GC(742) User=0.00s Sys=0.00s Real=0.00s
[131.308s][info][gc,start       ] GC(743) Pause Young (Allocation Failure)
[131.308s][info][gc,task        ] GC(743) Using 6 workers of 6 for evacuation
[131.311s][info][gc,heap        ] GC(743) ParNew: 284589K->8345K(314560K)
[131.311s][info][gc,heap        ] GC(743) CMS: 187575K->187575K(699072K)
[131.311s][info][gc,metaspace   ] GC(743) Metaspace: 172800K(183512K)->172800K(183512K) NonClass: 152233K(157516K)->152233K(157516K) Class: 20566K(25996K)->20566K(25996K)
[131.311s][info][gc             ] GC(743) Pause Young (Allocation Failure) 461M->191M(989M) 2.705ms
[131.311s][info][gc,cpu         ] GC(743) User=0.00s Sys=0.00s Real=0.00s
[131.667s][info][gc,start       ] GC(744) Pause Young (Allocation Failure)
[131.668s][info][gc,task        ] GC(744) Using 6 workers of 6 for evacuation
[131.671s][info][gc,heap        ] GC(744) ParNew: 287251K->7295K(314560K)
[131.671s][info][gc,heap        ] GC(744) CMS: 187575K->187575K(699072K)
[131.671s][info][gc,metaspace   ] GC(744) Metaspace: 172800K(183512K)->172800K(183512K) NonClass: 152233K(157516K)->152233K(157516K) Class: 20566K(25996K)->20566K(25996K)
[131.671s][info][gc             ] GC(744) Pause Young (Allocation Failure) 463M->190M(989M) 3.222ms
[131.671s][info][gc,cpu         ] GC(744) User=0.00s Sys=0.00s Real=0.00s
[131.802s][info][gc,start       ] GC(745) Pause Full (System.gc())
[131.805s][info][gc,phases,start] GC(745) Phase 1: Mark live objects
[131.883s][info][gc,phases      ] GC(745) Phase 1: Mark live objects 78.288ms
[131.884s][info][gc,phases,start] GC(745) Phase 2: Compute new object addresses
[131.905s][info][gc,phases      ] GC(745) Phase 2: Compute new object addresses 21.143ms
[131.905s][info][gc,phases,start] GC(745) Phase 3: Adjust pointers
[131.952s][info][gc,phases      ] GC(745) Phase 3: Adjust pointers 47.114ms
[131.952s][info][gc,phases,start] GC(745) Phase 4: Move objects
[131.954s][info][gc,phases      ] GC(745) Phase 4: Move objects 2.318ms
[131.955s][info][gc,heap        ] GC(745) ParNew: 102780K->0K(314560K)
[131.955s][info][gc,heap        ] GC(745) CMS: 187575K->125832K(699072K)
[131.955s][info][gc,metaspace   ] GC(745) Metaspace: 172800K(183512K)->172800K(183512K) NonClass: 152233K(157516K)->152233K(157516K) Class: 20566K(25996K)->20566K(25996K)
[131.955s][info][gc             ] GC(745) Pause Full (System.gc()) 283M->122M(989M) 153.031ms
[131.955s][info][gc,cpu         ] GC(745) User=0.12s Sys=0.00s Real=0.14s
[132.023s][info][gc,start       ] GC(746) Pause Young (Allocation Failure)
[132.023s][info][gc,task        ] GC(746) Using 6 workers of 6 for evacuation
[132.025s][info][gc,heap        ] GC(746) ParNew: 279616K->2322K(314560K)
[132.025s][info][gc,heap        ] GC(746) CMS: 125832K->125832K(699072K)
[132.025s][info][gc,metaspace   ] GC(746) Metaspace: 172800K(183512K)->172800K(183512K) NonClass: 152233K(157516K)->152233K(157516K) Class: 20566K(25996K)->20566K(25996K)
[132.025s][info][gc             ] GC(746) Pause Young (Allocation Failure) 395M->125M(989M) 2.364ms
[132.025s][info][gc,cpu         ] GC(746) User=0.00s Sys=0.00s Real=0.00s
[132.053s][info][gc,start       ] GC(747) Pause Young (Allocation Failure)
[132.053s][info][gc,task        ] GC(747) Using 6 workers of 6 for evacuation
[132.055s][info][gc,heap        ] GC(747) ParNew: 281938K->1725K(314560K)
[132.055s][info][gc,heap        ] GC(747) CMS: 125832K->125832K(699072K)
[132.055s][info][gc,metaspace   ] GC(747) Metaspace: 172800K(183512K)->172800K(183512K) NonClass: 152233K(157516K)->152233K(157516K) Class: 20566K(25996K)->20566K(25996K)
[132.055s][info][gc             ] GC(747) Pause Young (Allocation Failure) 398M->124M(989M) 2.294ms
[132.055s][info][gc,cpu         ] GC(747) User=0.02s Sys=0.00s Real=0.02s
[132.130s][info][gc,start       ] GC(748) Pause Young (Allocation Failure)
[132.130s][info][gc,task        ] GC(748) Using 6 workers of 6 for evacuation
[132.134s][info][gc,heap        ] GC(748) ParNew: 281341K->13565K(314560K)
[132.134s][info][gc,heap        ] GC(748) CMS: 125832K->125832K(699072K)
[132.134s][info][gc,metaspace   ] GC(748) Metaspace: 172802K(183512K)->172802K(183512K) NonClass: 152235K(157516K)->152235K(157516K) Class: 20566K(25996K)->20566K(25996K)
[132.134s][info][gc             ] GC(748) Pause Young (Allocation Failure) 397M->136M(989M) 4.013ms
[132.134s][info][gc,cpu         ] GC(748) User=0.02s Sys=0.00s Real=0.02s
[132.165s][info][gc,start       ] GC(749) Pause Young (Allocation Failure)
[132.165s][info][gc,task        ] GC(749) Using 6 workers of 6 for evacuation
[132.170s][info][gc,heap        ] GC(749) ParNew: 293181K->27546K(314560K)
[132.170s][info][gc,heap        ] GC(749) CMS: 125832K->125832K(699072K)
[132.170s][info][gc,metaspace   ] GC(749) Metaspace: 172802K(183512K)->172802K(183512K) NonClass: 152235K(157516K)->152235K(157516K) Class: 20566K(25996K)->20566K(25996K)
[132.170s][info][gc             ] GC(749) Pause Young (Allocation Failure) 409M->149M(989M) 5.396ms
[132.170s][info][gc,cpu         ] GC(749) User=0.00s Sys=0.00s Real=0.00s
[132.201s][info][gc,start       ] GC(750) Pause Young (Allocation Failure)
[132.201s][info][gc,task        ] GC(750) Using 6 workers of 6 for evacuation
[132.208s][info][gc,heap        ] GC(750) ParNew: 307162K->23634K(314560K)
[132.208s][info][gc,heap        ] GC(750) CMS: 125832K->143951K(699072K)
[132.208s][info][gc,metaspace   ] GC(750) Metaspace: 172802K(183512K)->172802K(183512K) NonClass: 152235K(157516K)->152235K(157516K) Class: 20566K(25996K)->20566K(25996K)
[132.208s][info][gc             ] GC(750) Pause Young (Allocation Failure) 422M->163M(989M) 7.433ms
[132.209s][info][gc,cpu         ] GC(750) User=0.00s Sys=0.00s Real=0.00s
[132.240s][info][gc,start       ] GC(751) Pause Young (Allocation Failure)
[132.240s][info][gc,task        ] GC(751) Using 6 workers of 6 for evacuation
[132.246s][info][gc,heap        ] GC(751) ParNew: 303250K->23278K(314560K)
[132.246s][info][gc,heap        ] GC(751) CMS: 143951K->157501K(699072K)
[132.246s][info][gc,metaspace   ] GC(751) Metaspace: 172802K(183512K)->172802K(183512K) NonClass: 152235K(157516K)->152235K(157516K) Class: 20566K(25996K)->20566K(25996K)
[132.246s][info][gc             ] GC(751) Pause Young (Allocation Failure) 436M->176M(989M) 6.578ms
[132.246s][info][gc,cpu         ] GC(751) User=0.02s Sys=0.00s Real=0.01s
[132.276s][info][gc,start       ] GC(752) Pause Young (Allocation Failure)
[132.276s][info][gc,task        ] GC(752) Using 6 workers of 6 for evacuation
[132.283s][info][gc,heap        ] GC(752) ParNew: 302894K->21964K(314560K)
[132.283s][info][gc,heap        ] GC(752) CMS: 157501K->172874K(699072K)
[132.283s][info][gc,metaspace   ] GC(752) Metaspace: 172802K(183512K)->172802K(183512K) NonClass: 152235K(157516K)->152235K(157516K) Class: 20566K(25996K)->20566K(25996K)
[132.283s][info][gc             ] GC(752) Pause Young (Allocation Failure) 449M->190M(989M) 6.636ms
[132.283s][info][gc,cpu         ] GC(752) User=0.00s Sys=0.00s Real=0.00s
[132.585s][info][gc,start       ] GC(753) Pause Young (Allocation Failure)
[132.585s][info][gc,task        ] GC(753) Using 6 workers of 6 for evacuation
[132.590s][info][gc,heap        ] GC(753) ParNew: 301552K->13574K(314560K)
[132.590s][info][gc,heap        ] GC(753) CMS: 172874K->185328K(699072K)
[132.590s][info][gc,metaspace   ] GC(753) Metaspace: 172802K(183512K)->172802K(183512K) NonClass: 152235K(157516K)->152235K(157516K) Class: 20566K(25996K)->20566K(25996K)
[132.590s][info][gc             ] GC(753) Pause Young (Allocation Failure) 463M->194M(989M) 5.274ms
[132.590s][info][gc,cpu         ] GC(753) User=0.02s Sys=0.00s Real=0.01s
[132.950s][info][gc,start       ] GC(754) Pause Young (Allocation Failure)
[132.950s][info][gc,task        ] GC(754) Using 6 workers of 6 for evacuation
[132.953s][info][gc,heap        ] GC(754) ParNew: 293190K->11505K(314560K)
[132.954s][info][gc,heap        ] GC(754) CMS: 185328K->185328K(699072K)
[132.954s][info][gc,metaspace   ] GC(754) Metaspace: 172802K(183512K)->172802K(183512K) NonClass: 152235K(157516K)->152235K(157516K) Class: 20566K(25996K)->20566K(25996K)
[132.954s][info][gc             ] GC(754) Pause Young (Allocation Failure) 467M->192M(989M) 3.491ms
[132.954s][info][gc,cpu         ] GC(754) User=0.00s Sys=0.00s Real=0.00s
[133.309s][info][gc,start       ] GC(755) Pause Young (Allocation Failure)
[133.309s][info][gc,task        ] GC(755) Using 6 workers of 6 for evacuation
[133.312s][info][gc,heap        ] GC(755) ParNew: 291121K->10271K(314560K)
[133.312s][info][gc,heap        ] GC(755) CMS: 185328K->185328K(699072K)
[133.312s][info][gc,metaspace   ] GC(755) Metaspace: 172802K(183512K)->172802K(183512K) NonClass: 152235K(157516K)->152235K(157516K) Class: 20566K(25996K)->20566K(25996K)
[133.312s][info][gc             ] GC(755) Pause Young (Allocation Failure) 465M->191M(989M) 3.231ms
[133.312s][info][gc,cpu         ] GC(755) User=0.02s Sys=0.00s Real=0.02s
[133.435s][info][gc,start       ] GC(756) Pause Full (System.gc())
[133.438s][info][gc,phases,start] GC(756) Phase 1: Mark live objects
[133.517s][info][gc,phases      ] GC(756) Phase 1: Mark live objects 78.675ms
[133.517s][info][gc,phases,start] GC(756) Phase 2: Compute new object addresses
[133.538s][info][gc,phases      ] GC(756) Phase 2: Compute new object addresses 20.857ms
[133.538s][info][gc,phases,start] GC(756) Phase 3: Adjust pointers
[133.585s][info][gc,phases      ] GC(756) Phase 3: Adjust pointers 47.124ms
[133.585s][info][gc,phases,start] GC(756) Phase 4: Move objects
[133.587s][info][gc,phases      ] GC(756) Phase 4: Move objects 2.303ms
[133.588s][info][gc,heap        ] GC(756) ParNew: 96443K->0K(314560K)
[133.588s][info][gc,heap        ] GC(756) CMS: 185328K->126089K(699072K)
[133.588s][info][gc,metaspace   ] GC(756) Metaspace: 172802K(183512K)->172802K(183512K) NonClass: 152235K(157516K)->152235K(157516K) Class: 20566K(25996K)->20566K(25996K)
[133.588s][info][gc             ] GC(756) Pause Full (System.gc()) 275M->123M(989M) 153.238ms
[133.588s][info][gc,cpu         ] GC(756) User=0.14s Sys=0.00s Real=0.16s
[133.660s][info][gc,start       ] GC(757) Pause Young (Allocation Failure)
[133.660s][info][gc,task        ] GC(757) Using 6 workers of 6 for evacuation
[133.662s][info][gc,heap        ] GC(757) ParNew: 279616K->2987K(314560K)
[133.662s][info][gc,heap        ] GC(757) CMS: 126089K->126089K(699072K)
[133.662s][info][gc,metaspace   ] GC(757) Metaspace: 172804K(183512K)->172804K(183512K) NonClass: 152237K(157516K)->152237K(157516K) Class: 20566K(25996K)->20566K(25996K)
[133.662s][info][gc             ] GC(757) Pause Young (Allocation Failure) 396M->126M(989M) 2.318ms
[133.663s][info][gc,cpu         ] GC(757) User=0.00s Sys=0.00s Real=0.00s
[133.692s][info][gc,start       ] GC(758) Pause Young (Allocation Failure)
[133.692s][info][gc,task        ] GC(758) Using 6 workers of 6 for evacuation
[133.694s][info][gc,heap        ] GC(758) ParNew: 282603K->1604K(314560K)
[133.694s][info][gc,heap        ] GC(758) CMS: 126089K->126089K(699072K)
[133.694s][info][gc,metaspace   ] GC(758) Metaspace: 172804K(183512K)->172804K(183512K) NonClass: 152237K(157516K)->152237K(157516K) Class: 20566K(25996K)->20566K(25996K)
[133.694s][info][gc             ] GC(758) Pause Young (Allocation Failure) 399M->124M(989M) 1.870ms
[133.694s][info][gc,cpu         ] GC(758) User=0.00s Sys=0.00s Real=0.00s
[133.771s][info][gc,start       ] GC(759) Pause Young (Allocation Failure)
[133.771s][info][gc,task        ] GC(759) Using 6 workers of 6 for evacuation
[133.775s][info][gc,heap        ] GC(759) ParNew: 281220K->13296K(314560K)
[133.775s][info][gc,heap        ] GC(759) CMS: 126089K->126089K(699072K)
[133.775s][info][gc,metaspace   ] GC(759) Metaspace: 172804K(183512K)->172804K(183512K) NonClass: 152237K(157516K)->152237K(157516K) Class: 20566K(25996K)->20566K(25996K)
[133.775s][info][gc             ] GC(759) Pause Young (Allocation Failure) 397M->136M(989M) 3.941ms
[133.775s][info][gc,cpu         ] GC(759) User=0.00s Sys=0.00s Real=0.00s
[133.807s][info][gc,start       ] GC(760) Pause Young (Allocation Failure)
[133.807s][info][gc,task        ] GC(760) Using 6 workers of 6 for evacuation
[133.812s][info][gc,heap        ] GC(760) ParNew: 292912K->26097K(314560K)
[133.812s][info][gc,heap        ] GC(760) CMS: 126089K->126089K(699072K)
[133.812s][info][gc,metaspace   ] GC(760) Metaspace: 172804K(183512K)->172804K(183512K) NonClass: 152237K(157516K)->152237K(157516K) Class: 20566K(25996K)->20566K(25996K)
[133.812s][info][gc             ] GC(760) Pause Young (Allocation Failure) 409M->148M(989M) 5.006ms
[133.812s][info][gc,cpu         ] GC(760) User=0.00s Sys=0.00s Real=0.00s
[133.843s][info][gc,start       ] GC(761) Pause Young (Allocation Failure)
[133.843s][info][gc,task        ] GC(761) Using 6 workers of 6 for evacuation
[133.850s][info][gc,heap        ] GC(761) ParNew: 305713K->21647K(314560K)
[133.850s][info][gc,heap        ] GC(761) CMS: 126089K->145171K(699072K)
[133.850s][info][gc,metaspace   ] GC(761) Metaspace: 172804K(183512K)->172804K(183512K) NonClass: 152237K(157516K)->152237K(157516K) Class: 20566K(25996K)->20566K(25996K)
[133.850s][info][gc             ] GC(761) Pause Young (Allocation Failure) 421M->162M(989M) 7.308ms
[133.850s][info][gc,cpu         ] GC(761) User=0.00s Sys=0.02s Real=0.02s
[133.881s][info][gc,start       ] GC(762) Pause Young (Allocation Failure)
[133.881s][info][gc,task        ] GC(762) Using 6 workers of 6 for evacuation
[133.887s][info][gc,heap        ] GC(762) ParNew: 301263K->23052K(314560K)
[133.887s][info][gc,heap        ] GC(762) CMS: 145171K->158704K(699072K)
[133.887s][info][gc,metaspace   ] GC(762) Metaspace: 172804K(183512K)->172804K(183512K) NonClass: 152237K(157516K)->152237K(157516K) Class: 20566K(25996K)->20566K(25996K)
[133.888s][info][gc             ] GC(762) Pause Young (Allocation Failure) 435M->177M(989M) 6.577ms
[133.888s][info][gc,cpu         ] GC(762) User=0.00s Sys=0.00s Real=0.00s
[133.918s][info][gc,start       ] GC(763) Pause Young (Allocation Failure)
[133.918s][info][gc,task        ] GC(763) Using 6 workers of 6 for evacuation
[133.924s][info][gc,heap        ] GC(763) ParNew: 302668K->28227K(314560K)
[133.924s][info][gc,heap        ] GC(763) CMS: 158704K->172046K(699072K)
[133.924s][info][gc,metaspace   ] GC(763) Metaspace: 172804K(183512K)->172804K(183512K) NonClass: 152237K(157516K)->152237K(157516K) Class: 20566K(25996K)->20566K(25996K)
[133.924s][info][gc             ] GC(763) Pause Young (Allocation Failure) 450M->195M(989M) 6.889ms
[133.924s][info][gc,cpu         ] GC(763) User=0.02s Sys=0.00s Real=0.02s
[134.228s][info][gc,start       ] GC(764) Pause Young (Allocation Failure)
[134.228s][info][gc,task        ] GC(764) Using 6 workers of 6 for evacuation
[134.233s][info][gc,heap        ] GC(764) ParNew: 307843K->15522K(314560K)
[134.233s][info][gc,heap        ] GC(764) CMS: 172046K->185386K(699072K)
[134.233s][info][gc,metaspace   ] GC(764) Metaspace: 172804K(183512K)->172804K(183512K) NonClass: 152237K(157516K)->152237K(157516K) Class: 20566K(25996K)->20566K(25996K)
[134.233s][info][gc             ] GC(764) Pause Young (Allocation Failure) 468M->196M(989M) 5.112ms
[134.233s][info][gc,cpu         ] GC(764) User=0.00s Sys=0.00s Real=0.00s
[134.587s][info][gc,start       ] GC(765) Pause Young (Allocation Failure)
[134.587s][info][gc,task        ] GC(765) Using 6 workers of 6 for evacuation
[134.590s][info][gc,heap        ] GC(765) ParNew: 295138K->11325K(314560K)
[134.591s][info][gc,heap        ] GC(765) CMS: 185386K->185386K(699072K)
[134.591s][info][gc,metaspace   ] GC(765) Metaspace: 172804K(183512K)->172804K(183512K) NonClass: 152237K(157516K)->152237K(157516K) Class: 20566K(25996K)->20566K(25996K)
[134.591s][info][gc             ] GC(765) Pause Young (Allocation Failure) 469M->192M(989M) 3.396ms
[134.591s][info][gc,cpu         ] GC(765) User=0.00s Sys=0.00s Real=0.00s
[134.934s][info][gc,start       ] GC(766) Pause Young (Allocation Failure)
[134.934s][info][gc,task        ] GC(766) Using 6 workers of 6 for evacuation
[134.937s][info][gc,heap        ] GC(766) ParNew: 290941K->11596K(314560K)
[134.937s][info][gc,heap        ] GC(766) CMS: 185386K->185386K(699072K)
[134.937s][info][gc,metaspace   ] GC(766) Metaspace: 172804K(183512K)->172804K(183512K) NonClass: 152237K(157516K)->152237K(157516K) Class: 20566K(25996K)->20566K(25996K)
[134.937s][info][gc             ] GC(766) Pause Young (Allocation Failure) 465M->192M(989M) 3.837ms
[134.937s][info][gc,cpu         ] GC(766) User=0.00s Sys=0.00s Real=0.00s
[135.064s][info][gc,start       ] GC(767) Pause Full (System.gc())
[135.067s][info][gc,phases,start] GC(767) Phase 1: Mark live objects
[135.146s][info][gc,phases      ] GC(767) Phase 1: Mark live objects 79.528ms
[135.146s][info][gc,phases,start] GC(767) Phase 2: Compute new object addresses
[135.167s][info][gc,phases      ] GC(767) Phase 2: Compute new object addresses 20.939ms
[135.167s][info][gc,phases,start] GC(767) Phase 3: Adjust pointers
[135.216s][info][gc,phases      ] GC(767) Phase 3: Adjust pointers 48.573ms
[135.216s][info][gc,phases,start] GC(767) Phase 4: Move objects
[135.228s][info][gc,phases      ] GC(767) Phase 4: Move objects 11.902ms
[135.229s][info][gc,heap        ] GC(767) ParNew: 99636K->0K(314560K)
[135.229s][info][gc,heap        ] GC(767) CMS: 185386K->125694K(699072K)
[135.229s][info][gc,metaspace   ] GC(767) Metaspace: 172806K(183512K)->172806K(183512K) NonClass: 152239K(157516K)->152239K(157516K) Class: 20566K(25996K)->20566K(25996K)
[135.229s][info][gc             ] GC(767) Pause Full (System.gc()) 278M->122M(989M) 164.751ms
[135.229s][info][gc,cpu         ] GC(767) User=0.16s Sys=0.00s Real=0.17s
[135.296s][info][gc,start       ] GC(768) Pause Young (Allocation Failure)
[135.296s][info][gc,task        ] GC(768) Using 6 workers of 6 for evacuation
[135.298s][info][gc,heap        ] GC(768) ParNew: 279616K->2984K(314560K)
[135.299s][info][gc,heap        ] GC(768) CMS: 125694K->125694K(699072K)
[135.299s][info][gc,metaspace   ] GC(768) Metaspace: 172808K(183512K)->172808K(183512K) NonClass: 152241K(157516K)->152241K(157516K) Class: 20566K(25996K)->20566K(25996K)
[135.299s][info][gc             ] GC(768) Pause Young (Allocation Failure) 395M->125M(989M) 2.200ms
[135.299s][info][gc,cpu         ] GC(768) User=0.00s Sys=0.00s Real=0.00s
[135.326s][info][gc,start       ] GC(769) Pause Young (Allocation Failure)
[135.326s][info][gc,task        ] GC(769) Using 6 workers of 6 for evacuation
[135.328s][info][gc,heap        ] GC(769) ParNew: 282600K->1801K(314560K)
[135.328s][info][gc,heap        ] GC(769) CMS: 125694K->125694K(699072K)
[135.328s][info][gc,metaspace   ] GC(769) Metaspace: 172808K(183512K)->172808K(183512K) NonClass: 152241K(157516K)->152241K(157516K) Class: 20566K(25996K)->20566K(25996K)
[135.328s][info][gc             ] GC(769) Pause Young (Allocation Failure) 398M->124M(989M) 2.093ms
[135.328s][info][gc,cpu         ] GC(769) User=0.00s Sys=0.00s Real=0.00s
[135.400s][info][gc,start       ] GC(770) Pause Young (Allocation Failure)
[135.400s][info][gc,task        ] GC(770) Using 6 workers of 6 for evacuation
[135.404s][info][gc,heap        ] GC(770) ParNew: 281417K->14191K(314560K)
[135.404s][info][gc,heap        ] GC(770) CMS: 125694K->125694K(699072K)
[135.404s][info][gc,metaspace   ] GC(770) Metaspace: 172808K(183512K)->172808K(183512K) NonClass: 152241K(157516K)->152241K(157516K) Class: 20566K(25996K)->20566K(25996K)
[135.404s][info][gc             ] GC(770) Pause Young (Allocation Failure) 397M->136M(989M) 3.798ms
[135.404s][info][gc,cpu         ] GC(770) User=0.00s Sys=0.00s Real=0.00s
[135.435s][info][gc,start       ] GC(771) Pause Young (Allocation Failure)
[135.435s][info][gc,task        ] GC(771) Using 6 workers of 6 for evacuation
[135.440s][info][gc,heap        ] GC(771) ParNew: 293807K->24686K(314560K)
[135.440s][info][gc,heap        ] GC(771) CMS: 125694K->125694K(699072K)
[135.440s][info][gc,metaspace   ] GC(771) Metaspace: 172808K(183512K)->172808K(183512K) NonClass: 152241K(157516K)->152241K(157516K) Class: 20566K(25996K)->20566K(25996K)
[135.440s][info][gc             ] GC(771) Pause Young (Allocation Failure) 409M->146M(989M) 5.025ms
[135.440s][info][gc,cpu         ] GC(771) User=0.00s Sys=0.00s Real=0.00s
[135.471s][info][gc,start       ] GC(772) Pause Young (Allocation Failure)
[135.471s][info][gc,task        ] GC(772) Using 6 workers of 6 for evacuation
[135.480s][info][gc,heap        ] GC(772) ParNew: 304302K->21863K(314560K)
[135.480s][info][gc,heap        ] GC(772) CMS: 125694K->144781K(699072K)
[135.480s][info][gc,metaspace   ] GC(772) Metaspace: 172808K(183512K)->172808K(183512K) NonClass: 152241K(157516K)->152241K(157516K) Class: 20566K(25996K)->20566K(25996K)
[135.480s][info][gc             ] GC(772) Pause Young (Allocation Failure) 419M->162M(989M) 9.447ms
[135.480s][info][gc,cpu         ] GC(772) User=0.02s Sys=0.00s Real=0.02s
[135.513s][info][gc,start       ] GC(773) Pause Young (Allocation Failure)
[135.513s][info][gc,task        ] GC(773) Using 6 workers of 6 for evacuation
[135.519s][info][gc,heap        ] GC(773) ParNew: 301479K->21729K(314560K)
[135.519s][info][gc,heap        ] GC(773) CMS: 144781K->158312K(699072K)
[135.519s][info][gc,metaspace   ] GC(773) Metaspace: 172808K(183512K)->172808K(183512K) NonClass: 152241K(157516K)->152241K(157516K) Class: 20566K(25996K)->20566K(25996K)
[135.519s][info][gc             ] GC(773) Pause Young (Allocation Failure) 435M->175M(989M) 6.217ms
[135.519s][info][gc,cpu         ] GC(773) User=0.00s Sys=0.00s Real=0.00s
[135.549s][info][gc,start       ] GC(774) Pause Young (Allocation Failure)
[135.549s][info][gc,task        ] GC(774) Using 6 workers of 6 for evacuation
[135.556s][info][gc,heap        ] GC(774) ParNew: 301345K->22471K(314560K)
[135.556s][info][gc,heap        ] GC(774) CMS: 158312K->172677K(699072K)
[135.556s][info][gc,metaspace   ] GC(774) Metaspace: 172808K(183512K)->172808K(183512K) NonClass: 152241K(157516K)->152241K(157516K) Class: 20566K(25996K)->20566K(25996K)
[135.556s][info][gc             ] GC(774) Pause Young (Allocation Failure) 448M->190M(989M) 6.353ms
[135.556s][info][gc,cpu         ] GC(774) User=0.00s Sys=0.00s Real=0.00s
[135.843s][info][gc,start       ] GC(775) Pause Young (Allocation Failure)
[135.844s][info][gc,task        ] GC(775) Using 6 workers of 6 for evacuation
[135.848s][info][gc,heap        ] GC(775) ParNew: 302087K->12053K(314560K)
[135.848s][info][gc,heap        ] GC(775) CMS: 172677K->185337K(699072K)
[135.848s][info][gc,metaspace   ] GC(775) Metaspace: 172808K(183512K)->172808K(183512K) NonClass: 152241K(157516K)->152241K(157516K) Class: 20566K(25996K)->20566K(25996K)
[135.848s][info][gc             ] GC(775) Pause Young (Allocation Failure) 463M->192M(989M) 4.756ms
[135.848s][info][gc,cpu         ] GC(775) User=0.00s Sys=0.00s Real=0.00s
[136.191s][info][gc,start       ] GC(776) Pause Young (Allocation Failure)
[136.191s][info][gc,task        ] GC(776) Using 6 workers of 6 for evacuation
[136.194s][info][gc,heap        ] GC(776) ParNew: 287916K->12900K(314560K)
[136.194s][info][gc,heap        ] GC(776) CMS: 185337K->185337K(699072K)
[136.194s][info][gc,metaspace   ] GC(776) Metaspace: 172808K(183512K)->172808K(183512K) NonClass: 152241K(157516K)->152241K(157516K) Class: 20566K(25996K)->20566K(25996K)
[136.194s][info][gc             ] GC(776) Pause Young (Allocation Failure) 462M->193M(989M) 2.983ms
[136.194s][info][gc,cpu         ] GC(776) User=0.00s Sys=0.00s Real=0.00s
[136.540s][info][gc,start       ] GC(777) Pause Young (Allocation Failure)
[136.540s][info][gc,task        ] GC(777) Using 6 workers of 6 for evacuation
[136.543s][info][gc,heap        ] GC(777) ParNew: 291536K->10398K(314560K)
[136.543s][info][gc,heap        ] GC(777) CMS: 185337K->185337K(699072K)
[136.543s][info][gc,metaspace   ] GC(777) Metaspace: 172808K(183512K)->172808K(183512K) NonClass: 152241K(157516K)->152241K(157516K) Class: 20566K(25996K)->20566K(25996K)
[136.543s][info][gc             ] GC(777) Pause Young (Allocation Failure) 465M->191M(989M) 2.978ms
[136.543s][info][gc,cpu         ] GC(777) User=0.00s Sys=0.00s Real=0.00s
[136.673s][info][gc,start       ] GC(778) Pause Full (System.gc())
[136.675s][info][gc,phases,start] GC(778) Phase 1: Mark live objects
[136.758s][info][gc,phases      ] GC(778) Phase 1: Mark live objects 82.623ms
[136.758s][info][gc,phases,start] GC(778) Phase 2: Compute new object addresses
[136.779s][info][gc,phases      ] GC(778) Phase 2: Compute new object addresses 21.210ms
[136.779s][info][gc,phases,start] GC(778) Phase 3: Adjust pointers
[136.827s][info][gc,phases      ] GC(778) Phase 3: Adjust pointers 47.482ms
[136.827s][info][gc,phases,start] GC(778) Phase 4: Move objects
[136.829s][info][gc,phases      ] GC(778) Phase 4: Move objects 2.281ms
[136.830s][info][gc,heap        ] GC(778) ParNew: 107040K->0K(314560K)
[136.830s][info][gc,heap        ] GC(778) CMS: 185337K->126146K(699072K)
[136.830s][info][gc,metaspace   ] GC(778) Metaspace: 172808K(183512K)->172808K(183512K) NonClass: 152241K(157516K)->152241K(157516K) Class: 20566K(25996K)->20566K(25996K)
[136.830s][info][gc             ] GC(778) Pause Full (System.gc()) 285M->123M(989M) 157.308ms
[136.831s][info][gc,cpu         ] GC(778) User=0.09s Sys=0.00s Real=0.16s
[136.900s][info][gc,start       ] GC(779) Pause Young (Allocation Failure)
[136.900s][info][gc,task        ] GC(779) Using 6 workers of 6 for evacuation
[136.902s][info][gc,heap        ] GC(779) ParNew: 279616K->3694K(314560K)
[136.902s][info][gc,heap        ] GC(779) CMS: 126146K->126146K(699072K)
[136.902s][info][gc,metaspace   ] GC(779) Metaspace: 172810K(183512K)->172810K(183512K) NonClass: 152243K(157516K)->152243K(157516K) Class: 20566K(25996K)->20566K(25996K)
[136.902s][info][gc             ] GC(779) Pause Young (Allocation Failure) 396M->126M(989M) 2.400ms
[136.902s][info][gc,cpu         ] GC(779) User=0.00s Sys=0.00s Real=0.01s
[136.930s][info][gc,start       ] GC(780) Pause Young (Allocation Failure)
[136.930s][info][gc,task        ] GC(780) Using 6 workers of 6 for evacuation
[136.932s][info][gc,heap        ] GC(780) ParNew: 283310K->1841K(314560K)
[136.932s][info][gc,heap        ] GC(780) CMS: 126146K->126146K(699072K)
[136.932s][info][gc,metaspace   ] GC(780) Metaspace: 172810K(183512K)->172810K(183512K) NonClass: 152243K(157516K)->152243K(157516K) Class: 20566K(25996K)->20566K(25996K)
[136.932s][info][gc             ] GC(780) Pause Young (Allocation Failure) 399M->124M(989M) 2.094ms
[136.932s][info][gc,cpu         ] GC(780) User=0.00s Sys=0.00s Real=0.00s
[137.010s][info][gc,start       ] GC(781) Pause Young (Allocation Failure)
[137.010s][info][gc,task        ] GC(781) Using 6 workers of 6 for evacuation
[137.013s][info][gc,heap        ] GC(781) ParNew: 281457K->13229K(314560K)
[137.013s][info][gc,heap        ] GC(781) CMS: 126146K->126146K(699072K)
[137.013s][info][gc,metaspace   ] GC(781) Metaspace: 172810K(183512K)->172810K(183512K) NonClass: 152243K(157516K)->152243K(157516K) Class: 20566K(25996K)->20566K(25996K)
[137.013s][info][gc             ] GC(781) Pause Young (Allocation Failure) 398M->136M(989M) 3.757ms
[137.013s][info][gc,cpu         ] GC(781) User=0.00s Sys=0.00s Real=0.00s
[137.045s][info][gc,start       ] GC(782) Pause Young (Allocation Failure)
[137.045s][info][gc,task        ] GC(782) Using 6 workers of 6 for evacuation
[137.050s][info][gc,heap        ] GC(782) ParNew: 292845K->23968K(314560K)
[137.050s][info][gc,heap        ] GC(782) CMS: 126146K->126146K(699072K)
[137.050s][info][gc,metaspace   ] GC(782) Metaspace: 172810K(183512K)->172810K(183512K) NonClass: 152243K(157516K)->152243K(157516K) Class: 20566K(25996K)->20566K(25996K)
[137.050s][info][gc             ] GC(782) Pause Young (Allocation Failure) 409M->146M(989M) 5.150ms
[137.050s][info][gc,cpu         ] GC(782) User=0.02s Sys=0.00s Real=0.02s
[137.080s][info][gc,start       ] GC(783) Pause Young (Allocation Failure)
[137.080s][info][gc,task        ] GC(783) Using 6 workers of 6 for evacuation
[137.088s][info][gc,heap        ] GC(783) ParNew: 303584K->20475K(314560K)
[137.088s][info][gc,heap        ] GC(783) CMS: 126146K->145240K(699072K)
[137.088s][info][gc,metaspace   ] GC(783) Metaspace: 172810K(183512K)->172810K(183512K) NonClass: 152243K(157516K)->152243K(157516K) Class: 20566K(25996K)->20566K(25996K)
[137.088s][info][gc             ] GC(783) Pause Young (Allocation Failure) 419M->161M(989M) 7.603ms
[137.088s][info][gc,cpu         ] GC(783) User=0.00s Sys=0.00s Real=0.02s
[137.119s][info][gc,start       ] GC(784) Pause Young (Allocation Failure)
[137.120s][info][gc,task        ] GC(784) Using 6 workers of 6 for evacuation
[137.126s][info][gc,heap        ] GC(784) ParNew: 300091K->24149K(314560K)
[137.126s][info][gc,heap        ] GC(784) CMS: 145240K->158578K(699072K)
[137.126s][info][gc,metaspace   ] GC(784) Metaspace: 172810K(183512K)->172810K(183512K) NonClass: 152243K(157516K)->152243K(157516K) Class: 20566K(25996K)->20566K(25996K)
[137.126s][info][gc             ] GC(784) Pause Young (Allocation Failure) 434M->178M(989M) 6.807ms
[137.126s][info][gc,cpu         ] GC(784) User=0.00s Sys=0.00s Real=0.00s
[137.157s][info][gc,start       ] GC(785) Pause Young (Allocation Failure)
[137.157s][info][gc,task        ] GC(785) Using 6 workers of 6 for evacuation
[137.163s][info][gc,heap        ] GC(785) ParNew: 303765K->25234K(314560K)
[137.163s][info][gc,heap        ] GC(785) CMS: 158578K->173137K(699072K)
[137.163s][info][gc,metaspace   ] GC(785) Metaspace: 172810K(183512K)->172810K(183512K) NonClass: 152243K(157516K)->152243K(157516K) Class: 20566K(25996K)->20566K(25996K)
[137.164s][info][gc             ] GC(785) Pause Young (Allocation Failure) 451M->193M(989M) 6.564ms
[137.164s][info][gc,cpu         ] GC(785) User=0.02s Sys=0.00s Real=0.02s
[137.464s][info][gc,start       ] GC(786) Pause Young (Allocation Failure)
[137.464s][info][gc,task        ] GC(786) Using 6 workers of 6 for evacuation
[137.469s][info][gc,heap        ] GC(786) ParNew: 304850K->13407K(314560K)
[137.469s][info][gc,heap        ] GC(786) CMS: 173137K->186470K(699072K)
[137.469s][info][gc,metaspace   ] GC(786) Metaspace: 172810K(183512K)->172810K(183512K) NonClass: 152243K(157516K)->152243K(157516K) Class: 20566K(25996K)->20566K(25996K)
[137.469s][info][gc             ] GC(786) Pause Young (Allocation Failure) 466M->195M(989M) 5.125ms
[137.469s][info][gc,cpu         ] GC(786) User=0.00s Sys=0.00s Real=0.00s
[137.827s][info][gc,start       ] GC(787) Pause Young (Allocation Failure)
[137.827s][info][gc,task        ] GC(787) Using 6 workers of 6 for evacuation
[137.830s][info][gc,heap        ] GC(787) ParNew: 293023K->10174K(314560K)
[137.830s][info][gc,heap        ] GC(787) CMS: 186470K->186470K(699072K)
[137.830s][info][gc,metaspace   ] GC(787) Metaspace: 172810K(183512K)->172810K(183512K) NonClass: 152243K(157516K)->152243K(157516K) Class: 20566K(25996K)->20566K(25996K)
[137.830s][info][gc             ] GC(787) Pause Young (Allocation Failure) 468M->192M(989M) 3.592ms
[137.830s][info][gc,cpu         ] GC(787) User=0.00s Sys=0.00s Real=0.00s
[138.190s][info][gc,start       ] GC(788) Pause Young (Allocation Failure)
[138.190s][info][gc,task        ] GC(788) Using 6 workers of 6 for evacuation
[138.193s][info][gc,heap        ] GC(788) ParNew: 289790K->8349K(314560K)
[138.193s][info][gc,heap        ] GC(788) CMS: 186470K->186470K(699072K)
[138.193s][info][gc,metaspace   ] GC(788) Metaspace: 172810K(183512K)->172810K(183512K) NonClass: 152243K(157516K)->152243K(157516K) Class: 20566K(25996K)->20566K(25996K)
[138.193s][info][gc             ] GC(788) Pause Young (Allocation Failure) 465M->190M(989M) 3.509ms
[138.193s][info][gc,cpu         ] GC(788) User=0.00s Sys=0.00s Real=0.00s
[138.320s][info][gc,start       ] GC(789) Pause Full (System.gc())
[138.323s][info][gc,phases,start] GC(789) Phase 1: Mark live objects
[138.402s][info][gc,phases      ] GC(789) Phase 1: Mark live objects 78.774ms
[138.402s][info][gc,phases,start] GC(789) Phase 2: Compute new object addresses
[138.423s][info][gc,phases      ] GC(789) Phase 2: Compute new object addresses 20.840ms
[138.423s][info][gc,phases,start] GC(789) Phase 3: Adjust pointers
[138.471s][info][gc,phases      ] GC(789) Phase 3: Adjust pointers 48.418ms
[138.471s][info][gc,phases,start] GC(789) Phase 4: Move objects
[138.474s][info][gc,phases      ] GC(789) Phase 4: Move objects 2.333ms
[138.475s][info][gc,heap        ] GC(789) ParNew: 93728K->0K(314560K)
[138.475s][info][gc,heap        ] GC(789) CMS: 186470K->125640K(699072K)
[138.475s][info][gc,metaspace   ] GC(789) Metaspace: 172818K(183512K)->172818K(183512K) NonClass: 152250K(157516K)->152250K(157516K) Class: 20567K(25996K)->20567K(25996K)
[138.475s][info][gc             ] GC(789) Pause Full (System.gc()) 273M->122M(989M) 154.307ms
[138.475s][info][gc,cpu         ] GC(789) User=0.16s Sys=0.00s Real=0.16s
[138.543s][info][gc,start       ] GC(790) Pause Young (Allocation Failure)
[138.543s][info][gc,task        ] GC(790) Using 6 workers of 6 for evacuation
[138.546s][info][gc,heap        ] GC(790) ParNew: 279616K->2553K(314560K)
[138.546s][info][gc,heap        ] GC(790) CMS: 125640K->125640K(699072K)
[138.546s][info][gc,metaspace   ] GC(790) Metaspace: 172818K(183512K)->172818K(183512K) NonClass: 152251K(157516K)->152251K(157516K) Class: 20567K(25996K)->20567K(25996K)
[138.546s][info][gc             ] GC(790) Pause Young (Allocation Failure) 395M->125M(989M) 2.690ms
[138.546s][info][gc,cpu         ] GC(790) User=0.02s Sys=0.00s Real=0.02s
[138.573s][info][gc,start       ] GC(791) Pause Young (Allocation Failure)
[138.573s][info][gc,task        ] GC(791) Using 6 workers of 6 for evacuation
[138.575s][info][gc,heap        ] GC(791) ParNew: 282169K->1656K(314560K)
[138.575s][info][gc,heap        ] GC(791) CMS: 125640K->125640K(699072K)
[138.575s][info][gc,metaspace   ] GC(791) Metaspace: 172818K(183512K)->172818K(183512K) NonClass: 152251K(157516K)->152251K(157516K) Class: 20567K(25996K)->20567K(25996K)
[138.575s][info][gc             ] GC(791) Pause Young (Allocation Failure) 398M->124M(989M) 2.057ms
[138.575s][info][gc,cpu         ] GC(791) User=0.02s Sys=0.00s Real=0.01s
[138.651s][info][gc,start       ] GC(792) Pause Young (Allocation Failure)
[138.651s][info][gc,task        ] GC(792) Using 6 workers of 6 for evacuation
[138.656s][info][gc,heap        ] GC(792) ParNew: 281272K->13773K(314560K)
[138.656s][info][gc,heap        ] GC(792) CMS: 125640K->125640K(699072K)
[138.656s][info][gc,metaspace   ] GC(792) Metaspace: 172818K(183512K)->172818K(183512K) NonClass: 152251K(157516K)->152251K(157516K) Class: 20567K(25996K)->20567K(25996K)
[138.656s][info][gc             ] GC(792) Pause Young (Allocation Failure) 397M->136M(989M) 5.010ms
[138.656s][info][gc,cpu         ] GC(792) User=0.02s Sys=0.00s Real=0.02s
[138.688s][info][gc,start       ] GC(793) Pause Young (Allocation Failure)
[138.688s][info][gc,task        ] GC(793) Using 6 workers of 6 for evacuation
[138.693s][info][gc,heap        ] GC(793) ParNew: 293389K->26801K(314560K)
[138.693s][info][gc,heap        ] GC(793) CMS: 125640K->125640K(699072K)
[138.693s][info][gc,metaspace   ] GC(793) Metaspace: 172818K(183512K)->172818K(183512K) NonClass: 152251K(157516K)->152251K(157516K) Class: 20567K(25996K)->20567K(25996K)
[138.693s][info][gc             ] GC(793) Pause Young (Allocation Failure) 409M->148M(989M) 5.138ms
[138.693s][info][gc,cpu         ] GC(793) User=0.00s Sys=0.00s Real=0.00s
[138.723s][info][gc,start       ] GC(794) Pause Young (Allocation Failure)
[138.724s][info][gc,task        ] GC(794) Using 6 workers of 6 for evacuation
[138.731s][info][gc,heap        ] GC(794) ParNew: 306417K->26768K(314560K)
[138.731s][info][gc,heap        ] GC(794) CMS: 125640K->143707K(699072K)
[138.731s][info][gc,metaspace   ] GC(794) Metaspace: 172818K(183512K)->172818K(183512K) NonClass: 152251K(157516K)->152251K(157516K) Class: 20567K(25996K)->20567K(25996K)
[138.731s][info][gc             ] GC(794) Pause Young (Allocation Failure) 421M->166M(989M) 7.762ms
[138.731s][info][gc,cpu         ] GC(794) User=0.00s Sys=0.00s Real=0.00s
[138.762s][info][gc,start       ] GC(795) Pause Young (Allocation Failure)
[138.762s][info][gc,task        ] GC(795) Using 6 workers of 6 for evacuation
[138.768s][info][gc,heap        ] GC(795) ParNew: 306384K->22320K(314560K)
[138.768s][info][gc,heap        ] GC(795) CMS: 143707K->157249K(699072K)
[138.768s][info][gc,metaspace   ] GC(795) Metaspace: 172818K(183512K)->172818K(183512K) NonClass: 152251K(157516K)->152251K(157516K) Class: 20567K(25996K)->20567K(25996K)
[138.768s][info][gc             ] GC(795) Pause Young (Allocation Failure) 439M->175M(989M) 6.524ms
[138.768s][info][gc,cpu         ] GC(795) User=0.02s Sys=0.00s Real=0.02s
[138.799s][info][gc,start       ] GC(796) Pause Young (Allocation Failure)
[138.799s][info][gc,task        ] GC(796) Using 6 workers of 6 for evacuation
[138.806s][info][gc,heap        ] GC(796) ParNew: 301936K->20466K(314560K)
[138.806s][info][gc,heap        ] GC(796) CMS: 157249K->171607K(699072K)
[138.806s][info][gc,metaspace   ] GC(796) Metaspace: 172818K(183512K)->172818K(183512K) NonClass: 152251K(157516K)->152251K(157516K) Class: 20567K(25996K)->20567K(25996K)
[138.806s][info][gc             ] GC(796) Pause Young (Allocation Failure) 448M->187M(989M) 6.259ms
[138.806s][info][gc,cpu         ] GC(796) User=0.00s Sys=0.00s Real=0.01s
[139.105s][info][gc,start       ] GC(797) Pause Young (Allocation Failure)
[139.105s][info][gc,task        ] GC(797) Using 6 workers of 6 for evacuation
[139.110s][info][gc,heap        ] GC(797) ParNew: 300082K->11166K(314560K)
[139.110s][info][gc,heap        ] GC(797) CMS: 171607K->186988K(699072K)
[139.110s][info][gc,metaspace   ] GC(797) Metaspace: 172818K(183512K)->172818K(183512K) NonClass: 152251K(157516K)->152251K(157516K) Class: 20567K(25996K)->20567K(25996K)
[139.110s][info][gc             ] GC(797) Pause Young (Allocation Failure) 460M->193M(989M) 5.000ms
[139.110s][info][gc,cpu         ] GC(797) User=0.02s Sys=0.00s Real=0.02s
[139.464s][info][gc,start       ] GC(798) Pause Young (Allocation Failure)
[139.464s][info][gc,task        ] GC(798) Using 6 workers of 6 for evacuation
[139.467s][info][gc,heap        ] GC(798) ParNew: 290782K->8889K(314560K)
[139.467s][info][gc,heap        ] GC(798) CMS: 186988K->186988K(699072K)
[139.467s][info][gc,metaspace   ] GC(798) Metaspace: 172818K(183512K)->172818K(183512K) NonClass: 152251K(157516K)->152251K(157516K) Class: 20567K(25996K)->20567K(25996K)
[139.467s][info][gc             ] GC(798) Pause Young (Allocation Failure) 466M->191M(989M) 3.341ms
[139.467s][info][gc,cpu         ] GC(798) User=0.00s Sys=0.00s Real=0.00s
[139.818s][info][gc,start       ] GC(799) Pause Young (Allocation Failure)
[139.818s][info][gc,task        ] GC(799) Using 6 workers of 6 for evacuation
[139.821s][info][gc,heap        ] GC(799) ParNew: 284921K->7921K(314560K)
[139.821s][info][gc,heap        ] GC(799) CMS: 186988K->186988K(699072K)
[139.821s][info][gc,metaspace   ] GC(799) Metaspace: 172818K(183512K)->172818K(183512K) NonClass: 152251K(157516K)->152251K(157516K) Class: 20567K(25996K)->20567K(25996K)
[139.821s][info][gc             ] GC(799) Pause Young (Allocation Failure) 460M->190M(989M) 2.878ms
[139.821s][info][gc,cpu         ] GC(799) User=0.00s Sys=0.00s Real=0.00s
[139.960s][info][gc,start       ] GC(800) Pause Full (System.gc())
[139.962s][info][gc,phases,start] GC(800) Phase 1: Mark live objects
[140.041s][info][gc,phases      ] GC(800) Phase 1: Mark live objects 78.878ms
[140.041s][info][gc,phases,start] GC(800) Phase 2: Compute new object addresses
[140.062s][info][gc,phases      ] GC(800) Phase 2: Compute new object addresses 21.018ms
[140.062s][info][gc,phases,start] GC(800) Phase 3: Adjust pointers
[140.111s][info][gc,phases      ] GC(800) Phase 3: Adjust pointers 48.445ms
[140.111s][info][gc,phases,start] GC(800) Phase 4: Move objects
[140.113s][info][gc,phases      ] GC(800) Phase 4: Move objects 2.301ms
[140.114s][info][gc,heap        ] GC(800) ParNew: 101792K->0K(314560K)
[140.114s][info][gc,heap        ] GC(800) CMS: 186988K->125908K(699072K)
[140.114s][info][gc,metaspace   ] GC(800) Metaspace: 172818K(183512K)->172818K(183512K) NonClass: 152251K(157516K)->152251K(157516K) Class: 20567K(25996K)->20567K(25996K)
[140.114s][info][gc             ] GC(800) Pause Full (System.gc()) 282M->122M(989M) 154.517ms
[140.114s][info][gc,cpu         ] GC(800) User=0.16s Sys=0.00s Real=0.15s
[140.183s][info][gc,start       ] GC(801) Pause Young (Allocation Failure)
[140.183s][info][gc,task        ] GC(801) Using 6 workers of 6 for evacuation
[140.185s][info][gc,heap        ] GC(801) ParNew: 279616K->2532K(314560K)
[140.185s][info][gc,heap        ] GC(801) CMS: 125908K->125908K(699072K)
[140.185s][info][gc,metaspace   ] GC(801) Metaspace: 172820K(183512K)->172820K(183512K) NonClass: 152252K(157516K)->152252K(157516K) Class: 20567K(25996K)->20567K(25996K)
[140.185s][info][gc             ] GC(801) Pause Young (Allocation Failure) 396M->125M(989M) 2.281ms
[140.185s][info][gc,cpu         ] GC(801) User=0.00s Sys=0.00s Real=0.00s
[140.213s][info][gc,start       ] GC(802) Pause Young (Allocation Failure)
[140.213s][info][gc,task        ] GC(802) Using 6 workers of 6 for evacuation
[140.215s][info][gc,heap        ] GC(802) ParNew: 282148K->1449K(314560K)
[140.215s][info][gc,heap        ] GC(802) CMS: 125908K->125908K(699072K)
[140.215s][info][gc,metaspace   ] GC(802) Metaspace: 172820K(183512K)->172820K(183512K) NonClass: 152252K(157516K)->152252K(157516K) Class: 20567K(25996K)->20567K(25996K)
[140.215s][info][gc             ] GC(802) Pause Young (Allocation Failure) 398M->124M(989M) 2.145ms
[140.215s][info][gc,cpu         ] GC(802) User=0.00s Sys=0.00s Real=0.00s
[140.289s][info][gc,start       ] GC(803) Pause Young (Allocation Failure)
[140.289s][info][gc,task        ] GC(803) Using 6 workers of 6 for evacuation
[140.293s][info][gc,heap        ] GC(803) ParNew: 281065K->13402K(314560K)
[140.293s][info][gc,heap        ] GC(803) CMS: 125908K->125908K(699072K)
[140.293s][info][gc,metaspace   ] GC(803) Metaspace: 172820K(183512K)->172820K(183512K) NonClass: 152252K(157516K)->152252K(157516K) Class: 20567K(25996K)->20567K(25996K)
[140.293s][info][gc             ] GC(803) Pause Young (Allocation Failure) 397M->136M(989M) 3.899ms
[140.293s][info][gc,cpu         ] GC(803) User=0.00s Sys=0.00s Real=0.00s
[140.324s][info][gc,start       ] GC(804) Pause Young (Allocation Failure)
[140.324s][info][gc,task        ] GC(804) Using 6 workers of 6 for evacuation
[140.329s][info][gc,heap        ] GC(804) ParNew: 293018K->25139K(314560K)
[140.329s][info][gc,heap        ] GC(804) CMS: 125908K->125908K(699072K)
[140.329s][info][gc,metaspace   ] GC(804) Metaspace: 172820K(183512K)->172820K(183512K) NonClass: 152252K(157516K)->152252K(157516K) Class: 20567K(25996K)->20567K(25996K)
[140.329s][info][gc             ] GC(804) Pause Young (Allocation Failure) 409M->147M(989M) 4.960ms
[140.329s][info][gc,cpu         ] GC(804) User=0.00s Sys=0.00s Real=0.00s
[140.360s][info][gc,start       ] GC(805) Pause Young (Allocation Failure)
[140.360s][info][gc,task        ] GC(805) Using 6 workers of 6 for evacuation
[140.367s][info][gc,heap        ] GC(805) ParNew: 304755K->22373K(314560K)
[140.367s][info][gc,heap        ] GC(805) CMS: 125908K->144994K(699072K)
[140.367s][info][gc,metaspace   ] GC(805) Metaspace: 172820K(183512K)->172820K(183512K) NonClass: 152252K(157516K)->152252K(157516K) Class: 20567K(25996K)->20567K(25996K)
[140.367s][info][gc             ] GC(805) Pause Young (Allocation Failure) 420M->163M(989M) 7.338ms
[140.367s][info][gc,cpu         ] GC(805) User=0.02s Sys=0.00s Real=0.02s
[140.398s][info][gc,start       ] GC(806) Pause Young (Allocation Failure)
[140.398s][info][gc,task        ] GC(806) Using 6 workers of 6 for evacuation
[140.404s][info][gc,heap        ] GC(806) ParNew: 301989K->19872K(314560K)
[140.404s][info][gc,heap        ] GC(806) CMS: 144994K->158519K(699072K)
[140.404s][info][gc,metaspace   ] GC(806) Metaspace: 172820K(183512K)->172820K(183512K) NonClass: 152252K(157516K)->152252K(157516K) Class: 20567K(25996K)->20567K(25996K)
[140.404s][info][gc             ] GC(806) Pause Young (Allocation Failure) 436M->174M(989M) 6.053ms
[140.404s][info][gc,cpu         ] GC(806) User=0.00s Sys=0.00s Real=0.00s
[140.434s][info][gc,start       ] GC(807) Pause Young (Allocation Failure)
[140.434s][info][gc,task        ] GC(807) Using 6 workers of 6 for evacuation
[140.440s][info][gc,heap        ] GC(807) ParNew: 299488K->24398K(314560K)
[140.440s][info][gc,heap        ] GC(807) CMS: 158519K->172890K(699072K)
[140.440s][info][gc,metaspace   ] GC(807) Metaspace: 172820K(183512K)->172820K(183512K) NonClass: 152252K(157516K)->152252K(157516K) Class: 20567K(25996K)->20567K(25996K)
[140.440s][info][gc             ] GC(807) Pause Young (Allocation Failure) 447M->192M(989M) 6.660ms
[140.440s][info][gc,cpu         ] GC(807) User=0.00s Sys=0.00s Real=0.00s
[140.734s][info][gc,start       ] GC(808) Pause Young (Allocation Failure)
[140.734s][info][gc,task        ] GC(808) Using 6 workers of 6 for evacuation
[140.739s][info][gc,heap        ] GC(808) ParNew: 304014K->11701K(314560K)
[140.739s][info][gc,heap        ] GC(808) CMS: 172890K->185208K(699072K)
[140.739s][info][gc,metaspace   ] GC(808) Metaspace: 172820K(183512K)->172820K(183512K) NonClass: 152252K(157516K)->152252K(157516K) Class: 20567K(25996K)->20567K(25996K)
[140.739s][info][gc             ] GC(808) Pause Young (Allocation Failure) 465M->192M(989M) 4.857ms
[140.739s][info][gc,cpu         ] GC(808) User=0.00s Sys=0.00s Real=0.00s
[141.083s][info][gc,start       ] GC(809) Pause Young (Allocation Failure)
[141.083s][info][gc,task        ] GC(809) Using 6 workers of 6 for evacuation
[141.086s][info][gc,heap        ] GC(809) ParNew: 291317K->12056K(314560K)
[141.086s][info][gc,heap        ] GC(809) CMS: 185208K->185208K(699072K)
[141.086s][info][gc,metaspace   ] GC(809) Metaspace: 172820K(183512K)->172820K(183512K) NonClass: 152252K(157516K)->152252K(157516K) Class: 20567K(25996K)->20567K(25996K)
[141.086s][info][gc             ] GC(809) Pause Young (Allocation Failure) 465M->192M(989M) 3.339ms
[141.086s][info][gc,cpu         ] GC(809) User=0.00s Sys=0.00s Real=0.00s
[141.430s][info][gc,start       ] GC(810) Pause Young (Allocation Failure)
[141.430s][info][gc,task        ] GC(810) Using 6 workers of 6 for evacuation
[141.433s][info][gc,heap        ] GC(810) ParNew: 289109K->12866K(314560K)
[141.433s][info][gc,heap        ] GC(810) CMS: 185208K->185208K(699072K)
[141.433s][info][gc,metaspace   ] GC(810) Metaspace: 172820K(183640K)->172820K(183640K) NonClass: 152252K(157516K)->152252K(157516K) Class: 20568K(26124K)->20568K(26124K)
[141.433s][info][gc             ] GC(810) Pause Young (Allocation Failure) 463M->193M(989M) 3.219ms
[141.433s][info][gc,cpu         ] GC(810) User=0.00s Sys=0.00s Real=0.00s
[141.564s][info][gc,start       ] GC(811) Pause Full (System.gc())
[141.567s][info][gc,phases,start] GC(811) Phase 1: Mark live objects
[141.648s][info][gc,phases      ] GC(811) Phase 1: Mark live objects 81.240ms
[141.648s][info][gc,phases,start] GC(811) Phase 2: Compute new object addresses
[141.670s][info][gc,phases      ] GC(811) Phase 2: Compute new object addresses 21.287ms
[141.670s][info][gc,phases,start] GC(811) Phase 3: Adjust pointers
[141.717s][info][gc,phases      ] GC(811) Phase 3: Adjust pointers 47.355ms
[141.717s][info][gc,phases,start] GC(811) Phase 4: Move objects
[141.719s][info][gc,phases      ] GC(811) Phase 4: Move objects 2.191ms
[141.720s][info][gc,heap        ] GC(811) ParNew: 106366K->0K(314560K)
[141.720s][info][gc,heap        ] GC(811) CMS: 185208K->125550K(699072K)
[141.720s][info][gc,metaspace   ] GC(811) Metaspace: 172820K(183640K)->172820K(183640K) NonClass: 152252K(157516K)->152252K(157516K) Class: 20568K(26124K)->20568K(26124K)
[141.720s][info][gc             ] GC(811) Pause Full (System.gc()) 284M->122M(989M) 155.974ms
[141.720s][info][gc,cpu         ] GC(811) User=0.12s Sys=0.00s Real=0.16s
[141.786s][info][gc,start       ] GC(812) Pause Young (Allocation Failure)
[141.786s][info][gc,task        ] GC(812) Using 6 workers of 6 for evacuation
[141.788s][info][gc,heap        ] GC(812) ParNew: 279616K->3740K(314560K)
[141.788s][info][gc,heap        ] GC(812) CMS: 125550K->125550K(699072K)
[141.788s][info][gc,metaspace   ] GC(812) Metaspace: 172820K(183640K)->172820K(183640K) NonClass: 152252K(157516K)->152252K(157516K) Class: 20568K(26124K)->20568K(26124K)
[141.788s][info][gc             ] GC(812) Pause Young (Allocation Failure) 395M->126M(989M) 2.404ms
[141.788s][info][gc,cpu         ] GC(812) User=0.00s Sys=0.00s Real=0.00s
[141.816s][info][gc,start       ] GC(813) Pause Young (Allocation Failure)
[141.816s][info][gc,task        ] GC(813) Using 6 workers of 6 for evacuation
[141.818s][info][gc,heap        ] GC(813) ParNew: 283356K->1475K(314560K)
[141.818s][info][gc,heap        ] GC(813) CMS: 125550K->125550K(699072K)
[141.818s][info][gc,metaspace   ] GC(813) Metaspace: 172820K(183640K)->172820K(183640K) NonClass: 152252K(157516K)->152252K(157516K) Class: 20568K(26124K)->20568K(26124K)
[141.818s][info][gc             ] GC(813) Pause Young (Allocation Failure) 399M->124M(989M) 2.238ms
[141.818s][info][gc,cpu         ] GC(813) User=0.00s Sys=0.00s Real=0.00s
[141.892s][info][gc,start       ] GC(814) Pause Young (Allocation Failure)
[141.892s][info][gc,task        ] GC(814) Using 6 workers of 6 for evacuation
[141.896s][info][gc,heap        ] GC(814) ParNew: 281091K->14714K(314560K)
[141.896s][info][gc,heap        ] GC(814) CMS: 125550K->125550K(699072K)
[141.896s][info][gc,metaspace   ] GC(814) Metaspace: 172820K(183640K)->172820K(183640K) NonClass: 152252K(157516K)->152252K(157516K) Class: 20568K(26124K)->20568K(26124K)
[141.896s][info][gc             ] GC(814) Pause Young (Allocation Failure) 397M->136M(989M) 4.018ms
[141.896s][info][gc,cpu         ] GC(814) User=0.00s Sys=0.00s Real=0.00s
[141.927s][info][gc,start       ] GC(815) Pause Young (Allocation Failure)
[141.927s][info][gc,task        ] GC(815) Using 6 workers of 6 for evacuation
[141.932s][info][gc,heap        ] GC(815) ParNew: 294330K->25519K(314560K)
[141.932s][info][gc,heap        ] GC(815) CMS: 125550K->125550K(699072K)
[141.932s][info][gc,metaspace   ] GC(815) Metaspace: 172820K(183640K)->172820K(183640K) NonClass: 152252K(157516K)->152252K(157516K) Class: 20568K(26124K)->20568K(26124K)
[141.932s][info][gc             ] GC(815) Pause Young (Allocation Failure) 410M->147M(989M) 5.049ms
[141.932s][info][gc,cpu         ] GC(815) User=0.00s Sys=0.00s Real=0.00s
[141.963s][info][gc,start       ] GC(816) Pause Young (Allocation Failure)
[141.963s][info][gc,task        ] GC(816) Using 6 workers of 6 for evacuation
[141.970s][info][gc,heap        ] GC(816) ParNew: 305135K->21703K(314560K)
[141.970s][info][gc,heap        ] GC(816) CMS: 125550K->144632K(699072K)
[141.970s][info][gc,metaspace   ] GC(816) Metaspace: 172820K(183640K)->172820K(183640K) NonClass: 152252K(157516K)->152252K(157516K) Class: 20568K(26124K)->20568K(26124K)
[141.970s][info][gc             ] GC(816) Pause Young (Allocation Failure) 420M->162M(989M) 7.298ms
[141.970s][info][gc,cpu         ] GC(816) User=0.02s Sys=0.00s Real=0.02s
[142.001s][info][gc,start       ] GC(817) Pause Young (Allocation Failure)
[142.001s][info][gc,task        ] GC(817) Using 6 workers of 6 for evacuation
[142.006s][info][gc,heap        ] GC(817) ParNew: 301319K->19420K(314560K)
[142.006s][info][gc,heap        ] GC(817) CMS: 144632K->158168K(699072K)
[142.006s][info][gc,metaspace   ] GC(817) Metaspace: 172820K(183640K)->172820K(183640K) NonClass: 152252K(157516K)->152252K(157516K) Class: 20568K(26124K)->20568K(26124K)
[142.006s][info][gc             ] GC(817) Pause Young (Allocation Failure) 435M->173M(989M) 5.801ms
[142.006s][info][gc,cpu         ] GC(817) User=0.00s Sys=0.00s Real=0.00s
[142.036s][info][gc,start       ] GC(818) Pause Young (Allocation Failure)
[142.037s][info][gc,task        ] GC(818) Using 6 workers of 6 for evacuation
[142.043s][info][gc,heap        ] GC(818) ParNew: 299036K->23607K(314560K)
[142.043s][info][gc,heap        ] GC(818) CMS: 158168K->172196K(699072K)
[142.043s][info][gc,metaspace   ] GC(818) Metaspace: 172820K(183640K)->172820K(183640K) NonClass: 152252K(157516K)->152252K(157516K) Class: 20568K(26124K)->20568K(26124K)
[142.043s][info][gc             ] GC(818) Pause Young (Allocation Failure) 446M->191M(989M) 6.547ms
[142.043s][info][gc,cpu         ] GC(818) User=0.00s Sys=0.00s Real=0.00s
[142.329s][info][gc,start       ] GC(819) Pause Young (Allocation Failure)
[142.329s][info][gc,task        ] GC(819) Using 6 workers of 6 for evacuation
[142.333s][info][gc,heap        ] GC(819) ParNew: 303188K->12325K(314560K)
[142.333s][info][gc,heap        ] GC(819) CMS: 172196K->184847K(699072K)
[142.334s][info][gc,metaspace   ] GC(819) Metaspace: 172820K(183640K)->172820K(183640K) NonClass: 152252K(157516K)->152252K(157516K) Class: 20568K(26124K)->20568K(26124K)
[142.334s][info][gc             ] GC(819) Pause Young (Allocation Failure) 464M->192M(989M) 4.543ms
[142.334s][info][gc,cpu         ] GC(819) User=0.00s Sys=0.00s Real=0.00s
[142.711s][info][gc,start       ] GC(820) Pause Young (Allocation Failure)
[142.711s][info][gc,task        ] GC(820) Using 6 workers of 6 for evacuation
[142.714s][info][gc,heap        ] GC(820) ParNew: 291941K->12531K(314560K)
[142.714s][info][gc,heap        ] GC(820) CMS: 184847K->184847K(699072K)
[142.714s][info][gc,metaspace   ] GC(820) Metaspace: 172820K(183640K)->172820K(183640K) NonClass: 152252K(157516K)->152252K(157516K) Class: 20568K(26124K)->20568K(26124K)
[142.714s][info][gc             ] GC(820) Pause Young (Allocation Failure) 465M->192M(989M) 3.469ms
[142.714s][info][gc,cpu         ] GC(820) User=0.00s Sys=0.00s Real=0.01s
[143.060s][info][gc,start       ] GC(821) Pause Young (Allocation Failure)
[143.060s][info][gc,task        ] GC(821) Using 6 workers of 6 for evacuation
[143.063s][info][gc,heap        ] GC(821) ParNew: 292147K->9369K(314560K)
[143.063s][info][gc,heap        ] GC(821) CMS: 184847K->184847K(699072K)
[143.063s][info][gc,metaspace   ] GC(821) Metaspace: 172820K(183640K)->172820K(183640K) NonClass: 152252K(157516K)->152252K(157516K) Class: 20568K(26124K)->20568K(26124K)
[143.064s][info][gc             ] GC(821) Pause Young (Allocation Failure) 465M->189M(989M) 3.660ms
[143.064s][info][gc,cpu         ] GC(821) User=0.00s Sys=0.00s Real=0.00s
[143.191s][info][gc,start       ] GC(822) Pause Full (System.gc())
[143.194s][info][gc,phases,start] GC(822) Phase 1: Mark live objects
[143.274s][info][gc,phases      ] GC(822) Phase 1: Mark live objects 79.359ms
[143.274s][info][gc,phases,start] GC(822) Phase 2: Compute new object addresses
[143.295s][info][gc,phases      ] GC(822) Phase 2: Compute new object addresses 20.937ms
[143.295s][info][gc,phases,start] GC(822) Phase 3: Adjust pointers
[143.342s][info][gc,phases      ] GC(822) Phase 3: Adjust pointers 47.534ms
[143.342s][info][gc,phases,start] GC(822) Phase 4: Move objects
[143.344s][info][gc,phases      ] GC(822) Phase 4: Move objects 2.221ms
[143.345s][info][gc,heap        ] GC(822) ParNew: 97100K->0K(314560K)
[143.345s][info][gc,heap        ] GC(822) CMS: 184847K->125901K(699072K)
[143.345s][info][gc,metaspace   ] GC(822) Metaspace: 172824K(183640K)->172824K(183640K) NonClass: 152256K(157516K)->152256K(157516K) Class: 20568K(26124K)->20568K(26124K)
[143.346s][info][gc             ] GC(822) Pause Full (System.gc()) 275M->122M(989M) 154.324ms
[143.346s][info][gc,cpu         ] GC(822) User=0.16s Sys=0.00s Real=0.16s
[143.415s][info][gc,start       ] GC(823) Pause Young (Allocation Failure)
[143.415s][info][gc,task        ] GC(823) Using 6 workers of 6 for evacuation
[143.417s][info][gc,heap        ] GC(823) ParNew: 279616K->2689K(314560K)
[143.417s][info][gc,heap        ] GC(823) CMS: 125901K->125901K(699072K)
[143.417s][info][gc,metaspace   ] GC(823) Metaspace: 172868K(183640K)->172868K(183640K) NonClass: 152300K(157516K)->152300K(157516K) Class: 20568K(26124K)->20568K(26124K)
[143.417s][info][gc             ] GC(823) Pause Young (Allocation Failure) 396M->125M(989M) 2.319ms
[143.417s][info][gc,cpu         ] GC(823) User=0.00s Sys=0.00s Real=0.00s
[143.445s][info][gc,start       ] GC(824) Pause Young (Allocation Failure)
[143.445s][info][gc,task        ] GC(824) Using 6 workers of 6 for evacuation
[143.447s][info][gc,heap        ] GC(824) ParNew: 282305K->1878K(314560K)
[143.447s][info][gc,heap        ] GC(824) CMS: 125901K->125901K(699072K)
[143.447s][info][gc,metaspace   ] GC(824) Metaspace: 172868K(183640K)->172868K(183640K) NonClass: 152300K(157516K)->152300K(157516K) Class: 20568K(26124K)->20568K(26124K)
[143.447s][info][gc             ] GC(824) Pause Young (Allocation Failure) 398M->124M(989M) 2.118ms
[143.447s][info][gc,cpu         ] GC(824) User=0.02s Sys=0.00s Real=0.02s
[143.521s][info][gc,start       ] GC(825) Pause Young (Allocation Failure)
[143.521s][info][gc,task        ] GC(825) Using 6 workers of 6 for evacuation
[143.524s][info][gc,heap        ] GC(825) ParNew: 281494K->13353K(314560K)
[143.524s][info][gc,heap        ] GC(825) CMS: 125901K->125901K(699072K)
[143.524s][info][gc,metaspace   ] GC(825) Metaspace: 172868K(183640K)->172868K(183640K) NonClass: 152300K(157516K)->152300K(157516K) Class: 20568K(26124K)->20568K(26124K)
[143.524s][info][gc             ] GC(825) Pause Young (Allocation Failure) 397M->135M(989M) 3.953ms
[143.525s][info][gc,cpu         ] GC(825) User=0.00s Sys=0.00s Real=0.01s
[143.556s][info][gc,start       ] GC(826) Pause Young (Allocation Failure)
[143.556s][info][gc,task        ] GC(826) Using 6 workers of 6 for evacuation
[143.560s][info][gc,heap        ] GC(826) ParNew: 292969K->22581K(314560K)
[143.560s][info][gc,heap        ] GC(826) CMS: 125901K->125901K(699072K)
[143.560s][info][gc,metaspace   ] GC(826) Metaspace: 172868K(183640K)->172868K(183640K) NonClass: 152300K(157516K)->152300K(157516K) Class: 20568K(26124K)->20568K(26124K)
[143.560s][info][gc             ] GC(826) Pause Young (Allocation Failure) 409M->145M(989M) 4.805ms
[143.561s][info][gc,cpu         ] GC(826) User=0.00s Sys=0.00s Real=0.00s
[143.592s][info][gc,start       ] GC(827) Pause Young (Allocation Failure)
[143.592s][info][gc,task        ] GC(827) Using 6 workers of 6 for evacuation
[143.599s][info][gc,heap        ] GC(827) ParNew: 302197K->17697K(314560K)
[143.599s][info][gc,heap        ] GC(827) CMS: 125901K->146061K(699072K)
[143.599s][info][gc,metaspace   ] GC(827) Metaspace: 172868K(183640K)->172868K(183640K) NonClass: 152300K(157516K)->152300K(157516K) Class: 20568K(26124K)->20568K(26124K)
[143.599s][info][gc             ] GC(827) Pause Young (Allocation Failure) 418M->159M(989M) 7.191ms
[143.599s][info][gc,cpu         ] GC(827) User=0.00s Sys=0.00s Real=0.00s
[143.630s][info][gc,start       ] GC(828) Pause Young (Allocation Failure)
[143.630s][info][gc,task        ] GC(828) Using 6 workers of 6 for evacuation
[143.636s][info][gc,heap        ] GC(828) ParNew: 297313K->34944K(314560K)
[143.636s][info][gc,heap        ] GC(828) CMS: 146061K->146061K(699072K)
[143.636s][info][gc,metaspace   ] GC(828) Metaspace: 172868K(183640K)->172868K(183640K) NonClass: 152300K(157516K)->152300K(157516K) Class: 20568K(26124K)->20568K(26124K)
[143.636s][info][gc             ] GC(828) Pause Young (Allocation Failure) 432M->176M(989M) 6.218ms
[143.636s][info][gc,cpu         ] GC(828) User=0.02s Sys=0.00s Real=0.01s
[143.671s][info][gc,start       ] GC(829) Pause Young (Allocation Failure)
[143.671s][info][gc,task        ] GC(829) Using 6 workers of 6 for evacuation
[143.678s][info][gc,heap        ] GC(829) ParNew: 314560K->21066K(314560K)
[143.678s][info][gc,heap        ] GC(829) CMS: 146061K->172942K(699072K)
[143.678s][info][gc,metaspace   ] GC(829) Metaspace: 172868K(183640K)->172868K(183640K) NonClass: 152300K(157516K)->152300K(157516K) Class: 20568K(26124K)->20568K(26124K)
[143.678s][info][gc             ] GC(829) Pause Young (Allocation Failure) 449M->189M(989M) 7.566ms
[143.678s][info][gc,cpu         ] GC(829) User=0.00s Sys=0.00s Real=0.00s
[143.980s][info][gc,start       ] GC(830) Pause Young (Allocation Failure)
[143.980s][info][gc,task        ] GC(830) Using 6 workers of 6 for evacuation
[143.985s][info][gc,heap        ] GC(830) ParNew: 300682K->10651K(314560K)
[143.985s][info][gc,heap        ] GC(830) CMS: 172942K->187300K(699072K)
[143.985s][info][gc,metaspace   ] GC(830) Metaspace: 172868K(183640K)->172868K(183640K) NonClass: 152300K(157516K)->152300K(157516K) Class: 20568K(26124K)->20568K(26124K)
[143.985s][info][gc             ] GC(830) Pause Young (Allocation Failure) 462M->193M(989M) 4.482ms
[143.985s][info][gc,cpu         ] GC(830) User=0.00s Sys=0.00s Real=0.00s
[144.326s][info][gc,start       ] GC(831) Pause Young (Allocation Failure)
[144.326s][info][gc,task        ] GC(831) Using 6 workers of 6 for evacuation
[144.329s][info][gc,heap        ] GC(831) ParNew: 290267K->8473K(314560K)
[144.329s][info][gc,heap        ] GC(831) CMS: 187300K->187300K(699072K)
[144.329s][info][gc,metaspace   ] GC(831) Metaspace: 172868K(183640K)->172868K(183640K) NonClass: 152300K(157516K)->152300K(157516K) Class: 20568K(26124K)->20568K(26124K)
[144.329s][info][gc             ] GC(831) Pause Young (Allocation Failure) 466M->191M(989M) 3.339ms
[144.329s][info][gc,cpu         ] GC(831) User=0.00s Sys=0.00s Real=0.00s
[144.680s][info][gc,start       ] GC(832) Pause Young (Allocation Failure)
[144.680s][info][gc,task        ] GC(832) Using 6 workers of 6 for evacuation
[144.683s][info][gc,heap        ] GC(832) ParNew: 288038K->8325K(314560K)
[144.683s][info][gc,heap        ] GC(832) CMS: 187300K->187300K(699072K)
[144.683s][info][gc,metaspace   ] GC(832) Metaspace: 172868K(183640K)->172868K(183640K) NonClass: 152300K(157516K)->152300K(157516K) Class: 20568K(26124K)->20568K(26124K)
[144.684s][info][gc             ] GC(832) Pause Young (Allocation Failure) 464M->191M(989M) 3.258ms
[144.684s][info][gc,cpu         ] GC(832) User=0.00s Sys=0.00s Real=0.00s
[144.824s][info][gc,start       ] GC(833) Pause Full (System.gc())
[144.826s][info][gc,phases,start] GC(833) Phase 1: Mark live objects
[144.905s][info][gc,phases      ] GC(833) Phase 1: Mark live objects 79.219ms
[144.905s][info][gc,phases,start] GC(833) Phase 2: Compute new object addresses
[144.926s][info][gc,phases      ] GC(833) Phase 2: Compute new object addresses 21.023ms
[144.926s][info][gc,phases,start] GC(833) Phase 3: Adjust pointers
[144.974s][info][gc,phases      ] GC(833) Phase 3: Adjust pointers 47.740ms
[144.974s][info][gc,phases,start] GC(833) Phase 4: Move objects
[144.976s][info][gc,phases      ] GC(833) Phase 4: Move objects 2.207ms
[144.977s][info][gc,heap        ] GC(833) ParNew: 97192K->0K(314560K)
[144.977s][info][gc,heap        ] GC(833) CMS: 187300K->125497K(699072K)
[144.977s][info][gc,metaspace   ] GC(833) Metaspace: 172868K(183640K)->172868K(183640K) NonClass: 152300K(157516K)->152300K(157516K) Class: 20568K(26124K)->20568K(26124K)
[144.978s][info][gc             ] GC(833) Pause Full (System.gc()) 277M->122M(989M) 153.748ms
[144.978s][info][gc,cpu         ] GC(833) User=0.14s Sys=0.00s Real=0.15s
[145.044s][info][gc,start       ] GC(834) Pause Young (Allocation Failure)
[145.044s][info][gc,task        ] GC(834) Using 6 workers of 6 for evacuation
[145.046s][info][gc,heap        ] GC(834) ParNew: 279616K->3455K(314560K)
[145.046s][info][gc,heap        ] GC(834) CMS: 125497K->125497K(699072K)
[145.046s][info][gc,metaspace   ] GC(834) Metaspace: 172868K(183640K)->172868K(183640K) NonClass: 152300K(157516K)->152300K(157516K) Class: 20568K(26124K)->20568K(26124K)
[145.046s][info][gc             ] GC(834) Pause Young (Allocation Failure) 395M->125M(989M) 2.359ms
[145.046s][info][gc,cpu         ] GC(834) User=0.00s Sys=0.00s Real=0.00s
[145.074s][info][gc,start       ] GC(835) Pause Young (Allocation Failure)
[145.074s][info][gc,task        ] GC(835) Using 6 workers of 6 for evacuation
[145.076s][info][gc,heap        ] GC(835) ParNew: 283071K->1977K(314560K)
[145.076s][info][gc,heap        ] GC(835) CMS: 125497K->125497K(699072K)
[145.076s][info][gc,metaspace   ] GC(835) Metaspace: 172868K(183640K)->172868K(183640K) NonClass: 152300K(157516K)->152300K(157516K) Class: 20568K(26124K)->20568K(26124K)
[145.076s][info][gc             ] GC(835) Pause Young (Allocation Failure) 398M->124M(989M) 2.133ms
[145.076s][info][gc,cpu         ] GC(835) User=0.00s Sys=0.00s Real=0.00s
[145.150s][info][gc,start       ] GC(836) Pause Young (Allocation Failure)
[145.150s][info][gc,task        ] GC(836) Using 6 workers of 6 for evacuation
[145.154s][info][gc,heap        ] GC(836) ParNew: 281593K->13526K(314560K)
[145.154s][info][gc,heap        ] GC(836) CMS: 125497K->125497K(699072K)
[145.154s][info][gc,metaspace   ] GC(836) Metaspace: 172868K(183640K)->172868K(183640K) NonClass: 152300K(157516K)->152300K(157516K) Class: 20568K(26124K)->20568K(26124K)
[145.154s][info][gc             ] GC(836) Pause Young (Allocation Failure) 397M->135M(989M) 3.925ms
[145.154s][info][gc,cpu         ] GC(836) User=0.00s Sys=0.00s Real=0.00s
[145.185s][info][gc,start       ] GC(837) Pause Young (Allocation Failure)
[145.185s][info][gc,task        ] GC(837) Using 6 workers of 6 for evacuation
[145.190s][info][gc,heap        ] GC(837) ParNew: 293142K->23680K(314560K)
[145.190s][info][gc,heap        ] GC(837) CMS: 125497K->125497K(699072K)
[145.190s][info][gc,metaspace   ] GC(837) Metaspace: 172868K(183640K)->172868K(183640K) NonClass: 152300K(157516K)->152300K(157516K) Class: 20568K(26124K)->20568K(26124K)
[145.190s][info][gc             ] GC(837) Pause Young (Allocation Failure) 408M->145M(989M) 5.097ms
[145.190s][info][gc,cpu         ] GC(837) User=0.02s Sys=0.00s Real=0.02s
[145.221s][info][gc,start       ] GC(838) Pause Young (Allocation Failure)
[145.221s][info][gc,task        ] GC(838) Using 6 workers of 6 for evacuation
[145.228s][info][gc,heap        ] GC(838) ParNew: 303296K->20924K(314560K)
[145.228s][info][gc,heap        ] GC(838) CMS: 125497K->144581K(699072K)
[145.228s][info][gc,metaspace   ] GC(838) Metaspace: 172868K(183640K)->172868K(183640K) NonClass: 152300K(157516K)->152300K(157516K) Class: 20568K(26124K)->20568K(26124K)
[145.228s][info][gc             ] GC(838) Pause Young (Allocation Failure) 418M->161M(989M) 7.484ms
[145.228s][info][gc,cpu         ] GC(838) User=0.00s Sys=0.00s Real=0.01s
[145.258s][info][gc,start       ] GC(839) Pause Young (Allocation Failure)
[145.258s][info][gc,task        ] GC(839) Using 6 workers of 6 for evacuation
[145.265s][info][gc,heap        ] GC(839) ParNew: 300540K->23690K(314560K)
[145.265s][info][gc,heap        ] GC(839) CMS: 144581K->158123K(699072K)
[145.265s][info][gc,metaspace   ] GC(839) Metaspace: 172868K(183640K)->172868K(183640K) NonClass: 152300K(157516K)->152300K(157516K) Class: 20568K(26124K)->20568K(26124K)
[145.265s][info][gc             ] GC(839) Pause Young (Allocation Failure) 434M->177M(989M) 6.363ms
[145.265s][info][gc,cpu         ] GC(839) User=0.00s Sys=0.00s Real=0.00s
[145.295s][info][gc,start       ] GC(840) Pause Young (Allocation Failure)
[145.295s][info][gc,task        ] GC(840) Using 6 workers of 6 for evacuation
[145.301s][info][gc,heap        ] GC(840) ParNew: 303306K->22521K(314560K)
[145.301s][info][gc,heap        ] GC(840) CMS: 158123K->171460K(699072K)
[145.301s][info][gc,metaspace   ] GC(840) Metaspace: 172868K(183640K)->172868K(183640K) NonClass: 152300K(157516K)->152300K(157516K) Class: 20568K(26124K)->20568K(26124K)
[145.302s][info][gc             ] GC(840) Pause Young (Allocation Failure) 450M->189M(989M) 6.483ms
[145.302s][info][gc,cpu         ] GC(840) User=0.02s Sys=0.00s Real=0.02s
[145.592s][info][gc,start       ] GC(841) Pause Young (Allocation Failure)
[145.592s][info][gc,task        ] GC(841) Using 6 workers of 6 for evacuation
[145.597s][info][gc,heap        ] GC(841) ParNew: 302137K->10994K(314560K)
[145.597s][info][gc,heap        ] GC(841) CMS: 171460K->185820K(699072K)
[145.597s][info][gc,metaspace   ] GC(841) Metaspace: 172868K(183640K)->172868K(183640K) NonClass: 152300K(157516K)->152300K(157516K) Class: 20568K(26124K)->20568K(26124K)
[145.597s][info][gc             ] GC(841) Pause Young (Allocation Failure) 462M->192M(989M) 4.816ms
[145.597s][info][gc,cpu         ] GC(841) User=0.00s Sys=0.00s Real=0.00s
[145.947s][info][gc,start       ] GC(842) Pause Young (Allocation Failure)
[145.948s][info][gc,task        ] GC(842) Using 6 workers of 6 for evacuation
[145.951s][info][gc,heap        ] GC(842) ParNew: 290610K->10238K(314560K)
[145.951s][info][gc,heap        ] GC(842) CMS: 185820K->185820K(699072K)
[145.951s][info][gc,metaspace   ] GC(842) Metaspace: 172868K(183640K)->172868K(183640K) NonClass: 152300K(157516K)->152300K(157516K) Class: 20568K(26124K)->20568K(26124K)
[145.951s][info][gc             ] GC(842) Pause Young (Allocation Failure) 465M->191M(989M) 3.346ms
[145.951s][info][gc,cpu         ] GC(842) User=0.00s Sys=0.00s Real=0.00s
[146.309s][info][gc,start       ] GC(843) Pause Young (Allocation Failure)
[146.310s][info][gc,task        ] GC(843) Using 6 workers of 6 for evacuation
[146.313s][info][gc,heap        ] GC(843) ParNew: 289854K->8842K(314560K)
[146.313s][info][gc,heap        ] GC(843) CMS: 185820K->185820K(699072K)
[146.313s][info][gc,metaspace   ] GC(843) Metaspace: 172868K(183640K)->172868K(183640K) NonClass: 152300K(157516K)->152300K(157516K) Class: 20568K(26124K)->20568K(26124K)
[146.313s][info][gc             ] GC(843) Pause Young (Allocation Failure) 464M->190M(989M) 3.527ms
[146.313s][info][gc,cpu         ] GC(843) User=0.00s Sys=0.00s Real=0.00s
[146.436s][info][gc,start       ] GC(844) Pause Full (System.gc())
[146.438s][info][gc,phases,start] GC(844) Phase 1: Mark live objects
[146.518s][info][gc,phases      ] GC(844) Phase 1: Mark live objects 80.074ms
[146.518s][info][gc,phases,start] GC(844) Phase 2: Compute new object addresses
[146.539s][info][gc,phases      ] GC(844) Phase 2: Compute new object addresses 20.700ms
[146.539s][info][gc,phases,start] GC(844) Phase 3: Adjust pointers
[146.586s][info][gc,phases      ] GC(844) Phase 3: Adjust pointers 47.255ms
[146.586s][info][gc,phases,start] GC(844) Phase 4: Move objects
[146.588s][info][gc,phases      ] GC(844) Phase 4: Move objects 2.289ms
[146.589s][info][gc,heap        ] GC(844) ParNew: 94403K->0K(314560K)
[146.589s][info][gc,heap        ] GC(844) CMS: 185820K->125850K(699072K)
[146.589s][info][gc,metaspace   ] GC(844) Metaspace: 172870K(183640K)->172870K(183640K) NonClass: 152302K(157516K)->152302K(157516K) Class: 20568K(26124K)->20568K(26124K)
[146.589s][info][gc             ] GC(844) Pause Full (System.gc()) 273M->122M(989M) 153.745ms
[146.590s][info][gc,cpu         ] GC(844) User=0.12s Sys=0.00s Real=0.16s
[146.658s][info][gc,start       ] GC(845) Pause Young (Allocation Failure)
[146.658s][info][gc,task        ] GC(845) Using 6 workers of 6 for evacuation
[146.660s][info][gc,heap        ] GC(845) ParNew: 279616K->2608K(314560K)
[146.660s][info][gc,heap        ] GC(845) CMS: 125850K->125850K(699072K)
[146.660s][info][gc,metaspace   ] GC(845) Metaspace: 172870K(183640K)->172870K(183640K) NonClass: 152302K(157516K)->152302K(157516K) Class: 20568K(26124K)->20568K(26124K)
[146.660s][info][gc             ] GC(845) Pause Young (Allocation Failure) 395M->125M(989M) 2.772ms
[146.660s][info][gc,cpu         ] GC(845) User=0.00s Sys=0.00s Real=0.00s
[146.690s][info][gc,start       ] GC(846) Pause Young (Allocation Failure)
[146.690s][info][gc,task        ] GC(846) Using 6 workers of 6 for evacuation
[146.692s][info][gc,heap        ] GC(846) ParNew: 282224K->1658K(314560K)
[146.692s][info][gc,heap        ] GC(846) CMS: 125850K->125850K(699072K)
[146.692s][info][gc,metaspace   ] GC(846) Metaspace: 172870K(183640K)->172870K(183640K) NonClass: 152302K(157516K)->152302K(157516K) Class: 20568K(26124K)->20568K(26124K)
[146.692s][info][gc             ] GC(846) Pause Young (Allocation Failure) 398M->124M(989M) 2.095ms
[146.692s][info][gc,cpu         ] GC(846) User=0.00s Sys=0.00s Real=0.00s
[146.770s][info][gc,start       ] GC(847) Pause Young (Allocation Failure)
[146.770s][info][gc,task        ] GC(847) Using 6 workers of 6 for evacuation
[146.774s][info][gc,heap        ] GC(847) ParNew: 281274K->13383K(314560K)
[146.774s][info][gc,heap        ] GC(847) CMS: 125850K->125850K(699072K)
[146.774s][info][gc,metaspace   ] GC(847) Metaspace: 172870K(183640K)->172870K(183640K) NonClass: 152302K(157516K)->152302K(157516K) Class: 20568K(26124K)->20568K(26124K)
[146.774s][info][gc             ] GC(847) Pause Young (Allocation Failure) 397M->135M(989M) 3.991ms
[146.774s][info][gc,cpu         ] GC(847) User=0.00s Sys=0.00s Real=0.00s
[146.805s][info][gc,start       ] GC(848) Pause Young (Allocation Failure)
[146.805s][info][gc,task        ] GC(848) Using 6 workers of 6 for evacuation
[146.811s][info][gc,heap        ] GC(848) ParNew: 292999K->24165K(314560K)
[146.811s][info][gc,heap        ] GC(848) CMS: 125850K->125850K(699072K)
[146.811s][info][gc,metaspace   ] GC(848) Metaspace: 172870K(183640K)->172870K(183640K) NonClass: 152302K(157516K)->152302K(157516K) Class: 20568K(26124K)->20568K(26124K)
[146.811s][info][gc             ] GC(848) Pause Young (Allocation Failure) 409M->146M(989M) 5.249ms
[146.811s][info][gc,cpu         ] GC(848) User=0.02s Sys=0.00s Real=0.02s
[146.841s][info][gc,start       ] GC(849) Pause Young (Allocation Failure)
[146.841s][info][gc,task        ] GC(849) Using 6 workers of 6 for evacuation
[146.848s][info][gc,heap        ] GC(849) ParNew: 303781K->20243K(314560K)
[146.848s][info][gc,heap        ] GC(849) CMS: 125850K->145054K(699072K)
[146.848s][info][gc,metaspace   ] GC(849) Metaspace: 172870K(183640K)->172870K(183640K) NonClass: 152302K(157516K)->152302K(157516K) Class: 20568K(26124K)->20568K(26124K)
[146.848s][info][gc             ] GC(849) Pause Young (Allocation Failure) 419M->161M(989M) 7.255ms
[146.848s][info][gc,cpu         ] GC(849) User=0.00s Sys=0.00s Real=0.00s
[146.880s][info][gc,start       ] GC(850) Pause Young (Allocation Failure)
[146.880s][info][gc,task        ] GC(850) Using 6 workers of 6 for evacuation
[146.886s][info][gc,heap        ] GC(850) ParNew: 299374K->18825K(314560K)
[146.886s][info][gc,heap        ] GC(850) CMS: 145054K->158591K(699072K)
[146.886s][info][gc,metaspace   ] GC(850) Metaspace: 172870K(183640K)->172870K(183640K) NonClass: 152302K(157516K)->152302K(157516K) Class: 20568K(26124K)->20568K(26124K)
[146.886s][info][gc             ] GC(850) Pause Young (Allocation Failure) 434M->173M(989M) 6.067ms
[146.886s][info][gc,cpu         ] GC(850) User=0.00s Sys=0.00s Real=0.00s
[146.916s][info][gc,start       ] GC(851) Pause Young (Allocation Failure)
[146.916s][info][gc,task        ] GC(851) Using 6 workers of 6 for evacuation
[146.922s][info][gc,heap        ] GC(851) ParNew: 298441K->23738K(314560K)
[146.922s][info][gc,heap        ] GC(851) CMS: 158591K->172957K(699072K)
[146.922s][info][gc,metaspace   ] GC(851) Metaspace: 172870K(183640K)->172870K(183640K) NonClass: 152302K(157516K)->152302K(157516K) Class: 20568K(26124K)->20568K(26124K)
[146.922s][info][gc             ] GC(851) Pause Young (Allocation Failure) 446M->192M(989M) 6.720ms
[146.922s][info][gc,cpu         ] GC(851) User=0.02s Sys=0.00s Real=0.02s
[147.220s][info][gc,start       ] GC(852) Pause Young (Allocation Failure)
[147.220s][info][gc,task        ] GC(852) Using 6 workers of 6 for evacuation
[147.225s][info][gc,heap        ] GC(852) ParNew: 303354K->13439K(314560K)
[147.225s][info][gc,heap        ] GC(852) CMS: 172957K->185264K(699072K)
[147.225s][info][gc,metaspace   ] GC(852) Metaspace: 172870K(183640K)->172870K(183640K) NonClass: 152302K(157516K)->152302K(157516K) Class: 20568K(26124K)->20568K(26124K)
[147.225s][info][gc             ] GC(852) Pause Young (Allocation Failure) 465M->194M(989M) 5.218ms
[147.225s][info][gc,cpu         ] GC(852) User=0.00s Sys=0.00s Real=0.00s
[147.565s][info][gc,start       ] GC(853) Pause Young (Allocation Failure)
[147.565s][info][gc,task        ] GC(853) Using 6 workers of 6 for evacuation
[147.568s][info][gc,heap        ] GC(853) ParNew: 289494K->11092K(314560K)
[147.568s][info][gc,heap        ] GC(853) CMS: 185264K->185264K(699072K)
[147.568s][info][gc,metaspace   ] GC(853) Metaspace: 172870K(183640K)->172870K(183640K) NonClass: 152302K(157516K)->152302K(157516K) Class: 20568K(26124K)->20568K(26124K)
[147.568s][info][gc             ] GC(853) Pause Young (Allocation Failure) 463M->191M(989M) 2.909ms
[147.568s][info][gc,cpu         ] GC(853) User=0.00s Sys=0.00s Real=0.00s
[147.928s][info][gc,start       ] GC(854) Pause Young (Allocation Failure)
[147.928s][info][gc,task        ] GC(854) Using 6 workers of 6 for evacuation
[147.931s][info][gc,heap        ] GC(854) ParNew: 290459K->9198K(314560K)
[147.931s][info][gc,heap        ] GC(854) CMS: 185264K->185264K(699072K)
[147.931s][info][gc,metaspace   ] GC(854) Metaspace: 172871K(183640K)->172871K(183640K) NonClass: 152303K(157516K)->152303K(157516K) Class: 20568K(26124K)->20568K(26124K)
[147.931s][info][gc             ] GC(854) Pause Young (Allocation Failure) 464M->189M(989M) 3.253ms
[147.931s][info][gc,cpu         ] GC(854) User=0.00s Sys=0.00s Real=0.00s
[148.058s][info][gc,start       ] GC(855) Pause Full (System.gc())
[148.060s][info][gc,phases,start] GC(855) Phase 1: Mark live objects
[148.140s][info][gc,phases      ] GC(855) Phase 1: Mark live objects 80.031ms
[148.140s][info][gc,phases,start] GC(855) Phase 2: Compute new object addresses
[148.162s][info][gc,phases      ] GC(855) Phase 2: Compute new object addresses 21.244ms
[148.162s][info][gc,phases,start] GC(855) Phase 3: Adjust pointers
[148.209s][info][gc,phases      ] GC(855) Phase 3: Adjust pointers 47.616ms
[148.209s][info][gc,phases,start] GC(855) Phase 4: Move objects
[148.212s][info][gc,phases      ] GC(855) Phase 4: Move objects 2.299ms
[148.213s][info][gc,heap        ] GC(855) ParNew: 105073K->0K(314560K)
[148.213s][info][gc,heap        ] GC(855) CMS: 185264K->126300K(699072K)
[148.213s][info][gc,metaspace   ] GC(855) Metaspace: 172871K(183640K)->172871K(183640K) NonClass: 152303K(157516K)->152303K(157516K) Class: 20568K(26124K)->20568K(26124K)
[148.213s][info][gc             ] GC(855) Pause Full (System.gc()) 283M->123M(989M) 154.981ms
[148.213s][info][gc,cpu         ] GC(855) User=0.14s Sys=0.00s Real=0.16s
[148.280s][info][gc,start       ] GC(856) Pause Young (Allocation Failure)
[148.280s][info][gc,task        ] GC(856) Using 6 workers of 6 for evacuation
[148.283s][info][gc,heap        ] GC(856) ParNew: 279616K->2377K(314560K)
[148.283s][info][gc,heap        ] GC(856) CMS: 126300K->126300K(699072K)
[148.283s][info][gc,metaspace   ] GC(856) Metaspace: 172877K(183640K)->172877K(183640K) NonClass: 152309K(157516K)->152309K(157516K) Class: 20568K(26124K)->20568K(26124K)
[148.283s][info][gc             ] GC(856) Pause Young (Allocation Failure) 396M->125M(989M) 2.302ms
[148.283s][info][gc,cpu         ] GC(856) User=0.00s Sys=0.00s Real=0.00s
[148.310s][info][gc,start       ] GC(857) Pause Young (Allocation Failure)
[148.310s][info][gc,task        ] GC(857) Using 6 workers of 6 for evacuation
[148.312s][info][gc,heap        ] GC(857) ParNew: 281993K->1782K(314560K)
[148.312s][info][gc,heap        ] GC(857) CMS: 126300K->126300K(699072K)
[148.312s][info][gc,metaspace   ] GC(857) Metaspace: 172877K(183640K)->172877K(183640K) NonClass: 152309K(157516K)->152309K(157516K) Class: 20568K(26124K)->20568K(26124K)
[148.312s][info][gc             ] GC(857) Pause Young (Allocation Failure) 398M->125M(989M) 2.158ms
[148.312s][info][gc,cpu         ] GC(857) User=0.00s Sys=0.00s Real=0.00s
[148.386s][info][gc,start       ] GC(858) Pause Young (Allocation Failure)
[148.386s][info][gc,task        ] GC(858) Using 6 workers of 6 for evacuation
[148.390s][info][gc,heap        ] GC(858) ParNew: 280645K->13926K(314560K)
[148.390s][info][gc,heap        ] GC(858) CMS: 126300K->126300K(699072K)
[148.390s][info][gc,metaspace   ] GC(858) Metaspace: 172877K(183640K)->172877K(183640K) NonClass: 152309K(157516K)->152309K(157516K) Class: 20568K(26124K)->20568K(26124K)
[148.390s][info][gc             ] GC(858) Pause Young (Allocation Failure) 397M->136M(989M) 3.895ms
[148.390s][info][gc,cpu         ] GC(858) User=0.00s Sys=0.00s Real=0.00s
[148.421s][info][gc,start       ] GC(859) Pause Young (Allocation Failure)
[148.421s][info][gc,task        ] GC(859) Using 6 workers of 6 for evacuation
[148.426s][info][gc,heap        ] GC(859) ParNew: 293542K->25748K(314560K)
[148.426s][info][gc,heap        ] GC(859) CMS: 126300K->126300K(699072K)
[148.426s][info][gc,metaspace   ] GC(859) Metaspace: 172877K(183640K)->172877K(183640K) NonClass: 152309K(157516K)->152309K(157516K) Class: 20568K(26124K)->20568K(26124K)
[148.426s][info][gc             ] GC(859) Pause Young (Allocation Failure) 410M->148M(989M) 5.229ms
[148.426s][info][gc,cpu         ] GC(859) User=0.02s Sys=0.00s Real=0.02s
[148.456s][info][gc,start       ] GC(860) Pause Young (Allocation Failure)
[148.456s][info][gc,task        ] GC(860) Using 6 workers of 6 for evacuation
[148.464s][info][gc,heap        ] GC(860) ParNew: 305364K->21419K(314560K)
[148.464s][info][gc,heap        ] GC(860) CMS: 126300K->144382K(699072K)
[148.464s][info][gc,metaspace   ] GC(860) Metaspace: 172877K(183640K)->172877K(183640K) NonClass: 152309K(157516K)->152309K(157516K) Class: 20568K(26124K)->20568K(26124K)
[148.464s][info][gc             ] GC(860) Pause Young (Allocation Failure) 421M->161M(989M) 7.451ms
[148.464s][info][gc,cpu         ] GC(860) User=0.02s Sys=0.00s Real=0.02s
[148.495s][info][gc,start       ] GC(861) Pause Young (Allocation Failure)
[148.495s][info][gc,task        ] GC(861) Using 6 workers of 6 for evacuation
[148.501s][info][gc,heap        ] GC(861) ParNew: 301035K->19761K(314560K)
[148.501s][info][gc,heap        ] GC(861) CMS: 144382K->158733K(699072K)
[148.501s][info][gc,metaspace   ] GC(861) Metaspace: 172877K(183640K)->172877K(183640K) NonClass: 152309K(157516K)->152309K(157516K) Class: 20568K(26124K)->20568K(26124K)
[148.501s][info][gc             ] GC(861) Pause Young (Allocation Failure) 434M->174M(989M) 5.990ms
[148.501s][info][gc,cpu         ] GC(861) User=0.00s Sys=0.00s Real=0.00s
[148.531s][info][gc,start       ] GC(862) Pause Young (Allocation Failure)
[148.531s][info][gc,task        ] GC(862) Using 6 workers of 6 for evacuation
[148.538s][info][gc,heap        ] GC(862) ParNew: 299377K->34863K(314560K)
[148.538s][info][gc,heap        ] GC(862) CMS: 158733K->158733K(699072K)
[148.538s][info][gc,metaspace   ] GC(862) Metaspace: 172877K(183640K)->172877K(183640K) NonClass: 152309K(157516K)->152309K(157516K) Class: 20568K(26124K)->20568K(26124K)
[148.538s][info][gc             ] GC(862) Pause Young (Allocation Failure) 447M->189M(989M) 6.571ms
[148.538s][info][gc,cpu         ] GC(862) User=0.02s Sys=0.00s Real=0.01s
[148.825s][info][gc,start       ] GC(863) Pause Young (Allocation Failure)
[148.825s][info][gc,task        ] GC(863) Using 6 workers of 6 for evacuation
[148.832s][info][gc,heap        ] GC(863) ParNew: 314479K->13251K(314560K)
[148.832s][info][gc,heap        ] GC(863) CMS: 158733K->186627K(699072K)
[148.832s][info][gc,metaspace   ] GC(863) Metaspace: 172877K(183640K)->172877K(183640K) NonClass: 152309K(157516K)->152309K(157516K) Class: 20568K(26124K)->20568K(26124K)
[148.832s][info][gc             ] GC(863) Pause Young (Allocation Failure) 462M->195M(989M) 6.509ms
[148.832s][info][gc,cpu         ] GC(863) User=0.00s Sys=0.00s Real=0.00s
[149.179s][info][gc,start       ] GC(864) Pause Young (Allocation Failure)
[149.179s][info][gc,task        ] GC(864) Using 6 workers of 6 for evacuation
[149.181s][info][gc,heap        ] GC(864) ParNew: 290446K->9847K(314560K)
[149.181s][info][gc,heap        ] GC(864) CMS: 186627K->186627K(699072K)
[149.181s][info][gc,metaspace   ] GC(864) Metaspace: 172877K(183640K)->172877K(183640K) NonClass: 152309K(157516K)->152309K(157516K) Class: 20568K(26124K)->20568K(26124K)
[149.181s][info][gc             ] GC(864) Pause Young (Allocation Failure) 465M->191M(989M) 2.788ms
[149.181s][info][gc,cpu         ] GC(864) User=0.02s Sys=0.00s Real=0.02s
[149.530s][info][gc,start       ] GC(865) Pause Young (Allocation Failure)
[149.530s][info][gc,task        ] GC(865) Using 6 workers of 6 for evacuation
[149.533s][info][gc,heap        ] GC(865) ParNew: 289463K->8467K(314560K)
[149.533s][info][gc,heap        ] GC(865) CMS: 186627K->186627K(699072K)
[149.533s][info][gc,metaspace   ] GC(865) Metaspace: 172877K(183640K)->172877K(183640K) NonClass: 152309K(157516K)->152309K(157516K) Class: 20568K(26124K)->20568K(26124K)
[149.533s][info][gc             ] GC(865) Pause Young (Allocation Failure) 464M->190M(989M) 3.102ms
[149.533s][info][gc,cpu         ] GC(865) User=0.00s Sys=0.00s Real=0.00s
[149.664s][info][gc,start       ] GC(866) Pause Full (System.gc())
[149.666s][info][gc,phases,start] GC(866) Phase 1: Mark live objects
[149.745s][info][gc,phases      ] GC(866) Phase 1: Mark live objects 79.279ms
[149.745s][info][gc,phases,start] GC(866) Phase 2: Compute new object addresses
[149.766s][info][gc,phases      ] GC(866) Phase 2: Compute new object addresses 21.155ms
[149.766s][info][gc,phases,start] GC(866) Phase 3: Adjust pointers
[149.815s][info][gc,phases      ] GC(866) Phase 3: Adjust pointers 48.120ms
[149.815s][info][gc,phases,start] GC(866) Phase 4: Move objects
[149.817s][info][gc,phases      ] GC(866) Phase 4: Move objects 2.268ms
[149.818s][info][gc,heap        ] GC(866) ParNew: 104569K->0K(314560K)
[149.818s][info][gc,heap        ] GC(866) CMS: 186627K->125853K(699072K)
[149.818s][info][gc,metaspace   ] GC(866) Metaspace: 172888K(183640K)->172888K(183640K) NonClass: 152320K(157516K)->152320K(157516K) Class: 20568K(26124K)->20568K(26124K)
[149.818s][info][gc             ] GC(866) Pause Full (System.gc()) 284M->122M(989M) 154.553ms
[149.818s][info][gc,cpu         ] GC(866) User=0.14s Sys=0.00s Real=0.16s
[149.887s][info][gc,start       ] GC(867) Pause Young (Allocation Failure)
[149.887s][info][gc,task        ] GC(867) Using 6 workers of 6 for evacuation
[149.889s][info][gc,heap        ] GC(867) ParNew: 279616K->2292K(314560K)
[149.889s][info][gc,heap        ] GC(867) CMS: 125853K->125853K(699072K)
[149.889s][info][gc,metaspace   ] GC(867) Metaspace: 172890K(183640K)->172890K(183640K) NonClass: 152322K(157516K)->152322K(157516K) Class: 20568K(26124K)->20568K(26124K)
[149.889s][info][gc             ] GC(867) Pause Young (Allocation Failure) 395M->125M(989M) 2.420ms
[149.889s][info][gc,cpu         ] GC(867) User=0.02s Sys=0.00s Real=0.01s
[149.917s][info][gc,start       ] GC(868) Pause Young (Allocation Failure)
[149.917s][info][gc,task        ] GC(868) Using 6 workers of 6 for evacuation
[149.919s][info][gc,heap        ] GC(868) ParNew: 281908K->1911K(314560K)
[149.919s][info][gc,heap        ] GC(868) CMS: 125853K->125853K(699072K)
[149.919s][info][gc,metaspace   ] GC(868) Metaspace: 172890K(183640K)->172890K(183640K) NonClass: 152322K(157516K)->152322K(157516K) Class: 20568K(26124K)->20568K(26124K)
[149.919s][info][gc             ] GC(868) Pause Young (Allocation Failure) 398M->124M(989M) 2.160ms
[149.919s][info][gc,cpu         ] GC(868) User=0.00s Sys=0.00s Real=0.02s
[149.992s][info][gc,start       ] GC(869) Pause Young (Allocation Failure)
[149.992s][info][gc,task        ] GC(869) Using 6 workers of 6 for evacuation
[149.995s][info][gc,heap        ] GC(869) ParNew: 281527K->13125K(314560K)
[149.996s][info][gc,heap        ] GC(869) CMS: 125853K->125853K(699072K)
[149.996s][info][gc,metaspace   ] GC(869) Metaspace: 172890K(183640K)->172890K(183640K) NonClass: 152322K(157516K)->152322K(157516K) Class: 20568K(26124K)->20568K(26124K)
[149.996s][info][gc             ] GC(869) Pause Young (Allocation Failure) 397M->135M(989M) 3.835ms
[149.996s][info][gc,cpu         ] GC(869) User=0.00s Sys=0.00s Real=0.00s
[150.027s][info][gc,start       ] GC(870) Pause Young (Allocation Failure)
[150.027s][info][gc,task        ] GC(870) Using 6 workers of 6 for evacuation
[150.032s][info][gc,heap        ] GC(870) ParNew: 292741K->27585K(314560K)
[150.032s][info][gc,heap        ] GC(870) CMS: 125853K->125853K(699072K)
[150.032s][info][gc,metaspace   ] GC(870) Metaspace: 172890K(183640K)->172890K(183640K) NonClass: 152322K(157516K)->152322K(157516K) Class: 20568K(26124K)->20568K(26124K)
[150.032s][info][gc             ] GC(870) Pause Young (Allocation Failure) 408M->149M(989M) 5.181ms
[150.032s][info][gc,cpu         ] GC(870) User=0.02s Sys=0.00s Real=0.01s
[150.063s][info][gc,start       ] GC(871) Pause Young (Allocation Failure)
[150.063s][info][gc,task        ] GC(871) Using 6 workers of 6 for evacuation
[150.071s][info][gc,heap        ] GC(871) ParNew: 307201K->21858K(314560K)
[150.071s][info][gc,heap        ] GC(871) CMS: 125853K->144257K(699072K)
[150.071s][info][gc,metaspace   ] GC(871) Metaspace: 172890K(183640K)->172890K(183640K) NonClass: 152322K(157516K)->152322K(157516K) Class: 20568K(26124K)->20568K(26124K)
[150.071s][info][gc             ] GC(871) Pause Young (Allocation Failure) 422M->162M(989M) 8.203ms
[150.071s][info][gc,cpu         ] GC(871) User=0.00s Sys=0.00s Real=0.00s
[150.102s][info][gc,start       ] GC(872) Pause Young (Allocation Failure)
[150.102s][info][gc,task        ] GC(872) Using 6 workers of 6 for evacuation
[150.108s][info][gc,heap        ] GC(872) ParNew: 301474K->21751K(314560K)
[150.108s][info][gc,heap        ] GC(872) CMS: 144257K->158472K(699072K)
[150.108s][info][gc,metaspace   ] GC(872) Metaspace: 172890K(183640K)->172890K(183640K) NonClass: 152322K(157516K)->152322K(157516K) Class: 20568K(26124K)->20568K(26124K)
[150.108s][info][gc             ] GC(872) Pause Young (Allocation Failure) 435M->176M(989M) 6.433ms
[150.108s][info][gc,cpu         ] GC(872) User=0.00s Sys=0.00s Real=0.01s
[150.139s][info][gc,start       ] GC(873) Pause Young (Allocation Failure)
[150.139s][info][gc,task        ] GC(873) Using 6 workers of 6 for evacuation
[150.145s][info][gc,heap        ] GC(873) ParNew: 301367K->21112K(314560K)
[150.145s][info][gc,heap        ] GC(873) CMS: 158472K->172831K(699072K)
[150.145s][info][gc,metaspace   ] GC(873) Metaspace: 172890K(183640K)->172890K(183640K) NonClass: 152322K(157516K)->152322K(157516K) Class: 20568K(26124K)->20568K(26124K)
[150.145s][info][gc             ] GC(873) Pause Young (Allocation Failure) 449M->189M(989M) 6.349ms
[150.145s][info][gc,cpu         ] GC(873) User=0.00s Sys=0.00s Real=0.01s
[150.445s][info][gc,start       ] GC(874) Pause Young (Allocation Failure)
[150.445s][info][gc,task        ] GC(874) Using 6 workers of 6 for evacuation
[150.450s][info][gc,heap        ] GC(874) ParNew: 300728K->11892K(314560K)
[150.450s][info][gc,heap        ] GC(874) CMS: 172831K->186171K(699072K)
[150.450s][info][gc,metaspace   ] GC(874) Metaspace: 172890K(183640K)->172890K(183640K) NonClass: 152322K(157516K)->152322K(157516K) Class: 20568K(26124K)->20568K(26124K)
[150.450s][info][gc             ] GC(874) Pause Young (Allocation Failure) 462M->193M(989M) 5.169ms
[150.450s][info][gc,cpu         ] GC(874) User=0.00s Sys=0.00s Real=0.00s
[150.805s][info][gc,start       ] GC(875) Pause Young (Allocation Failure)
[150.805s][info][gc,task        ] GC(875) Using 6 workers of 6 for evacuation
[150.809s][info][gc,heap        ] GC(875) ParNew: 291508K->10656K(314560K)
[150.809s][info][gc,heap        ] GC(875) CMS: 186171K->186171K(699072K)
[150.809s][info][gc,metaspace   ] GC(875) Metaspace: 172890K(183640K)->172890K(183640K) NonClass: 152322K(157516K)->152322K(157516K) Class: 20568K(26124K)->20568K(26124K)
[150.809s][info][gc             ] GC(875) Pause Young (Allocation Failure) 466M->192M(989M) 3.459ms
[150.809s][info][gc,cpu         ] GC(875) User=0.00s Sys=0.00s Real=0.00s
[151.172s][info][gc,start       ] GC(876) Pause Young (Allocation Failure)
[151.172s][info][gc,task        ] GC(876) Using 6 workers of 6 for evacuation
[151.175s][info][gc,heap        ] GC(876) ParNew: 290272K->8622K(314560K)
[151.175s][info][gc,heap        ] GC(876) CMS: 186171K->186171K(699072K)
[151.175s][info][gc,metaspace   ] GC(876) Metaspace: 172890K(183640K)->172890K(183640K) NonClass: 152322K(157516K)->152322K(157516K) Class: 20568K(26124K)->20568K(26124K)
[151.175s][info][gc             ] GC(876) Pause Young (Allocation Failure) 465M->190M(989M) 3.235ms
[151.175s][info][gc,cpu         ] GC(876) User=0.00s Sys=0.00s Real=0.00s
[151.302s][info][gc,start       ] GC(877) Pause Full (System.gc())
[151.305s][info][gc,phases,start] GC(877) Phase 1: Mark live objects
[151.384s][info][gc,phases      ] GC(877) Phase 1: Mark live objects 78.626ms
[151.384s][info][gc,phases,start] GC(877) Phase 2: Compute new object addresses
[151.405s][info][gc,phases      ] GC(877) Phase 2: Compute new object addresses 20.858ms
[151.405s][info][gc,phases,start] GC(877) Phase 3: Adjust pointers
[151.452s][info][gc,phases      ] GC(877) Phase 3: Adjust pointers 47.653ms
[151.452s][info][gc,phases,start] GC(877) Phase 4: Move objects
[151.454s][info][gc,phases      ] GC(877) Phase 4: Move objects 2.209ms
[151.455s][info][gc,heap        ] GC(877) ParNew: 96041K->0K(314560K)
[151.455s][info][gc,heap        ] GC(877) CMS: 186171K->126108K(699072K)
[151.456s][info][gc,metaspace   ] GC(877) Metaspace: 172890K(183640K)->172890K(183640K) NonClass: 152322K(157516K)->152322K(157516K) Class: 20568K(26124K)->20568K(26124K)
[151.456s][info][gc             ] GC(877) Pause Full (System.gc()) 275M->123M(989M) 153.498ms
[151.456s][info][gc,cpu         ] GC(877) User=0.14s Sys=0.00s Real=0.16s
[151.523s][info][gc,start       ] GC(878) Pause Young (Allocation Failure)
[151.523s][info][gc,task        ] GC(878) Using 6 workers of 6 for evacuation
[151.525s][info][gc,heap        ] GC(878) ParNew: 279616K->2708K(314560K)
[151.525s][info][gc,heap        ] GC(878) CMS: 126108K->126108K(699072K)
[151.525s][info][gc,metaspace   ] GC(878) Metaspace: 172890K(183640K)->172890K(183640K) NonClass: 152322K(157516K)->152322K(157516K) Class: 20568K(26124K)->20568K(26124K)
[151.526s][info][gc             ] GC(878) Pause Young (Allocation Failure) 396M->125M(989M) 2.427ms
[151.526s][info][gc,cpu         ] GC(878) User=0.00s Sys=0.00s Real=0.00s
[151.553s][info][gc,start       ] GC(879) Pause Young (Allocation Failure)
[151.553s][info][gc,task        ] GC(879) Using 6 workers of 6 for evacuation
[151.555s][info][gc,heap        ] GC(879) ParNew: 282324K->2106K(314560K)
[151.555s][info][gc,heap        ] GC(879) CMS: 126108K->126108K(699072K)
[151.555s][info][gc,metaspace   ] GC(879) Metaspace: 172890K(183640K)->172890K(183640K) NonClass: 152322K(157516K)->152322K(157516K) Class: 20568K(26124K)->20568K(26124K)
[151.555s][info][gc             ] GC(879) Pause Young (Allocation Failure) 398M->125M(989M) 2.188ms
[151.555s][info][gc,cpu         ] GC(879) User=0.02s Sys=0.00s Real=0.02s
[151.629s][info][gc,start       ] GC(880) Pause Young (Allocation Failure)
[151.629s][info][gc,task        ] GC(880) Using 6 workers of 6 for evacuation
[151.633s][info][gc,heap        ] GC(880) ParNew: 281722K->12964K(314560K)
[151.633s][info][gc,heap        ] GC(880) CMS: 126108K->126108K(699072K)
[151.633s][info][gc,metaspace   ] GC(880) Metaspace: 172890K(183640K)->172890K(183640K) NonClass: 152322K(157516K)->152322K(157516K) Class: 20568K(26124K)->20568K(26124K)
[151.633s][info][gc             ] GC(880) Pause Young (Allocation Failure) 398M->135M(989M) 4.004ms
[151.633s][info][gc,cpu         ] GC(880) User=0.00s Sys=0.00s Real=0.01s
[151.666s][info][gc,start       ] GC(881) Pause Young (Allocation Failure)
[151.666s][info][gc,task        ] GC(881) Using 6 workers of 6 for evacuation
[151.671s][info][gc,heap        ] GC(881) ParNew: 292580K->29696K(314560K)
[151.671s][info][gc,heap        ] GC(881) CMS: 126108K->126108K(699072K)
[151.671s][info][gc,metaspace   ] GC(881) Metaspace: 172890K(183640K)->172890K(183640K) NonClass: 152322K(157516K)->152322K(157516K) Class: 20568K(26124K)->20568K(26124K)
[151.671s][info][gc             ] GC(881) Pause Young (Allocation Failure) 408M->152M(989M) 5.930ms
[151.672s][info][gc,cpu         ] GC(881) User=0.00s Sys=0.00s Real=0.00s
[151.702s][info][gc,start       ] GC(882) Pause Young (Allocation Failure)
[151.702s][info][gc,task        ] GC(882) Using 6 workers of 6 for evacuation
[151.710s][info][gc,heap        ] GC(882) ParNew: 309312K->22375K(314560K)
[151.710s][info][gc,heap        ] GC(882) CMS: 126108K->143166K(699072K)
[151.710s][info][gc,metaspace   ] GC(882) Metaspace: 172890K(183640K)->172890K(183640K) NonClass: 152322K(157516K)->152322K(157516K) Class: 20568K(26124K)->20568K(26124K)
[151.710s][info][gc             ] GC(882) Pause Young (Allocation Failure) 425M->161M(989M) 7.293ms
[151.710s][info][gc,cpu         ] GC(882) User=0.00s Sys=0.00s Real=0.00s
[151.740s][info][gc,start       ] GC(883) Pause Young (Allocation Failure)
[151.740s][info][gc,task        ] GC(883) Using 6 workers of 6 for evacuation
[151.747s][info][gc,heap        ] GC(883) ParNew: 301991K->21725K(314560K)
[151.747s][info][gc,heap        ] GC(883) CMS: 143166K->157864K(699072K)
[151.747s][info][gc,metaspace   ] GC(883) Metaspace: 172890K(183640K)->172890K(183640K) NonClass: 152322K(157516K)->152322K(157516K) Class: 20568K(26124K)->20568K(26124K)
[151.747s][info][gc             ] GC(883) Pause Young (Allocation Failure) 434M->175M(989M) 6.654ms
[151.747s][info][gc,cpu         ] GC(883) User=0.02s Sys=0.00s Real=0.01s
[151.778s][info][gc,start       ] GC(884) Pause Young (Allocation Failure)
[151.779s][info][gc,task        ] GC(884) Using 6 workers of 6 for evacuation
[151.784s][info][gc,heap        ] GC(884) ParNew: 301341K->21275K(314560K)
[151.784s][info][gc,heap        ] GC(884) CMS: 157864K->172418K(699072K)
[151.784s][info][gc,metaspace   ] GC(884) Metaspace: 172890K(183640K)->172890K(183640K) NonClass: 152322K(157516K)->152322K(157516K) Class: 20568K(26124K)->20568K(26124K)
[151.784s][info][gc             ] GC(884) Pause Young (Allocation Failure) 448M->189M(989M) 5.997ms
[151.785s][info][gc,cpu         ] GC(884) User=0.00s Sys=0.00s Real=0.00s
[152.075s][info][gc,start       ] GC(885) Pause Young (Allocation Failure)
[152.075s][info][gc,task        ] GC(885) Using 6 workers of 6 for evacuation
[152.080s][info][gc,heap        ] GC(885) ParNew: 300891K->10040K(314560K)
[152.080s][info][gc,heap        ] GC(885) CMS: 172418K->187307K(699072K)
[152.080s][info][gc,metaspace   ] GC(885) Metaspace: 172890K(183640K)->172890K(183640K) NonClass: 152322K(157516K)->152322K(157516K) Class: 20568K(26124K)->20568K(26124K)
[152.080s][info][gc             ] GC(885) Pause Young (Allocation Failure) 462M->192M(989M) 4.827ms
[152.080s][info][gc,cpu         ] GC(885) User=0.00s Sys=0.00s Real=0.00s
[152.434s][info][gc,start       ] GC(886) Pause Young (Allocation Failure)
[152.435s][info][gc,task        ] GC(886) Using 6 workers of 6 for evacuation
[152.438s][info][gc,heap        ] GC(886) ParNew: 289656K->7514K(314560K)
[152.438s][info][gc,heap        ] GC(886) CMS: 187307K->187307K(699072K)
[152.438s][info][gc,metaspace   ] GC(886) Metaspace: 172890K(183640K)->172890K(183640K) NonClass: 152322K(157516K)->152322K(157516K) Class: 20568K(26124K)->20568K(26124K)
[152.438s][info][gc             ] GC(886) Pause Young (Allocation Failure) 465M->190M(989M) 3.323ms
[152.438s][info][gc,cpu         ] GC(886) User=0.00s Sys=0.00s Real=0.00s
[152.790s][info][gc,start       ] GC(887) Pause Young (Allocation Failure)
[152.790s][info][gc,task        ] GC(887) Using 6 workers of 6 for evacuation
[152.792s][info][gc,heap        ] GC(887) ParNew: 283878K->8730K(314560K)
[152.792s][info][gc,heap        ] GC(887) CMS: 187307K->187307K(699072K)
[152.792s][info][gc,metaspace   ] GC(887) Metaspace: 172890K(183640K)->172890K(183640K) NonClass: 152322K(157516K)->152322K(157516K) Class: 20568K(26124K)->20568K(26124K)
[152.792s][info][gc             ] GC(887) Pause Young (Allocation Failure) 460M->191M(989M) 2.736ms
[152.792s][info][gc,cpu         ] GC(887) User=0.00s Sys=0.00s Real=0.00s
[152.919s][info][gc,start       ] GC(888) Pause Full (System.gc())
[152.922s][info][gc,phases,start] GC(888) Phase 1: Mark live objects
[153.001s][info][gc,phases      ] GC(888) Phase 1: Mark live objects 79.523ms
[153.001s][info][gc,phases,start] GC(888) Phase 2: Compute new object addresses
[153.022s][info][gc,phases      ] GC(888) Phase 2: Compute new object addresses 21.159ms
[153.022s][info][gc,phases,start] GC(888) Phase 3: Adjust pointers
[153.070s][info][gc,phases      ] GC(888) Phase 3: Adjust pointers 47.658ms
[153.070s][info][gc,phases,start] GC(888) Phase 4: Move objects
[153.072s][info][gc,phases      ] GC(888) Phase 4: Move objects 2.259ms
[153.073s][info][gc,heap        ] GC(888) ParNew: 102544K->0K(314560K)
[153.073s][info][gc,heap        ] GC(888) CMS: 187307K->125705K(699072K)
[153.073s][info][gc,metaspace   ] GC(888) Metaspace: 172890K(183640K)->172890K(183640K) NonClass: 152322K(157516K)->152322K(157516K) Class: 20568K(26124K)->20568K(26124K)
[153.074s][info][gc             ] GC(888) Pause Full (System.gc()) 283M->122M(989M) 154.263ms
[153.074s][info][gc,cpu         ] GC(888) User=0.14s Sys=0.00s Real=0.16s
[153.142s][info][gc,start       ] GC(889) Pause Young (Allocation Failure)
[153.142s][info][gc,task        ] GC(889) Using 6 workers of 6 for evacuation
[153.144s][info][gc,heap        ] GC(889) ParNew: 279616K->1781K(314560K)
[153.144s][info][gc,heap        ] GC(889) CMS: 125705K->125705K(699072K)
[153.144s][info][gc,metaspace   ] GC(889) Metaspace: 172892K(183640K)->172892K(183640K) NonClass: 152324K(157516K)->152324K(157516K) Class: 20568K(26124K)->20568K(26124K)
[153.144s][info][gc             ] GC(889) Pause Young (Allocation Failure) 395M->124M(989M) 2.291ms
[153.144s][info][gc,cpu         ] GC(889) User=0.00s Sys=0.00s Real=0.00s
[153.172s][info][gc,start       ] GC(890) Pause Young (Allocation Failure)
[153.172s][info][gc,task        ] GC(890) Using 6 workers of 6 for evacuation
[153.174s][info][gc,heap        ] GC(890) ParNew: 281397K->1581K(314560K)
[153.174s][info][gc,heap        ] GC(890) CMS: 125705K->125705K(699072K)
[153.174s][info][gc,metaspace   ] GC(890) Metaspace: 172892K(183640K)->172892K(183640K) NonClass: 152324K(157516K)->152324K(157516K) Class: 20568K(26124K)->20568K(26124K)
[153.174s][info][gc             ] GC(890) Pause Young (Allocation Failure) 397M->124M(989M) 2.067ms
[153.174s][info][gc,cpu         ] GC(890) User=0.00s Sys=0.00s Real=0.00s
[153.247s][info][gc,start       ] GC(891) Pause Young (Allocation Failure)
[153.247s][info][gc,task        ] GC(891) Using 6 workers of 6 for evacuation
[153.251s][info][gc,heap        ] GC(891) ParNew: 281084K->15115K(314560K)
[153.251s][info][gc,heap        ] GC(891) CMS: 125705K->125705K(699072K)
[153.251s][info][gc,metaspace   ] GC(891) Metaspace: 172892K(183640K)->172892K(183640K) NonClass: 152324K(157516K)->152324K(157516K) Class: 20568K(26124K)->20568K(26124K)
[153.251s][info][gc             ] GC(891) Pause Young (Allocation Failure) 397M->137M(989M) 4.183ms
[153.251s][info][gc,cpu         ] GC(891) User=0.02s Sys=0.00s Real=0.02s
[153.284s][info][gc,start       ] GC(892) Pause Young (Allocation Failure)
[153.284s][info][gc,task        ] GC(892) Using 6 workers of 6 for evacuation
[153.290s][info][gc,heap        ] GC(892) ParNew: 294731K->28221K(314560K)
[153.290s][info][gc,heap        ] GC(892) CMS: 125705K->125705K(699072K)
[153.290s][info][gc,metaspace   ] GC(892) Metaspace: 172892K(183640K)->172892K(183640K) NonClass: 152324K(157516K)->152324K(157516K) Class: 20568K(26124K)->20568K(26124K)
[153.290s][info][gc             ] GC(892) Pause Young (Allocation Failure) 410M->150M(989M) 6.195ms
[153.290s][info][gc,cpu         ] GC(892) User=0.00s Sys=0.00s Real=0.00s
[153.322s][info][gc,start       ] GC(893) Pause Young (Allocation Failure)
[153.322s][info][gc,task        ] GC(893) Using 6 workers of 6 for evacuation
[153.329s][info][gc,heap        ] GC(893) ParNew: 307837K->21858K(314560K)
[153.329s][info][gc,heap        ] GC(893) CMS: 125705K->142885K(699072K)
[153.329s][info][gc,metaspace   ] GC(893) Metaspace: 172892K(183640K)->172892K(183640K) NonClass: 152324K(157516K)->152324K(157516K) Class: 20568K(26124K)->20568K(26124K)
[153.330s][info][gc             ] GC(893) Pause Young (Allocation Failure) 423M->160M(989M) 7.404ms
[153.330s][info][gc,cpu         ] GC(893) User=0.02s Sys=0.00s Real=0.02s
[153.360s][info][gc,start       ] GC(894) Pause Young (Allocation Failure)
[153.360s][info][gc,task        ] GC(894) Using 6 workers of 6 for evacuation
[153.367s][info][gc,heap        ] GC(894) ParNew: 300735K->22581K(314560K)
[153.367s][info][gc,heap        ] GC(894) CMS: 142885K->158440K(699072K)
[153.367s][info][gc,metaspace   ] GC(894) Metaspace: 172892K(183640K)->172892K(183640K) NonClass: 152324K(157516K)->152324K(157516K) Class: 20568K(26124K)->20568K(26124K)
[153.367s][info][gc             ] GC(894) Pause Young (Allocation Failure) 433M->176M(989M) 6.429ms
[153.367s][info][gc,cpu         ] GC(894) User=0.00s Sys=0.00s Real=0.00s
[153.400s][info][gc,start       ] GC(895) Pause Young (Allocation Failure)
[153.400s][info][gc,task        ] GC(895) Using 6 workers of 6 for evacuation
[153.405s][info][gc,heap        ] GC(895) ParNew: 302197K->19418K(314560K)
[153.405s][info][gc,heap        ] GC(895) CMS: 158440K->171799K(699072K)
[153.405s][info][gc,metaspace   ] GC(895) Metaspace: 172892K(183640K)->172892K(183640K) NonClass: 152324K(157516K)->152324K(157516K) Class: 20568K(26124K)->20568K(26124K)
[153.405s][info][gc             ] GC(895) Pause Young (Allocation Failure) 449M->186M(989M) 5.710ms
[153.405s][info][gc,cpu         ] GC(895) User=0.00s Sys=0.00s Real=0.00s
[153.692s][info][gc,start       ] GC(896) Pause Young (Allocation Failure)
[153.692s][info][gc,task        ] GC(896) Using 6 workers of 6 for evacuation
[153.697s][info][gc,heap        ] GC(896) ParNew: 299034K->11840K(314560K)
[153.697s][info][gc,heap        ] GC(896) CMS: 171799K->187457K(699072K)
[153.697s][info][gc,metaspace   ] GC(896) Metaspace: 172892K(183640K)->172892K(183640K) NonClass: 152324K(157516K)->152324K(157516K) Class: 20568K(26124K)->20568K(26124K)
[153.697s][info][gc             ] GC(896) Pause Young (Allocation Failure) 459M->194M(989M) 4.652ms
[153.697s][info][gc,cpu         ] GC(896) User=0.00s Sys=0.00s Real=0.00s
[154.051s][info][gc,start       ] GC(897) Pause Young (Allocation Failure)
[154.052s][info][gc,task        ] GC(897) Using 6 workers of 6 for evacuation
[154.054s][info][gc,heap        ] GC(897) ParNew: 288375K->8366K(314560K)
[154.054s][info][gc,heap        ] GC(897) CMS: 187457K->187457K(699072K)
[154.054s][info][gc,metaspace   ] GC(897) Metaspace: 172892K(183640K)->172892K(183640K) NonClass: 152324K(157516K)->152324K(157516K) Class: 20568K(26124K)->20568K(26124K)
[154.054s][info][gc             ] GC(897) Pause Young (Allocation Failure) 464M->191M(989M) 2.769ms
[154.054s][info][gc,cpu         ] GC(897) User=0.00s Sys=0.00s Real=0.00s
[154.399s][info][gc,start       ] GC(898) Pause Young (Allocation Failure)
[154.399s][info][gc,task        ] GC(898) Using 6 workers of 6 for evacuation
[154.402s][info][gc,heap        ] GC(898) ParNew: 287982K->6964K(314560K)
[154.402s][info][gc,heap        ] GC(898) CMS: 187457K->187457K(699072K)
[154.402s][info][gc,metaspace   ] GC(898) Metaspace: 172892K(183640K)->172892K(183640K) NonClass: 152324K(157516K)->152324K(157516K) Class: 20568K(26124K)->20568K(26124K)
[154.402s][info][gc             ] GC(898) Pause Young (Allocation Failure) 464M->189M(989M) 2.901ms
[154.402s][info][gc,cpu         ] GC(898) User=0.00s Sys=0.00s Real=0.00s
[154.548s][info][gc,start       ] GC(899) Pause Full (System.gc())
[154.551s][info][gc,phases,start] GC(899) Phase 1: Mark live objects
[154.629s][info][gc,phases      ] GC(899) Phase 1: Mark live objects 78.470ms
[154.629s][info][gc,phases,start] GC(899) Phase 2: Compute new object addresses
[154.651s][info][gc,phases      ] GC(899) Phase 2: Compute new object addresses 21.997ms
[154.651s][info][gc,phases,start] GC(899) Phase 3: Adjust pointers
[154.699s][info][gc,phases      ] GC(899) Phase 3: Adjust pointers 48.051ms
[154.699s][info][gc,phases,start] GC(899) Phase 4: Move objects
[154.701s][info][gc,phases      ] GC(899) Phase 4: Move objects 2.263ms
[154.702s][info][gc,heap        ] GC(899) ParNew: 102746K->0K(314560K)
[154.702s][info][gc,heap        ] GC(899) CMS: 187457K->126153K(699072K)
[154.703s][info][gc,metaspace   ] GC(899) Metaspace: 172893K(183640K)->172893K(183640K) NonClass: 152325K(157516K)->152325K(157516K) Class: 20568K(26124K)->20568K(26124K)
[154.703s][info][gc             ] GC(899) Pause Full (System.gc()) 283M->123M(989M) 154.732ms
[154.703s][info][gc,cpu         ] GC(899) User=0.14s Sys=0.00s Real=0.16s
[154.774s][info][gc,start       ] GC(900) Pause Young (Allocation Failure)
[154.774s][info][gc,task        ] GC(900) Using 6 workers of 6 for evacuation
[154.776s][info][gc,heap        ] GC(900) ParNew: 279616K->1891K(314560K)
[154.776s][info][gc,heap        ] GC(900) CMS: 126153K->126153K(699072K)
[154.776s][info][gc,metaspace   ] GC(900) Metaspace: 172896K(183640K)->172896K(183640K) NonClass: 152328K(157516K)->152328K(157516K) Class: 20568K(26124K)->20568K(26124K)
[154.776s][info][gc             ] GC(900) Pause Young (Allocation Failure) 396M->125M(989M) 2.389ms
[154.776s][info][gc,cpu         ] GC(900) User=0.00s Sys=0.00s Real=0.00s
[154.804s][info][gc,start       ] GC(901) Pause Young (Allocation Failure)
[154.804s][info][gc,task        ] GC(901) Using 6 workers of 6 for evacuation
[154.806s][info][gc,heap        ] GC(901) ParNew: 281507K->2077K(314560K)
[154.806s][info][gc,heap        ] GC(901) CMS: 126153K->126153K(699072K)
[154.806s][info][gc,metaspace   ] GC(901) Metaspace: 172896K(183640K)->172896K(183640K) NonClass: 152328K(157516K)->152328K(157516K) Class: 20568K(26124K)->20568K(26124K)
[154.806s][info][gc             ] GC(901) Pause Young (Allocation Failure) 398M->125M(989M) 2.240ms
[154.806s][info][gc,cpu         ] GC(901) User=0.00s Sys=0.00s Real=0.02s
[154.880s][info][gc,start       ] GC(902) Pause Young (Allocation Failure)
[154.880s][info][gc,task        ] GC(902) Using 6 workers of 6 for evacuation
[154.884s][info][gc,heap        ] GC(902) ParNew: 281693K->13294K(314560K)
[154.884s][info][gc,heap        ] GC(902) CMS: 126153K->126153K(699072K)
[154.884s][info][gc,metaspace   ] GC(902) Metaspace: 172896K(183640K)->172896K(183640K) NonClass: 152328K(157516K)->152328K(157516K) Class: 20568K(26124K)->20568K(26124K)
[154.884s][info][gc             ] GC(902) Pause Young (Allocation Failure) 398M->136M(989M) 4.050ms
[154.884s][info][gc,cpu         ] GC(902) User=0.02s Sys=0.00s Real=0.02s
[154.915s][info][gc,start       ] GC(903) Pause Young (Allocation Failure)
[154.915s][info][gc,task        ] GC(903) Using 6 workers of 6 for evacuation
[154.919s][info][gc,heap        ] GC(903) ParNew: 292910K->24170K(314560K)
[154.919s][info][gc,heap        ] GC(903) CMS: 126153K->126153K(699072K)
[154.919s][info][gc,metaspace   ] GC(903) Metaspace: 172896K(183640K)->172896K(183640K) NonClass: 152328K(157516K)->152328K(157516K) Class: 20568K(26124K)->20568K(26124K)
[154.919s][info][gc             ] GC(903) Pause Young (Allocation Failure) 409M->146M(989M) 4.845ms
[154.920s][info][gc,cpu         ] GC(903) User=0.00s Sys=0.00s Real=0.00s
[154.950s][info][gc,start       ] GC(904) Pause Young (Allocation Failure)
[154.950s][info][gc,task        ] GC(904) Using 6 workers of 6 for evacuation
[154.957s][info][gc,heap        ] GC(904) ParNew: 303786K->21244K(314560K)
[154.957s][info][gc,heap        ] GC(904) CMS: 126153K->145237K(699072K)
[154.957s][info][gc,metaspace   ] GC(904) Metaspace: 172896K(183640K)->172896K(183640K) NonClass: 152328K(157516K)->152328K(157516K) Class: 20568K(26124K)->20568K(26124K)
[154.957s][info][gc             ] GC(904) Pause Young (Allocation Failure) 419M->162M(989M) 7.120ms
[154.957s][info][gc,cpu         ] GC(904) User=0.00s Sys=0.00s Real=0.00s
[154.988s][info][gc,start       ] GC(905) Pause Young (Allocation Failure)
[154.988s][info][gc,task        ] GC(905) Using 6 workers of 6 for evacuation
[154.994s][info][gc,heap        ] GC(905) ParNew: 300860K->20511K(314560K)
[154.994s][info][gc,heap        ] GC(905) CMS: 145237K->158762K(699072K)
[154.994s][info][gc,metaspace   ] GC(905) Metaspace: 172896K(183640K)->172896K(183640K) NonClass: 152328K(157516K)->152328K(157516K) Class: 20568K(26124K)->20568K(26124K)
[154.994s][info][gc             ] GC(905) Pause Young (Allocation Failure) 435M->175M(989M) 6.134ms
[154.994s][info][gc,cpu         ] GC(905) User=0.02s Sys=0.00s Real=0.01s
[155.025s][info][gc,start       ] GC(906) Pause Young (Allocation Failure)
[155.025s][info][gc,task        ] GC(906) Using 6 workers of 6 for evacuation
[155.031s][info][gc,heap        ] GC(906) ParNew: 300127K->18516K(314560K)
[155.031s][info][gc,heap        ] GC(906) CMS: 158762K->174153K(699072K)
[155.031s][info][gc,metaspace   ] GC(906) Metaspace: 172896K(183640K)->172896K(183640K) NonClass: 152328K(157516K)->152328K(157516K) Class: 20568K(26124K)->20568K(26124K)
[155.031s][info][gc             ] GC(906) Pause Young (Allocation Failure) 448M->188M(989M) 6.027ms
[155.031s][info][gc,cpu         ] GC(906) User=0.00s Sys=0.00s Real=0.00s
[155.318s][info][gc,start       ] GC(907) Pause Young (Allocation Failure)
[155.318s][info][gc,task        ] GC(907) Using 6 workers of 6 for evacuation
[155.323s][info][gc,heap        ] GC(907) ParNew: 298132K->21766K(314560K)
[155.323s][info][gc,heap        ] GC(907) CMS: 174153K->174153K(699072K)
[155.323s][info][gc,metaspace   ] GC(907) Metaspace: 172896K(183640K)->172896K(183640K) NonClass: 152328K(157516K)->152328K(157516K) Class: 20568K(26124K)->20568K(26124K)
[155.323s][info][gc             ] GC(907) Pause Young (Allocation Failure) 461M->191M(989M) 4.826ms
[155.323s][info][gc,cpu         ] GC(907) User=0.00s Sys=0.00s Real=0.02s
[155.679s][info][gc,start       ] GC(908) Pause Young (Allocation Failure)
[155.679s][info][gc,task        ] GC(908) Using 6 workers of 6 for evacuation
[155.683s][info][gc,heap        ] GC(908) ParNew: 301226K->12879K(314560K)
[155.683s][info][gc,heap        ] GC(908) CMS: 174153K->187485K(699072K)
[155.683s][info][gc,metaspace   ] GC(908) Metaspace: 172896K(183640K)->172896K(183640K) NonClass: 152328K(157516K)->152328K(157516K) Class: 20568K(26124K)->20568K(26124K)
[155.683s][info][gc             ] GC(908) Pause Young (Allocation Failure) 464M->195M(989M) 4.447ms
[155.683s][info][gc,cpu         ] GC(908) User=0.00s Sys=0.00s Real=0.00s
[156.035s][info][gc,start       ] GC(909) Pause Young (Allocation Failure)
[156.035s][info][gc,task        ] GC(909) Using 6 workers of 6 for evacuation
[156.039s][info][gc,heap        ] GC(909) ParNew: 292436K->7574K(314560K)
[156.039s][info][gc,heap        ] GC(909) CMS: 187485K->187485K(699072K)
[156.039s][info][gc,metaspace   ] GC(909) Metaspace: 172896K(183640K)->172896K(183640K) NonClass: 152328K(157516K)->152328K(157516K) Class: 20568K(26124K)->20568K(26124K)
[156.039s][info][gc             ] GC(909) Pause Young (Allocation Failure) 468M->190M(989M) 3.382ms
[156.039s][info][gc,cpu         ] GC(909) User=0.00s Sys=0.00s Real=0.01s
[156.163s][info][gc,start       ] GC(910) Pause Full (System.gc())
[156.166s][info][gc,phases,start] GC(910) Phase 1: Mark live objects
[156.245s][info][gc,phases      ] GC(910) Phase 1: Mark live objects 79.710ms
[156.245s][info][gc,phases,start] GC(910) Phase 2: Compute new object addresses
[156.266s][info][gc,phases      ] GC(910) Phase 2: Compute new object addresses 21.071ms
[156.266s][info][gc,phases,start] GC(910) Phase 3: Adjust pointers
[156.314s][info][gc,phases      ] GC(910) Phase 3: Adjust pointers 47.817ms
[156.314s][info][gc,phases,start] GC(910) Phase 4: Move objects
[156.317s][info][gc,phases      ] GC(910) Phase 4: Move objects 2.296ms
[156.318s][info][gc,heap        ] GC(910) ParNew: 96461K->0K(314560K)
[156.318s][info][gc,heap        ] GC(910) CMS: 187485K->125695K(699072K)
[156.318s][info][gc,metaspace   ] GC(910) Metaspace: 172896K(183640K)->172896K(183640K) NonClass: 152328K(157516K)->152328K(157516K) Class: 20568K(26124K)->20568K(26124K)
[156.318s][info][gc             ] GC(910) Pause Full (System.gc()) 277M->122M(989M) 154.558ms
[156.318s][info][gc,cpu         ] GC(910) User=0.14s Sys=0.00s Real=0.16s
[156.388s][info][gc,start       ] GC(911) Pause Young (Allocation Failure)
[156.388s][info][gc,task        ] GC(911) Using 6 workers of 6 for evacuation
[156.390s][info][gc,heap        ] GC(911) ParNew: 279616K->4289K(314560K)
[156.390s][info][gc,heap        ] GC(911) CMS: 125695K->125695K(699072K)
[156.390s][info][gc,metaspace   ] GC(911) Metaspace: 172929K(183640K)->172929K(183640K) NonClass: 152360K(157516K)->152360K(157516K) Class: 20568K(26124K)->20568K(26124K)
[156.390s][info][gc             ] GC(911) Pause Young (Allocation Failure) 395M->126M(989M) 2.405ms
[156.390s][info][gc,cpu         ] GC(911) User=0.00s Sys=0.00s Real=0.00s
[156.419s][info][gc,start       ] GC(912) Pause Young (Allocation Failure)
[156.419s][info][gc,task        ] GC(912) Using 6 workers of 6 for evacuation
[156.421s][info][gc,heap        ] GC(912) ParNew: 283905K->1600K(314560K)
[156.421s][info][gc,heap        ] GC(912) CMS: 125695K->125695K(699072K)
[156.421s][info][gc,metaspace   ] GC(912) Metaspace: 172929K(183640K)->172929K(183640K) NonClass: 152360K(157516K)->152360K(157516K) Class: 20568K(26124K)->20568K(26124K)
[156.421s][info][gc             ] GC(912) Pause Young (Allocation Failure) 400M->124M(989M) 1.993ms
[156.421s][info][gc,cpu         ] GC(912) User=0.00s Sys=0.00s Real=0.00s
[156.510s][info][gc,start       ] GC(913) Pause Young (Allocation Failure)
[156.510s][info][gc,task        ] GC(913) Using 6 workers of 6 for evacuation
[156.514s][info][gc,heap        ] GC(913) ParNew: 281216K->12758K(314560K)
[156.514s][info][gc,heap        ] GC(913) CMS: 125695K->125695K(699072K)
[156.514s][info][gc,metaspace   ] GC(913) Metaspace: 172929K(183640K)->172929K(183640K) NonClass: 152360K(157516K)->152360K(157516K) Class: 20568K(26124K)->20568K(26124K)
[156.514s][info][gc             ] GC(913) Pause Young (Allocation Failure) 397M->135M(989M) 3.903ms
[156.514s][info][gc,cpu         ] GC(913) User=0.00s Sys=0.00s Real=0.00s
[156.546s][info][gc,start       ] GC(914) Pause Young (Allocation Failure)
[156.546s][info][gc,task        ] GC(914) Using 6 workers of 6 for evacuation
[156.551s][info][gc,heap        ] GC(914) ParNew: 292374K->29022K(314560K)
[156.551s][info][gc,heap        ] GC(914) CMS: 125695K->125695K(699072K)
[156.551s][info][gc,metaspace   ] GC(914) Metaspace: 172929K(183640K)->172929K(183640K) NonClass: 152360K(157516K)->152360K(157516K) Class: 20568K(26124K)->20568K(26124K)
[156.552s][info][gc             ] GC(914) Pause Young (Allocation Failure) 408M->151M(989M) 5.734ms
[156.552s][info][gc,cpu         ] GC(914) User=0.02s Sys=0.00s Real=0.01s
[156.584s][info][gc,start       ] GC(915) Pause Young (Allocation Failure)
[156.584s][info][gc,task        ] GC(915) Using 6 workers of 6 for evacuation
[156.591s][info][gc,heap        ] GC(915) ParNew: 308638K->27475K(314560K)
[156.591s][info][gc,heap        ] GC(915) CMS: 125695K->142777K(699072K)
[156.591s][info][gc,metaspace   ] GC(915) Metaspace: 172929K(183640K)->172929K(183640K) NonClass: 152360K(157516K)->152360K(157516K) Class: 20568K(26124K)->20568K(26124K)
[156.591s][info][gc             ] GC(915) Pause Young (Allocation Failure) 424M->166M(989M) 7.539ms
[156.592s][info][gc,cpu         ] GC(915) User=0.00s Sys=0.00s Real=0.00s
[156.623s][info][gc,start       ] GC(916) Pause Young (Allocation Failure)
[156.623s][info][gc,task        ] GC(916) Using 6 workers of 6 for evacuation
[156.630s][info][gc,heap        ] GC(916) ParNew: 307048K->23076K(314560K)
[156.631s][info][gc,heap        ] GC(916) CMS: 142777K->159874K(699072K)
[156.631s][info][gc,metaspace   ] GC(916) Metaspace: 172929K(183640K)->172929K(183640K) NonClass: 152360K(157516K)->152360K(157516K) Class: 20568K(26124K)->20568K(26124K)
[156.631s][info][gc             ] GC(916) Pause Young (Allocation Failure) 439M->178M(989M) 7.290ms
[156.631s][info][gc,cpu         ] GC(916) User=0.02s Sys=0.00s Real=0.02s
[156.670s][info][gc,start       ] GC(917) Pause Young (Allocation Failure)
[156.670s][info][gc,task        ] GC(917) Using 6 workers of 6 for evacuation
[156.677s][info][gc,heap        ] GC(917) ParNew: 302692K->18483K(314560K)
[156.677s][info][gc,heap        ] GC(917) CMS: 159874K->174563K(699072K)
[156.677s][info][gc,metaspace   ] GC(917) Metaspace: 172929K(183640K)->172929K(183640K) NonClass: 152360K(157516K)->152360K(157516K) Class: 20568K(26124K)->20568K(26124K)
[156.677s][info][gc             ] GC(917) Pause Young (Allocation Failure) 451M->188M(989M) 6.763ms
[156.677s][info][gc,cpu         ] GC(917) User=0.08s Sys=0.00s Real=0.02s
[156.989s][info][gc,start       ] GC(918) Pause Young (Allocation Failure)
[156.989s][info][gc,task        ] GC(918) Using 6 workers of 6 for evacuation
[156.994s][info][gc,heap        ] GC(918) ParNew: 295572K->10513K(314560K)
[156.994s][info][gc,heap        ] GC(918) CMS: 174563K->189895K(699072K)
[156.994s][info][gc,metaspace   ] GC(918) Metaspace: 172929K(183640K)->172929K(183640K) NonClass: 152360K(157516K)->152360K(157516K) Class: 20568K(26124K)->20568K(26124K)
[156.994s][info][gc             ] GC(918) Pause Young (Allocation Failure) 459M->195M(989M) 5.354ms
[156.994s][info][gc,cpu         ] GC(918) User=0.00s Sys=0.00s Real=0.00s
[157.346s][info][gc,start       ] GC(919) Pause Young (Allocation Failure)
[157.347s][info][gc,task        ] GC(919) Using 6 workers of 6 for evacuation
[157.349s][info][gc,heap        ] GC(919) ParNew: 289165K->7659K(314560K)
[157.349s][info][gc,heap        ] GC(919) CMS: 189895K->189895K(699072K)
[157.349s][info][gc,metaspace   ] GC(919) Metaspace: 172929K(183640K)->172929K(183640K) NonClass: 152360K(157516K)->152360K(157516K) Class: 20568K(26124K)->20568K(26124K)
[157.349s][info][gc             ] GC(919) Pause Young (Allocation Failure) 467M->192M(989M) 2.971ms
[157.349s][info][gc,cpu         ] GC(919) User=0.00s Sys=0.00s Real=0.01s
[157.698s][info][gc,start       ] GC(920) Pause Young (Allocation Failure)
[157.698s][info][gc,task        ] GC(920) Using 6 workers of 6 for evacuation
[157.701s][info][gc,heap        ] GC(920) ParNew: 284148K->8065K(314560K)
[157.701s][info][gc,heap        ] GC(920) CMS: 189895K->189895K(699072K)
[157.701s][info][gc,metaspace   ] GC(920) Metaspace: 172929K(183640K)->172929K(183640K) NonClass: 152360K(157516K)->152360K(157516K) Class: 20568K(26124K)->20568K(26124K)
[157.701s][info][gc             ] GC(920) Pause Young (Allocation Failure) 462M->193M(989M) 2.791ms
[157.701s][info][gc,cpu         ] GC(920) User=0.00s Sys=0.00s Real=0.00s
[157.861s][info][gc,start       ] GC(921) Pause Full (System.gc())
[157.864s][info][gc,phases,start] GC(921) Phase 1: Mark live objects
[157.947s][info][gc,phases      ] GC(921) Phase 1: Mark live objects 83.663ms
[157.947s][info][gc,phases,start] GC(921) Phase 2: Compute new object addresses
[157.970s][info][gc,phases      ] GC(921) Phase 2: Compute new object addresses 22.152ms
[157.970s][info][gc,phases,start] GC(921) Phase 3: Adjust pointers
[158.018s][info][gc,phases      ] GC(921) Phase 3: Adjust pointers 48.093ms
[158.018s][info][gc,phases,start] GC(921) Phase 4: Move objects
[158.020s][info][gc,phases      ] GC(921) Phase 4: Move objects 2.291ms
[158.021s][info][gc,heap        ] GC(921) ParNew: 109729K->0K(314560K)
[158.021s][info][gc,heap        ] GC(921) CMS: 189895K->126230K(699072K)
[158.021s][info][gc,metaspace   ] GC(921) Metaspace: 172929K(183640K)->172929K(183640K) NonClass: 152361K(157516K)->152361K(157516K) Class: 20568K(26124K)->20568K(26124K)
[158.021s][info][gc             ] GC(921) Pause Full (System.gc()) 292M->123M(989M) 160.370ms
[158.021s][info][gc,cpu         ] GC(921) User=0.22s Sys=0.00s Real=0.16s
[158.092s][info][gc,start       ] GC(922) Pause Young (Allocation Failure)
[158.093s][info][gc,task        ] GC(922) Using 6 workers of 6 for evacuation
[158.095s][info][gc,heap        ] GC(922) ParNew: 279616K->1846K(314560K)
[158.095s][info][gc,heap        ] GC(922) CMS: 126230K->126230K(699072K)
[158.095s][info][gc,metaspace   ] GC(922) Metaspace: 172930K(183640K)->172930K(183640K) NonClass: 152362K(157516K)->152362K(157516K) Class: 20568K(26124K)->20568K(26124K)
[158.095s][info][gc             ] GC(922) Pause Young (Allocation Failure) 396M->125M(989M) 2.210ms
[158.095s][info][gc,cpu         ] GC(922) User=0.00s Sys=0.00s Real=0.00s
[158.123s][info][gc,start       ] GC(923) Pause Young (Allocation Failure)
[158.123s][info][gc,task        ] GC(923) Using 6 workers of 6 for evacuation
[158.125s][info][gc,heap        ] GC(923) ParNew: 281462K->1525K(314560K)
[158.125s][info][gc,heap        ] GC(923) CMS: 126230K->126230K(699072K)
[158.125s][info][gc,metaspace   ] GC(923) Metaspace: 172930K(183640K)->172930K(183640K) NonClass: 152362K(157516K)->152362K(157516K) Class: 20568K(26124K)->20568K(26124K)
[158.125s][info][gc             ] GC(923) Pause Young (Allocation Failure) 398M->124M(989M) 2.133ms
[158.125s][info][gc,cpu         ] GC(923) User=0.00s Sys=0.00s Real=0.00s
[158.197s][info][gc,start       ] GC(924) Pause Young (Allocation Failure)
[158.197s][info][gc,task        ] GC(924) Using 6 workers of 6 for evacuation
[158.201s][info][gc,heap        ] GC(924) ParNew: 281141K->13318K(314560K)
[158.201s][info][gc,heap        ] GC(924) CMS: 126230K->126230K(699072K)
[158.201s][info][gc,metaspace   ] GC(924) Metaspace: 172930K(183640K)->172930K(183640K) NonClass: 152362K(157516K)->152362K(157516K) Class: 20568K(26124K)->20568K(26124K)
[158.201s][info][gc             ] GC(924) Pause Young (Allocation Failure) 397M->136M(989M) 3.824ms
[158.201s][info][gc,cpu         ] GC(924) User=0.00s Sys=0.00s Real=0.00s
[158.233s][info][gc,start       ] GC(925) Pause Young (Allocation Failure)
[158.233s][info][gc,task        ] GC(925) Using 6 workers of 6 for evacuation
[158.238s][info][gc,heap        ] GC(925) ParNew: 292934K->23310K(314560K)
[158.238s][info][gc,heap        ] GC(925) CMS: 126230K->126230K(699072K)
[158.238s][info][gc,metaspace   ] GC(925) Metaspace: 172930K(183640K)->172930K(183640K) NonClass: 152362K(157516K)->152362K(157516K) Class: 20568K(26124K)->20568K(26124K)
[158.238s][info][gc             ] GC(925) Pause Young (Allocation Failure) 409M->146M(989M) 4.868ms
[158.238s][info][gc,cpu         ] GC(925) User=0.00s Sys=0.00s Real=0.00s
[158.269s][info][gc,start       ] GC(926) Pause Young (Allocation Failure)
[158.269s][info][gc,task        ] GC(926) Using 6 workers of 6 for evacuation
[158.277s][info][gc,heap        ] GC(926) ParNew: 302926K->24025K(314560K)
[158.277s][info][gc,heap        ] GC(926) CMS: 126230K->145315K(699072K)
[158.277s][info][gc,metaspace   ] GC(926) Metaspace: 172930K(183640K)->172930K(183640K) NonClass: 152362K(157516K)->152362K(157516K) Class: 20568K(26124K)->20568K(26124K)
[158.277s][info][gc             ] GC(926) Pause Young (Allocation Failure) 419M->165M(989M) 7.286ms
[158.277s][info][gc,cpu         ] GC(926) User=0.02s Sys=0.00s Real=0.02s
[158.307s][info][gc,start       ] GC(927) Pause Young (Allocation Failure)
[158.307s][info][gc,task        ] GC(927) Using 6 workers of 6 for evacuation
[158.313s][info][gc,heap        ] GC(927) ParNew: 303641K->27504K(314560K)
[158.313s][info][gc,heap        ] GC(927) CMS: 145315K->158852K(699072K)
[158.313s][info][gc,metaspace   ] GC(927) Metaspace: 172930K(183640K)->172930K(183640K) NonClass: 152362K(157516K)->152362K(157516K) Class: 20568K(26124K)->20568K(26124K)
[158.313s][info][gc             ] GC(927) Pause Young (Allocation Failure) 438M->181M(989M) 6.540ms
[158.313s][info][gc,cpu         ] GC(927) User=0.00s Sys=0.00s Real=0.00s
[158.344s][info][gc,start       ] GC(928) Pause Young (Allocation Failure)
[158.344s][info][gc,task        ] GC(928) Using 6 workers of 6 for evacuation
[158.350s][info][gc,heap        ] GC(928) ParNew: 307120K->22894K(314560K)
[158.350s][info][gc,heap        ] GC(928) CMS: 158852K->171180K(699072K)
[158.350s][info][gc,metaspace   ] GC(928) Metaspace: 172930K(183640K)->172930K(183640K) NonClass: 152362K(157516K)->152362K(157516K) Class: 20568K(26124K)->20568K(26124K)
[158.350s][info][gc             ] GC(928) Pause Young (Allocation Failure) 455M->189M(989M) 6.354ms
[158.350s][info][gc,cpu         ] GC(928) User=0.00s Sys=0.00s Real=0.00s
[158.649s][info][gc,start       ] GC(929) Pause Young (Allocation Failure)
[158.649s][info][gc,task        ] GC(929) Using 6 workers of 6 for evacuation
[158.654s][info][gc,heap        ] GC(929) ParNew: 302498K->13629K(314560K)
[158.654s][info][gc,heap        ] GC(929) CMS: 171180K->186550K(699072K)
[158.654s][info][gc,metaspace   ] GC(929) Metaspace: 172930K(183640K)->172930K(183640K) NonClass: 152362K(157516K)->152362K(157516K) Class: 20568K(26124K)->20568K(26124K)
[158.654s][info][gc             ] GC(929) Pause Young (Allocation Failure) 462M->195M(989M) 5.475ms
[158.654s][info][gc,cpu         ] GC(929) User=0.02s Sys=0.00s Real=0.01s
[159.006s][info][gc,start       ] GC(930) Pause Young (Allocation Failure)
[159.006s][info][gc,task        ] GC(930) Using 6 workers of 6 for evacuation
[159.009s][info][gc,heap        ] GC(930) ParNew: 290050K->10593K(314560K)
[159.009s][info][gc,heap        ] GC(930) CMS: 186550K->186550K(699072K)
[159.009s][info][gc,metaspace   ] GC(930) Metaspace: 172930K(183640K)->172930K(183640K) NonClass: 152362K(157516K)->152362K(157516K) Class: 20568K(26124K)->20568K(26124K)
[159.009s][info][gc             ] GC(930) Pause Young (Allocation Failure) 465M->192M(989M) 2.694ms
[159.009s][info][gc,cpu         ] GC(930) User=0.00s Sys=0.00s Real=0.00s
[159.341s][info][gc,start       ] GC(931) Pause Young (Allocation Failure)
[159.341s][info][gc,task        ] GC(931) Using 6 workers of 6 for evacuation
[159.345s][info][gc,heap        ] GC(931) ParNew: 290209K->9395K(314560K)
[159.345s][info][gc,heap        ] GC(931) CMS: 186550K->186550K(699072K)
[159.345s][info][gc,metaspace   ] GC(931) Metaspace: 172930K(183640K)->172930K(183640K) NonClass: 152362K(157516K)->152362K(157516K) Class: 20568K(26124K)->20568K(26124K)
[159.345s][info][gc             ] GC(931) Pause Young (Allocation Failure) 465M->191M(989M) 3.508ms
[159.345s][info][gc,cpu         ] GC(931) User=0.00s Sys=0.00s Real=0.02s
[159.486s][info][gc,start       ] GC(932) Pause Full (System.gc())
[159.489s][info][gc,phases,start] GC(932) Phase 1: Mark live objects
[159.569s][info][gc,phases      ] GC(932) Phase 1: Mark live objects 80.106ms
[159.569s][info][gc,phases,start] GC(932) Phase 2: Compute new object addresses
[159.590s][info][gc,phases      ] GC(932) Phase 2: Compute new object addresses 21.164ms
[159.590s][info][gc,phases,start] GC(932) Phase 3: Adjust pointers
[159.640s][info][gc,phases      ] GC(932) Phase 3: Adjust pointers 49.912ms
[159.640s][info][gc,phases,start] GC(932) Phase 4: Move objects
[159.642s][info][gc,phases      ] GC(932) Phase 4: Move objects 2.348ms
[159.643s][info][gc,heap        ] GC(932) ParNew: 106275K->0K(314560K)
[159.643s][info][gc,heap        ] GC(932) CMS: 186550K->125657K(699072K)
[159.643s][info][gc,metaspace   ] GC(932) Metaspace: 172931K(183640K)->172931K(183640K) NonClass: 152363K(157516K)->152363K(157516K) Class: 20568K(26124K)->20568K(26124K)
[159.643s][info][gc             ] GC(932) Pause Full (System.gc()) 285M->122M(989M) 157.051ms
[159.644s][info][gc,cpu         ] GC(932) User=0.14s Sys=0.00s Real=0.16s
[159.709s][info][gc,start       ] GC(933) Pause Young (Allocation Failure)
[159.710s][info][gc,task        ] GC(933) Using 6 workers of 6 for evacuation
[159.712s][info][gc,heap        ] GC(933) ParNew: 279616K->3298K(314560K)
[159.712s][info][gc,heap        ] GC(933) CMS: 125657K->125657K(699072K)
[159.712s][info][gc,metaspace   ] GC(933) Metaspace: 172931K(183640K)->172931K(183640K) NonClass: 152363K(157516K)->152363K(157516K) Class: 20568K(26124K)->20568K(26124K)
[159.712s][info][gc             ] GC(933) Pause Young (Allocation Failure) 395M->125M(989M) 2.325ms
[159.712s][info][gc,cpu         ] GC(933) User=0.00s Sys=0.00s Real=0.00s
[159.741s][info][gc,start       ] GC(934) Pause Young (Allocation Failure)
[159.741s][info][gc,task        ] GC(934) Using 6 workers of 6 for evacuation
[159.743s][info][gc,heap        ] GC(934) ParNew: 282914K->1694K(314560K)
[159.743s][info][gc,heap        ] GC(934) CMS: 125657K->125657K(699072K)
[159.743s][info][gc,metaspace   ] GC(934) Metaspace: 172931K(183640K)->172931K(183640K) NonClass: 152363K(157516K)->152363K(157516K) Class: 20568K(26124K)->20568K(26124K)
[159.743s][info][gc             ] GC(934) Pause Young (Allocation Failure) 398M->124M(989M) 2.001ms
[159.743s][info][gc,cpu         ] GC(934) User=0.00s Sys=0.00s Real=0.00s
[159.815s][info][gc,start       ] GC(935) Pause Young (Allocation Failure)
[159.815s][info][gc,task        ] GC(935) Using 6 workers of 6 for evacuation
[159.819s][info][gc,heap        ] GC(935) ParNew: 281310K->13304K(314560K)
[159.819s][info][gc,heap        ] GC(935) CMS: 125657K->125657K(699072K)
[159.819s][info][gc,metaspace   ] GC(935) Metaspace: 172931K(183640K)->172931K(183640K) NonClass: 152363K(157516K)->152363K(157516K) Class: 20568K(26124K)->20568K(26124K)
[159.819s][info][gc             ] GC(935) Pause Young (Allocation Failure) 397M->135M(989M) 3.886ms
[159.819s][info][gc,cpu         ] GC(935) User=0.00s Sys=0.00s Real=0.00s
[159.850s][info][gc,start       ] GC(936) Pause Young (Allocation Failure)
[159.850s][info][gc,task        ] GC(936) Using 6 workers of 6 for evacuation
[159.855s][info][gc,heap        ] GC(936) ParNew: 292883K->23832K(314560K)
[159.855s][info][gc,heap        ] GC(936) CMS: 125657K->125657K(699072K)
[159.855s][info][gc,metaspace   ] GC(936) Metaspace: 172931K(183640K)->172931K(183640K) NonClass: 152363K(157516K)->152363K(157516K) Class: 20568K(26124K)->20568K(26124K)
[159.855s][info][gc             ] GC(936) Pause Young (Allocation Failure) 408M->145M(989M) 5.039ms
[159.855s][info][gc,cpu         ] GC(936) User=0.00s Sys=0.00s Real=0.00s
[159.886s][info][gc,start       ] GC(937) Pause Young (Allocation Failure)
[159.886s][info][gc,task        ] GC(937) Using 6 workers of 6 for evacuation
[159.893s][info][gc,heap        ] GC(937) ParNew: 303448K->19776K(314560K)
[159.893s][info][gc,heap        ] GC(937) CMS: 125657K->144061K(699072K)
[159.893s][info][gc,metaspace   ] GC(937) Metaspace: 172931K(183640K)->172931K(183640K) NonClass: 152363K(157516K)->152363K(157516K) Class: 20568K(26124K)->20568K(26124K)
[159.893s][info][gc             ] GC(937) Pause Young (Allocation Failure) 419M->159M(989M) 7.056ms
[159.893s][info][gc,cpu         ] GC(937) User=0.02s Sys=0.00s Real=0.02s
[159.924s][info][gc,start       ] GC(938) Pause Young (Allocation Failure)
[159.924s][info][gc,task        ] GC(938) Using 6 workers of 6 for evacuation
[159.930s][info][gc,heap        ] GC(938) ParNew: 299392K->23429K(314560K)
[159.930s][info][gc,heap        ] GC(938) CMS: 144061K->158261K(699072K)
[159.930s][info][gc,metaspace   ] GC(938) Metaspace: 172931K(183640K)->172931K(183640K) NonClass: 152363K(157516K)->152363K(157516K) Class: 20568K(26124K)->20568K(26124K)
[159.930s][info][gc             ] GC(938) Pause Young (Allocation Failure) 433M->177M(989M) 6.079ms
[159.930s][info][gc,cpu         ] GC(938) User=0.00s Sys=0.00s Real=0.00s
[159.960s][info][gc,start       ] GC(939) Pause Young (Allocation Failure)
[159.960s][info][gc,task        ] GC(939) Using 6 workers of 6 for evacuation
[159.966s][info][gc,heap        ] GC(939) ParNew: 303045K->22637K(314560K)
[159.966s][info][gc,heap        ] GC(939) CMS: 158261K->172636K(699072K)
[159.966s][info][gc,metaspace   ] GC(939) Metaspace: 172931K(183640K)->172931K(183640K) NonClass: 152363K(157516K)->152363K(157516K) Class: 20568K(26124K)->20568K(26124K)
[159.966s][info][gc             ] GC(939) Pause Young (Allocation Failure) 450M->190M(989M) 6.729ms
[159.966s][info][gc,cpu         ] GC(939) User=0.00s Sys=0.00s Real=0.00s
[160.261s][info][gc,start       ] GC(940) Pause Young (Allocation Failure)
[160.261s][info][gc,task        ] GC(940) Using 6 workers of 6 for evacuation
[160.265s][info][gc,heap        ] GC(940) ParNew: 302253K->11215K(314560K)
[160.265s][info][gc,heap        ] GC(940) CMS: 172636K->184948K(699072K)
[160.265s][info][gc,metaspace   ] GC(940) Metaspace: 172931K(183640K)->172931K(183640K) NonClass: 152363K(157516K)->152363K(157516K) Class: 20568K(26124K)->20568K(26124K)
[160.266s][info][gc             ] GC(940) Pause Young (Allocation Failure) 463M->191M(989M) 4.391ms
[160.266s][info][gc,cpu         ] GC(940) User=0.00s Sys=0.00s Real=0.00s
[160.607s][info][gc,start       ] GC(941) Pause Young (Allocation Failure)
[160.607s][info][gc,task        ] GC(941) Using 6 workers of 6 for evacuation
[160.610s][info][gc,heap        ] GC(941) ParNew: 288200K->9199K(314560K)
[160.610s][info][gc,heap        ] GC(941) CMS: 184948K->184948K(699072K)
[160.610s][info][gc,metaspace   ] GC(941) Metaspace: 172931K(183640K)->172931K(183640K) NonClass: 152363K(157516K)->152363K(157516K) Class: 20568K(26124K)->20568K(26124K)
[160.610s][info][gc             ] GC(941) Pause Young (Allocation Failure) 462M->189M(989M) 2.896ms
[160.610s][info][gc,cpu         ] GC(941) User=0.00s Sys=0.00s Real=0.00s
[160.942s][info][gc,start       ] GC(942) Pause Young (Allocation Failure)
[160.942s][info][gc,task        ] GC(942) Using 6 workers of 6 for evacuation
[160.945s][info][gc,heap        ] GC(942) ParNew: 288815K->11017K(314560K)
[160.945s][info][gc,heap        ] GC(942) CMS: 184948K->184948K(699072K)
[160.945s][info][gc,metaspace   ] GC(942) Metaspace: 172931K(183640K)->172931K(183640K) NonClass: 152363K(157516K)->152363K(157516K) Class: 20568K(26124K)->20568K(26124K)
[160.945s][info][gc             ] GC(942) Pause Young (Allocation Failure) 462M->191M(989M) 3.721ms
[160.945s][info][gc,cpu         ] GC(942) User=0.02s Sys=0.00s Real=0.01s
[161.102s][info][gc,start       ] GC(943) Pause Full (System.gc())
[161.105s][info][gc,phases,start] GC(943) Phase 1: Mark live objects
[161.185s][info][gc,phases      ] GC(943) Phase 1: Mark live objects 80.436ms
[161.185s][info][gc,phases,start] GC(943) Phase 2: Compute new object addresses
[161.206s][info][gc,phases      ] GC(943) Phase 2: Compute new object addresses 21.112ms
[161.207s][info][gc,phases,start] GC(943) Phase 3: Adjust pointers
[161.255s][info][gc,phases      ] GC(943) Phase 3: Adjust pointers 48.010ms
[161.255s][info][gc,phases,start] GC(943) Phase 4: Move objects
[161.257s][info][gc,phases      ] GC(943) Phase 4: Move objects 2.285ms
[161.258s][info][gc,heap        ] GC(943) ParNew: 107547K->0K(314560K)
[161.258s][info][gc,heap        ] GC(943) CMS: 184948K->126009K(699072K)
[161.258s][info][gc,metaspace   ] GC(943) Metaspace: 172932K(183640K)->172932K(183640K) NonClass: 152364K(157516K)->152364K(157516K) Class: 20568K(26124K)->20568K(26124K)
[161.258s][info][gc             ] GC(943) Pause Full (System.gc()) 285M->123M(989M) 155.618ms
[161.258s][info][gc,cpu         ] GC(943) User=0.14s Sys=0.00s Real=0.15s
[161.327s][info][gc,start       ] GC(944) Pause Young (Allocation Failure)
[161.327s][info][gc,task        ] GC(944) Using 6 workers of 6 for evacuation
[161.329s][info][gc,heap        ] GC(944) ParNew: 279616K->2158K(314560K)
[161.329s][info][gc,heap        ] GC(944) CMS: 126009K->126009K(699072K)
[161.329s][info][gc,metaspace   ] GC(944) Metaspace: 172932K(183640K)->172932K(183640K) NonClass: 152364K(157516K)->152364K(157516K) Class: 20568K(26124K)->20568K(26124K)
[161.329s][info][gc             ] GC(944) Pause Young (Allocation Failure) 396M->125M(989M) 2.458ms
[161.330s][info][gc,cpu         ] GC(944) User=0.00s Sys=0.00s Real=0.00s
[161.359s][info][gc,start       ] GC(945) Pause Young (Allocation Failure)
[161.359s][info][gc,task        ] GC(945) Using 6 workers of 6 for evacuation
[161.361s][info][gc,heap        ] GC(945) ParNew: 281774K->1803K(314560K)
[161.361s][info][gc,heap        ] GC(945) CMS: 126009K->126009K(699072K)
[161.361s][info][gc,metaspace   ] GC(945) Metaspace: 172932K(183640K)->172932K(183640K) NonClass: 152364K(157516K)->152364K(157516K) Class: 20568K(26124K)->20568K(26124K)
[161.361s][info][gc             ] GC(945) Pause Young (Allocation Failure) 398M->124M(989M) 1.968ms
[161.361s][info][gc,cpu         ] GC(945) User=0.00s Sys=0.00s Real=0.00s
[161.439s][info][gc,start       ] GC(946) Pause Young (Allocation Failure)
[161.439s][info][gc,task        ] GC(946) Using 6 workers of 6 for evacuation
[161.443s][info][gc,heap        ] GC(946) ParNew: 281419K->14474K(314560K)
[161.443s][info][gc,heap        ] GC(946) CMS: 126009K->126009K(699072K)
[161.443s][info][gc,metaspace   ] GC(946) Metaspace: 172932K(183640K)->172932K(183640K) NonClass: 152364K(157516K)->152364K(157516K) Class: 20568K(26124K)->20568K(26124K)
[161.443s][info][gc             ] GC(946) Pause Young (Allocation Failure) 397M->137M(989M) 3.970ms
[161.443s][info][gc,cpu         ] GC(946) User=0.00s Sys=0.00s Real=0.00s
[161.474s][info][gc,start       ] GC(947) Pause Young (Allocation Failure)
[161.474s][info][gc,task        ] GC(947) Using 6 workers of 6 for evacuation
[161.479s][info][gc,heap        ] GC(947) ParNew: 293985K->25437K(314560K)
[161.479s][info][gc,heap        ] GC(947) CMS: 126009K->126009K(699072K)
[161.479s][info][gc,metaspace   ] GC(947) Metaspace: 172932K(183640K)->172932K(183640K) NonClass: 152364K(157516K)->152364K(157516K) Class: 20568K(26124K)->20568K(26124K)
[161.479s][info][gc             ] GC(947) Pause Young (Allocation Failure) 410M->147M(989M) 5.125ms
[161.479s][info][gc,cpu         ] GC(947) User=0.02s Sys=0.00s Real=0.01s
[161.509s][info][gc,start       ] GC(948) Pause Young (Allocation Failure)
[161.509s][info][gc,task        ] GC(948) Using 6 workers of 6 for evacuation
[161.517s][info][gc,heap        ] GC(948) ParNew: 305053K->22241K(314560K)
[161.517s][info][gc,heap        ] GC(948) CMS: 126009K->144417K(699072K)
[161.517s][info][gc,metaspace   ] GC(948) Metaspace: 172932K(183640K)->172932K(183640K) NonClass: 152364K(157516K)->152364K(157516K) Class: 20568K(26124K)->20568K(26124K)
[161.517s][info][gc             ] GC(948) Pause Young (Allocation Failure) 420M->162M(989M) 7.325ms
[161.517s][info][gc,cpu         ] GC(948) User=0.00s Sys=0.00s Real=0.02s
[161.547s][info][gc,start       ] GC(949) Pause Young (Allocation Failure)
[161.548s][info][gc,task        ] GC(949) Using 6 workers of 6 for evacuation
[161.554s][info][gc,heap        ] GC(949) ParNew: 301857K->21794K(314560K)
[161.554s][info][gc,heap        ] GC(949) CMS: 144417K->158620K(699072K)
[161.554s][info][gc,metaspace   ] GC(949) Metaspace: 172932K(183640K)->172932K(183640K) NonClass: 152364K(157516K)->152364K(157516K) Class: 20568K(26124K)->20568K(26124K)
[161.554s][info][gc             ] GC(949) Pause Young (Allocation Failure) 435M->176M(989M) 6.334ms
[161.554s][info][gc,cpu         ] GC(949) User=0.00s Sys=0.00s Real=0.01s
[161.584s][info][gc,start       ] GC(950) Pause Young (Allocation Failure)
[161.584s][info][gc,task        ] GC(950) Using 6 workers of 6 for evacuation
[161.590s][info][gc,heap        ] GC(950) ParNew: 301410K->22769K(314560K)
[161.590s][info][gc,heap        ] GC(950) CMS: 158620K->172313K(699072K)
[161.591s][info][gc,metaspace   ] GC(950) Metaspace: 172932K(183640K)->172932K(183640K) NonClass: 152364K(157516K)->152364K(157516K) Class: 20568K(26124K)->20568K(26124K)
[161.591s][info][gc             ] GC(950) Pause Young (Allocation Failure) 449M->190M(989M) 6.489ms
[161.591s][info][gc,cpu         ] GC(950) User=0.02s Sys=0.00s Real=0.02s
[161.879s][info][gc,start       ] GC(951) Pause Young (Allocation Failure)
[161.879s][info][gc,task        ] GC(951) Using 6 workers of 6 for evacuation
[161.884s][info][gc,heap        ] GC(951) ParNew: 302364K->11474K(314560K)
[161.884s][info][gc,heap        ] GC(951) CMS: 172313K->185649K(699072K)
[161.884s][info][gc,metaspace   ] GC(951) Metaspace: 172939K(183640K)->172939K(183640K) NonClass: 152370K(157516K)->152370K(157516K) Class: 20568K(26124K)->20568K(26124K)
[161.884s][info][gc             ] GC(951) Pause Young (Allocation Failure) 463M->192M(989M) 4.934ms
[161.884s][info][gc,cpu         ] GC(951) User=0.00s Sys=0.00s Real=0.00s
[162.243s][info][gc,start       ] GC(952) Pause Young (Allocation Failure)
[162.244s][info][gc,task        ] GC(952) Using 6 workers of 6 for evacuation
[162.247s][info][gc,heap        ] GC(952) ParNew: 291090K->10521K(314560K)
[162.247s][info][gc,heap        ] GC(952) CMS: 185649K->185649K(699072K)
[162.247s][info][gc,metaspace   ] GC(952) Metaspace: 172939K(183640K)->172939K(183640K) NonClass: 152370K(157516K)->152370K(157516K) Class: 20568K(26124K)->20568K(26124K)
[162.247s][info][gc             ] GC(952) Pause Young (Allocation Failure) 465M->191M(989M) 3.620ms
[162.247s][info][gc,cpu         ] GC(952) User=0.00s Sys=0.00s Real=0.00s
[162.599s][info][gc,start       ] GC(953) Pause Young (Allocation Failure)
[162.599s][info][gc,task        ] GC(953) Using 6 workers of 6 for evacuation
[162.602s][info][gc,heap        ] GC(953) ParNew: 286361K->10366K(314560K)
[162.602s][info][gc,heap        ] GC(953) CMS: 185649K->185649K(699072K)
[162.602s][info][gc,metaspace   ] GC(953) Metaspace: 172939K(183640K)->172939K(183640K) NonClass: 152370K(157516K)->152370K(157516K) Class: 20568K(26124K)->20568K(26124K)
[162.602s][info][gc             ] GC(953) Pause Young (Allocation Failure) 460M->191M(989M) 2.945ms
[162.602s][info][gc,cpu         ] GC(953) User=0.00s Sys=0.00s Real=0.00s
[162.729s][info][gc,start       ] GC(954) Pause Full (System.gc())
[162.733s][info][gc,phases,start] GC(954) Phase 1: Mark live objects
[162.813s][info][gc,phases      ] GC(954) Phase 1: Mark live objects 79.483ms
[162.813s][info][gc,phases,start] GC(954) Phase 2: Compute new object addresses
[162.834s][info][gc,phases      ] GC(954) Phase 2: Compute new object addresses 21.078ms
[162.834s][info][gc,phases,start] GC(954) Phase 3: Adjust pointers
[162.882s][info][gc,phases      ] GC(954) Phase 3: Adjust pointers 48.268ms
[162.882s][info][gc,phases,start] GC(954) Phase 4: Move objects
[162.884s][info][gc,phases      ] GC(954) Phase 4: Move objects 2.265ms
[162.885s][info][gc,heap        ] GC(954) ParNew: 103761K->0K(314560K)
[162.885s][info][gc,heap        ] GC(954) CMS: 185649K->125550K(699072K)
[162.885s][info][gc,metaspace   ] GC(954) Metaspace: 172962K(183640K)->172962K(183640K) NonClass: 152394K(157516K)->152394K(157516K) Class: 20568K(26124K)->20568K(26124K)
[162.886s][info][gc             ] GC(954) Pause Full (System.gc()) 282M->122M(989M) 156.341ms
[162.886s][info][gc,cpu         ] GC(954) User=0.16s Sys=0.00s Real=0.16s
[162.953s][info][gc,start       ] GC(955) Pause Young (Allocation Failure)
[162.953s][info][gc,task        ] GC(955) Using 6 workers of 6 for evacuation
[162.955s][info][gc,heap        ] GC(955) ParNew: 279616K->5356K(314560K)
[162.955s][info][gc,heap        ] GC(955) CMS: 125550K->125550K(699072K)
[162.955s][info][gc,metaspace   ] GC(955) Metaspace: 173033K(183640K)->173033K(183640K) NonClass: 152465K(157516K)->152465K(157516K) Class: 20568K(26124K)->20568K(26124K)
[162.955s][info][gc             ] GC(955) Pause Young (Allocation Failure) 395M->127M(989M) 2.224ms
[162.956s][info][gc,cpu         ] GC(955) User=0.00s Sys=0.00s Real=0.00s
[162.983s][info][gc,start       ] GC(956) Pause Young (Allocation Failure)
[162.983s][info][gc,task        ] GC(956) Using 6 workers of 6 for evacuation
[162.985s][info][gc,heap        ] GC(956) ParNew: 284972K->1641K(314560K)
[162.985s][info][gc,heap        ] GC(956) CMS: 125550K->125550K(699072K)
[162.985s][info][gc,metaspace   ] GC(956) Metaspace: 173033K(183640K)->173033K(183640K) NonClass: 152465K(157516K)->152465K(157516K) Class: 20568K(26124K)->20568K(26124K)
[162.985s][info][gc             ] GC(956) Pause Young (Allocation Failure) 400M->124M(989M) 2.138ms
[162.985s][info][gc,cpu         ] GC(956) User=0.00s Sys=0.00s Real=0.00s
[163.059s][info][gc,start       ] GC(957) Pause Young (Allocation Failure)
[163.059s][info][gc,task        ] GC(957) Using 6 workers of 6 for evacuation
[163.063s][info][gc,heap        ] GC(957) ParNew: 281257K->13505K(314560K)
[163.063s][info][gc,heap        ] GC(957) CMS: 125550K->125550K(699072K)
[163.063s][info][gc,metaspace   ] GC(957) Metaspace: 173036K(183640K)->173036K(183640K) NonClass: 152468K(157516K)->152468K(157516K) Class: 20568K(26124K)->20568K(26124K)
[163.063s][info][gc             ] GC(957) Pause Young (Allocation Failure) 397M->135M(989M) 3.953ms
[163.063s][info][gc,cpu         ] GC(957) User=0.00s Sys=0.00s Real=0.00s
[163.094s][info][gc,start       ] GC(958) Pause Young (Allocation Failure)
[163.095s][info][gc,task        ] GC(958) Using 6 workers of 6 for evacuation
[163.100s][info][gc,heap        ] GC(958) ParNew: 293121K->24339K(314560K)
[163.100s][info][gc,heap        ] GC(958) CMS: 125550K->125550K(699072K)
[163.100s][info][gc,metaspace   ] GC(958) Metaspace: 173036K(183640K)->173036K(183640K) NonClass: 152468K(157516K)->152468K(157516K) Class: 20568K(26124K)->20568K(26124K)
[163.100s][info][gc             ] GC(958) Pause Young (Allocation Failure) 408M->146M(989M) 5.175ms
[163.100s][info][gc,cpu         ] GC(958) User=0.02s Sys=0.00s Real=0.02s
[163.131s][info][gc,start       ] GC(959) Pause Young (Allocation Failure)
[163.131s][info][gc,task        ] GC(959) Using 6 workers of 6 for evacuation
[163.138s][info][gc,heap        ] GC(959) ParNew: 303955K->21919K(314560K)
[163.138s][info][gc,heap        ] GC(959) CMS: 125550K->144644K(699072K)
[163.138s][info][gc,metaspace   ] GC(959) Metaspace: 173036K(183640K)->173036K(183640K) NonClass: 152468K(157516K)->152468K(157516K) Class: 20568K(26124K)->20568K(26124K)
[163.138s][info][gc             ] GC(959) Pause Young (Allocation Failure) 419M->162M(989M) 7.485ms
[163.138s][info][gc,cpu         ] GC(959) User=0.00s Sys=0.00s Real=0.00s
[163.169s][info][gc,start       ] GC(960) Pause Young (Allocation Failure)
[163.169s][info][gc,task        ] GC(960) Using 6 workers of 6 for evacuation
[163.175s][info][gc,heap        ] GC(960) ParNew: 301535K->23535K(314560K)
[163.176s][info][gc,heap        ] GC(960) CMS: 144644K->157981K(699072K)
[163.176s][info][gc,metaspace   ] GC(960) Metaspace: 173036K(183640K)->173036K(183640K) NonClass: 152468K(157516K)->152468K(157516K) Class: 20568K(26124K)->20568K(26124K)
[163.176s][info][gc             ] GC(960) Pause Young (Allocation Failure) 435M->177M(989M) 6.512ms
[163.176s][info][gc,cpu         ] GC(960) User=0.00s Sys=0.00s Real=0.00s
[163.206s][info][gc,start       ] GC(961) Pause Young (Allocation Failure)
[163.206s][info][gc,task        ] GC(961) Using 6 workers of 6 for evacuation
[163.212s][info][gc,heap        ] GC(961) ParNew: 303151K->22814K(314560K)
[163.212s][info][gc,heap        ] GC(961) CMS: 157981K->171522K(699072K)
[163.212s][info][gc,metaspace   ] GC(961) Metaspace: 173036K(183640K)->173036K(183640K) NonClass: 152468K(157516K)->152468K(157516K) Class: 20568K(26124K)->20568K(26124K)
[163.212s][info][gc             ] GC(961) Pause Young (Allocation Failure) 450M->189M(989M) 6.328ms
[163.212s][info][gc,cpu         ] GC(961) User=0.02s Sys=0.00s Real=0.02s
[163.509s][info][gc,start       ] GC(962) Pause Young (Allocation Failure)
[163.509s][info][gc,task        ] GC(962) Using 6 workers of 6 for evacuation
[163.514s][info][gc,heap        ] GC(962) ParNew: 302420K->12171K(314560K)
[163.514s][info][gc,heap        ] GC(962) CMS: 171522K->186222K(699072K)
[163.514s][info][gc,metaspace   ] GC(962) Metaspace: 173037K(183640K)->173037K(183640K) NonClass: 152469K(157516K)->152469K(157516K) Class: 20568K(26124K)->20568K(26124K)
[163.514s][info][gc             ] GC(962) Pause Young (Allocation Failure) 462M->193M(989M) 5.036ms
[163.514s][info][gc,cpu         ] GC(962) User=0.00s Sys=0.00s Real=0.00s
[163.871s][info][gc,start       ] GC(963) Pause Young (Allocation Failure)
[163.871s][info][gc,task        ] GC(963) Using 6 workers of 6 for evacuation
[163.874s][info][gc,heap        ] GC(963) ParNew: 291787K->10171K(314560K)
[163.874s][info][gc,heap        ] GC(963) CMS: 186222K->186222K(699072K)
[163.874s][info][gc,metaspace   ] GC(963) Metaspace: 173037K(183640K)->173037K(183640K) NonClass: 152469K(157516K)->152469K(157516K) Class: 20568K(26124K)->20568K(26124K)
[163.874s][info][gc             ] GC(963) Pause Young (Allocation Failure) 466M->191M(989M) 3.178ms
[163.874s][info][gc,cpu         ] GC(963) User=0.00s Sys=0.00s Real=0.00s
[164.216s][info][gc,start       ] GC(964) Pause Young (Allocation Failure)
[164.216s][info][gc,task        ] GC(964) Using 6 workers of 6 for evacuation
[164.219s][info][gc,heap        ] GC(964) ParNew: 286715K->8318K(314560K)
[164.219s][info][gc,heap        ] GC(964) CMS: 186222K->186222K(699072K)
[164.219s][info][gc,metaspace   ] GC(964) Metaspace: 173037K(183640K)->173037K(183640K) NonClass: 152469K(157516K)->152469K(157516K) Class: 20568K(26124K)->20568K(26124K)
[164.219s][info][gc             ] GC(964) Pause Young (Allocation Failure) 461M->189M(989M) 2.792ms
[164.219s][info][gc,cpu         ] GC(964) User=0.00s Sys=0.00s Real=0.00s
[164.348s][info][gc,start       ] GC(965) Pause Full (System.gc())
[164.351s][info][gc,phases,start] GC(965) Phase 1: Mark live objects
[164.431s][info][gc,phases      ] GC(965) Phase 1: Mark live objects 79.426ms
[164.431s][info][gc,phases,start] GC(965) Phase 2: Compute new object addresses
[164.452s][info][gc,phases      ] GC(965) Phase 2: Compute new object addresses 21.072ms
[164.452s][info][gc,phases,start] GC(965) Phase 3: Adjust pointers
[164.500s][info][gc,phases      ] GC(965) Phase 3: Adjust pointers 48.364ms
[164.500s][info][gc,phases,start] GC(965) Phase 4: Move objects
[164.503s][info][gc,phases      ] GC(965) Phase 4: Move objects 2.278ms
[164.504s][info][gc,heap        ] GC(965) ParNew: 102680K->0K(314560K)
[164.504s][info][gc,heap        ] GC(965) CMS: 186222K->125902K(699072K)
[164.504s][info][gc,metaspace   ] GC(965) Metaspace: 173054K(183640K)->173054K(183640K) NonClass: 152486K(157516K)->152486K(157516K) Class: 20568K(26124K)->20568K(26124K)
[164.504s][info][gc             ] GC(965) Pause Full (System.gc()) 282M->122M(989M) 155.737ms
[164.504s][info][gc,cpu         ] GC(965) User=0.16s Sys=0.00s Real=0.16s
[164.573s][info][gc,start       ] GC(966) Pause Young (Allocation Failure)
[164.573s][info][gc,task        ] GC(966) Using 6 workers of 6 for evacuation
[164.575s][info][gc,heap        ] GC(966) ParNew: 279616K->2409K(314560K)
[164.575s][info][gc,heap        ] GC(966) CMS: 125902K->125902K(699072K)
[164.575s][info][gc,metaspace   ] GC(966) Metaspace: 173054K(183640K)->173054K(183640K) NonClass: 152486K(157516K)->152486K(157516K) Class: 20568K(26124K)->20568K(26124K)
[164.575s][info][gc             ] GC(966) Pause Young (Allocation Failure) 396M->125M(989M) 2.397ms
[164.575s][info][gc,cpu         ] GC(966) User=0.00s Sys=0.00s Real=0.02s
[164.603s][info][gc,start       ] GC(967) Pause Young (Allocation Failure)
[164.603s][info][gc,task        ] GC(967) Using 6 workers of 6 for evacuation
[164.605s][info][gc,heap        ] GC(967) ParNew: 282025K->1762K(314560K)
[164.605s][info][gc,heap        ] GC(967) CMS: 125902K->125902K(699072K)
[164.605s][info][gc,metaspace   ] GC(967) Metaspace: 173054K(183640K)->173054K(183640K) NonClass: 152486K(157516K)->152486K(157516K) Class: 20568K(26124K)->20568K(26124K)
[164.605s][info][gc             ] GC(967) Pause Young (Allocation Failure) 398M->124M(989M) 2.163ms
[164.605s][info][gc,cpu         ] GC(967) User=0.00s Sys=0.00s Real=0.00s
[164.679s][info][gc,start       ] GC(968) Pause Young (Allocation Failure)
[164.679s][info][gc,task        ] GC(968) Using 6 workers of 6 for evacuation
[164.682s][info][gc,heap        ] GC(968) ParNew: 281378K->13533K(314560K)
[164.682s][info][gc,heap        ] GC(968) CMS: 125902K->125902K(699072K)
[164.683s][info][gc,metaspace   ] GC(968) Metaspace: 173054K(183640K)->173054K(183640K) NonClass: 152486K(157516K)->152486K(157516K) Class: 20568K(26124K)->20568K(26124K)
[164.683s][info][gc             ] GC(968) Pause Young (Allocation Failure) 397M->136M(989M) 3.834ms
[164.683s][info][gc,cpu         ] GC(968) User=0.00s Sys=0.00s Real=0.00s
[164.714s][info][gc,start       ] GC(969) Pause Young (Allocation Failure)
[164.714s][info][gc,task        ] GC(969) Using 6 workers of 6 for evacuation
[164.718s][info][gc,heap        ] GC(969) ParNew: 293149K->21869K(314560K)
[164.718s][info][gc,heap        ] GC(969) CMS: 125902K->125902K(699072K)
[164.718s][info][gc,metaspace   ] GC(969) Metaspace: 173054K(183640K)->173054K(183640K) NonClass: 152486K(157516K)->152486K(157516K) Class: 20568K(26124K)->20568K(26124K)
[164.718s][info][gc             ] GC(969) Pause Young (Allocation Failure) 409M->144M(989M) 4.706ms
[164.718s][info][gc,cpu         ] GC(969) User=0.02s Sys=0.00s Real=0.01s
[164.749s][info][gc,start       ] GC(970) Pause Young (Allocation Failure)
[164.749s][info][gc,task        ] GC(970) Using 6 workers of 6 for evacuation
[164.756s][info][gc,heap        ] GC(970) ParNew: 301485K->17965K(314560K)
[164.756s][info][gc,heap        ] GC(970) CMS: 125902K->146118K(699072K)
[164.756s][info][gc,metaspace   ] GC(970) Metaspace: 173054K(183640K)->173054K(183640K) NonClass: 152486K(157516K)->152486K(157516K) Class: 20568K(26124K)->20568K(26124K)
[164.756s][info][gc             ] GC(970) Pause Young (Allocation Failure) 417M->160M(989M) 7.364ms
[164.756s][info][gc,cpu         ] GC(970) User=0.00s Sys=0.00s Real=0.01s
[164.787s][info][gc,start       ] GC(971) Pause Young (Allocation Failure)
[164.787s][info][gc,task        ] GC(971) Using 6 workers of 6 for evacuation
[164.793s][info][gc,heap        ] GC(971) ParNew: 297581K->32314K(314560K)
[164.793s][info][gc,heap        ] GC(971) CMS: 146118K->146118K(699072K)
[164.793s][info][gc,metaspace   ] GC(971) Metaspace: 173054K(183640K)->173054K(183640K) NonClass: 152486K(157516K)->152486K(157516K) Class: 20568K(26124K)->20568K(26124K)
[164.793s][info][gc             ] GC(971) Pause Young (Allocation Failure) 433M->174M(989M) 6.075ms
[164.793s][info][gc,cpu         ] GC(971) User=0.00s Sys=0.00s Real=0.00s
[164.823s][info][gc,start       ] GC(972) Pause Young (Allocation Failure)
[164.823s][info][gc,task        ] GC(972) Using 6 workers of 6 for evacuation
[164.831s][info][gc,heap        ] GC(972) ParNew: 311930K->21616K(314560K)
[164.831s][info][gc,heap        ] GC(972) CMS: 146118K->172317K(699072K)
[164.831s][info][gc,metaspace   ] GC(972) Metaspace: 173054K(183640K)->173054K(183640K) NonClass: 152486K(157516K)->152486K(157516K) Class: 20568K(26124K)->20568K(26124K)
[164.831s][info][gc             ] GC(972) Pause Young (Allocation Failure) 447M->189M(989M) 8.216ms
[164.831s][info][gc,cpu         ] GC(972) User=0.02s Sys=0.00s Real=0.02s
[165.128s][info][gc,start       ] GC(973) Pause Young (Allocation Failure)
[165.128s][info][gc,task        ] GC(973) Using 6 workers of 6 for evacuation
[165.133s][info][gc,heap        ] GC(973) ParNew: 301062K->10683K(314560K)
[165.133s][info][gc,heap        ] GC(973) CMS: 172317K->185653K(699072K)
[165.133s][info][gc,metaspace   ] GC(973) Metaspace: 173054K(183640K)->173054K(183640K) NonClass: 152486K(157516K)->152486K(157516K) Class: 20568K(26124K)->20568K(26124K)
[165.133s][info][gc             ] GC(973) Pause Young (Allocation Failure) 462M->191M(989M) 5.100ms
[165.134s][info][gc,cpu         ] GC(973) User=0.00s Sys=0.00s Real=0.00s
[165.475s][info][gc,start       ] GC(974) Pause Young (Allocation Failure)
[165.475s][info][gc,task        ] GC(974) Using 6 workers of 6 for evacuation
[165.478s][info][gc,heap        ] GC(974) ParNew: 290299K->11017K(314560K)
[165.478s][info][gc,heap        ] GC(974) CMS: 185653K->185653K(699072K)
[165.478s][info][gc,metaspace   ] GC(974) Metaspace: 173054K(183640K)->173054K(183640K) NonClass: 152486K(157516K)->152486K(157516K) Class: 20568K(26124K)->20568K(26124K)
[165.478s][info][gc             ] GC(974) Pause Young (Allocation Failure) 464M->192M(989M) 3.191ms
[165.478s][info][gc,cpu         ] GC(974) User=0.00s Sys=0.00s Real=0.00s
[165.838s][info][gc,start       ] GC(975) Pause Young (Allocation Failure)
[165.838s][info][gc,task        ] GC(975) Using 6 workers of 6 for evacuation
[165.840s][info][gc,heap        ] GC(975) ParNew: 286970K->9015K(314560K)
[165.841s][info][gc,heap        ] GC(975) CMS: 185653K->185653K(699072K)
[165.841s][info][gc,metaspace   ] GC(975) Metaspace: 173054K(183640K)->173054K(183640K) NonClass: 152486K(157516K)->152486K(157516K) Class: 20568K(26124K)->20568K(26124K)
[165.841s][info][gc             ] GC(975) Pause Young (Allocation Failure) 461M->190M(989M) 2.958ms
[165.841s][info][gc,cpu         ] GC(975) User=0.00s Sys=0.00s Real=0.00s
[165.971s][info][gc,start       ] GC(976) Pause Full (System.gc())
[165.974s][info][gc,phases,start] GC(976) Phase 1: Mark live objects
[166.054s][info][gc,phases      ] GC(976) Phase 1: Mark live objects 79.648ms
[166.054s][info][gc,phases,start] GC(976) Phase 2: Compute new object addresses
[166.075s][info][gc,phases      ] GC(976) Phase 2: Compute new object addresses 21.209ms
[166.075s][info][gc,phases,start] GC(976) Phase 3: Adjust pointers
[166.123s][info][gc,phases      ] GC(976) Phase 3: Adjust pointers 48.275ms
[166.123s][info][gc,phases,start] GC(976) Phase 4: Move objects
[166.126s][info][gc,phases      ] GC(976) Phase 4: Move objects 2.175ms
[166.127s][info][gc,heap        ] GC(976) ParNew: 103579K->0K(314560K)
[166.127s][info][gc,heap        ] GC(976) CMS: 185653K->125496K(699072K)
[166.127s][info][gc,metaspace   ] GC(976) Metaspace: 173057K(183640K)->173057K(183640K) NonClass: 152489K(157516K)->152489K(157516K) Class: 20568K(26124K)->20568K(26124K)
[166.127s][info][gc             ] GC(976) Pause Full (System.gc()) 282M->122M(989M) 156.157ms
[166.127s][info][gc,cpu         ] GC(976) User=0.14s Sys=0.00s Real=0.16s
[166.193s][info][gc,start       ] GC(977) Pause Young (Allocation Failure)
[166.193s][info][gc,task        ] GC(977) Using 6 workers of 6 for evacuation
[166.195s][info][gc,heap        ] GC(977) ParNew: 279616K->5101K(314560K)
[166.195s][info][gc,heap        ] GC(977) CMS: 125496K->125496K(699072K)
[166.195s][info][gc,metaspace   ] GC(977) Metaspace: 173057K(183640K)->173057K(183640K) NonClass: 152489K(157516K)->152489K(157516K) Class: 20568K(26124K)->20568K(26124K)
[166.195s][info][gc             ] GC(977) Pause Young (Allocation Failure) 395M->127M(989M) 2.329ms
[166.195s][info][gc,cpu         ] GC(977) User=0.00s Sys=0.00s Real=0.00s
[166.223s][info][gc,start       ] GC(978) Pause Young (Allocation Failure)
[166.223s][info][gc,task        ] GC(978) Using 6 workers of 6 for evacuation
[166.225s][info][gc,heap        ] GC(978) ParNew: 284717K->1842K(314560K)
[166.225s][info][gc,heap        ] GC(978) CMS: 125496K->125496K(699072K)
[166.225s][info][gc,metaspace   ] GC(978) Metaspace: 173057K(183640K)->173057K(183640K) NonClass: 152489K(157516K)->152489K(157516K) Class: 20568K(26124K)->20568K(26124K)
[166.225s][info][gc             ] GC(978) Pause Young (Allocation Failure) 400M->124M(989M) 2.192ms
[166.225s][info][gc,cpu         ] GC(978) User=0.00s Sys=0.00s Real=0.00s
[166.299s][info][gc,start       ] GC(979) Pause Young (Allocation Failure)
[166.299s][info][gc,task        ] GC(979) Using 6 workers of 6 for evacuation
[166.303s][info][gc,heap        ] GC(979) ParNew: 281372K->13629K(314560K)
[166.303s][info][gc,heap        ] GC(979) CMS: 125496K->125496K(699072K)
[166.303s][info][gc,metaspace   ] GC(979) Metaspace: 173058K(183640K)->173058K(183640K) NonClass: 152490K(157516K)->152490K(157516K) Class: 20568K(26124K)->20568K(26124K)
[166.303s][info][gc             ] GC(979) Pause Young (Allocation Failure) 397M->135M(989M) 4.216ms
[166.303s][info][gc,cpu         ] GC(979) User=0.02s Sys=0.00s Real=0.01s
[166.334s][info][gc,start       ] GC(980) Pause Young (Allocation Failure)
[166.334s][info][gc,task        ] GC(980) Using 6 workers of 6 for evacuation
[166.339s][info][gc,heap        ] GC(980) ParNew: 293245K->25304K(314560K)
[166.339s][info][gc,heap        ] GC(980) CMS: 125496K->125496K(699072K)
[166.339s][info][gc,metaspace   ] GC(980) Metaspace: 173058K(183640K)->173058K(183640K) NonClass: 152490K(157516K)->152490K(157516K) Class: 20568K(26124K)->20568K(26124K)
[166.339s][info][gc             ] GC(980) Pause Young (Allocation Failure) 408M->147M(989M) 5.083ms
[166.339s][info][gc,cpu         ] GC(980) User=0.00s Sys=0.00s Real=0.00s
[166.370s][info][gc,start       ] GC(981) Pause Young (Allocation Failure)
[166.370s][info][gc,task        ] GC(981) Using 6 workers of 6 for evacuation
[166.377s][info][gc,heap        ] GC(981) ParNew: 304920K->22093K(314560K)
[166.377s][info][gc,heap        ] GC(981) CMS: 125496K->143972K(699072K)
[166.377s][info][gc,metaspace   ] GC(981) Metaspace: 173058K(183640K)->173058K(183640K) NonClass: 152490K(157516K)->152490K(157516K) Class: 20568K(26124K)->20568K(26124K)
[166.377s][info][gc             ] GC(981) Pause Young (Allocation Failure) 420M->162M(989M) 7.692ms
[166.377s][info][gc,cpu         ] GC(981) User=0.00s Sys=0.00s Real=0.00s
[166.409s][info][gc,start       ] GC(982) Pause Young (Allocation Failure)
[166.409s][info][gc,task        ] GC(982) Using 6 workers of 6 for evacuation
[166.415s][info][gc,heap        ] GC(982) ParNew: 301709K->21641K(314560K)
[166.415s][info][gc,heap        ] GC(982) CMS: 143972K->157979K(699072K)
[166.415s][info][gc,metaspace   ] GC(982) Metaspace: 173058K(183640K)->173058K(183640K) NonClass: 152490K(157516K)->152490K(157516K) Class: 20568K(26124K)->20568K(26124K)
[166.415s][info][gc             ] GC(982) Pause Young (Allocation Failure) 435M->175M(989M) 6.221ms
[166.415s][info][gc,cpu         ] GC(982) User=0.02s Sys=0.00s Real=0.02s
[166.447s][info][gc,start       ] GC(983) Pause Young (Allocation Failure)
[166.447s][info][gc,task        ] GC(983) Using 6 workers of 6 for evacuation
[166.453s][info][gc,heap        ] GC(983) ParNew: 301257K->19932K(314560K)
[166.453s][info][gc,heap        ] GC(983) CMS: 157979K->172553K(699072K)
[166.453s][info][gc,metaspace   ] GC(983) Metaspace: 173058K(183640K)->173058K(183640K) NonClass: 152490K(157516K)->152490K(157516K) Class: 20568K(26124K)->20568K(26124K)
[166.453s][info][gc             ] GC(983) Pause Young (Allocation Failure) 448M->187M(989M) 6.130ms
[166.453s][info][gc,cpu         ] GC(983) User=0.00s Sys=0.00s Real=0.00s
[166.749s][info][gc,start       ] GC(984) Pause Young (Allocation Failure)
[166.749s][info][gc,task        ] GC(984) Using 6 workers of 6 for evacuation
[166.753s][info][gc,heap        ] GC(984) ParNew: 299546K->14802K(314560K)
[166.753s][info][gc,heap        ] GC(984) CMS: 172553K->186308K(699072K)
[166.753s][info][gc,metaspace   ] GC(984) Metaspace: 173058K(183640K)->173058K(183640K) NonClass: 152490K(157516K)->152490K(157516K) Class: 20568K(26124K)->20568K(26124K)
[166.753s][info][gc             ] GC(984) Pause Young (Allocation Failure) 461M->196M(989M) 4.797ms
[166.754s][info][gc,cpu         ] GC(984) User=0.00s Sys=0.00s Real=0.00s
[167.110s][info][gc,start       ] GC(985) Pause Young (Allocation Failure)
[167.110s][info][gc,task        ] GC(985) Using 6 workers of 6 for evacuation
[167.113s][info][gc,heap        ] GC(985) ParNew: 294418K->9433K(314560K)
[167.113s][info][gc,heap        ] GC(985) CMS: 186308K->186308K(699072K)
[167.113s][info][gc,metaspace   ] GC(985) Metaspace: 173058K(183640K)->173058K(183640K) NonClass: 152490K(157516K)->152490K(157516K) Class: 20568K(26124K)->20568K(26124K)
[167.113s][info][gc             ] GC(985) Pause Young (Allocation Failure) 469M->191M(989M) 3.556ms
[167.114s][info][gc,cpu         ] GC(985) User=0.00s Sys=0.00s Real=0.00s
[167.451s][info][gc,start       ] GC(986) Pause Young (Allocation Failure)
[167.451s][info][gc,task        ] GC(986) Using 6 workers of 6 for evacuation
[167.454s][info][gc,heap        ] GC(986) ParNew: 285367K->8189K(314560K)
[167.454s][info][gc,heap        ] GC(986) CMS: 186308K->186308K(699072K)
[167.454s][info][gc,metaspace   ] GC(986) Metaspace: 173058K(183640K)->173058K(183640K) NonClass: 152490K(157516K)->152490K(157516K) Class: 20568K(26124K)->20568K(26124K)
[167.454s][info][gc             ] GC(986) Pause Young (Allocation Failure) 460M->189M(989M) 2.787ms
[167.454s][info][gc,cpu         ] GC(986) User=0.00s Sys=0.00s Real=0.00s
[167.595s][info][gc,start       ] GC(987) Pause Full (System.gc())
[167.597s][info][gc,phases,start] GC(987) Phase 1: Mark live objects
[167.679s][info][gc,phases      ] GC(987) Phase 1: Mark live objects 81.204ms
[167.679s][info][gc,phases,start] GC(987) Phase 2: Compute new object addresses
[167.700s][info][gc,phases      ] GC(987) Phase 2: Compute new object addresses 20.937ms
[167.700s][info][gc,phases,start] GC(987) Phase 3: Adjust pointers
[167.748s][info][gc,phases      ] GC(987) Phase 3: Adjust pointers 48.480ms
[167.748s][info][gc,phases,start] GC(987) Phase 4: Move objects
[167.750s][info][gc,phases      ] GC(987) Phase 4: Move objects 2.187ms
[167.751s][info][gc,heap        ] GC(987) ParNew: 101812K->0K(314560K)
[167.751s][info][gc,heap        ] GC(987) CMS: 186308K->125848K(699072K)
[167.751s][info][gc,metaspace   ] GC(987) Metaspace: 173059K(183640K)->173059K(183640K) NonClass: 152491K(157516K)->152491K(157516K) Class: 20568K(26124K)->20568K(26124K)
[167.751s][info][gc             ] GC(987) Pause Full (System.gc()) 281M->122M(989M) 156.618ms
[167.752s][info][gc,cpu         ] GC(987) User=0.16s Sys=0.00s Real=0.16s
[167.836s][info][gc,start       ] GC(988) Pause Young (Allocation Failure)
[167.836s][info][gc,task        ] GC(988) Using 6 workers of 6 for evacuation
[167.838s][info][gc,heap        ] GC(988) ParNew: 279616K->2249K(314560K)
[167.838s][info][gc,heap        ] GC(988) CMS: 125848K->125848K(699072K)
[167.838s][info][gc,metaspace   ] GC(988) Metaspace: 173060K(183640K)->173060K(183640K) NonClass: 152492K(157516K)->152492K(157516K) Class: 20568K(26124K)->20568K(26124K)
[167.838s][info][gc             ] GC(988) Pause Young (Allocation Failure) 395M->125M(989M) 2.336ms
[167.838s][info][gc,cpu         ] GC(988) User=0.00s Sys=0.00s Real=0.00s
[167.866s][info][gc,start       ] GC(989) Pause Young (Allocation Failure)
[167.866s][info][gc,task        ] GC(989) Using 6 workers of 6 for evacuation
[167.868s][info][gc,heap        ] GC(989) ParNew: 281865K->1864K(314560K)
[167.868s][info][gc,heap        ] GC(989) CMS: 125848K->125848K(699072K)
[167.868s][info][gc,metaspace   ] GC(989) Metaspace: 173060K(183640K)->173060K(183640K) NonClass: 152492K(157516K)->152492K(157516K) Class: 20568K(26124K)->20568K(26124K)
[167.868s][info][gc             ] GC(989) Pause Young (Allocation Failure) 398M->124M(989M) 2.024ms
[167.868s][info][gc,cpu         ] GC(989) User=0.00s Sys=0.00s Real=0.00s
[167.942s][info][gc,start       ] GC(990) Pause Young (Allocation Failure)
[167.942s][info][gc,task        ] GC(990) Using 6 workers of 6 for evacuation
[167.945s][info][gc,heap        ] GC(990) ParNew: 281480K->13172K(314560K)
[167.945s][info][gc,heap        ] GC(990) CMS: 125848K->125848K(699072K)
[167.945s][info][gc,metaspace   ] GC(990) Metaspace: 173060K(183640K)->173060K(183640K) NonClass: 152492K(157516K)->152492K(157516K) Class: 20568K(26124K)->20568K(26124K)
[167.945s][info][gc             ] GC(990) Pause Young (Allocation Failure) 397M->135M(989M) 3.895ms
[167.945s][info][gc,cpu         ] GC(990) User=0.00s Sys=0.00s Real=0.00s
[167.977s][info][gc,start       ] GC(991) Pause Young (Allocation Failure)
[167.977s][info][gc,task        ] GC(991) Using 6 workers of 6 for evacuation
[167.982s][info][gc,heap        ] GC(991) ParNew: 292788K->23402K(314560K)
[167.982s][info][gc,heap        ] GC(991) CMS: 125848K->125848K(699072K)
[167.982s][info][gc,metaspace   ] GC(991) Metaspace: 173060K(183640K)->173060K(183640K) NonClass: 152492K(157516K)->152492K(157516K) Class: 20568K(26124K)->20568K(26124K)
[167.982s][info][gc             ] GC(991) Pause Young (Allocation Failure) 408M->145M(989M) 4.910ms
[167.982s][info][gc,cpu         ] GC(991) User=0.00s Sys=0.00s Real=0.00s
[168.012s][info][gc,start       ] GC(992) Pause Young (Allocation Failure)
[168.012s][info][gc,task        ] GC(992) Using 6 workers of 6 for evacuation
[168.019s][info][gc,heap        ] GC(992) ParNew: 303018K->21509K(314560K)
[168.019s][info][gc,heap        ] GC(992) CMS: 125848K->144932K(699072K)
[168.019s][info][gc,metaspace   ] GC(992) Metaspace: 173060K(183640K)->173060K(183640K) NonClass: 152492K(157516K)->152492K(157516K) Class: 20568K(26124K)->20568K(26124K)
[168.019s][info][gc             ] GC(992) Pause Young (Allocation Failure) 418M->162M(989M) 7.211ms
[168.019s][info][gc,cpu         ] GC(992) User=0.02s Sys=0.00s Real=0.02s
[168.050s][info][gc,start       ] GC(993) Pause Young (Allocation Failure)
[168.050s][info][gc,task        ] GC(993) Using 6 workers of 6 for evacuation
[168.056s][info][gc,heap        ] GC(993) ParNew: 301125K->23142K(314560K)
[168.056s][info][gc,heap        ] GC(993) CMS: 144932K->158463K(699072K)
[168.056s][info][gc,metaspace   ] GC(993) Metaspace: 173060K(183640K)->173060K(183640K) NonClass: 152492K(157516K)->152492K(157516K) Class: 20568K(26124K)->20568K(26124K)
[168.056s][info][gc             ] GC(993) Pause Young (Allocation Failure) 435M->177M(989M) 6.615ms
[168.057s][info][gc,cpu         ] GC(993) User=0.00s Sys=0.00s Real=0.00s
[168.087s][info][gc,start       ] GC(994) Pause Young (Allocation Failure)
[168.087s][info][gc,task        ] GC(994) Using 6 workers of 6 for evacuation
[168.093s][info][gc,heap        ] GC(994) ParNew: 302758K->23918K(314560K)
[168.093s][info][gc,heap        ] GC(994) CMS: 158463K->170788K(699072K)
[168.093s][info][gc,metaspace   ] GC(994) Metaspace: 173060K(183640K)->173060K(183640K) NonClass: 152492K(157516K)->152492K(157516K) Class: 20568K(26124K)->20568K(26124K)
[168.093s][info][gc             ] GC(994) Pause Young (Allocation Failure) 450M->190M(989M) 6.372ms
[168.093s][info][gc,cpu         ] GC(994) User=0.00s Sys=0.00s Real=0.02s
[168.387s][info][gc,start       ] GC(995) Pause Young (Allocation Failure)
[168.387s][info][gc,task        ] GC(995) Using 6 workers of 6 for evacuation
[168.392s][info][gc,heap        ] GC(995) ParNew: 303509K->12237K(314560K)
[168.392s][info][gc,heap        ] GC(995) CMS: 170788K->186164K(699072K)
[168.392s][info][gc,metaspace   ] GC(995) Metaspace: 173060K(183640K)->173060K(183640K) NonClass: 152492K(157516K)->152492K(157516K) Class: 20568K(26124K)->20568K(26124K)
[168.392s][info][gc             ] GC(995) Pause Young (Allocation Failure) 463M->193M(989M) 5.379ms
[168.392s][info][gc,cpu         ] GC(995) User=0.02s Sys=0.00s Real=0.01s
[168.745s][info][gc,start       ] GC(996) Pause Young (Allocation Failure)
[168.746s][info][gc,task        ] GC(996) Using 6 workers of 6 for evacuation
[168.748s][info][gc,heap        ] GC(996) ParNew: 288667K->9631K(314560K)
[168.748s][info][gc,heap        ] GC(996) CMS: 186164K->186164K(699072K)
[168.748s][info][gc,metaspace   ] GC(996) Metaspace: 173060K(183640K)->173060K(183640K) NonClass: 152492K(157516K)->152492K(157516K) Class: 20568K(26124K)->20568K(26124K)
[168.748s][info][gc             ] GC(996) Pause Young (Allocation Failure) 463M->191M(989M) 2.731ms
[168.748s][info][gc,cpu         ] GC(996) User=0.00s Sys=0.00s Real=0.00s
[169.103s][info][gc,start       ] GC(997) Pause Young (Allocation Failure)
[169.103s][info][gc,task        ] GC(997) Using 6 workers of 6 for evacuation
[169.106s][info][gc,heap        ] GC(997) ParNew: 289227K->8991K(314560K)
[169.106s][info][gc,heap        ] GC(997) CMS: 186164K->186164K(699072K)
[169.106s][info][gc,metaspace   ] GC(997) Metaspace: 173060K(183640K)->173060K(183640K) NonClass: 152492K(157516K)->152492K(157516K) Class: 20568K(26124K)->20568K(26124K)
[169.106s][info][gc             ] GC(997) Pause Young (Allocation Failure) 464M->190M(989M) 3.035ms
[169.106s][info][gc,cpu         ] GC(997) User=0.00s Sys=0.00s Real=0.00s
[169.250s][info][gc,start       ] GC(998) Pause Full (System.gc())
[169.252s][info][gc,phases,start] GC(998) Phase 1: Mark live objects
[169.332s][info][gc,phases      ] GC(998) Phase 1: Mark live objects 79.829ms
[169.332s][info][gc,phases,start] GC(998) Phase 2: Compute new object addresses
[169.354s][info][gc,phases      ] GC(998) Phase 2: Compute new object addresses 21.275ms
[169.354s][info][gc,phases,start] GC(998) Phase 3: Adjust pointers
[169.402s][info][gc,phases      ] GC(998) Phase 3: Adjust pointers 48.229ms
[169.402s][info][gc,phases,start] GC(998) Phase 4: Move objects
[169.404s][info][gc,phases      ] GC(998) Phase 4: Move objects 2.311ms
[169.405s][info][gc,heap        ] GC(998) ParNew: 105625K->0K(314560K)
[169.405s][info][gc,heap        ] GC(998) CMS: 186164K->126217K(699072K)
[169.405s][info][gc,metaspace   ] GC(998) Metaspace: 173061K(183640K)->173061K(183640K) NonClass: 152493K(157516K)->152493K(157516K) Class: 20568K(26124K)->20568K(26124K)
[169.405s][info][gc             ] GC(998) Pause Full (System.gc()) 284M->123M(989M) 155.174ms
[169.405s][info][gc,cpu         ] GC(998) User=0.14s Sys=0.00s Real=0.16s
[169.472s][info][gc,start       ] GC(999) Pause Young (Allocation Failure)
[169.472s][info][gc,task        ] GC(999) Using 6 workers of 6 for evacuation
[169.474s][info][gc,heap        ] GC(999) ParNew: 279616K->4055K(314560K)
[169.475s][info][gc,heap        ] GC(999) CMS: 126217K->126217K(699072K)
[169.475s][info][gc,metaspace   ] GC(999) Metaspace: 173064K(183640K)->173064K(183640K) NonClass: 152496K(157516K)->152496K(157516K) Class: 20568K(26124K)->20568K(26124K)
[169.475s][info][gc             ] GC(999) Pause Young (Allocation Failure) 396M->127M(989M) 2.378ms
[169.475s][info][gc,cpu         ] GC(999) User=0.00s Sys=0.00s Real=0.00s
[169.502s][info][gc,start       ] GC(1000) Pause Young (Allocation Failure)
[169.503s][info][gc,task        ] GC(1000) Using 6 workers of 6 for evacuation
[169.505s][info][gc,heap        ] GC(1000) ParNew: 283671K->1537K(314560K)
[169.505s][info][gc,heap        ] GC(1000) CMS: 126217K->126217K(699072K)
[169.505s][info][gc,metaspace   ] GC(1000) Metaspace: 173064K(183640K)->173064K(183640K) NonClass: 152496K(157516K)->152496K(157516K) Class: 20568K(26124K)->20568K(26124K)
[169.505s][info][gc             ] GC(1000) Pause Young (Allocation Failure) 400M->124M(989M) 2.148ms
[169.505s][info][gc,cpu         ] GC(1000) User=0.00s Sys=0.00s Real=0.00s
[169.577s][info][gc,start       ] GC(1001) Pause Young (Allocation Failure)
[169.577s][info][gc,task        ] GC(1001) Using 6 workers of 6 for evacuation
[169.581s][info][gc,heap        ] GC(1001) ParNew: 281153K->13570K(314560K)
[169.581s][info][gc,heap        ] GC(1001) CMS: 126217K->126217K(699072K)
[169.581s][info][gc,metaspace   ] GC(1001) Metaspace: 173064K(183640K)->173064K(183640K) NonClass: 152496K(157516K)->152496K(157516K) Class: 20568K(26124K)->20568K(26124K)
[169.581s][info][gc             ] GC(1001) Pause Young (Allocation Failure) 397M->136M(989M) 4.108ms
[169.581s][info][gc,cpu         ] GC(1001) User=0.00s Sys=0.00s Real=0.00s
[169.613s][info][gc,start       ] GC(1002) Pause Young (Allocation Failure)
[169.613s][info][gc,task        ] GC(1002) Using 6 workers of 6 for evacuation
[169.618s][info][gc,heap        ] GC(1002) ParNew: 293186K->25666K(314560K)
[169.618s][info][gc,heap        ] GC(1002) CMS: 126217K->126217K(699072K)
[169.618s][info][gc,metaspace   ] GC(1002) Metaspace: 173064K(183640K)->173064K(183640K) NonClass: 152496K(157516K)->152496K(157516K) Class: 20568K(26124K)->20568K(26124K)
[169.618s][info][gc             ] GC(1002) Pause Young (Allocation Failure) 409M->148M(989M) 5.282ms
[169.618s][info][gc,cpu         ] GC(1002) User=0.02s Sys=0.00s Real=0.02s
[169.650s][info][gc,start       ] GC(1003) Pause Young (Allocation Failure)
[169.650s][info][gc,task        ] GC(1003) Using 6 workers of 6 for evacuation
[169.660s][info][gc,heap        ] GC(1003) ParNew: 305282K->25611K(314560K)
[169.660s][info][gc,heap        ] GC(1003) CMS: 126217K->145312K(699072K)
[169.660s][info][gc,metaspace   ] GC(1003) Metaspace: 173064K(183640K)->173064K(183640K) NonClass: 152496K(157516K)->152496K(157516K) Class: 20568K(26124K)->20568K(26124K)
[169.660s][info][gc             ] GC(1003) Pause Young (Allocation Failure) 421M->166M(989M) 9.673ms
[169.660s][info][gc,cpu         ] GC(1003) User=0.00s Sys=0.00s Real=0.00s
[169.691s][info][gc,start       ] GC(1004) Pause Young (Allocation Failure)
[169.691s][info][gc,task        ] GC(1004) Using 6 workers of 6 for evacuation
[169.697s][info][gc,heap        ] GC(1004) ParNew: 305227K->23173K(314560K)
[169.697s][info][gc,heap        ] GC(1004) CMS: 145312K->156609K(699072K)
[169.697s][info][gc,metaspace   ] GC(1004) Metaspace: 173064K(183640K)->173064K(183640K) NonClass: 152496K(157516K)->152496K(157516K) Class: 20568K(26124K)->20568K(26124K)
[169.697s][info][gc             ] GC(1004) Pause Young (Allocation Failure) 439M->175M(989M) 6.218ms
[169.697s][info][gc,cpu         ] GC(1004) User=0.02s Sys=0.00s Real=0.02s
[169.727s][info][gc,start       ] GC(1005) Pause Young (Allocation Failure)
[169.727s][info][gc,task        ] GC(1005) Using 6 workers of 6 for evacuation
[169.734s][info][gc,heap        ] GC(1005) ParNew: 302789K->21810K(314560K)
[169.734s][info][gc,heap        ] GC(1005) CMS: 156609K->172536K(699072K)
[169.734s][info][gc,metaspace   ] GC(1005) Metaspace: 173064K(183640K)->173064K(183640K) NonClass: 152496K(157516K)->152496K(157516K) Class: 20568K(26124K)->20568K(26124K)
[169.734s][info][gc             ] GC(1005) Pause Young (Allocation Failure) 448M->189M(989M) 6.524ms
[169.734s][info][gc,cpu         ] GC(1005) User=0.00s Sys=0.00s Real=0.00s
[170.031s][info][gc,start       ] GC(1006) Pause Young (Allocation Failure)
[170.031s][info][gc,task        ] GC(1006) Using 6 workers of 6 for evacuation
[170.035s][info][gc,heap        ] GC(1006) ParNew: 301393K->11073K(314560K)
[170.035s][info][gc,heap        ] GC(1006) CMS: 172536K->186552K(699072K)
[170.035s][info][gc,metaspace   ] GC(1006) Metaspace: 173064K(183640K)->173064K(183640K) NonClass: 152496K(157516K)->152496K(157516K) Class: 20568K(26124K)->20568K(26124K)
[170.035s][info][gc             ] GC(1006) Pause Young (Allocation Failure) 462M->192M(989M) 4.655ms
[170.036s][info][gc,cpu         ] GC(1006) User=0.00s Sys=0.00s Real=0.00s
[170.379s][info][gc,start       ] GC(1007) Pause Young (Allocation Failure)
[170.379s][info][gc,task        ] GC(1007) Using 6 workers of 6 for evacuation
[170.381s][info][gc,heap        ] GC(1007) ParNew: 286784K->9694K(314560K)
[170.381s][info][gc,heap        ] GC(1007) CMS: 186552K->186552K(699072K)
[170.381s][info][gc,metaspace   ] GC(1007) Metaspace: 173064K(183640K)->173064K(183640K) NonClass: 152496K(157516K)->152496K(157516K) Class: 20568K(26124K)->20568K(26124K)
[170.381s][info][gc             ] GC(1007) Pause Young (Allocation Failure) 462M->191M(989M) 2.675ms
[170.382s][info][gc,cpu         ] GC(1007) User=0.00s Sys=0.00s Real=0.00s
[170.735s][info][gc,start       ] GC(1008) Pause Young (Allocation Failure)
[170.735s][info][gc,task        ] GC(1008) Using 6 workers of 6 for evacuation
[170.738s][info][gc,heap        ] GC(1008) ParNew: 289154K->11056K(314560K)
[170.738s][info][gc,heap        ] GC(1008) CMS: 186552K->186552K(699072K)
[170.738s][info][gc,metaspace   ] GC(1008) Metaspace: 173064K(183640K)->173064K(183640K) NonClass: 152496K(157516K)->152496K(157516K) Class: 20568K(26124K)->20568K(26124K)
[170.738s][info][gc             ] GC(1008) Pause Young (Allocation Failure) 464M->192M(989M) 3.132ms
[170.738s][info][gc,cpu         ] GC(1008) User=0.00s Sys=0.00s Real=0.00s
[170.878s][info][gc,start       ] GC(1009) Pause Full (System.gc())
[170.880s][info][gc,phases,start] GC(1009) Phase 1: Mark live objects
[170.961s][info][gc,phases      ] GC(1009) Phase 1: Mark live objects 80.478ms
[170.961s][info][gc,phases,start] GC(1009) Phase 2: Compute new object addresses
[170.982s][info][gc,phases      ] GC(1009) Phase 2: Compute new object addresses 21.126ms
[170.982s][info][gc,phases,start] GC(1009) Phase 3: Adjust pointers
[171.030s][info][gc,phases      ] GC(1009) Phase 3: Adjust pointers 47.946ms
[171.030s][info][gc,phases,start] GC(1009) Phase 4: Move objects
[171.032s][info][gc,phases      ] GC(1009) Phase 4: Move objects 2.382ms
[171.033s][info][gc,heap        ] GC(1009) ParNew: 105393K->0K(314560K)
[171.033s][info][gc,heap        ] GC(1009) CMS: 186552K->125855K(699072K)
[171.033s][info][gc,metaspace   ] GC(1009) Metaspace: 173064K(183640K)->173064K(183640K) NonClass: 152496K(157516K)->152496K(157516K) Class: 20568K(26124K)->20568K(26124K)
[171.034s][info][gc             ] GC(1009) Pause Full (System.gc()) 285M->122M(989M) 155.737ms
[171.034s][info][gc,cpu         ] GC(1009) User=0.16s Sys=0.00s Real=0.16s
[171.101s][info][gc,start       ] GC(1010) Pause Young (Allocation Failure)
[171.101s][info][gc,task        ] GC(1010) Using 6 workers of 6 for evacuation
[171.103s][info][gc,heap        ] GC(1010) ParNew: 279616K->5170K(314560K)
[171.103s][info][gc,heap        ] GC(1010) CMS: 125855K->125855K(699072K)
[171.103s][info][gc,metaspace   ] GC(1010) Metaspace: 173064K(183640K)->173064K(183640K) NonClass: 152496K(157516K)->152496K(157516K) Class: 20568K(26124K)->20568K(26124K)
[171.104s][info][gc             ] GC(1010) Pause Young (Allocation Failure) 395M->127M(989M) 2.255ms
[171.104s][info][gc,cpu         ] GC(1010) User=0.00s Sys=0.00s Real=0.00s
[171.132s][info][gc,start       ] GC(1011) Pause Young (Allocation Failure)
[171.132s][info][gc,task        ] GC(1011) Using 6 workers of 6 for evacuation
[171.134s][info][gc,heap        ] GC(1011) ParNew: 284786K->1861K(314560K)
[171.134s][info][gc,heap        ] GC(1011) CMS: 125855K->125855K(699072K)
[171.134s][info][gc,metaspace   ] GC(1011) Metaspace: 173064K(183640K)->173064K(183640K) NonClass: 152496K(157516K)->152496K(157516K) Class: 20568K(26124K)->20568K(26124K)
[171.134s][info][gc             ] GC(1011) Pause Young (Allocation Failure) 401M->124M(989M) 1.897ms
[171.134s][info][gc,cpu         ] GC(1011) User=0.00s Sys=0.00s Real=0.00s
[171.206s][info][gc,start       ] GC(1012) Pause Young (Allocation Failure)
[171.206s][info][gc,task        ] GC(1012) Using 6 workers of 6 for evacuation
[171.210s][info][gc,heap        ] GC(1012) ParNew: 281477K->13375K(314560K)
[171.210s][info][gc,heap        ] GC(1012) CMS: 125855K->125855K(699072K)
[171.210s][info][gc,metaspace   ] GC(1012) Metaspace: 173064K(183640K)->173064K(183640K) NonClass: 152496K(157516K)->152496K(157516K) Class: 20568K(26124K)->20568K(26124K)
[171.210s][info][gc             ] GC(1012) Pause Young (Allocation Failure) 397M->135M(989M) 3.901ms
[171.210s][info][gc,cpu         ] GC(1012) User=0.00s Sys=0.00s Real=0.00s
[171.242s][info][gc,start       ] GC(1013) Pause Young (Allocation Failure)
[171.242s][info][gc,task        ] GC(1013) Using 6 workers of 6 for evacuation
[171.247s][info][gc,heap        ] GC(1013) ParNew: 292991K->24079K(314560K)
[171.247s][info][gc,heap        ] GC(1013) CMS: 125855K->125855K(699072K)
[171.247s][info][gc,metaspace   ] GC(1013) Metaspace: 173064K(183640K)->173064K(183640K) NonClass: 152496K(157516K)->152496K(157516K) Class: 20568K(26124K)->20568K(26124K)
[171.247s][info][gc             ] GC(1013) Pause Young (Allocation Failure) 409M->146M(989M) 4.989ms
[171.247s][info][gc,cpu         ] GC(1013) User=0.00s Sys=0.00s Real=0.00s
[171.278s][info][gc,start       ] GC(1014) Pause Young (Allocation Failure)
[171.278s][info][gc,task        ] GC(1014) Using 6 workers of 6 for evacuation
[171.285s][info][gc,heap        ] GC(1014) ParNew: 303695K->20082K(314560K)
[171.285s][info][gc,heap        ] GC(1014) CMS: 125855K->144939K(699072K)
[171.285s][info][gc,metaspace   ] GC(1014) Metaspace: 173064K(183640K)->173064K(183640K) NonClass: 152496K(157516K)->152496K(157516K) Class: 20568K(26124K)->20568K(26124K)
[171.285s][info][gc             ] GC(1014) Pause Young (Allocation Failure) 419M->161M(989M) 7.250ms
[171.285s][info][gc,cpu         ] GC(1014) User=0.02s Sys=0.00s Real=0.02s
[171.315s][info][gc,start       ] GC(1015) Pause Young (Allocation Failure)
[171.315s][info][gc,task        ] GC(1015) Using 6 workers of 6 for evacuation
[171.322s][info][gc,heap        ] GC(1015) ParNew: 299698K->23228K(314560K)
[171.322s][info][gc,heap        ] GC(1015) CMS: 144939K->158476K(699072K)
[171.322s][info][gc,metaspace   ] GC(1015) Metaspace: 173064K(183640K)->173064K(183640K) NonClass: 152496K(157516K)->152496K(157516K) Class: 20568K(26124K)->20568K(26124K)
[171.322s][info][gc             ] GC(1015) Pause Young (Allocation Failure) 434M->177M(989M) 6.482ms
[171.322s][info][gc,cpu         ] GC(1015) User=0.00s Sys=0.00s Real=0.00s
[171.352s][info][gc,start       ] GC(1016) Pause Young (Allocation Failure)
[171.352s][info][gc,task        ] GC(1016) Using 6 workers of 6 for evacuation
[171.358s][info][gc,heap        ] GC(1016) ParNew: 302844K->23172K(314560K)
[171.358s][info][gc,heap        ] GC(1016) CMS: 158476K->171815K(699072K)
[171.358s][info][gc,metaspace   ] GC(1016) Metaspace: 173064K(183640K)->173064K(183640K) NonClass: 152496K(157516K)->152496K(157516K) Class: 20568K(26124K)->20568K(26124K)
[171.358s][info][gc             ] GC(1016) Pause Young (Allocation Failure) 450M->190M(989M) 6.305ms
[171.358s][info][gc,cpu         ] GC(1016) User=0.00s Sys=0.00s Real=0.00s
[171.657s][info][gc,start       ] GC(1017) Pause Young (Allocation Failure)
[171.657s][info][gc,task        ] GC(1017) Using 6 workers of 6 for evacuation
[171.662s][info][gc,heap        ] GC(1017) ParNew: 302788K->11715K(314560K)
[171.663s][info][gc,heap        ] GC(1017) CMS: 171815K->186179K(699072K)
[171.663s][info][gc,metaspace   ] GC(1017) Metaspace: 173064K(183640K)->173064K(183640K) NonClass: 152496K(157516K)->152496K(157516K) Class: 20568K(26124K)->20568K(26124K)
[171.663s][info][gc             ] GC(1017) Pause Young (Allocation Failure) 463M->193M(989M) 5.791ms
[171.663s][info][gc,cpu         ] GC(1017) User=0.02s Sys=0.00s Real=0.02s
[172.012s][info][gc,start       ] GC(1018) Pause Young (Allocation Failure)
[172.012s][info][gc,task        ] GC(1018) Using 6 workers of 6 for evacuation
[172.014s][info][gc,heap        ] GC(1018) ParNew: 291331K->10576K(314560K)
[172.015s][info][gc,heap        ] GC(1018) CMS: 186179K->186179K(699072K)
[172.015s][info][gc,metaspace   ] GC(1018) Metaspace: 173064K(183640K)->173064K(183640K) NonClass: 152496K(157516K)->152496K(157516K) Class: 20568K(26124K)->20568K(26124K)
[172.015s][info][gc             ] GC(1018) Pause Young (Allocation Failure) 466M->192M(989M) 2.896ms
[172.015s][info][gc,cpu         ] GC(1018) User=0.00s Sys=0.00s Real=0.00s
[172.368s][info][gc,start       ] GC(1019) Pause Young (Allocation Failure)
[172.368s][info][gc,task        ] GC(1019) Using 6 workers of 6 for evacuation
[172.371s][info][gc,heap        ] GC(1019) ParNew: 290192K->8041K(314560K)
[172.371s][info][gc,heap        ] GC(1019) CMS: 186179K->186179K(699072K)
[172.372s][info][gc,metaspace   ] GC(1019) Metaspace: 173064K(183640K)->173064K(183640K) NonClass: 152496K(157516K)->152496K(157516K) Class: 20568K(26124K)->20568K(26124K)
[172.372s][info][gc             ] GC(1019) Pause Young (Allocation Failure) 465M->189M(989M) 3.293ms
[172.372s][info][gc,cpu         ] GC(1019) User=0.00s Sys=0.00s Real=0.00s
[172.495s][info][gc,start       ] GC(1020) Pause Full (System.gc())
[172.497s][info][gc,phases,start] GC(1020) Phase 1: Mark live objects
[172.578s][info][gc,phases      ] GC(1020) Phase 1: Mark live objects 80.246ms
[172.578s][info][gc,phases,start] GC(1020) Phase 2: Compute new object addresses
[172.599s][info][gc,phases      ] GC(1020) Phase 2: Compute new object addresses 21.011ms
[172.599s][info][gc,phases,start] GC(1020) Phase 3: Adjust pointers
[172.649s][info][gc,phases      ] GC(1020) Phase 3: Adjust pointers 49.853ms
[172.649s][info][gc,phases,start] GC(1020) Phase 4: Move objects
[172.651s][info][gc,phases      ] GC(1020) Phase 4: Move objects 2.266ms
[172.652s][info][gc,heap        ] GC(1020) ParNew: 96230K->0K(314560K)
[172.652s][info][gc,heap        ] GC(1020) CMS: 186179K->126108K(699072K)
[172.652s][info][gc,metaspace   ] GC(1020) Metaspace: 173064K(183640K)->173064K(183640K) NonClass: 152496K(157516K)->152496K(157516K) Class: 20568K(26124K)->20568K(26124K)
[172.652s][info][gc             ] GC(1020) Pause Full (System.gc()) 275M->123M(989M) 157.109ms
[172.652s][info][gc,cpu         ] GC(1020) User=0.14s Sys=0.00s Real=0.16s
[172.720s][info][gc,start       ] GC(1021) Pause Young (Allocation Failure)
[172.720s][info][gc,task        ] GC(1021) Using 6 workers of 6 for evacuation
[172.722s][info][gc,heap        ] GC(1021) ParNew: 279616K->2934K(314560K)
[172.722s][info][gc,heap        ] GC(1021) CMS: 126108K->126108K(699072K)
[172.722s][info][gc,metaspace   ] GC(1021) Metaspace: 173064K(183640K)->173064K(183640K) NonClass: 152496K(157516K)->152496K(157516K) Class: 20568K(26124K)->20568K(26124K)
[172.722s][info][gc             ] GC(1021) Pause Young (Allocation Failure) 396M->126M(989M) 2.359ms
[172.722s][info][gc,cpu         ] GC(1021) User=0.00s Sys=0.00s Real=0.00s
[172.750s][info][gc,start       ] GC(1022) Pause Young (Allocation Failure)
[172.750s][info][gc,task        ] GC(1022) Using 6 workers of 6 for evacuation
[172.752s][info][gc,heap        ] GC(1022) ParNew: 282550K->1584K(314560K)
[172.752s][info][gc,heap        ] GC(1022) CMS: 126108K->126108K(699072K)
[172.752s][info][gc,metaspace   ] GC(1022) Metaspace: 173064K(183640K)->173064K(183640K) NonClass: 152496K(157516K)->152496K(157516K) Class: 20568K(26124K)->20568K(26124K)
[172.752s][info][gc             ] GC(1022) Pause Young (Allocation Failure) 399M->124M(989M) 2.090ms
[172.752s][info][gc,cpu         ] GC(1022) User=0.00s Sys=0.00s Real=0.00s
[172.826s][info][gc,start       ] GC(1023) Pause Young (Allocation Failure)
[172.826s][info][gc,task        ] GC(1023) Using 6 workers of 6 for evacuation
[172.830s][info][gc,heap        ] GC(1023) ParNew: 281200K->12508K(314560K)
[172.830s][info][gc,heap        ] GC(1023) CMS: 126108K->126108K(699072K)
[172.830s][info][gc,metaspace   ] GC(1023) Metaspace: 173064K(183640K)->173064K(183640K) NonClass: 152496K(157516K)->152496K(157516K) Class: 20568K(26124K)->20568K(26124K)
[172.830s][info][gc             ] GC(1023) Pause Young (Allocation Failure) 397M->135M(989M) 3.530ms
[172.830s][info][gc,cpu         ] GC(1023) User=0.00s Sys=0.00s Real=0.00s
[172.861s][info][gc,start       ] GC(1024) Pause Young (Allocation Failure)
[172.862s][info][gc,task        ] GC(1024) Using 6 workers of 6 for evacuation
[172.867s][info][gc,heap        ] GC(1024) ParNew: 292124K->27210K(314560K)
[172.867s][info][gc,heap        ] GC(1024) CMS: 126108K->126108K(699072K)
[172.867s][info][gc,metaspace   ] GC(1024) Metaspace: 173064K(183640K)->173064K(183640K) NonClass: 152496K(157516K)->152496K(157516K) Class: 20568K(26124K)->20568K(26124K)
[172.867s][info][gc             ] GC(1024) Pause Young (Allocation Failure) 408M->149M(989M) 5.352ms
[172.867s][info][gc,cpu         ] GC(1024) User=0.00s Sys=0.00s Real=0.00s
[172.897s][info][gc,start       ] GC(1025) Pause Young (Allocation Failure)
[172.898s][info][gc,task        ] GC(1025) Using 6 workers of 6 for evacuation
[172.906s][info][gc,heap        ] GC(1025) ParNew: 306826K->27093K(314560K)
[172.906s][info][gc,heap        ] GC(1025) CMS: 126108K->143225K(699072K)
[172.906s][info][gc,metaspace   ] GC(1025) Metaspace: 173064K(183640K)->173064K(183640K) NonClass: 152496K(157516K)->152496K(157516K) Class: 20568K(26124K)->20568K(26124K)
[172.906s][info][gc             ] GC(1025) Pause Young (Allocation Failure) 422M->166M(989M) 8.194ms
[172.906s][info][gc,cpu         ] GC(1025) User=0.02s Sys=0.00s Real=0.02s
[172.937s][info][gc,start       ] GC(1026) Pause Young (Allocation Failure)
[172.937s][info][gc,task        ] GC(1026) Using 6 workers of 6 for evacuation
[172.943s][info][gc,heap        ] GC(1026) ParNew: 306709K->24897K(314560K)
[172.943s][info][gc,heap        ] GC(1026) CMS: 143225K->156558K(699072K)
[172.943s][info][gc,metaspace   ] GC(1026) Metaspace: 173064K(183640K)->173064K(183640K) NonClass: 152496K(157516K)->152496K(157516K) Class: 20568K(26124K)->20568K(26124K)
[172.943s][info][gc             ] GC(1026) Pause Young (Allocation Failure) 439M->177M(989M) 6.341ms
[172.943s][info][gc,cpu         ] GC(1026) User=0.00s Sys=0.00s Real=0.00s
[172.973s][info][gc,start       ] GC(1027) Pause Young (Allocation Failure)
[172.973s][info][gc,task        ] GC(1027) Using 6 workers of 6 for evacuation
[172.979s][info][gc,heap        ] GC(1027) ParNew: 304513K->22585K(314560K)
[172.979s][info][gc,heap        ] GC(1027) CMS: 156558K->173158K(699072K)
[172.979s][info][gc,metaspace   ] GC(1027) Metaspace: 173064K(183640K)->173064K(183640K) NonClass: 152496K(157516K)->152496K(157516K) Class: 20568K(26124K)->20568K(26124K)
[172.979s][info][gc             ] GC(1027) Pause Young (Allocation Failure) 450M->191M(989M) 6.614ms
[172.979s][info][gc,cpu         ] GC(1027) User=0.00s Sys=0.00s Real=0.01s
[173.276s][info][gc,start       ] GC(1028) Pause Young (Allocation Failure)
[173.276s][info][gc,task        ] GC(1028) Using 6 workers of 6 for evacuation
[173.280s][info][gc,heap        ] GC(1028) ParNew: 299094K->14429K(314560K)
[173.280s][info][gc,heap        ] GC(1028) CMS: 173158K->186154K(699072K)
[173.280s][info][gc,metaspace   ] GC(1028) Metaspace: 173064K(183640K)->173064K(183640K) NonClass: 152496K(157516K)->152496K(157516K) Class: 20568K(26124K)->20568K(26124K)
[173.280s][info][gc             ] GC(1028) Pause Young (Allocation Failure) 461M->195M(989M) 4.475ms
[173.280s][info][gc,cpu         ] GC(1028) User=0.02s Sys=0.00s Real=0.01s
[173.619s][info][gc,start       ] GC(1029) Pause Young (Allocation Failure)
[173.619s][info][gc,task        ] GC(1029) Using 6 workers of 6 for evacuation
[173.622s][info][gc,heap        ] GC(1029) ParNew: 293951K->9628K(314560K)
[173.622s][info][gc,heap        ] GC(1029) CMS: 186154K->186154K(699072K)
[173.622s][info][gc,metaspace   ] GC(1029) Metaspace: 173064K(183640K)->173064K(183640K) NonClass: 152496K(157516K)->152496K(157516K) Class: 20568K(26124K)->20568K(26124K)
[173.622s][info][gc             ] GC(1029) Pause Young (Allocation Failure) 468M->191M(989M) 2.917ms
[173.622s][info][gc,cpu         ] GC(1029) User=0.00s Sys=0.00s Real=0.00s
[173.941s][info][gc,start       ] GC(1030) Pause Young (Allocation Failure)
[173.941s][info][gc,task        ] GC(1030) Using 6 workers of 6 for evacuation
[173.944s][info][gc,heap        ] GC(1030) ParNew: 285377K->10617K(314560K)
[173.944s][info][gc,heap        ] GC(1030) CMS: 186154K->186154K(699072K)
[173.944s][info][gc,metaspace   ] GC(1030) Metaspace: 173064K(183640K)->173064K(183640K) NonClass: 152496K(157516K)->152496K(157516K) Class: 20568K(26124K)->20568K(26124K)
[173.944s][info][gc             ] GC(1030) Pause Young (Allocation Failure) 460M->192M(989M) 2.974ms
[173.944s][info][gc,cpu         ] GC(1030) User=0.00s Sys=0.00s Real=0.00s
[174.095s][info][gc,start       ] GC(1031) Pause Full (System.gc())
[174.098s][info][gc,phases,start] GC(1031) Phase 1: Mark live objects
[174.177s][info][gc,phases      ] GC(1031) Phase 1: Mark live objects 79.332ms
[174.177s][info][gc,phases,start] GC(1031) Phase 2: Compute new object addresses
[174.198s][info][gc,phases      ] GC(1031) Phase 2: Compute new object addresses 21.453ms
[174.198s][info][gc,phases,start] GC(1031) Phase 3: Adjust pointers
[174.247s][info][gc,phases      ] GC(1031) Phase 3: Adjust pointers 48.123ms
[174.247s][info][gc,phases,start] GC(1031) Phase 4: Move objects
[174.249s][info][gc,phases      ] GC(1031) Phase 4: Move objects 2.274ms
[174.250s][info][gc,heap        ] GC(1031) ParNew: 112576K->0K(314560K)
[174.250s][info][gc,heap        ] GC(1031) CMS: 186154K->125881K(699072K)
[174.250s][info][gc,metaspace   ] GC(1031) Metaspace: 173064K(183640K)->173064K(183640K) NonClass: 152496K(157516K)->152496K(157516K) Class: 20568K(26124K)->20568K(26124K)
[174.250s][info][gc             ] GC(1031) Pause Full (System.gc()) 291M->122M(989M) 154.919ms
[174.250s][info][gc,cpu         ] GC(1031) User=0.12s Sys=0.00s Real=0.14s
[174.318s][info][gc,start       ] GC(1032) Pause Young (Allocation Failure)
[174.318s][info][gc,task        ] GC(1032) Using 6 workers of 6 for evacuation
[174.321s][info][gc,heap        ] GC(1032) ParNew: 279616K->2924K(314560K)
[174.321s][info][gc,heap        ] GC(1032) CMS: 125881K->125881K(699072K)
[174.321s][info][gc,metaspace   ] GC(1032) Metaspace: 173068K(183640K)->173068K(183640K) NonClass: 152500K(157516K)->152500K(157516K) Class: 20568K(26124K)->20568K(26124K)
[174.321s][info][gc             ] GC(1032) Pause Young (Allocation Failure) 395M->125M(989M) 2.381ms
[174.321s][info][gc,cpu         ] GC(1032) User=0.00s Sys=0.00s Real=0.00s
[174.349s][info][gc,start       ] GC(1033) Pause Young (Allocation Failure)
[174.349s][info][gc,task        ] GC(1033) Using 6 workers of 6 for evacuation
[174.350s][info][gc,heap        ] GC(1033) ParNew: 282540K->1384K(314560K)
[174.350s][info][gc,heap        ] GC(1033) CMS: 125881K->125881K(699072K)
[174.350s][info][gc,metaspace   ] GC(1033) Metaspace: 173068K(183640K)->173068K(183640K) NonClass: 152500K(157516K)->152500K(157516K) Class: 20568K(26124K)->20568K(26124K)
[174.351s][info][gc             ] GC(1033) Pause Young (Allocation Failure) 398M->124M(989M) 1.947ms
[174.351s][info][gc,cpu         ] GC(1033) User=0.00s Sys=0.00s Real=0.00s
[174.423s][info][gc,start       ] GC(1034) Pause Young (Allocation Failure)
[174.423s][info][gc,task        ] GC(1034) Using 6 workers of 6 for evacuation
[174.427s][info][gc,heap        ] GC(1034) ParNew: 281000K->13269K(314560K)
[174.427s][info][gc,heap        ] GC(1034) CMS: 125881K->125881K(699072K)
[174.427s][info][gc,metaspace   ] GC(1034) Metaspace: 173068K(183640K)->173068K(183640K) NonClass: 152500K(157516K)->152500K(157516K) Class: 20568K(26124K)->20568K(26124K)
[174.427s][info][gc             ] GC(1034) Pause Young (Allocation Failure) 397M->135M(989M) 4.100ms
[174.427s][info][gc,cpu         ] GC(1034) User=0.02s Sys=0.00s Real=0.02s
[174.458s][info][gc,start       ] GC(1035) Pause Young (Allocation Failure)
[174.458s][info][gc,task        ] GC(1035) Using 6 workers of 6 for evacuation
[174.464s][info][gc,heap        ] GC(1035) ParNew: 292885K->28793K(314560K)
[174.464s][info][gc,heap        ] GC(1035) CMS: 125881K->125881K(699072K)
[174.464s][info][gc,metaspace   ] GC(1035) Metaspace: 173068K(183640K)->173068K(183640K) NonClass: 152500K(157516K)->152500K(157516K) Class: 20568K(26124K)->20568K(26124K)
[174.464s][info][gc             ] GC(1035) Pause Young (Allocation Failure) 408M->151M(989M) 5.570ms
[174.464s][info][gc,cpu         ] GC(1035) User=0.00s Sys=0.00s Real=0.00s
[174.494s][info][gc,start       ] GC(1036) Pause Young (Allocation Failure)
[174.494s][info][gc,task        ] GC(1036) Using 6 workers of 6 for evacuation
[174.501s][info][gc,heap        ] GC(1036) ParNew: 308409K->22038K(314560K)
[174.501s][info][gc,heap        ] GC(1036) CMS: 125881K->142926K(699072K)
[174.501s][info][gc,metaspace   ] GC(1036) Metaspace: 173068K(183640K)->173068K(183640K) NonClass: 152500K(157516K)->152500K(157516K) Class: 20568K(26124K)->20568K(26124K)
[174.501s][info][gc             ] GC(1036) Pause Young (Allocation Failure) 424M->161M(989M) 7.154ms
[174.501s][info][gc,cpu         ] GC(1036) User=0.00s Sys=0.00s Real=0.00s
[174.532s][info][gc,start       ] GC(1037) Pause Young (Allocation Failure)
[174.532s][info][gc,task        ] GC(1037) Using 6 workers of 6 for evacuation
[174.538s][info][gc,heap        ] GC(1037) ParNew: 301654K->19934K(314560K)
[174.538s][info][gc,heap        ] GC(1037) CMS: 142926K->158502K(699072K)
[174.538s][info][gc,metaspace   ] GC(1037) Metaspace: 173068K(183640K)->173068K(183640K) NonClass: 152500K(157516K)->152500K(157516K) Class: 20568K(26124K)->20568K(26124K)
[174.538s][info][gc             ] GC(1037) Pause Young (Allocation Failure) 434M->174M(989M) 6.549ms
[174.538s][info][gc,cpu         ] GC(1037) User=0.02s Sys=0.00s Real=0.02s
[174.568s][info][gc,start       ] GC(1038) Pause Young (Allocation Failure)
[174.568s][info][gc,task        ] GC(1038) Using 6 workers of 6 for evacuation
[174.575s][info][gc,heap        ] GC(1038) ParNew: 299052K->21222K(314560K)
[174.575s][info][gc,heap        ] GC(1038) CMS: 158502K->172868K(699072K)
[174.575s][info][gc,metaspace   ] GC(1038) Metaspace: 173068K(183640K)->173068K(183640K) NonClass: 152500K(157516K)->152500K(157516K) Class: 20568K(26124K)->20568K(26124K)
[174.575s][info][gc             ] GC(1038) Pause Young (Allocation Failure) 446M->189M(989M) 6.439ms
[174.575s][info][gc,cpu         ] GC(1038) User=0.00s Sys=0.00s Real=0.01s
[174.858s][info][gc,start       ] GC(1039) Pause Young (Allocation Failure)
[174.858s][info][gc,task        ] GC(1039) Using 6 workers of 6 for evacuation
[174.862s][info][gc,heap        ] GC(1039) ParNew: 300838K->14985K(314560K)
[174.862s][info][gc,heap        ] GC(1039) CMS: 172868K->185524K(699072K)
[174.862s][info][gc,metaspace   ] GC(1039) Metaspace: 173068K(183640K)->173068K(183640K) NonClass: 152500K(157516K)->152500K(157516K) Class: 20568K(26124K)->20568K(26124K)
[174.862s][info][gc             ] GC(1039) Pause Young (Allocation Failure) 462M->195M(989M) 4.299ms
[174.862s][info][gc,cpu         ] GC(1039) User=0.00s Sys=0.00s Real=0.00s
[175.207s][info][gc,start       ] GC(1040) Pause Young (Allocation Failure)
[175.207s][info][gc,task        ] GC(1040) Using 6 workers of 6 for evacuation
[175.210s][info][gc,heap        ] GC(1040) ParNew: 291236K->10084K(314560K)
[175.210s][info][gc,heap        ] GC(1040) CMS: 185524K->185524K(699072K)
[175.210s][info][gc,metaspace   ] GC(1040) Metaspace: 173068K(183640K)->173068K(183640K) NonClass: 152500K(157516K)->152500K(157516K) Class: 20568K(26124K)->20568K(26124K)
[175.210s][info][gc             ] GC(1040) Pause Young (Allocation Failure) 465M->191M(989M) 2.892ms
[175.210s][info][gc,cpu         ] GC(1040) User=0.00s Sys=0.00s Real=0.02s
[175.588s][info][gc,start       ] GC(1041) Pause Young (Allocation Failure)
[175.588s][info][gc,task        ] GC(1041) Using 6 workers of 6 for evacuation
[175.591s][info][gc,heap        ] GC(1041) ParNew: 289261K->10196K(314560K)
[175.591s][info][gc,heap        ] GC(1041) CMS: 185524K->185524K(699072K)
[175.591s][info][gc,metaspace   ] GC(1041) Metaspace: 173068K(183640K)->173068K(183640K) NonClass: 152500K(157516K)->152500K(157516K) Class: 20568K(26124K)->20568K(26124K)
[175.591s][info][gc             ] GC(1041) Pause Young (Allocation Failure) 463M->191M(989M) 3.119ms
[175.591s][info][gc,cpu         ] GC(1041) User=0.00s Sys=0.00s Real=0.00s
[175.719s][info][gc,start       ] GC(1042) Pause Full (System.gc())
[175.722s][info][gc,phases,start] GC(1042) Phase 1: Mark live objects
[175.801s][info][gc,phases      ] GC(1042) Phase 1: Mark live objects 79.736ms
[175.801s][info][gc,phases,start] GC(1042) Phase 2: Compute new object addresses
[175.823s][info][gc,phases      ] GC(1042) Phase 2: Compute new object addresses 21.160ms
[175.823s][info][gc,phases,start] GC(1042) Phase 3: Adjust pointers
[175.871s][info][gc,phases      ] GC(1042) Phase 3: Adjust pointers 48.253ms
[175.871s][info][gc,phases,start] GC(1042) Phase 4: Move objects
[175.873s][info][gc,phases      ] GC(1042) Phase 4: Move objects 2.276ms
[175.874s][info][gc,heap        ] GC(1042) ParNew: 105951K->0K(314560K)
[175.874s][info][gc,heap        ] GC(1042) CMS: 185524K->126157K(699072K)
[175.874s][info][gc,metaspace   ] GC(1042) Metaspace: 173068K(183640K)->173068K(183640K) NonClass: 152500K(157516K)->152500K(157516K) Class: 20568K(26124K)->20568K(26124K)
[175.874s][info][gc             ] GC(1042) Pause Full (System.gc()) 284M->123M(989M) 155.108ms
[175.874s][info][gc,cpu         ] GC(1042) User=0.14s Sys=0.00s Real=0.16s
[175.941s][info][gc,start       ] GC(1043) Pause Young (Allocation Failure)
[175.941s][info][gc,task        ] GC(1043) Using 6 workers of 6 for evacuation
[175.943s][info][gc,heap        ] GC(1043) ParNew: 279616K->3595K(314560K)
[175.944s][info][gc,heap        ] GC(1043) CMS: 126157K->126157K(699072K)
[175.944s][info][gc,metaspace   ] GC(1043) Metaspace: 173080K(183640K)->173080K(183640K) NonClass: 152511K(157516K)->152511K(157516K) Class: 20568K(26124K)->20568K(26124K)
[175.944s][info][gc             ] GC(1043) Pause Young (Allocation Failure) 396M->126M(989M) 2.262ms
[175.944s][info][gc,cpu         ] GC(1043) User=0.00s Sys=0.00s Real=0.00s
[175.974s][info][gc,start       ] GC(1044) Pause Young (Allocation Failure)
[175.974s][info][gc,task        ] GC(1044) Using 6 workers of 6 for evacuation
[175.976s][info][gc,heap        ] GC(1044) ParNew: 283211K->1634K(314560K)
[175.976s][info][gc,heap        ] GC(1044) CMS: 126157K->126157K(699072K)
[175.976s][info][gc,metaspace   ] GC(1044) Metaspace: 173080K(183640K)->173080K(183640K) NonClass: 152511K(157516K)->152511K(157516K) Class: 20568K(26124K)->20568K(26124K)
[175.976s][info][gc             ] GC(1044) Pause Young (Allocation Failure) 399M->124M(989M) 2.128ms
[175.976s][info][gc,cpu         ] GC(1044) User=0.00s Sys=0.00s Real=0.01s
[176.048s][info][gc,start       ] GC(1045) Pause Young (Allocation Failure)
[176.049s][info][gc,task        ] GC(1045) Using 6 workers of 6 for evacuation
[176.052s][info][gc,heap        ] GC(1045) ParNew: 281250K->13645K(314560K)
[176.052s][info][gc,heap        ] GC(1045) CMS: 126157K->126157K(699072K)
[176.052s][info][gc,metaspace   ] GC(1045) Metaspace: 173080K(183640K)->173080K(183640K) NonClass: 152511K(157516K)->152511K(157516K) Class: 20568K(26124K)->20568K(26124K)
[176.052s][info][gc             ] GC(1045) Pause Young (Allocation Failure) 397M->136M(989M) 3.928ms
[176.052s][info][gc,cpu         ] GC(1045) User=0.00s Sys=0.00s Real=0.00s
[176.083s][info][gc,start       ] GC(1046) Pause Young (Allocation Failure)
[176.084s][info][gc,task        ] GC(1046) Using 6 workers of 6 for evacuation
[176.089s][info][gc,heap        ] GC(1046) ParNew: 293261K->26455K(314560K)
[176.089s][info][gc,heap        ] GC(1046) CMS: 126157K->126157K(699072K)
[176.089s][info][gc,metaspace   ] GC(1046) Metaspace: 173080K(183640K)->173080K(183640K) NonClass: 152511K(157516K)->152511K(157516K) Class: 20568K(26124K)->20568K(26124K)
[176.089s][info][gc             ] GC(1046) Pause Young (Allocation Failure) 409M->149M(989M) 5.363ms
[176.089s][info][gc,cpu         ] GC(1046) User=0.00s Sys=0.00s Real=0.01s
[176.119s][info][gc,start       ] GC(1047) Pause Young (Allocation Failure)
[176.119s][info][gc,task        ] GC(1047) Using 6 workers of 6 for evacuation
[176.127s][info][gc,heap        ] GC(1047) ParNew: 306071K->23939K(314560K)
[176.127s][info][gc,heap        ] GC(1047) CMS: 126157K->144220K(699072K)
[176.127s][info][gc,metaspace   ] GC(1047) Metaspace: 173080K(183640K)->173080K(183640K) NonClass: 152511K(157516K)->152511K(157516K) Class: 20568K(26124K)->20568K(26124K)
[176.127s][info][gc             ] GC(1047) Pause Young (Allocation Failure) 422M->164M(989M) 7.694ms
[176.127s][info][gc,cpu         ] GC(1047) User=0.00s Sys=0.00s Real=0.02s
[176.158s][info][gc,start       ] GC(1048) Pause Young (Allocation Failure)
[176.158s][info][gc,task        ] GC(1048) Using 6 workers of 6 for evacuation
[176.164s][info][gc,heap        ] GC(1048) ParNew: 303555K->21415K(314560K)
[176.164s][info][gc,heap        ] GC(1048) CMS: 144220K->158783K(699072K)
[176.164s][info][gc,metaspace   ] GC(1048) Metaspace: 173080K(183640K)->173080K(183640K) NonClass: 152511K(157516K)->152511K(157516K) Class: 20568K(26124K)->20568K(26124K)
[176.164s][info][gc             ] GC(1048) Pause Young (Allocation Failure) 437M->175M(989M) 6.440ms
[176.164s][info][gc,cpu         ] GC(1048) User=0.00s Sys=0.00s Real=0.00s
[176.194s][info][gc,start       ] GC(1049) Pause Young (Allocation Failure)
[176.194s][info][gc,task        ] GC(1049) Using 6 workers of 6 for evacuation
[176.201s][info][gc,heap        ] GC(1049) ParNew: 301031K->23115K(314560K)
[176.201s][info][gc,heap        ] GC(1049) CMS: 158783K->172458K(699072K)
[176.201s][info][gc,metaspace   ] GC(1049) Metaspace: 173080K(183640K)->173080K(183640K) NonClass: 152511K(157516K)->152511K(157516K) Class: 20568K(26124K)->20568K(26124K)
[176.201s][info][gc             ] GC(1049) Pause Young (Allocation Failure) 449M->190M(989M) 6.448ms
[176.201s][info][gc,cpu         ] GC(1049) User=0.02s Sys=0.00s Real=0.02s
[176.486s][info][gc,start       ] GC(1050) Pause Young (Allocation Failure)
[176.486s][info][gc,task        ] GC(1050) Using 6 workers of 6 for evacuation
[176.491s][info][gc,heap        ] GC(1050) ParNew: 302731K->13680K(314560K)
[176.491s][info][gc,heap        ] GC(1050) CMS: 172458K->186481K(699072K)
[176.491s][info][gc,metaspace   ] GC(1050) Metaspace: 173080K(183640K)->173080K(183640K) NonClass: 152511K(157516K)->152511K(157516K) Class: 20568K(26124K)->20568K(26124K)
[176.491s][info][gc             ] GC(1050) Pause Young (Allocation Failure) 464M->195M(989M) 5.268ms
[176.491s][info][gc,cpu         ] GC(1050) User=0.00s Sys=0.00s Real=0.00s
[176.844s][info][gc,start       ] GC(1051) Pause Young (Allocation Failure)
[176.844s][info][gc,task        ] GC(1051) Using 6 workers of 6 for evacuation
[176.847s][info][gc,heap        ] GC(1051) ParNew: 289399K->10687K(314560K)
[176.847s][info][gc,heap        ] GC(1051) CMS: 186481K->186481K(699072K)
[176.847s][info][gc,metaspace   ] GC(1051) Metaspace: 173080K(183640K)->173080K(183640K) NonClass: 152511K(157516K)->152511K(157516K) Class: 20568K(26124K)->20568K(26124K)
[176.847s][info][gc             ] GC(1051) Pause Young (Allocation Failure) 464M->192M(989M) 2.883ms
[176.847s][info][gc,cpu         ] GC(1051) User=0.00s Sys=0.00s Real=0.00s
[177.202s][info][gc,start       ] GC(1052) Pause Young (Allocation Failure)
[177.202s][info][gc,task        ] GC(1052) Using 6 workers of 6 for evacuation
[177.205s][info][gc,heap        ] GC(1052) ParNew: 290028K->8076K(314560K)
[177.205s][info][gc,heap        ] GC(1052) CMS: 186481K->186481K(699072K)
[177.205s][info][gc,metaspace   ] GC(1052) Metaspace: 173080K(183640K)->173080K(183640K) NonClass: 152511K(157516K)->152511K(157516K) Class: 20568K(26124K)->20568K(26124K)
[177.205s][info][gc             ] GC(1052) Pause Young (Allocation Failure) 465M->189M(989M) 3.306ms
[177.205s][info][gc,cpu         ] GC(1052) User=0.02s Sys=0.00s Real=0.01s
[177.347s][info][gc,start       ] GC(1053) Pause Full (System.gc())
[177.349s][info][gc,phases,start] GC(1053) Phase 1: Mark live objects
[177.429s][info][gc,phases      ] GC(1053) Phase 1: Mark live objects 80.258ms
[177.429s][info][gc,phases,start] GC(1053) Phase 2: Compute new object addresses
[177.450s][info][gc,phases      ] GC(1053) Phase 2: Compute new object addresses 21.075ms
[177.450s][info][gc,phases,start] GC(1053) Phase 3: Adjust pointers
[177.498s][info][gc,phases      ] GC(1053) Phase 3: Adjust pointers 48.182ms
[177.499s][info][gc,phases,start] GC(1053) Phase 4: Move objects
[177.501s][info][gc,phases      ] GC(1053) Phase 4: Move objects 2.276ms
[177.502s][info][gc,heap        ] GC(1053) ParNew: 104223K->0K(314560K)
[177.502s][info][gc,heap        ] GC(1053) CMS: 186481K->125795K(699072K)
[177.502s][info][gc,metaspace   ] GC(1053) Metaspace: 173080K(183640K)->173080K(183640K) NonClass: 152511K(157516K)->152511K(157516K) Class: 20568K(26124K)->20568K(26124K)
[177.502s][info][gc             ] GC(1053) Pause Full (System.gc()) 283M->122M(989M) 155.491ms
[177.502s][info][gc,cpu         ] GC(1053) User=0.16s Sys=0.00s Real=0.16s
[177.570s][info][gc,start       ] GC(1054) Pause Young (Allocation Failure)
[177.570s][info][gc,task        ] GC(1054) Using 6 workers of 6 for evacuation
[177.573s][info][gc,heap        ] GC(1054) ParNew: 279616K->2747K(314560K)
[177.573s][info][gc,heap        ] GC(1054) CMS: 125795K->125795K(699072K)
[177.573s][info][gc,metaspace   ] GC(1054) Metaspace: 173080K(183640K)->173080K(183640K) NonClass: 152511K(157516K)->152511K(157516K) Class: 20568K(26124K)->20568K(26124K)
[177.573s][info][gc             ] GC(1054) Pause Young (Allocation Failure) 395M->125M(989M) 2.443ms
[177.573s][info][gc,cpu         ] GC(1054) User=0.00s Sys=0.00s Real=0.00s
[177.601s][info][gc,start       ] GC(1055) Pause Young (Allocation Failure)
[177.601s][info][gc,task        ] GC(1055) Using 6 workers of 6 for evacuation
[177.603s][info][gc,heap        ] GC(1055) ParNew: 282363K->1745K(314560K)
[177.603s][info][gc,heap        ] GC(1055) CMS: 125795K->125795K(699072K)
[177.603s][info][gc,metaspace   ] GC(1055) Metaspace: 173080K(183640K)->173080K(183640K) NonClass: 152511K(157516K)->152511K(157516K) Class: 20568K(26124K)->20568K(26124K)
[177.603s][info][gc             ] GC(1055) Pause Young (Allocation Failure) 398M->124M(989M) 2.159ms
[177.603s][info][gc,cpu         ] GC(1055) User=0.00s Sys=0.00s Real=0.00s
[177.680s][info][gc,start       ] GC(1056) Pause Young (Allocation Failure)
[177.680s][info][gc,task        ] GC(1056) Using 6 workers of 6 for evacuation
[177.683s][info][gc,heap        ] GC(1056) ParNew: 281361K->10903K(314560K)
[177.683s][info][gc,heap        ] GC(1056) CMS: 125795K->125795K(699072K)
[177.683s][info][gc,metaspace   ] GC(1056) Metaspace: 173080K(183640K)->173080K(183640K) NonClass: 152511K(157516K)->152511K(157516K) Class: 20568K(26124K)->20568K(26124K)
[177.683s][info][gc             ] GC(1056) Pause Young (Allocation Failure) 397M->133M(989M) 3.413ms
[177.684s][info][gc,cpu         ] GC(1056) User=0.00s Sys=0.00s Real=0.00s
[177.715s][info][gc,start       ] GC(1057) Pause Young (Allocation Failure)
[177.715s][info][gc,task        ] GC(1057) Using 6 workers of 6 for evacuation
[177.721s][info][gc,heap        ] GC(1057) ParNew: 290519K->27606K(314560K)
[177.721s][info][gc,heap        ] GC(1057) CMS: 125795K->125795K(699072K)
[177.721s][info][gc,metaspace   ] GC(1057) Metaspace: 173080K(183640K)->173080K(183640K) NonClass: 152511K(157516K)->152511K(157516K) Class: 20568K(26124K)->20568K(26124K)
[177.721s][info][gc             ] GC(1057) Pause Young (Allocation Failure) 406M->149M(989M) 5.735ms
[177.721s][info][gc,cpu         ] GC(1057) User=0.00s Sys=0.00s Real=0.00s
[177.752s][info][gc,start       ] GC(1058) Pause Young (Allocation Failure)
[177.752s][info][gc,task        ] GC(1058) Using 6 workers of 6 for evacuation
[177.761s][info][gc,heap        ] GC(1058) ParNew: 307222K->27412K(314560K)
[177.761s][info][gc,heap        ] GC(1058) CMS: 125795K->143006K(699072K)
[177.761s][info][gc,metaspace   ] GC(1058) Metaspace: 173080K(183640K)->173080K(183640K) NonClass: 152511K(157516K)->152511K(157516K) Class: 20568K(26124K)->20568K(26124K)
[177.761s][info][gc             ] GC(1058) Pause Young (Allocation Failure) 422M->166M(989M) 8.688ms
[177.761s][info][gc,cpu         ] GC(1058) User=0.02s Sys=0.00s Real=0.02s
[177.792s][info][gc,start       ] GC(1059) Pause Young (Allocation Failure)
[177.792s][info][gc,task        ] GC(1059) Using 6 workers of 6 for evacuation
[177.799s][info][gc,heap        ] GC(1059) ParNew: 307028K->25430K(314560K)
[177.799s][info][gc,heap        ] GC(1059) CMS: 143006K->158378K(699072K)
[177.799s][info][gc,metaspace   ] GC(1059) Metaspace: 173080K(183640K)->173080K(183640K) NonClass: 152511K(157516K)->152511K(157516K) Class: 20568K(26124K)->20568K(26124K)
[177.799s][info][gc             ] GC(1059) Pause Young (Allocation Failure) 439M->179M(989M) 6.514ms
[177.799s][info][gc,cpu         ] GC(1059) User=0.00s Sys=0.00s Real=0.00s
[177.830s][info][gc,start       ] GC(1060) Pause Young (Allocation Failure)
[177.830s][info][gc,task        ] GC(1060) Using 6 workers of 6 for evacuation
[177.836s][info][gc,heap        ] GC(1060) ParNew: 305046K->19644K(314560K)
[177.836s][info][gc,heap        ] GC(1060) CMS: 158378K->172964K(699072K)
[177.836s][info][gc,metaspace   ] GC(1060) Metaspace: 173080K(183640K)->173080K(183640K) NonClass: 152511K(157516K)->152511K(157516K) Class: 20568K(26124K)->20568K(26124K)
[177.836s][info][gc             ] GC(1060) Pause Young (Allocation Failure) 452M->188M(989M) 6.195ms
[177.836s][info][gc,cpu         ] GC(1060) User=0.02s Sys=0.00s Real=0.01s
[178.129s][info][gc,start       ] GC(1061) Pause Young (Allocation Failure)
[178.129s][info][gc,task        ] GC(1061) Using 6 workers of 6 for evacuation
[178.134s][info][gc,heap        ] GC(1061) ParNew: 299260K->11639K(314560K)
[178.134s][info][gc,heap        ] GC(1061) CMS: 172964K->188106K(699072K)
[178.134s][info][gc,metaspace   ] GC(1061) Metaspace: 173080K(183640K)->173080K(183640K) NonClass: 152512K(157516K)->152512K(157516K) Class: 20568K(26124K)->20568K(26124K)
[178.134s][info][gc             ] GC(1061) Pause Young (Allocation Failure) 461M->195M(989M) 5.007ms
[178.134s][info][gc,cpu         ] GC(1061) User=0.02s Sys=0.00s Real=0.02s
[178.476s][info][gc,start       ] GC(1062) Pause Young (Allocation Failure)
[178.477s][info][gc,task        ] GC(1062) Using 6 workers of 6 for evacuation
[178.479s][info][gc,heap        ] GC(1062) ParNew: 287719K->8324K(314560K)
[178.479s][info][gc,heap        ] GC(1062) CMS: 188106K->188106K(699072K)
[178.479s][info][gc,metaspace   ] GC(1062) Metaspace: 173080K(183640K)->173080K(183640K) NonClass: 152512K(157516K)->152512K(157516K) Class: 20568K(26124K)->20568K(26124K)
[178.479s][info][gc             ] GC(1062) Pause Young (Allocation Failure) 464M->191M(989M) 2.802ms
[178.479s][info][gc,cpu         ] GC(1062) User=0.00s Sys=0.00s Real=0.00s
[178.838s][info][gc,start       ] GC(1063) Pause Young (Allocation Failure)
[178.838s][info][gc,task        ] GC(1063) Using 6 workers of 6 for evacuation
[178.841s][info][gc,heap        ] GC(1063) ParNew: 287052K->7165K(314560K)
[178.841s][info][gc,heap        ] GC(1063) CMS: 188106K->188106K(699072K)
[178.841s][info][gc,metaspace   ] GC(1063) Metaspace: 173080K(183640K)->173080K(183640K) NonClass: 152512K(157516K)->152512K(157516K) Class: 20568K(26124K)->20568K(26124K)
[178.841s][info][gc             ] GC(1063) Pause Young (Allocation Failure) 464M->190M(989M) 3.041ms
[178.841s][info][gc,cpu         ] GC(1063) User=0.00s Sys=0.00s Real=0.00s
[178.972s][info][gc,start       ] GC(1064) Pause Full (System.gc())
[178.974s][info][gc,phases,start] GC(1064) Phase 1: Mark live objects
[179.054s][info][gc,phases      ] GC(1064) Phase 1: Mark live objects 79.538ms
[179.054s][info][gc,phases,start] GC(1064) Phase 2: Compute new object addresses
[179.075s][info][gc,phases      ] GC(1064) Phase 2: Compute new object addresses 21.403ms
[179.075s][info][gc,phases,start] GC(1064) Phase 3: Adjust pointers
[179.124s][info][gc,phases      ] GC(1064) Phase 3: Adjust pointers 48.683ms
[179.124s][info][gc,phases,start] GC(1064) Phase 4: Move objects
[179.126s][info][gc,phases      ] GC(1064) Phase 4: Move objects 2.277ms
[179.127s][info][gc,heap        ] GC(1064) ParNew: 104176K->0K(314560K)
[179.127s][info][gc,heap        ] GC(1064) CMS: 188106K->126148K(699072K)
[179.127s][info][gc,metaspace   ] GC(1064) Metaspace: 173083K(183640K)->173083K(183640K) NonClass: 152515K(157516K)->152515K(157516K) Class: 20568K(26124K)->20568K(26124K)
[179.127s][info][gc             ] GC(1064) Pause Full (System.gc()) 285M->123M(989M) 155.769ms
[179.127s][info][gc,cpu         ] GC(1064) User=0.14s Sys=0.00s Real=0.16s
[179.195s][info][gc,start       ] GC(1065) Pause Young (Allocation Failure)
[179.195s][info][gc,task        ] GC(1065) Using 6 workers of 6 for evacuation
[179.197s][info][gc,heap        ] GC(1065) ParNew: 279616K->2271K(314560K)
[179.197s][info][gc,heap        ] GC(1065) CMS: 126148K->126148K(699072K)
[179.197s][info][gc,metaspace   ] GC(1065) Metaspace: 173101K(183896K)->173101K(183896K) NonClass: 152533K(157772K)->152533K(157772K) Class: 20568K(26124K)->20568K(26124K)
[179.197s][info][gc             ] GC(1065) Pause Young (Allocation Failure) 396M->125M(989M) 2.375ms
[179.197s][info][gc,cpu         ] GC(1065) User=0.00s Sys=0.00s Real=0.00s
[179.225s][info][gc,start       ] GC(1066) Pause Young (Allocation Failure)
[179.225s][info][gc,task        ] GC(1066) Using 6 workers of 6 for evacuation
[179.227s][info][gc,heap        ] GC(1066) ParNew: 281887K->1703K(314560K)
[179.227s][info][gc,heap        ] GC(1066) CMS: 126148K->126148K(699072K)
[179.227s][info][gc,metaspace   ] GC(1066) Metaspace: 173101K(183896K)->173101K(183896K) NonClass: 152533K(157772K)->152533K(157772K) Class: 20568K(26124K)->20568K(26124K)
[179.227s][info][gc             ] GC(1066) Pause Young (Allocation Failure) 398M->124M(989M) 2.058ms
[179.227s][info][gc,cpu         ] GC(1066) User=0.00s Sys=0.00s Real=0.00s
[179.299s][info][gc,start       ] GC(1067) Pause Young (Allocation Failure)
[179.299s][info][gc,task        ] GC(1067) Using 6 workers of 6 for evacuation
[179.303s][info][gc,heap        ] GC(1067) ParNew: 280731K->14010K(314560K)
[179.303s][info][gc,heap        ] GC(1067) CMS: 126148K->126148K(699072K)
[179.303s][info][gc,metaspace   ] GC(1067) Metaspace: 173101K(183896K)->173101K(183896K) NonClass: 152533K(157772K)->152533K(157772K) Class: 20568K(26124K)->20568K(26124K)
[179.303s][info][gc             ] GC(1067) Pause Young (Allocation Failure) 397M->136M(989M) 3.985ms
[179.303s][info][gc,cpu         ] GC(1067) User=0.00s Sys=0.00s Real=0.00s
[179.335s][info][gc,start       ] GC(1068) Pause Young (Allocation Failure)
[179.335s][info][gc,task        ] GC(1068) Using 6 workers of 6 for evacuation
[179.340s][info][gc,heap        ] GC(1068) ParNew: 293626K->24100K(314560K)
[179.340s][info][gc,heap        ] GC(1068) CMS: 126148K->126148K(699072K)
[179.340s][info][gc,metaspace   ] GC(1068) Metaspace: 173101K(183896K)->173101K(183896K) NonClass: 152533K(157772K)->152533K(157772K) Class: 20568K(26124K)->20568K(26124K)
[179.340s][info][gc             ] GC(1068) Pause Young (Allocation Failure) 409M->146M(989M) 5.746ms
[179.340s][info][gc,cpu         ] GC(1068) User=0.00s Sys=0.00s Real=0.02s
[179.371s][info][gc,start       ] GC(1069) Pause Young (Allocation Failure)
[179.371s][info][gc,task        ] GC(1069) Using 6 workers of 6 for evacuation
[179.378s][info][gc,heap        ] GC(1069) ParNew: 303716K->23921K(314560K)
[179.378s][info][gc,heap        ] GC(1069) CMS: 126148K->144627K(699072K)
[179.378s][info][gc,metaspace   ] GC(1069) Metaspace: 173101K(183896K)->173101K(183896K) NonClass: 152533K(157772K)->152533K(157772K) Class: 20568K(26124K)->20568K(26124K)
[179.378s][info][gc             ] GC(1069) Pause Young (Allocation Failure) 419M->164M(989M) 7.364ms
[179.378s][info][gc,cpu         ] GC(1069) User=0.00s Sys=0.00s Real=0.00s
[179.408s][info][gc,start       ] GC(1070) Pause Young (Allocation Failure)
[179.408s][info][gc,task        ] GC(1070) Using 6 workers of 6 for evacuation
[179.414s][info][gc,heap        ] GC(1070) ParNew: 303537K->22044K(314560K)
[179.414s][info][gc,heap        ] GC(1070) CMS: 144627K->158842K(699072K)
[179.414s][info][gc,metaspace   ] GC(1070) Metaspace: 173101K(183896K)->173101K(183896K) NonClass: 152533K(157772K)->152533K(157772K) Class: 20568K(26124K)->20568K(26124K)
[179.414s][info][gc             ] GC(1070) Pause Young (Allocation Failure) 437M->176M(989M) 6.131ms
[179.414s][info][gc,cpu         ] GC(1070) User=0.00s Sys=0.00s Real=0.00s
[179.444s][info][gc,start       ] GC(1071) Pause Young (Allocation Failure)
[179.444s][info][gc,task        ] GC(1071) Using 6 workers of 6 for evacuation
[179.451s][info][gc,heap        ] GC(1071) ParNew: 301660K->24740K(314560K)
[179.451s][info][gc,heap        ] GC(1071) CMS: 158842K->173200K(699072K)
[179.451s][info][gc,metaspace   ] GC(1071) Metaspace: 173101K(183896K)->173101K(183896K) NonClass: 152533K(157772K)->152533K(157772K) Class: 20568K(26124K)->20568K(26124K)
[179.451s][info][gc             ] GC(1071) Pause Young (Allocation Failure) 449M->193M(989M) 6.749ms
[179.451s][info][gc,cpu         ] GC(1071) User=0.02s Sys=0.00s Real=0.02s
[179.751s][info][gc,start       ] GC(1072) Pause Young (Allocation Failure)
[179.751s][info][gc,task        ] GC(1072) Using 6 workers of 6 for evacuation
[179.756s][info][gc,heap        ] GC(1072) ParNew: 304356K->13199K(314560K)
[179.756s][info][gc,heap        ] GC(1072) CMS: 173200K->185518K(699072K)
[179.756s][info][gc,metaspace   ] GC(1072) Metaspace: 173101K(183896K)->173101K(183896K) NonClass: 152533K(157772K)->152533K(157772K) Class: 20568K(26124K)->20568K(26124K)
[179.756s][info][gc             ] GC(1072) Pause Young (Allocation Failure) 466M->194M(989M) 4.975ms
[179.756s][info][gc,cpu         ] GC(1072) User=0.00s Sys=0.00s Real=0.00s
[180.098s][info][gc,start       ] GC(1073) Pause Young (Allocation Failure)
[180.099s][info][gc,task        ] GC(1073) Using 6 workers of 6 for evacuation
[180.102s][info][gc,heap        ] GC(1073) ParNew: 292815K->11657K(314560K)
[180.102s][info][gc,heap        ] GC(1073) CMS: 185518K->185518K(699072K)
[180.102s][info][gc,metaspace   ] GC(1073) Metaspace: 173101K(183896K)->173101K(183896K) NonClass: 152533K(157772K)->152533K(157772K) Class: 20568K(26124K)->20568K(26124K)
[180.102s][info][gc             ] GC(1073) Pause Young (Allocation Failure) 467M->192M(989M) 3.477ms
[180.102s][info][gc,cpu         ] GC(1073) User=0.00s Sys=0.00s Real=0.00s
[180.447s][info][gc,start       ] GC(1074) Pause Young (Allocation Failure)
[180.447s][info][gc,task        ] GC(1074) Using 6 workers of 6 for evacuation
[180.449s][info][gc,heap        ] GC(1074) ParNew: 289145K->9359K(314560K)
[180.450s][info][gc,heap        ] GC(1074) CMS: 185518K->185518K(699072K)
[180.450s][info][gc,metaspace   ] GC(1074) Metaspace: 173101K(183896K)->173101K(183896K) NonClass: 152533K(157772K)->152533K(157772K) Class: 20568K(26124K)->20568K(26124K)
[180.450s][info][gc             ] GC(1074) Pause Young (Allocation Failure) 463M->190M(989M) 2.973ms
[180.450s][info][gc,cpu         ] GC(1074) User=0.00s Sys=0.00s Real=0.00s
[180.580s][info][gc,start       ] GC(1075) Pause Full (System.gc())
[180.582s][info][gc,phases,start] GC(1075) Phase 1: Mark live objects
[180.664s][info][gc,phases      ] GC(1075) Phase 1: Mark live objects 81.537ms
[180.664s][info][gc,phases,start] GC(1075) Phase 2: Compute new object addresses
[180.685s][info][gc,phases      ] GC(1075) Phase 2: Compute new object addresses 21.520ms
[180.685s][info][gc,phases,start] GC(1075) Phase 3: Adjust pointers
[180.733s][info][gc,phases      ] GC(1075) Phase 3: Adjust pointers 48.331ms
[180.734s][info][gc,phases,start] GC(1075) Phase 4: Move objects
[180.736s][info][gc,phases      ] GC(1075) Phase 4: Move objects 2.331ms
[180.737s][info][gc,heap        ] GC(1075) ParNew: 102992K->0K(314560K)
[180.737s][info][gc,heap        ] GC(1075) CMS: 185518K->125558K(699072K)
[180.737s][info][gc,metaspace   ] GC(1075) Metaspace: 173146K(183896K)->173146K(183896K) NonClass: 152578K(157772K)->152578K(157772K) Class: 20568K(26124K)->20568K(26124K)
[180.737s][info][gc             ] GC(1075) Pause Full (System.gc()) 281M->122M(989M) 157.382ms
[180.737s][info][gc,cpu         ] GC(1075) User=0.12s Sys=0.00s Real=0.16s
[180.803s][info][gc,start       ] GC(1076) Pause Young (Allocation Failure)
[180.803s][info][gc,task        ] GC(1076) Using 6 workers of 6 for evacuation
[180.805s][info][gc,heap        ] GC(1076) ParNew: 279616K->3658K(314560K)
[180.805s][info][gc,heap        ] GC(1076) CMS: 125558K->125558K(699072K)
[180.805s][info][gc,metaspace   ] GC(1076) Metaspace: 173152K(183896K)->173152K(183896K) NonClass: 152584K(157772K)->152584K(157772K) Class: 20568K(26124K)->20568K(26124K)
[180.805s][info][gc             ] GC(1076) Pause Young (Allocation Failure) 395M->126M(989M) 2.239ms
[180.805s][info][gc,cpu         ] GC(1076) User=0.00s Sys=0.00s Real=0.00s
[180.833s][info][gc,start       ] GC(1077) Pause Young (Allocation Failure)
[180.833s][info][gc,task        ] GC(1077) Using 6 workers of 6 for evacuation
[180.835s][info][gc,heap        ] GC(1077) ParNew: 283274K->1654K(314560K)
[180.835s][info][gc,heap        ] GC(1077) CMS: 125558K->125558K(699072K)
[180.835s][info][gc,metaspace   ] GC(1077) Metaspace: 173152K(183896K)->173152K(183896K) NonClass: 152584K(157772K)->152584K(157772K) Class: 20568K(26124K)->20568K(26124K)
[180.835s][info][gc             ] GC(1077) Pause Young (Allocation Failure) 399M->124M(989M) 2.020ms
[180.835s][info][gc,cpu         ] GC(1077) User=0.00s Sys=0.00s Real=0.00s
[180.907s][info][gc,start       ] GC(1078) Pause Young (Allocation Failure)
[180.907s][info][gc,task        ] GC(1078) Using 6 workers of 6 for evacuation
[180.910s][info][gc,heap        ] GC(1078) ParNew: 281270K->13311K(314560K)
[180.910s][info][gc,heap        ] GC(1078) CMS: 125558K->125558K(699072K)
[180.910s][info][gc,metaspace   ] GC(1078) Metaspace: 173152K(183896K)->173152K(183896K) NonClass: 152584K(157772K)->152584K(157772K) Class: 20568K(26124K)->20568K(26124K)
[180.910s][info][gc             ] GC(1078) Pause Young (Allocation Failure) 397M->135M(989M) 3.869ms
[180.910s][info][gc,cpu         ] GC(1078) User=0.02s Sys=0.00s Real=0.02s
[180.942s][info][gc,start       ] GC(1079) Pause Young (Allocation Failure)
[180.942s][info][gc,task        ] GC(1079) Using 6 workers of 6 for evacuation
[180.947s][info][gc,heap        ] GC(1079) ParNew: 292927K->27214K(314560K)
[180.947s][info][gc,heap        ] GC(1079) CMS: 125558K->125558K(699072K)
[180.947s][info][gc,metaspace   ] GC(1079) Metaspace: 173152K(183896K)->173152K(183896K) NonClass: 152584K(157772K)->152584K(157772K) Class: 20568K(26124K)->20568K(26124K)
[180.947s][info][gc             ] GC(1079) Pause Young (Allocation Failure) 408M->149M(989M) 4.836ms
[180.947s][info][gc,cpu         ] GC(1079) User=0.00s Sys=0.00s Real=0.00s
[180.977s][info][gc,start       ] GC(1080) Pause Young (Allocation Failure)
[180.977s][info][gc,task        ] GC(1080) Using 6 workers of 6 for evacuation
[180.984s][info][gc,heap        ] GC(1080) ParNew: 306830K->20806K(314560K)
[180.984s][info][gc,heap        ] GC(1080) CMS: 125558K->144640K(699072K)
[180.984s][info][gc,metaspace   ] GC(1080) Metaspace: 173152K(183896K)->173152K(183896K) NonClass: 152584K(157772K)->152584K(157772K) Class: 20568K(26124K)->20568K(26124K)
[180.985s][info][gc             ] GC(1080) Pause Young (Allocation Failure) 422M->161M(989M) 7.102ms
[180.985s][info][gc,cpu         ] GC(1080) User=0.00s Sys=0.00s Real=0.01s
[181.015s][info][gc,start       ] GC(1081) Pause Young (Allocation Failure)
[181.015s][info][gc,task        ] GC(1081) Using 6 workers of 6 for evacuation
[181.021s][info][gc,heap        ] GC(1081) ParNew: 300422K->20396K(314560K)
[181.021s][info][gc,heap        ] GC(1081) CMS: 144640K->158178K(699072K)
[181.021s][info][gc,metaspace   ] GC(1081) Metaspace: 173152K(183896K)->173152K(183896K) NonClass: 152584K(157772K)->152584K(157772K) Class: 20568K(26124K)->20568K(26124K)
[181.021s][info][gc             ] GC(1081) Pause Young (Allocation Failure) 434M->174M(989M) 6.296ms
[181.021s][info][gc,cpu         ] GC(1081) User=0.02s Sys=0.00s Real=0.01s
[181.051s][info][gc,start       ] GC(1082) Pause Young (Allocation Failure)
[181.051s][info][gc,task        ] GC(1082) Using 6 workers of 6 for evacuation
[181.058s][info][gc,heap        ] GC(1082) ParNew: 300012K->24683K(314560K)
[181.058s][info][gc,heap        ] GC(1082) CMS: 158178K->171522K(699072K)
[181.058s][info][gc,metaspace   ] GC(1082) Metaspace: 173152K(183896K)->173152K(183896K) NonClass: 152584K(157772K)->152584K(157772K) Class: 20568K(26124K)->20568K(26124K)
[181.058s][info][gc             ] GC(1082) Pause Young (Allocation Failure) 447M->191M(989M) 6.726ms
[181.058s][info][gc,cpu         ] GC(1082) User=0.00s Sys=0.00s Real=0.00s
[181.356s][info][gc,start       ] GC(1083) Pause Young (Allocation Failure)
[181.356s][info][gc,task        ] GC(1083) Using 6 workers of 6 for evacuation
[181.361s][info][gc,heap        ] GC(1083) ParNew: 304299K->13989K(314560K)
[181.361s][info][gc,heap        ] GC(1083) CMS: 171522K->184855K(699072K)
[181.361s][info][gc,metaspace   ] GC(1083) Metaspace: 173152K(183896K)->173152K(183896K) NonClass: 152584K(157772K)->152584K(157772K) Class: 20568K(26124K)->20568K(26124K)
[181.361s][info][gc             ] GC(1083) Pause Young (Allocation Failure) 464M->194M(989M) 5.188ms
[181.361s][info][gc,cpu         ] GC(1083) User=0.00s Sys=0.00s Real=0.00s
[181.717s][info][gc,start       ] GC(1084) Pause Young (Allocation Failure)
[181.717s][info][gc,task        ] GC(1084) Using 6 workers of 6 for evacuation
[181.720s][info][gc,heap        ] GC(1084) ParNew: 293583K->11689K(314560K)
[181.720s][info][gc,heap        ] GC(1084) CMS: 184855K->184855K(699072K)
[181.720s][info][gc,metaspace   ] GC(1084) Metaspace: 173152K(183896K)->173152K(183896K) NonClass: 152584K(157772K)->152584K(157772K) Class: 20568K(26124K)->20568K(26124K)
[181.720s][info][gc             ] GC(1084) Pause Young (Allocation Failure) 467M->191M(989M) 3.489ms
[181.720s][info][gc,cpu         ] GC(1084) User=0.00s Sys=0.00s Real=0.00s
[182.062s][info][gc,start       ] GC(1085) Pause Young (Allocation Failure)
[182.062s][info][gc,task        ] GC(1085) Using 6 workers of 6 for evacuation
[182.065s][info][gc,heap        ] GC(1085) ParNew: 287301K->9747K(314560K)
[182.065s][info][gc,heap        ] GC(1085) CMS: 184855K->184855K(699072K)
[182.065s][info][gc,metaspace   ] GC(1085) Metaspace: 173152K(183896K)->173152K(183896K) NonClass: 152584K(157772K)->152584K(157772K) Class: 20568K(26124K)->20568K(26124K)
[182.065s][info][gc             ] GC(1085) Pause Young (Allocation Failure) 461M->190M(989M) 3.032ms
[182.065s][info][gc,cpu         ] GC(1085) User=0.00s Sys=0.00s Real=0.00s
[182.192s][info][gc,start       ] GC(1086) Pause Full (System.gc())
[182.195s][info][gc,phases,start] GC(1086) Phase 1: Mark live objects
[182.274s][info][gc,phases      ] GC(1086) Phase 1: Mark live objects 79.854ms
[182.274s][info][gc,phases,start] GC(1086) Phase 2: Compute new object addresses
[182.296s][info][gc,phases      ] GC(1086) Phase 2: Compute new object addresses 21.048ms
[182.296s][info][gc,phases,start] GC(1086) Phase 3: Adjust pointers
[182.344s][info][gc,phases      ] GC(1086) Phase 3: Adjust pointers 48.362ms
[182.344s][info][gc,phases,start] GC(1086) Phase 4: Move objects
[182.346s][info][gc,phases      ] GC(1086) Phase 4: Move objects 2.200ms
[182.347s][info][gc,heap        ] GC(1086) ParNew: 103478K->0K(314560K)
[182.347s][info][gc,heap        ] GC(1086) CMS: 184855K->125916K(699072K)
[182.347s][info][gc,metaspace   ] GC(1086) Metaspace: 173152K(183896K)->173152K(183896K) NonClass: 152584K(157772K)->152584K(157772K) Class: 20568K(26124K)->20568K(26124K)
[182.347s][info][gc             ] GC(1086) Pause Full (System.gc()) 281M->122M(989M) 155.043ms
[182.347s][info][gc,cpu         ] GC(1086) User=0.16s Sys=0.00s Real=0.15s
[182.412s][info][gc,start       ] GC(1087) Pause Young (Allocation Failure)
[182.413s][info][gc,task        ] GC(1087) Using 6 workers of 6 for evacuation
[182.415s][info][gc,heap        ] GC(1087) ParNew: 279616K->2668K(314560K)
[182.415s][info][gc,heap        ] GC(1087) CMS: 125916K->125916K(699072K)
[182.415s][info][gc,metaspace   ] GC(1087) Metaspace: 173170K(183896K)->173170K(183896K) NonClass: 152602K(157772K)->152602K(157772K) Class: 20568K(26124K)->20568K(26124K)
[182.415s][info][gc             ] GC(1087) Pause Young (Allocation Failure) 396M->125M(989M) 2.300ms
[182.415s][info][gc,cpu         ] GC(1087) User=0.00s Sys=0.00s Real=0.00s
[182.443s][info][gc,start       ] GC(1088) Pause Young (Allocation Failure)
[182.443s][info][gc,task        ] GC(1088) Using 6 workers of 6 for evacuation
[182.445s][info][gc,heap        ] GC(1088) ParNew: 282284K->1682K(314560K)
[182.445s][info][gc,heap        ] GC(1088) CMS: 125916K->125916K(699072K)
[182.445s][info][gc,metaspace   ] GC(1088) Metaspace: 173170K(183896K)->173170K(183896K) NonClass: 152602K(157772K)->152602K(157772K) Class: 20568K(26124K)->20568K(26124K)
[182.445s][info][gc             ] GC(1088) Pause Young (Allocation Failure) 398M->124M(989M) 2.201ms
[182.445s][info][gc,cpu         ] GC(1088) User=0.00s Sys=0.00s Real=0.00s
[182.517s][info][gc,start       ] GC(1089) Pause Young (Allocation Failure)
[182.517s][info][gc,task        ] GC(1089) Using 6 workers of 6 for evacuation
[182.521s][info][gc,heap        ] GC(1089) ParNew: 281298K->13446K(314560K)
[182.521s][info][gc,heap        ] GC(1089) CMS: 125916K->125916K(699072K)
[182.521s][info][gc,metaspace   ] GC(1089) Metaspace: 173170K(183896K)->173170K(183896K) NonClass: 152602K(157772K)->152602K(157772K) Class: 20568K(26124K)->20568K(26124K)
[182.521s][info][gc             ] GC(1089) Pause Young (Allocation Failure) 397M->136M(989M) 3.961ms
[182.521s][info][gc,cpu         ] GC(1089) User=0.00s Sys=0.00s Real=0.00s
[182.553s][info][gc,start       ] GC(1090) Pause Young (Allocation Failure)
[182.553s][info][gc,task        ] GC(1090) Using 6 workers of 6 for evacuation
[182.558s][info][gc,heap        ] GC(1090) ParNew: 293062K->23993K(314560K)
[182.558s][info][gc,heap        ] GC(1090) CMS: 125916K->125916K(699072K)
[182.558s][info][gc,metaspace   ] GC(1090) Metaspace: 173170K(183896K)->173170K(183896K) NonClass: 152602K(157772K)->152602K(157772K) Class: 20568K(26124K)->20568K(26124K)
[182.558s][info][gc             ] GC(1090) Pause Young (Allocation Failure) 409M->146M(989M) 4.979ms
[182.558s][info][gc,cpu         ] GC(1090) User=0.00s Sys=0.00s Real=0.00s
[182.589s][info][gc,start       ] GC(1091) Pause Young (Allocation Failure)
[182.589s][info][gc,task        ] GC(1091) Using 6 workers of 6 for evacuation
[182.596s][info][gc,heap        ] GC(1091) ParNew: 303609K->21418K(314560K)
[182.596s][info][gc,heap        ] GC(1091) CMS: 125916K->145003K(699072K)
[182.596s][info][gc,metaspace   ] GC(1091) Metaspace: 173170K(183896K)->173170K(183896K) NonClass: 152602K(157772K)->152602K(157772K) Class: 20568K(26124K)->20568K(26124K)
[182.596s][info][gc             ] GC(1091) Pause Young (Allocation Failure) 419M->162M(989M) 7.505ms
[182.596s][info][gc,cpu         ] GC(1091) User=0.02s Sys=0.00s Real=0.00s
[182.627s][info][gc,start       ] GC(1092) Pause Young (Allocation Failure)
[182.627s][info][gc,task        ] GC(1092) Using 6 workers of 6 for evacuation
[182.634s][info][gc,heap        ] GC(1092) ParNew: 300362K->21777K(314560K)
[182.634s][info][gc,heap        ] GC(1092) CMS: 145003K->158546K(699072K)
[182.634s][info][gc,metaspace   ] GC(1092) Metaspace: 173170K(183896K)->173170K(183896K) NonClass: 152602K(157772K)->152602K(157772K) Class: 20568K(26124K)->20568K(26124K)
[182.634s][info][gc             ] GC(1092) Pause Young (Allocation Failure) 434M->176M(989M) 6.925ms
[182.634s][info][gc,cpu         ] GC(1092) User=0.00s Sys=0.00s Real=0.00s
[182.668s][info][gc,start       ] GC(1093) Pause Young (Allocation Failure)
[182.668s][info][gc,task        ] GC(1093) Using 6 workers of 6 for evacuation
[182.674s][info][gc,heap        ] GC(1093) ParNew: 301393K->23741K(314560K)
[182.674s][info][gc,heap        ] GC(1093) CMS: 158546K->171204K(699072K)
[182.674s][info][gc,metaspace   ] GC(1093) Metaspace: 173170K(183896K)->173170K(183896K) NonClass: 152602K(157772K)->152602K(157772K) Class: 20568K(26124K)->20568K(26124K)
[182.674s][info][gc             ] GC(1093) Pause Young (Allocation Failure) 449M->190M(989M) 6.163ms
[182.674s][info][gc,cpu         ] GC(1093) User=0.00s Sys=0.00s Real=0.02s
[182.959s][info][gc,start       ] GC(1094) Pause Young (Allocation Failure)
[182.959s][info][gc,task        ] GC(1094) Using 6 workers of 6 for evacuation
[182.964s][info][gc,heap        ] GC(1094) ParNew: 303357K->12824K(314560K)
[182.964s][info][gc,heap        ] GC(1094) CMS: 171204K->186673K(699072K)
[182.964s][info][gc,metaspace   ] GC(1094) Metaspace: 173170K(183896K)->173170K(183896K) NonClass: 152602K(157772K)->152602K(157772K) Class: 20568K(26124K)->20568K(26124K)
[182.964s][info][gc             ] GC(1094) Pause Young (Allocation Failure) 463M->194M(989M) 5.349ms
[182.964s][info][gc,cpu         ] GC(1094) User=0.00s Sys=0.00s Real=0.00s
[183.321s][info][gc,start       ] GC(1095) Pause Young (Allocation Failure)
[183.321s][info][gc,task        ] GC(1095) Using 6 workers of 6 for evacuation
[183.323s][info][gc,heap        ] GC(1095) ParNew: 288424K->9698K(314560K)
[183.323s][info][gc,heap        ] GC(1095) CMS: 186673K->186673K(699072K)
[183.323s][info][gc,metaspace   ] GC(1095) Metaspace: 173170K(183896K)->173170K(183896K) NonClass: 152602K(157772K)->152602K(157772K) Class: 20568K(26124K)->20568K(26124K)
[183.323s][info][gc             ] GC(1095) Pause Young (Allocation Failure) 463M->191M(989M) 2.537ms
[183.323s][info][gc,cpu         ] GC(1095) User=0.00s Sys=0.00s Real=0.00s
[183.678s][info][gc,start       ] GC(1096) Pause Young (Allocation Failure)
[183.679s][info][gc,task        ] GC(1096) Using 6 workers of 6 for evacuation
[183.681s][info][gc,heap        ] GC(1096) ParNew: 289314K->8110K(314560K)
[183.681s][info][gc,heap        ] GC(1096) CMS: 186673K->186673K(699072K)
[183.681s][info][gc,metaspace   ] GC(1096) Metaspace: 173170K(183896K)->173170K(183896K) NonClass: 152602K(157772K)->152602K(157772K) Class: 20568K(26124K)->20568K(26124K)
[183.681s][info][gc             ] GC(1096) Pause Young (Allocation Failure) 464M->190M(989M) 2.737ms
[183.681s][info][gc,cpu         ] GC(1096) User=0.00s Sys=0.00s Real=0.00s
[183.807s][info][gc,start       ] GC(1097) Pause Full (System.gc())
[183.810s][info][gc,phases,start] GC(1097) Phase 1: Mark live objects
[183.889s][info][gc,phases      ] GC(1097) Phase 1: Mark live objects 79.569ms
[183.889s][info][gc,phases,start] GC(1097) Phase 2: Compute new object addresses
[183.910s][info][gc,phases      ] GC(1097) Phase 2: Compute new object addresses 21.090ms
[183.910s][info][gc,phases,start] GC(1097) Phase 3: Adjust pointers
[183.959s][info][gc,phases      ] GC(1097) Phase 3: Adjust pointers 48.283ms
[183.959s][info][gc,phases,start] GC(1097) Phase 4: Move objects
[183.961s][info][gc,phases      ] GC(1097) Phase 4: Move objects 2.280ms
[183.962s][info][gc,heap        ] GC(1097) ParNew: 104255K->0K(314560K)
[183.962s][info][gc,heap        ] GC(1097) CMS: 186673K->125653K(699072K)
[183.962s][info][gc,metaspace   ] GC(1097) Metaspace: 173170K(183896K)->173170K(183896K) NonClass: 152602K(157772K)->152602K(157772K) Class: 20568K(26124K)->20568K(26124K)
[183.962s][info][gc             ] GC(1097) Pause Full (System.gc()) 284M->122M(989M) 154.781ms
[183.962s][info][gc,cpu         ] GC(1097) User=0.14s Sys=0.00s Real=0.16s
[184.027s][info][gc,start       ] GC(1098) Pause Young (Allocation Failure)
[184.027s][info][gc,task        ] GC(1098) Using 6 workers of 6 for evacuation
[184.029s][info][gc,heap        ] GC(1098) ParNew: 279616K->2134K(314560K)
[184.029s][info][gc,heap        ] GC(1098) CMS: 125653K->125653K(699072K)
[184.029s][info][gc,metaspace   ] GC(1098) Metaspace: 173170K(183896K)->173170K(183896K) NonClass: 152602K(157772K)->152602K(157772K) Class: 20568K(26124K)->20568K(26124K)
[184.029s][info][gc             ] GC(1098) Pause Young (Allocation Failure) 395M->124M(989M) 2.383ms
[184.029s][info][gc,cpu         ] GC(1098) User=0.00s Sys=0.00s Real=0.00s
[184.057s][info][gc,start       ] GC(1099) Pause Young (Allocation Failure)
[184.057s][info][gc,task        ] GC(1099) Using 6 workers of 6 for evacuation
[184.059s][info][gc,heap        ] GC(1099) ParNew: 281750K->1648K(314560K)
[184.059s][info][gc,heap        ] GC(1099) CMS: 125653K->125653K(699072K)
[184.059s][info][gc,metaspace   ] GC(1099) Metaspace: 173170K(183896K)->173170K(183896K) NonClass: 152602K(157772K)->152602K(157772K) Class: 20568K(26124K)->20568K(26124K)
[184.059s][info][gc             ] GC(1099) Pause Young (Allocation Failure) 397M->124M(989M) 2.132ms
[184.059s][info][gc,cpu         ] GC(1099) User=0.00s Sys=0.00s Real=0.00s
[184.133s][info][gc,start       ] GC(1100) Pause Young (Allocation Failure)
[184.133s][info][gc,task        ] GC(1100) Using 6 workers of 6 for evacuation
[184.137s][info][gc,heap        ] GC(1100) ParNew: 281264K->14946K(314560K)
[184.137s][info][gc,heap        ] GC(1100) CMS: 125653K->125653K(699072K)
[184.137s][info][gc,metaspace   ] GC(1100) Metaspace: 173170K(183896K)->173170K(183896K) NonClass: 152602K(157772K)->152602K(157772K) Class: 20568K(26124K)->20568K(26124K)
[184.137s][info][gc             ] GC(1100) Pause Young (Allocation Failure) 397M->137M(989M) 4.203ms
[184.137s][info][gc,cpu         ] GC(1100) User=0.00s Sys=0.00s Real=0.00s
[184.169s][info][gc,start       ] GC(1101) Pause Young (Allocation Failure)
[184.169s][info][gc,task        ] GC(1101) Using 6 workers of 6 for evacuation
[184.174s][info][gc,heap        ] GC(1101) ParNew: 294242K->25667K(314560K)
[184.174s][info][gc,heap        ] GC(1101) CMS: 125653K->125653K(699072K)
[184.174s][info][gc,metaspace   ] GC(1101) Metaspace: 173170K(183896K)->173170K(183896K) NonClass: 152602K(157772K)->152602K(157772K) Class: 20568K(26124K)->20568K(26124K)
[184.174s][info][gc             ] GC(1101) Pause Young (Allocation Failure) 410M->147M(989M) 5.235ms
[184.174s][info][gc,cpu         ] GC(1101) User=0.00s Sys=0.00s Real=0.00s
[184.205s][info][gc,start       ] GC(1102) Pause Young (Allocation Failure)
[184.205s][info][gc,task        ] GC(1102) Using 6 workers of 6 for evacuation
[184.212s][info][gc,heap        ] GC(1102) ParNew: 305283K->24453K(314560K)
[184.212s][info][gc,heap        ] GC(1102) CMS: 125653K->143716K(699072K)
[184.212s][info][gc,metaspace   ] GC(1102) Metaspace: 173170K(183896K)->173170K(183896K) NonClass: 152602K(157772K)->152602K(157772K) Class: 20568K(26124K)->20568K(26124K)
[184.212s][info][gc             ] GC(1102) Pause Young (Allocation Failure) 420M->164M(989M) 7.154ms
[184.212s][info][gc,cpu         ] GC(1102) User=0.02s Sys=0.00s Real=0.02s
[184.242s][info][gc,start       ] GC(1103) Pause Young (Allocation Failure)
[184.242s][info][gc,task        ] GC(1103) Using 6 workers of 6 for evacuation
[184.249s][info][gc,heap        ] GC(1103) ParNew: 304069K->19966K(314560K)
[184.249s][info][gc,heap        ] GC(1103) CMS: 143716K->158278K(699072K)
[184.249s][info][gc,metaspace   ] GC(1103) Metaspace: 173170K(183896K)->173170K(183896K) NonClass: 152602K(157772K)->152602K(157772K) Class: 20568K(26124K)->20568K(26124K)
[184.249s][info][gc             ] GC(1103) Pause Young (Allocation Failure) 437M->174M(989M) 6.311ms
[184.249s][info][gc,cpu         ] GC(1103) User=0.00s Sys=0.00s Real=0.00s
[184.279s][info][gc,start       ] GC(1104) Pause Young (Allocation Failure)
[184.279s][info][gc,task        ] GC(1104) Using 6 workers of 6 for evacuation
[184.285s][info][gc,heap        ] GC(1104) ParNew: 299390K->28688K(314560K)
[184.285s][info][gc,heap        ] GC(1104) CMS: 158278K->171952K(699072K)
[184.285s][info][gc,metaspace   ] GC(1104) Metaspace: 173170K(183896K)->173170K(183896K) NonClass: 152602K(157772K)->152602K(157772K) Class: 20568K(26124K)->20568K(26124K)
[184.285s][info][gc             ] GC(1104) Pause Young (Allocation Failure) 446M->195M(989M) 6.694ms
[184.285s][info][gc,cpu         ] GC(1104) User=0.00s Sys=0.00s Real=0.00s
[184.567s][info][gc,start       ] GC(1105) Pause Young (Allocation Failure)
[184.567s][info][gc,task        ] GC(1105) Using 6 workers of 6 for evacuation
[184.572s][info][gc,heap        ] GC(1105) ParNew: 308304K->12710K(314560K)
[184.572s][info][gc,heap        ] GC(1105) CMS: 171952K->184949K(699072K)
[184.572s][info][gc,metaspace   ] GC(1105) Metaspace: 173170K(183896K)->173170K(183896K) NonClass: 152602K(157772K)->152602K(157772K) Class: 20568K(26124K)->20568K(26124K)
[184.572s][info][gc             ] GC(1105) Pause Young (Allocation Failure) 469M->193M(989M) 4.686ms
[184.572s][info][gc,cpu         ] GC(1105) User=0.02s Sys=0.00s Real=0.02s
[184.928s][info][gc,start       ] GC(1106) Pause Young (Allocation Failure)
[184.928s][info][gc,task        ] GC(1106) Using 6 workers of 6 for evacuation
[184.931s][info][gc,heap        ] GC(1106) ParNew: 289167K->12107K(314560K)
[184.931s][info][gc,heap        ] GC(1106) CMS: 184949K->184949K(699072K)
[184.931s][info][gc,metaspace   ] GC(1106) Metaspace: 173170K(183896K)->173170K(183896K) NonClass: 152602K(157772K)->152602K(157772K) Class: 20568K(26124K)->20568K(26124K)
[184.931s][info][gc             ] GC(1106) Pause Young (Allocation Failure) 463M->192M(989M) 3.007ms
[184.931s][info][gc,cpu         ] GC(1106) User=0.02s Sys=0.00s Real=0.01s
[185.282s][info][gc,start       ] GC(1107) Pause Young (Allocation Failure)
[185.282s][info][gc,task        ] GC(1107) Using 6 workers of 6 for evacuation
[185.285s][info][gc,heap        ] GC(1107) ParNew: 291227K->10076K(314560K)
[185.285s][info][gc,heap        ] GC(1107) CMS: 184949K->184949K(699072K)
[185.285s][info][gc,metaspace   ] GC(1107) Metaspace: 173170K(183896K)->173170K(183896K) NonClass: 152602K(157772K)->152602K(157772K) Class: 20568K(26124K)->20568K(26124K)
[185.285s][info][gc             ] GC(1107) Pause Young (Allocation Failure) 465M->190M(989M) 2.880ms
[185.285s][info][gc,cpu         ] GC(1107) User=0.00s Sys=0.00s Real=0.00s
[185.412s][info][gc,start       ] GC(1108) Pause Full (System.gc())
[185.415s][info][gc,phases,start] GC(1108) Phase 1: Mark live objects
[185.495s][info][gc,phases      ] GC(1108) Phase 1: Mark live objects 80.227ms
[185.495s][info][gc,phases,start] GC(1108) Phase 2: Compute new object addresses
[185.516s][info][gc,phases      ] GC(1108) Phase 2: Compute new object addresses 21.449ms
[185.516s][info][gc,phases,start] GC(1108) Phase 3: Adjust pointers
[185.565s][info][gc,phases      ] GC(1108) Phase 3: Adjust pointers 48.482ms
[185.565s][info][gc,phases,start] GC(1108) Phase 4: Move objects
[185.567s][info][gc,phases      ] GC(1108) Phase 4: Move objects 2.287ms
[185.568s][info][gc,heap        ] GC(1108) ParNew: 105731K->0K(314560K)
[185.568s][info][gc,heap        ] GC(1108) CMS: 184949K->126007K(699072K)
[185.568s][info][gc,metaspace   ] GC(1108) Metaspace: 173170K(183896K)->173170K(183896K) NonClass: 152602K(157772K)->152602K(157772K) Class: 20568K(26124K)->20568K(26124K)
[185.568s][info][gc             ] GC(1108) Pause Full (System.gc()) 283M->123M(989M) 156.194ms
[185.568s][info][gc,cpu         ] GC(1108) User=0.16s Sys=0.00s Real=0.16s
[185.640s][info][gc,start       ] GC(1109) Pause Young (Allocation Failure)
[185.640s][info][gc,task        ] GC(1109) Using 6 workers of 6 for evacuation
[185.642s][info][gc,heap        ] GC(1109) ParNew: 279616K->3615K(314560K)
[185.642s][info][gc,heap        ] GC(1109) CMS: 126007K->126007K(699072K)
[185.642s][info][gc,metaspace   ] GC(1109) Metaspace: 173170K(183896K)->173170K(183896K) NonClass: 152602K(157772K)->152602K(157772K) Class: 20568K(26124K)->20568K(26124K)
[185.642s][info][gc             ] GC(1109) Pause Young (Allocation Failure) 396M->126M(989M) 1.859ms
[185.642s][info][gc,cpu         ] GC(1109) User=0.00s Sys=0.00s Real=0.00s
[185.673s][info][gc,start       ] GC(1110) Pause Young (Allocation Failure)
[185.673s][info][gc,task        ] GC(1110) Using 6 workers of 6 for evacuation
[185.675s][info][gc,heap        ] GC(1110) ParNew: 283231K->1767K(314560K)
[185.675s][info][gc,heap        ] GC(1110) CMS: 126007K->126007K(699072K)
[185.675s][info][gc,metaspace   ] GC(1110) Metaspace: 173170K(183896K)->173170K(183896K) NonClass: 152602K(157772K)->152602K(157772K) Class: 20568K(26124K)->20568K(26124K)
[185.675s][info][gc             ] GC(1110) Pause Young (Allocation Failure) 399M->124M(989M) 1.733ms
[185.675s][info][gc,cpu         ] GC(1110) User=0.00s Sys=0.00s Real=0.00s
[185.759s][info][gc,start       ] GC(1111) Pause Young (Allocation Failure)
[185.759s][info][gc,task        ] GC(1111) Using 6 workers of 6 for evacuation
[185.763s][info][gc,heap        ] GC(1111) ParNew: 281383K->13356K(314560K)
[185.763s][info][gc,heap        ] GC(1111) CMS: 126007K->126007K(699072K)
[185.763s][info][gc,metaspace   ] GC(1111) Metaspace: 173170K(183896K)->173170K(183896K) NonClass: 152602K(157772K)->152602K(157772K) Class: 20568K(26124K)->20568K(26124K)
[185.763s][info][gc             ] GC(1111) Pause Young (Allocation Failure) 397M->136M(989M) 3.729ms
[185.763s][info][gc,cpu         ] GC(1111) User=0.02s Sys=0.00s Real=0.00s
[185.794s][info][gc,start       ] GC(1112) Pause Young (Allocation Failure)
[185.794s][info][gc,task        ] GC(1112) Using 6 workers of 6 for evacuation
[185.799s][info][gc,heap        ] GC(1112) ParNew: 292972K->23696K(314560K)
[185.799s][info][gc,heap        ] GC(1112) CMS: 126007K->126007K(699072K)
[185.799s][info][gc,metaspace   ] GC(1112) Metaspace: 173170K(183896K)->173170K(183896K) NonClass: 152602K(157772K)->152602K(157772K) Class: 20568K(26124K)->20568K(26124K)
[185.799s][info][gc             ] GC(1112) Pause Young (Allocation Failure) 409M->146M(989M) 4.462ms
[185.799s][info][gc,cpu         ] GC(1112) User=0.00s Sys=0.00s Real=0.00s
[185.829s][info][gc,start       ] GC(1113) Pause Young (Allocation Failure)
[185.829s][info][gc,task        ] GC(1113) Using 6 workers of 6 for evacuation
[185.836s][info][gc,heap        ] GC(1113) ParNew: 303312K->19148K(314560K)
[185.836s][info][gc,heap        ] GC(1113) CMS: 126007K->145501K(699072K)
[185.836s][info][gc,metaspace   ] GC(1113) Metaspace: 173170K(183896K)->173170K(183896K) NonClass: 152602K(157772K)->152602K(157772K) Class: 20568K(26124K)->20568K(26124K)
[185.836s][info][gc             ] GC(1113) Pause Young (Allocation Failure) 419M->160M(989M) 7.381ms
[185.836s][info][gc,cpu         ] GC(1113) User=0.00s Sys=0.00s Real=0.00s
[185.868s][info][gc,start       ] GC(1114) Pause Young (Allocation Failure)
[185.868s][info][gc,task        ] GC(1114) Using 6 workers of 6 for evacuation
[185.874s][info][gc,heap        ] GC(1114) ParNew: 298764K->21240K(314560K)
[185.874s][info][gc,heap        ] GC(1114) CMS: 145501K->158488K(699072K)
[185.874s][info][gc,metaspace   ] GC(1114) Metaspace: 173170K(183896K)->173170K(183896K) NonClass: 152602K(157772K)->152602K(157772K) Class: 20568K(26124K)->20568K(26124K)
[185.874s][info][gc             ] GC(1114) Pause Young (Allocation Failure) 433M->175M(989M) 6.279ms
[185.874s][info][gc,cpu         ] GC(1114) User=0.02s Sys=0.00s Real=0.02s
[185.904s][info][gc,start       ] GC(1115) Pause Young (Allocation Failure)
[185.904s][info][gc,task        ] GC(1115) Using 6 workers of 6 for evacuation
[185.910s][info][gc,heap        ] GC(1115) ParNew: 300837K->23624K(314560K)
[185.910s][info][gc,heap        ] GC(1115) CMS: 158488K->172043K(699072K)
[185.910s][info][gc,metaspace   ] GC(1115) Metaspace: 173170K(183896K)->173170K(183896K) NonClass: 152602K(157772K)->152602K(157772K) Class: 20568K(26124K)->20568K(26124K)
[185.910s][info][gc             ] GC(1115) Pause Young (Allocation Failure) 448M->191M(989M) 6.150ms
[185.910s][info][gc,cpu         ] GC(1115) User=0.00s Sys=0.00s Real=0.00s
[186.198s][info][gc,start       ] GC(1116) Pause Young (Allocation Failure)
[186.199s][info][gc,task        ] GC(1116) Using 6 workers of 6 for evacuation
[186.203s][info][gc,heap        ] GC(1116) ParNew: 303240K->13561K(314560K)
[186.203s][info][gc,heap        ] GC(1116) CMS: 172043K->185717K(699072K)
[186.203s][info][gc,metaspace   ] GC(1116) Metaspace: 173170K(183896K)->173170K(183896K) NonClass: 152602K(157772K)->152602K(157772K) Class: 20568K(26124K)->20568K(26124K)
[186.203s][info][gc             ] GC(1116) Pause Young (Allocation Failure) 464M->194M(989M) 4.601ms
[186.203s][info][gc,cpu         ] GC(1116) User=0.02s Sys=0.00s Real=0.01s
[186.556s][info][gc,start       ] GC(1117) Pause Young (Allocation Failure)
[186.556s][info][gc,task        ] GC(1117) Using 6 workers of 6 for evacuation
[186.559s][info][gc,heap        ] GC(1117) ParNew: 293177K->10031K(314560K)
[186.559s][info][gc,heap        ] GC(1117) CMS: 185717K->185717K(699072K)
[186.559s][info][gc,metaspace   ] GC(1117) Metaspace: 173170K(183896K)->173170K(183896K) NonClass: 152602K(157772K)->152602K(157772K) Class: 20568K(26124K)->20568K(26124K)
[186.559s][info][gc             ] GC(1117) Pause Young (Allocation Failure) 467M->191M(989M) 3.200ms
[186.559s][info][gc,cpu         ] GC(1117) User=0.00s Sys=0.00s Real=0.00s
[186.899s][info][gc,start       ] GC(1118) Pause Young (Allocation Failure)
[186.899s][info][gc,task        ] GC(1118) Using 6 workers of 6 for evacuation
[186.901s][info][gc,heap        ] GC(1118) ParNew: 285578K->10884K(314560K)
[186.901s][info][gc,heap        ] GC(1118) CMS: 185717K->185717K(699072K)
[186.901s][info][gc,metaspace   ] GC(1118) Metaspace: 173170K(183896K)->173170K(183896K) NonClass: 152602K(157772K)->152602K(157772K) Class: 20568K(26124K)->20568K(26124K)
[186.901s][info][gc             ] GC(1118) Pause Young (Allocation Failure) 460M->191M(989M) 2.561ms
[186.902s][info][gc,cpu         ] GC(1118) User=0.00s Sys=0.00s Real=0.00s
[187.117s][info][gc,heap,exit   ] Heap
[187.117s][info][gc,heap,exit   ]  par new generation   total 314560K, used 136619K [0x00000000c0000000, 0x00000000d5550000, 0x00000000d5550000)
[187.117s][info][gc,heap,exit   ]   eden space 279616K,  44% used [0x00000000c0000000, 0x00000000c7ac9bd8, 0x00000000d1110000)
[187.117s][info][gc,heap,exit   ]   from space 34944K,  31% used [0x00000000d1110000, 0x00000000d1bb1268, 0x00000000d3330000)
[187.117s][info][gc,heap,exit   ]   to   space 34944K,   0% used [0x00000000d3330000, 0x00000000d3330000, 0x00000000d5550000)
[187.117s][info][gc,heap,exit   ]  concurrent mark-sweep generation total 699072K, used 185717K [0x00000000d5550000, 0x0000000100000000, 0x0000000100000000)
[187.117s][info][gc,heap,exit   ]  Metaspace       used 173670K, capacity 182049K, committed 184152K, reserved 1208320K
[187.117s][info][gc,heap,exit   ]   class space    used 20681K, capacity 24516K, committed 26124K, reserved 1048576K
