OpenJDK 64-Bit Server VM (25.422-b05) for windows-amd64 JRE (1.8.0_422-422-b05), built on Jul 18 2024 05:34:18 by "Administrator" with MS VC++ 16.10 / 16.11 (VS2019)
Memory: 4k page, physical 15965620k(11044040k free), swap 19635636k(13237492k free)
CommandLine flags: -XX:InitialHeapSize=838860800 -XX:MaxHeapSize=838860800 -XX:+PrintGC -XX:+PrintGCApplicationConcurrentTime -XX:+PrintGCApplicationStoppedTime -XX:+PrintGCDateStamps -XX:+PrintGCDetails -XX:+PrintGCTimeStamps -XX:+UnlockExperimentalVMOptions -XX:+UseCompressedClassPointers -XX:+UseCompressedOops -XX:-UseLargePagesIndividualAllocation -XX:+UseSerialGC 
2024-10-01T15:20:37.413+0300: 0.142: Application time: 0.0423026 seconds
2024-10-01T15:20:37.413+0300: 0.143: Total time for which application threads were stopped: 0.0001474 seconds, Stopping threads took: 0.0000576 seconds
2024-10-01T15:20:37.821+0300: 0.552: Application time: 0.4088834 seconds
2024-10-01T15:20:37.821+0300: 0.552: [Full GC (System.gc()) 2024-10-01T15:20:37.821+0300: 0.552: [Tenured: 0K->3705K(546176K), 0.0222609 secs] 26227K->3705K(791936K), [Metaspace: 7075K->7075K(1056768K)], 0.0226116 secs] [Times: user=0.00 sys=0.00, real=0.03 secs] 
2024-10-01T15:20:37.853+0300: 0.575: Total time for which application threads were stopped: 0.0229808 seconds, Stopping threads took: 0.0000708 seconds
2024-10-01T15:20:37.853+0300: 0.575: Application time: 0.0001793 seconds
2024-10-01T15:20:37.853+0300: 0.575: [Full GC (System.gc()) 2024-10-01T15:20:37.853+0300: 0.575: [Tenured: 3705K->3705K(546176K), 0.0135301 secs] 3705K->3705K(791936K), [Metaspace: 7075K->7075K(1056768K)], 0.0136369 secs] [Times: user=0.00 sys=0.00, real=0.00 secs] 
2024-10-01T15:20:37.853+0300: 0.589: Total time for which application threads were stopped: 0.0138666 seconds, Stopping threads took: 0.0001055 seconds
2024-10-01T15:20:38.872+0300: 1.592: Application time: 1.0034284 seconds
2024-10-01T15:20:38.872+0300: 1.592: Total time for which application threads were stopped: 0.0003162 seconds, Stopping threads took: 0.0002315 seconds
2024-10-01T15:20:39.876+0300: 2.596: Application time: 1.0037116 seconds
2024-10-01T15:20:39.876+0300: 2.596: Total time for which application threads were stopped: 0.0003373 seconds, Stopping threads took: 0.0002749 seconds
2024-10-01T15:20:41.429+0300: 4.150: Application time: 1.5533756 seconds
2024-10-01T15:20:41.429+0300: 4.150: Total time for which application threads were stopped: 0.0004487 seconds, Stopping threads took: 0.0003226 seconds
2024-10-01T15:20:41.445+0300: 4.169: Application time: 0.0189097 seconds
2024-10-01T15:20:41.445+0300: 4.169: [GC (Allocation Failure) 2024-10-01T15:20:41.445+0300: 4.169: [DefNew: 218285K->27263K(245760K), 0.0356237 secs] 221990K->62688K(791936K), 0.0357277 secs] [Times: user=0.00 sys=0.00, real=0.03 secs] 
2024-10-01T15:20:41.476+0300: 4.205: Total time for which application threads were stopped: 0.0360881 seconds, Stopping threads took: 0.0002213 seconds
2024-10-01T15:20:43.485+0300: 6.205: Application time: 2.0002814 seconds
2024-10-01T15:20:43.485+0300: 6.206: Total time for which application threads were stopped: 0.0003378 seconds, Stopping threads took: 0.0002763 seconds
2024-10-01T15:20:46.485+0300: 9.206: Application time: 2.9999548 seconds
2024-10-01T15:20:46.485+0300: 9.206: [GC (Allocation Failure) 2024-10-01T15:20:46.486+0300: 9.206: [DefNew: 245756K->1601K(245760K), 0.0167810 secs] 281180K->62825K(791936K), 0.0168796 secs] [Times: user=0.00 sys=0.00, real=0.02 secs] 
2024-10-01T15:20:46.502+0300: 9.223: Total time for which application threads were stopped: 0.0172406 seconds, Stopping threads took: 0.0002163 seconds
2024-10-01T15:20:51.567+0300: 14.291: Application time: 5.0683845 seconds
2024-10-01T15:20:51.567+0300: 14.292: [GC (Allocation Failure) 2024-10-01T15:20:51.567+0300: 14.292: [DefNew: 220062K->1737K(245760K), 0.0011280 secs] 281286K->62962K(791936K), 0.0012211 secs] [Times: user=0.00 sys=0.00, real=0.00 secs] 
2024-10-01T15:20:51.567+0300: 14.293: Total time for which application threads were stopped: 0.0015727 seconds, Stopping threads took: 0.0001990 seconds
2024-10-01T15:20:55.505+0300: 18.232: Application time: 3.9390988 seconds
2024-10-01T15:20:55.505+0300: 18.233: Total time for which application threads were stopped: 0.0004796 seconds, Stopping threads took: 0.0004313 seconds
2024-10-01T15:20:56.824+0300: 19.548: Application time: 1.3157085 seconds
2024-10-01T15:20:56.824+0300: 19.549: [GC (Allocation Failure) 2024-10-01T15:20:56.824+0300: 19.549: [DefNew: 220183K->1882K(245760K), 0.0011658 secs] 281407K->63106K(791936K), 0.0013438 secs] [Times: user=0.00 sys=0.00, real=0.00 secs] 
2024-10-01T15:20:56.824+0300: 19.550: Total time for which application threads were stopped: 0.0016453 seconds, Stopping threads took: 0.0001626 seconds
2024-10-01T15:21:01.862+0300: 24.593: Application time: 5.0428994 seconds
2024-10-01T15:21:01.862+0300: 24.593: [GC (Allocation Failure) 2024-10-01T15:21:01.862+0300: 24.593: [DefNew: 220317K->2206K(245760K), 0.0009895 secs] 281541K->63431K(791936K), 0.0010709 secs] [Times: user=0.00 sys=0.00, real=0.00 secs] 
2024-10-01T15:21:01.862+0300: 24.594: Total time for which application threads were stopped: 0.0014017 seconds, Stopping threads took: 0.0001871 seconds
2024-10-01T15:21:06.776+0300: 29.504: Application time: 4.9093107 seconds
2024-10-01T15:21:06.776+0300: 29.504: [GC (Allocation Failure) 2024-10-01T15:21:06.776+0300: 29.504: [DefNew: 220660K->2478K(245760K), 0.0014727 secs] 281884K->63702K(791936K), 0.0015806 secs] [Times: user=0.00 sys=0.00, real=0.00 secs] 
2024-10-01T15:21:06.776+0300: 29.506: Total time for which application threads were stopped: 0.0019925 seconds, Stopping threads took: 0.0002634 seconds
2024-10-01T15:21:11.877+0300: 34.602: Application time: 5.0961020 seconds
2024-10-01T15:21:11.877+0300: 34.602: [GC (Allocation Failure) 2024-10-01T15:21:11.877+0300: 34.602: [DefNew: 220974K->1815K(245760K), 0.0009964 secs] 282198K->63039K(791936K), 0.0010914 secs] [Times: user=0.00 sys=0.00, real=0.00 secs] 
2024-10-01T15:21:11.877+0300: 34.603: Total time for which application threads were stopped: 0.0014542 seconds, Stopping threads took: 0.0002206 seconds
2024-10-01T15:21:12.882+0300: 35.602: Application time: 0.9989301 seconds
2024-10-01T15:21:12.882+0300: 35.602: Total time for which application threads were stopped: 0.0003133 seconds, Stopping threads took: 0.0002362 seconds
2024-10-01T15:21:14.892+0300: 37.612: Application time: 2.0095927 seconds
2024-10-01T15:21:14.892+0300: 37.612: Total time for which application threads were stopped: 0.0003244 seconds, Stopping threads took: 0.0002386 seconds
2024-10-01T15:21:16.853+0300: 39.583: Application time: 1.9704184 seconds
2024-10-01T15:21:16.853+0300: 39.583: [GC (Allocation Failure) 2024-10-01T15:21:16.853+0300: 39.583: [DefNew: 220216K->2211K(245760K), 0.0011405 secs] 281440K->63435K(791936K), 0.0012389 secs] [Times: user=0.00 sys=0.00, real=0.00 secs] 
2024-10-01T15:21:16.853+0300: 39.584: Total time for which application threads were stopped: 0.0016339 seconds, Stopping threads took: 0.0002420 seconds
2024-10-01T15:21:21.921+0300: 44.648: Application time: 5.0632555 seconds
2024-10-01T15:21:21.921+0300: 44.648: [GC (Allocation Failure) 2024-10-01T15:21:21.921+0300: 44.648: [DefNew: 220558K->1817K(245760K), 0.0011699 secs] 281782K->63041K(791936K), 0.0012624 secs] [Times: user=0.00 sys=0.00, real=0.00 secs] 
2024-10-01T15:21:21.921+0300: 44.649: Total time for which application threads were stopped: 0.0016093 seconds, Stopping threads took: 0.0002001 seconds
2024-10-01T15:21:27.021+0300: 49.749: Application time: 5.0999291 seconds
2024-10-01T15:21:27.021+0300: 49.749: [GC (Allocation Failure) 2024-10-01T15:21:27.021+0300: 49.750: [DefNew: 220313K->2016K(245760K), 0.0010771 secs] 281537K->63240K(791936K), 0.0011575 secs] [Times: user=0.00 sys=0.00, real=0.00 secs] 
2024-10-01T15:21:27.021+0300: 49.751: Total time for which application threads were stopped: 0.0014811 seconds, Stopping threads took: 0.0001688 seconds
2024-10-01T15:21:32.044+0300: 54.764: Application time: 5.0132543 seconds
2024-10-01T15:21:32.044+0300: 54.764: Total time for which application threads were stopped: 0.0003861 seconds, Stopping threads took: 0.0003216 seconds
2024-10-01T15:21:32.044+0300: 54.776: Application time: 0.0117398 seconds
2024-10-01T15:21:32.044+0300: 54.776: [GC (Allocation Failure) 2024-10-01T15:21:32.044+0300: 54.776: [DefNew: 220512K->2287K(245760K), 0.0012267 secs] 281736K->63511K(791936K), 0.0013437 secs] [Times: user=0.00 sys=0.00, real=0.00 secs] 
2024-10-01T15:21:32.044+0300: 54.778: Total time for which application threads were stopped: 0.0016828 seconds, Stopping threads took: 0.0001929 seconds
2024-10-01T15:21:34.053+0300: 56.773: Application time: 1.9950733 seconds
2024-10-01T15:21:34.053+0300: 56.773: Total time for which application threads were stopped: 0.0003273 seconds, Stopping threads took: 0.0002580 seconds
2024-10-01T15:21:37.161+0300: 59.883: Application time: 3.1100341 seconds
2024-10-01T15:21:37.161+0300: 59.884: [GC (Allocation Failure) 2024-10-01T15:21:37.161+0300: 59.884: [DefNew: 220722K->1821K(245760K), 0.0009607 secs] 281946K->63045K(791936K), 0.0010456 secs] [Times: user=0.00 sys=0.00, real=0.00 secs] 
2024-10-01T15:21:37.161+0300: 59.885: Total time for which application threads were stopped: 0.0014152 seconds, Stopping threads took: 0.0002246 seconds
2024-10-01T15:21:42.107+0300: 64.828: Application time: 4.9432144 seconds
2024-10-01T15:21:42.107+0300: 64.828: [GC (Allocation Failure) 2024-10-01T15:21:42.107+0300: 64.828: [DefNew: 220194K->2091K(245760K), 0.0010113 secs] 281419K->63316K(791936K), 0.0010985 secs] [Times: user=0.00 sys=0.00, real=0.00 secs] 
2024-10-01T15:21:42.107+0300: 64.829: Total time for which application threads were stopped: 0.0014196 seconds, Stopping threads took: 0.0001850 seconds
2024-10-01T15:21:47.097+0300: 69.829: Application time: 4.9998343 seconds
2024-10-01T15:21:47.097+0300: 69.829: [GC (Allocation Failure) 2024-10-01T15:21:47.097+0300: 69.829: [DefNew: 220557K->1625K(245760K), 0.0011193 secs] 281782K->62850K(791936K), 0.0012081 secs] [Times: user=0.00 sys=0.00, real=0.00 secs] 
2024-10-01T15:21:47.097+0300: 69.831: Total time for which application threads were stopped: 0.0015496 seconds, Stopping threads took: 0.0002070 seconds
2024-10-01T15:21:51.115+0300: 73.836: Application time: 4.0050634 seconds
2024-10-01T15:21:51.115+0300: 73.836: Total time for which application threads were stopped: 0.0004474 seconds, Stopping threads took: 0.0003546 seconds
2024-10-01T15:21:52.152+0300: 74.880: Application time: 1.0433343 seconds
2024-10-01T15:21:52.152+0300: 74.880: [GC (Allocation Failure) 2024-10-01T15:21:52.152+0300: 74.880: [DefNew: 220099K->1429K(245760K), 0.0009616 secs] 281324K->62653K(791936K), 0.0010491 secs] [Times: user=0.00 sys=0.00, real=0.00 secs] 
2024-10-01T15:21:52.152+0300: 74.881: Total time for which application threads were stopped: 0.0014039 seconds, Stopping threads took: 0.0002095 seconds
2024-10-01T15:21:57.127+0300: 79.856: Application time: 4.9746408 seconds
2024-10-01T15:21:57.127+0300: 79.856: [GC (Allocation Failure) 2024-10-01T15:21:57.127+0300: 79.856: [DefNew: 219832K->2023K(245760K), 0.0010985 secs] 281056K->63248K(791936K), 0.0011904 secs] [Times: user=0.00 sys=0.00, real=0.00 secs] 
2024-10-01T15:21:57.127+0300: 79.857: Total time for which application threads were stopped: 0.0015052 seconds, Stopping threads took: 0.0001754 seconds
2024-10-01T15:22:02.197+0300: 84.924: Application time: 5.0672114 seconds
2024-10-01T15:22:02.197+0300: 84.925: [GC (Allocation Failure) 2024-10-01T15:22:02.197+0300: 84.925: [DefNew: 220519K->1628K(245760K), 0.0010361 secs] 281744K->62853K(791936K), 0.0011288 secs] [Times: user=0.00 sys=0.00, real=0.00 secs] 
2024-10-01T15:22:02.197+0300: 84.926: Total time for which application threads were stopped: 0.0014923 seconds, Stopping threads took: 0.0002202 seconds
2024-10-01T15:22:07.220+0300: 89.941: Application time: 5.0153472 seconds
2024-10-01T15:22:07.220+0300: 89.941: [GC (Allocation Failure) 2024-10-01T15:22:07.220+0300: 89.941: [DefNew: 220124K->2292K(245760K), 0.0011816 secs] 281349K->63520K(791936K), 0.0012777 secs] [Times: user=0.00 sys=0.00, real=0.00 secs] 
2024-10-01T15:22:07.220+0300: 89.943: Total time for which application threads were stopped: 0.0016443 seconds, Stopping threads took: 0.0002225 seconds
2024-10-01T15:22:12.257+0300: 94.979: Application time: 5.0360909 seconds
2024-10-01T15:22:12.257+0300: 94.979: [GC (Allocation Failure) 2024-10-01T15:22:12.257+0300: 94.979: [DefNew: 220788K->2014K(245760K), 0.0010590 secs] 282016K->63251K(791936K), 0.0011474 secs] [Times: user=0.00 sys=0.00, real=0.00 secs] 
2024-10-01T15:22:12.257+0300: 94.980: Total time for which application threads were stopped: 0.0014916 seconds, Stopping threads took: 0.0002037 seconds
2024-10-01T15:22:17.265+0300: 99.997: Application time: 5.0170757 seconds
2024-10-01T15:22:17.265+0300: 99.998: [GC (Allocation Failure) 2024-10-01T15:22:17.265+0300: 99.998: [DefNew: 220486K->2347K(245760K), 0.0010625 secs] 281723K->63585K(791936K), 0.0011481 secs] [Times: user=0.00 sys=0.00, real=0.00 secs] 
2024-10-01T15:22:17.265+0300: 99.999: Total time for which application threads were stopped: 0.0015008 seconds, Stopping threads took: 0.0002161 seconds
2024-10-01T15:22:22.272+0300: 105.006: Application time: 5.0074392 seconds
2024-10-01T15:22:22.272+0300: 105.007: [GC (Allocation Failure) 2024-10-01T15:22:22.272+0300: 105.007: [DefNew: 220814K->1816K(245760K), 0.0010189 secs] 282052K->63056K(791936K), 0.0011127 secs] [Times: user=0.00 sys=0.00, real=0.02 secs] 
2024-10-01T15:22:22.288+0300: 105.008: Total time for which application threads were stopped: 0.0014496 seconds, Stopping threads took: 0.0001939 seconds
2024-10-01T15:22:23.293+0300: 106.013: Application time: 1.0049461 seconds
2024-10-01T15:22:23.293+0300: 106.013: Total time for which application threads were stopped: 0.0003030 seconds, Stopping threads took: 0.0002384 seconds
2024-10-01T15:22:27.273+0300: 109.994: Application time: 3.9813286 seconds
2024-10-01T15:22:27.273+0300: 109.995: [GC (Allocation Failure) 2024-10-01T15:22:27.273+0300: 109.995: [DefNew: 220265K->2149K(245760K), 0.0010916 secs] 281505K->63390K(791936K), 0.0011820 secs] [Times: user=0.00 sys=0.00, real=0.00 secs] 
2024-10-01T15:22:27.275+0300: 109.996: Total time for which application threads were stopped: 0.0015131 seconds, Stopping threads took: 0.0001809 seconds
2024-10-01T15:22:30.295+0300: 113.015: Application time: 3.0191998 seconds
2024-10-01T15:22:30.295+0300: 113.016: Total time for which application threads were stopped: 0.0003434 seconds, Stopping threads took: 0.0002554 seconds
2024-10-01T15:22:32.320+0300: 115.042: Application time: 2.0263947 seconds
2024-10-01T15:22:32.320+0300: 115.042: [GC (Allocation Failure) 2024-10-01T15:22:32.320+0300: 115.042: [DefNew: 220594K->1690K(245760K), 0.0009795 secs] 281835K->62933K(791936K), 0.0010717 secs] [Times: user=0.00 sys=0.00, real=0.00 secs] 
2024-10-01T15:22:32.322+0300: 115.043: Total time for which application threads were stopped: 0.0013829 seconds, Stopping threads took: 0.0001647 seconds
2024-10-01T15:22:37.392+0300: 120.116: Application time: 5.0730974 seconds
2024-10-01T15:22:37.392+0300: 120.117: [GC (Allocation Failure) 2024-10-01T15:22:37.392+0300: 120.117: [DefNew: 220165K->2481K(245760K), 0.0010594 secs] 281408K->63725K(791936K), 0.0011355 secs] [Times: user=0.00 sys=0.00, real=0.00 secs] 
2024-10-01T15:22:37.392+0300: 120.118: Total time for which application threads were stopped: 0.0015476 seconds, Stopping threads took: 0.0002712 seconds
2024-10-01T15:22:39.400+0300: 122.121: Application time: 2.0029553 seconds
2024-10-01T15:22:39.400+0300: 122.121: Total time for which application threads were stopped: 0.0003499 seconds, Stopping threads took: 0.0002816 seconds
2024-10-01T15:22:42.508+0300: 125.240: Application time: 3.1185055 seconds
2024-10-01T15:22:42.508+0300: 125.240: [GC (Allocation Failure) 2024-10-01T15:22:42.508+0300: 125.240: [DefNew: 220977K->2283K(245760K), 0.0011804 secs] 282221K->63529K(791936K), 0.0012763 secs] [Times: user=0.00 sys=0.01, real=0.00 secs] 
2024-10-01T15:22:42.508+0300: 125.241: Total time for which application threads were stopped: 0.0016298 seconds, Stopping threads took: 0.0002068 seconds
2024-10-01T15:22:47.552+0300: 130.275: Application time: 5.0335992 seconds
2024-10-01T15:22:47.552+0300: 130.275: [GC (Allocation Failure) 2024-10-01T15:22:47.552+0300: 130.275: [DefNew: 220779K->2212K(245760K), 0.0010169 secs] 282025K->63458K(791936K), 0.0011866 secs] [Times: user=0.00 sys=0.00, real=0.00 secs] 
2024-10-01T15:22:47.552+0300: 130.277: Total time for which application threads were stopped: 0.0015490 seconds, Stopping threads took: 0.0002207 seconds
2024-10-01T15:22:52.631+0300: 135.363: Application time: 5.0865100 seconds
2024-10-01T15:22:52.631+0300: 135.363: [GC (Allocation Failure) 2024-10-01T15:22:52.631+0300: 135.364: [DefNew: 220680K->2086K(245760K), 0.0010836 secs] 281926K->63333K(791936K), 0.0011898 secs] [Times: user=0.00 sys=0.00, real=0.00 secs] 
2024-10-01T15:22:52.631+0300: 135.365: Total time for which application threads were stopped: 0.0016128 seconds, Stopping threads took: 0.0002695 seconds
2024-10-01T15:22:57.686+0300: 140.420: Application time: 5.0557285 seconds
2024-10-01T15:22:57.686+0300: 140.421: [GC (Allocation Failure) 2024-10-01T15:22:57.686+0300: 140.421: [DefNew: 220394K->2014K(245760K), 0.0011706 secs] 281641K->63263K(791936K), 0.0012677 secs] [Times: user=0.02 sys=0.00, real=0.02 secs] 
2024-10-01T15:22:57.702+0300: 140.422: Total time for which application threads were stopped: 0.0016398 seconds, Stopping threads took: 0.0002193 seconds
2024-10-01T15:23:02.694+0300: 145.418: Application time: 4.9963949 seconds
2024-10-01T15:23:02.694+0300: 145.419: [GC (Allocation Failure) 2024-10-01T15:23:02.694+0300: 145.419: [DefNew: 220510K->2014K(245760K), 0.0010924 secs] 281759K->63264K(791936K), 0.0011963 secs] [Times: user=0.00 sys=0.00, real=0.00 secs] 
2024-10-01T15:23:02.694+0300: 145.420: Total time for which application threads were stopped: 0.0015832 seconds, Stopping threads took: 0.0002314 seconds
2024-10-01T15:23:07.669+0300: 150.393: Application time: 4.9725585 seconds
2024-10-01T15:23:07.669+0300: 150.393: [GC (Allocation Failure) 2024-10-01T15:23:07.669+0300: 150.393: [DefNew: 220338K->2014K(245760K), 0.0009786 secs] 281588K->63265K(791936K), 0.0010652 secs] [Times: user=0.00 sys=0.00, real=0.00 secs] 
2024-10-01T15:23:07.669+0300: 150.394: Total time for which application threads were stopped: 0.0014091 seconds, Stopping threads took: 0.0002016 seconds
2024-10-01T15:23:09.678+0300: 152.398: Application time: 2.0040864 seconds
2024-10-01T15:23:09.678+0300: 152.398: Total time for which application threads were stopped: 0.0003532 seconds, Stopping threads took: 0.0002828 seconds
2024-10-01T15:23:12.708+0300: 155.435: Application time: 3.0368854 seconds
2024-10-01T15:23:12.708+0300: 155.436: [GC (Allocation Failure) 2024-10-01T15:23:12.708+0300: 155.436: [DefNew: 220432K->2481K(245760K), 0.0011160 secs] 281683K->63734K(791936K), 0.0012166 secs] [Times: user=0.00 sys=0.00, real=0.00 secs] 
2024-10-01T15:23:12.708+0300: 155.437: Total time for which application threads were stopped: 0.0015518 seconds, Stopping threads took: 0.0001919 seconds
2024-10-01T15:23:17.731+0300: 160.461: Application time: 5.0243030 seconds
2024-10-01T15:23:17.731+0300: 160.462: [GC (Allocation Failure) 2024-10-01T15:23:17.731+0300: 160.462: [DefNew: 220977K->2014K(245760K), 0.0009999 secs] 282230K->63267K(791936K), 0.0010894 secs] [Times: user=0.00 sys=0.00, real=0.00 secs] 
2024-10-01T15:23:17.731+0300: 160.463: Total time for which application threads were stopped: 0.0014179 seconds, Stopping threads took: 0.0001897 seconds
2024-10-01T15:23:22.754+0300: 165.489: Application time: 5.0264857 seconds
2024-10-01T15:23:22.769+0300: 165.490: [GC (Allocation Failure) 2024-10-01T15:23:22.769+0300: 165.490: [DefNew: 220438K->1816K(245760K), 0.0010597 secs] 281692K->63071K(791936K), 0.0011530 secs] [Times: user=0.00 sys=0.00, real=0.00 secs] 
2024-10-01T15:23:22.769+0300: 165.491: Total time for which application threads were stopped: 0.0015675 seconds, Stopping threads took: 0.0002547 seconds
2024-10-01T15:23:27.777+0300: 170.510: Application time: 5.0192014 seconds
2024-10-01T15:23:27.777+0300: 170.510: [GC (Allocation Failure) 2024-10-01T15:23:27.777+0300: 170.510: [DefNew: 220083K->1816K(245760K), 0.0010509 secs] 281338K->63072K(791936K), 0.0012285 secs] [Times: user=0.00 sys=0.00, real=0.00 secs] 
2024-10-01T15:23:27.777+0300: 170.512: Total time for which application threads were stopped: 0.0016244 seconds, Stopping threads took: 0.0002526 seconds
2024-10-01T15:23:32.841+0300: 175.566: Application time: 5.0546790 seconds
2024-10-01T15:23:32.846+0300: 175.567: [GC (Allocation Failure) 2024-10-01T15:23:32.846+0300: 175.567: [DefNew: 220261K->1816K(245760K), 0.0010393 secs] 281517K->63073K(791936K), 0.0011460 secs] [Times: user=0.00 sys=0.00, real=0.00 secs] 
2024-10-01T15:23:32.846+0300: 175.568: Total time for which application threads were stopped: 0.0015278 seconds, Stopping threads took: 0.0002269 seconds
2024-10-01T15:23:37.854+0300: 180.581: Application time: 5.0128338 seconds
2024-10-01T15:23:37.854+0300: 180.581: [GC (Allocation Failure) 2024-10-01T15:23:37.854+0300: 180.581: [DefNew: 220312K->2085K(245760K), 0.0010603 secs] 281569K->63344K(791936K), 0.0011413 secs] [Times: user=0.00 sys=0.00, real=0.00 secs] 
2024-10-01T15:23:37.854+0300: 180.582: Total time for which application threads were stopped: 0.0014424 seconds, Stopping threads took: 0.0001595 seconds
2024-10-01T15:23:42.907+0300: 185.636: Application time: 5.0535399 seconds
2024-10-01T15:23:42.907+0300: 185.636: [GC (Allocation Failure) 2024-10-01T15:23:42.907+0300: 185.636: [DefNew: 220581K->2014K(245760K), 0.0010126 secs] 281840K->63274K(791936K), 0.0011024 secs] [Times: user=0.00 sys=0.00, real=0.00 secs] 
2024-10-01T15:23:42.907+0300: 185.637: Total time for which application threads were stopped: 0.0013957 seconds, Stopping threads took: 0.0001483 seconds
2024-10-01T15:23:47.870+0300: 190.601: Application time: 4.9641539 seconds
2024-10-01T15:23:47.870+0300: 190.601: [GC (Allocation Failure) 2024-10-01T15:23:47.870+0300: 190.601: [DefNew: 220269K->2014K(245760K), 0.0009794 secs] 281529K->63275K(791936K), 0.0010692 secs] [Times: user=0.00 sys=0.00, real=0.00 secs] 
2024-10-01T15:23:47.870+0300: 190.603: Total time for which application threads were stopped: 0.0014206 seconds, Stopping threads took: 0.0002145 seconds
2024-10-01T15:23:52.969+0300: 195.691: Application time: 5.0888863 seconds
2024-10-01T15:23:52.969+0300: 195.692: [GC (Allocation Failure) 2024-10-01T15:23:52.969+0300: 195.692: [DefNew: 220502K->2346K(245760K), 0.0010742 secs] 281764K->63609K(791936K), 0.0011674 secs] [Times: user=0.00 sys=0.00, real=0.00 secs] 
2024-10-01T15:23:52.969+0300: 195.693: Total time for which application threads were stopped: 0.0014870 seconds, Stopping threads took: 0.0001789 seconds
2024-10-01T15:23:57.994+0300: 200.727: Application time: 5.0336942 seconds
2024-10-01T15:23:57.994+0300: 200.727: [GC (Allocation Failure) 2024-10-01T15:23:57.994+0300: 200.727: [DefNew: 220741K->2014K(245760K), 0.0010656 secs] 282004K->63278K(791936K), 0.0011514 secs] [Times: user=0.00 sys=0.00, real=0.00 secs] 
2024-10-01T15:23:57.994+0300: 200.728: Total time for which application threads were stopped: 0.0015438 seconds, Stopping threads took: 0.0002439 seconds
2024-10-01T15:24:01.008+0300: 203.728: Application time: 2.9997538 seconds
2024-10-01T15:24:01.008+0300: 203.728: Total time for which application threads were stopped: 0.0003689 seconds, Stopping threads took: 0.0002992 seconds
2024-10-01T15:24:03.096+0300: 205.820: Application time: 2.0915116 seconds
2024-10-01T15:24:03.096+0300: 205.820: [GC (Allocation Failure) 2024-10-01T15:24:03.096+0300: 205.820: [DefNew: 220484K->1483K(245760K), 0.0010247 secs] 281748K->62749K(791936K), 0.0011082 secs] [Times: user=0.00 sys=0.00, real=0.01 secs] 
2024-10-01T15:24:03.101+0300: 205.821: Total time for which application threads were stopped: 0.0014423 seconds, Stopping threads took: 0.0001884 seconds
2024-10-01T15:24:08.120+0300: 210.845: Application time: 5.0239863 seconds
2024-10-01T15:24:08.120+0300: 210.846: [GC (Allocation Failure) 2024-10-01T15:24:08.120+0300: 210.846: [DefNew: 219942K->2211K(245760K), 0.0011253 secs] 281207K->63478K(791936K), 0.0013106 secs] [Times: user=0.00 sys=0.00, real=0.00 secs] 
2024-10-01T15:24:08.120+0300: 210.847: Total time for which application threads were stopped: 0.0016910 seconds, Stopping threads took: 0.0002274 seconds
2024-10-01T15:24:13.190+0300: 215.913: Application time: 5.0660674 seconds
2024-10-01T15:24:13.190+0300: 215.913: [GC (Allocation Failure) 2024-10-01T15:24:13.190+0300: 215.913: [DefNew: 220654K->2014K(245760K), 0.0010142 secs] 281921K->63281K(791936K), 0.0011031 secs] [Times: user=0.00 sys=0.00, real=0.00 secs] 
2024-10-01T15:24:13.190+0300: 215.914: Total time for which application threads were stopped: 0.0014524 seconds, Stopping threads took: 0.0002029 seconds
2024-10-01T15:24:18.245+0300: 220.973: Application time: 5.0587941 seconds
2024-10-01T15:24:18.245+0300: 220.974: [GC (Allocation Failure) 2024-10-01T15:24:18.245+0300: 220.974: [DefNew: 220396K->2211K(245760K), 0.0011835 secs] 281664K->63480K(791936K), 0.0012921 secs] [Times: user=0.00 sys=0.00, real=0.00 secs] 
2024-10-01T15:24:18.245+0300: 220.975: Total time for which application threads were stopped: 0.0016000 seconds, Stopping threads took: 0.0001480 seconds
2024-10-01T15:24:23.241+0300: 225.969: Application time: 4.9939334 seconds
2024-10-01T15:24:23.241+0300: 225.969: [GC (Allocation Failure) 2024-10-01T15:24:23.241+0300: 225.969: [DefNew: 220652K->2085K(245760K), 0.0010490 secs] 281921K->63356K(791936K), 0.0011435 secs] [Times: user=0.00 sys=0.00, real=0.00 secs] 
2024-10-01T15:24:23.241+0300: 225.970: Total time for which application threads were stopped: 0.0014575 seconds, Stopping threads took: 0.0001706 seconds
2024-10-01T15:24:28.227+0300: 230.950: Application time: 4.9797963 seconds
2024-10-01T15:24:28.227+0300: 230.950: [GC (Allocation Failure) 2024-10-01T15:24:28.227+0300: 230.950: [DefNew: 220507K->2211K(245760K), 0.0010108 secs] 281778K->63483K(791936K), 0.0011102 secs] [Times: user=0.00 sys=0.00, real=0.00 secs] 
2024-10-01T15:24:28.227+0300: 230.952: Total time for which application threads were stopped: 0.0014528 seconds, Stopping threads took: 0.0001972 seconds
2024-10-01T15:24:33.250+0300: 235.978: Application time: 5.0261124 seconds
2024-10-01T15:24:33.250+0300: 235.978: [GC (Allocation Failure) 2024-10-01T15:24:33.250+0300: 235.978: [DefNew: 220650K->1888K(245760K), 0.0010879 secs] 281922K->63160K(791936K), 0.0011807 secs] [Times: user=0.00 sys=0.00, real=0.00 secs] 
2024-10-01T15:24:33.250+0300: 235.979: Total time for which application threads were stopped: 0.0015633 seconds, Stopping threads took: 0.0002435 seconds
2024-10-01T15:24:38.240+0300: 240.971: Application time: 4.9922471 seconds
2024-10-01T15:24:38.240+0300: 240.972: [GC (Allocation Failure) 2024-10-01T15:24:38.240+0300: 240.972: [DefNew: 220284K->1816K(245760K), 0.0009999 secs] 281557K->63090K(791936K), 0.0010832 secs] [Times: user=0.00 sys=0.00, real=0.01 secs] 
2024-10-01T15:24:38.252+0300: 240.973: Total time for which application threads were stopped: 0.0014269 seconds, Stopping threads took: 0.0001994 seconds
2024-10-01T15:24:43.311+0300: 246.036: Application time: 5.0626956 seconds
2024-10-01T15:24:43.311+0300: 246.036: [GC (Allocation Failure) 2024-10-01T15:24:43.311+0300: 246.036: [DefNew: 220312K->1816K(245760K), 0.0009734 secs] 281586K->63091K(791936K), 0.0010668 secs] [Times: user=0.00 sys=0.00, real=0.00 secs] 
2024-10-01T15:24:43.311+0300: 246.037: Total time for which application threads were stopped: 0.0013969 seconds, Stopping threads took: 0.0001900 seconds
2024-10-01T15:24:48.349+0300: 251.077: Application time: 5.0395715 seconds
2024-10-01T15:24:48.349+0300: 251.077: [GC (Allocation Failure) 2024-10-01T15:24:48.349+0300: 251.077: [DefNew: 220215K->2211K(245760K), 0.0011253 secs] 281490K->63488K(791936K), 0.0012176 secs] [Times: user=0.00 sys=0.00, real=0.00 secs] 
2024-10-01T15:24:48.349+0300: 251.078: Total time for which application threads were stopped: 0.0015809 seconds, Stopping threads took: 0.0002224 seconds
2024-10-01T15:24:53.527+0300: 256.254: Application time: 5.1755557 seconds
2024-10-01T15:24:53.527+0300: 256.254: [GC (Allocation Failure) 2024-10-01T15:24:53.527+0300: 256.254: [DefNew: 220669K->2148K(245760K), 0.0011536 secs] 281945K->63426K(791936K), 0.0013669 secs] [Times: user=0.00 sys=0.00, real=0.00 secs] 
2024-10-01T15:24:53.527+0300: 256.255: Total time for which application threads were stopped: 0.0017489 seconds, Stopping threads took: 0.0002333 seconds
2024-10-01T15:24:57.199+0300: 259.921: Application time: 3.6651655 seconds
2024-10-01T15:24:57.199+0300: 259.921: Total time for which application threads were stopped: 0.0002605 seconds, Stopping threads took: 0.0001827 seconds
2024-10-01T15:24:57.419+0300: 260.144: Application time: 0.2231433 seconds
2024-10-01T15:24:57.419+0300: 260.144: Total time for which application threads were stopped: 0.0002514 seconds, Stopping threads took: 0.0001839 seconds
2024-10-01T15:24:57.450+0300: 260.171: Application time: 0.0266868 seconds
2024-10-01T15:24:57.450+0300: 260.171: Total time for which application threads were stopped: 0.0002335 seconds, Stopping threads took: 0.0001503 seconds
2024-10-01T15:24:58.818+0300: 261.546: Application time: 1.3750131 seconds
2024-10-01T15:24:58.818+0300: 261.546: Total time for which application threads were stopped: 0.0001539 seconds, Stopping threads took: 0.0001017 seconds
2024-10-01T15:24:58.880+0300: 261.606: Application time: 0.0591678 seconds
2024-10-01T15:24:58.880+0300: 261.606: Total time for which application threads were stopped: 0.0004958 seconds, Stopping threads took: 0.0004454 seconds
2024-10-01T15:24:59.512+0300: 262.241: Application time: 0.6348672 seconds
2024-10-01T15:24:59.512+0300: 262.241: [GC (Allocation Failure) 2024-10-01T15:24:59.512+0300: 262.241: [DefNew: 220598K->1629K(245760K), 0.0009852 secs] 281876K->62908K(791936K), 0.0010715 secs] [Times: user=0.00 sys=0.00, real=0.00 secs] 
2024-10-01T15:24:59.512+0300: 262.242: Total time for which application threads were stopped: 0.0013854 seconds, Stopping threads took: 0.0001806 seconds
2024-10-01T15:25:04.765+0300: 267.489: Application time: 5.2464267 seconds
2024-10-01T15:25:04.765+0300: 267.489: [GC (Allocation Failure) 2024-10-01T15:25:04.765+0300: 267.489: [DefNew: 220060K->1701K(245760K), 0.0012128 secs] 281339K->62981K(791936K), 0.0013016 secs] [Times: user=0.00 sys=0.00, real=0.00 secs] 
2024-10-01T15:25:04.765+0300: 267.491: Total time for which application threads were stopped: 0.0017939 seconds, Stopping threads took: 0.0003426 seconds
2024-10-01T15:25:09.849+0300: 272.581: Application time: 5.0900449 seconds
2024-10-01T15:25:09.849+0300: 272.581: [GC (Allocation Failure) 2024-10-01T15:25:09.849+0300: 272.581: [DefNew: 219975K->2025K(245760K), 0.0010649 secs] 281255K->63306K(791936K), 0.0011569 secs] [Times: user=0.00 sys=0.00, real=0.00 secs] 
2024-10-01T15:25:09.849+0300: 272.582: Total time for which application threads were stopped: 0.0015174 seconds, Stopping threads took: 0.0002142 seconds
2024-10-01T15:25:14.824+0300: 277.560: Application time: 4.9774181 seconds
2024-10-01T15:25:14.840+0300: 277.560: [GC (Allocation Failure) 2024-10-01T15:25:14.840+0300: 277.560: [DefNew: 220404K->2294K(245760K), 0.0013893 secs] 281686K->63577K(791936K), 0.0015027 secs] [Times: user=0.00 sys=0.00, real=0.00 secs] 
2024-10-01T15:25:14.840+0300: 277.562: Total time for which application threads were stopped: 0.0019648 seconds, Stopping threads took: 0.0003057 seconds
2024-10-01T15:25:19.910+0300: 282.645: Application time: 5.0830148 seconds
2024-10-01T15:25:19.910+0300: 282.645: [GC (Allocation Failure) 2024-10-01T15:25:19.910+0300: 282.645: [DefNew: 220662K->2222K(245760K), 0.0011395 secs] 281945K->63506K(791936K), 0.0012240 secs] [Times: user=0.00 sys=0.00, real=0.01 secs] 
2024-10-01T15:25:19.925+0300: 282.646: Total time for which application threads were stopped: 0.0015642 seconds, Stopping threads took: 0.0001979 seconds
2024-10-01T15:25:24.963+0300: 287.696: Application time: 5.0494479 seconds
2024-10-01T15:25:24.963+0300: 287.696: [GC (Allocation Failure) 2024-10-01T15:25:24.963+0300: 287.696: [DefNew: 220672K->2159K(245760K), 0.0012745 secs] 281956K->63445K(791936K), 0.0013931 secs] [Times: user=0.00 sys=0.00, real=0.00 secs] 
2024-10-01T15:25:24.963+0300: 287.697: Total time for which application threads were stopped: 0.0017676 seconds, Stopping threads took: 0.0002210 seconds
2024-10-01T15:25:29.972+0300: 292.701: Application time: 5.0032523 seconds
2024-10-01T15:25:29.972+0300: 292.701: [GC (Allocation Failure) 2024-10-01T15:25:29.972+0300: 292.701: [DefNew: 220561K->1827K(245760K), 0.0010735 secs] 281846K->63113K(791936K), 0.0011664 secs] [Times: user=0.00 sys=0.00, real=0.00 secs] 
2024-10-01T15:25:29.972+0300: 292.702: Total time for which application threads were stopped: 0.0015346 seconds, Stopping threads took: 0.0002284 seconds
2024-10-01T15:25:34.982+0300: 297.708: Application time: 5.0053441 seconds
2024-10-01T15:25:34.982+0300: 297.708: [GC (Allocation Failure) 2024-10-01T15:25:34.982+0300: 297.708: [DefNew: 220065K->2024K(245760K), 0.0010459 secs] 281351K->63312K(791936K), 0.0011356 secs] [Times: user=0.00 sys=0.00, real=0.00 secs] 
2024-10-01T15:25:34.982+0300: 297.709: Total time for which application threads were stopped: 0.0014793 seconds, Stopping threads took: 0.0002046 seconds
2024-10-01T15:25:40.029+0300: 302.753: Application time: 5.0437507 seconds
2024-10-01T15:25:40.029+0300: 302.753: [GC (Allocation Failure) 2024-10-01T15:25:40.029+0300: 302.753: [DefNew: 220520K->1620K(245760K), 0.0009870 secs] 281808K->62909K(791936K), 0.0010694 secs] [Times: user=0.00 sys=0.00, real=0.00 secs] 
2024-10-01T15:25:40.029+0300: 302.754: Total time for which application threads were stopped: 0.0015203 seconds, Stopping threads took: 0.0003111 seconds
2024-10-01T15:25:45.052+0300: 307.784: Application time: 5.0302186 seconds
2024-10-01T15:25:45.052+0300: 307.785: [GC (Allocation Failure) 2024-10-01T15:25:45.052+0300: 307.785: [DefNew: 220115K->2024K(245760K), 0.0011000 secs] 281404K->63315K(791936K), 0.0011895 secs] [Times: user=0.00 sys=0.00, real=0.00 secs] 
2024-10-01T15:25:45.052+0300: 307.786: Total time for which application threads were stopped: 0.0015485 seconds, Stopping threads took: 0.0002195 seconds
2024-10-01T15:25:50.060+0300: 312.795: Application time: 5.0090065 seconds
2024-10-01T15:25:50.060+0300: 312.795: [GC (Allocation Failure) 2024-10-01T15:25:50.060+0300: 312.795: [DefNew: 220520K->2222K(245760K), 0.0012836 secs] 281811K->63514K(791936K), 0.0013769 secs] [Times: user=0.00 sys=0.00, real=0.02 secs] 
2024-10-01T15:25:50.076+0300: 312.797: Total time for which application threads were stopped: 0.0017357 seconds, Stopping threads took: 0.0002183 seconds
2024-10-01T15:25:55.099+0300: 317.819: Application time: 5.0226228 seconds
2024-10-01T15:25:55.099+0300: 317.820: [GC (Allocation Failure) 2024-10-01T15:25:55.099+0300: 317.820: [DefNew: 220538K->2025K(245760K), 0.0010761 secs] 281829K->63317K(791936K), 0.0011662 secs] [Times: user=0.00 sys=0.00, real=0.00 secs] 
2024-10-01T15:25:55.099+0300: 317.821: Total time for which application threads were stopped: 0.0015382 seconds, Stopping threads took: 0.0002227 seconds
2024-10-01T15:26:00.130+0300: 322.855: Application time: 5.0342309 seconds
2024-10-01T15:26:00.130+0300: 322.855: [GC (Allocation Failure) 2024-10-01T15:26:00.130+0300: 322.856: [DefNew: 220449K->1629K(245760K), 0.0011120 secs] 281742K->62923K(791936K), 0.0011993 secs] [Times: user=0.00 sys=0.00, real=0.00 secs] 
2024-10-01T15:26:00.130+0300: 322.857: Total time for which application threads were stopped: 0.0015163 seconds, Stopping threads took: 0.0001511 seconds
2024-10-01T15:26:05.127+0300: 327.848: Application time: 4.9908355 seconds
2024-10-01T15:26:05.127+0300: 327.848: [GC (Allocation Failure) 2024-10-01T15:26:05.127+0300: 327.848: [DefNew: 220015K->2025K(245760K), 0.0012037 secs] 281308K->63320K(791936K), 0.0013025 secs] [Times: user=0.00 sys=0.00, real=0.00 secs] 
2024-10-01T15:26:05.127+0300: 327.849: Total time for which application threads were stopped: 0.0016358 seconds, Stopping threads took: 0.0001744 seconds
2024-10-01T15:26:10.168+0300: 332.897: Application time: 5.0475746 seconds
2024-10-01T15:26:10.168+0300: 332.897: [GC (Allocation Failure) 2024-10-01T15:26:10.168+0300: 332.897: [DefNew: 220472K->2025K(245760K), 0.0010408 secs] 281766K->63321K(791936K), 0.0011319 secs] [Times: user=0.00 sys=0.00, real=0.00 secs] 
2024-10-01T15:26:10.168+0300: 332.898: Total time for which application threads were stopped: 0.0014488 seconds, Stopping threads took: 0.0001816 seconds
2024-10-01T15:26:15.143+0300: 337.867: Application time: 4.9684017 seconds
2024-10-01T15:26:15.143+0300: 337.867: [GC (Allocation Failure) 2024-10-01T15:26:15.143+0300: 337.867: [DefNew: 220438K->2014K(245760K), 0.0010906 secs] 281735K->63322K(791936K), 0.0011759 secs] [Times: user=0.00 sys=0.00, real=0.00 secs] 
2024-10-01T15:26:15.143+0300: 337.868: Total time for which application threads were stopped: 0.0014854 seconds, Stopping threads took: 0.0001708 seconds
2024-10-01T15:26:20.258+0300: 342.986: Application time: 5.1178915 seconds
2024-10-01T15:26:20.258+0300: 342.986: [GC (Allocation Failure) 2024-10-01T15:26:20.258+0300: 342.986: [DefNew: 220404K->1816K(245760K), 0.0009595 secs] 281712K->63126K(791936K), 0.0010389 secs] [Times: user=0.00 sys=0.00, real=0.00 secs] 
2024-10-01T15:26:20.258+0300: 342.987: Total time for which application threads were stopped: 0.0014112 seconds, Stopping threads took: 0.0002343 seconds
2024-10-01T15:26:25.297+0300: 348.018: Application time: 5.0307856 seconds
2024-10-01T15:26:25.297+0300: 348.019: [GC (Allocation Failure) 2024-10-01T15:26:25.297+0300: 348.019: [DefNew: 220056K->2211K(245760K), 0.0012618 secs] 281366K->63522K(791936K), 0.0013722 secs] [Times: user=0.00 sys=0.00, real=0.00 secs] 
2024-10-01T15:26:25.297+0300: 348.020: Total time for which application threads were stopped: 0.0017340 seconds, Stopping threads took: 0.0002134 seconds
2024-10-01T15:26:30.369+0300: 353.092: Application time: 5.0715554 seconds
2024-10-01T15:26:30.369+0300: 353.092: [GC (Allocation Failure) 2024-10-01T15:26:30.369+0300: 353.092: [DefNew: 220705K->1618K(245760K), 0.0010670 secs] 282016K->62931K(791936K), 0.0011594 secs] [Times: user=0.00 sys=0.00, real=0.00 secs] 
2024-10-01T15:26:30.369+0300: 353.093: Total time for which application threads were stopped: 0.0014791 seconds, Stopping threads took: 0.0001818 seconds
2024-10-01T15:26:35.345+0300: 358.072: Application time: 4.9788251 seconds
2024-10-01T15:26:35.345+0300: 358.072: [GC (Allocation Failure) 2024-10-01T15:26:35.345+0300: 358.072: [DefNew: 220049K->2085K(245760K), 0.0010016 secs] 281362K->63399K(791936K), 0.0010959 secs] [Times: user=0.00 sys=0.00, real=0.00 secs] 
2024-10-01T15:26:35.345+0300: 358.073: Total time for which application threads were stopped: 0.0014384 seconds, Stopping threads took: 0.0002006 seconds
2024-10-01T15:26:40.413+0300: 363.140: Application time: 5.0662572 seconds
2024-10-01T15:26:40.413+0300: 363.140: [GC (Allocation Failure) 2024-10-01T15:26:40.413+0300: 363.140: [DefNew: 220413K->1816K(245760K), 0.0010287 secs] 281726K->63131K(791936K), 0.0011236 secs] [Times: user=0.00 sys=0.00, real=0.00 secs] 
2024-10-01T15:26:40.413+0300: 363.141: Total time for which application threads were stopped: 0.0014681 seconds, Stopping threads took: 0.0002032 seconds
2024-10-01T15:26:44.432+0300: 367.152: Application time: 4.0107545 seconds
2024-10-01T15:26:44.432+0300: 367.152: Total time for which application threads were stopped: 0.0004385 seconds, Stopping threads took: 0.0003500 seconds
2024-10-01T15:26:45.388+0300: 368.123: Application time: 0.9707805 seconds
2024-10-01T15:26:45.388+0300: 368.123: [GC (Allocation Failure) 2024-10-01T15:26:45.388+0300: 368.123: [DefNew: 220259K->2283K(245760K), 0.0011380 secs] 281574K->63599K(791936K), 0.0012306 secs] [Times: user=0.02 sys=0.00, real=0.02 secs] 
2024-10-01T15:26:45.404+0300: 368.125: Total time for which application threads were stopped: 0.0015715 seconds, Stopping threads took: 0.0001942 seconds
2024-10-01T15:26:50.475+0300: 373.209: Application time: 5.0840016 seconds
2024-10-01T15:26:50.475+0300: 373.209: [GC (Allocation Failure) 2024-10-01T15:26:50.475+0300: 373.209: [DefNew: 220779K->1420K(245760K), 0.0009971 secs] 282095K->62738K(791936K), 0.0010962 secs] [Times: user=0.00 sys=0.00, real=0.00 secs] 
2024-10-01T15:26:50.475+0300: 373.210: Total time for which application threads were stopped: 0.0014939 seconds, Stopping threads took: 0.0002528 seconds
2024-10-01T15:26:55.481+0300: 378.215: Application time: 5.0044489 seconds
2024-10-01T15:26:55.481+0300: 378.215: [GC (Allocation Failure) 2024-10-01T15:26:55.481+0300: 378.215: [DefNew: 219885K->1951K(245760K), 0.0011402 secs] 281202K->63269K(791936K), 0.0012495 secs] [Times: user=0.00 sys=0.00, real=0.00 secs] 
2024-10-01T15:26:55.481+0300: 378.216: Total time for which application threads were stopped: 0.0015851 seconds, Stopping threads took: 0.0001850 seconds
2024-10-01T15:27:00.536+0300: 383.267: Application time: 5.0505496 seconds
2024-10-01T15:27:00.536+0300: 383.267: [GC (Allocation Failure) 2024-10-01T15:27:00.536+0300: 383.267: [DefNew: 220229K->1618K(245760K), 0.0009820 secs] 281548K->62938K(791936K), 0.0010761 secs] [Times: user=0.00 sys=0.00, real=0.00 secs] 
2024-10-01T15:27:00.536+0300: 383.268: Total time for which application threads were stopped: 0.0014564 seconds, Stopping threads took: 0.0002416 seconds
2024-10-01T15:27:05.560+0300: 388.282: Application time: 5.0140175 seconds
2024-10-01T15:27:05.560+0300: 388.282: [GC (Allocation Failure) 2024-10-01T15:27:05.560+0300: 388.282: [DefNew: 220114K->2014K(245760K), 0.0010499 secs] 281434K->63334K(791936K), 0.0011409 secs] [Times: user=0.00 sys=0.00, real=0.00 secs] 
2024-10-01T15:27:05.560+0300: 388.284: Total time for which application threads were stopped: 0.0014777 seconds, Stopping threads took: 0.0001987 seconds
2024-10-01T15:27:10.608+0300: 393.330: Application time: 5.0458973 seconds
2024-10-01T15:27:10.608+0300: 393.330: [GC (Allocation Failure) 2024-10-01T15:27:10.608+0300: 393.330: [DefNew: 220510K->2481K(245760K), 0.0010725 secs] 281830K->63803K(791936K), 0.0011622 secs] [Times: user=0.00 sys=0.00, real=0.00 secs] 
2024-10-01T15:27:10.608+0300: 393.331: Total time for which application threads were stopped: 0.0015471 seconds, Stopping threads took: 0.0002449 seconds
2024-10-01T15:27:15.664+0300: 398.384: Application time: 5.0533911 seconds
2024-10-01T15:27:15.664+0300: 398.385: [GC (Allocation Failure) 2024-10-01T15:27:15.664+0300: 398.385: [DefNew: 220888K->1618K(245760K), 0.0009279 secs] 282210K->62942K(791936K), 0.0010098 secs] [Times: user=0.00 sys=0.00, real=0.00 secs] 
2024-10-01T15:27:15.664+0300: 398.386: Total time for which application threads were stopped: 0.0013498 seconds, Stopping threads took: 0.0002012 seconds
2024-10-01T15:27:19.683+0300: 402.404: Application time: 4.0178342 seconds
2024-10-01T15:27:19.683+0300: 402.404: Total time for which application threads were stopped: 0.0003388 seconds, Stopping threads took: 0.0002633 seconds
2024-10-01T15:27:20.610+0300: 403.338: Application time: 0.9344785 seconds
2024-10-01T15:27:20.610+0300: 403.339: [GC (Allocation Failure) 2024-10-01T15:27:20.610+0300: 403.339: [DefNew: 220083K->2014K(245760K), 0.0010590 secs] 281407K->63338K(791936K), 0.0011461 secs] [Times: user=0.00 sys=0.00, real=0.00 secs] 
2024-10-01T15:27:20.610+0300: 403.340: Total time for which application threads were stopped: 0.0014967 seconds, Stopping threads took: 0.0002128 seconds
2024-10-01T15:27:23.623+0300: 406.343: Application time: 3.0032610 seconds
2024-10-01T15:27:23.623+0300: 406.344: Total time for which application threads were stopped: 0.0004282 seconds, Stopping threads took: 0.0003661 seconds
2024-10-01T15:27:25.727+0300: 408.451: Application time: 2.1070513 seconds
2024-10-01T15:27:25.727+0300: 408.451: [GC (Allocation Failure) 2024-10-01T15:27:25.727+0300: 408.451: [DefNew: 220367K->2014K(245760K), 0.0010275 secs] 281691K->63339K(791936K), 0.0011047 secs] [Times: user=0.00 sys=0.00, real=0.00 secs] 
2024-10-01T15:27:25.727+0300: 408.452: Total time for which application threads were stopped: 0.0014574 seconds, Stopping threads took: 0.0002020 seconds
2024-10-01T15:27:30.765+0300: 413.486: Application time: 5.0333449 seconds
2024-10-01T15:27:30.765+0300: 413.486: [GC (Allocation Failure) 2024-10-01T15:27:30.765+0300: 413.486: [DefNew: 220424K->2211K(245760K), 0.0011061 secs] 281750K->63538K(791936K), 0.0011878 secs] [Times: user=0.00 sys=0.00, real=0.00 secs] 
2024-10-01T15:27:30.765+0300: 413.487: Total time for which application threads were stopped: 0.0015337 seconds, Stopping threads took: 0.0002035 seconds
2024-10-01T15:27:35.804+0300: 418.538: Application time: 5.0511339 seconds
2024-10-01T15:27:35.804+0300: 418.539: [GC (Allocation Failure) 2024-10-01T15:27:35.804+0300: 418.539: [DefNew: 220642K->2014K(245760K), 0.0011399 secs] 281969K->63342K(791936K), 0.0012399 secs] [Times: user=0.00 sys=0.00, real=0.02 secs] 
2024-10-01T15:27:35.820+0300: 418.540: Total time for which application threads were stopped: 0.0016118 seconds, Stopping threads took: 0.0002210 seconds
2024-10-01T15:27:40.888+0300: 423.615: Application time: 5.0750527 seconds
2024-10-01T15:27:40.888+0300: 423.615: [GC (Allocation Failure) 2024-10-01T15:27:40.888+0300: 423.615: [DefNew: 220418K->2481K(245760K), 0.0011772 secs] 281746K->63811K(791936K), 0.0012671 secs] [Times: user=0.00 sys=0.00, real=0.00 secs] 
2024-10-01T15:27:40.888+0300: 423.617: Total time for which application threads were stopped: 0.0016128 seconds, Stopping threads took: 0.0002068 seconds
2024-10-01T15:27:45.943+0300: 428.672: Application time: 5.0556658 seconds
2024-10-01T15:27:45.943+0300: 428.672: [GC (Allocation Failure) 2024-10-01T15:27:45.943+0300: 428.672: [DefNew: 220965K->1618K(245760K), 0.0009162 secs] 282295K->62949K(791936K), 0.0009964 secs] [Times: user=0.00 sys=0.00, real=0.00 secs] 
2024-10-01T15:27:45.943+0300: 428.673: Total time for which application threads were stopped: 0.0012990 seconds, Stopping threads took: 0.0001616 seconds
2024-10-01T15:27:50.980+0300: 433.710: Application time: 5.0367683 seconds
2024-10-01T15:27:50.980+0300: 433.711: [GC (Allocation Failure) 2024-10-01T15:27:50.980+0300: 433.711: [DefNew: 220067K->2014K(245760K), 0.0011791 secs] 281398K->63346K(791936K), 0.0012725 secs] [Times: user=0.00 sys=0.00, real=0.00 secs] 
2024-10-01T15:27:50.980+0300: 433.712: Total time for which application threads were stopped: 0.0016226 seconds, Stopping threads took: 0.0002032 seconds
2024-10-01T15:27:56.049+0300: 438.778: Application time: 5.0664005 seconds
2024-10-01T15:27:56.049+0300: 438.779: [GC (Allocation Failure) 2024-10-01T15:27:56.059+0300: 438.779: [DefNew: 220482K->1753K(245760K), 0.0012839 secs] 281814K->63086K(791936K), 0.0014129 secs] [Times: user=0.00 sys=0.00, real=0.01 secs] 
2024-10-01T15:27:56.059+0300: 438.780: Total time for which application threads were stopped: 0.0017904 seconds, Stopping threads took: 0.0001972 seconds
2024-10-01T15:28:01.069+0300: 443.789: Application time: 5.0091584 seconds
2024-10-01T15:28:01.069+0300: 443.790: [GC (Allocation Failure) 2024-10-01T15:28:01.069+0300: 443.790: [DefNew: 220205K->2014K(245760K), 0.0011642 secs] 281538K->63348K(791936K), 0.0012615 secs] [Times: user=0.00 sys=0.00, real=0.00 secs] 
2024-10-01T15:28:01.069+0300: 443.791: Total time for which application threads were stopped: 0.0015858 seconds, Stopping threads took: 0.0001706 seconds
2024-10-01T15:28:06.141+0300: 448.861: Application time: 5.0700320 seconds
2024-10-01T15:28:06.141+0300: 448.861: [GC (Allocation Failure) 2024-10-01T15:28:06.141+0300: 448.861: [DefNew: 220434K->2086K(245760K), 0.0012742 secs] 281769K->63421K(791936K), 0.0013659 secs] [Times: user=0.00 sys=0.00, real=0.00 secs] 
2024-10-01T15:28:06.142+0300: 448.863: Total time for which application threads were stopped: 0.0017389 seconds, Stopping threads took: 0.0002285 seconds
2024-10-01T15:28:11.089+0300: 453.817: Application time: 4.9544821 seconds
2024-10-01T15:28:11.089+0300: 453.817: [GC (Allocation Failure) 2024-10-01T15:28:11.089+0300: 453.817: [DefNew: 220582K->2015K(245760K), 0.0011767 secs] 281917K->63352K(791936K), 0.0012688 secs] [Times: user=0.00 sys=0.00, real=0.00 secs] 
2024-10-01T15:28:11.089+0300: 453.819: Total time for which application threads were stopped: 0.0016225 seconds, Stopping threads took: 0.0002111 seconds
2024-10-01T15:28:17.209+0300: 459.938: Application time: 6.1197038 seconds
2024-10-01T15:28:17.209+0300: 459.939: [GC (Allocation Failure) 2024-10-01T15:28:17.209+0300: 459.939: [DefNew: 220407K->1888K(245760K), 0.0010384 secs] 281744K->63226K(791936K), 0.0011280 secs] [Times: user=0.00 sys=0.00, real=0.00 secs] 
2024-10-01T15:28:17.209+0300: 459.940: Total time for which application threads were stopped: 0.0014872 seconds, Stopping threads took: 0.0002152 seconds
2024-10-01T15:28:22.561+0300: 465.284: Application time: 5.3442148 seconds
2024-10-01T15:28:22.561+0300: 465.284: [GC (Allocation Failure) 2024-10-01T15:28:22.561+0300: 465.285: [DefNew: 220384K->2086K(245760K), 0.0013801 secs] 281722K->63425K(791936K), 0.0014892 secs] [Times: user=0.00 sys=0.00, real=0.00 secs] 
2024-10-01T15:28:22.561+0300: 465.286: Total time for which application threads were stopped: 0.0018705 seconds, Stopping threads took: 0.0002100 seconds
2024-10-01T15:28:27.754+0300: 470.476: Application time: 5.1899535 seconds
2024-10-01T15:28:27.754+0300: 470.476: [GC (Allocation Failure) 2024-10-01T15:28:27.754+0300: 470.476: [DefNew: 220517K->2014K(245760K), 0.0012217 secs] 281856K->63354K(791936K), 0.0013033 secs] [Times: user=0.00 sys=0.00, real=0.00 secs] 
2024-10-01T15:28:27.754+0300: 470.478: Total time for which application threads were stopped: 0.0016606 seconds, Stopping threads took: 0.0002052 seconds
2024-10-01T15:28:32.839+0300: 475.575: Application time: 5.0969184 seconds
2024-10-01T15:28:32.855+0300: 475.575: [GC (Allocation Failure) 2024-10-01T15:28:32.855+0300: 475.575: [DefNew: 220510K->2283K(245760K), 0.0012736 secs] 281850K->63625K(791936K), 0.0013847 secs] [Times: user=0.00 sys=0.00, real=0.00 secs] 
2024-10-01T15:28:32.855+0300: 475.576: Total time for which application threads were stopped: 0.0018429 seconds, Stopping threads took: 0.0002876 seconds
2024-10-01T15:28:38.048+0300: 480.783: Application time: 5.2065120 seconds
2024-10-01T15:28:38.048+0300: 480.783: [GC (Allocation Failure) 2024-10-01T15:28:38.048+0300: 480.783: [DefNew: 220549K->2211K(245760K), 0.0011511 secs] 281891K->63554K(791936K), 0.0012377 secs] [Times: user=0.00 sys=0.00, real=0.02 secs] 
2024-10-01T15:28:38.064+0300: 480.785: Total time for which application threads were stopped: 0.0015986 seconds, Stopping threads took: 0.0002106 seconds
2024-10-01T15:28:43.117+0300: 485.840: Application time: 5.0559548 seconds
2024-10-01T15:28:43.117+0300: 485.841: [GC (Allocation Failure) 2024-10-01T15:28:43.117+0300: 485.841: [DefNew: 220544K->2014K(245760K), 0.0011472 secs] 281887K->63358K(791936K), 0.0012261 secs] [Times: user=0.00 sys=0.00, real=0.00 secs] 
2024-10-01T15:28:43.122+0300: 485.842: Total time for which application threads were stopped: 0.0015811 seconds, Stopping threads took: 0.0002073 seconds
2024-10-01T15:28:48.296+0300: 491.031: Application time: 5.1890615 seconds
2024-10-01T15:28:48.296+0300: 491.031: [GC (Allocation Failure) 2024-10-01T15:28:48.296+0300: 491.031: [DefNew: 220510K->2283K(245760K), 0.0012061 secs] 281854K->63629K(791936K), 0.0012960 secs] [Times: user=0.00 sys=0.00, real=0.02 secs] 
2024-10-01T15:28:48.312+0300: 491.033: Total time for which application threads were stopped: 0.0016541 seconds, Stopping threads took: 0.0002108 seconds
2024-10-01T15:28:53.350+0300: 496.085: Application time: 5.0521196 seconds
2024-10-01T15:28:53.350+0300: 496.085: [GC (Allocation Failure) 2024-10-01T15:28:53.350+0300: 496.085: [DefNew: 220728K->2014K(245760K), 0.0013221 secs] 282073K->63361K(791936K), 0.0014181 secs] [Times: user=0.02 sys=0.00, real=0.02 secs] 
2024-10-01T15:28:53.366+0300: 496.087: Total time for which application threads were stopped: 0.0017276 seconds, Stopping threads took: 0.0001467 seconds
2024-10-01T15:28:58.436+0300: 501.170: Application time: 5.0832619 seconds
2024-10-01T15:28:58.436+0300: 501.170: [GC (Allocation Failure) 2024-10-01T15:28:58.436+0300: 501.170: [DefNew: 220429K->2014K(245760K), 0.0011164 secs] 281776K->63362K(791936K), 0.0012106 secs] [Times: user=0.00 sys=0.00, real=0.00 secs] 
2024-10-01T15:28:58.451+0300: 501.172: Total time for which application threads were stopped: 0.0015838 seconds, Stopping threads took: 0.0002242 seconds
2024-10-01T15:28:59.692+0300: 502.417: Application time: 1.2456984 seconds
2024-10-01T15:28:59.692+0300: 502.418: Total time for which application threads were stopped: 0.0003725 seconds, Stopping threads took: 0.0003048 seconds
2024-10-01T15:29:00.838+0300: 503.561: Application time: 1.1430050 seconds
2024-10-01T15:29:00.838+0300: 503.561: Total time for which application threads were stopped: 0.0001887 seconds, Stopping threads took: 0.0001345 seconds
2024-10-01T15:29:00.916+0300: 503.651: Application time: 0.0897139 seconds
2024-10-01T15:29:00.916+0300: 503.651: Total time for which application threads were stopped: 0.0001715 seconds, Stopping threads took: 0.0001222 seconds
2024-10-01T15:29:01.010+0300: 503.732: Application time: 0.0812904 seconds
2024-10-01T15:29:01.010+0300: 503.732: Total time for which application threads were stopped: 0.0001809 seconds, Stopping threads took: 0.0001282 seconds
2024-10-01T15:29:01.199+0300: 503.919: Application time: 0.1871292 seconds
2024-10-01T15:29:01.199+0300: 503.920: Total time for which application threads were stopped: 0.0002057 seconds, Stopping threads took: 0.0001387 seconds
2024-10-01T15:29:01.434+0300: 504.163: Application time: 0.2438187 seconds
2024-10-01T15:29:01.434+0300: 504.164: Total time for which application threads were stopped: 0.0005872 seconds, Stopping threads took: 0.0005463 seconds
2024-10-01T15:29:04.149+0300: 506.870: Application time: 2.7059914 seconds
2024-10-01T15:29:04.149+0300: 506.870: [GC (Allocation Failure) 2024-10-01T15:29:04.149+0300: 506.870: [DefNew: 220452K->1821K(245760K), 0.0011024 secs] 281800K->63170K(791936K), 0.0012113 secs] [Times: user=0.00 sys=0.00, real=0.00 secs] 
2024-10-01T15:29:04.149+0300: 506.871: Total time for which application threads were stopped: 0.0015024 seconds, Stopping threads took: 0.0001411 seconds
2024-10-01T15:29:09.201+0300: 511.921: Application time: 5.0496418 seconds
2024-10-01T15:29:09.201+0300: 511.921: [GC (Allocation Failure) 2024-10-01T15:29:09.201+0300: 511.921: [DefNew: 220293K->2288K(245760K), 0.0011336 secs] 281643K->63639K(791936K), 0.0012211 secs] [Times: user=0.00 sys=0.00, real=0.00 secs] 
2024-10-01T15:29:09.202+0300: 511.923: Total time for which application threads were stopped: 0.0015678 seconds, Stopping threads took: 0.0001937 seconds
2024-10-01T15:29:14.318+0300: 517.043: Application time: 5.1207919 seconds
2024-10-01T15:29:14.318+0300: 517.044: [GC (Allocation Failure) 2024-10-01T15:29:14.318+0300: 517.044: [DefNew: 220663K->1623K(245760K), 0.0011806 secs] 282014K->62975K(791936K), 0.0012834 secs] [Times: user=0.00 sys=0.00, real=0.00 secs] 
2024-10-01T15:29:14.318+0300: 517.045: Total time for which application threads were stopped: 0.0016997 seconds, Stopping threads took: 0.0001942 seconds
2024-10-01T15:29:19.450+0300: 522.171: Application time: 5.1255167 seconds
2024-10-01T15:29:19.450+0300: 522.171: [GC (Allocation Failure) 2024-10-01T15:29:19.450+0300: 522.171: [DefNew: 220114K->2288K(245760K), 0.0011709 secs] 281466K->63641K(791936K), 0.0012528 secs] [Times: user=0.00 sys=0.00, real=0.00 secs] 
2024-10-01T15:29:19.451+0300: 522.172: Total time for which application threads were stopped: 0.0016022 seconds, Stopping threads took: 0.0001915 seconds
2024-10-01T15:29:24.536+0300: 527.257: Application time: 5.0847530 seconds
2024-10-01T15:29:24.536+0300: 527.257: [GC (Allocation Failure) 2024-10-01T15:29:24.536+0300: 527.257: [DefNew: 220666K->2216K(245760K), 0.0012351 secs] 282019K->63571K(791936K), 0.0013250 secs] [Times: user=0.00 sys=0.00, real=0.00 secs] 
2024-10-01T15:29:24.536+0300: 527.259: Total time for which application threads were stopped: 0.0016448 seconds, Stopping threads took: 0.0001668 seconds
2024-10-01T15:29:29.669+0300: 532.392: Application time: 5.1329046 seconds
2024-10-01T15:29:29.669+0300: 532.392: [GC (Allocation Failure) 2024-10-01T15:29:29.669+0300: 532.392: [DefNew: 220635K->1893K(245760K), 0.0011088 secs] 281989K->63248K(791936K), 0.0012348 secs] [Times: user=0.00 sys=0.00, real=0.00 secs] 
2024-10-01T15:29:29.669+0300: 532.393: Total time for which application threads were stopped: 0.0015865 seconds, Stopping threads took: 0.0001812 seconds
2024-10-01T15:29:34.746+0300: 537.469: Application time: 5.0761194 seconds
2024-10-01T15:29:34.746+0300: 537.470: [GC (Allocation Failure) 2024-10-01T15:29:34.746+0300: 537.470: [DefNew: 220336K->1821K(245760K), 0.0010385 secs] 281692K->63178K(791936K), 0.0011515 secs] [Times: user=0.00 sys=0.00, real=0.00 secs] 
2024-10-01T15:29:34.746+0300: 537.471: Total time for which application threads were stopped: 0.0014803 seconds, Stopping threads took: 0.0001829 seconds
2024-10-01T15:29:39.745+0300: 542.476: Application time: 5.0049582 seconds
2024-10-01T15:29:39.756+0300: 542.476: [GC (Allocation Failure) 2024-10-01T15:29:39.756+0300: 542.476: [DefNew: 220306K->2351K(245760K), 0.0011707 secs] 281663K->63709K(791936K), 0.0012647 secs] [Times: user=0.00 sys=0.00, real=0.00 secs] 
2024-10-01T15:29:39.756+0300: 542.477: Total time for which application threads were stopped: 0.0016639 seconds, Stopping threads took: 0.0002532 seconds
2024-10-01T15:29:44.845+0300: 547.576: Application time: 5.0988124 seconds
2024-10-01T15:29:44.845+0300: 547.577: [GC (Allocation Failure) 2024-10-01T15:29:44.845+0300: 547.577: [DefNew: 220847K->1623K(245760K), 0.0010629 secs] 282205K->62982K(791936K), 0.0011638 secs] [Times: user=0.00 sys=0.00, real=0.00 secs] 
2024-10-01T15:29:44.845+0300: 547.578: Total time for which application threads were stopped: 0.0015372 seconds, Stopping threads took: 0.0002180 seconds
2024-10-01T15:29:50.025+0300: 552.756: Application time: 5.1786049 seconds
2024-10-01T15:29:50.025+0300: 552.757: [GC (Allocation Failure) 2024-10-01T15:29:50.025+0300: 552.757: [DefNew: 220058K->1425K(245760K), 0.0010256 secs] 281418K->62786K(791936K), 0.0011201 secs] [Times: user=0.02 sys=0.00, real=0.00 secs] 
2024-10-01T15:29:50.025+0300: 552.758: Total time for which application threads were stopped: 0.0014714 seconds, Stopping threads took: 0.0002082 seconds
2024-10-01T15:29:55.159+0300: 557.885: Application time: 5.1267289 seconds
2024-10-01T15:29:55.159+0300: 557.885: [GC (Allocation Failure) 2024-10-01T15:29:55.159+0300: 557.885: [DefNew: 219896K->2351K(245760K), 0.0011260 secs] 281256K->63713K(791936K), 0.0012057 secs] [Times: user=0.00 sys=0.00, real=0.00 secs] 
2024-10-01T15:29:55.159+0300: 557.886: Total time for which application threads were stopped: 0.0015223 seconds, Stopping threads took: 0.0001677 seconds
2024-10-01T15:30:00.295+0300: 563.019: Application time: 5.1327727 seconds
2024-10-01T15:30:00.295+0300: 563.019: [GC (Allocation Failure) 2024-10-01T15:30:00.295+0300: 563.019: [DefNew: 220847K->1821K(245760K), 0.0011607 secs] 282209K->63184K(791936K), 0.0012413 secs] [Times: user=0.00 sys=0.00, real=0.00 secs] 
2024-10-01T15:30:00.295+0300: 563.020: Total time for which application threads were stopped: 0.0015644 seconds, Stopping threads took: 0.0001804 seconds
2024-10-01T15:30:05.436+0300: 568.158: Application time: 5.1374231 seconds
2024-10-01T15:30:05.436+0300: 568.158: [GC (Allocation Failure) 2024-10-01T15:30:05.436+0300: 568.159: [DefNew: 220261K->2081K(245760K), 0.0010753 secs] 281624K->63445K(791936K), 0.0011646 secs] [Times: user=0.00 sys=0.00, real=0.00 secs] 
2024-10-01T15:30:05.436+0300: 568.160: Total time for which application threads were stopped: 0.0017859 seconds, Stopping threads took: 0.0004735 seconds
2024-10-01T15:30:10.505+0300: 573.230: Application time: 5.0706148 seconds
2024-10-01T15:30:10.505+0300: 573.231: [GC (Allocation Failure) 2024-10-01T15:30:10.505+0300: 573.231: [DefNew: 220528K->2216K(245760K), 0.0011364 secs] 281892K->63582K(791936K), 0.0012397 secs] [Times: user=0.00 sys=0.00, real=0.00 secs] 
2024-10-01T15:30:10.505+0300: 573.232: Total time for which application threads were stopped: 0.0015635 seconds, Stopping threads took: 0.0001790 seconds
2024-10-01T15:30:15.605+0300: 578.332: Application time: 5.1005149 seconds
2024-10-01T15:30:15.605+0300: 578.333: [GC (Allocation Failure) 2024-10-01T15:30:15.605+0300: 578.333: [DefNew: 220629K->2288K(245760K), 0.0011202 secs] 281995K->63655K(791936K), 0.0012114 secs] [Times: user=0.00 sys=0.00, real=0.00 secs] 
2024-10-01T15:30:15.605+0300: 578.334: Total time for which application threads were stopped: 0.0015361 seconds, Stopping threads took: 0.0001786 seconds
2024-10-01T15:30:20.676+0300: 583.403: Application time: 5.0692614 seconds
2024-10-01T15:30:20.676+0300: 583.403: [GC (Allocation Failure) 2024-10-01T15:30:20.676+0300: 583.404: [DefNew: 220595K->2014K(245760K), 0.0010001 secs] 281962K->63386K(791936K), 0.0010876 secs] [Times: user=0.00 sys=0.00, real=0.00 secs] 
2024-10-01T15:30:20.676+0300: 583.405: Total time for which application threads were stopped: 0.0014258 seconds, Stopping threads took: 0.0002029 seconds
2024-10-01T15:30:25.814+0300: 588.539: Application time: 5.1340588 seconds
2024-10-01T15:30:25.814+0300: 588.539: [GC (Allocation Failure) 2024-10-01T15:30:25.814+0300: 588.539: [DefNew: 220510K->2211K(245760K), 0.0014815 secs] 281882K->63585K(791936K), 0.0015720 secs] [Times: user=0.01 sys=0.00, real=0.01 secs] 
2024-10-01T15:30:25.819+0300: 588.541: Total time for which application threads were stopped: 0.0019443 seconds, Stopping threads took: 0.0002265 seconds
2024-10-01T15:30:31.072+0300: 593.798: Application time: 5.2573900 seconds
2024-10-01T15:30:31.072+0300: 593.798: [GC (Allocation Failure) 2024-10-01T15:30:31.072+0300: 593.798: [DefNew: 220492K->2014K(245760K), 0.0010373 secs] 281866K->63389K(791936K), 0.0011259 secs] [Times: user=0.00 sys=0.00, real=0.00 secs] 
2024-10-01T15:30:31.072+0300: 593.799: Total time for which application threads were stopped: 0.0014576 seconds, Stopping threads took: 0.0001877 seconds
2024-10-01T15:30:36.157+0300: 598.880: Application time: 5.0804431 seconds
2024-10-01T15:30:36.157+0300: 598.880: [GC (Allocation Failure) 2024-10-01T15:30:36.157+0300: 598.880: [DefNew: 220481K->2211K(245760K), 0.0013627 secs] 281857K->63588K(791936K), 0.0014593 secs] [Times: user=0.00 sys=0.00, real=0.00 secs] 
2024-10-01T15:30:36.157+0300: 598.882: Total time for which application threads were stopped: 0.0018887 seconds, Stopping threads took: 0.0002797 seconds
2024-10-01T15:30:41.289+0300: 604.013: Application time: 5.1310588 seconds
2024-10-01T15:30:41.289+0300: 604.013: [GC (Allocation Failure) 2024-10-01T15:30:41.289+0300: 604.013: [DefNew: 220681K->2014K(245760K), 0.0011750 secs] 282057K->63391K(791936K), 0.0012834 secs] [Times: user=0.00 sys=0.00, real=0.00 secs] 
2024-10-01T15:30:41.289+0300: 604.015: Total time for which application threads were stopped: 0.0016580 seconds, Stopping threads took: 0.0002126 seconds
2024-10-01T15:30:46.344+0300: 609.073: Application time: 5.0579610 seconds
2024-10-01T15:30:46.344+0300: 609.073: [GC (Allocation Failure) 2024-10-01T15:30:46.344+0300: 609.073: [DefNew: 220409K->1690K(245760K), 0.0010588 secs] 281787K->63069K(791936K), 0.0011513 secs] [Times: user=0.00 sys=0.00, real=0.00 secs] 
2024-10-01T15:30:46.344+0300: 609.074: Total time for which application threads were stopped: 0.0014865 seconds, Stopping threads took: 0.0001906 seconds
2024-10-01T15:30:51.523+0300: 614.249: Application time: 5.1752071 seconds
2024-10-01T15:30:51.523+0300: 614.249: [GC (Allocation Failure) 2024-10-01T15:30:51.523+0300: 614.250: [DefNew: 220095K->1618K(245760K), 0.0010893 secs] 281474K->62999K(791936K), 0.0011693 secs] [Times: user=0.00 sys=0.00, real=0.01 secs] 
2024-10-01T15:30:51.530+0300: 614.251: Total time for which application threads were stopped: 0.0014972 seconds, Stopping threads took: 0.0001765 seconds
2024-10-01T15:30:56.578+0300: 619.311: Application time: 5.0603885 seconds
2024-10-01T15:30:56.578+0300: 619.311: [GC (Allocation Failure) 2024-10-01T15:30:56.578+0300: 619.311: [DefNew: 219993K->1888K(245760K), 0.0010075 secs] 281374K->63269K(791936K), 0.0010984 secs] [Times: user=0.00 sys=0.00, real=0.00 secs] 
2024-10-01T15:30:56.578+0300: 619.313: Total time for which application threads were stopped: 0.0014609 seconds, Stopping threads took: 0.0002263 seconds
2024-10-01T15:31:01.650+0300: 624.378: Application time: 5.0659060 seconds
2024-10-01T15:31:01.650+0300: 624.379: [GC (Allocation Failure) 2024-10-01T15:31:01.650+0300: 624.379: [DefNew: 220345K->2481K(245760K), 0.0011201 secs] 281727K->63864K(791936K), 0.0012114 secs] [Times: user=0.00 sys=0.00, real=0.00 secs] 
2024-10-01T15:31:01.650+0300: 624.380: Total time for which application threads were stopped: 0.0015779 seconds, Stopping threads took: 0.0002240 seconds
2024-10-01T15:31:06.828+0300: 629.561: Application time: 5.1807257 seconds
2024-10-01T15:31:06.828+0300: 629.561: [GC (Allocation Failure) 2024-10-01T15:31:06.828+0300: 629.561: [DefNew: 220977K->2283K(245760K), 0.0012063 secs] 282360K->63667K(791936K), 0.0012985 secs] [Times: user=0.00 sys=0.00, real=0.00 secs] 
2024-10-01T15:31:06.828+0300: 629.563: Total time for which application threads were stopped: 0.0017459 seconds, Stopping threads took: 0.0002023 seconds
2024-10-01T15:31:11.912+0300: 634.647: Application time: 5.0848015 seconds
2024-10-01T15:31:11.912+0300: 634.648: [GC (Allocation Failure) 2024-10-01T15:31:11.912+0300: 634.648: [DefNew: 220666K->2076K(245760K), 0.0011714 secs] 282050K->63462K(791936K), 0.0012631 secs] [Times: user=0.00 sys=0.00, real=0.02 secs] 
2024-10-01T15:31:11.928+0300: 634.649: Total time for which application threads were stopped: 0.0016217 seconds, Stopping threads took: 0.0002076 seconds
2024-10-01T15:31:17.046+0300: 639.767: Application time: 5.1178932 seconds
2024-10-01T15:31:17.046+0300: 639.767: [GC (Allocation Failure) 2024-10-01T15:31:17.046+0300: 639.767: [DefNew: 220514K->2211K(245760K), 0.0011062 secs] 281899K->63598K(791936K), 0.0012075 secs] [Times: user=0.00 sys=0.00, real=0.00 secs] 
2024-10-01T15:31:17.046+0300: 639.768: Total time for which application threads were stopped: 0.0015321 seconds, Stopping threads took: 0.0001833 seconds
2024-10-01T15:31:22.159+0300: 644.894: Application time: 5.1258202 seconds
2024-10-01T15:31:22.159+0300: 644.895: [GC (Allocation Failure) 2024-10-01T15:31:22.159+0300: 644.895: [DefNew: 220636K->2085K(245760K), 0.0012412 secs] 282023K->63473K(791936K), 0.0013461 secs] [Times: user=0.02 sys=0.00, real=0.02 secs] 
2024-10-01T15:31:22.175+0300: 644.896: Total time for which application threads were stopped: 0.0017182 seconds, Stopping threads took: 0.0002156 seconds
2024-10-01T15:31:27.298+0300: 650.019: Application time: 5.1227228 seconds
2024-10-01T15:31:27.298+0300: 650.019: [GC (Allocation Failure) 2024-10-01T15:31:27.298+0300: 650.019: [DefNew: 220358K->1816K(245760K), 0.0011383 secs] 281746K->63205K(791936K), 0.0012341 secs] [Times: user=0.00 sys=0.00, real=0.00 secs] 
2024-10-01T15:31:27.299+0300: 650.020: Total time for which application threads were stopped: 0.0015968 seconds, Stopping threads took: 0.0002140 seconds
2024-10-01T15:31:32.378+0300: 655.111: Application time: 5.0906931 seconds
2024-10-01T15:31:32.378+0300: 655.111: [GC (Allocation Failure) 2024-10-01T15:31:32.378+0300: 655.111: [DefNew: 220290K->1816K(245760K), 0.0009994 secs] 281679K->63206K(791936K), 0.0010896 secs] [Times: user=0.00 sys=0.00, real=0.00 secs] 
2024-10-01T15:31:32.378+0300: 655.112: Total time for which application threads were stopped: 0.0014114 seconds, Stopping threads took: 0.0001798 seconds
2024-10-01T15:31:37.419+0300: 660.142: Application time: 5.0296287 seconds
2024-10-01T15:31:37.419+0300: 660.142: [GC (Allocation Failure) 2024-10-01T15:31:37.419+0300: 660.142: [DefNew: 220160K->2211K(245760K), 0.0011189 secs] 281550K->63603K(791936K), 0.0012079 secs] [Times: user=0.00 sys=0.00, real=0.00 secs] 
2024-10-01T15:31:37.422+0300: 660.144: Total time for which application threads were stopped: 0.0014915 seconds, Stopping threads took: 0.0001440 seconds
2024-10-01T15:31:42.567+0300: 665.294: Application time: 5.1508863 seconds
2024-10-01T15:31:42.567+0300: 665.295: [GC (Allocation Failure) 2024-10-01T15:31:42.567+0300: 665.295: [DefNew: 220538K->1223K(245760K), 0.0010513 secs] 281929K->62615K(791936K), 0.0011409 secs] [Times: user=0.00 sys=0.00, real=0.01 secs] 
2024-10-01T15:31:42.576+0300: 665.296: Total time for which application threads were stopped: 0.0017475 seconds, Stopping threads took: 0.0004563 seconds
2024-10-01T15:31:47.618+0300: 670.352: Application time: 5.0562380 seconds
2024-10-01T15:31:47.618+0300: 670.353: [GC (Allocation Failure) 2024-10-01T15:31:47.618+0300: 670.353: [DefNew: 219675K->2346K(245760K), 0.0010576 secs] 281068K->63740K(791936K), 0.0011489 secs] [Times: user=0.00 sys=0.00, real=0.00 secs] 
2024-10-01T15:31:47.618+0300: 670.354: Total time for which application threads were stopped: 0.0014810 seconds, Stopping threads took: 0.0001938 seconds
2024-10-01T15:31:52.766+0300: 675.495: Application time: 5.1412677 seconds
2024-10-01T15:31:52.766+0300: 675.495: [GC (Allocation Failure) 2024-10-01T15:31:52.766+0300: 675.495: [DefNew: 220794K->1888K(245760K), 0.0011573 secs] 282188K->63283K(791936K), 0.0012564 secs] [Times: user=0.00 sys=0.00, real=0.00 secs] 
2024-10-01T15:31:52.766+0300: 675.497: Total time for which application threads were stopped: 0.0015463 seconds, Stopping threads took: 0.0001203 seconds
2024-10-01T15:31:57.835+0300: 680.571: Application time: 5.0740357 seconds
2024-10-01T15:31:57.835+0300: 680.571: [GC (Allocation Failure) 2024-10-01T15:31:57.835+0300: 680.571: [DefNew: 220358K->2211K(245760K), 0.0010608 secs] 281753K->63608K(791936K), 0.0011513 secs] [Times: user=0.00 sys=0.00, real=0.02 secs] 
2024-10-01T15:31:57.851+0300: 680.572: Total time for which application threads were stopped: 0.0014829 seconds, Stopping threads took: 0.0001936 seconds
2024-10-01T15:32:03.004+0300: 685.728: Application time: 5.1554595 seconds
2024-10-01T15:32:03.004+0300: 685.728: [GC (Allocation Failure) 2024-10-01T15:32:03.004+0300: 685.728: [DefNew: 220677K->2014K(245760K), 0.0010656 secs] 282073K->63411K(791936K), 0.0011473 secs] [Times: user=0.00 sys=0.00, real=0.00 secs] 
2024-10-01T15:32:03.004+0300: 685.729: Total time for which application threads were stopped: 0.0014769 seconds, Stopping threads took: 0.0001878 seconds
2024-10-01T15:32:08.084+0300: 690.814: Application time: 5.0851128 seconds
2024-10-01T15:32:08.084+0300: 690.815: [GC (Allocation Failure) 2024-10-01T15:32:08.084+0300: 690.815: [DefNew: 220446K->2014K(245760K), 0.0010043 secs] 281844K->63413K(791936K), 0.0010940 secs] [Times: user=0.00 sys=0.00, real=0.00 secs] 
2024-10-01T15:32:08.084+0300: 690.816: Total time for which application threads were stopped: 0.0014583 seconds, Stopping threads took: 0.0002274 seconds
2024-10-01T15:32:13.170+0300: 695.899: Application time: 5.0828108 seconds
2024-10-01T15:32:13.170+0300: 695.899: [GC (Allocation Failure) 2024-10-01T15:32:13.170+0300: 695.899: [DefNew: 220344K->2014K(245760K), 0.0011417 secs] 281743K->63414K(791936K), 0.0012312 secs] [Times: user=0.00 sys=0.00, real=0.00 secs] 
2024-10-01T15:32:13.170+0300: 695.900: Total time for which application threads were stopped: 0.0015430 seconds, Stopping threads took: 0.0001676 seconds
2024-10-01T15:32:18.364+0300: 701.087: Application time: 5.1869868 seconds
2024-10-01T15:32:18.364+0300: 701.087: [GC (Allocation Failure) 2024-10-01T15:32:18.364+0300: 701.088: [DefNew: 220440K->2283K(245760K), 0.0010517 secs] 281840K->63685K(791936K), 0.0011391 secs] [Times: user=0.00 sys=0.00, real=0.00 secs] 
2024-10-01T15:32:18.364+0300: 701.089: Total time for which application threads were stopped: 0.0015345 seconds, Stopping threads took: 0.0002462 seconds
2024-10-01T15:32:23.495+0300: 706.218: Application time: 5.1294273 seconds
2024-10-01T15:32:23.495+0300: 706.218: [GC (Allocation Failure) 2024-10-01T15:32:23.495+0300: 706.218: [DefNew: 220779K->2211K(245760K), 0.0010663 secs] 282181K->63614K(791936K), 0.0011607 secs] [Times: user=0.00 sys=0.00, real=0.00 secs] 
2024-10-01T15:32:23.495+0300: 706.220: Total time for which application threads were stopped: 0.0014585 seconds, Stopping threads took: 0.0001588 seconds
2024-10-01T15:32:28.580+0300: 711.311: Application time: 5.0915103 seconds
2024-10-01T15:32:28.580+0300: 711.311: [GC (Allocation Failure) 2024-10-01T15:32:28.580+0300: 711.311: [DefNew: 220591K->2086K(245760K), 0.0010846 secs] 281993K->63489K(791936K), 0.0011656 secs] [Times: user=0.00 sys=0.00, real=0.00 secs] 
2024-10-01T15:32:28.580+0300: 711.313: Total time for which application threads were stopped: 0.0015106 seconds, Stopping threads took: 0.0002024 seconds
2024-10-01T15:32:33.695+0300: 716.416: Application time: 5.1034220 seconds
2024-10-01T15:32:33.695+0300: 716.416: [GC (Allocation Failure) 2024-10-01T15:32:33.695+0300: 716.416: [DefNew: 220513K->2077K(245760K), 0.0010395 secs] 281916K->63482K(791936K), 0.0011303 secs] [Times: user=0.00 sys=0.00, real=0.00 secs] 
2024-10-01T15:32:33.695+0300: 716.417: Total time for which application threads were stopped: 0.0014123 seconds, Stopping threads took: 0.0001439 seconds
2024-10-01T15:32:38.810+0300: 721.546: Application time: 5.1280889 seconds
2024-10-01T15:32:38.810+0300: 721.546: [GC (Allocation Failure) 2024-10-01T15:32:38.810+0300: 721.546: [DefNew: 220541K->1618K(245760K), 0.0010516 secs] 281947K->63025K(791936K), 0.0011400 secs] [Times: user=0.00 sys=0.00, real=0.02 secs] 
2024-10-01T15:32:38.826+0300: 721.547: Total time for which application threads were stopped: 0.0015258 seconds, Stopping threads took: 0.0002424 seconds
2024-10-01T15:32:43.895+0300: 726.626: Application time: 5.0792873 seconds
2024-10-01T15:32:43.895+0300: 726.627: [GC (Allocation Failure) 2024-10-01T15:32:43.895+0300: 726.627: [DefNew: 220094K->1816K(245760K), 0.0010303 secs] 281500K->63223K(791936K), 0.0011213 secs] [Times: user=0.00 sys=0.00, real=0.01 secs] 
2024-10-01T15:32:43.907+0300: 726.628: Total time for which application threads were stopped: 0.0014936 seconds, Stopping threads took: 0.0002200 seconds
2024-10-01T15:32:46.889+0300: 729.621: Application time: 2.9928414 seconds
2024-10-01T15:32:46.889+0300: 729.621: [GC (Allocation Failure) 2024-10-01T15:32:46.889+0300: 729.621: [DefNew: 220312K->1816K(245760K), 0.0017961 secs] 281719K->63225K(791936K), 0.0018817 secs] [Times: user=0.00 sys=0.00, real=0.00 secs] 
2024-10-01T15:32:46.889+0300: 729.623: Total time for which application threads were stopped: 0.0021097 seconds, Stopping threads took: 0.0001178 seconds
2024-10-01T15:32:49.336+0300: 732.065: Application time: 2.4423082 seconds
2024-10-01T15:32:49.336+0300: 732.065: [GC (Allocation Failure) 2024-10-01T15:32:49.336+0300: 732.065: [DefNew: 220309K->2014K(245760K), 0.0009711 secs] 281718K->63424K(791936K), 0.0010401 secs] [Times: user=0.00 sys=0.00, real=0.00 secs] 
2024-10-01T15:32:49.336+0300: 732.066: Total time for which application threads were stopped: 0.0012615 seconds, Stopping threads took: 0.0001277 seconds
2024-10-01T15:32:51.345+0300: 734.065: Application time: 1.9987619 seconds
2024-10-01T15:32:51.345+0300: 734.065: Total time for which application threads were stopped: 0.0003604 seconds, Stopping threads took: 0.0003037 seconds
2024-10-01T15:32:51.706+0300: 734.430: Application time: 0.3641450 seconds
2024-10-01T15:32:51.706+0300: 734.430: [GC (Allocation Failure) 2024-10-01T15:32:51.706+0300: 734.430: [DefNew: 220365K->1816K(245760K), 0.0009865 secs] 281775K->63227K(791936K), 0.0010638 secs] [Times: user=0.00 sys=0.00, real=0.00 secs] 
2024-10-01T15:32:51.706+0300: 734.431: Total time for which application threads were stopped: 0.0012834 seconds, Stopping threads took: 0.0001227 seconds
2024-10-01T15:32:54.076+0300: 736.806: Application time: 2.3755182 seconds
2024-10-01T15:32:54.076+0300: 736.807: [GC (Allocation Failure) 2024-10-01T15:32:54.076+0300: 736.807: [DefNew: 220147K->1618K(245760K), 0.0008138 secs] 281558K->63031K(791936K), 0.0008747 secs] [Times: user=0.00 sys=0.00, real=0.00 secs] 
2024-10-01T15:32:54.076+0300: 736.808: Total time for which application threads were stopped: 0.0011031 seconds, Stopping threads took: 0.0000998 seconds
2024-10-01T15:32:56.429+0300: 739.149: Application time: 2.3419339 seconds
2024-10-01T15:32:56.429+0300: 739.150: [GC (Allocation Failure) 2024-10-01T15:32:56.429+0300: 739.150: [DefNew: 220113K->2481K(245760K), 0.0012280 secs] 281526K->63895K(791936K), 0.0013019 secs] [Times: user=0.00 sys=0.00, real=0.00 secs] 
2024-10-01T15:32:56.429+0300: 739.151: Total time for which application threads were stopped: 0.0015278 seconds, Stopping threads took: 0.0001163 seconds
2024-10-01T15:32:59.880+0300: 742.613: Application time: 3.4617256 seconds
2024-10-01T15:32:59.880+0300: 742.613: [GC (Allocation Failure) 2024-10-01T15:32:59.880+0300: 742.613: [DefNew: 220977K->2014K(245760K), 0.0009197 secs] 282391K->63429K(791936K), 0.0009909 secs] [Times: user=0.00 sys=0.00, real=0.00 secs] 
2024-10-01T15:32:59.880+0300: 742.614: Total time for which application threads were stopped: 0.0012246 seconds, Stopping threads took: 0.0001315 seconds
2024-10-01T15:33:01.984+0300: 744.712: Application time: 2.0976636 seconds
2024-10-01T15:33:01.984+0300: 744.712: Total time for which application threads were stopped: 0.0001671 seconds, Stopping threads took: 0.0001234 seconds
2024-10-01T15:33:02.595+0300: 745.327: Application time: 0.6149446 seconds
2024-10-01T15:33:02.595+0300: 745.327: Total time for which application threads were stopped: 0.0002397 seconds, Stopping threads took: 0.0001981 seconds
2024-10-01T15:33:02.814+0300: 745.550: Application time: 0.2225483 seconds
2024-10-01T15:33:02.814+0300: 745.550: Total time for which application threads were stopped: 0.0002375 seconds, Stopping threads took: 0.0002066 seconds
2024-10-01T15:33:02.861+0300: 745.588: Application time: 0.0378605 seconds
2024-10-01T15:33:02.861+0300: 745.588: [GC (Allocation Failure) 2024-10-01T15:33:02.861+0300: 745.588: [DefNew: 220413K->2216K(245760K), 0.0014021 secs] 281828K->63632K(791936K), 0.0015108 secs] [Times: user=0.00 sys=0.00, real=0.00 secs] 
2024-10-01T15:33:02.861+0300: 745.590: Total time for which application threads were stopped: 0.0018662 seconds, Stopping threads took: 0.0002148 seconds
2024-10-01T15:33:05.279+0300: 748.004: Application time: 2.4146361 seconds
2024-10-01T15:33:05.279+0300: 748.004: [GC (Allocation Failure) 2024-10-01T15:33:05.279+0300: 748.004: [DefNew: 220447K->1820K(245760K), 0.0009381 secs] 281864K->63238K(791936K), 0.0010580 secs] [Times: user=0.00 sys=0.00, real=0.00 secs] 
2024-10-01T15:33:05.279+0300: 748.006: Total time for which application threads were stopped: 0.0013571 seconds, Stopping threads took: 0.0001457 seconds
2024-10-01T15:33:07.633+0300: 750.367: Application time: 2.3614123 seconds
2024-10-01T15:33:07.633+0300: 750.367: [GC (Allocation Failure) 2024-10-01T15:33:07.633+0300: 750.367: [DefNew: 220316K->1892K(245760K), 0.0009767 secs] 281734K->63311K(791936K), 0.0010526 secs] [Times: user=0.02 sys=0.00, real=0.00 secs] 
2024-10-01T15:33:07.633+0300: 750.368: Total time for which application threads were stopped: 0.0013085 seconds, Stopping threads took: 0.0001434 seconds
2024-10-01T15:33:09.987+0300: 752.714: Application time: 2.3453611 seconds
2024-10-01T15:33:09.987+0300: 752.714: [GC (Allocation Failure) 2024-10-01T15:33:09.987+0300: 752.714: [DefNew: 220388K->2485K(245760K), 0.0011664 secs] 281807K->63905K(791936K), 0.0012460 secs] [Times: user=0.00 sys=0.00, real=0.00 secs] 
2024-10-01T15:33:09.987+0300: 752.715: Total time for which application threads were stopped: 0.0014666 seconds, Stopping threads took: 0.0001114 seconds
2024-10-01T15:33:12.389+0300: 755.110: Application time: 2.3952359 seconds
2024-10-01T15:33:12.389+0300: 755.111: [GC (Allocation Failure) 2024-10-01T15:33:12.389+0300: 755.111: [DefNew: 220981K->2089K(245760K), 0.0010670 secs] 282401K->63511K(791936K), 0.0011540 secs] [Times: user=0.00 sys=0.00, real=0.00 secs] 
2024-10-01T15:33:12.391+0300: 755.112: Total time for which application threads were stopped: 0.0014710 seconds, Stopping threads took: 0.0002065 seconds
2024-10-01T15:33:14.743+0300: 757.464: Application time: 2.3517775 seconds
2024-10-01T15:33:14.743+0300: 757.464: [GC (Allocation Failure) 2024-10-01T15:33:14.743+0300: 757.464: [DefNew: 220585K->2215K(245760K), 0.0010924 secs] 282007K->63638K(791936K), 0.0011856 secs] [Times: user=0.00 sys=0.00, real=0.00 secs] 
2024-10-01T15:33:14.743+0300: 757.465: Total time for which application threads were stopped: 0.0017280 seconds, Stopping threads took: 0.0004286 seconds
2024-10-01T15:33:17.191+0300: 759.917: Application time: 2.4520276 seconds
2024-10-01T15:33:17.191+0300: 759.917: [GC (Allocation Failure) 2024-10-01T15:33:17.191+0300: 759.918: [DefNew: 220640K->1820K(245760K), 0.0011011 secs] 282062K->63244K(791936K), 0.0011863 secs] [Times: user=0.00 sys=0.00, real=0.00 secs] 
2024-10-01T15:33:17.191+0300: 759.919: Total time for which application threads were stopped: 0.0014113 seconds, Stopping threads took: 0.0001128 seconds
2024-10-01T15:33:19.530+0300: 762.264: Application time: 2.3457311 seconds
2024-10-01T15:33:19.530+0300: 762.265: [GC (Allocation Failure) 2024-10-01T15:33:19.530+0300: 762.265: [DefNew: 220208K->2090K(245760K), 0.0011938 secs] 281632K->63515K(791936K), 0.0012673 secs] [Times: user=0.02 sys=0.00, real=0.02 secs] 
2024-10-01T15:33:19.545+0300: 762.266: Total time for which application threads were stopped: 0.0014967 seconds, Stopping threads took: 0.0001248 seconds
2024-10-01T15:33:21.883+0300: 764.610: Application time: 2.3439708 seconds
2024-10-01T15:33:21.883+0300: 764.610: [GC (Allocation Failure) 2024-10-01T15:33:21.883+0300: 764.610: [DefNew: 220586K->1892K(245760K), 0.0016218 secs] 282011K->63318K(791936K), 0.0016984 secs] [Times: user=0.00 sys=0.00, real=0.00 secs] 
2024-10-01T15:33:21.883+0300: 764.612: Total time for which application threads were stopped: 0.0019341 seconds, Stopping threads took: 0.0001304 seconds
2024-10-01T15:33:24.285+0300: 767.018: Application time: 2.4059348 seconds
2024-10-01T15:33:24.285+0300: 767.018: [GC (Allocation Failure) 2024-10-01T15:33:24.285+0300: 767.018: [DefNew: 220155K->1623K(245760K), 0.0010323 secs] 281581K->63050K(791936K), 0.0011036 secs] [Times: user=0.02 sys=0.00, real=0.01 secs] 
2024-10-01T15:33:24.298+0300: 767.019: Total time for which application threads were stopped: 0.0013603 seconds, Stopping threads took: 0.0001341 seconds
2024-10-01T15:33:26.655+0300: 769.386: Application time: 2.3670042 seconds
2024-10-01T15:33:26.655+0300: 769.386: [GC (Allocation Failure) 2024-10-01T15:33:26.655+0300: 769.386: [DefNew: 220104K->2485K(245760K), 0.0012818 secs] 281531K->63914K(791936K), 0.0013789 secs] [Times: user=0.00 sys=0.00, real=0.00 secs] 
2024-10-01T15:33:26.655+0300: 769.388: Total time for which application threads were stopped: 0.0016534 seconds, Stopping threads took: 0.0001505 seconds
2024-10-01T15:33:29.073+0300: 771.801: Application time: 2.4132878 seconds
2024-10-01T15:33:29.073+0300: 771.801: [GC (Allocation Failure) 2024-10-01T15:33:29.073+0300: 771.801: [DefNew: 220981K->2288K(245760K), 0.0009604 secs] 282410K->63717K(791936K), 0.0010303 secs] [Times: user=0.00 sys=0.00, real=0.00 secs] 
2024-10-01T15:33:29.073+0300: 771.802: Total time for which application threads were stopped: 0.0012523 seconds, Stopping threads took: 0.0001159 seconds
2024-10-01T15:33:31.489+0300: 774.224: Application time: 2.4213624 seconds
2024-10-01T15:33:31.489+0300: 774.224: [GC (Allocation Failure) 2024-10-01T15:33:31.489+0300: 774.224: [DefNew: 220784K->2018K(245760K), 0.0007505 secs] 282213K->63449K(791936K), 0.0008212 secs] [Times: user=0.00 sys=0.00, real=0.00 secs] 
2024-10-01T15:33:31.489+0300: 774.225: Total time for which application threads were stopped: 0.0010987 seconds, Stopping threads took: 0.0001773 seconds
2024-10-01T15:33:33.890+0300: 776.610: Application time: 2.3856116 seconds
2024-10-01T15:33:33.890+0300: 776.611: [GC (Allocation Failure) 2024-10-01T15:33:33.890+0300: 776.611: [DefNew: 220504K->2485K(245760K), 0.0012332 secs] 281935K->63918K(791936K), 0.0013260 secs] [Times: user=0.00 sys=0.00, real=0.00 secs] 
2024-10-01T15:33:33.890+0300: 776.612: Total time for which application threads were stopped: 0.0015973 seconds, Stopping threads took: 0.0001522 seconds
2024-10-01T15:33:36.307+0300: 779.032: Application time: 2.4195357 seconds
2024-10-01T15:33:36.307+0300: 779.032: [GC (Allocation Failure) 2024-10-01T15:33:36.307+0300: 779.032: [DefNew: 220932K->2018K(245760K), 0.0012192 secs] 282365K->63452K(791936K), 0.0012975 secs] [Times: user=0.00 sys=0.00, real=0.01 secs] 
2024-10-01T15:33:36.312+0300: 779.033: Total time for which application threads were stopped: 0.0015526 seconds, Stopping threads took: 0.0001473 seconds
2024-10-01T15:33:38.692+0300: 781.420: Application time: 2.3870588 seconds
2024-10-01T15:33:38.692+0300: 781.420: [GC (Allocation Failure) 2024-10-01T15:33:38.692+0300: 781.420: [DefNew: 220439K->1816K(245760K), 0.0009191 secs] 281873K->63255K(791936K), 0.0009977 secs] [Times: user=0.00 sys=0.00, real=0.00 secs] 
2024-10-01T15:33:38.692+0300: 781.421: Total time for which application threads were stopped: 0.0012531 seconds, Stopping threads took: 0.0001494 seconds
2024-10-01T15:33:41.063+0300: 783.786: Application time: 2.3640655 seconds
2024-10-01T15:33:41.063+0300: 783.786: [GC (Allocation Failure) 2024-10-01T15:33:41.063+0300: 783.786: [DefNew: 220245K->2283K(245760K), 0.0010892 secs] 281684K->63724K(791936K), 0.0011555 secs] [Times: user=0.00 sys=0.00, real=0.00 secs] 
2024-10-01T15:33:41.063+0300: 783.787: Total time for which application threads were stopped: 0.0013718 seconds, Stopping threads took: 0.0001078 seconds
2024-10-01T15:33:43.467+0300: 786.192: Application time: 2.4050450 seconds
2024-10-01T15:33:43.467+0300: 786.192: [GC (Allocation Failure) 2024-10-01T15:33:43.467+0300: 786.192: [DefNew: 220560K->1618K(245760K), 0.0009111 secs] 282001K->63060K(791936K), 0.0009869 secs] [Times: user=0.00 sys=0.00, real=0.00 secs] 
2024-10-01T15:33:43.467+0300: 786.193: Total time for which application threads were stopped: 0.0012412 seconds, Stopping threads took: 0.0001446 seconds
2024-10-01T15:33:45.882+0300: 788.614: Application time: 2.4206150 seconds
2024-10-01T15:33:45.882+0300: 788.614: [GC (Allocation Failure) 2024-10-01T15:33:45.882+0300: 788.614: [DefNew: 220000K->1816K(245760K), 0.0008608 secs] 281442K->63259K(791936K), 0.0009474 secs] [Times: user=0.00 sys=0.00, real=0.00 secs] 
2024-10-01T15:33:45.882+0300: 788.615: Total time for which application threads were stopped: 0.0012356 seconds, Stopping threads took: 0.0001601 seconds
2024-10-01T15:33:48.283+0300: 791.012: Application time: 2.3969664 seconds
2024-10-01T15:33:48.283+0300: 791.012: [GC (Allocation Failure) 2024-10-01T15:33:48.283+0300: 791.012: [DefNew: 220269K->2014K(245760K), 0.0010729 secs] 281712K->63458K(791936K), 0.0011576 secs] [Times: user=0.00 sys=0.00, real=0.00 secs] 
2024-10-01T15:33:48.283+0300: 791.013: Total time for which application threads were stopped: 0.0014009 seconds, Stopping threads took: 0.0001341 seconds
2024-10-01T15:33:50.702+0300: 793.422: Application time: 2.4090388 seconds
2024-10-01T15:33:50.702+0300: 793.423: [GC (Allocation Failure) 2024-10-01T15:33:50.702+0300: 793.423: [DefNew: 220510K->1816K(245760K), 0.0011014 secs] 281954K->63261K(791936K), 0.0011824 secs] [Times: user=0.00 sys=0.00, real=0.00 secs] 
2024-10-01T15:33:50.703+0300: 793.424: Total time for which application threads were stopped: 0.0014159 seconds, Stopping threads took: 0.0001270 seconds
2024-10-01T15:33:53.100+0300: 795.826: Application time: 2.4017815 seconds
2024-10-01T15:33:53.100+0300: 795.826: [GC (Allocation Failure) 2024-10-01T15:33:53.100+0300: 795.826: [DefNew: 220186K->1816K(245760K), 0.0016149 secs] 281631K->63262K(791936K), 0.0017249 secs] [Times: user=0.00 sys=0.00, real=0.01 secs] 
2024-10-01T15:33:53.107+0300: 795.828: Total time for which application threads were stopped: 0.0019622 seconds, Stopping threads took: 0.0001332 seconds
2024-10-01T15:33:55.501+0300: 798.226: Application time: 2.3982229 seconds
2024-10-01T15:33:55.501+0300: 798.226: [GC (Allocation Failure) 2024-10-01T15:33:55.501+0300: 798.226: [DefNew: 220291K->1816K(245760K), 0.0012552 secs] 281738K->63264K(791936K), 0.0013451 secs] [Times: user=0.00 sys=0.00, real=0.00 secs] 
2024-10-01T15:33:55.501+0300: 798.227: Total time for which application threads were stopped: 0.0015749 seconds, Stopping threads took: 0.0001243 seconds
2024-10-01T15:33:57.903+0300: 800.628: Application time: 2.4002902 seconds
2024-10-01T15:33:57.903+0300: 800.628: [GC (Allocation Failure) 2024-10-01T15:33:57.903+0300: 800.628: [DefNew: 220250K->2346K(245760K), 0.0010863 secs] 281697K->63795K(791936K), 0.0011522 secs] [Times: user=0.00 sys=0.00, real=0.00 secs] 
2024-10-01T15:33:57.908+0300: 800.629: Total time for which application threads were stopped: 0.0013648 seconds, Stopping threads took: 0.0001128 seconds
2024-10-01T15:34:00.257+0300: 802.989: Application time: 2.3596387 seconds
2024-10-01T15:34:00.257+0300: 802.989: [GC (Allocation Failure) 2024-10-01T15:34:00.257+0300: 802.989: [DefNew: 220675K->2211K(245760K), 0.0014049 secs] 282124K->63662K(791936K), 0.0014733 secs] [Times: user=0.00 sys=0.00, real=0.00 secs] 
2024-10-01T15:34:00.257+0300: 802.991: Total time for which application threads were stopped: 0.0018130 seconds, Stopping threads took: 0.0002151 seconds
2024-10-01T15:34:02.658+0300: 805.392: Application time: 2.4011342 seconds
2024-10-01T15:34:02.658+0300: 805.392: [GC (Allocation Failure) 2024-10-01T15:34:02.658+0300: 805.392: [DefNew: 220582K->1618K(245760K), 0.0012522 secs] 282032K->63070K(791936K), 0.0013351 secs] [Times: user=0.00 sys=0.00, real=0.01 secs] 
2024-10-01T15:34:02.672+0300: 805.393: Total time for which application threads were stopped: 0.0015627 seconds, Stopping threads took: 0.0001113 seconds
2024-10-01T15:34:05.045+0300: 807.773: Application time: 2.3792927 seconds
2024-10-01T15:34:05.045+0300: 807.773: [GC (Allocation Failure) 2024-10-01T15:34:05.045+0300: 807.773: [DefNew: 219947K->2014K(245760K), 0.0010914 secs] 281399K->63466K(791936K), 0.0012043 secs] [Times: user=0.00 sys=0.00, real=0.00 secs] 
2024-10-01T15:34:05.045+0300: 807.774: Total time for which application threads were stopped: 0.0014687 seconds, Stopping threads took: 0.0001303 seconds
2024-10-01T15:34:07.447+0300: 810.179: Application time: 2.4046607 seconds
2024-10-01T15:34:07.447+0300: 810.179: [GC (Allocation Failure) 2024-10-01T15:34:07.447+0300: 810.179: [DefNew: 220486K->1816K(245760K), 0.0010178 secs] 281939K->63270K(791936K), 0.0011019 secs] [Times: user=0.02 sys=0.00, real=0.01 secs] 
2024-10-01T15:34:07.459+0300: 810.180: Total time for which application threads were stopped: 0.0014282 seconds, Stopping threads took: 0.0002013 seconds
2024-10-01T15:34:09.847+0300: 812.579: Application time: 2.3993746 seconds
2024-10-01T15:34:09.847+0300: 812.580: [GC (Allocation Failure) 2024-10-01T15:34:09.847+0300: 812.580: [DefNew: 220165K->1618K(245760K), 0.0008913 secs] 281619K->63074K(791936K), 0.0009560 secs] [Times: user=0.00 sys=0.00, real=0.00 secs] 
2024-10-01T15:34:09.847+0300: 812.581: Total time for which application threads were stopped: 0.0012063 seconds, Stopping threads took: 0.0001622 seconds
2024-10-01T15:34:12.264+0300: 814.987: Application time: 2.4067695 seconds
2024-10-01T15:34:12.264+0300: 814.988: [GC (Allocation Failure) 2024-10-01T15:34:12.264+0300: 814.988: [DefNew: 220024K->2014K(245760K), 0.0009090 secs] 281480K->63470K(791936K), 0.0009746 secs] [Times: user=0.00 sys=0.00, real=0.00 secs] 
2024-10-01T15:34:12.268+0300: 814.989: Total time for which application threads were stopped: 0.0012085 seconds, Stopping threads took: 0.0001384 seconds
2024-10-01T15:34:14.665+0300: 817.393: Application time: 2.4043721 seconds
2024-10-01T15:34:14.665+0300: 817.393: [GC (Allocation Failure) 2024-10-01T15:34:14.665+0300: 817.393: [DefNew: 220352K->2014K(245760K), 0.0009279 secs] 281809K->63471K(791936K), 0.0009955 secs] [Times: user=0.00 sys=0.00, real=0.00 secs] 
2024-10-01T15:34:14.665+0300: 817.394: Total time for which application threads were stopped: 0.0012514 seconds, Stopping threads took: 0.0001482 seconds
2024-10-01T15:34:17.098+0300: 819.829: Application time: 2.4351763 seconds
2024-10-01T15:34:17.098+0300: 819.830: [GC (Allocation Failure) 2024-10-01T15:34:17.098+0300: 819.830: [DefNew: 220480K->1753K(245760K), 0.0008374 secs] 281938K->63212K(791936K), 0.0009150 secs] [Times: user=0.00 sys=0.00, real=0.00 secs] 
2024-10-01T15:34:17.098+0300: 819.831: Total time for which application threads were stopped: 0.0012237 seconds, Stopping threads took: 0.0001980 seconds
2024-10-01T15:34:19.483+0300: 822.213: Application time: 2.3825115 seconds
2024-10-01T15:34:19.483+0300: 822.213: [GC (Allocation Failure) 2024-10-01T15:34:19.483+0300: 822.214: [DefNew: 220090K->2014K(245760K), 0.0009924 secs] 281549K->63474K(791936K), 0.0011044 secs] [Times: user=0.00 sys=0.00, real=0.00 secs] 
2024-10-01T15:34:19.483+0300: 822.215: Total time for which application threads were stopped: 0.0014032 seconds, Stopping threads took: 0.0001873 seconds
2024-10-01T15:34:21.886+0300: 824.613: Application time: 2.3981077 seconds
2024-10-01T15:34:21.886+0300: 824.613: [GC (Allocation Failure) 2024-10-01T15:34:21.886+0300: 824.613: [DefNew: 220382K->2211K(245760K), 0.0010292 secs] 281842K->63673K(791936K), 0.0011021 secs] [Times: user=0.00 sys=0.00, real=0.01 secs] 
2024-10-01T15:34:21.893+0300: 824.614: Total time for which application threads were stopped: 0.0013258 seconds, Stopping threads took: 0.0001203 seconds
2024-10-01T15:34:24.287+0300: 827.008: Application time: 2.3939429 seconds
2024-10-01T15:34:24.287+0300: 827.008: [GC (Allocation Failure) 2024-10-01T15:34:24.287+0300: 827.008: [DefNew: 220660K->2481K(245760K), 0.0011981 secs] 282121K->63944K(791936K), 0.0013041 secs] [Times: user=0.00 sys=0.00, real=0.00 secs] 
2024-10-01T15:34:24.287+0300: 827.010: Total time for which application threads were stopped: 0.0016045 seconds, Stopping threads took: 0.0001770 seconds
2024-10-01T15:34:26.704+0300: 829.426: Application time: 2.4160232 seconds
2024-10-01T15:34:26.704+0300: 829.426: [GC (Allocation Failure) 2024-10-01T15:34:26.704+0300: 829.426: [DefNew: 220977K->2014K(245760K), 0.0009187 secs] 282440K->63478K(791936K), 0.0009844 secs] [Times: user=0.00 sys=0.00, real=0.00 secs] 
2024-10-01T15:34:26.706+0300: 829.427: Total time for which application threads were stopped: 0.0012125 seconds, Stopping threads took: 0.0001346 seconds
2024-10-01T15:34:29.137+0300: 831.861: Application time: 2.4340492 seconds
2024-10-01T15:34:29.137+0300: 831.861: [GC (Allocation Failure) 2024-10-01T15:34:29.137+0300: 831.861: [DefNew: 220506K->2283K(245760K), 0.0012470 secs] 281970K->63748K(791936K), 0.0013233 secs] [Times: user=0.00 sys=0.00, real=0.00 secs] 
2024-10-01T15:34:29.142+0300: 831.862: Total time for which application threads were stopped: 0.0015822 seconds, Stopping threads took: 0.0001279 seconds
2024-10-01T15:34:31.539+0300: 834.265: Application time: 2.4024772 seconds
2024-10-01T15:34:31.539+0300: 834.265: [GC (Allocation Failure) 2024-10-01T15:34:31.539+0300: 834.265: [DefNew: 220648K->2085K(245760K), 0.0010961 secs] 282113K->63552K(791936K), 0.0012530 secs] [Times: user=0.00 sys=0.00, real=0.00 secs] 
2024-10-01T15:34:31.539+0300: 834.267: Total time for which application threads were stopped: 0.0015545 seconds, Stopping threads took: 0.0001677 seconds
2024-10-01T15:34:33.972+0300: 836.707: Application time: 2.4403635 seconds
2024-10-01T15:34:33.972+0300: 836.707: [GC (Allocation Failure) 2024-10-01T15:34:33.972+0300: 836.707: [DefNew: 220537K->1951K(245760K), 0.0008681 secs] 282003K->63418K(791936K), 0.0009880 secs] [Times: user=0.00 sys=0.00, real=0.02 secs] 
2024-10-01T15:34:33.988+0300: 836.708: Total time for which application threads were stopped: 0.0013534 seconds, Stopping threads took: 0.0002455 seconds
2024-10-01T15:34:36.390+0300: 839.111: Application time: 2.4024961 seconds
2024-10-01T15:34:36.390+0300: 839.111: [GC (Allocation Failure) 2024-10-01T15:34:36.390+0300: 839.111: [DefNew: 220403K->1879K(245760K), 0.0010711 secs] 281870K->63348K(791936K), 0.0011399 secs] [Times: user=0.00 sys=0.00, real=0.00 secs] 
2024-10-01T15:34:36.390+0300: 839.112: Total time for which application threads were stopped: 0.0015456 seconds, Stopping threads took: 0.0002987 seconds
2024-10-01T15:34:38.807+0300: 841.541: Application time: 2.4291982 seconds
2024-10-01T15:34:38.807+0300: 841.542: [GC (Allocation Failure) 2024-10-01T15:34:38.807+0300: 841.542: [DefNew: 220280K->1816K(245760K), 0.0009861 secs] 281749K->63286K(791936K), 0.0010701 secs] [Times: user=0.01 sys=0.00, real=0.02 secs] 
2024-10-01T15:34:38.822+0300: 841.543: Total time for which application threads were stopped: 0.0014009 seconds, Stopping threads took: 0.0001901 seconds
2024-10-01T15:34:41.224+0300: 843.946: Application time: 2.4034972 seconds
2024-10-01T15:34:41.224+0300: 843.947: [GC (Allocation Failure) 2024-10-01T15:34:41.224+0300: 843.947: [DefNew: 220312K->2481K(245760K), 0.0014758 secs] 281782K->63952K(791936K), 0.0016079 secs] [Times: user=0.00 sys=0.00, real=0.00 secs] 
2024-10-01T15:34:41.224+0300: 843.948: Total time for which application threads were stopped: 0.0018749 seconds, Stopping threads took: 0.0001308 seconds
2024-10-01T15:34:43.640+0300: 846.372: Application time: 2.4236101 seconds
2024-10-01T15:34:43.640+0300: 846.372: [GC (Allocation Failure) 2024-10-01T15:34:43.640+0300: 846.372: [DefNew: 220945K->2014K(245760K), 0.0010822 secs] 282417K->63486K(791936K), 0.0011528 secs] [Times: user=0.02 sys=0.00, real=0.01 secs] 
2024-10-01T15:34:43.652+0300: 846.373: Total time for which application threads were stopped: 0.0014258 seconds, Stopping threads took: 0.0001653 seconds
2024-10-01T15:34:46.073+0300: 848.794: Application time: 2.4206574 seconds
2024-10-01T15:34:46.073+0300: 848.794: [GC (Allocation Failure) 2024-10-01T15:34:46.073+0300: 848.794: [DefNew: 220410K->2014K(245760K), 0.0007726 secs] 281883K->63488K(791936K), 0.0008347 secs] [Times: user=0.00 sys=0.00, real=0.00 secs] 
2024-10-01T15:34:46.073+0300: 848.795: Total time for which application threads were stopped: 0.0011030 seconds, Stopping threads took: 0.0001740 seconds
2024-10-01T15:34:48.522+0300: 851.256: Application time: 2.4606067 seconds
2024-10-01T15:34:48.522+0300: 851.256: [GC (Allocation Failure) 2024-10-01T15:34:48.522+0300: 851.256: [DefNew: 220427K->1618K(245760K), 0.0009925 secs] 281901K->63094K(791936K), 0.0010613 secs] [Times: user=0.01 sys=0.00, real=0.00 secs] 
2024-10-01T15:34:48.522+0300: 851.257: Total time for which application threads were stopped: 0.0012869 seconds, Stopping threads took: 0.0001088 seconds
2024-10-01T15:34:50.922+0300: 853.650: Application time: 2.3931175 seconds
2024-10-01T15:34:50.922+0300: 853.650: [GC (Allocation Failure) 2024-10-01T15:34:50.922+0300: 853.650: [DefNew: 219904K->2014K(245760K), 0.0010865 secs] 281379K->63490K(791936K), 0.0011496 secs] [Times: user=0.00 sys=0.00, real=0.00 secs] 
2024-10-01T15:34:50.922+0300: 853.652: Total time for which application threads were stopped: 0.0014184 seconds, Stopping threads took: 0.0001657 seconds
2024-10-01T15:34:53.372+0300: 856.102: Application time: 2.4502466 seconds
2024-10-01T15:34:53.372+0300: 856.102: [GC (Allocation Failure) 2024-10-01T15:34:53.372+0300: 856.102: [DefNew: 220405K->1816K(245760K), 0.0010429 secs] 281881K->63294K(791936K), 0.0011161 secs] [Times: user=0.02 sys=0.00, real=0.01 secs] 
2024-10-01T15:34:53.383+0300: 856.103: Total time for which application threads were stopped: 0.0013658 seconds, Stopping threads took: 0.0001379 seconds
2024-10-01T15:34:55.790+0300: 858.523: Application time: 2.4201947 seconds
2024-10-01T15:34:55.790+0300: 858.524: [GC (Allocation Failure) 2024-10-01T15:34:55.790+0300: 858.524: [DefNew: 220299K->2014K(245760K), 0.0010721 secs] 281777K->63493K(791936K), 0.0011784 secs] [Times: user=0.00 sys=0.00, real=0.00 secs] 
2024-10-01T15:34:55.790+0300: 858.525: Total time for which application threads were stopped: 0.0014385 seconds, Stopping threads took: 0.0001357 seconds
2024-10-01T15:34:56.795+0300: 859.515: Application time: 0.9906329 seconds
2024-10-01T15:34:56.795+0300: 859.516: Total time for which application threads were stopped: 0.0005573 seconds, Stopping threads took: 0.0004947 seconds
2024-10-01T15:34:58.270+0300: 860.995: Application time: 1.4789519 seconds
2024-10-01T15:34:58.270+0300: 860.995: [GC (Allocation Failure) 2024-10-01T15:34:58.270+0300: 860.995: [DefNew: 220491K->1618K(245760K), 0.0009081 secs] 281970K->63099K(791936K), 0.0009760 secs] [Times: user=0.00 sys=0.00, real=0.00 secs] 
2024-10-01T15:34:58.270+0300: 860.996: Total time for which application threads were stopped: 0.0011987 seconds, Stopping threads took: 0.0001266 seconds
2024-10-01T15:35:00.733+0300: 863.459: Application time: 2.4630451 seconds
2024-10-01T15:35:00.733+0300: 863.459: [GC (Allocation Failure) 2024-10-01T15:35:00.733+0300: 863.459: [DefNew: 219995K->1618K(245760K), 0.0009599 secs] 281475K->63100K(791936K), 0.0010379 secs] [Times: user=0.02 sys=0.00, real=0.01 secs] 
2024-10-01T15:35:00.740+0300: 863.460: Total time for which application threads were stopped: 0.0013177 seconds, Stopping threads took: 0.0001730 seconds
2024-10-01T15:35:03.120+0300: 865.851: Application time: 2.3906901 seconds
2024-10-01T15:35:03.120+0300: 865.851: [GC (Allocation Failure) 2024-10-01T15:35:03.120+0300: 865.851: [DefNew: 220021K->2014K(245760K), 0.0009964 secs] 281503K->63496K(791936K), 0.0010787 secs] [Times: user=0.00 sys=0.00, real=0.00 secs] 
2024-10-01T15:35:03.120+0300: 865.853: Total time for which application threads were stopped: 0.0013735 seconds, Stopping threads took: 0.0001732 seconds
2024-10-01T15:35:05.537+0300: 868.262: Application time: 2.4095878 seconds
2024-10-01T15:35:05.537+0300: 868.262: [GC (Allocation Failure) 2024-10-01T15:35:05.537+0300: 868.262: [DefNew: 220348K->2014K(245760K), 0.0015995 secs] 281830K->63498K(791936K), 0.0017073 secs] [Times: user=0.00 sys=0.00, real=0.01 secs] 
2024-10-01T15:35:05.544+0300: 868.264: Total time for which application threads were stopped: 0.0020236 seconds, Stopping threads took: 0.0001646 seconds
2024-10-01T15:35:08.000+0300: 870.725: Application time: 2.4609122 seconds
2024-10-01T15:35:08.000+0300: 870.725: [GC (Allocation Failure) 2024-10-01T15:35:08.000+0300: 870.725: [DefNew: 220510K->1888K(245760K), 0.0014601 secs] 281994K->63373K(791936K), 0.0015801 secs] [Times: user=0.01 sys=0.00, real=0.00 secs] 
2024-10-01T15:35:08.000+0300: 870.727: Total time for which application threads were stopped: 0.0018240 seconds, Stopping threads took: 0.0001193 seconds
2024-10-01T15:35:10.386+0300: 873.121: Application time: 2.3939552 seconds
2024-10-01T15:35:10.386+0300: 873.121: [GC (Allocation Failure) 2024-10-01T15:35:10.386+0300: 873.121: [DefNew: 220273K->1816K(245760K), 0.0009509 secs] 281758K->63302K(791936K), 0.0010255 secs] [Times: user=0.00 sys=0.00, real=0.02 secs] 
2024-10-01T15:35:10.402+0300: 873.122: Total time for which application threads were stopped: 0.0013633 seconds, Stopping threads took: 0.0001629 seconds
2024-10-01T15:35:11.406+0300: 874.126: Application time: 1.0039490 seconds
2024-10-01T15:35:11.406+0300: 874.126: Total time for which application threads were stopped: 0.0002563 seconds, Stopping threads took: 0.0001756 seconds
2024-10-01T15:35:12.834+0300: 875.557: Application time: 1.4307401 seconds
2024-10-01T15:35:12.834+0300: 875.557: [GC (Allocation Failure) 2024-10-01T15:35:12.834+0300: 875.558: [DefNew: 220287K->1951K(245760K), 0.0013778 secs] 281773K->63438K(791936K), 0.0015359 secs] [Times: user=0.00 sys=0.00, real=0.00 secs] 
2024-10-01T15:35:12.838+0300: 875.559: Total time for which application threads were stopped: 0.0018338 seconds, Stopping threads took: 0.0001469 seconds
2024-10-01T15:35:15.282+0300: 878.016: Application time: 2.4571659 seconds
2024-10-01T15:35:15.282+0300: 878.016: [GC (Allocation Failure) 2024-10-01T15:35:15.282+0300: 878.016: [DefNew: 220388K->2014K(245760K), 0.0009351 secs] 281876K->63502K(791936K), 0.0010084 secs] [Times: user=0.02 sys=0.00, real=0.01 secs] 
2024-10-01T15:35:15.297+0300: 878.017: Total time for which application threads were stopped: 0.0012593 seconds, Stopping threads took: 0.0001452 seconds
2024-10-01T15:35:17.714+0300: 880.442: Application time: 2.4240906 seconds
2024-10-01T15:35:17.714+0300: 880.442: [GC (Allocation Failure) 2024-10-01T15:35:17.714+0300: 880.442: [DefNew: 220510K->2211K(245760K), 0.0015353 secs] 281998K->63701K(791936K), 0.0016671 secs] [Times: user=0.00 sys=0.00, real=0.00 secs] 
2024-10-01T15:35:17.714+0300: 880.444: Total time for which application threads were stopped: 0.0020191 seconds, Stopping threads took: 0.0002033 seconds
2024-10-01T15:35:20.164+0300: 882.897: Application time: 2.4531108 seconds
2024-10-01T15:35:20.164+0300: 882.897: [GC (Allocation Failure) 2024-10-01T15:35:20.164+0300: 882.897: [DefNew: 220582K->2211K(245760K), 0.0010972 secs] 282072K->63703K(791936K), 0.0011744 secs] [Times: user=0.00 sys=0.00, real=0.00 secs] 
2024-10-01T15:35:20.164+0300: 882.898: Total time for which application threads were stopped: 0.0014678 seconds, Stopping threads took: 0.0001705 seconds
2024-10-01T15:35:22.627+0300: 885.362: Application time: 2.4634639 seconds
2024-10-01T15:35:22.627+0300: 885.362: [GC (Allocation Failure) 2024-10-01T15:35:22.627+0300: 885.362: [DefNew: 220604K->1618K(245760K), 0.0011315 secs] 282095K->63111K(791936K), 0.0012054 secs] [Times: user=0.02 sys=0.00, real=0.02 secs] 
2024-10-01T15:35:22.643+0300: 885.363: Total time for which application threads were stopped: 0.0015023 seconds, Stopping threads took: 0.0001703 seconds
2024-10-01T15:35:25.043+0300: 887.779: Application time: 2.4154231 seconds
2024-10-01T15:35:25.059+0300: 887.779: [GC (Allocation Failure) 2024-10-01T15:35:25.059+0300: 887.779: [DefNew: 220099K->1951K(245760K), 0.0009786 secs] 281591K->63445K(791936K), 0.0011407 secs] [Times: user=0.00 sys=0.00, real=0.00 secs] 
2024-10-01T15:35:25.059+0300: 887.780: Total time for which application threads were stopped: 0.0014340 seconds, Stopping threads took: 0.0001330 seconds
2024-10-01T15:35:27.492+0300: 890.216: Application time: 2.4364204 seconds
2024-10-01T15:35:27.492+0300: 890.217: [GC (Allocation Failure) 2024-10-01T15:35:27.492+0300: 890.217: [DefNew: 220311K->2211K(245760K), 0.0009613 secs] 281805K->63706K(791936K), 0.0010321 secs] [Times: user=0.00 sys=0.00, real=0.00 secs] 
2024-10-01T15:35:27.492+0300: 890.218: Total time for which application threads were stopped: 0.0014824 seconds, Stopping threads took: 0.0001927 seconds
2024-10-01T15:35:29.956+0300: 892.678: Application time: 2.4600624 seconds
2024-10-01T15:35:29.956+0300: 892.678: [GC (Allocation Failure) 2024-10-01T15:35:29.956+0300: 892.678: [DefNew: 220630K->2014K(245760K), 0.0007915 secs] 282125K->63510K(791936K), 0.0008533 secs] [Times: user=0.00 sys=0.00, real=0.00 secs] 
2024-10-01T15:35:29.956+0300: 892.679: Total time for which application threads were stopped: 0.0010791 seconds, Stopping threads took: 0.0001314 seconds
2024-10-01T15:35:32.377+0300: 895.104: Application time: 2.4252123 seconds
2024-10-01T15:35:32.377+0300: 895.105: [GC (Allocation Failure) 2024-10-01T15:35:32.377+0300: 895.105: [DefNew: 220285K->2014K(245760K), 0.0015100 secs] 281781K->63511K(791936K), 0.0016049 secs] [Times: user=0.00 sys=0.00, real=0.00 secs] 
2024-10-01T15:35:32.377+0300: 895.106: Total time for which application threads were stopped: 0.0019071 seconds, Stopping threads took: 0.0001715 seconds
2024-10-01T15:35:34.822+0300: 897.548: Application time: 2.4418042 seconds
2024-10-01T15:35:34.822+0300: 897.548: [GC (Allocation Failure) 2024-10-01T15:35:34.822+0300: 897.548: [DefNew: 220437K->1618K(245760K), 0.0014396 secs] 281934K->63117K(791936K), 0.0015264 secs] [Times: user=0.00 sys=0.00, real=0.01 secs] 
2024-10-01T15:35:34.829+0300: 897.550: Total time for which application threads were stopped: 0.0017728 seconds, Stopping threads took: 0.0001086 seconds
2024-10-01T15:35:37.255+0300: 899.987: Application time: 2.4369634 seconds
2024-10-01T15:35:37.255+0300: 899.987: [GC (Allocation Failure) 2024-10-01T15:35:37.255+0300: 899.987: [DefNew: 219988K->1816K(245760K), 0.0011988 secs] 281487K->63316K(791936K), 0.0013405 secs] [Times: user=0.00 sys=0.00, real=0.00 secs] 
2024-10-01T15:35:37.255+0300: 899.988: Total time for which application threads were stopped: 0.0016828 seconds, Stopping threads took: 0.0001669 seconds
2024-10-01T15:35:39.704+0300: 902.429: Application time: 2.4402110 seconds
2024-10-01T15:35:39.704+0300: 902.429: [GC (Allocation Failure) 2024-10-01T15:35:39.704+0300: 902.429: [DefNew: 220303K->1618K(245760K), 0.0008236 secs] 281804K->63120K(791936K), 0.0009187 secs] [Times: user=0.00 sys=0.00, real=0.01 secs] 
2024-10-01T15:35:39.709+0300: 902.430: Total time for which application threads were stopped: 0.0012056 seconds, Stopping threads took: 0.0001580 seconds
2024-10-01T15:35:42.120+0300: 904.841: Application time: 2.4106983 seconds
2024-10-01T15:35:42.120+0300: 904.841: [GC (Allocation Failure) 2024-10-01T15:35:42.120+0300: 904.841: [DefNew: 220083K->2014K(245760K), 0.0009643 secs] 281584K->63516K(791936K), 0.0010516 secs] [Times: user=0.00 sys=0.00, real=0.00 secs] 
2024-10-01T15:35:42.120+0300: 904.842: Total time for which application threads were stopped: 0.0012883 seconds, Stopping threads took: 0.0001306 seconds
2024-10-01T15:35:44.553+0300: 907.278: Application time: 2.4363198 seconds
2024-10-01T15:35:44.553+0300: 907.278: [GC (Allocation Failure) 2024-10-01T15:35:44.553+0300: 907.278: [DefNew: 220339K->2013K(245760K), 0.0009022 secs] 281842K->63517K(791936K), 0.0009747 secs] [Times: user=0.00 sys=0.00, real=0.01 secs] 
2024-10-01T15:35:44.559+0300: 907.279: Total time for which application threads were stopped: 0.0012240 seconds, Stopping threads took: 0.0001495 seconds
2024-10-01T15:35:46.971+0300: 909.705: Application time: 2.4260044 seconds
2024-10-01T15:35:46.971+0300: 909.706: [GC (Allocation Failure) 2024-10-01T15:35:46.971+0300: 909.706: [DefNew: 220509K->2283K(245760K), 0.0008802 secs] 282013K->63788K(791936K), 0.0009611 secs] [Times: user=0.00 sys=0.00, real=0.02 secs] 
2024-10-01T15:35:46.986+0300: 909.707: Total time for which application threads were stopped: 0.0012587 seconds, Stopping threads took: 0.0001516 seconds
2024-10-01T15:35:49.418+0300: 912.150: Application time: 2.4434312 seconds
2024-10-01T15:35:49.418+0300: 912.150: [GC (Allocation Failure) 2024-10-01T15:35:49.418+0300: 912.150: [DefNew: 220645K->2014K(245760K), 0.0009654 secs] 282150K->63520K(791936K), 0.0010407 secs] [Times: user=0.00 sys=0.00, real=0.00 secs] 
2024-10-01T15:35:49.418+0300: 912.151: Total time for which application threads were stopped: 0.0012926 seconds, Stopping threads took: 0.0001528 seconds
2024-10-01T15:35:51.851+0300: 914.574: Application time: 2.4229408 seconds
2024-10-01T15:35:51.851+0300: 914.575: [GC (Allocation Failure) 2024-10-01T15:35:51.851+0300: 914.575: [DefNew: 220506K->2211K(245760K), 0.0009943 secs] 282013K->63719K(791936K), 0.0010606 secs] [Times: user=0.00 sys=0.00, real=0.00 secs] 
2024-10-01T15:35:51.855+0300: 914.576: Total time for which application threads were stopped: 0.0013143 seconds, Stopping threads took: 0.0001515 seconds
2024-10-01T15:35:54.299+0300: 917.026: Application time: 2.4507645 seconds
2024-10-01T15:35:54.299+0300: 917.027: [GC (Allocation Failure) 2024-10-01T15:35:54.299+0300: 917.027: [DefNew: 220590K->1816K(245760K), 0.0009527 secs] 282098K->63325K(791936K), 0.0010595 secs] [Times: user=0.00 sys=0.00, real=0.00 secs] 
2024-10-01T15:35:54.299+0300: 917.028: Total time for which application threads were stopped: 0.0013343 seconds, Stopping threads took: 0.0001620 seconds
2024-10-01T15:35:56.724+0300: 919.451: Application time: 2.4232843 seconds
2024-10-01T15:35:56.724+0300: 919.451: [GC (Allocation Failure) 2024-10-01T15:35:56.724+0300: 919.451: [DefNew: 220061K->2014K(245760K), 0.0011222 secs] 281570K->63524K(791936K), 0.0012088 secs] [Times: user=0.00 sys=0.00, real=0.01 secs] 
2024-10-01T15:35:56.732+0300: 919.452: Total time for which application threads were stopped: 0.0014667 seconds, Stopping threads took: 0.0001418 seconds
2024-10-01T15:35:59.181+0300: 921.903: Application time: 2.4502073 seconds
2024-10-01T15:35:59.181+0300: 921.903: [GC (Allocation Failure) 2024-10-01T15:35:59.181+0300: 921.903: [DefNew: 220510K->1816K(245760K), 0.0009600 secs] 282020K->63327K(791936K), 0.0010536 secs] [Times: user=0.00 sys=0.00, real=0.00 secs] 
2024-10-01T15:35:59.181+0300: 921.904: Total time for which application threads were stopped: 0.0013533 seconds, Stopping threads took: 0.0001875 seconds
2024-10-01T15:36:01.662+0300: 924.383: Application time: 2.4792647 seconds
2024-10-01T15:36:01.662+0300: 924.383: [GC (Allocation Failure) 2024-10-01T15:36:01.662+0300: 924.384: [DefNew: 220312K->1690K(245760K), 0.0007184 secs] 281823K->63203K(791936K), 0.0007779 secs] [Times: user=0.00 sys=0.00, real=0.00 secs] 
2024-10-01T15:36:01.662+0300: 924.384: Total time for which application threads were stopped: 0.0009914 seconds, Stopping threads took: 0.0001311 seconds
2024-10-01T15:36:04.110+0300: 926.845: Application time: 2.4606018 seconds
2024-10-01T15:36:04.110+0300: 926.845: [GC (Allocation Failure) 2024-10-01T15:36:04.110+0300: 926.845: [DefNew: 220144K->2014K(245760K), 0.0009583 secs] 281656K->63527K(791936K), 0.0010295 secs] [Times: user=0.00 sys=0.00, real=0.02 secs] 
2024-10-01T15:36:04.126+0300: 926.846: Total time for which application threads were stopped: 0.0013565 seconds, Stopping threads took: 0.0002190 seconds
2024-10-01T15:36:06.558+0300: 929.279: Application time: 2.4325700 seconds
2024-10-01T15:36:06.558+0300: 929.279: [GC (Allocation Failure) 2024-10-01T15:36:06.558+0300: 929.279: [DefNew: 220408K->2283K(245760K), 0.0010778 secs] 281922K->63798K(791936K), 0.0011601 secs] [Times: user=0.00 sys=0.00, real=0.00 secs] 
2024-10-01T15:36:06.558+0300: 929.280: Total time for which application threads were stopped: 0.0013826 seconds, Stopping threads took: 0.0001183 seconds
2024-10-01T15:36:09.006+0300: 931.739: Application time: 2.4592411 seconds
2024-10-01T15:36:09.006+0300: 931.740: [GC (Allocation Failure) 2024-10-01T15:36:09.006+0300: 931.740: [DefNew: 220675K->2211K(245760K), 0.0008103 secs] 282190K->63728K(791936K), 0.0008743 secs] [Times: user=0.00 sys=0.00, real=0.00 secs] 
2024-10-01T15:36:09.006+0300: 931.741: Total time for which application threads were stopped: 0.0011848 seconds, Stopping threads took: 0.0002126 seconds
2024-10-01T15:36:11.439+0300: 934.170: Application time: 2.4289002 seconds
2024-10-01T15:36:11.439+0300: 934.170: [GC (Allocation Failure) 2024-10-01T15:36:11.439+0300: 934.170: [DefNew: 220702K->1816K(245760K), 0.0009822 secs] 282218K->63333K(791936K), 0.0010580 secs] [Times: user=0.00 sys=0.00, real=0.00 secs] 
2024-10-01T15:36:11.439+0300: 934.171: Total time for which application threads were stopped: 0.0012748 seconds, Stopping threads took: 0.0001043 seconds
2024-10-01T15:36:13.903+0300: 936.632: Application time: 2.4610278 seconds
2024-10-01T15:36:13.903+0300: 936.632: [GC (Allocation Failure) 2024-10-01T15:36:13.903+0300: 936.632: [DefNew: 220197K->1618K(245760K), 0.0009505 secs] 281715K->63137K(791936K), 0.0010154 secs] [Times: user=0.02 sys=0.00, real=0.00 secs] 
2024-10-01T15:36:13.903+0300: 936.633: Total time for which application threads were stopped: 0.0012523 seconds, Stopping threads took: 0.0001344 seconds
2024-10-01T15:36:16.335+0300: 939.070: Application time: 2.4364961 seconds
2024-10-01T15:36:16.335+0300: 939.070: [GC (Allocation Failure) 2024-10-01T15:36:16.335+0300: 939.070: [DefNew: 220072K->2481K(245760K), 0.0010822 secs] 281591K->64001K(791936K), 0.0011618 secs] [Times: user=0.02 sys=0.00, real=0.02 secs] 
2024-10-01T15:36:16.351+0300: 939.071: Total time for which application threads were stopped: 0.0014227 seconds, Stopping threads took: 0.0001413 seconds
2024-10-01T15:36:18.799+0300: 941.520: Application time: 2.4486775 seconds
2024-10-01T15:36:18.799+0300: 941.520: [GC (Allocation Failure) 2024-10-01T15:36:18.799+0300: 941.520: [DefNew: 220890K->1816K(245760K), 0.0009554 secs] 282410K->63337K(791936K), 0.0010330 secs] [Times: user=0.00 sys=0.00, real=0.00 secs] 
2024-10-01T15:36:18.799+0300: 941.521: Total time for which application threads were stopped: 0.0012572 seconds, Stopping threads took: 0.0001176 seconds
2024-10-01T15:36:21.232+0300: 943.963: Application time: 2.4417053 seconds
2024-10-01T15:36:21.232+0300: 943.963: [GC (Allocation Failure) 2024-10-01T15:36:21.232+0300: 943.963: [DefNew: 220266K->2085K(245760K), 0.0010131 secs] 281787K->63608K(791936K), 0.0010845 secs] [Times: user=0.02 sys=0.00, real=0.01 secs] 
2024-10-01T15:36:21.243+0300: 943.964: Total time for which application threads were stopped: 0.0013274 seconds, Stopping threads took: 0.0001427 seconds
2024-10-01T15:36:23.680+0300: 946.404: Application time: 2.4401506 seconds
2024-10-01T15:36:23.680+0300: 946.404: [GC (Allocation Failure) 2024-10-01T15:36:23.680+0300: 946.404: [DefNew: 220581K->2481K(245760K), 0.0010337 secs] 282104K->64005K(791936K), 0.0011051 secs] [Times: user=0.00 sys=0.00, real=0.00 secs] 
2024-10-01T15:36:23.680+0300: 946.406: Total time for which application threads were stopped: 0.0013624 seconds, Stopping threads took: 0.0001581 seconds
2024-10-01T15:36:26.143+0300: 948.868: Application time: 2.4625314 seconds
2024-10-01T15:36:26.143+0300: 948.868: [GC (Allocation Failure) 2024-10-01T15:36:26.143+0300: 948.868: [DefNew: 220713K->1816K(245760K), 0.0008796 secs] 282236K->63341K(791936K), 0.0009443 secs] [Times: user=0.01 sys=0.00, real=0.01 secs] 
2024-10-01T15:36:26.149+0300: 948.869: Total time for which application threads were stopped: 0.0012214 seconds, Stopping threads took: 0.0001696 seconds
2024-10-01T15:36:28.576+0300: 951.304: Application time: 2.4352096 seconds
2024-10-01T15:36:28.576+0300: 951.305: [GC (Allocation Failure) 2024-10-01T15:36:28.576+0300: 951.305: [DefNew: 220257K->1888K(245760K), 0.0009085 secs] 281782K->63414K(791936K), 0.0009791 secs] [Times: user=0.00 sys=0.00, real=0.00 secs] 
2024-10-01T15:36:28.576+0300: 951.306: Total time for which application threads were stopped: 0.0012531 seconds, Stopping threads took: 0.0001489 seconds
2024-10-01T15:36:31.010+0300: 953.746: Application time: 2.4399902 seconds
2024-10-01T15:36:31.010+0300: 953.746: [GC (Allocation Failure) 2024-10-01T15:36:31.010+0300: 953.746: [DefNew: 220381K->2212K(245760K), 0.0011408 secs] 281907K->63739K(791936K), 0.0012198 secs] [Times: user=0.00 sys=0.00, real=0.02 secs] 
2024-10-01T15:36:31.026+0300: 953.747: Total time for which application threads were stopped: 0.0015588 seconds, Stopping threads took: 0.0002147 seconds
2024-10-01T15:36:33.476+0300: 956.210: Application time: 2.4624277 seconds
2024-10-01T15:36:33.476+0300: 956.210: [GC (Allocation Failure) 2024-10-01T15:36:33.476+0300: 956.210: [DefNew: 220658K->2014K(245760K), 0.0010625 secs] 282186K->63542K(791936K), 0.0011312 secs] [Times: user=0.00 sys=0.00, real=0.01 secs] 
2024-10-01T15:36:33.490+0300: 956.211: Total time for which application threads were stopped: 0.0014165 seconds, Stopping threads took: 0.0001581 seconds
2024-10-01T15:36:34.496+0300: 957.216: Application time: 1.0047909 seconds
2024-10-01T15:36:34.496+0300: 957.216: Total time for which application threads were stopped: 0.0002280 seconds, Stopping threads took: 0.0001714 seconds
2024-10-01T15:36:35.939+0300: 958.662: Application time: 1.4461558 seconds
2024-10-01T15:36:35.939+0300: 958.663: [GC (Allocation Failure) 2024-10-01T15:36:35.939+0300: 958.663: [DefNew: 220502K->2053K(245760K), 0.0009600 secs] 282031K->63583K(791936K), 0.0010385 secs] [Times: user=0.00 sys=0.00, real=0.00 secs] 
2024-10-01T15:36:35.943+0300: 958.664: Total time for which application threads were stopped: 0.0012816 seconds, Stopping threads took: 0.0001320 seconds
2024-10-01T15:36:38.387+0300: 961.122: Application time: 2.4578994 seconds
2024-10-01T15:36:38.387+0300: 961.122: [GC (Allocation Failure) 2024-10-01T15:36:38.387+0300: 961.122: [DefNew: 220495K->2014K(245760K), 0.0011762 secs] 282025K->63545K(791936K), 0.0012447 secs] [Times: user=0.00 sys=0.00, real=0.00 secs] 
2024-10-01T15:36:38.387+0300: 961.123: Total time for which application threads were stopped: 0.0015091 seconds, Stopping threads took: 0.0001579 seconds
2024-10-01T15:36:40.851+0300: 963.581: Application time: 2.4580838 seconds
2024-10-01T15:36:40.851+0300: 963.581: [GC (Allocation Failure) 2024-10-01T15:36:40.851+0300: 963.581: [DefNew: 220382K->1807K(245760K), 0.0009843 secs] 281913K->63340K(791936K), 0.0010641 secs] [Times: user=0.00 sys=0.00, real=0.00 secs] 
2024-10-01T15:36:40.851+0300: 963.582: Total time for which application threads were stopped: 0.0013534 seconds, Stopping threads took: 0.0001864 seconds
2024-10-01T15:36:43.299+0300: 966.027: Application time: 2.4444568 seconds
2024-10-01T15:36:43.299+0300: 966.027: [GC (Allocation Failure) 2024-10-01T15:36:43.299+0300: 966.027: [DefNew: 220303K->2014K(245760K), 0.0009787 secs] 281836K->63548K(791936K), 0.0010590 secs] [Times: user=0.00 sys=0.00, real=0.01 secs] 
2024-10-01T15:36:43.307+0300: 966.028: Total time for which application threads were stopped: 0.0013459 seconds, Stopping threads took: 0.0001684 seconds
2024-10-01T15:36:45.747+0300: 968.482: Application time: 2.4534670 seconds
2024-10-01T15:36:45.747+0300: 968.482: [GC (Allocation Failure) 2024-10-01T15:36:45.747+0300: 968.482: [DefNew: 220453K->2212K(245760K), 0.0011964 secs] 281986K->63747K(791936K), 0.0012815 secs] [Times: user=0.02 sys=0.00, real=0.02 secs] 
2024-10-01T15:36:45.762+0300: 968.483: Total time for which application threads were stopped: 0.0016143 seconds, Stopping threads took: 0.0002146 seconds
2024-10-01T15:36:48.195+0300: 970.926: Application time: 2.4428407 seconds
2024-10-01T15:36:48.207+0300: 970.927: [GC (Allocation Failure) 2024-10-01T15:36:48.207+0300: 970.927: [DefNew: 220708K->1816K(245760K), 0.0007740 secs] 282243K->63352K(791936K), 0.0008385 secs] [Times: user=0.00 sys=0.00, real=0.00 secs] 
2024-10-01T15:36:48.207+0300: 970.928: Total time for which application threads were stopped: 0.0014762 seconds, Stopping threads took: 0.0004646 seconds
2024-10-01T15:36:50.612+0300: 973.347: Application time: 2.4193652 seconds
2024-10-01T15:36:50.627+0300: 973.347: [GC (Allocation Failure) 2024-10-01T15:36:50.627+0300: 973.347: [DefNew: 220213K->2284K(245760K), 0.0011394 secs] 281749K->63821K(791936K), 0.0012387 secs] [Times: user=0.00 sys=0.00, real=0.00 secs] 
2024-10-01T15:36:50.627+0300: 973.349: Total time for which application threads were stopped: 0.0015707 seconds, Stopping threads took: 0.0001917 seconds
2024-10-01T15:36:53.107+0300: 975.839: Application time: 2.4907844 seconds
2024-10-01T15:36:53.107+0300: 975.840: [GC (Allocation Failure) 2024-10-01T15:36:53.107+0300: 975.840: [DefNew: 220780K->2195K(245760K), 0.0010528 secs] 282317K->63734K(791936K), 0.0011281 secs] [Times: user=0.00 sys=0.00, real=0.01 secs] 
2024-10-01T15:36:53.120+0300: 975.841: Total time for which application threads were stopped: 0.0013979 seconds, Stopping threads took: 0.0001505 seconds
2024-10-01T15:36:55.556+0300: 978.290: Application time: 2.4491388 seconds
2024-10-01T15:36:55.556+0300: 978.290: [GC (Allocation Failure) 2024-10-01T15:36:55.556+0300: 978.290: [DefNew: 220659K->2481K(245760K), 0.0013083 secs] 282197K->64021K(791936K), 0.0014150 secs] [Times: user=0.00 sys=0.00, real=0.00 secs] 
2024-10-01T15:36:55.556+0300: 978.292: Total time for which application threads were stopped: 0.0016956 seconds, Stopping threads took: 0.0001636 seconds
2024-10-01T15:36:58.041+0300: 980.765: Application time: 2.4731506 seconds
2024-10-01T15:36:58.041+0300: 980.765: [GC (Allocation Failure) 2024-10-01T15:36:58.041+0300: 980.765: [DefNew: 220955K->2347K(245760K), 0.0010269 secs] 282495K->63888K(791936K), 0.0011009 secs] [Times: user=0.00 sys=0.00, real=0.01 secs] 
2024-10-01T15:36:58.046+0300: 980.766: Total time for which application threads were stopped: 0.0013471 seconds, Stopping threads took: 0.0001371 seconds
2024-10-01T15:37:00.482+0300: 983.217: Application time: 2.4503592 seconds
2024-10-01T15:37:00.482+0300: 983.217: [GC (Allocation Failure) 2024-10-01T15:37:00.482+0300: 983.217: [DefNew: 220720K->2086K(245760K), 0.0012591 secs] 282261K->63628K(791936K), 0.0013463 secs] [Times: user=0.01 sys=0.00, real=0.02 secs] 
2024-10-01T15:37:00.498+0300: 983.218: Total time for which application threads were stopped: 0.0016738 seconds, Stopping threads took: 0.0001938 seconds
2024-10-01T15:37:02.962+0300: 985.683: Application time: 2.4651694 seconds
2024-10-01T15:37:02.962+0300: 985.684: [GC (Allocation Failure) 2024-10-01T15:37:02.962+0300: 985.684: [DefNew: 220393K->2212K(245760K), 0.0010146 secs] 281935K->63755K(791936K), 0.0010960 secs] [Times: user=0.00 sys=0.00, real=0.00 secs] 
2024-10-01T15:37:02.962+0300: 985.685: Total time for which application threads were stopped: 0.0013659 seconds, Stopping threads took: 0.0001588 seconds
2024-10-01T15:37:03.715+0300: 986.436: Application time: 0.7510384 seconds
2024-10-01T15:37:03.715+0300: 986.436: Total time for which application threads were stopped: 0.0002805 seconds, Stopping threads took: 0.0001833 seconds
2024-10-01T15:37:04.437+0300: 987.160: Application time: 0.7244203 seconds
2024-10-01T15:37:04.437+0300: 987.161: Total time for which application threads were stopped: 0.0002918 seconds, Stopping threads took: 0.0002647 seconds
2024-10-01T15:37:05.582+0300: 988.318: Application time: 1.1569772 seconds
2024-10-01T15:37:05.582+0300: 988.318: [GC (Allocation Failure) 2024-10-01T15:37:05.598+0300: 988.318: [DefNew: 220508K->2018K(245760K), 0.0009504 secs] 282051K->63563K(791936K), 0.0010430 secs] [Times: user=0.00 sys=0.00, real=0.02 secs] 
2024-10-01T15:37:05.598+0300: 988.319: Total time for which application threads were stopped: 0.0013285 seconds, Stopping threads took: 0.0001663 seconds
2024-10-01T15:37:08.077+0300: 990.801: Application time: 2.4814420 seconds
2024-10-01T15:37:08.077+0300: 990.801: [GC (Allocation Failure) 2024-10-01T15:37:08.077+0300: 990.801: [DefNew: 220499K->2018K(245760K), 0.0010055 secs] 282044K->63564K(791936K), 0.0010830 secs] [Times: user=0.00 sys=0.00, real=0.00 secs] 
2024-10-01T15:37:08.077+0300: 990.802: Total time for which application threads were stopped: 0.0013378 seconds, Stopping threads took: 0.0001437 seconds
2024-10-01T15:37:10.510+0300: 993.233: Application time: 2.4307915 seconds
2024-10-01T15:37:10.510+0300: 993.233: [GC (Allocation Failure) 2024-10-01T15:37:10.510+0300: 993.233: [DefNew: 220476K->2216K(245760K), 0.0010503 secs] 282023K->63763K(791936K), 0.0011178 secs] [Times: user=0.00 sys=0.00, real=0.00 secs] 
2024-10-01T15:37:10.510+0300: 993.234: Total time for which application threads were stopped: 0.0013282 seconds, Stopping threads took: 0.0001120 seconds
2024-10-01T15:37:13.005+0300: 995.735: Application time: 2.5007691 seconds
2024-10-01T15:37:13.005+0300: 995.735: [GC (Allocation Failure) 2024-10-01T15:37:13.005+0300: 995.735: [DefNew: 220712K->2090K(245760K), 0.0008399 secs] 282259K->63639K(791936K), 0.0009068 secs] [Times: user=0.00 sys=0.00, real=0.00 secs] 
2024-10-01T15:37:13.005+0300: 995.736: Total time for which application threads were stopped: 0.0011606 seconds, Stopping threads took: 0.0001627 seconds
2024-10-01T15:37:15.453+0300: 998.186: Application time: 2.4497358 seconds
2024-10-01T15:37:15.453+0300: 998.186: [GC (Allocation Failure) 2024-10-01T15:37:15.453+0300: 998.186: [DefNew: 220481K->2216K(245760K), 0.0008997 secs] 282030K->63766K(791936K), 0.0009713 secs] [Times: user=0.00 sys=0.00, real=0.00 secs] 
2024-10-01T15:37:15.453+0300: 998.187: Total time for which application threads were stopped: 0.0012112 seconds, Stopping threads took: 0.0001318 seconds
2024-10-01T15:37:17.887+0300: 1000.612: Application time: 2.4246848 seconds
2024-10-01T15:37:17.887+0300: 1000.612: [GC (Allocation Failure) 2024-10-01T15:37:17.887+0300: 1000.612: [DefNew: 220712K->2216K(245760K), 0.0010421 secs] 282262K->63767K(791936K), 0.0011192 secs] [Times: user=0.00 sys=0.00, real=0.00 secs] 
2024-10-01T15:37:17.887+0300: 1000.613: Total time for which application threads were stopped: 0.0013375 seconds, Stopping threads took: 0.0001089 seconds
2024-10-01T15:37:20.352+0300: 1003.076: Application time: 2.4630138 seconds
2024-10-01T15:37:20.352+0300: 1003.076: [GC (Allocation Failure) 2024-10-01T15:37:20.352+0300: 1003.076: [DefNew: 220685K->2153K(245760K), 0.0010030 secs] 282236K->63706K(791936K), 0.0011618 secs] [Times: user=0.00 sys=0.00, real=0.00 secs] 
2024-10-01T15:37:20.356+0300: 1003.077: Total time for which application threads were stopped: 0.0014090 seconds, Stopping threads took: 0.0001381 seconds
2024-10-01T15:37:22.816+0300: 1005.546: Application time: 2.4686169 seconds
2024-10-01T15:37:22.816+0300: 1005.546: [GC (Allocation Failure) 2024-10-01T15:37:22.816+0300: 1005.546: [DefNew: 220649K->1606K(245760K), 0.0007761 secs] 282202K->63160K(791936K), 0.0008422 secs] [Times: user=0.00 sys=0.00, real=0.00 secs] 
2024-10-01T15:37:22.816+0300: 1005.547: Total time for which application threads were stopped: 0.0010617 seconds, Stopping threads took: 0.0001169 seconds
2024-10-01T15:37:25.248+0300: 1007.983: Application time: 2.4355602 seconds
2024-10-01T15:37:25.248+0300: 1007.983: [GC (Allocation Failure) 2024-10-01T15:37:25.248+0300: 1007.983: [DefNew: 219996K->2287K(245760K), 0.0008873 secs] 281550K->63843K(791936K), 0.0009644 secs] [Times: user=0.00 sys=0.00, real=0.00 secs] 
2024-10-01T15:37:25.248+0300: 1007.984: Total time for which application threads were stopped: 0.0012944 seconds, Stopping threads took: 0.0002100 seconds
2024-10-01T15:37:27.729+0300: 1010.464: Application time: 2.4801583 seconds
2024-10-01T15:37:27.729+0300: 1010.464: [GC (Allocation Failure) 2024-10-01T15:37:27.729+0300: 1010.464: [DefNew: 220661K->1622K(245760K), 0.0009739 secs] 282216K->63179K(791936K), 0.0010432 secs] [Times: user=0.02 sys=0.00, real=0.02 secs] 
2024-10-01T15:37:27.745+0300: 1010.465: Total time for which application threads were stopped: 0.0012702 seconds, Stopping threads took: 0.0001301 seconds
2024-10-01T15:37:30.194+0300: 1012.917: Application time: 2.4515542 seconds
2024-10-01T15:37:30.194+0300: 1012.917: [GC (Allocation Failure) 2024-10-01T15:37:30.194+0300: 1012.917: [DefNew: 219957K->2018K(245760K), 0.0010466 secs] 281513K->63575K(791936K), 0.0011132 secs] [Times: user=0.00 sys=0.00, real=0.00 secs] 
2024-10-01T15:37:30.194+0300: 1012.918: Total time for which application threads were stopped: 0.0013446 seconds, Stopping threads took: 0.0001243 seconds
2024-10-01T15:37:32.643+0300: 1015.375: Application time: 2.4568382 seconds
2024-10-01T15:37:32.643+0300: 1015.375: [GC (Allocation Failure) 2024-10-01T15:37:32.643+0300: 1015.375: [DefNew: 220413K->1820K(245760K), 0.0009203 secs] 281970K->63379K(791936K), 0.0009760 secs] [Times: user=0.01 sys=0.00, real=0.01 secs] 
2024-10-01T15:37:32.655+0300: 1015.376: Total time for which application threads were stopped: 0.0012339 seconds, Stopping threads took: 0.0001559 seconds
2024-10-01T15:37:35.138+0300: 1017.863: Application time: 2.4865396 seconds
2024-10-01T15:37:35.138+0300: 1017.863: [GC (Allocation Failure) 2024-10-01T15:37:35.138+0300: 1017.863: [DefNew: 220307K->2018K(245760K), 0.0013305 secs] 281866K->63578K(791936K), 0.0014515 secs] [Times: user=0.00 sys=0.00, real=0.00 secs] 
2024-10-01T15:37:35.138+0300: 1017.865: Total time for which application threads were stopped: 0.0017598 seconds, Stopping threads took: 0.0001690 seconds
2024-10-01T15:37:37.508+0300: 1020.235: Application time: 2.3706812 seconds
2024-10-01T15:37:37.508+0300: 1020.236: [GC (Allocation Failure) 2024-10-01T15:37:37.508+0300: 1020.236: [DefNew: 220514K->2287K(245760K), 0.0009964 secs] 282074K->63849K(791936K), 0.0010786 secs] [Times: user=0.00 sys=0.00, real=0.01 secs] 
2024-10-01T15:37:37.516+0300: 1020.237: Total time for which application threads were stopped: 0.0014079 seconds, Stopping threads took: 0.0002060 seconds
2024-10-01T15:37:39.988+0300: 1022.716: Application time: 2.4789035 seconds
2024-10-01T15:37:39.988+0300: 1022.716: [GC (Allocation Failure) 2024-10-01T15:37:39.988+0300: 1022.716: [DefNew: 220609K->1416K(245760K), 0.0008218 secs] 282171K->62978K(791936K), 0.0009001 secs] [Times: user=0.00 sys=0.00, real=0.00 secs] 
2024-10-01T15:37:39.988+0300: 1022.717: Total time for which application threads were stopped: 0.0011485 seconds, Stopping threads took: 0.0001440 seconds
2024-10-01T15:37:42.467+0300: 1025.189: Application time: 2.4724845 seconds
2024-10-01T15:37:42.467+0300: 1025.189: [GC (Allocation Failure) 2024-10-01T15:37:42.467+0300: 1025.189: [DefNew: 219782K->1420K(245760K), 0.0007644 secs] 281345K->62989K(791936K), 0.0008350 secs] [Times: user=0.00 sys=0.00, real=0.00 secs] 
2024-10-01T15:37:42.467+0300: 1025.190: Total time for which application threads were stopped: 0.0010438 seconds, Stopping threads took: 0.0001142 seconds
2024-10-01T15:37:44.917+0300: 1027.638: Application time: 2.4474396 seconds
2024-10-01T15:37:44.917+0300: 1027.638: [GC (Allocation Failure) 2024-10-01T15:37:44.917+0300: 1027.638: [DefNew: 219846K->2481K(245760K), 0.0011335 secs] 281414K->64050K(791936K), 0.0012158 secs] [Times: user=0.00 sys=0.00, real=0.00 secs] 
2024-10-01T15:37:44.918+0300: 1027.639: Total time for which application threads were stopped: 0.0014956 seconds, Stopping threads took: 0.0001624 seconds
2024-10-01T15:37:47.396+0300: 1030.131: Application time: 2.4916607 seconds
2024-10-01T15:37:47.396+0300: 1030.131: [GC (Allocation Failure) 2024-10-01T15:37:47.396+0300: 1030.131: [DefNew: 220968K->1816K(245760K), 0.0010168 secs] 282538K->63387K(791936K), 0.0011129 secs] [Times: user=0.00 sys=0.00, real=0.02 secs] 
2024-10-01T15:37:47.411+0300: 1030.132: Total time for which application threads were stopped: 0.0013381 seconds, Stopping threads took: 0.0001043 seconds
2024-10-01T15:37:49.859+0300: 1032.583: Application time: 2.4509161 seconds
2024-10-01T15:37:49.859+0300: 1032.583: [GC (Allocation Failure) 2024-10-01T15:37:49.859+0300: 1032.583: [DefNew: 220218K->1807K(245760K), 0.0008573 secs] 281789K->63379K(791936K), 0.0009287 secs] [Times: user=0.00 sys=0.00, real=0.01 secs] 
2024-10-01T15:37:49.864+0300: 1032.584: Total time for which application threads were stopped: 0.0012708 seconds, Stopping threads took: 0.0002472 seconds
2024-10-01T15:37:52.324+0300: 1035.047: Application time: 2.4628830 seconds
2024-10-01T15:37:52.324+0300: 1035.048: [GC (Allocation Failure) 2024-10-01T15:37:52.324+0300: 1035.048: [DefNew: 220061K->2211K(245760K), 0.0010425 secs] 281633K->63785K(791936K), 0.0011498 secs] [Times: user=0.00 sys=0.00, real=0.00 secs] 
2024-10-01T15:37:52.324+0300: 1035.049: Total time for which application threads were stopped: 0.0014558 seconds, Stopping threads took: 0.0001853 seconds
2024-10-01T15:37:54.788+0300: 1037.509: Application time: 2.4598882 seconds
2024-10-01T15:37:54.788+0300: 1037.509: [GC (Allocation Failure) 2024-10-01T15:37:54.788+0300: 1037.509: [DefNew: 220674K->2014K(245760K), 0.0008541 secs] 282247K->63588K(791936K), 0.0009226 secs] [Times: user=0.00 sys=0.00, real=0.00 secs] 
2024-10-01T15:37:54.789+0300: 1037.510: Total time for which application threads were stopped: 0.0011514 seconds, Stopping threads took: 0.0001229 seconds
2024-10-01T15:37:57.223+0300: 1039.955: Application time: 2.4449612 seconds
2024-10-01T15:37:57.223+0300: 1039.955: [GC (Allocation Failure) 2024-10-01T15:37:57.223+0300: 1039.955: [DefNew: 220485K->2211K(245760K), 0.0009818 secs] 282060K->63787K(791936K), 0.0010583 secs] [Times: user=0.00 sys=0.00, real=0.00 secs] 
2024-10-01T15:37:57.223+0300: 1039.956: Total time for which application threads were stopped: 0.0012923 seconds, Stopping threads took: 0.0001256 seconds
2024-10-01T15:37:59.685+0300: 1042.414: Application time: 2.4577473 seconds
2024-10-01T15:37:59.685+0300: 1042.414: [GC (Allocation Failure) 2024-10-01T15:37:59.685+0300: 1042.414: [DefNew: 220707K->2014K(245760K), 0.0009096 secs] 282283K->63591K(791936K), 0.0009808 secs] [Times: user=0.00 sys=0.00, real=0.00 secs] 
2024-10-01T15:37:59.685+0300: 1042.415: Total time for which application threads were stopped: 0.0012832 seconds, Stopping threads took: 0.0001892 seconds
2024-10-01T15:38:02.151+0300: 1044.878: Application time: 2.4625707 seconds
2024-10-01T15:38:02.151+0300: 1044.878: [GC (Allocation Failure) 2024-10-01T15:38:02.151+0300: 1044.878: [DefNew: 220392K->2086K(245760K), 0.0010473 secs] 281969K->63664K(791936K), 0.0011372 secs] [Times: user=0.00 sys=0.00, real=0.00 secs] 
2024-10-01T15:38:02.151+0300: 1044.879: Total time for which application threads were stopped: 0.0014658 seconds, Stopping threads took: 0.0002042 seconds
2024-10-01T15:38:04.599+0300: 1047.329: Application time: 2.4501520 seconds
2024-10-01T15:38:04.599+0300: 1047.330: [GC (Allocation Failure) 2024-10-01T15:38:04.599+0300: 1047.330: [DefNew: 220582K->2014K(245760K), 0.0009750 secs] 282160K->63593K(791936K), 0.0010561 secs] [Times: user=0.00 sys=0.00, real=0.00 secs] 
2024-10-01T15:38:04.599+0300: 1047.331: Total time for which application threads were stopped: 0.0013436 seconds, Stopping threads took: 0.0001873 seconds
2024-10-01T15:38:07.071+0300: 1049.797: Application time: 2.4662436 seconds
2024-10-01T15:38:07.071+0300: 1049.797: [GC (Allocation Failure) 2024-10-01T15:38:07.071+0300: 1049.797: [DefNew: 220509K->1609K(245760K), 0.0008257 secs] 282088K->63190K(791936K), 0.0008981 secs] [Times: user=0.00 sys=0.00, real=0.00 secs] 
2024-10-01T15:38:07.071+0300: 1049.798: Total time for which application threads were stopped: 0.0011810 seconds, Stopping threads took: 0.0001703 seconds
2024-10-01T15:38:09.527+0300: 1052.261: Application time: 2.4626949 seconds
2024-10-01T15:38:09.527+0300: 1052.261: [GC (Allocation Failure) 2024-10-01T15:38:09.527+0300: 1052.261: [DefNew: 220105K->2014K(245760K), 0.0008590 secs] 281685K->63595K(791936K), 0.0009359 secs] [Times: user=0.00 sys=0.00, real=0.00 secs] 
2024-10-01T15:38:09.527+0300: 1052.262: Total time for which application threads were stopped: 0.0012268 seconds, Stopping threads took: 0.0001895 seconds
2024-10-01T15:38:11.991+0300: 1054.719: Application time: 2.4571714 seconds
2024-10-01T15:38:11.991+0300: 1054.719: [GC (Allocation Failure) 2024-10-01T15:38:11.991+0300: 1054.719: [DefNew: 220489K->1816K(245760K), 0.0008663 secs] 282071K->63399K(791936K), 0.0009458 secs] [Times: user=0.00 sys=0.00, real=0.00 secs] 
2024-10-01T15:38:11.991+0300: 1054.720: Total time for which application threads were stopped: 0.0012453 seconds, Stopping threads took: 0.0001841 seconds
2024-10-01T15:38:14.488+0300: 1057.210: Application time: 2.4896302 seconds
2024-10-01T15:38:14.488+0300: 1057.210: [GC (Allocation Failure) 2024-10-01T15:38:14.488+0300: 1057.210: [DefNew: 220301K->1420K(245760K), 0.0009856 secs] 281884K->63005K(791936K), 0.0010641 secs] [Times: user=0.00 sys=0.00, real=0.00 secs] 
2024-10-01T15:38:14.488+0300: 1057.211: Total time for which application threads were stopped: 0.0013561 seconds, Stopping threads took: 0.0001959 seconds
2024-10-01T15:38:16.922+0300: 1059.645: Application time: 2.4338271 seconds
2024-10-01T15:38:16.922+0300: 1059.645: [GC (Allocation Failure) 2024-10-01T15:38:16.922+0300: 1059.645: [DefNew: 219821K->2014K(245760K), 0.0008920 secs] 281405K->63599K(791936K), 0.0009666 secs] [Times: user=0.00 sys=0.00, real=0.00 secs] 
2024-10-01T15:38:16.922+0300: 1059.646: Total time for which application threads were stopped: 0.0012012 seconds, Stopping threads took: 0.0001255 seconds
2024-10-01T15:38:19.356+0300: 1062.088: Application time: 2.4418526 seconds
2024-10-01T15:38:19.356+0300: 1062.089: [GC (Allocation Failure) 2024-10-01T15:38:19.356+0300: 1062.089: [DefNew: 220406K->2085K(245760K), 0.0008824 secs] 281992K->63672K(791936K), 0.0009555 secs] [Times: user=0.00 sys=0.00, real=0.00 secs] 
2024-10-01T15:38:19.356+0300: 1062.090: Total time for which application threads were stopped: 0.0012951 seconds, Stopping threads took: 0.0002448 seconds
2024-10-01T15:38:21.820+0300: 1064.542: Application time: 2.4526895 seconds
2024-10-01T15:38:21.820+0300: 1064.543: [GC (Allocation Failure) 2024-10-01T15:38:21.820+0300: 1064.543: [DefNew: 220320K->1816K(245760K), 0.0008275 secs] 281907K->63404K(791936K), 0.0008987 secs] [Times: user=0.00 sys=0.00, real=0.00 secs] 
2024-10-01T15:38:21.820+0300: 1064.543: Total time for which application threads were stopped: 0.0012066 seconds, Stopping threads took: 0.0002065 seconds
2024-10-01T15:38:24.285+0300: 1067.007: Application time: 2.4640136 seconds
2024-10-01T15:38:24.285+0300: 1067.008: [GC (Allocation Failure) 2024-10-01T15:38:24.285+0300: 1067.008: [DefNew: 220311K->2014K(245760K), 0.0009394 secs] 281899K->63603K(791936K), 0.0010472 secs] [Times: user=0.00 sys=0.00, real=0.00 secs] 
2024-10-01T15:38:24.285+0300: 1067.009: Total time for which application threads were stopped: 0.0013580 seconds, Stopping threads took: 0.0001657 seconds
2024-10-01T15:38:26.766+0300: 1069.494: Application time: 2.4847683 seconds
2024-10-01T15:38:26.766+0300: 1069.494: [GC (Allocation Failure) 2024-10-01T15:38:26.766+0300: 1069.494: [DefNew: 220461K->1816K(245760K), 0.0008018 secs] 282050K->63406K(791936K), 0.0008742 secs] [Times: user=0.00 sys=0.00, real=0.00 secs] 
2024-10-01T15:38:26.766+0300: 1069.495: Total time for which application threads were stopped: 0.0011219 seconds, Stopping threads took: 0.0001432 seconds
2024-10-01T15:38:29.246+0300: 1071.976: Application time: 2.4808695 seconds
2024-10-01T15:38:29.246+0300: 1071.976: [GC (Allocation Failure) 2024-10-01T15:38:29.246+0300: 1071.976: [DefNew: 220077K->1816K(245760K), 0.0008611 secs] 281667K->63408K(791936K), 0.0009419 secs] [Times: user=0.00 sys=0.00, real=0.00 secs] 
2024-10-01T15:38:29.246+0300: 1071.977: Total time for which application threads were stopped: 0.0011185 seconds, Stopping threads took: 0.0000750 seconds
2024-10-01T15:38:31.718+0300: 1074.438: Application time: 2.4614380 seconds
2024-10-01T15:38:31.718+0300: 1074.438: [GC (Allocation Failure) 2024-10-01T15:38:31.718+0300: 1074.438: [DefNew: 220213K->1888K(245760K), 0.0008313 secs] 281805K->63481K(791936K), 0.0008992 secs] [Times: user=0.00 sys=0.00, real=0.00 secs] 
2024-10-01T15:38:31.718+0300: 1074.439: Total time for which application threads were stopped: 0.0011632 seconds, Stopping threads took: 0.0001594 seconds
2024-10-01T15:38:34.191+0300: 1076.915: Application time: 2.4754993 seconds
2024-10-01T15:38:34.191+0300: 1076.915: [GC (Allocation Failure) 2024-10-01T15:38:34.191+0300: 1076.915: [DefNew: 220245K->1609K(245760K), 0.0007002 secs] 281838K->63204K(791936K), 0.0007666 secs] [Times: user=0.00 sys=0.00, real=0.00 secs] 
2024-10-01T15:38:34.191+0300: 1076.916: Total time for which application threads were stopped: 0.0009974 seconds, Stopping threads took: 0.0001397 seconds
2024-10-01T15:38:36.655+0300: 1079.389: Application time: 2.4735748 seconds
2024-10-01T15:38:36.655+0300: 1079.390: [GC (Allocation Failure) 2024-10-01T15:38:36.655+0300: 1079.390: [DefNew: 220005K->2014K(245760K), 0.0009877 secs] 281600K->63609K(791936K), 0.0011318 secs] [Times: user=0.00 sys=0.02, real=0.02 secs] 
2024-10-01T15:38:36.671+0300: 1079.391: Total time for which application threads were stopped: 0.0013994 seconds, Stopping threads took: 0.0001587 seconds
2024-10-01T15:38:39.134+0300: 1081.864: Application time: 2.4734707 seconds
2024-10-01T15:38:39.134+0300: 1081.865: [GC (Allocation Failure) 2024-10-01T15:38:39.134+0300: 1081.865: [DefNew: 220442K->1816K(245760K), 0.0008962 secs] 282037K->63413K(791936K), 0.0009727 secs] [Times: user=0.00 sys=0.00, real=0.00 secs] 
2024-10-01T15:38:39.134+0300: 1081.866: Total time for which application threads were stopped: 0.0015408 seconds, Stopping threads took: 0.0004643 seconds
2024-10-01T15:38:41.599+0300: 1084.322: Application time: 2.4559349 seconds
2024-10-01T15:38:41.599+0300: 1084.322: [GC (Allocation Failure) 2024-10-01T15:38:41.599+0300: 1084.322: [DefNew: 220305K->2284K(245760K), 0.0012061 secs] 281902K->63882K(791936K), 0.0013155 secs] [Times: user=0.00 sys=0.00, real=0.00 secs] 
2024-10-01T15:38:41.599+0300: 1084.323: Total time for which application threads were stopped: 0.0016123 seconds, Stopping threads took: 0.0001701 seconds
2024-10-01T15:38:44.063+0300: 1086.789: Application time: 2.4658651 seconds
2024-10-01T15:38:44.063+0300: 1086.789: [GC (Allocation Failure) 2024-10-01T15:38:44.063+0300: 1086.790: [DefNew: 220667K->2015K(245760K), 0.0008360 secs] 282264K->63614K(791936K), 0.0009068 secs] [Times: user=0.00 sys=0.00, real=0.00 secs] 
2024-10-01T15:38:44.063+0300: 1086.791: Total time for which application threads were stopped: 0.0012585 seconds, Stopping threads took: 0.0001269 seconds
2024-10-01T15:38:46.511+0300: 1089.233: Application time: 2.4421870 seconds
2024-10-01T15:38:46.511+0300: 1089.233: [GC (Allocation Failure) 2024-10-01T15:38:46.511+0300: 1089.233: [DefNew: 220251K->2213K(245760K), 0.0009907 secs] 281850K->63813K(791936K), 0.0010652 secs] [Times: user=0.00 sys=0.00, real=0.00 secs] 
2024-10-01T15:38:46.511+0300: 1089.234: Total time for which application threads were stopped: 0.0013485 seconds, Stopping threads took: 0.0001804 seconds
2024-10-01T15:38:48.977+0300: 1091.700: Application time: 2.4657462 seconds
2024-10-01T15:38:48.977+0300: 1091.700: [GC (Allocation Failure) 2024-10-01T15:38:48.977+0300: 1091.700: [DefNew: 220664K->1620K(245760K), 0.0007807 secs] 282264K->63221K(791936K), 0.0008547 secs] [Times: user=0.00 sys=0.00, real=0.00 secs] 
2024-10-01T15:38:48.977+0300: 1091.701: Total time for which application threads were stopped: 0.0010769 seconds, Stopping threads took: 0.0001213 seconds
2024-10-01T15:38:49.981+0300: 1092.701: Application time: 1.0002513 seconds
2024-10-01T15:38:49.981+0300: 1092.701: Total time for which application threads were stopped: 0.0002167 seconds, Stopping threads took: 0.0001599 seconds
2024-10-01T15:38:51.440+0300: 1094.169: Application time: 1.4675681 seconds
2024-10-01T15:38:51.440+0300: 1094.170: [GC (Allocation Failure) 2024-10-01T15:38:51.440+0300: 1094.170: [DefNew: 220116K->1808K(245760K), 0.0008847 secs] 281717K->63411K(791936K), 0.0009573 secs] [Times: user=0.00 sys=0.00, real=0.00 secs] 
2024-10-01T15:38:51.440+0300: 1094.171: Total time for which application threads were stopped: 0.0016820 seconds, Stopping threads took: 0.0006087 seconds
2024-10-01T15:38:53.905+0300: 1096.640: Application time: 2.4696821 seconds
2024-10-01T15:38:53.905+0300: 1096.641: [GC (Allocation Failure) 2024-10-01T15:38:53.920+0300: 1096.641: [DefNew: 220256K->2015K(245760K), 0.0010845 secs] 281859K->63619K(791936K), 0.0011793 secs] [Times: user=0.00 sys=0.00, real=0.02 secs] 
2024-10-01T15:38:53.920+0300: 1096.642: Total time for which application threads were stopped: 0.0015213 seconds, Stopping threads took: 0.0002213 seconds
2024-10-01T15:38:56.400+0300: 1099.121: Application time: 2.4787889 seconds
2024-10-01T15:38:56.400+0300: 1099.121: [GC (Allocation Failure) 2024-10-01T15:38:56.400+0300: 1099.121: [DefNew: 220423K->1817K(245760K), 0.0008681 secs] 282027K->63423K(791936K), 0.0009339 secs] [Times: user=0.00 sys=0.00, real=0.00 secs] 
2024-10-01T15:38:56.400+0300: 1099.122: Total time for which application threads were stopped: 0.0011494 seconds, Stopping threads took: 0.0001211 seconds
2024-10-01T15:38:58.847+0300: 1101.574: Application time: 2.4522699 seconds
2024-10-01T15:38:58.847+0300: 1101.574: [GC (Allocation Failure) 2024-10-01T15:38:58.847+0300: 1101.574: [DefNew: 220313K->2015K(245760K), 0.0009313 secs] 281919K->63622K(791936K), 0.0009985 secs] [Times: user=0.00 sys=0.00, real=0.00 secs] 
2024-10-01T15:38:58.847+0300: 1101.575: Total time for which application threads were stopped: 0.0012953 seconds, Stopping threads took: 0.0001822 seconds
2024-10-01T15:39:01.326+0300: 1104.056: Application time: 2.4806880 seconds
2024-10-01T15:39:01.326+0300: 1104.056: [GC (Allocation Failure) 2024-10-01T15:39:01.326+0300: 1104.056: [DefNew: 220456K->2015K(245760K), 0.0010316 secs] 282062K->63623K(791936K), 0.0010969 secs] [Times: user=0.00 sys=0.00, real=0.00 secs] 
2024-10-01T15:39:01.326+0300: 1104.057: Total time for which application threads were stopped: 0.0013098 seconds, Stopping threads took: 0.0001094 seconds
2024-10-01T15:39:03.778+0300: 1106.500: Application time: 2.4429104 seconds
2024-10-01T15:39:03.778+0300: 1106.500: [GC (Allocation Failure) 2024-10-01T15:39:03.778+0300: 1106.501: [DefNew: 220461K->2284K(245760K), 0.0009701 secs] 282069K->63894K(791936K), 0.0010437 secs] [Times: user=0.00 sys=0.00, real=0.00 secs] 
2024-10-01T15:39:03.778+0300: 1106.502: Total time for which application threads were stopped: 0.0012893 seconds, Stopping threads took: 0.0001364 seconds
2024-10-01T15:39:06.224+0300: 1108.957: Application time: 2.4550175 seconds
2024-10-01T15:39:06.224+0300: 1108.957: [GC (Allocation Failure) 2024-10-01T15:39:06.224+0300: 1108.957: [DefNew: 220650K->2087K(245760K), 0.0011370 secs] 282259K->63698K(791936K), 0.0012494 secs] [Times: user=0.00 sys=0.00, real=0.00 secs] 
2024-10-01T15:39:06.224+0300: 1108.958: Total time for which application threads were stopped: 0.0016453 seconds, Stopping threads took: 0.0002597 seconds
2024-10-01T15:39:08.719+0300: 1111.448: Application time: 2.4897315 seconds
2024-10-01T15:39:08.719+0300: 1111.448: [GC (Allocation Failure) 2024-10-01T15:39:08.719+0300: 1111.448: [DefNew: 220535K->2213K(245760K), 0.0010368 secs] 282146K->63825K(791936K), 0.0011220 secs] [Times: user=0.00 sys=0.00, real=0.00 secs] 
2024-10-01T15:39:08.719+0300: 1111.449: Total time for which application threads were stopped: 0.0013894 seconds, Stopping threads took: 0.0001613 seconds
2024-10-01T15:39:11.200+0300: 1113.922: Application time: 2.4730730 seconds
2024-10-01T15:39:11.200+0300: 1113.923: [GC (Allocation Failure) 2024-10-01T15:39:11.200+0300: 1113.923: [DefNew: 220703K->2087K(245760K), 0.0008529 secs] 282315K->63700K(791936K), 0.0009154 secs] [Times: user=0.00 sys=0.00, real=0.00 secs] 
2024-10-01T15:39:11.200+0300: 1113.924: Total time for which application threads were stopped: 0.0011386 seconds, Stopping threads took: 0.0001211 seconds
2024-10-01T15:39:13.634+0300: 1116.365: Application time: 2.4412271 seconds
2024-10-01T15:39:13.634+0300: 1116.365: [GC (Allocation Failure) 2024-10-01T15:39:13.634+0300: 1116.365: [DefNew: 220488K->2285K(245760K), 0.0010495 secs] 282101K->63899K(791936K), 0.0011259 secs] [Times: user=0.00 sys=0.00, real=0.00 secs] 
2024-10-01T15:39:13.634+0300: 1116.366: Total time for which application threads were stopped: 0.0013844 seconds, Stopping threads took: 0.0001384 seconds
2024-10-01T15:39:16.113+0300: 1118.843: Application time: 2.4765264 seconds
2024-10-01T15:39:16.113+0300: 1118.843: [GC (Allocation Failure) 2024-10-01T15:39:16.113+0300: 1118.843: [DefNew: 220642K->2213K(245760K), 0.0009438 secs] 282257K->63829K(791936K), 0.0010193 secs] [Times: user=0.00 sys=0.00, real=0.00 secs] 
2024-10-01T15:39:16.113+0300: 1118.844: Total time for which application threads were stopped: 0.0012684 seconds, Stopping threads took: 0.0001413 seconds
2024-10-01T15:39:18.562+0300: 1121.297: Application time: 2.4534978 seconds
2024-10-01T15:39:18.562+0300: 1121.298: [GC (Allocation Failure) 2024-10-01T15:39:18.562+0300: 1121.298: [DefNew: 220682K->1952K(245760K), 0.0009615 secs] 282297K->63569K(791936K), 0.0010387 secs] [Times: user=0.00 sys=0.00, real=0.02 secs] 
2024-10-01T15:39:18.578+0300: 1121.299: Total time for which application threads were stopped: 0.0013770 seconds, Stopping threads took: 0.0002248 seconds
2024-10-01T15:39:21.058+0300: 1123.780: Application time: 2.4806980 seconds
2024-10-01T15:39:21.058+0300: 1123.780: [GC (Allocation Failure) 2024-10-01T15:39:21.058+0300: 1123.780: [DefNew: 220336K->2086K(245760K), 0.0008478 secs] 281953K->63705K(791936K), 0.0009132 secs] [Times: user=0.00 sys=0.00, real=0.00 secs] 
2024-10-01T15:39:21.060+0300: 1123.781: Total time for which application threads were stopped: 0.0011525 seconds, Stopping threads took: 0.0001287 seconds
2024-10-01T15:39:23.517+0300: 1126.239: Application time: 2.4584333 seconds
2024-10-01T15:39:23.517+0300: 1126.239: [GC (Allocation Failure) 2024-10-01T15:39:23.517+0300: 1126.239: [DefNew: 220464K->1817K(245760K), 0.0007834 secs] 282083K->63437K(791936K), 0.0008433 secs] [Times: user=0.00 sys=0.00, real=0.00 secs] 
2024-10-01T15:39:23.517+0300: 1126.240: Total time for which application threads were stopped: 0.0010606 seconds, Stopping threads took: 0.0001264 seconds
2024-10-01T15:39:25.988+0300: 1128.718: Application time: 2.4779894 seconds
2024-10-01T15:39:25.988+0300: 1128.718: [GC (Allocation Failure) 2024-10-01T15:39:25.988+0300: 1128.718: [DefNew: 220250K->2347K(245760K), 0.0010402 secs] 281871K->63969K(791936K), 0.0011172 secs] [Times: user=0.00 sys=0.00, real=0.01 secs] 
2024-10-01T15:39:25.999+0300: 1128.720: Total time for which application threads were stopped: 0.0013796 seconds, Stopping threads took: 0.0001410 seconds
2024-10-01T15:39:28.452+0300: 1131.184: Application time: 2.4644920 seconds
2024-10-01T15:39:28.452+0300: 1131.184: [GC (Allocation Failure) 2024-10-01T15:39:28.452+0300: 1131.184: [DefNew: 220755K->1619K(245760K), 0.0008765 secs] 282377K->63242K(791936K), 0.0009589 secs] [Times: user=0.02 sys=0.00, real=0.01 secs] 
2024-10-01T15:39:28.465+0300: 1131.185: Total time for which application threads were stopped: 0.0012222 seconds, Stopping threads took: 0.0001430 seconds
2024-10-01T15:39:30.932+0300: 1133.656: Application time: 2.4710540 seconds
2024-10-01T15:39:30.932+0300: 1133.657: [GC (Allocation Failure) 2024-10-01T15:39:30.932+0300: 1133.657: [DefNew: 220076K->1952K(245760K), 0.0008460 secs] 281699K->63576K(791936K), 0.0009086 secs] [Times: user=0.00 sys=0.00, real=0.01 secs] 
2024-10-01T15:39:30.937+0300: 1133.658: Total time for which application threads were stopped: 0.0011780 seconds, Stopping threads took: 0.0001800 seconds
2024-10-01T15:39:33.396+0300: 1136.126: Application time: 2.4679778 seconds
2024-10-01T15:39:33.396+0300: 1136.126: [GC (Allocation Failure) 2024-10-01T15:39:33.396+0300: 1136.126: [DefNew: 220448K->1817K(245760K), 0.0009164 secs] 282072K->63442K(791936K), 0.0009908 secs] [Times: user=0.00 sys=0.00, real=0.00 secs] 
2024-10-01T15:39:33.396+0300: 1136.127: Total time for which application threads were stopped: 0.0012726 seconds, Stopping threads took: 0.0001750 seconds
2024-10-01T15:39:35.876+0300: 1138.607: Application time: 2.4806568 seconds
2024-10-01T15:39:35.876+0300: 1138.608: [GC (Allocation Failure) 2024-10-01T15:39:35.876+0300: 1138.608: [DefNew: 220189K->2086K(245760K), 0.0010062 secs] 281814K->63713K(791936K), 0.0010949 secs] [Times: user=0.00 sys=0.00, real=0.01 secs] 
2024-10-01T15:39:35.888+0300: 1138.609: Total time for which application threads were stopped: 0.0013803 seconds, Stopping threads took: 0.0001786 seconds
2024-10-01T15:39:38.355+0300: 1141.082: Application time: 2.4736329 seconds
2024-10-01T15:39:38.355+0300: 1141.083: [GC (Allocation Failure) 2024-10-01T15:39:38.355+0300: 1141.083: [DefNew: 220548K->2284K(245760K), 0.0009327 secs] 282175K->63912K(791936K), 0.0009896 secs] [Times: user=0.00 sys=0.00, real=0.00 secs] 
2024-10-01T15:39:38.355+0300: 1141.084: Total time for which application threads were stopped: 0.0012777 seconds, Stopping threads took: 0.0001794 seconds
2024-10-01T15:39:40.866+0300: 1143.595: Application time: 2.5111435 seconds
2024-10-01T15:39:40.866+0300: 1143.595: [GC (Allocation Failure) 2024-10-01T15:39:40.866+0300: 1143.595: [DefNew: 220732K->2015K(245760K), 0.0008827 secs] 282360K->63644K(791936K), 0.0009459 secs] [Times: user=0.00 sys=0.00, real=0.00 secs] 
2024-10-01T15:39:40.866+0300: 1143.596: Total time for which application threads were stopped: 0.0011524 seconds, Stopping threads took: 0.0001191 seconds
2024-10-01T15:39:43.377+0300: 1146.104: Application time: 2.5076020 seconds
2024-10-01T15:39:43.377+0300: 1146.104: [GC (Allocation Failure) 2024-10-01T15:39:43.377+0300: 1146.104: [DefNew: 220495K->1816K(245760K), 0.0007775 secs] 282124K->63447K(791936K), 0.0008422 secs] [Times: user=0.02 sys=0.00, real=0.01 secs] 
2024-10-01T15:39:43.384+0300: 1146.105: Total time for which application threads were stopped: 0.0010783 seconds, Stopping threads took: 0.0001398 seconds
2024-10-01T15:39:45.841+0300: 1148.563: Application time: 2.4586670 seconds
2024-10-01T15:39:45.841+0300: 1148.564: [GC (Allocation Failure) 2024-10-01T15:39:45.841+0300: 1148.564: [DefNew: 220290K->2346K(245760K), 0.0009601 secs] 281921K->63979K(791936K), 0.0010340 secs] [Times: user=0.00 sys=0.00, real=0.00 secs] 
2024-10-01T15:39:45.841+0300: 1148.565: Total time for which application threads were stopped: 0.0012658 seconds, Stopping threads took: 0.0001334 seconds
2024-10-01T15:39:48.290+0300: 1151.023: Application time: 2.4578825 seconds
2024-10-01T15:39:48.290+0300: 1151.023: [GC (Allocation Failure) 2024-10-01T15:39:48.290+0300: 1151.023: [DefNew: 220716K->2014K(245760K), 0.0009736 secs] 282348K->63648K(791936K), 0.0010681 secs] [Times: user=0.00 sys=0.00, real=0.01 secs] 
2024-10-01T15:39:48.303+0300: 1151.024: Total time for which application threads were stopped: 0.0013875 seconds, Stopping threads took: 0.0002072 seconds
2024-10-01T15:39:50.787+0300: 1153.510: Application time: 2.4862370 seconds
2024-10-01T15:39:50.787+0300: 1153.510: [GC (Allocation Failure) 2024-10-01T15:39:50.787+0300: 1153.511: [DefNew: 220304K->2014K(245760K), 0.0018797 secs] 281937K->63649K(791936K), 0.0020196 secs] [Times: user=0.00 sys=0.00, real=0.01 secs] 
2024-10-01T15:39:50.792+0300: 1153.513: Total time for which application threads were stopped: 0.0023262 seconds, Stopping threads took: 0.0001527 seconds
2024-10-01T15:39:53.267+0300: 1155.991: Application time: 2.4780140 seconds
2024-10-01T15:39:53.267+0300: 1155.991: [GC (Allocation Failure) 2024-10-01T15:39:53.267+0300: 1155.991: [DefNew: 220438K->1816K(245760K), 0.0009324 secs] 282073K->63452K(791936K), 0.0010048 secs] [Times: user=0.00 sys=0.00, real=0.00 secs] 
2024-10-01T15:39:53.267+0300: 1155.992: Total time for which application threads were stopped: 0.0013237 seconds, Stopping threads took: 0.0002029 seconds
2024-10-01T15:39:55.731+0300: 1158.461: Application time: 2.4689457 seconds
2024-10-01T15:39:55.731+0300: 1158.461: [GC (Allocation Failure) 2024-10-01T15:39:55.731+0300: 1158.461: [DefNew: 220278K->2284K(245760K), 0.0010847 secs] 281914K->63921K(791936K), 0.0011709 secs] [Times: user=0.00 sys=0.00, real=0.00 secs] 
2024-10-01T15:39:55.731+0300: 1158.462: Total time for which application threads were stopped: 0.0014725 seconds, Stopping threads took: 0.0001926 seconds
2024-10-01T15:39:58.273+0300: 1160.995: Application time: 2.5322208 seconds
2024-10-01T15:39:58.273+0300: 1160.995: [GC (Allocation Failure) 2024-10-01T15:39:58.273+0300: 1160.995: [DefNew: 220780K->2086K(245760K), 0.0010183 secs] 282417K->63724K(791936K), 0.0010884 secs] [Times: user=0.00 sys=0.00, real=0.00 secs] 
2024-10-01T15:39:58.273+0300: 1160.996: Total time for which application threads were stopped: 0.0013204 seconds, Stopping threads took: 0.0001286 seconds
2024-10-01T15:40:00.755+0300: 1163.480: Application time: 2.4842495 seconds
2024-10-01T15:40:00.755+0300: 1163.480: [GC (Allocation Failure) 2024-10-01T15:40:00.755+0300: 1163.480: [DefNew: 220582K->1816K(245760K), 0.0009328 secs] 282220K->63456K(791936K), 0.0009994 secs] [Times: user=0.00 sys=0.00, real=0.01 secs] 
2024-10-01T15:40:00.761+0300: 1163.481: Total time for which application threads were stopped: 0.0012606 seconds, Stopping threads took: 0.0001602 seconds
2024-10-01T15:40:03.221+0300: 1165.953: Application time: 2.4720582 seconds
2024-10-01T15:40:03.221+0300: 1165.954: [GC (Allocation Failure) 2024-10-01T15:40:03.221+0300: 1165.954: [DefNew: 220256K->2086K(245760K), 0.0010227 secs] 281896K->63727K(791936K), 0.0011045 secs] [Times: user=0.00 sys=0.00, real=0.00 secs] 
2024-10-01T15:40:03.221+0300: 1165.955: Total time for which application threads were stopped: 0.0013920 seconds, Stopping threads took: 0.0001950 seconds
2024-10-01T15:40:05.716+0300: 1168.438: Application time: 2.4833554 seconds
2024-10-01T15:40:05.716+0300: 1168.438: [GC (Allocation Failure) 2024-10-01T15:40:05.716+0300: 1168.438: [DefNew: 220537K->2014K(245760K), 0.0009552 secs] 282178K->63656K(791936K), 0.0010242 secs] [Times: user=0.00 sys=0.00, real=0.00 secs] 
2024-10-01T15:40:05.719+0300: 1168.439: Total time for which application threads were stopped: 0.0012520 seconds, Stopping threads took: 0.0001254 seconds
2024-10-01T15:40:08.404+0300: 1171.135: Application time: 2.6958623 seconds
2024-10-01T15:40:08.404+0300: 1171.135: [GC (Allocation Failure) 2024-10-01T15:40:08.415+0300: 1171.136: [DefNew: 220414K->1816K(245760K), 0.0012522 secs] 282057K->63460K(791936K), 0.0013357 secs] [Times: user=0.00 sys=0.00, real=0.01 secs] 
2024-10-01T15:40:08.415+0300: 1171.137: Total time for which application threads were stopped: 0.0015715 seconds, Stopping threads took: 0.0001186 seconds
2024-10-01T15:40:10.926+0300: 1173.650: Application time: 2.5129055 seconds
2024-10-01T15:40:10.926+0300: 1173.650: [GC (Allocation Failure) 2024-10-01T15:40:10.926+0300: 1173.650: [DefNew: 220252K->2283K(245760K), 0.0011710 secs] 281896K->63928K(791936K), 0.0012622 secs] [Times: user=0.00 sys=0.00, real=0.00 secs] 
2024-10-01T15:40:10.926+0300: 1173.651: Total time for which application threads were stopped: 0.0015260 seconds, Stopping threads took: 0.0001623 seconds
2024-10-01T15:40:13.527+0300: 1176.261: Application time: 2.6098662 seconds
2024-10-01T15:40:13.527+0300: 1176.261: [GC (Allocation Failure) 2024-10-01T15:40:13.527+0300: 1176.261: [DefNew: 220675K->2283K(245760K), 0.0012503 secs] 282320K->63929K(791936K), 0.0013440 secs] [Times: user=0.00 sys=0.00, real=0.02 secs] 
2024-10-01T15:40:13.542+0300: 1176.263: Total time for which application threads were stopped: 0.0016275 seconds, Stopping threads took: 0.0001720 seconds
2024-10-01T15:40:16.056+0300: 1178.778: Application time: 2.5147942 seconds
2024-10-01T15:40:16.056+0300: 1178.778: [GC (Allocation Failure) 2024-10-01T15:40:16.056+0300: 1178.778: [DefNew: 220779K->2211K(245760K), 0.0009548 secs] 282425K->63859K(791936K), 0.0010277 secs] [Times: user=0.00 sys=0.00, real=0.00 secs] 
2024-10-01T15:40:16.056+0300: 1178.779: Total time for which application threads were stopped: 0.0012459 seconds, Stopping threads took: 0.0001164 seconds
2024-10-01T15:40:18.523+0300: 1181.245: Application time: 2.4659207 seconds
2024-10-01T15:40:18.523+0300: 1181.245: [GC (Allocation Failure) 2024-10-01T15:40:18.523+0300: 1181.245: [DefNew: 220497K->1816K(245760K), 0.0010066 secs] 282145K->63465K(791936K), 0.0010869 secs] [Times: user=0.00 sys=0.00, real=0.00 secs] 
2024-10-01T15:40:18.526+0300: 1181.246: Total time for which application threads were stopped: 0.0014194 seconds, Stopping threads took: 0.0002089 seconds
2024-10-01T15:40:21.027+0300: 1183.754: Application time: 2.5075911 seconds
2024-10-01T15:40:21.027+0300: 1183.754: [GC (Allocation Failure) 2024-10-01T15:40:21.027+0300: 1183.754: [DefNew: 220179K->2086K(245760K), 0.0009668 secs] 281828K->63736K(791936K), 0.0010388 secs] [Times: user=0.00 sys=0.00, real=0.00 secs] 
2024-10-01T15:40:21.027+0300: 1183.755: Total time for which application threads were stopped: 0.0015547 seconds, Stopping threads took: 0.0004194 seconds
2024-10-01T15:40:23.521+0300: 1186.248: Application time: 2.4926757 seconds
2024-10-01T15:40:23.521+0300: 1186.248: [GC (Allocation Failure) 2024-10-01T15:40:23.521+0300: 1186.248: [DefNew: 220411K->2014K(245760K), 0.0008863 secs] 282061K->63665K(791936K), 0.0009413 secs] [Times: user=0.00 sys=0.00, real=0.01 secs] 
2024-10-01T15:40:23.528+0300: 1186.249: Total time for which application threads were stopped: 0.0011572 seconds, Stopping threads took: 0.0001251 seconds
2024-10-01T15:40:25.985+0300: 1188.707: Application time: 2.4579272 seconds
2024-10-01T15:40:25.985+0300: 1188.707: [GC (Allocation Failure) 2024-10-01T15:40:25.985+0300: 1188.707: [DefNew: 220390K->2211K(245760K), 0.0009980 secs] 282042K->63864K(791936K), 0.0010606 secs] [Times: user=0.00 sys=0.00, real=0.00 secs] 
2024-10-01T15:40:25.985+0300: 1188.708: Total time for which application threads were stopped: 0.0013748 seconds, Stopping threads took: 0.0002156 seconds
2024-10-01T15:40:28.480+0300: 1191.207: Application time: 2.4984180 seconds
2024-10-01T15:40:28.480+0300: 1191.207: [GC (Allocation Failure) 2024-10-01T15:40:28.480+0300: 1191.207: [DefNew: 220707K->2211K(245760K), 0.0010268 secs] 282360K->63865K(791936K), 0.0011096 secs] [Times: user=0.00 sys=0.00, real=0.01 secs] 
2024-10-01T15:40:28.487+0300: 1191.208: Total time for which application threads were stopped: 0.0013909 seconds, Stopping threads took: 0.0001715 seconds
2024-10-01T15:40:30.975+0300: 1193.706: Application time: 2.4978079 seconds
2024-10-01T15:40:30.975+0300: 1193.706: [GC (Allocation Failure) 2024-10-01T15:40:30.975+0300: 1193.706: [DefNew: 220570K->1420K(245760K), 0.0010593 secs] 282224K->63075K(791936K), 0.0011424 secs] [Times: user=0.00 sys=0.00, real=0.00 secs] 
2024-10-01T15:40:30.975+0300: 1193.708: Total time for which application threads were stopped: 0.0014653 seconds, Stopping threads took: 0.0002054 seconds
2024-10-01T15:40:33.440+0300: 1196.171: Application time: 2.4634218 seconds
2024-10-01T15:40:33.451+0300: 1196.171: [GC (Allocation Failure) 2024-10-01T15:40:33.451+0300: 1196.171: [DefNew: 219669K->2013K(245760K), 0.0009129 secs] 281324K->63670K(791936K), 0.0010043 secs] [Times: user=0.00 sys=0.00, real=0.00 secs] 
2024-10-01T15:40:33.452+0300: 1196.172: Total time for which application threads were stopped: 0.0012338 seconds, Stopping threads took: 0.0001219 seconds
2024-10-01T15:40:35.934+0300: 1198.669: Application time: 2.4971480 seconds
2024-10-01T15:40:35.950+0300: 1198.670: [GC (Allocation Failure) 2024-10-01T15:40:35.950+0300: 1198.670: [DefNew: 220310K->1816K(245760K), 0.0014881 secs] 281966K->63473K(791936K), 0.0016178 secs] [Times: user=0.00 sys=0.00, real=0.00 secs] 
2024-10-01T15:40:35.950+0300: 1198.671: Total time for which application threads were stopped: 0.0020147 seconds, Stopping threads took: 0.0002564 seconds
2024-10-01T15:40:38.428+0300: 1201.152: Application time: 2.4806012 seconds
2024-10-01T15:40:38.428+0300: 1201.152: [GC (Allocation Failure) 2024-10-01T15:40:38.428+0300: 1201.152: [DefNew: 220050K->1816K(245760K), 0.0007510 secs] 281708K->63475K(791936K), 0.0008187 secs] [Times: user=0.00 sys=0.00, real=0.00 secs] 
2024-10-01T15:40:38.428+0300: 1201.153: Total time for which application threads were stopped: 0.0010745 seconds, Stopping threads took: 0.0001411 seconds
2024-10-01T15:40:40.893+0300: 1203.620: Application time: 2.4665284 seconds
2024-10-01T15:40:40.893+0300: 1203.620: [GC (Allocation Failure) 2024-10-01T15:40:40.893+0300: 1203.620: [DefNew: 220312K->2014K(245760K), 0.0009334 secs] 281971K->63674K(791936K), 0.0010013 secs] [Times: user=0.00 sys=0.00, real=0.00 secs] 
2024-10-01T15:40:40.893+0300: 1203.621: Total time for which application threads were stopped: 0.0012452 seconds, Stopping threads took: 0.0001444 seconds
2024-10-01T15:40:43.370+0300: 1206.090: Application time: 2.4694565 seconds
2024-10-01T15:40:43.370+0300: 1206.090: [GC (Allocation Failure) 2024-10-01T15:40:43.370+0300: 1206.091: [DefNew: 220265K->2211K(245760K), 0.0009958 secs] 281925K->63873K(791936K), 0.0010754 secs] [Times: user=0.00 sys=0.00, real=0.00 secs] 
2024-10-01T15:40:43.370+0300: 1206.092: Total time for which application threads were stopped: 0.0013008 seconds, Stopping threads took: 0.0001232 seconds
2024-10-01T15:40:45.875+0300: 1208.598: Application time: 2.5059161 seconds
2024-10-01T15:40:45.875+0300: 1208.598: [GC (Allocation Failure) 2024-10-01T15:40:45.875+0300: 1208.598: [DefNew: 220700K->2014K(245760K), 0.0008919 secs] 282362K->63676K(791936K), 0.0009549 secs] [Times: user=0.00 sys=0.00, real=0.00 secs] 
2024-10-01T15:40:45.875+0300: 1208.599: Total time for which application threads were stopped: 0.0011805 seconds, Stopping threads took: 0.0001309 seconds
2024-10-01T15:40:48.330+0300: 1211.059: Application time: 2.4604896 seconds
2024-10-01T15:40:48.330+0300: 1211.059: [GC (Allocation Failure) 2024-10-01T15:40:48.330+0300: 1211.059: [DefNew: 220370K->2211K(245760K), 0.0010870 secs] 282033K->63875K(791936K), 0.0011523 secs] [Times: user=0.00 sys=0.00, real=0.00 secs] 
2024-10-01T15:40:48.330+0300: 1211.061: Total time for which application threads were stopped: 0.0013592 seconds, Stopping threads took: 0.0001079 seconds
2024-10-01T15:40:50.858+0300: 1213.583: Application time: 2.5220782 seconds
2024-10-01T15:40:50.858+0300: 1213.583: [GC (Allocation Failure) 2024-10-01T15:40:50.858+0300: 1213.583: [DefNew: 220648K->1753K(245760K), 0.0010013 secs] 282312K->63418K(791936K), 0.0010661 secs] [Times: user=0.00 sys=0.00, real=0.00 secs] 
2024-10-01T15:40:50.858+0300: 1213.584: Total time for which application threads were stopped: 0.0012878 seconds, Stopping threads took: 0.0001261 seconds
2024-10-01T15:40:53.322+0300: 1216.056: Application time: 2.4725264 seconds
2024-10-01T15:40:53.322+0300: 1216.057: [GC (Allocation Failure) 2024-10-01T15:40:53.322+0300: 1216.057: [DefNew: 220249K->2211K(245760K), 0.0010747 secs] 281914K->63877K(791936K), 0.0012193 secs] [Times: user=0.00 sys=0.00, real=0.02 secs] 
2024-10-01T15:40:53.338+0300: 1216.058: Total time for which application threads were stopped: 0.0016505 seconds, Stopping threads took: 0.0002276 seconds
2024-10-01T15:40:55.834+0300: 1218.559: Application time: 2.5013764 seconds
2024-10-01T15:40:55.834+0300: 1218.560: [GC (Allocation Failure) 2024-10-01T15:40:55.834+0300: 1218.560: [DefNew: 220689K->1618K(245760K), 0.0007824 secs] 282355K->63286K(791936K), 0.0008451 secs] [Times: user=0.00 sys=0.00, real=0.00 secs] 
2024-10-01T15:40:55.834+0300: 1218.561: Total time for which application threads were stopped: 0.0010986 seconds, Stopping threads took: 0.0001591 seconds
2024-10-01T15:40:58.298+0300: 1221.029: Application time: 2.4685467 seconds
2024-10-01T15:40:58.298+0300: 1221.029: [GC (Allocation Failure) 2024-10-01T15:40:58.298+0300: 1221.029: [DefNew: 219851K->2014K(245760K), 0.0008811 secs] 281518K->63682K(791936K), 0.0009686 secs] [Times: user=0.00 sys=0.00, real=0.00 secs] 
2024-10-01T15:40:58.298+0300: 1221.030: Total time for which application threads were stopped: 0.0011956 seconds, Stopping threads took: 0.0001311 seconds
2024-10-01T15:41:00.762+0300: 1223.493: Application time: 2.4628008 seconds
2024-10-01T15:41:00.762+0300: 1223.493: [GC (Allocation Failure) 2024-10-01T15:41:00.762+0300: 1223.493: [DefNew: 220501K->2346K(245760K), 0.0008975 secs] 282170K->64016K(791936K), 0.0009909 secs] [Times: user=0.00 sys=0.00, real=0.00 secs] 
2024-10-01T15:41:00.762+0300: 1223.494: Total time for which application threads were stopped: 0.0012658 seconds, Stopping threads took: 0.0001701 seconds
2024-10-01T15:41:03.258+0300: 1225.991: Application time: 2.4969871 seconds
2024-10-01T15:41:03.258+0300: 1225.992: [GC (Allocation Failure) 2024-10-01T15:41:03.258+0300: 1225.992: [DefNew: 220842K->2014K(245760K), 0.0011904 secs] 282512K->63685K(791936K), 0.0013007 secs] [Times: user=0.00 sys=0.00, real=0.00 secs] 
2024-10-01T15:41:03.258+0300: 1225.993: Total time for which application threads were stopped: 0.0015878 seconds, Stopping threads took: 0.0001643 seconds
2024-10-01T15:41:04.954+0300: 1227.680: Application time: 1.6870682 seconds
2024-10-01T15:41:04.954+0300: 1227.680: Total time for which application threads were stopped: 0.0002250 seconds, Stopping threads took: 0.0001657 seconds
2024-10-01T15:41:05.299+0300: 1228.024: Application time: 0.3441800 seconds
2024-10-01T15:41:05.299+0300: 1228.025: Total time for which application threads were stopped: 0.0001713 seconds, Stopping threads took: 0.0001275 seconds
2024-10-01T15:41:05.346+0300: 1228.069: Application time: 0.0448125 seconds
2024-10-01T15:41:05.346+0300: 1228.070: Total time for which application threads were stopped: 0.0001590 seconds, Stopping threads took: 0.0001090 seconds
2024-10-01T15:41:05.629+0300: 1228.358: Application time: 0.2884186 seconds
2024-10-01T15:41:05.629+0300: 1228.358: Total time for which application threads were stopped: 0.0001577 seconds, Stopping threads took: 0.0000272 seconds
2024-10-01T15:41:05.723+0300: 1228.446: Application time: 0.0875843 seconds
2024-10-01T15:41:05.723+0300: 1228.446: Total time for which application threads were stopped: 0.0001878 seconds, Stopping threads took: 0.0000335 seconds
2024-10-01T15:41:05.770+0300: 1228.496: Application time: 0.0498655 seconds
2024-10-01T15:41:05.770+0300: 1228.496: Total time for which application threads were stopped: 0.0001668 seconds, Stopping threads took: 0.0000245 seconds
2024-10-01T15:41:05.801+0300: 1228.522: Application time: 0.0261832 seconds
2024-10-01T15:41:05.801+0300: 1228.522: Total time for which application threads were stopped: 0.0001365 seconds, Stopping threads took: 0.0000751 seconds
2024-10-01T15:41:05.817+0300: 1228.540: Application time: 0.0176202 seconds
2024-10-01T15:41:05.817+0300: 1228.540: Total time for which application threads were stopped: 0.0000794 seconds, Stopping threads took: 0.0000441 seconds
2024-10-01T15:41:05.912+0300: 1228.646: Application time: 0.1062078 seconds
2024-10-01T15:41:05.912+0300: 1228.646: Total time for which application threads were stopped: 0.0002385 seconds, Stopping threads took: 0.0000254 seconds
2024-10-01T15:41:05.927+0300: 1228.653: Application time: 0.0061138 seconds
2024-10-01T15:41:05.927+0300: 1228.653: Total time for which application threads were stopped: 0.0002248 seconds, Stopping threads took: 0.0000239 seconds
2024-10-01T15:41:05.927+0300: 1228.655: Application time: 0.0017980 seconds
2024-10-01T15:41:05.927+0300: 1228.655: Total time for which application threads were stopped: 0.0002191 seconds, Stopping threads took: 0.0000233 seconds
2024-10-01T15:41:06.213+0300: 1228.945: Application time: 0.2901972 seconds
2024-10-01T15:41:06.213+0300: 1228.945: Total time for which application threads were stopped: 0.0000464 seconds, Stopping threads took: 0.0000188 seconds
2024-10-01T15:41:06.288+0300: 1229.015: Application time: 0.0696196 seconds
2024-10-01T15:41:06.288+0300: 1229.015: [GC (Allocation Failure) 2024-10-01T15:41:06.288+0300: 1229.015: [DefNew: 220510K->8763K(245760K), 0.0068538 secs] 282181K->70435K(791936K), 0.0069208 secs] [Times: user=0.00 sys=0.00, real=0.00 secs] 
2024-10-01T15:41:06.288+0300: 1229.022: Total time for which application threads were stopped: 0.0070462 seconds, Stopping threads took: 0.0000337 seconds
2024-10-01T15:41:06.288+0300: 1229.022: Application time: 0.0005242 seconds
2024-10-01T15:41:06.288+0300: 1229.022: Total time for which application threads were stopped: 0.0001708 seconds, Stopping threads took: 0.0001178 seconds
2024-10-01T15:41:06.288+0300: 1229.023: Application time: 0.0002515 seconds
2024-10-01T15:41:06.288+0300: 1229.023: Total time for which application threads were stopped: 0.0002235 seconds, Stopping threads took: 0.0001665 seconds
2024-10-01T15:41:06.288+0300: 1229.023: Application time: 0.0001387 seconds
2024-10-01T15:41:06.288+0300: 1229.023: Total time for which application threads were stopped: 0.0001000 seconds, Stopping threads took: 0.0000609 seconds
2024-10-01T15:41:06.288+0300: 1229.023: Application time: 0.0001514 seconds
2024-10-01T15:41:06.288+0300: 1229.023: Total time for which application threads were stopped: 0.0000727 seconds, Stopping threads took: 0.0000537 seconds
2024-10-01T15:41:06.288+0300: 1229.024: Application time: 0.0001117 seconds
2024-10-01T15:41:06.288+0300: 1229.024: Total time for which application threads were stopped: 0.0000830 seconds, Stopping threads took: 0.0000654 seconds
2024-10-01T15:41:06.303+0300: 1229.024: Application time: 0.0001814 seconds
2024-10-01T15:41:06.303+0300: 1229.024: Total time for which application threads were stopped: 0.0000505 seconds, Stopping threads took: 0.0000248 seconds
2024-10-01T15:41:06.618+0300: 1229.343: Application time: 0.3192486 seconds
2024-10-01T15:41:06.618+0300: 1229.343: Total time for which application threads were stopped: 0.0003278 seconds, Stopping threads took: 0.0000498 seconds
2024-10-01T15:41:06.649+0300: 1229.383: Application time: 0.0399119 seconds
2024-10-01T15:41:06.649+0300: 1229.384: [GC (Allocation Failure) 2024-10-01T15:41:06.649+0300: 1229.384: [DefNew: 227259K->9383K(245760K), 0.0108584 secs] 288931K->71057K(791936K), 0.0109493 secs] [Times: user=0.02 sys=0.00, real=0.02 secs] 
2024-10-01T15:41:06.665+0300: 1229.395: Total time for which application threads were stopped: 0.0111654 seconds, Stopping threads took: 0.0000477 seconds
2024-10-01T15:41:06.665+0300: 1229.395: Application time: 0.0002420 seconds
2024-10-01T15:41:06.665+0300: 1229.395: Total time for which application threads were stopped: 0.0001536 seconds, Stopping threads took: 0.0000609 seconds
2024-10-01T15:41:06.665+0300: 1229.395: Application time: 0.0001379 seconds
2024-10-01T15:41:06.665+0300: 1229.395: Total time for which application threads were stopped: 0.0001238 seconds, Stopping threads took: 0.0000652 seconds
2024-10-01T15:41:06.743+0300: 1229.478: Application time: 0.0826594 seconds
2024-10-01T15:41:06.743+0300: 1229.478: [GC (Allocation Failure) 2024-10-01T15:41:06.743+0300: 1229.478: [DefNew: 227879K->9349K(245760K), 0.0065539 secs] 289553K->71023K(791936K), 0.0066440 secs] [Times: user=0.08 sys=0.00, real=0.02 secs] 
2024-10-01T15:41:06.759+0300: 1229.485: Total time for which application threads were stopped: 0.0068302 seconds, Stopping threads took: 0.0000475 seconds
2024-10-01T15:41:06.759+0300: 1229.492: Application time: 0.0068321 seconds
2024-10-01T15:41:06.759+0300: 1229.492: Total time for which application threads were stopped: 0.0000746 seconds, Stopping threads took: 0.0000419 seconds
2024-10-01T15:41:06.822+0300: 1229.554: Application time: 0.0622161 seconds
2024-10-01T15:41:06.822+0300: 1229.554: Total time for which application threads were stopped: 0.0001154 seconds, Stopping threads took: 0.0000416 seconds
2024-10-01T15:41:06.917+0300: 1229.637: Application time: 0.0833064 seconds
2024-10-01T15:41:06.917+0300: 1229.637: Total time for which application threads were stopped: 0.0001136 seconds, Stopping threads took: 0.0000494 seconds
2024-10-01T15:41:06.917+0300: 1229.638: Application time: 0.0005390 seconds
2024-10-01T15:41:06.917+0300: 1229.638: Total time for which application threads were stopped: 0.0000559 seconds, Stopping threads took: 0.0000318 seconds
2024-10-01T15:41:06.917+0300: 1229.638: Application time: 0.0004412 seconds
2024-10-01T15:41:06.917+0300: 1229.638: Total time for which application threads were stopped: 0.0000514 seconds, Stopping threads took: 0.0000289 seconds
2024-10-01T15:41:06.917+0300: 1229.639: Application time: 0.0001534 seconds
2024-10-01T15:41:06.917+0300: 1229.639: Total time for which application threads were stopped: 0.0000300 seconds, Stopping threads took: 0.0000156 seconds
2024-10-01T15:41:06.917+0300: 1229.639: Application time: 0.0007068 seconds
2024-10-01T15:41:06.917+0300: 1229.639: Total time for which application threads were stopped: 0.0000349 seconds, Stopping threads took: 0.0000192 seconds
2024-10-01T15:41:06.917+0300: 1229.650: Application time: 0.0105643 seconds
2024-10-01T15:41:06.917+0300: 1229.650: Total time for which application threads were stopped: 0.0000594 seconds, Stopping threads took: 0.0000253 seconds
Heap
 def new generation   total 245760K, used 36218K [0x00000000ce000000, 0x00000000deaa0000, 0x00000000deaa0000)
  eden space 218496K,  12% used [0x00000000ce000000, 0x00000000cfa3d6a8, 0x00000000db560000)
  from space 27264K,  34% used [0x00000000dd000000, 0x00000000dd921430, 0x00000000deaa0000)
  to   space 27264K,   0% used [0x00000000db560000, 0x00000000db560000, 0x00000000dd000000)
 tenured generation   total 546176K, used 61674K [0x00000000deaa0000, 0x0000000100000000, 0x0000000100000000)
   the space 546176K,  11% used [0x00000000deaa0000, 0x00000000e26dab78, 0x00000000e26dac00, 0x0000000100000000)
 Metaspace       used 15908K, capacity 16104K, committed 16384K, reserved 1064960K
  class space    used 1651K, capacity 1750K, committed 1792K, reserved 1048576K
2024-10-01T15:41:07.027+0300: 1229.747: Application time: 0.0972030 seconds
