[0.009s][info][gc,init] CardTable entry size: 512
[0.009s][info][gc     ] Using G1
[0.022s][info][gc,init] Version: 21.0.4+7-adhoc.Administrator.jdk21u (release)
[0.022s][info][gc,init] CPUs: 6 total, 6 available
[0.022s][info][gc,init] Memory: 15591M
[0.022s][info][gc,init] Large Page Support: Disabled
[0.022s][info][gc,init] NUMA Support: Disabled
[0.022s][info][gc,init] Compressed Oops: Enabled (Zero based)
[0.022s][info][gc,init] Heap Region Size: 2M
[0.022s][info][gc,init] Heap Min Capacity: 4G
[0.022s][info][gc,init] Heap Initial Capacity: 4G
[0.022s][info][gc,init] Heap Max Capacity: 4G
[0.022s][info][gc,init] Pre-touch: Disabled
[0.022s][info][gc,init] Parallel Workers: 6
[0.022s][info][gc,init] Concurrent Workers: 2
[0.022s][info][gc,init] Concurrent Refinement Workers: 6
[0.022s][info][gc,init] Periodic GC: Disabled
[0.032s][info][gc,metaspace] CDS archive(s) mapped at: [0x000001b6d4000000-0x000001b6d4c90000-0x000001b6d4c90000), size 13172736, SharedBaseAddress: 0x000001b6d4000000, ArchiveRelocationMode: 1.
[0.032s][info][gc,metaspace] Compressed class space mapped at: 0x000001b6d5000000-0x000001b715000000, reserved size: 1073741824
[0.032s][info][gc,metaspace] Narrow klass base: 0x000001b6d4000000, Narrow klass shift: 0, Narrow klass range: 0x100000000
[0.913s][info][gc,start    ] GC(0) Pause Full (System.gc())
[0.913s][info][gc,task     ] GC(0) Using 6 workers of 6 for full compaction
[0.913s][info][gc,phases,start] GC(0) Phase 1: Mark live objects
[0.916s][info][gc,phases      ] GC(0) Phase 1: Mark live objects 2.987ms
[0.916s][info][gc,phases,start] GC(0) Phase 2: Prepare compaction
[0.917s][info][gc,phases      ] GC(0) Phase 2: Prepare compaction 0.722ms
[0.917s][info][gc,phases,start] GC(0) Phase 3: Adjust pointers
[0.918s][info][gc,phases      ] GC(0) Phase 3: Adjust pointers 1.172ms
[0.918s][info][gc,phases,start] GC(0) Phase 4: Compact heap
[0.920s][info][gc,phases      ] GC(0) Phase 4: Compact heap 1.302ms
[0.920s][info][gc,phases,start] GC(0) Phase 5: Reset Metadata
[0.921s][info][gc,phases      ] GC(0) Phase 5: Reset Metadata 1.106ms
[0.932s][info][gc,heap        ] GC(0) Eden regions: 17->0(102)
[0.932s][info][gc,heap        ] GC(0) Survivor regions: 0->0(0)
[0.932s][info][gc,heap        ] GC(0) Old regions: 0->6
[0.932s][info][gc,heap        ] GC(0) Humongous regions: 0->0
[0.932s][info][gc,metaspace   ] GC(0) Metaspace: 11568K(11776K)->11568K(11776K) NonClass: 10030K(10112K)->10030K(10112K) Class: 1538K(1664K)->1538K(1664K)
[0.932s][info][gc             ] GC(0) Pause Full (System.gc()) 34M->4M(4096M) 19.159ms
[0.932s][info][gc,cpu         ] GC(0) User=0.00s Sys=0.02s Real=0.02s
[3.322s][info][gc,start       ] GC(1) Pause Young (Normal) (G1 Evacuation Pause)
[3.322s][info][gc,task        ] GC(1) Using 6 workers of 6 for evacuation
[3.339s][info][gc,phases      ] GC(1)   Pre Evacuate Collection Set: 0.3ms
[3.339s][info][gc,phases      ] GC(1)   Merge Heap Roots: 0.1ms
[3.339s][info][gc,phases      ] GC(1)   Evacuate Collection Set: 15.7ms
[3.339s][info][gc,phases      ] GC(1)   Post Evacuate Collection Set: 0.6ms
[3.339s][info][gc,phases      ] GC(1)   Other: 0.2ms
[3.339s][info][gc,heap        ] GC(1) Eden regions: 102->0(89)
[3.339s][info][gc,heap        ] GC(1) Survivor regions: 0->13(13)
[3.339s][info][gc,heap        ] GC(1) Old regions: 6->7
[3.339s][info][gc,heap        ] GC(1) Humongous regions: 0->0
[3.339s][info][gc,metaspace   ] GC(1) Metaspace: 14686K(14976K)->14686K(14976K) NonClass: 12723K(12864K)->12723K(12864K) Class: 1962K(2112K)->1962K(2112K)
[3.339s][info][gc             ] GC(1) Pause Young (Normal) (G1 Evacuation Pause) 208M->31M(4096M) 17.190ms
[3.339s][info][gc,cpu         ] GC(1) User=0.02s Sys=0.02s Real=0.02s
[3.344s][info][gc,start       ] GC(2) Pause Full (System.gc())
[3.344s][info][gc,task        ] GC(2) Using 6 workers of 6 for full compaction
[3.345s][info][gc,phases,start] GC(2) Phase 1: Mark live objects
[3.348s][info][gc,phases      ] GC(2) Phase 1: Mark live objects 3.080ms
[3.348s][info][gc,phases,start] GC(2) Phase 2: Prepare compaction
[3.349s][info][gc,phases      ] GC(2) Phase 2: Prepare compaction 0.608ms
[3.349s][info][gc,phases,start] GC(2) Phase 3: Adjust pointers
[3.351s][info][gc,phases      ] GC(2) Phase 3: Adjust pointers 2.187ms
[3.351s][info][gc,phases,start] GC(2) Phase 4: Compact heap
[3.352s][info][gc,phases      ] GC(2) Phase 4: Compact heap 1.001ms
[3.352s][info][gc,phases,start] GC(2) Phase 5: Reset Metadata
[3.353s][info][gc,phases      ] GC(2) Phase 5: Reset Metadata 1.322ms
[3.363s][info][gc,heap        ] GC(2) Eden regions: 1->0(102)
[3.363s][info][gc,heap        ] GC(2) Survivor regions: 13->0(13)
[3.363s][info][gc,heap        ] GC(2) Old regions: 7->6
[3.363s][info][gc,heap        ] GC(2) Humongous regions: 0->0
[3.364s][info][gc,metaspace   ] GC(2) Metaspace: 14720K(14976K)->14720K(14976K) NonClass: 12753K(12864K)->12753K(12864K) Class: 1966K(2112K)->1966K(2112K)
[3.364s][info][gc             ] GC(2) Pause Full (System.gc()) 33M->4M(4096M) 19.148ms
[3.364s][info][gc,cpu         ] GC(2) User=0.00s Sys=0.00s Real=0.03s
[5.248s][info][gc,start       ] GC(3) Pause Full (System.gc())
[5.248s][info][gc,task        ] GC(3) Using 6 workers of 6 for full compaction
[5.249s][info][gc,phases,start] GC(3) Phase 1: Mark live objects
[5.252s][info][gc,phases      ] GC(3) Phase 1: Mark live objects 3.224ms
[5.252s][info][gc,phases,start] GC(3) Phase 2: Prepare compaction
[5.252s][info][gc,phases      ] GC(3) Phase 2: Prepare compaction 0.547ms
[5.252s][info][gc,phases,start] GC(3) Phase 3: Adjust pointers
[5.254s][info][gc,phases      ] GC(3) Phase 3: Adjust pointers 1.834ms
[5.254s][info][gc,phases,start] GC(3) Phase 4: Compact heap
[5.255s][info][gc,phases      ] GC(3) Phase 4: Compact heap 0.390ms
[5.255s][info][gc,phases,start] GC(3) Phase 5: Reset Metadata
[5.256s][info][gc,phases      ] GC(3) Phase 5: Reset Metadata 1.074ms
[5.265s][info][gc,heap        ] GC(3) Eden regions: 86->0(102)
[5.265s][info][gc,heap        ] GC(3) Survivor regions: 0->0(13)
[5.265s][info][gc,heap        ] GC(3) Old regions: 6->7
[5.265s][info][gc,heap        ] GC(3) Humongous regions: 0->0
[5.265s][info][gc,metaspace   ] GC(3) Metaspace: 14725K(14976K)->14725K(14976K) NonClass: 12758K(12864K)->12758K(12864K) Class: 1966K(2112K)->1966K(2112K)
[5.265s][info][gc             ] GC(3) Pause Full (System.gc()) 175M->4M(4096M) 16.636ms
[5.265s][info][gc,cpu         ] GC(3) User=0.00s Sys=0.00s Real=0.02s
[7.110s][info][gc,start       ] GC(4) Pause Full (System.gc())
[7.110s][info][gc,task        ] GC(4) Using 6 workers of 6 for full compaction
[7.110s][info][gc,phases,start] GC(4) Phase 1: Mark live objects
[7.113s][info][gc,phases      ] GC(4) Phase 1: Mark live objects 2.939ms
[7.113s][info][gc,phases,start] GC(4) Phase 2: Prepare compaction
[7.114s][info][gc,phases      ] GC(4) Phase 2: Prepare compaction 0.521ms
[7.114s][info][gc,phases,start] GC(4) Phase 3: Adjust pointers
[7.116s][info][gc,phases      ] GC(4) Phase 3: Adjust pointers 1.593ms
[7.116s][info][gc,phases,start] GC(4) Phase 4: Compact heap
[7.116s][info][gc,phases      ] GC(4) Phase 4: Compact heap 0.569ms
[7.116s][info][gc,phases,start] GC(4) Phase 5: Reset Metadata
[7.117s][info][gc,phases      ] GC(4) Phase 5: Reset Metadata 1.031ms
[7.126s][info][gc,heap        ] GC(4) Eden regions: 85->0(102)
[7.126s][info][gc,heap        ] GC(4) Survivor regions: 0->0(13)
[7.126s][info][gc,heap        ] GC(4) Old regions: 7->6
[7.126s][info][gc,heap        ] GC(4) Humongous regions: 0->0
[7.126s][info][gc,metaspace   ] GC(4) Metaspace: 14730K(14976K)->14730K(14976K) NonClass: 12763K(12864K)->12763K(12864K) Class: 1966K(2112K)->1966K(2112K)
[7.126s][info][gc             ] GC(4) Pause Full (System.gc()) 174M->4M(4096M) 15.898ms
[7.126s][info][gc,cpu         ] GC(4) User=0.02s Sys=0.00s Real=0.02s
[8.979s][info][gc,start       ] GC(5) Pause Full (System.gc())
[8.979s][info][gc,task        ] GC(5) Using 6 workers of 6 for full compaction
[8.980s][info][gc,phases,start] GC(5) Phase 1: Mark live objects
[8.982s][info][gc,phases      ] GC(5) Phase 1: Mark live objects 2.335ms
[8.982s][info][gc,phases,start] GC(5) Phase 2: Prepare compaction
[8.983s][info][gc,phases      ] GC(5) Phase 2: Prepare compaction 0.559ms
[8.983s][info][gc,phases,start] GC(5) Phase 3: Adjust pointers
[8.984s][info][gc,phases      ] GC(5) Phase 3: Adjust pointers 1.764ms
[8.984s][info][gc,phases,start] GC(5) Phase 4: Compact heap
[8.985s][info][gc,phases      ] GC(5) Phase 4: Compact heap 0.570ms
[8.985s][info][gc,phases,start] GC(5) Phase 5: Reset Metadata
[8.986s][info][gc,phases      ] GC(5) Phase 5: Reset Metadata 1.203ms
[8.995s][info][gc,heap        ] GC(5) Eden regions: 85->0(102)
[8.995s][info][gc,heap        ] GC(5) Survivor regions: 0->0(13)
[8.995s][info][gc,heap        ] GC(5) Old regions: 6->7
[8.995s][info][gc,heap        ] GC(5) Humongous regions: 0->0
[8.995s][info][gc,metaspace   ] GC(5) Metaspace: 14731K(14976K)->14731K(14976K) NonClass: 12764K(12864K)->12764K(12864K) Class: 1966K(2112K)->1966K(2112K)
[8.995s][info][gc             ] GC(5) Pause Full (System.gc()) 173M->4M(4096M) 15.766ms
[8.995s][info][gc,cpu         ] GC(5) User=0.02s Sys=0.00s Real=0.02s
[10.843s][info][gc,start       ] GC(6) Pause Full (System.gc())
[10.843s][info][gc,task        ] GC(6) Using 6 workers of 6 for full compaction
[10.844s][info][gc,phases,start] GC(6) Phase 1: Mark live objects
[10.846s][info][gc,phases      ] GC(6) Phase 1: Mark live objects 2.497ms
[10.846s][info][gc,phases,start] GC(6) Phase 2: Prepare compaction
[10.847s][info][gc,phases      ] GC(6) Phase 2: Prepare compaction 0.592ms
[10.847s][info][gc,phases,start] GC(6) Phase 3: Adjust pointers
[10.849s][info][gc,phases      ] GC(6) Phase 3: Adjust pointers 1.722ms
[10.849s][info][gc,phases,start] GC(6) Phase 4: Compact heap
[10.849s][info][gc,phases      ] GC(6) Phase 4: Compact heap 0.392ms
[10.849s][info][gc,phases,start] GC(6) Phase 5: Reset Metadata
[10.851s][info][gc,phases      ] GC(6) Phase 5: Reset Metadata 1.413ms
[10.860s][info][gc,heap        ] GC(6) Eden regions: 85->0(102)
[10.860s][info][gc,heap        ] GC(6) Survivor regions: 0->0(13)
[10.860s][info][gc,heap        ] GC(6) Old regions: 7->7
[10.860s][info][gc,heap        ] GC(6) Humongous regions: 0->0
[10.860s][info][gc,metaspace   ] GC(6) Metaspace: 14733K(14976K)->14733K(14976K) NonClass: 12766K(12864K)->12766K(12864K) Class: 1966K(2112K)->1966K(2112K)
[10.860s][info][gc             ] GC(6) Pause Full (System.gc()) 173M->4M(4096M) 16.393ms
[10.860s][info][gc,cpu         ] GC(6) User=0.02s Sys=0.00s Real=0.02s
[12.698s][info][gc,start       ] GC(7) Pause Full (System.gc())
[12.698s][info][gc,task        ] GC(7) Using 6 workers of 6 for full compaction
[12.698s][info][gc,phases,start] GC(7) Phase 1: Mark live objects
[12.701s][info][gc,phases      ] GC(7) Phase 1: Mark live objects 2.515ms
[12.701s][info][gc,phases,start] GC(7) Phase 2: Prepare compaction
[12.701s][info][gc,phases      ] GC(7) Phase 2: Prepare compaction 0.575ms
[12.702s][info][gc,phases,start] GC(7) Phase 3: Adjust pointers
[12.703s][info][gc,phases      ] GC(7) Phase 3: Adjust pointers 1.792ms
[12.703s][info][gc,phases,start] GC(7) Phase 4: Compact heap
[12.704s][info][gc,phases      ] GC(7) Phase 4: Compact heap 0.411ms
[12.704s][info][gc,phases,start] GC(7) Phase 5: Reset Metadata
[12.705s][info][gc,phases      ] GC(7) Phase 5: Reset Metadata 1.349ms
[12.714s][info][gc,heap        ] GC(7) Eden regions: 85->0(102)
[12.714s][info][gc,heap        ] GC(7) Survivor regions: 0->0(13)
[12.714s][info][gc,heap        ] GC(7) Old regions: 7->7
[12.714s][info][gc,heap        ] GC(7) Humongous regions: 0->0
[12.714s][info][gc,metaspace   ] GC(7) Metaspace: 14734K(14976K)->14734K(14976K) NonClass: 12767K(12864K)->12767K(12864K) Class: 1966K(2112K)->1966K(2112K)
[12.714s][info][gc             ] GC(7) Pause Full (System.gc()) 173M->4M(4096M) 16.276ms
[12.714s][info][gc,cpu         ] GC(7) User=0.02s Sys=0.00s Real=0.01s
[14.561s][info][gc,start       ] GC(8) Pause Full (System.gc())
[14.561s][info][gc,task        ] GC(8) Using 6 workers of 6 for full compaction
[14.561s][info][gc,phases,start] GC(8) Phase 1: Mark live objects
[14.564s][info][gc,phases      ] GC(8) Phase 1: Mark live objects 2.363ms
[14.564s][info][gc,phases,start] GC(8) Phase 2: Prepare compaction
[14.564s][info][gc,phases      ] GC(8) Phase 2: Prepare compaction 0.518ms
[14.564s][info][gc,phases,start] GC(8) Phase 3: Adjust pointers
[14.566s][info][gc,phases      ] GC(8) Phase 3: Adjust pointers 1.613ms
[14.566s][info][gc,phases,start] GC(8) Phase 4: Compact heap
[14.567s][info][gc,phases      ] GC(8) Phase 4: Compact heap 0.544ms
[14.567s][info][gc,phases,start] GC(8) Phase 5: Reset Metadata
[14.568s][info][gc,phases      ] GC(8) Phase 5: Reset Metadata 1.100ms
[14.577s][info][gc,heap        ] GC(8) Eden regions: 85->0(102)
[14.577s][info][gc,heap        ] GC(8) Survivor regions: 0->0(13)
[14.577s][info][gc,heap        ] GC(8) Old regions: 7->7
[14.577s][info][gc,heap        ] GC(8) Humongous regions: 0->0
[14.577s][info][gc,metaspace   ] GC(8) Metaspace: 14738K(14976K)->14738K(14976K) NonClass: 12772K(12864K)->12772K(12864K) Class: 1966K(2112K)->1966K(2112K)
[14.577s][info][gc             ] GC(8) Pause Full (System.gc()) 173M->4M(4096M) 16.094ms
[14.577s][info][gc,cpu         ] GC(8) User=0.00s Sys=0.00s Real=0.02s
[16.422s][info][gc,start       ] GC(9) Pause Full (System.gc())
[16.422s][info][gc,task        ] GC(9) Using 6 workers of 6 for full compaction
[16.422s][info][gc,phases,start] GC(9) Phase 1: Mark live objects
[16.424s][info][gc,phases      ] GC(9) Phase 1: Mark live objects 2.173ms
[16.424s][info][gc,phases,start] GC(9) Phase 2: Prepare compaction
[16.425s][info][gc,phases      ] GC(9) Phase 2: Prepare compaction 0.531ms
[16.425s][info][gc,phases,start] GC(9) Phase 3: Adjust pointers
[16.426s][info][gc,phases      ] GC(9) Phase 3: Adjust pointers 1.659ms
[16.426s][info][gc,phases,start] GC(9) Phase 4: Compact heap
[16.427s][info][gc,phases      ] GC(9) Phase 4: Compact heap 0.328ms
[16.427s][info][gc,phases,start] GC(9) Phase 5: Reset Metadata
[16.428s][info][gc,phases      ] GC(9) Phase 5: Reset Metadata 1.117ms
[16.437s][info][gc,heap        ] GC(9) Eden regions: 85->0(102)
[16.437s][info][gc,heap        ] GC(9) Survivor regions: 0->0(13)
[16.437s][info][gc,heap        ] GC(9) Old regions: 7->7
[16.437s][info][gc,heap        ] GC(9) Humongous regions: 0->0
[16.437s][info][gc,metaspace   ] GC(9) Metaspace: 14744K(14976K)->14744K(14976K) NonClass: 12777K(12864K)->12777K(12864K) Class: 1966K(2112K)->1966K(2112K)
[16.437s][info][gc             ] GC(9) Pause Full (System.gc()) 173M->4M(4096M) 15.479ms
[16.437s][info][gc,cpu         ] GC(9) User=0.00s Sys=0.02s Real=0.01s
[18.285s][info][gc,start       ] GC(10) Pause Full (System.gc())
[18.285s][info][gc,task        ] GC(10) Using 6 workers of 6 for full compaction
[18.286s][info][gc,phases,start] GC(10) Phase 1: Mark live objects
[18.288s][info][gc,phases      ] GC(10) Phase 1: Mark live objects 2.560ms
[18.288s][info][gc,phases,start] GC(10) Phase 2: Prepare compaction
[18.289s][info][gc,phases      ] GC(10) Phase 2: Prepare compaction 0.526ms
[18.289s][info][gc,phases,start] GC(10) Phase 3: Adjust pointers
[18.291s][info][gc,phases      ] GC(10) Phase 3: Adjust pointers 1.782ms
[18.291s][info][gc,phases,start] GC(10) Phase 4: Compact heap
[18.291s][info][gc,phases      ] GC(10) Phase 4: Compact heap 0.363ms
[18.291s][info][gc,phases,start] GC(10) Phase 5: Reset Metadata
[18.292s][info][gc,phases      ] GC(10) Phase 5: Reset Metadata 0.972ms
[18.301s][info][gc,heap        ] GC(10) Eden regions: 85->0(102)
[18.301s][info][gc,heap        ] GC(10) Survivor regions: 0->0(13)
[18.301s][info][gc,heap        ] GC(10) Old regions: 7->7
[18.301s][info][gc,heap        ] GC(10) Humongous regions: 0->0
[18.301s][info][gc,metaspace   ] GC(10) Metaspace: 14750K(15040K)->14750K(15040K) NonClass: 12783K(12928K)->12783K(12928K) Class: 1966K(2112K)->1966K(2112K)
[18.301s][info][gc             ] GC(10) Pause Full (System.gc()) 173M->4M(4096M) 16.209ms
[18.301s][info][gc,cpu         ] GC(10) User=0.02s Sys=0.00s Real=0.02s
[20.139s][info][gc,start       ] GC(11) Pause Full (System.gc())
[20.139s][info][gc,task        ] GC(11) Using 6 workers of 6 for full compaction
[20.139s][info][gc,phases,start] GC(11) Phase 1: Mark live objects
[20.142s][info][gc,phases      ] GC(11) Phase 1: Mark live objects 2.351ms
[20.142s][info][gc,phases,start] GC(11) Phase 2: Prepare compaction
[20.142s][info][gc,phases      ] GC(11) Phase 2: Prepare compaction 0.523ms
[20.142s][info][gc,phases,start] GC(11) Phase 3: Adjust pointers
[20.144s][info][gc,phases      ] GC(11) Phase 3: Adjust pointers 1.711ms
[20.144s][info][gc,phases,start] GC(11) Phase 4: Compact heap
[20.145s][info][gc,phases      ] GC(11) Phase 4: Compact heap 0.373ms
[20.145s][info][gc,phases,start] GC(11) Phase 5: Reset Metadata
[20.146s][info][gc,phases      ] GC(11) Phase 5: Reset Metadata 0.948ms
[20.155s][info][gc,heap        ] GC(11) Eden regions: 85->0(102)
[20.155s][info][gc,heap        ] GC(11) Survivor regions: 0->0(13)
[20.155s][info][gc,heap        ] GC(11) Old regions: 7->7
[20.155s][info][gc,heap        ] GC(11) Humongous regions: 0->0
[20.155s][info][gc,metaspace   ] GC(11) Metaspace: 14751K(15040K)->14751K(15040K) NonClass: 12784K(12928K)->12784K(12928K) Class: 1966K(2112K)->1966K(2112K)
[20.155s][info][gc             ] GC(11) Pause Full (System.gc()) 174M->4M(4096M) 15.844ms
[20.155s][info][gc,cpu         ] GC(11) User=0.00s Sys=0.00s Real=0.02s
[21.997s][info][gc,start       ] GC(12) Pause Full (System.gc())
[21.998s][info][gc,task        ] GC(12) Using 6 workers of 6 for full compaction
[21.998s][info][gc,phases,start] GC(12) Phase 1: Mark live objects
[22.001s][info][gc,phases      ] GC(12) Phase 1: Mark live objects 2.845ms
[22.001s][info][gc,phases,start] GC(12) Phase 2: Prepare compaction
[22.001s][info][gc,phases      ] GC(12) Phase 2: Prepare compaction 0.564ms
[22.001s][info][gc,phases,start] GC(12) Phase 3: Adjust pointers
[22.003s][info][gc,phases      ] GC(12) Phase 3: Adjust pointers 1.618ms
[22.003s][info][gc,phases,start] GC(12) Phase 4: Compact heap
[22.003s][info][gc,phases      ] GC(12) Phase 4: Compact heap 0.365ms
[22.003s][info][gc,phases,start] GC(12) Phase 5: Reset Metadata
[22.005s][info][gc,phases      ] GC(12) Phase 5: Reset Metadata 1.131ms
[22.013s][info][gc,heap        ] GC(12) Eden regions: 85->0(102)
[22.013s][info][gc,heap        ] GC(12) Survivor regions: 0->0(13)
[22.013s][info][gc,heap        ] GC(12) Old regions: 7->7
[22.013s][info][gc,heap        ] GC(12) Humongous regions: 0->0
[22.013s][info][gc,metaspace   ] GC(12) Metaspace: 14755K(15040K)->14755K(15040K) NonClass: 12788K(12928K)->12788K(12928K) Class: 1966K(2112K)->1966K(2112K)
[22.013s][info][gc             ] GC(12) Pause Full (System.gc()) 173M->4M(4096M) 15.895ms
[22.013s][info][gc,cpu         ] GC(12) User=0.02s Sys=0.00s Real=0.03s
[23.852s][info][gc,start       ] GC(13) Pause Full (System.gc())
[23.852s][info][gc,task        ] GC(13) Using 6 workers of 6 for full compaction
[23.853s][info][gc,phases,start] GC(13) Phase 1: Mark live objects
[23.855s][info][gc,phases      ] GC(13) Phase 1: Mark live objects 2.654ms
[23.855s][info][gc,phases,start] GC(13) Phase 2: Prepare compaction
[23.856s][info][gc,phases      ] GC(13) Phase 2: Prepare compaction 0.523ms
[23.856s][info][gc,phases,start] GC(13) Phase 3: Adjust pointers
[23.858s][info][gc,phases      ] GC(13) Phase 3: Adjust pointers 1.627ms
[23.858s][info][gc,phases,start] GC(13) Phase 4: Compact heap
[23.858s][info][gc,phases      ] GC(13) Phase 4: Compact heap 0.397ms
[23.858s][info][gc,phases,start] GC(13) Phase 5: Reset Metadata
[23.859s][info][gc,phases      ] GC(13) Phase 5: Reset Metadata 1.039ms
[23.868s][info][gc,heap        ] GC(13) Eden regions: 85->0(102)
[23.868s][info][gc,heap        ] GC(13) Survivor regions: 0->0(13)
[23.868s][info][gc,heap        ] GC(13) Old regions: 7->7
[23.868s][info][gc,heap        ] GC(13) Humongous regions: 0->0
[23.868s][info][gc,metaspace   ] GC(13) Metaspace: 14758K(15040K)->14758K(15040K) NonClass: 12791K(12928K)->12791K(12928K) Class: 1966K(2112K)->1966K(2112K)
[23.868s][info][gc             ] GC(13) Pause Full (System.gc()) 173M->4M(4096M) 15.922ms
[23.868s][info][gc,cpu         ] GC(13) User=0.00s Sys=0.00s Real=0.01s
[25.713s][info][gc,start       ] GC(14) Pause Full (System.gc())
[25.713s][info][gc,task        ] GC(14) Using 6 workers of 6 for full compaction
[25.714s][info][gc,phases,start] GC(14) Phase 1: Mark live objects
[25.716s][info][gc,phases      ] GC(14) Phase 1: Mark live objects 2.467ms
[25.716s][info][gc,phases,start] GC(14) Phase 2: Prepare compaction
[25.717s][info][gc,phases      ] GC(14) Phase 2: Prepare compaction 0.698ms
[25.717s][info][gc,phases,start] GC(14) Phase 3: Adjust pointers
[25.719s][info][gc,phases      ] GC(14) Phase 3: Adjust pointers 1.886ms
[25.719s][info][gc,phases,start] GC(14) Phase 4: Compact heap
[25.720s][info][gc,phases      ] GC(14) Phase 4: Compact heap 0.622ms
[25.720s][info][gc,phases,start] GC(14) Phase 5: Reset Metadata
[25.720s][info][gc,phases      ] GC(14) Phase 5: Reset Metadata 0.863ms
[25.730s][info][gc,heap        ] GC(14) Eden regions: 85->0(102)
[25.730s][info][gc,heap        ] GC(14) Survivor regions: 0->0(13)
[25.730s][info][gc,heap        ] GC(14) Old regions: 7->7
[25.730s][info][gc,heap        ] GC(14) Humongous regions: 0->0
[25.730s][info][gc,metaspace   ] GC(14) Metaspace: 14764K(15104K)->14764K(15104K) NonClass: 12797K(12992K)->12797K(12992K) Class: 1966K(2112K)->1966K(2112K)
[25.730s][info][gc             ] GC(14) Pause Full (System.gc()) 173M->4M(4096M) 16.368ms
[25.730s][info][gc,cpu         ] GC(14) User=0.02s Sys=0.00s Real=0.02s
[27.562s][info][gc,start       ] GC(15) Pause Full (System.gc())
[27.562s][info][gc,task        ] GC(15) Using 6 workers of 6 for full compaction
[27.563s][info][gc,phases,start] GC(15) Phase 1: Mark live objects
[27.565s][info][gc,phases      ] GC(15) Phase 1: Mark live objects 2.171ms
[27.565s][info][gc,phases,start] GC(15) Phase 2: Prepare compaction
[27.565s][info][gc,phases      ] GC(15) Phase 2: Prepare compaction 0.490ms
[27.565s][info][gc,phases,start] GC(15) Phase 3: Adjust pointers
[27.567s][info][gc,phases      ] GC(15) Phase 3: Adjust pointers 1.573ms
[27.567s][info][gc,phases,start] GC(15) Phase 4: Compact heap
[27.567s][info][gc,phases      ] GC(15) Phase 4: Compact heap 0.338ms
[27.567s][info][gc,phases,start] GC(15) Phase 5: Reset Metadata
[27.568s][info][gc,phases      ] GC(15) Phase 5: Reset Metadata 0.955ms
[27.578s][info][gc,heap        ] GC(15) Eden regions: 85->0(102)
[27.578s][info][gc,heap        ] GC(15) Survivor regions: 0->0(13)
[27.578s][info][gc,heap        ] GC(15) Old regions: 7->7
[27.578s][info][gc,heap        ] GC(15) Humongous regions: 0->0
[27.578s][info][gc,metaspace   ] GC(15) Metaspace: 14774K(15104K)->14774K(15104K) NonClass: 12807K(12992K)->12807K(12992K) Class: 1966K(2112K)->1966K(2112K)
[27.578s][info][gc             ] GC(15) Pause Full (System.gc()) 173M->4M(4096M) 15.521ms
[27.578s][info][gc,cpu         ] GC(15) User=0.02s Sys=0.00s Real=0.02s
[29.415s][info][gc,start       ] GC(16) Pause Full (System.gc())
[29.415s][info][gc,task        ] GC(16) Using 6 workers of 6 for full compaction
[29.415s][info][gc,phases,start] GC(16) Phase 1: Mark live objects
[29.418s][info][gc,phases      ] GC(16) Phase 1: Mark live objects 2.623ms
[29.418s][info][gc,phases,start] GC(16) Phase 2: Prepare compaction
[29.419s][info][gc,phases      ] GC(16) Phase 2: Prepare compaction 0.518ms
[29.419s][info][gc,phases,start] GC(16) Phase 3: Adjust pointers
[29.420s][info][gc,phases      ] GC(16) Phase 3: Adjust pointers 1.705ms
[29.420s][info][gc,phases,start] GC(16) Phase 4: Compact heap
[29.421s][info][gc,phases      ] GC(16) Phase 4: Compact heap 0.329ms
[29.421s][info][gc,phases,start] GC(16) Phase 5: Reset Metadata
[29.422s][info][gc,phases      ] GC(16) Phase 5: Reset Metadata 1.042ms
[29.431s][info][gc,heap        ] GC(16) Eden regions: 85->0(102)
[29.431s][info][gc,heap        ] GC(16) Survivor regions: 0->0(13)
[29.431s][info][gc,heap        ] GC(16) Old regions: 7->7
[29.431s][info][gc,heap        ] GC(16) Humongous regions: 0->0
[29.431s][info][gc,metaspace   ] GC(16) Metaspace: 14791K(15104K)->14791K(15104K) NonClass: 12824K(12992K)->12824K(12992K) Class: 1966K(2112K)->1966K(2112K)
[29.431s][info][gc             ] GC(16) Pause Full (System.gc()) 173M->4M(4096M) 15.870ms
[29.431s][info][gc,cpu         ] GC(16) User=0.00s Sys=0.00s Real=0.02s
[31.278s][info][gc,start       ] GC(17) Pause Full (System.gc())
[31.278s][info][gc,task        ] GC(17) Using 6 workers of 6 for full compaction
[31.278s][info][gc,phases,start] GC(17) Phase 1: Mark live objects
[31.281s][info][gc,phases      ] GC(17) Phase 1: Mark live objects 2.853ms
[31.281s][info][gc,phases,start] GC(17) Phase 2: Prepare compaction
[31.282s][info][gc,phases      ] GC(17) Phase 2: Prepare compaction 0.542ms
[31.282s][info][gc,phases,start] GC(17) Phase 3: Adjust pointers
[31.283s][info][gc,phases      ] GC(17) Phase 3: Adjust pointers 1.703ms
[31.283s][info][gc,phases,start] GC(17) Phase 4: Compact heap
[31.284s][info][gc,phases      ] GC(17) Phase 4: Compact heap 0.544ms
[31.284s][info][gc,phases,start] GC(17) Phase 5: Reset Metadata
[31.285s][info][gc,phases      ] GC(17) Phase 5: Reset Metadata 1.097ms
[31.294s][info][gc,heap        ] GC(17) Eden regions: 85->0(102)
[31.294s][info][gc,heap        ] GC(17) Survivor regions: 0->0(13)
[31.294s][info][gc,heap        ] GC(17) Old regions: 7->7
[31.294s][info][gc,heap        ] GC(17) Humongous regions: 0->0
[31.294s][info][gc,metaspace   ] GC(17) Metaspace: 14791K(15104K)->14791K(15104K) NonClass: 12824K(12992K)->12824K(12992K) Class: 1966K(2112K)->1966K(2112K)
[31.294s][info][gc             ] GC(17) Pause Full (System.gc()) 173M->4M(4096M) 16.119ms
[31.294s][info][gc,cpu         ] GC(17) User=0.00s Sys=0.00s Real=0.02s
[33.142s][info][gc,start       ] GC(18) Pause Full (System.gc())
[33.142s][info][gc,task        ] GC(18) Using 6 workers of 6 for full compaction
[33.142s][info][gc,phases,start] GC(18) Phase 1: Mark live objects
[33.145s][info][gc,phases      ] GC(18) Phase 1: Mark live objects 2.724ms
[33.145s][info][gc,phases,start] GC(18) Phase 2: Prepare compaction
[33.145s][info][gc,phases      ] GC(18) Phase 2: Prepare compaction 0.511ms
[33.145s][info][gc,phases,start] GC(18) Phase 3: Adjust pointers
[33.147s][info][gc,phases      ] GC(18) Phase 3: Adjust pointers 1.728ms
[33.147s][info][gc,phases,start] GC(18) Phase 4: Compact heap
[33.148s][info][gc,phases      ] GC(18) Phase 4: Compact heap 0.590ms
[33.148s][info][gc,phases,start] GC(18) Phase 5: Reset Metadata
[33.149s][info][gc,phases      ] GC(18) Phase 5: Reset Metadata 1.271ms
[33.158s][info][gc,heap        ] GC(18) Eden regions: 85->0(102)
[33.158s][info][gc,heap        ] GC(18) Survivor regions: 0->0(13)
[33.158s][info][gc,heap        ] GC(18) Old regions: 7->7
[33.158s][info][gc,heap        ] GC(18) Humongous regions: 0->0
[33.158s][info][gc,metaspace   ] GC(18) Metaspace: 14794K(15104K)->14794K(15104K) NonClass: 12828K(12992K)->12828K(12992K) Class: 1966K(2112K)->1966K(2112K)
[33.158s][info][gc             ] GC(18) Pause Full (System.gc()) 173M->4M(4096M) 16.751ms
[33.158s][info][gc,cpu         ] GC(18) User=0.00s Sys=0.00s Real=0.01s
[34.997s][info][gc,start       ] GC(19) Pause Full (System.gc())
[34.997s][info][gc,task        ] GC(19) Using 6 workers of 6 for full compaction
[34.997s][info][gc,phases,start] GC(19) Phase 1: Mark live objects
[35.000s][info][gc,phases      ] GC(19) Phase 1: Mark live objects 2.542ms
[35.000s][info][gc,phases,start] GC(19) Phase 2: Prepare compaction
[35.000s][info][gc,phases      ] GC(19) Phase 2: Prepare compaction 0.513ms
[35.000s][info][gc,phases,start] GC(19) Phase 3: Adjust pointers
[35.002s][info][gc,phases      ] GC(19) Phase 3: Adjust pointers 1.888ms
[35.002s][info][gc,phases,start] GC(19) Phase 4: Compact heap
[35.003s][info][gc,phases      ] GC(19) Phase 4: Compact heap 0.539ms
[35.003s][info][gc,phases,start] GC(19) Phase 5: Reset Metadata
[35.004s][info][gc,phases      ] GC(19) Phase 5: Reset Metadata 1.333ms
[35.012s][info][gc,heap        ] GC(19) Eden regions: 85->0(102)
[35.013s][info][gc,heap        ] GC(19) Survivor regions: 0->0(13)
[35.013s][info][gc,heap        ] GC(19) Old regions: 7->7
[35.013s][info][gc,heap        ] GC(19) Humongous regions: 0->0
[35.013s][info][gc,metaspace   ] GC(19) Metaspace: 14795K(15104K)->14795K(15104K) NonClass: 12828K(12992K)->12828K(12992K) Class: 1966K(2112K)->1966K(2112K)
[35.013s][info][gc             ] GC(19) Pause Full (System.gc()) 173M->4M(4096M) 15.873ms
[35.013s][info][gc,cpu         ] GC(19) User=0.00s Sys=0.02s Real=0.02s
[36.867s][info][gc,start       ] GC(20) Pause Full (System.gc())
[36.867s][info][gc,task        ] GC(20) Using 6 workers of 6 for full compaction
[36.867s][info][gc,phases,start] GC(20) Phase 1: Mark live objects
[36.870s][info][gc,phases      ] GC(20) Phase 1: Mark live objects 2.584ms
[36.870s][info][gc,phases,start] GC(20) Phase 2: Prepare compaction
[36.870s][info][gc,phases      ] GC(20) Phase 2: Prepare compaction 0.602ms
[36.870s][info][gc,phases,start] GC(20) Phase 3: Adjust pointers
[36.872s][info][gc,phases      ] GC(20) Phase 3: Adjust pointers 1.723ms
[36.872s][info][gc,phases,start] GC(20) Phase 4: Compact heap
[36.873s][info][gc,phases      ] GC(20) Phase 4: Compact heap 0.454ms
[36.873s][info][gc,phases,start] GC(20) Phase 5: Reset Metadata
[36.874s][info][gc,phases      ] GC(20) Phase 5: Reset Metadata 1.030ms
[36.882s][info][gc,heap        ] GC(20) Eden regions: 85->0(102)
[36.882s][info][gc,heap        ] GC(20) Survivor regions: 0->0(13)
[36.882s][info][gc,heap        ] GC(20) Old regions: 7->7
[36.882s][info][gc,heap        ] GC(20) Humongous regions: 0->0
[36.882s][info][gc,metaspace   ] GC(20) Metaspace: 14801K(15104K)->14801K(15104K) NonClass: 12834K(12992K)->12834K(12992K) Class: 1966K(2112K)->1966K(2112K)
[36.882s][info][gc             ] GC(20) Pause Full (System.gc()) 173M->4M(4096M) 15.750ms
[36.882s][info][gc,cpu         ] GC(20) User=0.02s Sys=0.00s Real=0.01s
[38.721s][info][gc,start       ] GC(21) Pause Full (System.gc())
[38.721s][info][gc,task        ] GC(21) Using 6 workers of 6 for full compaction
[38.721s][info][gc,phases,start] GC(21) Phase 1: Mark live objects
[38.724s][info][gc,phases      ] GC(21) Phase 1: Mark live objects 2.669ms
[38.724s][info][gc,phases,start] GC(21) Phase 2: Prepare compaction
[38.724s][info][gc,phases      ] GC(21) Phase 2: Prepare compaction 0.499ms
[38.724s][info][gc,phases,start] GC(21) Phase 3: Adjust pointers
[38.726s][info][gc,phases      ] GC(21) Phase 3: Adjust pointers 1.619ms
[38.726s][info][gc,phases,start] GC(21) Phase 4: Compact heap
[38.727s][info][gc,phases      ] GC(21) Phase 4: Compact heap 0.413ms
[38.727s][info][gc,phases,start] GC(21) Phase 5: Reset Metadata
[38.728s][info][gc,phases      ] GC(21) Phase 5: Reset Metadata 1.099ms
[38.736s][info][gc,heap        ] GC(21) Eden regions: 85->0(102)
[38.736s][info][gc,heap        ] GC(21) Survivor regions: 0->0(13)
[38.736s][info][gc,heap        ] GC(21) Old regions: 7->7
[38.737s][info][gc,heap        ] GC(21) Humongous regions: 0->0
[38.737s][info][gc,metaspace   ] GC(21) Metaspace: 14802K(15104K)->14802K(15104K) NonClass: 12835K(12992K)->12835K(12992K) Class: 1966K(2112K)->1966K(2112K)
[38.737s][info][gc             ] GC(21) Pause Full (System.gc()) 173M->4M(4096M) 15.952ms
[38.737s][info][gc,cpu         ] GC(21) User=0.00s Sys=0.00s Real=0.01s
[40.584s][info][gc,start       ] GC(22) Pause Full (System.gc())
[40.584s][info][gc,task        ] GC(22) Using 6 workers of 6 for full compaction
[40.584s][info][gc,phases,start] GC(22) Phase 1: Mark live objects
[40.587s][info][gc,phases      ] GC(22) Phase 1: Mark live objects 2.189ms
[40.587s][info][gc,phases,start] GC(22) Phase 2: Prepare compaction
[40.587s][info][gc,phases      ] GC(22) Phase 2: Prepare compaction 0.482ms
[40.587s][info][gc,phases,start] GC(22) Phase 3: Adjust pointers
[40.589s][info][gc,phases      ] GC(22) Phase 3: Adjust pointers 1.611ms
[40.589s][info][gc,phases,start] GC(22) Phase 4: Compact heap
[40.589s][info][gc,phases      ] GC(22) Phase 4: Compact heap 0.434ms
[40.589s][info][gc,phases,start] GC(22) Phase 5: Reset Metadata
[40.590s][info][gc,phases      ] GC(22) Phase 5: Reset Metadata 0.972ms
[40.599s][info][gc,heap        ] GC(22) Eden regions: 85->0(102)
[40.599s][info][gc,heap        ] GC(22) Survivor regions: 0->0(13)
[40.599s][info][gc,heap        ] GC(22) Old regions: 7->7
[40.599s][info][gc,heap        ] GC(22) Humongous regions: 0->0
[40.599s][info][gc,metaspace   ] GC(22) Metaspace: 14805K(15104K)->14805K(15104K) NonClass: 12838K(12992K)->12838K(12992K) Class: 1966K(2112K)->1966K(2112K)
[40.599s][info][gc             ] GC(22) Pause Full (System.gc()) 173M->4M(4096M) 15.314ms
[40.599s][info][gc,cpu         ] GC(22) User=0.00s Sys=0.00s Real=0.01s
[42.434s][info][gc,start       ] GC(23) Pause Full (System.gc())
[42.434s][info][gc,task        ] GC(23) Using 6 workers of 6 for full compaction
[42.434s][info][gc,phases,start] GC(23) Phase 1: Mark live objects
[42.437s][info][gc,phases      ] GC(23) Phase 1: Mark live objects 2.312ms
[42.437s][info][gc,phases,start] GC(23) Phase 2: Prepare compaction
[42.437s][info][gc,phases      ] GC(23) Phase 2: Prepare compaction 0.536ms
[42.437s][info][gc,phases,start] GC(23) Phase 3: Adjust pointers
[42.439s][info][gc,phases      ] GC(23) Phase 3: Adjust pointers 1.616ms
[42.439s][info][gc,phases,start] GC(23) Phase 4: Compact heap
[42.439s][info][gc,phases      ] GC(23) Phase 4: Compact heap 0.384ms
[42.439s][info][gc,phases,start] GC(23) Phase 5: Reset Metadata
[42.440s][info][gc,phases      ] GC(23) Phase 5: Reset Metadata 0.983ms
[42.450s][info][gc,heap        ] GC(23) Eden regions: 85->0(102)
[42.450s][info][gc,heap        ] GC(23) Survivor regions: 0->0(13)
[42.450s][info][gc,heap        ] GC(23) Old regions: 7->7
[42.450s][info][gc,heap        ] GC(23) Humongous regions: 0->0
[42.450s][info][gc,metaspace   ] GC(23) Metaspace: 14818K(15104K)->14818K(15104K) NonClass: 12852K(12992K)->12852K(12992K) Class: 1966K(2112K)->1966K(2112K)
[42.450s][info][gc             ] GC(23) Pause Full (System.gc()) 173M->4M(4096M) 15.607ms
[42.450s][info][gc,cpu         ] GC(23) User=0.02s Sys=0.00s Real=0.02s
[44.295s][info][gc,start       ] GC(24) Pause Full (System.gc())
[44.295s][info][gc,task        ] GC(24) Using 6 workers of 6 for full compaction
[44.295s][info][gc,phases,start] GC(24) Phase 1: Mark live objects
[44.297s][info][gc,phases      ] GC(24) Phase 1: Mark live objects 2.451ms
[44.297s][info][gc,phases,start] GC(24) Phase 2: Prepare compaction
[44.298s][info][gc,phases      ] GC(24) Phase 2: Prepare compaction 0.575ms
[44.298s][info][gc,phases,start] GC(24) Phase 3: Adjust pointers
[44.300s][info][gc,phases      ] GC(24) Phase 3: Adjust pointers 1.755ms
[44.300s][info][gc,phases,start] GC(24) Phase 4: Compact heap
[44.300s][info][gc,phases      ] GC(24) Phase 4: Compact heap 0.450ms
[44.300s][info][gc,phases,start] GC(24) Phase 5: Reset Metadata
[44.302s][info][gc,phases      ] GC(24) Phase 5: Reset Metadata 1.043ms
[44.310s][info][gc,heap        ] GC(24) Eden regions: 85->0(102)
[44.310s][info][gc,heap        ] GC(24) Survivor regions: 0->0(13)
[44.310s][info][gc,heap        ] GC(24) Old regions: 7->7
[44.310s][info][gc,heap        ] GC(24) Humongous regions: 0->0
[44.310s][info][gc,metaspace   ] GC(24) Metaspace: 14824K(15104K)->14824K(15104K) NonClass: 12857K(12992K)->12857K(12992K) Class: 1966K(2112K)->1966K(2112K)
[44.310s][info][gc             ] GC(24) Pause Full (System.gc()) 173M->4M(4096M) 15.878ms
[44.310s][info][gc,cpu         ] GC(24) User=0.02s Sys=0.00s Real=0.02s
[46.153s][info][gc,start       ] GC(25) Pause Full (System.gc())
[46.154s][info][gc,task        ] GC(25) Using 6 workers of 6 for full compaction
[46.154s][info][gc,phases,start] GC(25) Phase 1: Mark live objects
[46.156s][info][gc,phases      ] GC(25) Phase 1: Mark live objects 2.386ms
[46.156s][info][gc,phases,start] GC(25) Phase 2: Prepare compaction
[46.157s][info][gc,phases      ] GC(25) Phase 2: Prepare compaction 0.537ms
[46.157s][info][gc,phases,start] GC(25) Phase 3: Adjust pointers
[46.159s][info][gc,phases      ] GC(25) Phase 3: Adjust pointers 1.745ms
[46.159s][info][gc,phases,start] GC(25) Phase 4: Compact heap
[46.159s][info][gc,phases      ] GC(25) Phase 4: Compact heap 0.524ms
[46.159s][info][gc,phases,start] GC(25) Phase 5: Reset Metadata
[46.161s][info][gc,phases      ] GC(25) Phase 5: Reset Metadata 1.356ms
[46.170s][info][gc,heap        ] GC(25) Eden regions: 85->0(102)
[46.170s][info][gc,heap        ] GC(25) Survivor regions: 0->0(13)
[46.170s][info][gc,heap        ] GC(25) Old regions: 7->7
[46.170s][info][gc,heap        ] GC(25) Humongous regions: 0->0
[46.170s][info][gc,metaspace   ] GC(25) Metaspace: 14828K(15104K)->14828K(15104K) NonClass: 12861K(12992K)->12861K(12992K) Class: 1966K(2112K)->1966K(2112K)
[46.170s][info][gc             ] GC(25) Pause Full (System.gc()) 173M->4M(4096M) 16.224ms
[46.170s][info][gc,cpu         ] GC(25) User=0.00s Sys=0.00s Real=0.02s
[48.008s][info][gc,start       ] GC(26) Pause Full (System.gc())
[48.008s][info][gc,task        ] GC(26) Using 6 workers of 6 for full compaction
[48.008s][info][gc,phases,start] GC(26) Phase 1: Mark live objects
[48.011s][info][gc,phases      ] GC(26) Phase 1: Mark live objects 2.597ms
[48.011s][info][gc,phases,start] GC(26) Phase 2: Prepare compaction
[48.012s][info][gc,phases      ] GC(26) Phase 2: Prepare compaction 0.613ms
[48.012s][info][gc,phases,start] GC(26) Phase 3: Adjust pointers
[48.014s][info][gc,phases      ] GC(26) Phase 3: Adjust pointers 1.841ms
[48.014s][info][gc,phases,start] GC(26) Phase 4: Compact heap
[48.014s][info][gc,phases      ] GC(26) Phase 4: Compact heap 0.386ms
[48.014s][info][gc,phases,start] GC(26) Phase 5: Reset Metadata
[48.015s][info][gc,phases      ] GC(26) Phase 5: Reset Metadata 0.973ms
[48.024s][info][gc,heap        ] GC(26) Eden regions: 85->0(102)
[48.024s][info][gc,heap        ] GC(26) Survivor regions: 0->0(13)
[48.024s][info][gc,heap        ] GC(26) Old regions: 7->7
[48.024s][info][gc,heap        ] GC(26) Humongous regions: 0->0
[48.024s][info][gc,metaspace   ] GC(26) Metaspace: 14828K(15104K)->14828K(15104K) NonClass: 12861K(12992K)->12861K(12992K) Class: 1966K(2112K)->1966K(2112K)
[48.024s][info][gc             ] GC(26) Pause Full (System.gc()) 173M->4M(4096M) 15.992ms
[48.024s][info][gc,cpu         ] GC(26) User=0.02s Sys=0.00s Real=0.02s
[49.860s][info][gc,start       ] GC(27) Pause Full (System.gc())
[49.860s][info][gc,task        ] GC(27) Using 6 workers of 6 for full compaction
[49.861s][info][gc,phases,start] GC(27) Phase 1: Mark live objects
[49.863s][info][gc,phases      ] GC(27) Phase 1: Mark live objects 2.385ms
[49.863s][info][gc,phases,start] GC(27) Phase 2: Prepare compaction
[49.864s][info][gc,phases      ] GC(27) Phase 2: Prepare compaction 0.502ms
[49.864s][info][gc,phases,start] GC(27) Phase 3: Adjust pointers
[49.865s][info][gc,phases      ] GC(27) Phase 3: Adjust pointers 1.793ms
[49.866s][info][gc,phases,start] GC(27) Phase 4: Compact heap
[49.866s][info][gc,phases      ] GC(27) Phase 4: Compact heap 0.568ms
[49.866s][info][gc,phases,start] GC(27) Phase 5: Reset Metadata
[49.867s][info][gc,phases      ] GC(27) Phase 5: Reset Metadata 0.939ms
[49.876s][info][gc,heap        ] GC(27) Eden regions: 85->0(102)
[49.876s][info][gc,heap        ] GC(27) Survivor regions: 0->0(13)
[49.876s][info][gc,heap        ] GC(27) Old regions: 7->7
[49.876s][info][gc,heap        ] GC(27) Humongous regions: 0->0
[49.876s][info][gc,metaspace   ] GC(27) Metaspace: 14845K(15104K)->14845K(15104K) NonClass: 12878K(12992K)->12878K(12992K) Class: 1966K(2112K)->1966K(2112K)
[49.876s][info][gc             ] GC(27) Pause Full (System.gc()) 173M->4M(4096M) 16.105ms
[49.876s][info][gc,cpu         ] GC(27) User=0.02s Sys=0.00s Real=0.02s
[51.711s][info][gc,start       ] GC(28) Pause Full (System.gc())
[51.711s][info][gc,task        ] GC(28) Using 6 workers of 6 for full compaction
[51.711s][info][gc,phases,start] GC(28) Phase 1: Mark live objects
[51.714s][info][gc,phases      ] GC(28) Phase 1: Mark live objects 2.624ms
[51.714s][info][gc,phases,start] GC(28) Phase 2: Prepare compaction
[51.715s][info][gc,phases      ] GC(28) Phase 2: Prepare compaction 0.508ms
[51.715s][info][gc,phases,start] GC(28) Phase 3: Adjust pointers
[51.716s][info][gc,phases      ] GC(28) Phase 3: Adjust pointers 1.659ms
[51.716s][info][gc,phases,start] GC(28) Phase 4: Compact heap
[51.717s][info][gc,phases      ] GC(28) Phase 4: Compact heap 0.414ms
[51.717s][info][gc,phases,start] GC(28) Phase 5: Reset Metadata
[51.718s][info][gc,phases      ] GC(28) Phase 5: Reset Metadata 1.001ms
[51.727s][info][gc,heap        ] GC(28) Eden regions: 85->0(102)
[51.727s][info][gc,heap        ] GC(28) Survivor regions: 0->0(13)
[51.727s][info][gc,heap        ] GC(28) Old regions: 7->7
[51.727s][info][gc,heap        ] GC(28) Humongous regions: 0->0
[51.727s][info][gc,metaspace   ] GC(28) Metaspace: 14846K(15104K)->14846K(15104K) NonClass: 12879K(12992K)->12879K(12992K) Class: 1966K(2112K)->1966K(2112K)
[51.727s][info][gc             ] GC(28) Pause Full (System.gc()) 173M->4M(4096M) 16.217ms
[51.727s][info][gc,cpu         ] GC(28) User=0.02s Sys=0.00s Real=0.02s
[53.562s][info][gc,start       ] GC(29) Pause Full (System.gc())
[53.562s][info][gc,task        ] GC(29) Using 6 workers of 6 for full compaction
[53.563s][info][gc,phases,start] GC(29) Phase 1: Mark live objects
[53.565s][info][gc,phases      ] GC(29) Phase 1: Mark live objects 2.323ms
[53.565s][info][gc,phases,start] GC(29) Phase 2: Prepare compaction
[53.566s][info][gc,phases      ] GC(29) Phase 2: Prepare compaction 0.510ms
[53.566s][info][gc,phases,start] GC(29) Phase 3: Adjust pointers
[53.567s][info][gc,phases      ] GC(29) Phase 3: Adjust pointers 1.674ms
[53.567s][info][gc,phases,start] GC(29) Phase 4: Compact heap
[53.568s][info][gc,phases      ] GC(29) Phase 4: Compact heap 0.322ms
[53.568s][info][gc,phases,start] GC(29) Phase 5: Reset Metadata
[53.569s][info][gc,phases      ] GC(29) Phase 5: Reset Metadata 1.056ms
[53.578s][info][gc,heap        ] GC(29) Eden regions: 85->0(102)
[53.578s][info][gc,heap        ] GC(29) Survivor regions: 0->0(13)
[53.578s][info][gc,heap        ] GC(29) Old regions: 7->7
[53.578s][info][gc,heap        ] GC(29) Humongous regions: 0->0
[53.578s][info][gc,metaspace   ] GC(29) Metaspace: 14847K(15104K)->14847K(15104K) NonClass: 12881K(12992K)->12881K(12992K) Class: 1966K(2112K)->1966K(2112K)
[53.578s][info][gc             ] GC(29) Pause Full (System.gc()) 173M->4M(4096M) 16.151ms
[53.578s][info][gc,cpu         ] GC(29) User=0.00s Sys=0.00s Real=0.02s
[55.422s][info][gc,start       ] GC(30) Pause Full (System.gc())
[55.422s][info][gc,task        ] GC(30) Using 6 workers of 6 for full compaction
[55.423s][info][gc,phases,start] GC(30) Phase 1: Mark live objects
[55.425s][info][gc,phases      ] GC(30) Phase 1: Mark live objects 2.188ms
[55.425s][info][gc,phases,start] GC(30) Phase 2: Prepare compaction
[55.426s][info][gc,phases      ] GC(30) Phase 2: Prepare compaction 0.513ms
[55.426s][info][gc,phases,start] GC(30) Phase 3: Adjust pointers
[55.427s][info][gc,phases      ] GC(30) Phase 3: Adjust pointers 1.673ms
[55.427s][info][gc,phases,start] GC(30) Phase 4: Compact heap
[55.428s][info][gc,phases      ] GC(30) Phase 4: Compact heap 0.480ms
[55.428s][info][gc,phases,start] GC(30) Phase 5: Reset Metadata
[55.429s][info][gc,phases      ] GC(30) Phase 5: Reset Metadata 1.123ms
[55.438s][info][gc,heap        ] GC(30) Eden regions: 85->0(102)
[55.438s][info][gc,heap        ] GC(30) Survivor regions: 0->0(13)
[55.438s][info][gc,heap        ] GC(30) Old regions: 7->7
[55.438s][info][gc,heap        ] GC(30) Humongous regions: 0->0
[55.438s][info][gc,metaspace   ] GC(30) Metaspace: 14859K(15104K)->14859K(15104K) NonClass: 12892K(12992K)->12892K(12992K) Class: 1966K(2112K)->1966K(2112K)
[55.438s][info][gc             ] GC(30) Pause Full (System.gc()) 173M->4M(4096M) 15.697ms
[55.438s][info][gc,cpu         ] GC(30) User=0.02s Sys=0.00s Real=0.02s
[57.276s][info][gc,start       ] GC(31) Pause Full (System.gc())
[57.276s][info][gc,task        ] GC(31) Using 6 workers of 6 for full compaction
[57.277s][info][gc,phases,start] GC(31) Phase 1: Mark live objects
[57.279s][info][gc,phases      ] GC(31) Phase 1: Mark live objects 2.443ms
[57.279s][info][gc,phases,start] GC(31) Phase 2: Prepare compaction
[57.280s][info][gc,phases      ] GC(31) Phase 2: Prepare compaction 0.499ms
[57.280s][info][gc,phases,start] GC(31) Phase 3: Adjust pointers
[57.281s][info][gc,phases      ] GC(31) Phase 3: Adjust pointers 1.849ms
[57.281s][info][gc,phases,start] GC(31) Phase 4: Compact heap
[57.282s][info][gc,phases      ] GC(31) Phase 4: Compact heap 0.372ms
[57.282s][info][gc,phases,start] GC(31) Phase 5: Reset Metadata
[57.283s][info][gc,phases      ] GC(31) Phase 5: Reset Metadata 0.929ms
[57.292s][info][gc,heap        ] GC(31) Eden regions: 85->0(102)
[57.292s][info][gc,heap        ] GC(31) Survivor regions: 0->0(13)
[57.292s][info][gc,heap        ] GC(31) Old regions: 7->7
[57.292s][info][gc,heap        ] GC(31) Humongous regions: 0->0
[57.292s][info][gc,metaspace   ] GC(31) Metaspace: 14878K(15168K)->14878K(15168K) NonClass: 12911K(13056K)->12911K(13056K) Class: 1966K(2112K)->1966K(2112K)
[57.292s][info][gc             ] GC(31) Pause Full (System.gc()) 173M->4M(4096M) 15.731ms
[57.292s][info][gc,cpu         ] GC(31) User=0.00s Sys=0.00s Real=0.02s
[59.136s][info][gc,start       ] GC(32) Pause Full (System.gc())
[59.137s][info][gc,task        ] GC(32) Using 6 workers of 6 for full compaction
[59.137s][info][gc,phases,start] GC(32) Phase 1: Mark live objects
[59.140s][info][gc,phases      ] GC(32) Phase 1: Mark live objects 2.683ms
[59.140s][info][gc,phases,start] GC(32) Phase 2: Prepare compaction
[59.140s][info][gc,phases      ] GC(32) Phase 2: Prepare compaction 0.581ms
[59.140s][info][gc,phases,start] GC(32) Phase 3: Adjust pointers
[59.142s][info][gc,phases      ] GC(32) Phase 3: Adjust pointers 1.727ms
[59.142s][info][gc,phases,start] GC(32) Phase 4: Compact heap
[59.143s][info][gc,phases      ] GC(32) Phase 4: Compact heap 0.541ms
[59.143s][info][gc,phases,start] GC(32) Phase 5: Reset Metadata
[59.144s][info][gc,phases      ] GC(32) Phase 5: Reset Metadata 1.181ms
[59.153s][info][gc,heap        ] GC(32) Eden regions: 85->0(102)
[59.153s][info][gc,heap        ] GC(32) Survivor regions: 0->0(13)
[59.153s][info][gc,heap        ] GC(32) Old regions: 7->7
[59.153s][info][gc,heap        ] GC(32) Humongous regions: 0->0
[59.153s][info][gc,metaspace   ] GC(32) Metaspace: 14879K(15168K)->14879K(15168K) NonClass: 12912K(13056K)->12912K(13056K) Class: 1966K(2112K)->1966K(2112K)
[59.153s][info][gc             ] GC(32) Pause Full (System.gc()) 173M->4M(4096M) 16.319ms
[59.153s][info][gc,cpu         ] GC(32) User=0.02s Sys=0.00s Real=0.02s
[60.993s][info][gc,start       ] GC(33) Pause Full (System.gc())
[60.993s][info][gc,task        ] GC(33) Using 6 workers of 6 for full compaction
[60.994s][info][gc,phases,start] GC(33) Phase 1: Mark live objects
[60.996s][info][gc,phases      ] GC(33) Phase 1: Mark live objects 2.450ms
[60.996s][info][gc,phases,start] GC(33) Phase 2: Prepare compaction
[60.997s][info][gc,phases      ] GC(33) Phase 2: Prepare compaction 0.555ms
[60.997s][info][gc,phases,start] GC(33) Phase 3: Adjust pointers
[60.999s][info][gc,phases      ] GC(33) Phase 3: Adjust pointers 1.881ms
[60.999s][info][gc,phases,start] GC(33) Phase 4: Compact heap
[60.999s][info][gc,phases      ] GC(33) Phase 4: Compact heap 0.435ms
[60.999s][info][gc,phases,start] GC(33) Phase 5: Reset Metadata
[61.001s][info][gc,phases      ] GC(33) Phase 5: Reset Metadata 1.676ms
[61.009s][info][gc,heap        ] GC(33) Eden regions: 85->0(102)
[61.009s][info][gc,heap        ] GC(33) Survivor regions: 0->0(13)
[61.009s][info][gc,heap        ] GC(33) Old regions: 7->7
[61.009s][info][gc,heap        ] GC(33) Humongous regions: 0->0
[61.009s][info][gc,metaspace   ] GC(33) Metaspace: 14883K(15168K)->14883K(15168K) NonClass: 12917K(13056K)->12917K(13056K) Class: 1966K(2112K)->1966K(2112K)
[61.009s][info][gc             ] GC(33) Pause Full (System.gc()) 173M->4M(4096M) 16.130ms
[61.009s][info][gc,cpu         ] GC(33) User=0.02s Sys=0.00s Real=0.02s
[62.853s][info][gc,start       ] GC(34) Pause Full (System.gc())
[62.853s][info][gc,task        ] GC(34) Using 6 workers of 6 for full compaction
[62.853s][info][gc,phases,start] GC(34) Phase 1: Mark live objects
[62.856s][info][gc,phases      ] GC(34) Phase 1: Mark live objects 2.611ms
[62.856s][info][gc,phases,start] GC(34) Phase 2: Prepare compaction
[62.857s][info][gc,phases      ] GC(34) Phase 2: Prepare compaction 0.527ms
[62.857s][info][gc,phases,start] GC(34) Phase 3: Adjust pointers
[62.859s][info][gc,phases      ] GC(34) Phase 3: Adjust pointers 1.792ms
[62.859s][info][gc,phases,start] GC(34) Phase 4: Compact heap
[62.859s][info][gc,phases      ] GC(34) Phase 4: Compact heap 0.472ms
[62.859s][info][gc,phases,start] GC(34) Phase 5: Reset Metadata
[62.861s][info][gc,phases      ] GC(34) Phase 5: Reset Metadata 1.431ms
[62.870s][info][gc,heap        ] GC(34) Eden regions: 85->0(102)
[62.870s][info][gc,heap        ] GC(34) Survivor regions: 0->0(13)
[62.870s][info][gc,heap        ] GC(34) Old regions: 7->7
[62.870s][info][gc,heap        ] GC(34) Humongous regions: 0->0
[62.870s][info][gc,metaspace   ] GC(34) Metaspace: 14886K(15168K)->14886K(15168K) NonClass: 12919K(13056K)->12919K(13056K) Class: 1966K(2112K)->1966K(2112K)
[62.870s][info][gc             ] GC(34) Pause Full (System.gc()) 173M->4M(4096M) 16.887ms
[62.870s][info][gc,cpu         ] GC(34) User=0.00s Sys=0.00s Real=0.02s
[64.840s][info][gc,start       ] GC(35) Pause Full (System.gc())
[64.840s][info][gc,task        ] GC(35) Using 6 workers of 6 for full compaction
[64.840s][info][gc,phases,start] GC(35) Phase 1: Mark live objects
[64.843s][info][gc,phases      ] GC(35) Phase 1: Mark live objects 2.743ms
[64.843s][info][gc,phases,start] GC(35) Phase 2: Prepare compaction
[64.843s][info][gc,phases      ] GC(35) Phase 2: Prepare compaction 0.501ms
[64.844s][info][gc,phases,start] GC(35) Phase 3: Adjust pointers
[64.845s][info][gc,phases      ] GC(35) Phase 3: Adjust pointers 1.679ms
[64.845s][info][gc,phases,start] GC(35) Phase 4: Compact heap
[64.846s][info][gc,phases      ] GC(35) Phase 4: Compact heap 0.434ms
[64.846s][info][gc,phases,start] GC(35) Phase 5: Reset Metadata
[64.847s][info][gc,phases      ] GC(35) Phase 5: Reset Metadata 1.506ms
[64.856s][info][gc,heap        ] GC(35) Eden regions: 85->0(102)
[64.856s][info][gc,heap        ] GC(35) Survivor regions: 0->0(13)
[64.856s][info][gc,heap        ] GC(35) Old regions: 7->7
[64.856s][info][gc,heap        ] GC(35) Humongous regions: 0->0
[64.856s][info][gc,metaspace   ] GC(35) Metaspace: 14886K(15168K)->14886K(15168K) NonClass: 12919K(13056K)->12919K(13056K) Class: 1966K(2112K)->1966K(2112K)
[64.856s][info][gc             ] GC(35) Pause Full (System.gc()) 173M->4M(4096M) 15.994ms
[64.856s][info][gc,cpu         ] GC(35) User=0.02s Sys=0.00s Real=0.02s
[66.968s][info][gc,start       ] GC(36) Pause Full (System.gc())
[66.968s][info][gc,task        ] GC(36) Using 6 workers of 6 for full compaction
[66.968s][info][gc,phases,start] GC(36) Phase 1: Mark live objects
[66.971s][info][gc,phases      ] GC(36) Phase 1: Mark live objects 2.477ms
[66.971s][info][gc,phases,start] GC(36) Phase 2: Prepare compaction
[66.971s][info][gc,phases      ] GC(36) Phase 2: Prepare compaction 0.556ms
[66.972s][info][gc,phases,start] GC(36) Phase 3: Adjust pointers
[66.973s][info][gc,phases      ] GC(36) Phase 3: Adjust pointers 1.752ms
[66.973s][info][gc,phases,start] GC(36) Phase 4: Compact heap
[66.974s][info][gc,phases      ] GC(36) Phase 4: Compact heap 0.462ms
[66.974s][info][gc,phases,start] GC(36) Phase 5: Reset Metadata
[66.975s][info][gc,phases      ] GC(36) Phase 5: Reset Metadata 1.469ms
[66.984s][info][gc,heap        ] GC(36) Eden regions: 85->0(102)
[66.984s][info][gc,heap        ] GC(36) Survivor regions: 0->0(13)
[66.984s][info][gc,heap        ] GC(36) Old regions: 7->7
[66.984s][info][gc,heap        ] GC(36) Humongous regions: 0->0
[66.984s][info][gc,metaspace   ] GC(36) Metaspace: 14886K(15168K)->14886K(15168K) NonClass: 12919K(13056K)->12919K(13056K) Class: 1966K(2112K)->1966K(2112K)
[66.984s][info][gc             ] GC(36) Pause Full (System.gc()) 173M->4M(4096M) 16.406ms
[66.984s][info][gc,cpu         ] GC(36) User=0.00s Sys=0.00s Real=0.02s
[69.095s][info][gc,start       ] GC(37) Pause Full (System.gc())
[69.095s][info][gc,task        ] GC(37) Using 6 workers of 6 for full compaction
[69.095s][info][gc,phases,start] GC(37) Phase 1: Mark live objects
[69.098s][info][gc,phases      ] GC(37) Phase 1: Mark live objects 2.604ms
[69.098s][info][gc,phases,start] GC(37) Phase 2: Prepare compaction
[69.098s][info][gc,phases      ] GC(37) Phase 2: Prepare compaction 0.500ms
[69.098s][info][gc,phases,start] GC(37) Phase 3: Adjust pointers
[69.100s][info][gc,phases      ] GC(37) Phase 3: Adjust pointers 1.829ms
[69.100s][info][gc,phases,start] GC(37) Phase 4: Compact heap
[69.101s][info][gc,phases      ] GC(37) Phase 4: Compact heap 0.402ms
[69.101s][info][gc,phases,start] GC(37) Phase 5: Reset Metadata
[69.101s][info][gc,phases      ] GC(37) Phase 5: Reset Metadata 0.874ms
[69.111s][info][gc,heap        ] GC(37) Eden regions: 85->0(102)
[69.111s][info][gc,heap        ] GC(37) Survivor regions: 0->0(13)
[69.111s][info][gc,heap        ] GC(37) Old regions: 7->7
[69.111s][info][gc,heap        ] GC(37) Humongous regions: 0->0
[69.111s][info][gc,metaspace   ] GC(37) Metaspace: 14888K(15168K)->14888K(15168K) NonClass: 12921K(13056K)->12921K(13056K) Class: 1966K(2112K)->1966K(2112K)
[69.111s][info][gc             ] GC(37) Pause Full (System.gc()) 173M->4M(4096M) 16.068ms
[69.111s][info][gc,cpu         ] GC(37) User=0.02s Sys=0.00s Real=0.02s
[71.228s][info][gc,start       ] GC(38) Pause Full (System.gc())
[71.228s][info][gc,task        ] GC(38) Using 6 workers of 6 for full compaction
[71.229s][info][gc,phases,start] GC(38) Phase 1: Mark live objects
[71.231s][info][gc,phases      ] GC(38) Phase 1: Mark live objects 2.487ms
[71.231s][info][gc,phases,start] GC(38) Phase 2: Prepare compaction
[71.232s][info][gc,phases      ] GC(38) Phase 2: Prepare compaction 0.596ms
[71.232s][info][gc,phases,start] GC(38) Phase 3: Adjust pointers
[71.234s][info][gc,phases      ] GC(38) Phase 3: Adjust pointers 1.802ms
[71.234s][info][gc,phases,start] GC(38) Phase 4: Compact heap
[71.234s][info][gc,phases      ] GC(38) Phase 4: Compact heap 0.402ms
[71.234s][info][gc,phases,start] GC(38) Phase 5: Reset Metadata
[71.235s][info][gc,phases      ] GC(38) Phase 5: Reset Metadata 0.975ms
[71.244s][info][gc,heap        ] GC(38) Eden regions: 85->0(102)
[71.245s][info][gc,heap        ] GC(38) Survivor regions: 0->0(13)
[71.245s][info][gc,heap        ] GC(38) Old regions: 7->7
[71.245s][info][gc,heap        ] GC(38) Humongous regions: 0->0
[71.245s][info][gc,metaspace   ] GC(38) Metaspace: 14888K(15168K)->14888K(15168K) NonClass: 12921K(13056K)->12921K(13056K) Class: 1966K(2112K)->1966K(2112K)
[71.245s][info][gc             ] GC(38) Pause Full (System.gc()) 173M->4M(4096M) 16.390ms
[71.245s][info][gc,cpu         ] GC(38) User=0.02s Sys=0.00s Real=0.01s
[73.358s][info][gc,start       ] GC(39) Pause Full (System.gc())
[73.358s][info][gc,task        ] GC(39) Using 6 workers of 6 for full compaction
[73.359s][info][gc,phases,start] GC(39) Phase 1: Mark live objects
[73.361s][info][gc,phases      ] GC(39) Phase 1: Mark live objects 2.270ms
[73.361s][info][gc,phases,start] GC(39) Phase 2: Prepare compaction
[73.361s][info][gc,phases      ] GC(39) Phase 2: Prepare compaction 0.485ms
[73.361s][info][gc,phases,start] GC(39) Phase 3: Adjust pointers
[73.363s][info][gc,phases      ] GC(39) Phase 3: Adjust pointers 1.716ms
[73.363s][info][gc,phases,start] GC(39) Phase 4: Compact heap
[73.364s][info][gc,phases      ] GC(39) Phase 4: Compact heap 0.408ms
[73.364s][info][gc,phases,start] GC(39) Phase 5: Reset Metadata
[73.365s][info][gc,phases      ] GC(39) Phase 5: Reset Metadata 0.977ms
[73.374s][info][gc,heap        ] GC(39) Eden regions: 85->0(102)
[73.374s][info][gc,heap        ] GC(39) Survivor regions: 0->0(13)
[73.374s][info][gc,heap        ] GC(39) Old regions: 7->7
[73.374s][info][gc,heap        ] GC(39) Humongous regions: 0->0
[73.374s][info][gc,metaspace   ] GC(39) Metaspace: 14898K(15168K)->14898K(15168K) NonClass: 12931K(13056K)->12931K(13056K) Class: 1966K(2112K)->1966K(2112K)
[73.374s][info][gc             ] GC(39) Pause Full (System.gc()) 173M->4M(4096M) 15.932ms
[73.374s][info][gc,cpu         ] GC(39) User=0.02s Sys=0.00s Real=0.01s
[75.490s][info][gc,start       ] GC(40) Pause Full (System.gc())
[75.490s][info][gc,task        ] GC(40) Using 6 workers of 6 for full compaction
[75.491s][info][gc,phases,start] GC(40) Phase 1: Mark live objects
[75.493s][info][gc,phases      ] GC(40) Phase 1: Mark live objects 2.230ms
[75.493s][info][gc,phases,start] GC(40) Phase 2: Prepare compaction
[75.493s][info][gc,phases      ] GC(40) Phase 2: Prepare compaction 0.529ms
[75.493s][info][gc,phases,start] GC(40) Phase 3: Adjust pointers
[75.495s][info][gc,phases      ] GC(40) Phase 3: Adjust pointers 1.820ms
[75.495s][info][gc,phases,start] GC(40) Phase 4: Compact heap
[75.496s][info][gc,phases      ] GC(40) Phase 4: Compact heap 0.478ms
[75.496s][info][gc,phases,start] GC(40) Phase 5: Reset Metadata
[75.497s][info][gc,phases      ] GC(40) Phase 5: Reset Metadata 1.031ms
[75.506s][info][gc,heap        ] GC(40) Eden regions: 85->0(102)
[75.506s][info][gc,heap        ] GC(40) Survivor regions: 0->0(13)
[75.506s][info][gc,heap        ] GC(40) Old regions: 7->7
[75.506s][info][gc,heap        ] GC(40) Humongous regions: 0->0
[75.506s][info][gc,metaspace   ] GC(40) Metaspace: 14898K(15168K)->14898K(15168K) NonClass: 12932K(13056K)->12932K(13056K) Class: 1966K(2112K)->1966K(2112K)
[75.506s][info][gc             ] GC(40) Pause Full (System.gc()) 173M->4M(4096M) 15.606ms
[75.506s][info][gc,cpu         ] GC(40) User=0.00s Sys=0.00s Real=0.02s
[77.613s][info][gc,start       ] GC(41) Pause Full (System.gc())
[77.613s][info][gc,task        ] GC(41) Using 6 workers of 6 for full compaction
[77.613s][info][gc,phases,start] GC(41) Phase 1: Mark live objects
[77.616s][info][gc,phases      ] GC(41) Phase 1: Mark live objects 2.826ms
[77.616s][info][gc,phases,start] GC(41) Phase 2: Prepare compaction
[77.617s][info][gc,phases      ] GC(41) Phase 2: Prepare compaction 0.546ms
[77.617s][info][gc,phases,start] GC(41) Phase 3: Adjust pointers
[77.618s][info][gc,phases      ] GC(41) Phase 3: Adjust pointers 1.739ms
[77.619s][info][gc,phases,start] GC(41) Phase 4: Compact heap
[77.619s][info][gc,phases      ] GC(41) Phase 4: Compact heap 0.610ms
[77.619s][info][gc,phases,start] GC(41) Phase 5: Reset Metadata
[77.620s][info][gc,phases      ] GC(41) Phase 5: Reset Metadata 1.189ms
[77.629s][info][gc,heap        ] GC(41) Eden regions: 85->0(102)
[77.629s][info][gc,heap        ] GC(41) Survivor regions: 0->0(13)
[77.629s][info][gc,heap        ] GC(41) Old regions: 7->7
[77.629s][info][gc,heap        ] GC(41) Humongous regions: 0->0
[77.630s][info][gc,metaspace   ] GC(41) Metaspace: 14899K(15168K)->14899K(15168K) NonClass: 12932K(13056K)->12932K(13056K) Class: 1966K(2112K)->1966K(2112K)
[77.630s][info][gc             ] GC(41) Pause Full (System.gc()) 173M->4M(4096M) 16.596ms
[77.630s][info][gc,cpu         ] GC(41) User=0.02s Sys=0.00s Real=0.02s
[79.795s][info][gc,start       ] GC(42) Pause Full (System.gc())
[79.795s][info][gc,task        ] GC(42) Using 6 workers of 6 for full compaction
[79.795s][info][gc,phases,start] GC(42) Phase 1: Mark live objects
[79.798s][info][gc,phases      ] GC(42) Phase 1: Mark live objects 2.918ms
[79.798s][info][gc,phases,start] GC(42) Phase 2: Prepare compaction
[79.799s][info][gc,phases      ] GC(42) Phase 2: Prepare compaction 0.613ms
[79.799s][info][gc,phases,start] GC(42) Phase 3: Adjust pointers
[79.801s][info][gc,phases      ] GC(42) Phase 3: Adjust pointers 1.823ms
[79.801s][info][gc,phases,start] GC(42) Phase 4: Compact heap
[79.801s][info][gc,phases      ] GC(42) Phase 4: Compact heap 0.728ms
[79.801s][info][gc,phases,start] GC(42) Phase 5: Reset Metadata
[79.802s][info][gc,phases      ] GC(42) Phase 5: Reset Metadata 0.982ms
[79.811s][info][gc,heap        ] GC(42) Eden regions: 85->0(102)
[79.811s][info][gc,heap        ] GC(42) Survivor regions: 0->0(13)
[79.811s][info][gc,heap        ] GC(42) Old regions: 7->7
[79.811s][info][gc,heap        ] GC(42) Humongous regions: 0->0
[79.811s][info][gc,metaspace   ] GC(42) Metaspace: 14899K(15168K)->14899K(15168K) NonClass: 12932K(13056K)->12932K(13056K) Class: 1966K(2112K)->1966K(2112K)
[79.811s][info][gc             ] GC(42) Pause Full (System.gc()) 173M->4M(4096M) 16.679ms
[79.811s][info][gc,cpu         ] GC(42) User=0.02s Sys=0.00s Real=0.02s
[81.929s][info][gc,start       ] GC(43) Pause Full (System.gc())
[81.929s][info][gc,task        ] GC(43) Using 6 workers of 6 for full compaction
[81.929s][info][gc,phases,start] GC(43) Phase 1: Mark live objects
[81.932s][info][gc,phases      ] GC(43) Phase 1: Mark live objects 2.956ms
[81.932s][info][gc,phases,start] GC(43) Phase 2: Prepare compaction
[81.933s][info][gc,phases      ] GC(43) Phase 2: Prepare compaction 0.513ms
[81.933s][info][gc,phases,start] GC(43) Phase 3: Adjust pointers
[81.935s][info][gc,phases      ] GC(43) Phase 3: Adjust pointers 1.779ms
[81.935s][info][gc,phases,start] GC(43) Phase 4: Compact heap
[81.935s][info][gc,phases      ] GC(43) Phase 4: Compact heap 0.611ms
[81.935s][info][gc,phases,start] GC(43) Phase 5: Reset Metadata
[81.937s][info][gc,phases      ] GC(43) Phase 5: Reset Metadata 1.147ms
[81.945s][info][gc,heap        ] GC(43) Eden regions: 85->0(102)
[81.945s][info][gc,heap        ] GC(43) Survivor regions: 0->0(13)
[81.945s][info][gc,heap        ] GC(43) Old regions: 7->7
[81.945s][info][gc,heap        ] GC(43) Humongous regions: 0->0
[81.945s][info][gc,metaspace   ] GC(43) Metaspace: 14910K(15168K)->14910K(15168K) NonClass: 12943K(13056K)->12943K(13056K) Class: 1966K(2112K)->1966K(2112K)
[81.946s][info][gc             ] GC(43) Pause Full (System.gc()) 173M->4M(4096M) 16.507ms
[81.946s][info][gc,cpu         ] GC(43) User=0.00s Sys=0.00s Real=0.02s
[84.061s][info][gc,start       ] GC(44) Pause Full (System.gc())
[84.061s][info][gc,task        ] GC(44) Using 6 workers of 6 for full compaction
[84.061s][info][gc,phases,start] GC(44) Phase 1: Mark live objects
[84.064s][info][gc,phases      ] GC(44) Phase 1: Mark live objects 2.654ms
[84.064s][info][gc,phases,start] GC(44) Phase 2: Prepare compaction
[84.064s][info][gc,phases      ] GC(44) Phase 2: Prepare compaction 0.530ms
[84.064s][info][gc,phases,start] GC(44) Phase 3: Adjust pointers
[84.066s][info][gc,phases      ] GC(44) Phase 3: Adjust pointers 1.927ms
[84.066s][info][gc,phases,start] GC(44) Phase 4: Compact heap
[84.067s][info][gc,phases      ] GC(44) Phase 4: Compact heap 0.397ms
[84.067s][info][gc,phases,start] GC(44) Phase 5: Reset Metadata
[84.068s][info][gc,phases      ] GC(44) Phase 5: Reset Metadata 1.038ms
[84.077s][info][gc,heap        ] GC(44) Eden regions: 85->0(102)
[84.077s][info][gc,heap        ] GC(44) Survivor regions: 0->0(13)
[84.077s][info][gc,heap        ] GC(44) Old regions: 7->7
[84.077s][info][gc,heap        ] GC(44) Humongous regions: 0->0
[84.077s][info][gc,metaspace   ] GC(44) Metaspace: 14912K(15168K)->14912K(15168K) NonClass: 12945K(13056K)->12945K(13056K) Class: 1966K(2112K)->1966K(2112K)
[84.077s][info][gc             ] GC(44) Pause Full (System.gc()) 173M->4M(4096M) 15.771ms
[84.077s][info][gc,cpu         ] GC(44) User=0.00s Sys=0.00s Real=0.01s
[86.189s][info][gc,start       ] GC(45) Pause Full (System.gc())
[86.189s][info][gc,task        ] GC(45) Using 6 workers of 6 for full compaction
[86.189s][info][gc,phases,start] GC(45) Phase 1: Mark live objects
[86.192s][info][gc,phases      ] GC(45) Phase 1: Mark live objects 2.422ms
[86.192s][info][gc,phases,start] GC(45) Phase 2: Prepare compaction
[86.192s][info][gc,phases      ] GC(45) Phase 2: Prepare compaction 0.558ms
[86.193s][info][gc,phases,start] GC(45) Phase 3: Adjust pointers
[86.194s][info][gc,phases      ] GC(45) Phase 3: Adjust pointers 1.968ms
[86.195s][info][gc,phases,start] GC(45) Phase 4: Compact heap
[86.195s][info][gc,phases      ] GC(45) Phase 4: Compact heap 0.399ms
[86.195s][info][gc,phases,start] GC(45) Phase 5: Reset Metadata
[86.196s][info][gc,phases      ] GC(45) Phase 5: Reset Metadata 0.945ms
[86.205s][info][gc,heap        ] GC(45) Eden regions: 85->0(102)
[86.205s][info][gc,heap        ] GC(45) Survivor regions: 0->0(13)
[86.205s][info][gc,heap        ] GC(45) Old regions: 7->7
[86.205s][info][gc,heap        ] GC(45) Humongous regions: 0->0
[86.205s][info][gc,metaspace   ] GC(45) Metaspace: 14914K(15168K)->14914K(15168K) NonClass: 12947K(13056K)->12947K(13056K) Class: 1966K(2112K)->1966K(2112K)
[86.205s][info][gc             ] GC(45) Pause Full (System.gc()) 173M->4M(4096M) 16.112ms
[86.205s][info][gc,cpu         ] GC(45) User=0.02s Sys=0.00s Real=0.02s
[88.322s][info][gc,start       ] GC(46) Pause Full (System.gc())
[88.322s][info][gc,task        ] GC(46) Using 6 workers of 6 for full compaction
[88.322s][info][gc,phases,start] GC(46) Phase 1: Mark live objects
[88.325s][info][gc,phases      ] GC(46) Phase 1: Mark live objects 2.877ms
[88.325s][info][gc,phases,start] GC(46) Phase 2: Prepare compaction
[88.326s][info][gc,phases      ] GC(46) Phase 2: Prepare compaction 0.630ms
[88.326s][info][gc,phases,start] GC(46) Phase 3: Adjust pointers
[88.328s][info][gc,phases      ] GC(46) Phase 3: Adjust pointers 1.936ms
[88.328s][info][gc,phases,start] GC(46) Phase 4: Compact heap
[88.328s][info][gc,phases      ] GC(46) Phase 4: Compact heap 0.393ms
[88.328s][info][gc,phases,start] GC(46) Phase 5: Reset Metadata
[88.329s][info][gc,phases      ] GC(46) Phase 5: Reset Metadata 1.041ms
[88.339s][info][gc,heap        ] GC(46) Eden regions: 85->0(102)
[88.339s][info][gc,heap        ] GC(46) Survivor regions: 0->0(13)
[88.339s][info][gc,heap        ] GC(46) Old regions: 7->7
[88.339s][info][gc,heap        ] GC(46) Humongous regions: 0->0
[88.339s][info][gc,metaspace   ] GC(46) Metaspace: 14914K(15168K)->14914K(15168K) NonClass: 12947K(13056K)->12947K(13056K) Class: 1966K(2112K)->1966K(2112K)
[88.339s][info][gc             ] GC(46) Pause Full (System.gc()) 173M->4M(4096M) 17.127ms
[88.339s][info][gc,cpu         ] GC(46) User=0.03s Sys=0.00s Real=0.03s
[90.458s][info][gc,start       ] GC(47) Pause Full (System.gc())
[90.458s][info][gc,task        ] GC(47) Using 6 workers of 6 for full compaction
[90.459s][info][gc,phases,start] GC(47) Phase 1: Mark live objects
[90.461s][info][gc,phases      ] GC(47) Phase 1: Mark live objects 2.184ms
[90.461s][info][gc,phases,start] GC(47) Phase 2: Prepare compaction
[90.461s][info][gc,phases      ] GC(47) Phase 2: Prepare compaction 0.552ms
[90.461s][info][gc,phases,start] GC(47) Phase 3: Adjust pointers
[90.463s][info][gc,phases      ] GC(47) Phase 3: Adjust pointers 1.869ms
[90.463s][info][gc,phases,start] GC(47) Phase 4: Compact heap
[90.464s][info][gc,phases      ] GC(47) Phase 4: Compact heap 0.585ms
[90.464s][info][gc,phases,start] GC(47) Phase 5: Reset Metadata
[90.465s][info][gc,phases      ] GC(47) Phase 5: Reset Metadata 0.957ms
[90.474s][info][gc,heap        ] GC(47) Eden regions: 85->0(102)
[90.474s][info][gc,heap        ] GC(47) Survivor regions: 0->0(13)
[90.474s][info][gc,heap        ] GC(47) Old regions: 7->7
[90.474s][info][gc,heap        ] GC(47) Humongous regions: 0->0
[90.474s][info][gc,metaspace   ] GC(47) Metaspace: 14914K(15168K)->14914K(15168K) NonClass: 12947K(13056K)->12947K(13056K) Class: 1966K(2112K)->1966K(2112K)
[90.474s][info][gc             ] GC(47) Pause Full (System.gc()) 173M->4M(4096M) 15.693ms
[90.474s][info][gc,cpu         ] GC(47) User=0.02s Sys=0.00s Real=0.02s
[92.587s][info][gc,start       ] GC(48) Pause Full (System.gc())
[92.588s][info][gc,task        ] GC(48) Using 6 workers of 6 for full compaction
[92.588s][info][gc,phases,start] GC(48) Phase 1: Mark live objects
[92.590s][info][gc,phases      ] GC(48) Phase 1: Mark live objects 2.621ms
[92.590s][info][gc,phases,start] GC(48) Phase 2: Prepare compaction
[92.591s][info][gc,phases      ] GC(48) Phase 2: Prepare compaction 0.530ms
[92.591s][info][gc,phases,start] GC(48) Phase 3: Adjust pointers
[92.593s][info][gc,phases      ] GC(48) Phase 3: Adjust pointers 1.867ms
[92.593s][info][gc,phases,start] GC(48) Phase 4: Compact heap
[92.593s][info][gc,phases      ] GC(48) Phase 4: Compact heap 0.405ms
[92.593s][info][gc,phases,start] GC(48) Phase 5: Reset Metadata
[92.594s][info][gc,phases      ] GC(48) Phase 5: Reset Metadata 1.040ms
[92.603s][info][gc,heap        ] GC(48) Eden regions: 85->0(102)
[92.603s][info][gc,heap        ] GC(48) Survivor regions: 0->0(13)
[92.603s][info][gc,heap        ] GC(48) Old regions: 7->7
[92.603s][info][gc,heap        ] GC(48) Humongous regions: 0->0
[92.603s][info][gc,metaspace   ] GC(48) Metaspace: 14914K(15168K)->14914K(15168K) NonClass: 12947K(13056K)->12947K(13056K) Class: 1966K(2112K)->1966K(2112K)
[92.603s][info][gc             ] GC(48) Pause Full (System.gc()) 173M->4M(4096M) 15.732ms
[92.603s][info][gc,cpu         ] GC(48) User=0.02s Sys=0.00s Real=0.02s
[94.723s][info][gc,start       ] GC(49) Pause Full (System.gc())
[94.723s][info][gc,task        ] GC(49) Using 6 workers of 6 for full compaction
[94.723s][info][gc,phases,start] GC(49) Phase 1: Mark live objects
[94.726s][info][gc,phases      ] GC(49) Phase 1: Mark live objects 2.573ms
[94.726s][info][gc,phases,start] GC(49) Phase 2: Prepare compaction
[94.726s][info][gc,phases      ] GC(49) Phase 2: Prepare compaction 0.522ms
[94.726s][info][gc,phases,start] GC(49) Phase 3: Adjust pointers
[94.728s][info][gc,phases      ] GC(49) Phase 3: Adjust pointers 1.935ms
[94.728s][info][gc,phases,start] GC(49) Phase 4: Compact heap
[94.729s][info][gc,phases      ] GC(49) Phase 4: Compact heap 0.476ms
[94.729s][info][gc,phases,start] GC(49) Phase 5: Reset Metadata
[94.730s][info][gc,phases      ] GC(49) Phase 5: Reset Metadata 1.097ms
[94.739s][info][gc,heap        ] GC(49) Eden regions: 85->0(102)
[94.739s][info][gc,heap        ] GC(49) Survivor regions: 0->0(13)
[94.739s][info][gc,heap        ] GC(49) Old regions: 7->7
[94.739s][info][gc,heap        ] GC(49) Humongous regions: 0->0
[94.739s][info][gc,metaspace   ] GC(49) Metaspace: 14914K(15168K)->14914K(15168K) NonClass: 12948K(13056K)->12948K(13056K) Class: 1966K(2112K)->1966K(2112K)
[94.739s][info][gc             ] GC(49) Pause Full (System.gc()) 173M->4M(4096M) 16.350ms
[94.739s][info][gc,cpu         ] GC(49) User=0.00s Sys=0.00s Real=0.01s
[96.855s][info][gc,start       ] GC(50) Pause Full (System.gc())
[96.855s][info][gc,task        ] GC(50) Using 6 workers of 6 for full compaction
[96.855s][info][gc,phases,start] GC(50) Phase 1: Mark live objects
[96.857s][info][gc,phases      ] GC(50) Phase 1: Mark live objects 2.425ms
[96.857s][info][gc,phases,start] GC(50) Phase 2: Prepare compaction
[96.858s][info][gc,phases      ] GC(50) Phase 2: Prepare compaction 0.514ms
[96.858s][info][gc,phases,start] GC(50) Phase 3: Adjust pointers
[96.860s][info][gc,phases      ] GC(50) Phase 3: Adjust pointers 1.792ms
[96.860s][info][gc,phases,start] GC(50) Phase 4: Compact heap
[96.860s][info][gc,phases      ] GC(50) Phase 4: Compact heap 0.648ms
[96.861s][info][gc,phases,start] GC(50) Phase 5: Reset Metadata
[96.862s][info][gc,phases      ] GC(50) Phase 5: Reset Metadata 1.074ms
[96.871s][info][gc,heap        ] GC(50) Eden regions: 85->0(102)
[96.871s][info][gc,heap        ] GC(50) Survivor regions: 0->0(13)
[96.871s][info][gc,heap        ] GC(50) Old regions: 7->7
[96.871s][info][gc,heap        ] GC(50) Humongous regions: 0->0
[96.871s][info][gc,metaspace   ] GC(50) Metaspace: 14915K(15168K)->14915K(15168K) NonClass: 12949K(13056K)->12949K(13056K) Class: 1966K(2112K)->1966K(2112K)
[96.871s][info][gc             ] GC(50) Pause Full (System.gc()) 173M->4M(4096M) 16.230ms
[96.871s][info][gc,cpu         ] GC(50) User=0.02s Sys=0.00s Real=0.02s
[98.989s][info][gc,start       ] GC(51) Pause Full (System.gc())
[98.989s][info][gc,task        ] GC(51) Using 6 workers of 6 for full compaction
[98.989s][info][gc,phases,start] GC(51) Phase 1: Mark live objects
[98.992s][info][gc,phases      ] GC(51) Phase 1: Mark live objects 2.638ms
[98.992s][info][gc,phases,start] GC(51) Phase 2: Prepare compaction
[98.992s][info][gc,phases      ] GC(51) Phase 2: Prepare compaction 0.620ms
[98.992s][info][gc,phases,start] GC(51) Phase 3: Adjust pointers
[98.994s][info][gc,phases      ] GC(51) Phase 3: Adjust pointers 1.807ms
[98.994s][info][gc,phases,start] GC(51) Phase 4: Compact heap
[98.995s][info][gc,phases      ] GC(51) Phase 4: Compact heap 0.552ms
[98.995s][info][gc,phases,start] GC(51) Phase 5: Reset Metadata
[98.996s][info][gc,phases      ] GC(51) Phase 5: Reset Metadata 1.057ms
[99.005s][info][gc,heap        ] GC(51) Eden regions: 85->0(102)
[99.005s][info][gc,heap        ] GC(51) Survivor regions: 0->0(13)
[99.005s][info][gc,heap        ] GC(51) Old regions: 7->7
[99.005s][info][gc,heap        ] GC(51) Humongous regions: 0->0
[99.005s][info][gc,metaspace   ] GC(51) Metaspace: 14915K(15168K)->14915K(15168K) NonClass: 12949K(13056K)->12949K(13056K) Class: 1966K(2112K)->1966K(2112K)
[99.005s][info][gc             ] GC(51) Pause Full (System.gc()) 173M->4M(4096M) 16.408ms
[99.005s][info][gc,cpu         ] GC(51) User=0.02s Sys=0.00s Real=0.01s
[101.103s][info][gc,start       ] GC(52) Pause Full (System.gc())
[101.103s][info][gc,task        ] GC(52) Using 6 workers of 6 for full compaction
[101.103s][info][gc,phases,start] GC(52) Phase 1: Mark live objects
[101.106s][info][gc,phases      ] GC(52) Phase 1: Mark live objects 2.919ms
[101.107s][info][gc,phases,start] GC(52) Phase 2: Prepare compaction
[101.108s][info][gc,phases      ] GC(52) Phase 2: Prepare compaction 0.701ms
[101.108s][info][gc,phases,start] GC(52) Phase 3: Adjust pointers
[101.110s][info][gc,phases      ] GC(52) Phase 3: Adjust pointers 1.820ms
[101.110s][info][gc,phases,start] GC(52) Phase 4: Compact heap
[101.110s][info][gc,phases      ] GC(52) Phase 4: Compact heap 0.424ms
[101.110s][info][gc,phases,start] GC(52) Phase 5: Reset Metadata
[101.111s][info][gc,phases      ] GC(52) Phase 5: Reset Metadata 0.993ms
[101.120s][info][gc,heap        ] GC(52) Eden regions: 85->0(102)
[101.120s][info][gc,heap        ] GC(52) Survivor regions: 0->0(13)
[101.120s][info][gc,heap        ] GC(52) Old regions: 7->7
[101.120s][info][gc,heap        ] GC(52) Humongous regions: 0->0
[101.120s][info][gc,metaspace   ] GC(52) Metaspace: 14915K(15168K)->14915K(15168K) NonClass: 12949K(13056K)->12949K(13056K) Class: 1966K(2112K)->1966K(2112K)
[101.120s][info][gc             ] GC(52) Pause Full (System.gc()) 173M->4M(4096M) 17.931ms
[101.120s][info][gc,cpu         ] GC(52) User=0.00s Sys=0.00s Real=0.03s
[103.233s][info][gc,start       ] GC(53) Pause Full (System.gc())
[103.233s][info][gc,task        ] GC(53) Using 6 workers of 6 for full compaction
[103.233s][info][gc,phases,start] GC(53) Phase 1: Mark live objects
[103.236s][info][gc,phases      ] GC(53) Phase 1: Mark live objects 2.598ms
[103.236s][info][gc,phases,start] GC(53) Phase 2: Prepare compaction
[103.237s][info][gc,phases      ] GC(53) Phase 2: Prepare compaction 0.615ms
[103.237s][info][gc,phases,start] GC(53) Phase 3: Adjust pointers
[103.239s][info][gc,phases      ] GC(53) Phase 3: Adjust pointers 1.937ms
[103.239s][info][gc,phases,start] GC(53) Phase 4: Compact heap
[103.239s][info][gc,phases      ] GC(53) Phase 4: Compact heap 0.376ms
[103.239s][info][gc,phases,start] GC(53) Phase 5: Reset Metadata
[103.241s][info][gc,phases      ] GC(53) Phase 5: Reset Metadata 1.588ms
[103.250s][info][gc,heap        ] GC(53) Eden regions: 85->0(102)
[103.250s][info][gc,heap        ] GC(53) Survivor regions: 0->0(13)
[103.250s][info][gc,heap        ] GC(53) Old regions: 7->7
[103.250s][info][gc,heap        ] GC(53) Humongous regions: 0->0
[103.250s][info][gc,metaspace   ] GC(53) Metaspace: 14918K(15168K)->14918K(15168K) NonClass: 12951K(13056K)->12951K(13056K) Class: 1966K(2112K)->1966K(2112K)
[103.250s][info][gc             ] GC(53) Pause Full (System.gc()) 173M->4M(4096M) 16.693ms
[103.250s][info][gc,cpu         ] GC(53) User=0.02s Sys=0.00s Real=0.02s
[105.362s][info][gc,start       ] GC(54) Pause Full (System.gc())
[105.362s][info][gc,task        ] GC(54) Using 6 workers of 6 for full compaction
[105.363s][info][gc,phases,start] GC(54) Phase 1: Mark live objects
[105.365s][info][gc,phases      ] GC(54) Phase 1: Mark live objects 2.567ms
[105.365s][info][gc,phases,start] GC(54) Phase 2: Prepare compaction
[105.366s][info][gc,phases      ] GC(54) Phase 2: Prepare compaction 0.508ms
[105.366s][info][gc,phases,start] GC(54) Phase 3: Adjust pointers
[105.368s][info][gc,phases      ] GC(54) Phase 3: Adjust pointers 1.746ms
[105.368s][info][gc,phases,start] GC(54) Phase 4: Compact heap
[105.368s][info][gc,phases      ] GC(54) Phase 4: Compact heap 0.362ms
[105.368s][info][gc,phases,start] GC(54) Phase 5: Reset Metadata
[105.369s][info][gc,phases      ] GC(54) Phase 5: Reset Metadata 0.973ms
[105.378s][info][gc,heap        ] GC(54) Eden regions: 85->0(102)
[105.378s][info][gc,heap        ] GC(54) Survivor regions: 0->0(13)
[105.378s][info][gc,heap        ] GC(54) Old regions: 7->7
[105.378s][info][gc,heap        ] GC(54) Humongous regions: 0->0
[105.378s][info][gc,metaspace   ] GC(54) Metaspace: 14919K(15168K)->14919K(15168K) NonClass: 12952K(13056K)->12952K(13056K) Class: 1966K(2112K)->1966K(2112K)
[105.378s][info][gc             ] GC(54) Pause Full (System.gc()) 173M->4M(4096M) 16.023ms
[105.378s][info][gc,cpu         ] GC(54) User=0.02s Sys=0.00s Real=0.02s
[107.497s][info][gc,start       ] GC(55) Pause Full (System.gc())
[107.497s][info][gc,task        ] GC(55) Using 6 workers of 6 for full compaction
[107.498s][info][gc,phases,start] GC(55) Phase 1: Mark live objects
[107.500s][info][gc,phases      ] GC(55) Phase 1: Mark live objects 2.385ms
[107.500s][info][gc,phases,start] GC(55) Phase 2: Prepare compaction
[107.501s][info][gc,phases      ] GC(55) Phase 2: Prepare compaction 0.541ms
[107.501s][info][gc,phases,start] GC(55) Phase 3: Adjust pointers
[107.503s][info][gc,phases      ] GC(55) Phase 3: Adjust pointers 1.899ms
[107.503s][info][gc,phases,start] GC(55) Phase 4: Compact heap
[107.503s][info][gc,phases      ] GC(55) Phase 4: Compact heap 0.625ms
[107.503s][info][gc,phases,start] GC(55) Phase 5: Reset Metadata
[107.504s][info][gc,phases      ] GC(55) Phase 5: Reset Metadata 0.960ms
[107.513s][info][gc,heap        ] GC(55) Eden regions: 85->0(102)
[107.513s][info][gc,heap        ] GC(55) Survivor regions: 0->0(13)
[107.513s][info][gc,heap        ] GC(55) Old regions: 7->7
[107.513s][info][gc,heap        ] GC(55) Humongous regions: 0->0
[107.513s][info][gc,metaspace   ] GC(55) Metaspace: 14922K(15168K)->14922K(15168K) NonClass: 12955K(13056K)->12955K(13056K) Class: 1966K(2112K)->1966K(2112K)
[107.513s][info][gc             ] GC(55) Pause Full (System.gc()) 173M->4M(4096M) 16.237ms
[107.513s][info][gc,cpu         ] GC(55) User=0.00s Sys=0.00s Real=0.02s
[109.641s][info][gc,start       ] GC(56) Pause Full (System.gc())
[109.641s][info][gc,task        ] GC(56) Using 6 workers of 6 for full compaction
[109.641s][info][gc,phases,start] GC(56) Phase 1: Mark live objects
[109.644s][info][gc,phases      ] GC(56) Phase 1: Mark live objects 2.491ms
[109.644s][info][gc,phases,start] GC(56) Phase 2: Prepare compaction
[109.644s][info][gc,phases      ] GC(56) Phase 2: Prepare compaction 0.549ms
[109.644s][info][gc,phases,start] GC(56) Phase 3: Adjust pointers
[109.646s][info][gc,phases      ] GC(56) Phase 3: Adjust pointers 1.937ms
[109.646s][info][gc,phases,start] GC(56) Phase 4: Compact heap
[109.647s][info][gc,phases      ] GC(56) Phase 4: Compact heap 0.422ms
[109.647s][info][gc,phases,start] GC(56) Phase 5: Reset Metadata
[109.648s][info][gc,phases      ] GC(56) Phase 5: Reset Metadata 1.021ms
[109.657s][info][gc,heap        ] GC(56) Eden regions: 85->0(102)
[109.657s][info][gc,heap        ] GC(56) Survivor regions: 0->0(13)
[109.657s][info][gc,heap        ] GC(56) Old regions: 7->7
[109.657s][info][gc,heap        ] GC(56) Humongous regions: 0->0
[109.657s][info][gc,metaspace   ] GC(56) Metaspace: 14922K(15168K)->14922K(15168K) NonClass: 12955K(13056K)->12955K(13056K) Class: 1966K(2112K)->1966K(2112K)
[109.657s][info][gc             ] GC(56) Pause Full (System.gc()) 174M->4M(4096M) 15.945ms
[109.657s][info][gc,cpu         ] GC(56) User=0.00s Sys=0.02s Real=0.02s
[111.808s][info][gc,start       ] GC(57) Pause Full (System.gc())
[111.808s][info][gc,task        ] GC(57) Using 6 workers of 6 for full compaction
[111.808s][info][gc,phases,start] GC(57) Phase 1: Mark live objects
[111.811s][info][gc,phases      ] GC(57) Phase 1: Mark live objects 2.804ms
[111.811s][info][gc,phases,start] GC(57) Phase 2: Prepare compaction
[111.812s][info][gc,phases      ] GC(57) Phase 2: Prepare compaction 0.533ms
[111.812s][info][gc,phases,start] GC(57) Phase 3: Adjust pointers
[111.814s][info][gc,phases      ] GC(57) Phase 3: Adjust pointers 1.981ms
[111.814s][info][gc,phases,start] GC(57) Phase 4: Compact heap
[111.814s][info][gc,phases      ] GC(57) Phase 4: Compact heap 0.349ms
[111.814s][info][gc,phases,start] GC(57) Phase 5: Reset Metadata
[111.815s][info][gc,phases      ] GC(57) Phase 5: Reset Metadata 1.057ms
[111.824s][info][gc,heap        ] GC(57) Eden regions: 85->0(102)
[111.824s][info][gc,heap        ] GC(57) Survivor regions: 0->0(13)
[111.824s][info][gc,heap        ] GC(57) Old regions: 7->7
[111.824s][info][gc,heap        ] GC(57) Humongous regions: 0->0
[111.824s][info][gc,metaspace   ] GC(57) Metaspace: 14922K(15168K)->14922K(15168K) NonClass: 12955K(13056K)->12955K(13056K) Class: 1966K(2112K)->1966K(2112K)
[111.824s][info][gc             ] GC(57) Pause Full (System.gc()) 173M->4M(4096M) 16.228ms
[111.824s][info][gc,cpu         ] GC(57) User=0.00s Sys=0.00s Real=0.02s
[114.336s][info][gc,start       ] GC(58) Pause Full (System.gc())
[114.336s][info][gc,task        ] GC(58) Using 6 workers of 6 for full compaction
[114.336s][info][gc,phases,start] GC(58) Phase 1: Mark live objects
[114.338s][info][gc,phases      ] GC(58) Phase 1: Mark live objects 2.473ms
[114.338s][info][gc,phases,start] GC(58) Phase 2: Prepare compaction
[114.339s][info][gc,phases      ] GC(58) Phase 2: Prepare compaction 0.651ms
[114.339s][info][gc,phases,start] GC(58) Phase 3: Adjust pointers
[114.341s][info][gc,phases      ] GC(58) Phase 3: Adjust pointers 1.942ms
[114.341s][info][gc,phases,start] GC(58) Phase 4: Compact heap
[114.342s][info][gc,phases      ] GC(58) Phase 4: Compact heap 0.558ms
[114.342s][info][gc,phases,start] GC(58) Phase 5: Reset Metadata
[114.343s][info][gc,phases      ] GC(58) Phase 5: Reset Metadata 1.124ms
[114.353s][info][gc,heap        ] GC(58) Eden regions: 85->0(102)
[114.353s][info][gc,heap        ] GC(58) Survivor regions: 0->0(13)
[114.353s][info][gc,heap        ] GC(58) Old regions: 7->7
[114.353s][info][gc,heap        ] GC(58) Humongous regions: 0->0
[114.353s][info][gc,metaspace   ] GC(58) Metaspace: 14922K(15168K)->14922K(15168K) NonClass: 12955K(13056K)->12955K(13056K) Class: 1966K(2112K)->1966K(2112K)
[114.353s][info][gc             ] GC(58) Pause Full (System.gc()) 174M->4M(4096M) 17.491ms
[114.353s][info][gc,cpu         ] GC(58) User=0.03s Sys=0.00s Real=0.02s
[116.690s][info][gc,start       ] GC(59) Pause Full (System.gc())
[116.690s][info][gc,task        ] GC(59) Using 6 workers of 6 for full compaction
[116.690s][info][gc,phases,start] GC(59) Phase 1: Mark live objects
[116.692s][info][gc,phases      ] GC(59) Phase 1: Mark live objects 2.211ms
[116.692s][info][gc,phases,start] GC(59) Phase 2: Prepare compaction
[116.693s][info][gc,phases      ] GC(59) Phase 2: Prepare compaction 0.483ms
[116.693s][info][gc,phases,start] GC(59) Phase 3: Adjust pointers
[116.695s][info][gc,phases      ] GC(59) Phase 3: Adjust pointers 1.741ms
[116.695s][info][gc,phases,start] GC(59) Phase 4: Compact heap
[116.695s][info][gc,phases      ] GC(59) Phase 4: Compact heap 0.368ms
[116.695s][info][gc,phases,start] GC(59) Phase 5: Reset Metadata
[116.696s][info][gc,phases      ] GC(59) Phase 5: Reset Metadata 1.097ms
[116.705s][info][gc,heap        ] GC(59) Eden regions: 85->0(102)
[116.706s][info][gc,heap        ] GC(59) Survivor regions: 0->0(13)
[116.706s][info][gc,heap        ] GC(59) Old regions: 7->7
[116.706s][info][gc,heap        ] GC(59) Humongous regions: 0->0
[116.706s][info][gc,metaspace   ] GC(59) Metaspace: 14925K(15168K)->14925K(15168K) NonClass: 12958K(13056K)->12958K(13056K) Class: 1966K(2112K)->1966K(2112K)
[116.706s][info][gc             ] GC(59) Pause Full (System.gc()) 174M->4M(4096M) 16.091ms
[116.706s][info][gc,cpu         ] GC(59) User=0.02s Sys=0.00s Real=0.02s
[118.951s][info][gc,start       ] GC(60) Pause Full (System.gc())
[118.951s][info][gc,task        ] GC(60) Using 6 workers of 6 for full compaction
[118.951s][info][gc,phases,start] GC(60) Phase 1: Mark live objects
[118.954s][info][gc,phases      ] GC(60) Phase 1: Mark live objects 2.872ms
[118.954s][info][gc,phases,start] GC(60) Phase 2: Prepare compaction
[118.954s][info][gc,phases      ] GC(60) Phase 2: Prepare compaction 0.506ms
[118.954s][info][gc,phases,start] GC(60) Phase 3: Adjust pointers
[118.956s][info][gc,phases      ] GC(60) Phase 3: Adjust pointers 1.858ms
[118.956s][info][gc,phases,start] GC(60) Phase 4: Compact heap
[118.957s][info][gc,phases      ] GC(60) Phase 4: Compact heap 0.409ms
[118.957s][info][gc,phases,start] GC(60) Phase 5: Reset Metadata
[118.958s][info][gc,phases      ] GC(60) Phase 5: Reset Metadata 1.047ms
[118.967s][info][gc,heap        ] GC(60) Eden regions: 85->0(102)
[118.967s][info][gc,heap        ] GC(60) Survivor regions: 0->0(13)
[118.967s][info][gc,heap        ] GC(60) Old regions: 7->7
[118.967s][info][gc,heap        ] GC(60) Humongous regions: 0->0
[118.967s][info][gc,metaspace   ] GC(60) Metaspace: 14925K(15168K)->14925K(15168K) NonClass: 12958K(13056K)->12958K(13056K) Class: 1966K(2112K)->1966K(2112K)
[118.967s][info][gc             ] GC(60) Pause Full (System.gc()) 174M->4M(4096M) 16.796ms
[118.967s][info][gc,cpu         ] GC(60) User=0.02s Sys=0.00s Real=0.02s
[121.936s][info][gc,start       ] GC(61) Pause Full (System.gc())
[121.936s][info][gc,task        ] GC(61) Using 6 workers of 6 for full compaction
[121.936s][info][gc,phases,start] GC(61) Phase 1: Mark live objects
[121.939s][info][gc,phases      ] GC(61) Phase 1: Mark live objects 3.451ms
[121.939s][info][gc,phases,start] GC(61) Phase 2: Prepare compaction
[121.940s][info][gc,phases      ] GC(61) Phase 2: Prepare compaction 0.514ms
[121.940s][info][gc,phases,start] GC(61) Phase 3: Adjust pointers
[121.942s][info][gc,phases      ] GC(61) Phase 3: Adjust pointers 1.864ms
[121.942s][info][gc,phases,start] GC(61) Phase 4: Compact heap
[121.942s][info][gc,phases      ] GC(61) Phase 4: Compact heap 0.425ms
[121.942s][info][gc,phases,start] GC(61) Phase 5: Reset Metadata
[121.943s][info][gc,phases      ] GC(61) Phase 5: Reset Metadata 1.045ms
[121.953s][info][gc,heap        ] GC(61) Eden regions: 85->0(102)
[121.953s][info][gc,heap        ] GC(61) Survivor regions: 0->0(13)
[121.953s][info][gc,heap        ] GC(61) Old regions: 7->7
[121.953s][info][gc,heap        ] GC(61) Humongous regions: 0->0
[121.953s][info][gc,metaspace   ] GC(61) Metaspace: 14925K(15168K)->14925K(15168K) NonClass: 12958K(13056K)->12958K(13056K) Class: 1966K(2112K)->1966K(2112K)
[121.953s][info][gc             ] GC(61) Pause Full (System.gc()) 173M->4M(4096M) 17.945ms
[121.953s][info][gc,cpu         ] GC(61) User=0.03s Sys=0.00s Real=0.02s
[125.581s][info][gc,start       ] GC(62) Pause Full (System.gc())
[125.581s][info][gc,task        ] GC(62) Using 6 workers of 6 for full compaction
[125.581s][info][gc,phases,start] GC(62) Phase 1: Mark live objects
[125.584s][info][gc,phases      ] GC(62) Phase 1: Mark live objects 3.088ms
[125.584s][info][gc,phases,start] GC(62) Phase 2: Prepare compaction
[125.585s][info][gc,phases      ] GC(62) Phase 2: Prepare compaction 0.678ms
[125.585s][info][gc,phases,start] GC(62) Phase 3: Adjust pointers
[125.587s][info][gc,phases      ] GC(62) Phase 3: Adjust pointers 2.032ms
[125.587s][info][gc,phases,start] GC(62) Phase 4: Compact heap
[125.588s][info][gc,phases      ] GC(62) Phase 4: Compact heap 0.495ms
[125.588s][info][gc,phases,start] GC(62) Phase 5: Reset Metadata
[125.589s][info][gc,phases      ] GC(62) Phase 5: Reset Metadata 1.114ms
[125.599s][info][gc,heap        ] GC(62) Eden regions: 85->0(102)
[125.599s][info][gc,heap        ] GC(62) Survivor regions: 0->0(13)
[125.599s][info][gc,heap        ] GC(62) Old regions: 7->7
[125.599s][info][gc,heap        ] GC(62) Humongous regions: 0->0
[125.599s][info][gc,metaspace   ] GC(62) Metaspace: 14928K(15168K)->14928K(15168K) NonClass: 12961K(13056K)->12961K(13056K) Class: 1966K(2112K)->1966K(2112K)
[125.599s][info][gc             ] GC(62) Pause Full (System.gc()) 173M->4M(4096M) 18.029ms
[125.599s][info][gc,cpu         ] GC(62) User=0.02s Sys=0.00s Real=0.02s
[128.494s][info][gc,start       ] GC(63) Pause Full (System.gc())
[128.495s][info][gc,task        ] GC(63) Using 6 workers of 6 for full compaction
[128.495s][info][gc,phases,start] GC(63) Phase 1: Mark live objects
[128.498s][info][gc,phases      ] GC(63) Phase 1: Mark live objects 2.708ms
[128.498s][info][gc,phases,start] GC(63) Phase 2: Prepare compaction
[128.498s][info][gc,phases      ] GC(63) Phase 2: Prepare compaction 0.617ms
[128.498s][info][gc,phases,start] GC(63) Phase 3: Adjust pointers
[128.500s][info][gc,phases      ] GC(63) Phase 3: Adjust pointers 1.846ms
[128.500s][info][gc,phases,start] GC(63) Phase 4: Compact heap
[128.500s][info][gc,phases      ] GC(63) Phase 4: Compact heap 0.383ms
[128.501s][info][gc,phases,start] GC(63) Phase 5: Reset Metadata
[128.502s][info][gc,phases      ] GC(63) Phase 5: Reset Metadata 1.077ms
[128.511s][info][gc,heap        ] GC(63) Eden regions: 85->0(102)
[128.511s][info][gc,heap        ] GC(63) Survivor regions: 0->0(13)
[128.511s][info][gc,heap        ] GC(63) Old regions: 7->7
[128.511s][info][gc,heap        ] GC(63) Humongous regions: 0->0
[128.511s][info][gc,metaspace   ] GC(63) Metaspace: 14931K(15168K)->14931K(15168K) NonClass: 12965K(13056K)->12965K(13056K) Class: 1966K(2112K)->1966K(2112K)
[128.511s][info][gc             ] GC(63) Pause Full (System.gc()) 173M->4M(4096M) 16.883ms
[128.511s][info][gc,cpu         ] GC(63) User=0.02s Sys=0.00s Real=0.02s
[131.396s][info][gc,start       ] GC(64) Pause Full (System.gc())
[131.396s][info][gc,task        ] GC(64) Using 6 workers of 6 for full compaction
[131.396s][info][gc,phases,start] GC(64) Phase 1: Mark live objects
[131.399s][info][gc,phases      ] GC(64) Phase 1: Mark live objects 2.704ms
[131.399s][info][gc,phases,start] GC(64) Phase 2: Prepare compaction
[131.399s][info][gc,phases      ] GC(64) Phase 2: Prepare compaction 0.570ms
[131.399s][info][gc,phases,start] GC(64) Phase 3: Adjust pointers
[131.402s][info][gc,phases      ] GC(64) Phase 3: Adjust pointers 2.127ms
[131.402s][info][gc,phases,start] GC(64) Phase 4: Compact heap
[131.402s][info][gc,phases      ] GC(64) Phase 4: Compact heap 0.568ms
[131.402s][info][gc,phases,start] GC(64) Phase 5: Reset Metadata
[131.403s][info][gc,phases      ] GC(64) Phase 5: Reset Metadata 1.088ms
[131.413s][info][gc,heap        ] GC(64) Eden regions: 85->0(102)
[131.413s][info][gc,heap        ] GC(64) Survivor regions: 0->0(13)
[131.413s][info][gc,heap        ] GC(64) Old regions: 7->7
[131.413s][info][gc,heap        ] GC(64) Humongous regions: 0->0
[131.413s][info][gc,metaspace   ] GC(64) Metaspace: 14932K(15168K)->14932K(15168K) NonClass: 12966K(13056K)->12966K(13056K) Class: 1966K(2112K)->1966K(2112K)
[131.413s][info][gc             ] GC(64) Pause Full (System.gc()) 173M->4M(4096M) 17.697ms
[131.413s][info][gc,cpu         ] GC(64) User=0.02s Sys=0.00s Real=0.02s
[134.714s][info][gc,start       ] GC(65) Pause Full (System.gc())
[134.714s][info][gc,task        ] GC(65) Using 6 workers of 6 for full compaction
[134.715s][info][gc,phases,start] GC(65) Phase 1: Mark live objects
[134.717s][info][gc,phases      ] GC(65) Phase 1: Mark live objects 2.714ms
[134.717s][info][gc,phases,start] GC(65) Phase 2: Prepare compaction
[134.718s][info][gc,phases      ] GC(65) Phase 2: Prepare compaction 0.656ms
[134.718s][info][gc,phases,start] GC(65) Phase 3: Adjust pointers
[134.720s][info][gc,phases      ] GC(65) Phase 3: Adjust pointers 1.986ms
[134.720s][info][gc,phases,start] GC(65) Phase 4: Compact heap
[134.721s][info][gc,phases      ] GC(65) Phase 4: Compact heap 0.505ms
[134.721s][info][gc,phases,start] GC(65) Phase 5: Reset Metadata
[134.722s][info][gc,phases      ] GC(65) Phase 5: Reset Metadata 1.289ms
[134.732s][info][gc,heap        ] GC(65) Eden regions: 85->0(102)
[134.732s][info][gc,heap        ] GC(65) Survivor regions: 0->0(13)
[134.732s][info][gc,heap        ] GC(65) Old regions: 7->7
[134.732s][info][gc,heap        ] GC(65) Humongous regions: 0->0
[134.732s][info][gc,metaspace   ] GC(65) Metaspace: 14943K(15232K)->14943K(15232K) NonClass: 12976K(13120K)->12976K(13120K) Class: 1966K(2112K)->1966K(2112K)
[134.732s][info][gc             ] GC(65) Pause Full (System.gc()) 173M->4M(4096M) 17.516ms
[134.732s][info][gc,cpu         ] GC(65) User=0.00s Sys=0.00s Real=0.02s
[137.385s][info][gc,start       ] GC(66) Pause Full (System.gc())
[137.385s][info][gc,task        ] GC(66) Using 6 workers of 6 for full compaction
[137.385s][info][gc,phases,start] GC(66) Phase 1: Mark live objects
[137.388s][info][gc,phases      ] GC(66) Phase 1: Mark live objects 2.871ms
[137.388s][info][gc,phases,start] GC(66) Phase 2: Prepare compaction
[137.389s][info][gc,phases      ] GC(66) Phase 2: Prepare compaction 0.551ms
[137.389s][info][gc,phases,start] GC(66) Phase 3: Adjust pointers
[137.391s][info][gc,phases      ] GC(66) Phase 3: Adjust pointers 1.904ms
[137.391s][info][gc,phases,start] GC(66) Phase 4: Compact heap
[137.391s][info][gc,phases      ] GC(66) Phase 4: Compact heap 0.438ms
[137.391s][info][gc,phases,start] GC(66) Phase 5: Reset Metadata
[137.392s][info][gc,phases      ] GC(66) Phase 5: Reset Metadata 0.917ms
[137.401s][info][gc,heap        ] GC(66) Eden regions: 85->0(102)
[137.401s][info][gc,heap        ] GC(66) Survivor regions: 0->0(13)
[137.401s][info][gc,heap        ] GC(66) Old regions: 7->7
[137.401s][info][gc,heap        ] GC(66) Humongous regions: 0->0
[137.401s][info][gc,metaspace   ] GC(66) Metaspace: 14946K(15232K)->14946K(15232K) NonClass: 12979K(13120K)->12979K(13120K) Class: 1966K(2112K)->1966K(2112K)
[137.401s][info][gc             ] GC(66) Pause Full (System.gc()) 173M->4M(4096M) 16.315ms
[137.401s][info][gc,cpu         ] GC(66) User=0.02s Sys=0.00s Real=0.02s
[139.585s][info][gc,start       ] GC(67) Pause Full (System.gc())
[139.585s][info][gc,task        ] GC(67) Using 6 workers of 6 for full compaction
[139.586s][info][gc,phases,start] GC(67) Phase 1: Mark live objects
[139.588s][info][gc,phases      ] GC(67) Phase 1: Mark live objects 2.493ms
[139.588s][info][gc,phases,start] GC(67) Phase 2: Prepare compaction
[139.589s][info][gc,phases      ] GC(67) Phase 2: Prepare compaction 0.535ms
[139.589s][info][gc,phases,start] GC(67) Phase 3: Adjust pointers
[139.591s][info][gc,phases      ] GC(67) Phase 3: Adjust pointers 1.804ms
[139.591s][info][gc,phases,start] GC(67) Phase 4: Compact heap
[139.591s][info][gc,phases      ] GC(67) Phase 4: Compact heap 0.519ms
[139.591s][info][gc,phases,start] GC(67) Phase 5: Reset Metadata
[139.592s][info][gc,phases      ] GC(67) Phase 5: Reset Metadata 0.905ms
[139.601s][info][gc,heap        ] GC(67) Eden regions: 85->0(102)
[139.601s][info][gc,heap        ] GC(67) Survivor regions: 0->0(13)
[139.601s][info][gc,heap        ] GC(67) Old regions: 7->7
[139.601s][info][gc,heap        ] GC(67) Humongous regions: 0->0
[139.601s][info][gc,metaspace   ] GC(67) Metaspace: 14946K(15232K)->14946K(15232K) NonClass: 12979K(13120K)->12979K(13120K) Class: 1966K(2112K)->1966K(2112K)
[139.601s][info][gc             ] GC(67) Pause Full (System.gc()) 173M->4M(4096M) 16.043ms
[139.601s][info][gc,cpu         ] GC(67) User=0.02s Sys=0.00s Real=0.02s
[141.754s][info][gc,start       ] GC(68) Pause Full (System.gc())
[141.754s][info][gc,task        ] GC(68) Using 6 workers of 6 for full compaction
[141.754s][info][gc,phases,start] GC(68) Phase 1: Mark live objects
[141.757s][info][gc,phases      ] GC(68) Phase 1: Mark live objects 2.582ms
[141.757s][info][gc,phases,start] GC(68) Phase 2: Prepare compaction
[141.757s][info][gc,phases      ] GC(68) Phase 2: Prepare compaction 0.636ms
[141.757s][info][gc,phases,start] GC(68) Phase 3: Adjust pointers
[141.759s][info][gc,phases      ] GC(68) Phase 3: Adjust pointers 1.875ms
[141.759s][info][gc,phases,start] GC(68) Phase 4: Compact heap
[141.760s][info][gc,phases      ] GC(68) Phase 4: Compact heap 0.430ms
[141.760s][info][gc,phases,start] GC(68) Phase 5: Reset Metadata
[141.761s][info][gc,phases      ] GC(68) Phase 5: Reset Metadata 1.361ms
[141.770s][info][gc,heap        ] GC(68) Eden regions: 85->0(102)
[141.770s][info][gc,heap        ] GC(68) Survivor regions: 0->0(13)
[141.770s][info][gc,heap        ] GC(68) Old regions: 7->7
[141.770s][info][gc,heap        ] GC(68) Humongous regions: 0->0
[141.770s][info][gc,metaspace   ] GC(68) Metaspace: 14946K(15232K)->14946K(15232K) NonClass: 12979K(13120K)->12979K(13120K) Class: 1966K(2112K)->1966K(2112K)
[141.770s][info][gc             ] GC(68) Pause Full (System.gc()) 173M->4M(4096M) 16.613ms
[141.770s][info][gc,cpu         ] GC(68) User=0.00s Sys=0.00s Real=0.03s
[143.916s][info][gc,start       ] GC(69) Pause Full (System.gc())
[143.916s][info][gc,task        ] GC(69) Using 6 workers of 6 for full compaction
[143.916s][info][gc,phases,start] GC(69) Phase 1: Mark live objects
[143.919s][info][gc,phases      ] GC(69) Phase 1: Mark live objects 2.595ms
[143.919s][info][gc,phases,start] GC(69) Phase 2: Prepare compaction
[143.920s][info][gc,phases      ] GC(69) Phase 2: Prepare compaction 0.576ms
[143.920s][info][gc,phases,start] GC(69) Phase 3: Adjust pointers
[143.922s][info][gc,phases      ] GC(69) Phase 3: Adjust pointers 1.913ms
[143.922s][info][gc,phases,start] GC(69) Phase 4: Compact heap
[143.922s][info][gc,phases      ] GC(69) Phase 4: Compact heap 0.418ms
[143.922s][info][gc,phases,start] GC(69) Phase 5: Reset Metadata
[143.923s][info][gc,phases      ] GC(69) Phase 5: Reset Metadata 1.004ms
[143.932s][info][gc,heap        ] GC(69) Eden regions: 85->0(102)
[143.932s][info][gc,heap        ] GC(69) Survivor regions: 0->0(13)
[143.932s][info][gc,heap        ] GC(69) Old regions: 7->7
[143.932s][info][gc,heap        ] GC(69) Humongous regions: 0->0
[143.932s][info][gc,metaspace   ] GC(69) Metaspace: 14946K(15232K)->14946K(15232K) NonClass: 12979K(13120K)->12979K(13120K) Class: 1966K(2112K)->1966K(2112K)
[143.932s][info][gc             ] GC(69) Pause Full (System.gc()) 173M->4M(4096M) 16.045ms
[143.932s][info][gc,cpu         ] GC(69) User=0.02s Sys=0.00s Real=0.02s
[146.083s][info][gc,start       ] GC(70) Pause Full (System.gc())
[146.083s][info][gc,task        ] GC(70) Using 6 workers of 6 for full compaction
[146.084s][info][gc,phases,start] GC(70) Phase 1: Mark live objects
[146.087s][info][gc,phases      ] GC(70) Phase 1: Mark live objects 3.207ms
[146.087s][info][gc,phases,start] GC(70) Phase 2: Prepare compaction
[146.087s][info][gc,phases      ] GC(70) Phase 2: Prepare compaction 0.551ms
[146.087s][info][gc,phases,start] GC(70) Phase 3: Adjust pointers
[146.090s][info][gc,phases      ] GC(70) Phase 3: Adjust pointers 2.178ms
[146.090s][info][gc,phases,start] GC(70) Phase 4: Compact heap
[146.090s][info][gc,phases      ] GC(70) Phase 4: Compact heap 0.486ms
[146.090s][info][gc,phases,start] GC(70) Phase 5: Reset Metadata
[146.091s][info][gc,phases      ] GC(70) Phase 5: Reset Metadata 1.101ms
[146.101s][info][gc,heap        ] GC(70) Eden regions: 85->0(102)
[146.101s][info][gc,heap        ] GC(70) Survivor regions: 0->0(13)
[146.101s][info][gc,heap        ] GC(70) Old regions: 7->7
[146.101s][info][gc,heap        ] GC(70) Humongous regions: 0->0
[146.101s][info][gc,metaspace   ] GC(70) Metaspace: 14946K(15232K)->14946K(15232K) NonClass: 12979K(13120K)->12979K(13120K) Class: 1966K(2112K)->1966K(2112K)
[146.101s][info][gc             ] GC(70) Pause Full (System.gc()) 173M->4M(4096M) 17.495ms
[146.101s][info][gc,cpu         ] GC(70) User=0.02s Sys=0.00s Real=0.03s
[148.273s][info][gc,start       ] GC(71) Pause Full (System.gc())
[148.273s][info][gc,task        ] GC(71) Using 6 workers of 6 for full compaction
[148.273s][info][gc,phases,start] GC(71) Phase 1: Mark live objects
[148.276s][info][gc,phases      ] GC(71) Phase 1: Mark live objects 2.849ms
[148.276s][info][gc,phases,start] GC(71) Phase 2: Prepare compaction
[148.277s][info][gc,phases      ] GC(71) Phase 2: Prepare compaction 0.493ms
[148.277s][info][gc,phases,start] GC(71) Phase 3: Adjust pointers
[148.279s][info][gc,phases      ] GC(71) Phase 3: Adjust pointers 1.970ms
[148.279s][info][gc,phases,start] GC(71) Phase 4: Compact heap
[148.279s][info][gc,phases      ] GC(71) Phase 4: Compact heap 0.569ms
[148.279s][info][gc,phases,start] GC(71) Phase 5: Reset Metadata
[148.280s][info][gc,phases      ] GC(71) Phase 5: Reset Metadata 0.997ms
[148.290s][info][gc,heap        ] GC(71) Eden regions: 85->0(102)
[148.290s][info][gc,heap        ] GC(71) Survivor regions: 0->0(13)
[148.290s][info][gc,heap        ] GC(71) Old regions: 7->7
[148.290s][info][gc,heap        ] GC(71) Humongous regions: 0->0
[148.290s][info][gc,metaspace   ] GC(71) Metaspace: 14946K(15232K)->14946K(15232K) NonClass: 12979K(13120K)->12979K(13120K) Class: 1966K(2112K)->1966K(2112K)
[148.290s][info][gc             ] GC(71) Pause Full (System.gc()) 173M->4M(4096M) 16.820ms
[148.290s][info][gc,cpu         ] GC(71) User=0.02s Sys=0.00s Real=0.02s
[150.465s][info][gc,start       ] GC(72) Pause Full (System.gc())
[150.465s][info][gc,task        ] GC(72) Using 6 workers of 6 for full compaction
[150.465s][info][gc,phases,start] GC(72) Phase 1: Mark live objects
[150.468s][info][gc,phases      ] GC(72) Phase 1: Mark live objects 2.340ms
[150.468s][info][gc,phases,start] GC(72) Phase 2: Prepare compaction
[150.468s][info][gc,phases      ] GC(72) Phase 2: Prepare compaction 0.587ms
[150.468s][info][gc,phases,start] GC(72) Phase 3: Adjust pointers
[150.470s][info][gc,phases      ] GC(72) Phase 3: Adjust pointers 1.977ms
[150.470s][info][gc,phases,start] GC(72) Phase 4: Compact heap
[150.471s][info][gc,phases      ] GC(72) Phase 4: Compact heap 0.404ms
[150.471s][info][gc,phases,start] GC(72) Phase 5: Reset Metadata
[150.472s][info][gc,phases      ] GC(72) Phase 5: Reset Metadata 0.947ms
[150.481s][info][gc,heap        ] GC(72) Eden regions: 85->0(102)
[150.481s][info][gc,heap        ] GC(72) Survivor regions: 0->0(13)
[150.481s][info][gc,heap        ] GC(72) Old regions: 7->7
[150.481s][info][gc,heap        ] GC(72) Humongous regions: 0->0
[150.481s][info][gc,metaspace   ] GC(72) Metaspace: 14946K(15232K)->14946K(15232K) NonClass: 12979K(13120K)->12979K(13120K) Class: 1966K(2112K)->1966K(2112K)
[150.481s][info][gc             ] GC(72) Pause Full (System.gc()) 173M->4M(4096M) 16.224ms
[150.481s][info][gc,cpu         ] GC(72) User=0.02s Sys=0.00s Real=0.01s
[152.749s][info][gc,start       ] GC(73) Pause Full (System.gc())
[152.749s][info][gc,task        ] GC(73) Using 6 workers of 6 for full compaction
[152.749s][info][gc,phases,start] GC(73) Phase 1: Mark live objects
[152.752s][info][gc,phases      ] GC(73) Phase 1: Mark live objects 2.665ms
[152.752s][info][gc,phases,start] GC(73) Phase 2: Prepare compaction
[152.753s][info][gc,phases      ] GC(73) Phase 2: Prepare compaction 0.550ms
[152.753s][info][gc,phases,start] GC(73) Phase 3: Adjust pointers
[152.754s][info][gc,phases      ] GC(73) Phase 3: Adjust pointers 1.806ms
[152.755s][info][gc,phases,start] GC(73) Phase 4: Compact heap
[152.755s][info][gc,phases      ] GC(73) Phase 4: Compact heap 0.435ms
[152.755s][info][gc,phases,start] GC(73) Phase 5: Reset Metadata
[152.756s][info][gc,phases      ] GC(73) Phase 5: Reset Metadata 1.220ms
[152.766s][info][gc,heap        ] GC(73) Eden regions: 85->0(102)
[152.766s][info][gc,heap        ] GC(73) Survivor regions: 0->0(13)
[152.766s][info][gc,heap        ] GC(73) Old regions: 7->7
[152.766s][info][gc,heap        ] GC(73) Humongous regions: 0->0
[152.766s][info][gc,metaspace   ] GC(73) Metaspace: 14946K(15232K)->14946K(15232K) NonClass: 12979K(13120K)->12979K(13120K) Class: 1966K(2112K)->1966K(2112K)
[152.766s][info][gc             ] GC(73) Pause Full (System.gc()) 173M->4M(4096M) 16.980ms
[152.766s][info][gc,cpu         ] GC(73) User=0.02s Sys=0.00s Real=0.02s
[154.975s][info][gc,start       ] GC(74) Pause Full (System.gc())
[154.975s][info][gc,task        ] GC(74) Using 6 workers of 6 for full compaction
[154.975s][info][gc,phases,start] GC(74) Phase 1: Mark live objects
[154.978s][info][gc,phases      ] GC(74) Phase 1: Mark live objects 2.507ms
[154.978s][info][gc,phases,start] GC(74) Phase 2: Prepare compaction
[154.978s][info][gc,phases      ] GC(74) Phase 2: Prepare compaction 0.588ms
[154.978s][info][gc,phases,start] GC(74) Phase 3: Adjust pointers
[154.980s][info][gc,phases      ] GC(74) Phase 3: Adjust pointers 2.093ms
[154.980s][info][gc,phases,start] GC(74) Phase 4: Compact heap
[154.981s][info][gc,phases      ] GC(74) Phase 4: Compact heap 0.435ms
[154.981s][info][gc,phases,start] GC(74) Phase 5: Reset Metadata
[154.982s][info][gc,phases      ] GC(74) Phase 5: Reset Metadata 1.271ms
[154.992s][info][gc,heap        ] GC(74) Eden regions: 85->0(102)
[154.992s][info][gc,heap        ] GC(74) Survivor regions: 0->0(13)
[154.992s][info][gc,heap        ] GC(74) Old regions: 7->7
[154.992s][info][gc,heap        ] GC(74) Humongous regions: 0->0
[154.992s][info][gc,metaspace   ] GC(74) Metaspace: 14946K(15232K)->14946K(15232K) NonClass: 12979K(13120K)->12979K(13120K) Class: 1966K(2112K)->1966K(2112K)
[154.992s][info][gc             ] GC(74) Pause Full (System.gc()) 173M->4M(4096M) 17.006ms
[154.992s][info][gc,cpu         ] GC(74) User=0.02s Sys=0.00s Real=0.02s
[157.199s][info][gc,start       ] GC(75) Pause Full (System.gc())
[157.199s][info][gc,task        ] GC(75) Using 6 workers of 6 for full compaction
[157.199s][info][gc,phases,start] GC(75) Phase 1: Mark live objects
[157.202s][info][gc,phases      ] GC(75) Phase 1: Mark live objects 2.501ms
[157.202s][info][gc,phases,start] GC(75) Phase 2: Prepare compaction
[157.202s][info][gc,phases      ] GC(75) Phase 2: Prepare compaction 0.620ms
[157.202s][info][gc,phases,start] GC(75) Phase 3: Adjust pointers
[157.204s][info][gc,phases      ] GC(75) Phase 3: Adjust pointers 1.876ms
[157.204s][info][gc,phases,start] GC(75) Phase 4: Compact heap
[157.205s][info][gc,phases      ] GC(75) Phase 4: Compact heap 0.477ms
[157.205s][info][gc,phases,start] GC(75) Phase 5: Reset Metadata
[157.206s][info][gc,phases      ] GC(75) Phase 5: Reset Metadata 1.271ms
[157.215s][info][gc,heap        ] GC(75) Eden regions: 85->0(102)
[157.215s][info][gc,heap        ] GC(75) Survivor regions: 0->0(13)
[157.215s][info][gc,heap        ] GC(75) Old regions: 7->7
[157.215s][info][gc,heap        ] GC(75) Humongous regions: 0->0
[157.215s][info][gc,metaspace   ] GC(75) Metaspace: 14946K(15232K)->14946K(15232K) NonClass: 12979K(13120K)->12979K(13120K) Class: 1966K(2112K)->1966K(2112K)
[157.215s][info][gc             ] GC(75) Pause Full (System.gc()) 173M->4M(4096M) 16.493ms
[157.215s][info][gc,cpu         ] GC(75) User=0.02s Sys=0.00s Real=0.02s
[159.394s][info][gc,start       ] GC(76) Pause Full (System.gc())
[159.394s][info][gc,task        ] GC(76) Using 6 workers of 6 for full compaction
[159.394s][info][gc,phases,start] GC(76) Phase 1: Mark live objects
[159.396s][info][gc,phases      ] GC(76) Phase 1: Mark live objects 2.347ms
[159.396s][info][gc,phases,start] GC(76) Phase 2: Prepare compaction
[159.397s][info][gc,phases      ] GC(76) Phase 2: Prepare compaction 0.566ms
[159.397s][info][gc,phases,start] GC(76) Phase 3: Adjust pointers
[159.399s][info][gc,phases      ] GC(76) Phase 3: Adjust pointers 1.901ms
[159.399s][info][gc,phases,start] GC(76) Phase 4: Compact heap
[159.399s][info][gc,phases      ] GC(76) Phase 4: Compact heap 0.400ms
[159.399s][info][gc,phases,start] GC(76) Phase 5: Reset Metadata
[159.401s][info][gc,phases      ] GC(76) Phase 5: Reset Metadata 1.203ms
[159.411s][info][gc,heap        ] GC(76) Eden regions: 85->0(102)
[159.411s][info][gc,heap        ] GC(76) Survivor regions: 0->0(13)
[159.411s][info][gc,heap        ] GC(76) Old regions: 7->7
[159.411s][info][gc,heap        ] GC(76) Humongous regions: 0->0
[159.411s][info][gc,metaspace   ] GC(76) Metaspace: 14946K(15232K)->14946K(15232K) NonClass: 12979K(13120K)->12979K(13120K) Class: 1966K(2112K)->1966K(2112K)
[159.411s][info][gc             ] GC(76) Pause Full (System.gc()) 174M->4M(4096M) 17.089ms
[159.411s][info][gc,cpu         ] GC(76) User=0.00s Sys=0.00s Real=0.02s
[161.549s][info][gc,start       ] GC(77) Pause Full (System.gc())
[161.549s][info][gc,task        ] GC(77) Using 6 workers of 6 for full compaction
[161.550s][info][gc,phases,start] GC(77) Phase 1: Mark live objects
[161.552s][info][gc,phases      ] GC(77) Phase 1: Mark live objects 2.560ms
[161.552s][info][gc,phases,start] GC(77) Phase 2: Prepare compaction
[161.553s][info][gc,phases      ] GC(77) Phase 2: Prepare compaction 0.583ms
[161.553s][info][gc,phases,start] GC(77) Phase 3: Adjust pointers
[161.555s][info][gc,phases      ] GC(77) Phase 3: Adjust pointers 1.908ms
[161.555s][info][gc,phases,start] GC(77) Phase 4: Compact heap
[161.555s][info][gc,phases      ] GC(77) Phase 4: Compact heap 0.415ms
[161.555s][info][gc,phases,start] GC(77) Phase 5: Reset Metadata
[161.557s][info][gc,phases      ] GC(77) Phase 5: Reset Metadata 1.294ms
[161.565s][info][gc,heap        ] GC(77) Eden regions: 85->0(102)
[161.565s][info][gc,heap        ] GC(77) Survivor regions: 0->0(13)
[161.565s][info][gc,heap        ] GC(77) Old regions: 7->7
[161.565s][info][gc,heap        ] GC(77) Humongous regions: 0->0
[161.565s][info][gc,metaspace   ] GC(77) Metaspace: 14946K(15232K)->14946K(15232K) NonClass: 12979K(13120K)->12979K(13120K) Class: 1966K(2112K)->1966K(2112K)
[161.565s][info][gc             ] GC(77) Pause Full (System.gc()) 173M->4M(4096M) 16.140ms
[161.565s][info][gc,cpu         ] GC(77) User=0.05s Sys=0.00s Real=0.02s
[163.701s][info][gc,start       ] GC(78) Pause Full (System.gc())
[163.701s][info][gc,task        ] GC(78) Using 6 workers of 6 for full compaction
[163.701s][info][gc,phases,start] GC(78) Phase 1: Mark live objects
[163.704s][info][gc,phases      ] GC(78) Phase 1: Mark live objects 2.700ms
[163.704s][info][gc,phases,start] GC(78) Phase 2: Prepare compaction
[163.705s][info][gc,phases      ] GC(78) Phase 2: Prepare compaction 0.580ms
[163.705s][info][gc,phases,start] GC(78) Phase 3: Adjust pointers
[163.706s][info][gc,phases      ] GC(78) Phase 3: Adjust pointers 1.855ms
[163.707s][info][gc,phases,start] GC(78) Phase 4: Compact heap
[163.707s][info][gc,phases      ] GC(78) Phase 4: Compact heap 0.380ms
[163.707s][info][gc,phases,start] GC(78) Phase 5: Reset Metadata
[163.708s][info][gc,phases      ] GC(78) Phase 5: Reset Metadata 1.013ms
[163.717s][info][gc,heap        ] GC(78) Eden regions: 85->0(102)
[163.717s][info][gc,heap        ] GC(78) Survivor regions: 0->0(13)
[163.717s][info][gc,heap        ] GC(78) Old regions: 7->7
[163.717s][info][gc,heap        ] GC(78) Humongous regions: 0->0
[163.717s][info][gc,metaspace   ] GC(78) Metaspace: 14946K(15232K)->14946K(15232K) NonClass: 12979K(13120K)->12979K(13120K) Class: 1966K(2112K)->1966K(2112K)
[163.717s][info][gc             ] GC(78) Pause Full (System.gc()) 173M->4M(4096M) 16.393ms
[163.717s][info][gc,cpu         ] GC(78) User=0.02s Sys=0.00s Real=0.02s
[165.869s][info][gc,start       ] GC(79) Pause Full (System.gc())
[165.869s][info][gc,task        ] GC(79) Using 6 workers of 6 for full compaction
[165.869s][info][gc,phases,start] GC(79) Phase 1: Mark live objects
[165.871s][info][gc,phases      ] GC(79) Phase 1: Mark live objects 2.450ms
[165.872s][info][gc,phases,start] GC(79) Phase 2: Prepare compaction
[165.872s][info][gc,phases      ] GC(79) Phase 2: Prepare compaction 0.545ms
[165.872s][info][gc,phases,start] GC(79) Phase 3: Adjust pointers
[165.874s][info][gc,phases      ] GC(79) Phase 3: Adjust pointers 1.922ms
[165.874s][info][gc,phases,start] GC(79) Phase 4: Compact heap
[165.874s][info][gc,phases      ] GC(79) Phase 4: Compact heap 0.389ms
[165.875s][info][gc,phases,start] GC(79) Phase 5: Reset Metadata
[165.876s][info][gc,phases      ] GC(79) Phase 5: Reset Metadata 1.208ms
[165.885s][info][gc,heap        ] GC(79) Eden regions: 85->0(102)
[165.885s][info][gc,heap        ] GC(79) Survivor regions: 0->0(13)
[165.885s][info][gc,heap        ] GC(79) Old regions: 7->7
[165.885s][info][gc,heap        ] GC(79) Humongous regions: 0->0
[165.885s][info][gc,metaspace   ] GC(79) Metaspace: 14946K(15232K)->14946K(15232K) NonClass: 12979K(13120K)->12979K(13120K) Class: 1966K(2112K)->1966K(2112K)
[165.885s][info][gc             ] GC(79) Pause Full (System.gc()) 174M->4M(4096M) 16.471ms
[165.885s][info][gc,cpu         ] GC(79) User=0.02s Sys=0.00s Real=0.01s
[168.057s][info][gc,start       ] GC(80) Pause Full (System.gc())
[168.057s][info][gc,task        ] GC(80) Using 6 workers of 6 for full compaction
[168.057s][info][gc,phases,start] GC(80) Phase 1: Mark live objects
[168.060s][info][gc,phases      ] GC(80) Phase 1: Mark live objects 2.656ms
[168.060s][info][gc,phases,start] GC(80) Phase 2: Prepare compaction
[168.061s][info][gc,phases      ] GC(80) Phase 2: Prepare compaction 0.646ms
[168.061s][info][gc,phases,start] GC(80) Phase 3: Adjust pointers
[168.063s][info][gc,phases      ] GC(80) Phase 3: Adjust pointers 1.992ms
[168.063s][info][gc,phases,start] GC(80) Phase 4: Compact heap
[168.063s][info][gc,phases      ] GC(80) Phase 4: Compact heap 0.459ms
[168.063s][info][gc,phases,start] GC(80) Phase 5: Reset Metadata
[168.065s][info][gc,phases      ] GC(80) Phase 5: Reset Metadata 1.334ms
[168.074s][info][gc,heap        ] GC(80) Eden regions: 85->0(102)
[168.074s][info][gc,heap        ] GC(80) Survivor regions: 0->0(13)
[168.074s][info][gc,heap        ] GC(80) Old regions: 7->7
[168.074s][info][gc,heap        ] GC(80) Humongous regions: 0->0
[168.074s][info][gc,metaspace   ] GC(80) Metaspace: 14947K(15232K)->14947K(15232K) NonClass: 12980K(13120K)->12980K(13120K) Class: 1966K(2112K)->1966K(2112K)
[168.074s][info][gc             ] GC(80) Pause Full (System.gc()) 174M->4M(4096M) 17.107ms
[168.074s][info][gc,cpu         ] GC(80) User=0.03s Sys=0.00s Real=0.02s
[170.222s][info][gc,start       ] GC(81) Pause Full (System.gc())
[170.222s][info][gc,task        ] GC(81) Using 6 workers of 6 for full compaction
[170.223s][info][gc,phases,start] GC(81) Phase 1: Mark live objects
[170.225s][info][gc,phases      ] GC(81) Phase 1: Mark live objects 2.845ms
[170.225s][info][gc,phases,start] GC(81) Phase 2: Prepare compaction
[170.229s][info][gc,phases      ] GC(81) Phase 2: Prepare compaction 3.011ms
[170.229s][info][gc,phases,start] GC(81) Phase 3: Adjust pointers
[170.230s][info][gc,phases      ] GC(81) Phase 3: Adjust pointers 1.899ms
[170.231s][info][gc,phases,start] GC(81) Phase 4: Compact heap
[170.231s][info][gc,phases      ] GC(81) Phase 4: Compact heap 0.418ms
[170.231s][info][gc,phases,start] GC(81) Phase 5: Reset Metadata
[170.232s][info][gc,phases      ] GC(81) Phase 5: Reset Metadata 1.116ms
[170.241s][info][gc,heap        ] GC(81) Eden regions: 85->0(102)
[170.241s][info][gc,heap        ] GC(81) Survivor regions: 0->0(13)
[170.241s][info][gc,heap        ] GC(81) Old regions: 7->7
[170.241s][info][gc,heap        ] GC(81) Humongous regions: 0->0
[170.241s][info][gc,metaspace   ] GC(81) Metaspace: 14947K(15232K)->14947K(15232K) NonClass: 12980K(13120K)->12980K(13120K) Class: 1966K(2112K)->1966K(2112K)
[170.241s][info][gc             ] GC(81) Pause Full (System.gc()) 174M->4M(4096M) 18.755ms
[170.241s][info][gc,cpu         ] GC(81) User=0.02s Sys=0.00s Real=0.01s
[172.395s][info][gc,start       ] GC(82) Pause Full (System.gc())
[172.395s][info][gc,task        ] GC(82) Using 6 workers of 6 for full compaction
[172.395s][info][gc,phases,start] GC(82) Phase 1: Mark live objects
[172.398s][info][gc,phases      ] GC(82) Phase 1: Mark live objects 2.718ms
[172.398s][info][gc,phases,start] GC(82) Phase 2: Prepare compaction
[172.399s][info][gc,phases      ] GC(82) Phase 2: Prepare compaction 0.502ms
[172.399s][info][gc,phases,start] GC(82) Phase 3: Adjust pointers
[172.401s][info][gc,phases      ] GC(82) Phase 3: Adjust pointers 1.808ms
[172.401s][info][gc,phases,start] GC(82) Phase 4: Compact heap
[172.401s][info][gc,phases      ] GC(82) Phase 4: Compact heap 0.403ms
[172.401s][info][gc,phases,start] GC(82) Phase 5: Reset Metadata
[172.403s][info][gc,phases      ] GC(82) Phase 5: Reset Metadata 1.432ms
[172.412s][info][gc,heap        ] GC(82) Eden regions: 85->0(102)
[172.412s][info][gc,heap        ] GC(82) Survivor regions: 0->0(13)
[172.412s][info][gc,heap        ] GC(82) Old regions: 7->7
[172.412s][info][gc,heap        ] GC(82) Humongous regions: 0->0
[172.412s][info][gc,metaspace   ] GC(82) Metaspace: 14947K(15232K)->14947K(15232K) NonClass: 12980K(13120K)->12980K(13120K) Class: 1966K(2112K)->1966K(2112K)
[172.412s][info][gc             ] GC(82) Pause Full (System.gc()) 174M->4M(4096M) 17.178ms
[172.412s][info][gc,cpu         ] GC(82) User=0.02s Sys=0.00s Real=0.02s
[174.550s][info][gc,start       ] GC(83) Pause Full (System.gc())
[174.550s][info][gc,task        ] GC(83) Using 6 workers of 6 for full compaction
[174.550s][info][gc,phases,start] GC(83) Phase 1: Mark live objects
[174.553s][info][gc,phases      ] GC(83) Phase 1: Mark live objects 2.609ms
[174.553s][info][gc,phases,start] GC(83) Phase 2: Prepare compaction
[174.553s][info][gc,phases      ] GC(83) Phase 2: Prepare compaction 0.509ms
[174.553s][info][gc,phases,start] GC(83) Phase 3: Adjust pointers
[174.555s][info][gc,phases      ] GC(83) Phase 3: Adjust pointers 1.790ms
[174.555s][info][gc,phases,start] GC(83) Phase 4: Compact heap
[174.556s][info][gc,phases      ] GC(83) Phase 4: Compact heap 0.390ms
[174.556s][info][gc,phases,start] GC(83) Phase 5: Reset Metadata
[174.557s][info][gc,phases      ] GC(83) Phase 5: Reset Metadata 1.274ms
[174.566s][info][gc,heap        ] GC(83) Eden regions: 85->0(102)
[174.566s][info][gc,heap        ] GC(83) Survivor regions: 0->0(13)
[174.566s][info][gc,heap        ] GC(83) Old regions: 7->7
[174.566s][info][gc,heap        ] GC(83) Humongous regions: 0->0
[174.566s][info][gc,metaspace   ] GC(83) Metaspace: 14947K(15232K)->14947K(15232K) NonClass: 12980K(13120K)->12980K(13120K) Class: 1966K(2112K)->1966K(2112K)
[174.566s][info][gc             ] GC(83) Pause Full (System.gc()) 174M->4M(4096M) 16.481ms
[174.566s][info][gc,cpu         ] GC(83) User=0.02s Sys=0.00s Real=0.02s
[176.715s][info][gc,start       ] GC(84) Pause Full (System.gc())
[176.715s][info][gc,task        ] GC(84) Using 6 workers of 6 for full compaction
[176.716s][info][gc,phases,start] GC(84) Phase 1: Mark live objects
[176.718s][info][gc,phases      ] GC(84) Phase 1: Mark live objects 2.321ms
[176.718s][info][gc,phases,start] GC(84) Phase 2: Prepare compaction
[176.719s][info][gc,phases      ] GC(84) Phase 2: Prepare compaction 0.511ms
[176.719s][info][gc,phases,start] GC(84) Phase 3: Adjust pointers
[176.720s][info][gc,phases      ] GC(84) Phase 3: Adjust pointers 1.781ms
[176.721s][info][gc,phases,start] GC(84) Phase 4: Compact heap
[176.721s][info][gc,phases      ] GC(84) Phase 4: Compact heap 0.531ms
[176.721s][info][gc,phases,start] GC(84) Phase 5: Reset Metadata
[176.723s][info][gc,phases      ] GC(84) Phase 5: Reset Metadata 1.546ms
[176.733s][info][gc,heap        ] GC(84) Eden regions: 85->0(102)
[176.733s][info][gc,heap        ] GC(84) Survivor regions: 0->0(13)
[176.733s][info][gc,heap        ] GC(84) Old regions: 7->7
[176.733s][info][gc,heap        ] GC(84) Humongous regions: 0->0
[176.733s][info][gc,metaspace   ] GC(84) Metaspace: 14947K(15232K)->14947K(15232K) NonClass: 12980K(13120K)->12980K(13120K) Class: 1966K(2112K)->1966K(2112K)
[176.733s][info][gc             ] GC(84) Pause Full (System.gc()) 174M->4M(4096M) 17.743ms
[176.733s][info][gc,cpu         ] GC(84) User=0.02s Sys=0.00s Real=0.02s
[178.883s][info][gc,start       ] GC(85) Pause Full (System.gc())
[178.883s][info][gc,task        ] GC(85) Using 6 workers of 6 for full compaction
[178.884s][info][gc,phases,start] GC(85) Phase 1: Mark live objects
[178.886s][info][gc,phases      ] GC(85) Phase 1: Mark live objects 2.585ms
[178.886s][info][gc,phases,start] GC(85) Phase 2: Prepare compaction
[178.887s][info][gc,phases      ] GC(85) Phase 2: Prepare compaction 0.842ms
[178.887s][info][gc,phases,start] GC(85) Phase 3: Adjust pointers
[178.889s][info][gc,phases      ] GC(85) Phase 3: Adjust pointers 2.014ms
[178.889s][info][gc,phases,start] GC(85) Phase 4: Compact heap
[178.890s][info][gc,phases      ] GC(85) Phase 4: Compact heap 0.398ms
[178.890s][info][gc,phases,start] GC(85) Phase 5: Reset Metadata
[178.891s][info][gc,phases      ] GC(85) Phase 5: Reset Metadata 0.928ms
[178.900s][info][gc,heap        ] GC(85) Eden regions: 85->0(102)
[178.900s][info][gc,heap        ] GC(85) Survivor regions: 0->0(13)
[178.900s][info][gc,heap        ] GC(85) Old regions: 7->7
[178.900s][info][gc,heap        ] GC(85) Humongous regions: 0->0
[178.900s][info][gc,metaspace   ] GC(85) Metaspace: 14947K(15232K)->14947K(15232K) NonClass: 12980K(13120K)->12980K(13120K) Class: 1966K(2112K)->1966K(2112K)
[178.900s][info][gc             ] GC(85) Pause Full (System.gc()) 174M->4M(4096M) 16.535ms
[178.900s][info][gc,cpu         ] GC(85) User=0.02s Sys=0.00s Real=0.02s
[181.047s][info][gc,start       ] GC(86) Pause Full (System.gc())
[181.047s][info][gc,task        ] GC(86) Using 6 workers of 6 for full compaction
[181.048s][info][gc,phases,start] GC(86) Phase 1: Mark live objects
[181.050s][info][gc,phases      ] GC(86) Phase 1: Mark live objects 2.526ms
[181.050s][info][gc,phases,start] GC(86) Phase 2: Prepare compaction
[181.051s][info][gc,phases      ] GC(86) Phase 2: Prepare compaction 0.593ms
[181.051s][info][gc,phases,start] GC(86) Phase 3: Adjust pointers
[181.053s][info][gc,phases      ] GC(86) Phase 3: Adjust pointers 1.950ms
[181.053s][info][gc,phases,start] GC(86) Phase 4: Compact heap
[181.053s][info][gc,phases      ] GC(86) Phase 4: Compact heap 0.409ms
[181.053s][info][gc,phases,start] GC(86) Phase 5: Reset Metadata
[181.054s][info][gc,phases      ] GC(86) Phase 5: Reset Metadata 0.952ms
[181.063s][info][gc,heap        ] GC(86) Eden regions: 85->0(102)
[181.063s][info][gc,heap        ] GC(86) Survivor regions: 0->0(13)
[181.063s][info][gc,heap        ] GC(86) Old regions: 7->7
[181.063s][info][gc,heap        ] GC(86) Humongous regions: 0->0
[181.063s][info][gc,metaspace   ] GC(86) Metaspace: 14948K(15232K)->14948K(15232K) NonClass: 12981K(13120K)->12981K(13120K) Class: 1966K(2112K)->1966K(2112K)
[181.063s][info][gc             ] GC(86) Pause Full (System.gc()) 174M->4M(4096M) 15.792ms
[181.063s][info][gc,cpu         ] GC(86) User=0.00s Sys=0.00s Real=0.02s
[183.198s][info][gc,start       ] GC(87) Pause Full (System.gc())
[183.198s][info][gc,task        ] GC(87) Using 6 workers of 6 for full compaction
[183.198s][info][gc,phases,start] GC(87) Phase 1: Mark live objects
[183.201s][info][gc,phases      ] GC(87) Phase 1: Mark live objects 2.484ms
[183.201s][info][gc,phases,start] GC(87) Phase 2: Prepare compaction
[183.201s][info][gc,phases      ] GC(87) Phase 2: Prepare compaction 0.545ms
[183.201s][info][gc,phases,start] GC(87) Phase 3: Adjust pointers
[183.203s][info][gc,phases      ] GC(87) Phase 3: Adjust pointers 1.849ms
[183.203s][info][gc,phases,start] GC(87) Phase 4: Compact heap
[183.203s][info][gc,phases      ] GC(87) Phase 4: Compact heap 0.442ms
[183.204s][info][gc,phases,start] GC(87) Phase 5: Reset Metadata
[183.205s][info][gc,phases      ] GC(87) Phase 5: Reset Metadata 0.964ms
[183.213s][info][gc,heap        ] GC(87) Eden regions: 85->0(102)
[183.213s][info][gc,heap        ] GC(87) Survivor regions: 0->0(13)
[183.213s][info][gc,heap        ] GC(87) Old regions: 7->7
[183.213s][info][gc,heap        ] GC(87) Humongous regions: 0->0
[183.213s][info][gc,metaspace   ] GC(87) Metaspace: 14949K(15296K)->14949K(15296K) NonClass: 12982K(13184K)->12982K(13184K) Class: 1966K(2112K)->1966K(2112K)
[183.213s][info][gc             ] GC(87) Pause Full (System.gc()) 173M->4M(4096M) 15.721ms
[183.213s][info][gc,cpu         ] GC(87) User=0.00s Sys=0.00s Real=0.01s
[185.353s][info][gc,start       ] GC(88) Pause Full (System.gc())
[185.353s][info][gc,task        ] GC(88) Using 6 workers of 6 for full compaction
[185.353s][info][gc,phases,start] GC(88) Phase 1: Mark live objects
[185.356s][info][gc,phases      ] GC(88) Phase 1: Mark live objects 2.787ms
[185.356s][info][gc,phases,start] GC(88) Phase 2: Prepare compaction
[185.356s][info][gc,phases      ] GC(88) Phase 2: Prepare compaction 0.557ms
[185.356s][info][gc,phases,start] GC(88) Phase 3: Adjust pointers
[185.358s][info][gc,phases      ] GC(88) Phase 3: Adjust pointers 1.891ms
[185.358s][info][gc,phases,start] GC(88) Phase 4: Compact heap
[185.359s][info][gc,phases      ] GC(88) Phase 4: Compact heap 0.472ms
[185.359s][info][gc,phases,start] GC(88) Phase 5: Reset Metadata
[185.360s][info][gc,phases      ] GC(88) Phase 5: Reset Metadata 1.342ms
[185.370s][info][gc,heap        ] GC(88) Eden regions: 85->0(102)
[185.370s][info][gc,heap        ] GC(88) Survivor regions: 0->0(13)
[185.370s][info][gc,heap        ] GC(88) Old regions: 7->7
[185.370s][info][gc,heap        ] GC(88) Humongous regions: 0->0
[185.370s][info][gc,metaspace   ] GC(88) Metaspace: 14957K(15296K)->14957K(15296K) NonClass: 12990K(13184K)->12990K(13184K) Class: 1966K(2112K)->1966K(2112K)
[185.370s][info][gc             ] GC(88) Pause Full (System.gc()) 173M->4M(4096M) 17.056ms
[185.370s][info][gc,cpu         ] GC(88) User=0.00s Sys=0.00s Real=0.01s
[187.508s][info][gc,start       ] GC(89) Pause Full (System.gc())
[187.508s][info][gc,task        ] GC(89) Using 6 workers of 6 for full compaction
[187.509s][info][gc,phases,start] GC(89) Phase 1: Mark live objects
[187.511s][info][gc,phases      ] GC(89) Phase 1: Mark live objects 2.252ms
[187.511s][info][gc,phases,start] GC(89) Phase 2: Prepare compaction
[187.511s][info][gc,phases      ] GC(89) Phase 2: Prepare compaction 0.513ms
[187.512s][info][gc,phases,start] GC(89) Phase 3: Adjust pointers
[187.513s][info][gc,phases      ] GC(89) Phase 3: Adjust pointers 1.776ms
[187.513s][info][gc,phases,start] GC(89) Phase 4: Compact heap
[187.514s][info][gc,phases      ] GC(89) Phase 4: Compact heap 0.485ms
[187.514s][info][gc,phases,start] GC(89) Phase 5: Reset Metadata
[187.515s][info][gc,phases      ] GC(89) Phase 5: Reset Metadata 1.290ms
[187.524s][info][gc,heap        ] GC(89) Eden regions: 85->0(102)
[187.524s][info][gc,heap        ] GC(89) Survivor regions: 0->0(13)
[187.524s][info][gc,heap        ] GC(89) Old regions: 7->7
[187.524s][info][gc,heap        ] GC(89) Humongous regions: 0->0
[187.524s][info][gc,metaspace   ] GC(89) Metaspace: 14957K(15296K)->14957K(15296K) NonClass: 12990K(13184K)->12990K(13184K) Class: 1966K(2112K)->1966K(2112K)
[187.525s][info][gc             ] GC(89) Pause Full (System.gc()) 174M->4M(4096M) 16.378ms
[187.525s][info][gc,cpu         ] GC(89) User=0.02s Sys=0.00s Real=0.01s
[189.657s][info][gc,start       ] GC(90) Pause Full (System.gc())
[189.657s][info][gc,task        ] GC(90) Using 6 workers of 6 for full compaction
[189.657s][info][gc,phases,start] GC(90) Phase 1: Mark live objects
[189.660s][info][gc,phases      ] GC(90) Phase 1: Mark live objects 2.706ms
[189.660s][info][gc,phases,start] GC(90) Phase 2: Prepare compaction
[189.661s][info][gc,phases      ] GC(90) Phase 2: Prepare compaction 0.539ms
[189.661s][info][gc,phases,start] GC(90) Phase 3: Adjust pointers
[189.662s][info][gc,phases      ] GC(90) Phase 3: Adjust pointers 1.780ms
[189.662s][info][gc,phases,start] GC(90) Phase 4: Compact heap
[189.663s][info][gc,phases      ] GC(90) Phase 4: Compact heap 0.536ms
[189.663s][info][gc,phases,start] GC(90) Phase 5: Reset Metadata
[189.664s][info][gc,phases      ] GC(90) Phase 5: Reset Metadata 1.279ms
[189.674s][info][gc,heap        ] GC(90) Eden regions: 85->0(102)
[189.674s][info][gc,heap        ] GC(90) Survivor regions: 0->0(13)
[189.674s][info][gc,heap        ] GC(90) Old regions: 7->7
[189.674s][info][gc,heap        ] GC(90) Humongous regions: 0->0
[189.674s][info][gc,metaspace   ] GC(90) Metaspace: 14957K(15296K)->14957K(15296K) NonClass: 12990K(13184K)->12990K(13184K) Class: 1966K(2112K)->1966K(2112K)
[189.674s][info][gc             ] GC(90) Pause Full (System.gc()) 174M->4M(4096M) 16.863ms
[189.674s][info][gc,cpu         ] GC(90) User=0.02s Sys=0.00s Real=0.02s
[191.811s][info][gc,start       ] GC(91) Pause Full (System.gc())
[191.812s][info][gc,task        ] GC(91) Using 6 workers of 6 for full compaction
[191.812s][info][gc,phases,start] GC(91) Phase 1: Mark live objects
[191.814s][info][gc,phases      ] GC(91) Phase 1: Mark live objects 2.501ms
[191.814s][info][gc,phases,start] GC(91) Phase 2: Prepare compaction
[191.815s][info][gc,phases      ] GC(91) Phase 2: Prepare compaction 0.591ms
[191.815s][info][gc,phases,start] GC(91) Phase 3: Adjust pointers
[191.817s][info][gc,phases      ] GC(91) Phase 3: Adjust pointers 1.918ms
[191.817s][info][gc,phases,start] GC(91) Phase 4: Compact heap
[191.817s][info][gc,phases      ] GC(91) Phase 4: Compact heap 0.388ms
[191.817s][info][gc,phases,start] GC(91) Phase 5: Reset Metadata
[191.819s][info][gc,phases      ] GC(91) Phase 5: Reset Metadata 1.254ms
[191.828s][info][gc,heap        ] GC(91) Eden regions: 85->0(102)
[191.828s][info][gc,heap        ] GC(91) Survivor regions: 0->0(13)
[191.828s][info][gc,heap        ] GC(91) Old regions: 7->7
[191.828s][info][gc,heap        ] GC(91) Humongous regions: 0->0
[191.828s][info][gc,metaspace   ] GC(91) Metaspace: 14962K(15296K)->14962K(15296K) NonClass: 12995K(13184K)->12995K(13184K) Class: 1966K(2112K)->1966K(2112K)
[191.828s][info][gc             ] GC(91) Pause Full (System.gc()) 174M->4M(4096M) 16.714ms
[191.828s][info][gc,cpu         ] GC(91) User=0.05s Sys=0.00s Real=0.02s
[193.972s][info][gc,start       ] GC(92) Pause Full (System.gc())
[193.972s][info][gc,task        ] GC(92) Using 6 workers of 6 for full compaction
[193.973s][info][gc,phases,start] GC(92) Phase 1: Mark live objects
[193.975s][info][gc,phases      ] GC(92) Phase 1: Mark live objects 2.699ms
[193.975s][info][gc,phases,start] GC(92) Phase 2: Prepare compaction
[193.976s][info][gc,phases      ] GC(92) Phase 2: Prepare compaction 0.516ms
[193.976s][info][gc,phases,start] GC(92) Phase 3: Adjust pointers
[193.978s][info][gc,phases      ] GC(92) Phase 3: Adjust pointers 2.019ms
[193.978s][info][gc,phases,start] GC(92) Phase 4: Compact heap
[193.978s][info][gc,phases      ] GC(92) Phase 4: Compact heap 0.455ms
[193.978s][info][gc,phases,start] GC(92) Phase 5: Reset Metadata
[193.980s][info][gc,phases      ] GC(92) Phase 5: Reset Metadata 1.117ms
[193.988s][info][gc,heap        ] GC(92) Eden regions: 85->0(102)
[193.988s][info][gc,heap        ] GC(92) Survivor regions: 0->0(13)
[193.988s][info][gc,heap        ] GC(92) Old regions: 7->7
[193.988s][info][gc,heap        ] GC(92) Humongous regions: 0->0
[193.988s][info][gc,metaspace   ] GC(92) Metaspace: 14962K(15296K)->14962K(15296K) NonClass: 12995K(13184K)->12995K(13184K) Class: 1966K(2112K)->1966K(2112K)
[193.988s][info][gc             ] GC(92) Pause Full (System.gc()) 174M->4M(4096M) 16.149ms
[193.988s][info][gc,cpu         ] GC(92) User=0.02s Sys=0.00s Real=0.02s
[196.124s][info][gc,start       ] GC(93) Pause Full (System.gc())
[196.124s][info][gc,task        ] GC(93) Using 6 workers of 6 for full compaction
[196.124s][info][gc,phases,start] GC(93) Phase 1: Mark live objects
[196.127s][info][gc,phases      ] GC(93) Phase 1: Mark live objects 2.742ms
[196.128s][info][gc,phases,start] GC(93) Phase 2: Prepare compaction
[196.129s][info][gc,phases      ] GC(93) Phase 2: Prepare compaction 0.550ms
[196.129s][info][gc,phases,start] GC(93) Phase 3: Adjust pointers
[196.131s][info][gc,phases      ] GC(93) Phase 3: Adjust pointers 1.873ms
[196.131s][info][gc,phases,start] GC(93) Phase 4: Compact heap
[196.131s][info][gc,phases      ] GC(93) Phase 4: Compact heap 0.354ms
[196.131s][info][gc,phases,start] GC(93) Phase 5: Reset Metadata
[196.132s][info][gc,phases      ] GC(93) Phase 5: Reset Metadata 1.002ms
[196.141s][info][gc,heap        ] GC(93) Eden regions: 85->0(102)
[196.141s][info][gc,heap        ] GC(93) Survivor regions: 0->0(13)
[196.141s][info][gc,heap        ] GC(93) Old regions: 7->7
[196.141s][info][gc,heap        ] GC(93) Humongous regions: 0->0
[196.141s][info][gc,metaspace   ] GC(93) Metaspace: 14962K(15296K)->14962K(15296K) NonClass: 12995K(13184K)->12995K(13184K) Class: 1966K(2112K)->1966K(2112K)
[196.141s][info][gc             ] GC(93) Pause Full (System.gc()) 174M->4M(4096M) 16.981ms
[196.141s][info][gc,cpu         ] GC(93) User=0.03s Sys=0.00s Real=0.03s
[198.279s][info][gc,start       ] GC(94) Pause Full (System.gc())
[198.279s][info][gc,task        ] GC(94) Using 6 workers of 6 for full compaction
[198.279s][info][gc,phases,start] GC(94) Phase 1: Mark live objects
[198.282s][info][gc,phases      ] GC(94) Phase 1: Mark live objects 2.696ms
[198.282s][info][gc,phases,start] GC(94) Phase 2: Prepare compaction
[198.282s][info][gc,phases      ] GC(94) Phase 2: Prepare compaction 0.507ms
[198.282s][info][gc,phases,start] GC(94) Phase 3: Adjust pointers
[198.284s][info][gc,phases      ] GC(94) Phase 3: Adjust pointers 1.836ms
[198.284s][info][gc,phases,start] GC(94) Phase 4: Compact heap
[198.285s][info][gc,phases      ] GC(94) Phase 4: Compact heap 0.403ms
[198.285s][info][gc,phases,start] GC(94) Phase 5: Reset Metadata
[198.286s][info][gc,phases      ] GC(94) Phase 5: Reset Metadata 1.246ms
[198.295s][info][gc,heap        ] GC(94) Eden regions: 85->0(102)
[198.295s][info][gc,heap        ] GC(94) Survivor regions: 0->0(13)
[198.296s][info][gc,heap        ] GC(94) Old regions: 7->7
[198.296s][info][gc,heap        ] GC(94) Humongous regions: 0->0
[198.296s][info][gc,metaspace   ] GC(94) Metaspace: 14962K(15296K)->14962K(15296K) NonClass: 12995K(13184K)->12995K(13184K) Class: 1966K(2112K)->1966K(2112K)
[198.296s][info][gc             ] GC(94) Pause Full (System.gc()) 174M->4M(4096M) 16.738ms
[198.296s][info][gc,cpu         ] GC(94) User=0.02s Sys=0.00s Real=0.02s
[200.430s][info][gc,start       ] GC(95) Pause Full (System.gc())
[200.430s][info][gc,task        ] GC(95) Using 6 workers of 6 for full compaction
[200.430s][info][gc,phases,start] GC(95) Phase 1: Mark live objects
[200.432s][info][gc,phases      ] GC(95) Phase 1: Mark live objects 2.380ms
[200.432s][info][gc,phases,start] GC(95) Phase 2: Prepare compaction
[200.433s][info][gc,phases      ] GC(95) Phase 2: Prepare compaction 0.588ms
[200.433s][info][gc,phases,start] GC(95) Phase 3: Adjust pointers
[200.435s][info][gc,phases      ] GC(95) Phase 3: Adjust pointers 1.849ms
[200.435s][info][gc,phases,start] GC(95) Phase 4: Compact heap
[200.436s][info][gc,phases      ] GC(95) Phase 4: Compact heap 0.645ms
[200.436s][info][gc,phases,start] GC(95) Phase 5: Reset Metadata
[200.437s][info][gc,phases      ] GC(95) Phase 5: Reset Metadata 1.361ms
[200.446s][info][gc,heap        ] GC(95) Eden regions: 85->0(102)
[200.446s][info][gc,heap        ] GC(95) Survivor regions: 0->0(13)
[200.446s][info][gc,heap        ] GC(95) Old regions: 7->7
[200.446s][info][gc,heap        ] GC(95) Humongous regions: 0->0
[200.446s][info][gc,metaspace   ] GC(95) Metaspace: 14964K(15296K)->14964K(15296K) NonClass: 12998K(13184K)->12998K(13184K) Class: 1966K(2112K)->1966K(2112K)
[200.446s][info][gc             ] GC(95) Pause Full (System.gc()) 174M->4M(4096M) 16.601ms
[200.446s][info][gc,cpu         ] GC(95) User=0.02s Sys=0.00s Real=0.02s
[202.581s][info][gc,start       ] GC(96) Pause Full (System.gc())
[202.581s][info][gc,task        ] GC(96) Using 6 workers of 6 for full compaction
[202.581s][info][gc,phases,start] GC(96) Phase 1: Mark live objects
[202.583s][info][gc,phases      ] GC(96) Phase 1: Mark live objects 2.288ms
[202.583s][info][gc,phases,start] GC(96) Phase 2: Prepare compaction
[202.584s][info][gc,phases      ] GC(96) Phase 2: Prepare compaction 0.494ms
[202.584s][info][gc,phases,start] GC(96) Phase 3: Adjust pointers
[202.586s][info][gc,phases      ] GC(96) Phase 3: Adjust pointers 1.861ms
[202.586s][info][gc,phases,start] GC(96) Phase 4: Compact heap
[202.587s][info][gc,phases      ] GC(96) Phase 4: Compact heap 0.749ms
[202.587s][info][gc,phases,start] GC(96) Phase 5: Reset Metadata
[202.588s][info][gc,phases      ] GC(96) Phase 5: Reset Metadata 1.345ms
[202.597s][info][gc,heap        ] GC(96) Eden regions: 85->0(102)
[202.597s][info][gc,heap        ] GC(96) Survivor regions: 0->0(13)
[202.597s][info][gc,heap        ] GC(96) Old regions: 7->7
[202.597s][info][gc,heap        ] GC(96) Humongous regions: 0->0
[202.597s][info][gc,metaspace   ] GC(96) Metaspace: 14964K(15296K)->14964K(15296K) NonClass: 12998K(13184K)->12998K(13184K) Class: 1966K(2112K)->1966K(2112K)
[202.597s][info][gc             ] GC(96) Pause Full (System.gc()) 174M->4M(4096M) 16.265ms
[202.597s][info][gc,cpu         ] GC(96) User=0.02s Sys=0.00s Real=0.02s
[204.733s][info][gc,start       ] GC(97) Pause Full (System.gc())
[204.733s][info][gc,task        ] GC(97) Using 6 workers of 6 for full compaction
[204.734s][info][gc,phases,start] GC(97) Phase 1: Mark live objects
[204.736s][info][gc,phases      ] GC(97) Phase 1: Mark live objects 2.394ms
[204.736s][info][gc,phases,start] GC(97) Phase 2: Prepare compaction
[204.737s][info][gc,phases      ] GC(97) Phase 2: Prepare compaction 0.547ms
[204.737s][info][gc,phases,start] GC(97) Phase 3: Adjust pointers
[204.739s][info][gc,phases      ] GC(97) Phase 3: Adjust pointers 2.017ms
[204.739s][info][gc,phases,start] GC(97) Phase 4: Compact heap
[204.739s][info][gc,phases      ] GC(97) Phase 4: Compact heap 0.361ms
[204.739s][info][gc,phases,start] GC(97) Phase 5: Reset Metadata
[204.740s][info][gc,phases      ] GC(97) Phase 5: Reset Metadata 0.931ms
[204.749s][info][gc,heap        ] GC(97) Eden regions: 85->0(102)
[204.749s][info][gc,heap        ] GC(97) Survivor regions: 0->0(13)
[204.749s][info][gc,heap        ] GC(97) Old regions: 7->7
[204.749s][info][gc,heap        ] GC(97) Humongous regions: 0->0
[204.749s][info][gc,metaspace   ] GC(97) Metaspace: 14973K(15296K)->14973K(15296K) NonClass: 13007K(13184K)->13007K(13184K) Class: 1966K(2112K)->1966K(2112K)
[204.749s][info][gc             ] GC(97) Pause Full (System.gc()) 174M->4M(4096M) 16.132ms
[204.749s][info][gc,cpu         ] GC(97) User=0.02s Sys=0.00s Real=0.02s
[206.879s][info][gc,start       ] GC(98) Pause Full (System.gc())
[206.879s][info][gc,task        ] GC(98) Using 6 workers of 6 for full compaction
[206.880s][info][gc,phases,start] GC(98) Phase 1: Mark live objects
[206.883s][info][gc,phases      ] GC(98) Phase 1: Mark live objects 2.794ms
[206.883s][info][gc,phases,start] GC(98) Phase 2: Prepare compaction
[206.883s][info][gc,phases      ] GC(98) Phase 2: Prepare compaction 0.506ms
[206.883s][info][gc,phases,start] GC(98) Phase 3: Adjust pointers
[206.885s][info][gc,phases      ] GC(98) Phase 3: Adjust pointers 1.869ms
[206.885s][info][gc,phases,start] GC(98) Phase 4: Compact heap
[206.886s][info][gc,phases      ] GC(98) Phase 4: Compact heap 1.080ms
[206.886s][info][gc,phases,start] GC(98) Phase 5: Reset Metadata
[206.887s][info][gc,phases      ] GC(98) Phase 5: Reset Metadata 1.172ms
[206.896s][info][gc,heap        ] GC(98) Eden regions: 85->0(102)
[206.896s][info][gc,heap        ] GC(98) Survivor regions: 0->0(13)
[206.896s][info][gc,heap        ] GC(98) Old regions: 7->7
[206.896s][info][gc,heap        ] GC(98) Humongous regions: 0->0
[206.896s][info][gc,metaspace   ] GC(98) Metaspace: 14979K(15296K)->14979K(15296K) NonClass: 13012K(13184K)->13012K(13184K) Class: 1966K(2112K)->1966K(2112K)
[206.896s][info][gc             ] GC(98) Pause Full (System.gc()) 173M->4M(4096M) 17.011ms
[206.896s][info][gc,cpu         ] GC(98) User=0.00s Sys=0.00s Real=0.02s
[209.031s][info][gc,start       ] GC(99) Pause Full (System.gc())
[209.031s][info][gc,task        ] GC(99) Using 6 workers of 6 for full compaction
[209.031s][info][gc,phases,start] GC(99) Phase 1: Mark live objects
[209.034s][info][gc,phases      ] GC(99) Phase 1: Mark live objects 2.845ms
[209.034s][info][gc,phases,start] GC(99) Phase 2: Prepare compaction
[209.035s][info][gc,phases      ] GC(99) Phase 2: Prepare compaction 0.514ms
[209.035s][info][gc,phases,start] GC(99) Phase 3: Adjust pointers
[209.036s][info][gc,phases      ] GC(99) Phase 3: Adjust pointers 1.810ms
[209.036s][info][gc,phases,start] GC(99) Phase 4: Compact heap
[209.037s][info][gc,phases      ] GC(99) Phase 4: Compact heap 0.583ms
[209.037s][info][gc,phases,start] GC(99) Phase 5: Reset Metadata
[209.038s][info][gc,phases      ] GC(99) Phase 5: Reset Metadata 0.931ms
[209.047s][info][gc,heap        ] GC(99) Eden regions: 85->0(102)
[209.047s][info][gc,heap        ] GC(99) Survivor regions: 0->0(13)
[209.047s][info][gc,heap        ] GC(99) Old regions: 7->7
[209.047s][info][gc,heap        ] GC(99) Humongous regions: 0->0
[209.047s][info][gc,metaspace   ] GC(99) Metaspace: 14979K(15296K)->14979K(15296K) NonClass: 13012K(13184K)->13012K(13184K) Class: 1966K(2112K)->1966K(2112K)
[209.047s][info][gc             ] GC(99) Pause Full (System.gc()) 174M->4M(4096M) 16.788ms
[209.047s][info][gc,cpu         ] GC(99) User=0.02s Sys=0.00s Real=0.02s
[211.175s][info][gc,start       ] GC(100) Pause Full (System.gc())
[211.175s][info][gc,task        ] GC(100) Using 6 workers of 6 for full compaction
[211.175s][info][gc,phases,start] GC(100) Phase 1: Mark live objects
[211.178s][info][gc,phases      ] GC(100) Phase 1: Mark live objects 2.701ms
[211.178s][info][gc,phases,start] GC(100) Phase 2: Prepare compaction
[211.178s][info][gc,phases      ] GC(100) Phase 2: Prepare compaction 0.573ms
[211.178s][info][gc,phases,start] GC(100) Phase 3: Adjust pointers
[211.180s][info][gc,phases      ] GC(100) Phase 3: Adjust pointers 1.817ms
[211.180s][info][gc,phases,start] GC(100) Phase 4: Compact heap
[211.181s][info][gc,phases      ] GC(100) Phase 4: Compact heap 0.436ms
[211.181s][info][gc,phases,start] GC(100) Phase 5: Reset Metadata
[211.182s][info][gc,phases      ] GC(100) Phase 5: Reset Metadata 1.359ms
[211.191s][info][gc,heap        ] GC(100) Eden regions: 85->0(102)
[211.191s][info][gc,heap        ] GC(100) Survivor regions: 0->0(13)
[211.191s][info][gc,heap        ] GC(100) Old regions: 7->7
[211.191s][info][gc,heap        ] GC(100) Humongous regions: 0->0
[211.191s][info][gc,metaspace   ] GC(100) Metaspace: 14979K(15296K)->14979K(15296K) NonClass: 13012K(13184K)->13012K(13184K) Class: 1966K(2112K)->1966K(2112K)
[211.191s][info][gc             ] GC(100) Pause Full (System.gc()) 174M->4M(4096M) 16.184ms
[211.191s][info][gc,cpu         ] GC(100) User=0.00s Sys=0.00s Real=0.02s
[213.332s][info][gc,heap,exit   ] Heap
[213.332s][info][gc,heap,exit   ]  garbage-first heap   total 4194304K, used 182241K [0x0000000700000000, 0x0000000800000000)
[213.332s][info][gc,heap,exit   ]   region size 2048K, 87 young (178176K), 0 survivors (0K)
[213.332s][info][gc,heap,exit   ]  Metaspace       used 15052K, committed 15360K, reserved 1114112K
[213.332s][info][gc,heap,exit   ]   class space    used 1976K, committed 2112K, reserved 1048576K
