OpenJDK 64-Bit Server VM (25.422-b05) for windows-amd64 JRE (1.8.0_422-422-b05), built on Jul 18 2024 05:34:18 by "Administrator" with MS VC++ 16.10 / 16.11 (VS2019)
Memory: 4k page, physical 15965620k(11179768k free), swap 19635636k(12724112k free)
CommandLine flags: -XX:InitialHeapSize=629145600 -XX:MaxHeapSize=629145600 -XX:+PrintGC -XX:+PrintGCApplicationConcurrentTime -XX:+PrintGCApplicationStoppedTime -XX:+PrintGCDateStamps -XX:+PrintGCDetails -XX:+PrintGCTimeStamps -XX:+UnlockExperimentalVMOptions -XX:+UseCompressedClassPointers -XX:+UseCompressedOops -XX:-UseLargePagesIndividualAllocation -XX:+UseSerialGC 
2024-10-02T16:52:10.193+0300: 0.061: Application time: 0.0175227 seconds
2024-10-02T16:52:10.193+0300: 0.061: Total time for which application threads were stopped: 0.0001086 seconds, Stopping threads took: 0.0000415 seconds
2024-10-02T16:52:10.193+0300: 0.069: Application time: 0.0081297 seconds
2024-10-02T16:52:10.193+0300: 0.069: Total time for which application threads were stopped: 0.0000739 seconds, Stopping threads took: 0.0000253 seconds
2024-10-02T16:52:10.366+0300: 0.244: Application time: 0.1753476 seconds
2024-10-02T16:52:10.366+0300: 0.245: [Full GC (System.gc()) 2024-10-02T16:52:10.366+0300: 0.245: [Tenured: 0K->3705K(409600K), 0.0116747 secs] 19721K->3705K(593920K), [Metaspace: 7079K->7079K(1056768K)], 0.0118698 secs] [Times: user=0.01 sys=0.00, real=0.02 secs] 
2024-10-02T16:52:10.382+0300: 0.256: Total time for which application threads were stopped: 0.0120364 seconds, Stopping threads took: 0.0000338 seconds
2024-10-02T16:52:10.382+0300: 0.257: Application time: 0.0001547 seconds
2024-10-02T16:52:10.382+0300: 0.257: [Full GC (System.gc()) 2024-10-02T16:52:10.382+0300: 0.257: [Tenured: 3705K->3705K(409600K), 0.0065445 secs] 3705K->3705K(593920K), [Metaspace: 7079K->7079K(1056768K)], 0.0065963 secs] [Times: user=0.02 sys=0.00, real=0.02 secs] 
2024-10-02T16:52:10.397+0300: 0.263: Total time for which application threads were stopped: 0.0066869 seconds, Stopping threads took: 0.0000300 seconds
2024-10-02T16:52:10.429+0300: 0.300: Application time: 0.0363052 seconds
2024-10-02T16:52:10.429+0300: 0.300: [GC (Allocation Failure) 2024-10-02T16:52:10.429+0300: 0.300: [DefNew: 163840K->20480K(184320K), 0.0602027 secs] 167545K->156103K(593920K), 0.0603033 secs] [Times: user=0.00 sys=0.05, real=0.07 secs] 
2024-10-02T16:52:10.496+0300: 0.361: Total time for which application threads were stopped: 0.0609308 seconds, Stopping threads took: 0.0004719 seconds
2024-10-02T16:52:11.511+0300: 1.376: Application time: 1.0150312 seconds
2024-10-02T16:52:11.511+0300: 1.376: Total time for which application threads were stopped: 0.0004734 seconds, Stopping threads took: 0.0004025 seconds
2024-10-02T16:52:14.227+0300: 4.091: Application time: 2.7152793 seconds
2024-10-02T16:52:14.227+0300: 4.092: Total time for which application threads were stopped: 0.0005822 seconds, Stopping threads took: 0.0004442 seconds
2024-10-02T16:52:29.285+0300: 19.149: Application time: 15.0575435 seconds
2024-10-02T16:52:33.827+0300: 23.692: Total time for which application threads were stopped: 4.5423125 seconds, Stopping threads took: 4.5421774 seconds
2024-10-02T16:52:33.827+0300: 23.696: Application time: 0.0041734 seconds
2024-10-02T16:52:33.827+0300: 23.696: Total time for which application threads were stopped: 0.0004464 seconds, Stopping threads took: 0.0004119 seconds
2024-10-02T16:52:33.844+0300: 23.709: Application time: 0.0122337 seconds
2024-10-02T16:52:33.844+0300: 23.709: [GC (Allocation Failure) 2024-10-02T16:52:33.844+0300: 23.709: [DefNew: 184320K->20480K(184320K), 0.0453408 secs] 319943K->256340K(593920K), 0.0454525 secs] [Times: user=0.00 sys=0.03, real=0.05 secs] 
2024-10-02T16:52:33.890+0300: 23.755: Total time for which application threads were stopped: 0.0459488 seconds, Stopping threads took: 0.0003117 seconds
2024-10-02T16:53:41.162+0300: 91.026: Application time: 67.2714946 seconds
2024-10-02T16:53:45.577+0300: 95.442: Total time for which application threads were stopped: 4.4158897 seconds, Stopping threads took: 4.4157825 seconds
2024-10-02T16:54:22.729+0300: 132.594: Application time: 37.1516363 seconds
2024-10-02T16:54:28.188+0300: 138.053: Total time for which application threads were stopped: 5.4593724 seconds, Stopping threads took: 5.4592058 seconds
2024-10-02T16:55:23.399+0300: 193.263: Application time: 55.2099783 seconds
2024-10-02T16:55:28.998+0300: 198.862: Total time for which application threads were stopped: 5.5990729 seconds, Stopping threads took: 5.5989602 seconds
2024-10-02T16:55:30.001+0300: 199.865: Application time: 1.0032829 seconds
2024-10-02T16:55:35.099+0300: 204.963: Total time for which application threads were stopped: 5.0978808 seconds, Stopping threads took: 5.0978020 seconds
2024-10-02T16:56:18.269+0300: 248.134: Application time: 43.1703685 seconds
2024-10-02T16:56:23.713+0300: 253.578: Total time for which application threads were stopped: 5.4442635 seconds, Stopping threads took: 5.4440854 seconds
2024-10-02T16:56:30.743+0300: 260.607: Application time: 7.0294593 seconds
2024-10-02T16:56:35.964+0300: 265.828: Total time for which application threads were stopped: 5.2210303 seconds, Stopping threads took: 5.2209092 seconds
2024-10-02T16:56:35.967+0300: 265.832: Application time: 0.0035287 seconds
2024-10-02T16:56:35.967+0300: 265.832: Total time for which application threads were stopped: 0.0003533 seconds, Stopping threads took: 0.0002854 seconds
2024-10-02T16:56:36.969+0300: 266.834: Application time: 1.0012689 seconds
2024-10-02T16:56:40.598+0300: 270.462: Total time for which application threads were stopped: 3.6284460 seconds, Stopping threads took: 3.6283272 seconds
2024-10-02T16:56:40.598+0300: 270.463: Application time: 0.0008894 seconds
2024-10-02T16:56:40.598+0300: 270.463: Total time for which application threads were stopped: 0.0001544 seconds, Stopping threads took: 0.0000981 seconds
2024-10-02T16:56:40.598+0300: 270.463: Application time: 0.0000495 seconds
2024-10-02T16:56:40.598+0300: 270.463: Total time for which application threads were stopped: 0.0000613 seconds, Stopping threads took: 0.0000236 seconds
2024-10-02T16:56:40.598+0300: 270.472: Application time: 0.0085921 seconds
2024-10-02T16:56:40.598+0300: 270.472: Total time for which application threads were stopped: 0.0004809 seconds, Stopping threads took: 0.0004122 seconds
2024-10-02T16:56:40.613+0300: 270.478: Application time: 0.0054268 seconds
2024-10-02T16:56:40.613+0300: 270.478: [GC (Allocation Failure) 2024-10-02T16:56:40.613+0300: 270.478: [DefNew: 184320K->20479K(184320K), 0.0167842 secs] 420180K->289576K(593920K), 0.0169334 secs] [Times: user=0.01 sys=0.00, real=0.02 secs] 
2024-10-02T16:56:40.629+0300: 270.495: Total time for which application threads were stopped: 0.0174105 seconds, Stopping threads took: 0.0003375 seconds
2024-10-02T16:58:33.070+0300: 382.934: Application time: 112.4386899 seconds
2024-10-02T16:58:38.592+0300: 388.456: Total time for which application threads were stopped: 5.5226575 seconds, Stopping threads took: 5.5226043 seconds
2024-10-02T16:58:39.596+0300: 389.460: Application time: 1.0032291 seconds
2024-10-02T16:58:44.710+0300: 394.574: Total time for which application threads were stopped: 5.1140203 seconds, Stopping threads took: 5.1139193 seconds
2024-10-02T16:58:45.714+0300: 395.578: Application time: 1.0041750 seconds
2024-10-02T16:58:50.844+0300: 400.708: Total time for which application threads were stopped: 5.1305443 seconds, Stopping threads took: 5.1303808 seconds
2024-10-02T16:58:51.847+0300: 401.711: Application time: 1.0025772 seconds
2024-10-02T16:58:57.024+0300: 406.889: Total time for which application threads were stopped: 5.1775565 seconds, Stopping threads took: 5.1774256 seconds
2024-10-02T17:00:12.328+0300: 482.192: Application time: 75.3037010 seconds
2024-10-02T17:00:16.804+0300: 486.668: Total time for which application threads were stopped: 4.4759908 seconds, Stopping threads took: 4.4759026 seconds
2024-10-02T17:00:35.298+0300: 505.176: Application time: 18.5081436 seconds
2024-10-02T17:00:39.127+0300: 508.991: [GC (Allocation Failure) 2024-10-02T17:00:39.127+0300: 508.991: [DefNew: 184319K->184319K(184320K), 0.0000391 secs]2024-10-02T17:00:39.127+0300: 508.991: [Tenured: 269096K->200775K(409600K), 0.0432949 secs] 453416K->200775K(593920K), [Metaspace: 7322K->7322K(1056768K)], 0.0434893 secs] [Times: user=0.03 sys=0.00, real=0.03 secs] 
2024-10-02T17:00:39.158+0300: 509.035: Total time for which application threads were stopped: 3.8583635 seconds, Stopping threads took: 3.8146939 seconds
2024-10-02T17:00:50.269+0300: 520.141: Application time: 11.1060509 seconds
2024-10-02T17:00:50.269+0300: 520.141: Total time for which application threads were stopped: 0.0003763 seconds, Stopping threads took: 0.0003503 seconds
2024-10-02T17:00:50.284+0300: 520.159: Application time: 0.0181362 seconds
2024-10-02T17:00:50.284+0300: 520.160: [GC (Allocation Failure) 2024-10-02T17:00:50.284+0300: 520.160: [DefNew: 163840K->20480K(184320K), 0.0434828 secs] 364615K->359915K(593920K), 0.0435700 secs] [Times: user=0.00 sys=0.05, real=0.05 secs] 
2024-10-02T17:00:50.332+0300: 520.203: Total time for which application threads were stopped: 0.0439867 seconds, Stopping threads took: 0.0002465 seconds
2024-10-02T17:00:57.360+0300: 527.224: Application time: 7.0210951 seconds
2024-10-02T17:01:02.678+0300: 532.542: Total time for which application threads were stopped: 5.3176907 seconds, Stopping threads took: 5.3175760 seconds
2024-10-02T17:04:56.525+0300: 766.403: Application time: 233.8605902 seconds
2024-10-02T17:04:59.400+0300: 769.265: Total time for which application threads were stopped: 2.8617884 seconds, Stopping threads took: 2.8616482 seconds
2024-10-02T17:04:59.400+0300: 769.265: Application time: 0.0004418 seconds
2024-10-02T17:04:59.400+0300: 769.265: Total time for which application threads were stopped: 0.0002171 seconds, Stopping threads took: 0.0001775 seconds
2024-10-02T17:04:59.400+0300: 769.265: Application time: 0.0001171 seconds
2024-10-02T17:04:59.400+0300: 769.265: Total time for which application threads were stopped: 0.0000682 seconds, Stopping threads took: 0.0000576 seconds
2024-10-02T17:04:59.400+0300: 769.270: Application time: 0.0043354 seconds
2024-10-02T17:04:59.400+0300: 769.270: Total time for which application threads were stopped: 0.0002945 seconds, Stopping threads took: 0.0002727 seconds
2024-10-02T17:04:59.417+0300: 769.282: Application time: 0.0116139 seconds
2024-10-02T17:04:59.417+0300: 769.282: [GC (Allocation Failure) 2024-10-02T17:04:59.417+0300: 769.282: [DefNew: 184320K->184320K(184320K), 0.0000145 secs]2024-10-02T17:04:59.417+0300: 769.282: [Tenured: 339435K->105061K(409600K), 0.0305304 secs] 523755K->105061K(593920K), [Metaspace: 7324K->7324K(1056768K)], 0.0306546 secs] [Times: user=0.02 sys=0.00, real=0.03 secs] 
2024-10-02T17:04:59.447+0300: 769.313: Total time for which application threads were stopped: 0.0310520 seconds, Stopping threads took: 0.0002816 seconds
2024-10-02T17:05:00.452+0300: 770.316: Application time: 1.0035431 seconds
2024-10-02T17:05:05.532+0300: 775.396: Total time for which application threads were stopped: 5.0797350 seconds, Stopping threads took: 5.0796461 seconds
2024-10-02T17:05:06.535+0300: 776.400: Application time: 1.0035505 seconds
2024-10-02T17:05:11.586+0300: 781.451: Total time for which application threads were stopped: 5.0509506 seconds, Stopping threads took: 5.0508293 seconds
2024-10-02T17:05:18.613+0300: 788.477: Application time: 7.0268121 seconds
2024-10-02T17:05:23.665+0300: 793.530: Total time for which application threads were stopped: 5.0521944 seconds, Stopping threads took: 5.0520703 seconds
2024-10-02T17:09:06.595+0300: 1016.474: Application time: 222.9444709 seconds
2024-10-02T17:09:06.595+0300: 1016.475: Total time for which application threads were stopped: 0.0004314 seconds, Stopping threads took: 0.0003996 seconds
2024-10-02T17:09:06.611+0300: 1016.484: Application time: 0.0092779 seconds
2024-10-02T17:09:06.611+0300: 1016.484: [GC (Allocation Failure) 2024-10-02T17:09:06.611+0300: 1016.484: [DefNew: 163840K->20480K(184320K), 0.0229846 secs] 268901K->213180K(593920K), 0.0230632 secs] [Times: user=0.02 sys=0.00, real=0.03 secs] 
2024-10-02T17:09:06.642+0300: 1016.507: Total time for which application threads were stopped: 0.0232824 seconds, Stopping threads took: 0.0001249 seconds
2024-10-02T17:11:52.722+0300: 1182.591: Application time: 166.0835897 seconds
2024-10-02T17:11:56.676+0300: 1186.541: [GC (Allocation Failure) 2024-10-02T17:11:56.676+0300: 1186.541: [DefNew: 184320K->20475K(184320K), 0.0326106 secs] 377020K->363069K(593920K), 0.0327297 secs] [Times: user=0.03 sys=0.00, real=0.03 secs] 
2024-10-02T17:11:56.708+0300: 1186.574: Total time for which application threads were stopped: 3.9830053 seconds, Stopping threads took: 3.9500634 seconds
2024-10-02T17:13:10.586+0300: 1260.455: Application time: 73.8817922 seconds
2024-10-02T17:13:15.097+0300: 1264.961: Total time for which application threads were stopped: 4.5055002 seconds, Stopping threads took: 4.5053662 seconds
2024-10-02T17:13:15.097+0300: 1264.961: Application time: 0.0004084 seconds
2024-10-02T17:13:15.097+0300: 1264.961: Total time for which application threads were stopped: 0.0000992 seconds, Stopping threads took: 0.0000480 seconds
2024-10-02T17:13:15.097+0300: 1264.962: Application time: 0.0001579 seconds
2024-10-02T17:13:15.097+0300: 1264.962: Total time for which application threads were stopped: 0.0000375 seconds, Stopping threads took: 0.0000192 seconds
2024-10-02T17:13:15.112+0300: 1264.985: Application time: 0.0234076 seconds
2024-10-02T17:13:15.112+0300: 1264.985: Total time for which application threads were stopped: 0.0002034 seconds, Stopping threads took: 0.0000321 seconds
2024-10-02T17:13:15.175+0300: 1265.045: Application time: 0.0597660 seconds
2024-10-02T17:13:15.175+0300: 1265.045: Total time for which application threads were stopped: 0.0002213 seconds, Stopping threads took: 0.0000411 seconds
2024-10-02T17:13:15.222+0300: 1265.093: Application time: 0.0475703 seconds
2024-10-02T17:13:15.222+0300: 1265.093: Total time for which application threads were stopped: 0.0002360 seconds, Stopping threads took: 0.0000430 seconds
2024-10-02T17:13:15.269+0300: 1265.136: Application time: 0.0424229 seconds
2024-10-02T17:13:15.269+0300: 1265.136: Total time for which application threads were stopped: 0.0000739 seconds, Stopping threads took: 0.0000331 seconds
2024-10-02T17:13:15.379+0300: 1265.243: Application time: 0.1074916 seconds
2024-10-02T17:13:15.379+0300: 1265.243: Total time for which application threads were stopped: 0.0002241 seconds, Stopping threads took: 0.0000196 seconds
2024-10-02T17:13:15.379+0300: 1265.249: Application time: 0.0061499 seconds
2024-10-02T17:13:15.379+0300: 1265.250: Total time for which application threads were stopped: 0.0001874 seconds, Stopping threads took: 0.0000299 seconds
2024-10-02T17:13:15.379+0300: 1265.252: Application time: 0.0020830 seconds
2024-10-02T17:13:15.379+0300: 1265.252: Total time for which application threads were stopped: 0.0000677 seconds, Stopping threads took: 0.0000131 seconds
2024-10-02T17:13:15.677+0300: 1265.549: Application time: 0.2974659 seconds
2024-10-02T17:13:15.677+0300: 1265.549: Total time for which application threads were stopped: 0.0000729 seconds, Stopping threads took: 0.0000248 seconds
2024-10-02T17:13:15.896+0300: 1265.774: Application time: 0.2242313 seconds
2024-10-02T17:13:15.896+0300: 1265.774: Total time for which application threads were stopped: 0.0001435 seconds, Stopping threads took: 0.0000353 seconds
2024-10-02T17:13:16.053+0300: 1265.921: Application time: 0.1469923 seconds
2024-10-02T17:13:16.053+0300: 1265.921: Total time for which application threads were stopped: 0.0001302 seconds, Stopping threads took: 0.0000419 seconds
2024-10-02T17:13:16.367+0300: 1266.232: Application time: 0.3108318 seconds
2024-10-02T17:13:16.367+0300: 1266.232: Total time for which application threads were stopped: 0.0002024 seconds, Stopping threads took: 0.0000587 seconds
2024-10-02T17:13:16.367+0300: 1266.233: Application time: 0.0005770 seconds
2024-10-02T17:13:16.367+0300: 1266.233: Total time for which application threads were stopped: 0.0000494 seconds, Stopping threads took: 0.0000286 seconds
2024-10-02T17:13:16.367+0300: 1266.233: Application time: 0.0002806 seconds
2024-10-02T17:13:16.367+0300: 1266.233: Total time for which application threads were stopped: 0.0000178 seconds, Stopping threads took: 0.0000089 seconds
2024-10-02T17:13:16.367+0300: 1266.233: Application time: 0.0001474 seconds
2024-10-02T17:13:16.367+0300: 1266.233: Total time for which application threads were stopped: 0.0000259 seconds, Stopping threads took: 0.0000138 seconds
2024-10-02T17:13:16.367+0300: 1266.234: Application time: 0.0006892 seconds
2024-10-02T17:13:16.367+0300: 1266.234: Total time for which application threads were stopped: 0.0000677 seconds, Stopping threads took: 0.0000542 seconds
2024-10-02T17:13:16.367+0300: 1266.246: Application time: 0.0121132 seconds
2024-10-02T17:13:16.367+0300: 1266.246: Total time for which application threads were stopped: 0.0000347 seconds, Stopping threads took: 0.0000178 seconds
Heap
 def new generation   total 184320K, used 164145K [0x00000000da800000, 0x00000000e7000000, 0x00000000e7000000)
  eden space 163840K,  87% used [0x00000000da800000, 0x00000000e344d660, 0x00000000e4800000)
  from space 20480K,  99% used [0x00000000e4800000, 0x00000000e5bfedf0, 0x00000000e5c00000)
  to   space 20480K,   0% used [0x00000000e5c00000, 0x00000000e5c00000, 0x00000000e7000000)
 tenured generation   total 409600K, used 342594K [0x00000000e7000000, 0x0000000100000000, 0x0000000100000000)
   the space 409600K,  83% used [0x00000000e7000000, 0x00000000fbe90918, 0x00000000fbe90a00, 0x0000000100000000)
 Metaspace       used 15871K, capacity 16050K, committed 16384K, reserved 1064960K
  class space    used 1643K, capacity 1711K, committed 1792K, reserved 1048576K
2024-10-02T17:13:16.478+0300: 1266.342: Application time: 0.0965078 seconds
