[0.008s][info][gc,init] CardTable entry size: 512
[0.008s][info][gc     ] Using Parallel
[0.018s][info][gc,init] Version: 21.0.4+7-adhoc.Administrator.jdk21u (release)
[0.018s][info][gc,init] CPUs: 6 total, 6 available
[0.018s][info][gc,init] Memory: 15591M
[0.018s][info][gc,init] Large Page Support: Disabled
[0.018s][info][gc,init] NUMA Support: Disabled
[0.018s][info][gc,init] Compressed Oops: Enabled (Zero based)
[0.018s][info][gc,init] Alignments: Space 512K, Generation 512K, Heap 2M
[0.018s][info][gc,init] Heap Min Capacity: 4G
[0.018s][info][gc,init] Heap Initial Capacity: 4G
[0.018s][info][gc,init] Heap Max Capacity: 4G
[0.020s][info][gc,init] Pre-touch: Disabled
[0.020s][info][gc,init] Parallel Workers: 6
[0.027s][info][gc,metaspace] CDS archive(s) mapped at: [0x000001d0d7000000-0x000001d0d7c90000-0x000001d0d7c90000), size 13172736, SharedBaseAddress: 0x000001d0d7000000, ArchiveRelocationMode: 1.
[0.027s][info][gc,metaspace] Compressed class space mapped at: 0x000001d0d8000000-0x000001d118000000, reserved size: 1073741824
[0.027s][info][gc,metaspace] Narrow klass base: 0x000001d0d7000000, Narrow klass shift: 0, Narrow klass range: 0x100000000
[0.355s][info][gc,start    ] GC(0) Pause Young (System.gc())
[0.358s][info][gc,heap     ] GC(0) PSYoungGen: 146929K(1223168K)->2532K(1223168K) Eden: 146929K(1048576K)->0K(1048576K) From: 0K(174592K)->2532K(174592K)
[0.358s][info][gc,heap     ] GC(0) ParOldGen: 0K(2796544K)->8K(2796544K)
[0.358s][info][gc,metaspace] GC(0) Metaspace: 2855K(3072K)->2855K(3072K) NonClass: 2592K(2688K)->2592K(2688K) Class: 262K(384K)->262K(384K)
[0.358s][info][gc          ] GC(0) Pause Young (System.gc()) 143M->2M(3925M) 2.567ms
[0.358s][info][gc,cpu      ] GC(0) User=0.02s Sys=0.00s Real=0.01s
[0.358s][info][gc,start    ] GC(1) Pause Full (System.gc())
[0.358s][info][gc,phases,start] GC(1) Marking Phase
[0.360s][info][gc,phases      ] GC(1) Marking Phase 2.066ms
[0.360s][info][gc,phases,start] GC(1) Summary Phase
[0.360s][info][gc,phases      ] GC(1) Summary Phase 0.008ms
[0.360s][info][gc,phases,start] GC(1) Adjust Roots
[0.361s][info][gc,phases      ] GC(1) Adjust Roots 0.921ms
[0.361s][info][gc,phases,start] GC(1) Compaction Phase
[0.363s][info][gc,phases      ] GC(1) Compaction Phase 2.196ms
[0.363s][info][gc,phases,start] GC(1) Post Compact
[0.364s][info][gc,phases      ] GC(1) Post Compact 0.660ms
[0.364s][info][gc,heap        ] GC(1) PSYoungGen: 2532K(1223168K)->0K(1223168K) Eden: 0K(1048576K)->0K(1048576K) From: 2532K(174592K)->0K(174592K)
[0.364s][info][gc,heap        ] GC(1) ParOldGen: 8K(2796544K)->2451K(2796544K)
[0.364s][info][gc,metaspace   ] GC(1) Metaspace: 2855K(3072K)->2855K(3072K) NonClass: 2592K(2688K)->2592K(2688K) Class: 262K(384K)->262K(384K)
[0.364s][info][gc             ] GC(1) Pause Full (System.gc()) 2M->2M(3925M) 6.085ms
[0.364s][info][gc,cpu         ] GC(1) User=0.00s Sys=0.00s Real=0.00s
[7.759s][info][gc,start       ] GC(2) Pause Young (System.gc())
[7.760s][info][gc,heap        ] GC(2) PSYoungGen: 209716K(1223168K)->448K(1223168K) Eden: 209716K(1048576K)->0K(1048576K) From: 0K(174592K)->448K(174592K)
[7.760s][info][gc,heap        ] GC(2) ParOldGen: 2451K(2796544K)->2459K(2796544K)
[7.760s][info][gc,metaspace   ] GC(2) Metaspace: 5379K(5568K)->5379K(5568K) NonClass: 4787K(4864K)->4787K(4864K) Class: 592K(704K)->592K(704K)
[7.760s][info][gc             ] GC(2) Pause Young (System.gc()) 207M->2M(3925M) 1.082ms
[7.760s][info][gc,cpu         ] GC(2) User=0.00s Sys=0.00s Real=0.00s
[7.760s][info][gc,start       ] GC(3) Pause Full (System.gc())
[7.760s][info][gc,phases,start] GC(3) Marking Phase
[7.764s][info][gc,phases      ] GC(3) Marking Phase 3.612ms
[7.764s][info][gc,phases,start] GC(3) Summary Phase
[7.764s][info][gc,phases      ] GC(3) Summary Phase 0.008ms
[7.764s][info][gc,phases,start] GC(3) Adjust Roots
[7.765s][info][gc,phases      ] GC(3) Adjust Roots 1.665ms
[7.765s][info][gc,phases,start] GC(3) Compaction Phase
[7.769s][info][gc,phases      ] GC(3) Compaction Phase 3.497ms
[7.769s][info][gc,phases,start] GC(3) Post Compact
[7.770s][info][gc,phases      ] GC(3) Post Compact 0.762ms
[7.770s][info][gc,heap        ] GC(3) PSYoungGen: 448K(1223168K)->0K(1223168K) Eden: 0K(1048576K)->0K(1048576K) From: 448K(174592K)->0K(174592K)
[7.770s][info][gc,heap        ] GC(3) ParOldGen: 2459K(2796544K)->2783K(2796544K)
[7.770s][info][gc,metaspace   ] GC(3) Metaspace: 5379K(5568K)->5379K(5568K) NonClass: 4787K(4864K)->4787K(4864K) Class: 592K(704K)->592K(704K)
[7.770s][info][gc             ] GC(3) Pause Full (System.gc()) 2M->2M(3925M) 9.851ms
[7.770s][info][gc,cpu         ] GC(3) User=0.00s Sys=0.02s Real=0.02s
[14.968s][info][gc,start       ] GC(4) Pause Young (System.gc())
[14.968s][info][gc,heap        ] GC(4) PSYoungGen: 209716K(1223168K)->160K(1223168K) Eden: 209716K(1048576K)->0K(1048576K) From: 0K(174592K)->160K(174592K)
[14.968s][info][gc,heap        ] GC(4) ParOldGen: 2783K(2796544K)->2791K(2796544K)
[14.968s][info][gc,metaspace   ] GC(4) Metaspace: 5414K(5632K)->5414K(5632K) NonClass: 4822K(4928K)->4822K(4928K) Class: 592K(704K)->592K(704K)
[14.968s][info][gc             ] GC(4) Pause Young (System.gc()) 207M->2M(3925M) 0.294ms
[14.968s][info][gc,cpu         ] GC(4) User=0.00s Sys=0.00s Real=0.00s
[14.968s][info][gc,start       ] GC(5) Pause Full (System.gc())
[14.968s][info][gc,phases,start] GC(5) Marking Phase
[14.973s][info][gc,phases      ] GC(5) Marking Phase 4.226ms
[14.973s][info][gc,phases,start] GC(5) Summary Phase
[14.973s][info][gc,phases      ] GC(5) Summary Phase 0.009ms
[14.973s][info][gc,phases,start] GC(5) Adjust Roots
[14.975s][info][gc,phases      ] GC(5) Adjust Roots 1.859ms
[14.975s][info][gc,phases,start] GC(5) Compaction Phase
[14.977s][info][gc,phases      ] GC(5) Compaction Phase 2.702ms
[14.977s][info][gc,phases,start] GC(5) Post Compact
[14.978s][info][gc,phases      ] GC(5) Post Compact 0.577ms
[14.978s][info][gc,heap        ] GC(5) PSYoungGen: 160K(1223168K)->0K(1223168K) Eden: 0K(1048576K)->0K(1048576K) From: 160K(174592K)->0K(174592K)
[14.978s][info][gc,heap        ] GC(5) ParOldGen: 2791K(2796544K)->2784K(2796544K)
[14.978s][info][gc,metaspace   ] GC(5) Metaspace: 5414K(5632K)->5414K(5632K) NonClass: 4822K(4928K)->4822K(4928K) Class: 592K(704K)->592K(704K)
[14.978s][info][gc             ] GC(5) Pause Full (System.gc()) 2M->2M(3925M) 9.599ms
[14.978s][info][gc,cpu         ] GC(5) User=0.00s Sys=0.00s Real=0.01s
[22.215s][info][gc,start       ] GC(6) Pause Young (System.gc())
[22.215s][info][gc,heap        ] GC(6) PSYoungGen: 188744K(1223168K)->160K(1223168K) Eden: 188744K(1048576K)->0K(1048576K) From: 0K(174592K)->160K(174592K)
[22.215s][info][gc,heap        ] GC(6) ParOldGen: 2784K(2796544K)->2792K(2796544K)
[22.215s][info][gc,metaspace   ] GC(6) Metaspace: 5432K(5632K)->5432K(5632K) NonClass: 4840K(4928K)->4840K(4928K) Class: 592K(704K)->592K(704K)
[22.215s][info][gc             ] GC(6) Pause Young (System.gc()) 187M->2M(3925M) 0.270ms
[22.215s][info][gc,cpu         ] GC(6) User=0.02s Sys=0.08s Real=0.00s
[22.215s][info][gc,start       ] GC(7) Pause Full (System.gc())
[22.215s][info][gc,phases,start] GC(7) Marking Phase
[22.218s][info][gc,phases      ] GC(7) Marking Phase 3.522ms
[22.219s][info][gc,phases,start] GC(7) Summary Phase
[22.219s][info][gc,phases      ] GC(7) Summary Phase 0.009ms
[22.219s][info][gc,phases,start] GC(7) Adjust Roots
[22.221s][info][gc,phases      ] GC(7) Adjust Roots 2.308ms
[22.221s][info][gc,phases,start] GC(7) Compaction Phase
[22.224s][info][gc,phases      ] GC(7) Compaction Phase 2.839ms
[22.224s][info][gc,phases,start] GC(7) Post Compact
[22.224s][info][gc,phases      ] GC(7) Post Compact 0.522ms
[22.224s][info][gc,heap        ] GC(7) PSYoungGen: 160K(1223168K)->0K(1223168K) Eden: 0K(1048576K)->0K(1048576K) From: 160K(174592K)->0K(174592K)
[22.224s][info][gc,heap        ] GC(7) ParOldGen: 2792K(2796544K)->2784K(2796544K)
[22.224s][info][gc,metaspace   ] GC(7) Metaspace: 5432K(5632K)->5432K(5632K) NonClass: 4840K(4928K)->4840K(4928K) Class: 592K(704K)->592K(704K)
[22.224s][info][gc             ] GC(7) Pause Full (System.gc()) 2M->2M(3925M) 9.469ms
[22.225s][info][gc,cpu         ] GC(7) User=0.00s Sys=0.00s Real=0.02s
[29.409s][info][gc,start       ] GC(8) Pause Young (System.gc())
[29.409s][info][gc,heap        ] GC(8) PSYoungGen: 167772K(1223168K)->64K(1223168K) Eden: 167772K(1048576K)->0K(1048576K) From: 0K(174592K)->64K(174592K)
[29.409s][info][gc,heap        ] GC(8) ParOldGen: 2784K(2796544K)->2784K(2796544K)
[29.409s][info][gc,metaspace   ] GC(8) Metaspace: 5440K(5632K)->5440K(5632K) NonClass: 4848K(4928K)->4848K(4928K) Class: 592K(704K)->592K(704K)
[29.409s][info][gc             ] GC(8) Pause Young (System.gc()) 166M->2M(3925M) 0.289ms
[29.409s][info][gc,cpu         ] GC(8) User=0.00s Sys=0.00s Real=0.00s
[29.409s][info][gc,start       ] GC(9) Pause Full (System.gc())
[29.409s][info][gc,phases,start] GC(9) Marking Phase
[29.413s][info][gc,phases      ] GC(9) Marking Phase 3.575ms
[29.413s][info][gc,phases,start] GC(9) Summary Phase
[29.413s][info][gc,phases      ] GC(9) Summary Phase 0.009ms
[29.413s][info][gc,phases,start] GC(9) Adjust Roots
[29.415s][info][gc,phases      ] GC(9) Adjust Roots 1.906ms
[29.415s][info][gc,phases,start] GC(9) Compaction Phase
[29.416s][info][gc,phases      ] GC(9) Compaction Phase 1.578ms
[29.416s][info][gc,phases,start] GC(9) Post Compact
[29.417s][info][gc,phases      ] GC(9) Post Compact 0.509ms
[29.417s][info][gc,heap        ] GC(9) PSYoungGen: 64K(1223168K)->0K(1223168K) Eden: 0K(1048576K)->0K(1048576K) From: 64K(174592K)->0K(174592K)
[29.417s][info][gc,heap        ] GC(9) ParOldGen: 2784K(2796544K)->2785K(2796544K)
[29.417s][info][gc,metaspace   ] GC(9) Metaspace: 5440K(5632K)->5440K(5632K) NonClass: 4848K(4928K)->4848K(4928K) Class: 592K(704K)->592K(704K)
[29.417s][info][gc             ] GC(9) Pause Full (System.gc()) 2M->2M(3925M) 7.851ms
[29.417s][info][gc,cpu         ] GC(9) User=0.00s Sys=0.00s Real=0.01s
[36.625s][info][gc,start       ] GC(10) Pause Young (System.gc())
[36.625s][info][gc,heap        ] GC(10) PSYoungGen: 167772K(1223168K)->128K(1223168K) Eden: 167772K(1048576K)->0K(1048576K) From: 0K(174592K)->128K(174592K)
[36.625s][info][gc,heap        ] GC(10) ParOldGen: 2785K(2796544K)->2785K(2796544K)
[36.625s][info][gc,metaspace   ] GC(10) Metaspace: 5449K(5632K)->5449K(5632K) NonClass: 4857K(4928K)->4857K(4928K) Class: 592K(704K)->592K(704K)
[36.625s][info][gc             ] GC(10) Pause Young (System.gc()) 166M->2M(3925M) 0.264ms
[36.625s][info][gc,cpu         ] GC(10) User=0.00s Sys=0.00s Real=0.00s
[36.625s][info][gc,start       ] GC(11) Pause Full (System.gc())
[36.625s][info][gc,phases,start] GC(11) Marking Phase
[36.629s][info][gc,phases      ] GC(11) Marking Phase 3.620ms
[36.629s][info][gc,phases,start] GC(11) Summary Phase
[36.629s][info][gc,phases      ] GC(11) Summary Phase 0.009ms
[36.629s][info][gc,phases,start] GC(11) Adjust Roots
[36.630s][info][gc,phases      ] GC(11) Adjust Roots 1.059ms
[36.630s][info][gc,phases,start] GC(11) Compaction Phase
[36.631s][info][gc,phases      ] GC(11) Compaction Phase 1.398ms
[36.632s][info][gc,phases,start] GC(11) Post Compact
[36.632s][info][gc,phases      ] GC(11) Post Compact 0.519ms
[36.633s][info][gc,heap        ] GC(11) PSYoungGen: 128K(1223168K)->0K(1223168K) Eden: 0K(1048576K)->0K(1048576K) From: 128K(174592K)->0K(174592K)
[36.633s][info][gc,heap        ] GC(11) ParOldGen: 2785K(2796544K)->2785K(2796544K)
[36.633s][info][gc,metaspace   ] GC(11) Metaspace: 5449K(5632K)->5449K(5632K) NonClass: 4857K(4928K)->4857K(4928K) Class: 592K(704K)->592K(704K)
[36.633s][info][gc             ] GC(11) Pause Full (System.gc()) 2M->2M(3925M) 7.361ms
[36.633s][info][gc,cpu         ] GC(11) User=0.00s Sys=0.00s Real=0.01s
[43.827s][info][gc,start       ] GC(12) Pause Young (System.gc())
[43.827s][info][gc,heap        ] GC(12) PSYoungGen: 167772K(1223168K)->128K(1223168K) Eden: 167772K(1048576K)->0K(1048576K) From: 0K(174592K)->128K(174592K)
[43.827s][info][gc,heap        ] GC(12) ParOldGen: 2785K(2796544K)->2785K(2796544K)
[43.827s][info][gc,metaspace   ] GC(12) Metaspace: 5457K(5696K)->5457K(5696K) NonClass: 4865K(4992K)->4865K(4992K) Class: 592K(704K)->592K(704K)
[43.827s][info][gc             ] GC(12) Pause Young (System.gc()) 166M->2M(3925M) 0.252ms
[43.827s][info][gc,cpu         ] GC(12) User=0.00s Sys=0.00s Real=0.00s
[43.827s][info][gc,start       ] GC(13) Pause Full (System.gc())
[43.827s][info][gc,phases,start] GC(13) Marking Phase
[43.831s][info][gc,phases      ] GC(13) Marking Phase 3.466ms
[43.831s][info][gc,phases,start] GC(13) Summary Phase
[43.831s][info][gc,phases      ] GC(13) Summary Phase 0.009ms
[43.831s][info][gc,phases,start] GC(13) Adjust Roots
[43.832s][info][gc,phases      ] GC(13) Adjust Roots 1.251ms
[43.832s][info][gc,phases,start] GC(13) Compaction Phase
[43.833s][info][gc,phases      ] GC(13) Compaction Phase 1.039ms
[43.833s][info][gc,phases,start] GC(13) Post Compact
[43.834s][info][gc,phases      ] GC(13) Post Compact 0.503ms
[43.834s][info][gc,heap        ] GC(13) PSYoungGen: 128K(1223168K)->0K(1223168K) Eden: 0K(1048576K)->0K(1048576K) From: 128K(174592K)->0K(174592K)
[43.834s][info][gc,heap        ] GC(13) ParOldGen: 2785K(2796544K)->2785K(2796544K)
[43.834s][info][gc,metaspace   ] GC(13) Metaspace: 5457K(5696K)->5457K(5696K) NonClass: 4865K(4992K)->4865K(4992K) Class: 592K(704K)->592K(704K)
[43.834s][info][gc             ] GC(13) Pause Full (System.gc()) 2M->2M(3925M) 6.530ms
[43.834s][info][gc,cpu         ] GC(13) User=0.00s Sys=0.00s Real=0.01s
[51.022s][info][gc,start       ] GC(14) Pause Young (System.gc())
[51.023s][info][gc,heap        ] GC(14) PSYoungGen: 136315K(1223168K)->128K(1223168K) Eden: 136315K(1048576K)->0K(1048576K) From: 0K(174592K)->128K(174592K)
[51.023s][info][gc,heap        ] GC(14) ParOldGen: 2785K(2796544K)->2785K(2796544K)
[51.023s][info][gc,metaspace   ] GC(14) Metaspace: 5459K(5696K)->5459K(5696K) NonClass: 4867K(4992K)->4867K(4992K) Class: 592K(704K)->592K(704K)
[51.023s][info][gc             ] GC(14) Pause Young (System.gc()) 135M->2M(3925M) 0.311ms
[51.023s][info][gc,cpu         ] GC(14) User=0.00s Sys=0.00s Real=0.00s
[51.023s][info][gc,start       ] GC(15) Pause Full (System.gc())
[51.023s][info][gc,phases,start] GC(15) Marking Phase
[51.027s][info][gc,phases      ] GC(15) Marking Phase 3.841ms
[51.027s][info][gc,phases,start] GC(15) Summary Phase
[51.027s][info][gc,phases      ] GC(15) Summary Phase 0.009ms
[51.027s][info][gc,phases,start] GC(15) Adjust Roots
[51.028s][info][gc,phases      ] GC(15) Adjust Roots 1.175ms
[51.028s][info][gc,phases,start] GC(15) Compaction Phase
[51.030s][info][gc,phases      ] GC(15) Compaction Phase 1.639ms
[51.030s][info][gc,phases,start] GC(15) Post Compact
[51.030s][info][gc,phases      ] GC(15) Post Compact 0.668ms
[51.030s][info][gc,heap        ] GC(15) PSYoungGen: 128K(1223168K)->0K(1223168K) Eden: 0K(1048576K)->0K(1048576K) From: 128K(174592K)->0K(174592K)
[51.030s][info][gc,heap        ] GC(15) ParOldGen: 2785K(2796544K)->2785K(2796544K)
[51.030s][info][gc,metaspace   ] GC(15) Metaspace: 5459K(5696K)->5459K(5696K) NonClass: 4867K(4992K)->4867K(4992K) Class: 592K(704K)->592K(704K)
[51.030s][info][gc             ] GC(15) Pause Full (System.gc()) 2M->2M(3925M) 7.667ms
[51.030s][info][gc,cpu         ] GC(15) User=0.00s Sys=0.02s Real=0.02s
[58.176s][info][gc,start       ] GC(16) Pause Young (System.gc())
[58.176s][info][gc,heap        ] GC(16) PSYoungGen: 136315K(1223168K)->96K(1223168K) Eden: 136315K(1048576K)->0K(1048576K) From: 0K(174592K)->96K(174592K)
[58.176s][info][gc,heap        ] GC(16) ParOldGen: 2785K(2796544K)->2785K(2796544K)
[58.176s][info][gc,metaspace   ] GC(16) Metaspace: 5470K(5696K)->5470K(5696K) NonClass: 4878K(4992K)->4878K(4992K) Class: 592K(704K)->592K(704K)
[58.176s][info][gc             ] GC(16) Pause Young (System.gc()) 135M->2M(3925M) 0.346ms
[58.176s][info][gc,cpu         ] GC(16) User=0.00s Sys=0.00s Real=0.00s
[58.176s][info][gc,start       ] GC(17) Pause Full (System.gc())
[58.176s][info][gc,phases,start] GC(17) Marking Phase
[58.180s][info][gc,phases      ] GC(17) Marking Phase 3.469ms
[58.180s][info][gc,phases,start] GC(17) Summary Phase
[58.180s][info][gc,phases      ] GC(17) Summary Phase 0.069ms
[58.180s][info][gc,phases,start] GC(17) Adjust Roots
[58.181s][info][gc,phases      ] GC(17) Adjust Roots 1.281ms
[58.181s][info][gc,phases,start] GC(17) Compaction Phase
[58.182s][info][gc,phases      ] GC(17) Compaction Phase 1.380ms
[58.182s][info][gc,phases,start] GC(17) Post Compact
[58.183s][info][gc,phases      ] GC(17) Post Compact 0.584ms
[58.183s][info][gc,heap        ] GC(17) PSYoungGen: 96K(1223168K)->0K(1223168K) Eden: 0K(1048576K)->0K(1048576K) From: 96K(174592K)->0K(174592K)
[58.183s][info][gc,heap        ] GC(17) ParOldGen: 2785K(2796544K)->2785K(2796544K)
[58.183s][info][gc,metaspace   ] GC(17) Metaspace: 5470K(5696K)->5470K(5696K) NonClass: 4878K(4992K)->4878K(4992K) Class: 592K(704K)->592K(704K)
[58.183s][info][gc             ] GC(17) Pause Full (System.gc()) 2M->2M(3925M) 7.082ms
[58.183s][info][gc,cpu         ] GC(17) User=0.00s Sys=0.00s Real=0.00s
[65.380s][info][gc,start       ] GC(18) Pause Young (System.gc())
[65.381s][info][gc,heap        ] GC(18) PSYoungGen: 136315K(1223168K)->128K(1223168K) Eden: 136315K(1048576K)->0K(1048576K) From: 0K(174592K)->128K(174592K)
[65.381s][info][gc,heap        ] GC(18) ParOldGen: 2785K(2796544K)->2785K(2796544K)
[65.381s][info][gc,metaspace   ] GC(18) Metaspace: 5477K(5696K)->5477K(5696K) NonClass: 4884K(4992K)->4884K(4992K) Class: 592K(704K)->592K(704K)
[65.381s][info][gc             ] GC(18) Pause Young (System.gc()) 135M->2M(3925M) 0.314ms
[65.381s][info][gc,cpu         ] GC(18) User=0.00s Sys=0.00s Real=0.00s
[65.381s][info][gc,start       ] GC(19) Pause Full (System.gc())
[65.381s][info][gc,phases,start] GC(19) Marking Phase
[65.384s][info][gc,phases      ] GC(19) Marking Phase 3.420ms
[65.384s][info][gc,phases,start] GC(19) Summary Phase
[65.384s][info][gc,phases      ] GC(19) Summary Phase 0.008ms
[65.384s][info][gc,phases,start] GC(19) Adjust Roots
[65.386s][info][gc,phases      ] GC(19) Adjust Roots 1.611ms
[65.386s][info][gc,phases,start] GC(19) Compaction Phase
[65.387s][info][gc,phases      ] GC(19) Compaction Phase 1.468ms
[65.387s][info][gc,phases,start] GC(19) Post Compact
[65.388s][info][gc,phases      ] GC(19) Post Compact 0.561ms
[65.388s][info][gc,heap        ] GC(19) PSYoungGen: 128K(1223168K)->0K(1223168K) Eden: 0K(1048576K)->0K(1048576K) From: 128K(174592K)->0K(174592K)
[65.388s][info][gc,heap        ] GC(19) ParOldGen: 2785K(2796544K)->2785K(2796544K)
[65.388s][info][gc,metaspace   ] GC(19) Metaspace: 5477K(5696K)->5477K(5696K) NonClass: 4884K(4992K)->4884K(4992K) Class: 592K(704K)->592K(704K)
[65.388s][info][gc             ] GC(19) Pause Full (System.gc()) 2M->2M(3925M) 7.321ms
[65.388s][info][gc,cpu         ] GC(19) User=0.06s Sys=0.03s Real=0.02s
[72.488s][info][gc,heap,exit   ] Heap
[72.488s][info][gc,heap,exit   ]  PSYoungGen      total 1223168K, used 146800K [0x00000007aab00000, 0x0000000800000000, 0x0000000800000000)
[72.488s][info][gc,heap,exit   ]   eden space 1048576K, 14% used [0x00000007aab00000,0x00000007b3a5c3f0,0x00000007eab00000)
[72.488s][info][gc,heap,exit   ]   from space 174592K, 0% used [0x00000007f5580000,0x00000007f5580000,0x0000000800000000)
[72.488s][info][gc,heap,exit   ]   to   space 174592K, 0% used [0x00000007eab00000,0x00000007eab00000,0x00000007f5580000)
[72.488s][info][gc,heap,exit   ]  ParOldGen       total 2796544K, used 2785K [0x0000000700000000, 0x00000007aab00000, 0x00000007aab00000)
[72.488s][info][gc,heap,exit   ]   object space 2796544K, 0% used [0x0000000700000000,0x00000007002b8700,0x00000007aab00000)
[72.488s][info][gc,heap,exit   ]  Metaspace       used 5550K, committed 5760K, reserved 1114112K
[72.488s][info][gc,heap,exit   ]   class space    used 600K, committed 704K, reserved 1048576K
