[0.015s][info][gc] Using Serial
[0.015s][info][gc,heap,coops] Heap address: 0x0000000700000000, size: 4096 MB, Compressed Oops mode: Zero based, Oop shift amount: 3
[2.804s][info][gc,start     ] GC(0) Pause Full (Metadata GC Threshold)
[2.805s][info][gc,phases,start] GC(0) Phase 1: Mark live objects
[2.814s][info][gc,phases      ] GC(0) Phase 1: Mark live objects 8.799ms
[2.814s][info][gc,phases,start] GC(0) Phase 2: Compute new object addresses
[2.817s][info][gc,phases      ] GC(0) Phase 2: Compute new object addresses 3.727ms
[2.818s][info][gc,phases,start] GC(0) Phase 3: Adjust pointers
[2.822s][info][gc,phases      ] GC(0) Phase 3: Adjust pointers 3.720ms
[2.822s][info][gc,phases,start] GC(0) Phase 4: Move objects
[2.826s][info][gc,phases      ] GC(0) Phase 4: Move objects 4.215ms
[2.826s][info][gc,heap        ] GC(0) DefNew: 89482K->0K(1258304K)
[2.826s][info][gc,heap        ] GC(0) Tenured: 0K->6003K(2796224K)
[2.827s][info][gc,metaspace   ] GC(0) Metaspace: 20784K(21296K)->20784K(21296K) NonClass: 18304K(18608K)->18304K(18608K) Class: 2479K(2688K)->2479K(2688K)
[2.827s][info][gc             ] GC(0) Pause Full (Metadata GC Threshold) 87M->5M(3959M) 22.461ms
[2.827s][info][gc,cpu         ] GC(0) User=0.00s Sys=0.00s Real=0.03s
[13.876s][info][gc,start       ] GC(1) Pause Full (Metadata GC Threshold)
[13.876s][info][gc,phases,start] GC(1) Phase 1: Mark live objects
[13.891s][info][gc,phases      ] GC(1) Phase 1: Mark live objects 15.194ms
[13.891s][info][gc,phases,start] GC(1) Phase 2: Compute new object addresses
[13.899s][info][gc,phases      ] GC(1) Phase 2: Compute new object addresses 7.940ms
[13.899s][info][gc,phases,start] GC(1) Phase 3: Adjust pointers
[13.906s][info][gc,phases      ] GC(1) Phase 3: Adjust pointers 6.887ms
[13.906s][info][gc,phases,start] GC(1) Phase 4: Move objects
[13.912s][info][gc,phases      ] GC(1) Phase 4: Move objects 6.231ms
[13.912s][info][gc,heap        ] GC(1) DefNew: 111910K->0K(1258304K)
[13.912s][info][gc,heap        ] GC(1) Tenured: 6003K->20060K(2796224K)
[13.912s][info][gc,metaspace   ] GC(1) Metaspace: 34463K(35376K)->34463K(35376K) NonClass: 30197K(30640K)->30197K(30640K) Class: 4265K(4736K)->4265K(4736K)
[13.913s][info][gc             ] GC(1) Pause Full (Metadata GC Threshold) 115M->19M(3959M) 36.812ms
[13.913s][info][gc,cpu         ] GC(1) User=0.00s Sys=0.02s Real=0.04s
[15.302s][info][gc,start       ] GC(2) Pause Full (Metadata GC Threshold)
[15.302s][info][gc,phases,start] GC(2) Phase 1: Mark live objects
[15.327s][info][gc,phases      ] GC(2) Phase 1: Mark live objects 24.470ms
[15.327s][info][gc,phases,start] GC(2) Phase 2: Compute new object addresses
[15.339s][info][gc,phases      ] GC(2) Phase 2: Compute new object addresses 11.976ms
[15.339s][info][gc,phases,start] GC(2) Phase 3: Adjust pointers
[15.351s][info][gc,phases      ] GC(2) Phase 3: Adjust pointers 11.902ms
[15.351s][info][gc,phases,start] GC(2) Phase 4: Move objects
[15.355s][info][gc,phases      ] GC(2) Phase 4: Move objects 3.967ms
[15.355s][info][gc,heap        ] GC(2) DefNew: 559265K->0K(1258304K)
[15.355s][info][gc,heap        ] GC(2) Tenured: 20060K->26151K(2796224K)
[15.355s][info][gc,metaspace   ] GC(2) Metaspace: 57266K(58928K)->57266K(58928K) NonClass: 50090K(50864K)->50090K(50864K) Class: 7175K(8064K)->7175K(8064K)
[15.355s][info][gc             ] GC(2) Pause Full (Metadata GC Threshold) 565M->25M(3959M) 53.242ms
[15.355s][info][gc,cpu         ] GC(2) User=0.06s Sys=0.00s Real=0.06s
[18.123s][info][gc,start       ] GC(3) Pause Full (System.gc())
[18.124s][info][gc,phases,start] GC(3) Phase 1: Mark live objects
[18.164s][info][gc,phases      ] GC(3) Phase 1: Mark live objects 40.377ms
[18.164s][info][gc,phases,start] GC(3) Phase 2: Compute new object addresses
[18.320s][info][gc,phases      ] GC(3) Phase 2: Compute new object addresses 155.894ms
[18.320s][info][gc,phases,start] GC(3) Phase 3: Adjust pointers
[18.338s][info][gc,phases      ] GC(3) Phase 3: Adjust pointers 18.003ms
[18.338s][info][gc,phases,start] GC(3) Phase 4: Move objects
[18.348s][info][gc,phases      ] GC(3) Phase 4: Move objects 9.906ms
[18.348s][info][gc,heap        ] GC(3) DefNew: 1026412K->0K(1258304K)
[18.348s][info][gc,heap        ] GC(3) Tenured: 26151K->33429K(2796224K)
[18.348s][info][gc,metaspace   ] GC(3) Metaspace: 93913K(97328K)->93913K(97328K) NonClass: 81705K(83376K)->81705K(83376K) Class: 12208K(13952K)->12208K(13952K)
[18.348s][info][gc             ] GC(3) Pause Full (System.gc()) 1027M->32M(3959M) 225.543ms
[18.348s][info][gc,cpu         ] GC(3) User=0.19s Sys=0.00s Real=0.22s
[20.423s][info][gc,start       ] GC(4) Pause Young (Allocation Failure)
[20.452s][info][gc,heap        ] GC(4) DefNew: 1118528K->25784K(1258304K)
[20.452s][info][gc,heap        ] GC(4) Tenured: 33429K->33429K(2796224K)
[20.452s][info][gc,metaspace   ] GC(4) Metaspace: 116246K(123056K)->116246K(123056K) NonClass: 99566K(102832K)->99566K(102832K) Class: 16679K(20224K)->16679K(20224K)
[20.452s][info][gc             ] GC(4) Pause Young (Allocation Failure) 1124M->57M(3959M) 29.252ms
[20.452s][info][gc,cpu         ] GC(4) User=0.00s Sys=0.00s Real=0.02s
[22.273s][info][gc,start       ] GC(5) Pause Young (Allocation Failure)
[22.307s][info][gc,heap        ] GC(5) DefNew: 1144312K->39064K(1258304K)
[22.307s][info][gc,heap        ] GC(5) Tenured: 33429K->33429K(2796224K)
[22.307s][info][gc,metaspace   ] GC(5) Metaspace: 123753K(132400K)->123753K(132400K) NonClass: 105648K(110000K)->105648K(110000K) Class: 18105K(22400K)->18105K(22400K)
[22.307s][info][gc             ] GC(5) Pause Young (Allocation Failure) 1150M->70M(3959M) 34.046ms
[22.307s][info][gc,cpu         ] GC(5) User=0.00s Sys=0.00s Real=0.03s
[23.148s][info][gc,start       ] GC(6) Pause Young (Allocation Failure)
[23.182s][info][gc,heap        ] GC(6) DefNew: 1157592K->70111K(1258304K)
[23.182s][info][gc,heap        ] GC(6) Tenured: 33429K->33429K(2796224K)
[23.182s][info][gc,metaspace   ] GC(6) Metaspace: 124658K(133424K)->124658K(133424K) NonClass: 106419K(110768K)->106419K(110768K) Class: 18238K(22656K)->18238K(22656K)
[23.182s][info][gc             ] GC(6) Pause Young (Allocation Failure) 1163M->101M(3959M) 33.532ms
[23.182s][info][gc,cpu         ] GC(6) User=0.08s Sys=0.00s Real=0.03s
[24.917s][info][gc,start       ] GC(7) Pause Young (GCLocker Initiated GC)
[24.955s][info][gc,heap        ] GC(7) DefNew: 1188667K->66701K(1258304K)
[24.955s][info][gc,heap        ] GC(7) Tenured: 33429K->46062K(2796224K)
[24.955s][info][gc,metaspace   ] GC(7) Metaspace: 126299K(135344K)->126299K(135344K) NonClass: 107814K(112304K)->107814K(112304K) Class: 18485K(23040K)->18485K(23040K)
[24.955s][info][gc             ] GC(7) Pause Young (GCLocker Initiated GC) 1193M->110M(3959M) 38.308ms
[24.955s][info][gc,cpu         ] GC(7) User=0.00s Sys=0.00s Real=0.03s
[30.549s][info][gc,start       ] GC(8) Pause Young (Allocation Failure)
[30.571s][info][gc,heap        ] GC(8) DefNew: 1185229K->66482K(1258304K)
[30.571s][info][gc,heap        ] GC(8) Tenured: 46062K->46062K(2796224K)
[30.571s][info][gc,metaspace   ] GC(8) Metaspace: 129397K(138416K)->129397K(138416K) NonClass: 110697K(115120K)->110697K(115120K) Class: 18699K(23296K)->18699K(23296K)
[30.571s][info][gc             ] GC(8) Pause Young (Allocation Failure) 1202M->109M(3959M) 22.787ms
[30.571s][info][gc,cpu         ] GC(8) User=0.03s Sys=0.00s Real=0.02s
[33.374s][info][gc,start       ] GC(9) Pause Full (System.gc())
[33.375s][info][gc,phases,start] GC(9) Phase 1: Mark live objects
[33.465s][info][gc,phases      ] GC(9) Phase 1: Mark live objects 90.064ms
[33.466s][info][gc,phases,start] GC(9) Phase 2: Compute new object addresses
[33.520s][info][gc,phases      ] GC(9) Phase 2: Compute new object addresses 54.086ms
[33.520s][info][gc,phases,start] GC(9) Phase 3: Adjust pointers
[33.553s][info][gc,phases      ] GC(9) Phase 3: Adjust pointers 32.976ms
[33.553s][info][gc,phases,start] GC(9) Phase 4: Move objects
[33.561s][info][gc,phases      ] GC(9) Phase 4: Move objects 8.137ms
[33.562s][info][gc,heap        ] GC(9) DefNew: 700919K->0K(1258304K)
[33.562s][info][gc,heap        ] GC(9) Tenured: 46062K->60627K(2796224K)
[33.562s][info][gc,metaspace   ] GC(9) Metaspace: 143476K(152880K)->143476K(152880K) NonClass: 123008K(127664K)->123008K(127664K) Class: 20468K(25216K)->20468K(25216K)
[33.565s][info][gc             ] GC(9) Pause Full (System.gc()) 729M->59M(3959M) 191.032ms
[33.565s][info][gc,cpu         ] GC(9) User=0.17s Sys=0.00s Real=0.19s
[33.985s][info][gc,start       ] GC(10) Pause Young (Allocation Failure)
[33.995s][info][gc,heap        ] GC(10) DefNew: 1117175K->30210K(1258304K)
[33.995s][info][gc,heap        ] GC(10) Tenured: 60627K->60627K(2796224K)
[33.995s][info][gc,metaspace   ] GC(10) Metaspace: 138921K(152880K)->138921K(152880K) NonClass: 120204K(127664K)->120204K(127664K) Class: 18717K(25216K)->18717K(25216K)
[33.995s][info][gc             ] GC(10) Pause Young (Allocation Failure) 1150M->88M(3959M) 10.738ms
[33.995s][info][gc,cpu         ] GC(10) User=0.02s Sys=0.00s Real=0.02s
[34.412s][info][gc,start       ] GC(11) Pause Young (Allocation Failure)
[34.424s][info][gc,heap        ] GC(11) DefNew: 1147457K->47592K(1258304K)
[34.424s][info][gc,heap        ] GC(11) Tenured: 60627K->60627K(2796224K)
[34.424s][info][gc,metaspace   ] GC(11) Metaspace: 138954K(152880K)->138954K(152880K) NonClass: 120237K(127664K)->120237K(127664K) Class: 18717K(25216K)->18717K(25216K)
[34.424s][info][gc             ] GC(11) Pause Young (Allocation Failure) 1179M->105M(3959M) 12.193ms
[34.424s][info][gc,cpu         ] GC(11) User=0.00s Sys=0.00s Real=0.02s
[37.487s][info][gc,start       ] GC(12) Pause Young (Allocation Failure)
[37.501s][info][gc,heap        ] GC(12) DefNew: 1166120K->58813K(1258304K)
[37.501s][info][gc,heap        ] GC(12) Tenured: 60627K->60627K(2796224K)
[37.501s][info][gc,metaspace   ] GC(12) Metaspace: 139214K(153136K)->139214K(153136K) NonClass: 120497K(127920K)->120497K(127920K) Class: 18717K(25216K)->18717K(25216K)
[37.501s][info][gc             ] GC(12) Pause Young (Allocation Failure) 1197M->116M(3959M) 13.948ms
[37.501s][info][gc,cpu         ] GC(12) User=0.00s Sys=0.00s Real=0.02s
[41.696s][info][gc,start       ] GC(13) Pause Full (System.gc())
[41.699s][info][gc,phases,start] GC(13) Phase 1: Mark live objects
[41.769s][info][gc,phases      ] GC(13) Phase 1: Mark live objects 70.302ms
[41.769s][info][gc,phases,start] GC(13) Phase 2: Compute new object addresses
[41.861s][info][gc,phases      ] GC(13) Phase 2: Compute new object addresses 92.333ms
[41.861s][info][gc,phases,start] GC(13) Phase 3: Adjust pointers
[41.896s][info][gc,phases      ] GC(13) Phase 3: Adjust pointers 34.322ms
[41.896s][info][gc,phases,start] GC(13) Phase 4: Move objects
[41.899s][info][gc,phases      ] GC(13) Phase 4: Move objects 2.888ms
[41.899s][info][gc,heap        ] GC(13) DefNew: 1149484K->0K(1258304K)
[41.899s][info][gc,heap        ] GC(13) Tenured: 60627K->65536K(2796224K)
[41.899s][info][gc,metaspace   ] GC(13) Metaspace: 139721K(153392K)->139721K(153392K) NonClass: 121004K(128176K)->121004K(128176K) Class: 18717K(25216K)->18717K(25216K)
[41.899s][info][gc             ] GC(13) Pause Full (System.gc()) 1181M->64M(3959M) 203.714ms
[41.900s][info][gc,cpu         ] GC(13) User=0.19s Sys=0.00s Real=0.20s
[42.294s][info][gc,start       ] GC(14) Pause Young (Allocation Failure)
[42.305s][info][gc,heap        ] GC(14) DefNew: 1115108K->50340K(1258304K)
[42.305s][info][gc,heap        ] GC(14) Tenured: 65536K->65536K(2796224K)
[42.305s][info][gc,metaspace   ] GC(14) Metaspace: 140016K(153648K)->140016K(153648K) NonClass: 121272K(128432K)->121272K(128432K) Class: 18743K(25216K)->18743K(25216K)
[42.305s][info][gc             ] GC(14) Pause Young (Allocation Failure) 1152M->113M(3959M) 11.278ms
[42.305s][info][gc,cpu         ] GC(14) User=0.00s Sys=0.00s Real=0.02s
[42.626s][info][gc,start       ] GC(15) Pause Young (Allocation Failure)
[42.639s][info][gc,heap        ] GC(15) DefNew: 1165615K->57218K(1258304K)
[42.639s][info][gc,heap        ] GC(15) Tenured: 65536K->65536K(2796224K)
[42.639s][info][gc,metaspace   ] GC(15) Metaspace: 140031K(153648K)->140031K(153648K) NonClass: 121288K(128432K)->121288K(128432K) Class: 18743K(25216K)->18743K(25216K)
[42.639s][info][gc             ] GC(15) Pause Young (Allocation Failure) 1202M->119M(3959M) 13.045ms
[42.639s][info][gc,cpu         ] GC(15) User=0.03s Sys=0.00s Real=0.01s
[45.495s][info][gc,start       ] GC(16) Pause Young (Allocation Failure)
[45.509s][info][gc,heap        ] GC(16) DefNew: 1175746K->58510K(1258304K)
[45.509s][info][gc,heap        ] GC(16) Tenured: 65536K->65536K(2796224K)
[45.509s][info][gc,metaspace   ] GC(16) Metaspace: 140124K(153648K)->140124K(153648K) NonClass: 121380K(128432K)->121380K(128432K) Class: 18743K(25216K)->18743K(25216K)
[45.509s][info][gc             ] GC(16) Pause Young (Allocation Failure) 1212M->121M(3959M) 14.630ms
[45.509s][info][gc,cpu         ] GC(16) User=0.00s Sys=0.00s Real=0.02s
[50.345s][info][gc,start       ] GC(17) Pause Full (System.gc())
[50.359s][info][gc,phases,start] GC(17) Phase 1: Mark live objects
[50.964s][info][gc,phases      ] GC(17) Phase 1: Mark live objects 604.707ms
[50.964s][info][gc,phases,start] GC(17) Phase 2: Compute new object addresses
[51.693s][info][gc,phases      ] GC(17) Phase 2: Compute new object addresses 729.351ms
[51.693s][info][gc,phases,start] GC(17) Phase 3: Adjust pointers
[51.961s][info][gc,phases      ] GC(17) Phase 3: Adjust pointers 267.518ms
[51.961s][info][gc,phases,start] GC(17) Phase 4: Move objects
[51.982s][info][gc,phases      ] GC(17) Phase 4: Move objects 20.699ms
[51.985s][info][gc,heap        ] GC(17) DefNew: 1142038K->0K(1258304K)
[51.985s][info][gc,heap        ] GC(17) Tenured: 65536K->70390K(2796224K)
[51.985s][info][gc,metaspace   ] GC(17) Metaspace: 140256K(153904K)->140256K(153904K) NonClass: 121512K(128688K)->121512K(128688K) Class: 18744K(25216K)->18744K(25216K)
[51.986s][info][gc             ] GC(17) Pause Full (System.gc()) 1179M->68M(3959M) 1640.679ms
[51.986s][info][gc,cpu         ] GC(17) User=1.23s Sys=0.00s Real=1.65s
[53.043s][info][gc,start       ] GC(18) Pause Young (Allocation Failure)
[53.053s][info][gc,heap        ] GC(18) DefNew: 1117337K->36807K(1258304K)
[53.053s][info][gc,heap        ] GC(18) Tenured: 70390K->70390K(2796224K)
[53.053s][info][gc,metaspace   ] GC(18) Metaspace: 140390K(153904K)->140390K(153904K) NonClass: 121648K(128688K)->121648K(128688K) Class: 18742K(25216K)->18742K(25216K)
[53.053s][info][gc             ] GC(18) Pause Young (Allocation Failure) 1159M->104M(3959M) 9.718ms
[53.053s][info][gc,cpu         ] GC(18) User=0.00s Sys=0.00s Real=0.02s
[53.374s][info][gc,start       ] GC(19) Pause Young (GCLocker Initiated GC)
[53.387s][info][gc,heap        ] GC(19) DefNew: 1155355K->54805K(1258304K)
[53.387s][info][gc,heap        ] GC(19) Tenured: 70390K->70390K(2796224K)
[53.387s][info][gc,metaspace   ] GC(19) Metaspace: 140411K(153904K)->140411K(153904K) NonClass: 121665K(128688K)->121665K(128688K) Class: 18745K(25216K)->18745K(25216K)
[53.387s][info][gc             ] GC(19) Pause Young (GCLocker Initiated GC) 1197M->122M(3959M) 13.045ms
[53.387s][info][gc,cpu         ] GC(19) User=0.00s Sys=0.00s Real=0.01s
[56.410s][info][gc,start       ] GC(20) Pause Young (Allocation Failure)
[56.425s][info][gc,heap        ] GC(20) DefNew: 1173333K->59966K(1258304K)
[56.425s][info][gc,heap        ] GC(20) Tenured: 70390K->70390K(2796224K)
[56.425s][info][gc,metaspace   ] GC(20) Metaspace: 140455K(154160K)->140455K(154160K) NonClass: 121710K(128944K)->121710K(128944K) Class: 18745K(25216K)->18745K(25216K)
[56.425s][info][gc             ] GC(20) Pause Young (Allocation Failure) 1214M->127M(3959M) 15.433ms
[56.425s][info][gc,cpu         ] GC(20) User=0.02s Sys=0.00s Real=0.02s
[60.412s][info][gc,start       ] GC(21) Pause Full (System.gc())
[60.415s][info][gc,phases,start] GC(21) Phase 1: Mark live objects
[60.515s][info][gc,phases      ] GC(21) Phase 1: Mark live objects 99.850ms
[60.515s][info][gc,phases,start] GC(21) Phase 2: Compute new object addresses
[60.605s][info][gc,phases      ] GC(21) Phase 2: Compute new object addresses 90.478ms
[60.605s][info][gc,phases,start] GC(21) Phase 3: Adjust pointers
[60.643s][info][gc,phases      ] GC(21) Phase 3: Adjust pointers 38.011ms
[60.643s][info][gc,phases,start] GC(21) Phase 4: Move objects
[60.657s][info][gc,phases      ] GC(21) Phase 4: Move objects 13.982ms
[60.658s][info][gc,heap        ] GC(21) DefNew: 1100138K->0K(1258304K)
[60.658s][info][gc,heap        ] GC(21) Tenured: 70390K->64204K(2796224K)
[60.658s][info][gc,metaspace   ] GC(21) Metaspace: 140558K(154160K)->140558K(154160K) NonClass: 121812K(128944K)->121812K(128944K) Class: 18745K(25216K)->18745K(25216K)
[60.658s][info][gc             ] GC(21) Pause Full (System.gc()) 1143M->62M(3959M) 245.769ms
[60.658s][info][gc,cpu         ] GC(21) User=0.28s Sys=0.00s Real=0.24s
[61.093s][info][gc,start       ] GC(22) Pause Young (Allocation Failure)
[61.103s][info][gc,heap        ] GC(22) DefNew: 1118528K->32212K(1258304K)
[61.103s][info][gc,heap        ] GC(22) Tenured: 64204K->64204K(2796224K)
[61.103s][info][gc,metaspace   ] GC(22) Metaspace: 140679K(154160K)->140679K(154160K) NonClass: 121934K(128944K)->121934K(128944K) Class: 18744K(25216K)->18744K(25216K)
[61.103s][info][gc             ] GC(22) Pause Young (Allocation Failure) 1155M->94M(3959M) 9.633ms
[61.103s][info][gc,cpu         ] GC(22) User=0.00s Sys=0.00s Real=0.02s
[61.424s][info][gc,start       ] GC(23) Pause Young (Allocation Failure)
[61.437s][info][gc,heap        ] GC(23) DefNew: 1150740K->51935K(1258304K)
[61.437s][info][gc,heap        ] GC(23) Tenured: 64204K->64204K(2796224K)
[61.437s][info][gc,metaspace   ] GC(23) Metaspace: 140681K(154160K)->140681K(154160K) NonClass: 121937K(128944K)->121937K(128944K) Class: 18744K(25216K)->18744K(25216K)
[61.437s][info][gc             ] GC(23) Pause Young (Allocation Failure) 1186M->113M(3959M) 13.600ms
[61.437s][info][gc,cpu         ] GC(23) User=0.02s Sys=0.00s Real=0.01s
[66.441s][info][gc,start       ] GC(24) Pause Young (Allocation Failure)
[66.455s][info][gc,heap        ] GC(24) DefNew: 1170463K->58862K(1258304K)
[66.456s][info][gc,heap        ] GC(24) Tenured: 64204K->64204K(2796224K)
[66.456s][info][gc,metaspace   ] GC(24) Metaspace: 140707K(154160K)->140707K(154160K) NonClass: 121962K(128944K)->121962K(128944K) Class: 18744K(25216K)->18744K(25216K)
[66.456s][info][gc             ] GC(24) Pause Young (Allocation Failure) 1205M->120M(3959M) 14.292ms
[66.456s][info][gc,cpu         ] GC(24) User=0.00s Sys=0.00s Real=0.01s
[70.162s][info][gc,start       ] GC(25) Pause Full (System.gc())
[70.164s][info][gc,phases,start] GC(25) Phase 1: Mark live objects
[70.236s][info][gc,phases      ] GC(25) Phase 1: Mark live objects 72.038ms
[70.236s][info][gc,phases,start] GC(25) Phase 2: Compute new object addresses
[70.327s][info][gc,phases      ] GC(25) Phase 2: Compute new object addresses 90.360ms
[70.327s][info][gc,phases,start] GC(25) Phase 3: Adjust pointers
[70.362s][info][gc,phases      ] GC(25) Phase 3: Adjust pointers 35.541ms
[70.362s][info][gc,phases,start] GC(25) Phase 4: Move objects
[70.364s][info][gc,phases      ] GC(25) Phase 4: Move objects 1.722ms
[70.365s][info][gc,heap        ] GC(25) DefNew: 1078235K->0K(1258304K)
[70.365s][info][gc,heap        ] GC(25) Tenured: 64204K->68849K(2796224K)
[70.365s][info][gc,metaspace   ] GC(25) Metaspace: 140828K(154416K)->140828K(154416K) NonClass: 122083K(129200K)->122083K(129200K) Class: 18744K(25216K)->18744K(25216K)
[70.365s][info][gc             ] GC(25) Pause Full (System.gc()) 1115M->67M(3959M) 203.118ms
[70.365s][info][gc,cpu         ] GC(25) User=0.19s Sys=0.00s Real=0.20s
[70.792s][info][gc,start       ] GC(26) Pause Young (Allocation Failure)
[70.803s][info][gc,heap        ] GC(26) DefNew: 1118527K->45382K(1258304K)
[70.804s][info][gc,heap        ] GC(26) Tenured: 68849K->68849K(2796224K)
[70.804s][info][gc,metaspace   ] GC(26) Metaspace: 140959K(154416K)->140959K(154416K) NonClass: 122215K(129200K)->122215K(129200K) Class: 18744K(25216K)->18744K(25216K)
[70.804s][info][gc             ] GC(26) Pause Young (Allocation Failure) 1159M->111M(3959M) 11.425ms
[70.804s][info][gc,cpu         ] GC(26) User=0.00s Sys=0.00s Real=0.02s
[71.366s][info][gc,start       ] GC(27) Pause Young (Allocation Failure)
[71.415s][info][gc,heap        ] GC(27) DefNew: 1162220K->53717K(1258304K)
[71.415s][info][gc,heap        ] GC(27) Tenured: 68849K->68849K(2796224K)
[71.415s][info][gc,metaspace   ] GC(27) Metaspace: 140959K(154416K)->140959K(154416K) NonClass: 122215K(129200K)->122215K(129200K) Class: 18744K(25216K)->18744K(25216K)
[71.415s][info][gc             ] GC(27) Pause Young (Allocation Failure) 1202M->119M(3959M) 49.610ms
[71.416s][info][gc,cpu         ] GC(27) User=0.03s Sys=0.00s Real=0.05s
[77.176s][info][gc,start       ] GC(28) Pause Young (Allocation Failure)
[77.194s][info][gc,heap        ] GC(28) DefNew: 1172245K->62199K(1258304K)
[77.194s][info][gc,heap        ] GC(28) Tenured: 68849K->68849K(2796224K)
[77.194s][info][gc,metaspace   ] GC(28) Metaspace: 140980K(154416K)->140980K(154416K) NonClass: 122235K(129200K)->122235K(129200K) Class: 18745K(25216K)->18745K(25216K)
[77.194s][info][gc             ] GC(28) Pause Young (Allocation Failure) 1212M->127M(3959M) 17.525ms
[77.194s][info][gc,cpu         ] GC(28) User=0.11s Sys=0.00s Real=0.02s
[83.861s][info][gc,start       ] GC(29) Pause Full (System.gc())
[83.864s][info][gc,phases,start] GC(29) Phase 1: Mark live objects
[83.933s][info][gc,phases      ] GC(29) Phase 1: Mark live objects 69.136ms
[83.933s][info][gc,phases,start] GC(29) Phase 2: Compute new object addresses
[84.023s][info][gc,phases      ] GC(29) Phase 2: Compute new object addresses 89.724ms
[84.023s][info][gc,phases,start] GC(29) Phase 3: Adjust pointers
[84.059s][info][gc,phases      ] GC(29) Phase 3: Adjust pointers 36.642ms
[84.059s][info][gc,phases,start] GC(29) Phase 4: Move objects
[84.062s][info][gc,phases      ] GC(29) Phase 4: Move objects 2.758ms
[84.063s][info][gc,heap        ] GC(29) DefNew: 1096140K->0K(1258304K)
[84.063s][info][gc,heap        ] GC(29) Tenured: 68849K->73489K(2796224K)
[84.063s][info][gc,metaspace   ] GC(29) Metaspace: 141038K(154416K)->141038K(154416K) NonClass: 122293K(129200K)->122293K(129200K) Class: 18745K(25216K)->18745K(25216K)
[84.063s][info][gc             ] GC(29) Pause Full (System.gc()) 1137M->71M(3959M) 202.245ms
[84.063s][info][gc,cpu         ] GC(29) User=0.14s Sys=0.00s Real=0.20s
[84.510s][info][gc,start       ] GC(30) Pause Young (GCLocker Initiated GC)
[84.521s][info][gc,heap        ] GC(30) DefNew: 1120190K->45524K(1258304K)
[84.521s][info][gc,heap        ] GC(30) Tenured: 73489K->73489K(2796224K)
[84.521s][info][gc,metaspace   ] GC(30) Metaspace: 141126K(154672K)->141126K(154672K) NonClass: 122381K(129456K)->122381K(129456K) Class: 18745K(25216K)->18745K(25216K)
[84.521s][info][gc             ] GC(30) Pause Young (GCLocker Initiated GC) 1165M->116M(3959M) 10.693ms
[84.521s][info][gc,cpu         ] GC(30) User=0.00s Sys=0.00s Real=0.00s
[84.837s][info][gc,start       ] GC(31) Pause Young (Allocation Failure)
[84.850s][info][gc,heap        ] GC(31) DefNew: 1164052K->54031K(1258304K)
[84.850s][info][gc,heap        ] GC(31) Tenured: 73489K->73489K(2796224K)
[84.850s][info][gc,metaspace   ] GC(31) Metaspace: 141145K(154672K)->141145K(154672K) NonClass: 122400K(129456K)->122400K(129456K) Class: 18745K(25216K)->18745K(25216K)
[84.850s][info][gc             ] GC(31) Pause Young (Allocation Failure) 1208M->124M(3959M) 13.147ms
[84.850s][info][gc,cpu         ] GC(31) User=0.00s Sys=0.00s Real=0.00s
[88.097s][info][gc,start       ] GC(32) Pause Young (Allocation Failure)
[88.112s][info][gc,heap        ] GC(32) DefNew: 1172559K->59037K(1258304K)
[88.112s][info][gc,heap        ] GC(32) Tenured: 73489K->73489K(2796224K)
[88.112s][info][gc,metaspace   ] GC(32) Metaspace: 141167K(154672K)->141167K(154672K) NonClass: 122422K(129456K)->122422K(129456K) Class: 18745K(25216K)->18745K(25216K)
[88.112s][info][gc             ] GC(32) Pause Young (Allocation Failure) 1216M->129M(3959M) 15.081ms
[88.112s][info][gc,cpu         ] GC(32) User=0.00s Sys=0.00s Real=0.02s
[93.432s][info][gc,start       ] GC(33) Pause Full (System.gc())
[93.451s][info][gc,phases,start] GC(33) Phase 1: Mark live objects
[93.568s][info][gc,phases      ] GC(33) Phase 1: Mark live objects 116.423ms
[93.568s][info][gc,phases,start] GC(33) Phase 2: Compute new object addresses
[93.656s][info][gc,phases      ] GC(33) Phase 2: Compute new object addresses 87.730ms
[93.656s][info][gc,phases,start] GC(33) Phase 3: Adjust pointers
[93.693s][info][gc,phases      ] GC(33) Phase 3: Adjust pointers 36.794ms
[93.693s][info][gc,phases,start] GC(33) Phase 4: Move objects
[93.695s][info][gc,phases      ] GC(33) Phase 4: Move objects 2.877ms
[93.696s][info][gc,heap        ] GC(33) DefNew: 1054792K->0K(1258304K)
[93.696s][info][gc,heap        ] GC(33) Tenured: 73489K->78020K(2796224K)
[93.696s][info][gc,metaspace   ] GC(33) Metaspace: 141223K(154672K)->141223K(154672K) NonClass: 122475K(129456K)->122475K(129456K) Class: 18747K(25216K)->18747K(25216K)
[93.696s][info][gc             ] GC(33) Pause Full (System.gc()) 1101M->76M(3959M) 264.030ms
[93.696s][info][gc,cpu         ] GC(33) User=0.22s Sys=0.00s Real=0.27s
[94.132s][info][gc,start       ] GC(34) Pause Young (Allocation Failure)
[94.143s][info][gc,heap        ] GC(34) DefNew: 1115715K->41655K(1258304K)
[94.143s][info][gc,heap        ] GC(34) Tenured: 78020K->78020K(2796224K)
[94.143s][info][gc,metaspace   ] GC(34) Metaspace: 141303K(154672K)->141303K(154672K) NonClass: 122555K(129456K)->122555K(129456K) Class: 18747K(25216K)->18747K(25216K)
[94.143s][info][gc             ] GC(34) Pause Young (Allocation Failure) 1165M->116M(3959M) 10.425ms
[94.143s][info][gc,cpu         ] GC(34) User=0.00s Sys=0.00s Real=0.00s
[94.444s][info][gc,start       ] GC(35) Pause Young (GCLocker Initiated GC)
[94.457s][info][gc,heap        ] GC(35) DefNew: 1164280K->59688K(1258304K)
[94.457s][info][gc,heap        ] GC(35) Tenured: 78020K->78020K(2796224K)
[94.457s][info][gc,metaspace   ] GC(35) Metaspace: 141310K(154672K)->141310K(154672K) NonClass: 122562K(129456K)->122562K(129456K) Class: 18747K(25216K)->18747K(25216K)
[94.457s][info][gc             ] GC(35) Pause Young (GCLocker Initiated GC) 1213M->134M(3959M) 12.669ms
[94.457s][info][gc,cpu         ] GC(35) User=0.00s Sys=0.00s Real=0.01s
[97.718s][info][gc,start       ] GC(36) Pause Young (Allocation Failure)
[97.732s][info][gc,heap        ] GC(36) DefNew: 1178216K->58100K(1258304K)
[97.732s][info][gc,heap        ] GC(36) Tenured: 78020K->78020K(2796224K)
[97.732s][info][gc,metaspace   ] GC(36) Metaspace: 141345K(154672K)->141345K(154672K) NonClass: 122598K(129456K)->122598K(129456K) Class: 18747K(25216K)->18747K(25216K)
[97.732s][info][gc             ] GC(36) Pause Young (Allocation Failure) 1226M->132M(3959M) 13.333ms
[97.732s][info][gc,cpu         ] GC(36) User=0.00s Sys=0.00s Real=0.02s
[103.953s][info][gc,start       ] GC(37) Pause Full (System.gc())
[103.956s][info][gc,phases,start] GC(37) Phase 1: Mark live objects
[104.026s][info][gc,phases      ] GC(37) Phase 1: Mark live objects 69.580ms
[104.026s][info][gc,phases,start] GC(37) Phase 2: Compute new object addresses
[104.114s][info][gc,phases      ] GC(37) Phase 2: Compute new object addresses 88.146ms
[104.114s][info][gc,phases,start] GC(37) Phase 3: Adjust pointers
[104.153s][info][gc,phases      ] GC(37) Phase 3: Adjust pointers 38.694ms
[104.153s][info][gc,phases,start] GC(37) Phase 4: Move objects
[104.163s][info][gc,phases      ] GC(37) Phase 4: Move objects 10.623ms
[104.164s][info][gc,heap        ] GC(37) DefNew: 1061111K->0K(1258304K)
[104.165s][info][gc,heap        ] GC(37) Tenured: 78020K->65692K(2796224K)
[104.165s][info][gc,metaspace   ] GC(37) Metaspace: 141418K(154928K)->141418K(154928K) NonClass: 122670K(129712K)->122670K(129712K) Class: 18747K(25216K)->18747K(25216K)
[104.165s][info][gc             ] GC(37) Pause Full (System.gc()) 1112M->64M(3959M) 211.575ms
[104.165s][info][gc,cpu         ] GC(37) User=0.19s Sys=0.00s Real=0.22s
[104.573s][info][gc,start       ] GC(38) Pause Young (Allocation Failure)
[104.583s][info][gc,heap        ] GC(38) DefNew: 1115293K->35554K(1258304K)
[104.583s][info][gc,heap        ] GC(38) Tenured: 65692K->65692K(2796224K)
[104.583s][info][gc,metaspace   ] GC(38) Metaspace: 141464K(154928K)->141464K(154928K) NonClass: 122717K(129712K)->122717K(129712K) Class: 18747K(25216K)->18747K(25216K)
[104.583s][info][gc             ] GC(38) Pause Young (Allocation Failure) 1153M->98M(3959M) 9.895ms
[104.583s][info][gc,cpu         ] GC(38) User=0.02s Sys=0.00s Real=0.01s
[104.888s][info][gc,start       ] GC(39) Pause Young (Allocation Failure)
[104.901s][info][gc,heap        ] GC(39) DefNew: 1154082K->59545K(1258304K)
[104.901s][info][gc,heap        ] GC(39) Tenured: 65692K->65692K(2796224K)
[104.901s][info][gc,metaspace   ] GC(39) Metaspace: 141470K(154928K)->141470K(154928K) NonClass: 122722K(129712K)->122722K(129712K) Class: 18747K(25216K)->18747K(25216K)
[104.902s][info][gc             ] GC(39) Pause Young (Allocation Failure) 1191M->122M(3959M) 13.419ms
[104.902s][info][gc,cpu         ] GC(39) User=0.02s Sys=0.00s Real=0.00s
[108.059s][info][gc,start       ] GC(40) Pause Young (Allocation Failure)
[108.073s][info][gc,heap        ] GC(40) DefNew: 1178073K->58165K(1258304K)
[108.073s][info][gc,heap        ] GC(40) Tenured: 65692K->65692K(2796224K)
[108.073s][info][gc,metaspace   ] GC(40) Metaspace: 141478K(154928K)->141478K(154928K) NonClass: 122730K(129712K)->122730K(129712K) Class: 18748K(25216K)->18748K(25216K)
[108.073s][info][gc             ] GC(40) Pause Young (Allocation Failure) 1214M->120M(3959M) 14.050ms
[108.073s][info][gc,cpu         ] GC(40) User=0.00s Sys=0.00s Real=0.02s
[111.661s][info][gc,start       ] GC(41) Pause Full (System.gc())
[111.664s][info][gc,phases,start] GC(41) Phase 1: Mark live objects
[111.737s][info][gc,phases      ] GC(41) Phase 1: Mark live objects 72.881ms
[111.737s][info][gc,phases,start] GC(41) Phase 2: Compute new object addresses
[111.825s][info][gc,phases      ] GC(41) Phase 2: Compute new object addresses 88.745ms
[111.825s][info][gc,phases,start] GC(41) Phase 3: Adjust pointers
[111.864s][info][gc,phases      ] GC(41) Phase 3: Adjust pointers 38.111ms
[111.864s][info][gc,phases,start] GC(41) Phase 4: Move objects
[111.865s][info][gc,phases      ] GC(41) Phase 4: Move objects 1.687ms
[111.866s][info][gc,heap        ] GC(41) DefNew: 1057669K->0K(1258304K)
[111.866s][info][gc,heap        ] GC(41) Tenured: 65692K->70270K(2796224K)
[111.866s][info][gc,metaspace   ] GC(41) Metaspace: 141541K(154928K)->141541K(154928K) NonClass: 122792K(129712K)->122792K(129712K) Class: 18748K(25216K)->18748K(25216K)
[111.866s][info][gc             ] GC(41) Pause Full (System.gc()) 1097M->68M(3959M) 205.451ms
[111.866s][info][gc,cpu         ] GC(41) User=0.16s Sys=0.00s Real=0.20s
[112.246s][info][gc,start       ] GC(42) Pause Young (Allocation Failure)
[112.258s][info][gc,heap        ] GC(42) DefNew: 1116261K->55490K(1258304K)
[112.258s][info][gc,heap        ] GC(42) Tenured: 70270K->70270K(2796224K)
[112.258s][info][gc,metaspace   ] GC(42) Metaspace: 141653K(154928K)->141653K(154928K) NonClass: 122905K(129712K)->122905K(129712K) Class: 18748K(25216K)->18748K(25216K)
[112.258s][info][gc             ] GC(42) Pause Young (Allocation Failure) 1158M->122M(3959M) 12.119ms
[112.258s][info][gc,cpu         ] GC(42) User=0.00s Sys=0.00s Real=0.02s
[112.575s][info][gc,start       ] GC(43) Pause Young (Allocation Failure)
[112.589s][info][gc,heap        ] GC(43) DefNew: 1171640K->57914K(1258304K)
[112.589s][info][gc,heap        ] GC(43) Tenured: 70270K->70270K(2796224K)
[112.589s][info][gc,metaspace   ] GC(43) Metaspace: 141660K(154928K)->141660K(154928K) NonClass: 122912K(129712K)->122912K(129712K) Class: 18748K(25216K)->18748K(25216K)
[112.589s][info][gc             ] GC(43) Pause Young (Allocation Failure) 1212M->125M(3959M) 13.383ms
[112.589s][info][gc,cpu         ] GC(43) User=0.02s Sys=0.00s Real=0.02s
[115.653s][info][gc,start       ] GC(44) Pause Young (GCLocker Initiated GC)
[115.668s][info][gc,heap        ] GC(44) DefNew: 1176443K->60490K(1258304K)
[115.668s][info][gc,heap        ] GC(44) Tenured: 70270K->70270K(2796224K)
[115.668s][info][gc,metaspace   ] GC(44) Metaspace: 141705K(154928K)->141705K(154928K) NonClass: 122957K(129712K)->122957K(129712K) Class: 18748K(25216K)->18748K(25216K)
[115.668s][info][gc             ] GC(44) Pause Young (GCLocker Initiated GC) 1217M->127M(3959M) 15.246ms
[115.669s][info][gc,cpu         ] GC(44) User=0.00s Sys=0.00s Real=0.02s
[119.570s][info][gc,start       ] GC(45) Pause Full (System.gc())
[119.571s][info][gc,phases,start] GC(45) Phase 1: Mark live objects
[119.644s][info][gc,phases      ] GC(45) Phase 1: Mark live objects 72.851ms
[119.644s][info][gc,phases,start] GC(45) Phase 2: Compute new object addresses
[119.733s][info][gc,phases      ] GC(45) Phase 2: Compute new object addresses 89.328ms
[119.733s][info][gc,phases,start] GC(45) Phase 3: Adjust pointers
[119.772s][info][gc,phases      ] GC(45) Phase 3: Adjust pointers 38.513ms
[119.772s][info][gc,phases,start] GC(45) Phase 4: Move objects
[119.774s][info][gc,phases      ] GC(45) Phase 4: Move objects 1.708ms
[119.775s][info][gc,heap        ] GC(45) DefNew: 1072632K->0K(1258304K)
[119.775s][info][gc,heap        ] GC(45) Tenured: 70270K->74851K(2796224K)
[119.775s][info][gc,metaspace   ] GC(45) Metaspace: 141758K(155184K)->141758K(155184K) NonClass: 123009K(129968K)->123009K(129968K) Class: 18749K(25216K)->18749K(25216K)
[119.775s][info][gc             ] GC(45) Pause Full (System.gc()) 1116M->73M(3959M) 205.129ms
[119.775s][info][gc,cpu         ] GC(45) User=0.14s Sys=0.00s Real=0.20s
[120.195s][info][gc,start       ] GC(46) Pause Young (Allocation Failure)
[120.206s][info][gc,heap        ] GC(46) DefNew: 1118263K->45563K(1258304K)
[120.206s][info][gc,heap        ] GC(46) Tenured: 74851K->74851K(2796224K)
[120.206s][info][gc,metaspace   ] GC(46) Metaspace: 141806K(155184K)->141806K(155184K) NonClass: 123057K(129968K)->123057K(129968K) Class: 18749K(25216K)->18749K(25216K)
[120.206s][info][gc             ] GC(46) Pause Young (Allocation Failure) 1165M->117M(3959M) 11.136ms
[120.206s][info][gc,cpu         ] GC(46) User=0.00s Sys=0.00s Real=0.02s
[120.545s][info][gc,start       ] GC(47) Pause Young (Allocation Failure)
[120.558s][info][gc,heap        ] GC(47) DefNew: 1160365K->55185K(1258304K)
[120.558s][info][gc,heap        ] GC(47) Tenured: 74851K->74851K(2796224K)
[120.558s][info][gc,metaspace   ] GC(47) Metaspace: 141806K(155184K)->141806K(155184K) NonClass: 123057K(129968K)->123057K(129968K) Class: 18749K(25216K)->18749K(25216K)
[120.558s][info][gc             ] GC(47) Pause Young (Allocation Failure) 1206M->126M(3959M) 12.745ms
[120.558s][info][gc,cpu         ] GC(47) User=0.02s Sys=0.00s Real=0.01s
[123.907s][info][gc,start       ] GC(48) Pause Young (Allocation Failure)
[123.921s][info][gc,heap        ] GC(48) DefNew: 1173713K->58491K(1258304K)
[123.921s][info][gc,heap        ] GC(48) Tenured: 74851K->74851K(2796224K)
[123.921s][info][gc,metaspace   ] GC(48) Metaspace: 141821K(155184K)->141821K(155184K) NonClass: 123072K(129968K)->123072K(129968K) Class: 18749K(25216K)->18749K(25216K)
[123.921s][info][gc             ] GC(48) Pause Young (Allocation Failure) 1219M->130M(3959M) 14.233ms
[123.921s][info][gc,cpu         ] GC(48) User=0.03s Sys=0.00s Real=0.03s
[127.575s][info][gc,start       ] GC(49) Pause Full (System.gc())
[127.576s][info][gc,phases,start] GC(49) Phase 1: Mark live objects
[127.646s][info][gc,phases      ] GC(49) Phase 1: Mark live objects 69.501ms
[127.646s][info][gc,phases,start] GC(49) Phase 2: Compute new object addresses
[127.734s][info][gc,phases      ] GC(49) Phase 2: Compute new object addresses 88.297ms
[127.734s][info][gc,phases,start] GC(49) Phase 3: Adjust pointers
[127.774s][info][gc,phases      ] GC(49) Phase 3: Adjust pointers 39.714ms
[127.774s][info][gc,phases,start] GC(49) Phase 4: Move objects
[127.776s][info][gc,phases      ] GC(49) Phase 4: Move objects 1.990ms
[127.777s][info][gc,heap        ] GC(49) DefNew: 1061154K->0K(1258304K)
[127.777s][info][gc,heap        ] GC(49) Tenured: 74851K->79418K(2796224K)
[127.777s][info][gc,metaspace   ] GC(49) Metaspace: 141875K(155184K)->141875K(155184K) NonClass: 123126K(129968K)->123126K(129968K) Class: 18749K(25216K)->18749K(25216K)
[127.777s][info][gc             ] GC(49) Pause Full (System.gc()) 1109M->77M(3959M) 202.306ms
[127.777s][info][gc,cpu         ] GC(49) User=0.12s Sys=0.00s Real=0.20s
[128.161s][info][gc,start       ] GC(50) Pause Young (Allocation Failure)
[128.171s][info][gc,heap        ] GC(50) DefNew: 1118497K->41777K(1258304K)
[128.171s][info][gc,heap        ] GC(50) Tenured: 79418K->79418K(2796224K)
[128.171s][info][gc,metaspace   ] GC(50) Metaspace: 141915K(155184K)->141915K(155184K) NonClass: 123165K(129968K)->123165K(129968K) Class: 18749K(25216K)->18749K(25216K)
[128.171s][info][gc             ] GC(50) Pause Young (Allocation Failure) 1169M->118M(3959M) 10.578ms
[128.171s][info][gc,cpu         ] GC(50) User=0.00s Sys=0.00s Real=0.02s
[128.491s][info][gc,start       ] GC(51) Pause Young (Allocation Failure)
[128.503s][info][gc,heap        ] GC(51) DefNew: 1160305K->49644K(1258304K)
[128.503s][info][gc,heap        ] GC(51) Tenured: 79418K->79418K(2796224K)
[128.503s][info][gc,metaspace   ] GC(51) Metaspace: 141928K(155184K)->141928K(155184K) NonClass: 123179K(129968K)->123179K(129968K) Class: 18749K(25216K)->18749K(25216K)
[128.503s][info][gc             ] GC(51) Pause Young (Allocation Failure) 1210M->126M(3959M) 12.013ms
[128.503s][info][gc,cpu         ] GC(51) User=0.02s Sys=0.00s Real=0.02s
[131.670s][info][gc,start       ] GC(52) Pause Young (Allocation Failure)
[131.685s][info][gc,heap        ] GC(52) DefNew: 1168172K->59121K(1258304K)
[131.685s][info][gc,heap        ] GC(52) Tenured: 79418K->79418K(2796224K)
[131.685s][info][gc,metaspace   ] GC(52) Metaspace: 141956K(155184K)->141956K(155184K) NonClass: 123206K(129968K)->123206K(129968K) Class: 18749K(25216K)->18749K(25216K)
[131.685s][info][gc             ] GC(52) Pause Young (Allocation Failure) 1218M->135M(3959M) 15.181ms
[131.685s][info][gc,cpu         ] GC(52) User=0.00s Sys=0.00s Real=0.02s
[135.175s][info][gc,start       ] GC(53) Pause Full (System.gc())
[135.178s][info][gc,phases,start] GC(53) Phase 1: Mark live objects
[135.250s][info][gc,phases      ] GC(53) Phase 1: Mark live objects 72.763ms
[135.250s][info][gc,phases,start] GC(53) Phase 2: Compute new object addresses
[135.339s][info][gc,phases      ] GC(53) Phase 2: Compute new object addresses 88.705ms
[135.339s][info][gc,phases,start] GC(53) Phase 3: Adjust pointers
[135.379s][info][gc,phases      ] GC(53) Phase 3: Adjust pointers 39.877ms
[135.379s][info][gc,phases,start] GC(53) Phase 4: Move objects
[135.391s][info][gc,phases      ] GC(53) Phase 4: Move objects 11.908ms
[135.392s][info][gc,heap        ] GC(53) DefNew: 1063005K->0K(1258304K)
[135.392s][info][gc,heap        ] GC(53) Tenured: 79418K->67129K(2796224K)
[135.392s][info][gc,metaspace   ] GC(53) Metaspace: 142006K(155184K)->142006K(155184K) NonClass: 123256K(129968K)->123256K(129968K) Class: 18749K(25216K)->18749K(25216K)
[135.392s][info][gc             ] GC(53) Pause Full (System.gc()) 1115M->65M(3959M) 216.981ms
[135.392s][info][gc,cpu         ] GC(53) User=0.23s Sys=0.00s Real=0.23s
[135.755s][info][gc,start       ] GC(54) Pause Young (Allocation Failure)
[135.766s][info][gc,heap        ] GC(54) DefNew: 1116234K->37370K(1258304K)
[135.766s][info][gc,heap        ] GC(54) Tenured: 67129K->67129K(2796224K)
[135.766s][info][gc,metaspace   ] GC(54) Metaspace: 142053K(155184K)->142053K(155184K) NonClass: 123303K(129968K)->123303K(129968K) Class: 18749K(25216K)->18749K(25216K)
[135.766s][info][gc             ] GC(54) Pause Young (Allocation Failure) 1155M->102M(3959M) 10.806ms
[135.766s][info][gc,cpu         ] GC(54) User=0.00s Sys=0.00s Real=0.02s
[136.071s][info][gc,start       ] GC(55) Pause Young (Allocation Failure)
[136.083s][info][gc,heap        ] GC(55) DefNew: 1153448K->55281K(1258304K)
[136.083s][info][gc,heap        ] GC(55) Tenured: 67129K->67129K(2796224K)
[136.083s][info][gc,metaspace   ] GC(55) Metaspace: 142053K(155184K)->142053K(155184K) NonClass: 123303K(129968K)->123303K(129968K) Class: 18749K(25216K)->18749K(25216K)
[136.083s][info][gc             ] GC(55) Pause Young (Allocation Failure) 1191M->119M(3959M) 11.972ms
[136.083s][info][gc,cpu         ] GC(55) User=0.00s Sys=0.00s Real=0.02s
[139.200s][info][gc,start       ] GC(56) Pause Young (Allocation Failure)
[139.215s][info][gc,heap        ] GC(56) DefNew: 1173571K->58243K(1258304K)
[139.215s][info][gc,heap        ] GC(56) Tenured: 67129K->67129K(2796224K)
[139.215s][info][gc,metaspace   ] GC(56) Metaspace: 142080K(155184K)->142080K(155184K) NonClass: 123330K(129968K)->123330K(129968K) Class: 18749K(25216K)->18749K(25216K)
[139.215s][info][gc             ] GC(56) Pause Young (Allocation Failure) 1211M->122M(3959M) 15.008ms
[139.215s][info][gc,cpu         ] GC(56) User=0.02s Sys=0.00s Real=0.02s
[142.785s][info][gc,start       ] GC(57) Pause Full (System.gc())
[142.787s][info][gc,phases,start] GC(57) Phase 1: Mark live objects
[142.888s][info][gc,phases      ] GC(57) Phase 1: Mark live objects 101.101ms
[142.888s][info][gc,phases,start] GC(57) Phase 2: Compute new object addresses
[142.975s][info][gc,phases      ] GC(57) Phase 2: Compute new object addresses 87.549ms
[142.975s][info][gc,phases,start] GC(57) Phase 3: Adjust pointers
[143.013s][info][gc,phases      ] GC(57) Phase 3: Adjust pointers 37.713ms
[143.013s][info][gc,phases,start] GC(57) Phase 4: Move objects
[143.015s][info][gc,phases      ] GC(57) Phase 4: Move objects 1.666ms
[143.016s][info][gc,heap        ] GC(57) DefNew: 1059837K->0K(1258304K)
[143.016s][info][gc,heap        ] GC(57) Tenured: 67129K->71683K(2796224K)
[143.016s][info][gc,metaspace   ] GC(57) Metaspace: 142114K(155440K)->142114K(155440K) NonClass: 123361K(130224K)->123361K(130224K) Class: 18752K(25216K)->18752K(25216K)
[143.016s][info][gc             ] GC(57) Pause Full (System.gc()) 1100M->70M(3959M) 230.854ms
[143.016s][info][gc,cpu         ] GC(57) User=0.19s Sys=0.00s Real=0.24s
[143.423s][info][gc,start       ] GC(58) Pause Young (Allocation Failure)
[143.434s][info][gc,heap        ] GC(58) DefNew: 1114608K->46705K(1258304K)
[143.434s][info][gc,heap        ] GC(58) Tenured: 71683K->71683K(2796224K)
[143.434s][info][gc,metaspace   ] GC(58) Metaspace: 142158K(155440K)->142158K(155440K) NonClass: 123406K(130224K)->123406K(130224K) Class: 18751K(25216K)->18751K(25216K)
[143.434s][info][gc             ] GC(58) Pause Young (Allocation Failure) 1158M->115M(3959M) 10.592ms
[143.434s][info][gc,cpu         ] GC(58) User=0.00s Sys=0.00s Real=0.01s
[143.734s][info][gc,start       ] GC(59) Pause Young (Allocation Failure)
[143.747s][info][gc,heap        ] GC(59) DefNew: 1163596K->57849K(1258304K)
[143.747s][info][gc,heap        ] GC(59) Tenured: 71683K->71683K(2796224K)
[143.747s][info][gc,metaspace   ] GC(59) Metaspace: 142159K(155440K)->142159K(155440K) NonClass: 123407K(130224K)->123407K(130224K) Class: 18751K(25216K)->18751K(25216K)
[143.747s][info][gc             ] GC(59) Pause Young (Allocation Failure) 1206M->126M(3959M) 12.881ms
[143.747s][info][gc,cpu         ] GC(59) User=0.02s Sys=0.00s Real=0.02s
[151.488s][info][gc,start       ] GC(60) Pause Young (Allocation Failure)
[151.502s][info][gc,heap        ] GC(60) DefNew: 1175595K->58401K(1258304K)
[151.502s][info][gc,heap        ] GC(60) Tenured: 71683K->71683K(2796224K)
[151.502s][info][gc,metaspace   ] GC(60) Metaspace: 142167K(155440K)->142167K(155440K) NonClass: 123415K(130224K)->123415K(130224K) Class: 18751K(25216K)->18751K(25216K)
[151.502s][info][gc             ] GC(60) Pause Young (Allocation Failure) 1218M->127M(3959M) 13.556ms
[151.502s][info][gc,cpu         ] GC(60) User=0.00s Sys=0.00s Real=0.00s
[155.163s][info][gc,start       ] GC(61) Pause Full (System.gc())
[155.165s][info][gc,phases,start] GC(61) Phase 1: Mark live objects
[155.238s][info][gc,phases      ] GC(61) Phase 1: Mark live objects 73.022ms
[155.238s][info][gc,phases,start] GC(61) Phase 2: Compute new object addresses
[155.328s][info][gc,phases      ] GC(61) Phase 2: Compute new object addresses 90.302ms
[155.328s][info][gc,phases,start] GC(61) Phase 3: Adjust pointers
[155.367s][info][gc,phases      ] GC(61) Phase 3: Adjust pointers 38.670ms
[155.367s][info][gc,phases,start] GC(61) Phase 4: Move objects
[155.368s][info][gc,phases      ] GC(61) Phase 4: Move objects 1.775ms
[155.369s][info][gc,heap        ] GC(61) DefNew: 1060903K->0K(1258304K)
[155.369s][info][gc,heap        ] GC(61) Tenured: 71683K->76252K(2796224K)
[155.369s][info][gc,metaspace   ] GC(61) Metaspace: 142264K(155440K)->142264K(155440K) NonClass: 123512K(130224K)->123512K(130224K) Class: 18751K(25216K)->18751K(25216K)
[155.369s][info][gc             ] GC(61) Pause Full (System.gc()) 1106M->74M(3959M) 206.802ms
[155.369s][info][gc,cpu         ] GC(61) User=0.20s Sys=0.00s Real=0.20s
[155.736s][info][gc,start       ] GC(62) Pause Young (Allocation Failure)
[155.746s][info][gc,heap        ] GC(62) DefNew: 1116123K->45666K(1258304K)
[155.746s][info][gc,heap        ] GC(62) Tenured: 76252K->76252K(2796224K)
[155.746s][info][gc,metaspace   ] GC(62) Metaspace: 142303K(155440K)->142303K(155440K) NonClass: 123550K(130224K)->123550K(130224K) Class: 18752K(25216K)->18752K(25216K)
[155.747s][info][gc             ] GC(62) Pause Young (Allocation Failure) 1164M->119M(3959M) 10.908ms
[155.747s][info][gc,cpu         ] GC(62) User=0.00s Sys=0.00s Real=0.01s
[158.062s][info][gc,start       ] GC(63) Pause Young (Allocation Failure)
[158.108s][info][gc,heap        ] GC(63) DefNew: 1164194K->49439K(1258304K)
[158.108s][info][gc,heap        ] GC(63) Tenured: 76252K->76252K(2796224K)
[158.108s][info][gc,metaspace   ] GC(63) Metaspace: 142303K(155440K)->142303K(155440K) NonClass: 123550K(130224K)->123550K(130224K) Class: 18752K(25216K)->18752K(25216K)
[158.108s][info][gc             ] GC(63) Pause Young (Allocation Failure) 1211M->122M(3959M) 46.662ms
[158.109s][info][gc,cpu         ] GC(63) User=0.06s Sys=0.00s Real=0.05s
[161.896s][info][gc,start       ] GC(64) Pause Young (Allocation Failure)
[161.909s][info][gc,heap        ] GC(64) DefNew: 1165180K->58190K(1258304K)
[161.909s][info][gc,heap        ] GC(64) Tenured: 76252K->76252K(2796224K)
[161.909s][info][gc,metaspace   ] GC(64) Metaspace: 142319K(155440K)->142319K(155440K) NonClass: 123566K(130224K)->123566K(130224K) Class: 18752K(25216K)->18752K(25216K)
[161.909s][info][gc             ] GC(64) Pause Young (Allocation Failure) 1212M->131M(3959M) 13.108ms
[161.909s][info][gc,cpu         ] GC(64) User=0.00s Sys=0.00s Real=0.03s
[165.323s][info][gc,start       ] GC(65) Pause Full (System.gc())
[165.324s][info][gc,phases,start] GC(65) Phase 1: Mark live objects
[165.397s][info][gc,phases      ] GC(65) Phase 1: Mark live objects 72.870ms
[165.397s][info][gc,phases,start] GC(65) Phase 2: Compute new object addresses
[165.486s][info][gc,phases      ] GC(65) Phase 2: Compute new object addresses 88.896ms
[165.486s][info][gc,phases,start] GC(65) Phase 3: Adjust pointers
[165.525s][info][gc,phases      ] GC(65) Phase 3: Adjust pointers 38.782ms
[165.525s][info][gc,phases,start] GC(65) Phase 4: Move objects
[165.527s][info][gc,phases      ] GC(65) Phase 4: Move objects 2.086ms
[165.528s][info][gc,heap        ] GC(65) DefNew: 1059867K->0K(1258304K)
[165.528s][info][gc,heap        ] GC(65) Tenured: 76252K->80824K(2796224K)
[165.528s][info][gc,metaspace   ] GC(65) Metaspace: 142374K(155440K)->142374K(155440K) NonClass: 123621K(130224K)->123621K(130224K) Class: 18752K(25216K)->18752K(25216K)
[165.528s][info][gc             ] GC(65) Pause Full (System.gc()) 1109M->78M(3959M) 205.414ms
[165.528s][info][gc,cpu         ] GC(65) User=0.17s Sys=0.00s Real=0.20s
[165.964s][info][gc,start       ] GC(66) Pause Young (Allocation Failure)
[165.975s][info][gc,heap        ] GC(66) DefNew: 1114648K->39318K(1258304K)
[165.975s][info][gc,heap        ] GC(66) Tenured: 80824K->80824K(2796224K)
[165.975s][info][gc,metaspace   ] GC(66) Metaspace: 142443K(155440K)->142443K(155440K) NonClass: 123680K(130224K)->123680K(130224K) Class: 18763K(25216K)->18763K(25216K)
[165.975s][info][gc             ] GC(66) Pause Young (Allocation Failure) 1167M->117M(3959M) 11.256ms
[165.975s][info][gc,cpu         ] GC(66) User=0.03s Sys=0.00s Real=0.00s
[166.277s][info][gc,start       ] GC(67) Pause Young (Allocation Failure)
[166.289s][info][gc,heap        ] GC(67) DefNew: 1154616K->49728K(1258304K)
[166.289s][info][gc,heap        ] GC(67) Tenured: 80824K->80824K(2796224K)
[166.289s][info][gc,metaspace   ] GC(67) Metaspace: 142443K(155440K)->142443K(155440K) NonClass: 123680K(130224K)->123680K(130224K) Class: 18763K(25216K)->18763K(25216K)
[166.289s][info][gc             ] GC(67) Pause Young (Allocation Failure) 1206M->127M(3959M) 12.063ms
[166.289s][info][gc,cpu         ] GC(67) User=0.00s Sys=0.00s Real=0.00s
[169.313s][info][gc,start       ] GC(68) Pause Young (Allocation Failure)
[169.328s][info][gc,heap        ] GC(68) DefNew: 1167939K->58426K(1258304K)
[169.328s][info][gc,heap        ] GC(68) Tenured: 80824K->80824K(2796224K)
[169.328s][info][gc,metaspace   ] GC(68) Metaspace: 142465K(155440K)->142465K(155440K) NonClass: 123701K(130224K)->123701K(130224K) Class: 18763K(25216K)->18763K(25216K)
[169.328s][info][gc             ] GC(68) Pause Young (Allocation Failure) 1219M->135M(3959M) 14.814ms
[169.328s][info][gc,cpu         ] GC(68) User=0.00s Sys=0.00s Real=0.02s
[172.763s][info][gc,start       ] GC(69) Pause Full (System.gc())
[172.765s][info][gc,phases,start] GC(69) Phase 1: Mark live objects
[172.840s][info][gc,phases      ] GC(69) Phase 1: Mark live objects 75.066ms
[172.840s][info][gc,phases,start] GC(69) Phase 2: Compute new object addresses
[172.930s][info][gc,phases      ] GC(69) Phase 2: Compute new object addresses 89.627ms
[172.930s][info][gc,phases,start] GC(69) Phase 3: Adjust pointers
[172.970s][info][gc,phases      ] GC(69) Phase 3: Adjust pointers 40.172ms
[172.970s][info][gc,phases,start] GC(69) Phase 4: Move objects
[172.981s][info][gc,phases      ] GC(69) Phase 4: Move objects 10.896ms
[172.982s][info][gc,heap        ] GC(69) DefNew: 1062002K->0K(1258304K)
[172.982s][info][gc,heap        ] GC(69) Tenured: 80824K->68694K(2796224K)
[172.982s][info][gc,metaspace   ] GC(69) Metaspace: 142511K(155696K)->142511K(155696K) NonClass: 123745K(130480K)->123745K(130480K) Class: 18765K(25216K)->18765K(25216K)
[172.982s][info][gc             ] GC(69) Pause Full (System.gc()) 1116M->67M(3959M) 218.837ms
[172.982s][info][gc,cpu         ] GC(69) User=0.19s Sys=0.00s Real=0.22s
[173.348s][info][gc,start       ] GC(70) Pause Young (Allocation Failure)
[173.358s][info][gc,heap        ] GC(70) DefNew: 1116108K->41527K(1258304K)
[173.358s][info][gc,heap        ] GC(70) Tenured: 68694K->68694K(2796224K)
[173.358s][info][gc,metaspace   ] GC(70) Metaspace: 142528K(155696K)->142528K(155696K) NonClass: 123762K(130480K)->123762K(130480K) Class: 18765K(25216K)->18765K(25216K)
[173.358s][info][gc             ] GC(70) Pause Young (Allocation Failure) 1157M->107M(3959M) 10.350ms
[173.358s][info][gc,cpu         ] GC(70) User=0.00s Sys=0.00s Real=0.02s
[173.655s][info][gc,start       ] GC(71) Pause Young (Allocation Failure)
[173.666s][info][gc,heap        ] GC(71) DefNew: 1156635K->55313K(1258304K)
[173.667s][info][gc,heap        ] GC(71) Tenured: 68694K->68694K(2796224K)
[173.667s][info][gc,metaspace   ] GC(71) Metaspace: 142531K(155696K)->142531K(155696K) NonClass: 123765K(130480K)->123765K(130480K) Class: 18765K(25216K)->18765K(25216K)
[173.667s][info][gc             ] GC(71) Pause Young (Allocation Failure) 1196M->121M(3959M) 12.010ms
[173.667s][info][gc,cpu         ] GC(71) User=0.00s Sys=0.00s Real=0.02s
[176.735s][info][gc,start       ] GC(72) Pause Young (Allocation Failure)
[176.749s][info][gc,heap        ] GC(72) DefNew: 1173027K->58479K(1258304K)
[176.749s][info][gc,heap        ] GC(72) Tenured: 68694K->68694K(2796224K)
[176.749s][info][gc,metaspace   ] GC(72) Metaspace: 142543K(155696K)->142543K(155696K) NonClass: 123777K(130480K)->123777K(130480K) Class: 18765K(25216K)->18765K(25216K)
[176.749s][info][gc             ] GC(72) Pause Young (Allocation Failure) 1212M->124M(3959M) 14.065ms
[176.749s][info][gc,cpu         ] GC(72) User=0.00s Sys=0.00s Real=0.02s
[180.228s][info][gc,start       ] GC(73) Pause Full (System.gc())
[180.230s][info][gc,phases,start] GC(73) Phase 1: Mark live objects
[180.565s][info][gc,phases      ] GC(73) Phase 1: Mark live objects 335.753ms
[180.566s][info][gc,phases,start] GC(73) Phase 2: Compute new object addresses
[181.255s][info][gc,phases      ] GC(73) Phase 2: Compute new object addresses 689.648ms
[181.255s][info][gc,phases,start] GC(73) Phase 3: Adjust pointers
[181.538s][info][gc,phases      ] GC(73) Phase 3: Adjust pointers 282.004ms
[181.538s][info][gc,phases,start] GC(73) Phase 4: Move objects
[181.548s][info][gc,phases      ] GC(73) Phase 4: Move objects 9.820ms
[181.550s][info][gc,heap        ] GC(73) DefNew: 1060016K->0K(1258304K)
[181.551s][info][gc,heap        ] GC(73) Tenured: 68694K->73230K(2796224K)
[181.551s][info][gc,metaspace   ] GC(73) Metaspace: 142611K(155696K)->142611K(155696K) NonClass: 123846K(130480K)->123846K(130480K) Class: 18765K(25216K)->18765K(25216K)
[181.551s][info][gc             ] GC(73) Pause Full (System.gc()) 1102M->71M(3959M) 1322.986ms
[181.551s][info][gc,cpu         ] GC(73) User=1.17s Sys=0.02s Real=1.32s
[183.520s][info][gc,start       ] GC(74) Pause Young (Allocation Failure)
[183.531s][info][gc,heap        ] GC(74) DefNew: 1116082K->47042K(1258304K)
[183.531s][info][gc,heap        ] GC(74) Tenured: 73230K->73230K(2796224K)
[183.531s][info][gc,metaspace   ] GC(74) Metaspace: 142655K(155696K)->142655K(155696K) NonClass: 123889K(130480K)->123889K(130480K) Class: 18765K(25216K)->18765K(25216K)
[183.531s][info][gc             ] GC(74) Pause Young (Allocation Failure) 1161M->117M(3959M) 10.812ms
[183.531s][info][gc,cpu         ] GC(74) User=0.00s Sys=0.00s Real=0.02s
[183.837s][info][gc,start       ] GC(75) Pause Young (Allocation Failure)
[183.850s][info][gc,heap        ] GC(75) DefNew: 1165570K->49299K(1258304K)
[183.850s][info][gc,heap        ] GC(75) Tenured: 73230K->73230K(2796224K)
[183.850s][info][gc,metaspace   ] GC(75) Metaspace: 142656K(155696K)->142656K(155696K) NonClass: 123890K(130480K)->123890K(130480K) Class: 18765K(25216K)->18765K(25216K)
[183.850s][info][gc             ] GC(75) Pause Young (Allocation Failure) 1209M->119M(3959M) 12.881ms
[183.850s][info][gc,cpu         ] GC(75) User=0.02s Sys=0.00s Real=0.01s
[186.795s][info][gc,start       ] GC(76) Pause Young (GCLocker Initiated GC)
[186.810s][info][gc,heap        ] GC(76) DefNew: 1167859K->60356K(1258304K)
[186.810s][info][gc,heap        ] GC(76) Tenured: 73230K->73230K(2796224K)
[186.810s][info][gc,metaspace   ] GC(76) Metaspace: 142656K(155696K)->142656K(155696K) NonClass: 123890K(130480K)->123890K(130480K) Class: 18765K(25216K)->18765K(25216K)
[186.810s][info][gc             ] GC(76) Pause Young (GCLocker Initiated GC) 1212M->130M(3959M) 15.331ms
[186.810s][info][gc,cpu         ] GC(76) User=0.00s Sys=0.00s Real=0.02s
[190.382s][info][gc,start       ] GC(77) Pause Full (System.gc())
[190.383s][info][gc,phases,start] GC(77) Phase 1: Mark live objects
[190.458s][info][gc,phases      ] GC(77) Phase 1: Mark live objects 74.319ms
[190.458s][info][gc,phases,start] GC(77) Phase 2: Compute new object addresses
[190.547s][info][gc,phases      ] GC(77) Phase 2: Compute new object addresses 88.897ms
[190.547s][info][gc,phases,start] GC(77) Phase 3: Adjust pointers
[190.586s][info][gc,phases      ] GC(77) Phase 3: Adjust pointers 39.563ms
[190.586s][info][gc,phases,start] GC(77) Phase 4: Move objects
[190.588s][info][gc,phases      ] GC(77) Phase 4: Move objects 1.784ms
[190.589s][info][gc,heap        ] GC(77) DefNew: 1066893K->0K(1258304K)
[190.589s][info][gc,heap        ] GC(77) Tenured: 73230K->77768K(2796224K)
[190.589s][info][gc,metaspace   ] GC(77) Metaspace: 142678K(155696K)->142678K(155696K) NonClass: 123912K(130480K)->123912K(130480K) Class: 18765K(25216K)->18765K(25216K)
[190.589s][info][gc             ] GC(77) Pause Full (System.gc()) 1113M->75M(3959M) 207.583ms
[190.589s][info][gc,cpu         ] GC(77) User=0.27s Sys=0.00s Real=0.21s
[190.981s][info][gc,start       ] GC(78) Pause Young (Allocation Failure)
[190.990s][info][gc,heap        ] GC(78) DefNew: 1116159K->37256K(1258304K)
[190.991s][info][gc,heap        ] GC(78) Tenured: 77768K->77768K(2796224K)
[190.991s][info][gc,metaspace   ] GC(78) Metaspace: 142743K(155952K)->142743K(155952K) NonClass: 123977K(130736K)->123977K(130736K) Class: 18765K(25216K)->18765K(25216K)
[190.991s][info][gc             ] GC(78) Pause Young (Allocation Failure) 1165M->112M(3959M) 9.901ms
[190.991s][info][gc,cpu         ] GC(78) User=0.00s Sys=0.00s Real=0.01s
[191.282s][info][gc,start       ] GC(79) Pause Young (Allocation Failure)
[191.294s][info][gc,heap        ] GC(79) DefNew: 1155784K->53628K(1258304K)
[191.294s][info][gc,heap        ] GC(79) Tenured: 77768K->77768K(2796224K)
[191.294s][info][gc,metaspace   ] GC(79) Metaspace: 142743K(155952K)->142743K(155952K) NonClass: 123977K(130736K)->123977K(130736K) Class: 18765K(25216K)->18765K(25216K)
[191.294s][info][gc             ] GC(79) Pause Young (Allocation Failure) 1204M->128M(3959M) 12.028ms
[191.294s][info][gc,cpu         ] GC(79) User=0.00s Sys=0.00s Real=0.00s
[196.126s][info][gc,start       ] GC(80) Pause Young (Allocation Failure)
[196.140s][info][gc,heap        ] GC(80) DefNew: 1172156K->58443K(1258304K)
[196.140s][info][gc,heap        ] GC(80) Tenured: 77768K->77768K(2796224K)
[196.140s][info][gc,metaspace   ] GC(80) Metaspace: 142915K(155952K)->142915K(155952K) NonClass: 124127K(130736K)->124127K(130736K) Class: 18788K(25216K)->18788K(25216K)
[196.140s][info][gc             ] GC(80) Pause Young (Allocation Failure) 1220M->133M(3959M) 14.248ms
[196.140s][info][gc,cpu         ] GC(80) User=0.00s Sys=0.00s Real=0.02s
[199.592s][info][gc,start       ] GC(81) Pause Full (System.gc())
[199.594s][info][gc,phases,start] GC(81) Phase 1: Mark live objects
[199.669s][info][gc,phases      ] GC(81) Phase 1: Mark live objects 75.260ms
[199.669s][info][gc,phases,start] GC(81) Phase 2: Compute new object addresses
[199.759s][info][gc,phases      ] GC(81) Phase 2: Compute new object addresses 89.670ms
[199.759s][info][gc,phases,start] GC(81) Phase 3: Adjust pointers
[199.799s][info][gc,phases      ] GC(81) Phase 3: Adjust pointers 40.025ms
[199.799s][info][gc,phases,start] GC(81) Phase 4: Move objects
[199.801s][info][gc,phases      ] GC(81) Phase 4: Move objects 2.058ms
[199.802s][info][gc,heap        ] GC(81) DefNew: 1059268K->0K(1258304K)
[199.802s][info][gc,heap        ] GC(81) Tenured: 77768K->82328K(2796224K)
[199.802s][info][gc,metaspace   ] GC(81) Metaspace: 142946K(155952K)->142946K(155952K) NonClass: 124158K(130736K)->124158K(130736K) Class: 18788K(25216K)->18788K(25216K)
[199.802s][info][gc             ] GC(81) Pause Full (System.gc()) 1110M->80M(3959M) 209.983ms
[199.802s][info][gc,cpu         ] GC(81) User=0.23s Sys=0.00s Real=0.21s
[200.217s][info][gc,start       ] GC(82) Pause Young (Allocation Failure)
[200.227s][info][gc,heap        ] GC(82) DefNew: 1117050K->41602K(1258304K)
[200.227s][info][gc,heap        ] GC(82) Tenured: 82328K->82328K(2796224K)
[200.227s][info][gc,metaspace   ] GC(82) Metaspace: 142971K(155952K)->142971K(155952K) NonClass: 124183K(130736K)->124183K(130736K) Class: 18788K(25216K)->18788K(25216K)
[200.227s][info][gc             ] GC(82) Pause Young (Allocation Failure) 1171M->121M(3959M) 10.256ms
[200.227s][info][gc,cpu         ] GC(82) User=0.00s Sys=0.00s Real=0.00s
[200.521s][info][gc,start       ] GC(83) Pause Young (GCLocker Initiated GC)
[200.533s][info][gc,heap        ] GC(83) DefNew: 1164226K->53680K(1258304K)
[200.533s][info][gc,heap        ] GC(83) Tenured: 82328K->82328K(2796224K)
[200.533s][info][gc,metaspace   ] GC(83) Metaspace: 142971K(155952K)->142971K(155952K) NonClass: 124183K(130736K)->124183K(130736K) Class: 18788K(25216K)->18788K(25216K)
[200.533s][info][gc             ] GC(83) Pause Young (GCLocker Initiated GC) 1217M->132M(3959M) 12.160ms
[200.533s][info][gc,cpu         ] GC(83) User=0.00s Sys=0.00s Real=0.02s
[203.619s][info][gc,start       ] GC(84) Pause Young (Allocation Failure)
[203.632s][info][gc,heap        ] GC(84) DefNew: 1170911K->58103K(1258304K)
[203.632s][info][gc,heap        ] GC(84) Tenured: 82328K->82328K(2796224K)
[203.632s][info][gc,metaspace   ] GC(84) Metaspace: 142985K(155952K)->142985K(155952K) NonClass: 124196K(130736K)->124196K(130736K) Class: 18788K(25216K)->18788K(25216K)
[203.632s][info][gc             ] GC(84) Pause Young (Allocation Failure) 1223M->137M(3959M) 13.257ms
[203.632s][info][gc,cpu         ] GC(84) User=0.00s Sys=0.00s Real=0.00s
[207.053s][info][gc,start       ] GC(85) Pause Full (System.gc())
[207.054s][info][gc,phases,start] GC(85) Phase 1: Mark live objects
[207.131s][info][gc,phases      ] GC(85) Phase 1: Mark live objects 76.469ms
[207.131s][info][gc,phases,start] GC(85) Phase 2: Compute new object addresses
[207.219s][info][gc,phases      ] GC(85) Phase 2: Compute new object addresses 87.828ms
[207.219s][info][gc,phases,start] GC(85) Phase 3: Adjust pointers
[207.261s][info][gc,phases      ] GC(85) Phase 3: Adjust pointers 41.914ms
[207.261s][info][gc,phases,start] GC(85) Phase 4: Move objects
[207.272s][info][gc,phases      ] GC(85) Phase 4: Move objects 11.093ms
[207.273s][info][gc,heap        ] GC(85) DefNew: 1058151K->0K(1258304K)
[207.273s][info][gc,heap        ] GC(85) Tenured: 82328K->69919K(2796224K)
[207.273s][info][gc,metaspace   ] GC(85) Metaspace: 143070K(155952K)->143070K(155952K) NonClass: 124281K(130736K)->124281K(130736K) Class: 18788K(25216K)->18788K(25216K)
[207.273s][info][gc             ] GC(85) Pause Full (System.gc()) 1113M->68M(3959M) 220.260ms
[207.273s][info][gc,cpu         ] GC(85) User=0.16s Sys=0.00s Real=0.22s
[207.650s][info][gc,start       ] GC(86) Pause Young (Allocation Failure)
[207.660s][info][gc,heap        ] GC(86) DefNew: 1116300K->37152K(1258304K)
[207.660s][info][gc,heap        ] GC(86) Tenured: 69919K->69919K(2796224K)
[207.660s][info][gc,metaspace   ] GC(86) Metaspace: 143097K(156208K)->143097K(156208K) NonClass: 124308K(130992K)->124308K(130992K) Class: 18788K(25216K)->18788K(25216K)
[207.660s][info][gc             ] GC(86) Pause Young (Allocation Failure) 1158M->104M(3959M) 9.983ms
[207.660s][info][gc,cpu         ] GC(86) User=0.00s Sys=0.00s Real=0.01s
[207.974s][info][gc,start       ] GC(87) Pause Young (Allocation Failure)
[207.987s][info][gc,heap        ] GC(87) DefNew: 1152524K->59444K(1258304K)
[207.987s][info][gc,heap        ] GC(87) Tenured: 69919K->69919K(2796224K)
[207.987s][info][gc,metaspace   ] GC(87) Metaspace: 143097K(156208K)->143097K(156208K) NonClass: 124308K(130992K)->124308K(130992K) Class: 18788K(25216K)->18788K(25216K)
[207.987s][info][gc             ] GC(87) Pause Young (Allocation Failure) 1193M->126M(3959M) 13.468ms
[207.987s][info][gc,cpu         ] GC(87) User=0.02s Sys=0.00s Real=0.02s
[211.080s][info][gc,start       ] GC(88) Pause Young (Allocation Failure)
[211.094s][info][gc,heap        ] GC(88) DefNew: 1177972K->58471K(1258304K)
[211.094s][info][gc,heap        ] GC(88) Tenured: 69919K->69919K(2796224K)
[211.094s][info][gc,metaspace   ] GC(88) Metaspace: 143106K(156208K)->143106K(156208K) NonClass: 124318K(130992K)->124318K(130992K) Class: 18788K(25216K)->18788K(25216K)
[211.094s][info][gc             ] GC(88) Pause Young (Allocation Failure) 1218M->125M(3959M) 14.519ms
[211.094s][info][gc,cpu         ] GC(88) User=0.00s Sys=0.00s Real=0.01s
[214.597s][info][gc,start       ] GC(89) Pause Full (System.gc())
[214.599s][info][gc,phases,start] GC(89) Phase 1: Mark live objects
[214.673s][info][gc,phases      ] GC(89) Phase 1: Mark live objects 74.537ms
[214.673s][info][gc,phases,start] GC(89) Phase 2: Compute new object addresses
[214.761s][info][gc,phases      ] GC(89) Phase 2: Compute new object addresses 87.758ms
[214.761s][info][gc,phases,start] GC(89) Phase 3: Adjust pointers
[214.801s][info][gc,phases      ] GC(89) Phase 3: Adjust pointers 39.893ms
[214.801s][info][gc,phases,start] GC(89) Phase 4: Move objects
[214.803s][info][gc,phases      ] GC(89) Phase 4: Move objects 1.673ms
[214.803s][info][gc,heap        ] GC(89) DefNew: 1059948K->0K(1258304K)
[214.804s][info][gc,heap        ] GC(89) Tenured: 69919K->74455K(2796224K)
[214.804s][info][gc,metaspace   ] GC(89) Metaspace: 143132K(156208K)->143132K(156208K) NonClass: 124344K(130992K)->124344K(130992K) Class: 18788K(25216K)->18788K(25216K)
[214.804s][info][gc             ] GC(89) Pause Full (System.gc()) 1103M->72M(3959M) 206.734ms
[214.804s][info][gc,cpu         ] GC(89) User=0.20s Sys=0.00s Real=0.20s
[215.171s][info][gc,start       ] GC(90) Pause Young (Allocation Failure)
[215.182s][info][gc,heap        ] GC(90) DefNew: 1117461K->41597K(1258304K)
[215.182s][info][gc,heap        ] GC(90) Tenured: 74455K->74455K(2796224K)
[215.182s][info][gc,metaspace   ] GC(90) Metaspace: 143168K(156208K)->143168K(156208K) NonClass: 124379K(130992K)->124379K(130992K) Class: 18788K(25216K)->18788K(25216K)
[215.182s][info][gc             ] GC(90) Pause Young (Allocation Failure) 1163M->113M(3959M) 10.551ms
[215.182s][info][gc,cpu         ] GC(90) User=0.02s Sys=0.00s Real=0.00s
[215.486s][info][gc,start       ] GC(91) Pause Young (Allocation Failure)
[215.497s][info][gc,heap        ] GC(91) DefNew: 1160125K->49521K(1258304K)
[215.497s][info][gc,heap        ] GC(91) Tenured: 74455K->74455K(2796224K)
[215.497s][info][gc,metaspace   ] GC(91) Metaspace: 143168K(156208K)->143168K(156208K) NonClass: 124379K(130992K)->124379K(130992K) Class: 18788K(25216K)->18788K(25216K)
[215.497s][info][gc             ] GC(91) Pause Young (Allocation Failure) 1205M->121M(3959M) 11.924ms
[215.497s][info][gc,cpu         ] GC(91) User=0.00s Sys=0.00s Real=0.02s
[218.863s][info][gc,start       ] GC(92) Pause Young (Allocation Failure)
[218.877s][info][gc,heap        ] GC(92) DefNew: 1166892K->58100K(1258304K)
[218.877s][info][gc,heap        ] GC(92) Tenured: 74455K->74455K(2796224K)
[218.877s][info][gc,metaspace   ] GC(92) Metaspace: 143168K(156208K)->143168K(156208K) NonClass: 124379K(130992K)->124379K(130992K) Class: 18788K(25216K)->18788K(25216K)
[218.877s][info][gc             ] GC(92) Pause Young (Allocation Failure) 1212M->129M(3959M) 14.253ms
[218.877s][info][gc,cpu         ] GC(92) User=0.00s Sys=0.00s Real=0.02s
[222.456s][info][gc,start       ] GC(93) Pause Full (System.gc())
[222.457s][info][gc,phases,start] GC(93) Phase 1: Mark live objects
[222.532s][info][gc,phases      ] GC(93) Phase 1: Mark live objects 74.525ms
[222.532s][info][gc,phases,start] GC(93) Phase 2: Compute new object addresses
[222.620s][info][gc,phases      ] GC(93) Phase 2: Compute new object addresses 87.983ms
[222.620s][info][gc,phases,start] GC(93) Phase 3: Adjust pointers
[222.661s][info][gc,phases      ] GC(93) Phase 3: Adjust pointers 40.699ms
[222.661s][info][gc,phases,start] GC(93) Phase 4: Move objects
[222.662s][info][gc,phases      ] GC(93) Phase 4: Move objects 1.700ms
[222.663s][info][gc,heap        ] GC(93) DefNew: 1055380K->0K(1258304K)
[222.663s][info][gc,heap        ] GC(93) Tenured: 74455K->78991K(2796224K)
[222.663s][info][gc,metaspace   ] GC(93) Metaspace: 143192K(156208K)->143192K(156208K) NonClass: 124401K(130992K)->124401K(130992K) Class: 18791K(25216K)->18791K(25216K)
[222.663s][info][gc             ] GC(93) Pause Full (System.gc()) 1103M->77M(3959M) 207.697ms
[222.663s][info][gc,cpu         ] GC(93) User=0.20s Sys=0.00s Real=0.20s
[223.044s][info][gc,start       ] GC(94) Pause Young (GCLocker Initiated GC)
[223.054s][info][gc,heap        ] GC(94) DefNew: 1121068K->41665K(1258304K)
[223.054s][info][gc,heap        ] GC(94) Tenured: 78991K->78991K(2796224K)
[223.054s][info][gc,metaspace   ] GC(94) Metaspace: 143226K(156208K)->143226K(156208K) NonClass: 124433K(130992K)->124433K(130992K) Class: 18792K(25216K)->18792K(25216K)
[223.054s][info][gc             ] GC(94) Pause Young (GCLocker Initiated GC) 1171M->117M(3959M) 10.875ms
[223.054s][info][gc,cpu         ] GC(94) User=0.00s Sys=0.00s Real=0.02s
[223.363s][info][gc,start       ] GC(95) Pause Young (Allocation Failure)
[223.375s][info][gc,heap        ] GC(95) DefNew: 1157371K->53804K(1258304K)
[223.375s][info][gc,heap        ] GC(95) Tenured: 78991K->78991K(2796224K)
[223.375s][info][gc,metaspace   ] GC(95) Metaspace: 143226K(156208K)->143226K(156208K) NonClass: 124433K(130992K)->124433K(130992K) Class: 18792K(25216K)->18792K(25216K)
[223.375s][info][gc             ] GC(95) Pause Young (Allocation Failure) 1207M->129M(3959M) 12.575ms
[223.375s][info][gc,cpu         ] GC(95) User=0.00s Sys=0.00s Real=0.02s
[230.014s][info][gc,start       ] GC(96) Pause Young (Allocation Failure)
[230.028s][info][gc,heap        ] GC(96) DefNew: 1171488K->58400K(1258304K)
[230.028s][info][gc,heap        ] GC(96) Tenured: 78991K->78991K(2796224K)
[230.028s][info][gc,metaspace   ] GC(96) Metaspace: 143246K(156208K)->143246K(156208K) NonClass: 124453K(130992K)->124453K(130992K) Class: 18792K(25216K)->18792K(25216K)
[230.028s][info][gc             ] GC(96) Pause Young (Allocation Failure) 1221M->134M(3959M) 13.987ms
[230.029s][info][gc,cpu         ] GC(96) User=0.00s Sys=0.00s Real=0.01s
[233.450s][info][gc,start       ] GC(97) Pause Full (System.gc())
[233.451s][info][gc,phases,start] GC(97) Phase 1: Mark live objects
[233.526s][info][gc,phases      ] GC(97) Phase 1: Mark live objects 74.397ms
[233.526s][info][gc,phases,start] GC(97) Phase 2: Compute new object addresses
[233.614s][info][gc,phases      ] GC(97) Phase 2: Compute new object addresses 88.098ms
[233.614s][info][gc,phases,start] GC(97) Phase 3: Adjust pointers
[233.655s][info][gc,phases      ] GC(97) Phase 3: Adjust pointers 40.970ms
[233.655s][info][gc,phases,start] GC(97) Phase 4: Move objects
[233.657s][info][gc,phases      ] GC(97) Phase 4: Move objects 2.100ms
[233.658s][info][gc,heap        ] GC(97) DefNew: 1058681K->0K(1258304K)
[233.658s][info][gc,heap        ] GC(97) Tenured: 78991K->83532K(2796224K)
[233.658s][info][gc,metaspace   ] GC(97) Metaspace: 143273K(156208K)->143273K(156208K) NonClass: 124480K(130992K)->124480K(130992K) Class: 18792K(25216K)->18792K(25216K)
[233.658s][info][gc             ] GC(97) Pause Full (System.gc()) 1111M->81M(3959M) 208.364ms
[233.658s][info][gc,cpu         ] GC(97) User=0.19s Sys=0.00s Real=0.20s
[234.030s][info][gc,start       ] GC(98) Pause Young (Allocation Failure)
[234.040s][info][gc,heap        ] GC(98) DefNew: 1115031K->33306K(1258304K)
[234.040s][info][gc,heap        ] GC(98) Tenured: 83532K->83532K(2796224K)
[234.040s][info][gc,metaspace   ] GC(98) Metaspace: 143290K(156208K)->143290K(156208K) NonClass: 124497K(130992K)->124497K(130992K) Class: 18792K(25216K)->18792K(25216K)
[234.040s][info][gc             ] GC(98) Pause Young (Allocation Failure) 1170M->114M(3959M) 10.176ms
[234.041s][info][gc,cpu         ] GC(98) User=0.00s Sys=0.00s Real=0.01s
[234.333s][info][gc,start       ] GC(99) Pause Young (Allocation Failure)
[234.346s][info][gc,heap        ] GC(99) DefNew: 1151834K->59536K(1258304K)
[234.346s][info][gc,heap        ] GC(99) Tenured: 83532K->83532K(2796224K)
[234.346s][info][gc,metaspace   ] GC(99) Metaspace: 143290K(156208K)->143290K(156208K) NonClass: 124497K(130992K)->124497K(130992K) Class: 18792K(25216K)->18792K(25216K)
[234.346s][info][gc             ] GC(99) Pause Young (Allocation Failure) 1206M->139M(3959M) 12.744ms
[234.346s][info][gc,cpu         ] GC(99) User=0.02s Sys=0.00s Real=0.03s
[237.494s][info][gc,start       ] GC(100) Pause Young (Allocation Failure)
[237.507s][info][gc,heap        ] GC(100) DefNew: 1177451K->58162K(1258304K)
[237.507s][info][gc,heap        ] GC(100) Tenured: 83532K->83532K(2796224K)
[237.507s][info][gc,metaspace   ] GC(100) Metaspace: 143290K(156208K)->143290K(156208K) NonClass: 124498K(130992K)->124498K(130992K) Class: 18792K(25216K)->18792K(25216K)
[237.507s][info][gc             ] GC(100) Pause Young (Allocation Failure) 1231M->138M(3959M) 12.969ms
[237.507s][info][gc,cpu         ] GC(100) User=0.00s Sys=0.00s Real=0.01s
[240.903s][info][gc,start       ] GC(101) Pause Full (System.gc())
[240.905s][info][gc,phases,start] GC(101) Phase 1: Mark live objects
[240.979s][info][gc,phases      ] GC(101) Phase 1: Mark live objects 73.849ms
[240.979s][info][gc,phases,start] GC(101) Phase 2: Compute new object addresses
[241.068s][info][gc,phases      ] GC(101) Phase 2: Compute new object addresses 89.024ms
[241.068s][info][gc,phases,start] GC(101) Phase 3: Adjust pointers
[241.110s][info][gc,phases      ] GC(101) Phase 3: Adjust pointers 41.730ms
[241.110s][info][gc,phases,start] GC(101) Phase 4: Move objects
[241.119s][info][gc,phases      ] GC(101) Phase 4: Move objects 8.526ms
[241.120s][info][gc,heap        ] GC(101) DefNew: 1056150K->0K(1258304K)
[241.120s][info][gc,heap        ] GC(101) Tenured: 83532K->70888K(2796224K)
[241.120s][info][gc,metaspace   ] GC(101) Metaspace: 143315K(156208K)->143315K(156208K) NonClass: 124522K(130992K)->124522K(130992K) Class: 18792K(25216K)->18792K(25216K)
[241.120s][info][gc             ] GC(101) Pause Full (System.gc()) 1112M->69M(3959M) 216.222ms
[241.120s][info][gc,cpu         ] GC(101) User=0.22s Sys=0.00s Real=0.22s
[241.520s][info][gc,start       ] GC(102) Pause Young (Allocation Failure)
[241.530s][info][gc,heap        ] GC(102) DefNew: 1116628K->41243K(1258304K)
[241.531s][info][gc,heap        ] GC(102) Tenured: 70888K->70888K(2796224K)
[241.531s][info][gc,metaspace   ] GC(102) Metaspace: 143369K(156208K)->143369K(156208K) NonClass: 124577K(130992K)->124577K(130992K) Class: 18792K(25216K)->18792K(25216K)
[241.531s][info][gc             ] GC(102) Pause Young (Allocation Failure) 1159M->109M(3959M) 10.276ms
[241.531s][info][gc,cpu         ] GC(102) User=0.00s Sys=0.00s Real=0.02s
[241.827s][info][gc,start       ] GC(103) Pause Young (Allocation Failure)
[241.840s][info][gc,heap        ] GC(103) DefNew: 1159402K->57811K(1258304K)
[241.840s][info][gc,heap        ] GC(103) Tenured: 70888K->70888K(2796224K)
[241.840s][info][gc,metaspace   ] GC(103) Metaspace: 143369K(156208K)->143369K(156208K) NonClass: 124577K(130992K)->124577K(130992K) Class: 18792K(25216K)->18792K(25216K)
[241.840s][info][gc             ] GC(103) Pause Young (Allocation Failure) 1201M->125M(3959M) 12.892ms
[241.840s][info][gc,cpu         ] GC(103) User=0.00s Sys=0.02s Real=0.01s
[244.887s][info][gc,start       ] GC(104) Pause Young (Allocation Failure)
[244.902s][info][gc,heap        ] GC(104) DefNew: 1176339K->60281K(1258304K)
[244.902s][info][gc,heap        ] GC(104) Tenured: 70888K->70888K(2796224K)
[244.902s][info][gc,metaspace   ] GC(104) Metaspace: 143369K(156208K)->143369K(156208K) NonClass: 124577K(130992K)->124577K(130992K) Class: 18792K(25216K)->18792K(25216K)
[244.902s][info][gc             ] GC(104) Pause Young (Allocation Failure) 1217M->128M(3959M) 15.804ms
[244.902s][info][gc,cpu         ] GC(104) User=0.00s Sys=0.00s Real=0.02s
[252.087s][info][gc,start       ] GC(105) Pause Full (System.gc())
[252.089s][info][gc,phases,start] GC(105) Phase 1: Mark live objects
[252.166s][info][gc,phases      ] GC(105) Phase 1: Mark live objects 76.555ms
[252.166s][info][gc,phases,start] GC(105) Phase 2: Compute new object addresses
[252.257s][info][gc,phases      ] GC(105) Phase 2: Compute new object addresses 90.965ms
[252.257s][info][gc,phases,start] GC(105) Phase 3: Adjust pointers
[252.296s][info][gc,phases      ] GC(105) Phase 3: Adjust pointers 39.652ms
[252.296s][info][gc,phases,start] GC(105) Phase 4: Move objects
[252.298s][info][gc,phases      ] GC(105) Phase 4: Move objects 1.724ms
[252.299s][info][gc,heap        ] GC(105) DefNew: 1063943K->0K(1258304K)
[252.299s][info][gc,heap        ] GC(105) Tenured: 70888K->75414K(2796224K)
[252.299s][info][gc,metaspace   ] GC(105) Metaspace: 143377K(156208K)->143377K(156208K) NonClass: 124585K(130992K)->124585K(130992K) Class: 18792K(25216K)->18792K(25216K)
[252.299s][info][gc             ] GC(105) Pause Full (System.gc()) 1108M->73M(3959M) 212.086ms
[252.299s][info][gc,cpu         ] GC(105) User=0.16s Sys=0.00s Real=0.22s
[252.654s][info][gc,start       ] GC(106) Pause Young (Allocation Failure)
[252.665s][info][gc,heap        ] GC(106) DefNew: 1118528K->41514K(1258304K)
[252.665s][info][gc,heap        ] GC(106) Tenured: 75414K->75414K(2796224K)
[252.665s][info][gc,metaspace   ] GC(106) Metaspace: 143418K(156208K)->143418K(156208K) NonClass: 124625K(130992K)->124625K(130992K) Class: 18792K(25216K)->18792K(25216K)
[252.665s][info][gc             ] GC(106) Pause Young (Allocation Failure) 1165M->114M(3959M) 10.559ms
[252.665s][info][gc,cpu         ] GC(106) User=0.00s Sys=0.00s Real=0.02s
[252.953s][info][gc,start       ] GC(107) Pause Young (Allocation Failure)
[252.965s][info][gc,heap        ] GC(107) DefNew: 1160042K->58799K(1258304K)
[252.966s][info][gc,heap        ] GC(107) Tenured: 75414K->75414K(2796224K)
[252.966s][info][gc,metaspace   ] GC(107) Metaspace: 143419K(156208K)->143419K(156208K) NonClass: 124626K(130992K)->124626K(130992K) Class: 18792K(25216K)->18792K(25216K)
[252.966s][info][gc             ] GC(107) Pause Young (Allocation Failure) 1206M->131M(3959M) 12.631ms
[252.966s][info][gc,cpu         ] GC(107) User=0.02s Sys=0.00s Real=0.02s
[256.044s][info][gc,start       ] GC(108) Pause Young (Allocation Failure)
[256.057s][info][gc,heap        ] GC(108) DefNew: 1177327K->58106K(1258304K)
[256.057s][info][gc,heap        ] GC(108) Tenured: 75414K->75414K(2796224K)
[256.057s][info][gc,metaspace   ] GC(108) Metaspace: 143430K(156208K)->143430K(156208K) NonClass: 124637K(130992K)->124637K(130992K) Class: 18792K(25216K)->18792K(25216K)
[256.057s][info][gc             ] GC(108) Pause Young (Allocation Failure) 1223M->130M(3959M) 13.384ms
[256.057s][info][gc,cpu         ] GC(108) User=0.00s Sys=0.00s Real=0.02s
[259.378s][info][gc,start       ] GC(109) Pause Full (System.gc())
[259.379s][info][gc,phases,start] GC(109) Phase 1: Mark live objects
[259.455s][info][gc,phases      ] GC(109) Phase 1: Mark live objects 75.241ms
[259.455s][info][gc,phases,start] GC(109) Phase 2: Compute new object addresses
[259.543s][info][gc,phases      ] GC(109) Phase 2: Compute new object addresses 88.202ms
[259.543s][info][gc,phases,start] GC(109) Phase 3: Adjust pointers
[259.583s][info][gc,phases      ] GC(109) Phase 3: Adjust pointers 40.334ms
[259.583s][info][gc,phases,start] GC(109) Phase 4: Move objects
[259.585s][info][gc,phases      ] GC(109) Phase 4: Move objects 1.646ms
[259.586s][info][gc,heap        ] GC(109) DefNew: 1053863K->0K(1258304K)
[259.586s][info][gc,heap        ] GC(109) Tenured: 75414K->79861K(2796224K)
[259.586s][info][gc,metaspace   ] GC(109) Metaspace: 143466K(156464K)->143466K(156464K) NonClass: 124673K(131248K)->124673K(131248K) Class: 18792K(25216K)->18792K(25216K)
[259.586s][info][gc             ] GC(109) Pause Full (System.gc()) 1102M->77M(3959M) 208.086ms
[259.586s][info][gc,cpu         ] GC(109) User=0.17s Sys=0.02s Real=0.20s
[259.968s][info][gc,start       ] GC(110) Pause Young (Allocation Failure)
[259.980s][info][gc,heap        ] GC(110) DefNew: 1116209K->46723K(1258304K)
[259.980s][info][gc,heap        ] GC(110) Tenured: 79861K->79861K(2796224K)
[259.980s][info][gc,metaspace   ] GC(110) Metaspace: 143473K(156464K)->143473K(156464K) NonClass: 124680K(131248K)->124680K(131248K) Class: 18792K(25216K)->18792K(25216K)
[259.980s][info][gc             ] GC(110) Pause Young (Allocation Failure) 1168M->123M(3959M) 12.100ms
[259.980s][info][gc,cpu         ] GC(110) User=0.02s Sys=0.00s Real=0.02s
[260.298s][info][gc,start       ] GC(111) Pause Young (Allocation Failure)
[260.310s][info][gc,heap        ] GC(111) DefNew: 1164468K->49492K(1258304K)
[260.310s][info][gc,heap        ] GC(111) Tenured: 79861K->79861K(2796224K)
[260.310s][info][gc,metaspace   ] GC(111) Metaspace: 143474K(156464K)->143474K(156464K) NonClass: 124681K(131248K)->124681K(131248K) Class: 18792K(25216K)->18792K(25216K)
[260.310s][info][gc             ] GC(111) Pause Young (Allocation Failure) 1215M->126M(3959M) 11.928ms
[260.310s][info][gc,cpu         ] GC(111) User=0.00s Sys=0.00s Real=0.01s
[263.289s][info][gc,start       ] GC(112) Pause Young (Allocation Failure)
[263.304s][info][gc,heap        ] GC(112) DefNew: 1168020K->61355K(1258304K)
[263.304s][info][gc,heap        ] GC(112) Tenured: 79861K->79861K(2796224K)
[263.304s][info][gc,metaspace   ] GC(112) Metaspace: 143474K(156464K)->143474K(156464K) NonClass: 124681K(131248K)->124681K(131248K) Class: 18792K(25216K)->18792K(25216K)
[263.304s][info][gc             ] GC(112) Pause Young (Allocation Failure) 1218M->137M(3959M) 15.463ms
[263.304s][info][gc,cpu         ] GC(112) User=0.02s Sys=0.00s Real=0.02s
[266.861s][info][gc,start       ] GC(113) Pause Full (System.gc())
[266.864s][info][gc,phases,start] GC(113) Phase 1: Mark live objects
[266.938s][info][gc,phases      ] GC(113) Phase 1: Mark live objects 74.686ms
[266.938s][info][gc,phases,start] GC(113) Phase 2: Compute new object addresses
[267.027s][info][gc,phases      ] GC(113) Phase 2: Compute new object addresses 88.915ms
[267.027s][info][gc,phases,start] GC(113) Phase 3: Adjust pointers
[267.068s][info][gc,phases      ] GC(113) Phase 3: Adjust pointers 41.039ms
[267.068s][info][gc,phases,start] GC(113) Phase 4: Move objects
[267.070s][info][gc,phases      ] GC(113) Phase 4: Move objects 1.916ms
[267.071s][info][gc,heap        ] GC(113) DefNew: 1064067K->0K(1258304K)
[267.071s][info][gc,heap        ] GC(113) Tenured: 79861K->84397K(2796224K)
[267.071s][info][gc,metaspace   ] GC(113) Metaspace: 143730K(156720K)->143730K(156720K) NonClass: 124937K(131504K)->124937K(131504K) Class: 18792K(25216K)->18792K(25216K)
[267.071s][info][gc             ] GC(113) Pause Full (System.gc()) 1117M->82M(3959M) 209.750ms
[267.071s][info][gc,cpu         ] GC(113) User=0.19s Sys=0.00s Real=0.20s
[267.447s][info][gc,start       ] GC(114) Pause Young (Allocation Failure)
[267.457s][info][gc,heap        ] GC(114) DefNew: 1117982K->41577K(1258304K)
[267.457s][info][gc,heap        ] GC(114) Tenured: 84397K->84397K(2796224K)
[267.457s][info][gc,metaspace   ] GC(114) Metaspace: 143757K(156720K)->143757K(156720K) NonClass: 124964K(131504K)->124964K(131504K) Class: 18792K(25216K)->18792K(25216K)
[267.457s][info][gc             ] GC(114) Pause Young (Allocation Failure) 1174M->123M(3959M) 10.220ms
[267.457s][info][gc,cpu         ] GC(114) User=0.03s Sys=0.00s Real=0.01s
[267.744s][info][gc,start       ] GC(115) Pause Young (Allocation Failure)
[267.756s][info][gc,heap        ] GC(115) DefNew: 1160105K->51412K(1258304K)
[267.756s][info][gc,heap        ] GC(115) Tenured: 84397K->84397K(2796224K)
[267.756s][info][gc,metaspace   ] GC(115) Metaspace: 143757K(156720K)->143757K(156720K) NonClass: 124964K(131504K)->124964K(131504K) Class: 18792K(25216K)->18792K(25216K)
[267.756s][info][gc             ] GC(115) Pause Young (Allocation Failure) 1215M->132M(3959M) 11.774ms
[267.756s][info][gc,cpu         ] GC(115) User=0.02s Sys=0.00s Real=0.02s
[270.993s][info][gc,start       ] GC(116) Pause Young (Allocation Failure)
[271.007s][info][gc,heap        ] GC(116) DefNew: 1167122K->58228K(1258304K)
[271.007s][info][gc,heap        ] GC(116) Tenured: 84397K->84397K(2796224K)
[271.007s][info][gc,metaspace   ] GC(116) Metaspace: 143759K(156720K)->143759K(156720K) NonClass: 124966K(131504K)->124966K(131504K) Class: 18792K(25216K)->18792K(25216K)
[271.007s][info][gc             ] GC(116) Pause Young (Allocation Failure) 1222M->139M(3959M) 13.809ms
[271.007s][info][gc,cpu         ] GC(116) User=0.00s Sys=0.00s Real=0.02s
[274.432s][info][gc,start       ] GC(117) Pause Full (System.gc())
[274.433s][info][gc,phases,start] GC(117) Phase 1: Mark live objects
[274.510s][info][gc,phases      ] GC(117) Phase 1: Mark live objects 76.157ms
[274.510s][info][gc,phases,start] GC(117) Phase 2: Compute new object addresses
[274.599s][info][gc,phases      ] GC(117) Phase 2: Compute new object addresses 89.453ms
[274.599s][info][gc,phases,start] GC(117) Phase 3: Adjust pointers
[274.640s][info][gc,phases      ] GC(117) Phase 3: Adjust pointers 41.294ms
[274.641s][info][gc,phases,start] GC(117) Phase 4: Move objects
[274.649s][info][gc,phases      ] GC(117) Phase 4: Move objects 8.163ms
[274.650s][info][gc,heap        ] GC(117) DefNew: 1057038K->0K(1258304K)
[274.650s][info][gc,heap        ] GC(117) Tenured: 84397K->71552K(2796224K)
[274.650s][info][gc,metaspace   ] GC(117) Metaspace: 143800K(156720K)->143800K(156720K) NonClass: 125007K(131504K)->125007K(131504K) Class: 18792K(25216K)->18792K(25216K)
[274.650s][info][gc             ] GC(117) Pause Full (System.gc()) 1114M->69M(3959M) 217.907ms
[274.650s][info][gc,cpu         ] GC(117) User=0.17s Sys=0.00s Real=0.22s
[275.026s][info][gc,start       ] GC(118) Pause Young (Allocation Failure)
[275.036s][info][gc,heap        ] GC(118) DefNew: 1117836K->43914K(1258304K)
[275.036s][info][gc,heap        ] GC(118) Tenured: 71552K->71552K(2796224K)
[275.036s][info][gc,metaspace   ] GC(118) Metaspace: 143834K(156720K)->143834K(156720K) NonClass: 125041K(131504K)->125041K(131504K) Class: 18792K(25216K)->18792K(25216K)
[275.036s][info][gc             ] GC(118) Pause Young (Allocation Failure) 1161M->112M(3959M) 10.404ms
[275.036s][info][gc,cpu         ] GC(118) User=0.00s Sys=0.00s Real=0.00s
[275.339s][info][gc,start       ] GC(119) Pause Young (Allocation Failure)
[275.352s][info][gc,heap        ] GC(119) DefNew: 1161546K->62053K(1258304K)
[275.352s][info][gc,heap        ] GC(119) Tenured: 71552K->71552K(2796224K)
[275.352s][info][gc,metaspace   ] GC(119) Metaspace: 143834K(156720K)->143834K(156720K) NonClass: 125041K(131504K)->125041K(131504K) Class: 18792K(25216K)->18792K(25216K)
[275.352s][info][gc             ] GC(119) Pause Young (Allocation Failure) 1204M->130M(3959M) 13.421ms
[275.352s][info][gc,cpu         ] GC(119) User=0.02s Sys=0.00s Real=0.00s
[278.467s][info][gc,start       ] GC(120) Pause Young (Allocation Failure)
[278.480s][info][gc,heap        ] GC(120) DefNew: 1178124K->58198K(1258304K)
[278.480s][info][gc,heap        ] GC(120) Tenured: 71552K->71552K(2796224K)
[278.480s][info][gc,metaspace   ] GC(120) Metaspace: 143836K(156720K)->143836K(156720K) NonClass: 125043K(131504K)->125043K(131504K) Class: 18792K(25216K)->18792K(25216K)
[278.480s][info][gc             ] GC(120) Pause Young (Allocation Failure) 1220M->126M(3959M) 13.674ms
[278.480s][info][gc,cpu         ] GC(120) User=0.00s Sys=0.00s Real=0.02s
[281.878s][info][gc,start       ] GC(121) Pause Full (System.gc())
[281.881s][info][gc,phases,start] GC(121) Phase 1: Mark live objects
[281.956s][info][gc,phases      ] GC(121) Phase 1: Mark live objects 74.978ms
[281.956s][info][gc,phases,start] GC(121) Phase 2: Compute new object addresses
[282.045s][info][gc,phases      ] GC(121) Phase 2: Compute new object addresses 89.156ms
[282.045s][info][gc,phases,start] GC(121) Phase 3: Adjust pointers
[282.088s][info][gc,phases      ] GC(121) Phase 3: Adjust pointers 42.674ms
[282.088s][info][gc,phases,start] GC(121) Phase 4: Move objects
[282.090s][info][gc,phases      ] GC(121) Phase 4: Move objects 1.668ms
[282.090s][info][gc,heap        ] GC(121) DefNew: 1056952K->0K(1258304K)
[282.090s][info][gc,heap        ] GC(121) Tenured: 71552K->76084K(2796224K)
[282.090s][info][gc,metaspace   ] GC(121) Metaspace: 143848K(156720K)->143848K(156720K) NonClass: 125055K(131504K)->125055K(131504K) Class: 18792K(25216K)->18792K(25216K)
[282.091s][info][gc             ] GC(121) Pause Full (System.gc()) 1102M->74M(3959M) 212.841ms
[282.091s][info][gc,cpu         ] GC(121) User=0.19s Sys=0.00s Real=0.22s
[282.482s][info][gc,start       ] GC(122) Pause Young (Allocation Failure)
[282.492s][info][gc,heap        ] GC(122) DefNew: 1114758K->37373K(1258304K)
[282.492s][info][gc,heap        ] GC(122) Tenured: 76084K->76084K(2796224K)
[282.492s][info][gc,metaspace   ] GC(122) Metaspace: 143859K(156720K)->143859K(156720K) NonClass: 125066K(131504K)->125066K(131504K) Class: 18792K(25216K)->18792K(25216K)
[282.492s][info][gc             ] GC(122) Pause Young (Allocation Failure) 1162M->110M(3959M) 9.878ms
[282.492s][info][gc,cpu         ] GC(122) User=0.02s Sys=0.00s Real=0.00s
[282.787s][info][gc,start       ] GC(123) Pause Young (Allocation Failure)
[282.799s][info][gc,heap        ] GC(123) DefNew: 1154559K->53645K(1258304K)
[282.799s][info][gc,heap        ] GC(123) Tenured: 76084K->76084K(2796224K)
[282.799s][info][gc,metaspace   ] GC(123) Metaspace: 143859K(156720K)->143859K(156720K) NonClass: 125066K(131504K)->125066K(131504K) Class: 18792K(25216K)->18792K(25216K)
[282.799s][info][gc             ] GC(123) Pause Young (Allocation Failure) 1201M->126M(3959M) 12.348ms
[282.799s][info][gc,cpu         ] GC(123) User=0.02s Sys=0.00s Real=0.01s
[289.659s][info][gc,start       ] GC(124) Pause Young (Allocation Failure)
[289.673s][info][gc,heap        ] GC(124) DefNew: 1171478K->58135K(1258304K)
[289.673s][info][gc,heap        ] GC(124) Tenured: 76084K->76084K(2796224K)
[289.673s][info][gc,metaspace   ] GC(124) Metaspace: 143859K(156720K)->143859K(156720K) NonClass: 125066K(131504K)->125066K(131504K) Class: 18792K(25216K)->18792K(25216K)
[289.673s][info][gc             ] GC(124) Pause Young (Allocation Failure) 1218M->131M(3959M) 13.765ms
[289.673s][info][gc,cpu         ] GC(124) User=0.00s Sys=0.00s Real=0.02s
[293.116s][info][gc,start       ] GC(125) Pause Full (System.gc())
[293.118s][info][gc,phases,start] GC(125) Phase 1: Mark live objects
[293.195s][info][gc,phases      ] GC(125) Phase 1: Mark live objects 77.194ms
[293.195s][info][gc,phases,start] GC(125) Phase 2: Compute new object addresses
[293.284s][info][gc,phases      ] GC(125) Phase 2: Compute new object addresses 88.785ms
[293.284s][info][gc,phases,start] GC(125) Phase 3: Adjust pointers
[293.326s][info][gc,phases      ] GC(125) Phase 3: Adjust pointers 42.426ms
[293.326s][info][gc,phases,start] GC(125) Phase 4: Move objects
[293.328s][info][gc,phases      ] GC(125) Phase 4: Move objects 1.691ms
[293.329s][info][gc,heap        ] GC(125) DefNew: 1056258K->0K(1258304K)
[293.329s][info][gc,heap        ] GC(125) Tenured: 76084K->80613K(2796224K)
[293.329s][info][gc,metaspace   ] GC(125) Metaspace: 143867K(156720K)->143867K(156720K) NonClass: 125075K(131504K)->125075K(131504K) Class: 18792K(25216K)->18792K(25216K)
[293.329s][info][gc             ] GC(125) Pause Full (System.gc()) 1105M->78M(3959M) 212.981ms
[293.329s][info][gc,cpu         ] GC(125) User=0.17s Sys=0.00s Real=0.20s
[293.694s][info][gc,start       ] GC(126) Pause Young (Allocation Failure)
[293.703s][info][gc,heap        ] GC(126) DefNew: 1116031K->35263K(1258304K)
[293.703s][info][gc,heap        ] GC(126) Tenured: 80613K->80613K(2796224K)
[293.703s][info][gc,metaspace   ] GC(126) Metaspace: 143880K(156720K)->143880K(156720K) NonClass: 125087K(131504K)->125087K(131504K) Class: 18792K(25216K)->18792K(25216K)
[293.703s][info][gc             ] GC(126) Pause Young (Allocation Failure) 1168M->113M(3959M) 9.352ms
[293.703s][info][gc,cpu         ] GC(126) User=0.02s Sys=0.00s Real=0.00s
[294.002s][info][gc,start       ] GC(127) Pause Young (Allocation Failure)
[294.015s][info][gc,heap        ] GC(127) DefNew: 1153791K->53713K(1258304K)
[294.015s][info][gc,heap        ] GC(127) Tenured: 80613K->80613K(2796224K)
[294.015s][info][gc,metaspace   ] GC(127) Metaspace: 143880K(156720K)->143880K(156720K) NonClass: 125087K(131504K)->125087K(131504K) Class: 18792K(25216K)->18792K(25216K)
[294.015s][info][gc             ] GC(127) Pause Young (Allocation Failure) 1205M->131M(3959M) 13.185ms
[294.015s][info][gc,cpu         ] GC(127) User=0.02s Sys=0.00s Real=0.02s
[297.150s][info][gc,start       ] GC(128) Pause Young (Allocation Failure)
[297.164s][info][gc,heap        ] GC(128) DefNew: 1172241K->58619K(1258304K)
[297.164s][info][gc,heap        ] GC(128) Tenured: 80613K->80613K(2796224K)
[297.164s][info][gc,metaspace   ] GC(128) Metaspace: 143880K(156720K)->143880K(156720K) NonClass: 125087K(131504K)->125087K(131504K) Class: 18792K(25216K)->18792K(25216K)
[297.164s][info][gc             ] GC(128) Pause Young (Allocation Failure) 1223M->135M(3959M) 13.802ms
[297.164s][info][gc,cpu         ] GC(128) User=0.00s Sys=0.00s Real=0.02s
[300.653s][info][gc,start       ] GC(129) Pause Full (System.gc())
[300.656s][info][gc,phases,start] GC(129) Phase 1: Mark live objects
[300.732s][info][gc,phases      ] GC(129) Phase 1: Mark live objects 76.035ms
[300.732s][info][gc,phases,start] GC(129) Phase 2: Compute new object addresses
[300.822s][info][gc,phases      ] GC(129) Phase 2: Compute new object addresses 90.139ms
[300.822s][info][gc,phases,start] GC(129) Phase 3: Adjust pointers
[300.864s][info][gc,phases      ] GC(129) Phase 3: Adjust pointers 42.334ms
[300.864s][info][gc,phases,start] GC(129) Phase 4: Move objects
[300.866s][info][gc,phases      ] GC(129) Phase 4: Move objects 2.181ms
[300.867s][info][gc,heap        ] GC(129) DefNew: 1048579K->0K(1258304K)
[300.867s][info][gc,heap        ] GC(129) Tenured: 80613K->85057K(2796224K)
[300.867s][info][gc,metaspace   ] GC(129) Metaspace: 143887K(156720K)->143887K(156720K) NonClass: 125094K(131504K)->125094K(131504K) Class: 18792K(25216K)->18792K(25216K)
[300.868s][info][gc             ] GC(129) Pause Full (System.gc()) 1102M->83M(3959M) 214.641ms
[300.868s][info][gc,cpu         ] GC(129) User=0.19s Sys=0.00s Real=0.22s
[301.261s][info][gc,start       ] GC(130) Pause Young (GCLocker Initiated GC)
[301.272s][info][gc,heap        ] GC(130) DefNew: 1122624K->47264K(1258304K)
[301.272s][info][gc,heap        ] GC(130) Tenured: 85057K->85057K(2796224K)
[301.272s][info][gc,metaspace   ] GC(130) Metaspace: 143960K(156720K)->143960K(156720K) NonClass: 125167K(131504K)->125167K(131504K) Class: 18792K(25216K)->18792K(25216K)
[301.272s][info][gc             ] GC(130) Pause Young (GCLocker Initiated GC) 1179M->129M(3959M) 10.847ms
[301.272s][info][gc,cpu         ] GC(130) User=0.00s Sys=0.00s Real=0.02s
[301.576s][info][gc,start       ] GC(131) Pause Young (Allocation Failure)
[301.588s][info][gc,heap        ] GC(131) DefNew: 1162760K->53992K(1258304K)
[301.588s][info][gc,heap        ] GC(131) Tenured: 85057K->85057K(2796224K)
[301.588s][info][gc,metaspace   ] GC(131) Metaspace: 143960K(156720K)->143960K(156720K) NonClass: 125167K(131504K)->125167K(131504K) Class: 18792K(25216K)->18792K(25216K)
[301.588s][info][gc             ] GC(131) Pause Young (Allocation Failure) 1218M->135M(3959M) 12.122ms
[301.588s][info][gc,cpu         ] GC(131) User=0.02s Sys=0.00s Real=0.02s
[304.803s][info][gc,start       ] GC(132) Pause Young (Allocation Failure)
[304.817s][info][gc,heap        ] GC(132) DefNew: 1172520K->58825K(1258304K)
[304.817s][info][gc,heap        ] GC(132) Tenured: 85057K->85057K(2796224K)
[304.817s][info][gc,metaspace   ] GC(132) Metaspace: 143960K(156720K)->143960K(156720K) NonClass: 125167K(131504K)->125167K(131504K) Class: 18792K(25216K)->18792K(25216K)
[304.817s][info][gc             ] GC(132) Pause Young (Allocation Failure) 1228M->140M(3959M) 14.248ms
[304.818s][info][gc,cpu         ] GC(132) User=0.00s Sys=0.00s Real=0.02s
[308.297s][info][gc,start       ] GC(133) Pause Full (System.gc())
[308.299s][info][gc,phases,start] GC(133) Phase 1: Mark live objects
[308.375s][info][gc,phases      ] GC(133) Phase 1: Mark live objects 76.225ms
[308.375s][info][gc,phases,start] GC(133) Phase 2: Compute new object addresses
[308.466s][info][gc,phases      ] GC(133) Phase 2: Compute new object addresses 90.931ms
[308.466s][info][gc,phases,start] GC(133) Phase 3: Adjust pointers
[308.508s][info][gc,phases      ] GC(133) Phase 3: Adjust pointers 41.919ms
[308.508s][info][gc,phases,start] GC(133) Phase 4: Move objects
[308.515s][info][gc,phases      ] GC(133) Phase 4: Move objects 6.555ms
[308.516s][info][gc,heap        ] GC(133) DefNew: 1049730K->0K(1258304K)
[308.516s][info][gc,heap        ] GC(133) Tenured: 85057K->72396K(2796224K)
[308.516s][info][gc,metaspace   ] GC(133) Metaspace: 143997K(156976K)->143997K(156976K) NonClass: 125204K(131760K)->125204K(131760K) Class: 18792K(25216K)->18792K(25216K)
[308.516s][info][gc             ] GC(133) Pause Full (System.gc()) 1108M->70M(3959M) 218.645ms
[308.516s][info][gc,cpu         ] GC(133) User=0.20s Sys=0.00s Real=0.22s
[308.906s][info][gc,start       ] GC(134) Pause Young (Allocation Failure)
[308.916s][info][gc,heap        ] GC(134) DefNew: 1115198K->33688K(1258304K)
[308.917s][info][gc,heap        ] GC(134) Tenured: 72396K->72396K(2796224K)
[308.917s][info][gc,metaspace   ] GC(134) Metaspace: 144001K(156976K)->144001K(156976K) NonClass: 125209K(131760K)->125209K(131760K) Class: 18792K(25216K)->18792K(25216K)
[308.917s][info][gc             ] GC(134) Pause Young (Allocation Failure) 1159M->103M(3959M) 11.064ms
[308.917s][info][gc,cpu         ] GC(134) User=0.00s Sys=0.00s Real=0.02s
[309.228s][info][gc,start       ] GC(135) Pause Young (Allocation Failure)
[309.241s][info][gc,heap        ] GC(135) DefNew: 1149734K->58011K(1258304K)
[309.241s][info][gc,heap        ] GC(135) Tenured: 72396K->72396K(2796224K)
[309.241s][info][gc,metaspace   ] GC(135) Metaspace: 144001K(156976K)->144001K(156976K) NonClass: 125209K(131760K)->125209K(131760K) Class: 18792K(25216K)->18792K(25216K)
[309.241s][info][gc             ] GC(135) Pause Young (Allocation Failure) 1193M->127M(3959M) 12.844ms
[309.241s][info][gc,cpu         ] GC(135) User=0.02s Sys=0.00s Real=0.01s
[312.354s][info][gc,start       ] GC(136) Pause Young (Allocation Failure)
[312.368s][info][gc,heap        ] GC(136) DefNew: 1176539K->58472K(1258304K)
[312.368s][info][gc,heap        ] GC(136) Tenured: 72396K->72396K(2796224K)
[312.368s][info][gc,metaspace   ] GC(136) Metaspace: 144002K(156976K)->144002K(156976K) NonClass: 125209K(131760K)->125209K(131760K) Class: 18792K(25216K)->18792K(25216K)
[312.368s][info][gc             ] GC(136) Pause Young (Allocation Failure) 1219M->127M(3959M) 14.248ms
[312.368s][info][gc,cpu         ] GC(136) User=0.00s Sys=0.00s Real=0.01s
[315.924s][info][gc,start       ] GC(137) Pause Full (System.gc())
[315.929s][info][gc,phases,start] GC(137) Phase 1: Mark live objects
[316.004s][info][gc,phases      ] GC(137) Phase 1: Mark live objects 75.321ms
[316.004s][info][gc,phases,start] GC(137) Phase 2: Compute new object addresses
[316.093s][info][gc,phases      ] GC(137) Phase 2: Compute new object addresses 88.930ms
[316.093s][info][gc,phases,start] GC(137) Phase 3: Adjust pointers
[316.134s][info][gc,phases      ] GC(137) Phase 3: Adjust pointers 41.066ms
[316.134s][info][gc,phases,start] GC(137) Phase 4: Move objects
[316.136s][info][gc,phases      ] GC(137) Phase 4: Move objects 1.675ms
[316.137s][info][gc,heap        ] GC(137) DefNew: 1061552K->0K(1258304K)
[316.137s][info][gc,heap        ] GC(137) Tenured: 72396K->76927K(2796224K)
[316.137s][info][gc,metaspace   ] GC(137) Metaspace: 144005K(156976K)->144005K(156976K) NonClass: 125212K(131760K)->125212K(131760K) Class: 18792K(25216K)->18792K(25216K)
[316.137s][info][gc             ] GC(137) Pause Full (System.gc()) 1107M->75M(3959M) 212.183ms
[316.137s][info][gc,cpu         ] GC(137) User=0.22s Sys=0.00s Real=0.22s
[316.516s][info][gc,start       ] GC(138) Pause Young (Allocation Failure)
[316.526s][info][gc,heap        ] GC(138) DefNew: 1114725K->33404K(1258304K)
[316.526s][info][gc,heap        ] GC(138) Tenured: 76927K->76927K(2796224K)
[316.526s][info][gc,metaspace   ] GC(138) Metaspace: 144008K(156976K)->144008K(156976K) NonClass: 125216K(131760K)->125216K(131760K) Class: 18792K(25216K)->18792K(25216K)
[316.526s][info][gc             ] GC(138) Pause Young (Allocation Failure) 1163M->107M(3959M) 9.645ms
[316.526s][info][gc,cpu         ] GC(138) User=0.00s Sys=0.00s Real=0.02s
[316.814s][info][gc,start       ] GC(139) Pause Young (Allocation Failure)
[316.826s][info][gc,heap        ] GC(139) DefNew: 1147899K->51732K(1258304K)
[316.826s][info][gc,heap        ] GC(139) Tenured: 76927K->76927K(2796224K)
[316.826s][info][gc,metaspace   ] GC(139) Metaspace: 144008K(156976K)->144008K(156976K) NonClass: 125216K(131760K)->125216K(131760K) Class: 18792K(25216K)->18792K(25216K)
[316.826s][info][gc             ] GC(139) Pause Young (Allocation Failure) 1196M->125M(3959M) 11.747ms
[316.826s][info][gc,cpu         ] GC(139) User=0.02s Sys=0.00s Real=0.01s
[320.040s][info][gc,start       ] GC(140) Pause Young (Allocation Failure)
[320.055s][info][gc,heap        ] GC(140) DefNew: 1170260K->58148K(1258304K)
[320.055s][info][gc,heap        ] GC(140) Tenured: 76927K->76927K(2796224K)
[320.055s][info][gc,metaspace   ] GC(140) Metaspace: 144009K(156976K)->144009K(156976K) NonClass: 125216K(131760K)->125216K(131760K) Class: 18792K(25216K)->18792K(25216K)
[320.055s][info][gc             ] GC(140) Pause Young (Allocation Failure) 1217M->131M(3959M) 14.362ms
[320.055s][info][gc,cpu         ] GC(140) User=0.00s Sys=0.00s Real=0.01s
[323.548s][info][gc,start       ] GC(141) Pause Full (System.gc())
[323.550s][info][gc,phases,start] GC(141) Phase 1: Mark live objects
[323.627s][info][gc,phases      ] GC(141) Phase 1: Mark live objects 76.775ms
[323.627s][info][gc,phases,start] GC(141) Phase 2: Compute new object addresses
[323.718s][info][gc,phases      ] GC(141) Phase 2: Compute new object addresses 90.850ms
[323.718s][info][gc,phases,start] GC(141) Phase 3: Adjust pointers
[323.760s][info][gc,phases      ] GC(141) Phase 3: Adjust pointers 41.534ms
[323.760s][info][gc,phases,start] GC(141) Phase 4: Move objects
[323.761s][info][gc,phases      ] GC(141) Phase 4: Move objects 1.723ms
[323.762s][info][gc,heap        ] GC(141) DefNew: 1054657K->0K(1258304K)
[323.762s][info][gc,heap        ] GC(141) Tenured: 76927K->81447K(2796224K)
[323.762s][info][gc,metaspace   ] GC(141) Metaspace: 144040K(156976K)->144040K(156976K) NonClass: 125247K(131760K)->125247K(131760K) Class: 18792K(25216K)->18792K(25216K)
[323.762s][info][gc             ] GC(141) Pause Full (System.gc()) 1105M->79M(3959M) 214.136ms
[323.762s][info][gc,cpu         ] GC(141) User=0.22s Sys=0.00s Real=0.22s
[324.164s][info][gc,start       ] GC(142) Pause Young (Allocation Failure)
[324.174s][info][gc,heap        ] GC(142) DefNew: 1114983K->39165K(1258304K)
[324.174s][info][gc,heap        ] GC(142) Tenured: 81447K->81447K(2796224K)
[324.174s][info][gc,metaspace   ] GC(142) Metaspace: 144065K(156976K)->144065K(156976K) NonClass: 125272K(131760K)->125272K(131760K) Class: 18792K(25216K)->18792K(25216K)
[324.174s][info][gc             ] GC(142) Pause Young (Allocation Failure) 1168M->117M(3959M) 10.090ms
[324.174s][info][gc,cpu         ] GC(142) User=0.00s Sys=0.00s Real=0.02s
[324.475s][info][gc,start       ] GC(143) Pause Young (Allocation Failure)
[324.487s][info][gc,heap        ] GC(143) DefNew: 1156592K->59558K(1258304K)
[324.487s][info][gc,heap        ] GC(143) Tenured: 81447K->81447K(2796224K)
[324.487s][info][gc,metaspace   ] GC(143) Metaspace: 144065K(156976K)->144065K(156976K) NonClass: 125272K(131760K)->125272K(131760K) Class: 18792K(25216K)->18792K(25216K)
[324.487s][info][gc             ] GC(143) Pause Young (Allocation Failure) 1209M->137M(3959M) 12.591ms
[324.487s][info][gc,cpu         ] GC(143) User=0.00s Sys=0.00s Real=0.01s
[327.755s][info][gc,start       ] GC(144) Pause Young (Allocation Failure)
[327.769s][info][gc,heap        ] GC(144) DefNew: 1176221K->58092K(1258304K)
[327.769s][info][gc,heap        ] GC(144) Tenured: 81447K->81447K(2796224K)
[327.769s][info][gc,metaspace   ] GC(144) Metaspace: 144065K(156976K)->144065K(156976K) NonClass: 125272K(131760K)->125272K(131760K) Class: 18792K(25216K)->18792K(25216K)
[327.769s][info][gc             ] GC(144) Pause Young (Allocation Failure) 1228M->136M(3959M) 13.867ms
[327.769s][info][gc,cpu         ] GC(144) User=0.00s Sys=0.00s Real=0.01s
[331.415s][info][gc,start       ] GC(145) Pause Full (System.gc())
[331.417s][info][gc,phases,start] GC(145) Phase 1: Mark live objects
[331.492s][info][gc,phases      ] GC(145) Phase 1: Mark live objects 74.921ms
[331.492s][info][gc,phases,start] GC(145) Phase 2: Compute new object addresses
[331.583s][info][gc,phases      ] GC(145) Phase 2: Compute new object addresses 91.823ms
[331.584s][info][gc,phases,start] GC(145) Phase 3: Adjust pointers
[331.626s][info][gc,phases      ] GC(145) Phase 3: Adjust pointers 42.168ms
[331.626s][info][gc,phases,start] GC(145) Phase 4: Move objects
[331.628s][info][gc,phases      ] GC(145) Phase 4: Move objects 1.915ms
[331.629s][info][gc,heap        ] GC(145) DefNew: 1059156K->0K(1258304K)
[331.629s][info][gc,heap        ] GC(145) Tenured: 81447K->85969K(2796224K)
[331.629s][info][gc,metaspace   ] GC(145) Metaspace: 144075K(156976K)->144075K(156976K) NonClass: 125282K(131760K)->125282K(131760K) Class: 18792K(25216K)->18792K(25216K)
[331.629s][info][gc             ] GC(145) Pause Full (System.gc()) 1113M->83M(3959M) 213.674ms
[331.629s][info][gc,cpu         ] GC(145) User=0.23s Sys=0.00s Real=0.22s
[332.028s][info][gc,start       ] GC(146) Pause Young (Allocation Failure)
[332.037s][info][gc,heap        ] GC(146) DefNew: 1115263K->33222K(1258304K)
[332.037s][info][gc,heap        ] GC(146) Tenured: 85969K->85969K(2796224K)
[332.037s][info][gc,metaspace   ] GC(146) Metaspace: 144094K(156976K)->144094K(156976K) NonClass: 125301K(131760K)->125301K(131760K) Class: 18792K(25216K)->18792K(25216K)
[332.037s][info][gc             ] GC(146) Pause Young (Allocation Failure) 1173M->116M(3959M) 9.417ms
[332.037s][info][gc,cpu         ] GC(146) User=0.00s Sys=0.00s Real=0.02s
[332.322s][info][gc,start       ] GC(147) Pause Young (Allocation Failure)
[332.334s][info][gc,heap        ] GC(147) DefNew: 1151092K->53717K(1258304K)
[332.334s][info][gc,heap        ] GC(147) Tenured: 85969K->85969K(2796224K)
[332.334s][info][gc,metaspace   ] GC(147) Metaspace: 144094K(156976K)->144094K(156976K) NonClass: 125301K(131760K)->125301K(131760K) Class: 18792K(25216K)->18792K(25216K)
[332.334s][info][gc             ] GC(147) Pause Young (Allocation Failure) 1208M->136M(3959M) 12.200ms
[332.334s][info][gc,cpu         ] GC(147) User=0.02s Sys=0.00s Real=0.02s
[335.507s][info][gc,start       ] GC(148) Pause Young (Allocation Failure)
[335.520s][info][gc,heap        ] GC(148) DefNew: 1172245K->58192K(1258304K)
[335.520s][info][gc,heap        ] GC(148) Tenured: 85969K->85969K(2796224K)
[335.520s][info][gc,metaspace   ] GC(148) Metaspace: 144094K(156976K)->144094K(156976K) NonClass: 125301K(131760K)->125301K(131760K) Class: 18792K(25216K)->18792K(25216K)
[335.520s][info][gc             ] GC(148) Pause Young (Allocation Failure) 1228M->140M(3959M) 13.476ms
[335.520s][info][gc,cpu         ] GC(148) User=0.00s Sys=0.00s Real=0.02s
[339.049s][info][gc,start       ] GC(149) Pause Full (System.gc())
[339.051s][info][gc,phases,start] GC(149) Phase 1: Mark live objects
[339.125s][info][gc,phases      ] GC(149) Phase 1: Mark live objects 74.376ms
[339.125s][info][gc,phases,start] GC(149) Phase 2: Compute new object addresses
[339.217s][info][gc,phases      ] GC(149) Phase 2: Compute new object addresses 91.706ms
[339.217s][info][gc,phases,start] GC(149) Phase 3: Adjust pointers
[339.259s][info][gc,phases      ] GC(149) Phase 3: Adjust pointers 42.461ms
[339.259s][info][gc,phases,start] GC(149) Phase 4: Move objects
[339.267s][info][gc,phases      ] GC(149) Phase 4: Move objects 7.040ms
[339.267s][info][gc,heap        ] GC(149) DefNew: 1055663K->0K(1258304K)
[339.267s][info][gc,heap        ] GC(149) Tenured: 85969K->72741K(2796224K)
[339.267s][info][gc,metaspace   ] GC(149) Metaspace: 144099K(156976K)->144099K(156976K) NonClass: 125306K(131760K)->125306K(131760K) Class: 18792K(25216K)->18792K(25216K)
[339.268s][info][gc             ] GC(149) Pause Full (System.gc()) 1114M->71M(3959M) 218.445ms
[339.268s][info][gc,cpu         ] GC(149) User=0.22s Sys=0.00s Real=0.22s
[339.639s][info][gc,start       ] GC(150) Pause Young (Allocation Failure)
[339.649s][info][gc,heap        ] GC(150) DefNew: 1117713K->37921K(1258304K)
[339.649s][info][gc,heap        ] GC(150) Tenured: 72741K->72741K(2796224K)
[339.649s][info][gc,metaspace   ] GC(150) Metaspace: 144199K(156976K)->144199K(156976K) NonClass: 125406K(131760K)->125406K(131760K) Class: 18792K(25216K)->18792K(25216K)
[339.649s][info][gc             ] GC(150) Pause Young (Allocation Failure) 1162M->108M(3959M) 9.868ms
[339.649s][info][gc,cpu         ] GC(150) User=0.00s Sys=0.00s Real=0.02s
[339.952s][info][gc,start       ] GC(151) Pause Young (Allocation Failure)
[339.965s][info][gc,heap        ] GC(151) DefNew: 1155983K->62055K(1258304K)
[339.965s][info][gc,heap        ] GC(151) Tenured: 72741K->72741K(2796224K)
[339.965s][info][gc,metaspace   ] GC(151) Metaspace: 144202K(156976K)->144202K(156976K) NonClass: 125409K(131760K)->125409K(131760K) Class: 18792K(25216K)->18792K(25216K)
[339.965s][info][gc             ] GC(151) Pause Young (Allocation Failure) 1199M->131M(3959M) 13.082ms
[339.965s][info][gc,cpu         ] GC(151) User=0.02s Sys=0.00s Real=0.02s
[343.035s][info][gc,start       ] GC(152) Pause Young (Allocation Failure)
[343.049s][info][gc,heap        ] GC(152) DefNew: 1180583K->58450K(1258304K)
[343.049s][info][gc,heap        ] GC(152) Tenured: 72741K->72741K(2796224K)
[343.049s][info][gc,metaspace   ] GC(152) Metaspace: 144202K(156976K)->144202K(156976K) NonClass: 125409K(131760K)->125409K(131760K) Class: 18792K(25216K)->18792K(25216K)
[343.049s][info][gc             ] GC(152) Pause Young (Allocation Failure) 1223M->128M(3959M) 14.065ms
[343.049s][info][gc,cpu         ] GC(152) User=0.00s Sys=0.00s Real=0.02s
[346.604s][info][gc,start       ] GC(153) Pause Full (System.gc())
[346.605s][info][gc,phases,start] GC(153) Phase 1: Mark live objects
[346.681s][info][gc,phases      ] GC(153) Phase 1: Mark live objects 75.796ms
[346.681s][info][gc,phases,start] GC(153) Phase 2: Compute new object addresses
[346.773s][info][gc,phases      ] GC(153) Phase 2: Compute new object addresses 91.560ms
[346.773s][info][gc,phases,start] GC(153) Phase 3: Adjust pointers
[346.815s][info][gc,phases      ] GC(153) Phase 3: Adjust pointers 42.166ms
[346.815s][info][gc,phases,start] GC(153) Phase 4: Move objects
[346.817s][info][gc,phases      ] GC(153) Phase 4: Move objects 1.796ms
[346.818s][info][gc,heap        ] GC(153) DefNew: 1058844K->0K(1258304K)
[346.818s][info][gc,heap        ] GC(153) Tenured: 72741K->77264K(2796224K)
[346.818s][info][gc,metaspace   ] GC(153) Metaspace: 144224K(156976K)->144224K(156976K) NonClass: 125431K(131760K)->125431K(131760K) Class: 18792K(25216K)->18792K(25216K)
[346.818s][info][gc             ] GC(153) Pause Full (System.gc()) 1105M->75M(3959M) 214.113ms
[346.818s][info][gc,cpu         ] GC(153) User=0.20s Sys=0.00s Real=0.22s
[347.184s][info][gc,start       ] GC(154) Pause Young (Allocation Failure)
[347.194s][info][gc,heap        ] GC(154) DefNew: 1118528K->35002K(1258304K)
[347.194s][info][gc,heap        ] GC(154) Tenured: 77264K->77264K(2796224K)
[347.194s][info][gc,metaspace   ] GC(154) Metaspace: 144251K(156976K)->144251K(156976K) NonClass: 125458K(131760K)->125458K(131760K) Class: 18792K(25216K)->18792K(25216K)
[347.194s][info][gc             ] GC(154) Pause Young (Allocation Failure) 1167M->109M(3959M) 9.560ms
[347.194s][info][gc,cpu         ] GC(154) User=0.00s Sys=0.00s Real=0.02s
[347.502s][info][gc,start       ] GC(155) Pause Young (Allocation Failure)
[347.515s][info][gc,heap        ] GC(155) DefNew: 1153530K->55120K(1258304K)
[347.515s][info][gc,heap        ] GC(155) Tenured: 77264K->77264K(2796224K)
[347.516s][info][gc,metaspace   ] GC(155) Metaspace: 144251K(156976K)->144251K(156976K) NonClass: 125458K(131760K)->125458K(131760K) Class: 18792K(25216K)->18792K(25216K)
[347.516s][info][gc             ] GC(155) Pause Young (Allocation Failure) 1201M->129M(3959M) 13.223ms
[347.516s][info][gc,cpu         ] GC(155) User=0.00s Sys=0.00s Real=0.02s
[350.582s][info][gc,start       ] GC(156) Pause Young (Allocation Failure)
[350.596s][info][gc,heap        ] GC(156) DefNew: 1173057K->58344K(1258304K)
[350.596s][info][gc,heap        ] GC(156) Tenured: 77264K->77264K(2796224K)
[350.596s][info][gc,metaspace   ] GC(156) Metaspace: 144251K(156976K)->144251K(156976K) NonClass: 125458K(131760K)->125458K(131760K) Class: 18792K(25216K)->18792K(25216K)
[350.596s][info][gc             ] GC(156) Pause Young (Allocation Failure) 1221M->132M(3959M) 13.991ms
[350.596s][info][gc,cpu         ] GC(156) User=0.05s Sys=0.00s Real=0.02s
[354.236s][info][gc,start       ] GC(157) Pause Full (System.gc())
[354.238s][info][gc,phases,start] GC(157) Phase 1: Mark live objects
[354.316s][info][gc,phases      ] GC(157) Phase 1: Mark live objects 78.269ms
[354.316s][info][gc,phases,start] GC(157) Phase 2: Compute new object addresses
[354.407s][info][gc,phases      ] GC(157) Phase 2: Compute new object addresses 91.067ms
[354.407s][info][gc,phases,start] GC(157) Phase 3: Adjust pointers
[354.450s][info][gc,phases      ] GC(157) Phase 3: Adjust pointers 42.102ms
[354.450s][info][gc,phases,start] GC(157) Phase 4: Move objects
[354.451s][info][gc,phases      ] GC(157) Phase 4: Move objects 1.758ms
[354.452s][info][gc,heap        ] GC(157) DefNew: 1056522K->0K(1258304K)
[354.452s][info][gc,heap        ] GC(157) Tenured: 77264K->81785K(2796224K)
[354.452s][info][gc,metaspace   ] GC(157) Metaspace: 144253K(156976K)->144253K(156976K) NonClass: 125460K(131760K)->125460K(131760K) Class: 18792K(25216K)->18792K(25216K)
[354.452s][info][gc             ] GC(157) Pause Full (System.gc()) 1107M->79M(3959M) 216.317ms
[354.452s][info][gc,cpu         ] GC(157) User=0.20s Sys=0.00s Real=0.21s
[354.865s][info][gc,start       ] GC(158) Pause Young (Allocation Failure)
[354.876s][info][gc,heap        ] GC(158) DefNew: 1116402K->35350K(1258304K)
[354.876s][info][gc,heap        ] GC(158) Tenured: 81785K->81785K(2796224K)
[354.876s][info][gc,metaspace   ] GC(158) Metaspace: 144273K(156976K)->144273K(156976K) NonClass: 125480K(131760K)->125480K(131760K) Class: 18792K(25216K)->18792K(25216K)
[354.876s][info][gc             ] GC(158) Pause Young (Allocation Failure) 1170M->114M(3959M) 10.515ms
[354.876s][info][gc,cpu         ] GC(158) User=0.05s Sys=0.00s Real=0.02s
[355.177s][info][gc,start       ] GC(159) Pause Young (Allocation Failure)
[355.189s][info][gc,heap        ] GC(159) DefNew: 1152894K->47482K(1258304K)
[355.189s][info][gc,heap        ] GC(159) Tenured: 81785K->81785K(2796224K)
[355.189s][info][gc,metaspace   ] GC(159) Metaspace: 144273K(156976K)->144273K(156976K) NonClass: 125480K(131760K)->125480K(131760K) Class: 18792K(25216K)->18792K(25216K)
[355.189s][info][gc             ] GC(159) Pause Young (Allocation Failure) 1205M->126M(3959M) 11.908ms
[355.189s][info][gc,cpu         ] GC(159) User=0.00s Sys=0.00s Real=0.01s
[358.474s][info][gc,start       ] GC(160) Pause Young (Allocation Failure)
[358.487s][info][gc,heap        ] GC(160) DefNew: 1163880K->58097K(1258304K)
[358.487s][info][gc,heap        ] GC(160) Tenured: 81785K->81785K(2796224K)
[358.487s][info][gc,metaspace   ] GC(160) Metaspace: 144273K(156976K)->144273K(156976K) NonClass: 125480K(131760K)->125480K(131760K) Class: 18792K(25216K)->18792K(25216K)
[358.487s][info][gc             ] GC(160) Pause Young (Allocation Failure) 1216M->136M(3959M) 13.360ms
[358.487s][info][gc,cpu         ] GC(160) User=0.00s Sys=0.00s Real=0.02s
[362.063s][info][gc,start       ] GC(161) Pause Full (System.gc())
[362.064s][info][gc,phases,start] GC(161) Phase 1: Mark live objects
[362.140s][info][gc,phases      ] GC(161) Phase 1: Mark live objects 75.919ms
[362.140s][info][gc,phases,start] GC(161) Phase 2: Compute new object addresses
[362.232s][info][gc,phases      ] GC(161) Phase 2: Compute new object addresses 91.153ms
[362.232s][info][gc,phases,start] GC(161) Phase 3: Adjust pointers
[362.274s][info][gc,phases      ] GC(161) Phase 3: Adjust pointers 42.640ms
[362.274s][info][gc,phases,start] GC(161) Phase 4: Move objects
[362.276s][info][gc,phases      ] GC(161) Phase 4: Move objects 1.865ms
[362.277s][info][gc,heap        ] GC(161) DefNew: 1056069K->0K(1258304K)
[362.277s][info][gc,heap        ] GC(161) Tenured: 81785K->86299K(2796224K)
[362.277s][info][gc,metaspace   ] GC(161) Metaspace: 144290K(156976K)->144290K(156976K) NonClass: 125497K(131760K)->125497K(131760K) Class: 18792K(25216K)->18792K(25216K)
[362.277s][info][gc             ] GC(161) Pause Full (System.gc()) 1111M->84M(3959M) 214.483ms
[362.277s][info][gc,cpu         ] GC(161) User=0.14s Sys=0.00s Real=0.22s
[362.656s][info][gc,start       ] GC(162) Pause Young (Allocation Failure)
[362.666s][info][gc,heap        ] GC(162) DefNew: 1116603K->36799K(1258304K)
[362.666s][info][gc,heap        ] GC(162) Tenured: 86299K->86299K(2796224K)
[362.666s][info][gc,metaspace   ] GC(162) Metaspace: 144436K(157232K)->144436K(157232K) NonClass: 125643K(132016K)->125643K(132016K) Class: 18792K(25216K)->18792K(25216K)
[362.666s][info][gc             ] GC(162) Pause Young (Allocation Failure) 1174M->120M(3959M) 9.699ms
[362.666s][info][gc,cpu         ] GC(162) User=0.00s Sys=0.00s Real=0.00s
[362.980s][info][gc,start       ] GC(163) Pause Young (Allocation Failure)
[362.993s][info][gc,heap        ] GC(163) DefNew: 1153675K->52122K(1258304K)
[362.993s][info][gc,heap        ] GC(163) Tenured: 86299K->86299K(2796224K)
[362.993s][info][gc,metaspace   ] GC(163) Metaspace: 144436K(157232K)->144436K(157232K) NonClass: 125643K(132016K)->125643K(132016K) Class: 18792K(25216K)->18792K(25216K)
[362.993s][info][gc             ] GC(163) Pause Young (Allocation Failure) 1210M->135M(3959M) 13.294ms
[362.993s][info][gc,cpu         ] GC(163) User=0.02s Sys=0.00s Real=0.02s
[366.145s][info][gc,start       ] GC(164) Pause Young (Allocation Failure)
[366.159s][info][gc,heap        ] GC(164) DefNew: 1170181K->58505K(1258304K)
[366.159s][info][gc,heap        ] GC(164) Tenured: 86299K->86299K(2796224K)
[366.159s][info][gc,metaspace   ] GC(164) Metaspace: 144436K(157232K)->144436K(157232K) NonClass: 125643K(132016K)->125643K(132016K) Class: 18792K(25216K)->18792K(25216K)
[366.159s][info][gc             ] GC(164) Pause Young (Allocation Failure) 1227M->141M(3959M) 13.967ms
[366.159s][info][gc,cpu         ] GC(164) User=0.02s Sys=0.00s Real=0.02s
[369.758s][info][gc,start       ] GC(165) Pause Full (System.gc())
[369.760s][info][gc,phases,start] GC(165) Phase 1: Mark live objects
[369.839s][info][gc,phases      ] GC(165) Phase 1: Mark live objects 79.119ms
[369.839s][info][gc,phases,start] GC(165) Phase 2: Compute new object addresses
[369.933s][info][gc,phases      ] GC(165) Phase 2: Compute new object addresses 93.689ms
[369.933s][info][gc,phases,start] GC(165) Phase 3: Adjust pointers
[369.976s][info][gc,phases      ] GC(165) Phase 3: Adjust pointers 43.318ms
[369.976s][info][gc,phases,start] GC(165) Phase 4: Move objects
[369.982s][info][gc,phases      ] GC(165) Phase 4: Move objects 5.901ms
[369.983s][info][gc,heap        ] GC(165) DefNew: 1057953K->0K(1258304K)
[369.983s][info][gc,heap        ] GC(165) Tenured: 86299K->72758K(2796224K)
[369.983s][info][gc,metaspace   ] GC(165) Metaspace: 144451K(157232K)->144451K(157232K) NonClass: 125658K(132016K)->125658K(132016K) Class: 18792K(25216K)->18792K(25216K)
[369.983s][info][gc             ] GC(165) Pause Full (System.gc()) 1117M->71M(3959M) 224.972ms
[369.983s][info][gc,cpu         ] GC(165) User=0.19s Sys=0.00s Real=0.23s
[370.367s][info][gc,start       ] GC(166) Pause Young (Allocation Failure)
[370.376s][info][gc,heap        ] GC(166) DefNew: 1118528K->31602K(1258304K)
[370.376s][info][gc,heap        ] GC(166) Tenured: 72758K->72758K(2796224K)
[370.376s][info][gc,metaspace   ] GC(166) Metaspace: 144504K(157232K)->144504K(157232K) NonClass: 125711K(132016K)->125711K(132016K) Class: 18792K(25216K)->18792K(25216K)
[370.376s][info][gc             ] GC(166) Pause Young (Allocation Failure) 1163M->101M(3959M) 9.218ms
[370.376s][info][gc,cpu         ] GC(166) User=0.00s Sys=0.00s Real=0.01s
[370.674s][info][gc,start       ] GC(167) Pause Young (Allocation Failure)
[370.687s][info][gc,heap        ] GC(167) DefNew: 1150130K->57035K(1258304K)
[370.687s][info][gc,heap        ] GC(167) Tenured: 72758K->72758K(2796224K)
[370.687s][info][gc,metaspace   ] GC(167) Metaspace: 144505K(157232K)->144505K(157232K) NonClass: 125712K(132016K)->125712K(132016K) Class: 18792K(25216K)->18792K(25216K)
[370.687s][info][gc             ] GC(167) Pause Young (Allocation Failure) 1194M->126M(3959M) 12.573ms
[370.687s][info][gc,cpu         ] GC(167) User=0.00s Sys=0.00s Real=0.00s
[373.926s][info][gc,start       ] GC(168) Pause Young (Allocation Failure)
[373.939s][info][gc,heap        ] GC(168) DefNew: 1175563K->58482K(1258304K)
[373.939s][info][gc,heap        ] GC(168) Tenured: 72758K->72758K(2796224K)
[373.939s][info][gc,metaspace   ] GC(168) Metaspace: 144505K(157232K)->144505K(157232K) NonClass: 125712K(132016K)->125712K(132016K) Class: 18792K(25216K)->18792K(25216K)
[373.940s][info][gc             ] GC(168) Pause Young (Allocation Failure) 1219M->128M(3959M) 13.667ms
[373.940s][info][gc,cpu         ] GC(168) User=0.00s Sys=0.00s Real=0.02s
[377.461s][info][gc,start       ] GC(169) Pause Full (System.gc())
[377.464s][info][gc,phases,start] GC(169) Phase 1: Mark live objects
[377.539s][info][gc,phases      ] GC(169) Phase 1: Mark live objects 74.685ms
[377.539s][info][gc,phases,start] GC(169) Phase 2: Compute new object addresses
[377.627s][info][gc,phases      ] GC(169) Phase 2: Compute new object addresses 88.279ms
[377.627s][info][gc,phases,start] GC(169) Phase 3: Adjust pointers
[377.670s][info][gc,phases      ] GC(169) Phase 3: Adjust pointers 42.786ms
[377.670s][info][gc,phases,start] GC(169) Phase 4: Move objects
[377.672s][info][gc,phases      ] GC(169) Phase 4: Move objects 1.669ms
[377.672s][info][gc,heap        ] GC(169) DefNew: 1054103K->0K(1258304K)
[377.673s][info][gc,heap        ] GC(169) Tenured: 72758K->77196K(2796224K)
[377.673s][info][gc,metaspace   ] GC(169) Metaspace: 144507K(157232K)->144507K(157232K) NonClass: 125714K(132016K)->125714K(132016K) Class: 18792K(25216K)->18792K(25216K)
[377.673s][info][gc             ] GC(169) Pause Full (System.gc()) 1100M->75M(3959M) 211.541ms
[377.673s][info][gc,cpu         ] GC(169) User=0.17s Sys=0.00s Real=0.20s
[378.049s][info][gc,start       ] GC(170) Pause Young (Allocation Failure)
[378.060s][info][gc,heap        ] GC(170) DefNew: 1115638K->45742K(1258304K)
[378.060s][info][gc,heap        ] GC(170) Tenured: 77196K->77196K(2796224K)
[378.060s][info][gc,metaspace   ] GC(170) Metaspace: 144552K(157232K)->144552K(157232K) NonClass: 125759K(132016K)->125759K(132016K) Class: 18792K(25216K)->18792K(25216K)
[378.060s][info][gc             ] GC(170) Pause Young (Allocation Failure) 1164M->120M(3959M) 10.550ms
[378.060s][info][gc,cpu         ] GC(170) User=0.00s Sys=0.00s Real=0.01s
[378.356s][info][gc,start       ] GC(171) Pause Young (Allocation Failure)
[378.368s][info][gc,heap        ] GC(171) DefNew: 1163037K->51642K(1258304K)
[378.368s][info][gc,heap        ] GC(171) Tenured: 77196K->77196K(2796224K)
[378.368s][info][gc,metaspace   ] GC(171) Metaspace: 144552K(157232K)->144552K(157232K) NonClass: 125759K(132016K)->125759K(132016K) Class: 18792K(25216K)->18792K(25216K)
[378.368s][info][gc             ] GC(171) Pause Young (Allocation Failure) 1211M->125M(3959M) 12.168ms
[378.368s][info][gc,cpu         ] GC(171) User=0.02s Sys=0.00s Real=0.02s
[381.566s][info][gc,start       ] GC(172) Pause Young (Allocation Failure)
[381.579s][info][gc,heap        ] GC(172) DefNew: 1169607K->58091K(1258304K)
[381.579s][info][gc,heap        ] GC(172) Tenured: 77196K->77196K(2796224K)
[381.579s][info][gc,metaspace   ] GC(172) Metaspace: 144552K(157232K)->144552K(157232K) NonClass: 125759K(132016K)->125759K(132016K) Class: 18792K(25216K)->18792K(25216K)
[381.579s][info][gc             ] GC(172) Pause Young (Allocation Failure) 1217M->132M(3959M) 13.111ms
[381.579s][info][gc,cpu         ] GC(172) User=0.00s Sys=0.00s Real=0.00s
[390.550s][info][gc,start       ] GC(173) Pause Full (System.gc())
[390.552s][info][gc,phases,start] GC(173) Phase 1: Mark live objects
[390.630s][info][gc,phases      ] GC(173) Phase 1: Mark live objects 77.559ms
[390.630s][info][gc,phases,start] GC(173) Phase 2: Compute new object addresses
[390.719s][info][gc,phases      ] GC(173) Phase 2: Compute new object addresses 89.557ms
[390.719s][info][gc,phases,start] GC(173) Phase 3: Adjust pointers
[390.762s][info][gc,phases      ] GC(173) Phase 3: Adjust pointers 42.474ms
[390.762s][info][gc,phases,start] GC(173) Phase 4: Move objects
[390.763s][info][gc,phases      ] GC(173) Phase 4: Move objects 1.631ms
[390.764s][info][gc,heap        ] GC(173) DefNew: 1056598K->0K(1258304K)
[390.764s][info][gc,heap        ] GC(173) Tenured: 77196K->81713K(2796224K)
[390.764s][info][gc,metaspace   ] GC(173) Metaspace: 144562K(157232K)->144562K(157232K) NonClass: 125770K(132016K)->125770K(132016K) Class: 18792K(25216K)->18792K(25216K)
[390.764s][info][gc             ] GC(173) Pause Full (System.gc()) 1107M->79M(3959M) 214.139ms
[390.764s][info][gc,cpu         ] GC(173) User=0.20s Sys=0.00s Real=0.22s
[391.162s][info][gc,start       ] GC(174) Pause Young (Allocation Failure)
[391.171s][info][gc,heap        ] GC(174) DefNew: 1116332K->31697K(1258304K)
[391.171s][info][gc,heap        ] GC(174) Tenured: 81713K->81713K(2796224K)
[391.171s][info][gc,metaspace   ] GC(174) Metaspace: 144680K(157488K)->144680K(157488K) NonClass: 125887K(132272K)->125887K(132272K) Class: 18792K(25216K)->18792K(25216K)
[391.171s][info][gc             ] GC(174) Pause Young (Allocation Failure) 1169M->110M(3959M) 9.295ms
[391.171s][info][gc,cpu         ] GC(174) User=0.00s Sys=0.00s Real=0.02s
[391.473s][info][gc,start       ] GC(175) Pause Young (Allocation Failure)
[391.485s][info][gc,heap        ] GC(175) DefNew: 1150213K->55569K(1258304K)
[391.485s][info][gc,heap        ] GC(175) Tenured: 81713K->81713K(2796224K)
[391.485s][info][gc,metaspace   ] GC(175) Metaspace: 144680K(157488K)->144680K(157488K) NonClass: 125887K(132272K)->125887K(132272K) Class: 18792K(25216K)->18792K(25216K)
[391.485s][info][gc             ] GC(175) Pause Young (Allocation Failure) 1203M->134M(3959M) 12.310ms
[391.485s][info][gc,cpu         ] GC(175) User=0.02s Sys=0.00s Real=0.02s
[394.548s][info][gc,start       ] GC(176) Pause Young (Allocation Failure)
[394.562s][info][gc,heap        ] GC(176) DefNew: 1173686K->58465K(1258304K)
[394.562s][info][gc,heap        ] GC(176) Tenured: 81713K->81713K(2796224K)
[394.562s][info][gc,metaspace   ] GC(176) Metaspace: 144682K(157488K)->144682K(157488K) NonClass: 125890K(132272K)->125890K(132272K) Class: 18792K(25216K)->18792K(25216K)
[394.562s][info][gc             ] GC(176) Pause Young (Allocation Failure) 1225M->136M(3959M) 13.944ms
[394.562s][info][gc,cpu         ] GC(176) User=0.00s Sys=0.00s Real=0.02s
[398.161s][info][gc,start       ] GC(177) Pause Full (System.gc())
[398.165s][info][gc,phases,start] GC(177) Phase 1: Mark live objects
[398.244s][info][gc,phases      ] GC(177) Phase 1: Mark live objects 79.612ms
[398.244s][info][gc,phases,start] GC(177) Phase 2: Compute new object addresses
[398.336s][info][gc,phases      ] GC(177) Phase 2: Compute new object addresses 91.525ms
[398.336s][info][gc,phases,start] GC(177) Phase 3: Adjust pointers
[398.379s][info][gc,phases      ] GC(177) Phase 3: Adjust pointers 42.735ms
[398.379s][info][gc,phases,start] GC(177) Phase 4: Move objects
[398.380s][info][gc,phases      ] GC(177) Phase 4: Move objects 1.671ms
[398.381s][info][gc,heap        ] GC(177) DefNew: 1061946K->0K(1258304K)
[398.381s][info][gc,heap        ] GC(177) Tenured: 81713K->86233K(2796224K)
[398.381s][info][gc,metaspace   ] GC(177) Metaspace: 144743K(157488K)->144743K(157488K) NonClass: 125950K(132272K)->125950K(132272K) Class: 18792K(25216K)->18792K(25216K)
[398.381s][info][gc             ] GC(177) Pause Full (System.gc()) 1116M->84M(3959M) 219.842ms
[398.381s][info][gc,cpu         ] GC(177) User=0.22s Sys=0.00s Real=0.21s
[399.312s][info][gc,start       ] GC(178) Pause Young (Allocation Failure)
[399.357s][info][gc,heap        ] GC(178) DefNew: 1116934K->47234K(1258304K)
[399.357s][info][gc,heap        ] GC(178) Tenured: 86233K->86233K(2796224K)
[399.357s][info][gc,metaspace   ] GC(178) Metaspace: 144771K(157488K)->144771K(157488K) NonClass: 125978K(132272K)->125978K(132272K) Class: 18792K(25216K)->18792K(25216K)
[399.357s][info][gc             ] GC(178) Pause Young (Allocation Failure) 1174M->130M(3959M) 45.401ms
[399.358s][info][gc,cpu         ] GC(178) User=0.05s Sys=0.00s Real=0.03s
[400.872s][info][gc,start       ] GC(179) Pause Young (Allocation Failure)
[400.885s][info][gc,heap        ] GC(179) DefNew: 1165762K->55330K(1258304K)
[400.885s][info][gc,heap        ] GC(179) Tenured: 86233K->86233K(2796224K)
[400.885s][info][gc,metaspace   ] GC(179) Metaspace: 144771K(157488K)->144771K(157488K) NonClass: 125978K(132272K)->125978K(132272K) Class: 18792K(25216K)->18792K(25216K)
[400.885s][info][gc             ] GC(179) Pause Young (Allocation Failure) 1222M->138M(3959M) 13.474ms
[400.885s][info][gc,cpu         ] GC(179) User=0.00s Sys=0.00s Real=0.02s
[403.963s][info][gc,start       ] GC(180) Pause Young (Allocation Failure)
[403.977s][info][gc,heap        ] GC(180) DefNew: 1173858K->58110K(1258304K)
[403.977s][info][gc,heap        ] GC(180) Tenured: 86233K->86233K(2796224K)
[403.977s][info][gc,metaspace   ] GC(180) Metaspace: 144771K(157488K)->144771K(157488K) NonClass: 125978K(132272K)->125978K(132272K) Class: 18792K(25216K)->18792K(25216K)
[403.977s][info][gc             ] GC(180) Pause Young (Allocation Failure) 1230M->140M(3959M) 13.435ms
[403.977s][info][gc,cpu         ] GC(180) User=0.00s Sys=0.00s Real=0.02s
[407.541s][info][gc,start       ] GC(181) Pause Full (System.gc())
[407.543s][info][gc,phases,start] GC(181) Phase 1: Mark live objects
[407.622s][info][gc,phases      ] GC(181) Phase 1: Mark live objects 78.383ms
[407.622s][info][gc,phases,start] GC(181) Phase 2: Compute new object addresses
[407.710s][info][gc,phases      ] GC(181) Phase 2: Compute new object addresses 88.739ms
[407.710s][info][gc,phases,start] GC(181) Phase 3: Adjust pointers
[407.754s][info][gc,phases      ] GC(181) Phase 3: Adjust pointers 43.361ms
[407.754s][info][gc,phases,start] GC(181) Phase 4: Move objects
[407.761s][info][gc,phases      ] GC(181) Phase 4: Move objects 6.646ms
[407.761s][info][gc,heap        ] GC(181) DefNew: 1051086K->0K(1258304K)
[407.761s][info][gc,heap        ] GC(181) Tenured: 86233K->72945K(2796224K)
[407.761s][info][gc,metaspace   ] GC(181) Metaspace: 144775K(157488K)->144775K(157488K) NonClass: 125982K(132272K)->125982K(132272K) Class: 18792K(25216K)->18792K(25216K)
[407.761s][info][gc             ] GC(181) Pause Full (System.gc()) 1110M->71M(3959M) 220.489ms
[407.762s][info][gc,cpu         ] GC(181) User=0.20s Sys=0.00s Real=0.22s
[408.134s][info][gc,start       ] GC(182) Pause Young (Allocation Failure)
[408.146s][info][gc,heap        ] GC(182) DefNew: 1116758K->45035K(1258304K)
[408.146s][info][gc,heap        ] GC(182) Tenured: 72945K->72945K(2796224K)
[408.146s][info][gc,metaspace   ] GC(182) Metaspace: 144776K(157488K)->144776K(157488K) NonClass: 125983K(132272K)->125983K(132272K) Class: 18792K(25216K)->18792K(25216K)
[408.146s][info][gc             ] GC(182) Pause Young (Allocation Failure) 1161M->115M(3959M) 11.862ms
[408.146s][info][gc,cpu         ] GC(182) User=0.02s Sys=0.00s Real=0.00s
[408.455s][info][gc,start       ] GC(183) Pause Young (Allocation Failure)
[408.467s][info][gc,heap        ] GC(183) DefNew: 1160503K->55856K(1258304K)
[408.467s][info][gc,heap        ] GC(183) Tenured: 72945K->72945K(2796224K)
[408.467s][info][gc,metaspace   ] GC(183) Metaspace: 144776K(157488K)->144776K(157488K) NonClass: 125983K(132272K)->125983K(132272K) Class: 18792K(25216K)->18792K(25216K)
[408.468s][info][gc             ] GC(183) Pause Young (Allocation Failure) 1204M->125M(3959M) 12.889ms
[408.468s][info][gc,cpu         ] GC(183) User=0.02s Sys=0.00s Real=0.01s
[413.465s][info][gc,start       ] GC(184) Pause Young (Allocation Failure)
[413.480s][info][gc,heap        ] GC(184) DefNew: 1174384K->58224K(1258304K)
[413.480s][info][gc,heap        ] GC(184) Tenured: 72945K->72945K(2796224K)
[413.480s][info][gc,metaspace   ] GC(184) Metaspace: 144776K(157488K)->144776K(157488K) NonClass: 125983K(132272K)->125983K(132272K) Class: 18792K(25216K)->18792K(25216K)
[413.480s][info][gc             ] GC(184) Pause Young (Allocation Failure) 1218M->128M(3959M) 15.051ms
[413.480s][info][gc,cpu         ] GC(184) User=0.02s Sys=0.00s Real=0.02s
[416.874s][info][gc,start       ] GC(185) Pause Full (System.gc())
[416.877s][info][gc,phases,start] GC(185) Phase 1: Mark live objects
[416.952s][info][gc,phases      ] GC(185) Phase 1: Mark live objects 74.552ms
[416.952s][info][gc,phases,start] GC(185) Phase 2: Compute new object addresses
[417.040s][info][gc,phases      ] GC(185) Phase 2: Compute new object addresses 88.399ms
[417.040s][info][gc,phases,start] GC(185) Phase 3: Adjust pointers
[417.082s][info][gc,phases      ] GC(185) Phase 3: Adjust pointers 41.769ms
[417.082s][info][gc,phases,start] GC(185) Phase 4: Move objects
[417.084s][info][gc,phases      ] GC(185) Phase 4: Move objects 1.752ms
[417.085s][info][gc,heap        ] GC(185) DefNew: 1055344K->0K(1258304K)
[417.085s][info][gc,heap        ] GC(185) Tenured: 72945K->77472K(2796224K)
[417.085s][info][gc,metaspace   ] GC(185) Metaspace: 144778K(157488K)->144778K(157488K) NonClass: 125985K(132272K)->125985K(132272K) Class: 18792K(25216K)->18792K(25216K)
[417.085s][info][gc             ] GC(185) Pause Full (System.gc()) 1101M->75M(3959M) 211.126ms
[417.085s][info][gc,cpu         ] GC(185) User=0.20s Sys=0.00s Real=0.21s
[417.435s][info][gc,start       ] GC(186) Pause Young (Allocation Failure)
[417.445s][info][gc,heap        ] GC(186) DefNew: 1115259K->39316K(1258304K)
[417.445s][info][gc,heap        ] GC(186) Tenured: 77472K->77472K(2796224K)
[417.445s][info][gc,metaspace   ] GC(186) Metaspace: 144778K(157488K)->144778K(157488K) NonClass: 125985K(132272K)->125985K(132272K) Class: 18792K(25216K)->18792K(25216K)
[417.445s][info][gc             ] GC(186) Pause Young (Allocation Failure) 1164M->114M(3959M) 9.949ms
[417.445s][info][gc,cpu         ] GC(186) User=0.02s Sys=0.00s Real=0.02s
[417.745s][info][gc,start       ] GC(187) Pause Young (Allocation Failure)
[417.758s][info][gc,heap        ] GC(187) DefNew: 1157800K->59750K(1258304K)
[417.758s][info][gc,heap        ] GC(187) Tenured: 77472K->77472K(2796224K)
[417.758s][info][gc,metaspace   ] GC(187) Metaspace: 144779K(157488K)->144779K(157488K) NonClass: 125986K(132272K)->125986K(132272K) Class: 18792K(25216K)->18792K(25216K)
[417.758s][info][gc             ] GC(187) Pause Young (Allocation Failure) 1206M->134M(3959M) 12.611ms
[417.758s][info][gc,cpu         ] GC(187) User=0.00s Sys=0.00s Real=0.00s
[423.487s][info][gc,start       ] GC(188) Pause Young (Allocation Failure)
[423.501s][info][gc,heap        ] GC(188) DefNew: 1177610K->58223K(1258304K)
[423.501s][info][gc,heap        ] GC(188) Tenured: 77472K->77472K(2796224K)
[423.501s][info][gc,metaspace   ] GC(188) Metaspace: 144779K(157488K)->144779K(157488K) NonClass: 125986K(132272K)->125986K(132272K) Class: 18792K(25216K)->18792K(25216K)
[423.501s][info][gc             ] GC(188) Pause Young (Allocation Failure) 1225M->132M(3959M) 13.724ms
[423.501s][info][gc,cpu         ] GC(188) User=0.00s Sys=0.00s Real=0.02s
[426.937s][info][gc,start       ] GC(189) Pause Full (System.gc())
[426.938s][info][gc,phases,start] GC(189) Phase 1: Mark live objects
[427.017s][info][gc,phases      ] GC(189) Phase 1: Mark live objects 78.313ms
[427.017s][info][gc,phases,start] GC(189) Phase 2: Compute new object addresses
[427.105s][info][gc,phases      ] GC(189) Phase 2: Compute new object addresses 88.307ms
[427.105s][info][gc,phases,start] GC(189) Phase 3: Adjust pointers
[427.147s][info][gc,phases      ] GC(189) Phase 3: Adjust pointers 41.831ms
[427.147s][info][gc,phases,start] GC(189) Phase 4: Move objects
[427.149s][info][gc,phases      ] GC(189) Phase 4: Move objects 1.855ms
[427.150s][info][gc,heap        ] GC(189) DefNew: 1056077K->0K(1258304K)
[427.150s][info][gc,heap        ] GC(189) Tenured: 77472K->82005K(2796224K)
[427.150s][info][gc,metaspace   ] GC(189) Metaspace: 144779K(157488K)->144779K(157488K) NonClass: 125986K(132272K)->125986K(132272K) Class: 18792K(25216K)->18792K(25216K)
[427.150s][info][gc             ] GC(189) Pause Full (System.gc()) 1106M->80M(3959M) 213.168ms
[427.150s][info][gc,cpu         ] GC(189) User=0.16s Sys=0.00s Real=0.22s
[427.501s][info][gc,start       ] GC(190) Pause Young (Allocation Failure)
[427.511s][info][gc,heap        ] GC(190) DefNew: 1118528K->37226K(1258304K)
[427.511s][info][gc,heap        ] GC(190) Tenured: 82005K->82005K(2796224K)
[427.511s][info][gc,metaspace   ] GC(190) Metaspace: 144788K(157488K)->144788K(157488K) NonClass: 125995K(132272K)->125995K(132272K) Class: 18792K(25216K)->18792K(25216K)
[427.511s][info][gc             ] GC(190) Pause Young (Allocation Failure) 1172M->116M(3959M) 9.884ms
[427.511s][info][gc,cpu         ] GC(190) User=0.02s Sys=0.00s Real=0.01s
[427.807s][info][gc,start       ] GC(191) Pause Young (Allocation Failure)
[427.820s][info][gc,heap        ] GC(191) DefNew: 1154488K->62262K(1258304K)
[427.820s][info][gc,heap        ] GC(191) Tenured: 82005K->82005K(2796224K)
[427.820s][info][gc,metaspace   ] GC(191) Metaspace: 144789K(157488K)->144789K(157488K) NonClass: 125996K(132272K)->125996K(132272K) Class: 18792K(25216K)->18792K(25216K)
[427.820s][info][gc             ] GC(191) Pause Young (Allocation Failure) 1207M->140M(3959M) 12.749ms
[427.820s][info][gc,cpu         ] GC(191) User=0.00s Sys=0.00s Real=0.00s
[430.882s][info][gc,start       ] GC(192) Pause Young (Allocation Failure)
[430.896s][info][gc,heap        ] GC(192) DefNew: 1177866K->58194K(1258304K)
[430.896s][info][gc,heap        ] GC(192) Tenured: 82005K->82005K(2796224K)
[430.896s][info][gc,metaspace   ] GC(192) Metaspace: 144789K(157488K)->144789K(157488K) NonClass: 125996K(132272K)->125996K(132272K) Class: 18792K(25216K)->18792K(25216K)
[430.896s][info][gc             ] GC(192) Pause Young (Allocation Failure) 1230M->136M(3959M) 13.491ms
[430.896s][info][gc,cpu         ] GC(192) User=0.00s Sys=0.00s Real=0.00s
[434.251s][info][gc,start       ] GC(193) Pause Full (System.gc())
[434.253s][info][gc,phases,start] GC(193) Phase 1: Mark live objects
[434.334s][info][gc,phases      ] GC(193) Phase 1: Mark live objects 81.559ms
[434.334s][info][gc,phases,start] GC(193) Phase 2: Compute new object addresses
[434.424s][info][gc,phases      ] GC(193) Phase 2: Compute new object addresses 89.945ms
[434.424s][info][gc,phases,start] GC(193) Phase 3: Adjust pointers
[434.466s][info][gc,phases      ] GC(193) Phase 3: Adjust pointers 41.745ms
[434.466s][info][gc,phases,start] GC(193) Phase 4: Move objects
[434.468s][info][gc,phases      ] GC(193) Phase 4: Move objects 1.688ms
[434.469s][info][gc,heap        ] GC(193) DefNew: 1054613K->0K(1258304K)
[434.469s][info][gc,heap        ] GC(193) Tenured: 82005K->86526K(2796224K)
[434.469s][info][gc,metaspace   ] GC(193) Metaspace: 144789K(157488K)->144789K(157488K) NonClass: 125996K(132272K)->125996K(132272K) Class: 18792K(25216K)->18792K(25216K)
[434.469s][info][gc             ] GC(193) Pause Full (System.gc()) 1109M->84M(3959M) 218.029ms
[434.469s][info][gc,cpu         ] GC(193) User=0.19s Sys=0.00s Real=0.22s
[434.844s][info][gc,start       ] GC(194) Pause Young (Allocation Failure)
[434.855s][info][gc,heap        ] GC(194) DefNew: 1117122K->37566K(1258304K)
[434.855s][info][gc,heap        ] GC(194) Tenured: 86526K->86526K(2796224K)
[434.855s][info][gc,metaspace   ] GC(194) Metaspace: 144821K(157488K)->144821K(157488K) NonClass: 126028K(132272K)->126028K(132272K) Class: 18792K(25216K)->18792K(25216K)
[434.855s][info][gc             ] GC(194) Pause Young (Allocation Failure) 1175M->121M(3959M) 10.982ms
[434.855s][info][gc,cpu         ] GC(194) User=0.02s Sys=0.00s Real=0.02s
[435.150s][info][gc,start       ] GC(195) Pause Young (Allocation Failure)
[435.162s][info][gc,heap        ] GC(195) DefNew: 1155371K->48962K(1258304K)
[435.162s][info][gc,heap        ] GC(195) Tenured: 86526K->86526K(2796224K)
[435.162s][info][gc,metaspace   ] GC(195) Metaspace: 144821K(157488K)->144821K(157488K) NonClass: 126028K(132272K)->126028K(132272K) Class: 18792K(25216K)->18792K(25216K)
[435.162s][info][gc             ] GC(195) Pause Young (Allocation Failure) 1212M->132M(3959M) 11.817ms
[435.162s][info][gc,cpu         ] GC(195) User=0.02s Sys=0.00s Real=0.00s
[438.429s][info][gc,start       ] GC(196) Pause Young (Allocation Failure)
[438.442s][info][gc,heap        ] GC(196) DefNew: 1166857K->58252K(1258304K)
[438.442s][info][gc,heap        ] GC(196) Tenured: 86526K->86526K(2796224K)
[438.442s][info][gc,metaspace   ] GC(196) Metaspace: 144821K(157488K)->144821K(157488K) NonClass: 126028K(132272K)->126028K(132272K) Class: 18792K(25216K)->18792K(25216K)
[438.442s][info][gc             ] GC(196) Pause Young (Allocation Failure) 1224M->141M(3959M) 13.181ms
[438.442s][info][gc,cpu         ] GC(196) User=0.00s Sys=0.00s Real=0.00s
[441.883s][info][gc,start       ] GC(197) Pause Full (System.gc())
[441.885s][info][gc,phases,start] GC(197) Phase 1: Mark live objects
[441.962s][info][gc,phases      ] GC(197) Phase 1: Mark live objects 76.749ms
[441.962s][info][gc,phases,start] GC(197) Phase 2: Compute new object addresses
[442.051s][info][gc,phases      ] GC(197) Phase 2: Compute new object addresses 88.834ms
[442.051s][info][gc,phases,start] GC(197) Phase 3: Adjust pointers
[442.095s][info][gc,phases      ] GC(197) Phase 3: Adjust pointers 43.865ms
[442.095s][info][gc,phases,start] GC(197) Phase 4: Move objects
[442.102s][info][gc,phases      ] GC(197) Phase 4: Move objects 6.785ms
[442.103s][info][gc,heap        ] GC(197) DefNew: 1055284K->0K(1258304K)
[442.103s][info][gc,heap        ] GC(197) Tenured: 86526K->73110K(2796224K)
[442.103s][info][gc,metaspace   ] GC(197) Metaspace: 144840K(157488K)->144840K(157488K) NonClass: 126047K(132272K)->126047K(132272K) Class: 18792K(25216K)->18792K(25216K)
[442.103s][info][gc             ] GC(197) Pause Full (System.gc()) 1115M->71M(3959M) 219.132ms
[442.103s][info][gc,cpu         ] GC(197) User=0.20s Sys=0.00s Real=0.22s
[442.483s][info][gc,start       ] GC(198) Pause Young (Allocation Failure)
[442.493s][info][gc,heap        ] GC(198) DefNew: 1115687K->37579K(1258304K)
[442.493s][info][gc,heap        ] GC(198) Tenured: 73110K->73110K(2796224K)
[442.493s][info][gc,metaspace   ] GC(198) Metaspace: 144847K(157488K)->144847K(157488K) NonClass: 126054K(132272K)->126054K(132272K) Class: 18792K(25216K)->18792K(25216K)
[442.493s][info][gc             ] GC(198) Pause Young (Allocation Failure) 1160M->108M(3959M) 9.788ms
[442.493s][info][gc,cpu         ] GC(198) User=0.02s Sys=0.00s Real=0.02s
[442.802s][info][gc,start       ] GC(199) Pause Young (Allocation Failure)
[442.816s][info][gc,heap        ] GC(199) DefNew: 1152493K->57891K(1258304K)
[442.816s][info][gc,heap        ] GC(199) Tenured: 73110K->73110K(2796224K)
[442.816s][info][gc,metaspace   ] GC(199) Metaspace: 144847K(157488K)->144847K(157488K) NonClass: 126054K(132272K)->126054K(132272K) Class: 18792K(25216K)->18792K(25216K)
[442.816s][info][gc             ] GC(199) Pause Young (Allocation Failure) 1196M->127M(3959M) 14.307ms
[442.816s][info][gc,cpu         ] GC(199) User=0.00s Sys=0.00s Real=0.01s
[449.420s][info][gc,start       ] GC(200) Pause Young (Allocation Failure)
[449.434s][info][gc,heap        ] GC(200) DefNew: 1176419K->58408K(1258304K)
[449.434s][info][gc,heap        ] GC(200) Tenured: 73110K->73110K(2796224K)
[449.434s][info][gc,metaspace   ] GC(200) Metaspace: 144850K(157488K)->144850K(157488K) NonClass: 126057K(132272K)->126057K(132272K) Class: 18792K(25216K)->18792K(25216K)
[449.434s][info][gc             ] GC(200) Pause Young (Allocation Failure) 1220M->128M(3959M) 14.091ms
[449.434s][info][gc,cpu         ] GC(200) User=0.00s Sys=0.00s Real=0.01s
[452.923s][info][gc,start       ] GC(201) Pause Full (System.gc())
[452.926s][info][gc,phases,start] GC(201) Phase 1: Mark live objects
[453.001s][info][gc,phases      ] GC(201) Phase 1: Mark live objects 75.426ms
[453.001s][info][gc,phases,start] GC(201) Phase 2: Compute new object addresses
[453.090s][info][gc,phases      ] GC(201) Phase 2: Compute new object addresses 88.680ms
[453.090s][info][gc,phases,start] GC(201) Phase 3: Adjust pointers
[453.133s][info][gc,phases      ] GC(201) Phase 3: Adjust pointers 42.813ms
[453.133s][info][gc,phases,start] GC(201) Phase 4: Move objects
[453.135s][info][gc,phases      ] GC(201) Phase 4: Move objects 1.660ms
[453.136s][info][gc,heap        ] GC(201) DefNew: 1061502K->0K(1258304K)
[453.136s][info][gc,heap        ] GC(201) Tenured: 73110K->77639K(2796224K)
[453.136s][info][gc,metaspace   ] GC(201) Metaspace: 144850K(157488K)->144850K(157488K) NonClass: 126057K(132272K)->126057K(132272K) Class: 18792K(25216K)->18792K(25216K)
[453.136s][info][gc             ] GC(201) Pause Full (System.gc()) 1108M->75M(3959M) 212.555ms
[453.136s][info][gc,cpu         ] GC(201) User=0.17s Sys=0.02s Real=0.20s
[453.502s][info][gc,start       ] GC(202) Pause Young (Allocation Failure)
[453.513s][info][gc,heap        ] GC(202) DefNew: 1118295K->41697K(1258304K)
[453.513s][info][gc,heap        ] GC(202) Tenured: 77639K->77639K(2796224K)
[453.513s][info][gc,metaspace   ] GC(202) Metaspace: 144915K(157744K)->144915K(157744K) NonClass: 126122K(132528K)->126122K(132528K) Class: 18792K(25216K)->18792K(25216K)
[453.513s][info][gc             ] GC(202) Pause Young (Allocation Failure) 1167M->116M(3959M) 10.571ms
[453.513s][info][gc,cpu         ] GC(202) User=0.00s Sys=0.00s Real=0.02s
[453.809s][info][gc,start       ] GC(203) Pause Young (Allocation Failure)
[453.822s][info][gc,heap        ] GC(203) DefNew: 1157802K->57206K(1258304K)
[453.822s][info][gc,heap        ] GC(203) Tenured: 77639K->77639K(2796224K)
[453.822s][info][gc,metaspace   ] GC(203) Metaspace: 144915K(157744K)->144915K(157744K) NonClass: 126122K(132528K)->126122K(132528K) Class: 18792K(25216K)->18792K(25216K)
[453.822s][info][gc             ] GC(203) Pause Young (Allocation Failure) 1206M->131M(3959M) 12.994ms
[453.822s][info][gc,cpu         ] GC(203) User=0.02s Sys=0.00s Real=0.02s
[456.867s][info][gc,start       ] GC(204) Pause Young (Allocation Failure)
[456.882s][info][gc,heap        ] GC(204) DefNew: 1175734K->58459K(1258304K)
[456.882s][info][gc,heap        ] GC(204) Tenured: 77639K->77639K(2796224K)
[456.882s][info][gc,metaspace   ] GC(204) Metaspace: 144916K(157744K)->144916K(157744K) NonClass: 126123K(132528K)->126123K(132528K) Class: 18792K(25216K)->18792K(25216K)
[456.882s][info][gc             ] GC(204) Pause Young (Allocation Failure) 1223M->132M(3959M) 14.246ms
[456.882s][info][gc,cpu         ] GC(204) User=0.00s Sys=0.00s Real=0.01s
[460.305s][info][gc,start       ] GC(205) Pause Full (System.gc())
[460.307s][info][gc,phases,start] GC(205) Phase 1: Mark live objects
[460.383s][info][gc,phases      ] GC(205) Phase 1: Mark live objects 75.864ms
[460.383s][info][gc,phases,start] GC(205) Phase 2: Compute new object addresses
[460.472s][info][gc,phases      ] GC(205) Phase 2: Compute new object addresses 89.308ms
[460.472s][info][gc,phases,start] GC(205) Phase 3: Adjust pointers
[460.515s][info][gc,phases      ] GC(205) Phase 3: Adjust pointers 43.227ms
[460.515s][info][gc,phases,start] GC(205) Phase 4: Move objects
[460.517s][info][gc,phases      ] GC(205) Phase 4: Move objects 1.736ms
[460.518s][info][gc,heap        ] GC(205) DefNew: 1059066K->0K(1258304K)
[460.518s][info][gc,heap        ] GC(205) Tenured: 77639K->82151K(2796224K)
[460.518s][info][gc,metaspace   ] GC(205) Metaspace: 144919K(157744K)->144919K(157744K) NonClass: 126126K(132528K)->126126K(132528K) Class: 18792K(25216K)->18792K(25216K)
[460.518s][info][gc             ] GC(205) Pause Full (System.gc()) 1110M->80M(3959M) 213.085ms
[460.518s][info][gc,cpu         ] GC(205) User=0.20s Sys=0.00s Real=0.20s
[460.885s][info][gc,start       ] GC(206) Pause Young (Allocation Failure)
[460.895s][info][gc,heap        ] GC(206) DefNew: 1114974K->36090K(1258304K)
[460.895s][info][gc,heap        ] GC(206) Tenured: 82151K->82151K(2796224K)
[460.895s][info][gc,metaspace   ] GC(206) Metaspace: 144930K(157744K)->144930K(157744K) NonClass: 126137K(132528K)->126137K(132528K) Class: 18792K(25216K)->18792K(25216K)
[460.895s][info][gc             ] GC(206) Pause Young (Allocation Failure) 1169M->115M(3959M) 9.532ms
[460.895s][info][gc,cpu         ] GC(206) User=0.00s Sys=0.00s Real=0.00s
[461.203s][info][gc,start       ] GC(207) Pause Young (Allocation Failure)
[461.215s][info][gc,heap        ] GC(207) DefNew: 1154618K->47447K(1258304K)
[461.215s][info][gc,heap        ] GC(207) Tenured: 82151K->82151K(2796224K)
[461.215s][info][gc,metaspace   ] GC(207) Metaspace: 144932K(157744K)->144932K(157744K) NonClass: 126139K(132528K)->126139K(132528K) Class: 18792K(25216K)->18792K(25216K)
[461.215s][info][gc             ] GC(207) Pause Young (Allocation Failure) 1207M->126M(3959M) 12.235ms
[461.215s][info][gc,cpu         ] GC(207) User=0.00s Sys=0.00s Real=0.02s
[464.243s][info][gc,start       ] GC(208) Pause Young (Allocation Failure)
[464.256s][info][gc,heap        ] GC(208) DefNew: 1165722K->58257K(1258304K)
[464.256s][info][gc,heap        ] GC(208) Tenured: 82151K->82151K(2796224K)
[464.256s][info][gc,metaspace   ] GC(208) Metaspace: 144933K(157744K)->144933K(157744K) NonClass: 126140K(132528K)->126140K(132528K) Class: 18792K(25216K)->18792K(25216K)
[464.256s][info][gc             ] GC(208) Pause Young (Allocation Failure) 1218M->137M(3959M) 13.746ms
[464.256s][info][gc,cpu         ] GC(208) User=0.00s Sys=0.00s Real=0.01s
[467.694s][info][gc,start       ] GC(209) Pause Full (System.gc())
[467.695s][info][gc,phases,start] GC(209) Phase 1: Mark live objects
[467.772s][info][gc,phases      ] GC(209) Phase 1: Mark live objects 76.816ms
[467.772s][info][gc,phases,start] GC(209) Phase 2: Compute new object addresses
[467.863s][info][gc,phases      ] GC(209) Phase 2: Compute new object addresses 90.278ms
[467.863s][info][gc,phases,start] GC(209) Phase 3: Adjust pointers
[467.906s][info][gc,phases      ] GC(209) Phase 3: Adjust pointers 43.028ms
[467.906s][info][gc,phases,start] GC(209) Phase 4: Move objects
[467.908s][info][gc,phases      ] GC(209) Phase 4: Move objects 1.741ms
[467.908s][info][gc,heap        ] GC(209) DefNew: 1055997K->0K(1258304K)
[467.908s][info][gc,heap        ] GC(209) Tenured: 82151K->86679K(2796224K)
[467.908s][info][gc,metaspace   ] GC(209) Metaspace: 144954K(157744K)->144954K(157744K) NonClass: 126161K(132528K)->126161K(132528K) Class: 18792K(25216K)->18792K(25216K)
[467.908s][info][gc             ] GC(209) Pause Full (System.gc()) 1111M->84M(3959M) 214.906ms
[467.909s][info][gc,cpu         ] GC(209) User=0.17s Sys=0.00s Real=0.20s
[468.267s][info][gc,start       ] GC(210) Pause Young (Allocation Failure)
[468.277s][info][gc,heap        ] GC(210) DefNew: 1118408K->40795K(1258304K)
[468.277s][info][gc,heap        ] GC(210) Tenured: 86679K->86679K(2796224K)
[468.277s][info][gc,metaspace   ] GC(210) Metaspace: 144986K(157744K)->144986K(157744K) NonClass: 126193K(132528K)->126193K(132528K) Class: 18792K(25216K)->18792K(25216K)
[468.277s][info][gc             ] GC(210) Pause Young (Allocation Failure) 1176M->124M(3959M) 9.855ms
[468.277s][info][gc,cpu         ] GC(210) User=0.00s Sys=0.00s Real=0.02s
[468.576s][info][gc,start       ] GC(211) Pause Young (GCLocker Initiated GC)
[468.589s][info][gc,heap        ] GC(211) DefNew: 1160507K->55515K(1258304K)
[468.589s][info][gc,heap        ] GC(211) Tenured: 86679K->86679K(2796224K)
[468.589s][info][gc,metaspace   ] GC(211) Metaspace: 144986K(157744K)->144986K(157744K) NonClass: 126193K(132528K)->126193K(132528K) Class: 18792K(25216K)->18792K(25216K)
[468.589s][info][gc             ] GC(211) Pause Young (GCLocker Initiated GC) 1217M->138M(3959M) 13.093ms
[468.589s][info][gc,cpu         ] GC(211) User=0.02s Sys=0.00s Real=0.02s
[475.332s][info][gc,start       ] GC(212) Pause Young (Allocation Failure)
[475.349s][info][gc,heap        ] GC(212) DefNew: 1174043K->59110K(1258304K)
[475.349s][info][gc,heap        ] GC(212) Tenured: 86679K->86679K(2796224K)
[475.349s][info][gc,metaspace   ] GC(212) Metaspace: 144986K(157744K)->144986K(157744K) NonClass: 126193K(132528K)->126193K(132528K) Class: 18792K(25216K)->18792K(25216K)
[475.349s][info][gc             ] GC(212) Pause Young (Allocation Failure) 1231M->142M(3959M) 16.254ms
[475.349s][info][gc,cpu         ] GC(212) User=0.00s Sys=0.00s Real=0.02s
[478.669s][info][gc,start       ] GC(213) Pause Full (System.gc())
[478.671s][info][gc,phases,start] GC(213) Phase 1: Mark live objects
[478.747s][info][gc,phases      ] GC(213) Phase 1: Mark live objects 75.579ms
[478.747s][info][gc,phases,start] GC(213) Phase 2: Compute new object addresses
[478.835s][info][gc,phases      ] GC(213) Phase 2: Compute new object addresses 88.295ms
[478.835s][info][gc,phases,start] GC(213) Phase 3: Adjust pointers
[478.878s][info][gc,phases      ] GC(213) Phase 3: Adjust pointers 42.765ms
[478.878s][info][gc,phases,start] GC(213) Phase 4: Move objects
[478.883s][info][gc,phases      ] GC(213) Phase 4: Move objects 4.565ms
[478.883s][info][gc,heap        ] GC(213) DefNew: 1048619K->0K(1258304K)
[478.884s][info][gc,heap        ] GC(213) Tenured: 86679K->72406K(2796224K)
[478.884s][info][gc,metaspace   ] GC(213) Metaspace: 145004K(157744K)->145004K(157744K) NonClass: 126211K(132528K)->126211K(132528K) Class: 18792K(25216K)->18792K(25216K)
[478.884s][info][gc             ] GC(213) Pause Full (System.gc()) 1108M->70M(3959M) 214.150ms
[478.884s][info][gc,cpu         ] GC(213) User=0.19s Sys=0.00s Real=0.22s
[479.266s][info][gc,start       ] GC(214) Pause Young (Allocation Failure)
[479.275s][info][gc,heap        ] GC(214) DefNew: 1116433K->34506K(1258304K)
[479.276s][info][gc,heap        ] GC(214) Tenured: 72406K->72406K(2796224K)
[479.276s][info][gc,metaspace   ] GC(214) Metaspace: 145006K(157744K)->145006K(157744K) NonClass: 126213K(132528K)->126213K(132528K) Class: 18792K(25216K)->18792K(25216K)
[479.276s][info][gc             ] GC(214) Pause Young (Allocation Failure) 1160M->104M(3959M) 9.296ms
[479.276s][info][gc,cpu         ] GC(214) User=0.00s Sys=0.00s Real=0.01s
[479.570s][info][gc,start       ] GC(215) Pause Young (Allocation Failure)
[479.582s][info][gc,heap        ] GC(215) DefNew: 1153034K->53579K(1258304K)
[479.582s][info][gc,heap        ] GC(215) Tenured: 72406K->72406K(2796224K)
[479.582s][info][gc,metaspace   ] GC(215) Metaspace: 145006K(157744K)->145006K(157744K) NonClass: 126213K(132528K)->126213K(132528K) Class: 18792K(25216K)->18792K(25216K)
[479.583s][info][gc             ] GC(215) Pause Young (Allocation Failure) 1196M->123M(3959M) 12.776ms
[479.583s][info][gc,cpu         ] GC(215) User=0.00s Sys=0.00s Real=0.02s
[482.669s][info][gc,start       ] GC(216) Pause Young (Allocation Failure)
[482.682s][info][gc,heap        ] GC(216) DefNew: 1171593K->58150K(1258304K)
[482.682s][info][gc,heap        ] GC(216) Tenured: 72406K->72406K(2796224K)
[482.682s][info][gc,metaspace   ] GC(216) Metaspace: 145006K(157744K)->145006K(157744K) NonClass: 126213K(132528K)->126213K(132528K) Class: 18792K(25216K)->18792K(25216K)
[482.682s][info][gc             ] GC(216) Pause Young (Allocation Failure) 1214M->127M(3959M) 12.911ms
[482.682s][info][gc,cpu         ] GC(216) User=0.00s Sys=0.00s Real=0.02s
[486.089s][info][gc,start       ] GC(217) Pause Full (System.gc())
[486.092s][info][gc,phases,start] GC(217) Phase 1: Mark live objects
[486.167s][info][gc,phases      ] GC(217) Phase 1: Mark live objects 74.765ms
[486.167s][info][gc,phases,start] GC(217) Phase 2: Compute new object addresses
[486.256s][info][gc,phases      ] GC(217) Phase 2: Compute new object addresses 89.463ms
[486.257s][info][gc,phases,start] GC(217) Phase 3: Adjust pointers
[486.298s][info][gc,phases      ] GC(217) Phase 3: Adjust pointers 41.421ms
[486.298s][info][gc,phases,start] GC(217) Phase 4: Move objects
[486.300s][info][gc,phases      ] GC(217) Phase 4: Move objects 1.744ms
[486.301s][info][gc,heap        ] GC(217) DefNew: 1057617K->0K(1258304K)
[486.301s][info][gc,heap        ] GC(217) Tenured: 72406K->76929K(2796224K)
[486.301s][info][gc,metaspace   ] GC(217) Metaspace: 145009K(157744K)->145009K(157744K) NonClass: 126216K(132528K)->126216K(132528K) Class: 18792K(25216K)->18792K(25216K)
[486.301s][info][gc             ] GC(217) Pause Full (System.gc()) 1103M->75M(3959M) 211.527ms
[486.301s][info][gc,cpu         ] GC(217) User=0.19s Sys=0.00s Real=0.22s
[486.710s][info][gc,start       ] GC(218) Pause Young (Allocation Failure)
[486.720s][info][gc,heap        ] GC(218) DefNew: 1117685K->43737K(1258304K)
[486.720s][info][gc,heap        ] GC(218) Tenured: 76929K->76929K(2796224K)
[486.720s][info][gc,metaspace   ] GC(218) Metaspace: 145021K(157744K)->145021K(157744K) NonClass: 126228K(132528K)->126228K(132528K) Class: 18792K(25216K)->18792K(25216K)
[486.720s][info][gc             ] GC(218) Pause Young (Allocation Failure) 1166M->117M(3959M) 10.716ms
[486.720s][info][gc,cpu         ] GC(218) User=0.00s Sys=0.00s Real=0.00s
[487.021s][info][gc,start       ] GC(219) Pause Young (Allocation Failure)
[487.033s][info][gc,heap        ] GC(219) DefNew: 1162265K->53675K(1258304K)
[487.033s][info][gc,heap        ] GC(219) Tenured: 76929K->76929K(2796224K)
[487.033s][info][gc,metaspace   ] GC(219) Metaspace: 145021K(157744K)->145021K(157744K) NonClass: 126228K(132528K)->126228K(132528K) Class: 18792K(25216K)->18792K(25216K)
[487.033s][info][gc             ] GC(219) Pause Young (Allocation Failure) 1210M->127M(3959M) 12.202ms
[487.033s][info][gc,cpu         ] GC(219) User=0.02s Sys=0.00s Real=0.01s
[490.176s][info][gc,start       ] GC(220) Pause Young (Allocation Failure)
[490.190s][info][gc,heap        ] GC(220) DefNew: 1169714K->58152K(1258304K)
[490.190s][info][gc,heap        ] GC(220) Tenured: 76929K->76929K(2796224K)
[490.190s][info][gc,metaspace   ] GC(220) Metaspace: 145022K(157744K)->145022K(157744K) NonClass: 126229K(132528K)->126229K(132528K) Class: 18792K(25216K)->18792K(25216K)
[490.190s][info][gc             ] GC(220) Pause Young (Allocation Failure) 1217M->131M(3959M) 13.651ms
[490.190s][info][gc,cpu         ] GC(220) User=0.00s Sys=0.00s Real=0.02s
[493.584s][info][gc,start       ] GC(221) Pause Full (System.gc())
[493.586s][info][gc,phases,start] GC(221) Phase 1: Mark live objects
[493.665s][info][gc,phases      ] GC(221) Phase 1: Mark live objects 79.011ms
[493.665s][info][gc,phases,start] GC(221) Phase 2: Compute new object addresses
[493.755s][info][gc,phases      ] GC(221) Phase 2: Compute new object addresses 89.978ms
[493.755s][info][gc,phases,start] GC(221) Phase 3: Adjust pointers
[493.798s][info][gc,phases      ] GC(221) Phase 3: Adjust pointers 42.762ms
[493.798s][info][gc,phases,start] GC(221) Phase 4: Move objects
[493.799s][info][gc,phases      ] GC(221) Phase 4: Move objects 1.665ms
[493.800s][info][gc,heap        ] GC(221) DefNew: 1059724K->0K(1258304K)
[493.800s][info][gc,heap        ] GC(221) Tenured: 76929K->81447K(2796224K)
[493.800s][info][gc,metaspace   ] GC(221) Metaspace: 145024K(157744K)->145024K(157744K) NonClass: 126231K(132528K)->126231K(132528K) Class: 18792K(25216K)->18792K(25216K)
[493.800s][info][gc             ] GC(221) Pause Full (System.gc()) 1110M->79M(3959M) 216.477ms
[493.800s][info][gc,cpu         ] GC(221) User=0.20s Sys=0.00s Real=0.20s
[494.185s][info][gc,start       ] GC(222) Pause Young (Allocation Failure)
[494.195s][info][gc,heap        ] GC(222) DefNew: 1115011K->41624K(1258304K)
[494.195s][info][gc,heap        ] GC(222) Tenured: 81447K->81447K(2796224K)
[494.195s][info][gc,metaspace   ] GC(222) Metaspace: 145061K(157744K)->145061K(157744K) NonClass: 126268K(132528K)->126268K(132528K) Class: 18792K(25216K)->18792K(25216K)
[494.195s][info][gc             ] GC(222) Pause Young (Allocation Failure) 1168M->120M(3959M) 10.228ms
[494.195s][info][gc,cpu         ] GC(222) User=0.00s Sys=0.00s Real=0.02s
[494.482s][info][gc,start       ] GC(223) Pause Young (Allocation Failure)
[494.496s][info][gc,heap        ] GC(223) DefNew: 1160152K->67822K(1258304K)
[494.496s][info][gc,heap        ] GC(223) Tenured: 81447K->81447K(2796224K)
[494.496s][info][gc,metaspace   ] GC(223) Metaspace: 145064K(157744K)->145064K(157744K) NonClass: 126271K(132528K)->126271K(132528K) Class: 18792K(25216K)->18792K(25216K)
[494.496s][info][gc             ] GC(223) Pause Young (Allocation Failure) 1212M->145M(3959M) 13.694ms
[494.496s][info][gc,cpu         ] GC(223) User=0.02s Sys=0.00s Real=0.02s
[497.556s][info][gc,start       ] GC(224) Pause Young (Allocation Failure)
[497.570s][info][gc,heap        ] GC(224) DefNew: 1185491K->58083K(1258304K)
[497.570s][info][gc,heap        ] GC(224) Tenured: 81447K->81447K(2796224K)
[497.570s][info][gc,metaspace   ] GC(224) Metaspace: 145065K(157744K)->145065K(157744K) NonClass: 126272K(132528K)->126272K(132528K) Class: 18792K(25216K)->18792K(25216K)
[497.570s][info][gc             ] GC(224) Pause Young (Allocation Failure) 1237M->136M(3959M) 13.719ms
[497.570s][info][gc,cpu         ] GC(224) User=0.00s Sys=0.00s Real=0.01s
[500.976s][info][gc,start       ] GC(225) Pause Full (System.gc())
[500.978s][info][gc,phases,start] GC(225) Phase 1: Mark live objects
[501.051s][info][gc,phases      ] GC(225) Phase 1: Mark live objects 73.300ms
[501.051s][info][gc,phases,start] GC(225) Phase 2: Compute new object addresses
[501.139s][info][gc,phases      ] GC(225) Phase 2: Compute new object addresses 88.034ms
[501.139s][info][gc,phases,start] GC(225) Phase 3: Adjust pointers
[501.181s][info][gc,phases      ] GC(225) Phase 3: Adjust pointers 41.892ms
[501.181s][info][gc,phases,start] GC(225) Phase 4: Move objects
[501.183s][info][gc,phases      ] GC(225) Phase 4: Move objects 1.699ms
[501.184s][info][gc,heap        ] GC(225) DefNew: 1057545K->0K(1258304K)
[501.184s][info][gc,heap        ] GC(225) Tenured: 81447K->85970K(2796224K)
[501.184s][info][gc,metaspace   ] GC(225) Metaspace: 145079K(157744K)->145079K(157744K) NonClass: 126286K(132528K)->126286K(132528K) Class: 18792K(25216K)->18792K(25216K)
[501.184s][info][gc             ] GC(225) Pause Full (System.gc()) 1112M->83M(3959M) 207.802ms
[501.184s][info][gc,cpu         ] GC(225) User=0.20s Sys=0.00s Real=0.20s
[501.584s][info][gc,start       ] GC(226) Pause Young (GCLocker Initiated GC)
[501.595s][info][gc,heap        ] GC(226) DefNew: 1123807K->41435K(1258304K)
[501.595s][info][gc,heap        ] GC(226) Tenured: 85970K->85970K(2796224K)
[501.595s][info][gc,metaspace   ] GC(226) Metaspace: 145107K(157744K)->145107K(157744K) NonClass: 126314K(132528K)->126314K(132528K) Class: 18792K(25216K)->18792K(25216K)
[501.595s][info][gc             ] GC(226) Pause Young (GCLocker Initiated GC) 1181M->124M(3959M) 10.583ms
[501.595s][info][gc,cpu         ] GC(226) User=0.00s Sys=0.00s Real=0.01s
[502.553s][info][gc,start       ] GC(227) Pause Young (Allocation Failure)
[502.600s][info][gc,heap        ] GC(227) DefNew: 1159963K->53892K(1258304K)
[502.600s][info][gc,heap        ] GC(227) Tenured: 85970K->85970K(2796224K)
[502.600s][info][gc,metaspace   ] GC(227) Metaspace: 145107K(157744K)->145107K(157744K) NonClass: 126314K(132528K)->126314K(132528K) Class: 18792K(25216K)->18792K(25216K)
[502.600s][info][gc             ] GC(227) Pause Young (Allocation Failure) 1216M->136M(3959M) 47.274ms
[502.601s][info][gc,cpu         ] GC(227) User=0.05s Sys=0.00s Real=0.05s
[508.605s][info][gc,start       ] GC(228) Pause Young (Allocation Failure)
[508.619s][info][gc,heap        ] GC(228) DefNew: 1172420K->59025K(1258304K)
[508.619s][info][gc,heap        ] GC(228) Tenured: 85970K->85970K(2796224K)
[508.619s][info][gc,metaspace   ] GC(228) Metaspace: 145112K(157744K)->145112K(157744K) NonClass: 126319K(132528K)->126319K(132528K) Class: 18792K(25216K)->18792K(25216K)
[508.619s][info][gc             ] GC(228) Pause Young (Allocation Failure) 1228M->141M(3959M) 14.402ms
[508.619s][info][gc,cpu         ] GC(228) User=0.00s Sys=0.00s Real=0.02s
[511.954s][info][gc,start       ] GC(229) Pause Full (System.gc())
[511.956s][info][gc,phases,start] GC(229) Phase 1: Mark live objects
[512.032s][info][gc,phases      ] GC(229) Phase 1: Mark live objects 76.325ms
[512.033s][info][gc,phases,start] GC(229) Phase 2: Compute new object addresses
[512.122s][info][gc,phases      ] GC(229) Phase 2: Compute new object addresses 88.989ms
[512.122s][info][gc,phases,start] GC(229) Phase 3: Adjust pointers
[512.164s][info][gc,phases      ] GC(229) Phase 3: Adjust pointers 42.874ms
[512.164s][info][gc,phases,start] GC(229) Phase 4: Move objects
[512.173s][info][gc,phases      ] GC(229) Phase 4: Move objects 8.508ms
[512.174s][info][gc,heap        ] GC(229) DefNew: 1048287K->0K(1258304K)
[512.174s][info][gc,heap        ] GC(229) Tenured: 85970K->72556K(2796224K)
[512.174s][info][gc,metaspace   ] GC(229) Metaspace: 145119K(157744K)->145119K(157744K) NonClass: 126326K(132528K)->126326K(132528K) Class: 18792K(25216K)->18792K(25216K)
[512.174s][info][gc             ] GC(229) Pause Full (System.gc()) 1107M->70M(3959M) 219.593ms
[512.174s][info][gc,cpu         ] GC(229) User=0.20s Sys=0.00s Real=0.22s
[512.547s][info][gc,start       ] GC(230) Pause Young (Allocation Failure)
[512.557s][info][gc,heap        ] GC(230) DefNew: 1117111K->47054K(1258304K)
[512.557s][info][gc,heap        ] GC(230) Tenured: 72556K->72556K(2796224K)
[512.557s][info][gc,metaspace   ] GC(230) Metaspace: 145135K(157744K)->145135K(157744K) NonClass: 126342K(132528K)->126342K(132528K) Class: 18792K(25216K)->18792K(25216K)
[512.557s][info][gc             ] GC(230) Pause Young (Allocation Failure) 1161M->116M(3959M) 10.631ms
[512.557s][info][gc,cpu         ] GC(230) User=0.00s Sys=0.00s Real=0.00s
[512.841s][info][gc,start       ] GC(231) Pause Young (GCLocker Initiated GC)
[512.855s][info][gc,heap        ] GC(231) DefNew: 1166592K->57833K(1258304K)
[512.855s][info][gc,heap        ] GC(231) Tenured: 72556K->72556K(2796224K)
[512.855s][info][gc,metaspace   ] GC(231) Metaspace: 145135K(157744K)->145135K(157744K) NonClass: 126342K(132528K)->126342K(132528K) Class: 18792K(25216K)->18792K(25216K)
[512.855s][info][gc             ] GC(231) Pause Young (GCLocker Initiated GC) 1210M->127M(3959M) 13.639ms
[512.855s][info][gc,cpu         ] GC(231) User=0.02s Sys=0.00s Real=0.01s
[515.954s][info][gc,start       ] GC(232) Pause Young (Allocation Failure)
[515.968s][info][gc,heap        ] GC(232) DefNew: 1173520K->58151K(1258304K)
[515.968s][info][gc,heap        ] GC(232) Tenured: 72556K->72556K(2796224K)
[515.968s][info][gc,metaspace   ] GC(232) Metaspace: 145135K(157744K)->145135K(157744K) NonClass: 126342K(132528K)->126342K(132528K) Class: 18792K(25216K)->18792K(25216K)
[515.968s][info][gc             ] GC(232) Pause Young (Allocation Failure) 1216M->127M(3959M) 14.023ms
[515.968s][info][gc,cpu         ] GC(232) User=0.00s Sys=0.00s Real=0.02s
[519.354s][info][gc,start       ] GC(233) Pause Full (System.gc())
[519.359s][info][gc,phases,start] GC(233) Phase 1: Mark live objects
[519.432s][info][gc,phases      ] GC(233) Phase 1: Mark live objects 73.930ms
[519.433s][info][gc,phases,start] GC(233) Phase 2: Compute new object addresses
[519.520s][info][gc,phases      ] GC(233) Phase 2: Compute new object addresses 87.607ms
[519.520s][info][gc,phases,start] GC(233) Phase 3: Adjust pointers
[519.562s][info][gc,phases      ] GC(233) Phase 3: Adjust pointers 41.832ms
[519.562s][info][gc,phases,start] GC(233) Phase 4: Move objects
[519.564s][info][gc,phases      ] GC(233) Phase 4: Move objects 1.635ms
[519.565s][info][gc,heap        ] GC(233) DefNew: 1053594K->0K(1258304K)
[519.565s][info][gc,heap        ] GC(233) Tenured: 72556K->77081K(2796224K)
[519.565s][info][gc,metaspace   ] GC(233) Metaspace: 145140K(157744K)->145140K(157744K) NonClass: 126347K(132528K)->126347K(132528K) Class: 18792K(25216K)->18792K(25216K)
[519.565s][info][gc             ] GC(233) Pause Full (System.gc()) 1099M->75M(3959M) 210.901ms
[519.565s][info][gc,cpu         ] GC(233) User=0.20s Sys=0.00s Real=0.22s
[519.936s][info][gc,start       ] GC(234) Pause Young (Allocation Failure)
[519.946s][info][gc,heap        ] GC(234) DefNew: 1116553K->31400K(1258304K)
[519.946s][info][gc,heap        ] GC(234) Tenured: 77081K->77081K(2796224K)
[519.946s][info][gc,metaspace   ] GC(234) Metaspace: 145140K(157744K)->145140K(157744K) NonClass: 126347K(132528K)->126347K(132528K) Class: 18792K(25216K)->18792K(25216K)
[519.946s][info][gc             ] GC(234) Pause Young (Allocation Failure) 1165M->105M(3959M) 9.520ms
[519.946s][info][gc,cpu         ] GC(234) User=0.02s Sys=0.00s Real=0.02s
[520.253s][info][gc,start       ] GC(235) Pause Young (Allocation Failure)
[520.265s][info][gc,heap        ] GC(235) DefNew: 1148772K->53837K(1258304K)
[520.265s][info][gc,heap        ] GC(235) Tenured: 77081K->77081K(2796224K)
[520.265s][info][gc,metaspace   ] GC(235) Metaspace: 145141K(157744K)->145141K(157744K) NonClass: 126348K(132528K)->126348K(132528K) Class: 18792K(25216K)->18792K(25216K)
[520.265s][info][gc             ] GC(235) Pause Young (Allocation Failure) 1197M->127M(3959M) 12.473ms
[520.265s][info][gc,cpu         ] GC(235) User=0.00s Sys=0.00s Real=0.00s
[523.221s][info][gc,start       ] GC(236) Pause Young (Allocation Failure)
[523.235s][info][gc,heap        ] GC(236) DefNew: 1171728K->58459K(1258304K)
[523.235s][info][gc,heap        ] GC(236) Tenured: 77081K->77081K(2796224K)
[523.235s][info][gc,metaspace   ] GC(236) Metaspace: 145141K(157744K)->145141K(157744K) NonClass: 126348K(132528K)->126348K(132528K) Class: 18792K(25216K)->18792K(25216K)
[523.235s][info][gc             ] GC(236) Pause Young (Allocation Failure) 1219M->132M(3959M) 14.414ms
[523.235s][info][gc,cpu         ] GC(236) User=0.05s Sys=0.00s Real=0.02s
[526.656s][info][gc,start       ] GC(237) Pause Full (System.gc())
[526.658s][info][gc,phases,start] GC(237) Phase 1: Mark live objects
[526.733s][info][gc,phases      ] GC(237) Phase 1: Mark live objects 74.846ms
[526.733s][info][gc,phases,start] GC(237) Phase 2: Compute new object addresses
[526.822s][info][gc,phases      ] GC(237) Phase 2: Compute new object addresses 88.739ms
[526.822s][info][gc,phases,start] GC(237) Phase 3: Adjust pointers
[526.865s][info][gc,phases      ] GC(237) Phase 3: Adjust pointers 43.567ms
[526.865s][info][gc,phases,start] GC(237) Phase 4: Move objects
[526.867s][info][gc,phases      ] GC(237) Phase 4: Move objects 1.667ms
[526.868s][info][gc,heap        ] GC(237) DefNew: 1059102K->0K(1258304K)
[526.868s][info][gc,heap        ] GC(237) Tenured: 77081K->81609K(2796224K)
[526.868s][info][gc,metaspace   ] GC(237) Metaspace: 145142K(157744K)->145142K(157744K) NonClass: 126350K(132528K)->126350K(132528K) Class: 18792K(25216K)->18792K(25216K)
[526.868s][info][gc             ] GC(237) Pause Full (System.gc()) 1109M->79M(3959M) 211.768ms
[526.868s][info][gc,cpu         ] GC(237) User=0.17s Sys=0.00s Real=0.20s
[527.240s][info][gc,start       ] GC(238) Pause Young (Allocation Failure)
[527.250s][info][gc,heap        ] GC(238) DefNew: 1116935K->39768K(1258304K)
[527.250s][info][gc,heap        ] GC(238) Tenured: 81609K->81609K(2796224K)
[527.250s][info][gc,metaspace   ] GC(238) Metaspace: 145153K(158000K)->145153K(158000K) NonClass: 126361K(132784K)->126361K(132784K) Class: 18792K(25216K)->18792K(25216K)
[527.250s][info][gc             ] GC(238) Pause Young (Allocation Failure) 1170M->118M(3959M) 9.927ms
[527.250s][info][gc,cpu         ] GC(238) User=0.00s Sys=0.00s Real=0.00s
[527.535s][info][gc,start       ] GC(239) Pause Young (Allocation Failure)
[527.548s][info][gc,heap        ] GC(239) DefNew: 1158296K->57677K(1258304K)
[527.548s][info][gc,heap        ] GC(239) Tenured: 81609K->81609K(2796224K)
[527.548s][info][gc,metaspace   ] GC(239) Metaspace: 145153K(158000K)->145153K(158000K) NonClass: 126361K(132784K)->126361K(132784K) Class: 18792K(25216K)->18792K(25216K)
[527.548s][info][gc             ] GC(239) Pause Young (Allocation Failure) 1210M->136M(3959M) 12.582ms
[527.548s][info][gc,cpu         ] GC(239) User=0.00s Sys=0.00s Real=0.00s
[530.661s][info][gc,start       ] GC(240) Pause Young (Allocation Failure)
[530.677s][info][gc,heap        ] GC(240) DefNew: 1176205K->59374K(1258304K)
[530.677s][info][gc,heap        ] GC(240) Tenured: 81609K->81609K(2796224K)
[530.677s][info][gc,metaspace   ] GC(240) Metaspace: 145153K(158000K)->145153K(158000K) NonClass: 126361K(132784K)->126361K(132784K) Class: 18792K(25216K)->18792K(25216K)
[530.677s][info][gc             ] GC(240) Pause Young (Allocation Failure) 1228M->137M(3959M) 16.128ms
[530.677s][info][gc,cpu         ] GC(240) User=0.02s Sys=0.00s Real=0.02s
[534.086s][info][gc,start       ] GC(241) Pause Full (System.gc())
[534.088s][info][gc,phases,start] GC(241) Phase 1: Mark live objects
[534.167s][info][gc,phases      ] GC(241) Phase 1: Mark live objects 78.982ms
[534.167s][info][gc,phases,start] GC(241) Phase 2: Compute new object addresses
[534.257s][info][gc,phases      ] GC(241) Phase 2: Compute new object addresses 89.892ms
[534.257s][info][gc,phases,start] GC(241) Phase 3: Adjust pointers
[534.299s][info][gc,phases      ] GC(241) Phase 3: Adjust pointers 42.384ms
[534.299s][info][gc,phases,start] GC(241) Phase 4: Move objects
[534.301s][info][gc,phases      ] GC(241) Phase 4: Move objects 1.668ms
[534.302s][info][gc,heap        ] GC(241) DefNew: 1048717K->0K(1258304K)
[534.302s][info][gc,heap        ] GC(241) Tenured: 81609K->86048K(2796224K)
[534.302s][info][gc,metaspace   ] GC(241) Metaspace: 145155K(158000K)->145155K(158000K) NonClass: 126362K(132784K)->126362K(132784K) Class: 18792K(25216K)->18792K(25216K)
[534.302s][info][gc             ] GC(241) Pause Full (System.gc()) 1103M->84M(3959M) 216.025ms
[534.302s][info][gc,cpu         ] GC(241) User=0.20s Sys=0.00s Real=0.22s
[534.680s][info][gc,start       ] GC(242) Pause Young (Allocation Failure)
[534.689s][info][gc,heap        ] GC(242) DefNew: 1117151K->37251K(1258304K)
[534.689s][info][gc,heap        ] GC(242) Tenured: 86048K->86048K(2796224K)
[534.689s][info][gc,metaspace   ] GC(242) Metaspace: 145157K(158000K)->145157K(158000K) NonClass: 126364K(132784K)->126364K(132784K) Class: 18792K(25216K)->18792K(25216K)
[534.689s][info][gc             ] GC(242) Pause Young (Allocation Failure) 1175M->120M(3959M) 9.713ms
[534.689s][info][gc,cpu         ] GC(242) User=0.00s Sys=0.00s Real=0.00s
[534.990s][info][gc,start       ] GC(243) Pause Young (Allocation Failure)
[535.005s][info][gc,heap        ] GC(243) DefNew: 1155779K->67817K(1258304K)
[535.005s][info][gc,heap        ] GC(243) Tenured: 86048K->86048K(2796224K)
[535.005s][info][gc,metaspace   ] GC(243) Metaspace: 145157K(158000K)->145157K(158000K) NonClass: 126364K(132784K)->126364K(132784K) Class: 18792K(25216K)->18792K(25216K)
[535.005s][info][gc             ] GC(243) Pause Young (Allocation Failure) 1212M->150M(3959M) 14.909ms
[535.005s][info][gc,cpu         ] GC(243) User=0.00s Sys=0.00s Real=0.01s
[541.715s][info][gc,start       ] GC(244) Pause Young (Allocation Failure)
[541.728s][info][gc,heap        ] GC(244) DefNew: 1186345K->58598K(1258304K)
[541.729s][info][gc,heap        ] GC(244) Tenured: 86048K->86048K(2796224K)
[541.729s][info][gc,metaspace   ] GC(244) Metaspace: 145157K(158000K)->145157K(158000K) NonClass: 126364K(132784K)->126364K(132784K) Class: 18792K(25216K)->18792K(25216K)
[541.729s][info][gc             ] GC(244) Pause Young (Allocation Failure) 1242M->141M(3959M) 13.796ms
[541.729s][info][gc,cpu         ] GC(244) User=0.00s Sys=0.00s Real=0.02s
[545.094s][info][gc,start       ] GC(245) Pause Full (System.gc())
[545.096s][info][gc,phases,start] GC(245) Phase 1: Mark live objects
[545.173s][info][gc,phases      ] GC(245) Phase 1: Mark live objects 77.144ms
[545.173s][info][gc,phases,start] GC(245) Phase 2: Compute new object addresses
[545.262s][info][gc,phases      ] GC(245) Phase 2: Compute new object addresses 88.388ms
[545.262s][info][gc,phases,start] GC(245) Phase 3: Adjust pointers
[545.305s][info][gc,phases      ] GC(245) Phase 3: Adjust pointers 43.168ms
[545.305s][info][gc,phases,start] GC(245) Phase 4: Move objects
[545.311s][info][gc,phases      ] GC(245) Phase 4: Move objects 6.611ms
[545.312s][info][gc,heap        ] GC(245) DefNew: 1048966K->0K(1258304K)
[545.312s][info][gc,heap        ] GC(245) Tenured: 86048K->72754K(2796224K)
[545.312s][info][gc,metaspace   ] GC(245) Metaspace: 145158K(158000K)->145158K(158000K) NonClass: 126365K(132784K)->126365K(132784K) Class: 18792K(25216K)->18792K(25216K)
[545.312s][info][gc             ] GC(245) Pause Full (System.gc()) 1108M->71M(3959M) 218.337ms
[545.312s][info][gc,cpu         ] GC(245) User=0.22s Sys=0.00s Real=0.22s
[545.670s][info][gc,start       ] GC(246) Pause Young (Allocation Failure)
[545.680s][info][gc,heap        ] GC(246) DefNew: 1117170K->37352K(1258304K)
[545.680s][info][gc,heap        ] GC(246) Tenured: 72754K->72754K(2796224K)
[545.680s][info][gc,metaspace   ] GC(246) Metaspace: 145161K(158000K)->145161K(158000K) NonClass: 126368K(132784K)->126368K(132784K) Class: 18792K(25216K)->18792K(25216K)
[545.680s][info][gc             ] GC(246) Pause Young (Allocation Failure) 1162M->107M(3959M) 9.723ms
[545.680s][info][gc,cpu         ] GC(246) User=0.00s Sys=0.00s Real=0.00s
[545.975s][info][gc,start       ] GC(247) Pause Young (Allocation Failure)
[545.988s][info][gc,heap        ] GC(247) DefNew: 1155880K->49483K(1258304K)
[545.988s][info][gc,heap        ] GC(247) Tenured: 72754K->72754K(2796224K)
[545.988s][info][gc,metaspace   ] GC(247) Metaspace: 145161K(158000K)->145161K(158000K) NonClass: 126368K(132784K)->126368K(132784K) Class: 18792K(25216K)->18792K(25216K)
[545.988s][info][gc             ] GC(247) Pause Young (Allocation Failure) 1199M->119M(3959M) 12.400ms
[545.988s][info][gc,cpu         ] GC(247) User=0.02s Sys=0.00s Real=0.01s
[550.880s][info][gc,start       ] GC(248) Pause Young (Allocation Failure)
[550.894s][info][gc,heap        ] GC(248) DefNew: 1166010K->58193K(1258304K)
[550.894s][info][gc,heap        ] GC(248) Tenured: 72754K->72754K(2796224K)
[550.894s][info][gc,metaspace   ] GC(248) Metaspace: 145162K(158000K)->145162K(158000K) NonClass: 126369K(132784K)->126369K(132784K) Class: 18792K(25216K)->18792K(25216K)
[550.894s][info][gc             ] GC(248) Pause Young (Allocation Failure) 1209M->127M(3959M) 13.898ms
[550.894s][info][gc,cpu         ] GC(248) User=0.00s Sys=0.00s Real=0.01s
[554.198s][info][gc,start       ] GC(249) Pause Full (System.gc())
[554.200s][info][gc,phases,start] GC(249) Phase 1: Mark live objects
[554.277s][info][gc,phases      ] GC(249) Phase 1: Mark live objects 77.299ms
[554.277s][info][gc,phases,start] GC(249) Phase 2: Compute new object addresses
[554.365s][info][gc,phases      ] GC(249) Phase 2: Compute new object addresses 88.123ms
[554.365s][info][gc,phases,start] GC(249) Phase 3: Adjust pointers
[554.408s][info][gc,phases      ] GC(249) Phase 3: Adjust pointers 42.723ms
[554.408s][info][gc,phases,start] GC(249) Phase 4: Move objects
[554.410s][info][gc,phases      ] GC(249) Phase 4: Move objects 1.847ms
[554.411s][info][gc,heap        ] GC(249) DefNew: 1055026K->0K(1258304K)
[554.411s][info][gc,heap        ] GC(249) Tenured: 72754K->77282K(2796224K)
[554.411s][info][gc,metaspace   ] GC(249) Metaspace: 145163K(158000K)->145163K(158000K) NonClass: 126370K(132784K)->126370K(132784K) Class: 18792K(25216K)->18792K(25216K)
[554.411s][info][gc             ] GC(249) Pause Full (System.gc()) 1101M->75M(3959M) 213.182ms
[554.411s][info][gc,cpu         ] GC(249) User=0.19s Sys=0.00s Real=0.22s
[554.781s][info][gc,start       ] GC(250) Pause Young (Allocation Failure)
[554.791s][info][gc,heap        ] GC(250) DefNew: 1117240K->42304K(1258304K)
[554.791s][info][gc,heap        ] GC(250) Tenured: 77282K->77282K(2796224K)
[554.792s][info][gc,metaspace   ] GC(250) Metaspace: 145164K(158000K)->145164K(158000K) NonClass: 126371K(132784K)->126371K(132784K) Class: 18792K(25216K)->18792K(25216K)
[554.792s][info][gc             ] GC(250) Pause Young (Allocation Failure) 1166M->116M(3959M) 10.084ms
[554.792s][info][gc,cpu         ] GC(250) User=0.00s Sys=0.00s Real=0.02s
[555.104s][info][gc,start       ] GC(251) Pause Young (Allocation Failure)
[555.117s][info][gc,heap        ] GC(251) DefNew: 1157330K->55246K(1258304K)
[555.117s][info][gc,heap        ] GC(251) Tenured: 77282K->77282K(2796224K)
[555.117s][info][gc,metaspace   ] GC(251) Metaspace: 145164K(158000K)->145164K(158000K) NonClass: 126371K(132784K)->126371K(132784K) Class: 18792K(25216K)->18792K(25216K)
[555.117s][info][gc             ] GC(251) Pause Young (Allocation Failure) 1205M->129M(3959M) 12.528ms
[555.117s][info][gc,cpu         ] GC(251) User=0.00s Sys=0.00s Real=0.02s
[560.854s][info][gc,start       ] GC(252) Pause Young (Allocation Failure)
[560.869s][info][gc,heap        ] GC(252) DefNew: 1173774K->58416K(1258304K)
[560.869s][info][gc,heap        ] GC(252) Tenured: 77282K->77282K(2796224K)
[560.869s][info][gc,metaspace   ] GC(252) Metaspace: 145171K(158000K)->145171K(158000K) NonClass: 126378K(132784K)->126378K(132784K) Class: 18792K(25216K)->18792K(25216K)
[560.869s][info][gc             ] GC(252) Pause Young (Allocation Failure) 1221M->132M(3959M) 15.023ms
[560.869s][info][gc,cpu         ] GC(252) User=0.00s Sys=0.00s Real=0.01s
[564.280s][info][gc,start       ] GC(253) Pause Full (System.gc())
[564.282s][info][gc,phases,start] GC(253) Phase 1: Mark live objects
[564.358s][info][gc,phases      ] GC(253) Phase 1: Mark live objects 76.120ms
[564.358s][info][gc,phases,start] GC(253) Phase 2: Compute new object addresses
[564.446s][info][gc,phases      ] GC(253) Phase 2: Compute new object addresses 87.681ms
[564.446s][info][gc,phases,start] GC(253) Phase 3: Adjust pointers
[564.487s][info][gc,phases      ] GC(253) Phase 3: Adjust pointers 41.713ms
[564.487s][info][gc,phases,start] GC(253) Phase 4: Move objects
[564.489s][info][gc,phases      ] GC(253) Phase 4: Move objects 1.807ms
[564.490s][info][gc,heap        ] GC(253) DefNew: 1058898K->0K(1258304K)
[564.490s][info][gc,heap        ] GC(253) Tenured: 77282K->81806K(2796224K)
[564.490s][info][gc,metaspace   ] GC(253) Metaspace: 145173K(158000K)->145173K(158000K) NonClass: 126380K(132784K)->126380K(132784K) Class: 18792K(25216K)->18792K(25216K)
[564.490s][info][gc             ] GC(253) Pause Full (System.gc()) 1109M->79M(3959M) 210.345ms
[564.490s][info][gc,cpu         ] GC(253) User=0.22s Sys=0.00s Real=0.22s
[564.842s][info][gc,start       ] GC(254) Pause Young (Allocation Failure)
[564.853s][info][gc,heap        ] GC(254) DefNew: 1115553K->37352K(1258304K)
[564.853s][info][gc,heap        ] GC(254) Tenured: 81806K->81806K(2796224K)
[564.853s][info][gc,metaspace   ] GC(254) Metaspace: 145207K(158000K)->145207K(158000K) NonClass: 126414K(132784K)->126414K(132784K) Class: 18792K(25216K)->18792K(25216K)
[564.853s][info][gc             ] GC(254) Pause Young (Allocation Failure) 1169M->116M(3959M) 10.402ms
[564.853s][info][gc,cpu         ] GC(254) User=0.00s Sys=0.00s Real=0.02s
[565.178s][info][gc,start       ] GC(255) Pause Young (Allocation Failure)
[565.191s][info][gc,heap        ] GC(255) DefNew: 1155301K->46993K(1258304K)
[565.191s][info][gc,heap        ] GC(255) Tenured: 81806K->81806K(2796224K)
[565.191s][info][gc,metaspace   ] GC(255) Metaspace: 145207K(158000K)->145207K(158000K) NonClass: 126414K(132784K)->126414K(132784K) Class: 18792K(25216K)->18792K(25216K)
[565.191s][info][gc             ] GC(255) Pause Young (Allocation Failure) 1208M->125M(3959M) 12.899ms
[565.191s][info][gc,cpu         ] GC(255) User=0.02s Sys=0.00s Real=0.02s
[568.198s][info][gc,start       ] GC(256) Pause Young (Allocation Failure)
[568.212s][info][gc,heap        ] GC(256) DefNew: 1165521K->58335K(1258304K)
[568.212s][info][gc,heap        ] GC(256) Tenured: 81806K->81806K(2796224K)
[568.212s][info][gc,metaspace   ] GC(256) Metaspace: 145207K(158000K)->145207K(158000K) NonClass: 126414K(132784K)->126414K(132784K) Class: 18792K(25216K)->18792K(25216K)
[568.212s][info][gc             ] GC(256) Pause Young (Allocation Failure) 1218M->136M(3959M) 14.028ms
[568.212s][info][gc,cpu         ] GC(256) User=0.00s Sys=0.00s Real=0.02s
[571.648s][info][gc,start       ] GC(257) Pause Full (System.gc())
[571.650s][info][gc,phases,start] GC(257) Phase 1: Mark live objects
[571.729s][info][gc,phases      ] GC(257) Phase 1: Mark live objects 78.806ms
[571.729s][info][gc,phases,start] GC(257) Phase 2: Compute new object addresses
[571.820s][info][gc,phases      ] GC(257) Phase 2: Compute new object addresses 90.241ms
[571.820s][info][gc,phases,start] GC(257) Phase 3: Adjust pointers
[571.863s][info][gc,phases      ] GC(257) Phase 3: Adjust pointers 43.784ms
[571.863s][info][gc,phases,start] GC(257) Phase 4: Move objects
[571.865s][info][gc,phases      ] GC(257) Phase 4: Move objects 1.799ms
[571.866s][info][gc,heap        ] GC(257) DefNew: 1060249K->0K(1258304K)
[571.866s][info][gc,heap        ] GC(257) Tenured: 81806K->86322K(2796224K)
[571.866s][info][gc,metaspace   ] GC(257) Metaspace: 145214K(158000K)->145214K(158000K) NonClass: 126421K(132784K)->126421K(132784K) Class: 18792K(25216K)->18792K(25216K)
[571.866s][info][gc             ] GC(257) Pause Full (System.gc()) 1115M->84M(3959M) 217.773ms
[571.866s][info][gc,cpu         ] GC(257) User=0.19s Sys=0.00s Real=0.22s
[572.246s][info][gc,start       ] GC(258) Pause Young (Allocation Failure)
[572.257s][info][gc,heap        ] GC(258) DefNew: 1117995K->47371K(1258304K)
[572.257s][info][gc,heap        ] GC(258) Tenured: 86322K->86322K(2796224K)
[572.257s][info][gc,metaspace   ] GC(258) Metaspace: 145277K(158000K)->145277K(158000K) NonClass: 126484K(132784K)->126484K(132784K) Class: 18792K(25216K)->18792K(25216K)
[572.257s][info][gc             ] GC(258) Pause Young (Allocation Failure) 1176M->130M(3959M) 10.805ms
[572.257s][info][gc,cpu         ] GC(258) User=0.00s Sys=0.00s Real=0.02s
[572.554s][info][gc,start       ] GC(259) Pause Young (Allocation Failure)
[572.567s][info][gc,heap        ] GC(259) DefNew: 1165899K->57988K(1258304K)
[572.567s][info][gc,heap        ] GC(259) Tenured: 86322K->86322K(2796224K)
[572.567s][info][gc,metaspace   ] GC(259) Metaspace: 145280K(158000K)->145280K(158000K) NonClass: 126487K(132784K)->126487K(132784K) Class: 18792K(25216K)->18792K(25216K)
[572.567s][info][gc             ] GC(259) Pause Young (Allocation Failure) 1222M->140M(3959M) 12.893ms
[572.567s][info][gc,cpu         ] GC(259) User=0.02s Sys=0.00s Real=0.00s
[575.673s][info][gc,start       ] GC(260) Pause Young (Allocation Failure)
[575.687s][info][gc,heap        ] GC(260) DefNew: 1176516K->58780K(1258304K)
[575.687s][info][gc,heap        ] GC(260) Tenured: 86322K->86322K(2796224K)
[575.687s][info][gc,metaspace   ] GC(260) Metaspace: 145280K(158000K)->145280K(158000K) NonClass: 126487K(132784K)->126487K(132784K) Class: 18792K(25216K)->18792K(25216K)
[575.687s][info][gc             ] GC(260) Pause Young (Allocation Failure) 1233M->141M(3959M) 14.139ms
[575.687s][info][gc,cpu         ] GC(260) User=0.00s Sys=0.00s Real=0.01s
[579.107s][info][gc,start       ] GC(261) Pause Full (System.gc())
[579.109s][info][gc,phases,start] GC(261) Phase 1: Mark live objects
[579.185s][info][gc,phases      ] GC(261) Phase 1: Mark live objects 76.070ms
[579.185s][info][gc,phases,start] GC(261) Phase 2: Compute new object addresses
[579.273s][info][gc,phases      ] GC(261) Phase 2: Compute new object addresses 88.500ms
[579.273s][info][gc,phases,start] GC(261) Phase 3: Adjust pointers
[579.316s][info][gc,phases      ] GC(261) Phase 3: Adjust pointers 42.786ms
[579.316s][info][gc,phases,start] GC(261) Phase 4: Move objects
[579.323s][info][gc,phases      ] GC(261) Phase 4: Move objects 7.043ms
[579.324s][info][gc,heap        ] GC(261) DefNew: 1047913K->0K(1258304K)
[579.324s][info][gc,heap        ] GC(261) Tenured: 86322K->72752K(2796224K)
[579.324s][info][gc,metaspace   ] GC(261) Metaspace: 145457K(158256K)->145457K(158256K) NonClass: 126664K(133040K)->126664K(133040K) Class: 18792K(25216K)->18792K(25216K)
[579.324s][info][gc             ] GC(261) Pause Full (System.gc()) 1107M->71M(3959M) 217.459ms
[579.324s][info][gc,cpu         ] GC(261) User=0.20s Sys=0.00s Real=0.22s
[579.706s][info][gc,start       ] GC(262) Pause Young (Allocation Failure)
[579.716s][info][gc,heap        ] GC(262) DefNew: 1118422K->37529K(1258304K)
[579.716s][info][gc,heap        ] GC(262) Tenured: 72752K->72752K(2796224K)
[579.716s][info][gc,metaspace   ] GC(262) Metaspace: 145459K(158256K)->145459K(158256K) NonClass: 126666K(133040K)->126666K(133040K) Class: 18792K(25216K)->18792K(25216K)
[579.716s][info][gc             ] GC(262) Pause Young (Allocation Failure) 1163M->107M(3959M) 9.966ms
[579.716s][info][gc,cpu         ] GC(262) User=0.00s Sys=0.00s Real=0.01s
[580.004s][info][gc,start       ] GC(263) Pause Young (Allocation Failure)
[580.016s][info][gc,heap        ] GC(263) DefNew: 1156057K->49433K(1258304K)
[580.016s][info][gc,heap        ] GC(263) Tenured: 72752K->72752K(2796224K)
[580.016s][info][gc,metaspace   ] GC(263) Metaspace: 145459K(158256K)->145459K(158256K) NonClass: 126666K(133040K)->126666K(133040K) Class: 18792K(25216K)->18792K(25216K)
[580.016s][info][gc             ] GC(263) Pause Young (Allocation Failure) 1200M->119M(3959M) 12.389ms
[580.016s][info][gc,cpu         ] GC(263) User=0.02s Sys=0.00s Real=0.02s
[583.129s][info][gc,start       ] GC(264) Pause Young (Allocation Failure)
[583.143s][info][gc,heap        ] GC(264) DefNew: 1167961K->58847K(1258304K)
[583.143s][info][gc,heap        ] GC(264) Tenured: 72752K->72752K(2796224K)
[583.143s][info][gc,metaspace   ] GC(264) Metaspace: 145459K(158256K)->145459K(158256K) NonClass: 126666K(133040K)->126666K(133040K) Class: 18792K(25216K)->18792K(25216K)
[583.143s][info][gc             ] GC(264) Pause Young (Allocation Failure) 1211M->128M(3959M) 14.108ms
[583.143s][info][gc,cpu         ] GC(264) User=0.00s Sys=0.00s Real=0.02s
[589.194s][info][gc,start       ] GC(265) Pause Full (System.gc())
[589.196s][info][gc,phases,start] GC(265) Phase 1: Mark live objects
[589.276s][info][gc,phases      ] GC(265) Phase 1: Mark live objects 80.007ms
[589.276s][info][gc,phases,start] GC(265) Phase 2: Compute new object addresses
[589.365s][info][gc,phases      ] GC(265) Phase 2: Compute new object addresses 88.504ms
[589.365s][info][gc,phases,start] GC(265) Phase 3: Adjust pointers
[589.407s][info][gc,phases      ] GC(265) Phase 3: Adjust pointers 42.176ms
[589.407s][info][gc,phases,start] GC(265) Phase 4: Move objects
[589.409s][info][gc,phases      ] GC(265) Phase 4: Move objects 1.686ms
[589.410s][info][gc,heap        ] GC(265) DefNew: 1047533K->0K(1258304K)
[589.410s][info][gc,heap        ] GC(265) Tenured: 72752K->77183K(2796224K)
[589.410s][info][gc,metaspace   ] GC(265) Metaspace: 145459K(158256K)->145459K(158256K) NonClass: 126666K(133040K)->126666K(133040K) Class: 18792K(25216K)->18792K(25216K)
[589.410s][info][gc             ] GC(265) Pause Full (System.gc()) 1094M->75M(3959M) 215.507ms
[589.410s][info][gc,cpu         ] GC(265) User=0.19s Sys=0.00s Real=0.20s
[589.773s][info][gc,start       ] GC(266) Pause Young (Allocation Failure)
[589.783s][info][gc,heap        ] GC(266) DefNew: 1117799K->37323K(1258304K)
[589.783s][info][gc,heap        ] GC(266) Tenured: 77183K->77183K(2796224K)
[589.783s][info][gc,metaspace   ] GC(266) Metaspace: 145459K(158256K)->145459K(158256K) NonClass: 126666K(133040K)->126666K(133040K) Class: 18792K(25216K)->18792K(25216K)
[589.783s][info][gc             ] GC(266) Pause Young (Allocation Failure) 1166M->111M(3959M) 9.737ms
[589.783s][info][gc,cpu         ] GC(266) User=0.00s Sys=0.00s Real=0.01s
[590.086s][info][gc,start       ] GC(267) Pause Young (GCLocker Initiated GC)
[590.099s][info][gc,heap        ] GC(267) DefNew: 1155859K->55361K(1258304K)
[590.099s][info][gc,heap        ] GC(267) Tenured: 77183K->77183K(2796224K)
[590.099s][info][gc,metaspace   ] GC(267) Metaspace: 145459K(158256K)->145459K(158256K) NonClass: 126666K(133040K)->126666K(133040K) Class: 18792K(25216K)->18792K(25216K)
[590.099s][info][gc             ] GC(267) Pause Young (GCLocker Initiated GC) 1204M->129M(3959M) 13.242ms
[590.099s][info][gc,cpu         ] GC(267) User=0.00s Sys=0.00s Real=0.02s
[593.209s][info][gc,start       ] GC(268) Pause Young (Allocation Failure)
[593.223s][info][gc,heap        ] GC(268) DefNew: 1170999K->58149K(1258304K)
[593.223s][info][gc,heap        ] GC(268) Tenured: 77183K->77183K(2796224K)
[593.223s][info][gc,metaspace   ] GC(268) Metaspace: 145461K(158256K)->145461K(158256K) NonClass: 126668K(133040K)->126668K(133040K) Class: 18792K(25216K)->18792K(25216K)
[593.223s][info][gc             ] GC(268) Pause Young (Allocation Failure) 1218M->132M(3959M) 14.478ms
[593.223s][info][gc,cpu         ] GC(268) User=0.00s Sys=0.00s Real=0.02s
[596.537s][info][gc,start       ] GC(269) Pause Full (System.gc())
[596.539s][info][gc,phases,start] GC(269) Phase 1: Mark live objects
[596.617s][info][gc,phases      ] GC(269) Phase 1: Mark live objects 77.784ms
[596.617s][info][gc,phases,start] GC(269) Phase 2: Compute new object addresses
[596.705s][info][gc,phases      ] GC(269) Phase 2: Compute new object addresses 88.164ms
[596.705s][info][gc,phases,start] GC(269) Phase 3: Adjust pointers
[596.747s][info][gc,phases      ] GC(269) Phase 3: Adjust pointers 42.112ms
[596.747s][info][gc,phases,start] GC(269) Phase 4: Move objects
[596.749s][info][gc,phases      ] GC(269) Phase 4: Move objects 1.654ms
[596.750s][info][gc,heap        ] GC(269) DefNew: 1055030K->0K(1258304K)
[596.750s][info][gc,heap        ] GC(269) Tenured: 77183K->81715K(2796224K)
[596.750s][info][gc,metaspace   ] GC(269) Metaspace: 145469K(158256K)->145469K(158256K) NonClass: 126676K(133040K)->126676K(133040K) Class: 18792K(25216K)->18792K(25216K)
[596.750s][info][gc             ] GC(269) Pause Full (System.gc()) 1105M->79M(3959M) 212.877ms
[596.750s][info][gc,cpu         ] GC(269) User=0.19s Sys=0.00s Real=0.22s
[597.111s][info][gc,start       ] GC(270) Pause Young (Allocation Failure)
[597.121s][info][gc,heap        ] GC(270) DefNew: 1114679K->37626K(1258304K)
[597.121s][info][gc,heap        ] GC(270) Tenured: 81715K->81715K(2796224K)
[597.121s][info][gc,metaspace   ] GC(270) Metaspace: 145471K(158256K)->145471K(158256K) NonClass: 126678K(133040K)->126678K(133040K) Class: 18792K(25216K)->18792K(25216K)
[597.121s][info][gc             ] GC(270) Pause Young (Allocation Failure) 1168M->116M(3959M) 10.130ms
[597.121s][info][gc,cpu         ] GC(270) User=0.00s Sys=0.00s Real=0.01s
[597.420s][info][gc,start       ] GC(271) Pause Young (Allocation Failure)
[597.431s][info][gc,heap        ] GC(271) DefNew: 1156154K->49422K(1258304K)
[597.431s][info][gc,heap        ] GC(271) Tenured: 81715K->81715K(2796224K)
[597.431s][info][gc,metaspace   ] GC(271) Metaspace: 145471K(158256K)->145471K(158256K) NonClass: 126678K(133040K)->126678K(133040K) Class: 18792K(25216K)->18792K(25216K)
[597.431s][info][gc             ] GC(271) Pause Young (Allocation Failure) 1208M->128M(3959M) 11.352ms
[597.431s][info][gc,cpu         ] GC(271) User=0.00s Sys=0.00s Real=0.00s
[600.522s][info][gc,start       ] GC(272) Pause Young (Allocation Failure)
[600.535s][info][gc,heap        ] GC(272) DefNew: 1166655K->58148K(1258304K)
[600.536s][info][gc,heap        ] GC(272) Tenured: 81715K->81715K(2796224K)
[600.536s][info][gc,metaspace   ] GC(272) Metaspace: 145474K(158256K)->145474K(158256K) NonClass: 126681K(133040K)->126681K(133040K) Class: 18792K(25216K)->18792K(25216K)
[600.536s][info][gc             ] GC(272) Pause Young (Allocation Failure) 1219M->136M(3959M) 13.565ms
[600.536s][info][gc,cpu         ] GC(272) User=0.00s Sys=0.00s Real=0.02s
[603.895s][info][gc,start       ] GC(273) Pause Full (System.gc())
[603.897s][info][gc,phases,start] GC(273) Phase 1: Mark live objects
[603.972s][info][gc,phases      ] GC(273) Phase 1: Mark live objects 75.867ms
[603.972s][info][gc,phases,start] GC(273) Phase 2: Compute new object addresses
[604.061s][info][gc,phases      ] GC(273) Phase 2: Compute new object addresses 88.367ms
[604.061s][info][gc,phases,start] GC(273) Phase 3: Adjust pointers
[604.103s][info][gc,phases      ] GC(273) Phase 3: Adjust pointers 42.229ms
[604.103s][info][gc,phases,start] GC(273) Phase 4: Move objects
[604.105s][info][gc,phases      ] GC(273) Phase 4: Move objects 1.787ms
[604.106s][info][gc,heap        ] GC(273) DefNew: 1058224K->0K(1258304K)
[604.106s][info][gc,heap        ] GC(273) Tenured: 81715K->86221K(2796224K)
[604.106s][info][gc,metaspace   ] GC(273) Metaspace: 145474K(158256K)->145474K(158256K) NonClass: 126681K(133040K)->126681K(133040K) Class: 18792K(25216K)->18792K(25216K)
[604.106s][info][gc             ] GC(273) Pause Full (System.gc()) 1113M->84M(3959M) 211.382ms
[604.106s][info][gc,cpu         ] GC(273) User=0.16s Sys=0.00s Real=0.21s
[604.460s][info][gc,start       ] GC(274) Pause Young (Allocation Failure)
[604.470s][info][gc,heap        ] GC(274) DefNew: 1118528K->37245K(1258304K)
[604.470s][info][gc,heap        ] GC(274) Tenured: 86221K->86221K(2796224K)
[604.470s][info][gc,metaspace   ] GC(274) Metaspace: 145475K(158256K)->145475K(158256K) NonClass: 126682K(133040K)->126682K(133040K) Class: 18792K(25216K)->18792K(25216K)
[604.470s][info][gc             ] GC(274) Pause Young (Allocation Failure) 1176M->120M(3959M) 9.799ms
[604.470s][info][gc,cpu         ] GC(274) User=0.00s Sys=0.00s Real=0.02s
[604.766s][info][gc,start       ] GC(275) Pause Young (GCLocker Initiated GC)
[604.779s][info][gc,heap        ] GC(275) DefNew: 1161398K->63820K(1258304K)
[604.779s][info][gc,heap        ] GC(275) Tenured: 86221K->86221K(2796224K)
[604.779s][info][gc,metaspace   ] GC(275) Metaspace: 145475K(158256K)->145475K(158256K) NonClass: 126682K(133040K)->126682K(133040K) Class: 18792K(25216K)->18792K(25216K)
[604.779s][info][gc             ] GC(275) Pause Young (GCLocker Initiated GC) 1218M->146M(3959M) 13.162ms
[604.779s][info][gc,cpu         ] GC(275) User=0.00s Sys=0.00s Real=0.02s
[607.931s][info][gc,start       ] GC(276) Pause Young (Allocation Failure)
[607.945s][info][gc,heap        ] GC(276) DefNew: 1182348K->58629K(1258304K)
[607.945s][info][gc,heap        ] GC(276) Tenured: 86221K->86221K(2796224K)
[607.945s][info][gc,metaspace   ] GC(276) Metaspace: 145476K(158256K)->145476K(158256K) NonClass: 126683K(133040K)->126683K(133040K) Class: 18792K(25216K)->18792K(25216K)
[607.945s][info][gc             ] GC(276) Pause Young (Allocation Failure) 1238M->141M(3959M) 13.915ms
[607.945s][info][gc,cpu         ] GC(276) User=0.00s Sys=0.00s Real=0.02s
[614.927s][info][gc,start       ] GC(277) Pause Full (System.gc())
[614.929s][info][gc,phases,start] GC(277) Phase 1: Mark live objects
[615.005s][info][gc,phases      ] GC(277) Phase 1: Mark live objects 76.154ms
[615.005s][info][gc,phases,start] GC(277) Phase 2: Compute new object addresses
[615.093s][info][gc,phases      ] GC(277) Phase 2: Compute new object addresses 88.097ms
[615.093s][info][gc,phases,start] GC(277) Phase 3: Adjust pointers
[615.136s][info][gc,phases      ] GC(277) Phase 3: Adjust pointers 42.688ms
[615.136s][info][gc,phases,start] GC(277) Phase 4: Move objects
[615.140s][info][gc,phases      ] GC(277) Phase 4: Move objects 4.686ms
[615.141s][info][gc,heap        ] GC(277) DefNew: 1050619K->0K(1258304K)
[615.141s][info][gc,heap        ] GC(277) Tenured: 86221K->72928K(2796224K)
[615.141s][info][gc,metaspace   ] GC(277) Metaspace: 145477K(158256K)->145477K(158256K) NonClass: 126684K(133040K)->126684K(133040K) Class: 18792K(25216K)->18792K(25216K)
[615.141s][info][gc             ] GC(277) Pause Full (System.gc()) 1110M->71M(3959M) 214.596ms
[615.141s][info][gc,cpu         ] GC(277) User=0.12s Sys=0.00s Real=0.22s
[615.501s][info][gc,start       ] GC(278) Pause Young (Allocation Failure)
[615.511s][info][gc,heap        ] GC(278) DefNew: 1118143K->40908K(1258304K)
[615.511s][info][gc,heap        ] GC(278) Tenured: 72928K->72928K(2796224K)
[615.511s][info][gc,metaspace   ] GC(278) Metaspace: 145479K(158256K)->145479K(158256K) NonClass: 126686K(133040K)->126686K(133040K) Class: 18792K(25216K)->18792K(25216K)
[615.511s][info][gc             ] GC(278) Pause Young (Allocation Failure) 1163M->111M(3959M) 10.217ms
[615.511s][info][gc,cpu         ] GC(278) User=0.00s Sys=0.00s Real=0.00s
[615.803s][info][gc,start       ] GC(279) Pause Young (Allocation Failure)
[615.817s][info][gc,heap        ] GC(279) DefNew: 1159301K->62098K(1258304K)
[615.817s][info][gc,heap        ] GC(279) Tenured: 72928K->72928K(2796224K)
[615.817s][info][gc,metaspace   ] GC(279) Metaspace: 145479K(158256K)->145479K(158256K) NonClass: 126686K(133040K)->126686K(133040K) Class: 18792K(25216K)->18792K(25216K)
[615.817s][info][gc             ] GC(279) Pause Young (Allocation Failure) 1203M->131M(3959M) 13.603ms
[615.817s][info][gc,cpu         ] GC(279) User=0.00s Sys=0.00s Real=0.02s
[618.885s][info][gc,start       ] GC(280) Pause Young (Allocation Failure)
[618.899s][info][gc,heap        ] GC(280) DefNew: 1179964K->58151K(1258304K)
[618.899s][info][gc,heap        ] GC(280) Tenured: 72928K->72928K(2796224K)
[618.899s][info][gc,metaspace   ] GC(280) Metaspace: 145479K(158256K)->145479K(158256K) NonClass: 126686K(133040K)->126686K(133040K) Class: 18792K(25216K)->18792K(25216K)
[618.899s][info][gc             ] GC(280) Pause Young (Allocation Failure) 1223M->128M(3959M) 13.568ms
[618.899s][info][gc,cpu         ] GC(280) User=0.00s Sys=0.00s Real=0.02s
[622.260s][info][gc,start       ] GC(281) Pause Full (System.gc())
[622.262s][info][gc,phases,start] GC(281) Phase 1: Mark live objects
[622.338s][info][gc,phases      ] GC(281) Phase 1: Mark live objects 76.403ms
[622.338s][info][gc,phases,start] GC(281) Phase 2: Compute new object addresses
[622.427s][info][gc,phases      ] GC(281) Phase 2: Compute new object addresses 88.548ms
[622.427s][info][gc,phases,start] GC(281) Phase 3: Adjust pointers
[622.469s][info][gc,phases      ] GC(281) Phase 3: Adjust pointers 41.926ms
[622.469s][info][gc,phases,start] GC(281) Phase 4: Move objects
[622.471s][info][gc,phases      ] GC(281) Phase 4: Move objects 1.718ms
[622.472s][info][gc,heap        ] GC(281) DefNew: 1055873K->0K(1258304K)
[622.472s][info][gc,heap        ] GC(281) Tenured: 72928K->77448K(2796224K)
[622.472s][info][gc,metaspace   ] GC(281) Metaspace: 145479K(158256K)->145479K(158256K) NonClass: 126686K(133040K)->126686K(133040K) Class: 18792K(25216K)->18792K(25216K)
[622.472s][info][gc             ] GC(281) Pause Full (System.gc()) 1102M->75M(3959M) 212.084ms
[622.472s][info][gc,cpu         ] GC(281) User=0.20s Sys=0.00s Real=0.22s
[622.824s][info][gc,start       ] GC(282) Pause Young (Allocation Failure)
[622.835s][info][gc,heap        ] GC(282) DefNew: 1118204K->41714K(1258304K)
[622.835s][info][gc,heap        ] GC(282) Tenured: 77448K->77448K(2796224K)
[622.835s][info][gc,metaspace   ] GC(282) Metaspace: 145479K(158256K)->145479K(158256K) NonClass: 126686K(133040K)->126686K(133040K) Class: 18792K(25216K)->18792K(25216K)
[622.835s][info][gc             ] GC(282) Pause Young (Allocation Failure) 1167M->116M(3959M) 10.450ms
[622.835s][info][gc,cpu         ] GC(282) User=0.00s Sys=0.00s Real=0.01s
[623.128s][info][gc,start       ] GC(283) Pause Young (Allocation Failure)
[623.142s][info][gc,heap        ] GC(283) DefNew: 1157849K->65420K(1258304K)
[623.142s][info][gc,heap        ] GC(283) Tenured: 77448K->77448K(2796224K)
[623.142s][info][gc,metaspace   ] GC(283) Metaspace: 145479K(158256K)->145479K(158256K) NonClass: 126686K(133040K)->126686K(133040K) Class: 18792K(25216K)->18792K(25216K)
[623.142s][info][gc             ] GC(283) Pause Young (Allocation Failure) 1206M->139M(3959M) 14.394ms
[623.142s][info][gc,cpu         ] GC(283) User=0.00s Sys=0.00s Real=0.02s
[626.225s][info][gc,start       ] GC(284) Pause Young (Allocation Failure)
[626.239s][info][gc,heap        ] GC(284) DefNew: 1183948K->58418K(1258304K)
[626.239s][info][gc,heap        ] GC(284) Tenured: 77448K->77448K(2796224K)
[626.239s][info][gc,metaspace   ] GC(284) Metaspace: 145479K(158256K)->145479K(158256K) NonClass: 126686K(133040K)->126686K(133040K) Class: 18792K(25216K)->18792K(25216K)
[626.239s][info][gc             ] GC(284) Pause Young (Allocation Failure) 1231M->132M(3959M) 14.075ms
[626.239s][info][gc,cpu         ] GC(284) User=0.00s Sys=0.00s Real=0.02s
[629.711s][info][gc,start       ] GC(285) Pause Full (System.gc())
[629.713s][info][gc,phases,start] GC(285) Phase 1: Mark live objects
[629.790s][info][gc,phases      ] GC(285) Phase 1: Mark live objects 76.952ms
[629.790s][info][gc,phases,start] GC(285) Phase 2: Compute new object addresses
[629.882s][info][gc,phases      ] GC(285) Phase 2: Compute new object addresses 91.997ms
[629.882s][info][gc,phases,start] GC(285) Phase 3: Adjust pointers
[629.926s][info][gc,phases      ] GC(285) Phase 3: Adjust pointers 44.430ms
[629.926s][info][gc,phases,start] GC(285) Phase 4: Move objects
[629.928s][info][gc,phases      ] GC(285) Phase 4: Move objects 1.781ms
[629.929s][info][gc,heap        ] GC(285) DefNew: 1058292K->0K(1258304K)
[629.929s][info][gc,heap        ] GC(285) Tenured: 77448K->81973K(2796224K)
[629.929s][info][gc,metaspace   ] GC(285) Metaspace: 145479K(158256K)->145479K(158256K) NonClass: 126686K(133040K)->126686K(133040K) Class: 18792K(25216K)->18792K(25216K)
[629.929s][info][gc             ] GC(285) Pause Full (System.gc()) 1109M->80M(3959M) 218.318ms
[629.929s][info][gc,cpu         ] GC(285) User=0.17s Sys=0.02s Real=0.22s
[630.320s][info][gc,start       ] GC(286) Pause Young (Allocation Failure)
[630.331s][info][gc,heap        ] GC(286) DefNew: 1115715K->47535K(1258304K)
[630.331s][info][gc,heap        ] GC(286) Tenured: 81973K->81973K(2796224K)
[630.331s][info][gc,metaspace   ] GC(286) Metaspace: 145479K(158256K)->145479K(158256K) NonClass: 126686K(133040K)->126686K(133040K) Class: 18792K(25216K)->18792K(25216K)
[630.331s][info][gc             ] GC(286) Pause Young (Allocation Failure) 1169M->126M(3959M) 10.738ms
[630.331s][info][gc,cpu         ] GC(286) User=0.00s Sys=0.00s Real=0.02s
[630.622s][info][gc,start       ] GC(287) Pause Young (Allocation Failure)
[630.634s][info][gc,heap        ] GC(287) DefNew: 1166063K->53263K(1258304K)
[630.634s][info][gc,heap        ] GC(287) Tenured: 81973K->81973K(2796224K)
[630.634s][info][gc,metaspace   ] GC(287) Metaspace: 145479K(158256K)->145479K(158256K) NonClass: 126686K(133040K)->126686K(133040K) Class: 18792K(25216K)->18792K(25216K)
[630.634s][info][gc             ] GC(287) Pause Young (Allocation Failure) 1218M->132M(3959M) 11.779ms
[630.634s][info][gc,cpu         ] GC(287) User=0.00s Sys=0.00s Real=0.02s
[633.771s][info][gc,start       ] GC(288) Pause Young (Allocation Failure)
[633.785s][info][gc,heap        ] GC(288) DefNew: 1171791K->58473K(1258304K)
[633.785s][info][gc,heap        ] GC(288) Tenured: 81973K->81973K(2796224K)
[633.785s][info][gc,metaspace   ] GC(288) Metaspace: 145479K(158256K)->145479K(158256K) NonClass: 126686K(133040K)->126686K(133040K) Class: 18792K(25216K)->18792K(25216K)
[633.785s][info][gc             ] GC(288) Pause Young (Allocation Failure) 1224M->137M(3959M) 13.352ms
[633.785s][info][gc,cpu         ] GC(288) User=0.00s Sys=0.00s Real=0.02s
[640.787s][info][gc,start       ] GC(289) Pause Full (System.gc())
[640.789s][info][gc,phases,start] GC(289) Phase 1: Mark live objects
[640.867s][info][gc,phases      ] GC(289) Phase 1: Mark live objects 77.785ms
[640.867s][info][gc,phases,start] GC(289) Phase 2: Compute new object addresses
[640.957s][info][gc,phases      ] GC(289) Phase 2: Compute new object addresses 90.399ms
[640.957s][info][gc,phases,start] GC(289) Phase 3: Adjust pointers
[640.999s][info][gc,phases      ] GC(289) Phase 3: Adjust pointers 42.317ms
[640.999s][info][gc,phases,start] GC(289) Phase 4: Move objects
[641.001s][info][gc,phases      ] GC(289) Phase 4: Move objects 1.642ms
[641.002s][info][gc,heap        ] GC(289) DefNew: 1052566K->0K(1258304K)
[641.002s][info][gc,heap        ] GC(289) Tenured: 81973K->86409K(2796224K)
[641.002s][info][gc,metaspace   ] GC(289) Metaspace: 145483K(158256K)->145483K(158256K) NonClass: 126690K(133040K)->126690K(133040K) Class: 18792K(25216K)->18792K(25216K)
[641.002s][info][gc             ] GC(289) Pause Full (System.gc()) 1107M->84M(3959M) 215.017ms
[641.002s][info][gc,cpu         ] GC(289) User=0.17s Sys=0.00s Real=0.20s
[641.376s][info][gc,start       ] GC(290) Pause Young (Allocation Failure)
[641.386s][info][gc,heap        ] GC(290) DefNew: 1116000K->33128K(1258304K)
[641.386s][info][gc,heap        ] GC(290) Tenured: 86409K->86409K(2796224K)
[641.386s][info][gc,metaspace   ] GC(290) Metaspace: 145484K(158256K)->145484K(158256K) NonClass: 126691K(133040K)->126691K(133040K) Class: 18792K(25216K)->18792K(25216K)
[641.386s][info][gc             ] GC(290) Pause Young (Allocation Failure) 1174M->116M(3959M) 9.372ms
[641.386s][info][gc,cpu         ] GC(290) User=0.00s Sys=0.00s Real=0.02s
[641.688s][info][gc,start       ] GC(291) Pause Young (Allocation Failure)
[641.700s][info][gc,heap        ] GC(291) DefNew: 1151656K->49188K(1258304K)
[641.700s][info][gc,heap        ] GC(291) Tenured: 86409K->86409K(2796224K)
[641.700s][info][gc,metaspace   ] GC(291) Metaspace: 145484K(158256K)->145484K(158256K) NonClass: 126691K(133040K)->126691K(133040K) Class: 18792K(25216K)->18792K(25216K)
[641.700s][info][gc             ] GC(291) Pause Young (Allocation Failure) 1209M->132M(3959M) 11.754ms
[641.700s][info][gc,cpu         ] GC(291) User=0.00s Sys=0.00s Real=0.01s
[644.657s][info][gc,start       ] GC(292) Pause Young (Allocation Failure)
[644.671s][info][gc,heap        ] GC(292) DefNew: 1167716K->59298K(1258304K)
[644.671s][info][gc,heap        ] GC(292) Tenured: 86409K->86409K(2796224K)
[644.671s][info][gc,metaspace   ] GC(292) Metaspace: 145484K(158256K)->145484K(158256K) NonClass: 126691K(133040K)->126691K(133040K) Class: 18792K(25216K)->18792K(25216K)
[644.672s][info][gc             ] GC(292) Pause Young (Allocation Failure) 1224M->142M(3959M) 14.490ms
[644.672s][info][gc,cpu         ] GC(292) User=0.00s Sys=0.00s Real=0.01s
[648.178s][info][gc,start       ] GC(293) Pause Full (System.gc())
[648.180s][info][gc,phases,start] GC(293) Phase 1: Mark live objects
[648.257s][info][gc,phases      ] GC(293) Phase 1: Mark live objects 76.594ms
[648.257s][info][gc,phases,start] GC(293) Phase 2: Compute new object addresses
[648.347s][info][gc,phases      ] GC(293) Phase 2: Compute new object addresses 90.446ms
[648.347s][info][gc,phases,start] GC(293) Phase 3: Adjust pointers
[648.390s][info][gc,phases      ] GC(293) Phase 3: Adjust pointers 42.694ms
[648.390s][info][gc,phases,start] GC(293) Phase 4: Move objects
[648.395s][info][gc,phases      ] GC(293) Phase 4: Move objects 4.790ms
[648.396s][info][gc,heap        ] GC(293) DefNew: 1062821K->0K(1258304K)
[648.396s][info][gc,heap        ] GC(293) Tenured: 86409K->73188K(2796224K)
[648.396s][info][gc,metaspace   ] GC(293) Metaspace: 145490K(158256K)->145490K(158256K) NonClass: 126697K(133040K)->126697K(133040K) Class: 18792K(25216K)->18792K(25216K)
[648.396s][info][gc             ] GC(293) Pause Full (System.gc()) 1122M->71M(3959M) 217.559ms
[648.396s][info][gc,cpu         ] GC(293) User=0.20s Sys=0.00s Real=0.22s
[648.762s][info][gc,start       ] GC(294) Pause Young (Allocation Failure)
[648.772s][info][gc,heap        ] GC(294) DefNew: 1116053K->41596K(1258304K)
[648.772s][info][gc,heap        ] GC(294) Tenured: 73188K->73188K(2796224K)
[648.772s][info][gc,metaspace   ] GC(294) Metaspace: 145496K(158256K)->145496K(158256K) NonClass: 126703K(133040K)->126703K(133040K) Class: 18792K(25216K)->18792K(25216K)
[648.772s][info][gc             ] GC(294) Pause Young (Allocation Failure) 1161M->112M(3959M) 10.169ms
[648.772s][info][gc,cpu         ] GC(294) User=0.00s Sys=0.00s Real=0.00s
[649.079s][info][gc,start       ] GC(295) Pause Young (GCLocker Initiated GC)
[649.094s][info][gc,heap        ] GC(295) DefNew: 1160581K->63094K(1258304K)
[649.094s][info][gc,heap        ] GC(295) Tenured: 73188K->73188K(2796224K)
[649.094s][info][gc,metaspace   ] GC(295) Metaspace: 145496K(158256K)->145496K(158256K) NonClass: 126703K(133040K)->126703K(133040K) Class: 18792K(25216K)->18792K(25216K)
[649.094s][info][gc             ] GC(295) Pause Young (GCLocker Initiated GC) 1204M->133M(3959M) 14.659ms
[649.094s][info][gc,cpu         ] GC(295) User=0.00s Sys=0.00s Real=0.02s
[652.154s][info][gc,start       ] GC(296) Pause Young (Allocation Failure)
[652.168s][info][gc,heap        ] GC(296) DefNew: 1180956K->58153K(1258304K)
[652.168s][info][gc,heap        ] GC(296) Tenured: 73188K->73188K(2796224K)
[652.168s][info][gc,metaspace   ] GC(296) Metaspace: 145497K(158256K)->145497K(158256K) NonClass: 126704K(133040K)->126704K(133040K) Class: 18792K(25216K)->18792K(25216K)
[652.168s][info][gc             ] GC(296) Pause Young (Allocation Failure) 1224M->128M(3959M) 13.630ms
[652.168s][info][gc,cpu         ] GC(296) User=0.00s Sys=0.00s Real=0.02s
[655.530s][info][gc,start       ] GC(297) Pause Full (System.gc())
[655.531s][info][gc,phases,start] GC(297) Phase 1: Mark live objects
[655.610s][info][gc,phases      ] GC(297) Phase 1: Mark live objects 79.131ms
[655.610s][info][gc,phases,start] GC(297) Phase 2: Compute new object addresses
[655.701s][info][gc,phases      ] GC(297) Phase 2: Compute new object addresses 90.543ms
[655.701s][info][gc,phases,start] GC(297) Phase 3: Adjust pointers
[655.745s][info][gc,phases      ] GC(297) Phase 3: Adjust pointers 44.154ms
[655.745s][info][gc,phases,start] GC(297) Phase 4: Move objects
[655.747s][info][gc,phases      ] GC(297) Phase 4: Move objects 1.839ms
[655.748s][info][gc,heap        ] GC(297) DefNew: 1056473K->0K(1258304K)
[655.748s][info][gc,heap        ] GC(297) Tenured: 73188K->77710K(2796224K)
[655.748s][info][gc,metaspace   ] GC(297) Metaspace: 145510K(158256K)->145510K(158256K) NonClass: 126717K(133040K)->126717K(133040K) Class: 18792K(25216K)->18792K(25216K)
[655.748s][info][gc             ] GC(297) Pause Full (System.gc()) 1103M->75M(3959M) 218.748ms
[655.748s][info][gc,cpu         ] GC(297) User=0.20s Sys=0.00s Real=0.22s
[657.213s][info][gc,start       ] GC(298) Pause Young (Allocation Failure)
[657.258s][info][gc,heap        ] GC(298) DefNew: 1116127K->41320K(1258304K)
[657.258s][info][gc,heap        ] GC(298) Tenured: 77710K->77710K(2796224K)
[657.258s][info][gc,metaspace   ] GC(298) Metaspace: 145524K(158256K)->145524K(158256K) NonClass: 126731K(133040K)->126731K(133040K) Class: 18792K(25216K)->18792K(25216K)
[657.258s][info][gc             ] GC(298) Pause Young (Allocation Failure) 1165M->116M(3959M) 45.559ms
[657.259s][info][gc,cpu         ] GC(298) User=0.02s Sys=0.00s Real=0.05s
[659.214s][info][gc,start       ] GC(299) Pause Young (Allocation Failure)
[659.261s][info][gc,heap        ] GC(299) DefNew: 1159848K->51662K(1258304K)
[659.262s][info][gc,heap        ] GC(299) Tenured: 77710K->77710K(2796224K)
[659.262s][info][gc,metaspace   ] GC(299) Metaspace: 145527K(158256K)->145527K(158256K) NonClass: 126734K(133040K)->126734K(133040K) Class: 18792K(25216K)->18792K(25216K)
[659.262s][info][gc             ] GC(299) Pause Young (Allocation Failure) 1208M->126M(3959M) 47.633ms
[659.262s][info][gc,cpu         ] GC(299) User=0.05s Sys=0.00s Real=0.05s
[662.928s][info][gc,start       ] GC(300) Pause Young (Allocation Failure)
[662.942s][info][gc,heap        ] GC(300) DefNew: 1169307K->58100K(1258304K)
[662.942s][info][gc,heap        ] GC(300) Tenured: 77710K->77710K(2796224K)
[662.942s][info][gc,metaspace   ] GC(300) Metaspace: 145527K(158256K)->145527K(158256K) NonClass: 126734K(133040K)->126734K(133040K) Class: 18792K(25216K)->18792K(25216K)
[662.942s][info][gc             ] GC(300) Pause Young (Allocation Failure) 1217M->132M(3959M) 13.583ms
[662.942s][info][gc,cpu         ] GC(300) User=0.00s Sys=0.00s Real=0.02s
[666.292s][info][gc,start       ] GC(301) Pause Full (System.gc())
[666.294s][info][gc,phases,start] GC(301) Phase 1: Mark live objects
[666.372s][info][gc,phases      ] GC(301) Phase 1: Mark live objects 78.208ms
[666.372s][info][gc,phases,start] GC(301) Phase 2: Compute new object addresses
[666.463s][info][gc,phases      ] GC(301) Phase 2: Compute new object addresses 90.687ms
[666.463s][info][gc,phases,start] GC(301) Phase 3: Adjust pointers
[666.506s][info][gc,phases      ] GC(301) Phase 3: Adjust pointers 43.179ms
[666.506s][info][gc,phases,start] GC(301) Phase 4: Move objects
[666.508s][info][gc,phases      ] GC(301) Phase 4: Move objects 1.713ms
[666.509s][info][gc,heap        ] GC(301) DefNew: 1052612K->0K(1258304K)
[666.509s][info][gc,heap        ] GC(301) Tenured: 77710K->82236K(2796224K)
[666.509s][info][gc,metaspace   ] GC(301) Metaspace: 145571K(158256K)->145571K(158256K) NonClass: 126779K(133040K)->126779K(133040K) Class: 18792K(25216K)->18792K(25216K)
[666.509s][info][gc             ] GC(301) Pause Full (System.gc()) 1103M->80M(3959M) 216.775ms
[666.509s][info][gc,cpu         ] GC(301) User=0.20s Sys=0.00s Real=0.22s
[666.861s][info][gc,start       ] GC(302) Pause Young (Allocation Failure)
[666.872s][info][gc,heap        ] GC(302) DefNew: 1116677K->41712K(1258304K)
[666.872s][info][gc,heap        ] GC(302) Tenured: 82236K->82236K(2796224K)
[666.872s][info][gc,metaspace   ] GC(302) Metaspace: 145603K(158256K)->145603K(158256K) NonClass: 126810K(133040K)->126810K(133040K) Class: 18792K(25216K)->18792K(25216K)
[666.872s][info][gc             ] GC(302) Pause Young (Allocation Failure) 1170M->121M(3959M) 11.341ms
[666.872s][info][gc,cpu         ] GC(302) User=0.00s Sys=0.00s Real=0.00s
[667.166s][info][gc,start       ] GC(303) Pause Young (Allocation Failure)
[667.180s][info][gc,heap        ] GC(303) DefNew: 1160218K->63806K(1258304K)
[667.180s][info][gc,heap        ] GC(303) Tenured: 82236K->82236K(2796224K)
[667.180s][info][gc,metaspace   ] GC(303) Metaspace: 145603K(158256K)->145603K(158256K) NonClass: 126810K(133040K)->126810K(133040K) Class: 18792K(25216K)->18792K(25216K)
[667.180s][info][gc             ] GC(303) Pause Young (Allocation Failure) 1213M->142M(3959M) 14.188ms
[667.180s][info][gc,cpu         ] GC(303) User=0.00s Sys=0.00s Real=0.02s
[670.290s][info][gc,start       ] GC(304) Pause Young (Allocation Failure)
[670.303s][info][gc,heap        ] GC(304) DefNew: 1179474K->58154K(1258304K)
[670.303s][info][gc,heap        ] GC(304) Tenured: 82236K->82236K(2796224K)
[670.303s][info][gc,metaspace   ] GC(304) Metaspace: 145603K(158256K)->145603K(158256K) NonClass: 126810K(133040K)->126810K(133040K) Class: 18792K(25216K)->18792K(25216K)
[670.303s][info][gc             ] GC(304) Pause Young (Allocation Failure) 1232M->137M(3959M) 13.225ms
[670.303s][info][gc,cpu         ] GC(304) User=0.00s Sys=0.00s Real=0.02s
[673.667s][info][gc,start       ] GC(305) Pause Full (System.gc())
[673.668s][info][gc,phases,start] GC(305) Phase 1: Mark live objects
[673.747s][info][gc,phases      ] GC(305) Phase 1: Mark live objects 78.137ms
[673.747s][info][gc,phases,start] GC(305) Phase 2: Compute new object addresses
[673.835s][info][gc,phases      ] GC(305) Phase 2: Compute new object addresses 88.785ms
[673.835s][info][gc,phases,start] GC(305) Phase 3: Adjust pointers
[673.879s][info][gc,phases      ] GC(305) Phase 3: Adjust pointers 43.430ms
[673.879s][info][gc,phases,start] GC(305) Phase 4: Move objects
[673.881s][info][gc,phases      ] GC(305) Phase 4: Move objects 1.696ms
[673.881s][info][gc,heap        ] GC(305) DefNew: 1053650K->0K(1258304K)
[673.881s][info][gc,heap        ] GC(305) Tenured: 82236K->86763K(2796224K)
[673.881s][info][gc,metaspace   ] GC(305) Metaspace: 145603K(158256K)->145603K(158256K) NonClass: 126810K(133040K)->126810K(133040K) Class: 18792K(25216K)->18792K(25216K)
[673.882s][info][gc             ] GC(305) Pause Full (System.gc()) 1109M->84M(3959M) 214.876ms
[673.882s][info][gc,cpu         ] GC(305) User=0.23s Sys=0.00s Real=0.22s
[674.249s][info][gc,start       ] GC(306) Pause Young (Allocation Failure)
[674.258s][info][gc,heap        ] GC(306) DefNew: 1116559K->31398K(1258304K)
[674.258s][info][gc,heap        ] GC(306) Tenured: 86763K->86763K(2796224K)
[674.258s][info][gc,metaspace   ] GC(306) Metaspace: 145635K(158256K)->145635K(158256K) NonClass: 126842K(133040K)->126842K(133040K) Class: 18792K(25216K)->18792K(25216K)
[674.258s][info][gc             ] GC(306) Pause Young (Allocation Failure) 1175M->115M(3959M) 9.282ms
[674.258s][info][gc,cpu         ] GC(306) User=0.02s Sys=0.00s Real=0.02s
[674.546s][info][gc,start       ] GC(307) Pause Young (Allocation Failure)
[674.558s][info][gc,heap        ] GC(307) DefNew: 1149926K->49462K(1258304K)
[674.558s][info][gc,heap        ] GC(307) Tenured: 86763K->86763K(2796224K)
[674.558s][info][gc,metaspace   ] GC(307) Metaspace: 145635K(158256K)->145635K(158256K) NonClass: 126842K(133040K)->126842K(133040K) Class: 18792K(25216K)->18792K(25216K)
[674.558s][info][gc             ] GC(307) Pause Young (Allocation Failure) 1207M->133M(3959M) 11.870ms
[674.558s][info][gc,cpu         ] GC(307) User=0.03s Sys=0.00s Real=0.02s
[677.664s][info][gc,start       ] GC(308) Pause Young (Allocation Failure)
[677.678s][info][gc,heap        ] GC(308) DefNew: 1167990K->58692K(1258304K)
[677.678s][info][gc,heap        ] GC(308) Tenured: 86763K->86763K(2796224K)
[677.678s][info][gc,metaspace   ] GC(308) Metaspace: 145635K(158256K)->145635K(158256K) NonClass: 126842K(133040K)->126842K(133040K) Class: 18792K(25216K)->18792K(25216K)
[677.678s][info][gc             ] GC(308) Pause Young (Allocation Failure) 1225M->142M(3959M) 13.937ms
[677.678s][info][gc,cpu         ] GC(308) User=0.00s Sys=0.00s Real=0.01s
[681.042s][info][gc,start       ] GC(309) Pause Full (System.gc())
[681.043s][info][gc,phases,start] GC(309) Phase 1: Mark live objects
[681.120s][info][gc,phases      ] GC(309) Phase 1: Mark live objects 76.196ms
[681.120s][info][gc,phases,start] GC(309) Phase 2: Compute new object addresses
[681.209s][info][gc,phases      ] GC(309) Phase 2: Compute new object addresses 89.671ms
[681.209s][info][gc,phases,start] GC(309) Phase 3: Adjust pointers
[681.253s][info][gc,phases      ] GC(309) Phase 3: Adjust pointers 43.093ms
[681.253s][info][gc,phases,start] GC(309) Phase 4: Move objects
[681.259s][info][gc,phases      ] GC(309) Phase 4: Move objects 6.542ms
[681.260s][info][gc,heap        ] GC(309) DefNew: 1048231K->0K(1258304K)
[681.260s][info][gc,heap        ] GC(309) Tenured: 86763K->72465K(2796224K)
[681.260s][info][gc,metaspace   ] GC(309) Metaspace: 145638K(158256K)->145638K(158256K) NonClass: 126845K(133040K)->126845K(133040K) Class: 18792K(25216K)->18792K(25216K)
[681.260s][info][gc             ] GC(309) Pause Full (System.gc()) 1108M->70M(3959M) 218.494ms
[681.260s][info][gc,cpu         ] GC(309) User=0.16s Sys=0.00s Real=0.22s
[681.659s][info][gc,start       ] GC(310) Pause Young (Allocation Failure)
[681.671s][info][gc,heap        ] GC(310) DefNew: 1117013K->51418K(1258304K)
[681.671s][info][gc,heap        ] GC(310) Tenured: 72465K->72465K(2796224K)
[681.671s][info][gc,metaspace   ] GC(310) Metaspace: 145687K(158256K)->145687K(158256K) NonClass: 126892K(133040K)->126892K(133040K) Class: 18794K(25216K)->18794K(25216K)
[681.671s][info][gc             ] GC(310) Pause Young (Allocation Failure) 1161M->120M(3959M) 11.816ms
[681.671s][info][gc,cpu         ] GC(310) User=0.02s Sys=0.00s Real=0.02s
[681.988s][info][gc,start       ] GC(311) Pause Young (Allocation Failure)
[681.999s][info][gc,heap        ] GC(311) DefNew: 1169951K->48683K(1258304K)
[681.999s][info][gc,heap        ] GC(311) Tenured: 72465K->72465K(2796224K)
[681.999s][info][gc,metaspace   ] GC(311) Metaspace: 145703K(158256K)->145703K(158256K) NonClass: 126908K(133040K)->126908K(133040K) Class: 18794K(25216K)->18794K(25216K)
[681.999s][info][gc             ] GC(311) Pause Young (Allocation Failure) 1213M->118M(3959M) 11.320ms
[681.999s][info][gc,cpu         ] GC(311) User=0.02s Sys=0.00s Real=0.02s
[688.715s][info][gc,start       ] GC(312) Pause Young (Allocation Failure)
[688.728s][info][gc,heap        ] GC(312) DefNew: 1165534K->58201K(1258304K)
[688.728s][info][gc,heap        ] GC(312) Tenured: 72465K->72465K(2796224K)
[688.728s][info][gc,metaspace   ] GC(312) Metaspace: 145711K(158256K)->145711K(158256K) NonClass: 126917K(133040K)->126917K(133040K) Class: 18794K(25216K)->18794K(25216K)
[688.728s][info][gc             ] GC(312) Pause Young (Allocation Failure) 1208M->127M(3959M) 13.353ms
[688.728s][info][gc,cpu         ] GC(312) User=0.00s Sys=0.00s Real=0.02s
[692.073s][info][gc,start       ] GC(313) Pause Full (System.gc())
[692.074s][info][gc,phases,start] GC(313) Phase 1: Mark live objects
[692.150s][info][gc,phases      ] GC(313) Phase 1: Mark live objects 75.668ms
[692.150s][info][gc,phases,start] GC(313) Phase 2: Compute new object addresses
[692.239s][info][gc,phases      ] GC(313) Phase 2: Compute new object addresses 88.912ms
[692.239s][info][gc,phases,start] GC(313) Phase 3: Adjust pointers
[692.282s][info][gc,phases      ] GC(313) Phase 3: Adjust pointers 42.978ms
[692.282s][info][gc,phases,start] GC(313) Phase 4: Move objects
[692.284s][info][gc,phases      ] GC(313) Phase 4: Move objects 1.663ms
[692.284s][info][gc,heap        ] GC(313) DefNew: 1052012K->0K(1258304K)
[692.285s][info][gc,heap        ] GC(313) Tenured: 72465K->76996K(2796224K)
[692.285s][info][gc,metaspace   ] GC(313) Metaspace: 145717K(158256K)->145717K(158256K) NonClass: 126923K(133040K)->126923K(133040K) Class: 18794K(25216K)->18794K(25216K)
[692.285s][info][gc             ] GC(313) Pause Full (System.gc()) 1098M->75M(3959M) 212.003ms
[692.285s][info][gc,cpu         ] GC(313) User=0.17s Sys=0.00s Real=0.20s
[692.636s][info][gc,start       ] GC(314) Pause Young (Allocation Failure)
[692.645s][info][gc,heap        ] GC(314) DefNew: 1117670K->35545K(1258304K)
[692.645s][info][gc,heap        ] GC(314) Tenured: 76996K->76996K(2796224K)
[692.645s][info][gc,metaspace   ] GC(314) Metaspace: 145718K(158256K)->145718K(158256K) NonClass: 126923K(133040K)->126923K(133040K) Class: 18794K(25216K)->18794K(25216K)
[692.646s][info][gc             ] GC(314) Pause Young (Allocation Failure) 1166M->109M(3959M) 9.606ms
[692.646s][info][gc,cpu         ] GC(314) User=0.00s Sys=0.00s Real=0.00s
[692.951s][info][gc,start       ] GC(315) Pause Young (Allocation Failure)
[692.962s][info][gc,heap        ] GC(315) DefNew: 1150263K->47568K(1258304K)
[692.962s][info][gc,heap        ] GC(315) Tenured: 76996K->76996K(2796224K)
[692.962s][info][gc,metaspace   ] GC(315) Metaspace: 145718K(158256K)->145718K(158256K) NonClass: 126924K(133040K)->126924K(133040K) Class: 18794K(25216K)->18794K(25216K)
[692.962s][info][gc             ] GC(315) Pause Young (Allocation Failure) 1198M->121M(3959M) 11.453ms
[692.962s][info][gc,cpu         ] GC(315) User=0.02s Sys=0.00s Real=0.02s
[695.981s][info][gc,start       ] GC(316) Pause Young (Allocation Failure)
[695.995s][info][gc,heap        ] GC(316) DefNew: 1165154K->58507K(1258304K)
[695.995s][info][gc,heap        ] GC(316) Tenured: 76996K->76996K(2796224K)
[695.995s][info][gc,metaspace   ] GC(316) Metaspace: 145718K(158256K)->145718K(158256K) NonClass: 126924K(133040K)->126924K(133040K) Class: 18794K(25216K)->18794K(25216K)
[695.995s][info][gc             ] GC(316) Pause Young (Allocation Failure) 1213M->132M(3959M) 14.087ms
[695.995s][info][gc,cpu         ] GC(316) User=0.00s Sys=0.00s Real=0.02s
[699.422s][info][gc,start       ] GC(317) Pause Full (System.gc())
[699.424s][info][gc,phases,start] GC(317) Phase 1: Mark live objects
[699.502s][info][gc,phases      ] GC(317) Phase 1: Mark live objects 78.073ms
[699.502s][info][gc,phases,start] GC(317) Phase 2: Compute new object addresses
[699.592s][info][gc,phases      ] GC(317) Phase 2: Compute new object addresses 90.046ms
[699.592s][info][gc,phases,start] GC(317) Phase 3: Adjust pointers
[699.635s][info][gc,phases      ] GC(317) Phase 3: Adjust pointers 42.497ms
[699.635s][info][gc,phases,start] GC(317) Phase 4: Move objects
[699.637s][info][gc,phases      ] GC(317) Phase 4: Move objects 1.680ms
[699.637s][info][gc,heap        ] GC(317) DefNew: 1059830K->0K(1258304K)
[699.638s][info][gc,heap        ] GC(317) Tenured: 76996K->81511K(2796224K)
[699.638s][info][gc,metaspace   ] GC(317) Metaspace: 145726K(158256K)->145726K(158256K) NonClass: 126931K(133040K)->126931K(133040K) Class: 18794K(25216K)->18794K(25216K)
[699.638s][info][gc             ] GC(317) Pause Full (System.gc()) 1110M->79M(3959M) 215.212ms
[699.638s][info][gc,cpu         ] GC(317) User=0.19s Sys=0.00s Real=0.22s
[700.012s][info][gc,start       ] GC(318) Pause Young (Allocation Failure)
[700.023s][info][gc,heap        ] GC(318) DefNew: 1117793K->41159K(1258304K)
[700.023s][info][gc,heap        ] GC(318) Tenured: 81511K->81511K(2796224K)
[700.023s][info][gc,metaspace   ] GC(318) Metaspace: 145728K(158256K)->145728K(158256K) NonClass: 126933K(133040K)->126933K(133040K) Class: 18794K(25216K)->18794K(25216K)
[700.023s][info][gc             ] GC(318) Pause Young (Allocation Failure) 1171M->119M(3959M) 10.427ms
[700.023s][info][gc,cpu         ] GC(318) User=0.00s Sys=0.00s Real=0.01s
[700.326s][info][gc,start       ] GC(319) Pause Young (Allocation Failure)
[700.337s][info][gc,heap        ] GC(319) DefNew: 1159687K->49125K(1258304K)
[700.337s][info][gc,heap        ] GC(319) Tenured: 81511K->81511K(2796224K)
[700.337s][info][gc,metaspace   ] GC(319) Metaspace: 145728K(158256K)->145728K(158256K) NonClass: 126933K(133040K)->126933K(133040K) Class: 18794K(25216K)->18794K(25216K)
[700.338s][info][gc             ] GC(319) Pause Young (Allocation Failure) 1212M->127M(3959M) 11.429ms
[700.338s][info][gc,cpu         ] GC(319) User=0.02s Sys=0.00s Real=0.02s
[703.433s][info][gc,start       ] GC(320) Pause Young (Allocation Failure)
[703.447s][info][gc,heap        ] GC(320) DefNew: 1163894K->58148K(1258304K)
[703.447s][info][gc,heap        ] GC(320) Tenured: 81511K->81511K(2796224K)
[703.447s][info][gc,metaspace   ] GC(320) Metaspace: 145728K(158256K)->145728K(158256K) NonClass: 126933K(133040K)->126933K(133040K) Class: 18794K(25216K)->18794K(25216K)
[703.447s][info][gc             ] GC(320) Pause Young (Allocation Failure) 1216M->136M(3959M) 13.609ms
[703.447s][info][gc,cpu         ] GC(320) User=0.00s Sys=0.00s Real=0.02s
[706.795s][info][gc,start       ] GC(321) Pause Full (System.gc())
[706.797s][info][gc,phases,start] GC(321) Phase 1: Mark live objects
[706.875s][info][gc,phases      ] GC(321) Phase 1: Mark live objects 78.215ms
[706.875s][info][gc,phases,start] GC(321) Phase 2: Compute new object addresses
[707.025s][info][gc,phases      ] GC(321) Phase 2: Compute new object addresses 149.309ms
[707.025s][info][gc,phases,start] GC(321) Phase 3: Adjust pointers
[707.353s][info][gc,phases      ] GC(321) Phase 3: Adjust pointers 327.623ms
[707.353s][info][gc,phases,start] GC(321) Phase 4: Move objects
[707.363s][info][gc,phases      ] GC(321) Phase 4: Move objects 10.005ms
[707.366s][info][gc,heap        ] GC(321) DefNew: 1053425K->0K(1258304K)
[707.366s][info][gc,heap        ] GC(321) Tenured: 81511K->86039K(2796224K)
[707.366s][info][gc,metaspace   ] GC(321) Metaspace: 145728K(158256K)->145728K(158256K) NonClass: 126933K(133040K)->126933K(133040K) Class: 18794K(25216K)->18794K(25216K)
[707.366s][info][gc             ] GC(321) Pause Full (System.gc()) 1108M->84M(3959M) 571.014ms
[707.367s][info][gc,cpu         ] GC(321) User=0.58s Sys=0.00s Real=0.58s
[710.177s][info][gc,start       ] GC(322) Pause Young (Allocation Failure)
[710.224s][info][gc,heap        ] GC(322) DefNew: 1117279K->33331K(1258304K)
[710.224s][info][gc,heap        ] GC(322) Tenured: 86039K->86039K(2796224K)
[710.225s][info][gc,metaspace   ] GC(322) Metaspace: 145735K(158256K)->145735K(158256K) NonClass: 126938K(133040K)->126938K(133040K) Class: 18796K(25216K)->18796K(25216K)
[710.225s][info][gc             ] GC(322) Pause Young (Allocation Failure) 1175M->116M(3959M) 47.295ms
[710.225s][info][gc,cpu         ] GC(322) User=0.03s Sys=0.00s Real=0.05s
[711.235s][info][gc,start       ] GC(323) Pause Young (Allocation Failure)
[711.247s][info][gc,heap        ] GC(323) DefNew: 1148020K->57912K(1258304K)
[711.247s][info][gc,heap        ] GC(323) Tenured: 86039K->86039K(2796224K)
[711.247s][info][gc,metaspace   ] GC(323) Metaspace: 145735K(158256K)->145735K(158256K) NonClass: 126938K(133040K)->126938K(133040K) Class: 18796K(25216K)->18796K(25216K)
[711.247s][info][gc             ] GC(323) Pause Young (Allocation Failure) 1205M->140M(3959M) 12.575ms
[711.247s][info][gc,cpu         ] GC(323) User=0.00s Sys=0.00s Real=0.00s
[714.203s][info][gc,start       ] GC(324) Pause Young (Allocation Failure)
[714.216s][info][gc,heap        ] GC(324) DefNew: 1175844K->58351K(1258304K)
[714.216s][info][gc,heap        ] GC(324) Tenured: 86039K->86039K(2796224K)
[714.216s][info][gc,metaspace   ] GC(324) Metaspace: 145735K(158256K)->145735K(158256K) NonClass: 126938K(133040K)->126938K(133040K) Class: 18796K(25216K)->18796K(25216K)
[714.216s][info][gc             ] GC(324) Pause Young (Allocation Failure) 1232M->141M(3959M) 13.822ms
[714.216s][info][gc,cpu         ] GC(324) User=0.00s Sys=0.00s Real=0.02s
[717.601s][info][gc,start       ] GC(325) Pause Full (System.gc())
[717.603s][info][gc,phases,start] GC(325) Phase 1: Mark live objects
[717.683s][info][gc,phases      ] GC(325) Phase 1: Mark live objects 79.349ms
[717.683s][info][gc,phases,start] GC(325) Phase 2: Compute new object addresses
[717.774s][info][gc,phases      ] GC(325) Phase 2: Compute new object addresses 91.364ms
[717.774s][info][gc,phases,start] GC(325) Phase 3: Adjust pointers
[717.819s][info][gc,phases      ] GC(325) Phase 3: Adjust pointers 44.787ms
[717.819s][info][gc,phases,start] GC(325) Phase 4: Move objects
[717.826s][info][gc,phases      ] GC(325) Phase 4: Move objects 6.732ms
[717.827s][info][gc,heap        ] GC(325) DefNew: 1060733K->0K(1258304K)
[717.827s][info][gc,heap        ] GC(325) Tenured: 86039K->72730K(2796224K)
[717.827s][info][gc,metaspace   ] GC(325) Metaspace: 145741K(158256K)->145741K(158256K) NonClass: 126945K(133040K)->126945K(133040K) Class: 18796K(25216K)->18796K(25216K)
[717.827s][info][gc             ] GC(325) Pause Full (System.gc()) 1119M->71M(3959M) 225.566ms
[717.827s][info][gc,cpu         ] GC(325) User=0.23s Sys=0.00s Real=0.24s
[718.189s][info][gc,start       ] GC(326) Pause Young (Allocation Failure)
[718.198s][info][gc,heap        ] GC(326) DefNew: 1114934K->35264K(1258304K)
[718.198s][info][gc,heap        ] GC(326) Tenured: 72730K->72730K(2796224K)
[718.198s][info][gc,metaspace   ] GC(326) Metaspace: 145752K(158256K)->145752K(158256K) NonClass: 126956K(133040K)->126956K(133040K) Class: 18796K(25216K)->18796K(25216K)
[718.198s][info][gc             ] GC(326) Pause Young (Allocation Failure) 1159M->105M(3959M) 9.479ms
[718.198s][info][gc,cpu         ] GC(326) User=0.02s Sys=0.00s Real=0.00s
[718.491s][info][gc,start       ] GC(327) Pause Young (Allocation Failure)
[718.504s][info][gc,heap        ] GC(327) DefNew: 1152470K->63806K(1258304K)
[718.504s][info][gc,heap        ] GC(327) Tenured: 72730K->72730K(2796224K)
[718.504s][info][gc,metaspace   ] GC(327) Metaspace: 145752K(158256K)->145752K(158256K) NonClass: 126956K(133040K)->126956K(133040K) Class: 18796K(25216K)->18796K(25216K)
[718.504s][info][gc             ] GC(327) Pause Young (Allocation Failure) 1196M->133M(3959M) 13.211ms
[718.504s][info][gc,cpu         ] GC(327) User=0.00s Sys=0.00s Real=0.02s
[721.584s][info][gc,start       ] GC(328) Pause Young (Allocation Failure)
[721.597s][info][gc,heap        ] GC(328) DefNew: 1182334K->58054K(1258304K)
[721.597s][info][gc,heap        ] GC(328) Tenured: 72730K->72730K(2796224K)
[721.597s][info][gc,metaspace   ] GC(328) Metaspace: 145752K(158256K)->145752K(158256K) NonClass: 126956K(133040K)->126956K(133040K) Class: 18796K(25216K)->18796K(25216K)
[721.597s][info][gc             ] GC(328) Pause Young (Allocation Failure) 1225M->127M(3959M) 13.436ms
[721.597s][info][gc,cpu         ] GC(328) User=0.00s Sys=0.00s Real=0.02s
[724.970s][info][gc,start       ] GC(329) Pause Full (System.gc())
[724.972s][info][gc,phases,start] GC(329) Phase 1: Mark live objects
[725.047s][info][gc,phases      ] GC(329) Phase 1: Mark live objects 75.247ms
[725.047s][info][gc,phases,start] GC(329) Phase 2: Compute new object addresses
[725.136s][info][gc,phases      ] GC(329) Phase 2: Compute new object addresses 88.212ms
[725.136s][info][gc,phases,start] GC(329) Phase 3: Adjust pointers
[725.178s][info][gc,phases      ] GC(329) Phase 3: Adjust pointers 42.864ms
[725.179s][info][gc,phases,start] GC(329) Phase 4: Move objects
[725.180s][info][gc,phases      ] GC(329) Phase 4: Move objects 1.641ms
[725.181s][info][gc,heap        ] GC(329) DefNew: 1054951K->0K(1258304K)
[725.181s][info][gc,heap        ] GC(329) Tenured: 72730K->77266K(2796224K)
[725.181s][info][gc,metaspace   ] GC(329) Metaspace: 145763K(158256K)->145763K(158256K) NonClass: 126967K(133040K)->126967K(133040K) Class: 18796K(25216K)->18796K(25216K)
[725.181s][info][gc             ] GC(329) Pause Full (System.gc()) 1101M->75M(3959M) 210.790ms
[725.181s][info][gc,cpu         ] GC(329) User=0.17s Sys=0.00s Real=0.20s
[725.538s][info][gc,start       ] GC(330) Pause Young (GCLocker Initiated GC)
[725.549s][info][gc,heap        ] GC(330) DefNew: 1123884K->41824K(1258304K)
[725.549s][info][gc,heap        ] GC(330) Tenured: 77266K->77266K(2796224K)
[725.549s][info][gc,metaspace   ] GC(330) Metaspace: 145774K(158256K)->145774K(158256K) NonClass: 126977K(133040K)->126977K(133040K) Class: 18796K(25216K)->18796K(25216K)
[725.549s][info][gc             ] GC(330) Pause Young (GCLocker Initiated GC) 1172M->116M(3959M) 10.810ms
[725.549s][info][gc,cpu         ] GC(330) User=0.00s Sys=0.00s Real=0.02s
[725.842s][info][gc,start       ] GC(331) Pause Young (Allocation Failure)
[725.854s][info][gc,heap        ] GC(331) DefNew: 1158885K->53958K(1258304K)
[725.854s][info][gc,heap        ] GC(331) Tenured: 77266K->77266K(2796224K)
[725.854s][info][gc,metaspace   ] GC(331) Metaspace: 145774K(158256K)->145774K(158256K) NonClass: 126977K(133040K)->126977K(133040K) Class: 18796K(25216K)->18796K(25216K)
[725.854s][info][gc             ] GC(331) Pause Young (Allocation Failure) 1207M->128M(3959M) 11.882ms
[725.854s][info][gc,cpu         ] GC(331) User=0.00s Sys=0.00s Real=0.00s
[728.993s][info][gc,start       ] GC(332) Pause Young (GCLocker Initiated GC)
[729.008s][info][gc,heap        ] GC(332) DefNew: 1172486K->61199K(1258304K)
[729.008s][info][gc,heap        ] GC(332) Tenured: 77266K->77266K(2796224K)
[729.008s][info][gc,metaspace   ] GC(332) Metaspace: 145774K(158256K)->145774K(158256K) NonClass: 126977K(133040K)->126977K(133040K) Class: 18796K(25216K)->18796K(25216K)
[729.008s][info][gc             ] GC(332) Pause Young (GCLocker Initiated GC) 1220M->135M(3959M) 15.121ms
[729.008s][info][gc,cpu         ] GC(332) User=0.00s Sys=0.00s Real=0.02s
[732.375s][info][gc,start       ] GC(333) Pause Full (System.gc())
[732.377s][info][gc,phases,start] GC(333) Phase 1: Mark live objects
[732.454s][info][gc,phases      ] GC(333) Phase 1: Mark live objects 76.993ms
[732.454s][info][gc,phases,start] GC(333) Phase 2: Compute new object addresses
[732.541s][info][gc,phases      ] GC(333) Phase 2: Compute new object addresses 87.374ms
[732.541s][info][gc,phases,start] GC(333) Phase 3: Adjust pointers
[732.584s][info][gc,phases      ] GC(333) Phase 3: Adjust pointers 43.008ms
[732.584s][info][gc,phases,start] GC(333) Phase 4: Move objects
[732.586s][info][gc,phases      ] GC(333) Phase 4: Move objects 1.694ms
[732.587s][info][gc,heap        ] GC(333) DefNew: 1041629K->0K(1258304K)
[732.587s][info][gc,heap        ] GC(333) Tenured: 77266K->81709K(2796224K)
[732.587s][info][gc,metaspace   ] GC(333) Metaspace: 145774K(158256K)->145774K(158256K) NonClass: 126977K(133040K)->126977K(133040K) Class: 18796K(25216K)->18796K(25216K)
[732.587s][info][gc             ] GC(333) Pause Full (System.gc()) 1092M->79M(3959M) 212.359ms
[732.587s][info][gc,cpu         ] GC(333) User=0.19s Sys=0.00s Real=0.21s
[732.975s][info][gc,start       ] GC(334) Pause Young (Allocation Failure)
[732.985s][info][gc,heap        ] GC(334) DefNew: 1115908K->35463K(1258304K)
[732.985s][info][gc,heap        ] GC(334) Tenured: 81709K->81709K(2796224K)
[732.985s][info][gc,metaspace   ] GC(334) Metaspace: 145779K(158256K)->145779K(158256K) NonClass: 126983K(133040K)->126983K(133040K) Class: 18796K(25216K)->18796K(25216K)
[732.985s][info][gc             ] GC(334) Pause Young (Allocation Failure) 1169M->114M(3959M) 9.543ms
[732.985s][info][gc,cpu         ] GC(334) User=0.00s Sys=0.00s Real=0.02s
[733.290s][info][gc,start       ] GC(335) Pause Young (Allocation Failure)
[733.301s][info][gc,heap        ] GC(335) DefNew: 1153991K->50609K(1258304K)
[733.301s][info][gc,heap        ] GC(335) Tenured: 81709K->81709K(2796224K)
[733.301s][info][gc,metaspace   ] GC(335) Metaspace: 145779K(158256K)->145779K(158256K) NonClass: 126983K(133040K)->126983K(133040K) Class: 18796K(25216K)->18796K(25216K)
[733.301s][info][gc             ] GC(335) Pause Young (Allocation Failure) 1206M->129M(3959M) 11.418ms
[733.301s][info][gc,cpu         ] GC(335) User=0.02s Sys=0.00s Real=0.01s
[736.429s][info][gc,start       ] GC(336) Pause Young (Allocation Failure)
[736.443s][info][gc,heap        ] GC(336) DefNew: 1165994K->58092K(1258304K)
[736.443s][info][gc,heap        ] GC(336) Tenured: 81709K->81709K(2796224K)
[736.443s][info][gc,metaspace   ] GC(336) Metaspace: 145779K(158256K)->145779K(158256K) NonClass: 126983K(133040K)->126983K(133040K) Class: 18796K(25216K)->18796K(25216K)
[736.443s][info][gc             ] GC(336) Pause Young (Allocation Failure) 1218M->136M(3959M) 13.560ms
[736.443s][info][gc,cpu         ] GC(336) User=0.00s Sys=0.00s Real=0.02s
[741.503s][info][gc,start       ] GC(337) Pause Full (System.gc())
[741.513s][info][gc,phases,start] GC(337) Phase 1: Mark live objects
[741.980s][info][gc,phases      ] GC(337) Phase 1: Mark live objects 466.575ms
[741.980s][info][gc,phases,start] GC(337) Phase 2: Compute new object addresses
[742.673s][info][gc,phases      ] GC(337) Phase 2: Compute new object addresses 693.267ms
[742.673s][info][gc,phases,start] GC(337) Phase 3: Adjust pointers
[742.994s][info][gc,phases      ] GC(337) Phase 3: Adjust pointers 320.458ms
[742.994s][info][gc,phases,start] GC(337) Phase 4: Move objects
[743.005s][info][gc,phases      ] GC(337) Phase 4: Move objects 10.993ms
[743.008s][info][gc,heap        ] GC(337) DefNew: 1056552K->0K(1258304K)
[743.008s][info][gc,heap        ] GC(337) Tenured: 81709K->86235K(2796224K)
[743.008s][info][gc,metaspace   ] GC(337) Metaspace: 145779K(158256K)->145779K(158256K) NonClass: 126983K(133040K)->126983K(133040K) Class: 18796K(25216K)->18796K(25216K)
[743.008s][info][gc             ] GC(337) Pause Full (System.gc()) 1111M->84M(3959M) 1505.291ms
[743.009s][info][gc,cpu         ] GC(337) User=1.17s Sys=0.00s Real=1.50s
[743.991s][info][gc,start       ] GC(338) Pause Young (Allocation Failure)
[744.001s][info][gc,heap        ] GC(338) DefNew: 1115870K->37451K(1258304K)
[744.001s][info][gc,heap        ] GC(338) Tenured: 86235K->86235K(2796224K)
[744.001s][info][gc,metaspace   ] GC(338) Metaspace: 145805K(158512K)->145805K(158512K) NonClass: 127006K(133296K)->127006K(133296K) Class: 18799K(25216K)->18799K(25216K)
[744.001s][info][gc             ] GC(338) Pause Young (Allocation Failure) 1173M->120M(3959M) 9.870ms
[744.001s][info][gc,cpu         ] GC(338) User=0.00s Sys=0.00s Real=0.00s
[744.287s][info][gc,start       ] GC(339) Pause Young (Allocation Failure)
[744.299s][info][gc,heap        ] GC(339) DefNew: 1153204K->53888K(1258304K)
[744.300s][info][gc,heap        ] GC(339) Tenured: 86235K->86235K(2796224K)
[744.300s][info][gc,metaspace   ] GC(339) Metaspace: 145805K(158512K)->145805K(158512K) NonClass: 127006K(133296K)->127006K(133296K) Class: 18799K(25216K)->18799K(25216K)
[744.300s][info][gc             ] GC(339) Pause Young (Allocation Failure) 1210M->136M(3959M) 12.933ms
[744.300s][info][gc,cpu         ] GC(339) User=0.02s Sys=0.00s Real=0.02s
[747.271s][info][gc,start       ] GC(340) Pause Young (Allocation Failure)
[747.286s][info][gc,heap        ] GC(340) DefNew: 1172416K->58464K(1258304K)
[747.286s][info][gc,heap        ] GC(340) Tenured: 86235K->86235K(2796224K)
[747.286s][info][gc,metaspace   ] GC(340) Metaspace: 145805K(158512K)->145805K(158512K) NonClass: 127006K(133296K)->127006K(133296K) Class: 18799K(25216K)->18799K(25216K)
[747.286s][info][gc             ] GC(340) Pause Young (Allocation Failure) 1229M->141M(3959M) 15.294ms
[747.286s][info][gc,cpu         ] GC(340) User=0.02s Sys=0.00s Real=0.02s
[750.718s][info][gc,start       ] GC(341) Pause Full (System.gc())
[750.720s][info][gc,phases,start] GC(341) Phase 1: Mark live objects
[750.797s][info][gc,phases      ] GC(341) Phase 1: Mark live objects 76.653ms
[750.797s][info][gc,phases,start] GC(341) Phase 2: Compute new object addresses
[750.887s][info][gc,phases      ] GC(341) Phase 2: Compute new object addresses 89.783ms
[750.887s][info][gc,phases,start] GC(341) Phase 3: Adjust pointers
[750.931s][info][gc,phases      ] GC(341) Phase 3: Adjust pointers 44.111ms
[750.931s][info][gc,phases,start] GC(341) Phase 4: Move objects
[750.938s][info][gc,phases      ] GC(341) Phase 4: Move objects 6.535ms
[750.939s][info][gc,heap        ] GC(341) DefNew: 1059420K->0K(1258304K)
[750.939s][info][gc,heap        ] GC(341) Tenured: 86235K->72893K(2796224K)
[750.939s][info][gc,metaspace   ] GC(341) Metaspace: 145805K(158512K)->145805K(158512K) NonClass: 127006K(133296K)->127006K(133296K) Class: 18799K(25216K)->18799K(25216K)
[750.939s][info][gc             ] GC(341) Pause Full (System.gc()) 1118M->71M(3959M) 220.332ms
[750.939s][info][gc,cpu         ] GC(341) User=0.22s Sys=0.00s Real=0.22s
[751.283s][info][gc,start       ] GC(342) Pause Young (GCLocker Initiated GC)
[751.294s][info][gc,heap        ] GC(342) DefNew: 1126566K->43370K(1258304K)
[751.294s][info][gc,heap        ] GC(342) Tenured: 72893K->72893K(2796224K)
[751.294s][info][gc,metaspace   ] GC(342) Metaspace: 145859K(158512K)->145859K(158512K) NonClass: 127058K(133296K)->127058K(133296K) Class: 18800K(25216K)->18800K(25216K)
[751.294s][info][gc             ] GC(342) Pause Young (GCLocker Initiated GC) 1171M->113M(3959M) 10.579ms
[751.294s][info][gc,cpu         ] GC(342) User=0.00s Sys=0.00s Real=0.01s
[751.585s][info][gc,start       ] GC(343) Pause Young (Allocation Failure)
[751.597s][info][gc,heap        ] GC(343) DefNew: 1160087K->58215K(1258304K)
[751.597s][info][gc,heap        ] GC(343) Tenured: 72893K->72893K(2796224K)
[751.597s][info][gc,metaspace   ] GC(343) Metaspace: 145859K(158512K)->145859K(158512K) NonClass: 127058K(133296K)->127058K(133296K) Class: 18800K(25216K)->18800K(25216K)
[751.598s][info][gc             ] GC(343) Pause Young (Allocation Failure) 1204M->128M(3959M) 12.479ms
[751.598s][info][gc,cpu         ] GC(343) User=0.00s Sys=0.00s Real=0.02s
[754.715s][info][gc,start       ] GC(344) Pause Young (Allocation Failure)
[754.731s][info][gc,heap        ] GC(344) DefNew: 1176743K->59400K(1258304K)
[754.731s][info][gc,heap        ] GC(344) Tenured: 72893K->72893K(2796224K)
[754.731s][info][gc,metaspace   ] GC(344) Metaspace: 145859K(158512K)->145859K(158512K) NonClass: 127058K(133296K)->127058K(133296K) Class: 18800K(25216K)->18800K(25216K)
[754.731s][info][gc             ] GC(344) Pause Young (Allocation Failure) 1220M->129M(3959M) 15.571ms
[754.731s][info][gc,cpu         ] GC(344) User=0.00s Sys=0.00s Real=0.02s
[758.106s][info][gc,start       ] GC(345) Pause Full (System.gc())
[758.108s][info][gc,phases,start] GC(345) Phase 1: Mark live objects
[758.186s][info][gc,phases      ] GC(345) Phase 1: Mark live objects 77.494ms
[758.186s][info][gc,phases,start] GC(345) Phase 2: Compute new object addresses
[758.274s][info][gc,phases      ] GC(345) Phase 2: Compute new object addresses 88.223ms
[758.274s][info][gc,phases,start] GC(345) Phase 3: Adjust pointers
[758.318s][info][gc,phases      ] GC(345) Phase 3: Adjust pointers 43.638ms
[758.318s][info][gc,phases,start] GC(345) Phase 4: Move objects
[758.320s][info][gc,phases      ] GC(345) Phase 4: Move objects 1.791ms
[758.320s][info][gc,heap        ] GC(345) DefNew: 1050014K->0K(1258304K)
[758.320s][info][gc,heap        ] GC(345) Tenured: 72893K->77341K(2796224K)
[758.320s][info][gc,metaspace   ] GC(345) Metaspace: 145865K(158512K)->145865K(158512K) NonClass: 127065K(133296K)->127065K(133296K) Class: 18800K(25216K)->18800K(25216K)
[758.321s][info][gc             ] GC(345) Pause Full (System.gc()) 1096M->75M(3959M) 214.274ms
[758.321s][info][gc,cpu         ] GC(345) User=0.20s Sys=0.00s Real=0.22s
[758.690s][info][gc,start       ] GC(346) Pause Young (Allocation Failure)
[758.700s][info][gc,heap        ] GC(346) DefNew: 1115987K->41772K(1258304K)
[758.700s][info][gc,heap        ] GC(346) Tenured: 77341K->77341K(2796224K)
[758.700s][info][gc,metaspace   ] GC(346) Metaspace: 145927K(158512K)->145927K(158512K) NonClass: 127126K(133296K)->127126K(133296K) Class: 18800K(25216K)->18800K(25216K)
[758.700s][info][gc             ] GC(346) Pause Young (Allocation Failure) 1165M->116M(3959M) 10.077ms
[758.700s][info][gc,cpu         ] GC(346) User=0.00s Sys=0.00s Real=0.02s
[759.006s][info][gc,start       ] GC(347) Pause Young (Allocation Failure)
[759.018s][info][gc,heap        ] GC(347) DefNew: 1160300K->49679K(1258304K)
[759.018s][info][gc,heap        ] GC(347) Tenured: 77341K->77341K(2796224K)
[759.018s][info][gc,metaspace   ] GC(347) Metaspace: 145927K(158512K)->145927K(158512K) NonClass: 127126K(133296K)->127126K(133296K) Class: 18800K(25216K)->18800K(25216K)
[759.018s][info][gc             ] GC(347) Pause Young (Allocation Failure) 1208M->124M(3959M) 12.217ms
[759.018s][info][gc,cpu         ] GC(347) User=0.02s Sys=0.00s Real=0.02s
[775.581s][info][gc,start       ] GC(348) Pause Young (Allocation Failure)
[775.595s][info][gc,heap        ] GC(348) DefNew: 1168207K->58639K(1258304K)
[775.595s][info][gc,heap        ] GC(348) Tenured: 77341K->77341K(2796224K)
[775.595s][info][gc,metaspace   ] GC(348) Metaspace: 145930K(158512K)->145930K(158512K) NonClass: 127129K(133296K)->127129K(133296K) Class: 18800K(25216K)->18800K(25216K)
[775.595s][info][gc             ] GC(348) Pause Young (Allocation Failure) 1216M->132M(3959M) 14.911ms
[775.595s][info][gc,cpu         ] GC(348) User=0.00s Sys=0.00s Real=0.02s
[779.778s][info][gc,start       ] GC(349) Pause Full (System.gc())
[779.783s][info][gc,phases,start] GC(349) Phase 1: Mark live objects
[779.866s][info][gc,phases      ] GC(349) Phase 1: Mark live objects 82.771ms
[779.866s][info][gc,phases,start] GC(349) Phase 2: Compute new object addresses
[779.971s][info][gc,phases      ] GC(349) Phase 2: Compute new object addresses 104.950ms
[779.971s][info][gc,phases,start] GC(349) Phase 3: Adjust pointers
[780.018s][info][gc,phases      ] GC(349) Phase 3: Adjust pointers 46.754ms
[780.018s][info][gc,phases,start] GC(349) Phase 4: Move objects
[780.019s][info][gc,phases      ] GC(349) Phase 4: Move objects 1.683ms
[780.020s][info][gc,heap        ] GC(349) DefNew: 1052866K->0K(1258304K)
[780.020s][info][gc,heap        ] GC(349) Tenured: 77341K->81796K(2796224K)
[780.020s][info][gc,metaspace   ] GC(349) Metaspace: 145959K(158512K)->145959K(158512K) NonClass: 127158K(133296K)->127158K(133296K) Class: 18800K(25216K)->18800K(25216K)
[780.020s][info][gc             ] GC(349) Pause Full (System.gc()) 1103M->79M(3959M) 241.843ms
[780.020s][info][gc,cpu         ] GC(349) User=0.20s Sys=0.00s Real=0.24s
[780.529s][info][gc,start       ] GC(350) Pause Young (Allocation Failure)
[780.540s][info][gc,heap        ] GC(350) DefNew: 1116453K->41612K(1258304K)
[780.540s][info][gc,heap        ] GC(350) Tenured: 81796K->81796K(2796224K)
[780.540s][info][gc,metaspace   ] GC(350) Metaspace: 145959K(158512K)->145959K(158512K) NonClass: 127158K(133296K)->127158K(133296K) Class: 18800K(25216K)->18800K(25216K)
[780.540s][info][gc             ] GC(350) Pause Young (Allocation Failure) 1170M->120M(3959M) 10.454ms
[780.540s][info][gc,cpu         ] GC(350) User=0.02s Sys=0.00s Real=0.00s
[780.893s][info][gc,start       ] GC(351) Pause Young (Allocation Failure)
[780.906s][info][gc,heap        ] GC(351) DefNew: 1157299K->55248K(1258304K)
[780.906s][info][gc,heap        ] GC(351) Tenured: 81796K->81796K(2796224K)
[780.906s][info][gc,metaspace   ] GC(351) Metaspace: 145959K(158512K)->145959K(158512K) NonClass: 127158K(133296K)->127158K(133296K) Class: 18800K(25216K)->18800K(25216K)
[780.906s][info][gc             ] GC(351) Pause Young (Allocation Failure) 1210M->133M(3959M) 13.073ms
[780.906s][info][gc,cpu         ] GC(351) User=0.03s Sys=0.00s Real=0.01s
[784.637s][info][gc,start       ] GC(352) Pause Young (Allocation Failure)
[784.653s][info][gc,heap        ] GC(352) DefNew: 1173776K->59431K(1258304K)
[784.653s][info][gc,heap        ] GC(352) Tenured: 81796K->81796K(2796224K)
[784.653s][info][gc,metaspace   ] GC(352) Metaspace: 145959K(158512K)->145959K(158512K) NonClass: 127158K(133296K)->127158K(133296K) Class: 18800K(25216K)->18800K(25216K)
[784.653s][info][gc             ] GC(352) Pause Young (Allocation Failure) 1226M->137M(3959M) 16.182ms
[784.653s][info][gc,cpu         ] GC(352) User=0.02s Sys=0.00s Real=0.02s
[789.107s][info][gc,start       ] GC(353) Pause Full (System.gc())
[789.109s][info][gc,phases,start] GC(353) Phase 1: Mark live objects
[789.193s][info][gc,phases      ] GC(353) Phase 1: Mark live objects 83.700ms
[789.193s][info][gc,phases,start] GC(353) Phase 2: Compute new object addresses
[789.298s][info][gc,phases      ] GC(353) Phase 2: Compute new object addresses 105.637ms
[789.298s][info][gc,phases,start] GC(353) Phase 3: Adjust pointers
[789.345s][info][gc,phases      ] GC(353) Phase 3: Adjust pointers 47.025ms
[789.345s][info][gc,phases,start] GC(353) Phase 4: Move objects
[789.347s][info][gc,phases      ] GC(353) Phase 4: Move objects 1.823ms
[789.348s][info][gc,heap        ] GC(353) DefNew: 1063023K->0K(1258304K)
[789.348s][info][gc,heap        ] GC(353) Tenured: 81796K->86333K(2796224K)
[789.348s][info][gc,metaspace   ] GC(353) Metaspace: 145961K(158512K)->145961K(158512K) NonClass: 127160K(133296K)->127160K(133296K) Class: 18800K(25216K)->18800K(25216K)
[789.348s][info][gc             ] GC(353) Pause Full (System.gc()) 1117M->84M(3959M) 241.366ms
[789.348s][info][gc,cpu         ] GC(353) User=0.22s Sys=0.00s Real=0.24s
[789.810s][info][gc,start       ] GC(354) Pause Young (Allocation Failure)
[789.820s][info][gc,heap        ] GC(354) DefNew: 1116515K->37156K(1258304K)
[789.820s][info][gc,heap        ] GC(354) Tenured: 86333K->86333K(2796224K)
[789.820s][info][gc,metaspace   ] GC(354) Metaspace: 145961K(158512K)->145961K(158512K) NonClass: 127160K(133296K)->127160K(133296K) Class: 18800K(25216K)->18800K(25216K)
[789.820s][info][gc             ] GC(354) Pause Young (Allocation Failure) 1174M->120M(3959M) 10.118ms
[789.820s][info][gc,cpu         ] GC(354) User=0.00s Sys=0.00s Real=0.02s
[790.159s][info][gc,start       ] GC(355) Pause Young (Allocation Failure)
[790.173s][info][gc,heap        ] GC(355) DefNew: 1155684K->53821K(1258304K)
[790.173s][info][gc,heap        ] GC(355) Tenured: 86333K->86333K(2796224K)
[790.173s][info][gc,metaspace   ] GC(355) Metaspace: 145961K(158512K)->145961K(158512K) NonClass: 127160K(133296K)->127160K(133296K) Class: 18800K(25216K)->18800K(25216K)
[790.173s][info][gc             ] GC(355) Pause Young (Allocation Failure) 1212M->136M(3959M) 13.655ms
[790.173s][info][gc,cpu         ] GC(355) User=0.02s Sys=0.00s Real=0.02s
[794.153s][info][gc,start       ] GC(356) Pause Young (Allocation Failure)
[794.168s][info][gc,heap        ] GC(356) DefNew: 1172349K->58523K(1258304K)
[794.168s][info][gc,heap        ] GC(356) Tenured: 86333K->86333K(2796224K)
[794.168s][info][gc,metaspace   ] GC(356) Metaspace: 145961K(158512K)->145961K(158512K) NonClass: 127160K(133296K)->127160K(133296K) Class: 18800K(25216K)->18800K(25216K)
[794.168s][info][gc             ] GC(356) Pause Young (Allocation Failure) 1229M->141M(3959M) 15.595ms
[794.169s][info][gc,cpu         ] GC(356) User=0.00s Sys=0.00s Real=0.02s
[798.557s][info][gc,start       ] GC(357) Pause Full (System.gc())
[798.560s][info][gc,phases,start] GC(357) Phase 1: Mark live objects
[798.645s][info][gc,phases      ] GC(357) Phase 1: Mark live objects 84.917ms
[798.645s][info][gc,phases,start] GC(357) Phase 2: Compute new object addresses
[798.742s][info][gc,phases      ] GC(357) Phase 2: Compute new object addresses 97.150ms
[798.742s][info][gc,phases,start] GC(357) Phase 3: Adjust pointers
[798.789s][info][gc,phases      ] GC(357) Phase 3: Adjust pointers 47.059ms
[798.789s][info][gc,phases,start] GC(357) Phase 4: Move objects
[798.796s][info][gc,phases      ] GC(357) Phase 4: Move objects 7.121ms
[798.797s][info][gc,heap        ] GC(357) DefNew: 1060568K->0K(1258304K)
[798.797s][info][gc,heap        ] GC(357) Tenured: 86333K->73069K(2796224K)
[798.797s][info][gc,metaspace   ] GC(357) Metaspace: 145961K(158512K)->145961K(158512K) NonClass: 127160K(133296K)->127160K(133296K) Class: 18800K(25216K)->18800K(25216K)
[798.797s][info][gc             ] GC(357) Pause Full (System.gc()) 1120M->71M(3959M) 239.581ms
[798.797s][info][gc,cpu         ] GC(357) User=0.19s Sys=0.00s Real=0.25s
[799.248s][info][gc,start       ] GC(358) Pause Young (Allocation Failure)
[799.258s][info][gc,heap        ] GC(358) DefNew: 1116496K->31425K(1258304K)
[799.258s][info][gc,heap        ] GC(358) Tenured: 73069K->73069K(2796224K)
[799.258s][info][gc,metaspace   ] GC(358) Metaspace: 145962K(158512K)->145962K(158512K) NonClass: 127161K(133296K)->127161K(133296K) Class: 18800K(25216K)->18800K(25216K)
[799.258s][info][gc             ] GC(358) Pause Young (Allocation Failure) 1161M->102M(3959M) 10.214ms
[799.258s][info][gc,cpu         ] GC(358) User=0.02s Sys=0.00s Real=0.01s
[799.578s][info][gc,start       ] GC(359) Pause Young (Allocation Failure)
[799.591s][info][gc,heap        ] GC(359) DefNew: 1149953K->53335K(1258304K)
[799.591s][info][gc,heap        ] GC(359) Tenured: 73069K->73069K(2796224K)
[799.591s][info][gc,metaspace   ] GC(359) Metaspace: 145962K(158512K)->145962K(158512K) NonClass: 127161K(133296K)->127161K(133296K) Class: 18800K(25216K)->18800K(25216K)
[799.591s][info][gc             ] GC(359) Pause Young (Allocation Failure) 1194M->123M(3959M) 12.864ms
[799.591s][info][gc,cpu         ] GC(359) User=0.00s Sys=0.00s Real=0.02s
[803.380s][info][gc,start       ] GC(360) Pause Young (Allocation Failure)
[803.394s][info][gc,heap        ] GC(360) DefNew: 1168219K->58212K(1258304K)
[803.394s][info][gc,heap        ] GC(360) Tenured: 73069K->73069K(2796224K)
[803.394s][info][gc,metaspace   ] GC(360) Metaspace: 145962K(158512K)->145962K(158512K) NonClass: 127161K(133296K)->127161K(133296K) Class: 18800K(25216K)->18800K(25216K)
[803.394s][info][gc             ] GC(360) Pause Young (Allocation Failure) 1212M->128M(3959M) 13.854ms
[803.394s][info][gc,cpu         ] GC(360) User=0.00s Sys=0.00s Real=0.02s
[807.523s][info][gc,start       ] GC(361) Pause Full (System.gc())
[807.525s][info][gc,phases,start] GC(361) Phase 1: Mark live objects
[807.619s][info][gc,phases      ] GC(361) Phase 1: Mark live objects 93.837ms
[807.619s][info][gc,phases,start] GC(361) Phase 2: Compute new object addresses
[807.728s][info][gc,phases      ] GC(361) Phase 2: Compute new object addresses 108.586ms
[807.728s][info][gc,phases,start] GC(361) Phase 3: Adjust pointers
[807.777s][info][gc,phases      ] GC(361) Phase 3: Adjust pointers 48.990ms
[807.777s][info][gc,phases,start] GC(361) Phase 4: Move objects
[807.779s][info][gc,phases      ] GC(361) Phase 4: Move objects 1.951ms
[807.780s][info][gc,heap        ] GC(361) DefNew: 1052984K->0K(1258304K)
[807.780s][info][gc,heap        ] GC(361) Tenured: 73069K->77597K(2796224K)
[807.780s][info][gc,metaspace   ] GC(361) Metaspace: 145962K(158512K)->145962K(158512K) NonClass: 127161K(133296K)->127161K(133296K) Class: 18800K(25216K)->18800K(25216K)
[807.780s][info][gc             ] GC(361) Pause Full (System.gc()) 1099M->75M(3959M) 256.754ms
[807.780s][info][gc,cpu         ] GC(361) User=0.17s Sys=0.00s Real=0.26s
[808.235s][info][gc,start       ] GC(362) Pause Young (Allocation Failure)
[808.246s][info][gc,heap        ] GC(362) DefNew: 1116145K->45745K(1258304K)
[808.246s][info][gc,heap        ] GC(362) Tenured: 77597K->77597K(2796224K)
[808.246s][info][gc,metaspace   ] GC(362) Metaspace: 145962K(158512K)->145962K(158512K) NonClass: 127161K(133296K)->127161K(133296K) Class: 18800K(25216K)->18800K(25216K)
[808.246s][info][gc             ] GC(362) Pause Young (Allocation Failure) 1165M->120M(3959M) 11.468ms
[808.246s][info][gc,cpu         ] GC(362) User=0.02s Sys=0.00s Real=0.02s
[808.591s][info][gc,start       ] GC(363) Pause Young (Allocation Failure)
[808.604s][info][gc,heap        ] GC(363) DefNew: 1160277K->53892K(1258304K)
[808.604s][info][gc,heap        ] GC(363) Tenured: 77597K->77597K(2796224K)
[808.604s][info][gc,metaspace   ] GC(363) Metaspace: 145962K(158512K)->145962K(158512K) NonClass: 127161K(133296K)->127161K(133296K) Class: 18800K(25216K)->18800K(25216K)
[808.604s][info][gc             ] GC(363) Pause Young (Allocation Failure) 1208M->128M(3959M) 12.993ms
[808.604s][info][gc,cpu         ] GC(363) User=0.00s Sys=0.00s Real=0.02s
[812.483s][info][gc,start       ] GC(364) Pause Young (Allocation Failure)
[812.498s][info][gc,heap        ] GC(364) DefNew: 1172420K->58055K(1258304K)
[812.498s][info][gc,heap        ] GC(364) Tenured: 77597K->77597K(2796224K)
[812.498s][info][gc,metaspace   ] GC(364) Metaspace: 145962K(158512K)->145962K(158512K) NonClass: 127161K(133296K)->127161K(133296K) Class: 18800K(25216K)->18800K(25216K)
[812.498s][info][gc             ] GC(364) Pause Young (Allocation Failure) 1220M->132M(3959M) 15.017ms
[812.498s][info][gc,cpu         ] GC(364) User=0.00s Sys=0.00s Real=0.02s
[816.805s][info][gc,start       ] GC(365) Pause Full (System.gc())
[816.807s][info][gc,phases,start] GC(365) Phase 1: Mark live objects
[816.892s][info][gc,phases      ] GC(365) Phase 1: Mark live objects 85.099ms
[816.892s][info][gc,phases,start] GC(365) Phase 2: Compute new object addresses
[816.992s][info][gc,phases      ] GC(365) Phase 2: Compute new object addresses 99.759ms
[816.992s][info][gc,phases,start] GC(365) Phase 3: Adjust pointers
[817.039s][info][gc,phases      ] GC(365) Phase 3: Adjust pointers 46.636ms
[817.039s][info][gc,phases,start] GC(365) Phase 4: Move objects
[817.040s][info][gc,phases      ] GC(365) Phase 4: Move objects 1.761ms
[817.041s][info][gc,heap        ] GC(365) DefNew: 1055407K->0K(1258304K)
[817.041s][info][gc,heap        ] GC(365) Tenured: 77597K->82138K(2796224K)
[817.041s][info][gc,metaspace   ] GC(365) Metaspace: 145962K(158512K)->145962K(158512K) NonClass: 127161K(133296K)->127161K(133296K) Class: 18800K(25216K)->18800K(25216K)
[817.041s][info][gc             ] GC(365) Pause Full (System.gc()) 1106M->80M(3959M) 236.214ms
[817.041s][info][gc,cpu         ] GC(365) User=0.19s Sys=0.00s Real=0.24s
[817.483s][info][gc,start       ] GC(366) Pause Young (Allocation Failure)
[817.493s][info][gc,heap        ] GC(366) DefNew: 1115727K->33003K(1258304K)
[817.493s][info][gc,heap        ] GC(366) Tenured: 82138K->82138K(2796224K)
[817.493s][info][gc,metaspace   ] GC(366) Metaspace: 145962K(158512K)->145962K(158512K) NonClass: 127162K(133296K)->127162K(133296K) Class: 18800K(25216K)->18800K(25216K)
[817.493s][info][gc             ] GC(366) Pause Young (Allocation Failure) 1169M->112M(3959M) 9.874ms
[817.493s][info][gc,cpu         ] GC(366) User=0.02s Sys=0.00s Real=0.02s
[817.862s][info][gc,start       ] GC(367) Pause Young (Allocation Failure)
[817.876s][info][gc,heap        ] GC(367) DefNew: 1150997K->49593K(1258304K)
[817.876s][info][gc,heap        ] GC(367) Tenured: 82138K->82138K(2796224K)
[817.876s][info][gc,metaspace   ] GC(367) Metaspace: 145962K(158512K)->145962K(158512K) NonClass: 127162K(133296K)->127162K(133296K) Class: 18800K(25216K)->18800K(25216K)
[817.876s][info][gc             ] GC(367) Pause Young (Allocation Failure) 1204M->128M(3959M) 14.232ms
[817.876s][info][gc,cpu         ] GC(367) User=0.02s Sys=0.00s Real=0.01s
[821.769s][info][gc,start       ] GC(368) Pause Young (Allocation Failure)
[821.782s][info][gc,heap        ] GC(368) DefNew: 1164397K->58204K(1258304K)
[821.782s][info][gc,heap        ] GC(368) Tenured: 82138K->82138K(2796224K)
[821.782s][info][gc,metaspace   ] GC(368) Metaspace: 145962K(158512K)->145962K(158512K) NonClass: 127162K(133296K)->127162K(133296K) Class: 18800K(25216K)->18800K(25216K)
[821.782s][info][gc             ] GC(368) Pause Young (Allocation Failure) 1217M->137M(3959M) 13.732ms
[821.783s][info][gc,cpu         ] GC(368) User=0.00s Sys=0.00s Real=0.02s
[825.960s][info][gc,start       ] GC(369) Pause Full (System.gc())
[825.962s][info][gc,phases,start] GC(369) Phase 1: Mark live objects
[826.048s][info][gc,phases      ] GC(369) Phase 1: Mark live objects 85.482ms
[826.048s][info][gc,phases,start] GC(369) Phase 2: Compute new object addresses
[826.142s][info][gc,phases      ] GC(369) Phase 2: Compute new object addresses 93.936ms
[826.142s][info][gc,phases,start] GC(369) Phase 3: Adjust pointers
[826.187s][info][gc,phases      ] GC(369) Phase 3: Adjust pointers 44.727ms
[826.187s][info][gc,phases,start] GC(369) Phase 4: Move objects
[826.189s][info][gc,phases      ] GC(369) Phase 4: Move objects 1.764ms
[826.189s][info][gc,heap        ] GC(369) DefNew: 1054627K->0K(1258304K)
[826.189s][info][gc,heap        ] GC(369) Tenured: 82138K->86665K(2796224K)
[826.189s][info][gc,metaspace   ] GC(369) Metaspace: 145966K(158512K)->145966K(158512K) NonClass: 127165K(133296K)->127165K(133296K) Class: 18801K(25216K)->18801K(25216K)
[826.190s][info][gc             ] GC(369) Pause Full (System.gc()) 1110M->84M(3959M) 229.419ms
[826.190s][info][gc,cpu         ] GC(369) User=0.19s Sys=0.00s Real=0.23s
[826.651s][info][gc,start       ] GC(370) Pause Young (Allocation Failure)
[826.663s][info][gc,heap        ] GC(370) DefNew: 1116940K->45723K(1258304K)
[826.663s][info][gc,heap        ] GC(370) Tenured: 86665K->86665K(2796224K)
[826.663s][info][gc,metaspace   ] GC(370) Metaspace: 145966K(158512K)->145966K(158512K) NonClass: 127165K(133296K)->127165K(133296K) Class: 18801K(25216K)->18801K(25216K)
[826.663s][info][gc             ] GC(370) Pause Young (Allocation Failure) 1175M->129M(3959M) 11.714ms
[826.663s][info][gc,cpu         ] GC(370) User=0.02s Sys=0.00s Real=0.02s
[827.007s][info][gc,start       ] GC(371) Pause Young (Allocation Failure)
[827.019s][info][gc,heap        ] GC(371) DefNew: 1164251K->52902K(1258304K)
[827.019s][info][gc,heap        ] GC(371) Tenured: 86665K->86665K(2796224K)
[827.019s][info][gc,metaspace   ] GC(371) Metaspace: 145966K(158512K)->145966K(158512K) NonClass: 127165K(133296K)->127165K(133296K) Class: 18801K(25216K)->18801K(25216K)
[827.019s][info][gc             ] GC(371) Pause Young (Allocation Failure) 1221M->136M(3959M) 11.996ms
[827.019s][info][gc,cpu         ] GC(371) User=0.00s Sys=0.00s Real=0.01s
[830.897s][info][gc,start       ] GC(372) Pause Young (Allocation Failure)
[830.911s][info][gc,heap        ] GC(372) DefNew: 1168725K->58157K(1258304K)
[830.912s][info][gc,heap        ] GC(372) Tenured: 86665K->86665K(2796224K)
[830.912s][info][gc,metaspace   ] GC(372) Metaspace: 145966K(158512K)->145966K(158512K) NonClass: 127165K(133296K)->127165K(133296K) Class: 18801K(25216K)->18801K(25216K)
[830.912s][info][gc             ] GC(372) Pause Young (Allocation Failure) 1225M->141M(3959M) 14.062ms
[830.912s][info][gc,cpu         ] GC(372) User=0.00s Sys=0.00s Real=0.02s
[835.188s][info][gc,start       ] GC(373) Pause Full (System.gc())
[835.190s][info][gc,phases,start] GC(373) Phase 1: Mark live objects
[835.272s][info][gc,phases      ] GC(373) Phase 1: Mark live objects 82.084ms
[835.272s][info][gc,phases,start] GC(373) Phase 2: Compute new object addresses
[835.365s][info][gc,phases      ] GC(373) Phase 2: Compute new object addresses 92.347ms
[835.365s][info][gc,phases,start] GC(373) Phase 3: Adjust pointers
[835.413s][info][gc,phases      ] GC(373) Phase 3: Adjust pointers 48.261ms
[835.413s][info][gc,phases,start] GC(373) Phase 4: Move objects
[835.423s][info][gc,phases      ] GC(373) Phase 4: Move objects 9.913ms
[835.424s][info][gc,heap        ] GC(373) DefNew: 1053548K->0K(1258304K)
[835.424s][info][gc,heap        ] GC(373) Tenured: 86665K->73070K(2796224K)
[835.424s][info][gc,metaspace   ] GC(373) Metaspace: 145978K(158512K)->145978K(158512K) NonClass: 127177K(133296K)->127177K(133296K) Class: 18801K(25216K)->18801K(25216K)
[835.424s][info][gc             ] GC(373) Pause Full (System.gc()) 1113M->71M(3959M) 235.810ms
[835.424s][info][gc,cpu         ] GC(373) User=0.22s Sys=0.00s Real=0.23s
[835.868s][info][gc,start       ] GC(374) Pause Young (Allocation Failure)
[835.879s][info][gc,heap        ] GC(374) DefNew: 1116881K->33943K(1258304K)
[835.879s][info][gc,heap        ] GC(374) Tenured: 73070K->73070K(2796224K)
[835.879s][info][gc,metaspace   ] GC(374) Metaspace: 145978K(158512K)->145978K(158512K) NonClass: 127177K(133296K)->127177K(133296K) Class: 18801K(25216K)->18801K(25216K)
[835.879s][info][gc             ] GC(374) Pause Young (Allocation Failure) 1162M->104M(3959M) 11.054ms
[835.879s][info][gc,cpu         ] GC(374) User=0.00s Sys=0.00s Real=0.01s
[836.206s][info][gc,start       ] GC(375) Pause Young (Allocation Failure)
[836.220s][info][gc,heap        ] GC(375) DefNew: 1149312K->60500K(1258304K)
[836.220s][info][gc,heap        ] GC(375) Tenured: 73070K->73070K(2796224K)
[836.220s][info][gc,metaspace   ] GC(375) Metaspace: 145978K(158512K)->145978K(158512K) NonClass: 127177K(133296K)->127177K(133296K) Class: 18801K(25216K)->18801K(25216K)
[836.220s][info][gc             ] GC(375) Pause Young (Allocation Failure) 1193M->130M(3959M) 14.341ms
[836.220s][info][gc,cpu         ] GC(375) User=0.00s Sys=0.00s Real=0.03s
[840.102s][info][gc,start       ] GC(376) Pause Young (Allocation Failure)
[840.118s][info][gc,heap        ] GC(376) DefNew: 1178926K->58349K(1258304K)
[840.118s][info][gc,heap        ] GC(376) Tenured: 73070K->73070K(2796224K)
[840.118s][info][gc,metaspace   ] GC(376) Metaspace: 145983K(158512K)->145983K(158512K) NonClass: 127182K(133296K)->127182K(133296K) Class: 18801K(25216K)->18801K(25216K)
[840.118s][info][gc             ] GC(376) Pause Young (Allocation Failure) 1222M->128M(3959M) 15.567ms
[840.118s][info][gc,cpu         ] GC(376) User=0.00s Sys=0.00s Real=0.01s
[844.529s][info][gc,start       ] GC(377) Pause Full (System.gc())
[844.531s][info][gc,phases,start] GC(377) Phase 1: Mark live objects
[844.614s][info][gc,phases      ] GC(377) Phase 1: Mark live objects 82.375ms
[844.614s][info][gc,phases,start] GC(377) Phase 2: Compute new object addresses
[844.711s][info][gc,phases      ] GC(377) Phase 2: Compute new object addresses 97.803ms
[844.712s][info][gc,phases,start] GC(377) Phase 3: Adjust pointers
[844.757s][info][gc,phases      ] GC(377) Phase 3: Adjust pointers 45.569ms
[844.757s][info][gc,phases,start] GC(377) Phase 4: Move objects
[844.759s][info][gc,phases      ] GC(377) Phase 4: Move objects 1.761ms
[844.760s][info][gc,heap        ] GC(377) DefNew: 1056185K->0K(1258304K)
[844.760s][info][gc,heap        ] GC(377) Tenured: 73070K->77601K(2796224K)
[844.760s][info][gc,metaspace   ] GC(377) Metaspace: 145984K(158512K)->145984K(158512K) NonClass: 127182K(133296K)->127182K(133296K) Class: 18801K(25216K)->18801K(25216K)
[844.760s][info][gc             ] GC(377) Pause Full (System.gc()) 1102M->75M(3959M) 230.822ms
[844.760s][info][gc,cpu         ] GC(377) User=0.22s Sys=0.00s Real=0.24s
[845.200s][info][gc,start       ] GC(378) Pause Young (Allocation Failure)
[845.210s][info][gc,heap        ] GC(378) DefNew: 1114957K->33322K(1258304K)
[845.210s][info][gc,heap        ] GC(378) Tenured: 77601K->77601K(2796224K)
[845.210s][info][gc,metaspace   ] GC(378) Metaspace: 145984K(158512K)->145984K(158512K) NonClass: 127183K(133296K)->127183K(133296K) Class: 18801K(25216K)->18801K(25216K)
[845.210s][info][gc             ] GC(378) Pause Young (Allocation Failure) 1164M->108M(3959M) 10.662ms
[845.211s][info][gc,cpu         ] GC(378) User=0.00s Sys=0.00s Real=0.00s
[845.550s][info][gc,start       ] GC(379) Pause Young (Allocation Failure)
[845.563s][info][gc,heap        ] GC(379) DefNew: 1148388K->53779K(1258304K)
[845.563s][info][gc,heap        ] GC(379) Tenured: 77601K->77601K(2796224K)
[845.563s][info][gc,metaspace   ] GC(379) Metaspace: 145984K(158512K)->145984K(158512K) NonClass: 127183K(133296K)->127183K(133296K) Class: 18801K(25216K)->18801K(25216K)
[845.563s][info][gc             ] GC(379) Pause Young (Allocation Failure) 1197M->128M(3959M) 12.786ms
[845.563s][info][gc,cpu         ] GC(379) User=0.00s Sys=0.00s Real=0.01s
[849.439s][info][gc,start       ] GC(380) Pause Young (Allocation Failure)
[849.453s][info][gc,heap        ] GC(380) DefNew: 1172183K->58199K(1258304K)
[849.453s][info][gc,heap        ] GC(380) Tenured: 77601K->77601K(2796224K)
[849.453s][info][gc,metaspace   ] GC(380) Metaspace: 145984K(158512K)->145984K(158512K) NonClass: 127183K(133296K)->127183K(133296K) Class: 18801K(25216K)->18801K(25216K)
[849.453s][info][gc             ] GC(380) Pause Young (Allocation Failure) 1220M->132M(3959M) 14.117ms
[849.453s][info][gc,cpu         ] GC(380) User=0.00s Sys=0.00s Real=0.02s
[853.687s][info][gc,start       ] GC(381) Pause Full (System.gc())
[853.689s][info][gc,phases,start] GC(381) Phase 1: Mark live objects
[853.771s][info][gc,phases      ] GC(381) Phase 1: Mark live objects 82.547ms
[853.771s][info][gc,phases,start] GC(381) Phase 2: Compute new object addresses
[853.867s][info][gc,phases      ] GC(381) Phase 2: Compute new object addresses 95.669ms
[853.867s][info][gc,phases,start] GC(381) Phase 3: Adjust pointers
[853.913s][info][gc,phases      ] GC(381) Phase 3: Adjust pointers 46.315ms
[853.913s][info][gc,phases,start] GC(381) Phase 4: Move objects
[853.915s][info][gc,phases      ] GC(381) Phase 4: Move objects 1.810ms
[853.916s][info][gc,heap        ] GC(381) DefNew: 1056687K->0K(1258304K)
[853.916s][info][gc,heap        ] GC(381) Tenured: 77601K->82131K(2796224K)
[853.916s][info][gc,metaspace   ] GC(381) Metaspace: 145984K(158512K)->145984K(158512K) NonClass: 127183K(133296K)->127183K(133296K) Class: 18801K(25216K)->18801K(25216K)
[853.916s][info][gc             ] GC(381) Pause Full (System.gc()) 1107M->80M(3959M) 229.402ms
[853.916s][info][gc,cpu         ] GC(381) User=0.23s Sys=0.00s Real=0.24s
[854.369s][info][gc,start       ] GC(382) Pause Young (Allocation Failure)
[854.380s][info][gc,heap        ] GC(382) DefNew: 1118212K->37467K(1258304K)
[854.380s][info][gc,heap        ] GC(382) Tenured: 82131K->82131K(2796224K)
[854.380s][info][gc,metaspace   ] GC(382) Metaspace: 146000K(158512K)->146000K(158512K) NonClass: 127199K(133296K)->127199K(133296K) Class: 18801K(25216K)->18801K(25216K)
[854.380s][info][gc             ] GC(382) Pause Young (Allocation Failure) 1172M->116M(3959M) 10.783ms
[854.380s][info][gc,cpu         ] GC(382) User=0.02s Sys=0.00s Real=0.00s
[854.717s][info][gc,start       ] GC(383) Pause Young (Allocation Failure)
[854.729s][info][gc,heap        ] GC(383) DefNew: 1155003K->47160K(1258304K)
[854.729s][info][gc,heap        ] GC(383) Tenured: 82131K->82131K(2796224K)
[854.729s][info][gc,metaspace   ] GC(383) Metaspace: 146000K(158512K)->146000K(158512K) NonClass: 127199K(133296K)->127199K(133296K) Class: 18801K(25216K)->18801K(25216K)
[854.729s][info][gc             ] GC(383) Pause Young (Allocation Failure) 1208M->126M(3959M) 11.694ms
[854.729s][info][gc,cpu         ] GC(383) User=0.00s Sys=0.00s Real=0.02s
[858.631s][info][gc,start       ] GC(384) Pause Young (Allocation Failure)
[858.645s][info][gc,heap        ] GC(384) DefNew: 1165648K->58151K(1258304K)
[858.645s][info][gc,heap        ] GC(384) Tenured: 82131K->82131K(2796224K)
[858.645s][info][gc,metaspace   ] GC(384) Metaspace: 146000K(158512K)->146000K(158512K) NonClass: 127199K(133296K)->127199K(133296K) Class: 18801K(25216K)->18801K(25216K)
[858.646s][info][gc             ] GC(384) Pause Young (Allocation Failure) 1218M->136M(3959M) 14.112ms
[858.646s][info][gc,cpu         ] GC(384) User=0.00s Sys=0.00s Real=0.02s
[862.832s][info][gc,start       ] GC(385) Pause Full (System.gc())
[862.834s][info][gc,phases,start] GC(385) Phase 1: Mark live objects
[862.923s][info][gc,phases      ] GC(385) Phase 1: Mark live objects 89.106ms
[862.923s][info][gc,phases,start] GC(385) Phase 2: Compute new object addresses
[863.016s][info][gc,phases      ] GC(385) Phase 2: Compute new object addresses 93.225ms
[863.016s][info][gc,phases,start] GC(385) Phase 3: Adjust pointers
[863.064s][info][gc,phases      ] GC(385) Phase 3: Adjust pointers 47.599ms
[863.064s][info][gc,phases,start] GC(385) Phase 4: Move objects
[863.066s][info][gc,phases      ] GC(385) Phase 4: Move objects 1.733ms
[863.067s][info][gc,heap        ] GC(385) DefNew: 1055276K->0K(1258304K)
[863.067s][info][gc,heap        ] GC(385) Tenured: 82131K->86657K(2796224K)
[863.067s][info][gc,metaspace   ] GC(385) Metaspace: 146000K(158512K)->146000K(158512K) NonClass: 127199K(133296K)->127199K(133296K) Class: 18801K(25216K)->18801K(25216K)
[863.067s][info][gc             ] GC(385) Pause Full (System.gc()) 1110M->84M(3959M) 235.052ms
[863.067s][info][gc,cpu         ] GC(385) User=0.23s Sys=0.00s Real=0.23s
[863.531s][info][gc,start       ] GC(386) Pause Young (Allocation Failure)
[863.541s][info][gc,heap        ] GC(386) DefNew: 1115519K->43179K(1258304K)
[863.541s][info][gc,heap        ] GC(386) Tenured: 86657K->86657K(2796224K)
[863.541s][info][gc,metaspace   ] GC(386) Metaspace: 146045K(158512K)->146045K(158512K) NonClass: 127243K(133296K)->127243K(133296K) Class: 18801K(25216K)->18801K(25216K)
[863.542s][info][gc             ] GC(386) Pause Young (Allocation Failure) 1174M->126M(3959M) 10.724ms
[863.542s][info][gc,cpu         ] GC(386) User=0.00s Sys=0.00s Real=0.01s
[863.886s][info][gc,start       ] GC(387) Pause Young (Allocation Failure)
[863.899s][info][gc,heap        ] GC(387) DefNew: 1161707K->53771K(1258304K)
[863.899s][info][gc,heap        ] GC(387) Tenured: 86657K->86657K(2796224K)
[863.899s][info][gc,metaspace   ] GC(387) Metaspace: 146046K(158512K)->146046K(158512K) NonClass: 127244K(133296K)->127244K(133296K) Class: 18801K(25216K)->18801K(25216K)
[863.899s][info][gc             ] GC(387) Pause Young (Allocation Failure) 1219M->137M(3959M) 13.155ms
[863.900s][info][gc,cpu         ] GC(387) User=0.02s Sys=0.00s Real=0.02s
[867.717s][info][gc,start       ] GC(388) Pause Young (Allocation Failure)
[867.732s][info][gc,heap        ] GC(388) DefNew: 1169491K->58155K(1258304K)
[867.732s][info][gc,heap        ] GC(388) Tenured: 86657K->86657K(2796224K)
[867.732s][info][gc,metaspace   ] GC(388) Metaspace: 146046K(158512K)->146046K(158512K) NonClass: 127244K(133296K)->127244K(133296K) Class: 18801K(25216K)->18801K(25216K)
[867.732s][info][gc             ] GC(388) Pause Young (Allocation Failure) 1226M->141M(3959M) 14.675ms
[867.732s][info][gc,cpu         ] GC(388) User=0.00s Sys=0.00s Real=0.02s
[872.073s][info][gc,start       ] GC(389) Pause Full (System.gc())
[872.076s][info][gc,phases,start] GC(389) Phase 1: Mark live objects
[872.158s][info][gc,phases      ] GC(389) Phase 1: Mark live objects 82.764ms
[872.158s][info][gc,phases,start] GC(389) Phase 2: Compute new object addresses
[872.253s][info][gc,phases      ] GC(389) Phase 2: Compute new object addresses 94.393ms
[872.253s][info][gc,phases,start] GC(389) Phase 3: Adjust pointers
[872.302s][info][gc,phases      ] GC(389) Phase 3: Adjust pointers 48.943ms
[872.302s][info][gc,phases,start] GC(389) Phase 4: Move objects
[872.309s][info][gc,phases      ] GC(389) Phase 4: Move objects 7.234ms
[872.310s][info][gc,heap        ] GC(389) DefNew: 1054453K->0K(1258304K)
[872.310s][info][gc,heap        ] GC(389) Tenured: 86657K->73229K(2796224K)
[872.310s][info][gc,metaspace   ] GC(389) Metaspace: 146053K(158512K)->146053K(158512K) NonClass: 127252K(133296K)->127252K(133296K) Class: 18801K(25216K)->18801K(25216K)
[872.310s][info][gc             ] GC(389) Pause Full (System.gc()) 1114M->71M(3959M) 236.636ms
[872.310s][info][gc,cpu         ] GC(389) User=0.22s Sys=0.00s Real=0.23s
[872.825s][info][gc,start       ] GC(390) Pause Young (Allocation Failure)
[872.839s][info][gc,heap        ] GC(390) DefNew: 1116975K->38804K(1258304K)
[872.839s][info][gc,heap        ] GC(390) Tenured: 73229K->73229K(2796224K)
[872.839s][info][gc,metaspace   ] GC(390) Metaspace: 146056K(158512K)->146056K(158512K) NonClass: 127254K(133296K)->127254K(133296K) Class: 18801K(25216K)->18801K(25216K)
[872.839s][info][gc             ] GC(390) Pause Young (Allocation Failure) 1162M->109M(3959M) 14.645ms
[872.839s][info][gc,cpu         ] GC(390) User=0.00s Sys=0.03s Real=0.02s
[873.309s][info][gc,start       ] GC(391) Pause Young (Allocation Failure)
[873.322s][info][gc,heap        ] GC(391) DefNew: 1157332K->57649K(1258304K)
[873.322s][info][gc,heap        ] GC(391) Tenured: 73229K->73229K(2796224K)
[873.322s][info][gc,metaspace   ] GC(391) Metaspace: 146056K(158512K)->146056K(158512K) NonClass: 127254K(133296K)->127254K(133296K) Class: 18801K(25216K)->18801K(25216K)
[873.322s][info][gc             ] GC(391) Pause Young (Allocation Failure) 1201M->127M(3959M) 13.149ms
[873.322s][info][gc,cpu         ] GC(391) User=0.00s Sys=0.02s Real=0.02s
[877.063s][info][gc,start       ] GC(392) Pause Young (Allocation Failure)
[877.078s][info][gc,heap        ] GC(392) DefNew: 1176165K->58519K(1258304K)
[877.078s][info][gc,heap        ] GC(392) Tenured: 73229K->73229K(2796224K)
[877.078s][info][gc,metaspace   ] GC(392) Metaspace: 146056K(158512K)->146056K(158512K) NonClass: 127254K(133296K)->127254K(133296K) Class: 18801K(25216K)->18801K(25216K)
[877.078s][info][gc             ] GC(392) Pause Young (Allocation Failure) 1220M->128M(3959M) 15.316ms
[877.078s][info][gc,cpu         ] GC(392) User=0.02s Sys=0.00s Real=0.02s
[881.558s][info][gc,start       ] GC(393) Pause Full (System.gc())
[881.559s][info][gc,phases,start] GC(393) Phase 1: Mark live objects
[881.643s][info][gc,phases      ] GC(393) Phase 1: Mark live objects 83.321ms
[881.643s][info][gc,phases,start] GC(393) Phase 2: Compute new object addresses
[881.738s][info][gc,phases      ] GC(393) Phase 2: Compute new object addresses 95.384ms
[881.738s][info][gc,phases,start] GC(393) Phase 3: Adjust pointers
[881.782s][info][gc,phases      ] GC(393) Phase 3: Adjust pointers 43.805ms
[881.782s][info][gc,phases,start] GC(393) Phase 4: Move objects
[881.784s][info][gc,phases      ] GC(393) Phase 4: Move objects 1.687ms
[881.785s][info][gc,heap        ] GC(393) DefNew: 1064263K->0K(1258304K)
[881.785s][info][gc,heap        ] GC(393) Tenured: 73229K->77768K(2796224K)
[881.785s][info][gc,metaspace   ] GC(393) Metaspace: 146056K(158512K)->146056K(158512K) NonClass: 127254K(133296K)->127254K(133296K) Class: 18801K(25216K)->18801K(25216K)
[881.785s][info][gc             ] GC(393) Pause Full (System.gc()) 1110M->75M(3959M) 227.266ms
[881.785s][info][gc,cpu         ] GC(393) User=0.17s Sys=0.00s Real=0.24s
[882.245s][info][gc,start       ] GC(394) Pause Young (Allocation Failure)
[882.256s][info][gc,heap        ] GC(394) DefNew: 1117747K->35624K(1258304K)
[882.256s][info][gc,heap        ] GC(394) Tenured: 77768K->77768K(2796224K)
[882.256s][info][gc,metaspace   ] GC(394) Metaspace: 146056K(158512K)->146056K(158512K) NonClass: 127255K(133296K)->127255K(133296K) Class: 18801K(25216K)->18801K(25216K)
[882.256s][info][gc             ] GC(394) Pause Young (Allocation Failure) 1167M->110M(3959M) 11.037ms
[882.256s][info][gc,cpu         ] GC(394) User=0.02s Sys=0.00s Real=0.01s
[882.604s][info][gc,start       ] GC(395) Pause Young (Allocation Failure)
[882.617s][info][gc,heap        ] GC(395) DefNew: 1153906K->53710K(1258304K)
[882.617s][info][gc,heap        ] GC(395) Tenured: 77768K->77768K(2796224K)
[882.617s][info][gc,metaspace   ] GC(395) Metaspace: 146056K(158512K)->146056K(158512K) NonClass: 127255K(133296K)->127255K(133296K) Class: 18801K(25216K)->18801K(25216K)
[882.617s][info][gc             ] GC(395) Pause Young (Allocation Failure) 1202M->128M(3959M) 12.657ms
[882.617s][info][gc,cpu         ] GC(395) User=0.02s Sys=0.00s Real=0.01s
[886.686s][info][gc,start       ] GC(396) Pause Young (Allocation Failure)
[886.702s][info][gc,heap        ] GC(396) DefNew: 1172238K->58988K(1258304K)
[886.702s][info][gc,heap        ] GC(396) Tenured: 77768K->77768K(2796224K)
[886.702s][info][gc,metaspace   ] GC(396) Metaspace: 146056K(158512K)->146056K(158512K) NonClass: 127255K(133296K)->127255K(133296K) Class: 18801K(25216K)->18801K(25216K)
[886.702s][info][gc             ] GC(396) Pause Young (Allocation Failure) 1220M->133M(3959M) 15.370ms
[886.702s][info][gc,cpu         ] GC(396) User=0.02s Sys=0.00s Real=0.01s
[890.990s][info][gc,start       ] GC(397) Pause Full (System.gc())
[890.992s][info][gc,phases,start] GC(397) Phase 1: Mark live objects
[891.074s][info][gc,phases      ] GC(397) Phase 1: Mark live objects 81.679ms
[891.074s][info][gc,phases,start] GC(397) Phase 2: Compute new object addresses
[891.171s][info][gc,phases      ] GC(397) Phase 2: Compute new object addresses 97.152ms
[891.171s][info][gc,phases,start] GC(397) Phase 3: Adjust pointers
[891.220s][info][gc,phases      ] GC(397) Phase 3: Adjust pointers 48.144ms
[891.220s][info][gc,phases,start] GC(397) Phase 4: Move objects
[891.221s][info][gc,phases      ] GC(397) Phase 4: Move objects 1.811ms
[891.222s][info][gc,heap        ] GC(397) DefNew: 1048418K->0K(1258304K)
[891.222s][info][gc,heap        ] GC(397) Tenured: 77768K->82219K(2796224K)
[891.222s][info][gc,metaspace   ] GC(397) Metaspace: 146060K(158512K)->146060K(158512K) NonClass: 127259K(133296K)->127259K(133296K) Class: 18801K(25216K)->18801K(25216K)
[891.222s][info][gc             ] GC(397) Pause Full (System.gc()) 1099M->80M(3959M) 231.897ms
[891.222s][info][gc,cpu         ] GC(397) User=0.17s Sys=0.00s Real=0.22s
[891.664s][info][gc,start       ] GC(398) Pause Young (Allocation Failure)
[891.674s][info][gc,heap        ] GC(398) DefNew: 1118338K->33536K(1258304K)
[891.674s][info][gc,heap        ] GC(398) Tenured: 82219K->82219K(2796224K)
[891.674s][info][gc,metaspace   ] GC(398) Metaspace: 146062K(158512K)->146062K(158512K) NonClass: 127260K(133296K)->127260K(133296K) Class: 18801K(25216K)->18801K(25216K)
[891.674s][info][gc             ] GC(398) Pause Young (Allocation Failure) 1172M->113M(3959M) 10.379ms
[891.674s][info][gc,cpu         ] GC(398) User=0.00s Sys=0.00s Real=0.00s
[892.009s][info][gc,start       ] GC(399) Pause Young (Allocation Failure)
[892.023s][info][gc,heap        ] GC(399) DefNew: 1152064K->63808K(1258304K)
[892.023s][info][gc,heap        ] GC(399) Tenured: 82219K->82219K(2796224K)
[892.023s][info][gc,metaspace   ] GC(399) Metaspace: 146062K(158512K)->146062K(158512K) NonClass: 127260K(133296K)->127260K(133296K) Class: 18801K(25216K)->18801K(25216K)
[892.023s][info][gc             ] GC(399) Pause Young (Allocation Failure) 1205M->142M(3959M) 13.984ms
[892.023s][info][gc,cpu         ] GC(399) User=0.02s Sys=0.00s Real=0.00s
[895.965s][info][gc,start       ] GC(400) Pause Young (Allocation Failure)
[895.978s][info][gc,heap        ] GC(400) DefNew: 1181885K->58150K(1258304K)
[895.978s][info][gc,heap        ] GC(400) Tenured: 82219K->82219K(2796224K)
[895.978s][info][gc,metaspace   ] GC(400) Metaspace: 146062K(158512K)->146062K(158512K) NonClass: 127261K(133296K)->127261K(133296K) Class: 18801K(25216K)->18801K(25216K)
[895.978s][info][gc             ] GC(400) Pause Young (Allocation Failure) 1234M->137M(3959M) 13.415ms
[895.978s][info][gc,cpu         ] GC(400) User=0.00s Sys=0.00s Real=0.00s
[900.153s][info][gc,start       ] GC(401) Pause Full (System.gc())
[900.155s][info][gc,phases,start] GC(401) Phase 1: Mark live objects
[900.237s][info][gc,phases      ] GC(401) Phase 1: Mark live objects 81.825ms
[900.237s][info][gc,phases,start] GC(401) Phase 2: Compute new object addresses
[900.333s][info][gc,phases      ] GC(401) Phase 2: Compute new object addresses 95.907ms
[900.333s][info][gc,phases,start] GC(401) Phase 3: Adjust pointers
[900.379s][info][gc,phases      ] GC(401) Phase 3: Adjust pointers 46.111ms
[900.379s][info][gc,phases,start] GC(401) Phase 4: Move objects
[900.381s][info][gc,phases      ] GC(401) Phase 4: Move objects 1.806ms
[900.382s][info][gc,heap        ] GC(401) DefNew: 1056892K->0K(1258304K)
[900.382s][info][gc,heap        ] GC(401) Tenured: 82219K->86745K(2796224K)
[900.382s][info][gc,metaspace   ] GC(401) Metaspace: 146062K(158512K)->146062K(158512K) NonClass: 127261K(133296K)->127261K(133296K) Class: 18801K(25216K)->18801K(25216K)
[900.382s][info][gc             ] GC(401) Pause Full (System.gc()) 1112M->84M(3959M) 228.525ms
[900.382s][info][gc,cpu         ] GC(401) User=0.14s Sys=0.00s Real=0.24s
[900.812s][info][gc,start       ] GC(402) Pause Young (Allocation Failure)
[900.823s][info][gc,heap        ] GC(402) DefNew: 1117106K->41180K(1258304K)
[900.823s][info][gc,heap        ] GC(402) Tenured: 86745K->86745K(2796224K)
[900.823s][info][gc,metaspace   ] GC(402) Metaspace: 146063K(158512K)->146063K(158512K) NonClass: 127261K(133296K)->127261K(133296K) Class: 18801K(25216K)->18801K(25216K)
[900.823s][info][gc             ] GC(402) Pause Young (Allocation Failure) 1175M->124M(3959M) 10.750ms
[900.823s][info][gc,cpu         ] GC(402) User=0.00s Sys=0.00s Real=0.02s
[901.201s][info][gc,start       ] GC(403) Pause Young (Allocation Failure)
[901.216s][info][gc,heap        ] GC(403) DefNew: 1157385K->63750K(1258304K)
[901.216s][info][gc,heap        ] GC(403) Tenured: 86745K->86745K(2796224K)
[901.216s][info][gc,metaspace   ] GC(403) Metaspace: 146063K(158512K)->146063K(158512K) NonClass: 127261K(133296K)->127261K(133296K) Class: 18801K(25216K)->18801K(25216K)
[901.216s][info][gc             ] GC(403) Pause Young (Allocation Failure) 1214M->146M(3959M) 14.957ms
[901.216s][info][gc,cpu         ] GC(403) User=0.00s Sys=0.00s Real=0.01s
[905.107s][info][gc,start       ] GC(404) Pause Young (Allocation Failure)
[905.120s][info][gc,heap        ] GC(404) DefNew: 1180058K->58102K(1258304K)
[905.120s][info][gc,heap        ] GC(404) Tenured: 86745K->86745K(2796224K)
[905.120s][info][gc,metaspace   ] GC(404) Metaspace: 146063K(158512K)->146063K(158512K) NonClass: 127261K(133296K)->127261K(133296K) Class: 18801K(25216K)->18801K(25216K)
[905.120s][info][gc             ] GC(404) Pause Young (Allocation Failure) 1237M->141M(3959M) 13.299ms
[905.120s][info][gc,cpu         ] GC(404) User=0.00s Sys=0.00s Real=0.01s
[909.926s][info][gc,heap,exit   ] Heap
[909.926s][info][gc,heap,exit   ]  def new generation   total 1258304K, used 1155454K [0x0000000700000000, 0x0000000755550000, 0x0000000755550000)
[909.926s][info][gc,heap,exit   ]   eden space 1118528K,  98% used [0x0000000700000000, 0x0000000742fa1d20, 0x0000000744450000)
[909.926s][info][gc,heap,exit   ]   from space 139776K,  41% used [0x0000000744450000, 0x0000000747d0db00, 0x000000074ccd0000)
[909.926s][info][gc,heap,exit   ]   to   space 139776K,   0% used [0x000000074ccd0000, 0x000000074ccd0000, 0x0000000755550000)
[909.926s][info][gc,heap,exit   ]  tenured generation   total 2796224K, used 86745K [0x0000000755550000, 0x0000000800000000, 0x0000000800000000)
[909.927s][info][gc,heap,exit   ]    the space 2796224K,   3% used [0x0000000755550000, 0x000000075aa06440, 0x000000075aa06600, 0x0000000800000000)
[909.927s][info][gc,heap,exit   ]  Metaspace       used 146578K, capacity 154534K, committed 158896K, reserved 1183744K
[909.927s][info][gc,heap,exit   ]   class space    used 18915K, capacity 22613K, committed 25344K, reserved 1048576K
