[0.011s][info][gc] Using G1
[0.034s][info][gc,init] Version: 17.0.12+7-adhoc..jdk17u (release)
[0.034s][info][gc,init] CPUs: 6 total, 6 available
[0.034s][info][gc,init] Memory: 15591M
[0.034s][info][gc,init] Large Page Support: Disabled
[0.034s][info][gc,init] NUMA Support: Disabled
[0.034s][info][gc,init] Compressed Oops: Enabled (Zero based)
[0.034s][info][gc,init] Heap Region Size: 4M
[0.034s][info][gc,init] Heap Min Capacity: 8G
[0.034s][info][gc,init] Heap Initial Capacity: 8G
[0.035s][info][gc,init] Heap Max Capacity: 8G
[0.035s][info][gc,init] Pre-touch: Disabled
[0.035s][info][gc,init] Parallel Workers: 6
[0.035s][info][gc,init] Concurrent Workers: 2
[0.035s][info][gc,init] Concurrent Refinement Workers: 6
[0.035s][info][gc,init] Periodic GC: Disabled
[0.042s][info][gc,metaspace] CDS archive(s) mapped at: [0x0000020056000000-0x0000020056bc0000-0x0000020056bc0000), size 12320768, SharedBaseAddress: 0x0000020056000000, ArchiveRelocationMode: 1.
[0.042s][info][gc,metaspace] Compressed class space mapped at: 0x0000020057000000-0x0000020097000000, reserved size: 1073741824
[0.042s][info][gc,metaspace] Narrow klass base: 0x0000020056000000, Narrow klass shift: 0, Narrow klass range: 0x100000000
[0.783s][info][gc,start    ] GC(0) Pause Full (System.gc())
[0.783s][info][gc,task     ] GC(0) Using 6 workers of 6 for full compaction
[0.783s][info][gc,phases,start] GC(0) Phase 1: Mark live objects
[0.785s][info][gc,phases      ] GC(0) Phase 1: Mark live objects 1.786ms
[0.785s][info][gc,phases,start] GC(0) Phase 2: Prepare for compaction
[0.791s][info][gc,phases      ] GC(0) Phase 2: Prepare for compaction 5.651ms
[0.791s][info][gc,phases,start] GC(0) Phase 3: Adjust pointers
[0.792s][info][gc,phases      ] GC(0) Phase 3: Adjust pointers 1.063ms
[0.792s][info][gc,phases,start] GC(0) Phase 4: Compact heap
[0.793s][info][gc,phases      ] GC(0) Phase 4: Compact heap 1.037ms
[0.810s][info][gc,heap        ] GC(0) Eden regions: 7->0(102)
[0.810s][info][gc,heap        ] GC(0) Survivor regions: 0->0(0)
[0.810s][info][gc,heap        ] GC(0) Old regions: 0->6
[0.810s][info][gc,heap        ] GC(0) Archive regions: 0->0
[0.810s][info][gc,heap        ] GC(0) Humongous regions: 0->0
[0.810s][info][gc,metaspace   ] GC(0) Metaspace: 8529K(8768K)->8529K(8768K) NonClass: 7395K(7488K)->7395K(7488K) Class: 1134K(1280K)->1134K(1280K)
[0.810s][info][gc             ] GC(0) Pause Full (System.gc()) 26M->3M(8192M) 26.936ms
[0.810s][info][gc,cpu         ] GC(0) User=0.02s Sys=0.08s Real=0.04s
[1.119s][info][gc,start       ] GC(1) Pause Young (Normal) (G1 Evacuation Pause)
[1.119s][info][gc,task        ] GC(1) Using 6 workers of 6 for evacuation
[1.121s][info][gc,phases      ] GC(1)   Pre Evacuate Collection Set: 0.2ms
[1.121s][info][gc,phases      ] GC(1)   Merge Heap Roots: 0.2ms
[1.121s][info][gc,phases      ] GC(1)   Evacuate Collection Set: 1.0ms
[1.121s][info][gc,phases      ] GC(1)   Post Evacuate Collection Set: 0.4ms
[1.121s][info][gc,phases      ] GC(1)   Other: 0.2ms
[1.121s][info][gc,heap        ] GC(1) Eden regions: 102->0(135)
[1.121s][info][gc,heap        ] GC(1) Survivor regions: 0->1(13)
[1.121s][info][gc,heap        ] GC(1) Old regions: 6->6
[1.121s][info][gc,heap        ] GC(1) Archive regions: 0->0
[1.121s][info][gc,heap        ] GC(1) Humongous regions: 0->0
[1.121s][info][gc,metaspace   ] GC(1) Metaspace: 8733K(9024K)->8733K(9024K) NonClass: 7582K(7744K)->7582K(7744K) Class: 1151K(1280K)->1151K(1280K)
[1.121s][info][gc             ] GC(1) Pause Young (Normal) (G1 Evacuation Pause) 411M->4M(8192M) 2.108ms
[1.121s][info][gc,cpu         ] GC(1) User=0.00s Sys=0.00s Real=0.00s
[1.363s][info][gc,start       ] GC(2) Pause Young (Normal) (G1 Evacuation Pause)
[1.363s][info][gc,task        ] GC(2) Using 6 workers of 6 for evacuation
[1.366s][info][gc,phases      ] GC(2)   Pre Evacuate Collection Set: 0.2ms
[1.366s][info][gc,phases      ] GC(2)   Merge Heap Roots: 0.1ms
[1.366s][info][gc,phases      ] GC(2)   Evacuate Collection Set: 2.2ms
[1.366s][info][gc,phases      ] GC(2)   Post Evacuate Collection Set: 0.6ms
[1.366s][info][gc,phases      ] GC(2)   Other: 0.2ms
[1.366s][info][gc,heap        ] GC(2) Eden regions: 135->0(1227)
[1.366s][info][gc,heap        ] GC(2) Survivor regions: 1->1(17)
[1.366s][info][gc,heap        ] GC(2) Old regions: 6->6
[1.366s][info][gc,heap        ] GC(2) Archive regions: 0->0
[1.366s][info][gc,heap        ] GC(2) Humongous regions: 0->0
[1.366s][info][gc,metaspace   ] GC(2) Metaspace: 8733K(9024K)->8733K(9024K) NonClass: 7582K(7744K)->7582K(7744K) Class: 1151K(1280K)->1151K(1280K)
[1.366s][info][gc             ] GC(2) Pause Young (Normal) (G1 Evacuation Pause) 544M->6M(8192M) 3.504ms
[1.366s][info][gc,cpu         ] GC(2) User=0.00s Sys=0.00s Real=0.01s
[3.874s][info][gc,start       ] GC(3) Pause Young (Normal) (G1 Evacuation Pause)
[3.874s][info][gc,task        ] GC(3) Using 6 workers of 6 for evacuation
[3.888s][info][gc,phases      ] GC(3)   Pre Evacuate Collection Set: 0.2ms
[3.888s][info][gc,phases      ] GC(3)   Merge Heap Roots: 0.2ms
[3.888s][info][gc,phases      ] GC(3)   Evacuate Collection Set: 11.1ms
[3.888s][info][gc,phases      ] GC(3)   Post Evacuate Collection Set: 1.4ms
[3.888s][info][gc,phases      ] GC(3)   Other: 0.6ms
[3.888s][info][gc,heap        ] GC(3) Eden regions: 1227->0(841)
[3.888s][info][gc,heap        ] GC(3) Survivor regions: 1->5(154)
[3.888s][info][gc,heap        ] GC(3) Old regions: 6->6
[3.888s][info][gc,heap        ] GC(3) Archive regions: 0->0
[3.888s][info][gc,heap        ] GC(3) Humongous regions: 0->0
[3.888s][info][gc,metaspace   ] GC(3) Metaspace: 8737K(9024K)->8737K(9024K) NonClass: 7585K(7744K)->7585K(7744K) Class: 1151K(1280K)->1151K(1280K)
[3.888s][info][gc             ] GC(3) Pause Young (Normal) (G1 Evacuation Pause) 4914M->22M(8192M) 13.764ms
[3.888s][info][gc,cpu         ] GC(3) User=0.00s Sys=0.00s Real=0.03s
[4.738s][info][gc,start       ] GC(4) Pause Full (System.gc())
[4.738s][info][gc,task        ] GC(4) Using 6 workers of 6 for full compaction
[4.738s][info][gc,phases,start] GC(4) Phase 1: Mark live objects
[4.741s][info][gc,phases      ] GC(4) Phase 1: Mark live objects 2.356ms
[4.741s][info][gc,phases,start] GC(4) Phase 2: Prepare for compaction
[4.746s][info][gc,phases      ] GC(4) Phase 2: Prepare for compaction 4.671ms
[4.746s][info][gc,phases,start] GC(4) Phase 3: Adjust pointers
[4.748s][info][gc,phases      ] GC(4) Phase 3: Adjust pointers 1.887ms
[4.748s][info][gc,phases,start] GC(4) Phase 4: Compact heap
[4.750s][info][gc,phases      ] GC(4) Phase 4: Compact heap 1.987ms
[4.766s][info][gc,heap        ] GC(4) Eden regions: 240->0(927)
[4.767s][info][gc,heap        ] GC(4) Survivor regions: 5->0(154)
[4.767s][info][gc,heap        ] GC(4) Old regions: 6->5
[4.767s][info][gc,heap        ] GC(4) Archive regions: 0->0
[4.767s][info][gc,heap        ] GC(4) Humongous regions: 0->0
[4.767s][info][gc,metaspace   ] GC(4) Metaspace: 8903K(9152K)->8903K(9152K) NonClass: 7727K(7872K)->7727K(7872K) Class: 1175K(1280K)->1175K(1280K)
[4.767s][info][gc             ] GC(4) Pause Full (System.gc()) 980M->3M(8192M) 28.549ms
[4.767s][info][gc,cpu         ] GC(4) User=0.12s Sys=0.03s Real=0.03s
[6.432s][info][gc,start       ] GC(5) Pause Young (Normal) (G1 Evacuation Pause)
[6.432s][info][gc,task        ] GC(5) Using 6 workers of 6 for evacuation
[6.439s][info][gc,phases      ] GC(5)   Pre Evacuate Collection Set: 0.2ms
[6.439s][info][gc,phases      ] GC(5)   Merge Heap Roots: 0.2ms
[6.439s][info][gc,phases      ] GC(5)   Evacuate Collection Set: 4.7ms
[6.439s][info][gc,phases      ] GC(5)   Post Evacuate Collection Set: 1.4ms
[6.439s][info][gc,phases      ] GC(5)   Other: 0.3ms
[6.439s][info][gc,heap        ] GC(5) Eden regions: 927->0(1128)
[6.439s][info][gc,heap        ] GC(5) Survivor regions: 0->4(116)
[6.439s][info][gc,heap        ] GC(5) Old regions: 5->5
[6.439s][info][gc,heap        ] GC(5) Archive regions: 0->0
[6.439s][info][gc,heap        ] GC(5) Humongous regions: 0->0
[6.439s][info][gc,metaspace   ] GC(5) Metaspace: 8903K(9152K)->8903K(9152K) NonClass: 7727K(7872K)->7727K(7872K) Class: 1175K(1280K)->1175K(1280K)
[6.439s][info][gc             ] GC(5) Pause Young (Normal) (G1 Evacuation Pause) 3711M->16M(8192M) 6.991ms
[6.439s][info][gc,cpu         ] GC(5) User=0.06s Sys=0.03s Real=0.01s
[8.059s][info][gc,start       ] GC(6) Pause Full (System.gc())
[8.059s][info][gc,task        ] GC(6) Using 6 workers of 6 for full compaction
[8.060s][info][gc,phases,start] GC(6) Phase 1: Mark live objects
[8.062s][info][gc,phases      ] GC(6) Phase 1: Mark live objects 1.925ms
[8.062s][info][gc,phases,start] GC(6) Phase 2: Prepare for compaction
[8.067s][info][gc,phases      ] GC(6) Phase 2: Prepare for compaction 5.527ms
[8.067s][info][gc,phases,start] GC(6) Phase 3: Adjust pointers
[8.070s][info][gc,phases      ] GC(6) Phase 3: Adjust pointers 2.710ms
[8.070s][info][gc,phases,start] GC(6) Phase 4: Compact heap
[8.072s][info][gc,phases      ] GC(6) Phase 4: Compact heap 1.916ms
[8.086s][info][gc,heap        ] GC(6) Eden regions: 774->0(1128)
[8.086s][info][gc,heap        ] GC(6) Survivor regions: 4->0(116)
[8.086s][info][gc,heap        ] GC(6) Old regions: 5->5
[8.086s][info][gc,heap        ] GC(6) Archive regions: 0->0
[8.086s][info][gc,heap        ] GC(6) Humongous regions: 0->0
[8.086s][info][gc,metaspace   ] GC(6) Metaspace: 8903K(9152K)->8903K(9152K) NonClass: 7727K(7872K)->7727K(7872K) Class: 1175K(1280K)->1175K(1280K)
[8.086s][info][gc             ] GC(6) Pause Full (System.gc()) 3112M->3M(8192M) 27.172ms
[8.086s][info][gc,cpu         ] GC(6) User=0.06s Sys=0.11s Real=0.04s
[9.960s][info][gc,start       ] GC(7) Pause Young (Normal) (G1 Evacuation Pause)
[9.960s][info][gc,task        ] GC(7) Using 6 workers of 6 for evacuation
[9.968s][info][gc,phases      ] GC(7)   Pre Evacuate Collection Set: 0.2ms
[9.968s][info][gc,phases      ] GC(7)   Merge Heap Roots: 0.3ms
[9.968s][info][gc,phases      ] GC(7)   Evacuate Collection Set: 5.9ms
[9.968s][info][gc,phases      ] GC(7)   Post Evacuate Collection Set: 1.4ms
[9.968s][info][gc,phases      ] GC(7)   Other: 0.3ms
[9.968s][info][gc,heap        ] GC(7) Eden regions: 1128->0(1224)
[9.968s][info][gc,heap        ] GC(7) Survivor regions: 0->4(141)
[9.968s][info][gc,heap        ] GC(7) Old regions: 5->5
[9.968s][info][gc,heap        ] GC(7) Archive regions: 0->0
[9.968s][info][gc,heap        ] GC(7) Humongous regions: 0->0
[9.968s][info][gc,metaspace   ] GC(7) Metaspace: 8903K(9152K)->8903K(9152K) NonClass: 7727K(7872K)->7727K(7872K) Class: 1175K(1280K)->1175K(1280K)
[9.968s][info][gc             ] GC(7) Pause Young (Normal) (G1 Evacuation Pause) 4515M->19M(8192M) 8.170ms
[9.968s][info][gc,cpu         ] GC(7) User=0.02s Sys=0.03s Real=0.02s
[11.184s][info][gc,start       ] GC(8) Pause Full (System.gc())
[11.184s][info][gc,task        ] GC(8) Using 6 workers of 6 for full compaction
[11.184s][info][gc,phases,start] GC(8) Phase 1: Mark live objects
[11.186s][info][gc,phases      ] GC(8) Phase 1: Mark live objects 1.835ms
[11.186s][info][gc,phases,start] GC(8) Phase 2: Prepare for compaction
[11.191s][info][gc,phases      ] GC(8) Phase 2: Prepare for compaction 5.257ms
[11.191s][info][gc,phases,start] GC(8) Phase 3: Adjust pointers
[11.193s][info][gc,phases      ] GC(8) Phase 3: Adjust pointers 1.982ms
[11.193s][info][gc,phases,start] GC(8) Phase 4: Compact heap
[11.195s][info][gc,phases      ] GC(8) Phase 4: Compact heap 2.020ms
[11.210s][info][gc,heap        ] GC(8) Eden regions: 573->0(1228)
[11.210s][info][gc,heap        ] GC(8) Survivor regions: 4->0(141)
[11.210s][info][gc,heap        ] GC(8) Old regions: 5->6
[11.210s][info][gc,heap        ] GC(8) Archive regions: 0->0
[11.210s][info][gc,heap        ] GC(8) Humongous regions: 0->0
[11.210s][info][gc,metaspace   ] GC(8) Metaspace: 8903K(9152K)->8903K(9152K) NonClass: 7727K(7872K)->7727K(7872K) Class: 1175K(1280K)->1175K(1280K)
[11.210s][info][gc             ] GC(8) Pause Full (System.gc()) 2311M->3M(8192M) 26.148ms
[11.210s][info][gc,cpu         ] GC(8) User=0.19s Sys=0.00s Real=0.03s
[13.233s][info][gc,start       ] GC(9) Pause Young (Normal) (G1 Evacuation Pause)
[13.234s][info][gc,task        ] GC(9) Using 6 workers of 6 for evacuation
[13.242s][info][gc,phases      ] GC(9)   Pre Evacuate Collection Set: 0.2ms
[13.242s][info][gc,phases      ] GC(9)   Merge Heap Roots: 0.2ms
[13.242s][info][gc,phases      ] GC(9)   Evacuate Collection Set: 6.4ms
[13.242s][info][gc,phases      ] GC(9)   Post Evacuate Collection Set: 1.6ms
[13.242s][info][gc,phases      ] GC(9)   Other: 0.4ms
[13.242s][info][gc,heap        ] GC(9) Eden regions: 1228->0(1223)
[13.242s][info][gc,heap        ] GC(9) Survivor regions: 0->5(154)
[13.242s][info][gc,heap        ] GC(9) Old regions: 6->6
[13.242s][info][gc,heap        ] GC(9) Archive regions: 0->0
[13.242s][info][gc,heap        ] GC(9) Humongous regions: 0->0
[13.242s][info][gc,metaspace   ] GC(9) Metaspace: 8903K(9152K)->8903K(9152K) NonClass: 7727K(7872K)->7727K(7872K) Class: 1175K(1280K)->1175K(1280K)
[13.242s][info][gc             ] GC(9) Pause Young (Normal) (G1 Evacuation Pause) 4915M->20M(8192M) 8.807ms
[13.242s][info][gc,cpu         ] GC(9) User=0.00s Sys=0.00s Real=0.01s
[14.304s][info][gc,start       ] GC(10) Pause Full (System.gc())
[14.304s][info][gc,task        ] GC(10) Using 6 workers of 6 for full compaction
[14.304s][info][gc,phases,start] GC(10) Phase 1: Mark live objects
[14.306s][info][gc,phases      ] GC(10) Phase 1: Mark live objects 1.767ms
[14.306s][info][gc,phases,start] GC(10) Phase 2: Prepare for compaction
[14.311s][info][gc,phases      ] GC(10) Phase 2: Prepare for compaction 4.827ms
[14.311s][info][gc,phases,start] GC(10) Phase 3: Adjust pointers
[14.312s][info][gc,phases      ] GC(10) Phase 3: Adjust pointers 1.690ms
[14.312s][info][gc,phases,start] GC(10) Phase 4: Compact heap
[14.314s][info][gc,phases      ] GC(10) Phase 4: Compact heap 1.352ms
[14.329s][info][gc,heap        ] GC(10) Eden regions: 473->0(1228)
[14.329s][info][gc,heap        ] GC(10) Survivor regions: 5->0(154)
[14.329s][info][gc,heap        ] GC(10) Old regions: 6->5
[14.329s][info][gc,heap        ] GC(10) Archive regions: 0->0
[14.329s][info][gc,heap        ] GC(10) Humongous regions: 0->0
[14.329s][info][gc,metaspace   ] GC(10) Metaspace: 8903K(9152K)->8903K(9152K) NonClass: 7727K(7872K)->7727K(7872K) Class: 1175K(1280K)->1175K(1280K)
[14.329s][info][gc             ] GC(10) Pause Full (System.gc()) 1912M->3M(8192M) 25.354ms
[14.329s][info][gc,cpu         ] GC(10) User=0.08s Sys=0.02s Real=0.02s
[16.344s][info][gc,start       ] GC(11) Pause Young (Normal) (G1 Evacuation Pause)
[16.344s][info][gc,task        ] GC(11) Using 6 workers of 6 for evacuation
[16.353s][info][gc,phases      ] GC(11)   Pre Evacuate Collection Set: 0.2ms
[16.353s][info][gc,phases      ] GC(11)   Merge Heap Roots: 0.3ms
[16.353s][info][gc,phases      ] GC(11)   Evacuate Collection Set: 6.1ms
[16.353s][info][gc,phases      ] GC(11)   Post Evacuate Collection Set: 2.0ms
[16.353s][info][gc,phases      ] GC(11)   Other: 0.2ms
[16.353s][info][gc,heap        ] GC(11) Eden regions: 1228->0(1223)
[16.353s][info][gc,heap        ] GC(11) Survivor regions: 0->5(154)
[16.353s][info][gc,heap        ] GC(11) Old regions: 5->5
[16.353s][info][gc,heap        ] GC(11) Archive regions: 0->0
[16.353s][info][gc,heap        ] GC(11) Humongous regions: 0->0
[16.353s][info][gc,metaspace   ] GC(11) Metaspace: 8903K(9152K)->8903K(9152K) NonClass: 7727K(7872K)->7727K(7872K) Class: 1175K(1280K)->1175K(1280K)
[16.353s][info][gc             ] GC(11) Pause Young (Normal) (G1 Evacuation Pause) 4915M->20M(8192M) 8.931ms
[16.353s][info][gc,cpu         ] GC(11) User=0.00s Sys=0.00s Real=0.02s
[17.416s][info][gc,start       ] GC(12) Pause Full (System.gc())
[17.416s][info][gc,task        ] GC(12) Using 6 workers of 6 for full compaction
[17.416s][info][gc,phases,start] GC(12) Phase 1: Mark live objects
[17.418s][info][gc,phases      ] GC(12) Phase 1: Mark live objects 1.972ms
[17.418s][info][gc,phases,start] GC(12) Phase 2: Prepare for compaction
[17.423s][info][gc,phases      ] GC(12) Phase 2: Prepare for compaction 4.887ms
[17.423s][info][gc,phases,start] GC(12) Phase 3: Adjust pointers
[17.426s][info][gc,phases      ] GC(12) Phase 3: Adjust pointers 2.255ms
[17.426s][info][gc,phases,start] GC(12) Phase 4: Compact heap
[17.427s][info][gc,phases      ] GC(12) Phase 4: Compact heap 1.336ms
[17.442s][info][gc,heap        ] GC(12) Eden regions: 473->0(1228)
[17.442s][info][gc,heap        ] GC(12) Survivor regions: 5->0(154)
[17.442s][info][gc,heap        ] GC(12) Old regions: 5->6
[17.442s][info][gc,heap        ] GC(12) Archive regions: 0->0
[17.442s][info][gc,heap        ] GC(12) Humongous regions: 0->0
[17.443s][info][gc,metaspace   ] GC(12) Metaspace: 8903K(9152K)->8903K(9152K) NonClass: 7727K(7872K)->7727K(7872K) Class: 1175K(1280K)->1175K(1280K)
[17.443s][info][gc             ] GC(12) Pause Full (System.gc()) 1912M->3M(8192M) 26.485ms
[17.443s][info][gc,cpu         ] GC(12) User=0.17s Sys=0.00s Real=0.03s
[19.462s][info][gc,start       ] GC(13) Pause Young (Normal) (G1 Evacuation Pause)
[19.462s][info][gc,task        ] GC(13) Using 6 workers of 6 for evacuation
[19.470s][info][gc,phases      ] GC(13)   Pre Evacuate Collection Set: 0.3ms
[19.470s][info][gc,phases      ] GC(13)   Merge Heap Roots: 0.2ms
[19.470s][info][gc,phases      ] GC(13)   Evacuate Collection Set: 6.3ms
[19.470s][info][gc,phases      ] GC(13)   Post Evacuate Collection Set: 1.5ms
[19.471s][info][gc,phases      ] GC(13)   Other: 0.2ms
[19.471s][info][gc,heap        ] GC(13) Eden regions: 1228->0(1223)
[19.471s][info][gc,heap        ] GC(13) Survivor regions: 0->5(154)
[19.471s][info][gc,heap        ] GC(13) Old regions: 6->6
[19.471s][info][gc,heap        ] GC(13) Archive regions: 0->0
[19.471s][info][gc,heap        ] GC(13) Humongous regions: 0->0
[19.471s][info][gc,metaspace   ] GC(13) Metaspace: 8903K(9152K)->8903K(9152K) NonClass: 7727K(7872K)->7727K(7872K) Class: 1175K(1280K)->1175K(1280K)
[19.471s][info][gc             ] GC(13) Pause Young (Normal) (G1 Evacuation Pause) 4915M->21M(8192M) 8.707ms
[19.471s][info][gc,cpu         ] GC(13) User=0.09s Sys=0.00s Real=0.02s
[20.532s][info][gc,start       ] GC(14) Pause Full (System.gc())
[20.533s][info][gc,task        ] GC(14) Using 6 workers of 6 for full compaction
[20.533s][info][gc,phases,start] GC(14) Phase 1: Mark live objects
[20.535s][info][gc,phases      ] GC(14) Phase 1: Mark live objects 1.744ms
[20.535s][info][gc,phases,start] GC(14) Phase 2: Prepare for compaction
[20.539s][info][gc,phases      ] GC(14) Phase 2: Prepare for compaction 4.842ms
[20.540s][info][gc,phases,start] GC(14) Phase 3: Adjust pointers
[20.541s][info][gc,phases      ] GC(14) Phase 3: Adjust pointers 1.767ms
[20.541s][info][gc,phases,start] GC(14) Phase 4: Compact heap
[20.543s][info][gc,phases      ] GC(14) Phase 4: Compact heap 1.382ms
[20.558s][info][gc,heap        ] GC(14) Eden regions: 473->0(1228)
[20.558s][info][gc,heap        ] GC(14) Survivor regions: 5->0(154)
[20.558s][info][gc,heap        ] GC(14) Old regions: 6->5
[20.558s][info][gc,heap        ] GC(14) Archive regions: 0->0
[20.558s][info][gc,heap        ] GC(14) Humongous regions: 0->0
[20.558s][info][gc,metaspace   ] GC(14) Metaspace: 8903K(9152K)->8903K(9152K) NonClass: 7727K(7872K)->7727K(7872K) Class: 1175K(1280K)->1175K(1280K)
[20.558s][info][gc             ] GC(14) Pause Full (System.gc()) 1913M->3M(8192M) 25.347ms
[20.558s][info][gc,cpu         ] GC(14) User=0.09s Sys=0.00s Real=0.03s
[22.573s][info][gc,start       ] GC(15) Pause Young (Normal) (G1 Evacuation Pause)
[22.574s][info][gc,task        ] GC(15) Using 6 workers of 6 for evacuation
[22.582s][info][gc,phases      ] GC(15)   Pre Evacuate Collection Set: 0.3ms
[22.582s][info][gc,phases      ] GC(15)   Merge Heap Roots: 0.2ms
[22.582s][info][gc,phases      ] GC(15)   Evacuate Collection Set: 6.1ms
[22.582s][info][gc,phases      ] GC(15)   Post Evacuate Collection Set: 1.6ms
[22.582s][info][gc,phases      ] GC(15)   Other: 0.3ms
[22.582s][info][gc,heap        ] GC(15) Eden regions: 1228->0(1223)
[22.582s][info][gc,heap        ] GC(15) Survivor regions: 0->5(154)
[22.582s][info][gc,heap        ] GC(15) Old regions: 5->5
[22.582s][info][gc,heap        ] GC(15) Archive regions: 0->0
[22.582s][info][gc,heap        ] GC(15) Humongous regions: 0->0
[22.582s][info][gc,metaspace   ] GC(15) Metaspace: 8903K(9152K)->8903K(9152K) NonClass: 7727K(7872K)->7727K(7872K) Class: 1175K(1280K)->1175K(1280K)
[22.582s][info][gc             ] GC(15) Pause Young (Normal) (G1 Evacuation Pause) 4915M->20M(8192M) 8.625ms
[22.582s][info][gc,cpu         ] GC(15) User=0.09s Sys=0.00s Real=0.01s
[23.645s][info][gc,start       ] GC(16) Pause Full (System.gc())
[23.645s][info][gc,task        ] GC(16) Using 6 workers of 6 for full compaction
[23.645s][info][gc,phases,start] GC(16) Phase 1: Mark live objects
[23.647s][info][gc,phases      ] GC(16) Phase 1: Mark live objects 1.873ms
[23.647s][info][gc,phases,start] GC(16) Phase 2: Prepare for compaction
[23.652s][info][gc,phases      ] GC(16) Phase 2: Prepare for compaction 4.843ms
[23.652s][info][gc,phases,start] GC(16) Phase 3: Adjust pointers
[23.654s][info][gc,phases      ] GC(16) Phase 3: Adjust pointers 2.050ms
[23.654s][info][gc,phases,start] GC(16) Phase 4: Compact heap
[23.656s][info][gc,phases      ] GC(16) Phase 4: Compact heap 1.344ms
[23.671s][info][gc,heap        ] GC(16) Eden regions: 474->0(1228)
[23.671s][info][gc,heap        ] GC(16) Survivor regions: 5->0(154)
[23.671s][info][gc,heap        ] GC(16) Old regions: 5->5
[23.671s][info][gc,heap        ] GC(16) Archive regions: 0->0
[23.671s][info][gc,heap        ] GC(16) Humongous regions: 0->0
[23.671s][info][gc,metaspace   ] GC(16) Metaspace: 8904K(9152K)->8904K(9152K) NonClass: 7728K(7872K)->7728K(7872K) Class: 1175K(1280K)->1175K(1280K)
[23.671s][info][gc             ] GC(16) Pause Full (System.gc()) 1912M->3M(8192M) 25.709ms
[23.671s][info][gc,cpu         ] GC(16) User=0.09s Sys=0.00s Real=0.03s
[25.687s][info][gc,start       ] GC(17) Pause Young (Normal) (G1 Evacuation Pause)
[25.687s][info][gc,task        ] GC(17) Using 6 workers of 6 for evacuation
[25.696s][info][gc,phases      ] GC(17)   Pre Evacuate Collection Set: 0.2ms
[25.697s][info][gc,phases      ] GC(17)   Merge Heap Roots: 0.2ms
[25.697s][info][gc,phases      ] GC(17)   Evacuate Collection Set: 6.2ms
[25.697s][info][gc,phases      ] GC(17)   Post Evacuate Collection Set: 1.6ms
[25.697s][info][gc,phases      ] GC(17)   Other: 0.2ms
[25.697s][info][gc,heap        ] GC(17) Eden regions: 1228->0(1223)
[25.697s][info][gc,heap        ] GC(17) Survivor regions: 0->5(154)
[25.697s][info][gc,heap        ] GC(17) Old regions: 5->5
[25.697s][info][gc,heap        ] GC(17) Archive regions: 0->0
[25.697s][info][gc,heap        ] GC(17) Humongous regions: 0->0
[25.697s][info][gc,metaspace   ] GC(17) Metaspace: 8906K(9152K)->8906K(9152K) NonClass: 7731K(7872K)->7731K(7872K) Class: 1175K(1280K)->1175K(1280K)
[25.697s][info][gc             ] GC(17) Pause Young (Normal) (G1 Evacuation Pause) 4915M->20M(8192M) 9.717ms
[25.697s][info][gc,cpu         ] GC(17) User=0.00s Sys=0.00s Real=0.02s
[26.760s][info][gc,start       ] GC(18) Pause Full (System.gc())
[26.760s][info][gc,task        ] GC(18) Using 6 workers of 6 for full compaction
[26.760s][info][gc,phases,start] GC(18) Phase 1: Mark live objects
[26.762s][info][gc,phases      ] GC(18) Phase 1: Mark live objects 1.782ms
[26.762s][info][gc,phases,start] GC(18) Phase 2: Prepare for compaction
[26.767s][info][gc,phases      ] GC(18) Phase 2: Prepare for compaction 4.885ms
[26.767s][info][gc,phases,start] GC(18) Phase 3: Adjust pointers
[26.769s][info][gc,phases      ] GC(18) Phase 3: Adjust pointers 1.707ms
[26.769s][info][gc,phases,start] GC(18) Phase 4: Compact heap
[26.770s][info][gc,phases      ] GC(18) Phase 4: Compact heap 1.449ms
[26.785s][info][gc,heap        ] GC(18) Eden regions: 473->0(1228)
[26.785s][info][gc,heap        ] GC(18) Survivor regions: 5->0(154)
[26.785s][info][gc,heap        ] GC(18) Old regions: 5->5
[26.785s][info][gc,heap        ] GC(18) Archive regions: 0->0
[26.785s][info][gc,heap        ] GC(18) Humongous regions: 0->0
[26.785s][info][gc,metaspace   ] GC(18) Metaspace: 8910K(9152K)->8910K(9152K) NonClass: 7734K(7872K)->7734K(7872K) Class: 1175K(1280K)->1175K(1280K)
[26.785s][info][gc             ] GC(18) Pause Full (System.gc()) 1912M->3M(8192M) 25.530ms
[26.785s][info][gc,cpu         ] GC(18) User=0.11s Sys=0.00s Real=0.04s
[28.803s][info][gc,start       ] GC(19) Pause Young (Normal) (G1 Evacuation Pause)
[28.803s][info][gc,task        ] GC(19) Using 6 workers of 6 for evacuation
[28.811s][info][gc,phases      ] GC(19)   Pre Evacuate Collection Set: 0.1ms
[28.811s][info][gc,phases      ] GC(19)   Merge Heap Roots: 0.2ms
[28.811s][info][gc,phases      ] GC(19)   Evacuate Collection Set: 6.1ms
[28.811s][info][gc,phases      ] GC(19)   Post Evacuate Collection Set: 1.6ms
[28.811s][info][gc,phases      ] GC(19)   Other: 0.2ms
[28.811s][info][gc,heap        ] GC(19) Eden regions: 1228->0(1223)
[28.811s][info][gc,heap        ] GC(19) Survivor regions: 0->5(154)
[28.811s][info][gc,heap        ] GC(19) Old regions: 5->5
[28.811s][info][gc,heap        ] GC(19) Archive regions: 0->0
[28.811s][info][gc,heap        ] GC(19) Humongous regions: 0->0
[28.811s][info][gc,metaspace   ] GC(19) Metaspace: 8912K(9152K)->8912K(9152K) NonClass: 7736K(7872K)->7736K(7872K) Class: 1175K(1280K)->1175K(1280K)
[28.811s][info][gc             ] GC(19) Pause Young (Normal) (G1 Evacuation Pause) 4915M->20M(8192M) 8.382ms
[28.811s][info][gc,cpu         ] GC(19) User=0.03s Sys=0.00s Real=0.01s
[29.875s][info][gc,start       ] GC(20) Pause Full (System.gc())
[29.875s][info][gc,task        ] GC(20) Using 6 workers of 6 for full compaction
[29.875s][info][gc,phases,start] GC(20) Phase 1: Mark live objects
[29.877s][info][gc,phases      ] GC(20) Phase 1: Mark live objects 1.750ms
[29.877s][info][gc,phases,start] GC(20) Phase 2: Prepare for compaction
[29.882s][info][gc,phases      ] GC(20) Phase 2: Prepare for compaction 4.836ms
[29.882s][info][gc,phases,start] GC(20) Phase 3: Adjust pointers
[29.884s][info][gc,phases      ] GC(20) Phase 3: Adjust pointers 1.727ms
[29.884s][info][gc,phases,start] GC(20) Phase 4: Compact heap
[29.885s][info][gc,phases      ] GC(20) Phase 4: Compact heap 1.371ms
[29.900s][info][gc,heap        ] GC(20) Eden regions: 473->0(1228)
[29.900s][info][gc,heap        ] GC(20) Survivor regions: 5->0(154)
[29.900s][info][gc,heap        ] GC(20) Old regions: 5->6
[29.900s][info][gc,heap        ] GC(20) Archive regions: 0->0
[29.900s][info][gc,heap        ] GC(20) Humongous regions: 0->0
[29.900s][info][gc,metaspace   ] GC(20) Metaspace: 8917K(9152K)->8917K(9152K) NonClass: 7741K(7872K)->7741K(7872K) Class: 1175K(1280K)->1175K(1280K)
[29.900s][info][gc             ] GC(20) Pause Full (System.gc()) 1912M->3M(8192M) 25.320ms
[29.900s][info][gc,cpu         ] GC(20) User=0.09s Sys=0.00s Real=0.03s
[31.918s][info][gc,start       ] GC(21) Pause Young (Normal) (G1 Evacuation Pause)
[31.918s][info][gc,task        ] GC(21) Using 6 workers of 6 for evacuation
[31.927s][info][gc,phases      ] GC(21)   Pre Evacuate Collection Set: 0.3ms
[31.927s][info][gc,phases      ] GC(21)   Merge Heap Roots: 0.3ms
[31.927s][info][gc,phases      ] GC(21)   Evacuate Collection Set: 6.2ms
[31.927s][info][gc,phases      ] GC(21)   Post Evacuate Collection Set: 1.6ms
[31.927s][info][gc,phases      ] GC(21)   Other: 0.3ms
[31.927s][info][gc,heap        ] GC(21) Eden regions: 1228->0(1223)
[31.927s][info][gc,heap        ] GC(21) Survivor regions: 0->5(154)
[31.927s][info][gc,heap        ] GC(21) Old regions: 6->6
[31.927s][info][gc,heap        ] GC(21) Archive regions: 0->0
[31.927s][info][gc,heap        ] GC(21) Humongous regions: 0->0
[31.927s][info][gc,metaspace   ] GC(21) Metaspace: 8918K(9152K)->8918K(9152K) NonClass: 7742K(7872K)->7742K(7872K) Class: 1175K(1280K)->1175K(1280K)
[31.927s][info][gc             ] GC(21) Pause Young (Normal) (G1 Evacuation Pause) 4915M->20M(8192M) 8.730ms
[31.927s][info][gc,cpu         ] GC(21) User=0.09s Sys=0.00s Real=0.01s
[32.989s][info][gc,start       ] GC(22) Pause Full (System.gc())
[32.989s][info][gc,task        ] GC(22) Using 6 workers of 6 for full compaction
[32.990s][info][gc,phases,start] GC(22) Phase 1: Mark live objects
[32.991s][info][gc,phases      ] GC(22) Phase 1: Mark live objects 1.909ms
[32.992s][info][gc,phases,start] GC(22) Phase 2: Prepare for compaction
[32.996s][info][gc,phases      ] GC(22) Phase 2: Prepare for compaction 4.831ms
[32.996s][info][gc,phases,start] GC(22) Phase 3: Adjust pointers
[32.998s][info][gc,phases      ] GC(22) Phase 3: Adjust pointers 1.719ms
[32.998s][info][gc,phases,start] GC(22) Phase 4: Compact heap
[33.000s][info][gc,phases      ] GC(22) Phase 4: Compact heap 1.392ms
[33.015s][info][gc,heap        ] GC(22) Eden regions: 473->0(1228)
[33.015s][info][gc,heap        ] GC(22) Survivor regions: 5->0(154)
[33.015s][info][gc,heap        ] GC(22) Old regions: 6->5
[33.015s][info][gc,heap        ] GC(22) Archive regions: 0->0
[33.015s][info][gc,heap        ] GC(22) Humongous regions: 0->0
[33.015s][info][gc,metaspace   ] GC(22) Metaspace: 8918K(9152K)->8918K(9152K) NonClass: 7742K(7872K)->7742K(7872K) Class: 1175K(1280K)->1175K(1280K)
[33.015s][info][gc             ] GC(22) Pause Full (System.gc()) 1912M->3M(8192M) 25.498ms
[33.015s][info][gc,cpu         ] GC(22) User=0.09s Sys=0.00s Real=0.04s
[35.030s][info][gc,start       ] GC(23) Pause Young (Normal) (G1 Evacuation Pause)
[35.030s][info][gc,task        ] GC(23) Using 6 workers of 6 for evacuation
[35.039s][info][gc,phases      ] GC(23)   Pre Evacuate Collection Set: 0.3ms
[35.039s][info][gc,phases      ] GC(23)   Merge Heap Roots: 0.2ms
[35.039s][info][gc,phases      ] GC(23)   Evacuate Collection Set: 6.3ms
[35.039s][info][gc,phases      ] GC(23)   Post Evacuate Collection Set: 1.5ms
[35.039s][info][gc,phases      ] GC(23)   Other: 0.2ms
[35.039s][info][gc,heap        ] GC(23) Eden regions: 1228->0(1223)
[35.039s][info][gc,heap        ] GC(23) Survivor regions: 0->5(154)
[35.039s][info][gc,heap        ] GC(23) Old regions: 5->5
[35.039s][info][gc,heap        ] GC(23) Archive regions: 0->0
[35.039s][info][gc,heap        ] GC(23) Humongous regions: 0->0
[35.039s][info][gc,metaspace   ] GC(23) Metaspace: 8920K(9152K)->8920K(9152K) NonClass: 7744K(7872K)->7744K(7872K) Class: 1175K(1280K)->1175K(1280K)
[35.039s][info][gc             ] GC(23) Pause Young (Normal) (G1 Evacuation Pause) 4915M->20M(8192M) 8.766ms
[35.039s][info][gc,cpu         ] GC(23) User=0.00s Sys=0.00s Real=0.01s
[36.098s][info][gc,start       ] GC(24) Pause Full (System.gc())
[36.098s][info][gc,task        ] GC(24) Using 6 workers of 6 for full compaction
[36.098s][info][gc,phases,start] GC(24) Phase 1: Mark live objects
[36.100s][info][gc,phases      ] GC(24) Phase 1: Mark live objects 1.788ms
[36.100s][info][gc,phases,start] GC(24) Phase 2: Prepare for compaction
[36.105s][info][gc,phases      ] GC(24) Phase 2: Prepare for compaction 5.065ms
[36.105s][info][gc,phases,start] GC(24) Phase 3: Adjust pointers
[36.107s][info][gc,phases      ] GC(24) Phase 3: Adjust pointers 1.720ms
[36.107s][info][gc,phases,start] GC(24) Phase 4: Compact heap
[36.109s][info][gc,phases      ] GC(24) Phase 4: Compact heap 1.707ms
[36.124s][info][gc,heap        ] GC(24) Eden regions: 473->0(1228)
[36.124s][info][gc,heap        ] GC(24) Survivor regions: 5->0(154)
[36.124s][info][gc,heap        ] GC(24) Old regions: 5->5
[36.124s][info][gc,heap        ] GC(24) Archive regions: 0->0
[36.124s][info][gc,heap        ] GC(24) Humongous regions: 0->0
[36.124s][info][gc,metaspace   ] GC(24) Metaspace: 8922K(9152K)->8922K(9152K) NonClass: 7746K(7872K)->7746K(7872K) Class: 1175K(1280K)->1175K(1280K)
[36.124s][info][gc             ] GC(24) Pause Full (System.gc()) 1912M->3M(8192M) 25.803ms
[36.124s][info][gc,cpu         ] GC(24) User=0.08s Sys=0.00s Real=0.03s
[38.138s][info][gc,start       ] GC(25) Pause Young (Normal) (G1 Evacuation Pause)
[38.138s][info][gc,task        ] GC(25) Using 6 workers of 6 for evacuation
[38.146s][info][gc,phases      ] GC(25)   Pre Evacuate Collection Set: 0.3ms
[38.146s][info][gc,phases      ] GC(25)   Merge Heap Roots: 0.2ms
[38.146s][info][gc,phases      ] GC(25)   Evacuate Collection Set: 6.3ms
[38.146s][info][gc,phases      ] GC(25)   Post Evacuate Collection Set: 1.6ms
[38.146s][info][gc,phases      ] GC(25)   Other: 0.2ms
[38.146s][info][gc,heap        ] GC(25) Eden regions: 1228->0(1223)
[38.146s][info][gc,heap        ] GC(25) Survivor regions: 0->5(154)
[38.146s][info][gc,heap        ] GC(25) Old regions: 5->5
[38.146s][info][gc,heap        ] GC(25) Archive regions: 0->0
[38.146s][info][gc,heap        ] GC(25) Humongous regions: 0->0
[38.146s][info][gc,metaspace   ] GC(25) Metaspace: 8922K(9152K)->8922K(9152K) NonClass: 7746K(7872K)->7746K(7872K) Class: 1175K(1280K)->1175K(1280K)
[38.146s][info][gc             ] GC(25) Pause Young (Normal) (G1 Evacuation Pause) 4915M->20M(8192M) 8.858ms
[38.146s][info][gc,cpu         ] GC(25) User=0.09s Sys=0.00s Real=0.01s
[39.210s][info][gc,start       ] GC(26) Pause Full (System.gc())
[39.210s][info][gc,task        ] GC(26) Using 6 workers of 6 for full compaction
[39.210s][info][gc,phases,start] GC(26) Phase 1: Mark live objects
[39.212s][info][gc,phases      ] GC(26) Phase 1: Mark live objects 1.690ms
[39.212s][info][gc,phases,start] GC(26) Phase 2: Prepare for compaction
[39.217s][info][gc,phases      ] GC(26) Phase 2: Prepare for compaction 4.877ms
[39.217s][info][gc,phases,start] GC(26) Phase 3: Adjust pointers
[39.219s][info][gc,phases      ] GC(26) Phase 3: Adjust pointers 2.022ms
[39.219s][info][gc,phases,start] GC(26) Phase 4: Compact heap
[39.221s][info][gc,phases      ] GC(26) Phase 4: Compact heap 1.410ms
[39.236s][info][gc,heap        ] GC(26) Eden regions: 473->0(1228)
[39.236s][info][gc,heap        ] GC(26) Survivor regions: 5->0(154)
[39.236s][info][gc,heap        ] GC(26) Old regions: 5->5
[39.236s][info][gc,heap        ] GC(26) Archive regions: 0->0
[39.236s][info][gc,heap        ] GC(26) Humongous regions: 0->0
[39.236s][info][gc,metaspace   ] GC(26) Metaspace: 8922K(9152K)->8922K(9152K) NonClass: 7746K(7872K)->7746K(7872K) Class: 1175K(1280K)->1175K(1280K)
[39.236s][info][gc             ] GC(26) Pause Full (System.gc()) 1912M->3M(8192M) 26.065ms
[39.236s][info][gc,cpu         ] GC(26) User=0.09s Sys=0.00s Real=0.02s
[41.252s][info][gc,start       ] GC(27) Pause Young (Normal) (G1 Evacuation Pause)
[41.252s][info][gc,task        ] GC(27) Using 6 workers of 6 for evacuation
[41.261s][info][gc,phases      ] GC(27)   Pre Evacuate Collection Set: 0.3ms
[41.261s][info][gc,phases      ] GC(27)   Merge Heap Roots: 0.1ms
[41.261s][info][gc,phases      ] GC(27)   Evacuate Collection Set: 6.0ms
[41.261s][info][gc,phases      ] GC(27)   Post Evacuate Collection Set: 1.6ms
[41.261s][info][gc,phases      ] GC(27)   Other: 0.2ms
[41.261s][info][gc,heap        ] GC(27) Eden regions: 1228->0(1223)
[41.261s][info][gc,heap        ] GC(27) Survivor regions: 0->5(154)
[41.261s][info][gc,heap        ] GC(27) Old regions: 5->5
[41.261s][info][gc,heap        ] GC(27) Archive regions: 0->0
[41.261s][info][gc,heap        ] GC(27) Humongous regions: 0->0
[41.261s][info][gc,metaspace   ] GC(27) Metaspace: 8935K(9152K)->8935K(9152K) NonClass: 7759K(7872K)->7759K(7872K) Class: 1175K(1280K)->1175K(1280K)
[41.261s][info][gc             ] GC(27) Pause Young (Normal) (G1 Evacuation Pause) 4915M->20M(8192M) 8.396ms
[41.261s][info][gc,cpu         ] GC(27) User=0.00s Sys=0.00s Real=0.01s
[42.321s][info][gc,start       ] GC(28) Pause Full (System.gc())
[42.321s][info][gc,task        ] GC(28) Using 6 workers of 6 for full compaction
[42.321s][info][gc,phases,start] GC(28) Phase 1: Mark live objects
[42.323s][info][gc,phases      ] GC(28) Phase 1: Mark live objects 1.964ms
[42.323s][info][gc,phases,start] GC(28) Phase 2: Prepare for compaction
[42.328s][info][gc,phases      ] GC(28) Phase 2: Prepare for compaction 4.849ms
[42.328s][info][gc,phases,start] GC(28) Phase 3: Adjust pointers
[42.331s][info][gc,phases      ] GC(28) Phase 3: Adjust pointers 2.169ms
[42.331s][info][gc,phases,start] GC(28) Phase 4: Compact heap
[42.332s][info][gc,phases      ] GC(28) Phase 4: Compact heap 1.627ms
[42.348s][info][gc,heap        ] GC(28) Eden regions: 473->0(1228)
[42.348s][info][gc,heap        ] GC(28) Survivor regions: 5->0(154)
[42.348s][info][gc,heap        ] GC(28) Old regions: 5->6
[42.348s][info][gc,heap        ] GC(28) Archive regions: 0->0
[42.348s][info][gc,heap        ] GC(28) Humongous regions: 0->0
[42.348s][info][gc,metaspace   ] GC(28) Metaspace: 8937K(9152K)->8937K(9152K) NonClass: 7761K(7872K)->7761K(7872K) Class: 1175K(1280K)->1175K(1280K)
[42.348s][info][gc             ] GC(28) Pause Full (System.gc()) 1912M->3M(8192M) 26.729ms
[42.348s][info][gc,cpu         ] GC(28) User=0.17s Sys=0.02s Real=0.04s
[44.361s][info][gc,start       ] GC(29) Pause Young (Normal) (G1 Evacuation Pause)
[44.362s][info][gc,task        ] GC(29) Using 6 workers of 6 for evacuation
[44.370s][info][gc,phases      ] GC(29)   Pre Evacuate Collection Set: 0.2ms
[44.370s][info][gc,phases      ] GC(29)   Merge Heap Roots: 0.2ms
[44.370s][info][gc,phases      ] GC(29)   Evacuate Collection Set: 6.3ms
[44.370s][info][gc,phases      ] GC(29)   Post Evacuate Collection Set: 1.6ms
[44.370s][info][gc,phases      ] GC(29)   Other: 0.2ms
[44.370s][info][gc,heap        ] GC(29) Eden regions: 1228->0(1223)
[44.370s][info][gc,heap        ] GC(29) Survivor regions: 0->5(154)
[44.370s][info][gc,heap        ] GC(29) Old regions: 6->6
[44.370s][info][gc,heap        ] GC(29) Archive regions: 0->0
[44.370s][info][gc,heap        ] GC(29) Humongous regions: 0->0
[44.370s][info][gc,metaspace   ] GC(29) Metaspace: 8938K(9152K)->8938K(9152K) NonClass: 7762K(7872K)->7762K(7872K) Class: 1175K(1280K)->1175K(1280K)
[44.370s][info][gc             ] GC(29) Pause Young (Normal) (G1 Evacuation Pause) 4915M->20M(8192M) 8.565ms
[44.370s][info][gc,cpu         ] GC(29) User=0.00s Sys=0.00s Real=0.01s
[45.433s][info][gc,start       ] GC(30) Pause Full (System.gc())
[45.433s][info][gc,task        ] GC(30) Using 6 workers of 6 for full compaction
[45.434s][info][gc,phases,start] GC(30) Phase 1: Mark live objects
[45.436s][info][gc,phases      ] GC(30) Phase 1: Mark live objects 1.937ms
[45.436s][info][gc,phases,start] GC(30) Phase 2: Prepare for compaction
[45.440s][info][gc,phases      ] GC(30) Phase 2: Prepare for compaction 4.810ms
[45.440s][info][gc,phases,start] GC(30) Phase 3: Adjust pointers
[45.442s][info][gc,phases      ] GC(30) Phase 3: Adjust pointers 1.701ms
[45.442s][info][gc,phases,start] GC(30) Phase 4: Compact heap
[45.444s][info][gc,phases      ] GC(30) Phase 4: Compact heap 1.346ms
[45.458s][info][gc,heap        ] GC(30) Eden regions: 473->0(1228)
[45.459s][info][gc,heap        ] GC(30) Survivor regions: 5->0(154)
[45.459s][info][gc,heap        ] GC(30) Old regions: 6->5
[45.459s][info][gc,heap        ] GC(30) Archive regions: 0->0
[45.459s][info][gc,heap        ] GC(30) Humongous regions: 0->0
[45.459s][info][gc,metaspace   ] GC(30) Metaspace: 8940K(9152K)->8940K(9152K) NonClass: 7764K(7872K)->7764K(7872K) Class: 1175K(1280K)->1175K(1280K)
[45.459s][info][gc             ] GC(30) Pause Full (System.gc()) 1912M->3M(8192M) 25.433ms
[45.459s][info][gc,cpu         ] GC(30) User=0.19s Sys=0.00s Real=0.04s
[47.474s][info][gc,start       ] GC(31) Pause Young (Normal) (G1 Evacuation Pause)
[47.474s][info][gc,task        ] GC(31) Using 6 workers of 6 for evacuation
[47.483s][info][gc,phases      ] GC(31)   Pre Evacuate Collection Set: 0.2ms
[47.483s][info][gc,phases      ] GC(31)   Merge Heap Roots: 0.3ms
[47.483s][info][gc,phases      ] GC(31)   Evacuate Collection Set: 6.4ms
[47.483s][info][gc,phases      ] GC(31)   Post Evacuate Collection Set: 1.5ms
[47.483s][info][gc,phases      ] GC(31)   Other: 0.3ms
[47.483s][info][gc,heap        ] GC(31) Eden regions: 1228->0(1223)
[47.483s][info][gc,heap        ] GC(31) Survivor regions: 0->5(154)
[47.483s][info][gc,heap        ] GC(31) Old regions: 5->5
[47.483s][info][gc,heap        ] GC(31) Archive regions: 0->0
[47.483s][info][gc,heap        ] GC(31) Humongous regions: 0->0
[47.483s][info][gc,metaspace   ] GC(31) Metaspace: 8946K(9152K)->8946K(9152K) NonClass: 7771K(7872K)->7771K(7872K) Class: 1175K(1280K)->1175K(1280K)
[47.483s][info][gc             ] GC(31) Pause Young (Normal) (G1 Evacuation Pause) 4915M->20M(8192M) 8.712ms
[47.483s][info][gc,cpu         ] GC(31) User=0.09s Sys=0.00s Real=0.01s
[48.545s][info][gc,start       ] GC(32) Pause Full (System.gc())
[48.545s][info][gc,task        ] GC(32) Using 6 workers of 6 for full compaction
[48.546s][info][gc,phases,start] GC(32) Phase 1: Mark live objects
[48.547s][info][gc,phases      ] GC(32) Phase 1: Mark live objects 1.703ms
[48.547s][info][gc,phases,start] GC(32) Phase 2: Prepare for compaction
[48.552s][info][gc,phases      ] GC(32) Phase 2: Prepare for compaction 4.908ms
[48.552s][info][gc,phases,start] GC(32) Phase 3: Adjust pointers
[48.554s][info][gc,phases      ] GC(32) Phase 3: Adjust pointers 1.698ms
[48.554s][info][gc,phases,start] GC(32) Phase 4: Compact heap
[48.556s][info][gc,phases      ] GC(32) Phase 4: Compact heap 1.403ms
[48.571s][info][gc,heap        ] GC(32) Eden regions: 473->0(1228)
[48.571s][info][gc,heap        ] GC(32) Survivor regions: 5->0(154)
[48.571s][info][gc,heap        ] GC(32) Old regions: 5->5
[48.571s][info][gc,heap        ] GC(32) Archive regions: 0->0
[48.571s][info][gc,heap        ] GC(32) Humongous regions: 0->0
[48.571s][info][gc,metaspace   ] GC(32) Metaspace: 8949K(9152K)->8949K(9152K) NonClass: 7773K(7872K)->7773K(7872K) Class: 1175K(1280K)->1175K(1280K)
[48.571s][info][gc             ] GC(32) Pause Full (System.gc()) 1912M->3M(8192M) 25.394ms
[48.571s][info][gc,cpu         ] GC(32) User=0.09s Sys=0.00s Real=0.03s
[50.585s][info][gc,start       ] GC(33) Pause Young (Normal) (G1 Evacuation Pause)
[50.585s][info][gc,task        ] GC(33) Using 6 workers of 6 for evacuation
[50.594s][info][gc,phases      ] GC(33)   Pre Evacuate Collection Set: 0.2ms
[50.594s][info][gc,phases      ] GC(33)   Merge Heap Roots: 0.3ms
[50.594s][info][gc,phases      ] GC(33)   Evacuate Collection Set: 6.2ms
[50.594s][info][gc,phases      ] GC(33)   Post Evacuate Collection Set: 1.6ms
[50.594s][info][gc,phases      ] GC(33)   Other: 0.3ms
[50.594s][info][gc,heap        ] GC(33) Eden regions: 1228->0(1223)
[50.594s][info][gc,heap        ] GC(33) Survivor regions: 0->5(154)
[50.594s][info][gc,heap        ] GC(33) Old regions: 5->5
[50.594s][info][gc,heap        ] GC(33) Archive regions: 0->0
[50.594s][info][gc,heap        ] GC(33) Humongous regions: 0->0
[50.594s][info][gc,metaspace   ] GC(33) Metaspace: 8950K(9152K)->8950K(9152K) NonClass: 7774K(7872K)->7774K(7872K) Class: 1175K(1280K)->1175K(1280K)
[50.594s][info][gc             ] GC(33) Pause Young (Normal) (G1 Evacuation Pause) 4915M->20M(8192M) 8.664ms
[50.594s][info][gc,cpu         ] GC(33) User=0.09s Sys=0.00s Real=0.01s
[51.657s][info][gc,start       ] GC(34) Pause Full (System.gc())
[51.657s][info][gc,task        ] GC(34) Using 6 workers of 6 for full compaction
[51.658s][info][gc,phases,start] GC(34) Phase 1: Mark live objects
[51.660s][info][gc,phases      ] GC(34) Phase 1: Mark live objects 1.851ms
[51.660s][info][gc,phases,start] GC(34) Phase 2: Prepare for compaction
[51.664s][info][gc,phases      ] GC(34) Phase 2: Prepare for compaction 4.859ms
[51.665s][info][gc,phases,start] GC(34) Phase 3: Adjust pointers
[51.666s][info][gc,phases      ] GC(34) Phase 3: Adjust pointers 1.724ms
[51.666s][info][gc,phases,start] GC(34) Phase 4: Compact heap
[51.668s][info][gc,phases      ] GC(34) Phase 4: Compact heap 1.396ms
[51.683s][info][gc,heap        ] GC(34) Eden regions: 473->0(1228)
[51.683s][info][gc,heap        ] GC(34) Survivor regions: 5->0(154)
[51.683s][info][gc,heap        ] GC(34) Old regions: 5->6
[51.683s][info][gc,heap        ] GC(34) Archive regions: 0->0
[51.683s][info][gc,heap        ] GC(34) Humongous regions: 0->0
[51.683s][info][gc,metaspace   ] GC(34) Metaspace: 8950K(9152K)->8950K(9152K) NonClass: 7774K(7872K)->7774K(7872K) Class: 1175K(1280K)->1175K(1280K)
[51.683s][info][gc             ] GC(34) Pause Full (System.gc()) 1912M->3M(8192M) 25.349ms
[51.683s][info][gc,cpu         ] GC(34) User=0.09s Sys=0.00s Real=0.03s
[53.697s][info][gc,start       ] GC(35) Pause Young (Normal) (G1 Evacuation Pause)
[53.697s][info][gc,task        ] GC(35) Using 6 workers of 6 for evacuation
[53.705s][info][gc,phases      ] GC(35)   Pre Evacuate Collection Set: 0.2ms
[53.705s][info][gc,phases      ] GC(35)   Merge Heap Roots: 0.2ms
[53.705s][info][gc,phases      ] GC(35)   Evacuate Collection Set: 6.1ms
[53.705s][info][gc,phases      ] GC(35)   Post Evacuate Collection Set: 1.5ms
[53.705s][info][gc,phases      ] GC(35)   Other: 0.3ms
[53.705s][info][gc,heap        ] GC(35) Eden regions: 1228->0(1224)
[53.705s][info][gc,heap        ] GC(35) Survivor regions: 0->4(154)
[53.705s][info][gc,heap        ] GC(35) Old regions: 6->6
[53.705s][info][gc,heap        ] GC(35) Archive regions: 0->0
[53.705s][info][gc,heap        ] GC(35) Humongous regions: 0->0
[53.705s][info][gc,metaspace   ] GC(35) Metaspace: 8951K(9152K)->8951K(9152K) NonClass: 7775K(7872K)->7775K(7872K) Class: 1175K(1280K)->1175K(1280K)
[53.706s][info][gc             ] GC(35) Pause Young (Normal) (G1 Evacuation Pause) 4915M->19M(8192M) 8.410ms
[53.706s][info][gc,cpu         ] GC(35) User=0.09s Sys=0.00s Real=0.01s
[54.765s][info][gc,start       ] GC(36) Pause Full (System.gc())
[54.765s][info][gc,task        ] GC(36) Using 6 workers of 6 for full compaction
[54.765s][info][gc,phases,start] GC(36) Phase 1: Mark live objects
[54.767s][info][gc,phases      ] GC(36) Phase 1: Mark live objects 1.798ms
[54.767s][info][gc,phases,start] GC(36) Phase 2: Prepare for compaction
[54.772s][info][gc,phases      ] GC(36) Phase 2: Prepare for compaction 4.954ms
[54.772s][info][gc,phases,start] GC(36) Phase 3: Adjust pointers
[54.774s][info][gc,phases      ] GC(36) Phase 3: Adjust pointers 2.215ms
[54.774s][info][gc,phases,start] GC(36) Phase 4: Compact heap
[54.776s][info][gc,phases      ] GC(36) Phase 4: Compact heap 1.645ms
[54.791s][info][gc,heap        ] GC(36) Eden regions: 473->0(1228)
[54.791s][info][gc,heap        ] GC(36) Survivor regions: 4->0(154)
[54.791s][info][gc,heap        ] GC(36) Old regions: 6->5
[54.791s][info][gc,heap        ] GC(36) Archive regions: 0->0
[54.791s][info][gc,heap        ] GC(36) Humongous regions: 0->0
[54.791s][info][gc,metaspace   ] GC(36) Metaspace: 8951K(9152K)->8951K(9152K) NonClass: 7775K(7872K)->7775K(7872K) Class: 1175K(1280K)->1175K(1280K)
[54.791s][info][gc             ] GC(36) Pause Full (System.gc()) 1911M->3M(8192M) 26.314ms
[54.791s][info][gc,cpu         ] GC(36) User=0.08s Sys=0.00s Real=0.03s
[56.809s][info][gc,start       ] GC(37) Pause Young (Normal) (G1 Evacuation Pause)
[56.809s][info][gc,task        ] GC(37) Using 6 workers of 6 for evacuation
[56.818s][info][gc,phases      ] GC(37)   Pre Evacuate Collection Set: 0.2ms
[56.818s][info][gc,phases      ] GC(37)   Merge Heap Roots: 0.3ms
[56.818s][info][gc,phases      ] GC(37)   Evacuate Collection Set: 6.4ms
[56.818s][info][gc,phases      ] GC(37)   Post Evacuate Collection Set: 1.6ms
[56.818s][info][gc,phases      ] GC(37)   Other: 0.3ms
[56.818s][info][gc,heap        ] GC(37) Eden regions: 1228->0(1223)
[56.818s][info][gc,heap        ] GC(37) Survivor regions: 0->5(154)
[56.818s][info][gc,heap        ] GC(37) Old regions: 5->5
[56.818s][info][gc,heap        ] GC(37) Archive regions: 0->0
[56.818s][info][gc,heap        ] GC(37) Humongous regions: 0->0
[56.818s][info][gc,metaspace   ] GC(37) Metaspace: 8951K(9152K)->8951K(9152K) NonClass: 7775K(7872K)->7775K(7872K) Class: 1175K(1280K)->1175K(1280K)
[56.818s][info][gc             ] GC(37) Pause Young (Normal) (G1 Evacuation Pause) 4915M->20M(8192M) 8.832ms
[56.818s][info][gc,cpu         ] GC(37) User=0.09s Sys=0.00s Real=0.02s
[57.880s][info][gc,start       ] GC(38) Pause Full (System.gc())
[57.881s][info][gc,task        ] GC(38) Using 6 workers of 6 for full compaction
[57.881s][info][gc,phases,start] GC(38) Phase 1: Mark live objects
[57.883s][info][gc,phases      ] GC(38) Phase 1: Mark live objects 1.778ms
[57.883s][info][gc,phases,start] GC(38) Phase 2: Prepare for compaction
[57.888s][info][gc,phases      ] GC(38) Phase 2: Prepare for compaction 5.101ms
[57.888s][info][gc,phases,start] GC(38) Phase 3: Adjust pointers
[57.890s][info][gc,phases      ] GC(38) Phase 3: Adjust pointers 2.265ms
[57.890s][info][gc,phases,start] GC(38) Phase 4: Compact heap
[57.892s][info][gc,phases      ] GC(38) Phase 4: Compact heap 1.442ms
[57.907s][info][gc,heap        ] GC(38) Eden regions: 473->0(1228)
[57.907s][info][gc,heap        ] GC(38) Survivor regions: 5->0(154)
[57.907s][info][gc,heap        ] GC(38) Old regions: 5->5
[57.907s][info][gc,heap        ] GC(38) Archive regions: 0->0
[57.907s][info][gc,heap        ] GC(38) Humongous regions: 0->0
[57.907s][info][gc,metaspace   ] GC(38) Metaspace: 8951K(9152K)->8951K(9152K) NonClass: 7775K(7872K)->7775K(7872K) Class: 1175K(1280K)->1175K(1280K)
[57.907s][info][gc             ] GC(38) Pause Full (System.gc()) 1912M->3M(8192M) 26.198ms
[57.907s][info][gc,cpu         ] GC(38) User=0.16s Sys=0.00s Real=0.03s
[59.928s][info][gc,start       ] GC(39) Pause Young (Normal) (G1 Evacuation Pause)
[59.928s][info][gc,task        ] GC(39) Using 6 workers of 6 for evacuation
[59.936s][info][gc,phases      ] GC(39)   Pre Evacuate Collection Set: 0.2ms
[59.936s][info][gc,phases      ] GC(39)   Merge Heap Roots: 0.2ms
[59.936s][info][gc,phases      ] GC(39)   Evacuate Collection Set: 6.2ms
[59.936s][info][gc,phases      ] GC(39)   Post Evacuate Collection Set: 1.5ms
[59.936s][info][gc,phases      ] GC(39)   Other: 0.2ms
[59.936s][info][gc,heap        ] GC(39) Eden regions: 1228->0(1223)
[59.936s][info][gc,heap        ] GC(39) Survivor regions: 0->5(154)
[59.936s][info][gc,heap        ] GC(39) Old regions: 5->5
[59.936s][info][gc,heap        ] GC(39) Archive regions: 0->0
[59.936s][info][gc,heap        ] GC(39) Humongous regions: 0->0
[59.936s][info][gc,metaspace   ] GC(39) Metaspace: 8952K(9152K)->8952K(9152K) NonClass: 7776K(7872K)->7776K(7872K) Class: 1175K(1280K)->1175K(1280K)
[59.936s][info][gc             ] GC(39) Pause Young (Normal) (G1 Evacuation Pause) 4915M->20M(8192M) 8.463ms
[59.936s][info][gc,cpu         ] GC(39) User=0.00s Sys=0.02s Real=0.01s
[60.998s][info][gc,start       ] GC(40) Pause Full (System.gc())
[60.998s][info][gc,task        ] GC(40) Using 6 workers of 6 for full compaction
[60.998s][info][gc,phases,start] GC(40) Phase 1: Mark live objects
[61.000s][info][gc,phases      ] GC(40) Phase 1: Mark live objects 1.861ms
[61.000s][info][gc,phases,start] GC(40) Phase 2: Prepare for compaction
[61.005s][info][gc,phases      ] GC(40) Phase 2: Prepare for compaction 4.822ms
[61.005s][info][gc,phases,start] GC(40) Phase 3: Adjust pointers
[61.007s][info][gc,phases      ] GC(40) Phase 3: Adjust pointers 1.697ms
[61.007s][info][gc,phases,start] GC(40) Phase 4: Compact heap
[61.008s][info][gc,phases      ] GC(40) Phase 4: Compact heap 1.342ms
[61.023s][info][gc,heap        ] GC(40) Eden regions: 473->0(1228)
[61.023s][info][gc,heap        ] GC(40) Survivor regions: 5->0(154)
[61.023s][info][gc,heap        ] GC(40) Old regions: 5->5
[61.023s][info][gc,heap        ] GC(40) Archive regions: 0->0
[61.023s][info][gc,heap        ] GC(40) Humongous regions: 0->0
[61.023s][info][gc,metaspace   ] GC(40) Metaspace: 8952K(9152K)->8952K(9152K) NonClass: 7776K(7872K)->7776K(7872K) Class: 1175K(1280K)->1175K(1280K)
[61.023s][info][gc             ] GC(40) Pause Full (System.gc()) 1912M->3M(8192M) 25.305ms
[61.023s][info][gc,cpu         ] GC(40) User=0.08s Sys=0.03s Real=0.02s
[63.035s][info][gc,start       ] GC(41) Pause Young (Normal) (G1 Evacuation Pause)
[63.035s][info][gc,task        ] GC(41) Using 6 workers of 6 for evacuation
[63.044s][info][gc,phases      ] GC(41)   Pre Evacuate Collection Set: 0.2ms
[63.044s][info][gc,phases      ] GC(41)   Merge Heap Roots: 0.2ms
[63.044s][info][gc,phases      ] GC(41)   Evacuate Collection Set: 6.1ms
[63.044s][info][gc,phases      ] GC(41)   Post Evacuate Collection Set: 1.5ms
[63.044s][info][gc,phases      ] GC(41)   Other: 0.2ms
[63.044s][info][gc,heap        ] GC(41) Eden regions: 1228->0(1223)
[63.044s][info][gc,heap        ] GC(41) Survivor regions: 0->5(154)
[63.044s][info][gc,heap        ] GC(41) Old regions: 5->5
[63.044s][info][gc,heap        ] GC(41) Archive regions: 0->0
[63.044s][info][gc,heap        ] GC(41) Humongous regions: 0->0
[63.044s][info][gc,metaspace   ] GC(41) Metaspace: 8953K(9152K)->8953K(9152K) NonClass: 7777K(7872K)->7777K(7872K) Class: 1175K(1280K)->1175K(1280K)
[63.044s][info][gc             ] GC(41) Pause Young (Normal) (G1 Evacuation Pause) 4915M->20M(8192M) 8.381ms
[63.044s][info][gc,cpu         ] GC(41) User=0.00s Sys=0.00s Real=0.01s
[64.104s][info][gc,start       ] GC(42) Pause Full (System.gc())
[64.104s][info][gc,task        ] GC(42) Using 6 workers of 6 for full compaction
[64.105s][info][gc,phases,start] GC(42) Phase 1: Mark live objects
[64.106s][info][gc,phases      ] GC(42) Phase 1: Mark live objects 1.839ms
[64.107s][info][gc,phases,start] GC(42) Phase 2: Prepare for compaction
[64.111s][info][gc,phases      ] GC(42) Phase 2: Prepare for compaction 4.832ms
[64.111s][info][gc,phases,start] GC(42) Phase 3: Adjust pointers
[64.113s][info][gc,phases      ] GC(42) Phase 3: Adjust pointers 1.724ms
[64.113s][info][gc,phases,start] GC(42) Phase 4: Compact heap
[64.115s][info][gc,phases      ] GC(42) Phase 4: Compact heap 1.582ms
[64.130s][info][gc,heap        ] GC(42) Eden regions: 473->0(1228)
[64.130s][info][gc,heap        ] GC(42) Survivor regions: 5->0(154)
[64.130s][info][gc,heap        ] GC(42) Old regions: 5->5
[64.130s][info][gc,heap        ] GC(42) Archive regions: 0->0
[64.130s][info][gc,heap        ] GC(42) Humongous regions: 0->0
[64.130s][info][gc,metaspace   ] GC(42) Metaspace: 8953K(9152K)->8953K(9152K) NonClass: 7777K(7872K)->7777K(7872K) Class: 1175K(1280K)->1175K(1280K)
[64.130s][info][gc             ] GC(42) Pause Full (System.gc()) 1912M->3M(8192M) 25.696ms
[64.130s][info][gc,cpu         ] GC(42) User=0.19s Sys=0.00s Real=0.03s
[66.145s][info][gc,start       ] GC(43) Pause Young (Normal) (G1 Evacuation Pause)
[66.145s][info][gc,task        ] GC(43) Using 6 workers of 6 for evacuation
[66.154s][info][gc,phases      ] GC(43)   Pre Evacuate Collection Set: 0.2ms
[66.154s][info][gc,phases      ] GC(43)   Merge Heap Roots: 0.2ms
[66.154s][info][gc,phases      ] GC(43)   Evacuate Collection Set: 6.3ms
[66.154s][info][gc,phases      ] GC(43)   Post Evacuate Collection Set: 1.6ms
[66.154s][info][gc,phases      ] GC(43)   Other: 0.2ms
[66.154s][info][gc,heap        ] GC(43) Eden regions: 1228->0(1223)
[66.154s][info][gc,heap        ] GC(43) Survivor regions: 0->5(154)
[66.154s][info][gc,heap        ] GC(43) Old regions: 5->5
[66.154s][info][gc,heap        ] GC(43) Archive regions: 0->0
[66.154s][info][gc,heap        ] GC(43) Humongous regions: 0->0
[66.154s][info][gc,metaspace   ] GC(43) Metaspace: 8955K(9152K)->8955K(9152K) NonClass: 7779K(7872K)->7779K(7872K) Class: 1175K(1280K)->1175K(1280K)
[66.154s][info][gc             ] GC(43) Pause Young (Normal) (G1 Evacuation Pause) 4915M->20M(8192M) 8.715ms
[66.154s][info][gc,cpu         ] GC(43) User=0.00s Sys=0.00s Real=0.02s
[67.214s][info][gc,start       ] GC(44) Pause Full (System.gc())
[67.214s][info][gc,task        ] GC(44) Using 6 workers of 6 for full compaction
[67.214s][info][gc,phases,start] GC(44) Phase 1: Mark live objects
[67.216s][info][gc,phases      ] GC(44) Phase 1: Mark live objects 1.876ms
[67.216s][info][gc,phases,start] GC(44) Phase 2: Prepare for compaction
[67.221s][info][gc,phases      ] GC(44) Phase 2: Prepare for compaction 4.832ms
[67.221s][info][gc,phases,start] GC(44) Phase 3: Adjust pointers
[67.223s][info][gc,phases      ] GC(44) Phase 3: Adjust pointers 2.044ms
[67.223s][info][gc,phases,start] GC(44) Phase 4: Compact heap
[67.225s][info][gc,phases      ] GC(44) Phase 4: Compact heap 1.354ms
[67.240s][info][gc,heap        ] GC(44) Eden regions: 473->0(1228)
[67.240s][info][gc,heap        ] GC(44) Survivor regions: 5->0(154)
[67.240s][info][gc,heap        ] GC(44) Old regions: 5->5
[67.240s][info][gc,heap        ] GC(44) Archive regions: 0->0
[67.240s][info][gc,heap        ] GC(44) Humongous regions: 0->0
[67.240s][info][gc,metaspace   ] GC(44) Metaspace: 8955K(9152K)->8955K(9152K) NonClass: 7779K(7872K)->7779K(7872K) Class: 1175K(1280K)->1175K(1280K)
[67.240s][info][gc             ] GC(44) Pause Full (System.gc()) 1912M->3M(8192M) 25.842ms
[67.240s][info][gc,cpu         ] GC(44) User=0.19s Sys=0.00s Real=0.03s
[69.257s][info][gc,start       ] GC(45) Pause Young (Normal) (G1 Evacuation Pause)
[69.257s][info][gc,task        ] GC(45) Using 6 workers of 6 for evacuation
[69.265s][info][gc,phases      ] GC(45)   Pre Evacuate Collection Set: 0.2ms
[69.265s][info][gc,phases      ] GC(45)   Merge Heap Roots: 0.2ms
[69.265s][info][gc,phases      ] GC(45)   Evacuate Collection Set: 6.4ms
[69.265s][info][gc,phases      ] GC(45)   Post Evacuate Collection Set: 1.5ms
[69.265s][info][gc,phases      ] GC(45)   Other: 0.2ms
[69.265s][info][gc,heap        ] GC(45) Eden regions: 1228->0(1223)
[69.265s][info][gc,heap        ] GC(45) Survivor regions: 0->5(154)
[69.265s][info][gc,heap        ] GC(45) Old regions: 5->5
[69.265s][info][gc,heap        ] GC(45) Archive regions: 0->0
[69.265s][info][gc,heap        ] GC(45) Humongous regions: 0->0
[69.265s][info][gc,metaspace   ] GC(45) Metaspace: 8960K(9152K)->8960K(9152K) NonClass: 7784K(7872K)->7784K(7872K) Class: 1175K(1280K)->1175K(1280K)
[69.265s][info][gc             ] GC(45) Pause Young (Normal) (G1 Evacuation Pause) 4915M->20M(8192M) 8.688ms
[69.265s][info][gc,cpu         ] GC(45) User=0.00s Sys=0.02s Real=0.01s
[70.331s][info][gc,start       ] GC(46) Pause Full (System.gc())
[70.331s][info][gc,task        ] GC(46) Using 6 workers of 6 for full compaction
[70.332s][info][gc,phases,start] GC(46) Phase 1: Mark live objects
[70.333s][info][gc,phases      ] GC(46) Phase 1: Mark live objects 1.959ms
[70.334s][info][gc,phases,start] GC(46) Phase 2: Prepare for compaction
[70.339s][info][gc,phases      ] GC(46) Phase 2: Prepare for compaction 5.510ms
[70.339s][info][gc,phases,start] GC(46) Phase 3: Adjust pointers
[70.342s][info][gc,phases      ] GC(46) Phase 3: Adjust pointers 2.685ms
[70.342s][info][gc,phases,start] GC(46) Phase 4: Compact heap
[70.344s][info][gc,phases      ] GC(46) Phase 4: Compact heap 2.335ms
[70.359s][info][gc,heap        ] GC(46) Eden regions: 474->0(1228)
[70.359s][info][gc,heap        ] GC(46) Survivor regions: 5->0(154)
[70.359s][info][gc,heap        ] GC(46) Old regions: 5->4
[70.359s][info][gc,heap        ] GC(46) Archive regions: 0->0
[70.359s][info][gc,heap        ] GC(46) Humongous regions: 0->0
[70.359s][info][gc,metaspace   ] GC(46) Metaspace: 8963K(9216K)->8963K(9216K) NonClass: 7787K(7936K)->7787K(7936K) Class: 1175K(1280K)->1175K(1280K)
[70.359s][info][gc             ] GC(46) Pause Full (System.gc()) 1914M->3M(8192M) 27.980ms
[70.359s][info][gc,cpu         ] GC(46) User=0.05s Sys=0.00s Real=0.03s
[72.376s][info][gc,start       ] GC(47) Pause Young (Normal) (G1 Evacuation Pause)
[72.376s][info][gc,task        ] GC(47) Using 6 workers of 6 for evacuation
[72.384s][info][gc,phases      ] GC(47)   Pre Evacuate Collection Set: 0.1ms
[72.384s][info][gc,phases      ] GC(47)   Merge Heap Roots: 0.2ms
[72.384s][info][gc,phases      ] GC(47)   Evacuate Collection Set: 6.2ms
[72.384s][info][gc,phases      ] GC(47)   Post Evacuate Collection Set: 1.7ms
[72.384s][info][gc,phases      ] GC(47)   Other: 0.2ms
[72.384s][info][gc,heap        ] GC(47) Eden regions: 1228->0(1224)
[72.384s][info][gc,heap        ] GC(47) Survivor regions: 0->4(154)
[72.384s][info][gc,heap        ] GC(47) Old regions: 4->4
[72.384s][info][gc,heap        ] GC(47) Archive regions: 0->0
[72.384s][info][gc,heap        ] GC(47) Humongous regions: 0->0
[72.384s][info][gc,metaspace   ] GC(47) Metaspace: 8967K(9216K)->8967K(9216K) NonClass: 7791K(7936K)->7791K(7936K) Class: 1175K(1280K)->1175K(1280K)
[72.384s][info][gc             ] GC(47) Pause Young (Normal) (G1 Evacuation Pause) 4915M->19M(8192M) 8.450ms
[72.384s][info][gc,cpu         ] GC(47) User=0.00s Sys=0.00s Real=0.01s
[73.447s][info][gc,start       ] GC(48) Pause Full (System.gc())
[73.447s][info][gc,task        ] GC(48) Using 6 workers of 6 for full compaction
[73.448s][info][gc,phases,start] GC(48) Phase 1: Mark live objects
[73.449s][info][gc,phases      ] GC(48) Phase 1: Mark live objects 1.811ms
[73.450s][info][gc,phases,start] GC(48) Phase 2: Prepare for compaction
[73.454s][info][gc,phases      ] GC(48) Phase 2: Prepare for compaction 4.816ms
[73.454s][info][gc,phases,start] GC(48) Phase 3: Adjust pointers
[73.456s][info][gc,phases      ] GC(48) Phase 3: Adjust pointers 1.780ms
[73.456s][info][gc,phases,start] GC(48) Phase 4: Compact heap
[73.458s][info][gc,phases      ] GC(48) Phase 4: Compact heap 1.772ms
[73.473s][info][gc,heap        ] GC(48) Eden regions: 473->0(1228)
[73.473s][info][gc,heap        ] GC(48) Survivor regions: 4->0(154)
[73.473s][info][gc,heap        ] GC(48) Old regions: 4->4
[73.473s][info][gc,heap        ] GC(48) Archive regions: 0->0
[73.473s][info][gc,heap        ] GC(48) Humongous regions: 0->0
[73.473s][info][gc,metaspace   ] GC(48) Metaspace: 8968K(9216K)->8968K(9216K) NonClass: 7792K(7936K)->7792K(7936K) Class: 1175K(1280K)->1175K(1280K)
[73.473s][info][gc             ] GC(48) Pause Full (System.gc()) 1911M->3M(8192M) 25.657ms
[73.473s][info][gc,cpu         ] GC(48) User=0.17s Sys=0.00s Real=0.03s
[75.494s][info][gc,start       ] GC(49) Pause Young (Normal) (G1 Evacuation Pause)
[75.494s][info][gc,task        ] GC(49) Using 6 workers of 6 for evacuation
[75.503s][info][gc,phases      ] GC(49)   Pre Evacuate Collection Set: 0.2ms
[75.503s][info][gc,phases      ] GC(49)   Merge Heap Roots: 0.3ms
[75.503s][info][gc,phases      ] GC(49)   Evacuate Collection Set: 6.4ms
[75.503s][info][gc,phases      ] GC(49)   Post Evacuate Collection Set: 1.5ms
[75.503s][info][gc,phases      ] GC(49)   Other: 0.2ms
[75.503s][info][gc,heap        ] GC(49) Eden regions: 1228->0(1223)
[75.503s][info][gc,heap        ] GC(49) Survivor regions: 0->5(154)
[75.503s][info][gc,heap        ] GC(49) Old regions: 4->4
[75.503s][info][gc,heap        ] GC(49) Archive regions: 0->0
[75.503s][info][gc,heap        ] GC(49) Humongous regions: 0->0
[75.503s][info][gc,metaspace   ] GC(49) Metaspace: 8969K(9216K)->8969K(9216K) NonClass: 7793K(7936K)->7793K(7936K) Class: 1175K(1280K)->1175K(1280K)
[75.503s][info][gc             ] GC(49) Pause Young (Normal) (G1 Evacuation Pause) 4915M->20M(8192M) 8.761ms
[75.503s][info][gc,cpu         ] GC(49) User=0.08s Sys=0.00s Real=0.01s
[76.563s][info][gc,start       ] GC(50) Pause Full (System.gc())
[76.564s][info][gc,task        ] GC(50) Using 6 workers of 6 for full compaction
[76.564s][info][gc,phases,start] GC(50) Phase 1: Mark live objects
[76.566s][info][gc,phases      ] GC(50) Phase 1: Mark live objects 1.876ms
[76.566s][info][gc,phases,start] GC(50) Phase 2: Prepare for compaction
[76.571s][info][gc,phases      ] GC(50) Phase 2: Prepare for compaction 4.815ms
[76.571s][info][gc,phases,start] GC(50) Phase 3: Adjust pointers
[76.573s][info][gc,phases      ] GC(50) Phase 3: Adjust pointers 1.752ms
[76.573s][info][gc,phases,start] GC(50) Phase 4: Compact heap
[76.574s][info][gc,phases      ] GC(50) Phase 4: Compact heap 1.351ms
[76.589s][info][gc,heap        ] GC(50) Eden regions: 473->0(1228)
[76.589s][info][gc,heap        ] GC(50) Survivor regions: 5->0(154)
[76.589s][info][gc,heap        ] GC(50) Old regions: 4->4
[76.589s][info][gc,heap        ] GC(50) Archive regions: 0->0
[76.589s][info][gc,heap        ] GC(50) Humongous regions: 0->0
[76.589s][info][gc,metaspace   ] GC(50) Metaspace: 8970K(9216K)->8970K(9216K) NonClass: 7794K(7936K)->7794K(7936K) Class: 1175K(1280K)->1175K(1280K)
[76.589s][info][gc             ] GC(50) Pause Full (System.gc()) 1912M->3M(8192M) 25.491ms
[76.589s][info][gc,cpu         ] GC(50) User=0.09s Sys=0.00s Real=0.02s
[78.611s][info][gc,start       ] GC(51) Pause Young (Normal) (G1 Evacuation Pause)
[78.611s][info][gc,task        ] GC(51) Using 6 workers of 6 for evacuation
[78.619s][info][gc,phases      ] GC(51)   Pre Evacuate Collection Set: 0.3ms
[78.619s][info][gc,phases      ] GC(51)   Merge Heap Roots: 0.2ms
[78.619s][info][gc,phases      ] GC(51)   Evacuate Collection Set: 6.3ms
[78.620s][info][gc,phases      ] GC(51)   Post Evacuate Collection Set: 1.6ms
[78.620s][info][gc,phases      ] GC(51)   Other: 0.3ms
[78.620s][info][gc,heap        ] GC(51) Eden regions: 1228->0(1223)
[78.620s][info][gc,heap        ] GC(51) Survivor regions: 0->5(154)
[78.620s][info][gc,heap        ] GC(51) Old regions: 4->4
[78.620s][info][gc,heap        ] GC(51) Archive regions: 0->0
[78.620s][info][gc,heap        ] GC(51) Humongous regions: 0->0
[78.620s][info][gc,metaspace   ] GC(51) Metaspace: 8970K(9216K)->8970K(9216K) NonClass: 7794K(7936K)->7794K(7936K) Class: 1175K(1280K)->1175K(1280K)
[78.620s][info][gc             ] GC(51) Pause Young (Normal) (G1 Evacuation Pause) 4915M->20M(8192M) 8.914ms
[78.620s][info][gc,cpu         ] GC(51) User=0.00s Sys=0.00s Real=0.02s
[79.682s][info][gc,start       ] GC(52) Pause Full (System.gc())
[79.683s][info][gc,task        ] GC(52) Using 6 workers of 6 for full compaction
[79.683s][info][gc,phases,start] GC(52) Phase 1: Mark live objects
[79.685s][info][gc,phases      ] GC(52) Phase 1: Mark live objects 1.888ms
[79.685s][info][gc,phases,start] GC(52) Phase 2: Prepare for compaction
[79.690s][info][gc,phases      ] GC(52) Phase 2: Prepare for compaction 4.958ms
[79.690s][info][gc,phases,start] GC(52) Phase 3: Adjust pointers
[79.692s][info][gc,phases      ] GC(52) Phase 3: Adjust pointers 1.796ms
[79.692s][info][gc,phases,start] GC(52) Phase 4: Compact heap
[79.693s][info][gc,phases      ] GC(52) Phase 4: Compact heap 1.734ms
[79.709s][info][gc,heap        ] GC(52) Eden regions: 473->0(1228)
[79.709s][info][gc,heap        ] GC(52) Survivor regions: 5->0(154)
[79.709s][info][gc,heap        ] GC(52) Old regions: 4->4
[79.709s][info][gc,heap        ] GC(52) Archive regions: 0->0
[79.709s][info][gc,heap        ] GC(52) Humongous regions: 0->0
[79.709s][info][gc,metaspace   ] GC(52) Metaspace: 8970K(9216K)->8970K(9216K) NonClass: 7794K(7936K)->7794K(7936K) Class: 1175K(1280K)->1175K(1280K)
[79.709s][info][gc             ] GC(52) Pause Full (System.gc()) 1912M->3M(8192M) 26.531ms
[79.709s][info][gc,cpu         ] GC(52) User=0.11s Sys=0.00s Real=0.03s
[81.726s][info][gc,start       ] GC(53) Pause Young (Normal) (G1 Evacuation Pause)
[81.726s][info][gc,task        ] GC(53) Using 6 workers of 6 for evacuation
[81.735s][info][gc,phases      ] GC(53)   Pre Evacuate Collection Set: 0.3ms
[81.735s][info][gc,phases      ] GC(53)   Merge Heap Roots: 0.2ms
[81.735s][info][gc,phases      ] GC(53)   Evacuate Collection Set: 6.2ms
[81.735s][info][gc,phases      ] GC(53)   Post Evacuate Collection Set: 1.6ms
[81.735s][info][gc,phases      ] GC(53)   Other: 0.2ms
[81.735s][info][gc,heap        ] GC(53) Eden regions: 1228->0(1223)
[81.735s][info][gc,heap        ] GC(53) Survivor regions: 0->5(154)
[81.735s][info][gc,heap        ] GC(53) Old regions: 4->4
[81.735s][info][gc,heap        ] GC(53) Archive regions: 0->0
[81.735s][info][gc,heap        ] GC(53) Humongous regions: 0->0
[81.735s][info][gc,metaspace   ] GC(53) Metaspace: 8971K(9216K)->8971K(9216K) NonClass: 7796K(7936K)->7796K(7936K) Class: 1175K(1280K)->1175K(1280K)
[81.735s][info][gc             ] GC(53) Pause Young (Normal) (G1 Evacuation Pause) 4915M->20M(8192M) 8.668ms
[81.735s][info][gc,cpu         ] GC(53) User=0.09s Sys=0.00s Real=0.01s
[82.794s][info][gc,start       ] GC(54) Pause Full (System.gc())
[82.795s][info][gc,task        ] GC(54) Using 6 workers of 6 for full compaction
[82.795s][info][gc,phases,start] GC(54) Phase 1: Mark live objects
[82.797s][info][gc,phases      ] GC(54) Phase 1: Mark live objects 1.856ms
[82.797s][info][gc,phases,start] GC(54) Phase 2: Prepare for compaction
[82.802s][info][gc,phases      ] GC(54) Phase 2: Prepare for compaction 5.108ms
[82.802s][info][gc,phases,start] GC(54) Phase 3: Adjust pointers
[82.804s][info][gc,phases      ] GC(54) Phase 3: Adjust pointers 1.787ms
[82.804s][info][gc,phases,start] GC(54) Phase 4: Compact heap
[82.805s][info][gc,phases      ] GC(54) Phase 4: Compact heap 1.633ms
[82.821s][info][gc,heap        ] GC(54) Eden regions: 474->0(1228)
[82.821s][info][gc,heap        ] GC(54) Survivor regions: 5->0(154)
[82.821s][info][gc,heap        ] GC(54) Old regions: 4->5
[82.821s][info][gc,heap        ] GC(54) Archive regions: 0->0
[82.821s][info][gc,heap        ] GC(54) Humongous regions: 0->0
[82.821s][info][gc,metaspace   ] GC(54) Metaspace: 8977K(9216K)->8977K(9216K) NonClass: 7801K(7936K)->7801K(7936K) Class: 1175K(1280K)->1175K(1280K)
[82.821s][info][gc             ] GC(54) Pause Full (System.gc()) 1912M->3M(8192M) 26.342ms
[82.821s][info][gc,cpu         ] GC(54) User=0.19s Sys=0.00s Real=0.03s
[84.838s][info][gc,start       ] GC(55) Pause Young (Normal) (G1 Evacuation Pause)
[84.839s][info][gc,task        ] GC(55) Using 6 workers of 6 for evacuation
[84.847s][info][gc,phases      ] GC(55)   Pre Evacuate Collection Set: 0.5ms
[84.847s][info][gc,phases      ] GC(55)   Merge Heap Roots: 0.2ms
[84.847s][info][gc,phases      ] GC(55)   Evacuate Collection Set: 6.2ms
[84.847s][info][gc,phases      ] GC(55)   Post Evacuate Collection Set: 1.6ms
[84.847s][info][gc,phases      ] GC(55)   Other: 0.3ms
[84.847s][info][gc,heap        ] GC(55) Eden regions: 1228->0(1223)
[84.847s][info][gc,heap        ] GC(55) Survivor regions: 0->5(154)
[84.847s][info][gc,heap        ] GC(55) Old regions: 5->5
[84.847s][info][gc,heap        ] GC(55) Archive regions: 0->0
[84.847s][info][gc,heap        ] GC(55) Humongous regions: 0->0
[84.847s][info][gc,metaspace   ] GC(55) Metaspace: 8977K(9216K)->8977K(9216K) NonClass: 7801K(7936K)->7801K(7936K) Class: 1175K(1280K)->1175K(1280K)
[84.847s][info][gc             ] GC(55) Pause Young (Normal) (G1 Evacuation Pause) 4915M->20M(8192M) 8.868ms
[84.847s][info][gc,cpu         ] GC(55) User=0.09s Sys=0.00s Real=0.01s
[85.908s][info][gc,start       ] GC(56) Pause Full (System.gc())
[85.908s][info][gc,task        ] GC(56) Using 6 workers of 6 for full compaction
[85.908s][info][gc,phases,start] GC(56) Phase 1: Mark live objects
[85.910s][info][gc,phases      ] GC(56) Phase 1: Mark live objects 1.993ms
[85.910s][info][gc,phases,start] GC(56) Phase 2: Prepare for compaction
[85.915s][info][gc,phases      ] GC(56) Phase 2: Prepare for compaction 5.035ms
[85.915s][info][gc,phases,start] GC(56) Phase 3: Adjust pointers
[85.917s][info][gc,phases      ] GC(56) Phase 3: Adjust pointers 1.824ms
[85.917s][info][gc,phases,start] GC(56) Phase 4: Compact heap
[85.919s][info][gc,phases      ] GC(56) Phase 4: Compact heap 1.698ms
[85.934s][info][gc,heap        ] GC(56) Eden regions: 473->0(1228)
[85.934s][info][gc,heap        ] GC(56) Survivor regions: 5->0(154)
[85.934s][info][gc,heap        ] GC(56) Old regions: 5->4
[85.934s][info][gc,heap        ] GC(56) Archive regions: 0->0
[85.934s][info][gc,heap        ] GC(56) Humongous regions: 0->0
[85.934s][info][gc,metaspace   ] GC(56) Metaspace: 8977K(9216K)->8977K(9216K) NonClass: 7801K(7936K)->7801K(7936K) Class: 1175K(1280K)->1175K(1280K)
[85.934s][info][gc             ] GC(56) Pause Full (System.gc()) 1912M->3M(8192M) 26.165ms
[85.934s][info][gc,cpu         ] GC(56) User=0.09s Sys=0.00s Real=0.02s
[87.949s][info][gc,start       ] GC(57) Pause Young (Normal) (G1 Evacuation Pause)
[87.949s][info][gc,task        ] GC(57) Using 6 workers of 6 for evacuation
[87.958s][info][gc,phases      ] GC(57)   Pre Evacuate Collection Set: 0.3ms
[87.958s][info][gc,phases      ] GC(57)   Merge Heap Roots: 0.3ms
[87.958s][info][gc,phases      ] GC(57)   Evacuate Collection Set: 6.2ms
[87.958s][info][gc,phases      ] GC(57)   Post Evacuate Collection Set: 1.5ms
[87.958s][info][gc,phases      ] GC(57)   Other: 0.3ms
[87.958s][info][gc,heap        ] GC(57) Eden regions: 1228->0(1223)
[87.958s][info][gc,heap        ] GC(57) Survivor regions: 0->5(154)
[87.958s][info][gc,heap        ] GC(57) Old regions: 4->4
[87.958s][info][gc,heap        ] GC(57) Archive regions: 0->0
[87.958s][info][gc,heap        ] GC(57) Humongous regions: 0->0
[87.958s][info][gc,metaspace   ] GC(57) Metaspace: 8977K(9216K)->8977K(9216K) NonClass: 7801K(7936K)->7801K(7936K) Class: 1175K(1280K)->1175K(1280K)
[87.958s][info][gc             ] GC(57) Pause Young (Normal) (G1 Evacuation Pause) 4915M->20M(8192M) 8.798ms
[87.958s][info][gc,cpu         ] GC(57) User=0.09s Sys=0.00s Real=0.01s
[89.020s][info][gc,start       ] GC(58) Pause Full (System.gc())
[89.020s][info][gc,task        ] GC(58) Using 6 workers of 6 for full compaction
[89.021s][info][gc,phases,start] GC(58) Phase 1: Mark live objects
[89.023s][info][gc,phases      ] GC(58) Phase 1: Mark live objects 2.052ms
[89.023s][info][gc,phases,start] GC(58) Phase 2: Prepare for compaction
[89.028s][info][gc,phases      ] GC(58) Phase 2: Prepare for compaction 4.847ms
[89.028s][info][gc,phases,start] GC(58) Phase 3: Adjust pointers
[89.030s][info][gc,phases      ] GC(58) Phase 3: Adjust pointers 1.764ms
[89.030s][info][gc,phases,start] GC(58) Phase 4: Compact heap
[89.031s][info][gc,phases      ] GC(58) Phase 4: Compact heap 1.361ms
[89.046s][info][gc,heap        ] GC(58) Eden regions: 473->0(1228)
[89.046s][info][gc,heap        ] GC(58) Survivor regions: 5->0(154)
[89.046s][info][gc,heap        ] GC(58) Old regions: 4->4
[89.046s][info][gc,heap        ] GC(58) Archive regions: 0->0
[89.046s][info][gc,heap        ] GC(58) Humongous regions: 0->0
[89.046s][info][gc,metaspace   ] GC(58) Metaspace: 8977K(9216K)->8977K(9216K) NonClass: 7801K(7936K)->7801K(7936K) Class: 1175K(1280K)->1175K(1280K)
[89.046s][info][gc             ] GC(58) Pause Full (System.gc()) 1912M->3M(8192M) 25.640ms
[89.046s][info][gc,cpu         ] GC(58) User=0.05s Sys=0.00s Real=0.03s
[91.059s][info][gc,start       ] GC(59) Pause Young (Normal) (G1 Evacuation Pause)
[91.059s][info][gc,task        ] GC(59) Using 6 workers of 6 for evacuation
[91.067s][info][gc,phases      ] GC(59)   Pre Evacuate Collection Set: 0.5ms
[91.067s][info][gc,phases      ] GC(59)   Merge Heap Roots: 0.2ms
[91.067s][info][gc,phases      ] GC(59)   Evacuate Collection Set: 6.3ms
[91.067s][info][gc,phases      ] GC(59)   Post Evacuate Collection Set: 1.5ms
[91.067s][info][gc,phases      ] GC(59)   Other: 0.3ms
[91.067s][info][gc,heap        ] GC(59) Eden regions: 1228->0(1223)
[91.067s][info][gc,heap        ] GC(59) Survivor regions: 0->5(154)
[91.067s][info][gc,heap        ] GC(59) Old regions: 4->4
[91.067s][info][gc,heap        ] GC(59) Archive regions: 0->0
[91.067s][info][gc,heap        ] GC(59) Humongous regions: 0->0
[91.067s][info][gc,metaspace   ] GC(59) Metaspace: 8981K(9216K)->8981K(9216K) NonClass: 7805K(7936K)->7805K(7936K) Class: 1175K(1280K)->1175K(1280K)
[91.067s][info][gc             ] GC(59) Pause Young (Normal) (G1 Evacuation Pause) 4915M->20M(8192M) 8.852ms
[91.067s][info][gc,cpu         ] GC(59) User=0.09s Sys=0.00s Real=0.01s
[92.130s][info][gc,start       ] GC(60) Pause Full (System.gc())
[92.130s][info][gc,task        ] GC(60) Using 6 workers of 6 for full compaction
[92.131s][info][gc,phases,start] GC(60) Phase 1: Mark live objects
[92.133s][info][gc,phases      ] GC(60) Phase 1: Mark live objects 1.986ms
[92.133s][info][gc,phases,start] GC(60) Phase 2: Prepare for compaction
[92.138s][info][gc,phases      ] GC(60) Phase 2: Prepare for compaction 4.801ms
[92.138s][info][gc,phases,start] GC(60) Phase 3: Adjust pointers
[92.139s][info][gc,phases      ] GC(60) Phase 3: Adjust pointers 1.862ms
[92.140s][info][gc,phases,start] GC(60) Phase 4: Compact heap
[92.141s][info][gc,phases      ] GC(60) Phase 4: Compact heap 1.396ms
[92.156s][info][gc,heap        ] GC(60) Eden regions: 473->0(1228)
[92.156s][info][gc,heap        ] GC(60) Survivor regions: 5->0(154)
[92.156s][info][gc,heap        ] GC(60) Old regions: 4->5
[92.156s][info][gc,heap        ] GC(60) Archive regions: 0->0
[92.156s][info][gc,heap        ] GC(60) Humongous regions: 0->0
[92.156s][info][gc,metaspace   ] GC(60) Metaspace: 8981K(9216K)->8981K(9216K) NonClass: 7805K(7936K)->7805K(7936K) Class: 1175K(1280K)->1175K(1280K)
[92.156s][info][gc             ] GC(60) Pause Full (System.gc()) 1912M->3M(8192M) 25.615ms
[92.156s][info][gc,cpu         ] GC(60) User=0.11s Sys=0.00s Real=0.03s
[94.174s][info][gc,start       ] GC(61) Pause Young (Normal) (G1 Evacuation Pause)
[94.174s][info][gc,task        ] GC(61) Using 6 workers of 6 for evacuation
[94.183s][info][gc,phases      ] GC(61)   Pre Evacuate Collection Set: 0.2ms
[94.183s][info][gc,phases      ] GC(61)   Merge Heap Roots: 0.3ms
[94.183s][info][gc,phases      ] GC(61)   Evacuate Collection Set: 6.2ms
[94.183s][info][gc,phases      ] GC(61)   Post Evacuate Collection Set: 1.6ms
[94.183s][info][gc,phases      ] GC(61)   Other: 0.3ms
[94.183s][info][gc,heap        ] GC(61) Eden regions: 1228->0(1223)
[94.183s][info][gc,heap        ] GC(61) Survivor regions: 0->5(154)
[94.183s][info][gc,heap        ] GC(61) Old regions: 5->5
[94.183s][info][gc,heap        ] GC(61) Archive regions: 0->0
[94.183s][info][gc,heap        ] GC(61) Humongous regions: 0->0
[94.183s][info][gc,metaspace   ] GC(61) Metaspace: 8981K(9216K)->8981K(9216K) NonClass: 7805K(7936K)->7805K(7936K) Class: 1175K(1280K)->1175K(1280K)
[94.183s][info][gc             ] GC(61) Pause Young (Normal) (G1 Evacuation Pause) 4915M->20M(8192M) 8.661ms
[94.183s][info][gc,cpu         ] GC(61) User=0.00s Sys=0.00s Real=0.02s
[95.245s][info][gc,start       ] GC(62) Pause Full (System.gc())
[95.245s][info][gc,task        ] GC(62) Using 6 workers of 6 for full compaction
[95.245s][info][gc,phases,start] GC(62) Phase 1: Mark live objects
[95.247s][info][gc,phases      ] GC(62) Phase 1: Mark live objects 1.845ms
[95.247s][info][gc,phases,start] GC(62) Phase 2: Prepare for compaction
[95.252s][info][gc,phases      ] GC(62) Phase 2: Prepare for compaction 4.856ms
[95.252s][info][gc,phases,start] GC(62) Phase 3: Adjust pointers
[95.254s][info][gc,phases      ] GC(62) Phase 3: Adjust pointers 1.773ms
[95.254s][info][gc,phases,start] GC(62) Phase 4: Compact heap
[95.255s][info][gc,phases      ] GC(62) Phase 4: Compact heap 1.323ms
[95.270s][info][gc,heap        ] GC(62) Eden regions: 473->0(1228)
[95.270s][info][gc,heap        ] GC(62) Survivor regions: 5->0(154)
[95.270s][info][gc,heap        ] GC(62) Old regions: 5->4
[95.270s][info][gc,heap        ] GC(62) Archive regions: 0->0
[95.270s][info][gc,heap        ] GC(62) Humongous regions: 0->0
[95.270s][info][gc,metaspace   ] GC(62) Metaspace: 8993K(9216K)->8993K(9216K) NonClass: 7817K(7936K)->7817K(7936K) Class: 1175K(1280K)->1175K(1280K)
[95.270s][info][gc             ] GC(62) Pause Full (System.gc()) 1912M->3M(8192M) 25.665ms
[95.270s][info][gc,cpu         ] GC(62) User=0.19s Sys=0.00s Real=0.03s
[97.286s][info][gc,start       ] GC(63) Pause Young (Normal) (G1 Evacuation Pause)
[97.286s][info][gc,task        ] GC(63) Using 6 workers of 6 for evacuation
[97.294s][info][gc,phases      ] GC(63)   Pre Evacuate Collection Set: 0.3ms
[97.294s][info][gc,phases      ] GC(63)   Merge Heap Roots: 0.2ms
[97.294s][info][gc,phases      ] GC(63)   Evacuate Collection Set: 6.3ms
[97.294s][info][gc,phases      ] GC(63)   Post Evacuate Collection Set: 1.5ms
[97.295s][info][gc,phases      ] GC(63)   Other: 0.2ms
[97.295s][info][gc,heap        ] GC(63) Eden regions: 1228->0(1223)
[97.295s][info][gc,heap        ] GC(63) Survivor regions: 0->5(154)
[97.295s][info][gc,heap        ] GC(63) Old regions: 4->4
[97.295s][info][gc,heap        ] GC(63) Archive regions: 0->0
[97.295s][info][gc,heap        ] GC(63) Humongous regions: 0->0
[97.295s][info][gc,metaspace   ] GC(63) Metaspace: 9001K(9216K)->9001K(9216K) NonClass: 7825K(7936K)->7825K(7936K) Class: 1175K(1280K)->1175K(1280K)
[97.295s][info][gc             ] GC(63) Pause Young (Normal) (G1 Evacuation Pause) 4915M->20M(8192M) 8.721ms
[97.295s][info][gc,cpu         ] GC(63) User=0.00s Sys=0.00s Real=0.01s
[98.356s][info][gc,start       ] GC(64) Pause Full (System.gc())
[98.356s][info][gc,task        ] GC(64) Using 6 workers of 6 for full compaction
[98.356s][info][gc,phases,start] GC(64) Phase 1: Mark live objects
[98.358s][info][gc,phases      ] GC(64) Phase 1: Mark live objects 1.891ms
[98.358s][info][gc,phases,start] GC(64) Phase 2: Prepare for compaction
[98.363s][info][gc,phases      ] GC(64) Phase 2: Prepare for compaction 4.849ms
[98.363s][info][gc,phases,start] GC(64) Phase 3: Adjust pointers
[98.365s][info][gc,phases      ] GC(64) Phase 3: Adjust pointers 1.820ms
[98.365s][info][gc,phases,start] GC(64) Phase 4: Compact heap
[98.367s][info][gc,phases      ] GC(64) Phase 4: Compact heap 1.855ms
[98.382s][info][gc,heap        ] GC(64) Eden regions: 473->0(1228)
[98.386s][info][gc,heap        ] GC(64) Survivor regions: 5->0(154)
[98.386s][info][gc,heap        ] GC(64) Old regions: 4->4
[98.386s][info][gc,heap        ] GC(64) Archive regions: 0->0
[98.386s][info][gc,heap        ] GC(64) Humongous regions: 0->0
[98.386s][info][gc,metaspace   ] GC(64) Metaspace: 9001K(9216K)->9001K(9216K) NonClass: 7826K(7936K)->7826K(7936K) Class: 1175K(1280K)->1175K(1280K)
[98.386s][info][gc             ] GC(64) Pause Full (System.gc()) 1912M->3M(8192M) 30.400ms
[98.386s][info][gc,cpu         ] GC(64) User=0.16s Sys=0.00s Real=0.03s
[100.401s][info][gc,start       ] GC(65) Pause Young (Normal) (G1 Evacuation Pause)
[100.401s][info][gc,task        ] GC(65) Using 6 workers of 6 for evacuation
[100.410s][info][gc,phases      ] GC(65)   Pre Evacuate Collection Set: 0.1ms
[100.410s][info][gc,phases      ] GC(65)   Merge Heap Roots: 0.2ms
[100.410s][info][gc,phases      ] GC(65)   Evacuate Collection Set: 6.4ms
[100.410s][info][gc,phases      ] GC(65)   Post Evacuate Collection Set: 1.4ms
[100.410s][info][gc,phases      ] GC(65)   Other: 0.2ms
[100.410s][info][gc,heap        ] GC(65) Eden regions: 1228->0(1223)
[100.410s][info][gc,heap        ] GC(65) Survivor regions: 0->5(154)
[100.410s][info][gc,heap        ] GC(65) Old regions: 4->4
[100.410s][info][gc,heap        ] GC(65) Archive regions: 0->0
[100.410s][info][gc,heap        ] GC(65) Humongous regions: 0->0
[100.410s][info][gc,metaspace   ] GC(65) Metaspace: 9001K(9216K)->9001K(9216K) NonClass: 7826K(7936K)->7826K(7936K) Class: 1175K(1280K)->1175K(1280K)
[100.410s][info][gc             ] GC(65) Pause Young (Normal) (G1 Evacuation Pause) 4915M->20M(8192M) 8.446ms
[100.410s][info][gc,cpu         ] GC(65) User=0.09s Sys=0.00s Real=0.01s
[101.471s][info][gc,start       ] GC(66) Pause Full (System.gc())
[101.471s][info][gc,task        ] GC(66) Using 6 workers of 6 for full compaction
[101.472s][info][gc,phases,start] GC(66) Phase 1: Mark live objects
[101.473s][info][gc,phases      ] GC(66) Phase 1: Mark live objects 1.651ms
[101.473s][info][gc,phases,start] GC(66) Phase 2: Prepare for compaction
[101.478s][info][gc,phases      ] GC(66) Phase 2: Prepare for compaction 5.102ms
[101.479s][info][gc,phases,start] GC(66) Phase 3: Adjust pointers
[101.480s][info][gc,phases      ] GC(66) Phase 3: Adjust pointers 1.727ms
[101.480s][info][gc,phases,start] GC(66) Phase 4: Compact heap
[101.482s][info][gc,phases      ] GC(66) Phase 4: Compact heap 1.304ms
[101.497s][info][gc,heap        ] GC(66) Eden regions: 473->0(1228)
[101.497s][info][gc,heap        ] GC(66) Survivor regions: 5->0(154)
[101.497s][info][gc,heap        ] GC(66) Old regions: 4->4
[101.497s][info][gc,heap        ] GC(66) Archive regions: 0->0
[101.497s][info][gc,heap        ] GC(66) Humongous regions: 0->0
[101.497s][info][gc,metaspace   ] GC(66) Metaspace: 9009K(9216K)->9009K(9216K) NonClass: 7833K(7936K)->7833K(7936K) Class: 1175K(1280K)->1175K(1280K)
[101.497s][info][gc             ] GC(66) Pause Full (System.gc()) 1912M->3M(8192M) 25.287ms
[101.497s][info][gc,cpu         ] GC(66) User=0.09s Sys=0.00s Real=0.02s
[103.509s][info][gc,start       ] GC(67) Pause Young (Normal) (G1 Evacuation Pause)
[103.509s][info][gc,task        ] GC(67) Using 6 workers of 6 for evacuation
[103.518s][info][gc,phases      ] GC(67)   Pre Evacuate Collection Set: 0.3ms
[103.518s][info][gc,phases      ] GC(67)   Merge Heap Roots: 0.3ms
[103.518s][info][gc,phases      ] GC(67)   Evacuate Collection Set: 6.2ms
[103.518s][info][gc,phases      ] GC(67)   Post Evacuate Collection Set: 1.5ms
[103.518s][info][gc,phases      ] GC(67)   Other: 0.3ms
[103.518s][info][gc,heap        ] GC(67) Eden regions: 1228->0(1223)
[103.518s][info][gc,heap        ] GC(67) Survivor regions: 0->5(154)
[103.518s][info][gc,heap        ] GC(67) Old regions: 4->4
[103.518s][info][gc,heap        ] GC(67) Archive regions: 0->0
[103.518s][info][gc,heap        ] GC(67) Humongous regions: 0->0
[103.518s][info][gc,metaspace   ] GC(67) Metaspace: 9009K(9216K)->9009K(9216K) NonClass: 7833K(7936K)->7833K(7936K) Class: 1175K(1280K)->1175K(1280K)
[103.518s][info][gc             ] GC(67) Pause Young (Normal) (G1 Evacuation Pause) 4915M->20M(8192M) 8.653ms
[103.518s][info][gc,cpu         ] GC(67) User=0.09s Sys=0.00s Real=0.01s
[104.580s][info][gc,start       ] GC(68) Pause Full (System.gc())
[104.580s][info][gc,task        ] GC(68) Using 6 workers of 6 for full compaction
[104.580s][info][gc,phases,start] GC(68) Phase 1: Mark live objects
[104.582s][info][gc,phases      ] GC(68) Phase 1: Mark live objects 1.974ms
[104.582s][info][gc,phases,start] GC(68) Phase 2: Prepare for compaction
[104.587s][info][gc,phases      ] GC(68) Phase 2: Prepare for compaction 5.291ms
[104.588s][info][gc,phases,start] GC(68) Phase 3: Adjust pointers
[104.589s][info][gc,phases      ] GC(68) Phase 3: Adjust pointers 1.767ms
[104.589s][info][gc,phases,start] GC(68) Phase 4: Compact heap
[104.591s][info][gc,phases      ] GC(68) Phase 4: Compact heap 1.390ms
[104.606s][info][gc,heap        ] GC(68) Eden regions: 473->0(1228)
[104.606s][info][gc,heap        ] GC(68) Survivor regions: 5->0(154)
[104.606s][info][gc,heap        ] GC(68) Old regions: 4->4
[104.606s][info][gc,heap        ] GC(68) Archive regions: 0->0
[104.606s][info][gc,heap        ] GC(68) Humongous regions: 0->0
[104.606s][info][gc,metaspace   ] GC(68) Metaspace: 9009K(9216K)->9009K(9216K) NonClass: 7833K(7936K)->7833K(7936K) Class: 1175K(1280K)->1175K(1280K)
[104.606s][info][gc             ] GC(68) Pause Full (System.gc()) 1912M->3M(8192M) 26.463ms
[104.606s][info][gc,cpu         ] GC(68) User=0.09s Sys=0.00s Real=0.02s
[106.623s][info][gc,start       ] GC(69) Pause Young (Normal) (G1 Evacuation Pause)
[106.623s][info][gc,task        ] GC(69) Using 6 workers of 6 for evacuation
[106.631s][info][gc,phases      ] GC(69)   Pre Evacuate Collection Set: 0.4ms
[106.631s][info][gc,phases      ] GC(69)   Merge Heap Roots: 0.2ms
[106.631s][info][gc,phases      ] GC(69)   Evacuate Collection Set: 6.1ms
[106.631s][info][gc,phases      ] GC(69)   Post Evacuate Collection Set: 1.6ms
[106.631s][info][gc,phases      ] GC(69)   Other: 0.2ms
[106.631s][info][gc,heap        ] GC(69) Eden regions: 1228->0(1223)
[106.631s][info][gc,heap        ] GC(69) Survivor regions: 0->5(154)
[106.631s][info][gc,heap        ] GC(69) Old regions: 4->4
[106.631s][info][gc,heap        ] GC(69) Archive regions: 0->0
[106.631s][info][gc,heap        ] GC(69) Humongous regions: 0->0
[106.631s][info][gc,metaspace   ] GC(69) Metaspace: 9009K(9216K)->9009K(9216K) NonClass: 7833K(7936K)->7833K(7936K) Class: 1175K(1280K)->1175K(1280K)
[106.631s][info][gc             ] GC(69) Pause Young (Normal) (G1 Evacuation Pause) 4915M->20M(8192M) 8.615ms
[106.631s][info][gc,cpu         ] GC(69) User=0.00s Sys=0.00s Real=0.02s
[107.693s][info][gc,start       ] GC(70) Pause Full (System.gc())
[107.694s][info][gc,task        ] GC(70) Using 6 workers of 6 for full compaction
[107.694s][info][gc,phases,start] GC(70) Phase 1: Mark live objects
[107.696s][info][gc,phases      ] GC(70) Phase 1: Mark live objects 1.878ms
[107.696s][info][gc,phases,start] GC(70) Phase 2: Prepare for compaction
[107.701s][info][gc,phases      ] GC(70) Phase 2: Prepare for compaction 5.042ms
[107.701s][info][gc,phases,start] GC(70) Phase 3: Adjust pointers
[107.703s][info][gc,phases      ] GC(70) Phase 3: Adjust pointers 1.747ms
[107.703s][info][gc,phases,start] GC(70) Phase 4: Compact heap
[107.704s][info][gc,phases      ] GC(70) Phase 4: Compact heap 1.678ms
[107.720s][info][gc,heap        ] GC(70) Eden regions: 473->0(1228)
[107.720s][info][gc,heap        ] GC(70) Survivor regions: 5->0(154)
[107.720s][info][gc,heap        ] GC(70) Old regions: 4->4
[107.720s][info][gc,heap        ] GC(70) Archive regions: 0->0
[107.720s][info][gc,heap        ] GC(70) Humongous regions: 0->0
[107.720s][info][gc,metaspace   ] GC(70) Metaspace: 9009K(9216K)->9009K(9216K) NonClass: 7833K(7936K)->7833K(7936K) Class: 1175K(1280K)->1175K(1280K)
[107.720s][info][gc             ] GC(70) Pause Full (System.gc()) 1912M->3M(8192M) 26.322ms
[107.720s][info][gc,cpu         ] GC(70) User=0.17s Sys=0.00s Real=0.03s
[109.736s][info][gc,start       ] GC(71) Pause Young (Normal) (G1 Evacuation Pause)
[109.736s][info][gc,task        ] GC(71) Using 6 workers of 6 for evacuation
[109.744s][info][gc,phases      ] GC(71)   Pre Evacuate Collection Set: 0.2ms
[109.744s][info][gc,phases      ] GC(71)   Merge Heap Roots: 0.2ms
[109.744s][info][gc,phases      ] GC(71)   Evacuate Collection Set: 6.4ms
[109.744s][info][gc,phases      ] GC(71)   Post Evacuate Collection Set: 1.6ms
[109.744s][info][gc,phases      ] GC(71)   Other: 0.2ms
[109.744s][info][gc,heap        ] GC(71) Eden regions: 1228->0(1223)
[109.744s][info][gc,heap        ] GC(71) Survivor regions: 0->5(154)
[109.744s][info][gc,heap        ] GC(71) Old regions: 4->4
[109.744s][info][gc,heap        ] GC(71) Archive regions: 0->0
[109.744s][info][gc,heap        ] GC(71) Humongous regions: 0->0
[109.744s][info][gc,metaspace   ] GC(71) Metaspace: 9010K(9216K)->9010K(9216K) NonClass: 7834K(7936K)->7834K(7936K) Class: 1175K(1280K)->1175K(1280K)
[109.744s][info][gc             ] GC(71) Pause Young (Normal) (G1 Evacuation Pause) 4915M->20M(8192M) 8.757ms
[109.744s][info][gc,cpu         ] GC(71) User=0.00s Sys=0.00s Real=0.02s
[110.805s][info][gc,start       ] GC(72) Pause Full (System.gc())
[110.805s][info][gc,task        ] GC(72) Using 6 workers of 6 for full compaction
[110.805s][info][gc,phases,start] GC(72) Phase 1: Mark live objects
[110.807s][info][gc,phases      ] GC(72) Phase 1: Mark live objects 1.901ms
[110.807s][info][gc,phases,start] GC(72) Phase 2: Prepare for compaction
[110.813s][info][gc,phases      ] GC(72) Phase 2: Prepare for compaction 5.221ms
[110.813s][info][gc,phases,start] GC(72) Phase 3: Adjust pointers
[110.814s][info][gc,phases      ] GC(72) Phase 3: Adjust pointers 1.750ms
[110.814s][info][gc,phases,start] GC(72) Phase 4: Compact heap
[110.816s][info][gc,phases      ] GC(72) Phase 4: Compact heap 1.678ms
[110.831s][info][gc,heap        ] GC(72) Eden regions: 473->0(1228)
[110.831s][info][gc,heap        ] GC(72) Survivor regions: 5->0(154)
[110.831s][info][gc,heap        ] GC(72) Old regions: 4->4
[110.831s][info][gc,heap        ] GC(72) Archive regions: 0->0
[110.831s][info][gc,heap        ] GC(72) Humongous regions: 0->0
[110.831s][info][gc,metaspace   ] GC(72) Metaspace: 9010K(9216K)->9010K(9216K) NonClass: 7834K(7936K)->7834K(7936K) Class: 1175K(1280K)->1175K(1280K)
[110.831s][info][gc             ] GC(72) Pause Full (System.gc()) 1912M->3M(8192M) 26.334ms
[110.831s][info][gc,cpu         ] GC(72) User=0.16s Sys=0.00s Real=0.03s
[112.849s][info][gc,start       ] GC(73) Pause Young (Normal) (G1 Evacuation Pause)
[112.849s][info][gc,task        ] GC(73) Using 6 workers of 6 for evacuation
[112.858s][info][gc,phases      ] GC(73)   Pre Evacuate Collection Set: 0.3ms
[112.858s][info][gc,phases      ] GC(73)   Merge Heap Roots: 0.2ms
[112.858s][info][gc,phases      ] GC(73)   Evacuate Collection Set: 6.3ms
[112.858s][info][gc,phases      ] GC(73)   Post Evacuate Collection Set: 1.5ms
[112.858s][info][gc,phases      ] GC(73)   Other: 0.3ms
[112.858s][info][gc,heap        ] GC(73) Eden regions: 1228->0(1223)
[112.858s][info][gc,heap        ] GC(73) Survivor regions: 0->5(154)
[112.858s][info][gc,heap        ] GC(73) Old regions: 4->4
[112.858s][info][gc,heap        ] GC(73) Archive regions: 0->0
[112.858s][info][gc,heap        ] GC(73) Humongous regions: 0->0
[112.858s][info][gc,metaspace   ] GC(73) Metaspace: 9011K(9216K)->9011K(9216K) NonClass: 7835K(7936K)->7835K(7936K) Class: 1175K(1280K)->1175K(1280K)
[112.858s][info][gc             ] GC(73) Pause Young (Normal) (G1 Evacuation Pause) 4915M->20M(8192M) 8.710ms
[112.858s][info][gc,cpu         ] GC(73) User=0.02s Sys=0.00s Real=0.01s
[113.920s][info][gc,start       ] GC(74) Pause Full (System.gc())
[113.920s][info][gc,task        ] GC(74) Using 6 workers of 6 for full compaction
[113.921s][info][gc,phases,start] GC(74) Phase 1: Mark live objects
[113.923s][info][gc,phases      ] GC(74) Phase 1: Mark live objects 1.995ms
[113.923s][info][gc,phases,start] GC(74) Phase 2: Prepare for compaction
[113.928s][info][gc,phases      ] GC(74) Phase 2: Prepare for compaction 5.057ms
[113.928s][info][gc,phases,start] GC(74) Phase 3: Adjust pointers
[113.930s][info][gc,phases      ] GC(74) Phase 3: Adjust pointers 1.774ms
[113.930s][info][gc,phases,start] GC(74) Phase 4: Compact heap
[113.931s][info][gc,phases      ] GC(74) Phase 4: Compact heap 1.705ms
[113.947s][info][gc,heap        ] GC(74) Eden regions: 473->0(1228)
[113.947s][info][gc,heap        ] GC(74) Survivor regions: 5->0(154)
[113.947s][info][gc,heap        ] GC(74) Old regions: 4->4
[113.947s][info][gc,heap        ] GC(74) Archive regions: 0->0
[113.947s][info][gc,heap        ] GC(74) Humongous regions: 0->0
[113.947s][info][gc,metaspace   ] GC(74) Metaspace: 9011K(9216K)->9011K(9216K) NonClass: 7835K(7936K)->7835K(7936K) Class: 1175K(1280K)->1175K(1280K)
[113.947s][info][gc             ] GC(74) Pause Full (System.gc()) 1912M->3M(8192M) 26.440ms
[113.947s][info][gc,cpu         ] GC(74) User=0.09s Sys=0.00s Real=0.03s
[115.959s][info][gc,start       ] GC(75) Pause Young (Normal) (G1 Evacuation Pause)
[115.960s][info][gc,task        ] GC(75) Using 6 workers of 6 for evacuation
[115.968s][info][gc,phases      ] GC(75)   Pre Evacuate Collection Set: 0.3ms
[115.968s][info][gc,phases      ] GC(75)   Merge Heap Roots: 0.3ms
[115.968s][info][gc,phases      ] GC(75)   Evacuate Collection Set: 6.3ms
[115.968s][info][gc,phases      ] GC(75)   Post Evacuate Collection Set: 1.6ms
[115.968s][info][gc,phases      ] GC(75)   Other: 0.3ms
[115.968s][info][gc,heap        ] GC(75) Eden regions: 1228->0(1223)
[115.968s][info][gc,heap        ] GC(75) Survivor regions: 0->5(154)
[115.968s][info][gc,heap        ] GC(75) Old regions: 4->4
[115.968s][info][gc,heap        ] GC(75) Archive regions: 0->0
[115.968s][info][gc,heap        ] GC(75) Humongous regions: 0->0
[115.968s][info][gc,metaspace   ] GC(75) Metaspace: 9012K(9216K)->9012K(9216K) NonClass: 7836K(7936K)->7836K(7936K) Class: 1175K(1280K)->1175K(1280K)
[115.968s][info][gc             ] GC(75) Pause Young (Normal) (G1 Evacuation Pause) 4915M->20M(8192M) 8.927ms
[115.968s][info][gc,cpu         ] GC(75) User=0.08s Sys=0.02s Real=0.01s
[117.032s][info][gc,start       ] GC(76) Pause Full (System.gc())
[117.032s][info][gc,task        ] GC(76) Using 6 workers of 6 for full compaction
[117.032s][info][gc,phases,start] GC(76) Phase 1: Mark live objects
[117.034s][info][gc,phases      ] GC(76) Phase 1: Mark live objects 1.865ms
[117.034s][info][gc,phases,start] GC(76) Phase 2: Prepare for compaction
[117.039s][info][gc,phases      ] GC(76) Phase 2: Prepare for compaction 4.907ms
[117.039s][info][gc,phases,start] GC(76) Phase 3: Adjust pointers
[117.041s][info][gc,phases      ] GC(76) Phase 3: Adjust pointers 1.970ms
[117.041s][info][gc,phases,start] GC(76) Phase 4: Compact heap
[117.043s][info][gc,phases      ] GC(76) Phase 4: Compact heap 1.764ms
[117.058s][info][gc,heap        ] GC(76) Eden regions: 473->0(1228)
[117.058s][info][gc,heap        ] GC(76) Survivor regions: 5->0(154)
[117.058s][info][gc,heap        ] GC(76) Old regions: 4->5
[117.058s][info][gc,heap        ] GC(76) Archive regions: 0->0
[117.058s][info][gc,heap        ] GC(76) Humongous regions: 0->0
[117.058s][info][gc,metaspace   ] GC(76) Metaspace: 9012K(9216K)->9012K(9216K) NonClass: 7836K(7936K)->7836K(7936K) Class: 1175K(1280K)->1175K(1280K)
[117.058s][info][gc             ] GC(76) Pause Full (System.gc()) 1912M->3M(8192M) 26.024ms
[117.058s][info][gc,cpu         ] GC(76) User=0.09s Sys=0.00s Real=0.03s
[119.088s][info][gc,start       ] GC(77) Pause Young (Normal) (G1 Evacuation Pause)
[119.088s][info][gc,task        ] GC(77) Using 6 workers of 6 for evacuation
[119.096s][info][gc,phases      ] GC(77)   Pre Evacuate Collection Set: 0.3ms
[119.096s][info][gc,phases      ] GC(77)   Merge Heap Roots: 0.2ms
[119.096s][info][gc,phases      ] GC(77)   Evacuate Collection Set: 6.3ms
[119.096s][info][gc,phases      ] GC(77)   Post Evacuate Collection Set: 1.5ms
[119.096s][info][gc,phases      ] GC(77)   Other: 0.2ms
[119.096s][info][gc,heap        ] GC(77) Eden regions: 1228->0(1223)
[119.096s][info][gc,heap        ] GC(77) Survivor regions: 0->5(154)
[119.096s][info][gc,heap        ] GC(77) Old regions: 5->5
[119.096s][info][gc,heap        ] GC(77) Archive regions: 0->0
[119.096s][info][gc,heap        ] GC(77) Humongous regions: 0->0
[119.096s][info][gc,metaspace   ] GC(77) Metaspace: 9013K(9216K)->9013K(9216K) NonClass: 7837K(7936K)->7837K(7936K) Class: 1175K(1280K)->1175K(1280K)
[119.097s][info][gc             ] GC(77) Pause Young (Normal) (G1 Evacuation Pause) 4915M->20M(8192M) 8.700ms
[119.097s][info][gc,cpu         ] GC(77) User=0.09s Sys=0.00s Real=0.01s
[120.156s][info][gc,start       ] GC(78) Pause Full (System.gc())
[120.156s][info][gc,task        ] GC(78) Using 6 workers of 6 for full compaction
[120.157s][info][gc,phases,start] GC(78) Phase 1: Mark live objects
[120.159s][info][gc,phases      ] GC(78) Phase 1: Mark live objects 1.963ms
[120.159s][info][gc,phases,start] GC(78) Phase 2: Prepare for compaction
[120.163s][info][gc,phases      ] GC(78) Phase 2: Prepare for compaction 4.812ms
[120.164s][info][gc,phases,start] GC(78) Phase 3: Adjust pointers
[120.166s][info][gc,phases      ] GC(78) Phase 3: Adjust pointers 2.022ms
[120.166s][info][gc,phases,start] GC(78) Phase 4: Compact heap
[120.167s][info][gc,phases      ] GC(78) Phase 4: Compact heap 1.290ms
[120.182s][info][gc,heap        ] GC(78) Eden regions: 473->0(1228)
[120.182s][info][gc,heap        ] GC(78) Survivor regions: 5->0(154)
[120.182s][info][gc,heap        ] GC(78) Old regions: 5->4
[120.182s][info][gc,heap        ] GC(78) Archive regions: 0->0
[120.182s][info][gc,heap        ] GC(78) Humongous regions: 0->0
[120.182s][info][gc,metaspace   ] GC(78) Metaspace: 9013K(9216K)->9013K(9216K) NonClass: 7837K(7936K)->7837K(7936K) Class: 1175K(1280K)->1175K(1280K)
[120.182s][info][gc             ] GC(78) Pause Full (System.gc()) 1912M->3M(8192M) 25.707ms
[120.182s][info][gc,cpu         ] GC(78) User=0.06s Sys=0.00s Real=0.02s
[122.201s][info][gc,start       ] GC(79) Pause Young (Normal) (G1 Evacuation Pause)
[122.201s][info][gc,task        ] GC(79) Using 6 workers of 6 for evacuation
[122.210s][info][gc,phases      ] GC(79)   Pre Evacuate Collection Set: 0.2ms
[122.210s][info][gc,phases      ] GC(79)   Merge Heap Roots: 0.3ms
[122.210s][info][gc,phases      ] GC(79)   Evacuate Collection Set: 6.1ms
[122.210s][info][gc,phases      ] GC(79)   Post Evacuate Collection Set: 1.6ms
[122.210s][info][gc,phases      ] GC(79)   Other: 0.3ms
[122.210s][info][gc,heap        ] GC(79) Eden regions: 1228->0(1223)
[122.210s][info][gc,heap        ] GC(79) Survivor regions: 0->5(154)
[122.210s][info][gc,heap        ] GC(79) Old regions: 4->4
[122.210s][info][gc,heap        ] GC(79) Archive regions: 0->0
[122.210s][info][gc,heap        ] GC(79) Humongous regions: 0->0
[122.210s][info][gc,metaspace   ] GC(79) Metaspace: 9015K(9216K)->9015K(9216K) NonClass: 7839K(7936K)->7839K(7936K) Class: 1175K(1280K)->1175K(1280K)
[122.210s][info][gc             ] GC(79) Pause Young (Normal) (G1 Evacuation Pause) 4915M->20M(8192M) 8.533ms
[122.210s][info][gc,cpu         ] GC(79) User=0.02s Sys=0.00s Real=0.01s
[123.272s][info][gc,start       ] GC(80) Pause Full (System.gc())
[123.272s][info][gc,task        ] GC(80) Using 6 workers of 6 for full compaction
[123.272s][info][gc,phases,start] GC(80) Phase 1: Mark live objects
[123.274s][info][gc,phases      ] GC(80) Phase 1: Mark live objects 1.937ms
[123.274s][info][gc,phases,start] GC(80) Phase 2: Prepare for compaction
[123.279s][info][gc,phases      ] GC(80) Phase 2: Prepare for compaction 4.782ms
[123.279s][info][gc,phases,start] GC(80) Phase 3: Adjust pointers
[123.281s][info][gc,phases      ] GC(80) Phase 3: Adjust pointers 2.072ms
[123.281s][info][gc,phases,start] GC(80) Phase 4: Compact heap
[123.283s][info][gc,phases      ] GC(80) Phase 4: Compact heap 1.342ms
[123.297s][info][gc,heap        ] GC(80) Eden regions: 473->0(1228)
[123.298s][info][gc,heap        ] GC(80) Survivor regions: 5->0(154)
[123.298s][info][gc,heap        ] GC(80) Old regions: 4->4
[123.298s][info][gc,heap        ] GC(80) Archive regions: 0->0
[123.298s][info][gc,heap        ] GC(80) Humongous regions: 0->0
[123.298s][info][gc,metaspace   ] GC(80) Metaspace: 9015K(9216K)->9015K(9216K) NonClass: 7839K(7936K)->7839K(7936K) Class: 1175K(1280K)->1175K(1280K)
[123.298s][info][gc             ] GC(80) Pause Full (System.gc()) 1912M->3M(8192M) 25.580ms
[123.298s][info][gc,cpu         ] GC(80) User=0.19s Sys=0.00s Real=0.02s
[125.311s][info][gc,start       ] GC(81) Pause Young (Normal) (G1 Evacuation Pause)
[125.311s][info][gc,task        ] GC(81) Using 6 workers of 6 for evacuation
[125.319s][info][gc,phases      ] GC(81)   Pre Evacuate Collection Set: 0.2ms
[125.319s][info][gc,phases      ] GC(81)   Merge Heap Roots: 0.2ms
[125.319s][info][gc,phases      ] GC(81)   Evacuate Collection Set: 6.2ms
[125.319s][info][gc,phases      ] GC(81)   Post Evacuate Collection Set: 1.7ms
[125.319s][info][gc,phases      ] GC(81)   Other: 0.3ms
[125.319s][info][gc,heap        ] GC(81) Eden regions: 1228->0(1223)
[125.319s][info][gc,heap        ] GC(81) Survivor regions: 0->5(154)
[125.319s][info][gc,heap        ] GC(81) Old regions: 4->4
[125.319s][info][gc,heap        ] GC(81) Archive regions: 0->0
[125.319s][info][gc,heap        ] GC(81) Humongous regions: 0->0
[125.319s][info][gc,metaspace   ] GC(81) Metaspace: 9015K(9216K)->9015K(9216K) NonClass: 7839K(7936K)->7839K(7936K) Class: 1175K(1280K)->1175K(1280K)
[125.319s][info][gc             ] GC(81) Pause Young (Normal) (G1 Evacuation Pause) 4915M->20M(8192M) 8.680ms
[125.319s][info][gc,cpu         ] GC(81) User=0.02s Sys=0.00s Real=0.02s
[126.379s][info][gc,start       ] GC(82) Pause Full (System.gc())
[126.379s][info][gc,task        ] GC(82) Using 6 workers of 6 for full compaction
[126.380s][info][gc,phases,start] GC(82) Phase 1: Mark live objects
[126.381s][info][gc,phases      ] GC(82) Phase 1: Mark live objects 1.911ms
[126.381s][info][gc,phases,start] GC(82) Phase 2: Prepare for compaction
[126.386s][info][gc,phases      ] GC(82) Phase 2: Prepare for compaction 4.873ms
[126.386s][info][gc,phases,start] GC(82) Phase 3: Adjust pointers
[126.388s][info][gc,phases      ] GC(82) Phase 3: Adjust pointers 1.712ms
[126.388s][info][gc,phases,start] GC(82) Phase 4: Compact heap
[126.390s][info][gc,phases      ] GC(82) Phase 4: Compact heap 1.300ms
[126.405s][info][gc,heap        ] GC(82) Eden regions: 473->0(1228)
[126.405s][info][gc,heap        ] GC(82) Survivor regions: 5->0(154)
[126.405s][info][gc,heap        ] GC(82) Old regions: 4->4
[126.405s][info][gc,heap        ] GC(82) Archive regions: 0->0
[126.405s][info][gc,heap        ] GC(82) Humongous regions: 0->0
[126.405s][info][gc,metaspace   ] GC(82) Metaspace: 9015K(9216K)->9015K(9216K) NonClass: 7839K(7936K)->7839K(7936K) Class: 1175K(1280K)->1175K(1280K)
[126.405s][info][gc             ] GC(82) Pause Full (System.gc()) 1912M->3M(8192M) 25.521ms
[126.405s][info][gc,cpu         ] GC(82) User=0.09s Sys=0.02s Real=0.03s
[128.416s][info][gc,start       ] GC(83) Pause Young (Normal) (G1 Evacuation Pause)
[128.416s][info][gc,task        ] GC(83) Using 6 workers of 6 for evacuation
[128.425s][info][gc,phases      ] GC(83)   Pre Evacuate Collection Set: 0.1ms
[128.425s][info][gc,phases      ] GC(83)   Merge Heap Roots: 0.2ms
[128.425s][info][gc,phases      ] GC(83)   Evacuate Collection Set: 6.6ms
[128.425s][info][gc,phases      ] GC(83)   Post Evacuate Collection Set: 1.6ms
[128.425s][info][gc,phases      ] GC(83)   Other: 0.2ms
[128.425s][info][gc,heap        ] GC(83) Eden regions: 1228->0(1223)
[128.425s][info][gc,heap        ] GC(83) Survivor regions: 0->5(154)
[128.425s][info][gc,heap        ] GC(83) Old regions: 4->4
[128.425s][info][gc,heap        ] GC(83) Archive regions: 0->0
[128.425s][info][gc,heap        ] GC(83) Humongous regions: 0->0
[128.425s][info][gc,metaspace   ] GC(83) Metaspace: 9015K(9216K)->9015K(9216K) NonClass: 7839K(7936K)->7839K(7936K) Class: 1175K(1280K)->1175K(1280K)
[128.425s][info][gc             ] GC(83) Pause Young (Normal) (G1 Evacuation Pause) 4915M->20M(8192M) 8.807ms
[128.425s][info][gc,cpu         ] GC(83) User=0.09s Sys=0.00s Real=0.02s
[129.486s][info][gc,start       ] GC(84) Pause Full (System.gc())
[129.486s][info][gc,task        ] GC(84) Using 6 workers of 6 for full compaction
[129.486s][info][gc,phases,start] GC(84) Phase 1: Mark live objects
[129.488s][info][gc,phases      ] GC(84) Phase 1: Mark live objects 2.123ms
[129.488s][info][gc,phases,start] GC(84) Phase 2: Prepare for compaction
[129.493s][info][gc,phases      ] GC(84) Phase 2: Prepare for compaction 4.825ms
[129.493s][info][gc,phases,start] GC(84) Phase 3: Adjust pointers
[129.495s][info][gc,phases      ] GC(84) Phase 3: Adjust pointers 1.805ms
[129.495s][info][gc,phases,start] GC(84) Phase 4: Compact heap
[129.497s][info][gc,phases      ] GC(84) Phase 4: Compact heap 1.760ms
[129.512s][info][gc,heap        ] GC(84) Eden regions: 473->0(1228)
[129.512s][info][gc,heap        ] GC(84) Survivor regions: 5->0(154)
[129.512s][info][gc,heap        ] GC(84) Old regions: 4->4
[129.512s][info][gc,heap        ] GC(84) Archive regions: 0->0
[129.512s][info][gc,heap        ] GC(84) Humongous regions: 0->0
[129.512s][info][gc,metaspace   ] GC(84) Metaspace: 9015K(9216K)->9015K(9216K) NonClass: 7839K(7936K)->7839K(7936K) Class: 1175K(1280K)->1175K(1280K)
[129.512s][info][gc             ] GC(84) Pause Full (System.gc()) 1912M->3M(8192M) 26.334ms
[129.512s][info][gc,cpu         ] GC(84) User=0.09s Sys=0.00s Real=0.03s
[131.526s][info][gc,start       ] GC(85) Pause Young (Normal) (G1 Evacuation Pause)
[131.526s][info][gc,task        ] GC(85) Using 6 workers of 6 for evacuation
[131.534s][info][gc,phases      ] GC(85)   Pre Evacuate Collection Set: 0.2ms
[131.534s][info][gc,phases      ] GC(85)   Merge Heap Roots: 0.3ms
[131.534s][info][gc,phases      ] GC(85)   Evacuate Collection Set: 6.2ms
[131.534s][info][gc,phases      ] GC(85)   Post Evacuate Collection Set: 1.5ms
[131.534s][info][gc,phases      ] GC(85)   Other: 0.2ms
[131.534s][info][gc,heap        ] GC(85) Eden regions: 1228->0(1223)
[131.534s][info][gc,heap        ] GC(85) Survivor regions: 0->5(154)
[131.534s][info][gc,heap        ] GC(85) Old regions: 4->4
[131.534s][info][gc,heap        ] GC(85) Archive regions: 0->0
[131.534s][info][gc,heap        ] GC(85) Humongous regions: 0->0
[131.534s][info][gc,metaspace   ] GC(85) Metaspace: 9023K(9216K)->9023K(9216K) NonClass: 7848K(7936K)->7848K(7936K) Class: 1175K(1280K)->1175K(1280K)
[131.534s][info][gc             ] GC(85) Pause Young (Normal) (G1 Evacuation Pause) 4915M->20M(8192M) 8.554ms
[131.534s][info][gc,cpu         ] GC(85) User=0.09s Sys=0.00s Real=0.01s
[132.593s][info][gc,start       ] GC(86) Pause Full (System.gc())
[132.593s][info][gc,task        ] GC(86) Using 6 workers of 6 for full compaction
[132.594s][info][gc,phases,start] GC(86) Phase 1: Mark live objects
[132.596s][info][gc,phases      ] GC(86) Phase 1: Mark live objects 1.893ms
[132.596s][info][gc,phases,start] GC(86) Phase 2: Prepare for compaction
[132.601s][info][gc,phases      ] GC(86) Phase 2: Prepare for compaction 4.840ms
[132.601s][info][gc,phases,start] GC(86) Phase 3: Adjust pointers
[132.603s][info][gc,phases      ] GC(86) Phase 3: Adjust pointers 2.021ms
[132.603s][info][gc,phases,start] GC(86) Phase 4: Compact heap
[132.604s][info][gc,phases      ] GC(86) Phase 4: Compact heap 1.399ms
[132.619s][info][gc,heap        ] GC(86) Eden regions: 473->0(1228)
[132.619s][info][gc,heap        ] GC(86) Survivor regions: 5->0(154)
[132.619s][info][gc,heap        ] GC(86) Old regions: 4->4
[132.619s][info][gc,heap        ] GC(86) Archive regions: 0->0
[132.619s][info][gc,heap        ] GC(86) Humongous regions: 0->0
[132.619s][info][gc,metaspace   ] GC(86) Metaspace: 9023K(9216K)->9023K(9216K) NonClass: 7848K(7936K)->7848K(7936K) Class: 1175K(1280K)->1175K(1280K)
[132.619s][info][gc             ] GC(86) Pause Full (System.gc()) 1912M->3M(8192M) 25.462ms
[132.619s][info][gc,cpu         ] GC(86) User=0.09s Sys=0.00s Real=0.03s
[134.632s][info][gc,start       ] GC(87) Pause Young (Normal) (G1 Evacuation Pause)
[134.633s][info][gc,task        ] GC(87) Using 6 workers of 6 for evacuation
[134.641s][info][gc,phases      ] GC(87)   Pre Evacuate Collection Set: 0.2ms
[134.641s][info][gc,phases      ] GC(87)   Merge Heap Roots: 0.2ms
[134.641s][info][gc,phases      ] GC(87)   Evacuate Collection Set: 6.3ms
[134.641s][info][gc,phases      ] GC(87)   Post Evacuate Collection Set: 1.4ms
[134.641s][info][gc,phases      ] GC(87)   Other: 0.2ms
[134.641s][info][gc,heap        ] GC(87) Eden regions: 1228->0(1223)
[134.641s][info][gc,heap        ] GC(87) Survivor regions: 0->5(154)
[134.641s][info][gc,heap        ] GC(87) Old regions: 4->4
[134.641s][info][gc,heap        ] GC(87) Archive regions: 0->0
[134.641s][info][gc,heap        ] GC(87) Humongous regions: 0->0
[134.641s][info][gc,metaspace   ] GC(87) Metaspace: 9027K(9280K)->9027K(9280K) NonClass: 7851K(8000K)->7851K(8000K) Class: 1175K(1280K)->1175K(1280K)
[134.641s][info][gc             ] GC(87) Pause Young (Normal) (G1 Evacuation Pause) 4915M->20M(8192M) 8.491ms
[134.641s][info][gc,cpu         ] GC(87) User=0.09s Sys=0.00s Real=0.02s
[135.701s][info][gc,start       ] GC(88) Pause Full (System.gc())
[135.701s][info][gc,task        ] GC(88) Using 6 workers of 6 for full compaction
[135.702s][info][gc,phases,start] GC(88) Phase 1: Mark live objects
[135.704s][info][gc,phases      ] GC(88) Phase 1: Mark live objects 1.840ms
[135.704s][info][gc,phases,start] GC(88) Phase 2: Prepare for compaction
[135.709s][info][gc,phases      ] GC(88) Phase 2: Prepare for compaction 5.070ms
[135.709s][info][gc,phases,start] GC(88) Phase 3: Adjust pointers
[135.711s][info][gc,phases      ] GC(88) Phase 3: Adjust pointers 1.830ms
[135.711s][info][gc,phases,start] GC(88) Phase 4: Compact heap
[135.712s][info][gc,phases      ] GC(88) Phase 4: Compact heap 1.809ms
[135.727s][info][gc,heap        ] GC(88) Eden regions: 473->0(1228)
[135.728s][info][gc,heap        ] GC(88) Survivor regions: 5->0(154)
[135.728s][info][gc,heap        ] GC(88) Old regions: 4->5
[135.728s][info][gc,heap        ] GC(88) Archive regions: 0->0
[135.728s][info][gc,heap        ] GC(88) Humongous regions: 0->0
[135.728s][info][gc,metaspace   ] GC(88) Metaspace: 9027K(9280K)->9027K(9280K) NonClass: 7851K(8000K)->7851K(8000K) Class: 1175K(1280K)->1175K(1280K)
[135.728s][info][gc             ] GC(88) Pause Full (System.gc()) 1912M->3M(8192M) 26.149ms
[135.728s][info][gc,cpu         ] GC(88) User=0.12s Sys=0.00s Real=0.03s
[137.745s][info][gc,start       ] GC(89) Pause Young (Normal) (G1 Evacuation Pause)
[137.745s][info][gc,task        ] GC(89) Using 6 workers of 6 for evacuation
[137.754s][info][gc,phases      ] GC(89)   Pre Evacuate Collection Set: 0.2ms
[137.754s][info][gc,phases      ] GC(89)   Merge Heap Roots: 0.2ms
[137.754s][info][gc,phases      ] GC(89)   Evacuate Collection Set: 6.5ms
[137.754s][info][gc,phases      ] GC(89)   Post Evacuate Collection Set: 1.5ms
[137.754s][info][gc,phases      ] GC(89)   Other: 0.2ms
[137.754s][info][gc,heap        ] GC(89) Eden regions: 1228->0(1223)
[137.754s][info][gc,heap        ] GC(89) Survivor regions: 0->5(154)
[137.754s][info][gc,heap        ] GC(89) Old regions: 5->5
[137.754s][info][gc,heap        ] GC(89) Archive regions: 0->0
[137.754s][info][gc,heap        ] GC(89) Humongous regions: 0->0
[137.754s][info][gc,metaspace   ] GC(89) Metaspace: 9028K(9280K)->9028K(9280K) NonClass: 7852K(8000K)->7852K(8000K) Class: 1175K(1280K)->1175K(1280K)
[137.754s][info][gc             ] GC(89) Pause Young (Normal) (G1 Evacuation Pause) 4915M->21M(8192M) 8.692ms
[137.754s][info][gc,cpu         ] GC(89) User=0.09s Sys=0.00s Real=0.01s
[138.816s][info][gc,start       ] GC(90) Pause Full (System.gc())
[138.816s][info][gc,task        ] GC(90) Using 6 workers of 6 for full compaction
[138.816s][info][gc,phases,start] GC(90) Phase 1: Mark live objects
[138.818s][info][gc,phases      ] GC(90) Phase 1: Mark live objects 1.954ms
[138.818s][info][gc,phases,start] GC(90) Phase 2: Prepare for compaction
[138.823s][info][gc,phases      ] GC(90) Phase 2: Prepare for compaction 5.126ms
[138.823s][info][gc,phases,start] GC(90) Phase 3: Adjust pointers
[138.825s][info][gc,phases      ] GC(90) Phase 3: Adjust pointers 1.785ms
[138.825s][info][gc,phases,start] GC(90) Phase 4: Compact heap
[138.827s][info][gc,phases      ] GC(90) Phase 4: Compact heap 1.586ms
[138.842s][info][gc,heap        ] GC(90) Eden regions: 473->0(1228)
[138.846s][info][gc,heap        ] GC(90) Survivor regions: 5->0(154)
[138.846s][info][gc,heap        ] GC(90) Old regions: 5->5
[138.846s][info][gc,heap        ] GC(90) Archive regions: 0->0
[138.846s][info][gc,heap        ] GC(90) Humongous regions: 0->0
[138.846s][info][gc,metaspace   ] GC(90) Metaspace: 9028K(9280K)->9028K(9280K) NonClass: 7852K(8000K)->7852K(8000K) Class: 1175K(1280K)->1175K(1280K)
[138.846s][info][gc             ] GC(90) Pause Full (System.gc()) 1913M->3M(8192M) 29.838ms
[138.846s][info][gc,cpu         ] GC(90) User=0.06s Sys=0.03s Real=0.03s
[140.862s][info][gc,start       ] GC(91) Pause Young (Normal) (G1 Evacuation Pause)
[140.862s][info][gc,task        ] GC(91) Using 6 workers of 6 for evacuation
[140.871s][info][gc,phases      ] GC(91)   Pre Evacuate Collection Set: 0.2ms
[140.871s][info][gc,phases      ] GC(91)   Merge Heap Roots: 0.2ms
[140.871s][info][gc,phases      ] GC(91)   Evacuate Collection Set: 6.1ms
[140.871s][info][gc,phases      ] GC(91)   Post Evacuate Collection Set: 1.5ms
[140.871s][info][gc,phases      ] GC(91)   Other: 0.2ms
[140.871s][info][gc,heap        ] GC(91) Eden regions: 1228->0(1223)
[140.871s][info][gc,heap        ] GC(91) Survivor regions: 0->5(154)
[140.871s][info][gc,heap        ] GC(91) Old regions: 5->5
[140.871s][info][gc,heap        ] GC(91) Archive regions: 0->0
[140.871s][info][gc,heap        ] GC(91) Humongous regions: 0->0
[140.871s][info][gc,metaspace   ] GC(91) Metaspace: 9028K(9280K)->9028K(9280K) NonClass: 7852K(8000K)->7852K(8000K) Class: 1175K(1280K)->1175K(1280K)
[140.871s][info][gc             ] GC(91) Pause Young (Normal) (G1 Evacuation Pause) 4915M->20M(8192M) 8.400ms
[140.871s][info][gc,cpu         ] GC(91) User=0.00s Sys=0.00s Real=0.01s
[141.931s][info][gc,start       ] GC(92) Pause Full (System.gc())
[141.932s][info][gc,task        ] GC(92) Using 6 workers of 6 for full compaction
[141.932s][info][gc,phases,start] GC(92) Phase 1: Mark live objects
[141.934s][info][gc,phases      ] GC(92) Phase 1: Mark live objects 1.963ms
[141.934s][info][gc,phases,start] GC(92) Phase 2: Prepare for compaction
[141.939s][info][gc,phases      ] GC(92) Phase 2: Prepare for compaction 5.119ms
[141.939s][info][gc,phases,start] GC(92) Phase 3: Adjust pointers
[141.941s][info][gc,phases      ] GC(92) Phase 3: Adjust pointers 1.754ms
[141.941s][info][gc,phases,start] GC(92) Phase 4: Compact heap
[141.943s][info][gc,phases      ] GC(92) Phase 4: Compact heap 1.761ms
[141.958s][info][gc,heap        ] GC(92) Eden regions: 473->0(1228)
[141.958s][info][gc,heap        ] GC(92) Survivor regions: 5->0(154)
[141.958s][info][gc,heap        ] GC(92) Old regions: 5->5
[141.958s][info][gc,heap        ] GC(92) Archive regions: 0->0
[141.958s][info][gc,heap        ] GC(92) Humongous regions: 0->0
[141.958s][info][gc,metaspace   ] GC(92) Metaspace: 9028K(9280K)->9028K(9280K) NonClass: 7852K(8000K)->7852K(8000K) Class: 1175K(1280K)->1175K(1280K)
[141.958s][info][gc             ] GC(92) Pause Full (System.gc()) 1912M->3M(8192M) 26.764ms
[141.958s][info][gc,cpu         ] GC(92) User=0.14s Sys=0.00s Real=0.03s
[143.977s][info][gc,start       ] GC(93) Pause Young (Normal) (G1 Evacuation Pause)
[143.977s][info][gc,task        ] GC(93) Using 6 workers of 6 for evacuation
[143.985s][info][gc,phases      ] GC(93)   Pre Evacuate Collection Set: 0.2ms
[143.985s][info][gc,phases      ] GC(93)   Merge Heap Roots: 0.2ms
[143.985s][info][gc,phases      ] GC(93)   Evacuate Collection Set: 6.3ms
[143.985s][info][gc,phases      ] GC(93)   Post Evacuate Collection Set: 1.4ms
[143.985s][info][gc,phases      ] GC(93)   Other: 0.2ms
[143.985s][info][gc,heap        ] GC(93) Eden regions: 1228->0(1223)
[143.985s][info][gc,heap        ] GC(93) Survivor regions: 0->5(154)
[143.985s][info][gc,heap        ] GC(93) Old regions: 5->5
[143.985s][info][gc,heap        ] GC(93) Archive regions: 0->0
[143.985s][info][gc,heap        ] GC(93) Humongous regions: 0->0
[143.985s][info][gc,metaspace   ] GC(93) Metaspace: 9028K(9280K)->9028K(9280K) NonClass: 7852K(8000K)->7852K(8000K) Class: 1175K(1280K)->1175K(1280K)
[143.985s][info][gc             ] GC(93) Pause Young (Normal) (G1 Evacuation Pause) 4915M->21M(8192M) 8.461ms
[143.985s][info][gc,cpu         ] GC(93) User=0.08s Sys=0.00s Real=0.02s
[145.046s][info][gc,start       ] GC(94) Pause Full (System.gc())
[145.046s][info][gc,task        ] GC(94) Using 6 workers of 6 for full compaction
[145.047s][info][gc,phases,start] GC(94) Phase 1: Mark live objects
[145.049s][info][gc,phases      ] GC(94) Phase 1: Mark live objects 1.952ms
[145.049s][info][gc,phases,start] GC(94) Phase 2: Prepare for compaction
[145.054s][info][gc,phases      ] GC(94) Phase 2: Prepare for compaction 5.101ms
[145.054s][info][gc,phases,start] GC(94) Phase 3: Adjust pointers
[145.056s][info][gc,phases      ] GC(94) Phase 3: Adjust pointers 1.771ms
[145.056s][info][gc,phases,start] GC(94) Phase 4: Compact heap
[145.057s][info][gc,phases      ] GC(94) Phase 4: Compact heap 1.690ms
[145.073s][info][gc,heap        ] GC(94) Eden regions: 473->0(1228)
[145.073s][info][gc,heap        ] GC(94) Survivor regions: 5->0(154)
[145.073s][info][gc,heap        ] GC(94) Old regions: 5->4
[145.073s][info][gc,heap        ] GC(94) Archive regions: 0->0
[145.073s][info][gc,heap        ] GC(94) Humongous regions: 0->0
[145.073s][info][gc,metaspace   ] GC(94) Metaspace: 9028K(9280K)->9028K(9280K) NonClass: 7852K(8000K)->7852K(8000K) Class: 1175K(1280K)->1175K(1280K)
[145.073s][info][gc             ] GC(94) Pause Full (System.gc()) 1913M->3M(8192M) 26.494ms
[145.073s][info][gc,cpu         ] GC(94) User=0.09s Sys=0.00s Real=0.03s
[147.086s][info][gc,start       ] GC(95) Pause Young (Normal) (G1 Evacuation Pause)
[147.086s][info][gc,task        ] GC(95) Using 6 workers of 6 for evacuation
[147.094s][info][gc,phases      ] GC(95)   Pre Evacuate Collection Set: 0.2ms
[147.094s][info][gc,phases      ] GC(95)   Merge Heap Roots: 0.2ms
[147.094s][info][gc,phases      ] GC(95)   Evacuate Collection Set: 6.2ms
[147.094s][info][gc,phases      ] GC(95)   Post Evacuate Collection Set: 1.6ms
[147.094s][info][gc,phases      ] GC(95)   Other: 0.3ms
[147.094s][info][gc,heap        ] GC(95) Eden regions: 1228->0(1223)
[147.094s][info][gc,heap        ] GC(95) Survivor regions: 0->5(154)
[147.094s][info][gc,heap        ] GC(95) Old regions: 4->4
[147.094s][info][gc,heap        ] GC(95) Archive regions: 0->0
[147.094s][info][gc,heap        ] GC(95) Humongous regions: 0->0
[147.094s][info][gc,metaspace   ] GC(95) Metaspace: 9028K(9280K)->9028K(9280K) NonClass: 7852K(8000K)->7852K(8000K) Class: 1175K(1280K)->1175K(1280K)
[147.094s][info][gc             ] GC(95) Pause Young (Normal) (G1 Evacuation Pause) 4915M->20M(8192M) 8.673ms
[147.094s][info][gc,cpu         ] GC(95) User=0.08s Sys=0.02s Real=0.01s
[148.155s][info][gc,start       ] GC(96) Pause Full (System.gc())
[148.155s][info][gc,task        ] GC(96) Using 6 workers of 6 for full compaction
[148.155s][info][gc,phases,start] GC(96) Phase 1: Mark live objects
[148.157s][info][gc,phases      ] GC(96) Phase 1: Mark live objects 2.013ms
[148.157s][info][gc,phases,start] GC(96) Phase 2: Prepare for compaction
[148.162s][info][gc,phases      ] GC(96) Phase 2: Prepare for compaction 4.825ms
[148.162s][info][gc,phases,start] GC(96) Phase 3: Adjust pointers
[148.164s][info][gc,phases      ] GC(96) Phase 3: Adjust pointers 2.164ms
[148.164s][info][gc,phases,start] GC(96) Phase 4: Compact heap
[148.166s][info][gc,phases      ] GC(96) Phase 4: Compact heap 1.845ms
[148.181s][info][gc,heap        ] GC(96) Eden regions: 473->0(1228)
[148.181s][info][gc,heap        ] GC(96) Survivor regions: 5->0(154)
[148.181s][info][gc,heap        ] GC(96) Old regions: 4->5
[148.181s][info][gc,heap        ] GC(96) Archive regions: 0->0
[148.181s][info][gc,heap        ] GC(96) Humongous regions: 0->0
[148.181s][info][gc,metaspace   ] GC(96) Metaspace: 9028K(9280K)->9028K(9280K) NonClass: 7852K(8000K)->7852K(8000K) Class: 1175K(1280K)->1175K(1280K)
[148.181s][info][gc             ] GC(96) Pause Full (System.gc()) 1912M->3M(8192M) 26.379ms
[148.181s][info][gc,cpu         ] GC(96) User=0.09s Sys=0.00s Real=0.03s
[150.199s][info][gc,start       ] GC(97) Pause Young (Normal) (G1 Evacuation Pause)
[150.199s][info][gc,task        ] GC(97) Using 6 workers of 6 for evacuation
[150.207s][info][gc,phases      ] GC(97)   Pre Evacuate Collection Set: 0.2ms
[150.207s][info][gc,phases      ] GC(97)   Merge Heap Roots: 0.2ms
[150.207s][info][gc,phases      ] GC(97)   Evacuate Collection Set: 6.4ms
[150.207s][info][gc,phases      ] GC(97)   Post Evacuate Collection Set: 1.5ms
[150.207s][info][gc,phases      ] GC(97)   Other: 0.2ms
[150.207s][info][gc,heap        ] GC(97) Eden regions: 1228->0(1224)
[150.207s][info][gc,heap        ] GC(97) Survivor regions: 0->4(154)
[150.207s][info][gc,heap        ] GC(97) Old regions: 5->5
[150.207s][info][gc,heap        ] GC(97) Archive regions: 0->0
[150.207s][info][gc,heap        ] GC(97) Humongous regions: 0->0
[150.207s][info][gc,metaspace   ] GC(97) Metaspace: 9043K(9280K)->9043K(9280K) NonClass: 7867K(8000K)->7867K(8000K) Class: 1175K(1280K)->1175K(1280K)
[150.207s][info][gc             ] GC(97) Pause Young (Normal) (G1 Evacuation Pause) 4915M->19M(8192M) 8.639ms
[150.207s][info][gc,cpu         ] GC(97) User=0.09s Sys=0.00s Real=0.01s
[151.272s][info][gc,start       ] GC(98) Pause Full (System.gc())
[151.272s][info][gc,task        ] GC(98) Using 6 workers of 6 for full compaction
[151.272s][info][gc,phases,start] GC(98) Phase 1: Mark live objects
[151.274s][info][gc,phases      ] GC(98) Phase 1: Mark live objects 1.890ms
[151.274s][info][gc,phases,start] GC(98) Phase 2: Prepare for compaction
[151.279s][info][gc,phases      ] GC(98) Phase 2: Prepare for compaction 4.964ms
[151.279s][info][gc,phases,start] GC(98) Phase 3: Adjust pointers
[151.281s][info][gc,phases      ] GC(98) Phase 3: Adjust pointers 1.938ms
[151.281s][info][gc,phases,start] GC(98) Phase 4: Compact heap
[151.283s][info][gc,phases      ] GC(98) Phase 4: Compact heap 1.815ms
[151.298s][info][gc,heap        ] GC(98) Eden regions: 473->0(1228)
[151.298s][info][gc,heap        ] GC(98) Survivor regions: 4->0(154)
[151.298s][info][gc,heap        ] GC(98) Old regions: 5->4
[151.298s][info][gc,heap        ] GC(98) Archive regions: 0->0
[151.298s][info][gc,heap        ] GC(98) Humongous regions: 0->0
[151.298s][info][gc,metaspace   ] GC(98) Metaspace: 9043K(9280K)->9043K(9280K) NonClass: 7867K(8000K)->7867K(8000K) Class: 1175K(1280K)->1175K(1280K)
[151.298s][info][gc             ] GC(98) Pause Full (System.gc()) 1911M->3M(8192M) 26.348ms
[151.298s][info][gc,cpu         ] GC(98) User=0.17s Sys=0.00s Real=0.02s
[153.314s][info][gc,start       ] GC(99) Pause Young (Normal) (G1 Evacuation Pause)
[153.314s][info][gc,task        ] GC(99) Using 6 workers of 6 for evacuation
[153.323s][info][gc,phases      ] GC(99)   Pre Evacuate Collection Set: 0.3ms
[153.323s][info][gc,phases      ] GC(99)   Merge Heap Roots: 0.2ms
[153.323s][info][gc,phases      ] GC(99)   Evacuate Collection Set: 6.7ms
[153.323s][info][gc,phases      ] GC(99)   Post Evacuate Collection Set: 1.7ms
[153.323s][info][gc,phases      ] GC(99)   Other: 0.3ms
[153.323s][info][gc,heap        ] GC(99) Eden regions: 1228->0(1223)
[153.323s][info][gc,heap        ] GC(99) Survivor regions: 0->5(154)
[153.323s][info][gc,heap        ] GC(99) Old regions: 4->4
[153.323s][info][gc,heap        ] GC(99) Archive regions: 0->0
[153.323s][info][gc,heap        ] GC(99) Humongous regions: 0->0
[153.323s][info][gc,metaspace   ] GC(99) Metaspace: 9043K(9280K)->9043K(9280K) NonClass: 7867K(8000K)->7867K(8000K) Class: 1175K(1280K)->1175K(1280K)
[153.323s][info][gc             ] GC(99) Pause Young (Normal) (G1 Evacuation Pause) 4915M->20M(8192M) 9.336ms
[153.323s][info][gc,cpu         ] GC(99) User=0.00s Sys=0.00s Real=0.02s
[154.383s][info][gc,start       ] GC(100) Pause Full (System.gc())
[154.383s][info][gc,task        ] GC(100) Using 6 workers of 6 for full compaction
[154.383s][info][gc,phases,start] GC(100) Phase 1: Mark live objects
[154.385s][info][gc,phases      ] GC(100) Phase 1: Mark live objects 1.978ms
[154.385s][info][gc,phases,start] GC(100) Phase 2: Prepare for compaction
[154.390s][info][gc,phases      ] GC(100) Phase 2: Prepare for compaction 4.856ms
[154.390s][info][gc,phases,start] GC(100) Phase 3: Adjust pointers
[154.392s][info][gc,phases      ] GC(100) Phase 3: Adjust pointers 1.992ms
[154.392s][info][gc,phases,start] GC(100) Phase 4: Compact heap
[154.394s][info][gc,phases      ] GC(100) Phase 4: Compact heap 1.737ms
[154.409s][info][gc,heap        ] GC(100) Eden regions: 473->0(1228)
[154.409s][info][gc,heap        ] GC(100) Survivor regions: 5->0(154)
[154.409s][info][gc,heap        ] GC(100) Old regions: 4->5
[154.409s][info][gc,heap        ] GC(100) Archive regions: 0->0
[154.409s][info][gc,heap        ] GC(100) Humongous regions: 0->0
[154.409s][info][gc,metaspace   ] GC(100) Metaspace: 9045K(9280K)->9045K(9280K) NonClass: 7869K(8000K)->7869K(8000K) Class: 1175K(1280K)->1175K(1280K)
[154.409s][info][gc             ] GC(100) Pause Full (System.gc()) 1912M->3M(8192M) 26.013ms
[154.409s][info][gc,cpu         ] GC(100) User=0.19s Sys=0.00s Real=0.03s
[156.424s][info][gc,start       ] GC(101) Pause Young (Normal) (G1 Evacuation Pause)
[156.424s][info][gc,task        ] GC(101) Using 6 workers of 6 for evacuation
[156.433s][info][gc,phases      ] GC(101)   Pre Evacuate Collection Set: 0.2ms
[156.433s][info][gc,phases      ] GC(101)   Merge Heap Roots: 0.2ms
[156.433s][info][gc,phases      ] GC(101)   Evacuate Collection Set: 6.3ms
[156.433s][info][gc,phases      ] GC(101)   Post Evacuate Collection Set: 1.9ms
[156.433s][info][gc,phases      ] GC(101)   Other: 0.2ms
[156.433s][info][gc,heap        ] GC(101) Eden regions: 1228->0(1223)
[156.433s][info][gc,heap        ] GC(101) Survivor regions: 0->5(154)
[156.433s][info][gc,heap        ] GC(101) Old regions: 5->5
[156.433s][info][gc,heap        ] GC(101) Archive regions: 0->0
[156.433s][info][gc,heap        ] GC(101) Humongous regions: 0->0
[156.433s][info][gc,metaspace   ] GC(101) Metaspace: 9048K(9280K)->9048K(9280K) NonClass: 7872K(8000K)->7872K(8000K) Class: 1175K(1280K)->1175K(1280K)
[156.433s][info][gc             ] GC(101) Pause Young (Normal) (G1 Evacuation Pause) 4915M->20M(8192M) 8.935ms
[156.433s][info][gc,cpu         ] GC(101) User=0.00s Sys=0.00s Real=0.02s
[157.494s][info][gc,start       ] GC(102) Pause Full (System.gc())
[157.494s][info][gc,task        ] GC(102) Using 6 workers of 6 for full compaction
[157.494s][info][gc,phases,start] GC(102) Phase 1: Mark live objects
[157.496s][info][gc,phases      ] GC(102) Phase 1: Mark live objects 1.844ms
[157.496s][info][gc,phases,start] GC(102) Phase 2: Prepare for compaction
[157.501s][info][gc,phases      ] GC(102) Phase 2: Prepare for compaction 4.804ms
[157.501s][info][gc,phases,start] GC(102) Phase 3: Adjust pointers
[157.502s][info][gc,phases      ] GC(102) Phase 3: Adjust pointers 1.780ms
[157.503s][info][gc,phases,start] GC(102) Phase 4: Compact heap
[157.504s][info][gc,phases      ] GC(102) Phase 4: Compact heap 1.377ms
[157.519s][info][gc,heap        ] GC(102) Eden regions: 473->0(1228)
[157.519s][info][gc,heap        ] GC(102) Survivor regions: 5->0(154)
[157.519s][info][gc,heap        ] GC(102) Old regions: 5->4
[157.519s][info][gc,heap        ] GC(102) Archive regions: 0->0
[157.519s][info][gc,heap        ] GC(102) Humongous regions: 0->0
[157.519s][info][gc,metaspace   ] GC(102) Metaspace: 9048K(9280K)->9048K(9280K) NonClass: 7872K(8000K)->7872K(8000K) Class: 1175K(1280K)->1175K(1280K)
[157.519s][info][gc             ] GC(102) Pause Full (System.gc()) 1912M->3M(8192M) 25.189ms
[157.519s][info][gc,cpu         ] GC(102) User=0.19s Sys=0.00s Real=0.04s
[159.538s][info][gc,start       ] GC(103) Pause Young (Normal) (G1 Evacuation Pause)
[159.538s][info][gc,task        ] GC(103) Using 6 workers of 6 for evacuation
[159.547s][info][gc,phases      ] GC(103)   Pre Evacuate Collection Set: 0.3ms
[159.547s][info][gc,phases      ] GC(103)   Merge Heap Roots: 0.2ms
[159.547s][info][gc,phases      ] GC(103)   Evacuate Collection Set: 6.2ms
[159.547s][info][gc,phases      ] GC(103)   Post Evacuate Collection Set: 1.6ms
[159.547s][info][gc,phases      ] GC(103)   Other: 0.2ms
[159.547s][info][gc,heap        ] GC(103) Eden regions: 1228->0(1223)
[159.547s][info][gc,heap        ] GC(103) Survivor regions: 0->5(154)
[159.547s][info][gc,heap        ] GC(103) Old regions: 4->4
[159.547s][info][gc,heap        ] GC(103) Archive regions: 0->0
[159.547s][info][gc,heap        ] GC(103) Humongous regions: 0->0
[159.547s][info][gc,metaspace   ] GC(103) Metaspace: 9049K(9280K)->9049K(9280K) NonClass: 7873K(8000K)->7873K(8000K) Class: 1175K(1280K)->1175K(1280K)
[159.547s][info][gc             ] GC(103) Pause Young (Normal) (G1 Evacuation Pause) 4915M->20M(8192M) 8.500ms
[159.547s][info][gc,cpu         ] GC(103) User=0.02s Sys=0.00s Real=0.01s
[160.610s][info][gc,start       ] GC(104) Pause Full (System.gc())
[160.610s][info][gc,task        ] GC(104) Using 6 workers of 6 for full compaction
[160.610s][info][gc,phases,start] GC(104) Phase 1: Mark live objects
[160.612s][info][gc,phases      ] GC(104) Phase 1: Mark live objects 1.727ms
[160.612s][info][gc,phases,start] GC(104) Phase 2: Prepare for compaction
[160.617s][info][gc,phases      ] GC(104) Phase 2: Prepare for compaction 4.806ms
[160.617s][info][gc,phases,start] GC(104) Phase 3: Adjust pointers
[160.618s][info][gc,phases      ] GC(104) Phase 3: Adjust pointers 1.754ms
[160.618s][info][gc,phases,start] GC(104) Phase 4: Compact heap
[160.620s][info][gc,phases      ] GC(104) Phase 4: Compact heap 1.344ms
[160.635s][info][gc,heap        ] GC(104) Eden regions: 473->0(1228)
[160.635s][info][gc,heap        ] GC(104) Survivor regions: 5->0(154)
[160.635s][info][gc,heap        ] GC(104) Old regions: 4->4
[160.635s][info][gc,heap        ] GC(104) Archive regions: 0->0
[160.635s][info][gc,heap        ] GC(104) Humongous regions: 0->0
[160.635s][info][gc,metaspace   ] GC(104) Metaspace: 9049K(9280K)->9049K(9280K) NonClass: 7873K(8000K)->7873K(8000K) Class: 1175K(1280K)->1175K(1280K)
[160.635s][info][gc             ] GC(104) Pause Full (System.gc()) 1912M->3M(8192M) 25.304ms
[160.635s][info][gc,cpu         ] GC(104) User=0.08s Sys=0.02s Real=0.02s
[162.647s][info][gc,start       ] GC(105) Pause Young (Normal) (G1 Evacuation Pause)
[162.647s][info][gc,task        ] GC(105) Using 6 workers of 6 for evacuation
[162.655s][info][gc,phases      ] GC(105)   Pre Evacuate Collection Set: 0.2ms
[162.655s][info][gc,phases      ] GC(105)   Merge Heap Roots: 0.2ms
[162.655s][info][gc,phases      ] GC(105)   Evacuate Collection Set: 6.0ms
[162.655s][info][gc,phases      ] GC(105)   Post Evacuate Collection Set: 1.6ms
[162.655s][info][gc,phases      ] GC(105)   Other: 0.2ms
[162.655s][info][gc,heap        ] GC(105) Eden regions: 1228->0(1223)
[162.655s][info][gc,heap        ] GC(105) Survivor regions: 0->5(154)
[162.655s][info][gc,heap        ] GC(105) Old regions: 4->4
[162.655s][info][gc,heap        ] GC(105) Archive regions: 0->0
[162.655s][info][gc,heap        ] GC(105) Humongous regions: 0->0
[162.655s][info][gc,metaspace   ] GC(105) Metaspace: 9052K(9280K)->9052K(9280K) NonClass: 7877K(8000K)->7877K(8000K) Class: 1175K(1280K)->1175K(1280K)
[162.655s][info][gc             ] GC(105) Pause Young (Normal) (G1 Evacuation Pause) 4915M->20M(8192M) 8.439ms
[162.655s][info][gc,cpu         ] GC(105) User=0.02s Sys=0.00s Real=0.01s
[163.718s][info][gc,start       ] GC(106) Pause Full (System.gc())
[163.718s][info][gc,task        ] GC(106) Using 6 workers of 6 for full compaction
[163.718s][info][gc,phases,start] GC(106) Phase 1: Mark live objects
[163.720s][info][gc,phases      ] GC(106) Phase 1: Mark live objects 1.846ms
[163.720s][info][gc,phases,start] GC(106) Phase 2: Prepare for compaction
[163.725s][info][gc,phases      ] GC(106) Phase 2: Prepare for compaction 4.819ms
[163.725s][info][gc,phases,start] GC(106) Phase 3: Adjust pointers
[163.727s][info][gc,phases      ] GC(106) Phase 3: Adjust pointers 1.748ms
[163.727s][info][gc,phases,start] GC(106) Phase 4: Compact heap
[163.728s][info][gc,phases      ] GC(106) Phase 4: Compact heap 1.292ms
[163.743s][info][gc,heap        ] GC(106) Eden regions: 473->0(1228)
[163.743s][info][gc,heap        ] GC(106) Survivor regions: 5->0(154)
[163.743s][info][gc,heap        ] GC(106) Old regions: 4->4
[163.743s][info][gc,heap        ] GC(106) Archive regions: 0->0
[163.743s][info][gc,heap        ] GC(106) Humongous regions: 0->0
[163.743s][info][gc,metaspace   ] GC(106) Metaspace: 9052K(9280K)->9052K(9280K) NonClass: 7877K(8000K)->7877K(8000K) Class: 1175K(1280K)->1175K(1280K)
[163.743s][info][gc             ] GC(106) Pause Full (System.gc()) 1912M->3M(8192M) 25.312ms
[163.743s][info][gc,cpu         ] GC(106) User=0.09s Sys=0.00s Real=0.03s
[165.759s][info][gc,start       ] GC(107) Pause Young (Normal) (G1 Evacuation Pause)
[165.759s][info][gc,task        ] GC(107) Using 6 workers of 6 for evacuation
[165.768s][info][gc,phases      ] GC(107)   Pre Evacuate Collection Set: 0.2ms
[165.768s][info][gc,phases      ] GC(107)   Merge Heap Roots: 0.2ms
[165.768s][info][gc,phases      ] GC(107)   Evacuate Collection Set: 6.2ms
[165.768s][info][gc,phases      ] GC(107)   Post Evacuate Collection Set: 1.6ms
[165.768s][info][gc,phases      ] GC(107)   Other: 0.2ms
[165.768s][info][gc,heap        ] GC(107) Eden regions: 1228->0(1223)
[165.768s][info][gc,heap        ] GC(107) Survivor regions: 0->5(154)
[165.768s][info][gc,heap        ] GC(107) Old regions: 4->4
[165.768s][info][gc,heap        ] GC(107) Archive regions: 0->0
[165.768s][info][gc,heap        ] GC(107) Humongous regions: 0->0
[165.768s][info][gc,metaspace   ] GC(107) Metaspace: 9052K(9280K)->9052K(9280K) NonClass: 7877K(8000K)->7877K(8000K) Class: 1175K(1280K)->1175K(1280K)
[165.768s][info][gc             ] GC(107) Pause Young (Normal) (G1 Evacuation Pause) 4915M->20M(8192M) 8.611ms
[165.768s][info][gc,cpu         ] GC(107) User=0.09s Sys=0.00s Real=0.02s
[166.827s][info][gc,start       ] GC(108) Pause Full (System.gc())
[166.827s][info][gc,task        ] GC(108) Using 6 workers of 6 for full compaction
[166.828s][info][gc,phases,start] GC(108) Phase 1: Mark live objects
[166.830s][info][gc,phases      ] GC(108) Phase 1: Mark live objects 1.875ms
[166.830s][info][gc,phases,start] GC(108) Phase 2: Prepare for compaction
[166.835s][info][gc,phases      ] GC(108) Phase 2: Prepare for compaction 5.136ms
[166.835s][info][gc,phases,start] GC(108) Phase 3: Adjust pointers
[166.837s][info][gc,phases      ] GC(108) Phase 3: Adjust pointers 2.028ms
[166.837s][info][gc,phases,start] GC(108) Phase 4: Compact heap
[166.838s][info][gc,phases      ] GC(108) Phase 4: Compact heap 1.646ms
[166.854s][info][gc,heap        ] GC(108) Eden regions: 473->0(1228)
[166.854s][info][gc,heap        ] GC(108) Survivor regions: 5->0(154)
[166.854s][info][gc,heap        ] GC(108) Old regions: 4->4
[166.854s][info][gc,heap        ] GC(108) Archive regions: 0->0
[166.854s][info][gc,heap        ] GC(108) Humongous regions: 0->0
[166.854s][info][gc,metaspace   ] GC(108) Metaspace: 9052K(9280K)->9052K(9280K) NonClass: 7877K(8000K)->7877K(8000K) Class: 1175K(1280K)->1175K(1280K)
[166.854s][info][gc             ] GC(108) Pause Full (System.gc()) 1912M->3M(8192M) 26.850ms
[166.854s][info][gc,cpu         ] GC(108) User=0.06s Sys=0.00s Real=0.03s
[168.868s][info][gc,start       ] GC(109) Pause Young (Normal) (G1 Evacuation Pause)
[168.868s][info][gc,task        ] GC(109) Using 6 workers of 6 for evacuation
[168.876s][info][gc,phases      ] GC(109)   Pre Evacuate Collection Set: 0.2ms
[168.877s][info][gc,phases      ] GC(109)   Merge Heap Roots: 0.2ms
[168.877s][info][gc,phases      ] GC(109)   Evacuate Collection Set: 6.3ms
[168.877s][info][gc,phases      ] GC(109)   Post Evacuate Collection Set: 1.5ms
[168.877s][info][gc,phases      ] GC(109)   Other: 0.2ms
[168.877s][info][gc,heap        ] GC(109) Eden regions: 1228->0(1223)
[168.877s][info][gc,heap        ] GC(109) Survivor regions: 0->5(154)
[168.877s][info][gc,heap        ] GC(109) Old regions: 4->4
[168.877s][info][gc,heap        ] GC(109) Archive regions: 0->0
[168.877s][info][gc,heap        ] GC(109) Humongous regions: 0->0
[168.877s][info][gc,metaspace   ] GC(109) Metaspace: 9052K(9280K)->9052K(9280K) NonClass: 7877K(8000K)->7877K(8000K) Class: 1175K(1280K)->1175K(1280K)
[168.877s][info][gc             ] GC(109) Pause Young (Normal) (G1 Evacuation Pause) 4915M->20M(8192M) 8.539ms
[168.877s][info][gc,cpu         ] GC(109) User=0.09s Sys=0.00s Real=0.02s
[169.939s][info][gc,start       ] GC(110) Pause Full (System.gc())
[169.939s][info][gc,task        ] GC(110) Using 6 workers of 6 for full compaction
[169.939s][info][gc,phases,start] GC(110) Phase 1: Mark live objects
[169.941s][info][gc,phases      ] GC(110) Phase 1: Mark live objects 1.930ms
[169.941s][info][gc,phases,start] GC(110) Phase 2: Prepare for compaction
[169.946s][info][gc,phases      ] GC(110) Phase 2: Prepare for compaction 4.899ms
[169.946s][info][gc,phases,start] GC(110) Phase 3: Adjust pointers
[169.948s][info][gc,phases      ] GC(110) Phase 3: Adjust pointers 1.987ms
[169.948s][info][gc,phases,start] GC(110) Phase 4: Compact heap
[169.950s][info][gc,phases      ] GC(110) Phase 4: Compact heap 1.749ms
[169.965s][info][gc,heap        ] GC(110) Eden regions: 473->0(1228)
[169.965s][info][gc,heap        ] GC(110) Survivor regions: 5->0(154)
[169.965s][info][gc,heap        ] GC(110) Old regions: 4->4
[169.965s][info][gc,heap        ] GC(110) Archive regions: 0->0
[169.965s][info][gc,heap        ] GC(110) Humongous regions: 0->0
[169.965s][info][gc,metaspace   ] GC(110) Metaspace: 9052K(9280K)->9052K(9280K) NonClass: 7877K(8000K)->7877K(8000K) Class: 1175K(1280K)->1175K(1280K)
[169.965s][info][gc             ] GC(110) Pause Full (System.gc()) 1912M->3M(8192M) 26.159ms
[169.965s][info][gc,cpu         ] GC(110) User=0.09s Sys=0.00s Real=0.03s
[171.980s][info][gc,start       ] GC(111) Pause Young (Normal) (G1 Evacuation Pause)
[171.980s][info][gc,task        ] GC(111) Using 6 workers of 6 for evacuation
[171.989s][info][gc,phases      ] GC(111)   Pre Evacuate Collection Set: 0.2ms
[171.989s][info][gc,phases      ] GC(111)   Merge Heap Roots: 0.2ms
[171.989s][info][gc,phases      ] GC(111)   Evacuate Collection Set: 6.4ms
[171.989s][info][gc,phases      ] GC(111)   Post Evacuate Collection Set: 1.6ms
[171.989s][info][gc,phases      ] GC(111)   Other: 0.2ms
[171.989s][info][gc,heap        ] GC(111) Eden regions: 1228->0(1223)
[171.989s][info][gc,heap        ] GC(111) Survivor regions: 0->5(154)
[171.989s][info][gc,heap        ] GC(111) Old regions: 4->4
[171.989s][info][gc,heap        ] GC(111) Archive regions: 0->0
[171.989s][info][gc,heap        ] GC(111) Humongous regions: 0->0
[171.989s][info][gc,metaspace   ] GC(111) Metaspace: 9052K(9280K)->9052K(9280K) NonClass: 7877K(8000K)->7877K(8000K) Class: 1175K(1280K)->1175K(1280K)
[171.989s][info][gc             ] GC(111) Pause Young (Normal) (G1 Evacuation Pause) 4915M->20M(8192M) 8.757ms
[171.989s][info][gc,cpu         ] GC(111) User=0.09s Sys=0.00s Real=0.02s
[173.053s][info][gc,start       ] GC(112) Pause Full (System.gc())
[173.054s][info][gc,task        ] GC(112) Using 6 workers of 6 for full compaction
[173.054s][info][gc,phases,start] GC(112) Phase 1: Mark live objects
[173.056s][info][gc,phases      ] GC(112) Phase 1: Mark live objects 1.798ms
[173.056s][info][gc,phases,start] GC(112) Phase 2: Prepare for compaction
[173.061s][info][gc,phases      ] GC(112) Phase 2: Prepare for compaction 4.978ms
[173.061s][info][gc,phases,start] GC(112) Phase 3: Adjust pointers
[173.063s][info][gc,phases      ] GC(112) Phase 3: Adjust pointers 2.014ms
[173.063s][info][gc,phases,start] GC(112) Phase 4: Compact heap
[173.065s][info][gc,phases      ] GC(112) Phase 4: Compact heap 1.685ms
[173.079s][info][gc,heap        ] GC(112) Eden regions: 473->0(1228)
[173.080s][info][gc,heap        ] GC(112) Survivor regions: 5->0(154)
[173.080s][info][gc,heap        ] GC(112) Old regions: 4->4
[173.080s][info][gc,heap        ] GC(112) Archive regions: 0->0
[173.080s][info][gc,heap        ] GC(112) Humongous regions: 0->0
[173.080s][info][gc,metaspace   ] GC(112) Metaspace: 9052K(9280K)->9052K(9280K) NonClass: 7877K(8000K)->7877K(8000K) Class: 1175K(1280K)->1175K(1280K)
[173.080s][info][gc             ] GC(112) Pause Full (System.gc()) 1912M->3M(8192M) 26.124ms
[173.080s][info][gc,cpu         ] GC(112) User=0.06s Sys=0.02s Real=0.03s
[175.093s][info][gc,start       ] GC(113) Pause Young (Normal) (G1 Evacuation Pause)
[175.093s][info][gc,task        ] GC(113) Using 6 workers of 6 for evacuation
[175.103s][info][gc,phases      ] GC(113)   Pre Evacuate Collection Set: 0.3ms
[175.103s][info][gc,phases      ] GC(113)   Merge Heap Roots: 0.3ms
[175.103s][info][gc,phases      ] GC(113)   Evacuate Collection Set: 6.3ms
[175.103s][info][gc,phases      ] GC(113)   Post Evacuate Collection Set: 2.0ms
[175.103s][info][gc,phases      ] GC(113)   Other: 0.3ms
[175.103s][info][gc,heap        ] GC(113) Eden regions: 1228->0(1223)
[175.103s][info][gc,heap        ] GC(113) Survivor regions: 0->5(154)
[175.103s][info][gc,heap        ] GC(113) Old regions: 4->4
[175.103s][info][gc,heap        ] GC(113) Archive regions: 0->0
[175.103s][info][gc,heap        ] GC(113) Humongous regions: 0->0
[175.103s][info][gc,metaspace   ] GC(113) Metaspace: 9052K(9280K)->9052K(9280K) NonClass: 7877K(8000K)->7877K(8000K) Class: 1175K(1280K)->1175K(1280K)
[175.103s][info][gc             ] GC(113) Pause Young (Normal) (G1 Evacuation Pause) 4915M->20M(8192M) 9.347ms
[175.103s][info][gc,cpu         ] GC(113) User=0.00s Sys=0.00s Real=0.02s
[176.164s][info][gc,start       ] GC(114) Pause Full (System.gc())
[176.164s][info][gc,task        ] GC(114) Using 6 workers of 6 for full compaction
[176.164s][info][gc,phases,start] GC(114) Phase 1: Mark live objects
[176.166s][info][gc,phases      ] GC(114) Phase 1: Mark live objects 1.972ms
[176.166s][info][gc,phases,start] GC(114) Phase 2: Prepare for compaction
[176.171s][info][gc,phases      ] GC(114) Phase 2: Prepare for compaction 4.840ms
[176.171s][info][gc,phases,start] GC(114) Phase 3: Adjust pointers
[176.173s][info][gc,phases      ] GC(114) Phase 3: Adjust pointers 1.745ms
[176.173s][info][gc,phases,start] GC(114) Phase 4: Compact heap
[176.174s][info][gc,phases      ] GC(114) Phase 4: Compact heap 1.494ms
[176.189s][info][gc,heap        ] GC(114) Eden regions: 473->0(1228)
[176.189s][info][gc,heap        ] GC(114) Survivor regions: 5->0(154)
[176.189s][info][gc,heap        ] GC(114) Old regions: 4->4
[176.189s][info][gc,heap        ] GC(114) Archive regions: 0->0
[176.189s][info][gc,heap        ] GC(114) Humongous regions: 0->0
[176.189s][info][gc,metaspace   ] GC(114) Metaspace: 9052K(9280K)->9052K(9280K) NonClass: 7877K(8000K)->7877K(8000K) Class: 1175K(1280K)->1175K(1280K)
[176.189s][info][gc             ] GC(114) Pause Full (System.gc()) 1912M->3M(8192M) 25.502ms
[176.189s][info][gc,cpu         ] GC(114) User=0.17s Sys=0.02s Real=0.03s
[178.208s][info][gc,start       ] GC(115) Pause Young (Normal) (G1 Evacuation Pause)
[178.209s][info][gc,task        ] GC(115) Using 6 workers of 6 for evacuation
[178.217s][info][gc,phases      ] GC(115)   Pre Evacuate Collection Set: 0.4ms
[178.217s][info][gc,phases      ] GC(115)   Merge Heap Roots: 0.3ms
[178.217s][info][gc,phases      ] GC(115)   Evacuate Collection Set: 6.1ms
[178.217s][info][gc,phases      ] GC(115)   Post Evacuate Collection Set: 1.6ms
[178.217s][info][gc,phases      ] GC(115)   Other: 0.3ms
[178.217s][info][gc,heap        ] GC(115) Eden regions: 1228->0(1223)
[178.217s][info][gc,heap        ] GC(115) Survivor regions: 0->5(154)
[178.217s][info][gc,heap        ] GC(115) Old regions: 4->4
[178.217s][info][gc,heap        ] GC(115) Archive regions: 0->0
[178.217s][info][gc,heap        ] GC(115) Humongous regions: 0->0
[178.217s][info][gc,metaspace   ] GC(115) Metaspace: 9052K(9280K)->9052K(9280K) NonClass: 7877K(8000K)->7877K(8000K) Class: 1175K(1280K)->1175K(1280K)
[178.217s][info][gc             ] GC(115) Pause Young (Normal) (G1 Evacuation Pause) 4915M->20M(8192M) 8.747ms
[178.217s][info][gc,cpu         ] GC(115) User=0.03s Sys=0.00s Real=0.01s
[179.295s][info][gc,start       ] GC(116) Pause Full (System.gc())
[179.295s][info][gc,task        ] GC(116) Using 6 workers of 6 for full compaction
[179.295s][info][gc,phases,start] GC(116) Phase 1: Mark live objects
[179.297s][info][gc,phases      ] GC(116) Phase 1: Mark live objects 1.934ms
[179.297s][info][gc,phases,start] GC(116) Phase 2: Prepare for compaction
[179.302s][info][gc,phases      ] GC(116) Phase 2: Prepare for compaction 4.816ms
[179.302s][info][gc,phases,start] GC(116) Phase 3: Adjust pointers
[179.304s][info][gc,phases      ] GC(116) Phase 3: Adjust pointers 1.748ms
[179.304s][info][gc,phases,start] GC(116) Phase 4: Compact heap
[179.305s][info][gc,phases      ] GC(116) Phase 4: Compact heap 1.354ms
[179.320s][info][gc,heap        ] GC(116) Eden regions: 473->0(1228)
[179.320s][info][gc,heap        ] GC(116) Survivor regions: 5->0(154)
[179.320s][info][gc,heap        ] GC(116) Old regions: 4->5
[179.320s][info][gc,heap        ] GC(116) Archive regions: 0->0
[179.320s][info][gc,heap        ] GC(116) Humongous regions: 0->0
[179.320s][info][gc,metaspace   ] GC(116) Metaspace: 9053K(9280K)->9053K(9280K) NonClass: 7877K(8000K)->7877K(8000K) Class: 1175K(1280K)->1175K(1280K)
[179.320s][info][gc             ] GC(116) Pause Full (System.gc()) 1912M->3M(8192M) 25.230ms
[179.320s][info][gc,cpu         ] GC(116) User=0.08s Sys=0.02s Real=0.03s
[181.337s][info][gc,start       ] GC(117) Pause Young (Normal) (G1 Evacuation Pause)
[181.337s][info][gc,task        ] GC(117) Using 6 workers of 6 for evacuation
[181.345s][info][gc,phases      ] GC(117)   Pre Evacuate Collection Set: 0.1ms
[181.345s][info][gc,phases      ] GC(117)   Merge Heap Roots: 0.2ms
[181.345s][info][gc,phases      ] GC(117)   Evacuate Collection Set: 6.4ms
[181.345s][info][gc,phases      ] GC(117)   Post Evacuate Collection Set: 1.5ms
[181.345s][info][gc,phases      ] GC(117)   Other: 0.2ms
[181.345s][info][gc,heap        ] GC(117) Eden regions: 1228->0(1223)
[181.345s][info][gc,heap        ] GC(117) Survivor regions: 0->5(154)
[181.346s][info][gc,heap        ] GC(117) Old regions: 5->5
[181.346s][info][gc,heap        ] GC(117) Archive regions: 0->0
[181.346s][info][gc,heap        ] GC(117) Humongous regions: 0->0
[181.346s][info][gc,metaspace   ] GC(117) Metaspace: 9053K(9280K)->9053K(9280K) NonClass: 7877K(8000K)->7877K(8000K) Class: 1175K(1280K)->1175K(1280K)
[181.346s][info][gc             ] GC(117) Pause Young (Normal) (G1 Evacuation Pause) 4915M->20M(8192M) 8.553ms
[181.346s][info][gc,cpu         ] GC(117) User=0.09s Sys=0.00s Real=0.01s
[182.409s][info][gc,start       ] GC(118) Pause Full (System.gc())
[182.409s][info][gc,task        ] GC(118) Using 6 workers of 6 for full compaction
[182.409s][info][gc,phases,start] GC(118) Phase 1: Mark live objects
[182.411s][info][gc,phases      ] GC(118) Phase 1: Mark live objects 1.977ms
[182.411s][info][gc,phases,start] GC(118) Phase 2: Prepare for compaction
[182.416s][info][gc,phases      ] GC(118) Phase 2: Prepare for compaction 4.854ms
[182.416s][info][gc,phases,start] GC(118) Phase 3: Adjust pointers
[182.418s][info][gc,phases      ] GC(118) Phase 3: Adjust pointers 1.748ms
[182.418s][info][gc,phases,start] GC(118) Phase 4: Compact heap
[182.420s][info][gc,phases      ] GC(118) Phase 4: Compact heap 1.468ms
[182.435s][info][gc,heap        ] GC(118) Eden regions: 473->0(1228)
[182.435s][info][gc,heap        ] GC(118) Survivor regions: 5->0(154)
[182.435s][info][gc,heap        ] GC(118) Old regions: 5->4
[182.435s][info][gc,heap        ] GC(118) Archive regions: 0->0
[182.435s][info][gc,heap        ] GC(118) Humongous regions: 0->0
[182.435s][info][gc,metaspace   ] GC(118) Metaspace: 9053K(9280K)->9053K(9280K) NonClass: 7877K(8000K)->7877K(8000K) Class: 1175K(1280K)->1175K(1280K)
[182.435s][info][gc             ] GC(118) Pause Full (System.gc()) 1912M->3M(8192M) 25.864ms
[182.435s][info][gc,cpu         ] GC(118) User=0.08s Sys=0.00s Real=0.04s
[184.445s][info][gc,start       ] GC(119) Pause Young (Normal) (G1 Evacuation Pause)
[184.446s][info][gc,task        ] GC(119) Using 6 workers of 6 for evacuation
[184.454s][info][gc,phases      ] GC(119)   Pre Evacuate Collection Set: 0.2ms
[184.454s][info][gc,phases      ] GC(119)   Merge Heap Roots: 0.2ms
[184.454s][info][gc,phases      ] GC(119)   Evacuate Collection Set: 6.1ms
[184.454s][info][gc,phases      ] GC(119)   Post Evacuate Collection Set: 1.6ms
[184.454s][info][gc,phases      ] GC(119)   Other: 0.2ms
[184.454s][info][gc,heap        ] GC(119) Eden regions: 1228->0(1223)
[184.454s][info][gc,heap        ] GC(119) Survivor regions: 0->5(154)
[184.454s][info][gc,heap        ] GC(119) Old regions: 4->4
[184.454s][info][gc,heap        ] GC(119) Archive regions: 0->0
[184.454s][info][gc,heap        ] GC(119) Humongous regions: 0->0
[184.454s][info][gc,metaspace   ] GC(119) Metaspace: 9053K(9280K)->9053K(9280K) NonClass: 7877K(8000K)->7877K(8000K) Class: 1175K(1280K)->1175K(1280K)
[184.454s][info][gc             ] GC(119) Pause Young (Normal) (G1 Evacuation Pause) 4915M->21M(8192M) 8.428ms
[184.454s][info][gc,cpu         ] GC(119) User=0.09s Sys=0.00s Real=0.02s
[185.518s][info][gc,start       ] GC(120) Pause Full (System.gc())
[185.518s][info][gc,task        ] GC(120) Using 6 workers of 6 for full compaction
[185.518s][info][gc,phases,start] GC(120) Phase 1: Mark live objects
[185.520s][info][gc,phases      ] GC(120) Phase 1: Mark live objects 1.802ms
[185.520s][info][gc,phases,start] GC(120) Phase 2: Prepare for compaction
[185.525s][info][gc,phases      ] GC(120) Phase 2: Prepare for compaction 4.821ms
[185.525s][info][gc,phases,start] GC(120) Phase 3: Adjust pointers
[185.526s][info][gc,phases      ] GC(120) Phase 3: Adjust pointers 1.738ms
[185.526s][info][gc,phases,start] GC(120) Phase 4: Compact heap
[185.528s][info][gc,phases      ] GC(120) Phase 4: Compact heap 1.335ms
[185.543s][info][gc,heap        ] GC(120) Eden regions: 473->0(1228)
[185.543s][info][gc,heap        ] GC(120) Survivor regions: 5->0(154)
[185.543s][info][gc,heap        ] GC(120) Old regions: 4->4
[185.543s][info][gc,heap        ] GC(120) Archive regions: 0->0
[185.543s][info][gc,heap        ] GC(120) Humongous regions: 0->0
[185.543s][info][gc,metaspace   ] GC(120) Metaspace: 9053K(9280K)->9053K(9280K) NonClass: 7877K(8000K)->7877K(8000K) Class: 1175K(1280K)->1175K(1280K)
[185.543s][info][gc             ] GC(120) Pause Full (System.gc()) 1913M->3M(8192M) 25.278ms
[185.543s][info][gc,cpu         ] GC(120) User=0.09s Sys=0.00s Real=0.02s
[187.555s][info][gc,start       ] GC(121) Pause Young (Normal) (G1 Evacuation Pause)
[187.555s][info][gc,task        ] GC(121) Using 6 workers of 6 for evacuation
[187.563s][info][gc,phases      ] GC(121)   Pre Evacuate Collection Set: 0.2ms
[187.563s][info][gc,phases      ] GC(121)   Merge Heap Roots: 0.2ms
[187.563s][info][gc,phases      ] GC(121)   Evacuate Collection Set: 6.4ms
[187.564s][info][gc,phases      ] GC(121)   Post Evacuate Collection Set: 1.5ms
[187.564s][info][gc,phases      ] GC(121)   Other: 0.2ms
[187.564s][info][gc,heap        ] GC(121) Eden regions: 1228->0(1223)
[187.564s][info][gc,heap        ] GC(121) Survivor regions: 0->5(154)
[187.564s][info][gc,heap        ] GC(121) Old regions: 4->4
[187.564s][info][gc,heap        ] GC(121) Archive regions: 0->0
[187.564s][info][gc,heap        ] GC(121) Humongous regions: 0->0
[187.564s][info][gc,metaspace   ] GC(121) Metaspace: 9053K(9280K)->9053K(9280K) NonClass: 7877K(8000K)->7877K(8000K) Class: 1175K(1280K)->1175K(1280K)
[187.564s][info][gc             ] GC(121) Pause Young (Normal) (G1 Evacuation Pause) 4915M->20M(8192M) 8.825ms
[187.564s][info][gc,cpu         ] GC(121) User=0.09s Sys=0.00s Real=0.02s
[188.628s][info][gc,start       ] GC(122) Pause Full (System.gc())
[188.628s][info][gc,task        ] GC(122) Using 6 workers of 6 for full compaction
[188.628s][info][gc,phases,start] GC(122) Phase 1: Mark live objects
[188.630s][info][gc,phases      ] GC(122) Phase 1: Mark live objects 2.002ms
[188.630s][info][gc,phases,start] GC(122) Phase 2: Prepare for compaction
[188.635s][info][gc,phases      ] GC(122) Phase 2: Prepare for compaction 5.062ms
[188.635s][info][gc,phases,start] GC(122) Phase 3: Adjust pointers
[188.637s][info][gc,phases      ] GC(122) Phase 3: Adjust pointers 1.778ms
[188.637s][info][gc,phases,start] GC(122) Phase 4: Compact heap
[188.639s][info][gc,phases      ] GC(122) Phase 4: Compact heap 1.767ms
[188.654s][info][gc,heap        ] GC(122) Eden regions: 473->0(1228)
[188.654s][info][gc,heap        ] GC(122) Survivor regions: 5->0(154)
[188.654s][info][gc,heap        ] GC(122) Old regions: 4->4
[188.654s][info][gc,heap        ] GC(122) Archive regions: 0->0
[188.654s][info][gc,heap        ] GC(122) Humongous regions: 0->0
[188.654s][info][gc,metaspace   ] GC(122) Metaspace: 9053K(9280K)->9053K(9280K) NonClass: 7877K(8000K)->7877K(8000K) Class: 1175K(1280K)->1175K(1280K)
[188.654s][info][gc             ] GC(122) Pause Full (System.gc()) 1912M->3M(8192M) 26.692ms
[188.654s][info][gc,cpu         ] GC(122) User=0.02s Sys=0.00s Real=0.03s
[190.670s][info][gc,start       ] GC(123) Pause Young (Normal) (G1 Evacuation Pause)
[190.670s][info][gc,task        ] GC(123) Using 6 workers of 6 for evacuation
[190.679s][info][gc,phases      ] GC(123)   Pre Evacuate Collection Set: 0.2ms
[190.679s][info][gc,phases      ] GC(123)   Merge Heap Roots: 0.2ms
[190.679s][info][gc,phases      ] GC(123)   Evacuate Collection Set: 6.4ms
[190.679s][info][gc,phases      ] GC(123)   Post Evacuate Collection Set: 2.4ms
[190.679s][info][gc,phases      ] GC(123)   Other: 0.3ms
[190.679s][info][gc,heap        ] GC(123) Eden regions: 1228->0(1223)
[190.679s][info][gc,heap        ] GC(123) Survivor regions: 0->5(154)
[190.679s][info][gc,heap        ] GC(123) Old regions: 4->4
[190.679s][info][gc,heap        ] GC(123) Archive regions: 0->0
[190.679s][info][gc,heap        ] GC(123) Humongous regions: 0->0
[190.679s][info][gc,metaspace   ] GC(123) Metaspace: 9053K(9280K)->9053K(9280K) NonClass: 7877K(8000K)->7877K(8000K) Class: 1175K(1280K)->1175K(1280K)
[190.679s][info][gc             ] GC(123) Pause Young (Normal) (G1 Evacuation Pause) 4915M->20M(8192M) 9.511ms
[190.679s][info][gc,cpu         ] GC(123) User=0.06s Sys=0.02s Real=0.02s
[191.740s][info][gc,start       ] GC(124) Pause Full (System.gc())
[191.740s][info][gc,task        ] GC(124) Using 6 workers of 6 for full compaction
[191.740s][info][gc,phases,start] GC(124) Phase 1: Mark live objects
[191.742s][info][gc,phases      ] GC(124) Phase 1: Mark live objects 1.911ms
[191.742s][info][gc,phases,start] GC(124) Phase 2: Prepare for compaction
[191.747s][info][gc,phases      ] GC(124) Phase 2: Prepare for compaction 5.050ms
[191.747s][info][gc,phases,start] GC(124) Phase 3: Adjust pointers
[191.749s][info][gc,phases      ] GC(124) Phase 3: Adjust pointers 2.042ms
[191.749s][info][gc,phases,start] GC(124) Phase 4: Compact heap
[191.751s][info][gc,phases      ] GC(124) Phase 4: Compact heap 1.736ms
[191.766s][info][gc,heap        ] GC(124) Eden regions: 473->0(1228)
[191.766s][info][gc,heap        ] GC(124) Survivor regions: 5->0(154)
[191.766s][info][gc,heap        ] GC(124) Old regions: 4->4
[191.766s][info][gc,heap        ] GC(124) Archive regions: 0->0
[191.766s][info][gc,heap        ] GC(124) Humongous regions: 0->0
[191.766s][info][gc,metaspace   ] GC(124) Metaspace: 9053K(9280K)->9053K(9280K) NonClass: 7877K(8000K)->7877K(8000K) Class: 1175K(1280K)->1175K(1280K)
[191.766s][info][gc             ] GC(124) Pause Full (System.gc()) 1912M->3M(8192M) 26.561ms
[191.766s][info][gc,cpu         ] GC(124) User=0.17s Sys=0.00s Real=0.04s
[193.780s][info][gc,start       ] GC(125) Pause Young (Normal) (G1 Evacuation Pause)
[193.780s][info][gc,task        ] GC(125) Using 6 workers of 6 for evacuation
[193.789s][info][gc,phases      ] GC(125)   Pre Evacuate Collection Set: 0.3ms
[193.789s][info][gc,phases      ] GC(125)   Merge Heap Roots: 0.2ms
[193.789s][info][gc,phases      ] GC(125)   Evacuate Collection Set: 6.2ms
[193.789s][info][gc,phases      ] GC(125)   Post Evacuate Collection Set: 1.6ms
[193.789s][info][gc,phases      ] GC(125)   Other: 0.2ms
[193.789s][info][gc,heap        ] GC(125) Eden regions: 1228->0(1223)
[193.789s][info][gc,heap        ] GC(125) Survivor regions: 0->5(154)
[193.789s][info][gc,heap        ] GC(125) Old regions: 4->4
[193.789s][info][gc,heap        ] GC(125) Archive regions: 0->0
[193.789s][info][gc,heap        ] GC(125) Humongous regions: 0->0
[193.789s][info][gc,metaspace   ] GC(125) Metaspace: 9053K(9280K)->9053K(9280K) NonClass: 7877K(8000K)->7877K(8000K) Class: 1175K(1280K)->1175K(1280K)
[193.789s][info][gc             ] GC(125) Pause Young (Normal) (G1 Evacuation Pause) 4915M->20M(8192M) 8.573ms
[193.789s][info][gc,cpu         ] GC(125) User=0.00s Sys=0.00s Real=0.01s
[194.852s][info][gc,start       ] GC(126) Pause Full (System.gc())
[194.852s][info][gc,task        ] GC(126) Using 6 workers of 6 for full compaction
[194.852s][info][gc,phases,start] GC(126) Phase 1: Mark live objects
[194.854s][info][gc,phases      ] GC(126) Phase 1: Mark live objects 2.006ms
[194.854s][info][gc,phases,start] GC(126) Phase 2: Prepare for compaction
[194.859s][info][gc,phases      ] GC(126) Phase 2: Prepare for compaction 4.980ms
[194.859s][info][gc,phases,start] GC(126) Phase 3: Adjust pointers
[194.862s][info][gc,phases      ] GC(126) Phase 3: Adjust pointers 2.521ms
[194.862s][info][gc,phases,start] GC(126) Phase 4: Compact heap
[194.863s][info][gc,phases      ] GC(126) Phase 4: Compact heap 1.423ms
[194.878s][info][gc,heap        ] GC(126) Eden regions: 473->0(1228)
[194.878s][info][gc,heap        ] GC(126) Survivor regions: 5->0(154)
[194.878s][info][gc,heap        ] GC(126) Old regions: 4->5
[194.878s][info][gc,heap        ] GC(126) Archive regions: 0->0
[194.878s][info][gc,heap        ] GC(126) Humongous regions: 0->0
[194.878s][info][gc,metaspace   ] GC(126) Metaspace: 9053K(9280K)->9053K(9280K) NonClass: 7877K(8000K)->7877K(8000K) Class: 1175K(1280K)->1175K(1280K)
[194.878s][info][gc             ] GC(126) Pause Full (System.gc()) 1912M->3M(8192M) 26.502ms
[194.878s][info][gc,cpu         ] GC(126) User=0.19s Sys=0.00s Real=0.04s
[196.894s][info][gc,start       ] GC(127) Pause Young (Normal) (G1 Evacuation Pause)
[196.894s][info][gc,task        ] GC(127) Using 6 workers of 6 for evacuation
[196.903s][info][gc,phases      ] GC(127)   Pre Evacuate Collection Set: 0.2ms
[196.903s][info][gc,phases      ] GC(127)   Merge Heap Roots: 0.2ms
[196.903s][info][gc,phases      ] GC(127)   Evacuate Collection Set: 6.3ms
[196.903s][info][gc,phases      ] GC(127)   Post Evacuate Collection Set: 1.6ms
[196.903s][info][gc,phases      ] GC(127)   Other: 0.2ms
[196.903s][info][gc,heap        ] GC(127) Eden regions: 1228->0(1223)
[196.903s][info][gc,heap        ] GC(127) Survivor regions: 0->5(154)
[196.903s][info][gc,heap        ] GC(127) Old regions: 5->5
[196.903s][info][gc,heap        ] GC(127) Archive regions: 0->0
[196.903s][info][gc,heap        ] GC(127) Humongous regions: 0->0
[196.903s][info][gc,metaspace   ] GC(127) Metaspace: 9053K(9280K)->9053K(9280K) NonClass: 7877K(8000K)->7877K(8000K) Class: 1175K(1280K)->1175K(1280K)
[196.903s][info][gc             ] GC(127) Pause Young (Normal) (G1 Evacuation Pause) 4915M->20M(8192M) 8.665ms
[196.903s][info][gc,cpu         ] GC(127) User=0.00s Sys=0.00s Real=0.01s
[197.964s][info][gc,start       ] GC(128) Pause Full (System.gc())
[197.964s][info][gc,task        ] GC(128) Using 6 workers of 6 for full compaction
[197.964s][info][gc,phases,start] GC(128) Phase 1: Mark live objects
[197.966s][info][gc,phases      ] GC(128) Phase 1: Mark live objects 1.826ms
[197.966s][info][gc,phases,start] GC(128) Phase 2: Prepare for compaction
[197.971s][info][gc,phases      ] GC(128) Phase 2: Prepare for compaction 4.814ms
[197.971s][info][gc,phases,start] GC(128) Phase 3: Adjust pointers
[197.973s][info][gc,phases      ] GC(128) Phase 3: Adjust pointers 1.729ms
[197.973s][info][gc,phases,start] GC(128) Phase 4: Compact heap
[197.974s][info][gc,phases      ] GC(128) Phase 4: Compact heap 1.524ms
[197.989s][info][gc,heap        ] GC(128) Eden regions: 473->0(1228)
[197.989s][info][gc,heap        ] GC(128) Survivor regions: 5->0(154)
[197.989s][info][gc,heap        ] GC(128) Old regions: 5->5
[197.989s][info][gc,heap        ] GC(128) Archive regions: 0->0
[197.989s][info][gc,heap        ] GC(128) Humongous regions: 0->0
[197.989s][info][gc,metaspace   ] GC(128) Metaspace: 9054K(9280K)->9054K(9280K) NonClass: 7878K(8000K)->7878K(8000K) Class: 1175K(1280K)->1175K(1280K)
[197.989s][info][gc             ] GC(128) Pause Full (System.gc()) 1912M->3M(8192M) 25.561ms
[197.989s][info][gc,cpu         ] GC(128) User=0.19s Sys=0.00s Real=0.04s
[200.003s][info][gc,start       ] GC(129) Pause Young (Normal) (G1 Evacuation Pause)
[200.003s][info][gc,task        ] GC(129) Using 6 workers of 6 for evacuation
[200.011s][info][gc,phases      ] GC(129)   Pre Evacuate Collection Set: 0.2ms
[200.011s][info][gc,phases      ] GC(129)   Merge Heap Roots: 0.2ms
[200.011s][info][gc,phases      ] GC(129)   Evacuate Collection Set: 6.4ms
[200.011s][info][gc,phases      ] GC(129)   Post Evacuate Collection Set: 1.5ms
[200.011s][info][gc,phases      ] GC(129)   Other: 0.2ms
[200.011s][info][gc,heap        ] GC(129) Eden regions: 1228->0(1223)
[200.011s][info][gc,heap        ] GC(129) Survivor regions: 0->5(154)
[200.011s][info][gc,heap        ] GC(129) Old regions: 5->5
[200.011s][info][gc,heap        ] GC(129) Archive regions: 0->0
[200.011s][info][gc,heap        ] GC(129) Humongous regions: 0->0
[200.011s][info][gc,metaspace   ] GC(129) Metaspace: 9055K(9280K)->9055K(9280K) NonClass: 7879K(8000K)->7879K(8000K) Class: 1175K(1280K)->1175K(1280K)
[200.012s][info][gc             ] GC(129) Pause Young (Normal) (G1 Evacuation Pause) 4915M->20M(8192M) 8.658ms
[200.012s][info][gc,cpu         ] GC(129) User=0.00s Sys=0.00s Real=0.01s
[201.073s][info][gc,start       ] GC(130) Pause Full (System.gc())
[201.073s][info][gc,task        ] GC(130) Using 6 workers of 6 for full compaction
[201.073s][info][gc,phases,start] GC(130) Phase 1: Mark live objects
[201.075s][info][gc,phases      ] GC(130) Phase 1: Mark live objects 1.861ms
[201.075s][info][gc,phases,start] GC(130) Phase 2: Prepare for compaction
[201.080s][info][gc,phases      ] GC(130) Phase 2: Prepare for compaction 4.954ms
[201.080s][info][gc,phases,start] GC(130) Phase 3: Adjust pointers
[201.082s][info][gc,phases      ] GC(130) Phase 3: Adjust pointers 1.708ms
[201.082s][info][gc,phases,start] GC(130) Phase 4: Compact heap
[201.083s][info][gc,phases      ] GC(130) Phase 4: Compact heap 1.384ms
[201.098s][info][gc,heap        ] GC(130) Eden regions: 474->0(1228)
[201.098s][info][gc,heap        ] GC(130) Survivor regions: 5->0(154)
[201.098s][info][gc,heap        ] GC(130) Old regions: 5->5
[201.098s][info][gc,heap        ] GC(130) Archive regions: 0->0
[201.098s][info][gc,heap        ] GC(130) Humongous regions: 0->0
[201.098s][info][gc,metaspace   ] GC(130) Metaspace: 9064K(9280K)->9064K(9280K) NonClass: 7888K(8000K)->7888K(8000K) Class: 1175K(1280K)->1175K(1280K)
[201.098s][info][gc             ] GC(130) Pause Full (System.gc()) 1912M->3M(8192M) 25.701ms
[201.098s][info][gc,cpu         ] GC(130) User=0.19s Sys=0.00s Real=0.04s
[203.114s][info][gc,start       ] GC(131) Pause Young (Normal) (G1 Evacuation Pause)
[203.114s][info][gc,task        ] GC(131) Using 6 workers of 6 for evacuation
[203.123s][info][gc,phases      ] GC(131)   Pre Evacuate Collection Set: 0.2ms
[203.123s][info][gc,phases      ] GC(131)   Merge Heap Roots: 0.2ms
[203.123s][info][gc,phases      ] GC(131)   Evacuate Collection Set: 6.3ms
[203.123s][info][gc,phases      ] GC(131)   Post Evacuate Collection Set: 1.6ms
[203.123s][info][gc,phases      ] GC(131)   Other: 0.3ms
[203.123s][info][gc,heap        ] GC(131) Eden regions: 1228->0(1223)
[203.123s][info][gc,heap        ] GC(131) Survivor regions: 0->5(154)
[203.123s][info][gc,heap        ] GC(131) Old regions: 5->5
[203.123s][info][gc,heap        ] GC(131) Archive regions: 0->0
[203.123s][info][gc,heap        ] GC(131) Humongous regions: 0->0
[203.123s][info][gc,metaspace   ] GC(131) Metaspace: 9075K(9280K)->9075K(9280K) NonClass: 7899K(8000K)->7899K(8000K) Class: 1175K(1280K)->1175K(1280K)
[203.123s][info][gc             ] GC(131) Pause Young (Normal) (G1 Evacuation Pause) 4915M->20M(8192M) 8.666ms
[203.123s][info][gc,cpu         ] GC(131) User=0.00s Sys=0.00s Real=0.02s
[204.181s][info][gc,start       ] GC(132) Pause Full (System.gc())
[204.181s][info][gc,task        ] GC(132) Using 6 workers of 6 for full compaction
[204.182s][info][gc,phases,start] GC(132) Phase 1: Mark live objects
[204.183s][info][gc,phases      ] GC(132) Phase 1: Mark live objects 1.788ms
[204.183s][info][gc,phases,start] GC(132) Phase 2: Prepare for compaction
[204.189s][info][gc,phases      ] GC(132) Phase 2: Prepare for compaction 5.122ms
[204.189s][info][gc,phases,start] GC(132) Phase 3: Adjust pointers
[204.190s][info][gc,phases      ] GC(132) Phase 3: Adjust pointers 1.758ms
[204.190s][info][gc,phases,start] GC(132) Phase 4: Compact heap
[204.192s][info][gc,phases      ] GC(132) Phase 4: Compact heap 1.834ms
[204.207s][info][gc,heap        ] GC(132) Eden regions: 473->0(1228)
[204.207s][info][gc,heap        ] GC(132) Survivor regions: 5->0(154)
[204.207s][info][gc,heap        ] GC(132) Old regions: 5->4
[204.207s][info][gc,heap        ] GC(132) Archive regions: 0->0
[204.207s][info][gc,heap        ] GC(132) Humongous regions: 0->0
[204.207s][info][gc,metaspace   ] GC(132) Metaspace: 9075K(9280K)->9075K(9280K) NonClass: 7899K(8000K)->7899K(8000K) Class: 1175K(1280K)->1175K(1280K)
[204.207s][info][gc             ] GC(132) Pause Full (System.gc()) 1912M->3M(8192M) 26.069ms
[204.207s][info][gc,cpu         ] GC(132) User=0.17s Sys=0.00s Real=0.03s
[206.221s][info][gc,start       ] GC(133) Pause Young (Normal) (G1 Evacuation Pause)
[206.222s][info][gc,task        ] GC(133) Using 6 workers of 6 for evacuation
[206.230s][info][gc,phases      ] GC(133)   Pre Evacuate Collection Set: 0.1ms
[206.230s][info][gc,phases      ] GC(133)   Merge Heap Roots: 0.2ms
[206.230s][info][gc,phases      ] GC(133)   Evacuate Collection Set: 6.2ms
[206.230s][info][gc,phases      ] GC(133)   Post Evacuate Collection Set: 1.6ms
[206.230s][info][gc,phases      ] GC(133)   Other: 0.3ms
[206.230s][info][gc,heap        ] GC(133) Eden regions: 1228->0(1223)
[206.230s][info][gc,heap        ] GC(133) Survivor regions: 0->5(154)
[206.230s][info][gc,heap        ] GC(133) Old regions: 4->4
[206.230s][info][gc,heap        ] GC(133) Archive regions: 0->0
[206.230s][info][gc,heap        ] GC(133) Humongous regions: 0->0
[206.230s][info][gc,metaspace   ] GC(133) Metaspace: 9075K(9280K)->9075K(9280K) NonClass: 7899K(8000K)->7899K(8000K) Class: 1175K(1280K)->1175K(1280K)
[206.230s][info][gc             ] GC(133) Pause Young (Normal) (G1 Evacuation Pause) 4915M->20M(8192M) 8.482ms
[206.230s][info][gc,cpu         ] GC(133) User=0.00s Sys=0.00s Real=0.01s
[207.289s][info][gc,start       ] GC(134) Pause Full (System.gc())
[207.289s][info][gc,task        ] GC(134) Using 6 workers of 6 for full compaction
[207.290s][info][gc,phases,start] GC(134) Phase 1: Mark live objects
[207.292s][info][gc,phases      ] GC(134) Phase 1: Mark live objects 1.799ms
[207.292s][info][gc,phases,start] GC(134) Phase 2: Prepare for compaction
[207.297s][info][gc,phases      ] GC(134) Phase 2: Prepare for compaction 4.950ms
[207.297s][info][gc,phases,start] GC(134) Phase 3: Adjust pointers
[207.298s][info][gc,phases      ] GC(134) Phase 3: Adjust pointers 1.779ms
[207.298s][info][gc,phases,start] GC(134) Phase 4: Compact heap
[207.300s][info][gc,phases      ] GC(134) Phase 4: Compact heap 1.394ms
[207.315s][info][gc,heap        ] GC(134) Eden regions: 473->0(1228)
[207.315s][info][gc,heap        ] GC(134) Survivor regions: 5->0(154)
[207.315s][info][gc,heap        ] GC(134) Old regions: 4->5
[207.315s][info][gc,heap        ] GC(134) Archive regions: 0->0
[207.315s][info][gc,heap        ] GC(134) Humongous regions: 0->0
[207.315s][info][gc,metaspace   ] GC(134) Metaspace: 9075K(9280K)->9075K(9280K) NonClass: 7899K(8000K)->7899K(8000K) Class: 1175K(1280K)->1175K(1280K)
[207.315s][info][gc             ] GC(134) Pause Full (System.gc()) 1912M->3M(8192M) 25.888ms
[207.315s][info][gc,cpu         ] GC(134) User=0.19s Sys=0.00s Real=0.04s
[209.335s][info][gc,start       ] GC(135) Pause Young (Normal) (G1 Evacuation Pause)
[209.335s][info][gc,task        ] GC(135) Using 6 workers of 6 for evacuation
[209.343s][info][gc,phases      ] GC(135)   Pre Evacuate Collection Set: 0.1ms
[209.343s][info][gc,phases      ] GC(135)   Merge Heap Roots: 0.2ms
[209.343s][info][gc,phases      ] GC(135)   Evacuate Collection Set: 5.9ms
[209.343s][info][gc,phases      ] GC(135)   Post Evacuate Collection Set: 1.6ms
[209.343s][info][gc,phases      ] GC(135)   Other: 0.2ms
[209.343s][info][gc,heap        ] GC(135) Eden regions: 1228->0(1223)
[209.343s][info][gc,heap        ] GC(135) Survivor regions: 0->5(154)
[209.343s][info][gc,heap        ] GC(135) Old regions: 5->5
[209.343s][info][gc,heap        ] GC(135) Archive regions: 0->0
[209.343s][info][gc,heap        ] GC(135) Humongous regions: 0->0
[209.343s][info][gc,metaspace   ] GC(135) Metaspace: 9075K(9280K)->9075K(9280K) NonClass: 7899K(8000K)->7899K(8000K) Class: 1175K(1280K)->1175K(1280K)
[209.343s][info][gc             ] GC(135) Pause Young (Normal) (G1 Evacuation Pause) 4915M->20M(8192M) 8.108ms
[209.343s][info][gc,cpu         ] GC(135) User=0.08s Sys=0.00s Real=0.01s
[210.402s][info][gc,start       ] GC(136) Pause Full (System.gc())
[210.402s][info][gc,task        ] GC(136) Using 6 workers of 6 for full compaction
[210.403s][info][gc,phases,start] GC(136) Phase 1: Mark live objects
[210.405s][info][gc,phases      ] GC(136) Phase 1: Mark live objects 1.884ms
[210.405s][info][gc,phases,start] GC(136) Phase 2: Prepare for compaction
[210.409s][info][gc,phases      ] GC(136) Phase 2: Prepare for compaction 4.828ms
[210.409s][info][gc,phases,start] GC(136) Phase 3: Adjust pointers
[210.411s][info][gc,phases      ] GC(136) Phase 3: Adjust pointers 1.748ms
[210.411s][info][gc,phases,start] GC(136) Phase 4: Compact heap
[210.413s][info][gc,phases      ] GC(136) Phase 4: Compact heap 1.360ms
[210.427s][info][gc,heap        ] GC(136) Eden regions: 473->0(1228)
[210.427s][info][gc,heap        ] GC(136) Survivor regions: 5->0(154)
[210.427s][info][gc,heap        ] GC(136) Old regions: 5->4
[210.427s][info][gc,heap        ] GC(136) Archive regions: 0->0
[210.427s][info][gc,heap        ] GC(136) Humongous regions: 0->0
[210.427s][info][gc,metaspace   ] GC(136) Metaspace: 9075K(9280K)->9075K(9280K) NonClass: 7899K(8000K)->7899K(8000K) Class: 1175K(1280K)->1175K(1280K)
[210.428s][info][gc             ] GC(136) Pause Full (System.gc()) 1912M->3M(8192M) 25.291ms
[210.428s][info][gc,cpu         ] GC(136) User=0.09s Sys=0.00s Real=0.02s
[212.446s][info][gc,start       ] GC(137) Pause Young (Normal) (G1 Evacuation Pause)
[212.446s][info][gc,task        ] GC(137) Using 6 workers of 6 for evacuation
[212.454s][info][gc,phases      ] GC(137)   Pre Evacuate Collection Set: 0.1ms
[212.454s][info][gc,phases      ] GC(137)   Merge Heap Roots: 0.2ms
[212.454s][info][gc,phases      ] GC(137)   Evacuate Collection Set: 6.2ms
[212.454s][info][gc,phases      ] GC(137)   Post Evacuate Collection Set: 1.5ms
[212.454s][info][gc,phases      ] GC(137)   Other: 0.2ms
[212.454s][info][gc,heap        ] GC(137) Eden regions: 1228->0(1223)
[212.454s][info][gc,heap        ] GC(137) Survivor regions: 0->5(154)
[212.454s][info][gc,heap        ] GC(137) Old regions: 4->4
[212.454s][info][gc,heap        ] GC(137) Archive regions: 0->0
[212.454s][info][gc,heap        ] GC(137) Humongous regions: 0->0
[212.454s][info][gc,metaspace   ] GC(137) Metaspace: 9076K(9280K)->9076K(9280K) NonClass: 7900K(8000K)->7900K(8000K) Class: 1175K(1280K)->1175K(1280K)
[212.454s][info][gc             ] GC(137) Pause Young (Normal) (G1 Evacuation Pause) 4915M->21M(8192M) 8.395ms
[212.454s][info][gc,cpu         ] GC(137) User=0.09s Sys=0.00s Real=0.01s
[213.516s][info][gc,start       ] GC(138) Pause Full (System.gc())
[213.516s][info][gc,task        ] GC(138) Using 6 workers of 6 for full compaction
[213.516s][info][gc,phases,start] GC(138) Phase 1: Mark live objects
[213.518s][info][gc,phases      ] GC(138) Phase 1: Mark live objects 1.884ms
[213.518s][info][gc,phases,start] GC(138) Phase 2: Prepare for compaction
[213.523s][info][gc,phases      ] GC(138) Phase 2: Prepare for compaction 4.802ms
[213.523s][info][gc,phases,start] GC(138) Phase 3: Adjust pointers
[213.525s][info][gc,phases      ] GC(138) Phase 3: Adjust pointers 1.754ms
[213.525s][info][gc,phases,start] GC(138) Phase 4: Compact heap
[213.526s][info][gc,phases      ] GC(138) Phase 4: Compact heap 1.385ms
[213.541s][info][gc,heap        ] GC(138) Eden regions: 473->0(1228)
[213.541s][info][gc,heap        ] GC(138) Survivor regions: 5->0(154)
[213.541s][info][gc,heap        ] GC(138) Old regions: 4->4
[213.541s][info][gc,heap        ] GC(138) Archive regions: 0->0
[213.541s][info][gc,heap        ] GC(138) Humongous regions: 0->0
[213.541s][info][gc,metaspace   ] GC(138) Metaspace: 9076K(9280K)->9076K(9280K) NonClass: 7900K(8000K)->7900K(8000K) Class: 1175K(1280K)->1175K(1280K)
[213.541s][info][gc             ] GC(138) Pause Full (System.gc()) 1913M->3M(8192M) 25.328ms
[213.541s][info][gc,cpu         ] GC(138) User=0.06s Sys=0.00s Real=0.02s
[215.555s][info][gc,start       ] GC(139) Pause Young (Normal) (G1 Evacuation Pause)
[215.555s][info][gc,task        ] GC(139) Using 6 workers of 6 for evacuation
[215.564s][info][gc,phases      ] GC(139)   Pre Evacuate Collection Set: 0.1ms
[215.564s][info][gc,phases      ] GC(139)   Merge Heap Roots: 0.3ms
[215.564s][info][gc,phases      ] GC(139)   Evacuate Collection Set: 6.2ms
[215.564s][info][gc,phases      ] GC(139)   Post Evacuate Collection Set: 1.6ms
[215.564s][info][gc,phases      ] GC(139)   Other: 0.2ms
[215.564s][info][gc,heap        ] GC(139) Eden regions: 1228->0(1223)
[215.564s][info][gc,heap        ] GC(139) Survivor regions: 0->5(154)
[215.564s][info][gc,heap        ] GC(139) Old regions: 4->4
[215.564s][info][gc,heap        ] GC(139) Archive regions: 0->0
[215.564s][info][gc,heap        ] GC(139) Humongous regions: 0->0
[215.564s][info][gc,metaspace   ] GC(139) Metaspace: 9076K(9280K)->9076K(9280K) NonClass: 7900K(8000K)->7900K(8000K) Class: 1175K(1280K)->1175K(1280K)
[215.564s][info][gc             ] GC(139) Pause Young (Normal) (G1 Evacuation Pause) 4915M->20M(8192M) 8.590ms
[215.564s][info][gc,cpu         ] GC(139) User=0.09s Sys=0.00s Real=0.02s
[216.625s][info][gc,start       ] GC(140) Pause Full (System.gc())
[216.625s][info][gc,task        ] GC(140) Using 6 workers of 6 for full compaction
[216.625s][info][gc,phases,start] GC(140) Phase 1: Mark live objects
[216.627s][info][gc,phases      ] GC(140) Phase 1: Mark live objects 1.866ms
[216.627s][info][gc,phases,start] GC(140) Phase 2: Prepare for compaction
[216.632s][info][gc,phases      ] GC(140) Phase 2: Prepare for compaction 5.127ms
[216.632s][info][gc,phases,start] GC(140) Phase 3: Adjust pointers
[216.634s][info][gc,phases      ] GC(140) Phase 3: Adjust pointers 2.074ms
[216.634s][info][gc,phases,start] GC(140) Phase 4: Compact heap
[216.635s][info][gc,phases      ] GC(140) Phase 4: Compact heap 1.331ms
[216.650s][info][gc,heap        ] GC(140) Eden regions: 473->0(1228)
[216.650s][info][gc,heap        ] GC(140) Survivor regions: 5->0(154)
[216.650s][info][gc,heap        ] GC(140) Old regions: 4->4
[216.650s][info][gc,heap        ] GC(140) Archive regions: 0->0
[216.650s][info][gc,heap        ] GC(140) Humongous regions: 0->0
[216.650s][info][gc,metaspace   ] GC(140) Metaspace: 9076K(9280K)->9076K(9280K) NonClass: 7900K(8000K)->7900K(8000K) Class: 1175K(1280K)->1175K(1280K)
[216.651s][info][gc             ] GC(140) Pause Full (System.gc()) 1912M->3M(8192M) 25.962ms
[216.651s][info][gc,cpu         ] GC(140) User=0.09s Sys=0.00s Real=0.03s
[218.667s][info][gc,start       ] GC(141) Pause Young (Normal) (G1 Evacuation Pause)
[218.667s][info][gc,task        ] GC(141) Using 6 workers of 6 for evacuation
[218.675s][info][gc,phases      ] GC(141)   Pre Evacuate Collection Set: 0.2ms
[218.675s][info][gc,phases      ] GC(141)   Merge Heap Roots: 0.2ms
[218.675s][info][gc,phases      ] GC(141)   Evacuate Collection Set: 6.1ms
[218.675s][info][gc,phases      ] GC(141)   Post Evacuate Collection Set: 1.5ms
[218.675s][info][gc,phases      ] GC(141)   Other: 0.2ms
[218.675s][info][gc,heap        ] GC(141) Eden regions: 1228->0(1223)
[218.675s][info][gc,heap        ] GC(141) Survivor regions: 0->5(154)
[218.675s][info][gc,heap        ] GC(141) Old regions: 4->4
[218.675s][info][gc,heap        ] GC(141) Archive regions: 0->0
[218.675s][info][gc,heap        ] GC(141) Humongous regions: 0->0
[218.675s][info][gc,metaspace   ] GC(141) Metaspace: 9076K(9280K)->9076K(9280K) NonClass: 7900K(8000K)->7900K(8000K) Class: 1175K(1280K)->1175K(1280K)
[218.675s][info][gc             ] GC(141) Pause Young (Normal) (G1 Evacuation Pause) 4915M->20M(8192M) 8.417ms
[218.675s][info][gc,cpu         ] GC(141) User=0.09s Sys=0.00s Real=0.01s
[219.734s][info][gc,start       ] GC(142) Pause Full (System.gc())
[219.735s][info][gc,task        ] GC(142) Using 6 workers of 6 for full compaction
[219.735s][info][gc,phases,start] GC(142) Phase 1: Mark live objects
[219.737s][info][gc,phases      ] GC(142) Phase 1: Mark live objects 1.989ms
[219.737s][info][gc,phases,start] GC(142) Phase 2: Prepare for compaction
[219.742s][info][gc,phases      ] GC(142) Phase 2: Prepare for compaction 5.059ms
[219.742s][info][gc,phases,start] GC(142) Phase 3: Adjust pointers
[219.744s][info][gc,phases      ] GC(142) Phase 3: Adjust pointers 2.302ms
[219.744s][info][gc,phases,start] GC(142) Phase 4: Compact heap
[219.746s][info][gc,phases      ] GC(142) Phase 4: Compact heap 1.373ms
[219.761s][info][gc,heap        ] GC(142) Eden regions: 473->0(1228)
[219.761s][info][gc,heap        ] GC(142) Survivor regions: 5->0(154)
[219.761s][info][gc,heap        ] GC(142) Old regions: 4->5
[219.761s][info][gc,heap        ] GC(142) Archive regions: 0->0
[219.761s][info][gc,heap        ] GC(142) Humongous regions: 0->0
[219.761s][info][gc,metaspace   ] GC(142) Metaspace: 9076K(9280K)->9076K(9280K) NonClass: 7900K(8000K)->7900K(8000K) Class: 1175K(1280K)->1175K(1280K)
[219.761s][info][gc             ] GC(142) Pause Full (System.gc()) 1912M->3M(8192M) 26.328ms
[219.761s][info][gc,cpu         ] GC(142) User=0.09s Sys=0.00s Real=0.03s
[221.776s][info][gc,start       ] GC(143) Pause Young (Normal) (G1 Evacuation Pause)
[221.776s][info][gc,task        ] GC(143) Using 6 workers of 6 for evacuation
[221.784s][info][gc,phases      ] GC(143)   Pre Evacuate Collection Set: 0.1ms
[221.784s][info][gc,phases      ] GC(143)   Merge Heap Roots: 0.2ms
[221.784s][info][gc,phases      ] GC(143)   Evacuate Collection Set: 6.5ms
[221.784s][info][gc,phases      ] GC(143)   Post Evacuate Collection Set: 1.4ms
[221.784s][info][gc,phases      ] GC(143)   Other: 0.2ms
[221.785s][info][gc,heap        ] GC(143) Eden regions: 1228->0(1224)
[221.785s][info][gc,heap        ] GC(143) Survivor regions: 0->4(154)
[221.785s][info][gc,heap        ] GC(143) Old regions: 5->5
[221.785s][info][gc,heap        ] GC(143) Archive regions: 0->0
[221.785s][info][gc,heap        ] GC(143) Humongous regions: 0->0
[221.785s][info][gc,metaspace   ] GC(143) Metaspace: 9076K(9280K)->9076K(9280K) NonClass: 7900K(8000K)->7900K(8000K) Class: 1175K(1280K)->1175K(1280K)
[221.785s][info][gc             ] GC(143) Pause Young (Normal) (G1 Evacuation Pause) 4915M->19M(8192M) 8.434ms
[221.785s][info][gc,cpu         ] GC(143) User=0.09s Sys=0.00s Real=0.01s
[222.843s][info][gc,start       ] GC(144) Pause Full (System.gc())
[222.843s][info][gc,task        ] GC(144) Using 6 workers of 6 for full compaction
[222.843s][info][gc,phases,start] GC(144) Phase 1: Mark live objects
[222.845s][info][gc,phases      ] GC(144) Phase 1: Mark live objects 1.984ms
[222.845s][info][gc,phases,start] GC(144) Phase 2: Prepare for compaction
[222.850s][info][gc,phases      ] GC(144) Phase 2: Prepare for compaction 4.899ms
[222.850s][info][gc,phases,start] GC(144) Phase 3: Adjust pointers
[222.852s][info][gc,phases      ] GC(144) Phase 3: Adjust pointers 1.746ms
[222.852s][info][gc,phases,start] GC(144) Phase 4: Compact heap
[222.853s][info][gc,phases      ] GC(144) Phase 4: Compact heap 1.365ms
[222.868s][info][gc,heap        ] GC(144) Eden regions: 473->0(1228)
[222.868s][info][gc,heap        ] GC(144) Survivor regions: 4->0(154)
[222.868s][info][gc,heap        ] GC(144) Old regions: 5->4
[222.868s][info][gc,heap        ] GC(144) Archive regions: 0->0
[222.868s][info][gc,heap        ] GC(144) Humongous regions: 0->0
[222.868s][info][gc,metaspace   ] GC(144) Metaspace: 9076K(9280K)->9076K(9280K) NonClass: 7900K(8000K)->7900K(8000K) Class: 1175K(1280K)->1175K(1280K)
[222.868s][info][gc             ] GC(144) Pause Full (System.gc()) 1911M->3M(8192M) 25.401ms
[222.868s][info][gc,cpu         ] GC(144) User=0.09s Sys=0.00s Real=0.02s
[224.887s][info][gc,start       ] GC(145) Pause Young (Normal) (G1 Evacuation Pause)
[224.887s][info][gc,task        ] GC(145) Using 6 workers of 6 for evacuation
[224.896s][info][gc,phases      ] GC(145)   Pre Evacuate Collection Set: 0.2ms
[224.896s][info][gc,phases      ] GC(145)   Merge Heap Roots: 0.3ms
[224.896s][info][gc,phases      ] GC(145)   Evacuate Collection Set: 6.4ms
[224.896s][info][gc,phases      ] GC(145)   Post Evacuate Collection Set: 1.5ms
[224.896s][info][gc,phases      ] GC(145)   Other: 0.3ms
[224.896s][info][gc,heap        ] GC(145) Eden regions: 1228->0(1223)
[224.896s][info][gc,heap        ] GC(145) Survivor regions: 0->5(154)
[224.896s][info][gc,heap        ] GC(145) Old regions: 4->4
[224.896s][info][gc,heap        ] GC(145) Archive regions: 0->0
[224.896s][info][gc,heap        ] GC(145) Humongous regions: 0->0
[224.896s][info][gc,metaspace   ] GC(145) Metaspace: 9076K(9280K)->9076K(9280K) NonClass: 7900K(8000K)->7900K(8000K) Class: 1175K(1280K)->1175K(1280K)
[224.896s][info][gc             ] GC(145) Pause Young (Normal) (G1 Evacuation Pause) 4915M->20M(8192M) 8.748ms
[224.896s][info][gc,cpu         ] GC(145) User=0.09s Sys=0.00s Real=0.01s
[225.956s][info][gc,start       ] GC(146) Pause Full (System.gc())
[225.956s][info][gc,task        ] GC(146) Using 6 workers of 6 for full compaction
[225.956s][info][gc,phases,start] GC(146) Phase 1: Mark live objects
[225.958s][info][gc,phases      ] GC(146) Phase 1: Mark live objects 1.676ms
[225.958s][info][gc,phases,start] GC(146) Phase 2: Prepare for compaction
[225.963s][info][gc,phases      ] GC(146) Phase 2: Prepare for compaction 5.149ms
[225.963s][info][gc,phases,start] GC(146) Phase 3: Adjust pointers
[225.965s][info][gc,phases      ] GC(146) Phase 3: Adjust pointers 1.741ms
[225.965s][info][gc,phases,start] GC(146) Phase 4: Compact heap
[225.966s][info][gc,phases      ] GC(146) Phase 4: Compact heap 1.354ms
[225.981s][info][gc,heap        ] GC(146) Eden regions: 473->0(1228)
[225.982s][info][gc,heap        ] GC(146) Survivor regions: 5->0(154)
[225.982s][info][gc,heap        ] GC(146) Old regions: 4->4
[225.982s][info][gc,heap        ] GC(146) Archive regions: 0->0
[225.982s][info][gc,heap        ] GC(146) Humongous regions: 0->0
[225.982s][info][gc,metaspace   ] GC(146) Metaspace: 9076K(9280K)->9076K(9280K) NonClass: 7900K(8000K)->7900K(8000K) Class: 1175K(1280K)->1175K(1280K)
[225.982s][info][gc             ] GC(146) Pause Full (System.gc()) 1912M->3M(8192M) 25.620ms
[225.982s][info][gc,cpu         ] GC(146) User=0.09s Sys=0.00s Real=0.02s
[227.997s][info][gc,start       ] GC(147) Pause Young (Normal) (G1 Evacuation Pause)
[227.997s][info][gc,task        ] GC(147) Using 6 workers of 6 for evacuation
[228.006s][info][gc,phases      ] GC(147)   Pre Evacuate Collection Set: 0.4ms
[228.006s][info][gc,phases      ] GC(147)   Merge Heap Roots: 0.2ms
[228.006s][info][gc,phases      ] GC(147)   Evacuate Collection Set: 6.2ms
[228.006s][info][gc,phases      ] GC(147)   Post Evacuate Collection Set: 1.6ms
[228.006s][info][gc,phases      ] GC(147)   Other: 0.3ms
[228.006s][info][gc,heap        ] GC(147) Eden regions: 1228->0(1223)
[228.006s][info][gc,heap        ] GC(147) Survivor regions: 0->5(154)
[228.006s][info][gc,heap        ] GC(147) Old regions: 4->4
[228.006s][info][gc,heap        ] GC(147) Archive regions: 0->0
[228.006s][info][gc,heap        ] GC(147) Humongous regions: 0->0
[228.006s][info][gc,metaspace   ] GC(147) Metaspace: 9076K(9280K)->9076K(9280K) NonClass: 7900K(8000K)->7900K(8000K) Class: 1175K(1280K)->1175K(1280K)
[228.006s][info][gc             ] GC(147) Pause Young (Normal) (G1 Evacuation Pause) 4915M->20M(8192M) 8.770ms
[228.006s][info][gc,cpu         ] GC(147) User=0.09s Sys=0.00s Real=0.02s
[229.069s][info][gc,start       ] GC(148) Pause Full (System.gc())
[229.069s][info][gc,task        ] GC(148) Using 6 workers of 6 for full compaction
[229.069s][info][gc,phases,start] GC(148) Phase 1: Mark live objects
[229.071s][info][gc,phases      ] GC(148) Phase 1: Mark live objects 1.814ms
[229.071s][info][gc,phases,start] GC(148) Phase 2: Prepare for compaction
[229.076s][info][gc,phases      ] GC(148) Phase 2: Prepare for compaction 4.802ms
[229.076s][info][gc,phases,start] GC(148) Phase 3: Adjust pointers
[229.078s][info][gc,phases      ] GC(148) Phase 3: Adjust pointers 1.782ms
[229.078s][info][gc,phases,start] GC(148) Phase 4: Compact heap
[229.079s][info][gc,phases      ] GC(148) Phase 4: Compact heap 1.335ms
[229.094s][info][gc,heap        ] GC(148) Eden regions: 473->0(1228)
[229.098s][info][gc,heap        ] GC(148) Survivor regions: 5->0(154)
[229.098s][info][gc,heap        ] GC(148) Old regions: 4->5
[229.098s][info][gc,heap        ] GC(148) Archive regions: 0->0
[229.098s][info][gc,heap        ] GC(148) Humongous regions: 0->0
[229.098s][info][gc,metaspace   ] GC(148) Metaspace: 9076K(9280K)->9076K(9280K) NonClass: 7900K(8000K)->7900K(8000K) Class: 1175K(1280K)->1175K(1280K)
[229.098s][info][gc             ] GC(148) Pause Full (System.gc()) 1912M->3M(8192M) 29.056ms
[229.098s][info][gc,cpu         ] GC(148) User=0.19s Sys=0.00s Real=0.03s
[231.116s][info][gc,start       ] GC(149) Pause Young (Normal) (G1 Evacuation Pause)
[231.116s][info][gc,task        ] GC(149) Using 6 workers of 6 for evacuation
[231.124s][info][gc,phases      ] GC(149)   Pre Evacuate Collection Set: 0.2ms
[231.125s][info][gc,phases      ] GC(149)   Merge Heap Roots: 0.3ms
[231.125s][info][gc,phases      ] GC(149)   Evacuate Collection Set: 6.4ms
[231.125s][info][gc,phases      ] GC(149)   Post Evacuate Collection Set: 1.7ms
[231.125s][info][gc,phases      ] GC(149)   Other: 0.3ms
[231.125s][info][gc,heap        ] GC(149) Eden regions: 1228->0(1223)
[231.125s][info][gc,heap        ] GC(149) Survivor regions: 0->5(154)
[231.125s][info][gc,heap        ] GC(149) Old regions: 5->5
[231.125s][info][gc,heap        ] GC(149) Archive regions: 0->0
[231.125s][info][gc,heap        ] GC(149) Humongous regions: 0->0
[231.125s][info][gc,metaspace   ] GC(149) Metaspace: 9076K(9280K)->9076K(9280K) NonClass: 7900K(8000K)->7900K(8000K) Class: 1175K(1280K)->1175K(1280K)
[231.125s][info][gc             ] GC(149) Pause Young (Normal) (G1 Evacuation Pause) 4915M->20M(8192M) 8.995ms
[231.125s][info][gc,cpu         ] GC(149) User=0.08s Sys=0.00s Real=0.01s
[232.184s][info][gc,start       ] GC(150) Pause Full (System.gc())
[232.184s][info][gc,task        ] GC(150) Using 6 workers of 6 for full compaction
[232.185s][info][gc,phases,start] GC(150) Phase 1: Mark live objects
[232.186s][info][gc,phases      ] GC(150) Phase 1: Mark live objects 1.931ms
[232.187s][info][gc,phases,start] GC(150) Phase 2: Prepare for compaction
[232.191s][info][gc,phases      ] GC(150) Phase 2: Prepare for compaction 4.810ms
[232.191s][info][gc,phases,start] GC(150) Phase 3: Adjust pointers
[232.193s][info][gc,phases      ] GC(150) Phase 3: Adjust pointers 1.773ms
[232.193s][info][gc,phases,start] GC(150) Phase 4: Compact heap
[232.195s][info][gc,phases      ] GC(150) Phase 4: Compact heap 1.446ms
[232.210s][info][gc,heap        ] GC(150) Eden regions: 473->0(1228)
[232.210s][info][gc,heap        ] GC(150) Survivor regions: 5->0(154)
[232.210s][info][gc,heap        ] GC(150) Old regions: 5->4
[232.210s][info][gc,heap        ] GC(150) Archive regions: 0->0
[232.210s][info][gc,heap        ] GC(150) Humongous regions: 0->0
[232.210s][info][gc,metaspace   ] GC(150) Metaspace: 9076K(9280K)->9076K(9280K) NonClass: 7900K(8000K)->7900K(8000K) Class: 1175K(1280K)->1175K(1280K)
[232.210s][info][gc             ] GC(150) Pause Full (System.gc()) 1912M->3M(8192M) 25.572ms
[232.210s][info][gc,cpu         ] GC(150) User=0.14s Sys=0.00s Real=0.03s
[234.224s][info][gc,start       ] GC(151) Pause Young (Normal) (G1 Evacuation Pause)
[234.224s][info][gc,task        ] GC(151) Using 6 workers of 6 for evacuation
[234.233s][info][gc,phases      ] GC(151)   Pre Evacuate Collection Set: 0.3ms
[234.233s][info][gc,phases      ] GC(151)   Merge Heap Roots: 0.2ms
[234.233s][info][gc,phases      ] GC(151)   Evacuate Collection Set: 6.2ms
[234.233s][info][gc,phases      ] GC(151)   Post Evacuate Collection Set: 1.6ms
[234.233s][info][gc,phases      ] GC(151)   Other: 0.3ms
[234.233s][info][gc,heap        ] GC(151) Eden regions: 1228->0(1223)
[234.233s][info][gc,heap        ] GC(151) Survivor regions: 0->5(154)
[234.233s][info][gc,heap        ] GC(151) Old regions: 4->4
[234.233s][info][gc,heap        ] GC(151) Archive regions: 0->0
[234.233s][info][gc,heap        ] GC(151) Humongous regions: 0->0
[234.233s][info][gc,metaspace   ] GC(151) Metaspace: 9077K(9280K)->9077K(9280K) NonClass: 7901K(8000K)->7901K(8000K) Class: 1175K(1280K)->1175K(1280K)
[234.233s][info][gc             ] GC(151) Pause Young (Normal) (G1 Evacuation Pause) 4915M->20M(8192M) 8.700ms
[234.233s][info][gc,cpu         ] GC(151) User=0.00s Sys=0.00s Real=0.01s
[235.292s][info][gc,start       ] GC(152) Pause Full (System.gc())
[235.292s][info][gc,task        ] GC(152) Using 6 workers of 6 for full compaction
[235.292s][info][gc,phases,start] GC(152) Phase 1: Mark live objects
[235.294s][info][gc,phases      ] GC(152) Phase 1: Mark live objects 1.957ms
[235.294s][info][gc,phases,start] GC(152) Phase 2: Prepare for compaction
[235.299s][info][gc,phases      ] GC(152) Phase 2: Prepare for compaction 4.964ms
[235.299s][info][gc,phases,start] GC(152) Phase 3: Adjust pointers
[235.301s][info][gc,phases      ] GC(152) Phase 3: Adjust pointers 2.237ms
[235.301s][info][gc,phases,start] GC(152) Phase 4: Compact heap
[235.303s][info][gc,phases      ] GC(152) Phase 4: Compact heap 1.399ms
[235.318s][info][gc,heap        ] GC(152) Eden regions: 473->0(1228)
[235.319s][info][gc,heap        ] GC(152) Survivor regions: 5->0(154)
[235.319s][info][gc,heap        ] GC(152) Old regions: 4->5
[235.319s][info][gc,heap        ] GC(152) Archive regions: 0->0
[235.319s][info][gc,heap        ] GC(152) Humongous regions: 0->0
[235.319s][info][gc,metaspace   ] GC(152) Metaspace: 9082K(9280K)->9082K(9280K) NonClass: 7906K(8000K)->7906K(8000K) Class: 1175K(1280K)->1175K(1280K)
[235.319s][info][gc             ] GC(152) Pause Full (System.gc()) 1912M->3M(8192M) 26.775ms
[235.319s][info][gc,cpu         ] GC(152) User=0.14s Sys=0.02s Real=0.03s
[237.333s][info][gc,start       ] GC(153) Pause Young (Normal) (G1 Evacuation Pause)
[237.333s][info][gc,task        ] GC(153) Using 6 workers of 6 for evacuation
[237.342s][info][gc,phases      ] GC(153)   Pre Evacuate Collection Set: 0.2ms
[237.342s][info][gc,phases      ] GC(153)   Merge Heap Roots: 0.2ms
[237.342s][info][gc,phases      ] GC(153)   Evacuate Collection Set: 6.2ms
[237.342s][info][gc,phases      ] GC(153)   Post Evacuate Collection Set: 1.5ms
[237.342s][info][gc,phases      ] GC(153)   Other: 0.2ms
[237.342s][info][gc,heap        ] GC(153) Eden regions: 1228->0(1224)
[237.342s][info][gc,heap        ] GC(153) Survivor regions: 0->4(154)
[237.342s][info][gc,heap        ] GC(153) Old regions: 5->5
[237.342s][info][gc,heap        ] GC(153) Archive regions: 0->0
[237.342s][info][gc,heap        ] GC(153) Humongous regions: 0->0
[237.342s][info][gc,metaspace   ] GC(153) Metaspace: 9083K(9280K)->9083K(9280K) NonClass: 7907K(8000K)->7907K(8000K) Class: 1175K(1280K)->1175K(1280K)
[237.342s][info][gc             ] GC(153) Pause Young (Normal) (G1 Evacuation Pause) 4915M->19M(8192M) 8.446ms
[237.342s][info][gc,cpu         ] GC(153) User=0.00s Sys=0.00s Real=0.01s
[238.400s][info][gc,start       ] GC(154) Pause Full (System.gc())
[238.400s][info][gc,task        ] GC(154) Using 6 workers of 6 for full compaction
[238.401s][info][gc,phases,start] GC(154) Phase 1: Mark live objects
[238.403s][info][gc,phases      ] GC(154) Phase 1: Mark live objects 2.007ms
[238.403s][info][gc,phases,start] GC(154) Phase 2: Prepare for compaction
[238.408s][info][gc,phases      ] GC(154) Phase 2: Prepare for compaction 4.994ms
[238.408s][info][gc,phases,start] GC(154) Phase 3: Adjust pointers
[238.410s][info][gc,phases      ] GC(154) Phase 3: Adjust pointers 2.232ms
[238.410s][info][gc,phases,start] GC(154) Phase 4: Compact heap
[238.412s][info][gc,phases      ] GC(154) Phase 4: Compact heap 1.730ms
[238.427s][info][gc,heap        ] GC(154) Eden regions: 473->0(1228)
[238.427s][info][gc,heap        ] GC(154) Survivor regions: 4->0(154)
[238.427s][info][gc,heap        ] GC(154) Old regions: 5->4
[238.427s][info][gc,heap        ] GC(154) Archive regions: 0->0
[238.427s][info][gc,heap        ] GC(154) Humongous regions: 0->0
[238.427s][info][gc,metaspace   ] GC(154) Metaspace: 9083K(9280K)->9083K(9280K) NonClass: 7907K(8000K)->7907K(8000K) Class: 1175K(1280K)->1175K(1280K)
[238.427s][info][gc             ] GC(154) Pause Full (System.gc()) 1911M->3M(8192M) 26.530ms
[238.427s][info][gc,cpu         ] GC(154) User=0.16s Sys=0.00s Real=0.02s
[240.447s][info][gc,start       ] GC(155) Pause Young (Normal) (G1 Evacuation Pause)
[240.447s][info][gc,task        ] GC(155) Using 6 workers of 6 for evacuation
[240.456s][info][gc,phases      ] GC(155)   Pre Evacuate Collection Set: 0.3ms
[240.456s][info][gc,phases      ] GC(155)   Merge Heap Roots: 0.2ms
[240.456s][info][gc,phases      ] GC(155)   Evacuate Collection Set: 6.5ms
[240.456s][info][gc,phases      ] GC(155)   Post Evacuate Collection Set: 1.5ms
[240.456s][info][gc,phases      ] GC(155)   Other: 0.2ms
[240.456s][info][gc,heap        ] GC(155) Eden regions: 1228->0(1223)
[240.456s][info][gc,heap        ] GC(155) Survivor regions: 0->5(154)
[240.456s][info][gc,heap        ] GC(155) Old regions: 4->4
[240.456s][info][gc,heap        ] GC(155) Archive regions: 0->0
[240.456s][info][gc,heap        ] GC(155) Humongous regions: 0->0
[240.456s][info][gc,metaspace   ] GC(155) Metaspace: 9086K(9280K)->9086K(9280K) NonClass: 7910K(8000K)->7910K(8000K) Class: 1175K(1280K)->1175K(1280K)
[240.456s][info][gc             ] GC(155) Pause Young (Normal) (G1 Evacuation Pause) 4915M->20M(8192M) 8.851ms
[240.456s][info][gc,cpu         ] GC(155) User=0.09s Sys=0.00s Real=0.02s
[241.517s][info][gc,start       ] GC(156) Pause Full (System.gc())
[241.518s][info][gc,task        ] GC(156) Using 6 workers of 6 for full compaction
[241.518s][info][gc,phases,start] GC(156) Phase 1: Mark live objects
[241.520s][info][gc,phases      ] GC(156) Phase 1: Mark live objects 1.810ms
[241.520s][info][gc,phases,start] GC(156) Phase 2: Prepare for compaction
[241.525s][info][gc,phases      ] GC(156) Phase 2: Prepare for compaction 5.107ms
[241.525s][info][gc,phases,start] GC(156) Phase 3: Adjust pointers
[241.527s][info][gc,phases      ] GC(156) Phase 3: Adjust pointers 1.786ms
[241.527s][info][gc,phases,start] GC(156) Phase 4: Compact heap
[241.528s][info][gc,phases      ] GC(156) Phase 4: Compact heap 1.705ms
[241.544s][info][gc,heap        ] GC(156) Eden regions: 473->0(1228)
[241.544s][info][gc,heap        ] GC(156) Survivor regions: 5->0(154)
[241.544s][info][gc,heap        ] GC(156) Old regions: 4->4
[241.544s][info][gc,heap        ] GC(156) Archive regions: 0->0
[241.544s][info][gc,heap        ] GC(156) Humongous regions: 0->0
[241.544s][info][gc,metaspace   ] GC(156) Metaspace: 9086K(9280K)->9086K(9280K) NonClass: 7910K(8000K)->7910K(8000K) Class: 1175K(1280K)->1175K(1280K)
[241.544s][info][gc             ] GC(156) Pause Full (System.gc()) 1912M->3M(8192M) 26.171ms
[241.544s][info][gc,cpu         ] GC(156) User=0.09s Sys=0.00s Real=0.03s
[243.558s][info][gc,start       ] GC(157) Pause Young (Normal) (G1 Evacuation Pause)
[243.558s][info][gc,task        ] GC(157) Using 6 workers of 6 for evacuation
[243.567s][info][gc,phases      ] GC(157)   Pre Evacuate Collection Set: 0.2ms
[243.567s][info][gc,phases      ] GC(157)   Merge Heap Roots: 0.2ms
[243.567s][info][gc,phases      ] GC(157)   Evacuate Collection Set: 6.3ms
[243.567s][info][gc,phases      ] GC(157)   Post Evacuate Collection Set: 1.6ms
[243.567s][info][gc,phases      ] GC(157)   Other: 0.2ms
[243.567s][info][gc,heap        ] GC(157) Eden regions: 1228->0(1223)
[243.567s][info][gc,heap        ] GC(157) Survivor regions: 0->5(154)
[243.567s][info][gc,heap        ] GC(157) Old regions: 4->4
[243.567s][info][gc,heap        ] GC(157) Archive regions: 0->0
[243.567s][info][gc,heap        ] GC(157) Humongous regions: 0->0
[243.567s][info][gc,metaspace   ] GC(157) Metaspace: 9091K(9344K)->9091K(9344K) NonClass: 7915K(8064K)->7915K(8064K) Class: 1175K(1280K)->1175K(1280K)
[243.567s][info][gc             ] GC(157) Pause Young (Normal) (G1 Evacuation Pause) 4915M->20M(8192M) 8.629ms
[243.567s][info][gc,cpu         ] GC(157) User=0.05s Sys=0.00s Real=0.01s
[244.629s][info][gc,start       ] GC(158) Pause Full (System.gc())
[244.629s][info][gc,task        ] GC(158) Using 6 workers of 6 for full compaction
[244.629s][info][gc,phases,start] GC(158) Phase 1: Mark live objects
[244.631s][info][gc,phases      ] GC(158) Phase 1: Mark live objects 1.898ms
[244.631s][info][gc,phases,start] GC(158) Phase 2: Prepare for compaction
[244.636s][info][gc,phases      ] GC(158) Phase 2: Prepare for compaction 4.906ms
[244.636s][info][gc,phases,start] GC(158) Phase 3: Adjust pointers
[244.639s][info][gc,phases      ] GC(158) Phase 3: Adjust pointers 2.476ms
[244.639s][info][gc,phases,start] GC(158) Phase 4: Compact heap
[244.640s][info][gc,phases      ] GC(158) Phase 4: Compact heap 1.395ms
[244.655s][info][gc,heap        ] GC(158) Eden regions: 473->0(1228)
[244.655s][info][gc,heap        ] GC(158) Survivor regions: 5->0(154)
[244.655s][info][gc,heap        ] GC(158) Old regions: 4->5
[244.655s][info][gc,heap        ] GC(158) Archive regions: 0->0
[244.655s][info][gc,heap        ] GC(158) Humongous regions: 0->0
[244.655s][info][gc,metaspace   ] GC(158) Metaspace: 9092K(9344K)->9092K(9344K) NonClass: 7916K(8064K)->7916K(8064K) Class: 1175K(1280K)->1175K(1280K)
[244.655s][info][gc             ] GC(158) Pause Full (System.gc()) 1912M->3M(8192M) 26.132ms
[244.655s][info][gc,cpu         ] GC(158) User=0.09s Sys=0.00s Real=0.03s
[246.671s][info][gc,start       ] GC(159) Pause Young (Normal) (G1 Evacuation Pause)
[246.671s][info][gc,task        ] GC(159) Using 6 workers of 6 for evacuation
[246.679s][info][gc,phases      ] GC(159)   Pre Evacuate Collection Set: 0.2ms
[246.679s][info][gc,phases      ] GC(159)   Merge Heap Roots: 0.2ms
[246.679s][info][gc,phases      ] GC(159)   Evacuate Collection Set: 6.2ms
[246.679s][info][gc,phases      ] GC(159)   Post Evacuate Collection Set: 1.6ms
[246.679s][info][gc,phases      ] GC(159)   Other: 0.3ms
[246.679s][info][gc,heap        ] GC(159) Eden regions: 1228->0(1223)
[246.679s][info][gc,heap        ] GC(159) Survivor regions: 0->5(154)
[246.679s][info][gc,heap        ] GC(159) Old regions: 5->5
[246.679s][info][gc,heap        ] GC(159) Archive regions: 0->0
[246.679s][info][gc,heap        ] GC(159) Humongous regions: 0->0
[246.679s][info][gc,metaspace   ] GC(159) Metaspace: 9092K(9344K)->9092K(9344K) NonClass: 7916K(8064K)->7916K(8064K) Class: 1175K(1280K)->1175K(1280K)
[246.680s][info][gc             ] GC(159) Pause Young (Normal) (G1 Evacuation Pause) 4915M->20M(8192M) 8.528ms
[246.680s][info][gc,cpu         ] GC(159) User=0.00s Sys=0.00s Real=0.01s
[247.742s][info][gc,start       ] GC(160) Pause Full (System.gc())
[247.742s][info][gc,task        ] GC(160) Using 6 workers of 6 for full compaction
[247.742s][info][gc,phases,start] GC(160) Phase 1: Mark live objects
[247.744s][info][gc,phases      ] GC(160) Phase 1: Mark live objects 1.869ms
[247.744s][info][gc,phases,start] GC(160) Phase 2: Prepare for compaction
[247.749s][info][gc,phases      ] GC(160) Phase 2: Prepare for compaction 4.791ms
[247.749s][info][gc,phases,start] GC(160) Phase 3: Adjust pointers
[247.751s][info][gc,phases      ] GC(160) Phase 3: Adjust pointers 2.104ms
[247.751s][info][gc,phases,start] GC(160) Phase 4: Compact heap
[247.753s][info][gc,phases      ] GC(160) Phase 4: Compact heap 1.843ms
[247.768s][info][gc,heap        ] GC(160) Eden regions: 473->0(1228)
[247.768s][info][gc,heap        ] GC(160) Survivor regions: 5->0(154)
[247.768s][info][gc,heap        ] GC(160) Old regions: 5->5
[247.768s][info][gc,heap        ] GC(160) Archive regions: 0->0
[247.768s][info][gc,heap        ] GC(160) Humongous regions: 0->0
[247.768s][info][gc,metaspace   ] GC(160) Metaspace: 9092K(9344K)->9092K(9344K) NonClass: 7916K(8064K)->7916K(8064K) Class: 1175K(1280K)->1175K(1280K)
[247.768s][info][gc             ] GC(160) Pause Full (System.gc()) 1912M->3M(8192M) 26.373ms
[247.768s][info][gc,cpu         ] GC(160) User=0.19s Sys=0.00s Real=0.04s
[249.782s][info][gc,start       ] GC(161) Pause Young (Normal) (G1 Evacuation Pause)
[249.782s][info][gc,task        ] GC(161) Using 6 workers of 6 for evacuation
[249.790s][info][gc,phases      ] GC(161)   Pre Evacuate Collection Set: 0.2ms
[249.790s][info][gc,phases      ] GC(161)   Merge Heap Roots: 0.2ms
[249.790s][info][gc,phases      ] GC(161)   Evacuate Collection Set: 6.2ms
[249.790s][info][gc,phases      ] GC(161)   Post Evacuate Collection Set: 1.5ms
[249.790s][info][gc,phases      ] GC(161)   Other: 0.2ms
[249.790s][info][gc,heap        ] GC(161) Eden regions: 1228->0(1223)
[249.790s][info][gc,heap        ] GC(161) Survivor regions: 0->5(154)
[249.790s][info][gc,heap        ] GC(161) Old regions: 5->5
[249.790s][info][gc,heap        ] GC(161) Archive regions: 0->0
[249.790s][info][gc,heap        ] GC(161) Humongous regions: 0->0
[249.790s][info][gc,metaspace   ] GC(161) Metaspace: 9092K(9344K)->9092K(9344K) NonClass: 7916K(8064K)->7916K(8064K) Class: 1175K(1280K)->1175K(1280K)
[249.790s][info][gc             ] GC(161) Pause Young (Normal) (G1 Evacuation Pause) 4915M->20M(8192M) 8.451ms
[249.790s][info][gc,cpu         ] GC(161) User=0.00s Sys=0.00s Real=0.01s
[250.847s][info][gc,start       ] GC(162) Pause Full (System.gc())
[250.847s][info][gc,task        ] GC(162) Using 6 workers of 6 for full compaction
[250.848s][info][gc,phases,start] GC(162) Phase 1: Mark live objects
[250.850s][info][gc,phases      ] GC(162) Phase 1: Mark live objects 2.211ms
[250.850s][info][gc,phases,start] GC(162) Phase 2: Prepare for compaction
[250.855s][info][gc,phases      ] GC(162) Phase 2: Prepare for compaction 4.990ms
[250.855s][info][gc,phases,start] GC(162) Phase 3: Adjust pointers
[250.857s][info][gc,phases      ] GC(162) Phase 3: Adjust pointers 2.060ms
[250.857s][info][gc,phases,start] GC(162) Phase 4: Compact heap
[250.858s][info][gc,phases      ] GC(162) Phase 4: Compact heap 1.369ms
[250.873s][info][gc,heap        ] GC(162) Eden regions: 473->0(1228)
[250.874s][info][gc,heap        ] GC(162) Survivor regions: 5->0(154)
[250.874s][info][gc,heap        ] GC(162) Old regions: 5->4
[250.874s][info][gc,heap        ] GC(162) Archive regions: 0->0
[250.874s][info][gc,heap        ] GC(162) Humongous regions: 0->0
[250.874s][info][gc,metaspace   ] GC(162) Metaspace: 9092K(9344K)->9092K(9344K) NonClass: 7916K(8064K)->7916K(8064K) Class: 1175K(1280K)->1175K(1280K)
[250.874s][info][gc             ] GC(162) Pause Full (System.gc()) 1912M->3M(8192M) 26.313ms
[250.874s][info][gc,cpu         ] GC(162) User=0.09s Sys=0.00s Real=0.03s
[252.892s][info][gc,start       ] GC(163) Pause Young (Normal) (G1 Evacuation Pause)
[252.892s][info][gc,task        ] GC(163) Using 6 workers of 6 for evacuation
[252.900s][info][gc,phases      ] GC(163)   Pre Evacuate Collection Set: 0.2ms
[252.900s][info][gc,phases      ] GC(163)   Merge Heap Roots: 0.2ms
[252.900s][info][gc,phases      ] GC(163)   Evacuate Collection Set: 6.3ms
[252.900s][info][gc,phases      ] GC(163)   Post Evacuate Collection Set: 1.6ms
[252.900s][info][gc,phases      ] GC(163)   Other: 0.2ms
[252.900s][info][gc,heap        ] GC(163) Eden regions: 1228->0(1223)
[252.900s][info][gc,heap        ] GC(163) Survivor regions: 0->5(154)
[252.900s][info][gc,heap        ] GC(163) Old regions: 4->4
[252.900s][info][gc,heap        ] GC(163) Archive regions: 0->0
[252.900s][info][gc,heap        ] GC(163) Humongous regions: 0->0
[252.900s][info][gc,metaspace   ] GC(163) Metaspace: 9092K(9344K)->9092K(9344K) NonClass: 7916K(8064K)->7916K(8064K) Class: 1175K(1280K)->1175K(1280K)
[252.900s][info][gc             ] GC(163) Pause Young (Normal) (G1 Evacuation Pause) 4915M->20M(8192M) 8.750ms
[252.900s][info][gc,cpu         ] GC(163) User=0.00s Sys=0.00s Real=0.01s
[253.960s][info][gc,start       ] GC(164) Pause Full (System.gc())
[253.961s][info][gc,task        ] GC(164) Using 6 workers of 6 for full compaction
[253.961s][info][gc,phases,start] GC(164) Phase 1: Mark live objects
[253.963s][info][gc,phases      ] GC(164) Phase 1: Mark live objects 2.229ms
[253.963s][info][gc,phases,start] GC(164) Phase 2: Prepare for compaction
[253.968s][info][gc,phases      ] GC(164) Phase 2: Prepare for compaction 5.324ms
[253.968s][info][gc,phases,start] GC(164) Phase 3: Adjust pointers
[253.970s][info][gc,phases      ] GC(164) Phase 3: Adjust pointers 2.026ms
[253.971s][info][gc,phases,start] GC(164) Phase 4: Compact heap
[253.972s][info][gc,phases      ] GC(164) Phase 4: Compact heap 1.267ms
[253.988s][info][gc,heap        ] GC(164) Eden regions: 473->0(1228)
[253.988s][info][gc,heap        ] GC(164) Survivor regions: 5->0(154)
[253.988s][info][gc,heap        ] GC(164) Old regions: 4->4
[253.988s][info][gc,heap        ] GC(164) Archive regions: 0->0
[253.988s][info][gc,heap        ] GC(164) Humongous regions: 0->0
[253.988s][info][gc,metaspace   ] GC(164) Metaspace: 9092K(9344K)->9092K(9344K) NonClass: 7916K(8064K)->7916K(8064K) Class: 1175K(1280K)->1175K(1280K)
[253.988s][info][gc             ] GC(164) Pause Full (System.gc()) 1912M->3M(8192M) 27.171ms
[253.988s][info][gc,cpu         ] GC(164) User=0.17s Sys=0.00s Real=0.04s
[256.000s][info][gc,start       ] GC(165) Pause Young (Normal) (G1 Evacuation Pause)
[256.000s][info][gc,task        ] GC(165) Using 6 workers of 6 for evacuation
[256.009s][info][gc,phases      ] GC(165)   Pre Evacuate Collection Set: 0.2ms
[256.009s][info][gc,phases      ] GC(165)   Merge Heap Roots: 0.3ms
[256.009s][info][gc,phases      ] GC(165)   Evacuate Collection Set: 6.2ms
[256.009s][info][gc,phases      ] GC(165)   Post Evacuate Collection Set: 1.5ms
[256.009s][info][gc,phases      ] GC(165)   Other: 0.3ms
[256.009s][info][gc,heap        ] GC(165) Eden regions: 1228->0(1223)
[256.009s][info][gc,heap        ] GC(165) Survivor regions: 0->5(154)
[256.009s][info][gc,heap        ] GC(165) Old regions: 4->4
[256.009s][info][gc,heap        ] GC(165) Archive regions: 0->0
[256.009s][info][gc,heap        ] GC(165) Humongous regions: 0->0
[256.009s][info][gc,metaspace   ] GC(165) Metaspace: 9092K(9344K)->9092K(9344K) NonClass: 7916K(8064K)->7916K(8064K) Class: 1175K(1280K)->1175K(1280K)
[256.009s][info][gc             ] GC(165) Pause Young (Normal) (G1 Evacuation Pause) 4915M->20M(8192M) 8.506ms
[256.009s][info][gc,cpu         ] GC(165) User=0.00s Sys=0.00s Real=0.01s
[257.073s][info][gc,start       ] GC(166) Pause Full (System.gc())
[257.073s][info][gc,task        ] GC(166) Using 6 workers of 6 for full compaction
[257.073s][info][gc,phases,start] GC(166) Phase 1: Mark live objects
[257.075s][info][gc,phases      ] GC(166) Phase 1: Mark live objects 1.956ms
[257.075s][info][gc,phases,start] GC(166) Phase 2: Prepare for compaction
[257.080s][info][gc,phases      ] GC(166) Phase 2: Prepare for compaction 5.079ms
[257.080s][info][gc,phases,start] GC(166) Phase 3: Adjust pointers
[257.082s][info][gc,phases      ] GC(166) Phase 3: Adjust pointers 2.042ms
[257.082s][info][gc,phases,start] GC(166) Phase 4: Compact heap
[257.084s][info][gc,phases      ] GC(166) Phase 4: Compact heap 1.655ms
[257.100s][info][gc,heap        ] GC(166) Eden regions: 473->0(1228)
[257.100s][info][gc,heap        ] GC(166) Survivor regions: 5->0(154)
[257.100s][info][gc,heap        ] GC(166) Old regions: 4->4
[257.100s][info][gc,heap        ] GC(166) Archive regions: 0->0
[257.100s][info][gc,heap        ] GC(166) Humongous regions: 0->0
[257.100s][info][gc,metaspace   ] GC(166) Metaspace: 9092K(9344K)->9092K(9344K) NonClass: 7916K(8064K)->7916K(8064K) Class: 1175K(1280K)->1175K(1280K)
[257.100s][info][gc             ] GC(166) Pause Full (System.gc()) 1912M->3M(8192M) 27.033ms
[257.100s][info][gc,cpu         ] GC(166) User=0.17s Sys=0.00s Real=0.03s
[259.111s][info][gc,start       ] GC(167) Pause Young (Normal) (G1 Evacuation Pause)
[259.111s][info][gc,task        ] GC(167) Using 6 workers of 6 for evacuation
[259.119s][info][gc,phases      ] GC(167)   Pre Evacuate Collection Set: 0.3ms
[259.119s][info][gc,phases      ] GC(167)   Merge Heap Roots: 0.2ms
[259.119s][info][gc,phases      ] GC(167)   Evacuate Collection Set: 6.3ms
[259.119s][info][gc,phases      ] GC(167)   Post Evacuate Collection Set: 1.5ms
[259.119s][info][gc,phases      ] GC(167)   Other: 0.2ms
[259.119s][info][gc,heap        ] GC(167) Eden regions: 1228->0(1223)
[259.119s][info][gc,heap        ] GC(167) Survivor regions: 0->5(154)
[259.119s][info][gc,heap        ] GC(167) Old regions: 4->4
[259.119s][info][gc,heap        ] GC(167) Archive regions: 0->0
[259.119s][info][gc,heap        ] GC(167) Humongous regions: 0->0
[259.119s][info][gc,metaspace   ] GC(167) Metaspace: 9092K(9344K)->9092K(9344K) NonClass: 7916K(8064K)->7916K(8064K) Class: 1175K(1280K)->1175K(1280K)
[259.119s][info][gc             ] GC(167) Pause Young (Normal) (G1 Evacuation Pause) 4915M->20M(8192M) 8.510ms
[259.119s][info][gc,cpu         ] GC(167) User=0.00s Sys=0.00s Real=0.01s
[260.180s][info][gc,start       ] GC(168) Pause Full (System.gc())
[260.180s][info][gc,task        ] GC(168) Using 6 workers of 6 for full compaction
[260.180s][info][gc,phases,start] GC(168) Phase 1: Mark live objects
[260.182s][info][gc,phases      ] GC(168) Phase 1: Mark live objects 1.867ms
[260.182s][info][gc,phases,start] GC(168) Phase 2: Prepare for compaction
[260.187s][info][gc,phases      ] GC(168) Phase 2: Prepare for compaction 4.843ms
[260.187s][info][gc,phases,start] GC(168) Phase 3: Adjust pointers
[260.189s][info][gc,phases      ] GC(168) Phase 3: Adjust pointers 1.749ms
[260.189s][info][gc,phases,start] GC(168) Phase 4: Compact heap
[260.190s][info][gc,phases      ] GC(168) Phase 4: Compact heap 1.375ms
[260.205s][info][gc,heap        ] GC(168) Eden regions: 473->0(1228)
[260.205s][info][gc,heap        ] GC(168) Survivor regions: 5->0(154)
[260.205s][info][gc,heap        ] GC(168) Old regions: 4->4
[260.205s][info][gc,heap        ] GC(168) Archive regions: 0->0
[260.205s][info][gc,heap        ] GC(168) Humongous regions: 0->0
[260.205s][info][gc,metaspace   ] GC(168) Metaspace: 9092K(9344K)->9092K(9344K) NonClass: 7916K(8064K)->7916K(8064K) Class: 1175K(1280K)->1175K(1280K)
[260.205s][info][gc             ] GC(168) Pause Full (System.gc()) 1912M->3M(8192M) 25.313ms
[260.205s][info][gc,cpu         ] GC(168) User=0.17s Sys=0.00s Real=0.03s
[262.223s][info][gc,start       ] GC(169) Pause Young (Normal) (G1 Evacuation Pause)
[262.223s][info][gc,task        ] GC(169) Using 6 workers of 6 for evacuation
[262.232s][info][gc,phases      ] GC(169)   Pre Evacuate Collection Set: 0.3ms
[262.232s][info][gc,phases      ] GC(169)   Merge Heap Roots: 0.2ms
[262.232s][info][gc,phases      ] GC(169)   Evacuate Collection Set: 6.4ms
[262.232s][info][gc,phases      ] GC(169)   Post Evacuate Collection Set: 1.6ms
[262.232s][info][gc,phases      ] GC(169)   Other: 0.3ms
[262.232s][info][gc,heap        ] GC(169) Eden regions: 1228->0(1223)
[262.232s][info][gc,heap        ] GC(169) Survivor regions: 0->5(154)
[262.232s][info][gc,heap        ] GC(169) Old regions: 4->4
[262.232s][info][gc,heap        ] GC(169) Archive regions: 0->0
[262.232s][info][gc,heap        ] GC(169) Humongous regions: 0->0
[262.232s][info][gc,metaspace   ] GC(169) Metaspace: 9092K(9344K)->9092K(9344K) NonClass: 7916K(8064K)->7916K(8064K) Class: 1175K(1280K)->1175K(1280K)
[262.232s][info][gc             ] GC(169) Pause Young (Normal) (G1 Evacuation Pause) 4915M->20M(8192M) 9.061ms
[262.232s][info][gc,cpu         ] GC(169) User=0.00s Sys=0.00s Real=0.01s
[263.295s][info][gc,start       ] GC(170) Pause Full (System.gc())
[263.295s][info][gc,task        ] GC(170) Using 6 workers of 6 for full compaction
[263.295s][info][gc,phases,start] GC(170) Phase 1: Mark live objects
[263.297s][info][gc,phases      ] GC(170) Phase 1: Mark live objects 1.855ms
[263.297s][info][gc,phases,start] GC(170) Phase 2: Prepare for compaction
[263.302s][info][gc,phases      ] GC(170) Phase 2: Prepare for compaction 4.846ms
[263.302s][info][gc,phases,start] GC(170) Phase 3: Adjust pointers
[263.304s][info][gc,phases      ] GC(170) Phase 3: Adjust pointers 1.746ms
[263.304s][info][gc,phases,start] GC(170) Phase 4: Compact heap
[263.305s][info][gc,phases      ] GC(170) Phase 4: Compact heap 1.414ms
[263.320s][info][gc,heap        ] GC(170) Eden regions: 473->0(1228)
[263.320s][info][gc,heap        ] GC(170) Survivor regions: 5->0(154)
[263.320s][info][gc,heap        ] GC(170) Old regions: 4->4
[263.320s][info][gc,heap        ] GC(170) Archive regions: 0->0
[263.320s][info][gc,heap        ] GC(170) Humongous regions: 0->0
[263.320s][info][gc,metaspace   ] GC(170) Metaspace: 9092K(9344K)->9092K(9344K) NonClass: 7916K(8064K)->7916K(8064K) Class: 1175K(1280K)->1175K(1280K)
[263.320s][info][gc             ] GC(170) Pause Full (System.gc()) 1912M->3M(8192M) 25.264ms
[263.320s][info][gc,cpu         ] GC(170) User=0.09s Sys=0.02s Real=0.02s
[265.341s][info][gc,start       ] GC(171) Pause Young (Normal) (G1 Evacuation Pause)
[265.341s][info][gc,task        ] GC(171) Using 6 workers of 6 for evacuation
[265.349s][info][gc,phases      ] GC(171)   Pre Evacuate Collection Set: 0.3ms
[265.349s][info][gc,phases      ] GC(171)   Merge Heap Roots: 0.2ms
[265.349s][info][gc,phases      ] GC(171)   Evacuate Collection Set: 6.1ms
[265.349s][info][gc,phases      ] GC(171)   Post Evacuate Collection Set: 1.6ms
[265.349s][info][gc,phases      ] GC(171)   Other: 0.3ms
[265.349s][info][gc,heap        ] GC(171) Eden regions: 1228->0(1224)
[265.349s][info][gc,heap        ] GC(171) Survivor regions: 0->4(154)
[265.349s][info][gc,heap        ] GC(171) Old regions: 4->4
[265.349s][info][gc,heap        ] GC(171) Archive regions: 0->0
[265.349s][info][gc,heap        ] GC(171) Humongous regions: 0->0
[265.349s][info][gc,metaspace   ] GC(171) Metaspace: 9092K(9344K)->9092K(9344K) NonClass: 7916K(8064K)->7916K(8064K) Class: 1175K(1280K)->1175K(1280K)
[265.349s][info][gc             ] GC(171) Pause Young (Normal) (G1 Evacuation Pause) 4915M->19M(8192M) 8.767ms
[265.349s][info][gc,cpu         ] GC(171) User=0.09s Sys=0.00s Real=0.01s
[266.410s][info][gc,start       ] GC(172) Pause Full (System.gc())
[266.410s][info][gc,task        ] GC(172) Using 6 workers of 6 for full compaction
[266.410s][info][gc,phases,start] GC(172) Phase 1: Mark live objects
[266.412s][info][gc,phases      ] GC(172) Phase 1: Mark live objects 2.089ms
[266.412s][info][gc,phases,start] GC(172) Phase 2: Prepare for compaction
[266.417s][info][gc,phases      ] GC(172) Phase 2: Prepare for compaction 4.875ms
[266.417s][info][gc,phases,start] GC(172) Phase 3: Adjust pointers
[266.419s][info][gc,phases      ] GC(172) Phase 3: Adjust pointers 2.159ms
[266.419s][info][gc,phases,start] GC(172) Phase 4: Compact heap
[266.421s][info][gc,phases      ] GC(172) Phase 4: Compact heap 1.992ms
[266.437s][info][gc,heap        ] GC(172) Eden regions: 473->0(1228)
[266.437s][info][gc,heap        ] GC(172) Survivor regions: 4->0(154)
[266.437s][info][gc,heap        ] GC(172) Old regions: 4->4
[266.437s][info][gc,heap        ] GC(172) Archive regions: 0->0
[266.437s][info][gc,heap        ] GC(172) Humongous regions: 0->0
[266.437s][info][gc,metaspace   ] GC(172) Metaspace: 9099K(9344K)->9099K(9344K) NonClass: 7923K(8064K)->7923K(8064K) Class: 1175K(1280K)->1175K(1280K)
[266.437s][info][gc             ] GC(172) Pause Full (System.gc()) 1911M->3M(8192M) 27.849ms
[266.437s][info][gc,cpu         ] GC(172) User=0.09s Sys=0.00s Real=0.03s
[268.450s][info][gc,start       ] GC(173) Pause Young (Normal) (G1 Evacuation Pause)
[268.450s][info][gc,task        ] GC(173) Using 6 workers of 6 for evacuation
[268.459s][info][gc,phases      ] GC(173)   Pre Evacuate Collection Set: 0.3ms
[268.459s][info][gc,phases      ] GC(173)   Merge Heap Roots: 0.3ms
[268.459s][info][gc,phases      ] GC(173)   Evacuate Collection Set: 6.4ms
[268.459s][info][gc,phases      ] GC(173)   Post Evacuate Collection Set: 1.5ms
[268.459s][info][gc,phases      ] GC(173)   Other: 0.3ms
[268.459s][info][gc,heap        ] GC(173) Eden regions: 1228->0(1223)
[268.459s][info][gc,heap        ] GC(173) Survivor regions: 0->5(154)
[268.459s][info][gc,heap        ] GC(173) Old regions: 4->4
[268.459s][info][gc,heap        ] GC(173) Archive regions: 0->0
[268.459s][info][gc,heap        ] GC(173) Humongous regions: 0->0
[268.459s][info][gc,metaspace   ] GC(173) Metaspace: 9100K(9344K)->9100K(9344K) NonClass: 7924K(8064K)->7924K(8064K) Class: 1175K(1280K)->1175K(1280K)
[268.459s][info][gc             ] GC(173) Pause Young (Normal) (G1 Evacuation Pause) 4915M->20M(8192M) 8.971ms
[268.459s][info][gc,cpu         ] GC(173) User=0.06s Sys=0.00s Real=0.01s
[269.520s][info][gc,start       ] GC(174) Pause Full (System.gc())
[269.520s][info][gc,task        ] GC(174) Using 6 workers of 6 for full compaction
[269.520s][info][gc,phases,start] GC(174) Phase 1: Mark live objects
[269.522s][info][gc,phases      ] GC(174) Phase 1: Mark live objects 1.841ms
[269.522s][info][gc,phases,start] GC(174) Phase 2: Prepare for compaction
[269.527s][info][gc,phases      ] GC(174) Phase 2: Prepare for compaction 4.812ms
[269.527s][info][gc,phases,start] GC(174) Phase 3: Adjust pointers
[269.529s][info][gc,phases      ] GC(174) Phase 3: Adjust pointers 2.153ms
[269.529s][info][gc,phases,start] GC(174) Phase 4: Compact heap
[269.531s][info][gc,phases      ] GC(174) Phase 4: Compact heap 1.367ms
[269.546s][info][gc,heap        ] GC(174) Eden regions: 473->0(1228)
[269.546s][info][gc,heap        ] GC(174) Survivor regions: 5->0(154)
[269.546s][info][gc,heap        ] GC(174) Old regions: 4->5
[269.546s][info][gc,heap        ] GC(174) Archive regions: 0->0
[269.546s][info][gc,heap        ] GC(174) Humongous regions: 0->0
[269.546s][info][gc,metaspace   ] GC(174) Metaspace: 9100K(9344K)->9100K(9344K) NonClass: 7924K(8064K)->7924K(8064K) Class: 1175K(1280K)->1175K(1280K)
[269.546s][info][gc             ] GC(174) Pause Full (System.gc()) 1912M->3M(8192M) 25.751ms
[269.546s][info][gc,cpu         ] GC(174) User=0.09s Sys=0.00s Real=0.03s
[271.561s][info][gc,start       ] GC(175) Pause Young (Normal) (G1 Evacuation Pause)
[271.561s][info][gc,task        ] GC(175) Using 6 workers of 6 for evacuation
[271.569s][info][gc,phases      ] GC(175)   Pre Evacuate Collection Set: 0.2ms
[271.569s][info][gc,phases      ] GC(175)   Merge Heap Roots: 0.2ms
[271.569s][info][gc,phases      ] GC(175)   Evacuate Collection Set: 6.1ms
[271.569s][info][gc,phases      ] GC(175)   Post Evacuate Collection Set: 1.6ms
[271.569s][info][gc,phases      ] GC(175)   Other: 0.2ms
[271.569s][info][gc,heap        ] GC(175) Eden regions: 1228->0(1223)
[271.569s][info][gc,heap        ] GC(175) Survivor regions: 0->5(154)
[271.569s][info][gc,heap        ] GC(175) Old regions: 5->5
[271.570s][info][gc,heap        ] GC(175) Archive regions: 0->0
[271.570s][info][gc,heap        ] GC(175) Humongous regions: 0->0
[271.570s][info][gc,metaspace   ] GC(175) Metaspace: 9100K(9344K)->9100K(9344K) NonClass: 7924K(8064K)->7924K(8064K) Class: 1175K(1280K)->1175K(1280K)
[271.570s][info][gc             ] GC(175) Pause Young (Normal) (G1 Evacuation Pause) 4915M->20M(8192M) 8.444ms
[271.570s][info][gc,cpu         ] GC(175) User=0.00s Sys=0.00s Real=0.01s
[272.630s][info][gc,start       ] GC(176) Pause Full (System.gc())
[272.630s][info][gc,task        ] GC(176) Using 6 workers of 6 for full compaction
[272.630s][info][gc,phases,start] GC(176) Phase 1: Mark live objects
[272.632s][info][gc,phases      ] GC(176) Phase 1: Mark live objects 1.857ms
[272.632s][info][gc,phases,start] GC(176) Phase 2: Prepare for compaction
[272.637s][info][gc,phases      ] GC(176) Phase 2: Prepare for compaction 4.872ms
[272.637s][info][gc,phases,start] GC(176) Phase 3: Adjust pointers
[272.639s][info][gc,phases      ] GC(176) Phase 3: Adjust pointers 1.750ms
[272.639s][info][gc,phases,start] GC(176) Phase 4: Compact heap
[272.640s][info][gc,phases      ] GC(176) Phase 4: Compact heap 1.388ms
[272.655s][info][gc,heap        ] GC(176) Eden regions: 473->0(1228)
[272.655s][info][gc,heap        ] GC(176) Survivor regions: 5->0(154)
[272.655s][info][gc,heap        ] GC(176) Old regions: 5->5
[272.655s][info][gc,heap        ] GC(176) Archive regions: 0->0
[272.655s][info][gc,heap        ] GC(176) Humongous regions: 0->0
[272.655s][info][gc,metaspace   ] GC(176) Metaspace: 9100K(9344K)->9100K(9344K) NonClass: 7924K(8064K)->7924K(8064K) Class: 1175K(1280K)->1175K(1280K)
[272.655s][info][gc             ] GC(176) Pause Full (System.gc()) 1912M->3M(8192M) 25.640ms
[272.655s][info][gc,cpu         ] GC(176) User=0.09s Sys=0.00s Real=0.03s
[274.669s][info][gc,start       ] GC(177) Pause Young (Normal) (G1 Evacuation Pause)
[274.669s][info][gc,task        ] GC(177) Using 6 workers of 6 for evacuation
[274.677s][info][gc,phases      ] GC(177)   Pre Evacuate Collection Set: 0.4ms
[274.677s][info][gc,phases      ] GC(177)   Merge Heap Roots: 0.2ms
[274.677s][info][gc,phases      ] GC(177)   Evacuate Collection Set: 6.1ms
[274.677s][info][gc,phases      ] GC(177)   Post Evacuate Collection Set: 1.5ms
[274.677s][info][gc,phases      ] GC(177)   Other: 0.3ms
[274.678s][info][gc,heap        ] GC(177) Eden regions: 1228->0(1223)
[274.678s][info][gc,heap        ] GC(177) Survivor regions: 0->5(154)
[274.678s][info][gc,heap        ] GC(177) Old regions: 5->5
[274.678s][info][gc,heap        ] GC(177) Archive regions: 0->0
[274.678s][info][gc,heap        ] GC(177) Humongous regions: 0->0
[274.678s][info][gc,metaspace   ] GC(177) Metaspace: 9100K(9344K)->9100K(9344K) NonClass: 7924K(8064K)->7924K(8064K) Class: 1175K(1280K)->1175K(1280K)
[274.678s][info][gc             ] GC(177) Pause Young (Normal) (G1 Evacuation Pause) 4915M->20M(8192M) 8.697ms
[274.678s][info][gc,cpu         ] GC(177) User=0.09s Sys=0.00s Real=0.01s
[275.742s][info][gc,start       ] GC(178) Pause Full (System.gc())
[275.743s][info][gc,task        ] GC(178) Using 6 workers of 6 for full compaction
[275.743s][info][gc,phases,start] GC(178) Phase 1: Mark live objects
[275.745s][info][gc,phases      ] GC(178) Phase 1: Mark live objects 1.861ms
[275.745s][info][gc,phases,start] GC(178) Phase 2: Prepare for compaction
[275.750s][info][gc,phases      ] GC(178) Phase 2: Prepare for compaction 4.985ms
[275.750s][info][gc,phases,start] GC(178) Phase 3: Adjust pointers
[275.752s][info][gc,phases      ] GC(178) Phase 3: Adjust pointers 1.752ms
[275.752s][info][gc,phases,start] GC(178) Phase 4: Compact heap
[275.753s][info][gc,phases      ] GC(178) Phase 4: Compact heap 1.745ms
[275.769s][info][gc,heap        ] GC(178) Eden regions: 473->0(1228)
[275.769s][info][gc,heap        ] GC(178) Survivor regions: 5->0(154)
[275.769s][info][gc,heap        ] GC(178) Old regions: 5->4
[275.769s][info][gc,heap        ] GC(178) Archive regions: 0->0
[275.769s][info][gc,heap        ] GC(178) Humongous regions: 0->0
[275.769s][info][gc,metaspace   ] GC(178) Metaspace: 9100K(9344K)->9100K(9344K) NonClass: 7924K(8064K)->7924K(8064K) Class: 1175K(1280K)->1175K(1280K)
[275.769s][info][gc             ] GC(178) Pause Full (System.gc()) 1912M->3M(8192M) 26.551ms
[275.769s][info][gc,cpu         ] GC(178) User=0.17s Sys=0.00s Real=0.03s
[277.784s][info][gc,start       ] GC(179) Pause Young (Normal) (G1 Evacuation Pause)
[277.785s][info][gc,task        ] GC(179) Using 6 workers of 6 for evacuation
[277.793s][info][gc,phases      ] GC(179)   Pre Evacuate Collection Set: 0.3ms
[277.793s][info][gc,phases      ] GC(179)   Merge Heap Roots: 0.3ms
[277.793s][info][gc,phases      ] GC(179)   Evacuate Collection Set: 6.3ms
[277.793s][info][gc,phases      ] GC(179)   Post Evacuate Collection Set: 1.6ms
[277.793s][info][gc,phases      ] GC(179)   Other: 0.3ms
[277.793s][info][gc,heap        ] GC(179) Eden regions: 1228->0(1223)
[277.793s][info][gc,heap        ] GC(179) Survivor regions: 0->5(154)
[277.793s][info][gc,heap        ] GC(179) Old regions: 4->4
[277.793s][info][gc,heap        ] GC(179) Archive regions: 0->0
[277.793s][info][gc,heap        ] GC(179) Humongous regions: 0->0
[277.793s][info][gc,metaspace   ] GC(179) Metaspace: 9100K(9344K)->9100K(9344K) NonClass: 7924K(8064K)->7924K(8064K) Class: 1175K(1280K)->1175K(1280K)
[277.793s][info][gc             ] GC(179) Pause Young (Normal) (G1 Evacuation Pause) 4915M->20M(8192M) 8.889ms
[277.793s][info][gc,cpu         ] GC(179) User=0.00s Sys=0.00s Real=0.01s
[278.857s][info][gc,start       ] GC(180) Pause Full (System.gc())
[278.857s][info][gc,task        ] GC(180) Using 6 workers of 6 for full compaction
[278.857s][info][gc,phases,start] GC(180) Phase 1: Mark live objects
[278.859s][info][gc,phases      ] GC(180) Phase 1: Mark live objects 1.916ms
[278.859s][info][gc,phases,start] GC(180) Phase 2: Prepare for compaction
[278.864s][info][gc,phases      ] GC(180) Phase 2: Prepare for compaction 5.057ms
[278.864s][info][gc,phases,start] GC(180) Phase 3: Adjust pointers
[278.866s][info][gc,phases      ] GC(180) Phase 3: Adjust pointers 1.774ms
[278.866s][info][gc,phases,start] GC(180) Phase 4: Compact heap
[278.868s][info][gc,phases      ] GC(180) Phase 4: Compact heap 1.824ms
[278.884s][info][gc,heap        ] GC(180) Eden regions: 473->0(1228)
[278.884s][info][gc,heap        ] GC(180) Survivor regions: 5->0(154)
[278.884s][info][gc,heap        ] GC(180) Old regions: 4->4
[278.884s][info][gc,heap        ] GC(180) Archive regions: 0->0
[278.884s][info][gc,heap        ] GC(180) Humongous regions: 0->0
[278.884s][info][gc,metaspace   ] GC(180) Metaspace: 9100K(9344K)->9100K(9344K) NonClass: 7924K(8064K)->7924K(8064K) Class: 1175K(1280K)->1175K(1280K)
[278.884s][info][gc             ] GC(180) Pause Full (System.gc()) 1912M->3M(8192M) 27.064ms
[278.884s][info][gc,cpu         ] GC(180) User=0.19s Sys=0.00s Real=0.03s
[280.903s][info][gc,start       ] GC(181) Pause Young (Normal) (G1 Evacuation Pause)
[280.903s][info][gc,task        ] GC(181) Using 6 workers of 6 for evacuation
[280.912s][info][gc,phases      ] GC(181)   Pre Evacuate Collection Set: 0.2ms
[280.912s][info][gc,phases      ] GC(181)   Merge Heap Roots: 0.2ms
[280.912s][info][gc,phases      ] GC(181)   Evacuate Collection Set: 6.1ms
[280.912s][info][gc,phases      ] GC(181)   Post Evacuate Collection Set: 1.6ms
[280.912s][info][gc,phases      ] GC(181)   Other: 0.3ms
[280.912s][info][gc,heap        ] GC(181) Eden regions: 1228->0(1223)
[280.912s][info][gc,heap        ] GC(181) Survivor regions: 0->5(154)
[280.912s][info][gc,heap        ] GC(181) Old regions: 4->4
[280.912s][info][gc,heap        ] GC(181) Archive regions: 0->0
[280.912s][info][gc,heap        ] GC(181) Humongous regions: 0->0
[280.912s][info][gc,metaspace   ] GC(181) Metaspace: 9101K(9344K)->9101K(9344K) NonClass: 7925K(8064K)->7925K(8064K) Class: 1175K(1280K)->1175K(1280K)
[280.912s][info][gc             ] GC(181) Pause Young (Normal) (G1 Evacuation Pause) 4915M->20M(8192M) 8.561ms
[280.912s][info][gc,cpu         ] GC(181) User=0.09s Sys=0.00s Real=0.01s
[281.973s][info][gc,start       ] GC(182) Pause Full (System.gc())
[281.973s][info][gc,task        ] GC(182) Using 6 workers of 6 for full compaction
[281.973s][info][gc,phases,start] GC(182) Phase 1: Mark live objects
[281.975s][info][gc,phases      ] GC(182) Phase 1: Mark live objects 1.907ms
[281.975s][info][gc,phases,start] GC(182) Phase 2: Prepare for compaction
[281.980s][info][gc,phases      ] GC(182) Phase 2: Prepare for compaction 4.808ms
[281.980s][info][gc,phases,start] GC(182) Phase 3: Adjust pointers
[281.982s][info][gc,phases      ] GC(182) Phase 3: Adjust pointers 1.762ms
[281.982s][info][gc,phases,start] GC(182) Phase 4: Compact heap
[281.983s][info][gc,phases      ] GC(182) Phase 4: Compact heap 1.413ms
[281.998s][info][gc,heap        ] GC(182) Eden regions: 473->0(1228)
[281.998s][info][gc,heap        ] GC(182) Survivor regions: 5->0(154)
[281.998s][info][gc,heap        ] GC(182) Old regions: 4->4
[281.998s][info][gc,heap        ] GC(182) Archive regions: 0->0
[281.999s][info][gc,heap        ] GC(182) Humongous regions: 0->0
[281.999s][info][gc,metaspace   ] GC(182) Metaspace: 9101K(9344K)->9101K(9344K) NonClass: 7925K(8064K)->7925K(8064K) Class: 1175K(1280K)->1175K(1280K)
[281.999s][info][gc             ] GC(182) Pause Full (System.gc()) 1912M->3M(8192M) 25.495ms
[281.999s][info][gc,cpu         ] GC(182) User=0.09s Sys=0.00s Real=0.02s
[284.013s][info][gc,start       ] GC(183) Pause Young (Normal) (G1 Evacuation Pause)
[284.013s][info][gc,task        ] GC(183) Using 6 workers of 6 for evacuation
[284.021s][info][gc,phases      ] GC(183)   Pre Evacuate Collection Set: 0.2ms
[284.021s][info][gc,phases      ] GC(183)   Merge Heap Roots: 0.2ms
[284.021s][info][gc,phases      ] GC(183)   Evacuate Collection Set: 6.2ms
[284.021s][info][gc,phases      ] GC(183)   Post Evacuate Collection Set: 1.5ms
[284.021s][info][gc,phases      ] GC(183)   Other: 0.2ms
[284.021s][info][gc,heap        ] GC(183) Eden regions: 1228->0(1223)
[284.021s][info][gc,heap        ] GC(183) Survivor regions: 0->5(154)
[284.021s][info][gc,heap        ] GC(183) Old regions: 4->4
[284.021s][info][gc,heap        ] GC(183) Archive regions: 0->0
[284.021s][info][gc,heap        ] GC(183) Humongous regions: 0->0
[284.021s][info][gc,metaspace   ] GC(183) Metaspace: 9102K(9344K)->9102K(9344K) NonClass: 7926K(8064K)->7926K(8064K) Class: 1175K(1280K)->1175K(1280K)
[284.021s][info][gc             ] GC(183) Pause Young (Normal) (G1 Evacuation Pause) 4915M->20M(8192M) 8.494ms
[284.021s][info][gc,cpu         ] GC(183) User=0.09s Sys=0.00s Real=0.01s
[285.083s][info][gc,start       ] GC(184) Pause Full (System.gc())
[285.083s][info][gc,task        ] GC(184) Using 6 workers of 6 for full compaction
[285.083s][info][gc,phases,start] GC(184) Phase 1: Mark live objects
[285.085s][info][gc,phases      ] GC(184) Phase 1: Mark live objects 1.970ms
[285.085s][info][gc,phases,start] GC(184) Phase 2: Prepare for compaction
[285.091s][info][gc,phases      ] GC(184) Phase 2: Prepare for compaction 5.180ms
[285.091s][info][gc,phases,start] GC(184) Phase 3: Adjust pointers
[285.093s][info][gc,phases      ] GC(184) Phase 3: Adjust pointers 1.772ms
[285.093s][info][gc,phases,start] GC(184) Phase 4: Compact heap
[285.094s][info][gc,phases      ] GC(184) Phase 4: Compact heap 1.775ms
[285.109s][info][gc,heap        ] GC(184) Eden regions: 473->0(1228)
[285.109s][info][gc,heap        ] GC(184) Survivor regions: 5->0(154)
[285.109s][info][gc,heap        ] GC(184) Old regions: 4->4
[285.109s][info][gc,heap        ] GC(184) Archive regions: 0->0
[285.109s][info][gc,heap        ] GC(184) Humongous regions: 0->0
[285.109s][info][gc,metaspace   ] GC(184) Metaspace: 9102K(9344K)->9102K(9344K) NonClass: 7926K(8064K)->7926K(8064K) Class: 1175K(1280K)->1175K(1280K)
[285.109s][info][gc             ] GC(184) Pause Full (System.gc()) 1912M->3M(8192M) 26.435ms
[285.110s][info][gc,cpu         ] GC(184) User=0.12s Sys=0.00s Real=0.03s
[287.126s][info][gc,start       ] GC(185) Pause Young (Normal) (G1 Evacuation Pause)
[287.126s][info][gc,task        ] GC(185) Using 6 workers of 6 for evacuation
[287.134s][info][gc,phases      ] GC(185)   Pre Evacuate Collection Set: 0.2ms
[287.134s][info][gc,phases      ] GC(185)   Merge Heap Roots: 0.2ms
[287.134s][info][gc,phases      ] GC(185)   Evacuate Collection Set: 6.2ms
[287.134s][info][gc,phases      ] GC(185)   Post Evacuate Collection Set: 1.7ms
[287.134s][info][gc,phases      ] GC(185)   Other: 0.2ms
[287.134s][info][gc,heap        ] GC(185) Eden regions: 1228->0(1223)
[287.134s][info][gc,heap        ] GC(185) Survivor regions: 0->5(154)
[287.134s][info][gc,heap        ] GC(185) Old regions: 4->4
[287.134s][info][gc,heap        ] GC(185) Archive regions: 0->0
[287.134s][info][gc,heap        ] GC(185) Humongous regions: 0->0
[287.134s][info][gc,metaspace   ] GC(185) Metaspace: 9102K(9344K)->9102K(9344K) NonClass: 7926K(8064K)->7926K(8064K) Class: 1175K(1280K)->1175K(1280K)
[287.134s][info][gc             ] GC(185) Pause Young (Normal) (G1 Evacuation Pause) 4915M->20M(8192M) 8.654ms
[287.134s][info][gc,cpu         ] GC(185) User=0.00s Sys=0.00s Real=0.02s
[288.196s][info][gc,start       ] GC(186) Pause Full (System.gc())
[288.196s][info][gc,task        ] GC(186) Using 6 workers of 6 for full compaction
[288.197s][info][gc,phases,start] GC(186) Phase 1: Mark live objects
[288.199s][info][gc,phases      ] GC(186) Phase 1: Mark live objects 1.817ms
[288.199s][info][gc,phases,start] GC(186) Phase 2: Prepare for compaction
[288.204s][info][gc,phases      ] GC(186) Phase 2: Prepare for compaction 5.012ms
[288.204s][info][gc,phases,start] GC(186) Phase 3: Adjust pointers
[288.206s][info][gc,phases      ] GC(186) Phase 3: Adjust pointers 1.869ms
[288.206s][info][gc,phases,start] GC(186) Phase 4: Compact heap
[288.207s][info][gc,phases      ] GC(186) Phase 4: Compact heap 1.765ms
[288.223s][info][gc,heap        ] GC(186) Eden regions: 473->0(1228)
[288.223s][info][gc,heap        ] GC(186) Survivor regions: 5->0(154)
[288.223s][info][gc,heap        ] GC(186) Old regions: 4->4
[288.223s][info][gc,heap        ] GC(186) Archive regions: 0->0
[288.223s][info][gc,heap        ] GC(186) Humongous regions: 0->0
[288.223s][info][gc,metaspace   ] GC(186) Metaspace: 9102K(9344K)->9102K(9344K) NonClass: 7926K(8064K)->7926K(8064K) Class: 1175K(1280K)->1175K(1280K)
[288.223s][info][gc             ] GC(186) Pause Full (System.gc()) 1912M->3M(8192M) 26.229ms
[288.223s][info][gc,cpu         ] GC(186) User=0.17s Sys=0.00s Real=0.03s
[290.236s][info][gc,start       ] GC(187) Pause Young (Normal) (G1 Evacuation Pause)
[290.236s][info][gc,task        ] GC(187) Using 6 workers of 6 for evacuation
[290.245s][info][gc,phases      ] GC(187)   Pre Evacuate Collection Set: 0.4ms
[290.245s][info][gc,phases      ] GC(187)   Merge Heap Roots: 0.2ms
[290.245s][info][gc,phases      ] GC(187)   Evacuate Collection Set: 6.3ms
[290.245s][info][gc,phases      ] GC(187)   Post Evacuate Collection Set: 1.6ms
[290.245s][info][gc,phases      ] GC(187)   Other: 0.2ms
[290.245s][info][gc,heap        ] GC(187) Eden regions: 1228->0(1223)
[290.245s][info][gc,heap        ] GC(187) Survivor regions: 0->5(154)
[290.245s][info][gc,heap        ] GC(187) Old regions: 4->4
[290.245s][info][gc,heap        ] GC(187) Archive regions: 0->0
[290.245s][info][gc,heap        ] GC(187) Humongous regions: 0->0
[290.245s][info][gc,metaspace   ] GC(187) Metaspace: 9102K(9344K)->9102K(9344K) NonClass: 7926K(8064K)->7926K(8064K) Class: 1175K(1280K)->1175K(1280K)
[290.245s][info][gc             ] GC(187) Pause Young (Normal) (G1 Evacuation Pause) 4915M->20M(8192M) 8.867ms
[290.245s][info][gc,cpu         ] GC(187) User=0.00s Sys=0.00s Real=0.01s
[291.306s][info][gc,start       ] GC(188) Pause Full (System.gc())
[291.307s][info][gc,task        ] GC(188) Using 6 workers of 6 for full compaction
[291.307s][info][gc,phases,start] GC(188) Phase 1: Mark live objects
[291.309s][info][gc,phases      ] GC(188) Phase 1: Mark live objects 2.076ms
[291.309s][info][gc,phases,start] GC(188) Phase 2: Prepare for compaction
[291.314s][info][gc,phases      ] GC(188) Phase 2: Prepare for compaction 4.870ms
[291.314s][info][gc,phases,start] GC(188) Phase 3: Adjust pointers
[291.316s][info][gc,phases      ] GC(188) Phase 3: Adjust pointers 1.803ms
[291.316s][info][gc,phases,start] GC(188) Phase 4: Compact heap
[291.318s][info][gc,phases      ] GC(188) Phase 4: Compact heap 1.720ms
[291.333s][info][gc,heap        ] GC(188) Eden regions: 473->0(1228)
[291.333s][info][gc,heap        ] GC(188) Survivor regions: 5->0(154)
[291.333s][info][gc,heap        ] GC(188) Old regions: 4->5
[291.333s][info][gc,heap        ] GC(188) Archive regions: 0->0
[291.333s][info][gc,heap        ] GC(188) Humongous regions: 0->0
[291.333s][info][gc,metaspace   ] GC(188) Metaspace: 9102K(9344K)->9102K(9344K) NonClass: 7926K(8064K)->7926K(8064K) Class: 1175K(1280K)->1175K(1280K)
[291.333s][info][gc             ] GC(188) Pause Full (System.gc()) 1912M->3M(8192M) 26.626ms
[291.333s][info][gc,cpu         ] GC(188) User=0.17s Sys=0.00s Real=0.03s
[293.350s][info][gc,start       ] GC(189) Pause Young (Normal) (G1 Evacuation Pause)
[293.350s][info][gc,task        ] GC(189) Using 6 workers of 6 for evacuation
[293.359s][info][gc,phases      ] GC(189)   Pre Evacuate Collection Set: 0.5ms
[293.359s][info][gc,phases      ] GC(189)   Merge Heap Roots: 0.3ms
[293.359s][info][gc,phases      ] GC(189)   Evacuate Collection Set: 6.2ms
[293.359s][info][gc,phases      ] GC(189)   Post Evacuate Collection Set: 1.5ms
[293.359s][info][gc,phases      ] GC(189)   Other: 0.2ms
[293.359s][info][gc,heap        ] GC(189) Eden regions: 1228->0(1223)
[293.359s][info][gc,heap        ] GC(189) Survivor regions: 0->5(154)
[293.359s][info][gc,heap        ] GC(189) Old regions: 5->5
[293.359s][info][gc,heap        ] GC(189) Archive regions: 0->0
[293.359s][info][gc,heap        ] GC(189) Humongous regions: 0->0
[293.359s][info][gc,metaspace   ] GC(189) Metaspace: 9102K(9344K)->9102K(9344K) NonClass: 7926K(8064K)->7926K(8064K) Class: 1175K(1280K)->1175K(1280K)
[293.359s][info][gc             ] GC(189) Pause Young (Normal) (G1 Evacuation Pause) 4915M->20M(8192M) 8.848ms
[293.359s][info][gc,cpu         ] GC(189) User=0.09s Sys=0.00s Real=0.01s
[294.423s][info][gc,start       ] GC(190) Pause Full (System.gc())
[294.423s][info][gc,task        ] GC(190) Using 6 workers of 6 for full compaction
[294.424s][info][gc,phases,start] GC(190) Phase 1: Mark live objects
[294.425s][info][gc,phases      ] GC(190) Phase 1: Mark live objects 1.761ms
[294.425s][info][gc,phases,start] GC(190) Phase 2: Prepare for compaction
[294.430s][info][gc,phases      ] GC(190) Phase 2: Prepare for compaction 5.019ms
[294.431s][info][gc,phases,start] GC(190) Phase 3: Adjust pointers
[294.433s][info][gc,phases      ] GC(190) Phase 3: Adjust pointers 2.096ms
[294.433s][info][gc,phases,start] GC(190) Phase 4: Compact heap
[294.434s][info][gc,phases      ] GC(190) Phase 4: Compact heap 1.644ms
[294.449s][info][gc,heap        ] GC(190) Eden regions: 473->0(1228)
[294.449s][info][gc,heap        ] GC(190) Survivor regions: 5->0(154)
[294.449s][info][gc,heap        ] GC(190) Old regions: 5->4
[294.449s][info][gc,heap        ] GC(190) Archive regions: 0->0
[294.449s][info][gc,heap        ] GC(190) Humongous regions: 0->0
[294.449s][info][gc,metaspace   ] GC(190) Metaspace: 9102K(9344K)->9102K(9344K) NonClass: 7926K(8064K)->7926K(8064K) Class: 1175K(1280K)->1175K(1280K)
[294.449s][info][gc             ] GC(190) Pause Full (System.gc()) 1912M->3M(8192M) 26.287ms
[294.449s][info][gc,cpu         ] GC(190) User=0.09s Sys=0.00s Real=0.03s
[296.465s][info][gc,start       ] GC(191) Pause Young (Normal) (G1 Evacuation Pause)
[296.465s][info][gc,task        ] GC(191) Using 6 workers of 6 for evacuation
[296.473s][info][gc,phases      ] GC(191)   Pre Evacuate Collection Set: 0.2ms
[296.473s][info][gc,phases      ] GC(191)   Merge Heap Roots: 0.2ms
[296.473s][info][gc,phases      ] GC(191)   Evacuate Collection Set: 6.3ms
[296.473s][info][gc,phases      ] GC(191)   Post Evacuate Collection Set: 1.5ms
[296.473s][info][gc,phases      ] GC(191)   Other: 0.2ms
[296.473s][info][gc,heap        ] GC(191) Eden regions: 1228->0(1223)
[296.473s][info][gc,heap        ] GC(191) Survivor regions: 0->5(154)
[296.473s][info][gc,heap        ] GC(191) Old regions: 4->4
[296.473s][info][gc,heap        ] GC(191) Archive regions: 0->0
[296.473s][info][gc,heap        ] GC(191) Humongous regions: 0->0
[296.473s][info][gc,metaspace   ] GC(191) Metaspace: 9102K(9344K)->9102K(9344K) NonClass: 7926K(8064K)->7926K(8064K) Class: 1175K(1280K)->1175K(1280K)
[296.473s][info][gc             ] GC(191) Pause Young (Normal) (G1 Evacuation Pause) 4915M->20M(8192M) 8.571ms
[296.473s][info][gc,cpu         ] GC(191) User=0.09s Sys=0.00s Real=0.01s
[297.537s][info][gc,start       ] GC(192) Pause Full (System.gc())
[297.537s][info][gc,task        ] GC(192) Using 6 workers of 6 for full compaction
[297.537s][info][gc,phases,start] GC(192) Phase 1: Mark live objects
[297.539s][info][gc,phases      ] GC(192) Phase 1: Mark live objects 1.975ms
[297.539s][info][gc,phases,start] GC(192) Phase 2: Prepare for compaction
[297.544s][info][gc,phases      ] GC(192) Phase 2: Prepare for compaction 4.892ms
[297.544s][info][gc,phases,start] GC(192) Phase 3: Adjust pointers
[297.546s][info][gc,phases      ] GC(192) Phase 3: Adjust pointers 2.106ms
[297.546s][info][gc,phases,start] GC(192) Phase 4: Compact heap
[297.548s][info][gc,phases      ] GC(192) Phase 4: Compact heap 1.885ms
[297.563s][info][gc,heap        ] GC(192) Eden regions: 473->0(1228)
[297.563s][info][gc,heap        ] GC(192) Survivor regions: 5->0(154)
[297.563s][info][gc,heap        ] GC(192) Old regions: 4->5
[297.563s][info][gc,heap        ] GC(192) Archive regions: 0->0
[297.563s][info][gc,heap        ] GC(192) Humongous regions: 0->0
[297.563s][info][gc,metaspace   ] GC(192) Metaspace: 9102K(9344K)->9102K(9344K) NonClass: 7926K(8064K)->7926K(8064K) Class: 1175K(1280K)->1175K(1280K)
[297.563s][info][gc             ] GC(192) Pause Full (System.gc()) 1912M->3M(8192M) 26.558ms
[297.563s][info][gc,cpu         ] GC(192) User=0.14s Sys=0.00s Real=0.04s
[299.589s][info][gc,start       ] GC(193) Pause Young (Normal) (G1 Evacuation Pause)
[299.589s][info][gc,task        ] GC(193) Using 6 workers of 6 for evacuation
[299.598s][info][gc,phases      ] GC(193)   Pre Evacuate Collection Set: 0.3ms
[299.598s][info][gc,phases      ] GC(193)   Merge Heap Roots: 0.2ms
[299.598s][info][gc,phases      ] GC(193)   Evacuate Collection Set: 6.2ms
[299.598s][info][gc,phases      ] GC(193)   Post Evacuate Collection Set: 1.6ms
[299.598s][info][gc,phases      ] GC(193)   Other: 0.2ms
[299.598s][info][gc,heap        ] GC(193) Eden regions: 1228->0(1223)
[299.598s][info][gc,heap        ] GC(193) Survivor regions: 0->5(154)
[299.598s][info][gc,heap        ] GC(193) Old regions: 5->5
[299.598s][info][gc,heap        ] GC(193) Archive regions: 0->0
[299.598s][info][gc,heap        ] GC(193) Humongous regions: 0->0
[299.598s][info][gc,metaspace   ] GC(193) Metaspace: 9102K(9344K)->9102K(9344K) NonClass: 7926K(8064K)->7926K(8064K) Class: 1175K(1280K)->1175K(1280K)
[299.598s][info][gc             ] GC(193) Pause Young (Normal) (G1 Evacuation Pause) 4915M->20M(8192M) 8.634ms
[299.598s][info][gc,cpu         ] GC(193) User=0.09s Sys=0.00s Real=0.00s
[300.658s][info][gc,start       ] GC(194) Pause Full (System.gc())
[300.658s][info][gc,task        ] GC(194) Using 6 workers of 6 for full compaction
[300.658s][info][gc,phases,start] GC(194) Phase 1: Mark live objects
[300.660s][info][gc,phases      ] GC(194) Phase 1: Mark live objects 1.883ms
[300.660s][info][gc,phases,start] GC(194) Phase 2: Prepare for compaction
[300.665s][info][gc,phases      ] GC(194) Phase 2: Prepare for compaction 4.811ms
[300.665s][info][gc,phases,start] GC(194) Phase 3: Adjust pointers
[300.667s][info][gc,phases      ] GC(194) Phase 3: Adjust pointers 1.795ms
[300.667s][info][gc,phases,start] GC(194) Phase 4: Compact heap
[300.669s][info][gc,phases      ] GC(194) Phase 4: Compact heap 1.366ms
[300.684s][info][gc,heap        ] GC(194) Eden regions: 473->0(1228)
[300.684s][info][gc,heap        ] GC(194) Survivor regions: 5->0(154)
[300.684s][info][gc,heap        ] GC(194) Old regions: 5->4
[300.684s][info][gc,heap        ] GC(194) Archive regions: 0->0
[300.684s][info][gc,heap        ] GC(194) Humongous regions: 0->0
[300.684s][info][gc,metaspace   ] GC(194) Metaspace: 9110K(9344K)->9110K(9344K) NonClass: 7934K(8064K)->7934K(8064K) Class: 1175K(1280K)->1175K(1280K)
[300.684s][info][gc             ] GC(194) Pause Full (System.gc()) 1912M->3M(8192M) 25.565ms
[300.684s][info][gc,cpu         ] GC(194) User=0.09s Sys=0.00s Real=0.03s
[302.700s][info][gc,start       ] GC(195) Pause Young (Normal) (G1 Evacuation Pause)
[302.700s][info][gc,task        ] GC(195) Using 6 workers of 6 for evacuation
[302.708s][info][gc,phases      ] GC(195)   Pre Evacuate Collection Set: 0.3ms
[302.708s][info][gc,phases      ] GC(195)   Merge Heap Roots: 0.3ms
[302.708s][info][gc,phases      ] GC(195)   Evacuate Collection Set: 6.5ms
[302.708s][info][gc,phases      ] GC(195)   Post Evacuate Collection Set: 1.4ms
[302.708s][info][gc,phases      ] GC(195)   Other: 0.3ms
[302.708s][info][gc,heap        ] GC(195) Eden regions: 1228->0(1223)
[302.708s][info][gc,heap        ] GC(195) Survivor regions: 0->5(154)
[302.708s][info][gc,heap        ] GC(195) Old regions: 4->4
[302.709s][info][gc,heap        ] GC(195) Archive regions: 0->0
[302.709s][info][gc,heap        ] GC(195) Humongous regions: 0->0
[302.709s][info][gc,metaspace   ] GC(195) Metaspace: 9116K(9344K)->9116K(9344K) NonClass: 7940K(8064K)->7940K(8064K) Class: 1175K(1280K)->1175K(1280K)
[302.709s][info][gc             ] GC(195) Pause Young (Normal) (G1 Evacuation Pause) 4915M->20M(8192M) 8.839ms
[302.709s][info][gc,cpu         ] GC(195) User=0.09s Sys=0.00s Real=0.01s
[303.770s][info][gc,start       ] GC(196) Pause Full (System.gc())
[303.770s][info][gc,task        ] GC(196) Using 6 workers of 6 for full compaction
[303.770s][info][gc,phases,start] GC(196) Phase 1: Mark live objects
[303.772s][info][gc,phases      ] GC(196) Phase 1: Mark live objects 2.176ms
[303.772s][info][gc,phases,start] GC(196) Phase 2: Prepare for compaction
[303.777s][info][gc,phases      ] GC(196) Phase 2: Prepare for compaction 4.975ms
[303.777s][info][gc,phases,start] GC(196) Phase 3: Adjust pointers
[303.779s][info][gc,phases      ] GC(196) Phase 3: Adjust pointers 2.099ms
[303.779s][info][gc,phases,start] GC(196) Phase 4: Compact heap
[303.781s][info][gc,phases      ] GC(196) Phase 4: Compact heap 1.391ms
[303.796s][info][gc,heap        ] GC(196) Eden regions: 473->0(1228)
[303.796s][info][gc,heap        ] GC(196) Survivor regions: 5->0(154)
[303.796s][info][gc,heap        ] GC(196) Old regions: 4->4
[303.796s][info][gc,heap        ] GC(196) Archive regions: 0->0
[303.796s][info][gc,heap        ] GC(196) Humongous regions: 0->0
[303.796s][info][gc,metaspace   ] GC(196) Metaspace: 9116K(9344K)->9116K(9344K) NonClass: 7940K(8064K)->7940K(8064K) Class: 1175K(1280K)->1175K(1280K)
[303.796s][info][gc             ] GC(196) Pause Full (System.gc()) 1912M->3M(8192M) 26.717ms
[303.796s][info][gc,cpu         ] GC(196) User=0.09s Sys=0.02s Real=0.02s
[305.813s][info][gc,start       ] GC(197) Pause Young (Normal) (G1 Evacuation Pause)
[305.813s][info][gc,task        ] GC(197) Using 6 workers of 6 for evacuation
[305.821s][info][gc,phases      ] GC(197)   Pre Evacuate Collection Set: 0.2ms
[305.821s][info][gc,phases      ] GC(197)   Merge Heap Roots: 0.2ms
[305.821s][info][gc,phases      ] GC(197)   Evacuate Collection Set: 6.3ms
[305.821s][info][gc,phases      ] GC(197)   Post Evacuate Collection Set: 1.5ms
[305.821s][info][gc,phases      ] GC(197)   Other: 0.3ms
[305.821s][info][gc,heap        ] GC(197) Eden regions: 1228->0(1224)
[305.821s][info][gc,heap        ] GC(197) Survivor regions: 0->4(154)
[305.821s][info][gc,heap        ] GC(197) Old regions: 4->4
[305.821s][info][gc,heap        ] GC(197) Archive regions: 0->0
[305.821s][info][gc,heap        ] GC(197) Humongous regions: 0->0
[305.821s][info][gc,metaspace   ] GC(197) Metaspace: 9116K(9344K)->9116K(9344K) NonClass: 7940K(8064K)->7940K(8064K) Class: 1175K(1280K)->1175K(1280K)
[305.821s][info][gc             ] GC(197) Pause Young (Normal) (G1 Evacuation Pause) 4915M->19M(8192M) 8.596ms
[305.821s][info][gc,cpu         ] GC(197) User=0.00s Sys=0.00s Real=0.01s
[306.883s][info][gc,start       ] GC(198) Pause Full (System.gc())
[306.883s][info][gc,task        ] GC(198) Using 6 workers of 6 for full compaction
[306.883s][info][gc,phases,start] GC(198) Phase 1: Mark live objects
[306.885s][info][gc,phases      ] GC(198) Phase 1: Mark live objects 1.898ms
[306.885s][info][gc,phases,start] GC(198) Phase 2: Prepare for compaction
[306.890s][info][gc,phases      ] GC(198) Phase 2: Prepare for compaction 5.104ms
[306.890s][info][gc,phases,start] GC(198) Phase 3: Adjust pointers
[306.892s][info][gc,phases      ] GC(198) Phase 3: Adjust pointers 2.065ms
[306.892s][info][gc,phases,start] GC(198) Phase 4: Compact heap
[306.894s][info][gc,phases      ] GC(198) Phase 4: Compact heap 1.524ms
[306.909s][info][gc,heap        ] GC(198) Eden regions: 473->0(1228)
[306.909s][info][gc,heap        ] GC(198) Survivor regions: 4->0(154)
[306.909s][info][gc,heap        ] GC(198) Old regions: 4->4
[306.909s][info][gc,heap        ] GC(198) Archive regions: 0->0
[306.909s][info][gc,heap        ] GC(198) Humongous regions: 0->0
[306.909s][info][gc,metaspace   ] GC(198) Metaspace: 9121K(9344K)->9121K(9344K) NonClass: 7945K(8064K)->7945K(8064K) Class: 1175K(1280K)->1175K(1280K)
[306.909s][info][gc             ] GC(198) Pause Full (System.gc()) 1911M->3M(8192M) 26.593ms
[306.909s][info][gc,cpu         ] GC(198) User=0.11s Sys=0.00s Real=0.02s
[308.922s][info][gc,start       ] GC(199) Pause Young (Normal) (G1 Evacuation Pause)
[308.922s][info][gc,task        ] GC(199) Using 6 workers of 6 for evacuation
[308.930s][info][gc,phases      ] GC(199)   Pre Evacuate Collection Set: 0.4ms
[308.930s][info][gc,phases      ] GC(199)   Merge Heap Roots: 0.2ms
[308.930s][info][gc,phases      ] GC(199)   Evacuate Collection Set: 6.3ms
[308.930s][info][gc,phases      ] GC(199)   Post Evacuate Collection Set: 1.5ms
[308.930s][info][gc,phases      ] GC(199)   Other: 0.3ms
[308.930s][info][gc,heap        ] GC(199) Eden regions: 1228->0(1223)
[308.930s][info][gc,heap        ] GC(199) Survivor regions: 0->5(154)
[308.930s][info][gc,heap        ] GC(199) Old regions: 4->4
[308.930s][info][gc,heap        ] GC(199) Archive regions: 0->0
[308.930s][info][gc,heap        ] GC(199) Humongous regions: 0->0
[308.930s][info][gc,metaspace   ] GC(199) Metaspace: 9121K(9344K)->9121K(9344K) NonClass: 7945K(8064K)->7945K(8064K) Class: 1175K(1280K)->1175K(1280K)
[308.930s][info][gc             ] GC(199) Pause Young (Normal) (G1 Evacuation Pause) 4915M->20M(8192M) 8.801ms
[308.930s][info][gc,cpu         ] GC(199) User=0.00s Sys=0.00s Real=0.02s
[309.991s][info][gc,start       ] GC(200) Pause Full (System.gc())
[309.991s][info][gc,task        ] GC(200) Using 6 workers of 6 for full compaction
[309.991s][info][gc,phases,start] GC(200) Phase 1: Mark live objects
[309.993s][info][gc,phases      ] GC(200) Phase 1: Mark live objects 2.092ms
[309.993s][info][gc,phases,start] GC(200) Phase 2: Prepare for compaction
[309.998s][info][gc,phases      ] GC(200) Phase 2: Prepare for compaction 4.835ms
[309.998s][info][gc,phases,start] GC(200) Phase 3: Adjust pointers
[310.000s][info][gc,phases      ] GC(200) Phase 3: Adjust pointers 2.063ms
[310.000s][info][gc,phases,start] GC(200) Phase 4: Compact heap
[310.002s][info][gc,phases      ] GC(200) Phase 4: Compact heap 1.518ms
[310.017s][info][gc,heap        ] GC(200) Eden regions: 473->0(1228)
[310.017s][info][gc,heap        ] GC(200) Survivor regions: 5->0(154)
[310.017s][info][gc,heap        ] GC(200) Old regions: 4->5
[310.017s][info][gc,heap        ] GC(200) Archive regions: 0->0
[310.017s][info][gc,heap        ] GC(200) Humongous regions: 0->0
[310.017s][info][gc,metaspace   ] GC(200) Metaspace: 9121K(9344K)->9121K(9344K) NonClass: 7945K(8064K)->7945K(8064K) Class: 1175K(1280K)->1175K(1280K)
[310.017s][info][gc             ] GC(200) Pause Full (System.gc()) 1912M->3M(8192M) 26.147ms
[310.017s][info][gc,cpu         ] GC(200) User=0.19s Sys=0.00s Real=0.02s
[312.029s][info][gc,start       ] GC(201) Pause Young (Normal) (G1 Evacuation Pause)
[312.029s][info][gc,task        ] GC(201) Using 6 workers of 6 for evacuation
[312.038s][info][gc,phases      ] GC(201)   Pre Evacuate Collection Set: 0.2ms
[312.038s][info][gc,phases      ] GC(201)   Merge Heap Roots: 0.2ms
[312.038s][info][gc,phases      ] GC(201)   Evacuate Collection Set: 6.5ms
[312.038s][info][gc,phases      ] GC(201)   Post Evacuate Collection Set: 1.5ms
[312.038s][info][gc,phases      ] GC(201)   Other: 0.2ms
[312.038s][info][gc,heap        ] GC(201) Eden regions: 1228->0(1223)
[312.038s][info][gc,heap        ] GC(201) Survivor regions: 0->5(154)
[312.038s][info][gc,heap        ] GC(201) Old regions: 5->5
[312.038s][info][gc,heap        ] GC(201) Archive regions: 0->0
[312.038s][info][gc,heap        ] GC(201) Humongous regions: 0->0
[312.038s][info][gc,metaspace   ] GC(201) Metaspace: 9121K(9344K)->9121K(9344K) NonClass: 7945K(8064K)->7945K(8064K) Class: 1175K(1280K)->1175K(1280K)
[312.038s][info][gc             ] GC(201) Pause Young (Normal) (G1 Evacuation Pause) 4915M->21M(8192M) 8.734ms
[312.038s][info][gc,cpu         ] GC(201) User=0.03s Sys=0.00s Real=0.02s
[313.101s][info][gc,heap,exit   ] Heap
[313.101s][info][gc,heap,exit   ]  garbage-first heap   total 8388608K, used 1963144K [0x0000000600000000, 0x0000000800000000)
[313.101s][info][gc,heap,exit   ]   region size 4096K, 480 young (1966080K), 5 survivors (20480K)
[313.101s][info][gc,heap,exit   ]  Metaspace       used 9193K, committed 9408K, reserved 1114112K
[313.101s][info][gc,heap,exit   ]   class space    used 1185K, committed 1280K, reserved 1048576K
