[0.025s][info][gc] Using Parallel
[0.025s][info][gc,heap,coops] Heap address: 0x0000000600000000, size: 8192 MB, Compressed Oops mode: Zero based, Oop shift amount: 3
[2.369s][info][gc,start     ] GC(0) Pause Young (Metadata GC Threshold)
[2.374s][info][gc,heap      ] GC(0) PSYoungGen: 167844K->4890K(2446848K)
[2.374s][info][gc,heap      ] GC(0) ParOldGen: 0K->16K(5592576K)
[2.374s][info][gc,metaspace ] GC(0) Metaspace: 20781K(21296K)->20781K(21296K) NonClass: 18302K(18608K)->18302K(18608K) Class: 2478K(2688K)->2478K(2688K)
[2.374s][info][gc           ] GC(0) Pause Young (Metadata GC Threshold) 163M->4M(7851M) 4.984ms
[2.374s][info][gc,cpu       ] GC(0) User=0.00s Sys=0.00s Real=0.00s
[2.375s][info][gc,start     ] GC(1) Pause Full (Metadata GC Threshold)
[2.375s][info][gc,phases,start] GC(1) Marking Phase
[2.379s][info][gc,phases      ] GC(1) Marking Phase 4.020ms
[2.379s][info][gc,phases,start] GC(1) Summary Phase
[2.379s][info][gc,phases      ] GC(1) Summary Phase 0.011ms
[2.379s][info][gc,phases,start] GC(1) Adjust Roots
[2.381s][info][gc,phases      ] GC(1) Adjust Roots 2.740ms
[2.381s][info][gc,phases,start] GC(1) Compaction Phase
[2.386s][info][gc,phases      ] GC(1) Compaction Phase 4.360ms
[2.386s][info][gc,phases,start] GC(1) Post Compact
[2.386s][info][gc,phases      ] GC(1) Post Compact 0.516ms
[2.386s][info][gc,heap        ] GC(1) PSYoungGen: 4890K->0K(2446848K)
[2.386s][info][gc,heap        ] GC(1) ParOldGen: 16K->4736K(5592576K)
[2.386s][info][gc,metaspace   ] GC(1) Metaspace: 20781K(21296K)->20781K(21296K) NonClass: 18302K(18608K)->18302K(18608K) Class: 2478K(2688K)->2478K(2688K)
[2.386s][info][gc             ] GC(1) Pause Full (Metadata GC Threshold) 4M->4M(7851M) 11.864ms
[2.386s][info][gc,cpu         ] GC(1) User=0.00s Sys=0.00s Real=0.02s
[13.124s][info][gc,start       ] GC(2) Pause Young (Metadata GC Threshold)
[13.130s][info][gc,heap        ] GC(2) PSYoungGen: 167813K->15622K(2446848K)
[13.130s][info][gc,heap        ] GC(2) ParOldGen: 4736K->4808K(5592576K)
[13.130s][info][gc,metaspace   ] GC(2) Metaspace: 34470K(35376K)->34470K(35376K) NonClass: 30196K(30640K)->30196K(30640K) Class: 4273K(4736K)->4273K(4736K)
[13.130s][info][gc             ] GC(2) Pause Young (Metadata GC Threshold) 168M->19M(7851M) 5.386ms
[13.130s][info][gc,cpu         ] GC(2) User=0.00s Sys=0.00s Real=0.00s
[13.130s][info][gc,start       ] GC(3) Pause Full (Metadata GC Threshold)
[13.130s][info][gc,phases,start] GC(3) Marking Phase
[13.139s][info][gc,phases      ] GC(3) Marking Phase 9.726ms
[13.139s][info][gc,phases,start] GC(3) Summary Phase
[13.140s][info][gc,phases      ] GC(3) Summary Phase 0.011ms
[13.140s][info][gc,phases,start] GC(3) Adjust Roots
[13.145s][info][gc,phases      ] GC(3) Adjust Roots 5.408ms
[13.145s][info][gc,phases,start] GC(3) Compaction Phase
[13.168s][info][gc,phases      ] GC(3) Compaction Phase 22.839ms
[13.168s][info][gc,phases,start] GC(3) Post Compact
[13.169s][info][gc,phases      ] GC(3) Post Compact 1.092ms
[13.169s][info][gc,heap        ] GC(3) PSYoungGen: 15622K->0K(2446848K)
[13.169s][info][gc,heap        ] GC(3) ParOldGen: 4808K->19915K(5592576K)
[13.169s][info][gc,metaspace   ] GC(3) Metaspace: 34470K(35376K)->34454K(35376K) NonClass: 30196K(30640K)->30184K(30640K) Class: 4273K(4736K)->4269K(4736K)
[13.169s][info][gc             ] GC(3) Pause Full (Metadata GC Threshold) 19M->19M(7851M) 39.365ms
[13.169s][info][gc,cpu         ] GC(3) User=0.02s Sys=0.00s Real=0.05s
[14.690s][info][gc,start       ] GC(4) Pause Young (Metadata GC Threshold)
[14.695s][info][gc,heap        ] GC(4) PSYoungGen: 964959K->6311K(2446848K)
[14.695s][info][gc,heap        ] GC(4) ParOldGen: 19915K->19923K(5592576K)
[14.695s][info][gc,metaspace   ] GC(4) Metaspace: 57218K(58960K)->57218K(58960K) NonClass: 50042K(50864K)->50042K(50864K) Class: 7175K(8096K)->7175K(8096K)
[14.695s][info][gc             ] GC(4) Pause Young (Metadata GC Threshold) 961M->25M(7851M) 5.353ms
[14.695s][info][gc,cpu         ] GC(4) User=0.02s Sys=0.00s Real=0.02s
[14.695s][info][gc,start       ] GC(5) Pause Full (Metadata GC Threshold)
[14.695s][info][gc,phases,start] GC(5) Marking Phase
[14.709s][info][gc,phases      ] GC(5) Marking Phase 13.979ms
[14.709s][info][gc,phases,start] GC(5) Summary Phase
[14.709s][info][gc,phases      ] GC(5) Summary Phase 0.011ms
[14.709s][info][gc,phases,start] GC(5) Adjust Roots
[14.718s][info][gc,phases      ] GC(5) Adjust Roots 9.045ms
[14.718s][info][gc,phases,start] GC(5) Compaction Phase
[14.755s][info][gc,phases      ] GC(5) Compaction Phase 37.142ms
[14.755s][info][gc,phases,start] GC(5) Post Compact
[14.756s][info][gc,phases      ] GC(5) Post Compact 0.735ms
[14.756s][info][gc,heap        ] GC(5) PSYoungGen: 6311K->0K(2446848K)
[14.756s][info][gc,heap        ] GC(5) ParOldGen: 19923K->25696K(5592576K)
[14.756s][info][gc,metaspace   ] GC(5) Metaspace: 57218K(58960K)->57218K(58960K) NonClass: 50042K(50864K)->50042K(50864K) Class: 7175K(8096K)->7175K(8096K)
[14.756s][info][gc             ] GC(5) Pause Full (Metadata GC Threshold) 25M->25M(7851M) 61.252ms
[14.756s][info][gc,cpu         ] GC(5) User=0.03s Sys=0.00s Real=0.06s
[17.259s][info][gc,start       ] GC(6) Pause Young (System.gc())
[17.265s][info][gc,heap        ] GC(6) PSYoungGen: 346188K->8363K(2446848K)
[17.265s][info][gc,heap        ] GC(6) ParOldGen: 25696K->25704K(5592576K)
[17.265s][info][gc,metaspace   ] GC(6) Metaspace: 93981K(97360K)->93981K(97360K) NonClass: 81757K(83376K)->81757K(83376K) Class: 12223K(13984K)->12223K(13984K)
[17.265s][info][gc             ] GC(6) Pause Young (System.gc()) 363M->33M(7851M) 6.275ms
[17.266s][info][gc,cpu         ] GC(6) User=0.00s Sys=0.00s Real=0.02s
[17.266s][info][gc,start       ] GC(7) Pause Full (System.gc())
[17.266s][info][gc,phases,start] GC(7) Marking Phase
[17.292s][info][gc,phases      ] GC(7) Marking Phase 26.679ms
[17.292s][info][gc,phases,start] GC(7) Summary Phase
[17.292s][info][gc,phases      ] GC(7) Summary Phase 0.010ms
[17.292s][info][gc,phases,start] GC(7) Adjust Roots
[17.304s][info][gc,phases      ] GC(7) Adjust Roots 11.330ms
[17.304s][info][gc,phases,start] GC(7) Compaction Phase
[17.343s][info][gc,phases      ] GC(7) Compaction Phase 39.616ms
[17.343s][info][gc,phases,start] GC(7) Post Compact
[17.344s][info][gc,phases      ] GC(7) Post Compact 0.727ms
[17.344s][info][gc,heap        ] GC(7) PSYoungGen: 8363K->0K(2446848K)
[17.344s][info][gc,heap        ] GC(7) ParOldGen: 25704K->33355K(5592576K)
[17.344s][info][gc,metaspace   ] GC(7) Metaspace: 93981K(97360K)->93981K(97360K) NonClass: 81757K(83376K)->81757K(83376K) Class: 12223K(13984K)->12223K(13984K)
[17.344s][info][gc             ] GC(7) Pause Full (System.gc()) 33M->32M(7851M) 78.651ms
[17.344s][info][gc,cpu         ] GC(7) User=0.05s Sys=0.00s Real=0.08s
[20.135s][info][gc,start       ] GC(8) Pause Young (Allocation Failure)
[20.150s][info][gc,heap        ] GC(8) PSYoungGen: 2097664K->53470K(2446848K)
[20.150s][info][gc,heap        ] GC(8) ParOldGen: 33355K->33363K(5592576K)
[20.150s][info][gc,metaspace   ] GC(8) Metaspace: 128238K(135120K)->128238K(135120K) NonClass: 110236K(113584K)->110236K(113584K) Class: 18001K(21536K)->18001K(21536K)
[20.150s][info][gc             ] GC(8) Pause Young (Allocation Failure) 2081M->84M(7851M) 14.199ms
[20.150s][info][gc,cpu         ] GC(8) User=0.02s Sys=0.00s Real=0.02s
[21.484s][info][gc,start       ] GC(9) Pause Young (Allocation Failure)
[21.502s][info][gc,heap        ] GC(9) PSYoungGen: 2151134K->81720K(2719744K)
[21.502s][info][gc,heap        ] GC(9) ParOldGen: 33363K->33371K(5592576K)
[21.502s][info][gc,metaspace   ] GC(9) Metaspace: 137956K(147664K)->137956K(147664K) NonClass: 117887K(122800K)->117887K(122800K) Class: 20069K(24864K)->20069K(24864K)
[21.502s][info][gc             ] GC(9) Pause Young (Allocation Failure) 2133M->112M(8117M) 18.202ms
[21.502s][info][gc,cpu         ] GC(9) User=0.02s Sys=0.00s Real=0.02s
[22.743s][info][gc,start       ] GC(10) Pause Young (Metadata GC Threshold)
[22.760s][info][gc,heap        ] GC(10) PSYoungGen: 845925K->73466K(2446848K)
[22.760s][info][gc,heap        ] GC(10) ParOldGen: 33371K->41543K(5592576K)
[22.760s][info][gc,metaspace   ] GC(10) Metaspace: 152075K(162268K)->152075K(162268K) NonClass: 130892K(136016K)->130892K(136016K) Class: 21182K(26252K)->21182K(26252K)
[22.760s][info][gc             ] GC(10) Pause Young (Metadata GC Threshold) 858M->112M(7851M) 17.881ms
[22.760s][info][gc,cpu         ] GC(10) User=0.02s Sys=0.03s Real=0.03s
[22.760s][info][gc,start       ] GC(11) Pause Full (Metadata GC Threshold)
[22.760s][info][gc,phases,start] GC(11) Marking Phase
[22.824s][info][gc,phases      ] GC(11) Marking Phase 63.373ms
[22.824s][info][gc,phases,start] GC(11) Summary Phase
[22.824s][info][gc,phases      ] GC(11) Summary Phase 0.021ms
[22.824s][info][gc,phases,start] GC(11) Adjust Roots
[22.843s][info][gc,phases      ] GC(11) Adjust Roots 18.820ms
[22.843s][info][gc,phases,start] GC(11) Compaction Phase
[22.889s][info][gc,phases      ] GC(11) Compaction Phase 46.016ms
[22.889s][info][gc,phases,start] GC(11) Post Compact
[22.894s][info][gc,phases      ] GC(11) Post Compact 5.015ms
[22.894s][info][gc,heap        ] GC(11) PSYoungGen: 73466K->0K(2446848K)
[22.894s][info][gc,heap        ] GC(11) ParOldGen: 41543K->113854K(5592576K)
[22.894s][info][gc,metaspace   ] GC(11) Metaspace: 152075K(162268K)->145883K(162268K) NonClass: 130892K(136016K)->126924K(136016K) Class: 21182K(26252K)->18958K(26252K)
[22.894s][info][gc             ] GC(11) Pause Full (Metadata GC Threshold) 112M->111M(7851M) 133.507ms
[22.894s][info][gc,cpu         ] GC(11) User=0.17s Sys=0.03s Real=0.12s
[25.502s][info][gc,start       ] GC(12) Pause Young (Allocation Failure)
[25.517s][info][gc,heap        ] GC(12) PSYoungGen: 2370560K->69342K(2686464K)
[25.517s][info][gc,heap        ] GC(12) ParOldGen: 113854K->113862K(5592576K)
[25.517s][info][gc,metaspace   ] GC(12) Metaspace: 162019K(177756K)->162019K(177756K) NonClass: 141761K(150352K)->141761K(150352K) Class: 20257K(27404K)->20257K(27404K)
[25.517s][info][gc             ] GC(12) Pause Young (Allocation Failure) 2426M->178M(8085M) 15.296ms
[25.517s][info][gc,cpu         ] GC(12) User=0.00s Sys=0.02s Real=0.01s
[26.375s][info][gc,start       ] GC(13) Pause Young (System.gc())
[26.381s][info][gc,heap        ] GC(13) PSYoungGen: 676367K->5720K(2695168K)
[26.382s][info][gc,heap        ] GC(13) ParOldGen: 113862K->113870K(5592576K)
[26.382s][info][gc,metaspace   ] GC(13) Metaspace: 164204K(179036K)->164204K(179036K) NonClass: 143685K(151632K)->143685K(151632K) Class: 20518K(27404K)->20518K(27404K)
[26.382s][info][gc             ] GC(13) Pause Young (System.gc()) 771M->116M(8093M) 6.145ms
[26.382s][info][gc,cpu         ] GC(13) User=0.00s Sys=0.00s Real=0.00s
[26.382s][info][gc,start       ] GC(14) Pause Full (System.gc())
[26.382s][info][gc,phases,start] GC(14) Marking Phase
[26.455s][info][gc,phases      ] GC(14) Marking Phase 73.513ms
[26.455s][info][gc,phases,start] GC(14) Summary Phase
[26.455s][info][gc,phases      ] GC(14) Summary Phase 0.011ms
[26.455s][info][gc,phases,start] GC(14) Adjust Roots
[26.481s][info][gc,phases      ] GC(14) Adjust Roots 26.074ms
[26.481s][info][gc,phases,start] GC(14) Compaction Phase
[26.606s][info][gc,phases      ] GC(14) Compaction Phase 124.189ms
[26.606s][info][gc,phases,start] GC(14) Post Compact
[26.607s][info][gc,phases      ] GC(14) Post Compact 1.195ms
[26.607s][info][gc,heap        ] GC(14) PSYoungGen: 5720K->0K(2695168K)
[26.607s][info][gc,heap        ] GC(14) ParOldGen: 113870K->118314K(5592576K)
[26.607s][info][gc,metaspace   ] GC(14) Metaspace: 164204K(179036K)->164058K(179036K) NonClass: 143685K(151632K)->143599K(151632K) Class: 20518K(27404K)->20458K(27404K)
[26.607s][info][gc             ] GC(14) Pause Full (System.gc()) 116M->115M(8093M) 225.260ms
[26.607s][info][gc,cpu         ] GC(14) User=0.25s Sys=0.00s Real=0.24s
[27.655s][info][gc,start       ] GC(15) Pause Young (Allocation Failure)
[27.666s][info][gc,heap        ] GC(15) PSYoungGen: 2594304K->66576K(2685952K)
[27.667s][info][gc,heap        ] GC(15) ParOldGen: 118314K->118322K(5592576K)
[27.667s][info][gc,metaspace   ] GC(15) Metaspace: 164675K(179548K)->164675K(179548K) NonClass: 144211K(152144K)->144211K(152144K) Class: 20463K(27404K)->20463K(27404K)
[27.667s][info][gc             ] GC(15) Pause Young (Allocation Failure) 2649M->180M(8084M) 11.237ms
[27.667s][info][gc,cpu         ] GC(15) User=0.00s Sys=0.00s Real=0.00s
[28.713s][info][gc,start       ] GC(16) Pause Young (System.gc())
[28.716s][info][gc,heap        ] GC(16) PSYoungGen: 879425K->4073K(2691072K)
[28.716s][info][gc,heap        ] GC(16) ParOldGen: 118322K->118330K(5592576K)
[28.716s][info][gc,metaspace   ] GC(16) Metaspace: 165421K(180316K)->165421K(180316K) NonClass: 144955K(152912K)->144955K(152912K) Class: 20465K(27404K)->20465K(27404K)
[28.716s][info][gc             ] GC(16) Pause Young (System.gc()) 974M->119M(8089M) 3.288ms
[28.716s][info][gc,cpu         ] GC(16) User=0.00s Sys=0.00s Real=0.00s
[28.716s][info][gc,start       ] GC(17) Pause Full (System.gc())
[28.716s][info][gc,phases,start] GC(17) Marking Phase
[28.791s][info][gc,phases      ] GC(17) Marking Phase 75.181ms
[28.792s][info][gc,phases,start] GC(17) Summary Phase
[28.792s][info][gc,phases      ] GC(17) Summary Phase 0.019ms
[28.792s][info][gc,phases,start] GC(17) Adjust Roots
[28.809s][info][gc,phases      ] GC(17) Adjust Roots 17.148ms
[28.809s][info][gc,phases,start] GC(17) Compaction Phase
[28.865s][info][gc,phases      ] GC(17) Compaction Phase 55.926ms
[28.865s][info][gc,phases,start] GC(17) Post Compact
[28.866s][info][gc,phases      ] GC(17) Post Compact 0.847ms
[28.866s][info][gc,heap        ] GC(17) PSYoungGen: 4073K->0K(2691072K)
[28.866s][info][gc,heap        ] GC(17) ParOldGen: 118330K->120205K(5592576K)
[28.866s][info][gc,metaspace   ] GC(17) Metaspace: 165421K(180316K)->165419K(180316K) NonClass: 144955K(152912K)->144954K(152912K) Class: 20465K(27404K)->20465K(27404K)
[28.866s][info][gc             ] GC(17) Pause Full (System.gc()) 119M->117M(8089M) 149.417ms
[28.866s][info][gc,cpu         ] GC(17) User=0.06s Sys=0.00s Real=0.16s
[29.895s][info][gc,start       ] GC(18) Pause Young (Allocation Failure)
[29.906s][info][gc,heap        ] GC(18) PSYoungGen: 2586112K->67810K(2681344K)
[29.906s][info][gc,heap        ] GC(18) ParOldGen: 120205K->120213K(5592576K)
[29.906s][info][gc,metaspace   ] GC(18) Metaspace: 165833K(180572K)->165833K(180572K) NonClass: 145365K(153168K)->145365K(153168K) Class: 20467K(27404K)->20467K(27404K)
[29.906s][info][gc             ] GC(18) Pause Young (Allocation Failure) 2642M->183M(8080M) 11.215ms
[29.906s][info][gc,cpu         ] GC(18) User=0.00s Sys=0.00s Real=0.02s
[30.839s][info][gc,start       ] GC(19) Pause Young (System.gc())
[30.843s][info][gc,heap        ] GC(19) PSYoungGen: 704531K->2918K(2686464K)
[30.843s][info][gc,heap        ] GC(19) ParOldGen: 120213K->122314K(5592576K)
[30.843s][info][gc,metaspace   ] GC(19) Metaspace: 166419K(181084K)->166419K(181084K) NonClass: 145949K(153680K)->145949K(153680K) Class: 20470K(27404K)->20470K(27404K)
[30.843s][info][gc             ] GC(19) Pause Young (System.gc()) 805M->122M(8085M) 3.354ms
[30.843s][info][gc,cpu         ] GC(19) User=0.02s Sys=0.00s Real=0.01s
[30.843s][info][gc,start       ] GC(20) Pause Full (System.gc())
[30.843s][info][gc,phases,start] GC(20) Marking Phase
[30.917s][info][gc,phases      ] GC(20) Marking Phase 74.486ms
[30.917s][info][gc,phases,start] GC(20) Summary Phase
[30.917s][info][gc,phases      ] GC(20) Summary Phase 0.011ms
[30.917s][info][gc,phases,start] GC(20) Adjust Roots
[30.935s][info][gc,phases      ] GC(20) Adjust Roots 17.445ms
[30.935s][info][gc,phases,start] GC(20) Compaction Phase
[30.993s][info][gc,phases      ] GC(20) Compaction Phase 57.832ms
[30.993s][info][gc,phases,start] GC(20) Post Compact
[30.994s][info][gc,phases      ] GC(20) Post Compact 0.847ms
[30.994s][info][gc,heap        ] GC(20) PSYoungGen: 2918K->0K(2686464K)
[30.994s][info][gc,heap        ] GC(20) ParOldGen: 122314K->120447K(5592576K)
[30.994s][info][gc,metaspace   ] GC(20) Metaspace: 166419K(181084K)->166416K(181084K) NonClass: 145949K(153680K)->145947K(153680K) Class: 20470K(27404K)->20469K(27404K)
[30.994s][info][gc             ] GC(20) Pause Full (System.gc()) 122M->117M(8085M) 150.953ms
[30.994s][info][gc,cpu         ] GC(20) User=0.19s Sys=0.00s Real=0.14s
[32.132s][info][gc,start       ] GC(21) Pause Young (Allocation Failure)
[32.143s][info][gc,heap        ] GC(21) PSYoungGen: 2575096K->67434K(2678272K)
[32.143s][info][gc,heap        ] GC(21) ParOldGen: 120447K->120455K(5592576K)
[32.143s][info][gc,metaspace   ] GC(21) Metaspace: 166684K(181340K)->166684K(181340K) NonClass: 146214K(153936K)->146214K(153936K) Class: 20469K(27404K)->20469K(27404K)
[32.143s][info][gc             ] GC(21) Pause Young (Allocation Failure) 2632M->183M(8077M) 10.706ms
[32.143s][info][gc,cpu         ] GC(21) User=0.00s Sys=0.00s Real=0.00s
[32.873s][info][gc,start       ] GC(22) Pause Young (System.gc())
[32.876s][info][gc,heap        ] GC(22) PSYoungGen: 572354K->2431K(2682880K)
[32.876s][info][gc,heap        ] GC(22) ParOldGen: 120455K->122843K(5592576K)
[32.876s][info][gc,metaspace   ] GC(22) Metaspace: 166957K(181340K)->166957K(181340K) NonClass: 146485K(153936K)->146485K(153936K) Class: 20471K(27404K)->20471K(27404K)
[32.876s][info][gc             ] GC(22) Pause Young (System.gc()) 676M->122M(8081M) 2.840ms
[32.876s][info][gc,cpu         ] GC(22) User=0.00s Sys=0.00s Real=0.00s
[32.876s][info][gc,start       ] GC(23) Pause Full (System.gc())
[32.876s][info][gc,phases,start] GC(23) Marking Phase
[32.928s][info][gc,phases      ] GC(23) Marking Phase 51.707ms
[32.928s][info][gc,phases,start] GC(23) Summary Phase
[32.928s][info][gc,phases      ] GC(23) Summary Phase 0.011ms
[32.928s][info][gc,phases,start] GC(23) Adjust Roots
[32.946s][info][gc,phases      ] GC(23) Adjust Roots 17.927ms
[32.946s][info][gc,phases,start] GC(23) Compaction Phase
[32.998s][info][gc,phases      ] GC(23) Compaction Phase 52.261ms
[32.998s][info][gc,phases,start] GC(23) Post Compact
[32.999s][info][gc,phases      ] GC(23) Post Compact 0.806ms
[32.999s][info][gc,heap        ] GC(23) PSYoungGen: 2431K->0K(2682880K)
[32.999s][info][gc,heap        ] GC(23) ParOldGen: 122843K->120457K(5592576K)
[32.999s][info][gc,metaspace   ] GC(23) Metaspace: 166957K(181340K)->166957K(181340K) NonClass: 146485K(153936K)->146485K(153936K) Class: 20471K(27404K)->20471K(27404K)
[32.999s][info][gc             ] GC(23) Pause Full (System.gc()) 122M->117M(8081M) 122.988ms
[32.999s][info][gc,cpu         ] GC(23) User=0.09s Sys=0.00s Real=0.13s
[34.126s][info][gc,start       ] GC(24) Pause Young (Allocation Failure)
[34.137s][info][gc,heap        ] GC(24) PSYoungGen: 2569728K->68033K(2674176K)
[34.137s][info][gc,heap        ] GC(24) ParOldGen: 120457K->120457K(5592576K)
[34.137s][info][gc,metaspace   ] GC(24) Metaspace: 167150K(181596K)->167150K(181596K) NonClass: 146678K(154192K)->146678K(154192K) Class: 20471K(27404K)->20471K(27404K)
[34.137s][info][gc             ] GC(24) Pause Young (Allocation Failure) 2627M->184M(8073M) 11.474ms
[34.137s][info][gc,cpu         ] GC(24) User=0.00s Sys=0.00s Real=0.02s
[34.800s][info][gc,start       ] GC(25) Pause Young (System.gc())
[34.804s][info][gc,heap        ] GC(25) PSYoungGen: 585143K->2222K(2679296K)
[34.804s][info][gc,heap        ] GC(25) ParOldGen: 120457K->122876K(5592576K)
[34.804s][info][gc,metaspace   ] GC(25) Metaspace: 167305K(181596K)->167305K(181596K) NonClass: 146833K(154192K)->146833K(154192K) Class: 20471K(27404K)->20471K(27404K)
[34.804s][info][gc             ] GC(25) Pause Young (System.gc()) 689M->122M(8078M) 3.575ms
[34.804s][info][gc,cpu         ] GC(25) User=0.00s Sys=0.00s Real=0.00s
[34.804s][info][gc,start       ] GC(26) Pause Full (System.gc())
[34.804s][info][gc,phases,start] GC(26) Marking Phase
[34.856s][info][gc,phases      ] GC(26) Marking Phase 51.907ms
[34.856s][info][gc,phases,start] GC(26) Summary Phase
[34.856s][info][gc,phases      ] GC(26) Summary Phase 0.011ms
[34.856s][info][gc,phases,start] GC(26) Adjust Roots
[34.873s][info][gc,phases      ] GC(26) Adjust Roots 17.211ms
[34.873s][info][gc,phases,start] GC(26) Compaction Phase
[34.922s][info][gc,phases      ] GC(26) Compaction Phase 48.942ms
[34.922s][info][gc,phases,start] GC(26) Post Compact
[34.923s][info][gc,phases      ] GC(26) Post Compact 0.858ms
[34.923s][info][gc,heap        ] GC(26) PSYoungGen: 2222K->0K(2679296K)
[34.923s][info][gc,heap        ] GC(26) ParOldGen: 122876K->120646K(5592576K)
[34.923s][info][gc,metaspace   ] GC(26) Metaspace: 167305K(181596K)->167305K(181596K) NonClass: 146833K(154192K)->146833K(154192K) Class: 20471K(27404K)->20471K(27404K)
[34.923s][info][gc             ] GC(26) Pause Full (System.gc()) 122M->117M(8078M) 119.222ms
[34.923s][info][gc,cpu         ] GC(26) User=0.05s Sys=0.00s Real=0.12s
[35.970s][info][gc,start       ] GC(27) Pause Young (Allocation Failure)
[35.980s][info][gc,heap        ] GC(27) PSYoungGen: 2562560K->67474K(2673152K)
[35.980s][info][gc,heap        ] GC(27) ParOldGen: 120646K->120654K(5592576K)
[35.980s][info][gc,metaspace   ] GC(27) Metaspace: 167564K(181852K)->167564K(181852K) NonClass: 147070K(154448K)->147070K(154448K) Class: 20494K(27404K)->20494K(27404K)
[35.980s][info][gc             ] GC(27) Pause Young (Allocation Failure) 2620M->183M(8072M) 10.591ms
[35.980s][info][gc,cpu         ] GC(27) User=0.02s Sys=0.00s Real=0.02s
[36.677s][info][gc,start       ] GC(28) Pause Young (System.gc())
[36.680s][info][gc,heap        ] GC(28) PSYoungGen: 537274K->2335K(2677248K)
[36.680s][info][gc,heap        ] GC(28) ParOldGen: 120654K->123037K(5592576K)
[36.680s][info][gc,metaspace   ] GC(28) Metaspace: 167755K(181852K)->167755K(181852K) NonClass: 147261K(154448K)->147261K(154448K) Class: 20494K(27404K)->20494K(27404K)
[36.680s][info][gc             ] GC(28) Pause Young (System.gc()) 642M->122M(8076M) 2.981ms
[36.680s][info][gc,cpu         ] GC(28) User=0.02s Sys=0.00s Real=0.02s
[36.680s][info][gc,start       ] GC(29) Pause Full (System.gc())
[36.680s][info][gc,phases,start] GC(29) Marking Phase
[36.730s][info][gc,phases      ] GC(29) Marking Phase 50.207ms
[36.730s][info][gc,phases,start] GC(29) Summary Phase
[36.730s][info][gc,phases      ] GC(29) Summary Phase 0.011ms
[36.730s][info][gc,phases,start] GC(29) Adjust Roots
[36.749s][info][gc,phases      ] GC(29) Adjust Roots 18.767ms
[36.749s][info][gc,phases,start] GC(29) Compaction Phase
[36.797s][info][gc,phases      ] GC(29) Compaction Phase 47.976ms
[36.797s][info][gc,phases,start] GC(29) Post Compact
[36.798s][info][gc,phases      ] GC(29) Post Compact 0.915ms
[36.798s][info][gc,heap        ] GC(29) PSYoungGen: 2335K->0K(2677248K)
[36.798s][info][gc,heap        ] GC(29) ParOldGen: 123037K->121144K(5592576K)
[36.798s][info][gc,metaspace   ] GC(29) Metaspace: 167755K(181852K)->167755K(181852K) NonClass: 147261K(154448K)->147261K(154448K) Class: 20494K(27404K)->20494K(27404K)
[36.798s][info][gc             ] GC(29) Pause Full (System.gc()) 122M->118M(8076M) 118.172ms
[36.798s][info][gc,cpu         ] GC(29) User=0.14s Sys=0.00s Real=0.11s
[37.925s][info][gc,start       ] GC(30) Pause Young (Allocation Failure)
[37.936s][info][gc,heap        ] GC(30) PSYoungGen: 2554594K->67579K(2671104K)
[37.936s][info][gc,heap        ] GC(30) ParOldGen: 121144K->121152K(5592576K)
[37.936s][info][gc,metaspace   ] GC(30) Metaspace: 167880K(182108K)->167880K(182108K) NonClass: 147386K(154704K)->147386K(154704K) Class: 20494K(27404K)->20494K(27404K)
[37.936s][info][gc             ] GC(30) Pause Young (Allocation Failure) 2613M->184M(8070M) 10.653ms
[37.936s][info][gc,cpu         ] GC(30) User=0.02s Sys=0.00s Real=0.02s
[38.549s][info][gc,start       ] GC(31) Pause Young (System.gc())
[38.552s][info][gc,heap        ] GC(31) PSYoungGen: 483925K->2132K(2675200K)
[38.552s][info][gc,heap        ] GC(31) ParOldGen: 121152K->123528K(5592576K)
[38.552s][info][gc,metaspace   ] GC(31) Metaspace: 168053K(182364K)->168053K(182364K) NonClass: 147559K(154960K)->147559K(154960K) Class: 20494K(27404K)->20494K(27404K)
[38.552s][info][gc             ] GC(31) Pause Young (System.gc()) 590M->122M(8074M) 3.462ms
[38.553s][info][gc,cpu         ] GC(31) User=0.00s Sys=0.00s Real=0.00s
[38.553s][info][gc,start       ] GC(32) Pause Full (System.gc())
[38.553s][info][gc,phases,start] GC(32) Marking Phase
[38.606s][info][gc,phases      ] GC(32) Marking Phase 53.485ms
[38.606s][info][gc,phases,start] GC(32) Summary Phase
[38.606s][info][gc,phases      ] GC(32) Summary Phase 0.011ms
[38.606s][info][gc,phases,start] GC(32) Adjust Roots
[38.624s][info][gc,phases      ] GC(32) Adjust Roots 17.665ms
[38.624s][info][gc,phases,start] GC(32) Compaction Phase
[38.672s][info][gc,phases      ] GC(32) Compaction Phase 48.355ms
[38.672s][info][gc,phases,start] GC(32) Post Compact
[38.673s][info][gc,phases      ] GC(32) Post Compact 0.864ms
[38.673s][info][gc,heap        ] GC(32) PSYoungGen: 2132K->0K(2675200K)
[38.673s][info][gc,heap        ] GC(32) ParOldGen: 123528K->121136K(5592576K)
[38.673s][info][gc,metaspace   ] GC(32) Metaspace: 168053K(182364K)->168053K(182364K) NonClass: 147559K(154960K)->147559K(154960K) Class: 20494K(27404K)->20494K(27404K)
[38.673s][info][gc             ] GC(32) Pause Full (System.gc()) 122M->118M(8074M) 120.658ms
[38.673s][info][gc,cpu         ] GC(32) User=0.08s Sys=0.00s Real=0.13s
[39.832s][info][gc,start       ] GC(33) Pause Young (Allocation Failure)
[39.843s][info][gc,heap        ] GC(33) PSYoungGen: 2554368K->67594K(2669056K)
[39.843s][info][gc,heap        ] GC(33) ParOldGen: 121136K->121144K(5592576K)
[39.843s][info][gc,metaspace   ] GC(33) Metaspace: 168155K(182364K)->168155K(182364K) NonClass: 147661K(154960K)->147661K(154960K) Class: 20494K(27404K)->20494K(27404K)
[39.843s][info][gc             ] GC(33) Pause Young (Allocation Failure) 2612M->184M(8068M) 11.057ms
[39.843s][info][gc,cpu         ] GC(33) User=0.00s Sys=0.00s Real=0.02s
[40.441s][info][gc,start       ] GC(34) Pause Young (System.gc())
[40.444s][info][gc,heap        ] GC(34) PSYoungGen: 472442K->2141K(2673152K)
[40.444s][info][gc,heap        ] GC(34) ParOldGen: 121144K->123589K(5592576K)
[40.444s][info][gc,metaspace   ] GC(34) Metaspace: 168252K(182364K)->168252K(182364K) NonClass: 147756K(154960K)->147756K(154960K) Class: 20495K(27404K)->20495K(27404K)
[40.444s][info][gc             ] GC(34) Pause Young (System.gc()) 579M->122M(8072M) 3.057ms
[40.444s][info][gc,cpu         ] GC(34) User=0.00s Sys=0.00s Real=0.00s
[40.444s][info][gc,start       ] GC(35) Pause Full (System.gc())
[40.444s][info][gc,phases,start] GC(35) Marking Phase
[40.497s][info][gc,phases      ] GC(35) Marking Phase 52.883ms
[40.497s][info][gc,phases,start] GC(35) Summary Phase
[40.497s][info][gc,phases      ] GC(35) Summary Phase 0.011ms
[40.497s][info][gc,phases,start] GC(35) Adjust Roots
[40.516s][info][gc,phases      ] GC(35) Adjust Roots 18.620ms
[40.516s][info][gc,phases,start] GC(35) Compaction Phase
[40.561s][info][gc,phases      ] GC(35) Compaction Phase 44.812ms
[40.561s][info][gc,phases,start] GC(35) Post Compact
[40.561s][info][gc,phases      ] GC(35) Post Compact 0.865ms
[40.562s][info][gc,heap        ] GC(35) PSYoungGen: 2141K->0K(2673152K)
[40.562s][info][gc,heap        ] GC(35) ParOldGen: 123589K->121582K(5592576K)
[40.562s][info][gc,metaspace   ] GC(35) Metaspace: 168252K(182364K)->168252K(182364K) NonClass: 147756K(154960K)->147756K(154960K) Class: 20495K(27404K)->20495K(27404K)
[40.562s][info][gc             ] GC(35) Pause Full (System.gc()) 122M->118M(8072M) 117.448ms
[40.562s][info][gc,cpu         ] GC(35) User=0.09s Sys=0.00s Real=0.12s
[41.702s][info][gc,start       ] GC(36) Pause Young (Allocation Failure)
[41.713s][info][gc,heap        ] GC(36) PSYoungGen: 2550272K->68490K(2667520K)
[41.713s][info][gc,heap        ] GC(36) ParOldGen: 121582K->121590K(5592576K)
[41.713s][info][gc,metaspace   ] GC(36) Metaspace: 168395K(182620K)->168395K(182620K) NonClass: 147899K(155216K)->147899K(155216K) Class: 20495K(27404K)->20495K(27404K)
[41.713s][info][gc             ] GC(36) Pause Young (Allocation Failure) 2609M->185M(8066M) 11.348ms
[41.713s][info][gc,cpu         ] GC(36) User=0.00s Sys=0.00s Real=0.00s
[42.288s][info][gc,start       ] GC(37) Pause Young (System.gc())
[42.291s][info][gc,heap        ] GC(37) PSYoungGen: 440297K->1996K(2671616K)
[42.291s][info][gc,heap        ] GC(37) ParOldGen: 121590K->124100K(5592576K)
[42.291s][info][gc,metaspace   ] GC(37) Metaspace: 168459K(182620K)->168459K(182620K) NonClass: 147964K(155216K)->147964K(155216K) Class: 20495K(27404K)->20495K(27404K)
[42.291s][info][gc             ] GC(37) Pause Young (System.gc()) 548M->123M(8070M) 2.718ms
[42.291s][info][gc,cpu         ] GC(37) User=0.00s Sys=0.00s Real=0.00s
[42.291s][info][gc,start       ] GC(38) Pause Full (System.gc())
[42.291s][info][gc,phases,start] GC(38) Marking Phase
[42.342s][info][gc,phases      ] GC(38) Marking Phase 51.165ms
[42.342s][info][gc,phases,start] GC(38) Summary Phase
[42.342s][info][gc,phases      ] GC(38) Summary Phase 0.011ms
[42.342s][info][gc,phases,start] GC(38) Adjust Roots
[42.360s][info][gc,phases      ] GC(38) Adjust Roots 17.591ms
[42.360s][info][gc,phases,start] GC(38) Compaction Phase
[42.407s][info][gc,phases      ] GC(38) Compaction Phase 47.170ms
[42.407s][info][gc,phases,start] GC(38) Post Compact
[42.408s][info][gc,phases      ] GC(38) Post Compact 0.993ms
[42.408s][info][gc,heap        ] GC(38) PSYoungGen: 1996K->0K(2671616K)
[42.408s][info][gc,heap        ] GC(38) ParOldGen: 124100K->121853K(5592576K)
[42.408s][info][gc,metaspace   ] GC(38) Metaspace: 168459K(182620K)->168459K(182620K) NonClass: 147964K(155216K)->147964K(155216K) Class: 20495K(27404K)->20495K(27404K)
[42.408s][info][gc             ] GC(38) Pause Full (System.gc()) 123M->118M(8070M) 117.245ms
[42.408s][info][gc,cpu         ] GC(38) User=0.14s Sys=0.00s Real=0.13s
[43.558s][info][gc,start       ] GC(39) Pause Young (Allocation Failure)
[43.569s][info][gc,heap        ] GC(39) PSYoungGen: 2547200K->68419K(2665984K)
[43.569s][info][gc,heap        ] GC(39) ParOldGen: 121853K->121861K(5592576K)
[43.569s][info][gc,metaspace   ] GC(39) Metaspace: 168548K(182620K)->168548K(182620K) NonClass: 148052K(155216K)->148052K(155216K) Class: 20495K(27404K)->20495K(27404K)
[43.569s][info][gc             ] GC(39) Pause Young (Allocation Failure) 2606M->185M(8065M) 11.505ms
[43.569s][info][gc,cpu         ] GC(39) User=0.00s Sys=0.00s Real=0.01s
[44.163s][info][gc,start       ] GC(40) Pause Young (System.gc())
[44.168s][info][gc,heap        ] GC(40) PSYoungGen: 440447K->1988K(2670080K)
[44.168s][info][gc,heap        ] GC(40) ParOldGen: 121861K->124318K(5592576K)
[44.168s][info][gc,metaspace   ] GC(40) Metaspace: 168640K(182876K)->168640K(182876K) NonClass: 148143K(155472K)->148143K(155472K) Class: 20497K(27404K)->20497K(27404K)
[44.168s][info][gc             ] GC(40) Pause Young (System.gc()) 549M->123M(8069M) 4.671ms
[44.168s][info][gc,cpu         ] GC(40) User=0.00s Sys=0.00s Real=0.02s
[44.168s][info][gc,start       ] GC(41) Pause Full (System.gc())
[44.168s][info][gc,phases,start] GC(41) Marking Phase
[44.223s][info][gc,phases      ] GC(41) Marking Phase 54.492ms
[44.223s][info][gc,phases,start] GC(41) Summary Phase
[44.223s][info][gc,phases      ] GC(41) Summary Phase 0.012ms
[44.223s][info][gc,phases,start] GC(41) Adjust Roots
[44.240s][info][gc,phases      ] GC(41) Adjust Roots 17.542ms
[44.240s][info][gc,phases,start] GC(41) Compaction Phase
[44.277s][info][gc,phases      ] GC(41) Compaction Phase 37.066ms
[44.277s][info][gc,phases,start] GC(41) Post Compact
[44.278s][info][gc,phases      ] GC(41) Post Compact 0.885ms
[44.278s][info][gc,heap        ] GC(41) PSYoungGen: 1988K->0K(2670080K)
[44.278s][info][gc,heap        ] GC(41) ParOldGen: 124318K->122217K(5592576K)
[44.278s][info][gc,metaspace   ] GC(41) Metaspace: 168640K(182876K)->168640K(182876K) NonClass: 148143K(155472K)->148143K(155472K) Class: 20497K(27404K)->20497K(27404K)
[44.278s][info][gc             ] GC(41) Pause Full (System.gc()) 123M->119M(8069M) 110.291ms
[44.278s][info][gc,cpu         ] GC(41) User=0.09s Sys=0.00s Real=0.11s
[45.331s][info][gc,start       ] GC(42) Pause Young (Allocation Failure)
[45.342s][info][gc,heap        ] GC(42) PSYoungGen: 2544128K->68169K(2664960K)
[45.342s][info][gc,heap        ] GC(42) ParOldGen: 122217K->122225K(5592576K)
[45.342s][info][gc,metaspace   ] GC(42) Metaspace: 168726K(182876K)->168726K(182876K) NonClass: 148229K(155472K)->148229K(155472K) Class: 20497K(27404K)->20497K(27404K)
[45.342s][info][gc             ] GC(42) Pause Young (Allocation Failure) 2603M->185M(8064M) 10.889ms
[45.342s][info][gc,cpu         ] GC(42) User=0.00s Sys=0.00s Real=0.00s
[45.989s][info][gc,start       ] GC(43) Pause Young (System.gc())
[45.991s][info][gc,heap        ] GC(43) PSYoungGen: 473477K->2240K(2669056K)
[45.991s][info][gc,heap        ] GC(43) ParOldGen: 122225K->124628K(5592576K)
[45.991s][info][gc,metaspace   ] GC(43) Metaspace: 168841K(182876K)->168841K(182876K) NonClass: 148343K(155472K)->148343K(155472K) Class: 20497K(27404K)->20497K(27404K)
[45.991s][info][gc             ] GC(43) Pause Young (System.gc()) 581M->123M(8068M) 2.895ms
[45.991s][info][gc,cpu         ] GC(43) User=0.00s Sys=0.00s Real=0.00s
[45.992s][info][gc,start       ] GC(44) Pause Full (System.gc())
[45.992s][info][gc,phases,start] GC(44) Marking Phase
[46.042s][info][gc,phases      ] GC(44) Marking Phase 50.542ms
[46.042s][info][gc,phases,start] GC(44) Summary Phase
[46.042s][info][gc,phases      ] GC(44) Summary Phase 0.011ms
[46.042s][info][gc,phases,start] GC(44) Adjust Roots
[46.061s][info][gc,phases      ] GC(44) Adjust Roots 18.379ms
[46.061s][info][gc,phases,start] GC(44) Compaction Phase
[46.112s][info][gc,phases      ] GC(44) Compaction Phase 51.049ms
[46.112s][info][gc,phases,start] GC(44) Post Compact
[46.113s][info][gc,phases      ] GC(44) Post Compact 0.858ms
[46.113s][info][gc,heap        ] GC(44) PSYoungGen: 2240K->0K(2669056K)
[46.113s][info][gc,heap        ] GC(44) ParOldGen: 124628K->122674K(5592576K)
[46.113s][info][gc,metaspace   ] GC(44) Metaspace: 168841K(182876K)->168841K(182876K) NonClass: 148343K(155472K)->148343K(155472K) Class: 20497K(27404K)->20497K(27404K)
[46.113s][info][gc             ] GC(44) Pause Full (System.gc()) 123M->119M(8068M) 121.109ms
[46.113s][info][gc,cpu         ] GC(44) User=0.12s Sys=0.00s Real=0.13s
[47.201s][info][gc,start       ] GC(45) Pause Young (Allocation Failure)
[47.212s][info][gc,heap        ] GC(45) PSYoungGen: 2542080K->67530K(2664960K)
[47.212s][info][gc,heap        ] GC(45) ParOldGen: 122674K->122682K(5592576K)
[47.212s][info][gc,metaspace   ] GC(45) Metaspace: 169077K(183132K)->169077K(183132K) NonClass: 148578K(155728K)->148578K(155728K) Class: 20498K(27404K)->20498K(27404K)
[47.212s][info][gc             ] GC(45) Pause Young (Allocation Failure) 2602M->185M(8064M) 10.766ms
[47.212s][info][gc,cpu         ] GC(45) User=0.02s Sys=0.00s Real=0.02s
[47.783s][info][gc,start       ] GC(46) Pause Young (System.gc())
[47.786s][info][gc,heap        ] GC(46) PSYoungGen: 438438K->2100K(2668544K)
[47.786s][info][gc,heap        ] GC(46) ParOldGen: 122682K->125056K(5592576K)
[47.786s][info][gc,metaspace   ] GC(46) Metaspace: 169138K(183132K)->169138K(183132K) NonClass: 148639K(155728K)->148639K(155728K) Class: 20498K(27404K)->20498K(27404K)
[47.786s][info][gc             ] GC(46) Pause Young (System.gc()) 547M->124M(8067M) 2.952ms
[47.786s][info][gc,cpu         ] GC(46) User=0.00s Sys=0.00s Real=0.00s
[47.786s][info][gc,start       ] GC(47) Pause Full (System.gc())
[47.786s][info][gc,phases,start] GC(47) Marking Phase
[47.841s][info][gc,phases      ] GC(47) Marking Phase 54.607ms
[47.841s][info][gc,phases,start] GC(47) Summary Phase
[47.841s][info][gc,phases      ] GC(47) Summary Phase 0.011ms
[47.841s][info][gc,phases,start] GC(47) Adjust Roots
[47.860s][info][gc,phases      ] GC(47) Adjust Roots 18.711ms
[47.860s][info][gc,phases,start] GC(47) Compaction Phase
[47.900s][info][gc,phases      ] GC(47) Compaction Phase 40.470ms
[47.900s][info][gc,phases,start] GC(47) Post Compact
[47.901s][info][gc,phases      ] GC(47) Post Compact 0.870ms
[47.901s][info][gc,heap        ] GC(47) PSYoungGen: 2100K->0K(2668544K)
[47.901s][info][gc,heap        ] GC(47) ParOldGen: 125056K->122850K(5592576K)
[47.901s][info][gc,metaspace   ] GC(47) Metaspace: 169138K(183132K)->169138K(183132K) NonClass: 148639K(155728K)->148639K(155728K) Class: 20498K(27404K)->20498K(27404K)
[47.901s][info][gc             ] GC(47) Pause Full (System.gc()) 124M->119M(8067M) 114.957ms
[47.901s][info][gc,cpu         ] GC(47) User=0.11s Sys=0.00s Real=0.13s
[48.987s][info][gc,start       ] GC(48) Pause Young (Allocation Failure)
[48.997s][info][gc,heap        ] GC(48) PSYoungGen: 2541056K->68165K(2664448K)
[48.997s][info][gc,heap        ] GC(48) ParOldGen: 122850K->122850K(5592576K)
[48.997s][info][gc,metaspace   ] GC(48) Metaspace: 169214K(183132K)->169214K(183132K) NonClass: 148714K(155728K)->148714K(155728K) Class: 20500K(27404K)->20500K(27404K)
[48.997s][info][gc             ] GC(48) Pause Young (Allocation Failure) 2601M->186M(8063M) 10.639ms
[48.997s][info][gc,cpu         ] GC(48) User=0.00s Sys=0.00s Real=0.00s
[49.555s][info][gc,start       ] GC(49) Pause Young (System.gc())
[49.558s][info][gc,heap        ] GC(49) PSYoungGen: 493614K->1964K(2668032K)
[49.558s][info][gc,heap        ] GC(49) ParOldGen: 122850K->125302K(5592576K)
[49.558s][info][gc,metaspace   ] GC(49) Metaspace: 169270K(183132K)->169270K(183132K) NonClass: 148770K(155728K)->148770K(155728K) Class: 20500K(27404K)->20500K(27404K)
[49.558s][info][gc             ] GC(49) Pause Young (System.gc()) 602M->124M(8067M) 2.871ms
[49.558s][info][gc,cpu         ] GC(49) User=0.00s Sys=0.00s Real=0.00s
[49.558s][info][gc,start       ] GC(50) Pause Full (System.gc())
[49.558s][info][gc,phases,start] GC(50) Marking Phase
[49.611s][info][gc,phases      ] GC(50) Marking Phase 52.719ms
[49.611s][info][gc,phases,start] GC(50) Summary Phase
[49.611s][info][gc,phases      ] GC(50) Summary Phase 0.011ms
[49.611s][info][gc,phases,start] GC(50) Adjust Roots
[49.630s][info][gc,phases      ] GC(50) Adjust Roots 18.915ms
[49.630s][info][gc,phases,start] GC(50) Compaction Phase
[49.676s][info][gc,phases      ] GC(50) Compaction Phase 46.606ms
[49.676s][info][gc,phases,start] GC(50) Post Compact
[49.677s][info][gc,phases      ] GC(50) Post Compact 0.859ms
[49.677s][info][gc,heap        ] GC(50) PSYoungGen: 1964K->0K(2668032K)
[49.677s][info][gc,heap        ] GC(50) ParOldGen: 125302K->123200K(5592576K)
[49.677s][info][gc,metaspace   ] GC(50) Metaspace: 169270K(183132K)->169270K(183132K) NonClass: 148770K(155728K)->148770K(155728K) Class: 20500K(27404K)->20500K(27404K)
[49.677s][info][gc             ] GC(50) Pause Full (System.gc()) 124M->120M(8067M) 119.375ms
[49.677s][info][gc,cpu         ] GC(50) User=0.14s Sys=0.00s Real=0.13s
[50.762s][info][gc,start       ] GC(51) Pause Young (Allocation Failure)
[50.773s][info][gc,heap        ] GC(51) PSYoungGen: 2540032K->67716K(2663936K)
[50.773s][info][gc,heap        ] GC(51) ParOldGen: 123200K->123208K(5592576K)
[50.773s][info][gc,metaspace   ] GC(51) Metaspace: 169300K(183132K)->169300K(183132K) NonClass: 148800K(155728K)->148800K(155728K) Class: 20500K(27404K)->20500K(27404K)
[50.773s][info][gc             ] GC(51) Pause Young (Allocation Failure) 2600M->186M(8063M) 11.223ms
[50.773s][info][gc,cpu         ] GC(51) User=0.00s Sys=0.00s Real=0.01s
[51.342s][info][gc,start       ] GC(52) Pause Young (System.gc())
[51.344s][info][gc,heap        ] GC(52) PSYoungGen: 452702K->2068K(2667520K)
[51.344s][info][gc,heap        ] GC(52) ParOldGen: 123208K->125568K(5592576K)
[51.344s][info][gc,metaspace   ] GC(52) Metaspace: 169331K(183388K)->169331K(183388K) NonClass: 148831K(155984K)->148831K(155984K) Class: 20500K(27404K)->20500K(27404K)
[51.344s][info][gc             ] GC(52) Pause Young (System.gc()) 562M->124M(8066M) 2.536ms
[51.344s][info][gc,cpu         ] GC(52) User=0.00s Sys=0.00s Real=0.00s
[51.344s][info][gc,start       ] GC(53) Pause Full (System.gc())
[51.344s][info][gc,phases,start] GC(53) Marking Phase
[51.397s][info][gc,phases      ] GC(53) Marking Phase 52.281ms
[51.397s][info][gc,phases,start] GC(53) Summary Phase
[51.397s][info][gc,phases      ] GC(53) Summary Phase 0.011ms
[51.397s][info][gc,phases,start] GC(53) Adjust Roots
[51.416s][info][gc,phases      ] GC(53) Adjust Roots 18.999ms
[51.416s][info][gc,phases,start] GC(53) Compaction Phase
[51.454s][info][gc,phases      ] GC(53) Compaction Phase 38.446ms
[51.454s][info][gc,phases,start] GC(53) Post Compact
[51.455s][info][gc,phases      ] GC(53) Post Compact 0.865ms
[51.455s][info][gc,heap        ] GC(53) PSYoungGen: 2068K->0K(2667520K)
[51.455s][info][gc,heap        ] GC(53) ParOldGen: 125568K->123551K(5592576K)
[51.455s][info][gc,metaspace   ] GC(53) Metaspace: 169331K(183388K)->169331K(183388K) NonClass: 148831K(155984K)->148831K(155984K) Class: 20500K(27404K)->20500K(27404K)
[51.455s][info][gc             ] GC(53) Pause Full (System.gc()) 124M->120M(8066M) 110.884ms
[51.455s][info][gc,cpu         ] GC(53) User=0.11s Sys=0.00s Real=0.12s
[52.542s][info][gc,start       ] GC(54) Pause Young (Allocation Failure)
[52.552s][info][gc,heap        ] GC(54) PSYoungGen: 2539008K->67483K(2664448K)
[52.552s][info][gc,heap        ] GC(54) ParOldGen: 123551K->123559K(5592576K)
[52.552s][info][gc,metaspace   ] GC(54) Metaspace: 169384K(183388K)->169384K(183388K) NonClass: 148884K(155984K)->148884K(155984K) Class: 20500K(27404K)->20500K(27404K)
[52.552s][info][gc             ] GC(54) Pause Young (Allocation Failure) 2600M->186M(8063M) 10.842ms
[52.552s][info][gc,cpu         ] GC(54) User=0.02s Sys=0.00s Real=0.02s
[53.134s][info][gc,start       ] GC(55) Pause Young (System.gc())
[53.137s][info][gc,heap        ] GC(55) PSYoungGen: 449701K->2077K(2667520K)
[53.137s][info][gc,heap        ] GC(55) ParOldGen: 123559K->125917K(5592576K)
[53.137s][info][gc,metaspace   ] GC(55) Metaspace: 169468K(183388K)->169468K(183388K) NonClass: 148968K(155984K)->148968K(155984K) Class: 20500K(27404K)->20500K(27404K)
[53.137s][info][gc             ] GC(55) Pause Young (System.gc()) 559M->124M(8066M) 2.949ms
[53.137s][info][gc,cpu         ] GC(55) User=0.00s Sys=0.00s Real=0.00s
[53.137s][info][gc,start       ] GC(56) Pause Full (System.gc())
[53.137s][info][gc,phases,start] GC(56) Marking Phase
[53.193s][info][gc,phases      ] GC(56) Marking Phase 55.746ms
[53.193s][info][gc,phases,start] GC(56) Summary Phase
[53.193s][info][gc,phases      ] GC(56) Summary Phase 0.011ms
[53.193s][info][gc,phases,start] GC(56) Adjust Roots
[53.212s][info][gc,phases      ] GC(56) Adjust Roots 18.716ms
[53.212s][info][gc,phases,start] GC(56) Compaction Phase
[53.254s][info][gc,phases      ] GC(56) Compaction Phase 42.523ms
[53.254s][info][gc,phases,start] GC(56) Post Compact
[53.255s][info][gc,phases      ] GC(56) Post Compact 0.917ms
[53.255s][info][gc,heap        ] GC(56) PSYoungGen: 2077K->0K(2667520K)
[53.255s][info][gc,heap        ] GC(56) ParOldGen: 125917K->123900K(5592576K)
[53.255s][info][gc,metaspace   ] GC(56) Metaspace: 169468K(183388K)->169468K(183388K) NonClass: 148968K(155984K)->148968K(155984K) Class: 20500K(27404K)->20500K(27404K)
[53.255s][info][gc             ] GC(56) Pause Full (System.gc()) 124M->120M(8066M) 118.220ms
[53.255s][info][gc,cpu         ] GC(56) User=0.12s Sys=0.02s Real=0.12s
[54.347s][info][gc,start       ] GC(57) Pause Young (Allocation Failure)
[54.358s][info][gc,heap        ] GC(57) PSYoungGen: 2539008K->67501K(2663424K)
[54.358s][info][gc,heap        ] GC(57) ParOldGen: 123900K->123908K(5592576K)
[54.358s][info][gc,metaspace   ] GC(57) Metaspace: 169564K(183388K)->169564K(183388K) NonClass: 149052K(155984K)->149052K(155984K) Class: 20511K(27404K)->20511K(27404K)
[54.358s][info][gc             ] GC(57) Pause Young (Allocation Failure) 2600M->186M(8062M) 10.685ms
[54.358s][info][gc,cpu         ] GC(57) User=0.02s Sys=0.00s Real=0.02s
[54.907s][info][gc,start       ] GC(58) Pause Young (System.gc())
[54.910s][info][gc,heap        ] GC(58) PSYoungGen: 449530K->2053K(2667008K)
[54.910s][info][gc,heap        ] GC(58) ParOldGen: 123908K->126289K(5592576K)
[54.910s][info][gc,metaspace   ] GC(58) Metaspace: 169660K(183388K)->169660K(183388K) NonClass: 149137K(155984K)->149137K(155984K) Class: 20523K(27404K)->20523K(27404K)
[54.910s][info][gc             ] GC(58) Pause Young (System.gc()) 559M->125M(8066M) 2.724ms
[54.910s][info][gc,cpu         ] GC(58) User=0.00s Sys=0.00s Real=0.00s
[54.910s][info][gc,start       ] GC(59) Pause Full (System.gc())
[54.910s][info][gc,phases,start] GC(59) Marking Phase
[54.963s][info][gc,phases      ] GC(59) Marking Phase 52.266ms
[54.963s][info][gc,phases,start] GC(59) Summary Phase
[54.963s][info][gc,phases      ] GC(59) Summary Phase 0.011ms
[54.963s][info][gc,phases,start] GC(59) Adjust Roots
[54.982s][info][gc,phases      ] GC(59) Adjust Roots 19.651ms
[54.982s][info][gc,phases,start] GC(59) Compaction Phase
[55.028s][info][gc,phases      ] GC(59) Compaction Phase 45.921ms
[55.028s][info][gc,phases,start] GC(59) Post Compact
[55.029s][info][gc,phases      ] GC(59) Post Compact 0.942ms
[55.029s][info][gc,heap        ] GC(59) PSYoungGen: 2053K->0K(2667008K)
[55.029s][info][gc,heap        ] GC(59) ParOldGen: 126289K->124290K(5592576K)
[55.029s][info][gc,metaspace   ] GC(59) Metaspace: 169660K(183388K)->169660K(183388K) NonClass: 149137K(155984K)->149137K(155984K) Class: 20523K(27404K)->20523K(27404K)
[55.029s][info][gc             ] GC(59) Pause Full (System.gc()) 125M->121M(8066M) 119.078ms
[55.029s][info][gc,cpu         ] GC(59) User=0.14s Sys=0.00s Real=0.13s
[56.079s][info][gc,start       ] GC(60) Pause Young (Allocation Failure)
[56.090s][info][gc,heap        ] GC(60) PSYoungGen: 2537829K->67684K(2663424K)
[56.090s][info][gc,heap        ] GC(60) ParOldGen: 124290K->124290K(5592576K)
[56.090s][info][gc,metaspace   ] GC(60) Metaspace: 169720K(183388K)->169720K(183388K) NonClass: 149195K(155984K)->149195K(155984K) Class: 20524K(27404K)->20524K(27404K)
[56.090s][info][gc             ] GC(60) Pause Young (Allocation Failure) 2599M->187M(8062M) 11.253ms
[56.090s][info][gc,cpu         ] GC(60) User=0.00s Sys=0.00s Real=0.00s
[56.667s][info][gc,start       ] GC(61) Pause Young (System.gc())
[56.670s][info][gc,heap        ] GC(61) PSYoungGen: 443715K->2164K(2667008K)
[56.670s][info][gc,heap        ] GC(61) ParOldGen: 124290K->126703K(5592576K)
[56.670s][info][gc,metaspace   ] GC(61) Metaspace: 169828K(183644K)->169828K(183644K) NonClass: 149303K(156240K)->149303K(156240K) Class: 20524K(27404K)->20524K(27404K)
[56.670s][info][gc             ] GC(61) Pause Young (System.gc()) 554M->125M(8066M) 2.968ms
[56.670s][info][gc,cpu         ] GC(61) User=0.00s Sys=0.00s Real=0.00s
[56.670s][info][gc,start       ] GC(62) Pause Full (System.gc())
[56.670s][info][gc,phases,start] GC(62) Marking Phase
[56.753s][info][gc,phases      ] GC(62) Marking Phase 83.518ms
[56.754s][info][gc,phases,start] GC(62) Summary Phase
[56.754s][info][gc,phases      ] GC(62) Summary Phase 0.012ms
[56.754s][info][gc,phases,start] GC(62) Adjust Roots
[56.773s][info][gc,phases      ] GC(62) Adjust Roots 19.601ms
[56.773s][info][gc,phases,start] GC(62) Compaction Phase
[56.825s][info][gc,phases      ] GC(62) Compaction Phase 51.803ms
[56.825s][info][gc,phases,start] GC(62) Post Compact
[56.826s][info][gc,phases      ] GC(62) Post Compact 0.858ms
[56.826s][info][gc,heap        ] GC(62) PSYoungGen: 2164K->0K(2667008K)
[56.826s][info][gc,heap        ] GC(62) ParOldGen: 126703K->124632K(5592576K)
[56.826s][info][gc,metaspace   ] GC(62) Metaspace: 169828K(183644K)->169825K(183644K) NonClass: 149303K(156240K)->149302K(156240K) Class: 20524K(27404K)->20523K(27404K)
[56.826s][info][gc             ] GC(62) Pause Full (System.gc()) 125M->121M(8066M) 156.067ms
[56.826s][info][gc,cpu         ] GC(62) User=0.16s Sys=0.00s Real=0.16s
[57.886s][info][gc,start       ] GC(63) Pause Young (Allocation Failure)
[57.897s][info][gc,heap        ] GC(63) PSYoungGen: 2536279K->67604K(2663936K)
[57.897s][info][gc,heap        ] GC(63) ParOldGen: 124632K->124640K(5592576K)
[57.897s][info][gc,metaspace   ] GC(63) Metaspace: 169897K(183644K)->169897K(183644K) NonClass: 149373K(156240K)->149373K(156240K) Class: 20523K(27404K)->20523K(27404K)
[57.897s][info][gc             ] GC(63) Pause Young (Allocation Failure) 2598M->187M(8063M) 10.424ms
[57.897s][info][gc,cpu         ] GC(63) User=0.00s Sys=0.00s Real=0.00s
[58.454s][info][gc,start       ] GC(64) Pause Young (System.gc())
[58.457s][info][gc,heap        ] GC(64) PSYoungGen: 451485K->2043K(2667008K)
[58.457s][info][gc,heap        ] GC(64) ParOldGen: 124640K->127052K(5592576K)
[58.457s][info][gc,metaspace   ] GC(64) Metaspace: 170046K(183644K)->170046K(183644K) NonClass: 149521K(156240K)->149521K(156240K) Class: 20524K(27404K)->20524K(27404K)
[58.457s][info][gc             ] GC(64) Pause Young (System.gc()) 562M->126M(8066M) 3.084ms
[58.457s][info][gc,cpu         ] GC(64) User=0.00s Sys=0.00s Real=0.00s
[58.457s][info][gc,start       ] GC(65) Pause Full (System.gc())
[58.457s][info][gc,phases,start] GC(65) Marking Phase
[58.509s][info][gc,phases      ] GC(65) Marking Phase 52.188ms
[58.509s][info][gc,phases,start] GC(65) Summary Phase
[58.509s][info][gc,phases      ] GC(65) Summary Phase 0.011ms
[58.510s][info][gc,phases,start] GC(65) Adjust Roots
[58.528s][info][gc,phases      ] GC(65) Adjust Roots 18.890ms
[58.528s][info][gc,phases,start] GC(65) Compaction Phase
[58.560s][info][gc,phases      ] GC(65) Compaction Phase 31.201ms
[58.560s][info][gc,phases,start] GC(65) Post Compact
[58.561s][info][gc,phases      ] GC(65) Post Compact 0.997ms
[58.561s][info][gc,heap        ] GC(65) PSYoungGen: 2043K->0K(2667008K)
[58.561s][info][gc,heap        ] GC(65) ParOldGen: 127052K->124979K(5592576K)
[58.561s][info][gc,metaspace   ] GC(65) Metaspace: 170046K(183644K)->170046K(183644K) NonClass: 149521K(156240K)->149521K(156240K) Class: 20524K(27404K)->20524K(27404K)
[58.561s][info][gc             ] GC(65) Pause Full (System.gc()) 126M->122M(8066M) 103.630ms
[58.561s][info][gc,cpu         ] GC(65) User=0.06s Sys=0.00s Real=0.11s
[59.649s][info][gc,start       ] GC(66) Pause Young (Allocation Failure)
[59.660s][info][gc,heap        ] GC(66) PSYoungGen: 2537984K->67870K(2662912K)
[59.660s][info][gc,heap        ] GC(66) ParOldGen: 124979K->124979K(5592576K)
[59.660s][info][gc,metaspace   ] GC(66) Metaspace: 170115K(183900K)->170115K(183900K) NonClass: 149591K(156496K)->149591K(156496K) Class: 20524K(27404K)->20524K(27404K)
[59.660s][info][gc             ] GC(66) Pause Young (Allocation Failure) 2600M->188M(8062M) 10.953ms
[59.660s][info][gc,cpu         ] GC(66) User=0.02s Sys=0.00s Real=0.01s
[60.216s][info][gc,start       ] GC(67) Pause Young (System.gc())
[60.219s][info][gc,heap        ] GC(67) PSYoungGen: 435985K->2045K(2666496K)
[60.219s][info][gc,heap        ] GC(67) ParOldGen: 124979K->127319K(5592576K)
[60.219s][info][gc,metaspace   ] GC(67) Metaspace: 170164K(183900K)->170164K(183900K) NonClass: 149639K(156496K)->149639K(156496K) Class: 20524K(27404K)->20524K(27404K)
[60.219s][info][gc             ] GC(67) Pause Young (System.gc()) 547M->126M(8065M) 2.924ms
[60.219s][info][gc,cpu         ] GC(67) User=0.00s Sys=0.00s Real=0.00s
[60.219s][info][gc,start       ] GC(68) Pause Full (System.gc())
[60.219s][info][gc,phases,start] GC(68) Marking Phase
[60.275s][info][gc,phases      ] GC(68) Marking Phase 55.935ms
[60.275s][info][gc,phases,start] GC(68) Summary Phase
[60.275s][info][gc,phases      ] GC(68) Summary Phase 0.011ms
[60.275s][info][gc,phases,start] GC(68) Adjust Roots
[60.295s][info][gc,phases      ] GC(68) Adjust Roots 19.716ms
[60.295s][info][gc,phases,start] GC(68) Compaction Phase
[60.336s][info][gc,phases      ] GC(68) Compaction Phase 41.515ms
[60.336s][info][gc,phases,start] GC(68) Post Compact
[60.337s][info][gc,phases      ] GC(68) Post Compact 1.053ms
[60.337s][info][gc,heap        ] GC(68) PSYoungGen: 2045K->0K(2666496K)
[60.337s][info][gc,heap        ] GC(68) ParOldGen: 127319K->125328K(5592576K)
[60.337s][info][gc,metaspace   ] GC(68) Metaspace: 170164K(183900K)->170164K(183900K) NonClass: 149639K(156496K)->149639K(156496K) Class: 20524K(27404K)->20524K(27404K)
[60.337s][info][gc             ] GC(68) Pause Full (System.gc()) 126M->122M(8065M) 118.506ms
[60.337s][info][gc,cpu         ] GC(68) User=0.16s Sys=0.00s Real=0.13s
[61.443s][info][gc,start       ] GC(69) Pause Young (Allocation Failure)
[61.454s][info][gc,heap        ] GC(69) PSYoungGen: 2536960K->68844K(2661888K)
[61.454s][info][gc,heap        ] GC(69) ParOldGen: 125328K->125336K(5592576K)
[61.454s][info][gc,metaspace   ] GC(69) Metaspace: 170279K(183900K)->170279K(183900K) NonClass: 149754K(156496K)->149754K(156496K) Class: 20524K(27404K)->20524K(27404K)
[61.454s][info][gc             ] GC(69) Pause Young (Allocation Failure) 2599M->189M(8061M) 11.045ms
[61.454s][info][gc,cpu         ] GC(69) User=0.02s Sys=0.00s Real=0.01s
[62.007s][info][gc,start       ] GC(70) Pause Young (System.gc())
[62.009s][info][gc,heap        ] GC(70) PSYoungGen: 428011K->2020K(2665984K)
[62.009s][info][gc,heap        ] GC(70) ParOldGen: 125336K->127780K(5592576K)
[62.009s][info][gc,metaspace   ] GC(70) Metaspace: 170311K(183900K)->170311K(183900K) NonClass: 149786K(156496K)->149786K(156496K) Class: 20524K(27404K)->20524K(27404K)
[62.010s][info][gc             ] GC(70) Pause Young (System.gc()) 540M->126M(8065M) 2.746ms
[62.010s][info][gc,cpu         ] GC(70) User=0.00s Sys=0.00s Real=0.00s
[62.010s][info][gc,start       ] GC(71) Pause Full (System.gc())
[62.010s][info][gc,phases,start] GC(71) Marking Phase
[62.066s][info][gc,phases      ] GC(71) Marking Phase 56.839ms
[62.067s][info][gc,phases,start] GC(71) Summary Phase
[62.067s][info][gc,phases      ] GC(71) Summary Phase 0.011ms
[62.067s][info][gc,phases,start] GC(71) Adjust Roots
[62.086s][info][gc,phases      ] GC(71) Adjust Roots 19.462ms
[62.086s][info][gc,phases,start] GC(71) Compaction Phase
[62.126s][info][gc,phases      ] GC(71) Compaction Phase 39.630ms
[62.126s][info][gc,phases,start] GC(71) Post Compact
[62.127s][info][gc,phases      ] GC(71) Post Compact 0.890ms
[62.127s][info][gc,heap        ] GC(71) PSYoungGen: 2020K->0K(2665984K)
[62.127s][info][gc,heap        ] GC(71) ParOldGen: 127780K->125673K(5592576K)
[62.127s][info][gc,metaspace   ] GC(71) Metaspace: 170311K(183900K)->170311K(183900K) NonClass: 149786K(156496K)->149786K(156496K) Class: 20524K(27404K)->20524K(27404K)
[62.127s][info][gc             ] GC(71) Pause Full (System.gc()) 126M->122M(8065M) 117.112ms
[62.127s][info][gc,cpu         ] GC(71) User=0.11s Sys=0.00s Real=0.12s
[63.263s][info][gc,start       ] GC(72) Pause Young (Allocation Failure)
[63.274s][info][gc,heap        ] GC(72) PSYoungGen: 2535936K->67451K(2662400K)
[63.274s][info][gc,heap        ] GC(72) ParOldGen: 125673K->125673K(5592576K)
[63.274s][info][gc,metaspace   ] GC(72) Metaspace: 170328K(183900K)->170328K(183900K) NonClass: 149803K(156496K)->149803K(156496K) Class: 20524K(27404K)->20524K(27404K)
[63.274s][info][gc             ] GC(72) Pause Young (Allocation Failure) 2599M->188M(8061M) 10.790ms
[63.274s][info][gc,cpu         ] GC(72) User=0.02s Sys=0.00s Real=0.02s
[63.814s][info][gc,start       ] GC(73) Pause Young (System.gc())
[63.817s][info][gc,heap        ] GC(73) PSYoungGen: 442296K->2036K(2665984K)
[63.817s][info][gc,heap        ] GC(73) ParOldGen: 125673K->128012K(5592576K)
[63.817s][info][gc,metaspace   ] GC(73) Metaspace: 170348K(183900K)->170348K(183900K) NonClass: 149823K(156496K)->149823K(156496K) Class: 20524K(27404K)->20524K(27404K)
[63.817s][info][gc             ] GC(73) Pause Young (System.gc()) 554M->127M(8065M) 2.826ms
[63.817s][info][gc,cpu         ] GC(73) User=0.02s Sys=0.00s Real=0.01s
[63.817s][info][gc,start       ] GC(74) Pause Full (System.gc())
[63.817s][info][gc,phases,start] GC(74) Marking Phase
[63.873s][info][gc,phases      ] GC(74) Marking Phase 56.316ms
[63.873s][info][gc,phases,start] GC(74) Summary Phase
[63.873s][info][gc,phases      ] GC(74) Summary Phase 0.011ms
[63.873s][info][gc,phases,start] GC(74) Adjust Roots
[63.892s][info][gc,phases      ] GC(74) Adjust Roots 19.118ms
[63.892s][info][gc,phases,start] GC(74) Compaction Phase
[63.925s][info][gc,phases      ] GC(74) Compaction Phase 32.493ms
[63.925s][info][gc,phases,start] GC(74) Post Compact
[63.926s][info][gc,phases      ] GC(74) Post Compact 0.864ms
[63.926s][info][gc,heap        ] GC(74) PSYoungGen: 2036K->0K(2665984K)
[63.926s][info][gc,heap        ] GC(74) ParOldGen: 128012K->126020K(5592576K)
[63.926s][info][gc,metaspace   ] GC(74) Metaspace: 170348K(183900K)->170348K(183900K) NonClass: 149823K(156496K)->149823K(156496K) Class: 20524K(27404K)->20524K(27404K)
[63.926s][info][gc             ] GC(74) Pause Full (System.gc()) 127M->123M(8065M) 109.103ms
[63.926s][info][gc,cpu         ] GC(74) User=0.03s Sys=0.00s Real=0.11s
[64.970s][info][gc,start       ] GC(75) Pause Young (Allocation Failure)
[64.980s][info][gc,heap        ] GC(75) PSYoungGen: 2535774K->67602K(2662400K)
[64.980s][info][gc,heap        ] GC(75) ParOldGen: 126020K->126028K(5592576K)
[64.980s][info][gc,metaspace   ] GC(75) Metaspace: 170458K(184156K)->170458K(184156K) NonClass: 149934K(156752K)->149934K(156752K) Class: 20524K(27404K)->20524K(27404K)
[64.980s][info][gc             ] GC(75) Pause Young (Allocation Failure) 2599M->189M(8061M) 10.754ms
[64.980s][info][gc,cpu         ] GC(75) User=0.02s Sys=0.00s Real=0.01s
[65.526s][info][gc,start       ] GC(76) Pause Young (System.gc())
[65.529s][info][gc,heap        ] GC(76) PSYoungGen: 459442K->2141K(2665984K)
[65.529s][info][gc,heap        ] GC(76) ParOldGen: 126028K->128368K(5592576K)
[65.529s][info][gc,metaspace   ] GC(76) Metaspace: 170575K(184156K)->170575K(184156K) NonClass: 150028K(156752K)->150028K(156752K) Class: 20546K(27404K)->20546K(27404K)
[65.529s][info][gc             ] GC(76) Pause Young (System.gc()) 571M->127M(8065M) 3.075ms
[65.529s][info][gc,cpu         ] GC(76) User=0.00s Sys=0.00s Real=0.00s
[65.529s][info][gc,start       ] GC(77) Pause Full (System.gc())
[65.529s][info][gc,phases,start] GC(77) Marking Phase
[65.583s][info][gc,phases      ] GC(77) Marking Phase 54.252ms
[65.583s][info][gc,phases,start] GC(77) Summary Phase
[65.583s][info][gc,phases      ] GC(77) Summary Phase 0.012ms
[65.583s][info][gc,phases,start] GC(77) Adjust Roots
[65.604s][info][gc,phases      ] GC(77) Adjust Roots 21.095ms
[65.604s][info][gc,phases,start] GC(77) Compaction Phase
[65.653s][info][gc,phases      ] GC(77) Compaction Phase 48.592ms
[65.653s][info][gc,phases,start] GC(77) Post Compact
[65.654s][info][gc,phases      ] GC(77) Post Compact 0.892ms
[65.654s][info][gc,heap        ] GC(77) PSYoungGen: 2141K->0K(2665984K)
[65.654s][info][gc,heap        ] GC(77) ParOldGen: 128368K->125628K(5592576K)
[65.654s][info][gc,metaspace   ] GC(77) Metaspace: 170575K(184156K)->170575K(184156K) NonClass: 150028K(156752K)->150028K(156752K) Class: 20546K(27404K)->20546K(27404K)
[65.654s][info][gc             ] GC(77) Pause Full (System.gc()) 127M->122M(8065M) 125.116ms
[65.654s][info][gc,cpu         ] GC(77) User=0.14s Sys=0.00s Real=0.13s
[66.711s][info][gc,start       ] GC(78) Pause Young (Allocation Failure)
[66.722s][info][gc,heap        ] GC(78) PSYoungGen: 2534046K->67572K(2662400K)
[66.722s][info][gc,heap        ] GC(78) ParOldGen: 125628K->125636K(5592576K)
[66.722s][info][gc,metaspace   ] GC(78) Metaspace: 170787K(184412K)->170787K(184412K) NonClass: 150240K(157008K)->150240K(157008K) Class: 20546K(27404K)->20546K(27404K)
[66.722s][info][gc             ] GC(78) Pause Young (Allocation Failure) 2597M->188M(8061M) 10.677ms
[66.722s][info][gc,cpu         ] GC(78) User=0.02s Sys=0.00s Real=0.02s
[67.272s][info][gc,start       ] GC(79) Pause Young (System.gc())
[67.275s][info][gc,heap        ] GC(79) PSYoungGen: 444970K->2060K(2665984K)
[67.275s][info][gc,heap        ] GC(79) ParOldGen: 125636K->128054K(5592576K)
[67.275s][info][gc,metaspace   ] GC(79) Metaspace: 170804K(184412K)->170804K(184412K) NonClass: 150258K(157008K)->150258K(157008K) Class: 20546K(27404K)->20546K(27404K)
[67.275s][info][gc             ] GC(79) Pause Young (System.gc()) 557M->127M(8065M) 3.178ms
[67.275s][info][gc,cpu         ] GC(79) User=0.00s Sys=0.00s Real=0.00s
[67.275s][info][gc,start       ] GC(80) Pause Full (System.gc())
[67.275s][info][gc,phases,start] GC(80) Marking Phase
[67.330s][info][gc,phases      ] GC(80) Marking Phase 54.591ms
[67.330s][info][gc,phases,start] GC(80) Summary Phase
[67.330s][info][gc,phases      ] GC(80) Summary Phase 0.032ms
[67.330s][info][gc,phases,start] GC(80) Adjust Roots
[67.350s][info][gc,phases      ] GC(80) Adjust Roots 20.319ms
[67.350s][info][gc,phases,start] GC(80) Compaction Phase
[67.394s][info][gc,phases      ] GC(80) Compaction Phase 43.626ms
[67.394s][info][gc,phases,start] GC(80) Post Compact
[67.395s][info][gc,phases      ] GC(80) Post Compact 1.017ms
[67.395s][info][gc,heap        ] GC(80) PSYoungGen: 2060K->0K(2665984K)
[67.395s][info][gc,heap        ] GC(80) ParOldGen: 128054K->125980K(5592576K)
[67.395s][info][gc,metaspace   ] GC(80) Metaspace: 170804K(184412K)->170804K(184412K) NonClass: 150258K(157008K)->150258K(157008K) Class: 20546K(27404K)->20546K(27404K)
[67.395s][info][gc             ] GC(80) Pause Full (System.gc()) 127M->123M(8065M) 119.894ms
[67.395s][info][gc,cpu         ] GC(80) User=0.14s Sys=0.00s Real=0.13s
[68.443s][info][gc,start       ] GC(81) Pause Young (GCLocker Initiated GC)
[68.454s][info][gc,heap        ] GC(81) PSYoungGen: 2535936K->68900K(2661376K)
[68.454s][info][gc,heap        ] GC(81) ParOldGen: 126046K->126046K(5592576K)
[68.454s][info][gc,metaspace   ] GC(81) Metaspace: 170866K(184412K)->170866K(184412K) NonClass: 150319K(157008K)->150319K(157008K) Class: 20546K(27404K)->20546K(27404K)
[68.454s][info][gc             ] GC(81) Pause Young (GCLocker Initiated GC) 2599M->190M(8060M) 11.196ms
[68.454s][info][gc,cpu         ] GC(81) User=0.05s Sys=0.00s Real=0.02s
[69.006s][info][gc,start       ] GC(82) Pause Young (System.gc())
[69.009s][info][gc,heap        ] GC(82) PSYoungGen: 435948K->1940K(2665472K)
[69.009s][info][gc,heap        ] GC(82) ParOldGen: 126046K->128482K(5592576K)
[69.009s][info][gc,metaspace   ] GC(82) Metaspace: 170897K(184412K)->170897K(184412K) NonClass: 150350K(157008K)->150350K(157008K) Class: 20546K(27404K)->20546K(27404K)
[69.009s][info][gc             ] GC(82) Pause Young (System.gc()) 548M->127M(8064M) 3.063ms
[69.009s][info][gc,cpu         ] GC(82) User=0.00s Sys=0.00s Real=0.00s
[69.009s][info][gc,start       ] GC(83) Pause Full (System.gc())
[69.009s][info][gc,phases,start] GC(83) Marking Phase
[69.063s][info][gc,phases      ] GC(83) Marking Phase 54.041ms
[69.063s][info][gc,phases,start] GC(83) Summary Phase
[69.063s][info][gc,phases      ] GC(83) Summary Phase 0.011ms
[69.063s][info][gc,phases,start] GC(83) Adjust Roots
[69.083s][info][gc,phases      ] GC(83) Adjust Roots 19.523ms
[69.083s][info][gc,phases,start] GC(83) Compaction Phase
[69.105s][info][gc,phases      ] GC(83) Compaction Phase 22.078ms
[69.105s][info][gc,phases,start] GC(83) Post Compact
[69.106s][info][gc,phases      ] GC(83) Post Compact 0.981ms
[69.106s][info][gc,heap        ] GC(83) PSYoungGen: 1940K->0K(2665472K)
[69.106s][info][gc,heap        ] GC(83) ParOldGen: 128482K->125628K(5592576K)
[69.106s][info][gc,metaspace   ] GC(83) Metaspace: 170897K(184412K)->170897K(184412K) NonClass: 150350K(157008K)->150350K(157008K) Class: 20546K(27404K)->20546K(27404K)
[69.106s][info][gc             ] GC(83) Pause Full (System.gc()) 127M->122M(8064M) 96.961ms
[69.106s][info][gc,cpu         ] GC(83) User=0.08s Sys=0.00s Real=0.11s
[70.195s][info][gc,start       ] GC(84) Pause Young (Allocation Failure)
[70.206s][info][gc,heap        ] GC(84) PSYoungGen: 2534912K->67857K(2661888K)
[70.206s][info][gc,heap        ] GC(84) ParOldGen: 129726K->129734K(5592576K)
[70.206s][info][gc,metaspace   ] GC(84) Metaspace: 170936K(184412K)->170936K(184412K) NonClass: 150388K(157008K)->150388K(157008K) Class: 20547K(27404K)->20547K(27404K)
[70.206s][info][gc             ] GC(84) Pause Young (Allocation Failure) 2602M->192M(8061M) 10.829ms
[70.206s][info][gc,cpu         ] GC(84) User=0.02s Sys=0.00s Real=0.01s
[70.766s][info][gc,start       ] GC(85) Pause Young (System.gc())
[70.769s][info][gc,heap        ] GC(85) PSYoungGen: 455239K->2117K(2665472K)
[70.769s][info][gc,heap        ] GC(85) ParOldGen: 129734K->132065K(5592576K)
[70.769s][info][gc,metaspace   ] GC(85) Metaspace: 170940K(184412K)->170940K(184412K) NonClass: 150392K(157008K)->150392K(157008K) Class: 20547K(27404K)->20547K(27404K)
[70.769s][info][gc             ] GC(85) Pause Young (System.gc()) 571M->131M(8064M) 3.426ms
[70.769s][info][gc,cpu         ] GC(85) User=0.02s Sys=0.00s Real=0.01s
[70.770s][info][gc,start       ] GC(86) Pause Full (System.gc())
[70.770s][info][gc,phases,start] GC(86) Marking Phase
[70.828s][info][gc,phases      ] GC(86) Marking Phase 58.334ms
[70.828s][info][gc,phases,start] GC(86) Summary Phase
[70.828s][info][gc,phases      ] GC(86) Summary Phase 0.012ms
[70.828s][info][gc,phases,start] GC(86) Adjust Roots
[70.849s][info][gc,phases      ] GC(86) Adjust Roots 20.863ms
[70.849s][info][gc,phases,start] GC(86) Compaction Phase
[70.889s][info][gc,phases      ] GC(86) Compaction Phase 39.677ms
[70.889s][info][gc,phases,start] GC(86) Post Compact
[70.890s][info][gc,phases      ] GC(86) Post Compact 1.008ms
[70.890s][info][gc,heap        ] GC(86) PSYoungGen: 2117K->0K(2665472K)
[70.890s][info][gc,heap        ] GC(86) ParOldGen: 132065K->125975K(5592576K)
[70.890s][info][gc,metaspace   ] GC(86) Metaspace: 170940K(184412K)->170940K(184412K) NonClass: 150392K(157008K)->150392K(157008K) Class: 20547K(27404K)->20547K(27404K)
[70.890s][info][gc             ] GC(86) Pause Full (System.gc()) 131M->123M(8064M) 120.184ms
[70.890s][info][gc,cpu         ] GC(86) User=0.03s Sys=0.00s Real=0.11s
[72.060s][info][gc,start       ] GC(87) Pause Young (Allocation Failure)
[72.072s][info][gc,heap        ] GC(87) PSYoungGen: 2534911K->67808K(2661888K)
[72.072s][info][gc,heap        ] GC(87) ParOldGen: 125975K->125975K(5592576K)
[72.072s][info][gc,metaspace   ] GC(87) Metaspace: 171117K(184668K)->171117K(184668K) NonClass: 150569K(157264K)->150569K(157264K) Class: 20547K(27404K)->20547K(27404K)
[72.072s][info][gc             ] GC(87) Pause Young (Allocation Failure) 2598M->189M(8061M) 12.206ms
[72.072s][info][gc,cpu         ] GC(87) User=0.02s Sys=0.00s Real=0.02s
[72.680s][info][gc,start       ] GC(88) Pause Young (System.gc())
[72.683s][info][gc,heap        ] GC(88) PSYoungGen: 446087K->2094K(2665472K)
[72.683s][info][gc,heap        ] GC(88) ParOldGen: 125975K->128301K(5592576K)
[72.683s][info][gc,metaspace   ] GC(88) Metaspace: 171152K(184668K)->171152K(184668K) NonClass: 150604K(157264K)->150604K(157264K) Class: 20547K(27404K)->20547K(27404K)
[72.683s][info][gc             ] GC(88) Pause Young (System.gc()) 558M->127M(8064M) 3.291ms
[72.683s][info][gc,cpu         ] GC(88) User=0.00s Sys=0.00s Real=0.02s
[72.683s][info][gc,start       ] GC(89) Pause Full (System.gc())
[72.683s][info][gc,phases,start] GC(89) Marking Phase
[72.740s][info][gc,phases      ] GC(89) Marking Phase 57.089ms
[72.740s][info][gc,phases,start] GC(89) Summary Phase
[72.740s][info][gc,phases      ] GC(89) Summary Phase 0.011ms
[72.740s][info][gc,phases,start] GC(89) Adjust Roots
[72.761s][info][gc,phases      ] GC(89) Adjust Roots 20.262ms
[72.761s][info][gc,phases,start] GC(89) Compaction Phase
[72.806s][info][gc,phases      ] GC(89) Compaction Phase 44.921ms
[72.806s][info][gc,phases,start] GC(89) Post Compact
[72.807s][info][gc,phases      ] GC(89) Post Compact 1.047ms
[72.807s][info][gc,heap        ] GC(89) PSYoungGen: 2094K->0K(2665472K)
[72.807s][info][gc,heap        ] GC(89) ParOldGen: 128301K->126320K(5592576K)
[72.807s][info][gc,metaspace   ] GC(89) Metaspace: 171152K(184668K)->171152K(184668K) NonClass: 150604K(157264K)->150604K(157264K) Class: 20547K(27404K)->20547K(27404K)
[72.807s][info][gc             ] GC(89) Pause Full (System.gc()) 127M->123M(8064M) 123.611ms
[72.807s][info][gc,cpu         ] GC(89) User=0.05s Sys=0.00s Real=0.11s
[73.934s][info][gc,start       ] GC(90) Pause Young (Allocation Failure)
[73.945s][info][gc,heap        ] GC(90) PSYoungGen: 2534912K->67671K(2661888K)
[73.945s][info][gc,heap        ] GC(90) ParOldGen: 126320K->126320K(5592576K)
[73.945s][info][gc,metaspace   ] GC(90) Metaspace: 171160K(184924K)->171160K(184924K) NonClass: 150612K(157520K)->150612K(157520K) Class: 20547K(27404K)->20547K(27404K)
[73.945s][info][gc             ] GC(90) Pause Young (Allocation Failure) 2598M->189M(8061M) 11.926ms
[73.946s][info][gc,cpu         ] GC(90) User=0.02s Sys=0.00s Real=0.02s
[74.547s][info][gc,start       ] GC(91) Pause Young (System.gc())
[74.551s][info][gc,heap        ] GC(91) PSYoungGen: 554567K->2022K(2665472K)
[74.551s][info][gc,heap        ] GC(91) ParOldGen: 126320K->128646K(5592576K)
[74.551s][info][gc,metaspace   ] GC(91) Metaspace: 171174K(184924K)->171174K(184924K) NonClass: 150622K(157520K)->150622K(157520K) Class: 20551K(27404K)->20551K(27404K)
[74.551s][info][gc             ] GC(91) Pause Young (System.gc()) 664M->127M(8064M) 4.000ms
[74.551s][info][gc,cpu         ] GC(91) User=0.00s Sys=0.00s Real=0.02s
[74.552s][info][gc,start       ] GC(92) Pause Full (System.gc())
[74.552s][info][gc,phases,start] GC(92) Marking Phase
[74.609s][info][gc,phases      ] GC(92) Marking Phase 57.387ms
[74.609s][info][gc,phases,start] GC(92) Summary Phase
[74.609s][info][gc,phases      ] GC(92) Summary Phase 0.012ms
[74.609s][info][gc,phases,start] GC(92) Adjust Roots
[74.630s][info][gc,phases      ] GC(92) Adjust Roots 20.954ms
[74.630s][info][gc,phases,start] GC(92) Compaction Phase
[74.678s][info][gc,phases      ] GC(92) Compaction Phase 48.015ms
[74.678s][info][gc,phases,start] GC(92) Post Compact
[74.679s][info][gc,phases      ] GC(92) Post Compact 0.979ms
[74.679s][info][gc,heap        ] GC(92) PSYoungGen: 2022K->0K(2665472K)
[74.679s][info][gc,heap        ] GC(92) ParOldGen: 128646K->125967K(5592576K)
[74.679s][info][gc,metaspace   ] GC(92) Metaspace: 171174K(184924K)->171174K(184924K) NonClass: 150622K(157520K)->150622K(157520K) Class: 20551K(27404K)->20551K(27404K)
[74.679s][info][gc             ] GC(92) Pause Full (System.gc()) 127M->123M(8064M) 127.633ms
[74.679s][info][gc,cpu         ] GC(92) User=0.17s Sys=0.00s Real=0.13s
[75.831s][info][gc,start       ] GC(93) Pause Young (Allocation Failure)
[75.842s][info][gc,heap        ] GC(93) PSYoungGen: 2533888K->67524K(2662912K)
[75.842s][info][gc,heap        ] GC(93) ParOldGen: 125967K->125967K(5592576K)
[75.842s][info][gc,metaspace   ] GC(93) Metaspace: 171220K(184924K)->171220K(184924K) NonClass: 150669K(157520K)->150669K(157520K) Class: 20551K(27404K)->20551K(27404K)
[75.842s][info][gc             ] GC(93) Pause Young (Allocation Failure) 2597M->188M(8062M) 11.330ms
[75.842s][info][gc,cpu         ] GC(93) User=0.02s Sys=0.00s Real=0.02s
[76.463s][info][gc,start       ] GC(94) Pause Young (System.gc())
[76.467s][info][gc,heap        ] GC(94) PSYoungGen: 449280K->2062K(2665984K)
[76.467s][info][gc,heap        ] GC(94) ParOldGen: 125967K->128344K(5592576K)
[76.467s][info][gc,metaspace   ] GC(94) Metaspace: 171237K(184924K)->171237K(184924K) NonClass: 150686K(157520K)->150686K(157520K) Class: 20551K(27404K)->20551K(27404K)
[76.467s][info][gc             ] GC(94) Pause Young (System.gc()) 561M->127M(8065M) 4.293ms
[76.467s][info][gc,cpu         ] GC(94) User=0.02s Sys=0.00s Real=0.02s
[76.467s][info][gc,start       ] GC(95) Pause Full (System.gc())
[76.467s][info][gc,phases,start] GC(95) Marking Phase
[76.528s][info][gc,phases      ] GC(95) Marking Phase 60.220ms
[76.528s][info][gc,phases,start] GC(95) Summary Phase
[76.528s][info][gc,phases      ] GC(95) Summary Phase 0.011ms
[76.528s][info][gc,phases,start] GC(95) Adjust Roots
[76.549s][info][gc,phases      ] GC(95) Adjust Roots 21.726ms
[76.549s][info][gc,phases,start] GC(95) Compaction Phase
[76.592s][info][gc,phases      ] GC(95) Compaction Phase 42.587ms
[76.592s][info][gc,phases,start] GC(95) Post Compact
[76.593s][info][gc,phases      ] GC(95) Post Compact 0.982ms
[76.593s][info][gc,heap        ] GC(95) PSYoungGen: 2062K->0K(2665984K)
[76.593s][info][gc,heap        ] GC(95) ParOldGen: 128344K->126241K(5592576K)
[76.593s][info][gc,metaspace   ] GC(95) Metaspace: 171237K(184924K)->171237K(184924K) NonClass: 150686K(157520K)->150686K(157520K) Class: 20551K(27404K)->20551K(27404K)
[76.593s][info][gc             ] GC(95) Pause Full (System.gc()) 127M->123M(8065M) 125.816ms
[76.593s][info][gc,cpu         ] GC(95) User=0.14s Sys=0.00s Real=0.13s
[77.699s][info][gc,start       ] GC(96) Pause Young (Allocation Failure)
[77.711s][info][gc,heap        ] GC(96) PSYoungGen: 2535936K->68395K(2661888K)
[77.711s][info][gc,heap        ] GC(96) ParOldGen: 126241K->126241K(5592576K)
[77.711s][info][gc,metaspace   ] GC(96) Metaspace: 171275K(184924K)->171275K(184924K) NonClass: 150723K(157520K)->150723K(157520K) Class: 20551K(27404K)->20551K(27404K)
[77.711s][info][gc             ] GC(96) Pause Young (Allocation Failure) 2599M->190M(8061M) 11.431ms
[77.711s][info][gc,cpu         ] GC(96) User=0.02s Sys=0.00s Real=0.02s
[78.271s][info][gc,start       ] GC(97) Pause Young (System.gc())
[78.274s][info][gc,heap        ] GC(97) PSYoungGen: 443692K->1964K(2665472K)
[78.274s][info][gc,heap        ] GC(97) ParOldGen: 126241K->128671K(5592576K)
[78.274s][info][gc,metaspace   ] GC(97) Metaspace: 171304K(184924K)->171304K(184924K) NonClass: 150753K(157520K)->150753K(157520K) Class: 20551K(27404K)->20551K(27404K)
[78.274s][info][gc             ] GC(97) Pause Young (System.gc()) 556M->127M(8064M) 2.913ms
[78.274s][info][gc,cpu         ] GC(97) User=0.00s Sys=0.00s Real=0.00s
[78.274s][info][gc,start       ] GC(98) Pause Full (System.gc())
[78.274s][info][gc,phases,start] GC(98) Marking Phase
[78.330s][info][gc,phases      ] GC(98) Marking Phase 56.038ms
[78.330s][info][gc,phases,start] GC(98) Summary Phase
[78.330s][info][gc,phases      ] GC(98) Summary Phase 0.012ms
[78.330s][info][gc,phases,start] GC(98) Adjust Roots
[78.351s][info][gc,phases      ] GC(98) Adjust Roots 21.494ms
[78.351s][info][gc,phases,start] GC(98) Compaction Phase
[78.389s][info][gc,phases      ] GC(98) Compaction Phase 37.269ms
[78.389s][info][gc,phases,start] GC(98) Post Compact
[78.390s][info][gc,phases      ] GC(98) Post Compact 1.005ms
[78.390s][info][gc,heap        ] GC(98) PSYoungGen: 1964K->0K(2665472K)
[78.390s][info][gc,heap        ] GC(98) ParOldGen: 128671K->125889K(5592576K)
[78.390s][info][gc,metaspace   ] GC(98) Metaspace: 171304K(184924K)->171304K(184924K) NonClass: 150753K(157520K)->150753K(157520K) Class: 20551K(27404K)->20551K(27404K)
[78.390s][info][gc             ] GC(98) Pause Full (System.gc()) 127M->122M(8064M) 116.115ms
[78.390s][info][gc,cpu         ] GC(98) User=0.09s Sys=0.00s Real=0.11s
[79.492s][info][gc,start       ] GC(99) Pause Young (Allocation Failure)
[79.503s][info][gc,heap        ] GC(99) PSYoungGen: 2534912K->67656K(2661888K)
[79.503s][info][gc,heap        ] GC(99) ParOldGen: 125889K->125897K(5592576K)
[79.503s][info][gc,metaspace   ] GC(99) Metaspace: 171347K(184924K)->171347K(184924K) NonClass: 150795K(157520K)->150795K(157520K) Class: 20551K(27404K)->20551K(27404K)
[79.503s][info][gc             ] GC(99) Pause Young (Allocation Failure) 2598M->189M(8061M) 10.822ms
[79.503s][info][gc,cpu         ] GC(99) User=0.00s Sys=0.00s Real=0.02s
[80.046s][info][gc,start       ] GC(100) Pause Young (System.gc())
[80.049s][info][gc,heap        ] GC(100) PSYoungGen: 452117K->2085K(2665472K)
[80.049s][info][gc,heap        ] GC(100) ParOldGen: 125897K->128228K(5592576K)
[80.049s][info][gc,metaspace   ] GC(100) Metaspace: 171351K(184924K)->171351K(184924K) NonClass: 150799K(157520K)->150799K(157520K) Class: 20551K(27404K)->20551K(27404K)
[80.049s][info][gc             ] GC(100) Pause Young (System.gc()) 564M->127M(8064M) 2.939ms
[80.049s][info][gc,cpu         ] GC(100) User=0.00s Sys=0.00s Real=0.00s
[80.049s][info][gc,start       ] GC(101) Pause Full (System.gc())
[80.049s][info][gc,phases,start] GC(101) Marking Phase
[80.102s][info][gc,phases      ] GC(101) Marking Phase 52.637ms
[80.102s][info][gc,phases,start] GC(101) Summary Phase
[80.102s][info][gc,phases      ] GC(101) Summary Phase 0.011ms
[80.102s][info][gc,phases,start] GC(101) Adjust Roots
[80.122s][info][gc,phases      ] GC(101) Adjust Roots 20.294ms
[80.122s][info][gc,phases,start] GC(101) Compaction Phase
[80.157s][info][gc,phases      ] GC(101) Compaction Phase 34.526ms
[80.157s][info][gc,phases,start] GC(101) Post Compact
[80.158s][info][gc,phases      ] GC(101) Post Compact 0.963ms
[80.158s][info][gc,heap        ] GC(101) PSYoungGen: 2085K->0K(2665472K)
[80.158s][info][gc,heap        ] GC(101) ParOldGen: 128228K->126237K(5592576K)
[80.158s][info][gc,metaspace   ] GC(101) Metaspace: 171351K(184924K)->171351K(184924K) NonClass: 150799K(157520K)->150799K(157520K) Class: 20551K(27404K)->20551K(27404K)
[80.158s][info][gc             ] GC(101) Pause Full (System.gc()) 127M->123M(8064M) 108.728ms
[80.158s][info][gc,cpu         ] GC(101) User=0.16s Sys=0.00s Real=0.11s
[81.219s][info][gc,start       ] GC(102) Pause Young (Allocation Failure)
[81.229s][info][gc,heap        ] GC(102) PSYoungGen: 2534912K->67469K(2662912K)
[81.229s][info][gc,heap        ] GC(102) ParOldGen: 126237K->126237K(5592576K)
[81.229s][info][gc,metaspace   ] GC(102) Metaspace: 171361K(184924K)->171361K(184924K) NonClass: 150810K(157520K)->150810K(157520K) Class: 20551K(27404K)->20551K(27404K)
[81.230s][info][gc             ] GC(102) Pause Young (Allocation Failure) 2598M->189M(8062M) 10.809ms
[81.230s][info][gc,cpu         ] GC(102) User=0.00s Sys=0.00s Real=0.02s
[81.783s][info][gc,start       ] GC(103) Pause Young (System.gc())
[81.786s][info][gc,heap        ] GC(103) PSYoungGen: 451974K->2053K(2665984K)
[81.786s][info][gc,heap        ] GC(103) ParOldGen: 126237K->128579K(5592576K)
[81.786s][info][gc,metaspace   ] GC(103) Metaspace: 171372K(184924K)->171372K(184924K) NonClass: 150821K(157520K)->150821K(157520K) Class: 20551K(27404K)->20551K(27404K)
[81.786s][info][gc             ] GC(103) Pause Young (System.gc()) 564M->127M(8065M) 3.588ms
[81.786s][info][gc,cpu         ] GC(103) User=0.00s Sys=0.00s Real=0.01s
[81.786s][info][gc,start       ] GC(104) Pause Full (System.gc())
[81.786s][info][gc,phases,start] GC(104) Marking Phase
[81.843s][info][gc,phases      ] GC(104) Marking Phase 56.505ms
[81.843s][info][gc,phases,start] GC(104) Summary Phase
[81.843s][info][gc,phases      ] GC(104) Summary Phase 0.012ms
[81.843s][info][gc,phases,start] GC(104) Adjust Roots
[81.864s][info][gc,phases      ] GC(104) Adjust Roots 21.340ms
[81.864s][info][gc,phases,start] GC(104) Compaction Phase
[81.905s][info][gc,phases      ] GC(104) Compaction Phase 40.373ms
[81.905s][info][gc,phases,start] GC(104) Post Compact
[81.906s][info][gc,phases      ] GC(104) Post Compact 0.887ms
[81.906s][info][gc,heap        ] GC(104) PSYoungGen: 2053K->0K(2665984K)
[81.906s][info][gc,heap        ] GC(104) ParOldGen: 128579K->125856K(5592576K)
[81.906s][info][gc,metaspace   ] GC(104) Metaspace: 171372K(184924K)->171372K(184924K) NonClass: 150821K(157520K)->150821K(157520K) Class: 20551K(27404K)->20551K(27404K)
[81.906s][info][gc             ] GC(104) Pause Full (System.gc()) 127M->122M(8065M) 119.424ms
[81.906s][info][gc,cpu         ] GC(104) User=0.14s Sys=0.00s Real=0.11s
[82.962s][info][gc,start       ] GC(105) Pause Young (Allocation Failure)
[82.973s][info][gc,heap        ] GC(105) PSYoungGen: 2535914K->67791K(2662912K)
[82.973s][info][gc,heap        ] GC(105) ParOldGen: 125856K->125856K(5592576K)
[82.973s][info][gc,metaspace   ] GC(105) Metaspace: 171389K(184924K)->171389K(184924K) NonClass: 150838K(157520K)->150838K(157520K) Class: 20551K(27404K)->20551K(27404K)
[82.973s][info][gc             ] GC(105) Pause Young (Allocation Failure) 2599M->189M(8062M) 10.844ms
[82.973s][info][gc,cpu         ] GC(105) User=0.02s Sys=0.00s Real=0.02s
[83.505s][info][gc,start       ] GC(106) Pause Young (System.gc())
[83.507s][info][gc,heap        ] GC(106) PSYoungGen: 443973K->2077K(2665984K)
[83.507s][info][gc,heap        ] GC(106) ParOldGen: 125856K->128184K(5592576K)
[83.507s][info][gc,metaspace   ] GC(106) Metaspace: 171454K(184924K)->171454K(184924K) NonClass: 150903K(157520K)->150903K(157520K) Class: 20551K(27404K)->20551K(27404K)
[83.507s][info][gc             ] GC(106) Pause Young (System.gc()) 556M->127M(8065M) 2.838ms
[83.508s][info][gc,cpu         ] GC(106) User=0.00s Sys=0.00s Real=0.00s
[83.508s][info][gc,start       ] GC(107) Pause Full (System.gc())
[83.508s][info][gc,phases,start] GC(107) Marking Phase
[83.563s][info][gc,phases      ] GC(107) Marking Phase 55.451ms
[83.563s][info][gc,phases,start] GC(107) Summary Phase
[83.563s][info][gc,phases      ] GC(107) Summary Phase 0.013ms
[83.563s][info][gc,phases,start] GC(107) Adjust Roots
[83.585s][info][gc,phases      ] GC(107) Adjust Roots 22.201ms
[83.585s][info][gc,phases,start] GC(107) Compaction Phase
[83.626s][info][gc,phases      ] GC(107) Compaction Phase 40.204ms
[83.626s][info][gc,phases,start] GC(107) Post Compact
[83.627s][info][gc,phases      ] GC(107) Post Compact 0.915ms
[83.627s][info][gc,heap        ] GC(107) PSYoungGen: 2077K->0K(2665984K)
[83.627s][info][gc,heap        ] GC(107) ParOldGen: 128184K->126195K(5592576K)
[83.627s][info][gc,metaspace   ] GC(107) Metaspace: 171454K(184924K)->171454K(184924K) NonClass: 150903K(157520K)->150903K(157520K) Class: 20551K(27404K)->20551K(27404K)
[83.627s][info][gc             ] GC(107) Pause Full (System.gc()) 127M->123M(8065M) 119.126ms
[83.627s][info][gc,cpu         ] GC(107) User=0.14s Sys=0.00s Real=0.13s
[84.651s][info][gc,start       ] GC(108) Pause Young (Allocation Failure)
[84.662s][info][gc,heap        ] GC(108) PSYoungGen: 2534792K->67619K(2662912K)
[84.662s][info][gc,heap        ] GC(108) ParOldGen: 126195K->126203K(5592576K)
[84.662s][info][gc,metaspace   ] GC(108) Metaspace: 171478K(185180K)->171478K(185180K) NonClass: 150927K(157776K)->150927K(157776K) Class: 20551K(27404K)->20551K(27404K)
[84.662s][info][gc             ] GC(108) Pause Young (Allocation Failure) 2598M->189M(8062M) 10.886ms
[84.662s][info][gc,cpu         ] GC(108) User=0.02s Sys=0.00s Real=0.02s
[85.191s][info][gc,start       ] GC(109) Pause Young (System.gc())
[85.194s][info][gc,heap        ] GC(109) PSYoungGen: 451214K->2051K(2665984K)
[85.194s][info][gc,heap        ] GC(109) ParOldGen: 126203K->128618K(5592576K)
[85.194s][info][gc,metaspace   ] GC(109) Metaspace: 171490K(185180K)->171490K(185180K) NonClass: 150939K(157776K)->150939K(157776K) Class: 20551K(27404K)->20551K(27404K)
[85.194s][info][gc             ] GC(109) Pause Young (System.gc()) 563M->127M(8065M) 3.361ms
[85.194s][info][gc,cpu         ] GC(109) User=0.00s Sys=0.00s Real=0.00s
[85.194s][info][gc,start       ] GC(110) Pause Full (System.gc())
[85.194s][info][gc,phases,start] GC(110) Marking Phase
[85.249s][info][gc,phases      ] GC(110) Marking Phase 54.227ms
[85.249s][info][gc,phases,start] GC(110) Summary Phase
[85.249s][info][gc,phases      ] GC(110) Summary Phase 0.011ms
[85.249s][info][gc,phases,start] GC(110) Adjust Roots
[85.270s][info][gc,phases      ] GC(110) Adjust Roots 20.799ms
[85.270s][info][gc,phases,start] GC(110) Compaction Phase
[85.291s][info][gc,phases      ] GC(110) Compaction Phase 21.539ms
[85.291s][info][gc,phases,start] GC(110) Post Compact
[85.292s][info][gc,phases      ] GC(110) Post Compact 0.935ms
[85.292s][info][gc,heap        ] GC(110) PSYoungGen: 2051K->0K(2665984K)
[85.292s][info][gc,heap        ] GC(110) ParOldGen: 128618K->125763K(5592576K)
[85.292s][info][gc,metaspace   ] GC(110) Metaspace: 171490K(185180K)->171490K(185180K) NonClass: 150939K(157776K)->150939K(157776K) Class: 20551K(27404K)->20551K(27404K)
[85.292s][info][gc             ] GC(110) Pause Full (System.gc()) 127M->122M(8065M) 97.791ms
[85.292s][info][gc,cpu         ] GC(110) User=0.14s Sys=0.00s Real=0.10s
[86.352s][info][gc,start       ] GC(111) Pause Young (Allocation Failure)
[86.362s][info][gc,heap        ] GC(111) PSYoungGen: 2533843K->67555K(2662912K)
[86.362s][info][gc,heap        ] GC(111) ParOldGen: 125763K->125763K(5592576K)
[86.362s][info][gc,metaspace   ] GC(111) Metaspace: 171493K(185180K)->171493K(185180K) NonClass: 150942K(157776K)->150942K(157776K) Class: 20551K(27404K)->20551K(27404K)
[86.362s][info][gc             ] GC(111) Pause Young (Allocation Failure) 2597M->188M(8062M) 10.862ms
[86.363s][info][gc,cpu         ] GC(111) User=0.02s Sys=0.00s Real=0.02s
[86.885s][info][gc,start       ] GC(112) Pause Young (System.gc())
[86.888s][info][gc,heap        ] GC(112) PSYoungGen: 444046K->1988K(2665984K)
[86.888s][info][gc,heap        ] GC(112) ParOldGen: 125763K->128168K(5592576K)
[86.888s][info][gc,metaspace   ] GC(112) Metaspace: 171497K(185180K)->171497K(185180K) NonClass: 150945K(157776K)->150945K(157776K) Class: 20551K(27404K)->20551K(27404K)
[86.888s][info][gc             ] GC(112) Pause Young (System.gc()) 556M->127M(8065M) 2.989ms
[86.888s][info][gc,cpu         ] GC(112) User=0.00s Sys=0.00s Real=0.02s
[86.888s][info][gc,start       ] GC(113) Pause Full (System.gc())
[86.888s][info][gc,phases,start] GC(113) Marking Phase
[86.943s][info][gc,phases      ] GC(113) Marking Phase 55.126ms
[86.943s][info][gc,phases,start] GC(113) Summary Phase
[86.943s][info][gc,phases      ] GC(113) Summary Phase 0.011ms
[86.943s][info][gc,phases,start] GC(113) Adjust Roots
[86.964s][info][gc,phases      ] GC(113) Adjust Roots 21.367ms
[86.964s][info][gc,phases,start] GC(113) Compaction Phase
[87.013s][info][gc,phases      ] GC(113) Compaction Phase 48.853ms
[87.013s][info][gc,phases,start] GC(113) Post Compact
[87.014s][info][gc,phases      ] GC(113) Post Compact 0.880ms
[87.014s][info][gc,heap        ] GC(113) PSYoungGen: 1988K->0K(2665984K)
[87.014s][info][gc,heap        ] GC(113) ParOldGen: 128168K->126113K(5592576K)
[87.014s][info][gc,metaspace   ] GC(113) Metaspace: 171497K(185180K)->171497K(185180K) NonClass: 150945K(157776K)->150945K(157776K) Class: 20551K(27404K)->20551K(27404K)
[87.014s][info][gc             ] GC(113) Pause Full (System.gc()) 127M->123M(8065M) 126.579ms
[87.014s][info][gc,cpu         ] GC(113) User=0.11s Sys=0.00s Real=0.13s
[88.069s][info][gc,start       ] GC(114) Pause Young (Allocation Failure)
[88.079s][info][gc,heap        ] GC(114) PSYoungGen: 2535124K->67596K(2662400K)
[88.079s][info][gc,heap        ] GC(114) ParOldGen: 126113K->126113K(5592576K)
[88.079s][info][gc,metaspace   ] GC(114) Metaspace: 171502K(185180K)->171502K(185180K) NonClass: 150951K(157776K)->150951K(157776K) Class: 20551K(27404K)->20551K(27404K)
[88.079s][info][gc             ] GC(114) Pause Young (Allocation Failure) 2598M->189M(8061M) 10.412ms
[88.079s][info][gc,cpu         ] GC(114) User=0.00s Sys=0.00s Real=0.00s
[88.611s][info][gc,start       ] GC(115) Pause Young (System.gc())
[88.613s][info][gc,heap        ] GC(115) PSYoungGen: 433467K->2020K(2665984K)
[88.614s][info][gc,heap        ] GC(115) ParOldGen: 126113K->128512K(5592576K)
[88.614s][info][gc,metaspace   ] GC(115) Metaspace: 171564K(185180K)->171564K(185180K) NonClass: 151013K(157776K)->151013K(157776K) Class: 20551K(27404K)->20551K(27404K)
[88.614s][info][gc             ] GC(115) Pause Young (System.gc()) 546M->127M(8065M) 2.852ms
[88.614s][info][gc,cpu         ] GC(115) User=0.00s Sys=0.00s Real=0.02s
[88.614s][info][gc,start       ] GC(116) Pause Full (System.gc())
[88.614s][info][gc,phases,start] GC(116) Marking Phase
[88.668s][info][gc,phases      ] GC(116) Marking Phase 54.361ms
[88.668s][info][gc,phases,start] GC(116) Summary Phase
[88.668s][info][gc,phases      ] GC(116) Summary Phase 0.011ms
[88.668s][info][gc,phases,start] GC(116) Adjust Roots
[88.688s][info][gc,phases      ] GC(116) Adjust Roots 20.134ms
[88.688s][info][gc,phases,start] GC(116) Compaction Phase
[88.712s][info][gc,phases      ] GC(116) Compaction Phase 23.276ms
[88.712s][info][gc,phases,start] GC(116) Post Compact
[88.713s][info][gc,phases      ] GC(116) Post Compact 0.923ms
[88.713s][info][gc,heap        ] GC(116) PSYoungGen: 2020K->0K(2665984K)
[88.713s][info][gc,heap        ] GC(116) ParOldGen: 128512K->125763K(5592576K)
[88.713s][info][gc,metaspace   ] GC(116) Metaspace: 171564K(185180K)->171564K(185180K) NonClass: 151013K(157776K)->151013K(157776K) Class: 20551K(27404K)->20551K(27404K)
[88.713s][info][gc             ] GC(116) Pause Full (System.gc()) 127M->122M(8065M) 99.008ms
[88.713s][info][gc,cpu         ] GC(116) User=0.12s Sys=0.00s Real=0.10s
[89.735s][info][gc,start       ] GC(117) Pause Young (Allocation Failure)
[89.746s][info][gc,heap        ] GC(117) PSYoungGen: 2535936K->68683K(2661376K)
[89.746s][info][gc,heap        ] GC(117) ParOldGen: 125763K->125763K(5592576K)
[89.746s][info][gc,metaspace   ] GC(117) Metaspace: 171567K(185180K)->171567K(185180K) NonClass: 151016K(157776K)->151016K(157776K) Class: 20551K(27404K)->20551K(27404K)
[89.746s][info][gc             ] GC(117) Pause Young (Allocation Failure) 2599M->189M(8060M) 10.910ms
[89.746s][info][gc,cpu         ] GC(117) User=0.02s Sys=0.00s Real=0.02s
[90.272s][info][gc,start       ] GC(118) Pause Young (System.gc())
[90.275s][info][gc,heap        ] GC(118) PSYoungGen: 437925K->1996K(2665472K)
[90.275s][info][gc,heap        ] GC(118) ParOldGen: 125763K->128196K(5592576K)
[90.275s][info][gc,metaspace   ] GC(118) Metaspace: 171578K(185180K)->171578K(185180K) NonClass: 151027K(157776K)->151027K(157776K) Class: 20551K(27404K)->20551K(27404K)
[90.275s][info][gc             ] GC(118) Pause Young (System.gc()) 550M->127M(8064M) 2.790ms
[90.275s][info][gc,cpu         ] GC(118) User=0.00s Sys=0.00s Real=0.00s
[90.275s][info][gc,start       ] GC(119) Pause Full (System.gc())
[90.275s][info][gc,phases,start] GC(119) Marking Phase
[90.328s][info][gc,phases      ] GC(119) Marking Phase 53.235ms
[90.328s][info][gc,phases,start] GC(119) Summary Phase
[90.328s][info][gc,phases      ] GC(119) Summary Phase 0.011ms
[90.328s][info][gc,phases,start] GC(119) Adjust Roots
[90.348s][info][gc,phases      ] GC(119) Adjust Roots 19.988ms
[90.348s][info][gc,phases,start] GC(119) Compaction Phase
[90.388s][info][gc,phases      ] GC(119) Compaction Phase 40.143ms
[90.388s][info][gc,phases,start] GC(119) Post Compact
[90.389s][info][gc,phases      ] GC(119) Post Compact 0.935ms
[90.389s][info][gc,heap        ] GC(119) PSYoungGen: 1996K->0K(2665472K)
[90.389s][info][gc,heap        ] GC(119) ParOldGen: 128196K->126112K(5592576K)
[90.389s][info][gc,metaspace   ] GC(119) Metaspace: 171578K(185180K)->171578K(185180K) NonClass: 151027K(157776K)->151027K(157776K) Class: 20551K(27404K)->20551K(27404K)
[90.390s][info][gc             ] GC(119) Pause Full (System.gc()) 127M->123M(8064M) 114.596ms
[90.390s][info][gc,cpu         ] GC(119) User=0.09s Sys=0.00s Real=0.12s
[91.457s][info][gc,start       ] GC(120) Pause Young (Allocation Failure)
[91.467s][info][gc,heap        ] GC(120) PSYoungGen: 2534912K->68331K(2661888K)
[91.467s][info][gc,heap        ] GC(120) ParOldGen: 126112K->126112K(5592576K)
[91.467s][info][gc,metaspace   ] GC(120) Metaspace: 171704K(185180K)->171704K(185180K) NonClass: 151153K(157776K)->151153K(157776K) Class: 20551K(27404K)->20551K(27404K)
[91.467s][info][gc             ] GC(120) Pause Young (Allocation Failure) 2598M->189M(8061M) 10.389ms
[91.467s][info][gc,cpu         ] GC(120) User=0.00s Sys=0.00s Real=0.00s
[92.008s][info][gc,start       ] GC(121) Pause Young (System.gc())
[92.011s][info][gc,heap        ] GC(121) PSYoungGen: 439683K->1996K(2665472K)
[92.011s][info][gc,heap        ] GC(121) ParOldGen: 126112K->128526K(5592576K)
[92.011s][info][gc,metaspace   ] GC(121) Metaspace: 171799K(185436K)->171799K(185436K) NonClass: 151248K(158032K)->151248K(158032K) Class: 20551K(27404K)->20551K(27404K)
[92.011s][info][gc             ] GC(121) Pause Young (System.gc()) 552M->127M(8064M) 2.831ms
[92.011s][info][gc,cpu         ] GC(121) User=0.00s Sys=0.00s Real=0.00s
[92.011s][info][gc,start       ] GC(122) Pause Full (System.gc())
[92.011s][info][gc,phases,start] GC(122) Marking Phase
[92.064s][info][gc,phases      ] GC(122) Marking Phase 52.321ms
[92.064s][info][gc,phases,start] GC(122) Summary Phase
[92.064s][info][gc,phases      ] GC(122) Summary Phase 0.011ms
[92.064s][info][gc,phases,start] GC(122) Adjust Roots
[92.084s][info][gc,phases      ] GC(122) Adjust Roots 19.720ms
[92.084s][info][gc,phases,start] GC(122) Compaction Phase
[92.113s][info][gc,phases      ] GC(122) Compaction Phase 29.796ms
[92.113s][info][gc,phases,start] GC(122) Post Compact
[92.114s][info][gc,phases      ] GC(122) Post Compact 0.974ms
[92.115s][info][gc,heap        ] GC(122) PSYoungGen: 1996K->0K(2665472K)
[92.115s][info][gc,heap        ] GC(122) ParOldGen: 128526K->125762K(5592576K)
[92.115s][info][gc,metaspace   ] GC(122) Metaspace: 171799K(185436K)->171799K(185436K) NonClass: 151248K(158032K)->151248K(158032K) Class: 20551K(27404K)->20551K(27404K)
[92.115s][info][gc             ] GC(122) Pause Full (System.gc()) 127M->122M(8064M) 103.230ms
[92.115s][info][gc,cpu         ] GC(122) User=0.12s Sys=0.00s Real=0.11s
[93.145s][info][gc,start       ] GC(123) Pause Young (Allocation Failure)
[93.156s][info][gc,heap        ] GC(123) PSYoungGen: 2531562K->67619K(2661888K)
[93.156s][info][gc,heap        ] GC(123) ParOldGen: 125762K->125762K(5592576K)
[93.156s][info][gc,metaspace   ] GC(123) Metaspace: 171799K(185436K)->171799K(185436K) NonClass: 151248K(158032K)->151248K(158032K) Class: 20551K(27404K)->20551K(27404K)
[93.156s][info][gc             ] GC(123) Pause Young (Allocation Failure) 2595M->188M(8061M) 10.787ms
[93.156s][info][gc,cpu         ] GC(123) User=0.02s Sys=0.00s Real=0.02s
[94.572s][info][gc,start       ] GC(124) Pause Young (System.gc())
[94.575s][info][gc,heap        ] GC(124) PSYoungGen: 447301K->2019K(2665472K)
[94.575s][info][gc,heap        ] GC(124) ParOldGen: 125762K->128150K(5592576K)
[94.575s][info][gc,metaspace   ] GC(124) Metaspace: 171802K(185436K)->171802K(185436K) NonClass: 151251K(158032K)->151251K(158032K) Class: 20551K(27404K)->20551K(27404K)
[94.575s][info][gc             ] GC(124) Pause Young (System.gc()) 559M->127M(8064M) 3.099ms
[94.575s][info][gc,cpu         ] GC(124) User=0.00s Sys=0.00s Real=0.00s
[94.575s][info][gc,start       ] GC(125) Pause Full (System.gc())
[94.575s][info][gc,phases,start] GC(125) Marking Phase
[94.631s][info][gc,phases      ] GC(125) Marking Phase 55.666ms
[94.631s][info][gc,phases,start] GC(125) Summary Phase
[94.631s][info][gc,phases      ] GC(125) Summary Phase 0.011ms
[94.631s][info][gc,phases,start] GC(125) Adjust Roots
[94.652s][info][gc,phases      ] GC(125) Adjust Roots 20.304ms
[94.652s][info][gc,phases,start] GC(125) Compaction Phase
[94.678s][info][gc,phases      ] GC(125) Compaction Phase 26.457ms
[94.678s][info][gc,phases,start] GC(125) Post Compact
[94.679s][info][gc,phases      ] GC(125) Post Compact 0.922ms
[94.679s][info][gc,heap        ] GC(125) PSYoungGen: 2019K->0K(2665472K)
[94.679s][info][gc,heap        ] GC(125) ParOldGen: 128150K->126105K(5592576K)
[94.679s][info][gc,metaspace   ] GC(125) Metaspace: 171802K(185436K)->171802K(185436K) NonClass: 151251K(158032K)->151251K(158032K) Class: 20551K(27404K)->20551K(27404K)
[94.679s][info][gc             ] GC(125) Pause Full (System.gc()) 127M->123M(8064M) 103.654ms
[94.679s][info][gc,cpu         ] GC(125) User=0.08s Sys=0.00s Real=0.11s
[95.703s][info][gc,start       ] GC(126) Pause Young (Allocation Failure)
[95.714s][info][gc,heap        ] GC(126) PSYoungGen: 2533457K->67562K(2661888K)
[95.714s][info][gc,heap        ] GC(126) ParOldGen: 126105K->126105K(5592576K)
[95.714s][info][gc,metaspace   ] GC(126) Metaspace: 171827K(185436K)->171827K(185436K) NonClass: 151276K(158032K)->151276K(158032K) Class: 20551K(27404K)->20551K(27404K)
[95.714s][info][gc             ] GC(126) Pause Young (Allocation Failure) 2597M->189M(8061M) 11.089ms
[95.714s][info][gc,cpu         ] GC(126) User=0.02s Sys=0.00s Real=0.02s
[96.255s][info][gc,start       ] GC(127) Pause Young (System.gc())
[96.257s][info][gc,heap        ] GC(127) PSYoungGen: 465031K->2109K(2665472K)
[96.258s][info][gc,heap        ] GC(127) ParOldGen: 126105K->128479K(5592576K)
[96.258s][info][gc,metaspace   ] GC(127) Metaspace: 171831K(185436K)->171831K(185436K) NonClass: 151280K(158032K)->151280K(158032K) Class: 20551K(27404K)->20551K(27404K)
[96.258s][info][gc             ] GC(127) Pause Young (System.gc()) 577M->127M(8064M) 3.023ms
[96.258s][info][gc,cpu         ] GC(127) User=0.00s Sys=0.00s Real=0.02s
[96.258s][info][gc,start       ] GC(128) Pause Full (System.gc())
[96.258s][info][gc,phases,start] GC(128) Marking Phase
[96.313s][info][gc,phases      ] GC(128) Marking Phase 54.997ms
[96.313s][info][gc,phases,start] GC(128) Summary Phase
[96.313s][info][gc,phases      ] GC(128) Summary Phase 0.065ms
[96.313s][info][gc,phases,start] GC(128) Adjust Roots
[96.333s][info][gc,phases      ] GC(128) Adjust Roots 20.486ms
[96.333s][info][gc,phases,start] GC(128) Compaction Phase
[96.368s][info][gc,phases      ] GC(128) Compaction Phase 34.206ms
[96.368s][info][gc,phases,start] GC(128) Post Compact
[96.369s][info][gc,phases      ] GC(128) Post Compact 0.938ms
[96.369s][info][gc,heap        ] GC(128) PSYoungGen: 2109K->0K(2665472K)
[96.369s][info][gc,heap        ] GC(128) ParOldGen: 128479K->126384K(5592576K)
[96.369s][info][gc,metaspace   ] GC(128) Metaspace: 171831K(185436K)->171831K(185436K) NonClass: 151280K(158032K)->151280K(158032K) Class: 20551K(27404K)->20551K(27404K)
[96.369s][info][gc             ] GC(128) Pause Full (System.gc()) 127M->123M(8064M) 110.992ms
[96.369s][info][gc,cpu         ] GC(128) User=0.08s Sys=0.00s Real=0.11s
[97.413s][info][gc,start       ] GC(129) Pause Young (Allocation Failure)
[97.423s][info][gc,heap        ] GC(129) PSYoungGen: 2534912K->67853K(2661888K)
[97.423s][info][gc,heap        ] GC(129) ParOldGen: 126384K->126384K(5592576K)
[97.423s][info][gc,metaspace   ] GC(129) Metaspace: 171837K(185436K)->171837K(185436K) NonClass: 151286K(158032K)->151286K(158032K) Class: 20551K(27404K)->20551K(27404K)
[97.423s][info][gc             ] GC(129) Pause Young (Allocation Failure) 2598M->189M(8061M) 10.834ms
[97.424s][info][gc,cpu         ] GC(129) User=0.02s Sys=0.00s Real=0.02s
[97.953s][info][gc,start       ] GC(130) Pause Young (System.gc())
[97.956s][info][gc,heap        ] GC(130) PSYoungGen: 443763K->2044K(2665472K)
[97.956s][info][gc,heap        ] GC(130) ParOldGen: 126384K->128764K(5592576K)
[97.956s][info][gc,metaspace   ] GC(130) Metaspace: 171841K(185436K)->171841K(185436K) NonClass: 151290K(158032K)->151290K(158032K) Class: 20551K(27404K)->20551K(27404K)
[97.956s][info][gc             ] GC(130) Pause Young (System.gc()) 556M->127M(8064M) 2.607ms
[97.956s][info][gc,cpu         ] GC(130) User=0.00s Sys=0.00s Real=0.00s
[97.956s][info][gc,start       ] GC(131) Pause Full (System.gc())
[97.956s][info][gc,phases,start] GC(131) Marking Phase
[98.010s][info][gc,phases      ] GC(131) Marking Phase 54.123ms
[98.010s][info][gc,phases,start] GC(131) Summary Phase
[98.010s][info][gc,phases      ] GC(131) Summary Phase 0.011ms
[98.010s][info][gc,phases,start] GC(131) Adjust Roots
[98.031s][info][gc,phases      ] GC(131) Adjust Roots 20.614ms
[98.031s][info][gc,phases,start] GC(131) Compaction Phase
[98.071s][info][gc,phases      ] GC(131) Compaction Phase 40.436ms
[98.071s][info][gc,phases,start] GC(131) Post Compact
[98.072s][info][gc,phases      ] GC(131) Post Compact 0.913ms
[98.072s][info][gc,heap        ] GC(131) PSYoungGen: 2044K->0K(2665472K)
[98.072s][info][gc,heap        ] GC(131) ParOldGen: 128764K->126037K(5592576K)
[98.072s][info][gc,metaspace   ] GC(131) Metaspace: 171841K(185436K)->171841K(185436K) NonClass: 151290K(158032K)->151290K(158032K) Class: 20551K(27404K)->20551K(27404K)
[98.072s][info][gc             ] GC(131) Pause Full (System.gc()) 127M->123M(8064M) 116.384ms
[98.072s][info][gc,cpu         ] GC(131) User=0.12s Sys=0.00s Real=0.11s
[99.116s][info][gc,start       ] GC(132) Pause Young (Allocation Failure)
[99.127s][info][gc,heap        ] GC(132) PSYoungGen: 2534912K->68492K(2661888K)
[99.128s][info][gc,heap        ] GC(132) ParOldGen: 126037K->126037K(5592576K)
[99.128s][info][gc,metaspace   ] GC(132) Metaspace: 171842K(185436K)->171842K(185436K) NonClass: 151290K(158032K)->151290K(158032K) Class: 20551K(27404K)->20551K(27404K)
[99.128s][info][gc             ] GC(132) Pause Young (Allocation Failure) 2598M->189M(8061M) 11.077ms
[99.128s][info][gc,cpu         ] GC(132) User=0.00s Sys=0.00s Real=0.01s
[99.654s][info][gc,start       ] GC(133) Pause Young (System.gc())
[99.657s][info][gc,heap        ] GC(133) PSYoungGen: 443824K->1996K(2665472K)
[99.657s][info][gc,heap        ] GC(133) ParOldGen: 126037K->128467K(5592576K)
[99.657s][info][gc,metaspace   ] GC(133) Metaspace: 171843K(185436K)->171843K(185436K) NonClass: 151292K(158032K)->151292K(158032K) Class: 20551K(27404K)->20551K(27404K)
[99.657s][info][gc             ] GC(133) Pause Young (System.gc()) 556M->127M(8064M) 2.950ms
[99.657s][info][gc,cpu         ] GC(133) User=0.00s Sys=0.00s Real=0.00s
[99.657s][info][gc,start       ] GC(134) Pause Full (System.gc())
[99.657s][info][gc,phases,start] GC(134) Marking Phase
[99.710s][info][gc,phases      ] GC(134) Marking Phase 53.530ms
[99.710s][info][gc,phases,start] GC(134) Summary Phase
[99.710s][info][gc,phases      ] GC(134) Summary Phase 0.012ms
[99.710s][info][gc,phases,start] GC(134) Adjust Roots
[99.731s][info][gc,phases      ] GC(134) Adjust Roots 20.744ms
[99.731s][info][gc,phases,start] GC(134) Compaction Phase
[99.768s][info][gc,phases      ] GC(134) Compaction Phase 36.506ms
[99.768s][info][gc,phases,start] GC(134) Post Compact
[99.769s][info][gc,phases      ] GC(134) Post Compact 0.890ms
[99.769s][info][gc,heap        ] GC(134) PSYoungGen: 1996K->0K(2665472K)
[99.769s][info][gc,heap        ] GC(134) ParOldGen: 128467K->126384K(5592576K)
[99.769s][info][gc,metaspace   ] GC(134) Metaspace: 171843K(185436K)->171843K(185436K) NonClass: 151292K(158032K)->151292K(158032K) Class: 20551K(27404K)->20551K(27404K)
[99.769s][info][gc             ] GC(134) Pause Full (System.gc()) 127M->123M(8064M) 111.964ms
[99.769s][info][gc,cpu         ] GC(134) User=0.09s Sys=0.00s Real=0.11s
[100.796s][info][gc,start       ] GC(135) Pause Young (Allocation Failure)
[100.807s][info][gc,heap        ] GC(135) PSYoungGen: 2534912K->67451K(2661888K)
[100.807s][info][gc,heap        ] GC(135) ParOldGen: 126384K->126384K(5592576K)
[100.807s][info][gc,metaspace   ] GC(135) Metaspace: 171856K(185436K)->171856K(185436K) NonClass: 151305K(158032K)->151305K(158032K) Class: 20551K(27404K)->20551K(27404K)
[100.807s][info][gc             ] GC(135) Pause Young (Allocation Failure) 2598M->189M(8061M) 10.798ms
[100.807s][info][gc,cpu         ] GC(135) User=0.00s Sys=0.00s Real=0.00s
[101.349s][info][gc,start       ] GC(136) Pause Young (System.gc())
[101.352s][info][gc,heap        ] GC(136) PSYoungGen: 444085K->2076K(2665472K)
[101.352s][info][gc,heap        ] GC(136) ParOldGen: 126384K->128723K(5592576K)
[101.352s][info][gc,metaspace   ] GC(136) Metaspace: 171860K(185436K)->171860K(185436K) NonClass: 151309K(158032K)->151309K(158032K) Class: 20551K(27404K)->20551K(27404K)
[101.352s][info][gc             ] GC(136) Pause Young (System.gc()) 557M->127M(8064M) 2.644ms
[101.352s][info][gc,cpu         ] GC(136) User=0.00s Sys=0.00s Real=0.00s
[101.352s][info][gc,start       ] GC(137) Pause Full (System.gc())
[101.352s][info][gc,phases,start] GC(137) Marking Phase
[101.405s][info][gc,phases      ] GC(137) Marking Phase 53.269ms
[101.405s][info][gc,phases,start] GC(137) Summary Phase
[101.405s][info][gc,phases      ] GC(137) Summary Phase 0.012ms
[101.405s][info][gc,phases,start] GC(137) Adjust Roots
[101.426s][info][gc,phases      ] GC(137) Adjust Roots 20.515ms
[101.426s][info][gc,phases,start] GC(137) Compaction Phase
[101.453s][info][gc,phases      ] GC(137) Compaction Phase 26.789ms
[101.453s][info][gc,phases,start] GC(137) Post Compact
[101.454s][info][gc,phases      ] GC(137) Post Compact 0.908ms
[101.454s][info][gc,heap        ] GC(137) PSYoungGen: 2076K->0K(2665472K)
[101.454s][info][gc,heap        ] GC(137) ParOldGen: 128723K->126030K(5592576K)
[101.454s][info][gc,metaspace   ] GC(137) Metaspace: 171860K(185436K)->171860K(185436K) NonClass: 151309K(158032K)->151309K(158032K) Class: 20551K(27404K)->20551K(27404K)
[101.454s][info][gc             ] GC(137) Pause Full (System.gc()) 127M->123M(8064M) 101.777ms
[101.454s][info][gc,cpu         ] GC(137) User=0.12s Sys=0.00s Real=0.11s
[102.483s][info][gc,start       ] GC(138) Pause Young (Allocation Failure)
[102.493s][info][gc,heap        ] GC(138) PSYoungGen: 2534912K->68325K(2661888K)
[102.493s][info][gc,heap        ] GC(138) ParOldGen: 126030K->126030K(5592576K)
[102.493s][info][gc,metaspace   ] GC(138) Metaspace: 171899K(185436K)->171899K(185436K) NonClass: 151348K(158032K)->151348K(158032K) Class: 20551K(27404K)->20551K(27404K)
[102.493s][info][gc             ] GC(138) Pause Young (Allocation Failure) 2598M->189M(8061M) 10.616ms
[102.493s][info][gc,cpu         ] GC(138) User=0.02s Sys=0.00s Real=0.02s
[103.025s][info][gc,start       ] GC(139) Pause Young (System.gc())
[103.029s][info][gc,heap        ] GC(139) PSYoungGen: 425543K->1932K(2665472K)
[103.029s][info][gc,heap        ] GC(139) ParOldGen: 126030K->128452K(5592576K)
[103.029s][info][gc,metaspace   ] GC(139) Metaspace: 172011K(185436K)->172011K(185436K) NonClass: 151459K(158032K)->151459K(158032K) Class: 20551K(27404K)->20551K(27404K)
[103.029s][info][gc             ] GC(139) Pause Young (System.gc()) 538M->127M(8064M) 3.211ms
[103.029s][info][gc,cpu         ] GC(139) User=0.00s Sys=0.00s Real=0.01s
[103.029s][info][gc,start       ] GC(140) Pause Full (System.gc())
[103.029s][info][gc,phases,start] GC(140) Marking Phase
[103.084s][info][gc,phases      ] GC(140) Marking Phase 54.856ms
[103.084s][info][gc,phases,start] GC(140) Summary Phase
[103.084s][info][gc,phases      ] GC(140) Summary Phase 0.011ms
[103.084s][info][gc,phases,start] GC(140) Adjust Roots
[103.104s][info][gc,phases      ] GC(140) Adjust Roots 20.596ms
[103.104s][info][gc,phases,start] GC(140) Compaction Phase
[103.148s][info][gc,phases      ] GC(140) Compaction Phase 43.817ms
[103.148s][info][gc,phases,start] GC(140) Post Compact
[103.149s][info][gc,phases      ] GC(140) Post Compact 1.027ms
[103.149s][info][gc,heap        ] GC(140) PSYoungGen: 1932K->0K(2665472K)
[103.149s][info][gc,heap        ] GC(140) ParOldGen: 128452K->126371K(5592576K)
[103.149s][info][gc,metaspace   ] GC(140) Metaspace: 172011K(185436K)->172011K(185436K) NonClass: 151459K(158032K)->151459K(158032K) Class: 20551K(27404K)->20551K(27404K)
[103.149s][info][gc             ] GC(140) Pause Full (System.gc()) 127M->123M(8064M) 120.629ms
[103.150s][info][gc,cpu         ] GC(140) User=0.14s Sys=0.00s Real=0.12s
[104.203s][info][gc,start       ] GC(141) Pause Young (Allocation Failure)
[104.213s][info][gc,heap        ] GC(141) PSYoungGen: 2534912K->68556K(2660864K)
[104.213s][info][gc,heap        ] GC(141) ParOldGen: 126371K->126379K(5592576K)
[104.214s][info][gc,metaspace   ] GC(141) Metaspace: 172055K(185436K)->172055K(185436K) NonClass: 151495K(158032K)->151495K(158032K) Class: 20560K(27404K)->20560K(27404K)
[104.214s][info][gc             ] GC(141) Pause Young (Allocation Failure) 2598M->190M(8060M) 10.648ms
[104.214s][info][gc,cpu         ] GC(141) User=0.00s Sys=0.00s Real=0.00s
[104.753s][info][gc,start       ] GC(142) Pause Young (System.gc())
[104.757s][info][gc,heap        ] GC(142) PSYoungGen: 436743K->1996K(2664960K)
[104.757s][info][gc,heap        ] GC(142) ParOldGen: 126379K->128809K(5592576K)
[104.757s][info][gc,metaspace   ] GC(142) Metaspace: 172061K(185436K)->172061K(185436K) NonClass: 151501K(158032K)->151501K(158032K) Class: 20560K(27404K)->20560K(27404K)
[104.757s][info][gc             ] GC(142) Pause Young (System.gc()) 549M->127M(8064M) 3.538ms
[104.757s][info][gc,cpu         ] GC(142) User=0.00s Sys=0.00s Real=0.00s
[104.757s][info][gc,start       ] GC(143) Pause Full (System.gc())
[104.757s][info][gc,phases,start] GC(143) Marking Phase
[104.811s][info][gc,phases      ] GC(143) Marking Phase 54.586ms
[104.812s][info][gc,phases,start] GC(143) Summary Phase
[104.812s][info][gc,phases      ] GC(143) Summary Phase 0.013ms
[104.812s][info][gc,phases,start] GC(143) Adjust Roots
[104.833s][info][gc,phases      ] GC(143) Adjust Roots 21.804ms
[104.833s][info][gc,phases,start] GC(143) Compaction Phase
[104.871s][info][gc,phases      ] GC(143) Compaction Phase 38.011ms
[104.871s][info][gc,phases,start] GC(143) Post Compact
[104.872s][info][gc,phases      ] GC(143) Post Compact 0.941ms
[104.872s][info][gc,heap        ] GC(143) PSYoungGen: 1996K->0K(2664960K)
[104.872s][info][gc,heap        ] GC(143) ParOldGen: 128809K->125990K(5592576K)
[104.872s][info][gc,metaspace   ] GC(143) Metaspace: 172061K(185436K)->172061K(185436K) NonClass: 151501K(158032K)->151501K(158032K) Class: 20560K(27404K)->20560K(27404K)
[104.873s][info][gc             ] GC(143) Pause Full (System.gc()) 127M->123M(8064M) 115.659ms
[104.873s][info][gc,cpu         ] GC(143) User=0.06s Sys=0.00s Real=0.11s
[105.907s][info][gc,start       ] GC(144) Pause Young (Allocation Failure)
[105.918s][info][gc,heap        ] GC(144) PSYoungGen: 2533888K->67532K(2662400K)
[105.918s][info][gc,heap        ] GC(144) ParOldGen: 125990K->125990K(5592576K)
[105.918s][info][gc,metaspace   ] GC(144) Metaspace: 172066K(185436K)->172066K(185436K) NonClass: 151506K(158032K)->151506K(158032K) Class: 20560K(27404K)->20560K(27404K)
[105.918s][info][gc             ] GC(144) Pause Young (Allocation Failure) 2597M->188M(8061M) 11.280ms
[105.919s][info][gc,cpu         ] GC(144) User=0.02s Sys=0.00s Real=0.02s
[106.455s][info][gc,start       ] GC(145) Pause Young (System.gc())
[106.457s][info][gc,heap        ] GC(145) PSYoungGen: 456906K->2077K(2665472K)
[106.457s][info][gc,heap        ] GC(145) ParOldGen: 125990K->128372K(5592576K)
[106.457s][info][gc,metaspace   ] GC(145) Metaspace: 172066K(185436K)->172066K(185436K) NonClass: 151506K(158032K)->151506K(158032K) Class: 20560K(27404K)->20560K(27404K)
[106.458s][info][gc             ] GC(145) Pause Young (System.gc()) 569M->127M(8064M) 2.878ms
[106.458s][info][gc,cpu         ] GC(145) User=0.00s Sys=0.00s Real=0.00s
[106.458s][info][gc,start       ] GC(146) Pause Full (System.gc())
[106.458s][info][gc,phases,start] GC(146) Marking Phase
[106.513s][info][gc,phases      ] GC(146) Marking Phase 54.914ms
[106.513s][info][gc,phases,start] GC(146) Summary Phase
[106.513s][info][gc,phases      ] GC(146) Summary Phase 0.011ms
[106.513s][info][gc,phases,start] GC(146) Adjust Roots
[106.533s][info][gc,phases      ] GC(146) Adjust Roots 20.835ms
[106.534s][info][gc,phases,start] GC(146) Compaction Phase
[106.560s][info][gc,phases      ] GC(146) Compaction Phase 26.228ms
[106.560s][info][gc,phases,start] GC(146) Post Compact
[106.561s][info][gc,phases      ] GC(146) Post Compact 0.870ms
[106.561s][info][gc,heap        ] GC(146) PSYoungGen: 2077K->0K(2665472K)
[106.561s][info][gc,heap        ] GC(146) ParOldGen: 128372K->126254K(5592576K)
[106.561s][info][gc,metaspace   ] GC(146) Metaspace: 172066K(185436K)->172066K(185436K) NonClass: 151506K(158032K)->151506K(158032K) Class: 20560K(27404K)->20560K(27404K)
[106.561s][info][gc             ] GC(146) Pause Full (System.gc()) 127M->123M(8064M) 103.142ms
[106.561s][info][gc,cpu         ] GC(146) User=0.09s Sys=0.00s Real=0.11s
[107.604s][info][gc,start       ] GC(147) Pause Young (Allocation Failure)
[107.615s][info][gc,heap        ] GC(147) PSYoungGen: 2533653K->67701K(2661888K)
[107.615s][info][gc,heap        ] GC(147) ParOldGen: 126254K->126254K(5592576K)
[107.615s][info][gc,metaspace   ] GC(147) Metaspace: 172066K(185436K)->172066K(185436K) NonClass: 151506K(158032K)->151506K(158032K) Class: 20560K(27404K)->20560K(27404K)
[107.615s][info][gc             ] GC(147) Pause Young (Allocation Failure) 2597M->189M(8061M) 10.887ms
[107.615s][info][gc,cpu         ] GC(147) User=0.02s Sys=0.00s Real=0.01s
[108.140s][info][gc,start       ] GC(148) Pause Young (System.gc())
[108.142s][info][gc,heap        ] GC(148) PSYoungGen: 448876K->1988K(2665472K)
[108.143s][info][gc,heap        ] GC(148) ParOldGen: 126254K->128659K(5592576K)
[108.143s][info][gc,metaspace   ] GC(148) Metaspace: 172072K(185436K)->172072K(185436K) NonClass: 151511K(158032K)->151511K(158032K) Class: 20560K(27404K)->20560K(27404K)
[108.143s][info][gc             ] GC(148) Pause Young (System.gc()) 561M->127M(8064M) 2.818ms
[108.143s][info][gc,cpu         ] GC(148) User=0.00s Sys=0.00s Real=0.00s
[108.143s][info][gc,start       ] GC(149) Pause Full (System.gc())
[108.143s][info][gc,phases,start] GC(149) Marking Phase
[108.197s][info][gc,phases      ] GC(149) Marking Phase 54.066ms
[108.197s][info][gc,phases,start] GC(149) Summary Phase
[108.197s][info][gc,phases      ] GC(149) Summary Phase 0.011ms
[108.197s][info][gc,phases,start] GC(149) Adjust Roots
[108.218s][info][gc,phases      ] GC(149) Adjust Roots 21.219ms
[108.218s][info][gc,phases,start] GC(149) Compaction Phase
[108.255s][info][gc,phases      ] GC(149) Compaction Phase 37.174ms
[108.256s][info][gc,phases,start] GC(149) Post Compact
[108.256s][info][gc,phases      ] GC(149) Post Compact 0.907ms
[108.256s][info][gc,heap        ] GC(149) PSYoungGen: 1988K->0K(2665472K)
[108.257s][info][gc,heap        ] GC(149) ParOldGen: 128659K->125901K(5592576K)
[108.257s][info][gc,metaspace   ] GC(149) Metaspace: 172072K(185436K)->172072K(185436K) NonClass: 151511K(158032K)->151511K(158032K) Class: 20560K(27404K)->20560K(27404K)
[108.257s][info][gc             ] GC(149) Pause Full (System.gc()) 127M->122M(8064M) 113.672ms
[108.257s][info][gc,cpu         ] GC(149) User=0.16s Sys=0.00s Real=0.11s
[109.279s][info][gc,start       ] GC(150) Pause Young (Allocation Failure)
[109.290s][info][gc,heap        ] GC(150) PSYoungGen: 2534912K->67450K(2661888K)
[109.290s][info][gc,heap        ] GC(150) ParOldGen: 125901K->125901K(5592576K)
[109.290s][info][gc,metaspace   ] GC(150) Metaspace: 172176K(185692K)->172176K(185692K) NonClass: 151616K(158288K)->151616K(158288K) Class: 20560K(27404K)->20560K(27404K)
[109.290s][info][gc             ] GC(150) Pause Young (Allocation Failure) 2598M->188M(8061M) 10.653ms
[109.290s][info][gc,cpu         ] GC(150) User=0.02s Sys=0.00s Real=0.02s
[109.827s][info][gc,start       ] GC(151) Pause Young (System.gc())
[109.831s][info][gc,heap        ] GC(151) PSYoungGen: 450449K->2108K(2665472K)
[109.831s][info][gc,heap        ] GC(151) ParOldGen: 125901K->128211K(5592576K)
[109.831s][info][gc,metaspace   ] GC(151) Metaspace: 172262K(185692K)->172262K(185692K) NonClass: 151702K(158288K)->151702K(158288K) Class: 20560K(27404K)->20560K(27404K)
[109.831s][info][gc             ] GC(151) Pause Young (System.gc()) 562M->127M(8064M) 3.130ms
[109.831s][info][gc,cpu         ] GC(151) User=0.00s Sys=0.00s Real=0.00s
[109.831s][info][gc,start       ] GC(152) Pause Full (System.gc())
[109.831s][info][gc,phases,start] GC(152) Marking Phase
[109.886s][info][gc,phases      ] GC(152) Marking Phase 55.570ms
[109.886s][info][gc,phases,start] GC(152) Summary Phase
[109.886s][info][gc,phases      ] GC(152) Summary Phase 0.012ms
[109.886s][info][gc,phases,start] GC(152) Adjust Roots
[109.908s][info][gc,phases      ] GC(152) Adjust Roots 21.563ms
[109.908s][info][gc,phases,start] GC(152) Compaction Phase
[109.933s][info][gc,phases      ] GC(152) Compaction Phase 24.683ms
[109.933s][info][gc,phases,start] GC(152) Post Compact
[109.934s][info][gc,phases      ] GC(152) Post Compact 0.920ms
[109.934s][info][gc,heap        ] GC(152) PSYoungGen: 2108K->0K(2665472K)
[109.934s][info][gc,heap        ] GC(152) ParOldGen: 128211K->126247K(5592576K)
[109.934s][info][gc,metaspace   ] GC(152) Metaspace: 172262K(185692K)->172262K(185692K) NonClass: 151702K(158288K)->151702K(158288K) Class: 20560K(27404K)->20560K(27404K)
[109.934s][info][gc             ] GC(152) Pause Full (System.gc()) 127M->123M(8064M) 103.047ms
[109.934s][info][gc,cpu         ] GC(152) User=0.08s Sys=0.00s Real=0.11s
[110.959s][info][gc,start       ] GC(153) Pause Young (Allocation Failure)
[110.970s][info][gc,heap        ] GC(153) PSYoungGen: 2533171K->67564K(2661888K)
[110.970s][info][gc,heap        ] GC(153) ParOldGen: 126247K->126247K(5592576K)
[110.970s][info][gc,metaspace   ] GC(153) Metaspace: 172291K(185692K)->172291K(185692K) NonClass: 151727K(158288K)->151727K(158288K) Class: 20564K(27404K)->20564K(27404K)
[110.970s][info][gc             ] GC(153) Pause Young (Allocation Failure) 2597M->189M(8061M) 11.008ms
[110.970s][info][gc,cpu         ] GC(153) User=0.00s Sys=0.00s Real=0.02s
[111.504s][info][gc,start       ] GC(154) Pause Young (System.gc())
[111.507s][info][gc,heap        ] GC(154) PSYoungGen: 444750K->1988K(2665472K)
[111.507s][info][gc,heap        ] GC(154) ParOldGen: 126247K->128646K(5592576K)
[111.507s][info][gc,metaspace   ] GC(154) Metaspace: 172336K(185692K)->172336K(185692K) NonClass: 151772K(158288K)->151772K(158288K) Class: 20564K(27404K)->20564K(27404K)
[111.507s][info][gc             ] GC(154) Pause Young (System.gc()) 557M->127M(8064M) 2.794ms
[111.507s][info][gc,cpu         ] GC(154) User=0.00s Sys=0.00s Real=0.00s
[111.507s][info][gc,start       ] GC(155) Pause Full (System.gc())
[111.507s][info][gc,phases,start] GC(155) Marking Phase
[111.564s][info][gc,phases      ] GC(155) Marking Phase 57.215ms
[111.564s][info][gc,phases,start] GC(155) Summary Phase
[111.564s][info][gc,phases      ] GC(155) Summary Phase 0.011ms
[111.564s][info][gc,phases,start] GC(155) Adjust Roots
[111.586s][info][gc,phases      ] GC(155) Adjust Roots 22.237ms
[111.586s][info][gc,phases,start] GC(155) Compaction Phase
[111.620s][info][gc,phases      ] GC(155) Compaction Phase 34.155ms
[111.620s][info][gc,phases,start] GC(155) Post Compact
[111.621s][info][gc,phases      ] GC(155) Post Compact 0.936ms
[111.622s][info][gc,heap        ] GC(155) PSYoungGen: 1988K->0K(2665472K)
[111.622s][info][gc,heap        ] GC(155) ParOldGen: 128646K->125855K(5592576K)
[111.622s][info][gc,metaspace   ] GC(155) Metaspace: 172336K(185692K)->172336K(185692K) NonClass: 151772K(158288K)->151772K(158288K) Class: 20564K(27404K)->20564K(27404K)
[111.622s][info][gc             ] GC(155) Pause Full (System.gc()) 127M->122M(8064M) 114.841ms
[111.622s][info][gc,cpu         ] GC(155) User=0.08s Sys=0.00s Real=0.11s
[112.687s][info][gc,start       ] GC(156) Pause Young (Allocation Failure)
[112.699s][info][gc,heap        ] GC(156) PSYoungGen: 2534912K->67479K(2662912K)
[112.699s][info][gc,heap        ] GC(156) ParOldGen: 125855K->125855K(5592576K)
[112.699s][info][gc,metaspace   ] GC(156) Metaspace: 172337K(185692K)->172337K(185692K) NonClass: 151773K(158288K)->151773K(158288K) Class: 20564K(27404K)->20564K(27404K)
[112.699s][info][gc             ] GC(156) Pause Young (Allocation Failure) 2598M->188M(8062M) 11.126ms
[112.699s][info][gc,cpu         ] GC(156) User=0.02s Sys=0.00s Real=0.02s
[113.246s][info][gc,start       ] GC(157) Pause Young (System.gc())
[113.248s][info][gc,heap        ] GC(157) PSYoungGen: 447918K->2077K(2665984K)
[113.248s][info][gc,heap        ] GC(157) ParOldGen: 125855K->128181K(5592576K)
[113.248s][info][gc,metaspace   ] GC(157) Metaspace: 172337K(185692K)->172337K(185692K) NonClass: 151773K(158288K)->151773K(158288K) Class: 20564K(27404K)->20564K(27404K)
[113.248s][info][gc             ] GC(157) Pause Young (System.gc()) 560M->127M(8065M) 2.599ms
[113.248s][info][gc,cpu         ] GC(157) User=0.00s Sys=0.00s Real=0.00s
[113.248s][info][gc,start       ] GC(158) Pause Full (System.gc())
[113.248s][info][gc,phases,start] GC(158) Marking Phase
[113.302s][info][gc,phases      ] GC(158) Marking Phase 53.662ms
[113.302s][info][gc,phases,start] GC(158) Summary Phase
[113.302s][info][gc,phases      ] GC(158) Summary Phase 0.011ms
[113.302s][info][gc,phases,start] GC(158) Adjust Roots
[113.323s][info][gc,phases      ] GC(158) Adjust Roots 20.767ms
[113.323s][info][gc,phases,start] GC(158) Compaction Phase
[113.350s][info][gc,phases      ] GC(158) Compaction Phase 26.524ms
[113.350s][info][gc,phases,start] GC(158) Post Compact
[113.351s][info][gc,phases      ] GC(158) Post Compact 0.915ms
[113.351s][info][gc,heap        ] GC(158) PSYoungGen: 2077K->0K(2665984K)
[113.351s][info][gc,heap        ] GC(158) ParOldGen: 128181K->126200K(5592576K)
[113.351s][info][gc,metaspace   ] GC(158) Metaspace: 172337K(185692K)->172337K(185692K) NonClass: 151773K(158288K)->151773K(158288K) Class: 20564K(27404K)->20564K(27404K)
[113.351s][info][gc             ] GC(158) Pause Full (System.gc()) 127M->123M(8065M) 102.177ms
[113.351s][info][gc,cpu         ] GC(158) User=0.09s Sys=0.00s Real=0.11s
[114.400s][info][gc,start       ] GC(159) Pause Young (Allocation Failure)
[114.412s][info][gc,heap        ] GC(159) PSYoungGen: 2535936K->68427K(2661888K)
[114.412s][info][gc,heap        ] GC(159) ParOldGen: 126200K->126200K(5592576K)
[114.412s][info][gc,metaspace   ] GC(159) Metaspace: 172348K(185692K)->172348K(185692K) NonClass: 151784K(158288K)->151784K(158288K) Class: 20564K(27404K)->20564K(27404K)
[114.412s][info][gc             ] GC(159) Pause Young (Allocation Failure) 2599M->190M(8061M) 11.465ms
[114.412s][info][gc,cpu         ] GC(159) User=0.03s Sys=0.00s Real=0.02s
[114.958s][info][gc,start       ] GC(160) Pause Young (System.gc())
[114.961s][info][gc,heap        ] GC(160) PSYoungGen: 437102K->1964K(2665472K)
[114.961s][info][gc,heap        ] GC(160) ParOldGen: 126200K->128620K(5592576K)
[114.961s][info][gc,metaspace   ] GC(160) Metaspace: 172348K(185692K)->172348K(185692K) NonClass: 151784K(158288K)->151784K(158288K) Class: 20564K(27404K)->20564K(27404K)
[114.961s][info][gc             ] GC(160) Pause Young (System.gc()) 550M->127M(8064M) 2.840ms
[114.961s][info][gc,cpu         ] GC(160) User=0.00s Sys=0.00s Real=0.00s
[114.961s][info][gc,start       ] GC(161) Pause Full (System.gc())
[114.961s][info][gc,phases,start] GC(161) Marking Phase
[115.017s][info][gc,phases      ] GC(161) Marking Phase 56.047ms
[115.017s][info][gc,phases,start] GC(161) Summary Phase
[115.017s][info][gc,phases      ] GC(161) Summary Phase 0.011ms
[115.017s][info][gc,phases,start] GC(161) Adjust Roots
[115.038s][info][gc,phases      ] GC(161) Adjust Roots 21.247ms
[115.038s][info][gc,phases,start] GC(161) Compaction Phase
[115.072s][info][gc,phases      ] GC(161) Compaction Phase 33.492ms
[115.072s][info][gc,phases,start] GC(161) Post Compact
[115.073s][info][gc,phases      ] GC(161) Post Compact 1.037ms
[115.073s][info][gc,heap        ] GC(161) PSYoungGen: 1964K->0K(2665472K)
[115.073s][info][gc,heap        ] GC(161) ParOldGen: 128620K->125850K(5592576K)
[115.073s][info][gc,metaspace   ] GC(161) Metaspace: 172348K(185692K)->172348K(185692K) NonClass: 151784K(158288K)->151784K(158288K) Class: 20564K(27404K)->20564K(27404K)
[115.073s][info][gc             ] GC(161) Pause Full (System.gc()) 127M->122M(8064M) 112.178ms
[115.073s][info][gc,cpu         ] GC(161) User=0.08s Sys=0.00s Real=0.11s
[116.124s][info][gc,start       ] GC(162) Pause Young (Allocation Failure)
[116.135s][info][gc,heap        ] GC(162) PSYoungGen: 2534912K->68700K(2661888K)
[116.135s][info][gc,heap        ] GC(162) ParOldGen: 125850K->125850K(5592576K)
[116.135s][info][gc,metaspace   ] GC(162) Metaspace: 172352K(185692K)->172352K(185692K) NonClass: 151787K(158288K)->151787K(158288K) Class: 20564K(27404K)->20564K(27404K)
[116.136s][info][gc             ] GC(162) Pause Young (Allocation Failure) 2598M->189M(8061M) 11.454ms
[116.136s][info][gc,cpu         ] GC(162) User=0.02s Sys=0.00s Real=0.02s
[116.651s][info][gc,start       ] GC(163) Pause Young (System.gc())
[116.654s][info][gc,heap        ] GC(163) PSYoungGen: 436240K->1965K(2665472K)
[116.654s][info][gc,heap        ] GC(163) ParOldGen: 125850K->128341K(5592576K)
[116.654s][info][gc,metaspace   ] GC(163) Metaspace: 172369K(185692K)->172369K(185692K) NonClass: 151805K(158288K)->151805K(158288K) Class: 20564K(27404K)->20564K(27404K)
[116.654s][info][gc             ] GC(163) Pause Young (System.gc()) 548M->127M(8064M) 2.822ms
[116.654s][info][gc,cpu         ] GC(163) User=0.00s Sys=0.00s Real=0.00s
[116.654s][info][gc,start       ] GC(164) Pause Full (System.gc())
[116.654s][info][gc,phases,start] GC(164) Marking Phase
[116.707s][info][gc,phases      ] GC(164) Marking Phase 53.050ms
[116.707s][info][gc,phases,start] GC(164) Summary Phase
[116.707s][info][gc,phases      ] GC(164) Summary Phase 0.012ms
[116.707s][info][gc,phases,start] GC(164) Adjust Roots
[116.728s][info][gc,phases      ] GC(164) Adjust Roots 21.233ms
[116.728s][info][gc,phases,start] GC(164) Compaction Phase
[116.755s][info][gc,phases      ] GC(164) Compaction Phase 26.833ms
[116.755s][info][gc,phases,start] GC(164) Post Compact
[116.756s][info][gc,phases      ] GC(164) Post Compact 0.890ms
[116.756s][info][gc,heap        ] GC(164) PSYoungGen: 1965K->0K(2665472K)
[116.756s][info][gc,heap        ] GC(164) ParOldGen: 128341K->126115K(5592576K)
[116.756s][info][gc,metaspace   ] GC(164) Metaspace: 172369K(185692K)->172369K(185692K) NonClass: 151805K(158288K)->151805K(158288K) Class: 20564K(27404K)->20564K(27404K)
[116.756s][info][gc             ] GC(164) Pause Full (System.gc()) 127M->123M(8064M) 102.334ms
[116.756s][info][gc,cpu         ] GC(164) User=0.08s Sys=0.00s Real=0.11s
[117.814s][info][gc,start       ] GC(165) Pause Young (Allocation Failure)
[117.828s][info][gc,heap        ] GC(165) PSYoungGen: 2534912K->68404K(2661376K)
[117.829s][info][gc,heap        ] GC(165) ParOldGen: 126115K->126115K(5592576K)
[117.829s][info][gc,metaspace   ] GC(165) Metaspace: 172405K(185948K)->172405K(185948K) NonClass: 151840K(158544K)->151840K(158544K) Class: 20564K(27404K)->20564K(27404K)
[117.829s][info][gc             ] GC(165) Pause Young (Allocation Failure) 2598M->189M(8060M) 14.448ms
[117.829s][info][gc,cpu         ] GC(165) User=0.00s Sys=0.00s Real=0.02s
[118.384s][info][gc,start       ] GC(166) Pause Young (System.gc())
[118.387s][info][gc,heap        ] GC(166) PSYoungGen: 431244K->1996K(2664960K)
[118.387s][info][gc,heap        ] GC(166) ParOldGen: 126115K->128537K(5592576K)
[118.387s][info][gc,metaspace   ] GC(166) Metaspace: 172407K(185948K)->172407K(185948K) NonClass: 151842K(158544K)->151842K(158544K) Class: 20564K(27404K)->20564K(27404K)
[118.387s][info][gc             ] GC(166) Pause Young (System.gc()) 544M->127M(8064M) 2.931ms
[118.387s][info][gc,cpu         ] GC(166) User=0.02s Sys=0.00s Real=0.02s
[118.387s][info][gc,start       ] GC(167) Pause Full (System.gc())
[118.387s][info][gc,phases,start] GC(167) Marking Phase
[118.444s][info][gc,phases      ] GC(167) Marking Phase 56.810ms
[118.444s][info][gc,phases,start] GC(167) Summary Phase
[118.444s][info][gc,phases      ] GC(167) Summary Phase 0.011ms
[118.444s][info][gc,phases,start] GC(167) Adjust Roots
[118.465s][info][gc,phases      ] GC(167) Adjust Roots 20.837ms
[118.465s][info][gc,phases,start] GC(167) Compaction Phase
[118.496s][info][gc,phases      ] GC(167) Compaction Phase 31.075ms
[118.496s][info][gc,phases,start] GC(167) Post Compact
[118.497s][info][gc,phases      ] GC(167) Post Compact 1.140ms
[118.497s][info][gc,heap        ] GC(167) PSYoungGen: 1996K->0K(2664960K)
[118.497s][info][gc,heap        ] GC(167) ParOldGen: 128537K->126457K(5592576K)
[118.497s][info][gc,metaspace   ] GC(167) Metaspace: 172407K(185948K)->172407K(185948K) NonClass: 151842K(158544K)->151842K(158544K) Class: 20564K(27404K)->20564K(27404K)
[118.498s][info][gc             ] GC(167) Pause Full (System.gc()) 127M->123M(8064M) 110.184ms
[118.498s][info][gc,cpu         ] GC(167) User=0.12s Sys=0.00s Real=0.11s
[119.573s][info][gc,start       ] GC(168) Pause Young (Allocation Failure)
[119.584s][info][gc,heap        ] GC(168) PSYoungGen: 2530374K->67556K(2662400K)
[119.584s][info][gc,heap        ] GC(168) ParOldGen: 126457K->126457K(5592576K)
[119.584s][info][gc,metaspace   ] GC(168) Metaspace: 172410K(185948K)->172410K(185948K) NonClass: 151846K(158544K)->151846K(158544K) Class: 20564K(27404K)->20564K(27404K)
[119.584s][info][gc             ] GC(168) Pause Young (Allocation Failure) 2594M->189M(8061M) 10.622ms
[119.584s][info][gc,cpu         ] GC(168) User=0.02s Sys=0.00s Real=0.02s
[120.159s][info][gc,start       ] GC(169) Pause Young (System.gc())
[120.162s][info][gc,heap        ] GC(169) PSYoungGen: 444421K->2052K(2665472K)
[120.162s][info][gc,heap        ] GC(169) ParOldGen: 126457K->128858K(5592576K)
[120.162s][info][gc,metaspace   ] GC(169) Metaspace: 172411K(185948K)->172411K(185948K) NonClass: 151847K(158544K)->151847K(158544K) Class: 20564K(27404K)->20564K(27404K)
[120.162s][info][gc             ] GC(169) Pause Young (System.gc()) 557M->127M(8064M) 2.979ms
[120.162s][info][gc,cpu         ] GC(169) User=0.02s Sys=0.00s Real=0.02s
[120.162s][info][gc,start       ] GC(170) Pause Full (System.gc())
[120.162s][info][gc,phases,start] GC(170) Marking Phase
[120.217s][info][gc,phases      ] GC(170) Marking Phase 55.370ms
[120.217s][info][gc,phases,start] GC(170) Summary Phase
[120.217s][info][gc,phases      ] GC(170) Summary Phase 0.015ms
[120.217s][info][gc,phases,start] GC(170) Adjust Roots
[120.238s][info][gc,phases      ] GC(170) Adjust Roots 20.112ms
[120.238s][info][gc,phases,start] GC(170) Compaction Phase
[120.259s][info][gc,phases      ] GC(170) Compaction Phase 21.367ms
[120.259s][info][gc,phases,start] GC(170) Post Compact
[120.260s][info][gc,phases      ] GC(170) Post Compact 0.936ms
[120.260s][info][gc,heap        ] GC(170) PSYoungGen: 2052K->0K(2665472K)
[120.260s][info][gc,heap        ] GC(170) ParOldGen: 128858K->126065K(5592576K)
[120.260s][info][gc,metaspace   ] GC(170) Metaspace: 172411K(185948K)->172411K(185948K) NonClass: 151847K(158544K)->151847K(158544K) Class: 20564K(27404K)->20564K(27404K)
[120.260s][info][gc             ] GC(170) Pause Full (System.gc()) 127M->123M(8064M) 98.092ms
[120.260s][info][gc,cpu         ] GC(170) User=0.08s Sys=0.00s Real=0.09s
[121.311s][info][gc,start       ] GC(171) Pause Young (Allocation Failure)
[121.322s][info][gc,heap        ] GC(171) PSYoungGen: 2534196K->67532K(2662400K)
[121.322s][info][gc,heap        ] GC(171) ParOldGen: 126065K->126073K(5592576K)
[121.322s][info][gc,metaspace   ] GC(171) Metaspace: 172423K(185948K)->172423K(185948K) NonClass: 151859K(158544K)->151859K(158544K) Class: 20564K(27404K)->20564K(27404K)
[121.322s][info][gc             ] GC(171) Pause Young (Allocation Failure) 2597M->189M(8061M) 10.818ms
[121.322s][info][gc,cpu         ] GC(171) User=0.00s Sys=0.00s Real=0.00s
[121.845s][info][gc,start       ] GC(172) Pause Young (System.gc())
[121.848s][info][gc,heap        ] GC(172) PSYoungGen: 446030K->2036K(2665472K)
[121.848s][info][gc,heap        ] GC(172) ParOldGen: 126073K->128472K(5592576K)
[121.848s][info][gc,metaspace   ] GC(172) Metaspace: 172424K(185948K)->172424K(185948K) NonClass: 151860K(158544K)->151860K(158544K) Class: 20564K(27404K)->20564K(27404K)
[121.848s][info][gc             ] GC(172) Pause Young (System.gc()) 558M->127M(8064M) 3.453ms
[121.848s][info][gc,cpu         ] GC(172) User=0.00s Sys=0.00s Real=0.00s
[121.848s][info][gc,start       ] GC(173) Pause Full (System.gc())
[121.848s][info][gc,phases,start] GC(173) Marking Phase
[121.907s][info][gc,phases      ] GC(173) Marking Phase 58.051ms
[121.907s][info][gc,phases,start] GC(173) Summary Phase
[121.907s][info][gc,phases      ] GC(173) Summary Phase 0.010ms
[121.907s][info][gc,phases,start] GC(173) Adjust Roots
[121.927s][info][gc,phases      ] GC(173) Adjust Roots 20.370ms
[121.927s][info][gc,phases,start] GC(173) Compaction Phase
[121.953s][info][gc,phases      ] GC(173) Compaction Phase 25.723ms
[121.953s][info][gc,phases,start] GC(173) Post Compact
[121.954s][info][gc,phases      ] GC(173) Post Compact 0.875ms
[121.954s][info][gc,heap        ] GC(173) PSYoungGen: 2036K->0K(2665472K)
[121.954s][info][gc,heap        ] GC(173) ParOldGen: 128472K->126410K(5592576K)
[121.954s][info][gc,metaspace   ] GC(173) Metaspace: 172424K(185948K)->172424K(185948K) NonClass: 151860K(158544K)->151860K(158544K) Class: 20564K(27404K)->20564K(27404K)
[121.954s][info][gc             ] GC(173) Pause Full (System.gc()) 127M->123M(8064M) 105.301ms
[121.954s][info][gc,cpu         ] GC(173) User=0.06s Sys=0.00s Real=0.11s
[122.986s][info][gc,start       ] GC(174) Pause Young (Allocation Failure)
[122.997s][info][gc,heap        ] GC(174) PSYoungGen: 2534912K->67466K(2661888K)
[122.997s][info][gc,heap        ] GC(174) ParOldGen: 126410K->126410K(5592576K)
[122.997s][info][gc,metaspace   ] GC(174) Metaspace: 172448K(185948K)->172448K(185948K) NonClass: 151884K(158544K)->151884K(158544K) Class: 20564K(27404K)->20564K(27404K)
[122.997s][info][gc             ] GC(174) Pause Young (Allocation Failure) 2598M->189M(8061M) 10.919ms
[122.997s][info][gc,cpu         ] GC(174) User=0.00s Sys=0.00s Real=0.00s
[123.544s][info][gc,start       ] GC(175) Pause Young (System.gc())
[123.546s][info][gc,heap        ] GC(175) PSYoungGen: 442108K->2013K(2665472K)
[123.546s][info][gc,heap        ] GC(175) ParOldGen: 126410K->128749K(5592576K)
[123.546s][info][gc,metaspace   ] GC(175) Metaspace: 172468K(185948K)->172468K(185948K) NonClass: 151904K(158544K)->151904K(158544K) Class: 20564K(27404K)->20564K(27404K)
[123.546s][info][gc             ] GC(175) Pause Young (System.gc()) 555M->127M(8064M) 2.577ms
[123.546s][info][gc,cpu         ] GC(175) User=0.00s Sys=0.00s Real=0.00s
[123.546s][info][gc,start       ] GC(176) Pause Full (System.gc())
[123.546s][info][gc,phases,start] GC(176) Marking Phase
[123.602s][info][gc,phases      ] GC(176) Marking Phase 55.791ms
[123.602s][info][gc,phases,start] GC(176) Summary Phase
[123.602s][info][gc,phases      ] GC(176) Summary Phase 0.012ms
[123.602s][info][gc,phases,start] GC(176) Adjust Roots
[123.623s][info][gc,phases      ] GC(176) Adjust Roots 20.396ms
[123.623s][info][gc,phases,start] GC(176) Compaction Phase
[123.655s][info][gc,phases      ] GC(176) Compaction Phase 32.551ms
[123.655s][info][gc,phases,start] GC(176) Post Compact
[123.656s][info][gc,phases      ] GC(176) Post Compact 0.937ms
[123.656s][info][gc,heap        ] GC(176) PSYoungGen: 2013K->0K(2665472K)
[123.656s][info][gc,heap        ] GC(176) ParOldGen: 128749K->126056K(5592576K)
[123.656s][info][gc,metaspace   ] GC(176) Metaspace: 172468K(185948K)->172468K(185948K) NonClass: 151904K(158544K)->151904K(158544K) Class: 20564K(27404K)->20564K(27404K)
[123.656s][info][gc             ] GC(176) Pause Full (System.gc()) 127M->123M(8064M) 109.972ms
[123.656s][info][gc,cpu         ] GC(176) User=0.09s Sys=0.00s Real=0.11s
[124.703s][info][gc,start       ] GC(177) Pause Young (Allocation Failure)
[124.714s][info][gc,heap        ] GC(177) PSYoungGen: 2534912K->67676K(2661888K)
[124.714s][info][gc,heap        ] GC(177) ParOldGen: 126056K->126064K(5592576K)
[124.714s][info][gc,metaspace   ] GC(177) Metaspace: 172472K(185948K)->172472K(185948K) NonClass: 151907K(158544K)->151907K(158544K) Class: 20564K(27404K)->20564K(27404K)
[124.714s][info][gc             ] GC(177) Pause Young (Allocation Failure) 2598M->189M(8061M) 10.613ms
[124.714s][info][gc,cpu         ] GC(177) User=0.02s Sys=0.00s Real=0.02s
[125.229s][info][gc,start       ] GC(178) Pause Young (System.gc())
[125.232s][info][gc,heap        ] GC(178) PSYoungGen: 443752K->2141K(2665472K)
[125.232s][info][gc,heap        ] GC(178) ParOldGen: 126064K->128374K(5592576K)
[125.232s][info][gc,metaspace   ] GC(178) Metaspace: 172475K(185948K)->172475K(185948K) NonClass: 151911K(158544K)->151911K(158544K) Class: 20564K(27404K)->20564K(27404K)
[125.232s][info][gc             ] GC(178) Pause Young (System.gc()) 556M->127M(8064M) 3.152ms
[125.232s][info][gc,cpu         ] GC(178) User=0.02s Sys=0.00s Real=0.01s
[125.233s][info][gc,start       ] GC(179) Pause Full (System.gc())
[125.233s][info][gc,phases,start] GC(179) Marking Phase
[125.287s][info][gc,phases      ] GC(179) Marking Phase 54.605ms
[125.287s][info][gc,phases,start] GC(179) Summary Phase
[125.287s][info][gc,phases      ] GC(179) Summary Phase 0.012ms
[125.287s][info][gc,phases,start] GC(179) Adjust Roots
[125.308s][info][gc,phases      ] GC(179) Adjust Roots 20.369ms
[125.308s][info][gc,phases,start] GC(179) Compaction Phase
[125.340s][info][gc,phases      ] GC(179) Compaction Phase 32.329ms
[125.340s][info][gc,phases,start] GC(179) Post Compact
[125.341s][info][gc,phases      ] GC(179) Post Compact 1.253ms
[125.341s][info][gc,heap        ] GC(179) PSYoungGen: 2141K->0K(2665472K)
[125.341s][info][gc,heap        ] GC(179) ParOldGen: 128374K->126323K(5592576K)
[125.341s][info][gc,metaspace   ] GC(179) Metaspace: 172475K(185948K)->172475K(185948K) NonClass: 151911K(158544K)->151911K(158544K) Class: 20564K(27404K)->20564K(27404K)
[125.341s][info][gc             ] GC(179) Pause Full (System.gc()) 127M->123M(8064M) 108.941ms
[125.342s][info][gc,cpu         ] GC(179) User=0.20s Sys=0.00s Real=0.11s
[126.380s][info][gc,start       ] GC(180) Pause Young (Allocation Failure)
[126.390s][info][gc,heap        ] GC(180) PSYoungGen: 2531148K->67619K(2662912K)
[126.390s][info][gc,heap        ] GC(180) ParOldGen: 126323K->126323K(5592576K)
[126.390s][info][gc,metaspace   ] GC(180) Metaspace: 172481K(185948K)->172481K(185948K) NonClass: 151917K(158544K)->151917K(158544K) Class: 20564K(27404K)->20564K(27404K)
[126.390s][info][gc             ] GC(180) Pause Young (Allocation Failure) 2595M->189M(8062M) 10.751ms
[126.390s][info][gc,cpu         ] GC(180) User=0.00s Sys=0.00s Real=0.00s
[126.921s][info][gc,start       ] GC(181) Pause Young (System.gc())
[126.924s][info][gc,heap        ] GC(181) PSYoungGen: 447992K->1988K(2665984K)
[126.924s][info][gc,heap        ] GC(181) ParOldGen: 126323K->128730K(5592576K)
[126.924s][info][gc,metaspace   ] GC(181) Metaspace: 172501K(185948K)->172501K(185948K) NonClass: 151936K(158544K)->151936K(158544K) Class: 20564K(27404K)->20564K(27404K)
[126.924s][info][gc             ] GC(181) Pause Young (System.gc()) 560M->127M(8065M) 2.637ms
[126.924s][info][gc,cpu         ] GC(181) User=0.00s Sys=0.00s Real=0.00s
[126.924s][info][gc,start       ] GC(182) Pause Full (System.gc())
[126.924s][info][gc,phases,start] GC(182) Marking Phase
[126.977s][info][gc,phases      ] GC(182) Marking Phase 53.285ms
[126.977s][info][gc,phases,start] GC(182) Summary Phase
[126.977s][info][gc,phases      ] GC(182) Summary Phase 0.011ms
[126.977s][info][gc,phases,start] GC(182) Adjust Roots
[126.998s][info][gc,phases      ] GC(182) Adjust Roots 20.607ms
[126.998s][info][gc,phases,start] GC(182) Compaction Phase
[127.020s][info][gc,phases      ] GC(182) Compaction Phase 22.172ms
[127.020s][info][gc,phases,start] GC(182) Post Compact
[127.021s][info][gc,phases      ] GC(182) Post Compact 0.844ms
[127.021s][info][gc,heap        ] GC(182) PSYoungGen: 1988K->0K(2665984K)
[127.021s][info][gc,heap        ] GC(182) ParOldGen: 128730K->125931K(5592576K)
[127.021s][info][gc,metaspace   ] GC(182) Metaspace: 172501K(185948K)->172501K(185948K) NonClass: 151936K(158544K)->151936K(158544K) Class: 20564K(27404K)->20564K(27404K)
[127.021s][info][gc             ] GC(182) Pause Full (System.gc()) 127M->122M(8065M) 97.198ms
[127.021s][info][gc,cpu         ] GC(182) User=0.08s Sys=0.00s Real=0.11s
[128.037s][info][gc,start       ] GC(183) Pause Young (Allocation Failure)
[128.048s][info][gc,heap        ] GC(183) PSYoungGen: 2535936K->67579K(2662912K)
[128.048s][info][gc,heap        ] GC(183) ParOldGen: 125931K->125931K(5592576K)
[128.048s][info][gc,metaspace   ] GC(183) Metaspace: 172502K(185948K)->172502K(185948K) NonClass: 151938K(158544K)->151938K(158544K) Class: 20564K(27404K)->20564K(27404K)
[128.048s][info][gc             ] GC(183) Pause Young (Allocation Failure) 2599M->188M(8062M) 11.086ms
[128.048s][info][gc,cpu         ] GC(183) User=0.02s Sys=0.00s Real=0.02s
[128.599s][info][gc,start       ] GC(184) Pause Young (System.gc())
[128.602s][info][gc,heap        ] GC(184) PSYoungGen: 457211K->2077K(2665984K)
[128.602s][info][gc,heap        ] GC(184) ParOldGen: 125931K->128251K(5592576K)
[128.602s][info][gc,metaspace   ] GC(184) Metaspace: 172502K(185948K)->172502K(185948K) NonClass: 151938K(158544K)->151938K(158544K) Class: 20564K(27404K)->20564K(27404K)
[128.602s][info][gc             ] GC(184) Pause Young (System.gc()) 569M->127M(8065M) 2.780ms
[128.602s][info][gc,cpu         ] GC(184) User=0.00s Sys=0.00s Real=0.00s
[128.602s][info][gc,start       ] GC(185) Pause Full (System.gc())
[128.602s][info][gc,phases,start] GC(185) Marking Phase
[128.657s][info][gc,phases      ] GC(185) Marking Phase 55.460ms
[128.657s][info][gc,phases,start] GC(185) Summary Phase
[128.657s][info][gc,phases      ] GC(185) Summary Phase 0.012ms
[128.657s][info][gc,phases,start] GC(185) Adjust Roots
[128.679s][info][gc,phases      ] GC(185) Adjust Roots 21.517ms
[128.679s][info][gc,phases,start] GC(185) Compaction Phase
[128.715s][info][gc,phases      ] GC(185) Compaction Phase 36.535ms
[128.715s][info][gc,phases,start] GC(185) Post Compact
[128.717s][info][gc,phases      ] GC(185) Post Compact 1.111ms
[128.717s][info][gc,heap        ] GC(185) PSYoungGen: 2077K->0K(2665984K)
[128.717s][info][gc,heap        ] GC(185) ParOldGen: 128251K->126274K(5592576K)
[128.717s][info][gc,metaspace   ] GC(185) Metaspace: 172502K(185948K)->172502K(185948K) NonClass: 151938K(158544K)->151938K(158544K) Class: 20564K(27404K)->20564K(27404K)
[128.717s][info][gc             ] GC(185) Pause Full (System.gc()) 127M->123M(8065M) 114.983ms
[128.717s][info][gc,cpu         ] GC(185) User=0.03s Sys=0.00s Real=0.12s
[129.787s][info][gc,start       ] GC(186) Pause Young (Allocation Failure)
[129.797s][info][gc,heap        ] GC(186) PSYoungGen: 2533863K->67548K(2662912K)
[129.797s][info][gc,heap        ] GC(186) ParOldGen: 126274K->126282K(5592576K)
[129.797s][info][gc,metaspace   ] GC(186) Metaspace: 172532K(185948K)->172532K(185948K) NonClass: 151968K(158544K)->151968K(158544K) Class: 20564K(27404K)->20564K(27404K)
[129.798s][info][gc             ] GC(186) Pause Young (Allocation Failure) 2597M->189M(8062M) 10.676ms
[129.798s][info][gc,cpu         ] GC(186) User=0.00s Sys=0.00s Real=0.01s
[130.321s][info][gc,start       ] GC(187) Pause Young (System.gc())
[130.324s][info][gc,heap        ] GC(187) PSYoungGen: 451096K->1955K(2665984K)
[130.324s][info][gc,heap        ] GC(187) ParOldGen: 126282K->128671K(5592576K)
[130.324s][info][gc,metaspace   ] GC(187) Metaspace: 172532K(185948K)->172532K(185948K) NonClass: 151968K(158544K)->151968K(158544K) Class: 20564K(27404K)->20564K(27404K)
[130.324s][info][gc             ] GC(187) Pause Young (System.gc()) 563M->127M(8065M) 2.621ms
[130.324s][info][gc,cpu         ] GC(187) User=0.00s Sys=0.00s Real=0.00s
[130.324s][info][gc,start       ] GC(188) Pause Full (System.gc())
[130.324s][info][gc,phases,start] GC(188) Marking Phase
[130.380s][info][gc,phases      ] GC(188) Marking Phase 56.065ms
[130.380s][info][gc,phases,start] GC(188) Summary Phase
[130.380s][info][gc,phases      ] GC(188) Summary Phase 0.012ms
[130.380s][info][gc,phases,start] GC(188) Adjust Roots
[130.401s][info][gc,phases      ] GC(188) Adjust Roots 20.328ms
[130.401s][info][gc,phases,start] GC(188) Compaction Phase
[130.426s][info][gc,phases      ] GC(188) Compaction Phase 24.978ms
[130.426s][info][gc,phases,start] GC(188) Post Compact
[130.426s][info][gc,phases      ] GC(188) Post Compact 0.911ms
[130.427s][info][gc,heap        ] GC(188) PSYoungGen: 1955K->0K(2665984K)
[130.427s][info][gc,heap        ] GC(188) ParOldGen: 128671K->125917K(5592576K)
[130.427s][info][gc,metaspace   ] GC(188) Metaspace: 172532K(185948K)->172532K(185948K) NonClass: 151968K(158544K)->151968K(158544K) Class: 20564K(27404K)->20564K(27404K)
[130.427s][info][gc             ] GC(188) Pause Full (System.gc()) 127M->122M(8065M) 102.556ms
[130.427s][info][gc,cpu         ] GC(188) User=0.11s Sys=0.00s Real=0.11s
[131.438s][info][gc,start       ] GC(189) Pause Young (Allocation Failure)
[131.449s][info][gc,heap        ] GC(189) PSYoungGen: 2535936K->67419K(2662400K)
[131.449s][info][gc,heap        ] GC(189) ParOldGen: 125917K->125917K(5592576K)
[131.449s][info][gc,metaspace   ] GC(189) Metaspace: 172532K(185948K)->172532K(185948K) NonClass: 151968K(158544K)->151968K(158544K) Class: 20564K(27404K)->20564K(27404K)
[131.449s][info][gc             ] GC(189) Pause Young (Allocation Failure) 2599M->188M(8061M) 11.092ms
[131.449s][info][gc,cpu         ] GC(189) User=0.00s Sys=0.00s Real=0.02s
[131.974s][info][gc,start       ] GC(190) Pause Young (System.gc())
[131.976s][info][gc,heap        ] GC(190) PSYoungGen: 443048K->2077K(2665984K)
[131.977s][info][gc,heap        ] GC(190) ParOldGen: 125917K->128249K(5592576K)
[131.977s][info][gc,metaspace   ] GC(190) Metaspace: 172532K(185948K)->172532K(185948K) NonClass: 151968K(158544K)->151968K(158544K) Class: 20564K(27404K)->20564K(27404K)
[131.977s][info][gc             ] GC(190) Pause Young (System.gc()) 555M->127M(8065M) 2.785ms
[131.977s][info][gc,cpu         ] GC(190) User=0.00s Sys=0.00s Real=0.00s
[131.977s][info][gc,start       ] GC(191) Pause Full (System.gc())
[131.977s][info][gc,phases,start] GC(191) Marking Phase
[132.029s][info][gc,phases      ] GC(191) Marking Phase 52.737ms
[132.029s][info][gc,phases,start] GC(191) Summary Phase
[132.029s][info][gc,phases      ] GC(191) Summary Phase 0.016ms
[132.029s][info][gc,phases,start] GC(191) Adjust Roots
[132.050s][info][gc,phases      ] GC(191) Adjust Roots 20.046ms
[132.050s][info][gc,phases,start] GC(191) Compaction Phase
[132.073s][info][gc,phases      ] GC(191) Compaction Phase 23.520ms
[132.073s][info][gc,phases,start] GC(191) Post Compact
[132.075s][info][gc,phases      ] GC(191) Post Compact 1.534ms
[132.075s][info][gc,heap        ] GC(191) PSYoungGen: 2077K->0K(2665984K)
[132.075s][info][gc,heap        ] GC(191) ParOldGen: 128249K->126262K(5592576K)
[132.075s][info][gc,metaspace   ] GC(191) Metaspace: 172532K(185948K)->172532K(185948K) NonClass: 151968K(158544K)->151968K(158544K) Class: 20564K(27404K)->20564K(27404K)
[132.075s][info][gc             ] GC(191) Pause Full (System.gc()) 127M->123M(8065M) 98.206ms
[132.075s][info][gc,cpu         ] GC(191) User=0.09s Sys=0.00s Real=0.11s
[133.080s][info][gc,start       ] GC(192) Pause Young (Allocation Failure)
[133.091s][info][gc,heap        ] GC(192) PSYoungGen: 2535936K->67640K(2662400K)
[133.091s][info][gc,heap        ] GC(192) ParOldGen: 126262K->126270K(5592576K)
[133.091s][info][gc,metaspace   ] GC(192) Metaspace: 172535K(185948K)->172535K(185948K) NonClass: 151971K(158544K)->151971K(158544K) Class: 20564K(27404K)->20564K(27404K)
[133.091s][info][gc             ] GC(192) Pause Young (Allocation Failure) 2599M->189M(8061M) 10.613ms
[133.091s][info][gc,cpu         ] GC(192) User=0.00s Sys=0.00s Real=0.00s
[133.645s][info][gc,start       ] GC(193) Pause Young (System.gc())
[133.648s][info][gc,heap        ] GC(193) PSYoungGen: 458568K->2077K(2665984K)
[133.648s][info][gc,heap        ] GC(193) ParOldGen: 126270K->128640K(5592576K)
[133.648s][info][gc,metaspace   ] GC(193) Metaspace: 172536K(185948K)->172536K(185948K) NonClass: 151972K(158544K)->151972K(158544K) Class: 20564K(27404K)->20564K(27404K)
[133.648s][info][gc             ] GC(193) Pause Young (System.gc()) 571M->127M(8065M) 2.766ms
[133.648s][info][gc,cpu         ] GC(193) User=0.00s Sys=0.00s Real=0.00s
[133.648s][info][gc,start       ] GC(194) Pause Full (System.gc())
[133.648s][info][gc,phases,start] GC(194) Marking Phase
[133.705s][info][gc,phases      ] GC(194) Marking Phase 57.077ms
[133.705s][info][gc,phases,start] GC(194) Summary Phase
[133.705s][info][gc,phases      ] GC(194) Summary Phase 0.012ms
[133.705s][info][gc,phases,start] GC(194) Adjust Roots
[133.727s][info][gc,phases      ] GC(194) Adjust Roots 21.394ms
[133.727s][info][gc,phases,start] GC(194) Compaction Phase
[133.754s][info][gc,phases      ] GC(194) Compaction Phase 27.005ms
[133.754s][info][gc,phases,start] GC(194) Post Compact
[133.755s][info][gc,phases      ] GC(194) Post Compact 0.948ms
[133.755s][info][gc,heap        ] GC(194) PSYoungGen: 2077K->0K(2665984K)
[133.755s][info][gc,heap        ] GC(194) ParOldGen: 128640K->125871K(5592576K)
[133.755s][info][gc,metaspace   ] GC(194) Metaspace: 172536K(185948K)->172536K(185948K) NonClass: 151972K(158544K)->151972K(158544K) Class: 20564K(27404K)->20564K(27404K)
[133.755s][info][gc             ] GC(194) Pause Full (System.gc()) 127M->122M(8065M) 106.775ms
[133.755s][info][gc,cpu         ] GC(194) User=0.03s Sys=0.00s Real=0.11s
[134.663s][info][gc,start       ] GC(195) Pause Young (Allocation Failure)
[134.673s][info][gc,heap        ] GC(195) PSYoungGen: 2534934K->67086K(2662400K)
[134.674s][info][gc,heap        ] GC(195) ParOldGen: 125871K->125871K(5592576K)
[134.674s][info][gc,metaspace   ] GC(195) Metaspace: 172538K(185948K)->172538K(185948K) NonClass: 151973K(158544K)->151973K(158544K) Class: 20564K(27404K)->20564K(27404K)
[134.674s][info][gc             ] GC(195) Pause Young (Allocation Failure) 2598M->188M(8061M) 10.932ms
[134.674s][info][gc,cpu         ] GC(195) User=0.02s Sys=0.00s Real=0.02s
[135.328s][info][gc,start       ] GC(196) Pause Young (System.gc())
[135.331s][info][gc,heap        ] GC(196) PSYoungGen: 552285K->2553K(2665984K)
[135.331s][info][gc,heap        ] GC(196) ParOldGen: 125871K->127959K(5592576K)
[135.331s][info][gc,metaspace   ] GC(196) Metaspace: 172540K(185948K)->172540K(185948K) NonClass: 151976K(158544K)->151976K(158544K) Class: 20564K(27404K)->20564K(27404K)
[135.331s][info][gc             ] GC(196) Pause Young (System.gc()) 662M->127M(8065M) 2.748ms
[135.331s][info][gc,cpu         ] GC(196) User=0.00s Sys=0.00s Real=0.00s
[135.331s][info][gc,start       ] GC(197) Pause Full (System.gc())
[135.331s][info][gc,phases,start] GC(197) Marking Phase
[135.385s][info][gc,phases      ] GC(197) Marking Phase 53.520ms
[135.385s][info][gc,phases,start] GC(197) Summary Phase
[135.385s][info][gc,phases      ] GC(197) Summary Phase 0.012ms
[135.385s][info][gc,phases,start] GC(197) Adjust Roots
[135.407s][info][gc,phases      ] GC(197) Adjust Roots 22.198ms
[135.407s][info][gc,phases,start] GC(197) Compaction Phase
[135.454s][info][gc,phases      ] GC(197) Compaction Phase 46.706ms
[135.454s][info][gc,phases,start] GC(197) Post Compact
[135.455s][info][gc,phases      ] GC(197) Post Compact 0.964ms
[135.455s][info][gc,heap        ] GC(197) PSYoungGen: 2553K->0K(2665984K)
[135.455s][info][gc,heap        ] GC(197) ParOldGen: 127959K->126671K(5592576K)
[135.455s][info][gc,metaspace   ] GC(197) Metaspace: 172540K(185948K)->172540K(185948K) NonClass: 151976K(158544K)->151976K(158544K) Class: 20564K(27404K)->20564K(27404K)
[135.455s][info][gc             ] GC(197) Pause Full (System.gc()) 127M->123M(8065M) 123.713ms
[135.455s][info][gc,cpu         ] GC(197) User=0.14s Sys=0.00s Real=0.12s
[136.523s][info][gc,start       ] GC(198) Pause Young (Allocation Failure)
[136.534s][info][gc,heap        ] GC(198) PSYoungGen: 2531869K->67572K(2663424K)
[136.534s][info][gc,heap        ] GC(198) ParOldGen: 126671K->126679K(5592576K)
[136.534s][info][gc,metaspace   ] GC(198) Metaspace: 172561K(185948K)->172561K(185948K) NonClass: 151997K(158544K)->151997K(158544K) Class: 20564K(27404K)->20564K(27404K)
[136.534s][info][gc             ] GC(198) Pause Young (Allocation Failure) 2596M->189M(8062M) 10.767ms
[136.534s][info][gc,cpu         ] GC(198) User=0.02s Sys=0.00s Real=0.02s
[137.066s][info][gc,start       ] GC(199) Pause Young (System.gc())
[137.069s][info][gc,heap        ] GC(199) PSYoungGen: 437934K->2020K(2666496K)
[137.069s][info][gc,heap        ] GC(199) ParOldGen: 126679K->129070K(5592576K)
[137.069s][info][gc,metaspace   ] GC(199) Metaspace: 172566K(185948K)->172566K(185948K) NonClass: 152002K(158544K)->152002K(158544K) Class: 20564K(27404K)->20564K(27404K)
[137.069s][info][gc             ] GC(199) Pause Young (System.gc()) 551M->128M(8065M) 2.992ms
[137.069s][info][gc,cpu         ] GC(199) User=0.00s Sys=0.00s Real=0.00s
[137.069s][info][gc,start       ] GC(200) Pause Full (System.gc())
[137.069s][info][gc,phases,start] GC(200) Marking Phase
[137.123s][info][gc,phases      ] GC(200) Marking Phase 53.683ms
[137.123s][info][gc,phases,start] GC(200) Summary Phase
[137.123s][info][gc,phases      ] GC(200) Summary Phase 0.011ms
[137.123s][info][gc,phases,start] GC(200) Adjust Roots
[137.144s][info][gc,phases      ] GC(200) Adjust Roots 20.282ms
[137.144s][info][gc,phases,start] GC(200) Compaction Phase
[137.182s][info][gc,phases      ] GC(200) Compaction Phase 38.650ms
[137.182s][info][gc,phases,start] GC(200) Post Compact
[137.183s][info][gc,phases      ] GC(200) Post Compact 0.882ms
[137.183s][info][gc,heap        ] GC(200) PSYoungGen: 2020K->0K(2666496K)
[137.183s][info][gc,heap        ] GC(200) ParOldGen: 129070K->126482K(5592576K)
[137.183s][info][gc,metaspace   ] GC(200) Metaspace: 172566K(185948K)->172566K(185948K) NonClass: 152002K(158544K)->152002K(158544K) Class: 20564K(27404K)->20564K(27404K)
[137.183s][info][gc             ] GC(200) Pause Full (System.gc()) 128M->123M(8065M) 113.796ms
[137.183s][info][gc,cpu         ] GC(200) User=0.11s Sys=0.00s Real=0.11s
[138.213s][info][gc,start       ] GC(201) Pause Young (Allocation Failure)
[138.224s][info][gc,heap        ] GC(201) PSYoungGen: 2536960K->67451K(2663424K)
[138.224s][info][gc,heap        ] GC(201) ParOldGen: 126482K->126482K(5592576K)
[138.224s][info][gc,metaspace   ] GC(201) Metaspace: 172608K(185948K)->172608K(185948K) NonClass: 152044K(158544K)->152044K(158544K) Class: 20564K(27404K)->20564K(27404K)
[138.224s][info][gc             ] GC(201) Pause Young (Allocation Failure) 2601M->189M(8062M) 10.581ms
[138.224s][info][gc,cpu         ] GC(201) User=0.00s Sys=0.00s Real=0.00s
[138.750s][info][gc,start       ] GC(202) Pause Young (System.gc())
[138.752s][info][gc,heap        ] GC(202) PSYoungGen: 452657K->2044K(2666496K)
[138.752s][info][gc,heap        ] GC(202) ParOldGen: 126482K->128811K(5592576K)
[138.752s][info][gc,metaspace   ] GC(202) Metaspace: 172792K(186204K)->172792K(186204K) NonClass: 152228K(158800K)->152228K(158800K) Class: 20564K(27404K)->20564K(27404K)
[138.752s][info][gc             ] GC(202) Pause Young (System.gc()) 565M->127M(8065M) 2.562ms
[138.752s][info][gc,cpu         ] GC(202) User=0.00s Sys=0.00s Real=0.00s
[138.752s][info][gc,start       ] GC(203) Pause Full (System.gc())
[138.752s][info][gc,phases,start] GC(203) Marking Phase
[138.805s][info][gc,phases      ] GC(203) Marking Phase 52.785ms
[138.805s][info][gc,phases,start] GC(203) Summary Phase
[138.805s][info][gc,phases      ] GC(203) Summary Phase 0.011ms
[138.805s][info][gc,phases,start] GC(203) Adjust Roots
[138.825s][info][gc,phases      ] GC(203) Adjust Roots 20.122ms
[138.825s][info][gc,phases,start] GC(203) Compaction Phase
[138.844s][info][gc,phases      ] GC(203) Compaction Phase 18.389ms
[138.844s][info][gc,phases,start] GC(203) Post Compact
[138.845s][info][gc,phases      ] GC(203) Post Compact 0.901ms
[138.845s][info][gc,heap        ] GC(203) PSYoungGen: 2044K->0K(2666496K)
[138.845s][info][gc,heap        ] GC(203) ParOldGen: 128811K->126122K(5592576K)
[138.845s][info][gc,metaspace   ] GC(203) Metaspace: 172792K(186204K)->172792K(186204K) NonClass: 152228K(158800K)->152228K(158800K) Class: 20564K(27404K)->20564K(27404K)
[138.845s][info][gc             ] GC(203) Pause Full (System.gc()) 127M->123M(8065M) 92.499ms
[138.845s][info][gc,cpu         ] GC(203) User=0.09s Sys=0.00s Real=0.09s
[139.842s][info][gc,start       ] GC(204) Pause Young (Allocation Failure)
[139.853s][info][gc,heap        ] GC(204) PSYoungGen: 2536960K->67466K(2663424K)
[139.853s][info][gc,heap        ] GC(204) ParOldGen: 126122K->126122K(5592576K)
[139.853s][info][gc,metaspace   ] GC(204) Metaspace: 172804K(186204K)->172804K(186204K) NonClass: 152240K(158800K)->152240K(158800K) Class: 20564K(27404K)->20564K(27404K)
[139.853s][info][gc             ] GC(204) Pause Young (Allocation Failure) 2600M->189M(8062M) 10.993ms
[139.853s][info][gc,cpu         ] GC(204) User=0.02s Sys=0.00s Real=0.02s
[140.367s][info][gc,start       ] GC(205) Pause Young (System.gc())
[140.370s][info][gc,heap        ] GC(205) PSYoungGen: 440760K->2045K(2666496K)
[140.370s][info][gc,heap        ] GC(205) ParOldGen: 126122K->128467K(5592576K)
[140.370s][info][gc,metaspace   ] GC(205) Metaspace: 172804K(186204K)->172804K(186204K) NonClass: 152240K(158800K)->152240K(158800K) Class: 20564K(27404K)->20564K(27404K)
[140.370s][info][gc             ] GC(205) Pause Young (System.gc()) 553M->127M(8065M) 2.946ms
[140.370s][info][gc,cpu         ] GC(205) User=0.00s Sys=0.00s Real=0.00s
[140.370s][info][gc,start       ] GC(206) Pause Full (System.gc())
[140.370s][info][gc,phases,start] GC(206) Marking Phase
[140.423s][info][gc,phases      ] GC(206) Marking Phase 53.285ms
[140.423s][info][gc,phases,start] GC(206) Summary Phase
[140.423s][info][gc,phases      ] GC(206) Summary Phase 0.011ms
[140.423s][info][gc,phases,start] GC(206) Adjust Roots
[140.444s][info][gc,phases      ] GC(206) Adjust Roots 20.584ms
[140.444s][info][gc,phases,start] GC(206) Compaction Phase
[140.471s][info][gc,phases      ] GC(206) Compaction Phase 26.831ms
[140.471s][info][gc,phases,start] GC(206) Post Compact
[140.472s][info][gc,phases      ] GC(206) Post Compact 0.955ms
[140.472s][info][gc,heap        ] GC(206) PSYoungGen: 2045K->0K(2666496K)
[140.472s][info][gc,heap        ] GC(206) ParOldGen: 128467K->126467K(5592576K)
[140.472s][info][gc,metaspace   ] GC(206) Metaspace: 172804K(186204K)->172804K(186204K) NonClass: 152240K(158800K)->152240K(158800K) Class: 20564K(27404K)->20564K(27404K)
[140.472s][info][gc             ] GC(206) Pause Full (System.gc()) 127M->123M(8065M) 101.953ms
[140.472s][info][gc,cpu         ] GC(206) User=0.08s Sys=0.00s Real=0.11s
[141.476s][info][gc,start       ] GC(207) Pause Young (Allocation Failure)
[141.487s][info][gc,heap        ] GC(207) PSYoungGen: 2533260K->67587K(2663424K)
[141.487s][info][gc,heap        ] GC(207) ParOldGen: 126467K->126467K(5592576K)
[141.487s][info][gc,metaspace   ] GC(207) Metaspace: 172810K(186204K)->172810K(186204K) NonClass: 152245K(158800K)->152245K(158800K) Class: 20564K(27404K)->20564K(27404K)
[141.487s][info][gc             ] GC(207) Pause Young (Allocation Failure) 2597M->189M(8062M) 10.937ms
[141.487s][info][gc,cpu         ] GC(207) User=0.02s Sys=0.00s Real=0.02s
[141.998s][info][gc,start       ] GC(208) Pause Young (System.gc())
[142.001s][info][gc,heap        ] GC(208) PSYoungGen: 445354K->2019K(2666496K)
[142.001s][info][gc,heap        ] GC(208) ParOldGen: 126467K->128863K(5592576K)
[142.001s][info][gc,metaspace   ] GC(208) Metaspace: 172810K(186204K)->172810K(186204K) NonClass: 152245K(158800K)->152245K(158800K) Class: 20564K(27404K)->20564K(27404K)
[142.001s][info][gc             ] GC(208) Pause Young (System.gc()) 558M->127M(8065M) 2.822ms
[142.001s][info][gc,cpu         ] GC(208) User=0.00s Sys=0.00s Real=0.00s
[142.001s][info][gc,start       ] GC(209) Pause Full (System.gc())
[142.001s][info][gc,phases,start] GC(209) Marking Phase
[142.053s][info][gc,phases      ] GC(209) Marking Phase 52.565ms
[142.053s][info][gc,phases,start] GC(209) Summary Phase
[142.053s][info][gc,phases      ] GC(209) Summary Phase 0.012ms
[142.053s][info][gc,phases,start] GC(209) Adjust Roots
[142.075s][info][gc,phases      ] GC(209) Adjust Roots 21.012ms
[142.075s][info][gc,phases,start] GC(209) Compaction Phase
[142.111s][info][gc,phases      ] GC(209) Compaction Phase 36.868ms
[142.111s][info][gc,phases,start] GC(209) Post Compact
[142.112s][info][gc,phases      ] GC(209) Post Compact 0.888ms
[142.112s][info][gc,heap        ] GC(209) PSYoungGen: 2019K->0K(2666496K)
[142.112s][info][gc,heap        ] GC(209) ParOldGen: 128863K->126041K(5592576K)
[142.112s][info][gc,metaspace   ] GC(209) Metaspace: 172810K(186204K)->172810K(186204K) NonClass: 152245K(158800K)->152245K(158800K) Class: 20564K(27404K)->20564K(27404K)
[142.112s][info][gc             ] GC(209) Pause Full (System.gc()) 127M->123M(8065M) 111.638ms
[142.113s][info][gc,cpu         ] GC(209) User=0.12s Sys=0.00s Real=0.12s
[143.110s][info][gc,start       ] GC(210) Pause Young (Allocation Failure)
[143.121s][info][gc,heap        ] GC(210) PSYoungGen: 2533510K->67555K(2662400K)
[143.121s][info][gc,heap        ] GC(210) ParOldGen: 126041K->126041K(5592576K)
[143.121s][info][gc,metaspace   ] GC(210) Metaspace: 172813K(186204K)->172813K(186204K) NonClass: 152249K(158800K)->152249K(158800K) Class: 20564K(27404K)->20564K(27404K)
[143.121s][info][gc             ] GC(210) Pause Young (Allocation Failure) 2597M->189M(8061M) 10.692ms
[143.121s][info][gc,cpu         ] GC(210) User=0.03s Sys=0.00s Real=0.00s
[143.628s][info][gc,start       ] GC(211) Pause Young (System.gc())
[143.630s][info][gc,heap        ] GC(211) PSYoungGen: 441257K->1988K(2665984K)
[143.630s][info][gc,heap        ] GC(211) ParOldGen: 126041K->128435K(5592576K)
[143.630s][info][gc,metaspace   ] GC(211) Metaspace: 172813K(186204K)->172813K(186204K) NonClass: 152249K(158800K)->152249K(158800K) Class: 20564K(27404K)->20564K(27404K)
[143.630s][info][gc             ] GC(211) Pause Young (System.gc()) 554M->127M(8065M) 2.913ms
[143.630s][info][gc,cpu         ] GC(211) User=0.02s Sys=0.00s Real=0.01s
[143.631s][info][gc,start       ] GC(212) Pause Full (System.gc())
[143.631s][info][gc,phases,start] GC(212) Marking Phase
[143.685s][info][gc,phases      ] GC(212) Marking Phase 54.851ms
[143.685s][info][gc,phases,start] GC(212) Summary Phase
[143.685s][info][gc,phases      ] GC(212) Summary Phase 0.015ms
[143.685s][info][gc,phases,start] GC(212) Adjust Roots
[143.706s][info][gc,phases      ] GC(212) Adjust Roots 20.800ms
[143.706s][info][gc,phases,start] GC(212) Compaction Phase
[143.744s][info][gc,phases      ] GC(212) Compaction Phase 37.312ms
[143.744s][info][gc,phases,start] GC(212) Post Compact
[143.745s][info][gc,phases      ] GC(212) Post Compact 0.861ms
[143.745s][info][gc,heap        ] GC(212) PSYoungGen: 1988K->0K(2665984K)
[143.745s][info][gc,heap        ] GC(212) ParOldGen: 128435K->126385K(5592576K)
[143.745s][info][gc,metaspace   ] GC(212) Metaspace: 172813K(186204K)->172813K(186204K) NonClass: 152249K(158800K)->152249K(158800K) Class: 20564K(27404K)->20564K(27404K)
[143.745s][info][gc             ] GC(212) Pause Full (System.gc()) 127M->123M(8065M) 114.119ms
[143.745s][info][gc,cpu         ] GC(212) User=0.08s Sys=0.00s Real=0.11s
[144.762s][info][gc,start       ] GC(213) Pause Young (Allocation Failure)
[144.772s][info][gc,heap        ] GC(213) PSYoungGen: 2535936K->67452K(2663424K)
[144.772s][info][gc,heap        ] GC(213) ParOldGen: 126385K->126385K(5592576K)
[144.772s][info][gc,metaspace   ] GC(213) Metaspace: 172814K(186204K)->172814K(186204K) NonClass: 152249K(158800K)->152249K(158800K) Class: 20564K(27404K)->20564K(27404K)
[144.772s][info][gc             ] GC(213) Pause Young (Allocation Failure) 2599M->189M(8062M) 10.462ms
[144.772s][info][gc,cpu         ] GC(213) User=0.00s Sys=0.00s Real=0.00s
[145.289s][info][gc,start       ] GC(214) Pause Young (System.gc())
[145.292s][info][gc,heap        ] GC(214) PSYoungGen: 441730K->2141K(2666496K)
[145.292s][info][gc,heap        ] GC(214) ParOldGen: 126385K->128701K(5592576K)
[145.292s][info][gc,metaspace   ] GC(214) Metaspace: 172817K(186204K)->172817K(186204K) NonClass: 152253K(158800K)->152253K(158800K) Class: 20564K(27404K)->20564K(27404K)
[145.292s][info][gc             ] GC(214) Pause Young (System.gc()) 554M->127M(8065M) 3.403ms
[145.292s][info][gc,cpu         ] GC(214) User=0.00s Sys=0.00s Real=0.00s
[145.292s][info][gc,start       ] GC(215) Pause Full (System.gc())
[145.292s][info][gc,phases,start] GC(215) Marking Phase
[145.345s][info][gc,phases      ] GC(215) Marking Phase 52.879ms
[145.345s][info][gc,phases,start] GC(215) Summary Phase
[145.345s][info][gc,phases      ] GC(215) Summary Phase 0.012ms
[145.345s][info][gc,phases,start] GC(215) Adjust Roots
[145.366s][info][gc,phases      ] GC(215) Adjust Roots 20.722ms
[145.366s][info][gc,phases,start] GC(215) Compaction Phase
[145.399s][info][gc,phases      ] GC(215) Compaction Phase 32.838ms
[145.399s][info][gc,phases,start] GC(215) Post Compact
[145.400s][info][gc,phases      ] GC(215) Post Compact 0.886ms
[145.400s][info][gc,heap        ] GC(215) PSYoungGen: 2141K->0K(2666496K)
[145.400s][info][gc,heap        ] GC(215) ParOldGen: 128701K->125956K(5592576K)
[145.400s][info][gc,metaspace   ] GC(215) Metaspace: 172817K(186204K)->172817K(186204K) NonClass: 152253K(158800K)->152253K(158800K) Class: 20564K(27404K)->20564K(27404K)
[145.400s][info][gc             ] GC(215) Pause Full (System.gc()) 127M->123M(8065M) 107.627ms
[145.400s][info][gc,cpu         ] GC(215) User=0.12s Sys=0.00s Real=0.10s
[146.426s][info][gc,start       ] GC(216) Pause Young (Allocation Failure)
[146.437s][info][gc,heap        ] GC(216) PSYoungGen: 2536960K->68423K(2662400K)
[146.437s][info][gc,heap        ] GC(216) ParOldGen: 125956K->125956K(5592576K)
[146.437s][info][gc,metaspace   ] GC(216) Metaspace: 172818K(186204K)->172818K(186204K) NonClass: 152254K(158800K)->152254K(158800K) Class: 20564K(27404K)->20564K(27404K)
[146.437s][info][gc             ] GC(216) Pause Young (Allocation Failure) 2600M->189M(8061M) 10.902ms
[146.437s][info][gc,cpu         ] GC(216) User=0.00s Sys=0.00s Real=0.02s
[146.949s][info][gc,start       ] GC(217) Pause Young (System.gc())
[146.952s][info][gc,heap        ] GC(217) PSYoungGen: 442768K->1964K(2665984K)
[146.952s][info][gc,heap        ] GC(217) ParOldGen: 125956K->128381K(5592576K)
[146.952s][info][gc,metaspace   ] GC(217) Metaspace: 172818K(186204K)->172818K(186204K) NonClass: 152254K(158800K)->152254K(158800K) Class: 20564K(27404K)->20564K(27404K)
[146.952s][info][gc             ] GC(217) Pause Young (System.gc()) 555M->127M(8065M) 2.591ms
[146.952s][info][gc,cpu         ] GC(217) User=0.00s Sys=0.00s Real=0.00s
[146.952s][info][gc,start       ] GC(218) Pause Full (System.gc())
[146.952s][info][gc,phases,start] GC(218) Marking Phase
[147.005s][info][gc,phases      ] GC(218) Marking Phase 53.270ms
[147.005s][info][gc,phases,start] GC(218) Summary Phase
[147.005s][info][gc,phases      ] GC(218) Summary Phase 0.011ms
[147.005s][info][gc,phases,start] GC(218) Adjust Roots
[147.026s][info][gc,phases      ] GC(218) Adjust Roots 20.487ms
[147.026s][info][gc,phases,start] GC(218) Compaction Phase
[147.050s][info][gc,phases      ] GC(218) Compaction Phase 24.460ms
[147.050s][info][gc,phases,start] GC(218) Post Compact
[147.051s][info][gc,phases      ] GC(218) Post Compact 0.875ms
[147.051s][info][gc,heap        ] GC(218) PSYoungGen: 1964K->0K(2665984K)
[147.051s][info][gc,heap        ] GC(218) ParOldGen: 128381K->126301K(5592576K)
[147.051s][info][gc,metaspace   ] GC(218) Metaspace: 172818K(186204K)->172818K(186204K) NonClass: 152254K(158800K)->152254K(158800K) Class: 20564K(27404K)->20564K(27404K)
[147.051s][info][gc             ] GC(218) Pause Full (System.gc()) 127M->123M(8065M) 99.388ms
[147.051s][info][gc,cpu         ] GC(218) User=0.06s Sys=0.00s Real=0.11s
[148.054s][info][gc,start       ] GC(219) Pause Young (Allocation Failure)
[148.065s][info][gc,heap        ] GC(219) PSYoungGen: 2535936K->68451K(2661376K)
[148.065s][info][gc,heap        ] GC(219) ParOldGen: 126301K->126309K(5592576K)
[148.065s][info][gc,metaspace   ] GC(219) Metaspace: 172821K(186204K)->172821K(186204K) NonClass: 152257K(158800K)->152257K(158800K) Class: 20564K(27404K)->20564K(27404K)
[148.065s][info][gc             ] GC(219) Pause Young (Allocation Failure) 2599M->190M(8060M) 11.209ms
[148.065s][info][gc,cpu         ] GC(219) User=0.00s Sys=0.00s Real=0.00s
[148.578s][info][gc,start       ] GC(220) Pause Young (System.gc())
[148.581s][info][gc,heap        ] GC(220) PSYoungGen: 433718K->1964K(2665472K)
[148.581s][info][gc,heap        ] GC(220) ParOldGen: 126309K->128737K(5592576K)
[148.581s][info][gc,metaspace   ] GC(220) Metaspace: 172823K(186204K)->172823K(186204K) NonClass: 152258K(158800K)->152258K(158800K) Class: 20564K(27404K)->20564K(27404K)
[148.581s][info][gc             ] GC(220) Pause Young (System.gc()) 546M->127M(8064M) 2.755ms
[148.581s][info][gc,cpu         ] GC(220) User=0.00s Sys=0.00s Real=0.00s
[148.581s][info][gc,start       ] GC(221) Pause Full (System.gc())
[148.581s][info][gc,phases,start] GC(221) Marking Phase
[148.634s][info][gc,phases      ] GC(221) Marking Phase 53.340ms
[148.634s][info][gc,phases,start] GC(221) Summary Phase
[148.634s][info][gc,phases      ] GC(221) Summary Phase 0.011ms
[148.634s][info][gc,phases,start] GC(221) Adjust Roots
[148.655s][info][gc,phases      ] GC(221) Adjust Roots 21.044ms
[148.656s][info][gc,phases,start] GC(221) Compaction Phase
[148.682s][info][gc,phases      ] GC(221) Compaction Phase 26.541ms
[148.682s][info][gc,phases,start] GC(221) Post Compact
[148.683s][info][gc,phases      ] GC(221) Post Compact 1.188ms
[148.683s][info][gc,heap        ] GC(221) PSYoungGen: 1964K->0K(2665472K)
[148.683s][info][gc,heap        ] GC(221) ParOldGen: 128737K->125901K(5592576K)
[148.683s][info][gc,metaspace   ] GC(221) Metaspace: 172823K(186204K)->172823K(186204K) NonClass: 152258K(158800K)->152258K(158800K) Class: 20564K(27404K)->20564K(27404K)
[148.683s][info][gc             ] GC(221) Pause Full (System.gc()) 127M->122M(8064M) 102.470ms
[148.684s][info][gc,cpu         ] GC(221) User=0.09s Sys=0.00s Real=0.11s
[149.676s][info][gc,start       ] GC(222) Pause Young (Allocation Failure)
[149.686s][info][gc,heap        ] GC(222) PSYoungGen: 2534912K->67442K(2662912K)
[149.686s][info][gc,heap        ] GC(222) ParOldGen: 125901K->125901K(5592576K)
[149.686s][info][gc,metaspace   ] GC(222) Metaspace: 172824K(186204K)->172824K(186204K) NonClass: 152259K(158800K)->152259K(158800K) Class: 20564K(27404K)->20564K(27404K)
[149.686s][info][gc             ] GC(222) Pause Young (Allocation Failure) 2598M->188M(8062M) 10.606ms
[149.686s][info][gc,cpu         ] GC(222) User=0.00s Sys=0.00s Real=0.00s
[150.205s][info][gc,start       ] GC(223) Pause Young (System.gc())
[150.208s][info][gc,heap        ] GC(223) PSYoungGen: 439127K->2044K(2665984K)
[150.208s][info][gc,heap        ] GC(223) ParOldGen: 125901K->128233K(5592576K)
[150.208s][info][gc,metaspace   ] GC(223) Metaspace: 172828K(186204K)->172828K(186204K) NonClass: 152263K(158800K)->152263K(158800K) Class: 20564K(27404K)->20564K(27404K)
[150.208s][info][gc             ] GC(223) Pause Young (System.gc()) 551M->127M(8065M) 2.577ms
[150.208s][info][gc,cpu         ] GC(223) User=0.00s Sys=0.00s Real=0.00s
[150.208s][info][gc,start       ] GC(224) Pause Full (System.gc())
[150.208s][info][gc,phases,start] GC(224) Marking Phase
[150.261s][info][gc,phases      ] GC(224) Marking Phase 53.162ms
[150.261s][info][gc,phases,start] GC(224) Summary Phase
[150.261s][info][gc,phases      ] GC(224) Summary Phase 0.011ms
[150.261s][info][gc,phases,start] GC(224) Adjust Roots
[150.281s][info][gc,phases      ] GC(224) Adjust Roots 20.245ms
[150.281s][info][gc,phases,start] GC(224) Compaction Phase
[150.315s][info][gc,phases      ] GC(224) Compaction Phase 33.426ms
[150.315s][info][gc,phases,start] GC(224) Post Compact
[150.316s][info][gc,phases      ] GC(224) Post Compact 1.165ms
[150.316s][info][gc,heap        ] GC(224) PSYoungGen: 2044K->0K(2665984K)
[150.316s][info][gc,heap        ] GC(224) ParOldGen: 128233K->126245K(5592576K)
[150.316s][info][gc,metaspace   ] GC(224) Metaspace: 172828K(186204K)->172828K(186204K) NonClass: 152263K(158800K)->152263K(158800K) Class: 20564K(27404K)->20564K(27404K)
[150.316s][info][gc             ] GC(224) Pause Full (System.gc()) 127M->123M(8065M) 108.346ms
[150.316s][info][gc,cpu         ] GC(224) User=0.08s Sys=0.00s Real=0.11s
[151.324s][info][gc,start       ] GC(225) Pause Young (Allocation Failure)
[151.335s][info][gc,heap        ] GC(225) PSYoungGen: 2533627K->67589K(2662912K)
[151.335s][info][gc,heap        ] GC(225) ParOldGen: 126245K->126245K(5592576K)
[151.335s][info][gc,metaspace   ] GC(225) Metaspace: 172828K(186204K)->172828K(186204K) NonClass: 152263K(158800K)->152263K(158800K) Class: 20564K(27404K)->20564K(27404K)
[151.335s][info][gc             ] GC(225) Pause Young (Allocation Failure) 2597M->189M(8062M) 11.303ms
[151.335s][info][gc,cpu         ] GC(225) User=0.00s Sys=0.00s Real=0.01s
[151.848s][info][gc,start       ] GC(226) Pause Young (System.gc())
[151.850s][info][gc,heap        ] GC(226) PSYoungGen: 439610K->1987K(2665984K)
[151.850s][info][gc,heap        ] GC(226) ParOldGen: 126245K->128644K(5592576K)
[151.850s][info][gc,metaspace   ] GC(226) Metaspace: 172828K(186204K)->172828K(186204K) NonClass: 152263K(158800K)->152263K(158800K) Class: 20564K(27404K)->20564K(27404K)
[151.850s][info][gc             ] GC(226) Pause Young (System.gc()) 552M->127M(8065M) 2.431ms
[151.850s][info][gc,cpu         ] GC(226) User=0.00s Sys=0.00s Real=0.00s
[151.850s][info][gc,start       ] GC(227) Pause Full (System.gc())
[151.850s][info][gc,phases,start] GC(227) Marking Phase
[151.903s][info][gc,phases      ] GC(227) Marking Phase 53.011ms
[151.903s][info][gc,phases,start] GC(227) Summary Phase
[151.903s][info][gc,phases      ] GC(227) Summary Phase 0.011ms
[151.903s][info][gc,phases,start] GC(227) Adjust Roots
[151.923s][info][gc,phases      ] GC(227) Adjust Roots 20.218ms
[151.924s][info][gc,phases,start] GC(227) Compaction Phase
[151.941s][info][gc,phases      ] GC(227) Compaction Phase 17.142ms
[151.941s][info][gc,phases,start] GC(227) Post Compact
[151.942s][info][gc,phases      ] GC(227) Post Compact 0.912ms
[151.942s][info][gc,heap        ] GC(227) PSYoungGen: 1987K->0K(2665984K)
[151.942s][info][gc,heap        ] GC(227) ParOldGen: 128644K->125893K(5592576K)
[151.942s][info][gc,metaspace   ] GC(227) Metaspace: 172828K(186204K)->172828K(186204K) NonClass: 152263K(158800K)->152263K(158800K) Class: 20564K(27404K)->20564K(27404K)
[151.942s][info][gc             ] GC(227) Pause Full (System.gc()) 127M->122M(8065M) 91.588ms
[151.942s][info][gc,cpu         ] GC(227) User=0.11s Sys=0.00s Real=0.09s
[152.932s][info][gc,start       ] GC(228) Pause Young (Allocation Failure)
[152.943s][info][gc,heap        ] GC(228) PSYoungGen: 2534742K->67572K(2662912K)
[152.943s][info][gc,heap        ] GC(228) ParOldGen: 125893K->125893K(5592576K)
[152.943s][info][gc,metaspace   ] GC(228) Metaspace: 172828K(186204K)->172828K(186204K) NonClass: 152263K(158800K)->152263K(158800K) Class: 20564K(27404K)->20564K(27404K)
[152.943s][info][gc             ] GC(228) Pause Young (Allocation Failure) 2598M->188M(8062M) 10.820ms
[152.943s][info][gc,cpu         ] GC(228) User=0.02s Sys=0.00s Real=0.02s
[153.449s][info][gc,start       ] GC(229) Pause Young (System.gc())
[153.451s][info][gc,heap        ] GC(229) PSYoungGen: 445120K->2019K(2665984K)
[153.452s][info][gc,heap        ] GC(229) ParOldGen: 125893K->128289K(5592576K)
[153.452s][info][gc,metaspace   ] GC(229) Metaspace: 172829K(186204K)->172829K(186204K) NonClass: 152264K(158800K)->152264K(158800K) Class: 20564K(27404K)->20564K(27404K)
[153.452s][info][gc             ] GC(229) Pause Young (System.gc()) 557M->127M(8065M) 2.564ms
[153.452s][info][gc,cpu         ] GC(229) User=0.00s Sys=0.00s Real=0.00s
[153.452s][info][gc,start       ] GC(230) Pause Full (System.gc())
[153.452s][info][gc,phases,start] GC(230) Marking Phase
[153.505s][info][gc,phases      ] GC(230) Marking Phase 53.217ms
[153.505s][info][gc,phases,start] GC(230) Summary Phase
[153.505s][info][gc,phases      ] GC(230) Summary Phase 0.012ms
[153.505s][info][gc,phases,start] GC(230) Adjust Roots
[153.526s][info][gc,phases      ] GC(230) Adjust Roots 20.620ms
[153.526s][info][gc,phases,start] GC(230) Compaction Phase
[153.549s][info][gc,phases      ] GC(230) Compaction Phase 23.123ms
[153.549s][info][gc,phases,start] GC(230) Post Compact
[153.550s][info][gc,phases      ] GC(230) Post Compact 1.097ms
[153.550s][info][gc,heap        ] GC(230) PSYoungGen: 2019K->0K(2665984K)
[153.550s][info][gc,heap        ] GC(230) ParOldGen: 128289K->126238K(5592576K)
[153.550s][info][gc,metaspace   ] GC(230) Metaspace: 172829K(186204K)->172829K(186204K) NonClass: 152264K(158800K)->152264K(158800K) Class: 20564K(27404K)->20564K(27404K)
[153.550s][info][gc             ] GC(230) Pause Full (System.gc()) 127M->123M(8065M) 98.421ms
[153.550s][info][gc,cpu         ] GC(230) User=0.08s Sys=0.00s Real=0.11s
[154.550s][info][gc,start       ] GC(231) Pause Young (Allocation Failure)
[154.561s][info][gc,heap        ] GC(231) PSYoungGen: 2535417K->67564K(2662400K)
[154.561s][info][gc,heap        ] GC(231) ParOldGen: 126238K->126238K(5592576K)
[154.561s][info][gc,metaspace   ] GC(231) Metaspace: 172863K(186204K)->172863K(186204K) NonClass: 152299K(158800K)->152299K(158800K) Class: 20564K(27404K)->20564K(27404K)
[154.561s][info][gc             ] GC(231) Pause Young (Allocation Failure) 2599M->189M(8061M) 11.131ms
[154.561s][info][gc,cpu         ] GC(231) User=0.00s Sys=0.00s Real=0.02s
[155.087s][info][gc,start       ] GC(232) Pause Young (System.gc())
[155.089s][info][gc,heap        ] GC(232) PSYoungGen: 443464K->1988K(2665984K)
[155.089s][info][gc,heap        ] GC(232) ParOldGen: 126238K->128623K(5592576K)
[155.089s][info][gc,metaspace   ] GC(232) Metaspace: 172863K(186204K)->172863K(186204K) NonClass: 152299K(158800K)->152299K(158800K) Class: 20564K(27404K)->20564K(27404K)
[155.089s][info][gc             ] GC(232) Pause Young (System.gc()) 556M->127M(8065M) 2.692ms
[155.089s][info][gc,cpu         ] GC(232) User=0.02s Sys=0.00s Real=0.02s
[155.089s][info][gc,start       ] GC(233) Pause Full (System.gc())
[155.089s][info][gc,phases,start] GC(233) Marking Phase
[155.143s][info][gc,phases      ] GC(233) Marking Phase 53.246ms
[155.143s][info][gc,phases,start] GC(233) Summary Phase
[155.143s][info][gc,phases      ] GC(233) Summary Phase 0.014ms
[155.143s][info][gc,phases,start] GC(233) Adjust Roots
[155.163s][info][gc,phases      ] GC(233) Adjust Roots 20.302ms
[155.163s][info][gc,phases,start] GC(233) Compaction Phase
[155.182s][info][gc,phases      ] GC(233) Compaction Phase 18.700ms
[155.182s][info][gc,phases,start] GC(233) Post Compact
[155.183s][info][gc,phases      ] GC(233) Post Compact 1.253ms
[155.183s][info][gc,heap        ] GC(233) PSYoungGen: 1988K->0K(2665984K)
[155.183s][info][gc,heap        ] GC(233) ParOldGen: 128623K->125763K(5592576K)
[155.183s][info][gc,metaspace   ] GC(233) Metaspace: 172863K(186204K)->172863K(186204K) NonClass: 152299K(158800K)->152299K(158800K) Class: 20564K(27404K)->20564K(27404K)
[155.183s][info][gc             ] GC(233) Pause Full (System.gc()) 127M->122M(8065M) 93.884ms
[155.183s][info][gc,cpu         ] GC(233) User=0.08s Sys=0.00s Real=0.09s
[156.174s][info][gc,start       ] GC(234) Pause Young (Allocation Failure)
[156.184s][info][gc,heap        ] GC(234) PSYoungGen: 2532004K->67549K(2662400K)
[156.184s][info][gc,heap        ] GC(234) ParOldGen: 125763K->125763K(5592576K)
[156.184s][info][gc,metaspace   ] GC(234) Metaspace: 172864K(186204K)->172864K(186204K) NonClass: 152299K(158800K)->152299K(158800K) Class: 20564K(27404K)->20564K(27404K)
[156.184s][info][gc             ] GC(234) Pause Young (Allocation Failure) 2595M->188M(8061M) 10.440ms
[156.184s][info][gc,cpu         ] GC(234) User=0.00s Sys=0.00s Real=0.00s
[156.693s][info][gc,start       ] GC(235) Pause Young (System.gc())
[156.696s][info][gc,heap        ] GC(235) PSYoungGen: 441691K->2019K(2665984K)
[156.696s][info][gc,heap        ] GC(235) ParOldGen: 125763K->128162K(5592576K)
[156.696s][info][gc,metaspace   ] GC(235) Metaspace: 172866K(186204K)->172866K(186204K) NonClass: 152302K(158800K)->152302K(158800K) Class: 20564K(27404K)->20564K(27404K)
[156.696s][info][gc             ] GC(235) Pause Young (System.gc()) 554M->127M(8065M) 2.673ms
[156.696s][info][gc,cpu         ] GC(235) User=0.00s Sys=0.00s Real=0.00s
[156.696s][info][gc,start       ] GC(236) Pause Full (System.gc())
[156.696s][info][gc,phases,start] GC(236) Marking Phase
[156.749s][info][gc,phases      ] GC(236) Marking Phase 52.802ms
[156.749s][info][gc,phases,start] GC(236) Summary Phase
[156.749s][info][gc,phases      ] GC(236) Summary Phase 0.011ms
[156.749s][info][gc,phases,start] GC(236) Adjust Roots
[156.770s][info][gc,phases      ] GC(236) Adjust Roots 20.611ms
[156.770s][info][gc,phases,start] GC(236) Compaction Phase
[156.798s][info][gc,phases      ] GC(236) Compaction Phase 28.275ms
[156.798s][info][gc,phases,start] GC(236) Post Compact
[156.799s][info][gc,phases      ] GC(236) Post Compact 1.316ms
[156.799s][info][gc,heap        ] GC(236) PSYoungGen: 2019K->0K(2665984K)
[156.799s][info][gc,heap        ] GC(236) ParOldGen: 128162K->126105K(5592576K)
[156.799s][info][gc,metaspace   ] GC(236) Metaspace: 172866K(186204K)->172866K(186204K) NonClass: 152302K(158800K)->152302K(158800K) Class: 20564K(27404K)->20564K(27404K)
[156.799s][info][gc             ] GC(236) Pause Full (System.gc()) 127M->123M(8065M) 103.372ms
[156.799s][info][gc,cpu         ] GC(236) User=0.08s Sys=0.00s Real=0.11s
[157.791s][info][gc,start       ] GC(237) Pause Young (Allocation Failure)
[157.802s][info][gc,heap        ] GC(237) PSYoungGen: 2535936K->67562K(2662400K)
[157.802s][info][gc,heap        ] GC(237) ParOldGen: 126105K->126105K(5592576K)
[157.802s][info][gc,metaspace   ] GC(237) Metaspace: 172866K(186204K)->172866K(186204K) NonClass: 152302K(158800K)->152302K(158800K) Class: 20564K(27404K)->20564K(27404K)
[157.802s][info][gc             ] GC(237) Pause Young (Allocation Failure) 2599M->189M(8061M) 10.664ms
[157.802s][info][gc,cpu         ] GC(237) User=0.00s Sys=0.00s Real=0.00s
[158.316s][info][gc,start       ] GC(238) Pause Young (System.gc())
[158.319s][info][gc,heap        ] GC(238) PSYoungGen: 439713K->2045K(2665984K)
[158.319s][info][gc,heap        ] GC(238) ParOldGen: 126105K->128423K(5592576K)
[158.319s][info][gc,metaspace   ] GC(238) Metaspace: 172866K(186204K)->172866K(186204K) NonClass: 152302K(158800K)->152302K(158800K) Class: 20564K(27404K)->20564K(27404K)
[158.319s][info][gc             ] GC(238) Pause Young (System.gc()) 552M->127M(8065M) 2.716ms
[158.319s][info][gc,cpu         ] GC(238) User=0.00s Sys=0.00s Real=0.00s
[158.319s][info][gc,start       ] GC(239) Pause Full (System.gc())
[158.319s][info][gc,phases,start] GC(239) Marking Phase
[158.376s][info][gc,phases      ] GC(239) Marking Phase 56.306ms
[158.376s][info][gc,phases,start] GC(239) Summary Phase
[158.376s][info][gc,phases      ] GC(239) Summary Phase 0.012ms
[158.376s][info][gc,phases,start] GC(239) Adjust Roots
[158.397s][info][gc,phases      ] GC(239) Adjust Roots 21.048ms
[158.397s][info][gc,phases,start] GC(239) Compaction Phase
[158.420s][info][gc,phases      ] GC(239) Compaction Phase 23.759ms
[158.420s][info][gc,phases,start] GC(239) Post Compact
[158.421s][info][gc,phases      ] GC(239) Post Compact 1.011ms
[158.422s][info][gc,heap        ] GC(239) PSYoungGen: 2045K->0K(2665984K)
[158.422s][info][gc,heap        ] GC(239) ParOldGen: 128423K->126449K(5592576K)
[158.422s][info][gc,metaspace   ] GC(239) Metaspace: 172866K(186204K)->172866K(186204K) NonClass: 152302K(158800K)->152302K(158800K) Class: 20564K(27404K)->20564K(27404K)
[158.422s][info][gc             ] GC(239) Pause Full (System.gc()) 127M->123M(8065M) 102.408ms
[158.422s][info][gc,cpu         ] GC(239) User=0.12s Sys=0.00s Real=0.11s
[159.432s][info][gc,start       ] GC(240) Pause Young (Allocation Failure)
[159.442s][info][gc,heap        ] GC(240) PSYoungGen: 2535936K->68189K(2662400K)
[159.442s][info][gc,heap        ] GC(240) ParOldGen: 126449K->126457K(5592576K)
[159.442s][info][gc,metaspace   ] GC(240) Metaspace: 172873K(186204K)->172873K(186204K) NonClass: 152308K(158800K)->152308K(158800K) Class: 20564K(27404K)->20564K(27404K)
[159.442s][info][gc             ] GC(240) Pause Young (Allocation Failure) 2599M->190M(8061M) 10.516ms
[159.442s][info][gc,cpu         ] GC(240) User=0.02s Sys=0.00s Real=0.02s
[159.952s][info][gc,start       ] GC(241) Pause Young (System.gc())
[159.954s][info][gc,heap        ] GC(241) PSYoungGen: 433435K->1964K(2665984K)
[159.954s][info][gc,heap        ] GC(241) ParOldGen: 126457K->128884K(5592576K)
[159.954s][info][gc,metaspace   ] GC(241) Metaspace: 172884K(186204K)->172884K(186204K) NonClass: 152319K(158800K)->152319K(158800K) Class: 20564K(27404K)->20564K(27404K)
[159.954s][info][gc             ] GC(241) Pause Young (System.gc()) 546M->127M(8065M) 2.688ms
[159.954s][info][gc,cpu         ] GC(241) User=0.00s Sys=0.00s Real=0.01s
[159.954s][info][gc,start       ] GC(242) Pause Full (System.gc())
[159.954s][info][gc,phases,start] GC(242) Marking Phase
[160.008s][info][gc,phases      ] GC(242) Marking Phase 53.244ms
[160.008s][info][gc,phases,start] GC(242) Summary Phase
[160.008s][info][gc,phases      ] GC(242) Summary Phase 0.011ms
[160.008s][info][gc,phases,start] GC(242) Adjust Roots
[160.028s][info][gc,phases      ] GC(242) Adjust Roots 20.407ms
[160.028s][info][gc,phases,start] GC(242) Compaction Phase
[160.047s][info][gc,phases      ] GC(242) Compaction Phase 18.403ms
[160.047s][info][gc,phases,start] GC(242) Post Compact
[160.048s][info][gc,phases      ] GC(242) Post Compact 0.959ms
[160.048s][info][gc,heap        ] GC(242) PSYoungGen: 1964K->0K(2665984K)
[160.048s][info][gc,heap        ] GC(242) ParOldGen: 128884K->126097K(5592576K)
[160.048s][info][gc,metaspace   ] GC(242) Metaspace: 172884K(186204K)->172884K(186204K) NonClass: 152319K(158800K)->152319K(158800K) Class: 20564K(27404K)->20564K(27404K)
[160.048s][info][gc             ] GC(242) Pause Full (System.gc()) 127M->123M(8065M) 93.313ms
[160.048s][info][gc,cpu         ] GC(242) User=0.12s Sys=0.00s Real=0.09s
[161.039s][info][gc,start       ] GC(243) Pause Young (Allocation Failure)
[161.049s][info][gc,heap        ] GC(243) PSYoungGen: 2535936K->67634K(2662912K)
[161.049s][info][gc,heap        ] GC(243) ParOldGen: 126097K->126097K(5592576K)
[161.049s][info][gc,metaspace   ] GC(243) Metaspace: 172884K(186204K)->172884K(186204K) NonClass: 152319K(158800K)->152319K(158800K) Class: 20564K(27404K)->20564K(27404K)
[161.049s][info][gc             ] GC(243) Pause Young (Allocation Failure) 2599M->189M(8062M) 10.502ms
[161.049s][info][gc,cpu         ] GC(243) User=0.00s Sys=0.00s Real=0.01s
[161.566s][info][gc,start       ] GC(244) Pause Young (System.gc())
[161.569s][info][gc,heap        ] GC(244) PSYoungGen: 438202K->2044K(2665984K)
[161.569s][info][gc,heap        ] GC(244) ParOldGen: 126097K->128406K(5592576K)
[161.569s][info][gc,metaspace   ] GC(244) Metaspace: 172885K(186204K)->172885K(186204K) NonClass: 152320K(158800K)->152320K(158800K) Class: 20564K(27404K)->20564K(27404K)
[161.569s][info][gc             ] GC(244) Pause Young (System.gc()) 551M->127M(8065M) 2.915ms
[161.569s][info][gc,cpu         ] GC(244) User=0.00s Sys=0.00s Real=0.00s
[161.569s][info][gc,start       ] GC(245) Pause Full (System.gc())
[161.569s][info][gc,phases,start] GC(245) Marking Phase
[161.623s][info][gc,phases      ] GC(245) Marking Phase 54.010ms
[161.624s][info][gc,phases,start] GC(245) Summary Phase
[161.624s][info][gc,phases      ] GC(245) Summary Phase 0.011ms
[161.624s][info][gc,phases,start] GC(245) Adjust Roots
[161.644s][info][gc,phases      ] GC(245) Adjust Roots 20.745ms
[161.644s][info][gc,phases,start] GC(245) Compaction Phase
[161.668s][info][gc,phases      ] GC(245) Compaction Phase 23.318ms
[161.668s][info][gc,phases,start] GC(245) Post Compact
[161.669s][info][gc,phases      ] GC(245) Post Compact 0.903ms
[161.669s][info][gc,heap        ] GC(245) PSYoungGen: 2044K->0K(2665984K)
[161.669s][info][gc,heap        ] GC(245) ParOldGen: 128406K->126440K(5592576K)
[161.669s][info][gc,metaspace   ] GC(245) Metaspace: 172885K(186204K)->172885K(186204K) NonClass: 152320K(158800K)->152320K(158800K) Class: 20564K(27404K)->20564K(27404K)
[161.669s][info][gc             ] GC(245) Pause Full (System.gc()) 127M->123M(8065M) 99.262ms
[161.669s][info][gc,cpu         ] GC(245) User=0.09s Sys=0.00s Real=0.11s
[162.652s][info][gc,start       ] GC(246) Pause Young (Allocation Failure)
[162.662s][info][gc,heap        ] GC(246) PSYoungGen: 2533283K->67484K(2662912K)
[162.662s][info][gc,heap        ] GC(246) ParOldGen: 126440K->126440K(5592576K)
[162.662s][info][gc,metaspace   ] GC(246) Metaspace: 172886K(186204K)->172886K(186204K) NonClass: 152321K(158800K)->152321K(158800K) Class: 20564K(27404K)->20564K(27404K)
[162.662s][info][gc             ] GC(246) Pause Young (Allocation Failure) 2597M->189M(8062M) 10.384ms
[162.662s][info][gc,cpu         ] GC(246) User=0.00s Sys=0.00s Real=0.02s
[163.190s][info][gc,start       ] GC(247) Pause Young (System.gc())
[163.193s][info][gc,heap        ] GC(247) PSYoungGen: 447955K->2077K(2665984K)
[163.193s][info][gc,heap        ] GC(247) ParOldGen: 126440K->128745K(5592576K)
[163.193s][info][gc,metaspace   ] GC(247) Metaspace: 172886K(186204K)->172886K(186204K) NonClass: 152321K(158800K)->152321K(158800K) Class: 20564K(27404K)->20564K(27404K)
[163.193s][info][gc             ] GC(247) Pause Young (System.gc()) 560M->127M(8065M) 2.608ms
[163.193s][info][gc,cpu         ] GC(247) User=0.00s Sys=0.00s Real=0.00s
[163.193s][info][gc,start       ] GC(248) Pause Full (System.gc())
[163.193s][info][gc,phases,start] GC(248) Marking Phase
[163.245s][info][gc,phases      ] GC(248) Marking Phase 52.474ms
[163.245s][info][gc,phases,start] GC(248) Summary Phase
[163.245s][info][gc,phases      ] GC(248) Summary Phase 0.011ms
[163.245s][info][gc,phases,start] GC(248) Adjust Roots
[163.266s][info][gc,phases      ] GC(248) Adjust Roots 20.599ms
[163.266s][info][gc,phases,start] GC(248) Compaction Phase
[163.282s][info][gc,phases      ] GC(248) Compaction Phase 16.054ms
[163.282s][info][gc,phases,start] GC(248) Post Compact
[163.283s][info][gc,phases      ] GC(248) Post Compact 0.892ms
[163.283s][info][gc,heap        ] GC(248) PSYoungGen: 2077K->0K(2665984K)
[163.283s][info][gc,heap        ] GC(248) ParOldGen: 128745K->126048K(5592576K)
[163.283s][info][gc,metaspace   ] GC(248) Metaspace: 172886K(186204K)->172886K(186204K) NonClass: 152321K(158800K)->152321K(158800K) Class: 20564K(27404K)->20564K(27404K)
[163.283s][info][gc             ] GC(248) Pause Full (System.gc()) 127M->123M(8065M) 90.337ms
[163.283s][info][gc,cpu         ] GC(248) User=0.09s Sys=0.00s Real=0.09s
[164.274s][info][gc,start       ] GC(249) Pause Young (Allocation Failure)
[164.285s][info][gc,heap        ] GC(249) PSYoungGen: 2535421K->67572K(2662400K)
[164.285s][info][gc,heap        ] GC(249) ParOldGen: 126048K->126048K(5592576K)
[164.285s][info][gc,metaspace   ] GC(249) Metaspace: 172889K(186204K)->172889K(186204K) NonClass: 152324K(158800K)->152324K(158800K) Class: 20564K(27404K)->20564K(27404K)
[164.285s][info][gc             ] GC(249) Pause Young (Allocation Failure) 2599M->189M(8061M) 10.666ms
[164.285s][info][gc,cpu         ] GC(249) User=0.00s Sys=0.00s Real=0.00s
[164.795s][info][gc,start       ] GC(250) Pause Young (System.gc())
[164.798s][info][gc,heap        ] GC(250) PSYoungGen: 446706K->1988K(2665984K)
[164.798s][info][gc,heap        ] GC(250) ParOldGen: 126048K->128431K(5592576K)
[164.798s][info][gc,metaspace   ] GC(250) Metaspace: 172892K(186204K)->172892K(186204K) NonClass: 152327K(158800K)->152327K(158800K) Class: 20564K(27404K)->20564K(27404K)
[164.798s][info][gc             ] GC(250) Pause Young (System.gc()) 559M->127M(8065M) 2.712ms
[164.798s][info][gc,cpu         ] GC(250) User=0.00s Sys=0.00s Real=0.00s
[164.798s][info][gc,start       ] GC(251) Pause Full (System.gc())
[164.798s][info][gc,phases,start] GC(251) Marking Phase
[164.855s][info][gc,phases      ] GC(251) Marking Phase 57.322ms
[164.855s][info][gc,phases,start] GC(251) Summary Phase
[164.855s][info][gc,phases      ] GC(251) Summary Phase 0.012ms
[164.855s][info][gc,phases,start] GC(251) Adjust Roots
[164.876s][info][gc,phases      ] GC(251) Adjust Roots 21.258ms
[164.876s][info][gc,phases,start] GC(251) Compaction Phase
[164.904s][info][gc,phases      ] GC(251) Compaction Phase 27.017ms
[164.904s][info][gc,phases,start] GC(251) Post Compact
[164.904s][info][gc,phases      ] GC(251) Post Compact 0.892ms
[164.905s][info][gc,heap        ] GC(251) PSYoungGen: 1988K->0K(2665984K)
[164.905s][info][gc,heap        ] GC(251) ParOldGen: 128431K->126387K(5592576K)
[164.905s][info][gc,metaspace   ] GC(251) Metaspace: 172892K(186204K)->172892K(186204K) NonClass: 152327K(158800K)->152327K(158800K) Class: 20564K(27404K)->20564K(27404K)
[164.905s][info][gc             ] GC(251) Pause Full (System.gc()) 127M->123M(8065M) 106.802ms
[164.905s][info][gc,cpu         ] GC(251) User=0.08s Sys=0.00s Real=0.11s
[165.959s][info][gc,start       ] GC(252) Pause Young (Allocation Failure)
[165.970s][info][gc,heap        ] GC(252) PSYoungGen: 2533167K->67627K(2662400K)
[165.971s][info][gc,heap        ] GC(252) ParOldGen: 126387K->126387K(5592576K)
[165.971s][info][gc,metaspace   ] GC(252) Metaspace: 172892K(186204K)->172892K(186204K) NonClass: 152327K(158800K)->152327K(158800K) Class: 20564K(27404K)->20564K(27404K)
[165.971s][info][gc             ] GC(252) Pause Young (Allocation Failure) 2597M->189M(8061M) 11.092ms
[165.971s][info][gc,cpu         ] GC(252) User=0.00s Sys=0.00s Real=0.01s
[166.520s][info][gc,start       ] GC(253) Pause Young (System.gc())
[166.523s][info][gc,heap        ] GC(253) PSYoungGen: 448547K->1988K(2665984K)
[166.523s][info][gc,heap        ] GC(253) ParOldGen: 126387K->128831K(5592576K)
[166.523s][info][gc,metaspace   ] GC(253) Metaspace: 172892K(186204K)->172892K(186204K) NonClass: 152327K(158800K)->152327K(158800K) Class: 20564K(27404K)->20564K(27404K)
[166.523s][info][gc             ] GC(253) Pause Young (System.gc()) 561M->127M(8065M) 3.323ms
[166.523s][info][gc,cpu         ] GC(253) User=0.00s Sys=0.00s Real=0.00s
[166.523s][info][gc,start       ] GC(254) Pause Full (System.gc())
[166.523s][info][gc,phases,start] GC(254) Marking Phase
[166.585s][info][gc,phases      ] GC(254) Marking Phase 61.561ms
[166.585s][info][gc,phases,start] GC(254) Summary Phase
[166.585s][info][gc,phases      ] GC(254) Summary Phase 0.015ms
[166.585s][info][gc,phases,start] GC(254) Adjust Roots
[166.606s][info][gc,phases      ] GC(254) Adjust Roots 20.832ms
[166.606s][info][gc,phases,start] GC(254) Compaction Phase
[166.628s][info][gc,phases      ] GC(254) Compaction Phase 22.674ms
[166.628s][info][gc,phases,start] GC(254) Post Compact
[166.629s][info][gc,phases      ] GC(254) Post Compact 0.934ms
[166.629s][info][gc,heap        ] GC(254) PSYoungGen: 1988K->0K(2665984K)
[166.629s][info][gc,heap        ] GC(254) ParOldGen: 128831K->125956K(5592576K)
[166.629s][info][gc,metaspace   ] GC(254) Metaspace: 172892K(186204K)->172892K(186204K) NonClass: 152327K(158800K)->152327K(158800K) Class: 20564K(27404K)->20564K(27404K)
[166.630s][info][gc             ] GC(254) Pause Full (System.gc()) 127M->123M(8065M) 106.377ms
[166.630s][info][gc,cpu         ] GC(254) User=0.14s Sys=0.00s Real=0.11s
[167.642s][info][gc,start       ] GC(255) Pause Young (Allocation Failure)
[167.653s][info][gc,heap        ] GC(255) PSYoungGen: 2535936K->67915K(2662400K)
[167.653s][info][gc,heap        ] GC(255) ParOldGen: 125956K->125964K(5592576K)
[167.653s][info][gc,metaspace   ] GC(255) Metaspace: 172922K(186204K)->172922K(186204K) NonClass: 152357K(158800K)->152357K(158800K) Class: 20564K(27404K)->20564K(27404K)
[167.653s][info][gc             ] GC(255) Pause Young (Allocation Failure) 2599M->189M(8061M) 10.641ms
[167.653s][info][gc,cpu         ] GC(255) User=0.02s Sys=0.00s Real=0.02s
[168.154s][info][gc,start       ] GC(256) Pause Young (System.gc())
[168.157s][info][gc,heap        ] GC(256) PSYoungGen: 443690K->2028K(2665984K)
[168.157s][info][gc,heap        ] GC(256) ParOldGen: 125964K->128386K(5592576K)
[168.157s][info][gc,metaspace   ] GC(256) Metaspace: 172923K(186204K)->172923K(186204K) NonClass: 152359K(158800K)->152359K(158800K) Class: 20564K(27404K)->20564K(27404K)
[168.157s][info][gc             ] GC(256) Pause Young (System.gc()) 556M->127M(8065M) 2.854ms
[168.157s][info][gc,cpu         ] GC(256) User=0.00s Sys=0.00s Real=0.00s
[168.157s][info][gc,start       ] GC(257) Pause Full (System.gc())
[168.157s][info][gc,phases,start] GC(257) Marking Phase
[168.211s][info][gc,phases      ] GC(257) Marking Phase 53.723ms
[168.211s][info][gc,phases,start] GC(257) Summary Phase
[168.211s][info][gc,phases      ] GC(257) Summary Phase 0.010ms
[168.211s][info][gc,phases,start] GC(257) Adjust Roots
[168.232s][info][gc,phases      ] GC(257) Adjust Roots 21.085ms
[168.232s][info][gc,phases,start] GC(257) Compaction Phase
[168.257s][info][gc,phases      ] GC(257) Compaction Phase 25.320ms
[168.257s][info][gc,phases,start] GC(257) Post Compact
[168.258s][info][gc,phases      ] GC(257) Post Compact 1.082ms
[168.258s][info][gc,heap        ] GC(257) PSYoungGen: 2028K->0K(2665984K)
[168.258s][info][gc,heap        ] GC(257) ParOldGen: 128386K->126302K(5592576K)
[168.258s][info][gc,metaspace   ] GC(257) Metaspace: 172923K(186204K)->172923K(186204K) NonClass: 152359K(158800K)->152359K(158800K) Class: 20564K(27404K)->20564K(27404K)
[168.258s][info][gc             ] GC(257) Pause Full (System.gc()) 127M->123M(8065M) 101.529ms
[168.259s][info][gc,cpu         ] GC(257) User=0.09s Sys=0.00s Real=0.11s
[169.263s][info][gc,start       ] GC(258) Pause Young (Allocation Failure)
[169.273s][info][gc,heap        ] GC(258) PSYoungGen: 2535936K->67498K(2662912K)
[169.273s][info][gc,heap        ] GC(258) ParOldGen: 126302K->126302K(5592576K)
[169.273s][info][gc,metaspace   ] GC(258) Metaspace: 172923K(186204K)->172923K(186204K) NonClass: 152359K(158800K)->152359K(158800K) Class: 20564K(27404K)->20564K(27404K)
[169.273s][info][gc             ] GC(258) Pause Young (Allocation Failure) 2599M->189M(8062M) 10.723ms
[169.273s][info][gc,cpu         ] GC(258) User=0.00s Sys=0.00s Real=0.00s
[169.781s][info][gc,start       ] GC(259) Pause Young (System.gc())
[169.784s][info][gc,heap        ] GC(259) PSYoungGen: 447492K->2012K(2665984K)
[169.784s][info][gc,heap        ] GC(259) ParOldGen: 126302K->128631K(5592576K)
[169.784s][info][gc,metaspace   ] GC(259) Metaspace: 172926K(186204K)->172926K(186204K) NonClass: 152362K(158800K)->152362K(158800K) Class: 20564K(27404K)->20564K(27404K)
[169.784s][info][gc             ] GC(259) Pause Young (System.gc()) 560M->127M(8065M) 2.875ms
[169.784s][info][gc,cpu         ] GC(259) User=0.00s Sys=0.00s Real=0.00s
[169.784s][info][gc,start       ] GC(260) Pause Full (System.gc())
[169.784s][info][gc,phases,start] GC(260) Marking Phase
[169.838s][info][gc,phases      ] GC(260) Marking Phase 53.974ms
[169.838s][info][gc,phases,start] GC(260) Summary Phase
[169.838s][info][gc,phases      ] GC(260) Summary Phase 0.014ms
[169.838s][info][gc,phases,start] GC(260) Adjust Roots
[169.860s][info][gc,phases      ] GC(260) Adjust Roots 21.647ms
[169.860s][info][gc,phases,start] GC(260) Compaction Phase
[169.877s][info][gc,phases      ] GC(260) Compaction Phase 17.233ms
[169.877s][info][gc,phases,start] GC(260) Post Compact
[169.878s][info][gc,phases      ] GC(260) Post Compact 0.954ms
[169.878s][info][gc,heap        ] GC(260) PSYoungGen: 2012K->0K(2665984K)
[169.878s][info][gc,heap        ] GC(260) ParOldGen: 128631K->125906K(5592576K)
[169.878s][info][gc,metaspace   ] GC(260) Metaspace: 172926K(186204K)->172926K(186204K) NonClass: 152362K(158800K)->152362K(158800K) Class: 20564K(27404K)->20564K(27404K)
[169.878s][info][gc             ] GC(260) Pause Full (System.gc()) 127M->122M(8065M) 94.126ms
[169.878s][info][gc,cpu         ] GC(260) User=0.08s Sys=0.00s Real=0.09s
[170.870s][info][gc,start       ] GC(261) Pause Young (Allocation Failure)
[170.880s][info][gc,heap        ] GC(261) PSYoungGen: 2535936K->68516K(2661376K)
[170.880s][info][gc,heap        ] GC(261) ParOldGen: 125906K->125906K(5592576K)
[170.880s][info][gc,metaspace   ] GC(261) Metaspace: 172926K(186204K)->172926K(186204K) NonClass: 152362K(158800K)->152362K(158800K) Class: 20564K(27404K)->20564K(27404K)
[170.880s][info][gc             ] GC(261) Pause Young (Allocation Failure) 2599M->189M(8060M) 10.864ms
[170.880s][info][gc,cpu         ] GC(261) User=0.02s Sys=0.00s Real=0.01s
[171.389s][info][gc,start       ] GC(262) Pause Young (System.gc())
[171.392s][info][gc,heap        ] GC(262) PSYoungGen: 427338K->1997K(2665472K)
[171.392s][info][gc,heap        ] GC(262) ParOldGen: 125906K->128320K(5592576K)
[171.392s][info][gc,metaspace   ] GC(262) Metaspace: 172927K(186204K)->172927K(186204K) NonClass: 152362K(158800K)->152362K(158800K) Class: 20564K(27404K)->20564K(27404K)
[171.392s][info][gc             ] GC(262) Pause Young (System.gc()) 540M->127M(8064M) 2.974ms
[171.392s][info][gc,cpu         ] GC(262) User=0.00s Sys=0.00s Real=0.00s
[171.393s][info][gc,start       ] GC(263) Pause Full (System.gc())
[171.393s][info][gc,phases,start] GC(263) Marking Phase
[171.450s][info][gc,phases      ] GC(263) Marking Phase 57.832ms
[171.450s][info][gc,phases,start] GC(263) Summary Phase
[171.450s][info][gc,phases      ] GC(263) Summary Phase 0.011ms
[171.451s][info][gc,phases,start] GC(263) Adjust Roots
[171.471s][info][gc,phases      ] GC(263) Adjust Roots 20.957ms
[171.472s][info][gc,phases,start] GC(263) Compaction Phase
[171.494s][info][gc,phases      ] GC(263) Compaction Phase 22.966ms
[171.495s][info][gc,phases,start] GC(263) Post Compact
[171.495s][info][gc,phases      ] GC(263) Post Compact 0.873ms
[171.495s][info][gc,heap        ] GC(263) PSYoungGen: 1997K->0K(2665472K)
[171.495s][info][gc,heap        ] GC(263) ParOldGen: 128320K->126249K(5592576K)
[171.495s][info][gc,metaspace   ] GC(263) Metaspace: 172927K(186204K)->172927K(186204K) NonClass: 152362K(158800K)->152362K(158800K) Class: 20564K(27404K)->20564K(27404K)
[171.496s][info][gc             ] GC(263) Pause Full (System.gc()) 127M->123M(8064M) 102.932ms
[171.496s][info][gc,cpu         ] GC(263) User=0.11s Sys=0.00s Real=0.11s
[172.492s][info][gc,start       ] GC(264) Pause Young (Allocation Failure)
[172.502s][info][gc,heap        ] GC(264) PSYoungGen: 2534912K->68619K(2661888K)
[172.503s][info][gc,heap        ] GC(264) ParOldGen: 126249K->126249K(5592576K)
[172.503s][info][gc,metaspace   ] GC(264) Metaspace: 172932K(186204K)->172932K(186204K) NonClass: 152367K(158800K)->152367K(158800K) Class: 20564K(27404K)->20564K(27404K)
[172.503s][info][gc             ] GC(264) Pause Young (Allocation Failure) 2598M->190M(8061M) 11.087ms
[172.503s][info][gc,cpu         ] GC(264) User=0.02s Sys=0.00s Real=0.02s
[173.014s][info][gc,start       ] GC(265) Pause Young (System.gc())
[173.016s][info][gc,heap        ] GC(265) PSYoungGen: 440794K->1965K(2665472K)
[173.016s][info][gc,heap        ] GC(265) ParOldGen: 126249K->128674K(5592576K)
[173.016s][info][gc,metaspace   ] GC(265) Metaspace: 172954K(186204K)->172954K(186204K) NonClass: 152389K(158800K)->152389K(158800K) Class: 20564K(27404K)->20564K(27404K)
[173.016s][info][gc             ] GC(265) Pause Young (System.gc()) 553M->127M(8064M) 2.640ms
[173.016s][info][gc,cpu         ] GC(265) User=0.00s Sys=0.00s Real=0.00s
[173.016s][info][gc,start       ] GC(266) Pause Full (System.gc())
[173.016s][info][gc,phases,start] GC(266) Marking Phase
[173.071s][info][gc,phases      ] GC(266) Marking Phase 54.073ms
[173.071s][info][gc,phases,start] GC(266) Summary Phase
[173.071s][info][gc,phases      ] GC(266) Summary Phase 0.012ms
[173.071s][info][gc,phases,start] GC(266) Adjust Roots
[173.092s][info][gc,phases      ] GC(266) Adjust Roots 21.642ms
[173.092s][info][gc,phases,start] GC(266) Compaction Phase
[173.131s][info][gc,phases      ] GC(266) Compaction Phase 38.936ms
[173.131s][info][gc,phases,start] GC(266) Post Compact
[173.132s][info][gc,phases      ] GC(266) Post Compact 0.994ms
[173.132s][info][gc,heap        ] GC(266) PSYoungGen: 1965K->0K(2665472K)
[173.132s][info][gc,heap        ] GC(266) ParOldGen: 128674K->125896K(5592576K)
[173.132s][info][gc,metaspace   ] GC(266) Metaspace: 172954K(186204K)->172954K(186204K) NonClass: 152389K(158800K)->152389K(158800K) Class: 20564K(27404K)->20564K(27404K)
[173.132s][info][gc             ] GC(266) Pause Full (System.gc()) 127M->122M(8064M) 115.934ms
[173.132s][info][gc,cpu         ] GC(266) User=0.14s Sys=0.00s Real=0.11s
[174.151s][info][gc,start       ] GC(267) Pause Young (Allocation Failure)
[174.162s][info][gc,heap        ] GC(267) PSYoungGen: 2534912K->68499K(2661376K)
[174.162s][info][gc,heap        ] GC(267) ParOldGen: 125896K->125896K(5592576K)
[174.162s][info][gc,metaspace   ] GC(267) Metaspace: 173031K(186460K)->173031K(186460K) NonClass: 152466K(159056K)->152466K(159056K) Class: 20564K(27404K)->20564K(27404K)
[174.162s][info][gc             ] GC(267) Pause Young (Allocation Failure) 2598M->189M(8060M) 11.051ms
[174.162s][info][gc,cpu         ] GC(267) User=0.00s Sys=0.00s Real=0.01s
[174.676s][info][gc,start       ] GC(268) Pause Young (System.gc())
[174.679s][info][gc,heap        ] GC(268) PSYoungGen: 438486K->1964K(2664960K)
[174.679s][info][gc,heap        ] GC(268) ParOldGen: 125896K->128311K(5592576K)
[174.679s][info][gc,metaspace   ] GC(268) Metaspace: 173047K(186460K)->173047K(186460K) NonClass: 152483K(159056K)->152483K(159056K) Class: 20564K(27404K)->20564K(27404K)
[174.679s][info][gc             ] GC(268) Pause Young (System.gc()) 551M->127M(8064M) 3.024ms
[174.679s][info][gc,cpu         ] GC(268) User=0.00s Sys=0.00s Real=0.02s
[174.679s][info][gc,start       ] GC(269) Pause Full (System.gc())
[174.679s][info][gc,phases,start] GC(269) Marking Phase
[174.736s][info][gc,phases      ] GC(269) Marking Phase 57.022ms
[174.736s][info][gc,phases,start] GC(269) Summary Phase
[174.736s][info][gc,phases      ] GC(269) Summary Phase 0.011ms
[174.736s][info][gc,phases,start] GC(269) Adjust Roots
[174.758s][info][gc,phases      ] GC(269) Adjust Roots 21.714ms
[174.758s][info][gc,phases,start] GC(269) Compaction Phase
[174.786s][info][gc,phases      ] GC(269) Compaction Phase 28.452ms
[174.786s][info][gc,phases,start] GC(269) Post Compact
[174.787s][info][gc,phases      ] GC(269) Post Compact 1.209ms
[174.787s][info][gc,heap        ] GC(269) PSYoungGen: 1964K->0K(2664960K)
[174.787s][info][gc,heap        ] GC(269) ParOldGen: 128311K->126238K(5592576K)
[174.787s][info][gc,metaspace   ] GC(269) Metaspace: 173047K(186460K)->173047K(186460K) NonClass: 152483K(159056K)->152483K(159056K) Class: 20564K(27404K)->20564K(27404K)
[174.788s][info][gc             ] GC(269) Pause Full (System.gc()) 127M->123M(8064M) 108.749ms
[174.788s][info][gc,cpu         ] GC(269) User=0.09s Sys=0.00s Real=0.11s
[175.788s][info][gc,start       ] GC(270) Pause Young (Allocation Failure)
[175.799s][info][gc,heap        ] GC(270) PSYoungGen: 2533888K->67942K(2661376K)
[175.799s][info][gc,heap        ] GC(270) ParOldGen: 126238K->126238K(5592576K)
[175.799s][info][gc,metaspace   ] GC(270) Metaspace: 173047K(186460K)->173047K(186460K) NonClass: 152483K(159056K)->152483K(159056K) Class: 20564K(27404K)->20564K(27404K)
[175.799s][info][gc             ] GC(270) Pause Young (Allocation Failure) 2597M->189M(8060M) 10.786ms
[175.799s][info][gc,cpu         ] GC(270) User=0.02s Sys=0.00s Real=0.01s
[176.332s][info][gc,start       ] GC(271) Pause Young (System.gc())
[176.335s][info][gc,heap        ] GC(271) PSYoungGen: 443573K->2076K(2664960K)
[176.335s][info][gc,heap        ] GC(271) ParOldGen: 126238K->128623K(5592576K)
[176.335s][info][gc,metaspace   ] GC(271) Metaspace: 173050K(186460K)->173050K(186460K) NonClass: 152485K(159056K)->152485K(159056K) Class: 20564K(27404K)->20564K(27404K)
[176.335s][info][gc             ] GC(271) Pause Young (System.gc()) 556M->127M(8064M) 3.116ms
[176.335s][info][gc,cpu         ] GC(271) User=0.00s Sys=0.00s Real=0.00s
[176.335s][info][gc,start       ] GC(272) Pause Full (System.gc())
[176.335s][info][gc,phases,start] GC(272) Marking Phase
[176.398s][info][gc,phases      ] GC(272) Marking Phase 62.806ms
[176.398s][info][gc,phases,start] GC(272) Summary Phase
[176.398s][info][gc,phases      ] GC(272) Summary Phase 0.011ms
[176.398s][info][gc,phases,start] GC(272) Adjust Roots
[176.420s][info][gc,phases      ] GC(272) Adjust Roots 22.166ms
[176.420s][info][gc,phases,start] GC(272) Compaction Phase
[176.440s][info][gc,phases      ] GC(272) Compaction Phase 19.821ms
[176.440s][info][gc,phases,start] GC(272) Post Compact
[176.441s][info][gc,phases      ] GC(272) Post Compact 0.950ms
[176.441s][info][gc,heap        ] GC(272) PSYoungGen: 2076K->0K(2664960K)
[176.441s][info][gc,heap        ] GC(272) ParOldGen: 128623K->125766K(5592576K)
[176.441s][info][gc,metaspace   ] GC(272) Metaspace: 173050K(186460K)->173050K(186460K) NonClass: 152485K(159056K)->152485K(159056K) Class: 20564K(27404K)->20564K(27404K)
[176.441s][info][gc             ] GC(272) Pause Full (System.gc()) 127M->122M(8064M) 106.061ms
[176.441s][info][gc,cpu         ] GC(272) User=0.19s Sys=0.00s Real=0.11s
[177.463s][info][gc,start       ] GC(273) Pause Young (Allocation Failure)
[177.473s][info][gc,heap        ] GC(273) PSYoungGen: 2533888K->67411K(2662400K)
[177.473s][info][gc,heap        ] GC(273) ParOldGen: 125766K->125774K(5592576K)
[177.473s][info][gc,metaspace   ] GC(273) Metaspace: 173063K(186460K)->173063K(186460K) NonClass: 152499K(159056K)->152499K(159056K) Class: 20564K(27404K)->20564K(27404K)
[177.473s][info][gc             ] GC(273) Pause Young (Allocation Failure) 2597M->188M(8061M) 10.736ms
[177.473s][info][gc,cpu         ] GC(273) User=0.02s Sys=0.00s Real=0.02s
[177.990s][info][gc,start       ] GC(274) Pause Young (System.gc())
[177.993s][info][gc,heap        ] GC(274) PSYoungGen: 445949K->2045K(2665472K)
[177.993s][info][gc,heap        ] GC(274) ParOldGen: 125774K->128105K(5592576K)
[177.993s][info][gc,metaspace   ] GC(274) Metaspace: 173064K(186460K)->173064K(186460K) NonClass: 152499K(159056K)->152499K(159056K) Class: 20564K(27404K)->20564K(27404K)
[177.993s][info][gc             ] GC(274) Pause Young (System.gc()) 558M->127M(8064M) 2.662ms
[177.993s][info][gc,cpu         ] GC(274) User=0.00s Sys=0.00s Real=0.00s
[177.993s][info][gc,start       ] GC(275) Pause Full (System.gc())
[177.993s][info][gc,phases,start] GC(275) Marking Phase
[178.047s][info][gc,phases      ] GC(275) Marking Phase 54.309ms
[178.047s][info][gc,phases,start] GC(275) Summary Phase
[178.047s][info][gc,phases      ] GC(275) Summary Phase 0.011ms
[178.047s][info][gc,phases,start] GC(275) Adjust Roots
[178.069s][info][gc,phases      ] GC(275) Adjust Roots 21.569ms
[178.069s][info][gc,phases,start] GC(275) Compaction Phase
[178.113s][info][gc,phases      ] GC(275) Compaction Phase 44.014ms
[178.113s][info][gc,phases,start] GC(275) Post Compact
[178.114s][info][gc,phases      ] GC(275) Post Compact 1.092ms
[178.114s][info][gc,heap        ] GC(275) PSYoungGen: 2045K->0K(2665472K)
[178.114s][info][gc,heap        ] GC(275) ParOldGen: 128105K->126109K(5592576K)
[178.114s][info][gc,metaspace   ] GC(275) Metaspace: 173064K(186460K)->173064K(186460K) NonClass: 152499K(159056K)->152499K(159056K) Class: 20564K(27404K)->20564K(27404K)
[178.114s][info][gc             ] GC(275) Pause Full (System.gc()) 127M->123M(8064M) 121.318ms
[178.114s][info][gc,cpu         ] GC(275) User=0.12s Sys=0.00s Real=0.12s
[179.137s][info][gc,start       ] GC(276) Pause Young (Allocation Failure)
[179.148s][info][gc,heap        ] GC(276) PSYoungGen: 2534912K->68410K(2661888K)
[179.148s][info][gc,heap        ] GC(276) ParOldGen: 126109K->126109K(5592576K)
[179.148s][info][gc,metaspace   ] GC(276) Metaspace: 173064K(186460K)->173064K(186460K) NonClass: 152499K(159056K)->152499K(159056K) Class: 20564K(27404K)->20564K(27404K)
[179.148s][info][gc             ] GC(276) Pause Young (Allocation Failure) 2598M->189M(8061M) 10.637ms
[179.148s][info][gc,cpu         ] GC(276) User=0.00s Sys=0.00s Real=0.00s
[179.652s][info][gc,start       ] GC(277) Pause Young (System.gc())
[179.655s][info][gc,heap        ] GC(277) PSYoungGen: 430460K->1964K(2665472K)
[179.655s][info][gc,heap        ] GC(277) ParOldGen: 126109K->128529K(5592576K)
[179.655s][info][gc,metaspace   ] GC(277) Metaspace: 173066K(186460K)->173066K(186460K) NonClass: 152501K(159056K)->152501K(159056K) Class: 20564K(27404K)->20564K(27404K)
[179.655s][info][gc             ] GC(277) Pause Young (System.gc()) 543M->127M(8064M) 2.820ms
[179.655s][info][gc,cpu         ] GC(277) User=0.00s Sys=0.00s Real=0.00s
[179.655s][info][gc,start       ] GC(278) Pause Full (System.gc())
[179.655s][info][gc,phases,start] GC(278) Marking Phase
[179.711s][info][gc,phases      ] GC(278) Marking Phase 55.455ms
[179.711s][info][gc,phases,start] GC(278) Summary Phase
[179.711s][info][gc,phases      ] GC(278) Summary Phase 0.012ms
[179.711s][info][gc,phases,start] GC(278) Adjust Roots
[179.733s][info][gc,phases      ] GC(278) Adjust Roots 22.239ms
[179.733s][info][gc,phases,start] GC(278) Compaction Phase
[179.761s][info][gc,phases      ] GC(278) Compaction Phase 28.002ms
[179.761s][info][gc,phases,start] GC(278) Post Compact
[179.762s][info][gc,phases      ] GC(278) Post Compact 0.898ms
[179.762s][info][gc,heap        ] GC(278) PSYoungGen: 1964K->0K(2665472K)
[179.762s][info][gc,heap        ] GC(278) ParOldGen: 128529K->126456K(5592576K)
[179.762s][info][gc,metaspace   ] GC(278) Metaspace: 173066K(186460K)->173066K(186460K) NonClass: 152501K(159056K)->152501K(159056K) Class: 20564K(27404K)->20564K(27404K)
[179.762s][info][gc             ] GC(278) Pause Full (System.gc()) 127M->123M(8064M) 106.936ms
[179.762s][info][gc,cpu         ] GC(278) User=0.11s Sys=0.00s Real=0.11s
[180.770s][info][gc,start       ] GC(279) Pause Young (Allocation Failure)
[180.781s][info][gc,heap        ] GC(279) PSYoungGen: 2534912K->68011K(2662400K)
[180.781s][info][gc,heap        ] GC(279) ParOldGen: 126456K->126456K(5592576K)
[180.781s][info][gc,metaspace   ] GC(279) Metaspace: 173073K(186460K)->173073K(186460K) NonClass: 152508K(159056K)->152508K(159056K) Class: 20564K(27404K)->20564K(27404K)
[180.781s][info][gc             ] GC(279) Pause Young (Allocation Failure) 2598M->189M(8061M) 11.052ms
[180.781s][info][gc,cpu         ] GC(279) User=0.00s Sys=0.00s Real=0.02s
[181.287s][info][gc,start       ] GC(280) Pause Young (System.gc())
[181.290s][info][gc,heap        ] GC(280) PSYoungGen: 437480K->1996K(2665472K)
[181.290s][info][gc,heap        ] GC(280) ParOldGen: 126456K->128876K(5592576K)
[181.290s][info][gc,metaspace   ] GC(280) Metaspace: 173073K(186460K)->173073K(186460K) NonClass: 152508K(159056K)->152508K(159056K) Class: 20564K(27404K)->20564K(27404K)
[181.290s][info][gc             ] GC(280) Pause Young (System.gc()) 550M->127M(8064M) 3.030ms
[181.290s][info][gc,cpu         ] GC(280) User=0.00s Sys=0.00s Real=0.00s
[181.290s][info][gc,start       ] GC(281) Pause Full (System.gc())
[181.290s][info][gc,phases,start] GC(281) Marking Phase
[181.347s][info][gc,phases      ] GC(281) Marking Phase 56.475ms
[181.347s][info][gc,phases,start] GC(281) Summary Phase
[181.347s][info][gc,phases      ] GC(281) Summary Phase 0.012ms
[181.347s][info][gc,phases,start] GC(281) Adjust Roots
[181.369s][info][gc,phases      ] GC(281) Adjust Roots 22.377ms
[181.369s][info][gc,phases,start] GC(281) Compaction Phase
[181.394s][info][gc,phases      ] GC(281) Compaction Phase 24.457ms
[181.394s][info][gc,phases,start] GC(281) Post Compact
[181.395s][info][gc,phases      ] GC(281) Post Compact 1.121ms
[181.395s][info][gc,heap        ] GC(281) PSYoungGen: 1996K->0K(2665472K)
[181.395s][info][gc,heap        ] GC(281) ParOldGen: 128876K->126101K(5592576K)
[181.395s][info][gc,metaspace   ] GC(281) Metaspace: 173073K(186460K)->173073K(186460K) NonClass: 152508K(159056K)->152508K(159056K) Class: 20564K(27404K)->20564K(27404K)
[181.395s][info][gc             ] GC(281) Pause Full (System.gc()) 127M->123M(8064M) 104.805ms
[181.395s][info][gc,cpu         ] GC(281) User=0.12s Sys=0.00s Real=0.11s
[182.470s][info][gc,start       ] GC(282) Pause Young (Allocation Failure)
[182.481s][info][gc,heap        ] GC(282) PSYoungGen: 2534912K->67466K(2662400K)
[182.481s][info][gc,heap        ] GC(282) ParOldGen: 126101K->126101K(5592576K)
[182.481s][info][gc,metaspace   ] GC(282) Metaspace: 173073K(186460K)->173073K(186460K) NonClass: 152508K(159056K)->152508K(159056K) Class: 20564K(27404K)->20564K(27404K)
[182.481s][info][gc             ] GC(282) Pause Young (Allocation Failure) 2598M->189M(8061M) 10.523ms
[182.481s][info][gc,cpu         ] GC(282) User=0.02s Sys=0.00s Real=0.01s
[183.024s][info][gc,start       ] GC(283) Pause Young (System.gc())
[183.027s][info][gc,heap        ] GC(283) PSYoungGen: 444092K->2076K(2665472K)
[183.027s][info][gc,heap        ] GC(283) ParOldGen: 126101K->128429K(5592576K)
[183.027s][info][gc,metaspace   ] GC(283) Metaspace: 173074K(186460K)->173074K(186460K) NonClass: 152509K(159056K)->152509K(159056K) Class: 20564K(27404K)->20564K(27404K)
[183.027s][info][gc             ] GC(283) Pause Young (System.gc()) 556M->127M(8064M) 3.036ms
[183.027s][info][gc,cpu         ] GC(283) User=0.02s Sys=0.00s Real=0.02s
[183.027s][info][gc,start       ] GC(284) Pause Full (System.gc())
[183.027s][info][gc,phases,start] GC(284) Marking Phase
[183.085s][info][gc,phases      ] GC(284) Marking Phase 58.056ms
[183.085s][info][gc,phases,start] GC(284) Summary Phase
[183.085s][info][gc,phases      ] GC(284) Summary Phase 0.011ms
[183.085s][info][gc,phases,start] GC(284) Adjust Roots
[183.106s][info][gc,phases      ] GC(284) Adjust Roots 20.979ms
[183.106s][info][gc,phases,start] GC(284) Compaction Phase
[183.136s][info][gc,phases      ] GC(284) Compaction Phase 29.787ms
[183.136s][info][gc,phases,start] GC(284) Post Compact
[183.137s][info][gc,phases      ] GC(284) Post Compact 0.891ms
[183.137s][info][gc,heap        ] GC(284) PSYoungGen: 2076K->0K(2665472K)
[183.137s][info][gc,heap        ] GC(284) ParOldGen: 128429K->126443K(5592576K)
[183.137s][info][gc,metaspace   ] GC(284) Metaspace: 173074K(186460K)->173074K(186460K) NonClass: 152509K(159056K)->152509K(159056K) Class: 20564K(27404K)->20564K(27404K)
[183.137s][info][gc             ] GC(284) Pause Full (System.gc()) 127M->123M(8064M) 110.017ms
[183.137s][info][gc,cpu         ] GC(284) User=0.09s Sys=0.00s Real=0.11s
[184.162s][info][gc,start       ] GC(285) Pause Young (Allocation Failure)
[184.172s][info][gc,heap        ] GC(285) PSYoungGen: 2531537K->67572K(2661888K)
[184.173s][info][gc,heap        ] GC(285) ParOldGen: 126443K->126443K(5592576K)
[184.173s][info][gc,metaspace   ] GC(285) Metaspace: 173074K(186460K)->173074K(186460K) NonClass: 152509K(159056K)->152509K(159056K) Class: 20564K(27404K)->20564K(27404K)
[184.173s][info][gc             ] GC(285) Pause Young (Allocation Failure) 2595M->189M(8061M) 10.976ms
[184.173s][info][gc,cpu         ] GC(285) User=0.02s Sys=0.00s Real=0.01s
[184.732s][info][gc,start       ] GC(286) Pause Young (System.gc())
[184.735s][info][gc,heap        ] GC(286) PSYoungGen: 450755K->2020K(2665472K)
[184.735s][info][gc,heap        ] GC(286) ParOldGen: 126443K->128842K(5592576K)
[184.735s][info][gc,metaspace   ] GC(286) Metaspace: 173074K(186460K)->173074K(186460K) NonClass: 152509K(159056K)->152509K(159056K) Class: 20564K(27404K)->20564K(27404K)
[184.735s][info][gc             ] GC(286) Pause Young (System.gc()) 563M->127M(8064M) 3.002ms
[184.735s][info][gc,cpu         ] GC(286) User=0.00s Sys=0.00s Real=0.00s
[184.735s][info][gc,start       ] GC(287) Pause Full (System.gc())
[184.735s][info][gc,phases,start] GC(287) Marking Phase
[184.795s][info][gc,phases      ] GC(287) Marking Phase 60.606ms
[184.796s][info][gc,phases,start] GC(287) Summary Phase
[184.796s][info][gc,phases      ] GC(287) Summary Phase 0.012ms
[184.796s][info][gc,phases,start] GC(287) Adjust Roots
[184.817s][info][gc,phases      ] GC(287) Adjust Roots 21.623ms
[184.817s][info][gc,phases,start] GC(287) Compaction Phase
[184.840s][info][gc,phases      ] GC(287) Compaction Phase 23.287ms
[184.841s][info][gc,phases,start] GC(287) Post Compact
[184.842s][info][gc,phases      ] GC(287) Post Compact 1.060ms
[184.842s][info][gc,heap        ] GC(287) PSYoungGen: 2020K->0K(2665472K)
[184.842s][info][gc,heap        ] GC(287) ParOldGen: 128842K->126050K(5592576K)
[184.842s][info][gc,metaspace   ] GC(287) Metaspace: 173074K(186460K)->173074K(186460K) NonClass: 152509K(159056K)->152509K(159056K) Class: 20564K(27404K)->20564K(27404K)
[184.842s][info][gc             ] GC(287) Pause Full (System.gc()) 127M->123M(8064M) 106.872ms
[184.842s][info][gc,cpu         ] GC(287) User=0.06s Sys=0.00s Real=0.11s
[185.916s][info][gc,start       ] GC(288) Pause Young (Allocation Failure)
[185.927s][info][gc,heap        ] GC(288) PSYoungGen: 2534912K->67548K(2661888K)
[185.927s][info][gc,heap        ] GC(288) ParOldGen: 126050K->126050K(5592576K)
[185.927s][info][gc,metaspace   ] GC(288) Metaspace: 173082K(186460K)->173082K(186460K) NonClass: 152518K(159056K)->152518K(159056K) Class: 20564K(27404K)->20564K(27404K)
[185.927s][info][gc             ] GC(288) Pause Young (Allocation Failure) 2598M->189M(8061M) 10.639ms
[185.927s][info][gc,cpu         ] GC(288) User=0.00s Sys=0.00s Real=0.00s
[187.179s][info][gc,start       ] GC(289) Pause Young (System.gc())
[187.195s][info][gc,heap        ] GC(289) PSYoungGen: 445905K->2012K(2665472K)
[187.196s][info][gc,heap        ] GC(289) ParOldGen: 126050K->128435K(5592576K)
[187.196s][info][gc,metaspace   ] GC(289) Metaspace: 173082K(186460K)->173082K(186460K) NonClass: 152518K(159056K)->152518K(159056K) Class: 20564K(27404K)->20564K(27404K)
[187.196s][info][gc             ] GC(289) Pause Young (System.gc()) 558M->127M(8064M) 17.046ms
[187.196s][info][gc,cpu         ] GC(289) User=0.03s Sys=0.00s Real=0.02s
[187.197s][info][gc,start       ] GC(290) Pause Full (System.gc())
[187.197s][info][gc,phases,start] GC(290) Marking Phase
[187.568s][info][gc,phases      ] GC(290) Marking Phase 371.816ms
[187.569s][info][gc,phases,start] GC(290) Summary Phase
[187.569s][info][gc,phases      ] GC(290) Summary Phase 0.113ms
[187.569s][info][gc,phases,start] GC(290) Adjust Roots
[187.743s][info][gc,phases      ] GC(290) Adjust Roots 174.101ms
[187.743s][info][gc,phases,start] GC(290) Compaction Phase
[187.952s][info][gc,phases      ] GC(290) Compaction Phase 208.903ms
[187.952s][info][gc,phases,start] GC(290) Post Compact
[187.957s][info][gc,phases      ] GC(290) Post Compact 4.069ms
[187.957s][info][gc,heap        ] GC(290) PSYoungGen: 2012K->0K(2665472K)
[187.957s][info][gc,heap        ] GC(290) ParOldGen: 128435K->126316K(5592576K)
[187.957s][info][gc,metaspace   ] GC(290) Metaspace: 173082K(186460K)->173082K(186460K) NonClass: 152518K(159056K)->152518K(159056K) Class: 20564K(27404K)->20564K(27404K)
[187.957s][info][gc             ] GC(290) Pause Full (System.gc()) 127M->123M(8064M) 760.729ms
[187.957s][info][gc,cpu         ] GC(290) User=1.64s Sys=0.02s Real=0.77s
[192.061s][info][gc,start       ] GC(291) Pause Young (Allocation Failure)
[192.072s][info][gc,heap        ] GC(291) PSYoungGen: 2533083K->67613K(2662912K)
[192.072s][info][gc,heap        ] GC(291) ParOldGen: 126316K->126316K(5592576K)
[192.072s][info][gc,metaspace   ] GC(291) Metaspace: 173082K(186460K)->173082K(186460K) NonClass: 152518K(159056K)->152518K(159056K) Class: 20564K(27404K)->20564K(27404K)
[192.072s][info][gc             ] GC(291) Pause Young (Allocation Failure) 2597M->189M(8062M) 10.828ms
[192.072s][info][gc,cpu         ] GC(291) User=0.02s Sys=0.00s Real=0.02s
[192.600s][info][gc,start       ] GC(292) Pause Young (System.gc())
[192.603s][info][gc,heap        ] GC(292) PSYoungGen: 438618K->2019K(2665984K)
[192.603s][info][gc,heap        ] GC(292) ParOldGen: 126316K->128705K(5592576K)
[192.603s][info][gc,metaspace   ] GC(292) Metaspace: 173082K(186460K)->173082K(186460K) NonClass: 152518K(159056K)->152518K(159056K) Class: 20564K(27404K)->20564K(27404K)
[192.603s][info][gc             ] GC(292) Pause Young (System.gc()) 551M->127M(8065M) 3.098ms
[192.603s][info][gc,cpu         ] GC(292) User=0.00s Sys=0.00s Real=0.00s
[192.603s][info][gc,start       ] GC(293) Pause Full (System.gc())
[192.603s][info][gc,phases,start] GC(293) Marking Phase
[192.659s][info][gc,phases      ] GC(293) Marking Phase 55.776ms
[192.659s][info][gc,phases,start] GC(293) Summary Phase
[192.659s][info][gc,phases      ] GC(293) Summary Phase 0.011ms
[192.659s][info][gc,phases,start] GC(293) Adjust Roots
[192.680s][info][gc,phases      ] GC(293) Adjust Roots 20.961ms
[192.680s][info][gc,phases,start] GC(293) Compaction Phase
[192.699s][info][gc,phases      ] GC(293) Compaction Phase 19.056ms
[192.700s][info][gc,phases,start] GC(293) Post Compact
[192.700s][info][gc,phases      ] GC(293) Post Compact 0.956ms
[192.701s][info][gc,heap        ] GC(293) PSYoungGen: 2019K->0K(2665984K)
[192.701s][info][gc,heap        ] GC(293) ParOldGen: 128705K->125969K(5592576K)
[192.701s][info][gc,metaspace   ] GC(293) Metaspace: 173082K(186460K)->173082K(186460K) NonClass: 152518K(159056K)->152518K(159056K) Class: 20564K(27404K)->20564K(27404K)
[192.701s][info][gc             ] GC(293) Pause Full (System.gc()) 127M->123M(8065M) 97.098ms
[192.701s][info][gc,cpu         ] GC(293) User=0.11s Sys=0.00s Real=0.11s
[193.762s][info][gc,start       ] GC(294) Pause Young (Allocation Failure)
[193.773s][info][gc,heap        ] GC(294) PSYoungGen: 2535936K->68148K(2661888K)
[193.773s][info][gc,heap        ] GC(294) ParOldGen: 125969K->125969K(5592576K)
[193.773s][info][gc,metaspace   ] GC(294) Metaspace: 173082K(186460K)->173082K(186460K) NonClass: 152518K(159056K)->152518K(159056K) Class: 20564K(27404K)->20564K(27404K)
[193.773s][info][gc             ] GC(294) Pause Young (Allocation Failure) 2599M->189M(8061M) 11.454ms
[193.773s][info][gc,cpu         ] GC(294) User=0.02s Sys=0.00s Real=0.02s
[194.312s][info][gc,start       ] GC(295) Pause Young (System.gc())
[194.315s][info][gc,heap        ] GC(295) PSYoungGen: 487290K->1996K(2665472K)
[194.315s][info][gc,heap        ] GC(295) ParOldGen: 125969K->128383K(5592576K)
[194.315s][info][gc,metaspace   ] GC(295) Metaspace: 173084K(186460K)->173084K(186460K) NonClass: 152520K(159056K)->152520K(159056K) Class: 20564K(27404K)->20564K(27404K)
[194.315s][info][gc             ] GC(295) Pause Young (System.gc()) 598M->127M(8064M) 3.077ms
[194.315s][info][gc,cpu         ] GC(295) User=0.00s Sys=0.00s Real=0.00s
[194.315s][info][gc,start       ] GC(296) Pause Full (System.gc())
[194.315s][info][gc,phases,start] GC(296) Marking Phase
[194.379s][info][gc,phases      ] GC(296) Marking Phase 64.091ms
[194.379s][info][gc,phases,start] GC(296) Summary Phase
[194.379s][info][gc,phases      ] GC(296) Summary Phase 0.011ms
[194.379s][info][gc,phases,start] GC(296) Adjust Roots
[194.402s][info][gc,phases      ] GC(296) Adjust Roots 22.534ms
[194.402s][info][gc,phases,start] GC(296) Compaction Phase
[194.427s][info][gc,phases      ] GC(296) Compaction Phase 25.052ms
[194.427s][info][gc,phases,start] GC(296) Post Compact
[194.428s][info][gc,phases      ] GC(296) Post Compact 1.258ms
[194.428s][info][gc,heap        ] GC(296) PSYoungGen: 1996K->0K(2665472K)
[194.428s][info][gc,heap        ] GC(296) ParOldGen: 128383K->126312K(5592576K)
[194.428s][info][gc,metaspace   ] GC(296) Metaspace: 173084K(186460K)->173084K(186460K) NonClass: 152520K(159056K)->152520K(159056K) Class: 20564K(27404K)->20564K(27404K)
[194.428s][info][gc             ] GC(296) Pause Full (System.gc()) 127M->123M(8064M) 113.266ms
[194.428s][info][gc,cpu         ] GC(296) User=0.05s Sys=0.00s Real=0.13s
[195.465s][info][gc,start       ] GC(297) Pause Young (Allocation Failure)
[195.476s][info][gc,heap        ] GC(297) PSYoungGen: 2534912K->67765K(2661888K)
[195.476s][info][gc,heap        ] GC(297) ParOldGen: 126312K->126312K(5592576K)
[195.476s][info][gc,metaspace   ] GC(297) Metaspace: 173101K(186460K)->173101K(186460K) NonClass: 152536K(159056K)->152536K(159056K) Class: 20564K(27404K)->20564K(27404K)
[195.476s][info][gc             ] GC(297) Pause Young (Allocation Failure) 2598M->189M(8061M) 11.803ms
[195.476s][info][gc,cpu         ] GC(297) User=0.00s Sys=0.00s Real=0.00s
[196.036s][info][gc,start       ] GC(298) Pause Young (System.gc())
[196.039s][info][gc,heap        ] GC(298) PSYoungGen: 453403K->2109K(2665472K)
[196.039s][info][gc,heap        ] GC(298) ParOldGen: 126312K->128660K(5592576K)
[196.039s][info][gc,metaspace   ] GC(298) Metaspace: 173151K(186460K)->173151K(186460K) NonClass: 152586K(159056K)->152586K(159056K) Class: 20564K(27404K)->20564K(27404K)
[196.039s][info][gc             ] GC(298) Pause Young (System.gc()) 566M->127M(8064M) 2.681ms
[196.039s][info][gc,cpu         ] GC(298) User=0.00s Sys=0.00s Real=0.00s
[196.039s][info][gc,start       ] GC(299) Pause Full (System.gc())
[196.039s][info][gc,phases,start] GC(299) Marking Phase
[196.102s][info][gc,phases      ] GC(299) Marking Phase 62.634ms
[196.102s][info][gc,phases,start] GC(299) Summary Phase
[196.102s][info][gc,phases      ] GC(299) Summary Phase 0.011ms
[196.102s][info][gc,phases,start] GC(299) Adjust Roots
[196.125s][info][gc,phases      ] GC(299) Adjust Roots 23.394ms
[196.125s][info][gc,phases,start] GC(299) Compaction Phase
[196.171s][info][gc,phases      ] GC(299) Compaction Phase 45.502ms
[196.171s][info][gc,phases,start] GC(299) Post Compact
[196.172s][info][gc,phases      ] GC(299) Post Compact 0.921ms
[196.172s][info][gc,heap        ] GC(299) PSYoungGen: 2109K->0K(2665472K)
[196.172s][info][gc,heap        ] GC(299) ParOldGen: 128660K->125871K(5592576K)
[196.172s][info][gc,metaspace   ] GC(299) Metaspace: 173151K(186460K)->173151K(186460K) NonClass: 152586K(159056K)->152586K(159056K) Class: 20564K(27404K)->20564K(27404K)
[196.172s][info][gc             ] GC(299) Pause Full (System.gc()) 127M->122M(8064M) 132.772ms
[196.172s][info][gc,cpu         ] GC(299) User=0.16s Sys=0.00s Real=0.14s
[197.322s][info][gc,start       ] GC(300) Pause Young (Allocation Failure)
[197.333s][info][gc,heap        ] GC(300) PSYoungGen: 2534912K->67451K(2662912K)
[197.333s][info][gc,heap        ] GC(300) ParOldGen: 125871K->125879K(5592576K)
[197.333s][info][gc,metaspace   ] GC(300) Metaspace: 173159K(186460K)->173159K(186460K) NonClass: 152594K(159056K)->152594K(159056K) Class: 20564K(27404K)->20564K(27404K)
[197.333s][info][gc             ] GC(300) Pause Young (Allocation Failure) 2598M->188M(8062M) 11.271ms
[197.333s][info][gc,cpu         ] GC(300) User=0.05s Sys=0.00s Real=0.02s
[197.869s][info][gc,start       ] GC(301) Pause Young (System.gc())
[197.872s][info][gc,heap        ] GC(301) PSYoungGen: 444190K->2044K(2665984K)
[197.872s][info][gc,heap        ] GC(301) ParOldGen: 125879K->128221K(5592576K)
[197.872s][info][gc,metaspace   ] GC(301) Metaspace: 173159K(186460K)->173159K(186460K) NonClass: 152594K(159056K)->152594K(159056K) Class: 20564K(27404K)->20564K(27404K)
[197.872s][info][gc             ] GC(301) Pause Young (System.gc()) 556M->127M(8065M) 2.683ms
[197.872s][info][gc,cpu         ] GC(301) User=0.00s Sys=0.00s Real=0.00s
[197.872s][info][gc,start       ] GC(302) Pause Full (System.gc())
[197.872s][info][gc,phases,start] GC(302) Marking Phase
[197.930s][info][gc,phases      ] GC(302) Marking Phase 57.409ms
[197.930s][info][gc,phases,start] GC(302) Summary Phase
[197.930s][info][gc,phases      ] GC(302) Summary Phase 0.011ms
[197.930s][info][gc,phases,start] GC(302) Adjust Roots
[197.951s][info][gc,phases      ] GC(302) Adjust Roots 21.768ms
[197.951s][info][gc,phases,start] GC(302) Compaction Phase
[197.975s][info][gc,phases      ] GC(302) Compaction Phase 23.188ms
[197.975s][info][gc,phases,start] GC(302) Post Compact
[197.976s][info][gc,phases      ] GC(302) Post Compact 0.946ms
[197.976s][info][gc,heap        ] GC(302) PSYoungGen: 2044K->0K(2665984K)
[197.976s][info][gc,heap        ] GC(302) ParOldGen: 128221K->126218K(5592576K)
[197.976s][info][gc,metaspace   ] GC(302) Metaspace: 173159K(186460K)->173159K(186460K) NonClass: 152594K(159056K)->152594K(159056K) Class: 20564K(27404K)->20564K(27404K)
[197.976s][info][gc             ] GC(302) Pause Full (System.gc()) 127M->123M(8065M) 103.636ms
[197.976s][info][gc,cpu         ] GC(302) User=0.11s Sys=0.05s Real=0.11s
[199.020s][info][gc,start       ] GC(303) Pause Young (Allocation Failure)
[199.031s][info][gc,heap        ] GC(303) PSYoungGen: 2535868K->67629K(2662912K)
[199.031s][info][gc,heap        ] GC(303) ParOldGen: 126218K->126218K(5592576K)
[199.031s][info][gc,metaspace   ] GC(303) Metaspace: 173178K(186460K)->173178K(186460K) NonClass: 152613K(159056K)->152613K(159056K) Class: 20564K(27404K)->20564K(27404K)
[199.031s][info][gc             ] GC(303) Pause Young (Allocation Failure) 2599M->189M(8062M) 10.796ms
[199.031s][info][gc,cpu         ] GC(303) User=0.02s Sys=0.00s Real=0.02s
[199.558s][info][gc,start       ] GC(304) Pause Young (System.gc())
[199.561s][info][gc,heap        ] GC(304) PSYoungGen: 444287K->2076K(2665984K)
[199.561s][info][gc,heap        ] GC(304) ParOldGen: 126218K->128538K(5592576K)
[199.561s][info][gc,metaspace   ] GC(304) Metaspace: 173178K(186460K)->173178K(186460K) NonClass: 152614K(159056K)->152614K(159056K) Class: 20564K(27404K)->20564K(27404K)
[199.561s][info][gc             ] GC(304) Pause Young (System.gc()) 557M->127M(8065M) 2.743ms
[199.561s][info][gc,cpu         ] GC(304) User=0.00s Sys=0.00s Real=0.00s
[199.561s][info][gc,start       ] GC(305) Pause Full (System.gc())
[199.561s][info][gc,phases,start] GC(305) Marking Phase
[199.616s][info][gc,phases      ] GC(305) Marking Phase 55.481ms
[199.616s][info][gc,phases,start] GC(305) Summary Phase
[199.616s][info][gc,phases      ] GC(305) Summary Phase 0.012ms
[199.616s][info][gc,phases,start] GC(305) Adjust Roots
[199.638s][info][gc,phases      ] GC(305) Adjust Roots 21.532ms
[199.638s][info][gc,phases,start] GC(305) Compaction Phase
[199.660s][info][gc,phases      ] GC(305) Compaction Phase 21.737ms
[199.660s][info][gc,phases,start] GC(305) Post Compact
[199.661s][info][gc,phases      ] GC(305) Post Compact 0.929ms
[199.661s][info][gc,heap        ] GC(305) PSYoungGen: 2076K->0K(2665984K)
[199.661s][info][gc,heap        ] GC(305) ParOldGen: 128538K->125865K(5592576K)
[199.661s][info][gc,metaspace   ] GC(305) Metaspace: 173178K(186460K)->173178K(186460K) NonClass: 152614K(159056K)->152614K(159056K) Class: 20564K(27404K)->20564K(27404K)
[199.661s][info][gc             ] GC(305) Pause Full (System.gc()) 127M->122M(8065M) 99.983ms
[199.661s][info][gc,cpu         ] GC(305) User=0.06s Sys=0.00s Real=0.09s
[200.710s][info][gc,start       ] GC(306) Pause Young (Allocation Failure)
[200.720s][info][gc,heap        ] GC(306) PSYoungGen: 2535936K->67428K(2662912K)
[200.720s][info][gc,heap        ] GC(306) ParOldGen: 125865K->125865K(5592576K)
[200.720s][info][gc,metaspace   ] GC(306) Metaspace: 173178K(186460K)->173178K(186460K) NonClass: 152614K(159056K)->152614K(159056K) Class: 20564K(27404K)->20564K(27404K)
[200.720s][info][gc             ] GC(306) Pause Young (Allocation Failure) 2599M->188M(8062M) 10.564ms
[200.720s][info][gc,cpu         ] GC(306) User=0.02s Sys=0.00s Real=0.02s
[201.244s][info][gc,start       ] GC(307) Pause Young (System.gc())
[201.247s][info][gc,heap        ] GC(307) PSYoungGen: 442822K->2109K(2665984K)
[201.247s][info][gc,heap        ] GC(307) ParOldGen: 125865K->128253K(5592576K)
[201.247s][info][gc,metaspace   ] GC(307) Metaspace: 173179K(186460K)->173179K(186460K) NonClass: 152614K(159056K)->152614K(159056K) Class: 20564K(27404K)->20564K(27404K)
[201.247s][info][gc             ] GC(307) Pause Young (System.gc()) 555M->127M(8065M) 2.921ms
[201.247s][info][gc,cpu         ] GC(307) User=0.00s Sys=0.00s Real=0.00s
[201.247s][info][gc,start       ] GC(308) Pause Full (System.gc())
[201.247s][info][gc,phases,start] GC(308) Marking Phase
[201.305s][info][gc,phases      ] GC(308) Marking Phase 57.969ms
[201.305s][info][gc,phases,start] GC(308) Summary Phase
[201.305s][info][gc,phases      ] GC(308) Summary Phase 0.011ms
[201.305s][info][gc,phases,start] GC(308) Adjust Roots
[201.327s][info][gc,phases      ] GC(308) Adjust Roots 22.132ms
[201.327s][info][gc,phases,start] GC(308) Compaction Phase
[201.349s][info][gc,phases      ] GC(308) Compaction Phase 21.527ms
[201.349s][info][gc,phases,start] GC(308) Post Compact
[201.350s][info][gc,phases      ] GC(308) Post Compact 0.899ms
[201.350s][info][gc,heap        ] GC(308) PSYoungGen: 2109K->0K(2665984K)
[201.350s][info][gc,heap        ] GC(308) ParOldGen: 128253K->126210K(5592576K)
[201.350s][info][gc,metaspace   ] GC(308) Metaspace: 173179K(186460K)->173179K(186460K) NonClass: 152614K(159056K)->152614K(159056K) Class: 20564K(27404K)->20564K(27404K)
[201.350s][info][gc             ] GC(308) Pause Full (System.gc()) 127M->123M(8065M) 102.846ms
[201.350s][info][gc,cpu         ] GC(308) User=0.11s Sys=0.00s Real=0.11s
[202.386s][info][gc,start       ] GC(309) Pause Young (Allocation Failure)
[202.396s][info][gc,heap        ] GC(309) PSYoungGen: 2535133K->67500K(2662400K)
[202.396s][info][gc,heap        ] GC(309) ParOldGen: 126210K->126210K(5592576K)
[202.396s][info][gc,metaspace   ] GC(309) Metaspace: 173179K(186460K)->173179K(186460K) NonClass: 152614K(159056K)->152614K(159056K) Class: 20564K(27404K)->20564K(27404K)
[202.396s][info][gc             ] GC(309) Pause Young (Allocation Failure) 2598M->189M(8061M) 10.608ms
[202.397s][info][gc,cpu         ] GC(309) User=0.00s Sys=0.00s Real=0.00s
[203.116s][info][gc,heap,exit   ] Heap
[203.116s][info][gc,heap,exit   ]  PSYoungGen      total 2662400K, used 829537K [0x0000000755580000, 0x0000000800000000, 0x0000000800000000)
[203.116s][info][gc,heap,exit   ]   eden space 2535936K, 30% used [0x0000000755580000,0x0000000783dad2c8,0x00000007f0200000)
[203.116s][info][gc,heap,exit   ]   from space 126464K, 53% used [0x00000007f8480000,0x00000007fc66b1e0,0x0000000800000000)
[203.116s][info][gc,heap,exit   ]   to   space 130048K, 0% used [0x00000007f0200000,0x00000007f0200000,0x00000007f8100000)
[203.116s][info][gc,heap,exit   ]  ParOldGen       total 5592576K, used 126210K [0x0000000600000000, 0x0000000755580000, 0x0000000755580000)
[203.116s][info][gc,heap,exit   ]   object space 5592576K, 2% used [0x0000000600000000,0x0000000607b40b20,0x0000000755580000)
[203.116s][info][gc,heap,exit   ]  Metaspace       used 173686K, capacity 182198K, committed 186716K, reserved 1208320K
[203.116s][info][gc,heap,exit   ]   class space    used 20677K, capacity 24512K, committed 27404K, reserved 1048576K
