[0.012s][info][gc] Using Parallel
[0.012s][info][gc,heap,coops] Heap address: 0x0000000080000000, size: 2048 MB, Compressed Oops mode: 32-bit
[2.601s][info][gc,start     ] GC(0) Pause Young (Metadata GC Threshold)
[2.605s][info][gc,heap      ] GC(0) PSYoungGen: 73564K->4826K(611840K)
[2.606s][info][gc,heap      ] GC(0) ParOldGen: 0K->16K(1398272K)
[2.606s][info][gc,metaspace ] GC(0) Metaspace: 20775K(21296K)->20775K(21296K) NonClass: 18296K(18608K)->18296K(18608K) Class: 2478K(2688K)->2478K(2688K)
[2.607s][info][gc           ] GC(0) Pause Young (Metadata GC Threshold) 71M->4M(1963M) 5.933ms
[2.607s][info][gc,cpu       ] GC(0) User=0.02s Sys=0.00s Real=0.02s
[2.607s][info][gc,start     ] GC(1) Pause Full (Metadata GC Threshold)
[2.607s][info][gc,phases,start] GC(1) Marking Phase
[2.611s][info][gc,phases      ] GC(1) Marking Phase 4.386ms
[2.611s][info][gc,phases,start] GC(1) Summary Phase
[2.611s][info][gc,phases      ] GC(1) Summary Phase 0.011ms
[2.611s][info][gc,phases,start] GC(1) Adjust Roots
[2.614s][info][gc,phases      ] GC(1) Adjust Roots 2.769ms
[2.614s][info][gc,phases,start] GC(1) Compaction Phase
[2.619s][info][gc,phases      ] GC(1) Compaction Phase 4.793ms
[2.619s][info][gc,phases,start] GC(1) Post Compact
[2.619s][info][gc,phases      ] GC(1) Post Compact 0.383ms
[2.619s][info][gc,heap        ] GC(1) PSYoungGen: 4826K->0K(611840K)
[2.619s][info][gc,heap        ] GC(1) ParOldGen: 16K->4736K(1398272K)
[2.619s][info][gc,metaspace   ] GC(1) Metaspace: 20775K(21296K)->20775K(21296K) NonClass: 18296K(18608K)->18296K(18608K) Class: 2478K(2688K)->2478K(2688K)
[2.620s][info][gc             ] GC(1) Pause Full (Metadata GC Threshold) 4M->4M(1963M) 12.569ms
[2.620s][info][gc,cpu         ] GC(1) User=0.00s Sys=0.00s Real=0.01s
[8.072s][info][gc,start       ] GC(2) Pause Young (Metadata GC Threshold)
[8.077s][info][gc,heap        ] GC(2) PSYoungGen: 94591K->15522K(611840K)
[8.077s][info][gc,heap        ] GC(2) ParOldGen: 4736K->4808K(1398272K)
[8.077s][info][gc,metaspace   ] GC(2) Metaspace: 34472K(35376K)->34472K(35376K) NonClass: 30199K(30640K)->30199K(30640K) Class: 4273K(4736K)->4273K(4736K)
[8.077s][info][gc             ] GC(2) Pause Young (Metadata GC Threshold) 97M->19M(1963M) 5.229ms
[8.077s][info][gc,cpu         ] GC(2) User=0.00s Sys=0.00s Real=0.00s
[8.077s][info][gc,start       ] GC(3) Pause Full (Metadata GC Threshold)
[8.077s][info][gc,phases,start] GC(3) Marking Phase
[8.088s][info][gc,phases      ] GC(3) Marking Phase 10.034ms
[8.088s][info][gc,phases,start] GC(3) Summary Phase
[8.088s][info][gc,phases      ] GC(3) Summary Phase 0.011ms
[8.088s][info][gc,phases,start] GC(3) Adjust Roots
[8.093s][info][gc,phases      ] GC(3) Adjust Roots 5.339ms
[8.093s][info][gc,phases,start] GC(3) Compaction Phase
[8.117s][info][gc,phases      ] GC(3) Compaction Phase 24.383ms
[8.117s][info][gc,phases,start] GC(3) Post Compact
[8.118s][info][gc,phases      ] GC(3) Post Compact 0.742ms
[8.118s][info][gc,heap        ] GC(3) PSYoungGen: 15522K->0K(611840K)
[8.118s][info][gc,heap        ] GC(3) ParOldGen: 4808K->19916K(1398272K)
[8.118s][info][gc,metaspace   ] GC(3) Metaspace: 34472K(35376K)->34456K(35376K) NonClass: 30199K(30640K)->30187K(30640K) Class: 4273K(4736K)->4269K(4736K)
[8.118s][info][gc             ] GC(3) Pause Full (Metadata GC Threshold) 19M->19M(1963M) 40.860ms
[8.118s][info][gc,cpu         ] GC(3) User=0.02s Sys=0.00s Real=0.05s
[9.485s][info][gc,start       ] GC(4) Pause Young (Metadata GC Threshold)
[9.489s][info][gc,heap        ] GC(4) PSYoungGen: 314933K->6299K(611840K)
[9.489s][info][gc,heap        ] GC(4) ParOldGen: 19916K->19924K(1398272K)
[9.489s][info][gc,metaspace   ] GC(4) Metaspace: 57247K(58960K)->57247K(58960K) NonClass: 50071K(50864K)->50071K(50864K) Class: 7176K(8096K)->7176K(8096K)
[9.489s][info][gc             ] GC(4) Pause Young (Metadata GC Threshold) 327M->25M(1963M) 4.515ms
[9.489s][info][gc,cpu         ] GC(4) User=0.00s Sys=0.00s Real=0.00s
[9.489s][info][gc,start       ] GC(5) Pause Full (Metadata GC Threshold)
[9.489s][info][gc,phases,start] GC(5) Marking Phase
[9.503s][info][gc,phases      ] GC(5) Marking Phase 13.387ms
[9.503s][info][gc,phases,start] GC(5) Summary Phase
[9.503s][info][gc,phases      ] GC(5) Summary Phase 0.011ms
[9.503s][info][gc,phases,start] GC(5) Adjust Roots
[9.512s][info][gc,phases      ] GC(5) Adjust Roots 9.119ms
[9.512s][info][gc,phases,start] GC(5) Compaction Phase
[9.546s][info][gc,phases      ] GC(5) Compaction Phase 33.832ms
[9.546s][info][gc,phases,start] GC(5) Post Compact
[9.546s][info][gc,phases      ] GC(5) Post Compact 0.427ms
[9.546s][info][gc,heap        ] GC(5) PSYoungGen: 6299K->0K(611840K)
[9.546s][info][gc,heap        ] GC(5) ParOldGen: 19924K->25716K(1398272K)
[9.546s][info][gc,metaspace   ] GC(5) Metaspace: 57247K(58960K)->57247K(58960K) NonClass: 50071K(50864K)->50071K(50864K) Class: 7176K(8096K)->7176K(8096K)
[9.546s][info][gc             ] GC(5) Pause Full (Metadata GC Threshold) 25M->25M(1963M) 57.040ms
[9.547s][info][gc,cpu         ] GC(5) User=0.03s Sys=0.00s Real=0.06s
[11.825s][info][gc,start       ] GC(6) Pause Young (System.gc())
[11.831s][info][gc,heap        ] GC(6) PSYoungGen: 236189K->8403K(611840K)
[11.831s][info][gc,heap        ] GC(6) ParOldGen: 25716K->25724K(1398272K)
[11.831s][info][gc,metaspace   ] GC(6) Metaspace: 93980K(97360K)->93980K(97360K) NonClass: 81758K(83376K)->81758K(83376K) Class: 12222K(13984K)->12222K(13984K)
[11.831s][info][gc             ] GC(6) Pause Young (System.gc()) 255M->33M(1963M) 6.187ms
[11.832s][info][gc,cpu         ] GC(6) User=0.00s Sys=0.00s Real=0.00s
[11.832s][info][gc,start       ] GC(7) Pause Full (System.gc())
[11.832s][info][gc,phases,start] GC(7) Marking Phase
[11.860s][info][gc,phases      ] GC(7) Marking Phase 28.278ms
[11.860s][info][gc,phases,start] GC(7) Summary Phase
[11.860s][info][gc,phases      ] GC(7) Summary Phase 0.011ms
[11.860s][info][gc,phases,start] GC(7) Adjust Roots
[11.871s][info][gc,phases      ] GC(7) Adjust Roots 11.192ms
[11.871s][info][gc,phases,start] GC(7) Compaction Phase
[11.907s][info][gc,phases      ] GC(7) Compaction Phase 35.753ms
[11.907s][info][gc,phases,start] GC(7) Post Compact
[11.907s][info][gc,phases      ] GC(7) Post Compact 0.425ms
[11.907s][info][gc,heap        ] GC(7) PSYoungGen: 8403K->0K(611840K)
[11.907s][info][gc,heap        ] GC(7) ParOldGen: 25724K->33355K(1398272K)
[11.907s][info][gc,metaspace   ] GC(7) Metaspace: 93980K(97360K)->93980K(97360K) NonClass: 81758K(83376K)->81758K(83376K) Class: 12222K(13984K)->12222K(13984K)
[11.907s][info][gc             ] GC(7) Pause Full (System.gc()) 33M->32M(1963M) 75.913ms
[11.907s][info][gc,cpu         ] GC(7) User=0.16s Sys=0.00s Real=0.08s
[14.262s][info][gc,start       ] GC(8) Pause Young (Allocation Failure)
[14.271s][info][gc,heap        ] GC(8) PSYoungGen: 524174K->17064K(611840K)
[14.271s][info][gc,heap        ] GC(8) ParOldGen: 33355K->33371K(1398272K)
[14.271s][info][gc,metaspace   ] GC(8) Metaspace: 127867K(134608K)->127867K(134608K) NonClass: 110001K(113328K)->110001K(113328K) Class: 17866K(21280K)->17866K(21280K)
[14.271s][info][gc             ] GC(8) Pause Young (Allocation Failure) 544M->49M(1963M) 9.335ms
[14.271s][info][gc,cpu         ] GC(8) User=0.00s Sys=0.00s Real=0.00s
[14.382s][info][gc,start       ] GC(9) Pause Young (Allocation Failure)
[14.392s][info][gc,heap        ] GC(9) PSYoungGen: 541864K->38340K(665088K)
[14.392s][info][gc,heap        ] GC(9) ParOldGen: 33371K->33379K(1398272K)
[14.392s][info][gc,metaspace   ] GC(9) Metaspace: 127875K(134736K)->127875K(134736K) NonClass: 110005K(113328K)->110005K(113328K) Class: 17869K(21408K)->17869K(21408K)
[14.392s][info][gc             ] GC(9) Pause Young (Allocation Failure) 561M->70M(2015M) 9.399ms
[14.392s][info][gc,cpu         ] GC(9) User=0.00s Sys=0.00s Real=0.00s
[14.505s][info][gc,start       ] GC(10) Pause Young (Allocation Failure)
[14.516s][info][gc,heap        ] GC(10) PSYoungGen: 616388K->33782K(611840K)
[14.516s][info][gc,heap        ] GC(10) ParOldGen: 33379K->46362K(1398272K)
[14.516s][info][gc,metaspace   ] GC(10) Metaspace: 128358K(135376K)->128358K(135376K) NonClass: 110384K(113840K)->110384K(113840K) Class: 17974K(21536K)->17974K(21536K)
[14.516s][info][gc             ] GC(10) Pause Young (Allocation Failure) 634M->78M(1963M) 11.479ms
[14.516s][info][gc,cpu         ] GC(10) User=0.02s Sys=0.00s Real=0.02s
[14.599s][info][gc,start       ] GC(11) Pause Young (Allocation Failure)
[14.611s][info][gc,heap        ] GC(11) PSYoungGen: 611830K->47090K(631296K)
[14.611s][info][gc,heap        ] GC(11) ParOldGen: 46362K->49594K(1398272K)
[14.611s][info][gc,metaspace   ] GC(11) Metaspace: 128511K(135376K)->128511K(135376K) NonClass: 110505K(113840K)->110505K(113840K) Class: 18006K(21536K)->18006K(21536K)
[14.611s][info][gc             ] GC(11) Pause Young (Allocation Failure) 642M->94M(1982M) 11.147ms
[14.611s][info][gc,cpu         ] GC(11) User=0.00s Sys=0.02s Real=0.02s
[14.707s][info][gc,start       ] GC(12) Pause Young (Allocation Failure)
[14.716s][info][gc,heap        ] GC(12) PSYoungGen: 631282K->53687K(637952K)
[14.716s][info][gc,heap        ] GC(12) ParOldGen: 49594K->57144K(1398272K)
[14.716s][info][gc,metaspace   ] GC(12) Metaspace: 128832K(135760K)->128832K(135760K) NonClass: 110752K(114096K)->110752K(114096K) Class: 18080K(21664K)->18080K(21664K)
[14.716s][info][gc             ] GC(12) Pause Young (Allocation Failure) 664M->108M(1988M) 8.803ms
[14.716s][info][gc,cpu         ] GC(12) User=0.02s Sys=0.00s Real=0.02s
[14.792s][info][gc,start       ] GC(13) Pause Young (Allocation Failure)
[14.799s][info][gc,heap        ] GC(13) PSYoungGen: 637242K->59433K(611328K)
[14.799s][info][gc,heap        ] GC(13) ParOldGen: 57144K->67008K(1398272K)
[14.799s][info][gc,metaspace   ] GC(13) Metaspace: 128851K(135760K)->128851K(135760K) NonClass: 110770K(114096K)->110770K(114096K) Class: 18081K(21664K)->18081K(21664K)
[14.799s][info][gc             ] GC(13) Pause Young (Allocation Failure) 678M->123M(1962M) 6.882ms
[14.799s][info][gc,cpu         ] GC(13) User=0.00s Sys=0.00s Real=0.00s
[16.003s][info][gc,start       ] GC(14) Pause Young (Allocation Failure)
[16.016s][info][gc,heap        ] GC(14) PSYoungGen: 609833K->26231K(624640K)
[16.016s][info][gc,heap        ] GC(14) ParOldGen: 67008K->116640K(1398272K)
[16.016s][info][gc,metaspace   ] GC(14) Metaspace: 138037K(147536K)->138037K(147536K) NonClass: 118031K(122800K)->118031K(122800K) Class: 20006K(24736K)->20006K(24736K)
[16.016s][info][gc             ] GC(14) Pause Young (Allocation Failure) 660M->139M(1975M) 12.805ms
[16.016s][info][gc,cpu         ] GC(14) User=0.08s Sys=0.00s Real=0.02s
[17.234s][info][gc,start       ] GC(15) Pause Young (Metadata GC Threshold)
[17.241s][info][gc,heap        ] GC(15) PSYoungGen: 431249K->938K(627200K)
[17.242s][info][gc,heap        ] GC(15) ParOldGen: 116640K->141978K(1398272K)
[17.242s][info][gc,metaspace   ] GC(15) Metaspace: 152569K(162236K)->152569K(162236K) NonClass: 131645K(136368K)->131645K(136368K) Class: 20924K(25868K)->20924K(25868K)
[17.242s][info][gc             ] GC(15) Pause Young (Metadata GC Threshold) 535M->139M(1978M) 7.528ms
[17.242s][info][gc,cpu         ] GC(15) User=0.00s Sys=0.03s Real=0.02s
[17.242s][info][gc,start       ] GC(16) Pause Full (Metadata GC Threshold)
[17.242s][info][gc,phases,start] GC(16) Marking Phase
[17.303s][info][gc,phases      ] GC(16) Marking Phase 61.499ms
[17.303s][info][gc,phases,start] GC(16) Summary Phase
[17.303s][info][gc,phases      ] GC(16) Summary Phase 0.014ms
[17.303s][info][gc,phases,start] GC(16) Adjust Roots
[17.317s][info][gc,phases      ] GC(16) Adjust Roots 13.404ms
[17.317s][info][gc,phases,start] GC(16) Compaction Phase
[17.337s][info][gc,phases      ] GC(16) Compaction Phase 20.224ms
[17.337s][info][gc,phases,start] GC(16) Post Compact
[17.341s][info][gc,phases      ] GC(16) Post Compact 4.399ms
[17.341s][info][gc,heap        ] GC(16) PSYoungGen: 938K->0K(627200K)
[17.341s][info][gc,heap        ] GC(16) ParOldGen: 141978K->114189K(1398272K)
[17.341s][info][gc,metaspace   ] GC(16) Metaspace: 152569K(162236K)->147295K(162236K) NonClass: 131645K(136368K)->128271K(136368K) Class: 20924K(25868K)->19023K(25868K)
[17.341s][info][gc             ] GC(16) Pause Full (Metadata GC Threshold) 139M->111M(1978M) 99.853ms
[17.341s][info][gc,cpu         ] GC(16) User=0.11s Sys=0.00s Real=0.09s
[18.017s][info][gc,start       ] GC(17) Pause Young (Allocation Failure)
[18.025s][info][gc,heap        ] GC(17) PSYoungGen: 556544K->30763K(627712K)
[18.025s][info][gc,heap        ] GC(17) ParOldGen: 114189K->114197K(1398272K)
[18.025s][info][gc,metaspace   ] GC(17) Metaspace: 160310K(174652K)->160310K(174652K) NonClass: 140167K(147888K)->140167K(147888K) Class: 20142K(26764K)->20142K(26764K)
[18.025s][info][gc             ] GC(17) Pause Young (Allocation Failure) 655M->141M(1978M) 7.418ms
[18.025s][info][gc,cpu         ] GC(17) User=0.02s Sys=0.00s Real=0.02s
[18.128s][info][gc,start       ] GC(18) Pause Young (Allocation Failure)
[18.138s][info][gc,heap        ] GC(18) PSYoungGen: 587307K->35307K(631296K)
[18.138s][info][gc,heap        ] GC(18) ParOldGen: 114197K->134977K(1398272K)
[18.138s][info][gc,metaspace   ] GC(18) Metaspace: 160387K(174908K)->160387K(174908K) NonClass: 140229K(148144K)->140229K(148144K) Class: 20158K(26764K)->20158K(26764K)
[18.138s][info][gc             ] GC(18) Pause Young (Allocation Failure) 685M->166M(1982M) 9.259ms
[18.138s][info][gc,cpu         ] GC(18) User=0.03s Sys=0.00s Real=0.02s
[19.190s][info][gc,start       ] GC(19) Pause Young (Allocation Failure)
[19.200s][info][gc,heap        ] GC(19) PSYoungGen: 597995K->18630K(630272K)
[19.200s][info][gc,heap        ] GC(19) ParOldGen: 134977K->164617K(1398272K)
[19.200s][info][gc,metaspace   ] GC(19) Metaspace: 161497K(175676K)->161497K(175676K) NonClass: 141268K(148912K)->141268K(148912K) Class: 20229K(26764K)->20229K(26764K)
[19.200s][info][gc             ] GC(19) Pause Young (Allocation Failure) 715M->178M(1981M) 10.371ms
[19.200s][info][gc,cpu         ] GC(19) User=0.02s Sys=0.00s Real=0.02s
[20.500s][info][gc,start       ] GC(20) Pause Young (Allocation Failure)
[20.506s][info][gc,heap        ] GC(20) PSYoungGen: 581318K->3883K(633856K)
[20.506s][info][gc,heap        ] GC(20) ParOldGen: 164617K->181598K(1398272K)
[20.506s][info][gc,metaspace   ] GC(20) Metaspace: 162291K(176188K)->162291K(176188K) NonClass: 142032K(149424K)->142032K(149424K) Class: 20259K(26764K)->20259K(26764K)
[20.506s][info][gc             ] GC(20) Pause Young (Allocation Failure) 728M->181M(1984M) 5.684ms
[20.506s][info][gc,cpu         ] GC(20) User=0.02s Sys=0.00s Real=0.02s
[20.976s][info][gc,start       ] GC(21) Pause Young (System.gc())
[20.980s][info][gc,heap        ] GC(21) PSYoungGen: 129158K->2083K(633856K)
[20.980s][info][gc,heap        ] GC(21) ParOldGen: 181598K->183816K(1398272K)
[20.980s][info][gc,metaspace   ] GC(21) Metaspace: 164169K(177468K)->164169K(177468K) NonClass: 143665K(150704K)->143665K(150704K) Class: 20504K(26764K)->20504K(26764K)
[20.980s][info][gc             ] GC(21) Pause Young (System.gc()) 303M->181M(1984M) 4.342ms
[20.980s][info][gc,cpu         ] GC(21) User=0.00s Sys=0.00s Real=0.00s
[20.980s][info][gc,start       ] GC(22) Pause Full (System.gc())
[20.980s][info][gc,phases,start] GC(22) Marking Phase
[21.052s][info][gc,phases      ] GC(22) Marking Phase 71.360ms
[21.052s][info][gc,phases,start] GC(22) Summary Phase
[21.052s][info][gc,phases      ] GC(22) Summary Phase 0.011ms
[21.052s][info][gc,phases,start] GC(22) Adjust Roots
[21.080s][info][gc,phases      ] GC(22) Adjust Roots 27.928ms
[21.080s][info][gc,phases,start] GC(22) Compaction Phase
[21.214s][info][gc,phases      ] GC(22) Compaction Phase 134.190ms
[21.214s][info][gc,phases,start] GC(22) Post Compact
[21.216s][info][gc,phases      ] GC(22) Post Compact 1.536ms
[21.216s][info][gc,heap        ] GC(22) PSYoungGen: 2083K->0K(633856K)
[21.216s][info][gc,heap        ] GC(22) ParOldGen: 183816K->117597K(1398272K)
[21.216s][info][gc,metaspace   ] GC(22) Metaspace: 164169K(177468K)->163917K(177468K) NonClass: 143665K(150704K)->143511K(150704K) Class: 20504K(26764K)->20406K(26764K)
[21.216s][info][gc             ] GC(22) Pause Full (System.gc()) 181M->114M(1984M) 235.357ms
[21.216s][info][gc,cpu         ] GC(22) User=0.38s Sys=0.00s Real=0.23s
[21.452s][info][gc,start       ] GC(23) Pause Young (Allocation Failure)
[21.454s][info][gc,heap        ] GC(23) PSYoungGen: 568832K->921K(634368K)
[21.454s][info][gc,heap        ] GC(23) ParOldGen: 117597K->117605K(1398272K)
[21.454s][info][gc,metaspace   ] GC(23) Metaspace: 164160K(177724K)->164160K(177724K) NonClass: 143749K(150960K)->143749K(150960K) Class: 20410K(26764K)->20410K(26764K)
[21.454s][info][gc             ] GC(23) Pause Young (Allocation Failure) 670M->115M(1985M) 2.052ms
[21.454s][info][gc,cpu         ] GC(23) User=0.00s Sys=0.00s Real=0.00s
[21.601s][info][gc,start       ] GC(24) Pause Young (Allocation Failure)
[21.607s][info][gc,heap        ] GC(24) PSYoungGen: 570265K->33924K(633856K)
[21.607s][info][gc,heap        ] GC(24) ParOldGen: 117605K->118273K(1398272K)
[21.607s][info][gc,metaspace   ] GC(24) Metaspace: 164197K(177724K)->164197K(177724K) NonClass: 143787K(150960K)->143787K(150960K) Class: 20410K(26764K)->20410K(26764K)
[21.607s][info][gc             ] GC(24) Pause Young (Allocation Failure) 671M->148M(1984M) 6.215ms
[21.607s][info][gc,cpu         ] GC(24) User=0.00s Sys=0.00s Real=0.00s
[21.693s][info][gc,start       ] GC(25) Pause Young (Allocation Failure)
[21.703s][info][gc,heap        ] GC(25) PSYoungGen: 603268K->35294K(632832K)
[21.703s][info][gc,heap        ] GC(25) ParOldGen: 118273K->144495K(1398272K)
[21.703s][info][gc,metaspace   ] GC(25) Metaspace: 164215K(177724K)->164215K(177724K) NonClass: 143805K(150960K)->143805K(150960K) Class: 20410K(26764K)->20410K(26764K)
[21.703s][info][gc             ] GC(25) Pause Young (Allocation Failure) 704M->175M(1983M) 10.813ms
[21.703s][info][gc,cpu         ] GC(25) User=0.02s Sys=0.00s Real=0.01s
[22.592s][info][gc,start       ] GC(26) Pause Young (Allocation Failure)
[22.600s][info][gc,heap        ] GC(26) PSYoungGen: 603102K->8325K(633344K)
[22.600s][info][gc,heap        ] GC(26) ParOldGen: 144495K->177781K(1398272K)
[22.600s][info][gc,metaspace   ] GC(26) Metaspace: 164869K(178236K)->164869K(178236K) NonClass: 144408K(151472K)->144408K(151472K) Class: 20461K(26764K)->20461K(26764K)
[22.600s][info][gc             ] GC(26) Pause Young (Allocation Failure) 730M->181M(1984M) 7.753ms
[22.600s][info][gc,cpu         ] GC(26) User=0.00s Sys=0.00s Real=0.00s
[23.416s][info][gc,start       ] GC(27) Pause Young (System.gc())
[23.421s][info][gc,heap        ] GC(27) PSYoungGen: 427315K->2406K(635904K)
[23.421s][info][gc,heap        ] GC(27) ParOldGen: 177781K->184689K(1398272K)
[23.421s][info][gc,metaspace   ] GC(27) Metaspace: 165294K(178492K)->165294K(178492K) NonClass: 144832K(151728K)->144832K(151728K) Class: 20461K(26764K)->20461K(26764K)
[23.421s][info][gc             ] GC(27) Pause Young (System.gc()) 590M->182M(1986M) 4.635ms
[23.421s][info][gc,cpu         ] GC(27) User=0.02s Sys=0.00s Real=0.02s
[23.421s][info][gc,start       ] GC(28) Pause Full (System.gc())
[23.421s][info][gc,phases,start] GC(28) Marking Phase
[23.472s][info][gc,phases      ] GC(28) Marking Phase 50.694ms
[23.472s][info][gc,phases,start] GC(28) Summary Phase
[23.472s][info][gc,phases      ] GC(28) Summary Phase 0.012ms
[23.472s][info][gc,phases,start] GC(28) Adjust Roots
[23.490s][info][gc,phases      ] GC(28) Adjust Roots 17.799ms
[23.490s][info][gc,phases,start] GC(28) Compaction Phase
[23.554s][info][gc,phases      ] GC(28) Compaction Phase 64.495ms
[23.554s][info][gc,phases,start] GC(28) Post Compact
[23.555s][info][gc,phases      ] GC(28) Post Compact 0.941ms
[23.555s][info][gc,heap        ] GC(28) PSYoungGen: 2406K->0K(635904K)
[23.555s][info][gc,heap        ] GC(28) ParOldGen: 184689K->119685K(1398272K)
[23.555s][info][gc,metaspace   ] GC(28) Metaspace: 165294K(178492K)->165294K(178492K) NonClass: 144832K(151728K)->144832K(151728K) Class: 20461K(26764K)->20461K(26764K)
[23.555s][info][gc             ] GC(28) Pause Full (System.gc()) 182M->116M(1986M) 134.247ms
[23.555s][info][gc,cpu         ] GC(28) User=0.14s Sys=0.00s Real=0.12s
[23.748s][info][gc,start       ] GC(29) Pause Young (Allocation Failure)
[23.750s][info][gc,heap        ] GC(29) PSYoungGen: 571904K->1232K(634880K)
[23.750s][info][gc,heap        ] GC(29) ParOldGen: 119685K->119685K(1398272K)
[23.750s][info][gc,metaspace   ] GC(29) Metaspace: 165498K(178748K)->165498K(178748K) NonClass: 145036K(151984K)->145036K(151984K) Class: 20461K(26764K)->20461K(26764K)
[23.750s][info][gc             ] GC(29) Pause Young (Allocation Failure) 675M->118M(1985M) 2.050ms
[23.750s][info][gc,cpu         ] GC(29) User=0.00s Sys=0.00s Real=0.01s
[23.882s][info][gc,start       ] GC(30) Pause Young (Allocation Failure)
[23.888s][info][gc,heap        ] GC(30) PSYoungGen: 573136K->32418K(634880K)
[23.888s][info][gc,heap        ] GC(30) ParOldGen: 119685K->120345K(1398272K)
[23.888s][info][gc,metaspace   ] GC(30) Metaspace: 165546K(178748K)->165546K(178748K) NonClass: 145084K(151984K)->145084K(151984K) Class: 20461K(26764K)->20461K(26764K)
[23.888s][info][gc             ] GC(30) Pause Young (Allocation Failure) 676M->149M(1985M) 6.403ms
[23.888s][info][gc,cpu         ] GC(30) User=0.00s Sys=0.00s Real=0.00s
[23.976s][info][gc,start       ] GC(31) Pause Young (Allocation Failure)
[23.985s][info][gc,heap        ] GC(31) PSYoungGen: 604416K->33601K(606720K)
[23.985s][info][gc,heap        ] GC(31) ParOldGen: 120345K->147740K(1398272K)
[23.985s][info][gc,metaspace   ] GC(31) Metaspace: 165607K(178748K)->165607K(178748K) NonClass: 145145K(151984K)->145145K(151984K) Class: 20461K(26764K)->20461K(26764K)
[23.985s][info][gc             ] GC(31) Pause Young (Allocation Failure) 707M->177M(1958M) 9.451ms
[23.985s][info][gc,cpu         ] GC(31) User=0.02s Sys=0.00s Real=0.01s
[24.823s][info][gc,start       ] GC(32) Pause Young (Allocation Failure)
[24.829s][info][gc,heap        ] GC(32) PSYoungGen: 606529K->6817K(636928K)
[24.829s][info][gc,heap        ] GC(32) ParOldGen: 147740K->181248K(1398272K)
[24.829s][info][gc,metaspace   ] GC(32) Metaspace: 165831K(179004K)->165831K(179004K) NonClass: 145367K(152240K)->145367K(152240K) Class: 20463K(26764K)->20463K(26764K)
[24.829s][info][gc             ] GC(32) Pause Young (Allocation Failure) 736M->183M(1987M) 6.877ms
[24.830s][info][gc,cpu         ] GC(32) User=0.00s Sys=0.00s Real=0.00s
[25.510s][info][gc,start       ] GC(33) Pause Young (System.gc())
[25.514s][info][gc,heap        ] GC(33) PSYoungGen: 378526K->2181K(634880K)
[25.514s][info][gc,heap        ] GC(33) ParOldGen: 181248K->186707K(1398272K)
[25.514s][info][gc,metaspace   ] GC(33) Metaspace: 166405K(179260K)->166405K(179260K) NonClass: 145937K(152496K)->145937K(152496K) Class: 20467K(26764K)->20467K(26764K)
[25.514s][info][gc             ] GC(33) Pause Young (System.gc()) 546M->184M(1985M) 3.334ms
[25.514s][info][gc,cpu         ] GC(33) User=0.00s Sys=0.00s Real=0.00s
[25.514s][info][gc,start       ] GC(34) Pause Full (System.gc())
[25.514s][info][gc,phases,start] GC(34) Marking Phase
[25.563s][info][gc,phases      ] GC(34) Marking Phase 48.871ms
[25.563s][info][gc,phases,start] GC(34) Summary Phase
[25.563s][info][gc,phases      ] GC(34) Summary Phase 0.012ms
[25.563s][info][gc,phases,start] GC(34) Adjust Roots
[25.580s][info][gc,phases      ] GC(34) Adjust Roots 17.157ms
[25.580s][info][gc,phases,start] GC(34) Compaction Phase
[25.634s][info][gc,phases      ] GC(34) Compaction Phase 53.695ms
[25.634s][info][gc,phases,start] GC(34) Post Compact
[25.635s][info][gc,phases      ] GC(34) Post Compact 1.119ms
[25.635s][info][gc,heap        ] GC(34) PSYoungGen: 2181K->0K(634880K)
[25.635s][info][gc,heap        ] GC(34) ParOldGen: 186707K->119911K(1398272K)
[25.635s][info][gc,metaspace   ] GC(34) Metaspace: 166405K(179260K)->166405K(179260K) NonClass: 145937K(152496K)->145937K(152496K) Class: 20467K(26764K)->20467K(26764K)
[25.635s][info][gc             ] GC(34) Pause Full (System.gc()) 184M->117M(1985M) 121.173ms
[25.635s][info][gc,cpu         ] GC(34) User=0.12s Sys=0.00s Real=0.12s
[25.808s][info][gc,start       ] GC(35) Pause Young (Allocation Failure)
[25.810s][info][gc,heap        ] GC(35) PSYoungGen: 572928K->912K(640000K)
[25.810s][info][gc,heap        ] GC(35) ParOldGen: 119911K->119919K(1398272K)
[25.810s][info][gc,metaspace   ] GC(35) Metaspace: 166500K(179516K)->166500K(179516K) NonClass: 146031K(152752K)->146031K(152752K) Class: 20468K(26764K)->20468K(26764K)
[25.810s][info][gc             ] GC(35) Pause Young (Allocation Failure) 676M->117M(1990M) 1.909ms
[25.810s][info][gc,cpu         ] GC(35) User=0.00s Sys=0.00s Real=0.00s
[25.935s][info][gc,start       ] GC(36) Pause Young (Allocation Failure)
[25.941s][info][gc,heap        ] GC(36) PSYoungGen: 580496K->37204K(616960K)
[25.941s][info][gc,heap        ] GC(36) ParOldGen: 119919K->120603K(1398272K)
[25.941s][info][gc,metaspace   ] GC(36) Metaspace: 166524K(179516K)->166524K(179516K) NonClass: 146056K(152752K)->146056K(152752K) Class: 20468K(26764K)->20468K(26764K)
[25.941s][info][gc             ] GC(36) Pause Young (Allocation Failure) 683M->154M(1968M) 6.822ms
[25.941s][info][gc,cpu         ] GC(36) User=0.00s Sys=0.00s Real=0.00s
[26.012s][info][gc,start       ] GC(37) Pause Young (Allocation Failure)
[26.022s][info][gc,heap        ] GC(37) PSYoungGen: 616788K->37951K(630272K)
[26.022s][info][gc,heap        ] GC(37) ParOldGen: 120603K->147623K(1398272K)
[26.022s][info][gc,metaspace   ] GC(37) Metaspace: 166533K(179516K)->166533K(179516K) NonClass: 146065K(152752K)->146065K(152752K) Class: 20468K(26764K)->20468K(26764K)
[26.022s][info][gc             ] GC(37) Pause Young (Allocation Failure) 720M->181M(1981M) 9.799ms
[26.022s][info][gc,cpu         ] GC(37) User=0.02s Sys=0.00s Real=0.00s
[26.885s][info][gc,start       ] GC(38) Pause Young (Allocation Failure)
[26.892s][info][gc,heap        ] GC(38) PSYoungGen: 605759K->6128K(633344K)
[26.892s][info][gc,heap        ] GC(38) ParOldGen: 147623K->182412K(1398272K)
[26.892s][info][gc,metaspace   ] GC(38) Metaspace: 166647K(179516K)->166647K(179516K) NonClass: 146178K(152752K)->146178K(152752K) Class: 20468K(26764K)->20468K(26764K)
[26.892s][info][gc             ] GC(38) Pause Young (Allocation Failure) 735M->184M(1984M) 7.041ms
[26.892s][info][gc,cpu         ] GC(38) User=0.02s Sys=0.00s Real=0.02s
[27.475s][info][gc,start       ] GC(39) Pause Young (System.gc())
[27.479s][info][gc,heap        ] GC(39) PSYoungGen: 344648K->1955K(636928K)
[27.479s][info][gc,heap        ] GC(39) ParOldGen: 182412K->187435K(1398272K)
[27.479s][info][gc,metaspace   ] GC(39) Metaspace: 166900K(179772K)->166900K(179772K) NonClass: 146430K(153008K)->146430K(153008K) Class: 20470K(26764K)->20470K(26764K)
[27.479s][info][gc             ] GC(39) Pause Young (System.gc()) 514M->184M(1987M) 3.258ms
[27.479s][info][gc,cpu         ] GC(39) User=0.00s Sys=0.00s Real=0.00s
[27.479s][info][gc,start       ] GC(40) Pause Full (System.gc())
[27.479s][info][gc,phases,start] GC(40) Marking Phase
[27.529s][info][gc,phases      ] GC(40) Marking Phase 50.726ms
[27.530s][info][gc,phases,start] GC(40) Summary Phase
[27.530s][info][gc,phases      ] GC(40) Summary Phase 0.012ms
[27.530s][info][gc,phases,start] GC(40) Adjust Roots
[27.548s][info][gc,phases      ] GC(40) Adjust Roots 18.094ms
[27.548s][info][gc,phases,start] GC(40) Compaction Phase
[27.598s][info][gc,phases      ] GC(40) Compaction Phase 50.115ms
[27.598s][info][gc,phases,start] GC(40) Post Compact
[27.599s][info][gc,phases      ] GC(40) Post Compact 0.931ms
[27.599s][info][gc,heap        ] GC(40) PSYoungGen: 1955K->0K(636928K)
[27.599s][info][gc,heap        ] GC(40) ParOldGen: 187435K->120212K(1398272K)
[27.599s][info][gc,metaspace   ] GC(40) Metaspace: 166900K(179772K)->166900K(179772K) NonClass: 146430K(153008K)->146430K(153008K) Class: 20470K(26764K)->20470K(26764K)
[27.599s][info][gc             ] GC(40) Pause Full (System.gc()) 184M->117M(1987M) 120.167ms
[27.599s][info][gc,cpu         ] GC(40) User=0.08s Sys=0.00s Real=0.13s
[27.754s][info][gc,start       ] GC(41) Pause Young (Allocation Failure)
[27.756s][info][gc,heap        ] GC(41) PSYoungGen: 572406K->851K(635392K)
[27.756s][info][gc,heap        ] GC(41) ParOldGen: 120212K->120212K(1398272K)
[27.756s][info][gc,metaspace   ] GC(41) Metaspace: 166981K(179772K)->166981K(179772K) NonClass: 146511K(153008K)->146511K(153008K) Class: 20470K(26764K)->20470K(26764K)
[27.756s][info][gc             ] GC(41) Pause Young (Allocation Failure) 676M->118M(1986M) 2.071ms
[27.756s][info][gc,cpu         ] GC(41) User=0.00s Sys=0.00s Real=0.00s
[27.872s][info][gc,start       ] GC(42) Pause Young (Allocation Failure)
[27.878s][info][gc,heap        ] GC(42) PSYoungGen: 574291K->35812K(631808K)
[27.878s][info][gc,heap        ] GC(42) ParOldGen: 120212K->120930K(1398272K)
[27.878s][info][gc,metaspace   ] GC(42) Metaspace: 166998K(179772K)->166998K(179772K) NonClass: 146528K(153008K)->146528K(153008K) Class: 20470K(26764K)->20470K(26764K)
[27.878s][info][gc             ] GC(42) Pause Young (Allocation Failure) 678M->153M(1982M) 6.440ms
[27.878s][info][gc,cpu         ] GC(42) User=0.06s Sys=0.00s Real=0.02s
[27.949s][info][gc,start       ] GC(43) Pause Young (Allocation Failure)
[27.959s][info][gc,heap        ] GC(43) PSYoungGen: 607174K->37339K(609280K)
[27.959s][info][gc,heap        ] GC(43) ParOldGen: 120930K->148301K(1398272K)
[27.959s][info][gc,metaspace   ] GC(43) Metaspace: 166998K(179772K)->166998K(179772K) NonClass: 146528K(153008K)->146528K(153008K) Class: 20470K(26764K)->20470K(26764K)
[27.959s][info][gc             ] GC(43) Pause Young (Allocation Failure) 711M->181M(1960M) 10.061ms
[27.959s][info][gc,cpu         ] GC(43) User=0.03s Sys=0.00s Real=0.02s
[28.773s][info][gc,start       ] GC(44) Pause Young (Allocation Failure)
[28.780s][info][gc,heap        ] GC(44) PSYoungGen: 609243K->7012K(635392K)
[28.780s][info][gc,heap        ] GC(44) ParOldGen: 148301K->181584K(1398272K)
[28.780s][info][gc,metaspace   ] GC(44) Metaspace: 167056K(179772K)->167056K(179772K) NonClass: 146586K(153008K)->146586K(153008K) Class: 20470K(26764K)->20470K(26764K)
[28.780s][info][gc             ] GC(44) Pause Young (Allocation Failure) 739M->184M(1986M) 6.712ms
[28.780s][info][gc,cpu         ] GC(44) User=0.00s Sys=0.00s Real=0.00s
[29.387s][info][gc,start       ] GC(45) Pause Young (System.gc())
[29.390s][info][gc,heap        ] GC(45) PSYoungGen: 360246K->1931K(632832K)
[29.390s][info][gc,heap        ] GC(45) ParOldGen: 181584K->187567K(1398272K)
[29.390s][info][gc,metaspace   ] GC(45) Metaspace: 167251K(180028K)->167251K(180028K) NonClass: 146780K(153264K)->146780K(153264K) Class: 20470K(26764K)->20470K(26764K)
[29.390s][info][gc             ] GC(45) Pause Young (System.gc()) 529M->185M(1983M) 3.045ms
[29.390s][info][gc,cpu         ] GC(45) User=0.00s Sys=0.00s Real=0.00s
[29.390s][info][gc,start       ] GC(46) Pause Full (System.gc())
[29.390s][info][gc,phases,start] GC(46) Marking Phase
[29.445s][info][gc,phases      ] GC(46) Marking Phase 54.391ms
[29.445s][info][gc,phases,start] GC(46) Summary Phase
[29.445s][info][gc,phases      ] GC(46) Summary Phase 0.012ms
[29.445s][info][gc,phases,start] GC(46) Adjust Roots
[29.463s][info][gc,phases      ] GC(46) Adjust Roots 18.627ms
[29.463s][info][gc,phases,start] GC(46) Compaction Phase
[29.513s][info][gc,phases      ] GC(46) Compaction Phase 49.605ms
[29.513s][info][gc,phases,start] GC(46) Post Compact
[29.514s][info][gc,phases      ] GC(46) Post Compact 0.908ms
[29.514s][info][gc,heap        ] GC(46) PSYoungGen: 1931K->0K(632832K)
[29.514s][info][gc,heap        ] GC(46) ParOldGen: 187567K->120656K(1398272K)
[29.514s][info][gc,metaspace   ] GC(46) Metaspace: 167251K(180028K)->167251K(180028K) NonClass: 146780K(153264K)->146780K(153264K) Class: 20470K(26764K)->20470K(26764K)
[29.514s][info][gc             ] GC(46) Pause Full (System.gc()) 185M->117M(1983M) 123.835ms
[29.514s][info][gc,cpu         ] GC(46) User=0.17s Sys=0.00s Real=0.13s
[29.680s][info][gc,start       ] GC(47) Pause Young (Allocation Failure)
[29.682s][info][gc,heap        ] GC(47) PSYoungGen: 569344K->880K(638976K)
[29.682s][info][gc,heap        ] GC(47) ParOldGen: 120656K->120656K(1398272K)
[29.682s][info][gc,metaspace   ] GC(47) Metaspace: 167321K(180028K)->167321K(180028K) NonClass: 146850K(153264K)->146850K(153264K) Class: 20471K(26764K)->20471K(26764K)
[29.682s][info][gc             ] GC(47) Pause Young (Allocation Failure) 673M->118M(1989M) 2.103ms
[29.683s][info][gc,cpu         ] GC(47) User=0.02s Sys=0.00s Real=0.02s
[29.806s][info][gc,start       ] GC(48) Pause Young (Allocation Failure)
[29.812s][info][gc,heap        ] GC(48) PSYoungGen: 577904K->34646K(611840K)
[29.812s][info][gc,heap        ] GC(48) ParOldGen: 120656K->121316K(1398272K)
[29.812s][info][gc,metaspace   ] GC(48) Metaspace: 167345K(180028K)->167345K(180028K) NonClass: 146874K(153264K)->146874K(153264K) Class: 20471K(26764K)->20471K(26764K)
[29.812s][info][gc             ] GC(48) Pause Young (Allocation Failure) 682M->152M(1963M) 6.438ms
[29.812s][info][gc,cpu         ] GC(48) User=0.02s Sys=0.00s Real=0.01s
[29.891s][info][gc,start       ] GC(49) Pause Young (Allocation Failure)
[29.900s][info][gc,heap        ] GC(49) PSYoungGen: 611670K->35262K(631808K)
[29.900s][info][gc,heap        ] GC(49) ParOldGen: 121316K->149697K(1398272K)
[29.900s][info][gc,metaspace   ] GC(49) Metaspace: 167349K(180028K)->167349K(180028K) NonClass: 146878K(153264K)->146878K(153264K) Class: 20471K(26764K)->20471K(26764K)
[29.900s][info][gc             ] GC(49) Pause Young (Allocation Failure) 715M->180M(1982M) 9.657ms
[29.900s][info][gc,cpu         ] GC(49) User=0.08s Sys=0.00s Real=0.01s
[30.739s][info][gc,start       ] GC(50) Pause Young (Allocation Failure)
[30.746s][info][gc,heap        ] GC(50) PSYoungGen: 603852K->5615K(633856K)
[30.746s][info][gc,heap        ] GC(50) ParOldGen: 149697K->183434K(1398272K)
[30.746s][info][gc,metaspace   ] GC(50) Metaspace: 167486K(180284K)->167486K(180284K) NonClass: 147015K(153520K)->147015K(153520K) Class: 20471K(26764K)->20471K(26764K)
[30.746s][info][gc             ] GC(50) Pause Young (Allocation Failure) 735M->184M(1984M) 6.985ms
[30.746s][info][gc,cpu         ] GC(50) User=0.00s Sys=0.00s Real=0.00s
[31.298s][info][gc,start       ] GC(51) Pause Young (System.gc())
[31.301s][info][gc,heap        ] GC(51) PSYoungGen: 339209K->1946K(637952K)
[31.301s][info][gc,heap        ] GC(51) ParOldGen: 183434K->187861K(1398272K)
[31.301s][info][gc,metaspace   ] GC(51) Metaspace: 167610K(180284K)->167610K(180284K) NonClass: 147139K(153520K)->147139K(153520K) Class: 20471K(26764K)->20471K(26764K)
[31.301s][info][gc             ] GC(51) Pause Young (System.gc()) 510M->185M(1988M) 3.060ms
[31.301s][info][gc,cpu         ] GC(51) User=0.00s Sys=0.00s Real=0.00s
[31.302s][info][gc,start       ] GC(52) Pause Full (System.gc())
[31.302s][info][gc,phases,start] GC(52) Marking Phase
[31.358s][info][gc,phases      ] GC(52) Marking Phase 56.587ms
[31.358s][info][gc,phases,start] GC(52) Summary Phase
[31.358s][info][gc,phases      ] GC(52) Summary Phase 0.012ms
[31.358s][info][gc,phases,start] GC(52) Adjust Roots
[31.376s][info][gc,phases      ] GC(52) Adjust Roots 18.237ms
[31.377s][info][gc,phases,start] GC(52) Compaction Phase
[31.426s][info][gc,phases      ] GC(52) Compaction Phase 49.743ms
[31.426s][info][gc,phases,start] GC(52) Post Compact
[31.427s][info][gc,phases      ] GC(52) Post Compact 0.935ms
[31.427s][info][gc,heap        ] GC(52) PSYoungGen: 1946K->0K(637952K)
[31.427s][info][gc,heap        ] GC(52) ParOldGen: 187861K->120834K(1398272K)
[31.427s][info][gc,metaspace   ] GC(52) Metaspace: 167610K(180284K)->167610K(180284K) NonClass: 147139K(153520K)->147139K(153520K) Class: 20471K(26764K)->20471K(26764K)
[31.427s][info][gc             ] GC(52) Pause Full (System.gc()) 185M->118M(1988M) 125.823ms
[31.427s][info][gc,cpu         ] GC(52) User=0.09s Sys=0.00s Real=0.13s
[31.590s][info][gc,start       ] GC(53) Pause Young (Allocation Failure)
[31.592s][info][gc,heap        ] GC(53) PSYoungGen: 573270K->906K(636416K)
[31.592s][info][gc,heap        ] GC(53) ParOldGen: 120834K->120842K(1398272K)
[31.592s][info][gc,metaspace   ] GC(53) Metaspace: 167655K(180284K)->167655K(180284K) NonClass: 147184K(153520K)->147184K(153520K) Class: 20471K(26764K)->20471K(26764K)
[31.592s][info][gc             ] GC(53) Pause Young (Allocation Failure) 677M->118M(1987M) 1.684ms
[31.592s][info][gc,cpu         ] GC(53) User=0.00s Sys=0.00s Real=0.00s
[31.705s][info][gc,start       ] GC(54) Pause Young (Allocation Failure)
[31.711s][info][gc,heap        ] GC(54) PSYoungGen: 576394K->36705K(632832K)
[31.711s][info][gc,heap        ] GC(54) ParOldGen: 120842K->121568K(1398272K)
[31.712s][info][gc,metaspace   ] GC(54) Metaspace: 167658K(180284K)->167658K(180284K) NonClass: 147187K(153520K)->147187K(153520K) Class: 20471K(26764K)->20471K(26764K)
[31.712s][info][gc             ] GC(54) Pause Young (Allocation Failure) 680M->154M(1983M) 6.617ms
[31.712s][info][gc,cpu         ] GC(54) User=0.02s Sys=0.00s Real=0.01s
[31.784s][info][gc,start       ] GC(55) Pause Young (Allocation Failure)
[31.794s][info][gc,heap        ] GC(55) PSYoungGen: 610245K->36470K(610816K)
[31.794s][info][gc,heap        ] GC(55) ParOldGen: 121568K->148742K(1398272K)
[31.794s][info][gc,metaspace   ] GC(55) Metaspace: 167658K(180284K)->167658K(180284K) NonClass: 147187K(153520K)->147187K(153520K) Class: 20471K(26764K)->20471K(26764K)
[31.794s][info][gc             ] GC(55) Pause Young (Allocation Failure) 714M->180M(1962M) 9.834ms
[31.794s][info][gc,cpu         ] GC(55) User=0.05s Sys=0.00s Real=0.02s
[32.594s][info][gc,start       ] GC(56) Pause Young (Allocation Failure)
[32.601s][info][gc,heap        ] GC(56) PSYoungGen: 610422K->6243K(635904K)
[32.601s][info][gc,heap        ] GC(56) ParOldGen: 148742K->183058K(1398272K)
[32.601s][info][gc,metaspace   ] GC(56) Metaspace: 167730K(180284K)->167730K(180284K) NonClass: 147259K(153520K)->147259K(153520K) Class: 20471K(26764K)->20471K(26764K)
[32.601s][info][gc             ] GC(56) Pause Young (Allocation Failure) 741M->184M(1986M) 7.423ms
[32.601s][info][gc,cpu         ] GC(56) User=0.02s Sys=0.00s Real=0.01s
[33.165s][info][gc,start       ] GC(57) Pause Young (System.gc())
[33.169s][info][gc,heap        ] GC(57) PSYoungGen: 343750K->1946K(633344K)
[33.169s][info][gc,heap        ] GC(57) ParOldGen: 183058K->187996K(1398272K)
[33.169s][info][gc,metaspace   ] GC(57) Metaspace: 167897K(180540K)->167897K(180540K) NonClass: 147426K(153776K)->147426K(153776K) Class: 20471K(26764K)->20471K(26764K)
[33.169s][info][gc             ] GC(57) Pause Young (System.gc()) 514M->185M(1984M) 4.046ms
[33.169s][info][gc,cpu         ] GC(57) User=0.08s Sys=0.00s Real=0.02s
[33.169s][info][gc,start       ] GC(58) Pause Full (System.gc())
[33.169s][info][gc,phases,start] GC(58) Marking Phase
[33.221s][info][gc,phases      ] GC(58) Marking Phase 51.599ms
[33.221s][info][gc,phases,start] GC(58) Summary Phase
[33.221s][info][gc,phases      ] GC(58) Summary Phase 0.011ms
[33.221s][info][gc,phases,start] GC(58) Adjust Roots
[33.239s][info][gc,phases      ] GC(58) Adjust Roots 18.092ms
[33.239s][info][gc,phases,start] GC(58) Compaction Phase
[33.292s][info][gc,phases      ] GC(58) Compaction Phase 53.184ms
[33.292s][info][gc,phases,start] GC(58) Post Compact
[33.293s][info][gc,phases      ] GC(58) Post Compact 0.975ms
[33.293s][info][gc,heap        ] GC(58) PSYoungGen: 1946K->0K(633344K)
[33.293s][info][gc,heap        ] GC(58) ParOldGen: 187996K->121219K(1398272K)
[33.293s][info][gc,metaspace   ] GC(58) Metaspace: 167897K(180540K)->167897K(180540K) NonClass: 147426K(153776K)->147426K(153776K) Class: 20471K(26764K)->20471K(26764K)
[33.293s][info][gc             ] GC(58) Pause Full (System.gc()) 185M->118M(1984M) 124.183ms
[33.293s][info][gc,cpu         ] GC(58) User=0.12s Sys=0.00s Real=0.12s
[33.454s][info][gc,start       ] GC(59) Pause Young (Allocation Failure)
[33.456s][info][gc,heap        ] GC(59) PSYoungGen: 569952K->816K(640000K)
[33.456s][info][gc,heap        ] GC(59) ParOldGen: 121219K->121227K(1398272K)
[33.456s][info][gc,metaspace   ] GC(59) Metaspace: 167917K(180540K)->167917K(180540K) NonClass: 147446K(153776K)->147446K(153776K) Class: 20471K(26764K)->20471K(26764K)
[33.456s][info][gc             ] GC(59) Pause Young (Allocation Failure) 674M->119M(1990M) 2.015ms
[33.456s][info][gc,cpu         ] GC(59) User=0.00s Sys=0.00s Real=0.00s
[33.575s][info][gc,start       ] GC(60) Pause Young (Allocation Failure)
[33.582s][info][gc,heap        ] GC(60) PSYoungGen: 579888K->35906K(615424K)
[33.582s][info][gc,heap        ] GC(60) ParOldGen: 121227K->121879K(1398272K)
[33.582s][info][gc,metaspace   ] GC(60) Metaspace: 167930K(180540K)->167930K(180540K) NonClass: 147459K(153776K)->147459K(153776K) Class: 20471K(26764K)->20471K(26764K)
[33.582s][info][gc             ] GC(60) Pause Young (Allocation Failure) 684M->154M(1966M) 6.406ms
[33.582s][info][gc,cpu         ] GC(60) User=0.00s Sys=0.00s Real=0.00s
[33.662s][info][gc,start       ] GC(61) Pause Young (Allocation Failure)
[33.673s][info][gc,heap        ] GC(61) PSYoungGen: 614978K->37495K(630272K)
[33.673s][info][gc,heap        ] GC(61) ParOldGen: 121879K->149315K(1398272K)
[33.673s][info][gc,metaspace   ] GC(61) Metaspace: 167931K(180540K)->167931K(180540K) NonClass: 147460K(153776K)->147460K(153776K) Class: 20471K(26764K)->20471K(26764K)
[33.673s][info][gc             ] GC(61) Pause Young (Allocation Failure) 719M->182M(1981M) 10.595ms
[33.673s][info][gc,cpu         ] GC(61) User=0.03s Sys=0.00s Real=0.02s
[34.487s][info][gc,start       ] GC(62) Pause Young (Allocation Failure)
[34.494s][info][gc,heap        ] GC(62) PSYoungGen: 604588K->6028K(633344K)
[34.494s][info][gc,heap        ] GC(62) ParOldGen: 149315K->183416K(1398272K)
[34.494s][info][gc,metaspace   ] GC(62) Metaspace: 167991K(180540K)->167991K(180540K) NonClass: 147520K(153776K)->147520K(153776K) Class: 20471K(26764K)->20471K(26764K)
[34.494s][info][gc             ] GC(62) Pause Young (Allocation Failure) 736M->185M(1984M) 6.841ms
[34.494s][info][gc,cpu         ] GC(62) User=0.00s Sys=0.00s Real=0.00s
[35.040s][info][gc,start       ] GC(63) Pause Young (System.gc())
[35.043s][info][gc,heap        ] GC(63) PSYoungGen: 342292K->1946K(637440K)
[35.043s][info][gc,heap        ] GC(63) ParOldGen: 183416K->188291K(1398272K)
[35.043s][info][gc,metaspace   ] GC(63) Metaspace: 168105K(180796K)->168105K(180796K) NonClass: 147633K(154032K)->147633K(154032K) Class: 20472K(26764K)->20472K(26764K)
[35.043s][info][gc             ] GC(63) Pause Young (System.gc()) 513M->185M(1988M) 3.553ms
[35.043s][info][gc,cpu         ] GC(63) User=0.00s Sys=0.00s Real=0.00s
[35.043s][info][gc,start       ] GC(64) Pause Full (System.gc())
[35.044s][info][gc,phases,start] GC(64) Marking Phase
[35.093s][info][gc,phases      ] GC(64) Marking Phase 49.923ms
[35.093s][info][gc,phases,start] GC(64) Summary Phase
[35.093s][info][gc,phases      ] GC(64) Summary Phase 0.011ms
[35.094s][info][gc,phases,start] GC(64) Adjust Roots
[35.111s][info][gc,phases      ] GC(64) Adjust Roots 17.576ms
[35.111s][info][gc,phases,start] GC(64) Compaction Phase
[35.160s][info][gc,phases      ] GC(64) Compaction Phase 49.043ms
[35.160s][info][gc,phases,start] GC(64) Post Compact
[35.161s][info][gc,phases      ] GC(64) Post Compact 1.139ms
[35.161s][info][gc,heap        ] GC(64) PSYoungGen: 1946K->0K(637440K)
[35.161s][info][gc,heap        ] GC(64) ParOldGen: 188291K->121475K(1398272K)
[35.161s][info][gc,metaspace   ] GC(64) Metaspace: 168105K(180796K)->168105K(180796K) NonClass: 147633K(154032K)->147633K(154032K) Class: 20472K(26764K)->20472K(26764K)
[35.162s][info][gc             ] GC(64) Pause Full (System.gc()) 185M->118M(1988M) 118.012ms
[35.162s][info][gc,cpu         ] GC(64) User=0.14s Sys=0.00s Real=0.12s
[35.296s][info][gc,start       ] GC(65) Pause Young (Allocation Failure)
[35.298s][info][gc,heap        ] GC(65) PSYoungGen: 573637K->883K(635904K)
[35.298s][info][gc,heap        ] GC(65) ParOldGen: 121475K->121475K(1398272K)
[35.298s][info][gc,metaspace   ] GC(65) Metaspace: 168137K(180796K)->168137K(180796K) NonClass: 147664K(154032K)->147664K(154032K) Class: 20472K(26764K)->20472K(26764K)
[35.298s][info][gc             ] GC(65) Pause Young (Allocation Failure) 678M->119M(1986M) 2.103ms
[35.298s][info][gc,cpu         ] GC(65) User=0.00s Sys=0.00s Real=0.00s
[35.414s][info][gc,start       ] GC(66) Pause Young (Allocation Failure)
[35.421s][info][gc,heap        ] GC(66) PSYoungGen: 575347K->38664K(630272K)
[35.421s][info][gc,heap        ] GC(66) ParOldGen: 121475K->122209K(1398272K)
[35.421s][info][gc,metaspace   ] GC(66) Metaspace: 168144K(180796K)->168144K(180796K) NonClass: 147672K(154032K)->147672K(154032K) Class: 20472K(26764K)->20472K(26764K)
[35.421s][info][gc             ] GC(66) Pause Young (Allocation Failure) 680M->157M(1981M) 7.298ms
[35.421s][info][gc,cpu         ] GC(66) User=0.02s Sys=0.00s Real=0.00s
[35.490s][info][gc,start       ] GC(67) Pause Young (Allocation Failure)
[35.501s][info][gc,heap        ] GC(67) PSYoungGen: 609544K->38399K(609280K)
[35.501s][info][gc,heap        ] GC(67) ParOldGen: 122209K->148631K(1398272K)
[35.501s][info][gc,metaspace   ] GC(67) Metaspace: 168146K(180796K)->168146K(180796K) NonClass: 147673K(154032K)->147673K(154032K) Class: 20472K(26764K)->20472K(26764K)
[35.501s][info][gc             ] GC(67) Pause Young (Allocation Failure) 714M->182M(1960M) 10.530ms
[35.501s][info][gc,cpu         ] GC(67) User=0.00s Sys=0.00s Real=0.00s
[36.295s][info][gc,start       ] GC(68) Pause Young (Allocation Failure)
[36.302s][info][gc,heap        ] GC(68) PSYoungGen: 609279K->6034K(634368K)
[36.302s][info][gc,heap        ] GC(68) ParOldGen: 148631K->184131K(1398272K)
[36.302s][info][gc,metaspace   ] GC(68) Metaspace: 168244K(180796K)->168244K(180796K) NonClass: 147771K(154032K)->147771K(154032K) Class: 20472K(26764K)->20472K(26764K)
[36.302s][info][gc             ] GC(68) Pause Young (Allocation Failure) 740M->185M(1985M) 7.029ms
[36.302s][info][gc,cpu         ] GC(68) User=0.00s Sys=0.00s Real=0.00s
[36.893s][info][gc,start       ] GC(69) Pause Young (System.gc())
[36.896s][info][gc,heap        ] GC(69) PSYoungGen: 342859K->1891K(631808K)
[36.896s][info][gc,heap        ] GC(69) ParOldGen: 184131K->188889K(1398272K)
[36.896s][info][gc,metaspace   ] GC(69) Metaspace: 168344K(180796K)->168344K(180796K) NonClass: 147871K(154032K)->147871K(154032K) Class: 20472K(26764K)->20472K(26764K)
[36.896s][info][gc             ] GC(69) Pause Young (System.gc()) 514M->186M(1982M) 3.200ms
[36.896s][info][gc,cpu         ] GC(69) User=0.00s Sys=0.00s Real=0.00s
[36.896s][info][gc,start       ] GC(70) Pause Full (System.gc())
[36.896s][info][gc,phases,start] GC(70) Marking Phase
[36.947s][info][gc,phases      ] GC(70) Marking Phase 51.050ms
[36.948s][info][gc,phases,start] GC(70) Summary Phase
[36.948s][info][gc,phases      ] GC(70) Summary Phase 0.011ms
[36.948s][info][gc,phases,start] GC(70) Adjust Roots
[36.966s][info][gc,phases      ] GC(70) Adjust Roots 18.473ms
[36.966s][info][gc,phases,start] GC(70) Compaction Phase
[37.015s][info][gc,phases      ] GC(70) Compaction Phase 48.723ms
[37.015s][info][gc,phases,start] GC(70) Post Compact
[37.016s][info][gc,phases      ] GC(70) Post Compact 1.040ms
[37.016s][info][gc,heap        ] GC(70) PSYoungGen: 1891K->0K(631808K)
[37.016s][info][gc,heap        ] GC(70) ParOldGen: 188889K->121951K(1398272K)
[37.016s][info][gc,metaspace   ] GC(70) Metaspace: 168344K(180796K)->168344K(180796K) NonClass: 147871K(154032K)->147871K(154032K) Class: 20472K(26764K)->20472K(26764K)
[37.016s][info][gc             ] GC(70) Pause Full (System.gc()) 186M->119M(1982M) 119.596ms
[37.016s][info][gc,cpu         ] GC(70) User=0.11s Sys=0.00s Real=0.13s
[37.176s][info][gc,start       ] GC(71) Pause Young (Allocation Failure)
[37.178s][info][gc,heap        ] GC(71) PSYoungGen: 567296K->880K(638464K)
[37.178s][info][gc,heap        ] GC(71) ParOldGen: 121951K->121951K(1398272K)
[37.178s][info][gc,metaspace   ] GC(71) Metaspace: 168414K(181052K)->168414K(181052K) NonClass: 147941K(154288K)->147941K(154288K) Class: 20472K(26764K)->20472K(26764K)
[37.178s][info][gc             ] GC(71) Pause Young (Allocation Failure) 673M->119M(1989M) 2.293ms
[37.178s][info][gc,cpu         ] GC(71) User=0.02s Sys=0.00s Real=0.00s
[37.293s][info][gc,start       ] GC(72) Pause Young (Allocation Failure)
[37.300s][info][gc,heap        ] GC(72) PSYoungGen: 576880K->39497K(615936K)
[37.300s][info][gc,heap        ] GC(72) ParOldGen: 121951K->122603K(1398272K)
[37.300s][info][gc,metaspace   ] GC(72) Metaspace: 168426K(181052K)->168426K(181052K) NonClass: 147954K(154288K)->147954K(154288K) Class: 20472K(26764K)->20472K(26764K)
[37.300s][info][gc             ] GC(72) Pause Young (Allocation Failure) 682M->158M(1967M) 7.089ms
[37.300s][info][gc,cpu         ] GC(72) User=0.02s Sys=0.00s Real=0.02s
[37.384s][info][gc,start       ] GC(73) Pause Young (Allocation Failure)
[37.395s][info][gc,heap        ] GC(73) PSYoungGen: 615497K->37195K(627712K)
[37.395s][info][gc,heap        ] GC(73) ParOldGen: 122603K->147662K(1398272K)
[37.395s][info][gc,metaspace   ] GC(73) Metaspace: 168426K(181052K)->168426K(181052K) NonClass: 147954K(154288K)->147954K(154288K) Class: 20472K(26764K)->20472K(26764K)
[37.395s][info][gc             ] GC(73) Pause Young (Allocation Failure) 720M->180M(1978M) 10.245ms
[37.395s][info][gc,cpu         ] GC(73) User=0.02s Sys=0.00s Real=0.02s
[38.184s][info][gc,start       ] GC(74) Pause Young (Allocation Failure)
[38.191s][info][gc,heap        ] GC(74) PSYoungGen: 599689K->6334K(630784K)
[38.191s][info][gc,heap        ] GC(74) ParOldGen: 147662K->184431K(1398272K)
[38.191s][info][gc,metaspace   ] GC(74) Metaspace: 168458K(181052K)->168458K(181052K) NonClass: 147985K(154288K)->147985K(154288K) Class: 20472K(26764K)->20472K(26764K)
[38.191s][info][gc             ] GC(74) Pause Young (Allocation Failure) 729M->186M(1981M) 7.760ms
[38.191s][info][gc,cpu         ] GC(74) User=0.02s Sys=0.00s Real=0.02s
[38.766s][info][gc,start       ] GC(75) Pause Young (System.gc())
[38.769s][info][gc,heap        ] GC(75) PSYoungGen: 357662K->1996K(635904K)
[38.769s][info][gc,heap        ] GC(75) ParOldGen: 184431K->188774K(1398272K)
[38.769s][info][gc,metaspace   ] GC(75) Metaspace: 168546K(181052K)->168546K(181052K) NonClass: 148072K(154288K)->148072K(154288K) Class: 20474K(26764K)->20474K(26764K)
[38.769s][info][gc             ] GC(75) Pause Young (System.gc()) 529M->186M(1986M) 3.537ms
[38.769s][info][gc,cpu         ] GC(75) User=0.00s Sys=0.00s Real=0.00s
[38.769s][info][gc,start       ] GC(76) Pause Full (System.gc())
[38.769s][info][gc,phases,start] GC(76) Marking Phase
[38.823s][info][gc,phases      ] GC(76) Marking Phase 53.957ms
[38.823s][info][gc,phases,start] GC(76) Summary Phase
[38.823s][info][gc,phases      ] GC(76) Summary Phase 0.013ms
[38.823s][info][gc,phases,start] GC(76) Adjust Roots
[38.841s][info][gc,phases      ] GC(76) Adjust Roots 17.162ms
[38.841s][info][gc,phases,start] GC(76) Compaction Phase
[38.870s][info][gc,phases      ] GC(76) Compaction Phase 29.744ms
[38.870s][info][gc,phases,start] GC(76) Post Compact
[38.871s][info][gc,phases      ] GC(76) Post Compact 0.983ms
[38.872s][info][gc,heap        ] GC(76) PSYoungGen: 1996K->0K(635904K)
[38.872s][info][gc,heap        ] GC(76) ParOldGen: 188774K->122386K(1398272K)
[38.872s][info][gc,metaspace   ] GC(76) Metaspace: 168546K(181052K)->168546K(181052K) NonClass: 148072K(154288K)->148072K(154288K) Class: 20474K(26764K)->20474K(26764K)
[38.872s][info][gc             ] GC(76) Pause Full (System.gc()) 186M->119M(1986M) 102.176ms
[38.872s][info][gc,cpu         ] GC(76) User=0.08s Sys=0.02s Real=0.11s
[39.017s][info][gc,start       ] GC(77) Pause Young (Allocation Failure)
[39.019s][info][gc,heap        ] GC(77) PSYoungGen: 570880K->825K(633856K)
[39.019s][info][gc,heap        ] GC(77) ParOldGen: 122386K->122394K(1398272K)
[39.019s][info][gc,metaspace   ] GC(77) Metaspace: 168597K(181052K)->168597K(181052K) NonClass: 148123K(154288K)->148123K(154288K) Class: 20474K(26764K)->20474K(26764K)
[39.019s][info][gc             ] GC(77) Pause Young (Allocation Failure) 677M->120M(1984M) 1.977ms
[39.019s][info][gc,cpu         ] GC(77) User=0.00s Sys=0.00s Real=0.00s
[39.131s][info][gc,start       ] GC(78) Pause Young (Allocation Failure)
[39.138s][info][gc,heap        ] GC(78) PSYoungGen: 571705K->36644K(630784K)
[39.138s][info][gc,heap        ] GC(78) ParOldGen: 122394K->123046K(1398272K)
[39.138s][info][gc,metaspace   ] GC(78) Metaspace: 168608K(181052K)->168608K(181052K) NonClass: 148134K(154288K)->148134K(154288K) Class: 20474K(26764K)->20474K(26764K)
[39.138s][info][gc             ] GC(78) Pause Young (Allocation Failure) 677M->155M(1981M) 7.033ms
[39.138s][info][gc,cpu         ] GC(78) User=0.00s Sys=0.00s Real=0.00s
[39.207s][info][gc,start       ] GC(79) Pause Young (Allocation Failure)
[39.217s][info][gc,heap        ] GC(79) PSYoungGen: 606500K->38865K(608768K)
[39.217s][info][gc,heap        ] GC(79) ParOldGen: 123046K->149507K(1398272K)
[39.217s][info][gc,metaspace   ] GC(79) Metaspace: 168608K(181052K)->168608K(181052K) NonClass: 148134K(154288K)->148134K(154288K) Class: 20474K(26764K)->20474K(26764K)
[39.217s][info][gc             ] GC(79) Pause Young (Allocation Failure) 712M->183M(1960M) 10.516ms
[39.217s][info][gc,cpu         ] GC(79) User=0.02s Sys=0.00s Real=0.02s
[39.983s][info][gc,start       ] GC(80) Pause Young (Allocation Failure)
[39.990s][info][gc,heap        ] GC(80) PSYoungGen: 608721K->8221K(633856K)
[39.990s][info][gc,heap        ] GC(80) ParOldGen: 149507K->183393K(1398272K)
[39.990s][info][gc,metaspace   ] GC(80) Metaspace: 168612K(181052K)->168612K(181052K) NonClass: 148137K(154288K)->148137K(154288K) Class: 20474K(26764K)->20474K(26764K)
[39.990s][info][gc             ] GC(80) Pause Young (Allocation Failure) 740M->187M(1984M) 7.436ms
[39.990s][info][gc,cpu         ] GC(80) User=0.00s Sys=0.00s Real=0.00s
[40.542s][info][gc,start       ] GC(81) Pause Young (System.gc())
[40.545s][info][gc,heap        ] GC(81) PSYoungGen: 359233K->1973K(630784K)
[40.545s][info][gc,heap        ] GC(81) ParOldGen: 183393K->189641K(1398272K)
[40.545s][info][gc,metaspace   ] GC(81) Metaspace: 168725K(181308K)->168725K(181308K) NonClass: 148251K(154544K)->148251K(154544K) Class: 20474K(26764K)->20474K(26764K)
[40.545s][info][gc             ] GC(81) Pause Young (System.gc()) 529M->187M(1981M) 3.399ms
[40.545s][info][gc,cpu         ] GC(81) User=0.00s Sys=0.00s Real=0.02s
[40.545s][info][gc,start       ] GC(82) Pause Full (System.gc())
[40.545s][info][gc,phases,start] GC(82) Marking Phase
[40.597s][info][gc,phases      ] GC(82) Marking Phase 51.863ms
[40.597s][info][gc,phases,start] GC(82) Summary Phase
[40.597s][info][gc,phases      ] GC(82) Summary Phase 0.012ms
[40.597s][info][gc,phases,start] GC(82) Adjust Roots
[40.617s][info][gc,phases      ] GC(82) Adjust Roots 19.585ms
[40.617s][info][gc,phases,start] GC(82) Compaction Phase
[40.654s][info][gc,phases      ] GC(82) Compaction Phase 37.619ms
[40.654s][info][gc,phases,start] GC(82) Post Compact
[40.655s][info][gc,phases      ] GC(82) Post Compact 0.951ms
[40.655s][info][gc,heap        ] GC(82) PSYoungGen: 1973K->0K(630784K)
[40.655s][info][gc,heap        ] GC(82) ParOldGen: 189641K->122735K(1398272K)
[40.655s][info][gc,metaspace   ] GC(82) Metaspace: 168725K(181308K)->168725K(181308K) NonClass: 148251K(154544K)->148251K(154544K) Class: 20474K(26764K)->20474K(26764K)
[40.655s][info][gc             ] GC(82) Pause Full (System.gc()) 187M->119M(1981M) 110.330ms
[40.655s][info][gc,cpu         ] GC(82) User=0.09s Sys=0.00s Real=0.11s
[40.806s][info][gc,start       ] GC(83) Pause Young (Allocation Failure)
[40.808s][info][gc,heap        ] GC(83) PSYoungGen: 565760K->1008K(637952K)
[40.808s][info][gc,heap        ] GC(83) ParOldGen: 122735K->122735K(1398272K)
[40.808s][info][gc,metaspace   ] GC(83) Metaspace: 168765K(181308K)->168765K(181308K) NonClass: 148291K(154544K)->148291K(154544K) Class: 20474K(26764K)->20474K(26764K)
[40.808s][info][gc             ] GC(83) Pause Young (Allocation Failure) 672M->120M(1988M) 2.356ms
[40.808s][info][gc,cpu         ] GC(83) User=0.00s Sys=0.00s Real=0.00s
[40.934s][info][gc,start       ] GC(84) Pause Young (Allocation Failure)
[40.940s][info][gc,heap        ] GC(84) PSYoungGen: 575984K->32935K(635904K)
[40.940s][info][gc,heap        ] GC(84) ParOldGen: 122735K->123377K(1398272K)
[40.940s][info][gc,metaspace   ] GC(84) Metaspace: 168790K(181308K)->168790K(181308K) NonClass: 148314K(154544K)->148314K(154544K) Class: 20475K(26764K)->20475K(26764K)
[40.940s][info][gc             ] GC(84) Pause Young (Allocation Failure) 682M->152M(1986M) 6.450ms
[40.940s][info][gc,cpu         ] GC(84) User=0.02s Sys=0.00s Real=0.01s
[41.011s][info][gc,start       ] GC(85) Pause Young (Allocation Failure)
[41.021s][info][gc,heap        ] GC(85) PSYoungGen: 607911K->33826K(631808K)
[41.021s][info][gc,heap        ] GC(85) ParOldGen: 123377K->152950K(1398272K)
[41.021s][info][gc,metaspace   ] GC(85) Metaspace: 168790K(181308K)->168790K(181308K) NonClass: 148314K(154544K)->148314K(154544K) Class: 20475K(26764K)->20475K(26764K)
[41.021s][info][gc             ] GC(85) Pause Young (Allocation Failure) 714M->182M(1982M) 9.920ms
[41.021s][info][gc,cpu         ] GC(85) User=0.03s Sys=0.00s Real=0.02s
[41.795s][info][gc,start       ] GC(86) Pause Young (Allocation Failure)
[41.801s][info][gc,heap        ] GC(86) PSYoungGen: 602658K->6345K(633856K)
[41.802s][info][gc,heap        ] GC(86) ParOldGen: 152950K->185242K(1398272K)
[41.802s][info][gc,metaspace   ] GC(86) Metaspace: 168945K(181308K)->168945K(181308K) NonClass: 148470K(154544K)->148470K(154544K) Class: 20475K(26764K)->20475K(26764K)
[41.802s][info][gc             ] GC(86) Pause Young (Allocation Failure) 737M->187M(1984M) 6.969ms
[41.802s][info][gc,cpu         ] GC(86) User=0.06s Sys=0.00s Real=0.02s
[42.382s][info][gc,start       ] GC(87) Pause Young (System.gc())
[42.385s][info][gc,heap        ] GC(87) PSYoungGen: 355100K->1996K(638464K)
[42.385s][info][gc,heap        ] GC(87) ParOldGen: 185242K->190034K(1398272K)
[42.385s][info][gc,metaspace   ] GC(87) Metaspace: 169026K(181564K)->169026K(181564K) NonClass: 148551K(154800K)->148551K(154800K) Class: 20475K(26764K)->20475K(26764K)
[42.385s][info][gc             ] GC(87) Pause Young (System.gc()) 527M->187M(1989M) 2.928ms
[42.385s][info][gc,cpu         ] GC(87) User=0.00s Sys=0.00s Real=0.00s
[42.385s][info][gc,start       ] GC(88) Pause Full (System.gc())
[42.385s][info][gc,phases,start] GC(88) Marking Phase
[42.436s][info][gc,phases      ] GC(88) Marking Phase 51.150ms
[42.436s][info][gc,phases,start] GC(88) Summary Phase
[42.436s][info][gc,phases      ] GC(88) Summary Phase 0.011ms
[42.436s][info][gc,phases,start] GC(88) Adjust Roots
[42.455s][info][gc,phases      ] GC(88) Adjust Roots 18.882ms
[42.455s][info][gc,phases,start] GC(88) Compaction Phase
[42.494s][info][gc,phases      ] GC(88) Compaction Phase 39.375ms
[42.494s][info][gc,phases,start] GC(88) Post Compact
[42.495s][info][gc,phases      ] GC(88) Post Compact 0.982ms
[42.495s][info][gc,heap        ] GC(88) PSYoungGen: 1996K->0K(638464K)
[42.496s][info][gc,heap        ] GC(88) ParOldGen: 190034K->123083K(1398272K)
[42.496s][info][gc,metaspace   ] GC(88) Metaspace: 169026K(181564K)->169026K(181564K) NonClass: 148551K(154800K)->148551K(154800K) Class: 20475K(26764K)->20475K(26764K)
[42.496s][info][gc             ] GC(88) Pause Full (System.gc()) 187M->120M(1989M) 110.696ms
[42.496s][info][gc,cpu         ] GC(88) User=0.16s Sys=0.00s Real=0.11s
[42.629s][info][gc,start       ] GC(89) Pause Young (Allocation Failure)
[42.631s][info][gc,heap        ] GC(89) PSYoungGen: 575564K->1043K(636416K)
[42.631s][info][gc,heap        ] GC(89) ParOldGen: 123083K->123083K(1398272K)
[42.631s][info][gc,metaspace   ] GC(89) Metaspace: 169156K(181564K)->169156K(181564K) NonClass: 148658K(154800K)->148658K(154800K) Class: 20497K(26764K)->20497K(26764K)
[42.631s][info][gc             ] GC(89) Pause Young (Allocation Failure) 682M->121M(1987M) 2.174ms
[42.631s][info][gc,cpu         ] GC(89) User=0.00s Sys=0.00s Real=0.00s
[42.741s][info][gc,start       ] GC(90) Pause Young (Allocation Failure)
[42.747s][info][gc,heap        ] GC(90) PSYoungGen: 577043K->34579K(634368K)
[42.747s][info][gc,heap        ] GC(90) ParOldGen: 123083K->123895K(1398272K)
[42.747s][info][gc,metaspace   ] GC(90) Metaspace: 169165K(181564K)->169165K(181564K) NonClass: 148668K(154800K)->148668K(154800K) Class: 20497K(26764K)->20497K(26764K)
[42.747s][info][gc             ] GC(90) Pause Young (Allocation Failure) 683M->154M(1985M) 6.524ms
[42.747s][info][gc,cpu         ] GC(90) User=0.02s Sys=0.00s Real=0.02s
[42.826s][info][gc,start       ] GC(91) Pause Young (Allocation Failure)
[42.836s][info][gc,heap        ] GC(91) PSYoungGen: 610579K->36728K(612864K)
[42.836s][info][gc,heap        ] GC(91) ParOldGen: 123895K->152231K(1398272K)
[42.836s][info][gc,metaspace   ] GC(91) Metaspace: 169165K(181564K)->169165K(181564K) NonClass: 148668K(154800K)->148668K(154800K) Class: 20497K(26764K)->20497K(26764K)
[42.836s][info][gc             ] GC(91) Pause Young (Allocation Failure) 717M->184M(1964M) 10.283ms
[42.836s][info][gc,cpu         ] GC(91) User=0.02s Sys=0.00s Real=0.02s
[43.654s][info][gc,start       ] GC(92) Pause Young (Allocation Failure)
[43.661s][info][gc,heap        ] GC(92) PSYoungGen: 612728K->6504K(636928K)
[43.661s][info][gc,heap        ] GC(92) ParOldGen: 152231K->185106K(1398272K)
[43.661s][info][gc,metaspace   ] GC(92) Metaspace: 169180K(181564K)->169180K(181564K) NonClass: 148681K(154800K)->148681K(154800K) Class: 20498K(26764K)->20498K(26764K)
[43.661s][info][gc             ] GC(92) Pause Young (Allocation Failure) 747M->187M(1987M) 6.953ms
[43.661s][info][gc,cpu         ] GC(92) User=0.00s Sys=0.00s Real=0.00s
[44.209s][info][gc,start       ] GC(93) Pause Young (System.gc())
[44.213s][info][gc,heap        ] GC(93) PSYoungGen: 336335K->1923K(634368K)
[44.213s][info][gc,heap        ] GC(93) ParOldGen: 185106K->190337K(1398272K)
[44.213s][info][gc,metaspace   ] GC(93) Metaspace: 169246K(181564K)->169246K(181564K) NonClass: 148748K(154800K)->148748K(154800K) Class: 20498K(26764K)->20498K(26764K)
[44.213s][info][gc             ] GC(93) Pause Young (System.gc()) 509M->187M(1985M) 3.443ms
[44.213s][info][gc,cpu         ] GC(93) User=0.00s Sys=0.00s Real=0.00s
[44.213s][info][gc,start       ] GC(94) Pause Full (System.gc())
[44.213s][info][gc,phases,start] GC(94) Marking Phase
[44.264s][info][gc,phases      ] GC(94) Marking Phase 50.929ms
[44.264s][info][gc,phases,start] GC(94) Summary Phase
[44.264s][info][gc,phases      ] GC(94) Summary Phase 0.012ms
[44.264s][info][gc,phases,start] GC(94) Adjust Roots
[44.283s][info][gc,phases      ] GC(94) Adjust Roots 18.920ms
[44.283s][info][gc,phases,start] GC(94) Compaction Phase
[44.327s][info][gc,phases      ] GC(94) Compaction Phase 43.997ms
[44.327s][info][gc,phases,start] GC(94) Post Compact
[44.328s][info][gc,phases      ] GC(94) Post Compact 1.237ms
[44.328s][info][gc,heap        ] GC(94) PSYoungGen: 1923K->0K(634368K)
[44.328s][info][gc,heap        ] GC(94) ParOldGen: 190337K->123209K(1398272K)
[44.328s][info][gc,metaspace   ] GC(94) Metaspace: 169246K(181564K)->169246K(181564K) NonClass: 148748K(154800K)->148748K(154800K) Class: 20498K(26764K)->20498K(26764K)
[44.328s][info][gc             ] GC(94) Pause Full (System.gc()) 187M->120M(1985M) 115.439ms
[44.328s][info][gc,cpu         ] GC(94) User=0.02s Sys=0.00s Real=0.13s
[44.463s][info][gc,start       ] GC(95) Pause Young (Allocation Failure)
[44.465s][info][gc,heap        ] GC(95) PSYoungGen: 571823K->761K(640512K)
[44.465s][info][gc,heap        ] GC(95) ParOldGen: 123209K->123217K(1398272K)
[44.465s][info][gc,metaspace   ] GC(95) Metaspace: 169265K(181564K)->169265K(181564K) NonClass: 148766K(154800K)->148766K(154800K) Class: 20498K(26764K)->20498K(26764K)
[44.465s][info][gc             ] GC(95) Pause Young (Allocation Failure) 678M->121M(1991M) 1.900ms
[44.465s][info][gc,cpu         ] GC(95) User=0.00s Sys=0.00s Real=0.00s
[44.576s][info][gc,start       ] GC(96) Pause Young (Allocation Failure)
[44.583s][info][gc,heap        ] GC(96) PSYoungGen: 581369K->36241K(616960K)
[44.583s][info][gc,heap        ] GC(96) ParOldGen: 123217K->123853K(1398272K)
[44.583s][info][gc,metaspace   ] GC(96) Metaspace: 169267K(181564K)->169267K(181564K) NonClass: 148768K(154800K)->148768K(154800K) Class: 20498K(26764K)->20498K(26764K)
[44.583s][info][gc             ] GC(96) Pause Young (Allocation Failure) 688M->156M(1968M) 6.385ms
[44.583s][info][gc,cpu         ] GC(96) User=0.03s Sys=0.00s Real=0.01s
[44.654s][info][gc,start       ] GC(97) Pause Young (Allocation Failure)
[44.664s][info][gc,heap        ] GC(97) PSYoungGen: 616301K->36015K(631808K)
[44.664s][info][gc,heap        ] GC(97) ParOldGen: 123853K->151518K(1398272K)
[44.664s][info][gc,metaspace   ] GC(97) Metaspace: 169268K(181564K)->169268K(181564K) NonClass: 148769K(154800K)->148769K(154800K) Class: 20498K(26764K)->20498K(26764K)
[44.664s][info][gc             ] GC(97) Pause Young (Allocation Failure) 722M->183M(1982M) 10.129ms
[44.664s][info][gc,cpu         ] GC(97) User=0.03s Sys=0.00s Real=0.02s
[45.484s][info][gc,start       ] GC(98) Pause Young (Allocation Failure)
[45.491s][info][gc,heap        ] GC(98) PSYoungGen: 605871K->5390K(634368K)
[45.491s][info][gc,heap        ] GC(98) ParOldGen: 151518K->186424K(1398272K)
[45.491s][info][gc,metaspace   ] GC(98) Metaspace: 169276K(181564K)->169276K(181564K) NonClass: 148777K(154800K)->148777K(154800K) Class: 20498K(26764K)->20498K(26764K)
[45.491s][info][gc             ] GC(98) Pause Young (Allocation Failure) 739M->187M(1985M) 6.895ms
[45.491s][info][gc,cpu         ] GC(98) User=0.02s Sys=0.00s Real=0.01s
[46.012s][info][gc,start       ] GC(99) Pause Young (System.gc())
[46.015s][info][gc,heap        ] GC(99) PSYoungGen: 332312K->1914K(638464K)
[46.015s][info][gc,heap        ] GC(99) ParOldGen: 186424K->190457K(1398272K)
[46.016s][info][gc,metaspace   ] GC(99) Metaspace: 169318K(181564K)->169318K(181564K) NonClass: 148820K(154800K)->148820K(154800K) Class: 20498K(26764K)->20498K(26764K)
[46.016s][info][gc             ] GC(99) Pause Young (System.gc()) 506M->187M(1989M) 3.551ms
[46.016s][info][gc,cpu         ] GC(99) User=0.00s Sys=0.00s Real=0.00s
[46.016s][info][gc,start       ] GC(100) Pause Full (System.gc())
[46.016s][info][gc,phases,start] GC(100) Marking Phase
[46.069s][info][gc,phases      ] GC(100) Marking Phase 53.012ms
[46.069s][info][gc,phases,start] GC(100) Summary Phase
[46.069s][info][gc,phases      ] GC(100) Summary Phase 0.012ms
[46.069s][info][gc,phases,start] GC(100) Adjust Roots
[46.088s][info][gc,phases      ] GC(100) Adjust Roots 18.935ms
[46.088s][info][gc,phases,start] GC(100) Compaction Phase
[46.122s][info][gc,phases      ] GC(100) Compaction Phase 34.359ms
[46.122s][info][gc,phases,start] GC(100) Post Compact
[46.123s][info][gc,phases      ] GC(100) Post Compact 0.995ms
[46.123s][info][gc,heap        ] GC(100) PSYoungGen: 1914K->0K(638464K)
[46.123s][info][gc,heap        ] GC(100) ParOldGen: 190457K->123554K(1398272K)
[46.123s][info][gc,metaspace   ] GC(100) Metaspace: 169318K(181564K)->169318K(181564K) NonClass: 148820K(154800K)->148820K(154800K) Class: 20498K(26764K)->20498K(26764K)
[46.123s][info][gc             ] GC(100) Pause Full (System.gc()) 187M->120M(1989M) 107.606ms
[46.123s][info][gc,cpu         ] GC(100) User=0.09s Sys=0.00s Real=0.11s
[46.262s][info][gc,start       ] GC(101) Pause Young (Allocation Failure)
[46.264s][info][gc,heap        ] GC(101) PSYoungGen: 573048K->938K(636416K)
[46.264s][info][gc,heap        ] GC(101) ParOldGen: 123554K->123562K(1398272K)
[46.264s][info][gc,metaspace   ] GC(101) Metaspace: 169369K(181564K)->169369K(181564K) NonClass: 148870K(154800K)->148870K(154800K) Class: 20498K(26764K)->20498K(26764K)
[46.264s][info][gc             ] GC(101) Pause Young (Allocation Failure) 680M->121M(1987M) 2.087ms
[46.264s][info][gc,cpu         ] GC(101) User=0.00s Sys=0.00s Real=0.00s
[46.378s][info][gc,start       ] GC(102) Pause Young (Allocation Failure)
[46.385s][info][gc,heap        ] GC(102) PSYoungGen: 576938K->34388K(634368K)
[46.385s][info][gc,heap        ] GC(102) ParOldGen: 123562K->124270K(1398272K)
[46.385s][info][gc,metaspace   ] GC(102) Metaspace: 169369K(181564K)->169369K(181564K) NonClass: 148870K(154800K)->148870K(154800K) Class: 20498K(26764K)->20498K(26764K)
[46.385s][info][gc             ] GC(102) Pause Young (Allocation Failure) 684M->154M(1985M) 6.885ms
[46.385s][info][gc,cpu         ] GC(102) User=0.03s Sys=0.00s Real=0.01s
[46.457s][info][gc,start       ] GC(103) Pause Young (Allocation Failure)
[46.467s][info][gc,heap        ] GC(103) PSYoungGen: 610388K->36282K(612352K)
[46.467s][info][gc,heap        ] GC(103) ParOldGen: 124270K->152727K(1398272K)
[46.467s][info][gc,metaspace   ] GC(103) Metaspace: 169369K(181564K)->169369K(181564K) NonClass: 148870K(154800K)->148870K(154800K) Class: 20498K(26764K)->20498K(26764K)
[46.467s][info][gc             ] GC(103) Pause Young (Allocation Failure) 717M->184M(1963M) 10.116ms
[46.467s][info][gc,cpu         ] GC(103) User=0.02s Sys=0.00s Real=0.02s
[47.247s][info][gc,start       ] GC(104) Pause Young (Allocation Failure)
[47.254s][info][gc,heap        ] GC(104) PSYoungGen: 612282K->5971K(636928K)
[47.254s][info][gc,heap        ] GC(104) ParOldGen: 152727K->186020K(1398272K)
[47.254s][info][gc,metaspace   ] GC(104) Metaspace: 169371K(181564K)->169371K(181564K) NonClass: 148873K(154800K)->148873K(154800K) Class: 20498K(26764K)->20498K(26764K)
[47.254s][info][gc             ] GC(104) Pause Young (Allocation Failure) 747M->187M(1987M) 6.809ms
[47.254s][info][gc,cpu         ] GC(104) User=0.02s Sys=0.00s Real=0.02s
[47.774s][info][gc,start       ] GC(105) Pause Young (System.gc())
[47.777s][info][gc,heap        ] GC(105) PSYoungGen: 331336K->1914K(634368K)
[47.777s][info][gc,heap        ] GC(105) ParOldGen: 186020K->190832K(1398272K)
[47.777s][info][gc,metaspace   ] GC(105) Metaspace: 169462K(181820K)->169462K(181820K) NonClass: 148963K(155056K)->148963K(155056K) Class: 20499K(26764K)->20499K(26764K)
[47.777s][info][gc             ] GC(105) Pause Young (System.gc()) 505M->188M(1985M) 3.416ms
[47.777s][info][gc,cpu         ] GC(105) User=0.00s Sys=0.00s Real=0.00s
[47.777s][info][gc,start       ] GC(106) Pause Full (System.gc())
[47.777s][info][gc,phases,start] GC(106) Marking Phase
[47.831s][info][gc,phases      ] GC(106) Marking Phase 53.898ms
[47.831s][info][gc,phases,start] GC(106) Summary Phase
[47.831s][info][gc,phases      ] GC(106) Summary Phase 0.011ms
[47.831s][info][gc,phases,start] GC(106) Adjust Roots
[47.851s][info][gc,phases      ] GC(106) Adjust Roots 19.729ms
[47.851s][info][gc,phases,start] GC(106) Compaction Phase
[47.880s][info][gc,phases      ] GC(106) Compaction Phase 28.342ms
[47.880s][info][gc,phases,start] GC(106) Post Compact
[47.881s][info][gc,phases      ] GC(106) Post Compact 1.054ms
[47.881s][info][gc,heap        ] GC(106) PSYoungGen: 1914K->0K(634368K)
[47.881s][info][gc,heap        ] GC(106) ParOldGen: 190832K->123913K(1398272K)
[47.881s][info][gc,metaspace   ] GC(106) Metaspace: 169462K(181820K)->169462K(181820K) NonClass: 148963K(155056K)->148963K(155056K) Class: 20499K(26764K)->20499K(26764K)
[47.881s][info][gc             ] GC(106) Pause Full (System.gc()) 188M->121M(1985M) 103.334ms
[47.881s][info][gc,cpu         ] GC(106) User=0.06s Sys=0.00s Real=0.11s
[48.037s][info][gc,start       ] GC(107) Pause Young (Allocation Failure)
[48.039s][info][gc,heap        ] GC(107) PSYoungGen: 570893K->915K(641024K)
[48.039s][info][gc,heap        ] GC(107) ParOldGen: 123913K->123913K(1398272K)
[48.039s][info][gc,metaspace   ] GC(107) Metaspace: 169539K(181820K)->169539K(181820K) NonClass: 149028K(155056K)->149028K(155056K) Class: 20510K(26764K)->20510K(26764K)
[48.039s][info][gc             ] GC(107) Pause Young (Allocation Failure) 678M->121M(1991M) 2.022ms
[48.039s][info][gc,cpu         ] GC(107) User=0.00s Sys=0.00s Real=0.00s
[48.150s][info][gc,start       ] GC(108) Pause Young (Allocation Failure)
[48.156s][info][gc,heap        ] GC(108) PSYoungGen: 582035K->35375K(616960K)
[48.156s][info][gc,heap        ] GC(108) ParOldGen: 123913K->124663K(1398272K)
[48.156s][info][gc,metaspace   ] GC(108) Metaspace: 169573K(181820K)->169573K(181820K) NonClass: 149062K(155056K)->149062K(155056K) Class: 20511K(26764K)->20511K(26764K)
[48.156s][info][gc             ] GC(108) Pause Young (Allocation Failure) 689M->156M(1968M) 6.815ms
[48.156s][info][gc,cpu         ] GC(108) User=0.02s Sys=0.02s Real=0.00s
[48.232s][info][gc,start       ] GC(109) Pause Young (Allocation Failure)
[48.242s][info][gc,heap        ] GC(109) PSYoungGen: 616495K->37794K(630272K)
[48.242s][info][gc,heap        ] GC(109) ParOldGen: 124663K->152309K(1398272K)
[48.242s][info][gc,metaspace   ] GC(109) Metaspace: 169573K(181820K)->169573K(181820K) NonClass: 149062K(155056K)->149062K(155056K) Class: 20511K(26764K)->20511K(26764K)
[48.242s][info][gc             ] GC(109) Pause Young (Allocation Failure) 723M->185M(1981M) 10.196ms
[48.242s][info][gc,cpu         ] GC(109) User=0.00s Sys=0.00s Real=0.00s
[49.039s][info][gc,start       ] GC(110) Pause Young (Allocation Failure)
[49.046s][info][gc,heap        ] GC(110) PSYoungGen: 606626K->5937K(633856K)
[49.046s][info][gc,heap        ] GC(110) ParOldGen: 152309K->186286K(1398272K)
[49.046s][info][gc,metaspace   ] GC(110) Metaspace: 169573K(181820K)->169573K(181820K) NonClass: 149062K(155056K)->149062K(155056K) Class: 20511K(26764K)->20511K(26764K)
[49.046s][info][gc             ] GC(110) Pause Young (Allocation Failure) 741M->187M(1984M) 6.594ms
[49.046s][info][gc,cpu         ] GC(110) User=0.00s Sys=0.00s Real=0.00s
[49.564s][info][gc,start       ] GC(111) Pause Young (System.gc())
[49.567s][info][gc,heap        ] GC(111) PSYoungGen: 338876K->1978K(638464K)
[49.567s][info][gc,heap        ] GC(111) ParOldGen: 186286K->191078K(1398272K)
[49.567s][info][gc,metaspace   ] GC(111) Metaspace: 169668K(181820K)->169668K(181820K) NonClass: 149146K(155056K)->149146K(155056K) Class: 20522K(26764K)->20522K(26764K)
[49.567s][info][gc             ] GC(111) Pause Young (System.gc()) 512M->188M(1989M) 3.254ms
[49.567s][info][gc,cpu         ] GC(111) User=0.00s Sys=0.00s Real=0.00s
[49.567s][info][gc,start       ] GC(112) Pause Full (System.gc())
[49.567s][info][gc,phases,start] GC(112) Marking Phase
[49.620s][info][gc,phases      ] GC(112) Marking Phase 52.574ms
[49.620s][info][gc,phases,start] GC(112) Summary Phase
[49.620s][info][gc,phases      ] GC(112) Summary Phase 0.011ms
[49.620s][info][gc,phases,start] GC(112) Adjust Roots
[49.640s][info][gc,phases      ] GC(112) Adjust Roots 20.045ms
[49.640s][info][gc,phases,start] GC(112) Compaction Phase
[49.681s][info][gc,phases      ] GC(112) Compaction Phase 40.559ms
[49.681s][info][gc,phases,start] GC(112) Post Compact
[49.682s][info][gc,phases      ] GC(112) Post Compact 0.966ms
[49.682s][info][gc,heap        ] GC(112) PSYoungGen: 1978K->0K(638464K)
[49.682s][info][gc,heap        ] GC(112) ParOldGen: 191078K->124306K(1398272K)
[49.682s][info][gc,metaspace   ] GC(112) Metaspace: 169668K(181820K)->169668K(181820K) NonClass: 149146K(155056K)->149146K(155056K) Class: 20522K(26764K)->20522K(26764K)
[49.682s][info][gc             ] GC(112) Pause Full (System.gc()) 188M->121M(1989M) 114.446ms
[49.682s][info][gc,cpu         ] GC(112) User=0.09s Sys=0.00s Real=0.12s
[49.826s][info][gc,start       ] GC(113) Pause Young (Allocation Failure)
[49.829s][info][gc,heap        ] GC(113) PSYoungGen: 572662K->972K(636416K)
[49.829s][info][gc,heap        ] GC(113) ParOldGen: 124306K->124314K(1398272K)
[49.829s][info][gc,metaspace   ] GC(113) Metaspace: 169700K(181820K)->169700K(181820K) NonClass: 149177K(155056K)->149177K(155056K) Class: 20522K(26764K)->20522K(26764K)
[49.829s][info][gc             ] GC(113) Pause Young (Allocation Failure) 680M->122M(1987M) 2.288ms
[49.829s][info][gc,cpu         ] GC(113) User=0.00s Sys=0.00s Real=0.00s
[49.945s][info][gc,start       ] GC(114) Pause Young (Allocation Failure)
[49.953s][info][gc,heap        ] GC(114) PSYoungGen: 576972K->36418K(632320K)
[49.953s][info][gc,heap        ] GC(114) ParOldGen: 124314K->125038K(1398272K)
[49.953s][info][gc,metaspace   ] GC(114) Metaspace: 169709K(181820K)->169709K(181820K) NonClass: 149186K(155056K)->149186K(155056K) Class: 20522K(26764K)->20522K(26764K)
[49.953s][info][gc             ] GC(114) Pause Young (Allocation Failure) 684M->157M(1983M) 7.159ms
[49.953s][info][gc,cpu         ] GC(114) User=0.03s Sys=0.00s Real=0.01s
[50.024s][info][gc,start       ] GC(115) Pause Young (Allocation Failure)
[50.034s][info][gc,heap        ] GC(115) PSYoungGen: 610370K->36917K(611328K)
[50.034s][info][gc,heap        ] GC(115) ParOldGen: 125038K->152460K(1398272K)
[50.034s][info][gc,metaspace   ] GC(115) Metaspace: 169709K(181820K)->169709K(181820K) NonClass: 149186K(155056K)->149186K(155056K) Class: 20522K(26764K)->20522K(26764K)
[50.034s][info][gc             ] GC(115) Pause Young (Allocation Failure) 718M->184M(1962M) 9.794ms
[50.034s][info][gc,cpu         ] GC(115) User=0.02s Sys=0.00s Real=0.01s
[50.815s][info][gc,start       ] GC(116) Pause Young (Allocation Failure)
[50.822s][info][gc,heap        ] GC(116) PSYoungGen: 607896K->5965K(635904K)
[50.822s][info][gc,heap        ] GC(116) ParOldGen: 152460K->186805K(1398272K)
[50.822s][info][gc,metaspace   ] GC(116) Metaspace: 169733K(181820K)->169733K(181820K) NonClass: 149210K(155056K)->149210K(155056K) Class: 20522K(26764K)->20522K(26764K)
[50.822s][info][gc             ] GC(116) Pause Young (Allocation Failure) 742M->188M(1986M) 6.646ms
[50.822s][info][gc,cpu         ] GC(116) User=0.00s Sys=0.00s Real=0.00s
[51.339s][info][gc,start       ] GC(117) Pause Young (System.gc())
[51.342s][info][gc,heap        ] GC(117) PSYoungGen: 341408K->2034K(633344K)
[51.342s][info][gc,heap        ] GC(117) ParOldGen: 186805K->191591K(1398272K)
[51.342s][info][gc,metaspace   ] GC(117) Metaspace: 169838K(182076K)->169838K(182076K) NonClass: 149315K(155312K)->149315K(155312K) Class: 20522K(26764K)->20522K(26764K)
[51.342s][info][gc             ] GC(117) Pause Young (System.gc()) 515M->189M(1984M) 3.651ms
[51.342s][info][gc,cpu         ] GC(117) User=0.00s Sys=0.00s Real=0.01s
[51.343s][info][gc,start       ] GC(118) Pause Full (System.gc())
[51.343s][info][gc,phases,start] GC(118) Marking Phase
[51.399s][info][gc,phases      ] GC(118) Marking Phase 56.352ms
[51.399s][info][gc,phases,start] GC(118) Summary Phase
[51.399s][info][gc,phases      ] GC(118) Summary Phase 0.011ms
[51.399s][info][gc,phases,start] GC(118) Adjust Roots
[51.419s][info][gc,phases      ] GC(118) Adjust Roots 20.019ms
[51.419s][info][gc,phases,start] GC(118) Compaction Phase
[51.454s][info][gc,phases      ] GC(118) Compaction Phase 34.728ms
[51.454s][info][gc,phases,start] GC(118) Post Compact
[51.455s][info][gc,phases      ] GC(118) Post Compact 0.993ms
[51.455s][info][gc,heap        ] GC(118) PSYoungGen: 2034K->0K(633344K)
[51.455s][info][gc,heap        ] GC(118) ParOldGen: 191591K->124720K(1398272K)
[51.455s][info][gc,metaspace   ] GC(118) Metaspace: 169838K(182076K)->169838K(182076K) NonClass: 149315K(155312K)->149315K(155312K) Class: 20522K(26764K)->20522K(26764K)
[51.455s][info][gc             ] GC(118) Pause Full (System.gc()) 189M->121M(1984M) 112.402ms
[51.455s][info][gc,cpu         ] GC(118) User=0.12s Sys=0.00s Real=0.11s
[51.584s][info][gc,start       ] GC(119) Pause Young (Allocation Failure)
[51.586s][info][gc,heap        ] GC(119) PSYoungGen: 570185K->816K(640000K)
[51.586s][info][gc,heap        ] GC(119) ParOldGen: 124720K->124720K(1398272K)
[51.586s][info][gc,metaspace   ] GC(119) Metaspace: 169910K(182076K)->169910K(182076K) NonClass: 149387K(155312K)->149387K(155312K) Class: 20522K(26764K)->20522K(26764K)
[51.586s][info][gc             ] GC(119) Pause Young (Allocation Failure) 678M->122M(1990M) 1.937ms
[51.586s][info][gc,cpu         ] GC(119) User=0.00s Sys=0.00s Real=0.00s
[51.698s][info][gc,start       ] GC(120) Pause Young (Allocation Failure)
[51.704s][info][gc,heap        ] GC(120) PSYoungGen: 579888K->34067K(613376K)
[51.704s][info][gc,heap        ] GC(120) ParOldGen: 124720K->125362K(1398272K)
[51.704s][info][gc,metaspace   ] GC(120) Metaspace: 169910K(182076K)->169910K(182076K) NonClass: 149387K(155312K)->149387K(155312K) Class: 20522K(26764K)->20522K(26764K)
[51.704s][info][gc             ] GC(120) Pause Young (Allocation Failure) 688M->155M(1964M) 5.980ms
[51.704s][info][gc,cpu         ] GC(120) User=0.02s Sys=0.00s Real=0.00s
[51.772s][info][gc,start       ] GC(121) Pause Young (Allocation Failure)
[51.782s][info][gc,heap        ] GC(121) PSYoungGen: 613139K->36196K(631808K)
[51.782s][info][gc,heap        ] GC(121) ParOldGen: 125362K->153989K(1398272K)
[51.782s][info][gc,metaspace   ] GC(121) Metaspace: 169910K(182076K)->169910K(182076K) NonClass: 149387K(155312K)->149387K(155312K) Class: 20522K(26764K)->20522K(26764K)
[51.782s][info][gc             ] GC(121) Pause Young (Allocation Failure) 721M->185M(1982M) 10.225ms
[51.782s][info][gc,cpu         ] GC(121) User=0.02s Sys=0.00s Real=0.00s
[52.574s][info][gc,start       ] GC(122) Pause Young (Allocation Failure)
[52.580s][info][gc,heap        ] GC(122) PSYoungGen: 602206K->5630K(634368K)
[52.580s][info][gc,heap        ] GC(122) ParOldGen: 153989K->187498K(1398272K)
[52.580s][info][gc,metaspace   ] GC(122) Metaspace: 169920K(182076K)->169920K(182076K) NonClass: 149397K(155312K)->149397K(155312K) Class: 20522K(26764K)->20522K(26764K)
[52.581s][info][gc             ] GC(122) Pause Young (Allocation Failure) 738M->188M(1985M) 7.005ms
[52.581s][info][gc,cpu         ] GC(122) User=0.00s Sys=0.00s Real=0.00s
[53.088s][info][gc,start       ] GC(123) Pause Young (System.gc())
[53.092s][info][gc,heap        ] GC(123) PSYoungGen: 340788K->1914K(638464K)
[53.092s][info][gc,heap        ] GC(123) ParOldGen: 187498K->191973K(1398272K)
[53.092s][info][gc,metaspace   ] GC(123) Metaspace: 170071K(182076K)->170071K(182076K) NonClass: 149548K(155312K)->149548K(155312K) Class: 20522K(26764K)->20522K(26764K)
[53.092s][info][gc             ] GC(123) Pause Young (System.gc()) 515M->189M(1989M) 3.395ms
[53.092s][info][gc,cpu         ] GC(123) User=0.00s Sys=0.00s Real=0.00s
[53.092s][info][gc,start       ] GC(124) Pause Full (System.gc())
[53.092s][info][gc,phases,start] GC(124) Marking Phase
[53.147s][info][gc,phases      ] GC(124) Marking Phase 55.138ms
[53.147s][info][gc,phases,start] GC(124) Summary Phase
[53.147s][info][gc,phases      ] GC(124) Summary Phase 0.011ms
[53.147s][info][gc,phases,start] GC(124) Adjust Roots
[53.166s][info][gc,phases      ] GC(124) Adjust Roots 19.123ms
[53.166s][info][gc,phases,start] GC(124) Compaction Phase
[53.211s][info][gc,phases      ] GC(124) Compaction Phase 44.334ms
[53.211s][info][gc,phases,start] GC(124) Post Compact
[53.212s][info][gc,phases      ] GC(124) Post Compact 1.232ms
[53.212s][info][gc,heap        ] GC(124) PSYoungGen: 1914K->0K(638464K)
[53.212s][info][gc,heap        ] GC(124) ParOldGen: 191973K->124990K(1398272K)
[53.212s][info][gc,metaspace   ] GC(124) Metaspace: 170071K(182076K)->170071K(182076K) NonClass: 149548K(155312K)->149548K(155312K) Class: 20522K(26764K)->20522K(26764K)
[53.212s][info][gc             ] GC(124) Pause Full (System.gc()) 189M->122M(1989M) 120.221ms
[53.212s][info][gc,cpu         ] GC(124) User=0.08s Sys=0.00s Real=0.13s
[53.345s][info][gc,start       ] GC(125) Pause Young (Allocation Failure)
[53.347s][info][gc,heap        ] GC(125) PSYoungGen: 573401K->906K(636928K)
[53.347s][info][gc,heap        ] GC(125) ParOldGen: 124990K->124990K(1398272K)
[53.347s][info][gc,metaspace   ] GC(125) Metaspace: 170117K(182332K)->170117K(182332K) NonClass: 149594K(155568K)->149594K(155568K) Class: 20522K(26764K)->20522K(26764K)
[53.347s][info][gc             ] GC(125) Pause Young (Allocation Failure) 682M->122M(1987M) 1.959ms
[53.347s][info][gc,cpu         ] GC(125) User=0.00s Sys=0.00s Real=0.00s
[53.460s][info][gc,start       ] GC(126) Pause Young (Allocation Failure)
[53.466s][info][gc,heap        ] GC(126) PSYoungGen: 577418K->36223K(633344K)
[53.466s][info][gc,heap        ] GC(126) ParOldGen: 124990K->125716K(1398272K)
[53.466s][info][gc,metaspace   ] GC(126) Metaspace: 170118K(182332K)->170118K(182332K) NonClass: 149595K(155568K)->149595K(155568K) Class: 20522K(26764K)->20522K(26764K)
[53.466s][info][gc             ] GC(126) Pause Young (Allocation Failure) 685M->158M(1984M) 6.477ms
[53.467s][info][gc,cpu         ] GC(126) User=0.02s Sys=0.00s Real=0.02s
[53.541s][info][gc,start       ] GC(127) Pause Young (Allocation Failure)
[53.550s][info][gc,heap        ] GC(127) PSYoungGen: 611199K->36694K(611840K)
[53.551s][info][gc,heap        ] GC(127) ParOldGen: 125716K->153098K(1398272K)
[53.551s][info][gc,metaspace   ] GC(127) Metaspace: 170119K(182332K)->170119K(182332K) NonClass: 149596K(155568K)->149596K(155568K) Class: 20522K(26764K)->20522K(26764K)
[53.551s][info][gc             ] GC(127) Pause Young (Allocation Failure) 719M->185M(1963M) 10.057ms
[53.551s][info][gc,cpu         ] GC(127) User=0.00s Sys=0.00s Real=0.00s
[54.371s][info][gc,start       ] GC(128) Pause Young (Allocation Failure)
[54.378s][info][gc,heap        ] GC(128) PSYoungGen: 611670K->6100K(636416K)
[54.378s][info][gc,heap        ] GC(128) ParOldGen: 153098K->187207K(1398272K)
[54.378s][info][gc,metaspace   ] GC(128) Metaspace: 170126K(182332K)->170126K(182332K) NonClass: 149603K(155568K)->149603K(155568K) Class: 20522K(26764K)->20522K(26764K)
[54.378s][info][gc             ] GC(128) Pause Young (Allocation Failure) 746M->188M(1987M) 6.840ms
[54.378s][info][gc,cpu         ] GC(128) User=0.00s Sys=0.00s Real=0.00s
[54.888s][info][gc,start       ] GC(129) Pause Young (System.gc())
[54.891s][info][gc,heap        ] GC(129) PSYoungGen: 336169K->1882K(633856K)
[54.891s][info][gc,heap        ] GC(129) ParOldGen: 187207K->192047K(1398272K)
[54.891s][info][gc,metaspace   ] GC(129) Metaspace: 170162K(182332K)->170162K(182332K) NonClass: 149639K(155568K)->149639K(155568K) Class: 20523K(26764K)->20523K(26764K)
[54.891s][info][gc             ] GC(129) Pause Young (System.gc()) 511M->189M(1984M) 3.230ms
[54.891s][info][gc,cpu         ] GC(129) User=0.03s Sys=0.00s Real=0.02s
[54.891s][info][gc,start       ] GC(130) Pause Full (System.gc())
[54.891s][info][gc,phases,start] GC(130) Marking Phase
[54.944s][info][gc,phases      ] GC(130) Marking Phase 53.093ms
[54.944s][info][gc,phases,start] GC(130) Summary Phase
[54.944s][info][gc,phases      ] GC(130) Summary Phase 0.011ms
[54.944s][info][gc,phases,start] GC(130) Adjust Roots
[54.963s][info][gc,phases      ] GC(130) Adjust Roots 18.817ms
[54.963s][info][gc,phases,start] GC(130) Compaction Phase
[54.989s][info][gc,phases      ] GC(130) Compaction Phase 25.921ms
[54.989s][info][gc,phases,start] GC(130) Post Compact
[54.990s][info][gc,phases      ] GC(130) Post Compact 1.028ms
[54.990s][info][gc,heap        ] GC(130) PSYoungGen: 1882K->0K(633856K)
[54.990s][info][gc,heap        ] GC(130) ParOldGen: 192047K->125351K(1398272K)
[54.990s][info][gc,metaspace   ] GC(130) Metaspace: 170162K(182332K)->170162K(182332K) NonClass: 149639K(155568K)->149639K(155568K) Class: 20523K(26764K)->20523K(26764K)
[54.990s][info][gc             ] GC(130) Pause Full (System.gc()) 189M->122M(1984M) 99.187ms
[54.990s][info][gc,cpu         ] GC(130) User=0.06s Sys=0.00s Real=0.09s
[55.142s][info][gc,start       ] GC(131) Pause Young (Allocation Failure)
[55.144s][info][gc,heap        ] GC(131) PSYoungGen: 571392K->880K(640512K)
[55.144s][info][gc,heap        ] GC(131) ParOldGen: 125351K->125351K(1398272K)
[55.144s][info][gc,metaspace   ] GC(131) Metaspace: 170259K(182332K)->170259K(182332K) NonClass: 149735K(155568K)->149735K(155568K) Class: 20523K(26764K)->20523K(26764K)
[55.144s][info][gc             ] GC(131) Pause Young (Allocation Failure) 680M->123M(1991M) 1.829ms
[55.144s][info][gc,cpu         ] GC(131) User=0.00s Sys=0.00s Real=0.00s
[55.259s][info][gc,start       ] GC(132) Pause Young (Allocation Failure)
[55.265s][info][gc,heap        ] GC(132) PSYoungGen: 580976K->34836K(615424K)
[55.265s][info][gc,heap        ] GC(132) ParOldGen: 125351K->125997K(1398272K)
[55.265s][info][gc,metaspace   ] GC(132) Metaspace: 170262K(182332K)->170262K(182332K) NonClass: 149739K(155568K)->149739K(155568K) Class: 20523K(26764K)->20523K(26764K)
[55.265s][info][gc             ] GC(132) Pause Young (Allocation Failure) 689M->157M(1966M) 6.163ms
[55.265s][info][gc,cpu         ] GC(132) User=0.00s Sys=0.00s Real=0.00s
[55.340s][info][gc,start       ] GC(133) Pause Young (Allocation Failure)
[55.350s][info][gc,heap        ] GC(133) PSYoungGen: 614932K->36893K(630784K)
[55.350s][info][gc,heap        ] GC(133) ParOldGen: 125997K->154709K(1398272K)
[55.350s][info][gc,metaspace   ] GC(133) Metaspace: 170262K(182332K)->170262K(182332K) NonClass: 149739K(155568K)->149739K(155568K) Class: 20523K(26764K)->20523K(26764K)
[55.350s][info][gc             ] GC(133) Pause Young (Allocation Failure) 723M->187M(1981M) 10.101ms
[55.350s][info][gc,cpu         ] GC(133) User=0.05s Sys=0.00s Real=0.02s
[56.138s][info][gc,start       ] GC(134) Pause Young (Allocation Failure)
[56.145s][info][gc,heap        ] GC(134) PSYoungGen: 605725K->5994K(633856K)
[56.145s][info][gc,heap        ] GC(134) ParOldGen: 154709K->187827K(1398272K)
[56.145s][info][gc,metaspace   ] GC(134) Metaspace: 170285K(182332K)->170285K(182332K) NonClass: 149761K(155568K)->149761K(155568K) Class: 20523K(26764K)->20523K(26764K)
[56.145s][info][gc             ] GC(134) Pause Young (Allocation Failure) 742M->189M(1984M) 7.182ms
[56.145s][info][gc,cpu         ] GC(134) User=0.02s Sys=0.00s Real=0.02s
[56.675s][info][gc,start       ] GC(135) Pause Young (System.gc())
[56.678s][info][gc,heap        ] GC(135) PSYoungGen: 333852K->1914K(638464K)
[56.678s][info][gc,heap        ] GC(135) ParOldGen: 187827K->192606K(1398272K)
[56.678s][info][gc,metaspace   ] GC(135) Metaspace: 170318K(182332K)->170318K(182332K) NonClass: 149794K(155568K)->149794K(155568K) Class: 20523K(26764K)->20523K(26764K)
[56.678s][info][gc             ] GC(135) Pause Young (System.gc()) 509M->189M(1989M) 2.903ms
[56.678s][info][gc,cpu         ] GC(135) User=0.00s Sys=0.00s Real=0.00s
[56.678s][info][gc,start       ] GC(136) Pause Full (System.gc())
[56.678s][info][gc,phases,start] GC(136) Marking Phase
[56.732s][info][gc,phases      ] GC(136) Marking Phase 53.667ms
[56.732s][info][gc,phases,start] GC(136) Summary Phase
[56.732s][info][gc,phases      ] GC(136) Summary Phase 0.012ms
[56.732s][info][gc,phases,start] GC(136) Adjust Roots
[56.751s][info][gc,phases      ] GC(136) Adjust Roots 19.151ms
[56.751s][info][gc,phases,start] GC(136) Compaction Phase
[56.777s][info][gc,phases      ] GC(136) Compaction Phase 25.527ms
[56.777s][info][gc,phases,start] GC(136) Post Compact
[56.778s][info][gc,phases      ] GC(136) Post Compact 1.055ms
[56.778s][info][gc,heap        ] GC(136) PSYoungGen: 1914K->0K(638464K)
[56.778s][info][gc,heap        ] GC(136) ParOldGen: 192606K->125691K(1398272K)
[56.778s][info][gc,metaspace   ] GC(136) Metaspace: 170318K(182332K)->170318K(182332K) NonClass: 149794K(155568K)->149794K(155568K) Class: 20523K(26764K)->20523K(26764K)
[56.778s][info][gc             ] GC(136) Pause Full (System.gc()) 189M->122M(1989M) 99.713ms
[56.778s][info][gc,cpu         ] GC(136) User=0.08s Sys=0.02s Real=0.11s
[56.920s][info][gc,start       ] GC(137) Pause Young (Allocation Failure)
[56.922s][info][gc,heap        ] GC(137) PSYoungGen: 573389K->906K(636416K)
[56.922s][info][gc,heap        ] GC(137) ParOldGen: 125691K->125691K(1398272K)
[56.922s][info][gc,metaspace   ] GC(137) Metaspace: 170323K(182332K)->170323K(182332K) NonClass: 149800K(155568K)->149800K(155568K) Class: 20523K(26764K)->20523K(26764K)
[56.922s][info][gc             ] GC(137) Pause Young (Allocation Failure) 682M->123M(1987M) 2.022ms
[56.922s][info][gc,cpu         ] GC(137) User=0.00s Sys=0.00s Real=0.00s
[57.038s][info][gc,start       ] GC(138) Pause Young (Allocation Failure)
[57.045s][info][gc,heap        ] GC(138) PSYoungGen: 576867K->35745K(633344K)
[57.045s][info][gc,heap        ] GC(138) ParOldGen: 125691K->126399K(1398272K)
[57.045s][info][gc,metaspace   ] GC(138) Metaspace: 170325K(182332K)->170325K(182332K) NonClass: 149802K(155568K)->149802K(155568K) Class: 20523K(26764K)->20523K(26764K)
[57.045s][info][gc             ] GC(138) Pause Young (Allocation Failure) 686M->158M(1984M) 7.252ms
[57.045s][info][gc,cpu         ] GC(138) User=0.06s Sys=0.00s Real=0.02s
[57.126s][info][gc,start       ] GC(139) Pause Young (Allocation Failure)
[57.137s][info][gc,heap        ] GC(139) PSYoungGen: 610721K->37266K(612352K)
[57.137s][info][gc,heap        ] GC(139) ParOldGen: 126399K->154036K(1398272K)
[57.137s][info][gc,metaspace   ] GC(139) Metaspace: 170325K(182332K)->170325K(182332K) NonClass: 149802K(155568K)->149802K(155568K) Class: 20523K(26764K)->20523K(26764K)
[57.137s][info][gc             ] GC(139) Pause Young (Allocation Failure) 719M->186M(1963M) 10.752ms
[57.137s][info][gc,cpu         ] GC(139) User=0.03s Sys=0.00s Real=0.01s
[57.924s][info][gc,start       ] GC(140) Pause Young (Allocation Failure)
[57.931s][info][gc,heap        ] GC(140) PSYoungGen: 609168K->6368K(636416K)
[57.931s][info][gc,heap        ] GC(140) ParOldGen: 154036K->187729K(1398272K)
[57.931s][info][gc,metaspace   ] GC(140) Metaspace: 170328K(182332K)->170328K(182332K) NonClass: 149804K(155568K)->149804K(155568K) Class: 20523K(26764K)->20523K(26764K)
[57.931s][info][gc             ] GC(140) Pause Young (Allocation Failure) 745M->189M(1987M) 6.751ms
[57.931s][info][gc,cpu         ] GC(140) User=0.00s Sys=0.00s Real=0.00s
[58.457s][info][gc,start       ] GC(141) Pause Young (System.gc())
[58.461s][info][gc,heap        ] GC(141) PSYoungGen: 341063K->1923K(633344K)
[58.461s][info][gc,heap        ] GC(141) ParOldGen: 187729K->192945K(1398272K)
[58.461s][info][gc,metaspace   ] GC(141) Metaspace: 170345K(182332K)->170345K(182332K) NonClass: 149822K(155568K)->149822K(155568K) Class: 20523K(26764K)->20523K(26764K)
[58.461s][info][gc             ] GC(141) Pause Young (System.gc()) 516M->190M(1984M) 3.485ms
[58.461s][info][gc,cpu         ] GC(141) User=0.00s Sys=0.00s Real=0.00s
[58.461s][info][gc,start       ] GC(142) Pause Full (System.gc())
[58.461s][info][gc,phases,start] GC(142) Marking Phase
[58.513s][info][gc,phases      ] GC(142) Marking Phase 52.398ms
[58.513s][info][gc,phases,start] GC(142) Summary Phase
[58.513s][info][gc,phases      ] GC(142) Summary Phase 0.012ms
[58.513s][info][gc,phases,start] GC(142) Adjust Roots
[58.533s][info][gc,phases      ] GC(142) Adjust Roots 19.633ms
[58.533s][info][gc,phases,start] GC(142) Compaction Phase
[58.564s][info][gc,phases      ] GC(142) Compaction Phase 31.104ms
[58.564s][info][gc,phases,start] GC(142) Post Compact
[58.565s][info][gc,phases      ] GC(142) Post Compact 1.004ms
[58.565s][info][gc,heap        ] GC(142) PSYoungGen: 1923K->0K(633344K)
[58.565s][info][gc,heap        ] GC(142) ParOldGen: 192945K->126042K(1398272K)
[58.565s][info][gc,metaspace   ] GC(142) Metaspace: 170345K(182332K)->170345K(182332K) NonClass: 149822K(155568K)->149822K(155568K) Class: 20523K(26764K)->20523K(26764K)
[58.565s][info][gc             ] GC(142) Pause Full (System.gc()) 190M->123M(1984M) 104.443ms
[58.565s][info][gc,cpu         ] GC(142) User=0.05s Sys=0.00s Real=0.11s
[58.696s][info][gc,start       ] GC(143) Pause Young (Allocation Failure)
[58.698s][info][gc,heap        ] GC(143) PSYoungGen: 570880K->880K(640000K)
[58.698s][info][gc,heap        ] GC(143) ParOldGen: 126042K->126050K(1398272K)
[58.698s][info][gc,metaspace   ] GC(143) Metaspace: 170426K(182588K)->170426K(182588K) NonClass: 149902K(155824K)->149902K(155824K) Class: 20523K(26764K)->20523K(26764K)
[58.698s][info][gc             ] GC(143) Pause Young (Allocation Failure) 680M->123M(1990M) 2.296ms
[58.698s][info][gc,cpu         ] GC(143) User=0.00s Sys=0.00s Real=0.00s
[58.810s][info][gc,start       ] GC(144) Pause Young (Allocation Failure)
[58.818s][info][gc,heap        ] GC(144) PSYoungGen: 579952K->34753K(613888K)
[58.818s][info][gc,heap        ] GC(144) ParOldGen: 126050K->126694K(1398272K)
[58.818s][info][gc,metaspace   ] GC(144) Metaspace: 170433K(182588K)->170433K(182588K) NonClass: 149910K(155824K)->149910K(155824K) Class: 20523K(26764K)->20523K(26764K)
[58.818s][info][gc             ] GC(144) Pause Young (Allocation Failure) 689M->157M(1965M) 8.590ms
[58.818s][info][gc,cpu         ] GC(144) User=0.03s Sys=0.00s Real=0.02s
[58.893s][info][gc,start       ] GC(145) Pause Young (Allocation Failure)
[58.903s][info][gc,heap        ] GC(145) PSYoungGen: 613825K->36039K(631808K)
[58.903s][info][gc,heap        ] GC(145) ParOldGen: 126694K->155354K(1398272K)
[58.903s][info][gc,metaspace   ] GC(145) Metaspace: 170433K(182588K)->170433K(182588K) NonClass: 149910K(155824K)->149910K(155824K) Class: 20523K(26764K)->20523K(26764K)
[58.903s][info][gc             ] GC(145) Pause Young (Allocation Failure) 723M->186M(1982M) 10.666ms
[58.903s][info][gc,cpu         ] GC(145) User=0.00s Sys=0.00s Real=0.00s
[59.668s][info][gc,start       ] GC(146) Pause Young (Allocation Failure)
[59.675s][info][gc,heap        ] GC(146) PSYoungGen: 602047K->5939K(634368K)
[59.675s][info][gc,heap        ] GC(146) ParOldGen: 155354K->188291K(1398272K)
[59.675s][info][gc,metaspace   ] GC(146) Metaspace: 170433K(182588K)->170433K(182588K) NonClass: 149910K(155824K)->149910K(155824K) Class: 20523K(26764K)->20523K(26764K)
[59.675s][info][gc             ] GC(146) Pause Young (Allocation Failure) 739M->189M(1985M) 6.323ms
[59.675s][info][gc,cpu         ] GC(146) User=0.00s Sys=0.00s Real=0.00s
[60.173s][info][gc,start       ] GC(147) Pause Young (System.gc())
[60.176s][info][gc,heap        ] GC(147) PSYoungGen: 341568K->1867K(638464K)
[60.176s][info][gc,heap        ] GC(147) ParOldGen: 188291K->193062K(1398272K)
[60.176s][info][gc,metaspace   ] GC(147) Metaspace: 170553K(182588K)->170553K(182588K) NonClass: 150008K(155824K)->150008K(155824K) Class: 20545K(26764K)->20545K(26764K)
[60.176s][info][gc             ] GC(147) Pause Young (System.gc()) 517M->190M(1989M) 3.263ms
[60.176s][info][gc,cpu         ] GC(147) User=0.00s Sys=0.00s Real=0.00s
[60.176s][info][gc,start       ] GC(148) Pause Full (System.gc())
[60.176s][info][gc,phases,start] GC(148) Marking Phase
[60.233s][info][gc,phases      ] GC(148) Marking Phase 56.327ms
[60.233s][info][gc,phases,start] GC(148) Summary Phase
[60.233s][info][gc,phases      ] GC(148) Summary Phase 0.011ms
[60.233s][info][gc,phases,start] GC(148) Adjust Roots
[60.256s][info][gc,phases      ] GC(148) Adjust Roots 23.409ms
[60.256s][info][gc,phases,start] GC(148) Compaction Phase
[60.316s][info][gc,phases      ] GC(148) Compaction Phase 59.450ms
[60.316s][info][gc,phases,start] GC(148) Post Compact
[60.317s][info][gc,phases      ] GC(148) Post Compact 1.073ms
[60.317s][info][gc,heap        ] GC(148) PSYoungGen: 1867K->0K(638464K)
[60.317s][info][gc,heap        ] GC(148) ParOldGen: 193062K->125719K(1398272K)
[60.317s][info][gc,metaspace   ] GC(148) Metaspace: 170553K(182588K)->170553K(182588K) NonClass: 150008K(155824K)->150008K(155824K) Class: 20545K(26764K)->20545K(26764K)
[60.317s][info][gc             ] GC(148) Pause Full (System.gc()) 190M->122M(1989M) 140.564ms
[60.317s][info][gc,cpu         ] GC(148) User=0.22s Sys=0.00s Real=0.14s
[60.464s][info][gc,start       ] GC(149) Pause Young (Allocation Failure)
[60.466s][info][gc,heap        ] GC(149) PSYoungGen: 572970K->906K(636928K)
[60.466s][info][gc,heap        ] GC(149) ParOldGen: 125719K->125719K(1398272K)
[60.466s][info][gc,metaspace   ] GC(149) Metaspace: 170674K(182588K)->170674K(182588K) NonClass: 150129K(155824K)->150129K(155824K) Class: 20545K(26764K)->20545K(26764K)
[60.466s][info][gc             ] GC(149) Pause Young (Allocation Failure) 682M->123M(1987M) 2.203ms
[60.466s][info][gc,cpu         ] GC(149) User=0.00s Sys=0.00s Real=0.00s
[60.574s][info][gc,start       ] GC(150) Pause Young (Allocation Failure)
[60.581s][info][gc,heap        ] GC(150) PSYoungGen: 577418K->33006K(635392K)
[60.581s][info][gc,heap        ] GC(150) ParOldGen: 125719K->126448K(1398272K)
[60.581s][info][gc,metaspace   ] GC(150) Metaspace: 170686K(182588K)->170686K(182588K) NonClass: 150141K(155824K)->150141K(155824K) Class: 20545K(26764K)->20545K(26764K)
[60.581s][info][gc             ] GC(150) Pause Young (Allocation Failure) 686M->155M(1986M) 6.450ms
[60.581s][info][gc,cpu         ] GC(150) User=0.02s Sys=0.00s Real=0.00s
[60.652s][info][gc,start       ] GC(151) Pause Young (Allocation Failure)
[60.662s][info][gc,heap        ] GC(151) PSYoungGen: 610030K->34565K(611840K)
[60.662s][info][gc,heap        ] GC(151) ParOldGen: 126448K->155832K(1398272K)
[60.662s][info][gc,metaspace   ] GC(151) Metaspace: 170686K(182588K)->170686K(182588K) NonClass: 150141K(155824K)->150141K(155824K) Class: 20545K(26764K)->20545K(26764K)
[60.662s][info][gc             ] GC(151) Pause Young (Allocation Failure) 719M->185M(1963M) 9.609ms
[60.662s][info][gc,cpu         ] GC(151) User=0.00s Sys=0.00s Real=0.01s
[61.465s][info][gc,start       ] GC(152) Pause Young (Allocation Failure)
[61.472s][info][gc,heap        ] GC(152) PSYoungGen: 611589K->5369K(637952K)
[61.472s][info][gc,heap        ] GC(152) ParOldGen: 155832K->188697K(1398272K)
[61.472s][info][gc,metaspace   ] GC(152) Metaspace: 170770K(182844K)->170770K(182844K) NonClass: 150225K(156080K)->150225K(156080K) Class: 20545K(26764K)->20545K(26764K)
[61.472s][info][gc             ] GC(152) Pause Young (Allocation Failure) 749M->189M(1988M) 6.867ms
[61.472s][info][gc,cpu         ] GC(152) User=0.02s Sys=0.00s Real=0.01s
[61.962s][info][gc,start       ] GC(153) Pause Young (System.gc())
[61.966s][info][gc,heap        ] GC(153) PSYoungGen: 328441K->1850K(635392K)
[61.966s][info][gc,heap        ] GC(153) ParOldGen: 188697K->192890K(1398272K)
[61.966s][info][gc,metaspace   ] GC(153) Metaspace: 170782K(182844K)->170782K(182844K) NonClass: 150237K(156080K)->150237K(156080K) Class: 20545K(26764K)->20545K(26764K)
[61.966s][info][gc             ] GC(153) Pause Young (System.gc()) 505M->190M(1986M) 3.823ms
[61.966s][info][gc,cpu         ] GC(153) User=0.00s Sys=0.00s Real=0.00s
[61.966s][info][gc,start       ] GC(154) Pause Full (System.gc())
[61.966s][info][gc,phases,start] GC(154) Marking Phase
[62.023s][info][gc,phases      ] GC(154) Marking Phase 56.709ms
[62.023s][info][gc,phases,start] GC(154) Summary Phase
[62.023s][info][gc,phases      ] GC(154) Summary Phase 0.011ms
[62.023s][info][gc,phases,start] GC(154) Adjust Roots
[62.043s][info][gc,phases      ] GC(154) Adjust Roots 19.875ms
[62.043s][info][gc,phases,start] GC(154) Compaction Phase
[62.074s][info][gc,phases      ] GC(154) Compaction Phase 30.698ms
[62.074s][info][gc,phases,start] GC(154) Post Compact
[62.075s][info][gc,phases      ] GC(154) Post Compact 1.079ms
[62.075s][info][gc,heap        ] GC(154) PSYoungGen: 1850K->0K(635392K)
[62.075s][info][gc,heap        ] GC(154) ParOldGen: 192890K->126070K(1398272K)
[62.075s][info][gc,metaspace   ] GC(154) Metaspace: 170782K(182844K)->170782K(182844K) NonClass: 150237K(156080K)->150237K(156080K) Class: 20545K(26764K)->20545K(26764K)
[62.075s][info][gc             ] GC(154) Pause Full (System.gc()) 190M->123M(1986M) 108.712ms
[62.075s][info][gc,cpu         ] GC(154) User=0.12s Sys=0.00s Real=0.11s
[62.202s][info][gc,start       ] GC(155) Pause Young (Allocation Failure)
[62.205s][info][gc,heap        ] GC(155) PSYoungGen: 572676K->938K(642048K)
[62.205s][info][gc,heap        ] GC(155) ParOldGen: 126070K->126070K(1398272K)
[62.205s][info][gc,metaspace   ] GC(155) Metaspace: 170852K(182844K)->170852K(182844K) NonClass: 150307K(156080K)->150307K(156080K) Class: 20545K(26764K)->20545K(26764K)
[62.205s][info][gc             ] GC(155) Pause Young (Allocation Failure) 682M->124M(1992M) 2.312ms
[62.205s][info][gc,cpu         ] GC(155) User=0.00s Sys=0.00s Real=0.00s
[62.314s][info][gc,start       ] GC(156) Pause Young (Allocation Failure)
[62.321s][info][gc,heap        ] GC(156) PSYoungGen: 584106K->35354K(619008K)
[62.321s][info][gc,heap        ] GC(156) ParOldGen: 126070K->126796K(1398272K)
[62.321s][info][gc,metaspace   ] GC(156) Metaspace: 170854K(182844K)->170854K(182844K) NonClass: 150308K(156080K)->150308K(156080K) Class: 20545K(26764K)->20545K(26764K)
[62.321s][info][gc             ] GC(156) Pause Young (Allocation Failure) 693M->158M(1970M) 7.187ms
[62.321s][info][gc,cpu         ] GC(156) User=0.06s Sys=0.00s Real=0.01s
[62.401s][info][gc,start       ] GC(157) Pause Young (Allocation Failure)
[62.411s][info][gc,heap        ] GC(157) PSYoungGen: 618522K->37106K(631808K)
[62.411s][info][gc,heap        ] GC(157) ParOldGen: 126796K->155294K(1398272K)
[62.411s][info][gc,metaspace   ] GC(157) Metaspace: 170854K(182844K)->170854K(182844K) NonClass: 150308K(156080K)->150308K(156080K) Class: 20545K(26764K)->20545K(26764K)
[62.412s][info][gc             ] GC(157) Pause Young (Allocation Failure) 727M->187M(1982M) 10.747ms
[62.412s][info][gc,cpu         ] GC(157) User=0.00s Sys=0.00s Real=0.02s
[63.177s][info][gc,start       ] GC(158) Pause Young (Allocation Failure)
[63.185s][info][gc,heap        ] GC(158) PSYoungGen: 604353K->5519K(634880K)
[63.185s][info][gc,heap        ] GC(158) ParOldGen: 155294K->188994K(1398272K)
[63.185s][info][gc,metaspace   ] GC(158) Metaspace: 170860K(182844K)->170860K(182844K) NonClass: 150315K(156080K)->150315K(156080K) Class: 20545K(26764K)->20545K(26764K)
[63.185s][info][gc             ] GC(158) Pause Young (Allocation Failure) 741M->189M(1985M) 7.332ms
[63.185s][info][gc,cpu         ] GC(158) User=0.02s Sys=0.00s Real=0.02s
[63.677s][info][gc,start       ] GC(159) Pause Young (System.gc())
[63.680s][info][gc,heap        ] GC(159) PSYoungGen: 326783K->1802K(638976K)
[63.680s][info][gc,heap        ] GC(159) ParOldGen: 188994K->193330K(1398272K)
[63.680s][info][gc,metaspace   ] GC(159) Metaspace: 170890K(182844K)->170890K(182844K) NonClass: 150345K(156080K)->150345K(156080K) Class: 20545K(26764K)->20545K(26764K)
[63.680s][info][gc             ] GC(159) Pause Young (System.gc()) 503M->190M(1989M) 3.086ms
[63.681s][info][gc,cpu         ] GC(159) User=0.00s Sys=0.00s Real=0.00s
[63.681s][info][gc,start       ] GC(160) Pause Full (System.gc())
[63.681s][info][gc,phases,start] GC(160) Marking Phase
[63.734s][info][gc,phases      ] GC(160) Marking Phase 53.092ms
[63.734s][info][gc,phases,start] GC(160) Summary Phase
[63.734s][info][gc,phases      ] GC(160) Summary Phase 0.011ms
[63.734s][info][gc,phases,start] GC(160) Adjust Roots
[63.754s][info][gc,phases      ] GC(160) Adjust Roots 20.594ms
[63.754s][info][gc,phases,start] GC(160) Compaction Phase
[63.789s][info][gc,phases      ] GC(160) Compaction Phase 34.441ms
[63.789s][info][gc,phases,start] GC(160) Post Compact
[63.790s][info][gc,phases      ] GC(160) Post Compact 1.046ms
[63.790s][info][gc,heap        ] GC(160) PSYoungGen: 1802K->0K(638976K)
[63.790s][info][gc,heap        ] GC(160) ParOldGen: 193330K->125648K(1398272K)
[63.790s][info][gc,metaspace   ] GC(160) Metaspace: 170890K(182844K)->170890K(182844K) NonClass: 150345K(156080K)->150345K(156080K) Class: 20545K(26764K)->20545K(26764K)
[63.790s][info][gc             ] GC(160) Pause Full (System.gc()) 190M->122M(1989M) 109.501ms
[63.790s][info][gc,cpu         ] GC(160) User=0.11s Sys=0.00s Real=0.11s
[63.942s][info][gc,start       ] GC(161) Pause Young (Allocation Failure)
[63.944s][info][gc,heap        ] GC(161) PSYoungGen: 577536K->1130K(637440K)
[63.944s][info][gc,heap        ] GC(161) ParOldGen: 125648K->125656K(1398272K)
[63.944s][info][gc,metaspace   ] GC(161) Metaspace: 170929K(182844K)->170929K(182844K) NonClass: 150383K(156080K)->150383K(156080K) Class: 20546K(26764K)->20546K(26764K)
[63.944s][info][gc             ] GC(161) Pause Young (Allocation Failure) 686M->123M(1988M) 2.198ms
[63.944s][info][gc,cpu         ] GC(161) User=0.00s Sys=0.00s Real=0.00s
[64.048s][info][gc,start       ] GC(162) Pause Young (Allocation Failure)
[64.054s][info][gc,heap        ] GC(162) PSYoungGen: 578666K->34715K(634880K)
[64.054s][info][gc,heap        ] GC(162) ParOldGen: 125656K->126372K(1398272K)
[64.054s][info][gc,metaspace   ] GC(162) Metaspace: 170930K(182844K)->170930K(182844K) NonClass: 150384K(156080K)->150384K(156080K) Class: 20546K(26764K)->20546K(26764K)
[64.054s][info][gc             ] GC(162) Pause Young (Allocation Failure) 687M->157M(1985M) 6.698ms
[64.054s][info][gc,cpu         ] GC(162) User=0.00s Sys=0.00s Real=0.00s
[64.129s][info][gc,start       ] GC(163) Pause Young (Allocation Failure)
[64.139s][info][gc,heap        ] GC(163) PSYoungGen: 611739K->35423K(612864K)
[64.139s][info][gc,heap        ] GC(163) ParOldGen: 126372K->154744K(1398272K)
[64.139s][info][gc,metaspace   ] GC(163) Metaspace: 170930K(182844K)->170930K(182844K) NonClass: 150384K(156080K)->150384K(156080K) Class: 20546K(26764K)->20546K(26764K)
[64.139s][info][gc             ] GC(163) Pause Young (Allocation Failure) 720M->185M(1964M) 9.923ms
[64.139s][info][gc,cpu         ] GC(163) User=0.02s Sys=0.00s Real=0.02s
[64.929s][info][gc,start       ] GC(164) Pause Young (Allocation Failure)
[64.936s][info][gc,heap        ] GC(164) PSYoungGen: 610456K->5585K(637440K)
[64.936s][info][gc,heap        ] GC(164) ParOldGen: 154744K->188452K(1398272K)
[64.936s][info][gc,metaspace   ] GC(164) Metaspace: 170934K(182844K)->170934K(182844K) NonClass: 150387K(156080K)->150387K(156080K) Class: 20546K(26764K)->20546K(26764K)
[64.936s][info][gc             ] GC(164) Pause Young (Allocation Failure) 747M->189M(1988M) 6.894ms
[64.936s][info][gc,cpu         ] GC(164) User=0.00s Sys=0.00s Real=0.00s
[65.423s][info][gc,start       ] GC(165) Pause Young (System.gc())
[65.426s][info][gc,heap        ] GC(165) PSYoungGen: 326328K->1834K(634880K)
[65.426s][info][gc,heap        ] GC(165) ParOldGen: 188452K->192872K(1398272K)
[65.426s][info][gc,metaspace   ] GC(165) Metaspace: 170943K(182844K)->170943K(182844K) NonClass: 150397K(156080K)->150397K(156080K) Class: 20546K(26764K)->20546K(26764K)
[65.427s][info][gc             ] GC(165) Pause Young (System.gc()) 502M->190M(1985M) 3.226ms
[65.427s][info][gc,cpu         ] GC(165) User=0.03s Sys=0.00s Real=0.02s
[65.427s][info][gc,start       ] GC(166) Pause Full (System.gc())
[65.427s][info][gc,phases,start] GC(166) Marking Phase
[65.482s][info][gc,phases      ] GC(166) Marking Phase 55.539ms
[65.482s][info][gc,phases,start] GC(166) Summary Phase
[65.482s][info][gc,phases      ] GC(166) Summary Phase 0.012ms
[65.482s][info][gc,phases,start] GC(166) Adjust Roots
[65.502s][info][gc,phases      ] GC(166) Adjust Roots 19.935ms
[65.502s][info][gc,phases,start] GC(166) Compaction Phase
[65.534s][info][gc,phases      ] GC(166) Compaction Phase 31.732ms
[65.534s][info][gc,phases,start] GC(166) Post Compact
[65.535s][info][gc,phases      ] GC(166) Post Compact 1.099ms
[65.535s][info][gc,heap        ] GC(166) PSYoungGen: 1834K->0K(634880K)
[65.535s][info][gc,heap        ] GC(166) ParOldGen: 192872K->126000K(1398272K)
[65.535s][info][gc,metaspace   ] GC(166) Metaspace: 170943K(182844K)->170943K(182844K) NonClass: 150397K(156080K)->150397K(156080K) Class: 20546K(26764K)->20546K(26764K)
[65.535s][info][gc             ] GC(166) Pause Full (System.gc()) 190M->123M(1985M) 108.648ms
[65.535s][info][gc,cpu         ] GC(166) User=0.09s Sys=0.00s Real=0.11s
[65.673s][info][gc,start       ] GC(167) Pause Young (Allocation Failure)
[65.676s][info][gc,heap        ] GC(167) PSYoungGen: 570840K->931K(641536K)
[65.676s][info][gc,heap        ] GC(167) ParOldGen: 126000K->126000K(1398272K)
[65.676s][info][gc,metaspace   ] GC(167) Metaspace: 171054K(183100K)->171054K(183100K) NonClass: 150507K(156336K)->150507K(156336K) Class: 20546K(26764K)->20546K(26764K)
[65.676s][info][gc             ] GC(167) Pause Young (Allocation Failure) 680M->123M(1992M) 2.263ms
[65.676s][info][gc,cpu         ] GC(167) User=0.02s Sys=0.00s Real=0.01s
[65.786s][info][gc,start       ] GC(168) Pause Young (Allocation Failure)
[65.792s][info][gc,heap        ] GC(168) PSYoungGen: 583075K->32279K(614912K)
[65.792s][info][gc,heap        ] GC(168) ParOldGen: 126000K->126718K(1398272K)
[65.792s][info][gc,metaspace   ] GC(168) Metaspace: 171056K(183100K)->171056K(183100K) NonClass: 150509K(156336K)->150509K(156336K) Class: 20546K(26764K)->20546K(26764K)
[65.792s][info][gc             ] GC(168) Pause Young (Allocation Failure) 692M->155M(1966M) 6.284ms
[65.792s][info][gc,cpu         ] GC(168) User=0.03s Sys=0.00s Real=0.00s
[65.863s][info][gc,start       ] GC(169) Pause Young (Allocation Failure)
[65.873s][info][gc,heap        ] GC(169) PSYoungGen: 614423K->34272K(633856K)
[65.873s][info][gc,heap        ] GC(169) ParOldGen: 126718K->157321K(1398272K)
[65.873s][info][gc,metaspace   ] GC(169) Metaspace: 171056K(183100K)->171056K(183100K) NonClass: 150509K(156336K)->150509K(156336K) Class: 20546K(26764K)->20546K(26764K)
[65.873s][info][gc             ] GC(169) Pause Young (Allocation Failure) 723M->187M(1984M) 9.720ms
[65.873s][info][gc,cpu         ] GC(169) User=0.02s Sys=0.00s Real=0.02s
[66.648s][info][gc,start       ] GC(170) Pause Young (Allocation Failure)
[66.655s][info][gc,heap        ] GC(170) PSYoungGen: 608224K->5002K(636416K)
[66.655s][info][gc,heap        ] GC(170) ParOldGen: 157321K->189626K(1398272K)
[66.655s][info][gc,metaspace   ] GC(170) Metaspace: 171077K(183100K)->171077K(183100K) NonClass: 150531K(156336K)->150531K(156336K) Class: 20546K(26764K)->20546K(26764K)
[66.655s][info][gc             ] GC(170) Pause Young (Allocation Failure) 747M->190M(1987M) 6.814ms
[66.655s][info][gc,cpu         ] GC(170) User=0.02s Sys=0.00s Real=0.02s
[67.137s][info][gc,start       ] GC(171) Pause Young (System.gc())
[67.140s][info][gc,heap        ] GC(171) PSYoungGen: 320033K->1802K(640512K)
[67.140s][info][gc,heap        ] GC(171) ParOldGen: 189626K->193476K(1398272K)
[67.140s][info][gc,metaspace   ] GC(171) Metaspace: 171112K(183100K)->171112K(183100K) NonClass: 150565K(156336K)->150565K(156336K) Class: 20546K(26764K)->20546K(26764K)
[67.140s][info][gc             ] GC(171) Pause Young (System.gc()) 497M->190M(1991M) 3.283ms
[67.140s][info][gc,cpu         ] GC(171) User=0.00s Sys=0.00s Real=0.00s
[67.140s][info][gc,start       ] GC(172) Pause Full (System.gc())
[67.140s][info][gc,phases,start] GC(172) Marking Phase
[67.195s][info][gc,phases      ] GC(172) Marking Phase 54.765ms
[67.195s][info][gc,phases,start] GC(172) Summary Phase
[67.195s][info][gc,phases      ] GC(172) Summary Phase 0.011ms
[67.195s][info][gc,phases,start] GC(172) Adjust Roots
[67.215s][info][gc,phases      ] GC(172) Adjust Roots 19.763ms
[67.215s][info][gc,phases,start] GC(172) Compaction Phase
[67.245s][info][gc,phases      ] GC(172) Compaction Phase 29.478ms
[67.245s][info][gc,phases,start] GC(172) Post Compact
[67.246s][info][gc,phases      ] GC(172) Post Compact 1.359ms
[67.246s][info][gc,heap        ] GC(172) PSYoungGen: 1802K->0K(640512K)
[67.246s][info][gc,heap        ] GC(172) ParOldGen: 193476K->126339K(1398272K)
[67.246s][info][gc,metaspace   ] GC(172) Metaspace: 171112K(183100K)->171112K(183100K) NonClass: 150565K(156336K)->150565K(156336K) Class: 20546K(26764K)->20546K(26764K)
[67.246s][info][gc             ] GC(172) Pause Full (System.gc()) 190M->123M(1991M) 105.765ms
[67.246s][info][gc,cpu         ] GC(172) User=0.11s Sys=0.00s Real=0.11s
[67.395s][info][gc,start       ] GC(173) Pause Young (Allocation Failure)
[67.397s][info][gc,heap        ] GC(173) PSYoungGen: 579999K->2026K(638976K)
[67.397s][info][gc,heap        ] GC(173) ParOldGen: 126339K->126339K(1398272K)
[67.397s][info][gc,metaspace   ] GC(173) Metaspace: 171112K(183100K)->171112K(183100K) NonClass: 150566K(156336K)->150566K(156336K) Class: 20546K(26764K)->20546K(26764K)
[67.397s][info][gc             ] GC(173) Pause Young (Allocation Failure) 689M->125M(1989M) 2.033ms
[67.397s][info][gc,cpu         ] GC(173) User=0.00s Sys=0.00s Real=0.00s
[67.483s][info][gc,start       ] GC(174) Pause Young (Allocation Failure)
[67.490s][info][gc,heap        ] GC(174) PSYoungGen: 582634K->36973K(633856K)
[67.490s][info][gc,heap        ] GC(174) ParOldGen: 126339K->127058K(1398272K)
[67.490s][info][gc,metaspace   ] GC(174) Metaspace: 171123K(183100K)->171123K(183100K) NonClass: 150576K(156336K)->150576K(156336K) Class: 20546K(26764K)->20546K(26764K)
[67.490s][info][gc             ] GC(174) Pause Young (Allocation Failure) 692M->160M(1984M) 6.796ms
[67.490s][info][gc,cpu         ] GC(174) User=0.02s Sys=0.00s Real=0.00s
[67.566s][info][gc,start       ] GC(175) Pause Young (Allocation Failure)
[67.576s][info][gc,heap        ] GC(175) PSYoungGen: 615021K->35226K(613376K)
[67.576s][info][gc,heap        ] GC(175) ParOldGen: 127058K->155260K(1398272K)
[67.576s][info][gc,metaspace   ] GC(175) Metaspace: 171123K(183100K)->171123K(183100K) NonClass: 150576K(156336K)->150576K(156336K) Class: 20546K(26764K)->20546K(26764K)
[67.576s][info][gc             ] GC(175) Pause Young (Allocation Failure) 724M->186M(1964M) 9.944ms
[67.576s][info][gc,cpu         ] GC(175) User=0.03s Sys=0.00s Real=0.02s
[68.346s][info][gc,start       ] GC(176) Pause Young (Allocation Failure)
[68.352s][info][gc,heap        ] GC(176) PSYoungGen: 613274K->5214K(637952K)
[68.352s][info][gc,heap        ] GC(176) ParOldGen: 155260K->190004K(1398272K)
[68.352s][info][gc,metaspace   ] GC(176) Metaspace: 171123K(183100K)->171123K(183100K) NonClass: 150576K(156336K)->150576K(156336K) Class: 20546K(26764K)->20546K(26764K)
[68.352s][info][gc             ] GC(176) Pause Young (Allocation Failure) 750M->190M(1988M) 6.740ms
[68.352s][info][gc,cpu         ] GC(176) User=0.00s Sys=0.00s Real=0.00s
[68.868s][info][gc,start       ] GC(177) Pause Young (System.gc())
[68.871s][info][gc,heap        ] GC(177) PSYoungGen: 318735K->1802K(635904K)
[68.871s][info][gc,heap        ] GC(177) ParOldGen: 190004K->193423K(1398272K)
[68.871s][info][gc,metaspace   ] GC(177) Metaspace: 171138K(183100K)->171138K(183100K) NonClass: 150588K(156336K)->150588K(156336K) Class: 20549K(26764K)->20549K(26764K)
[68.871s][info][gc             ] GC(177) Pause Young (System.gc()) 496M->190M(1986M) 3.103ms
[68.871s][info][gc,cpu         ] GC(177) User=0.00s Sys=0.00s Real=0.00s
[68.871s][info][gc,start       ] GC(178) Pause Full (System.gc())
[68.871s][info][gc,phases,start] GC(178) Marking Phase
[68.924s][info][gc,phases      ] GC(178) Marking Phase 53.053ms
[68.924s][info][gc,phases,start] GC(178) Summary Phase
[68.924s][info][gc,phases      ] GC(178) Summary Phase 0.012ms
[68.924s][info][gc,phases,start] GC(178) Adjust Roots
[68.945s][info][gc,phases      ] GC(178) Adjust Roots 20.605ms
[68.945s][info][gc,phases,start] GC(178) Compaction Phase
[68.976s][info][gc,phases      ] GC(178) Compaction Phase 30.941ms
[68.976s][info][gc,phases,start] GC(178) Post Compact
[68.977s][info][gc,phases      ] GC(178) Post Compact 1.044ms
[68.977s][info][gc,heap        ] GC(178) PSYoungGen: 1802K->0K(635904K)
[68.977s][info][gc,heap        ] GC(178) ParOldGen: 193423K->125991K(1398272K)
[68.977s][info][gc,metaspace   ] GC(178) Metaspace: 171138K(183100K)->171138K(183100K) NonClass: 150588K(156336K)->150588K(156336K) Class: 20549K(26764K)->20549K(26764K)
[68.977s][info][gc             ] GC(178) Pause Full (System.gc()) 190M->123M(1986M) 105.954ms
[68.977s][info][gc,cpu         ] GC(178) User=0.08s Sys=0.00s Real=0.11s
[69.105s][info][gc,start       ] GC(179) Pause Young (Allocation Failure)
[69.108s][info][gc,heap        ] GC(179) PSYoungGen: 574976K->816K(642048K)
[69.108s][info][gc,heap        ] GC(179) ParOldGen: 125991K->125991K(1398272K)
[69.108s][info][gc,metaspace   ] GC(179) Metaspace: 171186K(183100K)->171186K(183100K) NonClass: 150636K(156336K)->150636K(156336K) Class: 20549K(26764K)->20549K(26764K)
[69.108s][info][gc             ] GC(179) Pause Young (Allocation Failure) 684M->123M(1992M) 2.537ms
[69.108s][info][gc,cpu         ] GC(179) User=0.00s Sys=0.00s Real=0.00s
[69.229s][info][gc,start       ] GC(180) Pause Young (Allocation Failure)
[69.236s][info][gc,heap        ] GC(180) PSYoungGen: 583984K->34322K(617984K)
[69.236s][info][gc,heap        ] GC(180) ParOldGen: 125991K->126633K(1398272K)
[69.236s][info][gc,metaspace   ] GC(180) Metaspace: 171187K(183100K)->171187K(183100K) NonClass: 150637K(156336K)->150637K(156336K) Class: 20549K(26764K)->20549K(26764K)
[69.236s][info][gc             ] GC(180) Pause Young (Allocation Failure) 693M->157M(1969M) 7.344ms
[69.236s][info][gc,cpu         ] GC(180) User=0.00s Sys=0.00s Real=0.00s
[69.320s][info][gc,start       ] GC(181) Pause Young (Allocation Failure)
[69.336s][info][gc,heap        ] GC(181) PSYoungGen: 617490K->36476K(632320K)
[69.336s][info][gc,heap        ] GC(181) ParOldGen: 126633K->154061K(1398272K)
[69.336s][info][gc,metaspace   ] GC(181) Metaspace: 171187K(183100K)->171187K(183100K) NonClass: 150637K(156336K)->150637K(156336K) Class: 20549K(26764K)->20549K(26764K)
[69.336s][info][gc             ] GC(181) Pause Young (Allocation Failure) 726M->186M(1983M) 15.950ms
[69.336s][info][gc,cpu         ] GC(181) User=0.02s Sys=0.00s Real=0.02s
[70.101s][info][gc,start       ] GC(182) Pause Young (Allocation Failure)
[70.108s][info][gc,heap        ] GC(182) PSYoungGen: 608380K->5452K(635392K)
[70.108s][info][gc,heap        ] GC(182) ParOldGen: 154061K->188612K(1398272K)
[70.108s][info][gc,metaspace   ] GC(182) Metaspace: 171187K(183100K)->171187K(183100K) NonClass: 150637K(156336K)->150637K(156336K) Class: 20549K(26764K)->20549K(26764K)
[70.108s][info][gc             ] GC(182) Pause Young (Allocation Failure) 744M->189M(1986M) 7.050ms
[70.108s][info][gc,cpu         ] GC(182) User=0.02s Sys=0.00s Real=0.02s
[70.593s][info][gc,start       ] GC(183) Pause Young (System.gc())
[70.596s][info][gc,heap        ] GC(183) PSYoungGen: 331962K->1858K(639488K)
[70.596s][info][gc,heap        ] GC(183) ParOldGen: 188612K->192948K(1398272K)
[70.596s][info][gc,metaspace   ] GC(183) Metaspace: 171194K(183356K)->171194K(183356K) NonClass: 150644K(156592K)->150644K(156592K) Class: 20549K(26764K)->20549K(26764K)
[70.596s][info][gc             ] GC(183) Pause Young (System.gc()) 508M->190M(1990M) 2.943ms
[70.596s][info][gc,cpu         ] GC(183) User=0.00s Sys=0.00s Real=0.00s
[70.596s][info][gc,start       ] GC(184) Pause Full (System.gc())
[70.596s][info][gc,phases,start] GC(184) Marking Phase
[70.654s][info][gc,phases      ] GC(184) Marking Phase 58.029ms
[70.654s][info][gc,phases,start] GC(184) Summary Phase
[70.654s][info][gc,phases      ] GC(184) Summary Phase 0.011ms
[70.654s][info][gc,phases,start] GC(184) Adjust Roots
[70.674s][info][gc,phases      ] GC(184) Adjust Roots 20.544ms
[70.674s][info][gc,phases,start] GC(184) Compaction Phase
[70.722s][info][gc,phases      ] GC(184) Compaction Phase 47.601ms
[70.722s][info][gc,phases,start] GC(184) Post Compact
[70.723s][info][gc,phases      ] GC(184) Post Compact 1.108ms
[70.723s][info][gc,heap        ] GC(184) PSYoungGen: 1858K->0K(639488K)
[70.723s][info][gc,heap        ] GC(184) ParOldGen: 192948K->126327K(1398272K)
[70.723s][info][gc,metaspace   ] GC(184) Metaspace: 171194K(183356K)->171194K(183356K) NonClass: 150644K(156592K)->150644K(156592K) Class: 20549K(26764K)->20549K(26764K)
[70.723s][info][gc             ] GC(184) Pause Full (System.gc()) 190M->123M(1990M) 127.582ms
[70.723s][info][gc,cpu         ] GC(184) User=0.19s Sys=0.00s Real=0.12s
[70.905s][info][gc,start       ] GC(185) Pause Young (Allocation Failure)
[70.907s][info][gc,heap        ] GC(185) PSYoungGen: 578560K->1153K(637952K)
[70.907s][info][gc,heap        ] GC(185) ParOldGen: 126327K->126327K(1398272K)
[70.907s][info][gc,metaspace   ] GC(185) Metaspace: 171224K(183356K)->171224K(183356K) NonClass: 150674K(156592K)->150674K(156592K) Class: 20549K(26764K)->20549K(26764K)
[70.907s][info][gc             ] GC(185) Pause Young (Allocation Failure) 688M->124M(1988M) 2.486ms
[70.907s][info][gc,cpu         ] GC(185) User=0.00s Sys=0.00s Real=0.00s
[70.995s][info][gc,start       ] GC(186) Pause Young (Allocation Failure)
[71.002s][info][gc,heap        ] GC(186) PSYoungGen: 579713K->37379K(633344K)
[71.002s][info][gc,heap        ] GC(186) ParOldGen: 126327K->127051K(1398272K)
[71.002s][info][gc,metaspace   ] GC(186) Metaspace: 171224K(183356K)->171224K(183356K) NonClass: 150674K(156592K)->150674K(156592K) Class: 20549K(26764K)->20549K(26764K)
[71.002s][info][gc             ] GC(186) Pause Young (Allocation Failure) 689M->160M(1984M) 7.409ms
[71.002s][info][gc,cpu         ] GC(186) User=0.02s Sys=0.00s Real=0.02s
[71.077s][info][gc,start       ] GC(187) Pause Young (Allocation Failure)
[71.088s][info][gc,heap        ] GC(187) PSYoungGen: 613379K->36686K(612864K)
[71.088s][info][gc,heap        ] GC(187) ParOldGen: 127051K->154358K(1398272K)
[71.088s][info][gc,metaspace   ] GC(187) Metaspace: 171224K(183356K)->171224K(183356K) NonClass: 150674K(156592K)->150674K(156592K) Class: 20549K(26764K)->20549K(26764K)
[71.088s][info][gc             ] GC(187) Pause Young (Allocation Failure) 723M->186M(1964M) 10.372ms
[71.088s][info][gc,cpu         ] GC(187) User=0.05s Sys=0.00s Real=0.00s
[71.862s][info][gc,start       ] GC(188) Pause Young (Allocation Failure)
[71.869s][info][gc,heap        ] GC(188) PSYoungGen: 610288K->5019K(636416K)
[71.869s][info][gc,heap        ] GC(188) ParOldGen: 154358K->189691K(1398272K)
[71.869s][info][gc,metaspace   ] GC(188) Metaspace: 171232K(183356K)->171232K(183356K) NonClass: 150682K(156592K)->150682K(156592K) Class: 20549K(26764K)->20549K(26764K)
[71.869s][info][gc             ] GC(188) Pause Young (Allocation Failure) 746M->190M(1987M) 6.800ms
[71.869s][info][gc,cpu         ] GC(188) User=0.00s Sys=0.00s Real=0.00s
[72.368s][info][gc,start       ] GC(189) Pause Young (System.gc())
[72.371s][info][gc,heap        ] GC(189) PSYoungGen: 326424K->1793K(634368K)
[72.371s][info][gc,heap        ] GC(189) ParOldGen: 189691K->193532K(1398272K)
[72.371s][info][gc,metaspace   ] GC(189) Metaspace: 171257K(183356K)->171257K(183356K) NonClass: 150708K(156592K)->150708K(156592K) Class: 20549K(26764K)->20549K(26764K)
[72.371s][info][gc             ] GC(189) Pause Young (System.gc()) 504M->190M(1985M) 2.836ms
[72.371s][info][gc,cpu         ] GC(189) User=0.00s Sys=0.00s Real=0.00s
[72.371s][info][gc,start       ] GC(190) Pause Full (System.gc())
[72.371s][info][gc,phases,start] GC(190) Marking Phase
[72.427s][info][gc,phases      ] GC(190) Marking Phase 55.339ms
[72.427s][info][gc,phases,start] GC(190) Summary Phase
[72.427s][info][gc,phases      ] GC(190) Summary Phase 0.013ms
[72.427s][info][gc,phases,start] GC(190) Adjust Roots
[72.447s][info][gc,phases      ] GC(190) Adjust Roots 19.918ms
[72.447s][info][gc,phases,start] GC(190) Compaction Phase
[72.468s][info][gc,phases      ] GC(190) Compaction Phase 21.102ms
[72.468s][info][gc,phases,start] GC(190) Post Compact
[72.469s][info][gc,phases      ] GC(190) Post Compact 1.040ms
[72.469s][info][gc,heap        ] GC(190) PSYoungGen: 1793K->0K(634368K)
[72.469s][info][gc,heap        ] GC(190) ParOldGen: 193532K->125984K(1398272K)
[72.469s][info][gc,metaspace   ] GC(190) Metaspace: 171257K(183356K)->171257K(183356K) NonClass: 150708K(156592K)->150708K(156592K) Class: 20549K(26764K)->20549K(26764K)
[72.469s][info][gc             ] GC(190) Pause Full (System.gc()) 190M->123M(1985M) 97.733ms
[72.469s][info][gc,cpu         ] GC(190) User=0.09s Sys=0.00s Real=0.09s
[72.604s][info][gc,start       ] GC(191) Pause Young (Allocation Failure)
[72.606s][info][gc,heap        ] GC(191) PSYoungGen: 571248K->880K(640512K)
[72.606s][info][gc,heap        ] GC(191) ParOldGen: 125984K->125984K(1398272K)
[72.606s][info][gc,metaspace   ] GC(191) Metaspace: 171305K(183356K)->171305K(183356K) NonClass: 150753K(156592K)->150753K(156592K) Class: 20551K(26764K)->20551K(26764K)
[72.606s][info][gc             ] GC(191) Pause Young (Allocation Failure) 680M->123M(1991M) 2.170ms
[72.606s][info][gc,cpu         ] GC(191) User=0.00s Sys=0.00s Real=0.00s
[72.713s][info][gc,start       ] GC(192) Pause Young (Allocation Failure)
[72.719s][info][gc,heap        ] GC(192) PSYoungGen: 580976K->37149K(617472K)
[72.719s][info][gc,heap        ] GC(192) ParOldGen: 125984K->126681K(1398272K)
[72.719s][info][gc,metaspace   ] GC(192) Metaspace: 171307K(183356K)->171307K(183356K) NonClass: 150755K(156592K)->150755K(156592K) Class: 20551K(26764K)->20551K(26764K)
[72.720s][info][gc             ] GC(192) Pause Young (Allocation Failure) 690M->159M(1968M) 6.915ms
[72.720s][info][gc,cpu         ] GC(192) User=0.02s Sys=0.00s Real=0.00s
[72.786s][info][gc,start       ] GC(193) Pause Young (Allocation Failure)
[72.796s][info][gc,heap        ] GC(193) PSYoungGen: 617245K->38471K(629248K)
[72.796s][info][gc,heap        ] GC(193) ParOldGen: 126681K->154349K(1398272K)
[72.796s][info][gc,metaspace   ] GC(193) Metaspace: 171307K(183356K)->171307K(183356K) NonClass: 150755K(156592K)->150755K(156592K) Class: 20551K(26764K)->20551K(26764K)
[72.796s][info][gc             ] GC(193) Pause Young (Allocation Failure) 726M->188M(1980M) 10.153ms
[72.796s][info][gc,cpu         ] GC(193) User=0.00s Sys=0.00s Real=0.00s
[73.580s][info][gc,start       ] GC(194) Pause Young (Allocation Failure)
[73.588s][info][gc,heap        ] GC(194) PSYoungGen: 605255K->5720K(632832K)
[73.588s][info][gc,heap        ] GC(194) ParOldGen: 154349K->188829K(1398272K)
[73.588s][info][gc,metaspace   ] GC(194) Metaspace: 171309K(183356K)->171309K(183356K) NonClass: 150757K(156592K)->150757K(156592K) Class: 20551K(26764K)->20551K(26764K)
[73.588s][info][gc             ] GC(194) Pause Young (Allocation Failure) 741M->189M(1983M) 7.818ms
[73.588s][info][gc,cpu         ] GC(194) User=0.02s Sys=0.00s Real=0.02s
[74.086s][info][gc,start       ] GC(195) Pause Young (System.gc())
[74.089s][info][gc,heap        ] GC(195) PSYoungGen: 335458K->1859K(637440K)
[74.089s][info][gc,heap        ] GC(195) ParOldGen: 188829K->193465K(1398272K)
[74.089s][info][gc,metaspace   ] GC(195) Metaspace: 171313K(183356K)->171313K(183356K) NonClass: 150761K(156592K)->150761K(156592K) Class: 20551K(26764K)->20551K(26764K)
[74.089s][info][gc             ] GC(195) Pause Young (System.gc()) 512M->190M(1988M) 3.292ms
[74.089s][info][gc,cpu         ] GC(195) User=0.00s Sys=0.00s Real=0.00s
[74.089s][info][gc,start       ] GC(196) Pause Full (System.gc())
[74.089s][info][gc,phases,start] GC(196) Marking Phase
[74.144s][info][gc,phases      ] GC(196) Marking Phase 54.614ms
[74.144s][info][gc,phases,start] GC(196) Summary Phase
[74.144s][info][gc,phases      ] GC(196) Summary Phase 0.011ms
[74.144s][info][gc,phases,start] GC(196) Adjust Roots
[74.164s][info][gc,phases      ] GC(196) Adjust Roots 20.067ms
[74.164s][info][gc,phases,start] GC(196) Compaction Phase
[74.193s][info][gc,phases      ] GC(196) Compaction Phase 28.879ms
[74.193s][info][gc,phases,start] GC(196) Post Compact
[74.194s][info][gc,phases      ] GC(196) Post Compact 1.030ms
[74.194s][info][gc,heap        ] GC(196) PSYoungGen: 1859K->0K(637440K)
[74.194s][info][gc,heap        ] GC(196) ParOldGen: 193465K->126248K(1398272K)
[74.194s][info][gc,metaspace   ] GC(196) Metaspace: 171313K(183356K)->171313K(183356K) NonClass: 150761K(156592K)->150761K(156592K) Class: 20551K(26764K)->20551K(26764K)
[74.194s][info][gc             ] GC(196) Pause Full (System.gc()) 190M->123M(1988M) 104.921ms
[74.194s][info][gc,cpu         ] GC(196) User=0.11s Sys=0.00s Real=0.10s
[74.335s][info][gc,start       ] GC(197) Pause Young (Allocation Failure)
[74.337s][info][gc,heap        ] GC(197) PSYoungGen: 573389K->915K(635392K)
[74.337s][info][gc,heap        ] GC(197) ParOldGen: 126248K->126256K(1398272K)
[74.337s][info][gc,metaspace   ] GC(197) Metaspace: 171321K(183356K)->171321K(183356K) NonClass: 150769K(156592K)->150769K(156592K) Class: 20551K(26764K)->20551K(26764K)
[74.337s][info][gc             ] GC(197) Pause Young (Allocation Failure) 683M->124M(1986M) 1.754ms
[74.337s][info][gc,cpu         ] GC(197) User=0.00s Sys=0.00s Real=0.00s
[74.441s][info][gc,start       ] GC(198) Pause Young (Allocation Failure)
[74.447s][info][gc,heap        ] GC(198) PSYoungGen: 574867K->35545K(632320K)
[74.447s][info][gc,heap        ] GC(198) ParOldGen: 126256K->126974K(1398272K)
[74.447s][info][gc,metaspace   ] GC(198) Metaspace: 171321K(183356K)->171321K(183356K) NonClass: 150769K(156592K)->150769K(156592K) Class: 20551K(26764K)->20551K(26764K)
[74.448s][info][gc             ] GC(198) Pause Young (Allocation Failure) 684M->158M(1983M) 6.879ms
[74.448s][info][gc,cpu         ] GC(198) User=0.00s Sys=0.00s Real=0.00s
[74.515s][info][gc,start       ] GC(199) Pause Young (Allocation Failure)
[74.525s][info][gc,heap        ] GC(199) PSYoungGen: 608473K->36849K(609792K)
[74.525s][info][gc,heap        ] GC(199) ParOldGen: 126974K->154543K(1398272K)
[74.525s][info][gc,metaspace   ] GC(199) Metaspace: 171321K(183356K)->171321K(183356K) NonClass: 150769K(156592K)->150769K(156592K) Class: 20551K(26764K)->20551K(26764K)
[74.525s][info][gc             ] GC(199) Pause Young (Allocation Failure) 718M->186M(1961M) 10.041ms
[74.525s][info][gc,cpu         ] GC(199) User=0.02s Sys=0.00s Real=0.00s
[75.271s][info][gc,start       ] GC(200) Pause Young (Allocation Failure)
[75.278s][info][gc,heap        ] GC(200) PSYoungGen: 607749K->6358K(635904K)
[75.278s][info][gc,heap        ] GC(200) ParOldGen: 154543K->188450K(1398272K)
[75.278s][info][gc,metaspace   ] GC(200) Metaspace: 171338K(183356K)->171338K(183356K) NonClass: 150783K(156592K)->150783K(156592K) Class: 20555K(26764K)->20555K(26764K)
[75.278s][info][gc             ] GC(200) Pause Young (Allocation Failure) 744M->190M(1986M) 6.963ms
[75.278s][info][gc,cpu         ] GC(200) User=0.00s Sys=0.00s Real=0.00s
[75.809s][info][gc,start       ] GC(201) Pause Young (System.gc())
[75.814s][info][gc,heap        ] GC(201) PSYoungGen: 348307K->1874K(632832K)
[75.814s][info][gc,heap        ] GC(201) ParOldGen: 188450K->193717K(1398272K)
[75.814s][info][gc,metaspace   ] GC(201) Metaspace: 171348K(183356K)->171348K(183356K) NonClass: 150792K(156592K)->150792K(156592K) Class: 20555K(26764K)->20555K(26764K)
[75.814s][info][gc             ] GC(201) Pause Young (System.gc()) 524M->191M(1983M) 4.381ms
[75.814s][info][gc,cpu         ] GC(201) User=0.00s Sys=0.00s Real=0.00s
[75.814s][info][gc,start       ] GC(202) Pause Full (System.gc())
[75.814s][info][gc,phases,start] GC(202) Marking Phase
[75.877s][info][gc,phases      ] GC(202) Marking Phase 63.063ms
[75.877s][info][gc,phases,start] GC(202) Summary Phase
[75.877s][info][gc,phases      ] GC(202) Summary Phase 0.012ms
[75.877s][info][gc,phases,start] GC(202) Adjust Roots
[75.898s][info][gc,phases      ] GC(202) Adjust Roots 20.750ms
[75.898s][info][gc,phases,start] GC(202) Compaction Phase
[75.926s][info][gc,phases      ] GC(202) Compaction Phase 27.853ms
[75.926s][info][gc,phases,start] GC(202) Post Compact
[75.927s][info][gc,phases      ] GC(202) Post Compact 1.042ms
[75.927s][info][gc,heap        ] GC(202) PSYoungGen: 1874K->0K(632832K)
[75.927s][info][gc,heap        ] GC(202) ParOldGen: 193717K->126046K(1398272K)
[75.927s][info][gc,metaspace   ] GC(202) Metaspace: 171348K(183356K)->171348K(183356K) NonClass: 150792K(156592K)->150792K(156592K) Class: 20555K(26764K)->20555K(26764K)
[75.927s][info][gc             ] GC(202) Pause Full (System.gc()) 191M->123M(1983M) 113.035ms
[75.927s][info][gc,cpu         ] GC(202) User=0.19s Sys=0.00s Real=0.12s
[76.043s][info][gc,start       ] GC(203) Pause Young (Allocation Failure)
[76.045s][info][gc,heap        ] GC(203) PSYoungGen: 569672K->1072K(640000K)
[76.045s][info][gc,heap        ] GC(203) ParOldGen: 126046K->126046K(1398272K)
[76.045s][info][gc,metaspace   ] GC(203) Metaspace: 171362K(183356K)->171362K(183356K) NonClass: 150807K(156592K)->150807K(156592K) Class: 20555K(26764K)->20555K(26764K)
[76.045s][info][gc             ] GC(203) Pause Young (Allocation Failure) 679M->124M(1990M) 2.445ms
[76.045s][info][gc,cpu         ] GC(203) User=0.00s Sys=0.00s Real=0.00s
[76.156s][info][gc,start       ] GC(204) Pause Young (Allocation Failure)
[76.164s][info][gc,heap        ] GC(204) PSYoungGen: 579632K->36439K(615424K)
[76.164s][info][gc,heap        ] GC(204) ParOldGen: 126046K->126688K(1398272K)
[76.164s][info][gc,metaspace   ] GC(204) Metaspace: 171363K(183356K)->171363K(183356K) NonClass: 150808K(156592K)->150808K(156592K) Class: 20555K(26764K)->20555K(26764K)
[76.164s][info][gc             ] GC(204) Pause Young (Allocation Failure) 689M->159M(1966M) 7.905ms
[76.164s][info][gc,cpu         ] GC(204) User=0.02s Sys=0.00s Real=0.02s
[76.238s][info][gc,start       ] GC(205) Pause Young (Allocation Failure)
[76.248s][info][gc,heap        ] GC(205) PSYoungGen: 614999K->37298K(629760K)
[76.248s][info][gc,heap        ] GC(205) ParOldGen: 126688K->154039K(1398272K)
[76.248s][info][gc,metaspace   ] GC(205) Metaspace: 171366K(183356K)->171366K(183356K) NonClass: 150811K(156592K)->150811K(156592K) Class: 20555K(26764K)->20555K(26764K)
[76.248s][info][gc             ] GC(205) Pause Young (Allocation Failure) 724M->186M(1980M) 10.147ms
[76.248s][info][gc,cpu         ] GC(205) User=0.05s Sys=0.00s Real=0.02s
[77.002s][info][gc,start       ] GC(206) Pause Young (Allocation Failure)
[77.008s][info][gc,heap        ] GC(206) PSYoungGen: 604082K->5923K(632832K)
[77.008s][info][gc,heap        ] GC(206) ParOldGen: 154039K->188335K(1398272K)
[77.008s][info][gc,metaspace   ] GC(206) Metaspace: 171366K(183356K)->171366K(183356K) NonClass: 150811K(156592K)->150811K(156592K) Class: 20555K(26764K)->20555K(26764K)
[77.008s][info][gc             ] GC(206) Pause Young (Allocation Failure) 740M->189M(1983M) 6.783ms
[77.008s][info][gc,cpu         ] GC(206) User=0.00s Sys=0.00s Real=0.02s
[77.493s][info][gc,start       ] GC(207) Pause Young (System.gc())
[77.496s][info][gc,heap        ] GC(207) PSYoungGen: 341861K->1906K(637440K)
[77.496s][info][gc,heap        ] GC(207) ParOldGen: 188335K->193156K(1398272K)
[77.496s][info][gc,metaspace   ] GC(207) Metaspace: 171440K(183356K)->171440K(183356K) NonClass: 150885K(156592K)->150885K(156592K) Class: 20555K(26764K)->20555K(26764K)
[77.496s][info][gc             ] GC(207) Pause Young (System.gc()) 517M->190M(1988M) 3.089ms
[77.496s][info][gc,cpu         ] GC(207) User=0.00s Sys=0.00s Real=0.00s
[77.496s][info][gc,start       ] GC(208) Pause Full (System.gc())
[77.496s][info][gc,phases,start] GC(208) Marking Phase
[77.550s][info][gc,phases      ] GC(208) Marking Phase 53.420ms
[77.550s][info][gc,phases,start] GC(208) Summary Phase
[77.550s][info][gc,phases      ] GC(208) Summary Phase 0.011ms
[77.550s][info][gc,phases,start] GC(208) Adjust Roots
[77.569s][info][gc,phases      ] GC(208) Adjust Roots 19.732ms
[77.569s][info][gc,phases,start] GC(208) Compaction Phase
[77.595s][info][gc,phases      ] GC(208) Compaction Phase 25.798ms
[77.595s][info][gc,phases,start] GC(208) Post Compact
[77.596s][info][gc,phases      ] GC(208) Post Compact 1.010ms
[77.596s][info][gc,heap        ] GC(208) PSYoungGen: 1906K->0K(637440K)
[77.596s][info][gc,heap        ] GC(208) ParOldGen: 193156K->126304K(1398272K)
[77.596s][info][gc,metaspace   ] GC(208) Metaspace: 171440K(183356K)->171440K(183356K) NonClass: 150885K(156592K)->150885K(156592K) Class: 20555K(26764K)->20555K(26764K)
[77.596s][info][gc             ] GC(208) Pause Full (System.gc()) 190M->123M(1988M) 100.271ms
[77.596s][info][gc,cpu         ] GC(208) User=0.14s Sys=0.00s Real=0.10s
[77.722s][info][gc,start       ] GC(209) Pause Young (Allocation Failure)
[77.724s][info][gc,heap        ] GC(209) PSYoungGen: 572209K->906K(635392K)
[77.724s][info][gc,heap        ] GC(209) ParOldGen: 126304K->126312K(1398272K)
[77.724s][info][gc,metaspace   ] GC(209) Metaspace: 171446K(183356K)->171446K(183356K) NonClass: 150891K(156592K)->150891K(156592K) Class: 20555K(26764K)->20555K(26764K)
[77.724s][info][gc             ] GC(209) Pause Young (Allocation Failure) 682M->124M(1986M) 1.876ms
[77.724s][info][gc,cpu         ] GC(209) User=0.00s Sys=0.00s Real=0.00s
[77.834s][info][gc,start       ] GC(210) Pause Young (Allocation Failure)
[77.840s][info][gc,heap        ] GC(210) PSYoungGen: 574236K->33883K(634368K)
[77.841s][info][gc,heap        ] GC(210) ParOldGen: 126312K->127038K(1398272K)
[77.841s][info][gc,metaspace   ] GC(210) Metaspace: 171450K(183356K)->171450K(183356K) NonClass: 150895K(156592K)->150895K(156592K) Class: 20555K(26764K)->20555K(26764K)
[77.841s][info][gc             ] GC(210) Pause Young (Allocation Failure) 684M->157M(1985M) 6.314ms
[77.841s][info][gc,cpu         ] GC(210) User=0.00s Sys=0.00s Real=0.02s
[77.916s][info][gc,start       ] GC(211) Pause Young (Allocation Failure)
[77.926s][info][gc,heap        ] GC(211) PSYoungGen: 608859K->36736K(611840K)
[77.926s][info][gc,heap        ] GC(211) ParOldGen: 127038K->154887K(1398272K)
[77.926s][info][gc,metaspace   ] GC(211) Metaspace: 171450K(183356K)->171450K(183356K) NonClass: 150895K(156592K)->150895K(156592K) Class: 20555K(26764K)->20555K(26764K)
[77.926s][info][gc             ] GC(211) Pause Young (Allocation Failure) 718M->187M(1963M) 10.274ms
[77.926s][info][gc,cpu         ] GC(211) User=0.03s Sys=0.00s Real=0.02s
[78.678s][info][gc,start       ] GC(212) Pause Young (Allocation Failure)
[78.685s][info][gc,heap        ] GC(212) PSYoungGen: 611684K->6494K(636416K)
[78.685s][info][gc,heap        ] GC(212) ParOldGen: 154887K->188240K(1398272K)
[78.685s][info][gc,metaspace   ] GC(212) Metaspace: 171455K(183356K)->171455K(183356K) NonClass: 150900K(156592K)->150900K(156592K) Class: 20555K(26764K)->20555K(26764K)
[78.685s][info][gc             ] GC(212) Pause Young (Allocation Failure) 748M->190M(1987M) 6.856ms
[78.685s][info][gc,cpu         ] GC(212) User=0.00s Sys=0.00s Real=0.00s
[79.194s][info][gc,start       ] GC(213) Pause Young (System.gc())
[79.198s][info][gc,heap        ] GC(213) PSYoungGen: 335908K->1874K(633856K)
[79.198s][info][gc,heap        ] GC(213) ParOldGen: 188240K->193484K(1398272K)
[79.198s][info][gc,metaspace   ] GC(213) Metaspace: 171469K(183356K)->171469K(183356K) NonClass: 150914K(156592K)->150914K(156592K) Class: 20555K(26764K)->20555K(26764K)
[79.198s][info][gc             ] GC(213) Pause Young (System.gc()) 511M->190M(1984M) 3.535ms
[79.198s][info][gc,cpu         ] GC(213) User=0.00s Sys=0.00s Real=0.01s
[79.198s][info][gc,start       ] GC(214) Pause Full (System.gc())
[79.198s][info][gc,phases,start] GC(214) Marking Phase
[79.256s][info][gc,phases      ] GC(214) Marking Phase 57.995ms
[79.256s][info][gc,phases,start] GC(214) Summary Phase
[79.256s][info][gc,phases      ] GC(214) Summary Phase 0.011ms
[79.256s][info][gc,phases,start] GC(214) Adjust Roots
[79.277s][info][gc,phases      ] GC(214) Adjust Roots 20.833ms
[79.277s][info][gc,phases,start] GC(214) Compaction Phase
[79.300s][info][gc,phases      ] GC(214) Compaction Phase 23.390ms
[79.301s][info][gc,phases,start] GC(214) Post Compact
[79.302s][info][gc,phases      ] GC(214) Post Compact 1.020ms
[79.302s][info][gc,heap        ] GC(214) PSYoungGen: 1874K->0K(633856K)
[79.302s][info][gc,heap        ] GC(214) ParOldGen: 193484K->125857K(1398272K)
[79.302s][info][gc,metaspace   ] GC(214) Metaspace: 171469K(183356K)->171469K(183356K) NonClass: 150914K(156592K)->150914K(156592K) Class: 20555K(26764K)->20555K(26764K)
[79.302s][info][gc             ] GC(214) Pause Full (System.gc()) 190M->122M(1984M) 103.550ms
[79.302s][info][gc,cpu         ] GC(214) User=0.08s Sys=0.00s Real=0.10s
[79.437s][info][gc,start       ] GC(215) Pause Young (Allocation Failure)
[79.439s][info][gc,heap        ] GC(215) PSYoungGen: 571392K->880K(640512K)
[79.439s][info][gc,heap        ] GC(215) ParOldGen: 125857K->125857K(1398272K)
[79.439s][info][gc,metaspace   ] GC(215) Metaspace: 171473K(183356K)->171473K(183356K) NonClass: 150918K(156592K)->150918K(156592K) Class: 20555K(26764K)->20555K(26764K)
[79.439s][info][gc             ] GC(215) Pause Young (Allocation Failure) 680M->123M(1991M) 2.202ms
[79.439s][info][gc,cpu         ] GC(215) User=0.00s Sys=0.00s Real=0.00s
[79.553s][info][gc,start       ] GC(216) Pause Young (Allocation Failure)
[79.559s][info][gc,heap        ] GC(216) PSYoungGen: 580976K->32686K(612864K)
[79.559s][info][gc,heap        ] GC(216) ParOldGen: 125857K->126501K(1398272K)
[79.559s][info][gc,metaspace   ] GC(216) Metaspace: 171473K(183356K)->171473K(183356K) NonClass: 150918K(156592K)->150918K(156592K) Class: 20555K(26764K)->20555K(26764K)
[79.559s][info][gc             ] GC(216) Pause Young (Allocation Failure) 690M->155M(1964M) 6.210ms
[79.559s][info][gc,cpu         ] GC(216) User=0.02s Sys=0.00s Real=0.00s
[79.632s][info][gc,start       ] GC(217) Pause Young (Allocation Failure)
[79.642s][info][gc,heap        ] GC(217) PSYoungGen: 612782K->35492K(631808K)
[79.643s][info][gc,heap        ] GC(217) ParOldGen: 126501K->155965K(1398272K)
[79.643s][info][gc,metaspace   ] GC(217) Metaspace: 171473K(183356K)->171473K(183356K) NonClass: 150918K(156592K)->150918K(156592K) Class: 20555K(26764K)->20555K(26764K)
[79.643s][info][gc             ] GC(217) Pause Young (Allocation Failure) 721M->186M(1982M) 10.442ms
[79.643s][info][gc,cpu         ] GC(217) User=0.02s Sys=0.00s Real=0.00s
[80.396s][info][gc,start       ] GC(218) Pause Young (Allocation Failure)
[80.402s][info][gc,heap        ] GC(218) PSYoungGen: 606372K->5952K(634880K)
[80.402s][info][gc,heap        ] GC(218) ParOldGen: 155965K->188059K(1398272K)
[80.402s][info][gc,metaspace   ] GC(218) Metaspace: 171474K(183356K)->171474K(183356K) NonClass: 150919K(156592K)->150919K(156592K) Class: 20555K(26764K)->20555K(26764K)
[80.402s][info][gc             ] GC(218) Pause Young (Allocation Failure) 744M->189M(1985M) 6.610ms
[80.402s][info][gc,cpu         ] GC(218) User=0.02s Sys=0.00s Real=0.02s
[80.887s][info][gc,start       ] GC(219) Pause Young (System.gc())
[80.890s][info][gc,heap        ] GC(219) PSYoungGen: 330467K->1923K(639488K)
[80.890s][info][gc,heap        ] GC(219) ParOldGen: 188059K->192835K(1398272K)
[80.890s][info][gc,metaspace   ] GC(219) Metaspace: 171476K(183356K)->171476K(183356K) NonClass: 150921K(156592K)->150921K(156592K) Class: 20555K(26764K)->20555K(26764K)
[80.890s][info][gc             ] GC(219) Pause Young (System.gc()) 506M->190M(1990M) 3.186ms
[80.890s][info][gc,cpu         ] GC(219) User=0.00s Sys=0.00s Real=0.00s
[80.890s][info][gc,start       ] GC(220) Pause Full (System.gc())
[80.890s][info][gc,phases,start] GC(220) Marking Phase
[80.945s][info][gc,phases      ] GC(220) Marking Phase 54.945ms
[80.945s][info][gc,phases,start] GC(220) Summary Phase
[80.945s][info][gc,phases      ] GC(220) Summary Phase 0.011ms
[80.945s][info][gc,phases,start] GC(220) Adjust Roots
[80.966s][info][gc,phases      ] GC(220) Adjust Roots 20.516ms
[80.966s][info][gc,phases,start] GC(220) Compaction Phase
[81.015s][info][gc,phases      ] GC(220) Compaction Phase 49.270ms
[81.015s][info][gc,phases,start] GC(220) Post Compact
[81.016s][info][gc,phases      ] GC(220) Post Compact 0.969ms
[81.016s][info][gc,heap        ] GC(220) PSYoungGen: 1923K->0K(639488K)
[81.016s][info][gc,heap        ] GC(220) ParOldGen: 192835K->126205K(1398272K)
[81.016s][info][gc,metaspace   ] GC(220) Metaspace: 171476K(183356K)->171476K(183356K) NonClass: 150921K(156592K)->150921K(156592K) Class: 20555K(26764K)->20555K(26764K)
[81.016s][info][gc             ] GC(220) Pause Full (System.gc()) 190M->123M(1990M) 125.989ms
[81.016s][info][gc,cpu         ] GC(220) User=0.19s Sys=0.00s Real=0.13s
[81.160s][info][gc,start       ] GC(221) Pause Young (Allocation Failure)
[81.162s][info][gc,heap        ] GC(221) PSYoungGen: 578048K->1229K(637440K)
[81.162s][info][gc,heap        ] GC(221) ParOldGen: 126205K->126205K(1398272K)
[81.162s][info][gc,metaspace   ] GC(221) Metaspace: 171485K(183356K)->171485K(183356K) NonClass: 150929K(156592K)->150929K(156592K) Class: 20555K(26764K)->20555K(26764K)
[81.162s][info][gc             ] GC(221) Pause Young (Allocation Failure) 687M->124M(1988M) 1.959ms
[81.162s][info][gc,cpu         ] GC(221) User=0.00s Sys=0.00s Real=0.00s
[81.269s][info][gc,start       ] GC(222) Pause Young (Allocation Failure)
[81.276s][info][gc,heap        ] GC(222) PSYoungGen: 579277K->35260K(634368K)
[81.276s][info][gc,heap        ] GC(222) ParOldGen: 126205K->126923K(1398272K)
[81.276s][info][gc,metaspace   ] GC(222) Metaspace: 171487K(183356K)->171487K(183356K) NonClass: 150932K(156592K)->150932K(156592K) Class: 20555K(26764K)->20555K(26764K)
[81.276s][info][gc             ] GC(222) Pause Young (Allocation Failure) 688M->158M(1985M) 7.587ms
[81.276s][info][gc,cpu         ] GC(222) User=0.00s Sys=0.00s Real=0.00s
[81.357s][info][gc,start       ] GC(223) Pause Young (Allocation Failure)
[81.367s][info][gc,heap        ] GC(223) PSYoungGen: 612284K->35327K(612352K)
[81.367s][info][gc,heap        ] GC(223) ParOldGen: 126923K->155406K(1398272K)
[81.367s][info][gc,metaspace   ] GC(223) Metaspace: 171487K(183356K)->171487K(183356K) NonClass: 150932K(156592K)->150932K(156592K) Class: 20555K(26764K)->20555K(26764K)
[81.367s][info][gc             ] GC(223) Pause Young (Allocation Failure) 721M->186M(1963M) 9.832ms
[81.367s][info][gc,cpu         ] GC(223) User=0.00s Sys=0.00s Real=0.00s
[82.138s][info][gc,start       ] GC(224) Pause Young (Allocation Failure)
[82.145s][info][gc,heap        ] GC(224) PSYoungGen: 612351K->5206K(637440K)
[82.145s][info][gc,heap        ] GC(224) ParOldGen: 155406K->189868K(1398272K)
[82.145s][info][gc,metaspace   ] GC(224) Metaspace: 171487K(183356K)->171487K(183356K) NonClass: 150932K(156592K)->150932K(156592K) Class: 20555K(26764K)->20555K(26764K)
[82.145s][info][gc             ] GC(224) Pause Young (Allocation Failure) 749M->190M(1988M) 6.909ms
[82.145s][info][gc,cpu         ] GC(224) User=0.02s Sys=0.00s Real=0.01s
[82.628s][info][gc,start       ] GC(225) Pause Young (System.gc())
[82.631s][info][gc,heap        ] GC(225) PSYoungGen: 322172K->1834K(635392K)
[82.631s][info][gc,heap        ] GC(225) ParOldGen: 189868K->193601K(1398272K)
[82.631s][info][gc,metaspace   ] GC(225) Metaspace: 171542K(183612K)->171542K(183612K) NonClass: 150987K(156848K)->150987K(156848K) Class: 20555K(26764K)->20555K(26764K)
[82.631s][info][gc             ] GC(225) Pause Young (System.gc()) 500M->190M(1986M) 2.956ms
[82.631s][info][gc,cpu         ] GC(225) User=0.00s Sys=0.00s Real=0.00s
[82.631s][info][gc,start       ] GC(226) Pause Full (System.gc())
[82.631s][info][gc,phases,start] GC(226) Marking Phase
[82.687s][info][gc,phases      ] GC(226) Marking Phase 55.069ms
[82.687s][info][gc,phases,start] GC(226) Summary Phase
[82.687s][info][gc,phases      ] GC(226) Summary Phase 0.011ms
[82.687s][info][gc,phases,start] GC(226) Adjust Roots
[82.706s][info][gc,phases      ] GC(226) Adjust Roots 19.771ms
[82.706s][info][gc,phases,start] GC(226) Compaction Phase
[82.724s][info][gc,phases      ] GC(226) Compaction Phase 17.717ms
[82.724s][info][gc,phases,start] GC(226) Post Compact
[82.725s][info][gc,phases      ] GC(226) Post Compact 1.015ms
[82.725s][info][gc,heap        ] GC(226) PSYoungGen: 1834K->0K(635392K)
[82.725s][info][gc,heap        ] GC(226) ParOldGen: 193601K->125781K(1398272K)
[82.725s][info][gc,metaspace   ] GC(226) Metaspace: 171542K(183612K)->171542K(183612K) NonClass: 150987K(156848K)->150987K(156848K) Class: 20555K(26764K)->20555K(26764K)
[82.725s][info][gc             ] GC(226) Pause Full (System.gc()) 190M->122M(1986M) 93.881ms
[82.725s][info][gc,cpu         ] GC(226) User=0.09s Sys=0.00s Real=0.09s
[82.846s][info][gc,start       ] GC(227) Pause Young (Allocation Failure)
[82.848s][info][gc,heap        ] GC(227) PSYoungGen: 572545K->874K(641536K)
[82.848s][info][gc,heap        ] GC(227) ParOldGen: 125781K->125781K(1398272K)
[82.848s][info][gc,metaspace   ] GC(227) Metaspace: 171545K(183612K)->171545K(183612K) NonClass: 150990K(156848K)->150990K(156848K) Class: 20555K(26764K)->20555K(26764K)
[82.848s][info][gc             ] GC(227) Pause Young (Allocation Failure) 681M->123M(1992M) 2.349ms
[82.848s][info][gc,cpu         ] GC(227) User=0.00s Sys=0.00s Real=0.02s
[82.954s][info][gc,start       ] GC(228) Pause Young (Allocation Failure)
[82.961s][info][gc,heap        ] GC(228) PSYoungGen: 583018K->36629K(619008K)
[82.961s][info][gc,heap        ] GC(228) ParOldGen: 125781K->126507K(1398272K)
[82.961s][info][gc,metaspace   ] GC(228) Metaspace: 171545K(183612K)->171545K(183612K) NonClass: 150990K(156848K)->150990K(156848K) Class: 20555K(26764K)->20555K(26764K)
[82.961s][info][gc             ] GC(228) Pause Young (Allocation Failure) 692M->159M(1970M) 7.111ms
[82.961s][info][gc,cpu         ] GC(228) User=0.02s Sys=0.00s Real=0.01s
[83.033s][info][gc,start       ] GC(229) Pause Young (Allocation Failure)
[83.043s][info][gc,heap        ] GC(229) PSYoungGen: 618773K->36754K(631296K)
[83.043s][info][gc,heap        ] GC(229) ParOldGen: 126507K->155000K(1398272K)
[83.043s][info][gc,metaspace   ] GC(229) Metaspace: 171545K(183612K)->171545K(183612K) NonClass: 150990K(156848K)->150990K(156848K) Class: 20555K(26764K)->20555K(26764K)
[83.043s][info][gc             ] GC(229) Pause Young (Allocation Failure) 727M->187M(1982M) 10.312ms
[83.043s][info][gc,cpu         ] GC(229) User=0.05s Sys=0.00s Real=0.02s
[83.808s][info][gc,start       ] GC(230) Pause Young (Allocation Failure)
[83.814s][info][gc,heap        ] GC(230) PSYoungGen: 603703K->4988K(634368K)
[83.814s][info][gc,heap        ] GC(230) ParOldGen: 155000K->189331K(1398272K)
[83.814s][info][gc,metaspace   ] GC(230) Metaspace: 171545K(183612K)->171545K(183612K) NonClass: 150990K(156848K)->150990K(156848K) Class: 20555K(26764K)->20555K(26764K)
[83.814s][info][gc             ] GC(230) Pause Young (Allocation Failure) 740M->189M(1985M) 6.703ms
[83.814s][info][gc,cpu         ] GC(230) User=0.00s Sys=0.00s Real=0.00s
[84.283s][info][gc,start       ] GC(231) Pause Young (System.gc())
[84.286s][info][gc,heap        ] GC(231) PSYoungGen: 326831K->1825K(638464K)
[84.286s][info][gc,heap        ] GC(231) ParOldGen: 189331K->193151K(1398272K)
[84.286s][info][gc,metaspace   ] GC(231) Metaspace: 171549K(183612K)->171549K(183612K) NonClass: 150994K(156848K)->150994K(156848K) Class: 20555K(26764K)->20555K(26764K)
[84.286s][info][gc             ] GC(231) Pause Young (System.gc()) 504M->190M(1989M) 3.213ms
[84.286s][info][gc,cpu         ] GC(231) User=0.00s Sys=0.00s Real=0.00s
[84.286s][info][gc,start       ] GC(232) Pause Full (System.gc())
[84.286s][info][gc,phases,start] GC(232) Marking Phase
[84.342s][info][gc,phases      ] GC(232) Marking Phase 55.161ms
[84.342s][info][gc,phases,start] GC(232) Summary Phase
[84.342s][info][gc,phases      ] GC(232) Summary Phase 0.011ms
[84.342s][info][gc,phases,start] GC(232) Adjust Roots
[84.362s][info][gc,phases      ] GC(232) Adjust Roots 20.520ms
[84.362s][info][gc,phases,start] GC(232) Compaction Phase
[84.387s][info][gc,phases      ] GC(232) Compaction Phase 25.176ms
[84.388s][info][gc,phases,start] GC(232) Post Compact
[84.389s][info][gc,phases      ] GC(232) Post Compact 1.025ms
[84.389s][info][gc,heap        ] GC(232) PSYoungGen: 1825K->0K(638464K)
[84.389s][info][gc,heap        ] GC(232) ParOldGen: 193151K->126126K(1398272K)
[84.389s][info][gc,metaspace   ] GC(232) Metaspace: 171549K(183612K)->171549K(183612K) NonClass: 150994K(156848K)->150994K(156848K) Class: 20555K(26764K)->20555K(26764K)
[84.389s][info][gc             ] GC(232) Pause Full (System.gc()) 190M->123M(1989M) 102.186ms
[84.389s][info][gc,cpu         ] GC(232) User=0.09s Sys=0.00s Real=0.11s
[84.530s][info][gc,start       ] GC(233) Pause Young (Allocation Failure)
[84.532s][info][gc,heap        ] GC(233) PSYoungGen: 574469K->915K(636416K)
[84.532s][info][gc,heap        ] GC(233) ParOldGen: 126126K->126126K(1398272K)
[84.532s][info][gc,metaspace   ] GC(233) Metaspace: 171676K(183612K)->171676K(183612K) NonClass: 151121K(156848K)->151121K(156848K) Class: 20555K(26764K)->20555K(26764K)
[84.532s][info][gc             ] GC(233) Pause Young (Allocation Failure) 684M->124M(1987M) 1.857ms
[84.532s][info][gc,cpu         ] GC(233) User=0.00s Sys=0.00s Real=0.00s
[84.637s][info][gc,start       ] GC(234) Pause Young (Allocation Failure)
[84.643s][info][gc,heap        ] GC(234) PSYoungGen: 576915K->34364K(634368K)
[84.643s][info][gc,heap        ] GC(234) ParOldGen: 126126K->126841K(1398272K)
[84.643s][info][gc,metaspace   ] GC(234) Metaspace: 171676K(183612K)->171676K(183612K) NonClass: 151121K(156848K)->151121K(156848K) Class: 20555K(26764K)->20555K(26764K)
[84.643s][info][gc             ] GC(234) Pause Young (Allocation Failure) 686M->157M(1985M) 6.034ms
[84.643s][info][gc,cpu         ] GC(234) User=0.05s Sys=0.00s Real=0.02s
[84.712s][info][gc,start       ] GC(235) Pause Young (Allocation Failure)
[84.723s][info][gc,heap        ] GC(235) PSYoungGen: 610364K->36727K(612864K)
[84.723s][info][gc,heap        ] GC(235) ParOldGen: 126841K->155602K(1398272K)
[84.723s][info][gc,metaspace   ] GC(235) Metaspace: 171676K(183612K)->171676K(183612K) NonClass: 151121K(156848K)->151121K(156848K) Class: 20555K(26764K)->20555K(26764K)
[84.723s][info][gc             ] GC(235) Pause Young (Allocation Failure) 719M->187M(1964M) 10.755ms
[84.723s][info][gc,cpu         ] GC(235) User=0.02s Sys=0.00s Real=0.01s
[85.494s][info][gc,start       ] GC(236) Pause Young (Allocation Failure)
[85.500s][info][gc,heap        ] GC(236) PSYoungGen: 612727K->6295K(636928K)
[85.500s][info][gc,heap        ] GC(236) ParOldGen: 155602K->188280K(1398272K)
[85.500s][info][gc,metaspace   ] GC(236) Metaspace: 171676K(183612K)->171676K(183612K) NonClass: 151121K(156848K)->151121K(156848K) Class: 20555K(26764K)->20555K(26764K)
[85.500s][info][gc             ] GC(236) Pause Young (Allocation Failure) 750M->190M(1987M) 6.708ms
[85.501s][info][gc,cpu         ] GC(236) User=0.00s Sys=0.00s Real=0.02s
[86.011s][info][gc,start       ] GC(237) Pause Young (System.gc())
[86.015s][info][gc,heap        ] GC(237) PSYoungGen: 332410K->1882K(634368K)
[86.015s][info][gc,heap        ] GC(237) ParOldGen: 188280K->193480K(1398272K)
[86.015s][info][gc,metaspace   ] GC(237) Metaspace: 171774K(183612K)->171774K(183612K) NonClass: 151219K(156848K)->151219K(156848K) Class: 20555K(26764K)->20555K(26764K)
[86.015s][info][gc             ] GC(237) Pause Young (System.gc()) 508M->190M(1985M) 4.064ms
[86.015s][info][gc,cpu         ] GC(237) User=0.00s Sys=0.00s Real=0.00s
[86.015s][info][gc,start       ] GC(238) Pause Full (System.gc())
[86.015s][info][gc,phases,start] GC(238) Marking Phase
[86.070s][info][gc,phases      ] GC(238) Marking Phase 54.980ms
[86.070s][info][gc,phases,start] GC(238) Summary Phase
[86.070s][info][gc,phases      ] GC(238) Summary Phase 0.011ms
[86.070s][info][gc,phases,start] GC(238) Adjust Roots
[86.092s][info][gc,phases      ] GC(238) Adjust Roots 21.350ms
[86.092s][info][gc,phases,start] GC(238) Compaction Phase
[86.112s][info][gc,phases      ] GC(238) Compaction Phase 20.062ms
[86.112s][info][gc,phases,start] GC(238) Post Compact
[86.113s][info][gc,phases      ] GC(238) Post Compact 1.182ms
[86.113s][info][gc,heap        ] GC(238) PSYoungGen: 1882K->0K(634368K)
[86.113s][info][gc,heap        ] GC(238) ParOldGen: 193480K->125776K(1398272K)
[86.113s][info][gc,metaspace   ] GC(238) Metaspace: 171774K(183612K)->171774K(183612K) NonClass: 151219K(156848K)->151219K(156848K) Class: 20555K(26764K)->20555K(26764K)
[86.113s][info][gc             ] GC(238) Pause Full (System.gc()) 190M->122M(1985M) 97.929ms
[86.113s][info][gc,cpu         ] GC(238) User=0.05s Sys=0.00s Real=0.10s
[86.232s][info][gc,start       ] GC(239) Pause Young (Allocation Failure)
[86.234s][info][gc,heap        ] GC(239) PSYoungGen: 570211K->906K(641024K)
[86.234s][info][gc,heap        ] GC(239) ParOldGen: 125776K->125784K(1398272K)
[86.234s][info][gc,metaspace   ] GC(239) Metaspace: 171778K(183612K)->171778K(183612K) NonClass: 151223K(156848K)->151223K(156848K) Class: 20555K(26764K)->20555K(26764K)
[86.234s][info][gc             ] GC(239) Pause Young (Allocation Failure) 679M->123M(1991M) 2.312ms
[86.234s][info][gc,cpu         ] GC(239) User=0.00s Sys=0.00s Real=0.00s
[86.350s][info][gc,start       ] GC(240) Pause Young (Allocation Failure)
[86.356s][info][gc,heap        ] GC(240) PSYoungGen: 581168K->34907K(616448K)
[86.356s][info][gc,heap        ] GC(240) ParOldGen: 125784K->126502K(1398272K)
[86.356s][info][gc,metaspace   ] GC(240) Metaspace: 171778K(183612K)->171778K(183612K) NonClass: 151223K(156848K)->151223K(156848K) Class: 20555K(26764K)->20555K(26764K)
[86.356s][info][gc             ] GC(240) Pause Young (Allocation Failure) 690M->157M(1967M) 6.670ms
[86.357s][info][gc,cpu         ] GC(240) User=0.00s Sys=0.00s Real=0.00s
[86.447s][info][gc,start       ] GC(241) Pause Young (Allocation Failure)
[86.457s][info][gc,heap        ] GC(241) PSYoungGen: 616027K->34746K(632320K)
[86.457s][info][gc,heap        ] GC(241) ParOldGen: 126502K->154770K(1398272K)
[86.457s][info][gc,metaspace   ] GC(241) Metaspace: 171778K(183612K)->171778K(183612K) NonClass: 151223K(156848K)->151223K(156848K) Class: 20555K(26764K)->20555K(26764K)
[86.457s][info][gc             ] GC(241) Pause Young (Allocation Failure) 725M->185M(1983M) 10.507ms
[86.457s][info][gc,cpu         ] GC(241) User=0.00s Sys=0.00s Real=0.00s
[87.240s][info][gc,start       ] GC(242) Pause Young (Allocation Failure)
[87.246s][info][gc,heap        ] GC(242) PSYoungGen: 605100K->4566K(634880K)
[87.247s][info][gc,heap        ] GC(242) ParOldGen: 154770K->189295K(1398272K)
[87.247s][info][gc,metaspace   ] GC(242) Metaspace: 171778K(183612K)->171778K(183612K) NonClass: 151223K(156848K)->151223K(156848K) Class: 20555K(26764K)->20555K(26764K)
[87.247s][info][gc             ] GC(242) Pause Young (Allocation Failure) 742M->189M(1985M) 6.872ms
[87.247s][info][gc,cpu         ] GC(242) User=0.00s Sys=0.00s Real=0.01s
[87.737s][info][gc,start       ] GC(243) Pause Young (System.gc())
[87.740s][info][gc,heap        ] GC(243) PSYoungGen: 325765K->1802K(639488K)
[87.740s][info][gc,heap        ] GC(243) ParOldGen: 189295K->192675K(1398272K)
[87.740s][info][gc,metaspace   ] GC(243) Metaspace: 171780K(183612K)->171780K(183612K) NonClass: 151224K(156848K)->151224K(156848K) Class: 20555K(26764K)->20555K(26764K)
[87.740s][info][gc             ] GC(243) Pause Young (System.gc()) 502M->189M(1990M) 3.249ms
[87.740s][info][gc,cpu         ] GC(243) User=0.00s Sys=0.00s Real=0.00s
[87.741s][info][gc,start       ] GC(244) Pause Full (System.gc())
[87.741s][info][gc,phases,start] GC(244) Marking Phase
[87.795s][info][gc,phases      ] GC(244) Marking Phase 54.815ms
[87.795s][info][gc,phases,start] GC(244) Summary Phase
[87.795s][info][gc,phases      ] GC(244) Summary Phase 0.011ms
[87.795s][info][gc,phases,start] GC(244) Adjust Roots
[87.816s][info][gc,phases      ] GC(244) Adjust Roots 20.277ms
[87.816s][info][gc,phases,start] GC(244) Compaction Phase
[87.841s][info][gc,phases      ] GC(244) Compaction Phase 24.892ms
[87.841s][info][gc,phases,start] GC(244) Post Compact
[87.842s][info][gc,phases      ] GC(244) Post Compact 1.029ms
[87.842s][info][gc,heap        ] GC(244) PSYoungGen: 1802K->0K(639488K)
[87.842s][info][gc,heap        ] GC(244) ParOldGen: 192675K->126122K(1398272K)
[87.842s][info][gc,metaspace   ] GC(244) Metaspace: 171780K(183612K)->171780K(183612K) NonClass: 151224K(156848K)->151224K(156848K) Class: 20555K(26764K)->20555K(26764K)
[87.842s][info][gc             ] GC(244) Pause Full (System.gc()) 189M->123M(1990M) 101.335ms
[87.842s][info][gc,cpu         ] GC(244) User=0.06s Sys=0.00s Real=0.11s
[87.986s][info][gc,start       ] GC(245) Pause Young (Allocation Failure)
[87.988s][info][gc,heap        ] GC(245) PSYoungGen: 577688K->970K(637440K)
[87.988s][info][gc,heap        ] GC(245) ParOldGen: 126122K->126122K(1398272K)
[87.988s][info][gc,metaspace   ] GC(245) Metaspace: 171838K(183868K)->171838K(183868K) NonClass: 151283K(157104K)->151283K(157104K) Class: 20555K(26764K)->20555K(26764K)
[87.988s][info][gc             ] GC(245) Pause Young (Allocation Failure) 687M->124M(1988M) 1.923ms
[87.988s][info][gc,cpu         ] GC(245) User=0.00s Sys=0.00s Real=0.00s
[88.072s][info][gc,start       ] GC(246) Pause Young (Allocation Failure)
[88.079s][info][gc,heap        ] GC(246) PSYoungGen: 579018K->37741K(632320K)
[88.079s][info][gc,heap        ] GC(246) ParOldGen: 126122K->126848K(1398272K)
[88.079s][info][gc,metaspace   ] GC(246) Metaspace: 171840K(183868K)->171840K(183868K) NonClass: 151285K(157104K)->151285K(157104K) Class: 20555K(26764K)->20555K(26764K)
[88.079s][info][gc             ] GC(246) Pause Young (Allocation Failure) 688M->160M(1983M) 7.303ms
[88.079s][info][gc,cpu         ] GC(246) User=0.03s Sys=0.00s Real=0.02s
[88.146s][info][gc,start       ] GC(247) Pause Young (Allocation Failure)
[88.156s][info][gc,heap        ] GC(247) PSYoungGen: 612717K->39248K(614400K)
[88.157s][info][gc,heap        ] GC(247) ParOldGen: 126848K->154291K(1398272K)
[88.157s][info][gc,metaspace   ] GC(247) Metaspace: 171840K(183868K)->171840K(183868K) NonClass: 151285K(157104K)->151285K(157104K) Class: 20555K(26764K)->20555K(26764K)
[88.157s][info][gc             ] GC(247) Pause Young (Allocation Failure) 722M->189M(1965M) 10.375ms
[88.157s][info][gc,cpu         ] GC(247) User=0.03s Sys=0.00s Real=0.01s
[88.907s][info][gc,start       ] GC(248) Pause Young (Allocation Failure)
[88.914s][info][gc,heap        ] GC(248) PSYoungGen: 613954K->6455K(635392K)
[88.914s][info][gc,heap        ] GC(248) ParOldGen: 154291K->188174K(1398272K)
[88.914s][info][gc,metaspace   ] GC(248) Metaspace: 171841K(183868K)->171841K(183868K) NonClass: 151286K(157104K)->151286K(157104K) Class: 20555K(26764K)->20555K(26764K)
[88.914s][info][gc             ] GC(248) Pause Young (Allocation Failure) 750M->190M(1986M) 6.806ms
[88.914s][info][gc,cpu         ] GC(248) User=0.00s Sys=0.00s Real=0.00s
[89.388s][info][gc,start       ] GC(249) Pause Young (System.gc())
[89.391s][info][gc,heap        ] GC(249) PSYoungGen: 326760K->1770K(632832K)
[89.391s][info][gc,heap        ] GC(249) ParOldGen: 188174K->193464K(1398272K)
[89.391s][info][gc,metaspace   ] GC(249) Metaspace: 171846K(183868K)->171846K(183868K) NonClass: 151291K(157104K)->151291K(157104K) Class: 20555K(26764K)->20555K(26764K)
[89.391s][info][gc             ] GC(249) Pause Young (System.gc()) 502M->190M(1983M) 3.438ms
[89.391s][info][gc,cpu         ] GC(249) User=0.00s Sys=0.00s Real=0.00s
[89.391s][info][gc,start       ] GC(250) Pause Full (System.gc())
[89.391s][info][gc,phases,start] GC(250) Marking Phase
[89.448s][info][gc,phases      ] GC(250) Marking Phase 56.761ms
[89.448s][info][gc,phases,start] GC(250) Summary Phase
[89.448s][info][gc,phases      ] GC(250) Summary Phase 0.010ms
[89.448s][info][gc,phases,start] GC(250) Adjust Roots
[89.468s][info][gc,phases      ] GC(250) Adjust Roots 20.449ms
[89.469s][info][gc,phases,start] GC(250) Compaction Phase
[89.493s][info][gc,phases      ] GC(250) Compaction Phase 24.308ms
[89.493s][info][gc,phases,start] GC(250) Post Compact
[89.494s][info][gc,phases      ] GC(250) Post Compact 1.133ms
[89.494s][info][gc,heap        ] GC(250) PSYoungGen: 1770K->0K(632832K)
[89.494s][info][gc,heap        ] GC(250) ParOldGen: 193464K->126473K(1398272K)
[89.494s][info][gc,metaspace   ] GC(250) Metaspace: 171846K(183868K)->171846K(183868K) NonClass: 151291K(157104K)->151291K(157104K) Class: 20555K(26764K)->20555K(26764K)
[89.494s][info][gc             ] GC(250) Pause Full (System.gc()) 190M->123M(1983M) 102.952ms
[89.494s][info][gc,cpu         ] GC(250) User=0.14s Sys=0.00s Real=0.11s
[89.623s][info][gc,start       ] GC(251) Pause Young (Allocation Failure)
[89.626s][info][gc,heap        ] GC(251) PSYoungGen: 569333K->912K(639488K)
[89.626s][info][gc,heap        ] GC(251) ParOldGen: 126473K->126473K(1398272K)
[89.626s][info][gc,metaspace   ] GC(251) Metaspace: 171850K(183868K)->171850K(183868K) NonClass: 151294K(157104K)->151294K(157104K) Class: 20555K(26764K)->20555K(26764K)
[89.626s][info][gc             ] GC(251) Pause Young (Allocation Failure) 679M->124M(1990M) 2.788ms
[89.626s][info][gc,cpu         ] GC(251) User=0.00s Sys=0.00s Real=0.00s
[89.749s][info][gc,start       ] GC(252) Pause Young (Allocation Failure)
[89.756s][info][gc,heap        ] GC(252) PSYoungGen: 578960K->34898K(613376K)
[89.756s][info][gc,heap        ] GC(252) ParOldGen: 126473K->127107K(1398272K)
[89.756s][info][gc,metaspace   ] GC(252) Metaspace: 171850K(183868K)->171850K(183868K) NonClass: 151294K(157104K)->151294K(157104K) Class: 20555K(26764K)->20555K(26764K)
[89.756s][info][gc             ] GC(252) Pause Young (Allocation Failure) 688M->158M(1964M) 7.043ms
[89.756s][info][gc,cpu         ] GC(252) User=0.03s Sys=0.00s Real=0.02s
[89.842s][info][gc,start       ] GC(253) Pause Young (Allocation Failure)
[89.854s][info][gc,heap        ] GC(253) PSYoungGen: 612946K->36887K(630272K)
[89.854s][info][gc,heap        ] GC(253) ParOldGen: 127107K->154595K(1398272K)
[89.854s][info][gc,metaspace   ] GC(253) Metaspace: 171850K(183868K)->171850K(183868K) NonClass: 151294K(157104K)->151294K(157104K) Class: 20555K(26764K)->20555K(26764K)
[89.854s][info][gc             ] GC(253) Pause Young (Allocation Failure) 722M->186M(1981M) 11.574ms
[89.854s][info][gc,cpu         ] GC(253) User=0.06s Sys=0.00s Real=0.01s
[90.605s][info][gc,start       ] GC(254) Pause Young (Allocation Failure)
[90.611s][info][gc,heap        ] GC(254) PSYoungGen: 604127K->5916K(633344K)
[90.611s][info][gc,heap        ] GC(254) ParOldGen: 154595K->188705K(1398272K)
[90.611s][info][gc,metaspace   ] GC(254) Metaspace: 171850K(183868K)->171850K(183868K) NonClass: 151294K(157104K)->151294K(157104K) Class: 20555K(26764K)->20555K(26764K)
[90.611s][info][gc             ] GC(254) Pause Young (Allocation Failure) 740M->190M(1984M) 6.540ms
[90.611s][info][gc,cpu         ] GC(254) User=0.00s Sys=0.00s Real=0.00s
[91.094s][info][gc,start       ] GC(255) Pause Young (System.gc())
[91.097s][info][gc,heap        ] GC(255) PSYoungGen: 341780K->1891K(637952K)
[91.097s][info][gc,heap        ] GC(255) ParOldGen: 188705K->193460K(1398272K)
[91.097s][info][gc,metaspace   ] GC(255) Metaspace: 171851K(183868K)->171851K(183868K) NonClass: 151296K(157104K)->151296K(157104K) Class: 20555K(26764K)->20555K(26764K)
[91.097s][info][gc             ] GC(255) Pause Young (System.gc()) 518M->190M(1988M) 3.081ms
[91.097s][info][gc,cpu         ] GC(255) User=0.00s Sys=0.00s Real=0.00s
[91.097s][info][gc,start       ] GC(256) Pause Full (System.gc())
[91.097s][info][gc,phases,start] GC(256) Marking Phase
[91.150s][info][gc,phases      ] GC(256) Marking Phase 52.791ms
[91.150s][info][gc,phases,start] GC(256) Summary Phase
[91.150s][info][gc,phases      ] GC(256) Summary Phase 0.011ms
[91.150s][info][gc,phases,start] GC(256) Adjust Roots
[91.170s][info][gc,phases      ] GC(256) Adjust Roots 20.183ms
[91.170s][info][gc,phases,start] GC(256) Compaction Phase
[91.189s][info][gc,phases      ] GC(256) Compaction Phase 18.443ms
[91.189s][info][gc,phases,start] GC(256) Post Compact
[91.190s][info][gc,phases      ] GC(256) Post Compact 1.122ms
[91.190s][info][gc,heap        ] GC(256) PSYoungGen: 1891K->0K(637952K)
[91.190s][info][gc,heap        ] GC(256) ParOldGen: 193460K->126115K(1398272K)
[91.190s][info][gc,metaspace   ] GC(256) Metaspace: 171851K(183868K)->171851K(183868K) NonClass: 151296K(157104K)->151296K(157104K) Class: 20555K(26764K)->20555K(26764K)
[91.190s][info][gc             ] GC(256) Pause Full (System.gc()) 190M->123M(1988M) 92.880ms
[91.190s][info][gc,cpu         ] GC(256) User=0.11s Sys=0.00s Real=0.09s
[91.325s][info][gc,start       ] GC(257) Pause Young (Allocation Failure)
[91.327s][info][gc,heap        ] GC(257) PSYoungGen: 572505K->874K(635904K)
[91.327s][info][gc,heap        ] GC(257) ParOldGen: 126115K->126115K(1398272K)
[91.327s][info][gc,metaspace   ] GC(257) Metaspace: 171852K(183868K)->171852K(183868K) NonClass: 151297K(157104K)->151297K(157104K) Class: 20555K(26764K)->20555K(26764K)
[91.327s][info][gc             ] GC(257) Pause Young (Allocation Failure) 682M->124M(1986M) 2.552ms
[91.327s][info][gc,cpu         ] GC(257) User=0.00s Sys=0.00s Real=0.00s
[91.437s][info][gc,start       ] GC(258) Pause Young (Allocation Failure)
[91.444s][info][gc,heap        ] GC(258) PSYoungGen: 575850K->36229K(632832K)
[91.444s][info][gc,heap        ] GC(258) ParOldGen: 126115K->126831K(1398272K)
[91.444s][info][gc,metaspace   ] GC(258) Metaspace: 171852K(183868K)->171852K(183868K) NonClass: 151297K(157104K)->151297K(157104K) Class: 20555K(26764K)->20555K(26764K)
[91.444s][info][gc             ] GC(258) Pause Young (Allocation Failure) 685M->159M(1983M) 6.884ms
[91.444s][info][gc,cpu         ] GC(258) User=0.00s Sys=0.00s Real=0.00s
[91.514s][info][gc,start       ] GC(259) Pause Young (Allocation Failure)
[91.524s][info][gc,heap        ] GC(259) PSYoungGen: 610181K->36852K(610816K)
[91.524s][info][gc,heap        ] GC(259) ParOldGen: 126831K->154189K(1398272K)
[91.524s][info][gc,metaspace   ] GC(259) Metaspace: 171852K(183868K)->171852K(183868K) NonClass: 151297K(157104K)->151297K(157104K) Class: 20555K(26764K)->20555K(26764K)
[91.524s][info][gc             ] GC(259) Pause Young (Allocation Failure) 719M->186M(1962M) 10.101ms
[91.524s][info][gc,cpu         ] GC(259) User=0.00s Sys=0.00s Real=0.01s
[92.294s][info][gc,start       ] GC(260) Pause Young (Allocation Failure)
[92.301s][info][gc,heap        ] GC(260) PSYoungGen: 610804K->6122K(635904K)
[92.301s][info][gc,heap        ] GC(260) ParOldGen: 154189K->188501K(1398272K)
[92.301s][info][gc,metaspace   ] GC(260) Metaspace: 171852K(183868K)->171852K(183868K) NonClass: 151297K(157104K)->151297K(157104K) Class: 20555K(26764K)->20555K(26764K)
[92.301s][info][gc             ] GC(260) Pause Young (Allocation Failure) 747M->190M(1986M) 7.173ms
[92.301s][info][gc,cpu         ] GC(260) User=0.02s Sys=0.00s Real=0.01s
[92.790s][info][gc,start       ] GC(261) Pause Young (System.gc())
[92.793s][info][gc,heap        ] GC(261) PSYoungGen: 335858K->1946K(633344K)
[92.793s][info][gc,heap        ] GC(261) ParOldGen: 188501K->193257K(1398272K)
[92.793s][info][gc,metaspace   ] GC(261) Metaspace: 171854K(183868K)->171854K(183868K) NonClass: 151298K(157104K)->151298K(157104K) Class: 20555K(26764K)->20555K(26764K)
[92.793s][info][gc             ] GC(261) Pause Young (System.gc()) 512M->190M(1984M) 3.045ms
[92.793s][info][gc,cpu         ] GC(261) User=0.00s Sys=0.00s Real=0.00s
[92.793s][info][gc,start       ] GC(262) Pause Full (System.gc())
[92.793s][info][gc,phases,start] GC(262) Marking Phase
[92.846s][info][gc,phases      ] GC(262) Marking Phase 53.370ms
[92.846s][info][gc,phases,start] GC(262) Summary Phase
[92.846s][info][gc,phases      ] GC(262) Summary Phase 0.011ms
[92.846s][info][gc,phases,start] GC(262) Adjust Roots
[92.867s][info][gc,phases      ] GC(262) Adjust Roots 20.385ms
[92.867s][info][gc,phases,start] GC(262) Compaction Phase
[92.896s][info][gc,phases      ] GC(262) Compaction Phase 29.708ms
[92.896s][info][gc,phases,start] GC(262) Post Compact
[92.898s][info][gc,phases      ] GC(262) Post Compact 1.347ms
[92.898s][info][gc,heap        ] GC(262) PSYoungGen: 1946K->0K(633344K)
[92.898s][info][gc,heap        ] GC(262) ParOldGen: 193257K->126387K(1398272K)
[92.898s][info][gc,metaspace   ] GC(262) Metaspace: 171854K(183868K)->171854K(183868K) NonClass: 151298K(157104K)->151298K(157104K) Class: 20555K(26764K)->20555K(26764K)
[92.898s][info][gc             ] GC(262) Pause Full (System.gc()) 190M->123M(1984M) 105.255ms
[92.898s][info][gc,cpu         ] GC(262) User=0.11s Sys=0.00s Real=0.11s
[93.024s][info][gc,start       ] GC(263) Pause Young (Allocation Failure)
[93.026s][info][gc,heap        ] GC(263) PSYoungGen: 570368K->921K(640000K)
[93.026s][info][gc,heap        ] GC(263) ParOldGen: 126387K->126387K(1398272K)
[93.026s][info][gc,metaspace   ] GC(263) Metaspace: 171858K(183868K)->171858K(183868K) NonClass: 151303K(157104K)->151303K(157104K) Class: 20555K(26764K)->20555K(26764K)
[93.026s][info][gc             ] GC(263) Pause Young (Allocation Failure) 680M->124M(1990M) 2.571ms
[93.026s][info][gc,cpu         ] GC(263) User=0.00s Sys=0.00s Real=0.00s
[93.392s][info][gc,start       ] GC(264) Pause Young (Allocation Failure)
[93.420s][info][gc,heap        ] GC(264) PSYoungGen: 579993K->36510K(615936K)
[93.421s][info][gc,heap        ] GC(264) ParOldGen: 126387K->127029K(1398272K)
[93.421s][info][gc,metaspace   ] GC(264) Metaspace: 171860K(183868K)->171860K(183868K) NonClass: 151305K(157104K)->151305K(157104K) Class: 20555K(26764K)->20555K(26764K)
[93.421s][info][gc             ] GC(264) Pause Young (Allocation Failure) 689M->159M(1967M) 28.834ms
[93.421s][info][gc,cpu         ] GC(264) User=0.06s Sys=0.00s Real=0.03s
[93.837s][info][gc,start       ] GC(265) Pause Young (Allocation Failure)
[93.863s][info][gc,heap        ] GC(265) PSYoungGen: 615431K->36262K(630784K)
[93.863s][info][gc,heap        ] GC(265) ParOldGen: 127029K->154516K(1398272K)
[93.863s][info][gc,metaspace   ] GC(265) Metaspace: 171865K(183868K)->171865K(183868K) NonClass: 151310K(157104K)->151310K(157104K) Class: 20555K(26764K)->20555K(26764K)
[93.863s][info][gc             ] GC(265) Pause Young (Allocation Failure) 725M->186M(1981M) 26.187ms
[93.863s][info][gc,cpu         ] GC(265) User=0.06s Sys=0.00s Real=0.03s
[96.585s][info][gc,start       ] GC(266) Pause Young (Allocation Failure)
[96.592s][info][gc,heap        ] GC(266) PSYoungGen: 603203K->5592K(633344K)
[96.592s][info][gc,heap        ] GC(266) ParOldGen: 154516K->189185K(1398272K)
[96.592s][info][gc,metaspace   ] GC(266) Metaspace: 171865K(183868K)->171865K(183868K) NonClass: 151310K(157104K)->151310K(157104K) Class: 20555K(26764K)->20555K(26764K)
[96.592s][info][gc             ] GC(266) Pause Young (Allocation Failure) 739M->190M(1984M) 7.347ms
[96.592s][info][gc,cpu         ] GC(266) User=0.02s Sys=0.00s Real=0.02s
[97.079s][info][gc,start       ] GC(267) Pause Young (System.gc())
[97.082s][info][gc,heap        ] GC(267) PSYoungGen: 340334K->1914K(637952K)
[97.082s][info][gc,heap        ] GC(267) ParOldGen: 189185K->193615K(1398272K)
[97.082s][info][gc,metaspace   ] GC(267) Metaspace: 171868K(183868K)->171868K(183868K) NonClass: 151313K(157104K)->151313K(157104K) Class: 20555K(26764K)->20555K(26764K)
[97.082s][info][gc             ] GC(267) Pause Young (System.gc()) 517M->190M(1988M) 3.202ms
[97.082s][info][gc,cpu         ] GC(267) User=0.00s Sys=0.00s Real=0.00s
[97.082s][info][gc,start       ] GC(268) Pause Full (System.gc())
[97.082s][info][gc,phases,start] GC(268) Marking Phase
[97.136s][info][gc,phases      ] GC(268) Marking Phase 54.238ms
[97.137s][info][gc,phases,start] GC(268) Summary Phase
[97.137s][info][gc,phases      ] GC(268) Summary Phase 0.011ms
[97.137s][info][gc,phases,start] GC(268) Adjust Roots
[97.157s][info][gc,phases      ] GC(268) Adjust Roots 20.628ms
[97.157s][info][gc,phases,start] GC(268) Compaction Phase
[97.176s][info][gc,phases      ] GC(268) Compaction Phase 19.028ms
[97.176s][info][gc,phases,start] GC(268) Post Compact
[97.177s][info][gc,phases      ] GC(268) Post Compact 1.010ms
[97.177s][info][gc,heap        ] GC(268) PSYoungGen: 1914K->0K(637952K)
[97.177s][info][gc,heap        ] GC(268) ParOldGen: 193615K->126031K(1398272K)
[97.177s][info][gc,metaspace   ] GC(268) Metaspace: 171868K(183868K)->171868K(183868K) NonClass: 151313K(157104K)->151313K(157104K) Class: 20555K(26764K)->20555K(26764K)
[97.177s][info][gc             ] GC(268) Pause Full (System.gc()) 190M->123M(1988M) 95.211ms
[97.178s][info][gc,cpu         ] GC(268) User=0.11s Sys=0.00s Real=0.09s
[97.294s][info][gc,start       ] GC(269) Pause Young (Allocation Failure)
[97.296s][info][gc,heap        ] GC(269) PSYoungGen: 573846K->938K(635904K)
[97.296s][info][gc,heap        ] GC(269) ParOldGen: 126031K->126031K(1398272K)
[97.296s][info][gc,metaspace   ] GC(269) Metaspace: 171901K(183868K)->171901K(183868K) NonClass: 151346K(157104K)->151346K(157104K) Class: 20555K(26764K)->20555K(26764K)
[97.296s][info][gc             ] GC(269) Pause Young (Allocation Failure) 683M->123M(1986M) 2.011ms
[97.296s][info][gc,cpu         ] GC(269) User=0.02s Sys=0.00s Real=0.02s
[97.406s][info][gc,start       ] GC(270) Pause Young (Allocation Failure)
[97.412s][info][gc,heap        ] GC(270) PSYoungGen: 575914K->34032K(633856K)
[97.412s][info][gc,heap        ] GC(270) ParOldGen: 126031K->126757K(1398272K)
[97.412s][info][gc,metaspace   ] GC(270) Metaspace: 171911K(183868K)->171911K(183868K) NonClass: 151356K(157104K)->151356K(157104K) Class: 20555K(26764K)->20555K(26764K)
[97.412s][info][gc             ] GC(270) Pause Young (Allocation Failure) 685M->157M(1984M) 6.612ms
[97.412s][info][gc,cpu         ] GC(270) User=0.02s Sys=0.00s Real=0.00s
[97.484s][info][gc,start       ] GC(271) Pause Young (Allocation Failure)
[97.494s][info][gc,heap        ] GC(271) PSYoungGen: 609008K->35550K(610816K)
[97.494s][info][gc,heap        ] GC(271) ParOldGen: 126757K->155376K(1398272K)
[97.494s][info][gc,metaspace   ] GC(271) Metaspace: 171911K(183868K)->171911K(183868K) NonClass: 151356K(157104K)->151356K(157104K) Class: 20555K(26764K)->20555K(26764K)
[97.494s][info][gc             ] GC(271) Pause Young (Allocation Failure) 718M->186M(1962M) 10.191ms
[97.494s][info][gc,cpu         ] GC(271) User=0.00s Sys=0.00s Real=0.00s
[98.253s][info][gc,start       ] GC(272) Pause Young (Allocation Failure)
[98.260s][info][gc,heap        ] GC(272) PSYoungGen: 610526K->5971K(636928K)
[98.260s][info][gc,heap        ] GC(272) ParOldGen: 155376K->188482K(1398272K)
[98.260s][info][gc,metaspace   ] GC(272) Metaspace: 171912K(183868K)->171912K(183868K) NonClass: 151357K(157104K)->151357K(157104K) Class: 20555K(26764K)->20555K(26764K)
[98.260s][info][gc             ] GC(272) Pause Young (Allocation Failure) 747M->189M(1987M) 7.179ms
[98.260s][info][gc,cpu         ] GC(272) User=0.00s Sys=0.00s Real=0.00s
[98.741s][info][gc,start       ] GC(273) Pause Young (System.gc())
[98.744s][info][gc,heap        ] GC(273) PSYoungGen: 335241K->1883K(634368K)
[98.744s][info][gc,heap        ] GC(273) ParOldGen: 188482K->193263K(1398272K)
[98.744s][info][gc,metaspace   ] GC(273) Metaspace: 171977K(183868K)->171977K(183868K) NonClass: 151422K(157104K)->151422K(157104K) Class: 20555K(26764K)->20555K(26764K)
[98.744s][info][gc             ] GC(273) Pause Young (System.gc()) 511M->190M(1985M) 3.242ms
[98.744s][info][gc,cpu         ] GC(273) User=0.00s Sys=0.00s Real=0.00s
[98.744s][info][gc,start       ] GC(274) Pause Full (System.gc())
[98.744s][info][gc,phases,start] GC(274) Marking Phase
[98.797s][info][gc,phases      ] GC(274) Marking Phase 52.634ms
[98.797s][info][gc,phases,start] GC(274) Summary Phase
[98.797s][info][gc,phases      ] GC(274) Summary Phase 0.011ms
[98.797s][info][gc,phases,start] GC(274) Adjust Roots
[98.818s][info][gc,phases      ] GC(274) Adjust Roots 21.118ms
[98.818s][info][gc,phases,start] GC(274) Compaction Phase
[98.849s][info][gc,phases      ] GC(274) Compaction Phase 30.572ms
[98.849s][info][gc,phases,start] GC(274) Post Compact
[98.850s][info][gc,phases      ] GC(274) Post Compact 0.978ms
[98.850s][info][gc,heap        ] GC(274) PSYoungGen: 1883K->0K(634368K)
[98.850s][info][gc,heap        ] GC(274) ParOldGen: 193263K->126381K(1398272K)
[98.850s][info][gc,metaspace   ] GC(274) Metaspace: 171977K(183868K)->171977K(183868K) NonClass: 151422K(157104K)->151422K(157104K) Class: 20555K(26764K)->20555K(26764K)
[98.850s][info][gc             ] GC(274) Pause Full (System.gc()) 190M->123M(1985M) 105.618ms
[98.850s][info][gc,cpu         ] GC(274) User=0.11s Sys=0.00s Real=0.11s
[98.976s][info][gc,start       ] GC(275) Pause Young (Allocation Failure)
[98.978s][info][gc,heap        ] GC(275) PSYoungGen: 572123K->793K(641024K)
[98.978s][info][gc,heap        ] GC(275) ParOldGen: 126381K->126389K(1398272K)
[98.978s][info][gc,metaspace   ] GC(275) Metaspace: 171985K(183868K)->171985K(183868K) NonClass: 151430K(157104K)->151430K(157104K) Class: 20555K(26764K)->20555K(26764K)
[98.978s][info][gc             ] GC(275) Pause Young (Allocation Failure) 682M->124M(1991M) 1.996ms
[98.978s][info][gc,cpu         ] GC(275) User=0.00s Sys=0.00s Real=0.00s
[99.086s][info][gc,start       ] GC(276) Pause Young (Allocation Failure)
[99.093s][info][gc,heap        ] GC(276) PSYoungGen: 581821K->39587K(621056K)
[99.093s][info][gc,heap        ] GC(276) ParOldGen: 126389K->127047K(1398272K)
[99.093s][info][gc,metaspace   ] GC(276) Metaspace: 171990K(183868K)->171990K(183868K) NonClass: 151435K(157104K)->151435K(157104K) Class: 20555K(26764K)->20555K(26764K)
[99.093s][info][gc             ] GC(276) Pause Young (Allocation Failure) 691M->162M(1972M) 7.317ms
[99.093s][info][gc,cpu         ] GC(276) User=0.02s Sys=0.00s Real=0.00s
[99.168s][info][gc,start       ] GC(277) Pause Young (Allocation Failure)
[99.178s][info][gc,heap        ] GC(277) PSYoungGen: 620707K->37672K(628736K)
[99.178s][info][gc,heap        ] GC(277) ParOldGen: 127047K->153271K(1398272K)
[99.178s][info][gc,metaspace   ] GC(277) Metaspace: 171990K(183868K)->171990K(183868K) NonClass: 151435K(157104K)->151435K(157104K) Class: 20555K(26764K)->20555K(26764K)
[99.178s][info][gc             ] GC(277) Pause Young (Allocation Failure) 730M->186M(1979M) 10.239ms
[99.178s][info][gc,cpu         ] GC(277) User=0.02s Sys=0.00s Real=0.01s
[99.937s][info][gc,start       ] GC(278) Pause Young (Allocation Failure)
[99.944s][info][gc,heap        ] GC(278) PSYoungGen: 603432K->4863K(632320K)
[99.944s][info][gc,heap        ] GC(278) ParOldGen: 153271K->189617K(1398272K)
[99.944s][info][gc,metaspace   ] GC(278) Metaspace: 172022K(183868K)->172022K(183868K) NonClass: 151458K(157104K)->151458K(157104K) Class: 20564K(26764K)->20564K(26764K)
[99.944s][info][gc             ] GC(278) Pause Young (Allocation Failure) 738M->189M(1983M) 7.140ms
[99.944s][info][gc,cpu         ] GC(278) User=0.00s Sys=0.00s Real=0.01s
[100.423s][info][gc,start       ] GC(279) Pause Young (System.gc())
[100.426s][info][gc,heap        ] GC(279) PSYoungGen: 331401K->1923K(636928K)
[100.426s][info][gc,heap        ] GC(279) ParOldGen: 189617K->193390K(1398272K)
[100.426s][info][gc,metaspace   ] GC(279) Metaspace: 172029K(183868K)->172029K(183868K) NonClass: 151464K(157104K)->151464K(157104K) Class: 20564K(26764K)->20564K(26764K)
[100.426s][info][gc             ] GC(279) Pause Young (System.gc()) 508M->190M(1987M) 2.961ms
[100.426s][info][gc,cpu         ] GC(279) User=0.00s Sys=0.00s Real=0.00s
[100.427s][info][gc,start       ] GC(280) Pause Full (System.gc())
[100.427s][info][gc,phases,start] GC(280) Marking Phase
[100.482s][info][gc,phases      ] GC(280) Marking Phase 55.603ms
[100.482s][info][gc,phases,start] GC(280) Summary Phase
[100.482s][info][gc,phases      ] GC(280) Summary Phase 0.012ms
[100.482s][info][gc,phases,start] GC(280) Adjust Roots
[100.503s][info][gc,phases      ] GC(280) Adjust Roots 21.258ms
[100.504s][info][gc,phases,start] GC(280) Compaction Phase
[100.540s][info][gc,phases      ] GC(280) Compaction Phase 36.743ms
[100.540s][info][gc,phases,start] GC(280) Post Compact
[100.541s][info][gc,phases      ] GC(280) Post Compact 1.012ms
[100.541s][info][gc,heap        ] GC(280) PSYoungGen: 1923K->0K(636928K)
[100.541s][info][gc,heap        ] GC(280) ParOldGen: 193390K->125997K(1398272K)
[100.541s][info][gc,metaspace   ] GC(280) Metaspace: 172029K(183868K)->172029K(183868K) NonClass: 151464K(157104K)->151464K(157104K) Class: 20564K(26764K)->20564K(26764K)
[100.541s][info][gc             ] GC(280) Pause Full (System.gc()) 190M->123M(1987M) 114.938ms
[100.542s][info][gc,cpu         ] GC(280) User=0.09s Sys=0.00s Real=0.11s
[100.660s][info][gc,start       ] GC(281) Pause Young (Allocation Failure)
[100.662s][info][gc,heap        ] GC(281) PSYoungGen: 572406K->761K(634880K)
[100.662s][info][gc,heap        ] GC(281) ParOldGen: 125997K->125997K(1398272K)
[100.662s][info][gc,metaspace   ] GC(281) Metaspace: 172034K(183868K)->172034K(183868K) NonClass: 151470K(157104K)->151470K(157104K) Class: 20564K(26764K)->20564K(26764K)
[100.662s][info][gc             ] GC(281) Pause Young (Allocation Failure) 682M->123M(1985M) 2.112ms
[100.662s][info][gc,cpu         ] GC(281) User=0.00s Sys=0.00s Real=0.00s
[100.777s][info][gc,start       ] GC(282) Pause Young (Allocation Failure)
[100.785s][info][gc,heap        ] GC(282) PSYoungGen: 573689K->35067K(632832K)
[100.785s][info][gc,heap        ] GC(282) ParOldGen: 125997K->126630K(1398272K)
[100.785s][info][gc,metaspace   ] GC(282) Metaspace: 172037K(183868K)->172037K(183868K) NonClass: 151473K(157104K)->151473K(157104K) Class: 20564K(26764K)->20564K(26764K)
[100.785s][info][gc             ] GC(282) Pause Young (Allocation Failure) 683M->157M(1983M) 7.709ms
[100.785s][info][gc,cpu         ] GC(282) User=0.03s Sys=0.00s Real=0.01s
[100.865s][info][gc,start       ] GC(283) Pause Young (Allocation Failure)
[100.876s][info][gc,heap        ] GC(283) PSYoungGen: 607995K->37854K(610816K)
[100.876s][info][gc,heap        ] GC(283) ParOldGen: 126630K->154202K(1398272K)
[100.876s][info][gc,metaspace   ] GC(283) Metaspace: 172037K(183868K)->172037K(183868K) NonClass: 151473K(157104K)->151473K(157104K) Class: 20564K(26764K)->20564K(26764K)
[100.876s][info][gc             ] GC(283) Pause Young (Allocation Failure) 717M->187M(1962M) 10.673ms
[100.876s][info][gc,cpu         ] GC(283) User=0.02s Sys=0.00s Real=0.02s
[101.613s][info][gc,start       ] GC(284) Pause Young (Allocation Failure)
[101.620s][info][gc,heap        ] GC(284) PSYoungGen: 610782K->6963K(635392K)
[101.620s][info][gc,heap        ] GC(284) ParOldGen: 154202K->187300K(1398272K)
[101.620s][info][gc,metaspace   ] GC(284) Metaspace: 172037K(183868K)->172037K(183868K) NonClass: 151473K(157104K)->151473K(157104K) Class: 20564K(26764K)->20564K(26764K)
[101.620s][info][gc             ] GC(284) Pause Young (Allocation Failure) 747M->189M(1986M) 6.643ms
[101.620s][info][gc,cpu         ] GC(284) User=0.00s Sys=0.00s Real=0.00s
[102.093s][info][gc,start       ] GC(285) Pause Young (System.gc())
[102.096s][info][gc,heap        ] GC(285) PSYoungGen: 342936K->1882K(632320K)
[102.096s][info][gc,heap        ] GC(285) ParOldGen: 187300K->193192K(1398272K)
[102.096s][info][gc,metaspace   ] GC(285) Metaspace: 172037K(183868K)->172037K(183868K) NonClass: 151473K(157104K)->151473K(157104K) Class: 20564K(26764K)->20564K(26764K)
[102.096s][info][gc             ] GC(285) Pause Young (System.gc()) 517M->190M(1983M) 3.540ms
[102.097s][info][gc,cpu         ] GC(285) User=0.00s Sys=0.00s Real=0.00s
[102.097s][info][gc,start       ] GC(286) Pause Full (System.gc())
[102.097s][info][gc,phases,start] GC(286) Marking Phase
[102.153s][info][gc,phases      ] GC(286) Marking Phase 56.626ms
[102.153s][info][gc,phases,start] GC(286) Summary Phase
[102.153s][info][gc,phases      ] GC(286) Summary Phase 0.011ms
[102.153s][info][gc,phases,start] GC(286) Adjust Roots
[102.173s][info][gc,phases      ] GC(286) Adjust Roots 19.846ms
[102.173s][info][gc,phases,start] GC(286) Compaction Phase
[102.208s][info][gc,phases      ] GC(286) Compaction Phase 34.340ms
[102.208s][info][gc,phases,start] GC(286) Post Compact
[102.209s][info][gc,phases      ] GC(286) Post Compact 0.953ms
[102.209s][info][gc,heap        ] GC(286) PSYoungGen: 1882K->0K(632320K)
[102.209s][info][gc,heap        ] GC(286) ParOldGen: 193192K->126435K(1398272K)
[102.209s][info][gc,metaspace   ] GC(286) Metaspace: 172037K(183868K)->172037K(183868K) NonClass: 151473K(157104K)->151473K(157104K) Class: 20564K(26764K)->20564K(26764K)
[102.209s][info][gc             ] GC(286) Pause Full (System.gc()) 190M->123M(1983M) 112.067ms
[102.209s][info][gc,cpu         ] GC(286) User=0.19s Sys=0.00s Real=0.12s
[102.341s][info][gc,start       ] GC(287) Pause Young (Allocation Failure)
[102.343s][info][gc,heap        ] GC(287) PSYoungGen: 568832K->857K(639488K)
[102.343s][info][gc,heap        ] GC(287) ParOldGen: 126435K->126435K(1398272K)
[102.343s][info][gc,metaspace   ] GC(287) Metaspace: 172037K(183868K)->172037K(183868K) NonClass: 151473K(157104K)->151473K(157104K) Class: 20564K(26764K)->20564K(26764K)
[102.343s][info][gc             ] GC(287) Pause Young (Allocation Failure) 678M->124M(1990M) 2.246ms
[102.343s][info][gc,cpu         ] GC(287) User=0.00s Sys=0.00s Real=0.00s
[102.457s][info][gc,start       ] GC(288) Pause Young (Allocation Failure)
[102.463s][info][gc,heap        ] GC(288) PSYoungGen: 578905K->34563K(612864K)
[102.463s][info][gc,heap        ] GC(288) ParOldGen: 126435K->127085K(1398272K)
[102.463s][info][gc,metaspace   ] GC(288) Metaspace: 172039K(183868K)->172039K(183868K) NonClass: 151474K(157104K)->151474K(157104K) Class: 20564K(26764K)->20564K(26764K)
[102.463s][info][gc             ] GC(288) Pause Young (Allocation Failure) 688M->157M(1964M) 6.233ms
[102.463s][info][gc,cpu         ] GC(288) User=0.00s Sys=0.00s Real=0.01s
[102.536s][info][gc,start       ] GC(289) Pause Young (Allocation Failure)
[102.546s][info][gc,heap        ] GC(289) PSYoungGen: 612611K->35104K(631296K)
[102.546s][info][gc,heap        ] GC(289) ParOldGen: 127085K->155709K(1398272K)
[102.546s][info][gc,metaspace   ] GC(289) Metaspace: 172046K(183868K)->172046K(183868K) NonClass: 151481K(157104K)->151481K(157104K) Class: 20564K(26764K)->20564K(26764K)
[102.546s][info][gc             ] GC(289) Pause Young (Allocation Failure) 722M->186M(1982M) 9.930ms
[102.546s][info][gc,cpu         ] GC(289) User=0.02s Sys=0.00s Real=0.02s
[103.283s][info][gc,start       ] GC(290) Pause Young (Allocation Failure)
[103.289s][info][gc,heap        ] GC(290) PSYoungGen: 600227K->5970K(633856K)
[103.290s][info][gc,heap        ] GC(290) ParOldGen: 155709K->188815K(1398272K)
[103.290s][info][gc,metaspace   ] GC(290) Metaspace: 172048K(183868K)->172048K(183868K) NonClass: 151484K(157104K)->151484K(157104K) Class: 20564K(26764K)->20564K(26764K)
[103.290s][info][gc             ] GC(290) Pause Young (Allocation Failure) 738M->190M(1984M) 6.673ms
[103.290s][info][gc,cpu         ] GC(290) User=0.00s Sys=0.00s Real=0.00s
[103.765s][info][gc,start       ] GC(291) Pause Young (System.gc())
[103.769s][info][gc,heap        ] GC(291) PSYoungGen: 339484K->1882K(638464K)
[103.769s][info][gc,heap        ] GC(291) ParOldGen: 188815K->193636K(1398272K)
[103.769s][info][gc,metaspace   ] GC(291) Metaspace: 172055K(183868K)->172055K(183868K) NonClass: 151490K(157104K)->151490K(157104K) Class: 20564K(26764K)->20564K(26764K)
[103.769s][info][gc             ] GC(291) Pause Young (System.gc()) 515M->190M(1989M) 3.188ms
[103.769s][info][gc,cpu         ] GC(291) User=0.00s Sys=0.00s Real=0.00s
[103.769s][info][gc,start       ] GC(292) Pause Full (System.gc())
[103.769s][info][gc,phases,start] GC(292) Marking Phase
[103.824s][info][gc,phases      ] GC(292) Marking Phase 55.039ms
[103.824s][info][gc,phases,start] GC(292) Summary Phase
[103.824s][info][gc,phases      ] GC(292) Summary Phase 0.011ms
[103.824s][info][gc,phases,start] GC(292) Adjust Roots
[103.844s][info][gc,phases      ] GC(292) Adjust Roots 20.398ms
[103.844s][info][gc,phases,start] GC(292) Compaction Phase
[103.889s][info][gc,phases      ] GC(292) Compaction Phase 44.247ms
[103.889s][info][gc,phases,start] GC(292) Post Compact
[103.890s][info][gc,phases      ] GC(292) Post Compact 1.066ms
[103.890s][info][gc,heap        ] GC(292) PSYoungGen: 1882K->0K(638464K)
[103.890s][info][gc,heap        ] GC(292) ParOldGen: 193636K->125926K(1398272K)
[103.890s][info][gc,metaspace   ] GC(292) Metaspace: 172055K(183868K)->172055K(183868K) NonClass: 151490K(157104K)->151490K(157104K) Class: 20564K(26764K)->20564K(26764K)
[103.890s][info][gc             ] GC(292) Pause Full (System.gc()) 190M->122M(1989M) 121.062ms
[103.890s][info][gc,cpu         ] GC(292) User=0.03s Sys=0.00s Real=0.12s
[104.010s][info][gc,start       ] GC(293) Pause Young (Allocation Failure)
[104.012s][info][gc,heap        ] GC(293) PSYoungGen: 574248K->883K(636416K)
[104.012s][info][gc,heap        ] GC(293) ParOldGen: 125926K->125926K(1398272K)
[104.012s][info][gc,metaspace   ] GC(293) Metaspace: 172152K(184124K)->172152K(184124K) NonClass: 151588K(157360K)->151588K(157360K) Class: 20564K(26764K)->20564K(26764K)
[104.012s][info][gc             ] GC(293) Pause Young (Allocation Failure) 683M->123M(1987M) 2.042ms
[104.012s][info][gc,cpu         ] GC(293) User=0.00s Sys=0.00s Real=0.02s
[104.118s][info][gc,start       ] GC(294) Pause Young (Allocation Failure)
[104.125s][info][gc,heap        ] GC(294) PSYoungGen: 576883K->34845K(633344K)
[104.125s][info][gc,heap        ] GC(294) ParOldGen: 125926K->126644K(1398272K)
[104.125s][info][gc,metaspace   ] GC(294) Metaspace: 172152K(184124K)->172152K(184124K) NonClass: 151588K(157360K)->151588K(157360K) Class: 20564K(26764K)->20564K(26764K)
[104.126s][info][gc             ] GC(294) Pause Young (Allocation Failure) 686M->157M(1984M) 7.254ms
[104.126s][info][gc,cpu         ] GC(294) User=0.03s Sys=0.00s Real=0.01s
[104.201s][info][gc,start       ] GC(295) Pause Young (Allocation Failure)
[104.212s][info][gc,heap        ] GC(295) PSYoungGen: 609821K->36027K(611328K)
[104.212s][info][gc,heap        ] GC(295) ParOldGen: 126644K->154896K(1398272K)
[104.212s][info][gc,metaspace   ] GC(295) Metaspace: 172152K(184124K)->172152K(184124K) NonClass: 151588K(157360K)->151588K(157360K) Class: 20564K(26764K)->20564K(26764K)
[104.212s][info][gc             ] GC(295) Pause Young (Allocation Failure) 719M->186M(1962M) 10.869ms
[104.212s][info][gc,cpu         ] GC(295) User=0.05s Sys=0.00s Real=0.00s
[104.967s][info][gc,start       ] GC(296) Pause Young (Allocation Failure)
[104.974s][info][gc,heap        ] GC(296) PSYoungGen: 611003K->6026K(636928K)
[104.975s][info][gc,heap        ] GC(296) ParOldGen: 154896K->188173K(1398272K)
[104.975s][info][gc,metaspace   ] GC(296) Metaspace: 172152K(184124K)->172152K(184124K) NonClass: 151588K(157360K)->151588K(157360K) Class: 20564K(26764K)->20564K(26764K)
[104.975s][info][gc             ] GC(296) Pause Young (Allocation Failure) 747M->189M(1987M) 7.209ms
[104.975s][info][gc,cpu         ] GC(296) User=0.02s Sys=0.00s Real=0.01s
[105.487s][info][gc,start       ] GC(297) Pause Young (System.gc())
[105.491s][info][gc,heap        ] GC(297) PSYoungGen: 330576K->1890K(634368K)
[105.491s][info][gc,heap        ] GC(297) ParOldGen: 188173K->192941K(1398272K)
[105.491s][info][gc,metaspace   ] GC(297) Metaspace: 172251K(184124K)->172251K(184124K) NonClass: 151687K(157360K)->151687K(157360K) Class: 20564K(26764K)->20564K(26764K)
[105.491s][info][gc             ] GC(297) Pause Young (System.gc()) 506M->190M(1985M) 3.711ms
[105.491s][info][gc,cpu         ] GC(297) User=0.02s Sys=0.00s Real=0.02s
[105.491s][info][gc,start       ] GC(298) Pause Full (System.gc())
[105.491s][info][gc,phases,start] GC(298) Marking Phase
[105.545s][info][gc,phases      ] GC(298) Marking Phase 53.870ms
[105.545s][info][gc,phases,start] GC(298) Summary Phase
[105.545s][info][gc,phases      ] GC(298) Summary Phase 0.011ms
[105.545s][info][gc,phases,start] GC(298) Adjust Roots
[105.566s][info][gc,phases      ] GC(298) Adjust Roots 20.656ms
[105.566s][info][gc,phases,start] GC(298) Compaction Phase
[105.599s][info][gc,phases      ] GC(298) Compaction Phase 33.210ms
[105.599s][info][gc,phases,start] GC(298) Post Compact
[105.600s][info][gc,phases      ] GC(298) Post Compact 1.173ms
[105.600s][info][gc,heap        ] GC(298) PSYoungGen: 1890K->0K(634368K)
[105.600s][info][gc,heap        ] GC(298) ParOldGen: 192941K->126278K(1398272K)
[105.600s][info][gc,metaspace   ] GC(298) Metaspace: 172251K(184124K)->172251K(184124K) NonClass: 151687K(157360K)->151687K(157360K) Class: 20564K(26764K)->20564K(26764K)
[105.600s][info][gc             ] GC(298) Pause Full (System.gc()) 190M->123M(1985M) 109.239ms
[105.600s][info][gc,cpu         ] GC(298) User=0.14s Sys=0.00s Real=0.11s
[105.723s][info][gc,start       ] GC(299) Pause Young (Allocation Failure)
[105.725s][info][gc,heap        ] GC(299) PSYoungGen: 572039K->880K(641024K)
[105.725s][info][gc,heap        ] GC(299) ParOldGen: 126278K->126278K(1398272K)
[105.725s][info][gc,metaspace   ] GC(299) Metaspace: 172264K(184124K)->172264K(184124K) NonClass: 151699K(157360K)->151699K(157360K) Class: 20564K(26764K)->20564K(26764K)
[105.725s][info][gc             ] GC(299) Pause Young (Allocation Failure) 681M->124M(1991M) 1.888ms
[105.725s][info][gc,cpu         ] GC(299) User=0.02s Sys=0.00s Real=0.02s
[105.835s][info][gc,start       ] GC(300) Pause Young (Allocation Failure)
[105.843s][info][gc,heap        ] GC(300) PSYoungGen: 582000K->37564K(619008K)
[105.843s][info][gc,heap        ] GC(300) ParOldGen: 126278K->126930K(1398272K)
[105.843s][info][gc,metaspace   ] GC(300) Metaspace: 172264K(184124K)->172264K(184124K) NonClass: 151700K(157360K)->151700K(157360K) Class: 20564K(26764K)->20564K(26764K)
[105.843s][info][gc             ] GC(300) Pause Young (Allocation Failure) 691M->160M(1970M) 7.234ms
[105.843s][info][gc,cpu         ] GC(300) User=0.00s Sys=0.00s Real=0.00s
[105.920s][info][gc,start       ] GC(301) Pause Young (Allocation Failure)
[105.930s][info][gc,heap        ] GC(301) PSYoungGen: 618684K->37495K(630272K)
[105.930s][info][gc,heap        ] GC(301) ParOldGen: 126930K->154226K(1398272K)
[105.930s][info][gc,metaspace   ] GC(301) Metaspace: 172264K(184124K)->172264K(184124K) NonClass: 151700K(157360K)->151700K(157360K) Class: 20564K(26764K)->20564K(26764K)
[105.930s][info][gc             ] GC(301) Pause Young (Allocation Failure) 728M->187M(1981M) 10.216ms
[105.930s][info][gc,cpu         ] GC(301) User=0.02s Sys=0.00s Real=0.01s
[106.685s][info][gc,start       ] GC(302) Pause Young (Allocation Failure)
[106.691s][info][gc,heap        ] GC(302) PSYoungGen: 605303K->5906K(633344K)
[106.691s][info][gc,heap        ] GC(302) ParOldGen: 154226K->188535K(1398272K)
[106.691s][info][gc,metaspace   ] GC(302) Metaspace: 172265K(184124K)->172265K(184124K) NonClass: 151700K(157360K)->151700K(157360K) Class: 20564K(26764K)->20564K(26764K)
[106.692s][info][gc             ] GC(302) Pause Young (Allocation Failure) 741M->189M(1984M) 6.878ms
[106.692s][info][gc,cpu         ] GC(302) User=0.00s Sys=0.00s Real=0.00s
[107.166s][info][gc,start       ] GC(303) Pause Young (System.gc())
[107.169s][info][gc,heap        ] GC(303) PSYoungGen: 334909K->1906K(637952K)
[107.169s][info][gc,heap        ] GC(303) ParOldGen: 188535K->193287K(1398272K)
[107.169s][info][gc,metaspace   ] GC(303) Metaspace: 172305K(184124K)->172305K(184124K) NonClass: 151740K(157360K)->151740K(157360K) Class: 20564K(26764K)->20564K(26764K)
[107.169s][info][gc             ] GC(303) Pause Young (System.gc()) 511M->190M(1988M) 3.517ms
[107.169s][info][gc,cpu         ] GC(303) User=0.02s Sys=0.00s Real=0.01s
[107.169s][info][gc,start       ] GC(304) Pause Full (System.gc())
[107.169s][info][gc,phases,start] GC(304) Marking Phase
[107.225s][info][gc,phases      ] GC(304) Marking Phase 55.673ms
[107.225s][info][gc,phases,start] GC(304) Summary Phase
[107.225s][info][gc,phases      ] GC(304) Summary Phase 0.011ms
[107.225s][info][gc,phases,start] GC(304) Adjust Roots
[107.245s][info][gc,phases      ] GC(304) Adjust Roots 19.555ms
[107.245s][info][gc,phases,start] GC(304) Compaction Phase
[107.261s][info][gc,phases      ] GC(304) Compaction Phase 16.334ms
[107.261s][info][gc,phases,start] GC(304) Post Compact
[107.262s][info][gc,phases      ] GC(304) Post Compact 1.237ms
[107.263s][info][gc,heap        ] GC(304) PSYoungGen: 1906K->0K(637952K)
[107.263s][info][gc,heap        ] GC(304) ParOldGen: 193287K->125880K(1398272K)
[107.263s][info][gc,metaspace   ] GC(304) Metaspace: 172305K(184124K)->172305K(184124K) NonClass: 151740K(157360K)->151740K(157360K) Class: 20564K(26764K)->20564K(26764K)
[107.263s][info][gc             ] GC(304) Pause Full (System.gc()) 190M->122M(1988M) 93.127ms
[107.263s][info][gc,cpu         ] GC(304) User=0.06s Sys=0.00s Real=0.09s
[107.392s][info][gc,start       ] GC(305) Pause Young (Allocation Failure)
[107.394s][info][gc,heap        ] GC(305) PSYoungGen: 573173K->883K(635904K)
[107.394s][info][gc,heap        ] GC(305) ParOldGen: 125880K->125880K(1398272K)
[107.394s][info][gc,metaspace   ] GC(305) Metaspace: 172307K(184124K)->172307K(184124K) NonClass: 151742K(157360K)->151742K(157360K) Class: 20564K(26764K)->20564K(26764K)
[107.394s][info][gc             ] GC(305) Pause Young (Allocation Failure) 682M->123M(1986M) 2.024ms
[107.394s][info][gc,cpu         ] GC(305) User=0.00s Sys=0.00s Real=0.00s
[107.497s][info][gc,start       ] GC(306) Pause Young (Allocation Failure)
[107.503s][info][gc,heap        ] GC(306) PSYoungGen: 575859K->32651K(634880K)
[107.503s][info][gc,heap        ] GC(306) ParOldGen: 125880K->126604K(1398272K)
[107.503s][info][gc,metaspace   ] GC(306) Metaspace: 172307K(184124K)->172307K(184124K) NonClass: 151742K(157360K)->151742K(157360K) Class: 20564K(26764K)->20564K(26764K)
[107.503s][info][gc             ] GC(306) Pause Young (Allocation Failure) 685M->155M(1985M) 5.793ms
[107.503s][info][gc,cpu         ] GC(306) User=0.00s Sys=0.00s Real=0.00s
[107.570s][info][gc,start       ] GC(307) Pause Young (Allocation Failure)
[107.580s][info][gc,heap        ] GC(307) PSYoungGen: 608651K->36032K(612352K)
[107.580s][info][gc,heap        ] GC(307) ParOldGen: 126604K->156503K(1398272K)
[107.580s][info][gc,metaspace   ] GC(307) Metaspace: 172307K(184124K)->172307K(184124K) NonClass: 151742K(157360K)->151742K(157360K) Class: 20564K(26764K)->20564K(26764K)
[107.580s][info][gc             ] GC(307) Pause Young (Allocation Failure) 718M->188M(1963M) 10.120ms
[107.580s][info][gc,cpu         ] GC(307) User=0.02s Sys=0.00s Real=0.02s
[108.322s][info][gc,start       ] GC(308) Pause Young (Allocation Failure)
[108.329s][info][gc,heap        ] GC(308) PSYoungGen: 612032K->6349K(636928K)
[108.329s][info][gc,heap        ] GC(308) ParOldGen: 156503K->188161K(1398272K)
[108.329s][info][gc,metaspace   ] GC(308) Metaspace: 172307K(184124K)->172307K(184124K) NonClass: 151742K(157360K)->151742K(157360K) Class: 20564K(26764K)->20564K(26764K)
[108.329s][info][gc             ] GC(308) Pause Young (Allocation Failure) 750M->189M(1987M) 7.581ms
[108.330s][info][gc,cpu         ] GC(308) User=0.00s Sys=0.00s Real=0.01s
[108.800s][info][gc,start       ] GC(309) Pause Young (System.gc())
[108.804s][info][gc,heap        ] GC(309) PSYoungGen: 335775K->1874K(634368K)
[108.804s][info][gc,heap        ] GC(309) ParOldGen: 188161K->193397K(1398272K)
[108.804s][info][gc,metaspace   ] GC(309) Metaspace: 172314K(184124K)->172314K(184124K) NonClass: 151749K(157360K)->151749K(157360K) Class: 20564K(26764K)->20564K(26764K)
[108.804s][info][gc             ] GC(309) Pause Young (System.gc()) 511M->190M(1985M) 3.580ms
[108.804s][info][gc,cpu         ] GC(309) User=0.00s Sys=0.00s Real=0.00s
[108.804s][info][gc,start       ] GC(310) Pause Full (System.gc())
[108.804s][info][gc,phases,start] GC(310) Marking Phase
[108.857s][info][gc,phases      ] GC(310) Marking Phase 53.237ms
[108.857s][info][gc,phases,start] GC(310) Summary Phase
[108.857s][info][gc,phases      ] GC(310) Summary Phase 0.012ms
[108.857s][info][gc,phases,start] GC(310) Adjust Roots
[108.878s][info][gc,phases      ] GC(310) Adjust Roots 20.121ms
[108.878s][info][gc,phases,start] GC(310) Compaction Phase
[108.910s][info][gc,phases      ] GC(310) Compaction Phase 32.659ms
[108.910s][info][gc,phases,start] GC(310) Post Compact
[108.911s][info][gc,phases      ] GC(310) Post Compact 1.057ms
[108.911s][info][gc,heap        ] GC(310) PSYoungGen: 1874K->0K(634368K)
[108.911s][info][gc,heap        ] GC(310) ParOldGen: 193397K->126232K(1398272K)
[108.912s][info][gc,metaspace   ] GC(310) Metaspace: 172314K(184124K)->172314K(184124K) NonClass: 151749K(157360K)->151749K(157360K) Class: 20564K(26764K)->20564K(26764K)
[108.912s][info][gc             ] GC(310) Pause Full (System.gc()) 190M->123M(1985M) 107.422ms
[108.912s][info][gc,cpu         ] GC(310) User=0.08s Sys=0.00s Real=0.11s
[109.038s][info][gc,start       ] GC(311) Pause Young (Allocation Failure)
[109.040s][info][gc,heap        ] GC(311) PSYoungGen: 572185K->761K(641024K)
[109.040s][info][gc,heap        ] GC(311) ParOldGen: 126232K->126232K(1398272K)
[109.040s][info][gc,metaspace   ] GC(311) Metaspace: 172322K(184124K)->172322K(184124K) NonClass: 151758K(157360K)->151758K(157360K) Class: 20564K(26764K)->20564K(26764K)
[109.040s][info][gc             ] GC(311) Pause Young (Allocation Failure) 682M->124M(1991M) 2.001ms
[109.040s][info][gc,cpu         ] GC(311) User=0.00s Sys=0.00s Real=0.00s
[109.147s][info][gc,start       ] GC(312) Pause Young (Allocation Failure)
[109.153s][info][gc,heap        ] GC(312) PSYoungGen: 581881K->34635K(615936K)
[109.153s][info][gc,heap        ] GC(312) ParOldGen: 126232K->126882K(1398272K)
[109.153s][info][gc,metaspace   ] GC(312) Metaspace: 172322K(184124K)->172322K(184124K) NonClass: 151758K(157360K)->151758K(157360K) Class: 20564K(26764K)->20564K(26764K)
[109.153s][info][gc             ] GC(312) Pause Young (Allocation Failure) 691M->157M(1967M) 6.586ms
[109.153s][info][gc,cpu         ] GC(312) User=0.02s Sys=0.00s Real=0.00s
[109.231s][info][gc,start       ] GC(313) Pause Young (Allocation Failure)
[109.242s][info][gc,heap        ] GC(313) PSYoungGen: 615755K->34532K(632832K)
[109.242s][info][gc,heap        ] GC(313) ParOldGen: 126882K->155356K(1398272K)
[109.242s][info][gc,metaspace   ] GC(313) Metaspace: 172322K(184124K)->172322K(184124K) NonClass: 151758K(157360K)->151758K(157360K) Class: 20564K(26764K)->20564K(26764K)
[109.242s][info][gc             ] GC(313) Pause Young (Allocation Failure) 725M->185M(1983M) 10.306ms
[109.242s][info][gc,cpu         ] GC(313) User=0.03s Sys=0.00s Real=0.02s
[109.986s][info][gc,start       ] GC(314) Pause Young (Allocation Failure)
[109.993s][info][gc,heap        ] GC(314) PSYoungGen: 603227K->4544K(635392K)
[109.993s][info][gc,heap        ] GC(314) ParOldGen: 155356K->189739K(1398272K)
[109.993s][info][gc,metaspace   ] GC(314) Metaspace: 172322K(184124K)->172322K(184124K) NonClass: 151758K(157360K)->151758K(157360K) Class: 20564K(26764K)->20564K(26764K)
[109.993s][info][gc             ] GC(314) Pause Young (Allocation Failure) 740M->189M(1986M) 6.619ms
[109.993s][info][gc,cpu         ] GC(314) User=0.00s Sys=0.00s Real=0.00s
[110.464s][info][gc,start       ] GC(315) Pause Young (System.gc())
[110.467s][info][gc,heap        ] GC(315) PSYoungGen: 327156K->1793K(639488K)
[110.467s][info][gc,heap        ] GC(315) ParOldGen: 189739K->193130K(1398272K)
[110.467s][info][gc,metaspace   ] GC(315) Metaspace: 172322K(184124K)->172322K(184124K) NonClass: 151758K(157360K)->151758K(157360K) Class: 20564K(26764K)->20564K(26764K)
[110.467s][info][gc             ] GC(315) Pause Young (System.gc()) 504M->190M(1990M) 2.933ms
[110.467s][info][gc,cpu         ] GC(315) User=0.00s Sys=0.00s Real=0.00s
[110.467s][info][gc,start       ] GC(316) Pause Full (System.gc())
[110.467s][info][gc,phases,start] GC(316) Marking Phase
[110.520s][info][gc,phases      ] GC(316) Marking Phase 52.861ms
[110.520s][info][gc,phases,start] GC(316) Summary Phase
[110.520s][info][gc,phases      ] GC(316) Summary Phase 0.011ms
[110.520s][info][gc,phases,start] GC(316) Adjust Roots
[110.541s][info][gc,phases      ] GC(316) Adjust Roots 20.315ms
[110.541s][info][gc,phases,start] GC(316) Compaction Phase
[110.561s][info][gc,phases      ] GC(316) Compaction Phase 20.067ms
[110.561s][info][gc,phases,start] GC(316) Post Compact
[110.562s][info][gc,phases      ] GC(316) Post Compact 1.037ms
[110.562s][info][gc,heap        ] GC(316) PSYoungGen: 1793K->0K(639488K)
[110.562s][info][gc,heap        ] GC(316) ParOldGen: 193130K->125873K(1398272K)
[110.562s][info][gc,metaspace   ] GC(316) Metaspace: 172322K(184124K)->172322K(184124K) NonClass: 151758K(157360K)->151758K(157360K) Class: 20564K(26764K)->20564K(26764K)
[110.562s][info][gc             ] GC(316) Pause Full (System.gc()) 190M->122M(1990M) 94.600ms
[110.562s][info][gc,cpu         ] GC(316) User=0.12s Sys=0.00s Real=0.09s
[110.702s][info][gc,start       ] GC(317) Pause Young (Allocation Failure)
[110.704s][info][gc,heap        ] GC(317) PSYoungGen: 578048K->1153K(637440K)
[110.704s][info][gc,heap        ] GC(317) ParOldGen: 125873K->125873K(1398272K)
[110.704s][info][gc,metaspace   ] GC(317) Metaspace: 172326K(184124K)->172326K(184124K) NonClass: 151762K(157360K)->151762K(157360K) Class: 20564K(26764K)->20564K(26764K)
[110.704s][info][gc             ] GC(317) Pause Young (Allocation Failure) 687M->124M(1988M) 1.847ms
[110.704s][info][gc,cpu         ] GC(317) User=0.00s Sys=0.00s Real=0.00s
[110.807s][info][gc,start       ] GC(318) Pause Young (Allocation Failure)
[110.814s][info][gc,heap        ] GC(318) PSYoungGen: 579201K->36949K(633344K)
[110.814s][info][gc,heap        ] GC(318) ParOldGen: 125873K->126584K(1398272K)
[110.814s][info][gc,metaspace   ] GC(318) Metaspace: 172327K(184124K)->172327K(184124K) NonClass: 151762K(157360K)->151762K(157360K) Class: 20564K(26764K)->20564K(26764K)
[110.814s][info][gc             ] GC(318) Pause Young (Allocation Failure) 688M->159M(1984M) 6.854ms
[110.814s][info][gc,cpu         ] GC(318) User=0.03s Sys=0.00s Real=0.01s
[110.888s][info][gc,start       ] GC(319) Pause Young (Allocation Failure)
[110.899s][info][gc,heap        ] GC(319) PSYoungGen: 612489K->37634K(613888K)
[110.899s][info][gc,heap        ] GC(319) ParOldGen: 126584K->154220K(1398272K)
[110.899s][info][gc,metaspace   ] GC(319) Metaspace: 172327K(184124K)->172327K(184124K) NonClass: 151762K(157360K)->151762K(157360K) Class: 20564K(26764K)->20564K(26764K)
[110.899s][info][gc             ] GC(319) Pause Young (Allocation Failure) 721M->187M(1965M) 10.693ms
[110.899s][info][gc,cpu         ] GC(319) User=0.00s Sys=0.00s Real=0.00s
[111.639s][info][gc,start       ] GC(320) Pause Young (Allocation Failure)
[111.646s][info][gc,heap        ] GC(320) PSYoungGen: 610628K->6013K(636416K)
[111.646s][info][gc,heap        ] GC(320) ParOldGen: 154220K->188195K(1398272K)
[111.646s][info][gc,metaspace   ] GC(320) Metaspace: 172328K(184124K)->172328K(184124K) NonClass: 151763K(157360K)->151763K(157360K) Class: 20564K(26764K)->20564K(26764K)
[111.646s][info][gc             ] GC(320) Pause Young (Allocation Failure) 746M->189M(1987M) 6.966ms
[111.646s][info][gc,cpu         ] GC(320) User=0.02s Sys=0.00s Real=0.02s
[112.109s][info][gc,start       ] GC(321) Pause Young (System.gc())
[112.114s][info][gc,heap        ] GC(321) PSYoungGen: 327447K->1794K(633856K)
[112.114s][info][gc,heap        ] GC(321) ParOldGen: 188195K->193029K(1398272K)
[112.114s][info][gc,metaspace   ] GC(321) Metaspace: 172346K(184124K)->172346K(184124K) NonClass: 151781K(157360K)->151781K(157360K) Class: 20564K(26764K)->20564K(26764K)
[112.114s][info][gc             ] GC(321) Pause Young (System.gc()) 503M->190M(1984M) 4.403ms
[112.114s][info][gc,cpu         ] GC(321) User=0.02s Sys=0.00s Real=0.02s
[112.114s][info][gc,start       ] GC(322) Pause Full (System.gc())
[112.114s][info][gc,phases,start] GC(322) Marking Phase
[112.170s][info][gc,phases      ] GC(322) Marking Phase 55.864ms
[112.170s][info][gc,phases,start] GC(322) Summary Phase
[112.170s][info][gc,phases      ] GC(322) Summary Phase 0.012ms
[112.170s][info][gc,phases,start] GC(322) Adjust Roots
[112.190s][info][gc,phases      ] GC(322) Adjust Roots 19.907ms
[112.190s][info][gc,phases,start] GC(322) Compaction Phase
[112.221s][info][gc,phases      ] GC(322) Compaction Phase 31.524ms
[112.221s][info][gc,phases,start] GC(322) Post Compact
[112.223s][info][gc,phases      ] GC(322) Post Compact 1.259ms
[112.223s][info][gc,heap        ] GC(322) PSYoungGen: 1794K->0K(633856K)
[112.223s][info][gc,heap        ] GC(322) ParOldGen: 193029K->126222K(1398272K)
[112.223s][info][gc,metaspace   ] GC(322) Metaspace: 172346K(184124K)->172346K(184124K) NonClass: 151781K(157360K)->151781K(157360K) Class: 20564K(26764K)->20564K(26764K)
[112.223s][info][gc             ] GC(322) Pause Full (System.gc()) 190M->123M(1984M) 108.938ms
[112.223s][info][gc,cpu         ] GC(322) User=0.05s Sys=0.00s Real=0.11s
[112.354s][info][gc,start       ] GC(323) Pause Young (Allocation Failure)
[112.356s][info][gc,heap        ] GC(323) PSYoungGen: 570523K->938K(640512K)
[112.356s][info][gc,heap        ] GC(323) ParOldGen: 126222K->126222K(1398272K)
[112.356s][info][gc,metaspace   ] GC(323) Metaspace: 172376K(184124K)->172376K(184124K) NonClass: 151811K(157360K)->151811K(157360K) Class: 20564K(26764K)->20564K(26764K)
[112.356s][info][gc             ] GC(323) Pause Young (Allocation Failure) 680M->124M(1991M) 2.178ms
[112.356s][info][gc,cpu         ] GC(323) User=0.00s Sys=0.00s Real=0.00s
[112.465s][info][gc,start       ] GC(324) Pause Young (Allocation Failure)
[112.472s][info][gc,heap        ] GC(324) PSYoungGen: 581034K->38305K(618496K)
[112.472s][info][gc,heap        ] GC(324) ParOldGen: 126222K->126940K(1398272K)
[112.472s][info][gc,metaspace   ] GC(324) Metaspace: 172379K(184124K)->172379K(184124K) NonClass: 151814K(157360K)->151814K(157360K) Class: 20564K(26764K)->20564K(26764K)
[112.472s][info][gc             ] GC(324) Pause Young (Allocation Failure) 690M->161M(1969M) 7.193ms
[112.472s][info][gc,cpu         ] GC(324) User=0.03s Sys=0.00s Real=0.01s
[112.550s][info][gc,start       ] GC(325) Pause Young (Allocation Failure)
[112.560s][info][gc,heap        ] GC(325) PSYoungGen: 618401K->36971K(629760K)
[112.560s][info][gc,heap        ] GC(325) ParOldGen: 126940K->152974K(1398272K)
[112.560s][info][gc,metaspace   ] GC(325) Metaspace: 172379K(184124K)->172379K(184124K) NonClass: 151814K(157360K)->151814K(157360K) Class: 20564K(26764K)->20564K(26764K)
[112.560s][info][gc             ] GC(325) Pause Young (Allocation Failure) 727M->185M(1980M) 10.116ms
[112.560s][info][gc,cpu         ] GC(325) User=0.06s Sys=0.00s Real=0.02s
[113.295s][info][gc,start       ] GC(326) Pause Young (Allocation Failure)
[113.302s][info][gc,heap        ] GC(326) PSYoungGen: 603755K->4437K(632832K)
[113.302s][info][gc,heap        ] GC(326) ParOldGen: 152974K->189734K(1398272K)
[113.302s][info][gc,metaspace   ] GC(326) Metaspace: 172379K(184124K)->172379K(184124K) NonClass: 151814K(157360K)->151814K(157360K) Class: 20564K(26764K)->20564K(26764K)
[113.302s][info][gc             ] GC(326) Pause Young (Allocation Failure) 738M->189M(1983M) 7.049ms
[113.302s][info][gc,cpu         ] GC(326) User=0.00s Sys=0.00s Real=0.00s
[113.766s][info][gc,start       ] GC(327) Pause Young (System.gc())
[113.768s][info][gc,heap        ] GC(327) PSYoungGen: 329544K->1914K(637440K)
[113.768s][info][gc,heap        ] GC(327) ParOldGen: 189734K->193103K(1398272K)
[113.768s][info][gc,metaspace   ] GC(327) Metaspace: 172381K(184124K)->172381K(184124K) NonClass: 151816K(157360K)->151816K(157360K) Class: 20564K(26764K)->20564K(26764K)
[113.769s][info][gc             ] GC(327) Pause Young (System.gc()) 507M->190M(1988M) 2.914ms
[113.769s][info][gc,cpu         ] GC(327) User=0.00s Sys=0.00s Real=0.00s
[113.769s][info][gc,start       ] GC(328) Pause Full (System.gc())
[113.769s][info][gc,phases,start] GC(328) Marking Phase
[113.821s][info][gc,phases      ] GC(328) Marking Phase 52.670ms
[113.821s][info][gc,phases,start] GC(328) Summary Phase
[113.821s][info][gc,phases      ] GC(328) Summary Phase 0.011ms
[113.821s][info][gc,phases,start] GC(328) Adjust Roots
[113.842s][info][gc,phases      ] GC(328) Adjust Roots 20.955ms
[113.842s][info][gc,phases,start] GC(328) Compaction Phase
[113.870s][info][gc,phases      ] GC(328) Compaction Phase 27.322ms
[113.870s][info][gc,phases,start] GC(328) Post Compact
[113.871s][info][gc,phases      ] GC(328) Post Compact 1.054ms
[113.871s][info][gc,heap        ] GC(328) PSYoungGen: 1914K->0K(637440K)
[113.871s][info][gc,heap        ] GC(328) ParOldGen: 193103K->126484K(1398272K)
[113.871s][info][gc,metaspace   ] GC(328) Metaspace: 172381K(184124K)->172381K(184124K) NonClass: 151816K(157360K)->151816K(157360K) Class: 20564K(26764K)->20564K(26764K)
[113.871s][info][gc             ] GC(328) Pause Full (System.gc()) 190M->123M(1988M) 102.366ms
[113.871s][info][gc,cpu         ] GC(328) User=0.11s Sys=0.02s Real=0.11s
[113.993s][info][gc,start       ] GC(329) Pause Young (Allocation Failure)
[113.995s][info][gc,heap        ] GC(329) PSYoungGen: 573503K->851K(635392K)
[113.995s][info][gc,heap        ] GC(329) ParOldGen: 126484K->126484K(1398272K)
[113.995s][info][gc,metaspace   ] GC(329) Metaspace: 172381K(184124K)->172381K(184124K) NonClass: 151816K(157360K)->151816K(157360K) Class: 20564K(26764K)->20564K(26764K)
[113.995s][info][gc             ] GC(329) Pause Young (Allocation Failure) 683M->124M(1986M) 1.950ms
[113.995s][info][gc,cpu         ] GC(329) User=0.00s Sys=0.00s Real=0.02s
[114.101s][info][gc,start       ] GC(330) Pause Young (Allocation Failure)
[114.108s][info][gc,heap        ] GC(330) PSYoungGen: 574803K->34172K(633344K)
[114.108s][info][gc,heap        ] GC(330) ParOldGen: 126484K->127210K(1398272K)
[114.108s][info][gc,metaspace   ] GC(330) Metaspace: 172381K(184124K)->172381K(184124K) NonClass: 151816K(157360K)->151816K(157360K) Class: 20564K(26764K)->20564K(26764K)
[114.108s][info][gc             ] GC(330) Pause Young (Allocation Failure) 684M->157M(1984M) 6.611ms
[114.108s][info][gc,cpu         ] GC(330) User=0.02s Sys=0.00s Real=0.01s
[114.185s][info][gc,start       ] GC(331) Pause Young (Allocation Failure)
[114.195s][info][gc,heap        ] GC(331) PSYoungGen: 608124K->34558K(608768K)
[114.195s][info][gc,heap        ] GC(331) ParOldGen: 127210K->155410K(1398272K)
[114.195s][info][gc,metaspace   ] GC(331) Metaspace: 172381K(184124K)->172381K(184124K) NonClass: 151816K(157360K)->151816K(157360K) Class: 20564K(26764K)->20564K(26764K)
[114.195s][info][gc             ] GC(331) Pause Young (Allocation Failure) 718M->185M(1960M) 9.813ms
[114.195s][info][gc,cpu         ] GC(331) User=0.02s Sys=0.00s Real=0.00s
[114.942s][info][gc,start       ] GC(332) Pause Young (Allocation Failure)
[114.949s][info][gc,heap        ] GC(332) PSYoungGen: 607451K->5496K(636928K)
[114.949s][info][gc,heap        ] GC(332) ParOldGen: 155410K->189123K(1398272K)
[114.949s][info][gc,metaspace   ] GC(332) Metaspace: 172385K(184124K)->172385K(184124K) NonClass: 151820K(157360K)->151820K(157360K) Class: 20564K(26764K)->20564K(26764K)
[114.949s][info][gc             ] GC(332) Pause Young (Allocation Failure) 744M->190M(1987M) 6.534ms
[114.949s][info][gc,cpu         ] GC(332) User=0.00s Sys=0.00s Real=0.00s
[115.430s][info][gc,start       ] GC(333) Pause Young (System.gc())
[115.433s][info][gc,heap        ] GC(333) PSYoungGen: 339057K->1859K(634368K)
[115.433s][info][gc,heap        ] GC(333) ParOldGen: 189123K->193451K(1398272K)
[115.433s][info][gc,metaspace   ] GC(333) Metaspace: 172385K(184124K)->172385K(184124K) NonClass: 151820K(157360K)->151820K(157360K) Class: 20564K(26764K)->20564K(26764K)
[115.433s][info][gc             ] GC(333) Pause Young (System.gc()) 515M->190M(1985M) 3.001ms
[115.433s][info][gc,cpu         ] GC(333) User=0.00s Sys=0.00s Real=0.00s
[115.433s][info][gc,start       ] GC(334) Pause Full (System.gc())
[115.433s][info][gc,phases,start] GC(334) Marking Phase
[115.487s][info][gc,phases      ] GC(334) Marking Phase 53.634ms
[115.487s][info][gc,phases,start] GC(334) Summary Phase
[115.487s][info][gc,phases      ] GC(334) Summary Phase 0.022ms
[115.487s][info][gc,phases,start] GC(334) Adjust Roots
[115.508s][info][gc,phases      ] GC(334) Adjust Roots 21.198ms
[115.508s][info][gc,phases,start] GC(334) Compaction Phase
[115.527s][info][gc,phases      ] GC(334) Compaction Phase 18.387ms
[115.527s][info][gc,phases,start] GC(334) Post Compact
[115.528s][info][gc,phases      ] GC(334) Post Compact 1.050ms
[115.528s][info][gc,heap        ] GC(334) PSYoungGen: 1859K->0K(634368K)
[115.528s][info][gc,heap        ] GC(334) ParOldGen: 193451K->126093K(1398272K)
[115.528s][info][gc,metaspace   ] GC(334) Metaspace: 172385K(184124K)->172385K(184124K) NonClass: 151820K(157360K)->151820K(157360K) Class: 20564K(26764K)->20564K(26764K)
[115.528s][info][gc             ] GC(334) Pause Full (System.gc()) 190M->123M(1985M) 94.635ms
[115.528s][info][gc,cpu         ] GC(334) User=0.11s Sys=0.00s Real=0.09s
[115.658s][info][gc,start       ] GC(335) Pause Young (Allocation Failure)
[115.659s][info][gc,heap        ] GC(335) PSYoungGen: 572032K->793K(640512K)
[115.659s][info][gc,heap        ] GC(335) ParOldGen: 126093K->126093K(1398272K)
[115.659s][info][gc,metaspace   ] GC(335) Metaspace: 172391K(184124K)->172391K(184124K) NonClass: 151826K(157360K)->151826K(157360K) Class: 20564K(26764K)->20564K(26764K)
[115.659s][info][gc             ] GC(335) Pause Young (Allocation Failure) 681M->123M(1991M) 1.838ms
[115.659s][info][gc,cpu         ] GC(335) User=0.00s Sys=0.00s Real=0.02s
[115.769s][info][gc,start       ] GC(336) Pause Young (Allocation Failure)
[115.775s][info][gc,heap        ] GC(336) PSYoungGen: 581401K->34452K(615424K)
[115.775s][info][gc,heap        ] GC(336) ParOldGen: 126093K->126753K(1398272K)
[115.775s][info][gc,metaspace   ] GC(336) Metaspace: 172391K(184124K)->172391K(184124K) NonClass: 151826K(157360K)->151826K(157360K) Class: 20564K(26764K)->20564K(26764K)
[115.775s][info][gc             ] GC(336) Pause Young (Allocation Failure) 690M->157M(1966M) 6.384ms
[115.775s][info][gc,cpu         ] GC(336) User=0.00s Sys=0.00s Real=0.00s
[115.850s][info][gc,start       ] GC(337) Pause Young (Allocation Failure)
[115.860s][info][gc,heap        ] GC(337) PSYoungGen: 615060K->34970K(632320K)
[115.860s][info][gc,heap        ] GC(337) ParOldGen: 126753K->155445K(1398272K)
[115.860s][info][gc,metaspace   ] GC(337) Metaspace: 172391K(184124K)->172391K(184124K) NonClass: 151826K(157360K)->151826K(157360K) Class: 20564K(26764K)->20564K(26764K)
[115.860s][info][gc             ] GC(337) Pause Young (Allocation Failure) 724M->185M(1983M) 10.064ms
[115.860s][info][gc,cpu         ] GC(337) User=0.03s Sys=0.00s Real=0.00s
[116.603s][info][gc,start       ] GC(338) Pause Young (Allocation Failure)
[116.609s][info][gc,heap        ] GC(338) PSYoungGen: 605850K->4527K(634880K)
[116.609s][info][gc,heap        ] GC(338) ParOldGen: 155445K->190005K(1398272K)
[116.609s][info][gc,metaspace   ] GC(338) Metaspace: 172391K(184124K)->172391K(184124K) NonClass: 151826K(157360K)->151826K(157360K) Class: 20564K(26764K)->20564K(26764K)
[116.609s][info][gc             ] GC(338) Pause Young (Allocation Failure) 743M->189M(1985M) 6.643ms
[116.609s][info][gc,cpu         ] GC(338) User=0.00s Sys=0.00s Real=0.00s
[117.071s][info][gc,start       ] GC(339) Pause Young (System.gc())
[117.074s][info][gc,heap        ] GC(339) PSYoungGen: 325664K->1882K(639488K)
[117.074s][info][gc,heap        ] GC(339) ParOldGen: 190005K->193374K(1398272K)
[117.074s][info][gc,metaspace   ] GC(339) Metaspace: 172391K(184124K)->172391K(184124K) NonClass: 151826K(157360K)->151826K(157360K) Class: 20564K(26764K)->20564K(26764K)
[117.074s][info][gc             ] GC(339) Pause Young (System.gc()) 503M->190M(1990M) 3.061ms
[117.074s][info][gc,cpu         ] GC(339) User=0.02s Sys=0.00s Real=0.02s
[117.074s][info][gc,start       ] GC(340) Pause Full (System.gc())
[117.074s][info][gc,phases,start] GC(340) Marking Phase
[117.127s][info][gc,phases      ] GC(340) Marking Phase 52.948ms
[117.127s][info][gc,phases,start] GC(340) Summary Phase
[117.127s][info][gc,phases      ] GC(340) Summary Phase 0.011ms
[117.127s][info][gc,phases,start] GC(340) Adjust Roots
[117.148s][info][gc,phases      ] GC(340) Adjust Roots 20.373ms
[117.148s][info][gc,phases,start] GC(340) Compaction Phase
[117.172s][info][gc,phases      ] GC(340) Compaction Phase 23.983ms
[117.172s][info][gc,phases,start] GC(340) Post Compact
[117.173s][info][gc,phases      ] GC(340) Post Compact 1.028ms
[117.173s][info][gc,heap        ] GC(340) PSYoungGen: 1882K->0K(639488K)
[117.173s][info][gc,heap        ] GC(340) ParOldGen: 193374K->126432K(1398272K)
[117.173s][info][gc,metaspace   ] GC(340) Metaspace: 172391K(184124K)->172391K(184124K) NonClass: 151826K(157360K)->151826K(157360K) Class: 20564K(26764K)->20564K(26764K)
[117.173s][info][gc             ] GC(340) Pause Full (System.gc()) 190M->123M(1990M) 98.651ms
[117.173s][info][gc,cpu         ] GC(340) User=0.09s Sys=0.00s Real=0.10s
[117.289s][info][gc,start       ] GC(341) Pause Young (Allocation Failure)
[117.291s][info][gc,heap        ] GC(341) PSYoungGen: 578048K->819K(637440K)
[117.291s][info][gc,heap        ] GC(341) ParOldGen: 126432K->126432K(1398272K)
[117.291s][info][gc,metaspace   ] GC(341) Metaspace: 172417K(184124K)->172417K(184124K) NonClass: 151852K(157360K)->151852K(157360K) Class: 20564K(26764K)->20564K(26764K)
[117.291s][info][gc             ] GC(341) Pause Young (Allocation Failure) 687M->124M(1988M) 1.788ms
[117.291s][info][gc,cpu         ] GC(341) User=0.00s Sys=0.00s Real=0.00s
[117.396s][info][gc,start       ] GC(342) Pause Young (Allocation Failure)
[117.403s][info][gc,heap        ] GC(342) PSYoungGen: 578867K->34877K(634368K)
[117.403s][info][gc,heap        ] GC(342) ParOldGen: 126432K->127156K(1398272K)
[117.403s][info][gc,metaspace   ] GC(342) Metaspace: 172417K(184124K)->172417K(184124K) NonClass: 151852K(157360K)->151852K(157360K) Class: 20564K(26764K)->20564K(26764K)
[117.403s][info][gc             ] GC(342) Pause Young (Allocation Failure) 688M->158M(1985M) 6.585ms
[117.403s][info][gc,cpu         ] GC(342) User=0.03s Sys=0.00s Real=0.02s
[117.472s][info][gc,start       ] GC(343) Pause Young (Allocation Failure)
[117.481s][info][gc,heap        ] GC(343) PSYoungGen: 611901K->35876K(613376K)
[117.481s][info][gc,heap        ] GC(343) ParOldGen: 127156K->157102K(1398272K)
[117.481s][info][gc,metaspace   ] GC(343) Metaspace: 172417K(184124K)->172417K(184124K) NonClass: 151852K(157360K)->151852K(157360K) Class: 20564K(26764K)->20564K(26764K)
[117.481s][info][gc             ] GC(343) Pause Young (Allocation Failure) 721M->188M(1964M) 9.828ms
[117.481s][info][gc,cpu         ] GC(343) User=0.02s Sys=0.00s Real=0.02s
[118.232s][info][gc,start       ] GC(344) Pause Young (Allocation Failure)
[118.238s][info][gc,heap        ] GC(344) PSYoungGen: 610272K->6011K(637440K)
[118.239s][info][gc,heap        ] GC(344) ParOldGen: 157102K->189207K(1398272K)
[118.239s][info][gc,metaspace   ] GC(344) Metaspace: 172417K(184124K)->172417K(184124K) NonClass: 151852K(157360K)->151852K(157360K) Class: 20564K(26764K)->20564K(26764K)
[118.239s][info][gc             ] GC(344) Pause Young (Allocation Failure) 749M->190M(1988M) 6.669ms
[118.239s][info][gc,cpu         ] GC(344) User=0.02s Sys=0.00s Real=0.01s
[118.713s][info][gc,start       ] GC(345) Pause Young (System.gc())
[118.716s][info][gc,heap        ] GC(345) PSYoungGen: 327415K->1802K(634880K)
[118.716s][info][gc,heap        ] GC(345) ParOldGen: 189207K->194045K(1398272K)
[118.716s][info][gc,metaspace   ] GC(345) Metaspace: 172433K(184124K)->172433K(184124K) NonClass: 151869K(157360K)->151869K(157360K) Class: 20564K(26764K)->20564K(26764K)
[118.716s][info][gc             ] GC(345) Pause Young (System.gc()) 504M->191M(1985M) 3.383ms
[118.716s][info][gc,cpu         ] GC(345) User=0.00s Sys=0.00s Real=0.00s
[118.716s][info][gc,start       ] GC(346) Pause Full (System.gc())
[118.716s][info][gc,phases,start] GC(346) Marking Phase
[118.770s][info][gc,phases      ] GC(346) Marking Phase 53.065ms
[118.770s][info][gc,phases,start] GC(346) Summary Phase
[118.770s][info][gc,phases      ] GC(346) Summary Phase 0.012ms
[118.770s][info][gc,phases,start] GC(346) Adjust Roots
[118.790s][info][gc,phases      ] GC(346) Adjust Roots 20.410ms
[118.790s][info][gc,phases,start] GC(346) Compaction Phase
[118.814s][info][gc,phases      ] GC(346) Compaction Phase 24.356ms
[118.815s][info][gc,phases,start] GC(346) Post Compact
[118.816s][info][gc,phases      ] GC(346) Post Compact 1.174ms
[118.816s][info][gc,heap        ] GC(346) PSYoungGen: 1802K->0K(634880K)
[118.816s][info][gc,heap        ] GC(346) ParOldGen: 194045K->126085K(1398272K)
[118.816s][info][gc,metaspace   ] GC(346) Metaspace: 172433K(184124K)->172433K(184124K) NonClass: 151869K(157360K)->151869K(157360K) Class: 20564K(26764K)->20564K(26764K)
[118.816s][info][gc             ] GC(346) Pause Full (System.gc()) 191M->123M(1985M) 99.361ms
[118.816s][info][gc,cpu         ] GC(346) User=0.09s Sys=0.00s Real=0.11s
[118.940s][info][gc,start       ] GC(347) Pause Young (Allocation Failure)
[118.942s][info][gc,heap        ] GC(347) PSYoungGen: 572482K->915K(641536K)
[118.942s][info][gc,heap        ] GC(347) ParOldGen: 126085K->126093K(1398272K)
[118.942s][info][gc,metaspace   ] GC(347) Metaspace: 172438K(184124K)->172438K(184124K) NonClass: 151873K(157360K)->151873K(157360K) Class: 20564K(26764K)->20564K(26764K)
[118.942s][info][gc             ] GC(347) Pause Young (Allocation Failure) 682M->124M(1992M) 1.886ms
[118.942s][info][gc,cpu         ] GC(347) User=0.00s Sys=0.00s Real=0.00s
[119.052s][info][gc,start       ] GC(348) Pause Young (Allocation Failure)
[119.059s][info][gc,heap        ] GC(348) PSYoungGen: 583059K->36671K(619008K)
[119.059s][info][gc,heap        ] GC(348) ParOldGen: 126093K->126809K(1398272K)
[119.059s][info][gc,metaspace   ] GC(348) Metaspace: 172438K(184124K)->172438K(184124K) NonClass: 151873K(157360K)->151873K(157360K) Class: 20564K(26764K)->20564K(26764K)
[119.059s][info][gc             ] GC(348) Pause Young (Allocation Failure) 692M->159M(1970M) 6.580ms
[119.059s][info][gc,cpu         ] GC(348) User=0.00s Sys=0.00s Real=0.00s
[119.140s][info][gc,start       ] GC(349) Pause Young (Allocation Failure)
[119.150s][info][gc,heap        ] GC(349) PSYoungGen: 618815K->36086K(631296K)
[119.150s][info][gc,heap        ] GC(349) ParOldGen: 126809K->154061K(1398272K)
[119.150s][info][gc,metaspace   ] GC(349) Metaspace: 172438K(184124K)->172438K(184124K) NonClass: 151873K(157360K)->151873K(157360K) Class: 20564K(26764K)->20564K(26764K)
[119.150s][info][gc             ] GC(349) Pause Young (Allocation Failure) 728M->185M(1982M) 10.158ms
[119.150s][info][gc,cpu         ] GC(349) User=0.02s Sys=0.00s Real=0.02s
[119.896s][info][gc,start       ] GC(350) Pause Young (Allocation Failure)
[119.903s][info][gc,heap        ] GC(350) PSYoungGen: 605942K->4556K(634368K)
[119.903s][info][gc,heap        ] GC(350) ParOldGen: 154061K->189612K(1398272K)
[119.903s][info][gc,metaspace   ] GC(350) Metaspace: 172438K(184124K)->172438K(184124K) NonClass: 151873K(157360K)->151873K(157360K) Class: 20564K(26764K)->20564K(26764K)
[119.903s][info][gc             ] GC(350) Pause Young (Allocation Failure) 742M->189M(1985M) 6.937ms
[119.903s][info][gc,cpu         ] GC(350) User=0.00s Sys=0.00s Real=0.01s
[120.376s][info][gc,start       ] GC(351) Pause Young (System.gc())
[120.379s][info][gc,heap        ] GC(351) PSYoungGen: 319240K->1770K(638976K)
[120.379s][info][gc,heap        ] GC(351) ParOldGen: 189612K->193068K(1398272K)
[120.379s][info][gc,metaspace   ] GC(351) Metaspace: 172441K(184124K)->172441K(184124K) NonClass: 151876K(157360K)->151876K(157360K) Class: 20564K(26764K)->20564K(26764K)
[120.379s][info][gc             ] GC(351) Pause Young (System.gc()) 496M->190M(1989M) 2.796ms
[120.379s][info][gc,cpu         ] GC(351) User=0.00s Sys=0.00s Real=0.00s
[120.379s][info][gc,start       ] GC(352) Pause Full (System.gc())
[120.379s][info][gc,phases,start] GC(352) Marking Phase
[120.432s][info][gc,phases      ] GC(352) Marking Phase 52.941ms
[120.432s][info][gc,phases,start] GC(352) Summary Phase
[120.432s][info][gc,phases      ] GC(352) Summary Phase 0.011ms
[120.432s][info][gc,phases,start] GC(352) Adjust Roots
[120.453s][info][gc,phases      ] GC(352) Adjust Roots 20.459ms
[120.453s][info][gc,phases,start] GC(352) Compaction Phase
[120.477s][info][gc,phases      ] GC(352) Compaction Phase 24.557ms
[120.477s][info][gc,phases,start] GC(352) Post Compact
[120.478s][info][gc,phases      ] GC(352) Post Compact 0.975ms
[120.478s][info][gc,heap        ] GC(352) PSYoungGen: 1770K->0K(638976K)
[120.478s][info][gc,heap        ] GC(352) ParOldGen: 193068K->126429K(1398272K)
[120.478s][info][gc,metaspace   ] GC(352) Metaspace: 172441K(184124K)->172441K(184124K) NonClass: 151876K(157360K)->151876K(157360K) Class: 20564K(26764K)->20564K(26764K)
[120.478s][info][gc             ] GC(352) Pause Full (System.gc()) 190M->123M(1989M) 99.241ms
[120.478s][info][gc,cpu         ] GC(352) User=0.11s Sys=0.00s Real=0.11s
[120.619s][info][gc,start       ] GC(353) Pause Young (Allocation Failure)
[120.621s][info][gc,heap        ] GC(353) PSYoungGen: 574574K->883K(636928K)
[120.621s][info][gc,heap        ] GC(353) ParOldGen: 126429K->126429K(1398272K)
[120.621s][info][gc,metaspace   ] GC(353) Metaspace: 172442K(184124K)->172442K(184124K) NonClass: 151877K(157360K)->151877K(157360K) Class: 20564K(26764K)->20564K(26764K)
[120.621s][info][gc             ] GC(353) Pause Young (Allocation Failure) 684M->124M(1987M) 2.110ms
[120.621s][info][gc,cpu         ] GC(353) User=0.00s Sys=0.00s Real=0.00s
[120.729s][info][gc,start       ] GC(354) Pause Young (Allocation Failure)
[120.736s][info][gc,heap        ] GC(354) PSYoungGen: 577907K->34782K(633856K)
[120.736s][info][gc,heap        ] GC(354) ParOldGen: 126429K->127139K(1398272K)
[120.736s][info][gc,metaspace   ] GC(354) Metaspace: 172442K(184124K)->172442K(184124K) NonClass: 151877K(157360K)->151877K(157360K) Class: 20564K(26764K)->20564K(26764K)
[120.736s][info][gc             ] GC(354) Pause Young (Allocation Failure) 687M->158M(1984M) 6.744ms
[120.736s][info][gc,cpu         ] GC(354) User=0.00s Sys=0.00s Real=0.00s
[120.801s][info][gc,start       ] GC(355) Pause Young (Allocation Failure)
[120.811s][info][gc,heap        ] GC(355) PSYoungGen: 610782K->36379K(612864K)
[120.811s][info][gc,heap        ] GC(355) ParOldGen: 127139K->155713K(1398272K)
[120.812s][info][gc,metaspace   ] GC(355) Metaspace: 172442K(184124K)->172442K(184124K) NonClass: 151877K(157360K)->151877K(157360K) Class: 20564K(26764K)->20564K(26764K)
[120.812s][info][gc             ] GC(355) Pause Young (Allocation Failure) 720M->187M(1964M) 10.134ms
[120.812s][info][gc,cpu         ] GC(355) User=0.02s Sys=0.00s Real=0.02s
[121.549s][info][gc,start       ] GC(356) Pause Young (Allocation Failure)
[121.555s][info][gc,heap        ] GC(356) PSYoungGen: 612379K->5932K(636928K)
[121.555s][info][gc,heap        ] GC(356) ParOldGen: 155713K->189186K(1398272K)
[121.555s][info][gc,metaspace   ] GC(356) Metaspace: 172448K(184124K)->172448K(184124K) NonClass: 151883K(157360K)->151883K(157360K) Class: 20564K(26764K)->20564K(26764K)
[121.555s][info][gc             ] GC(356) Pause Young (Allocation Failure) 750M->190M(1987M) 6.678ms
[121.555s][info][gc,cpu         ] GC(356) User=0.00s Sys=0.00s Real=0.00s
[122.014s][info][gc,start       ] GC(357) Pause Young (System.gc())
[122.018s][info][gc,heap        ] GC(357) PSYoungGen: 329708K->1826K(634368K)
[122.018s][info][gc,heap        ] GC(357) ParOldGen: 189186K->193808K(1398272K)
[122.018s][info][gc,metaspace   ] GC(357) Metaspace: 172465K(184380K)->172465K(184380K) NonClass: 151901K(157616K)->151901K(157616K) Class: 20564K(26764K)->20564K(26764K)
[122.018s][info][gc             ] GC(357) Pause Young (System.gc()) 506M->191M(1985M) 3.737ms
[122.018s][info][gc,cpu         ] GC(357) User=0.00s Sys=0.02s Real=0.02s
[122.018s][info][gc,start       ] GC(358) Pause Full (System.gc())
[122.018s][info][gc,phases,start] GC(358) Marking Phase
[122.072s][info][gc,phases      ] GC(358) Marking Phase 53.665ms
[122.072s][info][gc,phases,start] GC(358) Summary Phase
[122.072s][info][gc,phases      ] GC(358) Summary Phase 0.011ms
[122.072s][info][gc,phases,start] GC(358) Adjust Roots
[122.093s][info][gc,phases      ] GC(358) Adjust Roots 20.797ms
[122.093s][info][gc,phases,start] GC(358) Compaction Phase
[122.111s][info][gc,phases      ] GC(358) Compaction Phase 17.701ms
[122.111s][info][gc,phases,start] GC(358) Post Compact
[122.112s][info][gc,phases      ] GC(358) Post Compact 1.178ms
[122.112s][info][gc,heap        ] GC(358) PSYoungGen: 1826K->0K(634368K)
[122.112s][info][gc,heap        ] GC(358) ParOldGen: 193808K->126038K(1398272K)
[122.112s][info][gc,metaspace   ] GC(358) Metaspace: 172465K(184380K)->172465K(184380K) NonClass: 151901K(157616K)->151901K(157616K) Class: 20564K(26764K)->20564K(26764K)
[122.112s][info][gc             ] GC(358) Pause Full (System.gc()) 191M->123M(1985M) 93.654ms
[122.112s][info][gc,cpu         ] GC(358) User=0.09s Sys=0.02s Real=0.09s
[122.227s][info][gc,start       ] GC(359) Pause Young (Allocation Failure)
[122.229s][info][gc,heap        ] GC(359) PSYoungGen: 570408K->915K(641024K)
[122.229s][info][gc,heap        ] GC(359) ParOldGen: 126038K->126038K(1398272K)
[122.229s][info][gc,metaspace   ] GC(359) Metaspace: 172465K(184380K)->172465K(184380K) NonClass: 151901K(157616K)->151901K(157616K) Class: 20564K(26764K)->20564K(26764K)
[122.229s][info][gc             ] GC(359) Pause Young (Allocation Failure) 680M->123M(1991M) 2.069ms
[122.229s][info][gc,cpu         ] GC(359) User=0.00s Sys=0.00s Real=0.00s
[122.341s][info][gc,start       ] GC(360) Pause Young (Allocation Failure)
[122.348s][info][gc,heap        ] GC(360) PSYoungGen: 582035K->34579K(615936K)
[122.348s][info][gc,heap        ] GC(360) ParOldGen: 126038K->126757K(1398272K)
[122.348s][info][gc,metaspace   ] GC(360) Metaspace: 172465K(184380K)->172465K(184380K) NonClass: 151901K(157616K)->151901K(157616K) Class: 20564K(26764K)->20564K(26764K)
[122.348s][info][gc             ] GC(360) Pause Young (Allocation Failure) 691M->157M(1967M) 6.348ms
[122.348s][info][gc,cpu         ] GC(360) User=0.02s Sys=0.00s Real=0.02s
[122.419s][info][gc,start       ] GC(361) Pause Young (Allocation Failure)
[122.429s][info][gc,heap        ] GC(361) PSYoungGen: 615567K->36146K(632320K)
[122.429s][info][gc,heap        ] GC(361) ParOldGen: 126757K->155400K(1398272K)
[122.429s][info][gc,metaspace   ] GC(361) Metaspace: 172465K(184380K)->172465K(184380K) NonClass: 151901K(157616K)->151901K(157616K) Class: 20564K(26764K)->20564K(26764K)
[122.429s][info][gc             ] GC(361) Pause Young (Allocation Failure) 724M->187M(1983M) 9.981ms
[122.429s][info][gc,cpu         ] GC(361) User=0.02s Sys=0.00s Real=0.02s
[123.171s][info][gc,start       ] GC(362) Pause Young (Allocation Failure)
[123.178s][info][gc,heap        ] GC(362) PSYoungGen: 607026K->5420K(634880K)
[123.179s][info][gc,heap        ] GC(362) ParOldGen: 155400K->189108K(1398272K)
[123.179s][info][gc,metaspace   ] GC(362) Metaspace: 172465K(184380K)->172465K(184380K) NonClass: 151901K(157616K)->151901K(157616K) Class: 20564K(26764K)->20564K(26764K)
[123.179s][info][gc             ] GC(362) Pause Young (Allocation Failure) 744M->189M(1985M) 7.225ms
[123.179s][info][gc,cpu         ] GC(362) User=0.02s Sys=0.00s Real=0.02s
[123.642s][info][gc,start       ] GC(363) Pause Young (System.gc())
[123.645s][info][gc,heap        ] GC(363) PSYoungGen: 328582K->1914K(638976K)
[123.645s][info][gc,heap        ] GC(363) ParOldGen: 189108K->193404K(1398272K)
[123.645s][info][gc,metaspace   ] GC(363) Metaspace: 172466K(184380K)->172466K(184380K) NonClass: 151901K(157616K)->151901K(157616K) Class: 20564K(26764K)->20564K(26764K)
[123.645s][info][gc             ] GC(363) Pause Young (System.gc()) 505M->190M(1989M) 3.357ms
[123.645s][info][gc,cpu         ] GC(363) User=0.00s Sys=0.00s Real=0.00s
[123.645s][info][gc,start       ] GC(364) Pause Full (System.gc())
[123.645s][info][gc,phases,start] GC(364) Marking Phase
[123.700s][info][gc,phases      ] GC(364) Marking Phase 55.112ms
[123.700s][info][gc,phases,start] GC(364) Summary Phase
[123.700s][info][gc,phases      ] GC(364) Summary Phase 0.011ms
[123.700s][info][gc,phases,start] GC(364) Adjust Roots
[123.720s][info][gc,phases      ] GC(364) Adjust Roots 20.151ms
[123.720s][info][gc,phases,start] GC(364) Compaction Phase
[123.743s][info][gc,phases      ] GC(364) Compaction Phase 22.076ms
[123.743s][info][gc,phases,start] GC(364) Post Compact
[123.744s][info][gc,phases      ] GC(364) Post Compact 1.000ms
[123.744s][info][gc,heap        ] GC(364) PSYoungGen: 1914K->0K(638976K)
[123.744s][info][gc,heap        ] GC(364) ParOldGen: 193404K->126301K(1398272K)
[123.744s][info][gc,metaspace   ] GC(364) Metaspace: 172466K(184380K)->172466K(184380K) NonClass: 151901K(157616K)->151901K(157616K) Class: 20564K(26764K)->20564K(26764K)
[123.744s][info][gc             ] GC(364) Pause Full (System.gc()) 190M->123M(1989M) 98.648ms
[123.744s][info][gc,cpu         ] GC(364) User=0.14s Sys=0.00s Real=0.11s
[123.859s][info][gc,start       ] GC(365) Pause Young (Allocation Failure)
[123.861s][info][gc,heap        ] GC(365) PSYoungGen: 573683K->938K(636928K)
[123.861s][info][gc,heap        ] GC(365) ParOldGen: 126301K->126301K(1398272K)
[123.861s][info][gc,metaspace   ] GC(365) Metaspace: 172487K(184380K)->172487K(184380K) NonClass: 151922K(157616K)->151922K(157616K) Class: 20564K(26764K)->20564K(26764K)
[123.861s][info][gc             ] GC(365) Pause Young (Allocation Failure) 683M->124M(1987M) 1.807ms
[123.861s][info][gc,cpu         ] GC(365) User=0.00s Sys=0.00s Real=0.00s
[123.966s][info][gc,start       ] GC(366) Pause Young (Allocation Failure)
[123.973s][info][gc,heap        ] GC(366) PSYoungGen: 577962K->36482K(632832K)
[123.973s][info][gc,heap        ] GC(366) ParOldGen: 126301K->127009K(1398272K)
[123.973s][info][gc,metaspace   ] GC(366) Metaspace: 172487K(184380K)->172487K(184380K) NonClass: 151922K(157616K)->151922K(157616K) Class: 20564K(26764K)->20564K(26764K)
[123.973s][info][gc             ] GC(366) Pause Young (Allocation Failure) 687M->159M(1983M) 6.992ms
[123.973s][info][gc,cpu         ] GC(366) User=0.02s Sys=0.00s Real=0.00s
[124.042s][info][gc,start       ] GC(367) Pause Young (Allocation Failure)
[124.051s][info][gc,heap        ] GC(367) PSYoungGen: 611169K->36779K(611840K)
[124.051s][info][gc,heap        ] GC(367) ParOldGen: 127009K->154573K(1398272K)
[124.051s][info][gc,metaspace   ] GC(367) Metaspace: 172487K(184380K)->172487K(184380K) NonClass: 151922K(157616K)->151922K(157616K) Class: 20564K(26764K)->20564K(26764K)
[124.051s][info][gc             ] GC(367) Pause Young (Allocation Failure) 720M->186M(1963M) 9.877ms
[124.051s][info][gc,cpu         ] GC(367) User=0.00s Sys=0.00s Real=0.00s
[124.793s][info][gc,start       ] GC(368) Pause Young (Allocation Failure)
[124.800s][info][gc,heap        ] GC(368) PSYoungGen: 611755K->7158K(636928K)
[124.800s][info][gc,heap        ] GC(368) ParOldGen: 154573K->188030K(1398272K)
[124.800s][info][gc,metaspace   ] GC(368) Metaspace: 172491K(184380K)->172491K(184380K) NonClass: 151927K(157616K)->151927K(157616K) Class: 20564K(26764K)->20564K(26764K)
[124.800s][info][gc             ] GC(368) Pause Young (Allocation Failure) 748M->190M(1987M) 6.753ms
[124.800s][info][gc,cpu         ] GC(368) User=0.02s Sys=0.00s Real=0.01s
[125.276s][info][gc,start       ] GC(369) Pause Young (System.gc())
[125.279s][info][gc,heap        ] GC(369) PSYoungGen: 334839K->1874K(633856K)
[125.279s][info][gc,heap        ] GC(369) ParOldGen: 188030K->193677K(1398272K)
[125.279s][info][gc,metaspace   ] GC(369) Metaspace: 172491K(184380K)->172491K(184380K) NonClass: 151927K(157616K)->151927K(157616K) Class: 20564K(26764K)->20564K(26764K)
[125.279s][info][gc             ] GC(369) Pause Young (System.gc()) 510M->190M(1984M) 3.291ms
[125.279s][info][gc,cpu         ] GC(369) User=0.00s Sys=0.00s Real=0.02s
[125.279s][info][gc,start       ] GC(370) Pause Full (System.gc())
[125.279s][info][gc,phases,start] GC(370) Marking Phase
[125.335s][info][gc,phases      ] GC(370) Marking Phase 56.211ms
[125.335s][info][gc,phases,start] GC(370) Summary Phase
[125.335s][info][gc,phases      ] GC(370) Summary Phase 0.011ms
[125.335s][info][gc,phases,start] GC(370) Adjust Roots
[125.356s][info][gc,phases      ] GC(370) Adjust Roots 20.514ms
[125.356s][info][gc,phases,start] GC(370) Compaction Phase
[125.375s][info][gc,phases      ] GC(370) Compaction Phase 19.367ms
[125.375s][info][gc,phases,start] GC(370) Post Compact
[125.376s][info][gc,phases      ] GC(370) Post Compact 1.028ms
[125.376s][info][gc,heap        ] GC(370) PSYoungGen: 1874K->0K(633856K)
[125.376s][info][gc,heap        ] GC(370) ParOldGen: 193677K->125945K(1398272K)
[125.376s][info][gc,metaspace   ] GC(370) Metaspace: 172491K(184380K)->172491K(184380K) NonClass: 151927K(157616K)->151927K(157616K) Class: 20564K(26764K)->20564K(26764K)
[125.376s][info][gc             ] GC(370) Pause Full (System.gc()) 190M->122M(1984M) 97.441ms
[125.376s][info][gc,cpu         ] GC(370) User=0.17s Sys=0.00s Real=0.09s
[125.489s][info][gc,start       ] GC(371) Pause Young (Allocation Failure)
[125.491s][info][gc,heap        ] GC(371) PSYoungGen: 571528K->761K(640512K)
[125.491s][info][gc,heap        ] GC(371) ParOldGen: 125945K->125945K(1398272K)
[125.491s][info][gc,metaspace   ] GC(371) Metaspace: 172491K(184380K)->172491K(184380K) NonClass: 151927K(157616K)->151927K(157616K) Class: 20564K(26764K)->20564K(26764K)
[125.491s][info][gc             ] GC(371) Pause Young (Allocation Failure) 681M->123M(1991M) 1.943ms
[125.491s][info][gc,cpu         ] GC(371) User=0.00s Sys=0.00s Real=0.00s
[125.598s][info][gc,start       ] GC(372) Pause Young (Allocation Failure)
[125.605s][info][gc,heap        ] GC(372) PSYoungGen: 580857K->38209K(618496K)
[125.605s][info][gc,heap        ] GC(372) ParOldGen: 125945K->126595K(1398272K)
[125.605s][info][gc,metaspace   ] GC(372) Metaspace: 172491K(184380K)->172491K(184380K) NonClass: 151927K(157616K)->151927K(157616K) Class: 20564K(26764K)->20564K(26764K)
[125.605s][info][gc             ] GC(372) Pause Young (Allocation Failure) 690M->160M(1969M) 6.936ms
[125.605s][info][gc,cpu         ] GC(372) User=0.00s Sys=0.00s Real=0.01s
[125.674s][info][gc,start       ] GC(373) Pause Young (Allocation Failure)
[125.684s][info][gc,heap        ] GC(373) PSYoungGen: 618302K->39000K(628736K)
[125.684s][info][gc,heap        ] GC(373) ParOldGen: 126595K->153885K(1398272K)
[125.684s][info][gc,metaspace   ] GC(373) Metaspace: 172491K(184380K)->172491K(184380K) NonClass: 151927K(157616K)->151927K(157616K) Class: 20564K(26764K)->20564K(26764K)
[125.684s][info][gc             ] GC(373) Pause Young (Allocation Failure) 727M->188M(1979M) 10.032ms
[125.684s][info][gc,cpu         ] GC(373) User=0.00s Sys=0.00s Real=0.00s
[126.420s][info][gc,start       ] GC(374) Pause Young (Allocation Failure)
[126.427s][info][gc,heap        ] GC(374) PSYoungGen: 604673K->6071K(632320K)
[126.427s][info][gc,heap        ] GC(374) ParOldGen: 153885K->188716K(1398272K)
[126.427s][info][gc,metaspace   ] GC(374) Metaspace: 172491K(184380K)->172491K(184380K) NonClass: 151927K(157616K)->151927K(157616K) Class: 20564K(26764K)->20564K(26764K)
[126.427s][info][gc             ] GC(374) Pause Young (Allocation Failure) 740M->190M(1983M) 7.235ms
[126.427s][info][gc,cpu         ] GC(374) User=0.00s Sys=0.00s Real=0.02s
[126.897s][info][gc,start       ] GC(375) Pause Young (System.gc())
[126.900s][info][gc,heap        ] GC(375) PSYoungGen: 335500K->1859K(636928K)
[126.900s][info][gc,heap        ] GC(375) ParOldGen: 188716K->193338K(1398272K)
[126.900s][info][gc,metaspace   ] GC(375) Metaspace: 172492K(184380K)->172492K(184380K) NonClass: 151927K(157616K)->151927K(157616K) Class: 20564K(26764K)->20564K(26764K)
[126.900s][info][gc             ] GC(375) Pause Young (System.gc()) 511M->190M(1987M) 3.123ms
[126.900s][info][gc,cpu         ] GC(375) User=0.00s Sys=0.00s Real=0.00s
[126.900s][info][gc,start       ] GC(376) Pause Full (System.gc())
[126.900s][info][gc,phases,start] GC(376) Marking Phase
[126.955s][info][gc,phases      ] GC(376) Marking Phase 55.314ms
[126.955s][info][gc,phases,start] GC(376) Summary Phase
[126.956s][info][gc,phases      ] GC(376) Summary Phase 0.011ms
[126.956s][info][gc,phases,start] GC(376) Adjust Roots
[126.977s][info][gc,phases      ] GC(376) Adjust Roots 21.198ms
[126.977s][info][gc,phases,start] GC(376) Compaction Phase
[127.005s][info][gc,phases      ] GC(376) Compaction Phase 28.306ms
[127.005s][info][gc,phases,start] GC(376) Post Compact
[127.007s][info][gc,phases      ] GC(376) Post Compact 1.435ms
[127.007s][info][gc,heap        ] GC(376) PSYoungGen: 1859K->0K(636928K)
[127.007s][info][gc,heap        ] GC(376) ParOldGen: 193338K->126282K(1398272K)
[127.007s][info][gc,metaspace   ] GC(376) Metaspace: 172492K(184380K)->172492K(184380K) NonClass: 151927K(157616K)->151927K(157616K) Class: 20564K(26764K)->20564K(26764K)
[127.007s][info][gc             ] GC(376) Pause Full (System.gc()) 190M->123M(1987M) 106.592ms
[127.007s][info][gc,cpu         ] GC(376) User=0.09s Sys=0.00s Real=0.11s
[127.116s][info][gc,start       ] GC(377) Pause Young (Allocation Failure)
[127.118s][info][gc,heap        ] GC(377) PSYoungGen: 572928K->985K(634880K)
[127.118s][info][gc,heap        ] GC(377) ParOldGen: 126282K->126290K(1398272K)
[127.118s][info][gc,metaspace   ] GC(377) Metaspace: 172494K(184380K)->172494K(184380K) NonClass: 151929K(157616K)->151929K(157616K) Class: 20564K(26764K)->20564K(26764K)
[127.118s][info][gc             ] GC(377) Pause Young (Allocation Failure) 682M->124M(1985M) 1.993ms
[127.118s][info][gc,cpu         ] GC(377) User=0.00s Sys=0.00s Real=0.00s
[127.224s][info][gc,start       ] GC(378) Pause Young (Allocation Failure)
[127.232s][info][gc,heap        ] GC(378) PSYoungGen: 573737K->41289K(627712K)
[127.232s][info][gc,heap        ] GC(378) ParOldGen: 126290K->126942K(1398272K)
[127.232s][info][gc,metaspace   ] GC(378) Metaspace: 172494K(184380K)->172494K(184380K) NonClass: 151929K(157616K)->151929K(157616K) Class: 20564K(26764K)->20564K(26764K)
[127.232s][info][gc             ] GC(378) Pause Young (Allocation Failure) 683M->164M(1978M) 7.611ms
[127.232s][info][gc,cpu         ] GC(378) User=0.00s Sys=0.00s Real=0.01s
[127.299s][info][gc,start       ] GC(379) Pause Young (Allocation Failure)
[127.309s][info][gc,heap        ] GC(379) PSYoungGen: 609097K->40580K(608768K)
[127.309s][info][gc,heap        ] GC(379) ParOldGen: 126942K->152643K(1398272K)
[127.309s][info][gc,metaspace   ] GC(379) Metaspace: 172494K(184380K)->172494K(184380K) NonClass: 151929K(157616K)->151929K(157616K) Class: 20564K(26764K)->20564K(26764K)
[127.309s][info][gc             ] GC(379) Pause Young (Allocation Failure) 718M->188M(1960M) 10.383ms
[127.309s][info][gc,cpu         ] GC(379) User=0.02s Sys=0.00s Real=0.02s
[128.022s][info][gc,start       ] GC(380) Pause Young (Allocation Failure)
[128.030s][info][gc,heap        ] GC(380) PSYoungGen: 608182K->8526K(632832K)
[128.030s][info][gc,heap        ] GC(380) ParOldGen: 152643K->186695K(1398272K)
[128.030s][info][gc,metaspace   ] GC(380) Metaspace: 172494K(184380K)->172494K(184380K) NonClass: 151929K(157616K)->151929K(157616K) Class: 20564K(26764K)->20564K(26764K)
[128.030s][info][gc             ] GC(380) Pause Young (Allocation Failure) 742M->190M(1983M) 7.618ms
[128.030s][info][gc,cpu         ] GC(380) User=0.00s Sys=0.00s Real=0.02s
[128.528s][info][gc,start       ] GC(381) Pause Young (System.gc())
[128.531s][info][gc,heap        ] GC(381) PSYoungGen: 357243K->1964K(629760K)
[128.532s][info][gc,heap        ] GC(381) ParOldGen: 186695K->193761K(1398272K)
[128.532s][info][gc,metaspace   ] GC(381) Metaspace: 172494K(184380K)->172494K(184380K) NonClass: 151930K(157616K)->151930K(157616K) Class: 20564K(26764K)->20564K(26764K)
[128.532s][info][gc             ] GC(381) Pause Young (System.gc()) 531M->191M(1980M) 3.399ms
[128.532s][info][gc,cpu         ] GC(381) User=0.00s Sys=0.00s Real=0.00s
[128.532s][info][gc,start       ] GC(382) Pause Full (System.gc())
[128.532s][info][gc,phases,start] GC(382) Marking Phase
[128.584s][info][gc,phases      ] GC(382) Marking Phase 52.282ms
[128.584s][info][gc,phases,start] GC(382) Summary Phase
[128.584s][info][gc,phases      ] GC(382) Summary Phase 0.011ms
[128.584s][info][gc,phases,start] GC(382) Adjust Roots
[128.605s][info][gc,phases      ] GC(382) Adjust Roots 20.987ms
[128.605s][info][gc,phases,start] GC(382) Compaction Phase
[128.627s][info][gc,phases      ] GC(382) Compaction Phase 22.099ms
[128.627s][info][gc,phases,start] GC(382) Post Compact
[128.628s][info][gc,phases      ] GC(382) Post Compact 1.090ms
[128.628s][info][gc,heap        ] GC(382) PSYoungGen: 1964K->0K(629760K)
[128.628s][info][gc,heap        ] GC(382) ParOldGen: 193761K->126070K(1398272K)
[128.628s][info][gc,metaspace   ] GC(382) Metaspace: 172494K(184380K)->172494K(184380K) NonClass: 151930K(157616K)->151930K(157616K) Class: 20564K(26764K)->20564K(26764K)
[128.628s][info][gc             ] GC(382) Pause Full (System.gc()) 191M->123M(1980M) 96.782ms
[128.628s][info][gc,cpu         ] GC(382) User=0.06s Sys=0.00s Real=0.09s
[128.737s][info][gc,start       ] GC(383) Pause Young (Allocation Failure)
[128.739s][info][gc,heap        ] GC(383) PSYoungGen: 563712K->953K(636928K)
[128.739s][info][gc,heap        ] GC(383) ParOldGen: 126070K->126070K(1398272K)
[128.739s][info][gc,metaspace   ] GC(383) Metaspace: 172496K(184380K)->172496K(184380K) NonClass: 151931K(157616K)->151931K(157616K) Class: 20564K(26764K)->20564K(26764K)
[128.739s][info][gc             ] GC(383) Pause Young (Allocation Failure) 673M->124M(1987M) 2.357ms
[128.739s][info][gc,cpu         ] GC(383) User=0.00s Sys=0.00s Real=0.00s
[128.850s][info][gc,start       ] GC(384) Pause Young (Allocation Failure)
[128.856s][info][gc,heap        ] GC(384) PSYoungGen: 573881K->33725K(606720K)
[128.856s][info][gc,heap        ] GC(384) ParOldGen: 126070K->126712K(1398272K)
[128.856s][info][gc,metaspace   ] GC(384) Metaspace: 172496K(184380K)->172496K(184380K) NonClass: 151931K(157616K)->151931K(157616K) Class: 20564K(26764K)->20564K(26764K)
[128.856s][info][gc             ] GC(384) Pause Young (Allocation Failure) 683M->156M(1958M) 6.352ms
[128.856s][info][gc,cpu         ] GC(384) User=0.02s Sys=0.00s Real=0.00s
[128.935s][info][gc,start       ] GC(385) Pause Young (Allocation Failure)
[128.945s][info][gc,heap        ] GC(385) PSYoungGen: 606653K->34933K(631296K)
[128.945s][info][gc,heap        ] GC(385) ParOldGen: 126712K->154010K(1398272K)
[128.945s][info][gc,metaspace   ] GC(385) Metaspace: 172496K(184380K)->172496K(184380K) NonClass: 151931K(157616K)->151931K(157616K) Class: 20564K(26764K)->20564K(26764K)
[128.945s][info][gc             ] GC(385) Pause Young (Allocation Failure) 716M->184M(1982M) 9.923ms
[128.945s][info][gc,cpu         ] GC(385) User=0.02s Sys=0.00s Real=0.02s
[129.653s][info][gc,start       ] GC(386) Pause Young (Allocation Failure)
[129.660s][info][gc,heap        ] GC(386) PSYoungGen: 601717K->6048K(632832K)
[129.660s][info][gc,heap        ] GC(386) ParOldGen: 154010K->188315K(1398272K)
[129.660s][info][gc,metaspace   ] GC(386) Metaspace: 172496K(184380K)->172496K(184380K) NonClass: 151931K(157616K)->151931K(157616K) Class: 20564K(26764K)->20564K(26764K)
[129.660s][info][gc             ] GC(386) Pause Young (Allocation Failure) 738M->189M(1983M) 6.842ms
[129.660s][info][gc,cpu         ] GC(386) User=0.02s Sys=0.00s Real=0.01s
[130.171s][info][gc,start       ] GC(387) Pause Young (System.gc())
[130.174s][info][gc,heap        ] GC(387) PSYoungGen: 362069K->1997K(636928K)
[130.174s][info][gc,heap        ] GC(387) ParOldGen: 188315K->193061K(1398272K)
[130.174s][info][gc,metaspace   ] GC(387) Metaspace: 172497K(184380K)->172497K(184380K) NonClass: 151933K(157616K)->151933K(157616K) Class: 20564K(26764K)->20564K(26764K)
[130.174s][info][gc             ] GC(387) Pause Young (System.gc()) 537M->190M(1987M) 3.224ms
[130.175s][info][gc,cpu         ] GC(387) User=0.00s Sys=0.00s Real=0.00s
[130.175s][info][gc,start       ] GC(388) Pause Full (System.gc())
[130.175s][info][gc,phases,start] GC(388) Marking Phase
[130.231s][info][gc,phases      ] GC(388) Marking Phase 56.032ms
[130.231s][info][gc,phases,start] GC(388) Summary Phase
[130.231s][info][gc,phases      ] GC(388) Summary Phase 0.011ms
[130.231s][info][gc,phases,start] GC(388) Adjust Roots
[130.252s][info][gc,phases      ] GC(388) Adjust Roots 21.119ms
[130.252s][info][gc,phases,start] GC(388) Compaction Phase
[130.301s][info][gc,phases      ] GC(388) Compaction Phase 49.149ms
[130.301s][info][gc,phases,start] GC(388) Post Compact
[130.302s][info][gc,phases      ] GC(388) Post Compact 0.977ms
[130.302s][info][gc,heap        ] GC(388) PSYoungGen: 1997K->0K(636928K)
[130.302s][info][gc,heap        ] GC(388) ParOldGen: 193061K->126413K(1398272K)
[130.302s][info][gc,metaspace   ] GC(388) Metaspace: 172497K(184380K)->172497K(184380K) NonClass: 151933K(157616K)->151933K(157616K) Class: 20564K(26764K)->20564K(26764K)
[130.302s][info][gc             ] GC(388) Pause Full (System.gc()) 190M->123M(1987M) 127.575ms
[130.302s][info][gc,cpu         ] GC(388) User=0.08s Sys=0.00s Real=0.14s
[130.423s][info][gc,start       ] GC(389) Pause Young (Allocation Failure)
[130.425s][info][gc,heap        ] GC(389) PSYoungGen: 572168K->906K(635392K)
[130.425s][info][gc,heap        ] GC(389) ParOldGen: 126413K->126421K(1398272K)
[130.425s][info][gc,metaspace   ] GC(389) Metaspace: 172505K(184380K)->172505K(184380K) NonClass: 151940K(157616K)->151940K(157616K) Class: 20564K(26764K)->20564K(26764K)
[130.425s][info][gc             ] GC(389) Pause Young (Allocation Failure) 682M->124M(1986M) 1.664ms
[130.425s][info][gc,cpu         ] GC(389) User=0.00s Sys=0.00s Real=0.00s
[130.529s][info][gc,start       ] GC(390) Pause Young (Allocation Failure)
[130.535s][info][gc,heap        ] GC(390) PSYoungGen: 574346K->32318K(634880K)
[130.535s][info][gc,heap        ] GC(390) ParOldGen: 126421K->127129K(1398272K)
[130.535s][info][gc,metaspace   ] GC(390) Metaspace: 172505K(184380K)->172505K(184380K) NonClass: 151940K(157616K)->151940K(157616K) Class: 20564K(26764K)->20564K(26764K)
[130.535s][info][gc             ] GC(390) Pause Young (Allocation Failure) 684M->155M(1985M) 6.104ms
[130.535s][info][gc,cpu         ] GC(390) User=0.00s Sys=0.00s Real=0.00s
[130.602s][info][gc,start       ] GC(391) Pause Young (Allocation Failure)
[130.612s][info][gc,heap        ] GC(391) PSYoungGen: 607222K->35424K(610816K)
[130.612s][info][gc,heap        ] GC(391) ParOldGen: 127129K->156908K(1398272K)
[130.612s][info][gc,metaspace   ] GC(391) Metaspace: 172505K(184380K)->172505K(184380K) NonClass: 151940K(157616K)->151940K(157616K) Class: 20564K(26764K)->20564K(26764K)
[130.612s][info][gc             ] GC(391) Pause Young (Allocation Failure) 717M->187M(1962M) 9.825ms
[130.612s][info][gc,cpu         ] GC(391) User=0.02s Sys=0.00s Real=0.01s
[131.349s][info][gc,start       ] GC(392) Pause Young (Allocation Failure)
[131.355s][info][gc,heap        ] GC(392) PSYoungGen: 607788K->6348K(636928K)
[131.356s][info][gc,heap        ] GC(392) ParOldGen: 156908K->188599K(1398272K)
[131.356s][info][gc,metaspace   ] GC(392) Metaspace: 172517K(184380K)->172517K(184380K) NonClass: 151952K(157616K)->151952K(157616K) Class: 20564K(26764K)->20564K(26764K)
[131.356s][info][gc             ] GC(392) Pause Young (Allocation Failure) 746M->190M(1987M) 6.349ms
[131.356s][info][gc,cpu         ] GC(392) User=0.02s Sys=0.00s Real=0.01s
[131.820s][info][gc,start       ] GC(393) Pause Young (System.gc())
[131.823s][info][gc,heap        ] GC(393) PSYoungGen: 340476K->1858K(634368K)
[131.823s][info][gc,heap        ] GC(393) ParOldGen: 188599K->193799K(1398272K)
[131.823s][info][gc,metaspace   ] GC(393) Metaspace: 172523K(184380K)->172523K(184380K) NonClass: 151958K(157616K)->151958K(157616K) Class: 20564K(26764K)->20564K(26764K)
[131.823s][info][gc             ] GC(393) Pause Young (System.gc()) 516M->191M(1985M) 2.920ms
[131.823s][info][gc,cpu         ] GC(393) User=0.00s Sys=0.00s Real=0.01s
[131.823s][info][gc,start       ] GC(394) Pause Full (System.gc())
[131.823s][info][gc,phases,start] GC(394) Marking Phase
[131.877s][info][gc,phases      ] GC(394) Marking Phase 53.749ms
[131.877s][info][gc,phases,start] GC(394) Summary Phase
[131.877s][info][gc,phases      ] GC(394) Summary Phase 0.011ms
[131.877s][info][gc,phases,start] GC(394) Adjust Roots
[131.898s][info][gc,phases      ] GC(394) Adjust Roots 20.852ms
[131.898s][info][gc,phases,start] GC(394) Compaction Phase
[131.922s][info][gc,phases      ] GC(394) Compaction Phase 23.749ms
[131.922s][info][gc,phases,start] GC(394) Post Compact
[131.923s][info][gc,phases      ] GC(394) Post Compact 0.928ms
[131.923s][info][gc,heap        ] GC(394) PSYoungGen: 1858K->0K(634368K)
[131.923s][info][gc,heap        ] GC(394) ParOldGen: 193799K->126587K(1398272K)
[131.923s][info][gc,metaspace   ] GC(394) Metaspace: 172523K(184380K)->172523K(184380K) NonClass: 151958K(157616K)->151958K(157616K) Class: 20564K(26764K)->20564K(26764K)
[131.923s][info][gc             ] GC(394) Pause Full (System.gc()) 191M->123M(1985M) 99.590ms
[131.923s][info][gc,cpu         ] GC(394) User=0.08s Sys=0.00s Real=0.09s
[132.048s][info][gc,start       ] GC(395) Pause Young (Allocation Failure)
[132.049s][info][gc,heap        ] GC(395) PSYoungGen: 572416K->825K(641024K)
[132.049s][info][gc,heap        ] GC(395) ParOldGen: 126587K->126587K(1398272K)
[132.049s][info][gc,metaspace   ] GC(395) Metaspace: 172560K(184380K)->172560K(184380K) NonClass: 151995K(157616K)->151995K(157616K) Class: 20564K(26764K)->20564K(26764K)
[132.049s][info][gc             ] GC(395) Pause Young (Allocation Failure) 682M->124M(1991M) 1.756ms
[132.049s][info][gc,cpu         ] GC(395) User=0.00s Sys=0.00s Real=0.00s
[132.156s][info][gc,start       ] GC(396) Pause Young (Allocation Failure)
[132.162s][info][gc,heap        ] GC(396) PSYoungGen: 581945K->35116K(616448K)
[132.162s][info][gc,heap        ] GC(396) ParOldGen: 126587K->127239K(1398272K)
[132.162s][info][gc,metaspace   ] GC(396) Metaspace: 172563K(184380K)->172563K(184380K) NonClass: 151998K(157616K)->151998K(157616K) Class: 20564K(26764K)->20564K(26764K)
[132.162s][info][gc             ] GC(396) Pause Young (Allocation Failure) 691M->158M(1967M) 6.194ms
[132.162s][info][gc,cpu         ] GC(396) User=0.00s Sys=0.00s Real=0.00s
[132.231s][info][gc,start       ] GC(397) Pause Young (Allocation Failure)
[132.241s][info][gc,heap        ] GC(397) PSYoungGen: 616236K->36499K(631296K)
[132.242s][info][gc,heap        ] GC(397) ParOldGen: 127239K->156124K(1398272K)
[132.242s][info][gc,metaspace   ] GC(397) Metaspace: 172563K(184380K)->172563K(184380K) NonClass: 151998K(157616K)->151998K(157616K) Class: 20564K(26764K)->20564K(26764K)
[132.242s][info][gc             ] GC(397) Pause Young (Allocation Failure) 726M->188M(1982M) 10.200ms
[132.242s][info][gc,cpu         ] GC(397) User=0.00s Sys=0.00s Real=0.00s
[132.995s][info][gc,start       ] GC(398) Pause Young (Allocation Failure)
[133.002s][info][gc,heap        ] GC(398) PSYoungGen: 606355K->5469K(634368K)
[133.002s][info][gc,heap        ] GC(398) ParOldGen: 156124K->189846K(1398272K)
[133.002s][info][gc,metaspace   ] GC(398) Metaspace: 172565K(184380K)->172565K(184380K) NonClass: 152000K(157616K)->152000K(157616K) Class: 20564K(26764K)->20564K(26764K)
[133.002s][info][gc             ] GC(398) Pause Young (Allocation Failure) 744M->190M(1985M) 7.045ms
[133.002s][info][gc,cpu         ] GC(398) User=0.02s Sys=0.00s Real=0.02s
[133.466s][info][gc,start       ] GC(399) Pause Young (System.gc())
[133.469s][info][gc,heap        ] GC(399) PSYoungGen: 328735K->1882K(638976K)
[133.469s][info][gc,heap        ] GC(399) ParOldGen: 189846K->194089K(1398272K)
[133.469s][info][gc,metaspace   ] GC(399) Metaspace: 172765K(184636K)->172765K(184636K) NonClass: 152200K(157872K)->152200K(157872K) Class: 20564K(26764K)->20564K(26764K)
[133.469s][info][gc             ] GC(399) Pause Young (System.gc()) 506M->191M(1989M) 3.075ms
[133.469s][info][gc,cpu         ] GC(399) User=0.00s Sys=0.00s Real=0.00s
[133.469s][info][gc,start       ] GC(400) Pause Full (System.gc())
[133.469s][info][gc,phases,start] GC(400) Marking Phase
[133.523s][info][gc,phases      ] GC(400) Marking Phase 53.434ms
[133.523s][info][gc,phases,start] GC(400) Summary Phase
[133.523s][info][gc,phases      ] GC(400) Summary Phase 0.012ms
[133.523s][info][gc,phases,start] GC(400) Adjust Roots
[133.543s][info][gc,phases      ] GC(400) Adjust Roots 20.460ms
[133.543s][info][gc,phases,start] GC(400) Compaction Phase
[133.560s][info][gc,phases      ] GC(400) Compaction Phase 17.001ms
[133.560s][info][gc,phases,start] GC(400) Post Compact
[133.561s][info][gc,phases      ] GC(400) Post Compact 0.953ms
[133.561s][info][gc,heap        ] GC(400) PSYoungGen: 1882K->0K(638976K)
[133.561s][info][gc,heap        ] GC(400) ParOldGen: 194089K->126144K(1398272K)
[133.561s][info][gc,metaspace   ] GC(400) Metaspace: 172765K(184636K)->172765K(184636K) NonClass: 152200K(157872K)->152200K(157872K) Class: 20564K(26764K)->20564K(26764K)
[133.561s][info][gc             ] GC(400) Pause Full (System.gc()) 191M->123M(1989M) 92.172ms
[133.561s][info][gc,cpu         ] GC(400) User=0.12s Sys=0.00s Real=0.10s
[133.673s][info][gc,start       ] GC(401) Pause Young (Allocation Failure)
[133.675s][info][gc,heap        ] GC(401) PSYoungGen: 574087K->906K(636928K)
[133.675s][info][gc,heap        ] GC(401) ParOldGen: 126144K->126144K(1398272K)
[133.675s][info][gc,metaspace   ] GC(401) Metaspace: 172773K(184636K)->172773K(184636K) NonClass: 152209K(157872K)->152209K(157872K) Class: 20564K(26764K)->20564K(26764K)
[133.675s][info][gc             ] GC(401) Pause Young (Allocation Failure) 683M->124M(1987M) 1.788ms
[133.675s][info][gc,cpu         ] GC(401) User=0.00s Sys=0.00s Real=0.00s
[133.781s][info][gc,start       ] GC(402) Pause Young (Allocation Failure)
[133.788s][info][gc,heap        ] GC(402) PSYoungGen: 577930K->33454K(634880K)
[133.788s][info][gc,heap        ] GC(402) ParOldGen: 126144K->126854K(1398272K)
[133.788s][info][gc,metaspace   ] GC(402) Metaspace: 172773K(184636K)->172773K(184636K) NonClass: 152209K(157872K)->152209K(157872K) Class: 20564K(26764K)->20564K(26764K)
[133.788s][info][gc             ] GC(402) Pause Young (Allocation Failure) 687M->156M(1985M) 6.231ms
[133.788s][info][gc,cpu         ] GC(402) User=0.03s Sys=0.00s Real=0.02s
[133.856s][info][gc,start       ] GC(403) Pause Young (Allocation Failure)
[133.866s][info][gc,heap        ] GC(403) PSYoungGen: 610478K->35410K(612864K)
[133.866s][info][gc,heap        ] GC(403) ParOldGen: 126854K->156508K(1398272K)
[133.866s][info][gc,metaspace   ] GC(403) Metaspace: 172773K(184636K)->172773K(184636K) NonClass: 152209K(157872K)->152209K(157872K) Class: 20564K(26764K)->20564K(26764K)
[133.866s][info][gc             ] GC(403) Pause Young (Allocation Failure) 720M->187M(1964M) 10.684ms
[133.866s][info][gc,cpu         ] GC(403) User=0.02s Sys=0.00s Real=0.02s
[134.603s][info][gc,start       ] GC(404) Pause Young (Allocation Failure)
[134.610s][info][gc,heap        ] GC(404) PSYoungGen: 612434K->5842K(637952K)
[134.610s][info][gc,heap        ] GC(404) ParOldGen: 156508K->188960K(1398272K)
[134.610s][info][gc,metaspace   ] GC(404) Metaspace: 172773K(184636K)->172773K(184636K) NonClass: 152209K(157872K)->152209K(157872K) Class: 20564K(26764K)->20564K(26764K)
[134.610s][info][gc             ] GC(404) Pause Young (Allocation Failure) 750M->190M(1988M) 6.895ms
[134.610s][info][gc,cpu         ] GC(404) User=0.00s Sys=0.00s Real=0.00s
[135.080s][info][gc,start       ] GC(405) Pause Young (System.gc())
[135.083s][info][gc,heap        ] GC(405) PSYoungGen: 328006K->1882K(635392K)
[135.083s][info][gc,heap        ] GC(405) ParOldGen: 188960K->193588K(1398272K)
[135.083s][info][gc,metaspace   ] GC(405) Metaspace: 172776K(184636K)->172776K(184636K) NonClass: 152211K(157872K)->152211K(157872K) Class: 20564K(26764K)->20564K(26764K)
[135.083s][info][gc             ] GC(405) Pause Young (System.gc()) 504M->190M(1986M) 3.304ms
[135.083s][info][gc,cpu         ] GC(405) User=0.00s Sys=0.00s Real=0.00s
[135.083s][info][gc,start       ] GC(406) Pause Full (System.gc())
[135.083s][info][gc,phases,start] GC(406) Marking Phase
[135.139s][info][gc,phases      ] GC(406) Marking Phase 55.923ms
[135.139s][info][gc,phases,start] GC(406) Summary Phase
[135.139s][info][gc,phases      ] GC(406) Summary Phase 0.011ms
[135.139s][info][gc,phases,start] GC(406) Adjust Roots
[135.161s][info][gc,phases      ] GC(406) Adjust Roots 21.671ms
[135.161s][info][gc,phases,start] GC(406) Compaction Phase
[135.213s][info][gc,phases      ] GC(406) Compaction Phase 52.041ms
[135.213s][info][gc,phases,start] GC(406) Post Compact
[135.214s][info][gc,phases      ] GC(406) Post Compact 1.007ms
[135.214s][info][gc,heap        ] GC(406) PSYoungGen: 1882K->0K(635392K)
[135.214s][info][gc,heap        ] GC(406) ParOldGen: 193588K->126459K(1398272K)
[135.214s][info][gc,metaspace   ] GC(406) Metaspace: 172776K(184636K)->172776K(184636K) NonClass: 152211K(157872K)->152211K(157872K) Class: 20564K(26764K)->20564K(26764K)
[135.214s][info][gc             ] GC(406) Pause Full (System.gc()) 190M->123M(1986M) 130.971ms
[135.214s][info][gc,cpu         ] GC(406) User=0.14s Sys=0.00s Real=0.14s
[135.326s][info][gc,start       ] GC(407) Pause Young (Allocation Failure)
[135.328s][info][gc,heap        ] GC(407) PSYoungGen: 573467K->883K(641536K)
[135.328s][info][gc,heap        ] GC(407) ParOldGen: 126459K->126459K(1398272K)
[135.328s][info][gc,metaspace   ] GC(407) Metaspace: 172776K(184636K)->172776K(184636K) NonClass: 152212K(157872K)->152212K(157872K) Class: 20564K(26764K)->20564K(26764K)
[135.329s][info][gc             ] GC(407) Pause Young (Allocation Failure) 683M->124M(1992M) 2.025ms
[135.329s][info][gc,cpu         ] GC(407) User=0.00s Sys=0.00s Real=0.00s
[135.438s][info][gc,start       ] GC(408) Pause Young (Allocation Failure)
[135.445s][info][gc,heap        ] GC(408) PSYoungGen: 583027K->37781K(620032K)
[135.445s][info][gc,heap        ] GC(408) ParOldGen: 126459K->127169K(1398272K)
[135.445s][info][gc,metaspace   ] GC(408) Metaspace: 172776K(184636K)->172776K(184636K) NonClass: 152212K(157872K)->152212K(157872K) Class: 20564K(26764K)->20564K(26764K)
[135.445s][info][gc             ] GC(408) Pause Young (Allocation Failure) 692M->161M(1971M) 6.830ms
[135.445s][info][gc,cpu         ] GC(408) User=0.00s Sys=0.00s Real=0.00s
[135.520s][info][gc,start       ] GC(409) Pause Young (Allocation Failure)
[135.530s][info][gc,heap        ] GC(409) PSYoungGen: 619925K->36368K(630784K)
[135.530s][info][gc,heap        ] GC(409) ParOldGen: 127169K->154340K(1398272K)
[135.530s][info][gc,metaspace   ] GC(409) Metaspace: 172776K(184636K)->172776K(184636K) NonClass: 152212K(157872K)->152212K(157872K) Class: 20564K(26764K)->20564K(26764K)
[135.530s][info][gc             ] GC(409) Pause Young (Allocation Failure) 729M->186M(1981M) 9.983ms
[135.530s][info][gc,cpu         ] GC(409) User=0.02s Sys=0.00s Real=0.01s
[136.269s][info][gc,start       ] GC(410) Pause Young (Allocation Failure)
[136.276s][info][gc,heap        ] GC(410) PSYoungGen: 604664K->4534K(633856K)
[136.276s][info][gc,heap        ] GC(410) ParOldGen: 154340K->190091K(1398272K)
[136.276s][info][gc,metaspace   ] GC(410) Metaspace: 172780K(184636K)->172780K(184636K) NonClass: 152215K(157872K)->152215K(157872K) Class: 20564K(26764K)->20564K(26764K)
[136.276s][info][gc             ] GC(410) Pause Young (Allocation Failure) 741M->190M(1984M) 6.644ms
[136.276s][info][gc,cpu         ] GC(410) User=0.00s Sys=0.00s Real=0.00s
[136.738s][info][gc,start       ] GC(411) Pause Young (System.gc())
[136.741s][info][gc,heap        ] GC(411) PSYoungGen: 326135K->1825K(638464K)
[136.741s][info][gc,heap        ] GC(411) ParOldGen: 190091K->193474K(1398272K)
[136.741s][info][gc,metaspace   ] GC(411) Metaspace: 172780K(184636K)->172780K(184636K) NonClass: 152215K(157872K)->152215K(157872K) Class: 20564K(26764K)->20564K(26764K)
[136.741s][info][gc             ] GC(411) Pause Young (System.gc()) 504M->190M(1989M) 2.781ms
[136.741s][info][gc,cpu         ] GC(411) User=0.00s Sys=0.00s Real=0.00s
[136.741s][info][gc,start       ] GC(412) Pause Full (System.gc())
[136.741s][info][gc,phases,start] GC(412) Marking Phase
[136.794s][info][gc,phases      ] GC(412) Marking Phase 52.761ms
[136.794s][info][gc,phases,start] GC(412) Summary Phase
[136.794s][info][gc,phases      ] GC(412) Summary Phase 0.011ms
[136.794s][info][gc,phases,start] GC(412) Adjust Roots
[136.815s][info][gc,phases      ] GC(412) Adjust Roots 21.084ms
[136.815s][info][gc,phases,start] GC(412) Compaction Phase
[136.834s][info][gc,phases      ] GC(412) Compaction Phase 18.446ms
[136.834s][info][gc,phases,start] GC(412) Post Compact
[136.835s][info][gc,phases      ] GC(412) Post Compact 0.955ms
[136.835s][info][gc,heap        ] GC(412) PSYoungGen: 1825K->0K(638464K)
[136.835s][info][gc,heap        ] GC(412) ParOldGen: 193474K->126065K(1398272K)
[136.835s][info][gc,metaspace   ] GC(412) Metaspace: 172780K(184636K)->172780K(184636K) NonClass: 152215K(157872K)->152215K(157872K) Class: 20564K(26764K)->20564K(26764K)
[136.835s][info][gc             ] GC(412) Pause Full (System.gc()) 190M->123M(1989M) 93.575ms
[136.835s][info][gc,cpu         ] GC(412) User=0.12s Sys=0.00s Real=0.09s
[136.957s][info][gc,start       ] GC(413) Pause Young (Allocation Failure)
[136.958s][info][gc,heap        ] GC(413) PSYoungGen: 572217K->819K(636416K)
[136.958s][info][gc,heap        ] GC(413) ParOldGen: 126065K->126065K(1398272K)
[136.958s][info][gc,metaspace   ] GC(413) Metaspace: 172780K(184636K)->172780K(184636K) NonClass: 152215K(157872K)->152215K(157872K) Class: 20564K(26764K)->20564K(26764K)
[136.958s][info][gc             ] GC(413) Pause Young (Allocation Failure) 681M->123M(1987M) 1.748ms
[136.958s][info][gc,cpu         ] GC(413) User=0.00s Sys=0.00s Real=0.00s
[137.063s][info][gc,start       ] GC(414) Pause Young (Allocation Failure)
[137.069s][info][gc,heap        ] GC(414) PSYoungGen: 576819K->34282K(634368K)
[137.069s][info][gc,heap        ] GC(414) ParOldGen: 126065K->126783K(1398272K)
[137.069s][info][gc,metaspace   ] GC(414) Metaspace: 172780K(184636K)->172780K(184636K) NonClass: 152215K(157872K)->152215K(157872K) Class: 20564K(26764K)->20564K(26764K)
[137.069s][info][gc             ] GC(414) Pause Young (Allocation Failure) 686M->157M(1985M) 6.312ms
[137.069s][info][gc,cpu         ] GC(414) User=0.02s Sys=0.00s Real=0.02s
[137.141s][info][gc,start       ] GC(415) Pause Young (Allocation Failure)
[137.151s][info][gc,heap        ] GC(415) PSYoungGen: 610282K->36094K(612352K)
[137.151s][info][gc,heap        ] GC(415) ParOldGen: 126783K->155300K(1398272K)
[137.151s][info][gc,metaspace   ] GC(415) Metaspace: 172780K(184636K)->172780K(184636K) NonClass: 152215K(157872K)->152215K(157872K) Class: 20564K(26764K)->20564K(26764K)
[137.151s][info][gc             ] GC(415) Pause Young (Allocation Failure) 719M->186M(1963M) 10.468ms
[137.151s][info][gc,cpu         ] GC(415) User=0.03s Sys=0.00s Real=0.02s
[137.889s][info][gc,start       ] GC(416) Pause Young (Allocation Failure)
[137.895s][info][gc,heap        ] GC(416) PSYoungGen: 612094K->5912K(636928K)
[137.895s][info][gc,heap        ] GC(416) ParOldGen: 155300K->188399K(1398272K)
[137.895s][info][gc,metaspace   ] GC(416) Metaspace: 172780K(184636K)->172780K(184636K) NonClass: 152215K(157872K)->152215K(157872K) Class: 20564K(26764K)->20564K(26764K)
[137.896s][info][gc             ] GC(416) Pause Young (Allocation Failure) 749M->189M(1987M) 6.721ms
[137.896s][info][gc,cpu         ] GC(416) User=0.00s Sys=0.00s Real=0.00s
[138.355s][info][gc,start       ] GC(417) Pause Young (System.gc())
[138.358s][info][gc,heap        ] GC(417) PSYoungGen: 330407K->1914K(634368K)
[138.358s][info][gc,heap        ] GC(417) ParOldGen: 188399K->193164K(1398272K)
[138.358s][info][gc,metaspace   ] GC(417) Metaspace: 172781K(184636K)->172781K(184636K) NonClass: 152216K(157872K)->152216K(157872K) Class: 20564K(26764K)->20564K(26764K)
[138.358s][info][gc             ] GC(417) Pause Young (System.gc()) 506M->190M(1985M) 2.717ms
[138.358s][info][gc,cpu         ] GC(417) User=0.00s Sys=0.00s Real=0.00s
[138.358s][info][gc,start       ] GC(418) Pause Full (System.gc())
[138.358s][info][gc,phases,start] GC(418) Marking Phase
[138.411s][info][gc,phases      ] GC(418) Marking Phase 53.089ms
[138.411s][info][gc,phases,start] GC(418) Summary Phase
[138.411s][info][gc,phases      ] GC(418) Summary Phase 0.010ms
[138.411s][info][gc,phases,start] GC(418) Adjust Roots
[138.432s][info][gc,phases      ] GC(418) Adjust Roots 20.812ms
[138.432s][info][gc,phases,start] GC(418) Compaction Phase
[138.464s][info][gc,phases      ] GC(418) Compaction Phase 31.827ms
[138.464s][info][gc,phases,start] GC(418) Post Compact
[138.465s][info][gc,phases      ] GC(418) Post Compact 1.400ms
[138.465s][info][gc,heap        ] GC(418) PSYoungGen: 1914K->0K(634368K)
[138.465s][info][gc,heap        ] GC(418) ParOldGen: 193164K->126408K(1398272K)
[138.465s][info][gc,metaspace   ] GC(418) Metaspace: 172781K(184636K)->172781K(184636K) NonClass: 152216K(157872K)->152216K(157872K) Class: 20564K(26764K)->20564K(26764K)
[138.465s][info][gc             ] GC(418) Pause Full (System.gc()) 190M->123M(1985M) 107.475ms
[138.465s][info][gc,cpu         ] GC(418) User=0.11s Sys=0.00s Real=0.11s
[138.576s][info][gc,start       ] GC(419) Pause Young (Allocation Failure)
[138.578s][info][gc,heap        ] GC(419) PSYoungGen: 572416K->752K(641024K)
[138.578s][info][gc,heap        ] GC(419) ParOldGen: 126408K->126408K(1398272K)
[138.578s][info][gc,metaspace   ] GC(419) Metaspace: 172781K(184636K)->172781K(184636K) NonClass: 152217K(157872K)->152217K(157872K) Class: 20564K(26764K)->20564K(26764K)
[138.578s][info][gc             ] GC(419) Pause Young (Allocation Failure) 682M->124M(1991M) 2.285ms
[138.578s][info][gc,cpu         ] GC(419) User=0.00s Sys=0.00s Real=0.00s
[138.684s][info][gc,start       ] GC(420) Pause Young (Allocation Failure)
[138.690s][info][gc,heap        ] GC(420) PSYoungGen: 581872K->35158K(616448K)
[138.690s][info][gc,heap        ] GC(420) ParOldGen: 126408K->127052K(1398272K)
[138.690s][info][gc,metaspace   ] GC(420) Metaspace: 172781K(184636K)->172781K(184636K) NonClass: 152217K(157872K)->152217K(157872K) Class: 20564K(26764K)->20564K(26764K)
[138.690s][info][gc             ] GC(420) Pause Young (Allocation Failure) 691M->158M(1967M) 6.524ms
[138.691s][info][gc,cpu         ] GC(420) User=0.00s Sys=0.00s Real=0.00s
[138.760s][info][gc,start       ] GC(421) Pause Young (Allocation Failure)
[138.770s][info][gc,heap        ] GC(421) PSYoungGen: 616278K->36338K(631296K)
[138.770s][info][gc,heap        ] GC(421) ParOldGen: 127052K->155749K(1398272K)
[138.770s][info][gc,metaspace   ] GC(421) Metaspace: 172781K(184636K)->172781K(184636K) NonClass: 152217K(157872K)->152217K(157872K) Class: 20564K(26764K)->20564K(26764K)
[138.770s][info][gc             ] GC(421) Pause Young (Allocation Failure) 725M->187M(1982M) 10.206ms
[138.770s][info][gc,cpu         ] GC(421) User=0.02s Sys=0.00s Real=0.02s
[139.526s][info][gc,start       ] GC(422) Pause Young (Allocation Failure)
[139.533s][info][gc,heap        ] GC(422) PSYoungGen: 606194K->5454K(634368K)
[139.533s][info][gc,heap        ] GC(422) ParOldGen: 155749K->189468K(1398272K)
[139.533s][info][gc,metaspace   ] GC(422) Metaspace: 172781K(184636K)->172781K(184636K) NonClass: 152217K(157872K)->152217K(157872K) Class: 20564K(26764K)->20564K(26764K)
[139.533s][info][gc             ] GC(422) Pause Young (Allocation Failure) 744M->190M(1985M) 6.808ms
[139.533s][info][gc,cpu         ] GC(422) User=0.02s Sys=0.00s Real=0.02s
[139.989s][info][gc,start       ] GC(423) Pause Young (System.gc())
[139.992s][info][gc,heap        ] GC(423) PSYoungGen: 329071K->1883K(638976K)
[139.992s][info][gc,heap        ] GC(423) ParOldGen: 189468K->193652K(1398272K)
[139.992s][info][gc,metaspace   ] GC(423) Metaspace: 172783K(184636K)->172783K(184636K) NonClass: 152218K(157872K)->152218K(157872K) Class: 20564K(26764K)->20564K(26764K)
[139.992s][info][gc             ] GC(423) Pause Young (System.gc()) 506M->190M(1989M) 3.115ms
[139.992s][info][gc,cpu         ] GC(423) User=0.00s Sys=0.00s Real=0.00s
[139.992s][info][gc,start       ] GC(424) Pause Full (System.gc())
[139.992s][info][gc,phases,start] GC(424) Marking Phase
[140.046s][info][gc,phases      ] GC(424) Marking Phase 53.242ms
[140.046s][info][gc,phases,start] GC(424) Summary Phase
[140.046s][info][gc,phases      ] GC(424) Summary Phase 0.011ms
[140.046s][info][gc,phases,start] GC(424) Adjust Roots
[140.067s][info][gc,phases      ] GC(424) Adjust Roots 20.950ms
[140.067s][info][gc,phases,start] GC(424) Compaction Phase
[140.086s][info][gc,phases      ] GC(424) Compaction Phase 19.323ms
[140.086s][info][gc,phases,start] GC(424) Post Compact
[140.087s][info][gc,phases      ] GC(424) Post Compact 1.042ms
[140.087s][info][gc,heap        ] GC(424) PSYoungGen: 1883K->0K(638976K)
[140.087s][info][gc,heap        ] GC(424) ParOldGen: 193652K->126050K(1398272K)
[140.087s][info][gc,metaspace   ] GC(424) Metaspace: 172783K(184636K)->172783K(184636K) NonClass: 152218K(157872K)->152218K(157872K) Class: 20564K(26764K)->20564K(26764K)
[140.087s][info][gc             ] GC(424) Pause Full (System.gc()) 190M->123M(1989M) 94.884ms
[140.087s][info][gc,cpu         ] GC(424) User=0.11s Sys=0.00s Real=0.10s
[140.223s][info][gc,start       ] GC(425) Pause Young (Allocation Failure)
[140.225s][info][gc,heap        ] GC(425) PSYoungGen: 577024K->1277K(636928K)
[140.225s][info][gc,heap        ] GC(425) ParOldGen: 126050K->126050K(1398272K)
[140.225s][info][gc,metaspace   ] GC(425) Metaspace: 172786K(184636K)->172786K(184636K) NonClass: 152221K(157872K)->152221K(157872K) Class: 20564K(26764K)->20564K(26764K)
[140.225s][info][gc             ] GC(425) Pause Young (Allocation Failure) 686M->124M(1987M) 1.731ms
[140.225s][info][gc,cpu         ] GC(425) User=0.00s Sys=0.00s Real=0.00s
[140.332s][info][gc,start       ] GC(426) Pause Young (Allocation Failure)
[140.340s][info][gc,heap        ] GC(426) PSYoungGen: 578301K->33751K(634880K)
[140.340s][info][gc,heap        ] GC(426) ParOldGen: 126050K->126769K(1398272K)
[140.340s][info][gc,metaspace   ] GC(426) Metaspace: 172786K(184636K)->172786K(184636K) NonClass: 152221K(157872K)->152221K(157872K) Class: 20564K(26764K)->20564K(26764K)
[140.340s][info][gc             ] GC(426) Pause Young (Allocation Failure) 687M->156M(1985M) 7.669ms
[140.340s][info][gc,cpu         ] GC(426) User=0.00s Sys=0.00s Real=0.00s
[140.411s][info][gc,start       ] GC(427) Pause Young (Allocation Failure)
[140.421s][info][gc,heap        ] GC(427) PSYoungGen: 610775K->35351K(612864K)
[140.421s][info][gc,heap        ] GC(427) ParOldGen: 126769K->156303K(1398272K)
[140.421s][info][gc,metaspace   ] GC(427) Metaspace: 172786K(184636K)->172786K(184636K) NonClass: 152221K(157872K)->152221K(157872K) Class: 20564K(26764K)->20564K(26764K)
[140.421s][info][gc             ] GC(427) Pause Young (Allocation Failure) 720M->187M(1964M) 9.840ms
[140.421s][info][gc,cpu         ] GC(427) User=0.00s Sys=0.00s Real=0.00s
[141.165s][info][gc,start       ] GC(428) Pause Young (Allocation Failure)
[141.171s][info][gc,heap        ] GC(428) PSYoungGen: 608473K->5414K(637440K)
[141.171s][info][gc,heap        ] GC(428) ParOldGen: 156303K->189188K(1398272K)
[141.171s][info][gc,metaspace   ] GC(428) Metaspace: 172786K(184636K)->172786K(184636K) NonClass: 152221K(157872K)->152221K(157872K) Class: 20564K(26764K)->20564K(26764K)
[141.171s][info][gc             ] GC(428) Pause Young (Allocation Failure) 746M->190M(1988M) 6.613ms
[141.171s][info][gc,cpu         ] GC(428) User=0.00s Sys=0.00s Real=0.00s
[141.634s][info][gc,start       ] GC(429) Pause Young (System.gc())
[141.637s][info][gc,heap        ] GC(429) PSYoungGen: 324617K->1825K(635392K)
[141.637s][info][gc,heap        ] GC(429) ParOldGen: 189188K->193439K(1398272K)
[141.637s][info][gc,metaspace   ] GC(429) Metaspace: 172786K(184636K)->172786K(184636K) NonClass: 152221K(157872K)->152221K(157872K) Class: 20564K(26764K)->20564K(26764K)
[141.637s][info][gc             ] GC(429) Pause Young (System.gc()) 501M->190M(1986M) 3.310ms
[141.637s][info][gc,cpu         ] GC(429) User=0.00s Sys=0.00s Real=0.00s
[141.637s][info][gc,start       ] GC(430) Pause Full (System.gc())
[141.637s][info][gc,phases,start] GC(430) Marking Phase
[141.691s][info][gc,phases      ] GC(430) Marking Phase 53.610ms
[141.691s][info][gc,phases,start] GC(430) Summary Phase
[141.691s][info][gc,phases      ] GC(430) Summary Phase 0.011ms
[141.691s][info][gc,phases,start] GC(430) Adjust Roots
[141.712s][info][gc,phases      ] GC(430) Adjust Roots 20.994ms
[141.712s][info][gc,phases,start] GC(430) Compaction Phase
[141.744s][info][gc,phases      ] GC(430) Compaction Phase 31.630ms
[141.744s][info][gc,phases,start] GC(430) Post Compact
[141.745s][info][gc,phases      ] GC(430) Post Compact 1.207ms
[141.745s][info][gc,heap        ] GC(430) PSYoungGen: 1825K->0K(635392K)
[141.745s][info][gc,heap        ] GC(430) ParOldGen: 193439K->126401K(1398272K)
[141.745s][info][gc,metaspace   ] GC(430) Metaspace: 172786K(184636K)->172786K(184636K) NonClass: 152221K(157872K)->152221K(157872K) Class: 20564K(26764K)->20564K(26764K)
[141.745s][info][gc             ] GC(430) Pause Full (System.gc()) 190M->123M(1986M) 107.831ms
[141.745s][info][gc,cpu         ] GC(430) User=0.09s Sys=0.00s Real=0.11s
[141.864s][info][gc,start       ] GC(431) Pause Young (Allocation Failure)
[141.865s][info][gc,heap        ] GC(431) PSYoungGen: 572911K->883K(641536K)
[141.865s][info][gc,heap        ] GC(431) ParOldGen: 126401K->126401K(1398272K)
[141.866s][info][gc,metaspace   ] GC(431) Metaspace: 172787K(184636K)->172787K(184636K) NonClass: 152223K(157872K)->152223K(157872K) Class: 20564K(26764K)->20564K(26764K)
[141.866s][info][gc             ] GC(431) Pause Young (Allocation Failure) 682M->124M(1992M) 1.674ms
[141.866s][info][gc,cpu         ] GC(431) User=0.00s Sys=0.00s Real=0.00s
[141.972s][info][gc,start       ] GC(432) Pause Young (Allocation Failure)
[141.978s][info][gc,heap        ] GC(432) PSYoungGen: 583027K->35580K(617984K)
[141.979s][info][gc,heap        ] GC(432) ParOldGen: 126401K->127125K(1398272K)
[141.979s][info][gc,metaspace   ] GC(432) Metaspace: 172787K(184636K)->172787K(184636K) NonClass: 152223K(157872K)->152223K(157872K) Class: 20564K(26764K)->20564K(26764K)
[141.979s][info][gc             ] GC(432) Pause Young (Allocation Failure) 692M->158M(1969M) 6.892ms
[141.979s][info][gc,cpu         ] GC(432) User=0.02s Sys=0.00s Real=0.02s
[142.053s][info][gc,start       ] GC(433) Pause Young (Allocation Failure)
[142.063s][info][gc,heap        ] GC(433) PSYoungGen: 617724K->35720K(631808K)
[142.063s][info][gc,heap        ] GC(433) ParOldGen: 127125K->155590K(1398272K)
[142.063s][info][gc,metaspace   ] GC(433) Metaspace: 172787K(184636K)->172787K(184636K) NonClass: 152223K(157872K)->152223K(157872K) Class: 20564K(26764K)->20564K(26764K)
[142.063s][info][gc             ] GC(433) Pause Young (Allocation Failure) 727M->186M(1982M) 10.086ms
[142.063s][info][gc,cpu         ] GC(433) User=0.05s Sys=0.00s Real=0.02s
[142.800s][info][gc,start       ] GC(434) Pause Young (Allocation Failure)
[142.807s][info][gc,heap        ] GC(434) PSYoungGen: 604160K->4455K(634880K)
[142.807s][info][gc,heap        ] GC(434) ParOldGen: 155590K->190474K(1398272K)
[142.807s][info][gc,metaspace   ] GC(434) Metaspace: 172787K(184636K)->172787K(184636K) NonClass: 152223K(157872K)->152223K(157872K) Class: 20564K(26764K)->20564K(26764K)
[142.807s][info][gc             ] GC(434) Pause Young (Allocation Failure) 741M->190M(1985M) 6.529ms
[142.807s][info][gc,cpu         ] GC(434) User=0.00s Sys=0.00s Real=0.00s
[143.261s][info][gc,start       ] GC(435) Pause Young (System.gc())
[143.264s][info][gc,heap        ] GC(435) PSYoungGen: 325871K->1825K(639488K)
[143.264s][info][gc,heap        ] GC(435) ParOldGen: 190474K->193777K(1398272K)
[143.265s][info][gc,metaspace   ] GC(435) Metaspace: 172798K(184636K)->172798K(184636K) NonClass: 152233K(157872K)->152233K(157872K) Class: 20565K(26764K)->20565K(26764K)
[143.265s][info][gc             ] GC(435) Pause Young (System.gc()) 504M->191M(1990M) 3.098ms
[143.265s][info][gc,cpu         ] GC(435) User=0.00s Sys=0.00s Real=0.00s
[143.265s][info][gc,start       ] GC(436) Pause Full (System.gc())
[143.265s][info][gc,phases,start] GC(436) Marking Phase
[143.321s][info][gc,phases      ] GC(436) Marking Phase 55.976ms
[143.321s][info][gc,phases,start] GC(436) Summary Phase
[143.321s][info][gc,phases      ] GC(436) Summary Phase 0.013ms
[143.321s][info][gc,phases,start] GC(436) Adjust Roots
[143.343s][info][gc,phases      ] GC(436) Adjust Roots 22.599ms
[143.343s][info][gc,phases,start] GC(436) Compaction Phase
[143.363s][info][gc,phases      ] GC(436) Compaction Phase 19.445ms
[143.363s][info][gc,phases,start] GC(436) Post Compact
[143.364s][info][gc,phases      ] GC(436) Post Compact 1.149ms
[143.364s][info][gc,heap        ] GC(436) PSYoungGen: 1825K->0K(639488K)
[143.364s][info][gc,heap        ] GC(436) ParOldGen: 193777K->125923K(1398272K)
[143.364s][info][gc,metaspace   ] GC(436) Metaspace: 172798K(184636K)->172798K(184636K) NonClass: 152233K(157872K)->152233K(157872K) Class: 20565K(26764K)->20565K(26764K)
[143.364s][info][gc             ] GC(436) Pause Full (System.gc()) 191M->122M(1990M) 99.493ms
[143.364s][info][gc,cpu         ] GC(436) User=0.14s Sys=0.00s Real=0.11s
[143.480s][info][gc,start       ] GC(437) Pause Young (Allocation Failure)
[143.482s][info][gc,heap        ] GC(437) PSYoungGen: 574038K->938K(637440K)
[143.482s][info][gc,heap        ] GC(437) ParOldGen: 125923K->125923K(1398272K)
[143.482s][info][gc,metaspace   ] GC(437) Metaspace: 172799K(184636K)->172799K(184636K) NonClass: 152233K(157872K)->152233K(157872K) Class: 20565K(26764K)->20565K(26764K)
[143.482s][info][gc             ] GC(437) Pause Young (Allocation Failure) 683M->123M(1988M) 2.296ms
[143.482s][info][gc,cpu         ] GC(437) User=0.00s Sys=0.00s Real=0.00s
[143.586s][info][gc,start       ] GC(438) Pause Young (Allocation Failure)
[143.593s][info][gc,heap        ] GC(438) PSYoungGen: 578986K->39683K(630272K)
[143.593s][info][gc,heap        ] GC(438) ParOldGen: 125923K->126654K(1398272K)
[143.593s][info][gc,metaspace   ] GC(438) Metaspace: 172799K(184636K)->172799K(184636K) NonClass: 152233K(157872K)->152233K(157872K) Class: 20565K(26764K)->20565K(26764K)
[143.593s][info][gc             ] GC(438) Pause Young (Allocation Failure) 688M->162M(1981M) 7.150ms
[143.593s][info][gc,cpu         ] GC(438) User=0.00s Sys=0.00s Real=0.00s
[143.660s][info][gc,start       ] GC(439) Pause Young (Allocation Failure)
[143.670s][info][gc,heap        ] GC(439) PSYoungGen: 612611K->38388K(611328K)
[143.670s][info][gc,heap        ] GC(439) ParOldGen: 126654K->152530K(1398272K)
[143.670s][info][gc,metaspace   ] GC(439) Metaspace: 172799K(184636K)->172799K(184636K) NonClass: 152233K(157872K)->152233K(157872K) Class: 20565K(26764K)->20565K(26764K)
[143.670s][info][gc             ] GC(439) Pause Young (Allocation Failure) 721M->186M(1962M) 10.017ms
[143.670s][info][gc,cpu         ] GC(439) User=0.00s Sys=0.00s Real=0.00s
[144.406s][info][gc,start       ] GC(440) Pause Young (Allocation Failure)
[144.412s][info][gc,heap        ] GC(440) PSYoungGen: 607283K->5867K(634880K)
[144.412s][info][gc,heap        ] GC(440) ParOldGen: 152530K->188624K(1398272K)
[144.412s][info][gc,metaspace   ] GC(440) Metaspace: 172799K(184636K)->172799K(184636K) NonClass: 152233K(157872K)->152233K(157872K) Class: 20565K(26764K)->20565K(26764K)
[144.412s][info][gc             ] GC(440) Pause Young (Allocation Failure) 742M->189M(1985M) 6.835ms
[144.412s][info][gc,cpu         ] GC(440) User=0.02s Sys=0.00s Real=0.01s
[144.884s][info][gc,start       ] GC(441) Pause Young (System.gc())
[144.887s][info][gc,heap        ] GC(441) PSYoungGen: 338757K->1882K(632320K)
[144.887s][info][gc,heap        ] GC(441) ParOldGen: 188624K->193345K(1398272K)
[144.887s][info][gc,metaspace   ] GC(441) Metaspace: 172803K(184636K)->172803K(184636K) NonClass: 152238K(157872K)->152238K(157872K) Class: 20565K(26764K)->20565K(26764K)
[144.887s][info][gc             ] GC(441) Pause Young (System.gc()) 515M->190M(1983M) 3.154ms
[144.887s][info][gc,cpu         ] GC(441) User=0.00s Sys=0.00s Real=0.00s
[144.887s][info][gc,start       ] GC(442) Pause Full (System.gc())
[144.887s][info][gc,phases,start] GC(442) Marking Phase
[144.942s][info][gc,phases      ] GC(442) Marking Phase 54.852ms
[144.942s][info][gc,phases,start] GC(442) Summary Phase
[144.942s][info][gc,phases      ] GC(442) Summary Phase 0.011ms
[144.942s][info][gc,phases,start] GC(442) Adjust Roots
[144.963s][info][gc,phases      ] GC(442) Adjust Roots 21.020ms
[144.963s][info][gc,phases,start] GC(442) Compaction Phase
[144.992s][info][gc,phases      ] GC(442) Compaction Phase 28.849ms
[144.992s][info][gc,phases,start] GC(442) Post Compact
[144.993s][info][gc,phases      ] GC(442) Post Compact 1.033ms
[144.993s][info][gc,heap        ] GC(442) PSYoungGen: 1882K->0K(632320K)
[144.993s][info][gc,heap        ] GC(442) ParOldGen: 193345K->126265K(1398272K)
[144.993s][info][gc,metaspace   ] GC(442) Metaspace: 172803K(184636K)->172803K(184636K) NonClass: 152238K(157872K)->152238K(157872K) Class: 20565K(26764K)->20565K(26764K)
[144.993s][info][gc             ] GC(442) Pause Full (System.gc()) 190M->123M(1983M) 106.072ms
[144.993s][info][gc,cpu         ] GC(442) User=0.09s Sys=0.00s Real=0.11s
[145.096s][info][gc,start       ] GC(443) Pause Young (Allocation Failure)
[145.098s][info][gc,heap        ] GC(443) PSYoungGen: 567476K->1369K(639488K)
[145.098s][info][gc,heap        ] GC(443) ParOldGen: 126265K->126265K(1398272K)
[145.098s][info][gc,metaspace   ] GC(443) Metaspace: 172803K(184636K)->172803K(184636K) NonClass: 152238K(157872K)->152238K(157872K) Class: 20565K(26764K)->20565K(26764K)
[145.098s][info][gc             ] GC(443) Pause Young (Allocation Failure) 677M->124M(1990M) 2.109ms
[145.098s][info][gc,cpu         ] GC(443) User=0.00s Sys=0.00s Real=0.00s
[145.209s][info][gc,start       ] GC(444) Pause Young (Allocation Failure)
[145.216s][info][gc,heap        ] GC(444) PSYoungGen: 578905K->40009K(617984K)
[145.216s][info][gc,heap        ] GC(444) ParOldGen: 126265K->126917K(1398272K)
[145.216s][info][gc,metaspace   ] GC(444) Metaspace: 172803K(184636K)->172803K(184636K) NonClass: 152238K(157872K)->152238K(157872K) Class: 20565K(26764K)->20565K(26764K)
[145.216s][info][gc             ] GC(444) Pause Young (Allocation Failure) 688M->163M(1969M) 7.475ms
[145.216s][info][gc,cpu         ] GC(444) User=0.02s Sys=0.00s Real=0.02s
[145.283s][info][gc,start       ] GC(445) Pause Young (Allocation Failure)
[145.294s][info][gc,heap        ] GC(445) PSYoungGen: 617518K->41787K(625152K)
[145.294s][info][gc,heap        ] GC(445) ParOldGen: 126917K->152515K(1398272K)
[145.294s][info][gc,metaspace   ] GC(445) Metaspace: 172803K(184636K)->172803K(184636K) NonClass: 152238K(157872K)->152238K(157872K) Class: 20565K(26764K)->20565K(26764K)
[145.294s][info][gc             ] GC(445) Pause Young (Allocation Failure) 726M->189M(1976M) 10.456ms
[145.294s][info][gc,cpu         ] GC(445) User=0.02s Sys=0.00s Real=0.02s
[145.999s][info][gc,start       ] GC(446) Pause Young (Allocation Failure)
[146.006s][info][gc,heap        ] GC(446) PSYoungGen: 601748K->7309K(629760K)
[146.006s][info][gc,heap        ] GC(446) ParOldGen: 152515K->187584K(1398272K)
[146.006s][info][gc,metaspace   ] GC(446) Metaspace: 172803K(184636K)->172803K(184636K) NonClass: 152238K(157872K)->152238K(157872K) Class: 20565K(26764K)->20565K(26764K)
[146.006s][info][gc             ] GC(446) Pause Young (Allocation Failure) 736M->190M(1980M) 7.189ms
[146.006s][info][gc,cpu         ] GC(446) User=0.00s Sys=0.00s Real=0.00s
[146.495s][info][gc,start       ] GC(447) Pause Young (System.gc())
[146.498s][info][gc,heap        ] GC(447) PSYoungGen: 353525K->1996K(634880K)
[146.498s][info][gc,heap        ] GC(447) ParOldGen: 187584K->193634K(1398272K)
[146.498s][info][gc,metaspace   ] GC(447) Metaspace: 172803K(184636K)->172803K(184636K) NonClass: 152238K(157872K)->152238K(157872K) Class: 20565K(26764K)->20565K(26764K)
[146.498s][info][gc             ] GC(447) Pause Young (System.gc()) 528M->191M(1985M) 3.403ms
[146.498s][info][gc,cpu         ] GC(447) User=0.00s Sys=0.00s Real=0.02s
[146.499s][info][gc,start       ] GC(448) Pause Full (System.gc())
[146.499s][info][gc,phases,start] GC(448) Marking Phase
[146.553s][info][gc,phases      ] GC(448) Marking Phase 54.012ms
[146.553s][info][gc,phases,start] GC(448) Summary Phase
[146.553s][info][gc,phases      ] GC(448) Summary Phase 0.011ms
[146.553s][info][gc,phases,start] GC(448) Adjust Roots
[146.574s][info][gc,phases      ] GC(448) Adjust Roots 20.884ms
[146.574s][info][gc,phases,start] GC(448) Compaction Phase
[146.593s][info][gc,phases      ] GC(448) Compaction Phase 19.382ms
[146.593s][info][gc,phases,start] GC(448) Post Compact
[146.594s][info][gc,phases      ] GC(448) Post Compact 1.114ms
[146.594s][info][gc,heap        ] GC(448) PSYoungGen: 1996K->0K(634880K)
[146.594s][info][gc,heap        ] GC(448) ParOldGen: 193634K->126086K(1398272K)
[146.594s][info][gc,metaspace   ] GC(448) Metaspace: 172803K(184636K)->172803K(184636K) NonClass: 152238K(157872K)->152238K(157872K) Class: 20565K(26764K)->20565K(26764K)
[146.594s][info][gc             ] GC(448) Pause Full (System.gc()) 191M->123M(1985M) 95.717ms
[146.594s][info][gc,cpu         ] GC(448) User=0.09s Sys=0.00s Real=0.09s
[146.703s][info][gc,start       ] GC(449) Pause Young (Allocation Failure)
[146.704s][info][gc,heap        ] GC(449) PSYoungGen: 568832K->857K(632832K)
[146.704s][info][gc,heap        ] GC(449) ParOldGen: 126086K->126086K(1398272K)
[146.704s][info][gc,metaspace   ] GC(449) Metaspace: 172803K(184636K)->172803K(184636K) NonClass: 152238K(157872K)->152238K(157872K) Class: 20565K(26764K)->20565K(26764K)
[146.704s][info][gc             ] GC(449) Pause Young (Allocation Failure) 678M->123M(1983M) 1.764ms
[146.704s][info][gc,cpu         ] GC(449) User=0.00s Sys=0.00s Real=0.00s
[146.814s][info][gc,start       ] GC(450) Pause Young (Allocation Failure)
[146.821s][info][gc,heap        ] GC(450) PSYoungGen: 569689K->34814K(631808K)
[146.821s][info][gc,heap        ] GC(450) ParOldGen: 126086K->126736K(1398272K)
[146.821s][info][gc,metaspace   ] GC(450) Metaspace: 172803K(184636K)->172803K(184636K) NonClass: 152238K(157872K)->152238K(157872K) Class: 20565K(26764K)->20565K(26764K)
[146.821s][info][gc             ] GC(450) Pause Young (Allocation Failure) 679M->157M(1982M) 6.596ms
[146.821s][info][gc,cpu         ] GC(450) User=0.00s Sys=0.00s Real=0.00s
[146.889s][info][gc,start       ] GC(451) Pause Young (Allocation Failure)
[146.898s][info][gc,heap        ] GC(451) PSYoungGen: 604670K->36111K(606208K)
[146.898s][info][gc,heap        ] GC(451) ParOldGen: 126736K->154368K(1398272K)
[146.898s][info][gc,metaspace   ] GC(451) Metaspace: 172803K(184636K)->172803K(184636K) NonClass: 152238K(157872K)->152238K(157872K) Class: 20565K(26764K)->20565K(26764K)
[146.898s][info][gc             ] GC(451) Pause Young (Allocation Failure) 714M->186M(1957M) 9.902ms
[146.899s][info][gc,cpu         ] GC(451) User=0.09s Sys=0.00s Real=0.02s
[147.613s][info][gc,start       ] GC(452) Pause Young (Allocation Failure)
[147.621s][info][gc,heap        ] GC(452) PSYoungGen: 605295K->6813K(634368K)
[147.621s][info][gc,heap        ] GC(452) ParOldGen: 154368K->188231K(1398272K)
[147.621s][info][gc,metaspace   ] GC(452) Metaspace: 172803K(184636K)->172803K(184636K) NonClass: 152238K(157872K)->152238K(157872K) Class: 20565K(26764K)->20565K(26764K)
[147.621s][info][gc             ] GC(452) Pause Young (Allocation Failure) 741M->190M(1985M) 8.059ms
[147.621s][info][gc,cpu         ] GC(452) User=0.00s Sys=0.00s Real=0.00s
[148.156s][info][gc,start       ] GC(453) Pause Young (System.gc())
[148.160s][info][gc,heap        ] GC(453) PSYoungGen: 355113K->1996K(631808K)
[148.160s][info][gc,heap        ] GC(453) ParOldGen: 188231K->193419K(1398272K)
[148.160s][info][gc,metaspace   ] GC(453) Metaspace: 172804K(184636K)->172804K(184636K) NonClass: 152239K(157872K)->152239K(157872K) Class: 20565K(26764K)->20565K(26764K)
[148.160s][info][gc             ] GC(453) Pause Young (System.gc()) 530M->190M(1982M) 3.533ms
[148.160s][info][gc,cpu         ] GC(453) User=0.00s Sys=0.00s Real=0.00s
[148.160s][info][gc,start       ] GC(454) Pause Full (System.gc())
[148.160s][info][gc,phases,start] GC(454) Marking Phase
[148.222s][info][gc,phases      ] GC(454) Marking Phase 61.799ms
[148.222s][info][gc,phases,start] GC(454) Summary Phase
[148.222s][info][gc,phases      ] GC(454) Summary Phase 0.013ms
[148.222s][info][gc,phases,start] GC(454) Adjust Roots
[148.244s][info][gc,phases      ] GC(454) Adjust Roots 21.962ms
[148.244s][info][gc,phases,start] GC(454) Compaction Phase
[148.273s][info][gc,phases      ] GC(454) Compaction Phase 28.799ms
[148.273s][info][gc,phases,start] GC(454) Post Compact
[148.274s][info][gc,phases      ] GC(454) Post Compact 1.213ms
[148.274s][info][gc,heap        ] GC(454) PSYoungGen: 1996K->0K(631808K)
[148.274s][info][gc,heap        ] GC(454) ParOldGen: 193419K->126430K(1398272K)
[148.274s][info][gc,metaspace   ] GC(454) Metaspace: 172804K(184636K)->172804K(184636K) NonClass: 152239K(157872K)->152239K(157872K) Class: 20565K(26764K)->20565K(26764K)
[148.274s][info][gc             ] GC(454) Pause Full (System.gc()) 190M->123M(1982M) 114.131ms
[148.274s][info][gc,cpu         ] GC(454) User=0.11s Sys=0.00s Real=0.12s
[148.402s][info][gc,start       ] GC(455) Pause Young (Allocation Failure)
[148.404s][info][gc,heap        ] GC(455) PSYoungGen: 567296K->1008K(638464K)
[148.404s][info][gc,heap        ] GC(455) ParOldGen: 126430K->126430K(1398272K)
[148.404s][info][gc,metaspace   ] GC(455) Metaspace: 172845K(184636K)->172845K(184636K) NonClass: 152280K(157872K)->152280K(157872K) Class: 20565K(26764K)->20565K(26764K)
[148.404s][info][gc             ] GC(455) Pause Young (Allocation Failure) 677M->124M(1989M) 1.879ms
[148.404s][info][gc,cpu         ] GC(455) User=0.00s Sys=0.00s Real=0.00s
[148.520s][info][gc,start       ] GC(456) Pause Young (Allocation Failure)
[148.527s][info][gc,heap        ] GC(456) PSYoungGen: 577008K->34013K(610304K)
[148.527s][info][gc,heap        ] GC(456) ParOldGen: 126430K->127074K(1398272K)
[148.527s][info][gc,metaspace   ] GC(456) Metaspace: 172845K(184636K)->172845K(184636K) NonClass: 152280K(157872K)->152280K(157872K) Class: 20565K(26764K)->20565K(26764K)
[148.527s][info][gc             ] GC(456) Pause Young (Allocation Failure) 686M->157M(1961M) 6.384ms
[148.527s][info][gc,cpu         ] GC(456) User=0.02s Sys=0.00s Real=0.01s
[148.607s][info][gc,start       ] GC(457) Pause Young (Allocation Failure)
[148.618s][info][gc,heap        ] GC(457) PSYoungGen: 610013K->37888K(629760K)
[148.618s][info][gc,heap        ] GC(457) ParOldGen: 127074K->155652K(1398272K)
[148.618s][info][gc,metaspace   ] GC(457) Metaspace: 172845K(184636K)->172845K(184636K) NonClass: 152280K(157872K)->152280K(157872K) Class: 20565K(26764K)->20565K(26764K)
[148.618s][info][gc             ] GC(457) Pause Young (Allocation Failure) 719M->189M(1980M) 11.464ms
[148.618s][info][gc,cpu         ] GC(457) User=0.00s Sys=0.00s Real=0.02s
[149.416s][info][gc,start       ] GC(458) Pause Young (Allocation Failure)
[149.423s][info][gc,heap        ] GC(458) PSYoungGen: 604672K->7560K(632832K)
[149.423s][info][gc,heap        ] GC(458) ParOldGen: 155652K->187301K(1398272K)
[149.423s][info][gc,metaspace   ] GC(458) Metaspace: 172845K(184636K)->172845K(184636K) NonClass: 152280K(157872K)->152280K(157872K) Class: 20565K(26764K)->20565K(26764K)
[149.423s][info][gc             ] GC(458) Pause Young (Allocation Failure) 742M->190M(1983M) 7.320ms
[149.423s][info][gc,cpu         ] GC(458) User=0.02s Sys=0.00s Real=0.02s
[149.907s][info][gc,start       ] GC(459) Pause Young (System.gc())
[149.911s][info][gc,heap        ] GC(459) PSYoungGen: 344332K->1914K(637440K)
[149.911s][info][gc,heap        ] GC(459) ParOldGen: 187301K->193569K(1398272K)
[149.911s][info][gc,metaspace   ] GC(459) Metaspace: 172845K(184636K)->172845K(184636K) NonClass: 152280K(157872K)->152280K(157872K) Class: 20565K(26764K)->20565K(26764K)
[149.911s][info][gc             ] GC(459) Pause Young (System.gc()) 519M->190M(1988M) 3.406ms
[149.911s][info][gc,cpu         ] GC(459) User=0.00s Sys=0.00s Real=0.00s
[149.911s][info][gc,start       ] GC(460) Pause Full (System.gc())
[149.911s][info][gc,phases,start] GC(460) Marking Phase
[149.967s][info][gc,phases      ] GC(460) Marking Phase 55.821ms
[149.967s][info][gc,phases,start] GC(460) Summary Phase
[149.967s][info][gc,phases      ] GC(460) Summary Phase 0.013ms
[149.967s][info][gc,phases,start] GC(460) Adjust Roots
[149.988s][info][gc,phases      ] GC(460) Adjust Roots 20.966ms
[149.988s][info][gc,phases,start] GC(460) Compaction Phase
[150.006s][info][gc,phases      ] GC(460) Compaction Phase 18.664ms
[150.007s][info][gc,phases,start] GC(460) Post Compact
[150.008s][info][gc,phases      ] GC(460) Post Compact 1.096ms
[150.008s][info][gc,heap        ] GC(460) PSYoungGen: 1914K->0K(637440K)
[150.008s][info][gc,heap        ] GC(460) ParOldGen: 193569K->125954K(1398272K)
[150.008s][info][gc,metaspace   ] GC(460) Metaspace: 172845K(184636K)->172845K(184636K) NonClass: 152280K(157872K)->152280K(157872K) Class: 20565K(26764K)->20565K(26764K)
[150.008s][info][gc             ] GC(460) Pause Full (System.gc()) 190M->123M(1988M) 96.873ms
[150.008s][info][gc,cpu         ] GC(460) User=0.08s Sys=0.00s Real=0.09s
[150.131s][info][gc,start       ] GC(461) Pause Young (Allocation Failure)
[150.133s][info][gc,heap        ] GC(461) PSYoungGen: 571682K->874K(635392K)
[150.133s][info][gc,heap        ] GC(461) ParOldGen: 125954K->125954K(1398272K)
[150.133s][info][gc,metaspace   ] GC(461) Metaspace: 172845K(184636K)->172845K(184636K) NonClass: 152280K(157872K)->152280K(157872K) Class: 20565K(26764K)->20565K(26764K)
[150.133s][info][gc             ] GC(461) Pause Young (Allocation Failure) 681M->123M(1986M) 1.985ms
[150.133s][info][gc,cpu         ] GC(461) User=0.00s Sys=0.00s Real=0.00s
[150.244s][info][gc,start       ] GC(462) Pause Young (Allocation Failure)
[150.251s][info][gc,heap        ] GC(462) PSYoungGen: 574826K->34237K(633344K)
[150.251s][info][gc,heap        ] GC(462) ParOldGen: 125954K->126727K(1398272K)
[150.251s][info][gc,metaspace   ] GC(462) Metaspace: 172845K(184636K)->172845K(184636K) NonClass: 152280K(157872K)->152280K(157872K) Class: 20565K(26764K)->20565K(26764K)
[150.251s][info][gc             ] GC(462) Pause Young (Allocation Failure) 684M->157M(1984M) 7.171ms
[150.251s][info][gc,cpu         ] GC(462) User=0.02s Sys=0.00s Real=0.02s
[150.332s][info][gc,start       ] GC(463) Pause Young (Allocation Failure)
[150.343s][info][gc,heap        ] GC(463) PSYoungGen: 608189K->37568K(611840K)
[150.343s][info][gc,heap        ] GC(463) ParOldGen: 126727K->155041K(1398272K)
[150.343s][info][gc,metaspace   ] GC(463) Metaspace: 172845K(184636K)->172845K(184636K) NonClass: 152280K(157872K)->152280K(157872K) Class: 20565K(26764K)->20565K(26764K)
[150.343s][info][gc             ] GC(463) Pause Young (Allocation Failure) 717M->188M(1963M) 11.217ms
[150.343s][info][gc,cpu         ] GC(463) User=0.05s Sys=0.00s Real=0.02s
[151.092s][info][gc,start       ] GC(464) Pause Young (Allocation Failure)
[151.099s][info][gc,heap        ] GC(464) PSYoungGen: 608091K->6934K(635904K)
[151.099s][info][gc,heap        ] GC(464) ParOldGen: 155041K->187297K(1398272K)
[151.099s][info][gc,metaspace   ] GC(464) Metaspace: 172847K(184636K)->172847K(184636K) NonClass: 152282K(157872K)->152282K(157872K) Class: 20565K(26764K)->20565K(26764K)
[151.099s][info][gc             ] GC(464) Pause Young (Allocation Failure) 745M->189M(1986M) 6.948ms
[151.099s][info][gc,cpu         ] GC(464) User=0.02s Sys=0.00s Real=0.02s
[151.584s][info][gc,start       ] GC(465) Pause Young (System.gc())
[151.588s][info][gc,heap        ] GC(465) PSYoungGen: 342029K->1874K(633344K)
[151.588s][info][gc,heap        ] GC(465) ParOldGen: 187297K->193083K(1398272K)
[151.588s][info][gc,metaspace   ] GC(465) Metaspace: 172847K(184636K)->172847K(184636K) NonClass: 152282K(157872K)->152282K(157872K) Class: 20565K(26764K)->20565K(26764K)
[151.588s][info][gc             ] GC(465) Pause Young (System.gc()) 516M->190M(1984M) 4.219ms
[151.588s][info][gc,cpu         ] GC(465) User=0.00s Sys=0.00s Real=0.00s
[151.588s][info][gc,start       ] GC(466) Pause Full (System.gc())
[151.588s][info][gc,phases,start] GC(466) Marking Phase
[151.647s][info][gc,phases      ] GC(466) Marking Phase 59.226ms
[151.647s][info][gc,phases,start] GC(466) Summary Phase
[151.647s][info][gc,phases      ] GC(466) Summary Phase 0.012ms
[151.647s][info][gc,phases,start] GC(466) Adjust Roots
[151.669s][info][gc,phases      ] GC(466) Adjust Roots 21.492ms
[151.669s][info][gc,phases,start] GC(466) Compaction Phase
[151.694s][info][gc,phases      ] GC(466) Compaction Phase 25.267ms
[151.694s][info][gc,phases,start] GC(466) Post Compact
[151.695s][info][gc,phases      ] GC(466) Post Compact 1.086ms
[151.695s][info][gc,heap        ] GC(466) PSYoungGen: 1874K->0K(633344K)
[151.695s][info][gc,heap        ] GC(466) ParOldGen: 193083K->126208K(1398272K)
[151.695s][info][gc,metaspace   ] GC(466) Metaspace: 172847K(184636K)->172847K(184636K) NonClass: 152282K(157872K)->152282K(157872K) Class: 20565K(26764K)->20565K(26764K)
[151.695s][info][gc             ] GC(466) Pause Full (System.gc()) 190M->123M(1984M) 107.353ms
[151.696s][info][gc,cpu         ] GC(466) User=0.08s Sys=0.00s Real=0.11s
[151.817s][info][gc,start       ] GC(467) Pause Young (Allocation Failure)
[151.819s][info][gc,heap        ] GC(467) PSYoungGen: 570368K->857K(640000K)
[151.819s][info][gc,heap        ] GC(467) ParOldGen: 126208K->126208K(1398272K)
[151.819s][info][gc,metaspace   ] GC(467) Metaspace: 172847K(184636K)->172847K(184636K) NonClass: 152282K(157872K)->152282K(157872K) Class: 20565K(26764K)->20565K(26764K)
[151.819s][info][gc             ] GC(467) Pause Young (Allocation Failure) 680M->124M(1990M) 2.279ms
[151.819s][info][gc,cpu         ] GC(467) User=0.02s Sys=0.00s Real=0.02s
[151.928s][info][gc,start       ] GC(468) Pause Young (Allocation Failure)
[151.935s][info][gc,heap        ] GC(468) PSYoungGen: 579929K->34872K(614400K)
[151.935s][info][gc,heap        ] GC(468) ParOldGen: 126208K->126860K(1398272K)
[151.935s][info][gc,metaspace   ] GC(468) Metaspace: 172847K(184636K)->172847K(184636K) NonClass: 152282K(157872K)->152282K(157872K) Class: 20565K(26764K)->20565K(26764K)
[151.935s][info][gc             ] GC(468) Pause Young (Allocation Failure) 689M->157M(1965M) 6.887ms
[151.935s][info][gc,cpu         ] GC(468) User=0.02s Sys=0.00s Real=0.00s
[152.004s][info][gc,start       ] GC(469) Pause Young (Allocation Failure)
[152.014s][info][gc,heap        ] GC(469) PSYoungGen: 613944K->35187K(632320K)
[152.014s][info][gc,heap        ] GC(469) ParOldGen: 126860K->155488K(1398272K)
[152.014s][info][gc,metaspace   ] GC(469) Metaspace: 172847K(184636K)->172847K(184636K) NonClass: 152282K(157872K)->152282K(157872K) Class: 20565K(26764K)->20565K(26764K)
[152.014s][info][gc             ] GC(469) Pause Young (Allocation Failure) 723M->186M(1983M) 9.866ms
[152.014s][info][gc,cpu         ] GC(469) User=0.02s Sys=0.00s Real=0.02s
[152.774s][info][gc,start       ] GC(470) Pause Young (Allocation Failure)
[152.781s][info][gc,heap        ] GC(470) PSYoungGen: 601562K->4985K(634368K)
[152.781s][info][gc,heap        ] GC(470) ParOldGen: 155488K->189828K(1398272K)
[152.781s][info][gc,metaspace   ] GC(470) Metaspace: 172847K(184636K)->172847K(184636K) NonClass: 152282K(157872K)->152282K(157872K) Class: 20565K(26764K)->20565K(26764K)
[152.781s][info][gc             ] GC(470) Pause Young (Allocation Failure) 739M->190M(1985M) 6.909ms
[152.781s][info][gc,cpu         ] GC(470) User=0.02s Sys=0.00s Real=0.02s
[153.254s][info][gc,start       ] GC(471) Pause Young (System.gc())
[153.257s][info][gc,heap        ] GC(471) PSYoungGen: 339744K->1882K(638464K)
[153.257s][info][gc,heap        ] GC(471) ParOldGen: 189828K->193629K(1398272K)
[153.257s][info][gc,metaspace   ] GC(471) Metaspace: 172847K(184636K)->172847K(184636K) NonClass: 152282K(157872K)->152282K(157872K) Class: 20565K(26764K)->20565K(26764K)
[153.257s][info][gc             ] GC(471) Pause Young (System.gc()) 517M->190M(1989M) 3.127ms
[153.258s][info][gc,cpu         ] GC(471) User=0.00s Sys=0.00s Real=0.01s
[153.258s][info][gc,start       ] GC(472) Pause Full (System.gc())
[153.258s][info][gc,phases,start] GC(472) Marking Phase
[153.315s][info][gc,phases      ] GC(472) Marking Phase 57.770ms
[153.315s][info][gc,phases,start] GC(472) Summary Phase
[153.315s][info][gc,phases      ] GC(472) Summary Phase 0.012ms
[153.315s][info][gc,phases,start] GC(472) Adjust Roots
[153.337s][info][gc,phases      ] GC(472) Adjust Roots 21.183ms
[153.337s][info][gc,phases,start] GC(472) Compaction Phase
[153.359s][info][gc,phases      ] GC(472) Compaction Phase 22.000ms
[153.359s][info][gc,phases,start] GC(472) Post Compact
[153.360s][info][gc,phases      ] GC(472) Post Compact 1.226ms
[153.360s][info][gc,heap        ] GC(472) PSYoungGen: 1882K->0K(638464K)
[153.360s][info][gc,heap        ] GC(472) ParOldGen: 193629K->126466K(1398272K)
[153.360s][info][gc,metaspace   ] GC(472) Metaspace: 172847K(184636K)->172847K(184636K) NonClass: 152282K(157872K)->152282K(157872K) Class: 20565K(26764K)->20565K(26764K)
[153.360s][info][gc             ] GC(472) Pause Full (System.gc()) 190M->123M(1989M) 102.524ms
[153.360s][info][gc,cpu         ] GC(472) User=0.08s Sys=0.00s Real=0.10s
[153.481s][info][gc,start       ] GC(473) Pause Young (Allocation Failure)
[153.483s][info][gc,heap        ] GC(473) PSYoungGen: 573436K->938K(636416K)
[153.483s][info][gc,heap        ] GC(473) ParOldGen: 126466K->126474K(1398272K)
[153.483s][info][gc,metaspace   ] GC(473) Metaspace: 172850K(184636K)->172850K(184636K) NonClass: 152285K(157872K)->152285K(157872K) Class: 20565K(26764K)->20565K(26764K)
[153.483s][info][gc             ] GC(473) Pause Young (Allocation Failure) 683M->124M(1987M) 1.868ms
[153.483s][info][gc,cpu         ] GC(473) User=0.00s Sys=0.00s Real=0.02s
[153.587s][info][gc,start       ] GC(474) Pause Young (Allocation Failure)
[153.594s][info][gc,heap        ] GC(474) PSYoungGen: 576938K->38610K(631296K)
[153.595s][info][gc,heap        ] GC(474) ParOldGen: 126474K->127190K(1398272K)
[153.595s][info][gc,metaspace   ] GC(474) Metaspace: 172850K(184636K)->172850K(184636K) NonClass: 152285K(157872K)->152285K(157872K) Class: 20565K(26764K)->20565K(26764K)
[153.595s][info][gc             ] GC(474) Pause Young (Allocation Failure) 686M->161M(1982M) 7.262ms
[153.595s][info][gc,cpu         ] GC(474) User=0.02s Sys=0.00s Real=0.01s
[153.664s][info][gc,start       ] GC(475) Pause Young (Allocation Failure)
[153.674s][info][gc,heap        ] GC(475) PSYoungGen: 611538K->39511K(612864K)
[153.674s][info][gc,heap        ] GC(475) ParOldGen: 127190K->153737K(1398272K)
[153.674s][info][gc,metaspace   ] GC(475) Metaspace: 172850K(184636K)->172850K(184636K) NonClass: 152285K(157872K)->152285K(157872K) Class: 20565K(26764K)->20565K(26764K)
[153.674s][info][gc             ] GC(475) Pause Young (Allocation Failure) 721M->188M(1964M) 10.229ms
[153.674s][info][gc,cpu         ] GC(475) User=0.02s Sys=0.00s Real=0.01s
[154.421s][info][gc,start       ] GC(476) Pause Young (Allocation Failure)
[154.428s][info][gc,heap        ] GC(476) PSYoungGen: 608935K->6764K(634880K)
[154.428s][info][gc,heap        ] GC(476) ParOldGen: 153737K->188237K(1398272K)
[154.428s][info][gc,metaspace   ] GC(476) Metaspace: 172850K(184636K)->172850K(184636K) NonClass: 152285K(157872K)->152285K(157872K) Class: 20565K(26764K)->20565K(26764K)
[154.428s][info][gc             ] GC(476) Pause Young (Allocation Failure) 744M->190M(1985M) 7.271ms
[154.428s][info][gc,cpu         ] GC(476) User=0.03s Sys=0.00s Real=0.02s
[154.907s][info][gc,start       ] GC(477) Pause Young (System.gc())
[154.910s][info][gc,heap        ] GC(477) PSYoungGen: 340650K->1882K(631808K)
[154.910s][info][gc,heap        ] GC(477) ParOldGen: 188237K->193872K(1398272K)
[154.910s][info][gc,metaspace   ] GC(477) Metaspace: 172865K(184636K)->172865K(184636K) NonClass: 152299K(157872K)->152299K(157872K) Class: 20565K(26764K)->20565K(26764K)
[154.910s][info][gc             ] GC(477) Pause Young (System.gc()) 516M->191M(1982M) 3.221ms
[154.910s][info][gc,cpu         ] GC(477) User=0.00s Sys=0.00s Real=0.02s
[154.911s][info][gc,start       ] GC(478) Pause Full (System.gc())
[154.911s][info][gc,phases,start] GC(478) Marking Phase
[154.965s][info][gc,phases      ] GC(478) Marking Phase 54.801ms
[154.965s][info][gc,phases,start] GC(478) Summary Phase
[154.965s][info][gc,phases      ] GC(478) Summary Phase 0.011ms
[154.965s][info][gc,phases,start] GC(478) Adjust Roots
[154.986s][info][gc,phases      ] GC(478) Adjust Roots 20.943ms
[154.986s][info][gc,phases,start] GC(478) Compaction Phase
[155.013s][info][gc,phases      ] GC(478) Compaction Phase 27.008ms
[155.013s][info][gc,phases,start] GC(478) Post Compact
[155.015s][info][gc,phases      ] GC(478) Post Compact 1.038ms
[155.015s][info][gc,heap        ] GC(478) PSYoungGen: 1882K->0K(631808K)
[155.015s][info][gc,heap        ] GC(478) ParOldGen: 193872K->126119K(1398272K)
[155.015s][info][gc,metaspace   ] GC(478) Metaspace: 172865K(184636K)->172865K(184636K) NonClass: 152299K(157872K)->152299K(157872K) Class: 20565K(26764K)->20565K(26764K)
[155.015s][info][gc             ] GC(478) Pause Full (System.gc()) 191M->123M(1982M) 104.105ms
[155.015s][info][gc,cpu         ] GC(478) User=0.12s Sys=0.00s Real=0.10s
[155.120s][info][gc,start       ] GC(479) Pause Young (Allocation Failure)
[155.122s][info][gc,heap        ] GC(479) PSYoungGen: 567808K->976K(638464K)
[155.122s][info][gc,heap        ] GC(479) ParOldGen: 126119K->126119K(1398272K)
[155.122s][info][gc,metaspace   ] GC(479) Metaspace: 172865K(184636K)->172865K(184636K) NonClass: 152299K(157872K)->152299K(157872K) Class: 20565K(26764K)->20565K(26764K)
[155.122s][info][gc             ] GC(479) Pause Young (Allocation Failure) 677M->124M(1989M) 1.933ms
[155.122s][info][gc,cpu         ] GC(479) User=0.00s Sys=0.00s Real=0.00s
[155.232s][info][gc,start       ] GC(480) Pause Young (Allocation Failure)
[155.238s][info][gc,heap        ] GC(480) PSYoungGen: 577488K->34039K(610816K)
[155.238s][info][gc,heap        ] GC(480) ParOldGen: 126119K->126768K(1398272K)
[155.238s][info][gc,metaspace   ] GC(480) Metaspace: 172865K(184636K)->172865K(184636K) NonClass: 152299K(157872K)->152299K(157872K) Class: 20565K(26764K)->20565K(26764K)
[155.238s][info][gc             ] GC(480) Pause Young (Allocation Failure) 687M->157M(1962M) 6.292ms
[155.238s][info][gc,cpu         ] GC(480) User=0.00s Sys=0.00s Real=0.00s
[155.305s][info][gc,start       ] GC(481) Pause Young (Allocation Failure)
[155.315s][info][gc,heap        ] GC(481) PSYoungGen: 610077K->38746K(628736K)
[155.315s][info][gc,heap        ] GC(481) ParOldGen: 126768K->155408K(1398272K)
[155.315s][info][gc,metaspace   ] GC(481) Metaspace: 172865K(184636K)->172865K(184636K) NonClass: 152299K(157872K)->152299K(157872K) Class: 20565K(26764K)->20565K(26764K)
[155.315s][info][gc             ] GC(481) Pause Young (Allocation Failure) 719M->189M(1979M) 10.147ms
[155.315s][info][gc,cpu         ] GC(481) User=0.00s Sys=0.00s Real=0.00s
[156.023s][info][gc,start       ] GC(482) Pause Young (Allocation Failure)
[156.030s][info][gc,heap        ] GC(482) PSYoungGen: 602835K->7827K(632320K)
[156.031s][info][gc,heap        ] GC(482) ParOldGen: 155408K->186839K(1398272K)
[156.031s][info][gc,metaspace   ] GC(482) Metaspace: 172865K(184636K)->172865K(184636K) NonClass: 152299K(157872K)->152299K(157872K) Class: 20565K(26764K)->20565K(26764K)
[156.031s][info][gc             ] GC(482) Pause Young (Allocation Failure) 740M->190M(1983M) 7.200ms
[156.031s][info][gc,cpu         ] GC(482) User=0.02s Sys=0.00s Real=0.02s
[157.614s][info][gc,start       ] GC(483) Pause Young (System.gc())
[157.629s][info][gc,heap        ] GC(483) PSYoungGen: 348049K->1929K(637440K)
[157.629s][info][gc,heap        ] GC(483) ParOldGen: 186839K->193535K(1398272K)
[157.629s][info][gc,metaspace   ] GC(483) Metaspace: 172866K(184636K)->172866K(184636K) NonClass: 152300K(157872K)->152300K(157872K) Class: 20565K(26764K)->20565K(26764K)
[157.630s][info][gc             ] GC(483) Pause Young (System.gc()) 522M->190M(1988M) 15.638ms
[157.630s][info][gc,cpu         ] GC(483) User=0.02s Sys=0.00s Real=0.01s
[157.630s][info][gc,start       ] GC(484) Pause Full (System.gc())
[157.630s][info][gc,phases,start] GC(484) Marking Phase
[157.961s][info][gc,phases      ] GC(484) Marking Phase 330.934ms
[157.962s][info][gc,phases,start] GC(484) Summary Phase
[157.962s][info][gc,phases      ] GC(484) Summary Phase 0.098ms
[157.962s][info][gc,phases,start] GC(484) Adjust Roots
[158.128s][info][gc,phases      ] GC(484) Adjust Roots 166.556ms
[158.129s][info][gc,phases,start] GC(484) Compaction Phase
[158.358s][info][gc,phases      ] GC(484) Compaction Phase 229.598ms
[158.359s][info][gc,phases,start] GC(484) Post Compact
[158.362s][info][gc,phases      ] GC(484) Post Compact 3.282ms
[158.362s][info][gc,heap        ] GC(484) PSYoungGen: 1929K->0K(637440K)
[158.362s][info][gc,heap        ] GC(484) ParOldGen: 193535K->126637K(1398272K)
[158.362s][info][gc,metaspace   ] GC(484) Metaspace: 172866K(184636K)->172866K(184636K) NonClass: 152300K(157872K)->152300K(157872K) Class: 20565K(26764K)->20565K(26764K)
[158.362s][info][gc             ] GC(484) Pause Full (System.gc()) 190M->123M(1988M) 732.003ms
[158.363s][info][gc,cpu         ] GC(484) User=1.72s Sys=0.03s Real=0.72s
[159.249s][info][gc,start       ] GC(485) Pause Young (Allocation Failure)
[159.261s][info][gc,heap        ] GC(485) PSYoungGen: 571802K->874K(635392K)
[159.261s][info][gc,heap        ] GC(485) ParOldGen: 126637K->126637K(1398272K)
[159.261s][info][gc,metaspace   ] GC(485) Metaspace: 172866K(184636K)->172866K(184636K) NonClass: 152300K(157872K)->152300K(157872K) Class: 20565K(26764K)->20565K(26764K)
[159.261s][info][gc             ] GC(485) Pause Young (Allocation Failure) 682M->124M(1986M) 12.173ms
[159.262s][info][gc,cpu         ] GC(485) User=0.00s Sys=0.00s Real=0.02s
[159.516s][info][gc,start       ] GC(486) Pause Young (Allocation Failure)
[159.522s][info][gc,heap        ] GC(486) PSYoungGen: 574826K->33896K(633856K)
[159.522s][info][gc,heap        ] GC(486) ParOldGen: 126637K->127349K(1398272K)
[159.522s][info][gc,metaspace   ] GC(486) Metaspace: 172866K(184636K)->172866K(184636K) NonClass: 152300K(157872K)->152300K(157872K) Class: 20565K(26764K)->20565K(26764K)
[159.522s][info][gc             ] GC(486) Pause Young (Allocation Failure) 685M->157M(1984M) 6.320ms
[159.522s][info][gc,cpu         ] GC(486) User=0.00s Sys=0.00s Real=0.00s
[159.598s][info][gc,start       ] GC(487) Pause Young (Allocation Failure)
[159.608s][info][gc,heap        ] GC(487) PSYoungGen: 607325K->36839K(610816K)
[159.608s][info][gc,heap        ] GC(487) ParOldGen: 127349K->155800K(1398272K)
[159.608s][info][gc,metaspace   ] GC(487) Metaspace: 172866K(184636K)->172866K(184636K) NonClass: 152300K(157872K)->152300K(157872K) Class: 20565K(26764K)->20565K(26764K)
[159.608s][info][gc             ] GC(487) Pause Young (Allocation Failure) 717M->188M(1962M) 10.334ms
[159.608s][info][gc,cpu         ] GC(487) User=0.02s Sys=0.02s Real=0.02s
[160.379s][info][gc,start       ] GC(488) Pause Young (Allocation Failure)
[160.386s][info][gc,heap        ] GC(488) PSYoungGen: 610122K->6931K(636416K)
[160.386s][info][gc,heap        ] GC(488) ParOldGen: 155800K->187859K(1398272K)
[160.386s][info][gc,metaspace   ] GC(488) Metaspace: 172866K(184636K)->172866K(184636K) NonClass: 152300K(157872K)->152300K(157872K) Class: 20565K(26764K)->20565K(26764K)
[160.386s][info][gc             ] GC(488) Pause Young (Allocation Failure) 747M->190M(1987M) 6.798ms
[160.386s][info][gc,cpu         ] GC(488) User=0.00s Sys=0.00s Real=0.00s
[160.889s][info][gc,start       ] GC(489) Pause Young (System.gc())
[160.892s][info][gc,heap        ] GC(489) PSYoungGen: 341258K->1851K(633344K)
[160.892s][info][gc,heap        ] GC(489) ParOldGen: 187859K->193651K(1398272K)
[160.892s][info][gc,metaspace   ] GC(489) Metaspace: 172866K(184636K)->172866K(184636K) NonClass: 152300K(157872K)->152300K(157872K) Class: 20565K(26764K)->20565K(26764K)
[160.892s][info][gc             ] GC(489) Pause Young (System.gc()) 516M->190M(1984M) 3.076ms
[160.892s][info][gc,cpu         ] GC(489) User=0.00s Sys=0.00s Real=0.02s
[160.892s][info][gc,start       ] GC(490) Pause Full (System.gc())
[160.892s][info][gc,phases,start] GC(490) Marking Phase
[160.948s][info][gc,phases      ] GC(490) Marking Phase 55.580ms
[160.948s][info][gc,phases,start] GC(490) Summary Phase
[160.948s][info][gc,phases      ] GC(490) Summary Phase 0.012ms
[160.948s][info][gc,phases,start] GC(490) Adjust Roots
[160.969s][info][gc,phases      ] GC(490) Adjust Roots 21.123ms
[160.969s][info][gc,phases,start] GC(490) Compaction Phase
[160.988s][info][gc,phases      ] GC(490) Compaction Phase 18.906ms
[160.988s][info][gc,phases,start] GC(490) Post Compact
[160.989s][info][gc,phases      ] GC(490) Post Compact 1.023ms
[160.989s][info][gc,heap        ] GC(490) PSYoungGen: 1851K->0K(633344K)
[160.989s][info][gc,heap        ] GC(490) ParOldGen: 193651K->126072K(1398272K)
[160.989s][info][gc,metaspace   ] GC(490) Metaspace: 172866K(184636K)->172866K(184636K) NonClass: 152300K(157872K)->152300K(157872K) Class: 20565K(26764K)->20565K(26764K)
[160.989s][info][gc             ] GC(490) Pause Full (System.gc()) 190M->123M(1984M) 96.947ms
[160.989s][info][gc,cpu         ] GC(490) User=0.16s Sys=0.00s Real=0.09s
[161.101s][info][gc,start       ] GC(491) Pause Young (Allocation Failure)
[161.103s][info][gc,heap        ] GC(491) PSYoungGen: 570880K->912K(640000K)
[161.103s][info][gc,heap        ] GC(491) ParOldGen: 126072K->126072K(1398272K)
[161.103s][info][gc,metaspace   ] GC(491) Metaspace: 172868K(184636K)->172868K(184636K) NonClass: 152303K(157872K)->152303K(157872K) Class: 20565K(26764K)->20565K(26764K)
[161.103s][info][gc             ] GC(491) Pause Young (Allocation Failure) 680M->124M(1990M) 2.222ms
[161.103s][info][gc,cpu         ] GC(491) User=0.00s Sys=0.00s Real=0.00s
[161.215s][info][gc,start       ] GC(492) Pause Young (Allocation Failure)
[161.221s][info][gc,heap        ] GC(492) PSYoungGen: 579984K->35572K(614912K)
[161.221s][info][gc,heap        ] GC(492) ParOldGen: 126072K->126721K(1398272K)
[161.221s][info][gc,metaspace   ] GC(492) Metaspace: 172868K(184636K)->172868K(184636K) NonClass: 152303K(157872K)->152303K(157872K) Class: 20565K(26764K)->20565K(26764K)
[161.221s][info][gc             ] GC(492) Pause Young (Allocation Failure) 689M->158M(1966M) 6.501ms
[161.221s][info][gc,cpu         ] GC(492) User=0.02s Sys=0.00s Real=0.00s
[161.306s][info][gc,start       ] GC(493) Pause Young (Allocation Failure)
[161.316s][info][gc,heap        ] GC(493) PSYoungGen: 614644K->36187K(631296K)
[161.316s][info][gc,heap        ] GC(493) ParOldGen: 126721K->154027K(1398272K)
[161.316s][info][gc,metaspace   ] GC(493) Metaspace: 172868K(184636K)->172868K(184636K) NonClass: 152303K(157872K)->152303K(157872K) Class: 20565K(26764K)->20565K(26764K)
[161.316s][info][gc             ] GC(493) Pause Young (Allocation Failure) 723M->185M(1982M) 9.923ms
[161.316s][info][gc,cpu         ] GC(493) User=0.00s Sys=0.00s Real=0.02s
[162.049s][info][gc,start       ] GC(494) Pause Young (Allocation Failure)
[162.056s][info][gc,heap        ] GC(494) PSYoungGen: 605019K->5807K(633856K)
[162.056s][info][gc,heap        ] GC(494) ParOldGen: 154027K->188555K(1398272K)
[162.056s][info][gc,metaspace   ] GC(494) Metaspace: 172868K(184636K)->172868K(184636K) NonClass: 152303K(157872K)->152303K(157872K) Class: 20565K(26764K)->20565K(26764K)
[162.056s][info][gc             ] GC(494) Pause Young (Allocation Failure) 741M->189M(1984M) 7.209ms
[162.056s][info][gc,cpu         ] GC(494) User=0.02s Sys=0.00s Real=0.02s
[162.520s][info][gc,start       ] GC(495) Pause Young (System.gc())
[162.523s][info][gc,heap        ] GC(495) PSYoungGen: 335424K->1891K(638464K)
[162.523s][info][gc,heap        ] GC(495) ParOldGen: 188555K->192937K(1398272K)
[162.523s][info][gc,metaspace   ] GC(495) Metaspace: 172872K(184636K)->172872K(184636K) NonClass: 152306K(157872K)->152306K(157872K) Class: 20565K(26764K)->20565K(26764K)
[162.523s][info][gc             ] GC(495) Pause Young (System.gc()) 511M->190M(1989M) 2.845ms
[162.523s][info][gc,cpu         ] GC(495) User=0.00s Sys=0.00s Real=0.00s
[162.523s][info][gc,start       ] GC(496) Pause Full (System.gc())
[162.523s][info][gc,phases,start] GC(496) Marking Phase
[162.577s][info][gc,phases      ] GC(496) Marking Phase 54.079ms
[162.577s][info][gc,phases,start] GC(496) Summary Phase
[162.577s][info][gc,phases      ] GC(496) Summary Phase 0.011ms
[162.577s][info][gc,phases,start] GC(496) Adjust Roots
[162.598s][info][gc,phases      ] GC(496) Adjust Roots 21.108ms
[162.598s][info][gc,phases,start] GC(496) Compaction Phase
[162.621s][info][gc,phases      ] GC(496) Compaction Phase 23.262ms
[162.621s][info][gc,phases,start] GC(496) Post Compact
[162.623s][info][gc,phases      ] GC(496) Post Compact 1.046ms
[162.623s][info][gc,heap        ] GC(496) PSYoungGen: 1891K->0K(638464K)
[162.623s][info][gc,heap        ] GC(496) ParOldGen: 192937K->126408K(1398272K)
[162.623s][info][gc,metaspace   ] GC(496) Metaspace: 172872K(184636K)->172872K(184636K) NonClass: 152306K(157872K)->152306K(157872K) Class: 20565K(26764K)->20565K(26764K)
[162.623s][info][gc             ] GC(496) Pause Full (System.gc()) 190M->123M(1989M) 99.814ms
[162.623s][info][gc,cpu         ] GC(496) User=0.14s Sys=0.00s Real=0.11s
[162.730s][info][gc,start       ] GC(497) Pause Young (Allocation Failure)
[162.732s][info][gc,heap        ] GC(497) PSYoungGen: 572572K->915K(636416K)
[162.732s][info][gc,heap        ] GC(497) ParOldGen: 126408K->126408K(1398272K)
[162.732s][info][gc,metaspace   ] GC(497) Metaspace: 172872K(184636K)->172872K(184636K) NonClass: 152306K(157872K)->152306K(157872K) Class: 20565K(26764K)->20565K(26764K)
[162.732s][info][gc             ] GC(497) Pause Young (Allocation Failure) 682M->124M(1987M) 1.937ms
[162.732s][info][gc,cpu         ] GC(497) User=0.00s Sys=0.00s Real=0.00s
[162.836s][info][gc,start       ] GC(498) Pause Young (Allocation Failure)
[162.843s][info][gc,heap        ] GC(498) PSYoungGen: 576915K->40176K(629760K)
[162.843s][info][gc,heap        ] GC(498) ParOldGen: 126408K->127174K(1398272K)
[162.843s][info][gc,metaspace   ] GC(498) Metaspace: 172872K(184636K)->172872K(184636K) NonClass: 152306K(157872K)->152306K(157872K) Class: 20565K(26764K)->20565K(26764K)
[162.843s][info][gc             ] GC(498) Pause Young (Allocation Failure) 686M->163M(1980M) 7.601ms
[162.843s][info][gc,cpu         ] GC(498) User=0.02s Sys=0.00s Real=0.02s
[162.910s][info][gc,start       ] GC(499) Pause Young (Allocation Failure)
[162.920s][info][gc,heap        ] GC(499) PSYoungGen: 610611K->40363K(611328K)
[162.920s][info][gc,heap        ] GC(499) ParOldGen: 127174K->152694K(1398272K)
[162.920s][info][gc,metaspace   ] GC(499) Metaspace: 172872K(184636K)->172872K(184636K) NonClass: 152306K(157872K)->152306K(157872K) Class: 20565K(26764K)->20565K(26764K)
[162.920s][info][gc             ] GC(499) Pause Young (Allocation Failure) 720M->188M(1962M) 10.123ms
[162.920s][info][gc,cpu         ] GC(499) User=0.02s Sys=0.00s Real=0.02s
[163.622s][info][gc,start       ] GC(500) Pause Young (Allocation Failure)
[163.630s][info][gc,heap        ] GC(500) PSYoungGen: 609983K->7426K(633856K)
[163.630s][info][gc,heap        ] GC(500) ParOldGen: 152694K->187604K(1398272K)
[163.630s][info][gc,metaspace   ] GC(500) Metaspace: 172872K(184636K)->172872K(184636K) NonClass: 152306K(157872K)->152306K(157872K) Class: 20565K(26764K)->20565K(26764K)
[163.630s][info][gc             ] GC(500) Pause Young (Allocation Failure) 744M->190M(1984M) 7.212ms
[163.630s][info][gc,cpu         ] GC(500) User=0.00s Sys=0.00s Real=0.02s
[164.121s][info][gc,start       ] GC(501) Pause Young (System.gc())
[164.124s][info][gc,heap        ] GC(501) PSYoungGen: 350221K->1883K(630784K)
[164.124s][info][gc,heap        ] GC(501) ParOldGen: 187604K->193881K(1398272K)
[164.124s][info][gc,metaspace   ] GC(501) Metaspace: 172872K(184636K)->172872K(184636K) NonClass: 152306K(157872K)->152306K(157872K) Class: 20565K(26764K)->20565K(26764K)
[164.124s][info][gc             ] GC(501) Pause Young (System.gc()) 525M->191M(1981M) 3.239ms
[164.124s][info][gc,cpu         ] GC(501) User=0.00s Sys=0.00s Real=0.00s
[164.124s][info][gc,start       ] GC(502) Pause Full (System.gc())
[164.124s][info][gc,phases,start] GC(502) Marking Phase
[164.181s][info][gc,phases      ] GC(502) Marking Phase 56.869ms
[164.181s][info][gc,phases,start] GC(502) Summary Phase
[164.181s][info][gc,phases      ] GC(502) Summary Phase 0.012ms
[164.181s][info][gc,phases,start] GC(502) Adjust Roots
[164.202s][info][gc,phases      ] GC(502) Adjust Roots 21.300ms
[164.202s][info][gc,phases,start] GC(502) Compaction Phase
[164.221s][info][gc,phases      ] GC(502) Compaction Phase 18.190ms
[164.221s][info][gc,phases,start] GC(502) Post Compact
[164.222s][info][gc,phases      ] GC(502) Post Compact 1.157ms
[164.222s][info][gc,heap        ] GC(502) PSYoungGen: 1883K->0K(630784K)
[164.222s][info][gc,heap        ] GC(502) ParOldGen: 193881K->126178K(1398272K)
[164.222s][info][gc,metaspace   ] GC(502) Metaspace: 172872K(184636K)->172872K(184636K) NonClass: 152306K(157872K)->152306K(157872K) Class: 20565K(26764K)->20565K(26764K)
[164.222s][info][gc             ] GC(502) Pause Full (System.gc()) 191M->123M(1981M) 97.835ms
[164.222s][info][gc,cpu         ] GC(502) User=0.09s Sys=0.02s Real=0.11s
[164.335s][info][gc,start       ] GC(503) Pause Young (Allocation Failure)
[164.337s][info][gc,heap        ] GC(503) PSYoungGen: 565760K->953K(637952K)
[164.337s][info][gc,heap        ] GC(503) ParOldGen: 126178K->126186K(1398272K)
[164.337s][info][gc,metaspace   ] GC(503) Metaspace: 172901K(184636K)->172901K(184636K) NonClass: 152336K(157872K)->152336K(157872K) Class: 20565K(26764K)->20565K(26764K)
[164.337s][info][gc             ] GC(503) Pause Young (Allocation Failure) 675M->124M(1988M) 2.136ms
[164.337s][info][gc,cpu         ] GC(503) User=0.00s Sys=0.00s Real=0.00s
[164.446s][info][gc,start       ] GC(504) Pause Young (Allocation Failure)
[164.452s][info][gc,heap        ] GC(504) PSYoungGen: 575929K->33807K(609280K)
[164.452s][info][gc,heap        ] GC(504) ParOldGen: 126186K->126893K(1398272K)
[164.452s][info][gc,metaspace   ] GC(504) Metaspace: 172901K(184636K)->172901K(184636K) NonClass: 152336K(157872K)->152336K(157872K) Class: 20565K(26764K)->20565K(26764K)
[164.452s][info][gc             ] GC(504) Pause Young (Allocation Failure) 685M->156M(1960M) 6.666ms
[164.452s][info][gc,cpu         ] GC(504) User=0.00s Sys=0.00s Real=0.00s
[164.518s][info][gc,start       ] GC(505) Pause Young (Allocation Failure)
[164.528s][info][gc,heap        ] GC(505) PSYoungGen: 608783K->39009K(628224K)
[164.528s][info][gc,heap        ] GC(505) ParOldGen: 126893K->155523K(1398272K)
[164.528s][info][gc,metaspace   ] GC(505) Metaspace: 172903K(184636K)->172903K(184636K) NonClass: 152338K(157872K)->152338K(157872K) Class: 20565K(26764K)->20565K(26764K)
[164.528s][info][gc             ] GC(505) Pause Young (Allocation Failure) 718M->189M(1979M) 10.533ms
[164.528s][info][gc,cpu         ] GC(505) User=0.00s Sys=0.00s Real=0.00s
[165.258s][info][gc,start       ] GC(506) Pause Young (Allocation Failure)
[165.266s][info][gc,heap        ] GC(506) PSYoungGen: 603745K->8724K(631808K)
[165.266s][info][gc,heap        ] GC(506) ParOldGen: 155523K->186663K(1398272K)
[165.266s][info][gc,metaspace   ] GC(506) Metaspace: 172903K(184636K)->172903K(184636K) NonClass: 152338K(157872K)->152338K(157872K) Class: 20565K(26764K)->20565K(26764K)
[165.266s][info][gc             ] GC(506) Pause Young (Allocation Failure) 741M->190M(1982M) 7.611ms
[165.266s][info][gc,cpu         ] GC(506) User=0.00s Sys=0.00s Real=0.00s
[165.761s][info][gc,start       ] GC(507) Pause Young (System.gc())
[165.764s][info][gc,heap        ] GC(507) PSYoungGen: 356306K->1996K(636928K)
[165.764s][info][gc,heap        ] GC(507) ParOldGen: 186663K->193657K(1398272K)
[165.764s][info][gc,metaspace   ] GC(507) Metaspace: 172903K(184636K)->172903K(184636K) NonClass: 152338K(157872K)->152338K(157872K) Class: 20565K(26764K)->20565K(26764K)
[165.764s][info][gc             ] GC(507) Pause Young (System.gc()) 530M->191M(1987M) 3.406ms
[165.764s][info][gc,cpu         ] GC(507) User=0.00s Sys=0.00s Real=0.00s
[165.764s][info][gc,start       ] GC(508) Pause Full (System.gc())
[165.764s][info][gc,phases,start] GC(508) Marking Phase
[165.818s][info][gc,phases      ] GC(508) Marking Phase 53.615ms
[165.818s][info][gc,phases,start] GC(508) Summary Phase
[165.818s][info][gc,phases      ] GC(508) Summary Phase 0.013ms
[165.818s][info][gc,phases,start] GC(508) Adjust Roots
[165.839s][info][gc,phases      ] GC(508) Adjust Roots 21.101ms
[165.839s][info][gc,phases,start] GC(508) Compaction Phase
[165.868s][info][gc,phases      ] GC(508) Compaction Phase 28.549ms
[165.868s][info][gc,phases,start] GC(508) Post Compact
[165.869s][info][gc,phases      ] GC(508) Post Compact 1.074ms
[165.869s][info][gc,heap        ] GC(508) PSYoungGen: 1996K->0K(636928K)
[165.869s][info][gc,heap        ] GC(508) ParOldGen: 193657K->126519K(1398272K)
[165.869s][info][gc,metaspace   ] GC(508) Metaspace: 172903K(184636K)->172903K(184636K) NonClass: 152338K(157872K)->152338K(157872K) Class: 20565K(26764K)->20565K(26764K)
[165.869s][info][gc             ] GC(508) Pause Full (System.gc()) 191M->123M(1987M) 104.701ms
[165.869s][info][gc,cpu         ] GC(508) User=0.09s Sys=0.00s Real=0.11s
[165.987s][info][gc,start       ] GC(509) Pause Young (Allocation Failure)
[165.989s][info][gc,heap        ] GC(509) PSYoungGen: 572678K->761K(634880K)
[165.989s][info][gc,heap        ] GC(509) ParOldGen: 126519K->126519K(1398272K)
[165.989s][info][gc,metaspace   ] GC(509) Metaspace: 172903K(184636K)->172903K(184636K) NonClass: 152338K(157872K)->152338K(157872K) Class: 20565K(26764K)->20565K(26764K)
[165.989s][info][gc             ] GC(509) Pause Young (Allocation Failure) 682M->124M(1985M) 1.944ms
[165.989s][info][gc,cpu         ] GC(509) User=0.00s Sys=0.00s Real=0.01s
[166.095s][info][gc,start       ] GC(510) Pause Young (Allocation Failure)
[166.102s][info][gc,heap        ] GC(510) PSYoungGen: 573689K->34168K(633344K)
[166.102s][info][gc,heap        ] GC(510) ParOldGen: 126519K->127168K(1398272K)
[166.102s][info][gc,metaspace   ] GC(510) Metaspace: 172904K(184636K)->172904K(184636K) NonClass: 152338K(157872K)->152338K(157872K) Class: 20565K(26764K)->20565K(26764K)
[166.102s][info][gc             ] GC(510) Pause Young (Allocation Failure) 683M->157M(1984M) 6.768ms
[166.102s][info][gc,cpu         ] GC(510) User=0.00s Sys=0.00s Real=0.00s
[166.171s][info][gc,start       ] GC(511) Pause Young (Allocation Failure)
[166.180s][info][gc,heap        ] GC(511) PSYoungGen: 606458K->35605K(608768K)
[166.180s][info][gc,heap        ] GC(511) ParOldGen: 127168K->155796K(1398272K)
[166.180s][info][gc,metaspace   ] GC(511) Metaspace: 172904K(184636K)->172904K(184636K) NonClass: 152338K(157872K)->152338K(157872K) Class: 20565K(26764K)->20565K(26764K)
[166.180s][info][gc             ] GC(511) Pause Young (Allocation Failure) 716M->186M(1960M) 9.692ms
[166.180s][info][gc,cpu         ] GC(511) User=0.00s Sys=0.00s Real=0.00s
[166.888s][info][gc,start       ] GC(512) Pause Young (Allocation Failure)
[166.894s][info][gc,heap        ] GC(512) PSYoungGen: 605863K->6609K(636416K)
[166.894s][info][gc,heap        ] GC(512) ParOldGen: 155796K->188433K(1398272K)
[166.894s][info][gc,metaspace   ] GC(512) Metaspace: 172904K(184636K)->172904K(184636K) NonClass: 152338K(157872K)->152338K(157872K) Class: 20565K(26764K)->20565K(26764K)
[166.894s][info][gc             ] GC(512) Pause Young (Allocation Failure) 743M->190M(1987M) 6.753ms
[166.894s][info][gc,cpu         ] GC(512) User=0.00s Sys=0.00s Real=0.02s
[167.380s][info][gc,start       ] GC(513) Pause Young (System.gc())
[167.383s][info][gc,heap        ] GC(513) PSYoungGen: 349558K->1946K(633344K)
[167.383s][info][gc,heap        ] GC(513) ParOldGen: 188433K->193941K(1398272K)
[167.383s][info][gc,metaspace   ] GC(513) Metaspace: 172905K(184636K)->172905K(184636K) NonClass: 152340K(157872K)->152340K(157872K) Class: 20565K(26764K)->20565K(26764K)
[167.383s][info][gc             ] GC(513) Pause Young (System.gc()) 525M->191M(1984M) 3.157ms
[167.383s][info][gc,cpu         ] GC(513) User=0.00s Sys=0.00s Real=0.00s
[167.383s][info][gc,start       ] GC(514) Pause Full (System.gc())
[167.383s][info][gc,phases,start] GC(514) Marking Phase
[167.436s][info][gc,phases      ] GC(514) Marking Phase 52.759ms
[167.436s][info][gc,phases,start] GC(514) Summary Phase
[167.436s][info][gc,phases      ] GC(514) Summary Phase 0.011ms
[167.436s][info][gc,phases,start] GC(514) Adjust Roots
[167.457s][info][gc,phases      ] GC(514) Adjust Roots 21.106ms
[167.457s][info][gc,phases,start] GC(514) Compaction Phase
[167.485s][info][gc,phases      ] GC(514) Compaction Phase 27.841ms
[167.485s][info][gc,phases,start] GC(514) Post Compact
[167.486s][info][gc,phases      ] GC(514) Post Compact 1.136ms
[167.486s][info][gc,heap        ] GC(514) PSYoungGen: 1946K->0K(633344K)
[167.486s][info][gc,heap        ] GC(514) ParOldGen: 193941K->126122K(1398272K)
[167.486s][info][gc,metaspace   ] GC(514) Metaspace: 172905K(184636K)->172905K(184636K) NonClass: 152340K(157872K)->152340K(157872K) Class: 20565K(26764K)->20565K(26764K)
[167.486s][info][gc             ] GC(514) Pause Full (System.gc()) 191M->123M(1984M) 103.199ms
[167.487s][info][gc,cpu         ] GC(514) User=0.09s Sys=0.00s Real=0.11s
[167.600s][info][gc,start       ] GC(515) Pause Young (Allocation Failure)
[167.602s][info][gc,heap        ] GC(515) PSYoungGen: 570880K->1017K(640000K)
[167.602s][info][gc,heap        ] GC(515) ParOldGen: 126122K->126122K(1398272K)
[167.602s][info][gc,metaspace   ] GC(515) Metaspace: 172905K(184636K)->172905K(184636K) NonClass: 152340K(157872K)->152340K(157872K) Class: 20565K(26764K)->20565K(26764K)
[167.602s][info][gc             ] GC(515) Pause Young (Allocation Failure) 680M->124M(1990M) 2.056ms
[167.602s][info][gc,cpu         ] GC(515) User=0.00s Sys=0.00s Real=0.00s
[167.712s][info][gc,start       ] GC(516) Pause Young (Allocation Failure)
[167.719s][info][gc,heap        ] GC(516) PSYoungGen: 580089K->36463K(615936K)
[167.719s][info][gc,heap        ] GC(516) ParOldGen: 126122K->126758K(1398272K)
[167.719s][info][gc,metaspace   ] GC(516) Metaspace: 172905K(184636K)->172905K(184636K) NonClass: 152340K(157872K)->152340K(157872K) Class: 20565K(26764K)->20565K(26764K)
[167.719s][info][gc             ] GC(516) Pause Young (Allocation Failure) 689M->159M(1967M) 6.694ms
[167.719s][info][gc,cpu         ] GC(516) User=0.00s Sys=0.00s Real=0.00s
[167.785s][info][gc,start       ] GC(517) Pause Young (Allocation Failure)
[167.795s][info][gc,heap        ] GC(517) PSYoungGen: 615535K->37555K(629248K)
[167.795s][info][gc,heap        ] GC(517) ParOldGen: 126758K->154305K(1398272K)
[167.795s][info][gc,metaspace   ] GC(517) Metaspace: 172905K(184636K)->172905K(184636K) NonClass: 152340K(157872K)->152340K(157872K) Class: 20565K(26764K)->20565K(26764K)
[167.795s][info][gc             ] GC(517) Pause Young (Allocation Failure) 724M->187M(1980M) 10.109ms
[167.796s][info][gc,cpu         ] GC(517) User=0.02s Sys=0.00s Real=0.01s
[168.528s][info][gc,start       ] GC(518) Pause Young (Allocation Failure)
[168.535s][info][gc,heap        ] GC(518) PSYoungGen: 601879K->5980K(632832K)
[168.535s][info][gc,heap        ] GC(518) ParOldGen: 154305K->188618K(1398272K)
[168.535s][info][gc,metaspace   ] GC(518) Metaspace: 172905K(184636K)->172905K(184636K) NonClass: 152340K(157872K)->152340K(157872K) Class: 20565K(26764K)->20565K(26764K)
[168.535s][info][gc             ] GC(518) Pause Young (Allocation Failure) 738M->190M(1983M) 6.788ms
[168.535s][info][gc,cpu         ] GC(518) User=0.00s Sys=0.00s Real=0.00s
[168.997s][info][gc,start       ] GC(519) Pause Young (System.gc())
[169.000s][info][gc,heap        ] GC(519) PSYoungGen: 340678K->1883K(637440K)
[169.000s][info][gc,heap        ] GC(519) ParOldGen: 188618K->193409K(1398272K)
[169.000s][info][gc,metaspace   ] GC(519) Metaspace: 172906K(184636K)->172906K(184636K) NonClass: 152341K(157872K)->152341K(157872K) Class: 20565K(26764K)->20565K(26764K)
[169.000s][info][gc             ] GC(519) Pause Young (System.gc()) 516M->190M(1988M) 3.251ms
[169.000s][info][gc,cpu         ] GC(519) User=0.00s Sys=0.00s Real=0.00s
[169.000s][info][gc,start       ] GC(520) Pause Full (System.gc())
[169.000s][info][gc,phases,start] GC(520) Marking Phase
[169.054s][info][gc,phases      ] GC(520) Marking Phase 53.598ms
[169.054s][info][gc,phases,start] GC(520) Summary Phase
[169.054s][info][gc,phases      ] GC(520) Summary Phase 0.011ms
[169.054s][info][gc,phases,start] GC(520) Adjust Roots
[169.075s][info][gc,phases      ] GC(520) Adjust Roots 21.302ms
[169.075s][info][gc,phases,start] GC(520) Compaction Phase
[169.102s][info][gc,phases      ] GC(520) Compaction Phase 26.569ms
[169.102s][info][gc,phases,start] GC(520) Post Compact
[169.103s][info][gc,phases      ] GC(520) Post Compact 1.080ms
[169.103s][info][gc,heap        ] GC(520) PSYoungGen: 1883K->0K(637440K)
[169.103s][info][gc,heap        ] GC(520) ParOldGen: 193409K->126289K(1398272K)
[169.103s][info][gc,metaspace   ] GC(520) Metaspace: 172906K(184636K)->172906K(184636K) NonClass: 152341K(157872K)->152341K(157872K) Class: 20565K(26764K)->20565K(26764K)
[169.103s][info][gc             ] GC(520) Pause Full (System.gc()) 190M->123M(1988M) 102.893ms
[169.103s][info][gc,cpu         ] GC(520) User=0.09s Sys=0.00s Real=0.11s
[169.213s][info][gc,start       ] GC(521) Pause Young (Allocation Failure)
[169.215s][info][gc,heap        ] GC(521) PSYoungGen: 573736K->883K(635392K)
[169.215s][info][gc,heap        ] GC(521) ParOldGen: 126289K->126289K(1398272K)
[169.215s][info][gc,metaspace   ] GC(521) Metaspace: 172906K(184636K)->172906K(184636K) NonClass: 152341K(157872K)->152341K(157872K) Class: 20565K(26764K)->20565K(26764K)
[169.215s][info][gc             ] GC(521) Pause Young (Allocation Failure) 683M->124M(1986M) 1.915ms
[169.215s][info][gc,cpu         ] GC(521) User=0.00s Sys=0.00s Real=0.00s
[169.319s][info][gc,start       ] GC(522) Pause Young (Allocation Failure)
[169.326s][info][gc,heap        ] GC(522) PSYoungGen: 574835K->34292K(633344K)
[169.326s][info][gc,heap        ] GC(522) ParOldGen: 126289K->127005K(1398272K)
[169.326s][info][gc,metaspace   ] GC(522) Metaspace: 172906K(184636K)->172906K(184636K) NonClass: 152341K(157872K)->152341K(157872K) Class: 20565K(26764K)->20565K(26764K)
[169.326s][info][gc             ] GC(522) Pause Young (Allocation Failure) 684M->157M(1984M) 7.190ms
[169.326s][info][gc,cpu         ] GC(522) User=0.02s Sys=0.00s Real=0.02s
[169.399s][info][gc,start       ] GC(523) Pause Young (Allocation Failure)
[169.409s][info][gc,heap        ] GC(523) PSYoungGen: 608244K->36767K(610816K)
[169.409s][info][gc,heap        ] GC(523) ParOldGen: 127005K->155466K(1398272K)
[169.409s][info][gc,metaspace   ] GC(523) Metaspace: 172913K(184636K)->172913K(184636K) NonClass: 152348K(157872K)->152348K(157872K) Class: 20565K(26764K)->20565K(26764K)
[169.409s][info][gc             ] GC(523) Pause Young (Allocation Failure) 718M->187M(1962M) 10.134ms
[169.409s][info][gc,cpu         ] GC(523) User=0.00s Sys=0.00s Real=0.00s
[170.134s][info][gc,start       ] GC(524) Pause Young (Allocation Failure)
[170.141s][info][gc,heap        ] GC(524) PSYoungGen: 608809K->7351K(636416K)
[170.141s][info][gc,heap        ] GC(524) ParOldGen: 155466K->187319K(1398272K)
[170.141s][info][gc,metaspace   ] GC(524) Metaspace: 172913K(184636K)->172913K(184636K) NonClass: 152348K(157872K)->152348K(157872K) Class: 20565K(26764K)->20565K(26764K)
[170.141s][info][gc             ] GC(524) Pause Young (Allocation Failure) 746M->190M(1987M) 6.769ms
[170.141s][info][gc,cpu         ] GC(524) User=0.00s Sys=0.00s Real=0.02s
[170.606s][info][gc,start       ] GC(525) Pause Young (System.gc())
[170.609s][info][gc,heap        ] GC(525) PSYoungGen: 341661K->1891K(633856K)
[170.610s][info][gc,heap        ] GC(525) ParOldGen: 187319K->193545K(1398272K)
[170.610s][info][gc,metaspace   ] GC(525) Metaspace: 172978K(184636K)->172978K(184636K) NonClass: 152413K(157872K)->152413K(157872K) Class: 20565K(26764K)->20565K(26764K)
[170.610s][info][gc             ] GC(525) Pause Young (System.gc()) 516M->190M(1984M) 3.537ms
[170.610s][info][gc,cpu         ] GC(525) User=0.02s Sys=0.00s Real=0.01s
[170.610s][info][gc,start       ] GC(526) Pause Full (System.gc())
[170.610s][info][gc,phases,start] GC(526) Marking Phase
[170.666s][info][gc,phases      ] GC(526) Marking Phase 56.403ms
[170.666s][info][gc,phases,start] GC(526) Summary Phase
[170.666s][info][gc,phases      ] GC(526) Summary Phase 0.011ms
[170.666s][info][gc,phases,start] GC(526) Adjust Roots
[170.687s][info][gc,phases      ] GC(526) Adjust Roots 20.968ms
[170.687s][info][gc,phases,start] GC(526) Compaction Phase
[170.704s][info][gc,phases      ] GC(526) Compaction Phase 16.895ms
[170.704s][info][gc,phases,start] GC(526) Post Compact
[170.705s][info][gc,phases      ] GC(526) Post Compact 1.008ms
[170.705s][info][gc,heap        ] GC(526) PSYoungGen: 1891K->0K(633856K)
[170.705s][info][gc,heap        ] GC(526) ParOldGen: 193545K->125938K(1398272K)
[170.705s][info][gc,metaspace   ] GC(526) Metaspace: 172978K(184636K)->172978K(184636K) NonClass: 152413K(157872K)->152413K(157872K) Class: 20565K(26764K)->20565K(26764K)
[170.705s][info][gc             ] GC(526) Pause Full (System.gc()) 190M->122M(1984M) 95.594ms
[170.705s][info][gc,cpu         ] GC(526) User=0.14s Sys=0.00s Real=0.10s
[170.819s][info][gc,start       ] GC(527) Pause Young (Allocation Failure)
[170.820s][info][gc,heap        ] GC(527) PSYoungGen: 570864K->784K(640000K)
[170.820s][info][gc,heap        ] GC(527) ParOldGen: 125938K->125938K(1398272K)
[170.820s][info][gc,metaspace   ] GC(527) Metaspace: 173050K(184636K)->173050K(184636K) NonClass: 152485K(157872K)->152485K(157872K) Class: 20565K(26764K)->20565K(26764K)
[170.820s][info][gc             ] GC(527) Pause Young (Allocation Failure) 680M->123M(1990M) 1.956ms
[170.821s][info][gc,cpu         ] GC(527) User=0.00s Sys=0.00s Real=0.00s
[170.926s][info][gc,start       ] GC(528) Pause Young (Allocation Failure)
[170.934s][info][gc,heap        ] GC(528) PSYoungGen: 580368K->41545K(621568K)
[170.934s][info][gc,heap        ] GC(528) ParOldGen: 125938K->126582K(1398272K)
[170.934s][info][gc,metaspace   ] GC(528) Metaspace: 173053K(184636K)->173053K(184636K) NonClass: 152488K(157872K)->152488K(157872K) Class: 20565K(26764K)->20565K(26764K)
[170.934s][info][gc             ] GC(528) Pause Young (Allocation Failure) 689M->164M(1972M) 7.574ms
[170.934s][info][gc,cpu         ] GC(528) User=0.00s Sys=0.00s Real=0.00s
[171.001s][info][gc,start       ] GC(529) Pause Young (Allocation Failure)
[171.010s][info][gc,heap        ] GC(529) PSYoungGen: 621129K->39866K(627200K)
[171.010s][info][gc,heap        ] GC(529) ParOldGen: 126582K->152155K(1398272K)
[171.010s][info][gc,metaspace   ] GC(529) Metaspace: 173053K(184636K)->173053K(184636K) NonClass: 152488K(157872K)->152488K(157872K) Class: 20565K(26764K)->20565K(26764K)
[171.011s][info][gc             ] GC(529) Pause Young (Allocation Failure) 730M->187M(1978M) 9.811ms
[171.011s][info][gc,cpu         ] GC(529) User=0.00s Sys=0.00s Real=0.00s
[171.736s][info][gc,start       ] GC(530) Pause Young (Allocation Failure)
[171.743s][info][gc,heap        ] GC(530) PSYoungGen: 602343K->5769K(630784K)
[171.743s][info][gc,heap        ] GC(530) ParOldGen: 152155K->188698K(1398272K)
[171.743s][info][gc,metaspace   ] GC(530) Metaspace: 173054K(184636K)->173054K(184636K) NonClass: 152489K(157872K)->152489K(157872K) Class: 20565K(26764K)->20565K(26764K)
[171.743s][info][gc             ] GC(530) Pause Young (Allocation Failure) 736M->189M(1981M) 7.173ms
[171.743s][info][gc,cpu         ] GC(530) User=0.02s Sys=0.00s Real=0.02s
[172.217s][info][gc,start       ] GC(531) Pause Young (System.gc())
[172.220s][info][gc,heap        ] GC(531) PSYoungGen: 341104K->1882K(635392K)
[172.220s][info][gc,heap        ] GC(531) ParOldGen: 188698K->193304K(1398272K)
[172.220s][info][gc,metaspace   ] GC(531) Metaspace: 173068K(184636K)->173068K(184636K) NonClass: 152503K(157872K)->152503K(157872K) Class: 20565K(26764K)->20565K(26764K)
[172.220s][info][gc             ] GC(531) Pause Young (System.gc()) 517M->190M(1986M) 3.056ms
[172.220s][info][gc,cpu         ] GC(531) User=0.00s Sys=0.00s Real=0.00s
[172.220s][info][gc,start       ] GC(532) Pause Full (System.gc())
[172.220s][info][gc,phases,start] GC(532) Marking Phase
[172.278s][info][gc,phases      ] GC(532) Marking Phase 57.974ms
[172.278s][info][gc,phases,start] GC(532) Summary Phase
[172.278s][info][gc,phases      ] GC(532) Summary Phase 0.011ms
[172.278s][info][gc,phases,start] GC(532) Adjust Roots
[172.299s][info][gc,phases      ] GC(532) Adjust Roots 21.136ms
[172.299s][info][gc,phases,start] GC(532) Compaction Phase
[172.321s][info][gc,phases      ] GC(532) Compaction Phase 21.562ms
[172.321s][info][gc,phases,start] GC(532) Post Compact
[172.322s][info][gc,phases      ] GC(532) Post Compact 1.162ms
[172.322s][info][gc,heap        ] GC(532) PSYoungGen: 1882K->0K(635392K)
[172.322s][info][gc,heap        ] GC(532) ParOldGen: 193304K->126277K(1398272K)
[172.322s][info][gc,metaspace   ] GC(532) Metaspace: 173068K(184636K)->173068K(184636K) NonClass: 152503K(157872K)->152503K(157872K) Class: 20565K(26764K)->20565K(26764K)
[172.322s][info][gc             ] GC(532) Pause Full (System.gc()) 190M->123M(1986M) 102.143ms
[172.322s][info][gc,cpu         ] GC(532) User=0.12s Sys=0.00s Real=0.11s
[172.436s][info][gc,start       ] GC(533) Pause Young (Allocation Failure)
[172.438s][info][gc,heap        ] GC(533) PSYoungGen: 569856K->889K(633344K)
[172.438s][info][gc,heap        ] GC(533) ParOldGen: 126277K->126277K(1398272K)
[172.438s][info][gc,metaspace   ] GC(533) Metaspace: 173068K(184636K)->173068K(184636K) NonClass: 152503K(157872K)->152503K(157872K) Class: 20565K(26764K)->20565K(26764K)
[172.438s][info][gc             ] GC(533) Pause Young (Allocation Failure) 679M->124M(1984M) 2.062ms
[172.438s][info][gc,cpu         ] GC(533) User=0.00s Sys=0.00s Real=0.00s
[172.549s][info][gc,start       ] GC(534) Pause Young (Allocation Failure)
[172.555s][info][gc,heap        ] GC(534) PSYoungGen: 570745K->33106K(633344K)
[172.556s][info][gc,heap        ] GC(534) ParOldGen: 126277K->126919K(1398272K)
[172.556s][info][gc,metaspace   ] GC(534) Metaspace: 173068K(184636K)->173068K(184636K) NonClass: 152503K(157872K)->152503K(157872K) Class: 20565K(26764K)->20565K(26764K)
[172.556s][info][gc             ] GC(534) Pause Young (Allocation Failure) 680M->156M(1984M) 6.245ms
[172.556s][info][gc,cpu         ] GC(534) User=0.02s Sys=0.00s Real=0.02s
[172.626s][info][gc,start       ] GC(535) Pause Young (Allocation Failure)
[172.636s][info][gc,heap        ] GC(535) PSYoungGen: 605010K->36578K(608768K)
[172.636s][info][gc,heap        ] GC(535) ParOldGen: 126919K->155489K(1398272K)
[172.636s][info][gc,metaspace   ] GC(535) Metaspace: 173069K(184636K)->173069K(184636K) NonClass: 152503K(157872K)->152503K(157872K) Class: 20565K(26764K)->20565K(26764K)
[172.636s][info][gc             ] GC(535) Pause Young (Allocation Failure) 714M->187M(1960M) 10.331ms
[172.636s][info][gc,cpu         ] GC(535) User=0.02s Sys=0.00s Real=0.02s
[173.338s][info][gc,start       ] GC(536) Pause Young (Allocation Failure)
[173.346s][info][gc,heap        ] GC(536) PSYoungGen: 605601K->7360K(635392K)
[173.346s][info][gc,heap        ] GC(536) ParOldGen: 155489K->187212K(1398272K)
[173.346s][info][gc,metaspace   ] GC(536) Metaspace: 173069K(184636K)->173069K(184636K) NonClass: 152503K(157872K)->152503K(157872K) Class: 20565K(26764K)->20565K(26764K)
[173.346s][info][gc             ] GC(536) Pause Young (Allocation Failure) 743M->190M(1986M) 8.175ms
[173.346s][info][gc,cpu         ] GC(536) User=0.00s Sys=0.00s Real=0.02s
[173.836s][info][gc,start       ] GC(537) Pause Young (System.gc())
[173.839s][info][gc,heap        ] GC(537) PSYoungGen: 350258K->1906K(632320K)
[173.839s][info][gc,heap        ] GC(537) ParOldGen: 187212K->193478K(1398272K)
[173.839s][info][gc,metaspace   ] GC(537) Metaspace: 173070K(184636K)->173070K(184636K) NonClass: 152504K(157872K)->152504K(157872K) Class: 20565K(26764K)->20565K(26764K)
[173.839s][info][gc             ] GC(537) Pause Young (System.gc()) 524M->190M(1983M) 3.422ms
[173.839s][info][gc,cpu         ] GC(537) User=0.00s Sys=0.00s Real=0.00s
[173.839s][info][gc,start       ] GC(538) Pause Full (System.gc())
[173.839s][info][gc,phases,start] GC(538) Marking Phase
[173.894s][info][gc,phases      ] GC(538) Marking Phase 54.379ms
[173.894s][info][gc,phases,start] GC(538) Summary Phase
[173.894s][info][gc,phases      ] GC(538) Summary Phase 0.011ms
[173.894s][info][gc,phases,start] GC(538) Adjust Roots
[173.915s][info][gc,phases      ] GC(538) Adjust Roots 20.899ms
[173.915s][info][gc,phases,start] GC(538) Compaction Phase
[173.931s][info][gc,phases      ] GC(538) Compaction Phase 16.093ms
[173.931s][info][gc,phases,start] GC(538) Post Compact
[173.932s][info][gc,phases      ] GC(538) Post Compact 1.050ms
[173.932s][info][gc,heap        ] GC(538) PSYoungGen: 1906K->0K(632320K)
[173.932s][info][gc,heap        ] GC(538) ParOldGen: 193478K->125982K(1398272K)
[173.932s][info][gc,metaspace   ] GC(538) Metaspace: 173070K(184636K)->173070K(184636K) NonClass: 152504K(157872K)->152504K(157872K) Class: 20565K(26764K)->20565K(26764K)
[173.932s][info][gc             ] GC(538) Pause Full (System.gc()) 190M->123M(1983M) 92.755ms
[173.932s][info][gc,cpu         ] GC(538) User=0.09s Sys=0.00s Real=0.10s
[174.045s][info][gc,start       ] GC(539) Pause Young (Allocation Failure)
[174.047s][info][gc,heap        ] GC(539) PSYoungGen: 568832K->889K(639488K)
[174.047s][info][gc,heap        ] GC(539) ParOldGen: 125982K->125990K(1398272K)
[174.047s][info][gc,metaspace   ] GC(539) Metaspace: 173081K(184636K)->173081K(184636K) NonClass: 152516K(157872K)->152516K(157872K) Class: 20565K(26764K)->20565K(26764K)
[174.047s][info][gc             ] GC(539) Pause Young (Allocation Failure) 678M->123M(1990M) 2.011ms
[174.047s][info][gc,cpu         ] GC(539) User=0.02s Sys=0.00s Real=0.02s
[174.156s][info][gc,start       ] GC(540) Pause Young (Allocation Failure)
[174.162s][info][gc,heap        ] GC(540) PSYoungGen: 578937K->37764K(615936K)
[174.162s][info][gc,heap        ] GC(540) ParOldGen: 125990K->126632K(1398272K)
[174.162s][info][gc,metaspace   ] GC(540) Metaspace: 173082K(184636K)->173082K(184636K) NonClass: 152517K(157872K)->152517K(157872K) Class: 20565K(26764K)->20565K(26764K)
[174.163s][info][gc             ] GC(540) Pause Young (Allocation Failure) 688M->160M(1967M) 6.859ms
[174.163s][info][gc,cpu         ] GC(540) User=0.00s Sys=0.00s Real=0.00s
[174.232s][info][gc,start       ] GC(541) Pause Young (Allocation Failure)
[174.242s][info][gc,heap        ] GC(541) PSYoungGen: 615812K->37935K(628224K)
[174.242s][info][gc,heap        ] GC(541) ParOldGen: 126632K->153221K(1398272K)
[174.242s][info][gc,metaspace   ] GC(541) Metaspace: 173082K(184636K)->173082K(184636K) NonClass: 152517K(157872K)->152517K(157872K) Class: 20565K(26764K)->20565K(26764K)
[174.242s][info][gc             ] GC(541) Pause Young (Allocation Failure) 725M->186M(1979M) 10.180ms
[174.242s][info][gc,cpu         ] GC(541) User=0.02s Sys=0.00s Real=0.02s
[174.949s][info][gc,start       ] GC(542) Pause Young (Allocation Failure)
[174.955s][info][gc,heap        ] GC(542) PSYoungGen: 598747K->5906K(631808K)
[174.955s][info][gc,heap        ] GC(542) ParOldGen: 153221K->188556K(1398272K)
[174.955s][info][gc,metaspace   ] GC(542) Metaspace: 173083K(184636K)->173083K(184636K) NonClass: 152517K(157872K)->152517K(157872K) Class: 20565K(26764K)->20565K(26764K)
[174.955s][info][gc             ] GC(542) Pause Young (Allocation Failure) 734M->189M(1982M) 6.856ms
[174.956s][info][gc,cpu         ] GC(542) User=0.00s Sys=0.00s Real=0.02s
[175.446s][info][gc,start       ] GC(543) Pause Young (System.gc())
[175.449s][info][gc,heap        ] GC(543) PSYoungGen: 347290K->1906K(636416K)
[175.450s][info][gc,heap        ] GC(543) ParOldGen: 188556K->193376K(1398272K)
[175.450s][info][gc,metaspace   ] GC(543) Metaspace: 173083K(184636K)->173083K(184636K) NonClass: 152518K(157872K)->152518K(157872K) Class: 20565K(26764K)->20565K(26764K)
[175.450s][info][gc             ] GC(543) Pause Young (System.gc()) 523M->190M(1987M) 3.199ms
[175.450s][info][gc,cpu         ] GC(543) User=0.00s Sys=0.00s Real=0.00s
[175.450s][info][gc,start       ] GC(544) Pause Full (System.gc())
[175.450s][info][gc,phases,start] GC(544) Marking Phase
[175.503s][info][gc,phases      ] GC(544) Marking Phase 52.816ms
[175.503s][info][gc,phases,start] GC(544) Summary Phase
[175.503s][info][gc,phases      ] GC(544) Summary Phase 0.011ms
[175.503s][info][gc,phases,start] GC(544) Adjust Roots
[175.524s][info][gc,phases      ] GC(544) Adjust Roots 21.409ms
[175.524s][info][gc,phases,start] GC(544) Compaction Phase
[175.553s][info][gc,phases      ] GC(544) Compaction Phase 29.113ms
[175.553s][info][gc,phases,start] GC(544) Post Compact
[175.555s][info][gc,phases      ] GC(544) Post Compact 1.331ms
[175.555s][info][gc,heap        ] GC(544) PSYoungGen: 1906K->0K(636416K)
[175.555s][info][gc,heap        ] GC(544) ParOldGen: 193376K->126328K(1398272K)
[175.555s][info][gc,metaspace   ] GC(544) Metaspace: 173083K(184636K)->173083K(184636K) NonClass: 152518K(157872K)->152518K(157872K) Class: 20565K(26764K)->20565K(26764K)
[175.555s][info][gc             ] GC(544) Pause Full (System.gc()) 190M->123M(1987M) 105.074ms
[175.555s][info][gc,cpu         ] GC(544) User=0.05s Sys=0.00s Real=0.11s
[175.680s][info][gc,start       ] GC(545) Pause Young (Allocation Failure)
[175.682s][info][gc,heap        ] GC(545) PSYoungGen: 571512K->752K(634368K)
[175.682s][info][gc,heap        ] GC(545) ParOldGen: 126328K->126328K(1398272K)
[175.682s][info][gc,metaspace   ] GC(545) Metaspace: 173085K(184636K)->173085K(184636K) NonClass: 152520K(157872K)->152520K(157872K) Class: 20565K(26764K)->20565K(26764K)
[175.682s][info][gc             ] GC(545) Pause Young (Allocation Failure) 681M->124M(1985M) 1.808ms
[175.682s][info][gc,cpu         ] GC(545) User=0.00s Sys=0.00s Real=0.00s
[175.791s][info][gc,start       ] GC(546) Pause Young (Allocation Failure)
[175.797s][info][gc,heap        ] GC(546) PSYoungGen: 572656K->35358K(632320K)
[175.798s][info][gc,heap        ] GC(546) ParOldGen: 126328K->127034K(1398272K)
[175.798s][info][gc,metaspace   ] GC(546) Metaspace: 173085K(184636K)->173085K(184636K) NonClass: 152520K(157872K)->152520K(157872K) Class: 20565K(26764K)->20565K(26764K)
[175.798s][info][gc             ] GC(546) Pause Young (Allocation Failure) 682M->158M(1983M) 6.965ms
[175.798s][info][gc,cpu         ] GC(546) User=0.00s Sys=0.00s Real=0.00s
[175.867s][info][gc,start       ] GC(547) Pause Young (Allocation Failure)
[175.877s][info][gc,heap        ] GC(547) PSYoungGen: 607132K->38038K(610304K)
[175.877s][info][gc,heap        ] GC(547) ParOldGen: 127034K->154528K(1398272K)
[175.877s][info][gc,metaspace   ] GC(547) Metaspace: 173085K(184636K)->173085K(184636K) NonClass: 152520K(157872K)->152520K(157872K) Class: 20565K(26764K)->20565K(26764K)
[175.877s][info][gc             ] GC(547) Pause Young (Allocation Failure) 716M->188M(1961M) 9.866ms
[175.877s][info][gc,cpu         ] GC(547) User=0.00s Sys=0.00s Real=0.00s
[176.582s][info][gc,start       ] GC(548) Pause Young (Allocation Failure)
[176.589s][info][gc,heap        ] GC(548) PSYoungGen: 605968K->7419K(634880K)
[176.589s][info][gc,heap        ] GC(548) ParOldGen: 154528K->187394K(1398272K)
[176.589s][info][gc,metaspace   ] GC(548) Metaspace: 173085K(184636K)->173085K(184636K) NonClass: 152520K(157872K)->152520K(157872K) Class: 20565K(26764K)->20565K(26764K)
[176.589s][info][gc             ] GC(548) Pause Young (Allocation Failure) 742M->190M(1985M) 6.897ms
[176.589s][info][gc,cpu         ] GC(548) User=0.00s Sys=0.00s Real=0.01s
[177.070s][info][gc,start       ] GC(549) Pause Young (System.gc())
[177.074s][info][gc,heap        ] GC(549) PSYoungGen: 350607K->1914K(632320K)
[177.074s][info][gc,heap        ] GC(549) ParOldGen: 187394K->193680K(1398272K)
[177.074s][info][gc,metaspace   ] GC(549) Metaspace: 173086K(184636K)->173086K(184636K) NonClass: 152520K(157872K)->152520K(157872K) Class: 20565K(26764K)->20565K(26764K)
[177.074s][info][gc             ] GC(549) Pause Young (System.gc()) 525M->191M(1983M) 3.432ms
[177.074s][info][gc,cpu         ] GC(549) User=0.00s Sys=0.00s Real=0.00s
[177.074s][info][gc,start       ] GC(550) Pause Full (System.gc())
[177.074s][info][gc,phases,start] GC(550) Marking Phase
[177.129s][info][gc,phases      ] GC(550) Marking Phase 54.994ms
[177.129s][info][gc,phases,start] GC(550) Summary Phase
[177.129s][info][gc,phases      ] GC(550) Summary Phase 0.011ms
[177.129s][info][gc,phases,start] GC(550) Adjust Roots
[177.150s][info][gc,phases      ] GC(550) Adjust Roots 20.736ms
[177.150s][info][gc,phases,start] GC(550) Compaction Phase
[177.173s][info][gc,phases      ] GC(550) Compaction Phase 23.309ms
[177.173s][info][gc,phases,start] GC(550) Post Compact
[177.174s][info][gc,phases      ] GC(550) Post Compact 0.994ms
[177.174s][info][gc,heap        ] GC(550) PSYoungGen: 1914K->0K(632320K)
[177.174s][info][gc,heap        ] GC(550) ParOldGen: 193680K->126672K(1398272K)
[177.174s][info][gc,metaspace   ] GC(550) Metaspace: 173086K(184636K)->173086K(184636K) NonClass: 152520K(157872K)->152520K(157872K) Class: 20565K(26764K)->20565K(26764K)
[177.174s][info][gc             ] GC(550) Pause Full (System.gc()) 191M->123M(1983M) 100.337ms
[177.174s][info][gc,cpu         ] GC(550) User=0.08s Sys=0.00s Real=0.11s
[177.287s][info][gc,start       ] GC(551) Pause Young (Allocation Failure)
[177.289s][info][gc,heap        ] GC(551) PSYoungGen: 568320K->848K(638976K)
[177.289s][info][gc,heap        ] GC(551) ParOldGen: 126672K->126672K(1398272K)
[177.289s][info][gc,metaspace   ] GC(551) Metaspace: 173093K(184892K)->173093K(184892K) NonClass: 152528K(158128K)->152528K(158128K) Class: 20565K(26764K)->20565K(26764K)
[177.289s][info][gc             ] GC(551) Pause Young (Allocation Failure) 678M->124M(1989M) 2.277ms
[177.289s][info][gc,cpu         ] GC(551) User=0.00s Sys=0.00s Real=0.00s
[177.399s][info][gc,start       ] GC(552) Pause Young (Allocation Failure)
[177.405s][info][gc,heap        ] GC(552) PSYoungGen: 577872K->34091K(611328K)
[177.405s][info][gc,heap        ] GC(552) ParOldGen: 126672K->127314K(1398272K)
[177.405s][info][gc,metaspace   ] GC(552) Metaspace: 173093K(184892K)->173093K(184892K) NonClass: 152528K(158128K)->152528K(158128K) Class: 20565K(26764K)->20565K(26764K)
[177.405s][info][gc             ] GC(552) Pause Young (Allocation Failure) 688M->157M(1962M) 6.093ms
[177.405s][info][gc,cpu         ] GC(552) User=0.02s Sys=0.00s Real=0.02s
[177.478s][info][gc,start       ] GC(553) Pause Young (Allocation Failure)
[177.488s][info][gc,heap        ] GC(553) PSYoungGen: 611115K->35677K(631296K)
[177.488s][info][gc,heap        ] GC(553) ParOldGen: 127314K->155768K(1398272K)
[177.488s][info][gc,metaspace   ] GC(553) Metaspace: 173093K(184892K)->173093K(184892K) NonClass: 152528K(158128K)->152528K(158128K) Class: 20565K(26764K)->20565K(26764K)
[177.488s][info][gc             ] GC(553) Pause Young (Allocation Failure) 721M->186M(1982M) 10.193ms
[177.488s][info][gc,cpu         ] GC(553) User=0.03s Sys=0.00s Real=0.01s
[178.221s][info][gc,start       ] GC(554) Pause Young (Allocation Failure)
[178.228s][info][gc,heap        ] GC(554) PSYoungGen: 604507K->5883K(633856K)
[178.228s][info][gc,heap        ] GC(554) ParOldGen: 155768K->188866K(1398272K)
[178.228s][info][gc,metaspace   ] GC(554) Metaspace: 173093K(184892K)->173093K(184892K) NonClass: 152528K(158128K)->152528K(158128K) Class: 20565K(26764K)->20565K(26764K)
[178.228s][info][gc             ] GC(554) Pause Young (Allocation Failure) 742M->190M(1984M) 6.771ms
[178.228s][info][gc,cpu         ] GC(554) User=0.00s Sys=0.00s Real=0.00s
[178.687s][info][gc,start       ] GC(555) Pause Young (System.gc())
[178.690s][info][gc,heap        ] GC(555) PSYoungGen: 342120K->1891K(637952K)
[178.690s][info][gc,heap        ] GC(555) ParOldGen: 188866K->193611K(1398272K)
[178.690s][info][gc,metaspace   ] GC(555) Metaspace: 173093K(184892K)->173093K(184892K) NonClass: 152528K(158128K)->152528K(158128K) Class: 20565K(26764K)->20565K(26764K)
[178.690s][info][gc             ] GC(555) Pause Young (System.gc()) 518M->190M(1988M) 3.322ms
[178.690s][info][gc,cpu         ] GC(555) User=0.00s Sys=0.00s Real=0.00s
[178.690s][info][gc,start       ] GC(556) Pause Full (System.gc())
[178.690s][info][gc,phases,start] GC(556) Marking Phase
[178.746s][info][gc,phases      ] GC(556) Marking Phase 55.960ms
[178.746s][info][gc,phases,start] GC(556) Summary Phase
[178.746s][info][gc,phases      ] GC(556) Summary Phase 0.012ms
[178.746s][info][gc,phases,start] GC(556) Adjust Roots
[178.767s][info][gc,phases      ] GC(556) Adjust Roots 20.311ms
[178.767s][info][gc,phases,start] GC(556) Compaction Phase
[178.784s][info][gc,phases      ] GC(556) Compaction Phase 17.640ms
[178.784s][info][gc,phases,start] GC(556) Post Compact
[178.786s][info][gc,phases      ] GC(556) Post Compact 1.188ms
[178.786s][info][gc,heap        ] GC(556) PSYoungGen: 1891K->0K(637952K)
[178.786s][info][gc,heap        ] GC(556) ParOldGen: 193611K->126137K(1398272K)
[178.786s][info][gc,metaspace   ] GC(556) Metaspace: 173093K(184892K)->173093K(184892K) NonClass: 152528K(158128K)->152528K(158128K) Class: 20565K(26764K)->20565K(26764K)
[178.786s][info][gc             ] GC(556) Pause Full (System.gc()) 190M->123M(1988M) 95.427ms
[178.786s][info][gc,cpu         ] GC(556) User=0.06s Sys=0.00s Real=0.11s
[178.907s][info][gc,start       ] GC(557) Pause Young (Allocation Failure)
[178.909s][info][gc,heap        ] GC(557) PSYoungGen: 572753K->883K(636416K)
[178.909s][info][gc,heap        ] GC(557) ParOldGen: 126137K->126137K(1398272K)
[178.909s][info][gc,metaspace   ] GC(557) Metaspace: 173093K(184892K)->173093K(184892K) NonClass: 152528K(158128K)->152528K(158128K) Class: 20565K(26764K)->20565K(26764K)
[178.909s][info][gc             ] GC(557) Pause Young (Allocation Failure) 682M->124M(1987M) 2.067ms
[178.909s][info][gc,cpu         ] GC(557) User=0.00s Sys=0.00s Real=0.00s
[179.013s][info][gc,start       ] GC(558) Pause Young (Allocation Failure)
[179.019s][info][gc,heap        ] GC(558) PSYoungGen: 576371K->34261K(633856K)
[179.019s][info][gc,heap        ] GC(558) ParOldGen: 126137K->126861K(1398272K)
[179.019s][info][gc,metaspace   ] GC(558) Metaspace: 173093K(184892K)->173093K(184892K) NonClass: 152528K(158128K)->152528K(158128K) Class: 20565K(26764K)->20565K(26764K)
[179.019s][info][gc             ] GC(558) Pause Young (Allocation Failure) 686M->157M(1984M) 6.221ms
[179.019s][info][gc,cpu         ] GC(558) User=0.03s Sys=0.00s Real=0.01s
[179.091s][info][gc,start       ] GC(559) Pause Young (Allocation Failure)
[179.102s][info][gc,heap        ] GC(559) PSYoungGen: 609237K->36694K(611840K)
[179.102s][info][gc,heap        ] GC(559) ParOldGen: 126861K->155186K(1398272K)
[179.102s][info][gc,metaspace   ] GC(559) Metaspace: 173093K(184892K)->173093K(184892K) NonClass: 152528K(158128K)->152528K(158128K) Class: 20565K(26764K)->20565K(26764K)
[179.102s][info][gc             ] GC(559) Pause Young (Allocation Failure) 718M->187M(1963M) 10.368ms
[179.102s][info][gc,cpu         ] GC(559) User=0.02s Sys=0.00s Real=0.02s
[179.847s][info][gc,start       ] GC(560) Pause Young (Allocation Failure)
[179.853s][info][gc,heap        ] GC(560) PSYoungGen: 611670K->6631K(636928K)
[179.853s][info][gc,heap        ] GC(560) ParOldGen: 155186K->188035K(1398272K)
[179.853s][info][gc,metaspace   ] GC(560) Metaspace: 173093K(184892K)->173093K(184892K) NonClass: 152528K(158128K)->152528K(158128K) Class: 20565K(26764K)->20565K(26764K)
[179.853s][info][gc             ] GC(560) Pause Young (Allocation Failure) 748M->190M(1987M) 6.984ms
[179.854s][info][gc,cpu         ] GC(560) User=0.00s Sys=0.00s Real=0.02s
[180.310s][info][gc,start       ] GC(561) Pause Young (System.gc())
[180.314s][info][gc,heap        ] GC(561) PSYoungGen: 334646K->1883K(633856K)
[180.314s][info][gc,heap        ] GC(561) ParOldGen: 188035K->193244K(1398272K)
[180.314s][info][gc,metaspace   ] GC(561) Metaspace: 173095K(184892K)->173095K(184892K) NonClass: 152530K(158128K)->152530K(158128K) Class: 20565K(26764K)->20565K(26764K)
[180.315s][info][gc             ] GC(561) Pause Young (System.gc()) 510M->190M(1984M) 4.221ms
[180.315s][info][gc,cpu         ] GC(561) User=0.00s Sys=0.00s Real=0.00s
[180.315s][info][gc,start       ] GC(562) Pause Full (System.gc())
[180.315s][info][gc,phases,start] GC(562) Marking Phase
[180.374s][info][gc,phases      ] GC(562) Marking Phase 59.186ms
[180.374s][info][gc,phases,start] GC(562) Summary Phase
[180.374s][info][gc,phases      ] GC(562) Summary Phase 0.012ms
[180.374s][info][gc,phases,start] GC(562) Adjust Roots
[180.394s][info][gc,phases      ] GC(562) Adjust Roots 20.273ms
[180.394s][info][gc,phases,start] GC(562) Compaction Phase
[180.418s][info][gc,phases      ] GC(562) Compaction Phase 23.618ms
[180.418s][info][gc,phases,start] GC(562) Post Compact
[180.419s][info][gc,phases      ] GC(562) Post Compact 1.185ms
[180.419s][info][gc,heap        ] GC(562) PSYoungGen: 1883K->0K(633856K)
[180.419s][info][gc,heap        ] GC(562) ParOldGen: 193244K->126487K(1398272K)
[180.419s][info][gc,metaspace   ] GC(562) Metaspace: 173095K(184892K)->173095K(184892K) NonClass: 152530K(158128K)->152530K(158128K) Class: 20565K(26764K)->20565K(26764K)
[180.419s][info][gc             ] GC(562) Pause Full (System.gc()) 190M->123M(1984M) 104.592ms
[180.419s][info][gc,cpu         ] GC(562) User=0.05s Sys=0.00s Real=0.11s
[180.529s][info][gc,start       ] GC(563) Pause Young (Allocation Failure)
[180.531s][info][gc,heap        ] GC(563) PSYoungGen: 571353K->793K(640512K)
[180.531s][info][gc,heap        ] GC(563) ParOldGen: 126487K->126487K(1398272K)
[180.531s][info][gc,metaspace   ] GC(563) Metaspace: 173096K(184892K)->173096K(184892K) NonClass: 152530K(158128K)->152530K(158128K) Class: 20565K(26764K)->20565K(26764K)
[180.531s][info][gc             ] GC(563) Pause Young (Allocation Failure) 681M->124M(1991M) 2.082ms
[180.531s][info][gc,cpu         ] GC(563) User=0.00s Sys=0.00s Real=0.00s
[180.638s][info][gc,start       ] GC(564) Pause Young (Allocation Failure)
[180.644s][info][gc,heap        ] GC(564) PSYoungGen: 580889K->32042K(638464K)
[180.644s][info][gc,heap        ] GC(564) ParOldGen: 126487K->127137K(1398272K)
[180.644s][info][gc,metaspace   ] GC(564) Metaspace: 173096K(184892K)->173096K(184892K) NonClass: 152530K(158128K)->152530K(158128K) Class: 20565K(26764K)->20565K(26764K)
[180.644s][info][gc             ] GC(564) Pause Young (Allocation Failure) 690M->155M(1989M) 6.010ms
[180.644s][info][gc,cpu         ] GC(564) User=0.00s Sys=0.00s Real=0.00s
[180.713s][info][gc,start       ] GC(565) Pause Young (Allocation Failure)
[180.723s][info][gc,heap        ] GC(565) PSYoungGen: 612138K->35112K(632320K)
[180.723s][info][gc,heap        ] GC(565) ParOldGen: 127137K->157736K(1398272K)
[180.723s][info][gc,metaspace   ] GC(565) Metaspace: 173096K(184892K)->173096K(184892K) NonClass: 152530K(158128K)->152530K(158128K) Class: 20565K(26764K)->20565K(26764K)
[180.723s][info][gc             ] GC(565) Pause Young (Allocation Failure) 721M->188M(1983M) 10.214ms
[180.724s][info][gc,cpu         ] GC(565) User=0.02s Sys=0.00s Real=0.02s
[181.455s][info][gc,start       ] GC(566) Pause Young (Allocation Failure)
[181.461s][info][gc,heap        ] GC(566) PSYoungGen: 607016K->6106K(635392K)
[181.461s][info][gc,heap        ] GC(566) ParOldGen: 157736K->189015K(1398272K)
[181.461s][info][gc,metaspace   ] GC(566) Metaspace: 173096K(184892K)->173096K(184892K) NonClass: 152530K(158128K)->152530K(158128K) Class: 20565K(26764K)->20565K(26764K)
[181.461s][info][gc             ] GC(566) Pause Young (Allocation Failure) 746M->190M(1986M) 6.709ms
[181.461s][info][gc,cpu         ] GC(566) User=0.00s Sys=0.00s Real=0.00s
[181.955s][info][gc,start       ] GC(567) Pause Young (System.gc())
[181.958s][info][gc,heap        ] GC(567) PSYoungGen: 329027K->1883K(640000K)
[181.958s][info][gc,heap        ] GC(567) ParOldGen: 189015K->193785K(1398272K)
[181.958s][info][gc,metaspace   ] GC(567) Metaspace: 173096K(184892K)->173096K(184892K) NonClass: 152530K(158128K)->152530K(158128K) Class: 20565K(26764K)->20565K(26764K)
[181.958s][info][gc             ] GC(567) Pause Young (System.gc()) 505M->191M(1990M) 3.136ms
[181.958s][info][gc,cpu         ] GC(567) User=0.02s Sys=0.00s Real=0.02s
[181.958s][info][gc,start       ] GC(568) Pause Full (System.gc())
[181.958s][info][gc,phases,start] GC(568) Marking Phase
[182.012s][info][gc,phases      ] GC(568) Marking Phase 54.291ms
[182.012s][info][gc,phases,start] GC(568) Summary Phase
[182.012s][info][gc,phases      ] GC(568) Summary Phase 0.011ms
[182.012s][info][gc,phases,start] GC(568) Adjust Roots
[182.033s][info][gc,phases      ] GC(568) Adjust Roots 20.378ms
[182.033s][info][gc,phases,start] GC(568) Compaction Phase
[182.051s][info][gc,phases      ] GC(568) Compaction Phase 17.842ms
[182.051s][info][gc,phases,start] GC(568) Post Compact
[182.052s][info][gc,phases      ] GC(568) Post Compact 1.007ms
[182.052s][info][gc,heap        ] GC(568) PSYoungGen: 1883K->0K(640000K)
[182.052s][info][gc,heap        ] GC(568) ParOldGen: 193785K->126087K(1398272K)
[182.052s][info][gc,metaspace   ] GC(568) Metaspace: 173096K(184892K)->173096K(184892K) NonClass: 152530K(158128K)->152530K(158128K) Class: 20565K(26764K)->20565K(26764K)
[182.052s][info][gc             ] GC(568) Pause Full (System.gc()) 191M->123M(1990M) 93.799ms
[182.052s][info][gc,cpu         ] GC(568) User=0.16s Sys=0.00s Real=0.09s
[182.200s][info][gc,start       ] GC(569) Pause Young (Allocation Failure)
[182.202s][info][gc,heap        ] GC(569) PSYoungGen: 578754K->1089K(637952K)
[182.202s][info][gc,heap        ] GC(569) ParOldGen: 126087K->126087K(1398272K)
[182.202s][info][gc,metaspace   ] GC(569) Metaspace: 173100K(184892K)->173100K(184892K) NonClass: 152535K(158128K)->152535K(158128K) Class: 20565K(26764K)->20565K(26764K)
[182.202s][info][gc             ] GC(569) Pause Young (Allocation Failure) 688M->124M(1988M) 2.062ms
[182.202s][info][gc,cpu         ] GC(569) User=0.00s Sys=0.00s Real=0.00s
[182.284s][info][gc,start       ] GC(570) Pause Young (Allocation Failure)
[182.291s][info][gc,heap        ] GC(570) PSYoungGen: 580039K->37282K(632832K)
[182.291s][info][gc,heap        ] GC(570) ParOldGen: 126087K->126868K(1398272K)
[182.291s][info][gc,metaspace   ] GC(570) Metaspace: 173100K(184892K)->173100K(184892K) NonClass: 152535K(158128K)->152535K(158128K) Class: 20565K(26764K)->20565K(26764K)
[182.291s][info][gc             ] GC(570) Pause Young (Allocation Failure) 689M->160M(1983M) 6.951ms
[182.291s][info][gc,cpu         ] GC(570) User=0.03s Sys=0.00s Real=0.02s
[182.367s][info][gc,start       ] GC(571) Pause Young (Allocation Failure)
[182.377s][info][gc,heap        ] GC(571) PSYoungGen: 613282K->36430K(612864K)
[182.377s][info][gc,heap        ] GC(571) ParOldGen: 126868K->154488K(1398272K)
[182.377s][info][gc,metaspace   ] GC(571) Metaspace: 173100K(184892K)->173100K(184892K) NonClass: 152535K(158128K)->152535K(158128K) Class: 20565K(26764K)->20565K(26764K)
[182.377s][info][gc             ] GC(571) Pause Young (Allocation Failure) 722M->186M(1964M) 10.367ms
[182.377s][info][gc,cpu         ] GC(571) User=0.00s Sys=0.00s Real=0.00s
[183.107s][info][gc,start       ] GC(572) Pause Young (Allocation Failure)
[183.114s][info][gc,heap        ] GC(572) PSYoungGen: 610380K->5036K(636928K)
[183.114s][info][gc,heap        ] GC(572) ParOldGen: 154488K->189622K(1398272K)
[183.114s][info][gc,metaspace   ] GC(572) Metaspace: 173100K(184892K)->173100K(184892K) NonClass: 152535K(158128K)->152535K(158128K) Class: 20565K(26764K)->20565K(26764K)
[183.114s][info][gc             ] GC(572) Pause Young (Allocation Failure) 746M->190M(1987M) 6.781ms
[183.114s][info][gc,cpu         ] GC(572) User=0.00s Sys=0.00s Real=0.00s
[183.574s][info][gc,start       ] GC(573) Pause Young (System.gc())
[183.577s][info][gc,heap        ] GC(573) PSYoungGen: 325752K->1857K(634368K)
[183.577s][info][gc,heap        ] GC(573) ParOldGen: 189622K->193514K(1398272K)
[183.577s][info][gc,metaspace   ] GC(573) Metaspace: 173100K(184892K)->173100K(184892K) NonClass: 152535K(158128K)->152535K(158128K) Class: 20565K(26764K)->20565K(26764K)
[183.577s][info][gc             ] GC(573) Pause Young (System.gc()) 503M->190M(1985M) 3.034ms
[183.577s][info][gc,cpu         ] GC(573) User=0.00s Sys=0.00s Real=0.00s
[183.577s][info][gc,start       ] GC(574) Pause Full (System.gc())
[183.577s][info][gc,phases,start] GC(574) Marking Phase
[183.630s][info][gc,phases      ] GC(574) Marking Phase 53.490ms
[183.630s][info][gc,phases,start] GC(574) Summary Phase
[183.630s][info][gc,phases      ] GC(574) Summary Phase 0.011ms
[183.630s][info][gc,phases,start] GC(574) Adjust Roots
[183.651s][info][gc,phases      ] GC(574) Adjust Roots 20.614ms
[183.651s][info][gc,phases,start] GC(574) Compaction Phase
[183.683s][info][gc,phases      ] GC(574) Compaction Phase 31.514ms
[183.683s][info][gc,phases,start] GC(574) Post Compact
[183.684s][info][gc,phases      ] GC(574) Post Compact 1.141ms
[183.684s][info][gc,heap        ] GC(574) PSYoungGen: 1857K->0K(634368K)
[183.684s][info][gc,heap        ] GC(574) ParOldGen: 193514K->126360K(1398272K)
[183.684s][info][gc,metaspace   ] GC(574) Metaspace: 173100K(184892K)->173100K(184892K) NonClass: 152535K(158128K)->152535K(158128K) Class: 20565K(26764K)->20565K(26764K)
[183.684s][info][gc             ] GC(574) Pause Full (System.gc()) 190M->123M(1985M) 107.091ms
[183.684s][info][gc,cpu         ] GC(574) User=0.16s Sys=0.00s Real=0.11s
[183.806s][info][gc,start       ] GC(575) Pause Young (Allocation Failure)
[183.808s][info][gc,heap        ] GC(575) PSYoungGen: 571378K->915K(641024K)
[183.808s][info][gc,heap        ] GC(575) ParOldGen: 126360K->126360K(1398272K)
[183.808s][info][gc,metaspace   ] GC(575) Metaspace: 173100K(184892K)->173100K(184892K) NonClass: 152535K(158128K)->152535K(158128K) Class: 20565K(26764K)->20565K(26764K)
[183.808s][info][gc             ] GC(575) Pause Young (Allocation Failure) 681M->124M(1991M) 1.992ms
[183.808s][info][gc,cpu         ] GC(575) User=0.02s Sys=0.00s Real=0.02s
[183.912s][info][gc,start       ] GC(576) Pause Young (Allocation Failure)
[183.918s][info][gc,heap        ] GC(576) PSYoungGen: 582035K->34842K(616448K)
[183.918s][info][gc,heap        ] GC(576) ParOldGen: 126360K->127086K(1398272K)
[183.918s][info][gc,metaspace   ] GC(576) Metaspace: 173100K(184892K)->173100K(184892K) NonClass: 152535K(158128K)->152535K(158128K) Class: 20565K(26764K)->20565K(26764K)
[183.918s][info][gc             ] GC(576) Pause Young (Allocation Failure) 691M->158M(1967M) 6.193ms
[183.918s][info][gc,cpu         ] GC(576) User=0.03s Sys=0.00s Real=0.02s
[183.987s][info][gc,start       ] GC(577) Pause Young (Allocation Failure)
[183.996s][info][gc,heap        ] GC(577) PSYoungGen: 615962K->35910K(632320K)
[183.996s][info][gc,heap        ] GC(577) ParOldGen: 127086K->155849K(1398272K)
[183.996s][info][gc,metaspace   ] GC(577) Metaspace: 173100K(184892K)->173100K(184892K) NonClass: 152535K(158128K)->152535K(158128K) Class: 20565K(26764K)->20565K(26764K)
[183.996s][info][gc             ] GC(577) Pause Young (Allocation Failure) 725M->187M(1983M) 9.888ms
[183.996s][info][gc,cpu         ] GC(577) User=0.00s Sys=0.00s Real=0.02s
[184.773s][info][gc,start       ] GC(578) Pause Young (Allocation Failure)
[184.780s][info][gc,heap        ] GC(578) PSYoungGen: 606755K->5105K(634880K)
[184.780s][info][gc,heap        ] GC(578) ParOldGen: 155849K->189989K(1398272K)
[184.780s][info][gc,metaspace   ] GC(578) Metaspace: 173100K(184892K)->173100K(184892K) NonClass: 152535K(158128K)->152535K(158128K) Class: 20565K(26764K)->20565K(26764K)
[184.780s][info][gc             ] GC(578) Pause Young (Allocation Failure) 744M->190M(1985M) 6.886ms
[184.780s][info][gc,cpu         ] GC(578) User=0.00s Sys=0.00s Real=0.00s
[185.229s][info][gc,start       ] GC(579) Pause Young (System.gc())
[185.232s][info][gc,heap        ] GC(579) PSYoungGen: 328065K->1882K(638976K)
[185.232s][info][gc,heap        ] GC(579) ParOldGen: 189989K->193762K(1398272K)
[185.232s][info][gc,metaspace   ] GC(579) Metaspace: 173100K(184892K)->173100K(184892K) NonClass: 152535K(158128K)->152535K(158128K) Class: 20565K(26764K)->20565K(26764K)
[185.232s][info][gc             ] GC(579) Pause Young (System.gc()) 505M->191M(1989M) 3.170ms
[185.232s][info][gc,cpu         ] GC(579) User=0.00s Sys=0.00s Real=0.00s
[185.232s][info][gc,start       ] GC(580) Pause Full (System.gc())
[185.232s][info][gc,phases,start] GC(580) Marking Phase
[185.289s][info][gc,phases      ] GC(580) Marking Phase 57.482ms
[185.290s][info][gc,phases,start] GC(580) Summary Phase
[185.290s][info][gc,phases      ] GC(580) Summary Phase 0.012ms
[185.290s][info][gc,phases,start] GC(580) Adjust Roots
[185.310s][info][gc,phases      ] GC(580) Adjust Roots 20.453ms
[185.310s][info][gc,phases,start] GC(580) Compaction Phase
[185.331s][info][gc,phases      ] GC(580) Compaction Phase 21.034ms
[185.331s][info][gc,phases,start] GC(580) Post Compact
[185.332s][info][gc,phases      ] GC(580) Post Compact 1.043ms
[185.332s][info][gc,heap        ] GC(580) PSYoungGen: 1882K->0K(638976K)
[185.332s][info][gc,heap        ] GC(580) ParOldGen: 193762K->126009K(1398272K)
[185.332s][info][gc,metaspace   ] GC(580) Metaspace: 173100K(184892K)->173100K(184892K) NonClass: 152535K(158128K)->152535K(158128K) Class: 20565K(26764K)->20565K(26764K)
[185.332s][info][gc             ] GC(580) Pause Full (System.gc()) 191M->123M(1989M) 100.329ms
[185.332s][info][gc,cpu         ] GC(580) User=0.11s Sys=0.00s Real=0.10s
[185.457s][info][gc,start       ] GC(581) Pause Young (Allocation Failure)
[185.458s][info][gc,heap        ] GC(581) PSYoungGen: 577024K->1121K(636928K)
[185.458s][info][gc,heap        ] GC(581) ParOldGen: 126009K->126009K(1398272K)
[185.458s][info][gc,metaspace   ] GC(581) Metaspace: 173100K(184892K)->173100K(184892K) NonClass: 152535K(158128K)->152535K(158128K) Class: 20565K(26764K)->20565K(26764K)
[185.458s][info][gc             ] GC(581) Pause Young (Allocation Failure) 686M->124M(1987M) 1.831ms
[185.458s][info][gc,cpu         ] GC(581) User=0.00s Sys=0.00s Real=0.00s
[185.563s][info][gc,start       ] GC(582) Pause Young (Allocation Failure)
[185.570s][info][gc,heap        ] GC(582) PSYoungGen: 578145K->35506K(633856K)
[185.570s][info][gc,heap        ] GC(582) ParOldGen: 126009K->126727K(1398272K)
[185.570s][info][gc,metaspace   ] GC(582) Metaspace: 173100K(184892K)->173100K(184892K) NonClass: 152535K(158128K)->152535K(158128K) Class: 20565K(26764K)->20565K(26764K)
[185.570s][info][gc             ] GC(582) Pause Young (Allocation Failure) 687M->158M(1984M) 6.756ms
[185.570s][info][gc,cpu         ] GC(582) User=0.02s Sys=0.00s Real=0.01s
[185.642s][info][gc,start       ] GC(583) Pause Young (Allocation Failure)
[185.652s][info][gc,heap        ] GC(583) PSYoungGen: 610878K->36392K(612864K)
[185.652s][info][gc,heap        ] GC(583) ParOldGen: 126727K->154429K(1398272K)
[185.652s][info][gc,metaspace   ] GC(583) Metaspace: 173100K(184892K)->173100K(184892K) NonClass: 152535K(158128K)->152535K(158128K) Class: 20565K(26764K)->20565K(26764K)
[185.652s][info][gc             ] GC(583) Pause Young (Allocation Failure) 720M->186M(1964M) 10.116ms
[185.652s][info][gc,cpu         ] GC(583) User=0.02s Sys=0.00s Real=0.01s
[186.391s][info][gc,start       ] GC(584) Pause Young (Allocation Failure)
[186.398s][info][gc,heap        ] GC(584) PSYoungGen: 612392K->5487K(636928K)
[186.398s][info][gc,heap        ] GC(584) ParOldGen: 154429K->188636K(1398272K)
[186.398s][info][gc,metaspace   ] GC(584) Metaspace: 173100K(184892K)->173100K(184892K) NonClass: 152535K(158128K)->152535K(158128K) Class: 20565K(26764K)->20565K(26764K)
[186.398s][info][gc             ] GC(584) Pause Young (Allocation Failure) 748M->189M(1987M) 6.805ms
[186.398s][info][gc,cpu         ] GC(584) User=0.00s Sys=0.00s Real=0.02s
[186.850s][info][gc,start       ] GC(585) Pause Young (System.gc())
[186.853s][info][gc,heap        ] GC(585) PSYoungGen: 326643K->1850K(634368K)
[186.853s][info][gc,heap        ] GC(585) ParOldGen: 188636K->193037K(1398272K)
[186.853s][info][gc,metaspace   ] GC(585) Metaspace: 173102K(184892K)->173102K(184892K) NonClass: 152537K(158128K)->152537K(158128K) Class: 20565K(26764K)->20565K(26764K)
[186.853s][info][gc             ] GC(585) Pause Young (System.gc()) 503M->190M(1985M) 3.284ms
[186.853s][info][gc,cpu         ] GC(585) User=0.00s Sys=0.00s Real=0.02s
[186.853s][info][gc,start       ] GC(586) Pause Full (System.gc())
[186.853s][info][gc,phases,start] GC(586) Marking Phase
[186.908s][info][gc,phases      ] GC(586) Marking Phase 54.838ms
[186.908s][info][gc,phases,start] GC(586) Summary Phase
[186.908s][info][gc,phases      ] GC(586) Summary Phase 0.011ms
[186.908s][info][gc,phases,start] GC(586) Adjust Roots
[186.929s][info][gc,phases      ] GC(586) Adjust Roots 20.431ms
[186.929s][info][gc,phases,start] GC(586) Compaction Phase
[186.950s][info][gc,phases      ] GC(586) Compaction Phase 21.077ms
[186.950s][info][gc,phases,start] GC(586) Post Compact
[186.951s][info][gc,phases      ] GC(586) Post Compact 0.981ms
[186.951s][info][gc,heap        ] GC(586) PSYoungGen: 1850K->0K(634368K)
[186.951s][info][gc,heap        ] GC(586) ParOldGen: 193037K->126352K(1398272K)
[186.951s][info][gc,metaspace   ] GC(586) Metaspace: 173102K(184892K)->173102K(184892K) NonClass: 152537K(158128K)->152537K(158128K) Class: 20565K(26764K)->20565K(26764K)
[186.951s][info][gc             ] GC(586) Pause Full (System.gc()) 190M->123M(1985M) 97.665ms
[186.951s][info][gc,cpu         ] GC(586) User=0.03s Sys=0.00s Real=0.09s
[187.066s][info][gc,start       ] GC(587) Pause Young (Allocation Failure)
[187.067s][info][gc,heap        ] GC(587) PSYoungGen: 572000K->906K(641024K)
[187.067s][info][gc,heap        ] GC(587) ParOldGen: 126352K->126352K(1398272K)
[187.067s][info][gc,metaspace   ] GC(587) Metaspace: 173118K(184892K)->173118K(184892K) NonClass: 152553K(158128K)->152553K(158128K) Class: 20565K(26764K)->20565K(26764K)
[187.067s][info][gc             ] GC(587) Pause Young (Allocation Failure) 681M->124M(1991M) 1.841ms
[187.068s][info][gc,cpu         ] GC(587) User=0.00s Sys=0.00s Real=0.00s
[187.170s][info][gc,start       ] GC(588) Pause Young (Allocation Failure)
[187.176s][info][gc,heap        ] GC(588) PSYoungGen: 582026K->34299K(615424K)
[187.176s][info][gc,heap        ] GC(588) ParOldGen: 126352K->127076K(1398272K)
[187.176s][info][gc,metaspace   ] GC(588) Metaspace: 173118K(184892K)->173118K(184892K) NonClass: 152553K(158128K)->152553K(158128K) Class: 20565K(26764K)->20565K(26764K)
[187.176s][info][gc             ] GC(588) Pause Young (Allocation Failure) 691M->157M(1966M) 6.547ms
[187.176s][info][gc,cpu         ] GC(588) User=0.00s Sys=0.00s Real=0.00s
[187.253s][info][gc,start       ] GC(589) Pause Young (Allocation Failure)
[187.262s][info][gc,heap        ] GC(589) PSYoungGen: 615419K->35329K(632320K)
[187.262s][info][gc,heap        ] GC(589) ParOldGen: 127076K->155150K(1398272K)
[187.262s][info][gc,metaspace   ] GC(589) Metaspace: 173118K(184892K)->173118K(184892K) NonClass: 152553K(158128K)->152553K(158128K) Class: 20565K(26764K)->20565K(26764K)
[187.262s][info][gc             ] GC(589) Pause Young (Allocation Failure) 725M->186M(1983M) 9.965ms
[187.263s][info][gc,cpu         ] GC(589) User=0.02s Sys=0.00s Real=0.01s
[187.993s][info][gc,start       ] GC(590) Pause Young (Allocation Failure)
[188.000s][info][gc,heap        ] GC(590) PSYoungGen: 606209K->5582K(634880K)
[188.000s][info][gc,heap        ] GC(590) ParOldGen: 155150K->188866K(1398272K)
[188.000s][info][gc,metaspace   ] GC(590) Metaspace: 173118K(184892K)->173118K(184892K) NonClass: 152553K(158128K)->152553K(158128K) Class: 20565K(26764K)->20565K(26764K)
[188.000s][info][gc             ] GC(590) Pause Young (Allocation Failure) 743M->189M(1985M) 6.933ms
[188.000s][info][gc,cpu         ] GC(590) User=0.02s Sys=0.00s Real=0.02s
[188.462s][info][gc,start       ] GC(591) Pause Young (System.gc())
[188.465s][info][gc,heap        ] GC(591) PSYoungGen: 327196K->1851K(639488K)
[188.465s][info][gc,heap        ] GC(591) ParOldGen: 188866K->193187K(1398272K)
[188.465s][info][gc,metaspace   ] GC(591) Metaspace: 173169K(184892K)->173169K(184892K) NonClass: 152604K(158128K)->152604K(158128K) Class: 20565K(26764K)->20565K(26764K)
[188.465s][info][gc             ] GC(591) Pause Young (System.gc()) 503M->190M(1990M) 3.335ms
[188.465s][info][gc,cpu         ] GC(591) User=0.00s Sys=0.00s Real=0.00s
[188.465s][info][gc,start       ] GC(592) Pause Full (System.gc())
[188.466s][info][gc,phases,start] GC(592) Marking Phase
[188.522s][info][gc,phases      ] GC(592) Marking Phase 56.657ms
[188.522s][info][gc,phases,start] GC(592) Summary Phase
[188.522s][info][gc,phases      ] GC(592) Summary Phase 0.011ms
[188.522s][info][gc,phases,start] GC(592) Adjust Roots
[188.543s][info][gc,phases      ] GC(592) Adjust Roots 20.578ms
[188.543s][info][gc,phases,start] GC(592) Compaction Phase
[188.563s][info][gc,phases      ] GC(592) Compaction Phase 19.795ms
[188.563s][info][gc,phases,start] GC(592) Post Compact
[188.564s][info][gc,phases      ] GC(592) Post Compact 1.367ms
[188.564s][info][gc,heap        ] GC(592) PSYoungGen: 1851K->0K(639488K)
[188.564s][info][gc,heap        ] GC(592) ParOldGen: 193187K->125955K(1398272K)
[188.564s][info][gc,metaspace   ] GC(592) Metaspace: 173169K(184892K)->173169K(184892K) NonClass: 152604K(158128K)->152604K(158128K) Class: 20565K(26764K)->20565K(26764K)
[188.564s][info][gc             ] GC(592) Pause Full (System.gc()) 190M->123M(1990M) 98.821ms
[188.564s][info][gc,cpu         ] GC(592) User=0.11s Sys=0.00s Real=0.11s
[188.679s][info][gc,start       ] GC(593) Pause Young (Allocation Failure)
[188.681s][info][gc,heap        ] GC(593) PSYoungGen: 578048K->1162K(637440K)
[188.681s][info][gc,heap        ] GC(593) ParOldGen: 125955K->125955K(1398272K)
[188.681s][info][gc,metaspace   ] GC(593) Metaspace: 173175K(184892K)->173175K(184892K) NonClass: 152609K(158128K)->152609K(158128K) Class: 20565K(26764K)->20565K(26764K)
[188.681s][info][gc             ] GC(593) Pause Young (Allocation Failure) 687M->124M(1988M) 2.116ms
[188.681s][info][gc,cpu         ] GC(593) User=0.00s Sys=0.00s Real=0.00s
[188.784s][info][gc,start       ] GC(594) Pause Young (Allocation Failure)
[188.791s][info][gc,heap        ] GC(594) PSYoungGen: 579210K->38334K(632320K)
[188.791s][info][gc,heap        ] GC(594) ParOldGen: 125955K->126682K(1398272K)
[188.791s][info][gc,metaspace   ] GC(594) Metaspace: 173175K(184892K)->173175K(184892K) NonClass: 152609K(158128K)->152609K(158128K) Class: 20565K(26764K)->20565K(26764K)
[188.791s][info][gc             ] GC(594) Pause Young (Allocation Failure) 688M->161M(1983M) 6.841ms
[188.791s][info][gc,cpu         ] GC(594) User=0.02s Sys=0.00s Real=0.00s
[188.865s][info][gc,start       ] GC(595) Pause Young (Allocation Failure)
[188.876s][info][gc,heap        ] GC(595) PSYoungGen: 612869K->36728K(611840K)
[188.876s][info][gc,heap        ] GC(595) ParOldGen: 126682K->153991K(1398272K)
[188.876s][info][gc,metaspace   ] GC(595) Metaspace: 173175K(184892K)->173175K(184892K) NonClass: 152609K(158128K)->152609K(158128K) Class: 20565K(26764K)->20565K(26764K)
[188.876s][info][gc             ] GC(595) Pause Young (Allocation Failure) 722M->186M(1963M) 10.645ms
[188.876s][info][gc,cpu         ] GC(595) User=0.00s Sys=0.00s Real=0.00s
[189.605s][info][gc,start       ] GC(596) Pause Young (Allocation Failure)
[189.612s][info][gc,heap        ] GC(596) PSYoungGen: 611704K->5429K(636416K)
[189.612s][info][gc,heap        ] GC(596) ParOldGen: 153991K->188735K(1398272K)
[189.612s][info][gc,metaspace   ] GC(596) Metaspace: 173175K(184892K)->173175K(184892K) NonClass: 152609K(158128K)->152609K(158128K) Class: 20565K(26764K)->20565K(26764K)
[189.612s][info][gc             ] GC(596) Pause Young (Allocation Failure) 747M->189M(1987M) 6.812ms
[189.612s][info][gc,cpu         ] GC(596) User=0.00s Sys=0.00s Real=0.00s
[190.349s][info][gc,start       ] GC(597) Pause Young (System.gc())
[190.370s][info][gc,heap        ] GC(597) PSYoungGen: 331962K->1842K(633856K)
[190.370s][info][gc,heap        ] GC(597) ParOldGen: 188735K->193050K(1398272K)
[190.370s][info][gc,metaspace   ] GC(597) Metaspace: 173175K(184892K)->173175K(184892K) NonClass: 152609K(158128K)->152609K(158128K) Class: 20565K(26764K)->20565K(26764K)
[190.370s][info][gc             ] GC(597) Pause Young (System.gc()) 508M->190M(1984M) 21.368ms
[190.371s][info][gc,cpu         ] GC(597) User=0.00s Sys=0.00s Real=0.02s
[190.371s][info][gc,start       ] GC(598) Pause Full (System.gc())
[190.371s][info][gc,phases,start] GC(598) Marking Phase
[190.723s][info][gc,phases      ] GC(598) Marking Phase 352.192ms
[190.723s][info][gc,phases,start] GC(598) Summary Phase
[190.724s][info][gc,phases      ] GC(598) Summary Phase 0.119ms
[190.724s][info][gc,phases,start] GC(598) Adjust Roots
[190.899s][info][gc,phases      ] GC(598) Adjust Roots 174.885ms
[190.899s][info][gc,phases,start] GC(598) Compaction Phase
[191.076s][info][gc,phases      ] GC(598) Compaction Phase 177.039ms
[191.076s][info][gc,phases,start] GC(598) Post Compact
[191.077s][info][gc,phases      ] GC(598) Post Compact 1.138ms
[191.077s][info][gc,heap        ] GC(598) PSYoungGen: 1842K->0K(633856K)
[191.077s][info][gc,heap        ] GC(598) ParOldGen: 193050K->126301K(1398272K)
[191.077s][info][gc,metaspace   ] GC(598) Metaspace: 173175K(184892K)->173175K(184892K) NonClass: 152609K(158128K)->152609K(158128K) Class: 20565K(26764K)->20565K(26764K)
[191.077s][info][gc             ] GC(598) Pause Full (System.gc()) 190M->123M(1984M) 706.232ms
[191.077s][info][gc,cpu         ] GC(598) User=1.61s Sys=0.00s Real=0.71s
[191.198s][info][gc,start       ] GC(599) Pause Young (Allocation Failure)
[191.200s][info][gc,heap        ] GC(599) PSYoungGen: 571392K->880K(640000K)
[191.200s][info][gc,heap        ] GC(599) ParOldGen: 126301K->126301K(1398272K)
[191.200s][info][gc,metaspace   ] GC(599) Metaspace: 173182K(184892K)->173182K(184892K) NonClass: 152616K(158128K)->152616K(158128K) Class: 20565K(26764K)->20565K(26764K)
[191.200s][info][gc             ] GC(599) Pause Young (Allocation Failure) 681M->124M(1990M) 2.368ms
[191.200s][info][gc,cpu         ] GC(599) User=0.00s Sys=0.00s Real=0.00s
[191.318s][info][gc,start       ] GC(600) Pause Young (Allocation Failure)
[191.327s][info][gc,heap        ] GC(600) PSYoungGen: 579952K->32958K(612352K)
[191.327s][info][gc,heap        ] GC(600) ParOldGen: 126301K->126937K(1398272K)
[191.327s][info][gc,metaspace   ] GC(600) Metaspace: 173182K(184892K)->173182K(184892K) NonClass: 152616K(158128K)->152616K(158128K) Class: 20565K(26764K)->20565K(26764K)
[191.327s][info][gc             ] GC(600) Pause Young (Allocation Failure) 689M->156M(1963M) 9.343ms
[191.327s][info][gc,cpu         ] GC(600) User=0.02s Sys=0.00s Real=0.01s
[191.411s][info][gc,start       ] GC(601) Pause Young (Allocation Failure)
[191.422s][info][gc,heap        ] GC(601) PSYoungGen: 612030K->35120K(632320K)
[191.422s][info][gc,heap        ] GC(601) ParOldGen: 126937K->155730K(1398272K)
[191.422s][info][gc,metaspace   ] GC(601) Metaspace: 173182K(184892K)->173182K(184892K) NonClass: 152616K(158128K)->152616K(158128K) Class: 20565K(26764K)->20565K(26764K)
[191.422s][info][gc             ] GC(601) Pause Young (Allocation Failure) 721M->186M(1983M) 10.362ms
[191.422s][info][gc,cpu         ] GC(601) User=0.02s Sys=0.00s Real=0.01s
[192.155s][info][gc,start       ] GC(602) Pause Young (Allocation Failure)
[192.162s][info][gc,heap        ] GC(602) PSYoungGen: 606000K->5675K(634880K)
[192.162s][info][gc,heap        ] GC(602) ParOldGen: 155730K->188913K(1398272K)
[192.162s][info][gc,metaspace   ] GC(602) Metaspace: 173182K(184892K)->173182K(184892K) NonClass: 152616K(158128K)->152616K(158128K) Class: 20565K(26764K)->20565K(26764K)
[192.162s][info][gc             ] GC(602) Pause Young (Allocation Failure) 743M->190M(1985M) 6.828ms
[192.162s][info][gc,cpu         ] GC(602) User=0.02s Sys=0.00s Real=0.02s
[192.624s][info][gc,start       ] GC(603) Pause Young (System.gc())
[192.627s][info][gc,heap        ] GC(603) PSYoungGen: 332553K->1891K(639488K)
[192.627s][info][gc,heap        ] GC(603) ParOldGen: 188913K->193282K(1398272K)
[192.627s][info][gc,metaspace   ] GC(603) Metaspace: 173182K(184892K)->173182K(184892K) NonClass: 152617K(158128K)->152617K(158128K) Class: 20565K(26764K)->20565K(26764K)
[192.627s][info][gc             ] GC(603) Pause Young (System.gc()) 509M->190M(1990M) 2.989ms
[192.627s][info][gc,cpu         ] GC(603) User=0.00s Sys=0.00s Real=0.00s
[192.627s][info][gc,start       ] GC(604) Pause Full (System.gc())
[192.627s][info][gc,phases,start] GC(604) Marking Phase
[192.680s][info][gc,phases      ] GC(604) Marking Phase 53.447ms
[192.680s][info][gc,phases,start] GC(604) Summary Phase
[192.680s][info][gc,phases      ] GC(604) Summary Phase 0.011ms
[192.680s][info][gc,phases,start] GC(604) Adjust Roots
[192.701s][info][gc,phases      ] GC(604) Adjust Roots 20.275ms
[192.701s][info][gc,phases,start] GC(604) Compaction Phase
[192.717s][info][gc,phases      ] GC(604) Compaction Phase 16.776ms
[192.718s][info][gc,phases,start] GC(604) Post Compact
[192.719s][info][gc,phases      ] GC(604) Post Compact 1.047ms
[192.719s][info][gc,heap        ] GC(604) PSYoungGen: 1891K->0K(639488K)
[192.719s][info][gc,heap        ] GC(604) ParOldGen: 193282K->125865K(1398272K)
[192.719s][info][gc,metaspace   ] GC(604) Metaspace: 173182K(184892K)->173182K(184892K) NonClass: 152617K(158128K)->152617K(158128K) Class: 20565K(26764K)->20565K(26764K)
[192.719s][info][gc             ] GC(604) Pause Full (System.gc()) 190M->122M(1990M) 91.877ms
[192.719s][info][gc,cpu         ] GC(604) User=0.06s Sys=0.00s Real=0.09s
[192.863s][info][gc,start       ] GC(605) Pause Young (Allocation Failure)
[192.865s][info][gc,heap        ] GC(605) PSYoungGen: 577713K->993K(637440K)
[192.865s][info][gc,heap        ] GC(605) ParOldGen: 125865K->125865K(1398272K)
[192.865s][info][gc,metaspace   ] GC(605) Metaspace: 173182K(184892K)->173182K(184892K) NonClass: 152617K(158128K)->152617K(158128K) Class: 20565K(26764K)->20565K(26764K)
[192.865s][info][gc             ] GC(605) Pause Young (Allocation Failure) 687M->123M(1988M) 2.041ms
[192.865s][info][gc,cpu         ] GC(605) User=0.00s Sys=0.00s Real=0.01s
[192.950s][info][gc,start       ] GC(606) Pause Young (Allocation Failure)
[192.956s][info][gc,heap        ] GC(606) PSYoungGen: 579041K->34223K(635392K)
[192.956s][info][gc,heap        ] GC(606) ParOldGen: 125865K->126583K(1398272K)
[192.956s][info][gc,metaspace   ] GC(606) Metaspace: 173182K(184892K)->173182K(184892K) NonClass: 152617K(158128K)->152617K(158128K) Class: 20565K(26764K)->20565K(26764K)
[192.956s][info][gc             ] GC(606) Pause Young (Allocation Failure) 688M->157M(1986M) 6.493ms
[192.957s][info][gc,cpu         ] GC(606) User=0.00s Sys=0.00s Real=0.00s
[193.032s][info][gc,start       ] GC(607) Pause Young (Allocation Failure)
[193.042s][info][gc,heap        ] GC(607) PSYoungGen: 612271K->33951K(612352K)
[193.042s][info][gc,heap        ] GC(607) ParOldGen: 126583K->155669K(1398272K)
[193.042s][info][gc,metaspace   ] GC(607) Metaspace: 173182K(184892K)->173182K(184892K) NonClass: 152617K(158128K)->152617K(158128K) Class: 20565K(26764K)->20565K(26764K)
[193.042s][info][gc             ] GC(607) Pause Young (Allocation Failure) 721M->185M(1963M) 10.054ms
[193.042s][info][gc,cpu         ] GC(607) User=0.05s Sys=0.00s Real=0.02s
[193.776s][info][gc,start       ] GC(608) Pause Young (Allocation Failure)
[193.782s][info][gc,heap        ] GC(608) PSYoungGen: 611999K->5534K(638464K)
[193.782s][info][gc,heap        ] GC(608) ParOldGen: 155669K->189382K(1398272K)
[193.782s][info][gc,metaspace   ] GC(608) Metaspace: 173182K(184892K)->173182K(184892K) NonClass: 152617K(158128K)->152617K(158128K) Class: 20565K(26764K)->20565K(26764K)
[193.782s][info][gc             ] GC(608) Pause Young (Allocation Failure) 749M->190M(1989M) 6.841ms
[193.782s][info][gc,cpu         ] GC(608) User=0.00s Sys=0.00s Real=0.02s
[194.228s][info][gc,start       ] GC(609) Pause Young (System.gc())
[194.231s][info][gc,heap        ] GC(609) PSYoungGen: 317815K->1802K(635904K)
[194.231s][info][gc,heap        ] GC(609) ParOldGen: 189382K->192845K(1398272K)
[194.231s][info][gc,metaspace   ] GC(609) Metaspace: 173182K(184892K)->173182K(184892K) NonClass: 152617K(158128K)->152617K(158128K) Class: 20565K(26764K)->20565K(26764K)
[194.231s][info][gc             ] GC(609) Pause Young (System.gc()) 495M->190M(1986M) 2.901ms
[194.231s][info][gc,cpu         ] GC(609) User=0.00s Sys=0.00s Real=0.01s
[194.231s][info][gc,start       ] GC(610) Pause Full (System.gc())
[194.231s][info][gc,phases,start] GC(610) Marking Phase
[194.286s][info][gc,phases      ] GC(610) Marking Phase 55.104ms
[194.286s][info][gc,phases,start] GC(610) Summary Phase
[194.286s][info][gc,phases      ] GC(610) Summary Phase 0.011ms
[194.286s][info][gc,phases,start] GC(610) Adjust Roots
[194.307s][info][gc,phases      ] GC(610) Adjust Roots 20.480ms
[194.307s][info][gc,phases,start] GC(610) Compaction Phase
[194.340s][info][gc,phases      ] GC(610) Compaction Phase 33.334ms
[194.340s][info][gc,phases,start] GC(610) Post Compact
[194.341s][info][gc,phases      ] GC(610) Post Compact 1.238ms
[194.341s][info][gc,heap        ] GC(610) PSYoungGen: 1802K->0K(635904K)
[194.342s][info][gc,heap        ] GC(610) ParOldGen: 192845K->126216K(1398272K)
[194.342s][info][gc,metaspace   ] GC(610) Metaspace: 173182K(184892K)->173182K(184892K) NonClass: 152617K(158128K)->152617K(158128K) Class: 20565K(26764K)->20565K(26764K)
[194.342s][info][gc             ] GC(610) Pause Full (System.gc()) 190M->123M(1986M) 110.510ms
[194.342s][info][gc,cpu         ] GC(610) User=0.16s Sys=0.00s Real=0.11s
[194.459s][info][gc,start       ] GC(611) Pause Young (Allocation Failure)
[194.460s][info][gc,heap        ] GC(611) PSYoungGen: 572648K->915K(642048K)
[194.460s][info][gc,heap        ] GC(611) ParOldGen: 126216K->126216K(1398272K)
[194.460s][info][gc,metaspace   ] GC(611) Metaspace: 173182K(184892K)->173182K(184892K) NonClass: 152617K(158128K)->152617K(158128K) Class: 20565K(26764K)->20565K(26764K)
[194.460s][info][gc             ] GC(611) Pause Young (Allocation Failure) 682M->124M(1992M) 1.890ms
[194.461s][info][gc,cpu         ] GC(611) User=0.00s Sys=0.00s Real=0.00s
[194.567s][info][gc,start       ] GC(612) Pause Young (Allocation Failure)
[194.573s][info][gc,heap        ] GC(612) PSYoungGen: 584067K->34567K(618496K)
[194.573s][info][gc,heap        ] GC(612) ParOldGen: 126216K->126940K(1398272K)
[194.573s][info][gc,metaspace   ] GC(612) Metaspace: 173182K(184892K)->173182K(184892K) NonClass: 152617K(158128K)->152617K(158128K) Class: 20565K(26764K)->20565K(26764K)
[194.573s][info][gc             ] GC(612) Pause Young (Allocation Failure) 693M->157M(1969M) 6.714ms
[194.573s][info][gc,cpu         ] GC(612) User=0.02s Sys=0.00s Real=0.00s
[194.652s][info][gc,start       ] GC(613) Pause Young (Allocation Failure)
[194.662s][info][gc,heap        ] GC(613) PSYoungGen: 618247K->35205K(632832K)
[194.662s][info][gc,heap        ] GC(613) ParOldGen: 126940K->155360K(1398272K)
[194.662s][info][gc,metaspace   ] GC(613) Metaspace: 173182K(184892K)->173182K(184892K) NonClass: 152617K(158128K)->152617K(158128K) Class: 20565K(26764K)->20565K(26764K)
[194.662s][info][gc             ] GC(613) Pause Young (Allocation Failure) 727M->186M(1983M) 10.165ms
[194.662s][info][gc,cpu         ] GC(613) User=0.02s Sys=0.00s Real=0.00s
[195.398s][info][gc,start       ] GC(614) Pause Young (Allocation Failure)
[195.405s][info][gc,heap        ] GC(614) PSYoungGen: 608133K->5294K(635904K)
[195.405s][info][gc,heap        ] GC(614) ParOldGen: 155360K->189749K(1398272K)
[195.405s][info][gc,metaspace   ] GC(614) Metaspace: 173182K(184892K)->173182K(184892K) NonClass: 152617K(158128K)->152617K(158128K) Class: 20565K(26764K)->20565K(26764K)
[195.405s][info][gc             ] GC(614) Pause Young (Allocation Failure) 745M->190M(1986M) 6.889ms
[195.405s][info][gc,cpu         ] GC(614) User=0.00s Sys=0.00s Real=0.00s
[196.034s][info][gc,heap,exit   ] Heap
[196.034s][info][gc,heap,exit   ]  PSYoungGen      total 635904K, used 370493K [0x00000000d5580000, 0x0000000100000000, 0x0000000100000000)
[196.034s][info][gc,heap,exit   ]   eden space 572928K, 63% used [0x00000000d5580000,0x00000000eba23ba8,0x00000000f8500000)
[196.034s][info][gc,heap,exit   ]   from space 62976K, 8% used [0x00000000f8500000,0x00000000f8a2ba80,0x00000000fc280000)
[196.034s][info][gc,heap,exit   ]   to   space 60416K, 0% used [0x00000000fc500000,0x00000000fc500000,0x0000000100000000)
[196.034s][info][gc,heap,exit   ]  ParOldGen       total 1398272K, used 189749K [0x0000000080000000, 0x00000000d5580000, 0x00000000d5580000)
[196.034s][info][gc,heap,exit   ]   object space 1398272K, 13% used [0x0000000080000000,0x000000008b94d6d0,0x00000000d5580000)
[196.034s][info][gc,heap,exit   ]  Metaspace       used 173687K, capacity 182166K, committed 185276K, reserved 1208320K
[196.034s][info][gc,heap,exit   ]   class space    used 20678K, capacity 24515K, committed 26892K, reserved 1048576K
