[0.008s][info][gc,init] CardTable entry size: 512
[0.008s][info][gc     ] Using Parallel
[0.013s][info][gc,init] Version: 21.0.4+7-adhoc.Administrator.jdk21u (release)
[0.013s][info][gc,init] CPUs: 6 total, 6 available
[0.013s][info][gc,init] Memory: 15591M
[0.013s][info][gc,init] Large Page Support: Disabled
[0.013s][info][gc,init] NUMA Support: Disabled
[0.013s][info][gc,init] Compressed Oops: Enabled (32-bit)
[0.013s][info][gc,init] Alignments: Space 512K, Generation 512K, Heap 2M
[0.013s][info][gc,init] Heap Min Capacity: 2G
[0.013s][info][gc,init] Heap Initial Capacity: 2G
[0.013s][info][gc,init] Heap Max Capacity: 2G
[0.016s][info][gc,init] Pre-touch: Disabled
[0.016s][info][gc,init] Parallel Workers: 6
[0.023s][info][gc,metaspace] CDS archive(s) mapped at: [0x0000019fa8000000-0x0000019fa8c90000-0x0000019fa8c90000), size 13172736, SharedBaseAddress: 0x0000019fa8000000, ArchiveRelocationMode: 1.
[0.023s][info][gc,metaspace] Compressed class space mapped at: 0x0000019fa9000000-0x0000019fe9000000, reserved size: 1073741824
[0.023s][info][gc,metaspace] Narrow klass base: 0x0000019fa8000000, Narrow klass shift: 0, Narrow klass range: 0x100000000
[0.403s][info][gc,start    ] GC(0) Pause Young (System.gc())
[0.407s][info][gc,heap     ] GC(0) PSYoungGen: 98568K(611840K)->10783K(611840K) Eden: 98568K(524800K)->0K(524800K) From: 0K(87040K)->10783K(87040K)
[0.407s][info][gc,heap     ] GC(0) ParOldGen: 0K(1398272K)->16K(1398272K)
[0.407s][info][gc,metaspace] GC(0) Metaspace: 4330K(4544K)->4330K(4544K) NonClass: 3894K(4032K)->3894K(4032K) Class: 435K(512K)->435K(512K)
[0.407s][info][gc          ] GC(0) Pause Young (System.gc()) 96M->10M(1963M) 3.396ms
[0.407s][info][gc,cpu      ] GC(0) User=0.00s Sys=0.00s Real=0.02s
[0.407s][info][gc,start    ] GC(1) Pause Full (System.gc())
[0.407s][info][gc,phases,start] GC(1) Marking Phase
[0.409s][info][gc,phases      ] GC(1) Marking Phase 2.215ms
[0.409s][info][gc,phases,start] GC(1) Summary Phase
[0.409s][info][gc,phases      ] GC(1) Summary Phase 0.011ms
[0.409s][info][gc,phases,start] GC(1) Adjust Roots
[0.410s][info][gc,phases      ] GC(1) Adjust Roots 0.748ms
[0.410s][info][gc,phases,start] GC(1) Compaction Phase
[0.412s][info][gc,phases      ] GC(1) Compaction Phase 2.339ms
[0.412s][info][gc,phases,start] GC(1) Post Compact
[0.413s][info][gc,phases      ] GC(1) Post Compact 0.453ms
[0.413s][info][gc,heap        ] GC(1) PSYoungGen: 10783K(611840K)->0K(611840K) Eden: 0K(524800K)->0K(524800K) From: 10783K(87040K)->0K(87040K)
[0.413s][info][gc,heap        ] GC(1) ParOldGen: 16K(1398272K)->10696K(1398272K)
[0.413s][info][gc,metaspace   ] GC(1) Metaspace: 4330K(4544K)->4330K(4544K) NonClass: 3894K(4032K)->3894K(4032K) Class: 435K(512K)->435K(512K)
[0.413s][info][gc             ] GC(1) Pause Full (System.gc()) 10M->10M(1963M) 5.956ms
[0.413s][info][gc,cpu         ] GC(1) User=0.00s Sys=0.00s Real=0.00s
[0.884s][info][gc,start       ] GC(2) Pause Young (Allocation Failure)
[0.886s][info][gc,heap        ] GC(2) PSYoungGen: 524800K(611840K)->4002K(611840K) Eden: 524800K(524800K)->0K(524800K) From: 0K(87040K)->4002K(87040K)
[0.886s][info][gc,heap        ] GC(2) ParOldGen: 10696K(1398272K)->10704K(1398272K)
[0.886s][info][gc,metaspace   ] GC(2) Metaspace: 6353K(6592K)->6353K(6592K) NonClass: 5732K(5888K)->5732K(5888K) Class: 620K(704K)->620K(704K)
[0.886s][info][gc             ] GC(2) Pause Young (Allocation Failure) 522M->14M(1963M) 2.071ms
[0.886s][info][gc,cpu         ] GC(2) User=0.00s Sys=0.00s Real=0.00s
[1.135s][info][gc,start       ] GC(3) Pause Young (Allocation Failure)
[1.136s][info][gc,heap        ] GC(3) PSYoungGen: 528802K(611840K)->4004K(611840K) Eden: 524800K(524800K)->0K(524800K) From: 4002K(87040K)->4004K(87040K)
[1.136s][info][gc,heap        ] GC(3) ParOldGen: 10704K(1398272K)->10712K(1398272K)
[1.136s][info][gc,metaspace   ] GC(3) Metaspace: 6355K(6592K)->6355K(6592K) NonClass: 5734K(5888K)->5734K(5888K) Class: 620K(704K)->620K(704K)
[1.136s][info][gc             ] GC(3) Pause Young (Allocation Failure) 526M->14M(1963M) 1.151ms
[1.136s][info][gc,cpu         ] GC(3) User=0.00s Sys=0.00s Real=0.00s
[1.439s][info][gc,start       ] GC(4) Pause Young (Allocation Failure)
[1.440s][info][gc,heap        ] GC(4) PSYoungGen: 528804K(611840K)->3940K(611840K) Eden: 524800K(524800K)->0K(524800K) From: 4004K(87040K)->3940K(87040K)
[1.440s][info][gc,heap        ] GC(4) ParOldGen: 10712K(1398272K)->10720K(1398272K)
[1.440s][info][gc,metaspace   ] GC(4) Metaspace: 6355K(6592K)->6355K(6592K) NonClass: 5735K(5888K)->5735K(5888K) Class: 620K(704K)->620K(704K)
[1.440s][info][gc             ] GC(4) Pause Young (Allocation Failure) 526M->14M(1963M) 1.129ms
[1.440s][info][gc,cpu         ] GC(4) User=0.00s Sys=0.00s Real=0.00s
[1.756s][info][gc,start       ] GC(5) Pause Young (Allocation Failure)
[1.757s][info][gc,heap        ] GC(5) PSYoungGen: 528740K(611840K)->3945K(611840K) Eden: 524800K(524800K)->0K(524800K) From: 3940K(87040K)->3945K(87040K)
[1.757s][info][gc,heap        ] GC(5) ParOldGen: 10720K(1398272K)->10728K(1398272K)
[1.757s][info][gc,metaspace   ] GC(5) Metaspace: 6356K(6592K)->6356K(6592K) NonClass: 5735K(5888K)->5735K(5888K) Class: 620K(704K)->620K(704K)
[1.757s][info][gc             ] GC(5) Pause Young (Allocation Failure) 526M->14M(1963M) 1.330ms
[1.757s][info][gc,cpu         ] GC(5) User=0.00s Sys=0.02s Real=0.00s
[2.023s][info][gc,start       ] GC(6) Pause Young (Allocation Failure)
[2.024s][info][gc,heap        ] GC(6) PSYoungGen: 528745K(611840K)->3988K(688640K) Eden: 524800K(524800K)->0K(601600K) From: 3945K(87040K)->3988K(87040K)
[2.024s][info][gc,heap        ] GC(6) ParOldGen: 10728K(1398272K)->10736K(1398272K)
[2.024s][info][gc,metaspace   ] GC(6) Metaspace: 6357K(6592K)->6357K(6592K) NonClass: 5736K(5888K)->5736K(5888K) Class: 620K(704K)->620K(704K)
[2.025s][info][gc             ] GC(6) Pause Young (Allocation Failure) 526M->14M(2038M) 1.212ms
[2.025s][info][gc,cpu         ] GC(6) User=0.00s Sys=0.00s Real=0.00s
[2.275s][info][gc,start       ] GC(7) Pause Young (Allocation Failure)
[2.276s][info][gc,heap        ] GC(7) PSYoungGen: 605588K(688640K)->3442K(611840K) Eden: 601600K(601600K)->0K(601600K) From: 3988K(87040K)->3442K(10240K)
[2.276s][info][gc,heap        ] GC(7) ParOldGen: 10736K(1398272K)->10736K(1398272K)
[2.276s][info][gc,metaspace   ] GC(7) Metaspace: 6357K(6592K)->6357K(6592K) NonClass: 5736K(5888K)->5736K(5888K) Class: 620K(704K)->620K(704K)
[2.276s][info][gc             ] GC(7) Pause Young (Allocation Failure) 601M->13M(1963M) 1.450ms
[2.276s][info][gc,cpu         ] GC(7) User=0.00s Sys=0.00s Real=0.00s
[2.687s][info][gc,start       ] GC(8) Pause Young (Allocation Failure)
[2.688s][info][gc,heap        ] GC(8) PSYoungGen: 605042K(611840K)->2066K(688640K) Eden: 601600K(601600K)->0K(678400K) From: 3442K(10240K)->2066K(10240K)
[2.688s][info][gc,heap        ] GC(8) ParOldGen: 10736K(1398272K)->12604K(1398272K)
[2.688s][info][gc,metaspace   ] GC(8) Metaspace: 6357K(6592K)->6357K(6592K) NonClass: 5736K(5888K)->5736K(5888K) Class: 620K(704K)->620K(704K)
[2.688s][info][gc             ] GC(8) Pause Young (Allocation Failure) 601M->14M(2038M) 1.379ms
[2.688s][info][gc,cpu         ] GC(8) User=0.00s Sys=0.00s Real=0.00s
[3.109s][info][gc,start       ] GC(9) Pause Young (Allocation Failure)
[3.110s][info][gc,heap        ] GC(9) PSYoungGen: 680466K(688640K)->2144K(688640K) Eden: 678400K(678400K)->0K(678400K) From: 2066K(10240K)->2144K(10240K)
[3.110s][info][gc,heap        ] GC(9) ParOldGen: 12604K(1398272K)->12604K(1398272K)
[3.110s][info][gc,metaspace   ] GC(9) Metaspace: 6358K(6592K)->6358K(6592K) NonClass: 5737K(5888K)->5737K(5888K) Class: 620K(704K)->620K(704K)
[3.110s][info][gc             ] GC(9) Pause Young (Allocation Failure) 676M->14M(2038M) 0.982ms
[3.110s][info][gc,cpu         ] GC(9) User=0.00s Sys=0.00s Real=0.00s
[3.535s][info][gc,start       ] GC(10) Pause Young (Allocation Failure)
[3.535s][info][gc,heap        ] GC(10) PSYoungGen: 680544K(688640K)->2226K(689152K) Eden: 678400K(678400K)->0K(679424K) From: 2144K(10240K)->2226K(9728K)
[3.535s][info][gc,heap        ] GC(10) ParOldGen: 12604K(1398272K)->12612K(1398272K)
[3.536s][info][gc,metaspace   ] GC(10) Metaspace: 6370K(6592K)->6370K(6592K) NonClass: 5749K(5888K)->5749K(5888K) Class: 620K(704K)->620K(704K)
[3.536s][info][gc             ] GC(10) Pause Young (Allocation Failure) 676M->14M(2038M) 1.008ms
[3.536s][info][gc,cpu         ] GC(10) User=0.00s Sys=0.00s Real=0.00s
[3.896s][info][gc,start       ] GC(11) Pause Young (Allocation Failure)
[3.897s][info][gc,heap        ] GC(11) PSYoungGen: 681650K(689152K)->2034K(689152K) Eden: 679424K(679424K)->0K(679424K) From: 2226K(9728K)->2034K(9728K)
[3.897s][info][gc,heap        ] GC(11) ParOldGen: 12612K(1398272K)->12612K(1398272K)
[3.897s][info][gc,metaspace   ] GC(11) Metaspace: 6370K(6592K)->6370K(6592K) NonClass: 5749K(5888K)->5749K(5888K) Class: 620K(704K)->620K(704K)
[3.897s][info][gc             ] GC(11) Pause Young (Allocation Failure) 677M->14M(2038M) 0.982ms
[3.897s][info][gc,cpu         ] GC(11) User=0.00s Sys=0.00s Real=0.00s
[4.213s][info][gc,start       ] GC(12) Pause Young (Allocation Failure)
[4.214s][info][gc,heap        ] GC(12) PSYoungGen: 681458K(689152K)->2098K(689664K) Eden: 679424K(679424K)->0K(679936K) From: 2034K(9728K)->2098K(9728K)
[4.214s][info][gc,heap        ] GC(12) ParOldGen: 12612K(1398272K)->12612K(1398272K)
[4.214s][info][gc,metaspace   ] GC(12) Metaspace: 6370K(6592K)->6370K(6592K) NonClass: 5749K(5888K)->5749K(5888K) Class: 620K(704K)->620K(704K)
[4.214s][info][gc             ] GC(12) Pause Young (Allocation Failure) 677M->14M(2039M) 0.830ms
[4.214s][info][gc,cpu         ] GC(12) User=0.00s Sys=0.00s Real=0.00s
[4.515s][info][gc,start       ] GC(13) Pause Young (Allocation Failure)
[4.516s][info][gc,heap        ] GC(13) PSYoungGen: 682034K(689664K)->2034K(689152K) Eden: 679936K(679936K)->0K(679936K) From: 2098K(9728K)->2034K(9216K)
[4.516s][info][gc,heap        ] GC(13) ParOldGen: 12612K(1398272K)->12612K(1398272K)
[4.516s][info][gc,metaspace   ] GC(13) Metaspace: 6370K(6592K)->6370K(6592K) NonClass: 5749K(5888K)->5749K(5888K) Class: 620K(704K)->620K(704K)
[4.516s][info][gc             ] GC(13) Pause Young (Allocation Failure) 678M->14M(2038M) 0.868ms
[4.516s][info][gc,cpu         ] GC(13) User=0.00s Sys=0.00s Real=0.00s
[4.853s][info][gc,start       ] GC(14) Pause Young (Allocation Failure)
[4.854s][info][gc,heap        ] GC(14) PSYoungGen: 681970K(689152K)->2162K(690176K) Eden: 679936K(679936K)->0K(680960K) From: 2034K(9216K)->2162K(9216K)
[4.854s][info][gc,heap        ] GC(14) ParOldGen: 12612K(1398272K)->12612K(1398272K)
[4.854s][info][gc,metaspace   ] GC(14) Metaspace: 6370K(6592K)->6370K(6592K) NonClass: 5749K(5888K)->5749K(5888K) Class: 620K(704K)->620K(704K)
[4.854s][info][gc             ] GC(14) Pause Young (Allocation Failure) 678M->14M(2039M) 0.932ms
[4.854s][info][gc,cpu         ] GC(14) User=0.00s Sys=0.00s Real=0.00s
[5.178s][info][gc,start       ] GC(15) Pause Young (Allocation Failure)
[5.178s][info][gc,heap        ] GC(15) PSYoungGen: 683122K(690176K)->2002K(689664K) Eden: 680960K(680960K)->0K(680960K) From: 2162K(9216K)->2002K(8704K)
[5.179s][info][gc,heap        ] GC(15) ParOldGen: 12612K(1398272K)->12628K(1398272K)
[5.179s][info][gc,metaspace   ] GC(15) Metaspace: 6370K(6592K)->6370K(6592K) NonClass: 5749K(5888K)->5749K(5888K) Class: 620K(704K)->620K(704K)
[5.179s][info][gc             ] GC(15) Pause Young (Allocation Failure) 679M->14M(2039M) 0.786ms
[5.179s][info][gc,cpu         ] GC(15) User=0.00s Sys=0.00s Real=0.00s
[5.563s][info][gc,start       ] GC(16) Pause Young (Allocation Failure)
[5.564s][info][gc,heap        ] GC(16) PSYoungGen: 682962K(689664K)->2066K(690688K) Eden: 680960K(680960K)->0K(681984K) From: 2002K(8704K)->2066K(8704K)
[5.564s][info][gc,heap        ] GC(16) ParOldGen: 12628K(1398272K)->12628K(1398272K)
[5.564s][info][gc,metaspace   ] GC(16) Metaspace: 6370K(6592K)->6370K(6592K) NonClass: 5749K(5888K)->5749K(5888K) Class: 620K(704K)->620K(704K)
[5.564s][info][gc             ] GC(16) Pause Young (Allocation Failure) 679M->14M(2040M) 0.885ms
[5.564s][info][gc,cpu         ] GC(16) User=0.00s Sys=0.00s Real=0.00s
[5.978s][info][gc,start       ] GC(17) Pause Young (Allocation Failure)
[5.979s][info][gc,heap        ] GC(17) PSYoungGen: 684050K(690688K)->2085K(690176K) Eden: 681984K(681984K)->0K(681984K) From: 2066K(8704K)->2085K(8192K)
[5.979s][info][gc,heap        ] GC(17) ParOldGen: 12628K(1398272K)->12628K(1398272K)
[5.979s][info][gc,metaspace   ] GC(17) Metaspace: 6375K(6592K)->6375K(6592K) NonClass: 5755K(5888K)->5755K(5888K) Class: 620K(704K)->620K(704K)
[5.979s][info][gc             ] GC(17) Pause Young (Allocation Failure) 680M->14M(2039M) 1.049ms
[5.979s][info][gc,cpu         ] GC(17) User=0.00s Sys=0.00s Real=0.00s
[6.324s][info][gc,start       ] GC(18) Pause Young (Allocation Failure)
[6.325s][info][gc,heap        ] GC(18) PSYoungGen: 684069K(690176K)->2162K(691200K) Eden: 681984K(681984K)->0K(683520K) From: 2085K(8192K)->2162K(7680K)
[6.325s][info][gc,heap        ] GC(18) ParOldGen: 12628K(1398272K)->12628K(1398272K)
[6.325s][info][gc,metaspace   ] GC(18) Metaspace: 6375K(6592K)->6375K(6592K) NonClass: 5755K(5888K)->5755K(5888K) Class: 620K(704K)->620K(704K)
[6.325s][info][gc             ] GC(18) Pause Young (Allocation Failure) 680M->14M(2040M) 0.919ms
[6.325s][info][gc,cpu         ] GC(18) User=0.00s Sys=0.00s Real=0.00s
[6.696s][info][gc,start       ] GC(19) Pause Young (Allocation Failure)
[6.697s][info][gc,heap        ] GC(19) PSYoungGen: 685682K(691200K)->2098K(691200K) Eden: 683520K(683520K)->0K(683520K) From: 2162K(7680K)->2098K(7680K)
[6.697s][info][gc,heap        ] GC(19) ParOldGen: 12628K(1398272K)->12628K(1398272K)
[6.697s][info][gc,metaspace   ] GC(19) Metaspace: 6375K(6592K)->6375K(6592K) NonClass: 5755K(5888K)->5755K(5888K) Class: 620K(704K)->620K(704K)
[6.697s][info][gc             ] GC(19) Pause Young (Allocation Failure) 681M->14M(2040M) 0.896ms
[6.697s][info][gc,cpu         ] GC(19) User=0.00s Sys=0.00s Real=0.00s
[7.071s][info][gc,start       ] GC(20) Pause Young (Allocation Failure)
[7.072s][info][gc,heap        ] GC(20) PSYoungGen: 685618K(691200K)->2130K(691712K) Eden: 683520K(683520K)->0K(684544K) From: 2098K(7680K)->2130K(7168K)
[7.072s][info][gc,heap        ] GC(20) ParOldGen: 12628K(1398272K)->12628K(1398272K)
[7.072s][info][gc,metaspace   ] GC(20) Metaspace: 6375K(6592K)->6375K(6592K) NonClass: 5755K(5888K)->5755K(5888K) Class: 620K(704K)->620K(704K)
[7.072s][info][gc             ] GC(20) Pause Young (Allocation Failure) 681M->14M(2041M) 0.929ms
[7.072s][info][gc,cpu         ] GC(20) User=0.00s Sys=0.00s Real=0.00s
[7.446s][info][gc,start       ] GC(21) Pause Young (Allocation Failure)
[7.447s][info][gc,heap        ] GC(21) PSYoungGen: 686674K(691712K)->2130K(691712K) Eden: 684544K(684544K)->0K(684544K) From: 2130K(7168K)->2130K(7168K)
[7.447s][info][gc,heap        ] GC(21) ParOldGen: 12628K(1398272K)->12628K(1398272K)
[7.447s][info][gc,metaspace   ] GC(21) Metaspace: 6375K(6592K)->6375K(6592K) NonClass: 5755K(5888K)->5755K(5888K) Class: 620K(704K)->620K(704K)
[7.447s][info][gc             ] GC(21) Pause Young (Allocation Failure) 682M->14M(2041M) 0.922ms
[7.447s][info][gc,cpu         ] GC(21) User=0.00s Sys=0.00s Real=0.00s
[7.790s][info][gc,start       ] GC(22) Pause Young (Allocation Failure)
[7.791s][info][gc,heap        ] GC(22) PSYoungGen: 686674K(691712K)->2176K(692224K) Eden: 684544K(684544K)->0K(685568K) From: 2130K(7168K)->2176K(6656K)
[7.791s][info][gc,heap        ] GC(22) ParOldGen: 12628K(1398272K)->12628K(1398272K)
[7.791s][info][gc,metaspace   ] GC(22) Metaspace: 6375K(6592K)->6375K(6592K) NonClass: 5755K(5888K)->5755K(5888K) Class: 620K(704K)->620K(704K)
[7.791s][info][gc             ] GC(22) Pause Young (Allocation Failure) 682M->14M(2041M) 1.014ms
[7.791s][info][gc,cpu         ] GC(22) User=0.00s Sys=0.00s Real=0.00s
[8.059s][info][gc,start       ] GC(23) Pause Young (Allocation Failure)
[8.060s][info][gc,heap        ] GC(23) PSYoungGen: 687744K(692224K)->2048K(692224K) Eden: 685568K(685568K)->0K(685568K) From: 2176K(6656K)->2048K(6656K)
[8.060s][info][gc,heap        ] GC(23) ParOldGen: 12628K(1398272K)->12628K(1398272K)
[8.060s][info][gc,metaspace   ] GC(23) Metaspace: 6375K(6592K)->6375K(6592K) NonClass: 5755K(5888K)->5755K(5888K) Class: 620K(704K)->620K(704K)
[8.060s][info][gc             ] GC(23) Pause Young (Allocation Failure) 683M->14M(2041M) 0.875ms
[8.060s][info][gc,cpu         ] GC(23) User=0.00s Sys=0.00s Real=0.00s
[8.324s][info][gc,start       ] GC(24) Pause Young (Allocation Failure)
[8.325s][info][gc,heap        ] GC(24) PSYoungGen: 687616K(692224K)->2066K(692736K) Eden: 685568K(685568K)->0K(686592K) From: 2048K(6656K)->2066K(6144K)
[8.325s][info][gc,heap        ] GC(24) ParOldGen: 12628K(1398272K)->12628K(1398272K)
[8.325s][info][gc,metaspace   ] GC(24) Metaspace: 6375K(6592K)->6375K(6592K) NonClass: 5755K(5888K)->5755K(5888K) Class: 620K(704K)->620K(704K)
[8.325s][info][gc             ] GC(24) Pause Young (Allocation Failure) 683M->14M(2042M) 0.901ms
[8.325s][info][gc,cpu         ] GC(24) User=0.00s Sys=0.00s Real=0.00s
[8.667s][info][gc,start       ] GC(25) Pause Young (Allocation Failure)
[8.668s][info][gc,heap        ] GC(25) PSYoungGen: 688658K(692736K)->2112K(692736K) Eden: 686592K(686592K)->0K(686592K) From: 2066K(6144K)->2112K(6144K)
[8.668s][info][gc,heap        ] GC(25) ParOldGen: 12628K(1398272K)->12628K(1398272K)
[8.668s][info][gc,metaspace   ] GC(25) Metaspace: 6375K(6592K)->6375K(6592K) NonClass: 5755K(5888K)->5755K(5888K) Class: 620K(704K)->620K(704K)
[8.668s][info][gc             ] GC(25) Pause Young (Allocation Failure) 684M->14M(2042M) 0.952ms
[8.668s][info][gc,cpu         ] GC(25) User=0.00s Sys=0.00s Real=0.00s
[9.014s][info][gc,start       ] GC(26) Pause Young (Allocation Failure)
[9.015s][info][gc,heap        ] GC(26) PSYoungGen: 688704K(692736K)->2258K(693248K) Eden: 686592K(686592K)->0K(687616K) From: 2112K(6144K)->2258K(5632K)
[9.015s][info][gc,heap        ] GC(26) ParOldGen: 12628K(1398272K)->12628K(1398272K)
[9.015s][info][gc,metaspace   ] GC(26) Metaspace: 6375K(6592K)->6375K(6592K) NonClass: 5755K(5888K)->5755K(5888K) Class: 620K(704K)->620K(704K)
[9.015s][info][gc             ] GC(26) Pause Young (Allocation Failure) 684M->14M(2042M) 0.858ms
[9.015s][info][gc,cpu         ] GC(26) User=0.00s Sys=0.00s Real=0.00s
[9.342s][info][gc,start       ] GC(27) Pause Young (Allocation Failure)
[9.343s][info][gc,heap        ] GC(27) PSYoungGen: 689874K(693248K)->2130K(693248K) Eden: 687616K(687616K)->0K(687616K) From: 2258K(5632K)->2130K(5632K)
[9.343s][info][gc,heap        ] GC(27) ParOldGen: 12628K(1398272K)->12628K(1398272K)
[9.343s][info][gc,metaspace   ] GC(27) Metaspace: 6375K(6592K)->6375K(6592K) NonClass: 5755K(5888K)->5755K(5888K) Class: 620K(704K)->620K(704K)
[9.343s][info][gc             ] GC(27) Pause Young (Allocation Failure) 686M->14M(2042M) 0.785ms
[9.343s][info][gc,cpu         ] GC(27) User=0.00s Sys=0.00s Real=0.00s
[9.713s][info][gc,start       ] GC(28) Pause Young (Allocation Failure)
[9.714s][info][gc,heap        ] GC(28) PSYoungGen: 689746K(693248K)->2130K(693760K) Eden: 687616K(687616K)->0K(688640K) From: 2130K(5632K)->2130K(5120K)
[9.714s][info][gc,heap        ] GC(28) ParOldGen: 12628K(1398272K)->12628K(1398272K)
[9.714s][info][gc,metaspace   ] GC(28) Metaspace: 6375K(6592K)->6375K(6592K) NonClass: 5755K(5888K)->5755K(5888K) Class: 620K(704K)->620K(704K)
[9.714s][info][gc             ] GC(28) Pause Young (Allocation Failure) 685M->14M(2043M) 0.883ms
[9.714s][info][gc,cpu         ] GC(28) User=0.00s Sys=0.00s Real=0.00s
[10.062s][info][gc,start       ] GC(29) Pause Young (Allocation Failure)
[10.063s][info][gc,heap        ] GC(29) PSYoungGen: 690770K(693760K)->2130K(693760K) Eden: 688640K(688640K)->0K(688640K) From: 2130K(5120K)->2130K(5120K)
[10.063s][info][gc,heap        ] GC(29) ParOldGen: 12628K(1398272K)->12628K(1398272K)
[10.063s][info][gc,metaspace   ] GC(29) Metaspace: 6375K(6592K)->6375K(6592K) NonClass: 5755K(5888K)->5755K(5888K) Class: 620K(704K)->620K(704K)
[10.063s][info][gc             ] GC(29) Pause Young (Allocation Failure) 686M->14M(2043M) 0.759ms
[10.063s][info][gc,cpu         ] GC(29) User=0.00s Sys=0.00s Real=0.00s
[10.464s][info][gc,start       ] GC(30) Pause Young (System.gc())
[10.466s][info][gc,heap        ] GC(30) PSYoungGen: 672792K(693760K)->4256K(693248K) Eden: 670661K(688640K)->0K(688640K) From: 2130K(5120K)->4256K(4608K)
[10.466s][info][gc,heap        ] GC(30) ParOldGen: 12628K(1398272K)->16732K(1398272K)
[10.466s][info][gc,metaspace   ] GC(30) Metaspace: 6469K(6656K)->6469K(6656K) NonClass: 5842K(5952K)->5842K(5952K) Class: 627K(704K)->627K(704K)
[10.466s][info][gc             ] GC(30) Pause Young (System.gc()) 669M->20M(2042M) 1.631ms
[10.466s][info][gc,cpu         ] GC(30) User=0.00s Sys=0.00s Real=0.00s
[10.466s][info][gc,start       ] GC(31) Pause Full (System.gc())
[10.466s][info][gc,phases,start] GC(31) Marking Phase
[10.470s][info][gc,phases      ] GC(31) Marking Phase 3.727ms
[10.470s][info][gc,phases,start] GC(31) Summary Phase
[10.470s][info][gc,phases      ] GC(31) Summary Phase 0.010ms
[10.470s][info][gc,phases,start] GC(31) Adjust Roots
[10.471s][info][gc,phases      ] GC(31) Adjust Roots 1.671ms
[10.471s][info][gc,phases,start] GC(31) Compaction Phase
[10.475s][info][gc,phases      ] GC(31) Compaction Phase 3.534ms
[10.475s][info][gc,phases,start] GC(31) Post Compact
[10.476s][info][gc,phases      ] GC(31) Post Compact 0.577ms
[10.476s][info][gc,heap        ] GC(31) PSYoungGen: 4256K(693248K)->0K(693248K) Eden: 0K(688640K)->0K(688640K) From: 4256K(4608K)->0K(4608K)
[10.476s][info][gc,heap        ] GC(31) ParOldGen: 16732K(1398272K)->11662K(1398272K)
[10.476s][info][gc,metaspace   ] GC(31) Metaspace: 6469K(6656K)->6469K(6656K) NonClass: 5842K(5952K)->5842K(5952K) Class: 627K(704K)->627K(704K)
[10.476s][info][gc             ] GC(31) Pause Full (System.gc()) 20M->11M(2042M) 9.765ms
[10.476s][info][gc,cpu         ] GC(31) User=0.00s Sys=0.00s Real=0.02s
[10.750s][info][gc,start       ] GC(32) Pause Young (Allocation Failure)
[10.751s][info][gc,heap        ] GC(32) PSYoungGen: 688640K(693248K)->2896K(693760K) Eden: 688640K(688640K)->0K(688640K) From: 0K(4608K)->2896K(5120K)
[10.751s][info][gc,heap        ] GC(32) ParOldGen: 11662K(1398272K)->11662K(1398272K)
[10.751s][info][gc,metaspace   ] GC(32) Metaspace: 6471K(6656K)->6471K(6656K) NonClass: 5844K(5952K)->5844K(5952K) Class: 627K(704K)->627K(704K)
[10.751s][info][gc             ] GC(32) Pause Young (Allocation Failure) 683M->14M(2043M) 0.995ms
[10.751s][info][gc,cpu         ] GC(32) User=0.00s Sys=0.00s Real=0.00s
[11.176s][info][gc,start       ] GC(33) Pause Young (Allocation Failure)
[11.177s][info][gc,heap        ] GC(33) PSYoungGen: 691536K(693760K)->2085K(693760K) Eden: 688640K(688640K)->0K(688640K) From: 2896K(5120K)->2085K(5120K)
[11.177s][info][gc,heap        ] GC(33) ParOldGen: 11662K(1398272K)->12519K(1398272K)
[11.177s][info][gc,metaspace   ] GC(33) Metaspace: 6471K(6656K)->6471K(6656K) NonClass: 5844K(5952K)->5844K(5952K) Class: 627K(704K)->627K(704K)
[11.177s][info][gc             ] GC(33) Pause Young (Allocation Failure) 686M->14M(2043M) 1.182ms
[11.177s][info][gc,cpu         ] GC(33) User=0.00s Sys=0.00s Real=0.00s
[11.505s][info][gc,start       ] GC(34) Pause Young (Allocation Failure)
[11.505s][info][gc,heap        ] GC(34) PSYoungGen: 690725K(693760K)->2098K(693760K) Eden: 688640K(688640K)->0K(688640K) From: 2085K(5120K)->2098K(5120K)
[11.505s][info][gc,heap        ] GC(34) ParOldGen: 12519K(1398272K)->12519K(1398272K)
[11.505s][info][gc,metaspace   ] GC(34) Metaspace: 6471K(6656K)->6471K(6656K) NonClass: 5844K(5952K)->5844K(5952K) Class: 627K(704K)->627K(704K)
[11.505s][info][gc             ] GC(34) Pause Young (Allocation Failure) 686M->14M(2043M) 0.775ms
[11.506s][info][gc,cpu         ] GC(34) User=0.00s Sys=0.00s Real=0.00s
[11.846s][info][gc,start       ] GC(35) Pause Young (Allocation Failure)
[11.847s][info][gc,heap        ] GC(35) PSYoungGen: 690738K(693760K)->2162K(694272K) Eden: 688640K(688640K)->0K(689152K) From: 2098K(5120K)->2162K(5120K)
[11.847s][info][gc,heap        ] GC(35) ParOldGen: 12519K(1398272K)->12519K(1398272K)
[11.847s][info][gc,metaspace   ] GC(35) Metaspace: 6471K(6656K)->6471K(6656K) NonClass: 5844K(5952K)->5844K(5952K) Class: 627K(704K)->627K(704K)
[11.847s][info][gc             ] GC(35) Pause Young (Allocation Failure) 686M->14M(2043M) 0.834ms
[11.847s][info][gc,cpu         ] GC(35) User=0.00s Sys=0.00s Real=0.00s
[12.151s][info][gc,start       ] GC(36) Pause Young (Allocation Failure)
[12.152s][info][gc,heap        ] GC(36) PSYoungGen: 691314K(694272K)->2098K(693760K) Eden: 689152K(689152K)->0K(689152K) From: 2162K(5120K)->2098K(4608K)
[12.152s][info][gc,heap        ] GC(36) ParOldGen: 12519K(1398272K)->12519K(1398272K)
[12.152s][info][gc,metaspace   ] GC(36) Metaspace: 6471K(6656K)->6471K(6656K) NonClass: 5844K(5952K)->5844K(5952K) Class: 627K(704K)->627K(704K)
[12.152s][info][gc             ] GC(36) Pause Young (Allocation Failure) 687M->14M(2043M) 0.641ms
[12.152s][info][gc,cpu         ] GC(36) User=0.00s Sys=0.00s Real=0.00s
[12.514s][info][gc,start       ] GC(37) Pause Young (Allocation Failure)
[12.515s][info][gc,heap        ] GC(37) PSYoungGen: 691250K(693760K)->2098K(694272K) Eden: 689152K(689152K)->0K(689664K) From: 2098K(4608K)->2098K(4608K)
[12.515s][info][gc,heap        ] GC(37) ParOldGen: 12519K(1398272K)->12519K(1398272K)
[12.515s][info][gc,metaspace   ] GC(37) Metaspace: 6471K(6656K)->6471K(6656K) NonClass: 5844K(5952K)->5844K(5952K) Class: 627K(704K)->627K(704K)
[12.515s][info][gc             ] GC(37) Pause Young (Allocation Failure) 687M->14M(2043M) 0.855ms
[12.515s][info][gc,cpu         ] GC(37) User=0.00s Sys=0.00s Real=0.00s
[12.880s][info][gc,start       ] GC(38) Pause Young (Allocation Failure)
[12.881s][info][gc,heap        ] GC(38) PSYoungGen: 691762K(694272K)->1920K(694272K) Eden: 689664K(689664K)->0K(689664K) From: 2098K(4608K)->1920K(4608K)
[12.881s][info][gc,heap        ] GC(38) ParOldGen: 12519K(1398272K)->12519K(1398272K)
[12.881s][info][gc,metaspace   ] GC(38) Metaspace: 6471K(6656K)->6471K(6656K) NonClass: 5844K(5952K)->5844K(5952K) Class: 627K(704K)->627K(704K)
[12.881s][info][gc             ] GC(38) Pause Young (Allocation Failure) 687M->14M(2043M) 0.675ms
[12.881s][info][gc,cpu         ] GC(38) User=0.00s Sys=0.00s Real=0.00s
[13.214s][info][gc,start       ] GC(39) Pause Young (Allocation Failure)
[13.215s][info][gc,heap        ] GC(39) PSYoungGen: 691584K(694272K)->2066K(694784K) Eden: 689664K(689664K)->0K(690176K) From: 1920K(4608K)->2066K(4608K)
[13.215s][info][gc,heap        ] GC(39) ParOldGen: 12519K(1398272K)->12519K(1398272K)
[13.215s][info][gc,metaspace   ] GC(39) Metaspace: 6471K(6656K)->6471K(6656K) NonClass: 5844K(5952K)->5844K(5952K) Class: 627K(704K)->627K(704K)
[13.215s][info][gc             ] GC(39) Pause Young (Allocation Failure) 687M->14M(2044M) 0.735ms
[13.215s][info][gc,cpu         ] GC(39) User=0.00s Sys=0.00s Real=0.00s
[13.510s][info][gc,start       ] GC(40) Pause Young (Allocation Failure)
[13.510s][info][gc,heap        ] GC(40) PSYoungGen: 692242K(694784K)->2130K(694272K) Eden: 690176K(690176K)->0K(690176K) From: 2066K(4608K)->2130K(4096K)
[13.510s][info][gc,heap        ] GC(40) ParOldGen: 12519K(1398272K)->12519K(1398272K)
[13.510s][info][gc,metaspace   ] GC(40) Metaspace: 6471K(6656K)->6471K(6656K) NonClass: 5844K(5952K)->5844K(5952K) Class: 627K(704K)->627K(704K)
[13.510s][info][gc             ] GC(40) Pause Young (Allocation Failure) 688M->14M(2043M) 0.885ms
[13.510s][info][gc,cpu         ] GC(40) User=0.00s Sys=0.00s Real=0.00s
[13.759s][info][gc,start       ] GC(41) Pause Young (Allocation Failure)
[13.759s][info][gc,heap        ] GC(41) PSYoungGen: 692306K(694272K)->2162K(694784K) Eden: 690176K(690176K)->0K(690688K) From: 2130K(4096K)->2162K(4096K)
[13.760s][info][gc,heap        ] GC(41) ParOldGen: 12519K(1398272K)->12519K(1398272K)
[13.760s][info][gc,metaspace   ] GC(41) Metaspace: 6471K(6656K)->6471K(6656K) NonClass: 5844K(5952K)->5844K(5952K) Class: 627K(704K)->627K(704K)
[13.760s][info][gc             ] GC(41) Pause Young (Allocation Failure) 688M->14M(2044M) 0.904ms
[13.760s][info][gc,cpu         ] GC(41) User=0.00s Sys=0.00s Real=0.00s
[14.045s][info][gc,start       ] GC(42) Pause Young (Allocation Failure)
[14.046s][info][gc,heap        ] GC(42) PSYoungGen: 692850K(694784K)->2162K(694784K) Eden: 690688K(690688K)->0K(690688K) From: 2162K(4096K)->2162K(4096K)
[14.046s][info][gc,heap        ] GC(42) ParOldGen: 12519K(1398272K)->12519K(1398272K)
[14.046s][info][gc,metaspace   ] GC(42) Metaspace: 6471K(6656K)->6471K(6656K) NonClass: 5844K(5952K)->5844K(5952K) Class: 627K(704K)->627K(704K)
[14.046s][info][gc             ] GC(42) Pause Young (Allocation Failure) 688M->14M(2044M) 0.937ms
[14.046s][info][gc,cpu         ] GC(42) User=0.00s Sys=0.00s Real=0.00s
[14.352s][info][gc,start       ] GC(43) Pause Young (Allocation Failure)
[14.353s][info][gc,heap        ] GC(43) PSYoungGen: 692850K(694784K)->2194K(695296K) Eden: 690688K(690688K)->0K(691200K) From: 2162K(4096K)->2194K(4096K)
[14.353s][info][gc,heap        ] GC(43) ParOldGen: 12519K(1398272K)->12519K(1398272K)
[14.353s][info][gc,metaspace   ] GC(43) Metaspace: 6471K(6656K)->6471K(6656K) NonClass: 5844K(5952K)->5844K(5952K) Class: 627K(704K)->627K(704K)
[14.353s][info][gc             ] GC(43) Pause Young (Allocation Failure) 688M->14M(2044M) 0.901ms
[14.353s][info][gc,cpu         ] GC(43) User=0.00s Sys=0.00s Real=0.00s
[14.675s][info][gc,start       ] GC(44) Pause Young (Allocation Failure)
[14.676s][info][gc,heap        ] GC(44) PSYoungGen: 693394K(695296K)->2226K(694784K) Eden: 691200K(691200K)->0K(691200K) From: 2194K(4096K)->2226K(3584K)
[14.676s][info][gc,heap        ] GC(44) ParOldGen: 12519K(1398272K)->12519K(1398272K)
[14.676s][info][gc,metaspace   ] GC(44) Metaspace: 6471K(6656K)->6471K(6656K) NonClass: 5844K(5952K)->5844K(5952K) Class: 627K(704K)->627K(704K)
[14.676s][info][gc             ] GC(44) Pause Young (Allocation Failure) 689M->14M(2044M) 0.985ms
[14.676s][info][gc,cpu         ] GC(44) User=0.00s Sys=0.00s Real=0.00s
[15.072s][info][gc,start       ] GC(45) Pause Young (Allocation Failure)
[15.072s][info][gc,heap        ] GC(45) PSYoungGen: 693426K(694784K)->2162K(695296K) Eden: 691200K(691200K)->0K(691712K) From: 2226K(3584K)->2162K(3584K)
[15.072s][info][gc,heap        ] GC(45) ParOldGen: 12519K(1398272K)->12519K(1398272K)
[15.073s][info][gc,metaspace   ] GC(45) Metaspace: 6471K(6656K)->6471K(6656K) NonClass: 5844K(5952K)->5844K(5952K) Class: 627K(704K)->627K(704K)
[15.073s][info][gc             ] GC(45) Pause Young (Allocation Failure) 689M->14M(2044M) 0.976ms
[15.073s][info][gc,cpu         ] GC(45) User=0.00s Sys=0.00s Real=0.00s
[15.404s][info][gc,start       ] GC(46) Pause Young (Allocation Failure)
[15.405s][info][gc,heap        ] GC(46) PSYoungGen: 693874K(695296K)->2194K(695296K) Eden: 691712K(691712K)->0K(691712K) From: 2162K(3584K)->2194K(3584K)
[15.405s][info][gc,heap        ] GC(46) ParOldGen: 12519K(1398272K)->12519K(1398272K)
[15.405s][info][gc,metaspace   ] GC(46) Metaspace: 6471K(6656K)->6471K(6656K) NonClass: 5844K(5952K)->5844K(5952K) Class: 627K(704K)->627K(704K)
[15.405s][info][gc             ] GC(46) Pause Young (Allocation Failure) 689M->14M(2044M) 0.918ms
[15.405s][info][gc,cpu         ] GC(46) User=0.00s Sys=0.00s Real=0.00s
[15.747s][info][gc,start       ] GC(47) Pause Young (Allocation Failure)
[15.748s][info][gc,heap        ] GC(47) PSYoungGen: 693906K(695296K)->2066K(695296K) Eden: 691712K(691712K)->0K(691712K) From: 2194K(3584K)->2066K(3584K)
[15.748s][info][gc,heap        ] GC(47) ParOldGen: 12519K(1398272K)->12519K(1398272K)
[15.748s][info][gc,metaspace   ] GC(47) Metaspace: 6471K(6656K)->6471K(6656K) NonClass: 5844K(5952K)->5844K(5952K) Class: 627K(704K)->627K(704K)
[15.748s][info][gc             ] GC(47) Pause Young (Allocation Failure) 689M->14M(2044M) 0.695ms
[15.748s][info][gc,cpu         ] GC(47) User=0.00s Sys=0.00s Real=0.00s
[16.124s][info][gc,start       ] GC(48) Pause Young (Allocation Failure)
[16.125s][info][gc,heap        ] GC(48) PSYoungGen: 693778K(695296K)->2162K(695296K) Eden: 691712K(691712K)->0K(691712K) From: 2066K(3584K)->2162K(3584K)
[16.125s][info][gc,heap        ] GC(48) ParOldGen: 12519K(1398272K)->12519K(1398272K)
[16.125s][info][gc,metaspace   ] GC(48) Metaspace: 6471K(6656K)->6471K(6656K) NonClass: 5844K(5952K)->5844K(5952K) Class: 627K(704K)->627K(704K)
[16.125s][info][gc             ] GC(48) Pause Young (Allocation Failure) 689M->14M(2044M) 0.977ms
[16.125s][info][gc,cpu         ] GC(48) User=0.00s Sys=0.00s Real=0.00s
[16.464s][info][gc,start       ] GC(49) Pause Young (Allocation Failure)
[16.465s][info][gc,heap        ] GC(49) PSYoungGen: 693874K(695296K)->2226K(695808K) Eden: 691712K(691712K)->0K(692736K) From: 2162K(3584K)->2226K(3072K)
[16.465s][info][gc,heap        ] GC(49) ParOldGen: 12519K(1398272K)->12519K(1398272K)
[16.465s][info][gc,metaspace   ] GC(49) Metaspace: 6471K(6656K)->6471K(6656K) NonClass: 5844K(5952K)->5844K(5952K) Class: 627K(704K)->627K(704K)
[16.465s][info][gc             ] GC(49) Pause Young (Allocation Failure) 689M->14M(2045M) 0.962ms
[16.465s][info][gc,cpu         ] GC(49) User=0.00s Sys=0.00s Real=0.00s
[16.809s][info][gc,start       ] GC(50) Pause Young (Allocation Failure)
[16.810s][info][gc,heap        ] GC(50) PSYoungGen: 694962K(695808K)->2144K(695808K) Eden: 692736K(692736K)->0K(692736K) From: 2226K(3072K)->2144K(3072K)
[16.810s][info][gc,heap        ] GC(50) ParOldGen: 12519K(1398272K)->12519K(1398272K)
[16.810s][info][gc,metaspace   ] GC(50) Metaspace: 6471K(6656K)->6471K(6656K) NonClass: 5844K(5952K)->5844K(5952K) Class: 627K(704K)->627K(704K)
[16.810s][info][gc             ] GC(50) Pause Young (Allocation Failure) 690M->14M(2045M) 0.823ms
[16.810s][info][gc,cpu         ] GC(50) User=0.00s Sys=0.00s Real=0.00s
[17.095s][info][gc,start       ] GC(51) Pause Young (Allocation Failure)
[17.096s][info][gc,heap        ] GC(51) PSYoungGen: 694880K(695808K)->2290K(695808K) Eden: 692736K(692736K)->0K(692736K) From: 2144K(3072K)->2290K(3072K)
[17.096s][info][gc,heap        ] GC(51) ParOldGen: 12519K(1398272K)->12519K(1398272K)
[17.096s][info][gc,metaspace   ] GC(51) Metaspace: 6471K(6656K)->6471K(6656K) NonClass: 5844K(5952K)->5844K(5952K) Class: 627K(704K)->627K(704K)
[17.096s][info][gc             ] GC(51) Pause Young (Allocation Failure) 690M->14M(2045M) 1.063ms
[17.096s][info][gc,cpu         ] GC(51) User=0.00s Sys=0.00s Real=0.00s
[17.360s][info][gc,start       ] GC(52) Pause Young (Allocation Failure)
[17.361s][info][gc,heap        ] GC(52) PSYoungGen: 695026K(695808K)->1970K(695808K) Eden: 692736K(692736K)->0K(692736K) From: 2290K(3072K)->1970K(3072K)
[17.361s][info][gc,heap        ] GC(52) ParOldGen: 12519K(1398272K)->12519K(1398272K)
[17.361s][info][gc,metaspace   ] GC(52) Metaspace: 6471K(6656K)->6471K(6656K) NonClass: 5844K(5952K)->5844K(5952K) Class: 627K(704K)->627K(704K)
[17.361s][info][gc             ] GC(52) Pause Young (Allocation Failure) 690M->14M(2045M) 0.695ms
[17.361s][info][gc,cpu         ] GC(52) User=0.00s Sys=0.00s Real=0.00s
[17.674s][info][gc,start       ] GC(53) Pause Young (Allocation Failure)
[17.675s][info][gc,heap        ] GC(53) PSYoungGen: 694706K(695808K)->2002K(695808K) Eden: 692736K(692736K)->0K(692736K) From: 1970K(3072K)->2002K(3072K)
[17.675s][info][gc,heap        ] GC(53) ParOldGen: 12519K(1398272K)->12519K(1398272K)
[17.675s][info][gc,metaspace   ] GC(53) Metaspace: 6471K(6656K)->6471K(6656K) NonClass: 5844K(5952K)->5844K(5952K) Class: 627K(704K)->627K(704K)
[17.675s][info][gc             ] GC(53) Pause Young (Allocation Failure) 690M->14M(2045M) 0.979ms
[17.675s][info][gc,cpu         ] GC(53) User=0.00s Sys=0.00s Real=0.00s
[18.022s][info][gc,start       ] GC(54) Pause Young (Allocation Failure)
[18.023s][info][gc,heap        ] GC(54) PSYoungGen: 694738K(695808K)->2226K(695808K) Eden: 692736K(692736K)->0K(692736K) From: 2002K(3072K)->2226K(3072K)
[18.023s][info][gc,heap        ] GC(54) ParOldGen: 12519K(1398272K)->12519K(1398272K)
[18.023s][info][gc,metaspace   ] GC(54) Metaspace: 6471K(6656K)->6471K(6656K) NonClass: 5844K(5952K)->5844K(5952K) Class: 627K(704K)->627K(704K)
[18.023s][info][gc             ] GC(54) Pause Young (Allocation Failure) 690M->14M(2045M) 0.822ms
[18.023s][info][gc,cpu         ] GC(54) User=0.08s Sys=0.02s Real=0.00s
[18.345s][info][gc,start       ] GC(55) Pause Young (Allocation Failure)
[18.346s][info][gc,heap        ] GC(55) PSYoungGen: 694962K(695808K)->2194K(695808K) Eden: 692736K(692736K)->0K(692736K) From: 2226K(3072K)->2194K(3072K)
[18.346s][info][gc,heap        ] GC(55) ParOldGen: 12519K(1398272K)->12519K(1398272K)
[18.346s][info][gc,metaspace   ] GC(55) Metaspace: 6471K(6656K)->6471K(6656K) NonClass: 5844K(5952K)->5844K(5952K) Class: 627K(704K)->627K(704K)
[18.346s][info][gc             ] GC(55) Pause Young (Allocation Failure) 690M->14M(2045M) 0.806ms
[18.346s][info][gc,cpu         ] GC(55) User=0.00s Sys=0.00s Real=0.00s
[18.691s][info][gc,start       ] GC(56) Pause Young (Allocation Failure)
[18.692s][info][gc,heap        ] GC(56) PSYoungGen: 694930K(695808K)->2130K(695808K) Eden: 692736K(692736K)->0K(692736K) From: 2194K(3072K)->2130K(3072K)
[18.692s][info][gc,heap        ] GC(56) ParOldGen: 12519K(1398272K)->12519K(1398272K)
[18.692s][info][gc,metaspace   ] GC(56) Metaspace: 6471K(6656K)->6471K(6656K) NonClass: 5844K(5952K)->5844K(5952K) Class: 627K(704K)->627K(704K)
[18.692s][info][gc             ] GC(56) Pause Young (Allocation Failure) 690M->14M(2045M) 0.935ms
[18.692s][info][gc,cpu         ] GC(56) User=0.00s Sys=0.00s Real=0.00s
[19.032s][info][gc,start       ] GC(57) Pause Young (Allocation Failure)
[19.033s][info][gc,heap        ] GC(57) PSYoungGen: 694866K(695808K)->1728K(695808K) Eden: 692736K(692736K)->0K(692736K) From: 2130K(3072K)->1728K(3072K)
[19.033s][info][gc,heap        ] GC(57) ParOldGen: 12519K(1398272K)->12519K(1398272K)
[19.033s][info][gc,metaspace   ] GC(57) Metaspace: 6471K(6656K)->6471K(6656K) NonClass: 5844K(5952K)->5844K(5952K) Class: 627K(704K)->627K(704K)
[19.033s][info][gc             ] GC(57) Pause Young (Allocation Failure) 690M->13M(2045M) 0.623ms
[19.033s][info][gc,cpu         ] GC(57) User=0.00s Sys=0.00s Real=0.00s
[19.354s][info][gc,start       ] GC(58) Pause Young (Allocation Failure)
[19.355s][info][gc,heap        ] GC(58) PSYoungGen: 694464K(695808K)->1970K(695808K) Eden: 692736K(692736K)->0K(692736K) From: 1728K(3072K)->1970K(3072K)
[19.355s][info][gc,heap        ] GC(58) ParOldGen: 12519K(1398272K)->12519K(1398272K)
[19.355s][info][gc,metaspace   ] GC(58) Metaspace: 6471K(6656K)->6471K(6656K) NonClass: 5844K(5952K)->5844K(5952K) Class: 627K(704K)->627K(704K)
[19.355s][info][gc             ] GC(58) Pause Young (Allocation Failure) 690M->14M(2045M) 0.615ms
[19.355s][info][gc,cpu         ] GC(58) User=0.00s Sys=0.00s Real=0.00s
[19.455s][info][gc,start       ] GC(59) Pause Young (System.gc())
[19.456s][info][gc,heap        ] GC(59) PSYoungGen: 136359K(695808K)->128K(695808K) Eden: 134388K(692736K)->0K(692736K) From: 1970K(3072K)->128K(3072K)
[19.456s][info][gc,heap        ] GC(59) ParOldGen: 12519K(1398272K)->20719K(1398272K)
[19.456s][info][gc,metaspace   ] GC(59) Metaspace: 6475K(6656K)->6475K(6656K) NonClass: 5848K(5952K)->5848K(5952K) Class: 627K(704K)->627K(704K)
[19.456s][info][gc             ] GC(59) Pause Young (System.gc()) 145M->20M(2045M) 1.710ms
[19.456s][info][gc,cpu         ] GC(59) User=0.00s Sys=0.00s Real=0.00s
[19.456s][info][gc,start       ] GC(60) Pause Full (System.gc())
[19.456s][info][gc,phases,start] GC(60) Marking Phase
[19.460s][info][gc,phases      ] GC(60) Marking Phase 3.599ms
[19.460s][info][gc,phases,start] GC(60) Summary Phase
[19.460s][info][gc,phases      ] GC(60) Summary Phase 0.010ms
[19.460s][info][gc,phases,start] GC(60) Adjust Roots
[19.461s][info][gc,phases      ] GC(60) Adjust Roots 1.073ms
[19.461s][info][gc,phases,start] GC(60) Compaction Phase
[19.464s][info][gc,phases      ] GC(60) Compaction Phase 2.683ms
[19.464s][info][gc,phases,start] GC(60) Post Compact
[19.464s][info][gc,phases      ] GC(60) Post Compact 0.397ms
[19.464s][info][gc,heap        ] GC(60) PSYoungGen: 128K(695808K)->0K(695808K) Eden: 0K(692736K)->0K(692736K) From: 128K(3072K)->0K(3072K)
[19.464s][info][gc,heap        ] GC(60) ParOldGen: 20719K(1398272K)->11662K(1398272K)
[19.464s][info][gc,metaspace   ] GC(60) Metaspace: 6475K(6656K)->6475K(6656K) NonClass: 5848K(5952K)->5848K(5952K) Class: 627K(704K)->627K(704K)
[19.464s][info][gc             ] GC(60) Pause Full (System.gc()) 20M->11M(2045M) 7.972ms
[19.464s][info][gc,cpu         ] GC(60) User=0.02s Sys=0.00s Real=0.01s
[19.716s][info][gc,start       ] GC(61) Pause Young (Allocation Failure)
[19.717s][info][gc,heap        ] GC(61) PSYoungGen: 692736K(695808K)->2877K(695808K) Eden: 692736K(692736K)->0K(692736K) From: 0K(3072K)->2877K(3072K)
[19.717s][info][gc,heap        ] GC(61) ParOldGen: 11662K(1398272K)->11662K(1398272K)
[19.717s][info][gc,metaspace   ] GC(61) Metaspace: 6487K(6720K)->6487K(6720K) NonClass: 5860K(6016K)->5860K(6016K) Class: 627K(704K)->627K(704K)
[19.717s][info][gc             ] GC(61) Pause Young (Allocation Failure) 687M->14M(2045M) 0.845ms
[19.717s][info][gc,cpu         ] GC(61) User=0.00s Sys=0.00s Real=0.00s
[19.997s][info][gc,start       ] GC(62) Pause Young (Allocation Failure)
[19.997s][info][gc,heap        ] GC(62) PSYoungGen: 695613K(695808K)->2048K(694784K) Eden: 692736K(692736K)->0K(691712K) From: 2877K(3072K)->2048K(3072K)
[19.997s][info][gc,heap        ] GC(62) ParOldGen: 11662K(1398272K)->12535K(1398272K)
[19.997s][info][gc,metaspace   ] GC(62) Metaspace: 6487K(6720K)->6487K(6720K) NonClass: 5860K(6016K)->5860K(6016K) Class: 627K(704K)->627K(704K)
[19.997s][info][gc             ] GC(62) Pause Young (Allocation Failure) 690M->14M(2044M) 0.810ms
[19.997s][info][gc,cpu         ] GC(62) User=0.00s Sys=0.00s Real=0.00s
[20.409s][info][gc,start       ] GC(63) Pause Young (Allocation Failure)
[20.410s][info][gc,heap        ] GC(63) PSYoungGen: 693760K(694784K)->2098K(695296K) Eden: 691712K(691712K)->0K(691712K) From: 2048K(3072K)->2098K(3584K)
[20.410s][info][gc,heap        ] GC(63) ParOldGen: 12535K(1398272K)->12535K(1398272K)
[20.410s][info][gc,metaspace   ] GC(63) Metaspace: 6487K(6720K)->6487K(6720K) NonClass: 5860K(6016K)->5860K(6016K) Class: 627K(704K)->627K(704K)
[20.410s][info][gc             ] GC(63) Pause Young (Allocation Failure) 689M->14M(2044M) 0.869ms
[20.410s][info][gc,cpu         ] GC(63) User=0.00s Sys=0.00s Real=0.00s
[20.827s][info][gc,start       ] GC(64) Pause Young (Allocation Failure)
[20.827s][info][gc,heap        ] GC(64) PSYoungGen: 693810K(695296K)->2162K(695808K) Eden: 691712K(691712K)->0K(692736K) From: 2098K(3584K)->2162K(3072K)
[20.828s][info][gc,heap        ] GC(64) ParOldGen: 12535K(1398272K)->12535K(1398272K)
[20.828s][info][gc,metaspace   ] GC(64) Metaspace: 6487K(6720K)->6487K(6720K) NonClass: 5860K(6016K)->5860K(6016K) Class: 627K(704K)->627K(704K)
[20.828s][info][gc             ] GC(64) Pause Young (Allocation Failure) 689M->14M(2045M) 0.934ms
[20.828s][info][gc,cpu         ] GC(64) User=0.00s Sys=0.00s Real=0.00s
[21.212s][info][gc,start       ] GC(65) Pause Young (Allocation Failure)
[21.212s][info][gc,heap        ] GC(65) PSYoungGen: 694898K(695808K)->2181K(695808K) Eden: 692736K(692736K)->0K(692736K) From: 2162K(3072K)->2181K(3072K)
[21.213s][info][gc,heap        ] GC(65) ParOldGen: 12535K(1398272K)->12535K(1398272K)
[21.213s][info][gc,metaspace   ] GC(65) Metaspace: 6487K(6720K)->6487K(6720K) NonClass: 5860K(6016K)->5860K(6016K) Class: 627K(704K)->627K(704K)
[21.213s][info][gc             ] GC(65) Pause Young (Allocation Failure) 690M->14M(2045M) 0.972ms
[21.213s][info][gc,cpu         ] GC(65) User=0.00s Sys=0.00s Real=0.00s
[21.645s][info][gc,start       ] GC(66) Pause Young (Allocation Failure)
[21.646s][info][gc,heap        ] GC(66) PSYoungGen: 694917K(695808K)->2194K(695808K) Eden: 692736K(692736K)->0K(692736K) From: 2181K(3072K)->2194K(3072K)
[21.646s][info][gc,heap        ] GC(66) ParOldGen: 12535K(1398272K)->12535K(1398272K)
[21.646s][info][gc,metaspace   ] GC(66) Metaspace: 6487K(6720K)->6487K(6720K) NonClass: 5860K(6016K)->5860K(6016K) Class: 627K(704K)->627K(704K)
[21.646s][info][gc             ] GC(66) Pause Young (Allocation Failure) 690M->14M(2045M) 0.879ms
[21.646s][info][gc,cpu         ] GC(66) User=0.00s Sys=0.00s Real=0.00s
[22.066s][info][gc,start       ] GC(67) Pause Young (Allocation Failure)
[22.067s][info][gc,heap        ] GC(67) PSYoungGen: 694930K(695808K)->2002K(695808K) Eden: 692736K(692736K)->0K(692736K) From: 2194K(3072K)->2002K(3072K)
[22.067s][info][gc,heap        ] GC(67) ParOldGen: 12535K(1398272K)->12535K(1398272K)
[22.067s][info][gc,metaspace   ] GC(67) Metaspace: 6487K(6720K)->6487K(6720K) NonClass: 5860K(6016K)->5860K(6016K) Class: 627K(704K)->627K(704K)
[22.067s][info][gc             ] GC(67) Pause Young (Allocation Failure) 690M->14M(2045M) 0.745ms
[22.067s][info][gc,cpu         ] GC(67) User=0.00s Sys=0.00s Real=0.00s
[22.481s][info][gc,start       ] GC(68) Pause Young (Allocation Failure)
[22.481s][info][gc,heap        ] GC(68) PSYoungGen: 694738K(695808K)->2130K(695808K) Eden: 692736K(692736K)->0K(692736K) From: 2002K(3072K)->2130K(3072K)
[22.481s][info][gc,heap        ] GC(68) ParOldGen: 12535K(1398272K)->12535K(1398272K)
[22.481s][info][gc,metaspace   ] GC(68) Metaspace: 6487K(6720K)->6487K(6720K) NonClass: 5860K(6016K)->5860K(6016K) Class: 627K(704K)->627K(704K)
[22.481s][info][gc             ] GC(68) Pause Young (Allocation Failure) 690M->14M(2045M) 0.811ms
[22.481s][info][gc,cpu         ] GC(68) User=0.00s Sys=0.00s Real=0.00s
[22.867s][info][gc,start       ] GC(69) Pause Young (Allocation Failure)
[22.868s][info][gc,heap        ] GC(69) PSYoungGen: 694866K(695808K)->2322K(695808K) Eden: 692736K(692736K)->0K(692736K) From: 2130K(3072K)->2322K(3072K)
[22.868s][info][gc,heap        ] GC(69) ParOldGen: 12535K(1398272K)->12535K(1398272K)
[22.868s][info][gc,metaspace   ] GC(69) Metaspace: 6487K(6720K)->6487K(6720K) NonClass: 5860K(6016K)->5860K(6016K) Class: 627K(704K)->627K(704K)
[22.868s][info][gc             ] GC(69) Pause Young (Allocation Failure) 690M->14M(2045M) 1.201ms
[22.868s][info][gc,cpu         ] GC(69) User=0.00s Sys=0.00s Real=0.00s
[23.204s][info][gc,start       ] GC(70) Pause Young (Allocation Failure)
[23.204s][info][gc,heap        ] GC(70) PSYoungGen: 695058K(695808K)->2002K(695808K) Eden: 692736K(692736K)->0K(692736K) From: 2322K(3072K)->2002K(3072K)
[23.204s][info][gc,heap        ] GC(70) ParOldGen: 12535K(1398272K)->12535K(1398272K)
[23.204s][info][gc,metaspace   ] GC(70) Metaspace: 6487K(6720K)->6487K(6720K) NonClass: 5860K(6016K)->5860K(6016K) Class: 627K(704K)->627K(704K)
[23.204s][info][gc             ] GC(70) Pause Young (Allocation Failure) 691M->14M(2045M) 0.854ms
[23.204s][info][gc,cpu         ] GC(70) User=0.00s Sys=0.00s Real=0.00s
[23.580s][info][gc,start       ] GC(71) Pause Young (Allocation Failure)
[23.580s][info][gc,heap        ] GC(71) PSYoungGen: 694738K(695808K)->2080K(695808K) Eden: 692736K(692736K)->0K(692736K) From: 2002K(3072K)->2080K(3072K)
[23.580s][info][gc,heap        ] GC(71) ParOldGen: 12535K(1398272K)->12535K(1398272K)
[23.580s][info][gc,metaspace   ] GC(71) Metaspace: 6487K(6720K)->6487K(6720K) NonClass: 5860K(6016K)->5860K(6016K) Class: 627K(704K)->627K(704K)
[23.580s][info][gc             ] GC(71) Pause Young (Allocation Failure) 690M->14M(2045M) 0.796ms
[23.580s][info][gc,cpu         ] GC(71) User=0.00s Sys=0.00s Real=0.00s
[23.989s][info][gc,start       ] GC(72) Pause Young (Allocation Failure)
[23.990s][info][gc,heap        ] GC(72) PSYoungGen: 694816K(695808K)->2181K(695808K) Eden: 692736K(692736K)->0K(692736K) From: 2080K(3072K)->2181K(3072K)
[23.990s][info][gc,heap        ] GC(72) ParOldGen: 12535K(1398272K)->12535K(1398272K)
[23.990s][info][gc,metaspace   ] GC(72) Metaspace: 6487K(6720K)->6487K(6720K) NonClass: 5860K(6016K)->5860K(6016K) Class: 627K(704K)->627K(704K)
[23.990s][info][gc             ] GC(72) Pause Young (Allocation Failure) 690M->14M(2045M) 1.031ms
[23.990s][info][gc,cpu         ] GC(72) User=0.00s Sys=0.00s Real=0.00s
[24.419s][info][gc,start       ] GC(73) Pause Young (Allocation Failure)
[24.420s][info][gc,heap        ] GC(73) PSYoungGen: 694917K(695808K)->2130K(695808K) Eden: 692736K(692736K)->0K(692736K) From: 2181K(3072K)->2130K(3072K)
[24.420s][info][gc,heap        ] GC(73) ParOldGen: 12535K(1398272K)->12535K(1398272K)
[24.420s][info][gc,metaspace   ] GC(73) Metaspace: 6487K(6720K)->6487K(6720K) NonClass: 5860K(6016K)->5860K(6016K) Class: 627K(704K)->627K(704K)
[24.420s][info][gc             ] GC(73) Pause Young (Allocation Failure) 690M->14M(2045M) 0.933ms
[24.420s][info][gc,cpu         ] GC(73) User=0.00s Sys=0.00s Real=0.00s
[24.906s][info][gc,start       ] GC(74) Pause Young (Allocation Failure)
[24.907s][info][gc,heap        ] GC(74) PSYoungGen: 694866K(695808K)->2112K(695808K) Eden: 692736K(692736K)->0K(692736K) From: 2130K(3072K)->2112K(3072K)
[24.907s][info][gc,heap        ] GC(74) ParOldGen: 12535K(1398272K)->12535K(1398272K)
[24.907s][info][gc,metaspace   ] GC(74) Metaspace: 6487K(6720K)->6487K(6720K) NonClass: 5860K(6016K)->5860K(6016K) Class: 627K(704K)->627K(704K)
[24.907s][info][gc             ] GC(74) Pause Young (Allocation Failure) 690M->14M(2045M) 0.903ms
[24.907s][info][gc,cpu         ] GC(74) User=0.00s Sys=0.00s Real=0.00s
[25.325s][info][gc,start       ] GC(75) Pause Young (Allocation Failure)
[25.326s][info][gc,heap        ] GC(75) PSYoungGen: 694848K(695808K)->2176K(695808K) Eden: 692736K(692736K)->0K(692736K) From: 2112K(3072K)->2176K(3072K)
[25.326s][info][gc,heap        ] GC(75) ParOldGen: 12535K(1398272K)->12535K(1398272K)
[25.326s][info][gc,metaspace   ] GC(75) Metaspace: 6487K(6720K)->6487K(6720K) NonClass: 5860K(6016K)->5860K(6016K) Class: 627K(704K)->627K(704K)
[25.326s][info][gc             ] GC(75) Pause Young (Allocation Failure) 690M->14M(2045M) 0.869ms
[25.326s][info][gc,cpu         ] GC(75) User=0.00s Sys=0.00s Real=0.00s
[25.712s][info][gc,start       ] GC(76) Pause Young (Allocation Failure)
[25.713s][info][gc,heap        ] GC(76) PSYoungGen: 694912K(695808K)->2162K(696320K) Eden: 692736K(692736K)->0K(693760K) From: 2176K(3072K)->2162K(2560K)
[25.713s][info][gc,heap        ] GC(76) ParOldGen: 12535K(1398272K)->12535K(1398272K)
[25.713s][info][gc,metaspace   ] GC(76) Metaspace: 6487K(6720K)->6487K(6720K) NonClass: 5860K(6016K)->5860K(6016K) Class: 627K(704K)->627K(704K)
[25.713s][info][gc             ] GC(76) Pause Young (Allocation Failure) 690M->14M(2045M) 0.754ms
[25.713s][info][gc,cpu         ] GC(76) User=0.00s Sys=0.00s Real=0.00s
[26.172s][info][gc,start       ] GC(77) Pause Young (Allocation Failure)
[26.172s][info][gc,heap        ] GC(77) PSYoungGen: 695922K(696320K)->2066K(696320K) Eden: 693760K(693760K)->0K(693760K) From: 2162K(2560K)->2066K(2560K)
[26.172s][info][gc,heap        ] GC(77) ParOldGen: 12535K(1398272K)->12535K(1398272K)
[26.172s][info][gc,metaspace   ] GC(77) Metaspace: 6487K(6720K)->6487K(6720K) NonClass: 5860K(6016K)->5860K(6016K) Class: 627K(704K)->627K(704K)
[26.172s][info][gc             ] GC(77) Pause Young (Allocation Failure) 691M->14M(2045M) 0.733ms
[26.172s][info][gc,cpu         ] GC(77) User=0.00s Sys=0.00s Real=0.00s
[26.607s][info][gc,start       ] GC(78) Pause Young (Allocation Failure)
[26.607s][info][gc,heap        ] GC(78) PSYoungGen: 695826K(696320K)->1760K(696320K) Eden: 693760K(693760K)->0K(693760K) From: 2066K(2560K)->1760K(2560K)
[26.607s][info][gc,heap        ] GC(78) ParOldGen: 12535K(1398272K)->12535K(1398272K)
[26.607s][info][gc,metaspace   ] GC(78) Metaspace: 6487K(6720K)->6487K(6720K) NonClass: 5860K(6016K)->5860K(6016K) Class: 627K(704K)->627K(704K)
[26.607s][info][gc             ] GC(78) Pause Young (Allocation Failure) 691M->13M(2045M) 0.645ms
[26.607s][info][gc,cpu         ] GC(78) User=0.00s Sys=0.00s Real=0.00s
[27.048s][info][gc,start       ] GC(79) Pause Young (Allocation Failure)
[27.049s][info][gc,heap        ] GC(79) PSYoungGen: 695520K(696320K)->2208K(696320K) Eden: 693760K(693760K)->0K(693760K) From: 1760K(2560K)->2208K(2560K)
[27.049s][info][gc,heap        ] GC(79) ParOldGen: 12535K(1398272K)->12535K(1398272K)
[27.049s][info][gc,metaspace   ] GC(79) Metaspace: 6487K(6720K)->6487K(6720K) NonClass: 5860K(6016K)->5860K(6016K) Class: 627K(704K)->627K(704K)
[27.049s][info][gc             ] GC(79) Pause Young (Allocation Failure) 691M->14M(2045M) 0.928ms
[27.049s][info][gc,cpu         ] GC(79) User=0.00s Sys=0.00s Real=0.00s
[27.417s][info][gc,start       ] GC(80) Pause Young (Allocation Failure)
[27.418s][info][gc,heap        ] GC(80) PSYoungGen: 695968K(696320K)->2130K(696320K) Eden: 693760K(693760K)->0K(693760K) From: 2208K(2560K)->2130K(2560K)
[27.418s][info][gc,heap        ] GC(80) ParOldGen: 12535K(1398272K)->12535K(1398272K)
[27.418s][info][gc,metaspace   ] GC(80) Metaspace: 6487K(6720K)->6487K(6720K) NonClass: 5860K(6016K)->5860K(6016K) Class: 627K(704K)->627K(704K)
[27.418s][info][gc             ] GC(80) Pause Young (Allocation Failure) 691M->14M(2045M) 0.806ms
[27.418s][info][gc,cpu         ] GC(80) User=0.00s Sys=0.00s Real=0.00s
[27.775s][info][gc,start       ] GC(81) Pause Young (Allocation Failure)
[27.776s][info][gc,heap        ] GC(81) PSYoungGen: 695890K(696320K)->2226K(696320K) Eden: 693760K(693760K)->0K(693760K) From: 2130K(2560K)->2226K(2560K)
[27.776s][info][gc,heap        ] GC(81) ParOldGen: 12535K(1398272K)->12535K(1398272K)
[27.776s][info][gc,metaspace   ] GC(81) Metaspace: 6487K(6720K)->6487K(6720K) NonClass: 5860K(6016K)->5860K(6016K) Class: 627K(704K)->627K(704K)
[27.776s][info][gc             ] GC(81) Pause Young (Allocation Failure) 691M->14M(2045M) 1.186ms
[27.776s][info][gc,cpu         ] GC(81) User=0.00s Sys=0.00s Real=0.00s
[28.188s][info][gc,start       ] GC(82) Pause Young (Allocation Failure)
[28.189s][info][gc,heap        ] GC(82) PSYoungGen: 695986K(696320K)->2130K(696320K) Eden: 693760K(693760K)->0K(693760K) From: 2226K(2560K)->2130K(2560K)
[28.189s][info][gc,heap        ] GC(82) ParOldGen: 12535K(1398272K)->12535K(1398272K)
[28.189s][info][gc,metaspace   ] GC(82) Metaspace: 6487K(6720K)->6487K(6720K) NonClass: 5860K(6016K)->5860K(6016K) Class: 627K(704K)->627K(704K)
[28.189s][info][gc             ] GC(82) Pause Young (Allocation Failure) 691M->14M(2045M) 0.806ms
[28.189s][info][gc,cpu         ] GC(82) User=0.00s Sys=0.00s Real=0.00s
[28.642s][info][gc,start       ] GC(83) Pause Young (Allocation Failure)
[28.643s][info][gc,heap        ] GC(83) PSYoungGen: 695890K(696320K)->2002K(696320K) Eden: 693760K(693760K)->0K(693760K) From: 2130K(2560K)->2002K(2560K)
[28.643s][info][gc,heap        ] GC(83) ParOldGen: 12535K(1398272K)->12535K(1398272K)
[28.643s][info][gc,metaspace   ] GC(83) Metaspace: 6487K(6720K)->6487K(6720K) NonClass: 5860K(6016K)->5860K(6016K) Class: 627K(704K)->627K(704K)
[28.643s][info][gc             ] GC(83) Pause Young (Allocation Failure) 691M->14M(2045M) 0.927ms
[28.643s][info][gc,cpu         ] GC(83) User=0.00s Sys=0.00s Real=0.00s
[29.076s][info][gc,start       ] GC(84) Pause Young (Allocation Failure)
[29.077s][info][gc,heap        ] GC(84) PSYoungGen: 695762K(696320K)->2130K(696320K) Eden: 693760K(693760K)->0K(693760K) From: 2002K(2560K)->2130K(2560K)
[29.077s][info][gc,heap        ] GC(84) ParOldGen: 12535K(1398272K)->12535K(1398272K)
[29.077s][info][gc,metaspace   ] GC(84) Metaspace: 6487K(6720K)->6487K(6720K) NonClass: 5860K(6016K)->5860K(6016K) Class: 627K(704K)->627K(704K)
[29.077s][info][gc             ] GC(84) Pause Young (Allocation Failure) 691M->14M(2045M) 0.734ms
[29.077s][info][gc,cpu         ] GC(84) User=0.00s Sys=0.00s Real=0.00s
[29.549s][info][gc,start       ] GC(85) Pause Young (Allocation Failure)
[29.550s][info][gc,heap        ] GC(85) PSYoungGen: 695890K(696320K)->2226K(696320K) Eden: 693760K(693760K)->0K(693760K) From: 2130K(2560K)->2226K(2560K)
[29.550s][info][gc,heap        ] GC(85) ParOldGen: 12535K(1398272K)->12535K(1398272K)
[29.550s][info][gc,metaspace   ] GC(85) Metaspace: 6487K(6720K)->6487K(6720K) NonClass: 5860K(6016K)->5860K(6016K) Class: 627K(704K)->627K(704K)
[29.550s][info][gc             ] GC(85) Pause Young (Allocation Failure) 691M->14M(2045M) 0.814ms
[29.550s][info][gc,cpu         ] GC(85) User=0.00s Sys=0.00s Real=0.00s
[29.995s][info][gc,start       ] GC(86) Pause Young (Allocation Failure)
[29.995s][info][gc,heap        ] GC(86) PSYoungGen: 695986K(696320K)->2066K(696320K) Eden: 693760K(693760K)->0K(693760K) From: 2226K(2560K)->2066K(2560K)
[29.995s][info][gc,heap        ] GC(86) ParOldGen: 12535K(1398272K)->12535K(1398272K)
[29.995s][info][gc,metaspace   ] GC(86) Metaspace: 6487K(6720K)->6487K(6720K) NonClass: 5860K(6016K)->5860K(6016K) Class: 627K(704K)->627K(704K)
[29.995s][info][gc             ] GC(86) Pause Young (Allocation Failure) 691M->14M(2045M) 0.748ms
[29.995s][info][gc,cpu         ] GC(86) User=0.00s Sys=0.00s Real=0.00s
[30.432s][info][gc,start       ] GC(87) Pause Young (Allocation Failure)
[30.433s][info][gc,heap        ] GC(87) PSYoungGen: 695826K(696320K)->1792K(696320K) Eden: 693760K(693760K)->0K(693760K) From: 2066K(2560K)->1792K(2560K)
[30.433s][info][gc,heap        ] GC(87) ParOldGen: 12535K(1398272K)->12535K(1398272K)
[30.433s][info][gc,metaspace   ] GC(87) Metaspace: 6487K(6720K)->6487K(6720K) NonClass: 5860K(6016K)->5860K(6016K) Class: 627K(704K)->627K(704K)
[30.433s][info][gc             ] GC(87) Pause Young (Allocation Failure) 691M->13M(2045M) 0.713ms
[30.433s][info][gc,cpu         ] GC(87) User=0.00s Sys=0.00s Real=0.00s
[30.521s][info][gc,start       ] GC(88) Pause Young (System.gc())
[30.522s][info][gc,heap        ] GC(88) PSYoungGen: 76332K(696320K)->96K(695296K) Eden: 74540K(693760K)->0K(692736K) From: 1792K(2560K)->96K(2560K)
[30.522s][info][gc,heap        ] GC(88) ParOldGen: 12535K(1398272K)->20727K(1398272K)
[30.522s][info][gc,metaspace   ] GC(88) Metaspace: 6489K(6720K)->6489K(6720K) NonClass: 5862K(6016K)->5862K(6016K) Class: 627K(704K)->627K(704K)
[30.522s][info][gc             ] GC(88) Pause Young (System.gc()) 86M->20M(2044M) 1.236ms
[30.522s][info][gc,cpu         ] GC(88) User=0.00s Sys=0.00s Real=0.00s
[30.522s][info][gc,start       ] GC(89) Pause Full (System.gc())
[30.522s][info][gc,phases,start] GC(89) Marking Phase
[30.525s][info][gc,phases      ] GC(89) Marking Phase 3.273ms
[30.525s][info][gc,phases,start] GC(89) Summary Phase
[30.525s][info][gc,phases      ] GC(89) Summary Phase 0.010ms
[30.525s][info][gc,phases,start] GC(89) Adjust Roots
[30.526s][info][gc,phases      ] GC(89) Adjust Roots 0.844ms
[30.526s][info][gc,phases,start] GC(89) Compaction Phase
[30.529s][info][gc,phases      ] GC(89) Compaction Phase 2.674ms
[30.529s][info][gc,phases,start] GC(89) Post Compact
[30.529s][info][gc,phases      ] GC(89) Post Compact 0.312ms
[30.529s][info][gc,heap        ] GC(89) PSYoungGen: 96K(695296K)->0K(695296K) Eden: 0K(692736K)->0K(692736K) From: 96K(2560K)->0K(2560K)
[30.529s][info][gc,heap        ] GC(89) ParOldGen: 20727K(1398272K)->11662K(1398272K)
[30.529s][info][gc,metaspace   ] GC(89) Metaspace: 6489K(6720K)->6489K(6720K) NonClass: 5862K(6016K)->5862K(6016K) Class: 627K(704K)->627K(704K)
[30.529s][info][gc             ] GC(89) Pause Full (System.gc()) 20M->11M(2044M) 7.325ms
[30.529s][info][gc,cpu         ] GC(89) User=0.08s Sys=0.02s Real=0.00s
[30.773s][info][gc,start       ] GC(90) Pause Young (Allocation Failure)
[30.774s][info][gc,heap        ] GC(90) PSYoungGen: 692736K(695296K)->2940K(695808K) Eden: 692736K(692736K)->0K(692736K) From: 0K(2560K)->2940K(3072K)
[30.774s][info][gc,heap        ] GC(90) ParOldGen: 11662K(1398272K)->11670K(1398272K)
[30.774s][info][gc,metaspace   ] GC(90) Metaspace: 6528K(6720K)->6528K(6720K) NonClass: 5901K(6016K)->5901K(6016K) Class: 627K(704K)->627K(704K)
[30.774s][info][gc             ] GC(90) Pause Young (Allocation Failure) 687M->14M(2045M) 0.890ms
[30.774s][info][gc,cpu         ] GC(90) User=0.00s Sys=0.00s Real=0.00s
[31.064s][info][gc,start       ] GC(91) Pause Young (Allocation Failure)
[31.064s][info][gc,heap        ] GC(91) PSYoungGen: 695676K(695808K)->2240K(695808K) Eden: 692736K(692736K)->0K(692736K) From: 2940K(3072K)->2240K(3072K)
[31.065s][info][gc,heap        ] GC(91) ParOldGen: 11670K(1398272K)->12535K(1398272K)
[31.065s][info][gc,metaspace   ] GC(91) Metaspace: 6528K(6720K)->6528K(6720K) NonClass: 5901K(6016K)->5901K(6016K) Class: 627K(704K)->627K(704K)
[31.065s][info][gc             ] GC(91) Pause Young (Allocation Failure) 690M->14M(2045M) 0.991ms
[31.065s][info][gc,cpu         ] GC(91) User=0.00s Sys=0.00s Real=0.00s
[31.452s][info][gc,start       ] GC(92) Pause Young (Allocation Failure)
[31.453s][info][gc,heap        ] GC(92) PSYoungGen: 694976K(695808K)->2130K(695808K) Eden: 692736K(692736K)->0K(692736K) From: 2240K(3072K)->2130K(3072K)
[31.453s][info][gc,heap        ] GC(92) ParOldGen: 12535K(1398272K)->12535K(1398272K)
[31.453s][info][gc,metaspace   ] GC(92) Metaspace: 6528K(6720K)->6528K(6720K) NonClass: 5901K(6016K)->5901K(6016K) Class: 627K(704K)->627K(704K)
[31.453s][info][gc             ] GC(92) Pause Young (Allocation Failure) 690M->14M(2045M) 0.866ms
[31.453s][info][gc,cpu         ] GC(92) User=0.00s Sys=0.00s Real=0.00s
[31.852s][info][gc,start       ] GC(93) Pause Young (Allocation Failure)
[31.853s][info][gc,heap        ] GC(93) PSYoungGen: 694866K(695808K)->2162K(695808K) Eden: 692736K(692736K)->0K(692736K) From: 2130K(3072K)->2162K(3072K)
[31.853s][info][gc,heap        ] GC(93) ParOldGen: 12535K(1398272K)->12535K(1398272K)
[31.853s][info][gc,metaspace   ] GC(93) Metaspace: 6528K(6720K)->6528K(6720K) NonClass: 5901K(6016K)->5901K(6016K) Class: 627K(704K)->627K(704K)
[31.853s][info][gc             ] GC(93) Pause Young (Allocation Failure) 690M->14M(2045M) 0.827ms
[31.853s][info][gc,cpu         ] GC(93) User=0.00s Sys=0.00s Real=0.00s
[32.209s][info][gc,start       ] GC(94) Pause Young (Allocation Failure)
[32.210s][info][gc,heap        ] GC(94) PSYoungGen: 694898K(695808K)->2098K(695808K) Eden: 692736K(692736K)->0K(692736K) From: 2162K(3072K)->2098K(3072K)
[32.210s][info][gc,heap        ] GC(94) ParOldGen: 12535K(1398272K)->12535K(1398272K)
[32.210s][info][gc,metaspace   ] GC(94) Metaspace: 6528K(6720K)->6528K(6720K) NonClass: 5901K(6016K)->5901K(6016K) Class: 627K(704K)->627K(704K)
[32.210s][info][gc             ] GC(94) Pause Young (Allocation Failure) 690M->14M(2045M) 0.710ms
[32.210s][info][gc,cpu         ] GC(94) User=0.00s Sys=0.00s Real=0.00s
[32.624s][info][gc,start       ] GC(95) Pause Young (Allocation Failure)
[32.624s][info][gc,heap        ] GC(95) PSYoungGen: 694834K(695808K)->2162K(695808K) Eden: 692736K(692736K)->0K(692736K) From: 2098K(3072K)->2162K(3072K)
[32.624s][info][gc,heap        ] GC(95) ParOldGen: 12535K(1398272K)->12535K(1398272K)
[32.624s][info][gc,metaspace   ] GC(95) Metaspace: 6528K(6720K)->6528K(6720K) NonClass: 5901K(6016K)->5901K(6016K) Class: 627K(704K)->627K(704K)
[32.624s][info][gc             ] GC(95) Pause Young (Allocation Failure) 690M->14M(2045M) 0.805ms
[32.624s][info][gc,cpu         ] GC(95) User=0.00s Sys=0.00s Real=0.00s
[33.035s][info][gc,start       ] GC(96) Pause Young (Allocation Failure)
[33.036s][info][gc,heap        ] GC(96) PSYoungGen: 694898K(695808K)->2130K(695808K) Eden: 692736K(692736K)->0K(692736K) From: 2162K(3072K)->2130K(3072K)
[33.036s][info][gc,heap        ] GC(96) ParOldGen: 12535K(1398272K)->12535K(1398272K)
[33.036s][info][gc,metaspace   ] GC(96) Metaspace: 6528K(6720K)->6528K(6720K) NonClass: 5901K(6016K)->5901K(6016K) Class: 627K(704K)->627K(704K)
[33.036s][info][gc             ] GC(96) Pause Young (Allocation Failure) 690M->14M(2045M) 0.829ms
[33.036s][info][gc,cpu         ] GC(96) User=0.00s Sys=0.00s Real=0.00s
[33.414s][info][gc,start       ] GC(97) Pause Young (Allocation Failure)
[33.415s][info][gc,heap        ] GC(97) PSYoungGen: 694866K(695808K)->2162K(695808K) Eden: 692736K(692736K)->0K(692736K) From: 2130K(3072K)->2162K(3072K)
[33.415s][info][gc,heap        ] GC(97) ParOldGen: 12535K(1398272K)->12535K(1398272K)
[33.415s][info][gc,metaspace   ] GC(97) Metaspace: 6528K(6720K)->6528K(6720K) NonClass: 5901K(6016K)->5901K(6016K) Class: 627K(704K)->627K(704K)
[33.415s][info][gc             ] GC(97) Pause Young (Allocation Failure) 690M->14M(2045M) 0.913ms
[33.415s][info][gc,cpu         ] GC(97) User=0.00s Sys=0.00s Real=0.00s
[33.775s][info][gc,start       ] GC(98) Pause Young (Allocation Failure)
[33.775s][info][gc,heap        ] GC(98) PSYoungGen: 694898K(695808K)->2162K(695808K) Eden: 692736K(692736K)->0K(692736K) From: 2162K(3072K)->2162K(3072K)
[33.775s][info][gc,heap        ] GC(98) ParOldGen: 12535K(1398272K)->12535K(1398272K)
[33.775s][info][gc,metaspace   ] GC(98) Metaspace: 6528K(6720K)->6528K(6720K) NonClass: 5901K(6016K)->5901K(6016K) Class: 627K(704K)->627K(704K)
[33.775s][info][gc             ] GC(98) Pause Young (Allocation Failure) 690M->14M(2045M) 0.924ms
[33.775s][info][gc,cpu         ] GC(98) User=0.00s Sys=0.00s Real=0.00s
[34.069s][info][gc,start       ] GC(99) Pause Young (Allocation Failure)
[34.070s][info][gc,heap        ] GC(99) PSYoungGen: 694898K(695808K)->2194K(695808K) Eden: 692736K(692736K)->0K(692736K) From: 2162K(3072K)->2194K(3072K)
[34.070s][info][gc,heap        ] GC(99) ParOldGen: 12535K(1398272K)->12535K(1398272K)
[34.070s][info][gc,metaspace   ] GC(99) Metaspace: 6528K(6720K)->6528K(6720K) NonClass: 5901K(6016K)->5901K(6016K) Class: 627K(704K)->627K(704K)
[34.070s][info][gc             ] GC(99) Pause Young (Allocation Failure) 690M->14M(2045M) 0.835ms
[34.070s][info][gc,cpu         ] GC(99) User=0.09s Sys=0.00s Real=0.00s
[34.413s][info][gc,start       ] GC(100) Pause Young (Allocation Failure)
[34.414s][info][gc,heap        ] GC(100) PSYoungGen: 694930K(695808K)->2016K(695808K) Eden: 692736K(692736K)->0K(692736K) From: 2194K(3072K)->2016K(3072K)
[34.414s][info][gc,heap        ] GC(100) ParOldGen: 12535K(1398272K)->12535K(1398272K)
[34.414s][info][gc,metaspace   ] GC(100) Metaspace: 6528K(6720K)->6528K(6720K) NonClass: 5901K(6016K)->5901K(6016K) Class: 627K(704K)->627K(704K)
[34.414s][info][gc             ] GC(100) Pause Young (Allocation Failure) 690M->14M(2045M) 0.708ms
[34.414s][info][gc,cpu         ] GC(100) User=0.02s Sys=0.00s Real=0.00s
[34.791s][info][gc,start       ] GC(101) Pause Young (Allocation Failure)
[34.792s][info][gc,heap        ] GC(101) PSYoungGen: 694752K(695808K)->2245K(695808K) Eden: 692736K(692736K)->0K(692736K) From: 2016K(3072K)->2245K(3072K)
[34.792s][info][gc,heap        ] GC(101) ParOldGen: 12535K(1398272K)->12535K(1398272K)
[34.792s][info][gc,metaspace   ] GC(101) Metaspace: 6528K(6720K)->6528K(6720K) NonClass: 5901K(6016K)->5901K(6016K) Class: 627K(704K)->627K(704K)
[34.792s][info][gc             ] GC(101) Pause Young (Allocation Failure) 690M->14M(2045M) 1.012ms
[34.792s][info][gc,cpu         ] GC(101) User=0.00s Sys=0.00s Real=0.00s
[35.199s][info][gc,start       ] GC(102) Pause Young (Allocation Failure)
[35.200s][info][gc,heap        ] GC(102) PSYoungGen: 694981K(695808K)->2130K(695808K) Eden: 692736K(692736K)->0K(692736K) From: 2245K(3072K)->2130K(3072K)
[35.200s][info][gc,heap        ] GC(102) ParOldGen: 12535K(1398272K)->12535K(1398272K)
[35.200s][info][gc,metaspace   ] GC(102) Metaspace: 6528K(6720K)->6528K(6720K) NonClass: 5901K(6016K)->5901K(6016K) Class: 627K(704K)->627K(704K)
[35.200s][info][gc             ] GC(102) Pause Young (Allocation Failure) 690M->14M(2045M) 0.858ms
[35.200s][info][gc,cpu         ] GC(102) User=0.00s Sys=0.00s Real=0.00s
[35.674s][info][gc,start       ] GC(103) Pause Young (Allocation Failure)
[35.674s][info][gc,heap        ] GC(103) PSYoungGen: 694866K(695808K)->2098K(696320K) Eden: 692736K(692736K)->0K(693248K) From: 2130K(3072K)->2098K(3072K)
[35.674s][info][gc,heap        ] GC(103) ParOldGen: 12535K(1398272K)->12535K(1398272K)
[35.674s][info][gc,metaspace   ] GC(103) Metaspace: 6528K(6720K)->6528K(6720K) NonClass: 5901K(6016K)->5901K(6016K) Class: 627K(704K)->627K(704K)
[35.674s][info][gc             ] GC(103) Pause Young (Allocation Failure) 690M->14M(2045M) 0.851ms
[35.674s][info][gc,cpu         ] GC(103) User=0.00s Sys=0.00s Real=0.00s
[36.073s][info][gc,start       ] GC(104) Pause Young (Allocation Failure)
[36.074s][info][gc,heap        ] GC(104) PSYoungGen: 695346K(696320K)->2130K(695808K) Eden: 693248K(693248K)->0K(693248K) From: 2098K(3072K)->2130K(2560K)
[36.074s][info][gc,heap        ] GC(104) ParOldGen: 12535K(1398272K)->12535K(1398272K)
[36.074s][info][gc,metaspace   ] GC(104) Metaspace: 6528K(6720K)->6528K(6720K) NonClass: 5901K(6016K)->5901K(6016K) Class: 627K(704K)->627K(704K)
[36.074s][info][gc             ] GC(104) Pause Young (Allocation Failure) 691M->14M(2045M) 0.815ms
[36.074s][info][gc,cpu         ] GC(104) User=0.00s Sys=0.00s Real=0.00s
[36.490s][info][gc,start       ] GC(105) Pause Young (Allocation Failure)
[36.491s][info][gc,heap        ] GC(105) PSYoungGen: 695378K(695808K)->2098K(696320K) Eden: 693248K(693248K)->0K(693760K) From: 2130K(2560K)->2098K(2560K)
[36.491s][info][gc,heap        ] GC(105) ParOldGen: 12535K(1398272K)->12535K(1398272K)
[36.491s][info][gc,metaspace   ] GC(105) Metaspace: 6528K(6720K)->6528K(6720K) NonClass: 5901K(6016K)->5901K(6016K) Class: 627K(704K)->627K(704K)
[36.491s][info][gc             ] GC(105) Pause Young (Allocation Failure) 691M->14M(2045M) 0.823ms
[36.491s][info][gc,cpu         ] GC(105) User=0.00s Sys=0.00s Real=0.00s
[36.941s][info][gc,start       ] GC(106) Pause Young (Allocation Failure)
[36.942s][info][gc,heap        ] GC(106) PSYoungGen: 695858K(696320K)->2098K(696320K) Eden: 693760K(693760K)->0K(693760K) From: 2098K(2560K)->2098K(2560K)
[36.942s][info][gc,heap        ] GC(106) ParOldGen: 12535K(1398272K)->12535K(1398272K)
[36.942s][info][gc,metaspace   ] GC(106) Metaspace: 6528K(6720K)->6528K(6720K) NonClass: 5901K(6016K)->5901K(6016K) Class: 627K(704K)->627K(704K)
[36.942s][info][gc             ] GC(106) Pause Young (Allocation Failure) 691M->14M(2045M) 0.829ms
[36.942s][info][gc,cpu         ] GC(106) User=0.00s Sys=0.00s Real=0.00s
[37.350s][info][gc,start       ] GC(107) Pause Young (Allocation Failure)
[37.350s][info][gc,heap        ] GC(107) PSYoungGen: 695858K(696320K)->2098K(696320K) Eden: 693760K(693760K)->0K(693760K) From: 2098K(2560K)->2098K(2560K)
[37.350s][info][gc,heap        ] GC(107) ParOldGen: 12535K(1398272K)->12535K(1398272K)
[37.350s][info][gc,metaspace   ] GC(107) Metaspace: 6528K(6720K)->6528K(6720K) NonClass: 5901K(6016K)->5901K(6016K) Class: 627K(704K)->627K(704K)
[37.350s][info][gc             ] GC(107) Pause Young (Allocation Failure) 691M->14M(2045M) 0.670ms
[37.350s][info][gc,cpu         ] GC(107) User=0.00s Sys=0.00s Real=0.00s
[37.756s][info][gc,start       ] GC(108) Pause Young (Allocation Failure)
[37.757s][info][gc,heap        ] GC(108) PSYoungGen: 695858K(696320K)->2162K(696320K) Eden: 693760K(693760K)->0K(693760K) From: 2098K(2560K)->2162K(2560K)
[37.757s][info][gc,heap        ] GC(108) ParOldGen: 12535K(1398272K)->12535K(1398272K)
[37.757s][info][gc,metaspace   ] GC(108) Metaspace: 6528K(6720K)->6528K(6720K) NonClass: 5901K(6016K)->5901K(6016K) Class: 627K(704K)->627K(704K)
[37.757s][info][gc             ] GC(108) Pause Young (Allocation Failure) 691M->14M(2045M) 0.903ms
[37.757s][info][gc,cpu         ] GC(108) User=0.02s Sys=0.00s Real=0.00s
[38.084s][info][gc,start       ] GC(109) Pause Young (Allocation Failure)
[38.085s][info][gc,heap        ] GC(109) PSYoungGen: 695922K(696320K)->2098K(696320K) Eden: 693760K(693760K)->0K(693760K) From: 2162K(2560K)->2098K(2560K)
[38.085s][info][gc,heap        ] GC(109) ParOldGen: 12535K(1398272K)->12535K(1398272K)
[38.085s][info][gc,metaspace   ] GC(109) Metaspace: 6528K(6720K)->6528K(6720K) NonClass: 5901K(6016K)->5901K(6016K) Class: 627K(704K)->627K(704K)
[38.085s][info][gc             ] GC(109) Pause Young (Allocation Failure) 691M->14M(2045M) 0.769ms
[38.085s][info][gc,cpu         ] GC(109) User=0.00s Sys=0.00s Real=0.00s
[38.410s][info][gc,start       ] GC(110) Pause Young (Allocation Failure)
[38.410s][info][gc,heap        ] GC(110) PSYoungGen: 695858K(696320K)->2226K(696320K) Eden: 693760K(693760K)->0K(693760K) From: 2098K(2560K)->2226K(2560K)
[38.410s][info][gc,heap        ] GC(110) ParOldGen: 12535K(1398272K)->12535K(1398272K)
[38.410s][info][gc,metaspace   ] GC(110) Metaspace: 6528K(6720K)->6528K(6720K) NonClass: 5901K(6016K)->5901K(6016K) Class: 627K(704K)->627K(704K)
[38.411s][info][gc             ] GC(110) Pause Young (Allocation Failure) 691M->14M(2045M) 0.812ms
[38.411s][info][gc,cpu         ] GC(110) User=0.00s Sys=0.00s Real=0.00s
[38.788s][info][gc,start       ] GC(111) Pause Young (Allocation Failure)
[38.788s][info][gc,heap        ] GC(111) PSYoungGen: 695986K(696320K)->2130K(696320K) Eden: 693760K(693760K)->0K(693760K) From: 2226K(2560K)->2130K(2560K)
[38.788s][info][gc,heap        ] GC(111) ParOldGen: 12535K(1398272K)->12535K(1398272K)
[38.788s][info][gc,metaspace   ] GC(111) Metaspace: 6528K(6720K)->6528K(6720K) NonClass: 5901K(6016K)->5901K(6016K) Class: 627K(704K)->627K(704K)
[38.788s][info][gc             ] GC(111) Pause Young (Allocation Failure) 691M->14M(2045M) 0.804ms
[38.788s][info][gc,cpu         ] GC(111) User=0.06s Sys=0.02s Real=0.00s
[39.223s][info][gc,start       ] GC(112) Pause Young (Allocation Failure)
[39.224s][info][gc,heap        ] GC(112) PSYoungGen: 695890K(696320K)->1970K(696320K) Eden: 693760K(693760K)->0K(693760K) From: 2130K(2560K)->1970K(2560K)
[39.224s][info][gc,heap        ] GC(112) ParOldGen: 12535K(1398272K)->12535K(1398272K)
[39.224s][info][gc,metaspace   ] GC(112) Metaspace: 6528K(6720K)->6528K(6720K) NonClass: 5901K(6016K)->5901K(6016K) Class: 627K(704K)->627K(704K)
[39.224s][info][gc             ] GC(112) Pause Young (Allocation Failure) 691M->14M(2045M) 0.662ms
[39.224s][info][gc,cpu         ] GC(112) User=0.00s Sys=0.00s Real=0.00s
[39.637s][info][gc,start       ] GC(113) Pause Young (Allocation Failure)
[39.638s][info][gc,heap        ] GC(113) PSYoungGen: 695730K(696320K)->2098K(696320K) Eden: 693760K(693760K)->0K(693760K) From: 1970K(2560K)->2098K(2560K)
[39.638s][info][gc,heap        ] GC(113) ParOldGen: 12535K(1398272K)->12535K(1398272K)
[39.638s][info][gc,metaspace   ] GC(113) Metaspace: 6528K(6720K)->6528K(6720K) NonClass: 5901K(6016K)->5901K(6016K) Class: 627K(704K)->627K(704K)
[39.638s][info][gc             ] GC(113) Pause Young (Allocation Failure) 691M->14M(2045M) 0.712ms
[39.638s][info][gc,cpu         ] GC(113) User=0.00s Sys=0.00s Real=0.00s
[40.103s][info][gc,start       ] GC(114) Pause Young (Allocation Failure)
[40.104s][info][gc,heap        ] GC(114) PSYoungGen: 695858K(696320K)->2277K(696320K) Eden: 693760K(693760K)->0K(693760K) From: 2098K(2560K)->2277K(2560K)
[40.104s][info][gc,heap        ] GC(114) ParOldGen: 12535K(1398272K)->12535K(1398272K)
[40.104s][info][gc,metaspace   ] GC(114) Metaspace: 6528K(6720K)->6528K(6720K) NonClass: 5901K(6016K)->5901K(6016K) Class: 627K(704K)->627K(704K)
[40.104s][info][gc             ] GC(114) Pause Young (Allocation Failure) 691M->14M(2045M) 1.128ms
[40.104s][info][gc,cpu         ] GC(114) User=0.00s Sys=0.00s Real=0.00s
[40.522s][info][gc,start       ] GC(115) Pause Young (Allocation Failure)
[40.522s][info][gc,heap        ] GC(115) PSYoungGen: 696037K(696320K)->1957K(696320K) Eden: 693760K(693760K)->0K(693760K) From: 2277K(2560K)->1957K(2560K)
[40.522s][info][gc,heap        ] GC(115) ParOldGen: 12535K(1398272K)->12535K(1398272K)
[40.522s][info][gc,metaspace   ] GC(115) Metaspace: 6528K(6720K)->6528K(6720K) NonClass: 5901K(6016K)->5901K(6016K) Class: 627K(704K)->627K(704K)
[40.522s][info][gc             ] GC(115) Pause Young (Allocation Failure) 691M->14M(2045M) 0.649ms
[40.522s][info][gc,cpu         ] GC(115) User=0.00s Sys=0.00s Real=0.00s
[40.945s][info][gc,start       ] GC(116) Pause Young (Allocation Failure)
[40.945s][info][gc,heap        ] GC(116) PSYoungGen: 695717K(696320K)->1600K(696320K) Eden: 693760K(693760K)->0K(693760K) From: 1957K(2560K)->1600K(2560K)
[40.945s][info][gc,heap        ] GC(116) ParOldGen: 12535K(1398272K)->12535K(1398272K)
[40.945s][info][gc,metaspace   ] GC(116) Metaspace: 6528K(6720K)->6528K(6720K) NonClass: 5901K(6016K)->5901K(6016K) Class: 627K(704K)->627K(704K)
[40.945s][info][gc             ] GC(116) Pause Young (Allocation Failure) 691M->13M(2045M) 0.764ms
[40.945s][info][gc,cpu         ] GC(116) User=0.00s Sys=0.00s Real=0.00s
[41.024s][info][gc,start       ] GC(117) Pause Young (System.gc())
[41.025s][info][gc,heap        ] GC(117) PSYoungGen: 59888K(696320K)->128K(695296K) Eden: 58288K(693760K)->0K(692736K) From: 1600K(2560K)->128K(2560K)
[41.025s][info][gc,heap        ] GC(117) ParOldGen: 12535K(1398272K)->20727K(1398272K)
[41.025s][info][gc,metaspace   ] GC(117) Metaspace: 6532K(6720K)->6532K(6720K) NonClass: 5904K(6016K)->5904K(6016K) Class: 627K(704K)->627K(704K)
[41.025s][info][gc             ] GC(117) Pause Young (System.gc()) 70M->20M(2044M) 1.253ms
[41.025s][info][gc,cpu         ] GC(117) User=0.00s Sys=0.00s Real=0.00s
[41.025s][info][gc,start       ] GC(118) Pause Full (System.gc())
[41.025s][info][gc,phases,start] GC(118) Marking Phase
[41.028s][info][gc,phases      ] GC(118) Marking Phase 3.257ms
[41.028s][info][gc,phases,start] GC(118) Summary Phase
[41.028s][info][gc,phases      ] GC(118) Summary Phase 0.010ms
[41.028s][info][gc,phases,start] GC(118) Adjust Roots
[41.029s][info][gc,phases      ] GC(118) Adjust Roots 0.949ms
[41.029s][info][gc,phases,start] GC(118) Compaction Phase
[41.031s][info][gc,phases      ] GC(118) Compaction Phase 1.714ms
[41.031s][info][gc,phases,start] GC(118) Post Compact
[41.032s][info][gc,phases      ] GC(118) Post Compact 0.337ms
[41.032s][info][gc,heap        ] GC(118) PSYoungGen: 128K(695296K)->0K(695296K) Eden: 0K(692736K)->0K(692736K) From: 128K(2560K)->0K(2560K)
[41.032s][info][gc,heap        ] GC(118) ParOldGen: 20727K(1398272K)->11662K(1398272K)
[41.032s][info][gc,metaspace   ] GC(118) Metaspace: 6532K(6720K)->6532K(6720K) NonClass: 5904K(6016K)->5904K(6016K) Class: 627K(704K)->627K(704K)
[41.032s][info][gc             ] GC(118) Pause Full (System.gc()) 20M->11M(2044M) 6.499ms
[41.032s][info][gc,cpu         ] GC(118) User=0.00s Sys=0.00s Real=0.02s
[41.277s][info][gc,start       ] GC(119) Pause Young (Allocation Failure)
[41.277s][info][gc,heap        ] GC(119) PSYoungGen: 692736K(695296K)->2973K(695808K) Eden: 692736K(692736K)->0K(692736K) From: 0K(2560K)->2973K(3072K)
[41.277s][info][gc,heap        ] GC(119) ParOldGen: 11662K(1398272K)->11670K(1398272K)
[41.278s][info][gc,metaspace   ] GC(119) Metaspace: 6560K(6784K)->6560K(6784K) NonClass: 5933K(6080K)->5933K(6080K) Class: 627K(704K)->627K(704K)
[41.278s][info][gc             ] GC(119) Pause Young (Allocation Failure) 687M->14M(2045M) 1.000ms
[41.278s][info][gc,cpu         ] GC(119) User=0.00s Sys=0.00s Real=0.00s
[41.537s][info][gc,start       ] GC(120) Pause Young (Allocation Failure)
[41.538s][info][gc,heap        ] GC(120) PSYoungGen: 695709K(695808K)->1664K(695808K) Eden: 692736K(692736K)->0K(692736K) From: 2973K(3072K)->1664K(3072K)
[41.538s][info][gc,heap        ] GC(120) ParOldGen: 11670K(1398272K)->12543K(1398272K)
[41.538s][info][gc,metaspace   ] GC(120) Metaspace: 6560K(6784K)->6560K(6784K) NonClass: 5933K(6080K)->5933K(6080K) Class: 627K(704K)->627K(704K)
[41.538s][info][gc             ] GC(120) Pause Young (Allocation Failure) 690M->13M(2045M) 0.973ms
[41.538s][info][gc,cpu         ] GC(120) User=0.00s Sys=0.00s Real=0.00s
[41.977s][info][gc,start       ] GC(121) Pause Young (Allocation Failure)
[41.978s][info][gc,heap        ] GC(121) PSYoungGen: 694400K(695808K)->2135K(695808K) Eden: 692736K(692736K)->0K(692736K) From: 1664K(3072K)->2135K(3072K)
[41.978s][info][gc,heap        ] GC(121) ParOldGen: 12543K(1398272K)->12543K(1398272K)
[41.978s][info][gc,metaspace   ] GC(121) Metaspace: 6560K(6784K)->6560K(6784K) NonClass: 5933K(6080K)->5933K(6080K) Class: 627K(704K)->627K(704K)
[41.978s][info][gc             ] GC(121) Pause Young (Allocation Failure) 690M->14M(2045M) 1.120ms
[41.978s][info][gc,cpu         ] GC(121) User=0.00s Sys=0.00s Real=0.00s
[42.405s][info][gc,start       ] GC(122) Pause Young (Allocation Failure)
[42.406s][info][gc,heap        ] GC(122) PSYoungGen: 694871K(695808K)->2162K(695808K) Eden: 692736K(692736K)->0K(692736K) From: 2135K(3072K)->2162K(3072K)
[42.406s][info][gc,heap        ] GC(122) ParOldGen: 12543K(1398272K)->12543K(1398272K)
[42.406s][info][gc,metaspace   ] GC(122) Metaspace: 6560K(6784K)->6560K(6784K) NonClass: 5933K(6080K)->5933K(6080K) Class: 627K(704K)->627K(704K)
[42.406s][info][gc             ] GC(122) Pause Young (Allocation Failure) 690M->14M(2045M) 0.803ms
[42.406s][info][gc,cpu         ] GC(122) User=0.00s Sys=0.00s Real=0.00s
[42.859s][info][gc,start       ] GC(123) Pause Young (Allocation Failure)
[42.860s][info][gc,heap        ] GC(123) PSYoungGen: 694898K(695808K)->2066K(695808K) Eden: 692736K(692736K)->0K(692736K) From: 2162K(3072K)->2066K(3072K)
[42.860s][info][gc,heap        ] GC(123) ParOldGen: 12543K(1398272K)->12543K(1398272K)
[42.860s][info][gc,metaspace   ] GC(123) Metaspace: 6560K(6784K)->6560K(6784K) NonClass: 5933K(6080K)->5933K(6080K) Class: 627K(704K)->627K(704K)
[42.860s][info][gc             ] GC(123) Pause Young (Allocation Failure) 690M->14M(2045M) 0.682ms
[42.860s][info][gc,cpu         ] GC(123) User=0.00s Sys=0.00s Real=0.00s
[43.323s][info][gc,start       ] GC(124) Pause Young (Allocation Failure)
[43.324s][info][gc,heap        ] GC(124) PSYoungGen: 694802K(695808K)->2130K(695808K) Eden: 692736K(692736K)->0K(692736K) From: 2066K(3072K)->2130K(3072K)
[43.324s][info][gc,heap        ] GC(124) ParOldGen: 12543K(1398272K)->12543K(1398272K)
[43.324s][info][gc,metaspace   ] GC(124) Metaspace: 6560K(6784K)->6560K(6784K) NonClass: 5933K(6080K)->5933K(6080K) Class: 627K(704K)->627K(704K)
[43.324s][info][gc             ] GC(124) Pause Young (Allocation Failure) 690M->14M(2045M) 0.809ms
[43.324s][info][gc,cpu         ] GC(124) User=0.00s Sys=0.00s Real=0.00s
[43.772s][info][gc,start       ] GC(125) Pause Young (Allocation Failure)
[43.773s][info][gc,heap        ] GC(125) PSYoungGen: 694866K(695808K)->2226K(695808K) Eden: 692736K(692736K)->0K(692736K) From: 2130K(3072K)->2226K(3072K)
[43.773s][info][gc,heap        ] GC(125) ParOldGen: 12543K(1398272K)->12543K(1398272K)
[43.773s][info][gc,metaspace   ] GC(125) Metaspace: 6560K(6784K)->6560K(6784K) NonClass: 5933K(6080K)->5933K(6080K) Class: 627K(704K)->627K(704K)
[43.773s][info][gc             ] GC(125) Pause Young (Allocation Failure) 690M->14M(2045M) 0.962ms
[43.773s][info][gc,cpu         ] GC(125) User=0.09s Sys=0.00s Real=0.00s
[44.243s][info][gc,start       ] GC(126) Pause Young (Allocation Failure)
[44.244s][info][gc,heap        ] GC(126) PSYoungGen: 694962K(695808K)->2144K(695808K) Eden: 692736K(692736K)->0K(692736K) From: 2226K(3072K)->2144K(3072K)
[44.244s][info][gc,heap        ] GC(126) ParOldGen: 12543K(1398272K)->12543K(1398272K)
[44.244s][info][gc,metaspace   ] GC(126) Metaspace: 6560K(6784K)->6560K(6784K) NonClass: 5933K(6080K)->5933K(6080K) Class: 627K(704K)->627K(704K)
[44.244s][info][gc             ] GC(126) Pause Young (Allocation Failure) 690M->14M(2045M) 0.876ms
[44.244s][info][gc,cpu         ] GC(126) User=0.00s Sys=0.00s Real=0.00s
[44.698s][info][gc,start       ] GC(127) Pause Young (Allocation Failure)
[44.699s][info][gc,heap        ] GC(127) PSYoungGen: 694880K(695808K)->2258K(695808K) Eden: 692736K(692736K)->0K(692736K) From: 2144K(3072K)->2258K(3072K)
[44.699s][info][gc,heap        ] GC(127) ParOldGen: 12543K(1398272K)->12543K(1398272K)
[44.699s][info][gc,metaspace   ] GC(127) Metaspace: 6560K(6784K)->6560K(6784K) NonClass: 5933K(6080K)->5933K(6080K) Class: 627K(704K)->627K(704K)
[44.699s][info][gc             ] GC(127) Pause Young (Allocation Failure) 690M->14M(2045M) 0.957ms
[44.699s][info][gc,cpu         ] GC(127) User=0.00s Sys=0.00s Real=0.00s
[45.081s][info][gc,start       ] GC(128) Pause Young (Allocation Failure)
[45.081s][info][gc,heap        ] GC(128) PSYoungGen: 694994K(695808K)->2290K(695808K) Eden: 692736K(692736K)->0K(692736K) From: 2258K(3072K)->2290K(3072K)
[45.081s][info][gc,heap        ] GC(128) ParOldGen: 12543K(1398272K)->12543K(1398272K)
[45.081s][info][gc,metaspace   ] GC(128) Metaspace: 6560K(6784K)->6560K(6784K) NonClass: 5933K(6080K)->5933K(6080K) Class: 627K(704K)->627K(704K)
[45.081s][info][gc             ] GC(128) Pause Young (Allocation Failure) 690M->14M(2045M) 0.872ms
[45.081s][info][gc,cpu         ] GC(128) User=0.00s Sys=0.00s Real=0.00s
[45.523s][info][gc,start       ] GC(129) Pause Young (Allocation Failure)
[45.524s][info][gc,heap        ] GC(129) PSYoungGen: 695026K(695808K)->2258K(695808K) Eden: 692736K(692736K)->0K(692736K) From: 2290K(3072K)->2258K(3072K)
[45.524s][info][gc,heap        ] GC(129) ParOldGen: 12543K(1398272K)->12543K(1398272K)
[45.524s][info][gc,metaspace   ] GC(129) Metaspace: 6560K(6784K)->6560K(6784K) NonClass: 5933K(6080K)->5933K(6080K) Class: 627K(704K)->627K(704K)
[45.524s][info][gc             ] GC(129) Pause Young (Allocation Failure) 690M->14M(2045M) 0.960ms
[45.524s][info][gc,cpu         ] GC(129) User=0.00s Sys=0.00s Real=0.00s
[45.979s][info][gc,start       ] GC(130) Pause Young (Allocation Failure)
[45.980s][info][gc,heap        ] GC(130) PSYoungGen: 694994K(695808K)->2130K(695808K) Eden: 692736K(692736K)->0K(692736K) From: 2258K(3072K)->2130K(3072K)
[45.980s][info][gc,heap        ] GC(130) ParOldGen: 12543K(1398272K)->12543K(1398272K)
[45.980s][info][gc,metaspace   ] GC(130) Metaspace: 6560K(6784K)->6560K(6784K) NonClass: 5933K(6080K)->5933K(6080K) Class: 627K(704K)->627K(704K)
[45.980s][info][gc             ] GC(130) Pause Young (Allocation Failure) 690M->14M(2045M) 1.033ms
[45.980s][info][gc,cpu         ] GC(130) User=0.00s Sys=0.00s Real=0.00s
[46.417s][info][gc,start       ] GC(131) Pause Young (Allocation Failure)
[46.418s][info][gc,heap        ] GC(131) PSYoungGen: 694866K(695808K)->2226K(695808K) Eden: 692736K(692736K)->0K(692736K) From: 2130K(3072K)->2226K(3072K)
[46.418s][info][gc,heap        ] GC(131) ParOldGen: 12543K(1398272K)->12543K(1398272K)
[46.418s][info][gc,metaspace   ] GC(131) Metaspace: 6560K(6784K)->6560K(6784K) NonClass: 5933K(6080K)->5933K(6080K) Class: 627K(704K)->627K(704K)
[46.418s][info][gc             ] GC(131) Pause Young (Allocation Failure) 690M->14M(2045M) 1.075ms
[46.418s][info][gc,cpu         ] GC(131) User=0.00s Sys=0.00s Real=0.00s
[46.890s][info][gc,start       ] GC(132) Pause Young (Allocation Failure)
[46.891s][info][gc,heap        ] GC(132) PSYoungGen: 694962K(695808K)->2085K(695808K) Eden: 692736K(692736K)->0K(692736K) From: 2226K(3072K)->2085K(3072K)
[46.891s][info][gc,heap        ] GC(132) ParOldGen: 12543K(1398272K)->12543K(1398272K)
[46.891s][info][gc,metaspace   ] GC(132) Metaspace: 6560K(6784K)->6560K(6784K) NonClass: 5933K(6080K)->5933K(6080K) Class: 627K(704K)->627K(704K)
[46.891s][info][gc             ] GC(132) Pause Young (Allocation Failure) 690M->14M(2045M) 0.963ms
[46.891s][info][gc,cpu         ] GC(132) User=0.00s Sys=0.00s Real=0.00s
[47.320s][info][gc,start       ] GC(133) Pause Young (Allocation Failure)
[47.321s][info][gc,heap        ] GC(133) PSYoungGen: 694821K(695808K)->2226K(695808K) Eden: 692736K(692736K)->0K(692736K) From: 2085K(3072K)->2226K(3072K)
[47.321s][info][gc,heap        ] GC(133) ParOldGen: 12543K(1398272K)->12543K(1398272K)
[47.321s][info][gc,metaspace   ] GC(133) Metaspace: 6560K(6784K)->6560K(6784K) NonClass: 5933K(6080K)->5933K(6080K) Class: 627K(704K)->627K(704K)
[47.321s][info][gc             ] GC(133) Pause Young (Allocation Failure) 690M->14M(2045M) 0.951ms
[47.321s][info][gc,cpu         ] GC(133) User=0.00s Sys=0.00s Real=0.00s
[47.793s][info][gc,start       ] GC(134) Pause Young (Allocation Failure)
[47.794s][info][gc,heap        ] GC(134) PSYoungGen: 694962K(695808K)->2162K(695808K) Eden: 692736K(692736K)->0K(692736K) From: 2226K(3072K)->2162K(3072K)
[47.794s][info][gc,heap        ] GC(134) ParOldGen: 12543K(1398272K)->12543K(1398272K)
[47.794s][info][gc,metaspace   ] GC(134) Metaspace: 6560K(6784K)->6560K(6784K) NonClass: 5933K(6080K)->5933K(6080K) Class: 627K(704K)->627K(704K)
[47.794s][info][gc             ] GC(134) Pause Young (Allocation Failure) 690M->14M(2045M) 0.778ms
[47.794s][info][gc,cpu         ] GC(134) User=0.00s Sys=0.00s Real=0.00s
[48.253s][info][gc,start       ] GC(135) Pause Young (Allocation Failure)
[48.253s][info][gc,heap        ] GC(135) PSYoungGen: 694898K(695808K)->1970K(695808K) Eden: 692736K(692736K)->0K(692736K) From: 2162K(3072K)->1970K(3072K)
[48.254s][info][gc,heap        ] GC(135) ParOldGen: 12543K(1398272K)->12543K(1398272K)
[48.254s][info][gc,metaspace   ] GC(135) Metaspace: 6560K(6784K)->6560K(6784K) NonClass: 5933K(6080K)->5933K(6080K) Class: 627K(704K)->627K(704K)
[48.254s][info][gc             ] GC(135) Pause Young (Allocation Failure) 690M->14M(2045M) 0.722ms
[48.254s][info][gc,cpu         ] GC(135) User=0.00s Sys=0.00s Real=0.00s
[48.712s][info][gc,start       ] GC(136) Pause Young (Allocation Failure)
[48.713s][info][gc,heap        ] GC(136) PSYoungGen: 694706K(695808K)->2149K(695808K) Eden: 692736K(692736K)->0K(692736K) From: 1970K(3072K)->2149K(3072K)
[48.713s][info][gc,heap        ] GC(136) ParOldGen: 12543K(1398272K)->12543K(1398272K)
[48.713s][info][gc,metaspace   ] GC(136) Metaspace: 6560K(6784K)->6560K(6784K) NonClass: 5933K(6080K)->5933K(6080K) Class: 627K(704K)->627K(704K)
[48.713s][info][gc             ] GC(136) Pause Young (Allocation Failure) 690M->14M(2045M) 1.008ms
[48.713s][info][gc,cpu         ] GC(136) User=0.00s Sys=0.00s Real=0.00s
[49.199s][info][gc,start       ] GC(137) Pause Young (Allocation Failure)
[49.200s][info][gc,heap        ] GC(137) PSYoungGen: 694885K(695808K)->2194K(695808K) Eden: 692736K(692736K)->0K(692736K) From: 2149K(3072K)->2194K(3072K)
[49.200s][info][gc,heap        ] GC(137) ParOldGen: 12543K(1398272K)->12543K(1398272K)
[49.200s][info][gc,metaspace   ] GC(137) Metaspace: 6560K(6784K)->6560K(6784K) NonClass: 5933K(6080K)->5933K(6080K) Class: 627K(704K)->627K(704K)
[49.200s][info][gc             ] GC(137) Pause Young (Allocation Failure) 690M->14M(2045M) 0.912ms
[49.200s][info][gc,cpu         ] GC(137) User=0.00s Sys=0.00s Real=0.00s
[49.611s][info][gc,start       ] GC(138) Pause Young (Allocation Failure)
[49.612s][info][gc,heap        ] GC(138) PSYoungGen: 694930K(695808K)->2226K(696320K) Eden: 692736K(692736K)->0K(693760K) From: 2194K(3072K)->2226K(2560K)
[49.612s][info][gc,heap        ] GC(138) ParOldGen: 12543K(1398272K)->12543K(1398272K)
[49.612s][info][gc,metaspace   ] GC(138) Metaspace: 6560K(6784K)->6560K(6784K) NonClass: 5933K(6080K)->5933K(6080K) Class: 627K(704K)->627K(704K)
[49.612s][info][gc             ] GC(138) Pause Young (Allocation Failure) 690M->14M(2045M) 0.899ms
[49.612s][info][gc,cpu         ] GC(138) User=0.00s Sys=0.00s Real=0.00s
[49.992s][info][gc,start       ] GC(139) Pause Young (Allocation Failure)
[49.993s][info][gc,heap        ] GC(139) PSYoungGen: 695986K(696320K)->2112K(696320K) Eden: 693760K(693760K)->0K(693760K) From: 2226K(2560K)->2112K(2560K)
[49.993s][info][gc,heap        ] GC(139) ParOldGen: 12543K(1398272K)->12543K(1398272K)
[49.993s][info][gc,metaspace   ] GC(139) Metaspace: 6560K(6784K)->6560K(6784K) NonClass: 5933K(6080K)->5933K(6080K) Class: 627K(704K)->627K(704K)
[49.993s][info][gc             ] GC(139) Pause Young (Allocation Failure) 691M->14M(2045M) 0.785ms
[49.993s][info][gc,cpu         ] GC(139) User=0.00s Sys=0.00s Real=0.00s
[50.458s][info][gc,start       ] GC(140) Pause Young (Allocation Failure)
[50.459s][info][gc,heap        ] GC(140) PSYoungGen: 695872K(696320K)->2098K(696320K) Eden: 693760K(693760K)->0K(693760K) From: 2112K(2560K)->2098K(2560K)
[50.459s][info][gc,heap        ] GC(140) ParOldGen: 12543K(1398272K)->12543K(1398272K)
[50.459s][info][gc,metaspace   ] GC(140) Metaspace: 6560K(6784K)->6560K(6784K) NonClass: 5933K(6080K)->5933K(6080K) Class: 627K(704K)->627K(704K)
[50.459s][info][gc             ] GC(140) Pause Young (Allocation Failure) 691M->14M(2045M) 0.816ms
[50.459s][info][gc,cpu         ] GC(140) User=0.00s Sys=0.00s Real=0.00s
[50.955s][info][gc,start       ] GC(141) Pause Young (Allocation Failure)
[50.956s][info][gc,heap        ] GC(141) PSYoungGen: 695858K(696320K)->2194K(696320K) Eden: 693760K(693760K)->0K(693760K) From: 2098K(2560K)->2194K(2560K)
[50.956s][info][gc,heap        ] GC(141) ParOldGen: 12543K(1398272K)->12543K(1398272K)
[50.956s][info][gc,metaspace   ] GC(141) Metaspace: 6560K(6784K)->6560K(6784K) NonClass: 5933K(6080K)->5933K(6080K) Class: 627K(704K)->627K(704K)
[50.956s][info][gc             ] GC(141) Pause Young (Allocation Failure) 691M->14M(2045M) 0.784ms
[50.956s][info][gc,cpu         ] GC(141) User=0.00s Sys=0.00s Real=0.00s
[51.443s][info][gc,start       ] GC(142) Pause Young (Allocation Failure)
[51.444s][info][gc,heap        ] GC(142) PSYoungGen: 695954K(696320K)->2130K(696320K) Eden: 693760K(693760K)->0K(693760K) From: 2194K(2560K)->2130K(2560K)
[51.444s][info][gc,heap        ] GC(142) ParOldGen: 12543K(1398272K)->12543K(1398272K)
[51.444s][info][gc,metaspace   ] GC(142) Metaspace: 6560K(6784K)->6560K(6784K) NonClass: 5933K(6080K)->5933K(6080K) Class: 627K(704K)->627K(704K)
[51.444s][info][gc             ] GC(142) Pause Young (Allocation Failure) 691M->14M(2045M) 0.767ms
[51.444s][info][gc,cpu         ] GC(142) User=0.00s Sys=0.00s Real=0.00s
[51.914s][info][gc,start       ] GC(143) Pause Young (Allocation Failure)
[51.915s][info][gc,heap        ] GC(143) PSYoungGen: 695890K(696320K)->2002K(696320K) Eden: 693760K(693760K)->0K(693760K) From: 2130K(2560K)->2002K(2560K)
[51.915s][info][gc,heap        ] GC(143) ParOldGen: 12543K(1398272K)->12543K(1398272K)
[51.915s][info][gc,metaspace   ] GC(143) Metaspace: 6560K(6784K)->6560K(6784K) NonClass: 5933K(6080K)->5933K(6080K) Class: 627K(704K)->627K(704K)
[51.915s][info][gc             ] GC(143) Pause Young (Allocation Failure) 691M->14M(2045M) 0.660ms
[51.915s][info][gc,cpu         ] GC(143) User=0.00s Sys=0.00s Real=0.00s
[52.437s][info][gc,start       ] GC(144) Pause Young (Allocation Failure)
[52.437s][info][gc,heap        ] GC(144) PSYoungGen: 695762K(696320K)->2258K(696320K) Eden: 693760K(693760K)->0K(693760K) From: 2002K(2560K)->2258K(2560K)
[52.437s][info][gc,heap        ] GC(144) ParOldGen: 12543K(1398272K)->12551K(1398272K)
[52.437s][info][gc,metaspace   ] GC(144) Metaspace: 6560K(6784K)->6560K(6784K) NonClass: 5933K(6080K)->5933K(6080K) Class: 627K(704K)->627K(704K)
[52.437s][info][gc             ] GC(144) Pause Young (Allocation Failure) 691M->14M(2045M) 0.760ms
[52.437s][info][gc,cpu         ] GC(144) User=0.00s Sys=0.00s Real=0.00s
[52.904s][info][gc,start       ] GC(145) Pause Young (Allocation Failure)
[52.904s][info][gc,heap        ] GC(145) PSYoungGen: 696018K(696320K)->1792K(696320K) Eden: 693760K(693760K)->0K(693760K) From: 2258K(2560K)->1792K(2560K)
[52.904s][info][gc,heap        ] GC(145) ParOldGen: 12551K(1398272K)->12551K(1398272K)
[52.904s][info][gc,metaspace   ] GC(145) Metaspace: 6560K(6784K)->6560K(6784K) NonClass: 5933K(6080K)->5933K(6080K) Class: 627K(704K)->627K(704K)
[52.904s][info][gc             ] GC(145) Pause Young (Allocation Failure) 691M->14M(2045M) 0.687ms
[52.904s][info][gc,cpu         ] GC(145) User=0.00s Sys=0.00s Real=0.00s
[53.027s][info][gc,start       ] GC(146) Pause Young (System.gc())
[53.028s][info][gc,heap        ] GC(146) PSYoungGen: 86051K(696320K)->96K(695296K) Eden: 84259K(693760K)->0K(692736K) From: 1792K(2560K)->96K(2560K)
[53.028s][info][gc,heap        ] GC(146) ParOldGen: 12551K(1398272K)->20743K(1398272K)
[53.028s][info][gc,metaspace   ] GC(146) Metaspace: 6563K(6784K)->6563K(6784K) NonClass: 5936K(6080K)->5936K(6080K) Class: 627K(704K)->627K(704K)
[53.028s][info][gc             ] GC(146) Pause Young (System.gc()) 96M->20M(2044M) 1.502ms
[53.028s][info][gc,cpu         ] GC(146) User=0.00s Sys=0.00s Real=0.00s
[53.028s][info][gc,start       ] GC(147) Pause Full (System.gc())
[53.028s][info][gc,phases,start] GC(147) Marking Phase
[53.031s][info][gc,phases      ] GC(147) Marking Phase 3.144ms
[53.031s][info][gc,phases,start] GC(147) Summary Phase
[53.031s][info][gc,phases      ] GC(147) Summary Phase 0.009ms
[53.031s][info][gc,phases,start] GC(147) Adjust Roots
[53.032s][info][gc,phases      ] GC(147) Adjust Roots 0.808ms
[53.032s][info][gc,phases,start] GC(147) Compaction Phase
[53.034s][info][gc,phases      ] GC(147) Compaction Phase 1.577ms
[53.034s][info][gc,phases,start] GC(147) Post Compact
[53.034s][info][gc,phases      ] GC(147) Post Compact 0.312ms
[53.034s][info][gc,heap        ] GC(147) PSYoungGen: 96K(695296K)->0K(695296K) Eden: 0K(692736K)->0K(692736K) From: 96K(2560K)->0K(2560K)
[53.034s][info][gc,heap        ] GC(147) ParOldGen: 20743K(1398272K)->11663K(1398272K)
[53.034s][info][gc,metaspace   ] GC(147) Metaspace: 6563K(6784K)->6563K(6784K) NonClass: 5936K(6080K)->5936K(6080K) Class: 627K(704K)->627K(704K)
[53.034s][info][gc             ] GC(147) Pause Full (System.gc()) 20M->11M(2044M) 6.053ms
[53.034s][info][gc,cpu         ] GC(147) User=0.00s Sys=0.00s Real=0.00s
[53.258s][info][gc,start       ] GC(148) Pause Young (Allocation Failure)
[53.259s][info][gc,heap        ] GC(148) PSYoungGen: 692736K(695296K)->2848K(695808K) Eden: 692736K(692736K)->0K(692736K) From: 0K(2560K)->2848K(3072K)
[53.259s][info][gc,heap        ] GC(148) ParOldGen: 11663K(1398272K)->11663K(1398272K)
[53.259s][info][gc,metaspace   ] GC(148) Metaspace: 6569K(6784K)->6569K(6784K) NonClass: 5942K(6080K)->5942K(6080K) Class: 627K(704K)->627K(704K)
[53.259s][info][gc             ] GC(148) Pause Young (Allocation Failure) 687M->14M(2045M) 0.961ms
[53.259s][info][gc,cpu         ] GC(148) User=0.00s Sys=0.00s Real=0.00s
[53.607s][info][gc,start       ] GC(149) Pause Young (Allocation Failure)
[53.608s][info][gc,heap        ] GC(149) PSYoungGen: 695584K(695808K)->2304K(695808K) Eden: 692736K(692736K)->0K(692736K) From: 2848K(3072K)->2304K(3072K)
[53.608s][info][gc,heap        ] GC(149) ParOldGen: 11663K(1398272K)->12527K(1398272K)
[53.608s][info][gc,metaspace   ] GC(149) Metaspace: 6569K(6784K)->6569K(6784K) NonClass: 5942K(6080K)->5942K(6080K) Class: 627K(704K)->627K(704K)
[53.608s][info][gc             ] GC(149) Pause Young (Allocation Failure) 690M->14M(2045M) 0.945ms
[53.608s][info][gc,cpu         ] GC(149) User=0.00s Sys=0.00s Real=0.00s
[54.017s][info][gc,start       ] GC(150) Pause Young (Allocation Failure)
[54.019s][info][gc,heap        ] GC(150) PSYoungGen: 695040K(695808K)->2066K(695808K) Eden: 692736K(692736K)->0K(692736K) From: 2304K(3072K)->2066K(3072K)
[54.019s][info][gc,heap        ] GC(150) ParOldGen: 12527K(1398272K)->12527K(1398272K)
[54.019s][info][gc,metaspace   ] GC(150) Metaspace: 6569K(6784K)->6569K(6784K) NonClass: 5942K(6080K)->5942K(6080K) Class: 627K(704K)->627K(704K)
[54.019s][info][gc             ] GC(150) Pause Young (Allocation Failure) 690M->14M(2045M) 2.050ms
[54.019s][info][gc,cpu         ] GC(150) User=0.00s Sys=0.00s Real=0.00s
[54.437s][info][gc,start       ] GC(151) Pause Young (Allocation Failure)
[54.438s][info][gc,heap        ] GC(151) PSYoungGen: 694802K(695808K)->2194K(695808K) Eden: 692736K(692736K)->0K(692736K) From: 2066K(3072K)->2194K(3072K)
[54.438s][info][gc,heap        ] GC(151) ParOldGen: 12527K(1398272K)->12527K(1398272K)
[54.438s][info][gc,metaspace   ] GC(151) Metaspace: 6569K(6784K)->6569K(6784K) NonClass: 5942K(6080K)->5942K(6080K) Class: 627K(704K)->627K(704K)
[54.438s][info][gc             ] GC(151) Pause Young (Allocation Failure) 690M->14M(2045M) 0.876ms
[54.438s][info][gc,cpu         ] GC(151) User=0.00s Sys=0.00s Real=0.00s
[54.834s][info][gc,start       ] GC(152) Pause Young (Allocation Failure)
[54.835s][info][gc,heap        ] GC(152) PSYoungGen: 694930K(695808K)->2117K(695808K) Eden: 692736K(692736K)->0K(692736K) From: 2194K(3072K)->2117K(3072K)
[54.835s][info][gc,heap        ] GC(152) ParOldGen: 12527K(1398272K)->12527K(1398272K)
[54.835s][info][gc,metaspace   ] GC(152) Metaspace: 6569K(6784K)->6569K(6784K) NonClass: 5942K(6080K)->5942K(6080K) Class: 627K(704K)->627K(704K)
[54.835s][info][gc             ] GC(152) Pause Young (Allocation Failure) 690M->14M(2045M) 0.826ms
[54.835s][info][gc,cpu         ] GC(152) User=0.00s Sys=0.00s Real=0.00s
[55.266s][info][gc,start       ] GC(153) Pause Young (Allocation Failure)
[55.266s][info][gc,heap        ] GC(153) PSYoungGen: 694853K(695808K)->2130K(695808K) Eden: 692736K(692736K)->0K(692736K) From: 2117K(3072K)->2130K(3072K)
[55.266s][info][gc,heap        ] GC(153) ParOldGen: 12527K(1398272K)->12527K(1398272K)
[55.266s][info][gc,metaspace   ] GC(153) Metaspace: 6569K(6784K)->6569K(6784K) NonClass: 5942K(6080K)->5942K(6080K) Class: 627K(704K)->627K(704K)
[55.266s][info][gc             ] GC(153) Pause Young (Allocation Failure) 690M->14M(2045M) 0.850ms
[55.266s][info][gc,cpu         ] GC(153) User=0.00s Sys=0.00s Real=0.00s
[55.712s][info][gc,start       ] GC(154) Pause Young (Allocation Failure)
[55.713s][info][gc,heap        ] GC(154) PSYoungGen: 694866K(695808K)->2066K(695808K) Eden: 692736K(692736K)->0K(692736K) From: 2130K(3072K)->2066K(3072K)
[55.713s][info][gc,heap        ] GC(154) ParOldGen: 12527K(1398272K)->12527K(1398272K)
[55.713s][info][gc,metaspace   ] GC(154) Metaspace: 6569K(6784K)->6569K(6784K) NonClass: 5942K(6080K)->5942K(6080K) Class: 627K(704K)->627K(704K)
[55.713s][info][gc             ] GC(154) Pause Young (Allocation Failure) 690M->14M(2045M) 0.958ms
[55.713s][info][gc,cpu         ] GC(154) User=0.00s Sys=0.00s Real=0.00s
[56.137s][info][gc,start       ] GC(155) Pause Young (Allocation Failure)
[56.138s][info][gc,heap        ] GC(155) PSYoungGen: 694802K(695808K)->2080K(695808K) Eden: 692736K(692736K)->0K(692736K) From: 2066K(3072K)->2080K(3072K)
[56.138s][info][gc,heap        ] GC(155) ParOldGen: 12527K(1398272K)->12527K(1398272K)
[56.138s][info][gc,metaspace   ] GC(155) Metaspace: 6569K(6784K)->6569K(6784K) NonClass: 5942K(6080K)->5942K(6080K) Class: 627K(704K)->627K(704K)
[56.138s][info][gc             ] GC(155) Pause Young (Allocation Failure) 690M->14M(2045M) 0.782ms
[56.138s][info][gc,cpu         ] GC(155) User=0.00s Sys=0.00s Real=0.00s
[56.535s][info][gc,start       ] GC(156) Pause Young (Allocation Failure)
[56.536s][info][gc,heap        ] GC(156) PSYoungGen: 694816K(695808K)->2258K(695808K) Eden: 692736K(692736K)->0K(692736K) From: 2080K(3072K)->2258K(3072K)
[56.536s][info][gc,heap        ] GC(156) ParOldGen: 12527K(1398272K)->12527K(1398272K)
[56.536s][info][gc,metaspace   ] GC(156) Metaspace: 6569K(6784K)->6569K(6784K) NonClass: 5942K(6080K)->5942K(6080K) Class: 627K(704K)->627K(704K)
[56.536s][info][gc             ] GC(156) Pause Young (Allocation Failure) 690M->14M(2045M) 0.898ms
[56.536s][info][gc,cpu         ] GC(156) User=0.00s Sys=0.00s Real=0.00s
[56.887s][info][gc,start       ] GC(157) Pause Young (Allocation Failure)
[56.888s][info][gc,heap        ] GC(157) PSYoungGen: 694994K(695808K)->2194K(695808K) Eden: 692736K(692736K)->0K(692736K) From: 2258K(3072K)->2194K(3072K)
[56.888s][info][gc,heap        ] GC(157) ParOldGen: 12527K(1398272K)->12527K(1398272K)
[56.888s][info][gc,metaspace   ] GC(157) Metaspace: 6569K(6784K)->6569K(6784K) NonClass: 5942K(6080K)->5942K(6080K) Class: 627K(704K)->627K(704K)
[56.888s][info][gc             ] GC(157) Pause Young (Allocation Failure) 690M->14M(2045M) 0.915ms
[56.888s][info][gc,cpu         ] GC(157) User=0.00s Sys=0.00s Real=0.00s
[57.275s][info][gc,start       ] GC(158) Pause Young (Allocation Failure)
[57.276s][info][gc,heap        ] GC(158) PSYoungGen: 694930K(695808K)->2162K(695808K) Eden: 692736K(692736K)->0K(692736K) From: 2194K(3072K)->2162K(3072K)
[57.276s][info][gc,heap        ] GC(158) ParOldGen: 12527K(1398272K)->12527K(1398272K)
[57.276s][info][gc,metaspace   ] GC(158) Metaspace: 6569K(6784K)->6569K(6784K) NonClass: 5942K(6080K)->5942K(6080K) Class: 627K(704K)->627K(704K)
[57.276s][info][gc             ] GC(158) Pause Young (Allocation Failure) 690M->14M(2045M) 1.136ms
[57.276s][info][gc,cpu         ] GC(158) User=0.00s Sys=0.00s Real=0.00s
[57.671s][info][gc,start       ] GC(159) Pause Young (Allocation Failure)
[57.672s][info][gc,heap        ] GC(159) PSYoungGen: 694898K(695808K)->1824K(695808K) Eden: 692736K(692736K)->0K(692736K) From: 2162K(3072K)->1824K(3072K)
[57.672s][info][gc,heap        ] GC(159) ParOldGen: 12527K(1398272K)->12527K(1398272K)
[57.672s][info][gc,metaspace   ] GC(159) Metaspace: 6569K(6784K)->6569K(6784K) NonClass: 5942K(6080K)->5942K(6080K) Class: 627K(704K)->627K(704K)
[57.672s][info][gc             ] GC(159) Pause Young (Allocation Failure) 690M->14M(2045M) 0.770ms
[57.672s][info][gc,cpu         ] GC(159) User=0.00s Sys=0.00s Real=0.00s
[58.072s][info][gc,start       ] GC(160) Pause Young (Allocation Failure)
[58.073s][info][gc,heap        ] GC(160) PSYoungGen: 694560K(695808K)->2144K(695808K) Eden: 692736K(692736K)->0K(692736K) From: 1824K(3072K)->2144K(3072K)
[58.073s][info][gc,heap        ] GC(160) ParOldGen: 12527K(1398272K)->12527K(1398272K)
[58.073s][info][gc,metaspace   ] GC(160) Metaspace: 6569K(6784K)->6569K(6784K) NonClass: 5942K(6080K)->5942K(6080K) Class: 627K(704K)->627K(704K)
[58.073s][info][gc             ] GC(160) Pause Young (Allocation Failure) 690M->14M(2045M) 1.021ms
[58.073s][info][gc,cpu         ] GC(160) User=0.00s Sys=0.00s Real=0.00s
[58.522s][info][gc,start       ] GC(161) Pause Young (Allocation Failure)
[58.523s][info][gc,heap        ] GC(161) PSYoungGen: 694880K(695808K)->2130K(695808K) Eden: 692736K(692736K)->0K(692736K) From: 2144K(3072K)->2130K(3072K)
[58.523s][info][gc,heap        ] GC(161) ParOldGen: 12527K(1398272K)->12527K(1398272K)
[58.523s][info][gc,metaspace   ] GC(161) Metaspace: 6569K(6784K)->6569K(6784K) NonClass: 5942K(6080K)->5942K(6080K) Class: 627K(704K)->627K(704K)
[58.523s][info][gc             ] GC(161) Pause Young (Allocation Failure) 690M->14M(2045M) 0.900ms
[58.523s][info][gc,cpu         ] GC(161) User=0.09s Sys=0.00s Real=0.00s
[58.919s][info][gc,start       ] GC(162) Pause Young (Allocation Failure)
[58.920s][info][gc,heap        ] GC(162) PSYoungGen: 694866K(695808K)->2258K(695808K) Eden: 692736K(692736K)->0K(692736K) From: 2130K(3072K)->2258K(3072K)
[58.920s][info][gc,heap        ] GC(162) ParOldGen: 12527K(1398272K)->12527K(1398272K)
[58.920s][info][gc,metaspace   ] GC(162) Metaspace: 6569K(6784K)->6569K(6784K) NonClass: 5942K(6080K)->5942K(6080K) Class: 627K(704K)->627K(704K)
[58.920s][info][gc             ] GC(162) Pause Young (Allocation Failure) 690M->14M(2045M) 0.909ms
[58.920s][info][gc,cpu         ] GC(162) User=0.00s Sys=0.00s Real=0.00s
[59.329s][info][gc,start       ] GC(163) Pause Young (Allocation Failure)
[59.330s][info][gc,heap        ] GC(163) PSYoungGen: 694994K(695808K)->2176K(695808K) Eden: 692736K(692736K)->0K(692736K) From: 2258K(3072K)->2176K(3072K)
[59.330s][info][gc,heap        ] GC(163) ParOldGen: 12527K(1398272K)->12527K(1398272K)
[59.330s][info][gc,metaspace   ] GC(163) Metaspace: 6569K(6784K)->6569K(6784K) NonClass: 5942K(6080K)->5942K(6080K) Class: 627K(704K)->627K(704K)
[59.330s][info][gc             ] GC(163) Pause Young (Allocation Failure) 690M->14M(2045M) 0.800ms
[59.330s][info][gc,cpu         ] GC(163) User=0.00s Sys=0.00s Real=0.00s
[59.754s][info][gc,start       ] GC(164) Pause Young (Allocation Failure)
[59.754s][info][gc,heap        ] GC(164) PSYoungGen: 694912K(695808K)->2098K(695808K) Eden: 692736K(692736K)->0K(692736K) From: 2176K(3072K)->2098K(3072K)
[59.754s][info][gc,heap        ] GC(164) ParOldGen: 12527K(1398272K)->12527K(1398272K)
[59.754s][info][gc,metaspace   ] GC(164) Metaspace: 6569K(6784K)->6569K(6784K) NonClass: 5942K(6080K)->5942K(6080K) Class: 627K(704K)->627K(704K)
[59.754s][info][gc             ] GC(164) Pause Young (Allocation Failure) 690M->14M(2045M) 0.836ms
[59.754s][info][gc,cpu         ] GC(164) User=0.00s Sys=0.00s Real=0.00s
[60.157s][info][gc,start       ] GC(165) Pause Young (Allocation Failure)
[60.158s][info][gc,heap        ] GC(165) PSYoungGen: 694834K(695808K)->2098K(696320K) Eden: 692736K(692736K)->0K(693760K) From: 2098K(3072K)->2098K(2560K)
[60.158s][info][gc,heap        ] GC(165) ParOldGen: 12527K(1398272K)->12527K(1398272K)
[60.158s][info][gc,metaspace   ] GC(165) Metaspace: 6569K(6784K)->6569K(6784K) NonClass: 5942K(6080K)->5942K(6080K) Class: 627K(704K)->627K(704K)
[60.158s][info][gc             ] GC(165) Pause Young (Allocation Failure) 690M->14M(2045M) 0.746ms
[60.158s][info][gc,cpu         ] GC(165) User=0.00s Sys=0.00s Real=0.00s
[60.564s][info][gc,start       ] GC(166) Pause Young (Allocation Failure)
[60.565s][info][gc,heap        ] GC(166) PSYoungGen: 695858K(696320K)->2240K(696320K) Eden: 693760K(693760K)->0K(693760K) From: 2098K(2560K)->2240K(2560K)
[60.565s][info][gc,heap        ] GC(166) ParOldGen: 12527K(1398272K)->12527K(1398272K)
[60.565s][info][gc,metaspace   ] GC(166) Metaspace: 6569K(6784K)->6569K(6784K) NonClass: 5942K(6080K)->5942K(6080K) Class: 627K(704K)->627K(704K)
[60.565s][info][gc             ] GC(166) Pause Young (Allocation Failure) 691M->14M(2045M) 0.891ms
[60.565s][info][gc,cpu         ] GC(166) User=0.00s Sys=0.00s Real=0.00s
[60.893s][info][gc,start       ] GC(167) Pause Young (Allocation Failure)
[60.893s][info][gc,heap        ] GC(167) PSYoungGen: 696000K(696320K)->2098K(696320K) Eden: 693760K(693760K)->0K(693760K) From: 2240K(2560K)->2098K(2560K)
[60.893s][info][gc,heap        ] GC(167) ParOldGen: 12527K(1398272K)->12527K(1398272K)
[60.893s][info][gc,metaspace   ] GC(167) Metaspace: 6569K(6784K)->6569K(6784K) NonClass: 5942K(6080K)->5942K(6080K) Class: 627K(704K)->627K(704K)
[60.893s][info][gc             ] GC(167) Pause Young (Allocation Failure) 691M->14M(2045M) 0.804ms
[60.893s][info][gc,cpu         ] GC(167) User=0.00s Sys=0.00s Real=0.00s
[61.217s][info][gc,start       ] GC(168) Pause Young (Allocation Failure)
[61.218s][info][gc,heap        ] GC(168) PSYoungGen: 695858K(696320K)->2130K(696320K) Eden: 693760K(693760K)->0K(693760K) From: 2098K(2560K)->2130K(2560K)
[61.218s][info][gc,heap        ] GC(168) ParOldGen: 12527K(1398272K)->12527K(1398272K)
[61.218s][info][gc,metaspace   ] GC(168) Metaspace: 6569K(6784K)->6569K(6784K) NonClass: 5942K(6080K)->5942K(6080K) Class: 627K(704K)->627K(704K)
[61.218s][info][gc             ] GC(168) Pause Young (Allocation Failure) 691M->14M(2045M) 0.744ms
[61.218s][info][gc,cpu         ] GC(168) User=0.00s Sys=0.00s Real=0.00s
[61.591s][info][gc,start       ] GC(169) Pause Young (Allocation Failure)
[61.591s][info][gc,heap        ] GC(169) PSYoungGen: 695890K(696320K)->2162K(696320K) Eden: 693760K(693760K)->0K(693760K) From: 2130K(2560K)->2162K(2560K)
[61.591s][info][gc,heap        ] GC(169) ParOldGen: 12527K(1398272K)->12527K(1398272K)
[61.591s][info][gc,metaspace   ] GC(169) Metaspace: 6569K(6784K)->6569K(6784K) NonClass: 5942K(6080K)->5942K(6080K) Class: 627K(704K)->627K(704K)
[61.591s][info][gc             ] GC(169) Pause Young (Allocation Failure) 691M->14M(2045M) 0.845ms
[61.592s][info][gc,cpu         ] GC(169) User=0.00s Sys=0.00s Real=0.00s
[61.998s][info][gc,start       ] GC(170) Pause Young (Allocation Failure)
[61.998s][info][gc,heap        ] GC(170) PSYoungGen: 695922K(696320K)->2066K(696320K) Eden: 693760K(693760K)->0K(693760K) From: 2162K(2560K)->2066K(2560K)
[61.998s][info][gc,heap        ] GC(170) ParOldGen: 12527K(1398272K)->12527K(1398272K)
[61.998s][info][gc,metaspace   ] GC(170) Metaspace: 6569K(6784K)->6569K(6784K) NonClass: 5942K(6080K)->5942K(6080K) Class: 627K(704K)->627K(704K)
[61.998s][info][gc             ] GC(170) Pause Young (Allocation Failure) 691M->14M(2045M) 0.753ms
[61.998s][info][gc,cpu         ] GC(170) User=0.00s Sys=0.00s Real=0.00s
[62.377s][info][gc,start       ] GC(171) Pause Young (Allocation Failure)
[62.378s][info][gc,heap        ] GC(171) PSYoungGen: 695826K(696320K)->2194K(696320K) Eden: 693760K(693760K)->0K(693760K) From: 2066K(2560K)->2194K(2560K)
[62.378s][info][gc,heap        ] GC(171) ParOldGen: 12527K(1398272K)->12527K(1398272K)
[62.378s][info][gc,metaspace   ] GC(171) Metaspace: 6569K(6784K)->6569K(6784K) NonClass: 5942K(6080K)->5942K(6080K) Class: 627K(704K)->627K(704K)
[62.378s][info][gc             ] GC(171) Pause Young (Allocation Failure) 691M->14M(2045M) 0.711ms
[62.378s][info][gc,cpu         ] GC(171) User=0.00s Sys=0.00s Real=0.00s
[62.804s][info][gc,start       ] GC(172) Pause Young (Allocation Failure)
[62.805s][info][gc,heap        ] GC(172) PSYoungGen: 695954K(696320K)->1810K(696320K) Eden: 693760K(693760K)->0K(693760K) From: 2194K(2560K)->1810K(2560K)
[62.805s][info][gc,heap        ] GC(172) ParOldGen: 12527K(1398272K)->12527K(1398272K)
[62.805s][info][gc,metaspace   ] GC(172) Metaspace: 6569K(6784K)->6569K(6784K) NonClass: 5942K(6080K)->5942K(6080K) Class: 627K(704K)->627K(704K)
[62.805s][info][gc             ] GC(172) Pause Young (Allocation Failure) 691M->14M(2045M) 0.668ms
[62.805s][info][gc,cpu         ] GC(172) User=0.00s Sys=0.02s Real=0.00s
[63.210s][info][gc,start       ] GC(173) Pause Young (Allocation Failure)
[63.211s][info][gc,heap        ] GC(173) PSYoungGen: 695570K(696320K)->2162K(696320K) Eden: 693760K(693760K)->0K(693760K) From: 1810K(2560K)->2162K(2560K)
[63.211s][info][gc,heap        ] GC(173) ParOldGen: 12527K(1398272K)->12527K(1398272K)
[63.211s][info][gc,metaspace   ] GC(173) Metaspace: 6569K(6784K)->6569K(6784K) NonClass: 5942K(6080K)->5942K(6080K) Class: 627K(704K)->627K(704K)
[63.211s][info][gc             ] GC(173) Pause Young (Allocation Failure) 691M->14M(2045M) 0.778ms
[63.211s][info][gc,cpu         ] GC(173) User=0.00s Sys=0.02s Real=0.00s
[63.604s][info][gc,start       ] GC(174) Pause Young (Allocation Failure)
[63.605s][info][gc,heap        ] GC(174) PSYoungGen: 695922K(696320K)->1568K(696320K) Eden: 693760K(693760K)->0K(693760K) From: 2162K(2560K)->1568K(2560K)
[63.605s][info][gc,heap        ] GC(174) ParOldGen: 12527K(1398272K)->12527K(1398272K)
[63.605s][info][gc,metaspace   ] GC(174) Metaspace: 6569K(6784K)->6569K(6784K) NonClass: 5942K(6080K)->5942K(6080K) Class: 627K(704K)->627K(704K)
[63.605s][info][gc             ] GC(174) Pause Young (Allocation Failure) 691M->13M(2045M) 0.794ms
[63.605s][info][gc,cpu         ] GC(174) User=0.00s Sys=0.00s Real=0.00s
[63.682s][info][gc,start       ] GC(175) Pause Young (System.gc())
[63.684s][info][gc,heap        ] GC(175) PSYoungGen: 57215K(696320K)->128K(695296K) Eden: 55647K(693760K)->0K(692736K) From: 1568K(2560K)->128K(2560K)
[63.684s][info][gc,heap        ] GC(175) ParOldGen: 12527K(1398272K)->20719K(1398272K)
[63.684s][info][gc,metaspace   ] GC(175) Metaspace: 6570K(6784K)->6570K(6784K) NonClass: 5943K(6080K)->5943K(6080K) Class: 627K(704K)->627K(704K)
[63.684s][info][gc             ] GC(175) Pause Young (System.gc()) 68M->20M(2044M) 1.464ms
[63.684s][info][gc,cpu         ] GC(175) User=0.00s Sys=0.00s Real=0.00s
[63.684s][info][gc,start       ] GC(176) Pause Full (System.gc())
[63.684s][info][gc,phases,start] GC(176) Marking Phase
[63.687s][info][gc,phases      ] GC(176) Marking Phase 3.443ms
[63.687s][info][gc,phases,start] GC(176) Summary Phase
[63.688s][info][gc,phases      ] GC(176) Summary Phase 0.010ms
[63.688s][info][gc,phases,start] GC(176) Adjust Roots
[63.689s][info][gc,phases      ] GC(176) Adjust Roots 1.014ms
[63.689s][info][gc,phases,start] GC(176) Compaction Phase
[63.690s][info][gc,phases      ] GC(176) Compaction Phase 1.829ms
[63.690s][info][gc,phases,start] GC(176) Post Compact
[63.691s][info][gc,phases      ] GC(176) Post Compact 0.394ms
[63.691s][info][gc,heap        ] GC(176) PSYoungGen: 128K(695296K)->0K(695296K) Eden: 0K(692736K)->0K(692736K) From: 128K(2560K)->0K(2560K)
[63.691s][info][gc,heap        ] GC(176) ParOldGen: 20719K(1398272K)->11668K(1398272K)
[63.691s][info][gc,metaspace   ] GC(176) Metaspace: 6570K(6784K)->6570K(6784K) NonClass: 5943K(6080K)->5943K(6080K) Class: 627K(704K)->627K(704K)
[63.691s][info][gc             ] GC(176) Pause Full (System.gc()) 20M->11M(2044M) 6.907ms
[63.691s][info][gc,cpu         ] GC(176) User=0.00s Sys=0.00s Real=0.02s
[63.908s][info][gc,start       ] GC(177) Pause Young (Allocation Failure)
[63.909s][info][gc,heap        ] GC(177) PSYoungGen: 692736K(695296K)->2912K(695808K) Eden: 692736K(692736K)->0K(692736K) From: 0K(2560K)->2912K(3072K)
[63.909s][info][gc,heap        ] GC(177) ParOldGen: 11668K(1398272K)->11668K(1398272K)
[63.909s][info][gc,metaspace   ] GC(177) Metaspace: 6582K(6784K)->6582K(6784K) NonClass: 5955K(6080K)->5955K(6080K) Class: 627K(704K)->627K(704K)
[63.909s][info][gc             ] GC(177) Pause Young (Allocation Failure) 687M->14M(2045M) 0.951ms
[63.909s][info][gc,cpu         ] GC(177) User=0.00s Sys=0.00s Real=0.00s
[64.213s][info][gc,start       ] GC(178) Pause Young (Allocation Failure)
[64.213s][info][gc,heap        ] GC(178) PSYoungGen: 695648K(695808K)->2112K(695808K) Eden: 692736K(692736K)->0K(692736K) From: 2912K(3072K)->2112K(3072K)
[64.213s][info][gc,heap        ] GC(178) ParOldGen: 11668K(1398272K)->12533K(1398272K)
[64.213s][info][gc,metaspace   ] GC(178) Metaspace: 6582K(6784K)->6582K(6784K) NonClass: 5955K(6080K)->5955K(6080K) Class: 627K(704K)->627K(704K)
[64.213s][info][gc             ] GC(178) Pause Young (Allocation Failure) 690M->14M(2045M) 0.891ms
[64.213s][info][gc,cpu         ] GC(178) User=0.00s Sys=0.00s Real=0.00s
[64.554s][info][gc,start       ] GC(179) Pause Young (Allocation Failure)
[64.555s][info][gc,heap        ] GC(179) PSYoungGen: 694848K(695808K)->2162K(695808K) Eden: 692736K(692736K)->0K(692736K) From: 2112K(3072K)->2162K(3072K)
[64.555s][info][gc,heap        ] GC(179) ParOldGen: 12533K(1398272K)->12533K(1398272K)
[64.555s][info][gc,metaspace   ] GC(179) Metaspace: 6582K(6784K)->6582K(6784K) NonClass: 5955K(6080K)->5955K(6080K) Class: 627K(704K)->627K(704K)
[64.555s][info][gc             ] GC(179) Pause Young (Allocation Failure) 690M->14M(2045M) 0.800ms
[64.555s][info][gc,cpu         ] GC(179) User=0.00s Sys=0.00s Real=0.00s
[64.919s][info][gc,start       ] GC(180) Pause Young (Allocation Failure)
[64.919s][info][gc,heap        ] GC(180) PSYoungGen: 694898K(695808K)->2162K(695808K) Eden: 692736K(692736K)->0K(692736K) From: 2162K(3072K)->2162K(3072K)
[64.919s][info][gc,heap        ] GC(180) ParOldGen: 12533K(1398272K)->12533K(1398272K)
[64.919s][info][gc,metaspace   ] GC(180) Metaspace: 6582K(6784K)->6582K(6784K) NonClass: 5955K(6080K)->5955K(6080K) Class: 627K(704K)->627K(704K)
[64.919s][info][gc             ] GC(180) Pause Young (Allocation Failure) 690M->14M(2045M) 0.853ms
[64.919s][info][gc,cpu         ] GC(180) User=0.00s Sys=0.00s Real=0.00s
[65.244s][info][gc,start       ] GC(181) Pause Young (Allocation Failure)
[65.244s][info][gc,heap        ] GC(181) PSYoungGen: 694898K(695808K)->2226K(695808K) Eden: 692736K(692736K)->0K(692736K) From: 2162K(3072K)->2226K(3072K)
[65.244s][info][gc,heap        ] GC(181) ParOldGen: 12533K(1398272K)->12533K(1398272K)
[65.244s][info][gc,metaspace   ] GC(181) Metaspace: 6582K(6784K)->6582K(6784K) NonClass: 5955K(6080K)->5955K(6080K) Class: 627K(704K)->627K(704K)
[65.244s][info][gc             ] GC(181) Pause Young (Allocation Failure) 690M->14M(2045M) 0.827ms
[65.244s][info][gc,cpu         ] GC(181) User=0.00s Sys=0.00s Real=0.00s
[65.617s][info][gc,start       ] GC(182) Pause Young (Allocation Failure)
[65.618s][info][gc,heap        ] GC(182) PSYoungGen: 694962K(695808K)->2194K(695808K) Eden: 692736K(692736K)->0K(692736K) From: 2226K(3072K)->2194K(3072K)
[65.618s][info][gc,heap        ] GC(182) ParOldGen: 12533K(1398272K)->12533K(1398272K)
[65.618s][info][gc,metaspace   ] GC(182) Metaspace: 6582K(6784K)->6582K(6784K) NonClass: 5955K(6080K)->5955K(6080K) Class: 627K(704K)->627K(704K)
[65.618s][info][gc             ] GC(182) Pause Young (Allocation Failure) 690M->14M(2045M) 1.098ms
[65.618s][info][gc,cpu         ] GC(182) User=0.00s Sys=0.00s Real=0.00s
[65.990s][info][gc,start       ] GC(183) Pause Young (Allocation Failure)
[65.991s][info][gc,heap        ] GC(183) PSYoungGen: 694930K(695808K)->2130K(695808K) Eden: 692736K(692736K)->0K(692736K) From: 2194K(3072K)->2130K(3072K)
[65.991s][info][gc,heap        ] GC(183) ParOldGen: 12533K(1398272K)->12533K(1398272K)
[65.991s][info][gc,metaspace   ] GC(183) Metaspace: 6582K(6784K)->6582K(6784K) NonClass: 5955K(6080K)->5955K(6080K) Class: 627K(704K)->627K(704K)
[65.991s][info][gc             ] GC(183) Pause Young (Allocation Failure) 690M->14M(2045M) 0.884ms
[65.991s][info][gc,cpu         ] GC(183) User=0.00s Sys=0.00s Real=0.00s
[66.317s][info][gc,start       ] GC(184) Pause Young (Allocation Failure)
[66.318s][info][gc,heap        ] GC(184) PSYoungGen: 694866K(695808K)->2226K(695808K) Eden: 692736K(692736K)->0K(692736K) From: 2130K(3072K)->2226K(3072K)
[66.318s][info][gc,heap        ] GC(184) ParOldGen: 12533K(1398272K)->12533K(1398272K)
[66.318s][info][gc,metaspace   ] GC(184) Metaspace: 6582K(6784K)->6582K(6784K) NonClass: 5955K(6080K)->5955K(6080K) Class: 627K(704K)->627K(704K)
[66.318s][info][gc             ] GC(184) Pause Young (Allocation Failure) 690M->14M(2045M) 1.053ms
[66.318s][info][gc,cpu         ] GC(184) User=0.00s Sys=0.00s Real=0.00s
[66.638s][info][gc,start       ] GC(185) Pause Young (Allocation Failure)
[66.639s][info][gc,heap        ] GC(185) PSYoungGen: 694962K(695808K)->2149K(695808K) Eden: 692736K(692736K)->0K(692736K) From: 2226K(3072K)->2149K(3072K)
[66.639s][info][gc,heap        ] GC(185) ParOldGen: 12533K(1398272K)->12533K(1398272K)
[66.639s][info][gc,metaspace   ] GC(185) Metaspace: 6582K(6784K)->6582K(6784K) NonClass: 5955K(6080K)->5955K(6080K) Class: 627K(704K)->627K(704K)
[66.639s][info][gc             ] GC(185) Pause Young (Allocation Failure) 690M->14M(2045M) 0.998ms
[66.639s][info][gc,cpu         ] GC(185) User=0.00s Sys=0.00s Real=0.00s
[66.906s][info][gc,start       ] GC(186) Pause Young (Allocation Failure)
[66.907s][info][gc,heap        ] GC(186) PSYoungGen: 694885K(695808K)->2290K(695808K) Eden: 692736K(692736K)->0K(692736K) From: 2149K(3072K)->2290K(3072K)
[66.907s][info][gc,heap        ] GC(186) ParOldGen: 12533K(1398272K)->12533K(1398272K)
[66.907s][info][gc,metaspace   ] GC(186) Metaspace: 6582K(6784K)->6582K(6784K) NonClass: 5955K(6080K)->5955K(6080K) Class: 627K(704K)->627K(704K)
[66.907s][info][gc             ] GC(186) Pause Young (Allocation Failure) 690M->14M(2045M) 0.943ms
[66.907s][info][gc,cpu         ] GC(186) User=0.00s Sys=0.00s Real=0.00s
[67.210s][info][gc,start       ] GC(187) Pause Young (Allocation Failure)
[67.211s][info][gc,heap        ] GC(187) PSYoungGen: 695026K(695808K)->1984K(695808K) Eden: 692736K(692736K)->0K(692736K) From: 2290K(3072K)->1984K(3072K)
[67.211s][info][gc,heap        ] GC(187) ParOldGen: 12533K(1398272K)->12533K(1398272K)
[67.211s][info][gc,metaspace   ] GC(187) Metaspace: 6582K(6784K)->6582K(6784K) NonClass: 5955K(6080K)->5955K(6080K) Class: 627K(704K)->627K(704K)
[67.211s][info][gc             ] GC(187) Pause Young (Allocation Failure) 690M->14M(2045M) 0.695ms
[67.211s][info][gc,cpu         ] GC(187) User=0.00s Sys=0.00s Real=0.00s
[67.539s][info][gc,start       ] GC(188) Pause Young (Allocation Failure)
[67.540s][info][gc,heap        ] GC(188) PSYoungGen: 694720K(695808K)->1856K(695808K) Eden: 692736K(692736K)->0K(692736K) From: 1984K(3072K)->1856K(3072K)
[67.540s][info][gc,heap        ] GC(188) ParOldGen: 12533K(1398272K)->12855K(1398272K)
[67.540s][info][gc,metaspace   ] GC(188) Metaspace: 6582K(6784K)->6582K(6784K) NonClass: 5955K(6080K)->5955K(6080K) Class: 627K(704K)->627K(704K)
[67.540s][info][gc             ] GC(188) Pause Young (Allocation Failure) 690M->14M(2045M) 0.984ms
[67.540s][info][gc,cpu         ] GC(188) User=0.00s Sys=0.00s Real=0.00s
[67.880s][info][gc,start       ] GC(189) Pause Young (Allocation Failure)
[67.881s][info][gc,heap        ] GC(189) PSYoungGen: 694592K(695808K)->2226K(695808K) Eden: 692736K(692736K)->0K(692736K) From: 1856K(3072K)->2226K(3072K)
[67.881s][info][gc,heap        ] GC(189) ParOldGen: 12855K(1398272K)->12975K(1398272K)
[67.881s][info][gc,metaspace   ] GC(189) Metaspace: 6582K(6784K)->6582K(6784K) NonClass: 5955K(6080K)->5955K(6080K) Class: 627K(704K)->627K(704K)
[67.881s][info][gc             ] GC(189) Pause Young (Allocation Failure) 690M->14M(2045M) 1.053ms
[67.881s][info][gc,cpu         ] GC(189) User=0.00s Sys=0.00s Real=0.00s
[68.273s][info][gc,start       ] GC(190) Pause Young (Allocation Failure)
[68.273s][info][gc,heap        ] GC(190) PSYoungGen: 694962K(695808K)->2130K(695808K) Eden: 692736K(692736K)->0K(692736K) From: 2226K(3072K)->2130K(3072K)
[68.273s][info][gc,heap        ] GC(190) ParOldGen: 12975K(1398272K)->13031K(1398272K)
[68.273s][info][gc,metaspace   ] GC(190) Metaspace: 6582K(6784K)->6582K(6784K) NonClass: 5955K(6080K)->5955K(6080K) Class: 627K(704K)->627K(704K)
[68.273s][info][gc             ] GC(190) Pause Young (Allocation Failure) 691M->14M(2045M) 0.846ms
[68.273s][info][gc,cpu         ] GC(190) User=0.02s Sys=0.00s Real=0.00s
[68.622s][info][gc,start       ] GC(191) Pause Young (Allocation Failure)
[68.622s][info][gc,heap        ] GC(191) PSYoungGen: 694866K(695808K)->2194K(695808K) Eden: 692736K(692736K)->0K(692736K) From: 2130K(3072K)->2194K(3072K)
[68.622s][info][gc,heap        ] GC(191) ParOldGen: 13031K(1398272K)->13031K(1398272K)
[68.622s][info][gc,metaspace   ] GC(191) Metaspace: 6582K(6784K)->6582K(6784K) NonClass: 5955K(6080K)->5955K(6080K) Class: 627K(704K)->627K(704K)
[68.622s][info][gc             ] GC(191) Pause Young (Allocation Failure) 691M->14M(2045M) 0.901ms
[68.622s][info][gc,cpu         ] GC(191) User=0.00s Sys=0.00s Real=0.00s
[68.997s][info][gc,start       ] GC(192) Pause Young (Allocation Failure)
[68.998s][info][gc,heap        ] GC(192) PSYoungGen: 694930K(695808K)->2117K(695808K) Eden: 692736K(692736K)->0K(692736K) From: 2194K(3072K)->2117K(3072K)
[68.998s][info][gc,heap        ] GC(192) ParOldGen: 13031K(1398272K)->13031K(1398272K)
[68.998s][info][gc,metaspace   ] GC(192) Metaspace: 6582K(6784K)->6582K(6784K) NonClass: 5955K(6080K)->5955K(6080K) Class: 627K(704K)->627K(704K)
[68.998s][info][gc             ] GC(192) Pause Young (Allocation Failure) 691M->14M(2045M) 0.886ms
[68.998s][info][gc,cpu         ] GC(192) User=0.00s Sys=0.00s Real=0.00s
[69.390s][info][gc,start       ] GC(193) Pause Young (Allocation Failure)
[69.390s][info][gc,heap        ] GC(193) PSYoungGen: 694853K(695808K)->2034K(695808K) Eden: 692736K(692736K)->0K(692736K) From: 2117K(3072K)->2034K(3072K)
[69.390s][info][gc,heap        ] GC(193) ParOldGen: 13031K(1398272K)->13031K(1398272K)
[69.390s][info][gc,metaspace   ] GC(193) Metaspace: 6582K(6784K)->6582K(6784K) NonClass: 5955K(6080K)->5955K(6080K) Class: 627K(704K)->627K(704K)
[69.390s][info][gc             ] GC(193) Pause Young (Allocation Failure) 691M->14M(2045M) 0.791ms
[69.390s][info][gc,cpu         ] GC(193) User=0.00s Sys=0.00s Real=0.00s
[69.751s][info][gc,start       ] GC(194) Pause Young (Allocation Failure)
[69.751s][info][gc,heap        ] GC(194) PSYoungGen: 694770K(695808K)->2194K(696320K) Eden: 692736K(692736K)->0K(693760K) From: 2034K(3072K)->2194K(2560K)
[69.751s][info][gc,heap        ] GC(194) ParOldGen: 13031K(1398272K)->13031K(1398272K)
[69.751s][info][gc,metaspace   ] GC(194) Metaspace: 6582K(6784K)->6582K(6784K) NonClass: 5955K(6080K)->5955K(6080K) Class: 627K(704K)->627K(704K)
[69.751s][info][gc             ] GC(194) Pause Young (Allocation Failure) 691M->14M(2045M) 0.839ms
[69.751s][info][gc,cpu         ] GC(194) User=0.00s Sys=0.00s Real=0.00s
[70.120s][info][gc,start       ] GC(195) Pause Young (Allocation Failure)
[70.120s][info][gc,heap        ] GC(195) PSYoungGen: 695954K(696320K)->2176K(696320K) Eden: 693760K(693760K)->0K(693760K) From: 2194K(2560K)->2176K(2560K)
[70.120s][info][gc,heap        ] GC(195) ParOldGen: 13031K(1398272K)->13031K(1398272K)
[70.121s][info][gc,metaspace   ] GC(195) Metaspace: 6582K(6784K)->6582K(6784K) NonClass: 5955K(6080K)->5955K(6080K) Class: 627K(704K)->627K(704K)
[70.121s][info][gc             ] GC(195) Pause Young (Allocation Failure) 692M->14M(2045M) 0.883ms
[70.121s][info][gc,cpu         ] GC(195) User=0.00s Sys=0.00s Real=0.00s
[70.416s][info][gc,start       ] GC(196) Pause Young (Allocation Failure)
[70.419s][info][gc,heap        ] GC(196) PSYoungGen: 695936K(696320K)->2034K(696320K) Eden: 693760K(693760K)->0K(693760K) From: 2176K(2560K)->2034K(2560K)
[70.419s][info][gc,heap        ] GC(196) ParOldGen: 13031K(1398272K)->13031K(1398272K)
[70.419s][info][gc,metaspace   ] GC(196) Metaspace: 6582K(6784K)->6582K(6784K) NonClass: 5955K(6080K)->5955K(6080K) Class: 627K(704K)->627K(704K)
[70.419s][info][gc             ] GC(196) Pause Young (Allocation Failure) 692M->14M(2045M) 3.185ms
[70.419s][info][gc,cpu         ] GC(196) User=0.00s Sys=0.00s Real=0.00s
[70.700s][info][gc,start       ] GC(197) Pause Young (Allocation Failure)
[70.701s][info][gc,heap        ] GC(197) PSYoungGen: 695794K(696320K)->2002K(696320K) Eden: 693760K(693760K)->0K(693760K) From: 2034K(2560K)->2002K(2560K)
[70.701s][info][gc,heap        ] GC(197) ParOldGen: 13031K(1398272K)->13031K(1398272K)
[70.701s][info][gc,metaspace   ] GC(197) Metaspace: 6582K(6784K)->6582K(6784K) NonClass: 5955K(6080K)->5955K(6080K) Class: 627K(704K)->627K(704K)
[70.701s][info][gc             ] GC(197) Pause Young (Allocation Failure) 692M->14M(2045M) 0.713ms
[70.701s][info][gc,cpu         ] GC(197) User=0.00s Sys=0.00s Real=0.00s
[71.013s][info][gc,start       ] GC(198) Pause Young (Allocation Failure)
[71.014s][info][gc,heap        ] GC(198) PSYoungGen: 695762K(696320K)->2112K(696320K) Eden: 693760K(693760K)->0K(693760K) From: 2002K(2560K)->2112K(2560K)
[71.014s][info][gc,heap        ] GC(198) ParOldGen: 13031K(1398272K)->13039K(1398272K)
[71.014s][info][gc,metaspace   ] GC(198) Metaspace: 6582K(6784K)->6582K(6784K) NonClass: 5955K(6080K)->5955K(6080K) Class: 627K(704K)->627K(704K)
[71.014s][info][gc             ] GC(198) Pause Young (Allocation Failure) 692M->14M(2045M) 0.970ms
[71.014s][info][gc,cpu         ] GC(198) User=0.00s Sys=0.00s Real=0.00s
[71.387s][info][gc,start       ] GC(199) Pause Young (Allocation Failure)
[71.387s][info][gc,heap        ] GC(199) PSYoungGen: 695872K(696320K)->1760K(696320K) Eden: 693760K(693760K)->0K(693760K) From: 2112K(2560K)->1760K(2560K)
[71.387s][info][gc,heap        ] GC(199) ParOldGen: 13039K(1398272K)->13039K(1398272K)
[71.387s][info][gc,metaspace   ] GC(199) Metaspace: 6582K(6784K)->6582K(6784K) NonClass: 5955K(6080K)->5955K(6080K) Class: 627K(704K)->627K(704K)
[71.387s][info][gc             ] GC(199) Pause Young (Allocation Failure) 692M->14M(2045M) 0.689ms
[71.387s][info][gc,cpu         ] GC(199) User=0.00s Sys=0.00s Real=0.00s
[71.732s][info][gc,start       ] GC(200) Pause Young (Allocation Failure)
[71.732s][info][gc,heap        ] GC(200) PSYoungGen: 695520K(696320K)->1664K(696320K) Eden: 693760K(693760K)->0K(693760K) From: 1760K(2560K)->1664K(2560K)
[71.732s][info][gc,heap        ] GC(200) ParOldGen: 13039K(1398272K)->13039K(1398272K)
[71.732s][info][gc,metaspace   ] GC(200) Metaspace: 6582K(6784K)->6582K(6784K) NonClass: 5955K(6080K)->5955K(6080K) Class: 627K(704K)->627K(704K)
[71.732s][info][gc             ] GC(200) Pause Young (Allocation Failure) 691M->14M(2045M) 0.560ms
[71.732s][info][gc,cpu         ] GC(200) User=0.00s Sys=0.00s Real=0.00s
[72.131s][info][gc,start       ] GC(201) Pause Young (Allocation Failure)
[72.131s][info][gc,heap        ] GC(201) PSYoungGen: 695424K(696320K)->2098K(696320K) Eden: 693760K(693760K)->0K(693760K) From: 1664K(2560K)->2098K(2560K)
[72.131s][info][gc,heap        ] GC(201) ParOldGen: 13039K(1398272K)->13039K(1398272K)
[72.131s][info][gc,metaspace   ] GC(201) Metaspace: 6582K(6784K)->6582K(6784K) NonClass: 5955K(6080K)->5955K(6080K) Class: 627K(704K)->627K(704K)
[72.131s][info][gc             ] GC(201) Pause Young (Allocation Failure) 691M->14M(2045M) 0.715ms
[72.131s][info][gc,cpu         ] GC(201) User=0.00s Sys=0.00s Real=0.00s
[72.492s][info][gc,start       ] GC(202) Pause Young (Allocation Failure)
[72.493s][info][gc,heap        ] GC(202) PSYoungGen: 695858K(696320K)->2213K(696320K) Eden: 693760K(693760K)->0K(693760K) From: 2098K(2560K)->2213K(2560K)
[72.493s][info][gc,heap        ] GC(202) ParOldGen: 13039K(1398272K)->13039K(1398272K)
[72.493s][info][gc,metaspace   ] GC(202) Metaspace: 6582K(6784K)->6582K(6784K) NonClass: 5955K(6080K)->5955K(6080K) Class: 627K(704K)->627K(704K)
[72.493s][info][gc             ] GC(202) Pause Young (Allocation Failure) 692M->14M(2045M) 0.927ms
[72.493s][info][gc,cpu         ] GC(202) User=0.00s Sys=0.00s Real=0.00s
[72.835s][info][gc,start       ] GC(203) Pause Young (Allocation Failure)
[72.836s][info][gc,heap        ] GC(203) PSYoungGen: 695973K(696320K)->1824K(696320K) Eden: 693760K(693760K)->0K(693760K) From: 2213K(2560K)->1824K(2560K)
[72.836s][info][gc,heap        ] GC(203) ParOldGen: 13039K(1398272K)->13039K(1398272K)
[72.836s][info][gc,metaspace   ] GC(203) Metaspace: 6582K(6784K)->6582K(6784K) NonClass: 5955K(6080K)->5955K(6080K) Class: 627K(704K)->627K(704K)
[72.836s][info][gc             ] GC(203) Pause Young (Allocation Failure) 692M->14M(2045M) 0.750ms
[72.836s][info][gc,cpu         ] GC(203) User=0.00s Sys=0.00s Real=0.00s
[72.930s][info][gc,start       ] GC(204) Pause Young (System.gc())
[72.932s][info][gc,heap        ] GC(204) PSYoungGen: 82714K(696320K)->96K(695296K) Eden: 80890K(693760K)->0K(692736K) From: 1824K(2560K)->96K(2560K)
[72.932s][info][gc,heap        ] GC(204) ParOldGen: 13039K(1398272K)->21231K(1398272K)
[72.932s][info][gc,metaspace   ] GC(204) Metaspace: 6583K(6784K)->6583K(6784K) NonClass: 5956K(6080K)->5956K(6080K) Class: 627K(704K)->627K(704K)
[72.932s][info][gc             ] GC(204) Pause Young (System.gc()) 93M->20M(2044M) 1.419ms
[72.932s][info][gc,cpu         ] GC(204) User=0.00s Sys=0.00s Real=0.00s
[72.932s][info][gc,start       ] GC(205) Pause Full (System.gc())
[72.932s][info][gc,phases,start] GC(205) Marking Phase
[72.935s][info][gc,phases      ] GC(205) Marking Phase 3.374ms
[72.935s][info][gc,phases,start] GC(205) Summary Phase
[72.935s][info][gc,phases      ] GC(205) Summary Phase 0.009ms
[72.935s][info][gc,phases,start] GC(205) Adjust Roots
[72.937s][info][gc,phases      ] GC(205) Adjust Roots 1.368ms
[72.937s][info][gc,phases,start] GC(205) Compaction Phase
[72.938s][info][gc,phases      ] GC(205) Compaction Phase 1.756ms
[72.938s][info][gc,phases,start] GC(205) Post Compact
[72.939s][info][gc,phases      ] GC(205) Post Compact 0.329ms
[72.939s][info][gc,heap        ] GC(205) PSYoungGen: 96K(695296K)->0K(695296K) Eden: 0K(692736K)->0K(692736K) From: 96K(2560K)->0K(2560K)
[72.939s][info][gc,heap        ] GC(205) ParOldGen: 21231K(1398272K)->11668K(1398272K)
[72.939s][info][gc,metaspace   ] GC(205) Metaspace: 6583K(6784K)->6583K(6784K) NonClass: 5956K(6080K)->5956K(6080K) Class: 627K(704K)->627K(704K)
[72.939s][info][gc             ] GC(205) Pause Full (System.gc()) 20M->11M(2044M) 7.080ms
[72.939s][info][gc,cpu         ] GC(205) User=0.00s Sys=0.00s Real=0.00s
[73.168s][info][gc,start       ] GC(206) Pause Young (Allocation Failure)
[73.169s][info][gc,heap        ] GC(206) PSYoungGen: 692736K(695296K)->2848K(695808K) Eden: 692736K(692736K)->0K(692736K) From: 0K(2560K)->2848K(3072K)
[73.169s][info][gc,heap        ] GC(206) ParOldGen: 11668K(1398272K)->11668K(1398272K)
[73.169s][info][gc,metaspace   ] GC(206) Metaspace: 6587K(6784K)->6587K(6784K) NonClass: 5959K(6080K)->5959K(6080K) Class: 627K(704K)->627K(704K)
[73.169s][info][gc             ] GC(206) Pause Young (Allocation Failure) 687M->14M(2045M) 0.857ms
[73.169s][info][gc,cpu         ] GC(206) User=0.00s Sys=0.00s Real=0.00s
[73.530s][info][gc,start       ] GC(207) Pause Young (Allocation Failure)
[73.531s][info][gc,heap        ] GC(207) PSYoungGen: 695584K(695808K)->2048K(695808K) Eden: 692736K(692736K)->0K(692736K) From: 2848K(3072K)->2048K(3072K)
[73.531s][info][gc,heap        ] GC(207) ParOldGen: 11668K(1398272K)->12533K(1398272K)
[73.531s][info][gc,metaspace   ] GC(207) Metaspace: 6587K(6784K)->6587K(6784K) NonClass: 5959K(6080K)->5959K(6080K) Class: 627K(704K)->627K(704K)
[73.531s][info][gc             ] GC(207) Pause Young (Allocation Failure) 690M->14M(2045M) 0.825ms
[73.531s][info][gc,cpu         ] GC(207) User=0.00s Sys=0.00s Real=0.00s
[73.976s][info][gc,start       ] GC(208) Pause Young (Allocation Failure)
[73.977s][info][gc,heap        ] GC(208) PSYoungGen: 694784K(695808K)->2194K(695808K) Eden: 692736K(692736K)->0K(692736K) From: 2048K(3072K)->2194K(3072K)
[73.977s][info][gc,heap        ] GC(208) ParOldGen: 12533K(1398272K)->12533K(1398272K)
[73.977s][info][gc,metaspace   ] GC(208) Metaspace: 6587K(6784K)->6587K(6784K) NonClass: 5959K(6080K)->5959K(6080K) Class: 627K(704K)->627K(704K)
[73.977s][info][gc             ] GC(208) Pause Young (Allocation Failure) 690M->14M(2045M) 1.150ms
[73.977s][info][gc,cpu         ] GC(208) User=0.02s Sys=0.00s Real=0.00s
[74.484s][info][gc,start       ] GC(209) Pause Young (Allocation Failure)
[74.485s][info][gc,heap        ] GC(209) PSYoungGen: 694930K(695808K)->2130K(695808K) Eden: 692736K(692736K)->0K(692736K) From: 2194K(3072K)->2130K(3072K)
[74.485s][info][gc,heap        ] GC(209) ParOldGen: 12533K(1398272K)->12533K(1398272K)
[74.485s][info][gc,metaspace   ] GC(209) Metaspace: 6587K(6784K)->6587K(6784K) NonClass: 5959K(6080K)->5959K(6080K) Class: 627K(704K)->627K(704K)
[74.485s][info][gc             ] GC(209) Pause Young (Allocation Failure) 690M->14M(2045M) 0.825ms
[74.485s][info][gc,cpu         ] GC(209) User=0.00s Sys=0.00s Real=0.00s
[74.921s][info][gc,start       ] GC(210) Pause Young (Allocation Failure)
[74.921s][info][gc,heap        ] GC(210) PSYoungGen: 694866K(695808K)->1906K(695808K) Eden: 692736K(692736K)->0K(692736K) From: 2130K(3072K)->1906K(3072K)
[74.921s][info][gc,heap        ] GC(210) ParOldGen: 12533K(1398272K)->12533K(1398272K)
[74.921s][info][gc,metaspace   ] GC(210) Metaspace: 6587K(6784K)->6587K(6784K) NonClass: 5959K(6080K)->5959K(6080K) Class: 627K(704K)->627K(704K)
[74.921s][info][gc             ] GC(210) Pause Young (Allocation Failure) 690M->14M(2045M) 0.722ms
[74.921s][info][gc,cpu         ] GC(210) User=0.00s Sys=0.00s Real=0.00s
[75.446s][info][gc,start       ] GC(211) Pause Young (Allocation Failure)
[75.446s][info][gc,heap        ] GC(211) PSYoungGen: 694642K(695808K)->2162K(695808K) Eden: 692736K(692736K)->0K(692736K) From: 1906K(3072K)->2162K(3072K)
[75.446s][info][gc,heap        ] GC(211) ParOldGen: 12533K(1398272K)->12533K(1398272K)
[75.446s][info][gc,metaspace   ] GC(211) Metaspace: 6587K(6784K)->6587K(6784K) NonClass: 5959K(6080K)->5959K(6080K) Class: 627K(704K)->627K(704K)
[75.446s][info][gc             ] GC(211) Pause Young (Allocation Failure) 690M->14M(2045M) 0.905ms
[75.446s][info][gc,cpu         ] GC(211) User=0.00s Sys=0.00s Real=0.00s
[75.950s][info][gc,start       ] GC(212) Pause Young (Allocation Failure)
[75.951s][info][gc,heap        ] GC(212) PSYoungGen: 694898K(695808K)->2066K(695808K) Eden: 692736K(692736K)->0K(692736K) From: 2162K(3072K)->2066K(3072K)
[75.951s][info][gc,heap        ] GC(212) ParOldGen: 12533K(1398272K)->12533K(1398272K)
[75.951s][info][gc,metaspace   ] GC(212) Metaspace: 6587K(6784K)->6587K(6784K) NonClass: 5959K(6080K)->5959K(6080K) Class: 627K(704K)->627K(704K)
[75.951s][info][gc             ] GC(212) Pause Young (Allocation Failure) 690M->14M(2045M) 0.859ms
[75.951s][info][gc,cpu         ] GC(212) User=0.00s Sys=0.00s Real=0.00s
[76.439s][info][gc,start       ] GC(213) Pause Young (Allocation Failure)
[76.440s][info][gc,heap        ] GC(213) PSYoungGen: 694802K(695808K)->2085K(695808K) Eden: 692736K(692736K)->0K(692736K) From: 2066K(3072K)->2085K(3072K)
[76.440s][info][gc,heap        ] GC(213) ParOldGen: 12533K(1398272K)->12533K(1398272K)
[76.440s][info][gc,metaspace   ] GC(213) Metaspace: 6587K(6784K)->6587K(6784K) NonClass: 5959K(6080K)->5959K(6080K) Class: 627K(704K)->627K(704K)
[76.440s][info][gc             ] GC(213) Pause Young (Allocation Failure) 690M->14M(2045M) 1.042ms
[76.440s][info][gc,cpu         ] GC(213) User=0.00s Sys=0.00s Real=0.00s
[76.850s][info][gc,start       ] GC(214) Pause Young (Allocation Failure)
[76.851s][info][gc,heap        ] GC(214) PSYoungGen: 694821K(695808K)->2194K(695808K) Eden: 692736K(692736K)->0K(692736K) From: 2085K(3072K)->2194K(3072K)
[76.851s][info][gc,heap        ] GC(214) ParOldGen: 12533K(1398272K)->12533K(1398272K)
[76.851s][info][gc,metaspace   ] GC(214) Metaspace: 6587K(6784K)->6587K(6784K) NonClass: 5959K(6080K)->5959K(6080K) Class: 627K(704K)->627K(704K)
[76.851s][info][gc             ] GC(214) Pause Young (Allocation Failure) 690M->14M(2045M) 0.931ms
[76.851s][info][gc,cpu         ] GC(214) User=0.08s Sys=0.02s Real=0.00s
[77.176s][info][gc,start       ] GC(215) Pause Young (Allocation Failure)
[77.177s][info][gc,heap        ] GC(215) PSYoungGen: 694930K(695808K)->2098K(695808K) Eden: 692736K(692736K)->0K(692736K) From: 2194K(3072K)->2098K(3072K)
[77.177s][info][gc,heap        ] GC(215) ParOldGen: 12533K(1398272K)->12533K(1398272K)
[77.177s][info][gc,metaspace   ] GC(215) Metaspace: 6587K(6784K)->6587K(6784K) NonClass: 5959K(6080K)->5959K(6080K) Class: 627K(704K)->627K(704K)
[77.177s][info][gc             ] GC(215) Pause Young (Allocation Failure) 690M->14M(2045M) 0.748ms
[77.177s][info][gc,cpu         ] GC(215) User=0.00s Sys=0.00s Real=0.00s
[77.601s][info][gc,start       ] GC(216) Pause Young (Allocation Failure)
[77.601s][info][gc,heap        ] GC(216) PSYoungGen: 694834K(695808K)->2144K(695808K) Eden: 692736K(692736K)->0K(692736K) From: 2098K(3072K)->2144K(3072K)
[77.601s][info][gc,heap        ] GC(216) ParOldGen: 12533K(1398272K)->12533K(1398272K)
[77.601s][info][gc,metaspace   ] GC(216) Metaspace: 6587K(6784K)->6587K(6784K) NonClass: 5959K(6080K)->5959K(6080K) Class: 627K(704K)->627K(704K)
[77.602s][info][gc             ] GC(216) Pause Young (Allocation Failure) 690M->14M(2045M) 0.879ms
[77.602s][info][gc,cpu         ] GC(216) User=0.02s Sys=0.00s Real=0.00s
[78.019s][info][gc,start       ] GC(217) Pause Young (Allocation Failure)
[78.020s][info][gc,heap        ] GC(217) PSYoungGen: 694880K(695808K)->2226K(695808K) Eden: 692736K(692736K)->0K(692736K) From: 2144K(3072K)->2226K(3072K)
[78.020s][info][gc,heap        ] GC(217) ParOldGen: 12533K(1398272K)->12533K(1398272K)
[78.020s][info][gc,metaspace   ] GC(217) Metaspace: 6587K(6784K)->6587K(6784K) NonClass: 5959K(6080K)->5959K(6080K) Class: 627K(704K)->627K(704K)
[78.020s][info][gc             ] GC(217) Pause Young (Allocation Failure) 690M->14M(2045M) 0.963ms
[78.020s][info][gc,cpu         ] GC(217) User=0.00s Sys=0.00s Real=0.00s
[78.487s][info][gc,start       ] GC(218) Pause Young (Allocation Failure)
[78.488s][info][gc,heap        ] GC(218) PSYoungGen: 694962K(695808K)->2322K(695808K) Eden: 692736K(692736K)->0K(692736K) From: 2226K(3072K)->2322K(3072K)
[78.488s][info][gc,heap        ] GC(218) ParOldGen: 12533K(1398272K)->12533K(1398272K)
[78.488s][info][gc,metaspace   ] GC(218) Metaspace: 6587K(6784K)->6587K(6784K) NonClass: 5959K(6080K)->5959K(6080K) Class: 627K(704K)->627K(704K)
[78.488s][info][gc             ] GC(218) Pause Young (Allocation Failure) 690M->14M(2045M) 1.306ms
[78.488s][info][gc,cpu         ] GC(218) User=0.00s Sys=0.00s Real=0.00s
[79.052s][info][gc,start       ] GC(219) Pause Young (Allocation Failure)
[79.053s][info][gc,heap        ] GC(219) PSYoungGen: 695058K(695808K)->2226K(695808K) Eden: 692736K(692736K)->0K(692736K) From: 2322K(3072K)->2226K(3072K)
[79.053s][info][gc,heap        ] GC(219) ParOldGen: 12533K(1398272K)->12533K(1398272K)
[79.053s][info][gc,metaspace   ] GC(219) Metaspace: 6587K(6784K)->6587K(6784K) NonClass: 5959K(6080K)->5959K(6080K) Class: 627K(704K)->627K(704K)
[79.053s][info][gc             ] GC(219) Pause Young (Allocation Failure) 691M->14M(2045M) 0.828ms
[79.053s][info][gc,cpu         ] GC(219) User=0.00s Sys=0.00s Real=0.00s
[79.535s][info][gc,start       ] GC(220) Pause Young (Allocation Failure)
[79.536s][info][gc,heap        ] GC(220) PSYoungGen: 694962K(695808K)->2066K(695808K) Eden: 692736K(692736K)->0K(692736K) From: 2226K(3072K)->2066K(3072K)
[79.536s][info][gc,heap        ] GC(220) ParOldGen: 12533K(1398272K)->12533K(1398272K)
[79.536s][info][gc,metaspace   ] GC(220) Metaspace: 6587K(6784K)->6587K(6784K) NonClass: 5959K(6080K)->5959K(6080K) Class: 627K(704K)->627K(704K)
[79.536s][info][gc             ] GC(220) Pause Young (Allocation Failure) 690M->14M(2045M) 0.870ms
[79.536s][info][gc,cpu         ] GC(220) User=0.00s Sys=0.00s Real=0.00s
[80.044s][info][gc,start       ] GC(221) Pause Young (Allocation Failure)
[80.044s][info][gc,heap        ] GC(221) PSYoungGen: 694802K(695808K)->2080K(695808K) Eden: 692736K(692736K)->0K(692736K) From: 2066K(3072K)->2080K(3072K)
[80.044s][info][gc,heap        ] GC(221) ParOldGen: 12533K(1398272K)->12533K(1398272K)
[80.044s][info][gc,metaspace   ] GC(221) Metaspace: 6587K(6784K)->6587K(6784K) NonClass: 5959K(6080K)->5959K(6080K) Class: 627K(704K)->627K(704K)
[80.044s][info][gc             ] GC(221) Pause Young (Allocation Failure) 690M->14M(2045M) 0.715ms
[80.044s][info][gc,cpu         ] GC(221) User=0.00s Sys=0.00s Real=0.00s
[80.584s][info][gc,start       ] GC(222) Pause Young (Allocation Failure)
[80.585s][info][gc,heap        ] GC(222) PSYoungGen: 694816K(695808K)->2066K(695808K) Eden: 692736K(692736K)->0K(692736K) From: 2080K(3072K)->2066K(3072K)
[80.585s][info][gc,heap        ] GC(222) ParOldGen: 12533K(1398272K)->12533K(1398272K)
[80.585s][info][gc,metaspace   ] GC(222) Metaspace: 6587K(6784K)->6587K(6784K) NonClass: 5959K(6080K)->5959K(6080K) Class: 627K(704K)->627K(704K)
[80.585s][info][gc             ] GC(222) Pause Young (Allocation Failure) 690M->14M(2045M) 0.717ms
[80.585s][info][gc,cpu         ] GC(222) User=0.00s Sys=0.00s Real=0.00s
[81.072s][info][gc,start       ] GC(223) Pause Young (Allocation Failure)
[81.073s][info][gc,heap        ] GC(223) PSYoungGen: 694802K(695808K)->2098K(696320K) Eden: 692736K(692736K)->0K(693760K) From: 2066K(3072K)->2098K(2560K)
[81.073s][info][gc,heap        ] GC(223) ParOldGen: 12533K(1398272K)->12533K(1398272K)
[81.073s][info][gc,metaspace   ] GC(223) Metaspace: 6587K(6784K)->6587K(6784K) NonClass: 5959K(6080K)->5959K(6080K) Class: 627K(704K)->627K(704K)
[81.073s][info][gc             ] GC(223) Pause Young (Allocation Failure) 690M->14M(2045M) 0.763ms
[81.073s][info][gc,cpu         ] GC(223) User=0.00s Sys=0.00s Real=0.00s
[81.548s][info][gc,start       ] GC(224) Pause Young (Allocation Failure)
[81.549s][info][gc,heap        ] GC(224) PSYoungGen: 695858K(696320K)->2034K(696320K) Eden: 693760K(693760K)->0K(693760K) From: 2098K(2560K)->2034K(2560K)
[81.549s][info][gc,heap        ] GC(224) ParOldGen: 12533K(1398272K)->12533K(1398272K)
[81.549s][info][gc,metaspace   ] GC(224) Metaspace: 6587K(6784K)->6587K(6784K) NonClass: 5959K(6080K)->5959K(6080K) Class: 627K(704K)->627K(704K)
[81.549s][info][gc             ] GC(224) Pause Young (Allocation Failure) 691M->14M(2045M) 0.984ms
[81.549s][info][gc,cpu         ] GC(224) User=0.00s Sys=0.00s Real=0.00s
[81.905s][info][gc,start       ] GC(225) Pause Young (Allocation Failure)
[81.905s][info][gc,heap        ] GC(225) PSYoungGen: 695794K(696320K)->2098K(696320K) Eden: 693760K(693760K)->0K(693760K) From: 2034K(2560K)->2098K(2560K)
[81.905s][info][gc,heap        ] GC(225) ParOldGen: 12533K(1398272K)->12533K(1398272K)
[81.905s][info][gc,metaspace   ] GC(225) Metaspace: 6587K(6784K)->6587K(6784K) NonClass: 5959K(6080K)->5959K(6080K) Class: 627K(704K)->627K(704K)
[81.906s][info][gc             ] GC(225) Pause Young (Allocation Failure) 691M->14M(2045M) 0.739ms
[81.906s][info][gc,cpu         ] GC(225) User=0.00s Sys=0.00s Real=0.00s
[82.222s][info][gc,start       ] GC(226) Pause Young (Allocation Failure)
[82.223s][info][gc,heap        ] GC(226) PSYoungGen: 695858K(696320K)->2098K(696320K) Eden: 693760K(693760K)->0K(693760K) From: 2098K(2560K)->2098K(2560K)
[82.223s][info][gc,heap        ] GC(226) ParOldGen: 12533K(1398272K)->12533K(1398272K)
[82.223s][info][gc,metaspace   ] GC(226) Metaspace: 6587K(6784K)->6587K(6784K) NonClass: 5959K(6080K)->5959K(6080K) Class: 627K(704K)->627K(704K)
[82.223s][info][gc             ] GC(226) Pause Young (Allocation Failure) 691M->14M(2045M) 1.076ms
[82.223s][info][gc,cpu         ] GC(226) User=0.00s Sys=0.00s Real=0.00s
[82.666s][info][gc,start       ] GC(227) Pause Young (Allocation Failure)
[82.667s][info][gc,heap        ] GC(227) PSYoungGen: 695858K(696320K)->2080K(696320K) Eden: 693760K(693760K)->0K(693760K) From: 2098K(2560K)->2080K(2560K)
[82.667s][info][gc,heap        ] GC(227) ParOldGen: 12533K(1398272K)->12533K(1398272K)
[82.667s][info][gc,metaspace   ] GC(227) Metaspace: 6587K(6784K)->6587K(6784K) NonClass: 5959K(6080K)->5959K(6080K) Class: 627K(704K)->627K(704K)
[82.667s][info][gc             ] GC(227) Pause Young (Allocation Failure) 691M->14M(2045M) 0.792ms
[82.667s][info][gc,cpu         ] GC(227) User=0.00s Sys=0.00s Real=0.00s
[83.131s][info][gc,start       ] GC(228) Pause Young (Allocation Failure)
[83.131s][info][gc,heap        ] GC(228) PSYoungGen: 695840K(696320K)->2130K(696320K) Eden: 693760K(693760K)->0K(693760K) From: 2080K(2560K)->2130K(2560K)
[83.131s][info][gc,heap        ] GC(228) ParOldGen: 12533K(1398272K)->12533K(1398272K)
[83.131s][info][gc,metaspace   ] GC(228) Metaspace: 6587K(6784K)->6587K(6784K) NonClass: 5959K(6080K)->5959K(6080K) Class: 627K(704K)->627K(704K)
[83.131s][info][gc             ] GC(228) Pause Young (Allocation Failure) 691M->14M(2045M) 0.768ms
[83.131s][info][gc,cpu         ] GC(228) User=0.00s Sys=0.00s Real=0.00s
[83.574s][info][gc,start       ] GC(229) Pause Young (Allocation Failure)
[83.575s][info][gc,heap        ] GC(229) PSYoungGen: 695890K(696320K)->2130K(696320K) Eden: 693760K(693760K)->0K(693760K) From: 2130K(2560K)->2130K(2560K)
[83.575s][info][gc,heap        ] GC(229) ParOldGen: 12533K(1398272K)->12533K(1398272K)
[83.575s][info][gc,metaspace   ] GC(229) Metaspace: 6587K(6784K)->6587K(6784K) NonClass: 5959K(6080K)->5959K(6080K) Class: 627K(704K)->627K(704K)
[83.575s][info][gc             ] GC(229) Pause Young (Allocation Failure) 691M->14M(2045M) 0.727ms
[83.575s][info][gc,cpu         ] GC(229) User=0.00s Sys=0.00s Real=0.00s
[84.098s][info][gc,start       ] GC(230) Pause Young (Allocation Failure)
[84.098s][info][gc,heap        ] GC(230) PSYoungGen: 695890K(696320K)->2130K(696320K) Eden: 693760K(693760K)->0K(693760K) From: 2130K(2560K)->2130K(2560K)
[84.099s][info][gc,heap        ] GC(230) ParOldGen: 12533K(1398272K)->12533K(1398272K)
[84.099s][info][gc,metaspace   ] GC(230) Metaspace: 6587K(6784K)->6587K(6784K) NonClass: 5959K(6080K)->5959K(6080K) Class: 627K(704K)->627K(704K)
[84.099s][info][gc             ] GC(230) Pause Young (Allocation Failure) 691M->14M(2045M) 0.751ms
[84.099s][info][gc,cpu         ] GC(230) User=0.00s Sys=0.00s Real=0.00s
[84.532s][info][gc,start       ] GC(231) Pause Young (Allocation Failure)
[84.533s][info][gc,heap        ] GC(231) PSYoungGen: 695890K(696320K)->2162K(696320K) Eden: 693760K(693760K)->0K(693760K) From: 2130K(2560K)->2162K(2560K)
[84.533s][info][gc,heap        ] GC(231) ParOldGen: 12533K(1398272K)->12533K(1398272K)
[84.533s][info][gc,metaspace   ] GC(231) Metaspace: 6587K(6784K)->6587K(6784K) NonClass: 5959K(6080K)->5959K(6080K) Class: 627K(704K)->627K(704K)
[84.533s][info][gc             ] GC(231) Pause Young (Allocation Failure) 691M->14M(2045M) 0.662ms
[84.533s][info][gc,cpu         ] GC(231) User=0.00s Sys=0.00s Real=0.00s
[84.945s][info][gc,start       ] GC(232) Pause Young (Allocation Failure)
[84.946s][info][gc,heap        ] GC(232) PSYoungGen: 695922K(696320K)->2226K(696320K) Eden: 693760K(693760K)->0K(693760K) From: 2162K(2560K)->2226K(2560K)
[84.946s][info][gc,heap        ] GC(232) ParOldGen: 12533K(1398272K)->12533K(1398272K)
[84.946s][info][gc,metaspace   ] GC(232) Metaspace: 6587K(6784K)->6587K(6784K) NonClass: 5959K(6080K)->5959K(6080K) Class: 627K(704K)->627K(704K)
[84.946s][info][gc             ] GC(232) Pause Young (Allocation Failure) 691M->14M(2045M) 0.827ms
[84.946s][info][gc,cpu         ] GC(232) User=0.00s Sys=0.00s Real=0.00s
[85.055s][info][gc,start       ] GC(233) Pause Young (System.gc())
[85.056s][info][gc,heap        ] GC(233) PSYoungGen: 74210K(696320K)->128K(695296K) Eden: 71983K(693760K)->0K(692736K) From: 2226K(2560K)->128K(2560K)
[85.056s][info][gc,heap        ] GC(233) ParOldGen: 12533K(1398272K)->20733K(1398272K)
[85.056s][info][gc,metaspace   ] GC(233) Metaspace: 6587K(6784K)->6587K(6784K) NonClass: 5960K(6080K)->5960K(6080K) Class: 627K(704K)->627K(704K)
[85.056s][info][gc             ] GC(233) Pause Young (System.gc()) 84M->20M(2044M) 1.259ms
[85.056s][info][gc,cpu         ] GC(233) User=0.00s Sys=0.00s Real=0.00s
[85.056s][info][gc,start       ] GC(234) Pause Full (System.gc())
[85.056s][info][gc,phases,start] GC(234) Marking Phase
[85.060s][info][gc,phases      ] GC(234) Marking Phase 3.367ms
[85.060s][info][gc,phases,start] GC(234) Summary Phase
[85.060s][info][gc,phases      ] GC(234) Summary Phase 0.009ms
[85.060s][info][gc,phases,start] GC(234) Adjust Roots
[85.061s][info][gc,phases      ] GC(234) Adjust Roots 0.931ms
[85.061s][info][gc,phases,start] GC(234) Compaction Phase
[85.062s][info][gc,phases      ] GC(234) Compaction Phase 1.668ms
[85.062s][info][gc,phases,start] GC(234) Post Compact
[85.063s][info][gc,phases      ] GC(234) Post Compact 0.326ms
[85.063s][info][gc,heap        ] GC(234) PSYoungGen: 128K(695296K)->0K(695296K) Eden: 0K(692736K)->0K(692736K) From: 128K(2560K)->0K(2560K)
[85.063s][info][gc,heap        ] GC(234) ParOldGen: 20733K(1398272K)->11668K(1398272K)
[85.063s][info][gc,metaspace   ] GC(234) Metaspace: 6587K(6784K)->6587K(6784K) NonClass: 5960K(6080K)->5960K(6080K) Class: 627K(704K)->627K(704K)
[85.063s][info][gc             ] GC(234) Pause Full (System.gc()) 20M->11M(2044M) 6.477ms
[85.063s][info][gc,cpu         ] GC(234) User=0.00s Sys=0.00s Real=0.02s
[85.286s][info][gc,start       ] GC(235) Pause Young (Allocation Failure)
[85.287s][info][gc,heap        ] GC(235) PSYoungGen: 692736K(695296K)->2940K(695808K) Eden: 692736K(692736K)->0K(692736K) From: 0K(2560K)->2940K(3072K)
[85.287s][info][gc,heap        ] GC(235) ParOldGen: 11668K(1398272K)->11668K(1398272K)
[85.287s][info][gc,metaspace   ] GC(235) Metaspace: 6594K(6784K)->6594K(6784K) NonClass: 5967K(6080K)->5967K(6080K) Class: 627K(704K)->627K(704K)
[85.287s][info][gc             ] GC(235) Pause Young (Allocation Failure) 687M->14M(2045M) 0.933ms
[85.287s][info][gc,cpu         ] GC(235) User=0.00s Sys=0.00s Real=0.00s
[85.613s][info][gc,start       ] GC(236) Pause Young (Allocation Failure)
[85.614s][info][gc,heap        ] GC(236) PSYoungGen: 695676K(695808K)->2016K(695808K) Eden: 692736K(692736K)->0K(692736K) From: 2940K(3072K)->2016K(3072K)
[85.614s][info][gc,heap        ] GC(236) ParOldGen: 11668K(1398272K)->12533K(1398272K)
[85.614s][info][gc,metaspace   ] GC(236) Metaspace: 6594K(6784K)->6594K(6784K) NonClass: 5967K(6080K)->5967K(6080K) Class: 627K(704K)->627K(704K)
[85.614s][info][gc             ] GC(236) Pause Young (Allocation Failure) 690M->14M(2045M) 0.909ms
[85.614s][info][gc,cpu         ] GC(236) User=0.00s Sys=0.00s Real=0.00s
[85.984s][info][gc,start       ] GC(237) Pause Young (Allocation Failure)
[85.985s][info][gc,heap        ] GC(237) PSYoungGen: 694752K(695808K)->2258K(695808K) Eden: 692736K(692736K)->0K(692736K) From: 2016K(3072K)->2258K(3072K)
[85.985s][info][gc,heap        ] GC(237) ParOldGen: 12533K(1398272K)->12533K(1398272K)
[85.985s][info][gc,metaspace   ] GC(237) Metaspace: 6594K(6784K)->6594K(6784K) NonClass: 5967K(6080K)->5967K(6080K) Class: 627K(704K)->627K(704K)
[85.985s][info][gc             ] GC(237) Pause Young (Allocation Failure) 690M->14M(2045M) 0.933ms
[85.985s][info][gc,cpu         ] GC(237) User=0.00s Sys=0.00s Real=0.00s
[86.365s][info][gc,start       ] GC(238) Pause Young (Allocation Failure)
[86.366s][info][gc,heap        ] GC(238) PSYoungGen: 694994K(695808K)->2194K(695808K) Eden: 692736K(692736K)->0K(692736K) From: 2258K(3072K)->2194K(3072K)
[86.366s][info][gc,heap        ] GC(238) ParOldGen: 12533K(1398272K)->12533K(1398272K)
[86.366s][info][gc,metaspace   ] GC(238) Metaspace: 6594K(6784K)->6594K(6784K) NonClass: 5967K(6080K)->5967K(6080K) Class: 627K(704K)->627K(704K)
[86.366s][info][gc             ] GC(238) Pause Young (Allocation Failure) 690M->14M(2045M) 0.876ms
[86.366s][info][gc,cpu         ] GC(238) User=0.00s Sys=0.00s Real=0.00s
[86.726s][info][gc,start       ] GC(239) Pause Young (Allocation Failure)
[86.727s][info][gc,heap        ] GC(239) PSYoungGen: 694930K(695808K)->2162K(695808K) Eden: 692736K(692736K)->0K(692736K) From: 2194K(3072K)->2162K(3072K)
[86.727s][info][gc,heap        ] GC(239) ParOldGen: 12533K(1398272K)->12533K(1398272K)
[86.727s][info][gc,metaspace   ] GC(239) Metaspace: 6594K(6784K)->6594K(6784K) NonClass: 5967K(6080K)->5967K(6080K) Class: 627K(704K)->627K(704K)
[86.727s][info][gc             ] GC(239) Pause Young (Allocation Failure) 690M->14M(2045M) 0.708ms
[86.727s][info][gc,cpu         ] GC(239) User=0.00s Sys=0.00s Real=0.00s
[87.136s][info][gc,start       ] GC(240) Pause Young (Allocation Failure)
[87.137s][info][gc,heap        ] GC(240) PSYoungGen: 694898K(695808K)->2226K(695808K) Eden: 692736K(692736K)->0K(692736K) From: 2162K(3072K)->2226K(3072K)
[87.137s][info][gc,heap        ] GC(240) ParOldGen: 12533K(1398272K)->12533K(1398272K)
[87.137s][info][gc,metaspace   ] GC(240) Metaspace: 6594K(6784K)->6594K(6784K) NonClass: 5967K(6080K)->5967K(6080K) Class: 627K(704K)->627K(704K)
[87.137s][info][gc             ] GC(240) Pause Young (Allocation Failure) 690M->14M(2045M) 0.974ms
[87.137s][info][gc,cpu         ] GC(240) User=0.00s Sys=0.00s Real=0.00s
[87.543s][info][gc,start       ] GC(241) Pause Young (Allocation Failure)
[87.544s][info][gc,heap        ] GC(241) PSYoungGen: 694962K(695808K)->1970K(695808K) Eden: 692736K(692736K)->0K(692736K) From: 2226K(3072K)->1970K(3072K)
[87.544s][info][gc,heap        ] GC(241) ParOldGen: 12533K(1398272K)->12533K(1398272K)
[87.544s][info][gc,metaspace   ] GC(241) Metaspace: 6594K(6784K)->6594K(6784K) NonClass: 5967K(6080K)->5967K(6080K) Class: 627K(704K)->627K(704K)
[87.544s][info][gc             ] GC(241) Pause Young (Allocation Failure) 690M->14M(2045M) 0.640ms
[87.544s][info][gc,cpu         ] GC(241) User=0.00s Sys=0.00s Real=0.00s
[87.926s][info][gc,start       ] GC(242) Pause Young (Allocation Failure)
[87.927s][info][gc,heap        ] GC(242) PSYoungGen: 694706K(695808K)->2194K(695808K) Eden: 692736K(692736K)->0K(692736K) From: 1970K(3072K)->2194K(3072K)
[87.927s][info][gc,heap        ] GC(242) ParOldGen: 12533K(1398272K)->12533K(1398272K)
[87.927s][info][gc,metaspace   ] GC(242) Metaspace: 6594K(6784K)->6594K(6784K) NonClass: 5967K(6080K)->5967K(6080K) Class: 627K(704K)->627K(704K)
[87.927s][info][gc             ] GC(242) Pause Young (Allocation Failure) 690M->14M(2045M) 0.953ms
[87.927s][info][gc,cpu         ] GC(242) User=0.00s Sys=0.00s Real=0.00s
[88.270s][info][gc,start       ] GC(243) Pause Young (Allocation Failure)
[88.271s][info][gc,heap        ] GC(243) PSYoungGen: 694930K(695808K)->2130K(695808K) Eden: 692736K(692736K)->0K(692736K) From: 2194K(3072K)->2130K(3072K)
[88.271s][info][gc,heap        ] GC(243) ParOldGen: 12533K(1398272K)->12533K(1398272K)
[88.271s][info][gc,metaspace   ] GC(243) Metaspace: 6594K(6784K)->6594K(6784K) NonClass: 5967K(6080K)->5967K(6080K) Class: 627K(704K)->627K(704K)
[88.271s][info][gc             ] GC(243) Pause Young (Allocation Failure) 690M->14M(2045M) 0.858ms
[88.271s][info][gc,cpu         ] GC(243) User=0.00s Sys=0.00s Real=0.00s
[88.562s][info][gc,start       ] GC(244) Pause Young (Allocation Failure)
[88.563s][info][gc,heap        ] GC(244) PSYoungGen: 694866K(695808K)->2258K(695808K) Eden: 692736K(692736K)->0K(692736K) From: 2130K(3072K)->2258K(3072K)
[88.563s][info][gc,heap        ] GC(244) ParOldGen: 12533K(1398272K)->12533K(1398272K)
[88.563s][info][gc,metaspace   ] GC(244) Metaspace: 6594K(6784K)->6594K(6784K) NonClass: 5967K(6080K)->5967K(6080K) Class: 627K(704K)->627K(704K)
[88.563s][info][gc             ] GC(244) Pause Young (Allocation Failure) 690M->14M(2045M) 0.921ms
[88.563s][info][gc,cpu         ] GC(244) User=0.00s Sys=0.00s Real=0.00s
[88.894s][info][gc,start       ] GC(245) Pause Young (Allocation Failure)
[88.895s][info][gc,heap        ] GC(245) PSYoungGen: 694994K(695808K)->2194K(695808K) Eden: 692736K(692736K)->0K(692736K) From: 2258K(3072K)->2194K(3072K)
[88.895s][info][gc,heap        ] GC(245) ParOldGen: 12533K(1398272K)->12533K(1398272K)
[88.895s][info][gc,metaspace   ] GC(245) Metaspace: 6594K(6784K)->6594K(6784K) NonClass: 5967K(6080K)->5967K(6080K) Class: 627K(704K)->627K(704K)
[88.895s][info][gc             ] GC(245) Pause Young (Allocation Failure) 690M->14M(2045M) 0.916ms
[88.895s][info][gc,cpu         ] GC(245) User=0.00s Sys=0.00s Real=0.00s
[89.241s][info][gc,start       ] GC(246) Pause Young (Allocation Failure)
[89.242s][info][gc,heap        ] GC(246) PSYoungGen: 694930K(695808K)->2130K(695808K) Eden: 692736K(692736K)->0K(692736K) From: 2194K(3072K)->2130K(3072K)
[89.242s][info][gc,heap        ] GC(246) ParOldGen: 12533K(1398272K)->12533K(1398272K)
[89.242s][info][gc,metaspace   ] GC(246) Metaspace: 6594K(6784K)->6594K(6784K) NonClass: 5967K(6080K)->5967K(6080K) Class: 627K(704K)->627K(704K)
[89.242s][info][gc             ] GC(246) Pause Young (Allocation Failure) 690M->14M(2045M) 0.809ms
[89.242s][info][gc,cpu         ] GC(246) User=0.00s Sys=0.02s Real=0.00s
[89.604s][info][gc,start       ] GC(247) Pause Young (Allocation Failure)
[89.605s][info][gc,heap        ] GC(247) PSYoungGen: 694866K(695808K)->2194K(695808K) Eden: 692736K(692736K)->0K(692736K) From: 2130K(3072K)->2194K(3072K)
[89.605s][info][gc,heap        ] GC(247) ParOldGen: 12533K(1398272K)->12533K(1398272K)
[89.605s][info][gc,metaspace   ] GC(247) Metaspace: 6594K(6784K)->6594K(6784K) NonClass: 5967K(6080K)->5967K(6080K) Class: 627K(704K)->627K(704K)
[89.605s][info][gc             ] GC(247) Pause Young (Allocation Failure) 690M->14M(2045M) 0.925ms
[89.605s][info][gc,cpu         ] GC(247) User=0.00s Sys=0.00s Real=0.00s
[90.017s][info][gc,start       ] GC(248) Pause Young (Allocation Failure)
[90.018s][info][gc,heap        ] GC(248) PSYoungGen: 694930K(695808K)->2322K(695808K) Eden: 692736K(692736K)->0K(692736K) From: 2194K(3072K)->2322K(3072K)
[90.018s][info][gc,heap        ] GC(248) ParOldGen: 12533K(1398272K)->12533K(1398272K)
[90.018s][info][gc,metaspace   ] GC(248) Metaspace: 6594K(6784K)->6594K(6784K) NonClass: 5967K(6080K)->5967K(6080K) Class: 627K(704K)->627K(704K)
[90.018s][info][gc             ] GC(248) Pause Young (Allocation Failure) 690M->14M(2045M) 1.028ms
[90.018s][info][gc,cpu         ] GC(248) User=0.00s Sys=0.00s Real=0.00s
[90.381s][info][gc,start       ] GC(249) Pause Young (Allocation Failure)
[90.382s][info][gc,heap        ] GC(249) PSYoungGen: 695058K(695808K)->2176K(695808K) Eden: 692736K(692736K)->0K(692736K) From: 2322K(3072K)->2176K(3072K)
[90.382s][info][gc,heap        ] GC(249) ParOldGen: 12533K(1398272K)->12533K(1398272K)
[90.382s][info][gc,metaspace   ] GC(249) Metaspace: 6594K(6784K)->6594K(6784K) NonClass: 5967K(6080K)->5967K(6080K) Class: 627K(704K)->627K(704K)
[90.382s][info][gc             ] GC(249) Pause Young (Allocation Failure) 691M->14M(2045M) 0.847ms
[90.382s][info][gc,cpu         ] GC(249) User=0.00s Sys=0.00s Real=0.00s
[90.764s][info][gc,start       ] GC(250) Pause Young (Allocation Failure)
[90.765s][info][gc,heap        ] GC(250) PSYoungGen: 694912K(695808K)->2290K(695808K) Eden: 692736K(692736K)->0K(692736K) From: 2176K(3072K)->2290K(3072K)
[90.765s][info][gc,heap        ] GC(250) ParOldGen: 12533K(1398272K)->12533K(1398272K)
[90.765s][info][gc,metaspace   ] GC(250) Metaspace: 6594K(6784K)->6594K(6784K) NonClass: 5967K(6080K)->5967K(6080K) Class: 627K(704K)->627K(704K)
[90.765s][info][gc             ] GC(250) Pause Young (Allocation Failure) 690M->14M(2045M) 0.881ms
[90.765s][info][gc,cpu         ] GC(250) User=0.00s Sys=0.00s Real=0.00s
[91.156s][info][gc,start       ] GC(251) Pause Young (Allocation Failure)
[91.157s][info][gc,heap        ] GC(251) PSYoungGen: 695026K(695808K)->2130K(695808K) Eden: 692736K(692736K)->0K(692736K) From: 2290K(3072K)->2130K(3072K)
[91.157s][info][gc,heap        ] GC(251) ParOldGen: 12533K(1398272K)->12533K(1398272K)
[91.157s][info][gc,metaspace   ] GC(251) Metaspace: 6594K(6784K)->6594K(6784K) NonClass: 5967K(6080K)->5967K(6080K) Class: 627K(704K)->627K(704K)
[91.157s][info][gc             ] GC(251) Pause Young (Allocation Failure) 690M->14M(2045M) 0.843ms
[91.157s][info][gc,cpu         ] GC(251) User=0.00s Sys=0.00s Real=0.00s
[91.523s][info][gc,start       ] GC(252) Pause Young (Allocation Failure)
[91.524s][info][gc,heap        ] GC(252) PSYoungGen: 694866K(695808K)->2130K(696320K) Eden: 692736K(692736K)->0K(693760K) From: 2130K(3072K)->2130K(2560K)
[91.524s][info][gc,heap        ] GC(252) ParOldGen: 12533K(1398272K)->12533K(1398272K)
[91.524s][info][gc,metaspace   ] GC(252) Metaspace: 6594K(6784K)->6594K(6784K) NonClass: 5967K(6080K)->5967K(6080K) Class: 627K(704K)->627K(704K)
[91.524s][info][gc             ] GC(252) Pause Young (Allocation Failure) 690M->14M(2045M) 0.750ms
[91.524s][info][gc,cpu         ] GC(252) User=0.00s Sys=0.00s Real=0.00s
[91.926s][info][gc,start       ] GC(253) Pause Young (Allocation Failure)
[91.926s][info][gc,heap        ] GC(253) PSYoungGen: 695890K(696320K)->2240K(696320K) Eden: 693760K(693760K)->0K(693760K) From: 2130K(2560K)->2240K(2560K)
[91.927s][info][gc,heap        ] GC(253) ParOldGen: 12533K(1398272K)->12533K(1398272K)
[91.927s][info][gc,metaspace   ] GC(253) Metaspace: 6594K(6784K)->6594K(6784K) NonClass: 5967K(6080K)->5967K(6080K) Class: 627K(704K)->627K(704K)
[91.927s][info][gc             ] GC(253) Pause Young (Allocation Failure) 691M->14M(2045M) 0.967ms
[91.927s][info][gc,cpu         ] GC(253) User=0.00s Sys=0.00s Real=0.00s
[92.301s][info][gc,start       ] GC(254) Pause Young (Allocation Failure)
[92.301s][info][gc,heap        ] GC(254) PSYoungGen: 696000K(696320K)->2048K(696320K) Eden: 693760K(693760K)->0K(693760K) From: 2240K(2560K)->2048K(2560K)
[92.302s][info][gc,heap        ] GC(254) ParOldGen: 12533K(1398272K)->12533K(1398272K)
[92.302s][info][gc,metaspace   ] GC(254) Metaspace: 6594K(6784K)->6594K(6784K) NonClass: 5967K(6080K)->5967K(6080K) Class: 627K(704K)->627K(704K)
[92.302s][info][gc             ] GC(254) Pause Young (Allocation Failure) 691M->14M(2045M) 0.724ms
[92.302s][info][gc,cpu         ] GC(254) User=0.00s Sys=0.00s Real=0.00s
[92.601s][info][gc,start       ] GC(255) Pause Young (Allocation Failure)
[92.602s][info][gc,heap        ] GC(255) PSYoungGen: 695808K(696320K)->2053K(696320K) Eden: 693760K(693760K)->0K(693760K) From: 2048K(2560K)->2053K(2560K)
[92.602s][info][gc,heap        ] GC(255) ParOldGen: 12533K(1398272K)->12533K(1398272K)
[92.602s][info][gc,metaspace   ] GC(255) Metaspace: 6594K(6784K)->6594K(6784K) NonClass: 5967K(6080K)->5967K(6080K) Class: 627K(704K)->627K(704K)
[92.602s][info][gc             ] GC(255) Pause Young (Allocation Failure) 691M->14M(2045M) 0.816ms
[92.602s][info][gc,cpu         ] GC(255) User=0.00s Sys=0.00s Real=0.00s
[92.959s][info][gc,start       ] GC(256) Pause Young (Allocation Failure)
[92.960s][info][gc,heap        ] GC(256) PSYoungGen: 695813K(696320K)->2130K(696320K) Eden: 693760K(693760K)->0K(693760K) From: 2053K(2560K)->2130K(2560K)
[92.961s][info][gc,heap        ] GC(256) ParOldGen: 12533K(1398272K)->12533K(1398272K)
[92.961s][info][gc,metaspace   ] GC(256) Metaspace: 6594K(6784K)->6594K(6784K) NonClass: 5967K(6080K)->5967K(6080K) Class: 627K(704K)->627K(704K)
[92.961s][info][gc             ] GC(256) Pause Young (Allocation Failure) 691M->14M(2045M) 1.096ms
[92.961s][info][gc,cpu         ] GC(256) User=0.09s Sys=0.00s Real=0.00s
[93.343s][info][gc,start       ] GC(257) Pause Young (Allocation Failure)
[93.343s][info][gc,heap        ] GC(257) PSYoungGen: 695890K(696320K)->1925K(696320K) Eden: 693760K(693760K)->0K(693760K) From: 2130K(2560K)->1925K(2560K)
[93.343s][info][gc,heap        ] GC(257) ParOldGen: 12533K(1398272K)->12533K(1398272K)
[93.343s][info][gc,metaspace   ] GC(257) Metaspace: 6594K(6784K)->6594K(6784K) NonClass: 5967K(6080K)->5967K(6080K) Class: 627K(704K)->627K(704K)
[93.343s][info][gc             ] GC(257) Pause Young (Allocation Failure) 691M->14M(2045M) 0.757ms
[93.343s][info][gc,cpu         ] GC(257) User=0.00s Sys=0.00s Real=0.00s
[93.696s][info][gc,start       ] GC(258) Pause Young (Allocation Failure)
[93.696s][info][gc,heap        ] GC(258) PSYoungGen: 695685K(696320K)->2290K(696320K) Eden: 693760K(693760K)->0K(693760K) From: 1925K(2560K)->2290K(2560K)
[93.697s][info][gc,heap        ] GC(258) ParOldGen: 12533K(1398272K)->12533K(1398272K)
[93.697s][info][gc,metaspace   ] GC(258) Metaspace: 6594K(6784K)->6594K(6784K) NonClass: 5967K(6080K)->5967K(6080K) Class: 627K(704K)->627K(704K)
[93.697s][info][gc             ] GC(258) Pause Young (Allocation Failure) 691M->14M(2045M) 0.796ms
[93.697s][info][gc,cpu         ] GC(258) User=0.00s Sys=0.00s Real=0.00s
[94.090s][info][gc,start       ] GC(259) Pause Young (Allocation Failure)
[94.091s][info][gc,heap        ] GC(259) PSYoungGen: 696050K(696320K)->2226K(696320K) Eden: 693760K(693760K)->0K(693760K) From: 2290K(2560K)->2226K(2560K)
[94.091s][info][gc,heap        ] GC(259) ParOldGen: 12533K(1398272K)->12533K(1398272K)
[94.091s][info][gc,metaspace   ] GC(259) Metaspace: 6594K(6784K)->6594K(6784K) NonClass: 5967K(6080K)->5967K(6080K) Class: 627K(704K)->627K(704K)
[94.091s][info][gc             ] GC(259) Pause Young (Allocation Failure) 691M->14M(2045M) 1.006ms
[94.091s][info][gc,cpu         ] GC(259) User=0.00s Sys=0.00s Real=0.00s
[94.468s][info][gc,start       ] GC(260) Pause Young (Allocation Failure)
[94.469s][info][gc,heap        ] GC(260) PSYoungGen: 695986K(696320K)->2066K(696320K) Eden: 693760K(693760K)->0K(693760K) From: 2226K(2560K)->2066K(2560K)
[94.469s][info][gc,heap        ] GC(260) ParOldGen: 12533K(1398272K)->12533K(1398272K)
[94.469s][info][gc,metaspace   ] GC(260) Metaspace: 6594K(6784K)->6594K(6784K) NonClass: 5967K(6080K)->5967K(6080K) Class: 627K(704K)->627K(704K)
[94.469s][info][gc             ] GC(260) Pause Young (Allocation Failure) 691M->14M(2045M) 0.710ms
[94.469s][info][gc,cpu         ] GC(260) User=0.00s Sys=0.00s Real=0.00s
[94.829s][info][gc,start       ] GC(261) Pause Young (Allocation Failure)
[94.829s][info][gc,heap        ] GC(261) PSYoungGen: 695826K(696320K)->448K(694272K) Eden: 693760K(693760K)->0K(693760K) From: 2066K(2560K)->448K(512K)
[94.829s][info][gc,heap        ] GC(261) ParOldGen: 12533K(1398272K)->12533K(1398272K)
[94.829s][info][gc,metaspace   ] GC(261) Metaspace: 6594K(6784K)->6594K(6784K) NonClass: 5967K(6080K)->5967K(6080K) Class: 627K(704K)->627K(704K)
[94.829s][info][gc             ] GC(261) Pause Young (Allocation Failure) 691M->12M(2043M) 0.483ms
[94.829s][info][gc,cpu         ] GC(261) User=0.00s Sys=0.00s Real=0.00s
[94.888s][info][gc,start       ] GC(262) Pause Young (System.gc())
[94.890s][info][gc,heap        ] GC(262) PSYoungGen: 44117K(694272K)->128K(695808K) Eden: 43669K(693760K)->0K(692736K) From: 448K(512K)->128K(3072K)
[94.890s][info][gc,heap        ] GC(262) ParOldGen: 12533K(1398272K)->20725K(1398272K)
[94.890s][info][gc,metaspace   ] GC(262) Metaspace: 6595K(6784K)->6595K(6784K) NonClass: 5967K(6080K)->5967K(6080K) Class: 627K(704K)->627K(704K)
[94.890s][info][gc             ] GC(262) Pause Young (System.gc()) 55M->20M(2045M) 1.388ms
[94.890s][info][gc,cpu         ] GC(262) User=0.00s Sys=0.00s Real=0.00s
[94.890s][info][gc,start       ] GC(263) Pause Full (System.gc())
[94.890s][info][gc,phases,start] GC(263) Marking Phase
[94.893s][info][gc,phases      ] GC(263) Marking Phase 3.429ms
[94.893s][info][gc,phases,start] GC(263) Summary Phase
[94.893s][info][gc,phases      ] GC(263) Summary Phase 0.010ms
[94.893s][info][gc,phases,start] GC(263) Adjust Roots
[94.894s][info][gc,phases      ] GC(263) Adjust Roots 1.051ms
[94.894s][info][gc,phases,start] GC(263) Compaction Phase
[94.896s][info][gc,phases      ] GC(263) Compaction Phase 1.840ms
[94.896s][info][gc,phases,start] GC(263) Post Compact
[94.897s][info][gc,phases      ] GC(263) Post Compact 0.423ms
[94.897s][info][gc,heap        ] GC(263) PSYoungGen: 128K(695808K)->0K(695808K) Eden: 0K(692736K)->0K(692736K) From: 128K(3072K)->0K(3072K)
[94.897s][info][gc,heap        ] GC(263) ParOldGen: 20725K(1398272K)->11668K(1398272K)
[94.897s][info][gc,metaspace   ] GC(263) Metaspace: 6595K(6784K)->6595K(6784K) NonClass: 5967K(6080K)->5967K(6080K) Class: 627K(704K)->627K(704K)
[94.897s][info][gc             ] GC(263) Pause Full (System.gc()) 20M->11M(2045M) 7.049ms
[94.897s][info][gc,cpu         ] GC(263) User=0.00s Sys=0.00s Real=0.01s
[95.114s][info][gc,start       ] GC(264) Pause Young (Allocation Failure)
[95.115s][info][gc,heap        ] GC(264) PSYoungGen: 692736K(695808K)->3012K(695808K) Eden: 692736K(692736K)->0K(692736K) From: 0K(3072K)->3012K(3072K)
[95.115s][info][gc,heap        ] GC(264) ParOldGen: 11668K(1398272K)->11668K(1398272K)
[95.116s][info][gc,metaspace   ] GC(264) Metaspace: 6598K(6784K)->6598K(6784K) NonClass: 5971K(6080K)->5971K(6080K) Class: 627K(704K)->627K(704K)
[95.116s][info][gc             ] GC(264) Pause Young (Allocation Failure) 687M->14M(2045M) 1.037ms
[95.116s][info][gc,cpu         ] GC(264) User=0.00s Sys=0.00s Real=0.00s
[95.426s][info][gc,start       ] GC(265) Pause Young (Allocation Failure)
[95.426s][info][gc,heap        ] GC(265) PSYoungGen: 695748K(695808K)->2048K(694784K) Eden: 692736K(692736K)->0K(691712K) From: 3012K(3072K)->2048K(3072K)
[95.426s][info][gc,heap        ] GC(265) ParOldGen: 11668K(1398272K)->12533K(1398272K)
[95.426s][info][gc,metaspace   ] GC(265) Metaspace: 6598K(6784K)->6598K(6784K) NonClass: 5971K(6080K)->5971K(6080K) Class: 627K(704K)->627K(704K)
[95.427s][info][gc             ] GC(265) Pause Young (Allocation Failure) 690M->14M(2044M) 0.850ms
[95.427s][info][gc,cpu         ] GC(265) User=0.00s Sys=0.00s Real=0.00s
[95.941s][info][gc,start       ] GC(266) Pause Young (Allocation Failure)
[95.942s][info][gc,heap        ] GC(266) PSYoungGen: 693760K(694784K)->2130K(695296K) Eden: 691712K(691712K)->0K(691712K) From: 2048K(3072K)->2130K(3584K)
[95.942s][info][gc,heap        ] GC(266) ParOldGen: 12533K(1398272K)->12533K(1398272K)
[95.942s][info][gc,metaspace   ] GC(266) Metaspace: 6598K(6784K)->6598K(6784K) NonClass: 5971K(6080K)->5971K(6080K) Class: 627K(704K)->627K(704K)
[95.942s][info][gc             ] GC(266) Pause Young (Allocation Failure) 689M->14M(2044M) 0.828ms
[95.942s][info][gc,cpu         ] GC(266) User=0.00s Sys=0.00s Real=0.00s
[96.482s][info][gc,start       ] GC(267) Pause Young (Allocation Failure)
[96.482s][info][gc,heap        ] GC(267) PSYoungGen: 693842K(695296K)->2130K(695296K) Eden: 691712K(691712K)->0K(691712K) From: 2130K(3584K)->2130K(3584K)
[96.483s][info][gc,heap        ] GC(267) ParOldGen: 12533K(1398272K)->12533K(1398272K)
[96.483s][info][gc,metaspace   ] GC(267) Metaspace: 6598K(6784K)->6598K(6784K) NonClass: 5971K(6080K)->5971K(6080K) Class: 627K(704K)->627K(704K)
[96.483s][info][gc             ] GC(267) Pause Young (Allocation Failure) 689M->14M(2044M) 0.784ms
[96.483s][info][gc,cpu         ] GC(267) User=0.00s Sys=0.00s Real=0.00s
[96.951s][info][gc,start       ] GC(268) Pause Young (Allocation Failure)
[96.952s][info][gc,heap        ] GC(268) PSYoungGen: 693842K(695296K)->2130K(695296K) Eden: 691712K(691712K)->0K(691712K) From: 2130K(3584K)->2130K(3584K)
[96.952s][info][gc,heap        ] GC(268) ParOldGen: 12533K(1398272K)->12533K(1398272K)
[96.952s][info][gc,metaspace   ] GC(268) Metaspace: 6598K(6784K)->6598K(6784K) NonClass: 5971K(6080K)->5971K(6080K) Class: 627K(704K)->627K(704K)
[96.952s][info][gc             ] GC(268) Pause Young (Allocation Failure) 689M->14M(2044M) 0.914ms
[96.952s][info][gc,cpu         ] GC(268) User=0.00s Sys=0.00s Real=0.00s
[97.517s][info][gc,start       ] GC(269) Pause Young (Allocation Failure)
[97.518s][info][gc,heap        ] GC(269) PSYoungGen: 693842K(695296K)->2194K(695808K) Eden: 691712K(691712K)->0K(692736K) From: 2130K(3584K)->2194K(3072K)
[97.518s][info][gc,heap        ] GC(269) ParOldGen: 12533K(1398272K)->12533K(1398272K)
[97.518s][info][gc,metaspace   ] GC(269) Metaspace: 6598K(6784K)->6598K(6784K) NonClass: 5971K(6080K)->5971K(6080K) Class: 627K(704K)->627K(704K)
[97.518s][info][gc             ] GC(269) Pause Young (Allocation Failure) 689M->14M(2045M) 0.902ms
[97.518s][info][gc,cpu         ] GC(269) User=0.00s Sys=0.00s Real=0.00s
[98.051s][info][gc,start       ] GC(270) Pause Young (Allocation Failure)
[98.051s][info][gc,heap        ] GC(270) PSYoungGen: 694930K(695808K)->2034K(695808K) Eden: 692736K(692736K)->0K(692736K) From: 2194K(3072K)->2034K(3072K)
[98.051s][info][gc,heap        ] GC(270) ParOldGen: 12533K(1398272K)->12533K(1398272K)
[98.051s][info][gc,metaspace   ] GC(270) Metaspace: 6598K(6784K)->6598K(6784K) NonClass: 5971K(6080K)->5971K(6080K) Class: 627K(704K)->627K(704K)
[98.051s][info][gc             ] GC(270) Pause Young (Allocation Failure) 690M->14M(2045M) 0.728ms
[98.051s][info][gc,cpu         ] GC(270) User=0.00s Sys=0.00s Real=0.00s
[98.572s][info][gc,start       ] GC(271) Pause Young (Allocation Failure)
[98.573s][info][gc,heap        ] GC(271) PSYoungGen: 694770K(695808K)->2112K(695808K) Eden: 692736K(692736K)->0K(692736K) From: 2034K(3072K)->2112K(3072K)
[98.573s][info][gc,heap        ] GC(271) ParOldGen: 12533K(1398272K)->12533K(1398272K)
[98.573s][info][gc,metaspace   ] GC(271) Metaspace: 6598K(6784K)->6598K(6784K) NonClass: 5971K(6080K)->5971K(6080K) Class: 627K(704K)->627K(704K)
[98.573s][info][gc             ] GC(271) Pause Young (Allocation Failure) 690M->14M(2045M) 0.979ms
[98.573s][info][gc,cpu         ] GC(271) User=0.00s Sys=0.00s Real=0.00s
[99.044s][info][gc,start       ] GC(272) Pause Young (Allocation Failure)
[99.045s][info][gc,heap        ] GC(272) PSYoungGen: 694848K(695808K)->2386K(695808K) Eden: 692736K(692736K)->0K(692736K) From: 2112K(3072K)->2386K(3072K)
[99.045s][info][gc,heap        ] GC(272) ParOldGen: 12533K(1398272K)->12533K(1398272K)
[99.045s][info][gc,metaspace   ] GC(272) Metaspace: 6598K(6784K)->6598K(6784K) NonClass: 5971K(6080K)->5971K(6080K) Class: 627K(704K)->627K(704K)
[99.045s][info][gc             ] GC(272) Pause Young (Allocation Failure) 690M->14M(2045M) 1.059ms
[99.045s][info][gc,cpu         ] GC(272) User=0.00s Sys=0.00s Real=0.00s
[99.402s][info][gc,start       ] GC(273) Pause Young (Allocation Failure)
[99.403s][info][gc,heap        ] GC(273) PSYoungGen: 695122K(695808K)->2290K(695808K) Eden: 692736K(692736K)->0K(692736K) From: 2386K(3072K)->2290K(3072K)
[99.403s][info][gc,heap        ] GC(273) ParOldGen: 12533K(1398272K)->12533K(1398272K)
[99.403s][info][gc,metaspace   ] GC(273) Metaspace: 6598K(6784K)->6598K(6784K) NonClass: 5971K(6080K)->5971K(6080K) Class: 627K(704K)->627K(704K)
[99.403s][info][gc             ] GC(273) Pause Young (Allocation Failure) 691M->14M(2045M) 1.033ms
[99.403s][info][gc,cpu         ] GC(273) User=0.00s Sys=0.00s Real=0.00s
[99.839s][info][gc,start       ] GC(274) Pause Young (Allocation Failure)
[99.840s][info][gc,heap        ] GC(274) PSYoungGen: 695026K(695808K)->2048K(695808K) Eden: 692736K(692736K)->0K(692736K) From: 2290K(3072K)->2048K(3072K)
[99.840s][info][gc,heap        ] GC(274) ParOldGen: 12533K(1398272K)->12533K(1398272K)
[99.840s][info][gc,metaspace   ] GC(274) Metaspace: 6598K(6784K)->6598K(6784K) NonClass: 5971K(6080K)->5971K(6080K) Class: 627K(704K)->627K(704K)
[99.840s][info][gc             ] GC(274) Pause Young (Allocation Failure) 690M->14M(2045M) 0.780ms
[99.840s][info][gc,cpu         ] GC(274) User=0.00s Sys=0.00s Real=0.00s
[100.341s][info][gc,start       ] GC(275) Pause Young (Allocation Failure)
[100.342s][info][gc,heap        ] GC(275) PSYoungGen: 694784K(695808K)->2258K(695808K) Eden: 692736K(692736K)->0K(692736K) From: 2048K(3072K)->2258K(3072K)
[100.342s][info][gc,heap        ] GC(275) ParOldGen: 12533K(1398272K)->12533K(1398272K)
[100.342s][info][gc,metaspace   ] GC(275) Metaspace: 6598K(6784K)->6598K(6784K) NonClass: 5971K(6080K)->5971K(6080K) Class: 627K(704K)->627K(704K)
[100.342s][info][gc             ] GC(275) Pause Young (Allocation Failure) 690M->14M(2045M) 1.000ms
[100.342s][info][gc,cpu         ] GC(275) User=0.00s Sys=0.00s Real=0.00s
[100.855s][info][gc,start       ] GC(276) Pause Young (Allocation Failure)
[100.856s][info][gc,heap        ] GC(276) PSYoungGen: 694994K(695808K)->2130K(695808K) Eden: 692736K(692736K)->0K(692736K) From: 2258K(3072K)->2130K(3072K)
[100.856s][info][gc,heap        ] GC(276) ParOldGen: 12533K(1398272K)->12533K(1398272K)
[100.856s][info][gc,metaspace   ] GC(276) Metaspace: 6598K(6784K)->6598K(6784K) NonClass: 5971K(6080K)->5971K(6080K) Class: 627K(704K)->627K(704K)
[100.856s][info][gc             ] GC(276) Pause Young (Allocation Failure) 690M->14M(2045M) 0.895ms
[100.856s][info][gc,cpu         ] GC(276) User=0.00s Sys=0.00s Real=0.00s
[101.499s][info][gc,start       ] GC(277) Pause Young (Allocation Failure)
[101.500s][info][gc,heap        ] GC(277) PSYoungGen: 694866K(695808K)->2130K(695808K) Eden: 692736K(692736K)->0K(692736K) From: 2130K(3072K)->2130K(3072K)
[101.500s][info][gc,heap        ] GC(277) ParOldGen: 12533K(1398272K)->12533K(1398272K)
[101.500s][info][gc,metaspace   ] GC(277) Metaspace: 6598K(6784K)->6598K(6784K) NonClass: 5971K(6080K)->5971K(6080K) Class: 627K(704K)->627K(704K)
[101.500s][info][gc             ] GC(277) Pause Young (Allocation Failure) 690M->14M(2045M) 0.860ms
[101.500s][info][gc,cpu         ] GC(277) User=0.00s Sys=0.00s Real=0.00s
[102.033s][info][gc,start       ] GC(278) Pause Young (Allocation Failure)
[102.033s][info][gc,heap        ] GC(278) PSYoungGen: 694866K(695808K)->2240K(695808K) Eden: 692736K(692736K)->0K(692736K) From: 2130K(3072K)->2240K(3072K)
[102.033s][info][gc,heap        ] GC(278) ParOldGen: 12533K(1398272K)->12533K(1398272K)
[102.033s][info][gc,metaspace   ] GC(278) Metaspace: 6598K(6784K)->6598K(6784K) NonClass: 5971K(6080K)->5971K(6080K) Class: 627K(704K)->627K(704K)
[102.033s][info][gc             ] GC(278) Pause Young (Allocation Failure) 690M->14M(2045M) 0.986ms
[102.034s][info][gc,cpu         ] GC(278) User=0.00s Sys=0.00s Real=0.00s
[102.611s][info][gc,start       ] GC(279) Pause Young (Allocation Failure)
[102.612s][info][gc,heap        ] GC(279) PSYoungGen: 694976K(695808K)->2162K(695808K) Eden: 692736K(692736K)->0K(692736K) From: 2240K(3072K)->2162K(3072K)
[102.612s][info][gc,heap        ] GC(279) ParOldGen: 12533K(1398272K)->12533K(1398272K)
[102.612s][info][gc,metaspace   ] GC(279) Metaspace: 6598K(6784K)->6598K(6784K) NonClass: 5971K(6080K)->5971K(6080K) Class: 627K(704K)->627K(704K)
[102.612s][info][gc             ] GC(279) Pause Young (Allocation Failure) 690M->14M(2045M) 0.847ms
[102.612s][info][gc,cpu         ] GC(279) User=0.00s Sys=0.00s Real=0.00s
[103.202s][info][gc,start       ] GC(280) Pause Young (Allocation Failure)
[103.203s][info][gc,heap        ] GC(280) PSYoungGen: 694898K(695808K)->2058K(695808K) Eden: 692736K(692736K)->0K(692736K) From: 2162K(3072K)->2058K(3072K)
[103.203s][info][gc,heap        ] GC(280) ParOldGen: 12533K(1398272K)->12533K(1398272K)
[103.203s][info][gc,metaspace   ] GC(280) Metaspace: 6598K(6784K)->6598K(6784K) NonClass: 5971K(6080K)->5971K(6080K) Class: 627K(704K)->627K(704K)
[103.203s][info][gc             ] GC(280) Pause Young (Allocation Failure) 690M->14M(2045M) 1.294ms
[103.203s][info][gc,cpu         ] GC(280) User=0.00s Sys=0.00s Real=0.00s
[103.763s][info][gc,start       ] GC(281) Pause Young (Allocation Failure)
[103.764s][info][gc,heap        ] GC(281) PSYoungGen: 694794K(695808K)->2034K(695808K) Eden: 692736K(692736K)->0K(692736K) From: 2058K(3072K)->2034K(3072K)
[103.764s][info][gc,heap        ] GC(281) ParOldGen: 12533K(1398272K)->12533K(1398272K)
[103.764s][info][gc,metaspace   ] GC(281) Metaspace: 6598K(6784K)->6598K(6784K) NonClass: 5971K(6080K)->5971K(6080K) Class: 627K(704K)->627K(704K)
[103.764s][info][gc             ] GC(281) Pause Young (Allocation Failure) 690M->14M(2045M) 0.689ms
[103.764s][info][gc,cpu         ] GC(281) User=0.00s Sys=0.00s Real=0.00s
[104.277s][info][gc,start       ] GC(282) Pause Young (Allocation Failure)
[104.278s][info][gc,heap        ] GC(282) PSYoungGen: 694770K(695808K)->2194K(695808K) Eden: 692736K(692736K)->0K(692736K) From: 2034K(3072K)->2194K(3072K)
[104.278s][info][gc,heap        ] GC(282) ParOldGen: 12533K(1398272K)->12533K(1398272K)
[104.278s][info][gc,metaspace   ] GC(282) Metaspace: 6598K(6784K)->6598K(6784K) NonClass: 5971K(6080K)->5971K(6080K) Class: 627K(704K)->627K(704K)
[104.278s][info][gc             ] GC(282) Pause Young (Allocation Failure) 690M->14M(2045M) 0.953ms
[104.278s][info][gc,cpu         ] GC(282) User=0.00s Sys=0.00s Real=0.00s
[104.678s][info][gc,start       ] GC(283) Pause Young (Allocation Failure)
[104.679s][info][gc,heap        ] GC(283) PSYoungGen: 694930K(695808K)->1874K(695808K) Eden: 692736K(692736K)->0K(692736K) From: 2194K(3072K)->1874K(3072K)
[104.679s][info][gc,heap        ] GC(283) ParOldGen: 12533K(1398272K)->12533K(1398272K)
[104.679s][info][gc,metaspace   ] GC(283) Metaspace: 6598K(6784K)->6598K(6784K) NonClass: 5971K(6080K)->5971K(6080K) Class: 627K(704K)->627K(704K)
[104.679s][info][gc             ] GC(283) Pause Young (Allocation Failure) 690M->14M(2045M) 0.650ms
[104.679s][info][gc,cpu         ] GC(283) User=0.00s Sys=0.00s Real=0.00s
[105.067s][info][gc,start       ] GC(284) Pause Young (Allocation Failure)
[105.068s][info][gc,heap        ] GC(284) PSYoungGen: 694610K(695808K)->2135K(695808K) Eden: 692736K(692736K)->0K(692736K) From: 1874K(3072K)->2135K(3072K)
[105.068s][info][gc,heap        ] GC(284) ParOldGen: 12533K(1398272K)->12533K(1398272K)
[105.068s][info][gc,metaspace   ] GC(284) Metaspace: 6598K(6784K)->6598K(6784K) NonClass: 5971K(6080K)->5971K(6080K) Class: 627K(704K)->627K(704K)
[105.068s][info][gc             ] GC(284) Pause Young (Allocation Failure) 690M->14M(2045M) 1.223ms
[105.068s][info][gc,cpu         ] GC(284) User=0.00s Sys=0.00s Real=0.00s
[105.561s][info][gc,start       ] GC(285) Pause Young (Allocation Failure)
[105.562s][info][gc,heap        ] GC(285) PSYoungGen: 694871K(695808K)->2098K(696320K) Eden: 692736K(692736K)->0K(693760K) From: 2135K(3072K)->2098K(2560K)
[105.562s][info][gc,heap        ] GC(285) ParOldGen: 12533K(1398272K)->12533K(1398272K)
[105.562s][info][gc,metaspace   ] GC(285) Metaspace: 6598K(6784K)->6598K(6784K) NonClass: 5971K(6080K)->5971K(6080K) Class: 627K(704K)->627K(704K)
[105.562s][info][gc             ] GC(285) Pause Young (Allocation Failure) 690M->14M(2045M) 0.933ms
[105.562s][info][gc,cpu         ] GC(285) User=0.00s Sys=0.00s Real=0.00s
[106.108s][info][gc,start       ] GC(286) Pause Young (Allocation Failure)
[106.109s][info][gc,heap        ] GC(286) PSYoungGen: 695858K(696320K)->2226K(696320K) Eden: 693760K(693760K)->0K(693760K) From: 2098K(2560K)->2226K(2560K)
[106.109s][info][gc,heap        ] GC(286) ParOldGen: 12533K(1398272K)->12533K(1398272K)
[106.109s][info][gc,metaspace   ] GC(286) Metaspace: 6598K(6784K)->6598K(6784K) NonClass: 5971K(6080K)->5971K(6080K) Class: 627K(704K)->627K(704K)
[106.109s][info][gc             ] GC(286) Pause Young (Allocation Failure) 691M->14M(2045M) 1.196ms
[106.109s][info][gc,cpu         ] GC(286) User=0.00s Sys=0.00s Real=0.00s
[106.615s][info][gc,start       ] GC(287) Pause Young (Allocation Failure)
[106.615s][info][gc,heap        ] GC(287) PSYoungGen: 695986K(696320K)->2226K(696320K) Eden: 693760K(693760K)->0K(693760K) From: 2226K(2560K)->2226K(2560K)
[106.616s][info][gc,heap        ] GC(287) ParOldGen: 12533K(1398272K)->12533K(1398272K)
[106.616s][info][gc,metaspace   ] GC(287) Metaspace: 6598K(6784K)->6598K(6784K) NonClass: 5971K(6080K)->5971K(6080K) Class: 627K(704K)->627K(704K)
[106.616s][info][gc             ] GC(287) Pause Young (Allocation Failure) 691M->14M(2045M) 0.860ms
[106.616s][info][gc,cpu         ] GC(287) User=0.00s Sys=0.00s Real=0.00s
[107.211s][info][gc,start       ] GC(288) Pause Young (Allocation Failure)
[107.212s][info][gc,heap        ] GC(288) PSYoungGen: 695986K(696320K)->2290K(696320K) Eden: 693760K(693760K)->0K(693760K) From: 2226K(2560K)->2290K(2560K)
[107.212s][info][gc,heap        ] GC(288) ParOldGen: 12533K(1398272K)->12533K(1398272K)
[107.212s][info][gc,metaspace   ] GC(288) Metaspace: 6598K(6784K)->6598K(6784K) NonClass: 5971K(6080K)->5971K(6080K) Class: 627K(704K)->627K(704K)
[107.212s][info][gc             ] GC(288) Pause Young (Allocation Failure) 691M->14M(2045M) 1.123ms
[107.212s][info][gc,cpu         ] GC(288) User=0.00s Sys=0.00s Real=0.00s
[107.718s][info][gc,start       ] GC(289) Pause Young (Allocation Failure)
[107.718s][info][gc,heap        ] GC(289) PSYoungGen: 696050K(696320K)->1874K(696320K) Eden: 693760K(693760K)->0K(693760K) From: 2290K(2560K)->1874K(2560K)
[107.718s][info][gc,heap        ] GC(289) ParOldGen: 12533K(1398272K)->12533K(1398272K)
[107.718s][info][gc,metaspace   ] GC(289) Metaspace: 6598K(6784K)->6598K(6784K) NonClass: 5971K(6080K)->5971K(6080K) Class: 627K(704K)->627K(704K)
[107.719s][info][gc             ] GC(289) Pause Young (Allocation Failure) 691M->14M(2045M) 0.799ms
[107.719s][info][gc,cpu         ] GC(289) User=0.00s Sys=0.00s Real=0.00s
[108.216s][info][gc,start       ] GC(290) Pause Young (Allocation Failure)
[108.217s][info][gc,heap        ] GC(290) PSYoungGen: 695634K(696320K)->2194K(696320K) Eden: 693760K(693760K)->0K(693760K) From: 1874K(2560K)->2194K(2560K)
[108.217s][info][gc,heap        ] GC(290) ParOldGen: 12533K(1398272K)->12533K(1398272K)
[108.217s][info][gc,metaspace   ] GC(290) Metaspace: 6598K(6784K)->6598K(6784K) NonClass: 5971K(6080K)->5971K(6080K) Class: 627K(704K)->627K(704K)
[108.217s][info][gc             ] GC(290) Pause Young (Allocation Failure) 691M->14M(2045M) 0.886ms
[108.217s][info][gc,cpu         ] GC(290) User=0.00s Sys=0.00s Real=0.00s
[108.250s][info][gc,heap,exit   ] Heap
[108.250s][info][gc,heap,exit   ]  PSYoungGen      total 696320K, used 50037K [0x00000000d5580000, 0x0000000100000000, 0x0000000100000000)
[108.250s][info][gc,heap,exit   ]   eden space 693760K, 6% used [0x00000000d5580000,0x00000000d8438c70,0x00000000ffb00000)
[108.250s][info][gc,heap,exit   ]   from space 2560K, 85% used [0x00000000ffb00000,0x00000000ffd24a78,0x00000000ffd80000)
[108.250s][info][gc,heap,exit   ]   to   space 2560K, 0% used [0x00000000ffd80000,0x00000000ffd80000,0x0000000100000000)
[108.250s][info][gc,heap,exit   ]  ParOldGen       total 1398272K, used 12533K [0x0000000080000000, 0x00000000d5580000, 0x00000000d5580000)
[108.250s][info][gc,heap,exit   ]   object space 1398272K, 0% used [0x0000000080000000,0x0000000080c3d4c8,0x00000000d5580000)
[108.250s][info][gc,heap,exit   ]  Metaspace       used 6608K, committed 6784K, reserved 1114112K
[108.250s][info][gc,heap,exit   ]   class space    used 628K, committed 704K, reserved 1048576K
