[0.013s][info][gc] Using Parallel
[0.013s][info][gc,heap,coops] Heap address: 0x0000000080000000, size: 2048 MB, Compressed Oops mode: 32-bit
[1.137s][info][gc,start     ] GC(0) Pause Young (System.gc())
[1.141s][info][gc,heap      ] GC(0) PSYoungGen: 52523K->3721K(611840K)
[1.141s][info][gc,heap      ] GC(0) ParOldGen: 0K->16K(1398272K)
[1.141s][info][gc,metaspace ] GC(0) Metaspace: 17113K(17536K)->17113K(17536K) NonClass: 15149K(15360K)->15149K(15360K) Class: 1964K(2176K)->1964K(2176K)
[1.141s][info][gc           ] GC(0) Pause Young (System.gc()) 51M->3M(1963M) 3.877ms
[1.141s][info][gc,cpu       ] GC(0) User=0.00s Sys=0.00s Real=0.00s
[1.142s][info][gc,start     ] GC(1) Pause Full (System.gc())
[1.142s][info][gc,phases,start] GC(1) Marking Phase
[1.146s][info][gc,phases      ] GC(1) Marking Phase 3.668ms
[1.146s][info][gc,phases,start] GC(1) Summary Phase
[1.146s][info][gc,phases      ] GC(1) Summary Phase 0.009ms
[1.146s][info][gc,phases,start] GC(1) Adjust Roots
[1.148s][info][gc,phases      ] GC(1) Adjust Roots 2.368ms
[1.148s][info][gc,phases,start] GC(1) Compaction Phase
[1.152s][info][gc,phases      ] GC(1) Compaction Phase 4.120ms
[1.152s][info][gc,phases,start] GC(1) Post Compact
[1.153s][info][gc,phases      ] GC(1) Post Compact 0.358ms
[1.153s][info][gc,heap        ] GC(1) PSYoungGen: 3721K->0K(611840K)
[1.153s][info][gc,heap        ] GC(1) ParOldGen: 16K->3610K(1398272K)
[1.153s][info][gc,metaspace   ] GC(1) Metaspace: 17113K(17536K)->17113K(17536K) NonClass: 15149K(15360K)->15149K(15360K) Class: 1964K(2176K)->1964K(2176K)
[1.153s][info][gc             ] GC(1) Pause Full (System.gc()) 3M->3M(1963M) 10.759ms
[1.153s][info][gc,cpu         ] GC(1) User=0.00s Sys=0.00s Real=0.00s
[2.639s][info][gc,start       ] GC(2) Pause Young (Allocation Failure)
[2.762s][info][gc,heap        ] GC(2) PSYoungGen: 523863K->87036K(611840K)
[2.762s][info][gc,heap        ] GC(2) ParOldGen: 3610K->94506K(1398272K)
[2.762s][info][gc,metaspace   ] GC(2) Metaspace: 23636K(24192K)->23636K(24192K) NonClass: 20684K(20992K)->20684K(20992K) Class: 2952K(3200K)->2952K(3200K)
[2.762s][info][gc             ] GC(2) Pause Young (Allocation Failure) 515M->177M(1963M) 123.087ms
[2.762s][info][gc,cpu         ] GC(2) User=0.42s Sys=0.14s Real=0.12s
[3.328s][info][gc,start       ] GC(3) Pause Young (System.gc())
[3.368s][info][gc,heap        ] GC(3) PSYoungGen: 595460K->72404K(611840K)
[3.368s][info][gc,heap        ] GC(3) ParOldGen: 94506K->94514K(1398272K)
[3.368s][info][gc,metaspace   ] GC(3) Metaspace: 24544K(25344K)->24544K(25344K) NonClass: 21488K(22016K)->21488K(22016K) Class: 3056K(3328K)->3056K(3328K)
[3.368s][info][gc             ] GC(3) Pause Young (System.gc()) 673M->163M(1963M) 39.773ms
[3.368s][info][gc,cpu         ] GC(3) User=0.03s Sys=0.00s Real=0.03s
[3.368s][info][gc,start       ] GC(4) Pause Full (System.gc())
[3.368s][info][gc,phases,start] GC(4) Marking Phase
[3.376s][info][gc,phases      ] GC(4) Marking Phase 8.089ms
[3.376s][info][gc,phases,start] GC(4) Summary Phase
[3.376s][info][gc,phases      ] GC(4) Summary Phase 0.010ms
[3.376s][info][gc,phases,start] GC(4) Adjust Roots
[3.379s][info][gc,phases      ] GC(4) Adjust Roots 3.451ms
[3.379s][info][gc,phases,start] GC(4) Compaction Phase
[3.400s][info][gc,phases      ] GC(4) Compaction Phase 20.272ms
[3.400s][info][gc,phases,start] GC(4) Post Compact
[3.403s][info][gc,phases      ] GC(4) Post Compact 3.050ms
[3.403s][info][gc,heap        ] GC(4) PSYoungGen: 72404K->0K(611840K)
[3.403s][info][gc,heap        ] GC(4) ParOldGen: 94514K->5580K(1398272K)
[3.403s][info][gc,metaspace   ] GC(4) Metaspace: 24544K(25344K)->24518K(25344K) NonClass: 21488K(22016K)->21470K(22016K) Class: 3056K(3328K)->3047K(3328K)
[3.403s][info][gc             ] GC(4) Pause Full (System.gc()) 163M->5M(1963M) 35.208ms
[3.403s][info][gc,cpu         ] GC(4) User=0.03s Sys=0.00s Real=0.05s
[3.909s][info][gc,start       ] GC(5) Pause Young (Allocation Failure)
[4.029s][info][gc,heap        ] GC(5) PSYoungGen: 524800K->87036K(611840K)
[4.029s][info][gc,heap        ] GC(5) ParOldGen: 5580K->114956K(1398272K)
[4.029s][info][gc,metaspace   ] GC(5) Metaspace: 24518K(25344K)->24518K(25344K) NonClass: 21470K(22016K)->21470K(22016K) Class: 3047K(3328K)->3047K(3328K)
[4.029s][info][gc             ] GC(5) Pause Young (Allocation Failure) 517M->197M(1963M) 119.532ms
[4.029s][info][gc,cpu         ] GC(5) User=0.66s Sys=0.02s Real=0.12s
[4.487s][info][gc,start       ] GC(6) Pause Young (System.gc())
[4.521s][info][gc,heap        ] GC(6) PSYoungGen: 517306K->49231K(611840K)
[4.521s][info][gc,heap        ] GC(6) ParOldGen: 114956K->114964K(1398272K)
[4.521s][info][gc,metaspace   ] GC(6) Metaspace: 24560K(25344K)->24560K(25344K) NonClass: 21513K(22016K)->21513K(22016K) Class: 3047K(3328K)->3047K(3328K)
[4.521s][info][gc             ] GC(6) Pause Young (System.gc()) 617M->160M(1963M) 33.401ms
[4.521s][info][gc,cpu         ] GC(6) User=0.09s Sys=0.00s Real=0.03s
[4.521s][info][gc,start       ] GC(7) Pause Full (System.gc())
[4.521s][info][gc,phases,start] GC(7) Marking Phase
[4.526s][info][gc,phases      ] GC(7) Marking Phase 5.151ms
[4.526s][info][gc,phases,start] GC(7) Summary Phase
[4.526s][info][gc,phases      ] GC(7) Summary Phase 0.011ms
[4.526s][info][gc,phases,start] GC(7) Adjust Roots
[4.528s][info][gc,phases      ] GC(7) Adjust Roots 2.099ms
[4.528s][info][gc,phases,start] GC(7) Compaction Phase
[4.532s][info][gc,phases      ] GC(7) Compaction Phase 3.827ms
[4.532s][info][gc,phases,start] GC(7) Post Compact
[4.533s][info][gc,phases      ] GC(7) Post Compact 0.959ms
[4.533s][info][gc,heap        ] GC(7) PSYoungGen: 49231K->0K(611840K)
[4.533s][info][gc,heap        ] GC(7) ParOldGen: 114964K->5580K(1398272K)
[4.533s][info][gc,metaspace   ] GC(7) Metaspace: 24560K(25344K)->24560K(25344K) NonClass: 21513K(22016K)->21513K(22016K) Class: 3047K(3328K)->3047K(3328K)
[4.533s][info][gc             ] GC(7) Pause Full (System.gc()) 160M->5M(1963M) 12.276ms
[4.533s][info][gc,cpu         ] GC(7) User=0.02s Sys=0.00s Real=0.02s
[4.993s][info][gc,start       ] GC(8) Pause Young (Allocation Failure)
[5.114s][info][gc,heap        ] GC(8) PSYoungGen: 524800K->87038K(611840K)
[5.114s][info][gc,heap        ] GC(8) ParOldGen: 5580K->115948K(1398272K)
[5.114s][info][gc,metaspace   ] GC(8) Metaspace: 24570K(25344K)->24570K(25344K) NonClass: 21522K(22016K)->21522K(22016K) Class: 3047K(3328K)->3047K(3328K)
[5.114s][info][gc             ] GC(8) Pause Young (Allocation Failure) 517M->198M(1963M) 121.191ms
[5.114s][info][gc,cpu         ] GC(8) User=0.67s Sys=0.00s Real=0.13s
[5.443s][info][gc,start       ] GC(9) Pause Young (System.gc())
[5.473s][info][gc,heap        ] GC(9) PSYoungGen: 517596K->51863K(611840K)
[5.473s][info][gc,heap        ] GC(9) ParOldGen: 115948K->115956K(1398272K)
[5.473s][info][gc,metaspace   ] GC(9) Metaspace: 24765K(25728K)->24765K(25728K) NonClass: 21693K(22272K)->21693K(22272K) Class: 3072K(3456K)->3072K(3456K)
[5.473s][info][gc             ] GC(9) Pause Young (System.gc()) 618M->163M(1963M) 29.669ms
[5.473s][info][gc,cpu         ] GC(9) User=0.03s Sys=0.00s Real=0.03s
[5.473s][info][gc,start       ] GC(10) Pause Full (System.gc())
[5.473s][info][gc,phases,start] GC(10) Marking Phase
[5.478s][info][gc,phases      ] GC(10) Marking Phase 5.093ms
[5.478s][info][gc,phases,start] GC(10) Summary Phase
[5.478s][info][gc,phases      ] GC(10) Summary Phase 0.010ms
[5.478s][info][gc,phases,start] GC(10) Adjust Roots
[5.480s][info][gc,phases      ] GC(10) Adjust Roots 2.171ms
[5.480s][info][gc,phases,start] GC(10) Compaction Phase
[5.483s][info][gc,phases      ] GC(10) Compaction Phase 2.714ms
[5.483s][info][gc,phases,start] GC(10) Post Compact
[5.484s][info][gc,phases      ] GC(10) Post Compact 0.854ms
[5.484s][info][gc,heap        ] GC(10) PSYoungGen: 51863K->0K(611840K)
[5.484s][info][gc,heap        ] GC(10) ParOldGen: 115956K->5632K(1398272K)
[5.484s][info][gc,metaspace   ] GC(10) Metaspace: 24765K(25728K)->24765K(25728K) NonClass: 21693K(22272K)->21693K(22272K) Class: 3072K(3456K)->3072K(3456K)
[5.484s][info][gc             ] GC(10) Pause Full (System.gc()) 163M->5M(1963M) 11.079ms
[5.484s][info][gc,cpu         ] GC(10) User=0.00s Sys=0.00s Real=0.00s
[5.933s][info][gc,start       ] GC(11) Pause Young (Allocation Failure)
[6.047s][info][gc,heap        ] GC(11) PSYoungGen: 524800K->87031K(611840K)
[6.047s][info][gc,heap        ] GC(11) ParOldGen: 5632K->115936K(1398272K)
[6.047s][info][gc,metaspace   ] GC(11) Metaspace: 24765K(25728K)->24765K(25728K) NonClass: 21693K(22272K)->21693K(22272K) Class: 3072K(3456K)->3072K(3456K)
[6.047s][info][gc             ] GC(11) Pause Young (Allocation Failure) 518M->198M(1963M) 114.149ms
[6.047s][info][gc,cpu         ] GC(11) User=0.73s Sys=0.00s Real=0.11s
[6.352s][info][gc,start       ] GC(12) Pause Young (System.gc())
[6.385s][info][gc,heap        ] GC(12) PSYoungGen: 523655K->49866K(611840K)
[6.385s][info][gc,heap        ] GC(12) ParOldGen: 115936K->115944K(1398272K)
[6.385s][info][gc,metaspace   ] GC(12) Metaspace: 24783K(25728K)->24783K(25728K) NonClass: 21711K(22272K)->21711K(22272K) Class: 3072K(3456K)->3072K(3456K)
[6.385s][info][gc             ] GC(12) Pause Young (System.gc()) 624M->161M(1963M) 32.945ms
[6.385s][info][gc,cpu         ] GC(12) User=0.03s Sys=0.00s Real=0.03s
[6.385s][info][gc,start       ] GC(13) Pause Full (System.gc())
[6.385s][info][gc,phases,start] GC(13) Marking Phase
[6.390s][info][gc,phases      ] GC(13) Marking Phase 4.618ms
[6.390s][info][gc,phases,start] GC(13) Summary Phase
[6.390s][info][gc,phases      ] GC(13) Summary Phase 0.010ms
[6.390s][info][gc,phases,start] GC(13) Adjust Roots
[6.392s][info][gc,phases      ] GC(13) Adjust Roots 2.413ms
[6.392s][info][gc,phases,start] GC(13) Compaction Phase
[6.396s][info][gc,phases      ] GC(13) Compaction Phase 3.667ms
[6.396s][info][gc,phases,start] GC(13) Post Compact
[6.397s][info][gc,phases      ] GC(13) Post Compact 0.843ms
[6.397s][info][gc,heap        ] GC(13) PSYoungGen: 49866K->0K(611840K)
[6.397s][info][gc,heap        ] GC(13) ParOldGen: 115944K->5632K(1398272K)
[6.397s][info][gc,metaspace   ] GC(13) Metaspace: 24783K(25728K)->24783K(25728K) NonClass: 21711K(22272K)->21711K(22272K) Class: 3072K(3456K)->3072K(3456K)
[6.397s][info][gc             ] GC(13) Pause Full (System.gc()) 161M->5M(1963M) 11.767ms
[6.397s][info][gc,cpu         ] GC(13) User=0.00s Sys=0.00s Real=0.00s
[6.854s][info][gc,start       ] GC(14) Pause Young (Allocation Failure)
[6.969s][info][gc,heap        ] GC(14) PSYoungGen: 524800K->87011K(320000K)
[6.969s][info][gc,heap        ] GC(14) ParOldGen: 5632K->116088K(1398272K)
[6.969s][info][gc,metaspace   ] GC(14) Metaspace: 24784K(25728K)->24784K(25728K) NonClass: 21712K(22272K)->21712K(22272K) Class: 3072K(3456K)->3072K(3456K)
[6.969s][info][gc             ] GC(14) Pause Young (Allocation Failure) 518M->198M(1678M) 115.873ms
[6.969s][info][gc,cpu         ] GC(14) User=0.52s Sys=0.00s Real=0.11s
[7.131s][info][gc,start       ] GC(15) Pause Young (Allocation Failure)
[7.164s][info][gc,heap        ] GC(15) PSYoungGen: 319971K->72677K(465920K)
[7.164s][info][gc,heap        ] GC(15) ParOldGen: 116088K->116088K(1398272K)
[7.164s][info][gc,metaspace   ] GC(15) Metaspace: 24785K(25728K)->24785K(25728K) NonClass: 21713K(22272K)->21713K(22272K) Class: 3072K(3456K)->3072K(3456K)
[7.164s][info][gc             ] GC(15) Pause Young (Allocation Failure) 425M->184M(1820M) 32.681ms
[7.164s][info][gc,cpu         ] GC(15) User=0.06s Sys=0.00s Real=0.03s
[7.271s][info][gc,start       ] GC(16) Pause Young (System.gc())
[7.298s][info][gc,heap        ] GC(16) PSYoungGen: 263372K->51920K(465920K)
[7.299s][info][gc,heap        ] GC(16) ParOldGen: 116088K->116096K(1398272K)
[7.299s][info][gc,metaspace   ] GC(16) Metaspace: 24796K(25728K)->24796K(25728K) NonClass: 21724K(22272K)->21724K(22272K) Class: 3072K(3456K)->3072K(3456K)
[7.299s][info][gc             ] GC(16) Pause Young (System.gc()) 370M->164M(1820M) 27.941ms
[7.299s][info][gc,cpu         ] GC(16) User=0.03s Sys=0.00s Real=0.03s
[7.299s][info][gc,start       ] GC(17) Pause Full (System.gc())
[7.299s][info][gc,phases,start] GC(17) Marking Phase
[7.303s][info][gc,phases      ] GC(17) Marking Phase 4.124ms
[7.303s][info][gc,phases,start] GC(17) Summary Phase
[7.303s][info][gc,phases      ] GC(17) Summary Phase 0.015ms
[7.303s][info][gc,phases,start] GC(17) Adjust Roots
[7.305s][info][gc,phases      ] GC(17) Adjust Roots 1.936ms
[7.305s][info][gc,phases,start] GC(17) Compaction Phase
[7.307s][info][gc,phases      ] GC(17) Compaction Phase 1.891ms
[7.307s][info][gc,phases,start] GC(17) Post Compact
[7.308s][info][gc,phases      ] GC(17) Post Compact 1.432ms
[7.308s][info][gc,heap        ] GC(17) PSYoungGen: 51920K->0K(465920K)
[7.308s][info][gc,heap        ] GC(17) ParOldGen: 116096K->5633K(1398272K)
[7.308s][info][gc,metaspace   ] GC(17) Metaspace: 24796K(25728K)->24796K(25728K) NonClass: 21724K(22272K)->21724K(22272K) Class: 3072K(3456K)->3072K(3456K)
[7.308s][info][gc             ] GC(17) Pause Full (System.gc()) 164M->5M(1820M) 9.645ms
[7.308s][info][gc,cpu         ] GC(17) User=0.00s Sys=0.00s Real=0.00s
[7.493s][info][gc,start       ] GC(18) Pause Young (Allocation Failure)
[7.539s][info][gc,heap        ] GC(18) PSYoungGen: 232227K->90440K(465920K)
[7.539s][info][gc,heap        ] GC(18) ParOldGen: 5633K->5633K(1398272K)
[7.539s][info][gc,metaspace   ] GC(18) Metaspace: 24798K(25728K)->24798K(25728K) NonClass: 21725K(22272K)->21725K(22272K) Class: 3072K(3456K)->3072K(3456K)
[7.539s][info][gc             ] GC(18) Pause Young (Allocation Failure) 232M->93M(1820M) 46.139ms
[7.539s][info][gc,cpu         ] GC(18) User=0.17s Sys=0.00s Real=0.05s
[7.742s][info][gc,start       ] GC(19) Pause Young (Allocation Failure)
[7.822s][info][gc,heap        ] GC(19) PSYoungGen: 323400K->175973K(465920K)
[7.822s][info][gc,heap        ] GC(19) ParOldGen: 5633K->5633K(1398272K)
[7.822s][info][gc,metaspace   ] GC(19) Metaspace: 24798K(25728K)->24798K(25728K) NonClass: 21725K(22272K)->21725K(22272K) Class: 3072K(3456K)->3072K(3456K)
[7.822s][info][gc             ] GC(19) Pause Young (Allocation Failure) 321M->177M(1820M) 79.814ms
[7.822s][info][gc,cpu         ] GC(19) User=0.44s Sys=0.02s Real=0.08s
[7.995s][info][gc,start       ] GC(20) Pause Young (Allocation Failure)
[8.064s][info][gc,heap        ] GC(20) PSYoungGen: 408511K->107461K(465920K)
[8.064s][info][gc,heap        ] GC(20) ParOldGen: 5633K->74096K(1398272K)
[8.064s][info][gc,metaspace   ] GC(20) Metaspace: 24798K(25728K)->24798K(25728K) NonClass: 21726K(22272K)->21726K(22272K) Class: 3072K(3456K)->3072K(3456K)
[8.065s][info][gc             ] GC(20) Pause Young (Allocation Failure) 404M->177M(1820M) 69.597ms
[8.065s][info][gc,cpu         ] GC(20) User=0.39s Sys=0.00s Real=0.08s
[8.174s][info][gc,start       ] GC(21) Pause Young (Allocation Failure)
[8.229s][info][gc,heap        ] GC(21) PSYoungGen: 340421K->37024K(465920K)
[8.229s][info][gc,heap        ] GC(21) ParOldGen: 74096K->164231K(1398272K)
[8.229s][info][gc,metaspace   ] GC(21) Metaspace: 24798K(25728K)->24798K(25728K) NonClass: 21726K(22272K)->21726K(22272K) Class: 3072K(3456K)->3072K(3456K)
[8.229s][info][gc             ] GC(21) Pause Young (Allocation Failure) 404M->196M(1820M) 54.328ms
[8.229s][info][gc,cpu         ] GC(21) User=0.30s Sys=0.00s Real=0.05s
[8.267s][info][gc,start       ] GC(22) Pause Young (System.gc())
[8.268s][info][gc,heap        ] GC(22) PSYoungGen: 58196K->96K(465920K)
[8.268s][info][gc,heap        ] GC(22) ParOldGen: 164231K->164231K(1398272K)
[8.268s][info][gc,metaspace   ] GC(22) Metaspace: 24814K(25728K)->24814K(25728K) NonClass: 21742K(22272K)->21742K(22272K) Class: 3072K(3456K)->3072K(3456K)
[8.268s][info][gc             ] GC(22) Pause Young (System.gc()) 217M->160M(1820M) 0.541ms
[8.268s][info][gc,cpu         ] GC(22) User=0.00s Sys=0.00s Real=0.00s
[8.268s][info][gc,start       ] GC(23) Pause Full (System.gc())
[8.268s][info][gc,phases,start] GC(23) Marking Phase
[8.273s][info][gc,phases      ] GC(23) Marking Phase 4.726ms
[8.273s][info][gc,phases,start] GC(23) Summary Phase
[8.273s][info][gc,phases      ] GC(23) Summary Phase 0.012ms
[8.273s][info][gc,phases,start] GC(23) Adjust Roots
[8.275s][info][gc,phases      ] GC(23) Adjust Roots 1.950ms
[8.275s][info][gc,phases,start] GC(23) Compaction Phase
[8.277s][info][gc,phases      ] GC(23) Compaction Phase 2.609ms
[8.277s][info][gc,phases,start] GC(23) Post Compact
[8.279s][info][gc,phases      ] GC(23) Post Compact 1.130ms
[8.279s][info][gc,heap        ] GC(23) PSYoungGen: 96K->0K(465920K)
[8.279s][info][gc,heap        ] GC(23) ParOldGen: 164231K->5633K(1398272K)
[8.279s][info][gc,metaspace   ] GC(23) Metaspace: 24814K(25728K)->24814K(25728K) NonClass: 21742K(22272K)->21742K(22272K) Class: 3072K(3456K)->3072K(3456K)
[8.279s][info][gc             ] GC(23) Pause Full (System.gc()) 160M->5M(1820M) 10.661ms
[8.279s][info][gc,cpu         ] GC(23) User=0.00s Sys=0.00s Real=0.00s
[8.464s][info][gc,start       ] GC(24) Pause Young (Allocation Failure)
[8.510s][info][gc,heap        ] GC(24) PSYoungGen: 232283K->90442K(465920K)
[8.510s][info][gc,heap        ] GC(24) ParOldGen: 5633K->5633K(1398272K)
[8.510s][info][gc,metaspace   ] GC(24) Metaspace: 24815K(25728K)->24815K(25728K) NonClass: 21743K(22272K)->21743K(22272K) Class: 3072K(3456K)->3072K(3456K)
[8.510s][info][gc             ] GC(24) Pause Young (Allocation Failure) 232M->93M(1820M) 45.900ms
[8.510s][info][gc,cpu         ] GC(24) User=0.17s Sys=0.00s Real=0.05s
[8.714s][info][gc,start       ] GC(25) Pause Young (Allocation Failure)
[8.808s][info][gc,heap        ] GC(25) PSYoungGen: 323402K->89205K(465920K)
[8.808s][info][gc,heap        ] GC(25) ParOldGen: 5633K->92471K(1398272K)
[8.808s][info][gc,metaspace   ] GC(25) Metaspace: 24815K(25728K)->24815K(25728K) NonClass: 21743K(22272K)->21743K(22272K) Class: 3072K(3456K)->3072K(3456K)
[8.808s][info][gc             ] GC(25) Pause Young (Allocation Failure) 321M->177M(1820M) 93.398ms
[8.808s][info][gc,cpu         ] GC(25) User=0.53s Sys=0.00s Real=0.10s
[8.973s][info][gc,start       ] GC(26) Pause Young (Allocation Failure)
[9.044s][info][gc,heap        ] GC(26) PSYoungGen: 322165K->36116K(472576K)
[9.044s][info][gc,heap        ] GC(26) ParOldGen: 92471K->170224K(1398272K)
[9.044s][info][gc,metaspace   ] GC(26) Metaspace: 24816K(25728K)->24816K(25728K) NonClass: 21743K(22272K)->21743K(22272K) Class: 3072K(3456K)->3072K(3456K)
[9.044s][info][gc             ] GC(26) Pause Young (Allocation Failure) 404M->201M(1827M) 71.128ms
[9.044s][info][gc,cpu         ] GC(26) User=0.39s Sys=0.00s Real=0.08s
[9.167s][info][gc,start       ] GC(27) Pause Young (Allocation Failure)
[9.181s][info][gc,heap        ] GC(27) PSYoungGen: 278292K->37056K(468480K)
[9.181s][info][gc,heap        ] GC(27) ParOldGen: 170224K->187819K(1398272K)
[9.181s][info][gc,metaspace   ] GC(27) Metaspace: 24816K(25728K)->24816K(25728K) NonClass: 21743K(22272K)->21743K(22272K) Class: 3072K(3456K)->3072K(3456K)
[9.181s][info][gc             ] GC(27) Pause Young (Allocation Failure) 438M->219M(1823M) 14.041ms
[9.181s][info][gc,cpu         ] GC(27) User=0.02s Sys=0.00s Real=0.02s
[9.205s][info][gc,start       ] GC(28) Pause Young (System.gc())
[9.207s][info][gc,heap        ] GC(28) PSYoungGen: 54154K->160K(476672K)
[9.207s][info][gc,heap        ] GC(28) ParOldGen: 187819K->187819K(1398272K)
[9.207s][info][gc,metaspace   ] GC(28) Metaspace: 24821K(25728K)->24821K(25728K) NonClass: 21749K(22272K)->21749K(22272K) Class: 3072K(3456K)->3072K(3456K)
[9.207s][info][gc             ] GC(28) Pause Young (System.gc()) 236M->183M(1831M) 1.776ms
[9.207s][info][gc,cpu         ] GC(28) User=0.00s Sys=0.00s Real=0.00s
[9.207s][info][gc,start       ] GC(29) Pause Full (System.gc())
[9.207s][info][gc,phases,start] GC(29) Marking Phase
[9.211s][info][gc,phases      ] GC(29) Marking Phase 4.090ms
[9.211s][info][gc,phases,start] GC(29) Summary Phase
[9.211s][info][gc,phases      ] GC(29) Summary Phase 0.010ms
[9.211s][info][gc,phases,start] GC(29) Adjust Roots
[9.213s][info][gc,phases      ] GC(29) Adjust Roots 1.865ms
[9.213s][info][gc,phases,start] GC(29) Compaction Phase
[9.215s][info][gc,phases      ] GC(29) Compaction Phase 1.837ms
[9.215s][info][gc,phases,start] GC(29) Post Compact
[9.216s][info][gc,phases      ] GC(29) Post Compact 1.010ms
[9.216s][info][gc,heap        ] GC(29) PSYoungGen: 160K->0K(476672K)
[9.216s][info][gc,heap        ] GC(29) ParOldGen: 187819K->5633K(1398272K)
[9.216s][info][gc,metaspace   ] GC(29) Metaspace: 24821K(25728K)->24821K(25728K) NonClass: 21749K(22272K)->21749K(22272K) Class: 3072K(3456K)->3072K(3456K)
[9.216s][info][gc             ] GC(29) Pause Full (System.gc()) 183M->5M(1831M) 9.071ms
[9.216s][info][gc,cpu         ] GC(29) User=0.02s Sys=0.00s Real=0.02s
[9.423s][info][gc,start       ] GC(30) Pause Young (Allocation Failure)
[9.472s][info][gc,heap        ] GC(30) PSYoungGen: 255488K->99010K(477184K)
[9.472s][info][gc,heap        ] GC(30) ParOldGen: 5633K->5633K(1398272K)
[9.472s][info][gc,metaspace   ] GC(30) Metaspace: 24845K(25728K)->24845K(25728K) NonClass: 21772K(22272K)->21772K(22272K) Class: 3072K(3456K)->3072K(3456K)
[9.472s][info][gc             ] GC(30) Pause Young (Allocation Failure) 255M->102M(1831M) 48.872ms
[9.472s][info][gc,cpu         ] GC(30) User=0.31s Sys=0.00s Real=0.05s
[9.695s][info][gc,start       ] GC(31) Pause Young (Allocation Failure)
[9.790s][info][gc,heap        ] GC(31) PSYoungGen: 354498K->110838K(484352K)
[9.790s][info][gc,heap        ] GC(31) ParOldGen: 5633K->87664K(1398272K)
[9.790s][info][gc,metaspace   ] GC(31) Metaspace: 24845K(25728K)->24845K(25728K) NonClass: 21772K(22272K)->21772K(22272K) Class: 3072K(3456K)->3072K(3456K)
[9.790s][info][gc             ] GC(31) Pause Young (Allocation Failure) 351M->193M(1838M) 94.884ms
[9.790s][info][gc,cpu         ] GC(31) User=0.56s Sys=0.00s Real=0.11s
[9.990s][info][gc,start       ] GC(32) Pause Young (Allocation Failure)
[10.039s][info][gc,heap        ] GC(32) PSYoungGen: 375478K->34765K(482816K)
[10.039s][info][gc,heap        ] GC(32) ParOldGen: 87664K->161531K(1398272K)
[10.039s][info][gc,metaspace   ] GC(32) Metaspace: 24847K(25728K)->24847K(25728K) NonClass: 21775K(22272K)->21775K(22272K) Class: 3072K(3456K)->3072K(3456K)
[10.040s][info][gc             ] GC(32) Pause Young (Allocation Failure) 452M->191M(1837M) 49.428ms
[10.040s][info][gc,cpu         ] GC(32) User=0.05s Sys=0.00s Real=0.05s
[10.164s][info][gc,start       ] GC(33) Pause Young (System.gc())
[10.171s][info][gc,heap        ] GC(33) PSYoungGen: 210373K->64K(490496K)
[10.171s][info][gc,heap        ] GC(33) ParOldGen: 161531K->173158K(1398272K)
[10.171s][info][gc,metaspace   ] GC(33) Metaspace: 24861K(25728K)->24861K(25728K) NonClass: 21789K(22272K)->21789K(22272K) Class: 3072K(3456K)->3072K(3456K)
[10.171s][info][gc             ] GC(33) Pause Young (System.gc()) 363M->169M(1844M) 6.503ms
[10.171s][info][gc,cpu         ] GC(33) User=0.02s Sys=0.00s Real=0.01s
[10.171s][info][gc,start       ] GC(34) Pause Full (System.gc())
[10.171s][info][gc,phases,start] GC(34) Marking Phase
[10.175s][info][gc,phases      ] GC(34) Marking Phase 4.606ms
[10.176s][info][gc,phases,start] GC(34) Summary Phase
[10.176s][info][gc,phases      ] GC(34) Summary Phase 0.010ms
[10.176s][info][gc,phases,start] GC(34) Adjust Roots
[10.177s][info][gc,phases      ] GC(34) Adjust Roots 1.898ms
[10.177s][info][gc,phases,start] GC(34) Compaction Phase
[10.180s][info][gc,phases      ] GC(34) Compaction Phase 2.309ms
[10.180s][info][gc,phases,start] GC(34) Post Compact
[10.181s][info][gc,phases      ] GC(34) Post Compact 0.873ms
[10.181s][info][gc,heap        ] GC(34) PSYoungGen: 64K->0K(490496K)
[10.181s][info][gc,heap        ] GC(34) ParOldGen: 173158K->5633K(1398272K)
[10.181s][info][gc,metaspace   ] GC(34) Metaspace: 24861K(25728K)->24861K(25728K) NonClass: 21789K(22272K)->21789K(22272K) Class: 3072K(3456K)->3072K(3456K)
[10.181s][info][gc             ] GC(34) Pause Full (System.gc()) 169M->5M(1844M) 9.912ms
[10.181s][info][gc,cpu         ] GC(34) User=0.00s Sys=0.00s Real=0.00s
[10.410s][info][gc,start       ] GC(35) Pause Young (Allocation Failure)
[10.464s][info][gc,heap        ] GC(35) PSYoungGen: 281600K->108170K(390144K)
[10.464s][info][gc,heap        ] GC(35) ParOldGen: 5633K->5633K(1398272K)
[10.464s][info][gc,metaspace   ] GC(35) Metaspace: 24861K(25728K)->24861K(25728K) NonClass: 21789K(22272K)->21789K(22272K) Class: 3072K(3456K)->3072K(3456K)
[10.464s][info][gc             ] GC(35) Pause Young (Allocation Failure) 280M->111M(1746M) 53.828ms
[10.464s][info][gc,cpu         ] GC(35) User=0.28s Sys=0.00s Real=0.05s
[10.738s][info][gc,start       ] GC(36) Pause Young (Allocation Failure)
[10.814s][info][gc,heap        ] GC(36) PSYoungGen: 389770K->78964K(500736K)
[10.815s][info][gc,heap        ] GC(36) ParOldGen: 5633K->86720K(1398272K)
[10.815s][info][gc,metaspace   ] GC(36) Metaspace: 24864K(25728K)->24864K(25728K) NonClass: 21792K(22272K)->21792K(22272K) Class: 3072K(3456K)->3072K(3456K)
[10.815s][info][gc             ] GC(36) Pause Young (Allocation Failure) 386M->161M(1854M) 76.039ms
[10.815s][info][gc,cpu         ] GC(36) User=0.41s Sys=0.00s Real=0.08s
[10.975s][info][gc,start       ] GC(37) Pause Young (Allocation Failure)
[11.022s][info][gc,heap        ] GC(37) PSYoungGen: 370292K->37088K(489472K)
[11.022s][info][gc,heap        ] GC(37) ParOldGen: 86720K->164175K(1398272K)
[11.022s][info][gc,metaspace   ] GC(37) Metaspace: 24864K(25728K)->24864K(25728K) NonClass: 21792K(22272K)->21792K(22272K) Class: 3072K(3456K)->3072K(3456K)
[11.022s][info][gc             ] GC(37) Pause Young (Allocation Failure) 446M->196M(1843M) 46.573ms
[11.022s][info][gc,cpu         ] GC(37) User=0.27s Sys=0.00s Real=0.05s
[11.112s][info][gc,start       ] GC(38) Pause Young (System.gc())
[11.112s][info][gc,heap        ] GC(38) PSYoungGen: 132189K->128K(507392K)
[11.112s][info][gc,heap        ] GC(38) ParOldGen: 164175K->164199K(1398272K)
[11.112s][info][gc,metaspace   ] GC(38) Metaspace: 24870K(25728K)->24870K(25728K) NonClass: 21797K(22272K)->21797K(22272K) Class: 3072K(3456K)->3072K(3456K)
[11.112s][info][gc             ] GC(38) Pause Young (System.gc()) 289M->160M(1861M) 0.551ms
[11.112s][info][gc,cpu         ] GC(38) User=0.00s Sys=0.00s Real=0.00s
[11.112s][info][gc,start       ] GC(39) Pause Full (System.gc())
[11.112s][info][gc,phases,start] GC(39) Marking Phase
[11.117s][info][gc,phases      ] GC(39) Marking Phase 4.744ms
[11.117s][info][gc,phases,start] GC(39) Summary Phase
[11.117s][info][gc,phases      ] GC(39) Summary Phase 0.010ms
[11.117s][info][gc,phases,start] GC(39) Adjust Roots
[11.119s][info][gc,phases      ] GC(39) Adjust Roots 1.946ms
[11.119s][info][gc,phases,start] GC(39) Compaction Phase
[11.121s][info][gc,phases      ] GC(39) Compaction Phase 2.115ms
[11.121s][info][gc,phases,start] GC(39) Post Compact
[11.122s][info][gc,phases      ] GC(39) Post Compact 0.990ms
[11.122s][info][gc,heap        ] GC(39) PSYoungGen: 128K->0K(507392K)
[11.122s][info][gc,heap        ] GC(39) ParOldGen: 164199K->5633K(1398272K)
[11.122s][info][gc,metaspace   ] GC(39) Metaspace: 24870K(25728K)->24870K(25728K) NonClass: 21797K(22272K)->21797K(22272K) Class: 3072K(3456K)->3072K(3456K)
[11.122s][info][gc             ] GC(39) Pause Full (System.gc()) 160M->5M(1861M) 10.088ms
[11.122s][info][gc,cpu         ] GC(39) User=0.00s Sys=0.00s Real=0.00s
[11.395s][info][gc,start       ] GC(40) Pause Young (Allocation Failure)
[11.453s][info][gc,heap        ] GC(40) PSYoungGen: 315904K->120125K(436224K)
[11.453s][info][gc,heap        ] GC(40) ParOldGen: 5633K->5633K(1398272K)
[11.453s][info][gc,metaspace   ] GC(40) Metaspace: 24870K(25728K)->24870K(25728K) NonClass: 21797K(22272K)->21797K(22272K) Class: 3072K(3456K)->3072K(3456K)
[11.453s][info][gc             ] GC(40) Pause Young (Allocation Failure) 314M->122M(1791M) 58.154ms
[11.453s][info][gc,cpu         ] GC(40) User=0.30s Sys=0.00s Real=0.06s
[11.747s][info][gc,start       ] GC(41) Pause Young (Allocation Failure)
[11.823s][info][gc,heap        ] GC(41) PSYoungGen: 436029K->74620K(509952K)
[11.823s][info][gc,heap        ] GC(41) ParOldGen: 5633K->97979K(1398272K)
[11.823s][info][gc,metaspace   ] GC(41) Metaspace: 24871K(25728K)->24871K(25728K) NonClass: 21798K(22272K)->21798K(22272K) Class: 3072K(3456K)->3072K(3456K)
[11.823s][info][gc             ] GC(41) Pause Young (Allocation Failure) 431M->168M(1863M) 75.786ms
[11.823s][info][gc,cpu         ] GC(41) User=0.39s Sys=0.00s Real=0.08s
[11.981s][info][gc,start       ] GC(42) Pause Young (Allocation Failure)
[12.016s][info][gc,heap        ] GC(42) PSYoungGen: 384892K->6176K(499200K)
[12.016s][info][gc,heap        ] GC(42) ParOldGen: 97979K->163727K(1398272K)
[12.016s][info][gc,metaspace   ] GC(42) Metaspace: 24871K(25728K)->24871K(25728K) NonClass: 21798K(22272K)->21798K(22272K) Class: 3072K(3456K)->3072K(3456K)
[12.016s][info][gc             ] GC(42) Pause Young (Allocation Failure) 471M->165M(1853M) 35.462ms
[12.016s][info][gc,cpu         ] GC(42) User=0.03s Sys=0.00s Real=0.03s
[12.047s][info][gc,start       ] GC(43) Pause Young (System.gc())
[12.047s][info][gc,heap        ] GC(43) PSYoungGen: 13833K->64K(513024K)
[12.047s][info][gc,heap        ] GC(43) ParOldGen: 163727K->163727K(1398272K)
[12.047s][info][gc,metaspace   ] GC(43) Metaspace: 24872K(25728K)->24872K(25728K) NonClass: 21800K(22272K)->21800K(22272K) Class: 3072K(3456K)->3072K(3456K)
[12.047s][info][gc             ] GC(43) Pause Young (System.gc()) 173M->159M(1866M) 0.480ms
[12.047s][info][gc,cpu         ] GC(43) User=0.00s Sys=0.00s Real=0.00s
[12.047s][info][gc,start       ] GC(44) Pause Full (System.gc())
[12.047s][info][gc,phases,start] GC(44) Marking Phase
[12.052s][info][gc,phases      ] GC(44) Marking Phase 4.418ms
[12.052s][info][gc,phases,start] GC(44) Summary Phase
[12.052s][info][gc,phases      ] GC(44) Summary Phase 0.011ms
[12.052s][info][gc,phases,start] GC(44) Adjust Roots
[12.054s][info][gc,phases      ] GC(44) Adjust Roots 2.061ms
[12.054s][info][gc,phases,start] GC(44) Compaction Phase
[12.057s][info][gc,phases      ] GC(44) Compaction Phase 2.683ms
[12.057s][info][gc,phases,start] GC(44) Post Compact
[12.058s][info][gc,phases      ] GC(44) Post Compact 0.829ms
[12.058s][info][gc,heap        ] GC(44) PSYoungGen: 64K->0K(513024K)
[12.058s][info][gc,heap        ] GC(44) ParOldGen: 163727K->5633K(1398272K)
[12.058s][info][gc,metaspace   ] GC(44) Metaspace: 24872K(25728K)->24872K(25728K) NonClass: 21800K(22272K)->21800K(22272K) Class: 3072K(3456K)->3072K(3456K)
[12.058s][info][gc             ] GC(44) Pause Full (System.gc()) 159M->5M(1866M) 10.220ms
[12.058s][info][gc,cpu         ] GC(44) User=0.00s Sys=0.00s Real=0.02s
[12.328s][info][gc,start       ] GC(45) Pause Young (Allocation Failure)
[12.390s][info][gc,heap        ] GC(45) PSYoungGen: 325120K->123358K(448512K)
[12.390s][info][gc,heap        ] GC(45) ParOldGen: 5633K->5633K(1398272K)
[12.390s][info][gc,metaspace   ] GC(45) Metaspace: 24883K(25728K)->24883K(25728K) NonClass: 21811K(22272K)->21811K(22272K) Class: 3072K(3456K)->3072K(3456K)
[12.390s][info][gc             ] GC(45) Pause Young (Allocation Failure) 323M->125M(1803M) 62.437ms
[12.390s][info][gc,cpu         ] GC(45) User=0.36s Sys=0.00s Real=0.06s
[12.737s][info][gc,start       ] GC(46) Pause Young (Allocation Failure)
[12.814s][info][gc,heap        ] GC(46) PSYoungGen: 448478K->72440K(510976K)
[12.814s][info][gc,heap        ] GC(46) ParOldGen: 5633K->101002K(1398272K)
[12.814s][info][gc,metaspace   ] GC(46) Metaspace: 24885K(25728K)->24885K(25728K) NonClass: 21812K(22272K)->21812K(22272K) Class: 3072K(3456K)->3072K(3456K)
[12.814s][info][gc             ] GC(46) Pause Young (Allocation Failure) 443M->169M(1864M) 77.684ms
[12.814s][info][gc,cpu         ] GC(46) User=0.48s Sys=0.00s Real=0.08s
[12.989s][info][gc,start       ] GC(47) Pause Young (System.gc())
[13.021s][info][gc,heap        ] GC(47) PSYoungGen: 373166K->32K(501248K)
[13.021s][info][gc,heap        ] GC(47) ParOldGen: 101002K->163691K(1398272K)
[13.021s][info][gc,metaspace   ] GC(47) Metaspace: 24888K(25728K)->24888K(25728K) NonClass: 21816K(22272K)->21816K(22272K) Class: 3072K(3456K)->3072K(3456K)
[13.021s][info][gc             ] GC(47) Pause Young (System.gc()) 463M->159M(1855M) 32.146ms
[13.021s][info][gc,cpu         ] GC(47) User=0.03s Sys=0.00s Real=0.03s
[13.021s][info][gc,start       ] GC(48) Pause Full (System.gc())
[13.021s][info][gc,phases,start] GC(48) Marking Phase
[13.026s][info][gc,phases      ] GC(48) Marking Phase 4.625ms
[13.026s][info][gc,phases,start] GC(48) Summary Phase
[13.026s][info][gc,phases      ] GC(48) Summary Phase 0.010ms
[13.026s][info][gc,phases,start] GC(48) Adjust Roots
[13.028s][info][gc,phases      ] GC(48) Adjust Roots 1.970ms
[13.028s][info][gc,phases,start] GC(48) Compaction Phase
[13.030s][info][gc,phases      ] GC(48) Compaction Phase 1.762ms
[13.030s][info][gc,phases,start] GC(48) Post Compact
[13.030s][info][gc,phases      ] GC(48) Post Compact 0.827ms
[13.030s][info][gc,heap        ] GC(48) PSYoungGen: 32K->0K(501248K)
[13.030s][info][gc,heap        ] GC(48) ParOldGen: 163691K->5633K(1398272K)
[13.031s][info][gc,metaspace   ] GC(48) Metaspace: 24888K(25728K)->24888K(25728K) NonClass: 21816K(22272K)->21816K(22272K) Class: 3072K(3456K)->3072K(3456K)
[13.031s][info][gc             ] GC(48) Pause Full (System.gc()) 159M->5M(1855M) 9.505ms
[13.031s][info][gc,cpu         ] GC(48) User=0.00s Sys=0.00s Real=0.02s
[13.294s][info][gc,start       ] GC(49) Pause Young (Allocation Failure)
[13.354s][info][gc,heap        ] GC(49) PSYoungGen: 313344K->119272K(493056K)
[13.354s][info][gc,heap        ] GC(49) ParOldGen: 5633K->5633K(1398272K)
[13.354s][info][gc,metaspace   ] GC(49) Metaspace: 24889K(25728K)->24889K(25728K) NonClass: 21817K(22272K)->21817K(22272K) Class: 3072K(3456K)->3072K(3456K)
[13.354s][info][gc             ] GC(49) Pause Young (Allocation Failure) 311M->121M(1847M) 60.117ms
[13.354s][info][gc,cpu         ] GC(49) User=0.28s Sys=0.02s Real=0.06s
[13.646s][info][gc,start       ] GC(50) Pause Young (Allocation Failure)
[13.723s][info][gc,heap        ] GC(50) PSYoungGen: 425960K->74637K(502784K)
[13.723s][info][gc,heap        ] GC(50) ParOldGen: 5633K->97167K(1398272K)
[13.723s][info][gc,metaspace   ] GC(50) Metaspace: 24889K(25728K)->24889K(25728K) NonClass: 21817K(22272K)->21817K(22272K) Class: 3072K(3456K)->3072K(3456K)
[13.724s][info][gc             ] GC(50) Pause Young (Allocation Failure) 421M->167M(1856M) 77.723ms
[13.724s][info][gc,cpu         ] GC(50) User=0.41s Sys=0.00s Real=0.08s
[13.919s][info][gc,start       ] GC(51) Pause Young (Allocation Failure)
[13.959s][info][gc,heap        ] GC(51) PSYoungGen: 381325K->24736K(517120K)
[13.959s][info][gc,heap        ] GC(51) ParOldGen: 97167K->164011K(1398272K)
[13.959s][info][gc,metaspace   ] GC(51) Metaspace: 24889K(25728K)->24889K(25728K) NonClass: 21817K(22272K)->21817K(22272K) Class: 3072K(3456K)->3072K(3456K)
[13.960s][info][gc             ] GC(51) Pause Young (Allocation Failure) 467M->184M(1870M) 40.948ms
[13.960s][info][gc,cpu         ] GC(51) User=0.08s Sys=0.00s Real=0.06s
[14.002s][info][gc,start       ] GC(52) Pause Young (System.gc())
[14.002s][info][gc,heap        ] GC(52) PSYoungGen: 48998K->96K(512000K)
[14.003s][info][gc,heap        ] GC(52) ParOldGen: 164011K->164011K(1398272K)
[14.003s][info][gc,metaspace   ] GC(52) Metaspace: 24889K(25728K)->24889K(25728K) NonClass: 21817K(22272K)->21817K(22272K) Class: 3072K(3456K)->3072K(3456K)
[14.003s][info][gc             ] GC(52) Pause Young (System.gc()) 208M->160M(1865M) 0.647ms
[14.003s][info][gc,cpu         ] GC(52) User=0.00s Sys=0.00s Real=0.00s
[14.003s][info][gc,start       ] GC(53) Pause Full (System.gc())
[14.003s][info][gc,phases,start] GC(53) Marking Phase
[14.007s][info][gc,phases      ] GC(53) Marking Phase 4.322ms
[14.007s][info][gc,phases,start] GC(53) Summary Phase
[14.007s][info][gc,phases      ] GC(53) Summary Phase 0.010ms
[14.007s][info][gc,phases,start] GC(53) Adjust Roots
[14.009s][info][gc,phases      ] GC(53) Adjust Roots 2.012ms
[14.009s][info][gc,phases,start] GC(53) Compaction Phase
[14.011s][info][gc,phases      ] GC(53) Compaction Phase 2.189ms
[14.011s][info][gc,phases,start] GC(53) Post Compact
[14.012s][info][gc,phases      ] GC(53) Post Compact 0.844ms
[14.012s][info][gc,heap        ] GC(53) PSYoungGen: 96K->0K(512000K)
[14.012s][info][gc,heap        ] GC(53) ParOldGen: 164011K->5633K(1398272K)
[14.012s][info][gc,metaspace   ] GC(53) Metaspace: 24889K(25728K)->24889K(25728K) NonClass: 21817K(22272K)->21817K(22272K) Class: 3072K(3456K)->3072K(3456K)
[14.012s][info][gc             ] GC(53) Pause Full (System.gc()) 160M->5M(1865M) 9.613ms
[14.012s][info][gc,cpu         ] GC(53) User=0.00s Sys=0.00s Real=0.00s
[14.286s][info][gc,start       ] GC(54) Pause Young (Allocation Failure)
[14.346s][info][gc,heap        ] GC(54) PSYoungGen: 330240K->125102K(491520K)
[14.346s][info][gc,heap        ] GC(54) ParOldGen: 5633K->5633K(1398272K)
[14.346s][info][gc,metaspace   ] GC(54) Metaspace: 24890K(25728K)->24890K(25728K) NonClass: 21817K(22272K)->21817K(22272K) Class: 3072K(3456K)->3072K(3456K)
[14.346s][info][gc             ] GC(54) Pause Young (Allocation Failure) 328M->127M(1845M) 59.924ms
[14.346s][info][gc,cpu         ] GC(54) User=0.30s Sys=0.00s Real=0.06s
[14.627s][info][gc,start       ] GC(55) Pause Young (Allocation Failure)
[14.704s][info][gc,heap        ] GC(55) PSYoungGen: 436910K->70744K(505344K)
[14.704s][info][gc,heap        ] GC(55) ParOldGen: 5633K->102679K(1398272K)
[14.704s][info][gc,metaspace   ] GC(55) Metaspace: 24890K(25728K)->24890K(25728K) NonClass: 21818K(22272K)->21818K(22272K) Class: 3072K(3456K)->3072K(3456K)
[14.704s][info][gc             ] GC(55) Pause Young (Allocation Failure) 432M->169M(1859M) 77.276ms
[14.704s][info][gc,cpu         ] GC(55) User=0.38s Sys=0.00s Real=0.08s
[14.851s][info][gc,start       ] GC(56) Pause Young (System.gc())
[14.882s][info][gc,heap        ] GC(56) PSYoungGen: 377845K->32K(516608K)
[14.882s][info][gc,heap        ] GC(56) ParOldGen: 102679K->163699K(1398272K)
[14.882s][info][gc,metaspace   ] GC(56) Metaspace: 24890K(25728K)->24890K(25728K) NonClass: 21818K(22272K)->21818K(22272K) Class: 3072K(3456K)->3072K(3456K)
[14.882s][info][gc             ] GC(56) Pause Young (System.gc()) 469M->159M(1870M) 31.618ms
[14.882s][info][gc,cpu         ] GC(56) User=0.03s Sys=0.00s Real=0.03s
[14.883s][info][gc,start       ] GC(57) Pause Full (System.gc())
[14.883s][info][gc,phases,start] GC(57) Marking Phase
[14.887s][info][gc,phases      ] GC(57) Marking Phase 4.713ms
[14.887s][info][gc,phases,start] GC(57) Summary Phase
[14.887s][info][gc,phases      ] GC(57) Summary Phase 0.009ms
[14.887s][info][gc,phases,start] GC(57) Adjust Roots
[14.889s][info][gc,phases      ] GC(57) Adjust Roots 2.020ms
[14.889s][info][gc,phases,start] GC(57) Compaction Phase
[14.891s][info][gc,phases      ] GC(57) Compaction Phase 1.823ms
[14.891s][info][gc,phases,start] GC(57) Post Compact
[14.892s][info][gc,phases      ] GC(57) Post Compact 0.833ms
[14.892s][info][gc,heap        ] GC(57) PSYoungGen: 32K->0K(516608K)
[14.892s][info][gc,heap        ] GC(57) ParOldGen: 163699K->5633K(1398272K)
[14.892s][info][gc,metaspace   ] GC(57) Metaspace: 24890K(25728K)->24890K(25728K) NonClass: 21818K(22272K)->21818K(22272K) Class: 3072K(3456K)->3072K(3456K)
[14.892s][info][gc             ] GC(57) Pause Full (System.gc()) 159M->5M(1870M) 9.676ms
[14.892s][info][gc,cpu         ] GC(57) User=0.00s Sys=0.00s Real=0.01s
[15.171s][info][gc,start       ] GC(58) Pause Young (Allocation Failure)
[15.233s][info][gc,heap        ] GC(58) PSYoungGen: 332800K->126025K(459264K)
[15.233s][info][gc,heap        ] GC(58) ParOldGen: 5633K->5633K(1398272K)
[15.233s][info][gc,metaspace   ] GC(58) Metaspace: 24890K(25728K)->24890K(25728K) NonClass: 21818K(22272K)->21818K(22272K) Class: 3072K(3456K)->3072K(3456K)
[15.233s][info][gc             ] GC(58) Pause Young (Allocation Failure) 330M->128M(1814M) 61.516ms
[15.233s][info][gc,cpu         ] GC(58) User=0.30s Sys=0.00s Real=0.06s
[15.519s][info][gc,start       ] GC(59) Pause Young (Allocation Failure)
[15.602s][info][gc,heap        ] GC(59) PSYoungGen: 458825K->74489K(512512K)
[15.602s][info][gc,heap        ] GC(59) ParOldGen: 5633K->103490K(1398272K)
[15.602s][info][gc,metaspace   ] GC(59) Metaspace: 24890K(25728K)->24890K(25728K) NonClass: 21818K(22272K)->21818K(22272K) Class: 3072K(3456K)->3072K(3456K)
[15.602s][info][gc             ] GC(59) Pause Young (Allocation Failure) 453M->173M(1866M) 83.006ms
[15.602s][info][gc,cpu         ] GC(59) User=0.50s Sys=0.00s Real=0.09s
[15.771s][info][gc,start       ] GC(60) Pause Young (System.gc())
[15.802s][info][gc,heap        ] GC(60) PSYoungGen: 354053K->32K(503296K)
[15.802s][info][gc,heap        ] GC(60) ParOldGen: 103490K->163667K(1398272K)
[15.802s][info][gc,metaspace   ] GC(60) Metaspace: 24890K(25728K)->24890K(25728K) NonClass: 21818K(22272K)->21818K(22272K) Class: 3072K(3456K)->3072K(3456K)
[15.802s][info][gc             ] GC(60) Pause Young (System.gc()) 446M->159M(1857M) 31.017ms
[15.802s][info][gc,cpu         ] GC(60) User=0.02s Sys=0.00s Real=0.02s
[15.802s][info][gc,start       ] GC(61) Pause Full (System.gc())
[15.802s][info][gc,phases,start] GC(61) Marking Phase
[15.806s][info][gc,phases      ] GC(61) Marking Phase 4.602ms
[15.806s][info][gc,phases,start] GC(61) Summary Phase
[15.806s][info][gc,phases      ] GC(61) Summary Phase 0.011ms
[15.806s][info][gc,phases,start] GC(61) Adjust Roots
[15.809s][info][gc,phases      ] GC(61) Adjust Roots 2.111ms
[15.809s][info][gc,phases,start] GC(61) Compaction Phase
[15.810s][info][gc,phases      ] GC(61) Compaction Phase 1.810ms
[15.810s][info][gc,phases,start] GC(61) Post Compact
[15.811s][info][gc,phases      ] GC(61) Post Compact 0.839ms
[15.811s][info][gc,heap        ] GC(61) PSYoungGen: 32K->0K(503296K)
[15.811s][info][gc,heap        ] GC(61) ParOldGen: 163667K->5633K(1398272K)
[15.811s][info][gc,metaspace   ] GC(61) Metaspace: 24890K(25728K)->24890K(25728K) NonClass: 21818K(22272K)->21818K(22272K) Class: 3072K(3456K)->3072K(3456K)
[15.811s][info][gc             ] GC(61) Pause Full (System.gc()) 159M->5M(1857M) 9.602ms
[15.811s][info][gc,cpu         ] GC(61) User=0.02s Sys=0.00s Real=0.02s
[16.077s][info][gc,start       ] GC(62) Pause Young (Allocation Failure)
[16.137s][info][gc,heap        ] GC(62) PSYoungGen: 316928K->120488K(493056K)
[16.137s][info][gc,heap        ] GC(62) ParOldGen: 5633K->5633K(1398272K)
[16.137s][info][gc,metaspace   ] GC(62) Metaspace: 24890K(25728K)->24890K(25728K) NonClass: 21818K(22272K)->21818K(22272K) Class: 3072K(3456K)->3072K(3456K)
[16.137s][info][gc             ] GC(62) Pause Young (Allocation Failure) 315M->123M(1847M) 60.438ms
[16.137s][info][gc,cpu         ] GC(62) User=0.30s Sys=0.00s Real=0.06s
[16.407s][info][gc,start       ] GC(63) Pause Young (Allocation Failure)
[16.484s][info][gc,heap        ] GC(63) PSYoungGen: 427989K->74242K(503296K)
[16.484s][info][gc,heap        ] GC(63) ParOldGen: 5633K->98338K(1398272K)
[16.484s][info][gc,metaspace   ] GC(63) Metaspace: 24898K(25728K)->24898K(25728K) NonClass: 21826K(22272K)->21826K(22272K) Class: 3072K(3456K)->3072K(3456K)
[16.484s][info][gc             ] GC(63) Pause Young (Allocation Failure) 423M->168M(1857M) 77.257ms
[16.484s][info][gc,cpu         ] GC(63) User=0.39s Sys=0.00s Real=0.08s
[16.644s][info][gc,start       ] GC(64) Pause Young (Allocation Failure)
[16.683s][info][gc,heap        ] GC(64) PSYoungGen: 381954K->37056K(520192K)
[16.683s][info][gc,heap        ] GC(64) ParOldGen: 98338K->164187K(1398272K)
[16.683s][info][gc,metaspace   ] GC(64) Metaspace: 24898K(25728K)->24898K(25728K) NonClass: 21826K(22272K)->21826K(22272K) Class: 3072K(3456K)->3072K(3456K)
[16.683s][info][gc             ] GC(64) Pause Young (Allocation Failure) 469M->196M(1873M) 39.105ms
[16.683s][info][gc,cpu         ] GC(64) User=0.05s Sys=0.00s Real=0.05s
[16.702s][info][gc,start       ] GC(65) Pause Young (System.gc())
[16.702s][info][gc,heap        ] GC(65) PSYoungGen: 58550K->128K(512512K)
[16.702s][info][gc,heap        ] GC(65) ParOldGen: 164187K->164187K(1398272K)
[16.702s][info][gc,metaspace   ] GC(65) Metaspace: 24900K(25728K)->24900K(25728K) NonClass: 21828K(22272K)->21828K(22272K) Class: 3072K(3456K)->3072K(3456K)
[16.702s][info][gc             ] GC(65) Pause Young (System.gc()) 217M->160M(1866M) 0.542ms
[16.702s][info][gc,cpu         ] GC(65) User=0.00s Sys=0.00s Real=0.00s
[16.702s][info][gc,start       ] GC(66) Pause Full (System.gc())
[16.702s][info][gc,phases,start] GC(66) Marking Phase
[16.707s][info][gc,phases      ] GC(66) Marking Phase 4.390ms
[16.707s][info][gc,phases,start] GC(66) Summary Phase
[16.707s][info][gc,phases      ] GC(66) Summary Phase 0.009ms
[16.707s][info][gc,phases,start] GC(66) Adjust Roots
[16.709s][info][gc,phases      ] GC(66) Adjust Roots 2.033ms
[16.709s][info][gc,phases,start] GC(66) Compaction Phase
[16.711s][info][gc,phases      ] GC(66) Compaction Phase 2.326ms
[16.711s][info][gc,phases,start] GC(66) Post Compact
[16.712s][info][gc,phases      ] GC(66) Post Compact 0.816ms
[16.712s][info][gc,heap        ] GC(66) PSYoungGen: 128K->0K(512512K)
[16.712s][info][gc,heap        ] GC(66) ParOldGen: 164187K->5633K(1398272K)
[16.712s][info][gc,metaspace   ] GC(66) Metaspace: 24900K(25728K)->24900K(25728K) NonClass: 21828K(22272K)->21828K(22272K) Class: 3072K(3456K)->3072K(3456K)
[16.712s][info][gc             ] GC(66) Pause Full (System.gc()) 160M->5M(1866M) 9.803ms
[16.712s][info][gc,cpu         ] GC(66) User=0.00s Sys=0.00s Real=0.00s
[17.001s][info][gc,start       ] GC(67) Pause Young (Allocation Failure)
[17.063s][info][gc,heap        ] GC(67) PSYoungGen: 333824K->126364K(493568K)
[17.063s][info][gc,heap        ] GC(67) ParOldGen: 5633K->5633K(1398272K)
[17.063s][info][gc,metaspace   ] GC(67) Metaspace: 24904K(25728K)->24904K(25728K) NonClass: 21831K(22272K)->21831K(22272K) Class: 3072K(3456K)->3072K(3456K)
[17.063s][info][gc             ] GC(67) Pause Young (Allocation Failure) 331M->128M(1847M) 62.027ms
[17.063s][info][gc,cpu         ] GC(67) User=0.30s Sys=0.00s Real=0.06s
[17.346s][info][gc,start       ] GC(68) Pause Young (Allocation Failure)
[17.424s][info][gc,heap        ] GC(68) PSYoungGen: 442268K->69529K(507392K)
[17.424s][info][gc,heap        ] GC(68) ParOldGen: 5633K->103853K(1398272K)
[17.424s][info][gc,metaspace   ] GC(68) Metaspace: 24904K(25728K)->24904K(25728K) NonClass: 21832K(22272K)->21832K(22272K) Class: 3072K(3456K)->3072K(3456K)
[17.424s][info][gc             ] GC(68) Pause Young (Allocation Failure) 437M->169M(1861M) 77.686ms
[17.424s][info][gc,cpu         ] GC(68) User=0.38s Sys=0.00s Real=0.08s
[17.611s][info][gc,start       ] GC(69) Pause Young (System.gc())
[17.641s][info][gc,heap        ] GC(69) PSYoungGen: 370806K->32K(518656K)
[17.641s][info][gc,heap        ] GC(69) ParOldGen: 103853K->163659K(1398272K)
[17.641s][info][gc,metaspace   ] GC(69) Metaspace: 24904K(25728K)->24904K(25728K) NonClass: 21832K(22272K)->21832K(22272K) Class: 3072K(3456K)->3072K(3456K)
[17.641s][info][gc             ] GC(69) Pause Young (System.gc()) 463M->159M(1872M) 30.521ms
[17.641s][info][gc,cpu         ] GC(69) User=0.03s Sys=0.00s Real=0.03s
[17.641s][info][gc,start       ] GC(70) Pause Full (System.gc())
[17.641s][info][gc,phases,start] GC(70) Marking Phase
[17.646s][info][gc,phases      ] GC(70) Marking Phase 4.756ms
[17.646s][info][gc,phases,start] GC(70) Summary Phase
[17.646s][info][gc,phases      ] GC(70) Summary Phase 0.010ms
[17.646s][info][gc,phases,start] GC(70) Adjust Roots
[17.649s][info][gc,phases      ] GC(70) Adjust Roots 2.435ms
[17.649s][info][gc,phases,start] GC(70) Compaction Phase
[17.651s][info][gc,phases      ] GC(70) Compaction Phase 2.692ms
[17.651s][info][gc,phases,start] GC(70) Post Compact
[17.652s][info][gc,phases      ] GC(70) Post Compact 0.838ms
[17.652s][info][gc,heap        ] GC(70) PSYoungGen: 32K->0K(518656K)
[17.652s][info][gc,heap        ] GC(70) ParOldGen: 163659K->5634K(1398272K)
[17.652s][info][gc,metaspace   ] GC(70) Metaspace: 24904K(25728K)->24904K(25728K) NonClass: 21832K(22272K)->21832K(22272K) Class: 3072K(3456K)->3072K(3456K)
[17.652s][info][gc             ] GC(70) Pause Full (System.gc()) 159M->5M(1872M) 10.956ms
[17.652s][info][gc,cpu         ] GC(70) User=0.00s Sys=0.00s Real=0.00s
[17.933s][info][gc,start       ] GC(71) Pause Young (Allocation Failure)
[17.998s][info][gc,heap        ] GC(71) PSYoungGen: 337408K->127639K(465408K)
[17.998s][info][gc,heap        ] GC(71) ParOldGen: 5634K->5634K(1398272K)
[17.998s][info][gc,metaspace   ] GC(71) Metaspace: 24904K(25728K)->24904K(25728K) NonClass: 21832K(22272K)->21832K(22272K) Class: 3072K(3456K)->3072K(3456K)
[17.998s][info][gc             ] GC(71) Pause Young (Allocation Failure) 335M->130M(1820M) 64.828ms
[17.998s][info][gc,cpu         ] GC(71) User=0.38s Sys=0.00s Real=0.06s
[18.281s][info][gc,start       ] GC(72) Pause Young (Allocation Failure)
[18.359s][info][gc,heap        ] GC(72) PSYoungGen: 465047K->74621K(514048K)
[18.359s][info][gc,heap        ] GC(72) ParOldGen: 5634K->104974K(1398272K)
[18.359s][info][gc,metaspace   ] GC(72) Metaspace: 24904K(25728K)->24904K(25728K) NonClass: 21832K(22272K)->21832K(22272K) Class: 3072K(3456K)->3072K(3456K)
[18.359s][info][gc             ] GC(72) Pause Young (Allocation Failure) 459M->175M(1867M) 78.231ms
[18.359s][info][gc,cpu         ] GC(72) User=0.44s Sys=0.00s Real=0.08s
[18.594s][info][gc,start       ] GC(73) Pause Young (System.gc())
[18.625s][info][gc,heap        ] GC(73) PSYoungGen: 282157K->64K(504832K)
[18.625s][info][gc,heap        ] GC(73) ParOldGen: 104974K->163676K(1398272K)
[18.625s][info][gc,metaspace   ] GC(73) Metaspace: 24913K(25728K)->24913K(25728K) NonClass: 21840K(22272K)->21840K(22272K) Class: 3072K(3456K)->3072K(3456K)
[18.625s][info][gc             ] GC(73) Pause Young (System.gc()) 378M->159M(1858M) 30.837ms
[18.625s][info][gc,cpu         ] GC(73) User=0.02s Sys=0.00s Real=0.03s
[18.625s][info][gc,start       ] GC(74) Pause Full (System.gc())
[18.625s][info][gc,phases,start] GC(74) Marking Phase
[18.630s][info][gc,phases      ] GC(74) Marking Phase 4.930ms
[18.630s][info][gc,phases,start] GC(74) Summary Phase
[18.630s][info][gc,phases      ] GC(74) Summary Phase 0.010ms
[18.630s][info][gc,phases,start] GC(74) Adjust Roots
[18.632s][info][gc,phases      ] GC(74) Adjust Roots 2.387ms
[18.632s][info][gc,phases,start] GC(74) Compaction Phase
[18.636s][info][gc,phases      ] GC(74) Compaction Phase 3.445ms
[18.636s][info][gc,phases,start] GC(74) Post Compact
[18.636s][info][gc,phases      ] GC(74) Post Compact 0.840ms
[18.637s][info][gc,heap        ] GC(74) PSYoungGen: 64K->0K(504832K)
[18.637s][info][gc,heap        ] GC(74) ParOldGen: 163676K->5635K(1398272K)
[18.637s][info][gc,metaspace   ] GC(74) Metaspace: 24913K(25728K)->24913K(25728K) NonClass: 21840K(22272K)->21840K(22272K) Class: 3072K(3456K)->3072K(3456K)
[18.637s][info][gc             ] GC(74) Pause Full (System.gc()) 159M->5M(1858M) 11.886ms
[18.637s][info][gc,cpu         ] GC(74) User=0.00s Sys=0.00s Real=0.02s
[18.903s][info][gc,start       ] GC(75) Pause Young (Allocation Failure)
[18.964s][info][gc,heap        ] GC(75) PSYoungGen: 320000K->121591K(494080K)
[18.964s][info][gc,heap        ] GC(75) ParOldGen: 5635K->5635K(1398272K)
[18.964s][info][gc,metaspace   ] GC(75) Metaspace: 24913K(25728K)->24913K(25728K) NonClass: 21840K(22272K)->21840K(22272K) Class: 3072K(3456K)->3072K(3456K)
[18.964s][info][gc             ] GC(75) Pause Young (Allocation Failure) 318M->124M(1848M) 61.191ms
[18.964s][info][gc,cpu         ] GC(75) User=0.30s Sys=0.00s Real=0.06s
[19.262s][info][gc,start       ] GC(76) Pause Young (Allocation Failure)
[19.340s][info][gc,heap        ] GC(76) PSYoungGen: 430280K->79753K(504320K)
[19.340s][info][gc,heap        ] GC(76) ParOldGen: 5635K->99302K(1398272K)
[19.340s][info][gc,metaspace   ] GC(76) Metaspace: 24913K(25728K)->24913K(25728K) NonClass: 21840K(22272K)->21840K(22272K) Class: 3072K(3456K)->3072K(3456K)
[19.340s][info][gc             ] GC(76) Pause Young (Allocation Failure) 425M->174M(1858M) 78.298ms
[19.340s][info][gc,cpu         ] GC(76) User=0.39s Sys=0.00s Real=0.08s
[19.498s][info][gc,start       ] GC(77) Pause Young (System.gc())
[19.532s][info][gc,heap        ] GC(77) PSYoungGen: 273859K->96K(512512K)
[19.532s][info][gc,heap        ] GC(77) ParOldGen: 99302K->163692K(1398272K)
[19.532s][info][gc,metaspace   ] GC(77) Metaspace: 24913K(25728K)->24913K(25728K) NonClass: 21840K(22272K)->21840K(22272K) Class: 3072K(3456K)->3072K(3456K)
[19.532s][info][gc             ] GC(77) Pause Young (System.gc()) 364M->159M(1866M) 33.605ms
[19.532s][info][gc,cpu         ] GC(77) User=0.03s Sys=0.00s Real=0.03s
[19.532s][info][gc,start       ] GC(78) Pause Full (System.gc())
[19.532s][info][gc,phases,start] GC(78) Marking Phase
[19.537s][info][gc,phases      ] GC(78) Marking Phase 4.846ms
[19.537s][info][gc,phases,start] GC(78) Summary Phase
[19.537s][info][gc,phases      ] GC(78) Summary Phase 0.010ms
[19.537s][info][gc,phases,start] GC(78) Adjust Roots
[19.539s][info][gc,phases      ] GC(78) Adjust Roots 2.367ms
[19.539s][info][gc,phases,start] GC(78) Compaction Phase
[19.541s][info][gc,phases      ] GC(78) Compaction Phase 2.076ms
[19.541s][info][gc,phases,start] GC(78) Post Compact
[19.542s][info][gc,phases      ] GC(78) Post Compact 0.804ms
[19.542s][info][gc,heap        ] GC(78) PSYoungGen: 96K->0K(512512K)
[19.542s][info][gc,heap        ] GC(78) ParOldGen: 163692K->5638K(1398272K)
[19.542s][info][gc,metaspace   ] GC(78) Metaspace: 24913K(25728K)->24913K(25728K) NonClass: 21840K(22272K)->21840K(22272K) Class: 3072K(3456K)->3072K(3456K)
[19.542s][info][gc             ] GC(78) Pause Full (System.gc()) 159M->5M(1866M) 10.346ms
[19.542s][info][gc,cpu         ] GC(78) User=0.02s Sys=0.00s Real=0.01s
[19.813s][info][gc,start       ] GC(79) Pause Young (Allocation Failure)
[19.875s][info][gc,heap        ] GC(79) PSYoungGen: 325120K->123314K(448512K)
[19.875s][info][gc,heap        ] GC(79) ParOldGen: 5638K->5638K(1398272K)
[19.875s][info][gc,metaspace   ] GC(79) Metaspace: 24913K(25728K)->24913K(25728K) NonClass: 21840K(22272K)->21840K(22272K) Class: 3072K(3456K)->3072K(3456K)
[19.875s][info][gc             ] GC(79) Pause Young (Allocation Failure) 323M->125M(1803M) 62.287ms
[19.875s][info][gc,cpu         ] GC(79) User=0.28s Sys=0.00s Real=0.07s
[20.178s][info][gc,start       ] GC(80) Pause Young (Allocation Failure)
[20.257s][info][gc,heap        ] GC(80) PSYoungGen: 448434K->81605K(508928K)
[20.257s][info][gc,heap        ] GC(80) ParOldGen: 5638K->100971K(1398272K)
[20.257s][info][gc,metaspace   ] GC(80) Metaspace: 24915K(25728K)->24915K(25728K) NonClass: 21842K(22272K)->21842K(22272K) Class: 3072K(3456K)->3072K(3456K)
[20.257s][info][gc             ] GC(80) Pause Young (Allocation Failure) 443M->178M(1862M) 78.310ms
[20.257s][info][gc,cpu         ] GC(80) User=0.41s Sys=0.00s Real=0.07s
[20.401s][info][gc,start       ] GC(81) Pause Young (System.gc())
[20.433s][info][gc,heap        ] GC(81) PSYoungGen: 256621K->32K(501760K)
[20.435s][info][gc,heap        ] GC(81) ParOldGen: 100971K->163640K(1398272K)
[20.435s][info][gc,metaspace   ] GC(81) Metaspace: 24915K(25728K)->24915K(25728K) NonClass: 21842K(22272K)->21842K(22272K) Class: 3072K(3456K)->3072K(3456K)
[20.435s][info][gc             ] GC(81) Pause Young (System.gc()) 349M->159M(1855M) 34.397ms
[20.435s][info][gc,cpu         ] GC(81) User=0.03s Sys=0.00s Real=0.05s
[20.435s][info][gc,start       ] GC(82) Pause Full (System.gc())
[20.435s][info][gc,phases,start] GC(82) Marking Phase
[20.441s][info][gc,phases      ] GC(82) Marking Phase 5.125ms
[20.441s][info][gc,phases,start] GC(82) Summary Phase
[20.441s][info][gc,phases      ] GC(82) Summary Phase 0.010ms
[20.441s][info][gc,phases,start] GC(82) Adjust Roots
[20.443s][info][gc,phases      ] GC(82) Adjust Roots 2.106ms
[20.443s][info][gc,phases,start] GC(82) Compaction Phase
[20.445s][info][gc,phases      ] GC(82) Compaction Phase 1.832ms
[20.445s][info][gc,phases,start] GC(82) Post Compact
[20.446s][info][gc,phases      ] GC(82) Post Compact 0.894ms
[20.446s][info][gc,heap        ] GC(82) PSYoungGen: 32K->0K(501760K)
[20.446s][info][gc,heap        ] GC(82) ParOldGen: 163640K->5640K(1398272K)
[20.446s][info][gc,metaspace   ] GC(82) Metaspace: 24915K(25728K)->24915K(25728K) NonClass: 21842K(22272K)->21842K(22272K) Class: 3072K(3456K)->3072K(3456K)
[20.446s][info][gc             ] GC(82) Pause Full (System.gc()) 159M->5M(1855M) 10.229ms
[20.446s][info][gc,cpu         ] GC(82) User=0.00s Sys=0.00s Real=0.00s
[20.708s][info][gc,start       ] GC(83) Pause Young (Allocation Failure)
[20.767s][info][gc,heap        ] GC(83) PSYoungGen: 311808K->118708K(493056K)
[20.767s][info][gc,heap        ] GC(83) ParOldGen: 5640K->5640K(1398272K)
[20.767s][info][gc,metaspace   ] GC(83) Metaspace: 24915K(25728K)->24915K(25728K) NonClass: 21842K(22272K)->21842K(22272K) Class: 3072K(3456K)->3072K(3456K)
[20.767s][info][gc             ] GC(83) Pause Young (Allocation Failure) 310M->121M(1847M) 59.488ms
[20.767s][info][gc,cpu         ] GC(83) User=0.30s Sys=0.00s Real=0.06s
[21.062s][info][gc,start       ] GC(84) Pause Young (Allocation Failure)
[21.140s][info][gc,heap        ] GC(84) PSYoungGen: 422324K->76674K(501248K)
[21.140s][info][gc,heap        ] GC(84) ParOldGen: 5640K->96674K(1398272K)
[21.140s][info][gc,metaspace   ] GC(84) Metaspace: 24915K(25728K)->24915K(25728K) NonClass: 21842K(22272K)->21842K(22272K) Class: 3072K(3456K)->3072K(3456K)
[21.140s][info][gc             ] GC(84) Pause Young (Allocation Failure) 417M->169M(1855M) 77.860ms
[21.140s][info][gc,cpu         ] GC(84) User=0.38s Sys=0.00s Real=0.06s
[21.293s][info][gc,start       ] GC(85) Pause Young (System.gc())
[21.328s][info][gc,heap        ] GC(85) PSYoungGen: 284304K->32K(510976K)
[21.328s][info][gc,heap        ] GC(85) ParOldGen: 96674K->163641K(1398272K)
[21.328s][info][gc,metaspace   ] GC(85) Metaspace: 24915K(25728K)->24915K(25728K) NonClass: 21842K(22272K)->21842K(22272K) Class: 3072K(3456K)->3072K(3456K)
[21.328s][info][gc             ] GC(85) Pause Young (System.gc()) 372M->159M(1864M) 35.341ms
[21.328s][info][gc,cpu         ] GC(85) User=0.03s Sys=0.00s Real=0.03s
[21.328s][info][gc,start       ] GC(86) Pause Full (System.gc())
[21.328s][info][gc,phases,start] GC(86) Marking Phase
[21.333s][info][gc,phases      ] GC(86) Marking Phase 4.710ms
[21.333s][info][gc,phases,start] GC(86) Summary Phase
[21.333s][info][gc,phases      ] GC(86) Summary Phase 0.011ms
[21.333s][info][gc,phases,start] GC(86) Adjust Roots
[21.335s][info][gc,phases      ] GC(86) Adjust Roots 2.254ms
[21.335s][info][gc,phases,start] GC(86) Compaction Phase
[21.337s][info][gc,phases      ] GC(86) Compaction Phase 2.423ms
[21.337s][info][gc,phases,start] GC(86) Post Compact
[21.338s][info][gc,phases      ] GC(86) Post Compact 0.809ms
[21.338s][info][gc,heap        ] GC(86) PSYoungGen: 32K->0K(510976K)
[21.338s][info][gc,heap        ] GC(86) ParOldGen: 163641K->5641K(1398272K)
[21.338s][info][gc,metaspace   ] GC(86) Metaspace: 24915K(25728K)->24915K(25728K) NonClass: 21842K(22272K)->21842K(22272K) Class: 3072K(3456K)->3072K(3456K)
[21.338s][info][gc             ] GC(86) Pause Full (System.gc()) 159M->5M(1864M) 10.478ms
[21.338s][info][gc,cpu         ] GC(86) User=0.02s Sys=0.00s Real=0.02s
[21.611s][info][gc,start       ] GC(87) Pause Young (Allocation Failure)
[21.670s][info][gc,heap        ] GC(87) PSYoungGen: 322560K->122405K(445440K)
[21.670s][info][gc,heap        ] GC(87) ParOldGen: 5641K->5641K(1398272K)
[21.670s][info][gc,metaspace   ] GC(87) Metaspace: 24915K(25728K)->24915K(25728K) NonClass: 21842K(22272K)->21842K(22272K) Class: 3072K(3456K)->3072K(3456K)
[21.670s][info][gc             ] GC(87) Pause Young (Allocation Failure) 320M->125M(1800M) 58.873ms
[21.670s][info][gc,cpu         ] GC(87) User=0.22s Sys=0.00s Real=0.05s
[21.972s][info][gc,start       ] GC(88) Pause Young (Allocation Failure)
[22.051s][info][gc,heap        ] GC(88) PSYoungGen: 444837K->82496K(508416K)
[22.051s][info][gc,heap        ] GC(88) ParOldGen: 5641K->100115K(1398272K)
[22.051s][info][gc,metaspace   ] GC(88) Metaspace: 24916K(25728K)->24916K(25728K) NonClass: 21843K(22272K)->21843K(22272K) Class: 3072K(3456K)->3072K(3456K)
[22.051s][info][gc             ] GC(88) Pause Young (Allocation Failure) 439M->178M(1862M) 79.265ms
[22.051s][info][gc,cpu         ] GC(88) User=0.39s Sys=0.00s Real=0.08s
[22.181s][info][gc,start       ] GC(89) Pause Young (System.gc())
[22.214s][info][gc,heap        ] GC(89) PSYoungGen: 264715K->32K(501248K)
[22.214s][info][gc,heap        ] GC(89) ParOldGen: 100115K->163643K(1398272K)
[22.214s][info][gc,metaspace   ] GC(89) Metaspace: 24916K(25728K)->24916K(25728K) NonClass: 21843K(22272K)->21843K(22272K) Class: 3072K(3456K)->3072K(3456K)
[22.214s][info][gc             ] GC(89) Pause Young (System.gc()) 356M->159M(1855M) 33.414ms
[22.214s][info][gc,cpu         ] GC(89) User=0.02s Sys=0.00s Real=0.03s
[22.214s][info][gc,start       ] GC(90) Pause Full (System.gc())
[22.214s][info][gc,phases,start] GC(90) Marking Phase
[22.219s][info][gc,phases      ] GC(90) Marking Phase 5.012ms
[22.219s][info][gc,phases,start] GC(90) Summary Phase
[22.219s][info][gc,phases      ] GC(90) Summary Phase 0.011ms
[22.219s][info][gc,phases,start] GC(90) Adjust Roots
[22.221s][info][gc,phases      ] GC(90) Adjust Roots 2.160ms
[22.221s][info][gc,phases,start] GC(90) Compaction Phase
[22.223s][info][gc,phases      ] GC(90) Compaction Phase 1.686ms
[22.223s][info][gc,phases,start] GC(90) Post Compact
[22.224s][info][gc,phases      ] GC(90) Post Compact 0.803ms
[22.224s][info][gc,heap        ] GC(90) PSYoungGen: 32K->0K(501248K)
[22.224s][info][gc,heap        ] GC(90) ParOldGen: 163643K->5641K(1398272K)
[22.224s][info][gc,metaspace   ] GC(90) Metaspace: 24916K(25728K)->24916K(25728K) NonClass: 21843K(22272K)->21843K(22272K) Class: 3072K(3456K)->3072K(3456K)
[22.224s][info][gc             ] GC(90) Pause Full (System.gc()) 159M->5M(1855M) 9.903ms
[22.224s][info][gc,cpu         ] GC(90) User=0.02s Sys=0.00s Real=0.02s
[22.481s][info][gc,start       ] GC(91) Pause Young (Allocation Failure)
[22.541s][info][gc,heap        ] GC(91) PSYoungGen: 310784K->118363K(492544K)
[22.541s][info][gc,heap        ] GC(91) ParOldGen: 5641K->5641K(1398272K)
[22.541s][info][gc,metaspace   ] GC(91) Metaspace: 24916K(25728K)->24916K(25728K) NonClass: 21843K(22272K)->21843K(22272K) Class: 3072K(3456K)->3072K(3456K)
[22.541s][info][gc             ] GC(91) Pause Young (Allocation Failure) 309M->121M(1846M) 59.304ms
[22.541s][info][gc,cpu         ] GC(91) User=0.20s Sys=0.00s Real=0.06s
[22.827s][info][gc,start       ] GC(92) Pause Young (Allocation Failure)
[22.905s][info][gc,heap        ] GC(92) PSYoungGen: 420955K->77135K(500736K)
[22.905s][info][gc,heap        ] GC(92) ParOldGen: 5641K->96274K(1398272K)
[22.905s][info][gc,metaspace   ] GC(92) Metaspace: 24917K(25728K)->24917K(25728K) NonClass: 21844K(22272K)->21844K(22272K) Class: 3072K(3456K)->3072K(3456K)
[22.905s][info][gc             ] GC(92) Pause Young (Allocation Failure) 416M->169M(1854M) 78.137ms
[22.905s][info][gc,cpu         ] GC(92) User=0.39s Sys=0.00s Real=0.08s
[23.080s][info][gc,start       ] GC(93) Pause Young (System.gc())
[23.114s][info][gc,heap        ] GC(93) PSYoungGen: 294284K->32K(510464K)
[23.114s][info][gc,heap        ] GC(93) ParOldGen: 96274K->163691K(1398272K)
[23.114s][info][gc,metaspace   ] GC(93) Metaspace: 24917K(25728K)->24917K(25728K) NonClass: 21844K(22272K)->21844K(22272K) Class: 3072K(3456K)->3072K(3456K)
[23.114s][info][gc             ] GC(93) Pause Young (System.gc()) 381M->159M(1864M) 34.442ms
[23.114s][info][gc,cpu         ] GC(93) User=0.03s Sys=0.00s Real=0.03s
[23.114s][info][gc,start       ] GC(94) Pause Full (System.gc())
[23.114s][info][gc,phases,start] GC(94) Marking Phase
[23.119s][info][gc,phases      ] GC(94) Marking Phase 4.895ms
[23.119s][info][gc,phases,start] GC(94) Summary Phase
[23.119s][info][gc,phases      ] GC(94) Summary Phase 0.009ms
[23.119s][info][gc,phases,start] GC(94) Adjust Roots
[23.122s][info][gc,phases      ] GC(94) Adjust Roots 2.265ms
[23.122s][info][gc,phases,start] GC(94) Compaction Phase
[23.124s][info][gc,phases      ] GC(94) Compaction Phase 2.676ms
[23.124s][info][gc,phases,start] GC(94) Post Compact
[23.125s][info][gc,phases      ] GC(94) Post Compact 0.872ms
[23.125s][info][gc,heap        ] GC(94) PSYoungGen: 32K->0K(510464K)
[23.125s][info][gc,heap        ] GC(94) ParOldGen: 163691K->5641K(1398272K)
[23.125s][info][gc,metaspace   ] GC(94) Metaspace: 24917K(25728K)->24917K(25728K) NonClass: 21844K(22272K)->21844K(22272K) Class: 3072K(3456K)->3072K(3456K)
[23.125s][info][gc             ] GC(94) Pause Full (System.gc()) 159M->5M(1864M) 11.042ms
[23.125s][info][gc,cpu         ] GC(94) User=0.00s Sys=0.00s Real=0.01s
[23.393s][info][gc,start       ] GC(95) Pause Young (Allocation Failure)
[23.454s][info][gc,heap        ] GC(95) PSYoungGen: 322048K->122288K(444416K)
[23.454s][info][gc,heap        ] GC(95) ParOldGen: 5641K->5641K(1398272K)
[23.454s][info][gc,metaspace   ] GC(95) Metaspace: 24917K(25728K)->24917K(25728K) NonClass: 21844K(22272K)->21844K(22272K) Class: 3072K(3456K)->3072K(3456K)
[23.454s][info][gc             ] GC(95) Pause Young (Allocation Failure) 320M->124M(1799M) 61.575ms
[23.454s][info][gc,cpu         ] GC(95) User=0.31s Sys=0.00s Real=0.06s
[23.758s][info][gc,start       ] GC(96) Pause Young (Allocation Failure)
[23.836s][info][gc,heap        ] GC(96) PSYoungGen: 444336K->79585K(509440K)
[23.836s][info][gc,heap        ] GC(96) ParOldGen: 5641K->99932K(1398272K)
[23.836s][info][gc,metaspace   ] GC(96) Metaspace: 24917K(25728K)->24917K(25728K) NonClass: 21844K(22272K)->21844K(22272K) Class: 3072K(3456K)->3072K(3456K)
[23.836s][info][gc             ] GC(96) Pause Young (Allocation Failure) 439M->175M(1863M) 78.536ms
[23.836s][info][gc,cpu         ] GC(96) User=0.39s Sys=0.00s Real=0.08s
[23.977s][info][gc,start       ] GC(97) Pause Young (System.gc())
[24.009s][info][gc,heap        ] GC(97) PSYoungGen: 261984K->32K(500736K)
[24.009s][info][gc,heap        ] GC(97) ParOldGen: 99932K->163651K(1398272K)
[24.009s][info][gc,metaspace   ] GC(97) Metaspace: 24917K(25728K)->24917K(25728K) NonClass: 21844K(22272K)->21844K(22272K) Class: 3072K(3456K)->3072K(3456K)
[24.009s][info][gc             ] GC(97) Pause Young (System.gc()) 353M->159M(1854M) 32.243ms
[24.009s][info][gc,cpu         ] GC(97) User=0.02s Sys=0.00s Real=0.02s
[24.009s][info][gc,start       ] GC(98) Pause Full (System.gc())
[24.009s][info][gc,phases,start] GC(98) Marking Phase
[24.014s][info][gc,phases      ] GC(98) Marking Phase 4.883ms
[24.014s][info][gc,phases,start] GC(98) Summary Phase
[24.014s][info][gc,phases      ] GC(98) Summary Phase 0.015ms
[24.014s][info][gc,phases,start] GC(98) Adjust Roots
[24.017s][info][gc,phases      ] GC(98) Adjust Roots 2.407ms
[24.017s][info][gc,phases,start] GC(98) Compaction Phase
[24.019s][info][gc,phases      ] GC(98) Compaction Phase 2.131ms
[24.019s][info][gc,phases,start] GC(98) Post Compact
[24.020s][info][gc,phases      ] GC(98) Post Compact 0.823ms
[24.020s][info][gc,heap        ] GC(98) PSYoungGen: 32K->0K(500736K)
[24.020s][info][gc,heap        ] GC(98) ParOldGen: 163651K->5641K(1398272K)
[24.020s][info][gc,metaspace   ] GC(98) Metaspace: 24917K(25728K)->24917K(25728K) NonClass: 21844K(22272K)->21844K(22272K) Class: 3072K(3456K)->3072K(3456K)
[24.020s][info][gc             ] GC(98) Pause Full (System.gc()) 159M->5M(1854M) 10.514ms
[24.020s][info][gc,cpu         ] GC(98) User=0.00s Sys=0.00s Real=0.01s
[24.278s][info][gc,start       ] GC(99) Pause Young (Allocation Failure)
[24.335s][info][gc,heap        ] GC(99) PSYoungGen: 311296K->118523K(492544K)
[24.335s][info][gc,heap        ] GC(99) ParOldGen: 5641K->5641K(1398272K)
[24.335s][info][gc,metaspace   ] GC(99) Metaspace: 24917K(25728K)->24917K(25728K) NonClass: 21844K(22272K)->21844K(22272K) Class: 3072K(3456K)->3072K(3456K)
[24.335s][info][gc             ] GC(99) Pause Young (Allocation Failure) 309M->121M(1846M) 57.407ms
[24.335s][info][gc,cpu         ] GC(99) User=0.31s Sys=0.00s Real=0.06s
[24.646s][info][gc,start       ] GC(100) Pause Young (Allocation Failure)
[24.722s][info][gc,heap        ] GC(100) PSYoungGen: 422139K->76873K(501248K)
[24.722s][info][gc,heap        ] GC(100) ParOldGen: 5641K->96445K(1398272K)
[24.722s][info][gc,metaspace   ] GC(100) Metaspace: 24923K(25728K)->24923K(25728K) NonClass: 21850K(22272K)->21850K(22272K) Class: 3072K(3456K)->3072K(3456K)
[24.722s][info][gc             ] GC(100) Pause Young (Allocation Failure) 417M->169M(1855M) 76.154ms
[24.722s][info][gc,cpu         ] GC(100) User=0.39s Sys=0.00s Real=0.08s
[24.876s][info][gc,start       ] GC(101) Pause Young (System.gc())
[24.912s][info][gc,heap        ] GC(101) PSYoungGen: 285738K->32K(511488K)
[24.912s][info][gc,heap        ] GC(101) ParOldGen: 96445K->163595K(1398272K)
[24.912s][info][gc,metaspace   ] GC(101) Metaspace: 24923K(25728K)->24923K(25728K) NonClass: 21850K(22272K)->21850K(22272K) Class: 3072K(3456K)->3072K(3456K)
[24.912s][info][gc             ] GC(101) Pause Young (System.gc()) 373M->159M(1865M) 35.910ms
[24.912s][info][gc,cpu         ] GC(101) User=0.03s Sys=0.00s Real=0.05s
[24.912s][info][gc,start       ] GC(102) Pause Full (System.gc())
[24.912s][info][gc,phases,start] GC(102) Marking Phase
[24.916s][info][gc,phases      ] GC(102) Marking Phase 4.371ms
[24.916s][info][gc,phases,start] GC(102) Summary Phase
[24.916s][info][gc,phases      ] GC(102) Summary Phase 0.010ms
[24.916s][info][gc,phases,start] GC(102) Adjust Roots
[24.918s][info][gc,phases      ] GC(102) Adjust Roots 2.120ms
[24.918s][info][gc,phases,start] GC(102) Compaction Phase
[24.921s][info][gc,phases      ] GC(102) Compaction Phase 2.005ms
[24.921s][info][gc,phases,start] GC(102) Post Compact
[24.921s][info][gc,phases      ] GC(102) Post Compact 0.851ms
[24.921s][info][gc,heap        ] GC(102) PSYoungGen: 32K->0K(511488K)
[24.921s][info][gc,heap        ] GC(102) ParOldGen: 163595K->5641K(1398272K)
[24.921s][info][gc,metaspace   ] GC(102) Metaspace: 24923K(25728K)->24923K(25728K) NonClass: 21850K(22272K)->21850K(22272K) Class: 3072K(3456K)->3072K(3456K)
[24.921s][info][gc             ] GC(102) Pause Full (System.gc()) 159M->5M(1865M) 9.575ms
[24.922s][info][gc,cpu         ] GC(102) User=0.00s Sys=0.00s Real=0.00s
[25.190s][info][gc,start       ] GC(103) Pause Young (Allocation Failure)
[25.251s][info][gc,heap        ] GC(103) PSYoungGen: 323584K->120386K(444416K)
[25.251s][info][gc,heap        ] GC(103) ParOldGen: 5641K->5641K(1398272K)
[25.251s][info][gc,metaspace   ] GC(103) Metaspace: 24923K(25728K)->24923K(25728K) NonClass: 21850K(22272K)->21850K(22272K) Class: 3072K(3456K)->3072K(3456K)
[25.251s][info][gc             ] GC(103) Pause Young (Allocation Failure) 321M->123M(1799M) 60.469ms
[25.251s][info][gc,cpu         ] GC(103) User=0.22s Sys=0.00s Real=0.05s
[25.561s][info][gc,start       ] GC(104) Pause Young (Allocation Failure)
[25.646s][info][gc,heap        ] GC(104) PSYoungGen: 442307K->79313K(510464K)
[25.646s][info][gc,heap        ] GC(104) ParOldGen: 5641K->98227K(1398272K)
[25.646s][info][gc,metaspace   ] GC(104) Metaspace: 24923K(25728K)->24923K(25728K) NonClass: 21850K(22272K)->21850K(22272K) Class: 3072K(3456K)->3072K(3456K)
[25.646s][info][gc             ] GC(104) Pause Young (Allocation Failure) 437M->173M(1864M) 84.240ms
[25.646s][info][gc,cpu         ] GC(104) User=0.55s Sys=0.00s Real=0.08s
[25.803s][info][gc,start       ] GC(105) Pause Young (System.gc())
[25.838s][info][gc,heap        ] GC(105) PSYoungGen: 271003K->32K(502272K)
[25.838s][info][gc,heap        ] GC(105) ParOldGen: 98227K->163699K(1398272K)
[25.838s][info][gc,metaspace   ] GC(105) Metaspace: 24923K(25728K)->24923K(25728K) NonClass: 21850K(22272K)->21850K(22272K) Class: 3072K(3456K)->3072K(3456K)
[25.838s][info][gc             ] GC(105) Pause Young (System.gc()) 360M->159M(1856M) 34.740ms
[25.838s][info][gc,cpu         ] GC(105) User=0.05s Sys=0.00s Real=0.05s
[25.838s][info][gc,start       ] GC(106) Pause Full (System.gc())
[25.838s][info][gc,phases,start] GC(106) Marking Phase
[25.842s][info][gc,phases      ] GC(106) Marking Phase 4.595ms
[25.842s][info][gc,phases,start] GC(106) Summary Phase
[25.842s][info][gc,phases      ] GC(106) Summary Phase 0.010ms
[25.842s][info][gc,phases,start] GC(106) Adjust Roots
[25.845s][info][gc,phases      ] GC(106) Adjust Roots 2.270ms
[25.845s][info][gc,phases,start] GC(106) Compaction Phase
[25.846s][info][gc,phases      ] GC(106) Compaction Phase 1.472ms
[25.846s][info][gc,phases,start] GC(106) Post Compact
[25.847s][info][gc,phases      ] GC(106) Post Compact 0.831ms
[25.847s][info][gc,heap        ] GC(106) PSYoungGen: 32K->0K(502272K)
[25.847s][info][gc,heap        ] GC(106) ParOldGen: 163699K->5641K(1398272K)
[25.847s][info][gc,metaspace   ] GC(106) Metaspace: 24923K(25728K)->24923K(25728K) NonClass: 21850K(22272K)->21850K(22272K) Class: 3072K(3456K)->3072K(3456K)
[25.847s][info][gc             ] GC(106) Pause Full (System.gc()) 159M->5M(1856M) 9.448ms
[25.847s][info][gc,cpu         ] GC(106) User=0.00s Sys=0.00s Real=0.00s
[26.105s][info][gc,start       ] GC(107) Pause Young (Allocation Failure)
[26.163s][info][gc,heap        ] GC(107) PSYoungGen: 313856K->114799K(496640K)
[26.163s][info][gc,heap        ] GC(107) ParOldGen: 5641K->5641K(1398272K)
[26.163s][info][gc,metaspace   ] GC(107) Metaspace: 24924K(25728K)->24924K(25728K) NonClass: 21851K(22272K)->21851K(22272K) Class: 3072K(3456K)->3072K(3456K)
[26.163s][info][gc             ] GC(107) Pause Young (Allocation Failure) 312M->117M(1850M) 57.638ms
[26.163s][info][gc,cpu         ] GC(107) User=0.28s Sys=0.00s Real=0.05s
[26.456s][info][gc,start       ] GC(108) Pause Young (Allocation Failure)
[26.533s][info][gc,heap        ] GC(108) PSYoungGen: 423535K->79695K(503808K)
[26.533s][info][gc,heap        ] GC(108) ParOldGen: 5641K->92954K(1398272K)
[26.533s][info][gc,metaspace   ] GC(108) Metaspace: 24924K(25728K)->24924K(25728K) NonClass: 21851K(22272K)->21851K(22272K) Class: 3072K(3456K)->3072K(3456K)
[26.533s][info][gc             ] GC(108) Pause Young (Allocation Failure) 419M->168M(1857M) 76.913ms
[26.533s][info][gc,cpu         ] GC(108) User=0.39s Sys=0.00s Real=0.08s
[26.719s][info][gc,start       ] GC(109) Pause Young (System.gc())
[26.756s][info][gc,heap        ] GC(109) PSYoungGen: 306266K->32K(512000K)
[26.756s][info][gc,heap        ] GC(109) ParOldGen: 92954K->163707K(1398272K)
[26.756s][info][gc,metaspace   ] GC(109) Metaspace: 24924K(25728K)->24924K(25728K) NonClass: 21851K(22272K)->21851K(22272K) Class: 3072K(3456K)->3072K(3456K)
[26.756s][info][gc             ] GC(109) Pause Young (System.gc()) 389M->159M(1865M) 37.091ms
[26.756s][info][gc,cpu         ] GC(109) User=0.03s Sys=0.00s Real=0.04s
[26.757s][info][gc,start       ] GC(110) Pause Full (System.gc())
[26.757s][info][gc,phases,start] GC(110) Marking Phase
[26.762s][info][gc,phases      ] GC(110) Marking Phase 5.460ms
[26.762s][info][gc,phases,start] GC(110) Summary Phase
[26.762s][info][gc,phases      ] GC(110) Summary Phase 0.010ms
[26.762s][info][gc,phases,start] GC(110) Adjust Roots
[26.764s][info][gc,phases      ] GC(110) Adjust Roots 2.122ms
[26.764s][info][gc,phases,start] GC(110) Compaction Phase
[26.766s][info][gc,phases      ] GC(110) Compaction Phase 1.817ms
[26.766s][info][gc,phases,start] GC(110) Post Compact
[26.767s][info][gc,phases      ] GC(110) Post Compact 0.824ms
[26.767s][info][gc,heap        ] GC(110) PSYoungGen: 32K->0K(512000K)
[26.767s][info][gc,heap        ] GC(110) ParOldGen: 163707K->5641K(1398272K)
[26.767s][info][gc,metaspace   ] GC(110) Metaspace: 24924K(25728K)->24924K(25728K) NonClass: 21851K(22272K)->21851K(22272K) Class: 3072K(3456K)->3072K(3456K)
[26.767s][info][gc             ] GC(110) Pause Full (System.gc()) 159M->5M(1865M) 10.482ms
[26.767s][info][gc,cpu         ] GC(110) User=0.00s Sys=0.00s Real=0.01s
[27.036s][info][gc,start       ] GC(111) Pause Young (Allocation Failure)
[27.094s][info][gc,heap        ] GC(111) PSYoungGen: 325120K->118491K(443904K)
[27.094s][info][gc,heap        ] GC(111) ParOldGen: 5641K->5641K(1398272K)
[27.094s][info][gc,metaspace   ] GC(111) Metaspace: 24924K(25728K)->24924K(25728K) NonClass: 21851K(22272K)->21851K(22272K) Class: 3072K(3456K)->3072K(3456K)
[27.094s][info][gc             ] GC(111) Pause Young (Allocation Failure) 323M->121M(1799M) 57.477ms
[27.094s][info][gc,cpu         ] GC(111) User=0.30s Sys=0.00s Real=0.06s
[27.413s][info][gc,start       ] GC(112) Pause Young (Allocation Failure)
[27.490s][info][gc,heap        ] GC(112) PSYoungGen: 443611K->76940K(513024K)
[27.490s][info][gc,heap        ] GC(112) ParOldGen: 5641K->96473K(1398272K)
[27.490s][info][gc,metaspace   ] GC(112) Metaspace: 24927K(25728K)->24927K(25728K) NonClass: 21854K(22272K)->21854K(22272K) Class: 3072K(3456K)->3072K(3456K)
[27.490s][info][gc             ] GC(112) Pause Young (Allocation Failure) 438M->169M(1866M) 76.608ms
[27.490s][info][gc,cpu         ] GC(112) User=0.39s Sys=0.00s Real=0.08s
[27.647s][info][gc,start       ] GC(113) Pause Young (System.gc())
[27.682s][info][gc,heap        ] GC(113) PSYoungGen: 277264K->32K(503808K)
[27.682s][info][gc,heap        ] GC(113) ParOldGen: 96473K->163659K(1398272K)
[27.682s][info][gc,metaspace   ] GC(113) Metaspace: 24927K(25728K)->24927K(25728K) NonClass: 21854K(22272K)->21854K(22272K) Class: 3072K(3456K)->3072K(3456K)
[27.682s][info][gc             ] GC(113) Pause Young (System.gc()) 364M->159M(1857M) 34.527ms
[27.682s][info][gc,cpu         ] GC(113) User=0.03s Sys=0.00s Real=0.03s
[27.682s][info][gc,start       ] GC(114) Pause Full (System.gc())
[27.682s][info][gc,phases,start] GC(114) Marking Phase
[27.687s][info][gc,phases      ] GC(114) Marking Phase 4.921ms
[27.687s][info][gc,phases,start] GC(114) Summary Phase
[27.687s][info][gc,phases      ] GC(114) Summary Phase 0.010ms
[27.687s][info][gc,phases,start] GC(114) Adjust Roots
[27.689s][info][gc,phases      ] GC(114) Adjust Roots 2.399ms
[27.689s][info][gc,phases,start] GC(114) Compaction Phase
[27.691s][info][gc,phases      ] GC(114) Compaction Phase 1.615ms
[27.691s][info][gc,phases,start] GC(114) Post Compact
[27.692s][info][gc,phases      ] GC(114) Post Compact 0.828ms
[27.692s][info][gc,heap        ] GC(114) PSYoungGen: 32K->0K(503808K)
[27.692s][info][gc,heap        ] GC(114) ParOldGen: 163659K->5641K(1398272K)
[27.692s][info][gc,metaspace   ] GC(114) Metaspace: 24927K(25728K)->24927K(25728K) NonClass: 21854K(22272K)->21854K(22272K) Class: 3072K(3456K)->3072K(3456K)
[27.692s][info][gc             ] GC(114) Pause Full (System.gc()) 159M->5M(1857M) 10.004ms
[27.692s][info][gc,cpu         ] GC(114) User=0.00s Sys=0.00s Real=0.01s
[27.955s][info][gc,start       ] GC(115) Pause Young (Allocation Failure)
[28.014s][info][gc,heap        ] GC(115) PSYoungGen: 317952K->116107K(497664K)
[28.014s][info][gc,heap        ] GC(115) ParOldGen: 5641K->5641K(1398272K)
[28.014s][info][gc,metaspace   ] GC(115) Metaspace: 24927K(25728K)->24927K(25728K) NonClass: 21854K(22272K)->21854K(22272K) Class: 3072K(3456K)->3072K(3456K)
[28.014s][info][gc             ] GC(115) Pause Young (Allocation Failure) 316M->118M(1851M) 58.850ms
[28.014s][info][gc,cpu         ] GC(115) User=0.28s Sys=0.00s Real=0.05s
[28.314s][info][gc,start       ] GC(116) Pause Young (Allocation Failure)
[28.391s][info][gc,heap        ] GC(116) PSYoungGen: 427915K->79167K(505344K)
[28.391s][info][gc,heap        ] GC(116) ParOldGen: 5641K->94224K(1398272K)
[28.391s][info][gc,metaspace   ] GC(116) Metaspace: 24927K(25728K)->24927K(25728K) NonClass: 21854K(22272K)->21854K(22272K) Class: 3072K(3456K)->3072K(3456K)
[28.391s][info][gc             ] GC(116) Pause Young (Allocation Failure) 423M->169M(1859M) 76.717ms
[28.391s][info][gc,cpu         ] GC(116) User=0.47s Sys=0.00s Real=0.08s
[28.564s][info][gc,start       ] GC(117) Pause Young (System.gc())
[28.599s][info][gc,heap        ] GC(117) PSYoungGen: 292853K->32K(513536K)
[28.599s][info][gc,heap        ] GC(117) ParOldGen: 94224K->163683K(1398272K)
[28.599s][info][gc,metaspace   ] GC(117) Metaspace: 24927K(25728K)->24927K(25728K) NonClass: 21854K(22272K)->21854K(22272K) Class: 3072K(3456K)->3072K(3456K)
[28.599s][info][gc             ] GC(117) Pause Young (System.gc()) 378M->159M(1867M) 35.667ms
[28.599s][info][gc,cpu         ] GC(117) User=0.05s Sys=0.00s Real=0.05s
[28.599s][info][gc,start       ] GC(118) Pause Full (System.gc())
[28.599s][info][gc,phases,start] GC(118) Marking Phase
[28.606s][info][gc,phases      ] GC(118) Marking Phase 6.938ms
[28.606s][info][gc,phases,start] GC(118) Summary Phase
[28.606s][info][gc,phases      ] GC(118) Summary Phase 0.010ms
[28.606s][info][gc,phases,start] GC(118) Adjust Roots
[28.608s][info][gc,phases      ] GC(118) Adjust Roots 2.171ms
[28.608s][info][gc,phases,start] GC(118) Compaction Phase
[28.610s][info][gc,phases      ] GC(118) Compaction Phase 1.724ms
[28.610s][info][gc,phases,start] GC(118) Post Compact
[28.611s][info][gc,phases      ] GC(118) Post Compact 0.869ms
[28.611s][info][gc,heap        ] GC(118) PSYoungGen: 32K->0K(513536K)
[28.611s][info][gc,heap        ] GC(118) ParOldGen: 163683K->5642K(1398272K)
[28.611s][info][gc,metaspace   ] GC(118) Metaspace: 24927K(25728K)->24927K(25728K) NonClass: 21854K(22272K)->21854K(22272K) Class: 3072K(3456K)->3072K(3456K)
[28.611s][info][gc             ] GC(118) Pause Full (System.gc()) 159M->5M(1867M) 11.980ms
[28.611s][info][gc,cpu         ] GC(118) User=0.00s Sys=0.00s Real=0.00s
[28.883s][info][gc,start       ] GC(119) Pause Young (Allocation Failure)
[28.943s][info][gc,heap        ] GC(119) PSYoungGen: 328192K->119535K(448000K)
[28.943s][info][gc,heap        ] GC(119) ParOldGen: 5642K->5642K(1398272K)
[28.943s][info][gc,metaspace   ] GC(119) Metaspace: 24927K(25728K)->24927K(25728K) NonClass: 21854K(22272K)->21854K(22272K) Class: 3072K(3456K)->3072K(3456K)
[28.943s][info][gc             ] GC(119) Pause Young (Allocation Failure) 326M->122M(1803M) 60.379ms
[28.943s][info][gc,cpu         ] GC(119) User=0.38s Sys=0.00s Real=0.05s
[29.248s][info][gc,start       ] GC(120) Pause Young (Allocation Failure)
[29.327s][info][gc,heap        ] GC(120) PSYoungGen: 446749K->84183K(510464K)
[29.327s][info][gc,heap        ] GC(120) ParOldGen: 5642K->97376K(1398272K)
[29.327s][info][gc,metaspace   ] GC(120) Metaspace: 24927K(25728K)->24927K(25728K) NonClass: 21854K(22272K)->21854K(22272K) Class: 3072K(3456K)->3072K(3456K)
[29.327s][info][gc             ] GC(120) Pause Young (Allocation Failure) 441M->177M(1864M) 79.052ms
[29.327s][info][gc,cpu         ] GC(120) User=0.39s Sys=0.00s Real=0.08s
[29.484s][info][gc,start       ] GC(121) Pause Young (System.gc())
[29.518s][info][gc,heap        ] GC(121) PSYoungGen: 274135K->32K(504320K)
[29.518s][info][gc,heap        ] GC(121) ParOldGen: 97376K->163659K(1398272K)
[29.518s][info][gc,metaspace   ] GC(121) Metaspace: 24927K(25728K)->24927K(25728K) NonClass: 21854K(22272K)->21854K(22272K) Class: 3072K(3456K)->3072K(3456K)
[29.518s][info][gc             ] GC(121) Pause Young (System.gc()) 362M->159M(1858M) 34.237ms
[29.518s][info][gc,cpu         ] GC(121) User=0.03s Sys=0.00s Real=0.03s
[29.518s][info][gc,start       ] GC(122) Pause Full (System.gc())
[29.518s][info][gc,phases,start] GC(122) Marking Phase
[29.523s][info][gc,phases      ] GC(122) Marking Phase 4.885ms
[29.523s][info][gc,phases,start] GC(122) Summary Phase
[29.523s][info][gc,phases      ] GC(122) Summary Phase 0.010ms
[29.523s][info][gc,phases,start] GC(122) Adjust Roots
[29.525s][info][gc,phases      ] GC(122) Adjust Roots 2.458ms
[29.525s][info][gc,phases,start] GC(122) Compaction Phase
[29.528s][info][gc,phases      ] GC(122) Compaction Phase 2.115ms
[29.528s][info][gc,phases,start] GC(122) Post Compact
[29.528s][info][gc,phases      ] GC(122) Post Compact 0.823ms
[29.528s][info][gc,heap        ] GC(122) PSYoungGen: 32K->0K(504320K)
[29.528s][info][gc,heap        ] GC(122) ParOldGen: 163659K->5642K(1398272K)
[29.528s][info][gc,metaspace   ] GC(122) Metaspace: 24927K(25728K)->24927K(25728K) NonClass: 21854K(22272K)->21854K(22272K) Class: 3072K(3456K)->3072K(3456K)
[29.529s][info][gc             ] GC(122) Pause Full (System.gc()) 159M->5M(1858M) 10.516ms
[29.529s][info][gc,cpu         ] GC(122) User=0.00s Sys=0.00s Real=0.02s
[29.791s][info][gc,start       ] GC(123) Pause Young (Allocation Failure)
[29.849s][info][gc,heap        ] GC(123) PSYoungGen: 315904K->115435K(496640K)
[29.849s][info][gc,heap        ] GC(123) ParOldGen: 5642K->5642K(1398272K)
[29.849s][info][gc,metaspace   ] GC(123) Metaspace: 24927K(25728K)->24927K(25728K) NonClass: 21854K(22272K)->21854K(22272K) Class: 3072K(3456K)->3072K(3456K)
[29.849s][info][gc             ] GC(123) Pause Young (Allocation Failure) 314M->118M(1850M) 58.043ms
[29.849s][info][gc,cpu         ] GC(123) User=0.22s Sys=0.00s Real=0.06s
[30.145s][info][gc,start       ] GC(124) Pause Young (Allocation Failure)
[30.222s][info][gc,heap        ] GC(124) PSYoungGen: 424171K->78991K(503808K)
[30.222s][info][gc,heap        ] GC(124) ParOldGen: 5642K->93550K(1398272K)
[30.222s][info][gc,metaspace   ] GC(124) Metaspace: 24931K(25728K)->24931K(25728K) NonClass: 21858K(22272K)->21858K(22272K) Class: 3072K(3456K)->3072K(3456K)
[30.222s][info][gc             ] GC(124) Pause Young (Allocation Failure) 419M->168M(1857M) 76.623ms
[30.222s][info][gc,cpu         ] GC(124) User=0.41s Sys=0.00s Real=0.08s
[30.398s][info][gc,start       ] GC(125) Pause Young (System.gc())
[30.434s][info][gc,heap        ] GC(125) PSYoungGen: 299314K->32K(512512K)
[30.434s][info][gc,heap        ] GC(125) ParOldGen: 93550K->163627K(1398272K)
[30.434s][info][gc,metaspace   ] GC(125) Metaspace: 24931K(25728K)->24931K(25728K) NonClass: 21858K(22272K)->21858K(22272K) Class: 3072K(3456K)->3072K(3456K)
[30.434s][info][gc             ] GC(125) Pause Young (System.gc()) 383M->159M(1866M) 36.078ms
[30.434s][info][gc,cpu         ] GC(125) User=0.03s Sys=0.00s Real=0.03s
[30.434s][info][gc,start       ] GC(126) Pause Full (System.gc())
[30.434s][info][gc,phases,start] GC(126) Marking Phase
[30.439s][info][gc,phases      ] GC(126) Marking Phase 4.839ms
[30.439s][info][gc,phases,start] GC(126) Summary Phase
[30.439s][info][gc,phases      ] GC(126) Summary Phase 0.009ms
[30.439s][info][gc,phases,start] GC(126) Adjust Roots
[30.441s][info][gc,phases      ] GC(126) Adjust Roots 2.334ms
[30.441s][info][gc,phases,start] GC(126) Compaction Phase
[30.443s][info][gc,phases      ] GC(126) Compaction Phase 1.941ms
[30.443s][info][gc,phases,start] GC(126) Post Compact
[30.444s][info][gc,phases      ] GC(126) Post Compact 0.867ms
[30.444s][info][gc,heap        ] GC(126) PSYoungGen: 32K->0K(512512K)
[30.444s][info][gc,heap        ] GC(126) ParOldGen: 163627K->5642K(1398272K)
[30.444s][info][gc,metaspace   ] GC(126) Metaspace: 24931K(25728K)->24931K(25728K) NonClass: 21858K(22272K)->21858K(22272K) Class: 3072K(3456K)->3072K(3456K)
[30.444s][info][gc             ] GC(126) Pause Full (System.gc()) 159M->5M(1866M) 10.240ms
[30.444s][info][gc,cpu         ] GC(126) User=0.02s Sys=0.00s Real=0.02s
[30.720s][info][gc,start       ] GC(127) Pause Young (Allocation Failure)
[30.781s][info][gc,heap        ] GC(127) PSYoungGen: 325632K->118694K(444416K)
[30.781s][info][gc,heap        ] GC(127) ParOldGen: 5642K->5642K(1398272K)
[30.781s][info][gc,metaspace   ] GC(127) Metaspace: 24935K(25728K)->24935K(25728K) NonClass: 21863K(22272K)->21863K(22272K) Class: 3072K(3456K)->3072K(3456K)
[30.781s][info][gc             ] GC(127) Pause Young (Allocation Failure) 323M->121M(1799M) 60.209ms
[30.781s][info][gc,cpu         ] GC(127) User=0.28s Sys=0.00s Real=0.05s
[31.089s][info][gc,start       ] GC(128) Pause Young (Allocation Failure)
[31.167s][info][gc,heap        ] GC(128) PSYoungGen: 444326K->78748K(512000K)
[31.167s][info][gc,heap        ] GC(128) ParOldGen: 5642K->96653K(1398272K)
[31.167s][info][gc,metaspace   ] GC(128) Metaspace: 24953K(25728K)->24953K(25728K) NonClass: 21880K(22272K)->21880K(22272K) Class: 3072K(3456K)->3072K(3456K)
[31.168s][info][gc             ] GC(128) Pause Young (Allocation Failure) 439M->171M(1865M) 78.133ms
[31.168s][info][gc,cpu         ] GC(128) User=0.39s Sys=0.00s Real=0.08s
[31.310s][info][gc,start       ] GC(129) Pause Young (System.gc())
[31.345s][info][gc,heap        ] GC(129) PSYoungGen: 273397K->32K(503808K)
[31.347s][info][gc,heap        ] GC(129) ParOldGen: 96653K->163659K(1398272K)
[31.347s][info][gc,metaspace   ] GC(129) Metaspace: 24953K(25728K)->24953K(25728K) NonClass: 21880K(22272K)->21880K(22272K) Class: 3072K(3456K)->3072K(3456K)
[31.347s][info][gc             ] GC(129) Pause Young (System.gc()) 361M->159M(1857M) 37.032ms
[31.347s][info][gc,cpu         ] GC(129) User=0.03s Sys=0.00s Real=0.04s
[31.347s][info][gc,start       ] GC(130) Pause Full (System.gc())
[31.347s][info][gc,phases,start] GC(130) Marking Phase
[31.352s][info][gc,phases      ] GC(130) Marking Phase 4.896ms
[31.352s][info][gc,phases,start] GC(130) Summary Phase
[31.352s][info][gc,phases      ] GC(130) Summary Phase 0.014ms
[31.352s][info][gc,phases,start] GC(130) Adjust Roots
[31.355s][info][gc,phases      ] GC(130) Adjust Roots 2.429ms
[31.355s][info][gc,phases,start] GC(130) Compaction Phase
[31.357s][info][gc,phases      ] GC(130) Compaction Phase 2.689ms
[31.357s][info][gc,phases,start] GC(130) Post Compact
[31.358s][info][gc,phases      ] GC(130) Post Compact 0.832ms
[31.358s][info][gc,heap        ] GC(130) PSYoungGen: 32K->0K(503808K)
[31.358s][info][gc,heap        ] GC(130) ParOldGen: 163659K->5642K(1398272K)
[31.358s][info][gc,metaspace   ] GC(130) Metaspace: 24953K(25728K)->24953K(25728K) NonClass: 21880K(22272K)->21880K(22272K) Class: 3072K(3456K)->3072K(3456K)
[31.358s][info][gc             ] GC(130) Pause Full (System.gc()) 159M->5M(1857M) 11.110ms
[31.358s][info][gc,cpu         ] GC(130) User=0.00s Sys=0.00s Real=0.00s
[31.621s][info][gc,start       ] GC(131) Pause Young (Allocation Failure)
[31.679s][info][gc,heap        ] GC(131) PSYoungGen: 316928K->115819K(497152K)
[31.679s][info][gc,heap        ] GC(131) ParOldGen: 5642K->5642K(1398272K)
[31.679s][info][gc,metaspace   ] GC(131) Metaspace: 24954K(25728K)->24954K(25728K) NonClass: 21881K(22272K)->21881K(22272K) Class: 3072K(3456K)->3072K(3456K)
[31.679s][info][gc             ] GC(131) Pause Young (Allocation Failure) 315M->118M(1851M) 58.655ms
[31.679s][info][gc,cpu         ] GC(131) User=0.30s Sys=0.00s Real=0.06s
[31.978s][info][gc,start       ] GC(132) Pause Young (Allocation Failure)
[32.056s][info][gc,heap        ] GC(132) PSYoungGen: 426603K->78714K(504832K)
[32.056s][info][gc,heap        ] GC(132) ParOldGen: 5642K->93902K(1398272K)
[32.056s][info][gc,metaspace   ] GC(132) Metaspace: 24955K(25728K)->24955K(25728K) NonClass: 21882K(22272K)->21882K(22272K) Class: 3072K(3456K)->3072K(3456K)
[32.056s][info][gc             ] GC(132) Pause Young (Allocation Failure) 422M->168M(1858M) 77.520ms
[32.056s][info][gc,cpu         ] GC(132) User=0.39s Sys=0.00s Real=0.08s
[32.232s][info][gc,start       ] GC(133) Pause Young (System.gc())
[32.268s][info][gc,heap        ] GC(133) PSYoungGen: 299748K->32K(513024K)
[32.268s][info][gc,heap        ] GC(133) ParOldGen: 93902K->163635K(1398272K)
[32.268s][info][gc,metaspace   ] GC(133) Metaspace: 24960K(25728K)->24960K(25728K) NonClass: 21888K(22272K)->21888K(22272K) Class: 3072K(3456K)->3072K(3456K)
[32.268s][info][gc             ] GC(133) Pause Young (System.gc()) 384M->159M(1866M) 35.985ms
[32.268s][info][gc,cpu         ] GC(133) User=0.03s Sys=0.00s Real=0.03s
[32.268s][info][gc,start       ] GC(134) Pause Full (System.gc())
[32.268s][info][gc,phases,start] GC(134) Marking Phase
[32.273s][info][gc,phases      ] GC(134) Marking Phase 5.024ms
[32.273s][info][gc,phases,start] GC(134) Summary Phase
[32.273s][info][gc,phases      ] GC(134) Summary Phase 0.009ms
[32.273s][info][gc,phases,start] GC(134) Adjust Roots
[32.275s][info][gc,phases      ] GC(134) Adjust Roots 2.283ms
[32.275s][info][gc,phases,start] GC(134) Compaction Phase
[32.278s][info][gc,phases      ] GC(134) Compaction Phase 2.148ms
[32.278s][info][gc,phases,start] GC(134) Post Compact
[32.278s][info][gc,phases      ] GC(134) Post Compact 0.823ms
[32.278s][info][gc,heap        ] GC(134) PSYoungGen: 32K->0K(513024K)
[32.278s][info][gc,heap        ] GC(134) ParOldGen: 163635K->5642K(1398272K)
[32.278s][info][gc,metaspace   ] GC(134) Metaspace: 24960K(25728K)->24960K(25728K) NonClass: 21888K(22272K)->21888K(22272K) Class: 3072K(3456K)->3072K(3456K)
[32.279s][info][gc             ] GC(134) Pause Full (System.gc()) 159M->5M(1866M) 10.505ms
[32.279s][info][gc,cpu         ] GC(134) User=0.00s Sys=0.00s Real=0.02s
[32.550s][info][gc,start       ] GC(135) Pause Young (Allocation Failure)
[32.609s][info][gc,heap        ] GC(135) PSYoungGen: 327168K->119234K(446464K)
[32.609s][info][gc,heap        ] GC(135) ParOldGen: 5642K->5642K(1398272K)
[32.609s][info][gc,metaspace   ] GC(135) Metaspace: 24960K(25728K)->24960K(25728K) NonClass: 21888K(22272K)->21888K(22272K) Class: 3072K(3456K)->3072K(3456K)
[32.609s][info][gc             ] GC(135) Pause Young (Allocation Failure) 325M->121M(1801M) 59.305ms
[32.609s][info][gc,cpu         ] GC(135) User=0.28s Sys=0.00s Real=0.06s
[32.938s][info][gc,start       ] GC(136) Pause Young (Allocation Failure)
[33.015s][info][gc,heap        ] GC(136) PSYoungGen: 445795K->78304K(513024K)
[33.015s][info][gc,heap        ] GC(136) ParOldGen: 5642K->97144K(1398272K)
[33.015s][info][gc,metaspace   ] GC(136) Metaspace: 24960K(25728K)->24960K(25728K) NonClass: 21888K(22272K)->21888K(22272K) Class: 3072K(3456K)->3072K(3456K)
[33.015s][info][gc             ] GC(136) Pause Young (Allocation Failure) 440M->171M(1866M) 76.342ms
[33.015s][info][gc,cpu         ] GC(136) User=0.38s Sys=0.00s Real=0.08s
[33.188s][info][gc,start       ] GC(137) Pause Young (System.gc())
[33.222s][info][gc,heap        ] GC(137) PSYoungGen: 279282K->32K(504320K)
[33.222s][info][gc,heap        ] GC(137) ParOldGen: 97144K->163683K(1398272K)
[33.222s][info][gc,metaspace   ] GC(137) Metaspace: 24960K(25728K)->24960K(25728K) NonClass: 21888K(22272K)->21888K(22272K) Class: 3072K(3456K)->3072K(3456K)
[33.222s][info][gc             ] GC(137) Pause Young (System.gc()) 367M->159M(1858M) 33.929ms
[33.222s][info][gc,cpu         ] GC(137) User=0.03s Sys=0.00s Real=0.03s
[33.222s][info][gc,start       ] GC(138) Pause Full (System.gc())
[33.222s][info][gc,phases,start] GC(138) Marking Phase
[33.227s][info][gc,phases      ] GC(138) Marking Phase 4.796ms
[33.227s][info][gc,phases,start] GC(138) Summary Phase
[33.227s][info][gc,phases      ] GC(138) Summary Phase 0.009ms
[33.227s][info][gc,phases,start] GC(138) Adjust Roots
[33.229s][info][gc,phases      ] GC(138) Adjust Roots 2.315ms
[33.229s][info][gc,phases,start] GC(138) Compaction Phase
[33.231s][info][gc,phases      ] GC(138) Compaction Phase 1.788ms
[33.231s][info][gc,phases,start] GC(138) Post Compact
[33.232s][info][gc,phases      ] GC(138) Post Compact 0.809ms
[33.232s][info][gc,heap        ] GC(138) PSYoungGen: 32K->0K(504320K)
[33.232s][info][gc,heap        ] GC(138) ParOldGen: 163683K->5642K(1398272K)
[33.232s][info][gc,metaspace   ] GC(138) Metaspace: 24960K(25728K)->24960K(25728K) NonClass: 21888K(22272K)->21888K(22272K) Class: 3072K(3456K)->3072K(3456K)
[33.232s][info][gc             ] GC(138) Pause Full (System.gc()) 159M->5M(1858M) 9.947ms
[33.232s][info][gc,cpu         ] GC(138) User=0.02s Sys=0.00s Real=0.02s
[33.492s][info][gc,start       ] GC(139) Pause Young (Allocation Failure)
[33.549s][info][gc,heap        ] GC(139) PSYoungGen: 318464K->116339K(497664K)
[33.549s][info][gc,heap        ] GC(139) ParOldGen: 5642K->5642K(1398272K)
[33.549s][info][gc,metaspace   ] GC(139) Metaspace: 24963K(25728K)->24963K(25728K) NonClass: 21890K(22272K)->21890K(22272K) Class: 3072K(3456K)->3072K(3456K)
[33.549s][info][gc             ] GC(139) Pause Young (Allocation Failure) 316M->119M(1851M) 56.889ms
[33.549s][info][gc,cpu         ] GC(139) User=0.30s Sys=0.00s Real=0.06s
[33.858s][info][gc,start       ] GC(140) Pause Young (Allocation Failure)
[33.934s][info][gc,heap        ] GC(140) PSYoungGen: 428147K->78147K(505344K)
[33.934s][info][gc,heap        ] GC(140) ParOldGen: 5642K->94432K(1398272K)
[33.934s][info][gc,metaspace   ] GC(140) Metaspace: 24970K(25728K)->24970K(25728K) NonClass: 21898K(22272K)->21898K(22272K) Class: 3072K(3456K)->3072K(3456K)
[33.934s][info][gc             ] GC(140) Pause Young (Allocation Failure) 423M->168M(1859M) 75.865ms
[33.934s][info][gc,cpu         ] GC(140) User=0.39s Sys=0.00s Real=0.06s
[34.144s][info][gc,start       ] GC(141) Pause Young (System.gc())
[34.180s][info][gc,heap        ] GC(141) PSYoungGen: 299938K->32K(513536K)
[34.180s][info][gc,heap        ] GC(141) ParOldGen: 94432K->163691K(1398272K)
[34.180s][info][gc,metaspace   ] GC(141) Metaspace: 24970K(25728K)->24970K(25728K) NonClass: 21898K(22272K)->21898K(22272K) Class: 3072K(3456K)->3072K(3456K)
[34.180s][info][gc             ] GC(141) Pause Young (System.gc()) 385M->159M(1867M) 35.738ms
[34.180s][info][gc,cpu         ] GC(141) User=0.03s Sys=0.00s Real=0.03s
[34.180s][info][gc,start       ] GC(142) Pause Full (System.gc())
[34.180s][info][gc,phases,start] GC(142) Marking Phase
[34.185s][info][gc,phases      ] GC(142) Marking Phase 4.916ms
[34.185s][info][gc,phases,start] GC(142) Summary Phase
[34.185s][info][gc,phases      ] GC(142) Summary Phase 0.013ms
[34.185s][info][gc,phases,start] GC(142) Adjust Roots
[34.188s][info][gc,phases      ] GC(142) Adjust Roots 2.436ms
[34.188s][info][gc,phases,start] GC(142) Compaction Phase
[34.189s][info][gc,phases      ] GC(142) Compaction Phase 1.648ms
[34.189s][info][gc,phases,start] GC(142) Post Compact
[34.190s][info][gc,phases      ] GC(142) Post Compact 0.838ms
[34.190s][info][gc,heap        ] GC(142) PSYoungGen: 32K->0K(513536K)
[34.190s][info][gc,heap        ] GC(142) ParOldGen: 163691K->5642K(1398272K)
[34.190s][info][gc,metaspace   ] GC(142) Metaspace: 24970K(25728K)->24970K(25728K) NonClass: 21898K(22272K)->21898K(22272K) Class: 3072K(3456K)->3072K(3456K)
[34.190s][info][gc             ] GC(142) Pause Full (System.gc()) 159M->5M(1867M) 10.155ms
[34.190s][info][gc,cpu         ] GC(142) User=0.00s Sys=0.00s Real=0.01s
[34.462s][info][gc,start       ] GC(143) Pause Young (Allocation Failure)
[34.522s][info][gc,heap        ] GC(143) PSYoungGen: 328192K->119503K(448000K)
[34.522s][info][gc,heap        ] GC(143) ParOldGen: 5642K->5642K(1398272K)
[34.522s][info][gc,metaspace   ] GC(143) Metaspace: 24970K(25728K)->24970K(25728K) NonClass: 21898K(22272K)->21898K(22272K) Class: 3072K(3456K)->3072K(3456K)
[34.522s][info][gc             ] GC(143) Pause Young (Allocation Failure) 326M->122M(1803M) 60.450ms
[34.522s][info][gc,cpu         ] GC(143) User=0.38s Sys=0.00s Real=0.06s
[34.836s][info][gc,start       ] GC(144) Pause Young (Allocation Failure)
[34.914s][info][gc,heap        ] GC(144) PSYoungGen: 445883K->81543K(512000K)
[34.914s][info][gc,heap        ] GC(144) ParOldGen: 5642K->97459K(1398272K)
[34.914s][info][gc,metaspace   ] GC(144) Metaspace: 24989K(25728K)->24989K(25728K) NonClass: 21916K(22272K)->21916K(22272K) Class: 3072K(3456K)->3072K(3456K)
[34.914s][info][gc             ] GC(144) Pause Young (Allocation Failure) 440M->174M(1865M) 78.987ms
[34.915s][info][gc,cpu         ] GC(144) User=0.42s Sys=0.00s Real=0.08s
[35.071s][info][gc,start       ] GC(145) Pause Young (System.gc())
[35.105s][info][gc,heap        ] GC(145) PSYoungGen: 275200K->32K(504320K)
[35.105s][info][gc,heap        ] GC(145) ParOldGen: 97459K->163684K(1398272K)
[35.105s][info][gc,metaspace   ] GC(145) Metaspace: 24989K(25728K)->24989K(25728K) NonClass: 21916K(22272K)->21916K(22272K) Class: 3072K(3456K)->3072K(3456K)
[35.105s][info][gc             ] GC(145) Pause Young (System.gc()) 363M->159M(1858M) 33.800ms
[35.105s][info][gc,cpu         ] GC(145) User=0.03s Sys=0.00s Real=0.03s
[35.105s][info][gc,start       ] GC(146) Pause Full (System.gc())
[35.105s][info][gc,phases,start] GC(146) Marking Phase
[35.110s][info][gc,phases      ] GC(146) Marking Phase 4.732ms
[35.110s][info][gc,phases,start] GC(146) Summary Phase
[35.110s][info][gc,phases      ] GC(146) Summary Phase 0.015ms
[35.110s][info][gc,phases,start] GC(146) Adjust Roots
[35.112s][info][gc,phases      ] GC(146) Adjust Roots 2.460ms
[35.112s][info][gc,phases,start] GC(146) Compaction Phase
[35.114s][info][gc,phases      ] GC(146) Compaction Phase 1.698ms
[35.114s][info][gc,phases,start] GC(146) Post Compact
[35.115s][info][gc,phases      ] GC(146) Post Compact 0.903ms
[35.115s][info][gc,heap        ] GC(146) PSYoungGen: 32K->0K(504320K)
[35.115s][info][gc,heap        ] GC(146) ParOldGen: 163684K->5642K(1398272K)
[35.115s][info][gc,metaspace   ] GC(146) Metaspace: 24989K(25728K)->24989K(25728K) NonClass: 21916K(22272K)->21916K(22272K) Class: 3072K(3456K)->3072K(3456K)
[35.115s][info][gc             ] GC(146) Pause Full (System.gc()) 159M->5M(1858M) 10.074ms
[35.115s][info][gc,cpu         ] GC(146) User=0.00s Sys=0.00s Real=0.02s
[35.378s][info][gc,start       ] GC(147) Pause Young (Allocation Failure)
[35.436s][info][gc,heap        ] GC(147) PSYoungGen: 317440K->115962K(496640K)
[35.436s][info][gc,heap        ] GC(147) ParOldGen: 5642K->5642K(1398272K)
[35.436s][info][gc,metaspace   ] GC(147) Metaspace: 24989K(25728K)->24989K(25728K) NonClass: 21916K(22272K)->21916K(22272K) Class: 3072K(3456K)->3072K(3456K)
[35.436s][info][gc             ] GC(147) Pause Young (Allocation Failure) 315M->118M(1850M) 58.218ms
[35.436s][info][gc,cpu         ] GC(147) User=0.31s Sys=0.00s Real=0.06s
[35.731s][info][gc,start       ] GC(148) Pause Young (Allocation Failure)
[35.808s][info][gc,heap        ] GC(148) PSYoungGen: 425722K->78595K(504320K)
[35.808s][info][gc,heap        ] GC(148) ParOldGen: 5642K->94062K(1398272K)
[35.808s][info][gc,metaspace   ] GC(148) Metaspace: 24991K(25728K)->24991K(25728K) NonClass: 21918K(22272K)->21918K(22272K) Class: 3072K(3456K)->3072K(3456K)
[35.808s][info][gc             ] GC(148) Pause Young (Allocation Failure) 421M->168M(1858M) 76.762ms
[35.808s][info][gc,cpu         ] GC(148) User=0.39s Sys=0.00s Real=0.08s
[35.991s][info][gc,start       ] GC(149) Pause Young (System.gc())
[36.027s][info][gc,heap        ] GC(149) PSYoungGen: 300221K->32K(513024K)
[36.027s][info][gc,heap        ] GC(149) ParOldGen: 94062K->163708K(1398272K)
[36.027s][info][gc,metaspace   ] GC(149) Metaspace: 24991K(25728K)->24991K(25728K) NonClass: 21918K(22272K)->21918K(22272K) Class: 3072K(3456K)->3072K(3456K)
[36.027s][info][gc             ] GC(149) Pause Young (System.gc()) 385M->159M(1866M) 36.384ms
[36.027s][info][gc,cpu         ] GC(149) User=0.05s Sys=0.00s Real=0.05s
[36.027s][info][gc,start       ] GC(150) Pause Full (System.gc())
[36.027s][info][gc,phases,start] GC(150) Marking Phase
[36.033s][info][gc,phases      ] GC(150) Marking Phase 6.060ms
[36.033s][info][gc,phases,start] GC(150) Summary Phase
[36.033s][info][gc,phases      ] GC(150) Summary Phase 0.011ms
[36.033s][info][gc,phases,start] GC(150) Adjust Roots
[36.035s][info][gc,phases      ] GC(150) Adjust Roots 2.193ms
[36.036s][info][gc,phases,start] GC(150) Compaction Phase
[36.037s][info][gc,phases      ] GC(150) Compaction Phase 1.766ms
[36.037s][info][gc,phases,start] GC(150) Post Compact
[36.038s][info][gc,phases      ] GC(150) Post Compact 0.883ms
[36.038s][info][gc,heap        ] GC(150) PSYoungGen: 32K->0K(513024K)
[36.038s][info][gc,heap        ] GC(150) ParOldGen: 163708K->5642K(1398272K)
[36.038s][info][gc,metaspace   ] GC(150) Metaspace: 24991K(25728K)->24991K(25728K) NonClass: 21918K(22272K)->21918K(22272K) Class: 3072K(3456K)->3072K(3456K)
[36.038s][info][gc             ] GC(150) Pause Full (System.gc()) 159M->5M(1866M) 11.165ms
[36.038s][info][gc,cpu         ] GC(150) User=0.00s Sys=0.00s Real=0.01s
[36.308s][info][gc,start       ] GC(151) Pause Young (Allocation Failure)
[36.365s][info][gc,heap        ] GC(151) PSYoungGen: 327168K->119202K(446464K)
[36.365s][info][gc,heap        ] GC(151) ParOldGen: 5642K->5642K(1398272K)
[36.365s][info][gc,metaspace   ] GC(151) Metaspace: 24993K(25728K)->24993K(25728K) NonClass: 21920K(22272K)->21920K(22272K) Class: 3072K(3456K)->3072K(3456K)
[36.365s][info][gc             ] GC(151) Pause Young (Allocation Failure) 325M->121M(1801M) 57.725ms
[36.365s][info][gc,cpu         ] GC(151) User=0.22s Sys=0.00s Real=0.06s
[36.690s][info][gc,start       ] GC(152) Pause Young (Allocation Failure)
[36.768s][info][gc,heap        ] GC(152) PSYoungGen: 445915K->80115K(512000K)
[36.768s][info][gc,heap        ] GC(152) ParOldGen: 5642K->97097K(1398272K)
[36.768s][info][gc,metaspace   ] GC(152) Metaspace: 25000K(25728K)->25000K(25728K) NonClass: 21928K(22272K)->21928K(22272K) Class: 3072K(3456K)->3072K(3456K)
[36.768s][info][gc             ] GC(152) Pause Young (Allocation Failure) 440M->173M(1865M) 77.272ms
[36.768s][info][gc,cpu         ] GC(152) User=0.39s Sys=0.00s Real=0.08s
[36.948s][info][gc,start       ] GC(153) Pause Young (System.gc())
[36.982s][info][gc,heap        ] GC(153) PSYoungGen: 276159K->32K(504320K)
[36.982s][info][gc,heap        ] GC(153) ParOldGen: 97097K->163652K(1398272K)
[36.982s][info][gc,metaspace   ] GC(153) Metaspace: 25000K(25728K)->25000K(25728K) NonClass: 21928K(22272K)->21928K(22272K) Class: 3072K(3456K)->3072K(3456K)
[36.982s][info][gc             ] GC(153) Pause Young (System.gc()) 364M->159M(1858M) 34.020ms
[36.982s][info][gc,cpu         ] GC(153) User=0.03s Sys=0.00s Real=0.03s
[36.982s][info][gc,start       ] GC(154) Pause Full (System.gc())
[36.982s][info][gc,phases,start] GC(154) Marking Phase
[36.988s][info][gc,phases      ] GC(154) Marking Phase 5.440ms
[36.988s][info][gc,phases,start] GC(154) Summary Phase
[36.988s][info][gc,phases      ] GC(154) Summary Phase 0.010ms
[36.988s][info][gc,phases,start] GC(154) Adjust Roots
[36.990s][info][gc,phases      ] GC(154) Adjust Roots 2.213ms
[36.990s][info][gc,phases,start] GC(154) Compaction Phase
[36.992s][info][gc,phases      ] GC(154) Compaction Phase 1.935ms
[36.992s][info][gc,phases,start] GC(154) Post Compact
[36.993s][info][gc,phases      ] GC(154) Post Compact 0.782ms
[36.993s][info][gc,heap        ] GC(154) PSYoungGen: 32K->0K(504320K)
[36.993s][info][gc,heap        ] GC(154) ParOldGen: 163652K->5642K(1398272K)
[36.993s][info][gc,metaspace   ] GC(154) Metaspace: 25000K(25728K)->25000K(25728K) NonClass: 21928K(22272K)->21928K(22272K) Class: 3072K(3456K)->3072K(3456K)
[36.993s][info][gc             ] GC(154) Pause Full (System.gc()) 159M->5M(1858M) 10.633ms
[36.993s][info][gc,cpu         ] GC(154) User=0.02s Sys=0.00s Real=0.02s
[37.255s][info][gc,start       ] GC(155) Pause Young (Allocation Failure)
[37.311s][info][gc,heap        ] GC(155) PSYoungGen: 317440K->115999K(497664K)
[37.311s][info][gc,heap        ] GC(155) ParOldGen: 5642K->5642K(1398272K)
[37.311s][info][gc,metaspace   ] GC(155) Metaspace: 25000K(25728K)->25000K(25728K) NonClass: 21928K(22272K)->21928K(22272K) Class: 3072K(3456K)->3072K(3456K)
[37.311s][info][gc             ] GC(155) Pause Young (Allocation Failure) 315M->118M(1851M) 55.895ms
[37.311s][info][gc,cpu         ] GC(155) User=0.28s Sys=0.00s Real=0.05s
[37.616s][info][gc,start       ] GC(156) Pause Young (Allocation Failure)
[37.698s][info][gc,heap        ] GC(156) PSYoungGen: 426783K->78130K(504832K)
[37.698s][info][gc,heap        ] GC(156) ParOldGen: 5642K->94081K(1398272K)
[37.698s][info][gc,metaspace   ] GC(156) Metaspace: 25000K(25728K)->25000K(25728K) NonClass: 21928K(22272K)->21928K(22272K) Class: 3072K(3456K)->3072K(3456K)
[37.698s][info][gc             ] GC(156) Pause Young (Allocation Failure) 422M->168M(1858M) 81.920ms
[37.698s][info][gc,cpu         ] GC(156) User=0.47s Sys=0.00s Real=0.08s
[37.893s][info][gc,start       ] GC(157) Pause Young (System.gc())
[37.929s][info][gc,heap        ] GC(157) PSYoungGen: 302133K->32K(513536K)
[37.929s][info][gc,heap        ] GC(157) ParOldGen: 94081K->163668K(1398272K)
[37.929s][info][gc,metaspace   ] GC(157) Metaspace: 25000K(25728K)->25000K(25728K) NonClass: 21928K(22272K)->21928K(22272K) Class: 3072K(3456K)->3072K(3456K)
[37.929s][info][gc             ] GC(157) Pause Young (System.gc()) 386M->159M(1867M) 36.376ms
[37.929s][info][gc,cpu         ] GC(157) User=0.05s Sys=0.00s Real=0.05s
[37.929s][info][gc,start       ] GC(158) Pause Full (System.gc())
[37.929s][info][gc,phases,start] GC(158) Marking Phase
[37.934s][info][gc,phases      ] GC(158) Marking Phase 5.331ms
[37.934s][info][gc,phases,start] GC(158) Summary Phase
[37.934s][info][gc,phases      ] GC(158) Summary Phase 0.010ms
[37.934s][info][gc,phases,start] GC(158) Adjust Roots
[37.937s][info][gc,phases      ] GC(158) Adjust Roots 2.290ms
[37.937s][info][gc,phases,start] GC(158) Compaction Phase
[37.939s][info][gc,phases      ] GC(158) Compaction Phase 1.783ms
[37.939s][info][gc,phases,start] GC(158) Post Compact
[37.939s][info][gc,phases      ] GC(158) Post Compact 0.856ms
[37.940s][info][gc,heap        ] GC(158) PSYoungGen: 32K->0K(513536K)
[37.940s][info][gc,heap        ] GC(158) ParOldGen: 163668K->5642K(1398272K)
[37.940s][info][gc,metaspace   ] GC(158) Metaspace: 25000K(25728K)->25000K(25728K) NonClass: 21928K(22272K)->21928K(22272K) Class: 3072K(3456K)->3072K(3456K)
[37.940s][info][gc             ] GC(158) Pause Full (System.gc()) 159M->5M(1867M) 10.536ms
[37.940s][info][gc,cpu         ] GC(158) User=0.00s Sys=0.00s Real=0.00s
[38.213s][info][gc,start       ] GC(159) Pause Young (Allocation Failure)
[38.273s][info][gc,heap        ] GC(159) PSYoungGen: 327680K->119323K(447488K)
[38.273s][info][gc,heap        ] GC(159) ParOldGen: 5642K->5642K(1398272K)
[38.273s][info][gc,metaspace   ] GC(159) Metaspace: 25001K(25728K)->25001K(25728K) NonClass: 21928K(22272K)->21928K(22272K) Class: 3072K(3456K)->3072K(3456K)
[38.273s][info][gc             ] GC(159) Pause Young (Allocation Failure) 325M->122M(1802M) 59.983ms
[38.273s][info][gc,cpu         ] GC(159) User=0.38s Sys=0.00s Real=0.06s
[38.585s][info][gc,start       ] GC(160) Pause Young (Allocation Failure)
[38.664s][info][gc,heap        ] GC(160) PSYoungGen: 447001K->78258K(513024K)
[38.664s][info][gc,heap        ] GC(160) ParOldGen: 5642K->97245K(1398272K)
[38.664s][info][gc,metaspace   ] GC(160) Metaspace: 25001K(25728K)->25001K(25728K) NonClass: 21928K(22272K)->21928K(22272K) Class: 3072K(3456K)->3072K(3456K)
[38.664s][info][gc             ] GC(160) Pause Young (Allocation Failure) 442M->171M(1866M) 79.690ms
[38.664s][info][gc,cpu         ] GC(160) User=0.45s Sys=0.00s Real=0.09s
[38.806s][info][gc,start       ] GC(161) Pause Young (System.gc())
[38.840s][info][gc,heap        ] GC(161) PSYoungGen: 273602K->32K(504320K)
[38.841s][info][gc,heap        ] GC(161) ParOldGen: 97245K->163692K(1398272K)
[38.841s][info][gc,metaspace   ] GC(161) Metaspace: 25001K(25728K)->25001K(25728K) NonClass: 21928K(22272K)->21928K(22272K) Class: 3072K(3456K)->3072K(3456K)
[38.841s][info][gc             ] GC(161) Pause Young (System.gc()) 362M->159M(1858M) 34.376ms
[38.841s][info][gc,cpu         ] GC(161) User=0.03s Sys=0.00s Real=0.03s
[38.841s][info][gc,start       ] GC(162) Pause Full (System.gc())
[38.841s][info][gc,phases,start] GC(162) Marking Phase
[38.845s][info][gc,phases      ] GC(162) Marking Phase 4.853ms
[38.846s][info][gc,phases,start] GC(162) Summary Phase
[38.846s][info][gc,phases      ] GC(162) Summary Phase 0.010ms
[38.846s][info][gc,phases,start] GC(162) Adjust Roots
[38.848s][info][gc,phases      ] GC(162) Adjust Roots 2.297ms
[38.848s][info][gc,phases,start] GC(162) Compaction Phase
[38.850s][info][gc,phases      ] GC(162) Compaction Phase 1.896ms
[38.850s][info][gc,phases,start] GC(162) Post Compact
[38.851s][info][gc,phases      ] GC(162) Post Compact 0.815ms
[38.851s][info][gc,heap        ] GC(162) PSYoungGen: 32K->0K(504320K)
[38.851s][info][gc,heap        ] GC(162) ParOldGen: 163692K->5642K(1398272K)
[38.851s][info][gc,metaspace   ] GC(162) Metaspace: 25001K(25728K)->25001K(25728K) NonClass: 21928K(22272K)->21928K(22272K) Class: 3072K(3456K)->3072K(3456K)
[38.851s][info][gc             ] GC(162) Pause Full (System.gc()) 159M->5M(1858M) 10.099ms
[38.851s][info][gc,cpu         ] GC(162) User=0.00s Sys=0.00s Real=0.00s
[39.112s][info][gc,start       ] GC(163) Pause Young (Allocation Failure)
[39.171s][info][gc,heap        ] GC(163) PSYoungGen: 318464K->116271K(497664K)
[39.171s][info][gc,heap        ] GC(163) ParOldGen: 5642K->5642K(1398272K)
[39.171s][info][gc,metaspace   ] GC(163) Metaspace: 25001K(25728K)->25001K(25728K) NonClass: 21928K(22272K)->21928K(22272K) Class: 3072K(3456K)->3072K(3456K)
[39.171s][info][gc             ] GC(163) Pause Young (Allocation Failure) 316M->119M(1851M) 59.297ms
[39.171s][info][gc,cpu         ] GC(163) User=0.30s Sys=0.00s Real=0.06s
[39.456s][info][gc,start       ] GC(164) Pause Young (Allocation Failure)
[39.533s][info][gc,heap        ] GC(164) PSYoungGen: 428079K->78995K(505344K)
[39.533s][info][gc,heap        ] GC(164) ParOldGen: 5642K->94381K(1398272K)
[39.533s][info][gc,metaspace   ] GC(164) Metaspace: 25001K(25728K)->25001K(25728K) NonClass: 21928K(22272K)->21928K(22272K) Class: 3072K(3456K)->3072K(3456K)
[39.533s][info][gc             ] GC(164) Pause Young (Allocation Failure) 423M->169M(1859M) 77.088ms
[39.533s][info][gc,cpu         ] GC(164) User=0.39s Sys=0.00s Real=0.08s
[39.708s][info][gc,start       ] GC(165) Pause Young (System.gc())
[39.744s][info][gc,heap        ] GC(165) PSYoungGen: 303527K->32K(513536K)
[39.744s][info][gc,heap        ] GC(165) ParOldGen: 94381K->163660K(1398272K)
[39.744s][info][gc,metaspace   ] GC(165) Metaspace: 25001K(25728K)->25001K(25728K) NonClass: 21928K(22272K)->21928K(22272K) Class: 3072K(3456K)->3072K(3456K)
[39.744s][info][gc             ] GC(165) Pause Young (System.gc()) 388M->159M(1867M) 35.228ms
[39.744s][info][gc,cpu         ] GC(165) User=0.03s Sys=0.00s Real=0.03s
[39.744s][info][gc,start       ] GC(166) Pause Full (System.gc())
[39.744s][info][gc,phases,start] GC(166) Marking Phase
[39.749s][info][gc,phases      ] GC(166) Marking Phase 4.885ms
[39.749s][info][gc,phases,start] GC(166) Summary Phase
[39.749s][info][gc,phases      ] GC(166) Summary Phase 0.009ms
[39.749s][info][gc,phases,start] GC(166) Adjust Roots
[39.751s][info][gc,phases      ] GC(166) Adjust Roots 2.343ms
[39.751s][info][gc,phases,start] GC(166) Compaction Phase
[39.753s][info][gc,phases      ] GC(166) Compaction Phase 1.837ms
[39.753s][info][gc,phases,start] GC(166) Post Compact
[39.754s][info][gc,phases      ] GC(166) Post Compact 0.830ms
[39.754s][info][gc,heap        ] GC(166) PSYoungGen: 32K->0K(513536K)
[39.754s][info][gc,heap        ] GC(166) ParOldGen: 163660K->5642K(1398272K)
[39.754s][info][gc,metaspace   ] GC(166) Metaspace: 25001K(25728K)->25001K(25728K) NonClass: 21928K(22272K)->21928K(22272K) Class: 3072K(3456K)->3072K(3456K)
[39.754s][info][gc             ] GC(166) Pause Full (System.gc()) 159M->5M(1867M) 10.152ms
[39.754s][info][gc,cpu         ] GC(166) User=0.00s Sys=0.00s Real=0.02s
[40.025s][info][gc,start       ] GC(167) Pause Young (Allocation Failure)
[40.086s][info][gc,heap        ] GC(167) PSYoungGen: 328192K->119501K(448000K)
[40.086s][info][gc,heap        ] GC(167) ParOldGen: 5642K->5642K(1398272K)
[40.086s][info][gc,metaspace   ] GC(167) Metaspace: 25001K(25728K)->25001K(25728K) NonClass: 21928K(22272K)->21928K(22272K) Class: 3072K(3456K)->3072K(3456K)
[40.086s][info][gc             ] GC(167) Pause Young (Allocation Failure) 326M->122M(1803M) 60.910ms
[40.086s][info][gc,cpu         ] GC(167) User=0.28s Sys=0.00s Real=0.06s
[40.397s][info][gc,start       ] GC(168) Pause Young (Allocation Failure)
[40.475s][info][gc,heap        ] GC(168) PSYoungGen: 445851K->82073K(511488K)
[40.475s][info][gc,heap        ] GC(168) ParOldGen: 5642K->97432K(1398272K)
[40.475s][info][gc,metaspace   ] GC(168) Metaspace: 25002K(25728K)->25002K(25728K) NonClass: 21930K(22272K)->21930K(22272K) Class: 3072K(3456K)->3072K(3456K)
[40.475s][info][gc             ] GC(168) Pause Young (Allocation Failure) 440M->175M(1865M) 78.768ms
[40.475s][info][gc,cpu         ] GC(168) User=0.39s Sys=0.00s Real=0.08s
[40.637s][info][gc,start       ] GC(169) Pause Young (System.gc())
[40.671s][info][gc,heap        ] GC(169) PSYoungGen: 274414K->32K(504320K)
[40.671s][info][gc,heap        ] GC(169) ParOldGen: 97432K->163660K(1398272K)
[40.671s][info][gc,metaspace   ] GC(169) Metaspace: 25002K(25728K)->25002K(25728K) NonClass: 21930K(22272K)->21930K(22272K) Class: 3072K(3456K)->3072K(3456K)
[40.671s][info][gc             ] GC(169) Pause Young (System.gc()) 363M->159M(1858M) 34.101ms
[40.671s][info][gc,cpu         ] GC(169) User=0.03s Sys=0.00s Real=0.03s
[40.671s][info][gc,start       ] GC(170) Pause Full (System.gc())
[40.671s][info][gc,phases,start] GC(170) Marking Phase
[40.676s][info][gc,phases      ] GC(170) Marking Phase 5.097ms
[40.677s][info][gc,phases,start] GC(170) Summary Phase
[40.677s][info][gc,phases      ] GC(170) Summary Phase 0.011ms
[40.677s][info][gc,phases,start] GC(170) Adjust Roots
[40.679s][info][gc,phases      ] GC(170) Adjust Roots 2.511ms
[40.679s][info][gc,phases,start] GC(170) Compaction Phase
[40.681s][info][gc,phases      ] GC(170) Compaction Phase 1.893ms
[40.681s][info][gc,phases,start] GC(170) Post Compact
[40.682s][info][gc,phases      ] GC(170) Post Compact 0.835ms
[40.682s][info][gc,heap        ] GC(170) PSYoungGen: 32K->0K(504320K)
[40.682s][info][gc,heap        ] GC(170) ParOldGen: 163660K->5642K(1398272K)
[40.682s][info][gc,metaspace   ] GC(170) Metaspace: 25002K(25728K)->25002K(25728K) NonClass: 21930K(22272K)->21930K(22272K) Class: 3072K(3456K)->3072K(3456K)
[40.682s][info][gc             ] GC(170) Pause Full (System.gc()) 159M->5M(1858M) 10.616ms
[40.682s][info][gc,cpu         ] GC(170) User=0.02s Sys=0.00s Real=0.02s
[40.941s][info][gc,start       ] GC(171) Pause Young (Allocation Failure)
[40.999s][info][gc,heap        ] GC(171) PSYoungGen: 316928K->115837K(497152K)
[40.999s][info][gc,heap        ] GC(171) ParOldGen: 5642K->5642K(1398272K)
[40.999s][info][gc,metaspace   ] GC(171) Metaspace: 25002K(25728K)->25002K(25728K) NonClass: 21930K(22272K)->21930K(22272K) Class: 3072K(3456K)->3072K(3456K)
[40.999s][info][gc             ] GC(171) Pause Young (Allocation Failure) 315M->118M(1851M) 57.953ms
[40.999s][info][gc,cpu         ] GC(171) User=0.27s Sys=0.00s Real=0.05s
[41.295s][info][gc,start       ] GC(172) Pause Young (Allocation Failure)
[41.371s][info][gc,heap        ] GC(172) PSYoungGen: 425597K->78664K(504320K)
[41.372s][info][gc,heap        ] GC(172) ParOldGen: 5642K->93910K(1398272K)
[41.372s][info][gc,metaspace   ] GC(172) Metaspace: 25002K(25728K)->25002K(25728K) NonClass: 21930K(22272K)->21930K(22272K) Class: 3072K(3456K)->3072K(3456K)
[41.372s][info][gc             ] GC(172) Pause Young (Allocation Failure) 421M->168M(1858M) 76.778ms
[41.372s][info][gc,cpu         ] GC(172) User=0.39s Sys=0.00s Real=0.08s
[41.548s][info][gc,start       ] GC(173) Pause Young (System.gc())
[41.584s][info][gc,heap        ] GC(173) PSYoungGen: 300604K->32K(513024K)
[41.584s][info][gc,heap        ] GC(173) ParOldGen: 93910K->163652K(1398272K)
[41.584s][info][gc,metaspace   ] GC(173) Metaspace: 25002K(25728K)->25002K(25728K) NonClass: 21930K(22272K)->21930K(22272K) Class: 3072K(3456K)->3072K(3456K)
[41.584s][info][gc             ] GC(173) Pause Young (System.gc()) 385M->159M(1866M) 35.741ms
[41.584s][info][gc,cpu         ] GC(173) User=0.03s Sys=0.00s Real=0.05s
[41.584s][info][gc,start       ] GC(174) Pause Full (System.gc())
[41.584s][info][gc,phases,start] GC(174) Marking Phase
[41.590s][info][gc,phases      ] GC(174) Marking Phase 6.660ms
[41.590s][info][gc,phases,start] GC(174) Summary Phase
[41.590s][info][gc,phases      ] GC(174) Summary Phase 0.010ms
[41.590s][info][gc,phases,start] GC(174) Adjust Roots
[41.593s][info][gc,phases      ] GC(174) Adjust Roots 2.224ms
[41.593s][info][gc,phases,start] GC(174) Compaction Phase
[41.595s][info][gc,phases      ] GC(174) Compaction Phase 2.005ms
[41.595s][info][gc,phases,start] GC(174) Post Compact
[41.596s][info][gc,phases      ] GC(174) Post Compact 0.992ms
[41.596s][info][gc,heap        ] GC(174) PSYoungGen: 32K->0K(513024K)
[41.596s][info][gc,heap        ] GC(174) ParOldGen: 163652K->5642K(1398272K)
[41.596s][info][gc,metaspace   ] GC(174) Metaspace: 25002K(25728K)->25002K(25728K) NonClass: 21930K(22272K)->21930K(22272K) Class: 3072K(3456K)->3072K(3456K)
[41.596s][info][gc             ] GC(174) Pause Full (System.gc()) 159M->5M(1866M) 12.169ms
[41.596s][info][gc,cpu         ] GC(174) User=0.00s Sys=0.00s Real=0.00s
[41.865s][info][gc,start       ] GC(175) Pause Young (Allocation Failure)
[41.926s][info][gc,heap        ] GC(175) PSYoungGen: 326656K->119067K(445952K)
[41.926s][info][gc,heap        ] GC(175) ParOldGen: 5642K->5642K(1398272K)
[41.926s][info][gc,metaspace   ] GC(175) Metaspace: 25004K(25728K)->25004K(25728K) NonClass: 21931K(22272K)->21931K(22272K) Class: 3072K(3456K)->3072K(3456K)
[41.926s][info][gc             ] GC(175) Pause Young (Allocation Failure) 324M->121M(1801M) 60.593ms
[41.926s][info][gc,cpu         ] GC(175) User=0.30s Sys=0.00s Real=0.07s
[42.234s][info][gc,start       ] GC(176) Pause Young (Allocation Failure)
[42.314s][info][gc,heap        ] GC(176) PSYoungGen: 444524K->80539K(512000K)
[42.314s][info][gc,heap        ] GC(176) ParOldGen: 5642K->96977K(1398272K)
[42.314s][info][gc,metaspace   ] GC(176) Metaspace: 25010K(25728K)->25010K(25728K) NonClass: 21937K(22272K)->21937K(22272K) Class: 3072K(3456K)->3072K(3456K)
[42.314s][info][gc             ] GC(176) Pause Young (Allocation Failure) 439M->173M(1865M) 79.227ms
[42.314s][info][gc,cpu         ] GC(176) User=0.39s Sys=0.00s Real=0.08s
[42.471s][info][gc,start       ] GC(177) Pause Young (System.gc())
[42.505s][info][gc,heap        ] GC(177) PSYoungGen: 273928K->32K(503808K)
[42.505s][info][gc,heap        ] GC(177) ParOldGen: 96977K->163748K(1398272K)
[42.505s][info][gc,metaspace   ] GC(177) Metaspace: 25010K(25728K)->25010K(25728K) NonClass: 21937K(22272K)->21937K(22272K) Class: 3072K(3456K)->3072K(3456K)
[42.505s][info][gc             ] GC(177) Pause Young (System.gc()) 362M->159M(1857M) 34.257ms
[42.505s][info][gc,cpu         ] GC(177) User=0.03s Sys=0.00s Real=0.03s
[42.505s][info][gc,start       ] GC(178) Pause Full (System.gc())
[42.505s][info][gc,phases,start] GC(178) Marking Phase
[42.510s][info][gc,phases      ] GC(178) Marking Phase 4.819ms
[42.510s][info][gc,phases,start] GC(178) Summary Phase
[42.510s][info][gc,phases      ] GC(178) Summary Phase 0.010ms
[42.510s][info][gc,phases,start] GC(178) Adjust Roots
[42.513s][info][gc,phases      ] GC(178) Adjust Roots 2.704ms
[42.513s][info][gc,phases,start] GC(178) Compaction Phase
[42.515s][info][gc,phases      ] GC(178) Compaction Phase 1.941ms
[42.515s][info][gc,phases,start] GC(178) Post Compact
[42.515s][info][gc,phases      ] GC(178) Post Compact 0.833ms
[42.515s][info][gc,heap        ] GC(178) PSYoungGen: 32K->0K(503808K)
[42.515s][info][gc,heap        ] GC(178) ParOldGen: 163748K->5642K(1398272K)
[42.516s][info][gc,metaspace   ] GC(178) Metaspace: 25010K(25728K)->25010K(25728K) NonClass: 21937K(22272K)->21937K(22272K) Class: 3072K(3456K)->3072K(3456K)
[42.516s][info][gc             ] GC(178) Pause Full (System.gc()) 159M->5M(1857M) 10.533ms
[42.516s][info][gc,cpu         ] GC(178) User=0.00s Sys=0.00s Real=0.01s
[42.780s][info][gc,start       ] GC(179) Pause Young (Allocation Failure)
[42.838s][info][gc,heap        ] GC(179) PSYoungGen: 316928K->115795K(496640K)
[42.838s][info][gc,heap        ] GC(179) ParOldGen: 5642K->5642K(1398272K)
[42.838s][info][gc,metaspace   ] GC(179) Metaspace: 25010K(25728K)->25010K(25728K) NonClass: 21937K(22272K)->21937K(22272K) Class: 3072K(3456K)->3072K(3456K)
[42.838s][info][gc             ] GC(179) Pause Young (Allocation Failure) 315M->118M(1850M) 58.201ms
[42.838s][info][gc,cpu         ] GC(179) User=0.28s Sys=0.00s Real=0.05s
[43.130s][info][gc,start       ] GC(180) Pause Young (Allocation Failure)
[43.208s][info][gc,heap        ] GC(180) PSYoungGen: 425555K->78655K(504320K)
[43.208s][info][gc,heap        ] GC(180) ParOldGen: 5642K->93918K(1398272K)
[43.208s][info][gc,metaspace   ] GC(180) Metaspace: 25010K(25728K)->25010K(25728K) NonClass: 21937K(22272K)->21937K(22272K) Class: 3072K(3456K)->3072K(3456K)
[43.208s][info][gc             ] GC(180) Pause Young (Allocation Failure) 421M->168M(1858M) 78.129ms
[43.208s][info][gc,cpu         ] GC(180) User=0.39s Sys=0.00s Real=0.08s
[43.376s][info][gc,start       ] GC(181) Pause Young (System.gc())
[43.412s][info][gc,heap        ] GC(181) PSYoungGen: 304737K->32K(513024K)
[43.412s][info][gc,heap        ] GC(181) ParOldGen: 93918K->163668K(1398272K)
[43.412s][info][gc,metaspace   ] GC(181) Metaspace: 25010K(25728K)->25010K(25728K) NonClass: 21937K(22272K)->21937K(22272K) Class: 3072K(3456K)->3072K(3456K)
[43.412s][info][gc             ] GC(181) Pause Young (System.gc()) 389M->159M(1866M) 35.948ms
[43.412s][info][gc,cpu         ] GC(181) User=0.03s Sys=0.00s Real=0.03s
[43.412s][info][gc,start       ] GC(182) Pause Full (System.gc())
[43.412s][info][gc,phases,start] GC(182) Marking Phase
[43.418s][info][gc,phases      ] GC(182) Marking Phase 5.199ms
[43.418s][info][gc,phases,start] GC(182) Summary Phase
[43.418s][info][gc,phases      ] GC(182) Summary Phase 0.009ms
[43.418s][info][gc,phases,start] GC(182) Adjust Roots
[43.420s][info][gc,phases      ] GC(182) Adjust Roots 2.263ms
[43.420s][info][gc,phases,start] GC(182) Compaction Phase
[43.423s][info][gc,phases      ] GC(182) Compaction Phase 2.676ms
[43.423s][info][gc,phases,start] GC(182) Post Compact
[43.424s][info][gc,phases      ] GC(182) Post Compact 0.810ms
[43.424s][info][gc,heap        ] GC(182) PSYoungGen: 32K->0K(513024K)
[43.424s][info][gc,heap        ] GC(182) ParOldGen: 163668K->5642K(1398272K)
[43.424s][info][gc,metaspace   ] GC(182) Metaspace: 25010K(25728K)->25010K(25728K) NonClass: 21937K(22272K)->21937K(22272K) Class: 3072K(3456K)->3072K(3456K)
[43.424s][info][gc             ] GC(182) Pause Full (System.gc()) 159M->5M(1866M) 11.206ms
[43.424s][info][gc,cpu         ] GC(182) User=0.02s Sys=0.00s Real=0.02s
[43.696s][info][gc,start       ] GC(183) Pause Young (Allocation Failure)
[43.754s][info][gc,heap        ] GC(183) PSYoungGen: 327168K->119202K(446464K)
[43.754s][info][gc,heap        ] GC(183) ParOldGen: 5642K->5642K(1398272K)
[43.754s][info][gc,metaspace   ] GC(183) Metaspace: 25010K(25728K)->25010K(25728K) NonClass: 21937K(22272K)->21937K(22272K) Class: 3072K(3456K)->3072K(3456K)
[43.754s][info][gc             ] GC(183) Pause Young (Allocation Failure) 325M->121M(1801M) 57.479ms
[43.754s][info][gc,cpu         ] GC(183) User=0.30s Sys=0.00s Real=0.06s
[44.088s][info][gc,start       ] GC(184) Pause Young (Allocation Failure)
[44.166s][info][gc,heap        ] GC(184) PSYoungGen: 446370K->79356K(512512K)
[44.166s][info][gc,heap        ] GC(184) ParOldGen: 5642K->97081K(1398272K)
[44.166s][info][gc,metaspace   ] GC(184) Metaspace: 25010K(25728K)->25010K(25728K) NonClass: 21937K(22272K)->21937K(22272K) Class: 3072K(3456K)->3072K(3456K)
[44.166s][info][gc             ] GC(184) Pause Young (Allocation Failure) 441M->172M(1866M) 77.790ms
[44.166s][info][gc,cpu         ] GC(184) User=0.41s Sys=0.00s Real=0.08s
[44.334s][info][gc,start       ] GC(185) Pause Young (System.gc())
[44.368s][info][gc,heap        ] GC(185) PSYoungGen: 274684K->32K(504320K)
[44.368s][info][gc,heap        ] GC(185) ParOldGen: 97081K->163636K(1398272K)
[44.368s][info][gc,metaspace   ] GC(185) Metaspace: 25010K(25728K)->25010K(25728K) NonClass: 21937K(22272K)->21937K(22272K) Class: 3072K(3456K)->3072K(3456K)
[44.368s][info][gc             ] GC(185) Pause Young (System.gc()) 363M->159M(1858M) 34.263ms
[44.368s][info][gc,cpu         ] GC(185) User=0.03s Sys=0.00s Real=0.03s
[44.368s][info][gc,start       ] GC(186) Pause Full (System.gc())
[44.368s][info][gc,phases,start] GC(186) Marking Phase
[44.373s][info][gc,phases      ] GC(186) Marking Phase 4.872ms
[44.373s][info][gc,phases,start] GC(186) Summary Phase
[44.373s][info][gc,phases      ] GC(186) Summary Phase 0.009ms
[44.373s][info][gc,phases,start] GC(186) Adjust Roots
[44.376s][info][gc,phases      ] GC(186) Adjust Roots 2.405ms
[44.376s][info][gc,phases,start] GC(186) Compaction Phase
[44.378s][info][gc,phases      ] GC(186) Compaction Phase 2.107ms
[44.378s][info][gc,phases,start] GC(186) Post Compact
[44.379s][info][gc,phases      ] GC(186) Post Compact 0.811ms
[44.379s][info][gc,heap        ] GC(186) PSYoungGen: 32K->0K(504320K)
[44.379s][info][gc,heap        ] GC(186) ParOldGen: 163636K->5642K(1398272K)
[44.379s][info][gc,metaspace   ] GC(186) Metaspace: 25010K(25728K)->25010K(25728K) NonClass: 21937K(22272K)->21937K(22272K) Class: 3072K(3456K)->3072K(3456K)
[44.379s][info][gc             ] GC(186) Pause Full (System.gc()) 159M->5M(1858M) 10.438ms
[44.379s][info][gc,cpu         ] GC(186) User=0.02s Sys=0.00s Real=0.02s
[44.643s][info][gc,start       ] GC(187) Pause Young (Allocation Failure)
[44.701s][info][gc,heap        ] GC(187) PSYoungGen: 317952K->116191K(497152K)
[44.701s][info][gc,heap        ] GC(187) ParOldGen: 5642K->5642K(1398272K)
[44.701s][info][gc,metaspace   ] GC(187) Metaspace: 25010K(25728K)->25010K(25728K) NonClass: 21937K(22272K)->21937K(22272K) Class: 3072K(3456K)->3072K(3456K)
[44.701s][info][gc             ] GC(187) Pause Young (Allocation Failure) 316M->118M(1851M) 57.899ms
[44.701s][info][gc,cpu         ] GC(187) User=0.30s Sys=0.00s Real=0.06s
[44.992s][info][gc,start       ] GC(188) Pause Young (Allocation Failure)
[45.069s][info][gc,heap        ] GC(188) PSYoungGen: 426975K->78438K(504832K)
[45.069s][info][gc,heap        ] GC(188) ParOldGen: 5642K->94242K(1398272K)
[45.069s][info][gc,metaspace   ] GC(188) Metaspace: 25014K(25728K)->25014K(25728K) NonClass: 21941K(22272K)->21941K(22272K) Class: 3072K(3456K)->3072K(3456K)
[45.069s][info][gc             ] GC(188) Pause Young (Allocation Failure) 422M->168M(1858M) 77.715ms
[45.069s][info][gc,cpu         ] GC(188) User=0.39s Sys=0.00s Real=0.08s
[45.247s][info][gc,start       ] GC(189) Pause Young (System.gc())
[45.283s][info][gc,heap        ] GC(189) PSYoungGen: 300482K->32K(513536K)
[45.283s][info][gc,heap        ] GC(189) ParOldGen: 94242K->163692K(1398272K)
[45.283s][info][gc,metaspace   ] GC(189) Metaspace: 25014K(25728K)->25014K(25728K) NonClass: 21941K(22272K)->21941K(22272K) Class: 3072K(3456K)->3072K(3456K)
[45.283s][info][gc             ] GC(189) Pause Young (System.gc()) 385M->159M(1867M) 35.605ms
[45.283s][info][gc,cpu         ] GC(189) User=0.03s Sys=0.00s Real=0.03s
[45.283s][info][gc,start       ] GC(190) Pause Full (System.gc())
[45.283s][info][gc,phases,start] GC(190) Marking Phase
[45.288s][info][gc,phases      ] GC(190) Marking Phase 4.920ms
[45.288s][info][gc,phases,start] GC(190) Summary Phase
[45.288s][info][gc,phases      ] GC(190) Summary Phase 0.010ms
[45.288s][info][gc,phases,start] GC(190) Adjust Roots
[45.290s][info][gc,phases      ] GC(190) Adjust Roots 2.394ms
[45.290s][info][gc,phases,start] GC(190) Compaction Phase
[45.292s][info][gc,phases      ] GC(190) Compaction Phase 2.029ms
[45.292s][info][gc,phases,start] GC(190) Post Compact
[45.293s][info][gc,phases      ] GC(190) Post Compact 0.834ms
[45.293s][info][gc,heap        ] GC(190) PSYoungGen: 32K->0K(513536K)
[45.293s][info][gc,heap        ] GC(190) ParOldGen: 163692K->5642K(1398272K)
[45.293s][info][gc,metaspace   ] GC(190) Metaspace: 25014K(25728K)->25014K(25728K) NonClass: 21941K(22272K)->21941K(22272K) Class: 3072K(3456K)->3072K(3456K)
[45.293s][info][gc             ] GC(190) Pause Full (System.gc()) 159M->5M(1867M) 10.427ms
[45.293s][info][gc,cpu         ] GC(190) User=0.00s Sys=0.00s Real=0.02s
[45.565s][info][gc,start       ] GC(191) Pause Young (Allocation Failure)
[45.629s][info][gc,heap        ] GC(191) PSYoungGen: 327680K->119341K(447488K)
[45.629s][info][gc,heap        ] GC(191) ParOldGen: 5642K->5642K(1398272K)
[45.629s][info][gc,metaspace   ] GC(191) Metaspace: 25014K(25728K)->25014K(25728K) NonClass: 21941K(22272K)->21941K(22272K) Class: 3072K(3456K)->3072K(3456K)
[45.629s][info][gc             ] GC(191) Pause Young (Allocation Failure) 325M->122M(1802M) 63.486ms
[45.629s][info][gc,cpu         ] GC(191) User=0.38s Sys=0.00s Real=0.06s
[45.936s][info][gc,start       ] GC(192) Pause Young (Allocation Failure)
[46.014s][info][gc,heap        ] GC(192) PSYoungGen: 445556K->77669K(513024K)
[46.014s][info][gc,heap        ] GC(192) ParOldGen: 5642K->97198K(1398272K)
[46.014s][info][gc,metaspace   ] GC(192) Metaspace: 25014K(25728K)->25014K(25728K) NonClass: 21941K(22272K)->21941K(22272K) Class: 3072K(3456K)->3072K(3456K)
[46.014s][info][gc             ] GC(192) Pause Young (Allocation Failure) 440M->170M(1866M) 78.040ms
[46.014s][info][gc,cpu         ] GC(192) User=0.39s Sys=0.00s Real=0.08s
[46.172s][info][gc,start       ] GC(193) Pause Young (System.gc())
[46.207s][info][gc,heap        ] GC(193) PSYoungGen: 275275K->32K(504320K)
[46.207s][info][gc,heap        ] GC(193) ParOldGen: 97198K->163644K(1398272K)
[46.207s][info][gc,metaspace   ] GC(193) Metaspace: 25014K(25728K)->25014K(25728K) NonClass: 21941K(22272K)->21941K(22272K) Class: 3072K(3456K)->3072K(3456K)
[46.207s][info][gc             ] GC(193) Pause Young (System.gc()) 363M->159M(1858M) 34.836ms
[46.207s][info][gc,cpu         ] GC(193) User=0.03s Sys=0.00s Real=0.03s
[46.207s][info][gc,start       ] GC(194) Pause Full (System.gc())
[46.207s][info][gc,phases,start] GC(194) Marking Phase
[46.212s][info][gc,phases      ] GC(194) Marking Phase 4.848ms
[46.212s][info][gc,phases,start] GC(194) Summary Phase
[46.212s][info][gc,phases      ] GC(194) Summary Phase 0.010ms
[46.212s][info][gc,phases,start] GC(194) Adjust Roots
[46.214s][info][gc,phases      ] GC(194) Adjust Roots 2.451ms
[46.214s][info][gc,phases,start] GC(194) Compaction Phase
[46.216s][info][gc,phases      ] GC(194) Compaction Phase 1.526ms
[46.216s][info][gc,phases,start] GC(194) Post Compact
[46.217s][info][gc,phases      ] GC(194) Post Compact 0.826ms
[46.217s][info][gc,heap        ] GC(194) PSYoungGen: 32K->0K(504320K)
[46.217s][info][gc,heap        ] GC(194) ParOldGen: 163644K->5642K(1398272K)
[46.217s][info][gc,metaspace   ] GC(194) Metaspace: 25014K(25728K)->25014K(25728K) NonClass: 21941K(22272K)->21941K(22272K) Class: 3072K(3456K)->3072K(3456K)
[46.217s][info][gc             ] GC(194) Pause Full (System.gc()) 159M->5M(1858M) 9.894ms
[46.217s][info][gc,cpu         ] GC(194) User=0.00s Sys=0.00s Real=0.01s
[46.479s][info][gc,start       ] GC(195) Pause Young (Allocation Failure)
[46.538s][info][gc,heap        ] GC(195) PSYoungGen: 318464K->116274K(497664K)
[46.538s][info][gc,heap        ] GC(195) ParOldGen: 5642K->5642K(1398272K)
[46.538s][info][gc,metaspace   ] GC(195) Metaspace: 25014K(25728K)->25014K(25728K) NonClass: 21941K(22272K)->21941K(22272K) Class: 3072K(3456K)->3072K(3456K)
[46.538s][info][gc             ] GC(195) Pause Young (Allocation Failure) 316M->119M(1851M) 58.682ms
[46.538s][info][gc,cpu         ] GC(195) User=0.31s Sys=0.00s Real=0.07s
[46.833s][info][gc,start       ] GC(196) Pause Young (Allocation Failure)
[46.912s][info][gc,heap        ] GC(196) PSYoungGen: 428082K->78992K(505344K)
[46.912s][info][gc,heap        ] GC(196) ParOldGen: 5642K->94362K(1398272K)
[46.912s][info][gc,metaspace   ] GC(196) Metaspace: 25019K(25728K)->25019K(25728K) NonClass: 21946K(22272K)->21946K(22272K) Class: 3072K(3456K)->3072K(3456K)
[46.912s][info][gc             ] GC(196) Pause Young (Allocation Failure) 423M->169M(1859M) 78.956ms
[46.912s][info][gc,cpu         ] GC(196) User=0.39s Sys=0.00s Real=0.07s
[47.083s][info][gc,start       ] GC(197) Pause Young (System.gc())
[47.118s][info][gc,heap        ] GC(197) PSYoungGen: 299340K->32K(513536K)
[47.118s][info][gc,heap        ] GC(197) ParOldGen: 94362K->163668K(1398272K)
[47.118s][info][gc,metaspace   ] GC(197) Metaspace: 25019K(25728K)->25019K(25728K) NonClass: 21946K(22272K)->21946K(22272K) Class: 3072K(3456K)->3072K(3456K)
[47.118s][info][gc             ] GC(197) Pause Young (System.gc()) 384M->159M(1867M) 35.422ms
[47.118s][info][gc,cpu         ] GC(197) User=0.03s Sys=0.00s Real=0.03s
[47.118s][info][gc,start       ] GC(198) Pause Full (System.gc())
[47.118s][info][gc,phases,start] GC(198) Marking Phase
[47.124s][info][gc,phases      ] GC(198) Marking Phase 5.118ms
[47.124s][info][gc,phases,start] GC(198) Summary Phase
[47.124s][info][gc,phases      ] GC(198) Summary Phase 0.017ms
[47.124s][info][gc,phases,start] GC(198) Adjust Roots
[47.126s][info][gc,phases      ] GC(198) Adjust Roots 2.364ms
[47.126s][info][gc,phases,start] GC(198) Compaction Phase
[47.129s][info][gc,phases      ] GC(198) Compaction Phase 2.621ms
[47.129s][info][gc,phases,start] GC(198) Post Compact
[47.130s][info][gc,phases      ] GC(198) Post Compact 0.832ms
[47.130s][info][gc,heap        ] GC(198) PSYoungGen: 32K->0K(513536K)
[47.130s][info][gc,heap        ] GC(198) ParOldGen: 163668K->5643K(1398272K)
[47.130s][info][gc,metaspace   ] GC(198) Metaspace: 25019K(25728K)->25019K(25728K) NonClass: 21946K(22272K)->21946K(22272K) Class: 3072K(3456K)->3072K(3456K)
[47.130s][info][gc             ] GC(198) Pause Full (System.gc()) 159M->5M(1867M) 11.239ms
[47.130s][info][gc,cpu         ] GC(198) User=0.00s Sys=0.00s Real=0.02s
[47.400s][info][gc,start       ] GC(199) Pause Young (Allocation Failure)
[47.460s][info][gc,heap        ] GC(199) PSYoungGen: 328192K->119522K(448000K)
[47.460s][info][gc,heap        ] GC(199) ParOldGen: 5643K->5643K(1398272K)
[47.460s][info][gc,metaspace   ] GC(199) Metaspace: 25019K(25728K)->25019K(25728K) NonClass: 21946K(22272K)->21946K(22272K) Class: 3072K(3456K)->3072K(3456K)
[47.460s][info][gc             ] GC(199) Pause Young (Allocation Failure) 326M->122M(1803M) 60.297ms
[47.460s][info][gc,cpu         ] GC(199) User=0.30s Sys=0.00s Real=0.06s
[47.771s][info][gc,start       ] GC(200) Pause Young (Allocation Failure)
[47.849s][info][gc,heap        ] GC(200) PSYoungGen: 447170K->81657K(512000K)
[47.849s][info][gc,heap        ] GC(200) ParOldGen: 5643K->97385K(1398272K)
[47.849s][info][gc,metaspace   ] GC(200) Metaspace: 25023K(25728K)->25023K(25728K) NonClass: 21950K(22272K)->21950K(22272K) Class: 3072K(3456K)->3072K(3456K)
[47.849s][info][gc             ] GC(200) Pause Young (Allocation Failure) 442M->174M(1865M) 78.810ms
[47.849s][info][gc,cpu         ] GC(200) User=0.39s Sys=0.00s Real=0.08s
[48.013s][info][gc,start       ] GC(201) Pause Young (System.gc())
[48.047s][info][gc,heap        ] GC(201) PSYoungGen: 277082K->32K(504320K)
[48.047s][info][gc,heap        ] GC(201) ParOldGen: 97385K->163668K(1398272K)
[48.047s][info][gc,metaspace   ] GC(201) Metaspace: 25023K(25728K)->25023K(25728K) NonClass: 21950K(22272K)->21950K(22272K) Class: 3072K(3456K)->3072K(3456K)
[48.047s][info][gc             ] GC(201) Pause Young (System.gc()) 365M->159M(1858M) 34.281ms
[48.047s][info][gc,cpu         ] GC(201) User=0.05s Sys=0.00s Real=0.03s
[48.047s][info][gc,start       ] GC(202) Pause Full (System.gc())
[48.047s][info][gc,phases,start] GC(202) Marking Phase
[48.053s][info][gc,phases      ] GC(202) Marking Phase 5.104ms
[48.053s][info][gc,phases,start] GC(202) Summary Phase
[48.053s][info][gc,phases      ] GC(202) Summary Phase 0.010ms
[48.053s][info][gc,phases,start] GC(202) Adjust Roots
[48.055s][info][gc,phases      ] GC(202) Adjust Roots 2.318ms
[48.055s][info][gc,phases,start] GC(202) Compaction Phase
[48.058s][info][gc,phases      ] GC(202) Compaction Phase 2.679ms
[48.058s][info][gc,phases,start] GC(202) Post Compact
[48.059s][info][gc,phases      ] GC(202) Post Compact 1.085ms
[48.059s][info][gc,heap        ] GC(202) PSYoungGen: 32K->0K(504320K)
[48.059s][info][gc,heap        ] GC(202) ParOldGen: 163668K->5643K(1398272K)
[48.059s][info][gc,metaspace   ] GC(202) Metaspace: 25023K(25728K)->25023K(25728K) NonClass: 21950K(22272K)->21950K(22272K) Class: 3072K(3456K)->3072K(3456K)
[48.059s][info][gc             ] GC(202) Pause Full (System.gc()) 159M->5M(1858M) 11.496ms
[48.059s][info][gc,cpu         ] GC(202) User=0.00s Sys=0.00s Real=0.01s
[48.320s][info][gc,start       ] GC(203) Pause Young (Allocation Failure)
[48.378s][info][gc,heap        ] GC(203) PSYoungGen: 317440K->115947K(496640K)
[48.378s][info][gc,heap        ] GC(203) ParOldGen: 5643K->5643K(1398272K)
[48.378s][info][gc,metaspace   ] GC(203) Metaspace: 25023K(25728K)->25023K(25728K) NonClass: 21950K(22272K)->21950K(22272K) Class: 3072K(3456K)->3072K(3456K)
[48.378s][info][gc             ] GC(203) Pause Young (Allocation Failure) 315M->118M(1850M) 58.121ms
[48.378s][info][gc,cpu         ] GC(203) User=0.28s Sys=0.00s Real=0.05s
[48.679s][info][gc,start       ] GC(204) Pause Young (Allocation Failure)
[48.755s][info][gc,heap        ] GC(204) PSYoungGen: 425707K->78537K(504320K)
[48.755s][info][gc,heap        ] GC(204) ParOldGen: 5643K->94074K(1398272K)
[48.755s][info][gc,metaspace   ] GC(204) Metaspace: 25023K(25728K)->25023K(25728K) NonClass: 21950K(22272K)->21950K(22272K) Class: 3072K(3456K)->3072K(3456K)
[48.755s][info][gc             ] GC(204) Pause Young (Allocation Failure) 421M->168M(1858M) 76.778ms
[48.755s][info][gc,cpu         ] GC(204) User=0.47s Sys=0.00s Real=0.08s
[48.933s][info][gc,start       ] GC(205) Pause Young (System.gc())
[48.969s][info][gc,heap        ] GC(205) PSYoungGen: 300815K->32K(513024K)
[48.969s][info][gc,heap        ] GC(205) ParOldGen: 94074K->163652K(1398272K)
[48.969s][info][gc,metaspace   ] GC(205) Metaspace: 25023K(25728K)->25023K(25728K) NonClass: 21950K(22272K)->21950K(22272K) Class: 3072K(3456K)->3072K(3456K)
[48.969s][info][gc             ] GC(205) Pause Young (System.gc()) 385M->159M(1866M) 36.008ms
[48.969s][info][gc,cpu         ] GC(205) User=0.03s Sys=0.00s Real=0.03s
[48.969s][info][gc,start       ] GC(206) Pause Full (System.gc())
[48.969s][info][gc,phases,start] GC(206) Marking Phase
[48.974s][info][gc,phases      ] GC(206) Marking Phase 4.880ms
[48.974s][info][gc,phases,start] GC(206) Summary Phase
[48.974s][info][gc,phases      ] GC(206) Summary Phase 0.010ms
[48.974s][info][gc,phases,start] GC(206) Adjust Roots
[48.977s][info][gc,phases      ] GC(206) Adjust Roots 2.428ms
[48.977s][info][gc,phases,start] GC(206) Compaction Phase
[48.979s][info][gc,phases      ] GC(206) Compaction Phase 1.984ms
[48.979s][info][gc,phases,start] GC(206) Post Compact
[48.980s][info][gc,phases      ] GC(206) Post Compact 0.840ms
[48.980s][info][gc,heap        ] GC(206) PSYoungGen: 32K->0K(513024K)
[48.980s][info][gc,heap        ] GC(206) ParOldGen: 163652K->5643K(1398272K)
[48.980s][info][gc,metaspace   ] GC(206) Metaspace: 25023K(25728K)->25023K(25728K) NonClass: 21950K(22272K)->21950K(22272K) Class: 3072K(3456K)->3072K(3456K)
[48.980s][info][gc             ] GC(206) Pause Full (System.gc()) 159M->5M(1866M) 10.395ms
[48.980s][info][gc,cpu         ] GC(206) User=0.02s Sys=0.00s Real=0.02s
[49.252s][info][gc,start       ] GC(207) Pause Young (Allocation Failure)
[49.312s][info][gc,heap        ] GC(207) PSYoungGen: 327168K->119183K(446464K)
[49.312s][info][gc,heap        ] GC(207) ParOldGen: 5643K->5643K(1398272K)
[49.312s][info][gc,metaspace   ] GC(207) Metaspace: 25023K(25728K)->25023K(25728K) NonClass: 21950K(22272K)->21950K(22272K) Class: 3072K(3456K)->3072K(3456K)
[49.312s][info][gc             ] GC(207) Pause Young (Allocation Failure) 325M->121M(1801M) 60.095ms
[49.312s][info][gc,cpu         ] GC(207) User=0.30s Sys=0.00s Real=0.06s
[49.623s][info][gc,start       ] GC(208) Pause Young (Allocation Failure)
[49.705s][info][gc,heap        ] GC(208) PSYoungGen: 444583K->79963K(512000K)
[49.705s][info][gc,heap        ] GC(208) ParOldGen: 5643K->97081K(1398272K)
[49.705s][info][gc,metaspace   ] GC(208) Metaspace: 25028K(25728K)->25028K(25728K) NonClass: 21955K(22272K)->21955K(22272K) Class: 3072K(3456K)->3072K(3456K)
[49.705s][info][gc             ] GC(208) Pause Young (Allocation Failure) 439M->172M(1865M) 82.928ms
[49.705s][info][gc,cpu         ] GC(208) User=0.45s Sys=0.00s Real=0.08s
[49.862s][info][gc,start       ] GC(209) Pause Young (System.gc())
[49.897s][info][gc,heap        ] GC(209) PSYoungGen: 274820K->32K(504320K)
[49.897s][info][gc,heap        ] GC(209) ParOldGen: 97081K->163716K(1398272K)
[49.897s][info][gc,metaspace   ] GC(209) Metaspace: 25028K(25728K)->25028K(25728K) NonClass: 21955K(22272K)->21955K(22272K) Class: 3072K(3456K)->3072K(3456K)
[49.897s][info][gc             ] GC(209) Pause Young (System.gc()) 363M->159M(1858M) 34.410ms
[49.897s][info][gc,cpu         ] GC(209) User=0.03s Sys=0.00s Real=0.03s
[49.897s][info][gc,start       ] GC(210) Pause Full (System.gc())
[49.897s][info][gc,phases,start] GC(210) Marking Phase
[49.902s][info][gc,phases      ] GC(210) Marking Phase 5.386ms
[49.902s][info][gc,phases,start] GC(210) Summary Phase
[49.902s][info][gc,phases      ] GC(210) Summary Phase 0.009ms
[49.902s][info][gc,phases,start] GC(210) Adjust Roots
[49.905s][info][gc,phases      ] GC(210) Adjust Roots 2.266ms
[49.905s][info][gc,phases,start] GC(210) Compaction Phase
[49.907s][info][gc,phases      ] GC(210) Compaction Phase 2.223ms
[49.907s][info][gc,phases,start] GC(210) Post Compact
[49.908s][info][gc,phases      ] GC(210) Post Compact 0.866ms
[49.908s][info][gc,heap        ] GC(210) PSYoungGen: 32K->0K(504320K)
[49.908s][info][gc,heap        ] GC(210) ParOldGen: 163716K->5643K(1398272K)
[49.908s][info][gc,metaspace   ] GC(210) Metaspace: 25028K(25728K)->25028K(25728K) NonClass: 21955K(22272K)->21955K(22272K) Class: 3072K(3456K)->3072K(3456K)
[49.908s][info][gc             ] GC(210) Pause Full (System.gc()) 159M->5M(1858M) 10.999ms
[49.908s][info][gc,cpu         ] GC(210) User=0.00s Sys=0.00s Real=0.01s
[50.169s][info][gc,start       ] GC(211) Pause Young (Allocation Failure)
[50.227s][info][gc,heap        ] GC(211) PSYoungGen: 317440K->115940K(497152K)
[50.227s][info][gc,heap        ] GC(211) ParOldGen: 5643K->5643K(1398272K)
[50.227s][info][gc,metaspace   ] GC(211) Metaspace: 25028K(25728K)->25028K(25728K) NonClass: 21955K(22272K)->21955K(22272K) Class: 3072K(3456K)->3072K(3456K)
[50.227s][info][gc             ] GC(211) Pause Young (Allocation Failure) 315M->118M(1851M) 58.315ms
[50.227s][info][gc,cpu         ] GC(211) User=0.30s Sys=0.00s Real=0.06s
[50.517s][info][gc,start       ] GC(212) Pause Young (Allocation Failure)
[50.596s][info][gc,heap        ] GC(212) PSYoungGen: 426724K->79296K(504832K)
[50.596s][info][gc,heap        ] GC(212) ParOldGen: 5643K->94062K(1398272K)
[50.596s][info][gc,metaspace   ] GC(212) Metaspace: 25028K(25728K)->25028K(25728K) NonClass: 21955K(22272K)->21955K(22272K) Class: 3072K(3456K)->3072K(3456K)
[50.596s][info][gc             ] GC(212) Pause Young (Allocation Failure) 422M->169M(1858M) 79.482ms
[50.596s][info][gc,cpu         ] GC(212) User=0.34s Sys=0.00s Real=0.08s
[50.776s][info][gc,start       ] GC(213) Pause Young (System.gc())
[50.812s][info][gc,heap        ] GC(213) PSYoungGen: 299215K->32K(513024K)
[50.812s][info][gc,heap        ] GC(213) ParOldGen: 94062K->163684K(1398272K)
[50.812s][info][gc,metaspace   ] GC(213) Metaspace: 25028K(25728K)->25028K(25728K) NonClass: 21955K(22272K)->21955K(22272K) Class: 3072K(3456K)->3072K(3456K)
[50.812s][info][gc             ] GC(213) Pause Young (System.gc()) 384M->159M(1866M) 35.597ms
[50.812s][info][gc,cpu         ] GC(213) User=0.03s Sys=0.00s Real=0.03s
[50.812s][info][gc,start       ] GC(214) Pause Full (System.gc())
[50.812s][info][gc,phases,start] GC(214) Marking Phase
[50.817s][info][gc,phases      ] GC(214) Marking Phase 4.931ms
[50.817s][info][gc,phases,start] GC(214) Summary Phase
[50.817s][info][gc,phases      ] GC(214) Summary Phase 0.010ms
[50.817s][info][gc,phases,start] GC(214) Adjust Roots
[50.819s][info][gc,phases      ] GC(214) Adjust Roots 2.426ms
[50.819s][info][gc,phases,start] GC(214) Compaction Phase
[50.822s][info][gc,phases      ] GC(214) Compaction Phase 2.068ms
[50.822s][info][gc,phases,start] GC(214) Post Compact
[50.822s][info][gc,phases      ] GC(214) Post Compact 0.908ms
[50.823s][info][gc,heap        ] GC(214) PSYoungGen: 32K->0K(513024K)
[50.823s][info][gc,heap        ] GC(214) ParOldGen: 163684K->5643K(1398272K)
[50.823s][info][gc,metaspace   ] GC(214) Metaspace: 25028K(25728K)->25028K(25728K) NonClass: 21955K(22272K)->21955K(22272K) Class: 3072K(3456K)->3072K(3456K)
[50.823s][info][gc             ] GC(214) Pause Full (System.gc()) 159M->5M(1866M) 10.596ms
[50.823s][info][gc,cpu         ] GC(214) User=0.00s Sys=0.00s Real=0.02s
[51.093s][info][gc,start       ] GC(215) Pause Young (Allocation Failure)
[51.153s][info][gc,heap        ] GC(215) PSYoungGen: 327168K->119202K(446464K)
[51.153s][info][gc,heap        ] GC(215) ParOldGen: 5643K->5643K(1398272K)
[51.153s][info][gc,metaspace   ] GC(215) Metaspace: 25028K(25728K)->25028K(25728K) NonClass: 21955K(22272K)->21955K(22272K) Class: 3072K(3456K)->3072K(3456K)
[51.153s][info][gc             ] GC(215) Pause Young (Allocation Failure) 325M->121M(1801M) 60.055ms
[51.153s][info][gc,cpu         ] GC(215) User=0.30s Sys=0.00s Real=0.07s
[51.464s][info][gc,start       ] GC(216) Pause Young (Allocation Failure)
[51.543s][info][gc,heap        ] GC(216) PSYoungGen: 444760K->77804K(513024K)
[51.543s][info][gc,heap        ] GC(216) ParOldGen: 5643K->97114K(1398272K)
[51.543s][info][gc,metaspace   ] GC(216) Metaspace: 25030K(25728K)->25030K(25728K) NonClass: 21957K(22272K)->21957K(22272K) Class: 3072K(3456K)->3072K(3456K)
[51.543s][info][gc             ] GC(216) Pause Young (Allocation Failure) 439M->170M(1866M) 78.415ms
[51.543s][info][gc,cpu         ] GC(216) User=0.42s Sys=0.00s Real=0.08s
[51.705s][info][gc,start       ] GC(217) Pause Young (System.gc())
[51.739s][info][gc,heap        ] GC(217) PSYoungGen: 275038K->32K(503808K)
[51.739s][info][gc,heap        ] GC(217) ParOldGen: 97114K->163661K(1398272K)
[51.739s][info][gc,metaspace   ] GC(217) Metaspace: 25030K(25728K)->25030K(25728K) NonClass: 21957K(22272K)->21957K(22272K) Class: 3072K(3456K)->3072K(3456K)
[51.739s][info][gc             ] GC(217) Pause Young (System.gc()) 363M->159M(1857M) 34.229ms
[51.739s][info][gc,cpu         ] GC(217) User=0.03s Sys=0.00s Real=0.03s
[51.739s][info][gc,start       ] GC(218) Pause Full (System.gc())
[51.739s][info][gc,phases,start] GC(218) Marking Phase
[51.744s][info][gc,phases      ] GC(218) Marking Phase 4.602ms
[51.744s][info][gc,phases,start] GC(218) Summary Phase
[51.744s][info][gc,phases      ] GC(218) Summary Phase 0.011ms
[51.744s][info][gc,phases,start] GC(218) Adjust Roots
[51.746s][info][gc,phases      ] GC(218) Adjust Roots 2.398ms
[51.746s][info][gc,phases,start] GC(218) Compaction Phase
[51.748s][info][gc,phases      ] GC(218) Compaction Phase 2.031ms
[51.748s][info][gc,phases,start] GC(218) Post Compact
[51.749s][info][gc,phases      ] GC(218) Post Compact 0.832ms
[51.749s][info][gc,heap        ] GC(218) PSYoungGen: 32K->0K(503808K)
[51.749s][info][gc,heap        ] GC(218) ParOldGen: 163661K->5643K(1398272K)
[51.749s][info][gc,metaspace   ] GC(218) Metaspace: 25030K(25728K)->25030K(25728K) NonClass: 21957K(22272K)->21957K(22272K) Class: 3072K(3456K)->3072K(3456K)
[51.749s][info][gc             ] GC(218) Pause Full (System.gc()) 159M->5M(1857M) 10.109ms
[51.749s][info][gc,cpu         ] GC(218) User=0.03s Sys=0.00s Real=0.02s
[52.012s][info][gc,start       ] GC(219) Pause Young (Allocation Failure)
[52.070s][info][gc,heap        ] GC(219) PSYoungGen: 317952K->116132K(497664K)
[52.070s][info][gc,heap        ] GC(219) ParOldGen: 5643K->5643K(1398272K)
[52.070s][info][gc,metaspace   ] GC(219) Metaspace: 25030K(25728K)->25030K(25728K) NonClass: 21957K(22272K)->21957K(22272K) Class: 3072K(3456K)->3072K(3456K)
[52.070s][info][gc             ] GC(219) Pause Young (Allocation Failure) 316M->118M(1851M) 58.521ms
[52.070s][info][gc,cpu         ] GC(219) User=0.28s Sys=0.00s Real=0.05s
[52.371s][info][gc,start       ] GC(220) Pause Young (Allocation Failure)
[52.448s][info][gc,heap        ] GC(220) PSYoungGen: 427940K->79172K(505344K)
[52.448s][info][gc,heap        ] GC(220) ParOldGen: 5643K->94195K(1398272K)
[52.448s][info][gc,metaspace   ] GC(220) Metaspace: 25030K(25728K)->25030K(25728K) NonClass: 21957K(22272K)->21957K(22272K) Class: 3072K(3456K)->3072K(3456K)
[52.448s][info][gc             ] GC(220) Pause Young (Allocation Failure) 423M->169M(1859M) 76.908ms
[52.448s][info][gc,cpu         ] GC(220) User=0.38s Sys=0.00s Real=0.06s
[52.617s][info][gc,start       ] GC(221) Pause Young (System.gc())
[52.653s][info][gc,heap        ] GC(221) PSYoungGen: 293245K->32K(513536K)
[52.653s][info][gc,heap        ] GC(221) ParOldGen: 94195K->163637K(1398272K)
[52.653s][info][gc,metaspace   ] GC(221) Metaspace: 25030K(25728K)->25030K(25728K) NonClass: 21957K(22272K)->21957K(22272K) Class: 3072K(3456K)->3072K(3456K)
[52.653s][info][gc             ] GC(221) Pause Young (System.gc()) 378M->159M(1867M) 36.209ms
[52.653s][info][gc,cpu         ] GC(221) User=0.03s Sys=0.00s Real=0.05s
[52.653s][info][gc,start       ] GC(222) Pause Full (System.gc())
[52.653s][info][gc,phases,start] GC(222) Marking Phase
[52.658s][info][gc,phases      ] GC(222) Marking Phase 5.013ms
[52.658s][info][gc,phases,start] GC(222) Summary Phase
[52.658s][info][gc,phases      ] GC(222) Summary Phase 0.009ms
[52.658s][info][gc,phases,start] GC(222) Adjust Roots
[52.661s][info][gc,phases      ] GC(222) Adjust Roots 2.301ms
[52.661s][info][gc,phases,start] GC(222) Compaction Phase
[52.662s][info][gc,phases      ] GC(222) Compaction Phase 1.896ms
[52.663s][info][gc,phases,start] GC(222) Post Compact
[52.663s][info][gc,phases      ] GC(222) Post Compact 0.795ms
[52.663s][info][gc,heap        ] GC(222) PSYoungGen: 32K->0K(513536K)
[52.663s][info][gc,heap        ] GC(222) ParOldGen: 163637K->5645K(1398272K)
[52.663s][info][gc,metaspace   ] GC(222) Metaspace: 25030K(25728K)->25030K(25728K) NonClass: 21957K(22272K)->21957K(22272K) Class: 3072K(3456K)->3072K(3456K)
[52.663s][info][gc             ] GC(222) Pause Full (System.gc()) 159M->5M(1867M) 10.289ms
[52.663s][info][gc,cpu         ] GC(222) User=0.00s Sys=0.00s Real=0.00s
[52.935s][info][gc,start       ] GC(223) Pause Young (Allocation Failure)
[52.995s][info][gc,heap        ] GC(223) PSYoungGen: 328192K->119560K(448000K)
[52.995s][info][gc,heap        ] GC(223) ParOldGen: 5645K->5645K(1398272K)
[52.995s][info][gc,metaspace   ] GC(223) Metaspace: 25031K(25728K)->25031K(25728K) NonClass: 21959K(22272K)->21959K(22272K) Class: 3072K(3456K)->3072K(3456K)
[52.995s][info][gc             ] GC(223) Pause Young (Allocation Failure) 326M->122M(1803M) 59.931ms
[52.995s][info][gc,cpu         ] GC(223) User=0.22s Sys=0.00s Real=0.06s
[53.307s][info][gc,start       ] GC(224) Pause Young (Allocation Failure)
[53.386s][info][gc,heap        ] GC(224) PSYoungGen: 447752K->80571K(512000K)
[53.386s][info][gc,heap        ] GC(224) ParOldGen: 5645K->97434K(1398272K)
[53.386s][info][gc,metaspace   ] GC(224) Metaspace: 25033K(25728K)->25033K(25728K) NonClass: 21960K(22272K)->21960K(22272K) Class: 3072K(3456K)->3072K(3456K)
[53.386s][info][gc             ] GC(224) Pause Young (Allocation Failure) 442M->173M(1865M) 78.609ms
[53.386s][info][gc,cpu         ] GC(224) User=0.39s Sys=0.00s Real=0.08s
[53.538s][info][gc,start       ] GC(225) Pause Young (System.gc())
[53.572s][info][gc,heap        ] GC(225) PSYoungGen: 268128K->32K(504320K)
[53.572s][info][gc,heap        ] GC(225) ParOldGen: 97434K->163678K(1398272K)
[53.572s][info][gc,metaspace   ] GC(225) Metaspace: 25033K(25728K)->25033K(25728K) NonClass: 21960K(22272K)->21960K(22272K) Class: 3072K(3456K)->3072K(3456K)
[53.572s][info][gc             ] GC(225) Pause Young (System.gc()) 356M->159M(1858M) 34.016ms
[53.572s][info][gc,cpu         ] GC(225) User=0.03s Sys=0.00s Real=0.03s
[53.572s][info][gc,start       ] GC(226) Pause Full (System.gc())
[53.572s][info][gc,phases,start] GC(226) Marking Phase
[53.578s][info][gc,phases      ] GC(226) Marking Phase 6.048ms
[53.578s][info][gc,phases,start] GC(226) Summary Phase
[53.578s][info][gc,phases      ] GC(226) Summary Phase 0.015ms
[53.578s][info][gc,phases,start] GC(226) Adjust Roots
[53.581s][info][gc,phases      ] GC(226) Adjust Roots 2.446ms
[53.581s][info][gc,phases,start] GC(226) Compaction Phase
[53.583s][info][gc,phases      ] GC(226) Compaction Phase 1.598ms
[53.583s][info][gc,phases,start] GC(226) Post Compact
[53.584s][info][gc,phases      ] GC(226) Post Compact 0.964ms
[53.584s][info][gc,heap        ] GC(226) PSYoungGen: 32K->0K(504320K)
[53.584s][info][gc,heap        ] GC(226) ParOldGen: 163678K->5645K(1398272K)
[53.584s][info][gc,metaspace   ] GC(226) Metaspace: 25033K(25728K)->25033K(25728K) NonClass: 21960K(22272K)->21960K(22272K) Class: 3072K(3456K)->3072K(3456K)
[53.584s][info][gc             ] GC(226) Pause Full (System.gc()) 159M->5M(1858M) 11.351ms
[53.584s][info][gc,cpu         ] GC(226) User=0.00s Sys=0.00s Real=0.02s
[53.845s][info][gc,start       ] GC(227) Pause Young (Allocation Failure)
[53.903s][info][gc,heap        ] GC(227) PSYoungGen: 317440K->115987K(497664K)
[53.904s][info][gc,heap        ] GC(227) ParOldGen: 5645K->5653K(1398272K)
[53.904s][info][gc,metaspace   ] GC(227) Metaspace: 25033K(25728K)->25033K(25728K) NonClass: 21961K(22272K)->21961K(22272K) Class: 3072K(3456K)->3072K(3456K)
[53.904s][info][gc             ] GC(227) Pause Young (Allocation Failure) 315M->118M(1851M) 58.307ms
[53.904s][info][gc,cpu         ] GC(227) User=0.23s Sys=0.02s Real=0.05s
[54.207s][info][gc,start       ] GC(228) Pause Young (Allocation Failure)
[54.286s][info][gc,heap        ] GC(228) PSYoungGen: 426771K->78512K(504832K)
[54.286s][info][gc,heap        ] GC(228) ParOldGen: 5653K->94076K(1398272K)
[54.286s][info][gc,metaspace   ] GC(228) Metaspace: 25033K(25728K)->25033K(25728K) NonClass: 21961K(22272K)->21961K(22272K) Class: 3072K(3456K)->3072K(3456K)
[54.286s][info][gc             ] GC(228) Pause Young (Allocation Failure) 422M->168M(1858M) 78.947ms
[54.286s][info][gc,cpu         ] GC(228) User=0.47s Sys=0.00s Real=0.08s
[54.471s][info][gc,start       ] GC(229) Pause Young (System.gc())
[54.506s][info][gc,heap        ] GC(229) PSYoungGen: 296508K->32K(513024K)
[54.506s][info][gc,heap        ] GC(229) ParOldGen: 94076K->163638K(1398272K)
[54.506s][info][gc,metaspace   ] GC(229) Metaspace: 25033K(25728K)->25033K(25728K) NonClass: 21961K(22272K)->21961K(22272K) Class: 3072K(3456K)->3072K(3456K)
[54.506s][info][gc             ] GC(229) Pause Young (System.gc()) 381M->159M(1866M) 35.952ms
[54.506s][info][gc,cpu         ] GC(229) User=0.05s Sys=0.00s Real=0.05s
[54.507s][info][gc,start       ] GC(230) Pause Full (System.gc())
[54.507s][info][gc,phases,start] GC(230) Marking Phase
[54.511s][info][gc,phases      ] GC(230) Marking Phase 4.615ms
[54.511s][info][gc,phases,start] GC(230) Summary Phase
[54.511s][info][gc,phases      ] GC(230) Summary Phase 0.010ms
[54.511s][info][gc,phases,start] GC(230) Adjust Roots
[54.514s][info][gc,phases      ] GC(230) Adjust Roots 2.413ms
[54.514s][info][gc,phases,start] GC(230) Compaction Phase
[54.515s][info][gc,phases      ] GC(230) Compaction Phase 1.526ms
[54.515s][info][gc,phases,start] GC(230) Post Compact
[54.516s][info][gc,phases      ] GC(230) Post Compact 0.960ms
[54.516s][info][gc,heap        ] GC(230) PSYoungGen: 32K->0K(513024K)
[54.516s][info][gc,heap        ] GC(230) ParOldGen: 163638K->5646K(1398272K)
[54.516s][info][gc,metaspace   ] GC(230) Metaspace: 25033K(25728K)->25033K(25728K) NonClass: 21961K(22272K)->21961K(22272K) Class: 3072K(3456K)->3072K(3456K)
[54.516s][info][gc             ] GC(230) Pause Full (System.gc()) 159M->5M(1866M) 9.777ms
[54.516s][info][gc,cpu         ] GC(230) User=0.00s Sys=0.00s Real=0.00s
[54.791s][info][gc,start       ] GC(231) Pause Young (Allocation Failure)
[54.851s][info][gc,heap        ] GC(231) PSYoungGen: 327168K->119183K(446464K)
[54.851s][info][gc,heap        ] GC(231) ParOldGen: 5646K->5646K(1398272K)
[54.851s][info][gc,metaspace   ] GC(231) Metaspace: 25033K(25728K)->25033K(25728K) NonClass: 21961K(22272K)->21961K(22272K) Class: 3072K(3456K)->3072K(3456K)
[54.851s][info][gc             ] GC(231) Pause Young (Allocation Failure) 325M->121M(1801M) 59.979ms
[54.851s][info][gc,cpu         ] GC(231) User=0.28s Sys=0.00s Real=0.05s
[55.164s][info][gc,start       ] GC(232) Pause Young (Allocation Failure)
[55.242s][info][gc,heap        ] GC(232) PSYoungGen: 445350K->79344K(512512K)
[55.242s][info][gc,heap        ] GC(232) ParOldGen: 5646K->97128K(1398272K)
[55.242s][info][gc,metaspace   ] GC(232) Metaspace: 25033K(25728K)->25033K(25728K) NonClass: 21961K(22272K)->21961K(22272K) Class: 3072K(3456K)->3072K(3456K)
[55.242s][info][gc             ] GC(232) Pause Young (Allocation Failure) 440M->172M(1866M) 78.130ms
[55.242s][info][gc,cpu         ] GC(232) User=0.47s Sys=0.00s Real=0.07s
[55.400s][info][gc,start       ] GC(233) Pause Young (System.gc())
[55.435s][info][gc,heap        ] GC(233) PSYoungGen: 276340K->32K(504320K)
[55.435s][info][gc,heap        ] GC(233) ParOldGen: 97128K->163687K(1398272K)
[55.435s][info][gc,metaspace   ] GC(233) Metaspace: 25033K(25728K)->25033K(25728K) NonClass: 21961K(22272K)->21961K(22272K) Class: 3072K(3456K)->3072K(3456K)
[55.435s][info][gc             ] GC(233) Pause Young (System.gc()) 364M->159M(1858M) 34.354ms
[55.435s][info][gc,cpu         ] GC(233) User=0.05s Sys=0.00s Real=0.05s
[55.435s][info][gc,start       ] GC(234) Pause Full (System.gc())
[55.435s][info][gc,phases,start] GC(234) Marking Phase
[55.440s][info][gc,phases      ] GC(234) Marking Phase 5.340ms
[55.440s][info][gc,phases,start] GC(234) Summary Phase
[55.440s][info][gc,phases      ] GC(234) Summary Phase 0.010ms
[55.440s][info][gc,phases,start] GC(234) Adjust Roots
[55.442s][info][gc,phases      ] GC(234) Adjust Roots 2.362ms
[55.442s][info][gc,phases,start] GC(234) Compaction Phase
[55.445s][info][gc,phases      ] GC(234) Compaction Phase 2.681ms
[55.445s][info][gc,phases,start] GC(234) Post Compact
[55.446s][info][gc,phases      ] GC(234) Post Compact 0.813ms
[55.446s][info][gc,heap        ] GC(234) PSYoungGen: 32K->0K(504320K)
[55.446s][info][gc,heap        ] GC(234) ParOldGen: 163687K->5646K(1398272K)
[55.446s][info][gc,metaspace   ] GC(234) Metaspace: 25033K(25728K)->25033K(25728K) NonClass: 21961K(22272K)->21961K(22272K) Class: 3072K(3456K)->3072K(3456K)
[55.446s][info][gc             ] GC(234) Pause Full (System.gc()) 159M->5M(1858M) 11.461ms
[55.446s][info][gc,cpu         ] GC(234) User=0.00s Sys=0.00s Real=0.00s
[55.711s][info][gc,start       ] GC(235) Pause Young (Allocation Failure)
[55.769s][info][gc,heap        ] GC(235) PSYoungGen: 317952K->116139K(497152K)
[55.769s][info][gc,heap        ] GC(235) ParOldGen: 5646K->5646K(1398272K)
[55.770s][info][gc,metaspace   ] GC(235) Metaspace: 25033K(25728K)->25033K(25728K) NonClass: 21961K(22272K)->21961K(22272K) Class: 3072K(3456K)->3072K(3456K)
[55.770s][info][gc             ] GC(235) Pause Young (Allocation Failure) 316M->118M(1851M) 58.572ms
[55.770s][info][gc,cpu         ] GC(235) User=0.36s Sys=0.00s Real=0.06s
[56.060s][info][gc,start       ] GC(236) Pause Young (Allocation Failure)
[56.136s][info][gc,heap        ] GC(236) PSYoungGen: 426923K->79218K(504832K)
[56.136s][info][gc,heap        ] GC(236) ParOldGen: 5646K->94206K(1398272K)
[56.136s][info][gc,metaspace   ] GC(236) Metaspace: 25033K(25728K)->25033K(25728K) NonClass: 21961K(22272K)->21961K(22272K) Class: 3072K(3456K)->3072K(3456K)
[56.136s][info][gc             ] GC(236) Pause Young (Allocation Failure) 422M->169M(1858M) 76.796ms
[56.136s][info][gc,cpu         ] GC(236) User=0.38s Sys=0.00s Real=0.07s
[56.310s][info][gc,start       ] GC(237) Pause Young (System.gc())
[56.346s][info][gc,heap        ] GC(237) PSYoungGen: 301529K->32K(513024K)
[56.346s][info][gc,heap        ] GC(237) ParOldGen: 94206K->163679K(1398272K)
[56.346s][info][gc,metaspace   ] GC(237) Metaspace: 25033K(25728K)->25033K(25728K) NonClass: 21961K(22272K)->21961K(22272K) Class: 3072K(3456K)->3072K(3456K)
[56.346s][info][gc             ] GC(237) Pause Young (System.gc()) 386M->159M(1866M) 35.875ms
[56.346s][info][gc,cpu         ] GC(237) User=0.09s Sys=0.00s Real=0.05s
[56.346s][info][gc,start       ] GC(238) Pause Full (System.gc())
[56.346s][info][gc,phases,start] GC(238) Marking Phase
[56.351s][info][gc,phases      ] GC(238) Marking Phase 4.850ms
[56.351s][info][gc,phases,start] GC(238) Summary Phase
[56.351s][info][gc,phases      ] GC(238) Summary Phase 0.011ms
[56.351s][info][gc,phases,start] GC(238) Adjust Roots
[56.354s][info][gc,phases      ] GC(238) Adjust Roots 2.321ms
[56.354s][info][gc,phases,start] GC(238) Compaction Phase
[56.355s][info][gc,phases      ] GC(238) Compaction Phase 1.801ms
[56.355s][info][gc,phases,start] GC(238) Post Compact
[56.356s][info][gc,phases      ] GC(238) Post Compact 0.829ms
[56.356s][info][gc,heap        ] GC(238) PSYoungGen: 32K->0K(513024K)
[56.356s][info][gc,heap        ] GC(238) ParOldGen: 163679K->5646K(1398272K)
[56.356s][info][gc,metaspace   ] GC(238) Metaspace: 25033K(25728K)->25033K(25728K) NonClass: 21961K(22272K)->21961K(22272K) Class: 3072K(3456K)->3072K(3456K)
[56.356s][info][gc             ] GC(238) Pause Full (System.gc()) 159M->5M(1866M) 10.039ms
[56.356s][info][gc,cpu         ] GC(238) User=0.00s Sys=0.00s Real=0.00s
[56.628s][info][gc,start       ] GC(239) Pause Young (Allocation Failure)
[56.686s][info][gc,heap        ] GC(239) PSYoungGen: 327168K->119234K(446464K)
[56.686s][info][gc,heap        ] GC(239) ParOldGen: 5646K->5646K(1398272K)
[56.686s][info][gc,metaspace   ] GC(239) Metaspace: 25033K(25728K)->25033K(25728K) NonClass: 21961K(22272K)->21961K(22272K) Class: 3072K(3456K)->3072K(3456K)
[56.686s][info][gc             ] GC(239) Pause Young (Allocation Failure) 325M->121M(1801M) 57.576ms
[56.686s][info][gc,cpu         ] GC(239) User=0.28s Sys=0.00s Real=0.05s
[56.997s][info][gc,start       ] GC(240) Pause Young (Allocation Failure)
[57.076s][info][gc,heap        ] GC(240) PSYoungGen: 444411K->78890K(512512K)
[57.076s][info][gc,heap        ] GC(240) ParOldGen: 5646K->97105K(1398272K)
[57.076s][info][gc,metaspace   ] GC(240) Metaspace: 25033K(25728K)->25033K(25728K) NonClass: 21961K(22272K)->21961K(22272K) Class: 3072K(3456K)->3072K(3456K)
[57.076s][info][gc             ] GC(240) Pause Young (Allocation Failure) 439M->171M(1866M) 78.827ms
[57.076s][info][gc,cpu         ] GC(240) User=0.47s Sys=0.00s Real=0.08s
[57.237s][info][gc,start       ] GC(241) Pause Young (System.gc())
[57.271s][info][gc,heap        ] GC(241) PSYoungGen: 274666K->32K(504320K)
[57.271s][info][gc,heap        ] GC(241) ParOldGen: 97105K->163695K(1398272K)
[57.271s][info][gc,metaspace   ] GC(241) Metaspace: 25033K(25728K)->25033K(25728K) NonClass: 21961K(22272K)->21961K(22272K) Class: 3072K(3456K)->3072K(3456K)
[57.271s][info][gc             ] GC(241) Pause Young (System.gc()) 363M->159M(1858M) 34.261ms
[57.271s][info][gc,cpu         ] GC(241) User=0.05s Sys=0.00s Real=0.05s
[57.271s][info][gc,start       ] GC(242) Pause Full (System.gc())
[57.271s][info][gc,phases,start] GC(242) Marking Phase
[57.276s][info][gc,phases      ] GC(242) Marking Phase 4.785ms
[57.276s][info][gc,phases,start] GC(242) Summary Phase
[57.276s][info][gc,phases      ] GC(242) Summary Phase 0.010ms
[57.276s][info][gc,phases,start] GC(242) Adjust Roots
[57.278s][info][gc,phases      ] GC(242) Adjust Roots 2.624ms
[57.278s][info][gc,phases,start] GC(242) Compaction Phase
[57.281s][info][gc,phases      ] GC(242) Compaction Phase 2.289ms
[57.281s][info][gc,phases,start] GC(242) Post Compact
[57.282s][info][gc,phases      ] GC(242) Post Compact 0.852ms
[57.282s][info][gc,heap        ] GC(242) PSYoungGen: 32K->0K(504320K)
[57.282s][info][gc,heap        ] GC(242) ParOldGen: 163695K->5646K(1398272K)
[57.282s][info][gc,metaspace   ] GC(242) Metaspace: 25033K(25728K)->25033K(25728K) NonClass: 21961K(22272K)->21961K(22272K) Class: 3072K(3456K)->3072K(3456K)
[57.282s][info][gc             ] GC(242) Pause Full (System.gc()) 159M->5M(1858M) 10.809ms
[57.282s][info][gc,cpu         ] GC(242) User=0.00s Sys=0.00s Real=0.00s
[57.541s][info][gc,start       ] GC(243) Pause Young (Allocation Failure)
[57.603s][info][gc,heap        ] GC(243) PSYoungGen: 317952K->116147K(497152K)
[57.603s][info][gc,heap        ] GC(243) ParOldGen: 5646K->5646K(1398272K)
[57.603s][info][gc,metaspace   ] GC(243) Metaspace: 25033K(25728K)->25033K(25728K) NonClass: 21961K(22272K)->21961K(22272K) Class: 3072K(3456K)->3072K(3456K)
[57.603s][info][gc             ] GC(243) Pause Young (Allocation Failure) 316M->118M(1851M) 61.331ms
[57.603s][info][gc,cpu         ] GC(243) User=0.30s Sys=0.00s Real=0.06s
[57.895s][info][gc,start       ] GC(244) Pause Young (Allocation Failure)
[57.971s][info][gc,heap        ] GC(244) PSYoungGen: 426931K->78378K(504832K)
[57.971s][info][gc,heap        ] GC(244) ParOldGen: 5646K->94241K(1398272K)
[57.971s][info][gc,metaspace   ] GC(244) Metaspace: 25033K(25728K)->25033K(25728K) NonClass: 21961K(22272K)->21961K(22272K) Class: 3072K(3456K)->3072K(3456K)
[57.972s][info][gc             ] GC(244) Pause Young (Allocation Failure) 422M->168M(1858M) 76.222ms
[57.972s][info][gc,cpu         ] GC(244) User=0.47s Sys=0.00s Real=0.08s
[58.153s][info][gc,start       ] GC(245) Pause Young (System.gc())
[58.189s][info][gc,heap        ] GC(245) PSYoungGen: 299391K->32K(513536K)
[58.189s][info][gc,heap        ] GC(245) ParOldGen: 94241K->163679K(1398272K)
[58.189s][info][gc,metaspace   ] GC(245) Metaspace: 25033K(25728K)->25033K(25728K) NonClass: 21961K(22272K)->21961K(22272K) Class: 3072K(3456K)->3072K(3456K)
[58.189s][info][gc             ] GC(245) Pause Young (System.gc()) 384M->159M(1867M) 35.950ms
[58.189s][info][gc,cpu         ] GC(245) User=0.03s Sys=0.00s Real=0.03s
[58.189s][info][gc,start       ] GC(246) Pause Full (System.gc())
[58.189s][info][gc,phases,start] GC(246) Marking Phase
[58.194s][info][gc,phases      ] GC(246) Marking Phase 4.927ms
[58.194s][info][gc,phases,start] GC(246) Summary Phase
[58.194s][info][gc,phases      ] GC(246) Summary Phase 0.009ms
[58.194s][info][gc,phases,start] GC(246) Adjust Roots
[58.196s][info][gc,phases      ] GC(246) Adjust Roots 2.617ms
[58.196s][info][gc,phases,start] GC(246) Compaction Phase
[58.199s][info][gc,phases      ] GC(246) Compaction Phase 2.274ms
[58.199s][info][gc,phases,start] GC(246) Post Compact
[58.200s][info][gc,phases      ] GC(246) Post Compact 0.864ms
[58.200s][info][gc,heap        ] GC(246) PSYoungGen: 32K->0K(513536K)
[58.200s][info][gc,heap        ] GC(246) ParOldGen: 163679K->5646K(1398272K)
[58.200s][info][gc,metaspace   ] GC(246) Metaspace: 25033K(25728K)->25033K(25728K) NonClass: 21961K(22272K)->21961K(22272K) Class: 3072K(3456K)->3072K(3456K)
[58.200s][info][gc             ] GC(246) Pause Full (System.gc()) 159M->5M(1867M) 10.945ms
[58.200s][info][gc,cpu         ] GC(246) User=0.00s Sys=0.00s Real=0.02s
[58.470s][info][gc,start       ] GC(247) Pause Young (Allocation Failure)
[58.530s][info][gc,heap        ] GC(247) PSYoungGen: 328192K->119574K(448000K)
[58.530s][info][gc,heap        ] GC(247) ParOldGen: 5646K->5646K(1398272K)
[58.530s][info][gc,metaspace   ] GC(247) Metaspace: 25033K(25728K)->25033K(25728K) NonClass: 21961K(22272K)->21961K(22272K) Class: 3072K(3456K)->3072K(3456K)
[58.530s][info][gc             ] GC(247) Pause Young (Allocation Failure) 326M->122M(1803M) 60.387ms
[58.530s][info][gc,cpu         ] GC(247) User=0.30s Sys=0.00s Real=0.06s
[58.842s][info][gc,start       ] GC(248) Pause Young (Allocation Failure)
[58.920s][info][gc,heap        ] GC(248) PSYoungGen: 446751K->80565K(512000K)
[58.920s][info][gc,heap        ] GC(248) ParOldGen: 5646K->97404K(1398272K)
[58.920s][info][gc,metaspace   ] GC(248) Metaspace: 25033K(25728K)->25033K(25728K) NonClass: 21961K(22272K)->21961K(22272K) Class: 3072K(3456K)->3072K(3456K)
[58.921s][info][gc             ] GC(248) Pause Young (Allocation Failure) 441M->173M(1865M) 78.163ms
[58.921s][info][gc,cpu         ] GC(248) User=0.39s Sys=0.00s Real=0.08s
[59.078s][info][gc,start       ] GC(249) Pause Young (System.gc())
[59.112s][info][gc,heap        ] GC(249) PSYoungGen: 273093K->32K(504320K)
[59.112s][info][gc,heap        ] GC(249) ParOldGen: 97404K->163671K(1398272K)
[59.112s][info][gc,metaspace   ] GC(249) Metaspace: 25033K(25728K)->25033K(25728K) NonClass: 21961K(22272K)->21961K(22272K) Class: 3072K(3456K)->3072K(3456K)
[59.112s][info][gc             ] GC(249) Pause Young (System.gc()) 361M->159M(1858M) 34.073ms
[59.112s][info][gc,cpu         ] GC(249) User=0.03s Sys=0.00s Real=0.03s
[59.112s][info][gc,start       ] GC(250) Pause Full (System.gc())
[59.112s][info][gc,phases,start] GC(250) Marking Phase
[59.117s][info][gc,phases      ] GC(250) Marking Phase 4.956ms
[59.117s][info][gc,phases,start] GC(250) Summary Phase
[59.117s][info][gc,phases      ] GC(250) Summary Phase 0.010ms
[59.117s][info][gc,phases,start] GC(250) Adjust Roots
[59.120s][info][gc,phases      ] GC(250) Adjust Roots 2.453ms
[59.120s][info][gc,phases,start] GC(250) Compaction Phase
[59.122s][info][gc,phases      ] GC(250) Compaction Phase 2.586ms
[59.122s][info][gc,phases,start] GC(250) Post Compact
[59.123s][info][gc,phases      ] GC(250) Post Compact 0.808ms
[59.123s][info][gc,heap        ] GC(250) PSYoungGen: 32K->0K(504320K)
[59.123s][info][gc,heap        ] GC(250) ParOldGen: 163671K->5646K(1398272K)
[59.123s][info][gc,metaspace   ] GC(250) Metaspace: 25033K(25728K)->25033K(25728K) NonClass: 21961K(22272K)->21961K(22272K) Class: 3072K(3456K)->3072K(3456K)
[59.123s][info][gc             ] GC(250) Pause Full (System.gc()) 159M->5M(1858M) 11.058ms
[59.123s][info][gc,cpu         ] GC(250) User=0.02s Sys=0.00s Real=0.02s
[59.385s][info][gc,start       ] GC(251) Pause Young (Allocation Failure)
[59.443s][info][gc,heap        ] GC(251) PSYoungGen: 317440K->115999K(497152K)
[59.443s][info][gc,heap        ] GC(251) ParOldGen: 5646K->5646K(1398272K)
[59.443s][info][gc,metaspace   ] GC(251) Metaspace: 25033K(25728K)->25033K(25728K) NonClass: 21961K(22272K)->21961K(22272K) Class: 3072K(3456K)->3072K(3456K)
[59.443s][info][gc             ] GC(251) Pause Young (Allocation Failure) 315M->118M(1851M) 57.902ms
[59.443s][info][gc,cpu         ] GC(251) User=0.30s Sys=0.00s Real=0.06s
[59.739s][info][gc,start       ] GC(252) Pause Young (Allocation Failure)
[59.817s][info][gc,heap        ] GC(252) PSYoungGen: 426783K->79874K(504832K)
[59.817s][info][gc,heap        ] GC(252) ParOldGen: 5646K->94073K(1398272K)
[59.817s][info][gc,metaspace   ] GC(252) Metaspace: 25033K(25728K)->25033K(25728K) NonClass: 21961K(22272K)->21961K(22272K) Class: 3072K(3456K)->3072K(3456K)
[59.817s][info][gc             ] GC(252) Pause Young (Allocation Failure) 422M->169M(1858M) 77.570ms
[59.817s][info][gc,cpu         ] GC(252) User=0.34s Sys=0.00s Real=0.08s
[59.995s][info][gc,start       ] GC(253) Pause Young (System.gc())
[60.032s][info][gc,heap        ] GC(253) PSYoungGen: 304380K->32K(512512K)
[60.034s][info][gc,heap        ] GC(253) ParOldGen: 94073K->163711K(1398272K)
[60.034s][info][gc,metaspace   ] GC(253) Metaspace: 25033K(25728K)->25033K(25728K) NonClass: 21961K(22272K)->21961K(22272K) Class: 3072K(3456K)->3072K(3456K)
[60.034s][info][gc             ] GC(253) Pause Young (System.gc()) 389M->159M(1866M) 38.322ms
[60.034s][info][gc,cpu         ] GC(253) User=0.03s Sys=0.00s Real=0.05s
[60.034s][info][gc,start       ] GC(254) Pause Full (System.gc())
[60.034s][info][gc,phases,start] GC(254) Marking Phase
[60.038s][info][gc,phases      ] GC(254) Marking Phase 4.433ms
[60.038s][info][gc,phases,start] GC(254) Summary Phase
[60.038s][info][gc,phases      ] GC(254) Summary Phase 0.009ms
[60.038s][info][gc,phases,start] GC(254) Adjust Roots
[60.041s][info][gc,phases      ] GC(254) Adjust Roots 2.326ms
[60.041s][info][gc,phases,start] GC(254) Compaction Phase
[60.043s][info][gc,phases      ] GC(254) Compaction Phase 2.477ms
[60.043s][info][gc,phases,start] GC(254) Post Compact
[60.044s][info][gc,phases      ] GC(254) Post Compact 0.838ms
[60.044s][info][gc,heap        ] GC(254) PSYoungGen: 32K->0K(512512K)
[60.044s][info][gc,heap        ] GC(254) ParOldGen: 163711K->5646K(1398272K)
[60.044s][info][gc,metaspace   ] GC(254) Metaspace: 25033K(25728K)->25033K(25728K) NonClass: 21961K(22272K)->21961K(22272K) Class: 3072K(3456K)->3072K(3456K)
[60.044s][info][gc             ] GC(254) Pause Full (System.gc()) 159M->5M(1866M) 10.314ms
[60.044s][info][gc,cpu         ] GC(254) User=0.00s Sys=0.00s Real=0.00s
[60.312s][info][gc,start       ] GC(255) Pause Young (Allocation Failure)
[60.369s][info][gc,heap        ] GC(255) PSYoungGen: 326144K->118863K(445440K)
[60.369s][info][gc,heap        ] GC(255) ParOldGen: 5646K->5646K(1398272K)
[60.369s][info][gc,metaspace   ] GC(255) Metaspace: 25033K(25728K)->25033K(25728K) NonClass: 21961K(22272K)->21961K(22272K) Class: 3072K(3456K)->3072K(3456K)
[60.369s][info][gc             ] GC(255) Pause Young (Allocation Failure) 324M->121M(1800M) 57.119ms
[60.369s][info][gc,cpu         ] GC(255) User=0.30s Sys=0.00s Real=0.07s
[60.682s][info][gc,start       ] GC(256) Pause Young (Allocation Failure)
[60.761s][info][gc,heap        ] GC(256) PSYoungGen: 444443K->80677K(511488K)
[60.761s][info][gc,heap        ] GC(256) ParOldGen: 5646K->96793K(1398272K)
[60.761s][info][gc,metaspace   ] GC(256) Metaspace: 25033K(25728K)->25033K(25728K) NonClass: 21961K(22272K)->21961K(22272K) Class: 3072K(3456K)->3072K(3456K)
[60.761s][info][gc             ] GC(256) Pause Young (Allocation Failure) 439M->173M(1865M) 78.545ms
[60.761s][info][gc,cpu         ] GC(256) User=0.39s Sys=0.00s Real=0.08s
[60.918s][info][gc,start       ] GC(257) Pause Young (System.gc())
[60.952s][info][gc,heap        ] GC(257) PSYoungGen: 275143K->32K(503808K)
[60.952s][info][gc,heap        ] GC(257) ParOldGen: 96793K->163695K(1398272K)
[60.952s][info][gc,metaspace   ] GC(257) Metaspace: 25033K(25728K)->25033K(25728K) NonClass: 21961K(22272K)->21961K(22272K) Class: 3072K(3456K)->3072K(3456K)
[60.952s][info][gc             ] GC(257) Pause Young (System.gc()) 363M->159M(1857M) 34.252ms
[60.952s][info][gc,cpu         ] GC(257) User=0.03s Sys=0.00s Real=0.03s
[60.952s][info][gc,start       ] GC(258) Pause Full (System.gc())
[60.952s][info][gc,phases,start] GC(258) Marking Phase
[60.957s][info][gc,phases      ] GC(258) Marking Phase 4.875ms
[60.957s][info][gc,phases,start] GC(258) Summary Phase
[60.957s][info][gc,phases      ] GC(258) Summary Phase 0.010ms
[60.957s][info][gc,phases,start] GC(258) Adjust Roots
[60.960s][info][gc,phases      ] GC(258) Adjust Roots 2.474ms
[60.960s][info][gc,phases,start] GC(258) Compaction Phase
[60.962s][info][gc,phases      ] GC(258) Compaction Phase 1.629ms
[60.962s][info][gc,phases,start] GC(258) Post Compact
[60.962s][info][gc,phases      ] GC(258) Post Compact 0.830ms
[60.962s][info][gc,heap        ] GC(258) PSYoungGen: 32K->0K(503808K)
[60.962s][info][gc,heap        ] GC(258) ParOldGen: 163695K->5646K(1398272K)
[60.962s][info][gc,metaspace   ] GC(258) Metaspace: 25033K(25728K)->25033K(25728K) NonClass: 21961K(22272K)->21961K(22272K) Class: 3072K(3456K)->3072K(3456K)
[60.962s][info][gc             ] GC(258) Pause Full (System.gc()) 159M->5M(1857M) 10.069ms
[60.963s][info][gc,cpu         ] GC(258) User=0.00s Sys=0.00s Real=0.02s
[61.222s][info][gc,start       ] GC(259) Pause Young (Allocation Failure)
[61.280s][info][gc,heap        ] GC(259) PSYoungGen: 316416K->115606K(496640K)
[61.280s][info][gc,heap        ] GC(259) ParOldGen: 5646K->5646K(1398272K)
[61.280s][info][gc,metaspace   ] GC(259) Metaspace: 25033K(25728K)->25033K(25728K) NonClass: 21961K(22272K)->21961K(22272K) Class: 3072K(3456K)->3072K(3456K)
[61.280s][info][gc             ] GC(259) Pause Young (Allocation Failure) 314M->118M(1850M) 57.915ms
[61.280s][info][gc,cpu         ] GC(259) User=0.33s Sys=0.00s Real=0.06s
[61.569s][info][gc,start       ] GC(260) Pause Young (Allocation Failure)
[61.651s][info][gc,heap        ] GC(260) PSYoungGen: 425366K->78921K(504320K)
[61.652s][info][gc,heap        ] GC(260) ParOldGen: 5646K->93698K(1398272K)
[61.652s][info][gc,metaspace   ] GC(260) Metaspace: 25036K(25728K)->25036K(25728K) NonClass: 21963K(22272K)->21963K(22272K) Class: 3072K(3456K)->3072K(3456K)
[61.652s][info][gc             ] GC(260) Pause Young (Allocation Failure) 420M->168M(1858M) 82.715ms
[61.652s][info][gc,cpu         ] GC(260) User=0.50s Sys=0.00s Real=0.09s
[61.833s][info][gc,start       ] GC(261) Pause Young (System.gc())
[61.869s][info][gc,heap        ] GC(261) PSYoungGen: 304401K->32K(513024K)
[61.870s][info][gc,heap        ] GC(261) ParOldGen: 93698K->163647K(1398272K)
[61.870s][info][gc,metaspace   ] GC(261) Metaspace: 25036K(25728K)->25036K(25728K) NonClass: 21963K(22272K)->21963K(22272K) Class: 3072K(3456K)->3072K(3456K)
[61.870s][info][gc             ] GC(261) Pause Young (System.gc()) 388M->159M(1866M) 36.495ms
[61.870s][info][gc,cpu         ] GC(261) User=0.05s Sys=0.00s Real=0.05s
[61.870s][info][gc,start       ] GC(262) Pause Full (System.gc())
[61.870s][info][gc,phases,start] GC(262) Marking Phase
[61.874s][info][gc,phases      ] GC(262) Marking Phase 4.745ms
[61.874s][info][gc,phases,start] GC(262) Summary Phase
[61.874s][info][gc,phases      ] GC(262) Summary Phase 0.011ms
[61.874s][info][gc,phases,start] GC(262) Adjust Roots
[61.877s][info][gc,phases      ] GC(262) Adjust Roots 2.363ms
[61.877s][info][gc,phases,start] GC(262) Compaction Phase
[61.879s][info][gc,phases      ] GC(262) Compaction Phase 2.087ms
[61.879s][info][gc,phases,start] GC(262) Post Compact
[61.880s][info][gc,phases      ] GC(262) Post Compact 0.865ms
[61.880s][info][gc,heap        ] GC(262) PSYoungGen: 32K->0K(513024K)
[61.880s][info][gc,heap        ] GC(262) ParOldGen: 163647K->5646K(1398272K)
[61.880s][info][gc,metaspace   ] GC(262) Metaspace: 25036K(25728K)->25036K(25728K) NonClass: 21963K(22272K)->21963K(22272K) Class: 3072K(3456K)->3072K(3456K)
[61.880s][info][gc             ] GC(262) Pause Full (System.gc()) 159M->5M(1866M) 10.381ms
[61.880s][info][gc,cpu         ] GC(262) User=0.00s Sys=0.00s Real=0.00s
[62.152s][info][gc,start       ] GC(263) Pause Young (Allocation Failure)
[62.212s][info][gc,heap        ] GC(263) PSYoungGen: 327168K->119227K(446464K)
[62.212s][info][gc,heap        ] GC(263) ParOldGen: 5646K->5646K(1398272K)
[62.212s][info][gc,metaspace   ] GC(263) Metaspace: 25036K(25728K)->25036K(25728K) NonClass: 21963K(22272K)->21963K(22272K) Class: 3072K(3456K)->3072K(3456K)
[62.212s][info][gc             ] GC(263) Pause Young (Allocation Failure) 325M->121M(1801M) 59.745ms
[62.212s][info][gc,cpu         ] GC(263) User=0.28s Sys=0.00s Real=0.06s
[62.522s][info][gc,start       ] GC(264) Pause Young (Allocation Failure)
[62.600s][info][gc,heap        ] GC(264) PSYoungGen: 445384K->77840K(513024K)
[62.601s][info][gc,heap        ] GC(264) ParOldGen: 5646K->97163K(1398272K)
[62.601s][info][gc,metaspace   ] GC(264) Metaspace: 25036K(25728K)->25036K(25728K) NonClass: 21963K(22272K)->21963K(22272K) Class: 3072K(3456K)->3072K(3456K)
[62.601s][info][gc             ] GC(264) Pause Young (Allocation Failure) 440M->170M(1866M) 78.918ms
[62.601s][info][gc,cpu         ] GC(264) User=0.39s Sys=0.00s Real=0.08s
[62.765s][info][gc,start       ] GC(265) Pause Young (System.gc())
[62.799s][info][gc,heap        ] GC(265) PSYoungGen: 274836K->32K(503808K)
[62.799s][info][gc,heap        ] GC(265) ParOldGen: 97163K->163727K(1398272K)
[62.799s][info][gc,metaspace   ] GC(265) Metaspace: 25036K(25728K)->25036K(25728K) NonClass: 21963K(22272K)->21963K(22272K) Class: 3072K(3456K)->3072K(3456K)
[62.799s][info][gc             ] GC(265) Pause Young (System.gc()) 363M->159M(1857M) 34.336ms
[62.799s][info][gc,cpu         ] GC(265) User=0.03s Sys=0.00s Real=0.03s
[62.799s][info][gc,start       ] GC(266) Pause Full (System.gc())
[62.799s][info][gc,phases,start] GC(266) Marking Phase
[62.805s][info][gc,phases      ] GC(266) Marking Phase 5.112ms
[62.805s][info][gc,phases,start] GC(266) Summary Phase
[62.805s][info][gc,phases      ] GC(266) Summary Phase 0.015ms
[62.805s][info][gc,phases,start] GC(266) Adjust Roots
[62.807s][info][gc,phases      ] GC(266) Adjust Roots 2.643ms
[62.807s][info][gc,phases,start] GC(266) Compaction Phase
[62.810s][info][gc,phases      ] GC(266) Compaction Phase 2.234ms
[62.810s][info][gc,phases,start] GC(266) Post Compact
[62.811s][info][gc,phases      ] GC(266) Post Compact 0.859ms
[62.811s][info][gc,heap        ] GC(266) PSYoungGen: 32K->0K(503808K)
[62.811s][info][gc,heap        ] GC(266) ParOldGen: 163727K->5646K(1398272K)
[62.811s][info][gc,metaspace   ] GC(266) Metaspace: 25036K(25728K)->25036K(25728K) NonClass: 21963K(22272K)->21963K(22272K) Class: 3072K(3456K)->3072K(3456K)
[62.811s][info][gc             ] GC(266) Pause Full (System.gc()) 159M->5M(1857M) 11.149ms
[62.811s][info][gc,cpu         ] GC(266) User=0.00s Sys=0.00s Real=0.00s
[63.075s][info][gc,start       ] GC(267) Pause Young (Allocation Failure)
[63.133s][info][gc,heap        ] GC(267) PSYoungGen: 317952K->116141K(497664K)
[63.133s][info][gc,heap        ] GC(267) ParOldGen: 5646K->5646K(1398272K)
[63.133s][info][gc,metaspace   ] GC(267) Metaspace: 25036K(25728K)->25036K(25728K) NonClass: 21963K(22272K)->21963K(22272K) Class: 3072K(3456K)->3072K(3456K)
[63.133s][info][gc             ] GC(267) Pause Young (Allocation Failure) 316M->118M(1851M) 58.300ms
[63.133s][info][gc,cpu         ] GC(267) User=0.22s Sys=0.00s Real=0.05s
[63.432s][info][gc,start       ] GC(268) Pause Young (Allocation Failure)
[63.509s][info][gc,heap        ] GC(268) PSYoungGen: 427949K->79216K(505344K)
[63.509s][info][gc,heap        ] GC(268) ParOldGen: 5646K->94233K(1398272K)
[63.509s][info][gc,metaspace   ] GC(268) Metaspace: 25036K(25728K)->25036K(25728K) NonClass: 21963K(22272K)->21963K(22272K) Class: 3072K(3456K)->3072K(3456K)
[63.509s][info][gc             ] GC(268) Pause Young (Allocation Failure) 423M->169M(1859M) 76.847ms
[63.509s][info][gc,cpu         ] GC(268) User=0.39s Sys=0.00s Real=0.08s
[63.696s][info][gc,start       ] GC(269) Pause Young (System.gc())
[63.731s][info][gc,heap        ] GC(269) PSYoungGen: 295070K->32K(513536K)
[63.731s][info][gc,heap        ] GC(269) ParOldGen: 94233K->163695K(1398272K)
[63.731s][info][gc,metaspace   ] GC(269) Metaspace: 25036K(25728K)->25036K(25728K) NonClass: 21963K(22272K)->21963K(22272K) Class: 3072K(3456K)->3072K(3456K)
[63.731s][info][gc             ] GC(269) Pause Young (System.gc()) 380M->159M(1867M) 35.714ms
[63.731s][info][gc,cpu         ] GC(269) User=0.03s Sys=0.00s Real=0.03s
[63.732s][info][gc,start       ] GC(270) Pause Full (System.gc())
[63.732s][info][gc,phases,start] GC(270) Marking Phase
[63.737s][info][gc,phases      ] GC(270) Marking Phase 5.232ms
[63.737s][info][gc,phases,start] GC(270) Summary Phase
[63.737s][info][gc,phases      ] GC(270) Summary Phase 0.010ms
[63.737s][info][gc,phases,start] GC(270) Adjust Roots
[63.739s][info][gc,phases      ] GC(270) Adjust Roots 2.318ms
[63.739s][info][gc,phases,start] GC(270) Compaction Phase
[63.741s][info][gc,phases      ] GC(270) Compaction Phase 2.004ms
[63.741s][info][gc,phases,start] GC(270) Post Compact
[63.742s][info][gc,phases      ] GC(270) Post Compact 0.907ms
[63.742s][info][gc,heap        ] GC(270) PSYoungGen: 32K->0K(513536K)
[63.742s][info][gc,heap        ] GC(270) ParOldGen: 163695K->5646K(1398272K)
[63.742s][info][gc,metaspace   ] GC(270) Metaspace: 25036K(25728K)->25036K(25728K) NonClass: 21963K(22272K)->21963K(22272K) Class: 3072K(3456K)->3072K(3456K)
[63.742s][info][gc             ] GC(270) Pause Full (System.gc()) 159M->5M(1867M) 10.744ms
[63.742s][info][gc,cpu         ] GC(270) User=0.00s Sys=0.00s Real=0.01s
[64.014s][info][gc,start       ] GC(271) Pause Young (Allocation Failure)
[64.072s][info][gc,heap        ] GC(271) PSYoungGen: 328192K->119574K(448000K)
[64.072s][info][gc,heap        ] GC(271) ParOldGen: 5646K->5646K(1398272K)
[64.072s][info][gc,metaspace   ] GC(271) Metaspace: 25036K(25728K)->25036K(25728K) NonClass: 21963K(22272K)->21963K(22272K) Class: 3072K(3456K)->3072K(3456K)
[64.072s][info][gc             ] GC(271) Pause Young (Allocation Failure) 326M->122M(1803M) 58.304ms
[64.072s][info][gc,cpu         ] GC(271) User=0.27s Sys=0.00s Real=0.06s
[64.381s][info][gc,start       ] GC(272) Pause Young (Allocation Failure)
[64.458s][info][gc,heap        ] GC(272) PSYoungGen: 446326K->82096K(511488K)
[64.458s][info][gc,heap        ] GC(272) ParOldGen: 5646K->97440K(1398272K)
[64.458s][info][gc,metaspace   ] GC(272) Metaspace: 25040K(25728K)->25040K(25728K) NonClass: 21967K(22272K)->21967K(22272K) Class: 3072K(3456K)->3072K(3456K)
[64.458s][info][gc             ] GC(272) Pause Young (Allocation Failure) 441M->175M(1865M) 77.937ms
[64.458s][info][gc,cpu         ] GC(272) User=0.39s Sys=0.00s Real=0.08s
[64.610s][info][gc,start       ] GC(273) Pause Young (System.gc())
[64.644s][info][gc,heap        ] GC(273) PSYoungGen: 273474K->32K(504320K)
[64.644s][info][gc,heap        ] GC(273) ParOldGen: 97440K->163703K(1398272K)
[64.644s][info][gc,metaspace   ] GC(273) Metaspace: 25040K(25728K)->25040K(25728K) NonClass: 21967K(22272K)->21967K(22272K) Class: 3072K(3456K)->3072K(3456K)
[64.644s][info][gc             ] GC(273) Pause Young (System.gc()) 362M->159M(1858M) 34.363ms
[64.644s][info][gc,cpu         ] GC(273) User=0.03s Sys=0.00s Real=0.03s
[64.644s][info][gc,start       ] GC(274) Pause Full (System.gc())
[64.644s][info][gc,phases,start] GC(274) Marking Phase
[64.649s][info][gc,phases      ] GC(274) Marking Phase 4.953ms
[64.649s][info][gc,phases,start] GC(274) Summary Phase
[64.649s][info][gc,phases      ] GC(274) Summary Phase 0.011ms
[64.649s][info][gc,phases,start] GC(274) Adjust Roots
[64.652s][info][gc,phases      ] GC(274) Adjust Roots 2.454ms
[64.652s][info][gc,phases,start] GC(274) Compaction Phase
[64.653s][info][gc,phases      ] GC(274) Compaction Phase 1.513ms
[64.653s][info][gc,phases,start] GC(274) Post Compact
[64.654s][info][gc,phases      ] GC(274) Post Compact 0.835ms
[64.654s][info][gc,heap        ] GC(274) PSYoungGen: 32K->0K(504320K)
[64.654s][info][gc,heap        ] GC(274) ParOldGen: 163703K->5646K(1398272K)
[64.654s][info][gc,metaspace   ] GC(274) Metaspace: 25040K(25728K)->25040K(25728K) NonClass: 21967K(22272K)->21967K(22272K) Class: 3072K(3456K)->3072K(3456K)
[64.654s][info][gc             ] GC(274) Pause Full (System.gc()) 159M->5M(1858M) 10.005ms
[64.654s][info][gc,cpu         ] GC(274) User=0.00s Sys=0.00s Real=0.02s
[64.914s][info][gc,start       ] GC(275) Pause Young (Allocation Failure)
[64.971s][info][gc,heap        ] GC(275) PSYoungGen: 316928K->115807K(497152K)
[64.971s][info][gc,heap        ] GC(275) ParOldGen: 5646K->5646K(1398272K)
[64.971s][info][gc,metaspace   ] GC(275) Metaspace: 25040K(25728K)->25040K(25728K) NonClass: 21967K(22272K)->21967K(22272K) Class: 3072K(3456K)->3072K(3456K)
[64.971s][info][gc             ] GC(275) Pause Young (Allocation Failure) 315M->118M(1851M) 57.767ms
[64.971s][info][gc,cpu         ] GC(275) User=0.28s Sys=0.00s Real=0.05s
[65.267s][info][gc,start       ] GC(276) Pause Young (Allocation Failure)
[65.344s][info][gc,heap        ] GC(276) PSYoungGen: 425567K->79102K(504320K)
[65.344s][info][gc,heap        ] GC(276) ParOldGen: 5646K->93953K(1398272K)
[65.344s][info][gc,metaspace   ] GC(276) Metaspace: 25040K(25728K)->25040K(25728K) NonClass: 21967K(22272K)->21967K(22272K) Class: 3072K(3456K)->3072K(3456K)
[65.344s][info][gc             ] GC(276) Pause Young (Allocation Failure) 421M->169M(1858M) 76.761ms
[65.344s][info][gc,cpu         ] GC(276) User=0.39s Sys=0.00s Real=0.08s
[65.516s][info][gc,start       ] GC(277) Pause Young (System.gc())
[65.551s][info][gc,heap        ] GC(277) PSYoungGen: 303992K->32K(512512K)
[65.552s][info][gc,heap        ] GC(277) ParOldGen: 93953K->163655K(1398272K)
[65.552s][info][gc,metaspace   ] GC(277) Metaspace: 25040K(25728K)->25040K(25728K) NonClass: 21967K(22272K)->21967K(22272K) Class: 3072K(3456K)->3072K(3456K)
[65.552s][info][gc             ] GC(277) Pause Young (System.gc()) 388M->159M(1866M) 35.756ms
[65.552s][info][gc,cpu         ] GC(277) User=0.03s Sys=0.00s Real=0.03s
[65.552s][info][gc,start       ] GC(278) Pause Full (System.gc())
[65.552s][info][gc,phases,start] GC(278) Marking Phase
[65.557s][info][gc,phases      ] GC(278) Marking Phase 4.939ms
[65.557s][info][gc,phases,start] GC(278) Summary Phase
[65.557s][info][gc,phases      ] GC(278) Summary Phase 0.017ms
[65.557s][info][gc,phases,start] GC(278) Adjust Roots
[65.559s][info][gc,phases      ] GC(278) Adjust Roots 2.658ms
[65.559s][info][gc,phases,start] GC(278) Compaction Phase
[65.561s][info][gc,phases      ] GC(278) Compaction Phase 1.493ms
[65.561s][info][gc,phases,start] GC(278) Post Compact
[65.562s][info][gc,phases      ] GC(278) Post Compact 0.893ms
[65.562s][info][gc,heap        ] GC(278) PSYoungGen: 32K->0K(512512K)
[65.562s][info][gc,heap        ] GC(278) ParOldGen: 163655K->5646K(1398272K)
[65.562s][info][gc,metaspace   ] GC(278) Metaspace: 25040K(25728K)->25040K(25728K) NonClass: 21967K(22272K)->21967K(22272K) Class: 3072K(3456K)->3072K(3456K)
[65.562s][info][gc             ] GC(278) Pause Full (System.gc()) 159M->5M(1866M) 10.345ms
[65.562s][info][gc,cpu         ] GC(278) User=0.00s Sys=0.00s Real=0.02s
[65.831s][info][gc,start       ] GC(279) Pause Young (Allocation Failure)
[65.889s][info][gc,heap        ] GC(279) PSYoungGen: 326144K->118895K(445440K)
[65.889s][info][gc,heap        ] GC(279) ParOldGen: 5646K->5646K(1398272K)
[65.889s][info][gc,metaspace   ] GC(279) Metaspace: 25040K(25728K)->25040K(25728K) NonClass: 21967K(22272K)->21967K(22272K) Class: 3072K(3456K)->3072K(3456K)
[65.889s][info][gc             ] GC(279) Pause Young (Allocation Failure) 324M->121M(1800M) 57.840ms
[65.889s][info][gc,cpu         ] GC(279) User=0.30s Sys=0.00s Real=0.06s
[66.201s][info][gc,start       ] GC(280) Pause Young (Allocation Failure)
[66.278s][info][gc,heap        ] GC(280) PSYoungGen: 444746K->78099K(512512K)
[66.278s][info][gc,heap        ] GC(280) ParOldGen: 5646K->96816K(1398272K)
[66.278s][info][gc,metaspace   ] GC(280) Metaspace: 25040K(25728K)->25040K(25728K) NonClass: 21967K(22272K)->21967K(22272K) Class: 3072K(3456K)->3072K(3456K)
[66.278s][info][gc             ] GC(280) Pause Young (Allocation Failure) 439M->170M(1866M) 76.636ms
[66.278s][info][gc,cpu         ] GC(280) User=0.42s Sys=0.00s Real=0.08s
[66.440s][info][gc,start       ] GC(281) Pause Young (System.gc())
[66.475s][info][gc,heap        ] GC(281) PSYoungGen: 277091K->32K(503808K)
[66.475s][info][gc,heap        ] GC(281) ParOldGen: 96816K->163655K(1398272K)
[66.475s][info][gc,metaspace   ] GC(281) Metaspace: 25040K(25728K)->25040K(25728K) NonClass: 21967K(22272K)->21967K(22272K) Class: 3072K(3456K)->3072K(3456K)
[66.475s][info][gc             ] GC(281) Pause Young (System.gc()) 365M->159M(1857M) 35.008ms
[66.475s][info][gc,cpu         ] GC(281) User=0.03s Sys=0.00s Real=0.03s
[66.475s][info][gc,start       ] GC(282) Pause Full (System.gc())
[66.475s][info][gc,phases,start] GC(282) Marking Phase
[66.480s][info][gc,phases      ] GC(282) Marking Phase 4.773ms
[66.480s][info][gc,phases,start] GC(282) Summary Phase
[66.480s][info][gc,phases      ] GC(282) Summary Phase 0.011ms
[66.480s][info][gc,phases,start] GC(282) Adjust Roots
[66.483s][info][gc,phases      ] GC(282) Adjust Roots 2.698ms
[66.483s][info][gc,phases,start] GC(282) Compaction Phase
[66.485s][info][gc,phases      ] GC(282) Compaction Phase 2.654ms
[66.485s][info][gc,phases,start] GC(282) Post Compact
[66.486s][info][gc,phases      ] GC(282) Post Compact 0.815ms
[66.486s][info][gc,heap        ] GC(282) PSYoungGen: 32K->0K(503808K)
[66.486s][info][gc,heap        ] GC(282) ParOldGen: 163655K->5646K(1398272K)
[66.486s][info][gc,metaspace   ] GC(282) Metaspace: 25040K(25728K)->25040K(25728K) NonClass: 21967K(22272K)->21967K(22272K) Class: 3072K(3456K)->3072K(3456K)
[66.486s][info][gc             ] GC(282) Pause Full (System.gc()) 159M->5M(1857M) 11.202ms
[66.486s][info][gc,cpu         ] GC(282) User=0.00s Sys=0.00s Real=0.02s
[66.748s][info][gc,start       ] GC(283) Pause Young (Allocation Failure)
[66.804s][info][gc,heap        ] GC(283) PSYoungGen: 317440K->115967K(496640K)
[66.804s][info][gc,heap        ] GC(283) ParOldGen: 5646K->5646K(1398272K)
[66.804s][info][gc,metaspace   ] GC(283) Metaspace: 25040K(25728K)->25040K(25728K) NonClass: 21967K(22272K)->21967K(22272K) Class: 3072K(3456K)->3072K(3456K)
[66.804s][info][gc             ] GC(283) Pause Young (Allocation Failure) 315M->118M(1850M) 56.040ms
[66.804s][info][gc,cpu         ] GC(283) User=0.30s Sys=0.00s Real=0.06s
[67.094s][info][gc,start       ] GC(284) Pause Young (Allocation Failure)
[67.170s][info][gc,heap        ] GC(284) PSYoungGen: 426751K->78617K(504832K)
[67.170s][info][gc,heap        ] GC(284) ParOldGen: 5646K->94002K(1398272K)
[67.170s][info][gc,metaspace   ] GC(284) Metaspace: 25040K(25728K)->25040K(25728K) NonClass: 21967K(22272K)->21967K(22272K) Class: 3072K(3456K)->3072K(3456K)
[67.170s][info][gc             ] GC(284) Pause Young (Allocation Failure) 422M->168M(1858M) 75.856ms
[67.170s][info][gc,cpu         ] GC(284) User=0.38s Sys=0.00s Real=0.08s
[67.338s][info][gc,start       ] GC(285) Pause Young (System.gc())
[67.374s][info][gc,heap        ] GC(285) PSYoungGen: 304208K->32K(513536K)
[67.374s][info][gc,heap        ] GC(285) ParOldGen: 94002K->163655K(1398272K)
[67.374s][info][gc,metaspace   ] GC(285) Metaspace: 25040K(25728K)->25040K(25728K) NonClass: 21967K(22272K)->21967K(22272K) Class: 3072K(3456K)->3072K(3456K)
[67.374s][info][gc             ] GC(285) Pause Young (System.gc()) 388M->159M(1867M) 35.906ms
[67.374s][info][gc,cpu         ] GC(285) User=0.03s Sys=0.00s Real=0.03s
[67.374s][info][gc,start       ] GC(286) Pause Full (System.gc())
[67.374s][info][gc,phases,start] GC(286) Marking Phase
[67.380s][info][gc,phases      ] GC(286) Marking Phase 5.411ms
[67.380s][info][gc,phases,start] GC(286) Summary Phase
[67.380s][info][gc,phases      ] GC(286) Summary Phase 0.013ms
[67.380s][info][gc,phases,start] GC(286) Adjust Roots
[67.382s][info][gc,phases      ] GC(286) Adjust Roots 2.376ms
[67.382s][info][gc,phases,start] GC(286) Compaction Phase
[67.384s][info][gc,phases      ] GC(286) Compaction Phase 2.129ms
[67.384s][info][gc,phases,start] GC(286) Post Compact
[67.385s][info][gc,phases      ] GC(286) Post Compact 0.834ms
[67.385s][info][gc,heap        ] GC(286) PSYoungGen: 32K->0K(513536K)
[67.385s][info][gc,heap        ] GC(286) ParOldGen: 163655K->5646K(1398272K)
[67.385s][info][gc,metaspace   ] GC(286) Metaspace: 25040K(25728K)->25040K(25728K) NonClass: 21967K(22272K)->21967K(22272K) Class: 3072K(3456K)->3072K(3456K)
[67.385s][info][gc             ] GC(286) Pause Full (System.gc()) 159M->5M(1867M) 11.025ms
[67.385s][info][gc,cpu         ] GC(286) User=0.00s Sys=0.00s Real=0.02s
[67.659s][info][gc,start       ] GC(287) Pause Young (Allocation Failure)
[67.720s][info][gc,heap        ] GC(287) PSYoungGen: 328192K->119535K(448000K)
[67.720s][info][gc,heap        ] GC(287) ParOldGen: 5646K->5646K(1398272K)
[67.720s][info][gc,metaspace   ] GC(287) Metaspace: 25040K(25728K)->25040K(25728K) NonClass: 21967K(22272K)->21967K(22272K) Class: 3072K(3456K)->3072K(3456K)
[67.720s][info][gc             ] GC(287) Pause Young (Allocation Failure) 326M->122M(1803M) 60.329ms
[67.720s][info][gc,cpu         ] GC(287) User=0.30s Sys=0.00s Real=0.06s
[68.028s][info][gc,start       ] GC(288) Pause Young (Allocation Failure)
[68.106s][info][gc,heap        ] GC(288) PSYoungGen: 447727K->80583K(512000K)
[68.106s][info][gc,heap        ] GC(288) ParOldGen: 5646K->97416K(1398272K)
[68.106s][info][gc,metaspace   ] GC(288) Metaspace: 25040K(25728K)->25040K(25728K) NonClass: 21967K(22272K)->21967K(22272K) Class: 3072K(3456K)->3072K(3456K)
[68.106s][info][gc             ] GC(288) Pause Young (Allocation Failure) 442M->173M(1865M) 78.398ms
[68.106s][info][gc,cpu         ] GC(288) User=0.38s Sys=0.00s Real=0.08s
[68.259s][info][gc,start       ] GC(289) Pause Young (System.gc())
[68.293s][info][gc,heap        ] GC(289) PSYoungGen: 269414K->32K(504320K)
[68.293s][info][gc,heap        ] GC(289) ParOldGen: 97416K->163663K(1398272K)
[68.293s][info][gc,metaspace   ] GC(289) Metaspace: 25040K(25728K)->25040K(25728K) NonClass: 21967K(22272K)->21967K(22272K) Class: 3072K(3456K)->3072K(3456K)
[68.293s][info][gc             ] GC(289) Pause Young (System.gc()) 358M->159M(1858M) 34.598ms
[68.293s][info][gc,cpu         ] GC(289) User=0.05s Sys=0.00s Real=0.05s
[68.293s][info][gc,start       ] GC(290) Pause Full (System.gc())
[68.293s][info][gc,phases,start] GC(290) Marking Phase
[68.299s][info][gc,phases      ] GC(290) Marking Phase 5.639ms
[68.299s][info][gc,phases,start] GC(290) Summary Phase
[68.299s][info][gc,phases      ] GC(290) Summary Phase 0.010ms
[68.299s][info][gc,phases,start] GC(290) Adjust Roots
[68.301s][info][gc,phases      ] GC(290) Adjust Roots 2.326ms
[68.301s][info][gc,phases,start] GC(290) Compaction Phase
[68.303s][info][gc,phases      ] GC(290) Compaction Phase 1.738ms
[68.303s][info][gc,phases,start] GC(290) Post Compact
[68.304s][info][gc,phases      ] GC(290) Post Compact 0.803ms
[68.304s][info][gc,heap        ] GC(290) PSYoungGen: 32K->0K(504320K)
[68.304s][info][gc,heap        ] GC(290) ParOldGen: 163663K->5646K(1398272K)
[68.304s][info][gc,metaspace   ] GC(290) Metaspace: 25040K(25728K)->25040K(25728K) NonClass: 21967K(22272K)->21967K(22272K) Class: 3072K(3456K)->3072K(3456K)
[68.304s][info][gc             ] GC(290) Pause Full (System.gc()) 159M->5M(1858M) 10.775ms
[68.304s][info][gc,cpu         ] GC(290) User=0.00s Sys=0.00s Real=0.00s
[68.565s][info][gc,start       ] GC(291) Pause Young (Allocation Failure)
[68.625s][info][gc,heap        ] GC(291) PSYoungGen: 317440K->115935K(497152K)
[68.625s][info][gc,heap        ] GC(291) ParOldGen: 5646K->5646K(1398272K)
[68.625s][info][gc,metaspace   ] GC(291) Metaspace: 25040K(25728K)->25040K(25728K) NonClass: 21967K(22272K)->21967K(22272K) Class: 3072K(3456K)->3072K(3456K)
[68.625s][info][gc             ] GC(291) Pause Young (Allocation Failure) 315M->118M(1851M) 60.095ms
[68.625s][info][gc,cpu         ] GC(291) User=0.30s Sys=0.00s Real=0.06s
[68.915s][info][gc,start       ] GC(292) Pause Young (Allocation Failure)
[68.992s][info][gc,heap        ] GC(292) PSYoungGen: 426719K->78855K(504832K)
[68.992s][info][gc,heap        ] GC(292) ParOldGen: 5646K->94041K(1398272K)
[68.992s][info][gc,metaspace   ] GC(292) Metaspace: 25040K(25728K)->25040K(25728K) NonClass: 21967K(22272K)->21967K(22272K) Class: 3072K(3456K)->3072K(3456K)
[68.992s][info][gc             ] GC(292) Pause Young (Allocation Failure) 422M->168M(1858M) 77.059ms
[68.992s][info][gc,cpu         ] GC(292) User=0.39s Sys=0.00s Real=0.08s
[69.164s][info][gc,start       ] GC(293) Pause Young (System.gc())
[69.200s][info][gc,heap        ] GC(293) PSYoungGen: 304972K->32K(513024K)
[69.200s][info][gc,heap        ] GC(293) ParOldGen: 94041K->163679K(1398272K)
[69.200s][info][gc,metaspace   ] GC(293) Metaspace: 25040K(25728K)->25040K(25728K) NonClass: 21967K(22272K)->21967K(22272K) Class: 3072K(3456K)->3072K(3456K)
[69.200s][info][gc             ] GC(293) Pause Young (System.gc()) 389M->159M(1866M) 36.203ms
[69.200s][info][gc,cpu         ] GC(293) User=0.03s Sys=0.00s Real=0.03s
[69.200s][info][gc,start       ] GC(294) Pause Full (System.gc())
[69.200s][info][gc,phases,start] GC(294) Marking Phase
[69.205s][info][gc,phases      ] GC(294) Marking Phase 4.801ms
[69.205s][info][gc,phases,start] GC(294) Summary Phase
[69.205s][info][gc,phases      ] GC(294) Summary Phase 0.010ms
[69.205s][info][gc,phases,start] GC(294) Adjust Roots
[69.208s][info][gc,phases      ] GC(294) Adjust Roots 2.627ms
[69.208s][info][gc,phases,start] GC(294) Compaction Phase
[69.209s][info][gc,phases      ] GC(294) Compaction Phase 1.540ms
[69.209s][info][gc,phases,start] GC(294) Post Compact
[69.210s][info][gc,phases      ] GC(294) Post Compact 0.915ms
[69.210s][info][gc,heap        ] GC(294) PSYoungGen: 32K->0K(513024K)
[69.210s][info][gc,heap        ] GC(294) ParOldGen: 163679K->5646K(1398272K)
[69.210s][info][gc,metaspace   ] GC(294) Metaspace: 25040K(25728K)->25040K(25728K) NonClass: 21967K(22272K)->21967K(22272K) Class: 3072K(3456K)->3072K(3456K)
[69.211s][info][gc             ] GC(294) Pause Full (System.gc()) 159M->5M(1866M) 10.130ms
[69.211s][info][gc,cpu         ] GC(294) User=0.02s Sys=0.00s Real=0.02s
[69.479s][info][gc,start       ] GC(295) Pause Young (Allocation Failure)
[69.537s][info][gc,heap        ] GC(295) PSYoungGen: 327168K->119170K(446464K)
[69.537s][info][gc,heap        ] GC(295) ParOldGen: 5646K->5646K(1398272K)
[69.537s][info][gc,metaspace   ] GC(295) Metaspace: 25040K(25728K)->25040K(25728K) NonClass: 21967K(22272K)->21967K(22272K) Class: 3072K(3456K)->3072K(3456K)
[69.537s][info][gc             ] GC(295) Pause Young (Allocation Failure) 325M->121M(1801M) 58.457ms
[69.538s][info][gc,cpu         ] GC(295) User=0.30s Sys=0.00s Real=0.06s
[69.850s][info][gc,start       ] GC(296) Pause Young (Allocation Failure)
[69.927s][info][gc,heap        ] GC(296) PSYoungGen: 444635K->77789K(513024K)
[69.927s][info][gc,heap        ] GC(296) ParOldGen: 5646K->97107K(1398272K)
[69.927s][info][gc,metaspace   ] GC(296) Metaspace: 25040K(25728K)->25040K(25728K) NonClass: 21967K(22272K)->21967K(22272K) Class: 3072K(3456K)->3072K(3456K)
[69.927s][info][gc             ] GC(296) Pause Young (Allocation Failure) 439M->170M(1866M) 77.585ms
[69.927s][info][gc,cpu         ] GC(296) User=0.39s Sys=0.00s Real=0.08s
[70.074s][info][gc,start       ] GC(297) Pause Young (System.gc())
[70.108s][info][gc,heap        ] GC(297) PSYoungGen: 274973K->32K(504320K)
[70.108s][info][gc,heap        ] GC(297) ParOldGen: 97107K->163679K(1398272K)
[70.108s][info][gc,metaspace   ] GC(297) Metaspace: 25040K(25728K)->25040K(25728K) NonClass: 21967K(22272K)->21967K(22272K) Class: 3072K(3456K)->3072K(3456K)
[70.108s][info][gc             ] GC(297) Pause Young (System.gc()) 363M->159M(1858M) 34.024ms
[70.108s][info][gc,cpu         ] GC(297) User=0.03s Sys=0.00s Real=0.03s
[70.108s][info][gc,start       ] GC(298) Pause Full (System.gc())
[70.109s][info][gc,phases,start] GC(298) Marking Phase
[70.113s][info][gc,phases      ] GC(298) Marking Phase 4.922ms
[70.113s][info][gc,phases,start] GC(298) Summary Phase
[70.113s][info][gc,phases      ] GC(298) Summary Phase 0.011ms
[70.113s][info][gc,phases,start] GC(298) Adjust Roots
[70.116s][info][gc,phases      ] GC(298) Adjust Roots 2.639ms
[70.116s][info][gc,phases,start] GC(298) Compaction Phase
[70.118s][info][gc,phases      ] GC(298) Compaction Phase 2.271ms
[70.118s][info][gc,phases,start] GC(298) Post Compact
[70.119s][info][gc,phases      ] GC(298) Post Compact 0.825ms
[70.119s][info][gc,heap        ] GC(298) PSYoungGen: 32K->0K(504320K)
[70.119s][info][gc,heap        ] GC(298) ParOldGen: 163679K->5646K(1398272K)
[70.119s][info][gc,metaspace   ] GC(298) Metaspace: 25040K(25728K)->25040K(25728K) NonClass: 21967K(22272K)->21967K(22272K) Class: 3072K(3456K)->3072K(3456K)
[70.119s][info][gc             ] GC(298) Pause Full (System.gc()) 159M->5M(1858M) 10.920ms
[70.119s][info][gc,cpu         ] GC(298) User=0.00s Sys=0.00s Real=0.02s
[70.381s][info][gc,start       ] GC(299) Pause Young (Allocation Failure)
[70.439s][info][gc,heap        ] GC(299) PSYoungGen: 318464K->116305K(497664K)
[70.439s][info][gc,heap        ] GC(299) ParOldGen: 5646K->5646K(1398272K)
[70.439s][info][gc,metaspace   ] GC(299) Metaspace: 25044K(25728K)->25044K(25728K) NonClass: 21971K(22272K)->21971K(22272K) Class: 3072K(3456K)->3072K(3456K)
[70.439s][info][gc             ] GC(299) Pause Young (Allocation Failure) 316M->119M(1851M) 58.236ms
[70.439s][info][gc,cpu         ] GC(299) User=0.25s Sys=0.00s Real=0.05s
[70.738s][info][gc,start       ] GC(300) Pause Young (Allocation Failure)
[70.816s][info][gc,heap        ] GC(300) PSYoungGen: 428113K->78992K(505344K)
[70.816s][info][gc,heap        ] GC(300) ParOldGen: 5646K->94381K(1398272K)
[70.816s][info][gc,metaspace   ] GC(300) Metaspace: 25044K(25728K)->25044K(25728K) NonClass: 21971K(22272K)->21971K(22272K) Class: 3072K(3456K)->3072K(3456K)
[70.816s][info][gc             ] GC(300) Pause Young (Allocation Failure) 423M->169M(1859M) 77.461ms
[70.816s][info][gc,cpu         ] GC(300) User=0.39s Sys=0.00s Real=0.08s
[70.988s][info][gc,start       ] GC(301) Pause Young (System.gc())
[71.023s][info][gc,heap        ] GC(301) PSYoungGen: 299051K->32K(513536K)
[71.023s][info][gc,heap        ] GC(301) ParOldGen: 94381K->163671K(1398272K)
[71.023s][info][gc,metaspace   ] GC(301) Metaspace: 25044K(25728K)->25044K(25728K) NonClass: 21971K(22272K)->21971K(22272K) Class: 3072K(3456K)->3072K(3456K)
[71.023s][info][gc             ] GC(301) Pause Young (System.gc()) 384M->159M(1867M) 35.789ms
[71.023s][info][gc,cpu         ] GC(301) User=0.03s Sys=0.00s Real=0.03s
[71.023s][info][gc,start       ] GC(302) Pause Full (System.gc())
[71.023s][info][gc,phases,start] GC(302) Marking Phase
[71.028s][info][gc,phases      ] GC(302) Marking Phase 4.976ms
[71.028s][info][gc,phases,start] GC(302) Summary Phase
[71.028s][info][gc,phases      ] GC(302) Summary Phase 0.010ms
[71.028s][info][gc,phases,start] GC(302) Adjust Roots
[71.031s][info][gc,phases      ] GC(302) Adjust Roots 2.359ms
[71.031s][info][gc,phases,start] GC(302) Compaction Phase
[71.033s][info][gc,phases      ] GC(302) Compaction Phase 1.953ms
[71.033s][info][gc,phases,start] GC(302) Post Compact
[71.034s][info][gc,phases      ] GC(302) Post Compact 0.837ms
[71.034s][info][gc,heap        ] GC(302) PSYoungGen: 32K->0K(513536K)
[71.034s][info][gc,heap        ] GC(302) ParOldGen: 163671K->5646K(1398272K)
[71.034s][info][gc,metaspace   ] GC(302) Metaspace: 25044K(25728K)->25044K(25728K) NonClass: 21971K(22272K)->21971K(22272K) Class: 3072K(3456K)->3072K(3456K)
[71.034s][info][gc             ] GC(302) Pause Full (System.gc()) 159M->5M(1867M) 10.384ms
[71.034s][info][gc,cpu         ] GC(302) User=0.02s Sys=0.00s Real=0.02s
[71.308s][info][gc,start       ] GC(303) Pause Young (Allocation Failure)
[71.365s][info][gc,heap        ] GC(303) PSYoungGen: 328192K->119574K(448000K)
[71.365s][info][gc,heap        ] GC(303) ParOldGen: 5646K->5646K(1398272K)
[71.365s][info][gc,metaspace   ] GC(303) Metaspace: 25044K(25728K)->25044K(25728K) NonClass: 21971K(22272K)->21971K(22272K) Class: 3072K(3456K)->3072K(3456K)
[71.365s][info][gc             ] GC(303) Pause Young (Allocation Failure) 326M->122M(1803M) 57.750ms
[71.365s][info][gc,cpu         ] GC(303) User=0.27s Sys=0.00s Real=0.05s
[71.748s][info][gc,start       ] GC(304) Pause Young (Allocation Failure)
[71.827s][info][gc,heap        ] GC(304) PSYoungGen: 447226K->82057K(511488K)
[71.827s][info][gc,heap        ] GC(304) ParOldGen: 5646K->97506K(1398272K)
[71.827s][info][gc,metaspace   ] GC(304) Metaspace: 25044K(25728K)->25044K(25728K) NonClass: 21971K(22272K)->21971K(22272K) Class: 3072K(3456K)->3072K(3456K)
[71.827s][info][gc             ] GC(304) Pause Young (Allocation Failure) 442M->175M(1865M) 78.536ms
[71.827s][info][gc,cpu         ] GC(304) User=0.39s Sys=0.00s Real=0.08s
[71.990s][info][gc,start       ] GC(305) Pause Young (System.gc())
[72.024s][info][gc,heap        ] GC(305) PSYoungGen: 275705K->32K(504320K)
[72.024s][info][gc,heap        ] GC(305) ParOldGen: 97506K->163719K(1398272K)
[72.024s][info][gc,metaspace   ] GC(305) Metaspace: 25044K(25728K)->25044K(25728K) NonClass: 21971K(22272K)->21971K(22272K) Class: 3072K(3456K)->3072K(3456K)
[72.024s][info][gc             ] GC(305) Pause Young (System.gc()) 364M->159M(1858M) 33.770ms
[72.024s][info][gc,cpu         ] GC(305) User=0.03s Sys=0.00s Real=0.03s
[72.024s][info][gc,start       ] GC(306) Pause Full (System.gc())
[72.024s][info][gc,phases,start] GC(306) Marking Phase
[72.029s][info][gc,phases      ] GC(306) Marking Phase 4.863ms
[72.029s][info][gc,phases,start] GC(306) Summary Phase
[72.029s][info][gc,phases      ] GC(306) Summary Phase 0.055ms
[72.029s][info][gc,phases,start] GC(306) Adjust Roots
[72.031s][info][gc,phases      ] GC(306) Adjust Roots 2.357ms
[72.031s][info][gc,phases,start] GC(306) Compaction Phase
[72.033s][info][gc,phases      ] GC(306) Compaction Phase 2.032ms
[72.033s][info][gc,phases,start] GC(306) Post Compact
[72.034s][info][gc,phases      ] GC(306) Post Compact 0.838ms
[72.034s][info][gc,heap        ] GC(306) PSYoungGen: 32K->0K(504320K)
[72.034s][info][gc,heap        ] GC(306) ParOldGen: 163719K->5646K(1398272K)
[72.034s][info][gc,metaspace   ] GC(306) Metaspace: 25044K(25728K)->25044K(25728K) NonClass: 21971K(22272K)->21971K(22272K) Class: 3072K(3456K)->3072K(3456K)
[72.034s][info][gc             ] GC(306) Pause Full (System.gc()) 159M->5M(1858M) 10.370ms
[72.034s][info][gc,cpu         ] GC(306) User=0.02s Sys=0.00s Real=0.01s
[72.292s][info][gc,start       ] GC(307) Pause Young (Allocation Failure)
[72.350s][info][gc,heap        ] GC(307) PSYoungGen: 316928K->115807K(497152K)
[72.350s][info][gc,heap        ] GC(307) ParOldGen: 5646K->5646K(1398272K)
[72.350s][info][gc,metaspace   ] GC(307) Metaspace: 25044K(25728K)->25044K(25728K) NonClass: 21971K(22272K)->21971K(22272K) Class: 3072K(3456K)->3072K(3456K)
[72.350s][info][gc             ] GC(307) Pause Young (Allocation Failure) 315M->118M(1851M) 57.876ms
[72.350s][info][gc,cpu         ] GC(307) User=0.30s Sys=0.00s Real=0.06s
[72.645s][info][gc,start       ] GC(308) Pause Young (Allocation Failure)
[72.721s][info][gc,heap        ] GC(308) PSYoungGen: 425567K->79486K(504320K)
[72.721s][info][gc,heap        ] GC(308) ParOldGen: 5646K->93894K(1398272K)
[72.721s][info][gc,metaspace   ] GC(308) Metaspace: 25044K(25728K)->25044K(25728K) NonClass: 21971K(22272K)->21971K(22272K) Class: 3072K(3456K)->3072K(3456K)
[72.721s][info][gc             ] GC(308) Pause Young (Allocation Failure) 421M->169M(1858M) 75.931ms
[72.721s][info][gc,cpu         ] GC(308) User=0.39s Sys=0.00s Real=0.08s
[72.875s][info][gc,start       ] GC(309) Pause Young (System.gc())
[72.911s][info][gc,heap        ] GC(309) PSYoungGen: 302803K->32K(512512K)
[72.911s][info][gc,heap        ] GC(309) ParOldGen: 93894K->163695K(1398272K)
[72.911s][info][gc,metaspace   ] GC(309) Metaspace: 25044K(25728K)->25044K(25728K) NonClass: 21971K(22272K)->21971K(22272K) Class: 3072K(3456K)->3072K(3456K)
[72.911s][info][gc             ] GC(309) Pause Young (System.gc()) 387M->159M(1866M) 36.128ms
[72.911s][info][gc,cpu         ] GC(309) User=0.05s Sys=0.00s Real=0.05s
[72.911s][info][gc,start       ] GC(310) Pause Full (System.gc())
[72.911s][info][gc,phases,start] GC(310) Marking Phase
[72.916s][info][gc,phases      ] GC(310) Marking Phase 5.157ms
[72.916s][info][gc,phases,start] GC(310) Summary Phase
[72.916s][info][gc,phases      ] GC(310) Summary Phase 0.009ms
[72.916s][info][gc,phases,start] GC(310) Adjust Roots
[72.919s][info][gc,phases      ] GC(310) Adjust Roots 2.339ms
[72.919s][info][gc,phases,start] GC(310) Compaction Phase
[72.921s][info][gc,phases      ] GC(310) Compaction Phase 1.847ms
[72.921s][info][gc,phases,start] GC(310) Post Compact
[72.922s][info][gc,phases      ] GC(310) Post Compact 0.934ms
[72.922s][info][gc,heap        ] GC(310) PSYoungGen: 32K->0K(512512K)
[72.922s][info][gc,heap        ] GC(310) ParOldGen: 163695K->5646K(1398272K)
[72.922s][info][gc,metaspace   ] GC(310) Metaspace: 25044K(25728K)->25044K(25728K) NonClass: 21971K(22272K)->21971K(22272K) Class: 3072K(3456K)->3072K(3456K)
[72.922s][info][gc             ] GC(310) Pause Full (System.gc()) 159M->5M(1866M) 10.560ms
[72.922s][info][gc,cpu         ] GC(310) User=0.00s Sys=0.00s Real=0.00s
[73.190s][info][gc,start       ] GC(311) Pause Young (Allocation Failure)
[73.249s][info][gc,heap        ] GC(311) PSYoungGen: 326144K->118888K(445440K)
[73.250s][info][gc,heap        ] GC(311) ParOldGen: 5646K->5646K(1398272K)
[73.250s][info][gc,metaspace   ] GC(311) Metaspace: 25044K(25728K)->25044K(25728K) NonClass: 21971K(22272K)->21971K(22272K) Class: 3072K(3456K)->3072K(3456K)
[73.250s][info][gc             ] GC(311) Pause Young (Allocation Failure) 324M->121M(1800M) 59.892ms
[73.250s][info][gc,cpu         ] GC(311) User=0.28s Sys=0.00s Real=0.06s
[73.558s][info][gc,start       ] GC(312) Pause Young (Allocation Failure)
[73.640s][info][gc,heap        ] GC(312) PSYoungGen: 444591K->78631K(512512K)
[73.640s][info][gc,heap        ] GC(312) ParOldGen: 5646K->96793K(1398272K)
[73.640s][info][gc,metaspace   ] GC(312) Metaspace: 25044K(25728K)->25044K(25728K) NonClass: 21971K(22272K)->21971K(22272K) Class: 3072K(3456K)->3072K(3456K)
[73.640s][info][gc             ] GC(312) Pause Young (Allocation Failure) 439M->171M(1866M) 82.055ms
[73.640s][info][gc,cpu         ] GC(312) User=0.44s Sys=0.00s Real=0.08s
[73.799s][info][gc,start       ] GC(313) Pause Young (System.gc())
[73.834s][info][gc,heap        ] GC(313) PSYoungGen: 274674K->32K(503808K)
[73.834s][info][gc,heap        ] GC(313) ParOldGen: 96793K->163647K(1398272K)
[73.834s][info][gc,metaspace   ] GC(313) Metaspace: 25044K(25728K)->25044K(25728K) NonClass: 21971K(22272K)->21971K(22272K) Class: 3072K(3456K)->3072K(3456K)
[73.834s][info][gc             ] GC(313) Pause Young (System.gc()) 362M->159M(1857M) 34.595ms
[73.834s][info][gc,cpu         ] GC(313) User=0.02s Sys=0.00s Real=0.02s
[73.834s][info][gc,start       ] GC(314) Pause Full (System.gc())
[73.834s][info][gc,phases,start] GC(314) Marking Phase
[73.839s][info][gc,phases      ] GC(314) Marking Phase 4.921ms
[73.839s][info][gc,phases,start] GC(314) Summary Phase
[73.839s][info][gc,phases      ] GC(314) Summary Phase 0.011ms
[73.839s][info][gc,phases,start] GC(314) Adjust Roots
[73.842s][info][gc,phases      ] GC(314) Adjust Roots 2.649ms
[73.842s][info][gc,phases,start] GC(314) Compaction Phase
[73.843s][info][gc,phases      ] GC(314) Compaction Phase 1.729ms
[73.843s][info][gc,phases,start] GC(314) Post Compact
[73.844s][info][gc,phases      ] GC(314) Post Compact 0.827ms
[73.844s][info][gc,heap        ] GC(314) PSYoungGen: 32K->0K(503808K)
[73.844s][info][gc,heap        ] GC(314) ParOldGen: 163647K->5646K(1398272K)
[73.844s][info][gc,metaspace   ] GC(314) Metaspace: 25044K(25728K)->25044K(25728K) NonClass: 21971K(22272K)->21971K(22272K) Class: 3072K(3456K)->3072K(3456K)
[73.844s][info][gc             ] GC(314) Pause Full (System.gc()) 159M->5M(1857M) 10.372ms
[73.844s][info][gc,cpu         ] GC(314) User=0.00s Sys=0.00s Real=0.02s
[74.103s][info][gc,start       ] GC(315) Pause Young (Allocation Failure)
[74.162s][info][gc,heap        ] GC(315) PSYoungGen: 317440K->115947K(497152K)
[74.162s][info][gc,heap        ] GC(315) ParOldGen: 5646K->5646K(1398272K)
[74.162s][info][gc,metaspace   ] GC(315) Metaspace: 25044K(25728K)->25044K(25728K) NonClass: 21972K(22272K)->21972K(22272K) Class: 3072K(3456K)->3072K(3456K)
[74.162s][info][gc             ] GC(315) Pause Young (Allocation Failure) 315M->118M(1851M) 58.418ms
[74.162s][info][gc,cpu         ] GC(315) User=0.27s Sys=0.00s Real=0.05s
[74.457s][info][gc,start       ] GC(316) Pause Young (Allocation Failure)
[74.534s][info][gc,heap        ] GC(316) PSYoungGen: 426731K->78496K(504832K)
[74.534s][info][gc,heap        ] GC(316) ParOldGen: 5646K->94085K(1398272K)
[74.534s][info][gc,metaspace   ] GC(316) Metaspace: 25044K(25728K)->25044K(25728K) NonClass: 21972K(22272K)->21972K(22272K) Class: 3072K(3456K)->3072K(3456K)
[74.534s][info][gc             ] GC(316) Pause Young (Allocation Failure) 422M->168M(1858M) 76.919ms
[74.534s][info][gc,cpu         ] GC(316) User=0.39s Sys=0.00s Real=0.08s
[74.727s][info][gc,start       ] GC(317) Pause Young (System.gc())
[74.763s][info][gc,heap        ] GC(317) PSYoungGen: 300584K->32K(513536K)
[74.763s][info][gc,heap        ] GC(317) ParOldGen: 94085K->163679K(1398272K)
[74.763s][info][gc,metaspace   ] GC(317) Metaspace: 25044K(25728K)->25044K(25728K) NonClass: 21972K(22272K)->21972K(22272K) Class: 3072K(3456K)->3072K(3456K)
[74.763s][info][gc             ] GC(317) Pause Young (System.gc()) 385M->159M(1867M) 35.910ms
[74.763s][info][gc,cpu         ] GC(317) User=0.05s Sys=0.00s Real=0.05s
[74.763s][info][gc,start       ] GC(318) Pause Full (System.gc())
[74.763s][info][gc,phases,start] GC(318) Marking Phase
[74.768s][info][gc,phases      ] GC(318) Marking Phase 5.483ms
[74.768s][info][gc,phases,start] GC(318) Summary Phase
[74.768s][info][gc,phases      ] GC(318) Summary Phase 0.010ms
[74.768s][info][gc,phases,start] GC(318) Adjust Roots
[74.771s][info][gc,phases      ] GC(318) Adjust Roots 2.357ms
[74.771s][info][gc,phases,start] GC(318) Compaction Phase
[74.773s][info][gc,phases      ] GC(318) Compaction Phase 2.667ms
[74.773s][info][gc,phases,start] GC(318) Post Compact
[74.774s][info][gc,phases      ] GC(318) Post Compact 0.834ms
[74.774s][info][gc,heap        ] GC(318) PSYoungGen: 32K->0K(513536K)
[74.774s][info][gc,heap        ] GC(318) ParOldGen: 163679K->5646K(1398272K)
[74.774s][info][gc,metaspace   ] GC(318) Metaspace: 25044K(25728K)->25044K(25728K) NonClass: 21972K(22272K)->21972K(22272K) Class: 3072K(3456K)->3072K(3456K)
[74.774s][info][gc             ] GC(318) Pause Full (System.gc()) 159M->5M(1867M) 11.590ms
[74.774s][info][gc,cpu         ] GC(318) User=0.00s Sys=0.00s Real=0.00s
[75.042s][info][gc,start       ] GC(319) Pause Young (Allocation Failure)
[75.101s][info][gc,heap        ] GC(319) PSYoungGen: 328192K->119510K(448000K)
[75.101s][info][gc,heap        ] GC(319) ParOldGen: 5646K->5646K(1398272K)
[75.101s][info][gc,metaspace   ] GC(319) Metaspace: 25044K(25728K)->25044K(25728K) NonClass: 21972K(22272K)->21972K(22272K) Class: 3072K(3456K)->3072K(3456K)
[75.101s][info][gc             ] GC(319) Pause Young (Allocation Failure) 326M->122M(1803M) 58.589ms
[75.101s][info][gc,cpu         ] GC(319) User=0.31s Sys=0.00s Real=0.06s
[75.406s][info][gc,start       ] GC(320) Pause Young (Allocation Failure)
[75.484s][info][gc,heap        ] GC(320) PSYoungGen: 446784K->84621K(510464K)
[75.484s][info][gc,heap        ] GC(320) ParOldGen: 5646K->97419K(1398272K)
[75.484s][info][gc,metaspace   ] GC(320) Metaspace: 25044K(25728K)->25044K(25728K) NonClass: 21972K(22272K)->21972K(22272K) Class: 3072K(3456K)->3072K(3456K)
[75.484s][info][gc             ] GC(320) Pause Young (Allocation Failure) 441M->177M(1864M) 78.376ms
[75.484s][info][gc,cpu         ] GC(320) User=0.39s Sys=0.00s Real=0.08s
[75.647s][info][gc,start       ] GC(321) Pause Young (System.gc())
[75.681s][info][gc,heap        ] GC(321) PSYoungGen: 272379K->32K(504320K)
[75.681s][info][gc,heap        ] GC(321) ParOldGen: 97419K->163615K(1398272K)
[75.681s][info][gc,metaspace   ] GC(321) Metaspace: 25044K(25728K)->25044K(25728K) NonClass: 21972K(22272K)->21972K(22272K) Class: 3072K(3456K)->3072K(3456K)
[75.681s][info][gc             ] GC(321) Pause Young (System.gc()) 361M->159M(1858M) 34.157ms
[75.681s][info][gc,cpu         ] GC(321) User=0.03s Sys=0.00s Real=0.03s
[75.681s][info][gc,start       ] GC(322) Pause Full (System.gc())
[75.681s][info][gc,phases,start] GC(322) Marking Phase
[75.686s][info][gc,phases      ] GC(322) Marking Phase 4.861ms
[75.686s][info][gc,phases,start] GC(322) Summary Phase
[75.686s][info][gc,phases      ] GC(322) Summary Phase 0.010ms
[75.686s][info][gc,phases,start] GC(322) Adjust Roots
[75.689s][info][gc,phases      ] GC(322) Adjust Roots 2.590ms
[75.689s][info][gc,phases,start] GC(322) Compaction Phase
[75.691s][info][gc,phases      ] GC(322) Compaction Phase 2.024ms
[75.691s][info][gc,phases,start] GC(322) Post Compact
[75.691s][info][gc,phases      ] GC(322) Post Compact 0.830ms
[75.692s][info][gc,heap        ] GC(322) PSYoungGen: 32K->0K(504320K)
[75.692s][info][gc,heap        ] GC(322) ParOldGen: 163615K->5646K(1398272K)
[75.692s][info][gc,metaspace   ] GC(322) Metaspace: 25044K(25728K)->25044K(25728K) NonClass: 21972K(22272K)->21972K(22272K) Class: 3072K(3456K)->3072K(3456K)
[75.692s][info][gc             ] GC(322) Pause Full (System.gc()) 159M->5M(1858M) 10.554ms
[75.692s][info][gc,cpu         ] GC(322) User=0.02s Sys=0.00s Real=0.02s
[75.951s][info][gc,start       ] GC(323) Pause Young (Allocation Failure)
[76.009s][info][gc,heap        ] GC(323) PSYoungGen: 315904K->115435K(496640K)
[76.009s][info][gc,heap        ] GC(323) ParOldGen: 5646K->5646K(1398272K)
[76.009s][info][gc,metaspace   ] GC(323) Metaspace: 25044K(25728K)->25044K(25728K) NonClass: 21972K(22272K)->21972K(22272K) Class: 3072K(3456K)->3072K(3456K)
[76.009s][info][gc             ] GC(323) Pause Young (Allocation Failure) 314M->118M(1850M) 57.982ms
[76.009s][info][gc,cpu         ] GC(323) User=0.30s Sys=0.00s Real=0.07s
[76.311s][info][gc,start       ] GC(324) Pause Young (Allocation Failure)
[76.388s][info][gc,heap        ] GC(324) PSYoungGen: 424171K->79079K(503808K)
[76.388s][info][gc,heap        ] GC(324) ParOldGen: 5646K->93578K(1398272K)
[76.388s][info][gc,metaspace   ] GC(324) Metaspace: 25044K(25728K)->25044K(25728K) NonClass: 21972K(22272K)->21972K(22272K) Class: 3072K(3456K)->3072K(3456K)
[76.388s][info][gc             ] GC(324) Pause Young (Allocation Failure) 419M->168M(1857M) 76.630ms
[76.388s][info][gc,cpu         ] GC(324) User=0.30s Sys=0.00s Real=0.07s
[76.578s][info][gc,start       ] GC(325) Pause Young (System.gc())
[76.615s][info][gc,heap        ] GC(325) PSYoungGen: 299392K->32K(512000K)
[76.615s][info][gc,heap        ] GC(325) ParOldGen: 93578K->163703K(1398272K)
[76.615s][info][gc,metaspace   ] GC(325) Metaspace: 25044K(25728K)->25044K(25728K) NonClass: 21972K(22272K)->21972K(22272K) Class: 3072K(3456K)->3072K(3456K)
[76.615s][info][gc             ] GC(325) Pause Young (System.gc()) 383M->159M(1865M) 36.899ms
[76.615s][info][gc,cpu         ] GC(325) User=0.05s Sys=0.00s Real=0.05s
[76.615s][info][gc,start       ] GC(326) Pause Full (System.gc())
[76.615s][info][gc,phases,start] GC(326) Marking Phase
[76.621s][info][gc,phases      ] GC(326) Marking Phase 6.016ms
[76.621s][info][gc,phases,start] GC(326) Summary Phase
[76.621s][info][gc,phases      ] GC(326) Summary Phase 0.010ms
[76.621s][info][gc,phases,start] GC(326) Adjust Roots
[76.624s][info][gc,phases      ] GC(326) Adjust Roots 2.335ms
[76.624s][info][gc,phases,start] GC(326) Compaction Phase
[76.625s][info][gc,phases      ] GC(326) Compaction Phase 1.697ms
[76.625s][info][gc,phases,start] GC(326) Post Compact
[76.626s][info][gc,phases      ] GC(326) Post Compact 0.867ms
[76.626s][info][gc,heap        ] GC(326) PSYoungGen: 32K->0K(512000K)
[76.626s][info][gc,heap        ] GC(326) ParOldGen: 163703K->5646K(1398272K)
[76.626s][info][gc,metaspace   ] GC(326) Metaspace: 25044K(25728K)->25044K(25728K) NonClass: 21972K(22272K)->21972K(22272K) Class: 3072K(3456K)->3072K(3456K)
[76.626s][info][gc             ] GC(326) Pause Full (System.gc()) 159M->5M(1865M) 11.190ms
[76.626s][info][gc,cpu         ] GC(326) User=0.00s Sys=0.00s Real=0.00s
[76.892s][info][gc,start       ] GC(327) Pause Young (Allocation Failure)
[76.952s][info][gc,heap        ] GC(327) PSYoungGen: 325120K->118504K(443904K)
[76.952s][info][gc,heap        ] GC(327) ParOldGen: 5646K->5646K(1398272K)
[76.952s][info][gc,metaspace   ] GC(327) Metaspace: 25044K(25728K)->25044K(25728K) NonClass: 21972K(22272K)->21972K(22272K) Class: 3072K(3456K)->3072K(3456K)
[76.952s][info][gc             ] GC(327) Pause Young (Allocation Failure) 323M->121M(1799M) 59.831ms
[76.952s][info][gc,cpu         ] GC(327) User=0.39s Sys=0.00s Real=0.07s
[77.259s][info][gc,start       ] GC(328) Pause Young (Allocation Failure)
[77.337s][info][gc,heap        ] GC(328) PSYoungGen: 443624K->76896K(513024K)
[77.337s][info][gc,heap        ] GC(328) ParOldGen: 5646K->96434K(1398272K)
[77.337s][info][gc,metaspace   ] GC(328) Metaspace: 25044K(25728K)->25044K(25728K) NonClass: 21972K(22272K)->21972K(22272K) Class: 3072K(3456K)->3072K(3456K)
[77.337s][info][gc             ] GC(328) Pause Young (Allocation Failure) 438M->169M(1866M) 78.889ms
[77.337s][info][gc,cpu         ] GC(328) User=0.39s Sys=0.00s Real=0.08s
[77.493s][info][gc,start       ] GC(329) Pause Young (System.gc())
[77.528s][info][gc,heap        ] GC(329) PSYoungGen: 277925K->32K(503808K)
[77.528s][info][gc,heap        ] GC(329) ParOldGen: 96434K->163615K(1398272K)
[77.528s][info][gc,metaspace   ] GC(329) Metaspace: 25044K(25728K)->25044K(25728K) NonClass: 21972K(22272K)->21972K(22272K) Class: 3072K(3456K)->3072K(3456K)
[77.528s][info][gc             ] GC(329) Pause Young (System.gc()) 365M->159M(1857M) 34.323ms
[77.528s][info][gc,cpu         ] GC(329) User=0.03s Sys=0.00s Real=0.03s
[77.528s][info][gc,start       ] GC(330) Pause Full (System.gc())
[77.528s][info][gc,phases,start] GC(330) Marking Phase
[77.533s][info][gc,phases      ] GC(330) Marking Phase 4.896ms
[77.533s][info][gc,phases,start] GC(330) Summary Phase
[77.533s][info][gc,phases      ] GC(330) Summary Phase 0.012ms
[77.533s][info][gc,phases,start] GC(330) Adjust Roots
[77.535s][info][gc,phases      ] GC(330) Adjust Roots 2.660ms
[77.535s][info][gc,phases,start] GC(330) Compaction Phase
[77.538s][info][gc,phases      ] GC(330) Compaction Phase 2.631ms
[77.538s][info][gc,phases,start] GC(330) Post Compact
[77.539s][info][gc,phases      ] GC(330) Post Compact 0.831ms
[77.539s][info][gc,heap        ] GC(330) PSYoungGen: 32K->0K(503808K)
[77.539s][info][gc,heap        ] GC(330) ParOldGen: 163615K->5646K(1398272K)
[77.539s][info][gc,metaspace   ] GC(330) Metaspace: 25044K(25728K)->25044K(25728K) NonClass: 21972K(22272K)->21972K(22272K) Class: 3072K(3456K)->3072K(3456K)
[77.539s][info][gc             ] GC(330) Pause Full (System.gc()) 159M->5M(1857M) 11.277ms
[77.539s][info][gc,cpu         ] GC(330) User=0.00s Sys=0.00s Real=0.00s
[77.804s][info][gc,start       ] GC(331) Pause Young (Allocation Failure)
[77.862s][info][gc,heap        ] GC(331) PSYoungGen: 317952K->116106K(497664K)
[77.862s][info][gc,heap        ] GC(331) ParOldGen: 5646K->5646K(1398272K)
[77.862s][info][gc,metaspace   ] GC(331) Metaspace: 25044K(25728K)->25044K(25728K) NonClass: 21972K(22272K)->21972K(22272K) Class: 3072K(3456K)->3072K(3456K)
[77.862s][info][gc             ] GC(331) Pause Young (Allocation Failure) 316M->118M(1851M) 58.530ms
[77.862s][info][gc,cpu         ] GC(331) User=0.30s Sys=0.00s Real=0.06s
[78.165s][info][gc,start       ] GC(332) Pause Young (Allocation Failure)
[78.241s][info][gc,heap        ] GC(332) PSYoungGen: 427914K->78423K(505344K)
[78.241s][info][gc,heap        ] GC(332) ParOldGen: 5646K->94214K(1398272K)
[78.241s][info][gc,metaspace   ] GC(332) Metaspace: 25044K(25728K)->25044K(25728K) NonClass: 21972K(22272K)->21972K(22272K) Class: 3072K(3456K)->3072K(3456K)
[78.241s][info][gc             ] GC(332) Pause Young (Allocation Failure) 423M->168M(1859M) 76.767ms
[78.241s][info][gc,cpu         ] GC(332) User=0.39s Sys=0.00s Real=0.08s
[78.429s][info][gc,start       ] GC(333) Pause Young (System.gc())
[78.465s][info][gc,heap        ] GC(333) PSYoungGen: 298524K->32K(513536K)
[78.465s][info][gc,heap        ] GC(333) ParOldGen: 94214K->163711K(1398272K)
[78.465s][info][gc,metaspace   ] GC(333) Metaspace: 25044K(25728K)->25044K(25728K) NonClass: 21972K(22272K)->21972K(22272K) Class: 3072K(3456K)->3072K(3456K)
[78.465s][info][gc             ] GC(333) Pause Young (System.gc()) 383M->159M(1867M) 35.562ms
[78.465s][info][gc,cpu         ] GC(333) User=0.03s Sys=0.00s Real=0.03s
[78.465s][info][gc,start       ] GC(334) Pause Full (System.gc())
[78.465s][info][gc,phases,start] GC(334) Marking Phase
[78.470s][info][gc,phases      ] GC(334) Marking Phase 4.977ms
[78.470s][info][gc,phases,start] GC(334) Summary Phase
[78.470s][info][gc,phases      ] GC(334) Summary Phase 0.010ms
[78.470s][info][gc,phases,start] GC(334) Adjust Roots
[78.472s][info][gc,phases      ] GC(334) Adjust Roots 2.482ms
[78.472s][info][gc,phases,start] GC(334) Compaction Phase
[78.475s][info][gc,phases      ] GC(334) Compaction Phase 2.069ms
[78.475s][info][gc,phases,start] GC(334) Post Compact
[78.475s][info][gc,phases      ] GC(334) Post Compact 0.838ms
[78.475s][info][gc,heap        ] GC(334) PSYoungGen: 32K->0K(513536K)
[78.475s][info][gc,heap        ] GC(334) ParOldGen: 163711K->5646K(1398272K)
[78.475s][info][gc,metaspace   ] GC(334) Metaspace: 25044K(25728K)->25044K(25728K) NonClass: 21972K(22272K)->21972K(22272K) Class: 3072K(3456K)->3072K(3456K)
[78.475s][info][gc             ] GC(334) Pause Full (System.gc()) 159M->5M(1867M) 10.614ms
[78.476s][info][gc,cpu         ] GC(334) User=0.02s Sys=0.00s Real=0.02s
[78.751s][info][gc,start       ] GC(335) Pause Young (Allocation Failure)
[78.809s][info][gc,heap        ] GC(335) PSYoungGen: 328192K->119574K(448000K)
[78.809s][info][gc,heap        ] GC(335) ParOldGen: 5646K->5646K(1398272K)
[78.809s][info][gc,metaspace   ] GC(335) Metaspace: 25044K(25728K)->25044K(25728K) NonClass: 21972K(22272K)->21972K(22272K) Class: 3072K(3456K)->3072K(3456K)
[78.809s][info][gc             ] GC(335) Pause Young (Allocation Failure) 326M->122M(1803M) 58.025ms
[78.809s][info][gc,cpu         ] GC(335) User=0.27s Sys=0.00s Real=0.05s
[79.120s][info][gc,start       ] GC(336) Pause Young (Allocation Failure)
[79.198s][info][gc,heap        ] GC(336) PSYoungGen: 447702K->84153K(510976K)
[79.200s][info][gc,heap        ] GC(336) ParOldGen: 5646K->97448K(1398272K)
[79.200s][info][gc,metaspace   ] GC(336) Metaspace: 25044K(25728K)->25044K(25728K) NonClass: 21972K(22272K)->21972K(22272K) Class: 3072K(3456K)->3072K(3456K)
[79.200s][info][gc             ] GC(336) Pause Young (Allocation Failure) 442M->177M(1864M) 80.007ms
[79.200s][info][gc,cpu         ] GC(336) User=0.39s Sys=0.00s Real=0.08s
[79.351s][info][gc,start       ] GC(337) Pause Young (System.gc())
[79.385s][info][gc,heap        ] GC(337) PSYoungGen: 274472K->32K(504320K)
[79.385s][info][gc,heap        ] GC(337) ParOldGen: 97448K->163687K(1398272K)
[79.385s][info][gc,metaspace   ] GC(337) Metaspace: 25044K(25728K)->25044K(25728K) NonClass: 21972K(22272K)->21972K(22272K) Class: 3072K(3456K)->3072K(3456K)
[79.385s][info][gc             ] GC(337) Pause Young (System.gc()) 363M->159M(1858M) 33.683ms
[79.385s][info][gc,cpu         ] GC(337) User=0.03s Sys=0.00s Real=0.03s
[79.385s][info][gc,start       ] GC(338) Pause Full (System.gc())
[79.385s][info][gc,phases,start] GC(338) Marking Phase
[79.390s][info][gc,phases      ] GC(338) Marking Phase 5.059ms
[79.390s][info][gc,phases,start] GC(338) Summary Phase
[79.390s][info][gc,phases      ] GC(338) Summary Phase 0.017ms
[79.390s][info][gc,phases,start] GC(338) Adjust Roots
[79.393s][info][gc,phases      ] GC(338) Adjust Roots 2.566ms
[79.393s][info][gc,phases,start] GC(338) Compaction Phase
[79.394s][info][gc,phases      ] GC(338) Compaction Phase 1.440ms
[79.394s][info][gc,phases,start] GC(338) Post Compact
[79.395s][info][gc,phases      ] GC(338) Post Compact 0.831ms
[79.395s][info][gc,heap        ] GC(338) PSYoungGen: 32K->0K(504320K)
[79.395s][info][gc,heap        ] GC(338) ParOldGen: 163687K->5646K(1398272K)
[79.395s][info][gc,metaspace   ] GC(338) Metaspace: 25044K(25728K)->25044K(25728K) NonClass: 21972K(22272K)->21972K(22272K) Class: 3072K(3456K)->3072K(3456K)
[79.395s][info][gc             ] GC(338) Pause Full (System.gc()) 159M->5M(1858M) 10.212ms
[79.395s][info][gc,cpu         ] GC(338) User=0.02s Sys=0.00s Real=0.02s
[79.657s][info][gc,start       ] GC(339) Pause Young (Allocation Failure)
[79.714s][info][gc,heap        ] GC(339) PSYoungGen: 316416K->115595K(496640K)
[79.714s][info][gc,heap        ] GC(339) ParOldGen: 5646K->5646K(1398272K)
[79.714s][info][gc,metaspace   ] GC(339) Metaspace: 25044K(25728K)->25044K(25728K) NonClass: 21972K(22272K)->21972K(22272K) Class: 3072K(3456K)->3072K(3456K)
[79.714s][info][gc             ] GC(339) Pause Young (Allocation Failure) 314M->118M(1850M) 56.538ms
[79.714s][info][gc,cpu         ] GC(339) User=0.31s Sys=0.00s Real=0.07s
[80.004s][info][gc,start       ] GC(340) Pause Young (Allocation Failure)
[80.081s][info][gc,heap        ] GC(340) PSYoungGen: 424331K->78907K(503808K)
[80.081s][info][gc,heap        ] GC(340) ParOldGen: 5646K->93718K(1398272K)
[80.081s][info][gc,metaspace   ] GC(340) Metaspace: 25044K(25728K)->25044K(25728K) NonClass: 21972K(22272K)->21972K(22272K) Class: 3072K(3456K)->3072K(3456K)
[80.081s][info][gc             ] GC(340) Pause Young (Allocation Failure) 419M->168M(1857M) 77.104ms
[80.081s][info][gc,cpu         ] GC(340) User=0.44s Sys=0.00s Real=0.08s
[80.253s][info][gc,start       ] GC(341) Pause Young (System.gc())
[80.289s][info][gc,heap        ] GC(341) PSYoungGen: 305378K->32K(512512K)
[80.289s][info][gc,heap        ] GC(341) ParOldGen: 93718K->163664K(1398272K)
[80.289s][info][gc,metaspace   ] GC(341) Metaspace: 25044K(25728K)->25044K(25728K) NonClass: 21972K(22272K)->21972K(22272K) Class: 3072K(3456K)->3072K(3456K)
[80.289s][info][gc             ] GC(341) Pause Young (System.gc()) 389M->159M(1866M) 35.719ms
[80.289s][info][gc,cpu         ] GC(341) User=0.05s Sys=0.00s Real=0.05s
[80.289s][info][gc,start       ] GC(342) Pause Full (System.gc())
[80.289s][info][gc,phases,start] GC(342) Marking Phase
[80.294s][info][gc,phases      ] GC(342) Marking Phase 4.960ms
[80.294s][info][gc,phases,start] GC(342) Summary Phase
[80.294s][info][gc,phases      ] GC(342) Summary Phase 0.009ms
[80.294s][info][gc,phases,start] GC(342) Adjust Roots
[80.297s][info][gc,phases      ] GC(342) Adjust Roots 2.375ms
[80.297s][info][gc,phases,start] GC(342) Compaction Phase
[80.298s][info][gc,phases      ] GC(342) Compaction Phase 1.790ms
[80.298s][info][gc,phases,start] GC(342) Post Compact
[80.299s][info][gc,phases      ] GC(342) Post Compact 0.829ms
[80.299s][info][gc,heap        ] GC(342) PSYoungGen: 32K->0K(512512K)
[80.299s][info][gc,heap        ] GC(342) ParOldGen: 163664K->5646K(1398272K)
[80.299s][info][gc,metaspace   ] GC(342) Metaspace: 25044K(25728K)->25044K(25728K) NonClass: 21972K(22272K)->21972K(22272K) Class: 3072K(3456K)->3072K(3456K)
[80.299s][info][gc             ] GC(342) Pause Full (System.gc()) 159M->5M(1866M) 10.186ms
[80.299s][info][gc,cpu         ] GC(342) User=0.00s Sys=0.00s Real=0.00s
[80.568s][info][gc,start       ] GC(343) Pause Young (Allocation Failure)
[80.630s][info][gc,heap        ] GC(343) PSYoungGen: 326144K->118874K(445440K)
[80.630s][info][gc,heap        ] GC(343) ParOldGen: 5646K->5646K(1398272K)
[80.630s][info][gc,metaspace   ] GC(343) Metaspace: 25044K(25728K)->25044K(25728K) NonClass: 21972K(22272K)->21972K(22272K) Class: 3072K(3456K)->3072K(3456K)
[80.630s][info][gc             ] GC(343) Pause Young (Allocation Failure) 324M->121M(1800M) 62.241ms
[80.630s][info][gc,cpu         ] GC(343) User=0.31s Sys=0.00s Real=0.06s
[80.939s][info][gc,start       ] GC(344) Pause Young (Allocation Failure)
[81.017s][info][gc,heap        ] GC(344) PSYoungGen: 444344K->77698K(512512K)
[81.017s][info][gc,heap        ] GC(344) ParOldGen: 5646K->96739K(1398272K)
[81.017s][info][gc,metaspace   ] GC(344) Metaspace: 25044K(25728K)->25044K(25728K) NonClass: 21972K(22272K)->21972K(22272K) Class: 3072K(3456K)->3072K(3456K)
[81.017s][info][gc             ] GC(344) Pause Young (Allocation Failure) 439M->170M(1866M) 77.959ms
[81.017s][info][gc,cpu         ] GC(344) User=0.39s Sys=0.00s Real=0.09s
[81.173s][info][gc,start       ] GC(345) Pause Young (System.gc())
[81.207s][info][gc,heap        ] GC(345) PSYoungGen: 275466K->32K(503808K)
[81.208s][info][gc,heap        ] GC(345) ParOldGen: 96739K->163672K(1398272K)
[81.208s][info][gc,metaspace   ] GC(345) Metaspace: 25044K(25728K)->25044K(25728K) NonClass: 21972K(22272K)->21972K(22272K) Class: 3072K(3456K)->3072K(3456K)
[81.208s][info][gc             ] GC(345) Pause Young (System.gc()) 363M->159M(1857M) 34.050ms
[81.208s][info][gc,cpu         ] GC(345) User=0.03s Sys=0.00s Real=0.03s
[81.208s][info][gc,start       ] GC(346) Pause Full (System.gc())
[81.208s][info][gc,phases,start] GC(346) Marking Phase
[81.214s][info][gc,phases      ] GC(346) Marking Phase 5.906ms
[81.214s][info][gc,phases,start] GC(346) Summary Phase
[81.214s][info][gc,phases      ] GC(346) Summary Phase 0.010ms
[81.214s][info][gc,phases,start] GC(346) Adjust Roots
[81.216s][info][gc,phases      ] GC(346) Adjust Roots 2.370ms
[81.216s][info][gc,phases,start] GC(346) Compaction Phase
[81.218s][info][gc,phases      ] GC(346) Compaction Phase 1.743ms
[81.218s][info][gc,phases,start] GC(346) Post Compact
[81.219s][info][gc,phases      ] GC(346) Post Compact 0.828ms
[81.219s][info][gc,heap        ] GC(346) PSYoungGen: 32K->0K(503808K)
[81.219s][info][gc,heap        ] GC(346) ParOldGen: 163672K->5646K(1398272K)
[81.219s][info][gc,metaspace   ] GC(346) Metaspace: 25044K(25728K)->25044K(25728K) NonClass: 21972K(22272K)->21972K(22272K) Class: 3072K(3456K)->3072K(3456K)
[81.219s][info][gc             ] GC(346) Pause Full (System.gc()) 159M->5M(1857M) 11.113ms
[81.219s][info][gc,cpu         ] GC(346) User=0.00s Sys=0.00s Real=0.02s
[81.479s][info][gc,start       ] GC(347) Pause Young (Allocation Failure)
[81.537s][info][gc,heap        ] GC(347) PSYoungGen: 317440K->115940K(496640K)
[81.537s][info][gc,heap        ] GC(347) ParOldGen: 5646K->5646K(1398272K)
[81.537s][info][gc,metaspace   ] GC(347) Metaspace: 25044K(25728K)->25044K(25728K) NonClass: 21972K(22272K)->21972K(22272K) Class: 3072K(3456K)->3072K(3456K)
[81.537s][info][gc             ] GC(347) Pause Young (Allocation Failure) 315M->118M(1850M) 58.275ms
[81.537s][info][gc,cpu         ] GC(347) User=0.30s Sys=0.00s Real=0.06s
[81.828s][info][gc,start       ] GC(348) Pause Young (Allocation Failure)
[81.905s][info][gc,heap        ] GC(348) PSYoungGen: 426724K->79224K(504832K)
[81.907s][info][gc,heap        ] GC(348) ParOldGen: 5646K->94101K(1398272K)
[81.907s][info][gc,metaspace   ] GC(348) Metaspace: 25053K(25728K)->25053K(25728K) NonClass: 21980K(22272K)->21980K(22272K) Class: 3072K(3456K)->3072K(3456K)
[81.907s][info][gc             ] GC(348) Pause Young (Allocation Failure) 422M->169M(1858M) 79.900ms
[81.907s][info][gc,cpu         ] GC(348) User=0.39s Sys=0.00s Real=0.08s
[82.071s][info][gc,start       ] GC(349) Pause Young (System.gc())
[82.107s][info][gc,heap        ] GC(349) PSYoungGen: 303791K->32K(513536K)
[82.107s][info][gc,heap        ] GC(349) ParOldGen: 94101K->163656K(1398272K)
[82.107s][info][gc,metaspace   ] GC(349) Metaspace: 25053K(25728K)->25053K(25728K) NonClass: 21980K(22272K)->21980K(22272K) Class: 3072K(3456K)->3072K(3456K)
[82.107s][info][gc             ] GC(349) Pause Young (System.gc()) 388M->159M(1867M) 36.191ms
[82.107s][info][gc,cpu         ] GC(349) User=0.03s Sys=0.00s Real=0.03s
[82.107s][info][gc,start       ] GC(350) Pause Full (System.gc())
[82.107s][info][gc,phases,start] GC(350) Marking Phase
[82.112s][info][gc,phases      ] GC(350) Marking Phase 4.810ms
[82.112s][info][gc,phases,start] GC(350) Summary Phase
[82.112s][info][gc,phases      ] GC(350) Summary Phase 0.010ms
[82.112s][info][gc,phases,start] GC(350) Adjust Roots
[82.114s][info][gc,phases      ] GC(350) Adjust Roots 2.510ms
[82.114s][info][gc,phases,start] GC(350) Compaction Phase
[82.116s][info][gc,phases      ] GC(350) Compaction Phase 1.736ms
[82.116s][info][gc,phases,start] GC(350) Post Compact
[82.117s][info][gc,phases      ] GC(350) Post Compact 0.905ms
[82.117s][info][gc,heap        ] GC(350) PSYoungGen: 32K->0K(513536K)
[82.117s][info][gc,heap        ] GC(350) ParOldGen: 163656K->5646K(1398272K)
[82.117s][info][gc,metaspace   ] GC(350) Metaspace: 25053K(25728K)->25053K(25728K) NonClass: 21980K(22272K)->21980K(22272K) Class: 3072K(3456K)->3072K(3456K)
[82.117s][info][gc             ] GC(350) Pause Full (System.gc()) 159M->5M(1867M) 10.227ms
[82.117s][info][gc,cpu         ] GC(350) User=0.02s Sys=0.00s Real=0.01s
[82.385s][info][gc,start       ] GC(351) Pause Young (Allocation Failure)
[82.446s][info][gc,heap        ] GC(351) PSYoungGen: 327680K->119375K(447488K)
[82.446s][info][gc,heap        ] GC(351) ParOldGen: 5646K->5646K(1398272K)
[82.446s][info][gc,metaspace   ] GC(351) Metaspace: 25053K(25728K)->25053K(25728K) NonClass: 21980K(22272K)->21980K(22272K) Class: 3072K(3456K)->3072K(3456K)
[82.446s][info][gc             ] GC(351) Pause Young (Allocation Failure) 325M->122M(1802M) 60.269ms
[82.446s][info][gc,cpu         ] GC(351) User=0.36s Sys=0.00s Real=0.06s
[82.757s][info][gc,start       ] GC(352) Pause Young (Allocation Failure)
[82.836s][info][gc,heap        ] GC(352) PSYoungGen: 445117K->78157K(513024K)
[82.836s][info][gc,heap        ] GC(352) ParOldGen: 5646K->97269K(1398272K)
[82.836s][info][gc,metaspace   ] GC(352) Metaspace: 25053K(25728K)->25053K(25728K) NonClass: 21980K(22272K)->21980K(22272K) Class: 3072K(3456K)->3072K(3456K)
[82.836s][info][gc             ] GC(352) Pause Young (Allocation Failure) 440M->171M(1866M) 79.089ms
[82.836s][info][gc,cpu         ] GC(352) User=0.47s Sys=0.00s Real=0.08s
[82.994s][info][gc,start       ] GC(353) Pause Young (System.gc())
[83.028s][info][gc,heap        ] GC(353) PSYoungGen: 274450K->96K(504320K)
[83.028s][info][gc,heap        ] GC(353) ParOldGen: 97269K->163680K(1398272K)
[83.028s][info][gc,metaspace   ] GC(353) Metaspace: 25053K(25728K)->25053K(25728K) NonClass: 21980K(22272K)->21980K(22272K) Class: 3072K(3456K)->3072K(3456K)
[83.028s][info][gc             ] GC(353) Pause Young (System.gc()) 363M->159M(1858M) 34.338ms
[83.028s][info][gc,cpu         ] GC(353) User=0.05s Sys=0.00s Real=0.04s
[83.028s][info][gc,start       ] GC(354) Pause Full (System.gc())
[83.028s][info][gc,phases,start] GC(354) Marking Phase
[83.033s][info][gc,phases      ] GC(354) Marking Phase 4.922ms
[83.033s][info][gc,phases,start] GC(354) Summary Phase
[83.033s][info][gc,phases      ] GC(354) Summary Phase 0.010ms
[83.033s][info][gc,phases,start] GC(354) Adjust Roots
[83.035s][info][gc,phases      ] GC(354) Adjust Roots 2.430ms
[83.035s][info][gc,phases,start] GC(354) Compaction Phase
[83.037s][info][gc,phases      ] GC(354) Compaction Phase 1.514ms
[83.037s][info][gc,phases,start] GC(354) Post Compact
[83.038s][info][gc,phases      ] GC(354) Post Compact 0.837ms
[83.038s][info][gc,heap        ] GC(354) PSYoungGen: 96K->0K(504320K)
[83.038s][info][gc,heap        ] GC(354) ParOldGen: 163680K->5649K(1398272K)
[83.038s][info][gc,metaspace   ] GC(354) Metaspace: 25053K(25728K)->25053K(25728K) NonClass: 21980K(22272K)->21980K(22272K) Class: 3072K(3456K)->3072K(3456K)
[83.038s][info][gc             ] GC(354) Pause Full (System.gc()) 159M->5M(1858M) 9.945ms
[83.038s][info][gc,cpu         ] GC(354) User=0.00s Sys=0.00s Real=0.01s
[83.298s][info][gc,start       ] GC(355) Pause Young (Allocation Failure)
[83.356s][info][gc,heap        ] GC(355) PSYoungGen: 318464K->116330K(497664K)
[83.356s][info][gc,heap        ] GC(355) ParOldGen: 5649K->5649K(1398272K)
[83.356s][info][gc,metaspace   ] GC(355) Metaspace: 25053K(25728K)->25053K(25728K) NonClass: 21980K(22272K)->21980K(22272K) Class: 3072K(3456K)->3072K(3456K)
[83.356s][info][gc             ] GC(355) Pause Young (Allocation Failure) 316M->119M(1851M) 58.609ms
[83.356s][info][gc,cpu         ] GC(355) User=0.30s Sys=0.00s Real=0.06s
[83.663s][info][gc,start       ] GC(356) Pause Young (Allocation Failure)
[83.741s][info][gc,heap        ] GC(356) PSYoungGen: 428138K->78192K(505344K)
[83.741s][info][gc,heap        ] GC(356) ParOldGen: 5649K->94404K(1398272K)
[83.741s][info][gc,metaspace   ] GC(356) Metaspace: 25073K(25728K)->25073K(25728K) NonClass: 22000K(22272K)->22000K(22272K) Class: 3072K(3456K)->3072K(3456K)
[83.741s][info][gc             ] GC(356) Pause Young (Allocation Failure) 423M->168M(1859M) 77.532ms
[83.741s][info][gc,cpu         ] GC(356) User=0.47s Sys=0.00s Real=0.06s
[83.928s][info][gc,start       ] GC(357) Pause Young (System.gc())
[83.965s][info][gc,heap        ] GC(357) PSYoungGen: 299487K->32K(514048K)
[83.965s][info][gc,heap        ] GC(357) ParOldGen: 94404K->163643K(1398272K)
[83.965s][info][gc,metaspace   ] GC(357) Metaspace: 25073K(25728K)->25073K(25728K) NonClass: 22000K(22272K)->22000K(22272K) Class: 3072K(3456K)->3072K(3456K)
[83.965s][info][gc             ] GC(357) Pause Young (System.gc()) 384M->159M(1867M) 36.190ms
[83.965s][info][gc,cpu         ] GC(357) User=0.05s Sys=0.00s Real=0.04s
[83.965s][info][gc,start       ] GC(358) Pause Full (System.gc())
[83.965s][info][gc,phases,start] GC(358) Marking Phase
[83.970s][info][gc,phases      ] GC(358) Marking Phase 5.098ms
[83.970s][info][gc,phases,start] GC(358) Summary Phase
[83.970s][info][gc,phases      ] GC(358) Summary Phase 0.009ms
[83.970s][info][gc,phases,start] GC(358) Adjust Roots
[83.972s][info][gc,phases      ] GC(358) Adjust Roots 2.395ms
[83.972s][info][gc,phases,start] GC(358) Compaction Phase
[83.975s][info][gc,phases      ] GC(358) Compaction Phase 2.436ms
[83.975s][info][gc,phases,start] GC(358) Post Compact
[83.976s][info][gc,phases      ] GC(358) Post Compact 0.886ms
[83.976s][info][gc,heap        ] GC(358) PSYoungGen: 32K->0K(514048K)
[83.976s][info][gc,heap        ] GC(358) ParOldGen: 163643K->5649K(1398272K)
[83.976s][info][gc,metaspace   ] GC(358) Metaspace: 25073K(25728K)->25073K(25728K) NonClass: 22000K(22272K)->22000K(22272K) Class: 3072K(3456K)->3072K(3456K)
[83.976s][info][gc             ] GC(358) Pause Full (System.gc()) 159M->5M(1867M) 11.047ms
[83.976s][info][gc,cpu         ] GC(358) User=0.00s Sys=0.00s Real=0.00s
[84.247s][info][gc,start       ] GC(359) Pause Young (Allocation Failure)
[84.307s][info][gc,heap        ] GC(359) PSYoungGen: 328704K->119732K(448512K)
[84.307s][info][gc,heap        ] GC(359) ParOldGen: 5649K->5649K(1398272K)
[84.307s][info][gc,metaspace   ] GC(359) Metaspace: 25073K(25728K)->25073K(25728K) NonClass: 22000K(22272K)->22000K(22272K) Class: 3072K(3456K)->3072K(3456K)
[84.307s][info][gc             ] GC(359) Pause Young (Allocation Failure) 326M->122M(1803M) 60.576ms
[84.307s][info][gc,cpu         ] GC(359) User=0.30s Sys=0.00s Real=0.06s
[84.617s][info][gc,start       ] GC(360) Pause Young (Allocation Failure)
[84.697s][info][gc,heap        ] GC(360) PSYoungGen: 447464K->79457K(512512K)
[84.697s][info][gc,heap        ] GC(360) ParOldGen: 5649K->97544K(1398272K)
[84.697s][info][gc,metaspace   ] GC(360) Metaspace: 25073K(25728K)->25073K(25728K) NonClass: 22000K(22272K)->22000K(22272K) Class: 3072K(3456K)->3072K(3456K)
[84.697s][info][gc             ] GC(360) Pause Young (Allocation Failure) 442M->172M(1866M) 79.548ms
[84.697s][info][gc,cpu         ] GC(360) User=0.39s Sys=0.00s Real=0.07s
[84.860s][info][gc,start       ] GC(361) Pause Young (System.gc())
[84.894s][info][gc,heap        ] GC(361) PSYoungGen: 273032K->32K(504320K)
[84.894s][info][gc,heap        ] GC(361) ParOldGen: 97544K->163675K(1398272K)
[84.894s][info][gc,metaspace   ] GC(361) Metaspace: 25073K(25728K)->25073K(25728K) NonClass: 22000K(22272K)->22000K(22272K) Class: 3072K(3456K)->3072K(3456K)
[84.894s][info][gc             ] GC(361) Pause Young (System.gc()) 361M->159M(1858M) 34.011ms
[84.894s][info][gc,cpu         ] GC(361) User=0.03s Sys=0.00s Real=0.03s
[84.894s][info][gc,start       ] GC(362) Pause Full (System.gc())
[84.894s][info][gc,phases,start] GC(362) Marking Phase
[84.899s][info][gc,phases      ] GC(362) Marking Phase 5.392ms
[84.899s][info][gc,phases,start] GC(362) Summary Phase
[84.899s][info][gc,phases      ] GC(362) Summary Phase 0.011ms
[84.899s][info][gc,phases,start] GC(362) Adjust Roots
[84.902s][info][gc,phases      ] GC(362) Adjust Roots 2.384ms
[84.902s][info][gc,phases,start] GC(362) Compaction Phase
[84.904s][info][gc,phases      ] GC(362) Compaction Phase 1.794ms
[84.904s][info][gc,phases,start] GC(362) Post Compact
[84.905s][info][gc,phases      ] GC(362) Post Compact 0.838ms
[84.905s][info][gc,heap        ] GC(362) PSYoungGen: 32K->0K(504320K)
[84.905s][info][gc,heap        ] GC(362) ParOldGen: 163675K->5649K(1398272K)
[84.905s][info][gc,metaspace   ] GC(362) Metaspace: 25073K(25728K)->25073K(25728K) NonClass: 22000K(22272K)->22000K(22272K) Class: 3072K(3456K)->3072K(3456K)
[84.905s][info][gc             ] GC(362) Pause Full (System.gc()) 159M->5M(1858M) 10.681ms
[84.905s][info][gc,cpu         ] GC(362) User=0.02s Sys=0.00s Real=0.02s
[85.168s][info][gc,start       ] GC(363) Pause Young (Allocation Failure)
[85.227s][info][gc,heap        ] GC(363) PSYoungGen: 317952K->116171K(496640K)
[85.227s][info][gc,heap        ] GC(363) ParOldGen: 5649K->5649K(1398272K)
[85.227s][info][gc,metaspace   ] GC(363) Metaspace: 25073K(25728K)->25073K(25728K) NonClass: 22000K(22272K)->22000K(22272K) Class: 3072K(3456K)->3072K(3456K)
[85.227s][info][gc             ] GC(363) Pause Young (Allocation Failure) 316M->118M(1850M) 58.620ms
[85.227s][info][gc,cpu         ] GC(363) User=0.33s Sys=0.00s Real=0.07s
[85.512s][info][gc,start       ] GC(364) Pause Young (Allocation Failure)
[85.590s][info][gc,heap        ] GC(364) PSYoungGen: 426955K->78425K(504832K)
[85.590s][info][gc,heap        ] GC(364) ParOldGen: 5649K->94253K(1398272K)
[85.590s][info][gc,metaspace   ] GC(364) Metaspace: 25073K(25728K)->25073K(25728K) NonClass: 22000K(22272K)->22000K(22272K) Class: 3072K(3456K)->3072K(3456K)
[85.590s][info][gc             ] GC(364) Pause Young (Allocation Failure) 422M->168M(1858M) 77.687ms
[85.590s][info][gc,cpu         ] GC(364) User=0.39s Sys=0.00s Real=0.08s
[85.770s][info][gc,start       ] GC(365) Pause Young (System.gc())
[85.806s][info][gc,heap        ] GC(365) PSYoungGen: 304036K->32K(513536K)
[85.806s][info][gc,heap        ] GC(365) ParOldGen: 94253K->163707K(1398272K)
[85.806s][info][gc,metaspace   ] GC(365) Metaspace: 25073K(25728K)->25073K(25728K) NonClass: 22000K(22272K)->22000K(22272K) Class: 3072K(3456K)->3072K(3456K)
[85.806s][info][gc             ] GC(365) Pause Young (System.gc()) 388M->159M(1867M) 35.820ms
[85.806s][info][gc,cpu         ] GC(365) User=0.03s Sys=0.00s Real=0.03s
[85.806s][info][gc,start       ] GC(366) Pause Full (System.gc())
[85.806s][info][gc,phases,start] GC(366) Marking Phase
[85.811s][info][gc,phases      ] GC(366) Marking Phase 4.901ms
[85.811s][info][gc,phases,start] GC(366) Summary Phase
[85.811s][info][gc,phases      ] GC(366) Summary Phase 0.009ms
[85.811s][info][gc,phases,start] GC(366) Adjust Roots
[85.814s][info][gc,phases      ] GC(366) Adjust Roots 2.683ms
[85.814s][info][gc,phases,start] GC(366) Compaction Phase
[85.815s][info][gc,phases      ] GC(366) Compaction Phase 1.768ms
[85.816s][info][gc,phases,start] GC(366) Post Compact
[85.816s][info][gc,phases      ] GC(366) Post Compact 0.794ms
[85.816s][info][gc,heap        ] GC(366) PSYoungGen: 32K->0K(513536K)
[85.816s][info][gc,heap        ] GC(366) ParOldGen: 163707K->5649K(1398272K)
[85.816s][info][gc,metaspace   ] GC(366) Metaspace: 25073K(25728K)->25073K(25728K) NonClass: 22000K(22272K)->22000K(22272K) Class: 3072K(3456K)->3072K(3456K)
[85.816s][info][gc             ] GC(366) Pause Full (System.gc()) 159M->5M(1867M) 10.397ms
[85.816s][info][gc,cpu         ] GC(366) User=0.02s Sys=0.00s Real=0.01s
[86.087s][info][gc,start       ] GC(367) Pause Young (Allocation Failure)
[86.145s][info][gc,heap        ] GC(367) PSYoungGen: 328192K->119574K(448000K)
[86.145s][info][gc,heap        ] GC(367) ParOldGen: 5649K->5649K(1398272K)
[86.145s][info][gc,metaspace   ] GC(367) Metaspace: 25073K(25728K)->25073K(25728K) NonClass: 22000K(22272K)->22000K(22272K) Class: 3072K(3456K)->3072K(3456K)
[86.145s][info][gc             ] GC(367) Pause Young (Allocation Failure) 326M->122M(1803M) 58.317ms
[86.145s][info][gc,cpu         ] GC(367) User=0.30s Sys=0.00s Real=0.06s
[86.463s][info][gc,start       ] GC(368) Pause Young (Allocation Failure)
[86.540s][info][gc,heap        ] GC(368) PSYoungGen: 447766K->82098K(511488K)
[86.540s][info][gc,heap        ] GC(368) ParOldGen: 5649K->97447K(1398272K)
[86.540s][info][gc,metaspace   ] GC(368) Metaspace: 25073K(25728K)->25073K(25728K) NonClass: 22000K(22272K)->22000K(22272K) Class: 3072K(3456K)->3072K(3456K)
[86.540s][info][gc             ] GC(368) Pause Young (Allocation Failure) 442M->175M(1865M) 76.735ms
[86.540s][info][gc,cpu         ] GC(368) User=0.39s Sys=0.00s Real=0.08s
[86.717s][info][gc,start       ] GC(369) Pause Young (System.gc())
[86.750s][info][gc,heap        ] GC(369) PSYoungGen: 269659K->32K(504320K)
[86.751s][info][gc,heap        ] GC(369) ParOldGen: 97447K->163691K(1398272K)
[86.751s][info][gc,metaspace   ] GC(369) Metaspace: 25073K(25728K)->25073K(25728K) NonClass: 22000K(22272K)->22000K(22272K) Class: 3072K(3456K)->3072K(3456K)
[86.751s][info][gc             ] GC(369) Pause Young (System.gc()) 358M->159M(1858M) 33.745ms
[86.751s][info][gc,cpu         ] GC(369) User=0.03s Sys=0.00s Real=0.03s
[86.751s][info][gc,start       ] GC(370) Pause Full (System.gc())
[86.751s][info][gc,phases,start] GC(370) Marking Phase
[86.756s][info][gc,phases      ] GC(370) Marking Phase 4.881ms
[86.756s][info][gc,phases,start] GC(370) Summary Phase
[86.756s][info][gc,phases      ] GC(370) Summary Phase 0.011ms
[86.756s][info][gc,phases,start] GC(370) Adjust Roots
[86.758s][info][gc,phases      ] GC(370) Adjust Roots 2.626ms
[86.758s][info][gc,phases,start] GC(370) Compaction Phase
[86.760s][info][gc,phases      ] GC(370) Compaction Phase 1.639ms
[86.760s][info][gc,phases,start] GC(370) Post Compact
[86.761s][info][gc,phases      ] GC(370) Post Compact 0.829ms
[86.761s][info][gc,heap        ] GC(370) PSYoungGen: 32K->0K(504320K)
[86.761s][info][gc,heap        ] GC(370) ParOldGen: 163691K->5649K(1398272K)
[86.761s][info][gc,metaspace   ] GC(370) Metaspace: 25073K(25728K)->25073K(25728K) NonClass: 22000K(22272K)->22000K(22272K) Class: 3072K(3456K)->3072K(3456K)
[86.761s][info][gc             ] GC(370) Pause Full (System.gc()) 159M->5M(1858M) 10.242ms
[86.761s][info][gc,cpu         ] GC(370) User=0.02s Sys=0.00s Real=0.01s
[87.023s][info][gc,start       ] GC(371) Pause Young (Allocation Failure)
[87.082s][info][gc,heap        ] GC(371) PSYoungGen: 316928K->115825K(496640K)
[87.082s][info][gc,heap        ] GC(371) ParOldGen: 5649K->5649K(1398272K)
[87.082s][info][gc,metaspace   ] GC(371) Metaspace: 25073K(25728K)->25073K(25728K) NonClass: 22000K(22272K)->22000K(22272K) Class: 3072K(3456K)->3072K(3456K)
[87.082s][info][gc             ] GC(371) Pause Young (Allocation Failure) 315M->118M(1850M) 58.731ms
[87.082s][info][gc,cpu         ] GC(371) User=0.22s Sys=0.00s Real=0.05s
[87.375s][info][gc,start       ] GC(372) Pause Young (Allocation Failure)
[87.452s][info][gc,heap        ] GC(372) PSYoungGen: 425585K->79498K(504320K)
[87.452s][info][gc,heap        ] GC(372) ParOldGen: 5649K->93929K(1398272K)
[87.452s][info][gc,metaspace   ] GC(372) Metaspace: 25074K(25728K)->25074K(25728K) NonClass: 22001K(22272K)->22001K(22272K) Class: 3072K(3456K)->3072K(3456K)
[87.452s][info][gc             ] GC(372) Pause Young (Allocation Failure) 421M->169M(1858M) 77.190ms
[87.452s][info][gc,cpu         ] GC(372) User=0.39s Sys=0.00s Real=0.08s
[87.631s][info][gc,start       ] GC(373) Pause Young (System.gc())
[87.666s][info][gc,heap        ] GC(373) PSYoungGen: 303350K->32K(512512K)
[87.666s][info][gc,heap        ] GC(373) ParOldGen: 93929K->163723K(1398272K)
[87.666s][info][gc,metaspace   ] GC(373) Metaspace: 25074K(25728K)->25074K(25728K) NonClass: 22001K(22272K)->22001K(22272K) Class: 3072K(3456K)->3072K(3456K)
[87.666s][info][gc             ] GC(373) Pause Young (System.gc()) 387M->159M(1866M) 35.482ms
[87.666s][info][gc,cpu         ] GC(373) User=0.03s Sys=0.00s Real=0.03s
[87.666s][info][gc,start       ] GC(374) Pause Full (System.gc())
[87.666s][info][gc,phases,start] GC(374) Marking Phase
[87.671s][info][gc,phases      ] GC(374) Marking Phase 5.248ms
[87.671s][info][gc,phases,start] GC(374) Summary Phase
[87.671s][info][gc,phases      ] GC(374) Summary Phase 0.009ms
[87.671s][info][gc,phases,start] GC(374) Adjust Roots
[87.674s][info][gc,phases      ] GC(374) Adjust Roots 2.363ms
[87.674s][info][gc,phases,start] GC(374) Compaction Phase
[87.676s][info][gc,phases      ] GC(374) Compaction Phase 2.175ms
[87.676s][info][gc,phases,start] GC(374) Post Compact
[87.677s][info][gc,phases      ] GC(374) Post Compact 1.125ms
[87.677s][info][gc,heap        ] GC(374) PSYoungGen: 32K->0K(512512K)
[87.677s][info][gc,heap        ] GC(374) ParOldGen: 163723K->5649K(1398272K)
[87.677s][info][gc,metaspace   ] GC(374) Metaspace: 25074K(25728K)->25074K(25728K) NonClass: 22001K(22272K)->22001K(22272K) Class: 3072K(3456K)->3072K(3456K)
[87.677s][info][gc             ] GC(374) Pause Full (System.gc()) 159M->5M(1866M) 11.202ms
[87.677s][info][gc,cpu         ] GC(374) User=0.02s Sys=0.00s Real=0.02s
[87.945s][info][gc,start       ] GC(375) Pause Young (Allocation Failure)
[88.002s][info][gc,heap        ] GC(375) PSYoungGen: 326144K->118895K(445440K)
[88.002s][info][gc,heap        ] GC(375) ParOldGen: 5649K->5649K(1398272K)
[88.002s][info][gc,metaspace   ] GC(375) Metaspace: 25074K(25728K)->25074K(25728K) NonClass: 22001K(22272K)->22001K(22272K) Class: 3072K(3456K)->3072K(3456K)
[88.002s][info][gc             ] GC(375) Pause Young (Allocation Failure) 324M->121M(1800M) 57.896ms
[88.002s][info][gc,cpu         ] GC(375) User=0.30s Sys=0.00s Real=0.06s
[88.309s][info][gc,start       ] GC(376) Pause Young (Allocation Failure)
[88.386s][info][gc,heap        ] GC(376) PSYoungGen: 444655K->78626K(512512K)
[88.386s][info][gc,heap        ] GC(376) ParOldGen: 5649K->96856K(1398272K)
[88.386s][info][gc,metaspace   ] GC(376) Metaspace: 25074K(25728K)->25074K(25728K) NonClass: 22001K(22272K)->22001K(22272K) Class: 3072K(3456K)->3072K(3456K)
[88.387s][info][gc             ] GC(376) Pause Young (Allocation Failure) 439M->171M(1866M) 77.911ms
[88.387s][info][gc,cpu         ] GC(376) User=0.41s Sys=0.00s Real=0.08s
[88.543s][info][gc,start       ] GC(377) Pause Young (System.gc())
[88.576s][info][gc,heap        ] GC(377) PSYoungGen: 273646K->32K(503808K)
[88.577s][info][gc,heap        ] GC(377) ParOldGen: 96856K->163715K(1398272K)
[88.577s][info][gc,metaspace   ] GC(377) Metaspace: 25074K(25728K)->25074K(25728K) NonClass: 22001K(22272K)->22001K(22272K) Class: 3072K(3456K)->3072K(3456K)
[88.577s][info][gc             ] GC(377) Pause Young (System.gc()) 361M->159M(1857M) 33.800ms
[88.577s][info][gc,cpu         ] GC(377) User=0.03s Sys=0.00s Real=0.03s
[88.577s][info][gc,start       ] GC(378) Pause Full (System.gc())
[88.577s][info][gc,phases,start] GC(378) Marking Phase
[88.582s][info][gc,phases      ] GC(378) Marking Phase 5.845ms
[88.582s][info][gc,phases,start] GC(378) Summary Phase
[88.583s][info][gc,phases      ] GC(378) Summary Phase 0.013ms
[88.583s][info][gc,phases,start] GC(378) Adjust Roots
[88.585s][info][gc,phases      ] GC(378) Adjust Roots 2.446ms
[88.585s][info][gc,phases,start] GC(378) Compaction Phase
[88.587s][info][gc,phases      ] GC(378) Compaction Phase 2.211ms
[88.587s][info][gc,phases,start] GC(378) Post Compact
[88.588s][info][gc,phases      ] GC(378) Post Compact 0.884ms
[88.588s][info][gc,heap        ] GC(378) PSYoungGen: 32K->0K(503808K)
[88.588s][info][gc,heap        ] GC(378) ParOldGen: 163715K->5649K(1398272K)
[88.588s][info][gc,metaspace   ] GC(378) Metaspace: 25074K(25728K)->25074K(25728K) NonClass: 22001K(22272K)->22001K(22272K) Class: 3072K(3456K)->3072K(3456K)
[88.588s][info][gc             ] GC(378) Pause Full (System.gc()) 159M->5M(1857M) 11.658ms
[88.588s][info][gc,cpu         ] GC(378) User=0.02s Sys=0.00s Real=0.02s
[88.849s][info][gc,start       ] GC(379) Pause Young (Allocation Failure)
[88.907s][info][gc,heap        ] GC(379) PSYoungGen: 317440K->115935K(497152K)
[88.907s][info][gc,heap        ] GC(379) ParOldGen: 5649K->5649K(1398272K)
[88.907s][info][gc,metaspace   ] GC(379) Metaspace: 25074K(25728K)->25074K(25728K) NonClass: 22001K(22272K)->22001K(22272K) Class: 3072K(3456K)->3072K(3456K)
[88.907s][info][gc             ] GC(379) Pause Young (Allocation Failure) 315M->118M(1851M) 57.804ms
[88.907s][info][gc,cpu         ] GC(379) User=0.28s Sys=0.00s Real=0.05s
[89.200s][info][gc,start       ] GC(380) Pause Young (Allocation Failure)
[89.277s][info][gc,heap        ] GC(380) PSYoungGen: 426719K->78640K(504832K)
[89.277s][info][gc,heap        ] GC(380) ParOldGen: 5649K->94085K(1398272K)
[89.277s][info][gc,metaspace   ] GC(380) Metaspace: 25074K(25728K)->25074K(25728K) NonClass: 22001K(22272K)->22001K(22272K) Class: 3072K(3456K)->3072K(3456K)
[89.277s][info][gc             ] GC(380) Pause Young (Allocation Failure) 422M->168M(1858M) 77.019ms
[89.277s][info][gc,cpu         ] GC(380) User=0.42s Sys=0.00s Real=0.09s
[89.453s][info][gc,start       ] GC(381) Pause Young (System.gc())
[89.489s][info][gc,heap        ] GC(381) PSYoungGen: 299815K->32K(513536K)
[89.489s][info][gc,heap        ] GC(381) ParOldGen: 94085K->163739K(1398272K)
[89.489s][info][gc,metaspace   ] GC(381) Metaspace: 25074K(25728K)->25074K(25728K) NonClass: 22001K(22272K)->22001K(22272K) Class: 3072K(3456K)->3072K(3456K)
[89.489s][info][gc             ] GC(381) Pause Young (System.gc()) 384M->159M(1867M) 35.714ms
[89.489s][info][gc,cpu         ] GC(381) User=0.03s Sys=0.00s Real=0.03s
[89.489s][info][gc,start       ] GC(382) Pause Full (System.gc())
[89.489s][info][gc,phases,start] GC(382) Marking Phase
[89.494s][info][gc,phases      ] GC(382) Marking Phase 5.178ms
[89.494s][info][gc,phases,start] GC(382) Summary Phase
[89.494s][info][gc,phases      ] GC(382) Summary Phase 0.010ms
[89.494s][info][gc,phases,start] GC(382) Adjust Roots
[89.496s][info][gc,phases      ] GC(382) Adjust Roots 2.553ms
[89.496s][info][gc,phases,start] GC(382) Compaction Phase
[89.499s][info][gc,phases      ] GC(382) Compaction Phase 2.671ms
[89.499s][info][gc,phases,start] GC(382) Post Compact
[89.500s][info][gc,phases      ] GC(382) Post Compact 0.830ms
[89.500s][info][gc,heap        ] GC(382) PSYoungGen: 32K->0K(513536K)
[89.500s][info][gc,heap        ] GC(382) ParOldGen: 163739K->5649K(1398272K)
[89.500s][info][gc,metaspace   ] GC(382) Metaspace: 25074K(25728K)->25074K(25728K) NonClass: 22001K(22272K)->22001K(22272K) Class: 3072K(3456K)->3072K(3456K)
[89.500s][info][gc             ] GC(382) Pause Full (System.gc()) 159M->5M(1867M) 11.485ms
[89.500s][info][gc,cpu         ] GC(382) User=0.02s Sys=0.00s Real=0.02s
[89.774s][info][gc,start       ] GC(383) Pause Young (Allocation Failure)
[89.834s][info][gc,heap        ] GC(383) PSYoungGen: 327680K->119380K(447488K)
[89.834s][info][gc,heap        ] GC(383) ParOldGen: 5649K->5649K(1398272K)
[89.834s][info][gc,metaspace   ] GC(383) Metaspace: 25074K(25728K)->25074K(25728K) NonClass: 22001K(22272K)->22001K(22272K) Class: 3072K(3456K)->3072K(3456K)
[89.834s][info][gc             ] GC(383) Pause Young (Allocation Failure) 325M->122M(1802M) 59.947ms
[89.834s][info][gc,cpu         ] GC(383) User=0.28s Sys=0.00s Real=0.05s
[90.147s][info][gc,start       ] GC(384) Pause Young (Allocation Failure)
[90.225s][info][gc,heap        ] GC(384) PSYoungGen: 447060K->79188K(512512K)
[90.225s][info][gc,heap        ] GC(384) ParOldGen: 5649K->97264K(1398272K)
[90.225s][info][gc,metaspace   ] GC(384) Metaspace: 25074K(25728K)->25074K(25728K) NonClass: 22001K(22272K)->22001K(22272K) Class: 3072K(3456K)->3072K(3456K)
[90.225s][info][gc             ] GC(384) Pause Young (Allocation Failure) 442M->172M(1866M) 78.091ms
[90.225s][info][gc,cpu         ] GC(384) User=0.34s Sys=0.00s Real=0.08s
[90.383s][info][gc,start       ] GC(385) Pause Young (System.gc())
[90.417s][info][gc,heap        ] GC(385) PSYoungGen: 272490K->32K(504320K)
[90.417s][info][gc,heap        ] GC(385) ParOldGen: 97264K->163675K(1398272K)
[90.417s][info][gc,metaspace   ] GC(385) Metaspace: 25074K(25728K)->25074K(25728K) NonClass: 22001K(22272K)->22001K(22272K) Class: 3072K(3456K)->3072K(3456K)
[90.417s][info][gc             ] GC(385) Pause Young (System.gc()) 361M->159M(1858M) 34.302ms
[90.417s][info][gc,cpu         ] GC(385) User=0.05s Sys=0.00s Real=0.05s
[90.417s][info][gc,start       ] GC(386) Pause Full (System.gc())
[90.417s][info][gc,phases,start] GC(386) Marking Phase
[90.422s][info][gc,phases      ] GC(386) Marking Phase 4.958ms
[90.422s][info][gc,phases,start] GC(386) Summary Phase
[90.422s][info][gc,phases      ] GC(386) Summary Phase 0.010ms
[90.423s][info][gc,phases,start] GC(386) Adjust Roots
[90.425s][info][gc,phases      ] GC(386) Adjust Roots 2.405ms
[90.425s][info][gc,phases,start] GC(386) Compaction Phase
[90.427s][info][gc,phases      ] GC(386) Compaction Phase 2.146ms
[90.427s][info][gc,phases,start] GC(386) Post Compact
[90.428s][info][gc,phases      ] GC(386) Post Compact 0.833ms
[90.428s][info][gc,heap        ] GC(386) PSYoungGen: 32K->0K(504320K)
[90.428s][info][gc,heap        ] GC(386) ParOldGen: 163675K->5649K(1398272K)
[90.428s][info][gc,metaspace   ] GC(386) Metaspace: 25074K(25728K)->25074K(25728K) NonClass: 22001K(22272K)->22001K(22272K) Class: 3072K(3456K)->3072K(3456K)
[90.428s][info][gc             ] GC(386) Pause Full (System.gc()) 159M->5M(1858M) 10.576ms
[90.428s][info][gc,cpu         ] GC(386) User=0.00s Sys=0.00s Real=0.00s
[90.693s][info][gc,start       ] GC(387) Pause Young (Allocation Failure)
[90.752s][info][gc,heap        ] GC(387) PSYoungGen: 317952K->116179K(497152K)
[90.752s][info][gc,heap        ] GC(387) ParOldGen: 5649K->5649K(1398272K)
[90.752s][info][gc,metaspace   ] GC(387) Metaspace: 25074K(25728K)->25074K(25728K) NonClass: 22001K(22272K)->22001K(22272K) Class: 3072K(3456K)->3072K(3456K)
[90.752s][info][gc             ] GC(387) Pause Young (Allocation Failure) 316M->118M(1851M) 58.570ms
[90.752s][info][gc,cpu         ] GC(387) User=0.30s Sys=0.00s Real=0.06s
[91.038s][info][gc,start       ] GC(388) Pause Young (Allocation Failure)
[91.117s][info][gc,heap        ] GC(388) PSYoungGen: 426963K->78314K(504832K)
[91.117s][info][gc,heap        ] GC(388) ParOldGen: 5649K->94237K(1398272K)
[91.117s][info][gc,metaspace   ] GC(388) Metaspace: 25074K(25728K)->25074K(25728K) NonClass: 22001K(22272K)->22001K(22272K) Class: 3072K(3456K)->3072K(3456K)
[91.117s][info][gc             ] GC(388) Pause Young (Allocation Failure) 422M->168M(1858M) 78.324ms
[91.117s][info][gc,cpu         ] GC(388) User=0.39s Sys=0.00s Real=0.08s
[91.296s][info][gc,start       ] GC(389) Pause Young (System.gc())
[91.331s][info][gc,heap        ] GC(389) PSYoungGen: 303856K->32K(513536K)
[91.331s][info][gc,heap        ] GC(389) ParOldGen: 94237K->163643K(1398272K)
[91.331s][info][gc,metaspace   ] GC(389) Metaspace: 25074K(25728K)->25074K(25728K) NonClass: 22001K(22272K)->22001K(22272K) Class: 3072K(3456K)->3072K(3456K)
[91.331s][info][gc             ] GC(389) Pause Young (System.gc()) 388M->159M(1867M) 35.526ms
[91.331s][info][gc,cpu         ] GC(389) User=0.03s Sys=0.00s Real=0.03s
[91.331s][info][gc,start       ] GC(390) Pause Full (System.gc())
[91.331s][info][gc,phases,start] GC(390) Marking Phase
[91.337s][info][gc,phases      ] GC(390) Marking Phase 5.253ms
[91.337s][info][gc,phases,start] GC(390) Summary Phase
[91.337s][info][gc,phases      ] GC(390) Summary Phase 0.010ms
[91.337s][info][gc,phases,start] GC(390) Adjust Roots
[91.339s][info][gc,phases      ] GC(390) Adjust Roots 2.397ms
[91.339s][info][gc,phases,start] GC(390) Compaction Phase
[91.341s][info][gc,phases      ] GC(390) Compaction Phase 2.021ms
[91.341s][info][gc,phases,start] GC(390) Post Compact
[91.342s][info][gc,phases      ] GC(390) Post Compact 0.821ms
[91.342s][info][gc,heap        ] GC(390) PSYoungGen: 32K->0K(513536K)
[91.342s][info][gc,heap        ] GC(390) ParOldGen: 163643K->5649K(1398272K)
[91.342s][info][gc,metaspace   ] GC(390) Metaspace: 25074K(25728K)->25074K(25728K) NonClass: 22001K(22272K)->22001K(22272K) Class: 3072K(3456K)->3072K(3456K)
[91.342s][info][gc             ] GC(390) Pause Full (System.gc()) 159M->5M(1867M) 10.743ms
[91.342s][info][gc,cpu         ] GC(390) User=0.02s Sys=0.00s Real=0.01s
[91.615s][info][gc,start       ] GC(391) Pause Young (Allocation Failure)
[91.676s][info][gc,heap        ] GC(391) PSYoungGen: 328192K->119574K(448000K)
[91.676s][info][gc,heap        ] GC(391) ParOldGen: 5649K->5649K(1398272K)
[91.676s][info][gc,metaspace   ] GC(391) Metaspace: 25074K(25728K)->25074K(25728K) NonClass: 22001K(22272K)->22001K(22272K) Class: 3072K(3456K)->3072K(3456K)
[91.676s][info][gc             ] GC(391) Pause Young (Allocation Failure) 326M->122M(1803M) 61.064ms
[91.676s][info][gc,cpu         ] GC(391) User=0.30s Sys=0.00s Real=0.06s
[92.004s][info][gc,start       ] GC(392) Pause Young (Allocation Failure)
[92.083s][info][gc,heap        ] GC(392) PSYoungGen: 447766K->80616K(512000K)
[92.083s][info][gc,heap        ] GC(392) ParOldGen: 5649K->97439K(1398272K)
[92.083s][info][gc,metaspace   ] GC(392) Metaspace: 25074K(25728K)->25074K(25728K) NonClass: 22001K(22272K)->22001K(22272K) Class: 3072K(3456K)->3072K(3456K)
[92.083s][info][gc             ] GC(392) Pause Young (Allocation Failure) 442M->173M(1865M) 79.394ms
[92.083s][info][gc,cpu         ] GC(392) User=0.41s Sys=0.00s Real=0.08s
[92.245s][info][gc,start       ] GC(393) Pause Young (System.gc())
[92.279s][info][gc,heap        ] GC(393) PSYoungGen: 273071K->32K(504320K)
[92.279s][info][gc,heap        ] GC(393) ParOldGen: 97439K->163683K(1398272K)
[92.279s][info][gc,metaspace   ] GC(393) Metaspace: 25074K(25728K)->25074K(25728K) NonClass: 22001K(22272K)->22001K(22272K) Class: 3072K(3456K)->3072K(3456K)
[92.280s][info][gc             ] GC(393) Pause Young (System.gc()) 361M->159M(1858M) 34.224ms
[92.280s][info][gc,cpu         ] GC(393) User=0.02s Sys=0.00s Real=0.03s
[92.280s][info][gc,start       ] GC(394) Pause Full (System.gc())
[92.280s][info][gc,phases,start] GC(394) Marking Phase
[92.285s][info][gc,phases      ] GC(394) Marking Phase 5.000ms
[92.285s][info][gc,phases,start] GC(394) Summary Phase
[92.285s][info][gc,phases      ] GC(394) Summary Phase 0.010ms
[92.285s][info][gc,phases,start] GC(394) Adjust Roots
[92.287s][info][gc,phases      ] GC(394) Adjust Roots 2.575ms
[92.287s][info][gc,phases,start] GC(394) Compaction Phase
[92.289s][info][gc,phases      ] GC(394) Compaction Phase 1.939ms
[92.289s][info][gc,phases,start] GC(394) Post Compact
[92.290s][info][gc,phases      ] GC(394) Post Compact 0.825ms
[92.290s][info][gc,heap        ] GC(394) PSYoungGen: 32K->0K(504320K)
[92.290s][info][gc,heap        ] GC(394) ParOldGen: 163683K->5649K(1398272K)
[92.290s][info][gc,metaspace   ] GC(394) Metaspace: 25074K(25728K)->25074K(25728K) NonClass: 22001K(22272K)->22001K(22272K) Class: 3072K(3456K)->3072K(3456K)
[92.290s][info][gc             ] GC(394) Pause Full (System.gc()) 159M->5M(1858M) 10.586ms
[92.290s][info][gc,cpu         ] GC(394) User=0.02s Sys=0.00s Real=0.02s
[92.554s][info][gc,start       ] GC(395) Pause Young (Allocation Failure)
[92.612s][info][gc,heap        ] GC(395) PSYoungGen: 317440K->115999K(497152K)
[92.612s][info][gc,heap        ] GC(395) ParOldGen: 5649K->5649K(1398272K)
[92.612s][info][gc,metaspace   ] GC(395) Metaspace: 25074K(25728K)->25074K(25728K) NonClass: 22001K(22272K)->22001K(22272K) Class: 3072K(3456K)->3072K(3456K)
[92.612s][info][gc             ] GC(395) Pause Young (Allocation Failure) 315M->118M(1851M) 57.703ms
[92.612s][info][gc,cpu         ] GC(395) User=0.25s Sys=0.02s Real=0.05s
[92.912s][info][gc,start       ] GC(396) Pause Young (Allocation Failure)
[92.989s][info][gc,heap        ] GC(396) PSYoungGen: 426783K->78551K(504832K)
[92.989s][info][gc,heap        ] GC(396) ParOldGen: 5649K->94080K(1398272K)
[92.989s][info][gc,metaspace   ] GC(396) Metaspace: 25074K(25728K)->25074K(25728K) NonClass: 22001K(22272K)->22001K(22272K) Class: 3072K(3456K)->3072K(3456K)
[92.989s][info][gc             ] GC(396) Pause Young (Allocation Failure) 422M->168M(1858M) 76.759ms
[92.989s][info][gc,cpu         ] GC(396) User=0.47s Sys=0.00s Real=0.08s
[93.171s][info][gc,start       ] GC(397) Pause Young (System.gc())
[93.207s][info][gc,heap        ] GC(397) PSYoungGen: 299499K->32K(513024K)
[93.207s][info][gc,heap        ] GC(397) ParOldGen: 94080K->163699K(1398272K)
[93.207s][info][gc,metaspace   ] GC(397) Metaspace: 25074K(25728K)->25074K(25728K) NonClass: 22001K(22272K)->22001K(22272K) Class: 3072K(3456K)->3072K(3456K)
[93.207s][info][gc             ] GC(397) Pause Young (System.gc()) 384M->159M(1866M) 35.650ms
[93.207s][info][gc,cpu         ] GC(397) User=0.03s Sys=0.00s Real=0.03s
[93.207s][info][gc,start       ] GC(398) Pause Full (System.gc())
[93.207s][info][gc,phases,start] GC(398) Marking Phase
[93.212s][info][gc,phases      ] GC(398) Marking Phase 5.183ms
[93.212s][info][gc,phases,start] GC(398) Summary Phase
[93.212s][info][gc,phases      ] GC(398) Summary Phase 0.014ms
[93.212s][info][gc,phases,start] GC(398) Adjust Roots
[93.215s][info][gc,phases      ] GC(398) Adjust Roots 2.611ms
[93.215s][info][gc,phases,start] GC(398) Compaction Phase
[93.217s][info][gc,phases      ] GC(398) Compaction Phase 2.000ms
[93.217s][info][gc,phases,start] GC(398) Post Compact
[93.218s][info][gc,phases      ] GC(398) Post Compact 0.830ms
[93.218s][info][gc,heap        ] GC(398) PSYoungGen: 32K->0K(513024K)
[93.218s][info][gc,heap        ] GC(398) ParOldGen: 163699K->5649K(1398272K)
[93.218s][info][gc,metaspace   ] GC(398) Metaspace: 25074K(25728K)->25074K(25728K) NonClass: 22001K(22272K)->22001K(22272K) Class: 3072K(3456K)->3072K(3456K)
[93.218s][info][gc             ] GC(398) Pause Full (System.gc()) 159M->5M(1866M) 10.914ms
[93.218s][info][gc,cpu         ] GC(398) User=0.00s Sys=0.00s Real=0.01s
[93.487s][info][gc,start       ] GC(399) Pause Young (Allocation Failure)
[93.545s][info][gc,heap        ] GC(399) PSYoungGen: 327168K->119234K(446464K)
[93.545s][info][gc,heap        ] GC(399) ParOldGen: 5649K->5649K(1398272K)
[93.546s][info][gc,metaspace   ] GC(399) Metaspace: 25074K(25728K)->25074K(25728K) NonClass: 22001K(22272K)->22001K(22272K) Class: 3072K(3456K)->3072K(3456K)
[93.546s][info][gc             ] GC(399) Pause Young (Allocation Failure) 325M->121M(1801M) 58.361ms
[93.546s][info][gc,cpu         ] GC(399) User=0.30s Sys=0.00s Real=0.07s
[93.855s][info][gc,start       ] GC(400) Pause Young (Allocation Failure)
[93.933s][info][gc,heap        ] GC(400) PSYoungGen: 446402K->78860K(512512K)
[93.933s][info][gc,heap        ] GC(400) ParOldGen: 5649K->97136K(1398272K)
[93.933s][info][gc,metaspace   ] GC(400) Metaspace: 25074K(25728K)->25074K(25728K) NonClass: 22001K(22272K)->22001K(22272K) Class: 3072K(3456K)->3072K(3456K)
[93.933s][info][gc             ] GC(400) Pause Young (Allocation Failure) 441M->171M(1866M) 77.824ms
[93.933s][info][gc,cpu         ] GC(400) User=0.47s Sys=0.00s Real=0.07s
[94.089s][info][gc,start       ] GC(401) Pause Young (System.gc())
[94.123s][info][gc,heap        ] GC(401) PSYoungGen: 272920K->32K(504320K)
[94.123s][info][gc,heap        ] GC(401) ParOldGen: 97136K->163739K(1398272K)
[94.123s][info][gc,metaspace   ] GC(401) Metaspace: 25074K(25728K)->25074K(25728K) NonClass: 22001K(22272K)->22001K(22272K) Class: 3072K(3456K)->3072K(3456K)
[94.123s][info][gc             ] GC(401) Pause Young (System.gc()) 361M->159M(1858M) 33.957ms
[94.123s][info][gc,cpu         ] GC(401) User=0.05s Sys=0.00s Real=0.05s
[94.123s][info][gc,start       ] GC(402) Pause Full (System.gc())
[94.123s][info][gc,phases,start] GC(402) Marking Phase
[94.128s][info][gc,phases      ] GC(402) Marking Phase 4.761ms
[94.128s][info][gc,phases,start] GC(402) Summary Phase
[94.128s][info][gc,phases      ] GC(402) Summary Phase 0.011ms
[94.128s][info][gc,phases,start] GC(402) Adjust Roots
[94.130s][info][gc,phases      ] GC(402) Adjust Roots 2.575ms
[94.130s][info][gc,phases,start] GC(402) Compaction Phase
[94.132s][info][gc,phases      ] GC(402) Compaction Phase 1.737ms
[94.132s][info][gc,phases,start] GC(402) Post Compact
[94.133s][info][gc,phases      ] GC(402) Post Compact 0.824ms
[94.133s][info][gc,heap        ] GC(402) PSYoungGen: 32K->0K(504320K)
[94.133s][info][gc,heap        ] GC(402) ParOldGen: 163739K->5649K(1398272K)
[94.133s][info][gc,metaspace   ] GC(402) Metaspace: 25074K(25728K)->25074K(25728K) NonClass: 22001K(22272K)->22001K(22272K) Class: 3072K(3456K)->3072K(3456K)
[94.133s][info][gc             ] GC(402) Pause Full (System.gc()) 159M->5M(1858M) 10.177ms
[94.133s][info][gc,cpu         ] GC(402) User=0.00s Sys=0.00s Real=0.00s
[94.395s][info][gc,start       ] GC(403) Pause Young (Allocation Failure)
[94.453s][info][gc,heap        ] GC(403) PSYoungGen: 317952K->116125K(496640K)
[94.453s][info][gc,heap        ] GC(403) ParOldGen: 5649K->5649K(1398272K)
[94.453s][info][gc,metaspace   ] GC(403) Metaspace: 25074K(25728K)->25074K(25728K) NonClass: 22001K(22272K)->22001K(22272K) Class: 3072K(3456K)->3072K(3456K)
[94.453s][info][gc             ] GC(403) Pause Young (Allocation Failure) 316M->118M(1850M) 58.006ms
[94.453s][info][gc,cpu         ] GC(403) User=0.30s Sys=0.00s Real=0.06s
[94.748s][info][gc,start       ] GC(404) Pause Young (Allocation Failure)
[94.825s][info][gc,heap        ] GC(404) PSYoungGen: 426909K->78377K(504832K)
[94.825s][info][gc,heap        ] GC(404) ParOldGen: 5649K->94252K(1398272K)
[94.825s][info][gc,metaspace   ] GC(404) Metaspace: 25074K(25728K)->25074K(25728K) NonClass: 22001K(22272K)->22001K(22272K) Class: 3072K(3456K)->3072K(3456K)
[94.825s][info][gc             ] GC(404) Pause Young (Allocation Failure) 422M->168M(1858M) 77.784ms
[94.825s][info][gc,cpu         ] GC(404) User=0.45s Sys=0.00s Real=0.08s
[94.995s][info][gc,heap,exit   ] Heap
[94.995s][info][gc,heap,exit   ]  PSYoungGen      total 504832K, used 307944K [0x00000000d5580000, 0x0000000100000000, 0x0000000100000000)
[94.995s][info][gc,heap,exit   ]   eden space 310784K, 73% used [0x00000000d5580000,0x00000000e35afad8,0x00000000e8500000)
[94.995s][info][gc,heap,exit   ]   from space 194048K, 40% used [0x00000000e8500000,0x00000000ed18a550,0x00000000f4280000)
[94.995s][info][gc,heap,exit   ]   to   space 185344K, 0% used [0x00000000f4b00000,0x00000000f4b00000,0x0000000100000000)
[94.995s][info][gc,heap,exit   ]  ParOldGen       total 1398272K, used 94252K [0x0000000080000000, 0x00000000d5580000, 0x00000000d5580000)
[94.995s][info][gc,heap,exit   ]   object space 1398272K, 6% used [0x0000000080000000,0x0000000085c0b120,0x00000000d5580000)
[94.995s][info][gc,heap,exit   ]  Metaspace       used 25163K, capacity 25675K, committed 25984K, reserved 1071104K
[94.995s][info][gc,heap,exit   ]   class space    used 3083K, capacity 3341K, committed 3456K, reserved 1048576K
