[0.008s][info][gc,heap] Heap region size: 1M
[0.037s][info][gc     ] Using G1
[0.037s][info][gc,heap,coops] Heap address: 0x0000000080000000, size: 2048 MB, Compressed Oops mode: 32-bit
[1.109s][info][gc,task      ] GC(0) Using 6 workers of 6 for full compaction
[1.109s][info][gc,start     ] GC(0) Pause Full (System.gc())
[1.109s][info][gc,phases,start] GC(0) Phase 1: Mark live objects
[1.112s][info][gc,stringtable ] GC(0) Cleaned string and symbol table, strings: 5519 processed, 11 removed, symbols: 52678 processed, 5 removed
[1.112s][info][gc,phases      ] GC(0) Phase 1: Mark live objects 2.706ms
[1.112s][info][gc,phases,start] GC(0) Phase 2: Prepare for compaction
[1.114s][info][gc,phases      ] GC(0) Phase 2: Prepare for compaction 1.958ms
[1.114s][info][gc,phases,start] GC(0) Phase 3: Adjust pointers
[1.115s][info][gc,phases      ] GC(0) Phase 3: Adjust pointers 1.151ms
[1.115s][info][gc,phases,start] GC(0) Phase 4: Compact heap
[1.116s][info][gc,phases      ] GC(0) Phase 4: Compact heap 1.007ms
[1.117s][info][gc,heap        ] GC(0) Eden regions: 25->0(102)
[1.117s][info][gc,heap        ] GC(0) Survivor regions: 0->0(0)
[1.117s][info][gc,heap        ] GC(0) Old regions: 0->6
[1.117s][info][gc,heap        ] GC(0) Humongous regions: 0->0
[1.117s][info][gc,metaspace   ] GC(0) Metaspace: 17159K(17792K)->17159K(17792K) NonClass: 15185K(15616K)->15185K(15616K) Class: 1973K(2176K)->1973K(2176K)
[1.117s][info][gc             ] GC(0) Pause Full (System.gc()) 24M->3M(2048M) 8.459ms
[1.118s][info][gc,cpu         ] GC(0) User=0.00s Sys=0.00s Real=0.00s
[1.278s][info][gc,start       ] GC(1) Pause Young (Normal) (G1 Evacuation Pause)
[1.278s][info][gc,task        ] GC(1) Using 6 workers of 6 for evacuation
[1.279s][info][gc,phases      ] GC(1)   Pre Evacuate Collection Set: 0.0ms
[1.279s][info][gc,phases      ] GC(1)   Evacuate Collection Set: 0.6ms
[1.279s][info][gc,phases      ] GC(1)   Post Evacuate Collection Set: 0.3ms
[1.279s][info][gc,phases      ] GC(1)   Other: 0.2ms
[1.279s][info][gc,heap        ] GC(1) Eden regions: 102->0(1072)
[1.279s][info][gc,heap        ] GC(1) Survivor regions: 0->1(13)
[1.279s][info][gc,heap        ] GC(1) Old regions: 6->6
[1.279s][info][gc,heap        ] GC(1) Humongous regions: 0->0
[1.279s][info][gc,metaspace   ] GC(1) Metaspace: 17684K(18432K)->17684K(18432K) NonClass: 15642K(16128K)->15642K(16128K) Class: 2041K(2304K)->2041K(2304K)
[1.279s][info][gc             ] GC(1) Pause Young (Normal) (G1 Evacuation Pause) 105M->4M(2048M) 1.208ms
[1.279s][info][gc,cpu         ] GC(1) User=0.00s Sys=0.00s Real=0.00s
[1.677s][info][gc,start       ] GC(2) Pause Young (Normal) (G1 Evacuation Pause)
[1.677s][info][gc,task        ] GC(2) Using 6 workers of 6 for evacuation
[1.681s][info][gc,phases      ] GC(2)   Pre Evacuate Collection Set: 0.1ms
[1.681s][info][gc,phases      ] GC(2)   Evacuate Collection Set: 2.5ms
[1.681s][info][gc,phases      ] GC(2)   Post Evacuate Collection Set: 0.9ms
[1.681s][info][gc,phases      ] GC(2)   Other: 0.7ms
[1.681s][info][gc,heap        ] GC(2) Eden regions: 1072->0(1087)
[1.681s][info][gc,heap        ] GC(2) Survivor regions: 1->5(135)
[1.681s][info][gc,heap        ] GC(2) Old regions: 6->6
[1.681s][info][gc,heap        ] GC(2) Humongous regions: 0->0
[1.681s][info][gc,metaspace   ] GC(2) Metaspace: 17684K(18432K)->17684K(18432K) NonClass: 15642K(16128K)->15642K(16128K) Class: 2041K(2304K)->2041K(2304K)
[1.681s][info][gc             ] GC(2) Pause Young (Normal) (G1 Evacuation Pause) 1076M->7M(2048M) 4.240ms
[1.681s][info][gc,cpu         ] GC(2) User=0.00s Sys=0.00s Real=0.00s
[1.894s][info][gc,start       ] GC(3) Pause Young (Normal) (G1 Evacuation Pause)
[1.894s][info][gc,task        ] GC(3) Using 6 workers of 6 for evacuation
[1.899s][info][gc,phases      ] GC(3)   Pre Evacuate Collection Set: 0.0ms
[1.899s][info][gc,phases      ] GC(3)   Evacuate Collection Set: 3.8ms
[1.899s][info][gc,phases      ] GC(3)   Post Evacuate Collection Set: 0.9ms
[1.899s][info][gc,phases      ] GC(3)   Other: 0.2ms
[1.899s][info][gc,heap        ] GC(3) Eden regions: 1087->0(1220)
[1.899s][info][gc,heap        ] GC(3) Survivor regions: 5->8(137)
[1.899s][info][gc,heap        ] GC(3) Old regions: 6->6
[1.899s][info][gc,heap        ] GC(3) Humongous regions: 0->0
[1.899s][info][gc,metaspace   ] GC(3) Metaspace: 17684K(18432K)->17684K(18432K) NonClass: 15642K(16128K)->15642K(16128K) Class: 2041K(2304K)->2041K(2304K)
[1.899s][info][gc             ] GC(3) Pause Young (Normal) (G1 Evacuation Pause) 1094M->11M(2048M) 5.100ms
[1.899s][info][gc,cpu         ] GC(3) User=0.00s Sys=0.00s Real=0.00s
[2.315s][info][gc,start       ] GC(4) Pause Young (Normal) (G1 Evacuation Pause)
[2.315s][info][gc,task        ] GC(4) Using 6 workers of 6 for evacuation
[2.322s][info][gc,phases      ] GC(4)   Pre Evacuate Collection Set: 0.0ms
[2.322s][info][gc,phases      ] GC(4)   Evacuate Collection Set: 6.2ms
[2.322s][info][gc,phases      ] GC(4)   Post Evacuate Collection Set: 1.0ms
[2.322s][info][gc,phases      ] GC(4)   Other: 0.4ms
[2.322s][info][gc,heap        ] GC(4) Eden regions: 1220->0(1216)
[2.322s][info][gc,heap        ] GC(4) Survivor regions: 8->12(154)
[2.322s][info][gc,heap        ] GC(4) Old regions: 6->6
[2.322s][info][gc,heap        ] GC(4) Humongous regions: 0->0
[2.322s][info][gc,metaspace   ] GC(4) Metaspace: 17690K(18432K)->17690K(18432K) NonClass: 15648K(16128K)->15648K(16128K) Class: 2042K(2304K)->2042K(2304K)
[2.322s][info][gc             ] GC(4) Pause Young (Normal) (G1 Evacuation Pause) 1231M->15M(2048M) 7.703ms
[2.322s][info][gc,cpu         ] GC(4) User=0.00s Sys=0.00s Real=0.00s
[2.660s][info][gc,start       ] GC(5) Pause Young (Normal) (G1 Evacuation Pause)
[2.660s][info][gc,task        ] GC(5) Using 6 workers of 6 for evacuation
[2.671s][info][gc,phases      ] GC(5)   Pre Evacuate Collection Set: 0.0ms
[2.671s][info][gc,phases      ] GC(5)   Evacuate Collection Set: 9.8ms
[2.671s][info][gc,phases      ] GC(5)   Post Evacuate Collection Set: 0.8ms
[2.671s][info][gc,phases      ] GC(5)   Other: 0.2ms
[2.671s][info][gc,heap        ] GC(5) Eden regions: 793->0(876)
[2.671s][info][gc,heap        ] GC(5) Survivor regions: 12->24(101)
[2.671s][info][gc,heap        ] GC(5) Old regions: 6->6
[2.671s][info][gc,heap        ] GC(5) Humongous regions: 3->3
[2.671s][info][gc,metaspace   ] GC(5) Metaspace: 17695K(18432K)->17695K(18432K) NonClass: 15653K(16128K)->15653K(16128K) Class: 2042K(2304K)->2042K(2304K)
[2.671s][info][gc             ] GC(5) Pause Young (Normal) (G1 Evacuation Pause) 811M->30M(2048M) 11.049ms
[2.671s][info][gc,cpu         ] GC(5) User=0.00s Sys=0.00s Real=0.00s
[2.986s][info][gc,start       ] GC(6) Pause Young (Normal) (G1 Evacuation Pause)
[2.986s][info][gc,task        ] GC(6) Using 6 workers of 6 for evacuation
[2.995s][info][gc,phases      ] GC(6)   Pre Evacuate Collection Set: 0.0ms
[2.995s][info][gc,phases      ] GC(6)   Evacuate Collection Set: 8.2ms
[2.995s][info][gc,phases      ] GC(6)   Post Evacuate Collection Set: 0.9ms
[2.995s][info][gc,phases      ] GC(6)   Other: 0.2ms
[2.995s][info][gc,heap        ] GC(6) Eden regions: 848->0(899)
[2.995s][info][gc,heap        ] GC(6) Survivor regions: 24->27(109)
[2.995s][info][gc,heap        ] GC(6) Old regions: 6->6
[2.995s][info][gc,heap        ] GC(6) Humongous regions: 3->3
[2.995s][info][gc,metaspace   ] GC(6) Metaspace: 17695K(18432K)->17695K(18432K) NonClass: 15653K(16128K)->15653K(16128K) Class: 2042K(2304K)->2042K(2304K)
[2.995s][info][gc             ] GC(6) Pause Young (Normal) (G1 Evacuation Pause) 878M->33M(2048M) 9.528ms
[2.995s][info][gc,cpu         ] GC(6) User=0.02s Sys=0.00s Real=0.01s
[3.338s][info][gc,start       ] GC(7) Pause Young (Normal) (G1 Evacuation Pause)
[3.338s][info][gc,task        ] GC(7) Using 6 workers of 6 for evacuation
[3.348s][info][gc,phases      ] GC(7)   Pre Evacuate Collection Set: 0.0ms
[3.348s][info][gc,phases      ] GC(7)   Evacuate Collection Set: 9.0ms
[3.348s][info][gc,phases      ] GC(7)   Post Evacuate Collection Set: 1.0ms
[3.348s][info][gc,phases      ] GC(7)   Other: 0.2ms
[3.348s][info][gc,heap        ] GC(7) Eden regions: 899->0(966)
[3.348s][info][gc,heap        ] GC(7) Survivor regions: 27->31(116)
[3.348s][info][gc,heap        ] GC(7) Old regions: 6->6
[3.348s][info][gc,heap        ] GC(7) Humongous regions: 3->3
[3.348s][info][gc,metaspace   ] GC(7) Metaspace: 17695K(18432K)->17695K(18432K) NonClass: 15653K(16128K)->15653K(16128K) Class: 2042K(2304K)->2042K(2304K)
[3.348s][info][gc             ] GC(7) Pause Young (Normal) (G1 Evacuation Pause) 932M->37M(2048M) 10.362ms
[3.348s][info][gc,cpu         ] GC(7) User=0.00s Sys=0.00s Real=0.01s
[3.867s][info][gc,start       ] GC(8) Pause Young (Normal) (G1 Evacuation Pause)
[3.867s][info][gc,task        ] GC(8) Using 6 workers of 6 for evacuation
[3.911s][info][gc,phases      ] GC(8)   Pre Evacuate Collection Set: 0.0ms
[3.911s][info][gc,phases      ] GC(8)   Evacuate Collection Set: 42.8ms
[3.911s][info][gc,phases      ] GC(8)   Post Evacuate Collection Set: 0.8ms
[3.911s][info][gc,phases      ] GC(8)   Other: 0.2ms
[3.911s][info][gc,heap        ] GC(8) Eden regions: 756->0(58)
[3.911s][info][gc,heap        ] GC(8) Survivor regions: 31->81(99)
[3.911s][info][gc,heap        ] GC(8) Old regions: 6->6
[3.911s][info][gc,heap        ] GC(8) Humongous regions: 20->20
[3.911s][info][gc,metaspace   ] GC(8) Metaspace: 17756K(18432K)->17756K(18432K) NonClass: 15705K(16128K)->15705K(16128K) Class: 2050K(2304K)->2050K(2304K)
[3.911s][info][gc             ] GC(8) Pause Young (Normal) (G1 Evacuation Pause) 810M->104M(2048M) 43.994ms
[3.911s][info][gc,cpu         ] GC(8) User=0.14s Sys=0.00s Real=0.05s
[4.072s][info][gc,task        ] GC(9) Using 6 workers of 6 for full compaction
[4.072s][info][gc,start       ] GC(9) Pause Full (System.gc())
[4.072s][info][gc,phases,start] GC(9) Phase 1: Mark live objects
[4.076s][info][gc,stringtable ] GC(9) Cleaned string and symbol table, strings: 5645 processed, 11 removed, symbols: 53757 processed, 0 removed
[4.076s][info][gc,phases      ] GC(9) Phase 1: Mark live objects 3.599ms
[4.076s][info][gc,phases,start] GC(9) Phase 2: Prepare for compaction
[4.077s][info][gc,phases      ] GC(9) Phase 2: Prepare for compaction 1.387ms
[4.077s][info][gc,phases,start] GC(9) Phase 3: Adjust pointers
[4.079s][info][gc,phases      ] GC(9) Phase 3: Adjust pointers 1.533ms
[4.079s][info][gc,phases,start] GC(9) Phase 4: Compact heap
[4.080s][info][gc,phases      ] GC(9) Phase 4: Compact heap 0.922ms
[4.082s][info][gc,heap        ] GC(9) Eden regions: 44->0(877)
[4.082s][info][gc,heap        ] GC(9) Survivor regions: 81->0(99)
[4.082s][info][gc,heap        ] GC(9) Old regions: 6->6
[4.082s][info][gc,heap        ] GC(9) Humongous regions: 22->0
[4.082s][info][gc,metaspace   ] GC(9) Metaspace: 17881K(18688K)->17828K(18688K) NonClass: 15812K(16384K)->15773K(16384K) Class: 2069K(2304K)->2054K(2304K)
[4.082s][info][gc             ] GC(9) Pause Full (System.gc()) 150M->3M(2048M) 9.691ms
[4.082s][info][gc,cpu         ] GC(9) User=0.02s Sys=0.00s Real=0.02s
[4.447s][info][gc,start       ] GC(10) Pause Young (Normal) (G1 Evacuation Pause)
[4.447s][info][gc,task        ] GC(10) Using 6 workers of 6 for evacuation
[4.450s][info][gc,phases      ] GC(10)   Pre Evacuate Collection Set: 0.0ms
[4.450s][info][gc,phases      ] GC(10)   Evacuate Collection Set: 1.6ms
[4.450s][info][gc,phases      ] GC(10)   Post Evacuate Collection Set: 0.6ms
[4.450s][info][gc,phases      ] GC(10)   Other: 0.2ms
[4.450s][info][gc,heap        ] GC(10) Eden regions: 877->0(1054)
[4.450s][info][gc,heap        ] GC(10) Survivor regions: 0->4(110)
[4.450s][info][gc,heap        ] GC(10) Old regions: 6->6
[4.450s][info][gc,heap        ] GC(10) Humongous regions: 0->0
[4.450s][info][gc,metaspace   ] GC(10) Metaspace: 17828K(18688K)->17828K(18688K) NonClass: 15774K(16384K)->15774K(16384K) Class: 2054K(2304K)->2054K(2304K)
[4.450s][info][gc             ] GC(10) Pause Young (Normal) (G1 Evacuation Pause) 880M->7M(2048M) 2.495ms
[4.450s][info][gc,cpu         ] GC(10) User=0.00s Sys=0.00s Real=0.01s
[4.833s][info][gc,start       ] GC(11) Pause Young (Normal) (G1 Evacuation Pause)
[4.833s][info][gc,task        ] GC(11) Using 6 workers of 6 for evacuation
[4.837s][info][gc,phases      ] GC(11)   Pre Evacuate Collection Set: 0.0ms
[4.837s][info][gc,phases      ] GC(11)   Evacuate Collection Set: 2.9ms
[4.837s][info][gc,phases      ] GC(11)   Post Evacuate Collection Set: 0.8ms
[4.837s][info][gc,phases      ] GC(11)   Other: 0.2ms
[4.837s][info][gc,heap        ] GC(11) Eden regions: 1054->0(1221)
[4.837s][info][gc,heap        ] GC(11) Survivor regions: 4->7(133)
[4.837s][info][gc,heap        ] GC(11) Old regions: 6->6
[4.837s][info][gc,heap        ] GC(11) Humongous regions: 0->0
[4.837s][info][gc,metaspace   ] GC(11) Metaspace: 17828K(18688K)->17828K(18688K) NonClass: 15774K(16384K)->15774K(16384K) Class: 2054K(2304K)->2054K(2304K)
[4.837s][info][gc             ] GC(11) Pause Young (Normal) (G1 Evacuation Pause) 1061M->10M(2048M) 4.060ms
[4.837s][info][gc,cpu         ] GC(11) User=0.00s Sys=0.00s Real=0.00s
[5.285s][info][gc,start       ] GC(12) Pause Young (Normal) (G1 Evacuation Pause)
[5.285s][info][gc,task        ] GC(12) Using 6 workers of 6 for evacuation
[5.291s][info][gc,phases      ] GC(12)   Pre Evacuate Collection Set: 0.1ms
[5.291s][info][gc,phases      ] GC(12)   Evacuate Collection Set: 4.6ms
[5.291s][info][gc,phases      ] GC(12)   Post Evacuate Collection Set: 1.0ms
[5.291s][info][gc,phases      ] GC(12)   Other: 0.4ms
[5.291s][info][gc,heap        ] GC(12) Eden regions: 1221->0(1217)
[5.291s][info][gc,heap        ] GC(12) Survivor regions: 7->11(154)
[5.291s][info][gc,heap        ] GC(12) Old regions: 6->6
[5.291s][info][gc,heap        ] GC(12) Humongous regions: 0->0
[5.291s][info][gc,metaspace   ] GC(12) Metaspace: 17828K(18688K)->17828K(18688K) NonClass: 15774K(16384K)->15774K(16384K) Class: 2054K(2304K)->2054K(2304K)
[5.291s][info][gc             ] GC(12) Pause Young (Normal) (G1 Evacuation Pause) 1231M->14M(2048M) 6.167ms
[5.291s][info][gc,cpu         ] GC(12) User=0.00s Sys=0.00s Real=0.00s
[5.899s][info][gc,start       ] GC(13) Pause Young (Normal) (G1 Evacuation Pause)
[5.899s][info][gc,task        ] GC(13) Using 6 workers of 6 for evacuation
[5.910s][info][gc,phases      ] GC(13)   Pre Evacuate Collection Set: 0.0ms
[5.910s][info][gc,phases      ] GC(13)   Evacuate Collection Set: 10.2ms
[5.910s][info][gc,phases      ] GC(13)   Post Evacuate Collection Set: 1.1ms
[5.910s][info][gc,phases      ] GC(13)   Other: 0.3ms
[5.910s][info][gc,heap        ] GC(13) Eden regions: 1217->0(1204)
[5.910s][info][gc,heap        ] GC(13) Survivor regions: 11->24(154)
[5.910s][info][gc,heap        ] GC(13) Old regions: 6->6
[5.910s][info][gc,heap        ] GC(13) Humongous regions: 3->3
[5.910s][info][gc,metaspace   ] GC(13) Metaspace: 17828K(18688K)->17828K(18688K) NonClass: 15774K(16384K)->15774K(16384K) Class: 2054K(2304K)->2054K(2304K)
[5.910s][info][gc             ] GC(13) Pause Young (Normal) (G1 Evacuation Pause) 1234M->30M(2048M) 11.777ms
[5.910s][info][gc,cpu         ] GC(13) User=0.00s Sys=0.00s Real=0.02s
[6.477s][info][gc,start       ] GC(14) Pause Young (Normal) (G1 Evacuation Pause)
[6.477s][info][gc,task        ] GC(14) Using 6 workers of 6 for evacuation
[6.487s][info][gc,phases      ] GC(14)   Pre Evacuate Collection Set: 0.0ms
[6.487s][info][gc,phases      ] GC(14)   Evacuate Collection Set: 8.7ms
[6.487s][info][gc,phases      ] GC(14)   Post Evacuate Collection Set: 0.9ms
[6.487s][info][gc,phases      ] GC(14)   Other: 0.3ms
[6.487s][info][gc,heap        ] GC(14) Eden regions: 1204->0(1201)
[6.487s][info][gc,heap        ] GC(14) Survivor regions: 24->27(154)
[6.487s][info][gc,heap        ] GC(14) Old regions: 6->6
[6.487s][info][gc,heap        ] GC(14) Humongous regions: 3->3
[6.487s][info][gc,metaspace   ] GC(14) Metaspace: 17828K(18688K)->17828K(18688K) NonClass: 15774K(16384K)->15774K(16384K) Class: 2054K(2304K)->2054K(2304K)
[6.487s][info][gc             ] GC(14) Pause Young (Normal) (G1 Evacuation Pause) 1234M->33M(2048M) 10.096ms
[6.487s][info][gc,cpu         ] GC(14) User=0.00s Sys=0.00s Real=0.00s
[7.064s][info][gc,start       ] GC(15) Pause Young (Normal) (G1 Evacuation Pause)
[7.064s][info][gc,task        ] GC(15) Using 6 workers of 6 for evacuation
[7.076s][info][gc,phases      ] GC(15)   Pre Evacuate Collection Set: 0.1ms
[7.076s][info][gc,phases      ] GC(15)   Evacuate Collection Set: 10.0ms
[7.076s][info][gc,phases      ] GC(15)   Post Evacuate Collection Set: 1.0ms
[7.076s][info][gc,phases      ] GC(15)   Other: 0.4ms
[7.076s][info][gc,heap        ] GC(15) Eden regions: 1201->0(1197)
[7.076s][info][gc,heap        ] GC(15) Survivor regions: 27->31(154)
[7.076s][info][gc,heap        ] GC(15) Old regions: 6->6
[7.076s][info][gc,heap        ] GC(15) Humongous regions: 3->3
[7.076s][info][gc,metaspace   ] GC(15) Metaspace: 17828K(18688K)->17828K(18688K) NonClass: 15774K(16384K)->15774K(16384K) Class: 2054K(2304K)->2054K(2304K)
[7.076s][info][gc             ] GC(15) Pause Young (Normal) (G1 Evacuation Pause) 1234M->37M(2048M) 11.540ms
[7.076s][info][gc,cpu         ] GC(15) User=0.02s Sys=0.00s Real=0.02s
[7.605s][info][gc,task        ] GC(16) Using 6 workers of 6 for full compaction
[7.606s][info][gc,start       ] GC(16) Pause Full (System.gc())
[7.606s][info][gc,phases,start] GC(16) Phase 1: Mark live objects
[7.608s][info][gc,stringtable ] GC(16) Cleaned string and symbol table, strings: 5635 processed, 0 removed, symbols: 53757 processed, 11 removed
[7.608s][info][gc,phases      ] GC(16) Phase 1: Mark live objects 2.366ms
[7.608s][info][gc,phases,start] GC(16) Phase 2: Prepare for compaction
[7.610s][info][gc,phases      ] GC(16) Phase 2: Prepare for compaction 1.757ms
[7.610s][info][gc,phases,start] GC(16) Phase 3: Adjust pointers
[7.612s][info][gc,phases      ] GC(16) Phase 3: Adjust pointers 1.659ms
[7.612s][info][gc,phases,start] GC(16) Phase 4: Compact heap
[7.613s][info][gc,phases      ] GC(16) Phase 4: Compact heap 0.975ms
[7.614s][info][gc,heap        ] GC(16) Eden regions: 466->0(1228)
[7.615s][info][gc,heap        ] GC(16) Survivor regions: 31->0(154)
[7.615s][info][gc,heap        ] GC(16) Old regions: 6->6
[7.615s][info][gc,heap        ] GC(16) Humongous regions: 22->0
[7.615s][info][gc,metaspace   ] GC(16) Metaspace: 17829K(18688K)->17829K(18688K) NonClass: 15775K(16384K)->15775K(16384K) Class: 2054K(2304K)->2054K(2304K)
[7.615s][info][gc             ] GC(16) Pause Full (System.gc()) 521M->3M(2048M) 9.039ms
[7.615s][info][gc,cpu         ] GC(16) User=0.00s Sys=0.00s Real=0.00s
[8.102s][info][gc,start       ] GC(17) Pause Young (Normal) (G1 Evacuation Pause)
[8.102s][info][gc,task        ] GC(17) Using 6 workers of 6 for evacuation
[8.105s][info][gc,phases      ] GC(17)   Pre Evacuate Collection Set: 0.0ms
[8.105s][info][gc,phases      ] GC(17)   Evacuate Collection Set: 2.2ms
[8.105s][info][gc,phases      ] GC(17)   Post Evacuate Collection Set: 0.8ms
[8.105s][info][gc,phases      ] GC(17)   Other: 0.2ms
[8.105s][info][gc,heap        ] GC(17) Eden regions: 1228->0(1224)
[8.105s][info][gc,heap        ] GC(17) Survivor regions: 0->4(154)
[8.105s][info][gc,heap        ] GC(17) Old regions: 6->6
[8.105s][info][gc,heap        ] GC(17) Humongous regions: 0->0
[8.105s][info][gc,metaspace   ] GC(17) Metaspace: 17830K(18688K)->17830K(18688K) NonClass: 15775K(16384K)->15775K(16384K) Class: 2054K(2304K)->2054K(2304K)
[8.105s][info][gc             ] GC(17) Pause Young (Normal) (G1 Evacuation Pause) 1231M->7M(2048M) 3.379ms
[8.106s][info][gc,cpu         ] GC(17) User=0.00s Sys=0.00s Real=0.00s
[8.519s][info][gc,start       ] GC(18) Pause Young (Normal) (G1 Evacuation Pause)
[8.519s][info][gc,task        ] GC(18) Using 6 workers of 6 for evacuation
[8.523s][info][gc,phases      ] GC(18)   Pre Evacuate Collection Set: 0.0ms
[8.523s][info][gc,phases      ] GC(18)   Evacuate Collection Set: 3.0ms
[8.523s][info][gc,phases      ] GC(18)   Post Evacuate Collection Set: 1.0ms
[8.523s][info][gc,phases      ] GC(18)   Other: 0.2ms
[8.523s][info][gc,heap        ] GC(18) Eden regions: 1224->0(1220)
[8.523s][info][gc,heap        ] GC(18) Survivor regions: 4->8(154)
[8.523s][info][gc,heap        ] GC(18) Old regions: 6->6
[8.523s][info][gc,heap        ] GC(18) Humongous regions: 0->0
[8.523s][info][gc,metaspace   ] GC(18) Metaspace: 17830K(18688K)->17830K(18688K) NonClass: 15775K(16384K)->15775K(16384K) Class: 2054K(2304K)->2054K(2304K)
[8.523s][info][gc             ] GC(18) Pause Young (Normal) (G1 Evacuation Pause) 1231M->11M(2048M) 4.393ms
[8.523s][info][gc,cpu         ] GC(18) User=0.00s Sys=0.00s Real=0.00s
[9.074s][info][gc,start       ] GC(19) Pause Young (Normal) (G1 Evacuation Pause)
[9.074s][info][gc,task        ] GC(19) Using 6 workers of 6 for evacuation
[9.081s][info][gc,phases      ] GC(19)   Pre Evacuate Collection Set: 0.1ms
[9.081s][info][gc,phases      ] GC(19)   Evacuate Collection Set: 5.2ms
[9.081s][info][gc,phases      ] GC(19)   Post Evacuate Collection Set: 1.0ms
[9.081s][info][gc,phases      ] GC(19)   Other: 0.4ms
[9.081s][info][gc,heap        ] GC(19) Eden regions: 1220->0(1216)
[9.081s][info][gc,heap        ] GC(19) Survivor regions: 8->12(154)
[9.081s][info][gc,heap        ] GC(19) Old regions: 6->6
[9.081s][info][gc,heap        ] GC(19) Humongous regions: 0->0
[9.081s][info][gc,metaspace   ] GC(19) Metaspace: 17830K(18688K)->17830K(18688K) NonClass: 15775K(16384K)->15775K(16384K) Class: 2054K(2304K)->2054K(2304K)
[9.081s][info][gc             ] GC(19) Pause Young (Normal) (G1 Evacuation Pause) 1231M->15M(2048M) 6.765ms
[9.081s][info][gc,cpu         ] GC(19) User=0.00s Sys=0.00s Real=0.00s
[9.689s][info][gc,start       ] GC(20) Pause Young (Normal) (G1 Evacuation Pause)
[9.689s][info][gc,task        ] GC(20) Using 6 workers of 6 for evacuation
[9.701s][info][gc,phases      ] GC(20)   Pre Evacuate Collection Set: 0.0ms
[9.701s][info][gc,phases      ] GC(20)   Evacuate Collection Set: 10.6ms
[9.701s][info][gc,phases      ] GC(20)   Post Evacuate Collection Set: 0.9ms
[9.701s][info][gc,phases      ] GC(20)   Other: 0.2ms
[9.701s][info][gc,heap        ] GC(20) Eden regions: 1216->0(1203)
[9.701s][info][gc,heap        ] GC(20) Survivor regions: 12->25(154)
[9.701s][info][gc,heap        ] GC(20) Old regions: 6->6
[9.701s][info][gc,heap        ] GC(20) Humongous regions: 3->3
[9.701s][info][gc,metaspace   ] GC(20) Metaspace: 17830K(18688K)->17830K(18688K) NonClass: 15775K(16384K)->15775K(16384K) Class: 2054K(2304K)->2054K(2304K)
[9.701s][info][gc             ] GC(20) Pause Young (Normal) (G1 Evacuation Pause) 1234M->31M(2048M) 11.884ms
[9.701s][info][gc,cpu         ] GC(20) User=0.02s Sys=0.00s Real=0.02s
[10.274s][info][gc,start       ] GC(21) Pause Young (Normal) (G1 Evacuation Pause)
[10.274s][info][gc,task        ] GC(21) Using 6 workers of 6 for evacuation
[10.284s][info][gc,phases      ] GC(21)   Pre Evacuate Collection Set: 0.0ms
[10.284s][info][gc,phases      ] GC(21)   Evacuate Collection Set: 8.8ms
[10.284s][info][gc,phases      ] GC(21)   Post Evacuate Collection Set: 1.1ms
[10.284s][info][gc,phases      ] GC(21)   Other: 0.3ms
[10.284s][info][gc,heap        ] GC(21) Eden regions: 1203->0(1199)
[10.284s][info][gc,heap        ] GC(21) Survivor regions: 25->29(154)
[10.284s][info][gc,heap        ] GC(21) Old regions: 6->6
[10.284s][info][gc,heap        ] GC(21) Humongous regions: 3->3
[10.284s][info][gc,metaspace   ] GC(21) Metaspace: 17830K(18688K)->17830K(18688K) NonClass: 15775K(16384K)->15775K(16384K) Class: 2054K(2304K)->2054K(2304K)
[10.284s][info][gc             ] GC(21) Pause Young (Normal) (G1 Evacuation Pause) 1234M->35M(2048M) 10.341ms
[10.284s][info][gc,cpu         ] GC(21) User=0.03s Sys=0.00s Real=0.02s
[11.141s][info][gc,task        ] GC(22) Using 6 workers of 6 for full compaction
[11.142s][info][gc,start       ] GC(22) Pause Full (System.gc())
[11.142s][info][gc,phases,start] GC(22) Phase 1: Mark live objects
[11.144s][info][gc,stringtable ] GC(22) Cleaned string and symbol table, strings: 5635 processed, 0 removed, symbols: 53746 processed, 0 removed
[11.144s][info][gc,phases      ] GC(22) Phase 1: Mark live objects 2.413ms
[11.144s][info][gc,phases,start] GC(22) Phase 2: Prepare for compaction
[11.146s][info][gc,phases      ] GC(22) Phase 2: Prepare for compaction 2.120ms
[11.146s][info][gc,phases,start] GC(22) Phase 3: Adjust pointers
[11.148s][info][gc,phases      ] GC(22) Phase 3: Adjust pointers 2.056ms
[11.148s][info][gc,phases,start] GC(22) Phase 4: Compact heap
[11.151s][info][gc,phases      ] GC(22) Phase 4: Compact heap 2.074ms
[11.152s][info][gc,heap        ] GC(22) Eden regions: 1148->0(1228)
[11.152s][info][gc,heap        ] GC(22) Survivor regions: 29->0(154)
[11.152s][info][gc,heap        ] GC(22) Old regions: 6->6
[11.152s][info][gc,heap        ] GC(22) Humongous regions: 22->0
[11.152s][info][gc,metaspace   ] GC(22) Metaspace: 17830K(18688K)->17830K(18688K) NonClass: 15776K(16384K)->15776K(16384K) Class: 2054K(2304K)->2054K(2304K)
[11.152s][info][gc             ] GC(22) Pause Full (System.gc()) 1202M->3M(2048M) 10.779ms
[11.152s][info][gc,cpu         ] GC(22) User=0.00s Sys=0.00s Real=0.00s
[11.484s][info][gc,start       ] GC(23) Pause Young (Normal) (G1 Evacuation Pause)
[11.484s][info][gc,task        ] GC(23) Using 6 workers of 6 for evacuation
[11.488s][info][gc,phases      ] GC(23)   Pre Evacuate Collection Set: 0.1ms
[11.488s][info][gc,phases      ] GC(23)   Evacuate Collection Set: 2.3ms
[11.488s][info][gc,phases      ] GC(23)   Post Evacuate Collection Set: 0.8ms
[11.488s][info][gc,phases      ] GC(23)   Other: 0.3ms
[11.488s][info][gc,heap        ] GC(23) Eden regions: 1228->0(1222)
[11.488s][info][gc,heap        ] GC(23) Survivor regions: 0->6(154)
[11.488s][info][gc,heap        ] GC(23) Old regions: 6->6
[11.488s][info][gc,heap        ] GC(23) Humongous regions: 0->0
[11.488s][info][gc,metaspace   ] GC(23) Metaspace: 17837K(18688K)->17837K(18688K) NonClass: 15783K(16384K)->15783K(16384K) Class: 2054K(2304K)->2054K(2304K)
[11.488s][info][gc             ] GC(23) Pause Young (Normal) (G1 Evacuation Pause) 1231M->9M(2048M) 3.572ms
[11.488s][info][gc,cpu         ] GC(23) User=0.02s Sys=0.00s Real=0.02s
[11.834s][info][gc,start       ] GC(24) Pause Young (Normal) (G1 Evacuation Pause)
[11.834s][info][gc,task        ] GC(24) Using 6 workers of 6 for evacuation
[11.839s][info][gc,phases      ] GC(24)   Pre Evacuate Collection Set: 0.0ms
[11.839s][info][gc,phases      ] GC(24)   Evacuate Collection Set: 3.1ms
[11.839s][info][gc,phases      ] GC(24)   Post Evacuate Collection Set: 1.0ms
[11.839s][info][gc,phases      ] GC(24)   Other: 0.2ms
[11.839s][info][gc,heap        ] GC(24) Eden regions: 1222->0(1220)
[11.839s][info][gc,heap        ] GC(24) Survivor regions: 6->8(154)
[11.839s][info][gc,heap        ] GC(24) Old regions: 6->6
[11.839s][info][gc,heap        ] GC(24) Humongous regions: 0->0
[11.839s][info][gc,metaspace   ] GC(24) Metaspace: 17837K(18688K)->17837K(18688K) NonClass: 15783K(16384K)->15783K(16384K) Class: 2054K(2304K)->2054K(2304K)
[11.839s][info][gc             ] GC(24) Pause Young (Normal) (G1 Evacuation Pause) 1231M->11M(2048M) 4.498ms
[11.839s][info][gc,cpu         ] GC(24) User=0.00s Sys=0.00s Real=0.00s
[12.340s][info][gc,start       ] GC(25) Pause Young (Normal) (G1 Evacuation Pause)
[12.340s][info][gc,task        ] GC(25) Using 6 workers of 6 for evacuation
[12.346s][info][gc,phases      ] GC(25)   Pre Evacuate Collection Set: 0.0ms
[12.346s][info][gc,phases      ] GC(25)   Evacuate Collection Set: 5.2ms
[12.346s][info][gc,phases      ] GC(25)   Post Evacuate Collection Set: 1.0ms
[12.346s][info][gc,phases      ] GC(25)   Other: 0.2ms
[12.346s][info][gc,heap        ] GC(25) Eden regions: 1220->0(1216)
[12.346s][info][gc,heap        ] GC(25) Survivor regions: 8->12(154)
[12.346s][info][gc,heap        ] GC(25) Old regions: 6->6
[12.346s][info][gc,heap        ] GC(25) Humongous regions: 0->0
[12.346s][info][gc,metaspace   ] GC(25) Metaspace: 17837K(18688K)->17837K(18688K) NonClass: 15783K(16384K)->15783K(16384K) Class: 2054K(2304K)->2054K(2304K)
[12.346s][info][gc             ] GC(25) Pause Young (Normal) (G1 Evacuation Pause) 1231M->15M(2048M) 6.526ms
[12.346s][info][gc,cpu         ] GC(25) User=0.00s Sys=0.00s Real=0.00s
[12.954s][info][gc,start       ] GC(26) Pause Young (Normal) (G1 Evacuation Pause)
[12.954s][info][gc,task        ] GC(26) Using 6 workers of 6 for evacuation
[12.965s][info][gc,phases      ] GC(26)   Pre Evacuate Collection Set: 0.0ms
[12.965s][info][gc,phases      ] GC(26)   Evacuate Collection Set: 10.5ms
[12.965s][info][gc,phases      ] GC(26)   Post Evacuate Collection Set: 0.9ms
[12.965s][info][gc,phases      ] GC(26)   Other: 0.2ms
[12.965s][info][gc,heap        ] GC(26) Eden regions: 1216->0(1203)
[12.965s][info][gc,heap        ] GC(26) Survivor regions: 12->25(154)
[12.965s][info][gc,heap        ] GC(26) Old regions: 6->6
[12.965s][info][gc,heap        ] GC(26) Humongous regions: 3->3
[12.965s][info][gc,metaspace   ] GC(26) Metaspace: 17837K(18688K)->17837K(18688K) NonClass: 15783K(16384K)->15783K(16384K) Class: 2054K(2304K)->2054K(2304K)
[12.965s][info][gc             ] GC(26) Pause Young (Normal) (G1 Evacuation Pause) 1234M->31M(2048M) 11.794ms
[12.965s][info][gc,cpu         ] GC(26) User=0.02s Sys=0.00s Real=0.02s
[13.539s][info][gc,start       ] GC(27) Pause Young (Normal) (G1 Evacuation Pause)
[13.539s][info][gc,task        ] GC(27) Using 6 workers of 6 for evacuation
[13.549s][info][gc,phases      ] GC(27)   Pre Evacuate Collection Set: 0.1ms
[13.550s][info][gc,phases      ] GC(27)   Evacuate Collection Set: 8.9ms
[13.550s][info][gc,phases      ] GC(27)   Post Evacuate Collection Set: 1.0ms
[13.550s][info][gc,phases      ] GC(27)   Other: 0.4ms
[13.550s][info][gc,heap        ] GC(27) Eden regions: 1203->0(1199)
[13.550s][info][gc,heap        ] GC(27) Survivor regions: 25->29(154)
[13.550s][info][gc,heap        ] GC(27) Old regions: 6->6
[13.550s][info][gc,heap        ] GC(27) Humongous regions: 3->3
[13.550s][info][gc,metaspace   ] GC(27) Metaspace: 17837K(18688K)->17837K(18688K) NonClass: 15783K(16384K)->15783K(16384K) Class: 2054K(2304K)->2054K(2304K)
[13.550s][info][gc             ] GC(27) Pause Young (Normal) (G1 Evacuation Pause) 1234M->35M(2048M) 10.409ms
[13.550s][info][gc,cpu         ] GC(27) User=0.02s Sys=0.00s Real=0.02s
[14.402s][info][gc,task        ] GC(28) Using 6 workers of 6 for full compaction
[14.402s][info][gc,start       ] GC(28) Pause Full (System.gc())
[14.403s][info][gc,phases,start] GC(28) Phase 1: Mark live objects
[14.405s][info][gc,stringtable ] GC(28) Cleaned string and symbol table, strings: 5635 processed, 0 removed, symbols: 53746 processed, 0 removed
[14.405s][info][gc,phases      ] GC(28) Phase 1: Mark live objects 2.538ms
[14.405s][info][gc,phases,start] GC(28) Phase 2: Prepare for compaction
[14.407s][info][gc,phases      ] GC(28) Phase 2: Prepare for compaction 2.120ms
[14.407s][info][gc,phases,start] GC(28) Phase 3: Adjust pointers
[14.409s][info][gc,phases      ] GC(28) Phase 3: Adjust pointers 1.768ms
[14.409s][info][gc,phases,start] GC(28) Phase 4: Compact heap
[14.412s][info][gc,phases      ] GC(28) Phase 4: Compact heap 2.590ms
[14.414s][info][gc,heap        ] GC(28) Eden regions: 1150->0(1228)
[14.414s][info][gc,heap        ] GC(28) Survivor regions: 29->0(154)
[14.414s][info][gc,heap        ] GC(28) Old regions: 6->6
[14.414s][info][gc,heap        ] GC(28) Humongous regions: 22->0
[14.414s][info][gc,metaspace   ] GC(28) Metaspace: 17837K(18688K)->17837K(18688K) NonClass: 15783K(16384K)->15783K(16384K) Class: 2054K(2304K)->2054K(2304K)
[14.414s][info][gc             ] GC(28) Pause Full (System.gc()) 1204M->3M(2048M) 11.662ms
[14.414s][info][gc,cpu         ] GC(28) User=0.00s Sys=0.00s Real=0.02s
[14.902s][info][gc,start       ] GC(29) Pause Young (Normal) (G1 Evacuation Pause)
[14.902s][info][gc,task        ] GC(29) Using 6 workers of 6 for evacuation
[14.905s][info][gc,phases      ] GC(29)   Pre Evacuate Collection Set: 0.0ms
[14.905s][info][gc,phases      ] GC(29)   Evacuate Collection Set: 2.1ms
[14.905s][info][gc,phases      ] GC(29)   Post Evacuate Collection Set: 0.9ms
[14.905s][info][gc,phases      ] GC(29)   Other: 0.2ms
[14.905s][info][gc,heap        ] GC(29) Eden regions: 1228->0(1222)
[14.905s][info][gc,heap        ] GC(29) Survivor regions: 0->6(154)
[14.905s][info][gc,heap        ] GC(29) Old regions: 6->6
[14.905s][info][gc,heap        ] GC(29) Humongous regions: 0->0
[14.905s][info][gc,metaspace   ] GC(29) Metaspace: 17843K(18688K)->17843K(18688K) NonClass: 15789K(16384K)->15789K(16384K) Class: 2054K(2304K)->2054K(2304K)
[14.905s][info][gc             ] GC(29) Pause Young (Normal) (G1 Evacuation Pause) 1231M->9M(2048M) 3.342ms
[14.905s][info][gc,cpu         ] GC(29) User=0.00s Sys=0.00s Real=0.00s
[15.310s][info][gc,start       ] GC(30) Pause Young (Normal) (G1 Evacuation Pause)
[15.311s][info][gc,task        ] GC(30) Using 6 workers of 6 for evacuation
[15.315s][info][gc,phases      ] GC(30)   Pre Evacuate Collection Set: 0.1ms
[15.315s][info][gc,phases      ] GC(30)   Evacuate Collection Set: 3.1ms
[15.315s][info][gc,phases      ] GC(30)   Post Evacuate Collection Set: 0.9ms
[15.315s][info][gc,phases      ] GC(30)   Other: 0.4ms
[15.315s][info][gc,heap        ] GC(30) Eden regions: 1222->0(1220)
[15.315s][info][gc,heap        ] GC(30) Survivor regions: 6->8(154)
[15.315s][info][gc,heap        ] GC(30) Old regions: 6->6
[15.315s][info][gc,heap        ] GC(30) Humongous regions: 0->0
[15.315s][info][gc,metaspace   ] GC(30) Metaspace: 17843K(18688K)->17843K(18688K) NonClass: 15789K(16384K)->15789K(16384K) Class: 2054K(2304K)->2054K(2304K)
[15.315s][info][gc             ] GC(30) Pause Young (Normal) (G1 Evacuation Pause) 1231M->11M(2048M) 4.559ms
[15.315s][info][gc,cpu         ] GC(30) User=0.00s Sys=0.00s Real=0.00s
[15.870s][info][gc,start       ] GC(31) Pause Young (Normal) (G1 Evacuation Pause)
[15.870s][info][gc,task        ] GC(31) Using 6 workers of 6 for evacuation
[15.876s][info][gc,phases      ] GC(31)   Pre Evacuate Collection Set: 0.1ms
[15.876s][info][gc,phases      ] GC(31)   Evacuate Collection Set: 5.2ms
[15.876s][info][gc,phases      ] GC(31)   Post Evacuate Collection Set: 1.0ms
[15.877s][info][gc,phases      ] GC(31)   Other: 0.4ms
[15.877s][info][gc,heap        ] GC(31) Eden regions: 1220->0(1216)
[15.877s][info][gc,heap        ] GC(31) Survivor regions: 8->12(154)
[15.877s][info][gc,heap        ] GC(31) Old regions: 6->6
[15.877s][info][gc,heap        ] GC(31) Humongous regions: 0->0
[15.877s][info][gc,metaspace   ] GC(31) Metaspace: 17843K(18688K)->17843K(18688K) NonClass: 15789K(16384K)->15789K(16384K) Class: 2054K(2304K)->2054K(2304K)
[15.877s][info][gc             ] GC(31) Pause Young (Normal) (G1 Evacuation Pause) 1231M->15M(2048M) 6.641ms
[15.877s][info][gc,cpu         ] GC(31) User=0.02s Sys=0.00s Real=0.01s
[16.486s][info][gc,start       ] GC(32) Pause Young (Normal) (G1 Evacuation Pause)
[16.486s][info][gc,task        ] GC(32) Using 6 workers of 6 for evacuation
[16.498s][info][gc,phases      ] GC(32)   Pre Evacuate Collection Set: 0.0ms
[16.498s][info][gc,phases      ] GC(32)   Evacuate Collection Set: 11.2ms
[16.498s][info][gc,phases      ] GC(32)   Post Evacuate Collection Set: 0.9ms
[16.498s][info][gc,phases      ] GC(32)   Other: 0.3ms
[16.498s][info][gc,heap        ] GC(32) Eden regions: 1216->0(1203)
[16.498s][info][gc,heap        ] GC(32) Survivor regions: 12->25(154)
[16.498s][info][gc,heap        ] GC(32) Old regions: 6->6
[16.498s][info][gc,heap        ] GC(32) Humongous regions: 3->3
[16.498s][info][gc,metaspace   ] GC(32) Metaspace: 17843K(18688K)->17843K(18688K) NonClass: 15789K(16384K)->15789K(16384K) Class: 2054K(2304K)->2054K(2304K)
[16.498s][info][gc             ] GC(32) Pause Young (Normal) (G1 Evacuation Pause) 1234M->31M(2048M) 12.581ms
[16.498s][info][gc,cpu         ] GC(32) User=0.02s Sys=0.00s Real=0.01s
[17.070s][info][gc,start       ] GC(33) Pause Young (Normal) (G1 Evacuation Pause)
[17.070s][info][gc,task        ] GC(33) Using 6 workers of 6 for evacuation
[17.081s][info][gc,phases      ] GC(33)   Pre Evacuate Collection Set: 0.0ms
[17.081s][info][gc,phases      ] GC(33)   Evacuate Collection Set: 9.0ms
[17.081s][info][gc,phases      ] GC(33)   Post Evacuate Collection Set: 1.0ms
[17.081s][info][gc,phases      ] GC(33)   Other: 0.4ms
[17.081s][info][gc,heap        ] GC(33) Eden regions: 1203->0(1199)
[17.081s][info][gc,heap        ] GC(33) Survivor regions: 25->29(154)
[17.081s][info][gc,heap        ] GC(33) Old regions: 6->6
[17.081s][info][gc,heap        ] GC(33) Humongous regions: 3->3
[17.081s][info][gc,metaspace   ] GC(33) Metaspace: 17843K(18688K)->17843K(18688K) NonClass: 15789K(16384K)->15789K(16384K) Class: 2054K(2304K)->2054K(2304K)
[17.081s][info][gc             ] GC(33) Pause Young (Normal) (G1 Evacuation Pause) 1234M->35M(2048M) 10.518ms
[17.081s][info][gc,cpu         ] GC(33) User=0.02s Sys=0.00s Real=0.02s
[17.934s][info][gc,task        ] GC(34) Using 6 workers of 6 for full compaction
[17.934s][info][gc,start       ] GC(34) Pause Full (System.gc())
[17.934s][info][gc,phases,start] GC(34) Phase 1: Mark live objects
[17.937s][info][gc,stringtable ] GC(34) Cleaned string and symbol table, strings: 5635 processed, 0 removed, symbols: 53746 processed, 0 removed
[17.937s][info][gc,phases      ] GC(34) Phase 1: Mark live objects 2.401ms
[17.937s][info][gc,phases,start] GC(34) Phase 2: Prepare for compaction
[17.939s][info][gc,phases      ] GC(34) Phase 2: Prepare for compaction 2.438ms
[17.939s][info][gc,phases,start] GC(34) Phase 3: Adjust pointers
[17.941s][info][gc,phases      ] GC(34) Phase 3: Adjust pointers 1.718ms
[17.941s][info][gc,phases,start] GC(34) Phase 4: Compact heap
[17.943s][info][gc,phases      ] GC(34) Phase 4: Compact heap 1.982ms
[17.944s][info][gc,heap        ] GC(34) Eden regions: 1150->0(1228)
[17.945s][info][gc,heap        ] GC(34) Survivor regions: 29->0(154)
[17.945s][info][gc,heap        ] GC(34) Old regions: 6->6
[17.945s][info][gc,heap        ] GC(34) Humongous regions: 22->0
[17.945s][info][gc,metaspace   ] GC(34) Metaspace: 17844K(18688K)->17844K(18688K) NonClass: 15790K(16384K)->15790K(16384K) Class: 2054K(2304K)->2054K(2304K)
[17.945s][info][gc             ] GC(34) Pause Full (System.gc()) 1204M->3M(2048M) 10.546ms
[17.945s][info][gc,cpu         ] GC(34) User=0.00s Sys=0.00s Real=0.02s
[18.367s][info][gc,start       ] GC(35) Pause Young (Normal) (G1 Evacuation Pause)
[18.367s][info][gc,task        ] GC(35) Using 6 workers of 6 for evacuation
[18.370s][info][gc,phases      ] GC(35)   Pre Evacuate Collection Set: 0.1ms
[18.370s][info][gc,phases      ] GC(35)   Evacuate Collection Set: 2.0ms
[18.370s][info][gc,phases      ] GC(35)   Post Evacuate Collection Set: 0.9ms
[18.370s][info][gc,phases      ] GC(35)   Other: 0.3ms
[18.370s][info][gc,heap        ] GC(35) Eden regions: 1228->0(1223)
[18.370s][info][gc,heap        ] GC(35) Survivor regions: 0->5(154)
[18.370s][info][gc,heap        ] GC(35) Old regions: 6->6
[18.370s][info][gc,heap        ] GC(35) Humongous regions: 0->0
[18.370s][info][gc,metaspace   ] GC(35) Metaspace: 17855K(18688K)->17855K(18688K) NonClass: 15801K(16384K)->15801K(16384K) Class: 2054K(2304K)->2054K(2304K)
[18.370s][info][gc             ] GC(35) Pause Young (Normal) (G1 Evacuation Pause) 1231M->8M(2048M) 3.290ms
[18.370s][info][gc,cpu         ] GC(35) User=0.00s Sys=0.00s Real=0.00s
[18.752s][info][gc,start       ] GC(36) Pause Young (Normal) (G1 Evacuation Pause)
[18.752s][info][gc,task        ] GC(36) Using 6 workers of 6 for evacuation
[18.757s][info][gc,phases      ] GC(36)   Pre Evacuate Collection Set: 0.1ms
[18.757s][info][gc,phases      ] GC(36)   Evacuate Collection Set: 3.9ms
[18.757s][info][gc,phases      ] GC(36)   Post Evacuate Collection Set: 0.9ms
[18.757s][info][gc,phases      ] GC(36)   Other: 0.3ms
[18.757s][info][gc,heap        ] GC(36) Eden regions: 1223->0(1220)
[18.757s][info][gc,heap        ] GC(36) Survivor regions: 5->8(154)
[18.757s][info][gc,heap        ] GC(36) Old regions: 6->6
[18.757s][info][gc,heap        ] GC(36) Humongous regions: 0->0
[18.757s][info][gc,metaspace   ] GC(36) Metaspace: 17855K(18688K)->17855K(18688K) NonClass: 15801K(16384K)->15801K(16384K) Class: 2054K(2304K)->2054K(2304K)
[18.757s][info][gc             ] GC(36) Pause Young (Normal) (G1 Evacuation Pause) 1231M->11M(2048M) 5.193ms
[18.757s][info][gc,cpu         ] GC(36) User=0.02s Sys=0.00s Real=0.02s
[19.311s][info][gc,start       ] GC(37) Pause Young (Normal) (G1 Evacuation Pause)
[19.311s][info][gc,task        ] GC(37) Using 6 workers of 6 for evacuation
[19.317s][info][gc,phases      ] GC(37)   Pre Evacuate Collection Set: 0.0ms
[19.317s][info][gc,phases      ] GC(37)   Evacuate Collection Set: 5.3ms
[19.317s][info][gc,phases      ] GC(37)   Post Evacuate Collection Set: 1.0ms
[19.317s][info][gc,phases      ] GC(37)   Other: 0.3ms
[19.317s][info][gc,heap        ] GC(37) Eden regions: 1220->0(1216)
[19.317s][info][gc,heap        ] GC(37) Survivor regions: 8->12(154)
[19.317s][info][gc,heap        ] GC(37) Old regions: 6->6
[19.317s][info][gc,heap        ] GC(37) Humongous regions: 0->0
[19.317s][info][gc,metaspace   ] GC(37) Metaspace: 17855K(18688K)->17855K(18688K) NonClass: 15801K(16384K)->15801K(16384K) Class: 2054K(2304K)->2054K(2304K)
[19.317s][info][gc             ] GC(37) Pause Young (Normal) (G1 Evacuation Pause) 1231M->15M(2048M) 6.668ms
[19.317s][info][gc,cpu         ] GC(37) User=0.00s Sys=0.00s Real=0.00s
[19.934s][info][gc,start       ] GC(38) Pause Young (Normal) (G1 Evacuation Pause)
[19.934s][info][gc,task        ] GC(38) Using 6 workers of 6 for evacuation
[19.945s][info][gc,phases      ] GC(38)   Pre Evacuate Collection Set: 0.1ms
[19.945s][info][gc,phases      ] GC(38)   Evacuate Collection Set: 10.3ms
[19.945s][info][gc,phases      ] GC(38)   Post Evacuate Collection Set: 0.9ms
[19.945s][info][gc,phases      ] GC(38)   Other: 0.4ms
[19.945s][info][gc,heap        ] GC(38) Eden regions: 1216->0(1203)
[19.945s][info][gc,heap        ] GC(38) Survivor regions: 12->25(154)
[19.945s][info][gc,heap        ] GC(38) Old regions: 6->6
[19.945s][info][gc,heap        ] GC(38) Humongous regions: 3->3
[19.945s][info][gc,metaspace   ] GC(38) Metaspace: 17855K(18688K)->17855K(18688K) NonClass: 15801K(16384K)->15801K(16384K) Class: 2054K(2304K)->2054K(2304K)
[19.945s][info][gc             ] GC(38) Pause Young (Normal) (G1 Evacuation Pause) 1234M->31M(2048M) 11.671ms
[19.945s][info][gc,cpu         ] GC(38) User=0.00s Sys=0.00s Real=0.00s
[20.521s][info][gc,start       ] GC(39) Pause Young (Normal) (G1 Evacuation Pause)
[20.521s][info][gc,task        ] GC(39) Using 6 workers of 6 for evacuation
[20.531s][info][gc,phases      ] GC(39)   Pre Evacuate Collection Set: 0.1ms
[20.531s][info][gc,phases      ] GC(39)   Evacuate Collection Set: 8.8ms
[20.531s][info][gc,phases      ] GC(39)   Post Evacuate Collection Set: 1.1ms
[20.531s][info][gc,phases      ] GC(39)   Other: 0.4ms
[20.531s][info][gc,heap        ] GC(39) Eden regions: 1203->0(1199)
[20.531s][info][gc,heap        ] GC(39) Survivor regions: 25->29(154)
[20.531s][info][gc,heap        ] GC(39) Old regions: 6->6
[20.531s][info][gc,heap        ] GC(39) Humongous regions: 3->3
[20.531s][info][gc,metaspace   ] GC(39) Metaspace: 17855K(18688K)->17855K(18688K) NonClass: 15801K(16384K)->15801K(16384K) Class: 2054K(2304K)->2054K(2304K)
[20.531s][info][gc             ] GC(39) Pause Young (Normal) (G1 Evacuation Pause) 1234M->35M(2048M) 10.426ms
[20.531s][info][gc,cpu         ] GC(39) User=0.02s Sys=0.00s Real=0.01s
[21.380s][info][gc,task        ] GC(40) Using 6 workers of 6 for full compaction
[21.380s][info][gc,start       ] GC(40) Pause Full (System.gc())
[21.380s][info][gc,phases,start] GC(40) Phase 1: Mark live objects
[21.383s][info][gc,stringtable ] GC(40) Cleaned string and symbol table, strings: 5635 processed, 0 removed, symbols: 53746 processed, 0 removed
[21.383s][info][gc,phases      ] GC(40) Phase 1: Mark live objects 2.429ms
[21.383s][info][gc,phases,start] GC(40) Phase 2: Prepare for compaction
[21.385s][info][gc,phases      ] GC(40) Phase 2: Prepare for compaction 2.072ms
[21.385s][info][gc,phases,start] GC(40) Phase 3: Adjust pointers
[21.387s][info][gc,phases      ] GC(40) Phase 3: Adjust pointers 1.822ms
[21.387s][info][gc,phases,start] GC(40) Phase 4: Compact heap
[21.389s][info][gc,phases      ] GC(40) Phase 4: Compact heap 2.162ms
[21.391s][info][gc,heap        ] GC(40) Eden regions: 1149->0(1228)
[21.391s][info][gc,heap        ] GC(40) Survivor regions: 29->0(154)
[21.391s][info][gc,heap        ] GC(40) Old regions: 6->6
[21.391s][info][gc,heap        ] GC(40) Humongous regions: 22->0
[21.391s][info][gc,metaspace   ] GC(40) Metaspace: 17855K(18688K)->17855K(18688K) NonClass: 15801K(16384K)->15801K(16384K) Class: 2054K(2304K)->2054K(2304K)
[21.391s][info][gc             ] GC(40) Pause Full (System.gc()) 1203M->3M(2048M) 10.774ms
[21.391s][info][gc,cpu         ] GC(40) User=0.00s Sys=0.00s Real=0.00s
[21.799s][info][gc,start       ] GC(41) Pause Young (Normal) (G1 Evacuation Pause)
[21.799s][info][gc,task        ] GC(41) Using 6 workers of 6 for evacuation
[21.803s][info][gc,phases      ] GC(41)   Pre Evacuate Collection Set: 0.1ms
[21.803s][info][gc,phases      ] GC(41)   Evacuate Collection Set: 2.1ms
[21.803s][info][gc,phases      ] GC(41)   Post Evacuate Collection Set: 0.9ms
[21.803s][info][gc,phases      ] GC(41)   Other: 0.3ms
[21.803s][info][gc,heap        ] GC(41) Eden regions: 1228->0(1222)
[21.803s][info][gc,heap        ] GC(41) Survivor regions: 0->6(154)
[21.803s][info][gc,heap        ] GC(41) Old regions: 6->6
[21.803s][info][gc,heap        ] GC(41) Humongous regions: 0->0
[21.803s][info][gc,metaspace   ] GC(41) Metaspace: 17858K(18688K)->17858K(18688K) NonClass: 15803K(16384K)->15803K(16384K) Class: 2054K(2304K)->2054K(2304K)
[21.803s][info][gc             ] GC(41) Pause Young (Normal) (G1 Evacuation Pause) 1231M->9M(2048M) 3.432ms
[21.803s][info][gc,cpu         ] GC(41) User=0.00s Sys=0.00s Real=0.02s
[22.215s][info][gc,start       ] GC(42) Pause Young (Normal) (G1 Evacuation Pause)
[22.215s][info][gc,task        ] GC(42) Using 6 workers of 6 for evacuation
[22.220s][info][gc,phases      ] GC(42)   Pre Evacuate Collection Set: 0.1ms
[22.220s][info][gc,phases      ] GC(42)   Evacuate Collection Set: 3.1ms
[22.220s][info][gc,phases      ] GC(42)   Post Evacuate Collection Set: 0.9ms
[22.220s][info][gc,phases      ] GC(42)   Other: 0.3ms
[22.220s][info][gc,heap        ] GC(42) Eden regions: 1222->0(1220)
[22.220s][info][gc,heap        ] GC(42) Survivor regions: 6->8(154)
[22.220s][info][gc,heap        ] GC(42) Old regions: 6->6
[22.220s][info][gc,heap        ] GC(42) Humongous regions: 0->0
[22.220s][info][gc,metaspace   ] GC(42) Metaspace: 17858K(18688K)->17858K(18688K) NonClass: 15803K(16384K)->15803K(16384K) Class: 2054K(2304K)->2054K(2304K)
[22.220s][info][gc             ] GC(42) Pause Young (Normal) (G1 Evacuation Pause) 1231M->11M(2048M) 4.479ms
[22.220s][info][gc,cpu         ] GC(42) User=0.00s Sys=0.00s Real=0.00s
[22.728s][info][gc,start       ] GC(43) Pause Young (Normal) (G1 Evacuation Pause)
[22.728s][info][gc,task        ] GC(43) Using 6 workers of 6 for evacuation
[22.735s][info][gc,phases      ] GC(43)   Pre Evacuate Collection Set: 0.1ms
[22.735s][info][gc,phases      ] GC(43)   Evacuate Collection Set: 5.1ms
[22.735s][info][gc,phases      ] GC(43)   Post Evacuate Collection Set: 1.0ms
[22.735s][info][gc,phases      ] GC(43)   Other: 0.4ms
[22.735s][info][gc,heap        ] GC(43) Eden regions: 1220->0(1216)
[22.735s][info][gc,heap        ] GC(43) Survivor regions: 8->12(154)
[22.735s][info][gc,heap        ] GC(43) Old regions: 6->6
[22.735s][info][gc,heap        ] GC(43) Humongous regions: 0->0
[22.735s][info][gc,metaspace   ] GC(43) Metaspace: 17858K(18688K)->17858K(18688K) NonClass: 15803K(16384K)->15803K(16384K) Class: 2054K(2304K)->2054K(2304K)
[22.735s][info][gc             ] GC(43) Pause Young (Normal) (G1 Evacuation Pause) 1231M->15M(2048M) 6.595ms
[22.735s][info][gc,cpu         ] GC(43) User=0.00s Sys=0.00s Real=0.00s
[23.343s][info][gc,start       ] GC(44) Pause Young (Normal) (G1 Evacuation Pause)
[23.343s][info][gc,task        ] GC(44) Using 6 workers of 6 for evacuation
[23.355s][info][gc,phases      ] GC(44)   Pre Evacuate Collection Set: 0.0ms
[23.355s][info][gc,phases      ] GC(44)   Evacuate Collection Set: 10.4ms
[23.355s][info][gc,phases      ] GC(44)   Post Evacuate Collection Set: 0.9ms
[23.355s][info][gc,phases      ] GC(44)   Other: 0.2ms
[23.355s][info][gc,heap        ] GC(44) Eden regions: 1216->0(1203)
[23.355s][info][gc,heap        ] GC(44) Survivor regions: 12->25(154)
[23.355s][info][gc,heap        ] GC(44) Old regions: 6->6
[23.355s][info][gc,heap        ] GC(44) Humongous regions: 3->3
[23.355s][info][gc,metaspace   ] GC(44) Metaspace: 17858K(18688K)->17858K(18688K) NonClass: 15803K(16384K)->15803K(16384K) Class: 2054K(2304K)->2054K(2304K)
[23.355s][info][gc             ] GC(44) Pause Young (Normal) (G1 Evacuation Pause) 1234M->31M(2048M) 11.627ms
[23.355s][info][gc,cpu         ] GC(44) User=0.00s Sys=0.00s Real=0.00s
[23.928s][info][gc,start       ] GC(45) Pause Young (Normal) (G1 Evacuation Pause)
[23.928s][info][gc,task        ] GC(45) Using 6 workers of 6 for evacuation
[23.938s][info][gc,phases      ] GC(45)   Pre Evacuate Collection Set: 0.0ms
[23.938s][info][gc,phases      ] GC(45)   Evacuate Collection Set: 8.7ms
[23.938s][info][gc,phases      ] GC(45)   Post Evacuate Collection Set: 1.0ms
[23.938s][info][gc,phases      ] GC(45)   Other: 0.2ms
[23.938s][info][gc,heap        ] GC(45) Eden regions: 1203->0(1199)
[23.938s][info][gc,heap        ] GC(45) Survivor regions: 25->29(154)
[23.938s][info][gc,heap        ] GC(45) Old regions: 6->6
[23.938s][info][gc,heap        ] GC(45) Humongous regions: 3->3
[23.938s][info][gc,metaspace   ] GC(45) Metaspace: 17858K(18688K)->17858K(18688K) NonClass: 15803K(16384K)->15803K(16384K) Class: 2054K(2304K)->2054K(2304K)
[23.938s][info][gc             ] GC(45) Pause Young (Normal) (G1 Evacuation Pause) 1234M->35M(2048M) 9.985ms
[23.938s][info][gc,cpu         ] GC(45) User=0.02s Sys=0.00s Real=0.02s
[24.792s][info][gc,task        ] GC(46) Using 6 workers of 6 for full compaction
[24.792s][info][gc,start       ] GC(46) Pause Full (System.gc())
[24.792s][info][gc,phases,start] GC(46) Phase 1: Mark live objects
[24.794s][info][gc,stringtable ] GC(46) Cleaned string and symbol table, strings: 5635 processed, 0 removed, symbols: 53747 processed, 0 removed
[24.794s][info][gc,phases      ] GC(46) Phase 1: Mark live objects 2.319ms
[24.794s][info][gc,phases,start] GC(46) Phase 2: Prepare for compaction
[24.797s][info][gc,phases      ] GC(46) Phase 2: Prepare for compaction 2.252ms
[24.797s][info][gc,phases,start] GC(46) Phase 3: Adjust pointers
[24.798s][info][gc,phases      ] GC(46) Phase 3: Adjust pointers 1.689ms
[24.798s][info][gc,phases,start] GC(46) Phase 4: Compact heap
[24.801s][info][gc,phases      ] GC(46) Phase 4: Compact heap 2.386ms
[24.803s][info][gc,heap        ] GC(46) Eden regions: 1150->0(1228)
[24.803s][info][gc,heap        ] GC(46) Survivor regions: 29->0(154)
[24.803s][info][gc,heap        ] GC(46) Old regions: 6->6
[24.803s][info][gc,heap        ] GC(46) Humongous regions: 22->0
[24.803s][info][gc,metaspace   ] GC(46) Metaspace: 17861K(18688K)->17861K(18688K) NonClass: 15806K(16384K)->15806K(16384K) Class: 2054K(2304K)->2054K(2304K)
[24.803s][info][gc             ] GC(46) Pause Full (System.gc()) 1204M->3M(2048M) 11.178ms
[24.803s][info][gc,cpu         ] GC(46) User=0.00s Sys=0.00s Real=0.01s
[25.267s][info][gc,start       ] GC(47) Pause Young (Normal) (G1 Evacuation Pause)
[25.267s][info][gc,task        ] GC(47) Using 6 workers of 6 for evacuation
[25.270s][info][gc,phases      ] GC(47)   Pre Evacuate Collection Set: 0.0ms
[25.271s][info][gc,phases      ] GC(47)   Evacuate Collection Set: 1.9ms
[25.271s][info][gc,phases      ] GC(47)   Post Evacuate Collection Set: 1.0ms
[25.271s][info][gc,phases      ] GC(47)   Other: 0.2ms
[25.271s][info][gc,heap        ] GC(47) Eden regions: 1228->0(1222)
[25.271s][info][gc,heap        ] GC(47) Survivor regions: 0->6(154)
[25.271s][info][gc,heap        ] GC(47) Old regions: 6->6
[25.271s][info][gc,heap        ] GC(47) Humongous regions: 0->0
[25.271s][info][gc,metaspace   ] GC(47) Metaspace: 17872K(18688K)->17872K(18688K) NonClass: 15818K(16384K)->15818K(16384K) Class: 2054K(2304K)->2054K(2304K)
[25.271s][info][gc             ] GC(47) Pause Young (Normal) (G1 Evacuation Pause) 1231M->9M(2048M) 3.268ms
[25.271s][info][gc,cpu         ] GC(47) User=0.00s Sys=0.00s Real=0.00s
[25.739s][info][gc,start       ] GC(48) Pause Young (Normal) (G1 Evacuation Pause)
[25.739s][info][gc,task        ] GC(48) Using 6 workers of 6 for evacuation
[25.743s][info][gc,phases      ] GC(48)   Pre Evacuate Collection Set: 0.0ms
[25.743s][info][gc,phases      ] GC(48)   Evacuate Collection Set: 3.1ms
[25.743s][info][gc,phases      ] GC(48)   Post Evacuate Collection Set: 1.2ms
[25.743s][info][gc,phases      ] GC(48)   Other: 0.3ms
[25.743s][info][gc,heap        ] GC(48) Eden regions: 1222->0(1220)
[25.743s][info][gc,heap        ] GC(48) Survivor regions: 6->8(154)
[25.743s][info][gc,heap        ] GC(48) Old regions: 6->6
[25.743s][info][gc,heap        ] GC(48) Humongous regions: 0->0
[25.743s][info][gc,metaspace   ] GC(48) Metaspace: 17872K(18688K)->17872K(18688K) NonClass: 15818K(16384K)->15818K(16384K) Class: 2054K(2304K)->2054K(2304K)
[25.743s][info][gc             ] GC(48) Pause Young (Normal) (G1 Evacuation Pause) 1231M->11M(2048M) 4.850ms
[25.743s][info][gc,cpu         ] GC(48) User=0.00s Sys=0.00s Real=0.02s
[26.268s][info][gc,start       ] GC(49) Pause Young (Normal) (G1 Evacuation Pause)
[26.268s][info][gc,task        ] GC(49) Using 6 workers of 6 for evacuation
[26.274s][info][gc,phases      ] GC(49)   Pre Evacuate Collection Set: 0.1ms
[26.274s][info][gc,phases      ] GC(49)   Evacuate Collection Set: 5.2ms
[26.274s][info][gc,phases      ] GC(49)   Post Evacuate Collection Set: 1.0ms
[26.274s][info][gc,phases      ] GC(49)   Other: 0.4ms
[26.274s][info][gc,heap        ] GC(49) Eden regions: 1220->0(1216)
[26.274s][info][gc,heap        ] GC(49) Survivor regions: 8->12(154)
[26.274s][info][gc,heap        ] GC(49) Old regions: 6->6
[26.274s][info][gc,heap        ] GC(49) Humongous regions: 0->0
[26.274s][info][gc,metaspace   ] GC(49) Metaspace: 17872K(18688K)->17872K(18688K) NonClass: 15818K(16384K)->15818K(16384K) Class: 2054K(2304K)->2054K(2304K)
[26.274s][info][gc             ] GC(49) Pause Young (Normal) (G1 Evacuation Pause) 1231M->15M(2048M) 6.713ms
[26.275s][info][gc,cpu         ] GC(49) User=0.00s Sys=0.00s Real=0.00s
[26.883s][info][gc,start       ] GC(50) Pause Young (Normal) (G1 Evacuation Pause)
[26.883s][info][gc,task        ] GC(50) Using 6 workers of 6 for evacuation
[26.896s][info][gc,phases      ] GC(50)   Pre Evacuate Collection Set: 0.0ms
[26.896s][info][gc,phases      ] GC(50)   Evacuate Collection Set: 11.3ms
[26.896s][info][gc,phases      ] GC(50)   Post Evacuate Collection Set: 0.8ms
[26.896s][info][gc,phases      ] GC(50)   Other: 0.2ms
[26.896s][info][gc,heap        ] GC(50) Eden regions: 1216->0(1203)
[26.896s][info][gc,heap        ] GC(50) Survivor regions: 12->25(154)
[26.896s][info][gc,heap        ] GC(50) Old regions: 6->6
[26.896s][info][gc,heap        ] GC(50) Humongous regions: 3->3
[26.896s][info][gc,metaspace   ] GC(50) Metaspace: 17872K(18688K)->17872K(18688K) NonClass: 15818K(16384K)->15818K(16384K) Class: 2054K(2304K)->2054K(2304K)
[26.896s][info][gc             ] GC(50) Pause Young (Normal) (G1 Evacuation Pause) 1234M->31M(2048M) 12.454ms
[26.896s][info][gc,cpu         ] GC(50) User=0.03s Sys=0.00s Real=0.02s
[27.468s][info][gc,start       ] GC(51) Pause Young (Normal) (G1 Evacuation Pause)
[27.468s][info][gc,task        ] GC(51) Using 6 workers of 6 for evacuation
[27.478s][info][gc,phases      ] GC(51)   Pre Evacuate Collection Set: 0.0ms
[27.479s][info][gc,phases      ] GC(51)   Evacuate Collection Set: 9.0ms
[27.479s][info][gc,phases      ] GC(51)   Post Evacuate Collection Set: 1.1ms
[27.479s][info][gc,phases      ] GC(51)   Other: 0.2ms
[27.479s][info][gc,heap        ] GC(51) Eden regions: 1203->0(1199)
[27.479s][info][gc,heap        ] GC(51) Survivor regions: 25->29(154)
[27.479s][info][gc,heap        ] GC(51) Old regions: 6->6
[27.479s][info][gc,heap        ] GC(51) Humongous regions: 3->3
[27.479s][info][gc,metaspace   ] GC(51) Metaspace: 17872K(18688K)->17872K(18688K) NonClass: 15818K(16384K)->15818K(16384K) Class: 2054K(2304K)->2054K(2304K)
[27.479s][info][gc             ] GC(51) Pause Young (Normal) (G1 Evacuation Pause) 1234M->35M(2048M) 10.467ms
[27.479s][info][gc,cpu         ] GC(51) User=0.02s Sys=0.00s Real=0.02s
[28.327s][info][gc,task        ] GC(52) Using 6 workers of 6 for full compaction
[28.327s][info][gc,start       ] GC(52) Pause Full (System.gc())
[28.327s][info][gc,phases,start] GC(52) Phase 1: Mark live objects
[28.330s][info][gc,stringtable ] GC(52) Cleaned string and symbol table, strings: 5635 processed, 0 removed, symbols: 53747 processed, 0 removed
[28.330s][info][gc,phases      ] GC(52) Phase 1: Mark live objects 2.558ms
[28.330s][info][gc,phases,start] GC(52) Phase 2: Prepare for compaction
[28.332s][info][gc,phases      ] GC(52) Phase 2: Prepare for compaction 2.233ms
[28.332s][info][gc,phases,start] GC(52) Phase 3: Adjust pointers
[28.335s][info][gc,phases      ] GC(52) Phase 3: Adjust pointers 2.538ms
[28.335s][info][gc,phases,start] GC(52) Phase 4: Compact heap
[28.337s][info][gc,phases      ] GC(52) Phase 4: Compact heap 2.079ms
[28.339s][info][gc,heap        ] GC(52) Eden regions: 1150->0(1228)
[28.339s][info][gc,heap        ] GC(52) Survivor regions: 29->0(154)
[28.339s][info][gc,heap        ] GC(52) Old regions: 6->7
[28.339s][info][gc,heap        ] GC(52) Humongous regions: 22->0
[28.339s][info][gc,metaspace   ] GC(52) Metaspace: 17876K(18688K)->17876K(18688K) NonClass: 15822K(16384K)->15822K(16384K) Class: 2054K(2304K)->2054K(2304K)
[28.339s][info][gc             ] GC(52) Pause Full (System.gc()) 1204M->3M(2048M) 11.549ms
[28.339s][info][gc,cpu         ] GC(52) User=0.00s Sys=0.00s Real=0.02s
[28.807s][info][gc,start       ] GC(53) Pause Young (Normal) (G1 Evacuation Pause)
[28.807s][info][gc,task        ] GC(53) Using 6 workers of 6 for evacuation
[28.810s][info][gc,phases      ] GC(53)   Pre Evacuate Collection Set: 0.1ms
[28.810s][info][gc,phases      ] GC(53)   Evacuate Collection Set: 2.2ms
[28.810s][info][gc,phases      ] GC(53)   Post Evacuate Collection Set: 0.9ms
[28.810s][info][gc,phases      ] GC(53)   Other: 0.3ms
[28.810s][info][gc,heap        ] GC(53) Eden regions: 1228->0(1223)
[28.810s][info][gc,heap        ] GC(53) Survivor regions: 0->5(154)
[28.810s][info][gc,heap        ] GC(53) Old regions: 7->7
[28.810s][info][gc,heap        ] GC(53) Humongous regions: 0->0
[28.810s][info][gc,metaspace   ] GC(53) Metaspace: 17884K(18688K)->17884K(18688K) NonClass: 15830K(16384K)->15830K(16384K) Class: 2054K(2304K)->2054K(2304K)
[28.810s][info][gc             ] GC(53) Pause Young (Normal) (G1 Evacuation Pause) 1231M->8M(2048M) 3.540ms
[28.810s][info][gc,cpu         ] GC(53) User=0.00s Sys=0.00s Real=0.00s
[29.196s][info][gc,start       ] GC(54) Pause Young (Normal) (G1 Evacuation Pause)
[29.196s][info][gc,task        ] GC(54) Using 6 workers of 6 for evacuation
[29.200s][info][gc,phases      ] GC(54)   Pre Evacuate Collection Set: 0.0ms
[29.200s][info][gc,phases      ] GC(54)   Evacuate Collection Set: 3.2ms
[29.200s][info][gc,phases      ] GC(54)   Post Evacuate Collection Set: 0.9ms
[29.200s][info][gc,phases      ] GC(54)   Other: 0.2ms
[29.200s][info][gc,heap        ] GC(54) Eden regions: 1223->0(1220)
[29.200s][info][gc,heap        ] GC(54) Survivor regions: 5->8(154)
[29.200s][info][gc,heap        ] GC(54) Old regions: 7->7
[29.200s][info][gc,heap        ] GC(54) Humongous regions: 0->0
[29.200s][info][gc,metaspace   ] GC(54) Metaspace: 17884K(18688K)->17884K(18688K) NonClass: 15830K(16384K)->15830K(16384K) Class: 2054K(2304K)->2054K(2304K)
[29.200s][info][gc             ] GC(54) Pause Young (Normal) (G1 Evacuation Pause) 1231M->11M(2048M) 4.368ms
[29.200s][info][gc,cpu         ] GC(54) User=0.02s Sys=0.00s Real=0.02s
[29.737s][info][gc,start       ] GC(55) Pause Young (Normal) (G1 Evacuation Pause)
[29.737s][info][gc,task        ] GC(55) Using 6 workers of 6 for evacuation
[29.744s][info][gc,phases      ] GC(55)   Pre Evacuate Collection Set: 0.1ms
[29.744s][info][gc,phases      ] GC(55)   Evacuate Collection Set: 5.3ms
[29.744s][info][gc,phases      ] GC(55)   Post Evacuate Collection Set: 1.0ms
[29.744s][info][gc,phases      ] GC(55)   Other: 0.4ms
[29.744s][info][gc,heap        ] GC(55) Eden regions: 1220->0(1216)
[29.744s][info][gc,heap        ] GC(55) Survivor regions: 8->12(154)
[29.744s][info][gc,heap        ] GC(55) Old regions: 7->7
[29.744s][info][gc,heap        ] GC(55) Humongous regions: 0->0
[29.744s][info][gc,metaspace   ] GC(55) Metaspace: 17884K(18688K)->17884K(18688K) NonClass: 15830K(16384K)->15830K(16384K) Class: 2054K(2304K)->2054K(2304K)
[29.744s][info][gc             ] GC(55) Pause Young (Normal) (G1 Evacuation Pause) 1231M->15M(2048M) 6.780ms
[29.744s][info][gc,cpu         ] GC(55) User=0.00s Sys=0.00s Real=0.00s
[30.350s][info][gc,start       ] GC(56) Pause Young (Normal) (G1 Evacuation Pause)
[30.350s][info][gc,task        ] GC(56) Using 6 workers of 6 for evacuation
[30.362s][info][gc,phases      ] GC(56)   Pre Evacuate Collection Set: 0.0ms
[30.362s][info][gc,phases      ] GC(56)   Evacuate Collection Set: 10.3ms
[30.362s][info][gc,phases      ] GC(56)   Post Evacuate Collection Set: 0.9ms
[30.362s][info][gc,phases      ] GC(56)   Other: 0.2ms
[30.362s][info][gc,heap        ] GC(56) Eden regions: 1216->0(1203)
[30.362s][info][gc,heap        ] GC(56) Survivor regions: 12->25(154)
[30.362s][info][gc,heap        ] GC(56) Old regions: 7->7
[30.362s][info][gc,heap        ] GC(56) Humongous regions: 3->3
[30.362s][info][gc,metaspace   ] GC(56) Metaspace: 17884K(18688K)->17884K(18688K) NonClass: 15830K(16384K)->15830K(16384K) Class: 2054K(2304K)->2054K(2304K)
[30.362s][info][gc             ] GC(56) Pause Young (Normal) (G1 Evacuation Pause) 1234M->31M(2048M) 11.541ms
[30.362s][info][gc,cpu         ] GC(56) User=0.02s Sys=0.00s Real=0.02s
[30.938s][info][gc,start       ] GC(57) Pause Young (Normal) (G1 Evacuation Pause)
[30.938s][info][gc,task        ] GC(57) Using 6 workers of 6 for evacuation
[30.948s][info][gc,phases      ] GC(57)   Pre Evacuate Collection Set: 0.1ms
[30.948s][info][gc,phases      ] GC(57)   Evacuate Collection Set: 8.9ms
[30.948s][info][gc,phases      ] GC(57)   Post Evacuate Collection Set: 0.9ms
[30.948s][info][gc,phases      ] GC(57)   Other: 0.4ms
[30.948s][info][gc,heap        ] GC(57) Eden regions: 1203->0(1199)
[30.948s][info][gc,heap        ] GC(57) Survivor regions: 25->29(154)
[30.949s][info][gc,heap        ] GC(57) Old regions: 7->7
[30.949s][info][gc,heap        ] GC(57) Humongous regions: 3->3
[30.949s][info][gc,metaspace   ] GC(57) Metaspace: 17884K(18688K)->17884K(18688K) NonClass: 15830K(16384K)->15830K(16384K) Class: 2054K(2304K)->2054K(2304K)
[30.949s][info][gc             ] GC(57) Pause Young (Normal) (G1 Evacuation Pause) 1234M->35M(2048M) 10.399ms
[30.949s][info][gc,cpu         ] GC(57) User=0.02s Sys=0.00s Real=0.01s
[31.800s][info][gc,task        ] GC(58) Using 6 workers of 6 for full compaction
[31.800s][info][gc,start       ] GC(58) Pause Full (System.gc())
[31.800s][info][gc,phases,start] GC(58) Phase 1: Mark live objects
[31.803s][info][gc,stringtable ] GC(58) Cleaned string and symbol table, strings: 5636 processed, 0 removed, symbols: 53747 processed, 0 removed
[31.803s][info][gc,phases      ] GC(58) Phase 1: Mark live objects 2.281ms
[31.803s][info][gc,phases,start] GC(58) Phase 2: Prepare for compaction
[31.805s][info][gc,phases      ] GC(58) Phase 2: Prepare for compaction 2.288ms
[31.805s][info][gc,phases,start] GC(58) Phase 3: Adjust pointers
[31.807s][info][gc,phases      ] GC(58) Phase 3: Adjust pointers 1.852ms
[31.807s][info][gc,phases,start] GC(58) Phase 4: Compact heap
[31.809s][info][gc,phases      ] GC(58) Phase 4: Compact heap 1.877ms
[31.811s][info][gc,heap        ] GC(58) Eden regions: 1150->0(1228)
[31.811s][info][gc,heap        ] GC(58) Survivor regions: 29->0(154)
[31.811s][info][gc,heap        ] GC(58) Old regions: 7->6
[31.811s][info][gc,heap        ] GC(58) Humongous regions: 22->0
[31.811s][info][gc,metaspace   ] GC(58) Metaspace: 17884K(18688K)->17884K(18688K) NonClass: 15830K(16384K)->15830K(16384K) Class: 2054K(2304K)->2054K(2304K)
[31.811s][info][gc             ] GC(58) Pause Full (System.gc()) 1204M->3M(2048M) 10.787ms
[31.811s][info][gc,cpu         ] GC(58) User=0.02s Sys=0.00s Real=0.02s
[32.221s][info][gc,start       ] GC(59) Pause Young (Normal) (G1 Evacuation Pause)
[32.221s][info][gc,task        ] GC(59) Using 6 workers of 6 for evacuation
[32.224s][info][gc,phases      ] GC(59)   Pre Evacuate Collection Set: 0.0ms
[32.224s][info][gc,phases      ] GC(59)   Evacuate Collection Set: 2.0ms
[32.224s][info][gc,phases      ] GC(59)   Post Evacuate Collection Set: 0.9ms
[32.224s][info][gc,phases      ] GC(59)   Other: 0.2ms
[32.224s][info][gc,heap        ] GC(59) Eden regions: 1228->0(1222)
[32.224s][info][gc,heap        ] GC(59) Survivor regions: 0->6(154)
[32.224s][info][gc,heap        ] GC(59) Old regions: 6->6
[32.224s][info][gc,heap        ] GC(59) Humongous regions: 0->0
[32.224s][info][gc,metaspace   ] GC(59) Metaspace: 17885K(18688K)->17885K(18688K) NonClass: 15831K(16384K)->15831K(16384K) Class: 2054K(2304K)->2054K(2304K)
[32.224s][info][gc             ] GC(59) Pause Young (Normal) (G1 Evacuation Pause) 1231M->9M(2048M) 3.203ms
[32.225s][info][gc,cpu         ] GC(59) User=0.00s Sys=0.00s Real=0.00s
[32.584s][info][gc,start       ] GC(60) Pause Young (Normal) (G1 Evacuation Pause)
[32.584s][info][gc,task        ] GC(60) Using 6 workers of 6 for evacuation
[32.588s][info][gc,phases      ] GC(60)   Pre Evacuate Collection Set: 0.0ms
[32.588s][info][gc,phases      ] GC(60)   Evacuate Collection Set: 3.2ms
[32.588s][info][gc,phases      ] GC(60)   Post Evacuate Collection Set: 0.9ms
[32.588s][info][gc,phases      ] GC(60)   Other: 0.2ms
[32.588s][info][gc,heap        ] GC(60) Eden regions: 1222->0(1220)
[32.588s][info][gc,heap        ] GC(60) Survivor regions: 6->8(154)
[32.588s][info][gc,heap        ] GC(60) Old regions: 6->6
[32.588s][info][gc,heap        ] GC(60) Humongous regions: 0->0
[32.588s][info][gc,metaspace   ] GC(60) Metaspace: 17885K(18688K)->17885K(18688K) NonClass: 15831K(16384K)->15831K(16384K) Class: 2054K(2304K)->2054K(2304K)
[32.588s][info][gc             ] GC(60) Pause Young (Normal) (G1 Evacuation Pause) 1231M->11M(2048M) 4.457ms
[32.588s][info][gc,cpu         ] GC(60) User=0.00s Sys=0.00s Real=0.00s
[33.105s][info][gc,start       ] GC(61) Pause Young (Normal) (G1 Evacuation Pause)
[33.105s][info][gc,task        ] GC(61) Using 6 workers of 6 for evacuation
[33.112s][info][gc,phases      ] GC(61)   Pre Evacuate Collection Set: 0.0ms
[33.112s][info][gc,phases      ] GC(61)   Evacuate Collection Set: 5.3ms
[33.112s][info][gc,phases      ] GC(61)   Post Evacuate Collection Set: 1.0ms
[33.112s][info][gc,phases      ] GC(61)   Other: 0.4ms
[33.112s][info][gc,heap        ] GC(61) Eden regions: 1220->0(1216)
[33.112s][info][gc,heap        ] GC(61) Survivor regions: 8->12(154)
[33.112s][info][gc,heap        ] GC(61) Old regions: 6->6
[33.112s][info][gc,heap        ] GC(61) Humongous regions: 0->0
[33.112s][info][gc,metaspace   ] GC(61) Metaspace: 17885K(18688K)->17885K(18688K) NonClass: 15831K(16384K)->15831K(16384K) Class: 2054K(2304K)->2054K(2304K)
[33.112s][info][gc             ] GC(61) Pause Young (Normal) (G1 Evacuation Pause) 1231M->15M(2048M) 6.812ms
[33.112s][info][gc,cpu         ] GC(61) User=0.02s Sys=0.00s Real=0.02s
[33.720s][info][gc,start       ] GC(62) Pause Young (Normal) (G1 Evacuation Pause)
[33.720s][info][gc,task        ] GC(62) Using 6 workers of 6 for evacuation
[33.732s][info][gc,phases      ] GC(62)   Pre Evacuate Collection Set: 0.0ms
[33.732s][info][gc,phases      ] GC(62)   Evacuate Collection Set: 10.4ms
[33.732s][info][gc,phases      ] GC(62)   Post Evacuate Collection Set: 1.0ms
[33.732s][info][gc,phases      ] GC(62)   Other: 0.2ms
[33.732s][info][gc,heap        ] GC(62) Eden regions: 1216->0(1203)
[33.732s][info][gc,heap        ] GC(62) Survivor regions: 12->25(154)
[33.732s][info][gc,heap        ] GC(62) Old regions: 6->6
[33.732s][info][gc,heap        ] GC(62) Humongous regions: 3->3
[33.732s][info][gc,metaspace   ] GC(62) Metaspace: 17885K(18688K)->17885K(18688K) NonClass: 15831K(16384K)->15831K(16384K) Class: 2054K(2304K)->2054K(2304K)
[33.732s][info][gc             ] GC(62) Pause Young (Normal) (G1 Evacuation Pause) 1234M->31M(2048M) 11.848ms
[33.732s][info][gc,cpu         ] GC(62) User=0.06s Sys=0.00s Real=0.01s
[34.303s][info][gc,start       ] GC(63) Pause Young (Normal) (G1 Evacuation Pause)
[34.303s][info][gc,task        ] GC(63) Using 6 workers of 6 for evacuation
[34.313s][info][gc,phases      ] GC(63)   Pre Evacuate Collection Set: 0.0ms
[34.313s][info][gc,phases      ] GC(63)   Evacuate Collection Set: 8.9ms
[34.313s][info][gc,phases      ] GC(63)   Post Evacuate Collection Set: 1.0ms
[34.313s][info][gc,phases      ] GC(63)   Other: 0.2ms
[34.313s][info][gc,heap        ] GC(63) Eden regions: 1203->0(1199)
[34.313s][info][gc,heap        ] GC(63) Survivor regions: 25->29(154)
[34.313s][info][gc,heap        ] GC(63) Old regions: 6->6
[34.313s][info][gc,heap        ] GC(63) Humongous regions: 3->3
[34.313s][info][gc,metaspace   ] GC(63) Metaspace: 17885K(18688K)->17885K(18688K) NonClass: 15831K(16384K)->15831K(16384K) Class: 2054K(2304K)->2054K(2304K)
[34.313s][info][gc             ] GC(63) Pause Young (Normal) (G1 Evacuation Pause) 1234M->35M(2048M) 10.232ms
[34.313s][info][gc,cpu         ] GC(63) User=0.00s Sys=0.00s Real=0.01s
[35.163s][info][gc,task        ] GC(64) Using 6 workers of 6 for full compaction
[35.163s][info][gc,start       ] GC(64) Pause Full (System.gc())
[35.163s][info][gc,phases,start] GC(64) Phase 1: Mark live objects
[35.166s][info][gc,stringtable ] GC(64) Cleaned string and symbol table, strings: 5636 processed, 0 removed, symbols: 53748 processed, 0 removed
[35.166s][info][gc,phases      ] GC(64) Phase 1: Mark live objects 2.529ms
[35.166s][info][gc,phases,start] GC(64) Phase 2: Prepare for compaction
[35.168s][info][gc,phases      ] GC(64) Phase 2: Prepare for compaction 2.161ms
[35.168s][info][gc,phases,start] GC(64) Phase 3: Adjust pointers
[35.170s][info][gc,phases      ] GC(64) Phase 3: Adjust pointers 1.967ms
[35.170s][info][gc,phases,start] GC(64) Phase 4: Compact heap
[35.172s][info][gc,phases      ] GC(64) Phase 4: Compact heap 1.802ms
[35.173s][info][gc,heap        ] GC(64) Eden regions: 1150->0(1228)
[35.173s][info][gc,heap        ] GC(64) Survivor regions: 29->0(154)
[35.173s][info][gc,heap        ] GC(64) Old regions: 6->5
[35.173s][info][gc,heap        ] GC(64) Humongous regions: 22->0
[35.173s][info][gc,metaspace   ] GC(64) Metaspace: 17886K(18688K)->17886K(18688K) NonClass: 15831K(16384K)->15831K(16384K) Class: 2054K(2304K)->2054K(2304K)
[35.173s][info][gc             ] GC(64) Pause Full (System.gc()) 1204M->3M(2048M) 10.559ms
[35.174s][info][gc,cpu         ] GC(64) User=0.00s Sys=0.00s Real=0.02s
[35.516s][info][gc,start       ] GC(65) Pause Young (Normal) (G1 Evacuation Pause)
[35.516s][info][gc,task        ] GC(65) Using 6 workers of 6 for evacuation
[35.519s][info][gc,phases      ] GC(65)   Pre Evacuate Collection Set: 0.0ms
[35.519s][info][gc,phases      ] GC(65)   Evacuate Collection Set: 2.0ms
[35.519s][info][gc,phases      ] GC(65)   Post Evacuate Collection Set: 1.0ms
[35.519s][info][gc,phases      ] GC(65)   Other: 0.2ms
[35.519s][info][gc,heap        ] GC(65) Eden regions: 1228->0(1223)
[35.519s][info][gc,heap        ] GC(65) Survivor regions: 0->5(154)
[35.519s][info][gc,heap        ] GC(65) Old regions: 5->5
[35.519s][info][gc,heap        ] GC(65) Humongous regions: 0->0
[35.519s][info][gc,metaspace   ] GC(65) Metaspace: 17892K(18688K)->17892K(18688K) NonClass: 15838K(16384K)->15838K(16384K) Class: 2054K(2304K)->2054K(2304K)
[35.519s][info][gc             ] GC(65) Pause Young (Normal) (G1 Evacuation Pause) 1231M->8M(2048M) 3.336ms
[35.519s][info][gc,cpu         ] GC(65) User=0.00s Sys=0.00s Real=0.00s
[35.857s][info][gc,start       ] GC(66) Pause Young (Normal) (G1 Evacuation Pause)
[35.857s][info][gc,task        ] GC(66) Using 6 workers of 6 for evacuation
[35.862s][info][gc,phases      ] GC(66)   Pre Evacuate Collection Set: 0.0ms
[35.862s][info][gc,phases      ] GC(66)   Evacuate Collection Set: 3.0ms
[35.862s][info][gc,phases      ] GC(66)   Post Evacuate Collection Set: 0.9ms
[35.862s][info][gc,phases      ] GC(66)   Other: 0.2ms
[35.862s][info][gc,heap        ] GC(66) Eden regions: 1223->0(1220)
[35.862s][info][gc,heap        ] GC(66) Survivor regions: 5->8(154)
[35.862s][info][gc,heap        ] GC(66) Old regions: 5->5
[35.862s][info][gc,heap        ] GC(66) Humongous regions: 0->0
[35.862s][info][gc,metaspace   ] GC(66) Metaspace: 17892K(18688K)->17892K(18688K) NonClass: 15838K(16384K)->15838K(16384K) Class: 2054K(2304K)->2054K(2304K)
[35.862s][info][gc             ] GC(66) Pause Young (Normal) (G1 Evacuation Pause) 1231M->11M(2048M) 4.352ms
[35.862s][info][gc,cpu         ] GC(66) User=0.00s Sys=0.00s Real=0.00s
[36.360s][info][gc,start       ] GC(67) Pause Young (Normal) (G1 Evacuation Pause)
[36.360s][info][gc,task        ] GC(67) Using 6 workers of 6 for evacuation
[36.367s][info][gc,phases      ] GC(67)   Pre Evacuate Collection Set: 0.0ms
[36.367s][info][gc,phases      ] GC(67)   Evacuate Collection Set: 5.2ms
[36.367s][info][gc,phases      ] GC(67)   Post Evacuate Collection Set: 1.0ms
[36.367s][info][gc,phases      ] GC(67)   Other: 0.3ms
[36.367s][info][gc,heap        ] GC(67) Eden regions: 1220->0(1216)
[36.367s][info][gc,heap        ] GC(67) Survivor regions: 8->12(154)
[36.367s][info][gc,heap        ] GC(67) Old regions: 5->5
[36.367s][info][gc,heap        ] GC(67) Humongous regions: 0->0
[36.367s][info][gc,metaspace   ] GC(67) Metaspace: 17892K(18688K)->17892K(18688K) NonClass: 15838K(16384K)->15838K(16384K) Class: 2054K(2304K)->2054K(2304K)
[36.367s][info][gc             ] GC(67) Pause Young (Normal) (G1 Evacuation Pause) 1231M->15M(2048M) 6.691ms
[36.367s][info][gc,cpu         ] GC(67) User=0.00s Sys=0.00s Real=0.00s
[36.976s][info][gc,start       ] GC(68) Pause Young (Normal) (G1 Evacuation Pause)
[36.976s][info][gc,task        ] GC(68) Using 6 workers of 6 for evacuation
[36.988s][info][gc,phases      ] GC(68)   Pre Evacuate Collection Set: 0.0ms
[36.988s][info][gc,phases      ] GC(68)   Evacuate Collection Set: 11.1ms
[36.988s][info][gc,phases      ] GC(68)   Post Evacuate Collection Set: 0.9ms
[36.988s][info][gc,phases      ] GC(68)   Other: 0.2ms
[36.988s][info][gc,heap        ] GC(68) Eden regions: 1216->0(1203)
[36.988s][info][gc,heap        ] GC(68) Survivor regions: 12->25(154)
[36.988s][info][gc,heap        ] GC(68) Old regions: 5->5
[36.988s][info][gc,heap        ] GC(68) Humongous regions: 3->3
[36.988s][info][gc,metaspace   ] GC(68) Metaspace: 17892K(18688K)->17892K(18688K) NonClass: 15838K(16384K)->15838K(16384K) Class: 2054K(2304K)->2054K(2304K)
[36.988s][info][gc             ] GC(68) Pause Young (Normal) (G1 Evacuation Pause) 1234M->31M(2048M) 12.363ms
[36.988s][info][gc,cpu         ] GC(68) User=0.02s Sys=0.00s Real=0.02s
[37.562s][info][gc,start       ] GC(69) Pause Young (Normal) (G1 Evacuation Pause)
[37.562s][info][gc,task        ] GC(69) Using 6 workers of 6 for evacuation
[37.573s][info][gc,phases      ] GC(69)   Pre Evacuate Collection Set: 0.1ms
[37.573s][info][gc,phases      ] GC(69)   Evacuate Collection Set: 8.8ms
[37.573s][info][gc,phases      ] GC(69)   Post Evacuate Collection Set: 1.0ms
[37.573s][info][gc,phases      ] GC(69)   Other: 0.4ms
[37.573s][info][gc,heap        ] GC(69) Eden regions: 1203->0(1199)
[37.573s][info][gc,heap        ] GC(69) Survivor regions: 25->29(154)
[37.573s][info][gc,heap        ] GC(69) Old regions: 5->5
[37.573s][info][gc,heap        ] GC(69) Humongous regions: 3->3
[37.573s][info][gc,metaspace   ] GC(69) Metaspace: 17892K(18688K)->17892K(18688K) NonClass: 15838K(16384K)->15838K(16384K) Class: 2054K(2304K)->2054K(2304K)
[37.573s][info][gc             ] GC(69) Pause Young (Normal) (G1 Evacuation Pause) 1234M->35M(2048M) 10.311ms
[37.573s][info][gc,cpu         ] GC(69) User=0.02s Sys=0.00s Real=0.02s
[38.423s][info][gc,task        ] GC(70) Using 6 workers of 6 for full compaction
[38.423s][info][gc,start       ] GC(70) Pause Full (System.gc())
[38.423s][info][gc,phases,start] GC(70) Phase 1: Mark live objects
[38.426s][info][gc,stringtable ] GC(70) Cleaned string and symbol table, strings: 5636 processed, 0 removed, symbols: 53749 processed, 0 removed
[38.426s][info][gc,phases      ] GC(70) Phase 1: Mark live objects 2.598ms
[38.426s][info][gc,phases,start] GC(70) Phase 2: Prepare for compaction
[38.428s][info][gc,phases      ] GC(70) Phase 2: Prepare for compaction 2.170ms
[38.428s][info][gc,phases,start] GC(70) Phase 3: Adjust pointers
[38.430s][info][gc,phases      ] GC(70) Phase 3: Adjust pointers 2.081ms
[38.430s][info][gc,phases,start] GC(70) Phase 4: Compact heap
[38.432s][info][gc,phases      ] GC(70) Phase 4: Compact heap 1.770ms
[38.434s][info][gc,heap        ] GC(70) Eden regions: 1150->0(1228)
[38.434s][info][gc,heap        ] GC(70) Survivor regions: 29->0(154)
[38.434s][info][gc,heap        ] GC(70) Old regions: 5->5
[38.434s][info][gc,heap        ] GC(70) Humongous regions: 22->0
[38.434s][info][gc,metaspace   ] GC(70) Metaspace: 17892K(18688K)->17892K(18688K) NonClass: 15838K(16384K)->15838K(16384K) Class: 2054K(2304K)->2054K(2304K)
[38.434s][info][gc             ] GC(70) Pause Full (System.gc()) 1203M->3M(2048M) 10.903ms
[38.434s][info][gc,cpu         ] GC(70) User=0.00s Sys=0.00s Real=0.01s
[38.780s][info][gc,start       ] GC(71) Pause Young (Normal) (G1 Evacuation Pause)
[38.780s][info][gc,task        ] GC(71) Using 6 workers of 6 for evacuation
[38.783s][info][gc,phases      ] GC(71)   Pre Evacuate Collection Set: 0.0ms
[38.783s][info][gc,phases      ] GC(71)   Evacuate Collection Set: 1.9ms
[38.783s][info][gc,phases      ] GC(71)   Post Evacuate Collection Set: 0.9ms
[38.783s][info][gc,phases      ] GC(71)   Other: 0.2ms
[38.783s][info][gc,heap        ] GC(71) Eden regions: 1228->0(1223)
[38.783s][info][gc,heap        ] GC(71) Survivor regions: 0->5(154)
[38.783s][info][gc,heap        ] GC(71) Old regions: 5->5
[38.783s][info][gc,heap        ] GC(71) Humongous regions: 0->0
[38.783s][info][gc,metaspace   ] GC(71) Metaspace: 17894K(18688K)->17894K(18688K) NonClass: 15840K(16384K)->15840K(16384K) Class: 2054K(2304K)->2054K(2304K)
[38.783s][info][gc             ] GC(71) Pause Young (Normal) (G1 Evacuation Pause) 1231M->8M(2048M) 3.158ms
[38.783s][info][gc,cpu         ] GC(71) User=0.00s Sys=0.00s Real=0.00s
[39.228s][info][gc,start       ] GC(72) Pause Young (Normal) (G1 Evacuation Pause)
[39.228s][info][gc,task        ] GC(72) Using 6 workers of 6 for evacuation
[39.232s][info][gc,phases      ] GC(72)   Pre Evacuate Collection Set: 0.0ms
[39.232s][info][gc,phases      ] GC(72)   Evacuate Collection Set: 3.0ms
[39.232s][info][gc,phases      ] GC(72)   Post Evacuate Collection Set: 0.9ms
[39.232s][info][gc,phases      ] GC(72)   Other: 0.2ms
[39.232s][info][gc,heap        ] GC(72) Eden regions: 1223->0(1220)
[39.232s][info][gc,heap        ] GC(72) Survivor regions: 5->8(154)
[39.232s][info][gc,heap        ] GC(72) Old regions: 5->5
[39.232s][info][gc,heap        ] GC(72) Humongous regions: 0->0
[39.232s][info][gc,metaspace   ] GC(72) Metaspace: 17894K(18688K)->17894K(18688K) NonClass: 15840K(16384K)->15840K(16384K) Class: 2054K(2304K)->2054K(2304K)
[39.232s][info][gc             ] GC(72) Pause Young (Normal) (G1 Evacuation Pause) 1231M->11M(2048M) 4.210ms
[39.232s][info][gc,cpu         ] GC(72) User=0.00s Sys=0.00s Real=0.00s
[39.736s][info][gc,start       ] GC(73) Pause Young (Normal) (G1 Evacuation Pause)
[39.736s][info][gc,task        ] GC(73) Using 6 workers of 6 for evacuation
[39.743s][info][gc,phases      ] GC(73)   Pre Evacuate Collection Set: 0.1ms
[39.743s][info][gc,phases      ] GC(73)   Evacuate Collection Set: 5.2ms
[39.743s][info][gc,phases      ] GC(73)   Post Evacuate Collection Set: 1.1ms
[39.743s][info][gc,phases      ] GC(73)   Other: 0.4ms
[39.743s][info][gc,heap        ] GC(73) Eden regions: 1220->0(1216)
[39.743s][info][gc,heap        ] GC(73) Survivor regions: 8->12(154)
[39.743s][info][gc,heap        ] GC(73) Old regions: 5->5
[39.743s][info][gc,heap        ] GC(73) Humongous regions: 0->0
[39.743s][info][gc,metaspace   ] GC(73) Metaspace: 17895K(18688K)->17895K(18688K) NonClass: 15840K(16384K)->15840K(16384K) Class: 2054K(2304K)->2054K(2304K)
[39.743s][info][gc             ] GC(73) Pause Young (Normal) (G1 Evacuation Pause) 1231M->15M(2048M) 6.862ms
[39.743s][info][gc,cpu         ] GC(73) User=0.03s Sys=0.00s Real=0.02s
[40.351s][info][gc,start       ] GC(74) Pause Young (Normal) (G1 Evacuation Pause)
[40.351s][info][gc,task        ] GC(74) Using 6 workers of 6 for evacuation
[40.362s][info][gc,phases      ] GC(74)   Pre Evacuate Collection Set: 0.0ms
[40.362s][info][gc,phases      ] GC(74)   Evacuate Collection Set: 10.3ms
[40.362s][info][gc,phases      ] GC(74)   Post Evacuate Collection Set: 0.9ms
[40.362s][info][gc,phases      ] GC(74)   Other: 0.2ms
[40.362s][info][gc,heap        ] GC(74) Eden regions: 1216->0(1203)
[40.362s][info][gc,heap        ] GC(74) Survivor regions: 12->25(154)
[40.362s][info][gc,heap        ] GC(74) Old regions: 5->5
[40.362s][info][gc,heap        ] GC(74) Humongous regions: 3->3
[40.362s][info][gc,metaspace   ] GC(74) Metaspace: 17895K(18688K)->17895K(18688K) NonClass: 15840K(16384K)->15840K(16384K) Class: 2054K(2304K)->2054K(2304K)
[40.362s][info][gc             ] GC(74) Pause Young (Normal) (G1 Evacuation Pause) 1234M->31M(2048M) 11.594ms
[40.362s][info][gc,cpu         ] GC(74) User=0.00s Sys=0.00s Real=0.00s
[40.941s][info][gc,start       ] GC(75) Pause Young (Normal) (G1 Evacuation Pause)
[40.941s][info][gc,task        ] GC(75) Using 6 workers of 6 for evacuation
[40.951s][info][gc,phases      ] GC(75)   Pre Evacuate Collection Set: 0.0ms
[40.951s][info][gc,phases      ] GC(75)   Evacuate Collection Set: 8.9ms
[40.951s][info][gc,phases      ] GC(75)   Post Evacuate Collection Set: 0.9ms
[40.951s][info][gc,phases      ] GC(75)   Other: 0.4ms
[40.951s][info][gc,heap        ] GC(75) Eden regions: 1203->0(1199)
[40.951s][info][gc,heap        ] GC(75) Survivor regions: 25->29(154)
[40.951s][info][gc,heap        ] GC(75) Old regions: 5->5
[40.951s][info][gc,heap        ] GC(75) Humongous regions: 3->3
[40.951s][info][gc,metaspace   ] GC(75) Metaspace: 17895K(18688K)->17895K(18688K) NonClass: 15840K(16384K)->15840K(16384K) Class: 2054K(2304K)->2054K(2304K)
[40.951s][info][gc             ] GC(75) Pause Young (Normal) (G1 Evacuation Pause) 1234M->35M(2048M) 10.289ms
[40.951s][info][gc,cpu         ] GC(75) User=0.02s Sys=0.00s Real=0.02s
[41.804s][info][gc,task        ] GC(76) Using 6 workers of 6 for full compaction
[41.804s][info][gc,start       ] GC(76) Pause Full (System.gc())
[41.804s][info][gc,phases,start] GC(76) Phase 1: Mark live objects
[41.807s][info][gc,stringtable ] GC(76) Cleaned string and symbol table, strings: 5637 processed, 0 removed, symbols: 53749 processed, 0 removed
[41.807s][info][gc,phases      ] GC(76) Phase 1: Mark live objects 2.546ms
[41.807s][info][gc,phases,start] GC(76) Phase 2: Prepare for compaction
[41.809s][info][gc,phases      ] GC(76) Phase 2: Prepare for compaction 2.355ms
[41.809s][info][gc,phases,start] GC(76) Phase 3: Adjust pointers
[41.811s][info][gc,phases      ] GC(76) Phase 3: Adjust pointers 1.686ms
[41.811s][info][gc,phases,start] GC(76) Phase 4: Compact heap
[41.813s][info][gc,phases      ] GC(76) Phase 4: Compact heap 1.807ms
[41.814s][info][gc,heap        ] GC(76) Eden regions: 1150->0(1228)
[41.814s][info][gc,heap        ] GC(76) Survivor regions: 29->0(154)
[41.814s][info][gc,heap        ] GC(76) Old regions: 5->7
[41.814s][info][gc,heap        ] GC(76) Humongous regions: 22->0
[41.814s][info][gc,metaspace   ] GC(76) Metaspace: 17897K(18688K)->17897K(18688K) NonClass: 15842K(16384K)->15842K(16384K) Class: 2054K(2304K)->2054K(2304K)
[41.814s][info][gc             ] GC(76) Pause Full (System.gc()) 1203M->3M(2048M) 10.512ms
[41.815s][info][gc,cpu         ] GC(76) User=0.02s Sys=0.00s Real=0.01s
[42.264s][info][gc,start       ] GC(77) Pause Young (Normal) (G1 Evacuation Pause)
[42.264s][info][gc,task        ] GC(77) Using 6 workers of 6 for evacuation
[42.267s][info][gc,phases      ] GC(77)   Pre Evacuate Collection Set: 0.1ms
[42.267s][info][gc,phases      ] GC(77)   Evacuate Collection Set: 2.1ms
[42.267s][info][gc,phases      ] GC(77)   Post Evacuate Collection Set: 0.9ms
[42.267s][info][gc,phases      ] GC(77)   Other: 0.4ms
[42.267s][info][gc,heap        ] GC(77) Eden regions: 1228->0(1223)
[42.267s][info][gc,heap        ] GC(77) Survivor regions: 0->5(154)
[42.267s][info][gc,heap        ] GC(77) Old regions: 7->7
[42.267s][info][gc,heap        ] GC(77) Humongous regions: 0->0
[42.267s][info][gc,metaspace   ] GC(77) Metaspace: 17914K(18688K)->17914K(18688K) NonClass: 15859K(16384K)->15859K(16384K) Class: 2054K(2304K)->2054K(2304K)
[42.267s][info][gc             ] GC(77) Pause Young (Normal) (G1 Evacuation Pause) 1231M->8M(2048M) 3.477ms
[42.267s][info][gc,cpu         ] GC(77) User=0.00s Sys=0.00s Real=0.02s
[42.754s][info][gc,start       ] GC(78) Pause Young (Normal) (G1 Evacuation Pause)
[42.754s][info][gc,task        ] GC(78) Using 6 workers of 6 for evacuation
[42.758s][info][gc,phases      ] GC(78)   Pre Evacuate Collection Set: 0.0ms
[42.758s][info][gc,phases      ] GC(78)   Evacuate Collection Set: 2.9ms
[42.758s][info][gc,phases      ] GC(78)   Post Evacuate Collection Set: 0.9ms
[42.758s][info][gc,phases      ] GC(78)   Other: 0.3ms
[42.758s][info][gc,heap        ] GC(78) Eden regions: 1223->0(1220)
[42.758s][info][gc,heap        ] GC(78) Survivor regions: 5->8(154)
[42.758s][info][gc,heap        ] GC(78) Old regions: 7->7
[42.758s][info][gc,heap        ] GC(78) Humongous regions: 0->0
[42.758s][info][gc,metaspace   ] GC(78) Metaspace: 17914K(18688K)->17914K(18688K) NonClass: 15859K(16384K)->15859K(16384K) Class: 2054K(2304K)->2054K(2304K)
[42.758s][info][gc             ] GC(78) Pause Young (Normal) (G1 Evacuation Pause) 1231M->11M(2048M) 4.292ms
[42.758s][info][gc,cpu         ] GC(78) User=0.00s Sys=0.00s Real=0.00s
[43.309s][info][gc,start       ] GC(79) Pause Young (Normal) (G1 Evacuation Pause)
[43.309s][info][gc,task        ] GC(79) Using 6 workers of 6 for evacuation
[43.316s][info][gc,phases      ] GC(79)   Pre Evacuate Collection Set: 0.1ms
[43.316s][info][gc,phases      ] GC(79)   Evacuate Collection Set: 5.2ms
[43.316s][info][gc,phases      ] GC(79)   Post Evacuate Collection Set: 1.1ms
[43.316s][info][gc,phases      ] GC(79)   Other: 0.4ms
[43.316s][info][gc,heap        ] GC(79) Eden regions: 1220->0(1216)
[43.316s][info][gc,heap        ] GC(79) Survivor regions: 8->12(154)
[43.316s][info][gc,heap        ] GC(79) Old regions: 7->7
[43.316s][info][gc,heap        ] GC(79) Humongous regions: 0->0
[43.316s][info][gc,metaspace   ] GC(79) Metaspace: 17914K(18688K)->17914K(18688K) NonClass: 15859K(16384K)->15859K(16384K) Class: 2054K(2304K)->2054K(2304K)
[43.316s][info][gc             ] GC(79) Pause Young (Normal) (G1 Evacuation Pause) 1231M->15M(2048M) 6.819ms
[43.316s][info][gc,cpu         ] GC(79) User=0.00s Sys=0.00s Real=0.01s
[43.927s][info][gc,start       ] GC(80) Pause Young (Normal) (G1 Evacuation Pause)
[43.927s][info][gc,task        ] GC(80) Using 6 workers of 6 for evacuation
[43.939s][info][gc,phases      ] GC(80)   Pre Evacuate Collection Set: 0.0ms
[43.939s][info][gc,phases      ] GC(80)   Evacuate Collection Set: 11.1ms
[43.939s][info][gc,phases      ] GC(80)   Post Evacuate Collection Set: 1.0ms
[43.939s][info][gc,phases      ] GC(80)   Other: 0.4ms
[43.939s][info][gc,heap        ] GC(80) Eden regions: 1216->0(1203)
[43.939s][info][gc,heap        ] GC(80) Survivor regions: 12->25(154)
[43.939s][info][gc,heap        ] GC(80) Old regions: 7->7
[43.939s][info][gc,heap        ] GC(80) Humongous regions: 3->3
[43.939s][info][gc,metaspace   ] GC(80) Metaspace: 17914K(18688K)->17914K(18688K) NonClass: 15859K(16384K)->15859K(16384K) Class: 2054K(2304K)->2054K(2304K)
[43.939s][info][gc             ] GC(80) Pause Young (Normal) (G1 Evacuation Pause) 1234M->31M(2048M) 12.583ms
[43.939s][info][gc,cpu         ] GC(80) User=0.00s Sys=0.00s Real=0.01s
[44.512s][info][gc,start       ] GC(81) Pause Young (Normal) (G1 Evacuation Pause)
[44.512s][info][gc,task        ] GC(81) Using 6 workers of 6 for evacuation
[44.522s][info][gc,phases      ] GC(81)   Pre Evacuate Collection Set: 0.0ms
[44.522s][info][gc,phases      ] GC(81)   Evacuate Collection Set: 9.0ms
[44.522s][info][gc,phases      ] GC(81)   Post Evacuate Collection Set: 1.0ms
[44.522s][info][gc,phases      ] GC(81)   Other: 0.2ms
[44.522s][info][gc,heap        ] GC(81) Eden regions: 1203->0(1199)
[44.522s][info][gc,heap        ] GC(81) Survivor regions: 25->29(154)
[44.522s][info][gc,heap        ] GC(81) Old regions: 7->7
[44.522s][info][gc,heap        ] GC(81) Humongous regions: 3->3
[44.522s][info][gc,metaspace   ] GC(81) Metaspace: 17914K(18688K)->17914K(18688K) NonClass: 15859K(16384K)->15859K(16384K) Class: 2054K(2304K)->2054K(2304K)
[44.522s][info][gc             ] GC(81) Pause Young (Normal) (G1 Evacuation Pause) 1234M->35M(2048M) 10.298ms
[44.522s][info][gc,cpu         ] GC(81) User=0.00s Sys=0.00s Real=0.00s
[45.375s][info][gc,task        ] GC(82) Using 6 workers of 6 for full compaction
[45.375s][info][gc,start       ] GC(82) Pause Full (System.gc())
[45.375s][info][gc,phases,start] GC(82) Phase 1: Mark live objects
[45.377s][info][gc,stringtable ] GC(82) Cleaned string and symbol table, strings: 5637 processed, 0 removed, symbols: 53749 processed, 0 removed
[45.377s][info][gc,phases      ] GC(82) Phase 1: Mark live objects 2.277ms
[45.377s][info][gc,phases,start] GC(82) Phase 2: Prepare for compaction
[45.379s][info][gc,phases      ] GC(82) Phase 2: Prepare for compaction 2.051ms
[45.379s][info][gc,phases,start] GC(82) Phase 3: Adjust pointers
[45.381s][info][gc,phases      ] GC(82) Phase 3: Adjust pointers 1.782ms
[45.381s][info][gc,phases,start] GC(82) Phase 4: Compact heap
[45.383s][info][gc,phases      ] GC(82) Phase 4: Compact heap 2.027ms
[45.385s][info][gc,heap        ] GC(82) Eden regions: 1149->0(1228)
[45.385s][info][gc,heap        ] GC(82) Survivor regions: 29->0(154)
[45.385s][info][gc,heap        ] GC(82) Old regions: 7->5
[45.385s][info][gc,heap        ] GC(82) Humongous regions: 22->0
[45.385s][info][gc,metaspace   ] GC(82) Metaspace: 17916K(18688K)->17916K(18688K) NonClass: 15861K(16384K)->15861K(16384K) Class: 2054K(2304K)->2054K(2304K)
[45.385s][info][gc             ] GC(82) Pause Full (System.gc()) 1203M->3M(2048M) 10.436ms
[45.385s][info][gc,cpu         ] GC(82) User=0.00s Sys=0.00s Real=0.00s
[45.799s][info][gc,start       ] GC(83) Pause Young (Normal) (G1 Evacuation Pause)
[45.799s][info][gc,task        ] GC(83) Using 6 workers of 6 for evacuation
[45.802s][info][gc,phases      ] GC(83)   Pre Evacuate Collection Set: 0.0ms
[45.802s][info][gc,phases      ] GC(83)   Evacuate Collection Set: 2.1ms
[45.802s][info][gc,phases      ] GC(83)   Post Evacuate Collection Set: 0.9ms
[45.802s][info][gc,phases      ] GC(83)   Other: 0.2ms
[45.802s][info][gc,heap        ] GC(83) Eden regions: 1228->0(1223)
[45.802s][info][gc,heap        ] GC(83) Survivor regions: 0->5(154)
[45.802s][info][gc,heap        ] GC(83) Old regions: 5->5
[45.802s][info][gc,heap        ] GC(83) Humongous regions: 0->0
[45.802s][info][gc,metaspace   ] GC(83) Metaspace: 17917K(18688K)->17917K(18688K) NonClass: 15862K(16384K)->15862K(16384K) Class: 2054K(2304K)->2054K(2304K)
[45.802s][info][gc             ] GC(83) Pause Young (Normal) (G1 Evacuation Pause) 1231M->8M(2048M) 3.350ms
[45.802s][info][gc,cpu         ] GC(83) User=0.00s Sys=0.00s Real=0.00s
[46.131s][info][gc,start       ] GC(84) Pause Young (Normal) (G1 Evacuation Pause)
[46.131s][info][gc,task        ] GC(84) Using 6 workers of 6 for evacuation
[46.135s][info][gc,phases      ] GC(84)   Pre Evacuate Collection Set: 0.0ms
[46.136s][info][gc,phases      ] GC(84)   Evacuate Collection Set: 3.2ms
[46.136s][info][gc,phases      ] GC(84)   Post Evacuate Collection Set: 1.0ms
[46.136s][info][gc,phases      ] GC(84)   Other: 0.2ms
[46.136s][info][gc,heap        ] GC(84) Eden regions: 1223->0(1220)
[46.136s][info][gc,heap        ] GC(84) Survivor regions: 5->8(154)
[46.136s][info][gc,heap        ] GC(84) Old regions: 5->5
[46.136s][info][gc,heap        ] GC(84) Humongous regions: 0->0
[46.136s][info][gc,metaspace   ] GC(84) Metaspace: 17917K(18688K)->17917K(18688K) NonClass: 15862K(16384K)->15862K(16384K) Class: 2054K(2304K)->2054K(2304K)
[46.136s][info][gc             ] GC(84) Pause Young (Normal) (G1 Evacuation Pause) 1231M->11M(2048M) 4.546ms
[46.136s][info][gc,cpu         ] GC(84) User=0.00s Sys=0.00s Real=0.01s
[46.641s][info][gc,start       ] GC(85) Pause Young (Normal) (G1 Evacuation Pause)
[46.641s][info][gc,task        ] GC(85) Using 6 workers of 6 for evacuation
[46.647s][info][gc,phases      ] GC(85)   Pre Evacuate Collection Set: 0.0ms
[46.647s][info][gc,phases      ] GC(85)   Evacuate Collection Set: 5.4ms
[46.647s][info][gc,phases      ] GC(85)   Post Evacuate Collection Set: 0.9ms
[46.648s][info][gc,phases      ] GC(85)   Other: 0.4ms
[46.648s][info][gc,heap        ] GC(85) Eden regions: 1220->0(1216)
[46.648s][info][gc,heap        ] GC(85) Survivor regions: 8->12(154)
[46.648s][info][gc,heap        ] GC(85) Old regions: 5->5
[46.648s][info][gc,heap        ] GC(85) Humongous regions: 0->0
[46.648s][info][gc,metaspace   ] GC(85) Metaspace: 17917K(18688K)->17917K(18688K) NonClass: 15862K(16384K)->15862K(16384K) Class: 2054K(2304K)->2054K(2304K)
[46.648s][info][gc             ] GC(85) Pause Young (Normal) (G1 Evacuation Pause) 1231M->15M(2048M) 6.844ms
[46.648s][info][gc,cpu         ] GC(85) User=0.02s Sys=0.00s Real=0.01s
[47.255s][info][gc,start       ] GC(86) Pause Young (Normal) (G1 Evacuation Pause)
[47.255s][info][gc,task        ] GC(86) Using 6 workers of 6 for evacuation
[47.267s][info][gc,phases      ] GC(86)   Pre Evacuate Collection Set: 0.0ms
[47.267s][info][gc,phases      ] GC(86)   Evacuate Collection Set: 10.6ms
[47.267s][info][gc,phases      ] GC(86)   Post Evacuate Collection Set: 0.9ms
[47.267s][info][gc,phases      ] GC(86)   Other: 0.2ms
[47.267s][info][gc,heap        ] GC(86) Eden regions: 1216->0(1203)
[47.267s][info][gc,heap        ] GC(86) Survivor regions: 12->25(154)
[47.267s][info][gc,heap        ] GC(86) Old regions: 5->5
[47.267s][info][gc,heap        ] GC(86) Humongous regions: 3->3
[47.267s][info][gc,metaspace   ] GC(86) Metaspace: 17917K(18688K)->17917K(18688K) NonClass: 15862K(16384K)->15862K(16384K) Class: 2054K(2304K)->2054K(2304K)
[47.267s][info][gc             ] GC(86) Pause Young (Normal) (G1 Evacuation Pause) 1234M->31M(2048M) 11.917ms
[47.267s][info][gc,cpu         ] GC(86) User=0.02s Sys=0.02s Real=0.02s
[47.842s][info][gc,start       ] GC(87) Pause Young (Normal) (G1 Evacuation Pause)
[47.842s][info][gc,task        ] GC(87) Using 6 workers of 6 for evacuation
[47.852s][info][gc,phases      ] GC(87)   Pre Evacuate Collection Set: 0.0ms
[47.852s][info][gc,phases      ] GC(87)   Evacuate Collection Set: 8.5ms
[47.852s][info][gc,phases      ] GC(87)   Post Evacuate Collection Set: 1.2ms
[47.853s][info][gc,phases      ] GC(87)   Other: 0.2ms
[47.853s][info][gc,heap        ] GC(87) Eden regions: 1203->0(1199)
[47.853s][info][gc,heap        ] GC(87) Survivor regions: 25->29(154)
[47.853s][info][gc,heap        ] GC(87) Old regions: 5->5
[47.853s][info][gc,heap        ] GC(87) Humongous regions: 3->3
[47.853s][info][gc,metaspace   ] GC(87) Metaspace: 17917K(18688K)->17917K(18688K) NonClass: 15862K(16384K)->15862K(16384K) Class: 2054K(2304K)->2054K(2304K)
[47.853s][info][gc             ] GC(87) Pause Young (Normal) (G1 Evacuation Pause) 1234M->35M(2048M) 10.116ms
[47.853s][info][gc,cpu         ] GC(87) User=0.00s Sys=0.00s Real=0.00s
[48.703s][info][gc,task        ] GC(88) Using 6 workers of 6 for full compaction
[48.703s][info][gc,start       ] GC(88) Pause Full (System.gc())
[48.703s][info][gc,phases,start] GC(88) Phase 1: Mark live objects
[48.706s][info][gc,stringtable ] GC(88) Cleaned string and symbol table, strings: 5637 processed, 0 removed, symbols: 53749 processed, 0 removed
[48.706s][info][gc,phases      ] GC(88) Phase 1: Mark live objects 2.352ms
[48.706s][info][gc,phases,start] GC(88) Phase 2: Prepare for compaction
[48.708s][info][gc,phases      ] GC(88) Phase 2: Prepare for compaction 2.070ms
[48.708s][info][gc,phases,start] GC(88) Phase 3: Adjust pointers
[48.710s][info][gc,phases      ] GC(88) Phase 3: Adjust pointers 1.787ms
[48.710s][info][gc,phases,start] GC(88) Phase 4: Compact heap
[48.712s][info][gc,phases      ] GC(88) Phase 4: Compact heap 2.066ms
[48.714s][info][gc,heap        ] GC(88) Eden regions: 1149->0(1228)
[48.714s][info][gc,heap        ] GC(88) Survivor regions: 29->0(154)
[48.714s][info][gc,heap        ] GC(88) Old regions: 5->5
[48.714s][info][gc,heap        ] GC(88) Humongous regions: 22->0
[48.714s][info][gc,metaspace   ] GC(88) Metaspace: 17917K(18688K)->17917K(18688K) NonClass: 15862K(16384K)->15862K(16384K) Class: 2054K(2304K)->2054K(2304K)
[48.714s][info][gc             ] GC(88) Pause Full (System.gc()) 1203M->3M(2048M) 10.681ms
[48.714s][info][gc,cpu         ] GC(88) User=0.00s Sys=0.00s Real=0.00s
[49.205s][info][gc,start       ] GC(89) Pause Young (Normal) (G1 Evacuation Pause)
[49.205s][info][gc,task        ] GC(89) Using 6 workers of 6 for evacuation
[49.208s][info][gc,phases      ] GC(89)   Pre Evacuate Collection Set: 0.1ms
[49.208s][info][gc,phases      ] GC(89)   Evacuate Collection Set: 2.1ms
[49.208s][info][gc,phases      ] GC(89)   Post Evacuate Collection Set: 0.8ms
[49.208s][info][gc,phases      ] GC(89)   Other: 0.3ms
[49.208s][info][gc,heap        ] GC(89) Eden regions: 1228->0(1223)
[49.208s][info][gc,heap        ] GC(89) Survivor regions: 0->5(154)
[49.208s][info][gc,heap        ] GC(89) Old regions: 5->5
[49.208s][info][gc,heap        ] GC(89) Humongous regions: 0->0
[49.208s][info][gc,metaspace   ] GC(89) Metaspace: 17918K(18688K)->17918K(18688K) NonClass: 15864K(16384K)->15864K(16384K) Class: 2054K(2304K)->2054K(2304K)
[49.208s][info][gc             ] GC(89) Pause Young (Normal) (G1 Evacuation Pause) 1231M->8M(2048M) 3.407ms
[49.208s][info][gc,cpu         ] GC(89) User=0.02s Sys=0.00s Real=0.02s
[49.666s][info][gc,start       ] GC(90) Pause Young (Normal) (G1 Evacuation Pause)
[49.667s][info][gc,task        ] GC(90) Using 6 workers of 6 for evacuation
[49.671s][info][gc,phases      ] GC(90)   Pre Evacuate Collection Set: 0.0ms
[49.671s][info][gc,phases      ] GC(90)   Evacuate Collection Set: 2.9ms
[49.671s][info][gc,phases      ] GC(90)   Post Evacuate Collection Set: 0.9ms
[49.671s][info][gc,phases      ] GC(90)   Other: 0.2ms
[49.671s][info][gc,heap        ] GC(90) Eden regions: 1223->0(1220)
[49.671s][info][gc,heap        ] GC(90) Survivor regions: 5->8(154)
[49.671s][info][gc,heap        ] GC(90) Old regions: 5->5
[49.671s][info][gc,heap        ] GC(90) Humongous regions: 0->0
[49.671s][info][gc,metaspace   ] GC(90) Metaspace: 17918K(18688K)->17918K(18688K) NonClass: 15864K(16384K)->15864K(16384K) Class: 2054K(2304K)->2054K(2304K)
[49.671s][info][gc             ] GC(90) Pause Young (Normal) (G1 Evacuation Pause) 1231M->11M(2048M) 4.215ms
[49.671s][info][gc,cpu         ] GC(90) User=0.00s Sys=0.00s Real=0.00s
[50.222s][info][gc,start       ] GC(91) Pause Young (Normal) (G1 Evacuation Pause)
[50.222s][info][gc,task        ] GC(91) Using 6 workers of 6 for evacuation
[50.229s][info][gc,phases      ] GC(91)   Pre Evacuate Collection Set: 0.0ms
[50.229s][info][gc,phases      ] GC(91)   Evacuate Collection Set: 5.3ms
[50.229s][info][gc,phases      ] GC(91)   Post Evacuate Collection Set: 1.0ms
[50.229s][info][gc,phases      ] GC(91)   Other: 0.4ms
[50.229s][info][gc,heap        ] GC(91) Eden regions: 1220->0(1216)
[50.229s][info][gc,heap        ] GC(91) Survivor regions: 8->12(154)
[50.229s][info][gc,heap        ] GC(91) Old regions: 5->5
[50.229s][info][gc,heap        ] GC(91) Humongous regions: 0->0
[50.229s][info][gc,metaspace   ] GC(91) Metaspace: 17918K(18688K)->17918K(18688K) NonClass: 15864K(16384K)->15864K(16384K) Class: 2054K(2304K)->2054K(2304K)
[50.229s][info][gc             ] GC(91) Pause Young (Normal) (G1 Evacuation Pause) 1231M->15M(2048M) 6.771ms
[50.229s][info][gc,cpu         ] GC(91) User=0.02s Sys=0.00s Real=0.02s
[50.838s][info][gc,start       ] GC(92) Pause Young (Normal) (G1 Evacuation Pause)
[50.838s][info][gc,task        ] GC(92) Using 6 workers of 6 for evacuation
[50.850s][info][gc,phases      ] GC(92)   Pre Evacuate Collection Set: 0.1ms
[50.850s][info][gc,phases      ] GC(92)   Evacuate Collection Set: 10.5ms
[50.850s][info][gc,phases      ] GC(92)   Post Evacuate Collection Set: 1.0ms
[50.850s][info][gc,phases      ] GC(92)   Other: 0.4ms
[50.850s][info][gc,heap        ] GC(92) Eden regions: 1216->0(1203)
[50.850s][info][gc,heap        ] GC(92) Survivor regions: 12->25(154)
[50.850s][info][gc,heap        ] GC(92) Old regions: 5->5
[50.850s][info][gc,heap        ] GC(92) Humongous regions: 3->3
[50.850s][info][gc,metaspace   ] GC(92) Metaspace: 17921K(18688K)->17921K(18688K) NonClass: 15866K(16384K)->15866K(16384K) Class: 2054K(2304K)->2054K(2304K)
[50.850s][info][gc             ] GC(92) Pause Young (Normal) (G1 Evacuation Pause) 1234M->31M(2048M) 11.965ms
[50.850s][info][gc,cpu         ] GC(92) User=0.05s Sys=0.00s Real=0.02s
[51.421s][info][gc,start       ] GC(93) Pause Young (Normal) (G1 Evacuation Pause)
[51.421s][info][gc,task        ] GC(93) Using 6 workers of 6 for evacuation
[51.431s][info][gc,phases      ] GC(93)   Pre Evacuate Collection Set: 0.0ms
[51.431s][info][gc,phases      ] GC(93)   Evacuate Collection Set: 9.0ms
[51.431s][info][gc,phases      ] GC(93)   Post Evacuate Collection Set: 1.1ms
[51.431s][info][gc,phases      ] GC(93)   Other: 0.3ms
[51.431s][info][gc,heap        ] GC(93) Eden regions: 1203->0(1199)
[51.431s][info][gc,heap        ] GC(93) Survivor regions: 25->29(154)
[51.431s][info][gc,heap        ] GC(93) Old regions: 5->5
[51.431s][info][gc,heap        ] GC(93) Humongous regions: 3->3
[51.431s][info][gc,metaspace   ] GC(93) Metaspace: 17921K(18688K)->17921K(18688K) NonClass: 15866K(16384K)->15866K(16384K) Class: 2054K(2304K)->2054K(2304K)
[51.431s][info][gc             ] GC(93) Pause Young (Normal) (G1 Evacuation Pause) 1234M->35M(2048M) 10.471ms
[51.431s][info][gc,cpu         ] GC(93) User=0.00s Sys=0.00s Real=0.00s
[52.283s][info][gc,task        ] GC(94) Using 6 workers of 6 for full compaction
[52.283s][info][gc,start       ] GC(94) Pause Full (System.gc())
[52.283s][info][gc,phases,start] GC(94) Phase 1: Mark live objects
[52.286s][info][gc,stringtable ] GC(94) Cleaned string and symbol table, strings: 5637 processed, 0 removed, symbols: 53749 processed, 0 removed
[52.286s][info][gc,phases      ] GC(94) Phase 1: Mark live objects 2.481ms
[52.286s][info][gc,phases,start] GC(94) Phase 2: Prepare for compaction
[52.289s][info][gc,phases      ] GC(94) Phase 2: Prepare for compaction 2.802ms
[52.289s][info][gc,phases,start] GC(94) Phase 3: Adjust pointers
[52.290s][info][gc,phases      ] GC(94) Phase 3: Adjust pointers 1.729ms
[52.290s][info][gc,phases,start] GC(94) Phase 4: Compact heap
[52.292s][info][gc,phases      ] GC(94) Phase 4: Compact heap 1.955ms
[52.294s][info][gc,heap        ] GC(94) Eden regions: 1149->0(1228)
[52.294s][info][gc,heap        ] GC(94) Survivor regions: 29->0(154)
[52.294s][info][gc,heap        ] GC(94) Old regions: 5->6
[52.294s][info][gc,heap        ] GC(94) Humongous regions: 22->0
[52.294s][info][gc,metaspace   ] GC(94) Metaspace: 17923K(18688K)->17923K(18688K) NonClass: 15868K(16384K)->15868K(16384K) Class: 2054K(2304K)->2054K(2304K)
[52.294s][info][gc             ] GC(94) Pause Full (System.gc()) 1203M->3M(2048M) 11.239ms
[52.295s][info][gc,cpu         ] GC(94) User=0.02s Sys=0.00s Real=0.02s
[52.788s][info][gc,start       ] GC(95) Pause Young (Normal) (G1 Evacuation Pause)
[52.788s][info][gc,task        ] GC(95) Using 6 workers of 6 for evacuation
[52.791s][info][gc,phases      ] GC(95)   Pre Evacuate Collection Set: 0.0ms
[52.791s][info][gc,phases      ] GC(95)   Evacuate Collection Set: 1.9ms
[52.791s][info][gc,phases      ] GC(95)   Post Evacuate Collection Set: 0.9ms
[52.791s][info][gc,phases      ] GC(95)   Other: 0.2ms
[52.791s][info][gc,heap        ] GC(95) Eden regions: 1228->0(1222)
[52.791s][info][gc,heap        ] GC(95) Survivor regions: 0->6(154)
[52.791s][info][gc,heap        ] GC(95) Old regions: 6->6
[52.791s][info][gc,heap        ] GC(95) Humongous regions: 0->0
[52.791s][info][gc,metaspace   ] GC(95) Metaspace: 17930K(18688K)->17930K(18688K) NonClass: 15876K(16384K)->15876K(16384K) Class: 2054K(2304K)->2054K(2304K)
[52.791s][info][gc             ] GC(95) Pause Young (Normal) (G1 Evacuation Pause) 1231M->9M(2048M) 3.200ms
[52.791s][info][gc,cpu         ] GC(95) User=0.00s Sys=0.00s Real=0.00s
[53.224s][info][gc,start       ] GC(96) Pause Young (Normal) (G1 Evacuation Pause)
[53.224s][info][gc,task        ] GC(96) Using 6 workers of 6 for evacuation
[53.228s][info][gc,phases      ] GC(96)   Pre Evacuate Collection Set: 0.1ms
[53.228s][info][gc,phases      ] GC(96)   Evacuate Collection Set: 3.1ms
[53.228s][info][gc,phases      ] GC(96)   Post Evacuate Collection Set: 1.0ms
[53.228s][info][gc,phases      ] GC(96)   Other: 0.4ms
[53.228s][info][gc,heap        ] GC(96) Eden regions: 1222->0(1220)
[53.228s][info][gc,heap        ] GC(96) Survivor regions: 6->8(154)
[53.228s][info][gc,heap        ] GC(96) Old regions: 6->6
[53.228s][info][gc,heap        ] GC(96) Humongous regions: 0->0
[53.228s][info][gc,metaspace   ] GC(96) Metaspace: 17930K(18688K)->17930K(18688K) NonClass: 15876K(16384K)->15876K(16384K) Class: 2054K(2304K)->2054K(2304K)
[53.228s][info][gc             ] GC(96) Pause Young (Normal) (G1 Evacuation Pause) 1231M->11M(2048M) 4.552ms
[53.228s][info][gc,cpu         ] GC(96) User=0.02s Sys=0.00s Real=0.02s
[53.779s][info][gc,start       ] GC(97) Pause Young (Normal) (G1 Evacuation Pause)
[53.779s][info][gc,task        ] GC(97) Using 6 workers of 6 for evacuation
[53.785s][info][gc,phases      ] GC(97)   Pre Evacuate Collection Set: 0.0ms
[53.785s][info][gc,phases      ] GC(97)   Evacuate Collection Set: 5.2ms
[53.785s][info][gc,phases      ] GC(97)   Post Evacuate Collection Set: 1.0ms
[53.785s][info][gc,phases      ] GC(97)   Other: 0.3ms
[53.785s][info][gc,heap        ] GC(97) Eden regions: 1220->0(1216)
[53.785s][info][gc,heap        ] GC(97) Survivor regions: 8->12(154)
[53.785s][info][gc,heap        ] GC(97) Old regions: 6->6
[53.785s][info][gc,heap        ] GC(97) Humongous regions: 0->0
[53.785s][info][gc,metaspace   ] GC(97) Metaspace: 17930K(18688K)->17930K(18688K) NonClass: 15876K(16384K)->15876K(16384K) Class: 2054K(2304K)->2054K(2304K)
[53.785s][info][gc             ] GC(97) Pause Young (Normal) (G1 Evacuation Pause) 1231M->15M(2048M) 6.599ms
[53.785s][info][gc,cpu         ] GC(97) User=0.00s Sys=0.00s Real=0.00s
[54.393s][info][gc,start       ] GC(98) Pause Young (Normal) (G1 Evacuation Pause)
[54.393s][info][gc,task        ] GC(98) Using 6 workers of 6 for evacuation
[54.406s][info][gc,phases      ] GC(98)   Pre Evacuate Collection Set: 0.0ms
[54.406s][info][gc,phases      ] GC(98)   Evacuate Collection Set: 11.3ms
[54.406s][info][gc,phases      ] GC(98)   Post Evacuate Collection Set: 0.8ms
[54.406s][info][gc,phases      ] GC(98)   Other: 0.4ms
[54.406s][info][gc,heap        ] GC(98) Eden regions: 1216->0(1203)
[54.406s][info][gc,heap        ] GC(98) Survivor regions: 12->25(154)
[54.406s][info][gc,heap        ] GC(98) Old regions: 6->6
[54.406s][info][gc,heap        ] GC(98) Humongous regions: 3->3
[54.406s][info][gc,metaspace   ] GC(98) Metaspace: 17930K(18688K)->17930K(18688K) NonClass: 15876K(16384K)->15876K(16384K) Class: 2054K(2304K)->2054K(2304K)
[54.406s][info][gc             ] GC(98) Pause Young (Normal) (G1 Evacuation Pause) 1234M->31M(2048M) 12.570ms
[54.406s][info][gc,cpu         ] GC(98) User=0.02s Sys=0.00s Real=0.01s
[54.980s][info][gc,start       ] GC(99) Pause Young (Normal) (G1 Evacuation Pause)
[54.981s][info][gc,task        ] GC(99) Using 6 workers of 6 for evacuation
[54.991s][info][gc,phases      ] GC(99)   Pre Evacuate Collection Set: 0.1ms
[54.991s][info][gc,phases      ] GC(99)   Evacuate Collection Set: 9.1ms
[54.991s][info][gc,phases      ] GC(99)   Post Evacuate Collection Set: 1.0ms
[54.991s][info][gc,phases      ] GC(99)   Other: 0.4ms
[54.991s][info][gc,heap        ] GC(99) Eden regions: 1203->0(1199)
[54.991s][info][gc,heap        ] GC(99) Survivor regions: 25->29(154)
[54.991s][info][gc,heap        ] GC(99) Old regions: 6->6
[54.991s][info][gc,heap        ] GC(99) Humongous regions: 3->3
[54.991s][info][gc,metaspace   ] GC(99) Metaspace: 17930K(18688K)->17930K(18688K) NonClass: 15876K(16384K)->15876K(16384K) Class: 2054K(2304K)->2054K(2304K)
[54.991s][info][gc             ] GC(99) Pause Young (Normal) (G1 Evacuation Pause) 1234M->35M(2048M) 10.634ms
[54.991s][info][gc,cpu         ] GC(99) User=0.02s Sys=0.00s Real=0.02s
[55.841s][info][gc,task        ] GC(100) Using 6 workers of 6 for full compaction
[55.841s][info][gc,start       ] GC(100) Pause Full (System.gc())
[55.841s][info][gc,phases,start] GC(100) Phase 1: Mark live objects
[55.844s][info][gc,stringtable ] GC(100) Cleaned string and symbol table, strings: 5637 processed, 0 removed, symbols: 53749 processed, 0 removed
[55.844s][info][gc,phases      ] GC(100) Phase 1: Mark live objects 2.521ms
[55.844s][info][gc,phases,start] GC(100) Phase 2: Prepare for compaction
[55.846s][info][gc,phases      ] GC(100) Phase 2: Prepare for compaction 2.317ms
[55.846s][info][gc,phases,start] GC(100) Phase 3: Adjust pointers
[55.848s][info][gc,phases      ] GC(100) Phase 3: Adjust pointers 1.700ms
[55.848s][info][gc,phases,start] GC(100) Phase 4: Compact heap
[55.850s][info][gc,phases      ] GC(100) Phase 4: Compact heap 1.911ms
[55.851s][info][gc,heap        ] GC(100) Eden regions: 1151->0(1228)
[55.851s][info][gc,heap        ] GC(100) Survivor regions: 29->0(154)
[55.851s][info][gc,heap        ] GC(100) Old regions: 6->6
[55.851s][info][gc,heap        ] GC(100) Humongous regions: 22->0
[55.851s][info][gc,metaspace   ] GC(100) Metaspace: 17933K(18688K)->17933K(18688K) NonClass: 15879K(16384K)->15879K(16384K) Class: 2054K(2304K)->2054K(2304K)
[55.851s][info][gc             ] GC(100) Pause Full (System.gc()) 1204M->3M(2048M) 10.590ms
[55.852s][info][gc,cpu         ] GC(100) User=0.02s Sys=0.00s Real=0.01s
[56.204s][info][gc,start       ] GC(101) Pause Young (Normal) (G1 Evacuation Pause)
[56.204s][info][gc,task        ] GC(101) Using 6 workers of 6 for evacuation
[56.207s][info][gc,phases      ] GC(101)   Pre Evacuate Collection Set: 0.0ms
[56.207s][info][gc,phases      ] GC(101)   Evacuate Collection Set: 2.0ms
[56.207s][info][gc,phases      ] GC(101)   Post Evacuate Collection Set: 0.8ms
[56.207s][info][gc,phases      ] GC(101)   Other: 0.2ms
[56.207s][info][gc,heap        ] GC(101) Eden regions: 1228->0(1224)
[56.207s][info][gc,heap        ] GC(101) Survivor regions: 0->4(154)
[56.207s][info][gc,heap        ] GC(101) Old regions: 6->6
[56.207s][info][gc,heap        ] GC(101) Humongous regions: 0->0
[56.207s][info][gc,metaspace   ] GC(101) Metaspace: 17937K(18688K)->17937K(18688K) NonClass: 15883K(16384K)->15883K(16384K) Class: 2054K(2304K)->2054K(2304K)
[56.207s][info][gc             ] GC(101) Pause Young (Normal) (G1 Evacuation Pause) 1231M->7M(2048M) 3.191ms
[56.207s][info][gc,cpu         ] GC(101) User=0.00s Sys=0.00s Real=0.00s
[56.611s][info][gc,start       ] GC(102) Pause Young (Normal) (G1 Evacuation Pause)
[56.611s][info][gc,task        ] GC(102) Using 6 workers of 6 for evacuation
[56.615s][info][gc,phases      ] GC(102)   Pre Evacuate Collection Set: 0.0ms
[56.615s][info][gc,phases      ] GC(102)   Evacuate Collection Set: 3.1ms
[56.615s][info][gc,phases      ] GC(102)   Post Evacuate Collection Set: 1.0ms
[56.615s][info][gc,phases      ] GC(102)   Other: 0.2ms
[56.615s][info][gc,heap        ] GC(102) Eden regions: 1224->0(1220)
[56.615s][info][gc,heap        ] GC(102) Survivor regions: 4->8(154)
[56.615s][info][gc,heap        ] GC(102) Old regions: 6->6
[56.615s][info][gc,heap        ] GC(102) Humongous regions: 0->0
[56.615s][info][gc,metaspace   ] GC(102) Metaspace: 17937K(18688K)->17937K(18688K) NonClass: 15883K(16384K)->15883K(16384K) Class: 2054K(2304K)->2054K(2304K)
[56.615s][info][gc             ] GC(102) Pause Young (Normal) (G1 Evacuation Pause) 1231M->11M(2048M) 4.395ms
[56.615s][info][gc,cpu         ] GC(102) User=0.00s Sys=0.00s Real=0.00s
[57.121s][info][gc,start       ] GC(103) Pause Young (Normal) (G1 Evacuation Pause)
[57.121s][info][gc,task        ] GC(103) Using 6 workers of 6 for evacuation
[57.128s][info][gc,phases      ] GC(103)   Pre Evacuate Collection Set: 0.0ms
[57.128s][info][gc,phases      ] GC(103)   Evacuate Collection Set: 5.3ms
[57.128s][info][gc,phases      ] GC(103)   Post Evacuate Collection Set: 1.0ms
[57.128s][info][gc,phases      ] GC(103)   Other: 0.3ms
[57.128s][info][gc,heap        ] GC(103) Eden regions: 1220->0(1216)
[57.128s][info][gc,heap        ] GC(103) Survivor regions: 8->12(154)
[57.128s][info][gc,heap        ] GC(103) Old regions: 6->6
[57.128s][info][gc,heap        ] GC(103) Humongous regions: 0->0
[57.128s][info][gc,metaspace   ] GC(103) Metaspace: 17937K(18688K)->17937K(18688K) NonClass: 15883K(16384K)->15883K(16384K) Class: 2054K(2304K)->2054K(2304K)
[57.128s][info][gc             ] GC(103) Pause Young (Normal) (G1 Evacuation Pause) 1231M->15M(2048M) 6.707ms
[57.128s][info][gc,cpu         ] GC(103) User=0.00s Sys=0.00s Real=0.01s
[57.737s][info][gc,start       ] GC(104) Pause Young (Normal) (G1 Evacuation Pause)
[57.737s][info][gc,task        ] GC(104) Using 6 workers of 6 for evacuation
[57.749s][info][gc,phases      ] GC(104)   Pre Evacuate Collection Set: 0.0ms
[57.749s][info][gc,phases      ] GC(104)   Evacuate Collection Set: 10.8ms
[57.749s][info][gc,phases      ] GC(104)   Post Evacuate Collection Set: 0.9ms
[57.749s][info][gc,phases      ] GC(104)   Other: 0.2ms
[57.749s][info][gc,heap        ] GC(104) Eden regions: 1216->0(1203)
[57.749s][info][gc,heap        ] GC(104) Survivor regions: 12->25(154)
[57.749s][info][gc,heap        ] GC(104) Old regions: 6->6
[57.749s][info][gc,heap        ] GC(104) Humongous regions: 3->3
[57.749s][info][gc,metaspace   ] GC(104) Metaspace: 17937K(18688K)->17937K(18688K) NonClass: 15883K(16384K)->15883K(16384K) Class: 2054K(2304K)->2054K(2304K)
[57.749s][info][gc             ] GC(104) Pause Young (Normal) (G1 Evacuation Pause) 1234M->31M(2048M) 12.111ms
[57.749s][info][gc,cpu         ] GC(104) User=0.00s Sys=0.00s Real=0.00s
[58.323s][info][gc,start       ] GC(105) Pause Young (Normal) (G1 Evacuation Pause)
[58.323s][info][gc,task        ] GC(105) Using 6 workers of 6 for evacuation
[58.333s][info][gc,phases      ] GC(105)   Pre Evacuate Collection Set: 0.0ms
[58.333s][info][gc,phases      ] GC(105)   Evacuate Collection Set: 8.8ms
[58.333s][info][gc,phases      ] GC(105)   Post Evacuate Collection Set: 1.0ms
[58.333s][info][gc,phases      ] GC(105)   Other: 0.3ms
[58.333s][info][gc,heap        ] GC(105) Eden regions: 1203->0(1199)
[58.333s][info][gc,heap        ] GC(105) Survivor regions: 25->29(154)
[58.333s][info][gc,heap        ] GC(105) Old regions: 6->6
[58.333s][info][gc,heap        ] GC(105) Humongous regions: 3->3
[58.333s][info][gc,metaspace   ] GC(105) Metaspace: 17937K(18688K)->17937K(18688K) NonClass: 15883K(16384K)->15883K(16384K) Class: 2054K(2304K)->2054K(2304K)
[58.333s][info][gc             ] GC(105) Pause Young (Normal) (G1 Evacuation Pause) 1234M->35M(2048M) 10.284ms
[58.333s][info][gc,cpu         ] GC(105) User=0.02s Sys=0.00s Real=0.02s
[59.181s][info][gc,task        ] GC(106) Using 6 workers of 6 for full compaction
[59.181s][info][gc,start       ] GC(106) Pause Full (System.gc())
[59.182s][info][gc,phases,start] GC(106) Phase 1: Mark live objects
[59.184s][info][gc,stringtable ] GC(106) Cleaned string and symbol table, strings: 5637 processed, 0 removed, symbols: 53749 processed, 0 removed
[59.184s][info][gc,phases      ] GC(106) Phase 1: Mark live objects 2.580ms
[59.184s][info][gc,phases,start] GC(106) Phase 2: Prepare for compaction
[59.187s][info][gc,phases      ] GC(106) Phase 2: Prepare for compaction 2.358ms
[59.187s][info][gc,phases,start] GC(106) Phase 3: Adjust pointers
[59.188s][info][gc,phases      ] GC(106) Phase 3: Adjust pointers 1.747ms
[59.188s][info][gc,phases,start] GC(106) Phase 4: Compact heap
[59.191s][info][gc,phases      ] GC(106) Phase 4: Compact heap 2.178ms
[59.193s][info][gc,heap        ] GC(106) Eden regions: 1148->0(1228)
[59.193s][info][gc,heap        ] GC(106) Survivor regions: 29->0(154)
[59.193s][info][gc,heap        ] GC(106) Old regions: 6->6
[59.193s][info][gc,heap        ] GC(106) Humongous regions: 22->0
[59.193s][info][gc,metaspace   ] GC(106) Metaspace: 17937K(18688K)->17937K(18688K) NonClass: 15883K(16384K)->15883K(16384K) Class: 2054K(2304K)->2054K(2304K)
[59.193s][info][gc             ] GC(106) Pause Full (System.gc()) 1202M->3M(2048M) 11.341ms
[59.193s][info][gc,cpu         ] GC(106) User=0.00s Sys=0.00s Real=0.00s
[59.578s][info][gc,start       ] GC(107) Pause Young (Normal) (G1 Evacuation Pause)
[59.578s][info][gc,task        ] GC(107) Using 6 workers of 6 for evacuation
[59.581s][info][gc,phases      ] GC(107)   Pre Evacuate Collection Set: 0.1ms
[59.581s][info][gc,phases      ] GC(107)   Evacuate Collection Set: 2.1ms
[59.581s][info][gc,phases      ] GC(107)   Post Evacuate Collection Set: 0.9ms
[59.581s][info][gc,phases      ] GC(107)   Other: 0.3ms
[59.581s][info][gc,heap        ] GC(107) Eden regions: 1228->0(1223)
[59.581s][info][gc,heap        ] GC(107) Survivor regions: 0->5(154)
[59.581s][info][gc,heap        ] GC(107) Old regions: 6->6
[59.581s][info][gc,heap        ] GC(107) Humongous regions: 0->0
[59.581s][info][gc,metaspace   ] GC(107) Metaspace: 17939K(18688K)->17939K(18688K) NonClass: 15884K(16384K)->15884K(16384K) Class: 2054K(2304K)->2054K(2304K)
[59.581s][info][gc             ] GC(107) Pause Young (Normal) (G1 Evacuation Pause) 1231M->8M(2048M) 3.482ms
[59.581s][info][gc,cpu         ] GC(107) User=0.00s Sys=0.00s Real=0.00s
[59.993s][info][gc,start       ] GC(108) Pause Young (Normal) (G1 Evacuation Pause)
[59.994s][info][gc,task        ] GC(108) Using 6 workers of 6 for evacuation
[59.998s][info][gc,phases      ] GC(108)   Pre Evacuate Collection Set: 0.0ms
[59.998s][info][gc,phases      ] GC(108)   Evacuate Collection Set: 3.2ms
[59.998s][info][gc,phases      ] GC(108)   Post Evacuate Collection Set: 0.9ms
[59.998s][info][gc,phases      ] GC(108)   Other: 0.2ms
[59.998s][info][gc,heap        ] GC(108) Eden regions: 1223->0(1220)
[59.998s][info][gc,heap        ] GC(108) Survivor regions: 5->8(154)
[59.998s][info][gc,heap        ] GC(108) Old regions: 6->6
[59.998s][info][gc,heap        ] GC(108) Humongous regions: 0->0
[59.998s][info][gc,metaspace   ] GC(108) Metaspace: 17939K(18688K)->17939K(18688K) NonClass: 15884K(16384K)->15884K(16384K) Class: 2054K(2304K)->2054K(2304K)
[59.998s][info][gc             ] GC(108) Pause Young (Normal) (G1 Evacuation Pause) 1231M->11M(2048M) 4.407ms
[59.998s][info][gc,cpu         ] GC(108) User=0.02s Sys=0.00s Real=0.02s
[60.549s][info][gc,start       ] GC(109) Pause Young (Normal) (G1 Evacuation Pause)
[60.549s][info][gc,task        ] GC(109) Using 6 workers of 6 for evacuation
[60.556s][info][gc,phases      ] GC(109)   Pre Evacuate Collection Set: 0.1ms
[60.556s][info][gc,phases      ] GC(109)   Evacuate Collection Set: 5.3ms
[60.556s][info][gc,phases      ] GC(109)   Post Evacuate Collection Set: 1.1ms
[60.556s][info][gc,phases      ] GC(109)   Other: 0.3ms
[60.556s][info][gc,heap        ] GC(109) Eden regions: 1220->0(1216)
[60.556s][info][gc,heap        ] GC(109) Survivor regions: 8->12(154)
[60.556s][info][gc,heap        ] GC(109) Old regions: 6->6
[60.556s][info][gc,heap        ] GC(109) Humongous regions: 0->0
[60.556s][info][gc,metaspace   ] GC(109) Metaspace: 17939K(18688K)->17939K(18688K) NonClass: 15884K(16384K)->15884K(16384K) Class: 2054K(2304K)->2054K(2304K)
[60.556s][info][gc             ] GC(109) Pause Young (Normal) (G1 Evacuation Pause) 1231M->15M(2048M) 6.822ms
[60.556s][info][gc,cpu         ] GC(109) User=0.00s Sys=0.00s Real=0.00s
[61.166s][info][gc,start       ] GC(110) Pause Young (Normal) (G1 Evacuation Pause)
[61.166s][info][gc,task        ] GC(110) Using 6 workers of 6 for evacuation
[61.177s][info][gc,phases      ] GC(110)   Pre Evacuate Collection Set: 0.0ms
[61.177s][info][gc,phases      ] GC(110)   Evacuate Collection Set: 10.4ms
[61.177s][info][gc,phases      ] GC(110)   Post Evacuate Collection Set: 0.9ms
[61.177s][info][gc,phases      ] GC(110)   Other: 0.2ms
[61.177s][info][gc,heap        ] GC(110) Eden regions: 1216->0(1203)
[61.177s][info][gc,heap        ] GC(110) Survivor regions: 12->25(154)
[61.177s][info][gc,heap        ] GC(110) Old regions: 6->6
[61.177s][info][gc,heap        ] GC(110) Humongous regions: 3->3
[61.177s][info][gc,metaspace   ] GC(110) Metaspace: 17939K(18688K)->17939K(18688K) NonClass: 15884K(16384K)->15884K(16384K) Class: 2054K(2304K)->2054K(2304K)
[61.177s][info][gc             ] GC(110) Pause Young (Normal) (G1 Evacuation Pause) 1234M->31M(2048M) 11.732ms
[61.177s][info][gc,cpu         ] GC(110) User=0.02s Sys=0.00s Real=0.02s
[61.752s][info][gc,start       ] GC(111) Pause Young (Normal) (G1 Evacuation Pause)
[61.752s][info][gc,task        ] GC(111) Using 6 workers of 6 for evacuation
[61.762s][info][gc,phases      ] GC(111)   Pre Evacuate Collection Set: 0.1ms
[61.762s][info][gc,phases      ] GC(111)   Evacuate Collection Set: 8.8ms
[61.762s][info][gc,phases      ] GC(111)   Post Evacuate Collection Set: 1.0ms
[61.762s][info][gc,phases      ] GC(111)   Other: 0.4ms
[61.762s][info][gc,heap        ] GC(111) Eden regions: 1203->0(1199)
[61.762s][info][gc,heap        ] GC(111) Survivor regions: 25->29(154)
[61.762s][info][gc,heap        ] GC(111) Old regions: 6->6
[61.762s][info][gc,heap        ] GC(111) Humongous regions: 3->3
[61.762s][info][gc,metaspace   ] GC(111) Metaspace: 17939K(18688K)->17939K(18688K) NonClass: 15884K(16384K)->15884K(16384K) Class: 2054K(2304K)->2054K(2304K)
[61.762s][info][gc             ] GC(111) Pause Young (Normal) (G1 Evacuation Pause) 1234M->35M(2048M) 10.377ms
[61.762s][info][gc,cpu         ] GC(111) User=0.00s Sys=0.02s Real=0.01s
[62.615s][info][gc,task        ] GC(112) Using 6 workers of 6 for full compaction
[62.615s][info][gc,start       ] GC(112) Pause Full (System.gc())
[62.616s][info][gc,phases,start] GC(112) Phase 1: Mark live objects
[62.618s][info][gc,stringtable ] GC(112) Cleaned string and symbol table, strings: 5637 processed, 0 removed, symbols: 53749 processed, 0 removed
[62.618s][info][gc,phases      ] GC(112) Phase 1: Mark live objects 2.393ms
[62.618s][info][gc,phases,start] GC(112) Phase 2: Prepare for compaction
[62.620s][info][gc,phases      ] GC(112) Phase 2: Prepare for compaction 2.153ms
[62.620s][info][gc,phases,start] GC(112) Phase 3: Adjust pointers
[62.622s][info][gc,phases      ] GC(112) Phase 3: Adjust pointers 1.693ms
[62.622s][info][gc,phases,start] GC(112) Phase 4: Compact heap
[62.624s][info][gc,phases      ] GC(112) Phase 4: Compact heap 2.249ms
[62.626s][info][gc,heap        ] GC(112) Eden regions: 1150->0(1228)
[62.626s][info][gc,heap        ] GC(112) Survivor regions: 29->0(154)
[62.626s][info][gc,heap        ] GC(112) Old regions: 6->5
[62.626s][info][gc,heap        ] GC(112) Humongous regions: 22->0
[62.626s][info][gc,metaspace   ] GC(112) Metaspace: 17939K(18688K)->17939K(18688K) NonClass: 15884K(16384K)->15884K(16384K) Class: 2054K(2304K)->2054K(2304K)
[62.626s][info][gc             ] GC(112) Pause Full (System.gc()) 1203M->3M(2048M) 10.867ms
[62.626s][info][gc,cpu         ] GC(112) User=0.02s Sys=0.00s Real=0.02s
[63.081s][info][gc,start       ] GC(113) Pause Young (Normal) (G1 Evacuation Pause)
[63.081s][info][gc,task        ] GC(113) Using 6 workers of 6 for evacuation
[63.084s][info][gc,phases      ] GC(113)   Pre Evacuate Collection Set: 0.1ms
[63.084s][info][gc,phases      ] GC(113)   Evacuate Collection Set: 2.1ms
[63.084s][info][gc,phases      ] GC(113)   Post Evacuate Collection Set: 0.8ms
[63.084s][info][gc,phases      ] GC(113)   Other: 0.3ms
[63.084s][info][gc,heap        ] GC(113) Eden regions: 1228->0(1223)
[63.084s][info][gc,heap        ] GC(113) Survivor regions: 0->5(154)
[63.084s][info][gc,heap        ] GC(113) Old regions: 5->5
[63.084s][info][gc,heap        ] GC(113) Humongous regions: 0->0
[63.084s][info][gc,metaspace   ] GC(113) Metaspace: 17940K(18688K)->17940K(18688K) NonClass: 15885K(16384K)->15885K(16384K) Class: 2054K(2304K)->2054K(2304K)
[63.084s][info][gc             ] GC(113) Pause Young (Normal) (G1 Evacuation Pause) 1231M->8M(2048M) 3.529ms
[63.084s][info][gc,cpu         ] GC(113) User=0.00s Sys=0.00s Real=0.00s
[63.575s][info][gc,start       ] GC(114) Pause Young (Normal) (G1 Evacuation Pause)
[63.575s][info][gc,task        ] GC(114) Using 6 workers of 6 for evacuation
[63.579s][info][gc,phases      ] GC(114)   Pre Evacuate Collection Set: 0.0ms
[63.579s][info][gc,phases      ] GC(114)   Evacuate Collection Set: 3.0ms
[63.579s][info][gc,phases      ] GC(114)   Post Evacuate Collection Set: 0.9ms
[63.579s][info][gc,phases      ] GC(114)   Other: 0.2ms
[63.579s][info][gc,heap        ] GC(114) Eden regions: 1223->0(1220)
[63.579s][info][gc,heap        ] GC(114) Survivor regions: 5->8(154)
[63.579s][info][gc,heap        ] GC(114) Old regions: 5->5
[63.579s][info][gc,heap        ] GC(114) Humongous regions: 0->0
[63.579s][info][gc,metaspace   ] GC(114) Metaspace: 17940K(18688K)->17940K(18688K) NonClass: 15885K(16384K)->15885K(16384K) Class: 2054K(2304K)->2054K(2304K)
[63.579s][info][gc             ] GC(114) Pause Young (Normal) (G1 Evacuation Pause) 1231M->11M(2048M) 4.304ms
[63.579s][info][gc,cpu         ] GC(114) User=0.00s Sys=0.00s Real=0.00s
[64.136s][info][gc,start       ] GC(115) Pause Young (Normal) (G1 Evacuation Pause)
[64.136s][info][gc,task        ] GC(115) Using 6 workers of 6 for evacuation
[64.143s][info][gc,phases      ] GC(115)   Pre Evacuate Collection Set: 0.1ms
[64.143s][info][gc,phases      ] GC(115)   Evacuate Collection Set: 5.3ms
[64.143s][info][gc,phases      ] GC(115)   Post Evacuate Collection Set: 1.0ms
[64.143s][info][gc,phases      ] GC(115)   Other: 0.4ms
[64.143s][info][gc,heap        ] GC(115) Eden regions: 1220->0(1216)
[64.143s][info][gc,heap        ] GC(115) Survivor regions: 8->12(154)
[64.143s][info][gc,heap        ] GC(115) Old regions: 5->5
[64.143s][info][gc,heap        ] GC(115) Humongous regions: 0->0
[64.143s][info][gc,metaspace   ] GC(115) Metaspace: 17940K(18688K)->17940K(18688K) NonClass: 15885K(16384K)->15885K(16384K) Class: 2054K(2304K)->2054K(2304K)
[64.143s][info][gc             ] GC(115) Pause Young (Normal) (G1 Evacuation Pause) 1231M->15M(2048M) 6.805ms
[64.143s][info][gc,cpu         ] GC(115) User=0.02s Sys=0.00s Real=0.02s
[64.750s][info][gc,start       ] GC(116) Pause Young (Normal) (G1 Evacuation Pause)
[64.750s][info][gc,task        ] GC(116) Using 6 workers of 6 for evacuation
[64.762s][info][gc,phases      ] GC(116)   Pre Evacuate Collection Set: 0.0ms
[64.762s][info][gc,phases      ] GC(116)   Evacuate Collection Set: 10.7ms
[64.762s][info][gc,phases      ] GC(116)   Post Evacuate Collection Set: 0.9ms
[64.762s][info][gc,phases      ] GC(116)   Other: 0.2ms
[64.762s][info][gc,heap        ] GC(116) Eden regions: 1216->0(1203)
[64.762s][info][gc,heap        ] GC(116) Survivor regions: 12->25(154)
[64.762s][info][gc,heap        ] GC(116) Old regions: 5->5
[64.762s][info][gc,heap        ] GC(116) Humongous regions: 3->3
[64.762s][info][gc,metaspace   ] GC(116) Metaspace: 17940K(18688K)->17940K(18688K) NonClass: 15885K(16384K)->15885K(16384K) Class: 2054K(2304K)->2054K(2304K)
[64.762s][info][gc             ] GC(116) Pause Young (Normal) (G1 Evacuation Pause) 1234M->31M(2048M) 11.912ms
[64.762s][info][gc,cpu         ] GC(116) User=0.02s Sys=0.00s Real=0.02s
[65.337s][info][gc,start       ] GC(117) Pause Young (Normal) (G1 Evacuation Pause)
[65.337s][info][gc,task        ] GC(117) Using 6 workers of 6 for evacuation
[65.347s][info][gc,phases      ] GC(117)   Pre Evacuate Collection Set: 0.1ms
[65.347s][info][gc,phases      ] GC(117)   Evacuate Collection Set: 8.9ms
[65.347s][info][gc,phases      ] GC(117)   Post Evacuate Collection Set: 1.0ms
[65.347s][info][gc,phases      ] GC(117)   Other: 0.4ms
[65.347s][info][gc,heap        ] GC(117) Eden regions: 1203->0(1199)
[65.347s][info][gc,heap        ] GC(117) Survivor regions: 25->29(154)
[65.347s][info][gc,heap        ] GC(117) Old regions: 5->5
[65.347s][info][gc,heap        ] GC(117) Humongous regions: 3->3
[65.347s][info][gc,metaspace   ] GC(117) Metaspace: 17940K(18688K)->17940K(18688K) NonClass: 15885K(16384K)->15885K(16384K) Class: 2054K(2304K)->2054K(2304K)
[65.347s][info][gc             ] GC(117) Pause Young (Normal) (G1 Evacuation Pause) 1234M->35M(2048M) 10.462ms
[65.347s][info][gc,cpu         ] GC(117) User=0.00s Sys=0.00s Real=0.00s
[66.196s][info][gc,task        ] GC(118) Using 6 workers of 6 for full compaction
[66.196s][info][gc,start       ] GC(118) Pause Full (System.gc())
[66.196s][info][gc,phases,start] GC(118) Phase 1: Mark live objects
[66.199s][info][gc,stringtable ] GC(118) Cleaned string and symbol table, strings: 5637 processed, 0 removed, symbols: 53749 processed, 0 removed
[66.199s][info][gc,phases      ] GC(118) Phase 1: Mark live objects 2.527ms
[66.199s][info][gc,phases,start] GC(118) Phase 2: Prepare for compaction
[66.201s][info][gc,phases      ] GC(118) Phase 2: Prepare for compaction 2.005ms
[66.201s][info][gc,phases,start] GC(118) Phase 3: Adjust pointers
[66.203s][info][gc,phases      ] GC(118) Phase 3: Adjust pointers 1.923ms
[66.203s][info][gc,phases,start] GC(118) Phase 4: Compact heap
[66.205s][info][gc,phases      ] GC(118) Phase 4: Compact heap 2.076ms
[66.207s][info][gc,heap        ] GC(118) Eden regions: 1148->0(1228)
[66.207s][info][gc,heap        ] GC(118) Survivor regions: 29->0(154)
[66.207s][info][gc,heap        ] GC(118) Old regions: 5->5
[66.207s][info][gc,heap        ] GC(118) Humongous regions: 22->0
[66.207s][info][gc,metaspace   ] GC(118) Metaspace: 17940K(18688K)->17940K(18688K) NonClass: 15886K(16384K)->15886K(16384K) Class: 2054K(2304K)->2054K(2304K)
[66.207s][info][gc             ] GC(118) Pause Full (System.gc()) 1202M->3M(2048M) 10.657ms
[66.207s][info][gc,cpu         ] GC(118) User=0.02s Sys=0.00s Real=0.01s
[66.647s][info][gc,start       ] GC(119) Pause Young (Normal) (G1 Evacuation Pause)
[66.647s][info][gc,task        ] GC(119) Using 6 workers of 6 for evacuation
[66.650s][info][gc,phases      ] GC(119)   Pre Evacuate Collection Set: 0.0ms
[66.650s][info][gc,phases      ] GC(119)   Evacuate Collection Set: 2.1ms
[66.650s][info][gc,phases      ] GC(119)   Post Evacuate Collection Set: 0.9ms
[66.650s][info][gc,phases      ] GC(119)   Other: 0.3ms
[66.650s][info][gc,heap        ] GC(119) Eden regions: 1228->0(1223)
[66.650s][info][gc,heap        ] GC(119) Survivor regions: 0->5(154)
[66.650s][info][gc,heap        ] GC(119) Old regions: 5->5
[66.650s][info][gc,heap        ] GC(119) Humongous regions: 0->0
[66.650s][info][gc,metaspace   ] GC(119) Metaspace: 17941K(18688K)->17941K(18688K) NonClass: 15887K(16384K)->15887K(16384K) Class: 2054K(2304K)->2054K(2304K)
[66.650s][info][gc             ] GC(119) Pause Young (Normal) (G1 Evacuation Pause) 1231M->8M(2048M) 3.440ms
[66.650s][info][gc,cpu         ] GC(119) User=0.00s Sys=0.00s Real=0.00s
[67.061s][info][gc,start       ] GC(120) Pause Young (Normal) (G1 Evacuation Pause)
[67.061s][info][gc,task        ] GC(120) Using 6 workers of 6 for evacuation
[67.065s][info][gc,phases      ] GC(120)   Pre Evacuate Collection Set: 0.0ms
[67.065s][info][gc,phases      ] GC(120)   Evacuate Collection Set: 3.0ms
[67.065s][info][gc,phases      ] GC(120)   Post Evacuate Collection Set: 1.0ms
[67.065s][info][gc,phases      ] GC(120)   Other: 0.2ms
[67.065s][info][gc,heap        ] GC(120) Eden regions: 1223->0(1220)
[67.065s][info][gc,heap        ] GC(120) Survivor regions: 5->8(154)
[67.065s][info][gc,heap        ] GC(120) Old regions: 5->5
[67.065s][info][gc,heap        ] GC(120) Humongous regions: 0->0
[67.065s][info][gc,metaspace   ] GC(120) Metaspace: 17941K(18688K)->17941K(18688K) NonClass: 15887K(16384K)->15887K(16384K) Class: 2054K(2304K)->2054K(2304K)
[67.066s][info][gc             ] GC(120) Pause Young (Normal) (G1 Evacuation Pause) 1231M->11M(2048M) 4.382ms
[67.066s][info][gc,cpu         ] GC(120) User=0.00s Sys=0.00s Real=0.00s
[67.618s][info][gc,start       ] GC(121) Pause Young (Normal) (G1 Evacuation Pause)
[67.618s][info][gc,task        ] GC(121) Using 6 workers of 6 for evacuation
[67.624s][info][gc,phases      ] GC(121)   Pre Evacuate Collection Set: 0.0ms
[67.624s][info][gc,phases      ] GC(121)   Evacuate Collection Set: 5.2ms
[67.624s][info][gc,phases      ] GC(121)   Post Evacuate Collection Set: 1.0ms
[67.624s][info][gc,phases      ] GC(121)   Other: 0.3ms
[67.624s][info][gc,heap        ] GC(121) Eden regions: 1220->0(1216)
[67.624s][info][gc,heap        ] GC(121) Survivor regions: 8->12(154)
[67.624s][info][gc,heap        ] GC(121) Old regions: 5->5
[67.624s][info][gc,heap        ] GC(121) Humongous regions: 0->0
[67.624s][info][gc,metaspace   ] GC(121) Metaspace: 17941K(18688K)->17941K(18688K) NonClass: 15887K(16384K)->15887K(16384K) Class: 2054K(2304K)->2054K(2304K)
[67.624s][info][gc             ] GC(121) Pause Young (Normal) (G1 Evacuation Pause) 1231M->15M(2048M) 6.668ms
[67.624s][info][gc,cpu         ] GC(121) User=0.00s Sys=0.00s Real=0.00s
[68.232s][info][gc,start       ] GC(122) Pause Young (Normal) (G1 Evacuation Pause)
[68.232s][info][gc,task        ] GC(122) Using 6 workers of 6 for evacuation
[68.244s][info][gc,phases      ] GC(122)   Pre Evacuate Collection Set: 0.0ms
[68.244s][info][gc,phases      ] GC(122)   Evacuate Collection Set: 11.1ms
[68.244s][info][gc,phases      ] GC(122)   Post Evacuate Collection Set: 0.8ms
[68.244s][info][gc,phases      ] GC(122)   Other: 0.4ms
[68.244s][info][gc,heap        ] GC(122) Eden regions: 1216->0(1203)
[68.244s][info][gc,heap        ] GC(122) Survivor regions: 12->25(154)
[68.244s][info][gc,heap        ] GC(122) Old regions: 5->5
[68.244s][info][gc,heap        ] GC(122) Humongous regions: 3->3
[68.244s][info][gc,metaspace   ] GC(122) Metaspace: 17941K(18688K)->17941K(18688K) NonClass: 15887K(16384K)->15887K(16384K) Class: 2054K(2304K)->2054K(2304K)
[68.244s][info][gc             ] GC(122) Pause Young (Normal) (G1 Evacuation Pause) 1234M->31M(2048M) 12.363ms
[68.244s][info][gc,cpu         ] GC(122) User=0.02s Sys=0.00s Real=0.02s
[68.819s][info][gc,start       ] GC(123) Pause Young (Normal) (G1 Evacuation Pause)
[68.819s][info][gc,task        ] GC(123) Using 6 workers of 6 for evacuation
[68.829s][info][gc,phases      ] GC(123)   Pre Evacuate Collection Set: 0.0ms
[68.829s][info][gc,phases      ] GC(123)   Evacuate Collection Set: 8.5ms
[68.829s][info][gc,phases      ] GC(123)   Post Evacuate Collection Set: 1.0ms
[68.829s][info][gc,phases      ] GC(123)   Other: 0.3ms
[68.829s][info][gc,heap        ] GC(123) Eden regions: 1203->0(1199)
[68.829s][info][gc,heap        ] GC(123) Survivor regions: 25->29(154)
[68.829s][info][gc,heap        ] GC(123) Old regions: 5->5
[68.829s][info][gc,heap        ] GC(123) Humongous regions: 3->3
[68.829s][info][gc,metaspace   ] GC(123) Metaspace: 17941K(18688K)->17941K(18688K) NonClass: 15887K(16384K)->15887K(16384K) Class: 2054K(2304K)->2054K(2304K)
[68.829s][info][gc             ] GC(123) Pause Young (Normal) (G1 Evacuation Pause) 1234M->35M(2048M) 9.978ms
[68.829s][info][gc,cpu         ] GC(123) User=0.00s Sys=0.00s Real=0.00s
[69.678s][info][gc,task        ] GC(124) Using 6 workers of 6 for full compaction
[69.679s][info][gc,start       ] GC(124) Pause Full (System.gc())
[69.679s][info][gc,phases,start] GC(124) Phase 1: Mark live objects
[69.681s][info][gc,stringtable ] GC(124) Cleaned string and symbol table, strings: 5637 processed, 0 removed, symbols: 53749 processed, 0 removed
[69.681s][info][gc,phases      ] GC(124) Phase 1: Mark live objects 2.322ms
[69.681s][info][gc,phases,start] GC(124) Phase 2: Prepare for compaction
[69.683s][info][gc,phases      ] GC(124) Phase 2: Prepare for compaction 2.316ms
[69.683s][info][gc,phases,start] GC(124) Phase 3: Adjust pointers
[69.685s][info][gc,phases      ] GC(124) Phase 3: Adjust pointers 1.937ms
[69.685s][info][gc,phases,start] GC(124) Phase 4: Compact heap
[69.687s][info][gc,phases      ] GC(124) Phase 4: Compact heap 1.943ms
[69.689s][info][gc,heap        ] GC(124) Eden regions: 1149->0(1228)
[69.689s][info][gc,heap        ] GC(124) Survivor regions: 29->0(154)
[69.689s][info][gc,heap        ] GC(124) Old regions: 5->5
[69.689s][info][gc,heap        ] GC(124) Humongous regions: 22->0
[69.689s][info][gc,metaspace   ] GC(124) Metaspace: 17941K(18688K)->17941K(18688K) NonClass: 15887K(16384K)->15887K(16384K) Class: 2054K(2304K)->2054K(2304K)
[69.689s][info][gc             ] GC(124) Pause Full (System.gc()) 1203M->3M(2048M) 10.657ms
[69.689s][info][gc,cpu         ] GC(124) User=0.00s Sys=0.00s Real=0.02s
[70.188s][info][gc,start       ] GC(125) Pause Young (Normal) (G1 Evacuation Pause)
[70.188s][info][gc,task        ] GC(125) Using 6 workers of 6 for evacuation
[70.191s][info][gc,phases      ] GC(125)   Pre Evacuate Collection Set: 0.0ms
[70.191s][info][gc,phases      ] GC(125)   Evacuate Collection Set: 2.1ms
[70.191s][info][gc,phases      ] GC(125)   Post Evacuate Collection Set: 0.9ms
[70.191s][info][gc,phases      ] GC(125)   Other: 0.2ms
[70.191s][info][gc,heap        ] GC(125) Eden regions: 1228->0(1223)
[70.191s][info][gc,heap        ] GC(125) Survivor regions: 0->5(154)
[70.191s][info][gc,heap        ] GC(125) Old regions: 5->5
[70.191s][info][gc,heap        ] GC(125) Humongous regions: 0->0
[70.191s][info][gc,metaspace   ] GC(125) Metaspace: 17941K(18688K)->17941K(18688K) NonClass: 15887K(16384K)->15887K(16384K) Class: 2054K(2304K)->2054K(2304K)
[70.191s][info][gc             ] GC(125) Pause Young (Normal) (G1 Evacuation Pause) 1231M->8M(2048M) 3.284ms
[70.191s][info][gc,cpu         ] GC(125) User=0.00s Sys=0.00s Real=0.00s
[70.603s][info][gc,start       ] GC(126) Pause Young (Normal) (G1 Evacuation Pause)
[70.604s][info][gc,task        ] GC(126) Using 6 workers of 6 for evacuation
[70.608s][info][gc,phases      ] GC(126)   Pre Evacuate Collection Set: 0.1ms
[70.608s][info][gc,phases      ] GC(126)   Evacuate Collection Set: 2.8ms
[70.608s][info][gc,phases      ] GC(126)   Post Evacuate Collection Set: 1.1ms
[70.608s][info][gc,phases      ] GC(126)   Other: 0.4ms
[70.608s][info][gc,heap        ] GC(126) Eden regions: 1223->0(1220)
[70.608s][info][gc,heap        ] GC(126) Survivor regions: 5->8(154)
[70.608s][info][gc,heap        ] GC(126) Old regions: 5->5
[70.608s][info][gc,heap        ] GC(126) Humongous regions: 0->0
[70.608s][info][gc,metaspace   ] GC(126) Metaspace: 17941K(18688K)->17941K(18688K) NonClass: 15887K(16384K)->15887K(16384K) Class: 2054K(2304K)->2054K(2304K)
[70.608s][info][gc             ] GC(126) Pause Young (Normal) (G1 Evacuation Pause) 1231M->11M(2048M) 4.417ms
[70.608s][info][gc,cpu         ] GC(126) User=0.00s Sys=0.00s Real=0.02s
[71.162s][info][gc,start       ] GC(127) Pause Young (Normal) (G1 Evacuation Pause)
[71.162s][info][gc,task        ] GC(127) Using 6 workers of 6 for evacuation
[71.168s][info][gc,phases      ] GC(127)   Pre Evacuate Collection Set: 0.0ms
[71.168s][info][gc,phases      ] GC(127)   Evacuate Collection Set: 5.1ms
[71.168s][info][gc,phases      ] GC(127)   Post Evacuate Collection Set: 1.0ms
[71.168s][info][gc,phases      ] GC(127)   Other: 0.4ms
[71.168s][info][gc,heap        ] GC(127) Eden regions: 1220->0(1216)
[71.168s][info][gc,heap        ] GC(127) Survivor regions: 8->12(154)
[71.168s][info][gc,heap        ] GC(127) Old regions: 5->5
[71.168s][info][gc,heap        ] GC(127) Humongous regions: 0->0
[71.168s][info][gc,metaspace   ] GC(127) Metaspace: 17941K(18688K)->17941K(18688K) NonClass: 15887K(16384K)->15887K(16384K) Class: 2054K(2304K)->2054K(2304K)
[71.168s][info][gc             ] GC(127) Pause Young (Normal) (G1 Evacuation Pause) 1231M->15M(2048M) 6.638ms
[71.168s][info][gc,cpu         ] GC(127) User=0.00s Sys=0.00s Real=0.00s
[71.778s][info][gc,start       ] GC(128) Pause Young (Normal) (G1 Evacuation Pause)
[71.778s][info][gc,task        ] GC(128) Using 6 workers of 6 for evacuation
[71.790s][info][gc,phases      ] GC(128)   Pre Evacuate Collection Set: 0.0ms
[71.790s][info][gc,phases      ] GC(128)   Evacuate Collection Set: 10.8ms
[71.790s][info][gc,phases      ] GC(128)   Post Evacuate Collection Set: 0.8ms
[71.790s][info][gc,phases      ] GC(128)   Other: 0.4ms
[71.790s][info][gc,heap        ] GC(128) Eden regions: 1216->0(1203)
[71.790s][info][gc,heap        ] GC(128) Survivor regions: 12->25(154)
[71.790s][info][gc,heap        ] GC(128) Old regions: 5->5
[71.790s][info][gc,heap        ] GC(128) Humongous regions: 3->3
[71.790s][info][gc,metaspace   ] GC(128) Metaspace: 17941K(18688K)->17941K(18688K) NonClass: 15887K(16384K)->15887K(16384K) Class: 2054K(2304K)->2054K(2304K)
[71.790s][info][gc             ] GC(128) Pause Young (Normal) (G1 Evacuation Pause) 1234M->31M(2048M) 12.137ms
[71.790s][info][gc,cpu         ] GC(128) User=0.02s Sys=0.00s Real=0.02s
[72.364s][info][gc,start       ] GC(129) Pause Young (Normal) (G1 Evacuation Pause)
[72.365s][info][gc,task        ] GC(129) Using 6 workers of 6 for evacuation
[72.375s][info][gc,phases      ] GC(129)   Pre Evacuate Collection Set: 0.0ms
[72.375s][info][gc,phases      ] GC(129)   Evacuate Collection Set: 8.9ms
[72.375s][info][gc,phases      ] GC(129)   Post Evacuate Collection Set: 1.0ms
[72.375s][info][gc,phases      ] GC(129)   Other: 0.4ms
[72.375s][info][gc,heap        ] GC(129) Eden regions: 1203->0(1199)
[72.375s][info][gc,heap        ] GC(129) Survivor regions: 25->29(154)
[72.375s][info][gc,heap        ] GC(129) Old regions: 5->5
[72.375s][info][gc,heap        ] GC(129) Humongous regions: 3->3
[72.375s][info][gc,metaspace   ] GC(129) Metaspace: 17941K(18688K)->17941K(18688K) NonClass: 15887K(16384K)->15887K(16384K) Class: 2054K(2304K)->2054K(2304K)
[72.375s][info][gc             ] GC(129) Pause Young (Normal) (G1 Evacuation Pause) 1234M->35M(2048M) 10.421ms
[72.375s][info][gc,cpu         ] GC(129) User=0.02s Sys=0.00s Real=0.02s
[73.223s][info][gc,task        ] GC(130) Using 6 workers of 6 for full compaction
[73.224s][info][gc,start       ] GC(130) Pause Full (System.gc())
[73.224s][info][gc,phases,start] GC(130) Phase 1: Mark live objects
[73.226s][info][gc,stringtable ] GC(130) Cleaned string and symbol table, strings: 5637 processed, 0 removed, symbols: 53749 processed, 0 removed
[73.226s][info][gc,phases      ] GC(130) Phase 1: Mark live objects 2.292ms
[73.226s][info][gc,phases,start] GC(130) Phase 2: Prepare for compaction
[73.228s][info][gc,phases      ] GC(130) Phase 2: Prepare for compaction 2.093ms
[73.228s][info][gc,phases,start] GC(130) Phase 3: Adjust pointers
[73.230s][info][gc,phases      ] GC(130) Phase 3: Adjust pointers 1.702ms
[73.230s][info][gc,phases,start] GC(130) Phase 4: Compact heap
[73.232s][info][gc,phases      ] GC(130) Phase 4: Compact heap 2.459ms
[73.235s][info][gc,heap        ] GC(130) Eden regions: 1149->0(1228)
[73.235s][info][gc,heap        ] GC(130) Survivor regions: 29->0(154)
[73.235s][info][gc,heap        ] GC(130) Old regions: 5->5
[73.235s][info][gc,heap        ] GC(130) Humongous regions: 22->0
[73.235s][info][gc,metaspace   ] GC(130) Metaspace: 17947K(18688K)->17947K(18688K) NonClass: 15893K(16384K)->15893K(16384K) Class: 2054K(2304K)->2054K(2304K)
[73.235s][info][gc             ] GC(130) Pause Full (System.gc()) 1203M->3M(2048M) 11.140ms
[73.235s][info][gc,cpu         ] GC(130) User=0.02s Sys=0.00s Real=0.02s
[73.596s][info][gc,start       ] GC(131) Pause Young (Normal) (G1 Evacuation Pause)
[73.596s][info][gc,task        ] GC(131) Using 6 workers of 6 for evacuation
[73.599s][info][gc,phases      ] GC(131)   Pre Evacuate Collection Set: 0.0ms
[73.599s][info][gc,phases      ] GC(131)   Evacuate Collection Set: 1.9ms
[73.599s][info][gc,phases      ] GC(131)   Post Evacuate Collection Set: 0.9ms
[73.599s][info][gc,phases      ] GC(131)   Other: 0.2ms
[73.599s][info][gc,heap        ] GC(131) Eden regions: 1228->0(1222)
[73.599s][info][gc,heap        ] GC(131) Survivor regions: 0->6(154)
[73.599s][info][gc,heap        ] GC(131) Old regions: 5->5
[73.599s][info][gc,heap        ] GC(131) Humongous regions: 0->0
[73.599s][info][gc,metaspace   ] GC(131) Metaspace: 17947K(18688K)->17947K(18688K) NonClass: 15893K(16384K)->15893K(16384K) Class: 2054K(2304K)->2054K(2304K)
[73.599s][info][gc             ] GC(131) Pause Young (Normal) (G1 Evacuation Pause) 1231M->9M(2048M) 3.204ms
[73.599s][info][gc,cpu         ] GC(131) User=0.00s Sys=0.00s Real=0.00s
[74.044s][info][gc,start       ] GC(132) Pause Young (Normal) (G1 Evacuation Pause)
[74.044s][info][gc,task        ] GC(132) Using 6 workers of 6 for evacuation
[74.048s][info][gc,phases      ] GC(132)   Pre Evacuate Collection Set: 0.0ms
[74.048s][info][gc,phases      ] GC(132)   Evacuate Collection Set: 3.0ms
[74.048s][info][gc,phases      ] GC(132)   Post Evacuate Collection Set: 1.1ms
[74.048s][info][gc,phases      ] GC(132)   Other: 0.2ms
[74.048s][info][gc,heap        ] GC(132) Eden regions: 1222->0(1220)
[74.048s][info][gc,heap        ] GC(132) Survivor regions: 6->8(154)
[74.048s][info][gc,heap        ] GC(132) Old regions: 5->5
[74.048s][info][gc,heap        ] GC(132) Humongous regions: 0->0
[74.048s][info][gc,metaspace   ] GC(132) Metaspace: 17947K(18688K)->17947K(18688K) NonClass: 15893K(16384K)->15893K(16384K) Class: 2054K(2304K)->2054K(2304K)
[74.048s][info][gc             ] GC(132) Pause Young (Normal) (G1 Evacuation Pause) 1231M->11M(2048M) 4.400ms
[74.048s][info][gc,cpu         ] GC(132) User=0.00s Sys=0.00s Real=0.02s
[74.604s][info][gc,start       ] GC(133) Pause Young (Normal) (G1 Evacuation Pause)
[74.604s][info][gc,task        ] GC(133) Using 6 workers of 6 for evacuation
[74.610s][info][gc,phases      ] GC(133)   Pre Evacuate Collection Set: 0.0ms
[74.610s][info][gc,phases      ] GC(133)   Evacuate Collection Set: 5.2ms
[74.610s][info][gc,phases      ] GC(133)   Post Evacuate Collection Set: 1.0ms
[74.610s][info][gc,phases      ] GC(133)   Other: 0.2ms
[74.610s][info][gc,heap        ] GC(133) Eden regions: 1220->0(1216)
[74.610s][info][gc,heap        ] GC(133) Survivor regions: 8->12(154)
[74.610s][info][gc,heap        ] GC(133) Old regions: 5->5
[74.610s][info][gc,heap        ] GC(133) Humongous regions: 0->0
[74.610s][info][gc,metaspace   ] GC(133) Metaspace: 17947K(18688K)->17947K(18688K) NonClass: 15893K(16384K)->15893K(16384K) Class: 2054K(2304K)->2054K(2304K)
[74.610s][info][gc             ] GC(133) Pause Young (Normal) (G1 Evacuation Pause) 1231M->15M(2048M) 6.569ms
[74.610s][info][gc,cpu         ] GC(133) User=0.00s Sys=0.00s Real=0.00s
[75.220s][info][gc,start       ] GC(134) Pause Young (Normal) (G1 Evacuation Pause)
[75.220s][info][gc,task        ] GC(134) Using 6 workers of 6 for evacuation
[75.232s][info][gc,phases      ] GC(134)   Pre Evacuate Collection Set: 0.1ms
[75.232s][info][gc,phases      ] GC(134)   Evacuate Collection Set: 10.5ms
[75.232s][info][gc,phases      ] GC(134)   Post Evacuate Collection Set: 0.9ms
[75.232s][info][gc,phases      ] GC(134)   Other: 0.4ms
[75.232s][info][gc,heap        ] GC(134) Eden regions: 1216->0(1203)
[75.232s][info][gc,heap        ] GC(134) Survivor regions: 12->25(154)
[75.232s][info][gc,heap        ] GC(134) Old regions: 5->5
[75.232s][info][gc,heap        ] GC(134) Humongous regions: 3->3
[75.232s][info][gc,metaspace   ] GC(134) Metaspace: 17947K(18688K)->17947K(18688K) NonClass: 15893K(16384K)->15893K(16384K) Class: 2054K(2304K)->2054K(2304K)
[75.232s][info][gc             ] GC(134) Pause Young (Normal) (G1 Evacuation Pause) 1234M->31M(2048M) 11.948ms
[75.232s][info][gc,cpu         ] GC(134) User=0.02s Sys=0.00s Real=0.02s
[75.807s][info][gc,start       ] GC(135) Pause Young (Normal) (G1 Evacuation Pause)
[75.807s][info][gc,task        ] GC(135) Using 6 workers of 6 for evacuation
[75.818s][info][gc,phases      ] GC(135)   Pre Evacuate Collection Set: 0.0ms
[75.818s][info][gc,phases      ] GC(135)   Evacuate Collection Set: 8.4ms
[75.818s][info][gc,phases      ] GC(135)   Post Evacuate Collection Set: 1.4ms
[75.818s][info][gc,phases      ] GC(135)   Other: 0.3ms
[75.818s][info][gc,heap        ] GC(135) Eden regions: 1203->0(1199)
[75.818s][info][gc,heap        ] GC(135) Survivor regions: 25->29(154)
[75.818s][info][gc,heap        ] GC(135) Old regions: 5->5
[75.818s][info][gc,heap        ] GC(135) Humongous regions: 3->3
[75.818s][info][gc,metaspace   ] GC(135) Metaspace: 17947K(18688K)->17947K(18688K) NonClass: 15893K(16384K)->15893K(16384K) Class: 2054K(2304K)->2054K(2304K)
[75.818s][info][gc             ] GC(135) Pause Young (Normal) (G1 Evacuation Pause) 1234M->35M(2048M) 10.358ms
[75.818s][info][gc,cpu         ] GC(135) User=0.00s Sys=0.00s Real=0.00s
[76.679s][info][gc,task        ] GC(136) Using 6 workers of 6 for full compaction
[76.679s][info][gc,start       ] GC(136) Pause Full (System.gc())
[76.679s][info][gc,phases,start] GC(136) Phase 1: Mark live objects
[76.682s][info][gc,stringtable ] GC(136) Cleaned string and symbol table, strings: 5637 processed, 0 removed, symbols: 53749 processed, 0 removed
[76.682s][info][gc,phases      ] GC(136) Phase 1: Mark live objects 2.503ms
[76.682s][info][gc,phases,start] GC(136) Phase 2: Prepare for compaction
[76.684s][info][gc,phases      ] GC(136) Phase 2: Prepare for compaction 2.025ms
[76.684s][info][gc,phases,start] GC(136) Phase 3: Adjust pointers
[76.686s][info][gc,phases      ] GC(136) Phase 3: Adjust pointers 2.008ms
[76.686s][info][gc,phases,start] GC(136) Phase 4: Compact heap
[76.688s][info][gc,phases      ] GC(136) Phase 4: Compact heap 1.760ms
[76.689s][info][gc,heap        ] GC(136) Eden regions: 1150->0(1228)
[76.689s][info][gc,heap        ] GC(136) Survivor regions: 29->0(154)
[76.689s][info][gc,heap        ] GC(136) Old regions: 5->4
[76.689s][info][gc,heap        ] GC(136) Humongous regions: 22->0
[76.689s][info][gc,metaspace   ] GC(136) Metaspace: 17947K(18688K)->17947K(18688K) NonClass: 15893K(16384K)->15893K(16384K) Class: 2054K(2304K)->2054K(2304K)
[76.690s][info][gc             ] GC(136) Pause Full (System.gc()) 1204M->3M(2048M) 10.414ms
[76.690s][info][gc,cpu         ] GC(136) User=0.02s Sys=0.00s Real=0.02s
[77.103s][info][gc,start       ] GC(137) Pause Young (Normal) (G1 Evacuation Pause)
[77.103s][info][gc,task        ] GC(137) Using 6 workers of 6 for evacuation
[77.106s][info][gc,phases      ] GC(137)   Pre Evacuate Collection Set: 0.1ms
[77.106s][info][gc,phases      ] GC(137)   Evacuate Collection Set: 2.1ms
[77.106s][info][gc,phases      ] GC(137)   Post Evacuate Collection Set: 0.8ms
[77.106s][info][gc,phases      ] GC(137)   Other: 0.3ms
[77.106s][info][gc,heap        ] GC(137) Eden regions: 1228->0(1223)
[77.106s][info][gc,heap        ] GC(137) Survivor regions: 0->5(154)
[77.106s][info][gc,heap        ] GC(137) Old regions: 4->4
[77.106s][info][gc,heap        ] GC(137) Humongous regions: 0->0
[77.106s][info][gc,metaspace   ] GC(137) Metaspace: 17952K(18688K)->17952K(18688K) NonClass: 15898K(16384K)->15898K(16384K) Class: 2054K(2304K)->2054K(2304K)
[77.106s][info][gc             ] GC(137) Pause Young (Normal) (G1 Evacuation Pause) 1231M->8M(2048M) 3.447ms
[77.106s][info][gc,cpu         ] GC(137) User=0.00s Sys=0.00s Real=0.00s
[77.601s][info][gc,start       ] GC(138) Pause Young (Normal) (G1 Evacuation Pause)
[77.601s][info][gc,task        ] GC(138) Using 6 workers of 6 for evacuation
[77.605s][info][gc,phases      ] GC(138)   Pre Evacuate Collection Set: 0.0ms
[77.605s][info][gc,phases      ] GC(138)   Evacuate Collection Set: 3.1ms
[77.605s][info][gc,phases      ] GC(138)   Post Evacuate Collection Set: 1.0ms
[77.605s][info][gc,phases      ] GC(138)   Other: 0.2ms
[77.605s][info][gc,heap        ] GC(138) Eden regions: 1223->0(1220)
[77.605s][info][gc,heap        ] GC(138) Survivor regions: 5->8(154)
[77.605s][info][gc,heap        ] GC(138) Old regions: 4->4
[77.605s][info][gc,heap        ] GC(138) Humongous regions: 0->0
[77.605s][info][gc,metaspace   ] GC(138) Metaspace: 17952K(18688K)->17952K(18688K) NonClass: 15898K(16384K)->15898K(16384K) Class: 2054K(2304K)->2054K(2304K)
[77.605s][info][gc             ] GC(138) Pause Young (Normal) (G1 Evacuation Pause) 1231M->11M(2048M) 4.460ms
[77.605s][info][gc,cpu         ] GC(138) User=0.00s Sys=0.00s Real=0.01s
[78.117s][info][gc,start       ] GC(139) Pause Young (Normal) (G1 Evacuation Pause)
[78.117s][info][gc,task        ] GC(139) Using 6 workers of 6 for evacuation
[78.124s][info][gc,phases      ] GC(139)   Pre Evacuate Collection Set: 0.1ms
[78.124s][info][gc,phases      ] GC(139)   Evacuate Collection Set: 5.3ms
[78.124s][info][gc,phases      ] GC(139)   Post Evacuate Collection Set: 1.0ms
[78.124s][info][gc,phases      ] GC(139)   Other: 0.4ms
[78.124s][info][gc,heap        ] GC(139) Eden regions: 1220->0(1216)
[78.124s][info][gc,heap        ] GC(139) Survivor regions: 8->12(154)
[78.124s][info][gc,heap        ] GC(139) Old regions: 4->4
[78.124s][info][gc,heap        ] GC(139) Humongous regions: 0->0
[78.124s][info][gc,metaspace   ] GC(139) Metaspace: 17952K(18688K)->17952K(18688K) NonClass: 15898K(16384K)->15898K(16384K) Class: 2054K(2304K)->2054K(2304K)
[78.124s][info][gc             ] GC(139) Pause Young (Normal) (G1 Evacuation Pause) 1231M->15M(2048M) 6.818ms
[78.124s][info][gc,cpu         ] GC(139) User=0.00s Sys=0.00s Real=0.00s
[78.732s][info][gc,start       ] GC(140) Pause Young (Normal) (G1 Evacuation Pause)
[78.732s][info][gc,task        ] GC(140) Using 6 workers of 6 for evacuation
[78.744s][info][gc,phases      ] GC(140)   Pre Evacuate Collection Set: 0.1ms
[78.744s][info][gc,phases      ] GC(140)   Evacuate Collection Set: 10.5ms
[78.744s][info][gc,phases      ] GC(140)   Post Evacuate Collection Set: 1.3ms
[78.744s][info][gc,phases      ] GC(140)   Other: 0.4ms
[78.744s][info][gc,heap        ] GC(140) Eden regions: 1216->0(1203)
[78.744s][info][gc,heap        ] GC(140) Survivor regions: 12->25(154)
[78.744s][info][gc,heap        ] GC(140) Old regions: 4->4
[78.744s][info][gc,heap        ] GC(140) Humongous regions: 3->3
[78.744s][info][gc,metaspace   ] GC(140) Metaspace: 17952K(18688K)->17952K(18688K) NonClass: 15898K(16384K)->15898K(16384K) Class: 2054K(2304K)->2054K(2304K)
[78.744s][info][gc             ] GC(140) Pause Young (Normal) (G1 Evacuation Pause) 1234M->31M(2048M) 12.265ms
[78.744s][info][gc,cpu         ] GC(140) User=0.02s Sys=0.00s Real=0.02s
[79.316s][info][gc,start       ] GC(141) Pause Young (Normal) (G1 Evacuation Pause)
[79.316s][info][gc,task        ] GC(141) Using 6 workers of 6 for evacuation
[79.326s][info][gc,phases      ] GC(141)   Pre Evacuate Collection Set: 0.1ms
[79.326s][info][gc,phases      ] GC(141)   Evacuate Collection Set: 8.9ms
[79.326s][info][gc,phases      ] GC(141)   Post Evacuate Collection Set: 1.0ms
[79.326s][info][gc,phases      ] GC(141)   Other: 0.4ms
[79.326s][info][gc,heap        ] GC(141) Eden regions: 1203->0(1199)
[79.326s][info][gc,heap        ] GC(141) Survivor regions: 25->29(154)
[79.326s][info][gc,heap        ] GC(141) Old regions: 4->4
[79.326s][info][gc,heap        ] GC(141) Humongous regions: 3->3
[79.326s][info][gc,metaspace   ] GC(141) Metaspace: 17952K(18688K)->17952K(18688K) NonClass: 15898K(16384K)->15898K(16384K) Class: 2054K(2304K)->2054K(2304K)
[79.326s][info][gc             ] GC(141) Pause Young (Normal) (G1 Evacuation Pause) 1234M->35M(2048M) 10.464ms
[79.326s][info][gc,cpu         ] GC(141) User=0.02s Sys=0.00s Real=0.01s
[80.191s][info][gc,task        ] GC(142) Using 6 workers of 6 for full compaction
[80.191s][info][gc,start       ] GC(142) Pause Full (System.gc())
[80.191s][info][gc,phases,start] GC(142) Phase 1: Mark live objects
[80.194s][info][gc,stringtable ] GC(142) Cleaned string and symbol table, strings: 5637 processed, 0 removed, symbols: 53749 processed, 0 removed
[80.194s][info][gc,phases      ] GC(142) Phase 1: Mark live objects 2.537ms
[80.194s][info][gc,phases,start] GC(142) Phase 2: Prepare for compaction
[80.196s][info][gc,phases      ] GC(142) Phase 2: Prepare for compaction 2.040ms
[80.196s][info][gc,phases,start] GC(142) Phase 3: Adjust pointers
[80.198s][info][gc,phases      ] GC(142) Phase 3: Adjust pointers 1.993ms
[80.198s][info][gc,phases,start] GC(142) Phase 4: Compact heap
[80.200s][info][gc,phases      ] GC(142) Phase 4: Compact heap 1.760ms
[80.201s][info][gc,heap        ] GC(142) Eden regions: 1149->0(1228)
[80.201s][info][gc,heap        ] GC(142) Survivor regions: 29->0(154)
[80.201s][info][gc,heap        ] GC(142) Old regions: 4->5
[80.201s][info][gc,heap        ] GC(142) Humongous regions: 22->0
[80.201s][info][gc,metaspace   ] GC(142) Metaspace: 17966K(18688K)->17966K(18688K) NonClass: 15912K(16384K)->15912K(16384K) Class: 2054K(2304K)->2054K(2304K)
[80.202s][info][gc             ] GC(142) Pause Full (System.gc()) 1202M->3M(2048M) 10.630ms
[80.202s][info][gc,cpu         ] GC(142) User=0.00s Sys=0.00s Real=0.00s
[80.591s][info][gc,start       ] GC(143) Pause Young (Normal) (G1 Evacuation Pause)
[80.591s][info][gc,task        ] GC(143) Using 6 workers of 6 for evacuation
[80.594s][info][gc,phases      ] GC(143)   Pre Evacuate Collection Set: 0.1ms
[80.594s][info][gc,phases      ] GC(143)   Evacuate Collection Set: 2.2ms
[80.594s][info][gc,phases      ] GC(143)   Post Evacuate Collection Set: 0.8ms
[80.594s][info][gc,phases      ] GC(143)   Other: 0.3ms
[80.594s][info][gc,heap        ] GC(143) Eden regions: 1228->0(1223)
[80.594s][info][gc,heap        ] GC(143) Survivor regions: 0->5(154)
[80.594s][info][gc,heap        ] GC(143) Old regions: 5->5
[80.594s][info][gc,heap        ] GC(143) Humongous regions: 0->0
[80.594s][info][gc,metaspace   ] GC(143) Metaspace: 17969K(18688K)->17969K(18688K) NonClass: 15915K(16384K)->15915K(16384K) Class: 2054K(2304K)->2054K(2304K)
[80.594s][info][gc             ] GC(143) Pause Young (Normal) (G1 Evacuation Pause) 1231M->8M(2048M) 3.449ms
[80.594s][info][gc,cpu         ] GC(143) User=0.00s Sys=0.00s Real=0.00s
[80.920s][info][gc,start       ] GC(144) Pause Young (Normal) (G1 Evacuation Pause)
[80.920s][info][gc,task        ] GC(144) Using 6 workers of 6 for evacuation
[80.925s][info][gc,phases      ] GC(144)   Pre Evacuate Collection Set: 0.1ms
[80.925s][info][gc,phases      ] GC(144)   Evacuate Collection Set: 3.1ms
[80.925s][info][gc,phases      ] GC(144)   Post Evacuate Collection Set: 1.0ms
[80.925s][info][gc,phases      ] GC(144)   Other: 0.4ms
[80.925s][info][gc,heap        ] GC(144) Eden regions: 1223->0(1220)
[80.925s][info][gc,heap        ] GC(144) Survivor regions: 5->8(154)
[80.925s][info][gc,heap        ] GC(144) Old regions: 5->5
[80.925s][info][gc,heap        ] GC(144) Humongous regions: 0->0
[80.925s][info][gc,metaspace   ] GC(144) Metaspace: 17969K(18688K)->17969K(18688K) NonClass: 15915K(16384K)->15915K(16384K) Class: 2054K(2304K)->2054K(2304K)
[80.925s][info][gc             ] GC(144) Pause Young (Normal) (G1 Evacuation Pause) 1231M->11M(2048M) 4.652ms
[80.925s][info][gc,cpu         ] GC(144) User=0.00s Sys=0.00s Real=0.01s
[81.425s][info][gc,start       ] GC(145) Pause Young (Normal) (G1 Evacuation Pause)
[81.425s][info][gc,task        ] GC(145) Using 6 workers of 6 for evacuation
[81.432s][info][gc,phases      ] GC(145)   Pre Evacuate Collection Set: 0.0ms
[81.432s][info][gc,phases      ] GC(145)   Evacuate Collection Set: 5.2ms
[81.432s][info][gc,phases      ] GC(145)   Post Evacuate Collection Set: 1.1ms
[81.432s][info][gc,phases      ] GC(145)   Other: 0.4ms
[81.432s][info][gc,heap        ] GC(145) Eden regions: 1220->0(1216)
[81.432s][info][gc,heap        ] GC(145) Survivor regions: 8->12(154)
[81.432s][info][gc,heap        ] GC(145) Old regions: 5->5
[81.432s][info][gc,heap        ] GC(145) Humongous regions: 0->0
[81.432s][info][gc,metaspace   ] GC(145) Metaspace: 17969K(18688K)->17969K(18688K) NonClass: 15915K(16384K)->15915K(16384K) Class: 2054K(2304K)->2054K(2304K)
[81.432s][info][gc             ] GC(145) Pause Young (Normal) (G1 Evacuation Pause) 1231M->15M(2048M) 6.715ms
[81.432s][info][gc,cpu         ] GC(145) User=0.02s Sys=0.00s Real=0.01s
[82.039s][info][gc,start       ] GC(146) Pause Young (Normal) (G1 Evacuation Pause)
[82.039s][info][gc,task        ] GC(146) Using 6 workers of 6 for evacuation
[82.051s][info][gc,phases      ] GC(146)   Pre Evacuate Collection Set: 0.0ms
[82.051s][info][gc,phases      ] GC(146)   Evacuate Collection Set: 10.1ms
[82.051s][info][gc,phases      ] GC(146)   Post Evacuate Collection Set: 0.8ms
[82.051s][info][gc,phases      ] GC(146)   Other: 0.3ms
[82.051s][info][gc,heap        ] GC(146) Eden regions: 1216->0(1203)
[82.051s][info][gc,heap        ] GC(146) Survivor regions: 12->25(154)
[82.051s][info][gc,heap        ] GC(146) Old regions: 5->5
[82.051s][info][gc,heap        ] GC(146) Humongous regions: 3->3
[82.051s][info][gc,metaspace   ] GC(146) Metaspace: 17969K(18688K)->17969K(18688K) NonClass: 15915K(16384K)->15915K(16384K) Class: 2054K(2304K)->2054K(2304K)
[82.051s][info][gc             ] GC(146) Pause Young (Normal) (G1 Evacuation Pause) 1234M->31M(2048M) 11.428ms
[82.051s][info][gc,cpu         ] GC(146) User=0.00s Sys=0.00s Real=0.00s
[82.624s][info][gc,start       ] GC(147) Pause Young (Normal) (G1 Evacuation Pause)
[82.624s][info][gc,task        ] GC(147) Using 6 workers of 6 for evacuation
[82.634s][info][gc,phases      ] GC(147)   Pre Evacuate Collection Set: 0.0ms
[82.634s][info][gc,phases      ] GC(147)   Evacuate Collection Set: 9.0ms
[82.634s][info][gc,phases      ] GC(147)   Post Evacuate Collection Set: 0.9ms
[82.634s][info][gc,phases      ] GC(147)   Other: 0.3ms
[82.634s][info][gc,heap        ] GC(147) Eden regions: 1203->0(1199)
[82.634s][info][gc,heap        ] GC(147) Survivor regions: 25->29(154)
[82.634s][info][gc,heap        ] GC(147) Old regions: 5->5
[82.634s][info][gc,heap        ] GC(147) Humongous regions: 3->3
[82.634s][info][gc,metaspace   ] GC(147) Metaspace: 17969K(18688K)->17969K(18688K) NonClass: 15915K(16384K)->15915K(16384K) Class: 2054K(2304K)->2054K(2304K)
[82.634s][info][gc             ] GC(147) Pause Young (Normal) (G1 Evacuation Pause) 1234M->35M(2048M) 10.390ms
[82.634s][info][gc,cpu         ] GC(147) User=0.00s Sys=0.00s Real=0.00s
[83.482s][info][gc,task        ] GC(148) Using 6 workers of 6 for full compaction
[83.482s][info][gc,start       ] GC(148) Pause Full (System.gc())
[83.483s][info][gc,phases,start] GC(148) Phase 1: Mark live objects
[83.486s][info][gc,stringtable ] GC(148) Cleaned string and symbol table, strings: 5659 processed, 0 removed, symbols: 53749 processed, 0 removed
[83.486s][info][gc,phases      ] GC(148) Phase 1: Mark live objects 2.932ms
[83.486s][info][gc,phases,start] GC(148) Phase 2: Prepare for compaction
[83.488s][info][gc,phases      ] GC(148) Phase 2: Prepare for compaction 2.255ms
[83.488s][info][gc,phases,start] GC(148) Phase 3: Adjust pointers
[83.490s][info][gc,phases      ] GC(148) Phase 3: Adjust pointers 1.716ms
[83.490s][info][gc,phases,start] GC(148) Phase 4: Compact heap
[83.492s][info][gc,phases      ] GC(148) Phase 4: Compact heap 1.975ms
[83.494s][info][gc,heap        ] GC(148) Eden regions: 1149->0(1228)
[83.494s][info][gc,heap        ] GC(148) Survivor regions: 29->0(154)
[83.494s][info][gc,heap        ] GC(148) Old regions: 5->6
[83.494s][info][gc,heap        ] GC(148) Humongous regions: 22->0
[83.494s][info][gc,metaspace   ] GC(148) Metaspace: 17969K(18688K)->17969K(18688K) NonClass: 15915K(16384K)->15915K(16384K) Class: 2054K(2304K)->2054K(2304K)
[83.494s][info][gc             ] GC(148) Pause Full (System.gc()) 1203M->3M(2048M) 11.282ms
[83.494s][info][gc,cpu         ] GC(148) User=0.02s Sys=0.00s Real=0.02s
[83.997s][info][gc,start       ] GC(149) Pause Young (Normal) (G1 Evacuation Pause)
[83.997s][info][gc,task        ] GC(149) Using 6 workers of 6 for evacuation
[84.000s][info][gc,phases      ] GC(149)   Pre Evacuate Collection Set: 0.0ms
[84.000s][info][gc,phases      ] GC(149)   Evacuate Collection Set: 2.2ms
[84.000s][info][gc,phases      ] GC(149)   Post Evacuate Collection Set: 0.8ms
[84.000s][info][gc,phases      ] GC(149)   Other: 0.2ms
[84.000s][info][gc,heap        ] GC(149) Eden regions: 1228->0(1223)
[84.000s][info][gc,heap        ] GC(149) Survivor regions: 0->5(154)
[84.000s][info][gc,heap        ] GC(149) Old regions: 6->6
[84.000s][info][gc,heap        ] GC(149) Humongous regions: 0->0
[84.000s][info][gc,metaspace   ] GC(149) Metaspace: 17970K(18688K)->17970K(18688K) NonClass: 15915K(16384K)->15915K(16384K) Class: 2054K(2304K)->2054K(2304K)
[84.001s][info][gc             ] GC(149) Pause Young (Normal) (G1 Evacuation Pause) 1231M->8M(2048M) 3.388ms
[84.001s][info][gc,cpu         ] GC(149) User=0.00s Sys=0.00s Real=0.02s
[84.467s][info][gc,start       ] GC(150) Pause Young (Normal) (G1 Evacuation Pause)
[84.467s][info][gc,task        ] GC(150) Using 6 workers of 6 for evacuation
[84.473s][info][gc,phases      ] GC(150)   Pre Evacuate Collection Set: 0.0ms
[84.473s][info][gc,phases      ] GC(150)   Evacuate Collection Set: 4.4ms
[84.473s][info][gc,phases      ] GC(150)   Post Evacuate Collection Set: 1.1ms
[84.473s][info][gc,phases      ] GC(150)   Other: 0.2ms
[84.473s][info][gc,heap        ] GC(150) Eden regions: 1223->0(1220)
[84.473s][info][gc,heap        ] GC(150) Survivor regions: 5->8(154)
[84.473s][info][gc,heap        ] GC(150) Old regions: 6->6
[84.473s][info][gc,heap        ] GC(150) Humongous regions: 0->0
[84.473s][info][gc,metaspace   ] GC(150) Metaspace: 17970K(18688K)->17970K(18688K) NonClass: 15915K(16384K)->15915K(16384K) Class: 2054K(2304K)->2054K(2304K)
[84.473s][info][gc             ] GC(150) Pause Young (Normal) (G1 Evacuation Pause) 1231M->11M(2048M) 5.812ms
[84.473s][info][gc,cpu         ] GC(150) User=0.00s Sys=0.00s Real=0.02s
[85.023s][info][gc,start       ] GC(151) Pause Young (Normal) (G1 Evacuation Pause)
[85.023s][info][gc,task        ] GC(151) Using 6 workers of 6 for evacuation
[85.030s][info][gc,phases      ] GC(151)   Pre Evacuate Collection Set: 0.1ms
[85.030s][info][gc,phases      ] GC(151)   Evacuate Collection Set: 5.3ms
[85.030s][info][gc,phases      ] GC(151)   Post Evacuate Collection Set: 1.0ms
[85.030s][info][gc,phases      ] GC(151)   Other: 0.4ms
[85.030s][info][gc,heap        ] GC(151) Eden regions: 1220->0(1216)
[85.030s][info][gc,heap        ] GC(151) Survivor regions: 8->12(154)
[85.030s][info][gc,heap        ] GC(151) Old regions: 6->6
[85.030s][info][gc,heap        ] GC(151) Humongous regions: 0->0
[85.030s][info][gc,metaspace   ] GC(151) Metaspace: 17970K(18688K)->17970K(18688K) NonClass: 15915K(16384K)->15915K(16384K) Class: 2054K(2304K)->2054K(2304K)
[85.030s][info][gc             ] GC(151) Pause Young (Normal) (G1 Evacuation Pause) 1231M->15M(2048M) 6.797ms
[85.030s][info][gc,cpu         ] GC(151) User=0.00s Sys=0.00s Real=0.00s
[85.637s][info][gc,start       ] GC(152) Pause Young (Normal) (G1 Evacuation Pause)
[85.637s][info][gc,task        ] GC(152) Using 6 workers of 6 for evacuation
[85.649s][info][gc,phases      ] GC(152)   Pre Evacuate Collection Set: 0.0ms
[85.650s][info][gc,phases      ] GC(152)   Evacuate Collection Set: 11.2ms
[85.650s][info][gc,phases      ] GC(152)   Post Evacuate Collection Set: 0.8ms
[85.650s][info][gc,phases      ] GC(152)   Other: 0.2ms
[85.650s][info][gc,heap        ] GC(152) Eden regions: 1216->0(1203)
[85.650s][info][gc,heap        ] GC(152) Survivor regions: 12->25(154)
[85.650s][info][gc,heap        ] GC(152) Old regions: 6->6
[85.650s][info][gc,heap        ] GC(152) Humongous regions: 3->3
[85.650s][info][gc,metaspace   ] GC(152) Metaspace: 17970K(18688K)->17970K(18688K) NonClass: 15915K(16384K)->15915K(16384K) Class: 2054K(2304K)->2054K(2304K)
[85.650s][info][gc             ] GC(152) Pause Young (Normal) (G1 Evacuation Pause) 1234M->31M(2048M) 12.350ms
[85.650s][info][gc,cpu         ] GC(152) User=0.00s Sys=0.00s Real=0.00s
[86.221s][info][gc,start       ] GC(153) Pause Young (Normal) (G1 Evacuation Pause)
[86.221s][info][gc,task        ] GC(153) Using 6 workers of 6 for evacuation
[86.231s][info][gc,phases      ] GC(153)   Pre Evacuate Collection Set: 0.0ms
[86.231s][info][gc,phases      ] GC(153)   Evacuate Collection Set: 8.8ms
[86.231s][info][gc,phases      ] GC(153)   Post Evacuate Collection Set: 1.0ms
[86.231s][info][gc,phases      ] GC(153)   Other: 0.4ms
[86.231s][info][gc,heap        ] GC(153) Eden regions: 1203->0(1199)
[86.231s][info][gc,heap        ] GC(153) Survivor regions: 25->29(154)
[86.231s][info][gc,heap        ] GC(153) Old regions: 6->6
[86.231s][info][gc,heap        ] GC(153) Humongous regions: 3->3
[86.231s][info][gc,metaspace   ] GC(153) Metaspace: 17970K(18688K)->17970K(18688K) NonClass: 15915K(16384K)->15915K(16384K) Class: 2054K(2304K)->2054K(2304K)
[86.231s][info][gc             ] GC(153) Pause Young (Normal) (G1 Evacuation Pause) 1234M->35M(2048M) 10.332ms
[86.231s][info][gc,cpu         ] GC(153) User=0.02s Sys=0.00s Real=0.01s
[87.078s][info][gc,task        ] GC(154) Using 6 workers of 6 for full compaction
[87.079s][info][gc,start       ] GC(154) Pause Full (System.gc())
[87.079s][info][gc,phases,start] GC(154) Phase 1: Mark live objects
[87.081s][info][gc,stringtable ] GC(154) Cleaned string and symbol table, strings: 5659 processed, 0 removed, symbols: 53749 processed, 0 removed
[87.081s][info][gc,phases      ] GC(154) Phase 1: Mark live objects 2.458ms
[87.081s][info][gc,phases,start] GC(154) Phase 2: Prepare for compaction
[87.083s][info][gc,phases      ] GC(154) Phase 2: Prepare for compaction 2.098ms
[87.083s][info][gc,phases,start] GC(154) Phase 3: Adjust pointers
[87.085s][info][gc,phases      ] GC(154) Phase 3: Adjust pointers 1.967ms
[87.085s][info][gc,phases,start] GC(154) Phase 4: Compact heap
[87.087s][info][gc,phases      ] GC(154) Phase 4: Compact heap 2.015ms
[87.089s][info][gc,heap        ] GC(154) Eden regions: 1149->0(1228)
[87.089s][info][gc,heap        ] GC(154) Survivor regions: 29->0(154)
[87.089s][info][gc,heap        ] GC(154) Old regions: 6->6
[87.089s][info][gc,heap        ] GC(154) Humongous regions: 22->0
[87.089s][info][gc,metaspace   ] GC(154) Metaspace: 17970K(18688K)->17970K(18688K) NonClass: 15916K(16384K)->15916K(16384K) Class: 2054K(2304K)->2054K(2304K)
[87.089s][info][gc             ] GC(154) Pause Full (System.gc()) 1203M->3M(2048M) 10.919ms
[87.090s][info][gc,cpu         ] GC(154) User=0.05s Sys=0.00s Real=0.02s
[87.420s][info][gc,start       ] GC(155) Pause Young (Normal) (G1 Evacuation Pause)
[87.421s][info][gc,task        ] GC(155) Using 6 workers of 6 for evacuation
[87.424s][info][gc,phases      ] GC(155)   Pre Evacuate Collection Set: 0.0ms
[87.424s][info][gc,phases      ] GC(155)   Evacuate Collection Set: 2.1ms
[87.424s][info][gc,phases      ] GC(155)   Post Evacuate Collection Set: 0.8ms
[87.424s][info][gc,phases      ] GC(155)   Other: 0.4ms
[87.424s][info][gc,heap        ] GC(155) Eden regions: 1228->0(1222)
[87.424s][info][gc,heap        ] GC(155) Survivor regions: 0->6(154)
[87.424s][info][gc,heap        ] GC(155) Old regions: 6->6
[87.424s][info][gc,heap        ] GC(155) Humongous regions: 0->0
[87.424s][info][gc,metaspace   ] GC(155) Metaspace: 17975K(18688K)->17975K(18688K) NonClass: 15921K(16384K)->15921K(16384K) Class: 2054K(2304K)->2054K(2304K)
[87.424s][info][gc             ] GC(155) Pause Young (Normal) (G1 Evacuation Pause) 1231M->9M(2048M) 3.405ms
[87.424s][info][gc,cpu         ] GC(155) User=0.00s Sys=0.00s Real=0.00s
[87.778s][info][gc,start       ] GC(156) Pause Young (Normal) (G1 Evacuation Pause)
[87.778s][info][gc,task        ] GC(156) Using 6 workers of 6 for evacuation
[87.782s][info][gc,phases      ] GC(156)   Pre Evacuate Collection Set: 0.1ms
[87.782s][info][gc,phases      ] GC(156)   Evacuate Collection Set: 3.2ms
[87.782s][info][gc,phases      ] GC(156)   Post Evacuate Collection Set: 0.9ms
[87.782s][info][gc,phases      ] GC(156)   Other: 0.4ms
[87.782s][info][gc,heap        ] GC(156) Eden regions: 1222->0(1220)
[87.782s][info][gc,heap        ] GC(156) Survivor regions: 6->8(154)
[87.782s][info][gc,heap        ] GC(156) Old regions: 6->6
[87.782s][info][gc,heap        ] GC(156) Humongous regions: 0->0
[87.782s][info][gc,metaspace   ] GC(156) Metaspace: 17975K(18688K)->17975K(18688K) NonClass: 15921K(16384K)->15921K(16384K) Class: 2054K(2304K)->2054K(2304K)
[87.782s][info][gc             ] GC(156) Pause Young (Normal) (G1 Evacuation Pause) 1231M->11M(2048M) 4.620ms
[87.782s][info][gc,cpu         ] GC(156) User=0.00s Sys=0.00s Real=0.00s
[88.283s][info][gc,start       ] GC(157) Pause Young (Normal) (G1 Evacuation Pause)
[88.283s][info][gc,task        ] GC(157) Using 6 workers of 6 for evacuation
[88.290s][info][gc,phases      ] GC(157)   Pre Evacuate Collection Set: 0.1ms
[88.290s][info][gc,phases      ] GC(157)   Evacuate Collection Set: 5.3ms
[88.290s][info][gc,phases      ] GC(157)   Post Evacuate Collection Set: 1.1ms
[88.290s][info][gc,phases      ] GC(157)   Other: 0.4ms
[88.290s][info][gc,heap        ] GC(157) Eden regions: 1220->0(1216)
[88.290s][info][gc,heap        ] GC(157) Survivor regions: 8->12(154)
[88.290s][info][gc,heap        ] GC(157) Old regions: 6->6
[88.290s][info][gc,heap        ] GC(157) Humongous regions: 0->0
[88.290s][info][gc,metaspace   ] GC(157) Metaspace: 17977K(18688K)->17977K(18688K) NonClass: 15923K(16384K)->15923K(16384K) Class: 2054K(2304K)->2054K(2304K)
[88.290s][info][gc             ] GC(157) Pause Young (Normal) (G1 Evacuation Pause) 1231M->15M(2048M) 6.920ms
[88.290s][info][gc,cpu         ] GC(157) User=0.02s Sys=0.00s Real=0.02s
[88.899s][info][gc,start       ] GC(158) Pause Young (Normal) (G1 Evacuation Pause)
[88.899s][info][gc,task        ] GC(158) Using 6 workers of 6 for evacuation
[88.910s][info][gc,phases      ] GC(158)   Pre Evacuate Collection Set: 0.1ms
[88.911s][info][gc,phases      ] GC(158)   Evacuate Collection Set: 10.6ms
[88.911s][info][gc,phases      ] GC(158)   Post Evacuate Collection Set: 0.9ms
[88.911s][info][gc,phases      ] GC(158)   Other: 0.4ms
[88.911s][info][gc,heap        ] GC(158) Eden regions: 1216->0(1203)
[88.911s][info][gc,heap        ] GC(158) Survivor regions: 12->25(154)
[88.911s][info][gc,heap        ] GC(158) Old regions: 6->6
[88.911s][info][gc,heap        ] GC(158) Humongous regions: 3->3
[88.911s][info][gc,metaspace   ] GC(158) Metaspace: 17977K(18688K)->17977K(18688K) NonClass: 15923K(16384K)->15923K(16384K) Class: 2054K(2304K)->2054K(2304K)
[88.911s][info][gc             ] GC(158) Pause Young (Normal) (G1 Evacuation Pause) 1234M->31M(2048M) 12.056ms
[88.911s][info][gc,cpu         ] GC(158) User=0.02s Sys=0.00s Real=0.02s
[89.484s][info][gc,start       ] GC(159) Pause Young (Normal) (G1 Evacuation Pause)
[89.484s][info][gc,task        ] GC(159) Using 6 workers of 6 for evacuation
[89.494s][info][gc,phases      ] GC(159)   Pre Evacuate Collection Set: 0.0ms
[89.494s][info][gc,phases      ] GC(159)   Evacuate Collection Set: 8.7ms
[89.494s][info][gc,phases      ] GC(159)   Post Evacuate Collection Set: 1.1ms
[89.494s][info][gc,phases      ] GC(159)   Other: 0.2ms
[89.494s][info][gc,heap        ] GC(159) Eden regions: 1203->0(1199)
[89.494s][info][gc,heap        ] GC(159) Survivor regions: 25->29(154)
[89.494s][info][gc,heap        ] GC(159) Old regions: 6->6
[89.494s][info][gc,heap        ] GC(159) Humongous regions: 3->3
[89.494s][info][gc,metaspace   ] GC(159) Metaspace: 17977K(18688K)->17977K(18688K) NonClass: 15923K(16384K)->15923K(16384K) Class: 2054K(2304K)->2054K(2304K)
[89.494s][info][gc             ] GC(159) Pause Young (Normal) (G1 Evacuation Pause) 1234M->35M(2048M) 10.245ms
[89.494s][info][gc,cpu         ] GC(159) User=0.00s Sys=0.00s Real=0.00s
[90.345s][info][gc,task        ] GC(160) Using 6 workers of 6 for full compaction
[90.345s][info][gc,start       ] GC(160) Pause Full (System.gc())
[90.345s][info][gc,phases,start] GC(160) Phase 1: Mark live objects
[90.347s][info][gc,stringtable ] GC(160) Cleaned string and symbol table, strings: 5659 processed, 0 removed, symbols: 53749 processed, 0 removed
[90.348s][info][gc,phases      ] GC(160) Phase 1: Mark live objects 2.568ms
[90.348s][info][gc,phases,start] GC(160) Phase 2: Prepare for compaction
[90.350s][info][gc,phases      ] GC(160) Phase 2: Prepare for compaction 2.311ms
[90.350s][info][gc,phases,start] GC(160) Phase 3: Adjust pointers
[90.352s][info][gc,phases      ] GC(160) Phase 3: Adjust pointers 1.756ms
[90.352s][info][gc,phases,start] GC(160) Phase 4: Compact heap
[90.354s][info][gc,phases      ] GC(160) Phase 4: Compact heap 1.708ms
[90.355s][info][gc,heap        ] GC(160) Eden regions: 1150->0(1228)
[90.355s][info][gc,heap        ] GC(160) Survivor regions: 29->0(154)
[90.355s][info][gc,heap        ] GC(160) Old regions: 6->6
[90.355s][info][gc,heap        ] GC(160) Humongous regions: 22->0
[90.355s][info][gc,metaspace   ] GC(160) Metaspace: 17978K(18688K)->17978K(18688K) NonClass: 15924K(16384K)->15924K(16384K) Class: 2054K(2304K)->2054K(2304K)
[90.355s][info][gc             ] GC(160) Pause Full (System.gc()) 1204M->3M(2048M) 10.489ms
[90.355s][info][gc,cpu         ] GC(160) User=0.00s Sys=0.00s Real=0.00s
[90.818s][info][gc,start       ] GC(161) Pause Young (Normal) (G1 Evacuation Pause)
[90.818s][info][gc,task        ] GC(161) Using 6 workers of 6 for evacuation
[90.822s][info][gc,phases      ] GC(161)   Pre Evacuate Collection Set: 0.0ms
[90.822s][info][gc,phases      ] GC(161)   Evacuate Collection Set: 2.1ms
[90.822s][info][gc,phases      ] GC(161)   Post Evacuate Collection Set: 0.9ms
[90.822s][info][gc,phases      ] GC(161)   Other: 0.2ms
[90.822s][info][gc,heap        ] GC(161) Eden regions: 1228->0(1222)
[90.822s][info][gc,heap        ] GC(161) Survivor regions: 0->6(154)
[90.822s][info][gc,heap        ] GC(161) Old regions: 6->6
[90.822s][info][gc,heap        ] GC(161) Humongous regions: 0->0
[90.822s][info][gc,metaspace   ] GC(161) Metaspace: 17978K(18688K)->17978K(18688K) NonClass: 15924K(16384K)->15924K(16384K) Class: 2054K(2304K)->2054K(2304K)
[90.822s][info][gc             ] GC(161) Pause Young (Normal) (G1 Evacuation Pause) 1231M->9M(2048M) 3.312ms
[90.822s][info][gc,cpu         ] GC(161) User=0.00s Sys=0.00s Real=0.00s
[91.313s][info][gc,start       ] GC(162) Pause Young (Normal) (G1 Evacuation Pause)
[91.313s][info][gc,task        ] GC(162) Using 6 workers of 6 for evacuation
[91.318s][info][gc,phases      ] GC(162)   Pre Evacuate Collection Set: 0.0ms
[91.318s][info][gc,phases      ] GC(162)   Evacuate Collection Set: 3.1ms
[91.318s][info][gc,phases      ] GC(162)   Post Evacuate Collection Set: 1.0ms
[91.318s][info][gc,phases      ] GC(162)   Other: 0.2ms
[91.318s][info][gc,heap        ] GC(162) Eden regions: 1222->0(1220)
[91.318s][info][gc,heap        ] GC(162) Survivor regions: 6->8(154)
[91.318s][info][gc,heap        ] GC(162) Old regions: 6->6
[91.318s][info][gc,heap        ] GC(162) Humongous regions: 0->0
[91.318s][info][gc,metaspace   ] GC(162) Metaspace: 17978K(18688K)->17978K(18688K) NonClass: 15924K(16384K)->15924K(16384K) Class: 2054K(2304K)->2054K(2304K)
[91.318s][info][gc             ] GC(162) Pause Young (Normal) (G1 Evacuation Pause) 1231M->11M(2048M) 4.478ms
[91.318s][info][gc,cpu         ] GC(162) User=0.02s Sys=0.00s Real=0.02s
[91.864s][info][gc,start       ] GC(163) Pause Young (Normal) (G1 Evacuation Pause)
[91.864s][info][gc,task        ] GC(163) Using 6 workers of 6 for evacuation
[91.870s][info][gc,phases      ] GC(163)   Pre Evacuate Collection Set: 0.0ms
[91.870s][info][gc,phases      ] GC(163)   Evacuate Collection Set: 5.4ms
[91.870s][info][gc,phases      ] GC(163)   Post Evacuate Collection Set: 1.0ms
[91.870s][info][gc,phases      ] GC(163)   Other: 0.3ms
[91.870s][info][gc,heap        ] GC(163) Eden regions: 1220->0(1216)
[91.870s][info][gc,heap        ] GC(163) Survivor regions: 8->12(154)
[91.870s][info][gc,heap        ] GC(163) Old regions: 6->6
[91.871s][info][gc,heap        ] GC(163) Humongous regions: 0->0
[91.871s][info][gc,metaspace   ] GC(163) Metaspace: 17978K(18688K)->17978K(18688K) NonClass: 15924K(16384K)->15924K(16384K) Class: 2054K(2304K)->2054K(2304K)
[91.871s][info][gc             ] GC(163) Pause Young (Normal) (G1 Evacuation Pause) 1231M->15M(2048M) 6.847ms
[91.871s][info][gc,cpu         ] GC(163) User=0.02s Sys=0.00s Real=0.02s
[92.479s][info][gc,start       ] GC(164) Pause Young (Normal) (G1 Evacuation Pause)
[92.479s][info][gc,task        ] GC(164) Using 6 workers of 6 for evacuation
[92.491s][info][gc,phases      ] GC(164)   Pre Evacuate Collection Set: 0.1ms
[92.491s][info][gc,phases      ] GC(164)   Evacuate Collection Set: 10.8ms
[92.491s][info][gc,phases      ] GC(164)   Post Evacuate Collection Set: 0.9ms
[92.491s][info][gc,phases      ] GC(164)   Other: 0.4ms
[92.491s][info][gc,heap        ] GC(164) Eden regions: 1216->0(1203)
[92.491s][info][gc,heap        ] GC(164) Survivor regions: 12->25(154)
[92.491s][info][gc,heap        ] GC(164) Old regions: 6->6
[92.491s][info][gc,heap        ] GC(164) Humongous regions: 3->3
[92.491s][info][gc,metaspace   ] GC(164) Metaspace: 17978K(18688K)->17978K(18688K) NonClass: 15924K(16384K)->15924K(16384K) Class: 2054K(2304K)->2054K(2304K)
[92.491s][info][gc             ] GC(164) Pause Young (Normal) (G1 Evacuation Pause) 1234M->31M(2048M) 12.240ms
[92.491s][info][gc,cpu         ] GC(164) User=0.03s Sys=0.00s Real=0.03s
[93.064s][info][gc,start       ] GC(165) Pause Young (Normal) (G1 Evacuation Pause)
[93.064s][info][gc,task        ] GC(165) Using 6 workers of 6 for evacuation
[93.074s][info][gc,phases      ] GC(165)   Pre Evacuate Collection Set: 0.0ms
[93.074s][info][gc,phases      ] GC(165)   Evacuate Collection Set: 8.8ms
[93.074s][info][gc,phases      ] GC(165)   Post Evacuate Collection Set: 1.0ms
[93.074s][info][gc,phases      ] GC(165)   Other: 0.2ms
[93.074s][info][gc,heap        ] GC(165) Eden regions: 1203->0(1200)
[93.074s][info][gc,heap        ] GC(165) Survivor regions: 25->28(154)
[93.074s][info][gc,heap        ] GC(165) Old regions: 6->6
[93.074s][info][gc,heap        ] GC(165) Humongous regions: 3->3
[93.074s][info][gc,metaspace   ] GC(165) Metaspace: 17978K(18688K)->17978K(18688K) NonClass: 15924K(16384K)->15924K(16384K) Class: 2054K(2304K)->2054K(2304K)
[93.074s][info][gc             ] GC(165) Pause Young (Normal) (G1 Evacuation Pause) 1234M->34M(2048M) 10.192ms
[93.074s][info][gc,cpu         ] GC(165) User=0.00s Sys=0.00s Real=0.00s
[93.927s][info][gc,task        ] GC(166) Using 6 workers of 6 for full compaction
[93.927s][info][gc,start       ] GC(166) Pause Full (System.gc())
[93.928s][info][gc,phases,start] GC(166) Phase 1: Mark live objects
[93.930s][info][gc,stringtable ] GC(166) Cleaned string and symbol table, strings: 5659 processed, 0 removed, symbols: 53749 processed, 0 removed
[93.930s][info][gc,phases      ] GC(166) Phase 1: Mark live objects 2.378ms
[93.930s][info][gc,phases,start] GC(166) Phase 2: Prepare for compaction
[93.932s][info][gc,phases      ] GC(166) Phase 2: Prepare for compaction 2.118ms
[93.932s][info][gc,phases,start] GC(166) Phase 3: Adjust pointers
[93.934s][info][gc,phases      ] GC(166) Phase 3: Adjust pointers 2.010ms
[93.934s][info][gc,phases,start] GC(166) Phase 4: Compact heap
[93.936s][info][gc,phases      ] GC(166) Phase 4: Compact heap 1.790ms
[93.938s][info][gc,heap        ] GC(166) Eden regions: 1150->0(1228)
[93.938s][info][gc,heap        ] GC(166) Survivor regions: 28->0(154)
[93.938s][info][gc,heap        ] GC(166) Old regions: 6->6
[93.938s][info][gc,heap        ] GC(166) Humongous regions: 22->0
[93.938s][info][gc,metaspace   ] GC(166) Metaspace: 17978K(18688K)->17978K(18688K) NonClass: 15924K(16384K)->15924K(16384K) Class: 2054K(2304K)->2054K(2304K)
[93.938s][info][gc             ] GC(166) Pause Full (System.gc()) 1203M->3M(2048M) 10.398ms
[93.938s][info][gc,cpu         ] GC(166) User=0.00s Sys=0.00s Real=0.00s
[94.419s][info][gc,start       ] GC(167) Pause Young (Normal) (G1 Evacuation Pause)
[94.419s][info][gc,task        ] GC(167) Using 6 workers of 6 for evacuation
[94.423s][info][gc,phases      ] GC(167)   Pre Evacuate Collection Set: 0.1ms
[94.423s][info][gc,phases      ] GC(167)   Evacuate Collection Set: 2.2ms
[94.423s][info][gc,phases      ] GC(167)   Post Evacuate Collection Set: 0.9ms
[94.423s][info][gc,phases      ] GC(167)   Other: 0.3ms
[94.423s][info][gc,heap        ] GC(167) Eden regions: 1228->0(1223)
[94.423s][info][gc,heap        ] GC(167) Survivor regions: 0->5(154)
[94.423s][info][gc,heap        ] GC(167) Old regions: 6->6
[94.423s][info][gc,heap        ] GC(167) Humongous regions: 0->0
[94.423s][info][gc,metaspace   ] GC(167) Metaspace: 17978K(18688K)->17978K(18688K) NonClass: 15924K(16384K)->15924K(16384K) Class: 2054K(2304K)->2054K(2304K)
[94.423s][info][gc             ] GC(167) Pause Young (Normal) (G1 Evacuation Pause) 1231M->8M(2048M) 3.535ms
[94.423s][info][gc,cpu         ] GC(167) User=0.00s Sys=0.00s Real=0.00s
[94.882s][info][gc,start       ] GC(168) Pause Young (Normal) (G1 Evacuation Pause)
[94.882s][info][gc,task        ] GC(168) Using 6 workers of 6 for evacuation
[94.887s][info][gc,phases      ] GC(168)   Pre Evacuate Collection Set: 0.1ms
[94.887s][info][gc,phases      ] GC(168)   Evacuate Collection Set: 3.0ms
[94.887s][info][gc,phases      ] GC(168)   Post Evacuate Collection Set: 1.0ms
[94.887s][info][gc,phases      ] GC(168)   Other: 0.4ms
[94.887s][info][gc,heap        ] GC(168) Eden regions: 1223->0(1220)
[94.887s][info][gc,heap        ] GC(168) Survivor regions: 5->8(154)
[94.887s][info][gc,heap        ] GC(168) Old regions: 6->6
[94.887s][info][gc,heap        ] GC(168) Humongous regions: 0->0
[94.887s][info][gc,metaspace   ] GC(168) Metaspace: 17978K(18688K)->17978K(18688K) NonClass: 15924K(16384K)->15924K(16384K) Class: 2054K(2304K)->2054K(2304K)
[94.887s][info][gc             ] GC(168) Pause Young (Normal) (G1 Evacuation Pause) 1231M->11M(2048M) 4.473ms
[94.887s][info][gc,cpu         ] GC(168) User=0.00s Sys=0.00s Real=0.00s
[95.437s][info][gc,start       ] GC(169) Pause Young (Normal) (G1 Evacuation Pause)
[95.437s][info][gc,task        ] GC(169) Using 6 workers of 6 for evacuation
[95.443s][info][gc,phases      ] GC(169)   Pre Evacuate Collection Set: 0.1ms
[95.443s][info][gc,phases      ] GC(169)   Evacuate Collection Set: 5.2ms
[95.443s][info][gc,phases      ] GC(169)   Post Evacuate Collection Set: 1.0ms
[95.443s][info][gc,phases      ] GC(169)   Other: 0.4ms
[95.443s][info][gc,heap        ] GC(169) Eden regions: 1220->0(1216)
[95.443s][info][gc,heap        ] GC(169) Survivor regions: 8->12(154)
[95.443s][info][gc,heap        ] GC(169) Old regions: 6->6
[95.443s][info][gc,heap        ] GC(169) Humongous regions: 0->0
[95.443s][info][gc,metaspace   ] GC(169) Metaspace: 17978K(18688K)->17978K(18688K) NonClass: 15924K(16384K)->15924K(16384K) Class: 2054K(2304K)->2054K(2304K)
[95.443s][info][gc             ] GC(169) Pause Young (Normal) (G1 Evacuation Pause) 1231M->15M(2048M) 6.676ms
[95.443s][info][gc,cpu         ] GC(169) User=0.00s Sys=0.00s Real=0.00s
[96.051s][info][gc,start       ] GC(170) Pause Young (Normal) (G1 Evacuation Pause)
[96.051s][info][gc,task        ] GC(170) Using 6 workers of 6 for evacuation
[96.063s][info][gc,phases      ] GC(170)   Pre Evacuate Collection Set: 0.1ms
[96.063s][info][gc,phases      ] GC(170)   Evacuate Collection Set: 10.7ms
[96.063s][info][gc,phases      ] GC(170)   Post Evacuate Collection Set: 0.9ms
[96.063s][info][gc,phases      ] GC(170)   Other: 0.4ms
[96.063s][info][gc,heap        ] GC(170) Eden regions: 1216->0(1203)
[96.063s][info][gc,heap        ] GC(170) Survivor regions: 12->25(154)
[96.063s][info][gc,heap        ] GC(170) Old regions: 6->6
[96.063s][info][gc,heap        ] GC(170) Humongous regions: 3->3
[96.063s][info][gc,metaspace   ] GC(170) Metaspace: 17978K(18688K)->17978K(18688K) NonClass: 15924K(16384K)->15924K(16384K) Class: 2054K(2304K)->2054K(2304K)
[96.063s][info][gc             ] GC(170) Pause Young (Normal) (G1 Evacuation Pause) 1234M->31M(2048M) 12.116ms
[96.063s][info][gc,cpu         ] GC(170) User=0.00s Sys=0.00s Real=0.01s
[96.635s][info][gc,start       ] GC(171) Pause Young (Normal) (G1 Evacuation Pause)
[96.635s][info][gc,task        ] GC(171) Using 6 workers of 6 for evacuation
[96.646s][info][gc,phases      ] GC(171)   Pre Evacuate Collection Set: 0.1ms
[96.646s][info][gc,phases      ] GC(171)   Evacuate Collection Set: 9.0ms
[96.646s][info][gc,phases      ] GC(171)   Post Evacuate Collection Set: 1.0ms
[96.646s][info][gc,phases      ] GC(171)   Other: 0.4ms
[96.646s][info][gc,heap        ] GC(171) Eden regions: 1203->0(1199)
[96.646s][info][gc,heap        ] GC(171) Survivor regions: 25->29(154)
[96.646s][info][gc,heap        ] GC(171) Old regions: 6->6
[96.646s][info][gc,heap        ] GC(171) Humongous regions: 3->3
[96.646s][info][gc,metaspace   ] GC(171) Metaspace: 17978K(18688K)->17978K(18688K) NonClass: 15924K(16384K)->15924K(16384K) Class: 2054K(2304K)->2054K(2304K)
[96.646s][info][gc             ] GC(171) Pause Young (Normal) (G1 Evacuation Pause) 1234M->35M(2048M) 10.501ms
[96.646s][info][gc,cpu         ] GC(171) User=0.02s Sys=0.00s Real=0.02s
[97.497s][info][gc,task        ] GC(172) Using 6 workers of 6 for full compaction
[97.497s][info][gc,start       ] GC(172) Pause Full (System.gc())
[97.498s][info][gc,phases,start] GC(172) Phase 1: Mark live objects
[97.500s][info][gc,stringtable ] GC(172) Cleaned string and symbol table, strings: 5659 processed, 0 removed, symbols: 53749 processed, 0 removed
[97.500s][info][gc,phases      ] GC(172) Phase 1: Mark live objects 2.160ms
[97.500s][info][gc,phases,start] GC(172) Phase 2: Prepare for compaction
[97.502s][info][gc,phases      ] GC(172) Phase 2: Prepare for compaction 1.928ms
[97.502s][info][gc,phases,start] GC(172) Phase 3: Adjust pointers
[97.503s][info][gc,phases      ] GC(172) Phase 3: Adjust pointers 1.757ms
[97.503s][info][gc,phases,start] GC(172) Phase 4: Compact heap
[97.505s][info][gc,phases      ] GC(172) Phase 4: Compact heap 1.895ms
[97.507s][info][gc,heap        ] GC(172) Eden regions: 1149->0(1228)
[97.507s][info][gc,heap        ] GC(172) Survivor regions: 29->0(154)
[97.507s][info][gc,heap        ] GC(172) Old regions: 6->5
[97.507s][info][gc,heap        ] GC(172) Humongous regions: 22->0
[97.507s][info][gc,metaspace   ] GC(172) Metaspace: 17978K(18688K)->17978K(18688K) NonClass: 15924K(16384K)->15924K(16384K) Class: 2054K(2304K)->2054K(2304K)
[97.507s][info][gc             ] GC(172) Pause Full (System.gc()) 1203M->3M(2048M) 10.018ms
[97.507s][info][gc,cpu         ] GC(172) User=0.02s Sys=0.00s Real=0.02s
[98.005s][info][gc,start       ] GC(173) Pause Young (Normal) (G1 Evacuation Pause)
[98.005s][info][gc,task        ] GC(173) Using 6 workers of 6 for evacuation
[98.008s][info][gc,phases      ] GC(173)   Pre Evacuate Collection Set: 0.0ms
[98.008s][info][gc,phases      ] GC(173)   Evacuate Collection Set: 2.1ms
[98.008s][info][gc,phases      ] GC(173)   Post Evacuate Collection Set: 1.0ms
[98.008s][info][gc,phases      ] GC(173)   Other: 0.2ms
[98.008s][info][gc,heap        ] GC(173) Eden regions: 1228->0(1223)
[98.008s][info][gc,heap        ] GC(173) Survivor regions: 0->5(154)
[98.008s][info][gc,heap        ] GC(173) Old regions: 5->5
[98.008s][info][gc,heap        ] GC(173) Humongous regions: 0->0
[98.008s][info][gc,metaspace   ] GC(173) Metaspace: 17978K(18688K)->17978K(18688K) NonClass: 15924K(16384K)->15924K(16384K) Class: 2054K(2304K)->2054K(2304K)
[98.008s][info][gc             ] GC(173) Pause Young (Normal) (G1 Evacuation Pause) 1231M->8M(2048M) 3.424ms
[98.008s][info][gc,cpu         ] GC(173) User=0.00s Sys=0.00s Real=0.01s
[98.496s][info][gc,start       ] GC(174) Pause Young (Normal) (G1 Evacuation Pause)
[98.496s][info][gc,task        ] GC(174) Using 6 workers of 6 for evacuation
[98.500s][info][gc,phases      ] GC(174)   Pre Evacuate Collection Set: 0.0ms
[98.500s][info][gc,phases      ] GC(174)   Evacuate Collection Set: 3.0ms
[98.501s][info][gc,phases      ] GC(174)   Post Evacuate Collection Set: 1.0ms
[98.501s][info][gc,phases      ] GC(174)   Other: 0.3ms
[98.501s][info][gc,heap        ] GC(174) Eden regions: 1223->0(1220)
[98.501s][info][gc,heap        ] GC(174) Survivor regions: 5->8(154)
[98.501s][info][gc,heap        ] GC(174) Old regions: 5->5
[98.501s][info][gc,heap        ] GC(174) Humongous regions: 0->0
[98.501s][info][gc,metaspace   ] GC(174) Metaspace: 17978K(18688K)->17978K(18688K) NonClass: 15924K(16384K)->15924K(16384K) Class: 2054K(2304K)->2054K(2304K)
[98.501s][info][gc             ] GC(174) Pause Young (Normal) (G1 Evacuation Pause) 1231M->11M(2048M) 4.444ms
[98.501s][info][gc,cpu         ] GC(174) User=0.00s Sys=0.00s Real=0.00s
[99.055s][info][gc,start       ] GC(175) Pause Young (Normal) (G1 Evacuation Pause)
[99.055s][info][gc,task        ] GC(175) Using 6 workers of 6 for evacuation
[99.062s][info][gc,phases      ] GC(175)   Pre Evacuate Collection Set: 0.0ms
[99.062s][info][gc,phases      ] GC(175)   Evacuate Collection Set: 5.4ms
[99.062s][info][gc,phases      ] GC(175)   Post Evacuate Collection Set: 0.9ms
[99.062s][info][gc,phases      ] GC(175)   Other: 0.4ms
[99.062s][info][gc,heap        ] GC(175) Eden regions: 1220->0(1216)
[99.062s][info][gc,heap        ] GC(175) Survivor regions: 8->12(154)
[99.062s][info][gc,heap        ] GC(175) Old regions: 5->5
[99.062s][info][gc,heap        ] GC(175) Humongous regions: 0->0
[99.062s][info][gc,metaspace   ] GC(175) Metaspace: 17978K(18688K)->17978K(18688K) NonClass: 15924K(16384K)->15924K(16384K) Class: 2054K(2304K)->2054K(2304K)
[99.062s][info][gc             ] GC(175) Pause Young (Normal) (G1 Evacuation Pause) 1231M->15M(2048M) 6.795ms
[99.062s][info][gc,cpu         ] GC(175) User=0.00s Sys=0.00s Real=0.01s
[99.669s][info][gc,start       ] GC(176) Pause Young (Normal) (G1 Evacuation Pause)
[99.669s][info][gc,task        ] GC(176) Using 6 workers of 6 for evacuation
[99.681s][info][gc,phases      ] GC(176)   Pre Evacuate Collection Set: 0.0ms
[99.681s][info][gc,phases      ] GC(176)   Evacuate Collection Set: 10.4ms
[99.681s][info][gc,phases      ] GC(176)   Post Evacuate Collection Set: 1.1ms
[99.681s][info][gc,phases      ] GC(176)   Other: 0.4ms
[99.681s][info][gc,heap        ] GC(176) Eden regions: 1216->0(1203)
[99.681s][info][gc,heap        ] GC(176) Survivor regions: 12->25(154)
[99.681s][info][gc,heap        ] GC(176) Old regions: 5->5
[99.681s][info][gc,heap        ] GC(176) Humongous regions: 3->3
[99.681s][info][gc,metaspace   ] GC(176) Metaspace: 17978K(18688K)->17978K(18688K) NonClass: 15924K(16384K)->15924K(16384K) Class: 2054K(2304K)->2054K(2304K)
[99.681s][info][gc             ] GC(176) Pause Young (Normal) (G1 Evacuation Pause) 1234M->31M(2048M) 11.999ms
[99.681s][info][gc,cpu         ] GC(176) User=0.02s Sys=0.00s Real=0.02s
[100.255s][info][gc,start       ] GC(177) Pause Young (Normal) (G1 Evacuation Pause)
[100.255s][info][gc,task        ] GC(177) Using 6 workers of 6 for evacuation
[100.265s][info][gc,phases      ] GC(177)   Pre Evacuate Collection Set: 0.0ms
[100.265s][info][gc,phases      ] GC(177)   Evacuate Collection Set: 8.6ms
[100.265s][info][gc,phases      ] GC(177)   Post Evacuate Collection Set: 1.0ms
[100.265s][info][gc,phases      ] GC(177)   Other: 0.2ms
[100.265s][info][gc,heap        ] GC(177) Eden regions: 1203->0(1199)
[100.265s][info][gc,heap        ] GC(177) Survivor regions: 25->29(154)
[100.265s][info][gc,heap        ] GC(177) Old regions: 5->5
[100.265s][info][gc,heap        ] GC(177) Humongous regions: 3->3
[100.265s][info][gc,metaspace   ] GC(177) Metaspace: 17978K(18688K)->17978K(18688K) NonClass: 15924K(16384K)->15924K(16384K) Class: 2054K(2304K)->2054K(2304K)
[100.265s][info][gc             ] GC(177) Pause Young (Normal) (G1 Evacuation Pause) 1234M->35M(2048M) 9.978ms
[100.265s][info][gc,cpu         ] GC(177) User=0.00s Sys=0.00s Real=0.00s
[101.113s][info][gc,task        ] GC(178) Using 6 workers of 6 for full compaction
[101.113s][info][gc,start       ] GC(178) Pause Full (System.gc())
[101.113s][info][gc,phases,start] GC(178) Phase 1: Mark live objects
[101.116s][info][gc,stringtable ] GC(178) Cleaned string and symbol table, strings: 5659 processed, 0 removed, symbols: 53749 processed, 0 removed
[101.116s][info][gc,phases      ] GC(178) Phase 1: Mark live objects 2.571ms
[101.116s][info][gc,phases,start] GC(178) Phase 2: Prepare for compaction
[101.118s][info][gc,phases      ] GC(178) Phase 2: Prepare for compaction 2.061ms
[101.118s][info][gc,phases,start] GC(178) Phase 3: Adjust pointers
[101.120s][info][gc,phases      ] GC(178) Phase 3: Adjust pointers 2.103ms
[101.120s][info][gc,phases,start] GC(178) Phase 4: Compact heap
[101.122s][info][gc,phases      ] GC(178) Phase 4: Compact heap 1.972ms
[101.124s][info][gc,heap        ] GC(178) Eden regions: 1149->0(1228)
[101.124s][info][gc,heap        ] GC(178) Survivor regions: 29->0(154)
[101.124s][info][gc,heap        ] GC(178) Old regions: 5->5
[101.124s][info][gc,heap        ] GC(178) Humongous regions: 22->0
[101.124s][info][gc,metaspace   ] GC(178) Metaspace: 17978K(18688K)->17978K(18688K) NonClass: 15924K(16384K)->15924K(16384K) Class: 2054K(2304K)->2054K(2304K)
[101.124s][info][gc             ] GC(178) Pause Full (System.gc()) 1203M->3M(2048M) 11.023ms
[101.124s][info][gc,cpu         ] GC(178) User=0.02s Sys=0.00s Real=0.02s
[101.620s][info][gc,start       ] GC(179) Pause Young (Normal) (G1 Evacuation Pause)
[101.620s][info][gc,task        ] GC(179) Using 6 workers of 6 for evacuation
[101.624s][info][gc,phases      ] GC(179)   Pre Evacuate Collection Set: 0.0ms
[101.624s][info][gc,phases      ] GC(179)   Evacuate Collection Set: 2.1ms
[101.624s][info][gc,phases      ] GC(179)   Post Evacuate Collection Set: 0.9ms
[101.624s][info][gc,phases      ] GC(179)   Other: 0.2ms
[101.624s][info][gc,heap        ] GC(179) Eden regions: 1228->0(1223)
[101.624s][info][gc,heap        ] GC(179) Survivor regions: 0->5(154)
[101.624s][info][gc,heap        ] GC(179) Old regions: 5->5
[101.624s][info][gc,heap        ] GC(179) Humongous regions: 0->0
[101.624s][info][gc,metaspace   ] GC(179) Metaspace: 17981K(18688K)->17981K(18688K) NonClass: 15926K(16384K)->15926K(16384K) Class: 2054K(2304K)->2054K(2304K)
[101.624s][info][gc             ] GC(179) Pause Young (Normal) (G1 Evacuation Pause) 1231M->8M(2048M) 3.323ms
[101.624s][info][gc,cpu         ] GC(179) User=0.00s Sys=0.00s Real=0.00s
[102.059s][info][gc,start       ] GC(180) Pause Young (Normal) (G1 Evacuation Pause)
[102.059s][info][gc,task        ] GC(180) Using 6 workers of 6 for evacuation
[102.064s][info][gc,phases      ] GC(180)   Pre Evacuate Collection Set: 0.0ms
[102.064s][info][gc,phases      ] GC(180)   Evacuate Collection Set: 3.0ms
[102.064s][info][gc,phases      ] GC(180)   Post Evacuate Collection Set: 1.0ms
[102.064s][info][gc,phases      ] GC(180)   Other: 0.2ms
[102.064s][info][gc,heap        ] GC(180) Eden regions: 1223->0(1220)
[102.064s][info][gc,heap        ] GC(180) Survivor regions: 5->8(154)
[102.064s][info][gc,heap        ] GC(180) Old regions: 5->5
[102.064s][info][gc,heap        ] GC(180) Humongous regions: 0->0
[102.064s][info][gc,metaspace   ] GC(180) Metaspace: 17981K(18688K)->17981K(18688K) NonClass: 15926K(16384K)->15926K(16384K) Class: 2054K(2304K)->2054K(2304K)
[102.064s][info][gc             ] GC(180) Pause Young (Normal) (G1 Evacuation Pause) 1231M->11M(2048M) 4.346ms
[102.064s][info][gc,cpu         ] GC(180) User=0.00s Sys=0.00s Real=0.00s
[102.618s][info][gc,start       ] GC(181) Pause Young (Normal) (G1 Evacuation Pause)
[102.618s][info][gc,task        ] GC(181) Using 6 workers of 6 for evacuation
[102.624s][info][gc,phases      ] GC(181)   Pre Evacuate Collection Set: 0.0ms
[102.624s][info][gc,phases      ] GC(181)   Evacuate Collection Set: 5.4ms
[102.624s][info][gc,phases      ] GC(181)   Post Evacuate Collection Set: 1.0ms
[102.624s][info][gc,phases      ] GC(181)   Other: 0.2ms
[102.624s][info][gc,heap        ] GC(181) Eden regions: 1220->0(1216)
[102.624s][info][gc,heap        ] GC(181) Survivor regions: 8->12(154)
[102.624s][info][gc,heap        ] GC(181) Old regions: 5->5
[102.624s][info][gc,heap        ] GC(181) Humongous regions: 0->0
[102.624s][info][gc,metaspace   ] GC(181) Metaspace: 17981K(18688K)->17981K(18688K) NonClass: 15926K(16384K)->15926K(16384K) Class: 2054K(2304K)->2054K(2304K)
[102.624s][info][gc             ] GC(181) Pause Young (Normal) (G1 Evacuation Pause) 1231M->15M(2048M) 6.752ms
[102.624s][info][gc,cpu         ] GC(181) User=0.00s Sys=0.00s Real=0.01s
[103.232s][info][gc,start       ] GC(182) Pause Young (Normal) (G1 Evacuation Pause)
[103.232s][info][gc,task        ] GC(182) Using 6 workers of 6 for evacuation
[103.243s][info][gc,phases      ] GC(182)   Pre Evacuate Collection Set: 0.0ms
[103.243s][info][gc,phases      ] GC(182)   Evacuate Collection Set: 10.5ms
[103.243s][info][gc,phases      ] GC(182)   Post Evacuate Collection Set: 0.9ms
[103.243s][info][gc,phases      ] GC(182)   Other: 0.2ms
[103.243s][info][gc,heap        ] GC(182) Eden regions: 1216->0(1203)
[103.243s][info][gc,heap        ] GC(182) Survivor regions: 12->25(154)
[103.243s][info][gc,heap        ] GC(182) Old regions: 5->5
[103.243s][info][gc,heap        ] GC(182) Humongous regions: 3->3
[103.243s][info][gc,metaspace   ] GC(182) Metaspace: 17981K(18688K)->17981K(18688K) NonClass: 15926K(16384K)->15926K(16384K) Class: 2054K(2304K)->2054K(2304K)
[103.243s][info][gc             ] GC(182) Pause Young (Normal) (G1 Evacuation Pause) 1234M->31M(2048M) 11.783ms
[103.244s][info][gc,cpu         ] GC(182) User=0.02s Sys=0.00s Real=0.02s
[103.816s][info][gc,start       ] GC(183) Pause Young (Normal) (G1 Evacuation Pause)
[103.816s][info][gc,task        ] GC(183) Using 6 workers of 6 for evacuation
[103.826s][info][gc,phases      ] GC(183)   Pre Evacuate Collection Set: 0.0ms
[103.826s][info][gc,phases      ] GC(183)   Evacuate Collection Set: 8.9ms
[103.826s][info][gc,phases      ] GC(183)   Post Evacuate Collection Set: 1.0ms
[103.826s][info][gc,phases      ] GC(183)   Other: 0.3ms
[103.826s][info][gc,heap        ] GC(183) Eden regions: 1203->0(1199)
[103.826s][info][gc,heap        ] GC(183) Survivor regions: 25->29(154)
[103.826s][info][gc,heap        ] GC(183) Old regions: 5->5
[103.826s][info][gc,heap        ] GC(183) Humongous regions: 3->3
[103.826s][info][gc,metaspace   ] GC(183) Metaspace: 17981K(18688K)->17981K(18688K) NonClass: 15926K(16384K)->15926K(16384K) Class: 2054K(2304K)->2054K(2304K)
[103.826s][info][gc             ] GC(183) Pause Young (Normal) (G1 Evacuation Pause) 1234M->35M(2048M) 10.392ms
[103.826s][info][gc,cpu         ] GC(183) User=0.02s Sys=0.00s Real=0.02s
[104.675s][info][gc,task        ] GC(184) Using 6 workers of 6 for full compaction
[104.676s][info][gc,start       ] GC(184) Pause Full (System.gc())
[104.676s][info][gc,phases,start] GC(184) Phase 1: Mark live objects
[104.678s][info][gc,stringtable ] GC(184) Cleaned string and symbol table, strings: 5659 processed, 0 removed, symbols: 53749 processed, 0 removed
[104.678s][info][gc,phases      ] GC(184) Phase 1: Mark live objects 2.505ms
[104.678s][info][gc,phases,start] GC(184) Phase 2: Prepare for compaction
[104.680s][info][gc,phases      ] GC(184) Phase 2: Prepare for compaction 2.075ms
[104.680s][info][gc,phases,start] GC(184) Phase 3: Adjust pointers
[104.682s][info][gc,phases      ] GC(184) Phase 3: Adjust pointers 1.810ms
[104.682s][info][gc,phases,start] GC(184) Phase 4: Compact heap
[104.684s][info][gc,phases      ] GC(184) Phase 4: Compact heap 1.890ms
[104.686s][info][gc,heap        ] GC(184) Eden regions: 1149->0(1228)
[104.686s][info][gc,heap        ] GC(184) Survivor regions: 29->0(154)
[104.686s][info][gc,heap        ] GC(184) Old regions: 5->6
[104.686s][info][gc,heap        ] GC(184) Humongous regions: 22->0
[104.686s][info][gc,metaspace   ] GC(184) Metaspace: 17994K(18688K)->17994K(18688K) NonClass: 15939K(16384K)->15939K(16384K) Class: 2054K(2304K)->2054K(2304K)
[104.686s][info][gc             ] GC(184) Pause Full (System.gc()) 1203M->3M(2048M) 10.671ms
[104.686s][info][gc,cpu         ] GC(184) User=0.02s Sys=0.00s Real=0.02s
[105.021s][info][gc,start       ] GC(185) Pause Young (Normal) (G1 Evacuation Pause)
[105.021s][info][gc,task        ] GC(185) Using 6 workers of 6 for evacuation
[105.025s][info][gc,phases      ] GC(185)   Pre Evacuate Collection Set: 0.0ms
[105.025s][info][gc,phases      ] GC(185)   Evacuate Collection Set: 2.1ms
[105.025s][info][gc,phases      ] GC(185)   Post Evacuate Collection Set: 0.8ms
[105.025s][info][gc,phases      ] GC(185)   Other: 0.3ms
[105.025s][info][gc,heap        ] GC(185) Eden regions: 1228->0(1222)
[105.025s][info][gc,heap        ] GC(185) Survivor regions: 0->6(154)
[105.025s][info][gc,heap        ] GC(185) Old regions: 6->6
[105.025s][info][gc,heap        ] GC(185) Humongous regions: 0->0
[105.025s][info][gc,metaspace   ] GC(185) Metaspace: 17997K(18688K)->17997K(18688K) NonClass: 15943K(16384K)->15943K(16384K) Class: 2054K(2304K)->2054K(2304K)
[105.025s][info][gc             ] GC(185) Pause Young (Normal) (G1 Evacuation Pause) 1231M->9M(2048M) 3.371ms
[105.025s][info][gc,cpu         ] GC(185) User=0.00s Sys=0.00s Real=0.00s
[105.353s][info][gc,start       ] GC(186) Pause Young (Normal) (G1 Evacuation Pause)
[105.353s][info][gc,task        ] GC(186) Using 6 workers of 6 for evacuation
[105.357s][info][gc,phases      ] GC(186)   Pre Evacuate Collection Set: 0.0ms
[105.357s][info][gc,phases      ] GC(186)   Evacuate Collection Set: 3.2ms
[105.357s][info][gc,phases      ] GC(186)   Post Evacuate Collection Set: 1.0ms
[105.357s][info][gc,phases      ] GC(186)   Other: 0.2ms
[105.357s][info][gc,heap        ] GC(186) Eden regions: 1222->0(1220)
[105.357s][info][gc,heap        ] GC(186) Survivor regions: 6->8(154)
[105.357s][info][gc,heap        ] GC(186) Old regions: 6->6
[105.357s][info][gc,heap        ] GC(186) Humongous regions: 0->0
[105.357s][info][gc,metaspace   ] GC(186) Metaspace: 17997K(18688K)->17997K(18688K) NonClass: 15943K(16384K)->15943K(16384K) Class: 2054K(2304K)->2054K(2304K)
[105.357s][info][gc             ] GC(186) Pause Young (Normal) (G1 Evacuation Pause) 1231M->11M(2048M) 4.519ms
[105.357s][info][gc,cpu         ] GC(186) User=0.00s Sys=0.00s Real=0.02s
[105.901s][info][gc,start       ] GC(187) Pause Young (Normal) (G1 Evacuation Pause)
[105.901s][info][gc,task        ] GC(187) Using 6 workers of 6 for evacuation
[105.908s][info][gc,phases      ] GC(187)   Pre Evacuate Collection Set: 0.1ms
[105.908s][info][gc,phases      ] GC(187)   Evacuate Collection Set: 5.2ms
[105.908s][info][gc,phases      ] GC(187)   Post Evacuate Collection Set: 1.1ms
[105.908s][info][gc,phases      ] GC(187)   Other: 0.4ms
[105.908s][info][gc,heap        ] GC(187) Eden regions: 1220->0(1216)
[105.908s][info][gc,heap        ] GC(187) Survivor regions: 8->12(154)
[105.908s][info][gc,heap        ] GC(187) Old regions: 6->6
[105.908s][info][gc,heap        ] GC(187) Humongous regions: 0->0
[105.908s][info][gc,metaspace   ] GC(187) Metaspace: 17997K(18688K)->17997K(18688K) NonClass: 15943K(16384K)->15943K(16384K) Class: 2054K(2304K)->2054K(2304K)
[105.908s][info][gc             ] GC(187) Pause Young (Normal) (G1 Evacuation Pause) 1231M->15M(2048M) 6.780ms
[105.908s][info][gc,cpu         ] GC(187) User=0.00s Sys=0.00s Real=0.01s
[106.516s][info][gc,start       ] GC(188) Pause Young (Normal) (G1 Evacuation Pause)
[106.516s][info][gc,task        ] GC(188) Using 6 workers of 6 for evacuation
[106.528s][info][gc,phases      ] GC(188)   Pre Evacuate Collection Set: 0.0ms
[106.528s][info][gc,phases      ] GC(188)   Evacuate Collection Set: 10.2ms
[106.528s][info][gc,phases      ] GC(188)   Post Evacuate Collection Set: 0.9ms
[106.528s][info][gc,phases      ] GC(188)   Other: 0.3ms
[106.528s][info][gc,heap        ] GC(188) Eden regions: 1216->0(1203)
[106.528s][info][gc,heap        ] GC(188) Survivor regions: 12->25(154)
[106.528s][info][gc,heap        ] GC(188) Old regions: 6->6
[106.528s][info][gc,heap        ] GC(188) Humongous regions: 3->3
[106.528s][info][gc,metaspace   ] GC(188) Metaspace: 17997K(18688K)->17997K(18688K) NonClass: 15943K(16384K)->15943K(16384K) Class: 2054K(2304K)->2054K(2304K)
[106.528s][info][gc             ] GC(188) Pause Young (Normal) (G1 Evacuation Pause) 1234M->31M(2048M) 11.570ms
[106.528s][info][gc,cpu         ] GC(188) User=0.02s Sys=0.00s Real=0.02s
[107.101s][info][gc,start       ] GC(189) Pause Young (Normal) (G1 Evacuation Pause)
[107.101s][info][gc,task        ] GC(189) Using 6 workers of 6 for evacuation
[107.111s][info][gc,phases      ] GC(189)   Pre Evacuate Collection Set: 0.0ms
[107.111s][info][gc,phases      ] GC(189)   Evacuate Collection Set: 8.8ms
[107.111s][info][gc,phases      ] GC(189)   Post Evacuate Collection Set: 1.1ms
[107.111s][info][gc,phases      ] GC(189)   Other: 0.2ms
[107.111s][info][gc,heap        ] GC(189) Eden regions: 1203->0(1199)
[107.111s][info][gc,heap        ] GC(189) Survivor regions: 25->29(154)
[107.111s][info][gc,heap        ] GC(189) Old regions: 6->6
[107.111s][info][gc,heap        ] GC(189) Humongous regions: 3->3
[107.111s][info][gc,metaspace   ] GC(189) Metaspace: 17997K(18688K)->17997K(18688K) NonClass: 15943K(16384K)->15943K(16384K) Class: 2054K(2304K)->2054K(2304K)
[107.111s][info][gc             ] GC(189) Pause Young (Normal) (G1 Evacuation Pause) 1234M->35M(2048M) 10.286ms
[107.111s][info][gc,cpu         ] GC(189) User=0.00s Sys=0.00s Real=0.00s
[107.962s][info][gc,task        ] GC(190) Using 6 workers of 6 for full compaction
[107.962s][info][gc,start       ] GC(190) Pause Full (System.gc())
[107.962s][info][gc,phases,start] GC(190) Phase 1: Mark live objects
[107.965s][info][gc,stringtable ] GC(190) Cleaned string and symbol table, strings: 5659 processed, 0 removed, symbols: 53749 processed, 0 removed
[107.965s][info][gc,phases      ] GC(190) Phase 1: Mark live objects 2.599ms
[107.965s][info][gc,phases,start] GC(190) Phase 2: Prepare for compaction
[107.967s][info][gc,phases      ] GC(190) Phase 2: Prepare for compaction 2.279ms
[107.967s][info][gc,phases,start] GC(190) Phase 3: Adjust pointers
[107.969s][info][gc,phases      ] GC(190) Phase 3: Adjust pointers 1.779ms
[107.969s][info][gc,phases,start] GC(190) Phase 4: Compact heap
[107.971s][info][gc,phases      ] GC(190) Phase 4: Compact heap 2.192ms
[107.973s][info][gc,heap        ] GC(190) Eden regions: 1151->0(1228)
[107.973s][info][gc,heap        ] GC(190) Survivor regions: 29->0(154)
[107.973s][info][gc,heap        ] GC(190) Old regions: 6->6
[107.973s][info][gc,heap        ] GC(190) Humongous regions: 22->0
[107.973s][info][gc,metaspace   ] GC(190) Metaspace: 17997K(18688K)->17997K(18688K) NonClass: 15943K(16384K)->15943K(16384K) Class: 2054K(2304K)->2054K(2304K)
[107.973s][info][gc             ] GC(190) Pause Full (System.gc()) 1205M->3M(2048M) 11.340ms
[107.973s][info][gc,cpu         ] GC(190) User=0.00s Sys=0.00s Real=0.01s
[108.473s][info][gc,start       ] GC(191) Pause Young (Normal) (G1 Evacuation Pause)
[108.473s][info][gc,task        ] GC(191) Using 6 workers of 6 for evacuation
[108.476s][info][gc,phases      ] GC(191)   Pre Evacuate Collection Set: 0.0ms
[108.476s][info][gc,phases      ] GC(191)   Evacuate Collection Set: 2.3ms
[108.476s][info][gc,phases      ] GC(191)   Post Evacuate Collection Set: 1.1ms
[108.476s][info][gc,phases      ] GC(191)   Other: 0.2ms
[108.476s][info][gc,heap        ] GC(191) Eden regions: 1228->0(1223)
[108.476s][info][gc,heap        ] GC(191) Survivor regions: 0->5(154)
[108.476s][info][gc,heap        ] GC(191) Old regions: 6->6
[108.476s][info][gc,heap        ] GC(191) Humongous regions: 0->0
[108.476s][info][gc,metaspace   ] GC(191) Metaspace: 17997K(18688K)->17997K(18688K) NonClass: 15943K(16384K)->15943K(16384K) Class: 2054K(2304K)->2054K(2304K)
[108.476s][info][gc             ] GC(191) Pause Young (Normal) (G1 Evacuation Pause) 1231M->8M(2048M) 3.691ms
[108.476s][info][gc,cpu         ] GC(191) User=0.00s Sys=0.00s Real=0.01s
[108.865s][info][gc,start       ] GC(192) Pause Young (Normal) (G1 Evacuation Pause)
[108.865s][info][gc,task        ] GC(192) Using 6 workers of 6 for evacuation
[108.869s][info][gc,phases      ] GC(192)   Pre Evacuate Collection Set: 0.0ms
[108.869s][info][gc,phases      ] GC(192)   Evacuate Collection Set: 3.0ms
[108.869s][info][gc,phases      ] GC(192)   Post Evacuate Collection Set: 0.9ms
[108.869s][info][gc,phases      ] GC(192)   Other: 0.2ms
[108.869s][info][gc,heap        ] GC(192) Eden regions: 1223->0(1220)
[108.869s][info][gc,heap        ] GC(192) Survivor regions: 5->8(154)
[108.869s][info][gc,heap        ] GC(192) Old regions: 6->6
[108.869s][info][gc,heap        ] GC(192) Humongous regions: 0->0
[108.869s][info][gc,metaspace   ] GC(192) Metaspace: 17997K(18688K)->17997K(18688K) NonClass: 15943K(16384K)->15943K(16384K) Class: 2054K(2304K)->2054K(2304K)
[108.869s][info][gc             ] GC(192) Pause Young (Normal) (G1 Evacuation Pause) 1231M->11M(2048M) 4.291ms
[108.869s][info][gc,cpu         ] GC(192) User=0.00s Sys=0.00s Real=0.00s
[109.413s][info][gc,start       ] GC(193) Pause Young (Normal) (G1 Evacuation Pause)
[109.414s][info][gc,task        ] GC(193) Using 6 workers of 6 for evacuation
[109.420s][info][gc,phases      ] GC(193)   Pre Evacuate Collection Set: 0.0ms
[109.420s][info][gc,phases      ] GC(193)   Evacuate Collection Set: 5.2ms
[109.420s][info][gc,phases      ] GC(193)   Post Evacuate Collection Set: 1.0ms
[109.420s][info][gc,phases      ] GC(193)   Other: 0.3ms
[109.420s][info][gc,heap        ] GC(193) Eden regions: 1220->0(1216)
[109.420s][info][gc,heap        ] GC(193) Survivor regions: 8->12(154)
[109.420s][info][gc,heap        ] GC(193) Old regions: 6->6
[109.420s][info][gc,heap        ] GC(193) Humongous regions: 0->0
[109.420s][info][gc,metaspace   ] GC(193) Metaspace: 17997K(18688K)->17997K(18688K) NonClass: 15943K(16384K)->15943K(16384K) Class: 2054K(2304K)->2054K(2304K)
[109.420s][info][gc             ] GC(193) Pause Young (Normal) (G1 Evacuation Pause) 1231M->15M(2048M) 6.634ms
[109.420s][info][gc,cpu         ] GC(193) User=0.00s Sys=0.00s Real=0.00s
[110.030s][info][gc,start       ] GC(194) Pause Young (Normal) (G1 Evacuation Pause)
[110.030s][info][gc,task        ] GC(194) Using 6 workers of 6 for evacuation
[110.042s][info][gc,phases      ] GC(194)   Pre Evacuate Collection Set: 0.1ms
[110.042s][info][gc,phases      ] GC(194)   Evacuate Collection Set: 10.8ms
[110.042s][info][gc,phases      ] GC(194)   Post Evacuate Collection Set: 0.9ms
[110.042s][info][gc,phases      ] GC(194)   Other: 0.4ms
[110.042s][info][gc,heap        ] GC(194) Eden regions: 1216->0(1203)
[110.042s][info][gc,heap        ] GC(194) Survivor regions: 12->25(154)
[110.042s][info][gc,heap        ] GC(194) Old regions: 6->6
[110.042s][info][gc,heap        ] GC(194) Humongous regions: 3->3
[110.042s][info][gc,metaspace   ] GC(194) Metaspace: 17997K(18688K)->17997K(18688K) NonClass: 15943K(16384K)->15943K(16384K) Class: 2054K(2304K)->2054K(2304K)
[110.042s][info][gc             ] GC(194) Pause Young (Normal) (G1 Evacuation Pause) 1234M->31M(2048M) 12.263ms
[110.042s][info][gc,cpu         ] GC(194) User=0.02s Sys=0.00s Real=0.02s
[110.614s][info][gc,start       ] GC(195) Pause Young (Normal) (G1 Evacuation Pause)
[110.614s][info][gc,task        ] GC(195) Using 6 workers of 6 for evacuation
[110.624s][info][gc,phases      ] GC(195)   Pre Evacuate Collection Set: 0.0ms
[110.624s][info][gc,phases      ] GC(195)   Evacuate Collection Set: 8.8ms
[110.624s][info][gc,phases      ] GC(195)   Post Evacuate Collection Set: 1.1ms
[110.624s][info][gc,phases      ] GC(195)   Other: 0.2ms
[110.624s][info][gc,heap        ] GC(195) Eden regions: 1203->0(1199)
[110.624s][info][gc,heap        ] GC(195) Survivor regions: 25->29(154)
[110.624s][info][gc,heap        ] GC(195) Old regions: 6->6
[110.624s][info][gc,heap        ] GC(195) Humongous regions: 3->3
[110.624s][info][gc,metaspace   ] GC(195) Metaspace: 17997K(18688K)->17997K(18688K) NonClass: 15943K(16384K)->15943K(16384K) Class: 2054K(2304K)->2054K(2304K)
[110.624s][info][gc             ] GC(195) Pause Young (Normal) (G1 Evacuation Pause) 1234M->35M(2048M) 10.257ms
[110.624s][info][gc,cpu         ] GC(195) User=0.02s Sys=0.00s Real=0.02s
[111.474s][info][gc,task        ] GC(196) Using 6 workers of 6 for full compaction
[111.474s][info][gc,start       ] GC(196) Pause Full (System.gc())
[111.474s][info][gc,phases,start] GC(196) Phase 1: Mark live objects
[111.477s][info][gc,stringtable ] GC(196) Cleaned string and symbol table, strings: 5659 processed, 0 removed, symbols: 53749 processed, 0 removed
[111.477s][info][gc,phases      ] GC(196) Phase 1: Mark live objects 3.221ms
[111.477s][info][gc,phases,start] GC(196) Phase 2: Prepare for compaction
[111.480s][info][gc,phases      ] GC(196) Phase 2: Prepare for compaction 2.688ms
[111.480s][info][gc,phases,start] GC(196) Phase 3: Adjust pointers
[111.482s][info][gc,phases      ] GC(196) Phase 3: Adjust pointers 2.487ms
[111.482s][info][gc,phases,start] GC(196) Phase 4: Compact heap
[111.486s][info][gc,phases      ] GC(196) Phase 4: Compact heap 3.082ms
[111.488s][info][gc,heap        ] GC(196) Eden regions: 1149->0(1228)
[111.488s][info][gc,heap        ] GC(196) Survivor regions: 29->0(154)
[111.488s][info][gc,heap        ] GC(196) Old regions: 6->5
[111.488s][info][gc,heap        ] GC(196) Humongous regions: 22->0
[111.488s][info][gc,metaspace   ] GC(196) Metaspace: 17997K(18688K)->17997K(18688K) NonClass: 15943K(16384K)->15943K(16384K) Class: 2054K(2304K)->2054K(2304K)
[111.488s][info][gc             ] GC(196) Pause Full (System.gc()) 1202M->3M(2048M) 14.035ms
[111.488s][info][gc,cpu         ] GC(196) User=0.00s Sys=0.00s Real=0.02s
[111.987s][info][gc,start       ] GC(197) Pause Young (Normal) (G1 Evacuation Pause)
[111.987s][info][gc,task        ] GC(197) Using 6 workers of 6 for evacuation
[111.990s][info][gc,phases      ] GC(197)   Pre Evacuate Collection Set: 0.0ms
[111.990s][info][gc,phases      ] GC(197)   Evacuate Collection Set: 1.9ms
[111.990s][info][gc,phases      ] GC(197)   Post Evacuate Collection Set: 0.8ms
[111.990s][info][gc,phases      ] GC(197)   Other: 0.3ms
[111.990s][info][gc,heap        ] GC(197) Eden regions: 1228->0(1222)
[111.990s][info][gc,heap        ] GC(197) Survivor regions: 0->6(154)
[111.990s][info][gc,heap        ] GC(197) Old regions: 5->5
[111.990s][info][gc,heap        ] GC(197) Humongous regions: 0->0
[111.990s][info][gc,metaspace   ] GC(197) Metaspace: 17997K(18688K)->17997K(18688K) NonClass: 15943K(16384K)->15943K(16384K) Class: 2054K(2304K)->2054K(2304K)
[111.990s][info][gc             ] GC(197) Pause Young (Normal) (G1 Evacuation Pause) 1231M->9M(2048M) 3.146ms
[111.990s][info][gc,cpu         ] GC(197) User=0.00s Sys=0.00s Real=0.00s
[112.475s][info][gc,start       ] GC(198) Pause Young (Normal) (G1 Evacuation Pause)
[112.475s][info][gc,task        ] GC(198) Using 6 workers of 6 for evacuation
[112.479s][info][gc,phases      ] GC(198)   Pre Evacuate Collection Set: 0.0ms
[112.479s][info][gc,phases      ] GC(198)   Evacuate Collection Set: 3.1ms
[112.479s][info][gc,phases      ] GC(198)   Post Evacuate Collection Set: 1.0ms
[112.479s][info][gc,phases      ] GC(198)   Other: 0.3ms
[112.479s][info][gc,heap        ] GC(198) Eden regions: 1222->0(1220)
[112.479s][info][gc,heap        ] GC(198) Survivor regions: 6->8(154)
[112.479s][info][gc,heap        ] GC(198) Old regions: 5->5
[112.479s][info][gc,heap        ] GC(198) Humongous regions: 0->0
[112.479s][info][gc,metaspace   ] GC(198) Metaspace: 17997K(18688K)->17997K(18688K) NonClass: 15943K(16384K)->15943K(16384K) Class: 2054K(2304K)->2054K(2304K)
[112.479s][info][gc             ] GC(198) Pause Young (Normal) (G1 Evacuation Pause) 1231M->11M(2048M) 4.576ms
[112.479s][info][gc,cpu         ] GC(198) User=0.00s Sys=0.00s Real=0.00s
[113.028s][info][gc,start       ] GC(199) Pause Young (Normal) (G1 Evacuation Pause)
[113.028s][info][gc,task        ] GC(199) Using 6 workers of 6 for evacuation
[113.035s][info][gc,phases      ] GC(199)   Pre Evacuate Collection Set: 0.0ms
[113.035s][info][gc,phases      ] GC(199)   Evacuate Collection Set: 5.2ms
[113.035s][info][gc,phases      ] GC(199)   Post Evacuate Collection Set: 1.0ms
[113.035s][info][gc,phases      ] GC(199)   Other: 0.3ms
[113.035s][info][gc,heap        ] GC(199) Eden regions: 1220->0(1216)
[113.035s][info][gc,heap        ] GC(199) Survivor regions: 8->12(154)
[113.035s][info][gc,heap        ] GC(199) Old regions: 5->5
[113.035s][info][gc,heap        ] GC(199) Humongous regions: 0->0
[113.035s][info][gc,metaspace   ] GC(199) Metaspace: 17997K(18688K)->17997K(18688K) NonClass: 15943K(16384K)->15943K(16384K) Class: 2054K(2304K)->2054K(2304K)
[113.035s][info][gc             ] GC(199) Pause Young (Normal) (G1 Evacuation Pause) 1231M->15M(2048M) 6.593ms
[113.035s][info][gc,cpu         ] GC(199) User=0.00s Sys=0.00s Real=0.00s
[113.642s][info][gc,start       ] GC(200) Pause Young (Normal) (G1 Evacuation Pause)
[113.642s][info][gc,task        ] GC(200) Using 6 workers of 6 for evacuation
[113.654s][info][gc,phases      ] GC(200)   Pre Evacuate Collection Set: 0.1ms
[113.654s][info][gc,phases      ] GC(200)   Evacuate Collection Set: 10.6ms
[113.654s][info][gc,phases      ] GC(200)   Post Evacuate Collection Set: 0.9ms
[113.654s][info][gc,phases      ] GC(200)   Other: 0.4ms
[113.654s][info][gc,heap        ] GC(200) Eden regions: 1216->0(1203)
[113.654s][info][gc,heap        ] GC(200) Survivor regions: 12->25(154)
[113.654s][info][gc,heap        ] GC(200) Old regions: 5->5
[113.654s][info][gc,heap        ] GC(200) Humongous regions: 3->3
[113.654s][info][gc,metaspace   ] GC(200) Metaspace: 17997K(18688K)->17997K(18688K) NonClass: 15943K(16384K)->15943K(16384K) Class: 2054K(2304K)->2054K(2304K)
[113.654s][info][gc             ] GC(200) Pause Young (Normal) (G1 Evacuation Pause) 1234M->31M(2048M) 12.009ms
[113.654s][info][gc,cpu         ] GC(200) User=0.02s Sys=0.00s Real=0.02s
[114.227s][info][gc,start       ] GC(201) Pause Young (Normal) (G1 Evacuation Pause)
[114.227s][info][gc,task        ] GC(201) Using 6 workers of 6 for evacuation
[114.237s][info][gc,phases      ] GC(201)   Pre Evacuate Collection Set: 0.1ms
[114.237s][info][gc,phases      ] GC(201)   Evacuate Collection Set: 9.1ms
[114.237s][info][gc,phases      ] GC(201)   Post Evacuate Collection Set: 1.0ms
[114.237s][info][gc,phases      ] GC(201)   Other: 0.4ms
[114.237s][info][gc,heap        ] GC(201) Eden regions: 1203->0(1199)
[114.237s][info][gc,heap        ] GC(201) Survivor regions: 25->29(154)
[114.237s][info][gc,heap        ] GC(201) Old regions: 5->5
[114.237s][info][gc,heap        ] GC(201) Humongous regions: 3->3
[114.237s][info][gc,metaspace   ] GC(201) Metaspace: 17997K(18688K)->17997K(18688K) NonClass: 15943K(16384K)->15943K(16384K) Class: 2054K(2304K)->2054K(2304K)
[114.237s][info][gc             ] GC(201) Pause Young (Normal) (G1 Evacuation Pause) 1234M->35M(2048M) 10.613ms
[114.237s][info][gc,cpu         ] GC(201) User=0.02s Sys=0.00s Real=0.02s
[115.087s][info][gc,task        ] GC(202) Using 6 workers of 6 for full compaction
[115.087s][info][gc,start       ] GC(202) Pause Full (System.gc())
[115.087s][info][gc,phases,start] GC(202) Phase 1: Mark live objects
[115.090s][info][gc,stringtable ] GC(202) Cleaned string and symbol table, strings: 5659 processed, 0 removed, symbols: 53749 processed, 0 removed
[115.090s][info][gc,phases      ] GC(202) Phase 1: Mark live objects 2.632ms
[115.090s][info][gc,phases,start] GC(202) Phase 2: Prepare for compaction
[115.092s][info][gc,phases      ] GC(202) Phase 2: Prepare for compaction 2.338ms
[115.093s][info][gc,phases,start] GC(202) Phase 3: Adjust pointers
[115.094s][info][gc,phases      ] GC(202) Phase 3: Adjust pointers 1.862ms
[115.094s][info][gc,phases,start] GC(202) Phase 4: Compact heap
[115.097s][info][gc,phases      ] GC(202) Phase 4: Compact heap 2.531ms
[115.099s][info][gc,heap        ] GC(202) Eden regions: 1150->0(1228)
[115.099s][info][gc,heap        ] GC(202) Survivor regions: 29->0(154)
[115.099s][info][gc,heap        ] GC(202) Old regions: 5->6
[115.099s][info][gc,heap        ] GC(202) Humongous regions: 22->0
[115.099s][info][gc,metaspace   ] GC(202) Metaspace: 17997K(18688K)->17997K(18688K) NonClass: 15943K(16384K)->15943K(16384K) Class: 2054K(2304K)->2054K(2304K)
[115.099s][info][gc             ] GC(202) Pause Full (System.gc()) 1204M->3M(2048M) 12.190ms
[115.099s][info][gc,cpu         ] GC(202) User=0.00s Sys=0.02s Real=0.02s
[115.591s][info][gc,start       ] GC(203) Pause Young (Normal) (G1 Evacuation Pause)
[115.591s][info][gc,task        ] GC(203) Using 6 workers of 6 for evacuation
[115.594s][info][gc,phases      ] GC(203)   Pre Evacuate Collection Set: 0.0ms
[115.594s][info][gc,phases      ] GC(203)   Evacuate Collection Set: 2.1ms
[115.594s][info][gc,phases      ] GC(203)   Post Evacuate Collection Set: 0.9ms
[115.594s][info][gc,phases      ] GC(203)   Other: 0.3ms
[115.594s][info][gc,heap        ] GC(203) Eden regions: 1228->0(1222)
[115.594s][info][gc,heap        ] GC(203) Survivor regions: 0->6(154)
[115.594s][info][gc,heap        ] GC(203) Old regions: 6->6
[115.594s][info][gc,heap        ] GC(203) Humongous regions: 0->0
[115.594s][info][gc,metaspace   ] GC(203) Metaspace: 17997K(18688K)->17997K(18688K) NonClass: 15943K(16384K)->15943K(16384K) Class: 2054K(2304K)->2054K(2304K)
[115.595s][info][gc             ] GC(203) Pause Young (Normal) (G1 Evacuation Pause) 1231M->9M(2048M) 3.364ms
[115.595s][info][gc,cpu         ] GC(203) User=0.00s Sys=0.00s Real=0.01s
[116.065s][info][gc,start       ] GC(204) Pause Young (Normal) (G1 Evacuation Pause)
[116.065s][info][gc,task        ] GC(204) Using 6 workers of 6 for evacuation
[116.070s][info][gc,phases      ] GC(204)   Pre Evacuate Collection Set: 0.0ms
[116.070s][info][gc,phases      ] GC(204)   Evacuate Collection Set: 3.2ms
[116.070s][info][gc,phases      ] GC(204)   Post Evacuate Collection Set: 0.9ms
[116.070s][info][gc,phases      ] GC(204)   Other: 0.2ms
[116.070s][info][gc,heap        ] GC(204) Eden regions: 1222->0(1220)
[116.070s][info][gc,heap        ] GC(204) Survivor regions: 6->8(154)
[116.070s][info][gc,heap        ] GC(204) Old regions: 6->6
[116.070s][info][gc,heap        ] GC(204) Humongous regions: 0->0
[116.070s][info][gc,metaspace   ] GC(204) Metaspace: 17997K(18688K)->17997K(18688K) NonClass: 15943K(16384K)->15943K(16384K) Class: 2054K(2304K)->2054K(2304K)
[116.070s][info][gc             ] GC(204) Pause Young (Normal) (G1 Evacuation Pause) 1231M->11M(2048M) 4.436ms
[116.070s][info][gc,cpu         ] GC(204) User=0.02s Sys=0.00s Real=0.02s
[116.579s][info][gc,start       ] GC(205) Pause Young (Normal) (G1 Evacuation Pause)
[116.579s][info][gc,task        ] GC(205) Using 6 workers of 6 for evacuation
[116.586s][info][gc,phases      ] GC(205)   Pre Evacuate Collection Set: 0.0ms
[116.586s][info][gc,phases      ] GC(205)   Evacuate Collection Set: 5.2ms
[116.586s][info][gc,phases      ] GC(205)   Post Evacuate Collection Set: 1.1ms
[116.586s][info][gc,phases      ] GC(205)   Other: 0.2ms
[116.586s][info][gc,heap        ] GC(205) Eden regions: 1220->0(1216)
[116.586s][info][gc,heap        ] GC(205) Survivor regions: 8->12(154)
[116.586s][info][gc,heap        ] GC(205) Old regions: 6->6
[116.586s][info][gc,heap        ] GC(205) Humongous regions: 0->0
[116.586s][info][gc,metaspace   ] GC(205) Metaspace: 17997K(18688K)->17997K(18688K) NonClass: 15943K(16384K)->15943K(16384K) Class: 2054K(2304K)->2054K(2304K)
[116.586s][info][gc             ] GC(205) Pause Young (Normal) (G1 Evacuation Pause) 1231M->15M(2048M) 6.646ms
[116.586s][info][gc,cpu         ] GC(205) User=0.00s Sys=0.00s Real=0.02s
[117.193s][info][gc,start       ] GC(206) Pause Young (Normal) (G1 Evacuation Pause)
[117.193s][info][gc,task        ] GC(206) Using 6 workers of 6 for evacuation
[117.205s][info][gc,phases      ] GC(206)   Pre Evacuate Collection Set: 0.0ms
[117.205s][info][gc,phases      ] GC(206)   Evacuate Collection Set: 10.6ms
[117.205s][info][gc,phases      ] GC(206)   Post Evacuate Collection Set: 0.9ms
[117.205s][info][gc,phases      ] GC(206)   Other: 0.4ms
[117.205s][info][gc,heap        ] GC(206) Eden regions: 1216->0(1203)
[117.205s][info][gc,heap        ] GC(206) Survivor regions: 12->25(154)
[117.205s][info][gc,heap        ] GC(206) Old regions: 6->6
[117.205s][info][gc,heap        ] GC(206) Humongous regions: 3->3
[117.205s][info][gc,metaspace   ] GC(206) Metaspace: 17997K(18688K)->17997K(18688K) NonClass: 15943K(16384K)->15943K(16384K) Class: 2054K(2304K)->2054K(2304K)
[117.205s][info][gc             ] GC(206) Pause Young (Normal) (G1 Evacuation Pause) 1234M->31M(2048M) 11.995ms
[117.205s][info][gc,cpu         ] GC(206) User=0.02s Sys=0.00s Real=0.02s
[117.778s][info][gc,start       ] GC(207) Pause Young (Normal) (G1 Evacuation Pause)
[117.779s][info][gc,task        ] GC(207) Using 6 workers of 6 for evacuation
[117.789s][info][gc,phases      ] GC(207)   Pre Evacuate Collection Set: 0.0ms
[117.789s][info][gc,phases      ] GC(207)   Evacuate Collection Set: 8.8ms
[117.789s][info][gc,phases      ] GC(207)   Post Evacuate Collection Set: 1.0ms
[117.789s][info][gc,phases      ] GC(207)   Other: 0.2ms
[117.789s][info][gc,heap        ] GC(207) Eden regions: 1203->0(1199)
[117.789s][info][gc,heap        ] GC(207) Survivor regions: 25->29(154)
[117.789s][info][gc,heap        ] GC(207) Old regions: 6->6
[117.789s][info][gc,heap        ] GC(207) Humongous regions: 3->3
[117.789s][info][gc,metaspace   ] GC(207) Metaspace: 17997K(18688K)->17997K(18688K) NonClass: 15943K(16384K)->15943K(16384K) Class: 2054K(2304K)->2054K(2304K)
[117.789s][info][gc             ] GC(207) Pause Young (Normal) (G1 Evacuation Pause) 1234M->35M(2048M) 10.195ms
[117.789s][info][gc,cpu         ] GC(207) User=0.00s Sys=0.00s Real=0.02s
[118.640s][info][gc,task        ] GC(208) Using 6 workers of 6 for full compaction
[118.640s][info][gc,start       ] GC(208) Pause Full (System.gc())
[118.640s][info][gc,phases,start] GC(208) Phase 1: Mark live objects
[118.643s][info][gc,stringtable ] GC(208) Cleaned string and symbol table, strings: 5659 processed, 0 removed, symbols: 53749 processed, 0 removed
[118.643s][info][gc,phases      ] GC(208) Phase 1: Mark live objects 2.458ms
[118.643s][info][gc,phases,start] GC(208) Phase 2: Prepare for compaction
[118.645s][info][gc,phases      ] GC(208) Phase 2: Prepare for compaction 2.154ms
[118.645s][info][gc,phases,start] GC(208) Phase 3: Adjust pointers
[118.647s][info][gc,phases      ] GC(208) Phase 3: Adjust pointers 1.980ms
[118.647s][info][gc,phases,start] GC(208) Phase 4: Compact heap
[118.649s][info][gc,phases      ] GC(208) Phase 4: Compact heap 1.769ms
[118.650s][info][gc,heap        ] GC(208) Eden regions: 1150->0(1228)
[118.650s][info][gc,heap        ] GC(208) Survivor regions: 29->0(154)
[118.650s][info][gc,heap        ] GC(208) Old regions: 6->5
[118.650s][info][gc,heap        ] GC(208) Humongous regions: 22->0
[118.651s][info][gc,metaspace   ] GC(208) Metaspace: 18000K(18688K)->18000K(18688K) NonClass: 15946K(16384K)->15946K(16384K) Class: 2054K(2304K)->2054K(2304K)
[118.651s][info][gc             ] GC(208) Pause Full (System.gc()) 1204M->3M(2048M) 10.554ms
[118.651s][info][gc,cpu         ] GC(208) User=0.02s Sys=0.00s Real=0.02s
[119.111s][info][gc,start       ] GC(209) Pause Young (Normal) (G1 Evacuation Pause)
[119.111s][info][gc,task        ] GC(209) Using 6 workers of 6 for evacuation
[119.114s][info][gc,phases      ] GC(209)   Pre Evacuate Collection Set: 0.0ms
[119.114s][info][gc,phases      ] GC(209)   Evacuate Collection Set: 2.0ms
[119.114s][info][gc,phases      ] GC(209)   Post Evacuate Collection Set: 0.9ms
[119.114s][info][gc,phases      ] GC(209)   Other: 0.2ms
[119.114s][info][gc,heap        ] GC(209) Eden regions: 1228->0(1223)
[119.114s][info][gc,heap        ] GC(209) Survivor regions: 0->5(154)
[119.114s][info][gc,heap        ] GC(209) Old regions: 5->5
[119.114s][info][gc,heap        ] GC(209) Humongous regions: 0->0
[119.114s][info][gc,metaspace   ] GC(209) Metaspace: 18001K(18688K)->18001K(18688K) NonClass: 15946K(16384K)->15946K(16384K) Class: 2054K(2304K)->2054K(2304K)
[119.114s][info][gc             ] GC(209) Pause Young (Normal) (G1 Evacuation Pause) 1231M->8M(2048M) 3.234ms
[119.114s][info][gc,cpu         ] GC(209) User=0.00s Sys=0.00s Real=0.00s
[119.441s][info][gc,start       ] GC(210) Pause Young (Normal) (G1 Evacuation Pause)
[119.441s][info][gc,task        ] GC(210) Using 6 workers of 6 for evacuation
[119.445s][info][gc,phases      ] GC(210)   Pre Evacuate Collection Set: 0.0ms
[119.446s][info][gc,phases      ] GC(210)   Evacuate Collection Set: 3.2ms
[119.446s][info][gc,phases      ] GC(210)   Post Evacuate Collection Set: 1.1ms
[119.446s][info][gc,phases      ] GC(210)   Other: 0.2ms
[119.446s][info][gc,heap        ] GC(210) Eden regions: 1223->0(1220)
[119.446s][info][gc,heap        ] GC(210) Survivor regions: 5->8(154)
[119.446s][info][gc,heap        ] GC(210) Old regions: 5->5
[119.446s][info][gc,heap        ] GC(210) Humongous regions: 0->0
[119.446s][info][gc,metaspace   ] GC(210) Metaspace: 18001K(18688K)->18001K(18688K) NonClass: 15946K(16384K)->15946K(16384K) Class: 2054K(2304K)->2054K(2304K)
[119.446s][info][gc             ] GC(210) Pause Young (Normal) (G1 Evacuation Pause) 1231M->11M(2048M) 4.658ms
[119.446s][info][gc,cpu         ] GC(210) User=0.00s Sys=0.00s Real=0.02s
[119.948s][info][gc,start       ] GC(211) Pause Young (Normal) (G1 Evacuation Pause)
[119.949s][info][gc,task        ] GC(211) Using 6 workers of 6 for evacuation
[119.955s][info][gc,phases      ] GC(211)   Pre Evacuate Collection Set: 0.0ms
[119.955s][info][gc,phases      ] GC(211)   Evacuate Collection Set: 5.1ms
[119.955s][info][gc,phases      ] GC(211)   Post Evacuate Collection Set: 1.0ms
[119.955s][info][gc,phases      ] GC(211)   Other: 0.3ms
[119.955s][info][gc,heap        ] GC(211) Eden regions: 1220->0(1216)
[119.955s][info][gc,heap        ] GC(211) Survivor regions: 8->12(154)
[119.955s][info][gc,heap        ] GC(211) Old regions: 5->5
[119.955s][info][gc,heap        ] GC(211) Humongous regions: 0->0
[119.955s][info][gc,metaspace   ] GC(211) Metaspace: 18001K(18688K)->18001K(18688K) NonClass: 15946K(16384K)->15946K(16384K) Class: 2054K(2304K)->2054K(2304K)
[119.955s][info][gc             ] GC(211) Pause Young (Normal) (G1 Evacuation Pause) 1231M->15M(2048M) 6.550ms
[119.955s][info][gc,cpu         ] GC(211) User=0.00s Sys=0.00s Real=0.00s
[120.561s][info][gc,start       ] GC(212) Pause Young (Normal) (G1 Evacuation Pause)
[120.561s][info][gc,task        ] GC(212) Using 6 workers of 6 for evacuation
[120.573s][info][gc,phases      ] GC(212)   Pre Evacuate Collection Set: 0.0ms
[120.573s][info][gc,phases      ] GC(212)   Evacuate Collection Set: 10.6ms
[120.573s][info][gc,phases      ] GC(212)   Post Evacuate Collection Set: 0.8ms
[120.573s][info][gc,phases      ] GC(212)   Other: 0.2ms
[120.573s][info][gc,heap        ] GC(212) Eden regions: 1216->0(1203)
[120.573s][info][gc,heap        ] GC(212) Survivor regions: 12->25(154)
[120.573s][info][gc,heap        ] GC(212) Old regions: 5->5
[120.573s][info][gc,heap        ] GC(212) Humongous regions: 3->3
[120.573s][info][gc,metaspace   ] GC(212) Metaspace: 18001K(18688K)->18001K(18688K) NonClass: 15946K(16384K)->15946K(16384K) Class: 2054K(2304K)->2054K(2304K)
[120.573s][info][gc             ] GC(212) Pause Young (Normal) (G1 Evacuation Pause) 1234M->31M(2048M) 11.805ms
[120.573s][info][gc,cpu         ] GC(212) User=0.02s Sys=0.00s Real=0.01s
[121.145s][info][gc,start       ] GC(213) Pause Young (Normal) (G1 Evacuation Pause)
[121.145s][info][gc,task        ] GC(213) Using 6 workers of 6 for evacuation
[121.155s][info][gc,phases      ] GC(213)   Pre Evacuate Collection Set: 0.1ms
[121.155s][info][gc,phases      ] GC(213)   Evacuate Collection Set: 8.9ms
[121.155s][info][gc,phases      ] GC(213)   Post Evacuate Collection Set: 1.1ms
[121.155s][info][gc,phases      ] GC(213)   Other: 0.4ms
[121.155s][info][gc,heap        ] GC(213) Eden regions: 1203->0(1200)
[121.155s][info][gc,heap        ] GC(213) Survivor regions: 25->28(154)
[121.155s][info][gc,heap        ] GC(213) Old regions: 5->5
[121.155s][info][gc,heap        ] GC(213) Humongous regions: 3->3
[121.155s][info][gc,metaspace   ] GC(213) Metaspace: 18001K(18688K)->18001K(18688K) NonClass: 15946K(16384K)->15946K(16384K) Class: 2054K(2304K)->2054K(2304K)
[121.155s][info][gc             ] GC(213) Pause Young (Normal) (G1 Evacuation Pause) 1234M->34M(2048M) 10.434ms
[121.155s][info][gc,cpu         ] GC(213) User=0.00s Sys=0.00s Real=0.00s
[122.006s][info][gc,task        ] GC(214) Using 6 workers of 6 for full compaction
[122.006s][info][gc,start       ] GC(214) Pause Full (System.gc())
[122.006s][info][gc,phases,start] GC(214) Phase 1: Mark live objects
[122.009s][info][gc,stringtable ] GC(214) Cleaned string and symbol table, strings: 5659 processed, 0 removed, symbols: 53749 processed, 0 removed
[122.009s][info][gc,phases      ] GC(214) Phase 1: Mark live objects 2.693ms
[122.009s][info][gc,phases,start] GC(214) Phase 2: Prepare for compaction
[122.011s][info][gc,phases      ] GC(214) Phase 2: Prepare for compaction 2.314ms
[122.011s][info][gc,phases,start] GC(214) Phase 3: Adjust pointers
[122.013s][info][gc,phases      ] GC(214) Phase 3: Adjust pointers 1.735ms
[122.013s][info][gc,phases,start] GC(214) Phase 4: Compact heap
[122.015s][info][gc,phases      ] GC(214) Phase 4: Compact heap 1.872ms
[122.017s][info][gc,heap        ] GC(214) Eden regions: 1149->0(1228)
[122.017s][info][gc,heap        ] GC(214) Survivor regions: 28->0(154)
[122.017s][info][gc,heap        ] GC(214) Old regions: 5->5
[122.017s][info][gc,heap        ] GC(214) Humongous regions: 22->0
[122.017s][info][gc,metaspace   ] GC(214) Metaspace: 18001K(18688K)->18001K(18688K) NonClass: 15946K(16384K)->15946K(16384K) Class: 2054K(2304K)->2054K(2304K)
[122.017s][info][gc             ] GC(214) Pause Full (System.gc()) 1202M->3M(2048M) 10.854ms
[122.017s][info][gc,cpu         ] GC(214) User=0.00s Sys=0.00s Real=0.00s
[122.404s][info][gc,start       ] GC(215) Pause Young (Normal) (G1 Evacuation Pause)
[122.404s][info][gc,task        ] GC(215) Using 6 workers of 6 for evacuation
[122.407s][info][gc,phases      ] GC(215)   Pre Evacuate Collection Set: 0.0ms
[122.407s][info][gc,phases      ] GC(215)   Evacuate Collection Set: 2.3ms
[122.407s][info][gc,phases      ] GC(215)   Post Evacuate Collection Set: 0.8ms
[122.407s][info][gc,phases      ] GC(215)   Other: 0.2ms
[122.407s][info][gc,heap        ] GC(215) Eden regions: 1228->0(1223)
[122.407s][info][gc,heap        ] GC(215) Survivor regions: 0->5(154)
[122.407s][info][gc,heap        ] GC(215) Old regions: 5->5
[122.407s][info][gc,heap        ] GC(215) Humongous regions: 0->0
[122.407s][info][gc,metaspace   ] GC(215) Metaspace: 18001K(18688K)->18001K(18688K) NonClass: 15946K(16384K)->15946K(16384K) Class: 2054K(2304K)->2054K(2304K)
[122.407s][info][gc             ] GC(215) Pause Young (Normal) (G1 Evacuation Pause) 1231M->8M(2048M) 3.425ms
[122.407s][info][gc,cpu         ] GC(215) User=0.00s Sys=0.00s Real=0.00s
[122.756s][info][gc,start       ] GC(216) Pause Young (Normal) (G1 Evacuation Pause)
[122.756s][info][gc,task        ] GC(216) Using 6 workers of 6 for evacuation
[122.761s][info][gc,phases      ] GC(216)   Pre Evacuate Collection Set: 0.0ms
[122.761s][info][gc,phases      ] GC(216)   Evacuate Collection Set: 3.0ms
[122.761s][info][gc,phases      ] GC(216)   Post Evacuate Collection Set: 0.9ms
[122.761s][info][gc,phases      ] GC(216)   Other: 0.2ms
[122.761s][info][gc,heap        ] GC(216) Eden regions: 1223->0(1220)
[122.761s][info][gc,heap        ] GC(216) Survivor regions: 5->8(154)
[122.761s][info][gc,heap        ] GC(216) Old regions: 5->5
[122.761s][info][gc,heap        ] GC(216) Humongous regions: 0->0
[122.761s][info][gc,metaspace   ] GC(216) Metaspace: 18001K(18688K)->18001K(18688K) NonClass: 15946K(16384K)->15946K(16384K) Class: 2054K(2304K)->2054K(2304K)
[122.761s][info][gc             ] GC(216) Pause Young (Normal) (G1 Evacuation Pause) 1231M->11M(2048M) 4.321ms
[122.761s][info][gc,cpu         ] GC(216) User=0.02s Sys=0.00s Real=0.02s
[123.265s][info][gc,start       ] GC(217) Pause Young (Normal) (G1 Evacuation Pause)
[123.265s][info][gc,task        ] GC(217) Using 6 workers of 6 for evacuation
[123.271s][info][gc,phases      ] GC(217)   Pre Evacuate Collection Set: 0.0ms
[123.271s][info][gc,phases      ] GC(217)   Evacuate Collection Set: 5.2ms
[123.271s][info][gc,phases      ] GC(217)   Post Evacuate Collection Set: 1.0ms
[123.271s][info][gc,phases      ] GC(217)   Other: 0.3ms
[123.271s][info][gc,heap        ] GC(217) Eden regions: 1220->0(1216)
[123.271s][info][gc,heap        ] GC(217) Survivor regions: 8->12(154)
[123.271s][info][gc,heap        ] GC(217) Old regions: 5->5
[123.271s][info][gc,heap        ] GC(217) Humongous regions: 0->0
[123.271s][info][gc,metaspace   ] GC(217) Metaspace: 18001K(18688K)->18001K(18688K) NonClass: 15946K(16384K)->15946K(16384K) Class: 2054K(2304K)->2054K(2304K)
[123.271s][info][gc             ] GC(217) Pause Young (Normal) (G1 Evacuation Pause) 1231M->15M(2048M) 6.665ms
[123.271s][info][gc,cpu         ] GC(217) User=0.00s Sys=0.00s Real=0.00s
[123.878s][info][gc,start       ] GC(218) Pause Young (Normal) (G1 Evacuation Pause)
[123.878s][info][gc,task        ] GC(218) Using 6 workers of 6 for evacuation
[123.890s][info][gc,phases      ] GC(218)   Pre Evacuate Collection Set: 0.0ms
[123.890s][info][gc,phases      ] GC(218)   Evacuate Collection Set: 10.7ms
[123.890s][info][gc,phases      ] GC(218)   Post Evacuate Collection Set: 0.9ms
[123.890s][info][gc,phases      ] GC(218)   Other: 0.4ms
[123.890s][info][gc,heap        ] GC(218) Eden regions: 1216->0(1203)
[123.890s][info][gc,heap        ] GC(218) Survivor regions: 12->25(154)
[123.890s][info][gc,heap        ] GC(218) Old regions: 5->5
[123.890s][info][gc,heap        ] GC(218) Humongous regions: 3->3
[123.890s][info][gc,metaspace   ] GC(218) Metaspace: 18001K(18688K)->18001K(18688K) NonClass: 15946K(16384K)->15946K(16384K) Class: 2054K(2304K)->2054K(2304K)
[123.890s][info][gc             ] GC(218) Pause Young (Normal) (G1 Evacuation Pause) 1234M->31M(2048M) 12.057ms
[123.890s][info][gc,cpu         ] GC(218) User=0.02s Sys=0.00s Real=0.02s
[124.465s][info][gc,start       ] GC(219) Pause Young (Normal) (G1 Evacuation Pause)
[124.465s][info][gc,task        ] GC(219) Using 6 workers of 6 for evacuation
[124.475s][info][gc,phases      ] GC(219)   Pre Evacuate Collection Set: 0.0ms
[124.475s][info][gc,phases      ] GC(219)   Evacuate Collection Set: 9.0ms
[124.475s][info][gc,phases      ] GC(219)   Post Evacuate Collection Set: 1.5ms
[124.476s][info][gc,phases      ] GC(219)   Other: 0.3ms
[124.476s][info][gc,heap        ] GC(219) Eden regions: 1203->0(1199)
[124.476s][info][gc,heap        ] GC(219) Survivor regions: 25->29(154)
[124.476s][info][gc,heap        ] GC(219) Old regions: 5->5
[124.476s][info][gc,heap        ] GC(219) Humongous regions: 3->3
[124.476s][info][gc,metaspace   ] GC(219) Metaspace: 18001K(18688K)->18001K(18688K) NonClass: 15946K(16384K)->15946K(16384K) Class: 2054K(2304K)->2054K(2304K)
[124.476s][info][gc             ] GC(219) Pause Young (Normal) (G1 Evacuation Pause) 1234M->35M(2048M) 11.008ms
[124.476s][info][gc,cpu         ] GC(219) User=0.02s Sys=0.00s Real=0.02s
[125.325s][info][gc,task        ] GC(220) Using 6 workers of 6 for full compaction
[125.325s][info][gc,start       ] GC(220) Pause Full (System.gc())
[125.325s][info][gc,phases,start] GC(220) Phase 1: Mark live objects
[125.328s][info][gc,stringtable ] GC(220) Cleaned string and symbol table, strings: 5659 processed, 0 removed, symbols: 53749 processed, 0 removed
[125.328s][info][gc,phases      ] GC(220) Phase 1: Mark live objects 2.326ms
[125.328s][info][gc,phases,start] GC(220) Phase 2: Prepare for compaction
[125.330s][info][gc,phases      ] GC(220) Phase 2: Prepare for compaction 2.639ms
[125.330s][info][gc,phases,start] GC(220) Phase 3: Adjust pointers
[125.332s][info][gc,phases      ] GC(220) Phase 3: Adjust pointers 1.731ms
[125.332s][info][gc,phases,start] GC(220) Phase 4: Compact heap
[125.334s][info][gc,phases      ] GC(220) Phase 4: Compact heap 1.886ms
[125.336s][info][gc,heap        ] GC(220) Eden regions: 1149->0(1228)
[125.336s][info][gc,heap        ] GC(220) Survivor regions: 29->0(154)
[125.336s][info][gc,heap        ] GC(220) Old regions: 5->6
[125.336s][info][gc,heap        ] GC(220) Humongous regions: 22->0
[125.336s][info][gc,metaspace   ] GC(220) Metaspace: 18001K(18688K)->18001K(18688K) NonClass: 15947K(16384K)->15947K(16384K) Class: 2054K(2304K)->2054K(2304K)
[125.336s][info][gc             ] GC(220) Pause Full (System.gc()) 1202M->3M(2048M) 11.087ms
[125.336s][info][gc,cpu         ] GC(220) User=0.02s Sys=0.00s Real=0.02s
[125.668s][info][gc,start       ] GC(221) Pause Young (Normal) (G1 Evacuation Pause)
[125.668s][info][gc,task        ] GC(221) Using 6 workers of 6 for evacuation
[125.671s][info][gc,phases      ] GC(221)   Pre Evacuate Collection Set: 0.1ms
[125.671s][info][gc,phases      ] GC(221)   Evacuate Collection Set: 2.0ms
[125.671s][info][gc,phases      ] GC(221)   Post Evacuate Collection Set: 0.9ms
[125.671s][info][gc,phases      ] GC(221)   Other: 0.4ms
[125.671s][info][gc,heap        ] GC(221) Eden regions: 1228->0(1223)
[125.671s][info][gc,heap        ] GC(221) Survivor regions: 0->5(154)
[125.671s][info][gc,heap        ] GC(221) Old regions: 6->6
[125.671s][info][gc,heap        ] GC(221) Humongous regions: 0->0
[125.671s][info][gc,metaspace   ] GC(221) Metaspace: 18005K(18688K)->18005K(18688K) NonClass: 15951K(16384K)->15951K(16384K) Class: 2054K(2304K)->2054K(2304K)
[125.671s][info][gc             ] GC(221) Pause Young (Normal) (G1 Evacuation Pause) 1231M->8M(2048M) 3.376ms
[125.671s][info][gc,cpu         ] GC(221) User=0.00s Sys=0.00s Real=0.00s
[126.163s][info][gc,start       ] GC(222) Pause Young (Normal) (G1 Evacuation Pause)
[126.163s][info][gc,task        ] GC(222) Using 6 workers of 6 for evacuation
[126.167s][info][gc,phases      ] GC(222)   Pre Evacuate Collection Set: 0.0ms
[126.167s][info][gc,phases      ] GC(222)   Evacuate Collection Set: 3.1ms
[126.167s][info][gc,phases      ] GC(222)   Post Evacuate Collection Set: 0.9ms
[126.167s][info][gc,phases      ] GC(222)   Other: 0.2ms
[126.167s][info][gc,heap        ] GC(222) Eden regions: 1223->0(1220)
[126.167s][info][gc,heap        ] GC(222) Survivor regions: 5->8(154)
[126.167s][info][gc,heap        ] GC(222) Old regions: 6->6
[126.167s][info][gc,heap        ] GC(222) Humongous regions: 0->0
[126.167s][info][gc,metaspace   ] GC(222) Metaspace: 18005K(18688K)->18005K(18688K) NonClass: 15951K(16384K)->15951K(16384K) Class: 2054K(2304K)->2054K(2304K)
[126.167s][info][gc             ] GC(222) Pause Young (Normal) (G1 Evacuation Pause) 1231M->11M(2048M) 4.392ms
[126.167s][info][gc,cpu         ] GC(222) User=0.02s Sys=0.00s Real=0.02s
[126.716s][info][gc,start       ] GC(223) Pause Young (Normal) (G1 Evacuation Pause)
[126.716s][info][gc,task        ] GC(223) Using 6 workers of 6 for evacuation
[126.723s][info][gc,phases      ] GC(223)   Pre Evacuate Collection Set: 0.0ms
[126.723s][info][gc,phases      ] GC(223)   Evacuate Collection Set: 5.3ms
[126.723s][info][gc,phases      ] GC(223)   Post Evacuate Collection Set: 1.0ms
[126.723s][info][gc,phases      ] GC(223)   Other: 0.2ms
[126.723s][info][gc,heap        ] GC(223) Eden regions: 1220->0(1216)
[126.723s][info][gc,heap        ] GC(223) Survivor regions: 8->12(154)
[126.723s][info][gc,heap        ] GC(223) Old regions: 6->6
[126.723s][info][gc,heap        ] GC(223) Humongous regions: 0->0
[126.723s][info][gc,metaspace   ] GC(223) Metaspace: 18005K(18688K)->18005K(18688K) NonClass: 15951K(16384K)->15951K(16384K) Class: 2054K(2304K)->2054K(2304K)
[126.723s][info][gc             ] GC(223) Pause Young (Normal) (G1 Evacuation Pause) 1231M->15M(2048M) 6.674ms
[126.723s][info][gc,cpu         ] GC(223) User=0.00s Sys=0.00s Real=0.00s
[127.330s][info][gc,start       ] GC(224) Pause Young (Normal) (G1 Evacuation Pause)
[127.330s][info][gc,task        ] GC(224) Using 6 workers of 6 for evacuation
[127.342s][info][gc,phases      ] GC(224)   Pre Evacuate Collection Set: 0.0ms
[127.342s][info][gc,phases      ] GC(224)   Evacuate Collection Set: 10.4ms
[127.342s][info][gc,phases      ] GC(224)   Post Evacuate Collection Set: 1.0ms
[127.342s][info][gc,phases      ] GC(224)   Other: 0.3ms
[127.342s][info][gc,heap        ] GC(224) Eden regions: 1216->0(1203)
[127.342s][info][gc,heap        ] GC(224) Survivor regions: 12->25(154)
[127.342s][info][gc,heap        ] GC(224) Old regions: 6->6
[127.342s][info][gc,heap        ] GC(224) Humongous regions: 3->3
[127.342s][info][gc,metaspace   ] GC(224) Metaspace: 18005K(18688K)->18005K(18688K) NonClass: 15951K(16384K)->15951K(16384K) Class: 2054K(2304K)->2054K(2304K)
[127.342s][info][gc             ] GC(224) Pause Young (Normal) (G1 Evacuation Pause) 1234M->31M(2048M) 11.930ms
[127.342s][info][gc,cpu         ] GC(224) User=0.00s Sys=0.02s Real=0.01s
[127.918s][info][gc,start       ] GC(225) Pause Young (Normal) (G1 Evacuation Pause)
[127.918s][info][gc,task        ] GC(225) Using 6 workers of 6 for evacuation
[127.928s][info][gc,phases      ] GC(225)   Pre Evacuate Collection Set: 0.1ms
[127.928s][info][gc,phases      ] GC(225)   Evacuate Collection Set: 8.8ms
[127.928s][info][gc,phases      ] GC(225)   Post Evacuate Collection Set: 1.0ms
[127.928s][info][gc,phases      ] GC(225)   Other: 0.4ms
[127.928s][info][gc,heap        ] GC(225) Eden regions: 1203->0(1199)
[127.928s][info][gc,heap        ] GC(225) Survivor regions: 25->29(154)
[127.928s][info][gc,heap        ] GC(225) Old regions: 6->6
[127.928s][info][gc,heap        ] GC(225) Humongous regions: 3->3
[127.928s][info][gc,metaspace   ] GC(225) Metaspace: 18005K(18688K)->18005K(18688K) NonClass: 15951K(16384K)->15951K(16384K) Class: 2054K(2304K)->2054K(2304K)
[127.928s][info][gc             ] GC(225) Pause Young (Normal) (G1 Evacuation Pause) 1234M->35M(2048M) 10.393ms
[127.928s][info][gc,cpu         ] GC(225) User=0.00s Sys=0.00s Real=0.02s
[128.779s][info][gc,task        ] GC(226) Using 6 workers of 6 for full compaction
[128.779s][info][gc,start       ] GC(226) Pause Full (System.gc())
[128.779s][info][gc,phases,start] GC(226) Phase 1: Mark live objects
[128.782s][info][gc,stringtable ] GC(226) Cleaned string and symbol table, strings: 5659 processed, 0 removed, symbols: 53749 processed, 0 removed
[128.782s][info][gc,phases      ] GC(226) Phase 1: Mark live objects 2.596ms
[128.782s][info][gc,phases,start] GC(226) Phase 2: Prepare for compaction
[128.784s][info][gc,phases      ] GC(226) Phase 2: Prepare for compaction 1.975ms
[128.784s][info][gc,phases,start] GC(226) Phase 3: Adjust pointers
[128.786s][info][gc,phases      ] GC(226) Phase 3: Adjust pointers 2.020ms
[128.786s][info][gc,phases,start] GC(226) Phase 4: Compact heap
[128.788s][info][gc,phases      ] GC(226) Phase 4: Compact heap 2.141ms
[128.790s][info][gc,heap        ] GC(226) Eden regions: 1150->0(1228)
[128.790s][info][gc,heap        ] GC(226) Survivor regions: 29->0(154)
[128.790s][info][gc,heap        ] GC(226) Old regions: 6->5
[128.790s][info][gc,heap        ] GC(226) Humongous regions: 22->0
[128.790s][info][gc,metaspace   ] GC(226) Metaspace: 18005K(18688K)->18005K(18688K) NonClass: 15951K(16384K)->15951K(16384K) Class: 2054K(2304K)->2054K(2304K)
[128.790s][info][gc             ] GC(226) Pause Full (System.gc()) 1203M->3M(2048M) 10.925ms
[128.790s][info][gc,cpu         ] GC(226) User=0.02s Sys=0.00s Real=0.02s
[129.153s][info][gc,start       ] GC(227) Pause Young (Normal) (G1 Evacuation Pause)
[129.153s][info][gc,task        ] GC(227) Using 6 workers of 6 for evacuation
[129.156s][info][gc,phases      ] GC(227)   Pre Evacuate Collection Set: 0.1ms
[129.156s][info][gc,phases      ] GC(227)   Evacuate Collection Set: 2.1ms
[129.156s][info][gc,phases      ] GC(227)   Post Evacuate Collection Set: 0.8ms
[129.156s][info][gc,phases      ] GC(227)   Other: 0.3ms
[129.156s][info][gc,heap        ] GC(227) Eden regions: 1228->0(1222)
[129.156s][info][gc,heap        ] GC(227) Survivor regions: 0->6(154)
[129.156s][info][gc,heap        ] GC(227) Old regions: 5->5
[129.156s][info][gc,heap        ] GC(227) Humongous regions: 0->0
[129.156s][info][gc,metaspace   ] GC(227) Metaspace: 18013K(18688K)->18013K(18688K) NonClass: 15958K(16384K)->15958K(16384K) Class: 2054K(2304K)->2054K(2304K)
[129.156s][info][gc             ] GC(227) Pause Young (Normal) (G1 Evacuation Pause) 1231M->9M(2048M) 3.375ms
[129.156s][info][gc,cpu         ] GC(227) User=0.00s Sys=0.00s Real=0.00s
[129.565s][info][gc,start       ] GC(228) Pause Young (Normal) (G1 Evacuation Pause)
[129.565s][info][gc,task        ] GC(228) Using 6 workers of 6 for evacuation
[129.569s][info][gc,phases      ] GC(228)   Pre Evacuate Collection Set: 0.0ms
[129.569s][info][gc,phases      ] GC(228)   Evacuate Collection Set: 3.0ms
[129.569s][info][gc,phases      ] GC(228)   Post Evacuate Collection Set: 1.0ms
[129.569s][info][gc,phases      ] GC(228)   Other: 0.3ms
[129.569s][info][gc,heap        ] GC(228) Eden regions: 1222->0(1220)
[129.569s][info][gc,heap        ] GC(228) Survivor regions: 6->8(154)
[129.569s][info][gc,heap        ] GC(228) Old regions: 5->5
[129.569s][info][gc,heap        ] GC(228) Humongous regions: 0->0
[129.569s][info][gc,metaspace   ] GC(228) Metaspace: 18013K(18688K)->18013K(18688K) NonClass: 15958K(16384K)->15958K(16384K) Class: 2054K(2304K)->2054K(2304K)
[129.569s][info][gc             ] GC(228) Pause Young (Normal) (G1 Evacuation Pause) 1231M->11M(2048M) 4.449ms
[129.569s][info][gc,cpu         ] GC(228) User=0.00s Sys=0.00s Real=0.01s
[130.066s][info][gc,start       ] GC(229) Pause Young (Normal) (G1 Evacuation Pause)
[130.066s][info][gc,task        ] GC(229) Using 6 workers of 6 for evacuation
[130.072s][info][gc,phases      ] GC(229)   Pre Evacuate Collection Set: 0.1ms
[130.072s][info][gc,phases      ] GC(229)   Evacuate Collection Set: 5.4ms
[130.072s][info][gc,phases      ] GC(229)   Post Evacuate Collection Set: 0.9ms
[130.072s][info][gc,phases      ] GC(229)   Other: 0.3ms
[130.072s][info][gc,heap        ] GC(229) Eden regions: 1220->0(1216)
[130.072s][info][gc,heap        ] GC(229) Survivor regions: 8->12(154)
[130.072s][info][gc,heap        ] GC(229) Old regions: 5->5
[130.072s][info][gc,heap        ] GC(229) Humongous regions: 0->0
[130.072s][info][gc,metaspace   ] GC(229) Metaspace: 18013K(18688K)->18013K(18688K) NonClass: 15958K(16384K)->15958K(16384K) Class: 2054K(2304K)->2054K(2304K)
[130.072s][info][gc             ] GC(229) Pause Young (Normal) (G1 Evacuation Pause) 1231M->15M(2048M) 6.792ms
[130.072s][info][gc,cpu         ] GC(229) User=0.02s Sys=0.00s Real=0.02s
[130.683s][info][gc,start       ] GC(230) Pause Young (Normal) (G1 Evacuation Pause)
[130.683s][info][gc,task        ] GC(230) Using 6 workers of 6 for evacuation
[130.695s][info][gc,phases      ] GC(230)   Pre Evacuate Collection Set: 0.0ms
[130.695s][info][gc,phases      ] GC(230)   Evacuate Collection Set: 11.4ms
[130.695s][info][gc,phases      ] GC(230)   Post Evacuate Collection Set: 0.9ms
[130.695s][info][gc,phases      ] GC(230)   Other: 0.2ms
[130.695s][info][gc,heap        ] GC(230) Eden regions: 1216->0(1203)
[130.695s][info][gc,heap        ] GC(230) Survivor regions: 12->25(154)
[130.695s][info][gc,heap        ] GC(230) Old regions: 5->5
[130.695s][info][gc,heap        ] GC(230) Humongous regions: 3->3
[130.695s][info][gc,metaspace   ] GC(230) Metaspace: 18013K(18688K)->18013K(18688K) NonClass: 15958K(16384K)->15958K(16384K) Class: 2054K(2304K)->2054K(2304K)
[130.695s][info][gc             ] GC(230) Pause Young (Normal) (G1 Evacuation Pause) 1234M->31M(2048M) 12.664ms
[130.695s][info][gc,cpu         ] GC(230) User=0.03s Sys=0.00s Real=0.01s
[131.267s][info][gc,start       ] GC(231) Pause Young (Normal) (G1 Evacuation Pause)
[131.267s][info][gc,task        ] GC(231) Using 6 workers of 6 for evacuation
[131.277s][info][gc,phases      ] GC(231)   Pre Evacuate Collection Set: 0.0ms
[131.277s][info][gc,phases      ] GC(231)   Evacuate Collection Set: 8.6ms
[131.277s][info][gc,phases      ] GC(231)   Post Evacuate Collection Set: 1.0ms
[131.277s][info][gc,phases      ] GC(231)   Other: 0.2ms
[131.277s][info][gc,heap        ] GC(231) Eden regions: 1203->0(1199)
[131.277s][info][gc,heap        ] GC(231) Survivor regions: 25->29(154)
[131.277s][info][gc,heap        ] GC(231) Old regions: 5->5
[131.277s][info][gc,heap        ] GC(231) Humongous regions: 3->3
[131.277s][info][gc,metaspace   ] GC(231) Metaspace: 18013K(18688K)->18013K(18688K) NonClass: 15958K(16384K)->15958K(16384K) Class: 2054K(2304K)->2054K(2304K)
[131.277s][info][gc             ] GC(231) Pause Young (Normal) (G1 Evacuation Pause) 1234M->35M(2048M) 10.028ms
[131.277s][info][gc,cpu         ] GC(231) User=0.00s Sys=0.00s Real=0.00s
[132.129s][info][gc,task        ] GC(232) Using 6 workers of 6 for full compaction
[132.129s][info][gc,start       ] GC(232) Pause Full (System.gc())
[132.129s][info][gc,phases,start] GC(232) Phase 1: Mark live objects
[132.132s][info][gc,stringtable ] GC(232) Cleaned string and symbol table, strings: 5659 processed, 0 removed, symbols: 53749 processed, 0 removed
[132.132s][info][gc,phases      ] GC(232) Phase 1: Mark live objects 2.527ms
[132.132s][info][gc,phases,start] GC(232) Phase 2: Prepare for compaction
[132.134s][info][gc,phases      ] GC(232) Phase 2: Prepare for compaction 2.266ms
[132.134s][info][gc,phases,start] GC(232) Phase 3: Adjust pointers
[132.136s][info][gc,phases      ] GC(232) Phase 3: Adjust pointers 1.921ms
[132.136s][info][gc,phases,start] GC(232) Phase 4: Compact heap
[132.138s][info][gc,phases      ] GC(232) Phase 4: Compact heap 1.774ms
[132.140s][info][gc,heap        ] GC(232) Eden regions: 1155->0(1228)
[132.140s][info][gc,heap        ] GC(232) Survivor regions: 29->0(154)
[132.140s][info][gc,heap        ] GC(232) Old regions: 5->6
[132.140s][info][gc,heap        ] GC(232) Humongous regions: 22->0
[132.140s][info][gc,metaspace   ] GC(232) Metaspace: 18013K(18688K)->18013K(18688K) NonClass: 15958K(16384K)->15958K(16384K) Class: 2054K(2304K)->2054K(2304K)
[132.140s][info][gc             ] GC(232) Pause Full (System.gc()) 1209M->3M(2048M) 10.765ms
[132.140s][info][gc,cpu         ] GC(232) User=0.00s Sys=0.00s Real=0.00s
[132.505s][info][gc,start       ] GC(233) Pause Young (Normal) (G1 Evacuation Pause)
[132.505s][info][gc,task        ] GC(233) Using 6 workers of 6 for evacuation
[132.508s][info][gc,phases      ] GC(233)   Pre Evacuate Collection Set: 0.0ms
[132.508s][info][gc,phases      ] GC(233)   Evacuate Collection Set: 2.1ms
[132.508s][info][gc,phases      ] GC(233)   Post Evacuate Collection Set: 0.9ms
[132.508s][info][gc,phases      ] GC(233)   Other: 0.3ms
[132.508s][info][gc,heap        ] GC(233) Eden regions: 1228->0(1223)
[132.508s][info][gc,heap        ] GC(233) Survivor regions: 0->5(154)
[132.508s][info][gc,heap        ] GC(233) Old regions: 6->6
[132.508s][info][gc,heap        ] GC(233) Humongous regions: 0->0
[132.508s][info][gc,metaspace   ] GC(233) Metaspace: 18013K(18688K)->18013K(18688K) NonClass: 15959K(16384K)->15959K(16384K) Class: 2054K(2304K)->2054K(2304K)
[132.508s][info][gc             ] GC(233) Pause Young (Normal) (G1 Evacuation Pause) 1231M->8M(2048M) 3.409ms
[132.508s][info][gc,cpu         ] GC(233) User=0.00s Sys=0.00s Real=0.00s
[132.848s][info][gc,start       ] GC(234) Pause Young (Normal) (G1 Evacuation Pause)
[132.848s][info][gc,task        ] GC(234) Using 6 workers of 6 for evacuation
[132.853s][info][gc,phases      ] GC(234)   Pre Evacuate Collection Set: 0.0ms
[132.853s][info][gc,phases      ] GC(234)   Evacuate Collection Set: 3.2ms
[132.853s][info][gc,phases      ] GC(234)   Post Evacuate Collection Set: 1.1ms
[132.853s][info][gc,phases      ] GC(234)   Other: 0.2ms
[132.853s][info][gc,heap        ] GC(234) Eden regions: 1223->0(1220)
[132.853s][info][gc,heap        ] GC(234) Survivor regions: 5->8(154)
[132.853s][info][gc,heap        ] GC(234) Old regions: 6->6
[132.853s][info][gc,heap        ] GC(234) Humongous regions: 0->0
[132.853s][info][gc,metaspace   ] GC(234) Metaspace: 18013K(18688K)->18013K(18688K) NonClass: 15959K(16384K)->15959K(16384K) Class: 2054K(2304K)->2054K(2304K)
[132.853s][info][gc             ] GC(234) Pause Young (Normal) (G1 Evacuation Pause) 1231M->11M(2048M) 4.625ms
[132.853s][info][gc,cpu         ] GC(234) User=0.02s Sys=0.00s Real=0.02s
[133.357s][info][gc,start       ] GC(235) Pause Young (Normal) (G1 Evacuation Pause)
[133.357s][info][gc,task        ] GC(235) Using 6 workers of 6 for evacuation
[133.364s][info][gc,phases      ] GC(235)   Pre Evacuate Collection Set: 0.0ms
[133.364s][info][gc,phases      ] GC(235)   Evacuate Collection Set: 5.2ms
[133.364s][info][gc,phases      ] GC(235)   Post Evacuate Collection Set: 1.0ms
[133.364s][info][gc,phases      ] GC(235)   Other: 0.4ms
[133.364s][info][gc,heap        ] GC(235) Eden regions: 1220->0(1216)
[133.364s][info][gc,heap        ] GC(235) Survivor regions: 8->12(154)
[133.364s][info][gc,heap        ] GC(235) Old regions: 6->6
[133.364s][info][gc,heap        ] GC(235) Humongous regions: 0->0
[133.364s][info][gc,metaspace   ] GC(235) Metaspace: 18013K(18688K)->18013K(18688K) NonClass: 15959K(16384K)->15959K(16384K) Class: 2054K(2304K)->2054K(2304K)
[133.364s][info][gc             ] GC(235) Pause Young (Normal) (G1 Evacuation Pause) 1231M->15M(2048M) 6.700ms
[133.364s][info][gc,cpu         ] GC(235) User=0.00s Sys=0.00s Real=0.00s
[133.977s][info][gc,start       ] GC(236) Pause Young (Normal) (G1 Evacuation Pause)
[133.977s][info][gc,task        ] GC(236) Using 6 workers of 6 for evacuation
[133.988s][info][gc,phases      ] GC(236)   Pre Evacuate Collection Set: 0.0ms
[133.988s][info][gc,phases      ] GC(236)   Evacuate Collection Set: 10.3ms
[133.988s][info][gc,phases      ] GC(236)   Post Evacuate Collection Set: 0.8ms
[133.988s][info][gc,phases      ] GC(236)   Other: 0.3ms
[133.988s][info][gc,heap        ] GC(236) Eden regions: 1216->0(1203)
[133.988s][info][gc,heap        ] GC(236) Survivor regions: 12->25(154)
[133.988s][info][gc,heap        ] GC(236) Old regions: 6->6
[133.988s][info][gc,heap        ] GC(236) Humongous regions: 3->3
[133.988s][info][gc,metaspace   ] GC(236) Metaspace: 18013K(18688K)->18013K(18688K) NonClass: 15959K(16384K)->15959K(16384K) Class: 2054K(2304K)->2054K(2304K)
[133.988s][info][gc             ] GC(236) Pause Young (Normal) (G1 Evacuation Pause) 1234M->31M(2048M) 11.604ms
[133.988s][info][gc,cpu         ] GC(236) User=0.02s Sys=0.00s Real=0.02s
[134.565s][info][gc,start       ] GC(237) Pause Young (Normal) (G1 Evacuation Pause)
[134.565s][info][gc,task        ] GC(237) Using 6 workers of 6 for evacuation
[134.575s][info][gc,phases      ] GC(237)   Pre Evacuate Collection Set: 0.0ms
[134.575s][info][gc,phases      ] GC(237)   Evacuate Collection Set: 8.8ms
[134.575s][info][gc,phases      ] GC(237)   Post Evacuate Collection Set: 0.9ms
[134.575s][info][gc,phases      ] GC(237)   Other: 0.2ms
[134.575s][info][gc,heap        ] GC(237) Eden regions: 1203->0(1200)
[134.575s][info][gc,heap        ] GC(237) Survivor regions: 25->28(154)
[134.575s][info][gc,heap        ] GC(237) Old regions: 6->6
[134.575s][info][gc,heap        ] GC(237) Humongous regions: 3->3
[134.575s][info][gc,metaspace   ] GC(237) Metaspace: 18013K(18688K)->18013K(18688K) NonClass: 15959K(16384K)->15959K(16384K) Class: 2054K(2304K)->2054K(2304K)
[134.575s][info][gc             ] GC(237) Pause Young (Normal) (G1 Evacuation Pause) 1234M->34M(2048M) 10.149ms
[134.575s][info][gc,cpu         ] GC(237) User=0.00s Sys=0.00s Real=0.00s
[135.423s][info][gc,task        ] GC(238) Using 6 workers of 6 for full compaction
[135.423s][info][gc,start       ] GC(238) Pause Full (System.gc())
[135.423s][info][gc,phases,start] GC(238) Phase 1: Mark live objects
[135.426s][info][gc,stringtable ] GC(238) Cleaned string and symbol table, strings: 5659 processed, 0 removed, symbols: 53749 processed, 0 removed
[135.426s][info][gc,phases      ] GC(238) Phase 1: Mark live objects 2.719ms
[135.426s][info][gc,phases,start] GC(238) Phase 2: Prepare for compaction
[135.428s][info][gc,phases      ] GC(238) Phase 2: Prepare for compaction 2.080ms
[135.428s][info][gc,phases,start] GC(238) Phase 3: Adjust pointers
[135.430s][info][gc,phases      ] GC(238) Phase 3: Adjust pointers 1.964ms
[135.430s][info][gc,phases,start] GC(238) Phase 4: Compact heap
[135.432s][info][gc,phases      ] GC(238) Phase 4: Compact heap 2.049ms
[135.434s][info][gc,heap        ] GC(238) Eden regions: 1148->0(1228)
[135.434s][info][gc,heap        ] GC(238) Survivor regions: 28->0(154)
[135.434s][info][gc,heap        ] GC(238) Old regions: 6->5
[135.434s][info][gc,heap        ] GC(238) Humongous regions: 22->0
[135.434s][info][gc,metaspace   ] GC(238) Metaspace: 18013K(18688K)->18013K(18688K) NonClass: 15959K(16384K)->15959K(16384K) Class: 2054K(2304K)->2054K(2304K)
[135.434s][info][gc             ] GC(238) Pause Full (System.gc()) 1201M->3M(2048M) 11.251ms
[135.435s][info][gc,cpu         ] GC(238) User=0.00s Sys=0.00s Real=0.02s
[135.852s][info][gc,start       ] GC(239) Pause Young (Normal) (G1 Evacuation Pause)
[135.852s][info][gc,task        ] GC(239) Using 6 workers of 6 for evacuation
[135.855s][info][gc,phases      ] GC(239)   Pre Evacuate Collection Set: 0.0ms
[135.855s][info][gc,phases      ] GC(239)   Evacuate Collection Set: 2.0ms
[135.855s][info][gc,phases      ] GC(239)   Post Evacuate Collection Set: 0.9ms
[135.855s][info][gc,phases      ] GC(239)   Other: 0.2ms
[135.855s][info][gc,heap        ] GC(239) Eden regions: 1228->0(1223)
[135.855s][info][gc,heap        ] GC(239) Survivor regions: 0->5(154)
[135.855s][info][gc,heap        ] GC(239) Old regions: 5->5
[135.855s][info][gc,heap        ] GC(239) Humongous regions: 0->0
[135.855s][info][gc,metaspace   ] GC(239) Metaspace: 18014K(18688K)->18014K(18688K) NonClass: 15959K(16384K)->15959K(16384K) Class: 2054K(2304K)->2054K(2304K)
[135.855s][info][gc             ] GC(239) Pause Young (Normal) (G1 Evacuation Pause) 1231M->8M(2048M) 3.273ms
[135.855s][info][gc,cpu         ] GC(239) User=0.00s Sys=0.00s Real=0.00s
[136.313s][info][gc,start       ] GC(240) Pause Young (Normal) (G1 Evacuation Pause)
[136.313s][info][gc,task        ] GC(240) Using 6 workers of 6 for evacuation
[136.317s][info][gc,phases      ] GC(240)   Pre Evacuate Collection Set: 0.0ms
[136.317s][info][gc,phases      ] GC(240)   Evacuate Collection Set: 3.1ms
[136.317s][info][gc,phases      ] GC(240)   Post Evacuate Collection Set: 0.9ms
[136.317s][info][gc,phases      ] GC(240)   Other: 0.3ms
[136.317s][info][gc,heap        ] GC(240) Eden regions: 1223->0(1220)
[136.317s][info][gc,heap        ] GC(240) Survivor regions: 5->8(154)
[136.317s][info][gc,heap        ] GC(240) Old regions: 5->5
[136.317s][info][gc,heap        ] GC(240) Humongous regions: 0->0
[136.317s][info][gc,metaspace   ] GC(240) Metaspace: 18014K(18688K)->18014K(18688K) NonClass: 15959K(16384K)->15959K(16384K) Class: 2054K(2304K)->2054K(2304K)
[136.317s][info][gc             ] GC(240) Pause Young (Normal) (G1 Evacuation Pause) 1231M->11M(2048M) 4.410ms
[136.318s][info][gc,cpu         ] GC(240) User=0.00s Sys=0.00s Real=0.00s
[136.870s][info][gc,start       ] GC(241) Pause Young (Normal) (G1 Evacuation Pause)
[136.870s][info][gc,task        ] GC(241) Using 6 workers of 6 for evacuation
[136.877s][info][gc,phases      ] GC(241)   Pre Evacuate Collection Set: 0.0ms
[136.877s][info][gc,phases      ] GC(241)   Evacuate Collection Set: 5.2ms
[136.877s][info][gc,phases      ] GC(241)   Post Evacuate Collection Set: 0.9ms
[136.877s][info][gc,phases      ] GC(241)   Other: 0.4ms
[136.877s][info][gc,heap        ] GC(241) Eden regions: 1220->0(1216)
[136.877s][info][gc,heap        ] GC(241) Survivor regions: 8->12(154)
[136.877s][info][gc,heap        ] GC(241) Old regions: 5->5
[136.877s][info][gc,heap        ] GC(241) Humongous regions: 0->0
[136.877s][info][gc,metaspace   ] GC(241) Metaspace: 18014K(18688K)->18014K(18688K) NonClass: 15959K(16384K)->15959K(16384K) Class: 2054K(2304K)->2054K(2304K)
[136.877s][info][gc             ] GC(241) Pause Young (Normal) (G1 Evacuation Pause) 1231M->15M(2048M) 6.671ms
[136.877s][info][gc,cpu         ] GC(241) User=0.02s Sys=0.00s Real=0.02s
[137.483s][info][gc,start       ] GC(242) Pause Young (Normal) (G1 Evacuation Pause)
[137.483s][info][gc,task        ] GC(242) Using 6 workers of 6 for evacuation
[137.497s][info][gc,phases      ] GC(242)   Pre Evacuate Collection Set: 0.1ms
[137.497s][info][gc,phases      ] GC(242)   Evacuate Collection Set: 12.4ms
[137.497s][info][gc,phases      ] GC(242)   Post Evacuate Collection Set: 0.8ms
[137.497s][info][gc,phases      ] GC(242)   Other: 0.3ms
[137.497s][info][gc,heap        ] GC(242) Eden regions: 1216->0(1203)
[137.497s][info][gc,heap        ] GC(242) Survivor regions: 12->25(154)
[137.497s][info][gc,heap        ] GC(242) Old regions: 5->5
[137.497s][info][gc,heap        ] GC(242) Humongous regions: 3->3
[137.497s][info][gc,metaspace   ] GC(242) Metaspace: 18014K(18688K)->18014K(18688K) NonClass: 15959K(16384K)->15959K(16384K) Class: 2054K(2304K)->2054K(2304K)
[137.497s][info][gc             ] GC(242) Pause Young (Normal) (G1 Evacuation Pause) 1234M->31M(2048M) 13.700ms
[137.497s][info][gc,cpu         ] GC(242) User=0.00s Sys=0.00s Real=0.00s
[138.069s][info][gc,start       ] GC(243) Pause Young (Normal) (G1 Evacuation Pause)
[138.070s][info][gc,task        ] GC(243) Using 6 workers of 6 for evacuation
[138.080s][info][gc,phases      ] GC(243)   Pre Evacuate Collection Set: 0.0ms
[138.080s][info][gc,phases      ] GC(243)   Evacuate Collection Set: 8.8ms
[138.080s][info][gc,phases      ] GC(243)   Post Evacuate Collection Set: 1.1ms
[138.080s][info][gc,phases      ] GC(243)   Other: 0.4ms
[138.080s][info][gc,heap        ] GC(243) Eden regions: 1203->0(1199)
[138.080s][info][gc,heap        ] GC(243) Survivor regions: 25->29(154)
[138.080s][info][gc,heap        ] GC(243) Old regions: 5->5
[138.080s][info][gc,heap        ] GC(243) Humongous regions: 3->3
[138.080s][info][gc,metaspace   ] GC(243) Metaspace: 18014K(18688K)->18014K(18688K) NonClass: 15959K(16384K)->15959K(16384K) Class: 2054K(2304K)->2054K(2304K)
[138.080s][info][gc             ] GC(243) Pause Young (Normal) (G1 Evacuation Pause) 1234M->35M(2048M) 10.343ms
[138.080s][info][gc,cpu         ] GC(243) User=0.02s Sys=0.00s Real=0.02s
[138.935s][info][gc,task        ] GC(244) Using 6 workers of 6 for full compaction
[138.935s][info][gc,start       ] GC(244) Pause Full (System.gc())
[138.935s][info][gc,phases,start] GC(244) Phase 1: Mark live objects
[138.938s][info][gc,stringtable ] GC(244) Cleaned string and symbol table, strings: 5674 processed, 0 removed, symbols: 53749 processed, 0 removed
[138.938s][info][gc,phases      ] GC(244) Phase 1: Mark live objects 2.351ms
[138.938s][info][gc,phases,start] GC(244) Phase 2: Prepare for compaction
[138.940s][info][gc,phases      ] GC(244) Phase 2: Prepare for compaction 2.093ms
[138.940s][info][gc,phases,start] GC(244) Phase 3: Adjust pointers
[138.942s][info][gc,phases      ] GC(244) Phase 3: Adjust pointers 1.908ms
[138.942s][info][gc,phases,start] GC(244) Phase 4: Compact heap
[138.944s][info][gc,phases      ] GC(244) Phase 4: Compact heap 2.036ms
[138.946s][info][gc,heap        ] GC(244) Eden regions: 1149->0(1228)
[138.946s][info][gc,heap        ] GC(244) Survivor regions: 29->0(154)
[138.946s][info][gc,heap        ] GC(244) Old regions: 5->7
[138.946s][info][gc,heap        ] GC(244) Humongous regions: 22->0
[138.946s][info][gc,metaspace   ] GC(244) Metaspace: 18014K(18688K)->18014K(18688K) NonClass: 15959K(16384K)->15959K(16384K) Class: 2054K(2304K)->2054K(2304K)
[138.946s][info][gc             ] GC(244) Pause Full (System.gc()) 1203M->3M(2048M) 10.793ms
[138.946s][info][gc,cpu         ] GC(244) User=0.02s Sys=0.00s Real=0.02s
[139.323s][info][gc,start       ] GC(245) Pause Young (Normal) (G1 Evacuation Pause)
[139.323s][info][gc,task        ] GC(245) Using 6 workers of 6 for evacuation
[139.326s][info][gc,phases      ] GC(245)   Pre Evacuate Collection Set: 0.0ms
[139.326s][info][gc,phases      ] GC(245)   Evacuate Collection Set: 2.0ms
[139.326s][info][gc,phases      ] GC(245)   Post Evacuate Collection Set: 0.9ms
[139.326s][info][gc,phases      ] GC(245)   Other: 0.3ms
[139.326s][info][gc,heap        ] GC(245) Eden regions: 1228->0(1222)
[139.326s][info][gc,heap        ] GC(245) Survivor regions: 0->6(154)
[139.326s][info][gc,heap        ] GC(245) Old regions: 7->7
[139.326s][info][gc,heap        ] GC(245) Humongous regions: 0->0
[139.326s][info][gc,metaspace   ] GC(245) Metaspace: 18014K(18688K)->18014K(18688K) NonClass: 15959K(16384K)->15959K(16384K) Class: 2054K(2304K)->2054K(2304K)
[139.326s][info][gc             ] GC(245) Pause Young (Normal) (G1 Evacuation Pause) 1231M->9M(2048M) 3.367ms
[139.326s][info][gc,cpu         ] GC(245) User=0.00s Sys=0.00s Real=0.00s
[139.695s][info][gc,start       ] GC(246) Pause Young (Normal) (G1 Evacuation Pause)
[139.695s][info][gc,task        ] GC(246) Using 6 workers of 6 for evacuation
[139.700s][info][gc,phases      ] GC(246)   Pre Evacuate Collection Set: 0.1ms
[139.700s][info][gc,phases      ] GC(246)   Evacuate Collection Set: 2.9ms
[139.700s][info][gc,phases      ] GC(246)   Post Evacuate Collection Set: 1.1ms
[139.700s][info][gc,phases      ] GC(246)   Other: 0.4ms
[139.700s][info][gc,heap        ] GC(246) Eden regions: 1222->0(1220)
[139.700s][info][gc,heap        ] GC(246) Survivor regions: 6->8(154)
[139.700s][info][gc,heap        ] GC(246) Old regions: 7->7
[139.700s][info][gc,heap        ] GC(246) Humongous regions: 0->0
[139.700s][info][gc,metaspace   ] GC(246) Metaspace: 18014K(18688K)->18014K(18688K) NonClass: 15959K(16384K)->15959K(16384K) Class: 2054K(2304K)->2054K(2304K)
[139.700s][info][gc             ] GC(246) Pause Young (Normal) (G1 Evacuation Pause) 1231M->11M(2048M) 4.623ms
[139.700s][info][gc,cpu         ] GC(246) User=0.00s Sys=0.00s Real=0.00s
[140.249s][info][gc,start       ] GC(247) Pause Young (Normal) (G1 Evacuation Pause)
[140.249s][info][gc,task        ] GC(247) Using 6 workers of 6 for evacuation
[140.256s][info][gc,phases      ] GC(247)   Pre Evacuate Collection Set: 0.0ms
[140.256s][info][gc,phases      ] GC(247)   Evacuate Collection Set: 5.2ms
[140.256s][info][gc,phases      ] GC(247)   Post Evacuate Collection Set: 1.0ms
[140.256s][info][gc,phases      ] GC(247)   Other: 0.2ms
[140.256s][info][gc,heap        ] GC(247) Eden regions: 1220->0(1216)
[140.256s][info][gc,heap        ] GC(247) Survivor regions: 8->12(154)
[140.256s][info][gc,heap        ] GC(247) Old regions: 7->7
[140.256s][info][gc,heap        ] GC(247) Humongous regions: 0->0
[140.256s][info][gc,metaspace   ] GC(247) Metaspace: 18014K(18688K)->18014K(18688K) NonClass: 15959K(16384K)->15959K(16384K) Class: 2054K(2304K)->2054K(2304K)
[140.256s][info][gc             ] GC(247) Pause Young (Normal) (G1 Evacuation Pause) 1231M->15M(2048M) 6.556ms
[140.256s][info][gc,cpu         ] GC(247) User=0.00s Sys=0.00s Real=0.00s
[140.865s][info][gc,start       ] GC(248) Pause Young (Normal) (G1 Evacuation Pause)
[140.865s][info][gc,task        ] GC(248) Using 6 workers of 6 for evacuation
[140.877s][info][gc,phases      ] GC(248)   Pre Evacuate Collection Set: 0.0ms
[140.877s][info][gc,phases      ] GC(248)   Evacuate Collection Set: 10.6ms
[140.877s][info][gc,phases      ] GC(248)   Post Evacuate Collection Set: 0.9ms
[140.877s][info][gc,phases      ] GC(248)   Other: 0.2ms
[140.877s][info][gc,heap        ] GC(248) Eden regions: 1216->0(1203)
[140.877s][info][gc,heap        ] GC(248) Survivor regions: 12->25(154)
[140.877s][info][gc,heap        ] GC(248) Old regions: 7->7
[140.877s][info][gc,heap        ] GC(248) Humongous regions: 3->3
[140.877s][info][gc,metaspace   ] GC(248) Metaspace: 18014K(18688K)->18014K(18688K) NonClass: 15959K(16384K)->15959K(16384K) Class: 2054K(2304K)->2054K(2304K)
[140.877s][info][gc             ] GC(248) Pause Young (Normal) (G1 Evacuation Pause) 1234M->31M(2048M) 11.853ms
[140.877s][info][gc,cpu         ] GC(248) User=0.02s Sys=0.00s Real=0.02s
[141.451s][info][gc,start       ] GC(249) Pause Young (Normal) (G1 Evacuation Pause)
[141.451s][info][gc,task        ] GC(249) Using 6 workers of 6 for evacuation
[141.461s][info][gc,phases      ] GC(249)   Pre Evacuate Collection Set: 0.0ms
[141.461s][info][gc,phases      ] GC(249)   Evacuate Collection Set: 9.1ms
[141.461s][info][gc,phases      ] GC(249)   Post Evacuate Collection Set: 1.2ms
[141.461s][info][gc,phases      ] GC(249)   Other: 0.4ms
[141.461s][info][gc,heap        ] GC(249) Eden regions: 1203->0(1199)
[141.461s][info][gc,heap        ] GC(249) Survivor regions: 25->29(154)
[141.461s][info][gc,heap        ] GC(249) Old regions: 7->7
[141.461s][info][gc,heap        ] GC(249) Humongous regions: 3->3
[141.461s][info][gc,metaspace   ] GC(249) Metaspace: 18014K(18688K)->18014K(18688K) NonClass: 15959K(16384K)->15959K(16384K) Class: 2054K(2304K)->2054K(2304K)
[141.461s][info][gc             ] GC(249) Pause Young (Normal) (G1 Evacuation Pause) 1234M->35M(2048M) 10.849ms
[141.461s][info][gc,cpu         ] GC(249) User=0.02s Sys=0.00s Real=0.00s
[142.311s][info][gc,task        ] GC(250) Using 6 workers of 6 for full compaction
[142.311s][info][gc,start       ] GC(250) Pause Full (System.gc())
[142.312s][info][gc,phases,start] GC(250) Phase 1: Mark live objects
[142.315s][info][gc,stringtable ] GC(250) Cleaned string and symbol table, strings: 5674 processed, 0 removed, symbols: 53749 processed, 0 removed
[142.315s][info][gc,phases      ] GC(250) Phase 1: Mark live objects 2.986ms
[142.315s][info][gc,phases,start] GC(250) Phase 2: Prepare for compaction
[142.317s][info][gc,phases      ] GC(250) Phase 2: Prepare for compaction 2.047ms
[142.317s][info][gc,phases,start] GC(250) Phase 3: Adjust pointers
[142.318s][info][gc,phases      ] GC(250) Phase 3: Adjust pointers 1.765ms
[142.319s][info][gc,phases,start] GC(250) Phase 4: Compact heap
[142.320s][info][gc,phases      ] GC(250) Phase 4: Compact heap 1.791ms
[142.322s][info][gc,heap        ] GC(250) Eden regions: 1150->0(1228)
[142.322s][info][gc,heap        ] GC(250) Survivor regions: 29->0(154)
[142.322s][info][gc,heap        ] GC(250) Old regions: 7->7
[142.322s][info][gc,heap        ] GC(250) Humongous regions: 22->0
[142.322s][info][gc,metaspace   ] GC(250) Metaspace: 18014K(18688K)->18014K(18688K) NonClass: 15959K(16384K)->15959K(16384K) Class: 2054K(2304K)->2054K(2304K)
[142.322s][info][gc             ] GC(250) Pause Full (System.gc()) 1204M->3M(2048M) 10.939ms
[142.322s][info][gc,cpu         ] GC(250) User=0.02s Sys=0.00s Real=0.02s
[142.670s][info][gc,start       ] GC(251) Pause Young (Normal) (G1 Evacuation Pause)
[142.670s][info][gc,task        ] GC(251) Using 6 workers of 6 for evacuation
[142.673s][info][gc,phases      ] GC(251)   Pre Evacuate Collection Set: 0.0ms
[142.673s][info][gc,phases      ] GC(251)   Evacuate Collection Set: 2.1ms
[142.673s][info][gc,phases      ] GC(251)   Post Evacuate Collection Set: 0.8ms
[142.673s][info][gc,phases      ] GC(251)   Other: 0.3ms
[142.673s][info][gc,heap        ] GC(251) Eden regions: 1228->0(1222)
[142.673s][info][gc,heap        ] GC(251) Survivor regions: 0->6(154)
[142.673s][info][gc,heap        ] GC(251) Old regions: 7->7
[142.673s][info][gc,heap        ] GC(251) Humongous regions: 0->0
[142.673s][info][gc,metaspace   ] GC(251) Metaspace: 18021K(18688K)->18021K(18688K) NonClass: 15966K(16384K)->15966K(16384K) Class: 2054K(2304K)->2054K(2304K)
[142.673s][info][gc             ] GC(251) Pause Young (Normal) (G1 Evacuation Pause) 1231M->9M(2048M) 3.370ms
[142.673s][info][gc,cpu         ] GC(251) User=0.00s Sys=0.00s Real=0.00s
[143.057s][info][gc,start       ] GC(252) Pause Young (Normal) (G1 Evacuation Pause)
[143.057s][info][gc,task        ] GC(252) Using 6 workers of 6 for evacuation
[143.062s][info][gc,phases      ] GC(252)   Pre Evacuate Collection Set: 0.0ms
[143.062s][info][gc,phases      ] GC(252)   Evacuate Collection Set: 3.2ms
[143.062s][info][gc,phases      ] GC(252)   Post Evacuate Collection Set: 0.9ms
[143.062s][info][gc,phases      ] GC(252)   Other: 0.2ms
[143.062s][info][gc,heap        ] GC(252) Eden regions: 1222->0(1220)
[143.062s][info][gc,heap        ] GC(252) Survivor regions: 6->8(154)
[143.062s][info][gc,heap        ] GC(252) Old regions: 7->7
[143.062s][info][gc,heap        ] GC(252) Humongous regions: 0->0
[143.062s][info][gc,metaspace   ] GC(252) Metaspace: 18021K(18688K)->18021K(18688K) NonClass: 15966K(16384K)->15966K(16384K) Class: 2054K(2304K)->2054K(2304K)
[143.062s][info][gc             ] GC(252) Pause Young (Normal) (G1 Evacuation Pause) 1231M->11M(2048M) 4.462ms
[143.062s][info][gc,cpu         ] GC(252) User=0.00s Sys=0.00s Real=0.00s
[143.617s][info][gc,start       ] GC(253) Pause Young (Normal) (G1 Evacuation Pause)
[143.617s][info][gc,task        ] GC(253) Using 6 workers of 6 for evacuation
[143.624s][info][gc,phases      ] GC(253)   Pre Evacuate Collection Set: 0.0ms
[143.624s][info][gc,phases      ] GC(253)   Evacuate Collection Set: 5.5ms
[143.624s][info][gc,phases      ] GC(253)   Post Evacuate Collection Set: 0.9ms
[143.624s][info][gc,phases      ] GC(253)   Other: 0.4ms
[143.624s][info][gc,heap        ] GC(253) Eden regions: 1220->0(1216)
[143.624s][info][gc,heap        ] GC(253) Survivor regions: 8->12(154)
[143.624s][info][gc,heap        ] GC(253) Old regions: 7->7
[143.624s][info][gc,heap        ] GC(253) Humongous regions: 0->0
[143.624s][info][gc,metaspace   ] GC(253) Metaspace: 18021K(18688K)->18021K(18688K) NonClass: 15966K(16384K)->15966K(16384K) Class: 2054K(2304K)->2054K(2304K)
[143.624s][info][gc             ] GC(253) Pause Young (Normal) (G1 Evacuation Pause) 1231M->15M(2048M) 6.898ms
[143.624s][info][gc,cpu         ] GC(253) User=0.02s Sys=0.00s Real=0.02s
[144.231s][info][gc,start       ] GC(254) Pause Young (Normal) (G1 Evacuation Pause)
[144.231s][info][gc,task        ] GC(254) Using 6 workers of 6 for evacuation
[144.243s][info][gc,phases      ] GC(254)   Pre Evacuate Collection Set: 0.0ms
[144.243s][info][gc,phases      ] GC(254)   Evacuate Collection Set: 10.3ms
[144.243s][info][gc,phases      ] GC(254)   Post Evacuate Collection Set: 1.1ms
[144.243s][info][gc,phases      ] GC(254)   Other: 0.4ms
[144.243s][info][gc,heap        ] GC(254) Eden regions: 1216->0(1203)
[144.243s][info][gc,heap        ] GC(254) Survivor regions: 12->25(154)
[144.243s][info][gc,heap        ] GC(254) Old regions: 7->7
[144.243s][info][gc,heap        ] GC(254) Humongous regions: 3->3
[144.243s][info][gc,metaspace   ] GC(254) Metaspace: 18021K(18688K)->18021K(18688K) NonClass: 15966K(16384K)->15966K(16384K) Class: 2054K(2304K)->2054K(2304K)
[144.243s][info][gc             ] GC(254) Pause Young (Normal) (G1 Evacuation Pause) 1234M->31M(2048M) 11.962ms
[144.243s][info][gc,cpu         ] GC(254) User=0.05s Sys=0.00s Real=0.02s
[144.817s][info][gc,start       ] GC(255) Pause Young (Normal) (G1 Evacuation Pause)
[144.817s][info][gc,task        ] GC(255) Using 6 workers of 6 for evacuation
[144.827s][info][gc,phases      ] GC(255)   Pre Evacuate Collection Set: 0.0ms
[144.827s][info][gc,phases      ] GC(255)   Evacuate Collection Set: 8.7ms
[144.827s][info][gc,phases      ] GC(255)   Post Evacuate Collection Set: 1.0ms
[144.827s][info][gc,phases      ] GC(255)   Other: 0.2ms
[144.827s][info][gc,heap        ] GC(255) Eden regions: 1203->0(1199)
[144.827s][info][gc,heap        ] GC(255) Survivor regions: 25->29(154)
[144.827s][info][gc,heap        ] GC(255) Old regions: 7->7
[144.827s][info][gc,heap        ] GC(255) Humongous regions: 3->3
[144.827s][info][gc,metaspace   ] GC(255) Metaspace: 18021K(18688K)->18021K(18688K) NonClass: 15966K(16384K)->15966K(16384K) Class: 2054K(2304K)->2054K(2304K)
[144.827s][info][gc             ] GC(255) Pause Young (Normal) (G1 Evacuation Pause) 1234M->35M(2048M) 10.086ms
[144.827s][info][gc,cpu         ] GC(255) User=0.00s Sys=0.00s Real=0.00s
[145.675s][info][gc,task        ] GC(256) Using 6 workers of 6 for full compaction
[145.675s][info][gc,start       ] GC(256) Pause Full (System.gc())
[145.675s][info][gc,phases,start] GC(256) Phase 1: Mark live objects
[145.678s][info][gc,stringtable ] GC(256) Cleaned string and symbol table, strings: 5674 processed, 0 removed, symbols: 53749 processed, 0 removed
[145.678s][info][gc,phases      ] GC(256) Phase 1: Mark live objects 2.620ms
[145.678s][info][gc,phases,start] GC(256) Phase 2: Prepare for compaction
[145.680s][info][gc,phases      ] GC(256) Phase 2: Prepare for compaction 2.079ms
[145.680s][info][gc,phases,start] GC(256) Phase 3: Adjust pointers
[145.682s][info][gc,phases      ] GC(256) Phase 3: Adjust pointers 1.766ms
[145.682s][info][gc,phases,start] GC(256) Phase 4: Compact heap
[145.684s][info][gc,phases      ] GC(256) Phase 4: Compact heap 1.862ms
[145.686s][info][gc,heap        ] GC(256) Eden regions: 1150->0(1228)
[145.686s][info][gc,heap        ] GC(256) Survivor regions: 29->0(154)
[145.686s][info][gc,heap        ] GC(256) Old regions: 7->6
[145.686s][info][gc,heap        ] GC(256) Humongous regions: 22->0
[145.686s][info][gc,metaspace   ] GC(256) Metaspace: 18022K(18688K)->18022K(18688K) NonClass: 15968K(16384K)->15968K(16384K) Class: 2054K(2304K)->2054K(2304K)
[145.686s][info][gc             ] GC(256) Pause Full (System.gc()) 1203M->3M(2048M) 10.754ms
[145.686s][info][gc,cpu         ] GC(256) User=0.00s Sys=0.00s Real=0.02s
[146.133s][info][gc,start       ] GC(257) Pause Young (Normal) (G1 Evacuation Pause)
[146.133s][info][gc,task        ] GC(257) Using 6 workers of 6 for evacuation
[146.136s][info][gc,phases      ] GC(257)   Pre Evacuate Collection Set: 0.0ms
[146.136s][info][gc,phases      ] GC(257)   Evacuate Collection Set: 2.1ms
[146.136s][info][gc,phases      ] GC(257)   Post Evacuate Collection Set: 0.9ms
[146.136s][info][gc,phases      ] GC(257)   Other: 0.3ms
[146.136s][info][gc,heap        ] GC(257) Eden regions: 1228->0(1222)
[146.136s][info][gc,heap        ] GC(257) Survivor regions: 0->6(154)
[146.136s][info][gc,heap        ] GC(257) Old regions: 6->6
[146.136s][info][gc,heap        ] GC(257) Humongous regions: 0->0
[146.136s][info][gc,metaspace   ] GC(257) Metaspace: 18023K(18688K)->18023K(18688K) NonClass: 15968K(16384K)->15968K(16384K) Class: 2054K(2304K)->2054K(2304K)
[146.136s][info][gc             ] GC(257) Pause Young (Normal) (G1 Evacuation Pause) 1231M->9M(2048M) 3.427ms
[146.136s][info][gc,cpu         ] GC(257) User=0.00s Sys=0.00s Real=0.02s
[146.597s][info][gc,start       ] GC(258) Pause Young (Normal) (G1 Evacuation Pause)
[146.597s][info][gc,task        ] GC(258) Using 6 workers of 6 for evacuation
[146.601s][info][gc,phases      ] GC(258)   Pre Evacuate Collection Set: 0.0ms
[146.601s][info][gc,phases      ] GC(258)   Evacuate Collection Set: 3.1ms
[146.601s][info][gc,phases      ] GC(258)   Post Evacuate Collection Set: 1.0ms
[146.601s][info][gc,phases      ] GC(258)   Other: 0.2ms
[146.601s][info][gc,heap        ] GC(258) Eden regions: 1222->0(1220)
[146.601s][info][gc,heap        ] GC(258) Survivor regions: 6->8(154)
[146.601s][info][gc,heap        ] GC(258) Old regions: 6->6
[146.601s][info][gc,heap        ] GC(258) Humongous regions: 0->0
[146.601s][info][gc,metaspace   ] GC(258) Metaspace: 18023K(18688K)->18023K(18688K) NonClass: 15968K(16384K)->15968K(16384K) Class: 2054K(2304K)->2054K(2304K)
[146.601s][info][gc             ] GC(258) Pause Young (Normal) (G1 Evacuation Pause) 1231M->11M(2048M) 4.481ms
[146.601s][info][gc,cpu         ] GC(258) User=0.00s Sys=0.00s Real=0.00s
[147.150s][info][gc,start       ] GC(259) Pause Young (Normal) (G1 Evacuation Pause)
[147.150s][info][gc,task        ] GC(259) Using 6 workers of 6 for evacuation
[147.156s][info][gc,phases      ] GC(259)   Pre Evacuate Collection Set: 0.1ms
[147.156s][info][gc,phases      ] GC(259)   Evacuate Collection Set: 5.4ms
[147.156s][info][gc,phases      ] GC(259)   Post Evacuate Collection Set: 0.9ms
[147.157s][info][gc,phases      ] GC(259)   Other: 0.4ms
[147.157s][info][gc,heap        ] GC(259) Eden regions: 1220->0(1216)
[147.157s][info][gc,heap        ] GC(259) Survivor regions: 8->12(154)
[147.157s][info][gc,heap        ] GC(259) Old regions: 6->6
[147.157s][info][gc,heap        ] GC(259) Humongous regions: 0->0
[147.157s][info][gc,metaspace   ] GC(259) Metaspace: 18023K(18688K)->18023K(18688K) NonClass: 15968K(16384K)->15968K(16384K) Class: 2054K(2304K)->2054K(2304K)
[147.157s][info][gc             ] GC(259) Pause Young (Normal) (G1 Evacuation Pause) 1231M->15M(2048M) 6.862ms
[147.157s][info][gc,cpu         ] GC(259) User=0.02s Sys=0.00s Real=0.02s
[147.765s][info][gc,start       ] GC(260) Pause Young (Normal) (G1 Evacuation Pause)
[147.765s][info][gc,task        ] GC(260) Using 6 workers of 6 for evacuation
[147.776s][info][gc,phases      ] GC(260)   Pre Evacuate Collection Set: 0.1ms
[147.776s][info][gc,phases      ] GC(260)   Evacuate Collection Set: 10.4ms
[147.776s][info][gc,phases      ] GC(260)   Post Evacuate Collection Set: 0.9ms
[147.776s][info][gc,phases      ] GC(260)   Other: 0.4ms
[147.776s][info][gc,heap        ] GC(260) Eden regions: 1216->0(1203)
[147.776s][info][gc,heap        ] GC(260) Survivor regions: 12->25(154)
[147.776s][info][gc,heap        ] GC(260) Old regions: 6->6
[147.776s][info][gc,heap        ] GC(260) Humongous regions: 3->3
[147.776s][info][gc,metaspace   ] GC(260) Metaspace: 18023K(18688K)->18023K(18688K) NonClass: 15968K(16384K)->15968K(16384K) Class: 2054K(2304K)->2054K(2304K)
[147.776s][info][gc             ] GC(260) Pause Young (Normal) (G1 Evacuation Pause) 1234M->31M(2048M) 11.811ms
[147.776s][info][gc,cpu         ] GC(260) User=0.02s Sys=0.00s Real=0.01s
[148.355s][info][gc,start       ] GC(261) Pause Young (Normal) (G1 Evacuation Pause)
[148.355s][info][gc,task        ] GC(261) Using 6 workers of 6 for evacuation
[148.365s][info][gc,phases      ] GC(261)   Pre Evacuate Collection Set: 0.1ms
[148.365s][info][gc,phases      ] GC(261)   Evacuate Collection Set: 8.9ms
[148.365s][info][gc,phases      ] GC(261)   Post Evacuate Collection Set: 0.9ms
[148.365s][info][gc,phases      ] GC(261)   Other: 0.4ms
[148.365s][info][gc,heap        ] GC(261) Eden regions: 1203->0(1199)
[148.365s][info][gc,heap        ] GC(261) Survivor regions: 25->29(154)
[148.365s][info][gc,heap        ] GC(261) Old regions: 6->6
[148.365s][info][gc,heap        ] GC(261) Humongous regions: 3->3
[148.365s][info][gc,metaspace   ] GC(261) Metaspace: 18023K(18688K)->18023K(18688K) NonClass: 15968K(16384K)->15968K(16384K) Class: 2054K(2304K)->2054K(2304K)
[148.365s][info][gc             ] GC(261) Pause Young (Normal) (G1 Evacuation Pause) 1234M->35M(2048M) 10.332ms
[148.365s][info][gc,cpu         ] GC(261) User=0.02s Sys=0.00s Real=0.02s
[149.213s][info][gc,task        ] GC(262) Using 6 workers of 6 for full compaction
[149.213s][info][gc,start       ] GC(262) Pause Full (System.gc())
[149.213s][info][gc,phases,start] GC(262) Phase 1: Mark live objects
[149.215s][info][gc,stringtable ] GC(262) Cleaned string and symbol table, strings: 5674 processed, 0 removed, symbols: 53749 processed, 0 removed
[149.215s][info][gc,phases      ] GC(262) Phase 1: Mark live objects 2.263ms
[149.215s][info][gc,phases,start] GC(262) Phase 2: Prepare for compaction
[149.218s][info][gc,phases      ] GC(262) Phase 2: Prepare for compaction 2.321ms
[149.218s][info][gc,phases,start] GC(262) Phase 3: Adjust pointers
[149.220s][info][gc,phases      ] GC(262) Phase 3: Adjust pointers 1.915ms
[149.220s][info][gc,phases,start] GC(262) Phase 4: Compact heap
[149.222s][info][gc,phases      ] GC(262) Phase 4: Compact heap 2.058ms
[149.224s][info][gc,heap        ] GC(262) Eden regions: 1150->0(1228)
[149.224s][info][gc,heap        ] GC(262) Survivor regions: 29->0(154)
[149.224s][info][gc,heap        ] GC(262) Old regions: 6->5
[149.224s][info][gc,heap        ] GC(262) Humongous regions: 22->0
[149.224s][info][gc,metaspace   ] GC(262) Metaspace: 18023K(18688K)->18023K(18688K) NonClass: 15968K(16384K)->15968K(16384K) Class: 2054K(2304K)->2054K(2304K)
[149.224s][info][gc             ] GC(262) Pause Full (System.gc()) 1204M->3M(2048M) 10.790ms
[149.224s][info][gc,cpu         ] GC(262) User=0.00s Sys=0.00s Real=0.00s
[149.655s][info][gc,start       ] GC(263) Pause Young (Normal) (G1 Evacuation Pause)
[149.655s][info][gc,task        ] GC(263) Using 6 workers of 6 for evacuation
[149.658s][info][gc,phases      ] GC(263)   Pre Evacuate Collection Set: 0.1ms
[149.658s][info][gc,phases      ] GC(263)   Evacuate Collection Set: 2.0ms
[149.658s][info][gc,phases      ] GC(263)   Post Evacuate Collection Set: 0.9ms
[149.658s][info][gc,phases      ] GC(263)   Other: 0.3ms
[149.658s][info][gc,heap        ] GC(263) Eden regions: 1228->0(1222)
[149.658s][info][gc,heap        ] GC(263) Survivor regions: 0->6(154)
[149.658s][info][gc,heap        ] GC(263) Old regions: 5->5
[149.658s][info][gc,heap        ] GC(263) Humongous regions: 0->0
[149.658s][info][gc,metaspace   ] GC(263) Metaspace: 18023K(18688K)->18023K(18688K) NonClass: 15968K(16384K)->15968K(16384K) Class: 2054K(2304K)->2054K(2304K)
[149.658s][info][gc             ] GC(263) Pause Young (Normal) (G1 Evacuation Pause) 1231M->9M(2048M) 3.357ms
[149.658s][info][gc,cpu         ] GC(263) User=0.00s Sys=0.00s Real=0.00s
[150.125s][info][gc,start       ] GC(264) Pause Young (Normal) (G1 Evacuation Pause)
[150.125s][info][gc,task        ] GC(264) Using 6 workers of 6 for evacuation
[150.129s][info][gc,phases      ] GC(264)   Pre Evacuate Collection Set: 0.0ms
[150.129s][info][gc,phases      ] GC(264)   Evacuate Collection Set: 3.1ms
[150.129s][info][gc,phases      ] GC(264)   Post Evacuate Collection Set: 0.9ms
[150.129s][info][gc,phases      ] GC(264)   Other: 0.2ms
[150.129s][info][gc,heap        ] GC(264) Eden regions: 1222->0(1220)
[150.129s][info][gc,heap        ] GC(264) Survivor regions: 6->8(154)
[150.129s][info][gc,heap        ] GC(264) Old regions: 5->5
[150.129s][info][gc,heap        ] GC(264) Humongous regions: 0->0
[150.129s][info][gc,metaspace   ] GC(264) Metaspace: 18023K(18688K)->18023K(18688K) NonClass: 15968K(16384K)->15968K(16384K) Class: 2054K(2304K)->2054K(2304K)
[150.129s][info][gc             ] GC(264) Pause Young (Normal) (G1 Evacuation Pause) 1231M->11M(2048M) 4.453ms
[150.129s][info][gc,cpu         ] GC(264) User=0.00s Sys=0.00s Real=0.00s
[150.681s][info][gc,start       ] GC(265) Pause Young (Normal) (G1 Evacuation Pause)
[150.681s][info][gc,task        ] GC(265) Using 6 workers of 6 for evacuation
[150.688s][info][gc,phases      ] GC(265)   Pre Evacuate Collection Set: 0.0ms
[150.688s][info][gc,phases      ] GC(265)   Evacuate Collection Set: 5.2ms
[150.688s][info][gc,phases      ] GC(265)   Post Evacuate Collection Set: 1.1ms
[150.688s][info][gc,phases      ] GC(265)   Other: 0.3ms
[150.688s][info][gc,heap        ] GC(265) Eden regions: 1220->0(1216)
[150.688s][info][gc,heap        ] GC(265) Survivor regions: 8->12(154)
[150.688s][info][gc,heap        ] GC(265) Old regions: 5->5
[150.688s][info][gc,heap        ] GC(265) Humongous regions: 0->0
[150.688s][info][gc,metaspace   ] GC(265) Metaspace: 18023K(18688K)->18023K(18688K) NonClass: 15968K(16384K)->15968K(16384K) Class: 2054K(2304K)->2054K(2304K)
[150.688s][info][gc             ] GC(265) Pause Young (Normal) (G1 Evacuation Pause) 1231M->15M(2048M) 6.756ms
[150.688s][info][gc,cpu         ] GC(265) User=0.00s Sys=0.00s Real=0.02s
[151.294s][info][gc,start       ] GC(266) Pause Young (Normal) (G1 Evacuation Pause)
[151.294s][info][gc,task        ] GC(266) Using 6 workers of 6 for evacuation
[151.306s][info][gc,phases      ] GC(266)   Pre Evacuate Collection Set: 0.1ms
[151.306s][info][gc,phases      ] GC(266)   Evacuate Collection Set: 10.6ms
[151.306s][info][gc,phases      ] GC(266)   Post Evacuate Collection Set: 0.9ms
[151.306s][info][gc,phases      ] GC(266)   Other: 0.4ms
[151.306s][info][gc,heap        ] GC(266) Eden regions: 1216->0(1203)
[151.306s][info][gc,heap        ] GC(266) Survivor regions: 12->25(154)
[151.306s][info][gc,heap        ] GC(266) Old regions: 5->5
[151.306s][info][gc,heap        ] GC(266) Humongous regions: 3->3
[151.306s][info][gc,metaspace   ] GC(266) Metaspace: 18023K(18688K)->18023K(18688K) NonClass: 15968K(16384K)->15968K(16384K) Class: 2054K(2304K)->2054K(2304K)
[151.306s][info][gc             ] GC(266) Pause Young (Normal) (G1 Evacuation Pause) 1234M->31M(2048M) 12.052ms
[151.306s][info][gc,cpu         ] GC(266) User=0.02s Sys=0.00s Real=0.02s
[151.879s][info][gc,start       ] GC(267) Pause Young (Normal) (G1 Evacuation Pause)
[151.879s][info][gc,task        ] GC(267) Using 6 workers of 6 for evacuation
[151.889s][info][gc,phases      ] GC(267)   Pre Evacuate Collection Set: 0.1ms
[151.889s][info][gc,phases      ] GC(267)   Evacuate Collection Set: 9.0ms
[151.889s][info][gc,phases      ] GC(267)   Post Evacuate Collection Set: 1.0ms
[151.889s][info][gc,phases      ] GC(267)   Other: 0.4ms
[151.889s][info][gc,heap        ] GC(267) Eden regions: 1203->0(1199)
[151.889s][info][gc,heap        ] GC(267) Survivor regions: 25->29(154)
[151.889s][info][gc,heap        ] GC(267) Old regions: 5->5
[151.889s][info][gc,heap        ] GC(267) Humongous regions: 3->3
[151.889s][info][gc,metaspace   ] GC(267) Metaspace: 18023K(18688K)->18023K(18688K) NonClass: 15968K(16384K)->15968K(16384K) Class: 2054K(2304K)->2054K(2304K)
[151.889s][info][gc             ] GC(267) Pause Young (Normal) (G1 Evacuation Pause) 1234M->35M(2048M) 10.485ms
[151.889s][info][gc,cpu         ] GC(267) User=0.05s Sys=0.00s Real=0.01s
[152.739s][info][gc,task        ] GC(268) Using 6 workers of 6 for full compaction
[152.739s][info][gc,start       ] GC(268) Pause Full (System.gc())
[152.739s][info][gc,phases,start] GC(268) Phase 1: Mark live objects
[152.742s][info][gc,stringtable ] GC(268) Cleaned string and symbol table, strings: 5674 processed, 0 removed, symbols: 53749 processed, 0 removed
[152.742s][info][gc,phases      ] GC(268) Phase 1: Mark live objects 2.514ms
[152.742s][info][gc,phases,start] GC(268) Phase 2: Prepare for compaction
[152.744s][info][gc,phases      ] GC(268) Phase 2: Prepare for compaction 2.158ms
[152.744s][info][gc,phases,start] GC(268) Phase 3: Adjust pointers
[152.746s][info][gc,phases      ] GC(268) Phase 3: Adjust pointers 2.083ms
[152.746s][info][gc,phases,start] GC(268) Phase 4: Compact heap
[152.748s][info][gc,phases      ] GC(268) Phase 4: Compact heap 2.124ms
[152.751s][info][gc,heap        ] GC(268) Eden regions: 1150->0(1228)
[152.751s][info][gc,heap        ] GC(268) Survivor regions: 29->0(154)
[152.751s][info][gc,heap        ] GC(268) Old regions: 5->6
[152.751s][info][gc,heap        ] GC(268) Humongous regions: 22->0
[152.751s][info][gc,metaspace   ] GC(268) Metaspace: 18023K(18688K)->18023K(18688K) NonClass: 15968K(16384K)->15968K(16384K) Class: 2054K(2304K)->2054K(2304K)
[152.751s][info][gc             ] GC(268) Pause Full (System.gc()) 1204M->3M(2048M) 11.670ms
[152.751s][info][gc,cpu         ] GC(268) User=0.02s Sys=0.00s Real=0.02s
[153.081s][info][gc,start       ] GC(269) Pause Young (Normal) (G1 Evacuation Pause)
[153.081s][info][gc,task        ] GC(269) Using 6 workers of 6 for evacuation
[153.084s][info][gc,phases      ] GC(269)   Pre Evacuate Collection Set: 0.0ms
[153.084s][info][gc,phases      ] GC(269)   Evacuate Collection Set: 2.2ms
[153.084s][info][gc,phases      ] GC(269)   Post Evacuate Collection Set: 0.8ms
[153.084s][info][gc,phases      ] GC(269)   Other: 0.2ms
[153.084s][info][gc,heap        ] GC(269) Eden regions: 1228->0(1223)
[153.084s][info][gc,heap        ] GC(269) Survivor regions: 0->5(154)
[153.084s][info][gc,heap        ] GC(269) Old regions: 6->6
[153.084s][info][gc,heap        ] GC(269) Humongous regions: 0->0
[153.084s][info][gc,metaspace   ] GC(269) Metaspace: 18023K(18688K)->18023K(18688K) NonClass: 15968K(16384K)->15968K(16384K) Class: 2054K(2304K)->2054K(2304K)
[153.084s][info][gc             ] GC(269) Pause Young (Normal) (G1 Evacuation Pause) 1231M->8M(2048M) 3.361ms
[153.084s][info][gc,cpu         ] GC(269) User=0.00s Sys=0.00s Real=0.00s
[153.412s][info][gc,start       ] GC(270) Pause Young (Normal) (G1 Evacuation Pause)
[153.412s][info][gc,task        ] GC(270) Using 6 workers of 6 for evacuation
[153.417s][info][gc,phases      ] GC(270)   Pre Evacuate Collection Set: 0.0ms
[153.417s][info][gc,phases      ] GC(270)   Evacuate Collection Set: 3.1ms
[153.417s][info][gc,phases      ] GC(270)   Post Evacuate Collection Set: 1.0ms
[153.417s][info][gc,phases      ] GC(270)   Other: 0.2ms
[153.417s][info][gc,heap        ] GC(270) Eden regions: 1223->0(1220)
[153.417s][info][gc,heap        ] GC(270) Survivor regions: 5->8(154)
[153.417s][info][gc,heap        ] GC(270) Old regions: 6->6
[153.417s][info][gc,heap        ] GC(270) Humongous regions: 0->0
[153.417s][info][gc,metaspace   ] GC(270) Metaspace: 18023K(18688K)->18023K(18688K) NonClass: 15968K(16384K)->15968K(16384K) Class: 2054K(2304K)->2054K(2304K)
[153.417s][info][gc             ] GC(270) Pause Young (Normal) (G1 Evacuation Pause) 1231M->11M(2048M) 4.423ms
[153.417s][info][gc,cpu         ] GC(270) User=0.00s Sys=0.00s Real=0.00s
[153.940s][info][gc,start       ] GC(271) Pause Young (Normal) (G1 Evacuation Pause)
[153.940s][info][gc,task        ] GC(271) Using 6 workers of 6 for evacuation
[153.947s][info][gc,phases      ] GC(271)   Pre Evacuate Collection Set: 0.1ms
[153.947s][info][gc,phases      ] GC(271)   Evacuate Collection Set: 5.3ms
[153.947s][info][gc,phases      ] GC(271)   Post Evacuate Collection Set: 1.0ms
[153.947s][info][gc,phases      ] GC(271)   Other: 0.4ms
[153.947s][info][gc,heap        ] GC(271) Eden regions: 1220->0(1216)
[153.947s][info][gc,heap        ] GC(271) Survivor regions: 8->12(154)
[153.947s][info][gc,heap        ] GC(271) Old regions: 6->6
[153.947s][info][gc,heap        ] GC(271) Humongous regions: 0->0
[153.947s][info][gc,metaspace   ] GC(271) Metaspace: 18023K(18688K)->18023K(18688K) NonClass: 15968K(16384K)->15968K(16384K) Class: 2054K(2304K)->2054K(2304K)
[153.947s][info][gc             ] GC(271) Pause Young (Normal) (G1 Evacuation Pause) 1231M->15M(2048M) 6.767ms
[153.947s][info][gc,cpu         ] GC(271) User=0.00s Sys=0.00s Real=0.00s
[154.554s][info][gc,start       ] GC(272) Pause Young (Normal) (G1 Evacuation Pause)
[154.554s][info][gc,task        ] GC(272) Using 6 workers of 6 for evacuation
[154.566s][info][gc,phases      ] GC(272)   Pre Evacuate Collection Set: 0.0ms
[154.566s][info][gc,phases      ] GC(272)   Evacuate Collection Set: 10.0ms
[154.566s][info][gc,phases      ] GC(272)   Post Evacuate Collection Set: 1.2ms
[154.566s][info][gc,phases      ] GC(272)   Other: 0.2ms
[154.566s][info][gc,heap        ] GC(272) Eden regions: 1216->0(1203)
[154.566s][info][gc,heap        ] GC(272) Survivor regions: 12->25(154)
[154.566s][info][gc,heap        ] GC(272) Old regions: 6->6
[154.566s][info][gc,heap        ] GC(272) Humongous regions: 3->3
[154.566s][info][gc,metaspace   ] GC(272) Metaspace: 18023K(18688K)->18023K(18688K) NonClass: 15968K(16384K)->15968K(16384K) Class: 2054K(2304K)->2054K(2304K)
[154.566s][info][gc             ] GC(272) Pause Young (Normal) (G1 Evacuation Pause) 1234M->31M(2048M) 11.582ms
[154.566s][info][gc,cpu         ] GC(272) User=0.02s Sys=0.00s Real=0.01s
[155.140s][info][gc,start       ] GC(273) Pause Young (Normal) (G1 Evacuation Pause)
[155.140s][info][gc,task        ] GC(273) Using 6 workers of 6 for evacuation
[155.150s][info][gc,phases      ] GC(273)   Pre Evacuate Collection Set: 0.1ms
[155.150s][info][gc,phases      ] GC(273)   Evacuate Collection Set: 9.0ms
[155.150s][info][gc,phases      ] GC(273)   Post Evacuate Collection Set: 1.0ms
[155.150s][info][gc,phases      ] GC(273)   Other: 0.4ms
[155.150s][info][gc,heap        ] GC(273) Eden regions: 1203->0(1199)
[155.150s][info][gc,heap        ] GC(273) Survivor regions: 25->29(154)
[155.150s][info][gc,heap        ] GC(273) Old regions: 6->6
[155.150s][info][gc,heap        ] GC(273) Humongous regions: 3->3
[155.150s][info][gc,metaspace   ] GC(273) Metaspace: 18023K(18688K)->18023K(18688K) NonClass: 15968K(16384K)->15968K(16384K) Class: 2054K(2304K)->2054K(2304K)
[155.150s][info][gc             ] GC(273) Pause Young (Normal) (G1 Evacuation Pause) 1234M->35M(2048M) 10.540ms
[155.150s][info][gc,cpu         ] GC(273) User=0.02s Sys=0.00s Real=0.02s
[155.998s][info][gc,task        ] GC(274) Using 6 workers of 6 for full compaction
[155.998s][info][gc,start       ] GC(274) Pause Full (System.gc())
[155.998s][info][gc,phases,start] GC(274) Phase 1: Mark live objects
[156.001s][info][gc,stringtable ] GC(274) Cleaned string and symbol table, strings: 5674 processed, 0 removed, symbols: 53749 processed, 0 removed
[156.001s][info][gc,phases      ] GC(274) Phase 1: Mark live objects 2.582ms
[156.001s][info][gc,phases,start] GC(274) Phase 2: Prepare for compaction
[156.003s][info][gc,phases      ] GC(274) Phase 2: Prepare for compaction 2.092ms
[156.003s][info][gc,phases,start] GC(274) Phase 3: Adjust pointers
[156.005s][info][gc,phases      ] GC(274) Phase 3: Adjust pointers 2.110ms
[156.005s][info][gc,phases,start] GC(274) Phase 4: Compact heap
[156.007s][info][gc,phases      ] GC(274) Phase 4: Compact heap 1.695ms
[156.009s][info][gc,heap        ] GC(274) Eden regions: 1149->0(1228)
[156.009s][info][gc,heap        ] GC(274) Survivor regions: 29->0(154)
[156.009s][info][gc,heap        ] GC(274) Old regions: 6->6
[156.009s][info][gc,heap        ] GC(274) Humongous regions: 22->0
[156.009s][info][gc,metaspace   ] GC(274) Metaspace: 18023K(18688K)->18023K(18688K) NonClass: 15968K(16384K)->15968K(16384K) Class: 2054K(2304K)->2054K(2304K)
[156.009s][info][gc             ] GC(274) Pause Full (System.gc()) 1203M->3M(2048M) 10.802ms
[156.009s][info][gc,cpu         ] GC(274) User=0.00s Sys=0.00s Real=0.00s
[156.508s][info][gc,start       ] GC(275) Pause Young (Normal) (G1 Evacuation Pause)
[156.508s][info][gc,task        ] GC(275) Using 6 workers of 6 for evacuation
[156.512s][info][gc,phases      ] GC(275)   Pre Evacuate Collection Set: 0.0ms
[156.512s][info][gc,phases      ] GC(275)   Evacuate Collection Set: 2.4ms
[156.512s][info][gc,phases      ] GC(275)   Post Evacuate Collection Set: 1.0ms
[156.512s][info][gc,phases      ] GC(275)   Other: 0.3ms
[156.512s][info][gc,heap        ] GC(275) Eden regions: 1228->0(1223)
[156.512s][info][gc,heap        ] GC(275) Survivor regions: 0->5(154)
[156.512s][info][gc,heap        ] GC(275) Old regions: 6->6
[156.512s][info][gc,heap        ] GC(275) Humongous regions: 0->0
[156.512s][info][gc,metaspace   ] GC(275) Metaspace: 18023K(18688K)->18023K(18688K) NonClass: 15968K(16384K)->15968K(16384K) Class: 2054K(2304K)->2054K(2304K)
[156.512s][info][gc             ] GC(275) Pause Young (Normal) (G1 Evacuation Pause) 1231M->8M(2048M) 3.825ms
[156.512s][info][gc,cpu         ] GC(275) User=0.00s Sys=0.00s Real=0.00s
[156.935s][info][gc,start       ] GC(276) Pause Young (Normal) (G1 Evacuation Pause)
[156.935s][info][gc,task        ] GC(276) Using 6 workers of 6 for evacuation
[156.940s][info][gc,phases      ] GC(276)   Pre Evacuate Collection Set: 0.0ms
[156.940s][info][gc,phases      ] GC(276)   Evacuate Collection Set: 3.3ms
[156.940s][info][gc,phases      ] GC(276)   Post Evacuate Collection Set: 0.9ms
[156.940s][info][gc,phases      ] GC(276)   Other: 0.2ms
[156.940s][info][gc,heap        ] GC(276) Eden regions: 1223->0(1220)
[156.940s][info][gc,heap        ] GC(276) Survivor regions: 5->8(154)
[156.940s][info][gc,heap        ] GC(276) Old regions: 6->6
[156.940s][info][gc,heap        ] GC(276) Humongous regions: 0->0
[156.940s][info][gc,metaspace   ] GC(276) Metaspace: 18023K(18688K)->18023K(18688K) NonClass: 15968K(16384K)->15968K(16384K) Class: 2054K(2304K)->2054K(2304K)
[156.940s][info][gc             ] GC(276) Pause Young (Normal) (G1 Evacuation Pause) 1231M->11M(2048M) 4.556ms
[156.940s][info][gc,cpu         ] GC(276) User=0.02s Sys=0.00s Real=0.01s
[157.459s][info][gc,start       ] GC(277) Pause Young (Normal) (G1 Evacuation Pause)
[157.459s][info][gc,task        ] GC(277) Using 6 workers of 6 for evacuation
[157.466s][info][gc,phases      ] GC(277)   Pre Evacuate Collection Set: 0.0ms
[157.466s][info][gc,phases      ] GC(277)   Evacuate Collection Set: 5.1ms
[157.466s][info][gc,phases      ] GC(277)   Post Evacuate Collection Set: 1.3ms
[157.466s][info][gc,phases      ] GC(277)   Other: 0.3ms
[157.466s][info][gc,heap        ] GC(277) Eden regions: 1220->0(1216)
[157.466s][info][gc,heap        ] GC(277) Survivor regions: 8->12(154)
[157.466s][info][gc,heap        ] GC(277) Old regions: 6->6
[157.466s][info][gc,heap        ] GC(277) Humongous regions: 0->0
[157.466s][info][gc,metaspace   ] GC(277) Metaspace: 18023K(18688K)->18023K(18688K) NonClass: 15968K(16384K)->15968K(16384K) Class: 2054K(2304K)->2054K(2304K)
[157.466s][info][gc             ] GC(277) Pause Young (Normal) (G1 Evacuation Pause) 1231M->15M(2048M) 6.816ms
[157.466s][info][gc,cpu         ] GC(277) User=0.00s Sys=0.00s Real=0.00s
[158.073s][info][gc,start       ] GC(278) Pause Young (Normal) (G1 Evacuation Pause)
[158.073s][info][gc,task        ] GC(278) Using 6 workers of 6 for evacuation
[158.085s][info][gc,phases      ] GC(278)   Pre Evacuate Collection Set: 0.0ms
[158.085s][info][gc,phases      ] GC(278)   Evacuate Collection Set: 10.7ms
[158.085s][info][gc,phases      ] GC(278)   Post Evacuate Collection Set: 0.8ms
[158.085s][info][gc,phases      ] GC(278)   Other: 0.4ms
[158.085s][info][gc,heap        ] GC(278) Eden regions: 1216->0(1203)
[158.085s][info][gc,heap        ] GC(278) Survivor regions: 12->25(154)
[158.085s][info][gc,heap        ] GC(278) Old regions: 6->6
[158.085s][info][gc,heap        ] GC(278) Humongous regions: 3->3
[158.085s][info][gc,metaspace   ] GC(278) Metaspace: 18023K(18688K)->18023K(18688K) NonClass: 15968K(16384K)->15968K(16384K) Class: 2054K(2304K)->2054K(2304K)
[158.085s][info][gc             ] GC(278) Pause Young (Normal) (G1 Evacuation Pause) 1234M->31M(2048M) 12.068ms
[158.085s][info][gc,cpu         ] GC(278) User=0.02s Sys=0.00s Real=0.02s
[158.659s][info][gc,start       ] GC(279) Pause Young (Normal) (G1 Evacuation Pause)
[158.660s][info][gc,task        ] GC(279) Using 6 workers of 6 for evacuation
[158.670s][info][gc,phases      ] GC(279)   Pre Evacuate Collection Set: 0.0ms
[158.670s][info][gc,phases      ] GC(279)   Evacuate Collection Set: 9.1ms
[158.670s][info][gc,phases      ] GC(279)   Post Evacuate Collection Set: 1.0ms
[158.670s][info][gc,phases      ] GC(279)   Other: 0.4ms
[158.670s][info][gc,heap        ] GC(279) Eden regions: 1203->0(1198)
[158.670s][info][gc,heap        ] GC(279) Survivor regions: 25->30(154)
[158.670s][info][gc,heap        ] GC(279) Old regions: 6->6
[158.670s][info][gc,heap        ] GC(279) Humongous regions: 3->3
[158.670s][info][gc,metaspace   ] GC(279) Metaspace: 18023K(18688K)->18023K(18688K) NonClass: 15968K(16384K)->15968K(16384K) Class: 2054K(2304K)->2054K(2304K)
[158.670s][info][gc             ] GC(279) Pause Young (Normal) (G1 Evacuation Pause) 1234M->36M(2048M) 10.603ms
[158.670s][info][gc,cpu         ] GC(279) User=0.02s Sys=0.00s Real=0.02s
[159.518s][info][gc,task        ] GC(280) Using 6 workers of 6 for full compaction
[159.518s][info][gc,start       ] GC(280) Pause Full (System.gc())
[159.518s][info][gc,phases,start] GC(280) Phase 1: Mark live objects
[159.520s][info][gc,stringtable ] GC(280) Cleaned string and symbol table, strings: 5674 processed, 0 removed, symbols: 53749 processed, 0 removed
[159.520s][info][gc,phases      ] GC(280) Phase 1: Mark live objects 2.197ms
[159.520s][info][gc,phases,start] GC(280) Phase 2: Prepare for compaction
[159.522s][info][gc,phases      ] GC(280) Phase 2: Prepare for compaction 1.961ms
[159.522s][info][gc,phases,start] GC(280) Phase 3: Adjust pointers
[159.524s][info][gc,phases      ] GC(280) Phase 3: Adjust pointers 1.851ms
[159.524s][info][gc,phases,start] GC(280) Phase 4: Compact heap
[159.526s][info][gc,phases      ] GC(280) Phase 4: Compact heap 2.318ms
[159.528s][info][gc,heap        ] GC(280) Eden regions: 1149->0(1228)
[159.528s][info][gc,heap        ] GC(280) Survivor regions: 30->0(154)
[159.528s][info][gc,heap        ] GC(280) Old regions: 6->5
[159.528s][info][gc,heap        ] GC(280) Humongous regions: 22->0
[159.529s][info][gc,metaspace   ] GC(280) Metaspace: 18023K(18688K)->18023K(18688K) NonClass: 15968K(16384K)->15968K(16384K) Class: 2054K(2304K)->2054K(2304K)
[159.529s][info][gc             ] GC(280) Pause Full (System.gc()) 1204M->3M(2048M) 10.894ms
[159.529s][info][gc,cpu         ] GC(280) User=0.00s Sys=0.00s Real=0.02s
[159.914s][info][gc,start       ] GC(281) Pause Young (Normal) (G1 Evacuation Pause)
[159.914s][info][gc,task        ] GC(281) Using 6 workers of 6 for evacuation
[159.917s][info][gc,phases      ] GC(281)   Pre Evacuate Collection Set: 0.0ms
[159.917s][info][gc,phases      ] GC(281)   Evacuate Collection Set: 2.3ms
[159.917s][info][gc,phases      ] GC(281)   Post Evacuate Collection Set: 0.8ms
[159.917s][info][gc,phases      ] GC(281)   Other: 0.2ms
[159.917s][info][gc,heap        ] GC(281) Eden regions: 1228->0(1222)
[159.917s][info][gc,heap        ] GC(281) Survivor regions: 0->6(154)
[159.917s][info][gc,heap        ] GC(281) Old regions: 5->5
[159.917s][info][gc,heap        ] GC(281) Humongous regions: 0->0
[159.917s][info][gc,metaspace   ] GC(281) Metaspace: 18023K(18688K)->18023K(18688K) NonClass: 15968K(16384K)->15968K(16384K) Class: 2054K(2304K)->2054K(2304K)
[159.917s][info][gc             ] GC(281) Pause Young (Normal) (G1 Evacuation Pause) 1231M->9M(2048M) 3.427ms
[159.917s][info][gc,cpu         ] GC(281) User=0.00s Sys=0.00s Real=0.00s
[160.278s][info][gc,start       ] GC(282) Pause Young (Normal) (G1 Evacuation Pause)
[160.278s][info][gc,task        ] GC(282) Using 6 workers of 6 for evacuation
[160.282s][info][gc,phases      ] GC(282)   Pre Evacuate Collection Set: 0.0ms
[160.282s][info][gc,phases      ] GC(282)   Evacuate Collection Set: 2.9ms
[160.282s][info][gc,phases      ] GC(282)   Post Evacuate Collection Set: 0.9ms
[160.282s][info][gc,phases      ] GC(282)   Other: 0.2ms
[160.282s][info][gc,heap        ] GC(282) Eden regions: 1222->0(1220)
[160.282s][info][gc,heap        ] GC(282) Survivor regions: 6->8(154)
[160.282s][info][gc,heap        ] GC(282) Old regions: 5->5
[160.282s][info][gc,heap        ] GC(282) Humongous regions: 0->0
[160.282s][info][gc,metaspace   ] GC(282) Metaspace: 18023K(18688K)->18023K(18688K) NonClass: 15968K(16384K)->15968K(16384K) Class: 2054K(2304K)->2054K(2304K)
[160.282s][info][gc             ] GC(282) Pause Young (Normal) (G1 Evacuation Pause) 1231M->11M(2048M) 4.190ms
[160.282s][info][gc,cpu         ] GC(282) User=0.00s Sys=0.00s Real=0.02s
[160.836s][info][gc,start       ] GC(283) Pause Young (Normal) (G1 Evacuation Pause)
[160.836s][info][gc,task        ] GC(283) Using 6 workers of 6 for evacuation
[160.843s][info][gc,phases      ] GC(283)   Pre Evacuate Collection Set: 0.1ms
[160.843s][info][gc,phases      ] GC(283)   Evacuate Collection Set: 5.3ms
[160.843s][info][gc,phases      ] GC(283)   Post Evacuate Collection Set: 1.0ms
[160.843s][info][gc,phases      ] GC(283)   Other: 0.4ms
[160.843s][info][gc,heap        ] GC(283) Eden regions: 1220->0(1216)
[160.843s][info][gc,heap        ] GC(283) Survivor regions: 8->12(154)
[160.843s][info][gc,heap        ] GC(283) Old regions: 5->5
[160.843s][info][gc,heap        ] GC(283) Humongous regions: 0->0
[160.843s][info][gc,metaspace   ] GC(283) Metaspace: 18023K(18688K)->18023K(18688K) NonClass: 15968K(16384K)->15968K(16384K) Class: 2054K(2304K)->2054K(2304K)
[160.843s][info][gc             ] GC(283) Pause Young (Normal) (G1 Evacuation Pause) 1231M->15M(2048M) 6.816ms
[160.843s][info][gc,cpu         ] GC(283) User=0.00s Sys=0.00s Real=0.00s
[161.452s][info][gc,start       ] GC(284) Pause Young (Normal) (G1 Evacuation Pause)
[161.452s][info][gc,task        ] GC(284) Using 6 workers of 6 for evacuation
[161.465s][info][gc,phases      ] GC(284)   Pre Evacuate Collection Set: 0.0ms
[161.465s][info][gc,phases      ] GC(284)   Evacuate Collection Set: 10.9ms
[161.465s][info][gc,phases      ] GC(284)   Post Evacuate Collection Set: 1.2ms
[161.465s][info][gc,phases      ] GC(284)   Other: 0.2ms
[161.465s][info][gc,heap        ] GC(284) Eden regions: 1216->0(1203)
[161.465s][info][gc,heap        ] GC(284) Survivor regions: 12->25(154)
[161.465s][info][gc,heap        ] GC(284) Old regions: 5->5
[161.465s][info][gc,heap        ] GC(284) Humongous regions: 3->3
[161.465s][info][gc,metaspace   ] GC(284) Metaspace: 18023K(18688K)->18023K(18688K) NonClass: 15968K(16384K)->15968K(16384K) Class: 2054K(2304K)->2054K(2304K)
[161.465s][info][gc             ] GC(284) Pause Young (Normal) (G1 Evacuation Pause) 1234M->31M(2048M) 12.478ms
[161.465s][info][gc,cpu         ] GC(284) User=0.02s Sys=0.00s Real=0.02s
[162.039s][info][gc,start       ] GC(285) Pause Young (Normal) (G1 Evacuation Pause)
[162.039s][info][gc,task        ] GC(285) Using 6 workers of 6 for evacuation
[162.049s][info][gc,phases      ] GC(285)   Pre Evacuate Collection Set: 0.1ms
[162.049s][info][gc,phases      ] GC(285)   Evacuate Collection Set: 8.9ms
[162.049s][info][gc,phases      ] GC(285)   Post Evacuate Collection Set: 1.1ms
[162.049s][info][gc,phases      ] GC(285)   Other: 0.4ms
[162.049s][info][gc,heap        ] GC(285) Eden regions: 1203->0(1199)
[162.049s][info][gc,heap        ] GC(285) Survivor regions: 25->29(154)
[162.049s][info][gc,heap        ] GC(285) Old regions: 5->5
[162.049s][info][gc,heap        ] GC(285) Humongous regions: 3->3
[162.049s][info][gc,metaspace   ] GC(285) Metaspace: 18023K(18688K)->18023K(18688K) NonClass: 15968K(16384K)->15968K(16384K) Class: 2054K(2304K)->2054K(2304K)
[162.049s][info][gc             ] GC(285) Pause Young (Normal) (G1 Evacuation Pause) 1234M->35M(2048M) 10.540ms
[162.049s][info][gc,cpu         ] GC(285) User=0.02s Sys=0.00s Real=0.02s
[162.901s][info][gc,task        ] GC(286) Using 6 workers of 6 for full compaction
[162.901s][info][gc,start       ] GC(286) Pause Full (System.gc())
[162.901s][info][gc,phases,start] GC(286) Phase 1: Mark live objects
[162.903s][info][gc,stringtable ] GC(286) Cleaned string and symbol table, strings: 5674 processed, 0 removed, symbols: 53749 processed, 0 removed
[162.903s][info][gc,phases      ] GC(286) Phase 1: Mark live objects 2.354ms
[162.903s][info][gc,phases,start] GC(286) Phase 2: Prepare for compaction
[162.906s][info][gc,phases      ] GC(286) Phase 2: Prepare for compaction 2.435ms
[162.906s][info][gc,phases,start] GC(286) Phase 3: Adjust pointers
[162.908s][info][gc,phases      ] GC(286) Phase 3: Adjust pointers 1.788ms
[162.908s][info][gc,phases,start] GC(286) Phase 4: Compact heap
[162.910s][info][gc,phases      ] GC(286) Phase 4: Compact heap 2.090ms
[162.912s][info][gc,heap        ] GC(286) Eden regions: 1150->0(1228)
[162.912s][info][gc,heap        ] GC(286) Survivor regions: 29->0(154)
[162.912s][info][gc,heap        ] GC(286) Old regions: 5->5
[162.912s][info][gc,heap        ] GC(286) Humongous regions: 22->0
[162.912s][info][gc,metaspace   ] GC(286) Metaspace: 18023K(18688K)->18023K(18688K) NonClass: 15968K(16384K)->15968K(16384K) Class: 2054K(2304K)->2054K(2304K)
[162.912s][info][gc             ] GC(286) Pause Full (System.gc()) 1204M->3M(2048M) 11.147ms
[162.912s][info][gc,cpu         ] GC(286) User=0.00s Sys=0.00s Real=0.01s
[163.334s][info][gc,start       ] GC(287) Pause Young (Normal) (G1 Evacuation Pause)
[163.334s][info][gc,task        ] GC(287) Using 6 workers of 6 for evacuation
[163.337s][info][gc,phases      ] GC(287)   Pre Evacuate Collection Set: 0.0ms
[163.337s][info][gc,phases      ] GC(287)   Evacuate Collection Set: 2.2ms
[163.337s][info][gc,phases      ] GC(287)   Post Evacuate Collection Set: 0.9ms
[163.337s][info][gc,phases      ] GC(287)   Other: 0.2ms
[163.337s][info][gc,heap        ] GC(287) Eden regions: 1228->0(1222)
[163.337s][info][gc,heap        ] GC(287) Survivor regions: 0->6(154)
[163.337s][info][gc,heap        ] GC(287) Old regions: 5->5
[163.337s][info][gc,heap        ] GC(287) Humongous regions: 0->0
[163.337s][info][gc,metaspace   ] GC(287) Metaspace: 18023K(18688K)->18023K(18688K) NonClass: 15968K(16384K)->15968K(16384K) Class: 2054K(2304K)->2054K(2304K)
[163.337s][info][gc             ] GC(287) Pause Young (Normal) (G1 Evacuation Pause) 1231M->9M(2048M) 3.364ms
[163.337s][info][gc,cpu         ] GC(287) User=0.00s Sys=0.00s Real=0.00s
[163.820s][info][gc,start       ] GC(288) Pause Young (Normal) (G1 Evacuation Pause)
[163.820s][info][gc,task        ] GC(288) Using 6 workers of 6 for evacuation
[163.824s][info][gc,phases      ] GC(288)   Pre Evacuate Collection Set: 0.0ms
[163.824s][info][gc,phases      ] GC(288)   Evacuate Collection Set: 3.0ms
[163.824s][info][gc,phases      ] GC(288)   Post Evacuate Collection Set: 0.9ms
[163.824s][info][gc,phases      ] GC(288)   Other: 0.3ms
[163.824s][info][gc,heap        ] GC(288) Eden regions: 1222->0(1220)
[163.824s][info][gc,heap        ] GC(288) Survivor regions: 6->8(154)
[163.824s][info][gc,heap        ] GC(288) Old regions: 5->5
[163.824s][info][gc,heap        ] GC(288) Humongous regions: 0->0
[163.824s][info][gc,metaspace   ] GC(288) Metaspace: 18023K(18688K)->18023K(18688K) NonClass: 15968K(16384K)->15968K(16384K) Class: 2054K(2304K)->2054K(2304K)
[163.824s][info][gc             ] GC(288) Pause Young (Normal) (G1 Evacuation Pause) 1231M->11M(2048M) 4.336ms
[163.824s][info][gc,cpu         ] GC(288) User=0.00s Sys=0.00s Real=0.00s
[164.373s][info][gc,start       ] GC(289) Pause Young (Normal) (G1 Evacuation Pause)
[164.374s][info][gc,task        ] GC(289) Using 6 workers of 6 for evacuation
[164.380s][info][gc,phases      ] GC(289)   Pre Evacuate Collection Set: 0.0ms
[164.380s][info][gc,phases      ] GC(289)   Evacuate Collection Set: 5.2ms
[164.380s][info][gc,phases      ] GC(289)   Post Evacuate Collection Set: 1.0ms
[164.380s][info][gc,phases      ] GC(289)   Other: 0.3ms
[164.380s][info][gc,heap        ] GC(289) Eden regions: 1220->0(1216)
[164.380s][info][gc,heap        ] GC(289) Survivor regions: 8->12(154)
[164.380s][info][gc,heap        ] GC(289) Old regions: 5->5
[164.380s][info][gc,heap        ] GC(289) Humongous regions: 0->0
[164.380s][info][gc,metaspace   ] GC(289) Metaspace: 18023K(18688K)->18023K(18688K) NonClass: 15968K(16384K)->15968K(16384K) Class: 2054K(2304K)->2054K(2304K)
[164.380s][info][gc             ] GC(289) Pause Young (Normal) (G1 Evacuation Pause) 1231M->15M(2048M) 6.642ms
[164.380s][info][gc,cpu         ] GC(289) User=0.00s Sys=0.00s Real=0.00s
[164.988s][info][gc,start       ] GC(290) Pause Young (Normal) (G1 Evacuation Pause)
[164.989s][info][gc,task        ] GC(290) Using 6 workers of 6 for evacuation
[165.001s][info][gc,phases      ] GC(290)   Pre Evacuate Collection Set: 0.0ms
[165.001s][info][gc,phases      ] GC(290)   Evacuate Collection Set: 11.1ms
[165.001s][info][gc,phases      ] GC(290)   Post Evacuate Collection Set: 1.0ms
[165.001s][info][gc,phases      ] GC(290)   Other: 0.3ms
[165.001s][info][gc,heap        ] GC(290) Eden regions: 1216->0(1203)
[165.001s][info][gc,heap        ] GC(290) Survivor regions: 12->25(154)
[165.001s][info][gc,heap        ] GC(290) Old regions: 5->5
[165.001s][info][gc,heap        ] GC(290) Humongous regions: 3->3
[165.001s][info][gc,metaspace   ] GC(290) Metaspace: 18023K(18688K)->18023K(18688K) NonClass: 15968K(16384K)->15968K(16384K) Class: 2054K(2304K)->2054K(2304K)
[165.001s][info][gc             ] GC(290) Pause Young (Normal) (G1 Evacuation Pause) 1234M->31M(2048M) 12.575ms
[165.001s][info][gc,cpu         ] GC(290) User=0.02s Sys=0.00s Real=0.02s
[165.574s][info][gc,start       ] GC(291) Pause Young (Normal) (G1 Evacuation Pause)
[165.575s][info][gc,task        ] GC(291) Using 6 workers of 6 for evacuation
[165.584s][info][gc,phases      ] GC(291)   Pre Evacuate Collection Set: 0.0ms
[165.584s][info][gc,phases      ] GC(291)   Evacuate Collection Set: 8.6ms
[165.584s][info][gc,phases      ] GC(291)   Post Evacuate Collection Set: 1.0ms
[165.584s][info][gc,phases      ] GC(291)   Other: 0.2ms
[165.584s][info][gc,heap        ] GC(291) Eden regions: 1203->0(1199)
[165.584s][info][gc,heap        ] GC(291) Survivor regions: 25->29(154)
[165.584s][info][gc,heap        ] GC(291) Old regions: 5->5
[165.584s][info][gc,heap        ] GC(291) Humongous regions: 3->3
[165.584s][info][gc,metaspace   ] GC(291) Metaspace: 18023K(18688K)->18023K(18688K) NonClass: 15968K(16384K)->15968K(16384K) Class: 2054K(2304K)->2054K(2304K)
[165.584s][info][gc             ] GC(291) Pause Young (Normal) (G1 Evacuation Pause) 1234M->35M(2048M) 9.957ms
[165.584s][info][gc,cpu         ] GC(291) User=0.00s Sys=0.00s Real=0.00s
[166.434s][info][gc,task        ] GC(292) Using 6 workers of 6 for full compaction
[166.434s][info][gc,start       ] GC(292) Pause Full (System.gc())
[166.435s][info][gc,phases,start] GC(292) Phase 1: Mark live objects
[166.437s][info][gc,stringtable ] GC(292) Cleaned string and symbol table, strings: 5674 processed, 0 removed, symbols: 53749 processed, 0 removed
[166.437s][info][gc,phases      ] GC(292) Phase 1: Mark live objects 2.406ms
[166.437s][info][gc,phases,start] GC(292) Phase 2: Prepare for compaction
[166.439s][info][gc,phases      ] GC(292) Phase 2: Prepare for compaction 2.227ms
[166.439s][info][gc,phases,start] GC(292) Phase 3: Adjust pointers
[166.441s][info][gc,phases      ] GC(292) Phase 3: Adjust pointers 1.776ms
[166.441s][info][gc,phases,start] GC(292) Phase 4: Compact heap
[166.443s][info][gc,phases      ] GC(292) Phase 4: Compact heap 1.998ms
[166.445s][info][gc,heap        ] GC(292) Eden regions: 1151->0(1228)
[166.445s][info][gc,heap        ] GC(292) Survivor regions: 29->0(154)
[166.445s][info][gc,heap        ] GC(292) Old regions: 5->5
[166.445s][info][gc,heap        ] GC(292) Humongous regions: 22->0
[166.445s][info][gc,metaspace   ] GC(292) Metaspace: 18035K(18688K)->18035K(18688K) NonClass: 15981K(16384K)->15981K(16384K) Class: 2054K(2304K)->2054K(2304K)
[166.445s][info][gc             ] GC(292) Pause Full (System.gc()) 1204M->3M(2048M) 10.846ms
[166.445s][info][gc,cpu         ] GC(292) User=0.02s Sys=0.00s Real=0.02s
[166.845s][info][gc,start       ] GC(293) Pause Young (Normal) (G1 Evacuation Pause)
[166.845s][info][gc,task        ] GC(293) Using 6 workers of 6 for evacuation
[166.848s][info][gc,phases      ] GC(293)   Pre Evacuate Collection Set: 0.0ms
[166.848s][info][gc,phases      ] GC(293)   Evacuate Collection Set: 2.1ms
[166.848s][info][gc,phases      ] GC(293)   Post Evacuate Collection Set: 0.8ms
[166.848s][info][gc,phases      ] GC(293)   Other: 0.3ms
[166.848s][info][gc,heap        ] GC(293) Eden regions: 1228->0(1223)
[166.848s][info][gc,heap        ] GC(293) Survivor regions: 0->5(154)
[166.848s][info][gc,heap        ] GC(293) Old regions: 5->5
[166.848s][info][gc,heap        ] GC(293) Humongous regions: 0->0
[166.848s][info][gc,metaspace   ] GC(293) Metaspace: 18048K(18688K)->18048K(18688K) NonClass: 15994K(16384K)->15994K(16384K) Class: 2054K(2304K)->2054K(2304K)
[166.848s][info][gc             ] GC(293) Pause Young (Normal) (G1 Evacuation Pause) 1231M->8M(2048M) 3.389ms
[166.848s][info][gc,cpu         ] GC(293) User=0.02s Sys=0.00s Real=0.02s
[167.242s][info][gc,start       ] GC(294) Pause Young (Normal) (G1 Evacuation Pause)
[167.242s][info][gc,task        ] GC(294) Using 6 workers of 6 for evacuation
[167.247s][info][gc,phases      ] GC(294)   Pre Evacuate Collection Set: 0.0ms
[167.247s][info][gc,phases      ] GC(294)   Evacuate Collection Set: 3.3ms
[167.247s][info][gc,phases      ] GC(294)   Post Evacuate Collection Set: 1.0ms
[167.247s][info][gc,phases      ] GC(294)   Other: 0.2ms
[167.247s][info][gc,heap        ] GC(294) Eden regions: 1223->0(1220)
[167.247s][info][gc,heap        ] GC(294) Survivor regions: 5->8(154)
[167.247s][info][gc,heap        ] GC(294) Old regions: 5->5
[167.247s][info][gc,heap        ] GC(294) Humongous regions: 0->0
[167.247s][info][gc,metaspace   ] GC(294) Metaspace: 18048K(18688K)->18048K(18688K) NonClass: 15994K(16384K)->15994K(16384K) Class: 2054K(2304K)->2054K(2304K)
[167.247s][info][gc             ] GC(294) Pause Young (Normal) (G1 Evacuation Pause) 1231M->11M(2048M) 4.669ms
[167.247s][info][gc,cpu         ] GC(294) User=0.00s Sys=0.00s Real=0.00s
[167.756s][info][gc,start       ] GC(295) Pause Young (Normal) (G1 Evacuation Pause)
[167.756s][info][gc,task        ] GC(295) Using 6 workers of 6 for evacuation
[167.763s][info][gc,phases      ] GC(295)   Pre Evacuate Collection Set: 0.0ms
[167.763s][info][gc,phases      ] GC(295)   Evacuate Collection Set: 5.3ms
[167.763s][info][gc,phases      ] GC(295)   Post Evacuate Collection Set: 1.1ms
[167.763s][info][gc,phases      ] GC(295)   Other: 0.2ms
[167.763s][info][gc,heap        ] GC(295) Eden regions: 1220->0(1216)
[167.763s][info][gc,heap        ] GC(295) Survivor regions: 8->12(154)
[167.763s][info][gc,heap        ] GC(295) Old regions: 5->5
[167.763s][info][gc,heap        ] GC(295) Humongous regions: 0->0
[167.763s][info][gc,metaspace   ] GC(295) Metaspace: 18048K(18688K)->18048K(18688K) NonClass: 15994K(16384K)->15994K(16384K) Class: 2054K(2304K)->2054K(2304K)
[167.763s][info][gc             ] GC(295) Pause Young (Normal) (G1 Evacuation Pause) 1231M->15M(2048M) 6.776ms
[167.763s][info][gc,cpu         ] GC(295) User=0.02s Sys=0.00s Real=0.02s
[168.371s][info][gc,start       ] GC(296) Pause Young (Normal) (G1 Evacuation Pause)
[168.371s][info][gc,task        ] GC(296) Using 6 workers of 6 for evacuation
[168.382s][info][gc,phases      ] GC(296)   Pre Evacuate Collection Set: 0.0ms
[168.382s][info][gc,phases      ] GC(296)   Evacuate Collection Set: 10.3ms
[168.382s][info][gc,phases      ] GC(296)   Post Evacuate Collection Set: 0.9ms
[168.382s][info][gc,phases      ] GC(296)   Other: 0.3ms
[168.382s][info][gc,heap        ] GC(296) Eden regions: 1216->0(1203)
[168.382s][info][gc,heap        ] GC(296) Survivor regions: 12->25(154)
[168.382s][info][gc,heap        ] GC(296) Old regions: 5->5
[168.382s][info][gc,heap        ] GC(296) Humongous regions: 3->3
[168.382s][info][gc,metaspace   ] GC(296) Metaspace: 18048K(18688K)->18048K(18688K) NonClass: 15994K(16384K)->15994K(16384K) Class: 2054K(2304K)->2054K(2304K)
[168.382s][info][gc             ] GC(296) Pause Young (Normal) (G1 Evacuation Pause) 1234M->31M(2048M) 11.665ms
[168.382s][info][gc,cpu         ] GC(296) User=0.00s Sys=0.00s Real=0.00s
[168.957s][info][gc,start       ] GC(297) Pause Young (Normal) (G1 Evacuation Pause)
[168.958s][info][gc,task        ] GC(297) Using 6 workers of 6 for evacuation
[168.968s][info][gc,phases      ] GC(297)   Pre Evacuate Collection Set: 0.0ms
[168.968s][info][gc,phases      ] GC(297)   Evacuate Collection Set: 9.0ms
[168.968s][info][gc,phases      ] GC(297)   Post Evacuate Collection Set: 0.9ms
[168.968s][info][gc,phases      ] GC(297)   Other: 0.3ms
[168.968s][info][gc,heap        ] GC(297) Eden regions: 1203->0(1199)
[168.968s][info][gc,heap        ] GC(297) Survivor regions: 25->29(154)
[168.968s][info][gc,heap        ] GC(297) Old regions: 5->5
[168.968s][info][gc,heap        ] GC(297) Humongous regions: 3->3
[168.968s][info][gc,metaspace   ] GC(297) Metaspace: 18048K(18688K)->18048K(18688K) NonClass: 15994K(16384K)->15994K(16384K) Class: 2054K(2304K)->2054K(2304K)
[168.968s][info][gc             ] GC(297) Pause Young (Normal) (G1 Evacuation Pause) 1234M->35M(2048M) 10.379ms
[168.968s][info][gc,cpu         ] GC(297) User=0.02s Sys=0.00s Real=0.02s
[169.819s][info][gc,task        ] GC(298) Using 6 workers of 6 for full compaction
[169.819s][info][gc,start       ] GC(298) Pause Full (System.gc())
[169.820s][info][gc,phases,start] GC(298) Phase 1: Mark live objects
[169.822s][info][gc,stringtable ] GC(298) Cleaned string and symbol table, strings: 5676 processed, 0 removed, symbols: 53749 processed, 0 removed
[169.822s][info][gc,phases      ] GC(298) Phase 1: Mark live objects 2.508ms
[169.822s][info][gc,phases,start] GC(298) Phase 2: Prepare for compaction
[169.825s][info][gc,phases      ] GC(298) Phase 2: Prepare for compaction 2.373ms
[169.825s][info][gc,phases,start] GC(298) Phase 3: Adjust pointers
[169.826s][info][gc,phases      ] GC(298) Phase 3: Adjust pointers 1.750ms
[169.826s][info][gc,phases,start] GC(298) Phase 4: Compact heap
[169.828s][info][gc,phases      ] GC(298) Phase 4: Compact heap 1.800ms
[169.830s][info][gc,heap        ] GC(298) Eden regions: 1149->0(1228)
[169.830s][info][gc,heap        ] GC(298) Survivor regions: 29->0(154)
[169.830s][info][gc,heap        ] GC(298) Old regions: 5->7
[169.830s][info][gc,heap        ] GC(298) Humongous regions: 22->0
[169.830s][info][gc,metaspace   ] GC(298) Metaspace: 18048K(18688K)->18048K(18688K) NonClass: 15994K(16384K)->15994K(16384K) Class: 2054K(2304K)->2054K(2304K)
[169.830s][info][gc             ] GC(298) Pause Full (System.gc()) 1203M->3M(2048M) 10.727ms
[169.830s][info][gc,cpu         ] GC(298) User=0.00s Sys=0.00s Real=0.02s
[170.324s][info][gc,start       ] GC(299) Pause Young (Normal) (G1 Evacuation Pause)
[170.324s][info][gc,task        ] GC(299) Using 6 workers of 6 for evacuation
[170.327s][info][gc,phases      ] GC(299)   Pre Evacuate Collection Set: 0.0ms
[170.327s][info][gc,phases      ] GC(299)   Evacuate Collection Set: 2.0ms
[170.327s][info][gc,phases      ] GC(299)   Post Evacuate Collection Set: 0.9ms
[170.327s][info][gc,phases      ] GC(299)   Other: 0.2ms
[170.327s][info][gc,heap        ] GC(299) Eden regions: 1228->0(1223)
[170.327s][info][gc,heap        ] GC(299) Survivor regions: 0->5(154)
[170.327s][info][gc,heap        ] GC(299) Old regions: 7->7
[170.327s][info][gc,heap        ] GC(299) Humongous regions: 0->0
[170.327s][info][gc,metaspace   ] GC(299) Metaspace: 18048K(18688K)->18048K(18688K) NonClass: 15994K(16384K)->15994K(16384K) Class: 2054K(2304K)->2054K(2304K)
[170.327s][info][gc             ] GC(299) Pause Young (Normal) (G1 Evacuation Pause) 1231M->8M(2048M) 3.237ms
[170.327s][info][gc,cpu         ] GC(299) User=0.00s Sys=0.00s Real=0.00s
[170.778s][info][gc,start       ] GC(300) Pause Young (Normal) (G1 Evacuation Pause)
[170.778s][info][gc,task        ] GC(300) Using 6 workers of 6 for evacuation
[170.782s][info][gc,phases      ] GC(300)   Pre Evacuate Collection Set: 0.0ms
[170.782s][info][gc,phases      ] GC(300)   Evacuate Collection Set: 3.2ms
[170.783s][info][gc,phases      ] GC(300)   Post Evacuate Collection Set: 0.9ms
[170.783s][info][gc,phases      ] GC(300)   Other: 0.2ms
[170.783s][info][gc,heap        ] GC(300) Eden regions: 1223->0(1220)
[170.783s][info][gc,heap        ] GC(300) Survivor regions: 5->8(154)
[170.783s][info][gc,heap        ] GC(300) Old regions: 7->7
[170.783s][info][gc,heap        ] GC(300) Humongous regions: 0->0
[170.783s][info][gc,metaspace   ] GC(300) Metaspace: 18048K(18688K)->18048K(18688K) NonClass: 15994K(16384K)->15994K(16384K) Class: 2054K(2304K)->2054K(2304K)
[170.783s][info][gc             ] GC(300) Pause Young (Normal) (G1 Evacuation Pause) 1231M->11M(2048M) 4.452ms
[170.783s][info][gc,cpu         ] GC(300) User=0.00s Sys=0.00s Real=0.00s
[171.335s][info][gc,start       ] GC(301) Pause Young (Normal) (G1 Evacuation Pause)
[171.335s][info][gc,task        ] GC(301) Using 6 workers of 6 for evacuation
[171.342s][info][gc,phases      ] GC(301)   Pre Evacuate Collection Set: 0.1ms
[171.342s][info][gc,phases      ] GC(301)   Evacuate Collection Set: 5.3ms
[171.342s][info][gc,phases      ] GC(301)   Post Evacuate Collection Set: 1.0ms
[171.342s][info][gc,phases      ] GC(301)   Other: 0.3ms
[171.342s][info][gc,heap        ] GC(301) Eden regions: 1220->0(1216)
[171.342s][info][gc,heap        ] GC(301) Survivor regions: 8->12(154)
[171.342s][info][gc,heap        ] GC(301) Old regions: 7->7
[171.342s][info][gc,heap        ] GC(301) Humongous regions: 0->0
[171.342s][info][gc,metaspace   ] GC(301) Metaspace: 18048K(18688K)->18048K(18688K) NonClass: 15994K(16384K)->15994K(16384K) Class: 2054K(2304K)->2054K(2304K)
[171.342s][info][gc             ] GC(301) Pause Young (Normal) (G1 Evacuation Pause) 1231M->15M(2048M) 6.742ms
[171.342s][info][gc,cpu         ] GC(301) User=0.02s Sys=0.00s Real=0.02s
[171.949s][info][gc,start       ] GC(302) Pause Young (Normal) (G1 Evacuation Pause)
[171.949s][info][gc,task        ] GC(302) Using 6 workers of 6 for evacuation
[171.961s][info][gc,phases      ] GC(302)   Pre Evacuate Collection Set: 0.0ms
[171.961s][info][gc,phases      ] GC(302)   Evacuate Collection Set: 10.5ms
[171.961s][info][gc,phases      ] GC(302)   Post Evacuate Collection Set: 0.9ms
[171.961s][info][gc,phases      ] GC(302)   Other: 0.2ms
[171.961s][info][gc,heap        ] GC(302) Eden regions: 1216->0(1203)
[171.961s][info][gc,heap        ] GC(302) Survivor regions: 12->25(154)
[171.961s][info][gc,heap        ] GC(302) Old regions: 7->7
[171.961s][info][gc,heap        ] GC(302) Humongous regions: 3->3
[171.961s][info][gc,metaspace   ] GC(302) Metaspace: 18048K(18688K)->18048K(18688K) NonClass: 15994K(16384K)->15994K(16384K) Class: 2054K(2304K)->2054K(2304K)
[171.961s][info][gc             ] GC(302) Pause Young (Normal) (G1 Evacuation Pause) 1234M->31M(2048M) 11.788ms
[171.961s][info][gc,cpu         ] GC(302) User=0.08s Sys=0.00s Real=0.02s
[172.536s][info][gc,start       ] GC(303) Pause Young (Normal) (G1 Evacuation Pause)
[172.536s][info][gc,task        ] GC(303) Using 6 workers of 6 for evacuation
[172.546s][info][gc,phases      ] GC(303)   Pre Evacuate Collection Set: 0.1ms
[172.546s][info][gc,phases      ] GC(303)   Evacuate Collection Set: 8.9ms
[172.546s][info][gc,phases      ] GC(303)   Post Evacuate Collection Set: 1.0ms
[172.546s][info][gc,phases      ] GC(303)   Other: 0.4ms
[172.546s][info][gc,heap        ] GC(303) Eden regions: 1203->0(1199)
[172.546s][info][gc,heap        ] GC(303) Survivor regions: 25->29(154)
[172.546s][info][gc,heap        ] GC(303) Old regions: 7->7
[172.546s][info][gc,heap        ] GC(303) Humongous regions: 3->3
[172.546s][info][gc,metaspace   ] GC(303) Metaspace: 18048K(18688K)->18048K(18688K) NonClass: 15994K(16384K)->15994K(16384K) Class: 2054K(2304K)->2054K(2304K)
[172.546s][info][gc             ] GC(303) Pause Young (Normal) (G1 Evacuation Pause) 1234M->35M(2048M) 10.429ms
[172.546s][info][gc,cpu         ] GC(303) User=0.00s Sys=0.00s Real=0.00s
[173.393s][info][gc,task        ] GC(304) Using 6 workers of 6 for full compaction
[173.394s][info][gc,start       ] GC(304) Pause Full (System.gc())
[173.394s][info][gc,phases,start] GC(304) Phase 1: Mark live objects
[173.396s][info][gc,stringtable ] GC(304) Cleaned string and symbol table, strings: 5676 processed, 0 removed, symbols: 53749 processed, 0 removed
[173.396s][info][gc,phases      ] GC(304) Phase 1: Mark live objects 2.657ms
[173.396s][info][gc,phases,start] GC(304) Phase 2: Prepare for compaction
[173.399s][info][gc,phases      ] GC(304) Phase 2: Prepare for compaction 2.085ms
[173.399s][info][gc,phases,start] GC(304) Phase 3: Adjust pointers
[173.400s][info][gc,phases      ] GC(304) Phase 3: Adjust pointers 1.755ms
[173.400s][info][gc,phases,start] GC(304) Phase 4: Compact heap
[173.403s][info][gc,phases      ] GC(304) Phase 4: Compact heap 2.212ms
[173.405s][info][gc,heap        ] GC(304) Eden regions: 1149->0(1228)
[173.405s][info][gc,heap        ] GC(304) Survivor regions: 29->0(154)
[173.405s][info][gc,heap        ] GC(304) Old regions: 7->6
[173.405s][info][gc,heap        ] GC(304) Humongous regions: 22->0
[173.405s][info][gc,metaspace   ] GC(304) Metaspace: 18048K(18688K)->18048K(18688K) NonClass: 15994K(16384K)->15994K(16384K) Class: 2054K(2304K)->2054K(2304K)
[173.405s][info][gc             ] GC(304) Pause Full (System.gc()) 1203M->3M(2048M) 11.091ms
[173.405s][info][gc,cpu         ] GC(304) User=0.02s Sys=0.00s Real=0.02s
[173.779s][info][gc,start       ] GC(305) Pause Young (Normal) (G1 Evacuation Pause)
[173.779s][info][gc,task        ] GC(305) Using 6 workers of 6 for evacuation
[173.782s][info][gc,phases      ] GC(305)   Pre Evacuate Collection Set: 0.0ms
[173.782s][info][gc,phases      ] GC(305)   Evacuate Collection Set: 2.2ms
[173.782s][info][gc,phases      ] GC(305)   Post Evacuate Collection Set: 0.8ms
[173.782s][info][gc,phases      ] GC(305)   Other: 0.2ms
[173.782s][info][gc,heap        ] GC(305) Eden regions: 1228->0(1223)
[173.782s][info][gc,heap        ] GC(305) Survivor regions: 0->5(154)
[173.782s][info][gc,heap        ] GC(305) Old regions: 6->6
[173.782s][info][gc,heap        ] GC(305) Humongous regions: 0->0
[173.782s][info][gc,metaspace   ] GC(305) Metaspace: 18048K(18688K)->18048K(18688K) NonClass: 15994K(16384K)->15994K(16384K) Class: 2054K(2304K)->2054K(2304K)
[173.782s][info][gc             ] GC(305) Pause Young (Normal) (G1 Evacuation Pause) 1231M->8M(2048M) 3.300ms
[173.782s][info][gc,cpu         ] GC(305) User=0.00s Sys=0.00s Real=0.00s
[174.133s][info][gc,start       ] GC(306) Pause Young (Normal) (G1 Evacuation Pause)
[174.133s][info][gc,task        ] GC(306) Using 6 workers of 6 for evacuation
[174.137s][info][gc,phases      ] GC(306)   Pre Evacuate Collection Set: 0.0ms
[174.137s][info][gc,phases      ] GC(306)   Evacuate Collection Set: 3.2ms
[174.137s][info][gc,phases      ] GC(306)   Post Evacuate Collection Set: 0.9ms
[174.137s][info][gc,phases      ] GC(306)   Other: 0.2ms
[174.137s][info][gc,heap        ] GC(306) Eden regions: 1223->0(1220)
[174.137s][info][gc,heap        ] GC(306) Survivor regions: 5->8(154)
[174.137s][info][gc,heap        ] GC(306) Old regions: 6->6
[174.137s][info][gc,heap        ] GC(306) Humongous regions: 0->0
[174.137s][info][gc,metaspace   ] GC(306) Metaspace: 18048K(18688K)->18048K(18688K) NonClass: 15994K(16384K)->15994K(16384K) Class: 2054K(2304K)->2054K(2304K)
[174.137s][info][gc             ] GC(306) Pause Young (Normal) (G1 Evacuation Pause) 1231M->11M(2048M) 4.510ms
[174.137s][info][gc,cpu         ] GC(306) User=0.00s Sys=0.00s Real=0.01s
[174.643s][info][gc,start       ] GC(307) Pause Young (Normal) (G1 Evacuation Pause)
[174.643s][info][gc,task        ] GC(307) Using 6 workers of 6 for evacuation
[174.650s][info][gc,phases      ] GC(307)   Pre Evacuate Collection Set: 0.1ms
[174.650s][info][gc,phases      ] GC(307)   Evacuate Collection Set: 5.4ms
[174.650s][info][gc,phases      ] GC(307)   Post Evacuate Collection Set: 1.0ms
[174.650s][info][gc,phases      ] GC(307)   Other: 0.4ms
[174.650s][info][gc,heap        ] GC(307) Eden regions: 1220->0(1216)
[174.650s][info][gc,heap        ] GC(307) Survivor regions: 8->12(154)
[174.650s][info][gc,heap        ] GC(307) Old regions: 6->6
[174.650s][info][gc,heap        ] GC(307) Humongous regions: 0->0
[174.650s][info][gc,metaspace   ] GC(307) Metaspace: 18048K(18688K)->18048K(18688K) NonClass: 15994K(16384K)->15994K(16384K) Class: 2054K(2304K)->2054K(2304K)
[174.650s][info][gc             ] GC(307) Pause Young (Normal) (G1 Evacuation Pause) 1231M->15M(2048M) 6.898ms
[174.650s][info][gc,cpu         ] GC(307) User=0.00s Sys=0.00s Real=0.00s
[175.255s][info][gc,start       ] GC(308) Pause Young (Normal) (G1 Evacuation Pause)
[175.256s][info][gc,task        ] GC(308) Using 6 workers of 6 for evacuation
[175.267s][info][gc,phases      ] GC(308)   Pre Evacuate Collection Set: 0.0ms
[175.267s][info][gc,phases      ] GC(308)   Evacuate Collection Set: 10.5ms
[175.267s][info][gc,phases      ] GC(308)   Post Evacuate Collection Set: 1.1ms
[175.267s][info][gc,phases      ] GC(308)   Other: 0.2ms
[175.267s][info][gc,heap        ] GC(308) Eden regions: 1216->0(1203)
[175.267s][info][gc,heap        ] GC(308) Survivor regions: 12->25(154)
[175.267s][info][gc,heap        ] GC(308) Old regions: 6->6
[175.267s][info][gc,heap        ] GC(308) Humongous regions: 3->3
[175.267s][info][gc,metaspace   ] GC(308) Metaspace: 18048K(18688K)->18048K(18688K) NonClass: 15994K(16384K)->15994K(16384K) Class: 2054K(2304K)->2054K(2304K)
[175.267s][info][gc             ] GC(308) Pause Young (Normal) (G1 Evacuation Pause) 1234M->31M(2048M) 11.995ms
[175.267s][info][gc,cpu         ] GC(308) User=0.02s Sys=0.00s Real=0.01s
[175.843s][info][gc,start       ] GC(309) Pause Young (Normal) (G1 Evacuation Pause)
[175.843s][info][gc,task        ] GC(309) Using 6 workers of 6 for evacuation
[175.853s][info][gc,phases      ] GC(309)   Pre Evacuate Collection Set: 0.0ms
[175.853s][info][gc,phases      ] GC(309)   Evacuate Collection Set: 8.8ms
[175.853s][info][gc,phases      ] GC(309)   Post Evacuate Collection Set: 0.9ms
[175.853s][info][gc,phases      ] GC(309)   Other: 0.4ms
[175.853s][info][gc,heap        ] GC(309) Eden regions: 1203->0(1199)
[175.853s][info][gc,heap        ] GC(309) Survivor regions: 25->29(154)
[175.853s][info][gc,heap        ] GC(309) Old regions: 6->6
[175.853s][info][gc,heap        ] GC(309) Humongous regions: 3->3
[175.853s][info][gc,metaspace   ] GC(309) Metaspace: 18048K(18688K)->18048K(18688K) NonClass: 15994K(16384K)->15994K(16384K) Class: 2054K(2304K)->2054K(2304K)
[175.853s][info][gc             ] GC(309) Pause Young (Normal) (G1 Evacuation Pause) 1234M->35M(2048M) 10.190ms
[175.853s][info][gc,cpu         ] GC(309) User=0.02s Sys=0.00s Real=0.02s
[176.702s][info][gc,task        ] GC(310) Using 6 workers of 6 for full compaction
[176.702s][info][gc,start       ] GC(310) Pause Full (System.gc())
[176.703s][info][gc,phases,start] GC(310) Phase 1: Mark live objects
[176.705s][info][gc,stringtable ] GC(310) Cleaned string and symbol table, strings: 5676 processed, 0 removed, symbols: 53749 processed, 0 removed
[176.705s][info][gc,phases      ] GC(310) Phase 1: Mark live objects 2.474ms
[176.705s][info][gc,phases,start] GC(310) Phase 2: Prepare for compaction
[176.707s][info][gc,phases      ] GC(310) Phase 2: Prepare for compaction 2.204ms
[176.707s][info][gc,phases,start] GC(310) Phase 3: Adjust pointers
[176.709s][info][gc,phases      ] GC(310) Phase 3: Adjust pointers 1.969ms
[176.709s][info][gc,phases,start] GC(310) Phase 4: Compact heap
[176.711s][info][gc,phases      ] GC(310) Phase 4: Compact heap 1.967ms
[176.713s][info][gc,heap        ] GC(310) Eden regions: 1149->0(1228)
[176.713s][info][gc,heap        ] GC(310) Survivor regions: 29->0(154)
[176.713s][info][gc,heap        ] GC(310) Old regions: 6->6
[176.713s][info][gc,heap        ] GC(310) Humongous regions: 22->0
[176.713s][info][gc,metaspace   ] GC(310) Metaspace: 18048K(18688K)->18048K(18688K) NonClass: 15994K(16384K)->15994K(16384K) Class: 2054K(2304K)->2054K(2304K)
[176.713s][info][gc             ] GC(310) Pause Full (System.gc()) 1202M->3M(2048M) 10.982ms
[176.714s][info][gc,cpu         ] GC(310) User=0.02s Sys=0.00s Real=0.02s
[177.059s][info][gc,start       ] GC(311) Pause Young (Normal) (G1 Evacuation Pause)
[177.059s][info][gc,task        ] GC(311) Using 6 workers of 6 for evacuation
[177.062s][info][gc,phases      ] GC(311)   Pre Evacuate Collection Set: 0.0ms
[177.062s][info][gc,phases      ] GC(311)   Evacuate Collection Set: 2.2ms
[177.062s][info][gc,phases      ] GC(311)   Post Evacuate Collection Set: 0.8ms
[177.062s][info][gc,phases      ] GC(311)   Other: 0.2ms
[177.062s][info][gc,heap        ] GC(311) Eden regions: 1228->0(1223)
[177.062s][info][gc,heap        ] GC(311) Survivor regions: 0->5(154)
[177.062s][info][gc,heap        ] GC(311) Old regions: 6->6
[177.062s][info][gc,heap        ] GC(311) Humongous regions: 0->0
[177.062s][info][gc,metaspace   ] GC(311) Metaspace: 18048K(18688K)->18048K(18688K) NonClass: 15994K(16384K)->15994K(16384K) Class: 2054K(2304K)->2054K(2304K)
[177.062s][info][gc             ] GC(311) Pause Young (Normal) (G1 Evacuation Pause) 1231M->8M(2048M) 3.365ms
[177.062s][info][gc,cpu         ] GC(311) User=0.00s Sys=0.00s Real=0.00s
[177.391s][info][gc,start       ] GC(312) Pause Young (Normal) (G1 Evacuation Pause)
[177.391s][info][gc,task        ] GC(312) Using 6 workers of 6 for evacuation
[177.396s][info][gc,phases      ] GC(312)   Pre Evacuate Collection Set: 0.0ms
[177.396s][info][gc,phases      ] GC(312)   Evacuate Collection Set: 2.9ms
[177.396s][info][gc,phases      ] GC(312)   Post Evacuate Collection Set: 1.2ms
[177.396s][info][gc,phases      ] GC(312)   Other: 0.2ms
[177.396s][info][gc,heap        ] GC(312) Eden regions: 1223->0(1220)
[177.396s][info][gc,heap        ] GC(312) Survivor regions: 5->8(154)
[177.396s][info][gc,heap        ] GC(312) Old regions: 6->6
[177.396s][info][gc,heap        ] GC(312) Humongous regions: 0->0
[177.396s][info][gc,metaspace   ] GC(312) Metaspace: 18048K(18688K)->18048K(18688K) NonClass: 15994K(16384K)->15994K(16384K) Class: 2054K(2304K)->2054K(2304K)
[177.396s][info][gc             ] GC(312) Pause Young (Normal) (G1 Evacuation Pause) 1231M->11M(2048M) 4.486ms
[177.396s][info][gc,cpu         ] GC(312) User=0.00s Sys=0.00s Real=0.00s
[177.895s][info][gc,start       ] GC(313) Pause Young (Normal) (G1 Evacuation Pause)
[177.895s][info][gc,task        ] GC(313) Using 6 workers of 6 for evacuation
[177.902s][info][gc,phases      ] GC(313)   Pre Evacuate Collection Set: 0.0ms
[177.902s][info][gc,phases      ] GC(313)   Evacuate Collection Set: 5.2ms
[177.902s][info][gc,phases      ] GC(313)   Post Evacuate Collection Set: 1.0ms
[177.902s][info][gc,phases      ] GC(313)   Other: 0.2ms
[177.902s][info][gc,heap        ] GC(313) Eden regions: 1220->0(1216)
[177.902s][info][gc,heap        ] GC(313) Survivor regions: 8->12(154)
[177.902s][info][gc,heap        ] GC(313) Old regions: 6->6
[177.902s][info][gc,heap        ] GC(313) Humongous regions: 0->0
[177.902s][info][gc,metaspace   ] GC(313) Metaspace: 18048K(18688K)->18048K(18688K) NonClass: 15994K(16384K)->15994K(16384K) Class: 2054K(2304K)->2054K(2304K)
[177.902s][info][gc             ] GC(313) Pause Young (Normal) (G1 Evacuation Pause) 1231M->15M(2048M) 6.523ms
[177.902s][info][gc,cpu         ] GC(313) User=0.00s Sys=0.00s Real=0.00s
[178.513s][info][gc,start       ] GC(314) Pause Young (Normal) (G1 Evacuation Pause)
[178.513s][info][gc,task        ] GC(314) Using 6 workers of 6 for evacuation
[178.525s][info][gc,phases      ] GC(314)   Pre Evacuate Collection Set: 0.0ms
[178.525s][info][gc,phases      ] GC(314)   Evacuate Collection Set: 10.5ms
[178.525s][info][gc,phases      ] GC(314)   Post Evacuate Collection Set: 0.9ms
[178.525s][info][gc,phases      ] GC(314)   Other: 0.3ms
[178.525s][info][gc,heap        ] GC(314) Eden regions: 1216->0(1203)
[178.525s][info][gc,heap        ] GC(314) Survivor regions: 12->25(154)
[178.525s][info][gc,heap        ] GC(314) Old regions: 6->6
[178.525s][info][gc,heap        ] GC(314) Humongous regions: 3->3
[178.525s][info][gc,metaspace   ] GC(314) Metaspace: 18049K(18688K)->18049K(18688K) NonClass: 15994K(16384K)->15994K(16384K) Class: 2054K(2304K)->2054K(2304K)
[178.525s][info][gc             ] GC(314) Pause Young (Normal) (G1 Evacuation Pause) 1234M->31M(2048M) 11.838ms
[178.525s][info][gc,cpu         ] GC(314) User=0.02s Sys=0.00s Real=0.02s
[179.098s][info][gc,start       ] GC(315) Pause Young (Normal) (G1 Evacuation Pause)
[179.098s][info][gc,task        ] GC(315) Using 6 workers of 6 for evacuation
[179.108s][info][gc,phases      ] GC(315)   Pre Evacuate Collection Set: 0.0ms
[179.108s][info][gc,phases      ] GC(315)   Evacuate Collection Set: 8.9ms
[179.108s][info][gc,phases      ] GC(315)   Post Evacuate Collection Set: 1.0ms
[179.108s][info][gc,phases      ] GC(315)   Other: 0.3ms
[179.108s][info][gc,heap        ] GC(315) Eden regions: 1203->0(1199)
[179.108s][info][gc,heap        ] GC(315) Survivor regions: 25->29(154)
[179.108s][info][gc,heap        ] GC(315) Old regions: 6->6
[179.108s][info][gc,heap        ] GC(315) Humongous regions: 3->3
[179.108s][info][gc,metaspace   ] GC(315) Metaspace: 18049K(18688K)->18049K(18688K) NonClass: 15994K(16384K)->15994K(16384K) Class: 2054K(2304K)->2054K(2304K)
[179.108s][info][gc             ] GC(315) Pause Young (Normal) (G1 Evacuation Pause) 1234M->35M(2048M) 10.339ms
[179.108s][info][gc,cpu         ] GC(315) User=0.00s Sys=0.00s Real=0.00s
[179.957s][info][gc,task        ] GC(316) Using 6 workers of 6 for full compaction
[179.957s][info][gc,start       ] GC(316) Pause Full (System.gc())
[179.958s][info][gc,phases,start] GC(316) Phase 1: Mark live objects
[179.960s][info][gc,stringtable ] GC(316) Cleaned string and symbol table, strings: 5676 processed, 0 removed, symbols: 53749 processed, 0 removed
[179.960s][info][gc,phases      ] GC(316) Phase 1: Mark live objects 2.861ms
[179.960s][info][gc,phases,start] GC(316) Phase 2: Prepare for compaction
[179.962s][info][gc,phases      ] GC(316) Phase 2: Prepare for compaction 2.070ms
[179.963s][info][gc,phases,start] GC(316) Phase 3: Adjust pointers
[179.964s][info][gc,phases      ] GC(316) Phase 3: Adjust pointers 1.837ms
[179.964s][info][gc,phases,start] GC(316) Phase 4: Compact heap
[179.966s][info][gc,phases      ] GC(316) Phase 4: Compact heap 1.996ms
[179.968s][info][gc,heap        ] GC(316) Eden regions: 1148->0(1228)
[179.968s][info][gc,heap        ] GC(316) Survivor regions: 29->0(154)
[179.968s][info][gc,heap        ] GC(316) Old regions: 6->6
[179.968s][info][gc,heap        ] GC(316) Humongous regions: 22->0
[179.968s][info][gc,metaspace   ] GC(316) Metaspace: 18049K(18688K)->18049K(18688K) NonClass: 15994K(16384K)->15994K(16384K) Class: 2054K(2304K)->2054K(2304K)
[179.968s][info][gc             ] GC(316) Pause Full (System.gc()) 1202M->3M(2048M) 10.965ms
[179.968s][info][gc,cpu         ] GC(316) User=0.02s Sys=0.00s Real=0.02s
[180.436s][info][gc,start       ] GC(317) Pause Young (Normal) (G1 Evacuation Pause)
[180.436s][info][gc,task        ] GC(317) Using 6 workers of 6 for evacuation
[180.440s][info][gc,phases      ] GC(317)   Pre Evacuate Collection Set: 0.0ms
[180.440s][info][gc,phases      ] GC(317)   Evacuate Collection Set: 2.0ms
[180.440s][info][gc,phases      ] GC(317)   Post Evacuate Collection Set: 1.0ms
[180.440s][info][gc,phases      ] GC(317)   Other: 0.2ms
[180.440s][info][gc,heap        ] GC(317) Eden regions: 1228->0(1223)
[180.440s][info][gc,heap        ] GC(317) Survivor regions: 0->5(154)
[180.440s][info][gc,heap        ] GC(317) Old regions: 6->6
[180.440s][info][gc,heap        ] GC(317) Humongous regions: 0->0
[180.440s][info][gc,metaspace   ] GC(317) Metaspace: 18049K(18688K)->18049K(18688K) NonClass: 15994K(16384K)->15994K(16384K) Class: 2054K(2304K)->2054K(2304K)
[180.440s][info][gc             ] GC(317) Pause Young (Normal) (G1 Evacuation Pause) 1231M->8M(2048M) 3.334ms
[180.440s][info][gc,cpu         ] GC(317) User=0.00s Sys=0.00s Real=0.00s
[180.791s][info][gc,start       ] GC(318) Pause Young (Normal) (G1 Evacuation Pause)
[180.791s][info][gc,task        ] GC(318) Using 6 workers of 6 for evacuation
[180.795s][info][gc,phases      ] GC(318)   Pre Evacuate Collection Set: 0.1ms
[180.795s][info][gc,phases      ] GC(318)   Evacuate Collection Set: 2.9ms
[180.795s][info][gc,phases      ] GC(318)   Post Evacuate Collection Set: 0.9ms
[180.795s][info][gc,phases      ] GC(318)   Other: 0.4ms
[180.795s][info][gc,heap        ] GC(318) Eden regions: 1223->0(1220)
[180.795s][info][gc,heap        ] GC(318) Survivor regions: 5->8(154)
[180.795s][info][gc,heap        ] GC(318) Old regions: 6->6
[180.795s][info][gc,heap        ] GC(318) Humongous regions: 0->0
[180.795s][info][gc,metaspace   ] GC(318) Metaspace: 18049K(18688K)->18049K(18688K) NonClass: 15994K(16384K)->15994K(16384K) Class: 2054K(2304K)->2054K(2304K)
[180.795s][info][gc             ] GC(318) Pause Young (Normal) (G1 Evacuation Pause) 1231M->11M(2048M) 4.345ms
[180.795s][info][gc,cpu         ] GC(318) User=0.00s Sys=0.00s Real=0.00s
[181.349s][info][gc,start       ] GC(319) Pause Young (Normal) (G1 Evacuation Pause)
[181.349s][info][gc,task        ] GC(319) Using 6 workers of 6 for evacuation
[181.356s][info][gc,phases      ] GC(319)   Pre Evacuate Collection Set: 0.0ms
[181.356s][info][gc,phases      ] GC(319)   Evacuate Collection Set: 5.3ms
[181.356s][info][gc,phases      ] GC(319)   Post Evacuate Collection Set: 1.0ms
[181.356s][info][gc,phases      ] GC(319)   Other: 0.3ms
[181.356s][info][gc,heap        ] GC(319) Eden regions: 1220->0(1216)
[181.356s][info][gc,heap        ] GC(319) Survivor regions: 8->12(154)
[181.356s][info][gc,heap        ] GC(319) Old regions: 6->6
[181.356s][info][gc,heap        ] GC(319) Humongous regions: 0->0
[181.356s][info][gc,metaspace   ] GC(319) Metaspace: 18049K(18688K)->18049K(18688K) NonClass: 15994K(16384K)->15994K(16384K) Class: 2054K(2304K)->2054K(2304K)
[181.356s][info][gc             ] GC(319) Pause Young (Normal) (G1 Evacuation Pause) 1231M->15M(2048M) 6.817ms
[181.356s][info][gc,cpu         ] GC(319) User=0.00s Sys=0.00s Real=0.02s
[181.964s][info][gc,start       ] GC(320) Pause Young (Normal) (G1 Evacuation Pause)
[181.964s][info][gc,task        ] GC(320) Using 6 workers of 6 for evacuation
[181.976s][info][gc,phases      ] GC(320)   Pre Evacuate Collection Set: 0.0ms
[181.976s][info][gc,phases      ] GC(320)   Evacuate Collection Set: 10.5ms
[181.976s][info][gc,phases      ] GC(320)   Post Evacuate Collection Set: 0.9ms
[181.976s][info][gc,phases      ] GC(320)   Other: 0.4ms
[181.976s][info][gc,heap        ] GC(320) Eden regions: 1216->0(1203)
[181.976s][info][gc,heap        ] GC(320) Survivor regions: 12->25(154)
[181.976s][info][gc,heap        ] GC(320) Old regions: 6->6
[181.976s][info][gc,heap        ] GC(320) Humongous regions: 3->3
[181.976s][info][gc,metaspace   ] GC(320) Metaspace: 18049K(18688K)->18049K(18688K) NonClass: 15994K(16384K)->15994K(16384K) Class: 2054K(2304K)->2054K(2304K)
[181.976s][info][gc             ] GC(320) Pause Young (Normal) (G1 Evacuation Pause) 1234M->31M(2048M) 11.941ms
[181.976s][info][gc,cpu         ] GC(320) User=0.02s Sys=0.00s Real=0.02s
[182.551s][info][gc,start       ] GC(321) Pause Young (Normal) (G1 Evacuation Pause)
[182.551s][info][gc,task        ] GC(321) Using 6 workers of 6 for evacuation
[182.562s][info][gc,phases      ] GC(321)   Pre Evacuate Collection Set: 0.1ms
[182.562s][info][gc,phases      ] GC(321)   Evacuate Collection Set: 9.0ms
[182.562s][info][gc,phases      ] GC(321)   Post Evacuate Collection Set: 1.0ms
[182.562s][info][gc,phases      ] GC(321)   Other: 0.4ms
[182.562s][info][gc,heap        ] GC(321) Eden regions: 1203->0(1199)
[182.562s][info][gc,heap        ] GC(321) Survivor regions: 25->29(154)
[182.562s][info][gc,heap        ] GC(321) Old regions: 6->6
[182.562s][info][gc,heap        ] GC(321) Humongous regions: 3->3
[182.562s][info][gc,metaspace   ] GC(321) Metaspace: 18049K(18688K)->18049K(18688K) NonClass: 15994K(16384K)->15994K(16384K) Class: 2054K(2304K)->2054K(2304K)
[182.562s][info][gc             ] GC(321) Pause Young (Normal) (G1 Evacuation Pause) 1234M->35M(2048M) 10.539ms
[182.562s][info][gc,cpu         ] GC(321) User=0.00s Sys=0.00s Real=0.00s
[183.408s][info][gc,task        ] GC(322) Using 6 workers of 6 for full compaction
[183.408s][info][gc,start       ] GC(322) Pause Full (System.gc())
[183.408s][info][gc,phases,start] GC(322) Phase 1: Mark live objects
[183.411s][info][gc,stringtable ] GC(322) Cleaned string and symbol table, strings: 5676 processed, 0 removed, symbols: 53749 processed, 0 removed
[183.411s][info][gc,phases      ] GC(322) Phase 1: Mark live objects 2.474ms
[183.411s][info][gc,phases,start] GC(322) Phase 2: Prepare for compaction
[183.413s][info][gc,phases      ] GC(322) Phase 2: Prepare for compaction 2.324ms
[183.413s][info][gc,phases,start] GC(322) Phase 3: Adjust pointers
[183.415s][info][gc,phases      ] GC(322) Phase 3: Adjust pointers 1.794ms
[183.415s][info][gc,phases,start] GC(322) Phase 4: Compact heap
[183.417s][info][gc,phases      ] GC(322) Phase 4: Compact heap 2.027ms
[183.419s][info][gc,heap        ] GC(322) Eden regions: 1149->0(1228)
[183.419s][info][gc,heap        ] GC(322) Survivor regions: 29->0(154)
[183.419s][info][gc,heap        ] GC(322) Old regions: 6->5
[183.419s][info][gc,heap        ] GC(322) Humongous regions: 22->0
[183.419s][info][gc,metaspace   ] GC(322) Metaspace: 18049K(18688K)->18049K(18688K) NonClass: 15995K(16384K)->15995K(16384K) Class: 2054K(2304K)->2054K(2304K)
[183.419s][info][gc             ] GC(322) Pause Full (System.gc()) 1203M->3M(2048M) 10.933ms
[183.419s][info][gc,cpu         ] GC(322) User=0.00s Sys=0.00s Real=0.02s
[183.812s][info][gc,start       ] GC(323) Pause Young (Normal) (G1 Evacuation Pause)
[183.812s][info][gc,task        ] GC(323) Using 6 workers of 6 for evacuation
[183.816s][info][gc,phases      ] GC(323)   Pre Evacuate Collection Set: 0.1ms
[183.816s][info][gc,phases      ] GC(323)   Evacuate Collection Set: 2.1ms
[183.816s][info][gc,phases      ] GC(323)   Post Evacuate Collection Set: 0.9ms
[183.816s][info][gc,phases      ] GC(323)   Other: 0.3ms
[183.816s][info][gc,heap        ] GC(323) Eden regions: 1228->0(1223)
[183.816s][info][gc,heap        ] GC(323) Survivor regions: 0->5(154)
[183.816s][info][gc,heap        ] GC(323) Old regions: 5->5
[183.816s][info][gc,heap        ] GC(323) Humongous regions: 0->0
[183.816s][info][gc,metaspace   ] GC(323) Metaspace: 18049K(18688K)->18049K(18688K) NonClass: 15995K(16384K)->15995K(16384K) Class: 2054K(2304K)->2054K(2304K)
[183.816s][info][gc             ] GC(323) Pause Young (Normal) (G1 Evacuation Pause) 1231M->8M(2048M) 3.424ms
[183.816s][info][gc,cpu         ] GC(323) User=0.00s Sys=0.00s Real=0.00s
[184.309s][info][gc,start       ] GC(324) Pause Young (Normal) (G1 Evacuation Pause)
[184.309s][info][gc,task        ] GC(324) Using 6 workers of 6 for evacuation
[184.313s][info][gc,phases      ] GC(324)   Pre Evacuate Collection Set: 0.0ms
[184.313s][info][gc,phases      ] GC(324)   Evacuate Collection Set: 3.0ms
[184.313s][info][gc,phases      ] GC(324)   Post Evacuate Collection Set: 0.9ms
[184.313s][info][gc,phases      ] GC(324)   Other: 0.2ms
[184.313s][info][gc,heap        ] GC(324) Eden regions: 1223->0(1220)
[184.313s][info][gc,heap        ] GC(324) Survivor regions: 5->8(154)
[184.313s][info][gc,heap        ] GC(324) Old regions: 5->5
[184.313s][info][gc,heap        ] GC(324) Humongous regions: 0->0
[184.313s][info][gc,metaspace   ] GC(324) Metaspace: 18049K(18688K)->18049K(18688K) NonClass: 15995K(16384K)->15995K(16384K) Class: 2054K(2304K)->2054K(2304K)
[184.313s][info][gc             ] GC(324) Pause Young (Normal) (G1 Evacuation Pause) 1231M->11M(2048M) 4.225ms
[184.313s][info][gc,cpu         ] GC(324) User=0.00s Sys=0.00s Real=0.00s
[184.844s][info][gc,start       ] GC(325) Pause Young (Normal) (G1 Evacuation Pause)
[184.844s][info][gc,task        ] GC(325) Using 6 workers of 6 for evacuation
[184.851s][info][gc,phases      ] GC(325)   Pre Evacuate Collection Set: 0.0ms
[184.851s][info][gc,phases      ] GC(325)   Evacuate Collection Set: 5.2ms
[184.851s][info][gc,phases      ] GC(325)   Post Evacuate Collection Set: 0.9ms
[184.851s][info][gc,phases      ] GC(325)   Other: 0.4ms
[184.851s][info][gc,heap        ] GC(325) Eden regions: 1220->0(1216)
[184.851s][info][gc,heap        ] GC(325) Survivor regions: 8->12(154)
[184.851s][info][gc,heap        ] GC(325) Old regions: 5->5
[184.851s][info][gc,heap        ] GC(325) Humongous regions: 0->0
[184.851s][info][gc,metaspace   ] GC(325) Metaspace: 18049K(18688K)->18049K(18688K) NonClass: 15995K(16384K)->15995K(16384K) Class: 2054K(2304K)->2054K(2304K)
[184.851s][info][gc             ] GC(325) Pause Young (Normal) (G1 Evacuation Pause) 1231M->15M(2048M) 6.655ms
[184.851s][info][gc,cpu         ] GC(325) User=0.02s Sys=0.00s Real=0.01s
[185.458s][info][gc,start       ] GC(326) Pause Young (Normal) (G1 Evacuation Pause)
[185.458s][info][gc,task        ] GC(326) Using 6 workers of 6 for evacuation
[185.469s][info][gc,phases      ] GC(326)   Pre Evacuate Collection Set: 0.0ms
[185.469s][info][gc,phases      ] GC(326)   Evacuate Collection Set: 10.1ms
[185.469s][info][gc,phases      ] GC(326)   Post Evacuate Collection Set: 1.2ms
[185.469s][info][gc,phases      ] GC(326)   Other: 0.3ms
[185.469s][info][gc,heap        ] GC(326) Eden regions: 1216->0(1203)
[185.469s][info][gc,heap        ] GC(326) Survivor regions: 12->25(154)
[185.469s][info][gc,heap        ] GC(326) Old regions: 5->5
[185.469s][info][gc,heap        ] GC(326) Humongous regions: 3->3
[185.469s][info][gc,metaspace   ] GC(326) Metaspace: 18049K(18688K)->18049K(18688K) NonClass: 15995K(16384K)->15995K(16384K) Class: 2054K(2304K)->2054K(2304K)
[185.469s][info][gc             ] GC(326) Pause Young (Normal) (G1 Evacuation Pause) 1234M->31M(2048M) 11.811ms
[185.469s][info][gc,cpu         ] GC(326) User=0.02s Sys=0.00s Real=0.02s
[186.042s][info][gc,start       ] GC(327) Pause Young (Normal) (G1 Evacuation Pause)
[186.042s][info][gc,task        ] GC(327) Using 6 workers of 6 for evacuation
[186.052s][info][gc,phases      ] GC(327)   Pre Evacuate Collection Set: 0.0ms
[186.052s][info][gc,phases      ] GC(327)   Evacuate Collection Set: 8.8ms
[186.052s][info][gc,phases      ] GC(327)   Post Evacuate Collection Set: 1.0ms
[186.052s][info][gc,phases      ] GC(327)   Other: 0.3ms
[186.052s][info][gc,heap        ] GC(327) Eden regions: 1203->0(1199)
[186.052s][info][gc,heap        ] GC(327) Survivor regions: 25->29(154)
[186.052s][info][gc,heap        ] GC(327) Old regions: 5->5
[186.052s][info][gc,heap        ] GC(327) Humongous regions: 3->3
[186.052s][info][gc,metaspace   ] GC(327) Metaspace: 18049K(18688K)->18049K(18688K) NonClass: 15995K(16384K)->15995K(16384K) Class: 2054K(2304K)->2054K(2304K)
[186.052s][info][gc             ] GC(327) Pause Young (Normal) (G1 Evacuation Pause) 1234M->35M(2048M) 10.260ms
[186.052s][info][gc,cpu         ] GC(327) User=0.02s Sys=0.00s Real=0.02s
[186.904s][info][gc,task        ] GC(328) Using 6 workers of 6 for full compaction
[186.904s][info][gc,start       ] GC(328) Pause Full (System.gc())
[186.904s][info][gc,phases,start] GC(328) Phase 1: Mark live objects
[186.907s][info][gc,stringtable ] GC(328) Cleaned string and symbol table, strings: 5676 processed, 0 removed, symbols: 53749 processed, 0 removed
[186.907s][info][gc,phases      ] GC(328) Phase 1: Mark live objects 2.384ms
[186.907s][info][gc,phases,start] GC(328) Phase 2: Prepare for compaction
[186.909s][info][gc,phases      ] GC(328) Phase 2: Prepare for compaction 2.159ms
[186.909s][info][gc,phases,start] GC(328) Phase 3: Adjust pointers
[186.911s][info][gc,phases      ] GC(328) Phase 3: Adjust pointers 1.972ms
[186.911s][info][gc,phases,start] GC(328) Phase 4: Compact heap
[186.913s][info][gc,phases      ] GC(328) Phase 4: Compact heap 1.756ms
[186.915s][info][gc,heap        ] GC(328) Eden regions: 1149->0(1228)
[186.915s][info][gc,heap        ] GC(328) Survivor regions: 29->0(154)
[186.915s][info][gc,heap        ] GC(328) Old regions: 5->6
[186.915s][info][gc,heap        ] GC(328) Humongous regions: 22->0
[186.915s][info][gc,metaspace   ] GC(328) Metaspace: 18049K(18688K)->18049K(18688K) NonClass: 15995K(16384K)->15995K(16384K) Class: 2054K(2304K)->2054K(2304K)
[186.915s][info][gc             ] GC(328) Pause Full (System.gc()) 1203M->3M(2048M) 10.599ms
[186.915s][info][gc,cpu         ] GC(328) User=0.00s Sys=0.02s Real=0.02s
[187.316s][info][gc,start       ] GC(329) Pause Young (Normal) (G1 Evacuation Pause)
[187.316s][info][gc,task        ] GC(329) Using 6 workers of 6 for evacuation
[187.320s][info][gc,phases      ] GC(329)   Pre Evacuate Collection Set: 0.0ms
[187.320s][info][gc,phases      ] GC(329)   Evacuate Collection Set: 2.2ms
[187.320s][info][gc,phases      ] GC(329)   Post Evacuate Collection Set: 0.9ms
[187.320s][info][gc,phases      ] GC(329)   Other: 0.3ms
[187.320s][info][gc,heap        ] GC(329) Eden regions: 1228->0(1223)
[187.320s][info][gc,heap        ] GC(329) Survivor regions: 0->5(154)
[187.320s][info][gc,heap        ] GC(329) Old regions: 6->6
[187.320s][info][gc,heap        ] GC(329) Humongous regions: 0->0
[187.320s][info][gc,metaspace   ] GC(329) Metaspace: 18052K(18688K)->18052K(18688K) NonClass: 15998K(16384K)->15998K(16384K) Class: 2054K(2304K)->2054K(2304K)
[187.320s][info][gc             ] GC(329) Pause Young (Normal) (G1 Evacuation Pause) 1231M->8M(2048M) 3.478ms
[187.320s][info][gc,cpu         ] GC(329) User=0.02s Sys=0.00s Real=0.02s
[187.782s][info][gc,start       ] GC(330) Pause Young (Normal) (G1 Evacuation Pause)
[187.783s][info][gc,task        ] GC(330) Using 6 workers of 6 for evacuation
[187.787s][info][gc,phases      ] GC(330)   Pre Evacuate Collection Set: 0.0ms
[187.787s][info][gc,phases      ] GC(330)   Evacuate Collection Set: 3.2ms
[187.787s][info][gc,phases      ] GC(330)   Post Evacuate Collection Set: 0.8ms
[187.787s][info][gc,phases      ] GC(330)   Other: 0.3ms
[187.787s][info][gc,heap        ] GC(330) Eden regions: 1223->0(1220)
[187.787s][info][gc,heap        ] GC(330) Survivor regions: 5->8(154)
[187.787s][info][gc,heap        ] GC(330) Old regions: 6->6
[187.787s][info][gc,heap        ] GC(330) Humongous regions: 0->0
[187.787s][info][gc,metaspace   ] GC(330) Metaspace: 18052K(18688K)->18052K(18688K) NonClass: 15998K(16384K)->15998K(16384K) Class: 2054K(2304K)->2054K(2304K)
[187.787s][info][gc             ] GC(330) Pause Young (Normal) (G1 Evacuation Pause) 1231M->11M(2048M) 4.472ms
[187.787s][info][gc,cpu         ] GC(330) User=0.00s Sys=0.00s Real=0.00s
[188.340s][info][gc,start       ] GC(331) Pause Young (Normal) (G1 Evacuation Pause)
[188.340s][info][gc,task        ] GC(331) Using 6 workers of 6 for evacuation
[188.346s][info][gc,phases      ] GC(331)   Pre Evacuate Collection Set: 0.0ms
[188.346s][info][gc,phases      ] GC(331)   Evacuate Collection Set: 5.2ms
[188.346s][info][gc,phases      ] GC(331)   Post Evacuate Collection Set: 1.0ms
[188.346s][info][gc,phases      ] GC(331)   Other: 0.3ms
[188.346s][info][gc,heap        ] GC(331) Eden regions: 1220->0(1216)
[188.346s][info][gc,heap        ] GC(331) Survivor regions: 8->12(154)
[188.346s][info][gc,heap        ] GC(331) Old regions: 6->6
[188.346s][info][gc,heap        ] GC(331) Humongous regions: 0->0
[188.346s][info][gc,metaspace   ] GC(331) Metaspace: 18052K(18688K)->18052K(18688K) NonClass: 15998K(16384K)->15998K(16384K) Class: 2054K(2304K)->2054K(2304K)
[188.346s][info][gc             ] GC(331) Pause Young (Normal) (G1 Evacuation Pause) 1231M->15M(2048M) 6.653ms
[188.346s][info][gc,cpu         ] GC(331) User=0.00s Sys=0.00s Real=0.00s
[188.957s][info][gc,start       ] GC(332) Pause Young (Normal) (G1 Evacuation Pause)
[188.957s][info][gc,task        ] GC(332) Using 6 workers of 6 for evacuation
[188.969s][info][gc,phases      ] GC(332)   Pre Evacuate Collection Set: 0.0ms
[188.969s][info][gc,phases      ] GC(332)   Evacuate Collection Set: 11.2ms
[188.969s][info][gc,phases      ] GC(332)   Post Evacuate Collection Set: 0.8ms
[188.969s][info][gc,phases      ] GC(332)   Other: 0.2ms
[188.969s][info][gc,heap        ] GC(332) Eden regions: 1216->0(1203)
[188.969s][info][gc,heap        ] GC(332) Survivor regions: 12->25(154)
[188.969s][info][gc,heap        ] GC(332) Old regions: 6->6
[188.969s][info][gc,heap        ] GC(332) Humongous regions: 3->3
[188.969s][info][gc,metaspace   ] GC(332) Metaspace: 18052K(18688K)->18052K(18688K) NonClass: 15998K(16384K)->15998K(16384K) Class: 2054K(2304K)->2054K(2304K)
[188.969s][info][gc             ] GC(332) Pause Young (Normal) (G1 Evacuation Pause) 1234M->31M(2048M) 12.343ms
[188.969s][info][gc,cpu         ] GC(332) User=0.00s Sys=0.00s Real=0.01s
[189.544s][info][gc,start       ] GC(333) Pause Young (Normal) (G1 Evacuation Pause)
[189.544s][info][gc,task        ] GC(333) Using 6 workers of 6 for evacuation
[189.554s][info][gc,phases      ] GC(333)   Pre Evacuate Collection Set: 0.1ms
[189.554s][info][gc,phases      ] GC(333)   Evacuate Collection Set: 8.9ms
[189.554s][info][gc,phases      ] GC(333)   Post Evacuate Collection Set: 1.0ms
[189.554s][info][gc,phases      ] GC(333)   Other: 0.4ms
[189.554s][info][gc,heap        ] GC(333) Eden regions: 1203->0(1199)
[189.554s][info][gc,heap        ] GC(333) Survivor regions: 25->29(154)
[189.554s][info][gc,heap        ] GC(333) Old regions: 6->6
[189.554s][info][gc,heap        ] GC(333) Humongous regions: 3->3
[189.554s][info][gc,metaspace   ] GC(333) Metaspace: 18052K(18688K)->18052K(18688K) NonClass: 15998K(16384K)->15998K(16384K) Class: 2054K(2304K)->2054K(2304K)
[189.554s][info][gc             ] GC(333) Pause Young (Normal) (G1 Evacuation Pause) 1234M->35M(2048M) 10.461ms
[189.554s][info][gc,cpu         ] GC(333) User=0.02s Sys=0.00s Real=0.01s
[190.404s][info][gc,task        ] GC(334) Using 6 workers of 6 for full compaction
[190.404s][info][gc,start       ] GC(334) Pause Full (System.gc())
[190.404s][info][gc,phases,start] GC(334) Phase 1: Mark live objects
[190.407s][info][gc,stringtable ] GC(334) Cleaned string and symbol table, strings: 5676 processed, 0 removed, symbols: 53749 processed, 0 removed
[190.407s][info][gc,phases      ] GC(334) Phase 1: Mark live objects 2.471ms
[190.407s][info][gc,phases,start] GC(334) Phase 2: Prepare for compaction
[190.409s][info][gc,phases      ] GC(334) Phase 2: Prepare for compaction 2.160ms
[190.409s][info][gc,phases,start] GC(334) Phase 3: Adjust pointers
[190.411s][info][gc,phases      ] GC(334) Phase 3: Adjust pointers 2.153ms
[190.411s][info][gc,phases,start] GC(334) Phase 4: Compact heap
[190.413s][info][gc,phases      ] GC(334) Phase 4: Compact heap 2.021ms
[190.415s][info][gc,heap        ] GC(334) Eden regions: 1149->0(1228)
[190.415s][info][gc,heap        ] GC(334) Survivor regions: 29->0(154)
[190.415s][info][gc,heap        ] GC(334) Old regions: 6->5
[190.415s][info][gc,heap        ] GC(334) Humongous regions: 22->0
[190.415s][info][gc,metaspace   ] GC(334) Metaspace: 18052K(18688K)->18052K(18688K) NonClass: 15998K(16384K)->15998K(16384K) Class: 2054K(2304K)->2054K(2304K)
[190.415s][info][gc             ] GC(334) Pause Full (System.gc()) 1203M->3M(2048M) 11.074ms
[190.415s][info][gc,cpu         ] GC(334) User=0.02s Sys=0.00s Real=0.02s
[190.825s][info][gc,start       ] GC(335) Pause Young (Normal) (G1 Evacuation Pause)
[190.825s][info][gc,task        ] GC(335) Using 6 workers of 6 for evacuation
[190.828s][info][gc,phases      ] GC(335)   Pre Evacuate Collection Set: 0.0ms
[190.828s][info][gc,phases      ] GC(335)   Evacuate Collection Set: 2.0ms
[190.828s][info][gc,phases      ] GC(335)   Post Evacuate Collection Set: 0.8ms
[190.828s][info][gc,phases      ] GC(335)   Other: 0.3ms
[190.828s][info][gc,heap        ] GC(335) Eden regions: 1228->0(1222)
[190.828s][info][gc,heap        ] GC(335) Survivor regions: 0->6(154)
[190.828s][info][gc,heap        ] GC(335) Old regions: 5->5
[190.828s][info][gc,heap        ] GC(335) Humongous regions: 0->0
[190.828s][info][gc,metaspace   ] GC(335) Metaspace: 18052K(18688K)->18052K(18688K) NonClass: 15998K(16384K)->15998K(16384K) Class: 2054K(2304K)->2054K(2304K)
[190.828s][info][gc             ] GC(335) Pause Young (Normal) (G1 Evacuation Pause) 1231M->9M(2048M) 3.260ms
[190.828s][info][gc,cpu         ] GC(335) User=0.00s Sys=0.00s Real=0.00s
[191.320s][info][gc,start       ] GC(336) Pause Young (Normal) (G1 Evacuation Pause)
[191.320s][info][gc,task        ] GC(336) Using 6 workers of 6 for evacuation
[191.325s][info][gc,phases      ] GC(336)   Pre Evacuate Collection Set: 0.0ms
[191.325s][info][gc,phases      ] GC(336)   Evacuate Collection Set: 3.2ms
[191.325s][info][gc,phases      ] GC(336)   Post Evacuate Collection Set: 0.9ms
[191.325s][info][gc,phases      ] GC(336)   Other: 0.2ms
[191.325s][info][gc,heap        ] GC(336) Eden regions: 1222->0(1220)
[191.325s][info][gc,heap        ] GC(336) Survivor regions: 6->8(154)
[191.325s][info][gc,heap        ] GC(336) Old regions: 5->5
[191.325s][info][gc,heap        ] GC(336) Humongous regions: 0->0
[191.325s][info][gc,metaspace   ] GC(336) Metaspace: 18052K(18688K)->18052K(18688K) NonClass: 15998K(16384K)->15998K(16384K) Class: 2054K(2304K)->2054K(2304K)
[191.325s][info][gc             ] GC(336) Pause Young (Normal) (G1 Evacuation Pause) 1231M->11M(2048M) 4.491ms
[191.325s][info][gc,cpu         ] GC(336) User=0.02s Sys=0.00s Real=0.02s
[191.879s][info][gc,start       ] GC(337) Pause Young (Normal) (G1 Evacuation Pause)
[191.879s][info][gc,task        ] GC(337) Using 6 workers of 6 for evacuation
[191.886s][info][gc,phases      ] GC(337)   Pre Evacuate Collection Set: 0.1ms
[191.886s][info][gc,phases      ] GC(337)   Evacuate Collection Set: 5.2ms
[191.886s][info][gc,phases      ] GC(337)   Post Evacuate Collection Set: 1.0ms
[191.886s][info][gc,phases      ] GC(337)   Other: 0.4ms
[191.886s][info][gc,heap        ] GC(337) Eden regions: 1220->0(1216)
[191.886s][info][gc,heap        ] GC(337) Survivor regions: 8->12(154)
[191.886s][info][gc,heap        ] GC(337) Old regions: 5->5
[191.886s][info][gc,heap        ] GC(337) Humongous regions: 0->0
[191.886s][info][gc,metaspace   ] GC(337) Metaspace: 18052K(18688K)->18052K(18688K) NonClass: 15998K(16384K)->15998K(16384K) Class: 2054K(2304K)->2054K(2304K)
[191.886s][info][gc             ] GC(337) Pause Young (Normal) (G1 Evacuation Pause) 1231M->15M(2048M) 6.747ms
[191.886s][info][gc,cpu         ] GC(337) User=0.00s Sys=0.00s Real=0.00s
[192.496s][info][gc,start       ] GC(338) Pause Young (Normal) (G1 Evacuation Pause)
[192.496s][info][gc,task        ] GC(338) Using 6 workers of 6 for evacuation
[192.508s][info][gc,phases      ] GC(338)   Pre Evacuate Collection Set: 0.0ms
[192.508s][info][gc,phases      ] GC(338)   Evacuate Collection Set: 10.9ms
[192.508s][info][gc,phases      ] GC(338)   Post Evacuate Collection Set: 0.9ms
[192.508s][info][gc,phases      ] GC(338)   Other: 0.3ms
[192.508s][info][gc,heap        ] GC(338) Eden regions: 1216->0(1203)
[192.508s][info][gc,heap        ] GC(338) Survivor regions: 12->25(154)
[192.508s][info][gc,heap        ] GC(338) Old regions: 5->5
[192.508s][info][gc,heap        ] GC(338) Humongous regions: 3->3
[192.508s][info][gc,metaspace   ] GC(338) Metaspace: 18052K(18688K)->18052K(18688K) NonClass: 15998K(16384K)->15998K(16384K) Class: 2054K(2304K)->2054K(2304K)
[192.508s][info][gc             ] GC(338) Pause Young (Normal) (G1 Evacuation Pause) 1234M->31M(2048M) 12.290ms
[192.508s][info][gc,cpu         ] GC(338) User=0.02s Sys=0.00s Real=0.02s
[193.080s][info][gc,start       ] GC(339) Pause Young (Normal) (G1 Evacuation Pause)
[193.080s][info][gc,task        ] GC(339) Using 6 workers of 6 for evacuation
[193.090s][info][gc,phases      ] GC(339)   Pre Evacuate Collection Set: 0.0ms
[193.090s][info][gc,phases      ] GC(339)   Evacuate Collection Set: 8.8ms
[193.090s][info][gc,phases      ] GC(339)   Post Evacuate Collection Set: 1.0ms
[193.090s][info][gc,phases      ] GC(339)   Other: 0.4ms
[193.090s][info][gc,heap        ] GC(339) Eden regions: 1203->0(1199)
[193.090s][info][gc,heap        ] GC(339) Survivor regions: 25->29(154)
[193.090s][info][gc,heap        ] GC(339) Old regions: 5->5
[193.091s][info][gc,heap        ] GC(339) Humongous regions: 3->3
[193.091s][info][gc,metaspace   ] GC(339) Metaspace: 18052K(18688K)->18052K(18688K) NonClass: 15998K(16384K)->15998K(16384K) Class: 2054K(2304K)->2054K(2304K)
[193.091s][info][gc             ] GC(339) Pause Young (Normal) (G1 Evacuation Pause) 1234M->35M(2048M) 10.322ms
[193.091s][info][gc,cpu         ] GC(339) User=0.02s Sys=0.00s Real=0.02s
[193.940s][info][gc,task        ] GC(340) Using 6 workers of 6 for full compaction
[193.940s][info][gc,start       ] GC(340) Pause Full (System.gc())
[193.940s][info][gc,phases,start] GC(340) Phase 1: Mark live objects
[193.942s][info][gc,stringtable ] GC(340) Cleaned string and symbol table, strings: 5676 processed, 0 removed, symbols: 53749 processed, 0 removed
[193.943s][info][gc,phases      ] GC(340) Phase 1: Mark live objects 2.439ms
[193.943s][info][gc,phases,start] GC(340) Phase 2: Prepare for compaction
[193.945s][info][gc,phases      ] GC(340) Phase 2: Prepare for compaction 2.180ms
[193.945s][info][gc,phases,start] GC(340) Phase 3: Adjust pointers
[193.947s][info][gc,phases      ] GC(340) Phase 3: Adjust pointers 1.911ms
[193.947s][info][gc,phases,start] GC(340) Phase 4: Compact heap
[193.949s][info][gc,phases      ] GC(340) Phase 4: Compact heap 1.974ms
[193.951s][info][gc,heap        ] GC(340) Eden regions: 1150->0(1228)
[193.951s][info][gc,heap        ] GC(340) Survivor regions: 29->0(154)
[193.951s][info][gc,heap        ] GC(340) Old regions: 5->5
[193.951s][info][gc,heap        ] GC(340) Humongous regions: 22->0
[193.951s][info][gc,metaspace   ] GC(340) Metaspace: 18052K(18688K)->18052K(18688K) NonClass: 15998K(16384K)->15998K(16384K) Class: 2054K(2304K)->2054K(2304K)
[193.951s][info][gc             ] GC(340) Pause Full (System.gc()) 1204M->3M(2048M) 10.921ms
[193.951s][info][gc,cpu         ] GC(340) User=0.02s Sys=0.00s Real=0.02s
[194.445s][info][gc,start       ] GC(341) Pause Young (Normal) (G1 Evacuation Pause)
[194.445s][info][gc,task        ] GC(341) Using 6 workers of 6 for evacuation
[194.448s][info][gc,phases      ] GC(341)   Pre Evacuate Collection Set: 0.0ms
[194.448s][info][gc,phases      ] GC(341)   Evacuate Collection Set: 2.2ms
[194.448s][info][gc,phases      ] GC(341)   Post Evacuate Collection Set: 0.8ms
[194.448s][info][gc,phases      ] GC(341)   Other: 0.2ms
[194.448s][info][gc,heap        ] GC(341) Eden regions: 1228->0(1223)
[194.448s][info][gc,heap        ] GC(341) Survivor regions: 0->5(154)
[194.448s][info][gc,heap        ] GC(341) Old regions: 5->5
[194.448s][info][gc,heap        ] GC(341) Humongous regions: 0->0
[194.448s][info][gc,metaspace   ] GC(341) Metaspace: 18052K(18688K)->18052K(18688K) NonClass: 15998K(16384K)->15998K(16384K) Class: 2054K(2304K)->2054K(2304K)
[194.448s][info][gc             ] GC(341) Pause Young (Normal) (G1 Evacuation Pause) 1231M->8M(2048M) 3.373ms
[194.448s][info][gc,cpu         ] GC(341) User=0.00s Sys=0.00s Real=0.02s
[194.888s][info][gc,start       ] GC(342) Pause Young (Normal) (G1 Evacuation Pause)
[194.888s][info][gc,task        ] GC(342) Using 6 workers of 6 for evacuation
[194.892s][info][gc,phases      ] GC(342)   Pre Evacuate Collection Set: 0.0ms
[194.892s][info][gc,phases      ] GC(342)   Evacuate Collection Set: 3.1ms
[194.892s][info][gc,phases      ] GC(342)   Post Evacuate Collection Set: 1.1ms
[194.892s][info][gc,phases      ] GC(342)   Other: 0.2ms
[194.892s][info][gc,heap        ] GC(342) Eden regions: 1223->0(1220)
[194.892s][info][gc,heap        ] GC(342) Survivor regions: 5->8(154)
[194.892s][info][gc,heap        ] GC(342) Old regions: 5->5
[194.892s][info][gc,heap        ] GC(342) Humongous regions: 0->0
[194.892s][info][gc,metaspace   ] GC(342) Metaspace: 18052K(18688K)->18052K(18688K) NonClass: 15998K(16384K)->15998K(16384K) Class: 2054K(2304K)->2054K(2304K)
[194.892s][info][gc             ] GC(342) Pause Young (Normal) (G1 Evacuation Pause) 1231M->11M(2048M) 4.490ms
[194.892s][info][gc,cpu         ] GC(342) User=0.03s Sys=0.00s Real=0.02s
[195.446s][info][gc,start       ] GC(343) Pause Young (Normal) (G1 Evacuation Pause)
[195.447s][info][gc,task        ] GC(343) Using 6 workers of 6 for evacuation
[195.453s][info][gc,phases      ] GC(343)   Pre Evacuate Collection Set: 0.0ms
[195.453s][info][gc,phases      ] GC(343)   Evacuate Collection Set: 5.3ms
[195.453s][info][gc,phases      ] GC(343)   Post Evacuate Collection Set: 1.1ms
[195.453s][info][gc,phases      ] GC(343)   Other: 0.4ms
[195.453s][info][gc,heap        ] GC(343) Eden regions: 1220->0(1216)
[195.453s][info][gc,heap        ] GC(343) Survivor regions: 8->12(154)
[195.453s][info][gc,heap        ] GC(343) Old regions: 5->5
[195.453s][info][gc,heap        ] GC(343) Humongous regions: 0->0
[195.453s][info][gc,metaspace   ] GC(343) Metaspace: 18052K(18688K)->18052K(18688K) NonClass: 15998K(16384K)->15998K(16384K) Class: 2054K(2304K)->2054K(2304K)
[195.453s][info][gc             ] GC(343) Pause Young (Normal) (G1 Evacuation Pause) 1231M->15M(2048M) 6.844ms
[195.453s][info][gc,cpu         ] GC(343) User=0.00s Sys=0.00s Real=0.02s
[196.061s][info][gc,start       ] GC(344) Pause Young (Normal) (G1 Evacuation Pause)
[196.062s][info][gc,task        ] GC(344) Using 6 workers of 6 for evacuation
[196.073s][info][gc,phases      ] GC(344)   Pre Evacuate Collection Set: 0.0ms
[196.073s][info][gc,phases      ] GC(344)   Evacuate Collection Set: 10.6ms
[196.073s][info][gc,phases      ] GC(344)   Post Evacuate Collection Set: 0.9ms
[196.073s][info][gc,phases      ] GC(344)   Other: 0.4ms
[196.073s][info][gc,heap        ] GC(344) Eden regions: 1216->0(1203)
[196.073s][info][gc,heap        ] GC(344) Survivor regions: 12->25(154)
[196.073s][info][gc,heap        ] GC(344) Old regions: 5->5
[196.073s][info][gc,heap        ] GC(344) Humongous regions: 3->3
[196.073s][info][gc,metaspace   ] GC(344) Metaspace: 18052K(18688K)->18052K(18688K) NonClass: 15998K(16384K)->15998K(16384K) Class: 2054K(2304K)->2054K(2304K)
[196.073s][info][gc             ] GC(344) Pause Young (Normal) (G1 Evacuation Pause) 1234M->31M(2048M) 11.978ms
[196.073s][info][gc,cpu         ] GC(344) User=0.02s Sys=0.00s Real=0.02s
[196.649s][info][gc,start       ] GC(345) Pause Young (Normal) (G1 Evacuation Pause)
[196.649s][info][gc,task        ] GC(345) Using 6 workers of 6 for evacuation
[196.659s][info][gc,phases      ] GC(345)   Pre Evacuate Collection Set: 0.0ms
[196.659s][info][gc,phases      ] GC(345)   Evacuate Collection Set: 8.9ms
[196.659s][info][gc,phases      ] GC(345)   Post Evacuate Collection Set: 1.0ms
[196.659s][info][gc,phases      ] GC(345)   Other: 0.2ms
[196.659s][info][gc,heap        ] GC(345) Eden regions: 1203->0(1199)
[196.659s][info][gc,heap        ] GC(345) Survivor regions: 25->29(154)
[196.659s][info][gc,heap        ] GC(345) Old regions: 5->5
[196.659s][info][gc,heap        ] GC(345) Humongous regions: 3->3
[196.659s][info][gc,metaspace   ] GC(345) Metaspace: 18052K(18688K)->18052K(18688K) NonClass: 15998K(16384K)->15998K(16384K) Class: 2054K(2304K)->2054K(2304K)
[196.659s][info][gc             ] GC(345) Pause Young (Normal) (G1 Evacuation Pause) 1234M->35M(2048M) 10.202ms
[196.659s][info][gc,cpu         ] GC(345) User=0.00s Sys=0.00s Real=0.00s
[197.509s][info][gc,task        ] GC(346) Using 6 workers of 6 for full compaction
[197.509s][info][gc,start       ] GC(346) Pause Full (System.gc())
[197.510s][info][gc,phases,start] GC(346) Phase 1: Mark live objects
[197.512s][info][gc,stringtable ] GC(346) Cleaned string and symbol table, strings: 5676 processed, 0 removed, symbols: 53749 processed, 0 removed
[197.512s][info][gc,phases      ] GC(346) Phase 1: Mark live objects 2.631ms
[197.512s][info][gc,phases,start] GC(346) Phase 2: Prepare for compaction
[197.514s][info][gc,phases      ] GC(346) Phase 2: Prepare for compaction 2.010ms
[197.514s][info][gc,phases,start] GC(346) Phase 3: Adjust pointers
[197.516s][info][gc,phases      ] GC(346) Phase 3: Adjust pointers 1.760ms
[197.516s][info][gc,phases,start] GC(346) Phase 4: Compact heap
[197.518s][info][gc,phases      ] GC(346) Phase 4: Compact heap 1.816ms
[197.520s][info][gc,heap        ] GC(346) Eden regions: 1149->0(1228)
[197.520s][info][gc,heap        ] GC(346) Survivor regions: 29->0(154)
[197.520s][info][gc,heap        ] GC(346) Old regions: 5->5
[197.520s][info][gc,heap        ] GC(346) Humongous regions: 22->0
[197.520s][info][gc,metaspace   ] GC(346) Metaspace: 18052K(18688K)->18052K(18688K) NonClass: 15998K(16384K)->15998K(16384K) Class: 2054K(2304K)->2054K(2304K)
[197.520s][info][gc             ] GC(346) Pause Full (System.gc()) 1203M->3M(2048M) 10.355ms
[197.520s][info][gc,cpu         ] GC(346) User=0.03s Sys=0.00s Real=0.02s
[197.985s][info][gc,start       ] GC(347) Pause Young (Normal) (G1 Evacuation Pause)
[197.985s][info][gc,task        ] GC(347) Using 6 workers of 6 for evacuation
[197.989s][info][gc,phases      ] GC(347)   Pre Evacuate Collection Set: 0.0ms
[197.989s][info][gc,phases      ] GC(347)   Evacuate Collection Set: 2.2ms
[197.989s][info][gc,phases      ] GC(347)   Post Evacuate Collection Set: 0.8ms
[197.989s][info][gc,phases      ] GC(347)   Other: 0.2ms
[197.989s][info][gc,heap        ] GC(347) Eden regions: 1228->0(1222)
[197.989s][info][gc,heap        ] GC(347) Survivor regions: 0->6(154)
[197.989s][info][gc,heap        ] GC(347) Old regions: 5->5
[197.989s][info][gc,heap        ] GC(347) Humongous regions: 0->0
[197.989s][info][gc,metaspace   ] GC(347) Metaspace: 18052K(18688K)->18052K(18688K) NonClass: 15998K(16384K)->15998K(16384K) Class: 2054K(2304K)->2054K(2304K)
[197.989s][info][gc             ] GC(347) Pause Young (Normal) (G1 Evacuation Pause) 1231M->9M(2048M) 3.350ms
[197.989s][info][gc,cpu         ] GC(347) User=0.00s Sys=0.00s Real=0.00s
[198.476s][info][gc,start       ] GC(348) Pause Young (Normal) (G1 Evacuation Pause)
[198.476s][info][gc,task        ] GC(348) Using 6 workers of 6 for evacuation
[198.482s][info][gc,phases      ] GC(348)   Pre Evacuate Collection Set: 0.0ms
[198.482s][info][gc,phases      ] GC(348)   Evacuate Collection Set: 4.1ms
[198.482s][info][gc,phases      ] GC(348)   Post Evacuate Collection Set: 1.1ms
[198.482s][info][gc,phases      ] GC(348)   Other: 0.2ms
[198.482s][info][gc,heap        ] GC(348) Eden regions: 1222->0(1220)
[198.482s][info][gc,heap        ] GC(348) Survivor regions: 6->8(154)
[198.482s][info][gc,heap        ] GC(348) Old regions: 5->5
[198.482s][info][gc,heap        ] GC(348) Humongous regions: 0->0
[198.482s][info][gc,metaspace   ] GC(348) Metaspace: 18052K(18688K)->18052K(18688K) NonClass: 15998K(16384K)->15998K(16384K) Class: 2054K(2304K)->2054K(2304K)
[198.482s][info][gc             ] GC(348) Pause Young (Normal) (G1 Evacuation Pause) 1231M->11M(2048M) 5.532ms
[198.482s][info][gc,cpu         ] GC(348) User=0.00s Sys=0.00s Real=0.00s
[199.035s][info][gc,start       ] GC(349) Pause Young (Normal) (G1 Evacuation Pause)
[199.035s][info][gc,task        ] GC(349) Using 6 workers of 6 for evacuation
[199.042s][info][gc,phases      ] GC(349)   Pre Evacuate Collection Set: 0.1ms
[199.042s][info][gc,phases      ] GC(349)   Evacuate Collection Set: 5.2ms
[199.042s][info][gc,phases      ] GC(349)   Post Evacuate Collection Set: 1.0ms
[199.042s][info][gc,phases      ] GC(349)   Other: 0.4ms
[199.042s][info][gc,heap        ] GC(349) Eden regions: 1220->0(1216)
[199.042s][info][gc,heap        ] GC(349) Survivor regions: 8->12(154)
[199.042s][info][gc,heap        ] GC(349) Old regions: 5->5
[199.042s][info][gc,heap        ] GC(349) Humongous regions: 0->0
[199.042s][info][gc,metaspace   ] GC(349) Metaspace: 18052K(18688K)->18052K(18688K) NonClass: 15998K(16384K)->15998K(16384K) Class: 2054K(2304K)->2054K(2304K)
[199.042s][info][gc             ] GC(349) Pause Young (Normal) (G1 Evacuation Pause) 1231M->15M(2048M) 6.647ms
[199.042s][info][gc,cpu         ] GC(349) User=0.00s Sys=0.00s Real=0.00s
[199.649s][info][gc,start       ] GC(350) Pause Young (Normal) (G1 Evacuation Pause)
[199.649s][info][gc,task        ] GC(350) Using 6 workers of 6 for evacuation
[199.660s][info][gc,phases      ] GC(350)   Pre Evacuate Collection Set: 0.0ms
[199.660s][info][gc,phases      ] GC(350)   Evacuate Collection Set: 10.3ms
[199.660s][info][gc,phases      ] GC(350)   Post Evacuate Collection Set: 0.9ms
[199.660s][info][gc,phases      ] GC(350)   Other: 0.3ms
[199.660s][info][gc,heap        ] GC(350) Eden regions: 1216->0(1203)
[199.660s][info][gc,heap        ] GC(350) Survivor regions: 12->25(154)
[199.660s][info][gc,heap        ] GC(350) Old regions: 5->5
[199.660s][info][gc,heap        ] GC(350) Humongous regions: 3->3
[199.660s][info][gc,metaspace   ] GC(350) Metaspace: 18052K(18688K)->18052K(18688K) NonClass: 15998K(16384K)->15998K(16384K) Class: 2054K(2304K)->2054K(2304K)
[199.660s][info][gc             ] GC(350) Pause Young (Normal) (G1 Evacuation Pause) 1234M->31M(2048M) 11.715ms
[199.660s][info][gc,cpu         ] GC(350) User=0.00s Sys=0.00s Real=0.02s
[200.246s][info][gc,start       ] GC(351) Pause Young (Normal) (G1 Evacuation Pause)
[200.246s][info][gc,task        ] GC(351) Using 6 workers of 6 for evacuation
[200.257s][info][gc,phases      ] GC(351)   Pre Evacuate Collection Set: 0.1ms
[200.257s][info][gc,phases      ] GC(351)   Evacuate Collection Set: 8.9ms
[200.257s][info][gc,phases      ] GC(351)   Post Evacuate Collection Set: 1.1ms
[200.257s][info][gc,phases      ] GC(351)   Other: 0.4ms
[200.257s][info][gc,heap        ] GC(351) Eden regions: 1203->0(1199)
[200.257s][info][gc,heap        ] GC(351) Survivor regions: 25->29(154)
[200.257s][info][gc,heap        ] GC(351) Old regions: 5->5
[200.257s][info][gc,heap        ] GC(351) Humongous regions: 3->3
[200.257s][info][gc,metaspace   ] GC(351) Metaspace: 18052K(18688K)->18052K(18688K) NonClass: 15998K(16384K)->15998K(16384K) Class: 2054K(2304K)->2054K(2304K)
[200.257s][info][gc             ] GC(351) Pause Young (Normal) (G1 Evacuation Pause) 1234M->35M(2048M) 10.547ms
[200.257s][info][gc,cpu         ] GC(351) User=0.02s Sys=0.00s Real=0.02s
[201.106s][info][gc,task        ] GC(352) Using 6 workers of 6 for full compaction
[201.106s][info][gc,start       ] GC(352) Pause Full (System.gc())
[201.106s][info][gc,phases,start] GC(352) Phase 1: Mark live objects
[201.108s][info][gc,stringtable ] GC(352) Cleaned string and symbol table, strings: 5676 processed, 0 removed, symbols: 53749 processed, 0 removed
[201.108s][info][gc,phases      ] GC(352) Phase 1: Mark live objects 2.333ms
[201.108s][info][gc,phases,start] GC(352) Phase 2: Prepare for compaction
[201.110s][info][gc,phases      ] GC(352) Phase 2: Prepare for compaction 2.092ms
[201.110s][info][gc,phases,start] GC(352) Phase 3: Adjust pointers
[201.112s][info][gc,phases      ] GC(352) Phase 3: Adjust pointers 1.775ms
[201.112s][info][gc,phases,start] GC(352) Phase 4: Compact heap
[201.115s][info][gc,phases      ] GC(352) Phase 4: Compact heap 2.217ms
[201.117s][info][gc,heap        ] GC(352) Eden regions: 1150->0(1228)
[201.117s][info][gc,heap        ] GC(352) Survivor regions: 29->0(154)
[201.117s][info][gc,heap        ] GC(352) Old regions: 5->6
[201.117s][info][gc,heap        ] GC(352) Humongous regions: 22->0
[201.117s][info][gc,metaspace   ] GC(352) Metaspace: 18052K(18688K)->18052K(18688K) NonClass: 15998K(16384K)->15998K(16384K) Class: 2054K(2304K)->2054K(2304K)
[201.117s][info][gc             ] GC(352) Pause Full (System.gc()) 1204M->3M(2048M) 10.791ms
[201.117s][info][gc,cpu         ] GC(352) User=0.00s Sys=0.00s Real=0.00s
[201.585s][info][gc,start       ] GC(353) Pause Young (Normal) (G1 Evacuation Pause)
[201.585s][info][gc,task        ] GC(353) Using 6 workers of 6 for evacuation
[201.589s][info][gc,phases      ] GC(353)   Pre Evacuate Collection Set: 0.0ms
[201.589s][info][gc,phases      ] GC(353)   Evacuate Collection Set: 2.1ms
[201.589s][info][gc,phases      ] GC(353)   Post Evacuate Collection Set: 0.9ms
[201.589s][info][gc,phases      ] GC(353)   Other: 0.2ms
[201.589s][info][gc,heap        ] GC(353) Eden regions: 1228->0(1223)
[201.589s][info][gc,heap        ] GC(353) Survivor regions: 0->5(154)
[201.589s][info][gc,heap        ] GC(353) Old regions: 6->6
[201.589s][info][gc,heap        ] GC(353) Humongous regions: 0->0
[201.589s][info][gc,metaspace   ] GC(353) Metaspace: 18054K(18688K)->18054K(18688K) NonClass: 16000K(16384K)->16000K(16384K) Class: 2054K(2304K)->2054K(2304K)
[201.589s][info][gc             ] GC(353) Pause Young (Normal) (G1 Evacuation Pause) 1231M->8M(2048M) 3.344ms
[201.589s][info][gc,cpu         ] GC(353) User=0.00s Sys=0.00s Real=0.00s
[201.967s][info][gc,start       ] GC(354) Pause Young (Normal) (G1 Evacuation Pause)
[201.967s][info][gc,task        ] GC(354) Using 6 workers of 6 for evacuation
[201.971s][info][gc,phases      ] GC(354)   Pre Evacuate Collection Set: 0.1ms
[201.971s][info][gc,phases      ] GC(354)   Evacuate Collection Set: 3.0ms
[201.972s][info][gc,phases      ] GC(354)   Post Evacuate Collection Set: 0.9ms
[201.972s][info][gc,phases      ] GC(354)   Other: 0.4ms
[201.972s][info][gc,heap        ] GC(354) Eden regions: 1223->0(1220)
[201.972s][info][gc,heap        ] GC(354) Survivor regions: 5->8(154)
[201.972s][info][gc,heap        ] GC(354) Old regions: 6->6
[201.972s][info][gc,heap        ] GC(354) Humongous regions: 0->0
[201.972s][info][gc,metaspace   ] GC(354) Metaspace: 18054K(18688K)->18054K(18688K) NonClass: 16000K(16384K)->16000K(16384K) Class: 2054K(2304K)->2054K(2304K)
[201.972s][info][gc             ] GC(354) Pause Young (Normal) (G1 Evacuation Pause) 1231M->11M(2048M) 4.522ms
[201.972s][info][gc,cpu         ] GC(354) User=0.00s Sys=0.00s Real=0.01s
[202.526s][info][gc,start       ] GC(355) Pause Young (Normal) (G1 Evacuation Pause)
[202.526s][info][gc,task        ] GC(355) Using 6 workers of 6 for evacuation
[202.533s][info][gc,phases      ] GC(355)   Pre Evacuate Collection Set: 0.1ms
[202.533s][info][gc,phases      ] GC(355)   Evacuate Collection Set: 5.2ms
[202.533s][info][gc,phases      ] GC(355)   Post Evacuate Collection Set: 1.1ms
[202.533s][info][gc,phases      ] GC(355)   Other: 0.4ms
[202.533s][info][gc,heap        ] GC(355) Eden regions: 1220->0(1216)
[202.533s][info][gc,heap        ] GC(355) Survivor regions: 8->12(154)
[202.533s][info][gc,heap        ] GC(355) Old regions: 6->6
[202.533s][info][gc,heap        ] GC(355) Humongous regions: 0->0
[202.533s][info][gc,metaspace   ] GC(355) Metaspace: 18054K(18688K)->18054K(18688K) NonClass: 16000K(16384K)->16000K(16384K) Class: 2054K(2304K)->2054K(2304K)
[202.533s][info][gc             ] GC(355) Pause Young (Normal) (G1 Evacuation Pause) 1231M->15M(2048M) 6.924ms
[202.533s][info][gc,cpu         ] GC(355) User=0.00s Sys=0.00s Real=0.02s
[203.141s][info][gc,start       ] GC(356) Pause Young (Normal) (G1 Evacuation Pause)
[203.141s][info][gc,task        ] GC(356) Using 6 workers of 6 for evacuation
[203.153s][info][gc,phases      ] GC(356)   Pre Evacuate Collection Set: 0.0ms
[203.153s][info][gc,phases      ] GC(356)   Evacuate Collection Set: 10.7ms
[203.153s][info][gc,phases      ] GC(356)   Post Evacuate Collection Set: 0.9ms
[203.153s][info][gc,phases      ] GC(356)   Other: 0.3ms
[203.153s][info][gc,heap        ] GC(356) Eden regions: 1216->0(1203)
[203.153s][info][gc,heap        ] GC(356) Survivor regions: 12->25(154)
[203.153s][info][gc,heap        ] GC(356) Old regions: 6->6
[203.153s][info][gc,heap        ] GC(356) Humongous regions: 3->3
[203.153s][info][gc,metaspace   ] GC(356) Metaspace: 18054K(18688K)->18054K(18688K) NonClass: 16000K(16384K)->16000K(16384K) Class: 2054K(2304K)->2054K(2304K)
[203.153s][info][gc             ] GC(356) Pause Young (Normal) (G1 Evacuation Pause) 1234M->31M(2048M) 12.055ms
[203.153s][info][gc,cpu         ] GC(356) User=0.02s Sys=0.00s Real=0.02s
[203.728s][info][gc,start       ] GC(357) Pause Young (Normal) (G1 Evacuation Pause)
[203.729s][info][gc,task        ] GC(357) Using 6 workers of 6 for evacuation
[203.738s][info][gc,phases      ] GC(357)   Pre Evacuate Collection Set: 0.0ms
[203.738s][info][gc,phases      ] GC(357)   Evacuate Collection Set: 8.5ms
[203.738s][info][gc,phases      ] GC(357)   Post Evacuate Collection Set: 0.9ms
[203.738s][info][gc,phases      ] GC(357)   Other: 0.2ms
[203.738s][info][gc,heap        ] GC(357) Eden regions: 1203->0(1199)
[203.738s][info][gc,heap        ] GC(357) Survivor regions: 25->29(154)
[203.738s][info][gc,heap        ] GC(357) Old regions: 6->6
[203.738s][info][gc,heap        ] GC(357) Humongous regions: 3->3
[203.738s][info][gc,metaspace   ] GC(357) Metaspace: 18054K(18688K)->18054K(18688K) NonClass: 16000K(16384K)->16000K(16384K) Class: 2054K(2304K)->2054K(2304K)
[203.738s][info][gc             ] GC(357) Pause Young (Normal) (G1 Evacuation Pause) 1234M->35M(2048M) 9.789ms
[203.738s][info][gc,cpu         ] GC(357) User=0.00s Sys=0.00s Real=0.00s
[204.587s][info][gc,task        ] GC(358) Using 6 workers of 6 for full compaction
[204.587s][info][gc,start       ] GC(358) Pause Full (System.gc())
[204.588s][info][gc,phases,start] GC(358) Phase 1: Mark live objects
[204.590s][info][gc,stringtable ] GC(358) Cleaned string and symbol table, strings: 5676 processed, 0 removed, symbols: 53749 processed, 0 removed
[204.590s][info][gc,phases      ] GC(358) Phase 1: Mark live objects 2.569ms
[204.590s][info][gc,phases,start] GC(358) Phase 2: Prepare for compaction
[204.592s][info][gc,phases      ] GC(358) Phase 2: Prepare for compaction 2.119ms
[204.592s][info][gc,phases,start] GC(358) Phase 3: Adjust pointers
[204.594s][info][gc,phases      ] GC(358) Phase 3: Adjust pointers 2.138ms
[204.594s][info][gc,phases,start] GC(358) Phase 4: Compact heap
[204.596s][info][gc,phases      ] GC(358) Phase 4: Compact heap 1.826ms
[204.598s][info][gc,heap        ] GC(358) Eden regions: 1149->0(1228)
[204.598s][info][gc,heap        ] GC(358) Survivor regions: 29->0(154)
[204.598s][info][gc,heap        ] GC(358) Old regions: 6->6
[204.598s][info][gc,heap        ] GC(358) Humongous regions: 22->0
[204.598s][info][gc,metaspace   ] GC(358) Metaspace: 18054K(18688K)->18054K(18688K) NonClass: 16000K(16384K)->16000K(16384K) Class: 2054K(2304K)->2054K(2304K)
[204.598s][info][gc             ] GC(358) Pause Full (System.gc()) 1203M->3M(2048M) 10.899ms
[204.598s][info][gc,cpu         ] GC(358) User=0.02s Sys=0.00s Real=0.02s
[204.949s][info][gc,start       ] GC(359) Pause Young (Normal) (G1 Evacuation Pause)
[204.949s][info][gc,task        ] GC(359) Using 6 workers of 6 for evacuation
[204.952s][info][gc,phases      ] GC(359)   Pre Evacuate Collection Set: 0.0ms
[204.952s][info][gc,phases      ] GC(359)   Evacuate Collection Set: 2.1ms
[204.952s][info][gc,phases      ] GC(359)   Post Evacuate Collection Set: 0.8ms
[204.952s][info][gc,phases      ] GC(359)   Other: 0.2ms
[204.952s][info][gc,heap        ] GC(359) Eden regions: 1228->0(1224)
[204.952s][info][gc,heap        ] GC(359) Survivor regions: 0->4(154)
[204.952s][info][gc,heap        ] GC(359) Old regions: 6->6
[204.952s][info][gc,heap        ] GC(359) Humongous regions: 0->0
[204.952s][info][gc,metaspace   ] GC(359) Metaspace: 18054K(18688K)->18054K(18688K) NonClass: 16000K(16384K)->16000K(16384K) Class: 2054K(2304K)->2054K(2304K)
[204.952s][info][gc             ] GC(359) Pause Young (Normal) (G1 Evacuation Pause) 1231M->7M(2048M) 3.291ms
[204.952s][info][gc,cpu         ] GC(359) User=0.02s Sys=0.00s Real=0.02s
[205.281s][info][gc,start       ] GC(360) Pause Young (Normal) (G1 Evacuation Pause)
[205.281s][info][gc,task        ] GC(360) Using 6 workers of 6 for evacuation
[205.286s][info][gc,phases      ] GC(360)   Pre Evacuate Collection Set: 0.0ms
[205.286s][info][gc,phases      ] GC(360)   Evacuate Collection Set: 3.0ms
[205.286s][info][gc,phases      ] GC(360)   Post Evacuate Collection Set: 0.9ms
[205.286s][info][gc,phases      ] GC(360)   Other: 0.2ms
[205.286s][info][gc,heap        ] GC(360) Eden regions: 1224->0(1220)
[205.286s][info][gc,heap        ] GC(360) Survivor regions: 4->8(154)
[205.286s][info][gc,heap        ] GC(360) Old regions: 6->6
[205.286s][info][gc,heap        ] GC(360) Humongous regions: 0->0
[205.286s][info][gc,metaspace   ] GC(360) Metaspace: 18054K(18688K)->18054K(18688K) NonClass: 16000K(16384K)->16000K(16384K) Class: 2054K(2304K)->2054K(2304K)
[205.286s][info][gc             ] GC(360) Pause Young (Normal) (G1 Evacuation Pause) 1231M->11M(2048M) 4.274ms
[205.286s][info][gc,cpu         ] GC(360) User=0.00s Sys=0.00s Real=0.00s
[205.787s][info][gc,start       ] GC(361) Pause Young (Normal) (G1 Evacuation Pause)
[205.787s][info][gc,task        ] GC(361) Using 6 workers of 6 for evacuation
[205.793s][info][gc,phases      ] GC(361)   Pre Evacuate Collection Set: 0.0ms
[205.793s][info][gc,phases      ] GC(361)   Evacuate Collection Set: 5.3ms
[205.793s][info][gc,phases      ] GC(361)   Post Evacuate Collection Set: 0.9ms
[205.793s][info][gc,phases      ] GC(361)   Other: 0.3ms
[205.793s][info][gc,heap        ] GC(361) Eden regions: 1220->0(1216)
[205.793s][info][gc,heap        ] GC(361) Survivor regions: 8->12(154)
[205.793s][info][gc,heap        ] GC(361) Old regions: 6->6
[205.793s][info][gc,heap        ] GC(361) Humongous regions: 0->0
[205.793s][info][gc,metaspace   ] GC(361) Metaspace: 18054K(18688K)->18054K(18688K) NonClass: 16000K(16384K)->16000K(16384K) Class: 2054K(2304K)->2054K(2304K)
[205.793s][info][gc             ] GC(361) Pause Young (Normal) (G1 Evacuation Pause) 1231M->15M(2048M) 6.633ms
[205.793s][info][gc,cpu         ] GC(361) User=0.00s Sys=0.00s Real=0.01s
[206.401s][info][gc,start       ] GC(362) Pause Young (Normal) (G1 Evacuation Pause)
[206.401s][info][gc,task        ] GC(362) Using 6 workers of 6 for evacuation
[206.412s][info][gc,phases      ] GC(362)   Pre Evacuate Collection Set: 0.0ms
[206.413s][info][gc,phases      ] GC(362)   Evacuate Collection Set: 10.4ms
[206.413s][info][gc,phases      ] GC(362)   Post Evacuate Collection Set: 0.9ms
[206.413s][info][gc,phases      ] GC(362)   Other: 0.4ms
[206.413s][info][gc,heap        ] GC(362) Eden regions: 1216->0(1203)
[206.413s][info][gc,heap        ] GC(362) Survivor regions: 12->25(154)
[206.413s][info][gc,heap        ] GC(362) Old regions: 6->6
[206.413s][info][gc,heap        ] GC(362) Humongous regions: 3->3
[206.413s][info][gc,metaspace   ] GC(362) Metaspace: 18054K(18688K)->18054K(18688K) NonClass: 16000K(16384K)->16000K(16384K) Class: 2054K(2304K)->2054K(2304K)
[206.413s][info][gc             ] GC(362) Pause Young (Normal) (G1 Evacuation Pause) 1234M->31M(2048M) 11.722ms
[206.413s][info][gc,cpu         ] GC(362) User=0.02s Sys=0.00s Real=0.01s
[206.985s][info][gc,start       ] GC(363) Pause Young (Normal) (G1 Evacuation Pause)
[206.985s][info][gc,task        ] GC(363) Using 6 workers of 6 for evacuation
[206.996s][info][gc,phases      ] GC(363)   Pre Evacuate Collection Set: 0.0ms
[206.996s][info][gc,phases      ] GC(363)   Evacuate Collection Set: 8.9ms
[206.996s][info][gc,phases      ] GC(363)   Post Evacuate Collection Set: 1.0ms
[206.996s][info][gc,phases      ] GC(363)   Other: 0.2ms
[206.996s][info][gc,heap        ] GC(363) Eden regions: 1203->0(1199)
[206.996s][info][gc,heap        ] GC(363) Survivor regions: 25->29(154)
[206.996s][info][gc,heap        ] GC(363) Old regions: 6->6
[206.996s][info][gc,heap        ] GC(363) Humongous regions: 3->3
[206.996s][info][gc,metaspace   ] GC(363) Metaspace: 18054K(18688K)->18054K(18688K) NonClass: 16000K(16384K)->16000K(16384K) Class: 2054K(2304K)->2054K(2304K)
[206.996s][info][gc             ] GC(363) Pause Young (Normal) (G1 Evacuation Pause) 1234M->35M(2048M) 10.267ms
[206.996s][info][gc,cpu         ] GC(363) User=0.02s Sys=0.00s Real=0.02s
[207.846s][info][gc,task        ] GC(364) Using 6 workers of 6 for full compaction
[207.846s][info][gc,start       ] GC(364) Pause Full (System.gc())
[207.846s][info][gc,phases,start] GC(364) Phase 1: Mark live objects
[207.848s][info][gc,stringtable ] GC(364) Cleaned string and symbol table, strings: 5676 processed, 0 removed, symbols: 53749 processed, 0 removed
[207.848s][info][gc,phases      ] GC(364) Phase 1: Mark live objects 2.664ms
[207.848s][info][gc,phases,start] GC(364) Phase 2: Prepare for compaction
[207.851s][info][gc,phases      ] GC(364) Phase 2: Prepare for compaction 2.082ms
[207.851s][info][gc,phases,start] GC(364) Phase 3: Adjust pointers
[207.853s][info][gc,phases      ] GC(364) Phase 3: Adjust pointers 1.858ms
[207.853s][info][gc,phases,start] GC(364) Phase 4: Compact heap
[207.855s][info][gc,phases      ] GC(364) Phase 4: Compact heap 2.028ms
[207.857s][info][gc,heap        ] GC(364) Eden regions: 1148->0(1228)
[207.857s][info][gc,heap        ] GC(364) Survivor regions: 29->0(154)
[207.857s][info][gc,heap        ] GC(364) Old regions: 6->6
[207.857s][info][gc,heap        ] GC(364) Humongous regions: 22->0
[207.857s][info][gc,metaspace   ] GC(364) Metaspace: 18054K(18688K)->18054K(18688K) NonClass: 16000K(16384K)->16000K(16384K) Class: 2054K(2304K)->2054K(2304K)
[207.857s][info][gc             ] GC(364) Pause Full (System.gc()) 1202M->3M(2048M) 11.440ms
[207.857s][info][gc,cpu         ] GC(364) User=0.00s Sys=0.00s Real=0.01s
[208.224s][info][gc,start       ] GC(365) Pause Young (Normal) (G1 Evacuation Pause)
[208.224s][info][gc,task        ] GC(365) Using 6 workers of 6 for evacuation
[208.227s][info][gc,phases      ] GC(365)   Pre Evacuate Collection Set: 0.0ms
[208.227s][info][gc,phases      ] GC(365)   Evacuate Collection Set: 2.2ms
[208.227s][info][gc,phases      ] GC(365)   Post Evacuate Collection Set: 0.8ms
[208.227s][info][gc,phases      ] GC(365)   Other: 0.2ms
[208.227s][info][gc,heap        ] GC(365) Eden regions: 1228->0(1222)
[208.227s][info][gc,heap        ] GC(365) Survivor regions: 0->6(154)
[208.227s][info][gc,heap        ] GC(365) Old regions: 6->6
[208.227s][info][gc,heap        ] GC(365) Humongous regions: 0->0
[208.227s][info][gc,metaspace   ] GC(365) Metaspace: 18054K(18688K)->18054K(18688K) NonClass: 16000K(16384K)->16000K(16384K) Class: 2054K(2304K)->2054K(2304K)
[208.227s][info][gc             ] GC(365) Pause Young (Normal) (G1 Evacuation Pause) 1231M->9M(2048M) 3.304ms
[208.227s][info][gc,cpu         ] GC(365) User=0.00s Sys=0.00s Real=0.00s
[208.583s][info][gc,start       ] GC(366) Pause Young (Normal) (G1 Evacuation Pause)
[208.583s][info][gc,task        ] GC(366) Using 6 workers of 6 for evacuation
[208.587s][info][gc,phases      ] GC(366)   Pre Evacuate Collection Set: 0.0ms
[208.587s][info][gc,phases      ] GC(366)   Evacuate Collection Set: 3.0ms
[208.587s][info][gc,phases      ] GC(366)   Post Evacuate Collection Set: 1.0ms
[208.587s][info][gc,phases      ] GC(366)   Other: 0.2ms
[208.587s][info][gc,heap        ] GC(366) Eden regions: 1222->0(1220)
[208.587s][info][gc,heap        ] GC(366) Survivor regions: 6->8(154)
[208.587s][info][gc,heap        ] GC(366) Old regions: 6->6
[208.587s][info][gc,heap        ] GC(366) Humongous regions: 0->0
[208.587s][info][gc,metaspace   ] GC(366) Metaspace: 18054K(18688K)->18054K(18688K) NonClass: 16000K(16384K)->16000K(16384K) Class: 2054K(2304K)->2054K(2304K)
[208.587s][info][gc             ] GC(366) Pause Young (Normal) (G1 Evacuation Pause) 1231M->11M(2048M) 4.378ms
[208.587s][info][gc,cpu         ] GC(366) User=0.00s Sys=0.00s Real=0.00s
[209.092s][info][gc,start       ] GC(367) Pause Young (Normal) (G1 Evacuation Pause)
[209.092s][info][gc,task        ] GC(367) Using 6 workers of 6 for evacuation
[209.099s][info][gc,phases      ] GC(367)   Pre Evacuate Collection Set: 0.0ms
[209.099s][info][gc,phases      ] GC(367)   Evacuate Collection Set: 5.3ms
[209.099s][info][gc,phases      ] GC(367)   Post Evacuate Collection Set: 1.0ms
[209.099s][info][gc,phases      ] GC(367)   Other: 0.3ms
[209.099s][info][gc,heap        ] GC(367) Eden regions: 1220->0(1216)
[209.099s][info][gc,heap        ] GC(367) Survivor regions: 8->12(154)
[209.099s][info][gc,heap        ] GC(367) Old regions: 6->6
[209.099s][info][gc,heap        ] GC(367) Humongous regions: 0->0
[209.099s][info][gc,metaspace   ] GC(367) Metaspace: 18054K(18688K)->18054K(18688K) NonClass: 16000K(16384K)->16000K(16384K) Class: 2054K(2304K)->2054K(2304K)
[209.099s][info][gc             ] GC(367) Pause Young (Normal) (G1 Evacuation Pause) 1231M->15M(2048M) 6.781ms
[209.099s][info][gc,cpu         ] GC(367) User=0.02s Sys=0.00s Real=0.02s
[209.707s][info][gc,start       ] GC(368) Pause Young (Normal) (G1 Evacuation Pause)
[209.707s][info][gc,task        ] GC(368) Using 6 workers of 6 for evacuation
[209.719s][info][gc,phases      ] GC(368)   Pre Evacuate Collection Set: 0.1ms
[209.719s][info][gc,phases      ] GC(368)   Evacuate Collection Set: 10.4ms
[209.719s][info][gc,phases      ] GC(368)   Post Evacuate Collection Set: 0.9ms
[209.719s][info][gc,phases      ] GC(368)   Other: 0.4ms
[209.719s][info][gc,heap        ] GC(368) Eden regions: 1216->0(1203)
[209.719s][info][gc,heap        ] GC(368) Survivor regions: 12->25(154)
[209.719s][info][gc,heap        ] GC(368) Old regions: 6->6
[209.719s][info][gc,heap        ] GC(368) Humongous regions: 3->3
[209.719s][info][gc,metaspace   ] GC(368) Metaspace: 18054K(18688K)->18054K(18688K) NonClass: 16000K(16384K)->16000K(16384K) Class: 2054K(2304K)->2054K(2304K)
[209.719s][info][gc             ] GC(368) Pause Young (Normal) (G1 Evacuation Pause) 1234M->31M(2048M) 11.866ms
[209.719s][info][gc,cpu         ] GC(368) User=0.02s Sys=0.00s Real=0.01s
[210.292s][info][gc,start       ] GC(369) Pause Young (Normal) (G1 Evacuation Pause)
[210.292s][info][gc,task        ] GC(369) Using 6 workers of 6 for evacuation
[210.302s][info][gc,phases      ] GC(369)   Pre Evacuate Collection Set: 0.0ms
[210.302s][info][gc,phases      ] GC(369)   Evacuate Collection Set: 8.9ms
[210.302s][info][gc,phases      ] GC(369)   Post Evacuate Collection Set: 1.0ms
[210.302s][info][gc,phases      ] GC(369)   Other: 0.3ms
[210.302s][info][gc,heap        ] GC(369) Eden regions: 1203->0(1199)
[210.302s][info][gc,heap        ] GC(369) Survivor regions: 25->29(154)
[210.302s][info][gc,heap        ] GC(369) Old regions: 6->6
[210.302s][info][gc,heap        ] GC(369) Humongous regions: 3->3
[210.302s][info][gc,metaspace   ] GC(369) Metaspace: 18054K(18688K)->18054K(18688K) NonClass: 16000K(16384K)->16000K(16384K) Class: 2054K(2304K)->2054K(2304K)
[210.303s][info][gc             ] GC(369) Pause Young (Normal) (G1 Evacuation Pause) 1234M->35M(2048M) 10.354ms
[210.303s][info][gc,cpu         ] GC(369) User=0.00s Sys=0.00s Real=0.01s
[211.152s][info][gc,task        ] GC(370) Using 6 workers of 6 for full compaction
[211.152s][info][gc,start       ] GC(370) Pause Full (System.gc())
[211.152s][info][gc,phases,start] GC(370) Phase 1: Mark live objects
[211.155s][info][gc,stringtable ] GC(370) Cleaned string and symbol table, strings: 5676 processed, 0 removed, symbols: 53749 processed, 0 removed
[211.155s][info][gc,phases      ] GC(370) Phase 1: Mark live objects 2.458ms
[211.155s][info][gc,phases,start] GC(370) Phase 2: Prepare for compaction
[211.157s][info][gc,phases      ] GC(370) Phase 2: Prepare for compaction 2.067ms
[211.157s][info][gc,phases,start] GC(370) Phase 3: Adjust pointers
[211.159s][info][gc,phases      ] GC(370) Phase 3: Adjust pointers 1.938ms
[211.159s][info][gc,phases,start] GC(370) Phase 4: Compact heap
[211.161s][info][gc,phases      ] GC(370) Phase 4: Compact heap 1.953ms
[211.163s][info][gc,heap        ] GC(370) Eden regions: 1150->0(1228)
[211.163s][info][gc,heap        ] GC(370) Survivor regions: 29->0(154)
[211.163s][info][gc,heap        ] GC(370) Old regions: 6->6
[211.163s][info][gc,heap        ] GC(370) Humongous regions: 22->0
[211.163s][info][gc,metaspace   ] GC(370) Metaspace: 18054K(18688K)->18054K(18688K) NonClass: 16000K(16384K)->16000K(16384K) Class: 2054K(2304K)->2054K(2304K)
[211.163s][info][gc             ] GC(370) Pause Full (System.gc()) 1204M->3M(2048M) 10.611ms
[211.163s][info][gc,cpu         ] GC(370) User=0.05s Sys=0.02s Real=0.02s
[211.604s][info][gc,start       ] GC(371) Pause Young (Normal) (G1 Evacuation Pause)
[211.604s][info][gc,task        ] GC(371) Using 6 workers of 6 for evacuation
[211.607s][info][gc,phases      ] GC(371)   Pre Evacuate Collection Set: 0.1ms
[211.607s][info][gc,phases      ] GC(371)   Evacuate Collection Set: 2.2ms
[211.607s][info][gc,phases      ] GC(371)   Post Evacuate Collection Set: 0.8ms
[211.607s][info][gc,phases      ] GC(371)   Other: 0.3ms
[211.607s][info][gc,heap        ] GC(371) Eden regions: 1228->0(1222)
[211.607s][info][gc,heap        ] GC(371) Survivor regions: 0->6(154)
[211.607s][info][gc,heap        ] GC(371) Old regions: 6->6
[211.607s][info][gc,heap        ] GC(371) Humongous regions: 0->0
[211.607s][info][gc,metaspace   ] GC(371) Metaspace: 18054K(18688K)->18054K(18688K) NonClass: 16000K(16384K)->16000K(16384K) Class: 2054K(2304K)->2054K(2304K)
[211.607s][info][gc             ] GC(371) Pause Young (Normal) (G1 Evacuation Pause) 1231M->9M(2048M) 3.489ms
[211.607s][info][gc,cpu         ] GC(371) User=0.00s Sys=0.00s Real=0.01s
[212.061s][info][gc,start       ] GC(372) Pause Young (Normal) (G1 Evacuation Pause)
[212.061s][info][gc,task        ] GC(372) Using 6 workers of 6 for evacuation
[212.065s][info][gc,phases      ] GC(372)   Pre Evacuate Collection Set: 0.0ms
[212.065s][info][gc,phases      ] GC(372)   Evacuate Collection Set: 3.1ms
[212.065s][info][gc,phases      ] GC(372)   Post Evacuate Collection Set: 1.0ms
[212.065s][info][gc,phases      ] GC(372)   Other: 0.3ms
[212.065s][info][gc,heap        ] GC(372) Eden regions: 1222->0(1220)
[212.065s][info][gc,heap        ] GC(372) Survivor regions: 6->8(154)
[212.065s][info][gc,heap        ] GC(372) Old regions: 6->6
[212.065s][info][gc,heap        ] GC(372) Humongous regions: 0->0
[212.065s][info][gc,metaspace   ] GC(372) Metaspace: 18054K(18688K)->18054K(18688K) NonClass: 16000K(16384K)->16000K(16384K) Class: 2054K(2304K)->2054K(2304K)
[212.065s][info][gc             ] GC(372) Pause Young (Normal) (G1 Evacuation Pause) 1231M->11M(2048M) 4.536ms
[212.065s][info][gc,cpu         ] GC(372) User=0.02s Sys=0.00s Real=0.02s
[212.618s][info][gc,start       ] GC(373) Pause Young (Normal) (G1 Evacuation Pause)
[212.618s][info][gc,task        ] GC(373) Using 6 workers of 6 for evacuation
[212.625s][info][gc,phases      ] GC(373)   Pre Evacuate Collection Set: 0.0ms
[212.625s][info][gc,phases      ] GC(373)   Evacuate Collection Set: 5.3ms
[212.625s][info][gc,phases      ] GC(373)   Post Evacuate Collection Set: 1.0ms
[212.625s][info][gc,phases      ] GC(373)   Other: 0.2ms
[212.625s][info][gc,heap        ] GC(373) Eden regions: 1220->0(1216)
[212.625s][info][gc,heap        ] GC(373) Survivor regions: 8->12(154)
[212.625s][info][gc,heap        ] GC(373) Old regions: 6->6
[212.625s][info][gc,heap        ] GC(373) Humongous regions: 0->0
[212.625s][info][gc,metaspace   ] GC(373) Metaspace: 18054K(18688K)->18054K(18688K) NonClass: 16000K(16384K)->16000K(16384K) Class: 2054K(2304K)->2054K(2304K)
[212.625s][info][gc             ] GC(373) Pause Young (Normal) (G1 Evacuation Pause) 1231M->15M(2048M) 6.702ms
[212.625s][info][gc,cpu         ] GC(373) User=0.00s Sys=0.00s Real=0.00s
[213.233s][info][gc,start       ] GC(374) Pause Young (Normal) (G1 Evacuation Pause)
[213.233s][info][gc,task        ] GC(374) Using 6 workers of 6 for evacuation
[213.245s][info][gc,phases      ] GC(374)   Pre Evacuate Collection Set: 0.1ms
[213.245s][info][gc,phases      ] GC(374)   Evacuate Collection Set: 10.4ms
[213.245s][info][gc,phases      ] GC(374)   Post Evacuate Collection Set: 1.0ms
[213.245s][info][gc,phases      ] GC(374)   Other: 0.4ms
[213.245s][info][gc,heap        ] GC(374) Eden regions: 1216->0(1203)
[213.245s][info][gc,heap        ] GC(374) Survivor regions: 12->25(154)
[213.245s][info][gc,heap        ] GC(374) Old regions: 6->6
[213.245s][info][gc,heap        ] GC(374) Humongous regions: 3->3
[213.245s][info][gc,metaspace   ] GC(374) Metaspace: 18054K(18688K)->18054K(18688K) NonClass: 16000K(16384K)->16000K(16384K) Class: 2054K(2304K)->2054K(2304K)
[213.245s][info][gc             ] GC(374) Pause Young (Normal) (G1 Evacuation Pause) 1234M->31M(2048M) 11.886ms
[213.245s][info][gc,cpu         ] GC(374) User=0.02s Sys=0.00s Real=0.02s
[213.818s][info][gc,start       ] GC(375) Pause Young (Normal) (G1 Evacuation Pause)
[213.818s][info][gc,task        ] GC(375) Using 6 workers of 6 for evacuation
[213.828s][info][gc,phases      ] GC(375)   Pre Evacuate Collection Set: 0.0ms
[213.828s][info][gc,phases      ] GC(375)   Evacuate Collection Set: 8.9ms
[213.828s][info][gc,phases      ] GC(375)   Post Evacuate Collection Set: 1.0ms
[213.828s][info][gc,phases      ] GC(375)   Other: 0.2ms
[213.828s][info][gc,heap        ] GC(375) Eden regions: 1203->0(1199)
[213.828s][info][gc,heap        ] GC(375) Survivor regions: 25->29(154)
[213.828s][info][gc,heap        ] GC(375) Old regions: 6->6
[213.828s][info][gc,heap        ] GC(375) Humongous regions: 3->3
[213.828s][info][gc,metaspace   ] GC(375) Metaspace: 18054K(18688K)->18054K(18688K) NonClass: 16000K(16384K)->16000K(16384K) Class: 2054K(2304K)->2054K(2304K)
[213.828s][info][gc             ] GC(375) Pause Young (Normal) (G1 Evacuation Pause) 1234M->35M(2048M) 10.245ms
[213.828s][info][gc,cpu         ] GC(375) User=0.02s Sys=0.00s Real=0.01s
[214.677s][info][gc,task        ] GC(376) Using 6 workers of 6 for full compaction
[214.677s][info][gc,start       ] GC(376) Pause Full (System.gc())
[214.678s][info][gc,phases,start] GC(376) Phase 1: Mark live objects
[214.680s][info][gc,stringtable ] GC(376) Cleaned string and symbol table, strings: 5676 processed, 0 removed, symbols: 53749 processed, 0 removed
[214.680s][info][gc,phases      ] GC(376) Phase 1: Mark live objects 2.353ms
[214.680s][info][gc,phases,start] GC(376) Phase 2: Prepare for compaction
[214.683s][info][gc,phases      ] GC(376) Phase 2: Prepare for compaction 2.573ms
[214.683s][info][gc,phases,start] GC(376) Phase 3: Adjust pointers
[214.685s][info][gc,phases      ] GC(376) Phase 3: Adjust pointers 2.039ms
[214.685s][info][gc,phases,start] GC(376) Phase 4: Compact heap
[214.687s][info][gc,phases      ] GC(376) Phase 4: Compact heap 1.811ms
[214.689s][info][gc,heap        ] GC(376) Eden regions: 1150->0(1228)
[214.689s][info][gc,heap        ] GC(376) Survivor regions: 29->0(154)
[214.689s][info][gc,heap        ] GC(376) Old regions: 6->5
[214.689s][info][gc,heap        ] GC(376) Humongous regions: 22->0
[214.689s][info][gc,metaspace   ] GC(376) Metaspace: 18054K(18688K)->18054K(18688K) NonClass: 16000K(16384K)->16000K(16384K) Class: 2054K(2304K)->2054K(2304K)
[214.689s][info][gc             ] GC(376) Pause Full (System.gc()) 1204M->3M(2048M) 11.485ms
[214.689s][info][gc,cpu         ] GC(376) User=0.02s Sys=0.00s Real=0.01s
[215.183s][info][gc,start       ] GC(377) Pause Young (Normal) (G1 Evacuation Pause)
[215.183s][info][gc,task        ] GC(377) Using 6 workers of 6 for evacuation
[215.186s][info][gc,phases      ] GC(377)   Pre Evacuate Collection Set: 0.0ms
[215.186s][info][gc,phases      ] GC(377)   Evacuate Collection Set: 2.2ms
[215.186s][info][gc,phases      ] GC(377)   Post Evacuate Collection Set: 0.9ms
[215.186s][info][gc,phases      ] GC(377)   Other: 0.2ms
[215.186s][info][gc,heap        ] GC(377) Eden regions: 1228->0(1224)
[215.186s][info][gc,heap        ] GC(377) Survivor regions: 0->4(154)
[215.186s][info][gc,heap        ] GC(377) Old regions: 5->5
[215.186s][info][gc,heap        ] GC(377) Humongous regions: 0->0
[215.186s][info][gc,metaspace   ] GC(377) Metaspace: 18054K(18688K)->18054K(18688K) NonClass: 16000K(16384K)->16000K(16384K) Class: 2054K(2304K)->2054K(2304K)
[215.186s][info][gc             ] GC(377) Pause Young (Normal) (G1 Evacuation Pause) 1231M->7M(2048M) 3.359ms
[215.186s][info][gc,cpu         ] GC(377) User=0.00s Sys=0.00s Real=0.00s
[215.642s][info][gc,start       ] GC(378) Pause Young (Normal) (G1 Evacuation Pause)
[215.642s][info][gc,task        ] GC(378) Using 6 workers of 6 for evacuation
[215.647s][info][gc,phases      ] GC(378)   Pre Evacuate Collection Set: 0.0ms
[215.647s][info][gc,phases      ] GC(378)   Evacuate Collection Set: 3.2ms
[215.647s][info][gc,phases      ] GC(378)   Post Evacuate Collection Set: 1.0ms
[215.647s][info][gc,phases      ] GC(378)   Other: 0.2ms
[215.647s][info][gc,heap        ] GC(378) Eden regions: 1224->0(1220)
[215.647s][info][gc,heap        ] GC(378) Survivor regions: 4->8(154)
[215.647s][info][gc,heap        ] GC(378) Old regions: 5->5
[215.647s][info][gc,heap        ] GC(378) Humongous regions: 0->0
[215.647s][info][gc,metaspace   ] GC(378) Metaspace: 18054K(18688K)->18054K(18688K) NonClass: 16000K(16384K)->16000K(16384K) Class: 2054K(2304K)->2054K(2304K)
[215.647s][info][gc             ] GC(378) Pause Young (Normal) (G1 Evacuation Pause) 1231M->11M(2048M) 4.556ms
[215.647s][info][gc,cpu         ] GC(378) User=0.02s Sys=0.00s Real=0.02s
[216.199s][info][gc,start       ] GC(379) Pause Young (Normal) (G1 Evacuation Pause)
[216.199s][info][gc,task        ] GC(379) Using 6 workers of 6 for evacuation
[216.205s][info][gc,phases      ] GC(379)   Pre Evacuate Collection Set: 0.1ms
[216.205s][info][gc,phases      ] GC(379)   Evacuate Collection Set: 5.3ms
[216.205s][info][gc,phases      ] GC(379)   Post Evacuate Collection Set: 1.0ms
[216.205s][info][gc,phases      ] GC(379)   Other: 0.4ms
[216.205s][info][gc,heap        ] GC(379) Eden regions: 1220->0(1216)
[216.205s][info][gc,heap        ] GC(379) Survivor regions: 8->12(154)
[216.205s][info][gc,heap        ] GC(379) Old regions: 5->5
[216.205s][info][gc,heap        ] GC(379) Humongous regions: 0->0
[216.205s][info][gc,metaspace   ] GC(379) Metaspace: 18054K(18688K)->18054K(18688K) NonClass: 16000K(16384K)->16000K(16384K) Class: 2054K(2304K)->2054K(2304K)
[216.205s][info][gc             ] GC(379) Pause Young (Normal) (G1 Evacuation Pause) 1231M->15M(2048M) 6.833ms
[216.206s][info][gc,cpu         ] GC(379) User=0.00s Sys=0.00s Real=0.00s
[216.815s][info][gc,start       ] GC(380) Pause Young (Normal) (G1 Evacuation Pause)
[216.815s][info][gc,task        ] GC(380) Using 6 workers of 6 for evacuation
[216.827s][info][gc,phases      ] GC(380)   Pre Evacuate Collection Set: 0.1ms
[216.827s][info][gc,phases      ] GC(380)   Evacuate Collection Set: 10.2ms
[216.827s][info][gc,phases      ] GC(380)   Post Evacuate Collection Set: 1.0ms
[216.827s][info][gc,phases      ] GC(380)   Other: 0.4ms
[216.827s][info][gc,heap        ] GC(380) Eden regions: 1216->0(1203)
[216.827s][info][gc,heap        ] GC(380) Survivor regions: 12->25(154)
[216.827s][info][gc,heap        ] GC(380) Old regions: 5->5
[216.827s][info][gc,heap        ] GC(380) Humongous regions: 3->3
[216.827s][info][gc,metaspace   ] GC(380) Metaspace: 18054K(18688K)->18054K(18688K) NonClass: 16000K(16384K)->16000K(16384K) Class: 2054K(2304K)->2054K(2304K)
[216.827s][info][gc             ] GC(380) Pause Young (Normal) (G1 Evacuation Pause) 1234M->31M(2048M) 11.707ms
[216.827s][info][gc,cpu         ] GC(380) User=0.02s Sys=0.00s Real=0.02s
[217.401s][info][gc,start       ] GC(381) Pause Young (Normal) (G1 Evacuation Pause)
[217.401s][info][gc,task        ] GC(381) Using 6 workers of 6 for evacuation
[217.411s][info][gc,phases      ] GC(381)   Pre Evacuate Collection Set: 0.0ms
[217.411s][info][gc,phases      ] GC(381)   Evacuate Collection Set: 8.9ms
[217.411s][info][gc,phases      ] GC(381)   Post Evacuate Collection Set: 1.0ms
[217.411s][info][gc,phases      ] GC(381)   Other: 0.4ms
[217.411s][info][gc,heap        ] GC(381) Eden regions: 1203->0(1199)
[217.411s][info][gc,heap        ] GC(381) Survivor regions: 25->29(154)
[217.411s][info][gc,heap        ] GC(381) Old regions: 5->5
[217.411s][info][gc,heap        ] GC(381) Humongous regions: 3->3
[217.411s][info][gc,metaspace   ] GC(381) Metaspace: 18054K(18688K)->18054K(18688K) NonClass: 16000K(16384K)->16000K(16384K) Class: 2054K(2304K)->2054K(2304K)
[217.411s][info][gc             ] GC(381) Pause Young (Normal) (G1 Evacuation Pause) 1234M->35M(2048M) 10.456ms
[217.411s][info][gc,cpu         ] GC(381) User=0.02s Sys=0.00s Real=0.02s
[218.261s][info][gc,task        ] GC(382) Using 6 workers of 6 for full compaction
[218.261s][info][gc,start       ] GC(382) Pause Full (System.gc())
[218.261s][info][gc,phases,start] GC(382) Phase 1: Mark live objects
[218.264s][info][gc,stringtable ] GC(382) Cleaned string and symbol table, strings: 5676 processed, 0 removed, symbols: 53749 processed, 0 removed
[218.264s][info][gc,phases      ] GC(382) Phase 1: Mark live objects 2.361ms
[218.264s][info][gc,phases,start] GC(382) Phase 2: Prepare for compaction
[218.266s][info][gc,phases      ] GC(382) Phase 2: Prepare for compaction 2.212ms
[218.266s][info][gc,phases,start] GC(382) Phase 3: Adjust pointers
[218.268s][info][gc,phases      ] GC(382) Phase 3: Adjust pointers 1.842ms
[218.268s][info][gc,phases,start] GC(382) Phase 4: Compact heap
[218.270s][info][gc,phases      ] GC(382) Phase 4: Compact heap 2.467ms
[218.272s][info][gc,heap        ] GC(382) Eden regions: 1148->0(1228)
[218.272s][info][gc,heap        ] GC(382) Survivor regions: 29->0(154)
[218.272s][info][gc,heap        ] GC(382) Old regions: 5->5
[218.272s][info][gc,heap        ] GC(382) Humongous regions: 22->0
[218.272s][info][gc,metaspace   ] GC(382) Metaspace: 18054K(18688K)->18054K(18688K) NonClass: 16000K(16384K)->16000K(16384K) Class: 2054K(2304K)->2054K(2304K)
[218.272s][info][gc             ] GC(382) Pause Full (System.gc()) 1202M->3M(2048M) 11.070ms
[218.272s][info][gc,cpu         ] GC(382) User=0.02s Sys=0.00s Real=0.02s
[218.643s][info][gc,start       ] GC(383) Pause Young (Normal) (G1 Evacuation Pause)
[218.643s][info][gc,task        ] GC(383) Using 6 workers of 6 for evacuation
[218.647s][info][gc,phases      ] GC(383)   Pre Evacuate Collection Set: 0.1ms
[218.647s][info][gc,phases      ] GC(383)   Evacuate Collection Set: 2.2ms
[218.647s][info][gc,phases      ] GC(383)   Post Evacuate Collection Set: 0.8ms
[218.647s][info][gc,phases      ] GC(383)   Other: 0.3ms
[218.647s][info][gc,heap        ] GC(383) Eden regions: 1228->0(1223)
[218.647s][info][gc,heap        ] GC(383) Survivor regions: 0->5(154)
[218.647s][info][gc,heap        ] GC(383) Old regions: 5->5
[218.647s][info][gc,heap        ] GC(383) Humongous regions: 0->0
[218.647s][info][gc,metaspace   ] GC(383) Metaspace: 18055K(18688K)->18055K(18688K) NonClass: 16000K(16384K)->16000K(16384K) Class: 2054K(2304K)->2054K(2304K)
[218.647s][info][gc             ] GC(383) Pause Young (Normal) (G1 Evacuation Pause) 1231M->8M(2048M) 3.470ms
[218.647s][info][gc,cpu         ] GC(383) User=0.02s Sys=0.00s Real=0.02s
[218.985s][info][gc,start       ] GC(384) Pause Young (Normal) (G1 Evacuation Pause)
[218.985s][info][gc,task        ] GC(384) Using 6 workers of 6 for evacuation
[218.989s][info][gc,phases      ] GC(384)   Pre Evacuate Collection Set: 0.1ms
[218.989s][info][gc,phases      ] GC(384)   Evacuate Collection Set: 3.0ms
[218.989s][info][gc,phases      ] GC(384)   Post Evacuate Collection Set: 1.0ms
[218.989s][info][gc,phases      ] GC(384)   Other: 0.4ms
[218.989s][info][gc,heap        ] GC(384) Eden regions: 1223->0(1220)
[218.989s][info][gc,heap        ] GC(384) Survivor regions: 5->8(154)
[218.989s][info][gc,heap        ] GC(384) Old regions: 5->5
[218.989s][info][gc,heap        ] GC(384) Humongous regions: 0->0
[218.989s][info][gc,metaspace   ] GC(384) Metaspace: 18055K(18688K)->18055K(18688K) NonClass: 16000K(16384K)->16000K(16384K) Class: 2054K(2304K)->2054K(2304K)
[218.989s][info][gc             ] GC(384) Pause Young (Normal) (G1 Evacuation Pause) 1231M->11M(2048M) 4.523ms
[218.989s][info][gc,cpu         ] GC(384) User=0.00s Sys=0.00s Real=0.00s
[219.493s][info][gc,start       ] GC(385) Pause Young (Normal) (G1 Evacuation Pause)
[219.493s][info][gc,task        ] GC(385) Using 6 workers of 6 for evacuation
[219.500s][info][gc,phases      ] GC(385)   Pre Evacuate Collection Set: 0.0ms
[219.500s][info][gc,phases      ] GC(385)   Evacuate Collection Set: 5.4ms
[219.500s][info][gc,phases      ] GC(385)   Post Evacuate Collection Set: 1.0ms
[219.500s][info][gc,phases      ] GC(385)   Other: 0.3ms
[219.500s][info][gc,heap        ] GC(385) Eden regions: 1220->0(1216)
[219.500s][info][gc,heap        ] GC(385) Survivor regions: 8->12(154)
[219.500s][info][gc,heap        ] GC(385) Old regions: 5->5
[219.500s][info][gc,heap        ] GC(385) Humongous regions: 0->0
[219.500s][info][gc,metaspace   ] GC(385) Metaspace: 18055K(18688K)->18055K(18688K) NonClass: 16000K(16384K)->16000K(16384K) Class: 2054K(2304K)->2054K(2304K)
[219.500s][info][gc             ] GC(385) Pause Young (Normal) (G1 Evacuation Pause) 1231M->15M(2048M) 6.835ms
[219.500s][info][gc,cpu         ] GC(385) User=0.00s Sys=0.00s Real=0.01s
[220.108s][info][gc,start       ] GC(386) Pause Young (Normal) (G1 Evacuation Pause)
[220.108s][info][gc,task        ] GC(386) Using 6 workers of 6 for evacuation
[220.120s][info][gc,phases      ] GC(386)   Pre Evacuate Collection Set: 0.0ms
[220.120s][info][gc,phases      ] GC(386)   Evacuate Collection Set: 10.5ms
[220.120s][info][gc,phases      ] GC(386)   Post Evacuate Collection Set: 0.9ms
[220.120s][info][gc,phases      ] GC(386)   Other: 0.2ms
[220.120s][info][gc,heap        ] GC(386) Eden regions: 1216->0(1203)
[220.120s][info][gc,heap        ] GC(386) Survivor regions: 12->25(154)
[220.120s][info][gc,heap        ] GC(386) Old regions: 5->5
[220.120s][info][gc,heap        ] GC(386) Humongous regions: 3->3
[220.120s][info][gc,metaspace   ] GC(386) Metaspace: 18055K(18688K)->18055K(18688K) NonClass: 16000K(16384K)->16000K(16384K) Class: 2054K(2304K)->2054K(2304K)
[220.120s][info][gc             ] GC(386) Pause Young (Normal) (G1 Evacuation Pause) 1234M->31M(2048M) 11.741ms
[220.120s][info][gc,cpu         ] GC(386) User=0.00s Sys=0.00s Real=0.00s
[220.694s][info][gc,start       ] GC(387) Pause Young (Normal) (G1 Evacuation Pause)
[220.694s][info][gc,task        ] GC(387) Using 6 workers of 6 for evacuation
[220.704s][info][gc,phases      ] GC(387)   Pre Evacuate Collection Set: 0.0ms
[220.704s][info][gc,phases      ] GC(387)   Evacuate Collection Set: 9.1ms
[220.704s][info][gc,phases      ] GC(387)   Post Evacuate Collection Set: 0.9ms
[220.704s][info][gc,phases      ] GC(387)   Other: 0.2ms
[220.704s][info][gc,heap        ] GC(387) Eden regions: 1203->0(1199)
[220.704s][info][gc,heap        ] GC(387) Survivor regions: 25->29(154)
[220.704s][info][gc,heap        ] GC(387) Old regions: 5->5
[220.704s][info][gc,heap        ] GC(387) Humongous regions: 3->3
[220.704s][info][gc,metaspace   ] GC(387) Metaspace: 18055K(18688K)->18055K(18688K) NonClass: 16000K(16384K)->16000K(16384K) Class: 2054K(2304K)->2054K(2304K)
[220.704s][info][gc             ] GC(387) Pause Young (Normal) (G1 Evacuation Pause) 1234M->35M(2048M) 10.423ms
[220.704s][info][gc,cpu         ] GC(387) User=0.02s Sys=0.00s Real=0.02s
[221.556s][info][gc,task        ] GC(388) Using 6 workers of 6 for full compaction
[221.556s][info][gc,start       ] GC(388) Pause Full (System.gc())
[221.557s][info][gc,phases,start] GC(388) Phase 1: Mark live objects
[221.559s][info][gc,stringtable ] GC(388) Cleaned string and symbol table, strings: 5676 processed, 0 removed, symbols: 53749 processed, 0 removed
[221.559s][info][gc,phases      ] GC(388) Phase 1: Mark live objects 2.289ms
[221.559s][info][gc,phases,start] GC(388) Phase 2: Prepare for compaction
[221.561s][info][gc,phases      ] GC(388) Phase 2: Prepare for compaction 2.184ms
[221.561s][info][gc,phases,start] GC(388) Phase 3: Adjust pointers
[221.563s][info][gc,phases      ] GC(388) Phase 3: Adjust pointers 1.830ms
[221.563s][info][gc,phases,start] GC(388) Phase 4: Compact heap
[221.565s][info][gc,phases      ] GC(388) Phase 4: Compact heap 1.794ms
[221.567s][info][gc,heap        ] GC(388) Eden regions: 1149->0(1228)
[221.567s][info][gc,heap        ] GC(388) Survivor regions: 29->0(154)
[221.567s][info][gc,heap        ] GC(388) Old regions: 5->5
[221.567s][info][gc,heap        ] GC(388) Humongous regions: 22->0
[221.567s][info][gc,metaspace   ] GC(388) Metaspace: 18060K(18688K)->18060K(18688K) NonClass: 16006K(16384K)->16006K(16384K) Class: 2054K(2304K)->2054K(2304K)
[221.567s][info][gc             ] GC(388) Pause Full (System.gc()) 1203M->3M(2048M) 10.795ms
[221.567s][info][gc,cpu         ] GC(388) User=0.00s Sys=0.00s Real=0.02s
[221.968s][info][gc,start       ] GC(389) Pause Young (Normal) (G1 Evacuation Pause)
[221.968s][info][gc,task        ] GC(389) Using 6 workers of 6 for evacuation
[221.971s][info][gc,phases      ] GC(389)   Pre Evacuate Collection Set: 0.0ms
[221.971s][info][gc,phases      ] GC(389)   Evacuate Collection Set: 2.0ms
[221.971s][info][gc,phases      ] GC(389)   Post Evacuate Collection Set: 0.9ms
[221.971s][info][gc,phases      ] GC(389)   Other: 0.2ms
[221.971s][info][gc,heap        ] GC(389) Eden regions: 1228->0(1222)
[221.971s][info][gc,heap        ] GC(389) Survivor regions: 0->6(154)
[221.971s][info][gc,heap        ] GC(389) Old regions: 5->5
[221.971s][info][gc,heap        ] GC(389) Humongous regions: 0->0
[221.971s][info][gc,metaspace   ] GC(389) Metaspace: 18064K(18688K)->18064K(18688K) NonClass: 16009K(16384K)->16009K(16384K) Class: 2054K(2304K)->2054K(2304K)
[221.971s][info][gc             ] GC(389) Pause Young (Normal) (G1 Evacuation Pause) 1231M->9M(2048M) 3.260ms
[221.971s][info][gc,cpu         ] GC(389) User=0.00s Sys=0.00s Real=0.00s
[222.321s][info][gc,start       ] GC(390) Pause Young (Normal) (G1 Evacuation Pause)
[222.321s][info][gc,task        ] GC(390) Using 6 workers of 6 for evacuation
[222.325s][info][gc,phases      ] GC(390)   Pre Evacuate Collection Set: 0.1ms
[222.325s][info][gc,phases      ] GC(390)   Evacuate Collection Set: 3.1ms
[222.325s][info][gc,phases      ] GC(390)   Post Evacuate Collection Set: 0.9ms
[222.326s][info][gc,phases      ] GC(390)   Other: 0.4ms
[222.326s][info][gc,heap        ] GC(390) Eden regions: 1222->0(1220)
[222.326s][info][gc,heap        ] GC(390) Survivor regions: 6->8(154)
[222.326s][info][gc,heap        ] GC(390) Old regions: 5->5
[222.326s][info][gc,heap        ] GC(390) Humongous regions: 0->0
[222.326s][info][gc,metaspace   ] GC(390) Metaspace: 18064K(18688K)->18064K(18688K) NonClass: 16009K(16384K)->16009K(16384K) Class: 2054K(2304K)->2054K(2304K)
[222.326s][info][gc             ] GC(390) Pause Young (Normal) (G1 Evacuation Pause) 1231M->11M(2048M) 4.434ms
[222.326s][info][gc,cpu         ] GC(390) User=0.00s Sys=0.00s Real=0.00s
[222.829s][info][gc,start       ] GC(391) Pause Young (Normal) (G1 Evacuation Pause)
[222.829s][info][gc,task        ] GC(391) Using 6 workers of 6 for evacuation
[222.836s][info][gc,phases      ] GC(391)   Pre Evacuate Collection Set: 0.0ms
[222.836s][info][gc,phases      ] GC(391)   Evacuate Collection Set: 5.3ms
[222.836s][info][gc,phases      ] GC(391)   Post Evacuate Collection Set: 1.0ms
[222.836s][info][gc,phases      ] GC(391)   Other: 0.3ms
[222.836s][info][gc,heap        ] GC(391) Eden regions: 1220->0(1216)
[222.836s][info][gc,heap        ] GC(391) Survivor regions: 8->12(154)
[222.836s][info][gc,heap        ] GC(391) Old regions: 5->5
[222.836s][info][gc,heap        ] GC(391) Humongous regions: 0->0
[222.836s][info][gc,metaspace   ] GC(391) Metaspace: 18064K(18688K)->18064K(18688K) NonClass: 16009K(16384K)->16009K(16384K) Class: 2054K(2304K)->2054K(2304K)
[222.836s][info][gc             ] GC(391) Pause Young (Normal) (G1 Evacuation Pause) 1231M->15M(2048M) 6.703ms
[222.836s][info][gc,cpu         ] GC(391) User=0.02s Sys=0.00s Real=0.01s
[223.444s][info][gc,start       ] GC(392) Pause Young (Normal) (G1 Evacuation Pause)
[223.444s][info][gc,task        ] GC(392) Using 6 workers of 6 for evacuation
[223.456s][info][gc,phases      ] GC(392)   Pre Evacuate Collection Set: 0.0ms
[223.456s][info][gc,phases      ] GC(392)   Evacuate Collection Set: 11.6ms
[223.456s][info][gc,phases      ] GC(392)   Post Evacuate Collection Set: 0.8ms
[223.456s][info][gc,phases      ] GC(392)   Other: 0.3ms
[223.456s][info][gc,heap        ] GC(392) Eden regions: 1216->0(1203)
[223.456s][info][gc,heap        ] GC(392) Survivor regions: 12->25(154)
[223.456s][info][gc,heap        ] GC(392) Old regions: 5->5
[223.456s][info][gc,heap        ] GC(392) Humongous regions: 3->3
[223.456s][info][gc,metaspace   ] GC(392) Metaspace: 18064K(18688K)->18064K(18688K) NonClass: 16009K(16384K)->16009K(16384K) Class: 2054K(2304K)->2054K(2304K)
[223.456s][info][gc             ] GC(392) Pause Young (Normal) (G1 Evacuation Pause) 1234M->31M(2048M) 12.829ms
[223.456s][info][gc,cpu         ] GC(392) User=0.02s Sys=0.00s Real=0.01s
[224.032s][info][gc,start       ] GC(393) Pause Young (Normal) (G1 Evacuation Pause)
[224.032s][info][gc,task        ] GC(393) Using 6 workers of 6 for evacuation
[224.042s][info][gc,phases      ] GC(393)   Pre Evacuate Collection Set: 0.0ms
[224.042s][info][gc,phases      ] GC(393)   Evacuate Collection Set: 8.6ms
[224.042s][info][gc,phases      ] GC(393)   Post Evacuate Collection Set: 1.2ms
[224.042s][info][gc,phases      ] GC(393)   Other: 0.3ms
[224.042s][info][gc,heap        ] GC(393) Eden regions: 1203->0(1199)
[224.042s][info][gc,heap        ] GC(393) Survivor regions: 25->29(154)
[224.042s][info][gc,heap        ] GC(393) Old regions: 5->5
[224.042s][info][gc,heap        ] GC(393) Humongous regions: 3->3
[224.042s][info][gc,metaspace   ] GC(393) Metaspace: 18064K(18688K)->18064K(18688K) NonClass: 16009K(16384K)->16009K(16384K) Class: 2054K(2304K)->2054K(2304K)
[224.042s][info][gc             ] GC(393) Pause Young (Normal) (G1 Evacuation Pause) 1234M->35M(2048M) 10.301ms
[224.042s][info][gc,cpu         ] GC(393) User=0.00s Sys=0.00s Real=0.00s
[224.903s][info][gc,task        ] GC(394) Using 6 workers of 6 for full compaction
[224.904s][info][gc,start       ] GC(394) Pause Full (System.gc())
[224.904s][info][gc,phases,start] GC(394) Phase 1: Mark live objects
[224.906s][info][gc,stringtable ] GC(394) Cleaned string and symbol table, strings: 5676 processed, 0 removed, symbols: 53749 processed, 0 removed
[224.906s][info][gc,phases      ] GC(394) Phase 1: Mark live objects 2.368ms
[224.906s][info][gc,phases,start] GC(394) Phase 2: Prepare for compaction
[224.908s][info][gc,phases      ] GC(394) Phase 2: Prepare for compaction 2.266ms
[224.908s][info][gc,phases,start] GC(394) Phase 3: Adjust pointers
[224.910s][info][gc,phases      ] GC(394) Phase 3: Adjust pointers 1.788ms
[224.910s][info][gc,phases,start] GC(394) Phase 4: Compact heap
[224.913s][info][gc,phases      ] GC(394) Phase 4: Compact heap 2.316ms
[224.915s][info][gc,heap        ] GC(394) Eden regions: 1149->0(1228)
[224.915s][info][gc,heap        ] GC(394) Survivor regions: 29->0(154)
[224.915s][info][gc,heap        ] GC(394) Old regions: 5->5
[224.915s][info][gc,heap        ] GC(394) Humongous regions: 22->0
[224.915s][info][gc,metaspace   ] GC(394) Metaspace: 18064K(18688K)->18064K(18688K) NonClass: 16009K(16384K)->16009K(16384K) Class: 2054K(2304K)->2054K(2304K)
[224.915s][info][gc             ] GC(394) Pause Full (System.gc()) 1203M->3M(2048M) 11.073ms
[224.915s][info][gc,cpu         ] GC(394) User=0.02s Sys=0.00s Real=0.02s
[225.358s][info][gc,start       ] GC(395) Pause Young (Normal) (G1 Evacuation Pause)
[225.358s][info][gc,task        ] GC(395) Using 6 workers of 6 for evacuation
[225.361s][info][gc,phases      ] GC(395)   Pre Evacuate Collection Set: 0.0ms
[225.361s][info][gc,phases      ] GC(395)   Evacuate Collection Set: 2.0ms
[225.362s][info][gc,phases      ] GC(395)   Post Evacuate Collection Set: 0.9ms
[225.362s][info][gc,phases      ] GC(395)   Other: 0.3ms
[225.362s][info][gc,heap        ] GC(395) Eden regions: 1228->0(1222)
[225.362s][info][gc,heap        ] GC(395) Survivor regions: 0->6(154)
[225.362s][info][gc,heap        ] GC(395) Old regions: 5->5
[225.362s][info][gc,heap        ] GC(395) Humongous regions: 0->0
[225.362s][info][gc,metaspace   ] GC(395) Metaspace: 18064K(18688K)->18064K(18688K) NonClass: 16009K(16384K)->16009K(16384K) Class: 2054K(2304K)->2054K(2304K)
[225.362s][info][gc             ] GC(395) Pause Young (Normal) (G1 Evacuation Pause) 1231M->9M(2048M) 3.297ms
[225.362s][info][gc,cpu         ] GC(395) User=0.00s Sys=0.00s Real=0.00s
[225.839s][info][gc,start       ] GC(396) Pause Young (Normal) (G1 Evacuation Pause)
[225.839s][info][gc,task        ] GC(396) Using 6 workers of 6 for evacuation
[225.843s][info][gc,phases      ] GC(396)   Pre Evacuate Collection Set: 0.0ms
[225.843s][info][gc,phases      ] GC(396)   Evacuate Collection Set: 3.0ms
[225.843s][info][gc,phases      ] GC(396)   Post Evacuate Collection Set: 0.9ms
[225.843s][info][gc,phases      ] GC(396)   Other: 0.2ms
[225.843s][info][gc,heap        ] GC(396) Eden regions: 1222->0(1220)
[225.843s][info][gc,heap        ] GC(396) Survivor regions: 6->8(154)
[225.843s][info][gc,heap        ] GC(396) Old regions: 5->5
[225.843s][info][gc,heap        ] GC(396) Humongous regions: 0->0
[225.843s][info][gc,metaspace   ] GC(396) Metaspace: 18064K(18688K)->18064K(18688K) NonClass: 16009K(16384K)->16009K(16384K) Class: 2054K(2304K)->2054K(2304K)
[225.843s][info][gc             ] GC(396) Pause Young (Normal) (G1 Evacuation Pause) 1231M->11M(2048M) 4.240ms
[225.843s][info][gc,cpu         ] GC(396) User=0.00s Sys=0.00s Real=0.00s
[226.395s][info][gc,start       ] GC(397) Pause Young (Normal) (G1 Evacuation Pause)
[226.395s][info][gc,task        ] GC(397) Using 6 workers of 6 for evacuation
[226.401s][info][gc,phases      ] GC(397)   Pre Evacuate Collection Set: 0.0ms
[226.401s][info][gc,phases      ] GC(397)   Evacuate Collection Set: 5.2ms
[226.401s][info][gc,phases      ] GC(397)   Post Evacuate Collection Set: 1.0ms
[226.402s][info][gc,phases      ] GC(397)   Other: 0.3ms
[226.402s][info][gc,heap        ] GC(397) Eden regions: 1220->0(1216)
[226.402s][info][gc,heap        ] GC(397) Survivor regions: 8->12(154)
[226.402s][info][gc,heap        ] GC(397) Old regions: 5->5
[226.402s][info][gc,heap        ] GC(397) Humongous regions: 0->0
[226.402s][info][gc,metaspace   ] GC(397) Metaspace: 18064K(18688K)->18064K(18688K) NonClass: 16009K(16384K)->16009K(16384K) Class: 2054K(2304K)->2054K(2304K)
[226.402s][info][gc             ] GC(397) Pause Young (Normal) (G1 Evacuation Pause) 1231M->15M(2048M) 6.675ms
[226.402s][info][gc,cpu         ] GC(397) User=0.00s Sys=0.00s Real=0.00s
[227.012s][info][gc,start       ] GC(398) Pause Young (Normal) (G1 Evacuation Pause)
[227.012s][info][gc,task        ] GC(398) Using 6 workers of 6 for evacuation
[227.024s][info][gc,phases      ] GC(398)   Pre Evacuate Collection Set: 0.1ms
[227.024s][info][gc,phases      ] GC(398)   Evacuate Collection Set: 10.7ms
[227.024s][info][gc,phases      ] GC(398)   Post Evacuate Collection Set: 0.9ms
[227.024s][info][gc,phases      ] GC(398)   Other: 0.4ms
[227.024s][info][gc,heap        ] GC(398) Eden regions: 1216->0(1203)
[227.024s][info][gc,heap        ] GC(398) Survivor regions: 12->25(154)
[227.024s][info][gc,heap        ] GC(398) Old regions: 5->5
[227.024s][info][gc,heap        ] GC(398) Humongous regions: 3->3
[227.024s][info][gc,metaspace   ] GC(398) Metaspace: 18064K(18688K)->18064K(18688K) NonClass: 16009K(16384K)->16009K(16384K) Class: 2054K(2304K)->2054K(2304K)
[227.024s][info][gc             ] GC(398) Pause Young (Normal) (G1 Evacuation Pause) 1234M->31M(2048M) 12.162ms
[227.024s][info][gc,cpu         ] GC(398) User=0.02s Sys=0.00s Real=0.01s
[227.598s][info][gc,start       ] GC(399) Pause Young (Normal) (G1 Evacuation Pause)
[227.598s][info][gc,task        ] GC(399) Using 6 workers of 6 for evacuation
[227.608s][info][gc,phases      ] GC(399)   Pre Evacuate Collection Set: 0.0ms
[227.609s][info][gc,phases      ] GC(399)   Evacuate Collection Set: 8.8ms
[227.609s][info][gc,phases      ] GC(399)   Post Evacuate Collection Set: 1.0ms
[227.609s][info][gc,phases      ] GC(399)   Other: 0.3ms
[227.609s][info][gc,heap        ] GC(399) Eden regions: 1203->0(1198)
[227.609s][info][gc,heap        ] GC(399) Survivor regions: 25->30(154)
[227.609s][info][gc,heap        ] GC(399) Old regions: 5->5
[227.609s][info][gc,heap        ] GC(399) Humongous regions: 3->3
[227.609s][info][gc,metaspace   ] GC(399) Metaspace: 18064K(18688K)->18064K(18688K) NonClass: 16009K(16384K)->16009K(16384K) Class: 2054K(2304K)->2054K(2304K)
[227.609s][info][gc             ] GC(399) Pause Young (Normal) (G1 Evacuation Pause) 1234M->36M(2048M) 10.321ms
[227.609s][info][gc,cpu         ] GC(399) User=0.00s Sys=0.00s Real=0.00s
[228.458s][info][gc,task        ] GC(400) Using 6 workers of 6 for full compaction
[228.458s][info][gc,start       ] GC(400) Pause Full (System.gc())
[228.458s][info][gc,phases,start] GC(400) Phase 1: Mark live objects
[228.461s][info][gc,stringtable ] GC(400) Cleaned string and symbol table, strings: 5676 processed, 0 removed, symbols: 53749 processed, 0 removed
[228.461s][info][gc,phases      ] GC(400) Phase 1: Mark live objects 2.689ms
[228.461s][info][gc,phases,start] GC(400) Phase 2: Prepare for compaction
[228.464s][info][gc,phases      ] GC(400) Phase 2: Prepare for compaction 2.654ms
[228.464s][info][gc,phases,start] GC(400) Phase 3: Adjust pointers
[228.466s][info][gc,phases      ] GC(400) Phase 3: Adjust pointers 2.569ms
[228.466s][info][gc,phases,start] GC(400) Phase 4: Compact heap
[228.468s][info][gc,phases      ] GC(400) Phase 4: Compact heap 2.044ms
[228.471s][info][gc,heap        ] GC(400) Eden regions: 1151->0(1228)
[228.471s][info][gc,heap        ] GC(400) Survivor regions: 30->0(154)
[228.471s][info][gc,heap        ] GC(400) Old regions: 5->5
[228.471s][info][gc,heap        ] GC(400) Humongous regions: 22->0
[228.471s][info][gc,metaspace   ] GC(400) Metaspace: 18064K(18688K)->18064K(18688K) NonClass: 16009K(16384K)->16009K(16384K) Class: 2054K(2304K)->2054K(2304K)
[228.471s][info][gc             ] GC(400) Pause Full (System.gc()) 1205M->3M(2048M) 12.647ms
[228.471s][info][gc,cpu         ] GC(400) User=0.00s Sys=0.00s Real=0.02s
[228.848s][info][gc,start       ] GC(401) Pause Young (Normal) (G1 Evacuation Pause)
[228.848s][info][gc,task        ] GC(401) Using 6 workers of 6 for evacuation
[228.851s][info][gc,phases      ] GC(401)   Pre Evacuate Collection Set: 0.1ms
[228.851s][info][gc,phases      ] GC(401)   Evacuate Collection Set: 2.2ms
[228.851s][info][gc,phases      ] GC(401)   Post Evacuate Collection Set: 0.9ms
[228.851s][info][gc,phases      ] GC(401)   Other: 0.3ms
[228.851s][info][gc,heap        ] GC(401) Eden regions: 1228->0(1224)
[228.851s][info][gc,heap        ] GC(401) Survivor regions: 0->4(154)
[228.851s][info][gc,heap        ] GC(401) Old regions: 5->5
[228.851s][info][gc,heap        ] GC(401) Humongous regions: 0->0
[228.851s][info][gc,metaspace   ] GC(401) Metaspace: 18064K(18688K)->18064K(18688K) NonClass: 16009K(16384K)->16009K(16384K) Class: 2054K(2304K)->2054K(2304K)
[228.851s][info][gc             ] GC(401) Pause Young (Normal) (G1 Evacuation Pause) 1231M->7M(2048M) 3.480ms
[228.851s][info][gc,cpu         ] GC(401) User=0.00s Sys=0.00s Real=0.00s
[229.196s][info][gc,start       ] GC(402) Pause Young (Normal) (G1 Evacuation Pause)
[229.196s][info][gc,task        ] GC(402) Using 6 workers of 6 for evacuation
[229.200s][info][gc,phases      ] GC(402)   Pre Evacuate Collection Set: 0.0ms
[229.200s][info][gc,phases      ] GC(402)   Evacuate Collection Set: 3.1ms
[229.200s][info][gc,phases      ] GC(402)   Post Evacuate Collection Set: 1.0ms
[229.200s][info][gc,phases      ] GC(402)   Other: 0.2ms
[229.200s][info][gc,heap        ] GC(402) Eden regions: 1224->0(1220)
[229.200s][info][gc,heap        ] GC(402) Survivor regions: 4->8(154)
[229.200s][info][gc,heap        ] GC(402) Old regions: 5->5
[229.200s][info][gc,heap        ] GC(402) Humongous regions: 0->0
[229.200s][info][gc,metaspace   ] GC(402) Metaspace: 18064K(18688K)->18064K(18688K) NonClass: 16009K(16384K)->16009K(16384K) Class: 2054K(2304K)->2054K(2304K)
[229.200s][info][gc             ] GC(402) Pause Young (Normal) (G1 Evacuation Pause) 1231M->11M(2048M) 4.448ms
[229.200s][info][gc,cpu         ] GC(402) User=0.02s Sys=0.00s Real=0.02s
[229.703s][info][gc,start       ] GC(403) Pause Young (Normal) (G1 Evacuation Pause)
[229.703s][info][gc,task        ] GC(403) Using 6 workers of 6 for evacuation
[229.709s][info][gc,phases      ] GC(403)   Pre Evacuate Collection Set: 0.0ms
[229.710s][info][gc,phases      ] GC(403)   Evacuate Collection Set: 5.3ms
[229.710s][info][gc,phases      ] GC(403)   Post Evacuate Collection Set: 1.1ms
[229.710s][info][gc,phases      ] GC(403)   Other: 0.2ms
[229.710s][info][gc,heap        ] GC(403) Eden regions: 1220->0(1216)
[229.710s][info][gc,heap        ] GC(403) Survivor regions: 8->12(154)
[229.710s][info][gc,heap        ] GC(403) Old regions: 5->5
[229.710s][info][gc,heap        ] GC(403) Humongous regions: 0->0
[229.710s][info][gc,metaspace   ] GC(403) Metaspace: 18064K(18688K)->18064K(18688K) NonClass: 16009K(16384K)->16009K(16384K) Class: 2054K(2304K)->2054K(2304K)
[229.710s][info][gc             ] GC(403) Pause Young (Normal) (G1 Evacuation Pause) 1231M->15M(2048M) 6.835ms
[229.710s][info][gc,cpu         ] GC(403) User=0.00s Sys=0.00s Real=0.00s
[230.320s][info][gc,start       ] GC(404) Pause Young (Normal) (G1 Evacuation Pause)
[230.320s][info][gc,task        ] GC(404) Using 6 workers of 6 for evacuation
[230.332s][info][gc,phases      ] GC(404)   Pre Evacuate Collection Set: 0.0ms
[230.332s][info][gc,phases      ] GC(404)   Evacuate Collection Set: 10.6ms
[230.332s][info][gc,phases      ] GC(404)   Post Evacuate Collection Set: 0.8ms
[230.332s][info][gc,phases      ] GC(404)   Other: 0.2ms
[230.332s][info][gc,heap        ] GC(404) Eden regions: 1216->0(1203)
[230.332s][info][gc,heap        ] GC(404) Survivor regions: 12->25(154)
[230.332s][info][gc,heap        ] GC(404) Old regions: 5->5
[230.332s][info][gc,heap        ] GC(404) Humongous regions: 3->3
[230.332s][info][gc,metaspace   ] GC(404) Metaspace: 18064K(18688K)->18064K(18688K) NonClass: 16009K(16384K)->16009K(16384K) Class: 2054K(2304K)->2054K(2304K)
[230.332s][info][gc             ] GC(404) Pause Young (Normal) (G1 Evacuation Pause) 1234M->31M(2048M) 11.774ms
[230.332s][info][gc,cpu         ] GC(404) User=0.02s Sys=0.00s Real=0.01s
[230.905s][info][gc,start       ] GC(405) Pause Young (Normal) (G1 Evacuation Pause)
[230.905s][info][gc,task        ] GC(405) Using 6 workers of 6 for evacuation
[230.915s][info][gc,phases      ] GC(405)   Pre Evacuate Collection Set: 0.0ms
[230.915s][info][gc,phases      ] GC(405)   Evacuate Collection Set: 9.2ms
[230.915s][info][gc,phases      ] GC(405)   Post Evacuate Collection Set: 1.0ms
[230.915s][info][gc,phases      ] GC(405)   Other: 0.3ms
[230.915s][info][gc,heap        ] GC(405) Eden regions: 1203->0(1198)
[230.915s][info][gc,heap        ] GC(405) Survivor regions: 25->30(154)
[230.915s][info][gc,heap        ] GC(405) Old regions: 5->5
[230.915s][info][gc,heap        ] GC(405) Humongous regions: 3->3
[230.915s][info][gc,metaspace   ] GC(405) Metaspace: 18064K(18688K)->18064K(18688K) NonClass: 16009K(16384K)->16009K(16384K) Class: 2054K(2304K)->2054K(2304K)
[230.915s][info][gc             ] GC(405) Pause Young (Normal) (G1 Evacuation Pause) 1234M->36M(2048M) 10.652ms
[230.915s][info][gc,cpu         ] GC(405) User=0.02s Sys=0.00s Real=0.02s
[231.768s][info][gc,task        ] GC(406) Using 6 workers of 6 for full compaction
[231.768s][info][gc,start       ] GC(406) Pause Full (System.gc())
[231.768s][info][gc,phases,start] GC(406) Phase 1: Mark live objects
[231.771s][info][gc,stringtable ] GC(406) Cleaned string and symbol table, strings: 5676 processed, 0 removed, symbols: 53749 processed, 0 removed
[231.771s][info][gc,phases      ] GC(406) Phase 1: Mark live objects 2.334ms
[231.771s][info][gc,phases,start] GC(406) Phase 2: Prepare for compaction
[231.773s][info][gc,phases      ] GC(406) Phase 2: Prepare for compaction 2.062ms
[231.773s][info][gc,phases,start] GC(406) Phase 3: Adjust pointers
[231.775s][info][gc,phases      ] GC(406) Phase 3: Adjust pointers 2.046ms
[231.775s][info][gc,phases,start] GC(406) Phase 4: Compact heap
[231.777s][info][gc,phases      ] GC(406) Phase 4: Compact heap 1.763ms
[231.779s][info][gc,heap        ] GC(406) Eden regions: 1147->0(1228)
[231.779s][info][gc,heap        ] GC(406) Survivor regions: 30->0(154)
[231.779s][info][gc,heap        ] GC(406) Old regions: 5->4
[231.779s][info][gc,heap        ] GC(406) Humongous regions: 22->0
[231.779s][info][gc,metaspace   ] GC(406) Metaspace: 18064K(18688K)->18064K(18688K) NonClass: 16009K(16384K)->16009K(16384K) Class: 2054K(2304K)->2054K(2304K)
[231.779s][info][gc             ] GC(406) Pause Full (System.gc()) 1202M->3M(2048M) 10.665ms
[231.779s][info][gc,cpu         ] GC(406) User=0.00s Sys=0.00s Real=0.02s
[232.172s][info][gc,start       ] GC(407) Pause Young (Normal) (G1 Evacuation Pause)
[232.172s][info][gc,task        ] GC(407) Using 6 workers of 6 for evacuation
[232.175s][info][gc,phases      ] GC(407)   Pre Evacuate Collection Set: 0.0ms
[232.175s][info][gc,phases      ] GC(407)   Evacuate Collection Set: 2.1ms
[232.175s][info][gc,phases      ] GC(407)   Post Evacuate Collection Set: 0.9ms
[232.175s][info][gc,phases      ] GC(407)   Other: 0.3ms
[232.175s][info][gc,heap        ] GC(407) Eden regions: 1228->0(1223)
[232.175s][info][gc,heap        ] GC(407) Survivor regions: 0->5(154)
[232.175s][info][gc,heap        ] GC(407) Old regions: 4->4
[232.175s][info][gc,heap        ] GC(407) Humongous regions: 0->0
[232.175s][info][gc,metaspace   ] GC(407) Metaspace: 18064K(18688K)->18064K(18688K) NonClass: 16010K(16384K)->16010K(16384K) Class: 2054K(2304K)->2054K(2304K)
[232.175s][info][gc             ] GC(407) Pause Young (Normal) (G1 Evacuation Pause) 1231M->8M(2048M) 3.419ms
[232.175s][info][gc,cpu         ] GC(407) User=0.00s Sys=0.00s Real=0.00s
[232.658s][info][gc,start       ] GC(408) Pause Young (Normal) (G1 Evacuation Pause)
[232.658s][info][gc,task        ] GC(408) Using 6 workers of 6 for evacuation
[232.662s][info][gc,phases      ] GC(408)   Pre Evacuate Collection Set: 0.0ms
[232.662s][info][gc,phases      ] GC(408)   Evacuate Collection Set: 3.1ms
[232.662s][info][gc,phases      ] GC(408)   Post Evacuate Collection Set: 0.9ms
[232.662s][info][gc,phases      ] GC(408)   Other: 0.2ms
[232.662s][info][gc,heap        ] GC(408) Eden regions: 1223->0(1220)
[232.662s][info][gc,heap        ] GC(408) Survivor regions: 5->8(154)
[232.662s][info][gc,heap        ] GC(408) Old regions: 4->4
[232.662s][info][gc,heap        ] GC(408) Humongous regions: 0->0
[232.662s][info][gc,metaspace   ] GC(408) Metaspace: 18064K(18688K)->18064K(18688K) NonClass: 16010K(16384K)->16010K(16384K) Class: 2054K(2304K)->2054K(2304K)
[232.663s][info][gc             ] GC(408) Pause Young (Normal) (G1 Evacuation Pause) 1231M->11M(2048M) 4.346ms
[232.663s][info][gc,cpu         ] GC(408) User=0.00s Sys=0.00s Real=0.00s
[233.212s][info][gc,start       ] GC(409) Pause Young (Normal) (G1 Evacuation Pause)
[233.212s][info][gc,task        ] GC(409) Using 6 workers of 6 for evacuation
[233.218s][info][gc,phases      ] GC(409)   Pre Evacuate Collection Set: 0.1ms
[233.218s][info][gc,phases      ] GC(409)   Evacuate Collection Set: 5.4ms
[233.218s][info][gc,phases      ] GC(409)   Post Evacuate Collection Set: 1.0ms
[233.218s][info][gc,phases      ] GC(409)   Other: 0.4ms
[233.218s][info][gc,heap        ] GC(409) Eden regions: 1220->0(1216)
[233.218s][info][gc,heap        ] GC(409) Survivor regions: 8->12(154)
[233.218s][info][gc,heap        ] GC(409) Old regions: 4->4
[233.218s][info][gc,heap        ] GC(409) Humongous regions: 0->0
[233.218s][info][gc,metaspace   ] GC(409) Metaspace: 18064K(18688K)->18064K(18688K) NonClass: 16010K(16384K)->16010K(16384K) Class: 2054K(2304K)->2054K(2304K)
[233.218s][info][gc             ] GC(409) Pause Young (Normal) (G1 Evacuation Pause) 1231M->15M(2048M) 6.901ms
[233.218s][info][gc,cpu         ] GC(409) User=0.00s Sys=0.00s Real=0.00s
[233.826s][info][gc,start       ] GC(410) Pause Young (Normal) (G1 Evacuation Pause)
[233.826s][info][gc,task        ] GC(410) Using 6 workers of 6 for evacuation
[233.837s][info][gc,phases      ] GC(410)   Pre Evacuate Collection Set: 0.0ms
[233.837s][info][gc,phases      ] GC(410)   Evacuate Collection Set: 10.5ms
[233.837s][info][gc,phases      ] GC(410)   Post Evacuate Collection Set: 1.0ms
[233.837s][info][gc,phases      ] GC(410)   Other: 0.2ms
[233.837s][info][gc,heap        ] GC(410) Eden regions: 1216->0(1203)
[233.837s][info][gc,heap        ] GC(410) Survivor regions: 12->25(154)
[233.837s][info][gc,heap        ] GC(410) Old regions: 4->4
[233.837s][info][gc,heap        ] GC(410) Humongous regions: 3->3
[233.837s][info][gc,metaspace   ] GC(410) Metaspace: 18064K(18688K)->18064K(18688K) NonClass: 16010K(16384K)->16010K(16384K) Class: 2054K(2304K)->2054K(2304K)
[233.837s][info][gc             ] GC(410) Pause Young (Normal) (G1 Evacuation Pause) 1234M->31M(2048M) 11.834ms
[233.837s][info][gc,cpu         ] GC(410) User=0.02s Sys=0.00s Real=0.01s
[234.413s][info][gc,start       ] GC(411) Pause Young (Normal) (G1 Evacuation Pause)
[234.413s][info][gc,task        ] GC(411) Using 6 workers of 6 for evacuation
[234.423s][info][gc,phases      ] GC(411)   Pre Evacuate Collection Set: 0.0ms
[234.423s][info][gc,phases      ] GC(411)   Evacuate Collection Set: 8.9ms
[234.423s][info][gc,phases      ] GC(411)   Post Evacuate Collection Set: 1.0ms
[234.423s][info][gc,phases      ] GC(411)   Other: 0.4ms
[234.423s][info][gc,heap        ] GC(411) Eden regions: 1203->0(1198)
[234.423s][info][gc,heap        ] GC(411) Survivor regions: 25->30(154)
[234.423s][info][gc,heap        ] GC(411) Old regions: 4->4
[234.423s][info][gc,heap        ] GC(411) Humongous regions: 3->3
[234.423s][info][gc,metaspace   ] GC(411) Metaspace: 18064K(18688K)->18064K(18688K) NonClass: 16010K(16384K)->16010K(16384K) Class: 2054K(2304K)->2054K(2304K)
[234.423s][info][gc             ] GC(411) Pause Young (Normal) (G1 Evacuation Pause) 1234M->36M(2048M) 10.374ms
[234.423s][info][gc,cpu         ] GC(411) User=0.00s Sys=0.00s Real=0.00s
[235.275s][info][gc,task        ] GC(412) Using 6 workers of 6 for full compaction
[235.275s][info][gc,start       ] GC(412) Pause Full (System.gc())
[235.275s][info][gc,phases,start] GC(412) Phase 1: Mark live objects
[235.278s][info][gc,stringtable ] GC(412) Cleaned string and symbol table, strings: 5676 processed, 0 removed, symbols: 53749 processed, 0 removed
[235.278s][info][gc,phases      ] GC(412) Phase 1: Mark live objects 2.593ms
[235.278s][info][gc,phases,start] GC(412) Phase 2: Prepare for compaction
[235.280s][info][gc,phases      ] GC(412) Phase 2: Prepare for compaction 2.332ms
[235.280s][info][gc,phases,start] GC(412) Phase 3: Adjust pointers
[235.282s][info][gc,phases      ] GC(412) Phase 3: Adjust pointers 1.863ms
[235.282s][info][gc,phases,start] GC(412) Phase 4: Compact heap
[235.284s][info][gc,phases      ] GC(412) Phase 4: Compact heap 1.826ms
[235.286s][info][gc,heap        ] GC(412) Eden regions: 1149->0(1228)
[235.286s][info][gc,heap        ] GC(412) Survivor regions: 30->0(154)
[235.286s][info][gc,heap        ] GC(412) Old regions: 4->5
[235.286s][info][gc,heap        ] GC(412) Humongous regions: 22->0
[235.286s][info][gc,metaspace   ] GC(412) Metaspace: 18064K(18688K)->18064K(18688K) NonClass: 16010K(16384K)->16010K(16384K) Class: 2054K(2304K)->2054K(2304K)
[235.286s][info][gc             ] GC(412) Pause Full (System.gc()) 1204M->3M(2048M) 10.972ms
[235.286s][info][gc,cpu         ] GC(412) User=0.00s Sys=0.00s Real=0.02s
[235.621s][info][gc,start       ] GC(413) Pause Young (Normal) (G1 Evacuation Pause)
[235.621s][info][gc,task        ] GC(413) Using 6 workers of 6 for evacuation
[235.625s][info][gc,phases      ] GC(413)   Pre Evacuate Collection Set: 0.0ms
[235.625s][info][gc,phases      ] GC(413)   Evacuate Collection Set: 2.1ms
[235.625s][info][gc,phases      ] GC(413)   Post Evacuate Collection Set: 0.9ms
[235.625s][info][gc,phases      ] GC(413)   Other: 0.2ms
[235.625s][info][gc,heap        ] GC(413) Eden regions: 1228->0(1223)
[235.625s][info][gc,heap        ] GC(413) Survivor regions: 0->5(154)
[235.625s][info][gc,heap        ] GC(413) Old regions: 5->5
[235.625s][info][gc,heap        ] GC(413) Humongous regions: 0->0
[235.625s][info][gc,metaspace   ] GC(413) Metaspace: 18064K(18688K)->18064K(18688K) NonClass: 16010K(16384K)->16010K(16384K) Class: 2054K(2304K)->2054K(2304K)
[235.625s][info][gc             ] GC(413) Pause Young (Normal) (G1 Evacuation Pause) 1231M->8M(2048M) 3.324ms
[235.625s][info][gc,cpu         ] GC(413) User=0.05s Sys=0.00s Real=0.02s
[235.979s][info][gc,start       ] GC(414) Pause Young (Normal) (G1 Evacuation Pause)
[235.979s][info][gc,task        ] GC(414) Using 6 workers of 6 for evacuation
[235.983s][info][gc,phases      ] GC(414)   Pre Evacuate Collection Set: 0.0ms
[235.983s][info][gc,phases      ] GC(414)   Evacuate Collection Set: 3.2ms
[235.983s][info][gc,phases      ] GC(414)   Post Evacuate Collection Set: 0.9ms
[235.983s][info][gc,phases      ] GC(414)   Other: 0.2ms
[235.983s][info][gc,heap        ] GC(414) Eden regions: 1223->0(1220)
[235.983s][info][gc,heap        ] GC(414) Survivor regions: 5->8(154)
[235.983s][info][gc,heap        ] GC(414) Old regions: 5->5
[235.983s][info][gc,heap        ] GC(414) Humongous regions: 0->0
[235.983s][info][gc,metaspace   ] GC(414) Metaspace: 18064K(18688K)->18064K(18688K) NonClass: 16010K(16384K)->16010K(16384K) Class: 2054K(2304K)->2054K(2304K)
[235.983s][info][gc             ] GC(414) Pause Young (Normal) (G1 Evacuation Pause) 1231M->11M(2048M) 4.522ms
[235.983s][info][gc,cpu         ] GC(414) User=0.00s Sys=0.00s Real=0.00s
[236.489s][info][gc,start       ] GC(415) Pause Young (Normal) (G1 Evacuation Pause)
[236.489s][info][gc,task        ] GC(415) Using 6 workers of 6 for evacuation
[236.496s][info][gc,phases      ] GC(415)   Pre Evacuate Collection Set: 0.1ms
[236.496s][info][gc,phases      ] GC(415)   Evacuate Collection Set: 5.3ms
[236.496s][info][gc,phases      ] GC(415)   Post Evacuate Collection Set: 1.0ms
[236.496s][info][gc,phases      ] GC(415)   Other: 0.4ms
[236.496s][info][gc,heap        ] GC(415) Eden regions: 1220->0(1216)
[236.496s][info][gc,heap        ] GC(415) Survivor regions: 8->12(154)
[236.496s][info][gc,heap        ] GC(415) Old regions: 5->5
[236.496s][info][gc,heap        ] GC(415) Humongous regions: 0->0
[236.496s][info][gc,metaspace   ] GC(415) Metaspace: 18064K(18688K)->18064K(18688K) NonClass: 16010K(16384K)->16010K(16384K) Class: 2054K(2304K)->2054K(2304K)
[236.496s][info][gc             ] GC(415) Pause Young (Normal) (G1 Evacuation Pause) 1231M->15M(2048M) 6.802ms
[236.496s][info][gc,cpu         ] GC(415) User=0.00s Sys=0.00s Real=0.00s
[237.102s][info][gc,start       ] GC(416) Pause Young (Normal) (G1 Evacuation Pause)
[237.102s][info][gc,task        ] GC(416) Using 6 workers of 6 for evacuation
[237.113s][info][gc,phases      ] GC(416)   Pre Evacuate Collection Set: 0.0ms
[237.113s][info][gc,phases      ] GC(416)   Evacuate Collection Set: 10.0ms
[237.113s][info][gc,phases      ] GC(416)   Post Evacuate Collection Set: 0.9ms
[237.113s][info][gc,phases      ] GC(416)   Other: 0.2ms
[237.113s][info][gc,heap        ] GC(416) Eden regions: 1216->0(1203)
[237.113s][info][gc,heap        ] GC(416) Survivor regions: 12->25(154)
[237.113s][info][gc,heap        ] GC(416) Old regions: 5->5
[237.113s][info][gc,heap        ] GC(416) Humongous regions: 3->3
[237.113s][info][gc,metaspace   ] GC(416) Metaspace: 18064K(18688K)->18064K(18688K) NonClass: 16010K(16384K)->16010K(16384K) Class: 2054K(2304K)->2054K(2304K)
[237.113s][info][gc             ] GC(416) Pause Young (Normal) (G1 Evacuation Pause) 1234M->31M(2048M) 11.216ms
[237.113s][info][gc,cpu         ] GC(416) User=0.00s Sys=0.00s Real=0.00s
[237.688s][info][gc,start       ] GC(417) Pause Young (Normal) (G1 Evacuation Pause)
[237.688s][info][gc,task        ] GC(417) Using 6 workers of 6 for evacuation
[237.699s][info][gc,phases      ] GC(417)   Pre Evacuate Collection Set: 0.1ms
[237.699s][info][gc,phases      ] GC(417)   Evacuate Collection Set: 9.2ms
[237.699s][info][gc,phases      ] GC(417)   Post Evacuate Collection Set: 0.9ms
[237.699s][info][gc,phases      ] GC(417)   Other: 0.4ms
[237.699s][info][gc,heap        ] GC(417) Eden regions: 1203->0(1199)
[237.699s][info][gc,heap        ] GC(417) Survivor regions: 25->29(154)
[237.699s][info][gc,heap        ] GC(417) Old regions: 5->5
[237.699s][info][gc,heap        ] GC(417) Humongous regions: 3->3
[237.699s][info][gc,metaspace   ] GC(417) Metaspace: 18064K(18688K)->18064K(18688K) NonClass: 16010K(16384K)->16010K(16384K) Class: 2054K(2304K)->2054K(2304K)
[237.699s][info][gc             ] GC(417) Pause Young (Normal) (G1 Evacuation Pause) 1234M->35M(2048M) 10.686ms
[237.699s][info][gc,cpu         ] GC(417) User=0.02s Sys=0.00s Real=0.02s
[238.546s][info][gc,task        ] GC(418) Using 6 workers of 6 for full compaction
[238.546s][info][gc,start       ] GC(418) Pause Full (System.gc())
[238.547s][info][gc,phases,start] GC(418) Phase 1: Mark live objects
[238.549s][info][gc,stringtable ] GC(418) Cleaned string and symbol table, strings: 5676 processed, 0 removed, symbols: 53749 processed, 0 removed
[238.549s][info][gc,phases      ] GC(418) Phase 1: Mark live objects 2.423ms
[238.549s][info][gc,phases,start] GC(418) Phase 2: Prepare for compaction
[238.551s][info][gc,phases      ] GC(418) Phase 2: Prepare for compaction 2.168ms
[238.551s][info][gc,phases,start] GC(418) Phase 3: Adjust pointers
[238.553s][info][gc,phases      ] GC(418) Phase 3: Adjust pointers 1.857ms
[238.553s][info][gc,phases,start] GC(418) Phase 4: Compact heap
[238.555s][info][gc,phases      ] GC(418) Phase 4: Compact heap 2.022ms
[238.557s][info][gc,heap        ] GC(418) Eden regions: 1148->0(1228)
[238.557s][info][gc,heap        ] GC(418) Survivor regions: 29->0(154)
[238.557s][info][gc,heap        ] GC(418) Old regions: 5->5
[238.557s][info][gc,heap        ] GC(418) Humongous regions: 22->0
[238.557s][info][gc,metaspace   ] GC(418) Metaspace: 18064K(18688K)->18064K(18688K) NonClass: 16010K(16384K)->16010K(16384K) Class: 2054K(2304K)->2054K(2304K)
[238.557s][info][gc             ] GC(418) Pause Full (System.gc()) 1201M->3M(2048M) 10.687ms
[238.557s][info][gc,cpu         ] GC(418) User=0.00s Sys=0.00s Real=0.00s
[238.933s][info][gc,start       ] GC(419) Pause Young (Normal) (G1 Evacuation Pause)
[238.933s][info][gc,task        ] GC(419) Using 6 workers of 6 for evacuation
[238.936s][info][gc,phases      ] GC(419)   Pre Evacuate Collection Set: 0.0ms
[238.936s][info][gc,phases      ] GC(419)   Evacuate Collection Set: 2.1ms
[238.936s][info][gc,phases      ] GC(419)   Post Evacuate Collection Set: 0.8ms
[238.936s][info][gc,phases      ] GC(419)   Other: 0.2ms
[238.936s][info][gc,heap        ] GC(419) Eden regions: 1228->0(1224)
[238.936s][info][gc,heap        ] GC(419) Survivor regions: 0->4(154)
[238.936s][info][gc,heap        ] GC(419) Old regions: 5->5
[238.936s][info][gc,heap        ] GC(419) Humongous regions: 0->0
[238.936s][info][gc,metaspace   ] GC(419) Metaspace: 18064K(18688K)->18064K(18688K) NonClass: 16010K(16384K)->16010K(16384K) Class: 2054K(2304K)->2054K(2304K)
[238.936s][info][gc             ] GC(419) Pause Young (Normal) (G1 Evacuation Pause) 1231M->7M(2048M) 3.255ms
[238.936s][info][gc,cpu         ] GC(419) User=0.00s Sys=0.00s Real=0.00s
[239.271s][info][gc,start       ] GC(420) Pause Young (Normal) (G1 Evacuation Pause)
[239.271s][info][gc,task        ] GC(420) Using 6 workers of 6 for evacuation
[239.275s][info][gc,phases      ] GC(420)   Pre Evacuate Collection Set: 0.0ms
[239.275s][info][gc,phases      ] GC(420)   Evacuate Collection Set: 3.1ms
[239.275s][info][gc,phases      ] GC(420)   Post Evacuate Collection Set: 1.0ms
[239.275s][info][gc,phases      ] GC(420)   Other: 0.2ms
[239.275s][info][gc,heap        ] GC(420) Eden regions: 1224->0(1220)
[239.275s][info][gc,heap        ] GC(420) Survivor regions: 4->8(154)
[239.275s][info][gc,heap        ] GC(420) Old regions: 5->5
[239.275s][info][gc,heap        ] GC(420) Humongous regions: 0->0
[239.275s][info][gc,metaspace   ] GC(420) Metaspace: 18064K(18688K)->18064K(18688K) NonClass: 16010K(16384K)->16010K(16384K) Class: 2054K(2304K)->2054K(2304K)
[239.275s][info][gc             ] GC(420) Pause Young (Normal) (G1 Evacuation Pause) 1231M->11M(2048M) 4.474ms
[239.275s][info][gc,cpu         ] GC(420) User=0.00s Sys=0.00s Real=0.00s
[239.776s][info][gc,start       ] GC(421) Pause Young (Normal) (G1 Evacuation Pause)
[239.776s][info][gc,task        ] GC(421) Using 6 workers of 6 for evacuation
[239.783s][info][gc,phases      ] GC(421)   Pre Evacuate Collection Set: 0.1ms
[239.783s][info][gc,phases      ] GC(421)   Evacuate Collection Set: 5.3ms
[239.783s][info][gc,phases      ] GC(421)   Post Evacuate Collection Set: 1.0ms
[239.783s][info][gc,phases      ] GC(421)   Other: 0.3ms
[239.783s][info][gc,heap        ] GC(421) Eden regions: 1220->0(1216)
[239.783s][info][gc,heap        ] GC(421) Survivor regions: 8->12(154)
[239.783s][info][gc,heap        ] GC(421) Old regions: 5->5
[239.783s][info][gc,heap        ] GC(421) Humongous regions: 0->0
[239.783s][info][gc,metaspace   ] GC(421) Metaspace: 18064K(18688K)->18064K(18688K) NonClass: 16010K(16384K)->16010K(16384K) Class: 2054K(2304K)->2054K(2304K)
[239.783s][info][gc             ] GC(421) Pause Young (Normal) (G1 Evacuation Pause) 1231M->15M(2048M) 6.679ms
[239.783s][info][gc,cpu         ] GC(421) User=0.00s Sys=0.00s Real=0.01s
[240.391s][info][gc,start       ] GC(422) Pause Young (Normal) (G1 Evacuation Pause)
[240.391s][info][gc,task        ] GC(422) Using 6 workers of 6 for evacuation
[240.402s][info][gc,phases      ] GC(422)   Pre Evacuate Collection Set: 0.0ms
[240.403s][info][gc,phases      ] GC(422)   Evacuate Collection Set: 10.4ms
[240.403s][info][gc,phases      ] GC(422)   Post Evacuate Collection Set: 0.9ms
[240.403s][info][gc,phases      ] GC(422)   Other: 0.4ms
[240.403s][info][gc,heap        ] GC(422) Eden regions: 1216->0(1203)
[240.403s][info][gc,heap        ] GC(422) Survivor regions: 12->25(154)
[240.403s][info][gc,heap        ] GC(422) Old regions: 5->5
[240.403s][info][gc,heap        ] GC(422) Humongous regions: 3->3
[240.403s][info][gc,metaspace   ] GC(422) Metaspace: 18064K(18688K)->18064K(18688K) NonClass: 16010K(16384K)->16010K(16384K) Class: 2054K(2304K)->2054K(2304K)
[240.403s][info][gc             ] GC(422) Pause Young (Normal) (G1 Evacuation Pause) 1234M->31M(2048M) 11.782ms
[240.403s][info][gc,cpu         ] GC(422) User=0.02s Sys=0.00s Real=0.01s
[240.975s][info][gc,start       ] GC(423) Pause Young (Normal) (G1 Evacuation Pause)
[240.975s][info][gc,task        ] GC(423) Using 6 workers of 6 for evacuation
[240.985s][info][gc,phases      ] GC(423)   Pre Evacuate Collection Set: 0.0ms
[240.985s][info][gc,phases      ] GC(423)   Evacuate Collection Set: 8.9ms
[240.985s][info][gc,phases      ] GC(423)   Post Evacuate Collection Set: 1.0ms
[240.985s][info][gc,phases      ] GC(423)   Other: 0.2ms
[240.985s][info][gc,heap        ] GC(423) Eden regions: 1203->0(1199)
[240.985s][info][gc,heap        ] GC(423) Survivor regions: 25->29(154)
[240.985s][info][gc,heap        ] GC(423) Old regions: 5->5
[240.985s][info][gc,heap        ] GC(423) Humongous regions: 3->3
[240.985s][info][gc,metaspace   ] GC(423) Metaspace: 18064K(18688K)->18064K(18688K) NonClass: 16010K(16384K)->16010K(16384K) Class: 2054K(2304K)->2054K(2304K)
[240.985s][info][gc             ] GC(423) Pause Young (Normal) (G1 Evacuation Pause) 1234M->35M(2048M) 10.300ms
[240.985s][info][gc,cpu         ] GC(423) User=0.00s Sys=0.00s Real=0.01s
[241.838s][info][gc,task        ] GC(424) Using 6 workers of 6 for full compaction
[241.838s][info][gc,start       ] GC(424) Pause Full (System.gc())
[241.838s][info][gc,phases,start] GC(424) Phase 1: Mark live objects
[241.841s][info][gc,stringtable ] GC(424) Cleaned string and symbol table, strings: 5676 processed, 0 removed, symbols: 53749 processed, 0 removed
[241.841s][info][gc,phases      ] GC(424) Phase 1: Mark live objects 2.607ms
[241.841s][info][gc,phases,start] GC(424) Phase 2: Prepare for compaction
[241.843s][info][gc,phases      ] GC(424) Phase 2: Prepare for compaction 2.163ms
[241.843s][info][gc,phases,start] GC(424) Phase 3: Adjust pointers
[241.845s][info][gc,phases      ] GC(424) Phase 3: Adjust pointers 2.083ms
[241.845s][info][gc,phases,start] GC(424) Phase 4: Compact heap
[241.847s][info][gc,phases      ] GC(424) Phase 4: Compact heap 2.105ms
[241.849s][info][gc,heap        ] GC(424) Eden regions: 1148->0(1228)
[241.849s][info][gc,heap        ] GC(424) Survivor regions: 29->0(154)
[241.849s][info][gc,heap        ] GC(424) Old regions: 5->5
[241.849s][info][gc,heap        ] GC(424) Humongous regions: 22->0
[241.849s][info][gc,metaspace   ] GC(424) Metaspace: 18064K(18688K)->18064K(18688K) NonClass: 16010K(16384K)->16010K(16384K) Class: 2054K(2304K)->2054K(2304K)
[241.849s][info][gc             ] GC(424) Pause Full (System.gc()) 1201M->3M(2048M) 11.075ms
[241.849s][info][gc,cpu         ] GC(424) User=0.02s Sys=0.00s Real=0.02s
[242.206s][info][gc,start       ] GC(425) Pause Young (Normal) (G1 Evacuation Pause)
[242.206s][info][gc,task        ] GC(425) Using 6 workers of 6 for evacuation
[242.209s][info][gc,phases      ] GC(425)   Pre Evacuate Collection Set: 0.0ms
[242.209s][info][gc,phases      ] GC(425)   Evacuate Collection Set: 1.9ms
[242.209s][info][gc,phases      ] GC(425)   Post Evacuate Collection Set: 0.8ms
[242.209s][info][gc,phases      ] GC(425)   Other: 0.2ms
[242.209s][info][gc,heap        ] GC(425) Eden regions: 1228->0(1222)
[242.209s][info][gc,heap        ] GC(425) Survivor regions: 0->6(154)
[242.209s][info][gc,heap        ] GC(425) Old regions: 5->5
[242.209s][info][gc,heap        ] GC(425) Humongous regions: 0->0
[242.209s][info][gc,metaspace   ] GC(425) Metaspace: 18064K(18688K)->18064K(18688K) NonClass: 16010K(16384K)->16010K(16384K) Class: 2054K(2304K)->2054K(2304K)
[242.209s][info][gc             ] GC(425) Pause Young (Normal) (G1 Evacuation Pause) 1231M->9M(2048M) 3.047ms
[242.209s][info][gc,cpu         ] GC(425) User=0.00s Sys=0.00s Real=0.00s
[242.587s][info][gc,start       ] GC(426) Pause Young (Normal) (G1 Evacuation Pause)
[242.587s][info][gc,task        ] GC(426) Using 6 workers of 6 for evacuation
[242.592s][info][gc,phases      ] GC(426)   Pre Evacuate Collection Set: 0.0ms
[242.592s][info][gc,phases      ] GC(426)   Evacuate Collection Set: 3.2ms
[242.592s][info][gc,phases      ] GC(426)   Post Evacuate Collection Set: 1.0ms
[242.592s][info][gc,phases      ] GC(426)   Other: 0.2ms
[242.592s][info][gc,heap        ] GC(426) Eden regions: 1222->0(1220)
[242.592s][info][gc,heap        ] GC(426) Survivor regions: 6->8(154)
[242.592s][info][gc,heap        ] GC(426) Old regions: 5->5
[242.592s][info][gc,heap        ] GC(426) Humongous regions: 0->0
[242.592s][info][gc,metaspace   ] GC(426) Metaspace: 18064K(18688K)->18064K(18688K) NonClass: 16010K(16384K)->16010K(16384K) Class: 2054K(2304K)->2054K(2304K)
[242.592s][info][gc             ] GC(426) Pause Young (Normal) (G1 Evacuation Pause) 1231M->11M(2048M) 4.531ms
[242.592s][info][gc,cpu         ] GC(426) User=0.00s Sys=0.00s Real=0.00s
[243.098s][info][gc,start       ] GC(427) Pause Young (Normal) (G1 Evacuation Pause)
[243.098s][info][gc,task        ] GC(427) Using 6 workers of 6 for evacuation
[243.105s][info][gc,phases      ] GC(427)   Pre Evacuate Collection Set: 0.1ms
[243.105s][info][gc,phases      ] GC(427)   Evacuate Collection Set: 5.4ms
[243.105s][info][gc,phases      ] GC(427)   Post Evacuate Collection Set: 1.1ms
[243.105s][info][gc,phases      ] GC(427)   Other: 0.4ms
[243.105s][info][gc,heap        ] GC(427) Eden regions: 1220->0(1216)
[243.105s][info][gc,heap        ] GC(427) Survivor regions: 8->12(154)
[243.105s][info][gc,heap        ] GC(427) Old regions: 5->5
[243.105s][info][gc,heap        ] GC(427) Humongous regions: 0->0
[243.105s][info][gc,metaspace   ] GC(427) Metaspace: 18064K(18688K)->18064K(18688K) NonClass: 16010K(16384K)->16010K(16384K) Class: 2054K(2304K)->2054K(2304K)
[243.105s][info][gc             ] GC(427) Pause Young (Normal) (G1 Evacuation Pause) 1231M->15M(2048M) 7.007ms
[243.105s][info][gc,cpu         ] GC(427) User=0.02s Sys=0.00s Real=0.02s
[243.714s][info][gc,start       ] GC(428) Pause Young (Normal) (G1 Evacuation Pause)
[243.714s][info][gc,task        ] GC(428) Using 6 workers of 6 for evacuation
[243.725s][info][gc,phases      ] GC(428)   Pre Evacuate Collection Set: 0.1ms
[243.725s][info][gc,phases      ] GC(428)   Evacuate Collection Set: 10.5ms
[243.725s][info][gc,phases      ] GC(428)   Post Evacuate Collection Set: 0.9ms
[243.725s][info][gc,phases      ] GC(428)   Other: 0.3ms
[243.725s][info][gc,heap        ] GC(428) Eden regions: 1216->0(1203)
[243.725s][info][gc,heap        ] GC(428) Survivor regions: 12->25(154)
[243.725s][info][gc,heap        ] GC(428) Old regions: 5->5
[243.725s][info][gc,heap        ] GC(428) Humongous regions: 3->3
[243.725s][info][gc,metaspace   ] GC(428) Metaspace: 18064K(18688K)->18064K(18688K) NonClass: 16010K(16384K)->16010K(16384K) Class: 2054K(2304K)->2054K(2304K)
[243.725s][info][gc             ] GC(428) Pause Young (Normal) (G1 Evacuation Pause) 1234M->31M(2048M) 11.826ms
[243.725s][info][gc,cpu         ] GC(428) User=0.00s Sys=0.00s Real=0.00s
[244.297s][info][gc,start       ] GC(429) Pause Young (Normal) (G1 Evacuation Pause)
[244.297s][info][gc,task        ] GC(429) Using 6 workers of 6 for evacuation
[244.307s][info][gc,phases      ] GC(429)   Pre Evacuate Collection Set: 0.0ms
[244.307s][info][gc,phases      ] GC(429)   Evacuate Collection Set: 8.8ms
[244.307s][info][gc,phases      ] GC(429)   Post Evacuate Collection Set: 1.0ms
[244.307s][info][gc,phases      ] GC(429)   Other: 0.3ms
[244.307s][info][gc,heap        ] GC(429) Eden regions: 1203->0(1199)
[244.307s][info][gc,heap        ] GC(429) Survivor regions: 25->29(154)
[244.307s][info][gc,heap        ] GC(429) Old regions: 5->5
[244.307s][info][gc,heap        ] GC(429) Humongous regions: 3->3
[244.307s][info][gc,metaspace   ] GC(429) Metaspace: 18064K(18688K)->18064K(18688K) NonClass: 16010K(16384K)->16010K(16384K) Class: 2054K(2304K)->2054K(2304K)
[244.307s][info][gc             ] GC(429) Pause Young (Normal) (G1 Evacuation Pause) 1234M->35M(2048M) 10.248ms
[244.307s][info][gc,cpu         ] GC(429) User=0.00s Sys=0.00s Real=0.00s
[245.161s][info][gc,task        ] GC(430) Using 6 workers of 6 for full compaction
[245.162s][info][gc,start       ] GC(430) Pause Full (System.gc())
[245.162s][info][gc,phases,start] GC(430) Phase 1: Mark live objects
[245.164s][info][gc,stringtable ] GC(430) Cleaned string and symbol table, strings: 5676 processed, 0 removed, symbols: 53749 processed, 0 removed
[245.164s][info][gc,phases      ] GC(430) Phase 1: Mark live objects 2.553ms
[245.164s][info][gc,phases,start] GC(430) Phase 2: Prepare for compaction
[245.166s][info][gc,phases      ] GC(430) Phase 2: Prepare for compaction 2.094ms
[245.167s][info][gc,phases,start] GC(430) Phase 3: Adjust pointers
[245.169s][info][gc,phases      ] GC(430) Phase 3: Adjust pointers 2.018ms
[245.169s][info][gc,phases,start] GC(430) Phase 4: Compact heap
[245.170s][info][gc,phases      ] GC(430) Phase 4: Compact heap 1.788ms
[245.172s][info][gc,heap        ] GC(430) Eden regions: 1150->0(1228)
[245.172s][info][gc,heap        ] GC(430) Survivor regions: 29->0(154)
[245.172s][info][gc,heap        ] GC(430) Old regions: 5->4
[245.172s][info][gc,heap        ] GC(430) Humongous regions: 22->0
[245.173s][info][gc,metaspace   ] GC(430) Metaspace: 18064K(18688K)->18064K(18688K) NonClass: 16010K(16384K)->16010K(16384K) Class: 2054K(2304K)->2054K(2304K)
[245.173s][info][gc             ] GC(430) Pause Full (System.gc()) 1204M->3M(2048M) 10.968ms
[245.173s][info][gc,cpu         ] GC(430) User=0.00s Sys=0.00s Real=0.02s
[245.554s][info][gc,start       ] GC(431) Pause Young (Normal) (G1 Evacuation Pause)
[245.554s][info][gc,task        ] GC(431) Using 6 workers of 6 for evacuation
[245.557s][info][gc,phases      ] GC(431)   Pre Evacuate Collection Set: 0.0ms
[245.557s][info][gc,phases      ] GC(431)   Evacuate Collection Set: 2.1ms
[245.557s][info][gc,phases      ] GC(431)   Post Evacuate Collection Set: 0.9ms
[245.557s][info][gc,phases      ] GC(431)   Other: 0.2ms
[245.557s][info][gc,heap        ] GC(431) Eden regions: 1228->0(1223)
[245.557s][info][gc,heap        ] GC(431) Survivor regions: 0->5(154)
[245.557s][info][gc,heap        ] GC(431) Old regions: 4->4
[245.557s][info][gc,heap        ] GC(431) Humongous regions: 0->0
[245.557s][info][gc,metaspace   ] GC(431) Metaspace: 18064K(18688K)->18064K(18688K) NonClass: 16010K(16384K)->16010K(16384K) Class: 2054K(2304K)->2054K(2304K)
[245.557s][info][gc             ] GC(431) Pause Young (Normal) (G1 Evacuation Pause) 1231M->8M(2048M) 3.331ms
[245.557s][info][gc,cpu         ] GC(431) User=0.00s Sys=0.00s Real=0.00s
[245.925s][info][gc,start       ] GC(432) Pause Young (Normal) (G1 Evacuation Pause)
[245.925s][info][gc,task        ] GC(432) Using 6 workers of 6 for evacuation
[245.929s][info][gc,phases      ] GC(432)   Pre Evacuate Collection Set: 0.0ms
[245.929s][info][gc,phases      ] GC(432)   Evacuate Collection Set: 3.1ms
[245.929s][info][gc,phases      ] GC(432)   Post Evacuate Collection Set: 1.1ms
[245.929s][info][gc,phases      ] GC(432)   Other: 0.2ms
[245.929s][info][gc,heap        ] GC(432) Eden regions: 1223->0(1220)
[245.929s][info][gc,heap        ] GC(432) Survivor regions: 5->8(154)
[245.929s][info][gc,heap        ] GC(432) Old regions: 4->4
[245.929s][info][gc,heap        ] GC(432) Humongous regions: 0->0
[245.929s][info][gc,metaspace   ] GC(432) Metaspace: 18064K(18688K)->18064K(18688K) NonClass: 16010K(16384K)->16010K(16384K) Class: 2054K(2304K)->2054K(2304K)
[245.930s][info][gc             ] GC(432) Pause Young (Normal) (G1 Evacuation Pause) 1231M->11M(2048M) 4.605ms
[245.930s][info][gc,cpu         ] GC(432) User=0.00s Sys=0.00s Real=0.00s
[246.462s][info][gc,start       ] GC(433) Pause Young (Normal) (G1 Evacuation Pause)
[246.462s][info][gc,task        ] GC(433) Using 6 workers of 6 for evacuation
[246.469s][info][gc,phases      ] GC(433)   Pre Evacuate Collection Set: 0.0ms
[246.469s][info][gc,phases      ] GC(433)   Evacuate Collection Set: 5.1ms
[246.469s][info][gc,phases      ] GC(433)   Post Evacuate Collection Set: 1.3ms
[246.469s][info][gc,phases      ] GC(433)   Other: 0.2ms
[246.469s][info][gc,heap        ] GC(433) Eden regions: 1220->0(1216)
[246.469s][info][gc,heap        ] GC(433) Survivor regions: 8->12(154)
[246.469s][info][gc,heap        ] GC(433) Old regions: 4->4
[246.469s][info][gc,heap        ] GC(433) Humongous regions: 0->0
[246.469s][info][gc,metaspace   ] GC(433) Metaspace: 18064K(18688K)->18064K(18688K) NonClass: 16010K(16384K)->16010K(16384K) Class: 2054K(2304K)->2054K(2304K)
[246.469s][info][gc             ] GC(433) Pause Young (Normal) (G1 Evacuation Pause) 1231M->15M(2048M) 6.810ms
[246.469s][info][gc,cpu         ] GC(433) User=0.00s Sys=0.00s Real=0.00s
[247.077s][info][gc,start       ] GC(434) Pause Young (Normal) (G1 Evacuation Pause)
[247.077s][info][gc,task        ] GC(434) Using 6 workers of 6 for evacuation
[247.088s][info][gc,phases      ] GC(434)   Pre Evacuate Collection Set: 0.1ms
[247.088s][info][gc,phases      ] GC(434)   Evacuate Collection Set: 10.5ms
[247.088s][info][gc,phases      ] GC(434)   Post Evacuate Collection Set: 0.8ms
[247.088s][info][gc,phases      ] GC(434)   Other: 0.4ms
[247.088s][info][gc,heap        ] GC(434) Eden regions: 1216->0(1203)
[247.088s][info][gc,heap        ] GC(434) Survivor regions: 12->25(154)
[247.088s][info][gc,heap        ] GC(434) Old regions: 4->4
[247.088s][info][gc,heap        ] GC(434) Humongous regions: 3->3
[247.088s][info][gc,metaspace   ] GC(434) Metaspace: 18064K(18688K)->18064K(18688K) NonClass: 16010K(16384K)->16010K(16384K) Class: 2054K(2304K)->2054K(2304K)
[247.088s][info][gc             ] GC(434) Pause Young (Normal) (G1 Evacuation Pause) 1234M->31M(2048M) 11.845ms
[247.088s][info][gc,cpu         ] GC(434) User=0.02s Sys=0.00s Real=0.02s
[247.664s][info][gc,start       ] GC(435) Pause Young (Normal) (G1 Evacuation Pause)
[247.664s][info][gc,task        ] GC(435) Using 6 workers of 6 for evacuation
[247.674s][info][gc,phases      ] GC(435)   Pre Evacuate Collection Set: 0.0ms
[247.674s][info][gc,phases      ] GC(435)   Evacuate Collection Set: 8.8ms
[247.674s][info][gc,phases      ] GC(435)   Post Evacuate Collection Set: 1.0ms
[247.674s][info][gc,phases      ] GC(435)   Other: 0.3ms
[247.674s][info][gc,heap        ] GC(435) Eden regions: 1203->0(1198)
[247.674s][info][gc,heap        ] GC(435) Survivor regions: 25->30(154)
[247.674s][info][gc,heap        ] GC(435) Old regions: 4->4
[247.674s][info][gc,heap        ] GC(435) Humongous regions: 3->3
[247.674s][info][gc,metaspace   ] GC(435) Metaspace: 18064K(18688K)->18064K(18688K) NonClass: 16010K(16384K)->16010K(16384K) Class: 2054K(2304K)->2054K(2304K)
[247.674s][info][gc             ] GC(435) Pause Young (Normal) (G1 Evacuation Pause) 1234M->36M(2048M) 10.212ms
[247.674s][info][gc,cpu         ] GC(435) User=0.02s Sys=0.00s Real=0.02s
[248.526s][info][gc,task        ] GC(436) Using 6 workers of 6 for full compaction
[248.526s][info][gc,start       ] GC(436) Pause Full (System.gc())
[248.526s][info][gc,phases,start] GC(436) Phase 1: Mark live objects
[248.528s][info][gc,stringtable ] GC(436) Cleaned string and symbol table, strings: 5676 processed, 0 removed, symbols: 53749 processed, 0 removed
[248.528s][info][gc,phases      ] GC(436) Phase 1: Mark live objects 2.392ms
[248.528s][info][gc,phases,start] GC(436) Phase 2: Prepare for compaction
[248.531s][info][gc,phases      ] GC(436) Phase 2: Prepare for compaction 2.205ms
[248.531s][info][gc,phases,start] GC(436) Phase 3: Adjust pointers
[248.533s][info][gc,phases      ] GC(436) Phase 3: Adjust pointers 2.125ms
[248.533s][info][gc,phases,start] GC(436) Phase 4: Compact heap
[248.535s][info][gc,phases      ] GC(436) Phase 4: Compact heap 1.747ms
[248.536s][info][gc,heap        ] GC(436) Eden regions: 1149->0(1228)
[248.537s][info][gc,heap        ] GC(436) Survivor regions: 30->0(154)
[248.537s][info][gc,heap        ] GC(436) Old regions: 4->4
[248.537s][info][gc,heap        ] GC(436) Humongous regions: 22->0
[248.537s][info][gc,metaspace   ] GC(436) Metaspace: 18064K(18688K)->18064K(18688K) NonClass: 16010K(16384K)->16010K(16384K) Class: 2054K(2304K)->2054K(2304K)
[248.537s][info][gc             ] GC(436) Pause Full (System.gc()) 1203M->3M(2048M) 10.817ms
[248.537s][info][gc,cpu         ] GC(436) User=0.02s Sys=0.00s Real=0.01s
[249.016s][info][gc,start       ] GC(437) Pause Young (Normal) (G1 Evacuation Pause)
[249.017s][info][gc,task        ] GC(437) Using 6 workers of 6 for evacuation
[249.020s][info][gc,phases      ] GC(437)   Pre Evacuate Collection Set: 0.0ms
[249.020s][info][gc,phases      ] GC(437)   Evacuate Collection Set: 2.1ms
[249.020s][info][gc,phases      ] GC(437)   Post Evacuate Collection Set: 1.0ms
[249.020s][info][gc,phases      ] GC(437)   Other: 0.2ms
[249.020s][info][gc,heap        ] GC(437) Eden regions: 1228->0(1222)
[249.020s][info][gc,heap        ] GC(437) Survivor regions: 0->6(154)
[249.020s][info][gc,heap        ] GC(437) Old regions: 4->4
[249.020s][info][gc,heap        ] GC(437) Humongous regions: 0->0
[249.020s][info][gc,metaspace   ] GC(437) Metaspace: 18064K(18688K)->18064K(18688K) NonClass: 16010K(16384K)->16010K(16384K) Class: 2054K(2304K)->2054K(2304K)
[249.020s][info][gc             ] GC(437) Pause Young (Normal) (G1 Evacuation Pause) 1231M->9M(2048M) 3.403ms
[249.020s][info][gc,cpu         ] GC(437) User=0.02s Sys=0.00s Real=0.02s
[249.463s][info][gc,start       ] GC(438) Pause Young (Normal) (G1 Evacuation Pause)
[249.463s][info][gc,task        ] GC(438) Using 6 workers of 6 for evacuation
[249.468s][info][gc,phases      ] GC(438)   Pre Evacuate Collection Set: 0.0ms
[249.468s][info][gc,phases      ] GC(438)   Evacuate Collection Set: 3.8ms
[249.468s][info][gc,phases      ] GC(438)   Post Evacuate Collection Set: 1.1ms
[249.468s][info][gc,phases      ] GC(438)   Other: 0.2ms
[249.468s][info][gc,heap        ] GC(438) Eden regions: 1222->0(1220)
[249.468s][info][gc,heap        ] GC(438) Survivor regions: 6->8(154)
[249.468s][info][gc,heap        ] GC(438) Old regions: 4->4
[249.468s][info][gc,heap        ] GC(438) Humongous regions: 0->0
[249.468s][info][gc,metaspace   ] GC(438) Metaspace: 18064K(18688K)->18064K(18688K) NonClass: 16010K(16384K)->16010K(16384K) Class: 2054K(2304K)->2054K(2304K)
[249.469s][info][gc             ] GC(438) Pause Young (Normal) (G1 Evacuation Pause) 1231M->11M(2048M) 5.235ms
[249.469s][info][gc,cpu         ] GC(438) User=0.00s Sys=0.00s Real=0.00s
[250.020s][info][gc,start       ] GC(439) Pause Young (Normal) (G1 Evacuation Pause)
[250.021s][info][gc,task        ] GC(439) Using 6 workers of 6 for evacuation
[250.027s][info][gc,phases      ] GC(439)   Pre Evacuate Collection Set: 0.0ms
[250.027s][info][gc,phases      ] GC(439)   Evacuate Collection Set: 5.4ms
[250.027s][info][gc,phases      ] GC(439)   Post Evacuate Collection Set: 0.9ms
[250.027s][info][gc,phases      ] GC(439)   Other: 0.3ms
[250.027s][info][gc,heap        ] GC(439) Eden regions: 1220->0(1216)
[250.027s][info][gc,heap        ] GC(439) Survivor regions: 8->12(154)
[250.027s][info][gc,heap        ] GC(439) Old regions: 4->4
[250.027s][info][gc,heap        ] GC(439) Humongous regions: 0->0
[250.027s][info][gc,metaspace   ] GC(439) Metaspace: 18064K(18688K)->18064K(18688K) NonClass: 16010K(16384K)->16010K(16384K) Class: 2054K(2304K)->2054K(2304K)
[250.027s][info][gc             ] GC(439) Pause Young (Normal) (G1 Evacuation Pause) 1231M->15M(2048M) 6.803ms
[250.027s][info][gc,cpu         ] GC(439) User=0.02s Sys=0.00s Real=0.02s
[250.634s][info][gc,start       ] GC(440) Pause Young (Normal) (G1 Evacuation Pause)
[250.634s][info][gc,task        ] GC(440) Using 6 workers of 6 for evacuation
[250.646s][info][gc,phases      ] GC(440)   Pre Evacuate Collection Set: 0.0ms
[250.646s][info][gc,phases      ] GC(440)   Evacuate Collection Set: 10.4ms
[250.646s][info][gc,phases      ] GC(440)   Post Evacuate Collection Set: 0.9ms
[250.646s][info][gc,phases      ] GC(440)   Other: 0.2ms
[250.646s][info][gc,heap        ] GC(440) Eden regions: 1216->0(1203)
[250.646s][info][gc,heap        ] GC(440) Survivor regions: 12->25(154)
[250.646s][info][gc,heap        ] GC(440) Old regions: 4->4
[250.646s][info][gc,heap        ] GC(440) Humongous regions: 3->3
[250.646s][info][gc,metaspace   ] GC(440) Metaspace: 18064K(18688K)->18064K(18688K) NonClass: 16010K(16384K)->16010K(16384K) Class: 2054K(2304K)->2054K(2304K)
[250.646s][info][gc             ] GC(440) Pause Young (Normal) (G1 Evacuation Pause) 1234M->31M(2048M) 11.614ms
[250.646s][info][gc,cpu         ] GC(440) User=0.02s Sys=0.00s Real=0.02s
[251.219s][info][gc,start       ] GC(441) Pause Young (Normal) (G1 Evacuation Pause)
[251.219s][info][gc,task        ] GC(441) Using 6 workers of 6 for evacuation
[251.229s][info][gc,phases      ] GC(441)   Pre Evacuate Collection Set: 0.0ms
[251.229s][info][gc,phases      ] GC(441)   Evacuate Collection Set: 8.8ms
[251.229s][info][gc,phases      ] GC(441)   Post Evacuate Collection Set: 1.0ms
[251.229s][info][gc,phases      ] GC(441)   Other: 0.3ms
[251.229s][info][gc,heap        ] GC(441) Eden regions: 1203->0(1199)
[251.229s][info][gc,heap        ] GC(441) Survivor regions: 25->29(154)
[251.229s][info][gc,heap        ] GC(441) Old regions: 4->4
[251.229s][info][gc,heap        ] GC(441) Humongous regions: 3->3
[251.229s][info][gc,metaspace   ] GC(441) Metaspace: 18064K(18688K)->18064K(18688K) NonClass: 16010K(16384K)->16010K(16384K) Class: 2054K(2304K)->2054K(2304K)
[251.229s][info][gc             ] GC(441) Pause Young (Normal) (G1 Evacuation Pause) 1234M->35M(2048M) 10.298ms
[251.229s][info][gc,cpu         ] GC(441) User=0.00s Sys=0.00s Real=0.00s
[252.080s][info][gc,task        ] GC(442) Using 6 workers of 6 for full compaction
[252.080s][info][gc,start       ] GC(442) Pause Full (System.gc())
[252.080s][info][gc,phases,start] GC(442) Phase 1: Mark live objects
[252.083s][info][gc,stringtable ] GC(442) Cleaned string and symbol table, strings: 5676 processed, 0 removed, symbols: 53749 processed, 0 removed
[252.083s][info][gc,phases      ] GC(442) Phase 1: Mark live objects 2.475ms
[252.083s][info][gc,phases,start] GC(442) Phase 2: Prepare for compaction
[252.085s][info][gc,phases      ] GC(442) Phase 2: Prepare for compaction 2.410ms
[252.085s][info][gc,phases,start] GC(442) Phase 3: Adjust pointers
[252.087s][info][gc,phases      ] GC(442) Phase 3: Adjust pointers 1.896ms
[252.087s][info][gc,phases,start] GC(442) Phase 4: Compact heap
[252.090s][info][gc,phases      ] GC(442) Phase 4: Compact heap 2.563ms
[252.092s][info][gc,heap        ] GC(442) Eden regions: 1150->0(1228)
[252.092s][info][gc,heap        ] GC(442) Survivor regions: 29->0(154)
[252.092s][info][gc,heap        ] GC(442) Old regions: 4->5
[252.092s][info][gc,heap        ] GC(442) Humongous regions: 22->0
[252.092s][info][gc,metaspace   ] GC(442) Metaspace: 18064K(18688K)->18064K(18688K) NonClass: 16010K(16384K)->16010K(16384K) Class: 2054K(2304K)->2054K(2304K)
[252.092s][info][gc             ] GC(442) Pause Full (System.gc()) 1204M->3M(2048M) 11.725ms
[252.092s][info][gc,cpu         ] GC(442) User=0.00s Sys=0.00s Real=0.00s
[252.533s][info][gc,start       ] GC(443) Pause Young (Normal) (G1 Evacuation Pause)
[252.533s][info][gc,task        ] GC(443) Using 6 workers of 6 for evacuation
[252.536s][info][gc,phases      ] GC(443)   Pre Evacuate Collection Set: 0.0ms
[252.536s][info][gc,phases      ] GC(443)   Evacuate Collection Set: 2.1ms
[252.536s][info][gc,phases      ] GC(443)   Post Evacuate Collection Set: 0.9ms
[252.536s][info][gc,phases      ] GC(443)   Other: 0.2ms
[252.536s][info][gc,heap        ] GC(443) Eden regions: 1228->0(1223)
[252.536s][info][gc,heap        ] GC(443) Survivor regions: 0->5(154)
[252.536s][info][gc,heap        ] GC(443) Old regions: 5->5
[252.536s][info][gc,heap        ] GC(443) Humongous regions: 0->0
[252.536s][info][gc,metaspace   ] GC(443) Metaspace: 18064K(18688K)->18064K(18688K) NonClass: 16010K(16384K)->16010K(16384K) Class: 2054K(2304K)->2054K(2304K)
[252.536s][info][gc             ] GC(443) Pause Young (Normal) (G1 Evacuation Pause) 1231M->8M(2048M) 3.323ms
[252.536s][info][gc,cpu         ] GC(443) User=0.02s Sys=0.00s Real=0.02s
[252.950s][info][gc,start       ] GC(444) Pause Young (Normal) (G1 Evacuation Pause)
[252.950s][info][gc,task        ] GC(444) Using 6 workers of 6 for evacuation
[252.954s][info][gc,phases      ] GC(444)   Pre Evacuate Collection Set: 0.0ms
[252.954s][info][gc,phases      ] GC(444)   Evacuate Collection Set: 3.1ms
[252.954s][info][gc,phases      ] GC(444)   Post Evacuate Collection Set: 0.9ms
[252.954s][info][gc,phases      ] GC(444)   Other: 0.3ms
[252.954s][info][gc,heap        ] GC(444) Eden regions: 1223->0(1220)
[252.954s][info][gc,heap        ] GC(444) Survivor regions: 5->8(154)
[252.954s][info][gc,heap        ] GC(444) Old regions: 5->5
[252.954s][info][gc,heap        ] GC(444) Humongous regions: 0->0
[252.954s][info][gc,metaspace   ] GC(444) Metaspace: 18064K(18688K)->18064K(18688K) NonClass: 16010K(16384K)->16010K(16384K) Class: 2054K(2304K)->2054K(2304K)
[252.954s][info][gc             ] GC(444) Pause Young (Normal) (G1 Evacuation Pause) 1231M->11M(2048M) 4.441ms
[252.954s][info][gc,cpu         ] GC(444) User=0.00s Sys=0.00s Real=0.00s
[253.503s][info][gc,start       ] GC(445) Pause Young (Normal) (G1 Evacuation Pause)
[253.503s][info][gc,task        ] GC(445) Using 6 workers of 6 for evacuation
[253.510s][info][gc,phases      ] GC(445)   Pre Evacuate Collection Set: 0.0ms
[253.510s][info][gc,phases      ] GC(445)   Evacuate Collection Set: 5.4ms
[253.510s][info][gc,phases      ] GC(445)   Post Evacuate Collection Set: 1.0ms
[253.510s][info][gc,phases      ] GC(445)   Other: 0.2ms
[253.510s][info][gc,heap        ] GC(445) Eden regions: 1220->0(1216)
[253.510s][info][gc,heap        ] GC(445) Survivor regions: 8->12(154)
[253.510s][info][gc,heap        ] GC(445) Old regions: 5->5
[253.510s][info][gc,heap        ] GC(445) Humongous regions: 0->0
[253.510s][info][gc,metaspace   ] GC(445) Metaspace: 18064K(18688K)->18064K(18688K) NonClass: 16010K(16384K)->16010K(16384K) Class: 2054K(2304K)->2054K(2304K)
[253.510s][info][gc             ] GC(445) Pause Young (Normal) (G1 Evacuation Pause) 1231M->15M(2048M) 6.711ms
[253.510s][info][gc,cpu         ] GC(445) User=0.00s Sys=0.00s Real=0.01s
[254.119s][info][gc,start       ] GC(446) Pause Young (Normal) (G1 Evacuation Pause)
[254.119s][info][gc,task        ] GC(446) Using 6 workers of 6 for evacuation
[254.130s][info][gc,phases      ] GC(446)   Pre Evacuate Collection Set: 0.0ms
[254.130s][info][gc,phases      ] GC(446)   Evacuate Collection Set: 10.5ms
[254.130s][info][gc,phases      ] GC(446)   Post Evacuate Collection Set: 0.9ms
[254.131s][info][gc,phases      ] GC(446)   Other: 0.3ms
[254.131s][info][gc,heap        ] GC(446) Eden regions: 1216->0(1203)
[254.131s][info][gc,heap        ] GC(446) Survivor regions: 12->25(154)
[254.131s][info][gc,heap        ] GC(446) Old regions: 5->5
[254.131s][info][gc,heap        ] GC(446) Humongous regions: 3->3
[254.131s][info][gc,metaspace   ] GC(446) Metaspace: 18064K(18688K)->18064K(18688K) NonClass: 16010K(16384K)->16010K(16384K) Class: 2054K(2304K)->2054K(2304K)
[254.131s][info][gc             ] GC(446) Pause Young (Normal) (G1 Evacuation Pause) 1234M->31M(2048M) 11.890ms
[254.131s][info][gc,cpu         ] GC(446) User=0.02s Sys=0.00s Real=0.01s
[254.706s][info][gc,start       ] GC(447) Pause Young (Normal) (G1 Evacuation Pause)
[254.706s][info][gc,task        ] GC(447) Using 6 workers of 6 for evacuation
[254.716s][info][gc,phases      ] GC(447)   Pre Evacuate Collection Set: 0.1ms
[254.716s][info][gc,phases      ] GC(447)   Evacuate Collection Set: 8.7ms
[254.716s][info][gc,phases      ] GC(447)   Post Evacuate Collection Set: 1.0ms
[254.716s][info][gc,phases      ] GC(447)   Other: 0.4ms
[254.716s][info][gc,heap        ] GC(447) Eden regions: 1203->0(1200)
[254.716s][info][gc,heap        ] GC(447) Survivor regions: 25->28(154)
[254.716s][info][gc,heap        ] GC(447) Old regions: 5->5
[254.716s][info][gc,heap        ] GC(447) Humongous regions: 3->3
[254.716s][info][gc,metaspace   ] GC(447) Metaspace: 18064K(18688K)->18064K(18688K) NonClass: 16010K(16384K)->16010K(16384K) Class: 2054K(2304K)->2054K(2304K)
[254.716s][info][gc             ] GC(447) Pause Young (Normal) (G1 Evacuation Pause) 1234M->34M(2048M) 10.251ms
[254.716s][info][gc,cpu         ] GC(447) User=0.00s Sys=0.00s Real=0.00s
[255.569s][info][gc,task        ] GC(448) Using 6 workers of 6 for full compaction
[255.569s][info][gc,start       ] GC(448) Pause Full (System.gc())
[255.569s][info][gc,phases,start] GC(448) Phase 1: Mark live objects
[255.572s][info][gc,stringtable ] GC(448) Cleaned string and symbol table, strings: 5676 processed, 0 removed, symbols: 53749 processed, 0 removed
[255.572s][info][gc,phases      ] GC(448) Phase 1: Mark live objects 2.489ms
[255.572s][info][gc,phases,start] GC(448) Phase 2: Prepare for compaction
[255.574s][info][gc,phases      ] GC(448) Phase 2: Prepare for compaction 2.073ms
[255.574s][info][gc,phases,start] GC(448) Phase 3: Adjust pointers
[255.576s][info][gc,phases      ] GC(448) Phase 3: Adjust pointers 2.035ms
[255.576s][info][gc,phases,start] GC(448) Phase 4: Compact heap
[255.578s][info][gc,phases      ] GC(448) Phase 4: Compact heap 1.802ms
[255.580s][info][gc,heap        ] GC(448) Eden regions: 1149->0(1228)
[255.580s][info][gc,heap        ] GC(448) Survivor regions: 28->0(154)
[255.580s][info][gc,heap        ] GC(448) Old regions: 5->4
[255.580s][info][gc,heap        ] GC(448) Humongous regions: 22->0
[255.580s][info][gc,metaspace   ] GC(448) Metaspace: 18064K(18688K)->18064K(18688K) NonClass: 16010K(16384K)->16010K(16384K) Class: 2054K(2304K)->2054K(2304K)
[255.580s][info][gc             ] GC(448) Pause Full (System.gc()) 1202M->3M(2048M) 10.597ms
[255.580s][info][gc,cpu         ] GC(448) User=0.00s Sys=0.00s Real=0.00s
[255.966s][info][gc,start       ] GC(449) Pause Young (Normal) (G1 Evacuation Pause)
[255.966s][info][gc,task        ] GC(449) Using 6 workers of 6 for evacuation
[255.969s][info][gc,phases      ] GC(449)   Pre Evacuate Collection Set: 0.0ms
[255.969s][info][gc,phases      ] GC(449)   Evacuate Collection Set: 2.1ms
[255.969s][info][gc,phases      ] GC(449)   Post Evacuate Collection Set: 0.8ms
[255.969s][info][gc,phases      ] GC(449)   Other: 0.2ms
[255.969s][info][gc,heap        ] GC(449) Eden regions: 1228->0(1222)
[255.969s][info][gc,heap        ] GC(449) Survivor regions: 0->6(154)
[255.969s][info][gc,heap        ] GC(449) Old regions: 4->4
[255.969s][info][gc,heap        ] GC(449) Humongous regions: 0->0
[255.969s][info][gc,metaspace   ] GC(449) Metaspace: 18067K(18688K)->18067K(18688K) NonClass: 16012K(16384K)->16012K(16384K) Class: 2054K(2304K)->2054K(2304K)
[255.969s][info][gc             ] GC(449) Pause Young (Normal) (G1 Evacuation Pause) 1231M->9M(2048M) 3.236ms
[255.969s][info][gc,cpu         ] GC(449) User=0.00s Sys=0.00s Real=0.00s
[256.400s][info][gc,start       ] GC(450) Pause Young (Normal) (G1 Evacuation Pause)
[256.400s][info][gc,task        ] GC(450) Using 6 workers of 6 for evacuation
[256.404s][info][gc,phases      ] GC(450)   Pre Evacuate Collection Set: 0.0ms
[256.404s][info][gc,phases      ] GC(450)   Evacuate Collection Set: 3.0ms
[256.404s][info][gc,phases      ] GC(450)   Post Evacuate Collection Set: 0.9ms
[256.404s][info][gc,phases      ] GC(450)   Other: 0.2ms
[256.404s][info][gc,heap        ] GC(450) Eden regions: 1222->0(1220)
[256.404s][info][gc,heap        ] GC(450) Survivor regions: 6->8(154)
[256.404s][info][gc,heap        ] GC(450) Old regions: 4->4
[256.404s][info][gc,heap        ] GC(450) Humongous regions: 0->0
[256.404s][info][gc,metaspace   ] GC(450) Metaspace: 18067K(18688K)->18067K(18688K) NonClass: 16012K(16384K)->16012K(16384K) Class: 2054K(2304K)->2054K(2304K)
[256.404s][info][gc             ] GC(450) Pause Young (Normal) (G1 Evacuation Pause) 1231M->11M(2048M) 4.293ms
[256.404s][info][gc,cpu         ] GC(450) User=0.00s Sys=0.00s Real=0.00s
[256.921s][info][gc,start       ] GC(451) Pause Young (Normal) (G1 Evacuation Pause)
[256.921s][info][gc,task        ] GC(451) Using 6 workers of 6 for evacuation
[256.927s][info][gc,phases      ] GC(451)   Pre Evacuate Collection Set: 0.0ms
[256.927s][info][gc,phases      ] GC(451)   Evacuate Collection Set: 5.4ms
[256.927s][info][gc,phases      ] GC(451)   Post Evacuate Collection Set: 1.0ms
[256.927s][info][gc,phases      ] GC(451)   Other: 0.3ms
[256.927s][info][gc,heap        ] GC(451) Eden regions: 1220->0(1216)
[256.927s][info][gc,heap        ] GC(451) Survivor regions: 8->12(154)
[256.927s][info][gc,heap        ] GC(451) Old regions: 4->4
[256.927s][info][gc,heap        ] GC(451) Humongous regions: 0->0
[256.927s][info][gc,metaspace   ] GC(451) Metaspace: 18067K(18688K)->18067K(18688K) NonClass: 16012K(16384K)->16012K(16384K) Class: 2054K(2304K)->2054K(2304K)
[256.927s][info][gc             ] GC(451) Pause Young (Normal) (G1 Evacuation Pause) 1231M->15M(2048M) 6.821ms
[256.927s][info][gc,cpu         ] GC(451) User=0.00s Sys=0.00s Real=0.00s
[257.536s][info][gc,start       ] GC(452) Pause Young (Normal) (G1 Evacuation Pause)
[257.536s][info][gc,task        ] GC(452) Using 6 workers of 6 for evacuation
[257.548s][info][gc,phases      ] GC(452)   Pre Evacuate Collection Set: 0.0ms
[257.548s][info][gc,phases      ] GC(452)   Evacuate Collection Set: 10.7ms
[257.548s][info][gc,phases      ] GC(452)   Post Evacuate Collection Set: 0.9ms
[257.548s][info][gc,phases      ] GC(452)   Other: 0.3ms
[257.548s][info][gc,heap        ] GC(452) Eden regions: 1216->0(1203)
[257.548s][info][gc,heap        ] GC(452) Survivor regions: 12->25(154)
[257.548s][info][gc,heap        ] GC(452) Old regions: 4->4
[257.548s][info][gc,heap        ] GC(452) Humongous regions: 3->3
[257.548s][info][gc,metaspace   ] GC(452) Metaspace: 18067K(18688K)->18067K(18688K) NonClass: 16012K(16384K)->16012K(16384K) Class: 2054K(2304K)->2054K(2304K)
[257.548s][info][gc             ] GC(452) Pause Young (Normal) (G1 Evacuation Pause) 1234M->31M(2048M) 12.047ms
[257.548s][info][gc,cpu         ] GC(452) User=0.02s Sys=0.00s Real=0.02s
[258.122s][info][gc,start       ] GC(453) Pause Young (Normal) (G1 Evacuation Pause)
[258.122s][info][gc,task        ] GC(453) Using 6 workers of 6 for evacuation
[258.133s][info][gc,phases      ] GC(453)   Pre Evacuate Collection Set: 0.1ms
[258.133s][info][gc,phases      ] GC(453)   Evacuate Collection Set: 9.0ms
[258.133s][info][gc,phases      ] GC(453)   Post Evacuate Collection Set: 1.3ms
[258.133s][info][gc,phases      ] GC(453)   Other: 0.4ms
[258.133s][info][gc,heap        ] GC(453) Eden regions: 1203->0(1199)
[258.133s][info][gc,heap        ] GC(453) Survivor regions: 25->29(154)
[258.133s][info][gc,heap        ] GC(453) Old regions: 4->4
[258.133s][info][gc,heap        ] GC(453) Humongous regions: 3->3
[258.133s][info][gc,metaspace   ] GC(453) Metaspace: 18067K(18688K)->18067K(18688K) NonClass: 16012K(16384K)->16012K(16384K) Class: 2054K(2304K)->2054K(2304K)
[258.133s][info][gc             ] GC(453) Pause Young (Normal) (G1 Evacuation Pause) 1234M->35M(2048M) 10.842ms
[258.133s][info][gc,cpu         ] GC(453) User=0.00s Sys=0.00s Real=0.01s
[258.982s][info][gc,task        ] GC(454) Using 6 workers of 6 for full compaction
[258.982s][info][gc,start       ] GC(454) Pause Full (System.gc())
[258.982s][info][gc,phases,start] GC(454) Phase 1: Mark live objects
[258.985s][info][gc,stringtable ] GC(454) Cleaned string and symbol table, strings: 5676 processed, 0 removed, symbols: 53749 processed, 0 removed
[258.985s][info][gc,phases      ] GC(454) Phase 1: Mark live objects 2.593ms
[258.985s][info][gc,phases,start] GC(454) Phase 2: Prepare for compaction
[258.987s][info][gc,phases      ] GC(454) Phase 2: Prepare for compaction 2.091ms
[258.987s][info][gc,phases,start] GC(454) Phase 3: Adjust pointers
[258.989s][info][gc,phases      ] GC(454) Phase 3: Adjust pointers 2.009ms
[258.989s][info][gc,phases,start] GC(454) Phase 4: Compact heap
[258.991s][info][gc,phases      ] GC(454) Phase 4: Compact heap 1.948ms
[258.993s][info][gc,heap        ] GC(454) Eden regions: 1149->0(1228)
[258.993s][info][gc,heap        ] GC(454) Survivor regions: 29->0(154)
[258.993s][info][gc,heap        ] GC(454) Old regions: 4->5
[258.993s][info][gc,heap        ] GC(454) Humongous regions: 22->0
[258.993s][info][gc,metaspace   ] GC(454) Metaspace: 18067K(18688K)->18067K(18688K) NonClass: 16012K(16384K)->16012K(16384K) Class: 2054K(2304K)->2054K(2304K)
[258.993s][info][gc             ] GC(454) Pause Full (System.gc()) 1203M->3M(2048M) 10.887ms
[258.993s][info][gc,cpu         ] GC(454) User=0.02s Sys=0.00s Real=0.02s
[259.469s][info][gc,start       ] GC(455) Pause Young (Normal) (G1 Evacuation Pause)
[259.469s][info][gc,task        ] GC(455) Using 6 workers of 6 for evacuation
[259.473s][info][gc,phases      ] GC(455)   Pre Evacuate Collection Set: 0.0ms
[259.473s][info][gc,phases      ] GC(455)   Evacuate Collection Set: 2.7ms
[259.473s][info][gc,phases      ] GC(455)   Post Evacuate Collection Set: 0.9ms
[259.473s][info][gc,phases      ] GC(455)   Other: 0.2ms
[259.473s][info][gc,heap        ] GC(455) Eden regions: 1228->0(1223)
[259.473s][info][gc,heap        ] GC(455) Survivor regions: 0->5(154)
[259.473s][info][gc,heap        ] GC(455) Old regions: 5->5
[259.473s][info][gc,heap        ] GC(455) Humongous regions: 0->0
[259.473s][info][gc,metaspace   ] GC(455) Metaspace: 18067K(18688K)->18067K(18688K) NonClass: 16012K(16384K)->16012K(16384K) Class: 2054K(2304K)->2054K(2304K)
[259.473s][info][gc             ] GC(455) Pause Young (Normal) (G1 Evacuation Pause) 1231M->8M(2048M) 3.958ms
[259.473s][info][gc,cpu         ] GC(455) User=0.00s Sys=0.00s Real=0.00s
[259.838s][info][gc,start       ] GC(456) Pause Young (Normal) (G1 Evacuation Pause)
[259.838s][info][gc,task        ] GC(456) Using 6 workers of 6 for evacuation
[259.842s][info][gc,phases      ] GC(456)   Pre Evacuate Collection Set: 0.0ms
[259.842s][info][gc,phases      ] GC(456)   Evacuate Collection Set: 2.9ms
[259.842s][info][gc,phases      ] GC(456)   Post Evacuate Collection Set: 1.0ms
[259.842s][info][gc,phases      ] GC(456)   Other: 0.2ms
[259.842s][info][gc,heap        ] GC(456) Eden regions: 1223->0(1220)
[259.842s][info][gc,heap        ] GC(456) Survivor regions: 5->8(154)
[259.842s][info][gc,heap        ] GC(456) Old regions: 5->5
[259.842s][info][gc,heap        ] GC(456) Humongous regions: 0->0
[259.842s][info][gc,metaspace   ] GC(456) Metaspace: 18067K(18688K)->18067K(18688K) NonClass: 16012K(16384K)->16012K(16384K) Class: 2054K(2304K)->2054K(2304K)
[259.842s][info][gc             ] GC(456) Pause Young (Normal) (G1 Evacuation Pause) 1231M->11M(2048M) 4.218ms
[259.842s][info][gc,cpu         ] GC(456) User=0.00s Sys=0.00s Real=0.00s
[260.406s][info][gc,start       ] GC(457) Pause Young (Normal) (G1 Evacuation Pause)
[260.406s][info][gc,task        ] GC(457) Using 6 workers of 6 for evacuation
[260.412s][info][gc,phases      ] GC(457)   Pre Evacuate Collection Set: 0.0ms
[260.412s][info][gc,phases      ] GC(457)   Evacuate Collection Set: 5.0ms
[260.412s][info][gc,phases      ] GC(457)   Post Evacuate Collection Set: 1.1ms
[260.412s][info][gc,phases      ] GC(457)   Other: 0.2ms
[260.412s][info][gc,heap        ] GC(457) Eden regions: 1220->0(1216)
[260.412s][info][gc,heap        ] GC(457) Survivor regions: 8->12(154)
[260.412s][info][gc,heap        ] GC(457) Old regions: 5->5
[260.412s][info][gc,heap        ] GC(457) Humongous regions: 0->0
[260.412s][info][gc,metaspace   ] GC(457) Metaspace: 18067K(18688K)->18067K(18688K) NonClass: 16012K(16384K)->16012K(16384K) Class: 2054K(2304K)->2054K(2304K)
[260.412s][info][gc             ] GC(457) Pause Young (Normal) (G1 Evacuation Pause) 1231M->15M(2048M) 6.496ms
[260.412s][info][gc,cpu         ] GC(457) User=0.00s Sys=0.00s Real=0.00s
[261.025s][info][gc,start       ] GC(458) Pause Young (Normal) (G1 Evacuation Pause)
[261.025s][info][gc,task        ] GC(458) Using 6 workers of 6 for evacuation
[261.036s][info][gc,phases      ] GC(458)   Pre Evacuate Collection Set: 0.1ms
[261.036s][info][gc,phases      ] GC(458)   Evacuate Collection Set: 10.5ms
[261.036s][info][gc,phases      ] GC(458)   Post Evacuate Collection Set: 0.9ms
[261.036s][info][gc,phases      ] GC(458)   Other: 0.4ms
[261.036s][info][gc,heap        ] GC(458) Eden regions: 1216->0(1203)
[261.036s][info][gc,heap        ] GC(458) Survivor regions: 12->25(154)
[261.036s][info][gc,heap        ] GC(458) Old regions: 5->5
[261.036s][info][gc,heap        ] GC(458) Humongous regions: 3->3
[261.037s][info][gc,metaspace   ] GC(458) Metaspace: 18067K(18688K)->18067K(18688K) NonClass: 16012K(16384K)->16012K(16384K) Class: 2054K(2304K)->2054K(2304K)
[261.037s][info][gc             ] GC(458) Pause Young (Normal) (G1 Evacuation Pause) 1234M->31M(2048M) 11.972ms
[261.037s][info][gc,cpu         ] GC(458) User=0.02s Sys=0.00s Real=0.01s
[261.609s][info][gc,start       ] GC(459) Pause Young (Normal) (G1 Evacuation Pause)
[261.609s][info][gc,task        ] GC(459) Using 6 workers of 6 for evacuation
[261.619s][info][gc,phases      ] GC(459)   Pre Evacuate Collection Set: 0.1ms
[261.619s][info][gc,phases      ] GC(459)   Evacuate Collection Set: 8.5ms
[261.619s][info][gc,phases      ] GC(459)   Post Evacuate Collection Set: 1.1ms
[261.619s][info][gc,phases      ] GC(459)   Other: 0.3ms
[261.619s][info][gc,heap        ] GC(459) Eden regions: 1203->0(1199)
[261.619s][info][gc,heap        ] GC(459) Survivor regions: 25->29(154)
[261.619s][info][gc,heap        ] GC(459) Old regions: 5->5
[261.619s][info][gc,heap        ] GC(459) Humongous regions: 3->3
[261.619s][info][gc,metaspace   ] GC(459) Metaspace: 18067K(18688K)->18067K(18688K) NonClass: 16012K(16384K)->16012K(16384K) Class: 2054K(2304K)->2054K(2304K)
[261.619s][info][gc             ] GC(459) Pause Young (Normal) (G1 Evacuation Pause) 1234M->35M(2048M) 10.082ms
[261.619s][info][gc,cpu         ] GC(459) User=0.02s Sys=0.00s Real=0.02s
[262.472s][info][gc,task        ] GC(460) Using 6 workers of 6 for full compaction
[262.472s][info][gc,start       ] GC(460) Pause Full (System.gc())
[262.473s][info][gc,phases,start] GC(460) Phase 1: Mark live objects
[262.476s][info][gc,stringtable ] GC(460) Cleaned string and symbol table, strings: 5676 processed, 0 removed, symbols: 53749 processed, 0 removed
[262.476s][info][gc,phases      ] GC(460) Phase 1: Mark live objects 3.261ms
[262.476s][info][gc,phases,start] GC(460) Phase 2: Prepare for compaction
[262.478s][info][gc,phases      ] GC(460) Phase 2: Prepare for compaction 2.262ms
[262.478s][info][gc,phases,start] GC(460) Phase 3: Adjust pointers
[262.480s][info][gc,phases      ] GC(460) Phase 3: Adjust pointers 1.780ms
[262.480s][info][gc,phases,start] GC(460) Phase 4: Compact heap
[262.482s][info][gc,phases      ] GC(460) Phase 4: Compact heap 2.111ms
[262.484s][info][gc,heap        ] GC(460) Eden regions: 1159->0(1228)
[262.484s][info][gc,heap        ] GC(460) Survivor regions: 29->0(154)
[262.484s][info][gc,heap        ] GC(460) Old regions: 5->4
[262.484s][info][gc,heap        ] GC(460) Humongous regions: 22->0
[262.484s][info][gc,metaspace   ] GC(460) Metaspace: 18067K(18688K)->18067K(18688K) NonClass: 16012K(16384K)->16012K(16384K) Class: 2054K(2304K)->2054K(2304K)
[262.484s][info][gc             ] GC(460) Pause Full (System.gc()) 1213M->3M(2048M) 11.780ms
[262.484s][info][gc,cpu         ] GC(460) User=0.00s Sys=0.00s Real=0.02s
[262.836s][info][gc,start       ] GC(461) Pause Young (Normal) (G1 Evacuation Pause)
[262.836s][info][gc,task        ] GC(461) Using 6 workers of 6 for evacuation
[262.839s][info][gc,phases      ] GC(461)   Pre Evacuate Collection Set: 0.0ms
[262.839s][info][gc,phases      ] GC(461)   Evacuate Collection Set: 1.8ms
[262.839s][info][gc,phases      ] GC(461)   Post Evacuate Collection Set: 0.8ms
[262.839s][info][gc,phases      ] GC(461)   Other: 0.2ms
[262.839s][info][gc,heap        ] GC(461) Eden regions: 1228->0(1222)
[262.839s][info][gc,heap        ] GC(461) Survivor regions: 0->6(154)
[262.839s][info][gc,heap        ] GC(461) Old regions: 4->4
[262.839s][info][gc,heap        ] GC(461) Humongous regions: 0->0
[262.839s][info][gc,metaspace   ] GC(461) Metaspace: 18067K(18688K)->18067K(18688K) NonClass: 16012K(16384K)->16012K(16384K) Class: 2054K(2304K)->2054K(2304K)
[262.839s][info][gc             ] GC(461) Pause Young (Normal) (G1 Evacuation Pause) 1231M->9M(2048M) 3.015ms
[262.839s][info][gc,cpu         ] GC(461) User=0.00s Sys=0.00s Real=0.00s
[263.164s][info][gc,start       ] GC(462) Pause Young (Normal) (G1 Evacuation Pause)
[263.164s][info][gc,task        ] GC(462) Using 6 workers of 6 for evacuation
[263.168s][info][gc,phases      ] GC(462)   Pre Evacuate Collection Set: 0.0ms
[263.168s][info][gc,phases      ] GC(462)   Evacuate Collection Set: 3.2ms
[263.168s][info][gc,phases      ] GC(462)   Post Evacuate Collection Set: 1.1ms
[263.168s][info][gc,phases      ] GC(462)   Other: 0.2ms
[263.168s][info][gc,heap        ] GC(462) Eden regions: 1222->0(1220)
[263.168s][info][gc,heap        ] GC(462) Survivor regions: 6->8(154)
[263.168s][info][gc,heap        ] GC(462) Old regions: 4->4
[263.168s][info][gc,heap        ] GC(462) Humongous regions: 0->0
[263.168s][info][gc,metaspace   ] GC(462) Metaspace: 18067K(18688K)->18067K(18688K) NonClass: 16012K(16384K)->16012K(16384K) Class: 2054K(2304K)->2054K(2304K)
[263.169s][info][gc             ] GC(462) Pause Young (Normal) (G1 Evacuation Pause) 1231M->11M(2048M) 4.634ms
[263.169s][info][gc,cpu         ] GC(462) User=0.02s Sys=0.00s Real=0.01s
[263.672s][info][gc,start       ] GC(463) Pause Young (Normal) (G1 Evacuation Pause)
[263.672s][info][gc,task        ] GC(463) Using 6 workers of 6 for evacuation
[263.678s][info][gc,phases      ] GC(463)   Pre Evacuate Collection Set: 0.1ms
[263.678s][info][gc,phases      ] GC(463)   Evacuate Collection Set: 5.4ms
[263.678s][info][gc,phases      ] GC(463)   Post Evacuate Collection Set: 1.0ms
[263.678s][info][gc,phases      ] GC(463)   Other: 0.4ms
[263.678s][info][gc,heap        ] GC(463) Eden regions: 1220->0(1216)
[263.679s][info][gc,heap        ] GC(463) Survivor regions: 8->12(154)
[263.679s][info][gc,heap        ] GC(463) Old regions: 4->4
[263.679s][info][gc,heap        ] GC(463) Humongous regions: 0->0
[263.679s][info][gc,metaspace   ] GC(463) Metaspace: 18067K(18688K)->18067K(18688K) NonClass: 16012K(16384K)->16012K(16384K) Class: 2054K(2304K)->2054K(2304K)
[263.679s][info][gc             ] GC(463) Pause Young (Normal) (G1 Evacuation Pause) 1231M->15M(2048M) 6.860ms
[263.679s][info][gc,cpu         ] GC(463) User=0.00s Sys=0.00s Real=0.00s
[264.287s][info][gc,start       ] GC(464) Pause Young (Normal) (G1 Evacuation Pause)
[264.287s][info][gc,task        ] GC(464) Using 6 workers of 6 for evacuation
[264.300s][info][gc,phases      ] GC(464)   Pre Evacuate Collection Set: 0.0ms
[264.300s][info][gc,phases      ] GC(464)   Evacuate Collection Set: 11.1ms
[264.300s][info][gc,phases      ] GC(464)   Post Evacuate Collection Set: 0.9ms
[264.300s][info][gc,phases      ] GC(464)   Other: 0.3ms
[264.300s][info][gc,heap        ] GC(464) Eden regions: 1216->0(1203)
[264.300s][info][gc,heap        ] GC(464) Survivor regions: 12->25(154)
[264.300s][info][gc,heap        ] GC(464) Old regions: 4->4
[264.300s][info][gc,heap        ] GC(464) Humongous regions: 3->3
[264.300s][info][gc,metaspace   ] GC(464) Metaspace: 18067K(18688K)->18067K(18688K) NonClass: 16012K(16384K)->16012K(16384K) Class: 2054K(2304K)->2054K(2304K)
[264.300s][info][gc             ] GC(464) Pause Young (Normal) (G1 Evacuation Pause) 1234M->31M(2048M) 12.465ms
[264.300s][info][gc,cpu         ] GC(464) User=0.02s Sys=0.00s Real=0.02s
[264.875s][info][gc,start       ] GC(465) Pause Young (Normal) (G1 Evacuation Pause)
[264.875s][info][gc,task        ] GC(465) Using 6 workers of 6 for evacuation
[264.885s][info][gc,phases      ] GC(465)   Pre Evacuate Collection Set: 0.0ms
[264.885s][info][gc,phases      ] GC(465)   Evacuate Collection Set: 9.1ms
[264.885s][info][gc,phases      ] GC(465)   Post Evacuate Collection Set: 1.0ms
[264.885s][info][gc,phases      ] GC(465)   Other: 0.3ms
[264.885s][info][gc,heap        ] GC(465) Eden regions: 1203->0(1199)
[264.885s][info][gc,heap        ] GC(465) Survivor regions: 25->29(154)
[264.885s][info][gc,heap        ] GC(465) Old regions: 4->4
[264.885s][info][gc,heap        ] GC(465) Humongous regions: 3->3
[264.885s][info][gc,metaspace   ] GC(465) Metaspace: 18067K(18688K)->18067K(18688K) NonClass: 16012K(16384K)->16012K(16384K) Class: 2054K(2304K)->2054K(2304K)
[264.886s][info][gc             ] GC(465) Pause Young (Normal) (G1 Evacuation Pause) 1234M->35M(2048M) 10.524ms
[264.886s][info][gc,cpu         ] GC(465) User=0.02s Sys=0.00s Real=0.03s
[265.736s][info][gc,task        ] GC(466) Using 6 workers of 6 for full compaction
[265.736s][info][gc,start       ] GC(466) Pause Full (System.gc())
[265.736s][info][gc,phases,start] GC(466) Phase 1: Mark live objects
[265.739s][info][gc,stringtable ] GC(466) Cleaned string and symbol table, strings: 5676 processed, 0 removed, symbols: 53749 processed, 0 removed
[265.739s][info][gc,phases      ] GC(466) Phase 1: Mark live objects 2.522ms
[265.739s][info][gc,phases,start] GC(466) Phase 2: Prepare for compaction
[265.741s][info][gc,phases      ] GC(466) Phase 2: Prepare for compaction 2.259ms
[265.741s][info][gc,phases,start] GC(466) Phase 3: Adjust pointers
[265.743s][info][gc,phases      ] GC(466) Phase 3: Adjust pointers 2.113ms
[265.743s][info][gc,phases,start] GC(466) Phase 4: Compact heap
[265.746s][info][gc,phases      ] GC(466) Phase 4: Compact heap 2.354ms
[265.748s][info][gc,heap        ] GC(466) Eden regions: 1151->0(1228)
[265.748s][info][gc,heap        ] GC(466) Survivor regions: 29->0(154)
[265.748s][info][gc,heap        ] GC(466) Old regions: 4->5
[265.748s][info][gc,heap        ] GC(466) Humongous regions: 22->0
[265.748s][info][gc,metaspace   ] GC(466) Metaspace: 18067K(18688K)->18067K(18688K) NonClass: 16012K(16384K)->16012K(16384K) Class: 2054K(2304K)->2054K(2304K)
[265.748s][info][gc             ] GC(466) Pause Full (System.gc()) 1204M->3M(2048M) 11.547ms
[265.748s][info][gc,cpu         ] GC(466) User=0.02s Sys=0.00s Real=0.01s
[266.140s][info][gc,start       ] GC(467) Pause Young (Normal) (G1 Evacuation Pause)
[266.140s][info][gc,task        ] GC(467) Using 6 workers of 6 for evacuation
[266.144s][info][gc,phases      ] GC(467)   Pre Evacuate Collection Set: 0.0ms
[266.144s][info][gc,phases      ] GC(467)   Evacuate Collection Set: 2.1ms
[266.144s][info][gc,phases      ] GC(467)   Post Evacuate Collection Set: 0.8ms
[266.144s][info][gc,phases      ] GC(467)   Other: 0.2ms
[266.144s][info][gc,heap        ] GC(467) Eden regions: 1228->0(1222)
[266.144s][info][gc,heap        ] GC(467) Survivor regions: 0->6(154)
[266.144s][info][gc,heap        ] GC(467) Old regions: 5->5
[266.144s][info][gc,heap        ] GC(467) Humongous regions: 0->0
[266.144s][info][gc,metaspace   ] GC(467) Metaspace: 18067K(18688K)->18067K(18688K) NonClass: 16012K(16384K)->16012K(16384K) Class: 2054K(2304K)->2054K(2304K)
[266.144s][info][gc             ] GC(467) Pause Young (Normal) (G1 Evacuation Pause) 1231M->9M(2048M) 3.268ms
[266.144s][info][gc,cpu         ] GC(467) User=0.00s Sys=0.00s Real=0.00s
[266.475s][info][gc,start       ] GC(468) Pause Young (Normal) (G1 Evacuation Pause)
[266.475s][info][gc,task        ] GC(468) Using 6 workers of 6 for evacuation
[266.480s][info][gc,phases      ] GC(468)   Pre Evacuate Collection Set: 0.0ms
[266.480s][info][gc,phases      ] GC(468)   Evacuate Collection Set: 3.8ms
[266.480s][info][gc,phases      ] GC(468)   Post Evacuate Collection Set: 0.9ms
[266.480s][info][gc,phases      ] GC(468)   Other: 0.2ms
[266.480s][info][gc,heap        ] GC(468) Eden regions: 1222->0(1220)
[266.480s][info][gc,heap        ] GC(468) Survivor regions: 6->8(154)
[266.480s][info][gc,heap        ] GC(468) Old regions: 5->5
[266.480s][info][gc,heap        ] GC(468) Humongous regions: 0->0
[266.480s][info][gc,metaspace   ] GC(468) Metaspace: 18067K(18688K)->18067K(18688K) NonClass: 16012K(16384K)->16012K(16384K) Class: 2054K(2304K)->2054K(2304K)
[266.480s][info][gc             ] GC(468) Pause Young (Normal) (G1 Evacuation Pause) 1231M->11M(2048M) 5.042ms
[266.480s][info][gc,cpu         ] GC(468) User=0.00s Sys=0.00s Real=0.02s
[267.023s][info][gc,start       ] GC(469) Pause Young (Normal) (G1 Evacuation Pause)
[267.023s][info][gc,task        ] GC(469) Using 6 workers of 6 for evacuation
[267.029s][info][gc,phases      ] GC(469)   Pre Evacuate Collection Set: 0.0ms
[267.029s][info][gc,phases      ] GC(469)   Evacuate Collection Set: 5.2ms
[267.029s][info][gc,phases      ] GC(469)   Post Evacuate Collection Set: 1.0ms
[267.029s][info][gc,phases      ] GC(469)   Other: 0.3ms
[267.030s][info][gc,heap        ] GC(469) Eden regions: 1220->0(1216)
[267.030s][info][gc,heap        ] GC(469) Survivor regions: 8->12(154)
[267.030s][info][gc,heap        ] GC(469) Old regions: 5->5
[267.030s][info][gc,heap        ] GC(469) Humongous regions: 0->0
[267.030s][info][gc,metaspace   ] GC(469) Metaspace: 18067K(18688K)->18067K(18688K) NonClass: 16012K(16384K)->16012K(16384K) Class: 2054K(2304K)->2054K(2304K)
[267.030s][info][gc             ] GC(469) Pause Young (Normal) (G1 Evacuation Pause) 1231M->15M(2048M) 6.654ms
[267.030s][info][gc,cpu         ] GC(469) User=0.00s Sys=0.00s Real=0.02s
[267.638s][info][gc,start       ] GC(470) Pause Young (Normal) (G1 Evacuation Pause)
[267.638s][info][gc,task        ] GC(470) Using 6 workers of 6 for evacuation
[267.650s][info][gc,phases      ] GC(470)   Pre Evacuate Collection Set: 0.0ms
[267.650s][info][gc,phases      ] GC(470)   Evacuate Collection Set: 10.5ms
[267.650s][info][gc,phases      ] GC(470)   Post Evacuate Collection Set: 0.9ms
[267.650s][info][gc,phases      ] GC(470)   Other: 0.3ms
[267.650s][info][gc,heap        ] GC(470) Eden regions: 1216->0(1203)
[267.650s][info][gc,heap        ] GC(470) Survivor regions: 12->25(154)
[267.650s][info][gc,heap        ] GC(470) Old regions: 5->5
[267.650s][info][gc,heap        ] GC(470) Humongous regions: 3->3
[267.650s][info][gc,metaspace   ] GC(470) Metaspace: 18067K(18688K)->18067K(18688K) NonClass: 16012K(16384K)->16012K(16384K) Class: 2054K(2304K)->2054K(2304K)
[267.650s][info][gc             ] GC(470) Pause Young (Normal) (G1 Evacuation Pause) 1234M->31M(2048M) 11.785ms
[267.650s][info][gc,cpu         ] GC(470) User=0.02s Sys=0.00s Real=0.00s
[268.224s][info][gc,start       ] GC(471) Pause Young (Normal) (G1 Evacuation Pause)
[268.224s][info][gc,task        ] GC(471) Using 6 workers of 6 for evacuation
[268.234s][info][gc,phases      ] GC(471)   Pre Evacuate Collection Set: 0.0ms
[268.234s][info][gc,phases      ] GC(471)   Evacuate Collection Set: 8.8ms
[268.234s][info][gc,phases      ] GC(471)   Post Evacuate Collection Set: 1.0ms
[268.234s][info][gc,phases      ] GC(471)   Other: 0.3ms
[268.234s][info][gc,heap        ] GC(471) Eden regions: 1203->0(1199)
[268.234s][info][gc,heap        ] GC(471) Survivor regions: 25->29(154)
[268.234s][info][gc,heap        ] GC(471) Old regions: 5->5
[268.234s][info][gc,heap        ] GC(471) Humongous regions: 3->3
[268.234s][info][gc,metaspace   ] GC(471) Metaspace: 18067K(18688K)->18067K(18688K) NonClass: 16012K(16384K)->16012K(16384K) Class: 2054K(2304K)->2054K(2304K)
[268.234s][info][gc             ] GC(471) Pause Young (Normal) (G1 Evacuation Pause) 1234M->35M(2048M) 10.263ms
[268.234s][info][gc,cpu         ] GC(471) User=0.00s Sys=0.00s Real=0.01s
[269.088s][info][gc,task        ] GC(472) Using 6 workers of 6 for full compaction
[269.089s][info][gc,start       ] GC(472) Pause Full (System.gc())
[269.089s][info][gc,phases,start] GC(472) Phase 1: Mark live objects
[269.091s][info][gc,stringtable ] GC(472) Cleaned string and symbol table, strings: 5676 processed, 0 removed, symbols: 53749 processed, 0 removed
[269.091s][info][gc,phases      ] GC(472) Phase 1: Mark live objects 2.528ms
[269.091s][info][gc,phases,start] GC(472) Phase 2: Prepare for compaction
[269.093s][info][gc,phases      ] GC(472) Phase 2: Prepare for compaction 2.193ms
[269.093s][info][gc,phases,start] GC(472) Phase 3: Adjust pointers
[269.095s][info][gc,phases      ] GC(472) Phase 3: Adjust pointers 1.834ms
[269.095s][info][gc,phases,start] GC(472) Phase 4: Compact heap
[269.097s][info][gc,phases      ] GC(472) Phase 4: Compact heap 2.139ms
[269.099s][info][gc,heap        ] GC(472) Eden regions: 1150->0(1228)
[269.099s][info][gc,heap        ] GC(472) Survivor regions: 29->0(154)
[269.099s][info][gc,heap        ] GC(472) Old regions: 5->4
[269.099s][info][gc,heap        ] GC(472) Humongous regions: 22->0
[269.099s][info][gc,metaspace   ] GC(472) Metaspace: 18067K(18688K)->18067K(18688K) NonClass: 16012K(16384K)->16012K(16384K) Class: 2054K(2304K)->2054K(2304K)
[269.099s][info][gc             ] GC(472) Pause Full (System.gc()) 1203M->3M(2048M) 10.904ms
[269.100s][info][gc,cpu         ] GC(472) User=0.00s Sys=0.00s Real=0.00s
[269.519s][info][gc,start       ] GC(473) Pause Young (Normal) (G1 Evacuation Pause)
[269.519s][info][gc,task        ] GC(473) Using 6 workers of 6 for evacuation
[269.522s][info][gc,phases      ] GC(473)   Pre Evacuate Collection Set: 0.1ms
[269.522s][info][gc,phases      ] GC(473)   Evacuate Collection Set: 2.2ms
[269.522s][info][gc,phases      ] GC(473)   Post Evacuate Collection Set: 0.8ms
[269.522s][info][gc,phases      ] GC(473)   Other: 0.3ms
[269.522s][info][gc,heap        ] GC(473) Eden regions: 1228->0(1222)
[269.522s][info][gc,heap        ] GC(473) Survivor regions: 0->6(154)
[269.522s][info][gc,heap        ] GC(473) Old regions: 4->4
[269.522s][info][gc,heap        ] GC(473) Humongous regions: 0->0
[269.522s][info][gc,metaspace   ] GC(473) Metaspace: 18067K(18688K)->18067K(18688K) NonClass: 16012K(16384K)->16012K(16384K) Class: 2054K(2304K)->2054K(2304K)
[269.523s][info][gc             ] GC(473) Pause Young (Normal) (G1 Evacuation Pause) 1231M->9M(2048M) 3.540ms
[269.523s][info][gc,cpu         ] GC(473) User=0.00s Sys=0.00s Real=0.00s
[270.012s][info][gc,start       ] GC(474) Pause Young (Normal) (G1 Evacuation Pause)
[270.012s][info][gc,task        ] GC(474) Using 6 workers of 6 for evacuation
[270.017s][info][gc,phases      ] GC(474)   Pre Evacuate Collection Set: 0.0ms
[270.017s][info][gc,phases      ] GC(474)   Evacuate Collection Set: 3.2ms
[270.017s][info][gc,phases      ] GC(474)   Post Evacuate Collection Set: 1.4ms
[270.017s][info][gc,phases      ] GC(474)   Other: 0.2ms
[270.017s][info][gc,heap        ] GC(474) Eden regions: 1222->0(1220)
[270.017s][info][gc,heap        ] GC(474) Survivor regions: 6->8(154)
[270.017s][info][gc,heap        ] GC(474) Old regions: 4->4
[270.017s][info][gc,heap        ] GC(474) Humongous regions: 0->0
[270.017s][info][gc,metaspace   ] GC(474) Metaspace: 18067K(18688K)->18067K(18688K) NonClass: 16012K(16384K)->16012K(16384K) Class: 2054K(2304K)->2054K(2304K)
[270.017s][info][gc             ] GC(474) Pause Young (Normal) (G1 Evacuation Pause) 1231M->11M(2048M) 4.967ms
[270.017s][info][gc,cpu         ] GC(474) User=0.02s Sys=0.00s Real=0.02s
[270.531s][info][gc,start       ] GC(475) Pause Young (Normal) (G1 Evacuation Pause)
[270.531s][info][gc,task        ] GC(475) Using 6 workers of 6 for evacuation
[270.538s][info][gc,phases      ] GC(475)   Pre Evacuate Collection Set: 0.0ms
[270.538s][info][gc,phases      ] GC(475)   Evacuate Collection Set: 5.3ms
[270.538s][info][gc,phases      ] GC(475)   Post Evacuate Collection Set: 1.0ms
[270.538s][info][gc,phases      ] GC(475)   Other: 0.2ms
[270.538s][info][gc,heap        ] GC(475) Eden regions: 1220->0(1216)
[270.538s][info][gc,heap        ] GC(475) Survivor regions: 8->12(154)
[270.538s][info][gc,heap        ] GC(475) Old regions: 4->4
[270.538s][info][gc,heap        ] GC(475) Humongous regions: 0->0
[270.538s][info][gc,metaspace   ] GC(475) Metaspace: 18067K(18688K)->18067K(18688K) NonClass: 16012K(16384K)->16012K(16384K) Class: 2054K(2304K)->2054K(2304K)
[270.538s][info][gc             ] GC(475) Pause Young (Normal) (G1 Evacuation Pause) 1231M->15M(2048M) 6.629ms
[270.538s][info][gc,cpu         ] GC(475) User=0.02s Sys=0.00s Real=0.00s
[271.145s][info][gc,start       ] GC(476) Pause Young (Normal) (G1 Evacuation Pause)
[271.145s][info][gc,task        ] GC(476) Using 6 workers of 6 for evacuation
[271.157s][info][gc,phases      ] GC(476)   Pre Evacuate Collection Set: 0.0ms
[271.157s][info][gc,phases      ] GC(476)   Evacuate Collection Set: 10.5ms
[271.157s][info][gc,phases      ] GC(476)   Post Evacuate Collection Set: 0.9ms
[271.157s][info][gc,phases      ] GC(476)   Other: 0.2ms
[271.157s][info][gc,heap        ] GC(476) Eden regions: 1216->0(1203)
[271.157s][info][gc,heap        ] GC(476) Survivor regions: 12->25(154)
[271.157s][info][gc,heap        ] GC(476) Old regions: 4->4
[271.157s][info][gc,heap        ] GC(476) Humongous regions: 3->3
[271.157s][info][gc,metaspace   ] GC(476) Metaspace: 18067K(18688K)->18067K(18688K) NonClass: 16012K(16384K)->16012K(16384K) Class: 2054K(2304K)->2054K(2304K)
[271.157s][info][gc             ] GC(476) Pause Young (Normal) (G1 Evacuation Pause) 1234M->31M(2048M) 11.710ms
[271.157s][info][gc,cpu         ] GC(476) User=0.08s Sys=0.00s Real=0.01s
[271.730s][info][gc,start       ] GC(477) Pause Young (Normal) (G1 Evacuation Pause)
[271.730s][info][gc,task        ] GC(477) Using 6 workers of 6 for evacuation
[271.743s][info][gc,phases      ] GC(477)   Pre Evacuate Collection Set: 0.0ms
[271.743s][info][gc,phases      ] GC(477)   Evacuate Collection Set: 11.5ms
[271.743s][info][gc,phases      ] GC(477)   Post Evacuate Collection Set: 1.0ms
[271.743s][info][gc,phases      ] GC(477)   Other: 0.4ms
[271.743s][info][gc,heap        ] GC(477) Eden regions: 1203->0(1199)
[271.743s][info][gc,heap        ] GC(477) Survivor regions: 25->29(154)
[271.743s][info][gc,heap        ] GC(477) Old regions: 4->4
[271.743s][info][gc,heap        ] GC(477) Humongous regions: 3->3
[271.743s][info][gc,metaspace   ] GC(477) Metaspace: 18067K(18688K)->18067K(18688K) NonClass: 16012K(16384K)->16012K(16384K) Class: 2054K(2304K)->2054K(2304K)
[271.743s][info][gc             ] GC(477) Pause Young (Normal) (G1 Evacuation Pause) 1234M->35M(2048M) 13.021ms
[271.743s][info][gc,cpu         ] GC(477) User=0.02s Sys=0.00s Real=0.02s
[272.593s][info][gc,task        ] GC(478) Using 6 workers of 6 for full compaction
[272.593s][info][gc,start       ] GC(478) Pause Full (System.gc())
[272.593s][info][gc,phases,start] GC(478) Phase 1: Mark live objects
[272.596s][info][gc,stringtable ] GC(478) Cleaned string and symbol table, strings: 5676 processed, 0 removed, symbols: 53749 processed, 0 removed
[272.596s][info][gc,phases      ] GC(478) Phase 1: Mark live objects 2.615ms
[272.596s][info][gc,phases,start] GC(478) Phase 2: Prepare for compaction
[272.603s][info][gc,phases      ] GC(478) Phase 2: Prepare for compaction 6.635ms
[272.603s][info][gc,phases,start] GC(478) Phase 3: Adjust pointers
[272.604s][info][gc,phases      ] GC(478) Phase 3: Adjust pointers 1.778ms
[272.605s][info][gc,phases,start] GC(478) Phase 4: Compact heap
[272.606s][info][gc,phases      ] GC(478) Phase 4: Compact heap 1.901ms
[272.609s][info][gc,heap        ] GC(478) Eden regions: 1150->0(1228)
[272.609s][info][gc,heap        ] GC(478) Survivor regions: 29->0(154)
[272.609s][info][gc,heap        ] GC(478) Old regions: 4->5
[272.609s][info][gc,heap        ] GC(478) Humongous regions: 22->0
[272.609s][info][gc,metaspace   ] GC(478) Metaspace: 18067K(18688K)->18067K(18688K) NonClass: 16012K(16384K)->16012K(16384K) Class: 2054K(2304K)->2054K(2304K)
[272.609s][info][gc             ] GC(478) Pause Full (System.gc()) 1203M->3M(2048M) 16.105ms
[272.609s][info][gc,cpu         ] GC(478) User=0.00s Sys=0.00s Real=0.02s
[273.092s][info][gc,start       ] GC(479) Pause Young (Normal) (G1 Evacuation Pause)
[273.092s][info][gc,task        ] GC(479) Using 6 workers of 6 for evacuation
[273.095s][info][gc,phases      ] GC(479)   Pre Evacuate Collection Set: 0.1ms
[273.095s][info][gc,phases      ] GC(479)   Evacuate Collection Set: 2.1ms
[273.095s][info][gc,phases      ] GC(479)   Post Evacuate Collection Set: 0.9ms
[273.095s][info][gc,phases      ] GC(479)   Other: 0.3ms
[273.095s][info][gc,heap        ] GC(479) Eden regions: 1228->0(1222)
[273.095s][info][gc,heap        ] GC(479) Survivor regions: 0->6(154)
[273.095s][info][gc,heap        ] GC(479) Old regions: 5->5
[273.095s][info][gc,heap        ] GC(479) Humongous regions: 0->0
[273.095s][info][gc,metaspace   ] GC(479) Metaspace: 18067K(18688K)->18067K(18688K) NonClass: 16012K(16384K)->16012K(16384K) Class: 2054K(2304K)->2054K(2304K)
[273.095s][info][gc             ] GC(479) Pause Young (Normal) (G1 Evacuation Pause) 1231M->9M(2048M) 3.414ms
[273.095s][info][gc,cpu         ] GC(479) User=0.02s Sys=0.00s Real=0.02s
[273.503s][info][gc,start       ] GC(480) Pause Young (Normal) (G1 Evacuation Pause)
[273.503s][info][gc,task        ] GC(480) Using 6 workers of 6 for evacuation
[273.507s][info][gc,phases      ] GC(480)   Pre Evacuate Collection Set: 0.0ms
[273.507s][info][gc,phases      ] GC(480)   Evacuate Collection Set: 2.8ms
[273.507s][info][gc,phases      ] GC(480)   Post Evacuate Collection Set: 0.9ms
[273.507s][info][gc,phases      ] GC(480)   Other: 0.2ms
[273.507s][info][gc,heap        ] GC(480) Eden regions: 1222->0(1220)
[273.507s][info][gc,heap        ] GC(480) Survivor regions: 6->8(154)
[273.507s][info][gc,heap        ] GC(480) Old regions: 5->5
[273.507s][info][gc,heap        ] GC(480) Humongous regions: 0->0
[273.507s][info][gc,metaspace   ] GC(480) Metaspace: 18067K(18688K)->18067K(18688K) NonClass: 16012K(16384K)->16012K(16384K) Class: 2054K(2304K)->2054K(2304K)
[273.507s][info][gc             ] GC(480) Pause Young (Normal) (G1 Evacuation Pause) 1231M->11M(2048M) 4.130ms
[273.507s][info][gc,cpu         ] GC(480) User=0.00s Sys=0.00s Real=0.00s
[274.056s][info][gc,start       ] GC(481) Pause Young (Normal) (G1 Evacuation Pause)
[274.056s][info][gc,task        ] GC(481) Using 6 workers of 6 for evacuation
[274.063s][info][gc,phases      ] GC(481)   Pre Evacuate Collection Set: 0.0ms
[274.063s][info][gc,phases      ] GC(481)   Evacuate Collection Set: 5.2ms
[274.063s][info][gc,phases      ] GC(481)   Post Evacuate Collection Set: 1.0ms
[274.063s][info][gc,phases      ] GC(481)   Other: 0.3ms
[274.063s][info][gc,heap        ] GC(481) Eden regions: 1220->0(1216)
[274.063s][info][gc,heap        ] GC(481) Survivor regions: 8->12(154)
[274.063s][info][gc,heap        ] GC(481) Old regions: 5->5
[274.063s][info][gc,heap        ] GC(481) Humongous regions: 0->0
[274.063s][info][gc,metaspace   ] GC(481) Metaspace: 18067K(18688K)->18067K(18688K) NonClass: 16012K(16384K)->16012K(16384K) Class: 2054K(2304K)->2054K(2304K)
[274.063s][info][gc             ] GC(481) Pause Young (Normal) (G1 Evacuation Pause) 1231M->15M(2048M) 6.665ms
[274.063s][info][gc,cpu         ] GC(481) User=0.00s Sys=0.00s Real=0.00s
[274.669s][info][gc,start       ] GC(482) Pause Young (Normal) (G1 Evacuation Pause)
[274.670s][info][gc,task        ] GC(482) Using 6 workers of 6 for evacuation
[274.681s][info][gc,phases      ] GC(482)   Pre Evacuate Collection Set: 0.0ms
[274.681s][info][gc,phases      ] GC(482)   Evacuate Collection Set: 10.5ms
[274.681s][info][gc,phases      ] GC(482)   Post Evacuate Collection Set: 0.9ms
[274.681s][info][gc,phases      ] GC(482)   Other: 0.2ms
[274.681s][info][gc,heap        ] GC(482) Eden regions: 1216->0(1203)
[274.681s][info][gc,heap        ] GC(482) Survivor regions: 12->25(154)
[274.681s][info][gc,heap        ] GC(482) Old regions: 5->5
[274.681s][info][gc,heap        ] GC(482) Humongous regions: 3->3
[274.681s][info][gc,metaspace   ] GC(482) Metaspace: 18067K(18688K)->18067K(18688K) NonClass: 16012K(16384K)->16012K(16384K) Class: 2054K(2304K)->2054K(2304K)
[274.681s][info][gc             ] GC(482) Pause Young (Normal) (G1 Evacuation Pause) 1234M->31M(2048M) 11.736ms
[274.681s][info][gc,cpu         ] GC(482) User=0.02s Sys=0.00s Real=0.02s
[275.255s][info][gc,start       ] GC(483) Pause Young (Normal) (G1 Evacuation Pause)
[275.255s][info][gc,task        ] GC(483) Using 6 workers of 6 for evacuation
[275.265s][info][gc,phases      ] GC(483)   Pre Evacuate Collection Set: 0.0ms
[275.265s][info][gc,phases      ] GC(483)   Evacuate Collection Set: 8.8ms
[275.265s][info][gc,phases      ] GC(483)   Post Evacuate Collection Set: 1.0ms
[275.265s][info][gc,phases      ] GC(483)   Other: 0.4ms
[275.265s][info][gc,heap        ] GC(483) Eden regions: 1203->0(1199)
[275.265s][info][gc,heap        ] GC(483) Survivor regions: 25->29(154)
[275.265s][info][gc,heap        ] GC(483) Old regions: 5->5
[275.265s][info][gc,heap        ] GC(483) Humongous regions: 3->3
[275.265s][info][gc,metaspace   ] GC(483) Metaspace: 18067K(18688K)->18067K(18688K) NonClass: 16012K(16384K)->16012K(16384K) Class: 2054K(2304K)->2054K(2304K)
[275.265s][info][gc             ] GC(483) Pause Young (Normal) (G1 Evacuation Pause) 1234M->35M(2048M) 10.316ms
[275.265s][info][gc,cpu         ] GC(483) User=0.02s Sys=0.00s Real=0.01s
[276.114s][info][gc,task        ] GC(484) Using 6 workers of 6 for full compaction
[276.114s][info][gc,start       ] GC(484) Pause Full (System.gc())
[276.114s][info][gc,phases,start] GC(484) Phase 1: Mark live objects
[276.117s][info][gc,stringtable ] GC(484) Cleaned string and symbol table, strings: 5676 processed, 0 removed, symbols: 53749 processed, 0 removed
[276.117s][info][gc,phases      ] GC(484) Phase 1: Mark live objects 2.400ms
[276.117s][info][gc,phases,start] GC(484) Phase 2: Prepare for compaction
[276.119s][info][gc,phases      ] GC(484) Phase 2: Prepare for compaction 2.246ms
[276.119s][info][gc,phases,start] GC(484) Phase 3: Adjust pointers
[276.121s][info][gc,phases      ] GC(484) Phase 3: Adjust pointers 1.822ms
[276.121s][info][gc,phases,start] GC(484) Phase 4: Compact heap
[276.123s][info][gc,phases      ] GC(484) Phase 4: Compact heap 2.085ms
[276.125s][info][gc,heap        ] GC(484) Eden regions: 1149->0(1228)
[276.125s][info][gc,heap        ] GC(484) Survivor regions: 29->0(154)
[276.125s][info][gc,heap        ] GC(484) Old regions: 5->5
[276.125s][info][gc,heap        ] GC(484) Humongous regions: 22->0
[276.125s][info][gc,metaspace   ] GC(484) Metaspace: 18067K(18688K)->18067K(18688K) NonClass: 16012K(16384K)->16012K(16384K) Class: 2054K(2304K)->2054K(2304K)
[276.125s][info][gc             ] GC(484) Pause Full (System.gc()) 1203M->3M(2048M) 11.198ms
[276.126s][info][gc,cpu         ] GC(484) User=0.00s Sys=0.00s Real=0.02s
[276.571s][info][gc,start       ] GC(485) Pause Young (Normal) (G1 Evacuation Pause)
[276.571s][info][gc,task        ] GC(485) Using 6 workers of 6 for evacuation
[276.574s][info][gc,phases      ] GC(485)   Pre Evacuate Collection Set: 0.1ms
[276.574s][info][gc,phases      ] GC(485)   Evacuate Collection Set: 2.0ms
[276.574s][info][gc,phases      ] GC(485)   Post Evacuate Collection Set: 0.9ms
[276.574s][info][gc,phases      ] GC(485)   Other: 0.3ms
[276.574s][info][gc,heap        ] GC(485) Eden regions: 1228->0(1223)
[276.574s][info][gc,heap        ] GC(485) Survivor regions: 0->5(154)
[276.574s][info][gc,heap        ] GC(485) Old regions: 5->5
[276.574s][info][gc,heap        ] GC(485) Humongous regions: 0->0
[276.574s][info][gc,metaspace   ] GC(485) Metaspace: 18067K(18688K)->18067K(18688K) NonClass: 16012K(16384K)->16012K(16384K) Class: 2054K(2304K)->2054K(2304K)
[276.574s][info][gc             ] GC(485) Pause Young (Normal) (G1 Evacuation Pause) 1231M->8M(2048M) 3.454ms
[276.574s][info][gc,cpu         ] GC(485) User=0.00s Sys=0.00s Real=0.00s
[277.027s][info][gc,start       ] GC(486) Pause Young (Normal) (G1 Evacuation Pause)
[277.027s][info][gc,task        ] GC(486) Using 6 workers of 6 for evacuation
[277.032s][info][gc,phases      ] GC(486)   Pre Evacuate Collection Set: 0.0ms
[277.032s][info][gc,phases      ] GC(486)   Evacuate Collection Set: 3.1ms
[277.032s][info][gc,phases      ] GC(486)   Post Evacuate Collection Set: 0.9ms
[277.032s][info][gc,phases      ] GC(486)   Other: 0.3ms
[277.032s][info][gc,heap        ] GC(486) Eden regions: 1223->0(1220)
[277.032s][info][gc,heap        ] GC(486) Survivor regions: 5->8(154)
[277.032s][info][gc,heap        ] GC(486) Old regions: 5->5
[277.032s][info][gc,heap        ] GC(486) Humongous regions: 0->0
[277.032s][info][gc,metaspace   ] GC(486) Metaspace: 18067K(18688K)->18067K(18688K) NonClass: 16012K(16384K)->16012K(16384K) Class: 2054K(2304K)->2054K(2304K)
[277.032s][info][gc             ] GC(486) Pause Young (Normal) (G1 Evacuation Pause) 1231M->11M(2048M) 4.374ms
[277.032s][info][gc,cpu         ] GC(486) User=0.00s Sys=0.00s Real=0.00s
[277.563s][info][gc,start       ] GC(487) Pause Young (Normal) (G1 Evacuation Pause)
[277.563s][info][gc,task        ] GC(487) Using 6 workers of 6 for evacuation
[277.569s][info][gc,phases      ] GC(487)   Pre Evacuate Collection Set: 0.0ms
[277.569s][info][gc,phases      ] GC(487)   Evacuate Collection Set: 5.1ms
[277.569s][info][gc,phases      ] GC(487)   Post Evacuate Collection Set: 1.0ms
[277.569s][info][gc,phases      ] GC(487)   Other: 0.3ms
[277.569s][info][gc,heap        ] GC(487) Eden regions: 1220->0(1216)
[277.569s][info][gc,heap        ] GC(487) Survivor regions: 8->12(154)
[277.569s][info][gc,heap        ] GC(487) Old regions: 5->5
[277.569s][info][gc,heap        ] GC(487) Humongous regions: 0->0
[277.569s][info][gc,metaspace   ] GC(487) Metaspace: 18067K(18688K)->18067K(18688K) NonClass: 16012K(16384K)->16012K(16384K) Class: 2054K(2304K)->2054K(2304K)
[277.569s][info][gc             ] GC(487) Pause Young (Normal) (G1 Evacuation Pause) 1231M->15M(2048M) 6.569ms
[277.570s][info][gc,cpu         ] GC(487) User=0.00s Sys=0.00s Real=0.00s
[278.176s][info][gc,start       ] GC(488) Pause Young (Normal) (G1 Evacuation Pause)
[278.176s][info][gc,task        ] GC(488) Using 6 workers of 6 for evacuation
[278.188s][info][gc,phases      ] GC(488)   Pre Evacuate Collection Set: 0.1ms
[278.188s][info][gc,phases      ] GC(488)   Evacuate Collection Set: 10.8ms
[278.188s][info][gc,phases      ] GC(488)   Post Evacuate Collection Set: 0.9ms
[278.188s][info][gc,phases      ] GC(488)   Other: 0.4ms
[278.188s][info][gc,heap        ] GC(488) Eden regions: 1216->0(1203)
[278.188s][info][gc,heap        ] GC(488) Survivor regions: 12->25(154)
[278.188s][info][gc,heap        ] GC(488) Old regions: 5->5
[278.188s][info][gc,heap        ] GC(488) Humongous regions: 3->3
[278.188s][info][gc,metaspace   ] GC(488) Metaspace: 18067K(18688K)->18067K(18688K) NonClass: 16012K(16384K)->16012K(16384K) Class: 2054K(2304K)->2054K(2304K)
[278.188s][info][gc             ] GC(488) Pause Young (Normal) (G1 Evacuation Pause) 1234M->31M(2048M) 12.186ms
[278.188s][info][gc,cpu         ] GC(488) User=0.02s Sys=0.00s Real=0.02s
[278.760s][info][gc,start       ] GC(489) Pause Young (Normal) (G1 Evacuation Pause)
[278.760s][info][gc,task        ] GC(489) Using 6 workers of 6 for evacuation
[278.771s][info][gc,phases      ] GC(489)   Pre Evacuate Collection Set: 0.0ms
[278.771s][info][gc,phases      ] GC(489)   Evacuate Collection Set: 9.1ms
[278.771s][info][gc,phases      ] GC(489)   Post Evacuate Collection Set: 1.1ms
[278.771s][info][gc,phases      ] GC(489)   Other: 0.2ms
[278.771s][info][gc,heap        ] GC(489) Eden regions: 1203->0(1199)
[278.771s][info][gc,heap        ] GC(489) Survivor regions: 25->29(154)
[278.771s][info][gc,heap        ] GC(489) Old regions: 5->5
[278.771s][info][gc,heap        ] GC(489) Humongous regions: 3->3
[278.771s][info][gc,metaspace   ] GC(489) Metaspace: 18067K(18688K)->18067K(18688K) NonClass: 16012K(16384K)->16012K(16384K) Class: 2054K(2304K)->2054K(2304K)
[278.771s][info][gc             ] GC(489) Pause Young (Normal) (G1 Evacuation Pause) 1234M->35M(2048M) 10.572ms
[278.771s][info][gc,cpu         ] GC(489) User=0.00s Sys=0.00s Real=0.01s
[279.620s][info][gc,task        ] GC(490) Using 6 workers of 6 for full compaction
[279.620s][info][gc,start       ] GC(490) Pause Full (System.gc())
[279.620s][info][gc,phases,start] GC(490) Phase 1: Mark live objects
[279.623s][info][gc,stringtable ] GC(490) Cleaned string and symbol table, strings: 5676 processed, 0 removed, symbols: 53749 processed, 0 removed
[279.623s][info][gc,phases      ] GC(490) Phase 1: Mark live objects 2.534ms
[279.623s][info][gc,phases,start] GC(490) Phase 2: Prepare for compaction
[279.625s][info][gc,phases      ] GC(490) Phase 2: Prepare for compaction 2.041ms
[279.625s][info][gc,phases,start] GC(490) Phase 3: Adjust pointers
[279.627s][info][gc,phases      ] GC(490) Phase 3: Adjust pointers 2.026ms
[279.627s][info][gc,phases,start] GC(490) Phase 4: Compact heap
[279.629s][info][gc,phases      ] GC(490) Phase 4: Compact heap 1.937ms
[279.631s][info][gc,heap        ] GC(490) Eden regions: 1149->0(1228)
[279.631s][info][gc,heap        ] GC(490) Survivor regions: 29->0(154)
[279.631s][info][gc,heap        ] GC(490) Old regions: 5->4
[279.631s][info][gc,heap        ] GC(490) Humongous regions: 22->0
[279.631s][info][gc,metaspace   ] GC(490) Metaspace: 18067K(18688K)->18067K(18688K) NonClass: 16012K(16384K)->16012K(16384K) Class: 2054K(2304K)->2054K(2304K)
[279.631s][info][gc             ] GC(490) Pause Full (System.gc()) 1203M->3M(2048M) 11.349ms
[279.631s][info][gc,cpu         ] GC(490) User=0.00s Sys=0.00s Real=0.01s
[280.050s][info][gc,start       ] GC(491) Pause Young (Normal) (G1 Evacuation Pause)
[280.050s][info][gc,task        ] GC(491) Using 6 workers of 6 for evacuation
[280.054s][info][gc,phases      ] GC(491)   Pre Evacuate Collection Set: 0.1ms
[280.054s][info][gc,phases      ] GC(491)   Evacuate Collection Set: 2.2ms
[280.054s][info][gc,phases      ] GC(491)   Post Evacuate Collection Set: 1.0ms
[280.054s][info][gc,phases      ] GC(491)   Other: 0.3ms
[280.054s][info][gc,heap        ] GC(491) Eden regions: 1228->0(1223)
[280.054s][info][gc,heap        ] GC(491) Survivor regions: 0->5(154)
[280.054s][info][gc,heap        ] GC(491) Old regions: 4->4
[280.054s][info][gc,heap        ] GC(491) Humongous regions: 0->0
[280.054s][info][gc,metaspace   ] GC(491) Metaspace: 18068K(18688K)->18068K(18688K) NonClass: 16013K(16384K)->16013K(16384K) Class: 2054K(2304K)->2054K(2304K)
[280.054s][info][gc             ] GC(491) Pause Young (Normal) (G1 Evacuation Pause) 1231M->8M(2048M) 3.694ms
[280.054s][info][gc,cpu         ] GC(491) User=0.02s Sys=0.00s Real=0.02s
[280.459s][info][gc,start       ] GC(492) Pause Young (Normal) (G1 Evacuation Pause)
[280.459s][info][gc,task        ] GC(492) Using 6 workers of 6 for evacuation
[280.464s][info][gc,phases      ] GC(492)   Pre Evacuate Collection Set: 0.1ms
[280.464s][info][gc,phases      ] GC(492)   Evacuate Collection Set: 3.1ms
[280.464s][info][gc,phases      ] GC(492)   Post Evacuate Collection Set: 1.3ms
[280.464s][info][gc,phases      ] GC(492)   Other: 0.4ms
[280.464s][info][gc,heap        ] GC(492) Eden regions: 1223->0(1220)
[280.464s][info][gc,heap        ] GC(492) Survivor regions: 5->8(154)
[280.464s][info][gc,heap        ] GC(492) Old regions: 4->4
[280.464s][info][gc,heap        ] GC(492) Humongous regions: 0->0
[280.464s][info][gc,metaspace   ] GC(492) Metaspace: 18068K(18688K)->18068K(18688K) NonClass: 16013K(16384K)->16013K(16384K) Class: 2054K(2304K)->2054K(2304K)
[280.464s][info][gc             ] GC(492) Pause Young (Normal) (G1 Evacuation Pause) 1231M->11M(2048M) 4.866ms
[280.464s][info][gc,cpu         ] GC(492) User=0.02s Sys=0.00s Real=0.02s
[280.968s][info][gc,start       ] GC(493) Pause Young (Normal) (G1 Evacuation Pause)
[280.968s][info][gc,task        ] GC(493) Using 6 workers of 6 for evacuation
[280.975s][info][gc,phases      ] GC(493)   Pre Evacuate Collection Set: 0.1ms
[280.975s][info][gc,phases      ] GC(493)   Evacuate Collection Set: 5.3ms
[280.975s][info][gc,phases      ] GC(493)   Post Evacuate Collection Set: 1.0ms
[280.975s][info][gc,phases      ] GC(493)   Other: 0.4ms
[280.975s][info][gc,heap        ] GC(493) Eden regions: 1220->0(1216)
[280.975s][info][gc,heap        ] GC(493) Survivor regions: 8->12(154)
[280.975s][info][gc,heap        ] GC(493) Old regions: 4->4
[280.975s][info][gc,heap        ] GC(493) Humongous regions: 0->0
[280.975s][info][gc,metaspace   ] GC(493) Metaspace: 18068K(18688K)->18068K(18688K) NonClass: 16013K(16384K)->16013K(16384K) Class: 2054K(2304K)->2054K(2304K)
[280.975s][info][gc             ] GC(493) Pause Young (Normal) (G1 Evacuation Pause) 1231M->15M(2048M) 6.761ms
[280.975s][info][gc,cpu         ] GC(493) User=0.00s Sys=0.00s Real=0.00s
[281.586s][info][gc,start       ] GC(494) Pause Young (Normal) (G1 Evacuation Pause)
[281.586s][info][gc,task        ] GC(494) Using 6 workers of 6 for evacuation
[281.599s][info][gc,phases      ] GC(494)   Pre Evacuate Collection Set: 0.0ms
[281.599s][info][gc,phases      ] GC(494)   Evacuate Collection Set: 11.8ms
[281.599s][info][gc,phases      ] GC(494)   Post Evacuate Collection Set: 0.7ms
[281.599s][info][gc,phases      ] GC(494)   Other: 0.3ms
[281.599s][info][gc,heap        ] GC(494) Eden regions: 1216->0(1203)
[281.599s][info][gc,heap        ] GC(494) Survivor regions: 12->25(154)
[281.599s][info][gc,heap        ] GC(494) Old regions: 4->4
[281.599s][info][gc,heap        ] GC(494) Humongous regions: 3->3
[281.599s][info][gc,metaspace   ] GC(494) Metaspace: 18068K(18688K)->18068K(18688K) NonClass: 16013K(16384K)->16013K(16384K) Class: 2054K(2304K)->2054K(2304K)
[281.599s][info][gc             ] GC(494) Pause Young (Normal) (G1 Evacuation Pause) 1234M->31M(2048M) 12.975ms
[281.599s][info][gc,cpu         ] GC(494) User=0.02s Sys=0.00s Real=0.01s
[282.175s][info][gc,start       ] GC(495) Pause Young (Normal) (G1 Evacuation Pause)
[282.175s][info][gc,task        ] GC(495) Using 6 workers of 6 for evacuation
[282.185s][info][gc,phases      ] GC(495)   Pre Evacuate Collection Set: 0.0ms
[282.185s][info][gc,phases      ] GC(495)   Evacuate Collection Set: 8.6ms
[282.185s][info][gc,phases      ] GC(495)   Post Evacuate Collection Set: 1.0ms
[282.185s][info][gc,phases      ] GC(495)   Other: 0.2ms
[282.185s][info][gc,heap        ] GC(495) Eden regions: 1203->0(1199)
[282.185s][info][gc,heap        ] GC(495) Survivor regions: 25->29(154)
[282.185s][info][gc,heap        ] GC(495) Old regions: 4->4
[282.185s][info][gc,heap        ] GC(495) Humongous regions: 3->3
[282.185s][info][gc,metaspace   ] GC(495) Metaspace: 18068K(18688K)->18068K(18688K) NonClass: 16013K(16384K)->16013K(16384K) Class: 2054K(2304K)->2054K(2304K)
[282.185s][info][gc             ] GC(495) Pause Young (Normal) (G1 Evacuation Pause) 1234M->35M(2048M) 10.003ms
[282.185s][info][gc,cpu         ] GC(495) User=0.00s Sys=0.00s Real=0.00s
[283.037s][info][gc,task        ] GC(496) Using 6 workers of 6 for full compaction
[283.037s][info][gc,start       ] GC(496) Pause Full (System.gc())
[283.037s][info][gc,phases,start] GC(496) Phase 1: Mark live objects
[283.040s][info][gc,stringtable ] GC(496) Cleaned string and symbol table, strings: 5676 processed, 0 removed, symbols: 53749 processed, 0 removed
[283.040s][info][gc,phases      ] GC(496) Phase 1: Mark live objects 2.375ms
[283.040s][info][gc,phases,start] GC(496) Phase 2: Prepare for compaction
[283.042s][info][gc,phases      ] GC(496) Phase 2: Prepare for compaction 2.204ms
[283.042s][info][gc,phases,start] GC(496) Phase 3: Adjust pointers
[283.044s][info][gc,phases      ] GC(496) Phase 3: Adjust pointers 1.805ms
[283.044s][info][gc,phases,start] GC(496) Phase 4: Compact heap
[283.046s][info][gc,phases      ] GC(496) Phase 4: Compact heap 2.207ms
[283.048s][info][gc,heap        ] GC(496) Eden regions: 1149->0(1228)
[283.048s][info][gc,heap        ] GC(496) Survivor regions: 29->0(154)
[283.048s][info][gc,heap        ] GC(496) Old regions: 4->4
[283.048s][info][gc,heap        ] GC(496) Humongous regions: 22->0
[283.048s][info][gc,metaspace   ] GC(496) Metaspace: 18068K(18688K)->18068K(18688K) NonClass: 16013K(16384K)->16013K(16384K) Class: 2054K(2304K)->2054K(2304K)
[283.048s][info][gc             ] GC(496) Pause Full (System.gc()) 1203M->3M(2048M) 11.040ms
[283.048s][info][gc,cpu         ] GC(496) User=0.00s Sys=0.00s Real=0.00s
[283.433s][info][gc,start       ] GC(497) Pause Young (Normal) (G1 Evacuation Pause)
[283.433s][info][gc,task        ] GC(497) Using 6 workers of 6 for evacuation
[283.436s][info][gc,phases      ] GC(497)   Pre Evacuate Collection Set: 0.0ms
[283.436s][info][gc,phases      ] GC(497)   Evacuate Collection Set: 1.9ms
[283.436s][info][gc,phases      ] GC(497)   Post Evacuate Collection Set: 0.9ms
[283.436s][info][gc,phases      ] GC(497)   Other: 0.2ms
[283.436s][info][gc,heap        ] GC(497) Eden regions: 1228->0(1222)
[283.436s][info][gc,heap        ] GC(497) Survivor regions: 0->6(154)
[283.436s][info][gc,heap        ] GC(497) Old regions: 4->4
[283.436s][info][gc,heap        ] GC(497) Humongous regions: 0->0
[283.436s][info][gc,metaspace   ] GC(497) Metaspace: 18068K(18688K)->18068K(18688K) NonClass: 16013K(16384K)->16013K(16384K) Class: 2054K(2304K)->2054K(2304K)
[283.436s][info][gc             ] GC(497) Pause Young (Normal) (G1 Evacuation Pause) 1231M->9M(2048M) 3.167ms
[283.436s][info][gc,cpu         ] GC(497) User=0.00s Sys=0.00s Real=0.00s
[283.886s][info][gc,start       ] GC(498) Pause Young (Normal) (G1 Evacuation Pause)
[283.886s][info][gc,task        ] GC(498) Using 6 workers of 6 for evacuation
[283.891s][info][gc,phases      ] GC(498)   Pre Evacuate Collection Set: 0.0ms
[283.891s][info][gc,phases      ] GC(498)   Evacuate Collection Set: 3.0ms
[283.891s][info][gc,phases      ] GC(498)   Post Evacuate Collection Set: 0.9ms
[283.891s][info][gc,phases      ] GC(498)   Other: 0.2ms
[283.891s][info][gc,heap        ] GC(498) Eden regions: 1222->0(1220)
[283.891s][info][gc,heap        ] GC(498) Survivor regions: 6->8(154)
[283.891s][info][gc,heap        ] GC(498) Old regions: 4->4
[283.891s][info][gc,heap        ] GC(498) Humongous regions: 0->0
[283.891s][info][gc,metaspace   ] GC(498) Metaspace: 18068K(18688K)->18068K(18688K) NonClass: 16013K(16384K)->16013K(16384K) Class: 2054K(2304K)->2054K(2304K)
[283.891s][info][gc             ] GC(498) Pause Young (Normal) (G1 Evacuation Pause) 1231M->11M(2048M) 4.290ms
[283.891s][info][gc,cpu         ] GC(498) User=0.00s Sys=0.00s Real=0.00s
[284.394s][info][gc,start       ] GC(499) Pause Young (Normal) (G1 Evacuation Pause)
[284.394s][info][gc,task        ] GC(499) Using 6 workers of 6 for evacuation
[284.401s][info][gc,phases      ] GC(499)   Pre Evacuate Collection Set: 0.0ms
[284.401s][info][gc,phases      ] GC(499)   Evacuate Collection Set: 5.2ms
[284.401s][info][gc,phases      ] GC(499)   Post Evacuate Collection Set: 1.0ms
[284.401s][info][gc,phases      ] GC(499)   Other: 0.4ms
[284.401s][info][gc,heap        ] GC(499) Eden regions: 1220->0(1216)
[284.401s][info][gc,heap        ] GC(499) Survivor regions: 8->12(154)
[284.401s][info][gc,heap        ] GC(499) Old regions: 4->4
[284.401s][info][gc,heap        ] GC(499) Humongous regions: 0->0
[284.401s][info][gc,metaspace   ] GC(499) Metaspace: 18068K(18688K)->18068K(18688K) NonClass: 16013K(16384K)->16013K(16384K) Class: 2054K(2304K)->2054K(2304K)
[284.401s][info][gc             ] GC(499) Pause Young (Normal) (G1 Evacuation Pause) 1231M->15M(2048M) 6.738ms
[284.401s][info][gc,cpu         ] GC(499) User=0.00s Sys=0.00s Real=0.00s
[285.009s][info][gc,start       ] GC(500) Pause Young (Normal) (G1 Evacuation Pause)
[285.009s][info][gc,task        ] GC(500) Using 6 workers of 6 for evacuation
[285.021s][info][gc,phases      ] GC(500)   Pre Evacuate Collection Set: 0.1ms
[285.021s][info][gc,phases      ] GC(500)   Evacuate Collection Set: 10.7ms
[285.021s][info][gc,phases      ] GC(500)   Post Evacuate Collection Set: 1.0ms
[285.021s][info][gc,phases      ] GC(500)   Other: 0.4ms
[285.021s][info][gc,heap        ] GC(500) Eden regions: 1216->0(1203)
[285.021s][info][gc,heap        ] GC(500) Survivor regions: 12->25(154)
[285.021s][info][gc,heap        ] GC(500) Old regions: 4->4
[285.022s][info][gc,heap        ] GC(500) Humongous regions: 3->3
[285.022s][info][gc,metaspace   ] GC(500) Metaspace: 18068K(18688K)->18068K(18688K) NonClass: 16013K(16384K)->16013K(16384K) Class: 2054K(2304K)->2054K(2304K)
[285.022s][info][gc             ] GC(500) Pause Young (Normal) (G1 Evacuation Pause) 1234M->31M(2048M) 12.136ms
[285.022s][info][gc,cpu         ] GC(500) User=0.03s Sys=0.00s Real=0.02s
[285.600s][info][gc,start       ] GC(501) Pause Young (Normal) (G1 Evacuation Pause)
[285.600s][info][gc,task        ] GC(501) Using 6 workers of 6 for evacuation
[285.610s][info][gc,phases      ] GC(501)   Pre Evacuate Collection Set: 0.0ms
[285.610s][info][gc,phases      ] GC(501)   Evacuate Collection Set: 8.6ms
[285.610s][info][gc,phases      ] GC(501)   Post Evacuate Collection Set: 1.1ms
[285.610s][info][gc,phases      ] GC(501)   Other: 0.4ms
[285.610s][info][gc,heap        ] GC(501) Eden regions: 1203->0(1199)
[285.610s][info][gc,heap        ] GC(501) Survivor regions: 25->29(154)
[285.610s][info][gc,heap        ] GC(501) Old regions: 4->4
[285.610s][info][gc,heap        ] GC(501) Humongous regions: 3->3
[285.610s][info][gc,metaspace   ] GC(501) Metaspace: 18068K(18688K)->18068K(18688K) NonClass: 16013K(16384K)->16013K(16384K) Class: 2054K(2304K)->2054K(2304K)
[285.610s][info][gc             ] GC(501) Pause Young (Normal) (G1 Evacuation Pause) 1234M->35M(2048M) 10.110ms
[285.610s][info][gc,cpu         ] GC(501) User=0.00s Sys=0.00s Real=0.00s
[286.458s][info][gc,task        ] GC(502) Using 6 workers of 6 for full compaction
[286.458s][info][gc,start       ] GC(502) Pause Full (System.gc())
[286.458s][info][gc,phases,start] GC(502) Phase 1: Mark live objects
[286.461s][info][gc,stringtable ] GC(502) Cleaned string and symbol table, strings: 5676 processed, 0 removed, symbols: 53749 processed, 0 removed
[286.461s][info][gc,phases      ] GC(502) Phase 1: Mark live objects 2.975ms
[286.461s][info][gc,phases,start] GC(502) Phase 2: Prepare for compaction
[286.464s][info][gc,phases      ] GC(502) Phase 2: Prepare for compaction 2.526ms
[286.464s][info][gc,phases,start] GC(502) Phase 3: Adjust pointers
[286.466s][info][gc,phases      ] GC(502) Phase 3: Adjust pointers 1.928ms
[286.466s][info][gc,phases,start] GC(502) Phase 4: Compact heap
[286.468s][info][gc,phases      ] GC(502) Phase 4: Compact heap 2.278ms
[286.470s][info][gc,heap        ] GC(502) Eden regions: 1152->0(1228)
[286.470s][info][gc,heap        ] GC(502) Survivor regions: 29->0(154)
[286.470s][info][gc,heap        ] GC(502) Old regions: 4->5
[286.470s][info][gc,heap        ] GC(502) Humongous regions: 22->0
[286.470s][info][gc,metaspace   ] GC(502) Metaspace: 18068K(18688K)->18068K(18688K) NonClass: 16013K(16384K)->16013K(16384K) Class: 2054K(2304K)->2054K(2304K)
[286.470s][info][gc             ] GC(502) Pause Full (System.gc()) 1206M->3M(2048M) 12.174ms
[286.471s][info][gc,cpu         ] GC(502) User=0.03s Sys=0.00s Real=0.02s
[286.960s][info][gc,start       ] GC(503) Pause Young (Normal) (G1 Evacuation Pause)
[286.960s][info][gc,task        ] GC(503) Using 6 workers of 6 for evacuation
[286.963s][info][gc,phases      ] GC(503)   Pre Evacuate Collection Set: 0.0ms
[286.963s][info][gc,phases      ] GC(503)   Evacuate Collection Set: 2.1ms
[286.963s][info][gc,phases      ] GC(503)   Post Evacuate Collection Set: 0.9ms
[286.963s][info][gc,phases      ] GC(503)   Other: 0.2ms
[286.963s][info][gc,heap        ] GC(503) Eden regions: 1228->0(1223)
[286.963s][info][gc,heap        ] GC(503) Survivor regions: 0->5(154)
[286.963s][info][gc,heap        ] GC(503) Old regions: 5->5
[286.963s][info][gc,heap        ] GC(503) Humongous regions: 0->0
[286.963s][info][gc,metaspace   ] GC(503) Metaspace: 18068K(18688K)->18068K(18688K) NonClass: 16013K(16384K)->16013K(16384K) Class: 2054K(2304K)->2054K(2304K)
[286.963s][info][gc             ] GC(503) Pause Young (Normal) (G1 Evacuation Pause) 1231M->8M(2048M) 3.336ms
[286.963s][info][gc,cpu         ] GC(503) User=0.02s Sys=0.00s Real=0.02s
[287.310s][info][gc,start       ] GC(504) Pause Young (Normal) (G1 Evacuation Pause)
[287.310s][info][gc,task        ] GC(504) Using 6 workers of 6 for evacuation
[287.314s][info][gc,phases      ] GC(504)   Pre Evacuate Collection Set: 0.0ms
[287.314s][info][gc,phases      ] GC(504)   Evacuate Collection Set: 3.2ms
[287.314s][info][gc,phases      ] GC(504)   Post Evacuate Collection Set: 1.0ms
[287.314s][info][gc,phases      ] GC(504)   Other: 0.2ms
[287.314s][info][gc,heap        ] GC(504) Eden regions: 1223->0(1220)
[287.314s][info][gc,heap        ] GC(504) Survivor regions: 5->8(154)
[287.314s][info][gc,heap        ] GC(504) Old regions: 5->5
[287.314s][info][gc,heap        ] GC(504) Humongous regions: 0->0
[287.314s][info][gc,metaspace   ] GC(504) Metaspace: 18068K(18688K)->18068K(18688K) NonClass: 16013K(16384K)->16013K(16384K) Class: 2054K(2304K)->2054K(2304K)
[287.314s][info][gc             ] GC(504) Pause Young (Normal) (G1 Evacuation Pause) 1231M->11M(2048M) 4.522ms
[287.314s][info][gc,cpu         ] GC(504) User=0.00s Sys=0.00s Real=0.00s
[287.870s][info][gc,start       ] GC(505) Pause Young (Normal) (G1 Evacuation Pause)
[287.870s][info][gc,task        ] GC(505) Using 6 workers of 6 for evacuation
[287.876s][info][gc,phases      ] GC(505)   Pre Evacuate Collection Set: 0.1ms
[287.877s][info][gc,phases      ] GC(505)   Evacuate Collection Set: 5.3ms
[287.877s][info][gc,phases      ] GC(505)   Post Evacuate Collection Set: 0.9ms
[287.877s][info][gc,phases      ] GC(505)   Other: 0.4ms
[287.877s][info][gc,heap        ] GC(505) Eden regions: 1220->0(1216)
[287.877s][info][gc,heap        ] GC(505) Survivor regions: 8->12(154)
[287.877s][info][gc,heap        ] GC(505) Old regions: 5->5
[287.877s][info][gc,heap        ] GC(505) Humongous regions: 0->0
[287.877s][info][gc,metaspace   ] GC(505) Metaspace: 18068K(18688K)->18068K(18688K) NonClass: 16013K(16384K)->16013K(16384K) Class: 2054K(2304K)->2054K(2304K)
[287.877s][info][gc             ] GC(505) Pause Young (Normal) (G1 Evacuation Pause) 1231M->15M(2048M) 6.758ms
[287.877s][info][gc,cpu         ] GC(505) User=0.02s Sys=0.00s Real=0.02s
[288.483s][info][gc,start       ] GC(506) Pause Young (Normal) (G1 Evacuation Pause)
[288.483s][info][gc,task        ] GC(506) Using 6 workers of 6 for evacuation
[288.496s][info][gc,phases      ] GC(506)   Pre Evacuate Collection Set: 0.0ms
[288.496s][info][gc,phases      ] GC(506)   Evacuate Collection Set: 11.6ms
[288.496s][info][gc,phases      ] GC(506)   Post Evacuate Collection Set: 0.9ms
[288.496s][info][gc,phases      ] GC(506)   Other: 0.2ms
[288.496s][info][gc,heap        ] GC(506) Eden regions: 1216->0(1203)
[288.496s][info][gc,heap        ] GC(506) Survivor regions: 12->25(154)
[288.496s][info][gc,heap        ] GC(506) Old regions: 5->5
[288.496s][info][gc,heap        ] GC(506) Humongous regions: 3->3
[288.496s][info][gc,metaspace   ] GC(506) Metaspace: 18068K(18688K)->18068K(18688K) NonClass: 16013K(16384K)->16013K(16384K) Class: 2054K(2304K)->2054K(2304K)
[288.496s][info][gc             ] GC(506) Pause Young (Normal) (G1 Evacuation Pause) 1234M->31M(2048M) 12.880ms
[288.496s][info][gc,cpu         ] GC(506) User=0.02s Sys=0.00s Real=0.01s
[289.067s][info][gc,start       ] GC(507) Pause Young (Normal) (G1 Evacuation Pause)
[289.067s][info][gc,task        ] GC(507) Using 6 workers of 6 for evacuation
[289.077s][info][gc,phases      ] GC(507)   Pre Evacuate Collection Set: 0.0ms
[289.077s][info][gc,phases      ] GC(507)   Evacuate Collection Set: 8.6ms
[289.077s][info][gc,phases      ] GC(507)   Post Evacuate Collection Set: 1.0ms
[289.077s][info][gc,phases      ] GC(507)   Other: 0.3ms
[289.077s][info][gc,heap        ] GC(507) Eden regions: 1203->0(1199)
[289.077s][info][gc,heap        ] GC(507) Survivor regions: 25->29(154)
[289.077s][info][gc,heap        ] GC(507) Old regions: 5->5
[289.077s][info][gc,heap        ] GC(507) Humongous regions: 3->3
[289.077s][info][gc,metaspace   ] GC(507) Metaspace: 18068K(18688K)->18068K(18688K) NonClass: 16013K(16384K)->16013K(16384K) Class: 2054K(2304K)->2054K(2304K)
[289.077s][info][gc             ] GC(507) Pause Young (Normal) (G1 Evacuation Pause) 1234M->35M(2048M) 10.035ms
[289.077s][info][gc,cpu         ] GC(507) User=0.00s Sys=0.00s Real=0.00s
[289.926s][info][gc,task        ] GC(508) Using 6 workers of 6 for full compaction
[289.926s][info][gc,start       ] GC(508) Pause Full (System.gc())
[289.926s][info][gc,phases,start] GC(508) Phase 1: Mark live objects
[289.928s][info][gc,stringtable ] GC(508) Cleaned string and symbol table, strings: 5676 processed, 0 removed, symbols: 53749 processed, 0 removed
[289.928s][info][gc,phases      ] GC(508) Phase 1: Mark live objects 2.362ms
[289.928s][info][gc,phases,start] GC(508) Phase 2: Prepare for compaction
[289.930s][info][gc,phases      ] GC(508) Phase 2: Prepare for compaction 2.253ms
[289.931s][info][gc,phases,start] GC(508) Phase 3: Adjust pointers
[289.932s][info][gc,phases      ] GC(508) Phase 3: Adjust pointers 1.827ms
[289.932s][info][gc,phases,start] GC(508) Phase 4: Compact heap
[289.935s][info][gc,phases      ] GC(508) Phase 4: Compact heap 2.152ms
[289.936s][info][gc,heap        ] GC(508) Eden regions: 1149->0(1228)
[289.936s][info][gc,heap        ] GC(508) Survivor regions: 29->0(154)
[289.936s][info][gc,heap        ] GC(508) Old regions: 5->5
[289.936s][info][gc,heap        ] GC(508) Humongous regions: 22->0
[289.936s][info][gc,metaspace   ] GC(508) Metaspace: 18068K(18688K)->18068K(18688K) NonClass: 16013K(16384K)->16013K(16384K) Class: 2054K(2304K)->2054K(2304K)
[289.937s][info][gc             ] GC(508) Pause Full (System.gc()) 1203M->3M(2048M) 10.853ms
[289.937s][info][gc,cpu         ] GC(508) User=0.00s Sys=0.00s Real=0.02s
[290.290s][info][gc,start       ] GC(509) Pause Young (Normal) (G1 Evacuation Pause)
[290.290s][info][gc,task        ] GC(509) Using 6 workers of 6 for evacuation
[290.293s][info][gc,phases      ] GC(509)   Pre Evacuate Collection Set: 0.0ms
[290.293s][info][gc,phases      ] GC(509)   Evacuate Collection Set: 2.2ms
[290.293s][info][gc,phases      ] GC(509)   Post Evacuate Collection Set: 0.9ms
[290.294s][info][gc,phases      ] GC(509)   Other: 0.3ms
[290.294s][info][gc,heap        ] GC(509) Eden regions: 1228->0(1222)
[290.294s][info][gc,heap        ] GC(509) Survivor regions: 0->6(154)
[290.294s][info][gc,heap        ] GC(509) Old regions: 5->5
[290.294s][info][gc,heap        ] GC(509) Humongous regions: 0->0
[290.294s][info][gc,metaspace   ] GC(509) Metaspace: 18068K(18688K)->18068K(18688K) NonClass: 16013K(16384K)->16013K(16384K) Class: 2054K(2304K)->2054K(2304K)
[290.294s][info][gc             ] GC(509) Pause Young (Normal) (G1 Evacuation Pause) 1231M->9M(2048M) 3.556ms
[290.294s][info][gc,cpu         ] GC(509) User=0.00s Sys=0.00s Real=0.01s
[290.667s][info][gc,start       ] GC(510) Pause Young (Normal) (G1 Evacuation Pause)
[290.667s][info][gc,task        ] GC(510) Using 6 workers of 6 for evacuation
[290.671s][info][gc,phases      ] GC(510)   Pre Evacuate Collection Set: 0.0ms
[290.671s][info][gc,phases      ] GC(510)   Evacuate Collection Set: 3.0ms
[290.671s][info][gc,phases      ] GC(510)   Post Evacuate Collection Set: 1.0ms
[290.671s][info][gc,phases      ] GC(510)   Other: 0.3ms
[290.671s][info][gc,heap        ] GC(510) Eden regions: 1222->0(1220)
[290.671s][info][gc,heap        ] GC(510) Survivor regions: 6->8(154)
[290.671s][info][gc,heap        ] GC(510) Old regions: 5->5
[290.671s][info][gc,heap        ] GC(510) Humongous regions: 0->0
[290.671s][info][gc,metaspace   ] GC(510) Metaspace: 18068K(18688K)->18068K(18688K) NonClass: 16013K(16384K)->16013K(16384K) Class: 2054K(2304K)->2054K(2304K)
[290.671s][info][gc             ] GC(510) Pause Young (Normal) (G1 Evacuation Pause) 1231M->11M(2048M) 4.453ms
[290.671s][info][gc,cpu         ] GC(510) User=0.00s Sys=0.00s Real=0.00s
[291.173s][info][gc,start       ] GC(511) Pause Young (Normal) (G1 Evacuation Pause)
[291.173s][info][gc,task        ] GC(511) Using 6 workers of 6 for evacuation
[291.180s][info][gc,phases      ] GC(511)   Pre Evacuate Collection Set: 0.0ms
[291.180s][info][gc,phases      ] GC(511)   Evacuate Collection Set: 5.3ms
[291.180s][info][gc,phases      ] GC(511)   Post Evacuate Collection Set: 1.0ms
[291.180s][info][gc,phases      ] GC(511)   Other: 0.3ms
[291.180s][info][gc,heap        ] GC(511) Eden regions: 1220->0(1216)
[291.180s][info][gc,heap        ] GC(511) Survivor regions: 8->12(154)
[291.180s][info][gc,heap        ] GC(511) Old regions: 5->5
[291.180s][info][gc,heap        ] GC(511) Humongous regions: 0->0
[291.180s][info][gc,metaspace   ] GC(511) Metaspace: 18068K(18688K)->18068K(18688K) NonClass: 16013K(16384K)->16013K(16384K) Class: 2054K(2304K)->2054K(2304K)
[291.180s][info][gc             ] GC(511) Pause Young (Normal) (G1 Evacuation Pause) 1231M->15M(2048M) 6.752ms
[291.180s][info][gc,cpu         ] GC(511) User=0.00s Sys=0.00s Real=0.00s
[291.790s][info][gc,start       ] GC(512) Pause Young (Normal) (G1 Evacuation Pause)
[291.790s][info][gc,task        ] GC(512) Using 6 workers of 6 for evacuation
[291.801s][info][gc,phases      ] GC(512)   Pre Evacuate Collection Set: 0.0ms
[291.802s][info][gc,phases      ] GC(512)   Evacuate Collection Set: 10.3ms
[291.802s][info][gc,phases      ] GC(512)   Post Evacuate Collection Set: 0.9ms
[291.802s][info][gc,phases      ] GC(512)   Other: 0.2ms
[291.802s][info][gc,heap        ] GC(512) Eden regions: 1216->0(1203)
[291.802s][info][gc,heap        ] GC(512) Survivor regions: 12->25(154)
[291.802s][info][gc,heap        ] GC(512) Old regions: 5->5
[291.802s][info][gc,heap        ] GC(512) Humongous regions: 3->3
[291.802s][info][gc,metaspace   ] GC(512) Metaspace: 18068K(18688K)->18068K(18688K) NonClass: 16013K(16384K)->16013K(16384K) Class: 2054K(2304K)->2054K(2304K)
[291.802s][info][gc             ] GC(512) Pause Young (Normal) (G1 Evacuation Pause) 1234M->31M(2048M) 11.536ms
[291.802s][info][gc,cpu         ] GC(512) User=0.02s Sys=0.00s Real=0.01s
[292.376s][info][gc,start       ] GC(513) Pause Young (Normal) (G1 Evacuation Pause)
[292.376s][info][gc,task        ] GC(513) Using 6 workers of 6 for evacuation
[292.386s][info][gc,phases      ] GC(513)   Pre Evacuate Collection Set: 0.0ms
[292.386s][info][gc,phases      ] GC(513)   Evacuate Collection Set: 9.0ms
[292.386s][info][gc,phases      ] GC(513)   Post Evacuate Collection Set: 1.1ms
[292.386s][info][gc,phases      ] GC(513)   Other: 0.2ms
[292.386s][info][gc,heap        ] GC(513) Eden regions: 1203->0(1198)
[292.386s][info][gc,heap        ] GC(513) Survivor regions: 25->30(154)
[292.386s][info][gc,heap        ] GC(513) Old regions: 5->5
[292.386s][info][gc,heap        ] GC(513) Humongous regions: 3->3
[292.386s][info][gc,metaspace   ] GC(513) Metaspace: 18068K(18688K)->18068K(18688K) NonClass: 16013K(16384K)->16013K(16384K) Class: 2054K(2304K)->2054K(2304K)
[292.386s][info][gc             ] GC(513) Pause Young (Normal) (G1 Evacuation Pause) 1234M->36M(2048M) 10.518ms
[292.386s][info][gc,cpu         ] GC(513) User=0.02s Sys=0.00s Real=0.02s
[293.238s][info][gc,task        ] GC(514) Using 6 workers of 6 for full compaction
[293.239s][info][gc,start       ] GC(514) Pause Full (System.gc())
[293.239s][info][gc,phases,start] GC(514) Phase 1: Mark live objects
[293.241s][info][gc,stringtable ] GC(514) Cleaned string and symbol table, strings: 5676 processed, 0 removed, symbols: 53749 processed, 0 removed
[293.241s][info][gc,phases      ] GC(514) Phase 1: Mark live objects 2.372ms
[293.241s][info][gc,phases,start] GC(514) Phase 2: Prepare for compaction
[293.243s][info][gc,phases      ] GC(514) Phase 2: Prepare for compaction 2.386ms
[293.244s][info][gc,phases,start] GC(514) Phase 3: Adjust pointers
[293.245s][info][gc,phases      ] GC(514) Phase 3: Adjust pointers 1.861ms
[293.245s][info][gc,phases,start] GC(514) Phase 4: Compact heap
[293.248s][info][gc,phases      ] GC(514) Phase 4: Compact heap 2.166ms
[293.249s][info][gc,heap        ] GC(514) Eden regions: 1150->0(1228)
[293.249s][info][gc,heap        ] GC(514) Survivor regions: 30->0(154)
[293.249s][info][gc,heap        ] GC(514) Old regions: 5->4
[293.249s][info][gc,heap        ] GC(514) Humongous regions: 22->0
[293.249s][info][gc,metaspace   ] GC(514) Metaspace: 18073K(18688K)->18073K(18688K) NonClass: 16019K(16384K)->16019K(16384K) Class: 2054K(2304K)->2054K(2304K)
[293.250s][info][gc             ] GC(514) Pause Full (System.gc()) 1204M->3M(2048M) 10.967ms
[293.250s][info][gc,cpu         ] GC(514) User=0.00s Sys=0.00s Real=0.02s
[293.659s][info][gc,start       ] GC(515) Pause Young (Normal) (G1 Evacuation Pause)
[293.659s][info][gc,task        ] GC(515) Using 6 workers of 6 for evacuation
[293.662s][info][gc,phases      ] GC(515)   Pre Evacuate Collection Set: 0.0ms
[293.662s][info][gc,phases      ] GC(515)   Evacuate Collection Set: 2.1ms
[293.662s][info][gc,phases      ] GC(515)   Post Evacuate Collection Set: 0.9ms
[293.662s][info][gc,phases      ] GC(515)   Other: 0.2ms
[293.662s][info][gc,heap        ] GC(515) Eden regions: 1228->0(1222)
[293.662s][info][gc,heap        ] GC(515) Survivor regions: 0->6(154)
[293.662s][info][gc,heap        ] GC(515) Old regions: 4->4
[293.662s][info][gc,heap        ] GC(515) Humongous regions: 0->0
[293.662s][info][gc,metaspace   ] GC(515) Metaspace: 18074K(18688K)->18074K(18688K) NonClass: 16020K(16384K)->16020K(16384K) Class: 2054K(2304K)->2054K(2304K)
[293.662s][info][gc             ] GC(515) Pause Young (Normal) (G1 Evacuation Pause) 1231M->9M(2048M) 3.367ms
[293.662s][info][gc,cpu         ] GC(515) User=0.00s Sys=0.00s Real=0.00s
[294.092s][info][gc,start       ] GC(516) Pause Young (Normal) (G1 Evacuation Pause)
[294.092s][info][gc,task        ] GC(516) Using 6 workers of 6 for evacuation
[294.096s][info][gc,phases      ] GC(516)   Pre Evacuate Collection Set: 0.0ms
[294.096s][info][gc,phases      ] GC(516)   Evacuate Collection Set: 3.1ms
[294.096s][info][gc,phases      ] GC(516)   Post Evacuate Collection Set: 1.0ms
[294.096s][info][gc,phases      ] GC(516)   Other: 0.2ms
[294.096s][info][gc,heap        ] GC(516) Eden regions: 1222->0(1220)
[294.096s][info][gc,heap        ] GC(516) Survivor regions: 6->8(154)
[294.096s][info][gc,heap        ] GC(516) Old regions: 4->4
[294.096s][info][gc,heap        ] GC(516) Humongous regions: 0->0
[294.096s][info][gc,metaspace   ] GC(516) Metaspace: 18074K(18688K)->18074K(18688K) NonClass: 16020K(16384K)->16020K(16384K) Class: 2054K(2304K)->2054K(2304K)
[294.096s][info][gc             ] GC(516) Pause Young (Normal) (G1 Evacuation Pause) 1231M->11M(2048M) 4.437ms
[294.096s][info][gc,cpu         ] GC(516) User=0.02s Sys=0.00s Real=0.00s
[294.650s][info][gc,start       ] GC(517) Pause Young (Normal) (G1 Evacuation Pause)
[294.650s][info][gc,task        ] GC(517) Using 6 workers of 6 for evacuation
[294.657s][info][gc,phases      ] GC(517)   Pre Evacuate Collection Set: 0.1ms
[294.657s][info][gc,phases      ] GC(517)   Evacuate Collection Set: 5.4ms
[294.657s][info][gc,phases      ] GC(517)   Post Evacuate Collection Set: 0.9ms
[294.657s][info][gc,phases      ] GC(517)   Other: 0.4ms
[294.657s][info][gc,heap        ] GC(517) Eden regions: 1220->0(1216)
[294.657s][info][gc,heap        ] GC(517) Survivor regions: 8->12(154)
[294.657s][info][gc,heap        ] GC(517) Old regions: 4->4
[294.657s][info][gc,heap        ] GC(517) Humongous regions: 0->0
[294.657s][info][gc,metaspace   ] GC(517) Metaspace: 18074K(18688K)->18074K(18688K) NonClass: 16020K(16384K)->16020K(16384K) Class: 2054K(2304K)->2054K(2304K)
[294.657s][info][gc             ] GC(517) Pause Young (Normal) (G1 Evacuation Pause) 1231M->15M(2048M) 6.875ms
[294.657s][info][gc,cpu         ] GC(517) User=0.02s Sys=0.00s Real=0.02s
[295.262s][info][gc,start       ] GC(518) Pause Young (Normal) (G1 Evacuation Pause)
[295.263s][info][gc,task        ] GC(518) Using 6 workers of 6 for evacuation
[295.275s][info][gc,phases      ] GC(518)   Pre Evacuate Collection Set: 0.0ms
[295.276s][info][gc,phases      ] GC(518)   Evacuate Collection Set: 11.7ms
[295.276s][info][gc,phases      ] GC(518)   Post Evacuate Collection Set: 0.9ms
[295.276s][info][gc,phases      ] GC(518)   Other: 0.4ms
[295.276s][info][gc,heap        ] GC(518) Eden regions: 1216->0(1203)
[295.276s][info][gc,heap        ] GC(518) Survivor regions: 12->25(154)
[295.276s][info][gc,heap        ] GC(518) Old regions: 4->4
[295.276s][info][gc,heap        ] GC(518) Humongous regions: 3->3
[295.276s][info][gc,metaspace   ] GC(518) Metaspace: 18074K(18688K)->18074K(18688K) NonClass: 16020K(16384K)->16020K(16384K) Class: 2054K(2304K)->2054K(2304K)
[295.276s][info][gc             ] GC(518) Pause Young (Normal) (G1 Evacuation Pause) 1234M->31M(2048M) 13.190ms
[295.276s][info][gc,cpu         ] GC(518) User=0.02s Sys=0.00s Real=0.02s
[295.850s][info][gc,start       ] GC(519) Pause Young (Normal) (G1 Evacuation Pause)
[295.850s][info][gc,task        ] GC(519) Using 6 workers of 6 for evacuation
[295.861s][info][gc,phases      ] GC(519)   Pre Evacuate Collection Set: 0.0ms
[295.861s][info][gc,phases      ] GC(519)   Evacuate Collection Set: 9.1ms
[295.861s][info][gc,phases      ] GC(519)   Post Evacuate Collection Set: 1.0ms
[295.861s][info][gc,phases      ] GC(519)   Other: 0.2ms
[295.861s][info][gc,heap        ] GC(519) Eden regions: 1203->0(1200)
[295.861s][info][gc,heap        ] GC(519) Survivor regions: 25->28(154)
[295.861s][info][gc,heap        ] GC(519) Old regions: 4->4
[295.861s][info][gc,heap        ] GC(519) Humongous regions: 3->3
[295.861s][info][gc,metaspace   ] GC(519) Metaspace: 18074K(18688K)->18074K(18688K) NonClass: 16020K(16384K)->16020K(16384K) Class: 2054K(2304K)->2054K(2304K)
[295.861s][info][gc             ] GC(519) Pause Young (Normal) (G1 Evacuation Pause) 1234M->34M(2048M) 10.449ms
[295.861s][info][gc,cpu         ] GC(519) User=0.00s Sys=0.00s Real=0.00s
[296.713s][info][gc,task        ] GC(520) Using 6 workers of 6 for full compaction
[296.713s][info][gc,start       ] GC(520) Pause Full (System.gc())
[296.713s][info][gc,phases,start] GC(520) Phase 1: Mark live objects
[296.716s][info][gc,stringtable ] GC(520) Cleaned string and symbol table, strings: 5676 processed, 0 removed, symbols: 53749 processed, 0 removed
[296.716s][info][gc,phases      ] GC(520) Phase 1: Mark live objects 2.493ms
[296.716s][info][gc,phases,start] GC(520) Phase 2: Prepare for compaction
[296.718s][info][gc,phases      ] GC(520) Phase 2: Prepare for compaction 2.194ms
[296.718s][info][gc,phases,start] GC(520) Phase 3: Adjust pointers
[296.720s][info][gc,phases      ] GC(520) Phase 3: Adjust pointers 2.044ms
[296.720s][info][gc,phases,start] GC(520) Phase 4: Compact heap
[296.722s][info][gc,phases      ] GC(520) Phase 4: Compact heap 1.769ms
[296.724s][info][gc,heap        ] GC(520) Eden regions: 1150->0(1228)
[296.724s][info][gc,heap        ] GC(520) Survivor regions: 28->0(154)
[296.724s][info][gc,heap        ] GC(520) Old regions: 4->4
[296.724s][info][gc,heap        ] GC(520) Humongous regions: 22->0
[296.724s][info][gc,metaspace   ] GC(520) Metaspace: 18074K(18688K)->18074K(18688K) NonClass: 16020K(16384K)->16020K(16384K) Class: 2054K(2304K)->2054K(2304K)
[296.724s][info][gc             ] GC(520) Pause Full (System.gc()) 1203M->3M(2048M) 10.834ms
[296.724s][info][gc,cpu         ] GC(520) User=0.00s Sys=0.00s Real=0.00s
[297.216s][info][gc,start       ] GC(521) Pause Young (Normal) (G1 Evacuation Pause)
[297.217s][info][gc,task        ] GC(521) Using 6 workers of 6 for evacuation
[297.220s][info][gc,phases      ] GC(521)   Pre Evacuate Collection Set: 0.0ms
[297.220s][info][gc,phases      ] GC(521)   Evacuate Collection Set: 2.1ms
[297.220s][info][gc,phases      ] GC(521)   Post Evacuate Collection Set: 0.8ms
[297.220s][info][gc,phases      ] GC(521)   Other: 0.2ms
[297.220s][info][gc,heap        ] GC(521) Eden regions: 1228->0(1223)
[297.220s][info][gc,heap        ] GC(521) Survivor regions: 0->5(154)
[297.220s][info][gc,heap        ] GC(521) Old regions: 4->4
[297.220s][info][gc,heap        ] GC(521) Humongous regions: 0->0
[297.220s][info][gc,metaspace   ] GC(521) Metaspace: 18082K(18944K)->18082K(18944K) NonClass: 16027K(16640K)->16027K(16640K) Class: 2054K(2304K)->2054K(2304K)
[297.220s][info][gc             ] GC(521) Pause Young (Normal) (G1 Evacuation Pause) 1231M->8M(2048M) 3.291ms
[297.220s][info][gc,cpu         ] GC(521) User=0.00s Sys=0.00s Real=0.00s
[297.672s][info][gc,start       ] GC(522) Pause Young (Normal) (G1 Evacuation Pause)
[297.672s][info][gc,task        ] GC(522) Using 6 workers of 6 for evacuation
[297.676s][info][gc,phases      ] GC(522)   Pre Evacuate Collection Set: 0.0ms
[297.676s][info][gc,phases      ] GC(522)   Evacuate Collection Set: 3.2ms
[297.676s][info][gc,phases      ] GC(522)   Post Evacuate Collection Set: 0.9ms
[297.676s][info][gc,phases      ] GC(522)   Other: 0.2ms
[297.676s][info][gc,heap        ] GC(522) Eden regions: 1223->0(1220)
[297.676s][info][gc,heap        ] GC(522) Survivor regions: 5->8(154)
[297.676s][info][gc,heap        ] GC(522) Old regions: 4->4
[297.676s][info][gc,heap        ] GC(522) Humongous regions: 0->0
[297.676s][info][gc,metaspace   ] GC(522) Metaspace: 18082K(18944K)->18082K(18944K) NonClass: 16027K(16640K)->16027K(16640K) Class: 2054K(2304K)->2054K(2304K)
[297.676s][info][gc             ] GC(522) Pause Young (Normal) (G1 Evacuation Pause) 1231M->11M(2048M) 4.450ms
[297.676s][info][gc,cpu         ] GC(522) User=0.00s Sys=0.00s Real=0.00s
[298.228s][info][gc,start       ] GC(523) Pause Young (Normal) (G1 Evacuation Pause)
[298.228s][info][gc,task        ] GC(523) Using 6 workers of 6 for evacuation
[298.235s][info][gc,phases      ] GC(523)   Pre Evacuate Collection Set: 0.0ms
[298.235s][info][gc,phases      ] GC(523)   Evacuate Collection Set: 5.3ms
[298.235s][info][gc,phases      ] GC(523)   Post Evacuate Collection Set: 1.2ms
[298.235s][info][gc,phases      ] GC(523)   Other: 0.3ms
[298.235s][info][gc,heap        ] GC(523) Eden regions: 1220->0(1216)
[298.235s][info][gc,heap        ] GC(523) Survivor regions: 8->12(154)
[298.235s][info][gc,heap        ] GC(523) Old regions: 4->4
[298.235s][info][gc,heap        ] GC(523) Humongous regions: 0->0
[298.235s][info][gc,metaspace   ] GC(523) Metaspace: 18082K(18944K)->18082K(18944K) NonClass: 16027K(16640K)->16027K(16640K) Class: 2054K(2304K)->2054K(2304K)
[298.235s][info][gc             ] GC(523) Pause Young (Normal) (G1 Evacuation Pause) 1231M->15M(2048M) 6.974ms
[298.235s][info][gc,cpu         ] GC(523) User=0.02s Sys=0.00s Real=0.02s
[298.844s][info][gc,start       ] GC(524) Pause Young (Normal) (G1 Evacuation Pause)
[298.844s][info][gc,task        ] GC(524) Using 6 workers of 6 for evacuation
[298.856s][info][gc,phases      ] GC(524)   Pre Evacuate Collection Set: 0.0ms
[298.856s][info][gc,phases      ] GC(524)   Evacuate Collection Set: 10.7ms
[298.856s][info][gc,phases      ] GC(524)   Post Evacuate Collection Set: 0.9ms
[298.856s][info][gc,phases      ] GC(524)   Other: 0.2ms
[298.856s][info][gc,heap        ] GC(524) Eden regions: 1216->0(1203)
[298.856s][info][gc,heap        ] GC(524) Survivor regions: 12->25(154)
[298.856s][info][gc,heap        ] GC(524) Old regions: 4->4
[298.856s][info][gc,heap        ] GC(524) Humongous regions: 3->3
[298.856s][info][gc,metaspace   ] GC(524) Metaspace: 18082K(18944K)->18082K(18944K) NonClass: 16027K(16640K)->16027K(16640K) Class: 2054K(2304K)->2054K(2304K)
[298.856s][info][gc             ] GC(524) Pause Young (Normal) (G1 Evacuation Pause) 1234M->31M(2048M) 11.988ms
[298.856s][info][gc,cpu         ] GC(524) User=0.02s Sys=0.00s Real=0.02s
[299.429s][info][gc,start       ] GC(525) Pause Young (Normal) (G1 Evacuation Pause)
[299.429s][info][gc,task        ] GC(525) Using 6 workers of 6 for evacuation
[299.439s][info][gc,phases      ] GC(525)   Pre Evacuate Collection Set: 0.0ms
[299.439s][info][gc,phases      ] GC(525)   Evacuate Collection Set: 8.8ms
[299.439s][info][gc,phases      ] GC(525)   Post Evacuate Collection Set: 1.0ms
[299.439s][info][gc,phases      ] GC(525)   Other: 0.3ms
[299.439s][info][gc,heap        ] GC(525) Eden regions: 1203->0(1199)
[299.439s][info][gc,heap        ] GC(525) Survivor regions: 25->29(154)
[299.439s][info][gc,heap        ] GC(525) Old regions: 4->4
[299.439s][info][gc,heap        ] GC(525) Humongous regions: 3->3
[299.439s][info][gc,metaspace   ] GC(525) Metaspace: 18082K(18944K)->18082K(18944K) NonClass: 16027K(16640K)->16027K(16640K) Class: 2054K(2304K)->2054K(2304K)
[299.439s][info][gc             ] GC(525) Pause Young (Normal) (G1 Evacuation Pause) 1234M->35M(2048M) 10.223ms
[299.439s][info][gc,cpu         ] GC(525) User=0.00s Sys=0.00s Real=0.00s
[300.291s][info][gc,task        ] GC(526) Using 6 workers of 6 for full compaction
[300.291s][info][gc,start       ] GC(526) Pause Full (System.gc())
[300.291s][info][gc,phases,start] GC(526) Phase 1: Mark live objects
[300.293s][info][gc,stringtable ] GC(526) Cleaned string and symbol table, strings: 5678 processed, 0 removed, symbols: 53749 processed, 0 removed
[300.293s][info][gc,phases      ] GC(526) Phase 1: Mark live objects 2.298ms
[300.293s][info][gc,phases,start] GC(526) Phase 2: Prepare for compaction
[300.296s][info][gc,phases      ] GC(526) Phase 2: Prepare for compaction 2.236ms
[300.296s][info][gc,phases,start] GC(526) Phase 3: Adjust pointers
[300.298s][info][gc,phases      ] GC(526) Phase 3: Adjust pointers 1.964ms
[300.298s][info][gc,phases,start] GC(526) Phase 4: Compact heap
[300.300s][info][gc,phases      ] GC(526) Phase 4: Compact heap 1.994ms
[300.301s][info][gc,heap        ] GC(526) Eden regions: 1150->0(1228)
[300.301s][info][gc,heap        ] GC(526) Survivor regions: 29->0(154)
[300.301s][info][gc,heap        ] GC(526) Old regions: 4->6
[300.301s][info][gc,heap        ] GC(526) Humongous regions: 22->0
[300.302s][info][gc,metaspace   ] GC(526) Metaspace: 18082K(18944K)->18082K(18944K) NonClass: 16027K(16640K)->16027K(16640K) Class: 2054K(2304K)->2054K(2304K)
[300.302s][info][gc             ] GC(526) Pause Full (System.gc()) 1203M->3M(2048M) 10.663ms
[300.302s][info][gc,cpu         ] GC(526) User=0.00s Sys=0.00s Real=0.00s
[300.762s][info][gc,start       ] GC(527) Pause Young (Normal) (G1 Evacuation Pause)
[300.762s][info][gc,task        ] GC(527) Using 6 workers of 6 for evacuation
[300.765s][info][gc,phases      ] GC(527)   Pre Evacuate Collection Set: 0.0ms
[300.765s][info][gc,phases      ] GC(527)   Evacuate Collection Set: 2.1ms
[300.765s][info][gc,phases      ] GC(527)   Post Evacuate Collection Set: 0.8ms
[300.765s][info][gc,phases      ] GC(527)   Other: 0.3ms
[300.765s][info][gc,heap        ] GC(527) Eden regions: 1228->0(1223)
[300.765s][info][gc,heap        ] GC(527) Survivor regions: 0->5(154)
[300.765s][info][gc,heap        ] GC(527) Old regions: 6->6
[300.765s][info][gc,heap        ] GC(527) Humongous regions: 0->0
[300.765s][info][gc,metaspace   ] GC(527) Metaspace: 18082K(18944K)->18082K(18944K) NonClass: 16027K(16640K)->16027K(16640K) Class: 2054K(2304K)->2054K(2304K)
[300.765s][info][gc             ] GC(527) Pause Young (Normal) (G1 Evacuation Pause) 1231M->8M(2048M) 3.391ms
[300.765s][info][gc,cpu         ] GC(527) User=0.00s Sys=0.00s Real=0.00s
[301.262s][info][gc,start       ] GC(528) Pause Young (Normal) (G1 Evacuation Pause)
[301.262s][info][gc,task        ] GC(528) Using 6 workers of 6 for evacuation
[301.266s][info][gc,phases      ] GC(528)   Pre Evacuate Collection Set: 0.0ms
[301.266s][info][gc,phases      ] GC(528)   Evacuate Collection Set: 3.2ms
[301.266s][info][gc,phases      ] GC(528)   Post Evacuate Collection Set: 1.0ms
[301.266s][info][gc,phases      ] GC(528)   Other: 0.2ms
[301.266s][info][gc,heap        ] GC(528) Eden regions: 1223->0(1220)
[301.266s][info][gc,heap        ] GC(528) Survivor regions: 5->8(154)
[301.266s][info][gc,heap        ] GC(528) Old regions: 6->6
[301.266s][info][gc,heap        ] GC(528) Humongous regions: 0->0
[301.266s][info][gc,metaspace   ] GC(528) Metaspace: 18082K(18944K)->18082K(18944K) NonClass: 16027K(16640K)->16027K(16640K) Class: 2054K(2304K)->2054K(2304K)
[301.266s][info][gc             ] GC(528) Pause Young (Normal) (G1 Evacuation Pause) 1231M->11M(2048M) 4.473ms
[301.266s][info][gc,cpu         ] GC(528) User=0.02s Sys=0.00s Real=0.02s
[301.821s][info][gc,start       ] GC(529) Pause Young (Normal) (G1 Evacuation Pause)
[301.821s][info][gc,task        ] GC(529) Using 6 workers of 6 for evacuation
[301.828s][info][gc,phases      ] GC(529)   Pre Evacuate Collection Set: 0.0ms
[301.828s][info][gc,phases      ] GC(529)   Evacuate Collection Set: 5.4ms
[301.828s][info][gc,phases      ] GC(529)   Post Evacuate Collection Set: 1.0ms
[301.828s][info][gc,phases      ] GC(529)   Other: 0.2ms
[301.828s][info][gc,heap        ] GC(529) Eden regions: 1220->0(1216)
[301.828s][info][gc,heap        ] GC(529) Survivor regions: 8->12(154)
[301.828s][info][gc,heap        ] GC(529) Old regions: 6->6
[301.828s][info][gc,heap        ] GC(529) Humongous regions: 0->0
[301.828s][info][gc,metaspace   ] GC(529) Metaspace: 18082K(18944K)->18082K(18944K) NonClass: 16027K(16640K)->16027K(16640K) Class: 2054K(2304K)->2054K(2304K)
[301.828s][info][gc             ] GC(529) Pause Young (Normal) (G1 Evacuation Pause) 1231M->15M(2048M) 6.746ms
[301.828s][info][gc,cpu         ] GC(529) User=0.00s Sys=0.00s Real=0.00s
[302.433s][info][gc,start       ] GC(530) Pause Young (Normal) (G1 Evacuation Pause)
[302.433s][info][gc,task        ] GC(530) Using 6 workers of 6 for evacuation
[302.445s][info][gc,phases      ] GC(530)   Pre Evacuate Collection Set: 0.0ms
[302.445s][info][gc,phases      ] GC(530)   Evacuate Collection Set: 10.3ms
[302.445s][info][gc,phases      ] GC(530)   Post Evacuate Collection Set: 0.9ms
[302.445s][info][gc,phases      ] GC(530)   Other: 0.4ms
[302.445s][info][gc,heap        ] GC(530) Eden regions: 1216->0(1203)
[302.445s][info][gc,heap        ] GC(530) Survivor regions: 12->25(154)
[302.445s][info][gc,heap        ] GC(530) Old regions: 6->6
[302.445s][info][gc,heap        ] GC(530) Humongous regions: 3->3
[302.445s][info][gc,metaspace   ] GC(530) Metaspace: 18082K(18944K)->18082K(18944K) NonClass: 16027K(16640K)->16027K(16640K) Class: 2054K(2304K)->2054K(2304K)
[302.445s][info][gc             ] GC(530) Pause Young (Normal) (G1 Evacuation Pause) 1234M->31M(2048M) 11.686ms
[302.445s][info][gc,cpu         ] GC(530) User=0.02s Sys=0.00s Real=0.01s
[303.018s][info][gc,start       ] GC(531) Pause Young (Normal) (G1 Evacuation Pause)
[303.018s][info][gc,task        ] GC(531) Using 6 workers of 6 for evacuation
[303.029s][info][gc,phases      ] GC(531)   Pre Evacuate Collection Set: 0.1ms
[303.029s][info][gc,phases      ] GC(531)   Evacuate Collection Set: 9.1ms
[303.029s][info][gc,phases      ] GC(531)   Post Evacuate Collection Set: 1.0ms
[303.029s][info][gc,phases      ] GC(531)   Other: 0.4ms
[303.029s][info][gc,heap        ] GC(531) Eden regions: 1203->0(1200)
[303.029s][info][gc,heap        ] GC(531) Survivor regions: 25->28(154)
[303.029s][info][gc,heap        ] GC(531) Old regions: 6->6
[303.029s][info][gc,heap        ] GC(531) Humongous regions: 3->3
[303.029s][info][gc,metaspace   ] GC(531) Metaspace: 18082K(18944K)->18082K(18944K) NonClass: 16027K(16640K)->16027K(16640K) Class: 2054K(2304K)->2054K(2304K)
[303.029s][info][gc             ] GC(531) Pause Young (Normal) (G1 Evacuation Pause) 1234M->34M(2048M) 10.673ms
[303.029s][info][gc,cpu         ] GC(531) User=0.02s Sys=0.00s Real=0.01s
[303.878s][info][gc,task        ] GC(532) Using 6 workers of 6 for full compaction
[303.878s][info][gc,start       ] GC(532) Pause Full (System.gc())
[303.878s][info][gc,phases,start] GC(532) Phase 1: Mark live objects
[303.881s][info][gc,stringtable ] GC(532) Cleaned string and symbol table, strings: 5678 processed, 0 removed, symbols: 53749 processed, 0 removed
[303.881s][info][gc,phases      ] GC(532) Phase 1: Mark live objects 2.541ms
[303.881s][info][gc,phases,start] GC(532) Phase 2: Prepare for compaction
[303.883s][info][gc,phases      ] GC(532) Phase 2: Prepare for compaction 2.090ms
[303.883s][info][gc,phases,start] GC(532) Phase 3: Adjust pointers
[303.885s][info][gc,phases      ] GC(532) Phase 3: Adjust pointers 1.986ms
[303.885s][info][gc,phases,start] GC(532) Phase 4: Compact heap
[303.887s][info][gc,phases      ] GC(532) Phase 4: Compact heap 1.799ms
[303.889s][info][gc,heap        ] GC(532) Eden regions: 1149->0(1228)
[303.889s][info][gc,heap        ] GC(532) Survivor regions: 28->0(154)
[303.889s][info][gc,heap        ] GC(532) Old regions: 6->5
[303.889s][info][gc,heap        ] GC(532) Humongous regions: 22->0
[303.889s][info][gc,metaspace   ] GC(532) Metaspace: 18082K(18944K)->18082K(18944K) NonClass: 16027K(16640K)->16027K(16640K) Class: 2054K(2304K)->2054K(2304K)
[303.889s][info][gc             ] GC(532) Pause Full (System.gc()) 1202M->3M(2048M) 10.750ms
[303.889s][info][gc,cpu         ] GC(532) User=0.00s Sys=0.00s Real=0.02s
[304.301s][info][gc,start       ] GC(533) Pause Young (Normal) (G1 Evacuation Pause)
[304.301s][info][gc,task        ] GC(533) Using 6 workers of 6 for evacuation
[304.304s][info][gc,phases      ] GC(533)   Pre Evacuate Collection Set: 0.1ms
[304.304s][info][gc,phases      ] GC(533)   Evacuate Collection Set: 2.1ms
[304.304s][info][gc,phases      ] GC(533)   Post Evacuate Collection Set: 1.0ms
[304.304s][info][gc,phases      ] GC(533)   Other: 0.3ms
[304.304s][info][gc,heap        ] GC(533) Eden regions: 1228->0(1223)
[304.304s][info][gc,heap        ] GC(533) Survivor regions: 0->5(154)
[304.304s][info][gc,heap        ] GC(533) Old regions: 5->5
[304.304s][info][gc,heap        ] GC(533) Humongous regions: 0->0
[304.304s][info][gc,metaspace   ] GC(533) Metaspace: 18082K(18944K)->18082K(18944K) NonClass: 16027K(16640K)->16027K(16640K) Class: 2054K(2304K)->2054K(2304K)
[304.304s][info][gc             ] GC(533) Pause Young (Normal) (G1 Evacuation Pause) 1231M->8M(2048M) 3.472ms
[304.304s][info][gc,cpu         ] GC(533) User=0.00s Sys=0.02s Real=0.00s
[304.767s][info][gc,start       ] GC(534) Pause Young (Normal) (G1 Evacuation Pause)
[304.767s][info][gc,task        ] GC(534) Using 6 workers of 6 for evacuation
[304.772s][info][gc,phases      ] GC(534)   Pre Evacuate Collection Set: 0.0ms
[304.772s][info][gc,phases      ] GC(534)   Evacuate Collection Set: 3.0ms
[304.772s][info][gc,phases      ] GC(534)   Post Evacuate Collection Set: 0.9ms
[304.772s][info][gc,phases      ] GC(534)   Other: 0.2ms
[304.772s][info][gc,heap        ] GC(534) Eden regions: 1223->0(1220)
[304.772s][info][gc,heap        ] GC(534) Survivor regions: 5->8(154)
[304.772s][info][gc,heap        ] GC(534) Old regions: 5->5
[304.772s][info][gc,heap        ] GC(534) Humongous regions: 0->0
[304.772s][info][gc,metaspace   ] GC(534) Metaspace: 18082K(18944K)->18082K(18944K) NonClass: 16027K(16640K)->16027K(16640K) Class: 2054K(2304K)->2054K(2304K)
[304.772s][info][gc             ] GC(534) Pause Young (Normal) (G1 Evacuation Pause) 1231M->11M(2048M) 4.284ms
[304.772s][info][gc,cpu         ] GC(534) User=0.00s Sys=0.00s Real=0.00s
[305.320s][info][gc,start       ] GC(535) Pause Young (Normal) (G1 Evacuation Pause)
[305.320s][info][gc,task        ] GC(535) Using 6 workers of 6 for evacuation
[305.327s][info][gc,phases      ] GC(535)   Pre Evacuate Collection Set: 0.1ms
[305.327s][info][gc,phases      ] GC(535)   Evacuate Collection Set: 5.3ms
[305.327s][info][gc,phases      ] GC(535)   Post Evacuate Collection Set: 1.0ms
[305.327s][info][gc,phases      ] GC(535)   Other: 0.4ms
[305.327s][info][gc,heap        ] GC(535) Eden regions: 1220->0(1216)
[305.327s][info][gc,heap        ] GC(535) Survivor regions: 8->12(154)
[305.327s][info][gc,heap        ] GC(535) Old regions: 5->5
[305.327s][info][gc,heap        ] GC(535) Humongous regions: 0->0
[305.327s][info][gc,metaspace   ] GC(535) Metaspace: 18082K(18944K)->18082K(18944K) NonClass: 16027K(16640K)->16027K(16640K) Class: 2054K(2304K)->2054K(2304K)
[305.327s][info][gc             ] GC(535) Pause Young (Normal) (G1 Evacuation Pause) 1231M->15M(2048M) 6.869ms
[305.327s][info][gc,cpu         ] GC(535) User=0.00s Sys=0.00s Real=0.00s
[305.935s][info][gc,start       ] GC(536) Pause Young (Normal) (G1 Evacuation Pause)
[305.935s][info][gc,task        ] GC(536) Using 6 workers of 6 for evacuation
[305.946s][info][gc,phases      ] GC(536)   Pre Evacuate Collection Set: 0.0ms
[305.946s][info][gc,phases      ] GC(536)   Evacuate Collection Set: 10.5ms
[305.946s][info][gc,phases      ] GC(536)   Post Evacuate Collection Set: 1.0ms
[305.946s][info][gc,phases      ] GC(536)   Other: 0.2ms
[305.946s][info][gc,heap        ] GC(536) Eden regions: 1216->0(1203)
[305.946s][info][gc,heap        ] GC(536) Survivor regions: 12->25(154)
[305.946s][info][gc,heap        ] GC(536) Old regions: 5->5
[305.946s][info][gc,heap        ] GC(536) Humongous regions: 3->3
[305.946s][info][gc,metaspace   ] GC(536) Metaspace: 18082K(18944K)->18082K(18944K) NonClass: 16027K(16640K)->16027K(16640K) Class: 2054K(2304K)->2054K(2304K)
[305.946s][info][gc             ] GC(536) Pause Young (Normal) (G1 Evacuation Pause) 1234M->31M(2048M) 11.845ms
[305.946s][info][gc,cpu         ] GC(536) User=0.02s Sys=0.00s Real=0.02s
[306.518s][info][gc,start       ] GC(537) Pause Young (Normal) (G1 Evacuation Pause)
[306.518s][info][gc,task        ] GC(537) Using 6 workers of 6 for evacuation
[306.529s][info][gc,phases      ] GC(537)   Pre Evacuate Collection Set: 0.0ms
[306.529s][info][gc,phases      ] GC(537)   Evacuate Collection Set: 9.2ms
[306.529s][info][gc,phases      ] GC(537)   Post Evacuate Collection Set: 1.0ms
[306.529s][info][gc,phases      ] GC(537)   Other: 0.3ms
[306.529s][info][gc,heap        ] GC(537) Eden regions: 1203->0(1199)
[306.529s][info][gc,heap        ] GC(537) Survivor regions: 25->29(154)
[306.529s][info][gc,heap        ] GC(537) Old regions: 5->5
[306.529s][info][gc,heap        ] GC(537) Humongous regions: 3->3
[306.529s][info][gc,metaspace   ] GC(537) Metaspace: 18082K(18944K)->18082K(18944K) NonClass: 16027K(16640K)->16027K(16640K) Class: 2054K(2304K)->2054K(2304K)
[306.529s][info][gc             ] GC(537) Pause Young (Normal) (G1 Evacuation Pause) 1234M->35M(2048M) 10.626ms
[306.529s][info][gc,cpu         ] GC(537) User=0.02s Sys=0.00s Real=0.02s
[307.377s][info][gc,task        ] GC(538) Using 6 workers of 6 for full compaction
[307.377s][info][gc,start       ] GC(538) Pause Full (System.gc())
[307.377s][info][gc,phases,start] GC(538) Phase 1: Mark live objects
[307.379s][info][gc,stringtable ] GC(538) Cleaned string and symbol table, strings: 5678 processed, 0 removed, symbols: 53749 processed, 0 removed
[307.380s][info][gc,phases      ] GC(538) Phase 1: Mark live objects 2.410ms
[307.380s][info][gc,phases,start] GC(538) Phase 2: Prepare for compaction
[307.382s][info][gc,phases      ] GC(538) Phase 2: Prepare for compaction 2.237ms
[307.382s][info][gc,phases,start] GC(538) Phase 3: Adjust pointers
[307.384s][info][gc,phases      ] GC(538) Phase 3: Adjust pointers 1.802ms
[307.384s][info][gc,phases,start] GC(538) Phase 4: Compact heap
[307.386s][info][gc,phases      ] GC(538) Phase 4: Compact heap 2.325ms
[307.388s][info][gc,heap        ] GC(538) Eden regions: 1149->0(1228)
[307.388s][info][gc,heap        ] GC(538) Survivor regions: 29->0(154)
[307.388s][info][gc,heap        ] GC(538) Old regions: 5->6
[307.388s][info][gc,heap        ] GC(538) Humongous regions: 22->0
[307.388s][info][gc,metaspace   ] GC(538) Metaspace: 18082K(18944K)->18082K(18944K) NonClass: 16027K(16640K)->16027K(16640K) Class: 2054K(2304K)->2054K(2304K)
[307.388s][info][gc             ] GC(538) Pause Full (System.gc()) 1203M->3M(2048M) 10.925ms
[307.388s][info][gc,cpu         ] GC(538) User=0.00s Sys=0.00s Real=0.02s
[307.805s][info][gc,start       ] GC(539) Pause Young (Normal) (G1 Evacuation Pause)
[307.805s][info][gc,task        ] GC(539) Using 6 workers of 6 for evacuation
[307.808s][info][gc,phases      ] GC(539)   Pre Evacuate Collection Set: 0.0ms
[307.808s][info][gc,phases      ] GC(539)   Evacuate Collection Set: 2.0ms
[307.808s][info][gc,phases      ] GC(539)   Post Evacuate Collection Set: 0.9ms
[307.808s][info][gc,phases      ] GC(539)   Other: 0.2ms
[307.808s][info][gc,heap        ] GC(539) Eden regions: 1228->0(1222)
[307.808s][info][gc,heap        ] GC(539) Survivor regions: 0->6(154)
[307.808s][info][gc,heap        ] GC(539) Old regions: 6->6
[307.808s][info][gc,heap        ] GC(539) Humongous regions: 0->0
[307.808s][info][gc,metaspace   ] GC(539) Metaspace: 18082K(18944K)->18082K(18944K) NonClass: 16027K(16640K)->16027K(16640K) Class: 2054K(2304K)->2054K(2304K)
[307.808s][info][gc             ] GC(539) Pause Young (Normal) (G1 Evacuation Pause) 1231M->9M(2048M) 3.214ms
[307.808s][info][gc,cpu         ] GC(539) User=0.00s Sys=0.00s Real=0.00s
[308.298s][info][gc,start       ] GC(540) Pause Young (Normal) (G1 Evacuation Pause)
[308.298s][info][gc,task        ] GC(540) Using 6 workers of 6 for evacuation
[308.302s][info][gc,phases      ] GC(540)   Pre Evacuate Collection Set: 0.0ms
[308.302s][info][gc,phases      ] GC(540)   Evacuate Collection Set: 3.1ms
[308.302s][info][gc,phases      ] GC(540)   Post Evacuate Collection Set: 0.9ms
[308.302s][info][gc,phases      ] GC(540)   Other: 0.2ms
[308.302s][info][gc,heap        ] GC(540) Eden regions: 1222->0(1220)
[308.302s][info][gc,heap        ] GC(540) Survivor regions: 6->8(154)
[308.302s][info][gc,heap        ] GC(540) Old regions: 6->6
[308.302s][info][gc,heap        ] GC(540) Humongous regions: 0->0
[308.302s][info][gc,metaspace   ] GC(540) Metaspace: 18082K(18944K)->18082K(18944K) NonClass: 16027K(16640K)->16027K(16640K) Class: 2054K(2304K)->2054K(2304K)
[308.302s][info][gc             ] GC(540) Pause Young (Normal) (G1 Evacuation Pause) 1231M->11M(2048M) 4.285ms
[308.302s][info][gc,cpu         ] GC(540) User=0.00s Sys=0.00s Real=0.00s
[308.855s][info][gc,start       ] GC(541) Pause Young (Normal) (G1 Evacuation Pause)
[308.855s][info][gc,task        ] GC(541) Using 6 workers of 6 for evacuation
[308.862s][info][gc,phases      ] GC(541)   Pre Evacuate Collection Set: 0.0ms
[308.862s][info][gc,phases      ] GC(541)   Evacuate Collection Set: 5.2ms
[308.862s][info][gc,phases      ] GC(541)   Post Evacuate Collection Set: 1.0ms
[308.862s][info][gc,phases      ] GC(541)   Other: 0.3ms
[308.862s][info][gc,heap        ] GC(541) Eden regions: 1220->0(1216)
[308.862s][info][gc,heap        ] GC(541) Survivor regions: 8->12(154)
[308.862s][info][gc,heap        ] GC(541) Old regions: 6->6
[308.862s][info][gc,heap        ] GC(541) Humongous regions: 0->0
[308.862s][info][gc,metaspace   ] GC(541) Metaspace: 18082K(18944K)->18082K(18944K) NonClass: 16027K(16640K)->16027K(16640K) Class: 2054K(2304K)->2054K(2304K)
[308.862s][info][gc             ] GC(541) Pause Young (Normal) (G1 Evacuation Pause) 1231M->15M(2048M) 6.641ms
[308.862s][info][gc,cpu         ] GC(541) User=0.00s Sys=0.00s Real=0.02s
[309.467s][info][gc,start       ] GC(542) Pause Young (Normal) (G1 Evacuation Pause)
[309.467s][info][gc,task        ] GC(542) Using 6 workers of 6 for evacuation
[309.481s][info][gc,phases      ] GC(542)   Pre Evacuate Collection Set: 0.0ms
[309.481s][info][gc,phases      ] GC(542)   Evacuate Collection Set: 12.4ms
[309.481s][info][gc,phases      ] GC(542)   Post Evacuate Collection Set: 1.3ms
[309.481s][info][gc,phases      ] GC(542)   Other: 0.2ms
[309.481s][info][gc,heap        ] GC(542) Eden regions: 1216->0(1203)
[309.481s][info][gc,heap        ] GC(542) Survivor regions: 12->25(154)
[309.481s][info][gc,heap        ] GC(542) Old regions: 6->6
[309.481s][info][gc,heap        ] GC(542) Humongous regions: 3->3
[309.481s][info][gc,metaspace   ] GC(542) Metaspace: 18082K(18944K)->18082K(18944K) NonClass: 16027K(16640K)->16027K(16640K) Class: 2054K(2304K)->2054K(2304K)
[309.481s][info][gc             ] GC(542) Pause Young (Normal) (G1 Evacuation Pause) 1234M->31M(2048M) 14.021ms
[309.481s][info][gc,cpu         ] GC(542) User=0.02s Sys=0.00s Real=0.02s
[310.054s][info][gc,start       ] GC(543) Pause Young (Normal) (G1 Evacuation Pause)
[310.054s][info][gc,task        ] GC(543) Using 6 workers of 6 for evacuation
[310.064s][info][gc,phases      ] GC(543)   Pre Evacuate Collection Set: 0.1ms
[310.064s][info][gc,phases      ] GC(543)   Evacuate Collection Set: 8.5ms
[310.064s][info][gc,phases      ] GC(543)   Post Evacuate Collection Set: 1.0ms
[310.064s][info][gc,phases      ] GC(543)   Other: 0.4ms
[310.064s][info][gc,heap        ] GC(543) Eden regions: 1203->0(1199)
[310.064s][info][gc,heap        ] GC(543) Survivor regions: 25->29(154)
[310.064s][info][gc,heap        ] GC(543) Old regions: 6->6
[310.064s][info][gc,heap        ] GC(543) Humongous regions: 3->3
[310.064s][info][gc,metaspace   ] GC(543) Metaspace: 18082K(18944K)->18082K(18944K) NonClass: 16027K(16640K)->16027K(16640K) Class: 2054K(2304K)->2054K(2304K)
[310.064s][info][gc             ] GC(543) Pause Young (Normal) (G1 Evacuation Pause) 1234M->35M(2048M) 10.072ms
[310.064s][info][gc,cpu         ] GC(543) User=0.00s Sys=0.00s Real=0.00s
[310.914s][info][gc,task        ] GC(544) Using 6 workers of 6 for full compaction
[310.914s][info][gc,start       ] GC(544) Pause Full (System.gc())
[310.914s][info][gc,phases,start] GC(544) Phase 1: Mark live objects
[310.917s][info][gc,stringtable ] GC(544) Cleaned string and symbol table, strings: 5678 processed, 0 removed, symbols: 53749 processed, 0 removed
[310.917s][info][gc,phases      ] GC(544) Phase 1: Mark live objects 2.525ms
[310.917s][info][gc,phases,start] GC(544) Phase 2: Prepare for compaction
[310.919s][info][gc,phases      ] GC(544) Phase 2: Prepare for compaction 2.257ms
[310.919s][info][gc,phases,start] GC(544) Phase 3: Adjust pointers
[310.921s][info][gc,phases      ] GC(544) Phase 3: Adjust pointers 1.777ms
[310.921s][info][gc,phases,start] GC(544) Phase 4: Compact heap
[310.923s][info][gc,phases      ] GC(544) Phase 4: Compact heap 2.229ms
[310.925s][info][gc,heap        ] GC(544) Eden regions: 1150->0(1228)
[310.925s][info][gc,heap        ] GC(544) Survivor regions: 29->0(154)
[310.925s][info][gc,heap        ] GC(544) Old regions: 6->5
[310.925s][info][gc,heap        ] GC(544) Humongous regions: 22->0
[310.925s][info][gc,metaspace   ] GC(544) Metaspace: 18082K(18944K)->18082K(18944K) NonClass: 16027K(16640K)->16027K(16640K) Class: 2054K(2304K)->2054K(2304K)
[310.925s][info][gc             ] GC(544) Pause Full (System.gc()) 1204M->3M(2048M) 11.167ms
[310.925s][info][gc,cpu         ] GC(544) User=0.00s Sys=0.00s Real=0.01s
[311.411s][info][gc,start       ] GC(545) Pause Young (Normal) (G1 Evacuation Pause)
[311.411s][info][gc,task        ] GC(545) Using 6 workers of 6 for evacuation
[311.414s][info][gc,phases      ] GC(545)   Pre Evacuate Collection Set: 0.0ms
[311.414s][info][gc,phases      ] GC(545)   Evacuate Collection Set: 1.9ms
[311.414s][info][gc,phases      ] GC(545)   Post Evacuate Collection Set: 0.9ms
[311.414s][info][gc,phases      ] GC(545)   Other: 0.3ms
[311.414s][info][gc,heap        ] GC(545) Eden regions: 1228->0(1222)
[311.414s][info][gc,heap        ] GC(545) Survivor regions: 0->6(154)
[311.414s][info][gc,heap        ] GC(545) Old regions: 5->5
[311.414s][info][gc,heap        ] GC(545) Humongous regions: 0->0
[311.414s][info][gc,metaspace   ] GC(545) Metaspace: 18082K(18944K)->18082K(18944K) NonClass: 16027K(16640K)->16027K(16640K) Class: 2054K(2304K)->2054K(2304K)
[311.414s][info][gc             ] GC(545) Pause Young (Normal) (G1 Evacuation Pause) 1231M->9M(2048M) 3.213ms
[311.414s][info][gc,cpu         ] GC(545) User=0.00s Sys=0.00s Real=0.00s
[311.864s][info][gc,start       ] GC(546) Pause Young (Normal) (G1 Evacuation Pause)
[311.864s][info][gc,task        ] GC(546) Using 6 workers of 6 for evacuation
[311.868s][info][gc,phases      ] GC(546)   Pre Evacuate Collection Set: 0.0ms
[311.868s][info][gc,phases      ] GC(546)   Evacuate Collection Set: 3.1ms
[311.868s][info][gc,phases      ] GC(546)   Post Evacuate Collection Set: 0.9ms
[311.868s][info][gc,phases      ] GC(546)   Other: 0.2ms
[311.868s][info][gc,heap        ] GC(546) Eden regions: 1222->0(1220)
[311.868s][info][gc,heap        ] GC(546) Survivor regions: 6->8(154)
[311.868s][info][gc,heap        ] GC(546) Old regions: 5->5
[311.868s][info][gc,heap        ] GC(546) Humongous regions: 0->0
[311.868s][info][gc,metaspace   ] GC(546) Metaspace: 18082K(18944K)->18082K(18944K) NonClass: 16027K(16640K)->16027K(16640K) Class: 2054K(2304K)->2054K(2304K)
[311.868s][info][gc             ] GC(546) Pause Young (Normal) (G1 Evacuation Pause) 1231M->11M(2048M) 4.387ms
[311.868s][info][gc,cpu         ] GC(546) User=0.00s Sys=0.00s Real=0.00s
[312.422s][info][gc,start       ] GC(547) Pause Young (Normal) (G1 Evacuation Pause)
[312.422s][info][gc,task        ] GC(547) Using 6 workers of 6 for evacuation
[312.429s][info][gc,phases      ] GC(547)   Pre Evacuate Collection Set: 0.1ms
[312.429s][info][gc,phases      ] GC(547)   Evacuate Collection Set: 5.2ms
[312.429s][info][gc,phases      ] GC(547)   Post Evacuate Collection Set: 1.1ms
[312.429s][info][gc,phases      ] GC(547)   Other: 0.4ms
[312.429s][info][gc,heap        ] GC(547) Eden regions: 1220->0(1216)
[312.429s][info][gc,heap        ] GC(547) Survivor regions: 8->12(154)
[312.429s][info][gc,heap        ] GC(547) Old regions: 5->5
[312.429s][info][gc,heap        ] GC(547) Humongous regions: 0->0
[312.429s][info][gc,metaspace   ] GC(547) Metaspace: 18082K(18944K)->18082K(18944K) NonClass: 16027K(16640K)->16027K(16640K) Class: 2054K(2304K)->2054K(2304K)
[312.429s][info][gc             ] GC(547) Pause Young (Normal) (G1 Evacuation Pause) 1231M->15M(2048M) 6.839ms
[312.429s][info][gc,cpu         ] GC(547) User=0.02s Sys=0.00s Real=0.01s
[313.037s][info][gc,start       ] GC(548) Pause Young (Normal) (G1 Evacuation Pause)
[313.037s][info][gc,task        ] GC(548) Using 6 workers of 6 for evacuation
[313.048s][info][gc,phases      ] GC(548)   Pre Evacuate Collection Set: 0.0ms
[313.048s][info][gc,phases      ] GC(548)   Evacuate Collection Set: 10.5ms
[313.048s][info][gc,phases      ] GC(548)   Post Evacuate Collection Set: 0.9ms
[313.048s][info][gc,phases      ] GC(548)   Other: 0.2ms
[313.048s][info][gc,heap        ] GC(548) Eden regions: 1216->0(1203)
[313.048s][info][gc,heap        ] GC(548) Survivor regions: 12->25(154)
[313.048s][info][gc,heap        ] GC(548) Old regions: 5->5
[313.048s][info][gc,heap        ] GC(548) Humongous regions: 3->3
[313.048s][info][gc,metaspace   ] GC(548) Metaspace: 18082K(18944K)->18082K(18944K) NonClass: 16027K(16640K)->16027K(16640K) Class: 2054K(2304K)->2054K(2304K)
[313.048s][info][gc             ] GC(548) Pause Young (Normal) (G1 Evacuation Pause) 1234M->31M(2048M) 11.720ms
[313.048s][info][gc,cpu         ] GC(548) User=0.00s Sys=0.00s Real=0.00s
[313.624s][info][gc,start       ] GC(549) Pause Young (Normal) (G1 Evacuation Pause)
[313.624s][info][gc,task        ] GC(549) Using 6 workers of 6 for evacuation
[313.634s][info][gc,phases      ] GC(549)   Pre Evacuate Collection Set: 0.0ms
[313.634s][info][gc,phases      ] GC(549)   Evacuate Collection Set: 8.9ms
[313.634s][info][gc,phases      ] GC(549)   Post Evacuate Collection Set: 1.1ms
[313.634s][info][gc,phases      ] GC(549)   Other: 0.4ms
[313.634s][info][gc,heap        ] GC(549) Eden regions: 1203->0(1199)
[313.634s][info][gc,heap        ] GC(549) Survivor regions: 25->29(154)
[313.634s][info][gc,heap        ] GC(549) Old regions: 5->5
[313.634s][info][gc,heap        ] GC(549) Humongous regions: 3->3
[313.634s][info][gc,metaspace   ] GC(549) Metaspace: 18082K(18944K)->18082K(18944K) NonClass: 16027K(16640K)->16027K(16640K) Class: 2054K(2304K)->2054K(2304K)
[313.634s][info][gc             ] GC(549) Pause Young (Normal) (G1 Evacuation Pause) 1234M->35M(2048M) 10.453ms
[313.635s][info][gc,cpu         ] GC(549) User=0.02s Sys=0.00s Real=0.02s
[314.483s][info][gc,task        ] GC(550) Using 6 workers of 6 for full compaction
[314.483s][info][gc,start       ] GC(550) Pause Full (System.gc())
[314.483s][info][gc,phases,start] GC(550) Phase 1: Mark live objects
[314.486s][info][gc,stringtable ] GC(550) Cleaned string and symbol table, strings: 5678 processed, 0 removed, symbols: 53749 processed, 0 removed
[314.486s][info][gc,phases      ] GC(550) Phase 1: Mark live objects 2.411ms
[314.486s][info][gc,phases,start] GC(550) Phase 2: Prepare for compaction
[314.488s][info][gc,phases      ] GC(550) Phase 2: Prepare for compaction 2.006ms
[314.488s][info][gc,phases,start] GC(550) Phase 3: Adjust pointers
[314.490s][info][gc,phases      ] GC(550) Phase 3: Adjust pointers 1.772ms
[314.490s][info][gc,phases,start] GC(550) Phase 4: Compact heap
[314.492s][info][gc,phases      ] GC(550) Phase 4: Compact heap 1.822ms
[314.494s][info][gc,heap        ] GC(550) Eden regions: 1150->0(1228)
[314.494s][info][gc,heap        ] GC(550) Survivor regions: 29->0(154)
[314.494s][info][gc,heap        ] GC(550) Old regions: 5->5
[314.494s][info][gc,heap        ] GC(550) Humongous regions: 22->0
[314.494s][info][gc,metaspace   ] GC(550) Metaspace: 18082K(18944K)->18082K(18944K) NonClass: 16027K(16640K)->16027K(16640K) Class: 2054K(2304K)->2054K(2304K)
[314.494s][info][gc             ] GC(550) Pause Full (System.gc()) 1204M->3M(2048M) 10.409ms
[314.494s][info][gc,cpu         ] GC(550) User=0.00s Sys=0.00s Real=0.00s
[314.836s][info][gc,start       ] GC(551) Pause Young (Normal) (G1 Evacuation Pause)
[314.836s][info][gc,task        ] GC(551) Using 6 workers of 6 for evacuation
[314.839s][info][gc,phases      ] GC(551)   Pre Evacuate Collection Set: 0.0ms
[314.839s][info][gc,phases      ] GC(551)   Evacuate Collection Set: 2.1ms
[314.839s][info][gc,phases      ] GC(551)   Post Evacuate Collection Set: 0.9ms
[314.839s][info][gc,phases      ] GC(551)   Other: 0.2ms
[314.839s][info][gc,heap        ] GC(551) Eden regions: 1228->0(1222)
[314.839s][info][gc,heap        ] GC(551) Survivor regions: 0->6(154)
[314.839s][info][gc,heap        ] GC(551) Old regions: 5->5
[314.839s][info][gc,heap        ] GC(551) Humongous regions: 0->0
[314.839s][info][gc,metaspace   ] GC(551) Metaspace: 18082K(18944K)->18082K(18944K) NonClass: 16027K(16640K)->16027K(16640K) Class: 2054K(2304K)->2054K(2304K)
[314.839s][info][gc             ] GC(551) Pause Young (Normal) (G1 Evacuation Pause) 1231M->9M(2048M) 3.359ms
[314.839s][info][gc,cpu         ] GC(551) User=0.00s Sys=0.00s Real=0.01s
[315.234s][info][gc,start       ] GC(552) Pause Young (Normal) (G1 Evacuation Pause)
[315.234s][info][gc,task        ] GC(552) Using 6 workers of 6 for evacuation
[315.238s][info][gc,phases      ] GC(552)   Pre Evacuate Collection Set: 0.0ms
[315.238s][info][gc,phases      ] GC(552)   Evacuate Collection Set: 3.0ms
[315.238s][info][gc,phases      ] GC(552)   Post Evacuate Collection Set: 1.0ms
[315.238s][info][gc,phases      ] GC(552)   Other: 0.3ms
[315.238s][info][gc,heap        ] GC(552) Eden regions: 1222->0(1220)
[315.238s][info][gc,heap        ] GC(552) Survivor regions: 6->8(154)
[315.238s][info][gc,heap        ] GC(552) Old regions: 5->5
[315.238s][info][gc,heap        ] GC(552) Humongous regions: 0->0
[315.238s][info][gc,metaspace   ] GC(552) Metaspace: 18082K(18944K)->18082K(18944K) NonClass: 16027K(16640K)->16027K(16640K) Class: 2054K(2304K)->2054K(2304K)
[315.238s][info][gc             ] GC(552) Pause Young (Normal) (G1 Evacuation Pause) 1231M->11M(2048M) 4.464ms
[315.238s][info][gc,cpu         ] GC(552) User=0.02s Sys=0.00s Real=0.02s
[315.737s][info][gc,start       ] GC(553) Pause Young (Normal) (G1 Evacuation Pause)
[315.737s][info][gc,task        ] GC(553) Using 6 workers of 6 for evacuation
[315.744s][info][gc,phases      ] GC(553)   Pre Evacuate Collection Set: 0.1ms
[315.744s][info][gc,phases      ] GC(553)   Evacuate Collection Set: 5.7ms
[315.744s][info][gc,phases      ] GC(553)   Post Evacuate Collection Set: 1.0ms
[315.744s][info][gc,phases      ] GC(553)   Other: 0.3ms
[315.744s][info][gc,heap        ] GC(553) Eden regions: 1220->0(1216)
[315.744s][info][gc,heap        ] GC(553) Survivor regions: 8->12(154)
[315.744s][info][gc,heap        ] GC(553) Old regions: 5->5
[315.744s][info][gc,heap        ] GC(553) Humongous regions: 0->0
[315.744s][info][gc,metaspace   ] GC(553) Metaspace: 18082K(18944K)->18082K(18944K) NonClass: 16027K(16640K)->16027K(16640K) Class: 2054K(2304K)->2054K(2304K)
[315.744s][info][gc             ] GC(553) Pause Young (Normal) (G1 Evacuation Pause) 1231M->15M(2048M) 7.182ms
[315.744s][info][gc,cpu         ] GC(553) User=0.02s Sys=0.00s Real=0.02s
[316.352s][info][gc,start       ] GC(554) Pause Young (Normal) (G1 Evacuation Pause)
[316.352s][info][gc,task        ] GC(554) Using 6 workers of 6 for evacuation
[316.364s][info][gc,phases      ] GC(554)   Pre Evacuate Collection Set: 0.0ms
[316.364s][info][gc,phases      ] GC(554)   Evacuate Collection Set: 10.4ms
[316.364s][info][gc,phases      ] GC(554)   Post Evacuate Collection Set: 0.9ms
[316.364s][info][gc,phases      ] GC(554)   Other: 0.2ms
[316.364s][info][gc,heap        ] GC(554) Eden regions: 1216->0(1203)
[316.364s][info][gc,heap        ] GC(554) Survivor regions: 12->25(154)
[316.364s][info][gc,heap        ] GC(554) Old regions: 5->5
[316.364s][info][gc,heap        ] GC(554) Humongous regions: 3->3
[316.364s][info][gc,metaspace   ] GC(554) Metaspace: 18082K(18944K)->18082K(18944K) NonClass: 16027K(16640K)->16027K(16640K) Class: 2054K(2304K)->2054K(2304K)
[316.364s][info][gc             ] GC(554) Pause Young (Normal) (G1 Evacuation Pause) 1234M->31M(2048M) 11.652ms
[316.364s][info][gc,cpu         ] GC(554) User=0.00s Sys=0.00s Real=0.00s
[316.939s][info][gc,start       ] GC(555) Pause Young (Normal) (G1 Evacuation Pause)
[316.939s][info][gc,task        ] GC(555) Using 6 workers of 6 for evacuation
[316.949s][info][gc,phases      ] GC(555)   Pre Evacuate Collection Set: 0.0ms
[316.949s][info][gc,phases      ] GC(555)   Evacuate Collection Set: 8.9ms
[316.949s][info][gc,phases      ] GC(555)   Post Evacuate Collection Set: 1.0ms
[316.949s][info][gc,phases      ] GC(555)   Other: 0.2ms
[316.949s][info][gc,heap        ] GC(555) Eden regions: 1203->0(1199)
[316.949s][info][gc,heap        ] GC(555) Survivor regions: 25->29(154)
[316.949s][info][gc,heap        ] GC(555) Old regions: 5->5
[316.949s][info][gc,heap        ] GC(555) Humongous regions: 3->3
[316.949s][info][gc,metaspace   ] GC(555) Metaspace: 18082K(18944K)->18082K(18944K) NonClass: 16027K(16640K)->16027K(16640K) Class: 2054K(2304K)->2054K(2304K)
[316.949s][info][gc             ] GC(555) Pause Young (Normal) (G1 Evacuation Pause) 1234M->35M(2048M) 10.237ms
[316.949s][info][gc,cpu         ] GC(555) User=0.02s Sys=0.00s Real=0.02s
[317.798s][info][gc,task        ] GC(556) Using 6 workers of 6 for full compaction
[317.798s][info][gc,start       ] GC(556) Pause Full (System.gc())
[317.798s][info][gc,phases,start] GC(556) Phase 1: Mark live objects
[317.801s][info][gc,stringtable ] GC(556) Cleaned string and symbol table, strings: 5678 processed, 0 removed, symbols: 53749 processed, 0 removed
[317.801s][info][gc,phases      ] GC(556) Phase 1: Mark live objects 2.449ms
[317.801s][info][gc,phases,start] GC(556) Phase 2: Prepare for compaction
[317.803s][info][gc,phases      ] GC(556) Phase 2: Prepare for compaction 2.208ms
[317.803s][info][gc,phases,start] GC(556) Phase 3: Adjust pointers
[317.805s][info][gc,phases      ] GC(556) Phase 3: Adjust pointers 2.113ms
[317.805s][info][gc,phases,start] GC(556) Phase 4: Compact heap
[317.807s][info][gc,phases      ] GC(556) Phase 4: Compact heap 1.783ms
[317.809s][info][gc,heap        ] GC(556) Eden regions: 1150->0(1228)
[317.809s][info][gc,heap        ] GC(556) Survivor regions: 29->0(154)
[317.809s][info][gc,heap        ] GC(556) Old regions: 5->5
[317.809s][info][gc,heap        ] GC(556) Humongous regions: 22->0
[317.809s][info][gc,metaspace   ] GC(556) Metaspace: 18082K(18944K)->18082K(18944K) NonClass: 16027K(16640K)->16027K(16640K) Class: 2054K(2304K)->2054K(2304K)
[317.809s][info][gc             ] GC(556) Pause Full (System.gc()) 1204M->3M(2048M) 10.750ms
[317.809s][info][gc,cpu         ] GC(556) User=0.00s Sys=0.00s Real=0.00s
[318.207s][info][gc,start       ] GC(557) Pause Young (Normal) (G1 Evacuation Pause)
[318.207s][info][gc,task        ] GC(557) Using 6 workers of 6 for evacuation
[318.210s][info][gc,phases      ] GC(557)   Pre Evacuate Collection Set: 0.0ms
[318.210s][info][gc,phases      ] GC(557)   Evacuate Collection Set: 2.1ms
[318.210s][info][gc,phases      ] GC(557)   Post Evacuate Collection Set: 0.9ms
[318.210s][info][gc,phases      ] GC(557)   Other: 0.2ms
[318.210s][info][gc,heap        ] GC(557) Eden regions: 1228->0(1223)
[318.210s][info][gc,heap        ] GC(557) Survivor regions: 0->5(154)
[318.210s][info][gc,heap        ] GC(557) Old regions: 5->5
[318.210s][info][gc,heap        ] GC(557) Humongous regions: 0->0
[318.210s][info][gc,metaspace   ] GC(557) Metaspace: 18082K(18944K)->18082K(18944K) NonClass: 16027K(16640K)->16027K(16640K) Class: 2054K(2304K)->2054K(2304K)
[318.210s][info][gc             ] GC(557) Pause Young (Normal) (G1 Evacuation Pause) 1231M->8M(2048M) 3.298ms
[318.210s][info][gc,cpu         ] GC(557) User=0.00s Sys=0.00s Real=0.00s
[318.579s][info][gc,start       ] GC(558) Pause Young (Normal) (G1 Evacuation Pause)
[318.579s][info][gc,task        ] GC(558) Using 6 workers of 6 for evacuation
[318.583s][info][gc,phases      ] GC(558)   Pre Evacuate Collection Set: 0.0ms
[318.583s][info][gc,phases      ] GC(558)   Evacuate Collection Set: 3.2ms
[318.583s][info][gc,phases      ] GC(558)   Post Evacuate Collection Set: 1.0ms
[318.583s][info][gc,phases      ] GC(558)   Other: 0.2ms
[318.583s][info][gc,heap        ] GC(558) Eden regions: 1223->0(1220)
[318.583s][info][gc,heap        ] GC(558) Survivor regions: 5->8(154)
[318.583s][info][gc,heap        ] GC(558) Old regions: 5->5
[318.583s][info][gc,heap        ] GC(558) Humongous regions: 0->0
[318.583s][info][gc,metaspace   ] GC(558) Metaspace: 18082K(18944K)->18082K(18944K) NonClass: 16027K(16640K)->16027K(16640K) Class: 2054K(2304K)->2054K(2304K)
[318.583s][info][gc             ] GC(558) Pause Young (Normal) (G1 Evacuation Pause) 1231M->11M(2048M) 4.596ms
[318.583s][info][gc,cpu         ] GC(558) User=0.02s Sys=0.00s Real=0.02s
[319.089s][info][gc,start       ] GC(559) Pause Young (Normal) (G1 Evacuation Pause)
[319.089s][info][gc,task        ] GC(559) Using 6 workers of 6 for evacuation
[319.095s][info][gc,phases      ] GC(559)   Pre Evacuate Collection Set: 0.0ms
[319.096s][info][gc,phases      ] GC(559)   Evacuate Collection Set: 5.2ms
[319.096s][info][gc,phases      ] GC(559)   Post Evacuate Collection Set: 1.0ms
[319.096s][info][gc,phases      ] GC(559)   Other: 0.2ms
[319.096s][info][gc,heap        ] GC(559) Eden regions: 1220->0(1216)
[319.096s][info][gc,heap        ] GC(559) Survivor regions: 8->12(154)
[319.096s][info][gc,heap        ] GC(559) Old regions: 5->5
[319.096s][info][gc,heap        ] GC(559) Humongous regions: 0->0
[319.096s][info][gc,metaspace   ] GC(559) Metaspace: 18082K(18944K)->18082K(18944K) NonClass: 16027K(16640K)->16027K(16640K) Class: 2054K(2304K)->2054K(2304K)
[319.096s][info][gc             ] GC(559) Pause Young (Normal) (G1 Evacuation Pause) 1231M->15M(2048M) 6.556ms
[319.096s][info][gc,cpu         ] GC(559) User=0.00s Sys=0.00s Real=0.00s
[319.704s][info][gc,start       ] GC(560) Pause Young (Normal) (G1 Evacuation Pause)
[319.704s][info][gc,task        ] GC(560) Using 6 workers of 6 for evacuation
[319.716s][info][gc,phases      ] GC(560)   Pre Evacuate Collection Set: 0.0ms
[319.716s][info][gc,phases      ] GC(560)   Evacuate Collection Set: 10.6ms
[319.716s][info][gc,phases      ] GC(560)   Post Evacuate Collection Set: 0.9ms
[319.716s][info][gc,phases      ] GC(560)   Other: 0.2ms
[319.716s][info][gc,heap        ] GC(560) Eden regions: 1216->0(1203)
[319.716s][info][gc,heap        ] GC(560) Survivor regions: 12->25(154)
[319.716s][info][gc,heap        ] GC(560) Old regions: 5->5
[319.716s][info][gc,heap        ] GC(560) Humongous regions: 3->3
[319.716s][info][gc,metaspace   ] GC(560) Metaspace: 18082K(18944K)->18082K(18944K) NonClass: 16027K(16640K)->16027K(16640K) Class: 2054K(2304K)->2054K(2304K)
[319.716s][info][gc             ] GC(560) Pause Young (Normal) (G1 Evacuation Pause) 1234M->31M(2048M) 11.863ms
[319.716s][info][gc,cpu         ] GC(560) User=0.02s Sys=0.00s Real=0.02s
[320.289s][info][gc,start       ] GC(561) Pause Young (Normal) (G1 Evacuation Pause)
[320.289s][info][gc,task        ] GC(561) Using 6 workers of 6 for evacuation
[320.299s][info][gc,phases      ] GC(561)   Pre Evacuate Collection Set: 0.0ms
[320.299s][info][gc,phases      ] GC(561)   Evacuate Collection Set: 8.8ms
[320.299s][info][gc,phases      ] GC(561)   Post Evacuate Collection Set: 1.1ms
[320.299s][info][gc,phases      ] GC(561)   Other: 0.2ms
[320.299s][info][gc,heap        ] GC(561) Eden regions: 1203->0(1199)
[320.299s][info][gc,heap        ] GC(561) Survivor regions: 25->29(154)
[320.299s][info][gc,heap        ] GC(561) Old regions: 5->5
[320.299s][info][gc,heap        ] GC(561) Humongous regions: 3->3
[320.299s][info][gc,metaspace   ] GC(561) Metaspace: 18082K(18944K)->18082K(18944K) NonClass: 16027K(16640K)->16027K(16640K) Class: 2054K(2304K)->2054K(2304K)
[320.299s][info][gc             ] GC(561) Pause Young (Normal) (G1 Evacuation Pause) 1234M->35M(2048M) 10.304ms
[320.299s][info][gc,cpu         ] GC(561) User=0.02s Sys=0.00s Real=0.02s
[321.159s][info][gc,task        ] GC(562) Using 6 workers of 6 for full compaction
[321.159s][info][gc,start       ] GC(562) Pause Full (System.gc())
[321.160s][info][gc,phases,start] GC(562) Phase 1: Mark live objects
[321.162s][info][gc,stringtable ] GC(562) Cleaned string and symbol table, strings: 5678 processed, 0 removed, symbols: 53749 processed, 0 removed
[321.162s][info][gc,phases      ] GC(562) Phase 1: Mark live objects 2.629ms
[321.162s][info][gc,phases,start] GC(562) Phase 2: Prepare for compaction
[321.164s][info][gc,phases      ] GC(562) Phase 2: Prepare for compaction 2.046ms
[321.164s][info][gc,phases,start] GC(562) Phase 3: Adjust pointers
[321.166s][info][gc,phases      ] GC(562) Phase 3: Adjust pointers 1.941ms
[321.166s][info][gc,phases,start] GC(562) Phase 4: Compact heap
[321.168s][info][gc,phases      ] GC(562) Phase 4: Compact heap 1.959ms
[321.170s][info][gc,heap        ] GC(562) Eden regions: 1149->0(1228)
[321.171s][info][gc,heap        ] GC(562) Survivor regions: 29->0(154)
[321.171s][info][gc,heap        ] GC(562) Old regions: 5->5
[321.171s][info][gc,heap        ] GC(562) Humongous regions: 22->0
[321.171s][info][gc,metaspace   ] GC(562) Metaspace: 18082K(18944K)->18082K(18944K) NonClass: 16027K(16640K)->16027K(16640K) Class: 2054K(2304K)->2054K(2304K)
[321.171s][info][gc             ] GC(562) Pause Full (System.gc()) 1203M->3M(2048M) 11.074ms
[321.171s][info][gc,cpu         ] GC(562) User=0.00s Sys=0.00s Real=0.02s
[321.504s][info][gc,start       ] GC(563) Pause Young (Normal) (G1 Evacuation Pause)
[321.504s][info][gc,task        ] GC(563) Using 6 workers of 6 for evacuation
[321.507s][info][gc,phases      ] GC(563)   Pre Evacuate Collection Set: 0.0ms
[321.507s][info][gc,phases      ] GC(563)   Evacuate Collection Set: 2.1ms
[321.507s][info][gc,phases      ] GC(563)   Post Evacuate Collection Set: 0.8ms
[321.508s][info][gc,phases      ] GC(563)   Other: 0.3ms
[321.508s][info][gc,heap        ] GC(563) Eden regions: 1228->0(1223)
[321.508s][info][gc,heap        ] GC(563) Survivor regions: 0->5(154)
[321.508s][info][gc,heap        ] GC(563) Old regions: 5->5
[321.508s][info][gc,heap        ] GC(563) Humongous regions: 0->0
[321.508s][info][gc,metaspace   ] GC(563) Metaspace: 18082K(18944K)->18082K(18944K) NonClass: 16027K(16640K)->16027K(16640K) Class: 2054K(2304K)->2054K(2304K)
[321.508s][info][gc             ] GC(563) Pause Young (Normal) (G1 Evacuation Pause) 1231M->8M(2048M) 3.368ms
[321.508s][info][gc,cpu         ] GC(563) User=0.00s Sys=0.00s Real=0.00s
[321.932s][info][gc,start       ] GC(564) Pause Young (Normal) (G1 Evacuation Pause)
[321.932s][info][gc,task        ] GC(564) Using 6 workers of 6 for evacuation
[321.936s][info][gc,phases      ] GC(564)   Pre Evacuate Collection Set: 0.0ms
[321.937s][info][gc,phases      ] GC(564)   Evacuate Collection Set: 3.1ms
[321.937s][info][gc,phases      ] GC(564)   Post Evacuate Collection Set: 1.0ms
[321.937s][info][gc,phases      ] GC(564)   Other: 0.2ms
[321.937s][info][gc,heap        ] GC(564) Eden regions: 1223->0(1220)
[321.937s][info][gc,heap        ] GC(564) Survivor regions: 5->8(154)
[321.937s][info][gc,heap        ] GC(564) Old regions: 5->5
[321.937s][info][gc,heap        ] GC(564) Humongous regions: 0->0
[321.937s][info][gc,metaspace   ] GC(564) Metaspace: 18082K(18944K)->18082K(18944K) NonClass: 16027K(16640K)->16027K(16640K) Class: 2054K(2304K)->2054K(2304K)
[321.937s][info][gc             ] GC(564) Pause Young (Normal) (G1 Evacuation Pause) 1231M->11M(2048M) 4.433ms
[321.937s][info][gc,cpu         ] GC(564) User=0.00s Sys=0.00s Real=0.00s
[322.473s][info][gc,start       ] GC(565) Pause Young (Normal) (G1 Evacuation Pause)
[322.473s][info][gc,task        ] GC(565) Using 6 workers of 6 for evacuation
[322.480s][info][gc,phases      ] GC(565)   Pre Evacuate Collection Set: 0.0ms
[322.480s][info][gc,phases      ] GC(565)   Evacuate Collection Set: 5.9ms
[322.480s][info][gc,phases      ] GC(565)   Post Evacuate Collection Set: 1.1ms
[322.480s][info][gc,phases      ] GC(565)   Other: 0.2ms
[322.480s][info][gc,heap        ] GC(565) Eden regions: 1220->0(1216)
[322.480s][info][gc,heap        ] GC(565) Survivor regions: 8->12(154)
[322.480s][info][gc,heap        ] GC(565) Old regions: 5->5
[322.480s][info][gc,heap        ] GC(565) Humongous regions: 0->0
[322.480s][info][gc,metaspace   ] GC(565) Metaspace: 18082K(18944K)->18082K(18944K) NonClass: 16027K(16640K)->16027K(16640K) Class: 2054K(2304K)->2054K(2304K)
[322.480s][info][gc             ] GC(565) Pause Young (Normal) (G1 Evacuation Pause) 1231M->15M(2048M) 7.358ms
[322.480s][info][gc,cpu         ] GC(565) User=0.00s Sys=0.00s Real=0.00s
[323.091s][info][gc,start       ] GC(566) Pause Young (Normal) (G1 Evacuation Pause)
[323.091s][info][gc,task        ] GC(566) Using 6 workers of 6 for evacuation
[323.103s][info][gc,phases      ] GC(566)   Pre Evacuate Collection Set: 0.0ms
[323.103s][info][gc,phases      ] GC(566)   Evacuate Collection Set: 11.2ms
[323.103s][info][gc,phases      ] GC(566)   Post Evacuate Collection Set: 0.7ms
[323.103s][info][gc,phases      ] GC(566)   Other: 0.3ms
[323.103s][info][gc,heap        ] GC(566) Eden regions: 1216->0(1203)
[323.103s][info][gc,heap        ] GC(566) Survivor regions: 12->25(154)
[323.103s][info][gc,heap        ] GC(566) Old regions: 5->5
[323.103s][info][gc,heap        ] GC(566) Humongous regions: 3->3
[323.103s][info][gc,metaspace   ] GC(566) Metaspace: 18082K(18944K)->18082K(18944K) NonClass: 16027K(16640K)->16027K(16640K) Class: 2054K(2304K)->2054K(2304K)
[323.103s][info][gc             ] GC(566) Pause Young (Normal) (G1 Evacuation Pause) 1234M->31M(2048M) 12.339ms
[323.103s][info][gc,cpu         ] GC(566) User=0.02s Sys=0.00s Real=0.02s
[323.679s][info][gc,start       ] GC(567) Pause Young (Normal) (G1 Evacuation Pause)
[323.679s][info][gc,task        ] GC(567) Using 6 workers of 6 for evacuation
[323.690s][info][gc,phases      ] GC(567)   Pre Evacuate Collection Set: 0.1ms
[323.690s][info][gc,phases      ] GC(567)   Evacuate Collection Set: 8.8ms
[323.690s][info][gc,phases      ] GC(567)   Post Evacuate Collection Set: 1.2ms
[323.690s][info][gc,phases      ] GC(567)   Other: 0.4ms
[323.690s][info][gc,heap        ] GC(567) Eden regions: 1203->0(1200)
[323.690s][info][gc,heap        ] GC(567) Survivor regions: 25->28(154)
[323.690s][info][gc,heap        ] GC(567) Old regions: 5->5
[323.690s][info][gc,heap        ] GC(567) Humongous regions: 3->3
[323.690s][info][gc,metaspace   ] GC(567) Metaspace: 18082K(18944K)->18082K(18944K) NonClass: 16027K(16640K)->16027K(16640K) Class: 2054K(2304K)->2054K(2304K)
[323.690s][info][gc             ] GC(567) Pause Young (Normal) (G1 Evacuation Pause) 1234M->34M(2048M) 10.523ms
[323.690s][info][gc,cpu         ] GC(567) User=0.02s Sys=0.00s Real=0.02s
[324.541s][info][gc,task        ] GC(568) Using 6 workers of 6 for full compaction
[324.541s][info][gc,start       ] GC(568) Pause Full (System.gc())
[324.541s][info][gc,phases,start] GC(568) Phase 1: Mark live objects
[324.544s][info][gc,stringtable ] GC(568) Cleaned string and symbol table, strings: 5678 processed, 0 removed, symbols: 53749 processed, 0 removed
[324.544s][info][gc,phases      ] GC(568) Phase 1: Mark live objects 2.584ms
[324.544s][info][gc,phases,start] GC(568) Phase 2: Prepare for compaction
[324.546s][info][gc,phases      ] GC(568) Phase 2: Prepare for compaction 2.165ms
[324.546s][info][gc,phases,start] GC(568) Phase 3: Adjust pointers
[324.548s][info][gc,phases      ] GC(568) Phase 3: Adjust pointers 2.303ms
[324.548s][info][gc,phases,start] GC(568) Phase 4: Compact heap
[324.550s][info][gc,phases      ] GC(568) Phase 4: Compact heap 1.764ms
[324.552s][info][gc,heap        ] GC(568) Eden regions: 1149->0(1228)
[324.552s][info][gc,heap        ] GC(568) Survivor regions: 28->0(154)
[324.552s][info][gc,heap        ] GC(568) Old regions: 5->8
[324.552s][info][gc,heap        ] GC(568) Humongous regions: 22->0
[324.552s][info][gc,metaspace   ] GC(568) Metaspace: 18082K(18944K)->18082K(18944K) NonClass: 16027K(16640K)->16027K(16640K) Class: 2054K(2304K)->2054K(2304K)
[324.552s][info][gc             ] GC(568) Pause Full (System.gc()) 1202M->3M(2048M) 11.062ms
[324.552s][info][gc,cpu         ] GC(568) User=0.03s Sys=0.00s Real=0.02s
[324.906s][info][gc,start       ] GC(569) Pause Young (Normal) (G1 Evacuation Pause)
[324.906s][info][gc,task        ] GC(569) Using 6 workers of 6 for evacuation
[324.909s][info][gc,phases      ] GC(569)   Pre Evacuate Collection Set: 0.0ms
[324.910s][info][gc,phases      ] GC(569)   Evacuate Collection Set: 2.2ms
[324.910s][info][gc,phases      ] GC(569)   Post Evacuate Collection Set: 1.1ms
[324.910s][info][gc,phases      ] GC(569)   Other: 0.2ms
[324.910s][info][gc,heap        ] GC(569) Eden regions: 1228->0(1222)
[324.910s][info][gc,heap        ] GC(569) Survivor regions: 0->6(154)
[324.910s][info][gc,heap        ] GC(569) Old regions: 8->8
[324.910s][info][gc,heap        ] GC(569) Humongous regions: 0->0
[324.910s][info][gc,metaspace   ] GC(569) Metaspace: 18082K(18944K)->18082K(18944K) NonClass: 16027K(16640K)->16027K(16640K) Class: 2054K(2304K)->2054K(2304K)
[324.910s][info][gc             ] GC(569) Pause Young (Normal) (G1 Evacuation Pause) 1231M->9M(2048M) 3.576ms
[324.910s][info][gc,cpu         ] GC(569) User=0.00s Sys=0.02s Real=0.02s
[325.381s][info][gc,start       ] GC(570) Pause Young (Normal) (G1 Evacuation Pause)
[325.381s][info][gc,task        ] GC(570) Using 6 workers of 6 for evacuation
[325.385s][info][gc,phases      ] GC(570)   Pre Evacuate Collection Set: 0.1ms
[325.385s][info][gc,phases      ] GC(570)   Evacuate Collection Set: 3.3ms
[325.385s][info][gc,phases      ] GC(570)   Post Evacuate Collection Set: 0.9ms
[325.385s][info][gc,phases      ] GC(570)   Other: 0.3ms
[325.385s][info][gc,heap        ] GC(570) Eden regions: 1222->0(1220)
[325.385s][info][gc,heap        ] GC(570) Survivor regions: 6->8(154)
[325.385s][info][gc,heap        ] GC(570) Old regions: 8->8
[325.385s][info][gc,heap        ] GC(570) Humongous regions: 0->0
[325.385s][info][gc,metaspace   ] GC(570) Metaspace: 18082K(18944K)->18082K(18944K) NonClass: 16027K(16640K)->16027K(16640K) Class: 2054K(2304K)->2054K(2304K)
[325.385s][info][gc             ] GC(570) Pause Young (Normal) (G1 Evacuation Pause) 1231M->11M(2048M) 4.714ms
[325.385s][info][gc,cpu         ] GC(570) User=0.00s Sys=0.00s Real=0.00s
[325.931s][info][gc,start       ] GC(571) Pause Young (Normal) (G1 Evacuation Pause)
[325.931s][info][gc,task        ] GC(571) Using 6 workers of 6 for evacuation
[325.938s][info][gc,phases      ] GC(571)   Pre Evacuate Collection Set: 0.0ms
[325.938s][info][gc,phases      ] GC(571)   Evacuate Collection Set: 5.2ms
[325.938s][info][gc,phases      ] GC(571)   Post Evacuate Collection Set: 1.0ms
[325.938s][info][gc,phases      ] GC(571)   Other: 0.3ms
[325.938s][info][gc,heap        ] GC(571) Eden regions: 1220->0(1216)
[325.938s][info][gc,heap        ] GC(571) Survivor regions: 8->12(154)
[325.938s][info][gc,heap        ] GC(571) Old regions: 8->8
[325.938s][info][gc,heap        ] GC(571) Humongous regions: 0->0
[325.938s][info][gc,metaspace   ] GC(571) Metaspace: 18082K(18944K)->18082K(18944K) NonClass: 16027K(16640K)->16027K(16640K) Class: 2054K(2304K)->2054K(2304K)
[325.938s][info][gc             ] GC(571) Pause Young (Normal) (G1 Evacuation Pause) 1231M->15M(2048M) 6.710ms
[325.938s][info][gc,cpu         ] GC(571) User=0.00s Sys=0.00s Real=0.00s
[326.548s][info][gc,start       ] GC(572) Pause Young (Normal) (G1 Evacuation Pause)
[326.548s][info][gc,task        ] GC(572) Using 6 workers of 6 for evacuation
[326.560s][info][gc,phases      ] GC(572)   Pre Evacuate Collection Set: 0.1ms
[326.560s][info][gc,phases      ] GC(572)   Evacuate Collection Set: 10.9ms
[326.560s][info][gc,phases      ] GC(572)   Post Evacuate Collection Set: 0.7ms
[326.560s][info][gc,phases      ] GC(572)   Other: 0.4ms
[326.560s][info][gc,heap        ] GC(572) Eden regions: 1216->0(1203)
[326.560s][info][gc,heap        ] GC(572) Survivor regions: 12->25(154)
[326.560s][info][gc,heap        ] GC(572) Old regions: 8->8
[326.560s][info][gc,heap        ] GC(572) Humongous regions: 3->3
[326.560s][info][gc,metaspace   ] GC(572) Metaspace: 18082K(18944K)->18082K(18944K) NonClass: 16027K(16640K)->16027K(16640K) Class: 2054K(2304K)->2054K(2304K)
[326.560s][info][gc             ] GC(572) Pause Young (Normal) (G1 Evacuation Pause) 1234M->31M(2048M) 12.187ms
[326.560s][info][gc,cpu         ] GC(572) User=0.02s Sys=0.00s Real=0.02s
[327.132s][info][gc,start       ] GC(573) Pause Young (Normal) (G1 Evacuation Pause)
[327.132s][info][gc,task        ] GC(573) Using 6 workers of 6 for evacuation
[327.142s][info][gc,phases      ] GC(573)   Pre Evacuate Collection Set: 0.0ms
[327.144s][info][gc,phases      ] GC(573)   Evacuate Collection Set: 8.7ms
[327.144s][info][gc,phases      ] GC(573)   Post Evacuate Collection Set: 1.1ms
[327.144s][info][gc,phases      ] GC(573)   Other: 0.3ms
[327.144s][info][gc,heap        ] GC(573) Eden regions: 1203->0(1200)
[327.144s][info][gc,heap        ] GC(573) Survivor regions: 25->28(154)
[327.144s][info][gc,heap        ] GC(573) Old regions: 8->8
[327.144s][info][gc,heap        ] GC(573) Humongous regions: 3->3
[327.144s][info][gc,metaspace   ] GC(573) Metaspace: 18082K(18944K)->18082K(18944K) NonClass: 16027K(16640K)->16027K(16640K) Class: 2054K(2304K)->2054K(2304K)
[327.144s][info][gc             ] GC(573) Pause Young (Normal) (G1 Evacuation Pause) 1234M->34M(2048M) 11.815ms
[327.144s][info][gc,cpu         ] GC(573) User=0.02s Sys=0.00s Real=0.02s
[327.996s][info][gc,task        ] GC(574) Using 6 workers of 6 for full compaction
[327.997s][info][gc,start       ] GC(574) Pause Full (System.gc())
[327.997s][info][gc,phases,start] GC(574) Phase 1: Mark live objects
[327.999s][info][gc,stringtable ] GC(574) Cleaned string and symbol table, strings: 5678 processed, 0 removed, symbols: 53749 processed, 0 removed
[327.999s][info][gc,phases      ] GC(574) Phase 1: Mark live objects 2.438ms
[327.999s][info][gc,phases,start] GC(574) Phase 2: Prepare for compaction
[328.001s][info][gc,phases      ] GC(574) Phase 2: Prepare for compaction 2.198ms
[328.001s][info][gc,phases,start] GC(574) Phase 3: Adjust pointers
[328.004s][info][gc,phases      ] GC(574) Phase 3: Adjust pointers 2.145ms
[328.004s][info][gc,phases,start] GC(574) Phase 4: Compact heap
[328.006s][info][gc,phases      ] GC(574) Phase 4: Compact heap 1.886ms
[328.008s][info][gc,heap        ] GC(574) Eden regions: 1150->0(1228)
[328.008s][info][gc,heap        ] GC(574) Survivor regions: 28->0(154)
[328.008s][info][gc,heap        ] GC(574) Old regions: 8->6
[328.008s][info][gc,heap        ] GC(574) Humongous regions: 22->0
[328.008s][info][gc,metaspace   ] GC(574) Metaspace: 18082K(18944K)->18082K(18944K) NonClass: 16027K(16640K)->16027K(16640K) Class: 2054K(2304K)->2054K(2304K)
[328.008s][info][gc             ] GC(574) Pause Full (System.gc()) 1203M->3M(2048M) 11.167ms
[328.008s][info][gc,cpu         ] GC(574) User=0.02s Sys=0.00s Real=0.02s
[328.357s][info][gc,start       ] GC(575) Pause Young (Normal) (G1 Evacuation Pause)
[328.357s][info][gc,task        ] GC(575) Using 6 workers of 6 for evacuation
[328.360s][info][gc,phases      ] GC(575)   Pre Evacuate Collection Set: 0.0ms
[328.360s][info][gc,phases      ] GC(575)   Evacuate Collection Set: 2.2ms
[328.360s][info][gc,phases      ] GC(575)   Post Evacuate Collection Set: 0.8ms
[328.360s][info][gc,phases      ] GC(575)   Other: 0.2ms
[328.360s][info][gc,heap        ] GC(575) Eden regions: 1228->0(1223)
[328.360s][info][gc,heap        ] GC(575) Survivor regions: 0->5(154)
[328.360s][info][gc,heap        ] GC(575) Old regions: 6->6
[328.360s][info][gc,heap        ] GC(575) Humongous regions: 0->0
[328.360s][info][gc,metaspace   ] GC(575) Metaspace: 18082K(18944K)->18082K(18944K) NonClass: 16027K(16640K)->16027K(16640K) Class: 2054K(2304K)->2054K(2304K)
[328.360s][info][gc             ] GC(575) Pause Young (Normal) (G1 Evacuation Pause) 1231M->8M(2048M) 3.411ms
[328.360s][info][gc,cpu         ] GC(575) User=0.00s Sys=0.00s Real=0.00s
[328.693s][info][gc,start       ] GC(576) Pause Young (Normal) (G1 Evacuation Pause)
[328.693s][info][gc,task        ] GC(576) Using 6 workers of 6 for evacuation
[328.698s][info][gc,phases      ] GC(576)   Pre Evacuate Collection Set: 0.0ms
[328.698s][info][gc,phases      ] GC(576)   Evacuate Collection Set: 3.0ms
[328.698s][info][gc,phases      ] GC(576)   Post Evacuate Collection Set: 1.0ms
[328.698s][info][gc,phases      ] GC(576)   Other: 0.2ms
[328.698s][info][gc,heap        ] GC(576) Eden regions: 1223->0(1220)
[328.698s][info][gc,heap        ] GC(576) Survivor regions: 5->8(154)
[328.698s][info][gc,heap        ] GC(576) Old regions: 6->6
[328.698s][info][gc,heap        ] GC(576) Humongous regions: 0->0
[328.698s][info][gc,metaspace   ] GC(576) Metaspace: 18082K(18944K)->18082K(18944K) NonClass: 16027K(16640K)->16027K(16640K) Class: 2054K(2304K)->2054K(2304K)
[328.698s][info][gc             ] GC(576) Pause Young (Normal) (G1 Evacuation Pause) 1231M->11M(2048M) 4.340ms
[328.698s][info][gc,cpu         ] GC(576) User=0.00s Sys=0.00s Real=0.00s
[329.202s][info][gc,start       ] GC(577) Pause Young (Normal) (G1 Evacuation Pause)
[329.202s][info][gc,task        ] GC(577) Using 6 workers of 6 for evacuation
[329.209s][info][gc,phases      ] GC(577)   Pre Evacuate Collection Set: 0.0ms
[329.209s][info][gc,phases      ] GC(577)   Evacuate Collection Set: 5.4ms
[329.209s][info][gc,phases      ] GC(577)   Post Evacuate Collection Set: 1.0ms
[329.209s][info][gc,phases      ] GC(577)   Other: 0.2ms
[329.209s][info][gc,heap        ] GC(577) Eden regions: 1220->0(1216)
[329.209s][info][gc,heap        ] GC(577) Survivor regions: 8->12(154)
[329.209s][info][gc,heap        ] GC(577) Old regions: 6->6
[329.209s][info][gc,heap        ] GC(577) Humongous regions: 0->0
[329.209s][info][gc,metaspace   ] GC(577) Metaspace: 18082K(18944K)->18082K(18944K) NonClass: 16027K(16640K)->16027K(16640K) Class: 2054K(2304K)->2054K(2304K)
[329.209s][info][gc             ] GC(577) Pause Young (Normal) (G1 Evacuation Pause) 1231M->15M(2048M) 6.698ms
[329.209s][info][gc,cpu         ] GC(577) User=0.00s Sys=0.00s Real=0.00s
[329.816s][info][gc,start       ] GC(578) Pause Young (Normal) (G1 Evacuation Pause)
[329.816s][info][gc,task        ] GC(578) Using 6 workers of 6 for evacuation
[329.828s][info][gc,phases      ] GC(578)   Pre Evacuate Collection Set: 0.0ms
[329.828s][info][gc,phases      ] GC(578)   Evacuate Collection Set: 10.7ms
[329.828s][info][gc,phases      ] GC(578)   Post Evacuate Collection Set: 0.8ms
[329.828s][info][gc,phases      ] GC(578)   Other: 0.2ms
[329.828s][info][gc,heap        ] GC(578) Eden regions: 1216->0(1203)
[329.828s][info][gc,heap        ] GC(578) Survivor regions: 12->25(154)
[329.828s][info][gc,heap        ] GC(578) Old regions: 6->6
[329.828s][info][gc,heap        ] GC(578) Humongous regions: 3->3
[329.828s][info][gc,metaspace   ] GC(578) Metaspace: 18082K(18944K)->18082K(18944K) NonClass: 16027K(16640K)->16027K(16640K) Class: 2054K(2304K)->2054K(2304K)
[329.828s][info][gc             ] GC(578) Pause Young (Normal) (G1 Evacuation Pause) 1234M->31M(2048M) 11.916ms
[329.828s][info][gc,cpu         ] GC(578) User=0.02s Sys=0.00s Real=0.02s
[330.401s][info][gc,start       ] GC(579) Pause Young (Normal) (G1 Evacuation Pause)
[330.401s][info][gc,task        ] GC(579) Using 6 workers of 6 for evacuation
[330.412s][info][gc,phases      ] GC(579)   Pre Evacuate Collection Set: 0.1ms
[330.412s][info][gc,phases      ] GC(579)   Evacuate Collection Set: 8.9ms
[330.412s][info][gc,phases      ] GC(579)   Post Evacuate Collection Set: 1.1ms
[330.412s][info][gc,phases      ] GC(579)   Other: 0.4ms
[330.412s][info][gc,heap        ] GC(579) Eden regions: 1203->0(1199)
[330.412s][info][gc,heap        ] GC(579) Survivor regions: 25->29(154)
[330.412s][info][gc,heap        ] GC(579) Old regions: 6->6
[330.412s][info][gc,heap        ] GC(579) Humongous regions: 3->3
[330.412s][info][gc,metaspace   ] GC(579) Metaspace: 18082K(18944K)->18082K(18944K) NonClass: 16027K(16640K)->16027K(16640K) Class: 2054K(2304K)->2054K(2304K)
[330.412s][info][gc             ] GC(579) Pause Young (Normal) (G1 Evacuation Pause) 1234M->35M(2048M) 10.558ms
[330.412s][info][gc,cpu         ] GC(579) User=0.02s Sys=0.00s Real=0.01s
[331.263s][info][gc,task        ] GC(580) Using 6 workers of 6 for full compaction
[331.263s][info][gc,start       ] GC(580) Pause Full (System.gc())
[331.263s][info][gc,phases,start] GC(580) Phase 1: Mark live objects
[331.266s][info][gc,stringtable ] GC(580) Cleaned string and symbol table, strings: 5678 processed, 0 removed, symbols: 53749 processed, 0 removed
[331.266s][info][gc,phases      ] GC(580) Phase 1: Mark live objects 2.651ms
[331.266s][info][gc,phases,start] GC(580) Phase 2: Prepare for compaction
[331.268s][info][gc,phases      ] GC(580) Phase 2: Prepare for compaction 2.005ms
[331.268s][info][gc,phases,start] GC(580) Phase 3: Adjust pointers
[331.270s][info][gc,phases      ] GC(580) Phase 3: Adjust pointers 2.052ms
[331.270s][info][gc,phases,start] GC(580) Phase 4: Compact heap
[331.272s][info][gc,phases      ] GC(580) Phase 4: Compact heap 2.082ms
[331.274s][info][gc,heap        ] GC(580) Eden regions: 1149->0(1228)
[331.274s][info][gc,heap        ] GC(580) Survivor regions: 29->0(154)
[331.274s][info][gc,heap        ] GC(580) Old regions: 6->5
[331.274s][info][gc,heap        ] GC(580) Humongous regions: 22->0
[331.274s][info][gc,metaspace   ] GC(580) Metaspace: 18084K(18944K)->18084K(18944K) NonClass: 16029K(16640K)->16029K(16640K) Class: 2054K(2304K)->2054K(2304K)
[331.274s][info][gc             ] GC(580) Pause Full (System.gc()) 1202M->3M(2048M) 11.280ms
[331.274s][info][gc,cpu         ] GC(580) User=0.00s Sys=0.00s Real=0.02s
[331.637s][info][gc,start       ] GC(581) Pause Young (Normal) (G1 Evacuation Pause)
[331.637s][info][gc,task        ] GC(581) Using 6 workers of 6 for evacuation
[331.640s][info][gc,phases      ] GC(581)   Pre Evacuate Collection Set: 0.0ms
[331.640s][info][gc,phases      ] GC(581)   Evacuate Collection Set: 2.0ms
[331.640s][info][gc,phases      ] GC(581)   Post Evacuate Collection Set: 0.9ms
[331.640s][info][gc,phases      ] GC(581)   Other: 0.2ms
[331.640s][info][gc,heap        ] GC(581) Eden regions: 1228->0(1222)
[331.640s][info][gc,heap        ] GC(581) Survivor regions: 0->6(154)
[331.640s][info][gc,heap        ] GC(581) Old regions: 5->5
[331.640s][info][gc,heap        ] GC(581) Humongous regions: 0->0
[331.640s][info][gc,metaspace   ] GC(581) Metaspace: 18089K(18944K)->18089K(18944K) NonClass: 16034K(16640K)->16034K(16640K) Class: 2054K(2304K)->2054K(2304K)
[331.640s][info][gc             ] GC(581) Pause Young (Normal) (G1 Evacuation Pause) 1231M->9M(2048M) 3.209ms
[331.640s][info][gc,cpu         ] GC(581) User=0.00s Sys=0.00s Real=0.00s
[332.104s][info][gc,start       ] GC(582) Pause Young (Normal) (G1 Evacuation Pause)
[332.104s][info][gc,task        ] GC(582) Using 6 workers of 6 for evacuation
[332.108s][info][gc,phases      ] GC(582)   Pre Evacuate Collection Set: 0.0ms
[332.108s][info][gc,phases      ] GC(582)   Evacuate Collection Set: 3.1ms
[332.108s][info][gc,phases      ] GC(582)   Post Evacuate Collection Set: 1.0ms
[332.108s][info][gc,phases      ] GC(582)   Other: 0.3ms
[332.108s][info][gc,heap        ] GC(582) Eden regions: 1222->0(1220)
[332.108s][info][gc,heap        ] GC(582) Survivor regions: 6->8(154)
[332.108s][info][gc,heap        ] GC(582) Old regions: 5->5
[332.108s][info][gc,heap        ] GC(582) Humongous regions: 0->0
[332.108s][info][gc,metaspace   ] GC(582) Metaspace: 18089K(18944K)->18089K(18944K) NonClass: 16034K(16640K)->16034K(16640K) Class: 2054K(2304K)->2054K(2304K)
[332.108s][info][gc             ] GC(582) Pause Young (Normal) (G1 Evacuation Pause) 1231M->11M(2048M) 4.490ms
[332.108s][info][gc,cpu         ] GC(582) User=0.00s Sys=0.00s Real=0.00s
[332.661s][info][gc,start       ] GC(583) Pause Young (Normal) (G1 Evacuation Pause)
[332.661s][info][gc,task        ] GC(583) Using 6 workers of 6 for evacuation
[332.668s][info][gc,phases      ] GC(583)   Pre Evacuate Collection Set: 0.0ms
[332.668s][info][gc,phases      ] GC(583)   Evacuate Collection Set: 5.3ms
[332.668s][info][gc,phases      ] GC(583)   Post Evacuate Collection Set: 1.0ms
[332.668s][info][gc,phases      ] GC(583)   Other: 0.3ms
[332.668s][info][gc,heap        ] GC(583) Eden regions: 1220->0(1216)
[332.668s][info][gc,heap        ] GC(583) Survivor regions: 8->12(154)
[332.668s][info][gc,heap        ] GC(583) Old regions: 5->5
[332.668s][info][gc,heap        ] GC(583) Humongous regions: 0->0
[332.668s][info][gc,metaspace   ] GC(583) Metaspace: 18089K(18944K)->18089K(18944K) NonClass: 16034K(16640K)->16034K(16640K) Class: 2054K(2304K)->2054K(2304K)
[332.668s][info][gc             ] GC(583) Pause Young (Normal) (G1 Evacuation Pause) 1231M->15M(2048M) 6.710ms
[332.668s][info][gc,cpu         ] GC(583) User=0.02s Sys=0.00s Real=0.02s
[333.275s][info][gc,start       ] GC(584) Pause Young (Normal) (G1 Evacuation Pause)
[333.275s][info][gc,task        ] GC(584) Using 6 workers of 6 for evacuation
[333.287s][info][gc,phases      ] GC(584)   Pre Evacuate Collection Set: 0.0ms
[333.287s][info][gc,phases      ] GC(584)   Evacuate Collection Set: 10.4ms
[333.287s][info][gc,phases      ] GC(584)   Post Evacuate Collection Set: 0.9ms
[333.287s][info][gc,phases      ] GC(584)   Other: 0.4ms
[333.287s][info][gc,heap        ] GC(584) Eden regions: 1216->0(1203)
[333.287s][info][gc,heap        ] GC(584) Survivor regions: 12->25(154)
[333.287s][info][gc,heap        ] GC(584) Old regions: 5->5
[333.287s][info][gc,heap        ] GC(584) Humongous regions: 3->3
[333.287s][info][gc,metaspace   ] GC(584) Metaspace: 18089K(18944K)->18089K(18944K) NonClass: 16034K(16640K)->16034K(16640K) Class: 2054K(2304K)->2054K(2304K)
[333.287s][info][gc             ] GC(584) Pause Young (Normal) (G1 Evacuation Pause) 1234M->31M(2048M) 11.815ms
[333.287s][info][gc,cpu         ] GC(584) User=0.03s Sys=0.00s Real=0.02s
[333.861s][info][gc,start       ] GC(585) Pause Young (Normal) (G1 Evacuation Pause)
[333.861s][info][gc,task        ] GC(585) Using 6 workers of 6 for evacuation
[333.871s][info][gc,phases      ] GC(585)   Pre Evacuate Collection Set: 0.0ms
[333.871s][info][gc,phases      ] GC(585)   Evacuate Collection Set: 8.7ms
[333.871s][info][gc,phases      ] GC(585)   Post Evacuate Collection Set: 1.0ms
[333.871s][info][gc,phases      ] GC(585)   Other: 0.2ms
[333.871s][info][gc,heap        ] GC(585) Eden regions: 1203->0(1199)
[333.871s][info][gc,heap        ] GC(585) Survivor regions: 25->29(154)
[333.871s][info][gc,heap        ] GC(585) Old regions: 5->5
[333.871s][info][gc,heap        ] GC(585) Humongous regions: 3->3
[333.871s][info][gc,metaspace   ] GC(585) Metaspace: 18089K(18944K)->18089K(18944K) NonClass: 16034K(16640K)->16034K(16640K) Class: 2054K(2304K)->2054K(2304K)
[333.871s][info][gc             ] GC(585) Pause Young (Normal) (G1 Evacuation Pause) 1234M->35M(2048M) 10.075ms
[333.871s][info][gc,cpu         ] GC(585) User=0.00s Sys=0.00s Real=0.00s
[334.721s][info][gc,task        ] GC(586) Using 6 workers of 6 for full compaction
[334.721s][info][gc,start       ] GC(586) Pause Full (System.gc())
[334.721s][info][gc,phases,start] GC(586) Phase 1: Mark live objects
[334.724s][info][gc,stringtable ] GC(586) Cleaned string and symbol table, strings: 5678 processed, 0 removed, symbols: 53749 processed, 0 removed
[334.724s][info][gc,phases      ] GC(586) Phase 1: Mark live objects 2.555ms
[334.724s][info][gc,phases,start] GC(586) Phase 2: Prepare for compaction
[334.726s][info][gc,phases      ] GC(586) Phase 2: Prepare for compaction 2.075ms
[334.726s][info][gc,phases,start] GC(586) Phase 3: Adjust pointers
[334.728s][info][gc,phases      ] GC(586) Phase 3: Adjust pointers 2.268ms
[334.728s][info][gc,phases,start] GC(586) Phase 4: Compact heap
[334.730s][info][gc,phases      ] GC(586) Phase 4: Compact heap 1.779ms
[334.732s][info][gc,heap        ] GC(586) Eden regions: 1149->0(1228)
[334.732s][info][gc,heap        ] GC(586) Survivor regions: 29->0(154)
[334.732s][info][gc,heap        ] GC(586) Old regions: 5->5
[334.732s][info][gc,heap        ] GC(586) Humongous regions: 22->0
[334.732s][info][gc,metaspace   ] GC(586) Metaspace: 18089K(18944K)->18089K(18944K) NonClass: 16034K(16640K)->16034K(16640K) Class: 2054K(2304K)->2054K(2304K)
[334.732s][info][gc             ] GC(586) Pause Full (System.gc()) 1202M->3M(2048M) 10.852ms
[334.732s][info][gc,cpu         ] GC(586) User=0.02s Sys=0.00s Real=0.02s
[335.204s][info][gc,start       ] GC(587) Pause Young (Normal) (G1 Evacuation Pause)
[335.204s][info][gc,task        ] GC(587) Using 6 workers of 6 for evacuation
[335.207s][info][gc,phases      ] GC(587)   Pre Evacuate Collection Set: 0.0ms
[335.207s][info][gc,phases      ] GC(587)   Evacuate Collection Set: 2.2ms
[335.207s][info][gc,phases      ] GC(587)   Post Evacuate Collection Set: 0.8ms
[335.207s][info][gc,phases      ] GC(587)   Other: 0.2ms
[335.207s][info][gc,heap        ] GC(587) Eden regions: 1228->0(1224)
[335.207s][info][gc,heap        ] GC(587) Survivor regions: 0->4(154)
[335.207s][info][gc,heap        ] GC(587) Old regions: 5->5
[335.207s][info][gc,heap        ] GC(587) Humongous regions: 0->0
[335.207s][info][gc,metaspace   ] GC(587) Metaspace: 18089K(18944K)->18089K(18944K) NonClass: 16034K(16640K)->16034K(16640K) Class: 2054K(2304K)->2054K(2304K)
[335.207s][info][gc             ] GC(587) Pause Young (Normal) (G1 Evacuation Pause) 1231M->7M(2048M) 3.281ms
[335.207s][info][gc,cpu         ] GC(587) User=0.00s Sys=0.00s Real=0.00s
[335.649s][info][gc,start       ] GC(588) Pause Young (Normal) (G1 Evacuation Pause)
[335.649s][info][gc,task        ] GC(588) Using 6 workers of 6 for evacuation
[335.653s][info][gc,phases      ] GC(588)   Pre Evacuate Collection Set: 0.0ms
[335.653s][info][gc,phases      ] GC(588)   Evacuate Collection Set: 3.1ms
[335.653s][info][gc,phases      ] GC(588)   Post Evacuate Collection Set: 1.0ms
[335.653s][info][gc,phases      ] GC(588)   Other: 0.3ms
[335.653s][info][gc,heap        ] GC(588) Eden regions: 1224->0(1220)
[335.653s][info][gc,heap        ] GC(588) Survivor regions: 4->8(154)
[335.653s][info][gc,heap        ] GC(588) Old regions: 5->5
[335.653s][info][gc,heap        ] GC(588) Humongous regions: 0->0
[335.653s][info][gc,metaspace   ] GC(588) Metaspace: 18089K(18944K)->18089K(18944K) NonClass: 16034K(16640K)->16034K(16640K) Class: 2054K(2304K)->2054K(2304K)
[335.653s][info][gc             ] GC(588) Pause Young (Normal) (G1 Evacuation Pause) 1231M->11M(2048M) 4.499ms
[335.653s][info][gc,cpu         ] GC(588) User=0.00s Sys=0.00s Real=0.00s
[336.182s][info][gc,start       ] GC(589) Pause Young (Normal) (G1 Evacuation Pause)
[336.182s][info][gc,task        ] GC(589) Using 6 workers of 6 for evacuation
[336.189s][info][gc,phases      ] GC(589)   Pre Evacuate Collection Set: 0.0ms
[336.189s][info][gc,phases      ] GC(589)   Evacuate Collection Set: 5.3ms
[336.189s][info][gc,phases      ] GC(589)   Post Evacuate Collection Set: 1.1ms
[336.189s][info][gc,phases      ] GC(589)   Other: 0.4ms
[336.189s][info][gc,heap        ] GC(589) Eden regions: 1220->0(1216)
[336.189s][info][gc,heap        ] GC(589) Survivor regions: 8->12(154)
[336.189s][info][gc,heap        ] GC(589) Old regions: 5->5
[336.189s][info][gc,heap        ] GC(589) Humongous regions: 0->0
[336.189s][info][gc,metaspace   ] GC(589) Metaspace: 18089K(18944K)->18089K(18944K) NonClass: 16034K(16640K)->16034K(16640K) Class: 2054K(2304K)->2054K(2304K)
[336.189s][info][gc             ] GC(589) Pause Young (Normal) (G1 Evacuation Pause) 1231M->15M(2048M) 6.853ms
[336.189s][info][gc,cpu         ] GC(589) User=0.05s Sys=0.00s Real=0.02s
[336.798s][info][gc,start       ] GC(590) Pause Young (Normal) (G1 Evacuation Pause)
[336.798s][info][gc,task        ] GC(590) Using 6 workers of 6 for evacuation
[336.809s][info][gc,phases      ] GC(590)   Pre Evacuate Collection Set: 0.0ms
[336.809s][info][gc,phases      ] GC(590)   Evacuate Collection Set: 10.3ms
[336.809s][info][gc,phases      ] GC(590)   Post Evacuate Collection Set: 0.9ms
[336.809s][info][gc,phases      ] GC(590)   Other: 0.2ms
[336.809s][info][gc,heap        ] GC(590) Eden regions: 1216->0(1203)
[336.809s][info][gc,heap        ] GC(590) Survivor regions: 12->25(154)
[336.809s][info][gc,heap        ] GC(590) Old regions: 5->5
[336.809s][info][gc,heap        ] GC(590) Humongous regions: 3->3
[336.809s][info][gc,metaspace   ] GC(590) Metaspace: 18089K(18944K)->18089K(18944K) NonClass: 16034K(16640K)->16034K(16640K) Class: 2054K(2304K)->2054K(2304K)
[336.809s][info][gc             ] GC(590) Pause Young (Normal) (G1 Evacuation Pause) 1234M->31M(2048M) 11.605ms
[336.809s][info][gc,cpu         ] GC(590) User=0.00s Sys=0.00s Real=0.00s
[337.383s][info][gc,start       ] GC(591) Pause Young (Normal) (G1 Evacuation Pause)
[337.383s][info][gc,task        ] GC(591) Using 6 workers of 6 for evacuation
[337.393s][info][gc,phases      ] GC(591)   Pre Evacuate Collection Set: 0.0ms
[337.393s][info][gc,phases      ] GC(591)   Evacuate Collection Set: 9.0ms
[337.393s][info][gc,phases      ] GC(591)   Post Evacuate Collection Set: 1.0ms
[337.393s][info][gc,phases      ] GC(591)   Other: 0.4ms
[337.393s][info][gc,heap        ] GC(591) Eden regions: 1203->0(1199)
[337.393s][info][gc,heap        ] GC(591) Survivor regions: 25->29(154)
[337.393s][info][gc,heap        ] GC(591) Old regions: 5->5
[337.393s][info][gc,heap        ] GC(591) Humongous regions: 3->3
[337.393s][info][gc,metaspace   ] GC(591) Metaspace: 18089K(18944K)->18089K(18944K) NonClass: 16034K(16640K)->16034K(16640K) Class: 2054K(2304K)->2054K(2304K)
[337.393s][info][gc             ] GC(591) Pause Young (Normal) (G1 Evacuation Pause) 1234M->35M(2048M) 10.478ms
[337.393s][info][gc,cpu         ] GC(591) User=0.02s Sys=0.00s Real=0.02s
[338.251s][info][gc,task        ] GC(592) Using 6 workers of 6 for full compaction
[338.251s][info][gc,start       ] GC(592) Pause Full (System.gc())
[338.251s][info][gc,phases,start] GC(592) Phase 1: Mark live objects
[338.254s][info][gc,stringtable ] GC(592) Cleaned string and symbol table, strings: 5678 processed, 0 removed, symbols: 53749 processed, 0 removed
[338.254s][info][gc,phases      ] GC(592) Phase 1: Mark live objects 2.425ms
[338.254s][info][gc,phases,start] GC(592) Phase 2: Prepare for compaction
[338.256s][info][gc,phases      ] GC(592) Phase 2: Prepare for compaction 2.325ms
[338.256s][info][gc,phases,start] GC(592) Phase 3: Adjust pointers
[338.258s][info][gc,phases      ] GC(592) Phase 3: Adjust pointers 1.984ms
[338.258s][info][gc,phases,start] GC(592) Phase 4: Compact heap
[338.260s][info][gc,phases      ] GC(592) Phase 4: Compact heap 1.746ms
[338.262s][info][gc,heap        ] GC(592) Eden regions: 1166->0(1228)
[338.262s][info][gc,heap        ] GC(592) Survivor regions: 29->0(154)
[338.262s][info][gc,heap        ] GC(592) Old regions: 5->6
[338.262s][info][gc,heap        ] GC(592) Humongous regions: 22->0
[338.262s][info][gc,metaspace   ] GC(592) Metaspace: 18089K(18944K)->18089K(18944K) NonClass: 16034K(16640K)->16034K(16640K) Class: 2054K(2304K)->2054K(2304K)
[338.262s][info][gc             ] GC(592) Pause Full (System.gc()) 1220M->3M(2048M) 10.730ms
[338.262s][info][gc,cpu         ] GC(592) User=0.02s Sys=0.00s Real=0.02s
[338.644s][info][gc,start       ] GC(593) Pause Young (Normal) (G1 Evacuation Pause)
[338.644s][info][gc,task        ] GC(593) Using 6 workers of 6 for evacuation
[338.647s][info][gc,phases      ] GC(593)   Pre Evacuate Collection Set: 0.0ms
[338.647s][info][gc,phases      ] GC(593)   Evacuate Collection Set: 2.2ms
[338.647s][info][gc,phases      ] GC(593)   Post Evacuate Collection Set: 0.9ms
[338.647s][info][gc,phases      ] GC(593)   Other: 0.2ms
[338.647s][info][gc,heap        ] GC(593) Eden regions: 1228->0(1222)
[338.647s][info][gc,heap        ] GC(593) Survivor regions: 0->6(154)
[338.647s][info][gc,heap        ] GC(593) Old regions: 6->6
[338.647s][info][gc,heap        ] GC(593) Humongous regions: 0->0
[338.647s][info][gc,metaspace   ] GC(593) Metaspace: 18089K(18944K)->18089K(18944K) NonClass: 16034K(16640K)->16034K(16640K) Class: 2054K(2304K)->2054K(2304K)
[338.647s][info][gc             ] GC(593) Pause Young (Normal) (G1 Evacuation Pause) 1231M->9M(2048M) 3.438ms
[338.647s][info][gc,cpu         ] GC(593) User=0.00s Sys=0.00s Real=0.00s
[338.974s][info][gc,start       ] GC(594) Pause Young (Normal) (G1 Evacuation Pause)
[338.974s][info][gc,task        ] GC(594) Using 6 workers of 6 for evacuation
[338.978s][info][gc,phases      ] GC(594)   Pre Evacuate Collection Set: 0.0ms
[338.978s][info][gc,phases      ] GC(594)   Evacuate Collection Set: 3.0ms
[338.978s][info][gc,phases      ] GC(594)   Post Evacuate Collection Set: 1.0ms
[338.978s][info][gc,phases      ] GC(594)   Other: 0.2ms
[338.978s][info][gc,heap        ] GC(594) Eden regions: 1222->0(1220)
[338.978s][info][gc,heap        ] GC(594) Survivor regions: 6->8(154)
[338.978s][info][gc,heap        ] GC(594) Old regions: 6->6
[338.978s][info][gc,heap        ] GC(594) Humongous regions: 0->0
[338.978s][info][gc,metaspace   ] GC(594) Metaspace: 18089K(18944K)->18089K(18944K) NonClass: 16034K(16640K)->16034K(16640K) Class: 2054K(2304K)->2054K(2304K)
[338.978s][info][gc             ] GC(594) Pause Young (Normal) (G1 Evacuation Pause) 1231M->11M(2048M) 4.351ms
[338.978s][info][gc,cpu         ] GC(594) User=0.00s Sys=0.00s Real=0.00s
[339.483s][info][gc,start       ] GC(595) Pause Young (Normal) (G1 Evacuation Pause)
[339.483s][info][gc,task        ] GC(595) Using 6 workers of 6 for evacuation
[339.489s][info][gc,phases      ] GC(595)   Pre Evacuate Collection Set: 0.0ms
[339.489s][info][gc,phases      ] GC(595)   Evacuate Collection Set: 5.1ms
[339.489s][info][gc,phases      ] GC(595)   Post Evacuate Collection Set: 1.0ms
[339.489s][info][gc,phases      ] GC(595)   Other: 0.2ms
[339.489s][info][gc,heap        ] GC(595) Eden regions: 1220->0(1216)
[339.489s][info][gc,heap        ] GC(595) Survivor regions: 8->12(154)
[339.489s][info][gc,heap        ] GC(595) Old regions: 6->6
[339.489s][info][gc,heap        ] GC(595) Humongous regions: 0->0
[339.489s][info][gc,metaspace   ] GC(595) Metaspace: 18089K(18944K)->18089K(18944K) NonClass: 16034K(16640K)->16034K(16640K) Class: 2054K(2304K)->2054K(2304K)
[339.489s][info][gc             ] GC(595) Pause Young (Normal) (G1 Evacuation Pause) 1231M->15M(2048M) 6.429ms
[339.489s][info][gc,cpu         ] GC(595) User=0.00s Sys=0.00s Real=0.00s
[340.098s][info][gc,start       ] GC(596) Pause Young (Normal) (G1 Evacuation Pause)
[340.098s][info][gc,task        ] GC(596) Using 6 workers of 6 for evacuation
[340.109s][info][gc,phases      ] GC(596)   Pre Evacuate Collection Set: 0.1ms
[340.109s][info][gc,phases      ] GC(596)   Evacuate Collection Set: 10.2ms
[340.109s][info][gc,phases      ] GC(596)   Post Evacuate Collection Set: 0.9ms
[340.109s][info][gc,phases      ] GC(596)   Other: 0.4ms
[340.109s][info][gc,heap        ] GC(596) Eden regions: 1216->0(1203)
[340.109s][info][gc,heap        ] GC(596) Survivor regions: 12->25(154)
[340.109s][info][gc,heap        ] GC(596) Old regions: 6->6
[340.109s][info][gc,heap        ] GC(596) Humongous regions: 3->3
[340.109s][info][gc,metaspace   ] GC(596) Metaspace: 18089K(18944K)->18089K(18944K) NonClass: 16034K(16640K)->16034K(16640K) Class: 2054K(2304K)->2054K(2304K)
[340.110s][info][gc             ] GC(596) Pause Young (Normal) (G1 Evacuation Pause) 1234M->31M(2048M) 11.617ms
[340.110s][info][gc,cpu         ] GC(596) User=0.02s Sys=0.00s Real=0.00s
[340.683s][info][gc,start       ] GC(597) Pause Young (Normal) (G1 Evacuation Pause)
[340.683s][info][gc,task        ] GC(597) Using 6 workers of 6 for evacuation
[340.693s][info][gc,phases      ] GC(597)   Pre Evacuate Collection Set: 0.0ms
[340.693s][info][gc,phases      ] GC(597)   Evacuate Collection Set: 9.1ms
[340.693s][info][gc,phases      ] GC(597)   Post Evacuate Collection Set: 1.0ms
[340.693s][info][gc,phases      ] GC(597)   Other: 0.3ms
[340.693s][info][gc,heap        ] GC(597) Eden regions: 1203->0(1199)
[340.693s][info][gc,heap        ] GC(597) Survivor regions: 25->29(154)
[340.693s][info][gc,heap        ] GC(597) Old regions: 6->6
[340.693s][info][gc,heap        ] GC(597) Humongous regions: 3->3
[340.693s][info][gc,metaspace   ] GC(597) Metaspace: 18089K(18944K)->18089K(18944K) NonClass: 16034K(16640K)->16034K(16640K) Class: 2054K(2304K)->2054K(2304K)
[340.693s][info][gc             ] GC(597) Pause Young (Normal) (G1 Evacuation Pause) 1234M->35M(2048M) 10.508ms
[340.693s][info][gc,cpu         ] GC(597) User=0.02s Sys=0.00s Real=0.02s
[341.543s][info][gc,task        ] GC(598) Using 6 workers of 6 for full compaction
[341.543s][info][gc,start       ] GC(598) Pause Full (System.gc())
[341.543s][info][gc,phases,start] GC(598) Phase 1: Mark live objects
[341.546s][info][gc,stringtable ] GC(598) Cleaned string and symbol table, strings: 5678 processed, 0 removed, symbols: 53749 processed, 0 removed
[341.546s][info][gc,phases      ] GC(598) Phase 1: Mark live objects 2.547ms
[341.546s][info][gc,phases,start] GC(598) Phase 2: Prepare for compaction
[341.548s][info][gc,phases      ] GC(598) Phase 2: Prepare for compaction 2.156ms
[341.548s][info][gc,phases,start] GC(598) Phase 3: Adjust pointers
[341.550s][info][gc,phases      ] GC(598) Phase 3: Adjust pointers 1.861ms
[341.550s][info][gc,phases,start] GC(598) Phase 4: Compact heap
[341.552s][info][gc,phases      ] GC(598) Phase 4: Compact heap 2.121ms
[341.554s][info][gc,heap        ] GC(598) Eden regions: 1150->0(1228)
[341.554s][info][gc,heap        ] GC(598) Survivor regions: 29->0(154)
[341.554s][info][gc,heap        ] GC(598) Old regions: 6->6
[341.554s][info][gc,heap        ] GC(598) Humongous regions: 22->0
[341.554s][info][gc,metaspace   ] GC(598) Metaspace: 18089K(18944K)->18089K(18944K) NonClass: 16034K(16640K)->16034K(16640K) Class: 2054K(2304K)->2054K(2304K)
[341.554s][info][gc             ] GC(598) Pause Full (System.gc()) 1204M->3M(2048M) 11.360ms
[341.555s][info][gc,cpu         ] GC(598) User=0.00s Sys=0.00s Real=0.02s
[341.940s][info][gc,start       ] GC(599) Pause Young (Normal) (G1 Evacuation Pause)
[341.940s][info][gc,task        ] GC(599) Using 6 workers of 6 for evacuation
[341.943s][info][gc,phases      ] GC(599)   Pre Evacuate Collection Set: 0.0ms
[341.943s][info][gc,phases      ] GC(599)   Evacuate Collection Set: 2.2ms
[341.943s][info][gc,phases      ] GC(599)   Post Evacuate Collection Set: 0.9ms
[341.943s][info][gc,phases      ] GC(599)   Other: 0.2ms
[341.943s][info][gc,heap        ] GC(599) Eden regions: 1228->0(1223)
[341.943s][info][gc,heap        ] GC(599) Survivor regions: 0->5(154)
[341.943s][info][gc,heap        ] GC(599) Old regions: 6->6
[341.943s][info][gc,heap        ] GC(599) Humongous regions: 0->0
[341.943s][info][gc,metaspace   ] GC(599) Metaspace: 18089K(18944K)->18089K(18944K) NonClass: 16034K(16640K)->16034K(16640K) Class: 2054K(2304K)->2054K(2304K)
[341.943s][info][gc             ] GC(599) Pause Young (Normal) (G1 Evacuation Pause) 1231M->8M(2048M) 3.393ms
[341.943s][info][gc,cpu         ] GC(599) User=0.00s Sys=0.00s Real=0.00s
[342.296s][info][gc,start       ] GC(600) Pause Young (Normal) (G1 Evacuation Pause)
[342.296s][info][gc,task        ] GC(600) Using 6 workers of 6 for evacuation
[342.300s][info][gc,phases      ] GC(600)   Pre Evacuate Collection Set: 0.0ms
[342.300s][info][gc,phases      ] GC(600)   Evacuate Collection Set: 3.0ms
[342.300s][info][gc,phases      ] GC(600)   Post Evacuate Collection Set: 1.0ms
[342.300s][info][gc,phases      ] GC(600)   Other: 0.2ms
[342.300s][info][gc,heap        ] GC(600) Eden regions: 1223->0(1220)
[342.300s][info][gc,heap        ] GC(600) Survivor regions: 5->8(154)
[342.300s][info][gc,heap        ] GC(600) Old regions: 6->6
[342.300s][info][gc,heap        ] GC(600) Humongous regions: 0->0
[342.300s][info][gc,metaspace   ] GC(600) Metaspace: 18089K(18944K)->18089K(18944K) NonClass: 16034K(16640K)->16034K(16640K) Class: 2054K(2304K)->2054K(2304K)
[342.300s][info][gc             ] GC(600) Pause Young (Normal) (G1 Evacuation Pause) 1231M->11M(2048M) 4.340ms
[342.300s][info][gc,cpu         ] GC(600) User=0.00s Sys=0.00s Real=0.00s
[342.802s][info][gc,start       ] GC(601) Pause Young (Normal) (G1 Evacuation Pause)
[342.802s][info][gc,task        ] GC(601) Using 6 workers of 6 for evacuation
[342.809s][info][gc,phases      ] GC(601)   Pre Evacuate Collection Set: 0.1ms
[342.809s][info][gc,phases      ] GC(601)   Evacuate Collection Set: 5.4ms
[342.809s][info][gc,phases      ] GC(601)   Post Evacuate Collection Set: 0.9ms
[342.809s][info][gc,phases      ] GC(601)   Other: 0.4ms
[342.809s][info][gc,heap        ] GC(601) Eden regions: 1220->0(1216)
[342.809s][info][gc,heap        ] GC(601) Survivor regions: 8->12(154)
[342.809s][info][gc,heap        ] GC(601) Old regions: 6->6
[342.809s][info][gc,heap        ] GC(601) Humongous regions: 0->0
[342.809s][info][gc,metaspace   ] GC(601) Metaspace: 18089K(18944K)->18089K(18944K) NonClass: 16034K(16640K)->16034K(16640K) Class: 2054K(2304K)->2054K(2304K)
[342.809s][info][gc             ] GC(601) Pause Young (Normal) (G1 Evacuation Pause) 1231M->15M(2048M) 6.833ms
[342.809s][info][gc,cpu         ] GC(601) User=0.02s Sys=0.00s Real=0.01s
[343.417s][info][gc,start       ] GC(602) Pause Young (Normal) (G1 Evacuation Pause)
[343.417s][info][gc,task        ] GC(602) Using 6 workers of 6 for evacuation
[343.428s][info][gc,phases      ] GC(602)   Pre Evacuate Collection Set: 0.0ms
[343.429s][info][gc,phases      ] GC(602)   Evacuate Collection Set: 10.7ms
[343.429s][info][gc,phases      ] GC(602)   Post Evacuate Collection Set: 0.9ms
[343.429s][info][gc,phases      ] GC(602)   Other: 0.2ms
[343.429s][info][gc,heap        ] GC(602) Eden regions: 1216->0(1203)
[343.429s][info][gc,heap        ] GC(602) Survivor regions: 12->25(154)
[343.429s][info][gc,heap        ] GC(602) Old regions: 6->6
[343.429s][info][gc,heap        ] GC(602) Humongous regions: 3->3
[343.429s][info][gc,metaspace   ] GC(602) Metaspace: 18089K(18944K)->18089K(18944K) NonClass: 16034K(16640K)->16034K(16640K) Class: 2054K(2304K)->2054K(2304K)
[343.429s][info][gc             ] GC(602) Pause Young (Normal) (G1 Evacuation Pause) 1234M->31M(2048M) 11.975ms
[343.429s][info][gc,cpu         ] GC(602) User=0.02s Sys=0.00s Real=0.02s
[344.001s][info][gc,start       ] GC(603) Pause Young (Normal) (G1 Evacuation Pause)
[344.001s][info][gc,task        ] GC(603) Using 6 workers of 6 for evacuation
[344.011s][info][gc,phases      ] GC(603)   Pre Evacuate Collection Set: 0.0ms
[344.011s][info][gc,phases      ] GC(603)   Evacuate Collection Set: 9.0ms
[344.011s][info][gc,phases      ] GC(603)   Post Evacuate Collection Set: 1.0ms
[344.011s][info][gc,phases      ] GC(603)   Other: 0.4ms
[344.011s][info][gc,heap        ] GC(603) Eden regions: 1203->0(1200)
[344.011s][info][gc,heap        ] GC(603) Survivor regions: 25->28(154)
[344.011s][info][gc,heap        ] GC(603) Old regions: 6->6
[344.011s][info][gc,heap        ] GC(603) Humongous regions: 3->3
[344.011s][info][gc,metaspace   ] GC(603) Metaspace: 18089K(18944K)->18089K(18944K) NonClass: 16034K(16640K)->16034K(16640K) Class: 2054K(2304K)->2054K(2304K)
[344.011s][info][gc             ] GC(603) Pause Young (Normal) (G1 Evacuation Pause) 1234M->34M(2048M) 10.503ms
[344.011s][info][gc,cpu         ] GC(603) User=0.02s Sys=0.00s Real=0.02s
[344.865s][info][gc,heap,exit   ] Heap
[344.865s][info][gc,heap,exit   ]  garbage-first heap   total 2097152K, used 1232785K [0x0000000080000000, 0x0000000100000000)
[344.865s][info][gc,heap,exit   ]   region size 1024K, 1179 young (1207296K), 28 survivors (28672K)
[344.865s][info][gc,heap,exit   ]  Metaspace       used 18160K, capacity 18703K, committed 19072K, reserved 1067008K
[344.865s][info][gc,heap,exit   ]   class space    used 2065K, capacity 2296K, committed 2432K, reserved 1048576K
