[0.013s][info][gc] Using Parallel
[0.013s][info][gc,heap,coops] Heap address: 0x0000000080000000, size: 2048 MB, Compressed Oops mode: 32-bit
[1.278s][info][gc,start     ] GC(0) Pause Young (System.gc())
[1.282s][info][gc,heap      ] GC(0) PSYoungGen: 62993K->4752K(611840K)
[1.282s][info][gc,heap      ] GC(0) PSOldGen: 0K->16K(1398272K)
[1.282s][info][gc,metaspace ] GC(0) Metaspace: 20195K(20864K)->20195K(20864K) NonClass: 17784K(18176K)->17784K(18176K) Class: 2411K(2688K)->2411K(2688K)
[1.282s][info][gc           ] GC(0) Pause Young (System.gc()) 61M->4M(1963M) 4.357ms
[1.282s][info][gc,cpu       ] GC(0) User=0.05s Sys=0.05s Real=0.01s
[1.285s][info][gc,start     ] GC(1) Pause Full (System.gc())
[1.285s][info][gc,phases,start] GC(1) Phase 1: Mark live objects
[1.289s][info][gc,phases      ] GC(1) Phase 1: Mark live objects 4.704ms
[1.289s][info][gc,phases,start] GC(1) Phase 2: Compute new object addresses
[1.290s][info][gc,phases      ] GC(1) Phase 2: Compute new object addresses 0.984ms
[1.290s][info][gc,phases,start] GC(1) Phase 3: Adjust pointers
[1.293s][info][gc,phases      ] GC(1) Phase 3: Adjust pointers 2.499ms
[1.293s][info][gc,phases,start] GC(1) Phase 4: Move objects
[1.295s][info][gc,phases      ] GC(1) Phase 4: Move objects 1.685ms
[1.295s][info][gc,heap        ] GC(1) PSYoungGen: 4752K->0K(611840K)
[1.295s][info][gc,heap        ] GC(1) PSOldGen: 16K->4672K(1398272K)
[1.295s][info][gc,metaspace   ] GC(1) Metaspace: 20195K(20864K)->20195K(20864K) NonClass: 17784K(18176K)->17784K(18176K) Class: 2411K(2688K)->2411K(2688K)
[1.295s][info][gc             ] GC(1) Pause Full (System.gc()) 4M->4M(1963M) 10.604ms
[1.295s][info][gc,cpu         ] GC(1) User=0.00s Sys=0.00s Real=0.00s
[3.113s][info][gc,start       ] GC(2) Pause Young (Allocation Failure)
[3.129s][info][gc,heap        ] GC(2) PSYoungGen: 524800K->26503K(611840K)
[3.129s][info][gc,heap        ] GC(2) PSOldGen: 4672K->4680K(1398272K)
[3.129s][info][gc,metaspace   ] GC(2) Metaspace: 23305K(24192K)->23305K(24192K) NonClass: 20424K(20992K)->20424K(20992K) Class: 2880K(3200K)->2880K(3200K)
[3.129s][info][gc             ] GC(2) Pause Young (Allocation Failure) 517M->30M(1963M) 15.357ms
[3.129s][info][gc,cpu         ] GC(2) User=0.05s Sys=0.05s Real=0.01s
[3.201s][info][gc,start       ] GC(3) Pause Young (Allocation Failure)
[3.210s][info][gc,heap        ] GC(3) PSYoungGen: 551303K->26503K(611840K)
[3.210s][info][gc,heap        ] GC(3) PSOldGen: 4680K->4688K(1398272K)
[3.210s][info][gc,metaspace   ] GC(3) Metaspace: 23306K(24192K)->23306K(24192K) NonClass: 20426K(20992K)->20426K(20992K) Class: 2880K(3200K)->2880K(3200K)
[3.210s][info][gc             ] GC(3) Pause Young (Allocation Failure) 542M->30M(1963M) 9.476ms
[3.210s][info][gc,cpu         ] GC(3) User=0.00s Sys=0.00s Real=0.01s
[5.046s][info][gc,start       ] GC(4) Pause Young (Allocation Failure)
[5.058s][info][gc,heap        ] GC(4) PSYoungGen: 551303K->26549K(611840K)
[5.058s][info][gc,heap        ] GC(4) PSOldGen: 4688K->4696K(1398272K)
[5.058s][info][gc,metaspace   ] GC(4) Metaspace: 23491K(24576K)->23491K(24576K) NonClass: 20572K(21248K)->20572K(21248K) Class: 2919K(3328K)->2919K(3328K)
[5.058s][info][gc             ] GC(4) Pause Young (Allocation Failure) 542M->30M(1963M) 11.616ms
[5.058s][info][gc,cpu         ] GC(4) User=0.00s Sys=0.00s Real=0.01s
[5.164s][info][gc,start       ] GC(5) Pause Young (Allocation Failure)
[5.172s][info][gc,heap        ] GC(5) PSYoungGen: 551349K->26549K(611840K)
[5.172s][info][gc,heap        ] GC(5) PSOldGen: 4696K->4696K(1398272K)
[5.172s][info][gc,metaspace   ] GC(5) Metaspace: 23491K(24576K)->23491K(24576K) NonClass: 20572K(21248K)->20572K(21248K) Class: 2919K(3328K)->2919K(3328K)
[5.172s][info][gc             ] GC(5) Pause Young (Allocation Failure) 543M->30M(1963M) 7.976ms
[5.172s][info][gc,cpu         ] GC(5) User=0.05s Sys=0.05s Real=0.01s
[5.278s][info][gc,start       ] GC(6) Pause Young (Allocation Failure)
[5.285s][info][gc,heap        ] GC(6) PSYoungGen: 551349K->26549K(659968K)
[5.285s][info][gc,heap        ] GC(6) PSOldGen: 4696K->4696K(1398272K)
[5.285s][info][gc,metaspace   ] GC(6) Metaspace: 23491K(24576K)->23491K(24576K) NonClass: 20572K(21248K)->20572K(21248K) Class: 2919K(3328K)->2919K(3328K)
[5.285s][info][gc             ] GC(6) Pause Young (Allocation Failure) 543M->30M(2010M) 7.592ms
[5.285s][info][gc,cpu         ] GC(6) User=0.06s Sys=0.03s Real=0.02s
[5.330s][info][gc,start       ] GC(7) Pause Young (System.gc())
[5.331s][info][gc,heap        ] GC(7) PSYoungGen: 129289K->480K(611840K)
[5.331s][info][gc,heap        ] GC(7) PSOldGen: 4696K->4696K(1398272K)
[5.331s][info][gc,metaspace   ] GC(7) Metaspace: 23530K(24576K)->23530K(24576K) NonClass: 20604K(21248K)->20604K(21248K) Class: 2925K(3328K)->2925K(3328K)
[5.331s][info][gc             ] GC(7) Pause Young (System.gc()) 130M->5M(1963M) 1.284ms
[5.331s][info][gc,cpu         ] GC(7) User=0.00s Sys=0.00s Real=0.00s
[5.331s][info][gc,start       ] GC(8) Pause Full (System.gc())
[5.331s][info][gc,phases,start] GC(8) Phase 1: Mark live objects
[5.337s][info][gc,phases      ] GC(8) Phase 1: Mark live objects 5.548ms
[5.337s][info][gc,phases,start] GC(8) Phase 2: Compute new object addresses
[5.338s][info][gc,phases      ] GC(8) Phase 2: Compute new object addresses 1.033ms
[5.338s][info][gc,phases,start] GC(8) Phase 3: Adjust pointers
[5.341s][info][gc,phases      ] GC(8) Phase 3: Adjust pointers 3.679ms
[5.341s][info][gc,phases,start] GC(8) Phase 4: Move objects
[5.342s][info][gc,phases      ] GC(8) Phase 4: Move objects 0.167ms
[5.342s][info][gc,heap        ] GC(8) PSYoungGen: 480K->0K(611840K)
[5.342s][info][gc,heap        ] GC(8) PSOldGen: 4696K->5070K(1398272K)
[5.342s][info][gc,metaspace   ] GC(8) Metaspace: 23530K(24576K)->23530K(24576K) NonClass: 20604K(21248K)->20604K(21248K) Class: 2925K(3328K)->2925K(3328K)
[5.342s][info][gc             ] GC(8) Pause Full (System.gc()) 5M->4M(1963M) 11.166ms
[5.342s][info][gc,cpu         ] GC(8) User=0.00s Sys=0.00s Real=0.01s
[7.122s][info][gc,start       ] GC(9) Pause Young (Allocation Failure)
[7.137s][info][gc,heap        ] GC(9) PSYoungGen: 572928K->26165K(656896K)
[7.137s][info][gc,heap        ] GC(9) PSOldGen: 5070K->5070K(1398272K)
[7.137s][info][gc,metaspace   ] GC(9) Metaspace: 23538K(24576K)->23538K(24576K) NonClass: 20613K(21248K)->20613K(21248K) Class: 2925K(3328K)->2925K(3328K)
[7.138s][info][gc             ] GC(9) Pause Young (Allocation Failure) 564M->30M(2007M) 15.016ms
[7.138s][info][gc,cpu         ] GC(9) User=0.02s Sys=0.00s Real=0.03s
[7.266s][info][gc,start       ] GC(10) Pause Young (Allocation Failure)
[7.292s][info][gc,heap        ] GC(10) PSYoungGen: 641077K->26197K(656896K)
[7.292s][info][gc,heap        ] GC(10) PSOldGen: 5070K->5070K(1398272K)
[7.292s][info][gc,metaspace   ] GC(10) Metaspace: 23538K(24576K)->23538K(24576K) NonClass: 20613K(21248K)->20613K(21248K) Class: 2925K(3328K)->2925K(3328K)
[7.292s][info][gc             ] GC(10) Pause Young (Allocation Failure) 631M->30M(2007M) 26.266ms
[7.292s][info][gc,cpu         ] GC(10) User=0.09s Sys=0.00s Real=0.04s
[9.084s][info][gc,start       ] GC(11) Pause Young (Allocation Failure)
[9.095s][info][gc,heap        ] GC(11) PSYoungGen: 641109K->26165K(657408K)
[9.095s][info][gc,heap        ] GC(11) PSOldGen: 5070K->5070K(1398272K)
[9.095s][info][gc,metaspace   ] GC(11) Metaspace: 23544K(24576K)->23544K(24576K) NonClass: 20618K(21248K)->20618K(21248K) Class: 2925K(3328K)->2925K(3328K)
[9.095s][info][gc             ] GC(11) Pause Young (Allocation Failure) 631M->30M(2007M) 11.313ms
[9.095s][info][gc,cpu         ] GC(11) User=0.09s Sys=0.00s Real=0.01s
[9.221s][info][gc,start       ] GC(12) Pause Young (Allocation Failure)
[9.228s][info][gc,heap        ] GC(12) PSYoungGen: 641589K->26165K(656896K)
[9.228s][info][gc,heap        ] GC(12) PSOldGen: 5070K->5094K(1398272K)
[9.228s][info][gc,metaspace   ] GC(12) Metaspace: 23544K(24576K)->23544K(24576K) NonClass: 20618K(21248K)->20618K(21248K) Class: 2925K(3328K)->2925K(3328K)
[9.228s][info][gc             ] GC(12) Pause Young (Allocation Failure) 631M->30M(2007M) 7.331ms
[9.228s][info][gc,cpu         ] GC(12) User=0.00s Sys=0.00s Real=0.02s
[9.300s][info][gc,start       ] GC(13) Pause Young (System.gc())
[9.301s][info][gc,heap        ] GC(13) PSYoungGen: 284460K->64K(654336K)
[9.301s][info][gc,heap        ] GC(13) PSOldGen: 5094K->5110K(1398272K)
[9.301s][info][gc,metaspace   ] GC(13) Metaspace: 23545K(24576K)->23545K(24576K) NonClass: 20619K(21248K)->20619K(21248K) Class: 2925K(3328K)->2925K(3328K)
[9.301s][info][gc             ] GC(13) Pause Young (System.gc()) 282M->5M(2004M) 0.590ms
[9.301s][info][gc,cpu         ] GC(13) User=0.00s Sys=0.00s Real=0.00s
[9.301s][info][gc,start       ] GC(14) Pause Full (System.gc())
[9.301s][info][gc,phases,start] GC(14) Phase 1: Mark live objects
[9.306s][info][gc,phases      ] GC(14) Phase 1: Mark live objects 5.425ms
[9.306s][info][gc,phases,start] GC(14) Phase 2: Compute new object addresses
[9.307s][info][gc,phases      ] GC(14) Phase 2: Compute new object addresses 1.047ms
[9.307s][info][gc,phases,start] GC(14) Phase 3: Adjust pointers
[9.312s][info][gc,phases      ] GC(14) Phase 3: Adjust pointers 4.072ms
[9.312s][info][gc,phases,start] GC(14) Phase 4: Move objects
[9.312s][info][gc,phases      ] GC(14) Phase 4: Move objects 0.009ms
[9.312s][info][gc,heap        ] GC(14) PSYoungGen: 64K->0K(654336K)
[9.312s][info][gc,heap        ] GC(14) PSOldGen: 5110K->5110K(1398272K)
[9.312s][info][gc,metaspace   ] GC(14) Metaspace: 23545K(24576K)->23545K(24576K) NonClass: 20619K(21248K)->20619K(21248K) Class: 2925K(3328K)->2925K(3328K)
[9.312s][info][gc             ] GC(14) Pause Full (System.gc()) 5M->4M(2004M) 11.020ms
[9.312s][info][gc,cpu         ] GC(14) User=0.02s Sys=0.02s Real=0.01s
[11.083s][info][gc,start       ] GC(15) Pause Young (Allocation Failure)
[11.097s][info][gc,heap        ] GC(15) PSYoungGen: 612864K->26197K(639488K)
[11.097s][info][gc,heap        ] GC(15) PSOldGen: 5110K->5110K(1398272K)
[11.097s][info][gc,metaspace   ] GC(15) Metaspace: 23550K(24576K)->23550K(24576K) NonClass: 20624K(21248K)->20624K(21248K) Class: 2925K(3328K)->2925K(3328K)
[11.097s][info][gc             ] GC(15) Pause Young (Allocation Failure) 603M->30M(1990M) 13.235ms
[11.097s][info][gc,cpu         ] GC(15) User=0.09s Sys=0.00s Real=0.01s
[11.221s][info][gc,start       ] GC(16) Pause Young (Allocation Failure)
[11.239s][info][gc,heap        ] GC(16) PSYoungGen: 639061K->0K(653312K)
[11.239s][info][gc,heap        ] GC(16) PSOldGen: 5110K->31262K(1398272K)
[11.239s][info][gc,metaspace   ] GC(16) Metaspace: 23550K(24576K)->23550K(24576K) NonClass: 20624K(21248K)->20624K(21248K) Class: 2925K(3328K)->2925K(3328K)
[11.239s][info][gc             ] GC(16) Pause Young (Allocation Failure) 629M->30M(2003M) 18.400ms
[11.239s][info][gc,cpu         ] GC(16) User=0.09s Sys=0.00s Real=0.03s
[13.021s][info][gc,start       ] GC(17) Pause Young (Allocation Failure)
[13.033s][info][gc,heap        ] GC(17) PSYoungGen: 609792K->26747K(636928K)
[13.033s][info][gc,heap        ] GC(17) PSOldGen: 31262K->31262K(1398272K)
[13.033s][info][gc,metaspace   ] GC(17) Metaspace: 23555K(24576K)->23555K(24576K) NonClass: 20629K(21248K)->20629K(21248K) Class: 2925K(3328K)->2925K(3328K)
[13.033s][info][gc             ] GC(17) Pause Young (Allocation Failure) 626M->56M(1987M) 11.822ms
[13.033s][info][gc,cpu         ] GC(17) User=0.09s Sys=0.00s Real=0.02s
[13.158s][info][gc,start       ] GC(18) Pause Young (Allocation Failure)
[13.174s][info][gc,heap        ] GC(18) PSYoungGen: 636539K->0K(652800K)
[13.174s][info][gc,heap        ] GC(18) PSOldGen: 31262K->58003K(1398272K)
[13.174s][info][gc,metaspace   ] GC(18) Metaspace: 23555K(24576K)->23555K(24576K) NonClass: 20629K(21248K)->20629K(21248K) Class: 2925K(3328K)->2925K(3328K)
[13.174s][info][gc             ] GC(18) Pause Young (Allocation Failure) 652M->56M(2003M) 16.000ms
[13.174s][info][gc,cpu         ] GC(18) User=0.08s Sys=0.02s Real=0.01s
[13.239s][info][gc,start       ] GC(19) Pause Young (System.gc())
[13.240s][info][gc,heap        ] GC(19) PSYoungGen: 242590K->646K(653312K)
[13.240s][info][gc,heap        ] GC(19) PSOldGen: 58003K->58003K(1398272K)
[13.240s][info][gc,metaspace   ] GC(19) Metaspace: 23557K(24576K)->23557K(24576K) NonClass: 20631K(21248K)->20631K(21248K) Class: 2925K(3328K)->2925K(3328K)
[13.240s][info][gc             ] GC(19) Pause Young (System.gc()) 293M->57M(2003M) 1.105ms
[13.240s][info][gc,cpu         ] GC(19) User=0.00s Sys=0.00s Real=0.00s
[13.240s][info][gc,start       ] GC(20) Pause Full (System.gc())
[13.240s][info][gc,phases,start] GC(20) Phase 1: Mark live objects
[13.245s][info][gc,phases      ] GC(20) Phase 1: Mark live objects 5.188ms
[13.245s][info][gc,phases,start] GC(20) Phase 2: Compute new object addresses
[13.254s][info][gc,phases      ] GC(20) Phase 2: Compute new object addresses 8.774ms
[13.254s][info][gc,phases,start] GC(20) Phase 3: Adjust pointers
[13.258s][info][gc,phases      ] GC(20) Phase 3: Adjust pointers 4.251ms
[13.259s][info][gc,phases,start] GC(20) Phase 4: Move objects
[13.260s][info][gc,phases      ] GC(20) Phase 4: Move objects 1.172ms
[13.260s][info][gc,heap        ] GC(20) PSYoungGen: 646K->0K(653312K)
[13.260s][info][gc,heap        ] GC(20) PSOldGen: 58003K->4980K(1398272K)
[13.260s][info][gc,metaspace   ] GC(20) Metaspace: 23557K(24576K)->23557K(24576K) NonClass: 20631K(21248K)->20631K(21248K) Class: 2925K(3328K)->2925K(3328K)
[13.260s][info][gc             ] GC(20) Pause Full (System.gc()) 57M->4M(2003M) 20.025ms
[13.260s][info][gc,cpu         ] GC(20) User=0.02s Sys=0.00s Real=0.02s
[15.033s][info][gc,start       ] GC(21) Pause Young (Allocation Failure)
[15.045s][info][gc,heap        ] GC(21) PSYoungGen: 607744K->26165K(651264K)
[15.047s][info][gc,heap        ] GC(21) PSOldGen: 4980K->4980K(1398272K)
[15.048s][info][gc,metaspace   ] GC(21) Metaspace: 23561K(24576K)->23561K(24576K) NonClass: 20636K(21248K)->20636K(21248K) Class: 2925K(3328K)->2925K(3328K)
[15.048s][info][gc             ] GC(21) Pause Young (Allocation Failure) 598M->30M(2001M) 14.104ms
[15.048s][info][gc,cpu         ] GC(21) User=0.09s Sys=0.00s Real=0.02s
[15.172s][info][gc,start       ] GC(22) Pause Young (Allocation Failure)
[15.189s][info][gc,heap        ] GC(22) PSYoungGen: 631861K->0K(652288K)
[15.189s][info][gc,heap        ] GC(22) PSOldGen: 4980K->31140K(1398272K)
[15.189s][info][gc,metaspace   ] GC(22) Metaspace: 23561K(24576K)->23561K(24576K) NonClass: 20636K(21248K)->20636K(21248K) Class: 2925K(3328K)->2925K(3328K)
[15.189s][info][gc             ] GC(22) Pause Young (Allocation Failure) 621M->30M(2002M) 16.645ms
[15.189s][info][gc,cpu         ] GC(22) User=0.09s Sys=0.00s Real=0.02s
[16.970s][info][gc,start       ] GC(23) Pause Young (Allocation Failure)
[16.982s][info][gc,heap        ] GC(23) PSYoungGen: 605696K->26765K(650240K)
[16.982s][info][gc,heap        ] GC(23) PSOldGen: 31140K->31140K(1398272K)
[16.982s][info][gc,metaspace   ] GC(23) Metaspace: 23561K(24576K)->23561K(24576K) NonClass: 20636K(21248K)->20636K(21248K) Class: 2925K(3328K)->2925K(3328K)
[16.982s][info][gc             ] GC(23) Pause Young (Allocation Failure) 621M->56M(2000M) 11.514ms
[16.982s][info][gc,cpu         ] GC(23) User=0.00s Sys=0.00s Real=0.01s
[17.104s][info][gc,start       ] GC(24) Pause Young (Allocation Failure)
[17.120s][info][gc,heap        ] GC(24) PSYoungGen: 630413K->0K(651264K)
[17.120s][info][gc,heap        ] GC(24) PSOldGen: 31140K->57874K(1398272K)
[17.120s][info][gc,metaspace   ] GC(24) Metaspace: 23561K(24576K)->23561K(24576K) NonClass: 20636K(21248K)->20636K(21248K) Class: 2925K(3328K)->2925K(3328K)
[17.120s][info][gc             ] GC(24) Pause Young (Allocation Failure) 646M->56M(2001M) 16.126ms
[17.120s][info][gc,cpu         ] GC(24) User=0.09s Sys=0.00s Real=0.02s
[17.188s][info][gc,start       ] GC(25) Pause Young (System.gc())
[17.189s][info][gc,heap        ] GC(25) PSYoungGen: 253425K->678K(652288K)
[17.189s][info][gc,heap        ] GC(25) PSOldGen: 57874K->57874K(1398272K)
[17.189s][info][gc,metaspace   ] GC(25) Metaspace: 23562K(24576K)->23562K(24576K) NonClass: 20636K(21248K)->20636K(21248K) Class: 2925K(3328K)->2925K(3328K)
[17.189s][info][gc             ] GC(25) Pause Young (System.gc()) 304M->57M(2002M) 1.098ms
[17.189s][info][gc,cpu         ] GC(25) User=0.00s Sys=0.00s Real=0.00s
[17.189s][info][gc,start       ] GC(26) Pause Full (System.gc())
[17.189s][info][gc,phases,start] GC(26) Phase 1: Mark live objects
[17.195s][info][gc,phases      ] GC(26) Phase 1: Mark live objects 5.234ms
[17.195s][info][gc,phases,start] GC(26) Phase 2: Compute new object addresses
[17.204s][info][gc,phases      ] GC(26) Phase 2: Compute new object addresses 8.805ms
[17.204s][info][gc,phases,start] GC(26) Phase 3: Adjust pointers
[17.207s][info][gc,phases      ] GC(26) Phase 3: Adjust pointers 3.787ms
[17.207s][info][gc,phases,start] GC(26) Phase 4: Move objects
[17.207s][info][gc,phases      ] GC(26) Phase 4: Move objects 0.008ms
[17.208s][info][gc,heap        ] GC(26) PSYoungGen: 678K->0K(652288K)
[17.208s][info][gc,heap        ] GC(26) PSOldGen: 57874K->57874K(1398272K)
[17.208s][info][gc,metaspace   ] GC(26) Metaspace: 23562K(24576K)->23562K(24576K) NonClass: 20636K(21248K)->20636K(21248K) Class: 2925K(3328K)->2925K(3328K)
[17.208s][info][gc             ] GC(26) Pause Full (System.gc()) 57M->56M(2002M) 18.269ms
[17.208s][info][gc,cpu         ] GC(26) User=0.02s Sys=0.00s Real=0.03s
[18.972s][info][gc,start       ] GC(27) Pause Young (Allocation Failure)
[18.983s][info][gc,heap        ] GC(27) PSYoungGen: 604672K->26165K(631296K)
[18.983s][info][gc,heap        ] GC(27) PSOldGen: 57874K->57874K(1398272K)
[18.983s][info][gc,metaspace   ] GC(27) Metaspace: 23562K(24576K)->23562K(24576K) NonClass: 20637K(21248K)->20637K(21248K) Class: 2925K(3328K)->2925K(3328K)
[18.983s][info][gc             ] GC(27) Pause Young (Allocation Failure) 647M->82M(1982M) 11.350ms
[18.983s][info][gc,cpu         ] GC(27) User=0.09s Sys=0.00s Real=0.01s
[19.106s][info][gc,start       ] GC(28) Pause Young (Allocation Failure)
[19.123s][info][gc,heap        ] GC(28) PSYoungGen: 630837K->0K(651776K)
[19.123s][info][gc,heap        ] GC(28) PSOldGen: 57874K->84033K(1398272K)
[19.123s][info][gc,metaspace   ] GC(28) Metaspace: 23562K(24576K)->23562K(24576K) NonClass: 20637K(21248K)->20637K(21248K) Class: 2925K(3328K)->2925K(3328K)
[19.123s][info][gc             ] GC(28) Pause Young (Allocation Failure) 672M->82M(2002M) 16.757ms
[19.123s][info][gc,cpu         ] GC(28) User=0.19s Sys=0.00s Real=0.02s
[20.902s][info][gc,start       ] GC(29) Pause Young (Allocation Failure)
[20.913s][info][gc,heap        ] GC(29) PSYoungGen: 603648K->26765K(630784K)
[20.914s][info][gc,heap        ] GC(29) PSOldGen: 84033K->84033K(1398272K)
[20.914s][info][gc,metaspace   ] GC(29) Metaspace: 23568K(24576K)->23568K(24576K) NonClass: 20642K(21248K)->20642K(21248K) Class: 2925K(3328K)->2925K(3328K)
[20.914s][info][gc             ] GC(29) Pause Young (Allocation Failure) 671M->108M(1981M) 11.807ms
[20.914s][info][gc,cpu         ] GC(29) User=0.09s Sys=0.00s Real=0.02s
[21.036s][info][gc,start       ] GC(30) Pause Young (Allocation Failure)
[21.052s][info][gc,heap        ] GC(30) PSYoungGen: 630413K->0K(651264K)
[21.052s][info][gc,heap        ] GC(30) PSOldGen: 84033K->110775K(1398272K)
[21.052s][info][gc,metaspace   ] GC(30) Metaspace: 23568K(24576K)->23568K(24576K) NonClass: 20642K(21248K)->20642K(21248K) Class: 2925K(3328K)->2925K(3328K)
[21.052s][info][gc             ] GC(30) Pause Young (Allocation Failure) 697M->108M(2001M) 16.570ms
[21.052s][info][gc,cpu         ] GC(30) User=0.09s Sys=0.00s Real=0.02s
[21.120s][info][gc,start       ] GC(31) Pause Young (System.gc())
[21.122s][info][gc,heap        ] GC(31) PSYoungGen: 265121K->646K(650240K)
[21.122s][info][gc,heap        ] GC(31) PSOldGen: 110775K->110775K(1398272K)
[21.122s][info][gc,metaspace   ] GC(31) Metaspace: 23568K(24576K)->23568K(24576K) NonClass: 20643K(21248K)->20643K(21248K) Class: 2925K(3328K)->2925K(3328K)
[21.122s][info][gc             ] GC(31) Pause Young (System.gc()) 367M->108M(2000M) 1.134ms
[21.122s][info][gc,cpu         ] GC(31) User=0.00s Sys=0.00s Real=0.00s
[21.122s][info][gc,start       ] GC(32) Pause Full (System.gc())
[21.122s][info][gc,phases,start] GC(32) Phase 1: Mark live objects
[21.127s][info][gc,phases      ] GC(32) Phase 1: Mark live objects 5.146ms
[21.127s][info][gc,phases,start] GC(32) Phase 2: Compute new object addresses
[21.136s][info][gc,phases      ] GC(32) Phase 2: Compute new object addresses 8.840ms
[21.136s][info][gc,phases,start] GC(32) Phase 3: Adjust pointers
[21.140s][info][gc,phases      ] GC(32) Phase 3: Adjust pointers 3.804ms
[21.140s][info][gc,phases,start] GC(32) Phase 4: Move objects
[21.140s][info][gc,phases      ] GC(32) Phase 4: Move objects 0.009ms
[21.140s][info][gc,heap        ] GC(32) PSYoungGen: 646K->0K(650240K)
[21.140s][info][gc,heap        ] GC(32) PSOldGen: 110775K->57952K(1398272K)
[21.140s][info][gc,metaspace   ] GC(32) Metaspace: 23568K(24576K)->23568K(24576K) NonClass: 20643K(21248K)->20643K(21248K) Class: 2925K(3328K)->2925K(3328K)
[21.140s][info][gc             ] GC(32) Pause Full (System.gc()) 108M->56M(2000M) 18.234ms
[21.140s][info][gc,cpu         ] GC(32) User=0.03s Sys=0.00s Real=0.02s
[22.904s][info][gc,start       ] GC(33) Pause Young (Allocation Failure)
[22.916s][info][gc,heap        ] GC(33) PSYoungGen: 602624K->26165K(649216K)
[22.916s][info][gc,heap        ] GC(33) PSOldGen: 57952K->57952K(1398272K)
[22.916s][info][gc,metaspace   ] GC(33) Metaspace: 23569K(24576K)->23569K(24576K) NonClass: 20643K(21248K)->20643K(21248K) Class: 2925K(3328K)->2925K(3328K)
[22.916s][info][gc             ] GC(33) Pause Young (Allocation Failure) 645M->82M(1999M) 12.182ms
[22.916s][info][gc,cpu         ] GC(33) User=0.00s Sys=0.00s Real=0.02s
[23.039s][info][gc,start       ] GC(34) Pause Young (Allocation Failure)
[23.055s][info][gc,heap        ] GC(34) PSYoungGen: 628789K->0K(650752K)
[23.055s][info][gc,heap        ] GC(34) PSOldGen: 57952K->84112K(1398272K)
[23.055s][info][gc,metaspace   ] GC(34) Metaspace: 23569K(24576K)->23569K(24576K) NonClass: 20643K(21248K)->20643K(21248K) Class: 2925K(3328K)->2925K(3328K)
[23.055s][info][gc             ] GC(34) Pause Young (Allocation Failure) 670M->82M(2001M) 16.120ms
[23.055s][info][gc,cpu         ] GC(34) User=0.09s Sys=0.00s Real=0.02s
[24.836s][info][gc,start       ] GC(35) Pause Young (Allocation Failure)
[24.848s][info][gc,heap        ] GC(35) PSYoungGen: 602624K->26765K(647680K)
[24.848s][info][gc,heap        ] GC(35) PSOldGen: 84112K->84112K(1398272K)
[24.848s][info][gc,metaspace   ] GC(35) Metaspace: 23569K(24576K)->23569K(24576K) NonClass: 20643K(21248K)->20643K(21248K) Class: 2925K(3328K)->2925K(3328K)
[24.848s][info][gc             ] GC(35) Pause Young (Allocation Failure) 670M->108M(1998M) 12.207ms
[24.848s][info][gc,cpu         ] GC(35) User=0.08s Sys=0.02s Real=0.02s
[24.970s][info][gc,start       ] GC(36) Pause Young (Allocation Failure)
[24.986s][info][gc,heap        ] GC(36) PSYoungGen: 627341K->0K(649728K)
[24.986s][info][gc,heap        ] GC(36) PSOldGen: 84112K->110854K(1398272K)
[24.986s][info][gc,metaspace   ] GC(36) Metaspace: 23569K(24576K)->23569K(24576K) NonClass: 20643K(21248K)->20643K(21248K) Class: 2925K(3328K)->2925K(3328K)
[24.986s][info][gc             ] GC(36) Pause Young (Allocation Failure) 694M->108M(2000M) 16.227ms
[24.986s][info][gc,cpu         ] GC(36) User=0.09s Sys=0.00s Real=0.03s
[25.056s][info][gc,start       ] GC(37) Pause Young (System.gc())
[25.057s][info][gc,heap        ] GC(37) PSYoungGen: 276247K->678K(652800K)
[25.057s][info][gc,heap        ] GC(37) PSOldGen: 110854K->110854K(1398272K)
[25.057s][info][gc,metaspace   ] GC(37) Metaspace: 23569K(24576K)->23569K(24576K) NonClass: 20643K(21248K)->20643K(21248K) Class: 2925K(3328K)->2925K(3328K)
[25.057s][info][gc             ] GC(37) Pause Young (System.gc()) 378M->108M(2003M) 1.236ms
[25.057s][info][gc,cpu         ] GC(37) User=0.00s Sys=0.00s Real=0.00s
[25.057s][info][gc,start       ] GC(38) Pause Full (System.gc())
[25.057s][info][gc,phases,start] GC(38) Phase 1: Mark live objects
[25.063s][info][gc,phases      ] GC(38) Phase 1: Mark live objects 5.327ms
[25.063s][info][gc,phases,start] GC(38) Phase 2: Compute new object addresses
[25.071s][info][gc,phases      ] GC(38) Phase 2: Compute new object addresses 8.850ms
[25.071s][info][gc,phases,start] GC(38) Phase 3: Adjust pointers
[25.075s][info][gc,phases      ] GC(38) Phase 3: Adjust pointers 3.850ms
[25.075s][info][gc,phases,start] GC(38) Phase 4: Move objects
[25.075s][info][gc,phases      ] GC(38) Phase 4: Move objects 0.009ms
[25.076s][info][gc,heap        ] GC(38) PSYoungGen: 678K->0K(652800K)
[25.076s][info][gc,heap        ] GC(38) PSOldGen: 110854K->58032K(1398272K)
[25.076s][info][gc,metaspace   ] GC(38) Metaspace: 23569K(24576K)->23569K(24576K) NonClass: 20643K(21248K)->20643K(21248K) Class: 2925K(3328K)->2925K(3328K)
[25.076s][info][gc             ] GC(38) Pause Full (System.gc()) 108M->56M(2003M) 18.458ms
[25.076s][info][gc,cpu         ] GC(38) User=0.02s Sys=0.00s Real=0.02s
[26.837s][info][gc,start       ] GC(39) Pause Young (Allocation Failure)
[26.849s][info][gc,heap        ] GC(39) PSYoungGen: 605184K->26151K(631808K)
[26.849s][info][gc,heap        ] GC(39) PSOldGen: 58032K->58032K(1398272K)
[26.849s][info][gc,metaspace   ] GC(39) Metaspace: 23572K(24576K)->23572K(24576K) NonClass: 20647K(21248K)->20647K(21248K) Class: 2925K(3328K)->2925K(3328K)
[26.849s][info][gc             ] GC(39) Pause Young (Allocation Failure) 647M->82M(1982M) 11.860ms
[26.849s][info][gc,cpu         ] GC(39) User=0.09s Sys=0.00s Real=0.02s
[26.972s][info][gc,start       ] GC(40) Pause Young (Allocation Failure)
[26.988s][info][gc,heap        ] GC(40) PSYoungGen: 631335K->0K(651776K)
[26.988s][info][gc,heap        ] GC(40) PSOldGen: 58032K->84191K(1398272K)
[26.988s][info][gc,metaspace   ] GC(40) Metaspace: 23572K(24576K)->23572K(24576K) NonClass: 20647K(21248K)->20647K(21248K) Class: 2925K(3328K)->2925K(3328K)
[26.988s][info][gc             ] GC(40) Pause Young (Allocation Failure) 673M->82M(2002M) 16.145ms
[26.988s][info][gc,cpu         ] GC(40) User=0.09s Sys=0.00s Real=0.02s
[28.768s][info][gc,start       ] GC(41) Pause Young (Allocation Failure)
[28.779s][info][gc,heap        ] GC(41) PSYoungGen: 603648K->26765K(630784K)
[28.779s][info][gc,heap        ] GC(41) PSOldGen: 84191K->84191K(1398272K)
[28.779s][info][gc,metaspace   ] GC(41) Metaspace: 23573K(24576K)->23573K(24576K) NonClass: 20647K(21248K)->20647K(21248K) Class: 2925K(3328K)->2925K(3328K)
[28.779s][info][gc             ] GC(41) Pause Young (Allocation Failure) 671M->108M(1981M) 11.689ms
[28.779s][info][gc,cpu         ] GC(41) User=0.09s Sys=0.00s Real=0.02s
[28.902s][info][gc,start       ] GC(42) Pause Young (Allocation Failure)
[28.917s][info][gc,heap        ] GC(42) PSYoungGen: 630413K->0K(651264K)
[28.917s][info][gc,heap        ] GC(42) PSOldGen: 84191K->110925K(1398272K)
[28.917s][info][gc,metaspace   ] GC(42) Metaspace: 23573K(24576K)->23573K(24576K) NonClass: 20647K(21248K)->20647K(21248K) Class: 2925K(3328K)->2925K(3328K)
[28.917s][info][gc             ] GC(42) Pause Young (Allocation Failure) 697M->108M(2001M) 15.631ms
[28.917s][info][gc,cpu         ] GC(42) User=0.08s Sys=0.00s Real=0.03s
[28.985s][info][gc,start       ] GC(43) Pause Young (System.gc())
[28.986s][info][gc,heap        ] GC(43) PSYoungGen: 264913K->646K(649728K)
[28.986s][info][gc,heap        ] GC(43) PSOldGen: 110925K->110925K(1398272K)
[28.986s][info][gc,metaspace   ] GC(43) Metaspace: 23573K(24576K)->23573K(24576K) NonClass: 20648K(21248K)->20648K(21248K) Class: 2925K(3328K)->2925K(3328K)
[28.986s][info][gc             ] GC(43) Pause Young (System.gc()) 367M->108M(2000M) 1.118ms
[28.986s][info][gc,cpu         ] GC(43) User=0.00s Sys=0.00s Real=0.00s
[28.986s][info][gc,start       ] GC(44) Pause Full (System.gc())
[28.986s][info][gc,phases,start] GC(44) Phase 1: Mark live objects
[28.991s][info][gc,phases      ] GC(44) Phase 1: Mark live objects 5.110ms
[28.991s][info][gc,phases,start] GC(44) Phase 2: Compute new object addresses
[29.000s][info][gc,phases      ] GC(44) Phase 2: Compute new object addresses 8.865ms
[29.000s][info][gc,phases,start] GC(44) Phase 3: Adjust pointers
[29.004s][info][gc,phases      ] GC(44) Phase 3: Adjust pointers 3.860ms
[29.004s][info][gc,phases,start] GC(44) Phase 4: Move objects
[29.004s][info][gc,phases      ] GC(44) Phase 4: Move objects 0.010ms
[29.004s][info][gc,heap        ] GC(44) PSYoungGen: 646K->0K(649728K)
[29.004s][info][gc,heap        ] GC(44) PSOldGen: 110925K->4982K(1398272K)
[29.004s][info][gc,metaspace   ] GC(44) Metaspace: 23573K(24576K)->23573K(24576K) NonClass: 20648K(21248K)->20648K(21248K) Class: 2925K(3328K)->2925K(3328K)
[29.005s][info][gc             ] GC(44) Pause Full (System.gc()) 108M->4M(2000M) 18.263ms
[29.005s][info][gc,cpu         ] GC(44) User=0.02s Sys=0.00s Real=0.01s
[30.767s][info][gc,start       ] GC(45) Pause Young (Allocation Failure)
[30.778s][info][gc,heap        ] GC(45) PSYoungGen: 602112K->26165K(648704K)
[30.778s][info][gc,heap        ] GC(45) PSOldGen: 4982K->4982K(1398272K)
[30.778s][info][gc,metaspace   ] GC(45) Metaspace: 23577K(24576K)->23577K(24576K) NonClass: 20651K(21248K)->20651K(21248K) Class: 2925K(3328K)->2925K(3328K)
[30.778s][info][gc             ] GC(45) Pause Young (Allocation Failure) 592M->30M(1999M) 11.130ms
[30.778s][info][gc,cpu         ] GC(45) User=0.00s Sys=0.00s Real=0.02s
[30.901s][info][gc,start       ] GC(46) Pause Young (Allocation Failure)
[30.916s][info][gc,heap        ] GC(46) PSYoungGen: 628789K->0K(650752K)
[30.916s][info][gc,heap        ] GC(46) PSOldGen: 4982K->31142K(1398272K)
[30.916s][info][gc,metaspace   ] GC(46) Metaspace: 23577K(24576K)->23577K(24576K) NonClass: 20651K(21248K)->20651K(21248K) Class: 2925K(3328K)->2925K(3328K)
[30.916s][info][gc             ] GC(46) Pause Young (Allocation Failure) 618M->30M(2001M) 15.482ms
[30.916s][info][gc,cpu         ] GC(46) User=0.09s Sys=0.00s Real=0.01s
[32.691s][info][gc,start       ] GC(47) Pause Young (Allocation Failure)
[32.703s][info][gc,heap        ] GC(47) PSYoungGen: 602624K->26765K(647168K)
[32.703s][info][gc,heap        ] GC(47) PSOldGen: 31142K->31142K(1398272K)
[32.703s][info][gc,metaspace   ] GC(47) Metaspace: 23577K(24576K)->23577K(24576K) NonClass: 20651K(21248K)->20651K(21248K) Class: 2925K(3328K)->2925K(3328K)
[32.703s][info][gc             ] GC(47) Pause Young (Allocation Failure) 618M->56M(1997M) 12.106ms
[32.703s][info][gc,cpu         ] GC(47) User=0.09s Sys=0.00s Real=0.02s
[32.825s][info][gc,start       ] GC(48) Pause Young (Allocation Failure)
[32.841s][info][gc,heap        ] GC(48) PSYoungGen: 627341K->0K(649728K)
[32.841s][info][gc,heap        ] GC(48) PSOldGen: 31142K->57891K(1398272K)
[32.841s][info][gc,metaspace   ] GC(48) Metaspace: 23577K(24576K)->23577K(24576K) NonClass: 20651K(21248K)->20651K(21248K) Class: 2925K(3328K)->2925K(3328K)
[32.841s][info][gc             ] GC(48) Pause Young (Allocation Failure) 643M->56M(2000M) 16.054ms
[32.841s][info][gc,cpu         ] GC(48) User=0.09s Sys=0.00s Real=0.02s
[32.911s][info][gc,start       ] GC(49) Pause Young (System.gc())
[32.912s][info][gc,heap        ] GC(49) PSYoungGen: 276250K->710K(653312K)
[32.912s][info][gc,heap        ] GC(49) PSOldGen: 57891K->57891K(1398272K)
[32.912s][info][gc,metaspace   ] GC(49) Metaspace: 23577K(24576K)->23577K(24576K) NonClass: 20651K(21248K)->20651K(21248K) Class: 2925K(3328K)->2925K(3328K)
[32.912s][info][gc             ] GC(49) Pause Young (System.gc()) 326M->57M(2003M) 1.033ms
[32.912s][info][gc,cpu         ] GC(49) User=0.00s Sys=0.00s Real=0.00s
[32.913s][info][gc,start       ] GC(50) Pause Full (System.gc())
[32.913s][info][gc,phases,start] GC(50) Phase 1: Mark live objects
[32.918s][info][gc,phases      ] GC(50) Phase 1: Mark live objects 5.174ms
[32.918s][info][gc,phases,start] GC(50) Phase 2: Compute new object addresses
[32.927s][info][gc,phases      ] GC(50) Phase 2: Compute new object addresses 8.763ms
[32.927s][info][gc,phases,start] GC(50) Phase 3: Adjust pointers
[32.930s][info][gc,phases      ] GC(50) Phase 3: Adjust pointers 3.849ms
[32.930s][info][gc,phases,start] GC(50) Phase 4: Move objects
[32.930s][info][gc,phases      ] GC(50) Phase 4: Move objects 0.009ms
[32.931s][info][gc,heap        ] GC(50) PSYoungGen: 710K->0K(653312K)
[32.931s][info][gc,heap        ] GC(50) PSOldGen: 57891K->57891K(1398272K)
[32.931s][info][gc,metaspace   ] GC(50) Metaspace: 23577K(24576K)->23577K(24576K) NonClass: 20651K(21248K)->20651K(21248K) Class: 2925K(3328K)->2925K(3328K)
[32.931s][info][gc             ] GC(50) Pause Full (System.gc()) 57M->56M(2003M) 18.308ms
[32.931s][info][gc,cpu         ] GC(50) User=0.02s Sys=0.00s Real=0.02s
[34.695s][info][gc,start       ] GC(51) Pause Young (Allocation Failure)
[34.706s][info][gc,heap        ] GC(51) PSYoungGen: 605696K->26151K(632320K)
[34.706s][info][gc,heap        ] GC(51) PSOldGen: 57891K->57891K(1398272K)
[34.706s][info][gc,metaspace   ] GC(51) Metaspace: 23579K(24576K)->23579K(24576K) NonClass: 20653K(21248K)->20653K(21248K) Class: 2925K(3328K)->2925K(3328K)
[34.706s][info][gc             ] GC(51) Pause Young (Allocation Failure) 648M->82M(1983M) 11.243ms
[34.706s][info][gc,cpu         ] GC(51) User=0.09s Sys=0.00s Real=0.02s
[34.829s][info][gc,start       ] GC(52) Pause Young (Allocation Failure)
[34.844s][info][gc,heap        ] GC(52) PSYoungGen: 631847K->0K(652288K)
[34.844s][info][gc,heap        ] GC(52) PSOldGen: 57891K->84059K(1398272K)
[34.844s][info][gc,metaspace   ] GC(52) Metaspace: 23579K(24576K)->23579K(24576K) NonClass: 20653K(21248K)->20653K(21248K) Class: 2925K(3328K)->2925K(3328K)
[34.844s][info][gc             ] GC(52) Pause Young (Allocation Failure) 673M->82M(2002M) 15.220ms
[34.844s][info][gc,cpu         ] GC(52) User=0.09s Sys=0.00s Real=0.03s
[36.624s][info][gc,start       ] GC(53) Pause Young (Allocation Failure)
[36.636s][info][gc,heap        ] GC(53) PSYoungGen: 604160K->26747K(631296K)
[36.636s][info][gc,heap        ] GC(53) PSOldGen: 84059K->84059K(1398272K)
[36.636s][info][gc,metaspace   ] GC(53) Metaspace: 23579K(24576K)->23579K(24576K) NonClass: 20653K(21248K)->20653K(21248K) Class: 2925K(3328K)->2925K(3328K)
[36.636s][info][gc             ] GC(53) Pause Young (Allocation Failure) 672M->108M(1982M) 11.814ms
[36.636s][info][gc,cpu         ] GC(53) User=0.00s Sys=0.00s Real=0.02s
[36.759s][info][gc,start       ] GC(54) Pause Young (Allocation Failure)
[36.775s][info][gc,heap        ] GC(54) PSYoungGen: 630907K->0K(651776K)
[36.775s][info][gc,heap        ] GC(54) PSOldGen: 84059K->110801K(1398272K)
[36.775s][info][gc,metaspace   ] GC(54) Metaspace: 23579K(24576K)->23579K(24576K) NonClass: 20653K(21248K)->20653K(21248K) Class: 2925K(3328K)->2925K(3328K)
[36.775s][info][gc             ] GC(54) Pause Young (Allocation Failure) 698M->108M(2002M) 16.514ms
[36.775s][info][gc,cpu         ] GC(54) User=0.09s Sys=0.00s Real=0.03s
[36.843s][info][gc,start       ] GC(55) Pause Young (System.gc())
[36.844s][info][gc,heap        ] GC(55) PSYoungGen: 265367K->678K(650240K)
[36.844s][info][gc,heap        ] GC(55) PSOldGen: 110801K->110801K(1398272K)
[36.844s][info][gc,metaspace   ] GC(55) Metaspace: 23584K(24576K)->23584K(24576K) NonClass: 20658K(21248K)->20658K(21248K) Class: 2925K(3328K)->2925K(3328K)
[36.844s][info][gc             ] GC(55) Pause Young (System.gc()) 367M->108M(2000M) 1.186ms
[36.844s][info][gc,cpu         ] GC(55) User=0.00s Sys=0.00s Real=0.00s
[36.844s][info][gc,start       ] GC(56) Pause Full (System.gc())
[36.844s][info][gc,phases,start] GC(56) Phase 1: Mark live objects
[36.849s][info][gc,phases      ] GC(56) Phase 1: Mark live objects 5.142ms
[36.849s][info][gc,phases,start] GC(56) Phase 2: Compute new object addresses
[36.858s][info][gc,phases      ] GC(56) Phase 2: Compute new object addresses 8.810ms
[36.858s][info][gc,phases,start] GC(56) Phase 3: Adjust pointers
[36.862s][info][gc,phases      ] GC(56) Phase 3: Adjust pointers 3.847ms
[36.862s][info][gc,phases,start] GC(56) Phase 4: Move objects
[36.862s][info][gc,phases      ] GC(56) Phase 4: Move objects 0.009ms
[36.862s][info][gc,heap        ] GC(56) PSYoungGen: 678K->0K(650240K)
[36.862s][info][gc,heap        ] GC(56) PSOldGen: 110801K->57978K(1398272K)
[36.862s][info][gc,metaspace   ] GC(56) Metaspace: 23584K(24576K)->23584K(24576K) NonClass: 20658K(21248K)->20658K(21248K) Class: 2925K(3328K)->2925K(3328K)
[36.862s][info][gc             ] GC(56) Pause Full (System.gc()) 108M->56M(2000M) 18.371ms
[36.862s][info][gc,cpu         ] GC(56) User=0.02s Sys=0.00s Real=0.02s
[38.624s][info][gc,start       ] GC(57) Pause Young (Allocation Failure)
[38.635s][info][gc,heap        ] GC(57) PSYoungGen: 603136K->26165K(648192K)
[38.635s][info][gc,heap        ] GC(57) PSOldGen: 57978K->57986K(1398272K)
[38.635s][info][gc,metaspace   ] GC(57) Metaspace: 23585K(24576K)->23585K(24576K) NonClass: 20659K(21248K)->20659K(21248K) Class: 2925K(3328K)->2925K(3328K)
[38.635s][info][gc             ] GC(57) Pause Young (Allocation Failure) 645M->82M(1998M) 11.384ms
[38.635s][info][gc,cpu         ] GC(57) User=0.00s Sys=0.00s Real=0.02s
[38.757s][info][gc,start       ] GC(58) Pause Young (Allocation Failure)
[38.773s][info][gc,heap        ] GC(58) PSYoungGen: 628789K->0K(650752K)
[38.773s][info][gc,heap        ] GC(58) PSOldGen: 57986K->84153K(1398272K)
[38.773s][info][gc,metaspace   ] GC(58) Metaspace: 23585K(24576K)->23585K(24576K) NonClass: 20659K(21248K)->20659K(21248K) Class: 2925K(3328K)->2925K(3328K)
[38.773s][info][gc             ] GC(58) Pause Young (Allocation Failure) 670M->82M(2001M) 16.207ms
[38.773s][info][gc,cpu         ] GC(58) User=0.09s Sys=0.00s Real=0.02s
[40.549s][info][gc,start       ] GC(59) Pause Young (Allocation Failure)
[40.562s][info][gc,heap        ] GC(59) PSYoungGen: 602624K->26747K(647680K)
[40.562s][info][gc,heap        ] GC(59) PSOldGen: 84153K->84153K(1398272K)
[40.562s][info][gc,metaspace   ] GC(59) Metaspace: 23585K(24576K)->23585K(24576K) NonClass: 20659K(21248K)->20659K(21248K) Class: 2925K(3328K)->2925K(3328K)
[40.562s][info][gc             ] GC(59) Pause Young (Allocation Failure) 670M->108M(1998M) 12.691ms
[40.562s][info][gc,cpu         ] GC(59) User=0.09s Sys=0.00s Real=0.02s
[40.684s][info][gc,start       ] GC(60) Pause Young (Allocation Failure)
[40.701s][info][gc,heap        ] GC(60) PSYoungGen: 628347K->0K(650240K)
[40.701s][info][gc,heap        ] GC(60) PSOldGen: 84153K->110895K(1398272K)
[40.701s][info][gc,metaspace   ] GC(60) Metaspace: 23585K(24576K)->23585K(24576K) NonClass: 20659K(21248K)->20659K(21248K) Class: 2925K(3328K)->2925K(3328K)
[40.701s][info][gc             ] GC(60) Pause Young (Allocation Failure) 695M->108M(2000M) 17.485ms
[40.701s][info][gc,cpu         ] GC(60) User=0.19s Sys=0.00s Real=0.02s
[40.771s][info][gc,start       ] GC(61) Pause Young (System.gc())
[40.773s][info][gc,heap        ] GC(61) PSYoungGen: 276608K->646K(653824K)
[40.773s][info][gc,heap        ] GC(61) PSOldGen: 110895K->110895K(1398272K)
[40.773s][info][gc,metaspace   ] GC(61) Metaspace: 23585K(24576K)->23585K(24576K) NonClass: 20659K(21248K)->20659K(21248K) Class: 2925K(3328K)->2925K(3328K)
[40.773s][info][gc             ] GC(61) Pause Young (System.gc()) 378M->108M(2004M) 1.412ms
[40.773s][info][gc,cpu         ] GC(61) User=0.00s Sys=0.00s Real=0.00s
[40.773s][info][gc,start       ] GC(62) Pause Full (System.gc())
[40.773s][info][gc,phases,start] GC(62) Phase 1: Mark live objects
[40.778s][info][gc,phases      ] GC(62) Phase 1: Mark live objects 5.176ms
[40.778s][info][gc,phases,start] GC(62) Phase 2: Compute new object addresses
[40.787s][info][gc,phases      ] GC(62) Phase 2: Compute new object addresses 8.792ms
[40.787s][info][gc,phases,start] GC(62) Phase 3: Adjust pointers
[40.791s][info][gc,phases      ] GC(62) Phase 3: Adjust pointers 3.843ms
[40.791s][info][gc,phases,start] GC(62) Phase 4: Move objects
[40.791s][info][gc,phases      ] GC(62) Phase 4: Move objects 0.009ms
[40.791s][info][gc,heap        ] GC(62) PSYoungGen: 646K->0K(653824K)
[40.791s][info][gc,heap        ] GC(62) PSOldGen: 110895K->58815K(1398272K)
[40.791s][info][gc,metaspace   ] GC(62) Metaspace: 23585K(24576K)->23585K(24576K) NonClass: 20659K(21248K)->20659K(21248K) Class: 2925K(3328K)->2925K(3328K)
[40.791s][info][gc             ] GC(62) Pause Full (System.gc()) 108M->57M(2004M) 18.388ms
[40.791s][info][gc,cpu         ] GC(62) User=0.02s Sys=0.00s Real=0.03s
[42.560s][info][gc,start       ] GC(63) Pause Young (Allocation Failure)
[42.573s][info][gc,heap        ] GC(63) PSYoungGen: 606720K->26197K(633344K)
[42.573s][info][gc,heap        ] GC(63) PSOldGen: 58815K->58815K(1398272K)
[42.573s][info][gc,metaspace   ] GC(63) Metaspace: 23585K(24576K)->23585K(24576K) NonClass: 20659K(21248K)->20659K(21248K) Class: 2925K(3328K)->2925K(3328K)
[42.573s][info][gc             ] GC(63) Pause Young (Allocation Failure) 649M->83M(1984M) 12.728ms
[42.573s][info][gc,cpu         ] GC(63) User=0.02s Sys=0.00s Real=0.03s
[42.696s][info][gc,start       ] GC(64) Pause Young (Allocation Failure)
[42.713s][info][gc,heap        ] GC(64) PSYoungGen: 632917K->0K(652800K)
[42.714s][info][gc,heap        ] GC(64) PSOldGen: 58815K->84958K(1398272K)
[42.714s][info][gc,metaspace   ] GC(64) Metaspace: 23585K(24576K)->23585K(24576K) NonClass: 20659K(21248K)->20659K(21248K) Class: 2925K(3328K)->2925K(3328K)
[42.714s][info][gc             ] GC(64) Pause Young (Allocation Failure) 675M->82M(2003M) 17.129ms
[42.714s][info][gc,cpu         ] GC(64) User=0.09s Sys=0.00s Real=0.02s
[44.492s][info][gc,start       ] GC(65) Pause Young (Allocation Failure)
[44.505s][info][gc,heap        ] GC(65) PSYoungGen: 605184K->26747K(632320K)
[44.506s][info][gc,heap        ] GC(65) PSOldGen: 84958K->84958K(1398272K)
[44.506s][info][gc,metaspace   ] GC(65) Metaspace: 23586K(24576K)->23586K(24576K) NonClass: 20661K(21248K)->20661K(21248K) Class: 2925K(3328K)->2925K(3328K)
[44.506s][info][gc             ] GC(65) Pause Young (Allocation Failure) 673M->109M(1983M) 13.444ms
[44.506s][info][gc,cpu         ] GC(65) User=0.09s Sys=0.00s Real=0.01s
[44.629s][info][gc,start       ] GC(66) Pause Young (Allocation Failure)
[44.645s][info][gc,heap        ] GC(66) PSYoungGen: 631931K->0K(651776K)
[44.645s][info][gc,heap        ] GC(66) PSOldGen: 84958K->111692K(1398272K)
[44.645s][info][gc,metaspace   ] GC(66) Metaspace: 23586K(24576K)->23586K(24576K) NonClass: 20661K(21248K)->20661K(21248K) Class: 2925K(3328K)->2925K(3328K)
[44.645s][info][gc             ] GC(66) Pause Young (Allocation Failure) 700M->109M(2002M) 16.046ms
[44.645s][info][gc,cpu         ] GC(66) User=0.09s Sys=0.00s Real=0.03s
[44.711s][info][gc,start       ] GC(67) Pause Young (System.gc())
[44.712s][info][gc,heap        ] GC(67) PSYoungGen: 253286K->614K(650240K)
[44.712s][info][gc,heap        ] GC(67) PSOldGen: 111692K->111692K(1398272K)
[44.712s][info][gc,metaspace   ] GC(67) Metaspace: 23586K(24576K)->23586K(24576K) NonClass: 20661K(21248K)->20661K(21248K) Class: 2925K(3328K)->2925K(3328K)
[44.712s][info][gc             ] GC(67) Pause Young (System.gc()) 356M->109M(2000M) 1.132ms
[44.712s][info][gc,cpu         ] GC(67) User=0.00s Sys=0.00s Real=0.00s
[44.712s][info][gc,start       ] GC(68) Pause Full (System.gc())
[44.712s][info][gc,phases,start] GC(68) Phase 1: Mark live objects
[44.717s][info][gc,phases      ] GC(68) Phase 1: Mark live objects 5.329ms
[44.718s][info][gc,phases,start] GC(68) Phase 2: Compute new object addresses
[44.726s][info][gc,phases      ] GC(68) Phase 2: Compute new object addresses 8.654ms
[44.726s][info][gc,phases,start] GC(68) Phase 3: Adjust pointers
[44.730s][info][gc,phases      ] GC(68) Phase 3: Adjust pointers 3.909ms
[44.730s][info][gc,phases,start] GC(68) Phase 4: Move objects
[44.730s][info][gc,phases      ] GC(68) Phase 4: Move objects 0.010ms
[44.730s][info][gc,heap        ] GC(68) PSYoungGen: 614K->0K(650240K)
[44.730s][info][gc,heap        ] GC(68) PSOldGen: 111692K->4982K(1398272K)
[44.730s][info][gc,metaspace   ] GC(68) Metaspace: 23586K(24576K)->23586K(24576K) NonClass: 20661K(21248K)->20661K(21248K) Class: 2925K(3328K)->2925K(3328K)
[44.730s][info][gc             ] GC(68) Pause Full (System.gc()) 109M->4M(2000M) 18.321ms
[44.730s][info][gc,cpu         ] GC(68) User=0.02s Sys=0.00s Real=0.02s
[46.492s][info][gc,start       ] GC(69) Pause Young (Allocation Failure)
[46.503s][info][gc,heap        ] GC(69) PSYoungGen: 603135K->26197K(648704K)
[46.503s][info][gc,heap        ] GC(69) PSOldGen: 4982K->4982K(1398272K)
[46.503s][info][gc,metaspace   ] GC(69) Metaspace: 23589K(24576K)->23589K(24576K) NonClass: 20664K(21248K)->20664K(21248K) Class: 2925K(3328K)->2925K(3328K)
[46.503s][info][gc             ] GC(69) Pause Young (Allocation Failure) 593M->30M(1999M) 11.211ms
[46.503s][info][gc,cpu         ] GC(69) User=0.09s Sys=0.00s Real=0.01s
[46.626s][info][gc,start       ] GC(70) Pause Young (Allocation Failure)
[46.642s][info][gc,heap        ] GC(70) PSYoungGen: 629845K->0K(651264K)
[46.642s][info][gc,heap        ] GC(70) PSOldGen: 4982K->31126K(1398272K)
[46.642s][info][gc,metaspace   ] GC(70) Metaspace: 23589K(24576K)->23589K(24576K) NonClass: 20664K(21248K)->20664K(21248K) Class: 2925K(3328K)->2925K(3328K)
[46.642s][info][gc             ] GC(70) Pause Young (Allocation Failure) 619M->30M(2001M) 15.683ms
[46.642s][info][gc,cpu         ] GC(70) User=0.09s Sys=0.00s Real=0.03s
[48.416s][info][gc,start       ] GC(71) Pause Young (Allocation Failure)
[48.428s][info][gc,heap        ] GC(71) PSYoungGen: 603648K->26765K(647680K)
[48.428s][info][gc,heap        ] GC(71) PSOldGen: 31126K->31126K(1398272K)
[48.428s][info][gc,metaspace   ] GC(71) Metaspace: 23590K(24576K)->23590K(24576K) NonClass: 20664K(21248K)->20664K(21248K) Class: 2925K(3328K)->2925K(3328K)
[48.428s][info][gc             ] GC(71) Pause Young (Allocation Failure) 619M->56M(1998M) 11.622ms
[48.428s][info][gc,cpu         ] GC(71) User=0.09s Sys=0.00s Real=0.02s
[48.550s][info][gc,start       ] GC(72) Pause Young (Allocation Failure)
[48.567s][info][gc,heap        ] GC(72) PSYoungGen: 628365K->0K(650240K)
[48.567s][info][gc,heap        ] GC(72) PSOldGen: 31126K->57859K(1398272K)
[48.567s][info][gc,metaspace   ] GC(72) Metaspace: 23590K(24576K)->23590K(24576K) NonClass: 20664K(21248K)->20664K(21248K) Class: 2925K(3328K)->2925K(3328K)
[48.567s][info][gc             ] GC(72) Pause Young (Allocation Failure) 644M->56M(2000M) 16.630ms
[48.567s][info][gc,cpu         ] GC(72) User=0.08s Sys=0.02s Real=0.02s
[48.636s][info][gc,start       ] GC(73) Pause Young (System.gc())
[48.637s][info][gc,heap        ] GC(73) PSYoungGen: 264685K->678K(653824K)
[48.637s][info][gc,heap        ] GC(73) PSOldGen: 57859K->57859K(1398272K)
[48.637s][info][gc,metaspace   ] GC(73) Metaspace: 23590K(24576K)->23590K(24576K) NonClass: 20664K(21248K)->20664K(21248K) Class: 2925K(3328K)->2925K(3328K)
[48.637s][info][gc             ] GC(73) Pause Young (System.gc()) 314M->57M(2004M) 1.110ms
[48.637s][info][gc,cpu         ] GC(73) User=0.00s Sys=0.00s Real=0.00s
[48.637s][info][gc,start       ] GC(74) Pause Full (System.gc())
[48.637s][info][gc,phases,start] GC(74) Phase 1: Mark live objects
[48.642s][info][gc,phases      ] GC(74) Phase 1: Mark live objects 5.240ms
[48.642s][info][gc,phases,start] GC(74) Phase 2: Compute new object addresses
[48.651s][info][gc,phases      ] GC(74) Phase 2: Compute new object addresses 8.791ms
[48.651s][info][gc,phases,start] GC(74) Phase 3: Adjust pointers
[48.655s][info][gc,phases      ] GC(74) Phase 3: Adjust pointers 3.851ms
[48.655s][info][gc,phases,start] GC(74) Phase 4: Move objects
[48.655s][info][gc,phases      ] GC(74) Phase 4: Move objects 0.009ms
[48.655s][info][gc,heap        ] GC(74) PSYoungGen: 678K->0K(653824K)
[48.655s][info][gc,heap        ] GC(74) PSOldGen: 57859K->57860K(1398272K)
[48.655s][info][gc,metaspace   ] GC(74) Metaspace: 23590K(24576K)->23590K(24576K) NonClass: 20664K(21248K)->20664K(21248K) Class: 2925K(3328K)->2925K(3328K)
[48.655s][info][gc             ] GC(74) Pause Full (System.gc()) 57M->56M(2004M) 18.305ms
[48.655s][info][gc,cpu         ] GC(74) User=0.03s Sys=0.00s Real=0.02s
[50.420s][info][gc,start       ] GC(75) Pause Young (Allocation Failure)
[50.431s][info][gc,heap        ] GC(75) PSYoungGen: 606720K->26165K(633344K)
[50.431s][info][gc,heap        ] GC(75) PSOldGen: 57860K->57860K(1398272K)
[50.431s][info][gc,metaspace   ] GC(75) Metaspace: 23592K(24576K)->23592K(24576K) NonClass: 20666K(21248K)->20666K(21248K) Class: 2925K(3328K)->2925K(3328K)
[50.431s][info][gc             ] GC(75) Pause Young (Allocation Failure) 649M->82M(1984M) 11.322ms
[50.431s][info][gc,cpu         ] GC(75) User=0.00s Sys=0.00s Real=0.01s
[50.554s][info][gc,start       ] GC(76) Pause Young (Allocation Failure)
[50.570s][info][gc,heap        ] GC(76) PSYoungGen: 632885K->0K(652800K)
[50.570s][info][gc,heap        ] GC(76) PSOldGen: 57860K->84027K(1398272K)
[50.570s][info][gc,metaspace   ] GC(76) Metaspace: 23592K(24576K)->23592K(24576K) NonClass: 20666K(21248K)->20666K(21248K) Class: 2925K(3328K)->2925K(3328K)
[50.570s][info][gc             ] GC(76) Pause Young (Allocation Failure) 674M->82M(2003M) 16.057ms
[50.570s][info][gc,cpu         ] GC(76) User=0.09s Sys=0.00s Real=0.03s
[52.344s][info][gc,start       ] GC(77) Pause Young (Allocation Failure)
[52.355s][info][gc,heap        ] GC(77) PSYoungGen: 605184K->26733K(632320K)
[52.355s][info][gc,heap        ] GC(77) PSOldGen: 84027K->84027K(1398272K)
[52.355s][info][gc,metaspace   ] GC(77) Metaspace: 23593K(24576K)->23593K(24576K) NonClass: 20667K(21248K)->20667K(21248K) Class: 2925K(3328K)->2925K(3328K)
[52.355s][info][gc             ] GC(77) Pause Young (Allocation Failure) 673M->108M(1983M) 11.769ms
[52.355s][info][gc,cpu         ] GC(77) User=0.00s Sys=0.00s Real=0.02s
[52.478s][info][gc,start       ] GC(78) Pause Young (Allocation Failure)
[52.494s][info][gc,heap        ] GC(78) PSYoungGen: 631917K->0K(651776K)
[52.494s][info][gc,heap        ] GC(78) PSOldGen: 84027K->110769K(1398272K)
[52.494s][info][gc,metaspace   ] GC(78) Metaspace: 23593K(24576K)->23593K(24576K) NonClass: 20667K(21248K)->20667K(21248K) Class: 2925K(3328K)->2925K(3328K)
[52.494s][info][gc             ] GC(78) Pause Young (Allocation Failure) 699M->108M(2002M) 16.695ms
[52.494s][info][gc,cpu         ] GC(78) User=0.09s Sys=0.00s Real=0.02s
[52.561s][info][gc,start       ] GC(79) Pause Young (System.gc())
[52.562s][info][gc,heap        ] GC(79) PSYoungGen: 253304K->678K(650240K)
[52.562s][info][gc,heap        ] GC(79) PSOldGen: 110769K->110769K(1398272K)
[52.562s][info][gc,metaspace   ] GC(79) Metaspace: 23595K(24576K)->23595K(24576K) NonClass: 20669K(21248K)->20669K(21248K) Class: 2925K(3328K)->2925K(3328K)
[52.563s][info][gc             ] GC(79) Pause Young (System.gc()) 355M->108M(2000M) 1.247ms
[52.563s][info][gc,cpu         ] GC(79) User=0.00s Sys=0.00s Real=0.00s
[52.563s][info][gc,start       ] GC(80) Pause Full (System.gc())
[52.563s][info][gc,phases,start] GC(80) Phase 1: Mark live objects
[52.568s][info][gc,phases      ] GC(80) Phase 1: Mark live objects 5.125ms
[52.568s][info][gc,phases,start] GC(80) Phase 2: Compute new object addresses
[52.577s][info][gc,phases      ] GC(80) Phase 2: Compute new object addresses 8.806ms
[52.577s][info][gc,phases,start] GC(80) Phase 3: Adjust pointers
[52.580s][info][gc,phases      ] GC(80) Phase 3: Adjust pointers 3.867ms
[52.581s][info][gc,phases,start] GC(80) Phase 4: Move objects
[52.581s][info][gc,phases      ] GC(80) Phase 4: Move objects 0.010ms
[52.581s][info][gc,heap        ] GC(80) PSYoungGen: 678K->0K(650240K)
[52.581s][info][gc,heap        ] GC(80) PSOldGen: 110769K->57938K(1398272K)
[52.581s][info][gc,metaspace   ] GC(80) Metaspace: 23595K(24576K)->23595K(24576K) NonClass: 20669K(21248K)->20669K(21248K) Class: 2925K(3328K)->2925K(3328K)
[52.581s][info][gc             ] GC(80) Pause Full (System.gc()) 108M->56M(2000M) 18.230ms
[52.581s][info][gc,cpu         ] GC(80) User=0.02s Sys=0.00s Real=0.02s
[54.340s][info][gc,start       ] GC(81) Pause Young (Allocation Failure)
[54.351s][info][gc,heap        ] GC(81) PSYoungGen: 603136K->26133K(648704K)
[54.351s][info][gc,heap        ] GC(81) PSOldGen: 57938K->57938K(1398272K)
[54.351s][info][gc,metaspace   ] GC(81) Metaspace: 23596K(24576K)->23596K(24576K) NonClass: 20671K(21248K)->20671K(21248K) Class: 2925K(3328K)->2925K(3328K)
[54.351s][info][gc             ] GC(81) Pause Young (Allocation Failure) 645M->82M(1999M) 11.539ms
[54.351s][info][gc,cpu         ] GC(81) User=0.09s Sys=0.00s Real=0.02s
[54.474s][info][gc,start       ] GC(82) Pause Young (Allocation Failure)
[54.490s][info][gc,heap        ] GC(82) PSYoungGen: 629781K->0K(651264K)
[54.490s][info][gc,heap        ] GC(82) PSOldGen: 57938K->84090K(1398272K)
[54.490s][info][gc,metaspace   ] GC(82) Metaspace: 23596K(24576K)->23596K(24576K) NonClass: 20671K(21248K)->20671K(21248K) Class: 2925K(3328K)->2925K(3328K)
[54.490s][info][gc             ] GC(82) Pause Young (Allocation Failure) 671M->82M(2001M) 15.994ms
[54.490s][info][gc,cpu         ] GC(82) User=0.09s Sys=0.00s Real=0.02s
[56.265s][info][gc,start       ] GC(83) Pause Young (Allocation Failure)
[56.277s][info][gc,heap        ] GC(83) PSYoungGen: 603648K->26715K(647680K)
[56.277s][info][gc,heap        ] GC(83) PSOldGen: 84090K->84090K(1398272K)
[56.277s][info][gc,metaspace   ] GC(83) Metaspace: 23596K(24576K)->23596K(24576K) NonClass: 20671K(21248K)->20671K(21248K) Class: 2925K(3328K)->2925K(3328K)
[56.277s][info][gc             ] GC(83) Pause Young (Allocation Failure) 671M->108M(1998M) 12.494ms
[56.277s][info][gc,cpu         ] GC(83) User=0.00s Sys=0.00s Real=0.02s
[56.399s][info][gc,start       ] GC(84) Pause Young (Allocation Failure)
[56.415s][info][gc,heap        ] GC(84) PSYoungGen: 628315K->0K(650240K)
[56.415s][info][gc,heap        ] GC(84) PSOldGen: 84090K->110815K(1398272K)
[56.415s][info][gc,metaspace   ] GC(84) Metaspace: 23596K(24576K)->23596K(24576K) NonClass: 20671K(21248K)->20671K(21248K) Class: 2925K(3328K)->2925K(3328K)
[56.415s][info][gc             ] GC(84) Pause Young (Allocation Failure) 695M->108M(2000M) 16.360ms
[56.415s][info][gc,cpu         ] GC(84) User=0.09s Sys=0.00s Real=0.03s
[56.484s][info][gc,start       ] GC(85) Pause Young (System.gc())
[56.485s][info][gc,heap        ] GC(85) PSYoungGen: 264689K->678K(653824K)
[56.485s][info][gc,heap        ] GC(85) PSOldGen: 110815K->110815K(1398272K)
[56.485s][info][gc,metaspace   ] GC(85) Metaspace: 23598K(24576K)->23598K(24576K) NonClass: 20672K(21248K)->20672K(21248K) Class: 2925K(3328K)->2925K(3328K)
[56.485s][info][gc             ] GC(85) Pause Young (System.gc()) 366M->108M(2004M) 1.127ms
[56.485s][info][gc,cpu         ] GC(85) User=0.00s Sys=0.00s Real=0.00s
[56.485s][info][gc,start       ] GC(86) Pause Full (System.gc())
[56.485s][info][gc,phases,start] GC(86) Phase 1: Mark live objects
[56.490s][info][gc,phases      ] GC(86) Phase 1: Mark live objects 5.425ms
[56.490s][info][gc,phases,start] GC(86) Phase 2: Compute new object addresses
[56.499s][info][gc,phases      ] GC(86) Phase 2: Compute new object addresses 8.680ms
[56.499s][info][gc,phases,start] GC(86) Phase 3: Adjust pointers
[56.503s][info][gc,phases      ] GC(86) Phase 3: Adjust pointers 3.859ms
[56.503s][info][gc,phases,start] GC(86) Phase 4: Move objects
[56.503s][info][gc,phases      ] GC(86) Phase 4: Move objects 0.009ms
[56.503s][info][gc,heap        ] GC(86) PSYoungGen: 678K->0K(653824K)
[56.503s][info][gc,heap        ] GC(86) PSOldGen: 110815K->57982K(1398272K)
[56.503s][info][gc,metaspace   ] GC(86) Metaspace: 23598K(24576K)->23598K(24576K) NonClass: 20672K(21248K)->20672K(21248K) Class: 2925K(3328K)->2925K(3328K)
[56.503s][info][gc             ] GC(86) Pause Full (System.gc()) 108M->56M(2004M) 18.473ms
[56.503s][info][gc,cpu         ] GC(86) User=0.02s Sys=0.00s Real=0.02s
[58.268s][info][gc,start       ] GC(87) Pause Young (Allocation Failure)
[58.279s][info][gc,heap        ] GC(87) PSYoungGen: 606720K->26165K(633344K)
[58.279s][info][gc,heap        ] GC(87) PSOldGen: 57982K->57990K(1398272K)
[58.279s][info][gc,metaspace   ] GC(87) Metaspace: 23611K(24576K)->23611K(24576K) NonClass: 20685K(21248K)->20685K(21248K) Class: 2925K(3328K)->2925K(3328K)
[58.279s][info][gc             ] GC(87) Pause Young (Allocation Failure) 649M->82M(1984M) 11.211ms
[58.279s][info][gc,cpu         ] GC(87) User=0.00s Sys=0.00s Real=0.01s
[58.402s][info][gc,start       ] GC(88) Pause Young (Allocation Failure)
[58.417s][info][gc,heap        ] GC(88) PSYoungGen: 632885K->0K(652800K)
[58.417s][info][gc,heap        ] GC(88) PSOldGen: 57990K->84141K(1398272K)
[58.417s][info][gc,metaspace   ] GC(88) Metaspace: 23611K(24576K)->23611K(24576K) NonClass: 20685K(21248K)->20685K(21248K) Class: 2925K(3328K)->2925K(3328K)
[58.417s][info][gc             ] GC(88) Pause Young (Allocation Failure) 674M->82M(2003M) 15.328ms
[58.417s][info][gc,cpu         ] GC(88) User=0.09s Sys=0.00s Real=0.02s
[60.192s][info][gc,start       ] GC(89) Pause Young (Allocation Failure)
[60.206s][info][gc,heap        ] GC(89) PSYoungGen: 605184K->26765K(632320K)
[60.206s][info][gc,heap        ] GC(89) PSOldGen: 84141K->84141K(1398272K)
[60.206s][info][gc,metaspace   ] GC(89) Metaspace: 23613K(24576K)->23613K(24576K) NonClass: 20688K(21248K)->20688K(21248K) Class: 2925K(3328K)->2925K(3328K)
[60.206s][info][gc             ] GC(89) Pause Young (Allocation Failure) 673M->108M(1983M) 14.396ms
[60.206s][info][gc,cpu         ] GC(89) User=0.08s Sys=0.00s Real=0.02s
[60.330s][info][gc,start       ] GC(90) Pause Young (Allocation Failure)
[60.345s][info][gc,heap        ] GC(90) PSYoungGen: 631949K->0K(651776K)
[60.345s][info][gc,heap        ] GC(90) PSOldGen: 84141K->110867K(1398272K)
[60.345s][info][gc,metaspace   ] GC(90) Metaspace: 23613K(24576K)->23613K(24576K) NonClass: 20688K(21248K)->20688K(21248K) Class: 2925K(3328K)->2925K(3328K)
[60.345s][info][gc             ] GC(90) Pause Young (Allocation Failure) 699M->108M(2002M) 15.776ms
[60.345s][info][gc,cpu         ] GC(90) User=0.09s Sys=0.00s Real=0.03s
[60.412s][info][gc,start       ] GC(91) Pause Young (System.gc())
[60.414s][info][gc,heap        ] GC(91) PSYoungGen: 253238K->678K(650240K)
[60.414s][info][gc,heap        ] GC(91) PSOldGen: 110867K->110867K(1398272K)
[60.414s][info][gc,metaspace   ] GC(91) Metaspace: 23616K(24576K)->23616K(24576K) NonClass: 20691K(21248K)->20691K(21248K) Class: 2925K(3328K)->2925K(3328K)
[60.414s][info][gc             ] GC(91) Pause Young (System.gc()) 355M->108M(2000M) 1.330ms
[60.414s][info][gc,cpu         ] GC(91) User=0.00s Sys=0.00s Real=0.00s
[60.414s][info][gc,start       ] GC(92) Pause Full (System.gc())
[60.414s][info][gc,phases,start] GC(92) Phase 1: Mark live objects
[60.419s][info][gc,phases      ] GC(92) Phase 1: Mark live objects 5.620ms
[60.420s][info][gc,phases,start] GC(92) Phase 2: Compute new object addresses
[60.428s][info][gc,phases      ] GC(92) Phase 2: Compute new object addresses 8.653ms
[60.428s][info][gc,phases,start] GC(92) Phase 3: Adjust pointers
[60.432s][info][gc,phases      ] GC(92) Phase 3: Adjust pointers 3.869ms
[60.432s][info][gc,phases,start] GC(92) Phase 4: Move objects
[60.432s][info][gc,phases      ] GC(92) Phase 4: Move objects 0.010ms
[60.432s][info][gc,heap        ] GC(92) PSYoungGen: 678K->0K(650240K)
[60.432s][info][gc,heap        ] GC(92) PSOldGen: 110867K->4983K(1398272K)
[60.432s][info][gc,metaspace   ] GC(92) Metaspace: 23616K(24576K)->23616K(24576K) NonClass: 20691K(21248K)->20691K(21248K) Class: 2925K(3328K)->2925K(3328K)
[60.432s][info][gc             ] GC(92) Pause Full (System.gc()) 108M->4M(2000M) 18.563ms
[60.432s][info][gc,cpu         ] GC(92) User=0.02s Sys=0.00s Real=0.01s
[62.195s][info][gc,start       ] GC(93) Pause Young (Allocation Failure)
[62.206s][info][gc,heap        ] GC(93) PSYoungGen: 603136K->26165K(648704K)
[62.207s][info][gc,heap        ] GC(93) PSOldGen: 4983K->4983K(1398272K)
[62.207s][info][gc,metaspace   ] GC(93) Metaspace: 23617K(24576K)->23617K(24576K) NonClass: 20691K(21248K)->20691K(21248K) Class: 2925K(3328K)->2925K(3328K)
[62.207s][info][gc             ] GC(93) Pause Young (Allocation Failure) 593M->30M(1999M) 11.420ms
[62.207s][info][gc,cpu         ] GC(93) User=0.09s Sys=0.00s Real=0.02s
[62.329s][info][gc,start       ] GC(94) Pause Young (Allocation Failure)
[62.346s][info][gc,heap        ] GC(94) PSYoungGen: 629813K->0K(651264K)
[62.346s][info][gc,heap        ] GC(94) PSOldGen: 4983K->31142K(1398272K)
[62.346s][info][gc,metaspace   ] GC(94) Metaspace: 23617K(24576K)->23617K(24576K) NonClass: 20691K(21248K)->20691K(21248K) Class: 2925K(3328K)->2925K(3328K)
[62.346s][info][gc             ] GC(94) Pause Young (Allocation Failure) 619M->30M(2001M) 16.619ms
[62.346s][info][gc,cpu         ] GC(94) User=0.09s Sys=0.00s Real=0.03s
[64.121s][info][gc,start       ] GC(95) Pause Young (Allocation Failure)
[64.132s][info][gc,heap        ] GC(95) PSYoungGen: 603648K->26715K(647680K)
[64.132s][info][gc,heap        ] GC(95) PSOldGen: 31142K->31142K(1398272K)
[64.132s][info][gc,metaspace   ] GC(95) Metaspace: 23617K(24576K)->23617K(24576K) NonClass: 20691K(21248K)->20691K(21248K) Class: 2925K(3328K)->2925K(3328K)
[64.132s][info][gc             ] GC(95) Pause Young (Allocation Failure) 619M->56M(1998M) 11.588ms
[64.132s][info][gc,cpu         ] GC(95) User=0.09s Sys=0.00s Real=0.03s
[64.255s][info][gc,start       ] GC(96) Pause Young (Allocation Failure)
[64.271s][info][gc,heap        ] GC(96) PSYoungGen: 628315K->0K(650240K)
[64.271s][info][gc,heap        ] GC(96) PSOldGen: 31142K->57876K(1398272K)
[64.271s][info][gc,metaspace   ] GC(96) Metaspace: 23617K(24576K)->23617K(24576K) NonClass: 20691K(21248K)->20691K(21248K) Class: 2925K(3328K)->2925K(3328K)
[64.271s][info][gc             ] GC(96) Pause Young (Allocation Failure) 644M->56M(2000M) 16.221ms
[64.271s][info][gc,cpu         ] GC(96) User=0.09s Sys=0.00s Real=0.02s
[64.343s][info][gc,start       ] GC(97) Pause Young (System.gc())
[64.344s][info][gc,heap        ] GC(97) PSYoungGen: 264677K->678K(653824K)
[64.344s][info][gc,heap        ] GC(97) PSOldGen: 57876K->57876K(1398272K)
[64.344s][info][gc,metaspace   ] GC(97) Metaspace: 23617K(24576K)->23617K(24576K) NonClass: 20691K(21248K)->20691K(21248K) Class: 2925K(3328K)->2925K(3328K)
[64.344s][info][gc             ] GC(97) Pause Young (System.gc()) 314M->57M(2004M) 1.115ms
[64.344s][info][gc,cpu         ] GC(97) User=0.00s Sys=0.00s Real=0.00s
[64.344s][info][gc,start       ] GC(98) Pause Full (System.gc())
[64.344s][info][gc,phases,start] GC(98) Phase 1: Mark live objects
[64.350s][info][gc,phases      ] GC(98) Phase 1: Mark live objects 5.634ms
[64.350s][info][gc,phases,start] GC(98) Phase 2: Compute new object addresses
[64.358s][info][gc,phases      ] GC(98) Phase 2: Compute new object addresses 8.587ms
[64.358s][info][gc,phases,start] GC(98) Phase 3: Adjust pointers
[64.362s][info][gc,phases      ] GC(98) Phase 3: Adjust pointers 3.914ms
[64.362s][info][gc,phases,start] GC(98) Phase 4: Move objects
[64.362s][info][gc,phases      ] GC(98) Phase 4: Move objects 0.009ms
[64.362s][info][gc,heap        ] GC(98) PSYoungGen: 678K->0K(653824K)
[64.362s][info][gc,heap        ] GC(98) PSOldGen: 57876K->57876K(1398272K)
[64.362s][info][gc,metaspace   ] GC(98) Metaspace: 23617K(24576K)->23617K(24576K) NonClass: 20691K(21248K)->20691K(21248K) Class: 2925K(3328K)->2925K(3328K)
[64.362s][info][gc             ] GC(98) Pause Full (System.gc()) 57M->56M(2004M) 18.567ms
[64.362s][info][gc,cpu         ] GC(98) User=0.02s Sys=0.00s Real=0.03s
[66.126s][info][gc,start       ] GC(99) Pause Young (Allocation Failure)
[66.138s][info][gc,heap        ] GC(99) PSYoungGen: 607232K->26165K(633856K)
[66.138s][info][gc,heap        ] GC(99) PSOldGen: 57876K->57876K(1398272K)
[66.138s][info][gc,metaspace   ] GC(99) Metaspace: 23624K(24576K)->23624K(24576K) NonClass: 20698K(21248K)->20698K(21248K) Class: 2925K(3328K)->2925K(3328K)
[66.138s][info][gc             ] GC(99) Pause Young (Allocation Failure) 649M->82M(1984M) 11.909ms
[66.138s][info][gc,cpu         ] GC(99) User=0.00s Sys=0.00s Real=0.01s
[66.261s][info][gc,start       ] GC(100) Pause Young (Allocation Failure)
[66.277s][info][gc,heap        ] GC(100) PSYoungGen: 633397K->0K(652800K)
[66.277s][info][gc,heap        ] GC(100) PSOldGen: 57876K->84019K(1398272K)
[66.277s][info][gc,metaspace   ] GC(100) Metaspace: 23624K(24576K)->23624K(24576K) NonClass: 20698K(21248K)->20698K(21248K) Class: 2925K(3328K)->2925K(3328K)
[66.277s][info][gc             ] GC(100) Pause Young (Allocation Failure) 675M->82M(2003M) 15.772ms
[66.277s][info][gc,cpu         ] GC(100) User=0.09s Sys=0.00s Real=0.02s
[68.049s][info][gc,start       ] GC(101) Pause Young (Allocation Failure)
[68.063s][info][gc,heap        ] GC(101) PSYoungGen: 605184K->26701K(632320K)
[68.063s][info][gc,heap        ] GC(101) PSOldGen: 84019K->84019K(1398272K)
[68.063s][info][gc,metaspace   ] GC(101) Metaspace: 23626K(24576K)->23626K(24576K) NonClass: 20700K(21248K)->20700K(21248K) Class: 2925K(3328K)->2925K(3328K)
[68.063s][info][gc             ] GC(101) Pause Young (Allocation Failure) 673M->108M(1983M) 13.547ms
[68.063s][info][gc,cpu         ] GC(101) User=0.09s Sys=0.00s Real=0.01s
[68.186s][info][gc,start       ] GC(102) Pause Young (Allocation Failure)
[68.202s][info][gc,heap        ] GC(102) PSYoungGen: 631885K->0K(652288K)
[68.203s][info][gc,heap        ] GC(102) PSOldGen: 84019K->110745K(1398272K)
[68.203s][info][gc,metaspace   ] GC(102) Metaspace: 23626K(24576K)->23626K(24576K) NonClass: 20700K(21248K)->20700K(21248K) Class: 2925K(3328K)->2925K(3328K)
[68.203s][info][gc             ] GC(102) Pause Young (Allocation Failure) 699M->108M(2002M) 17.021ms
[68.203s][info][gc,cpu         ] GC(102) User=0.09s Sys=0.00s Real=0.03s
[68.270s][info][gc,start       ] GC(103) Pause Young (System.gc())
[68.271s][info][gc,heap        ] GC(103) PSYoungGen: 253517K->678K(650240K)
[68.271s][info][gc,heap        ] GC(103) PSOldGen: 110745K->110745K(1398272K)
[68.271s][info][gc,metaspace   ] GC(103) Metaspace: 23626K(24576K)->23626K(24576K) NonClass: 20700K(21248K)->20700K(21248K) Class: 2925K(3328K)->2925K(3328K)
[68.271s][info][gc             ] GC(103) Pause Young (System.gc()) 355M->108M(2000M) 1.295ms
[68.271s][info][gc,cpu         ] GC(103) User=0.00s Sys=0.00s Real=0.00s
[68.271s][info][gc,start       ] GC(104) Pause Full (System.gc())
[68.271s][info][gc,phases,start] GC(104) Phase 1: Mark live objects
[68.276s][info][gc,phases      ] GC(104) Phase 1: Mark live objects 5.528ms
[68.276s][info][gc,phases,start] GC(104) Phase 2: Compute new object addresses
[68.285s][info][gc,phases      ] GC(104) Phase 2: Compute new object addresses 8.908ms
[68.285s][info][gc,phases,start] GC(104) Phase 3: Adjust pointers
[68.289s][info][gc,phases      ] GC(104) Phase 3: Adjust pointers 3.932ms
[68.289s][info][gc,phases,start] GC(104) Phase 4: Move objects
[68.289s][info][gc,phases      ] GC(104) Phase 4: Move objects 0.009ms
[68.290s][info][gc,heap        ] GC(104) PSYoungGen: 678K->0K(650240K)
[68.290s][info][gc,heap        ] GC(104) PSOldGen: 110745K->57962K(1398272K)
[68.290s][info][gc,metaspace   ] GC(104) Metaspace: 23626K(24576K)->23626K(24576K) NonClass: 20700K(21248K)->20700K(21248K) Class: 2925K(3328K)->2925K(3328K)
[68.290s][info][gc             ] GC(104) Pause Full (System.gc()) 108M->56M(2000M) 18.851ms
[68.290s][info][gc,cpu         ] GC(104) User=0.02s Sys=0.00s Real=0.02s
[70.050s][info][gc,start       ] GC(105) Pause Young (Allocation Failure)
[70.061s][info][gc,heap        ] GC(105) PSYoungGen: 603648K->26133K(648704K)
[70.061s][info][gc,heap        ] GC(105) PSOldGen: 57962K->57962K(1398272K)
[70.061s][info][gc,metaspace   ] GC(105) Metaspace: 23626K(24576K)->23626K(24576K) NonClass: 20700K(21248K)->20700K(21248K) Class: 2925K(3328K)->2925K(3328K)
[70.061s][info][gc             ] GC(105) Pause Young (Allocation Failure) 646M->82M(1999M) 11.282ms
[70.061s][info][gc,cpu         ] GC(105) User=0.09s Sys=0.00s Real=0.02s
[70.183s][info][gc,start       ] GC(106) Pause Young (Allocation Failure)
[70.199s][info][gc,heap        ] GC(106) PSYoungGen: 629781K->0K(651264K)
[70.199s][info][gc,heap        ] GC(106) PSOldGen: 57962K->84114K(1398272K)
[70.199s][info][gc,metaspace   ] GC(106) Metaspace: 23626K(24576K)->23626K(24576K) NonClass: 20700K(21248K)->20700K(21248K) Class: 2925K(3328K)->2925K(3328K)
[70.199s][info][gc             ] GC(106) Pause Young (Allocation Failure) 671M->82M(2001M) 15.774ms
[70.199s][info][gc,cpu         ] GC(106) User=0.09s Sys=0.00s Real=0.03s
[71.981s][info][gc,start       ] GC(107) Pause Young (Allocation Failure)
[71.992s][info][gc,heap        ] GC(107) PSYoungGen: 603648K->26715K(647680K)
[71.992s][info][gc,heap        ] GC(107) PSOldGen: 84114K->84114K(1398272K)
[71.992s][info][gc,metaspace   ] GC(107) Metaspace: 23626K(24576K)->23626K(24576K) NonClass: 20700K(21248K)->20700K(21248K) Class: 2925K(3328K)->2925K(3328K)
[71.992s][info][gc             ] GC(107) Pause Young (Allocation Failure) 671M->108M(1998M) 11.655ms
[71.992s][info][gc,cpu         ] GC(107) User=0.09s Sys=0.00s Real=0.02s
[72.114s][info][gc,start       ] GC(108) Pause Young (Allocation Failure)
[72.129s][info][gc,heap        ] GC(108) PSYoungGen: 628315K->0K(650240K)
[72.129s][info][gc,heap        ] GC(108) PSOldGen: 84114K->110863K(1398272K)
[72.129s][info][gc,metaspace   ] GC(108) Metaspace: 23626K(24576K)->23626K(24576K) NonClass: 20700K(21248K)->20700K(21248K) Class: 2925K(3328K)->2925K(3328K)
[72.129s][info][gc             ] GC(108) Pause Young (Allocation Failure) 695M->108M(2000M) 15.655ms
[72.129s][info][gc,cpu         ] GC(108) User=0.09s Sys=0.00s Real=0.03s
[72.198s][info][gc,start       ] GC(109) Pause Young (System.gc())
[72.200s][info][gc,heap        ] GC(109) PSYoungGen: 264689K->646K(653824K)
[72.200s][info][gc,heap        ] GC(109) PSOldGen: 110863K->110863K(1398272K)
[72.200s][info][gc,metaspace   ] GC(109) Metaspace: 23628K(24576K)->23628K(24576K) NonClass: 20702K(21248K)->20702K(21248K) Class: 2925K(3328K)->2925K(3328K)
[72.200s][info][gc             ] GC(109) Pause Young (System.gc()) 366M->108M(2004M) 1.275ms
[72.200s][info][gc,cpu         ] GC(109) User=0.00s Sys=0.00s Real=0.01s
[72.200s][info][gc,start       ] GC(110) Pause Full (System.gc())
[72.200s][info][gc,phases,start] GC(110) Phase 1: Mark live objects
[72.205s][info][gc,phases      ] GC(110) Phase 1: Mark live objects 5.181ms
[72.205s][info][gc,phases,start] GC(110) Phase 2: Compute new object addresses
[72.214s][info][gc,phases      ] GC(110) Phase 2: Compute new object addresses 8.811ms
[72.214s][info][gc,phases,start] GC(110) Phase 3: Adjust pointers
[72.218s][info][gc,phases      ] GC(110) Phase 3: Adjust pointers 3.914ms
[72.218s][info][gc,phases,start] GC(110) Phase 4: Move objects
[72.218s][info][gc,phases      ] GC(110) Phase 4: Move objects 0.009ms
[72.218s][info][gc,heap        ] GC(110) PSYoungGen: 646K->0K(653824K)
[72.218s][info][gc,heap        ] GC(110) PSOldGen: 110863K->58040K(1398272K)
[72.218s][info][gc,metaspace   ] GC(110) Metaspace: 23628K(24576K)->23628K(24576K) NonClass: 20702K(21248K)->20702K(21248K) Class: 2925K(3328K)->2925K(3328K)
[72.218s][info][gc             ] GC(110) Pause Full (System.gc()) 108M->56M(2004M) 18.331ms
[72.218s][info][gc,cpu         ] GC(110) User=0.03s Sys=0.00s Real=0.01s
[73.982s][info][gc,start       ] GC(111) Pause Young (Allocation Failure)
[73.994s][info][gc,heap        ] GC(111) PSYoungGen: 607232K->26165K(633856K)
[73.994s][info][gc,heap        ] GC(111) PSOldGen: 58040K->58040K(1398272K)
[73.994s][info][gc,metaspace   ] GC(111) Metaspace: 23629K(24576K)->23629K(24576K) NonClass: 20704K(21248K)->20704K(21248K) Class: 2925K(3328K)->2925K(3328K)
[73.994s][info][gc             ] GC(111) Pause Young (Allocation Failure) 649M->82M(1984M) 11.973ms
[73.994s][info][gc,cpu         ] GC(111) User=0.02s Sys=0.00s Real=0.02s
[74.117s][info][gc,start       ] GC(112) Pause Young (Allocation Failure)
[74.132s][info][gc,heap        ] GC(112) PSYoungGen: 633397K->0K(652800K)
[74.132s][info][gc,heap        ] GC(112) PSOldGen: 58040K->84192K(1398272K)
[74.132s][info][gc,metaspace   ] GC(112) Metaspace: 23629K(24576K)->23629K(24576K) NonClass: 20704K(21248K)->20704K(21248K) Class: 2925K(3328K)->2925K(3328K)
[74.132s][info][gc             ] GC(112) Pause Young (Allocation Failure) 675M->82M(2003M) 15.356ms
[74.132s][info][gc,cpu         ] GC(112) User=0.09s Sys=0.00s Real=0.02s
[75.915s][info][gc,start       ] GC(113) Pause Young (Allocation Failure)
[75.927s][info][gc,heap        ] GC(113) PSYoungGen: 605184K->26747K(632320K)
[75.927s][info][gc,heap        ] GC(113) PSOldGen: 84192K->84192K(1398272K)
[75.927s][info][gc,metaspace   ] GC(113) Metaspace: 23633K(24576K)->23633K(24576K) NonClass: 20708K(21248K)->20708K(21248K) Class: 2925K(3328K)->2925K(3328K)
[75.927s][info][gc             ] GC(113) Pause Young (Allocation Failure) 673M->108M(1983M) 12.138ms
[75.927s][info][gc,cpu         ] GC(113) User=0.08s Sys=0.00s Real=0.02s
[76.050s][info][gc,start       ] GC(114) Pause Young (Allocation Failure)
[76.066s][info][gc,heap        ] GC(114) PSYoungGen: 631931K->0K(652288K)
[76.066s][info][gc,heap        ] GC(114) PSOldGen: 84192K->110926K(1398272K)
[76.066s][info][gc,metaspace   ] GC(114) Metaspace: 23633K(24576K)->23633K(24576K) NonClass: 20708K(21248K)->20708K(21248K) Class: 2925K(3328K)->2925K(3328K)
[76.067s][info][gc             ] GC(114) Pause Young (Allocation Failure) 699M->108M(2002M) 16.662ms
[76.067s][info][gc,cpu         ] GC(114) User=0.09s Sys=0.00s Real=0.02s
[76.133s][info][gc,start       ] GC(115) Pause Young (System.gc())
[76.134s][info][gc,heap        ] GC(115) PSYoungGen: 253519K->710K(650240K)
[76.134s][info][gc,heap        ] GC(115) PSOldGen: 110926K->110926K(1398272K)
[76.134s][info][gc,metaspace   ] GC(115) Metaspace: 23634K(24576K)->23634K(24576K) NonClass: 20708K(21248K)->20708K(21248K) Class: 2925K(3328K)->2925K(3328K)
[76.134s][info][gc             ] GC(115) Pause Young (System.gc()) 355M->109M(2000M) 1.022ms
[76.134s][info][gc,cpu         ] GC(115) User=0.00s Sys=0.00s Real=0.00s
[76.134s][info][gc,start       ] GC(116) Pause Full (System.gc())
[76.134s][info][gc,phases,start] GC(116) Phase 1: Mark live objects
[76.139s][info][gc,phases      ] GC(116) Phase 1: Mark live objects 5.470ms
[76.139s][info][gc,phases,start] GC(116) Phase 2: Compute new object addresses
[76.148s][info][gc,phases      ] GC(116) Phase 2: Compute new object addresses 8.669ms
[76.148s][info][gc,phases,start] GC(116) Phase 3: Adjust pointers
[76.152s][info][gc,phases      ] GC(116) Phase 3: Adjust pointers 3.915ms
[76.152s][info][gc,phases,start] GC(116) Phase 4: Move objects
[76.152s][info][gc,phases      ] GC(116) Phase 4: Move objects 0.009ms
[76.152s][info][gc,heap        ] GC(116) PSYoungGen: 710K->0K(650240K)
[76.152s][info][gc,heap        ] GC(116) PSOldGen: 110926K->4983K(1398272K)
[76.152s][info][gc,metaspace   ] GC(116) Metaspace: 23634K(24576K)->23634K(24576K) NonClass: 20708K(21248K)->20708K(21248K) Class: 2925K(3328K)->2925K(3328K)
[76.152s][info][gc             ] GC(116) Pause Full (System.gc()) 109M->4M(2000M) 18.498ms
[76.152s][info][gc,cpu         ] GC(116) User=0.02s Sys=0.00s Real=0.02s
[77.915s][info][gc,start       ] GC(117) Pause Young (Allocation Failure)
[77.926s][info][gc,heap        ] GC(117) PSYoungGen: 603648K->26197K(648704K)
[77.926s][info][gc,heap        ] GC(117) PSOldGen: 4983K->4983K(1398272K)
[77.926s][info][gc,metaspace   ] GC(117) Metaspace: 23634K(24576K)->23634K(24576K) NonClass: 20708K(21248K)->20708K(21248K) Class: 2925K(3328K)->2925K(3328K)
[77.926s][info][gc             ] GC(117) Pause Young (Allocation Failure) 594M->30M(1999M) 11.596ms
[77.926s][info][gc,cpu         ] GC(117) User=0.08s Sys=0.00s Real=0.02s
[78.049s][info][gc,start       ] GC(118) Pause Young (Allocation Failure)
[78.065s][info][gc,heap        ] GC(118) PSYoungGen: 629845K->0K(651264K)
[78.065s][info][gc,heap        ] GC(118) PSOldGen: 4983K->31142K(1398272K)
[78.065s][info][gc,metaspace   ] GC(118) Metaspace: 23634K(24576K)->23634K(24576K) NonClass: 20708K(21248K)->20708K(21248K) Class: 2925K(3328K)->2925K(3328K)
[78.065s][info][gc             ] GC(118) Pause Young (Allocation Failure) 619M->30M(2001M) 16.158ms
[78.065s][info][gc,cpu         ] GC(118) User=0.09s Sys=0.00s Real=0.02s
[79.843s][info][gc,start       ] GC(119) Pause Young (Allocation Failure)
[79.856s][info][gc,heap        ] GC(119) PSYoungGen: 603648K->26765K(647680K)
[79.856s][info][gc,heap        ] GC(119) PSOldGen: 31142K->31142K(1398272K)
[79.856s][info][gc,metaspace   ] GC(119) Metaspace: 23634K(24576K)->23634K(24576K) NonClass: 20708K(21248K)->20708K(21248K) Class: 2925K(3328K)->2925K(3328K)
[79.856s][info][gc             ] GC(119) Pause Young (Allocation Failure) 619M->56M(1998M) 13.082ms
[79.856s][info][gc,cpu         ] GC(119) User=0.00s Sys=0.00s Real=0.03s
[79.979s][info][gc,start       ] GC(120) Pause Young (Allocation Failure)
[79.995s][info][gc,heap        ] GC(120) PSYoungGen: 628365K->0K(650240K)
[79.995s][info][gc,heap        ] GC(120) PSOldGen: 31142K->57892K(1398272K)
[79.995s][info][gc,metaspace   ] GC(120) Metaspace: 23634K(24576K)->23634K(24576K) NonClass: 20708K(21248K)->20708K(21248K) Class: 2925K(3328K)->2925K(3328K)
[79.995s][info][gc             ] GC(120) Pause Young (Allocation Failure) 644M->56M(2000M) 16.056ms
[79.995s][info][gc,cpu         ] GC(120) User=0.09s Sys=0.00s Real=0.02s
[80.063s][info][gc,start       ] GC(121) Pause Young (System.gc())
[80.064s][info][gc,heap        ] GC(121) PSYoungGen: 264689K->678K(653824K)
[80.064s][info][gc,heap        ] GC(121) PSOldGen: 57892K->57892K(1398272K)
[80.064s][info][gc,metaspace   ] GC(121) Metaspace: 23636K(24576K)->23636K(24576K) NonClass: 20711K(21248K)->20711K(21248K) Class: 2925K(3328K)->2925K(3328K)
[80.064s][info][gc             ] GC(121) Pause Young (System.gc()) 315M->57M(2004M) 1.067ms
[80.064s][info][gc,cpu         ] GC(121) User=0.00s Sys=0.00s Real=0.00s
[80.064s][info][gc,start       ] GC(122) Pause Full (System.gc())
[80.065s][info][gc,phases,start] GC(122) Phase 1: Mark live objects
[80.070s][info][gc,phases      ] GC(122) Phase 1: Mark live objects 5.651ms
[80.070s][info][gc,phases,start] GC(122) Phase 2: Compute new object addresses
[80.079s][info][gc,phases      ] GC(122) Phase 2: Compute new object addresses 8.594ms
[80.079s][info][gc,phases,start] GC(122) Phase 3: Adjust pointers
[80.083s][info][gc,phases      ] GC(122) Phase 3: Adjust pointers 3.898ms
[80.083s][info][gc,phases,start] GC(122) Phase 4: Move objects
[80.083s][info][gc,phases      ] GC(122) Phase 4: Move objects 0.009ms
[80.083s][info][gc,heap        ] GC(122) PSYoungGen: 678K->0K(653824K)
[80.083s][info][gc,heap        ] GC(122) PSOldGen: 57892K->57892K(1398272K)
[80.083s][info][gc,metaspace   ] GC(122) Metaspace: 23636K(24576K)->23636K(24576K) NonClass: 20711K(21248K)->20711K(21248K) Class: 2925K(3328K)->2925K(3328K)
[80.083s][info][gc             ] GC(122) Pause Full (System.gc()) 57M->56M(2004M) 18.559ms
[80.083s][info][gc,cpu         ] GC(122) User=0.02s Sys=0.00s Real=0.02s
[81.844s][info][gc,start       ] GC(123) Pause Young (Allocation Failure)
[81.856s][info][gc,heap        ] GC(123) PSYoungGen: 607232K->26229K(633856K)
[81.856s][info][gc,heap        ] GC(123) PSOldGen: 57892K->57892K(1398272K)
[81.856s][info][gc,metaspace   ] GC(123) Metaspace: 23637K(24576K)->23637K(24576K) NonClass: 20711K(21248K)->20711K(21248K) Class: 2925K(3328K)->2925K(3328K)
[81.856s][info][gc             ] GC(123) Pause Young (Allocation Failure) 649M->82M(1984M) 11.686ms
[81.856s][info][gc,cpu         ] GC(123) User=0.00s Sys=0.00s Real=0.01s
[81.980s][info][gc,start       ] GC(124) Pause Young (Allocation Failure)
[81.995s][info][gc,heap        ] GC(124) PSYoungGen: 633461K->0K(652800K)
[81.995s][info][gc,heap        ] GC(124) PSOldGen: 57892K->84067K(1398272K)
[81.995s][info][gc,metaspace   ] GC(124) Metaspace: 23637K(24576K)->23637K(24576K) NonClass: 20711K(21248K)->20711K(21248K) Class: 2925K(3328K)->2925K(3328K)
[81.995s][info][gc             ] GC(124) Pause Young (Allocation Failure) 675M->82M(2003M) 15.450ms
[81.995s][info][gc,cpu         ] GC(124) User=0.09s Sys=0.00s Real=0.02s
[83.769s][info][gc,start       ] GC(125) Pause Young (Allocation Failure)
[83.781s][info][gc,heap        ] GC(125) PSYoungGen: 605184K->26733K(632320K)
[83.781s][info][gc,heap        ] GC(125) PSOldGen: 84067K->84067K(1398272K)
[83.781s][info][gc,metaspace   ] GC(125) Metaspace: 23637K(24576K)->23637K(24576K) NonClass: 20711K(21248K)->20711K(21248K) Class: 2925K(3328K)->2925K(3328K)
[83.781s][info][gc             ] GC(125) Pause Young (Allocation Failure) 673M->108M(1983M) 11.857ms
[83.781s][info][gc,cpu         ] GC(125) User=0.09s Sys=0.00s Real=0.03s
[83.903s][info][gc,start       ] GC(126) Pause Young (Allocation Failure)
[83.918s][info][gc,heap        ] GC(126) PSYoungGen: 631917K->0K(652288K)
[83.918s][info][gc,heap        ] GC(126) PSOldGen: 84067K->110801K(1398272K)
[83.918s][info][gc,metaspace   ] GC(126) Metaspace: 23637K(24576K)->23637K(24576K) NonClass: 20711K(21248K)->20711K(21248K) Class: 2925K(3328K)->2925K(3328K)
[83.919s][info][gc             ] GC(126) Pause Young (Allocation Failure) 699M->108M(2002M) 15.148ms
[83.919s][info][gc,cpu         ] GC(126) User=0.09s Sys=0.00s Real=0.02s
[83.987s][info][gc,start       ] GC(127) Pause Young (System.gc())
[83.988s][info][gc,heap        ] GC(127) PSYoungGen: 253519K->678K(650240K)
[83.988s][info][gc,heap        ] GC(127) PSOldGen: 110801K->110801K(1398272K)
[83.988s][info][gc,metaspace   ] GC(127) Metaspace: 23637K(24576K)->23637K(24576K) NonClass: 20712K(21248K)->20712K(21248K) Class: 2925K(3328K)->2925K(3328K)
[83.988s][info][gc             ] GC(127) Pause Young (System.gc()) 355M->108M(2000M) 1.133ms
[83.988s][info][gc,cpu         ] GC(127) User=0.00s Sys=0.00s Real=0.00s
[83.988s][info][gc,start       ] GC(128) Pause Full (System.gc())
[83.988s][info][gc,phases,start] GC(128) Phase 1: Mark live objects
[83.994s][info][gc,phases      ] GC(128) Phase 1: Mark live objects 5.240ms
[83.994s][info][gc,phases,start] GC(128) Phase 2: Compute new object addresses
[84.003s][info][gc,phases      ] GC(128) Phase 2: Compute new object addresses 8.749ms
[84.003s][info][gc,phases,start] GC(128) Phase 3: Adjust pointers
[84.006s][info][gc,phases      ] GC(128) Phase 3: Adjust pointers 3.915ms
[84.007s][info][gc,phases,start] GC(128) Phase 4: Move objects
[84.007s][info][gc,phases      ] GC(128) Phase 4: Move objects 0.009ms
[84.007s][info][gc,heap        ] GC(128) PSYoungGen: 678K->0K(650240K)
[84.007s][info][gc,heap        ] GC(128) PSOldGen: 110801K->57979K(1398272K)
[84.007s][info][gc,metaspace   ] GC(128) Metaspace: 23637K(24576K)->23637K(24576K) NonClass: 20712K(21248K)->20712K(21248K) Class: 2925K(3328K)->2925K(3328K)
[84.007s][info][gc             ] GC(128) Pause Full (System.gc()) 108M->56M(2000M) 18.319ms
[84.007s][info][gc,cpu         ] GC(128) User=0.02s Sys=0.00s Real=0.02s
[85.767s][info][gc,start       ] GC(129) Pause Young (Allocation Failure)
[85.778s][info][gc,heap        ] GC(129) PSYoungGen: 603648K->26133K(648704K)
[85.778s][info][gc,heap        ] GC(129) PSOldGen: 57979K->57979K(1398272K)
[85.778s][info][gc,metaspace   ] GC(129) Metaspace: 23647K(24576K)->23647K(24576K) NonClass: 20721K(21248K)->20721K(21248K) Class: 2925K(3328K)->2925K(3328K)
[85.778s][info][gc             ] GC(129) Pause Young (Allocation Failure) 646M->82M(1999M) 11.198ms
[85.778s][info][gc,cpu         ] GC(129) User=0.00s Sys=0.00s Real=0.03s
[85.900s][info][gc,start       ] GC(130) Pause Young (Allocation Failure)
[85.916s][info][gc,heap        ] GC(130) PSYoungGen: 629781K->0K(651264K)
[85.916s][info][gc,heap        ] GC(130) PSOldGen: 57979K->84130K(1398272K)
[85.916s][info][gc,metaspace   ] GC(130) Metaspace: 23647K(24576K)->23647K(24576K) NonClass: 20721K(21248K)->20721K(21248K) Class: 2925K(3328K)->2925K(3328K)
[85.916s][info][gc             ] GC(130) Pause Young (Allocation Failure) 671M->82M(2001M) 15.469ms
[85.916s][info][gc,cpu         ] GC(130) User=0.09s Sys=0.00s Real=0.02s
[87.691s][info][gc,start       ] GC(131) Pause Young (Allocation Failure)
[87.703s][info][gc,heap        ] GC(131) PSYoungGen: 603648K->26733K(647680K)
[87.703s][info][gc,heap        ] GC(131) PSOldGen: 84130K->84130K(1398272K)
[87.703s][info][gc,metaspace   ] GC(131) Metaspace: 23647K(24576K)->23647K(24576K) NonClass: 20721K(21248K)->20721K(21248K) Class: 2925K(3328K)->2925K(3328K)
[87.703s][info][gc             ] GC(131) Pause Young (Allocation Failure) 671M->108M(1998M) 11.696ms
[87.703s][info][gc,cpu         ] GC(131) User=0.08s Sys=0.02s Real=0.01s
[87.826s][info][gc,start       ] GC(132) Pause Young (Allocation Failure)
[87.843s][info][gc,heap        ] GC(132) PSYoungGen: 628333K->0K(650240K)
[87.843s][info][gc,heap        ] GC(132) PSOldGen: 84130K->110864K(1398272K)
[87.843s][info][gc,metaspace   ] GC(132) Metaspace: 23647K(24576K)->23647K(24576K) NonClass: 20721K(21248K)->20721K(21248K) Class: 2925K(3328K)->2925K(3328K)
[87.843s][info][gc             ] GC(132) Pause Young (Allocation Failure) 695M->108M(2000M) 16.531ms
[87.843s][info][gc,cpu         ] GC(132) User=0.09s Sys=0.00s Real=0.02s
[87.912s][info][gc,start       ] GC(133) Pause Young (System.gc())
[87.913s][info][gc,heap        ] GC(133) PSYoungGen: 264689K->646K(653824K)
[87.913s][info][gc,heap        ] GC(133) PSOldGen: 110864K->110864K(1398272K)
[87.913s][info][gc,metaspace   ] GC(133) Metaspace: 23649K(24576K)->23649K(24576K) NonClass: 20724K(21248K)->20724K(21248K) Class: 2925K(3328K)->2925K(3328K)
[87.913s][info][gc             ] GC(133) Pause Young (System.gc()) 366M->108M(2004M) 1.134ms
[87.913s][info][gc,cpu         ] GC(133) User=0.00s Sys=0.00s Real=0.00s
[87.913s][info][gc,start       ] GC(134) Pause Full (System.gc())
[87.913s][info][gc,phases,start] GC(134) Phase 1: Mark live objects
[87.918s][info][gc,phases      ] GC(134) Phase 1: Mark live objects 5.350ms
[87.918s][info][gc,phases,start] GC(134) Phase 2: Compute new object addresses
[87.927s][info][gc,phases      ] GC(134) Phase 2: Compute new object addresses 8.639ms
[87.927s][info][gc,phases,start] GC(134) Phase 3: Adjust pointers
[87.931s][info][gc,phases      ] GC(134) Phase 3: Adjust pointers 4.095ms
[87.931s][info][gc,phases,start] GC(134) Phase 4: Move objects
[87.931s][info][gc,phases      ] GC(134) Phase 4: Move objects 0.010ms
[87.931s][info][gc,heap        ] GC(134) PSYoungGen: 646K->0K(653824K)
[87.931s][info][gc,heap        ] GC(134) PSOldGen: 110864K->58057K(1398272K)
[87.931s][info][gc,metaspace   ] GC(134) Metaspace: 23649K(24576K)->23649K(24576K) NonClass: 20724K(21248K)->20724K(21248K) Class: 2925K(3328K)->2925K(3328K)
[87.931s][info][gc             ] GC(134) Pause Full (System.gc()) 108M->56M(2004M) 18.511ms
[87.931s][info][gc,cpu         ] GC(134) User=0.02s Sys=0.00s Real=0.02s
[89.695s][info][gc,start       ] GC(135) Pause Young (Allocation Failure)
[89.706s][info][gc,heap        ] GC(135) PSYoungGen: 607232K->26165K(633856K)
[89.706s][info][gc,heap        ] GC(135) PSOldGen: 58057K->58057K(1398272K)
[89.706s][info][gc,metaspace   ] GC(135) Metaspace: 23654K(24576K)->23654K(24576K) NonClass: 20728K(21248K)->20728K(21248K) Class: 2925K(3328K)->2925K(3328K)
[89.706s][info][gc             ] GC(135) Pause Young (Allocation Failure) 649M->82M(1984M) 11.170ms
[89.706s][info][gc,cpu         ] GC(135) User=0.09s Sys=0.00s Real=0.01s
[89.829s][info][gc,start       ] GC(136) Pause Young (Allocation Failure)
[89.845s][info][gc,heap        ] GC(136) PSYoungGen: 633397K->0K(652800K)
[89.845s][info][gc,heap        ] GC(136) PSOldGen: 58057K->84209K(1398272K)
[89.845s][info][gc,metaspace   ] GC(136) Metaspace: 23654K(24576K)->23654K(24576K) NonClass: 20728K(21248K)->20728K(21248K) Class: 2925K(3328K)->2925K(3328K)
[89.845s][info][gc             ] GC(136) Pause Young (Allocation Failure) 675M->82M(2003M) 15.703ms
[89.845s][info][gc,cpu         ] GC(136) User=0.09s Sys=0.00s Real=0.03s
[91.620s][info][gc,start       ] GC(137) Pause Young (Allocation Failure)
[91.633s][info][gc,heap        ] GC(137) PSYoungGen: 605184K->26747K(632320K)
[91.633s][info][gc,heap        ] GC(137) PSOldGen: 84209K->84209K(1398272K)
[91.633s][info][gc,metaspace   ] GC(137) Metaspace: 23655K(24576K)->23655K(24576K) NonClass: 20730K(21248K)->20730K(21248K) Class: 2925K(3328K)->2925K(3328K)
[91.633s][info][gc             ] GC(137) Pause Young (Allocation Failure) 673M->108M(1983M) 12.186ms
[91.633s][info][gc,cpu         ] GC(137) User=0.09s Sys=0.00s Real=0.01s
[91.755s][info][gc,start       ] GC(138) Pause Young (Allocation Failure)
[91.771s][info][gc,heap        ] GC(138) PSYoungGen: 631931K->0K(652288K)
[91.771s][info][gc,heap        ] GC(138) PSOldGen: 84209K->110942K(1398272K)
[91.771s][info][gc,metaspace   ] GC(138) Metaspace: 23655K(24576K)->23655K(24576K) NonClass: 20730K(21248K)->20730K(21248K) Class: 2925K(3328K)->2925K(3328K)
[91.771s][info][gc             ] GC(138) Pause Young (Allocation Failure) 699M->108M(2002M) 15.808ms
[91.771s][info][gc,cpu         ] GC(138) User=0.09s Sys=0.00s Real=0.02s
[91.838s][info][gc,start       ] GC(139) Pause Young (System.gc())
[91.839s][info][gc,heap        ] GC(139) PSYoungGen: 253519K->678K(650240K)
[91.839s][info][gc,heap        ] GC(139) PSOldGen: 110942K->110942K(1398272K)
[91.839s][info][gc,metaspace   ] GC(139) Metaspace: 23655K(24576K)->23655K(24576K) NonClass: 20730K(21248K)->20730K(21248K) Class: 2925K(3328K)->2925K(3328K)
[91.839s][info][gc             ] GC(139) Pause Young (System.gc()) 355M->109M(2000M) 1.371ms
[91.839s][info][gc,cpu         ] GC(139) User=0.00s Sys=0.00s Real=0.00s
[91.839s][info][gc,start       ] GC(140) Pause Full (System.gc())
[91.839s][info][gc,phases,start] GC(140) Phase 1: Mark live objects
[91.845s][info][gc,phases      ] GC(140) Phase 1: Mark live objects 5.549ms
[91.845s][info][gc,phases,start] GC(140) Phase 2: Compute new object addresses
[91.853s][info][gc,phases      ] GC(140) Phase 2: Compute new object addresses 8.645ms
[91.853s][info][gc,phases,start] GC(140) Phase 3: Adjust pointers
[91.857s][info][gc,phases      ] GC(140) Phase 3: Adjust pointers 3.934ms
[91.857s][info][gc,phases,start] GC(140) Phase 4: Move objects
[91.857s][info][gc,phases      ] GC(140) Phase 4: Move objects 0.010ms
[91.858s][info][gc,heap        ] GC(140) PSYoungGen: 678K->0K(650240K)
[91.858s][info][gc,heap        ] GC(140) PSOldGen: 110942K->4983K(1398272K)
[91.858s][info][gc,metaspace   ] GC(140) Metaspace: 23655K(24576K)->23655K(24576K) NonClass: 20730K(21248K)->20730K(21248K) Class: 2925K(3328K)->2925K(3328K)
[91.858s][info][gc             ] GC(140) Pause Full (System.gc()) 109M->4M(2000M) 18.548ms
[91.858s][info][gc,cpu         ] GC(140) User=0.02s Sys=0.00s Real=0.02s
[93.623s][info][gc,start       ] GC(141) Pause Young (Allocation Failure)
[93.634s][info][gc,heap        ] GC(141) PSYoungGen: 603648K->26165K(648704K)
[93.634s][info][gc,heap        ] GC(141) PSOldGen: 4983K->4983K(1398272K)
[93.634s][info][gc,metaspace   ] GC(141) Metaspace: 23656K(24576K)->23656K(24576K) NonClass: 20731K(21248K)->20731K(21248K) Class: 2925K(3328K)->2925K(3328K)
[93.634s][info][gc             ] GC(141) Pause Young (Allocation Failure) 594M->30M(1999M) 11.316ms
[93.634s][info][gc,cpu         ] GC(141) User=0.00s Sys=0.00s Real=0.01s
[93.757s][info][gc,start       ] GC(142) Pause Young (Allocation Failure)
[93.772s][info][gc,heap        ] GC(142) PSYoungGen: 629813K->0K(651264K)
[93.772s][info][gc,heap        ] GC(142) PSOldGen: 4983K->31142K(1398272K)
[93.772s][info][gc,metaspace   ] GC(142) Metaspace: 23656K(24576K)->23656K(24576K) NonClass: 20731K(21248K)->20731K(21248K) Class: 2925K(3328K)->2925K(3328K)
[93.772s][info][gc             ] GC(142) Pause Young (Allocation Failure) 619M->30M(2001M) 15.600ms
[93.772s][info][gc,cpu         ] GC(142) User=0.09s Sys=0.00s Real=0.02s
[95.552s][info][gc,start       ] GC(143) Pause Young (Allocation Failure)
[95.565s][info][gc,heap        ] GC(143) PSYoungGen: 603648K->26733K(647680K)
[95.565s][info][gc,heap        ] GC(143) PSOldGen: 31142K->31142K(1398272K)
[95.565s][info][gc,metaspace   ] GC(143) Metaspace: 23658K(24576K)->23658K(24576K) NonClass: 20733K(21248K)->20733K(21248K) Class: 2925K(3328K)->2925K(3328K)
[95.565s][info][gc             ] GC(143) Pause Young (Allocation Failure) 619M->56M(1998M) 13.132ms
[95.565s][info][gc,cpu         ] GC(143) User=0.09s Sys=0.00s Real=0.02s
[95.688s][info][gc,start       ] GC(144) Pause Young (Allocation Failure)
[95.703s][info][gc,heap        ] GC(144) PSYoungGen: 628333K->0K(650240K)
[95.703s][info][gc,heap        ] GC(144) PSOldGen: 31142K->57884K(1398272K)
[95.703s][info][gc,metaspace   ] GC(144) Metaspace: 23658K(24576K)->23658K(24576K) NonClass: 20733K(21248K)->20733K(21248K) Class: 2925K(3328K)->2925K(3328K)
[95.703s][info][gc             ] GC(144) Pause Young (Allocation Failure) 644M->56M(2000M) 15.105ms
[95.703s][info][gc,cpu         ] GC(144) User=0.09s Sys=0.00s Real=0.01s
[95.772s][info][gc,start       ] GC(145) Pause Young (System.gc())
[95.772s][info][gc,heap        ] GC(145) PSYoungGen: 264689K->646K(653824K)
[95.772s][info][gc,heap        ] GC(145) PSOldGen: 57884K->57884K(1398272K)
[95.773s][info][gc,metaspace   ] GC(145) Metaspace: 23658K(24576K)->23658K(24576K) NonClass: 20733K(21248K)->20733K(21248K) Class: 2925K(3328K)->2925K(3328K)
[95.773s][info][gc             ] GC(145) Pause Young (System.gc()) 315M->57M(2004M) 0.889ms
[95.773s][info][gc,cpu         ] GC(145) User=0.00s Sys=0.00s Real=0.00s
[95.773s][info][gc,start       ] GC(146) Pause Full (System.gc())
[95.773s][info][gc,phases,start] GC(146) Phase 1: Mark live objects
[95.778s][info][gc,phases      ] GC(146) Phase 1: Mark live objects 5.239ms
[95.778s][info][gc,phases,start] GC(146) Phase 2: Compute new object addresses
[95.787s][info][gc,phases      ] GC(146) Phase 2: Compute new object addresses 8.658ms
[95.787s][info][gc,phases,start] GC(146) Phase 3: Adjust pointers
[95.791s][info][gc,phases      ] GC(146) Phase 3: Adjust pointers 4.120ms
[95.791s][info][gc,phases,start] GC(146) Phase 4: Move objects
[95.791s][info][gc,phases      ] GC(146) Phase 4: Move objects 0.009ms
[95.791s][info][gc,heap        ] GC(146) PSYoungGen: 646K->0K(653824K)
[95.791s][info][gc,heap        ] GC(146) PSOldGen: 57884K->57884K(1398272K)
[95.791s][info][gc,metaspace   ] GC(146) Metaspace: 23658K(24576K)->23658K(24576K) NonClass: 20733K(21248K)->20733K(21248K) Class: 2925K(3328K)->2925K(3328K)
[95.791s][info][gc             ] GC(146) Pause Full (System.gc()) 57M->56M(2004M) 18.465ms
[95.791s][info][gc,cpu         ] GC(146) User=0.02s Sys=0.00s Real=0.01s
[97.554s][info][gc,start       ] GC(147) Pause Young (Allocation Failure)
[97.566s][info][gc,heap        ] GC(147) PSYoungGen: 607232K->26165K(633856K)
[97.566s][info][gc,heap        ] GC(147) PSOldGen: 57884K->57884K(1398272K)
[97.566s][info][gc,metaspace   ] GC(147) Metaspace: 23658K(24576K)->23658K(24576K) NonClass: 20733K(21248K)->20733K(21248K) Class: 2925K(3328K)->2925K(3328K)
[97.566s][info][gc             ] GC(147) Pause Young (Allocation Failure) 649M->82M(1984M) 12.137ms
[97.566s][info][gc,cpu         ] GC(147) User=0.09s Sys=0.00s Real=0.01s
[97.690s][info][gc,start       ] GC(148) Pause Young (Allocation Failure)
[97.705s][info][gc,heap        ] GC(148) PSYoungGen: 633397K->0K(652800K)
[97.705s][info][gc,heap        ] GC(148) PSOldGen: 57884K->84027K(1398272K)
[97.705s][info][gc,metaspace   ] GC(148) Metaspace: 23658K(24576K)->23658K(24576K) NonClass: 20733K(21248K)->20733K(21248K) Class: 2925K(3328K)->2925K(3328K)
[97.705s][info][gc             ] GC(148) Pause Young (Allocation Failure) 675M->82M(2003M) 15.629ms
[97.705s][info][gc,cpu         ] GC(148) User=0.09s Sys=0.00s Real=0.02s
[99.485s][info][gc,start       ] GC(149) Pause Young (Allocation Failure)
[99.497s][info][gc,heap        ] GC(149) PSYoungGen: 605184K->26715K(632320K)
[99.497s][info][gc,heap        ] GC(149) PSOldGen: 84027K->84027K(1398272K)
[99.497s][info][gc,metaspace   ] GC(149) Metaspace: 23658K(24576K)->23658K(24576K) NonClass: 20733K(21248K)->20733K(21248K) Class: 2925K(3328K)->2925K(3328K)
[99.497s][info][gc             ] GC(149) Pause Young (Allocation Failure) 673M->108M(1983M) 11.871ms
[99.497s][info][gc,cpu         ] GC(149) User=0.00s Sys=0.00s Real=0.01s
[99.619s][info][gc,start       ] GC(150) Pause Young (Allocation Failure)
[99.636s][info][gc,heap        ] GC(150) PSYoungGen: 631899K->0K(652288K)
[99.636s][info][gc,heap        ] GC(150) PSOldGen: 84027K->110769K(1398272K)
[99.636s][info][gc,metaspace   ] GC(150) Metaspace: 23658K(24576K)->23658K(24576K) NonClass: 20733K(21248K)->20733K(21248K) Class: 2925K(3328K)->2925K(3328K)
[99.636s][info][gc             ] GC(150) Pause Young (Allocation Failure) 699M->108M(2002M) 16.358ms
[99.636s][info][gc,cpu         ] GC(150) User=0.09s Sys=0.00s Real=0.02s
[99.702s][info][gc,start       ] GC(151) Pause Young (System.gc())
[99.703s][info][gc,heap        ] GC(151) PSYoungGen: 253519K->678K(650240K)
[99.703s][info][gc,heap        ] GC(151) PSOldGen: 110769K->110769K(1398272K)
[99.703s][info][gc,metaspace   ] GC(151) Metaspace: 23665K(24576K)->23665K(24576K) NonClass: 20740K(21248K)->20740K(21248K) Class: 2925K(3328K)->2925K(3328K)
[99.703s][info][gc             ] GC(151) Pause Young (System.gc()) 355M->108M(2000M) 1.293ms
[99.703s][info][gc,cpu         ] GC(151) User=0.00s Sys=0.00s Real=0.01s
[99.703s][info][gc,start       ] GC(152) Pause Full (System.gc())
[99.703s][info][gc,phases,start] GC(152) Phase 1: Mark live objects
[99.709s][info][gc,phases      ] GC(152) Phase 1: Mark live objects 5.328ms
[99.709s][info][gc,phases,start] GC(152) Phase 2: Compute new object addresses
[99.717s][info][gc,phases      ] GC(152) Phase 2: Compute new object addresses 8.632ms
[99.717s][info][gc,phases,start] GC(152) Phase 3: Adjust pointers
[99.721s][info][gc,phases      ] GC(152) Phase 3: Adjust pointers 4.098ms
[99.721s][info][gc,phases,start] GC(152) Phase 4: Move objects
[99.721s][info][gc,phases      ] GC(152) Phase 4: Move objects 0.009ms
[99.722s][info][gc,heap        ] GC(152) PSYoungGen: 678K->0K(650240K)
[99.722s][info][gc,heap        ] GC(152) PSOldGen: 110769K->57978K(1398272K)
[99.722s][info][gc,metaspace   ] GC(152) Metaspace: 23665K(24576K)->23665K(24576K) NonClass: 20740K(21248K)->20740K(21248K) Class: 2925K(3328K)->2925K(3328K)
[99.722s][info][gc             ] GC(152) Pause Full (System.gc()) 108M->56M(2000M) 18.524ms
[99.722s][info][gc,cpu         ] GC(152) User=0.02s Sys=0.00s Real=0.00s
[101.487s][info][gc,start       ] GC(153) Pause Young (Allocation Failure)
[101.499s][info][gc,heap        ] GC(153) PSYoungGen: 603648K->26165K(648704K)
[101.499s][info][gc,heap        ] GC(153) PSOldGen: 57978K->57978K(1398272K)
[101.499s][info][gc,metaspace   ] GC(153) Metaspace: 23666K(24576K)->23666K(24576K) NonClass: 20741K(21248K)->20741K(21248K) Class: 2925K(3328K)->2925K(3328K)
[101.499s][info][gc             ] GC(153) Pause Young (Allocation Failure) 646M->82M(1999M) 11.568ms
[101.499s][info][gc,cpu         ] GC(153) User=0.09s Sys=0.00s Real=0.01s
[101.621s][info][gc,start       ] GC(154) Pause Young (Allocation Failure)
[101.638s][info][gc,heap        ] GC(154) PSYoungGen: 629813K->0K(651264K)
[101.638s][info][gc,heap        ] GC(154) PSOldGen: 57978K->84138K(1398272K)
[101.638s][info][gc,metaspace   ] GC(154) Metaspace: 23666K(24576K)->23666K(24576K) NonClass: 20741K(21248K)->20741K(21248K) Class: 2925K(3328K)->2925K(3328K)
[101.638s][info][gc             ] GC(154) Pause Young (Allocation Failure) 671M->82M(2001M) 16.488ms
[101.638s][info][gc,cpu         ] GC(154) User=0.09s Sys=0.00s Real=0.02s
[103.412s][info][gc,start       ] GC(155) Pause Young (Allocation Failure)
[103.423s][info][gc,heap        ] GC(155) PSYoungGen: 603648K->26747K(647680K)
[103.423s][info][gc,heap        ] GC(155) PSOldGen: 84138K->84138K(1398272K)
[103.423s][info][gc,metaspace   ] GC(155) Metaspace: 23668K(24576K)->23668K(24576K) NonClass: 20742K(21248K)->20742K(21248K) Class: 2925K(3328K)->2925K(3328K)
[103.423s][info][gc             ] GC(155) Pause Young (Allocation Failure) 671M->108M(1998M) 11.689ms
[103.423s][info][gc,cpu         ] GC(155) User=0.09s Sys=0.00s Real=0.01s
[103.549s][info][gc,start       ] GC(156) Pause Young (Allocation Failure)
[103.565s][info][gc,heap        ] GC(156) PSYoungGen: 628347K->0K(650240K)
[103.565s][info][gc,heap        ] GC(156) PSOldGen: 84138K->110887K(1398272K)
[103.565s][info][gc,metaspace   ] GC(156) Metaspace: 23668K(24576K)->23668K(24576K) NonClass: 20742K(21248K)->20742K(21248K) Class: 2925K(3328K)->2925K(3328K)
[103.565s][info][gc             ] GC(156) Pause Young (Allocation Failure) 695M->108M(2000M) 15.734ms
[103.565s][info][gc,cpu         ] GC(156) User=0.09s Sys=0.00s Real=0.03s
[103.634s][info][gc,start       ] GC(157) Pause Young (System.gc())
[103.635s][info][gc,heap        ] GC(157) PSYoungGen: 264689K->710K(653824K)
[103.635s][info][gc,heap        ] GC(157) PSOldGen: 110887K->110887K(1398272K)
[103.635s][info][gc,metaspace   ] GC(157) Metaspace: 23682K(24576K)->23682K(24576K) NonClass: 20756K(21248K)->20756K(21248K) Class: 2925K(3328K)->2925K(3328K)
[103.635s][info][gc             ] GC(157) Pause Young (System.gc()) 366M->108M(2004M) 1.352ms
[103.635s][info][gc,cpu         ] GC(157) User=0.00s Sys=0.00s Real=0.00s
[103.635s][info][gc,start       ] GC(158) Pause Full (System.gc())
[103.635s][info][gc,phases,start] GC(158) Phase 1: Mark live objects
[103.640s][info][gc,phases      ] GC(158) Phase 1: Mark live objects 5.200ms
[103.640s][info][gc,phases,start] GC(158) Phase 2: Compute new object addresses
[103.649s][info][gc,phases      ] GC(158) Phase 2: Compute new object addresses 8.764ms
[103.649s][info][gc,phases,start] GC(158) Phase 3: Adjust pointers
[103.653s][info][gc,phases      ] GC(158) Phase 3: Adjust pointers 4.172ms
[103.653s][info][gc,phases,start] GC(158) Phase 4: Move objects
[103.653s][info][gc,phases      ] GC(158) Phase 4: Move objects 0.009ms
[103.654s][info][gc,heap        ] GC(158) PSYoungGen: 710K->0K(653824K)
[103.654s][info][gc,heap        ] GC(158) PSOldGen: 110887K->58022K(1398272K)
[103.654s][info][gc,metaspace   ] GC(158) Metaspace: 23682K(24576K)->23682K(24576K) NonClass: 20756K(21248K)->20756K(21248K) Class: 2925K(3328K)->2925K(3328K)
[103.654s][info][gc             ] GC(158) Pause Full (System.gc()) 108M->56M(2004M) 18.582ms
[103.654s][info][gc,cpu         ] GC(158) User=0.02s Sys=0.00s Real=0.02s
[105.419s][info][gc,start       ] GC(159) Pause Young (Allocation Failure)
[105.431s][info][gc,heap        ] GC(159) PSYoungGen: 607232K->26183K(633856K)
[105.431s][info][gc,heap        ] GC(159) PSOldGen: 58022K->58022K(1398272K)
[105.431s][info][gc,metaspace   ] GC(159) Metaspace: 23697K(24576K)->23697K(24576K) NonClass: 20772K(21248K)->20772K(21248K) Class: 2925K(3328K)->2925K(3328K)
[105.431s][info][gc             ] GC(159) Pause Young (Allocation Failure) 649M->82M(1984M) 12.212ms
[105.431s][info][gc,cpu         ] GC(159) User=0.02s Sys=0.00s Real=0.02s
[105.555s][info][gc,start       ] GC(160) Pause Young (Allocation Failure)
[105.570s][info][gc,heap        ] GC(160) PSYoungGen: 633415K->0K(652800K)
[105.570s][info][gc,heap        ] GC(160) PSOldGen: 58022K->84173K(1398272K)
[105.570s][info][gc,metaspace   ] GC(160) Metaspace: 23697K(24576K)->23697K(24576K) NonClass: 20772K(21248K)->20772K(21248K) Class: 2925K(3328K)->2925K(3328K)
[105.570s][info][gc             ] GC(160) Pause Young (Allocation Failure) 675M->82M(2003M) 15.677ms
[105.570s][info][gc,cpu         ] GC(160) User=0.09s Sys=0.00s Real=0.02s
[107.344s][info][gc,start       ] GC(161) Pause Young (Allocation Failure)
[107.356s][info][gc,heap        ] GC(161) PSYoungGen: 605184K->26733K(632320K)
[107.356s][info][gc,heap        ] GC(161) PSOldGen: 84173K->84173K(1398272K)
[107.356s][info][gc,metaspace   ] GC(161) Metaspace: 23697K(24576K)->23697K(24576K) NonClass: 20772K(21248K)->20772K(21248K) Class: 2925K(3328K)->2925K(3328K)
[107.356s][info][gc             ] GC(161) Pause Young (Allocation Failure) 673M->108M(1983M) 11.917ms
[107.356s][info][gc,cpu         ] GC(161) User=0.00s Sys=0.00s Real=0.02s
[107.478s][info][gc,start       ] GC(162) Pause Young (Allocation Failure)
[107.494s][info][gc,heap        ] GC(162) PSYoungGen: 631917K->0K(652288K)
[107.494s][info][gc,heap        ] GC(162) PSOldGen: 84173K->110907K(1398272K)
[107.494s][info][gc,metaspace   ] GC(162) Metaspace: 23697K(24576K)->23697K(24576K) NonClass: 20772K(21248K)->20772K(21248K) Class: 2925K(3328K)->2925K(3328K)
[107.494s][info][gc             ] GC(162) Pause Young (Allocation Failure) 699M->108M(2002M) 16.428ms
[107.494s][info][gc,cpu         ] GC(162) User=0.08s Sys=0.00s Real=0.03s
[107.561s][info][gc,start       ] GC(163) Pause Young (System.gc())
[107.562s][info][gc,heap        ] GC(163) PSYoungGen: 253520K->678K(650240K)
[107.562s][info][gc,heap        ] GC(163) PSOldGen: 110907K->110907K(1398272K)
[107.562s][info][gc,metaspace   ] GC(163) Metaspace: 23697K(24576K)->23697K(24576K) NonClass: 20772K(21248K)->20772K(21248K) Class: 2925K(3328K)->2925K(3328K)
[107.562s][info][gc             ] GC(163) Pause Young (System.gc()) 355M->108M(2000M) 1.397ms
[107.562s][info][gc,cpu         ] GC(163) User=0.00s Sys=0.00s Real=0.02s
[107.562s][info][gc,start       ] GC(164) Pause Full (System.gc())
[107.562s][info][gc,phases,start] GC(164) Phase 1: Mark live objects
[107.567s][info][gc,phases      ] GC(164) Phase 1: Mark live objects 5.253ms
[107.567s][info][gc,phases,start] GC(164) Phase 2: Compute new object addresses
[107.576s][info][gc,phases      ] GC(164) Phase 2: Compute new object addresses 8.693ms
[107.576s][info][gc,phases,start] GC(164) Phase 3: Adjust pointers
[107.580s][info][gc,phases      ] GC(164) Phase 3: Adjust pointers 4.117ms
[107.580s][info][gc,phases,start] GC(164) Phase 4: Move objects
[107.580s][info][gc,phases      ] GC(164) Phase 4: Move objects 0.011ms
[107.581s][info][gc,heap        ] GC(164) PSYoungGen: 678K->0K(650240K)
[107.581s][info][gc,heap        ] GC(164) PSOldGen: 110907K->4984K(1398272K)
[107.581s][info][gc,metaspace   ] GC(164) Metaspace: 23697K(24576K)->23697K(24576K) NonClass: 20772K(21248K)->20772K(21248K) Class: 2925K(3328K)->2925K(3328K)
[107.581s][info][gc             ] GC(164) Pause Full (System.gc()) 108M->4M(2000M) 18.612ms
[107.581s][info][gc,cpu         ] GC(164) User=0.02s Sys=0.00s Real=0.02s
[109.343s][info][gc,start       ] GC(165) Pause Young (Allocation Failure)
[109.354s][info][gc,heap        ] GC(165) PSYoungGen: 603648K->26133K(648704K)
[109.354s][info][gc,heap        ] GC(165) PSOldGen: 4984K->4984K(1398272K)
[109.354s][info][gc,metaspace   ] GC(165) Metaspace: 23699K(24576K)->23699K(24576K) NonClass: 20773K(21248K)->20773K(21248K) Class: 2925K(3328K)->2925K(3328K)
[109.354s][info][gc             ] GC(165) Pause Young (Allocation Failure) 594M->30M(1999M) 11.384ms
[109.354s][info][gc,cpu         ] GC(165) User=0.00s Sys=0.00s Real=0.02s
[109.477s][info][gc,start       ] GC(166) Pause Young (Allocation Failure)
[109.492s][info][gc,heap        ] GC(166) PSYoungGen: 629781K->0K(651264K)
[109.492s][info][gc,heap        ] GC(166) PSOldGen: 4984K->31143K(1398272K)
[109.492s][info][gc,metaspace   ] GC(166) Metaspace: 23699K(24576K)->23699K(24576K) NonClass: 20773K(21248K)->20773K(21248K) Class: 2925K(3328K)->2925K(3328K)
[109.492s][info][gc             ] GC(166) Pause Young (Allocation Failure) 619M->30M(2001M) 15.636ms
[109.492s][info][gc,cpu         ] GC(166) User=0.09s Sys=0.00s Real=0.02s
[111.263s][info][gc,start       ] GC(167) Pause Young (Allocation Failure)
[111.275s][info][gc,heap        ] GC(167) PSYoungGen: 603648K->26733K(647680K)
[111.275s][info][gc,heap        ] GC(167) PSOldGen: 31143K->31143K(1398272K)
[111.275s][info][gc,metaspace   ] GC(167) Metaspace: 23699K(24576K)->23699K(24576K) NonClass: 20773K(21248K)->20773K(21248K) Class: 2925K(3328K)->2925K(3328K)
[111.275s][info][gc             ] GC(167) Pause Young (Allocation Failure) 619M->56M(1998M) 12.538ms
[111.275s][info][gc,cpu         ] GC(167) User=0.03s Sys=0.00s Real=0.03s
[111.399s][info][gc,start       ] GC(168) Pause Young (Allocation Failure)
[111.415s][info][gc,heap        ] GC(168) PSYoungGen: 628333K->0K(650240K)
[111.415s][info][gc,heap        ] GC(168) PSOldGen: 31143K->57869K(1398272K)
[111.415s][info][gc,metaspace   ] GC(168) Metaspace: 23699K(24576K)->23699K(24576K) NonClass: 20773K(21248K)->20773K(21248K) Class: 2925K(3328K)->2925K(3328K)
[111.415s][info][gc             ] GC(168) Pause Young (Allocation Failure) 644M->56M(2000M) 16.099ms
[111.415s][info][gc,cpu         ] GC(168) User=0.09s Sys=0.00s Real=0.02s
[111.483s][info][gc,start       ] GC(169) Pause Young (System.gc())
[111.484s][info][gc,heap        ] GC(169) PSYoungGen: 264689K->678K(653824K)
[111.484s][info][gc,heap        ] GC(169) PSOldGen: 57869K->57869K(1398272K)
[111.484s][info][gc,metaspace   ] GC(169) Metaspace: 23699K(24576K)->23699K(24576K) NonClass: 20773K(21248K)->20773K(21248K) Class: 2925K(3328K)->2925K(3328K)
[111.484s][info][gc             ] GC(169) Pause Young (System.gc()) 314M->57M(2004M) 1.037ms
[111.484s][info][gc,cpu         ] GC(169) User=0.00s Sys=0.00s Real=0.01s
[111.484s][info][gc,start       ] GC(170) Pause Full (System.gc())
[111.485s][info][gc,phases,start] GC(170) Phase 1: Mark live objects
[111.490s][info][gc,phases      ] GC(170) Phase 1: Mark live objects 5.224ms
[111.490s][info][gc,phases,start] GC(170) Phase 2: Compute new object addresses
[111.499s][info][gc,phases      ] GC(170) Phase 2: Compute new object addresses 8.766ms
[111.499s][info][gc,phases,start] GC(170) Phase 3: Adjust pointers
[111.503s][info][gc,phases      ] GC(170) Phase 3: Adjust pointers 3.968ms
[111.503s][info][gc,phases,start] GC(170) Phase 4: Move objects
[111.503s][info][gc,phases      ] GC(170) Phase 4: Move objects 0.009ms
[111.503s][info][gc,heap        ] GC(170) PSYoungGen: 678K->0K(653824K)
[111.503s][info][gc,heap        ] GC(170) PSOldGen: 57869K->57869K(1398272K)
[111.503s][info][gc,metaspace   ] GC(170) Metaspace: 23699K(24576K)->23699K(24576K) NonClass: 20773K(21248K)->20773K(21248K) Class: 2925K(3328K)->2925K(3328K)
[111.503s][info][gc             ] GC(170) Pause Full (System.gc()) 57M->56M(2004M) 18.399ms
[111.503s][info][gc,cpu         ] GC(170) User=0.02s Sys=0.00s Real=0.02s
[113.265s][info][gc,start       ] GC(171) Pause Young (Allocation Failure)
[113.277s][info][gc,heap        ] GC(171) PSYoungGen: 607232K->26165K(633856K)
[113.277s][info][gc,heap        ] GC(171) PSOldGen: 57869K->57869K(1398272K)
[113.277s][info][gc,metaspace   ] GC(171) Metaspace: 23716K(24576K)->23716K(24576K) NonClass: 20790K(21248K)->20790K(21248K) Class: 2925K(3328K)->2925K(3328K)
[113.277s][info][gc             ] GC(171) Pause Young (Allocation Failure) 649M->82M(1984M) 12.484ms
[113.277s][info][gc,cpu         ] GC(171) User=0.00s Sys=0.00s Real=0.01s
[113.401s][info][gc,start       ] GC(172) Pause Young (Allocation Failure)
[113.417s][info][gc,heap        ] GC(172) PSYoungGen: 633397K->0K(652800K)
[113.417s][info][gc,heap        ] GC(172) PSOldGen: 57869K->84021K(1398272K)
[113.417s][info][gc,metaspace   ] GC(172) Metaspace: 23716K(24576K)->23716K(24576K) NonClass: 20790K(21248K)->20790K(21248K) Class: 2925K(3328K)->2925K(3328K)
[113.417s][info][gc             ] GC(172) Pause Young (Allocation Failure) 675M->82M(2003M) 15.596ms
[113.417s][info][gc,cpu         ] GC(172) User=0.09s Sys=0.00s Real=0.03s
[115.192s][info][gc,start       ] GC(173) Pause Young (Allocation Failure)
[115.203s][info][gc,heap        ] GC(173) PSYoungGen: 605184K->26765K(632320K)
[115.203s][info][gc,heap        ] GC(173) PSOldGen: 84021K->84021K(1398272K)
[115.203s][info][gc,metaspace   ] GC(173) Metaspace: 23716K(24576K)->23716K(24576K) NonClass: 20790K(21248K)->20790K(21248K) Class: 2925K(3328K)->2925K(3328K)
[115.203s][info][gc             ] GC(173) Pause Young (Allocation Failure) 673M->108M(1983M) 11.763ms
[115.203s][info][gc,cpu         ] GC(173) User=0.09s Sys=0.00s Real=0.01s
[115.327s][info][gc,start       ] GC(174) Pause Young (Allocation Failure)
[115.343s][info][gc,heap        ] GC(174) PSYoungGen: 631949K->0K(652288K)
[115.343s][info][gc,heap        ] GC(174) PSOldGen: 84021K->110762K(1398272K)
[115.343s][info][gc,metaspace   ] GC(174) Metaspace: 23716K(24576K)->23716K(24576K) NonClass: 20790K(21248K)->20790K(21248K) Class: 2925K(3328K)->2925K(3328K)
[115.343s][info][gc             ] GC(174) Pause Young (Allocation Failure) 699M->108M(2002M) 15.326ms
[115.343s][info][gc,cpu         ] GC(174) User=0.09s Sys=0.00s Real=0.03s
[115.410s][info][gc,start       ] GC(175) Pause Young (System.gc())
[115.412s][info][gc,heap        ] GC(175) PSYoungGen: 253519K->678K(650240K)
[115.412s][info][gc,heap        ] GC(175) PSOldGen: 110762K->110762K(1398272K)
[115.412s][info][gc,metaspace   ] GC(175) Metaspace: 23716K(24576K)->23716K(24576K) NonClass: 20791K(21248K)->20791K(21248K) Class: 2925K(3328K)->2925K(3328K)
[115.412s][info][gc             ] GC(175) Pause Young (System.gc()) 355M->108M(2000M) 1.381ms
[115.412s][info][gc,cpu         ] GC(175) User=0.00s Sys=0.00s Real=0.02s
[115.412s][info][gc,start       ] GC(176) Pause Full (System.gc())
[115.412s][info][gc,phases,start] GC(176) Phase 1: Mark live objects
[115.417s][info][gc,phases      ] GC(176) Phase 1: Mark live objects 5.183ms
[115.417s][info][gc,phases,start] GC(176) Phase 2: Compute new object addresses
[115.426s][info][gc,phases      ] GC(176) Phase 2: Compute new object addresses 8.778ms
[115.426s][info][gc,phases,start] GC(176) Phase 3: Adjust pointers
[115.430s][info][gc,phases      ] GC(176) Phase 3: Adjust pointers 3.955ms
[115.430s][info][gc,phases,start] GC(176) Phase 4: Move objects
[115.430s][info][gc,phases      ] GC(176) Phase 4: Move objects 0.009ms
[115.430s][info][gc,heap        ] GC(176) PSYoungGen: 678K->0K(650240K)
[115.430s][info][gc,heap        ] GC(176) PSOldGen: 110762K->57964K(1398272K)
[115.430s][info][gc,metaspace   ] GC(176) Metaspace: 23716K(24576K)->23716K(24576K) NonClass: 20791K(21248K)->20791K(21248K) Class: 2925K(3328K)->2925K(3328K)
[115.430s][info][gc             ] GC(176) Pause Full (System.gc()) 108M->56M(2000M) 18.342ms
[115.430s][info][gc,cpu         ] GC(176) User=0.02s Sys=0.00s Real=0.02s
[117.191s][info][gc,start       ] GC(177) Pause Young (Allocation Failure)
[117.202s][info][gc,heap        ] GC(177) PSYoungGen: 603648K->26165K(648704K)
[117.203s][info][gc,heap        ] GC(177) PSOldGen: 57964K->57964K(1398272K)
[117.203s][info][gc,metaspace   ] GC(177) Metaspace: 23716K(24576K)->23716K(24576K) NonClass: 20791K(21248K)->20791K(21248K) Class: 2925K(3328K)->2925K(3328K)
[117.203s][info][gc             ] GC(177) Pause Young (Allocation Failure) 646M->82M(1999M) 11.349ms
[117.203s][info][gc,cpu         ] GC(177) User=0.09s Sys=0.00s Real=0.02s
[117.326s][info][gc,start       ] GC(178) Pause Young (Allocation Failure)
[117.341s][info][gc,heap        ] GC(178) PSYoungGen: 629813K->0K(651264K)
[117.341s][info][gc,heap        ] GC(178) PSOldGen: 57964K->84123K(1398272K)
[117.341s][info][gc,metaspace   ] GC(178) Metaspace: 23716K(24576K)->23716K(24576K) NonClass: 20791K(21248K)->20791K(21248K) Class: 2925K(3328K)->2925K(3328K)
[117.341s][info][gc             ] GC(178) Pause Young (Allocation Failure) 671M->82M(2001M) 15.264ms
[117.341s][info][gc,cpu         ] GC(178) User=0.02s Sys=0.00s Real=0.02s
[119.115s][info][gc,start       ] GC(179) Pause Young (Allocation Failure)
[119.127s][info][gc,heap        ] GC(179) PSYoungGen: 603648K->26765K(647680K)
[119.127s][info][gc,heap        ] GC(179) PSOldGen: 84123K->84123K(1398272K)
[119.127s][info][gc,metaspace   ] GC(179) Metaspace: 23716K(24576K)->23716K(24576K) NonClass: 20791K(21248K)->20791K(21248K) Class: 2925K(3328K)->2925K(3328K)
[119.127s][info][gc             ] GC(179) Pause Young (Allocation Failure) 671M->108M(1998M) 12.060ms
[119.127s][info][gc,cpu         ] GC(179) User=0.09s Sys=0.00s Real=0.02s
[119.248s][info][gc,start       ] GC(180) Pause Young (Allocation Failure)
[119.265s][info][gc,heap        ] GC(180) PSYoungGen: 628365K->0K(650240K)
[119.265s][info][gc,heap        ] GC(180) PSOldGen: 84123K->110865K(1398272K)
[119.265s][info][gc,metaspace   ] GC(180) Metaspace: 23716K(24576K)->23716K(24576K) NonClass: 20791K(21248K)->20791K(21248K) Class: 2925K(3328K)->2925K(3328K)
[119.265s][info][gc             ] GC(180) Pause Young (Allocation Failure) 695M->108M(2000M) 16.569ms
[119.265s][info][gc,cpu         ] GC(180) User=0.09s Sys=0.00s Real=0.02s
[119.335s][info][gc,start       ] GC(181) Pause Young (System.gc())
[119.336s][info][gc,heap        ] GC(181) PSYoungGen: 264689K->710K(653824K)
[119.336s][info][gc,heap        ] GC(181) PSOldGen: 110865K->110865K(1398272K)
[119.336s][info][gc,metaspace   ] GC(181) Metaspace: 23731K(24832K)->23731K(24832K) NonClass: 20805K(21504K)->20805K(21504K) Class: 2925K(3328K)->2925K(3328K)
[119.336s][info][gc             ] GC(181) Pause Young (System.gc()) 366M->108M(2004M) 1.099ms
[119.336s][info][gc,cpu         ] GC(181) User=0.00s Sys=0.00s Real=0.00s
[119.336s][info][gc,start       ] GC(182) Pause Full (System.gc())
[119.336s][info][gc,phases,start] GC(182) Phase 1: Mark live objects
[119.342s][info][gc,phases      ] GC(182) Phase 1: Mark live objects 5.702ms
[119.342s][info][gc,phases,start] GC(182) Phase 2: Compute new object addresses
[119.351s][info][gc,phases      ] GC(182) Phase 2: Compute new object addresses 8.701ms
[119.351s][info][gc,phases,start] GC(182) Phase 3: Adjust pointers
[119.355s][info][gc,phases      ] GC(182) Phase 3: Adjust pointers 4.198ms
[119.355s][info][gc,phases,start] GC(182) Phase 4: Move objects
[119.355s][info][gc,phases      ] GC(182) Phase 4: Move objects 0.010ms
[119.355s][info][gc,heap        ] GC(182) PSYoungGen: 710K->0K(653824K)
[119.355s][info][gc,heap        ] GC(182) PSOldGen: 110865K->58042K(1398272K)
[119.355s][info][gc,metaspace   ] GC(182) Metaspace: 23731K(24832K)->23731K(24832K) NonClass: 20805K(21504K)->20805K(21504K) Class: 2925K(3328K)->2925K(3328K)
[119.355s][info][gc             ] GC(182) Pause Full (System.gc()) 108M->56M(2004M) 19.108ms
[119.355s][info][gc,cpu         ] GC(182) User=0.02s Sys=0.00s Real=0.02s
[121.117s][info][gc,start       ] GC(183) Pause Young (Allocation Failure)
[121.128s][info][gc,heap        ] GC(183) PSYoungGen: 607232K->26165K(633856K)
[121.128s][info][gc,heap        ] GC(183) PSOldGen: 58042K->58042K(1398272K)
[121.128s][info][gc,metaspace   ] GC(183) Metaspace: 23733K(24832K)->23733K(24832K) NonClass: 20808K(21504K)->20808K(21504K) Class: 2925K(3328K)->2925K(3328K)
[121.128s][info][gc             ] GC(183) Pause Young (Allocation Failure) 649M->82M(1984M) 11.474ms
[121.128s][info][gc,cpu         ] GC(183) User=0.09s Sys=0.00s Real=0.02s
[121.251s][info][gc,start       ] GC(184) Pause Young (Allocation Failure)
[121.267s][info][gc,heap        ] GC(184) PSYoungGen: 633397K->0K(652800K)
[121.267s][info][gc,heap        ] GC(184) PSOldGen: 58042K->84194K(1398272K)
[121.267s][info][gc,metaspace   ] GC(184) Metaspace: 23733K(24832K)->23733K(24832K) NonClass: 20808K(21504K)->20808K(21504K) Class: 2925K(3328K)->2925K(3328K)
[121.267s][info][gc             ] GC(184) Pause Young (Allocation Failure) 675M->82M(2003M) 15.760ms
[121.267s][info][gc,cpu         ] GC(184) User=0.09s Sys=0.00s Real=0.02s
[123.043s][info][gc,start       ] GC(185) Pause Young (Allocation Failure)
[123.054s][info][gc,heap        ] GC(185) PSYoungGen: 605184K->26733K(632320K)
[123.054s][info][gc,heap        ] GC(185) PSOldGen: 84194K->84194K(1398272K)
[123.054s][info][gc,metaspace   ] GC(185) Metaspace: 23733K(24832K)->23733K(24832K) NonClass: 20808K(21504K)->20808K(21504K) Class: 2925K(3328K)->2925K(3328K)
[123.054s][info][gc             ] GC(185) Pause Young (Allocation Failure) 673M->108M(1983M) 11.775ms
[123.054s][info][gc,cpu         ] GC(185) User=0.08s Sys=0.02s Real=0.02s
[123.177s][info][gc,start       ] GC(186) Pause Young (Allocation Failure)
[123.193s][info][gc,heap        ] GC(186) PSYoungGen: 631917K->0K(652288K)
[123.193s][info][gc,heap        ] GC(186) PSOldGen: 84194K->110935K(1398272K)
[123.193s][info][gc,metaspace   ] GC(186) Metaspace: 23733K(24832K)->23733K(24832K) NonClass: 20808K(21504K)->20808K(21504K) Class: 2925K(3328K)->2925K(3328K)
[123.193s][info][gc             ] GC(186) Pause Young (Allocation Failure) 699M->108M(2002M) 16.648ms
[123.193s][info][gc,cpu         ] GC(186) User=0.09s Sys=0.00s Real=0.03s
[123.260s][info][gc,start       ] GC(187) Pause Young (System.gc())
[123.262s][info][gc,heap        ] GC(187) PSYoungGen: 253519K->646K(650240K)
[123.262s][info][gc,heap        ] GC(187) PSOldGen: 110935K->110935K(1398272K)
[123.262s][info][gc,metaspace   ] GC(187) Metaspace: 23734K(24832K)->23734K(24832K) NonClass: 20808K(21504K)->20808K(21504K) Class: 2925K(3328K)->2925K(3328K)
[123.262s][info][gc             ] GC(187) Pause Young (System.gc()) 355M->108M(2000M) 1.278ms
[123.262s][info][gc,cpu         ] GC(187) User=0.00s Sys=0.00s Real=0.00s
[123.262s][info][gc,start       ] GC(188) Pause Full (System.gc())
[123.262s][info][gc,phases,start] GC(188) Phase 1: Mark live objects
[123.268s][info][gc,phases      ] GC(188) Phase 1: Mark live objects 5.958ms
[123.268s][info][gc,phases,start] GC(188) Phase 2: Compute new object addresses
[123.276s][info][gc,phases      ] GC(188) Phase 2: Compute new object addresses 8.755ms
[123.277s][info][gc,phases,start] GC(188) Phase 3: Adjust pointers
[123.281s][info][gc,phases      ] GC(188) Phase 3: Adjust pointers 4.223ms
[123.281s][info][gc,phases,start] GC(188) Phase 4: Move objects
[123.281s][info][gc,phases      ] GC(188) Phase 4: Move objects 0.010ms
[123.281s][info][gc,heap        ] GC(188) PSYoungGen: 646K->0K(650240K)
[123.281s][info][gc,heap        ] GC(188) PSOldGen: 110935K->4984K(1398272K)
[123.281s][info][gc,metaspace   ] GC(188) Metaspace: 23734K(24832K)->23734K(24832K) NonClass: 20808K(21504K)->20808K(21504K) Class: 2925K(3328K)->2925K(3328K)
[123.281s][info][gc             ] GC(188) Pause Full (System.gc()) 108M->4M(2000M) 19.427ms
[123.281s][info][gc,cpu         ] GC(188) User=0.03s Sys=0.00s Real=0.02s
[125.044s][info][gc,start       ] GC(189) Pause Young (Allocation Failure)
[125.055s][info][gc,heap        ] GC(189) PSYoungGen: 603648K->26133K(648704K)
[125.055s][info][gc,heap        ] GC(189) PSOldGen: 4984K->4984K(1398272K)
[125.055s][info][gc,metaspace   ] GC(189) Metaspace: 23734K(24832K)->23734K(24832K) NonClass: 20808K(21504K)->20808K(21504K) Class: 2925K(3328K)->2925K(3328K)
[125.055s][info][gc             ] GC(189) Pause Young (Allocation Failure) 594M->30M(1999M) 11.237ms
[125.055s][info][gc,cpu         ] GC(189) User=0.09s Sys=0.00s Real=0.03s
[125.177s][info][gc,start       ] GC(190) Pause Young (Allocation Failure)
[125.192s][info][gc,heap        ] GC(190) PSYoungGen: 629781K->0K(651264K)
[125.193s][info][gc,heap        ] GC(190) PSOldGen: 4984K->31143K(1398272K)
[125.193s][info][gc,metaspace   ] GC(190) Metaspace: 23734K(24832K)->23734K(24832K) NonClass: 20808K(21504K)->20808K(21504K) Class: 2925K(3328K)->2925K(3328K)
[125.193s][info][gc             ] GC(190) Pause Young (Allocation Failure) 619M->30M(2001M) 15.129ms
[125.193s][info][gc,cpu         ] GC(190) User=0.09s Sys=0.00s Real=0.02s
[126.972s][info][gc,start       ] GC(191) Pause Young (Allocation Failure)
[126.985s][info][gc,heap        ] GC(191) PSYoungGen: 603648K->26715K(647680K)
[126.985s][info][gc,heap        ] GC(191) PSOldGen: 31143K->31143K(1398272K)
[126.985s][info][gc,metaspace   ] GC(191) Metaspace: 23739K(24832K)->23739K(24832K) NonClass: 20814K(21504K)->20814K(21504K) Class: 2925K(3328K)->2925K(3328K)
[126.985s][info][gc             ] GC(191) Pause Young (Allocation Failure) 619M->56M(1998M) 13.050ms
[126.985s][info][gc,cpu         ] GC(191) User=0.09s Sys=0.00s Real=0.02s
[127.107s][info][gc,start       ] GC(192) Pause Young (Allocation Failure)
[127.123s][info][gc,heap        ] GC(192) PSYoungGen: 628315K->0K(650240K)
[127.123s][info][gc,heap        ] GC(192) PSOldGen: 31143K->57877K(1398272K)
[127.123s][info][gc,metaspace   ] GC(192) Metaspace: 23739K(24832K)->23739K(24832K) NonClass: 20814K(21504K)->20814K(21504K) Class: 2925K(3328K)->2925K(3328K)
[127.123s][info][gc             ] GC(192) Pause Young (Allocation Failure) 644M->56M(2000M) 16.274ms
[127.123s][info][gc,cpu         ] GC(192) User=0.09s Sys=0.00s Real=0.02s
[127.192s][info][gc,start       ] GC(193) Pause Young (System.gc())
[127.193s][info][gc,heap        ] GC(193) PSYoungGen: 264690K->710K(653824K)
[127.193s][info][gc,heap        ] GC(193) PSOldGen: 57877K->57877K(1398272K)
[127.193s][info][gc,metaspace   ] GC(193) Metaspace: 23740K(24832K)->23740K(24832K) NonClass: 20815K(21504K)->20815K(21504K) Class: 2925K(3328K)->2925K(3328K)
[127.193s][info][gc             ] GC(193) Pause Young (System.gc()) 315M->57M(2004M) 0.956ms
[127.193s][info][gc,cpu         ] GC(193) User=0.00s Sys=0.00s Real=0.00s
[127.193s][info][gc,start       ] GC(194) Pause Full (System.gc())
[127.193s][info][gc,phases,start] GC(194) Phase 1: Mark live objects
[127.198s][info][gc,phases      ] GC(194) Phase 1: Mark live objects 5.584ms
[127.199s][info][gc,phases,start] GC(194) Phase 2: Compute new object addresses
[127.207s][info][gc,phases      ] GC(194) Phase 2: Compute new object addresses 8.711ms
[127.207s][info][gc,phases,start] GC(194) Phase 3: Adjust pointers
[127.211s][info][gc,phases      ] GC(194) Phase 3: Adjust pointers 3.985ms
[127.211s][info][gc,phases,start] GC(194) Phase 4: Move objects
[127.211s][info][gc,phases      ] GC(194) Phase 4: Move objects 0.009ms
[127.212s][info][gc,heap        ] GC(194) PSYoungGen: 710K->0K(653824K)
[127.212s][info][gc,heap        ] GC(194) PSOldGen: 57877K->57877K(1398272K)
[127.212s][info][gc,metaspace   ] GC(194) Metaspace: 23740K(24832K)->23740K(24832K) NonClass: 20815K(21504K)->20815K(21504K) Class: 2925K(3328K)->2925K(3328K)
[127.212s][info][gc             ] GC(194) Pause Full (System.gc()) 57M->56M(2004M) 18.746ms
[127.212s][info][gc,cpu         ] GC(194) User=0.02s Sys=0.00s Real=0.02s
[128.980s][info][gc,start       ] GC(195) Pause Young (Allocation Failure)
[128.991s][info][gc,heap        ] GC(195) PSYoungGen: 607232K->26183K(633856K)
[128.991s][info][gc,heap        ] GC(195) PSOldGen: 57877K->57877K(1398272K)
[128.991s][info][gc,metaspace   ] GC(195) Metaspace: 23740K(24832K)->23740K(24832K) NonClass: 20815K(21504K)->20815K(21504K) Class: 2925K(3328K)->2925K(3328K)
[128.991s][info][gc             ] GC(195) Pause Young (Allocation Failure) 649M->82M(1984M) 11.530ms
[128.991s][info][gc,cpu         ] GC(195) User=0.08s Sys=0.00s Real=0.02s
[129.115s][info][gc,start       ] GC(196) Pause Young (Allocation Failure)
[129.131s][info][gc,heap        ] GC(196) PSYoungGen: 633415K->0K(652800K)
[129.131s][info][gc,heap        ] GC(196) PSOldGen: 57877K->84029K(1398272K)
[129.131s][info][gc,metaspace   ] GC(196) Metaspace: 23740K(24832K)->23740K(24832K) NonClass: 20815K(21504K)->20815K(21504K) Class: 2925K(3328K)->2925K(3328K)
[129.131s][info][gc             ] GC(196) Pause Young (Allocation Failure) 675M->82M(2003M) 16.290ms
[129.131s][info][gc,cpu         ] GC(196) User=0.08s Sys=0.00s Real=0.02s
[130.947s][info][gc,start       ] GC(197) Pause Young (Allocation Failure)
[130.959s][info][gc,heap        ] GC(197) PSYoungGen: 605184K->26715K(632320K)
[130.959s][info][gc,heap        ] GC(197) PSOldGen: 84029K->84029K(1398272K)
[130.959s][info][gc,metaspace   ] GC(197) Metaspace: 23741K(24832K)->23741K(24832K) NonClass: 20815K(21504K)->20815K(21504K) Class: 2925K(3328K)->2925K(3328K)
[130.959s][info][gc             ] GC(197) Pause Young (Allocation Failure) 673M->108M(1983M) 11.649ms
[130.959s][info][gc,cpu         ] GC(197) User=0.09s Sys=0.00s Real=0.02s
[131.081s][info][gc,start       ] GC(198) Pause Young (Allocation Failure)
[131.098s][info][gc,heap        ] GC(198) PSYoungGen: 631899K->0K(652288K)
[131.098s][info][gc,heap        ] GC(198) PSOldGen: 84029K->110762K(1398272K)
[131.098s][info][gc,metaspace   ] GC(198) Metaspace: 23741K(24832K)->23741K(24832K) NonClass: 20815K(21504K)->20815K(21504K) Class: 2925K(3328K)->2925K(3328K)
[131.098s][info][gc             ] GC(198) Pause Young (Allocation Failure) 699M->108M(2002M) 16.262ms
[131.098s][info][gc,cpu         ] GC(198) User=0.09s Sys=0.00s Real=0.03s
[131.163s][info][gc,start       ] GC(199) Pause Young (System.gc())
[131.164s][info][gc,heap        ] GC(199) PSYoungGen: 253520K->742K(650240K)
[131.164s][info][gc,heap        ] GC(199) PSOldGen: 110762K->110762K(1398272K)
[131.164s][info][gc,metaspace   ] GC(199) Metaspace: 23741K(24832K)->23741K(24832K) NonClass: 20815K(21504K)->20815K(21504K) Class: 2925K(3328K)->2925K(3328K)
[131.164s][info][gc             ] GC(199) Pause Young (System.gc()) 355M->108M(2000M) 1.163ms
[131.164s][info][gc,cpu         ] GC(199) User=0.00s Sys=0.00s Real=0.00s
[131.165s][info][gc,start       ] GC(200) Pause Full (System.gc())
[131.165s][info][gc,phases,start] GC(200) Phase 1: Mark live objects
[131.170s][info][gc,phases      ] GC(200) Phase 1: Mark live objects 5.285ms
[131.170s][info][gc,phases,start] GC(200) Phase 2: Compute new object addresses
[131.179s][info][gc,phases      ] GC(200) Phase 2: Compute new object addresses 8.895ms
[131.179s][info][gc,phases,start] GC(200) Phase 3: Adjust pointers
[131.183s][info][gc,phases      ] GC(200) Phase 3: Adjust pointers 3.996ms
[131.183s][info][gc,phases,start] GC(200) Phase 4: Move objects
[131.183s][info][gc,phases      ] GC(200) Phase 4: Move objects 0.089ms
[131.183s][info][gc,heap        ] GC(200) PSYoungGen: 742K->0K(650240K)
[131.183s][info][gc,heap        ] GC(200) PSOldGen: 110762K->57956K(1398272K)
[131.183s][info][gc,metaspace   ] GC(200) Metaspace: 23741K(24832K)->23741K(24832K) NonClass: 20815K(21504K)->20815K(21504K) Class: 2925K(3328K)->2925K(3328K)
[131.183s][info][gc             ] GC(200) Pause Full (System.gc()) 108M->56M(2000M) 18.720ms
[131.183s][info][gc,cpu         ] GC(200) User=0.02s Sys=0.00s Real=0.02s
[132.985s][info][gc,start       ] GC(201) Pause Young (Allocation Failure)
[132.997s][info][gc,heap        ] GC(201) PSYoungGen: 603648K->26165K(648704K)
[132.997s][info][gc,heap        ] GC(201) PSOldGen: 57956K->57956K(1398272K)
[132.997s][info][gc,metaspace   ] GC(201) Metaspace: 23741K(24832K)->23741K(24832K) NonClass: 20815K(21504K)->20815K(21504K) Class: 2925K(3328K)->2925K(3328K)
[132.997s][info][gc             ] GC(201) Pause Young (Allocation Failure) 646M->82M(1999M) 12.565ms
[132.997s][info][gc,cpu         ] GC(201) User=0.00s Sys=0.00s Real=0.01s
[133.119s][info][gc,start       ] GC(202) Pause Young (Allocation Failure)
[133.135s][info][gc,heap        ] GC(202) PSYoungGen: 629813K->0K(651264K)
[133.135s][info][gc,heap        ] GC(202) PSOldGen: 57956K->84116K(1398272K)
[133.135s][info][gc,metaspace   ] GC(202) Metaspace: 23741K(24832K)->23741K(24832K) NonClass: 20815K(21504K)->20815K(21504K) Class: 2925K(3328K)->2925K(3328K)
[133.135s][info][gc             ] GC(202) Pause Young (Allocation Failure) 671M->82M(2001M) 16.084ms
[133.135s][info][gc,cpu         ] GC(202) User=0.09s Sys=0.00s Real=0.02s
[134.976s][info][gc,start       ] GC(203) Pause Young (Allocation Failure)
[134.988s][info][gc,heap        ] GC(203) PSYoungGen: 603648K->26683K(647680K)
[134.989s][info][gc,heap        ] GC(203) PSOldGen: 84116K->84116K(1398272K)
[134.989s][info][gc,metaspace   ] GC(203) Metaspace: 23741K(24832K)->23741K(24832K) NonClass: 20815K(21504K)->20815K(21504K) Class: 2925K(3328K)->2925K(3328K)
[134.989s][info][gc             ] GC(203) Pause Young (Allocation Failure) 671M->108M(1998M) 12.969ms
[134.989s][info][gc,cpu         ] GC(203) User=0.08s Sys=0.00s Real=0.02s
[135.117s][info][gc,start       ] GC(204) Pause Young (Allocation Failure)
[135.136s][info][gc,heap        ] GC(204) PSYoungGen: 628283K->0K(650240K)
[135.136s][info][gc,heap        ] GC(204) PSOldGen: 84116K->110849K(1398272K)
[135.136s][info][gc,metaspace   ] GC(204) Metaspace: 23741K(24832K)->23741K(24832K) NonClass: 20815K(21504K)->20815K(21504K) Class: 2925K(3328K)->2925K(3328K)
[135.136s][info][gc             ] GC(204) Pause Young (Allocation Failure) 695M->108M(2000M) 19.346ms
[135.136s][info][gc,cpu         ] GC(204) User=0.08s Sys=0.02s Real=0.03s
[135.210s][info][gc,start       ] GC(205) Pause Young (System.gc())
[135.211s][info][gc,heap        ] GC(205) PSYoungGen: 264689K->710K(653824K)
[135.211s][info][gc,heap        ] GC(205) PSOldGen: 110849K->110849K(1398272K)
[135.211s][info][gc,metaspace   ] GC(205) Metaspace: 23741K(24832K)->23741K(24832K) NonClass: 20815K(21504K)->20815K(21504K) Class: 2925K(3328K)->2925K(3328K)
[135.211s][info][gc             ] GC(205) Pause Young (System.gc()) 366M->108M(2004M) 0.962ms
[135.211s][info][gc,cpu         ] GC(205) User=0.00s Sys=0.00s Real=0.00s
[135.211s][info][gc,start       ] GC(206) Pause Full (System.gc())
[135.211s][info][gc,phases,start] GC(206) Phase 1: Mark live objects
[135.216s][info][gc,phases      ] GC(206) Phase 1: Mark live objects 5.676ms
[135.216s][info][gc,phases,start] GC(206) Phase 2: Compute new object addresses
[135.226s][info][gc,phases      ] GC(206) Phase 2: Compute new object addresses 9.384ms
[135.226s][info][gc,phases,start] GC(206) Phase 3: Adjust pointers
[135.230s][info][gc,phases      ] GC(206) Phase 3: Adjust pointers 4.377ms
[135.230s][info][gc,phases,start] GC(206) Phase 4: Move objects
[135.230s][info][gc,phases      ] GC(206) Phase 4: Move objects 0.011ms
[135.231s][info][gc,heap        ] GC(206) PSYoungGen: 710K->0K(653824K)
[135.231s][info][gc,heap        ] GC(206) PSOldGen: 110849K->58069K(1398272K)
[135.231s][info][gc,metaspace   ] GC(206) Metaspace: 23741K(24832K)->23741K(24832K) NonClass: 20815K(21504K)->20815K(21504K) Class: 2925K(3328K)->2925K(3328K)
[135.231s][info][gc             ] GC(206) Pause Full (System.gc()) 108M->56M(2004M) 20.064ms
[135.231s][info][gc,cpu         ] GC(206) User=0.02s Sys=0.00s Real=0.02s
[137.122s][info][gc,start       ] GC(207) Pause Young (Allocation Failure)
[137.135s][info][gc,heap        ] GC(207) PSYoungGen: 607232K->26133K(633856K)
[137.135s][info][gc,heap        ] GC(207) PSOldGen: 58069K->58069K(1398272K)
[137.135s][info][gc,metaspace   ] GC(207) Metaspace: 23742K(24832K)->23742K(24832K) NonClass: 20817K(21504K)->20817K(21504K) Class: 2925K(3328K)->2925K(3328K)
[137.135s][info][gc             ] GC(207) Pause Young (Allocation Failure) 649M->82M(1984M) 12.596ms
[137.135s][info][gc,cpu         ] GC(207) User=0.03s Sys=0.00s Real=0.03s
[137.260s][info][gc,start       ] GC(208) Pause Young (Allocation Failure)
[137.275s][info][gc,heap        ] GC(208) PSYoungGen: 633365K->0K(653312K)
[137.275s][info][gc,heap        ] GC(208) PSOldGen: 58069K->84220K(1398272K)
[137.275s][info][gc,metaspace   ] GC(208) Metaspace: 23742K(24832K)->23742K(24832K) NonClass: 20817K(21504K)->20817K(21504K) Class: 2925K(3328K)->2925K(3328K)
[137.275s][info][gc             ] GC(208) Pause Young (Allocation Failure) 675M->82M(2003M) 15.164ms
[137.275s][info][gc,cpu         ] GC(208) User=0.08s Sys=0.02s Real=0.01s
[139.117s][info][gc,start       ] GC(209) Pause Young (Allocation Failure)
[139.131s][info][gc,heap        ] GC(209) PSYoungGen: 605696K->26765K(632832K)
[139.131s][info][gc,heap        ] GC(209) PSOldGen: 84220K->84220K(1398272K)
[139.131s][info][gc,metaspace   ] GC(209) Metaspace: 23742K(24832K)->23742K(24832K) NonClass: 20817K(21504K)->20817K(21504K) Class: 2925K(3328K)->2925K(3328K)
[139.131s][info][gc             ] GC(209) Pause Young (Allocation Failure) 673M->108M(1983M) 13.161ms
[139.131s][info][gc,cpu         ] GC(209) User=0.06s Sys=0.03s Real=0.02s
[139.253s][info][gc,start       ] GC(210) Pause Young (Allocation Failure)
[139.270s][info][gc,heap        ] GC(210) PSYoungGen: 632461K->0K(652288K)
[139.270s][info][gc,heap        ] GC(210) PSOldGen: 84220K->110962K(1398272K)
[139.270s][info][gc,metaspace   ] GC(210) Metaspace: 23742K(24832K)->23742K(24832K) NonClass: 20817K(21504K)->20817K(21504K) Class: 2925K(3328K)->2925K(3328K)
[139.270s][info][gc             ] GC(210) Pause Young (Allocation Failure) 699M->108M(2002M) 17.192ms
[139.270s][info][gc,cpu         ] GC(210) User=0.08s Sys=0.02s Real=0.02s
[139.338s][info][gc,start       ] GC(211) Pause Young (System.gc())
[139.339s][info][gc,heap        ] GC(211) PSYoungGen: 253520K->710K(650240K)
[139.339s][info][gc,heap        ] GC(211) PSOldGen: 110962K->110962K(1398272K)
[139.339s][info][gc,metaspace   ] GC(211) Metaspace: 23742K(24832K)->23742K(24832K) NonClass: 20817K(21504K)->20817K(21504K) Class: 2925K(3328K)->2925K(3328K)
[139.339s][info][gc             ] GC(211) Pause Young (System.gc()) 355M->109M(2000M) 1.309ms
[139.339s][info][gc,cpu         ] GC(211) User=0.00s Sys=0.00s Real=0.00s
[139.339s][info][gc,start       ] GC(212) Pause Full (System.gc())
[139.339s][info][gc,phases,start] GC(212) Phase 1: Mark live objects
[139.345s][info][gc,phases      ] GC(212) Phase 1: Mark live objects 5.261ms
[139.345s][info][gc,phases,start] GC(212) Phase 2: Compute new object addresses
[139.354s][info][gc,phases      ] GC(212) Phase 2: Compute new object addresses 9.641ms
[139.354s][info][gc,phases,start] GC(212) Phase 3: Adjust pointers
[139.358s][info][gc,phases      ] GC(212) Phase 3: Adjust pointers 4.077ms
[139.358s][info][gc,phases,start] GC(212) Phase 4: Move objects
[139.358s][info][gc,phases      ] GC(212) Phase 4: Move objects 0.009ms
[139.360s][info][gc,heap        ] GC(212) PSYoungGen: 710K->0K(650240K)
[139.360s][info][gc,heap        ] GC(212) PSOldGen: 110962K->4985K(1398272K)
[139.360s][info][gc,metaspace   ] GC(212) Metaspace: 23742K(24832K)->23742K(24832K) NonClass: 20817K(21504K)->20817K(21504K) Class: 2925K(3328K)->2925K(3328K)
[139.360s][info][gc             ] GC(212) Pause Full (System.gc()) 109M->4M(2000M) 20.454ms
[139.360s][info][gc,cpu         ] GC(212) User=0.03s Sys=0.00s Real=0.02s
[141.185s][info][gc,start       ] GC(213) Pause Young (Allocation Failure)
[141.196s][info][gc,heap        ] GC(213) PSYoungGen: 603648K->26165K(648704K)
[141.197s][info][gc,heap        ] GC(213) PSOldGen: 4985K->4985K(1398272K)
[141.197s][info][gc,metaspace   ] GC(213) Metaspace: 23748K(24832K)->23748K(24832K) NonClass: 20822K(21504K)->20822K(21504K) Class: 2925K(3328K)->2925K(3328K)
[141.197s][info][gc             ] GC(213) Pause Young (Allocation Failure) 594M->30M(1999M) 11.392ms
[141.197s][info][gc,cpu         ] GC(213) User=0.00s Sys=0.00s Real=0.01s
[141.319s][info][gc,start       ] GC(214) Pause Young (Allocation Failure)
[141.336s][info][gc,heap        ] GC(214) PSYoungGen: 629813K->0K(651264K)
[141.336s][info][gc,heap        ] GC(214) PSOldGen: 4985K->31144K(1398272K)
[141.336s][info][gc,metaspace   ] GC(214) Metaspace: 23748K(24832K)->23748K(24832K) NonClass: 20822K(21504K)->20822K(21504K) Class: 2925K(3328K)->2925K(3328K)
[141.336s][info][gc             ] GC(214) Pause Young (Allocation Failure) 619M->30M(2001M) 16.119ms
[141.336s][info][gc,cpu         ] GC(214) User=0.05s Sys=0.02s Real=0.02s
[143.173s][info][gc,start       ] GC(215) Pause Young (Allocation Failure)
[143.184s][info][gc,heap        ] GC(215) PSYoungGen: 603648K->26701K(647680K)
[143.185s][info][gc,heap        ] GC(215) PSOldGen: 31144K->31144K(1398272K)
[143.185s][info][gc,metaspace   ] GC(215) Metaspace: 23748K(24832K)->23748K(24832K) NonClass: 20822K(21504K)->20822K(21504K) Class: 2925K(3328K)->2925K(3328K)
[143.185s][info][gc             ] GC(215) Pause Young (Allocation Failure) 619M->56M(1998M) 11.786ms
[143.185s][info][gc,cpu         ] GC(215) User=0.00s Sys=0.00s Real=0.02s
[143.307s][info][gc,start       ] GC(216) Pause Young (Allocation Failure)
[143.322s][info][gc,heap        ] GC(216) PSYoungGen: 628301K->0K(650240K)
[143.322s][info][gc,heap        ] GC(216) PSOldGen: 31144K->57878K(1398272K)
[143.322s][info][gc,metaspace   ] GC(216) Metaspace: 23748K(24832K)->23748K(24832K) NonClass: 20822K(21504K)->20822K(21504K) Class: 2925K(3328K)->2925K(3328K)
[143.322s][info][gc             ] GC(216) Pause Young (Allocation Failure) 643M->56M(2000M) 15.501ms
[143.322s][info][gc,cpu         ] GC(216) User=0.09s Sys=0.00s Real=0.03s
[143.391s][info][gc,start       ] GC(217) Pause Young (System.gc())
[143.392s][info][gc,heap        ] GC(217) PSYoungGen: 264689K->678K(653824K)
[143.392s][info][gc,heap        ] GC(217) PSOldGen: 57878K->57878K(1398272K)
[143.392s][info][gc,metaspace   ] GC(217) Metaspace: 23748K(24832K)->23748K(24832K) NonClass: 20822K(21504K)->20822K(21504K) Class: 2925K(3328K)->2925K(3328K)
[143.393s][info][gc             ] GC(217) Pause Young (System.gc()) 315M->57M(2004M) 1.239ms
[143.393s][info][gc,cpu         ] GC(217) User=0.00s Sys=0.00s Real=0.00s
[143.393s][info][gc,start       ] GC(218) Pause Full (System.gc())
[143.393s][info][gc,phases,start] GC(218) Phase 1: Mark live objects
[143.398s][info][gc,phases      ] GC(218) Phase 1: Mark live objects 5.241ms
[143.398s][info][gc,phases,start] GC(218) Phase 2: Compute new object addresses
[143.407s][info][gc,phases      ] GC(218) Phase 2: Compute new object addresses 8.764ms
[143.407s][info][gc,phases,start] GC(218) Phase 3: Adjust pointers
[143.411s][info][gc,phases      ] GC(218) Phase 3: Adjust pointers 4.010ms
[143.411s][info][gc,phases,start] GC(218) Phase 4: Move objects
[143.411s][info][gc,phases      ] GC(218) Phase 4: Move objects 0.009ms
[143.411s][info][gc,heap        ] GC(218) PSYoungGen: 678K->0K(653824K)
[143.411s][info][gc,heap        ] GC(218) PSOldGen: 57878K->57878K(1398272K)
[143.411s][info][gc,metaspace   ] GC(218) Metaspace: 23748K(24832K)->23748K(24832K) NonClass: 20822K(21504K)->20822K(21504K) Class: 2925K(3328K)->2925K(3328K)
[143.411s][info][gc             ] GC(218) Pause Full (System.gc()) 57M->56M(2004M) 18.479ms
[143.411s][info][gc,cpu         ] GC(218) User=0.02s Sys=0.00s Real=0.02s
[145.237s][info][gc,start       ] GC(219) Pause Young (Allocation Failure)
[145.248s][info][gc,heap        ] GC(219) PSYoungGen: 607232K->26133K(633856K)
[145.248s][info][gc,heap        ] GC(219) PSOldGen: 57878K->57878K(1398272K)
[145.248s][info][gc,metaspace   ] GC(219) Metaspace: 23748K(24832K)->23748K(24832K) NonClass: 20823K(21504K)->20823K(21504K) Class: 2925K(3328K)->2925K(3328K)
[145.248s][info][gc             ] GC(219) Pause Young (Allocation Failure) 649M->82M(1984M) 11.174ms
[145.248s][info][gc,cpu         ] GC(219) User=0.00s Sys=0.00s Real=0.01s
[145.371s][info][gc,start       ] GC(220) Pause Young (Allocation Failure)
[145.386s][info][gc,heap        ] GC(220) PSYoungGen: 633365K->0K(653312K)
[145.386s][info][gc,heap        ] GC(220) PSOldGen: 57878K->84030K(1398272K)
[145.386s][info][gc,metaspace   ] GC(220) Metaspace: 23748K(24832K)->23748K(24832K) NonClass: 20823K(21504K)->20823K(21504K) Class: 2925K(3328K)->2925K(3328K)
[145.386s][info][gc             ] GC(220) Pause Young (Allocation Failure) 675M->82M(2003M) 14.744ms
[145.386s][info][gc,cpu         ] GC(220) User=0.09s Sys=0.00s Real=0.02s
[147.221s][info][gc,start       ] GC(221) Pause Young (Allocation Failure)
[147.233s][info][gc,heap        ] GC(221) PSYoungGen: 605696K->26715K(632832K)
[147.233s][info][gc,heap        ] GC(221) PSOldGen: 84030K->84030K(1398272K)
[147.233s][info][gc,metaspace   ] GC(221) Metaspace: 23748K(24832K)->23748K(24832K) NonClass: 20823K(21504K)->20823K(21504K) Class: 2925K(3328K)->2925K(3328K)
[147.233s][info][gc             ] GC(221) Pause Young (Allocation Failure) 673M->108M(1983M) 11.634ms
[147.233s][info][gc,cpu         ] GC(221) User=0.09s Sys=0.00s Real=0.01s
[147.356s][info][gc,start       ] GC(222) Pause Young (Allocation Failure)
[147.373s][info][gc,heap        ] GC(222) PSYoungGen: 632411K->0K(652288K)
[147.373s][info][gc,heap        ] GC(222) PSOldGen: 84030K->110763K(1398272K)
[147.373s][info][gc,metaspace   ] GC(222) Metaspace: 23748K(24832K)->23748K(24832K) NonClass: 20823K(21504K)->20823K(21504K) Class: 2925K(3328K)->2925K(3328K)
[147.373s][info][gc             ] GC(222) Pause Young (Allocation Failure) 699M->108M(2002M) 16.528ms
[147.373s][info][gc,cpu         ] GC(222) User=0.09s Sys=0.00s Real=0.02s
[147.439s][info][gc,start       ] GC(223) Pause Young (System.gc())
[147.441s][info][gc,heap        ] GC(223) PSYoungGen: 253519K->678K(650240K)
[147.441s][info][gc,heap        ] GC(223) PSOldGen: 110763K->110763K(1398272K)
[147.441s][info][gc,metaspace   ] GC(223) Metaspace: 23748K(24832K)->23748K(24832K) NonClass: 20823K(21504K)->20823K(21504K) Class: 2925K(3328K)->2925K(3328K)
[147.441s][info][gc             ] GC(223) Pause Young (System.gc()) 355M->108M(2000M) 1.561ms
[147.441s][info][gc,cpu         ] GC(223) User=0.00s Sys=0.00s Real=0.00s
[147.441s][info][gc,start       ] GC(224) Pause Full (System.gc())
[147.441s][info][gc,phases,start] GC(224) Phase 1: Mark live objects
[147.446s][info][gc,phases      ] GC(224) Phase 1: Mark live objects 5.285ms
[147.446s][info][gc,phases,start] GC(224) Phase 2: Compute new object addresses
[147.455s][info][gc,phases      ] GC(224) Phase 2: Compute new object addresses 8.777ms
[147.455s][info][gc,phases,start] GC(224) Phase 3: Adjust pointers
[147.459s][info][gc,phases      ] GC(224) Phase 3: Adjust pointers 4.038ms
[147.459s][info][gc,phases,start] GC(224) Phase 4: Move objects
[147.459s][info][gc,phases      ] GC(224) Phase 4: Move objects 0.009ms
[147.459s][info][gc,heap        ] GC(224) PSYoungGen: 678K->0K(650240K)
[147.459s][info][gc,heap        ] GC(224) PSOldGen: 110763K->57956K(1398272K)
[147.459s][info][gc,metaspace   ] GC(224) Metaspace: 23748K(24832K)->23748K(24832K) NonClass: 20823K(21504K)->20823K(21504K) Class: 2925K(3328K)->2925K(3328K)
[147.459s][info][gc             ] GC(224) Pause Full (System.gc()) 108M->56M(2000M) 18.552ms
[147.459s][info][gc,cpu         ] GC(224) User=0.00s Sys=0.02s Real=0.02s
[149.287s][info][gc,start       ] GC(225) Pause Young (Allocation Failure)
[149.299s][info][gc,heap        ] GC(225) PSYoungGen: 603648K->26165K(648704K)
[149.299s][info][gc,heap        ] GC(225) PSOldGen: 57956K->57956K(1398272K)
[149.299s][info][gc,metaspace   ] GC(225) Metaspace: 23758K(24832K)->23758K(24832K) NonClass: 20832K(21504K)->20832K(21504K) Class: 2925K(3328K)->2925K(3328K)
[149.299s][info][gc             ] GC(225) Pause Young (Allocation Failure) 646M->82M(1999M) 12.607ms
[149.299s][info][gc,cpu         ] GC(225) User=0.08s Sys=0.02s Real=0.01s
[149.421s][info][gc,start       ] GC(226) Pause Young (Allocation Failure)
[149.437s][info][gc,heap        ] GC(226) PSYoungGen: 629813K->0K(651264K)
[149.437s][info][gc,heap        ] GC(226) PSOldGen: 57956K->84108K(1398272K)
[149.437s][info][gc,metaspace   ] GC(226) Metaspace: 23758K(24832K)->23758K(24832K) NonClass: 20832K(21504K)->20832K(21504K) Class: 2925K(3328K)->2925K(3328K)
[149.437s][info][gc             ] GC(226) Pause Young (Allocation Failure) 671M->82M(2001M) 15.726ms
[149.437s][info][gc,cpu         ] GC(226) User=0.09s Sys=0.00s Real=0.02s
[151.274s][info][gc,start       ] GC(227) Pause Young (Allocation Failure)
[151.287s][info][gc,heap        ] GC(227) PSYoungGen: 603648K->26733K(647168K)
[151.287s][info][gc,heap        ] GC(227) PSOldGen: 84108K->84108K(1398272K)
[151.287s][info][gc,metaspace   ] GC(227) Metaspace: 23758K(24832K)->23758K(24832K) NonClass: 20832K(21504K)->20832K(21504K) Class: 2925K(3328K)->2925K(3328K)
[151.287s][info][gc             ] GC(227) Pause Young (Allocation Failure) 671M->108M(1997M) 13.731ms
[151.287s][info][gc,cpu         ] GC(227) User=0.06s Sys=0.00s Real=0.03s
[151.409s][info][gc,start       ] GC(228) Pause Young (Allocation Failure)
[151.425s][info][gc,heap        ] GC(228) PSYoungGen: 628333K->0K(650240K)
[151.425s][info][gc,heap        ] GC(228) PSOldGen: 84108K->110834K(1398272K)
[151.425s][info][gc,metaspace   ] GC(228) Metaspace: 23758K(24832K)->23758K(24832K) NonClass: 20832K(21504K)->20832K(21504K) Class: 2925K(3328K)->2925K(3328K)
[151.425s][info][gc             ] GC(228) Pause Young (Allocation Failure) 695M->108M(2000M) 15.853ms
[151.425s][info][gc,cpu         ] GC(228) User=0.09s Sys=0.00s Real=0.02s
[151.494s][info][gc,start       ] GC(229) Pause Young (System.gc())
[151.496s][info][gc,heap        ] GC(229) PSYoungGen: 264689K->646K(653824K)
[151.496s][info][gc,heap        ] GC(229) PSOldGen: 110834K->110834K(1398272K)
[151.496s][info][gc,metaspace   ] GC(229) Metaspace: 23759K(24832K)->23759K(24832K) NonClass: 20833K(21504K)->20833K(21504K) Class: 2925K(3328K)->2925K(3328K)
[151.496s][info][gc             ] GC(229) Pause Young (System.gc()) 366M->108M(2004M) 1.926ms
[151.496s][info][gc,cpu         ] GC(229) User=0.00s Sys=0.00s Real=0.00s
[151.496s][info][gc,start       ] GC(230) Pause Full (System.gc())
[151.496s][info][gc,phases,start] GC(230) Phase 1: Mark live objects
[151.502s][info][gc,phases      ] GC(230) Phase 1: Mark live objects 5.370ms
[151.502s][info][gc,phases,start] GC(230) Phase 2: Compute new object addresses
[151.510s][info][gc,phases      ] GC(230) Phase 2: Compute new object addresses 8.644ms
[151.510s][info][gc,phases,start] GC(230) Phase 3: Adjust pointers
[151.514s][info][gc,phases      ] GC(230) Phase 3: Adjust pointers 4.043ms
[151.515s][info][gc,phases,start] GC(230) Phase 4: Move objects
[151.515s][info][gc,phases      ] GC(230) Phase 4: Move objects 0.009ms
[151.515s][info][gc,heap        ] GC(230) PSYoungGen: 646K->0K(653824K)
[151.515s][info][gc,heap        ] GC(230) PSOldGen: 110834K->58008K(1398272K)
[151.515s][info][gc,metaspace   ] GC(230) Metaspace: 23759K(24832K)->23759K(24832K) NonClass: 20833K(21504K)->20833K(21504K) Class: 2925K(3328K)->2925K(3328K)
[151.515s][info][gc             ] GC(230) Pause Full (System.gc()) 108M->56M(2004M) 18.505ms
[151.515s][info][gc,cpu         ] GC(230) User=0.02s Sys=0.00s Real=0.01s
[153.342s][info][gc,start       ] GC(231) Pause Young (Allocation Failure)
[153.354s][info][gc,heap        ] GC(231) PSYoungGen: 607232K->26165K(633856K)
[153.354s][info][gc,heap        ] GC(231) PSOldGen: 58008K->58008K(1398272K)
[153.354s][info][gc,metaspace   ] GC(231) Metaspace: 23761K(24832K)->23761K(24832K) NonClass: 20835K(21504K)->20835K(21504K) Class: 2925K(3328K)->2925K(3328K)
[153.354s][info][gc             ] GC(231) Pause Young (Allocation Failure) 649M->82M(1984M) 12.158ms
[153.354s][info][gc,cpu         ] GC(231) User=0.00s Sys=0.00s Real=0.03s
[153.477s][info][gc,start       ] GC(232) Pause Young (Allocation Failure)
[153.493s][info][gc,heap        ] GC(232) PSYoungGen: 633397K->0K(652800K)
[153.493s][info][gc,heap        ] GC(232) PSOldGen: 58008K->84159K(1398272K)
[153.493s][info][gc,metaspace   ] GC(232) Metaspace: 23761K(24832K)->23761K(24832K) NonClass: 20835K(21504K)->20835K(21504K) Class: 2925K(3328K)->2925K(3328K)
[153.493s][info][gc             ] GC(232) Pause Young (Allocation Failure) 675M->82M(2003M) 16.680ms
[153.494s][info][gc,cpu         ] GC(232) User=0.09s Sys=0.00s Real=0.02s
[155.332s][info][gc,start       ] GC(233) Pause Young (Allocation Failure)
[155.344s][info][gc,heap        ] GC(233) PSYoungGen: 605184K->26733K(632320K)
[155.344s][info][gc,heap        ] GC(233) PSOldGen: 84159K->84159K(1398272K)
[155.344s][info][gc,metaspace   ] GC(233) Metaspace: 23761K(24832K)->23761K(24832K) NonClass: 20835K(21504K)->20835K(21504K) Class: 2925K(3328K)->2925K(3328K)
[155.344s][info][gc             ] GC(233) Pause Young (Allocation Failure) 673M->108M(1983M) 11.791ms
[155.344s][info][gc,cpu         ] GC(233) User=0.09s Sys=0.00s Real=0.02s
[155.468s][info][gc,start       ] GC(234) Pause Young (Allocation Failure)
[155.484s][info][gc,heap        ] GC(234) PSYoungGen: 631917K->0K(652288K)
[155.484s][info][gc,heap        ] GC(234) PSOldGen: 84159K->110893K(1398272K)
[155.484s][info][gc,metaspace   ] GC(234) Metaspace: 23761K(24832K)->23761K(24832K) NonClass: 20835K(21504K)->20835K(21504K) Class: 2925K(3328K)->2925K(3328K)
[155.484s][info][gc             ] GC(234) Pause Young (Allocation Failure) 699M->108M(2002M) 16.194ms
[155.484s][info][gc,cpu         ] GC(234) User=0.09s Sys=0.00s Real=0.03s
[155.550s][info][gc,start       ] GC(235) Pause Young (System.gc())
[155.552s][info][gc,heap        ] GC(235) PSYoungGen: 253519K->678K(650240K)
[155.552s][info][gc,heap        ] GC(235) PSOldGen: 110893K->110893K(1398272K)
[155.552s][info][gc,metaspace   ] GC(235) Metaspace: 23761K(24832K)->23761K(24832K) NonClass: 20836K(21504K)->20836K(21504K) Class: 2925K(3328K)->2925K(3328K)
[155.552s][info][gc             ] GC(235) Pause Young (System.gc()) 355M->108M(2000M) 1.362ms
[155.552s][info][gc,cpu         ] GC(235) User=0.00s Sys=0.00s Real=0.00s
[155.552s][info][gc,start       ] GC(236) Pause Full (System.gc())
[155.552s][info][gc,phases,start] GC(236) Phase 1: Mark live objects
[155.557s][info][gc,phases      ] GC(236) Phase 1: Mark live objects 5.253ms
[155.557s][info][gc,phases,start] GC(236) Phase 2: Compute new object addresses
[155.566s][info][gc,phases      ] GC(236) Phase 2: Compute new object addresses 8.928ms
[155.566s][info][gc,phases,start] GC(236) Phase 3: Adjust pointers
[155.570s][info][gc,phases      ] GC(236) Phase 3: Adjust pointers 4.051ms
[155.570s][info][gc,phases,start] GC(236) Phase 4: Move objects
[155.570s][info][gc,phases      ] GC(236) Phase 4: Move objects 0.009ms
[155.570s][info][gc,heap        ] GC(236) PSYoungGen: 678K->0K(650240K)
[155.570s][info][gc,heap        ] GC(236) PSOldGen: 110893K->4985K(1398272K)
[155.570s][info][gc,metaspace   ] GC(236) Metaspace: 23761K(24832K)->23761K(24832K) NonClass: 20836K(21504K)->20836K(21504K) Class: 2925K(3328K)->2925K(3328K)
[155.570s][info][gc             ] GC(236) Pause Full (System.gc()) 108M->4M(2000M) 18.674ms
[155.570s][info][gc,cpu         ] GC(236) User=0.02s Sys=0.00s Real=0.02s
[157.396s][info][gc,start       ] GC(237) Pause Young (Allocation Failure)
[157.407s][info][gc,heap        ] GC(237) PSYoungGen: 603648K->26165K(648704K)
[157.407s][info][gc,heap        ] GC(237) PSOldGen: 4985K->4985K(1398272K)
[157.407s][info][gc,metaspace   ] GC(237) Metaspace: 23762K(24832K)->23762K(24832K) NonClass: 20836K(21504K)->20836K(21504K) Class: 2925K(3328K)->2925K(3328K)
[157.407s][info][gc             ] GC(237) Pause Young (Allocation Failure) 594M->30M(1999M) 10.971ms
[157.407s][info][gc,cpu         ] GC(237) User=0.09s Sys=0.00s Real=0.01s
[157.530s][info][gc,start       ] GC(238) Pause Young (Allocation Failure)
[157.546s][info][gc,heap        ] GC(238) PSYoungGen: 629813K->0K(651264K)
[157.546s][info][gc,heap        ] GC(238) PSOldGen: 4985K->31144K(1398272K)
[157.546s][info][gc,metaspace   ] GC(238) Metaspace: 23762K(24832K)->23762K(24832K) NonClass: 20836K(21504K)->20836K(21504K) Class: 2925K(3328K)->2925K(3328K)
[157.546s][info][gc             ] GC(238) Pause Young (Allocation Failure) 619M->30M(2001M) 15.917ms
[157.546s][info][gc,cpu         ] GC(238) User=0.09s Sys=0.00s Real=0.02s
[159.384s][info][gc,start       ] GC(239) Pause Young (Allocation Failure)
[159.397s][info][gc,heap        ] GC(239) PSYoungGen: 603648K->26747K(647680K)
[159.397s][info][gc,heap        ] GC(239) PSOldGen: 31144K->31144K(1398272K)
[159.397s][info][gc,metaspace   ] GC(239) Metaspace: 23762K(24832K)->23762K(24832K) NonClass: 20836K(21504K)->20836K(21504K) Class: 2925K(3328K)->2925K(3328K)
[159.397s][info][gc             ] GC(239) Pause Young (Allocation Failure) 619M->56M(1998M) 12.767ms
[159.397s][info][gc,cpu         ] GC(239) User=0.09s Sys=0.00s Real=0.02s
[159.519s][info][gc,start       ] GC(240) Pause Young (Allocation Failure)
[159.534s][info][gc,heap        ] GC(240) PSYoungGen: 628347K->0K(650240K)
[159.534s][info][gc,heap        ] GC(240) PSOldGen: 31144K->57886K(1398272K)
[159.534s][info][gc,metaspace   ] GC(240) Metaspace: 23762K(24832K)->23762K(24832K) NonClass: 20836K(21504K)->20836K(21504K) Class: 2925K(3328K)->2925K(3328K)
[159.534s][info][gc             ] GC(240) Pause Young (Allocation Failure) 644M->56M(2000M) 15.589ms
[159.534s][info][gc,cpu         ] GC(240) User=0.06s Sys=0.00s Real=0.03s
[159.603s][info][gc,start       ] GC(241) Pause Young (System.gc())
[159.604s][info][gc,heap        ] GC(241) PSYoungGen: 264688K->678K(653824K)
[159.604s][info][gc,heap        ] GC(241) PSOldGen: 57886K->57886K(1398272K)
[159.604s][info][gc,metaspace   ] GC(241) Metaspace: 23762K(24832K)->23762K(24832K) NonClass: 20836K(21504K)->20836K(21504K) Class: 2925K(3328K)->2925K(3328K)
[159.604s][info][gc             ] GC(241) Pause Young (System.gc()) 315M->57M(2004M) 1.032ms
[159.604s][info][gc,cpu         ] GC(241) User=0.00s Sys=0.00s Real=0.00s
[159.604s][info][gc,start       ] GC(242) Pause Full (System.gc())
[159.604s][info][gc,phases,start] GC(242) Phase 1: Mark live objects
[159.609s][info][gc,phases      ] GC(242) Phase 1: Mark live objects 5.410ms
[159.609s][info][gc,phases,start] GC(242) Phase 2: Compute new object addresses
[159.618s][info][gc,phases      ] GC(242) Phase 2: Compute new object addresses 8.720ms
[159.618s][info][gc,phases,start] GC(242) Phase 3: Adjust pointers
[159.622s][info][gc,phases      ] GC(242) Phase 3: Adjust pointers 4.145ms
[159.622s][info][gc,phases,start] GC(242) Phase 4: Move objects
[159.622s][info][gc,phases      ] GC(242) Phase 4: Move objects 0.009ms
[159.623s][info][gc,heap        ] GC(242) PSYoungGen: 678K->0K(653824K)
[159.623s][info][gc,heap        ] GC(242) PSOldGen: 57886K->57886K(1398272K)
[159.623s][info][gc,metaspace   ] GC(242) Metaspace: 23762K(24832K)->23762K(24832K) NonClass: 20836K(21504K)->20836K(21504K) Class: 2925K(3328K)->2925K(3328K)
[159.623s][info][gc             ] GC(242) Pause Full (System.gc()) 57M->56M(2004M) 18.846ms
[159.623s][info][gc,cpu         ] GC(242) User=0.00s Sys=0.00s Real=0.02s
[161.449s][info][gc,start       ] GC(243) Pause Young (Allocation Failure)
[161.460s][info][gc,heap        ] GC(243) PSYoungGen: 607232K->26165K(633856K)
[161.460s][info][gc,heap        ] GC(243) PSOldGen: 57886K->57886K(1398272K)
[161.460s][info][gc,metaspace   ] GC(243) Metaspace: 23762K(24832K)->23762K(24832K) NonClass: 20836K(21504K)->20836K(21504K) Class: 2925K(3328K)->2925K(3328K)
[161.460s][info][gc             ] GC(243) Pause Young (Allocation Failure) 649M->82M(1984M) 11.139ms
[161.460s][info][gc,cpu         ] GC(243) User=0.09s Sys=0.00s Real=0.01s
[161.583s][info][gc,start       ] GC(244) Pause Young (Allocation Failure)
[161.599s][info][gc,heap        ] GC(244) PSYoungGen: 633397K->0K(652800K)
[161.599s][info][gc,heap        ] GC(244) PSOldGen: 57886K->84054K(1398272K)
[161.599s][info][gc,metaspace   ] GC(244) Metaspace: 23762K(24832K)->23762K(24832K) NonClass: 20836K(21504K)->20836K(21504K) Class: 2925K(3328K)->2925K(3328K)
[161.599s][info][gc             ] GC(244) Pause Young (Allocation Failure) 675M->82M(2003M) 16.137ms
[161.599s][info][gc,cpu         ] GC(244) User=0.09s Sys=0.00s Real=0.02s
[163.441s][info][gc,start       ] GC(245) Pause Young (Allocation Failure)
[163.455s][info][gc,heap        ] GC(245) PSYoungGen: 605184K->26747K(632320K)
[163.455s][info][gc,heap        ] GC(245) PSOldGen: 84054K->84054K(1398272K)
[163.455s][info][gc,metaspace   ] GC(245) Metaspace: 23762K(24832K)->23762K(24832K) NonClass: 20836K(21504K)->20836K(21504K) Class: 2925K(3328K)->2925K(3328K)
[163.455s][info][gc             ] GC(245) Pause Young (Allocation Failure) 673M->108M(1983M) 13.718ms
[163.455s][info][gc,cpu         ] GC(245) User=0.09s Sys=0.00s Real=0.01s
[163.578s][info][gc,start       ] GC(246) Pause Young (Allocation Failure)
[163.593s][info][gc,heap        ] GC(246) PSYoungGen: 631931K->0K(652288K)
[163.593s][info][gc,heap        ] GC(246) PSOldGen: 84054K->110787K(1398272K)
[163.593s][info][gc,metaspace   ] GC(246) Metaspace: 23762K(24832K)->23762K(24832K) NonClass: 20836K(21504K)->20836K(21504K) Class: 2925K(3328K)->2925K(3328K)
[163.593s][info][gc             ] GC(246) Pause Young (Allocation Failure) 699M->108M(2002M) 15.367ms
[163.593s][info][gc,cpu         ] GC(246) User=0.09s Sys=0.00s Real=0.02s
[163.659s][info][gc,start       ] GC(247) Pause Young (System.gc())
[163.660s][info][gc,heap        ] GC(247) PSYoungGen: 253519K->678K(650240K)
[163.660s][info][gc,heap        ] GC(247) PSOldGen: 110787K->110787K(1398272K)
[163.660s][info][gc,metaspace   ] GC(247) Metaspace: 23762K(24832K)->23762K(24832K) NonClass: 20836K(21504K)->20836K(21504K) Class: 2925K(3328K)->2925K(3328K)
[163.661s][info][gc             ] GC(247) Pause Young (System.gc()) 355M->108M(2000M) 1.188ms
[163.661s][info][gc,cpu         ] GC(247) User=0.00s Sys=0.00s Real=0.00s
[163.661s][info][gc,start       ] GC(248) Pause Full (System.gc())
[163.661s][info][gc,phases,start] GC(248) Phase 1: Mark live objects
[163.666s][info][gc,phases      ] GC(248) Phase 1: Mark live objects 5.461ms
[163.666s][info][gc,phases,start] GC(248) Phase 2: Compute new object addresses
[163.675s][info][gc,phases      ] GC(248) Phase 2: Compute new object addresses 8.744ms
[163.675s][info][gc,phases,start] GC(248) Phase 3: Adjust pointers
[163.679s][info][gc,phases      ] GC(248) Phase 3: Adjust pointers 4.071ms
[163.679s][info][gc,phases,start] GC(248) Phase 4: Move objects
[163.679s][info][gc,phases      ] GC(248) Phase 4: Move objects 0.009ms
[163.679s][info][gc,heap        ] GC(248) PSYoungGen: 678K->0K(650240K)
[163.679s][info][gc,heap        ] GC(248) PSOldGen: 110787K->57996K(1398272K)
[163.679s][info][gc,metaspace   ] GC(248) Metaspace: 23762K(24832K)->23762K(24832K) NonClass: 20836K(21504K)->20836K(21504K) Class: 2925K(3328K)->2925K(3328K)
[163.679s][info][gc             ] GC(248) Pause Full (System.gc()) 108M->56M(2000M) 18.718ms
[163.679s][info][gc,cpu         ] GC(248) User=0.02s Sys=0.00s Real=0.03s
[165.512s][info][gc,start       ] GC(249) Pause Young (Allocation Failure)
[165.523s][info][gc,heap        ] GC(249) PSYoungGen: 603648K->26197K(648704K)
[165.523s][info][gc,heap        ] GC(249) PSOldGen: 57996K->57996K(1398272K)
[165.523s][info][gc,metaspace   ] GC(249) Metaspace: 23769K(24832K)->23769K(24832K) NonClass: 20844K(21504K)->20844K(21504K) Class: 2925K(3328K)->2925K(3328K)
[165.523s][info][gc             ] GC(249) Pause Young (Allocation Failure) 646M->82M(1999M) 11.437ms
[165.523s][info][gc,cpu         ] GC(249) User=0.09s Sys=0.00s Real=0.01s
[165.646s][info][gc,start       ] GC(250) Pause Young (Allocation Failure)
[165.662s][info][gc,heap        ] GC(250) PSYoungGen: 629845K->0K(651264K)
[165.662s][info][gc,heap        ] GC(250) PSOldGen: 57996K->84156K(1398272K)
[165.662s][info][gc,metaspace   ] GC(250) Metaspace: 23769K(24832K)->23769K(24832K) NonClass: 20844K(21504K)->20844K(21504K) Class: 2925K(3328K)->2925K(3328K)
[165.662s][info][gc             ] GC(250) Pause Young (Allocation Failure) 671M->82M(2001M) 16.044ms
[165.662s][info][gc,cpu         ] GC(250) User=0.08s Sys=0.02s Real=0.02s
[167.499s][info][gc,start       ] GC(251) Pause Young (Allocation Failure)
[167.511s][info][gc,heap        ] GC(251) PSYoungGen: 603648K->26715K(647680K)
[167.511s][info][gc,heap        ] GC(251) PSOldGen: 84156K->84156K(1398272K)
[167.511s][info][gc,metaspace   ] GC(251) Metaspace: 23770K(24832K)->23770K(24832K) NonClass: 20845K(21504K)->20845K(21504K) Class: 2925K(3328K)->2925K(3328K)
[167.511s][info][gc             ] GC(251) Pause Young (Allocation Failure) 671M->108M(1998M) 11.852ms
[167.511s][info][gc,cpu         ] GC(251) User=0.00s Sys=0.00s Real=0.02s
[167.633s][info][gc,start       ] GC(252) Pause Young (Allocation Failure)
[167.648s][info][gc,heap        ] GC(252) PSYoungGen: 628315K->0K(650240K)
[167.648s][info][gc,heap        ] GC(252) PSOldGen: 84156K->110890K(1398272K)
[167.648s][info][gc,metaspace   ] GC(252) Metaspace: 23770K(24832K)->23770K(24832K) NonClass: 20845K(21504K)->20845K(21504K) Class: 2925K(3328K)->2925K(3328K)
[167.648s][info][gc             ] GC(252) Pause Young (Allocation Failure) 695M->108M(2000M) 15.211ms
[167.648s][info][gc,cpu         ] GC(252) User=0.09s Sys=0.00s Real=0.03s
[167.717s][info][gc,start       ] GC(253) Pause Young (System.gc())
[167.718s][info][gc,heap        ] GC(253) PSYoungGen: 264687K->678K(653824K)
[167.718s][info][gc,heap        ] GC(253) PSOldGen: 110890K->110890K(1398272K)
[167.718s][info][gc,metaspace   ] GC(253) Metaspace: 23770K(24832K)->23770K(24832K) NonClass: 20845K(21504K)->20845K(21504K) Class: 2925K(3328K)->2925K(3328K)
[167.718s][info][gc             ] GC(253) Pause Young (System.gc()) 366M->108M(2004M) 1.117ms
[167.718s][info][gc,cpu         ] GC(253) User=0.00s Sys=0.00s Real=0.00s
[167.718s][info][gc,start       ] GC(254) Pause Full (System.gc())
[167.718s][info][gc,phases,start] GC(254) Phase 1: Mark live objects
[167.723s][info][gc,phases      ] GC(254) Phase 1: Mark live objects 5.280ms
[167.723s][info][gc,phases,start] GC(254) Phase 2: Compute new object addresses
[167.732s][info][gc,phases      ] GC(254) Phase 2: Compute new object addresses 8.761ms
[167.732s][info][gc,phases,start] GC(254) Phase 3: Adjust pointers
[167.736s][info][gc,phases      ] GC(254) Phase 3: Adjust pointers 4.123ms
[167.736s][info][gc,phases,start] GC(254) Phase 4: Move objects
[167.736s][info][gc,phases      ] GC(254) Phase 4: Move objects 0.010ms
[167.736s][info][gc,heap        ] GC(254) PSYoungGen: 678K->0K(653824K)
[167.736s][info][gc,heap        ] GC(254) PSOldGen: 110890K->58075K(1398272K)
[167.736s][info][gc,metaspace   ] GC(254) Metaspace: 23770K(24832K)->23770K(24832K) NonClass: 20845K(21504K)->20845K(21504K) Class: 2925K(3328K)->2925K(3328K)
[167.736s][info][gc             ] GC(254) Pause Full (System.gc()) 108M->56M(2004M) 18.618ms
[167.736s][info][gc,cpu         ] GC(254) User=0.02s Sys=0.00s Real=0.02s
[169.563s][info][gc,start       ] GC(255) Pause Young (Allocation Failure)
[169.574s][info][gc,heap        ] GC(255) PSYoungGen: 607232K->26165K(633856K)
[169.574s][info][gc,heap        ] GC(255) PSOldGen: 58075K->58075K(1398272K)
[169.574s][info][gc,metaspace   ] GC(255) Metaspace: 23775K(24832K)->23775K(24832K) NonClass: 20849K(21504K)->20849K(21504K) Class: 2925K(3328K)->2925K(3328K)
[169.574s][info][gc             ] GC(255) Pause Young (Allocation Failure) 649M->82M(1984M) 11.347ms
[169.574s][info][gc,cpu         ] GC(255) User=0.00s Sys=0.00s Real=0.02s
[169.697s][info][gc,start       ] GC(256) Pause Young (Allocation Failure)
[169.713s][info][gc,heap        ] GC(256) PSYoungGen: 633397K->0K(652800K)
[169.713s][info][gc,heap        ] GC(256) PSOldGen: 58075K->84227K(1398272K)
[169.713s][info][gc,metaspace   ] GC(256) Metaspace: 23775K(24832K)->23775K(24832K) NonClass: 20849K(21504K)->20849K(21504K) Class: 2925K(3328K)->2925K(3328K)
[169.713s][info][gc             ] GC(256) Pause Young (Allocation Failure) 675M->82M(2003M) 15.906ms
[169.713s][info][gc,cpu         ] GC(256) User=0.09s Sys=0.00s Real=0.02s
[171.554s][info][gc,start       ] GC(257) Pause Young (Allocation Failure)
[171.566s][info][gc,heap        ] GC(257) PSYoungGen: 605184K->26747K(632320K)
[171.566s][info][gc,heap        ] GC(257) PSOldGen: 84227K->84227K(1398272K)
[171.566s][info][gc,metaspace   ] GC(257) Metaspace: 23775K(24832K)->23775K(24832K) NonClass: 20850K(21504K)->20850K(21504K) Class: 2925K(3328K)->2925K(3328K)
[171.566s][info][gc             ] GC(257) Pause Young (Allocation Failure) 673M->108M(1983M) 11.588ms
[171.566s][info][gc,cpu         ] GC(257) User=0.08s Sys=0.02s Real=0.01s
[171.688s][info][gc,start       ] GC(258) Pause Young (Allocation Failure)
[171.704s][info][gc,heap        ] GC(258) PSYoungGen: 631931K->0K(652288K)
[171.704s][info][gc,heap        ] GC(258) PSOldGen: 84227K->110960K(1398272K)
[171.704s][info][gc,metaspace   ] GC(258) Metaspace: 23775K(24832K)->23775K(24832K) NonClass: 20850K(21504K)->20850K(21504K) Class: 2925K(3328K)->2925K(3328K)
[171.704s][info][gc             ] GC(258) Pause Young (Allocation Failure) 699M->108M(2002M) 15.641ms
[171.704s][info][gc,cpu         ] GC(258) User=0.09s Sys=0.00s Real=0.02s
[171.770s][info][gc,start       ] GC(259) Pause Young (System.gc())
[171.771s][info][gc,heap        ] GC(259) PSYoungGen: 253519K->678K(650240K)
[171.771s][info][gc,heap        ] GC(259) PSOldGen: 110960K->110960K(1398272K)
[171.771s][info][gc,metaspace   ] GC(259) Metaspace: 23776K(24832K)->23776K(24832K) NonClass: 20850K(21504K)->20850K(21504K) Class: 2925K(3328K)->2925K(3328K)
[171.771s][info][gc             ] GC(259) Pause Young (System.gc()) 355M->109M(2000M) 1.242ms
[171.771s][info][gc,cpu         ] GC(259) User=0.00s Sys=0.00s Real=0.00s
[171.771s][info][gc,start       ] GC(260) Pause Full (System.gc())
[171.771s][info][gc,phases,start] GC(260) Phase 1: Mark live objects
[171.776s][info][gc,phases      ] GC(260) Phase 1: Mark live objects 5.322ms
[171.776s][info][gc,phases,start] GC(260) Phase 2: Compute new object addresses
[171.785s][info][gc,phases      ] GC(260) Phase 2: Compute new object addresses 8.816ms
[171.785s][info][gc,phases,start] GC(260) Phase 3: Adjust pointers
[171.789s][info][gc,phases      ] GC(260) Phase 3: Adjust pointers 4.119ms
[171.790s][info][gc,phases,start] GC(260) Phase 4: Move objects
[171.790s][info][gc,phases      ] GC(260) Phase 4: Move objects 0.010ms
[171.790s][info][gc,heap        ] GC(260) PSYoungGen: 678K->0K(650240K)
[171.790s][info][gc,heap        ] GC(260) PSOldGen: 110960K->4985K(1398272K)
[171.790s][info][gc,metaspace   ] GC(260) Metaspace: 23776K(24832K)->23776K(24832K) NonClass: 20850K(21504K)->20850K(21504K) Class: 2925K(3328K)->2925K(3328K)
[171.790s][info][gc             ] GC(260) Pause Full (System.gc()) 109M->4M(2000M) 18.702ms
[171.790s][info][gc,cpu         ] GC(260) User=0.02s Sys=0.00s Real=0.03s
[173.614s][info][gc,start       ] GC(261) Pause Young (Allocation Failure)
[173.625s][info][gc,heap        ] GC(261) PSYoungGen: 603648K->26165K(648704K)
[173.625s][info][gc,heap        ] GC(261) PSOldGen: 4985K->4985K(1398272K)
[173.625s][info][gc,metaspace   ] GC(261) Metaspace: 23776K(24832K)->23776K(24832K) NonClass: 20850K(21504K)->20850K(21504K) Class: 2925K(3328K)->2925K(3328K)
[173.625s][info][gc             ] GC(261) Pause Young (Allocation Failure) 594M->30M(1999M) 11.110ms
[173.625s][info][gc,cpu         ] GC(261) User=0.09s Sys=0.00s Real=0.01s
[173.749s][info][gc,start       ] GC(262) Pause Young (Allocation Failure)
[173.764s][info][gc,heap        ] GC(262) PSYoungGen: 629813K->0K(651264K)
[173.764s][info][gc,heap        ] GC(262) PSOldGen: 4985K->31137K(1398272K)
[173.764s][info][gc,metaspace   ] GC(262) Metaspace: 23776K(24832K)->23776K(24832K) NonClass: 20850K(21504K)->20850K(21504K) Class: 2925K(3328K)->2925K(3328K)
[173.764s][info][gc             ] GC(262) Pause Young (Allocation Failure) 619M->30M(2001M) 15.188ms
[173.764s][info][gc,cpu         ] GC(262) User=0.09s Sys=0.00s Real=0.03s
[175.600s][info][gc,start       ] GC(263) Pause Young (Allocation Failure)
[175.612s][info][gc,heap        ] GC(263) PSYoungGen: 603648K->26733K(647680K)
[175.612s][info][gc,heap        ] GC(263) PSOldGen: 31137K->31137K(1398272K)
[175.612s][info][gc,metaspace   ] GC(263) Metaspace: 23776K(24832K)->23776K(24832K) NonClass: 20850K(21504K)->20850K(21504K) Class: 2925K(3328K)->2925K(3328K)
[175.612s][info][gc             ] GC(263) Pause Young (Allocation Failure) 619M->56M(1998M) 11.574ms
[175.612s][info][gc,cpu         ] GC(263) User=0.09s Sys=0.00s Real=0.02s
[175.734s][info][gc,start       ] GC(264) Pause Young (Allocation Failure)
[175.750s][info][gc,heap        ] GC(264) PSYoungGen: 628333K->0K(650240K)
[175.750s][info][gc,heap        ] GC(264) PSOldGen: 31137K->57854K(1398272K)
[175.750s][info][gc,metaspace   ] GC(264) Metaspace: 23776K(24832K)->23776K(24832K) NonClass: 20850K(21504K)->20850K(21504K) Class: 2925K(3328K)->2925K(3328K)
[175.750s][info][gc             ] GC(264) Pause Young (Allocation Failure) 644M->56M(2000M) 15.940ms
[175.750s][info][gc,cpu         ] GC(264) User=0.09s Sys=0.00s Real=0.03s
[175.818s][info][gc,start       ] GC(265) Pause Young (System.gc())
[175.820s][info][gc,heap        ] GC(265) PSYoungGen: 264688K->710K(653824K)
[175.820s][info][gc,heap        ] GC(265) PSOldGen: 57854K->57854K(1398272K)
[175.820s][info][gc,metaspace   ] GC(265) Metaspace: 23776K(24832K)->23776K(24832K) NonClass: 20850K(21504K)->20850K(21504K) Class: 2925K(3328K)->2925K(3328K)
[175.820s][info][gc             ] GC(265) Pause Young (System.gc()) 314M->57M(2004M) 1.092ms
[175.820s][info][gc,cpu         ] GC(265) User=0.00s Sys=0.00s Real=0.00s
[175.820s][info][gc,start       ] GC(266) Pause Full (System.gc())
[175.820s][info][gc,phases,start] GC(266) Phase 1: Mark live objects
[175.825s][info][gc,phases      ] GC(266) Phase 1: Mark live objects 5.380ms
[175.825s][info][gc,phases,start] GC(266) Phase 2: Compute new object addresses
[175.834s][info][gc,phases      ] GC(266) Phase 2: Compute new object addresses 8.858ms
[175.834s][info][gc,phases,start] GC(266) Phase 3: Adjust pointers
[175.838s][info][gc,phases      ] GC(266) Phase 3: Adjust pointers 4.071ms
[175.838s][info][gc,phases,start] GC(266) Phase 4: Move objects
[175.838s][info][gc,phases      ] GC(266) Phase 4: Move objects 0.009ms
[175.838s][info][gc,heap        ] GC(266) PSYoungGen: 710K->0K(653824K)
[175.838s][info][gc,heap        ] GC(266) PSOldGen: 57854K->57854K(1398272K)
[175.838s][info][gc,metaspace   ] GC(266) Metaspace: 23776K(24832K)->23776K(24832K) NonClass: 20850K(21504K)->20850K(21504K) Class: 2925K(3328K)->2925K(3328K)
[175.838s][info][gc             ] GC(266) Pause Full (System.gc()) 57M->56M(2004M) 18.754ms
[175.838s][info][gc,cpu         ] GC(266) User=0.02s Sys=0.00s Real=0.02s
[177.662s][info][gc,start       ] GC(267) Pause Young (Allocation Failure)
[177.674s][info][gc,heap        ] GC(267) PSYoungGen: 607232K->26165K(633856K)
[177.674s][info][gc,heap        ] GC(267) PSOldGen: 57854K->57854K(1398272K)
[177.674s][info][gc,metaspace   ] GC(267) Metaspace: 23776K(24832K)->23776K(24832K) NonClass: 20850K(21504K)->20850K(21504K) Class: 2925K(3328K)->2925K(3328K)
[177.674s][info][gc             ] GC(267) Pause Young (Allocation Failure) 649M->82M(1984M) 11.976ms
[177.674s][info][gc,cpu         ] GC(267) User=0.09s Sys=0.00s Real=0.02s
[177.797s][info][gc,start       ] GC(268) Pause Young (Allocation Failure)
[177.813s][info][gc,heap        ] GC(268) PSYoungGen: 633397K->0K(652800K)
[177.813s][info][gc,heap        ] GC(268) PSOldGen: 57854K->83998K(1398272K)
[177.813s][info][gc,metaspace   ] GC(268) Metaspace: 23776K(24832K)->23776K(24832K) NonClass: 20850K(21504K)->20850K(21504K) Class: 2925K(3328K)->2925K(3328K)
[177.813s][info][gc             ] GC(268) Pause Young (Allocation Failure) 675M->82M(2003M) 15.537ms
[177.813s][info][gc,cpu         ] GC(268) User=0.08s Sys=0.02s Real=0.02s
[179.655s][info][gc,start       ] GC(269) Pause Young (Allocation Failure)
[179.667s][info][gc,heap        ] GC(269) PSYoungGen: 605184K->26765K(632320K)
[179.667s][info][gc,heap        ] GC(269) PSOldGen: 83998K->83998K(1398272K)
[179.667s][info][gc,metaspace   ] GC(269) Metaspace: 23776K(24832K)->23776K(24832K) NonClass: 20850K(21504K)->20850K(21504K) Class: 2925K(3328K)->2925K(3328K)
[179.667s][info][gc             ] GC(269) Pause Young (Allocation Failure) 673M->108M(1983M) 12.499ms
[179.667s][info][gc,cpu         ] GC(269) User=0.00s Sys=0.00s Real=0.02s
[179.789s][info][gc,start       ] GC(270) Pause Young (Allocation Failure)
[179.805s][info][gc,heap        ] GC(270) PSYoungGen: 631949K->0K(652288K)
[179.805s][info][gc,heap        ] GC(270) PSOldGen: 83998K->110724K(1398272K)
[179.805s][info][gc,metaspace   ] GC(270) Metaspace: 23776K(24832K)->23776K(24832K) NonClass: 20850K(21504K)->20850K(21504K) Class: 2925K(3328K)->2925K(3328K)
[179.805s][info][gc             ] GC(270) Pause Young (Allocation Failure) 699M->108M(2002M) 15.646ms
[179.805s][info][gc,cpu         ] GC(270) User=0.09s Sys=0.00s Real=0.03s
[179.872s][info][gc,start       ] GC(271) Pause Young (System.gc())
[179.873s][info][gc,heap        ] GC(271) PSYoungGen: 253519K->710K(650240K)
[179.873s][info][gc,heap        ] GC(271) PSOldGen: 110724K->110724K(1398272K)
[179.873s][info][gc,metaspace   ] GC(271) Metaspace: 23776K(24832K)->23776K(24832K) NonClass: 20850K(21504K)->20850K(21504K) Class: 2925K(3328K)->2925K(3328K)
[179.873s][info][gc             ] GC(271) Pause Young (System.gc()) 355M->108M(2000M) 1.300ms
[179.873s][info][gc,cpu         ] GC(271) User=0.09s Sys=0.00s Real=0.02s
[179.873s][info][gc,start       ] GC(272) Pause Full (System.gc())
[179.873s][info][gc,phases,start] GC(272) Phase 1: Mark live objects
[179.878s][info][gc,phases      ] GC(272) Phase 1: Mark live objects 5.238ms
[179.878s][info][gc,phases,start] GC(272) Phase 2: Compute new object addresses
[179.887s][info][gc,phases      ] GC(272) Phase 2: Compute new object addresses 8.660ms
[179.887s][info][gc,phases,start] GC(272) Phase 3: Adjust pointers
[179.891s][info][gc,phases      ] GC(272) Phase 3: Adjust pointers 4.173ms
[179.891s][info][gc,phases,start] GC(272) Phase 4: Move objects
[179.891s][info][gc,phases      ] GC(272) Phase 4: Move objects 0.009ms
[179.892s][info][gc,heap        ] GC(272) PSYoungGen: 710K->0K(650240K)
[179.892s][info][gc,heap        ] GC(272) PSOldGen: 110724K->57941K(1398272K)
[179.892s][info][gc,metaspace   ] GC(272) Metaspace: 23776K(24832K)->23776K(24832K) NonClass: 20850K(21504K)->20850K(21504K) Class: 2925K(3328K)->2925K(3328K)
[179.892s][info][gc             ] GC(272) Pause Full (System.gc()) 108M->56M(2000M) 18.507ms
[179.892s][info][gc,cpu         ] GC(272) User=0.02s Sys=0.00s Real=0.02s
[181.717s][info][gc,start       ] GC(273) Pause Young (Allocation Failure)
[181.729s][info][gc,heap        ] GC(273) PSYoungGen: 603648K->26133K(648704K)
[181.730s][info][gc,heap        ] GC(273) PSOldGen: 57941K->57941K(1398272K)
[181.730s][info][gc,metaspace   ] GC(273) Metaspace: 23776K(24832K)->23776K(24832K) NonClass: 20850K(21504K)->20850K(21504K) Class: 2925K(3328K)->2925K(3328K)
[181.730s][info][gc             ] GC(273) Pause Young (Allocation Failure) 646M->82M(1999M) 12.642ms
[181.730s][info][gc,cpu         ] GC(273) User=0.00s Sys=0.00s Real=0.02s
[181.853s][info][gc,start       ] GC(274) Pause Young (Allocation Failure)
[181.869s][info][gc,heap        ] GC(274) PSYoungGen: 629781K->0K(651264K)
[181.869s][info][gc,heap        ] GC(274) PSOldGen: 57941K->84092K(1398272K)
[181.869s][info][gc,metaspace   ] GC(274) Metaspace: 23776K(24832K)->23776K(24832K) NonClass: 20850K(21504K)->20850K(21504K) Class: 2925K(3328K)->2925K(3328K)
[181.869s][info][gc             ] GC(274) Pause Young (Allocation Failure) 671M->82M(2001M) 15.705ms
[181.869s][info][gc,cpu         ] GC(274) User=0.08s Sys=0.00s Real=0.02s
[183.710s][info][gc,start       ] GC(275) Pause Young (Allocation Failure)
[183.721s][info][gc,heap        ] GC(275) PSYoungGen: 603648K->26715K(647680K)
[183.721s][info][gc,heap        ] GC(275) PSOldGen: 84092K->84092K(1398272K)
[183.721s][info][gc,metaspace   ] GC(275) Metaspace: 23776K(24832K)->23776K(24832K) NonClass: 20850K(21504K)->20850K(21504K) Class: 2925K(3328K)->2925K(3328K)
[183.721s][info][gc             ] GC(275) Pause Young (Allocation Failure) 671M->108M(1998M) 11.782ms
[183.721s][info][gc,cpu         ] GC(275) User=0.09s Sys=0.00s Real=0.03s
[183.843s][info][gc,start       ] GC(276) Pause Young (Allocation Failure)
[183.858s][info][gc,heap        ] GC(276) PSYoungGen: 628315K->0K(650240K)
[183.858s][info][gc,heap        ] GC(276) PSOldGen: 84092K->110826K(1398272K)
[183.858s][info][gc,metaspace   ] GC(276) Metaspace: 23776K(24832K)->23776K(24832K) NonClass: 20850K(21504K)->20850K(21504K) Class: 2925K(3328K)->2925K(3328K)
[183.858s][info][gc             ] GC(276) Pause Young (Allocation Failure) 695M->108M(2000M) 15.517ms
[183.858s][info][gc,cpu         ] GC(276) User=0.09s Sys=0.00s Real=0.02s
[183.927s][info][gc,start       ] GC(277) Pause Young (System.gc())
[183.928s][info][gc,heap        ] GC(277) PSYoungGen: 264688K->646K(653824K)
[183.928s][info][gc,heap        ] GC(277) PSOldGen: 110826K->110826K(1398272K)
[183.928s][info][gc,metaspace   ] GC(277) Metaspace: 23776K(24832K)->23776K(24832K) NonClass: 20850K(21504K)->20850K(21504K) Class: 2925K(3328K)->2925K(3328K)
[183.928s][info][gc             ] GC(277) Pause Young (System.gc()) 366M->108M(2004M) 1.310ms
[183.928s][info][gc,cpu         ] GC(277) User=0.00s Sys=0.00s Real=0.00s
[183.928s][info][gc,start       ] GC(278) Pause Full (System.gc())
[183.928s][info][gc,phases,start] GC(278) Phase 1: Mark live objects
[183.933s][info][gc,phases      ] GC(278) Phase 1: Mark live objects 5.260ms
[183.933s][info][gc,phases,start] GC(278) Phase 2: Compute new object addresses
[183.942s][info][gc,phases      ] GC(278) Phase 2: Compute new object addresses 8.861ms
[183.942s][info][gc,phases,start] GC(278) Phase 3: Adjust pointers
[183.946s][info][gc,phases      ] GC(278) Phase 3: Adjust pointers 4.067ms
[183.946s][info][gc,phases,start] GC(278) Phase 4: Move objects
[183.946s][info][gc,phases      ] GC(278) Phase 4: Move objects 0.009ms
[183.947s][info][gc,heap        ] GC(278) PSYoungGen: 646K->0K(653824K)
[183.947s][info][gc,heap        ] GC(278) PSOldGen: 110826K->58027K(1398272K)
[183.947s][info][gc,metaspace   ] GC(278) Metaspace: 23776K(24832K)->23776K(24832K) NonClass: 20850K(21504K)->20850K(21504K) Class: 2925K(3328K)->2925K(3328K)
[183.947s][info][gc             ] GC(278) Pause Full (System.gc()) 108M->56M(2004M) 18.656ms
[183.947s][info][gc,cpu         ] GC(278) User=0.02s Sys=0.00s Real=0.02s
[185.775s][info][gc,start       ] GC(279) Pause Young (Allocation Failure)
[185.786s][info][gc,heap        ] GC(279) PSYoungGen: 607232K->26165K(633856K)
[185.786s][info][gc,heap        ] GC(279) PSOldGen: 58027K->58027K(1398272K)
[185.786s][info][gc,metaspace   ] GC(279) Metaspace: 23776K(24832K)->23776K(24832K) NonClass: 20850K(21504K)->20850K(21504K) Class: 2925K(3328K)->2925K(3328K)
[185.786s][info][gc             ] GC(279) Pause Young (Allocation Failure) 649M->82M(1984M) 11.620ms
[185.786s][info][gc,cpu         ] GC(279) User=0.09s Sys=0.00s Real=0.02s
[185.909s][info][gc,start       ] GC(280) Pause Young (Allocation Failure)
[185.924s][info][gc,heap        ] GC(280) PSYoungGen: 633397K->0K(652800K)
[185.924s][info][gc,heap        ] GC(280) PSOldGen: 58027K->84186K(1398272K)
[185.924s][info][gc,metaspace   ] GC(280) Metaspace: 23776K(24832K)->23776K(24832K) NonClass: 20850K(21504K)->20850K(21504K) Class: 2925K(3328K)->2925K(3328K)
[185.924s][info][gc             ] GC(280) Pause Young (Allocation Failure) 675M->82M(2003M) 14.916ms
[185.924s][info][gc,cpu         ] GC(280) User=0.09s Sys=0.00s Real=0.02s
[187.767s][info][gc,start       ] GC(281) Pause Young (Allocation Failure)
[187.779s][info][gc,heap        ] GC(281) PSYoungGen: 605184K->26779K(632320K)
[187.779s][info][gc,heap        ] GC(281) PSOldGen: 84186K->84186K(1398272K)
[187.779s][info][gc,metaspace   ] GC(281) Metaspace: 23777K(24832K)->23777K(24832K) NonClass: 20851K(21504K)->20851K(21504K) Class: 2925K(3328K)->2925K(3328K)
[187.779s][info][gc             ] GC(281) Pause Young (Allocation Failure) 673M->108M(1983M) 11.944ms
[187.779s][info][gc,cpu         ] GC(281) User=0.00s Sys=0.00s Real=0.01s
[187.901s][info][gc,start       ] GC(282) Pause Young (Allocation Failure)
[187.918s][info][gc,heap        ] GC(282) PSYoungGen: 631963K->0K(652288K)
[187.918s][info][gc,heap        ] GC(282) PSOldGen: 84186K->110920K(1398272K)
[187.918s][info][gc,metaspace   ] GC(282) Metaspace: 23777K(24832K)->23777K(24832K) NonClass: 20851K(21504K)->20851K(21504K) Class: 2925K(3328K)->2925K(3328K)
[187.918s][info][gc             ] GC(282) Pause Young (Allocation Failure) 699M->108M(2002M) 16.423ms
[187.918s][info][gc,cpu         ] GC(282) User=0.09s Sys=0.00s Real=0.02s
[187.984s][info][gc,start       ] GC(283) Pause Young (System.gc())
[187.985s][info][gc,heap        ] GC(283) PSYoungGen: 253519K->710K(650240K)
[187.985s][info][gc,heap        ] GC(283) PSOldGen: 110920K->110920K(1398272K)
[187.985s][info][gc,metaspace   ] GC(283) Metaspace: 23777K(24832K)->23777K(24832K) NonClass: 20851K(21504K)->20851K(21504K) Class: 2925K(3328K)->2925K(3328K)
[187.985s][info][gc             ] GC(283) Pause Young (System.gc()) 355M->109M(2000M) 1.370ms
[187.985s][info][gc,cpu         ] GC(283) User=0.00s Sys=0.00s Real=0.00s
[187.985s][info][gc,start       ] GC(284) Pause Full (System.gc())
[187.985s][info][gc,phases,start] GC(284) Phase 1: Mark live objects
[187.991s][info][gc,phases      ] GC(284) Phase 1: Mark live objects 5.304ms
[187.991s][info][gc,phases,start] GC(284) Phase 2: Compute new object addresses
[187.999s][info][gc,phases      ] GC(284) Phase 2: Compute new object addresses 8.689ms
[187.999s][info][gc,phases,start] GC(284) Phase 3: Adjust pointers
[188.004s][info][gc,phases      ] GC(284) Phase 3: Adjust pointers 4.130ms
[188.004s][info][gc,phases,start] GC(284) Phase 4: Move objects
[188.004s][info][gc,phases      ] GC(284) Phase 4: Move objects 0.009ms
[188.004s][info][gc,heap        ] GC(284) PSYoungGen: 710K->0K(650240K)
[188.004s][info][gc,heap        ] GC(284) PSOldGen: 110920K->4985K(1398272K)
[188.004s][info][gc,metaspace   ] GC(284) Metaspace: 23777K(24832K)->23777K(24832K) NonClass: 20851K(21504K)->20851K(21504K) Class: 2925K(3328K)->2925K(3328K)
[188.004s][info][gc             ] GC(284) Pause Full (System.gc()) 109M->4M(2000M) 18.564ms
[188.004s][info][gc,cpu         ] GC(284) User=0.02s Sys=0.00s Real=0.02s
[189.829s][info][gc,start       ] GC(285) Pause Young (Allocation Failure)
[189.840s][info][gc,heap        ] GC(285) PSYoungGen: 603648K->26165K(648704K)
[189.840s][info][gc,heap        ] GC(285) PSOldGen: 4985K->4985K(1398272K)
[189.840s][info][gc,metaspace   ] GC(285) Metaspace: 23792K(24832K)->23792K(24832K) NonClass: 20867K(21504K)->20867K(21504K) Class: 2925K(3328K)->2925K(3328K)
[189.840s][info][gc             ] GC(285) Pause Young (Allocation Failure) 594M->30M(1999M) 11.725ms
[189.840s][info][gc,cpu         ] GC(285) User=0.00s Sys=0.00s Real=0.02s
[189.962s][info][gc,start       ] GC(286) Pause Young (Allocation Failure)
[189.978s][info][gc,heap        ] GC(286) PSYoungGen: 629813K->0K(651264K)
[189.978s][info][gc,heap        ] GC(286) PSOldGen: 4985K->31129K(1398272K)
[189.978s][info][gc,metaspace   ] GC(286) Metaspace: 23792K(24832K)->23792K(24832K) NonClass: 20867K(21504K)->20867K(21504K) Class: 2925K(3328K)->2925K(3328K)
[189.978s][info][gc             ] GC(286) Pause Young (Allocation Failure) 619M->30M(2001M) 16.098ms
[189.978s][info][gc,cpu         ] GC(286) User=0.09s Sys=0.00s Real=0.02s
[191.814s][info][gc,start       ] GC(287) Pause Young (Allocation Failure)
[191.826s][info][gc,heap        ] GC(287) PSYoungGen: 603648K->26715K(647680K)
[191.826s][info][gc,heap        ] GC(287) PSOldGen: 31129K->31129K(1398272K)
[191.826s][info][gc,metaspace   ] GC(287) Metaspace: 23792K(24832K)->23792K(24832K) NonClass: 20867K(21504K)->20867K(21504K) Class: 2925K(3328K)->2925K(3328K)
[191.826s][info][gc             ] GC(287) Pause Young (Allocation Failure) 619M->56M(1998M) 11.478ms
[191.826s][info][gc,cpu         ] GC(287) User=0.00s Sys=0.00s Real=0.02s
[191.948s][info][gc,start       ] GC(288) Pause Young (Allocation Failure)
[191.963s][info][gc,heap        ] GC(288) PSYoungGen: 628315K->0K(650240K)
[191.963s][info][gc,heap        ] GC(288) PSOldGen: 31129K->57862K(1398272K)
[191.964s][info][gc,metaspace   ] GC(288) Metaspace: 23792K(24832K)->23792K(24832K) NonClass: 20867K(21504K)->20867K(21504K) Class: 2925K(3328K)->2925K(3328K)
[191.964s][info][gc             ] GC(288) Pause Young (Allocation Failure) 643M->56M(2000M) 15.986ms
[191.964s][info][gc,cpu         ] GC(288) User=0.09s Sys=0.00s Real=0.02s
[192.032s][info][gc,start       ] GC(289) Pause Young (System.gc())
[192.033s][info][gc,heap        ] GC(289) PSYoungGen: 264689K->646K(653824K)
[192.033s][info][gc,heap        ] GC(289) PSOldGen: 57862K->57862K(1398272K)
[192.033s][info][gc,metaspace   ] GC(289) Metaspace: 23794K(24832K)->23794K(24832K) NonClass: 20868K(21504K)->20868K(21504K) Class: 2925K(3328K)->2925K(3328K)
[192.033s][info][gc             ] GC(289) Pause Young (System.gc()) 314M->57M(2004M) 0.988ms
[192.033s][info][gc,cpu         ] GC(289) User=0.00s Sys=0.00s Real=0.00s
[192.033s][info][gc,start       ] GC(290) Pause Full (System.gc())
[192.033s][info][gc,phases,start] GC(290) Phase 1: Mark live objects
[192.039s][info][gc,phases      ] GC(290) Phase 1: Mark live objects 5.301ms
[192.039s][info][gc,phases,start] GC(290) Phase 2: Compute new object addresses
[192.047s][info][gc,phases      ] GC(290) Phase 2: Compute new object addresses 8.786ms
[192.047s][info][gc,phases,start] GC(290) Phase 3: Adjust pointers
[192.051s][info][gc,phases      ] GC(290) Phase 3: Adjust pointers 4.048ms
[192.051s][info][gc,phases,start] GC(290) Phase 4: Move objects
[192.052s][info][gc,phases      ] GC(290) Phase 4: Move objects 0.009ms
[192.052s][info][gc,heap        ] GC(290) PSYoungGen: 646K->0K(653824K)
[192.052s][info][gc,heap        ] GC(290) PSOldGen: 57862K->57862K(1398272K)
[192.052s][info][gc,metaspace   ] GC(290) Metaspace: 23794K(24832K)->23794K(24832K) NonClass: 20868K(21504K)->20868K(21504K) Class: 2925K(3328K)->2925K(3328K)
[192.052s][info][gc             ] GC(290) Pause Full (System.gc()) 57M->56M(2004M) 18.580ms
[192.052s][info][gc,cpu         ] GC(290) User=0.02s Sys=0.00s Real=0.02s
[193.877s][info][gc,start       ] GC(291) Pause Young (Allocation Failure)
[193.888s][info][gc,heap        ] GC(291) PSYoungGen: 607232K->26133K(633856K)
[193.888s][info][gc,heap        ] GC(291) PSOldGen: 57862K->57862K(1398272K)
[193.888s][info][gc,metaspace   ] GC(291) Metaspace: 23794K(24832K)->23794K(24832K) NonClass: 20868K(21504K)->20868K(21504K) Class: 2925K(3328K)->2925K(3328K)
[193.888s][info][gc             ] GC(291) Pause Young (Allocation Failure) 649M->82M(1984M) 11.438ms
[193.888s][info][gc,cpu         ] GC(291) User=0.00s Sys=0.00s Real=0.02s
[194.011s][info][gc,start       ] GC(292) Pause Young (Allocation Failure)
[194.028s][info][gc,heap        ] GC(292) PSYoungGen: 633365K->0K(652800K)
[194.028s][info][gc,heap        ] GC(292) PSOldGen: 57862K->84006K(1398272K)
[194.028s][info][gc,metaspace   ] GC(292) Metaspace: 23794K(24832K)->23794K(24832K) NonClass: 20868K(21504K)->20868K(21504K) Class: 2925K(3328K)->2925K(3328K)
[194.028s][info][gc             ] GC(292) Pause Young (Allocation Failure) 675M->82M(2003M) 16.876ms
[194.028s][info][gc,cpu         ] GC(292) User=0.09s Sys=0.00s Real=0.02s
[195.872s][info][gc,start       ] GC(293) Pause Young (Allocation Failure)
[195.883s][info][gc,heap        ] GC(293) PSYoungGen: 605184K->26715K(632320K)
[195.883s][info][gc,heap        ] GC(293) PSOldGen: 84006K->84006K(1398272K)
[195.883s][info][gc,metaspace   ] GC(293) Metaspace: 23794K(24832K)->23794K(24832K) NonClass: 20868K(21504K)->20868K(21504K) Class: 2925K(3328K)->2925K(3328K)
[195.883s][info][gc             ] GC(293) Pause Young (Allocation Failure) 673M->108M(1983M) 11.579ms
[195.883s][info][gc,cpu         ] GC(293) User=0.09s Sys=0.00s Real=0.02s
[196.006s][info][gc,start       ] GC(294) Pause Young (Allocation Failure)
[196.022s][info][gc,heap        ] GC(294) PSYoungGen: 631899K->0K(652288K)
[196.022s][info][gc,heap        ] GC(294) PSOldGen: 84006K->110740K(1398272K)
[196.022s][info][gc,metaspace   ] GC(294) Metaspace: 23794K(24832K)->23794K(24832K) NonClass: 20868K(21504K)->20868K(21504K) Class: 2925K(3328K)->2925K(3328K)
[196.022s][info][gc             ] GC(294) Pause Young (Allocation Failure) 699M->108M(2002M) 16.019ms
[196.022s][info][gc,cpu         ] GC(294) User=0.09s Sys=0.00s Real=0.02s
[196.088s][info][gc,start       ] GC(295) Pause Young (System.gc())
[196.089s][info][gc,heap        ] GC(295) PSYoungGen: 253519K->646K(650240K)
[196.089s][info][gc,heap        ] GC(295) PSOldGen: 110740K->110740K(1398272K)
[196.089s][info][gc,metaspace   ] GC(295) Metaspace: 23794K(24832K)->23794K(24832K) NonClass: 20868K(21504K)->20868K(21504K) Class: 2925K(3328K)->2925K(3328K)
[196.089s][info][gc             ] GC(295) Pause Young (System.gc()) 355M->108M(2000M) 1.100ms
[196.089s][info][gc,cpu         ] GC(295) User=0.00s Sys=0.00s Real=0.00s
[196.090s][info][gc,start       ] GC(296) Pause Full (System.gc())
[196.090s][info][gc,phases,start] GC(296) Phase 1: Mark live objects
[196.095s][info][gc,phases      ] GC(296) Phase 1: Mark live objects 5.649ms
[196.095s][info][gc,phases,start] GC(296) Phase 2: Compute new object addresses
[196.104s][info][gc,phases      ] GC(296) Phase 2: Compute new object addresses 8.638ms
[196.104s][info][gc,phases,start] GC(296) Phase 3: Adjust pointers
[196.108s][info][gc,phases      ] GC(296) Phase 3: Adjust pointers 4.075ms
[196.108s][info][gc,phases,start] GC(296) Phase 4: Move objects
[196.108s][info][gc,phases      ] GC(296) Phase 4: Move objects 0.009ms
[196.108s][info][gc,heap        ] GC(296) PSYoungGen: 646K->0K(650240K)
[196.108s][info][gc,heap        ] GC(296) PSOldGen: 110740K->57949K(1398272K)
[196.108s][info][gc,metaspace   ] GC(296) Metaspace: 23794K(24832K)->23794K(24832K) NonClass: 20868K(21504K)->20868K(21504K) Class: 2925K(3328K)->2925K(3328K)
[196.108s][info][gc             ] GC(296) Pause Full (System.gc()) 108M->56M(2000M) 18.814ms
[196.108s][info][gc,cpu         ] GC(296) User=0.03s Sys=0.00s Real=0.02s
[197.932s][info][gc,start       ] GC(297) Pause Young (Allocation Failure)
[197.944s][info][gc,heap        ] GC(297) PSYoungGen: 603648K->26165K(648704K)
[197.944s][info][gc,heap        ] GC(297) PSOldGen: 57949K->57949K(1398272K)
[197.944s][info][gc,metaspace   ] GC(297) Metaspace: 23794K(24832K)->23794K(24832K) NonClass: 20868K(21504K)->20868K(21504K) Class: 2925K(3328K)->2925K(3328K)
[197.944s][info][gc             ] GC(297) Pause Young (Allocation Failure) 646M->82M(1999M) 11.383ms
[197.944s][info][gc,cpu         ] GC(297) User=0.09s Sys=0.00s Real=0.01s
[198.066s][info][gc,start       ] GC(298) Pause Young (Allocation Failure)
[198.081s][info][gc,heap        ] GC(298) PSYoungGen: 629813K->0K(651264K)
[198.082s][info][gc,heap        ] GC(298) PSOldGen: 57949K->84092K(1398272K)
[198.082s][info][gc,metaspace   ] GC(298) Metaspace: 23794K(24832K)->23794K(24832K) NonClass: 20868K(21504K)->20868K(21504K) Class: 2925K(3328K)->2925K(3328K)
[198.082s][info][gc             ] GC(298) Pause Young (Allocation Failure) 671M->82M(2001M) 15.492ms
[198.082s][info][gc,cpu         ] GC(298) User=0.09s Sys=0.00s Real=0.02s
[199.919s][info][gc,start       ] GC(299) Pause Young (Allocation Failure)
[199.931s][info][gc,heap        ] GC(299) PSYoungGen: 603648K->26683K(647680K)
[199.931s][info][gc,heap        ] GC(299) PSOldGen: 84092K->84092K(1398272K)
[199.931s][info][gc,metaspace   ] GC(299) Metaspace: 23794K(24832K)->23794K(24832K) NonClass: 20868K(21504K)->20868K(21504K) Class: 2925K(3328K)->2925K(3328K)
[199.931s][info][gc             ] GC(299) Pause Young (Allocation Failure) 671M->108M(1998M) 12.088ms
[199.931s][info][gc,cpu         ] GC(299) User=0.00s Sys=0.00s Real=0.02s
[200.053s][info][gc,start       ] GC(300) Pause Young (Allocation Failure)
[200.069s][info][gc,heap        ] GC(300) PSYoungGen: 628283K->0K(650240K)
[200.069s][info][gc,heap        ] GC(300) PSOldGen: 84092K->110834K(1398272K)
[200.069s][info][gc,metaspace   ] GC(300) Metaspace: 23794K(24832K)->23794K(24832K) NonClass: 20868K(21504K)->20868K(21504K) Class: 2925K(3328K)->2925K(3328K)
[200.069s][info][gc             ] GC(300) Pause Young (Allocation Failure) 695M->108M(2000M) 16.405ms
[200.069s][info][gc,cpu         ] GC(300) User=0.09s Sys=0.00s Real=0.03s
[200.138s][info][gc,start       ] GC(301) Pause Young (System.gc())
[200.139s][info][gc,heap        ] GC(301) PSYoungGen: 264688K->678K(653824K)
[200.139s][info][gc,heap        ] GC(301) PSOldGen: 110834K->110834K(1398272K)
[200.139s][info][gc,metaspace   ] GC(301) Metaspace: 23794K(24832K)->23794K(24832K) NonClass: 20868K(21504K)->20868K(21504K) Class: 2925K(3328K)->2925K(3328K)
[200.139s][info][gc             ] GC(301) Pause Young (System.gc()) 366M->108M(2004M) 1.668ms
[200.139s][info][gc,cpu         ] GC(301) User=0.08s Sys=0.00s Real=0.00s
[200.139s][info][gc,start       ] GC(302) Pause Full (System.gc())
[200.139s][info][gc,phases,start] GC(302) Phase 1: Mark live objects
[200.145s][info][gc,phases      ] GC(302) Phase 1: Mark live objects 5.264ms
[200.145s][info][gc,phases,start] GC(302) Phase 2: Compute new object addresses
[200.153s][info][gc,phases      ] GC(302) Phase 2: Compute new object addresses 8.705ms
[200.153s][info][gc,phases,start] GC(302) Phase 3: Adjust pointers
[200.158s][info][gc,phases      ] GC(302) Phase 3: Adjust pointers 4.218ms
[200.158s][info][gc,phases,start] GC(302) Phase 4: Move objects
[200.158s][info][gc,phases      ] GC(302) Phase 4: Move objects 0.010ms
[200.158s][info][gc,heap        ] GC(302) PSYoungGen: 678K->0K(653824K)
[200.158s][info][gc,heap        ] GC(302) PSOldGen: 110834K->58000K(1398272K)
[200.158s][info][gc,metaspace   ] GC(302) Metaspace: 23794K(24832K)->23794K(24832K) NonClass: 20868K(21504K)->20868K(21504K) Class: 2925K(3328K)->2925K(3328K)
[200.158s][info][gc             ] GC(302) Pause Full (System.gc()) 108M->56M(2004M) 18.643ms
[200.158s][info][gc,cpu         ] GC(302) User=0.02s Sys=0.00s Real=0.02s
[201.982s][info][gc,start       ] GC(303) Pause Young (Allocation Failure)
[201.994s][info][gc,heap        ] GC(303) PSYoungGen: 607232K->26165K(633856K)
[201.994s][info][gc,heap        ] GC(303) PSOldGen: 58000K->58000K(1398272K)
[201.994s][info][gc,metaspace   ] GC(303) Metaspace: 23794K(24832K)->23794K(24832K) NonClass: 20868K(21504K)->20868K(21504K) Class: 2925K(3328K)->2925K(3328K)
[201.994s][info][gc             ] GC(303) Pause Young (Allocation Failure) 649M->82M(1984M) 11.521ms
[201.994s][info][gc,cpu         ] GC(303) User=0.00s Sys=0.00s Real=0.02s
[202.117s][info][gc,start       ] GC(304) Pause Young (Allocation Failure)
[202.133s][info][gc,heap        ] GC(304) PSYoungGen: 633397K->0K(652800K)
[202.133s][info][gc,heap        ] GC(304) PSOldGen: 58000K->84135K(1398272K)
[202.133s][info][gc,metaspace   ] GC(304) Metaspace: 23794K(24832K)->23794K(24832K) NonClass: 20868K(21504K)->20868K(21504K) Class: 2925K(3328K)->2925K(3328K)
[202.133s][info][gc             ] GC(304) Pause Young (Allocation Failure) 675M->82M(2003M) 15.555ms
[202.133s][info][gc,cpu         ] GC(304) User=0.09s Sys=0.00s Real=0.02s
[203.977s][info][gc,start       ] GC(305) Pause Young (Allocation Failure)
[203.988s][info][gc,heap        ] GC(305) PSYoungGen: 605184K->26715K(632320K)
[203.988s][info][gc,heap        ] GC(305) PSOldGen: 84135K->84135K(1398272K)
[203.988s][info][gc,metaspace   ] GC(305) Metaspace: 23794K(24832K)->23794K(24832K) NonClass: 20868K(21504K)->20868K(21504K) Class: 2925K(3328K)->2925K(3328K)
[203.988s][info][gc             ] GC(305) Pause Young (Allocation Failure) 673M->108M(1983M) 11.656ms
[203.988s][info][gc,cpu         ] GC(305) User=0.09s Sys=0.00s Real=0.01s
[204.111s][info][gc,start       ] GC(306) Pause Young (Allocation Failure)
[204.128s][info][gc,heap        ] GC(306) PSYoungGen: 631899K->0K(652288K)
[204.128s][info][gc,heap        ] GC(306) PSOldGen: 84135K->110869K(1398272K)
[204.128s][info][gc,metaspace   ] GC(306) Metaspace: 23794K(24832K)->23794K(24832K) NonClass: 20868K(21504K)->20868K(21504K) Class: 2925K(3328K)->2925K(3328K)
[204.128s][info][gc             ] GC(306) Pause Young (Allocation Failure) 699M->108M(2002M) 16.893ms
[204.128s][info][gc,cpu         ] GC(306) User=0.09s Sys=0.00s Real=0.02s
[204.195s][info][gc,start       ] GC(307) Pause Young (System.gc())
[204.196s][info][gc,heap        ] GC(307) PSYoungGen: 253519K->678K(650240K)
[204.196s][info][gc,heap        ] GC(307) PSOldGen: 110869K->110869K(1398272K)
[204.196s][info][gc,metaspace   ] GC(307) Metaspace: 23794K(24832K)->23794K(24832K) NonClass: 20868K(21504K)->20868K(21504K) Class: 2925K(3328K)->2925K(3328K)
[204.196s][info][gc             ] GC(307) Pause Young (System.gc()) 355M->108M(2000M) 1.066ms
[204.196s][info][gc,cpu         ] GC(307) User=0.00s Sys=0.00s Real=0.00s
[204.196s][info][gc,start       ] GC(308) Pause Full (System.gc())
[204.196s][info][gc,phases,start] GC(308) Phase 1: Mark live objects
[204.201s][info][gc,phases      ] GC(308) Phase 1: Mark live objects 5.245ms
[204.201s][info][gc,phases,start] GC(308) Phase 2: Compute new object addresses
[204.210s][info][gc,phases      ] GC(308) Phase 2: Compute new object addresses 8.926ms
[204.210s][info][gc,phases,start] GC(308) Phase 3: Adjust pointers
[204.214s][info][gc,phases      ] GC(308) Phase 3: Adjust pointers 4.064ms
[204.214s][info][gc,phases,start] GC(308) Phase 4: Move objects
[204.214s][info][gc,phases      ] GC(308) Phase 4: Move objects 0.009ms
[204.214s][info][gc,heap        ] GC(308) PSYoungGen: 678K->0K(650240K)
[204.214s][info][gc,heap        ] GC(308) PSOldGen: 110869K->4985K(1398272K)
[204.214s][info][gc,metaspace   ] GC(308) Metaspace: 23794K(24832K)->23794K(24832K) NonClass: 20868K(21504K)->20868K(21504K) Class: 2925K(3328K)->2925K(3328K)
[204.214s][info][gc             ] GC(308) Pause Full (System.gc()) 108M->4M(2000M) 18.673ms
[204.214s][info][gc,cpu         ] GC(308) User=0.02s Sys=0.00s Real=0.01s
[206.041s][info][gc,start       ] GC(309) Pause Young (Allocation Failure)
[206.052s][info][gc,heap        ] GC(309) PSYoungGen: 603648K->26165K(648704K)
[206.053s][info][gc,heap        ] GC(309) PSOldGen: 4985K->4985K(1398272K)
[206.053s][info][gc,metaspace   ] GC(309) Metaspace: 23794K(24832K)->23794K(24832K) NonClass: 20868K(21504K)->20868K(21504K) Class: 2925K(3328K)->2925K(3328K)
[206.053s][info][gc             ] GC(309) Pause Young (Allocation Failure) 594M->30M(1999M) 11.368ms
[206.053s][info][gc,cpu         ] GC(309) User=0.08s Sys=0.02s Real=0.01s
[206.175s][info][gc,start       ] GC(310) Pause Young (Allocation Failure)
[206.191s][info][gc,heap        ] GC(310) PSYoungGen: 629813K->0K(651264K)
[206.191s][info][gc,heap        ] GC(310) PSOldGen: 4985K->31137K(1398272K)
[206.191s][info][gc,metaspace   ] GC(310) Metaspace: 23794K(24832K)->23794K(24832K) NonClass: 20868K(21504K)->20868K(21504K) Class: 2925K(3328K)->2925K(3328K)
[206.191s][info][gc             ] GC(310) Pause Young (Allocation Failure) 619M->30M(2001M) 16.446ms
[206.191s][info][gc,cpu         ] GC(310) User=0.09s Sys=0.00s Real=0.02s
[208.031s][info][gc,start       ] GC(311) Pause Young (Allocation Failure)
[208.043s][info][gc,heap        ] GC(311) PSYoungGen: 603648K->26701K(647680K)
[208.043s][info][gc,heap        ] GC(311) PSOldGen: 31137K->31137K(1398272K)
[208.043s][info][gc,metaspace   ] GC(311) Metaspace: 23794K(24832K)->23794K(24832K) NonClass: 20868K(21504K)->20868K(21504K) Class: 2925K(3328K)->2925K(3328K)
[208.043s][info][gc             ] GC(311) Pause Young (Allocation Failure) 619M->56M(1998M) 12.027ms
[208.043s][info][gc,cpu         ] GC(311) User=0.00s Sys=0.00s Real=0.02s
[208.165s][info][gc,start       ] GC(312) Pause Young (Allocation Failure)
[208.181s][info][gc,heap        ] GC(312) PSYoungGen: 628301K->0K(650240K)
[208.181s][info][gc,heap        ] GC(312) PSOldGen: 31137K->57862K(1398272K)
[208.181s][info][gc,metaspace   ] GC(312) Metaspace: 23794K(24832K)->23794K(24832K) NonClass: 20868K(21504K)->20868K(21504K) Class: 2925K(3328K)->2925K(3328K)
[208.181s][info][gc             ] GC(312) Pause Young (Allocation Failure) 643M->56M(2000M) 15.667ms
[208.181s][info][gc,cpu         ] GC(312) User=0.09s Sys=0.00s Real=0.03s
[208.249s][info][gc,start       ] GC(313) Pause Young (System.gc())
[208.250s][info][gc,heap        ] GC(313) PSYoungGen: 264688K->678K(653824K)
[208.250s][info][gc,heap        ] GC(313) PSOldGen: 57862K->57862K(1398272K)
[208.250s][info][gc,metaspace   ] GC(313) Metaspace: 23794K(24832K)->23794K(24832K) NonClass: 20868K(21504K)->20868K(21504K) Class: 2925K(3328K)->2925K(3328K)
[208.250s][info][gc             ] GC(313) Pause Young (System.gc()) 314M->57M(2004M) 0.880ms
[208.250s][info][gc,cpu         ] GC(313) User=0.00s Sys=0.00s Real=0.00s
[208.250s][info][gc,start       ] GC(314) Pause Full (System.gc())
[208.250s][info][gc,phases,start] GC(314) Phase 1: Mark live objects
[208.256s][info][gc,phases      ] GC(314) Phase 1: Mark live objects 5.306ms
[208.256s][info][gc,phases,start] GC(314) Phase 2: Compute new object addresses
[208.264s][info][gc,phases      ] GC(314) Phase 2: Compute new object addresses 8.669ms
[208.264s][info][gc,phases,start] GC(314) Phase 3: Adjust pointers
[208.269s][info][gc,phases      ] GC(314) Phase 3: Adjust pointers 4.637ms
[208.269s][info][gc,phases,start] GC(314) Phase 4: Move objects
[208.269s][info][gc,phases      ] GC(314) Phase 4: Move objects 0.010ms
[208.269s][info][gc,heap        ] GC(314) PSYoungGen: 678K->0K(653824K)
[208.269s][info][gc,heap        ] GC(314) PSOldGen: 57862K->57862K(1398272K)
[208.269s][info][gc,metaspace   ] GC(314) Metaspace: 23794K(24832K)->23794K(24832K) NonClass: 20868K(21504K)->20868K(21504K) Class: 2925K(3328K)->2925K(3328K)
[208.269s][info][gc             ] GC(314) Pause Full (System.gc()) 57M->56M(2004M) 19.163ms
[208.269s][info][gc,cpu         ] GC(314) User=0.02s Sys=0.00s Real=0.02s
[210.096s][info][gc,start       ] GC(315) Pause Young (Allocation Failure)
[210.108s][info][gc,heap        ] GC(315) PSYoungGen: 607232K->26229K(633856K)
[210.108s][info][gc,heap        ] GC(315) PSOldGen: 57862K->57862K(1398272K)
[210.108s][info][gc,metaspace   ] GC(315) Metaspace: 23796K(24832K)->23796K(24832K) NonClass: 20870K(21504K)->20870K(21504K) Class: 2925K(3328K)->2925K(3328K)
[210.108s][info][gc             ] GC(315) Pause Young (Allocation Failure) 649M->82M(1984M) 11.421ms
[210.108s][info][gc,cpu         ] GC(315) User=0.09s Sys=0.00s Real=0.01s
[210.231s][info][gc,start       ] GC(316) Pause Young (Allocation Failure)
[210.248s][info][gc,heap        ] GC(316) PSYoungGen: 633461K->0K(652800K)
[210.248s][info][gc,heap        ] GC(316) PSOldGen: 57862K->84022K(1398272K)
[210.248s][info][gc,metaspace   ] GC(316) Metaspace: 23796K(24832K)->23796K(24832K) NonClass: 20870K(21504K)->20870K(21504K) Class: 2925K(3328K)->2925K(3328K)
[210.248s][info][gc             ] GC(316) Pause Young (Allocation Failure) 675M->82M(2003M) 17.273ms
[210.248s][info][gc,cpu         ] GC(316) User=0.19s Sys=0.00s Real=0.02s
[212.090s][info][gc,start       ] GC(317) Pause Young (Allocation Failure)
[212.103s][info][gc,heap        ] GC(317) PSYoungGen: 605184K->26701K(632320K)
[212.103s][info][gc,heap        ] GC(317) PSOldGen: 84022K->84022K(1398272K)
[212.103s][info][gc,metaspace   ] GC(317) Metaspace: 23796K(24832K)->23796K(24832K) NonClass: 20870K(21504K)->20870K(21504K) Class: 2925K(3328K)->2925K(3328K)
[212.103s][info][gc             ] GC(317) Pause Young (Allocation Failure) 673M->108M(1983M) 13.276ms
[212.103s][info][gc,cpu         ] GC(317) User=0.08s Sys=0.02s Real=0.01s
[212.225s][info][gc,start       ] GC(318) Pause Young (Allocation Failure)
[212.242s][info][gc,heap        ] GC(318) PSYoungGen: 631885K->0K(652288K)
[212.242s][info][gc,heap        ] GC(318) PSOldGen: 84022K->110756K(1398272K)
[212.242s][info][gc,metaspace   ] GC(318) Metaspace: 23796K(24832K)->23796K(24832K) NonClass: 20870K(21504K)->20870K(21504K) Class: 2925K(3328K)->2925K(3328K)
[212.242s][info][gc             ] GC(318) Pause Young (Allocation Failure) 699M->108M(2002M) 16.442ms
[212.242s][info][gc,cpu         ] GC(318) User=0.09s Sys=0.00s Real=0.02s
[212.310s][info][gc,start       ] GC(319) Pause Young (System.gc())
[212.311s][info][gc,heap        ] GC(319) PSYoungGen: 253519K->678K(650240K)
[212.311s][info][gc,heap        ] GC(319) PSOldGen: 110756K->110756K(1398272K)
[212.311s][info][gc,metaspace   ] GC(319) Metaspace: 23797K(24832K)->23797K(24832K) NonClass: 20871K(21504K)->20871K(21504K) Class: 2925K(3328K)->2925K(3328K)
[212.311s][info][gc             ] GC(319) Pause Young (System.gc()) 355M->108M(2000M) 1.041ms
[212.311s][info][gc,cpu         ] GC(319) User=0.00s Sys=0.00s Real=0.00s
[212.311s][info][gc,start       ] GC(320) Pause Full (System.gc())
[212.312s][info][gc,phases,start] GC(320) Phase 1: Mark live objects
[212.317s][info][gc,phases      ] GC(320) Phase 1: Mark live objects 5.681ms
[212.317s][info][gc,phases,start] GC(320) Phase 2: Compute new object addresses
[212.326s][info][gc,phases      ] GC(320) Phase 2: Compute new object addresses 8.625ms
[212.326s][info][gc,phases,start] GC(320) Phase 3: Adjust pointers
[212.330s][info][gc,phases      ] GC(320) Phase 3: Adjust pointers 4.200ms
[212.330s][info][gc,phases,start] GC(320) Phase 4: Move objects
[212.330s][info][gc,phases      ] GC(320) Phase 4: Move objects 0.010ms
[212.331s][info][gc,heap        ] GC(320) PSYoungGen: 678K->0K(650240K)
[212.331s][info][gc,heap        ] GC(320) PSOldGen: 110756K->57941K(1398272K)
[212.331s][info][gc,metaspace   ] GC(320) Metaspace: 23797K(24832K)->23797K(24832K) NonClass: 20871K(21504K)->20871K(21504K) Class: 2925K(3328K)->2925K(3328K)
[212.331s][info][gc             ] GC(320) Pause Full (System.gc()) 108M->56M(2000M) 19.118ms
[212.331s][info][gc,cpu         ] GC(320) User=0.02s Sys=0.00s Real=0.02s
[214.156s][info][gc,start       ] GC(321) Pause Young (Allocation Failure)
[214.167s][info][gc,heap        ] GC(321) PSYoungGen: 603648K->26133K(648704K)
[214.167s][info][gc,heap        ] GC(321) PSOldGen: 57941K->57941K(1398272K)
[214.167s][info][gc,metaspace   ] GC(321) Metaspace: 23798K(24832K)->23798K(24832K) NonClass: 20872K(21504K)->20872K(21504K) Class: 2925K(3328K)->2925K(3328K)
[214.167s][info][gc             ] GC(321) Pause Young (Allocation Failure) 646M->82M(1999M) 11.724ms
[214.167s][info][gc,cpu         ] GC(321) User=0.00s Sys=0.00s Real=0.02s
[214.290s][info][gc,start       ] GC(322) Pause Young (Allocation Failure)
[214.307s][info][gc,heap        ] GC(322) PSYoungGen: 629781K->0K(651264K)
[214.307s][info][gc,heap        ] GC(322) PSOldGen: 57941K->84093K(1398272K)
[214.307s][info][gc,metaspace   ] GC(322) Metaspace: 23798K(24832K)->23798K(24832K) NonClass: 20872K(21504K)->20872K(21504K) Class: 2925K(3328K)->2925K(3328K)
[214.307s][info][gc             ] GC(322) Pause Young (Allocation Failure) 671M->82M(2001M) 16.914ms
[214.307s][info][gc,cpu         ] GC(322) User=0.08s Sys=0.00s Real=0.03s
[216.146s][info][gc,start       ] GC(323) Pause Young (Allocation Failure)
[216.158s][info][gc,heap        ] GC(323) PSYoungGen: 603648K->26683K(647680K)
[216.158s][info][gc,heap        ] GC(323) PSOldGen: 84093K->84093K(1398272K)
[216.158s][info][gc,metaspace   ] GC(323) Metaspace: 23798K(24832K)->23798K(24832K) NonClass: 20872K(21504K)->20872K(21504K) Class: 2925K(3328K)->2925K(3328K)
[216.158s][info][gc             ] GC(323) Pause Young (Allocation Failure) 671M->108M(1998M) 11.983ms
[216.158s][info][gc,cpu         ] GC(323) User=0.09s Sys=0.00s Real=0.01s
[216.280s][info][gc,start       ] GC(324) Pause Young (Allocation Failure)
[216.296s][info][gc,heap        ] GC(324) PSYoungGen: 628283K->0K(650240K)
[216.296s][info][gc,heap        ] GC(324) PSOldGen: 84093K->110826K(1398272K)
[216.296s][info][gc,metaspace   ] GC(324) Metaspace: 23798K(24832K)->23798K(24832K) NonClass: 20872K(21504K)->20872K(21504K) Class: 2925K(3328K)->2925K(3328K)
[216.296s][info][gc             ] GC(324) Pause Young (Allocation Failure) 695M->108M(2000M) 16.008ms
[216.296s][info][gc,cpu         ] GC(324) User=0.08s Sys=0.00s Real=0.02s
[216.365s][info][gc,start       ] GC(325) Pause Young (System.gc())
[216.367s][info][gc,heap        ] GC(325) PSYoungGen: 264689K->646K(653824K)
[216.367s][info][gc,heap        ] GC(325) PSOldGen: 110826K->110826K(1398272K)
[216.367s][info][gc,metaspace   ] GC(325) Metaspace: 23798K(24832K)->23798K(24832K) NonClass: 20872K(21504K)->20872K(21504K) Class: 2925K(3328K)->2925K(3328K)
[216.367s][info][gc             ] GC(325) Pause Young (System.gc()) 366M->108M(2004M) 1.230ms
[216.367s][info][gc,cpu         ] GC(325) User=0.00s Sys=0.00s Real=0.00s
[216.367s][info][gc,start       ] GC(326) Pause Full (System.gc())
[216.367s][info][gc,phases,start] GC(326) Phase 1: Mark live objects
[216.372s][info][gc,phases      ] GC(326) Phase 1: Mark live objects 5.302ms
[216.372s][info][gc,phases,start] GC(326) Phase 2: Compute new object addresses
[216.381s][info][gc,phases      ] GC(326) Phase 2: Compute new object addresses 8.828ms
[216.381s][info][gc,phases,start] GC(326) Phase 3: Adjust pointers
[216.385s][info][gc,phases      ] GC(326) Phase 3: Adjust pointers 4.124ms
[216.385s][info][gc,phases,start] GC(326) Phase 4: Move objects
[216.385s][info][gc,phases      ] GC(326) Phase 4: Move objects 0.009ms
[216.385s][info][gc,heap        ] GC(326) PSYoungGen: 646K->0K(653824K)
[216.385s][info][gc,heap        ] GC(326) PSOldGen: 110826K->58020K(1398272K)
[216.385s][info][gc,metaspace   ] GC(326) Metaspace: 23798K(24832K)->23798K(24832K) NonClass: 20872K(21504K)->20872K(21504K) Class: 2925K(3328K)->2925K(3328K)
[216.385s][info][gc             ] GC(326) Pause Full (System.gc()) 108M->56M(2004M) 18.697ms
[216.385s][info][gc,cpu         ] GC(326) User=0.02s Sys=0.00s Real=0.02s
[218.213s][info][gc,start       ] GC(327) Pause Young (Allocation Failure)
[218.225s][info][gc,heap        ] GC(327) PSYoungGen: 607232K->26133K(633856K)
[218.225s][info][gc,heap        ] GC(327) PSOldGen: 58020K->58020K(1398272K)
[218.225s][info][gc,metaspace   ] GC(327) Metaspace: 23798K(24832K)->23798K(24832K) NonClass: 20872K(21504K)->20872K(21504K) Class: 2925K(3328K)->2925K(3328K)
[218.225s][info][gc             ] GC(327) Pause Young (Allocation Failure) 649M->82M(1984M) 11.435ms
[218.225s][info][gc,cpu         ] GC(327) User=0.09s Sys=0.00s Real=0.02s
[218.348s][info][gc,start       ] GC(328) Pause Young (Allocation Failure)
[218.364s][info][gc,heap        ] GC(328) PSYoungGen: 633365K->0K(653312K)
[218.364s][info][gc,heap        ] GC(328) PSOldGen: 58020K->84155K(1398272K)
[218.364s][info][gc,metaspace   ] GC(328) Metaspace: 23798K(24832K)->23798K(24832K) NonClass: 20872K(21504K)->20872K(21504K) Class: 2925K(3328K)->2925K(3328K)
[218.364s][info][gc             ] GC(328) Pause Young (Allocation Failure) 675M->82M(2003M) 15.808ms
[218.364s][info][gc,cpu         ] GC(328) User=0.08s Sys=0.00s Real=0.02s
[220.204s][info][gc,start       ] GC(329) Pause Young (Allocation Failure)
[220.216s][info][gc,heap        ] GC(329) PSYoungGen: 605696K->26733K(632832K)
[220.216s][info][gc,heap        ] GC(329) PSOldGen: 84155K->84155K(1398272K)
[220.216s][info][gc,metaspace   ] GC(329) Metaspace: 23798K(24832K)->23798K(24832K) NonClass: 20872K(21504K)->20872K(21504K) Class: 2925K(3328K)->2925K(3328K)
[220.216s][info][gc             ] GC(329) Pause Young (Allocation Failure) 673M->108M(1983M) 11.812ms
[220.216s][info][gc,cpu         ] GC(329) User=0.00s Sys=0.00s Real=0.02s
[220.343s][info][gc,start       ] GC(330) Pause Young (Allocation Failure)
[220.359s][info][gc,heap        ] GC(330) PSYoungGen: 632429K->0K(652288K)
[220.359s][info][gc,heap        ] GC(330) PSOldGen: 84155K->110889K(1398272K)
[220.359s][info][gc,metaspace   ] GC(330) Metaspace: 23798K(24832K)->23798K(24832K) NonClass: 20872K(21504K)->20872K(21504K) Class: 2925K(3328K)->2925K(3328K)
[220.359s][info][gc             ] GC(330) Pause Young (Allocation Failure) 699M->108M(2002M) 16.149ms
[220.359s][info][gc,cpu         ] GC(330) User=0.09s Sys=0.00s Real=0.02s
[220.426s][info][gc,start       ] GC(331) Pause Young (System.gc())
[220.427s][info][gc,heap        ] GC(331) PSYoungGen: 253519K->710K(650240K)
[220.427s][info][gc,heap        ] GC(331) PSOldGen: 110889K->110889K(1398272K)
[220.427s][info][gc,metaspace   ] GC(331) Metaspace: 23798K(24832K)->23798K(24832K) NonClass: 20872K(21504K)->20872K(21504K) Class: 2925K(3328K)->2925K(3328K)
[220.427s][info][gc             ] GC(331) Pause Young (System.gc()) 355M->108M(2000M) 1.228ms
[220.427s][info][gc,cpu         ] GC(331) User=0.00s Sys=0.00s Real=0.00s
[220.427s][info][gc,start       ] GC(332) Pause Full (System.gc())
[220.427s][info][gc,phases,start] GC(332) Phase 1: Mark live objects
[220.432s][info][gc,phases      ] GC(332) Phase 1: Mark live objects 5.361ms
[220.432s][info][gc,phases,start] GC(332) Phase 2: Compute new object addresses
[220.441s][info][gc,phases      ] GC(332) Phase 2: Compute new object addresses 8.712ms
[220.441s][info][gc,phases,start] GC(332) Phase 3: Adjust pointers
[220.445s][info][gc,phases      ] GC(332) Phase 3: Adjust pointers 4.069ms
[220.445s][info][gc,phases,start] GC(332) Phase 4: Move objects
[220.445s][info][gc,phases      ] GC(332) Phase 4: Move objects 0.010ms
[220.445s][info][gc,heap        ] GC(332) PSYoungGen: 710K->0K(650240K)
[220.445s][info][gc,heap        ] GC(332) PSOldGen: 110889K->4985K(1398272K)
[220.445s][info][gc,metaspace   ] GC(332) Metaspace: 23798K(24832K)->23798K(24832K) NonClass: 20872K(21504K)->20872K(21504K) Class: 2925K(3328K)->2925K(3328K)
[220.445s][info][gc             ] GC(332) Pause Full (System.gc()) 108M->4M(2000M) 18.600ms
[220.445s][info][gc,cpu         ] GC(332) User=0.02s Sys=0.00s Real=0.01s
[222.277s][info][gc,start       ] GC(333) Pause Young (Allocation Failure)
[222.290s][info][gc,heap        ] GC(333) PSYoungGen: 603648K->26165K(648704K)
[222.290s][info][gc,heap        ] GC(333) PSOldGen: 4985K->4985K(1398272K)
[222.290s][info][gc,metaspace   ] GC(333) Metaspace: 23798K(24832K)->23798K(24832K) NonClass: 20872K(21504K)->20872K(21504K) Class: 2925K(3328K)->2925K(3328K)
[222.290s][info][gc             ] GC(333) Pause Young (Allocation Failure) 594M->30M(1999M) 12.535ms
[222.290s][info][gc,cpu         ] GC(333) User=0.08s Sys=0.00s Real=0.02s
[222.412s][info][gc,start       ] GC(334) Pause Young (Allocation Failure)
[222.428s][info][gc,heap        ] GC(334) PSYoungGen: 629813K->0K(651264K)
[222.428s][info][gc,heap        ] GC(334) PSOldGen: 4985K->31145K(1398272K)
[222.428s][info][gc,metaspace   ] GC(334) Metaspace: 23798K(24832K)->23798K(24832K) NonClass: 20872K(21504K)->20872K(21504K) Class: 2925K(3328K)->2925K(3328K)
[222.428s][info][gc             ] GC(334) Pause Young (Allocation Failure) 619M->30M(2001M) 15.482ms
[222.428s][info][gc,cpu         ] GC(334) User=0.09s Sys=0.00s Real=0.03s
[224.268s][info][gc,start       ] GC(335) Pause Young (Allocation Failure)
[224.280s][info][gc,heap        ] GC(335) PSYoungGen: 603648K->26715K(647168K)
[224.280s][info][gc,heap        ] GC(335) PSOldGen: 31145K->31145K(1398272K)
[224.280s][info][gc,metaspace   ] GC(335) Metaspace: 23798K(24832K)->23798K(24832K) NonClass: 20872K(21504K)->20872K(21504K) Class: 2925K(3328K)->2925K(3328K)
[224.280s][info][gc             ] GC(335) Pause Young (Allocation Failure) 619M->56M(1997M) 11.557ms
[224.280s][info][gc,cpu         ] GC(335) User=0.09s Sys=0.00s Real=0.03s
[224.402s][info][gc,start       ] GC(336) Pause Young (Allocation Failure)
[224.418s][info][gc,heap        ] GC(336) PSYoungGen: 628315K->0K(650240K)
[224.418s][info][gc,heap        ] GC(336) PSOldGen: 31145K->57878K(1398272K)
[224.418s][info][gc,metaspace   ] GC(336) Metaspace: 23798K(24832K)->23798K(24832K) NonClass: 20872K(21504K)->20872K(21504K) Class: 2925K(3328K)->2925K(3328K)
[224.418s][info][gc             ] GC(336) Pause Young (Allocation Failure) 644M->56M(2000M) 16.128ms
[224.418s][info][gc,cpu         ] GC(336) User=0.09s Sys=0.00s Real=0.02s
[224.487s][info][gc,start       ] GC(337) Pause Young (System.gc())
[224.488s][info][gc,heap        ] GC(337) PSYoungGen: 264688K->710K(653824K)
[224.488s][info][gc,heap        ] GC(337) PSOldGen: 57878K->57878K(1398272K)
[224.488s][info][gc,metaspace   ] GC(337) Metaspace: 23798K(24832K)->23798K(24832K) NonClass: 20872K(21504K)->20872K(21504K) Class: 2925K(3328K)->2925K(3328K)
[224.488s][info][gc             ] GC(337) Pause Young (System.gc()) 315M->57M(2004M) 1.095ms
[224.488s][info][gc,cpu         ] GC(337) User=0.00s Sys=0.00s Real=0.00s
[224.488s][info][gc,start       ] GC(338) Pause Full (System.gc())
[224.488s][info][gc,phases,start] GC(338) Phase 1: Mark live objects
[224.493s][info][gc,phases      ] GC(338) Phase 1: Mark live objects 5.399ms
[224.493s][info][gc,phases,start] GC(338) Phase 2: Compute new object addresses
[224.502s][info][gc,phases      ] GC(338) Phase 2: Compute new object addresses 8.635ms
[224.502s][info][gc,phases,start] GC(338) Phase 3: Adjust pointers
[224.506s][info][gc,phases      ] GC(338) Phase 3: Adjust pointers 4.154ms
[224.506s][info][gc,phases,start] GC(338) Phase 4: Move objects
[224.506s][info][gc,phases      ] GC(338) Phase 4: Move objects 0.009ms
[224.506s][info][gc,heap        ] GC(338) PSYoungGen: 710K->0K(653824K)
[224.506s][info][gc,heap        ] GC(338) PSOldGen: 57878K->57878K(1398272K)
[224.506s][info][gc,metaspace   ] GC(338) Metaspace: 23798K(24832K)->23798K(24832K) NonClass: 20872K(21504K)->20872K(21504K) Class: 2925K(3328K)->2925K(3328K)
[224.506s][info][gc             ] GC(338) Pause Full (System.gc()) 57M->56M(2004M) 18.628ms
[224.506s][info][gc,cpu         ] GC(338) User=0.02s Sys=0.00s Real=0.02s
[226.340s][info][gc,start       ] GC(339) Pause Young (Allocation Failure)
[226.351s][info][gc,heap        ] GC(339) PSYoungGen: 607232K->26197K(633856K)
[226.352s][info][gc,heap        ] GC(339) PSOldGen: 57878K->57878K(1398272K)
[226.352s][info][gc,metaspace   ] GC(339) Metaspace: 23798K(24832K)->23798K(24832K) NonClass: 20872K(21504K)->20872K(21504K) Class: 2925K(3328K)->2925K(3328K)
[226.352s][info][gc             ] GC(339) Pause Young (Allocation Failure) 649M->82M(1984M) 11.628ms
[226.352s][info][gc,cpu         ] GC(339) User=0.09s Sys=0.00s Real=0.02s
[226.476s][info][gc,start       ] GC(340) Pause Young (Allocation Failure)
[226.492s][info][gc,heap        ] GC(340) PSYoungGen: 633429K->0K(652800K)
[226.492s][info][gc,heap        ] GC(340) PSOldGen: 57878K->84022K(1398272K)
[226.492s][info][gc,metaspace   ] GC(340) Metaspace: 23798K(24832K)->23798K(24832K) NonClass: 20872K(21504K)->20872K(21504K) Class: 2925K(3328K)->2925K(3328K)
[226.492s][info][gc             ] GC(340) Pause Young (Allocation Failure) 675M->82M(2003M) 16.358ms
[226.492s][info][gc,cpu         ] GC(340) User=0.08s Sys=0.00s Real=0.02s
[228.336s][info][gc,start       ] GC(341) Pause Young (Allocation Failure)
[228.349s][info][gc,heap        ] GC(341) PSYoungGen: 605184K->26779K(632320K)
[228.349s][info][gc,heap        ] GC(341) PSOldGen: 84022K->84022K(1398272K)
[228.349s][info][gc,metaspace   ] GC(341) Metaspace: 23798K(24832K)->23798K(24832K) NonClass: 20872K(21504K)->20872K(21504K) Class: 2925K(3328K)->2925K(3328K)
[228.349s][info][gc             ] GC(341) Pause Young (Allocation Failure) 673M->108M(1983M) 13.155ms
[228.349s][info][gc,cpu         ] GC(341) User=0.08s Sys=0.00s Real=0.01s
[228.474s][info][gc,start       ] GC(342) Pause Young (Allocation Failure)
[228.488s][info][gc,heap        ] GC(342) PSYoungGen: 631963K->0K(652288K)
[228.488s][info][gc,heap        ] GC(342) PSOldGen: 84022K->110748K(1398272K)
[228.488s][info][gc,metaspace   ] GC(342) Metaspace: 23798K(24832K)->23798K(24832K) NonClass: 20872K(21504K)->20872K(21504K) Class: 2925K(3328K)->2925K(3328K)
[228.489s][info][gc             ] GC(342) Pause Young (Allocation Failure) 699M->108M(2002M) 14.837ms
[228.489s][info][gc,cpu         ] GC(342) User=0.08s Sys=0.02s Real=0.02s
[228.556s][info][gc,start       ] GC(343) Pause Young (System.gc())
[228.557s][info][gc,heap        ] GC(343) PSYoungGen: 253519K->646K(650240K)
[228.557s][info][gc,heap        ] GC(343) PSOldGen: 110748K->110748K(1398272K)
[228.557s][info][gc,metaspace   ] GC(343) Metaspace: 23803K(24832K)->23803K(24832K) NonClass: 20877K(21504K)->20877K(21504K) Class: 2925K(3328K)->2925K(3328K)
[228.557s][info][gc             ] GC(343) Pause Young (System.gc()) 355M->108M(2000M) 1.208ms
[228.557s][info][gc,cpu         ] GC(343) User=0.00s Sys=0.00s Real=0.00s
[228.557s][info][gc,start       ] GC(344) Pause Full (System.gc())
[228.557s][info][gc,phases,start] GC(344) Phase 1: Mark live objects
[228.563s][info][gc,phases      ] GC(344) Phase 1: Mark live objects 5.790ms
[228.563s][info][gc,phases,start] GC(344) Phase 2: Compute new object addresses
[228.573s][info][gc,phases      ] GC(344) Phase 2: Compute new object addresses 9.502ms
[228.573s][info][gc,phases,start] GC(344) Phase 3: Adjust pointers
[228.577s][info][gc,phases      ] GC(344) Phase 3: Adjust pointers 4.109ms
[228.577s][info][gc,phases,start] GC(344) Phase 4: Move objects
[228.577s][info][gc,phases      ] GC(344) Phase 4: Move objects 0.009ms
[228.577s][info][gc,heap        ] GC(344) PSYoungGen: 646K->0K(650240K)
[228.577s][info][gc,heap        ] GC(344) PSOldGen: 110748K->57957K(1398272K)
[228.577s][info][gc,metaspace   ] GC(344) Metaspace: 23803K(24832K)->23803K(24832K) NonClass: 20877K(21504K)->20877K(21504K) Class: 2925K(3328K)->2925K(3328K)
[228.577s][info][gc             ] GC(344) Pause Full (System.gc()) 108M->56M(2000M) 19.968ms
[228.577s][info][gc,cpu         ] GC(344) User=0.03s Sys=0.00s Real=0.02s
[230.422s][info][gc,start       ] GC(345) Pause Young (Allocation Failure)
[230.434s][info][gc,heap        ] GC(345) PSYoungGen: 603648K->26165K(648704K)
[230.434s][info][gc,heap        ] GC(345) PSOldGen: 57957K->57965K(1398272K)
[230.434s][info][gc,metaspace   ] GC(345) Metaspace: 23808K(24832K)->23808K(24832K) NonClass: 20882K(21504K)->20882K(21504K) Class: 2925K(3328K)->2925K(3328K)
[230.434s][info][gc             ] GC(345) Pause Young (Allocation Failure) 646M->82M(1999M) 11.555ms
[230.434s][info][gc,cpu         ] GC(345) User=0.00s Sys=0.00s Real=0.02s
[230.556s][info][gc,start       ] GC(346) Pause Young (Allocation Failure)
[230.571s][info][gc,heap        ] GC(346) PSYoungGen: 629813K->0K(651264K)
[230.572s][info][gc,heap        ] GC(346) PSOldGen: 57965K->84116K(1398272K)
[230.572s][info][gc,metaspace   ] GC(346) Metaspace: 23808K(24832K)->23808K(24832K) NonClass: 20882K(21504K)->20882K(21504K) Class: 2925K(3328K)->2925K(3328K)
[230.572s][info][gc             ] GC(346) Pause Young (Allocation Failure) 671M->82M(2001M) 15.396ms
[230.572s][info][gc,cpu         ] GC(346) User=0.09s Sys=0.00s Real=0.02s
[232.420s][info][gc,start       ] GC(347) Pause Young (Allocation Failure)
[232.434s][info][gc,heap        ] GC(347) PSYoungGen: 603648K->26765K(647680K)
[232.434s][info][gc,heap        ] GC(347) PSOldGen: 84116K->84116K(1398272K)
[232.434s][info][gc,metaspace   ] GC(347) Metaspace: 23808K(24832K)->23808K(24832K) NonClass: 20882K(21504K)->20882K(21504K) Class: 2925K(3328K)->2925K(3328K)
[232.434s][info][gc             ] GC(347) Pause Young (Allocation Failure) 671M->108M(1998M) 14.017ms
[232.434s][info][gc,cpu         ] GC(347) User=0.00s Sys=0.00s Real=0.01s
[232.556s][info][gc,start       ] GC(348) Pause Young (Allocation Failure)
[232.572s][info][gc,heap        ] GC(348) PSYoungGen: 628365K->0K(650240K)
[232.572s][info][gc,heap        ] GC(348) PSOldGen: 84116K->110842K(1398272K)
[232.572s][info][gc,metaspace   ] GC(348) Metaspace: 23808K(24832K)->23808K(24832K) NonClass: 20882K(21504K)->20882K(21504K) Class: 2925K(3328K)->2925K(3328K)
[232.572s][info][gc             ] GC(348) Pause Young (Allocation Failure) 695M->108M(2000M) 16.480ms
[232.572s][info][gc,cpu         ] GC(348) User=0.09s Sys=0.00s Real=0.02s
[232.643s][info][gc,start       ] GC(349) Pause Young (System.gc())
[232.644s][info][gc,heap        ] GC(349) PSYoungGen: 264642K->646K(653824K)
[232.644s][info][gc,heap        ] GC(349) PSOldGen: 110842K->110842K(1398272K)
[232.644s][info][gc,metaspace   ] GC(349) Metaspace: 23808K(24832K)->23808K(24832K) NonClass: 20882K(21504K)->20882K(21504K) Class: 2925K(3328K)->2925K(3328K)
[232.644s][info][gc             ] GC(349) Pause Young (System.gc()) 366M->108M(2004M) 1.190ms
[232.644s][info][gc,cpu         ] GC(349) User=0.00s Sys=0.00s Real=0.00s
[232.644s][info][gc,start       ] GC(350) Pause Full (System.gc())
[232.644s][info][gc,phases,start] GC(350) Phase 1: Mark live objects
[232.650s][info][gc,phases      ] GC(350) Phase 1: Mark live objects 5.750ms
[232.650s][info][gc,phases,start] GC(350) Phase 2: Compute new object addresses
[232.658s][info][gc,phases      ] GC(350) Phase 2: Compute new object addresses 8.628ms
[232.658s][info][gc,phases,start] GC(350) Phase 3: Adjust pointers
[232.663s][info][gc,phases      ] GC(350) Phase 3: Adjust pointers 4.178ms
[232.663s][info][gc,phases,start] GC(350) Phase 4: Move objects
[232.663s][info][gc,phases      ] GC(350) Phase 4: Move objects 0.010ms
[232.663s][info][gc,heap        ] GC(350) PSYoungGen: 646K->0K(653824K)
[232.663s][info][gc,heap        ] GC(350) PSOldGen: 110842K->59042K(1398272K)
[232.663s][info][gc,metaspace   ] GC(350) Metaspace: 23808K(24832K)->23808K(24832K) NonClass: 20882K(21504K)->20882K(21504K) Class: 2925K(3328K)->2925K(3328K)
[232.663s][info][gc             ] GC(350) Pause Full (System.gc()) 108M->57M(2004M) 19.273ms
[232.663s][info][gc,cpu         ] GC(350) User=0.02s Sys=0.00s Real=0.02s
[234.490s][info][gc,start       ] GC(351) Pause Young (Allocation Failure)
[234.501s][info][gc,heap        ] GC(351) PSYoungGen: 607232K->26183K(633856K)
[234.501s][info][gc,heap        ] GC(351) PSOldGen: 59042K->59042K(1398272K)
[234.501s][info][gc,metaspace   ] GC(351) Metaspace: 23811K(24832K)->23811K(24832K) NonClass: 20885K(21504K)->20885K(21504K) Class: 2925K(3328K)->2925K(3328K)
[234.501s][info][gc             ] GC(351) Pause Young (Allocation Failure) 650M->83M(1984M) 11.116ms
[234.501s][info][gc,cpu         ] GC(351) User=0.09s Sys=0.00s Real=0.01s
[234.624s][info][gc,start       ] GC(352) Pause Young (Allocation Failure)
[234.640s][info][gc,heap        ] GC(352) PSYoungGen: 633415K->0K(652800K)
[234.640s][info][gc,heap        ] GC(352) PSOldGen: 59042K->85193K(1398272K)
[234.640s][info][gc,metaspace   ] GC(352) Metaspace: 23811K(24832K)->23811K(24832K) NonClass: 20885K(21504K)->20885K(21504K) Class: 2925K(3328K)->2925K(3328K)
[234.640s][info][gc             ] GC(352) Pause Young (Allocation Failure) 676M->83M(2003M) 15.880ms
[234.640s][info][gc,cpu         ] GC(352) User=0.09s Sys=0.00s Real=0.02s
[236.480s][info][gc,start       ] GC(353) Pause Young (Allocation Failure)
[236.492s][info][gc,heap        ] GC(353) PSYoungGen: 605184K->26747K(632320K)
[236.492s][info][gc,heap        ] GC(353) PSOldGen: 85193K->85193K(1398272K)
[236.492s][info][gc,metaspace   ] GC(353) Metaspace: 23811K(24832K)->23811K(24832K) NonClass: 20885K(21504K)->20885K(21504K) Class: 2925K(3328K)->2925K(3328K)
[236.492s][info][gc             ] GC(353) Pause Young (Allocation Failure) 674M->109M(1983M) 11.830ms
[236.492s][info][gc,cpu         ] GC(353) User=0.09s Sys=0.00s Real=0.01s
[236.614s][info][gc,start       ] GC(354) Pause Young (Allocation Failure)
[236.630s][info][gc,heap        ] GC(354) PSYoungGen: 631931K->0K(652288K)
[236.631s][info][gc,heap        ] GC(354) PSOldGen: 85193K->111919K(1398272K)
[236.631s][info][gc,metaspace   ] GC(354) Metaspace: 23811K(24832K)->23811K(24832K) NonClass: 20885K(21504K)->20885K(21504K) Class: 2925K(3328K)->2925K(3328K)
[236.631s][info][gc             ] GC(354) Pause Young (Allocation Failure) 700M->109M(2002M) 16.233ms
[236.631s][info][gc,cpu         ] GC(354) User=0.09s Sys=0.00s Real=0.02s
[236.697s][info][gc,start       ] GC(355) Pause Young (System.gc())
[236.698s][info][gc,heap        ] GC(355) PSYoungGen: 253512K->678K(650240K)
[236.698s][info][gc,heap        ] GC(355) PSOldGen: 111919K->111919K(1398272K)
[236.698s][info][gc,metaspace   ] GC(355) Metaspace: 23811K(24832K)->23811K(24832K) NonClass: 20885K(21504K)->20885K(21504K) Class: 2925K(3328K)->2925K(3328K)
[236.698s][info][gc             ] GC(355) Pause Young (System.gc()) 356M->109M(2000M) 1.350ms
[236.698s][info][gc,cpu         ] GC(355) User=0.00s Sys=0.00s Real=0.00s
[236.698s][info][gc,start       ] GC(356) Pause Full (System.gc())
[236.698s][info][gc,phases,start] GC(356) Phase 1: Mark live objects
[236.704s][info][gc,phases      ] GC(356) Phase 1: Mark live objects 5.594ms
[236.704s][info][gc,phases,start] GC(356) Phase 2: Compute new object addresses
[236.713s][info][gc,phases      ] GC(356) Phase 2: Compute new object addresses 8.700ms
[236.713s][info][gc,phases,start] GC(356) Phase 3: Adjust pointers
[236.717s][info][gc,phases      ] GC(356) Phase 3: Adjust pointers 4.087ms
[236.717s][info][gc,phases,start] GC(356) Phase 4: Move objects
[236.717s][info][gc,phases      ] GC(356) Phase 4: Move objects 0.010ms
[236.717s][info][gc,heap        ] GC(356) PSYoungGen: 678K->0K(650240K)
[236.717s][info][gc,heap        ] GC(356) PSOldGen: 111919K->4985K(1398272K)
[236.717s][info][gc,metaspace   ] GC(356) Metaspace: 23811K(24832K)->23811K(24832K) NonClass: 20885K(21504K)->20885K(21504K) Class: 2925K(3328K)->2925K(3328K)
[236.717s][info][gc             ] GC(356) Pause Full (System.gc()) 109M->4M(2000M) 18.854ms
[236.717s][info][gc,cpu         ] GC(356) User=0.03s Sys=0.00s Real=0.02s
[238.544s][info][gc,start       ] GC(357) Pause Young (Allocation Failure)
[238.556s][info][gc,heap        ] GC(357) PSYoungGen: 603648K->26165K(648704K)
[238.556s][info][gc,heap        ] GC(357) PSOldGen: 4985K->4985K(1398272K)
[238.556s][info][gc,metaspace   ] GC(357) Metaspace: 23811K(24832K)->23811K(24832K) NonClass: 20885K(21504K)->20885K(21504K) Class: 2925K(3328K)->2925K(3328K)
[238.556s][info][gc             ] GC(357) Pause Young (Allocation Failure) 594M->30M(1999M) 11.224ms
[238.556s][info][gc,cpu         ] GC(357) User=0.02s Sys=0.00s Real=0.02s
[238.679s][info][gc,start       ] GC(358) Pause Young (Allocation Failure)
[238.695s][info][gc,heap        ] GC(358) PSYoungGen: 629813K->0K(651264K)
[238.695s][info][gc,heap        ] GC(358) PSOldGen: 4985K->31137K(1398272K)
[238.695s][info][gc,metaspace   ] GC(358) Metaspace: 23811K(24832K)->23811K(24832K) NonClass: 20885K(21504K)->20885K(21504K) Class: 2925K(3328K)->2925K(3328K)
[238.695s][info][gc             ] GC(358) Pause Young (Allocation Failure) 619M->30M(2001M) 16.028ms
[238.695s][info][gc,cpu         ] GC(358) User=0.08s Sys=0.02s Real=0.02s
[240.532s][info][gc,start       ] GC(359) Pause Young (Allocation Failure)
[240.544s][info][gc,heap        ] GC(359) PSYoungGen: 603648K->26765K(647680K)
[240.544s][info][gc,heap        ] GC(359) PSOldGen: 31137K->31137K(1398272K)
[240.544s][info][gc,metaspace   ] GC(359) Metaspace: 23811K(24832K)->23811K(24832K) NonClass: 20885K(21504K)->20885K(21504K) Class: 2925K(3328K)->2925K(3328K)
[240.544s][info][gc             ] GC(359) Pause Young (Allocation Failure) 619M->56M(1998M) 12.248ms
[240.544s][info][gc,cpu         ] GC(359) User=0.00s Sys=0.00s Real=0.01s
[240.666s][info][gc,start       ] GC(360) Pause Young (Allocation Failure)
[240.683s][info][gc,heap        ] GC(360) PSYoungGen: 628365K->0K(650240K)
[240.683s][info][gc,heap        ] GC(360) PSOldGen: 31137K->57870K(1398272K)
[240.683s][info][gc,metaspace   ] GC(360) Metaspace: 23811K(24832K)->23811K(24832K) NonClass: 20885K(21504K)->20885K(21504K) Class: 2925K(3328K)->2925K(3328K)
[240.683s][info][gc             ] GC(360) Pause Young (Allocation Failure) 644M->56M(2000M) 17.041ms
[240.683s][info][gc,cpu         ] GC(360) User=0.09s Sys=0.00s Real=0.02s
[240.752s][info][gc,start       ] GC(361) Pause Young (System.gc())
[240.753s][info][gc,heap        ] GC(361) PSYoungGen: 264685K->678K(653824K)
[240.754s][info][gc,heap        ] GC(361) PSOldGen: 57870K->57870K(1398272K)
[240.754s][info][gc,metaspace   ] GC(361) Metaspace: 23811K(24832K)->23811K(24832K) NonClass: 20885K(21504K)->20885K(21504K) Class: 2925K(3328K)->2925K(3328K)
[240.754s][info][gc             ] GC(361) Pause Young (System.gc()) 314M->57M(2004M) 1.215ms
[240.754s][info][gc,cpu         ] GC(361) User=0.00s Sys=0.00s Real=0.00s
[240.754s][info][gc,start       ] GC(362) Pause Full (System.gc())
[240.754s][info][gc,phases,start] GC(362) Phase 1: Mark live objects
[240.759s][info][gc,phases      ] GC(362) Phase 1: Mark live objects 5.675ms
[240.759s][info][gc,phases,start] GC(362) Phase 2: Compute new object addresses
[240.768s][info][gc,phases      ] GC(362) Phase 2: Compute new object addresses 8.650ms
[240.768s][info][gc,phases,start] GC(362) Phase 3: Adjust pointers
[240.772s][info][gc,phases      ] GC(362) Phase 3: Adjust pointers 4.151ms
[240.772s][info][gc,phases,start] GC(362) Phase 4: Move objects
[240.772s][info][gc,phases      ] GC(362) Phase 4: Move objects 0.009ms
[240.772s][info][gc,heap        ] GC(362) PSYoungGen: 678K->0K(653824K)
[240.773s][info][gc,heap        ] GC(362) PSOldGen: 57870K->57871K(1398272K)
[240.773s][info][gc,metaspace   ] GC(362) Metaspace: 23811K(24832K)->23811K(24832K) NonClass: 20885K(21504K)->20885K(21504K) Class: 2925K(3328K)->2925K(3328K)
[240.773s][info][gc             ] GC(362) Pause Full (System.gc()) 57M->56M(2004M) 18.922ms
[240.773s][info][gc,cpu         ] GC(362) User=0.02s Sys=0.00s Real=0.03s
[242.603s][info][gc,start       ] GC(363) Pause Young (Allocation Failure)
[242.618s][info][gc,heap        ] GC(363) PSYoungGen: 607232K->26165K(633856K)
[242.618s][info][gc,heap        ] GC(363) PSOldGen: 57871K->57871K(1398272K)
[242.618s][info][gc,metaspace   ] GC(363) Metaspace: 23811K(24832K)->23811K(24832K) NonClass: 20885K(21504K)->20885K(21504K) Class: 2925K(3328K)->2925K(3328K)
[242.618s][info][gc             ] GC(363) Pause Young (Allocation Failure) 649M->82M(1984M) 15.095ms
[242.618s][info][gc,cpu         ] GC(363) User=0.08s Sys=0.02s Real=0.01s
[242.741s][info][gc,start       ] GC(364) Pause Young (Allocation Failure)
[242.758s][info][gc,heap        ] GC(364) PSYoungGen: 633397K->0K(652800K)
[242.758s][info][gc,heap        ] GC(364) PSOldGen: 57871K->84038K(1398272K)
[242.758s][info][gc,metaspace   ] GC(364) Metaspace: 23811K(24832K)->23811K(24832K) NonClass: 20885K(21504K)->20885K(21504K) Class: 2925K(3328K)->2925K(3328K)
[242.758s][info][gc             ] GC(364) Pause Young (Allocation Failure) 675M->82M(2003M) 16.808ms
[242.758s][info][gc,cpu         ] GC(364) User=0.09s Sys=0.00s Real=0.02s
[244.596s][info][gc,start       ] GC(365) Pause Young (Allocation Failure)
[244.608s][info][gc,heap        ] GC(365) PSYoungGen: 605184K->26733K(632320K)
[244.608s][info][gc,heap        ] GC(365) PSOldGen: 84038K->84038K(1398272K)
[244.608s][info][gc,metaspace   ] GC(365) Metaspace: 23811K(24832K)->23811K(24832K) NonClass: 20885K(21504K)->20885K(21504K) Class: 2925K(3328K)->2925K(3328K)
[244.608s][info][gc             ] GC(365) Pause Young (Allocation Failure) 673M->108M(1983M) 12.247ms
[244.608s][info][gc,cpu         ] GC(365) User=0.09s Sys=0.00s Real=0.02s
[244.731s][info][gc,start       ] GC(366) Pause Young (Allocation Failure)
[244.746s][info][gc,heap        ] GC(366) PSYoungGen: 631917K->0K(652288K)
[244.746s][info][gc,heap        ] GC(366) PSOldGen: 84038K->110764K(1398272K)
[244.746s][info][gc,metaspace   ] GC(366) Metaspace: 23811K(24832K)->23811K(24832K) NonClass: 20885K(21504K)->20885K(21504K) Class: 2925K(3328K)->2925K(3328K)
[244.746s][info][gc             ] GC(366) Pause Young (Allocation Failure) 699M->108M(2002M) 15.208ms
[244.746s][info][gc,cpu         ] GC(366) User=0.09s Sys=0.00s Real=0.03s
[244.813s][info][gc,start       ] GC(367) Pause Young (System.gc())
[244.814s][info][gc,heap        ] GC(367) PSYoungGen: 253519K->710K(650240K)
[244.814s][info][gc,heap        ] GC(367) PSOldGen: 110764K->110764K(1398272K)
[244.814s][info][gc,metaspace   ] GC(367) Metaspace: 23811K(24832K)->23811K(24832K) NonClass: 20885K(21504K)->20885K(21504K) Class: 2925K(3328K)->2925K(3328K)
[244.814s][info][gc             ] GC(367) Pause Young (System.gc()) 355M->108M(2000M) 1.042ms
[244.814s][info][gc,cpu         ] GC(367) User=0.00s Sys=0.00s Real=0.00s
[244.814s][info][gc,start       ] GC(368) Pause Full (System.gc())
[244.815s][info][gc,phases,start] GC(368) Phase 1: Mark live objects
[244.820s][info][gc,phases      ] GC(368) Phase 1: Mark live objects 5.388ms
[244.820s][info][gc,phases,start] GC(368) Phase 2: Compute new object addresses
[244.829s][info][gc,phases      ] GC(368) Phase 2: Compute new object addresses 8.895ms
[244.829s][info][gc,phases,start] GC(368) Phase 3: Adjust pointers
[244.833s][info][gc,phases      ] GC(368) Phase 3: Adjust pointers 4.131ms
[244.833s][info][gc,phases,start] GC(368) Phase 4: Move objects
[244.833s][info][gc,phases      ] GC(368) Phase 4: Move objects 0.009ms
[244.833s][info][gc,heap        ] GC(368) PSYoungGen: 710K->0K(650240K)
[244.833s][info][gc,heap        ] GC(368) PSOldGen: 110764K->57965K(1398272K)
[244.833s][info][gc,metaspace   ] GC(368) Metaspace: 23811K(24832K)->23811K(24832K) NonClass: 20885K(21504K)->20885K(21504K) Class: 2925K(3328K)->2925K(3328K)
[244.833s][info][gc             ] GC(368) Pause Full (System.gc()) 108M->56M(2000M) 18.853ms
[244.833s][info][gc,cpu         ] GC(368) User=0.02s Sys=0.00s Real=0.03s
[246.656s][info][gc,start       ] GC(369) Pause Young (Allocation Failure)
[246.669s][info][gc,heap        ] GC(369) PSYoungGen: 603648K->26197K(648704K)
[246.669s][info][gc,heap        ] GC(369) PSOldGen: 57965K->57965K(1398272K)
[246.669s][info][gc,metaspace   ] GC(369) Metaspace: 23811K(24832K)->23811K(24832K) NonClass: 20885K(21504K)->20885K(21504K) Class: 2925K(3328K)->2925K(3328K)
[246.669s][info][gc             ] GC(369) Pause Young (Allocation Failure) 646M->82M(1999M) 12.734ms
[246.669s][info][gc,cpu         ] GC(369) User=0.00s Sys=0.00s Real=0.03s
[246.791s][info][gc,start       ] GC(370) Pause Young (Allocation Failure)
[246.806s][info][gc,heap        ] GC(370) PSYoungGen: 629845K->0K(651264K)
[246.806s][info][gc,heap        ] GC(370) PSOldGen: 57965K->84117K(1398272K)
[246.806s][info][gc,metaspace   ] GC(370) Metaspace: 23811K(24832K)->23811K(24832K) NonClass: 20885K(21504K)->20885K(21504K) Class: 2925K(3328K)->2925K(3328K)
[246.807s][info][gc             ] GC(370) Pause Young (Allocation Failure) 671M->82M(2001M) 15.358ms
[246.807s][info][gc,cpu         ] GC(370) User=0.09s Sys=0.00s Real=0.02s
[248.643s][info][gc,start       ] GC(371) Pause Young (Allocation Failure)
[248.656s][info][gc,heap        ] GC(371) PSYoungGen: 603648K->26733K(647680K)
[248.656s][info][gc,heap        ] GC(371) PSOldGen: 84117K->84117K(1398272K)
[248.656s][info][gc,metaspace   ] GC(371) Metaspace: 23811K(24832K)->23811K(24832K) NonClass: 20885K(21504K)->20885K(21504K) Class: 2925K(3328K)->2925K(3328K)
[248.656s][info][gc             ] GC(371) Pause Young (Allocation Failure) 671M->108M(1998M) 12.545ms
[248.656s][info][gc,cpu         ] GC(371) User=0.09s Sys=0.00s Real=0.01s
[248.777s][info][gc,start       ] GC(372) Pause Young (Allocation Failure)
[248.791s][info][gc,heap        ] GC(372) PSYoungGen: 628333K->0K(650240K)
[248.792s][info][gc,heap        ] GC(372) PSOldGen: 84117K->110850K(1398272K)
[248.792s][info][gc,metaspace   ] GC(372) Metaspace: 23811K(24832K)->23811K(24832K) NonClass: 20885K(21504K)->20885K(21504K) Class: 2925K(3328K)->2925K(3328K)
[248.792s][info][gc             ] GC(372) Pause Young (Allocation Failure) 695M->108M(2000M) 14.316ms
[248.792s][info][gc,cpu         ] GC(372) User=0.09s Sys=0.00s Real=0.02s
[248.860s][info][gc,start       ] GC(373) Pause Young (System.gc())
[248.861s][info][gc,heap        ] GC(373) PSYoungGen: 264689K->614K(653824K)
[248.861s][info][gc,heap        ] GC(373) PSOldGen: 110850K->110850K(1398272K)
[248.861s][info][gc,metaspace   ] GC(373) Metaspace: 23811K(24832K)->23811K(24832K) NonClass: 20885K(21504K)->20885K(21504K) Class: 2925K(3328K)->2925K(3328K)
[248.861s][info][gc             ] GC(373) Pause Young (System.gc()) 366M->108M(2004M) 1.076ms
[248.861s][info][gc,cpu         ] GC(373) User=0.00s Sys=0.00s Real=0.00s
[248.861s][info][gc,start       ] GC(374) Pause Full (System.gc())
[248.862s][info][gc,phases,start] GC(374) Phase 1: Mark live objects
[248.867s][info][gc,phases      ] GC(374) Phase 1: Mark live objects 5.457ms
[248.867s][info][gc,phases,start] GC(374) Phase 2: Compute new object addresses
[248.876s][info][gc,phases      ] GC(374) Phase 2: Compute new object addresses 8.832ms
[248.876s][info][gc,phases,start] GC(374) Phase 3: Adjust pointers
[248.880s][info][gc,phases      ] GC(374) Phase 3: Adjust pointers 4.105ms
[248.880s][info][gc,phases,start] GC(374) Phase 4: Move objects
[248.880s][info][gc,phases      ] GC(374) Phase 4: Move objects 0.009ms
[248.880s][info][gc,heap        ] GC(374) PSYoungGen: 614K->0K(653824K)
[248.880s][info][gc,heap        ] GC(374) PSOldGen: 110850K->58009K(1398272K)
[248.880s][info][gc,metaspace   ] GC(374) Metaspace: 23811K(24832K)->23811K(24832K) NonClass: 20885K(21504K)->20885K(21504K) Class: 2925K(3328K)->2925K(3328K)
[248.880s][info][gc             ] GC(374) Pause Full (System.gc()) 108M->56M(2004M) 18.841ms
[248.880s][info][gc,cpu         ] GC(374) User=0.02s Sys=0.00s Real=0.02s
[250.708s][info][gc,start       ] GC(375) Pause Young (Allocation Failure)
[250.719s][info][gc,heap        ] GC(375) PSYoungGen: 607232K->26197K(633856K)
[250.719s][info][gc,heap        ] GC(375) PSOldGen: 58009K->58009K(1398272K)
[250.719s][info][gc,metaspace   ] GC(375) Metaspace: 23811K(24832K)->23811K(24832K) NonClass: 20885K(21504K)->20885K(21504K) Class: 2925K(3328K)->2925K(3328K)
[250.719s][info][gc             ] GC(375) Pause Young (Allocation Failure) 649M->82M(1984M) 11.393ms
[250.719s][info][gc,cpu         ] GC(375) User=0.09s Sys=0.00s Real=0.01s
[250.842s][info][gc,start       ] GC(376) Pause Young (Allocation Failure)
[250.858s][info][gc,heap        ] GC(376) PSYoungGen: 633429K->0K(652800K)
[250.858s][info][gc,heap        ] GC(376) PSOldGen: 58009K->84152K(1398272K)
[250.858s][info][gc,metaspace   ] GC(376) Metaspace: 23811K(24832K)->23811K(24832K) NonClass: 20885K(21504K)->20885K(21504K) Class: 2925K(3328K)->2925K(3328K)
[250.858s][info][gc             ] GC(376) Pause Young (Allocation Failure) 675M->82M(2003M) 16.051ms
[250.858s][info][gc,cpu         ] GC(376) User=0.09s Sys=0.00s Real=0.03s
[252.694s][info][gc,start       ] GC(377) Pause Young (Allocation Failure)
[252.706s][info][gc,heap        ] GC(377) PSYoungGen: 605184K->26765K(632320K)
[252.706s][info][gc,heap        ] GC(377) PSOldGen: 84152K->84152K(1398272K)
[252.706s][info][gc,metaspace   ] GC(377) Metaspace: 23811K(24832K)->23811K(24832K) NonClass: 20885K(21504K)->20885K(21504K) Class: 2925K(3328K)->2925K(3328K)
[252.706s][info][gc             ] GC(377) Pause Young (Allocation Failure) 673M->108M(1983M) 11.956ms
[252.706s][info][gc,cpu         ] GC(377) User=0.09s Sys=0.00s Real=0.02s
[252.829s][info][gc,start       ] GC(378) Pause Young (Allocation Failure)
[252.845s][info][gc,heap        ] GC(378) PSYoungGen: 631949K->0K(652288K)
[252.845s][info][gc,heap        ] GC(378) PSOldGen: 84152K->110894K(1398272K)
[252.845s][info][gc,metaspace   ] GC(378) Metaspace: 23811K(24832K)->23811K(24832K) NonClass: 20885K(21504K)->20885K(21504K) Class: 2925K(3328K)->2925K(3328K)
[252.845s][info][gc             ] GC(378) Pause Young (Allocation Failure) 699M->108M(2002M) 16.155ms
[252.845s][info][gc,cpu         ] GC(378) User=0.09s Sys=0.00s Real=0.03s
[252.911s][info][gc,start       ] GC(379) Pause Young (System.gc())
[252.912s][info][gc,heap        ] GC(379) PSYoungGen: 253519K->678K(650240K)
[252.912s][info][gc,heap        ] GC(379) PSOldGen: 110894K->110894K(1398272K)
[252.912s][info][gc,metaspace   ] GC(379) Metaspace: 23811K(24832K)->23811K(24832K) NonClass: 20885K(21504K)->20885K(21504K) Class: 2925K(3328K)->2925K(3328K)
[252.912s][info][gc             ] GC(379) Pause Young (System.gc()) 355M->108M(2000M) 1.089ms
[252.912s][info][gc,cpu         ] GC(379) User=0.00s Sys=0.00s Real=0.00s
[252.912s][info][gc,start       ] GC(380) Pause Full (System.gc())
[252.912s][info][gc,phases,start] GC(380) Phase 1: Mark live objects
[252.918s][info][gc,phases      ] GC(380) Phase 1: Mark live objects 5.581ms
[252.918s][info][gc,phases,start] GC(380) Phase 2: Compute new object addresses
[252.927s][info][gc,phases      ] GC(380) Phase 2: Compute new object addresses 8.676ms
[252.927s][info][gc,phases,start] GC(380) Phase 3: Adjust pointers
[252.931s][info][gc,phases      ] GC(380) Phase 3: Adjust pointers 4.186ms
[252.931s][info][gc,phases,start] GC(380) Phase 4: Move objects
[252.931s][info][gc,phases      ] GC(380) Phase 4: Move objects 0.010ms
[252.931s][info][gc,heap        ] GC(380) PSYoungGen: 678K->0K(650240K)
[252.931s][info][gc,heap        ] GC(380) PSOldGen: 110894K->4985K(1398272K)
[252.931s][info][gc,metaspace   ] GC(380) Metaspace: 23811K(24832K)->23811K(24832K) NonClass: 20885K(21504K)->20885K(21504K) Class: 2925K(3328K)->2925K(3328K)
[252.931s][info][gc             ] GC(380) Pause Full (System.gc()) 108M->4M(2000M) 18.979ms
[252.931s][info][gc,cpu         ] GC(380) User=0.02s Sys=0.00s Real=0.02s
[254.757s][info][gc,start       ] GC(381) Pause Young (Allocation Failure)
[254.770s][info][gc,heap        ] GC(381) PSYoungGen: 603648K->26151K(648704K)
[254.770s][info][gc,heap        ] GC(381) PSOldGen: 4985K->4985K(1398272K)
[254.770s][info][gc,metaspace   ] GC(381) Metaspace: 23811K(24832K)->23811K(24832K) NonClass: 20885K(21504K)->20885K(21504K) Class: 2925K(3328K)->2925K(3328K)
[254.770s][info][gc             ] GC(381) Pause Young (Allocation Failure) 594M->30M(1999M) 13.107ms
[254.770s][info][gc,cpu         ] GC(381) User=0.09s Sys=0.00s Real=0.02s
[254.892s][info][gc,start       ] GC(382) Pause Young (Allocation Failure)
[254.908s][info][gc,heap        ] GC(382) PSYoungGen: 629799K->0K(651264K)
[254.908s][info][gc,heap        ] GC(382) PSOldGen: 4985K->31145K(1398272K)
[254.908s][info][gc,metaspace   ] GC(382) Metaspace: 23811K(24832K)->23811K(24832K) NonClass: 20885K(21504K)->20885K(21504K) Class: 2925K(3328K)->2925K(3328K)
[254.908s][info][gc             ] GC(382) Pause Young (Allocation Failure) 619M->30M(2001M) 15.912ms
[254.908s][info][gc,cpu         ] GC(382) User=0.09s Sys=0.00s Real=0.03s
[256.757s][info][gc,start       ] GC(383) Pause Young (Allocation Failure)
[256.768s][info][gc,heap        ] GC(383) PSYoungGen: 603648K->26747K(647680K)
[256.768s][info][gc,heap        ] GC(383) PSOldGen: 31145K->31145K(1398272K)
[256.768s][info][gc,metaspace   ] GC(383) Metaspace: 23814K(24832K)->23814K(24832K) NonClass: 20888K(21504K)->20888K(21504K) Class: 2925K(3328K)->2925K(3328K)
[256.768s][info][gc             ] GC(383) Pause Young (Allocation Failure) 619M->56M(1998M) 11.705ms
[256.768s][info][gc,cpu         ] GC(383) User=0.09s Sys=0.00s Real=0.02s
[256.890s][info][gc,start       ] GC(384) Pause Young (Allocation Failure)
[256.906s][info][gc,heap        ] GC(384) PSYoungGen: 628347K->0K(650240K)
[256.906s][info][gc,heap        ] GC(384) PSOldGen: 31145K->57878K(1398272K)
[256.906s][info][gc,metaspace   ] GC(384) Metaspace: 23814K(24832K)->23814K(24832K) NonClass: 20888K(21504K)->20888K(21504K) Class: 2925K(3328K)->2925K(3328K)
[256.906s][info][gc             ] GC(384) Pause Young (Allocation Failure) 644M->56M(2000M) 16.095ms
[256.906s][info][gc,cpu         ] GC(384) User=0.08s Sys=0.02s Real=0.02s
[256.976s][info][gc,start       ] GC(385) Pause Young (System.gc())
[256.977s][info][gc,heap        ] GC(385) PSYoungGen: 264688K->710K(653824K)
[256.977s][info][gc,heap        ] GC(385) PSOldGen: 57878K->57878K(1398272K)
[256.977s][info][gc,metaspace   ] GC(385) Metaspace: 23818K(24832K)->23818K(24832K) NonClass: 20893K(21504K)->20893K(21504K) Class: 2925K(3328K)->2925K(3328K)
[256.977s][info][gc             ] GC(385) Pause Young (System.gc()) 315M->57M(2004M) 1.047ms
[256.977s][info][gc,cpu         ] GC(385) User=0.00s Sys=0.00s Real=0.00s
[256.977s][info][gc,start       ] GC(386) Pause Full (System.gc())
[256.977s][info][gc,phases,start] GC(386) Phase 1: Mark live objects
[256.982s][info][gc,phases      ] GC(386) Phase 1: Mark live objects 5.263ms
[256.982s][info][gc,phases,start] GC(386) Phase 2: Compute new object addresses
[256.991s][info][gc,phases      ] GC(386) Phase 2: Compute new object addresses 8.657ms
[256.991s][info][gc,phases,start] GC(386) Phase 3: Adjust pointers
[256.995s][info][gc,phases      ] GC(386) Phase 3: Adjust pointers 4.250ms
[256.995s][info][gc,phases,start] GC(386) Phase 4: Move objects
[256.995s][info][gc,phases      ] GC(386) Phase 4: Move objects 0.010ms
[256.996s][info][gc,heap        ] GC(386) PSYoungGen: 710K->0K(653824K)
[256.996s][info][gc,heap        ] GC(386) PSOldGen: 57878K->57879K(1398272K)
[256.996s][info][gc,metaspace   ] GC(386) Metaspace: 23818K(24832K)->23818K(24832K) NonClass: 20893K(21504K)->20893K(21504K) Class: 2925K(3328K)->2925K(3328K)
[256.996s][info][gc             ] GC(386) Pause Full (System.gc()) 57M->56M(2004M) 18.630ms
[256.996s][info][gc,cpu         ] GC(386) User=0.02s Sys=0.00s Real=0.02s
[258.823s][info][gc,start       ] GC(387) Pause Young (Allocation Failure)
[258.835s][info][gc,heap        ] GC(387) PSYoungGen: 607232K->26165K(633856K)
[258.835s][info][gc,heap        ] GC(387) PSOldGen: 57879K->57879K(1398272K)
[258.835s][info][gc,metaspace   ] GC(387) Metaspace: 23818K(24832K)->23818K(24832K) NonClass: 20893K(21504K)->20893K(21504K) Class: 2925K(3328K)->2925K(3328K)
[258.835s][info][gc             ] GC(387) Pause Young (Allocation Failure) 649M->82M(1984M) 11.863ms
[258.835s][info][gc,cpu         ] GC(387) User=0.09s Sys=0.00s Real=0.02s
[258.958s][info][gc,start       ] GC(388) Pause Young (Allocation Failure)
[258.975s][info][gc,heap        ] GC(388) PSYoungGen: 633397K->0K(652800K)
[258.975s][info][gc,heap        ] GC(388) PSOldGen: 57879K->84030K(1398272K)
[258.975s][info][gc,metaspace   ] GC(388) Metaspace: 23818K(24832K)->23818K(24832K) NonClass: 20893K(21504K)->20893K(21504K) Class: 2925K(3328K)->2925K(3328K)
[258.975s][info][gc             ] GC(388) Pause Young (Allocation Failure) 675M->82M(2003M) 16.931ms
[258.975s][info][gc,cpu         ] GC(388) User=0.09s Sys=0.00s Real=0.02s
[260.813s][info][gc,start       ] GC(389) Pause Young (Allocation Failure)
[260.827s][info][gc,heap        ] GC(389) PSYoungGen: 605184K->26765K(632320K)
[260.827s][info][gc,heap        ] GC(389) PSOldGen: 84030K->84030K(1398272K)
[260.827s][info][gc,metaspace   ] GC(389) Metaspace: 23818K(24832K)->23818K(24832K) NonClass: 20893K(21504K)->20893K(21504K) Class: 2925K(3328K)->2925K(3328K)
[260.827s][info][gc             ] GC(389) Pause Young (Allocation Failure) 673M->108M(1983M) 13.870ms
[260.827s][info][gc,cpu         ] GC(389) User=0.06s Sys=0.02s Real=0.01s
[260.949s][info][gc,start       ] GC(390) Pause Young (Allocation Failure)
[260.966s][info][gc,heap        ] GC(390) PSYoungGen: 631949K->0K(652288K)
[260.966s][info][gc,heap        ] GC(390) PSOldGen: 84030K->110756K(1398272K)
[260.966s][info][gc,metaspace   ] GC(390) Metaspace: 23818K(24832K)->23818K(24832K) NonClass: 20893K(21504K)->20893K(21504K) Class: 2925K(3328K)->2925K(3328K)
[260.966s][info][gc             ] GC(390) Pause Young (Allocation Failure) 699M->108M(2002M) 16.696ms
[260.966s][info][gc,cpu         ] GC(390) User=0.09s Sys=0.00s Real=0.03s
[261.032s][info][gc,start       ] GC(391) Pause Young (System.gc())
[261.033s][info][gc,heap        ] GC(391) PSYoungGen: 253519K->646K(650240K)
[261.033s][info][gc,heap        ] GC(391) PSOldGen: 110756K->110756K(1398272K)
[261.033s][info][gc,metaspace   ] GC(391) Metaspace: 23818K(24832K)->23818K(24832K) NonClass: 20893K(21504K)->20893K(21504K) Class: 2925K(3328K)->2925K(3328K)
[261.033s][info][gc             ] GC(391) Pause Young (System.gc()) 355M->108M(2000M) 1.179ms
[261.033s][info][gc,cpu         ] GC(391) User=0.00s Sys=0.00s Real=0.00s
[261.033s][info][gc,start       ] GC(392) Pause Full (System.gc())
[261.033s][info][gc,phases,start] GC(392) Phase 1: Mark live objects
[261.039s][info][gc,phases      ] GC(392) Phase 1: Mark live objects 5.393ms
[261.039s][info][gc,phases,start] GC(392) Phase 2: Compute new object addresses
[261.048s][info][gc,phases      ] GC(392) Phase 2: Compute new object addresses 8.871ms
[261.048s][info][gc,phases,start] GC(392) Phase 3: Adjust pointers
[261.052s][info][gc,phases      ] GC(392) Phase 3: Adjust pointers 4.136ms
[261.052s][info][gc,phases,start] GC(392) Phase 4: Move objects
[261.052s][info][gc,phases      ] GC(392) Phase 4: Move objects 0.009ms
[261.052s][info][gc,heap        ] GC(392) PSYoungGen: 646K->0K(650240K)
[261.052s][info][gc,heap        ] GC(392) PSOldGen: 110756K->57957K(1398272K)
[261.052s][info][gc,metaspace   ] GC(392) Metaspace: 23818K(24832K)->23818K(24832K) NonClass: 20893K(21504K)->20893K(21504K) Class: 2925K(3328K)->2925K(3328K)
[261.052s][info][gc             ] GC(392) Pause Full (System.gc()) 108M->56M(2000M) 18.862ms
[261.052s][info][gc,cpu         ] GC(392) User=0.02s Sys=0.00s Real=0.03s
[262.877s][info][gc,start       ] GC(393) Pause Young (Allocation Failure)
[262.888s][info][gc,heap        ] GC(393) PSYoungGen: 603648K->26133K(648704K)
[262.888s][info][gc,heap        ] GC(393) PSOldGen: 57957K->57957K(1398272K)
[262.888s][info][gc,metaspace   ] GC(393) Metaspace: 23818K(24832K)->23818K(24832K) NonClass: 20893K(21504K)->20893K(21504K) Class: 2925K(3328K)->2925K(3328K)
[262.888s][info][gc             ] GC(393) Pause Young (Allocation Failure) 646M->82M(1999M) 11.232ms
[262.888s][info][gc,cpu         ] GC(393) User=0.00s Sys=0.00s Real=0.01s
[263.010s][info][gc,start       ] GC(394) Pause Young (Allocation Failure)
[263.026s][info][gc,heap        ] GC(394) PSYoungGen: 629781K->0K(651264K)
[263.026s][info][gc,heap        ] GC(394) PSOldGen: 57957K->84108K(1398272K)
[263.026s][info][gc,metaspace   ] GC(394) Metaspace: 23818K(24832K)->23818K(24832K) NonClass: 20893K(21504K)->20893K(21504K) Class: 2925K(3328K)->2925K(3328K)
[263.026s][info][gc             ] GC(394) Pause Young (Allocation Failure) 671M->82M(2001M) 16.039ms
[263.026s][info][gc,cpu         ] GC(394) User=0.09s Sys=0.00s Real=0.02s
[264.869s][info][gc,start       ] GC(395) Pause Young (Allocation Failure)
[264.880s][info][gc,heap        ] GC(395) PSYoungGen: 603648K->26747K(647680K)
[264.880s][info][gc,heap        ] GC(395) PSOldGen: 84108K->84108K(1398272K)
[264.880s][info][gc,metaspace   ] GC(395) Metaspace: 23819K(24832K)->23819K(24832K) NonClass: 20893K(21504K)->20893K(21504K) Class: 2925K(3328K)->2925K(3328K)
[264.880s][info][gc             ] GC(395) Pause Young (Allocation Failure) 671M->108M(1998M) 11.591ms
[264.880s][info][gc,cpu         ] GC(395) User=0.09s Sys=0.00s Real=0.01s
[265.002s][info][gc,start       ] GC(396) Pause Young (Allocation Failure)
[265.017s][info][gc,heap        ] GC(396) PSYoungGen: 628347K->0K(650240K)
[265.018s][info][gc,heap        ] GC(396) PSOldGen: 84108K->110842K(1398272K)
[265.018s][info][gc,metaspace   ] GC(396) Metaspace: 23819K(24832K)->23819K(24832K) NonClass: 20893K(21504K)->20893K(21504K) Class: 2925K(3328K)->2925K(3328K)
[265.018s][info][gc             ] GC(396) Pause Young (Allocation Failure) 695M->108M(2000M) 15.466ms
[265.018s][info][gc,cpu         ] GC(396) User=0.09s Sys=0.00s Real=0.02s
[265.086s][info][gc,start       ] GC(397) Pause Young (System.gc())
[265.088s][info][gc,heap        ] GC(397) PSYoungGen: 264688K->646K(653824K)
[265.088s][info][gc,heap        ] GC(397) PSOldGen: 110842K->110842K(1398272K)
[265.088s][info][gc,metaspace   ] GC(397) Metaspace: 23819K(24832K)->23819K(24832K) NonClass: 20893K(21504K)->20893K(21504K) Class: 2925K(3328K)->2925K(3328K)
[265.088s][info][gc             ] GC(397) Pause Young (System.gc()) 366M->108M(2004M) 1.827ms
[265.088s][info][gc,cpu         ] GC(397) User=0.00s Sys=0.00s Real=0.00s
[265.088s][info][gc,start       ] GC(398) Pause Full (System.gc())
[265.088s][info][gc,phases,start] GC(398) Phase 1: Mark live objects
[265.093s][info][gc,phases      ] GC(398) Phase 1: Mark live objects 5.374ms
[265.094s][info][gc,phases,start] GC(398) Phase 2: Compute new object addresses
[265.102s][info][gc,phases      ] GC(398) Phase 2: Compute new object addresses 8.668ms
[265.102s][info][gc,phases,start] GC(398) Phase 3: Adjust pointers
[265.107s][info][gc,phases      ] GC(398) Phase 3: Adjust pointers 4.245ms
[265.107s][info][gc,phases,start] GC(398) Phase 4: Move objects
[265.107s][info][gc,phases      ] GC(398) Phase 4: Move objects 0.009ms
[265.107s][info][gc,heap        ] GC(398) PSYoungGen: 646K->0K(653824K)
[265.107s][info][gc,heap        ] GC(398) PSOldGen: 110842K->58000K(1398272K)
[265.107s][info][gc,metaspace   ] GC(398) Metaspace: 23819K(24832K)->23819K(24832K) NonClass: 20893K(21504K)->20893K(21504K) Class: 2925K(3328K)->2925K(3328K)
[265.107s][info][gc             ] GC(398) Pause Full (System.gc()) 108M->56M(2004M) 18.808ms
[265.107s][info][gc,cpu         ] GC(398) User=0.02s Sys=0.00s Real=0.02s
[266.935s][info][gc,start       ] GC(399) Pause Young (Allocation Failure)
[266.946s][info][gc,heap        ] GC(399) PSYoungGen: 607232K->26133K(633856K)
[266.946s][info][gc,heap        ] GC(399) PSOldGen: 58000K->58000K(1398272K)
[266.946s][info][gc,metaspace   ] GC(399) Metaspace: 23819K(24832K)->23819K(24832K) NonClass: 20894K(21504K)->20894K(21504K) Class: 2925K(3328K)->2925K(3328K)
[266.946s][info][gc             ] GC(399) Pause Young (Allocation Failure) 649M->82M(1984M) 11.254ms
[266.946s][info][gc,cpu         ] GC(399) User=0.02s Sys=0.00s Real=0.01s
[267.069s][info][gc,start       ] GC(400) Pause Young (Allocation Failure)
[267.085s][info][gc,heap        ] GC(400) PSYoungGen: 633365K->0K(652800K)
[267.085s][info][gc,heap        ] GC(400) PSOldGen: 58000K->84136K(1398272K)
[267.085s][info][gc,metaspace   ] GC(400) Metaspace: 23819K(24832K)->23819K(24832K) NonClass: 20894K(21504K)->20894K(21504K) Class: 2925K(3328K)->2925K(3328K)
[267.085s][info][gc             ] GC(400) Pause Young (Allocation Failure) 675M->82M(2003M) 15.587ms
[267.085s][info][gc,cpu         ] GC(400) User=0.09s Sys=0.00s Real=0.02s
[268.920s][info][gc,start       ] GC(401) Pause Young (Allocation Failure)
[268.932s][info][gc,heap        ] GC(401) PSYoungGen: 605184K->26733K(632320K)
[268.932s][info][gc,heap        ] GC(401) PSOldGen: 84136K->84136K(1398272K)
[268.932s][info][gc,metaspace   ] GC(401) Metaspace: 23819K(24832K)->23819K(24832K) NonClass: 20894K(21504K)->20894K(21504K) Class: 2925K(3328K)->2925K(3328K)
[268.932s][info][gc             ] GC(401) Pause Young (Allocation Failure) 673M->108M(1983M) 11.681ms
[268.932s][info][gc,cpu         ] GC(401) User=0.00s Sys=0.00s Real=0.02s
[269.055s][info][gc,start       ] GC(402) Pause Young (Allocation Failure)
[269.070s][info][gc,heap        ] GC(402) PSYoungGen: 631917K->0K(652288K)
[269.070s][info][gc,heap        ] GC(402) PSOldGen: 84136K->110877K(1398272K)
[269.070s][info][gc,metaspace   ] GC(402) Metaspace: 23819K(24832K)->23819K(24832K) NonClass: 20894K(21504K)->20894K(21504K) Class: 2925K(3328K)->2925K(3328K)
[269.070s][info][gc             ] GC(402) Pause Young (Allocation Failure) 699M->108M(2002M) 15.673ms
[269.070s][info][gc,cpu         ] GC(402) User=0.09s Sys=0.00s Real=0.02s
[269.137s][info][gc,start       ] GC(403) Pause Young (System.gc())
[269.137s][info][gc,heap        ] GC(403) PSYoungGen: 253519K->646K(650240K)
[269.137s][info][gc,heap        ] GC(403) PSOldGen: 110877K->110877K(1398272K)
[269.137s][info][gc,metaspace   ] GC(403) Metaspace: 23819K(24832K)->23819K(24832K) NonClass: 20894K(21504K)->20894K(21504K) Class: 2925K(3328K)->2925K(3328K)
[269.138s][info][gc             ] GC(403) Pause Young (System.gc()) 355M->108M(2000M) 1.000ms
[269.138s][info][gc,cpu         ] GC(403) User=0.00s Sys=0.00s Real=0.00s
[269.138s][info][gc,start       ] GC(404) Pause Full (System.gc())
[269.138s][info][gc,phases,start] GC(404) Phase 1: Mark live objects
[269.143s][info][gc,phases      ] GC(404) Phase 1: Mark live objects 5.256ms
[269.143s][info][gc,phases,start] GC(404) Phase 2: Compute new object addresses
[269.152s][info][gc,phases      ] GC(404) Phase 2: Compute new object addresses 8.830ms
[269.152s][info][gc,phases,start] GC(404) Phase 3: Adjust pointers
[269.156s][info][gc,phases      ] GC(404) Phase 3: Adjust pointers 4.112ms
[269.156s][info][gc,phases,start] GC(404) Phase 4: Move objects
[269.156s][info][gc,phases      ] GC(404) Phase 4: Move objects 0.009ms
[269.156s][info][gc,heap        ] GC(404) PSYoungGen: 646K->0K(650240K)
[269.156s][info][gc,heap        ] GC(404) PSOldGen: 110877K->4985K(1398272K)
[269.156s][info][gc,metaspace   ] GC(404) Metaspace: 23819K(24832K)->23819K(24832K) NonClass: 20894K(21504K)->20894K(21504K) Class: 2925K(3328K)->2925K(3328K)
[269.156s][info][gc             ] GC(404) Pause Full (System.gc()) 108M->4M(2000M) 18.655ms
[269.156s][info][gc,cpu         ] GC(404) User=0.03s Sys=0.00s Real=0.02s
[270.979s][info][gc,start       ] GC(405) Pause Young (Allocation Failure)
[270.990s][info][gc,heap        ] GC(405) PSYoungGen: 603648K->26165K(648704K)
[270.990s][info][gc,heap        ] GC(405) PSOldGen: 4985K->4985K(1398272K)
[270.990s][info][gc,metaspace   ] GC(405) Metaspace: 23819K(24832K)->23819K(24832K) NonClass: 20894K(21504K)->20894K(21504K) Class: 2925K(3328K)->2925K(3328K)
[270.990s][info][gc             ] GC(405) Pause Young (Allocation Failure) 594M->30M(1999M) 11.171ms
[270.990s][info][gc,cpu         ] GC(405) User=0.09s Sys=0.00s Real=0.02s
[271.113s][info][gc,start       ] GC(406) Pause Young (Allocation Failure)
[271.128s][info][gc,heap        ] GC(406) PSYoungGen: 629813K->0K(651264K)
[271.128s][info][gc,heap        ] GC(406) PSOldGen: 4985K->31129K(1398272K)
[271.128s][info][gc,metaspace   ] GC(406) Metaspace: 23819K(24832K)->23819K(24832K) NonClass: 20894K(21504K)->20894K(21504K) Class: 2925K(3328K)->2925K(3328K)
[271.128s][info][gc             ] GC(406) Pause Young (Allocation Failure) 619M->30M(2001M) 15.802ms
[271.128s][info][gc,cpu         ] GC(406) User=0.09s Sys=0.00s Real=0.02s
[272.965s][info][gc,start       ] GC(407) Pause Young (Allocation Failure)
[272.977s][info][gc,heap        ] GC(407) PSYoungGen: 603648K->26765K(647680K)
[272.977s][info][gc,heap        ] GC(407) PSOldGen: 31129K->31129K(1398272K)
[272.977s][info][gc,metaspace   ] GC(407) Metaspace: 23819K(24832K)->23819K(24832K) NonClass: 20894K(21504K)->20894K(21504K) Class: 2925K(3328K)->2925K(3328K)
[272.977s][info][gc             ] GC(407) Pause Young (Allocation Failure) 619M->56M(1998M) 11.939ms
[272.977s][info][gc,cpu         ] GC(407) User=0.09s Sys=0.00s Real=0.03s
[273.099s][info][gc,start       ] GC(408) Pause Young (Allocation Failure)
[273.115s][info][gc,heap        ] GC(408) PSYoungGen: 628365K->0K(650240K)
[273.115s][info][gc,heap        ] GC(408) PSOldGen: 31129K->57862K(1398272K)
[273.115s][info][gc,metaspace   ] GC(408) Metaspace: 23819K(24832K)->23819K(24832K) NonClass: 20894K(21504K)->20894K(21504K) Class: 2925K(3328K)->2925K(3328K)
[273.115s][info][gc             ] GC(408) Pause Young (Allocation Failure) 644M->56M(2000M) 16.597ms
[273.115s][info][gc,cpu         ] GC(408) User=0.09s Sys=0.00s Real=0.02s
[273.184s][info][gc,start       ] GC(409) Pause Young (System.gc())
[273.185s][info][gc,heap        ] GC(409) PSYoungGen: 264688K->678K(653824K)
[273.185s][info][gc,heap        ] GC(409) PSOldGen: 57862K->57862K(1398272K)
[273.185s][info][gc,metaspace   ] GC(409) Metaspace: 23819K(24832K)->23819K(24832K) NonClass: 20894K(21504K)->20894K(21504K) Class: 2925K(3328K)->2925K(3328K)
[273.185s][info][gc             ] GC(409) Pause Young (System.gc()) 314M->57M(2004M) 1.226ms
[273.185s][info][gc,cpu         ] GC(409) User=0.00s Sys=0.00s Real=0.00s
[273.185s][info][gc,start       ] GC(410) Pause Full (System.gc())
[273.185s][info][gc,phases,start] GC(410) Phase 1: Mark live objects
[273.191s][info][gc,phases      ] GC(410) Phase 1: Mark live objects 5.528ms
[273.191s][info][gc,phases,start] GC(410) Phase 2: Compute new object addresses
[273.200s][info][gc,phases      ] GC(410) Phase 2: Compute new object addresses 8.746ms
[273.200s][info][gc,phases,start] GC(410) Phase 3: Adjust pointers
[273.204s][info][gc,phases      ] GC(410) Phase 3: Adjust pointers 4.160ms
[273.204s][info][gc,phases,start] GC(410) Phase 4: Move objects
[273.204s][info][gc,phases      ] GC(410) Phase 4: Move objects 0.009ms
[273.204s][info][gc,heap        ] GC(410) PSYoungGen: 678K->0K(653824K)
[273.204s][info][gc,heap        ] GC(410) PSOldGen: 57862K->57863K(1398272K)
[273.204s][info][gc,metaspace   ] GC(410) Metaspace: 23819K(24832K)->23819K(24832K) NonClass: 20894K(21504K)->20894K(21504K) Class: 2925K(3328K)->2925K(3328K)
[273.204s][info][gc             ] GC(410) Pause Full (System.gc()) 57M->56M(2004M) 18.904ms
[273.204s][info][gc,cpu         ] GC(410) User=0.03s Sys=0.00s Real=0.03s
[275.028s][info][gc,start       ] GC(411) Pause Young (Allocation Failure)
[275.039s][info][gc,heap        ] GC(411) PSYoungGen: 607232K->26165K(633856K)
[275.039s][info][gc,heap        ] GC(411) PSOldGen: 57863K->57863K(1398272K)
[275.039s][info][gc,metaspace   ] GC(411) Metaspace: 23819K(24832K)->23819K(24832K) NonClass: 20894K(21504K)->20894K(21504K) Class: 2925K(3328K)->2925K(3328K)
[275.039s][info][gc             ] GC(411) Pause Young (Allocation Failure) 649M->82M(1984M) 11.011ms
[275.039s][info][gc,cpu         ] GC(411) User=0.06s Sys=0.00s Real=0.02s
[275.162s][info][gc,start       ] GC(412) Pause Young (Allocation Failure)
[275.178s][info][gc,heap        ] GC(412) PSYoungGen: 633397K->0K(652800K)
[275.178s][info][gc,heap        ] GC(412) PSOldGen: 57863K->84030K(1398272K)
[275.178s][info][gc,metaspace   ] GC(412) Metaspace: 23819K(24832K)->23819K(24832K) NonClass: 20894K(21504K)->20894K(21504K) Class: 2925K(3328K)->2925K(3328K)
[275.178s][info][gc             ] GC(412) Pause Young (Allocation Failure) 675M->82M(2003M) 15.441ms
[275.178s][info][gc,cpu         ] GC(412) User=0.09s Sys=0.00s Real=0.03s
[277.019s][info][gc,start       ] GC(413) Pause Young (Allocation Failure)
[277.031s][info][gc,heap        ] GC(413) PSYoungGen: 605184K->26779K(632320K)
[277.031s][info][gc,heap        ] GC(413) PSOldGen: 84030K->84030K(1398272K)
[277.031s][info][gc,metaspace   ] GC(413) Metaspace: 23819K(24832K)->23819K(24832K) NonClass: 20894K(21504K)->20894K(21504K) Class: 2925K(3328K)->2925K(3328K)
[277.031s][info][gc             ] GC(413) Pause Young (Allocation Failure) 673M->108M(1983M) 12.564ms
[277.031s][info][gc,cpu         ] GC(413) User=0.09s Sys=0.00s Real=0.01s
[277.154s][info][gc,start       ] GC(414) Pause Young (Allocation Failure)
[277.170s][info][gc,heap        ] GC(414) PSYoungGen: 631963K->0K(652288K)
[277.170s][info][gc,heap        ] GC(414) PSOldGen: 84030K->110756K(1398272K)
[277.170s][info][gc,metaspace   ] GC(414) Metaspace: 23819K(24832K)->23819K(24832K) NonClass: 20894K(21504K)->20894K(21504K) Class: 2925K(3328K)->2925K(3328K)
[277.170s][info][gc             ] GC(414) Pause Young (Allocation Failure) 699M->108M(2002M) 16.014ms
[277.170s][info][gc,cpu         ] GC(414) User=0.09s Sys=0.00s Real=0.02s
[277.236s][info][gc,start       ] GC(415) Pause Young (System.gc())
[277.237s][info][gc,heap        ] GC(415) PSYoungGen: 253519K->646K(650240K)
[277.237s][info][gc,heap        ] GC(415) PSOldGen: 110756K->110756K(1398272K)
[277.237s][info][gc,metaspace   ] GC(415) Metaspace: 23819K(24832K)->23819K(24832K) NonClass: 20894K(21504K)->20894K(21504K) Class: 2925K(3328K)->2925K(3328K)
[277.237s][info][gc             ] GC(415) Pause Young (System.gc()) 355M->108M(2000M) 1.075ms
[277.237s][info][gc,cpu         ] GC(415) User=0.00s Sys=0.00s Real=0.00s
[277.237s][info][gc,start       ] GC(416) Pause Full (System.gc())
[277.237s][info][gc,phases,start] GC(416) Phase 1: Mark live objects
[277.243s][info][gc,phases      ] GC(416) Phase 1: Mark live objects 5.392ms
[277.243s][info][gc,phases,start] GC(416) Phase 2: Compute new object addresses
[277.251s][info][gc,phases      ] GC(416) Phase 2: Compute new object addresses 8.791ms
[277.251s][info][gc,phases,start] GC(416) Phase 3: Adjust pointers
[277.256s][info][gc,phases      ] GC(416) Phase 3: Adjust pointers 4.121ms
[277.256s][info][gc,phases,start] GC(416) Phase 4: Move objects
[277.256s][info][gc,phases      ] GC(416) Phase 4: Move objects 0.019ms
[277.256s][info][gc,heap        ] GC(416) PSYoungGen: 646K->0K(650240K)
[277.256s][info][gc,heap        ] GC(416) PSOldGen: 110756K->57949K(1398272K)
[277.256s][info][gc,metaspace   ] GC(416) Metaspace: 23819K(24832K)->23819K(24832K) NonClass: 20894K(21504K)->20894K(21504K) Class: 2925K(3328K)->2925K(3328K)
[277.256s][info][gc             ] GC(416) Pause Full (System.gc()) 108M->56M(2000M) 18.759ms
[277.256s][info][gc,cpu         ] GC(416) User=0.02s Sys=0.00s Real=0.02s
[279.083s][info][gc,start       ] GC(417) Pause Young (Allocation Failure)
[279.094s][info][gc,heap        ] GC(417) PSYoungGen: 603648K->26197K(648704K)
[279.094s][info][gc,heap        ] GC(417) PSOldGen: 57949K->57949K(1398272K)
[279.094s][info][gc,metaspace   ] GC(417) Metaspace: 23819K(24832K)->23819K(24832K) NonClass: 20894K(21504K)->20894K(21504K) Class: 2925K(3328K)->2925K(3328K)
[279.094s][info][gc             ] GC(417) Pause Young (Allocation Failure) 646M->82M(1999M) 11.137ms
[279.094s][info][gc,cpu         ] GC(417) User=0.09s Sys=0.00s Real=0.02s
[279.216s][info][gc,start       ] GC(418) Pause Young (Allocation Failure)
[279.232s][info][gc,heap        ] GC(418) PSYoungGen: 629845K->0K(651264K)
[279.232s][info][gc,heap        ] GC(418) PSOldGen: 57949K->84109K(1398272K)
[279.232s][info][gc,metaspace   ] GC(418) Metaspace: 23819K(24832K)->23819K(24832K) NonClass: 20894K(21504K)->20894K(21504K) Class: 2925K(3328K)->2925K(3328K)
[279.232s][info][gc             ] GC(418) Pause Young (Allocation Failure) 671M->82M(2001M) 15.443ms
[279.232s][info][gc,cpu         ] GC(418) User=0.02s Sys=0.00s Real=0.02s
[281.073s][info][gc,start       ] GC(419) Pause Young (Allocation Failure)
[281.085s][info][gc,heap        ] GC(419) PSYoungGen: 603648K->26715K(647680K)
[281.085s][info][gc,heap        ] GC(419) PSOldGen: 84109K->84109K(1398272K)
[281.085s][info][gc,metaspace   ] GC(419) Metaspace: 23819K(24832K)->23819K(24832K) NonClass: 20894K(21504K)->20894K(21504K) Class: 2925K(3328K)->2925K(3328K)
[281.085s][info][gc             ] GC(419) Pause Young (Allocation Failure) 671M->108M(1998M) 12.292ms
[281.085s][info][gc,cpu         ] GC(419) User=0.09s Sys=0.00s Real=0.02s
[281.207s][info][gc,start       ] GC(420) Pause Young (Allocation Failure)
[281.224s][info][gc,heap        ] GC(420) PSYoungGen: 628315K->0K(650240K)
[281.224s][info][gc,heap        ] GC(420) PSOldGen: 84109K->110834K(1398272K)
[281.224s][info][gc,metaspace   ] GC(420) Metaspace: 23819K(24832K)->23819K(24832K) NonClass: 20894K(21504K)->20894K(21504K) Class: 2925K(3328K)->2925K(3328K)
[281.224s][info][gc             ] GC(420) Pause Young (Allocation Failure) 695M->108M(2000M) 16.499ms
[281.224s][info][gc,cpu         ] GC(420) User=0.09s Sys=0.00s Real=0.02s
[281.294s][info][gc,start       ] GC(421) Pause Young (System.gc())
[281.295s][info][gc,heap        ] GC(421) PSYoungGen: 264688K->678K(653824K)
[281.295s][info][gc,heap        ] GC(421) PSOldGen: 110834K->110834K(1398272K)
[281.295s][info][gc,metaspace   ] GC(421) Metaspace: 23819K(24832K)->23819K(24832K) NonClass: 20894K(21504K)->20894K(21504K) Class: 2925K(3328K)->2925K(3328K)
[281.295s][info][gc             ] GC(421) Pause Young (System.gc()) 366M->108M(2004M) 1.428ms
[281.295s][info][gc,cpu         ] GC(421) User=0.08s Sys=0.00s Real=0.00s
[281.295s][info][gc,start       ] GC(422) Pause Full (System.gc())
[281.295s][info][gc,phases,start] GC(422) Phase 1: Mark live objects
[281.301s][info][gc,phases      ] GC(422) Phase 1: Mark live objects 5.384ms
[281.301s][info][gc,phases,start] GC(422) Phase 2: Compute new object addresses
[281.310s][info][gc,phases      ] GC(422) Phase 2: Compute new object addresses 9.047ms
[281.310s][info][gc,phases,start] GC(422) Phase 3: Adjust pointers
[281.314s][info][gc,phases      ] GC(422) Phase 3: Adjust pointers 4.157ms
[281.314s][info][gc,phases,start] GC(422) Phase 4: Move objects
[281.314s][info][gc,phases      ] GC(422) Phase 4: Move objects 0.010ms
[281.314s][info][gc,heap        ] GC(422) PSYoungGen: 678K->0K(653824K)
[281.314s][info][gc,heap        ] GC(422) PSOldGen: 110834K->58029K(1398272K)
[281.314s][info][gc,metaspace   ] GC(422) Metaspace: 23819K(24832K)->23819K(24832K) NonClass: 20894K(21504K)->20894K(21504K) Class: 2925K(3328K)->2925K(3328K)
[281.314s][info][gc             ] GC(422) Pause Full (System.gc()) 108M->56M(2004M) 19.071ms
[281.314s][info][gc,cpu         ] GC(422) User=0.02s Sys=0.00s Real=0.03s
[283.138s][info][gc,start       ] GC(423) Pause Young (Allocation Failure)
[283.150s][info][gc,heap        ] GC(423) PSYoungGen: 607232K->26165K(633856K)
[283.150s][info][gc,heap        ] GC(423) PSOldGen: 58029K->58029K(1398272K)
[283.150s][info][gc,metaspace   ] GC(423) Metaspace: 23819K(24832K)->23819K(24832K) NonClass: 20894K(21504K)->20894K(21504K) Class: 2925K(3328K)->2925K(3328K)
[283.150s][info][gc             ] GC(423) Pause Young (Allocation Failure) 649M->82M(1984M) 11.933ms
[283.150s][info][gc,cpu         ] GC(423) User=0.00s Sys=0.00s Real=0.01s
[283.273s][info][gc,start       ] GC(424) Pause Young (Allocation Failure)
[283.290s][info][gc,heap        ] GC(424) PSYoungGen: 633397K->0K(652800K)
[283.290s][info][gc,heap        ] GC(424) PSOldGen: 58029K->84188K(1398272K)
[283.290s][info][gc,metaspace   ] GC(424) Metaspace: 23819K(24832K)->23819K(24832K) NonClass: 20894K(21504K)->20894K(21504K) Class: 2925K(3328K)->2925K(3328K)
[283.290s][info][gc             ] GC(424) Pause Young (Allocation Failure) 675M->82M(2003M) 16.420ms
[283.290s][info][gc,cpu         ] GC(424) User=0.09s Sys=0.00s Real=0.03s
[285.133s][info][gc,start       ] GC(425) Pause Young (Allocation Failure)
[285.146s][info][gc,heap        ] GC(425) PSYoungGen: 605184K->26747K(632320K)
[285.146s][info][gc,heap        ] GC(425) PSOldGen: 84188K->84188K(1398272K)
[285.146s][info][gc,metaspace   ] GC(425) Metaspace: 23819K(24832K)->23819K(24832K) NonClass: 20894K(21504K)->20894K(21504K) Class: 2925K(3328K)->2925K(3328K)
[285.146s][info][gc             ] GC(425) Pause Young (Allocation Failure) 673M->108M(1983M) 12.730ms
[285.146s][info][gc,cpu         ] GC(425) User=0.09s Sys=0.00s Real=0.01s
[285.268s][info][gc,start       ] GC(426) Pause Young (Allocation Failure)
[285.284s][info][gc,heap        ] GC(426) PSYoungGen: 631931K->0K(652288K)
[285.284s][info][gc,heap        ] GC(426) PSOldGen: 84188K->110914K(1398272K)
[285.284s][info][gc,metaspace   ] GC(426) Metaspace: 23819K(24832K)->23819K(24832K) NonClass: 20894K(21504K)->20894K(21504K) Class: 2925K(3328K)->2925K(3328K)
[285.284s][info][gc             ] GC(426) Pause Young (Allocation Failure) 699M->108M(2002M) 15.697ms
[285.284s][info][gc,cpu         ] GC(426) User=0.09s Sys=0.00s Real=0.02s
[285.352s][info][gc,start       ] GC(427) Pause Young (System.gc())
[285.353s][info][gc,heap        ] GC(427) PSYoungGen: 253519K->678K(650240K)
[285.353s][info][gc,heap        ] GC(427) PSOldGen: 110914K->110914K(1398272K)
[285.353s][info][gc,metaspace   ] GC(427) Metaspace: 23819K(24832K)->23819K(24832K) NonClass: 20894K(21504K)->20894K(21504K) Class: 2925K(3328K)->2925K(3328K)
[285.353s][info][gc             ] GC(427) Pause Young (System.gc()) 355M->108M(2000M) 1.183ms
[285.353s][info][gc,cpu         ] GC(427) User=0.00s Sys=0.00s Real=0.01s
[285.353s][info][gc,start       ] GC(428) Pause Full (System.gc())
[285.353s][info][gc,phases,start] GC(428) Phase 1: Mark live objects
[285.359s][info][gc,phases      ] GC(428) Phase 1: Mark live objects 5.569ms
[285.359s][info][gc,phases,start] GC(428) Phase 2: Compute new object addresses
[285.367s][info][gc,phases      ] GC(428) Phase 2: Compute new object addresses 8.618ms
[285.367s][info][gc,phases,start] GC(428) Phase 3: Adjust pointers
[285.372s][info][gc,phases      ] GC(428) Phase 3: Adjust pointers 4.279ms
[285.372s][info][gc,phases,start] GC(428) Phase 4: Move objects
[285.372s][info][gc,phases      ] GC(428) Phase 4: Move objects 0.010ms
[285.372s][info][gc,heap        ] GC(428) PSYoungGen: 678K->0K(650240K)
[285.372s][info][gc,heap        ] GC(428) PSOldGen: 110914K->4986K(1398272K)
[285.372s][info][gc,metaspace   ] GC(428) Metaspace: 23819K(24832K)->23819K(24832K) NonClass: 20894K(21504K)->20894K(21504K) Class: 2925K(3328K)->2925K(3328K)
[285.372s][info][gc             ] GC(428) Pause Full (System.gc()) 108M->4M(2000M) 19.070ms
[285.372s][info][gc,cpu         ] GC(428) User=0.02s Sys=0.00s Real=0.02s
[287.194s][info][gc,start       ] GC(429) Pause Young (Allocation Failure)
[287.206s][info][gc,heap        ] GC(429) PSYoungGen: 603648K->26165K(648704K)
[287.206s][info][gc,heap        ] GC(429) PSOldGen: 4986K->4986K(1398272K)
[287.206s][info][gc,metaspace   ] GC(429) Metaspace: 23820K(24832K)->23820K(24832K) NonClass: 20894K(21504K)->20894K(21504K) Class: 2925K(3328K)->2925K(3328K)
[287.206s][info][gc             ] GC(429) Pause Young (Allocation Failure) 594M->30M(1999M) 11.611ms
[287.206s][info][gc,cpu         ] GC(429) User=0.09s Sys=0.00s Real=0.02s
[287.329s][info][gc,start       ] GC(430) Pause Young (Allocation Failure)
[287.345s][info][gc,heap        ] GC(430) PSYoungGen: 629813K->0K(651264K)
[287.345s][info][gc,heap        ] GC(430) PSOldGen: 4986K->31154K(1398272K)
[287.345s][info][gc,metaspace   ] GC(430) Metaspace: 23820K(24832K)->23820K(24832K) NonClass: 20894K(21504K)->20894K(21504K) Class: 2925K(3328K)->2925K(3328K)
[287.345s][info][gc             ] GC(430) Pause Young (Allocation Failure) 619M->30M(2001M) 16.539ms
[287.345s][info][gc,cpu         ] GC(430) User=0.09s Sys=0.00s Real=0.02s
[289.182s][info][gc,start       ] GC(431) Pause Young (Allocation Failure)
[289.195s][info][gc,heap        ] GC(431) PSYoungGen: 603648K->26733K(647680K)
[289.195s][info][gc,heap        ] GC(431) PSOldGen: 31154K->31154K(1398272K)
[289.195s][info][gc,metaspace   ] GC(431) Metaspace: 23820K(24832K)->23820K(24832K) NonClass: 20894K(21504K)->20894K(21504K) Class: 2925K(3328K)->2925K(3328K)
[289.195s][info][gc             ] GC(431) Pause Young (Allocation Failure) 619M->56M(1998M) 12.291ms
[289.195s][info][gc,cpu         ] GC(431) User=0.08s Sys=0.00s Real=0.02s
[289.317s][info][gc,start       ] GC(432) Pause Young (Allocation Failure)
[289.332s][info][gc,heap        ] GC(432) PSYoungGen: 628333K->0K(650240K)
[289.332s][info][gc,heap        ] GC(432) PSOldGen: 31154K->57880K(1398272K)
[289.332s][info][gc,metaspace   ] GC(432) Metaspace: 23820K(24832K)->23820K(24832K) NonClass: 20894K(21504K)->20894K(21504K) Class: 2925K(3328K)->2925K(3328K)
[289.332s][info][gc             ] GC(432) Pause Young (Allocation Failure) 644M->56M(2000M) 15.639ms
[289.332s][info][gc,cpu         ] GC(432) User=0.09s Sys=0.00s Real=0.03s
[289.401s][info][gc,start       ] GC(433) Pause Young (System.gc())
[289.402s][info][gc,heap        ] GC(433) PSYoungGen: 264687K->678K(653824K)
[289.402s][info][gc,heap        ] GC(433) PSOldGen: 57880K->57880K(1398272K)
[289.402s][info][gc,metaspace   ] GC(433) Metaspace: 23820K(24832K)->23820K(24832K) NonClass: 20894K(21504K)->20894K(21504K) Class: 2925K(3328K)->2925K(3328K)
[289.402s][info][gc             ] GC(433) Pause Young (System.gc()) 315M->57M(2004M) 1.014ms
[289.402s][info][gc,cpu         ] GC(433) User=0.00s Sys=0.00s Real=0.00s
[289.402s][info][gc,start       ] GC(434) Pause Full (System.gc())
[289.402s][info][gc,phases,start] GC(434) Phase 1: Mark live objects
[289.407s][info][gc,phases      ] GC(434) Phase 1: Mark live objects 5.323ms
[289.407s][info][gc,phases,start] GC(434) Phase 2: Compute new object addresses
[289.416s][info][gc,phases      ] GC(434) Phase 2: Compute new object addresses 8.655ms
[289.416s][info][gc,phases,start] GC(434) Phase 3: Adjust pointers
[289.420s][info][gc,phases      ] GC(434) Phase 3: Adjust pointers 4.275ms
[289.420s][info][gc,phases,start] GC(434) Phase 4: Move objects
[289.420s][info][gc,phases      ] GC(434) Phase 4: Move objects 0.010ms
[289.420s][info][gc,heap        ] GC(434) PSYoungGen: 678K->0K(653824K)
[289.420s][info][gc,heap        ] GC(434) PSOldGen: 57880K->57880K(1398272K)
[289.420s][info][gc,metaspace   ] GC(434) Metaspace: 23820K(24832K)->23820K(24832K) NonClass: 20894K(21504K)->20894K(21504K) Class: 2925K(3328K)->2925K(3328K)
[289.420s][info][gc             ] GC(434) Pause Full (System.gc()) 57M->56M(2004M) 18.714ms
[289.420s][info][gc,cpu         ] GC(434) User=0.02s Sys=0.00s Real=0.01s
[291.247s][info][gc,start       ] GC(435) Pause Young (Allocation Failure)
[291.258s][info][gc,heap        ] GC(435) PSYoungGen: 607232K->26165K(633856K)
[291.258s][info][gc,heap        ] GC(435) PSOldGen: 57880K->57880K(1398272K)
[291.258s][info][gc,metaspace   ] GC(435) Metaspace: 23820K(24832K)->23820K(24832K) NonClass: 20894K(21504K)->20894K(21504K) Class: 2925K(3328K)->2925K(3328K)
[291.258s][info][gc             ] GC(435) Pause Young (Allocation Failure) 649M->82M(1984M) 11.708ms
[291.258s][info][gc,cpu         ] GC(435) User=0.09s Sys=0.00s Real=0.02s
[291.382s][info][gc,start       ] GC(436) Pause Young (Allocation Failure)
[291.397s][info][gc,heap        ] GC(436) PSYoungGen: 633397K->0K(652800K)
[291.397s][info][gc,heap        ] GC(436) PSOldGen: 57880K->84031K(1398272K)
[291.397s][info][gc,metaspace   ] GC(436) Metaspace: 23820K(24832K)->23820K(24832K) NonClass: 20894K(21504K)->20894K(21504K) Class: 2925K(3328K)->2925K(3328K)
[291.397s][info][gc             ] GC(436) Pause Young (Allocation Failure) 675M->82M(2003M) 15.366ms
[291.397s][info][gc,cpu         ] GC(436) User=0.09s Sys=0.00s Real=0.02s
[293.239s][info][gc,start       ] GC(437) Pause Young (Allocation Failure)
[293.251s][info][gc,heap        ] GC(437) PSYoungGen: 605184K->26733K(632320K)
[293.251s][info][gc,heap        ] GC(437) PSOldGen: 84031K->84031K(1398272K)
[293.251s][info][gc,metaspace   ] GC(437) Metaspace: 23820K(24832K)->23820K(24832K) NonClass: 20894K(21504K)->20894K(21504K) Class: 2925K(3328K)->2925K(3328K)
[293.251s][info][gc             ] GC(437) Pause Young (Allocation Failure) 673M->108M(1983M) 11.862ms
[293.251s][info][gc,cpu         ] GC(437) User=0.09s Sys=0.00s Real=0.02s
[293.374s][info][gc,start       ] GC(438) Pause Young (Allocation Failure)
[293.390s][info][gc,heap        ] GC(438) PSYoungGen: 631917K->0K(652288K)
[293.390s][info][gc,heap        ] GC(438) PSOldGen: 84031K->110757K(1398272K)
[293.390s][info][gc,metaspace   ] GC(438) Metaspace: 23820K(24832K)->23820K(24832K) NonClass: 20894K(21504K)->20894K(21504K) Class: 2925K(3328K)->2925K(3328K)
[293.391s][info][gc             ] GC(438) Pause Young (Allocation Failure) 699M->108M(2002M) 16.846ms
[293.391s][info][gc,cpu         ] GC(438) User=0.09s Sys=0.00s Real=0.02s
[293.457s][info][gc,start       ] GC(439) Pause Young (System.gc())
[293.459s][info][gc,heap        ] GC(439) PSYoungGen: 253519K->678K(650240K)
[293.459s][info][gc,heap        ] GC(439) PSOldGen: 110757K->110757K(1398272K)
[293.459s][info][gc,metaspace   ] GC(439) Metaspace: 23820K(24832K)->23820K(24832K) NonClass: 20894K(21504K)->20894K(21504K) Class: 2925K(3328K)->2925K(3328K)
[293.459s][info][gc             ] GC(439) Pause Young (System.gc()) 355M->108M(2000M) 1.483ms
[293.459s][info][gc,cpu         ] GC(439) User=0.00s Sys=0.00s Real=0.00s
[293.459s][info][gc,start       ] GC(440) Pause Full (System.gc())
[293.459s][info][gc,phases,start] GC(440) Phase 1: Mark live objects
[293.464s][info][gc,phases      ] GC(440) Phase 1: Mark live objects 5.286ms
[293.464s][info][gc,phases,start] GC(440) Phase 2: Compute new object addresses
[293.473s][info][gc,phases      ] GC(440) Phase 2: Compute new object addresses 8.913ms
[293.473s][info][gc,phases,start] GC(440) Phase 3: Adjust pointers
[293.477s][info][gc,phases      ] GC(440) Phase 3: Adjust pointers 4.111ms
[293.477s][info][gc,phases,start] GC(440) Phase 4: Move objects
[293.477s][info][gc,phases      ] GC(440) Phase 4: Move objects 0.009ms
[293.477s][info][gc,heap        ] GC(440) PSYoungGen: 678K->0K(650240K)
[293.478s][info][gc,heap        ] GC(440) PSOldGen: 110757K->57958K(1398272K)
[293.478s][info][gc,metaspace   ] GC(440) Metaspace: 23820K(24832K)->23820K(24832K) NonClass: 20894K(21504K)->20894K(21504K) Class: 2925K(3328K)->2925K(3328K)
[293.478s][info][gc             ] GC(440) Pause Full (System.gc()) 108M->56M(2000M) 18.751ms
[293.478s][info][gc,cpu         ] GC(440) User=0.02s Sys=0.00s Real=0.01s
[295.303s][info][gc,start       ] GC(441) Pause Young (Allocation Failure)
[295.315s][info][gc,heap        ] GC(441) PSYoungGen: 603648K->26165K(648704K)
[295.315s][info][gc,heap        ] GC(441) PSOldGen: 57958K->57958K(1398272K)
[295.315s][info][gc,metaspace   ] GC(441) Metaspace: 23820K(24832K)->23820K(24832K) NonClass: 20894K(21504K)->20894K(21504K) Class: 2925K(3328K)->2925K(3328K)
[295.316s][info][gc             ] GC(441) Pause Young (Allocation Failure) 646M->82M(1999M) 12.336ms
[295.316s][info][gc,cpu         ] GC(441) User=0.08s Sys=0.02s Real=0.01s
[295.438s][info][gc,start       ] GC(442) Pause Young (Allocation Failure)
[295.454s][info][gc,heap        ] GC(442) PSYoungGen: 629813K->0K(651264K)
[295.454s][info][gc,heap        ] GC(442) PSOldGen: 57958K->84118K(1398272K)
[295.454s][info][gc,metaspace   ] GC(442) Metaspace: 23820K(24832K)->23820K(24832K) NonClass: 20894K(21504K)->20894K(21504K) Class: 2925K(3328K)->2925K(3328K)
[295.454s][info][gc             ] GC(442) Pause Young (Allocation Failure) 671M->82M(2001M) 15.895ms
[295.454s][info][gc,cpu         ] GC(442) User=0.08s Sys=0.02s Real=0.02s
[297.292s][info][gc,start       ] GC(443) Pause Young (Allocation Failure)
[297.305s][info][gc,heap        ] GC(443) PSYoungGen: 603648K->26747K(647680K)
[297.305s][info][gc,heap        ] GC(443) PSOldGen: 84118K->84118K(1398272K)
[297.305s][info][gc,metaspace   ] GC(443) Metaspace: 23820K(24832K)->23820K(24832K) NonClass: 20894K(21504K)->20894K(21504K) Class: 2925K(3328K)->2925K(3328K)
[297.305s][info][gc             ] GC(443) Pause Young (Allocation Failure) 671M->108M(1998M) 13.301ms
[297.305s][info][gc,cpu         ] GC(443) User=0.05s Sys=0.00s Real=0.01s
[297.426s][info][gc,start       ] GC(444) Pause Young (Allocation Failure)
[297.442s][info][gc,heap        ] GC(444) PSYoungGen: 628347K->0K(650240K)
[297.442s][info][gc,heap        ] GC(444) PSOldGen: 84118K->110851K(1398272K)
[297.442s][info][gc,metaspace   ] GC(444) Metaspace: 23820K(24832K)->23820K(24832K) NonClass: 20894K(21504K)->20894K(21504K) Class: 2925K(3328K)->2925K(3328K)
[297.442s][info][gc             ] GC(444) Pause Young (Allocation Failure) 695M->108M(2000M) 15.988ms
[297.442s][info][gc,cpu         ] GC(444) User=0.09s Sys=0.00s Real=0.02s
[297.513s][info][gc,start       ] GC(445) Pause Young (System.gc())
[297.514s][info][gc,heap        ] GC(445) PSYoungGen: 264688K->678K(653824K)
[297.514s][info][gc,heap        ] GC(445) PSOldGen: 110851K->110851K(1398272K)
[297.514s][info][gc,metaspace   ] GC(445) Metaspace: 23820K(24832K)->23820K(24832K) NonClass: 20894K(21504K)->20894K(21504K) Class: 2925K(3328K)->2925K(3328K)
[297.514s][info][gc             ] GC(445) Pause Young (System.gc()) 366M->108M(2004M) 1.463ms
[297.514s][info][gc,cpu         ] GC(445) User=0.06s Sys=0.02s Real=0.02s
[297.514s][info][gc,start       ] GC(446) Pause Full (System.gc())
[297.514s][info][gc,phases,start] GC(446) Phase 1: Mark live objects
[297.519s][info][gc,phases      ] GC(446) Phase 1: Mark live objects 5.283ms
[297.519s][info][gc,phases,start] GC(446) Phase 2: Compute new object addresses
[297.528s][info][gc,phases      ] GC(446) Phase 2: Compute new object addresses 8.688ms
[297.528s][info][gc,phases,start] GC(446) Phase 3: Adjust pointers
[297.532s][info][gc,phases      ] GC(446) Phase 3: Adjust pointers 4.195ms
[297.532s][info][gc,phases,start] GC(446) Phase 4: Move objects
[297.532s][info][gc,phases      ] GC(446) Phase 4: Move objects 0.009ms
[297.533s][info][gc,heap        ] GC(446) PSYoungGen: 678K->0K(653824K)
[297.533s][info][gc,heap        ] GC(446) PSOldGen: 110851K->58002K(1398272K)
[297.533s][info][gc,metaspace   ] GC(446) Metaspace: 23820K(24832K)->23820K(24832K) NonClass: 20894K(21504K)->20894K(21504K) Class: 2925K(3328K)->2925K(3328K)
[297.533s][info][gc             ] GC(446) Pause Full (System.gc()) 108M->56M(2004M) 18.610ms
[297.533s][info][gc,cpu         ] GC(446) User=0.02s Sys=0.00s Real=0.02s
[299.364s][info][gc,start       ] GC(447) Pause Young (Allocation Failure)
[299.375s][info][gc,heap        ] GC(447) PSYoungGen: 607232K->26133K(633856K)
[299.375s][info][gc,heap        ] GC(447) PSOldGen: 58002K->58002K(1398272K)
[299.375s][info][gc,metaspace   ] GC(447) Metaspace: 23820K(24832K)->23820K(24832K) NonClass: 20894K(21504K)->20894K(21504K) Class: 2925K(3328K)->2925K(3328K)
[299.375s][info][gc             ] GC(447) Pause Young (Allocation Failure) 649M->82M(1984M) 11.531ms
[299.375s][info][gc,cpu         ] GC(447) User=0.09s Sys=0.00s Real=0.02s
[299.498s][info][gc,start       ] GC(448) Pause Young (Allocation Failure)
[299.513s][info][gc,heap        ] GC(448) PSYoungGen: 633365K->0K(652800K)
[299.513s][info][gc,heap        ] GC(448) PSOldGen: 58002K->84153K(1398272K)
[299.513s][info][gc,metaspace   ] GC(448) Metaspace: 23820K(24832K)->23820K(24832K) NonClass: 20894K(21504K)->20894K(21504K) Class: 2925K(3328K)->2925K(3328K)
[299.513s][info][gc             ] GC(448) Pause Young (Allocation Failure) 675M->82M(2003M) 15.459ms
[299.513s][info][gc,cpu         ] GC(448) User=0.00s Sys=0.00s Real=0.02s
[301.353s][info][gc,start       ] GC(449) Pause Young (Allocation Failure)
[301.365s][info][gc,heap        ] GC(449) PSYoungGen: 605184K->26779K(632320K)
[301.365s][info][gc,heap        ] GC(449) PSOldGen: 84153K->84153K(1398272K)
[301.365s][info][gc,metaspace   ] GC(449) Metaspace: 23820K(24832K)->23820K(24832K) NonClass: 20894K(21504K)->20894K(21504K) Class: 2925K(3328K)->2925K(3328K)
[301.365s][info][gc             ] GC(449) Pause Young (Allocation Failure) 673M->108M(1983M) 12.075ms
[301.365s][info][gc,cpu         ] GC(449) User=0.09s Sys=0.00s Real=0.01s
[301.488s][info][gc,start       ] GC(450) Pause Young (Allocation Failure)
[301.503s][info][gc,heap        ] GC(450) PSYoungGen: 631963K->0K(652288K)
[301.503s][info][gc,heap        ] GC(450) PSOldGen: 84153K->110895K(1398272K)
[301.503s][info][gc,metaspace   ] GC(450) Metaspace: 23820K(24832K)->23820K(24832K) NonClass: 20894K(21504K)->20894K(21504K) Class: 2925K(3328K)->2925K(3328K)
[301.503s][info][gc             ] GC(450) Pause Young (Allocation Failure) 699M->108M(2002M) 15.617ms
[301.503s][info][gc,cpu         ] GC(450) User=0.09s Sys=0.00s Real=0.02s
[301.570s][info][gc,start       ] GC(451) Pause Young (System.gc())
[301.571s][info][gc,heap        ] GC(451) PSYoungGen: 253519K->678K(650240K)
[301.571s][info][gc,heap        ] GC(451) PSOldGen: 110895K->110895K(1398272K)
[301.571s][info][gc,metaspace   ] GC(451) Metaspace: 23820K(24832K)->23820K(24832K) NonClass: 20894K(21504K)->20894K(21504K) Class: 2925K(3328K)->2925K(3328K)
[301.571s][info][gc             ] GC(451) Pause Young (System.gc()) 355M->108M(2000M) 1.073ms
[301.571s][info][gc,cpu         ] GC(451) User=0.00s Sys=0.00s Real=0.00s
[301.571s][info][gc,start       ] GC(452) Pause Full (System.gc())
[301.571s][info][gc,phases,start] GC(452) Phase 1: Mark live objects
[301.576s][info][gc,phases      ] GC(452) Phase 1: Mark live objects 5.623ms
[301.576s][info][gc,phases,start] GC(452) Phase 2: Compute new object addresses
[301.585s][info][gc,phases      ] GC(452) Phase 2: Compute new object addresses 8.683ms
[301.585s][info][gc,phases,start] GC(452) Phase 3: Adjust pointers
[301.589s][info][gc,phases      ] GC(452) Phase 3: Adjust pointers 4.115ms
[301.589s][info][gc,phases,start] GC(452) Phase 4: Move objects
[301.589s][info][gc,phases      ] GC(452) Phase 4: Move objects 0.010ms
[301.590s][info][gc,heap        ] GC(452) PSYoungGen: 678K->0K(650240K)
[301.590s][info][gc,heap        ] GC(452) PSOldGen: 110895K->4986K(1398272K)
[301.590s][info][gc,metaspace   ] GC(452) Metaspace: 23820K(24832K)->23820K(24832K) NonClass: 20894K(21504K)->20894K(21504K) Class: 2925K(3328K)->2925K(3328K)
[301.590s][info][gc             ] GC(452) Pause Full (System.gc()) 108M->4M(2000M) 18.860ms
[301.590s][info][gc,cpu         ] GC(452) User=0.02s Sys=0.00s Real=0.01s
[303.418s][info][gc,start       ] GC(453) Pause Young (Allocation Failure)
[303.430s][info][gc,heap        ] GC(453) PSYoungGen: 603648K->26133K(648704K)
[303.430s][info][gc,heap        ] GC(453) PSOldGen: 4986K->4986K(1398272K)
[303.430s][info][gc,metaspace   ] GC(453) Metaspace: 23820K(24832K)->23820K(24832K) NonClass: 20894K(21504K)->20894K(21504K) Class: 2925K(3328K)->2925K(3328K)
[303.430s][info][gc             ] GC(453) Pause Young (Allocation Failure) 594M->30M(1999M) 11.539ms
[303.430s][info][gc,cpu         ] GC(453) User=0.09s Sys=0.00s Real=0.01s
[303.552s][info][gc,start       ] GC(454) Pause Young (Allocation Failure)
[303.568s][info][gc,heap        ] GC(454) PSYoungGen: 629781K->0K(651264K)
[303.568s][info][gc,heap        ] GC(454) PSOldGen: 4986K->31138K(1398272K)
[303.568s][info][gc,metaspace   ] GC(454) Metaspace: 23821K(24832K)->23821K(24832K) NonClass: 20896K(21504K)->20896K(21504K) Class: 2925K(3328K)->2925K(3328K)
[303.568s][info][gc             ] GC(454) Pause Young (Allocation Failure) 619M->30M(2001M) 15.936ms
[303.568s][info][gc,cpu         ] GC(454) User=0.09s Sys=0.00s Real=0.02s
[305.404s][info][gc,start       ] GC(455) Pause Young (Allocation Failure)
[305.415s][info][gc,heap        ] GC(455) PSYoungGen: 603648K->26779K(647680K)
[305.415s][info][gc,heap        ] GC(455) PSOldGen: 31138K->31138K(1398272K)
[305.415s][info][gc,metaspace   ] GC(455) Metaspace: 23821K(24832K)->23821K(24832K) NonClass: 20896K(21504K)->20896K(21504K) Class: 2925K(3328K)->2925K(3328K)
[305.416s][info][gc             ] GC(455) Pause Young (Allocation Failure) 619M->56M(1998M) 11.642ms
[305.416s][info][gc,cpu         ] GC(455) User=0.02s Sys=0.00s Real=0.02s
[305.537s][info][gc,start       ] GC(456) Pause Young (Allocation Failure)
[305.553s][info][gc,heap        ] GC(456) PSYoungGen: 628379K->0K(650240K)
[305.553s][info][gc,heap        ] GC(456) PSOldGen: 31138K->57880K(1398272K)
[305.553s][info][gc,metaspace   ] GC(456) Metaspace: 23821K(24832K)->23821K(24832K) NonClass: 20896K(21504K)->20896K(21504K) Class: 2925K(3328K)->2925K(3328K)
[305.553s][info][gc             ] GC(456) Pause Young (Allocation Failure) 644M->56M(2000M) 15.821ms
[305.553s][info][gc,cpu         ] GC(456) User=0.08s Sys=0.02s Real=0.03s
[305.621s][info][gc,start       ] GC(457) Pause Young (System.gc())
[305.622s][info][gc,heap        ] GC(457) PSYoungGen: 264688K->646K(653824K)
[305.622s][info][gc,heap        ] GC(457) PSOldGen: 57880K->57880K(1398272K)
[305.622s][info][gc,metaspace   ] GC(457) Metaspace: 23821K(24832K)->23821K(24832K) NonClass: 20896K(21504K)->20896K(21504K) Class: 2925K(3328K)->2925K(3328K)
[305.622s][info][gc             ] GC(457) Pause Young (System.gc()) 315M->57M(2004M) 0.968ms
[305.622s][info][gc,cpu         ] GC(457) User=0.00s Sys=0.00s Real=0.00s
[305.622s][info][gc,start       ] GC(458) Pause Full (System.gc())
[305.622s][info][gc,phases,start] GC(458) Phase 1: Mark live objects
[305.628s][info][gc,phases      ] GC(458) Phase 1: Mark live objects 5.299ms
[305.628s][info][gc,phases,start] GC(458) Phase 2: Compute new object addresses
[305.637s][info][gc,phases      ] GC(458) Phase 2: Compute new object addresses 8.736ms
[305.637s][info][gc,phases,start] GC(458) Phase 3: Adjust pointers
[305.641s][info][gc,phases      ] GC(458) Phase 3: Adjust pointers 4.224ms
[305.641s][info][gc,phases,start] GC(458) Phase 4: Move objects
[305.641s][info][gc,phases      ] GC(458) Phase 4: Move objects 0.010ms
[305.641s][info][gc,heap        ] GC(458) PSYoungGen: 646K->0K(653824K)
[305.641s][info][gc,heap        ] GC(458) PSOldGen: 57880K->57880K(1398272K)
[305.641s][info][gc,metaspace   ] GC(458) Metaspace: 23821K(24832K)->23821K(24832K) NonClass: 20896K(21504K)->20896K(21504K) Class: 2925K(3328K)->2925K(3328K)
[305.641s][info][gc             ] GC(458) Pause Full (System.gc()) 57M->56M(2004M) 18.709ms
[305.641s][info][gc,cpu         ] GC(458) User=0.03s Sys=0.00s Real=0.02s
[307.468s][info][gc,start       ] GC(459) Pause Young (Allocation Failure)
[307.480s][info][gc,heap        ] GC(459) PSYoungGen: 607232K->26165K(633856K)
[307.480s][info][gc,heap        ] GC(459) PSOldGen: 57880K->57880K(1398272K)
[307.480s][info][gc,metaspace   ] GC(459) Metaspace: 23821K(24832K)->23821K(24832K) NonClass: 20896K(21504K)->20896K(21504K) Class: 2925K(3328K)->2925K(3328K)
[307.480s][info][gc             ] GC(459) Pause Young (Allocation Failure) 649M->82M(1984M) 12.227ms
[307.480s][info][gc,cpu         ] GC(459) User=0.00s Sys=0.00s Real=0.02s
[307.603s][info][gc,start       ] GC(460) Pause Young (Allocation Failure)
[307.619s][info][gc,heap        ] GC(460) PSYoungGen: 633397K->0K(652800K)
[307.619s][info][gc,heap        ] GC(460) PSOldGen: 57880K->84039K(1398272K)
[307.619s][info][gc,metaspace   ] GC(460) Metaspace: 23821K(24832K)->23821K(24832K) NonClass: 20896K(21504K)->20896K(21504K) Class: 2925K(3328K)->2925K(3328K)
[307.619s][info][gc             ] GC(460) Pause Young (Allocation Failure) 675M->82M(2003M) 16.160ms
[307.619s][info][gc,cpu         ] GC(460) User=0.09s Sys=0.00s Real=0.03s
[309.459s][info][gc,start       ] GC(461) Pause Young (Allocation Failure)
[309.471s][info][gc,heap        ] GC(461) PSYoungGen: 605184K->26747K(632320K)
[309.471s][info][gc,heap        ] GC(461) PSOldGen: 84039K->84039K(1398272K)
[309.471s][info][gc,metaspace   ] GC(461) Metaspace: 23821K(24832K)->23821K(24832K) NonClass: 20896K(21504K)->20896K(21504K) Class: 2925K(3328K)->2925K(3328K)
[309.471s][info][gc             ] GC(461) Pause Young (Allocation Failure) 673M->108M(1983M) 12.381ms
[309.471s][info][gc,cpu         ] GC(461) User=0.08s Sys=0.02s Real=0.01s
[309.594s][info][gc,start       ] GC(462) Pause Young (Allocation Failure)
[309.610s][info][gc,heap        ] GC(462) PSYoungGen: 631931K->0K(652288K)
[309.610s][info][gc,heap        ] GC(462) PSOldGen: 84039K->110781K(1398272K)
[309.610s][info][gc,metaspace   ] GC(462) Metaspace: 23821K(24832K)->23821K(24832K) NonClass: 20896K(21504K)->20896K(21504K) Class: 2925K(3328K)->2925K(3328K)
[309.610s][info][gc             ] GC(462) Pause Young (Allocation Failure) 699M->108M(2002M) 16.091ms
[309.610s][info][gc,cpu         ] GC(462) User=0.09s Sys=0.00s Real=0.02s
[309.676s][info][gc,start       ] GC(463) Pause Young (System.gc())
[309.677s][info][gc,heap        ] GC(463) PSYoungGen: 253519K->646K(650240K)
[309.677s][info][gc,heap        ] GC(463) PSOldGen: 110781K->110781K(1398272K)
[309.677s][info][gc,metaspace   ] GC(463) Metaspace: 23821K(24832K)->23821K(24832K) NonClass: 20896K(21504K)->20896K(21504K) Class: 2925K(3328K)->2925K(3328K)
[309.677s][info][gc             ] GC(463) Pause Young (System.gc()) 355M->108M(2000M) 1.377ms
[309.677s][info][gc,cpu         ] GC(463) User=0.00s Sys=0.00s Real=0.00s
[309.677s][info][gc,start       ] GC(464) Pause Full (System.gc())
[309.677s][info][gc,phases,start] GC(464) Phase 1: Mark live objects
[309.683s][info][gc,phases      ] GC(464) Phase 1: Mark live objects 5.346ms
[309.683s][info][gc,phases,start] GC(464) Phase 2: Compute new object addresses
[309.691s][info][gc,phases      ] GC(464) Phase 2: Compute new object addresses 8.776ms
[309.691s][info][gc,phases,start] GC(464) Phase 3: Adjust pointers
[309.696s][info][gc,phases      ] GC(464) Phase 3: Adjust pointers 4.183ms
[309.696s][info][gc,phases,start] GC(464) Phase 4: Move objects
[309.696s][info][gc,phases      ] GC(464) Phase 4: Move objects 0.009ms
[309.696s][info][gc,heap        ] GC(464) PSYoungGen: 646K->0K(650240K)
[309.696s][info][gc,heap        ] GC(464) PSOldGen: 110781K->57982K(1398272K)
[309.696s][info][gc,metaspace   ] GC(464) Metaspace: 23821K(24832K)->23821K(24832K) NonClass: 20896K(21504K)->20896K(21504K) Class: 2925K(3328K)->2925K(3328K)
[309.696s][info][gc             ] GC(464) Pause Full (System.gc()) 108M->56M(2000M) 18.773ms
[309.696s][info][gc,cpu         ] GC(464) User=0.02s Sys=0.00s Real=0.02s
[311.521s][info][gc,start       ] GC(465) Pause Young (Allocation Failure)
[311.533s][info][gc,heap        ] GC(465) PSYoungGen: 603648K->26183K(648704K)
[311.533s][info][gc,heap        ] GC(465) PSOldGen: 57982K->57982K(1398272K)
[311.533s][info][gc,metaspace   ] GC(465) Metaspace: 23821K(24832K)->23821K(24832K) NonClass: 20896K(21504K)->20896K(21504K) Class: 2925K(3328K)->2925K(3328K)
[311.533s][info][gc             ] GC(465) Pause Young (Allocation Failure) 646M->82M(1999M) 11.189ms
[311.533s][info][gc,cpu         ] GC(465) User=0.09s Sys=0.00s Real=0.02s
[311.656s][info][gc,start       ] GC(466) Pause Young (Allocation Failure)
[311.672s][info][gc,heap        ] GC(466) PSYoungGen: 629831K->0K(651264K)
[311.672s][info][gc,heap        ] GC(466) PSOldGen: 57982K->84117K(1398272K)
[311.672s][info][gc,metaspace   ] GC(466) Metaspace: 23821K(24832K)->23821K(24832K) NonClass: 20896K(21504K)->20896K(21504K) Class: 2925K(3328K)->2925K(3328K)
[311.672s][info][gc             ] GC(466) Pause Young (Allocation Failure) 671M->82M(2001M) 15.900ms
[311.672s][info][gc,cpu         ] GC(466) User=0.09s Sys=0.00s Real=0.02s
[313.512s][info][gc,start       ] GC(467) Pause Young (Allocation Failure)
[313.523s][info][gc,heap        ] GC(467) PSYoungGen: 603648K->26779K(647680K)
[313.523s][info][gc,heap        ] GC(467) PSOldGen: 84117K->84117K(1398272K)
[313.523s][info][gc,metaspace   ] GC(467) Metaspace: 23821K(24832K)->23821K(24832K) NonClass: 20896K(21504K)->20896K(21504K) Class: 2925K(3328K)->2925K(3328K)
[313.523s][info][gc             ] GC(467) Pause Young (Allocation Failure) 671M->108M(1998M) 11.926ms
[313.523s][info][gc,cpu         ] GC(467) User=0.09s Sys=0.00s Real=0.01s
[313.646s][info][gc,start       ] GC(468) Pause Young (Allocation Failure)
[313.662s][info][gc,heap        ] GC(468) PSYoungGen: 628379K->0K(650240K)
[313.662s][info][gc,heap        ] GC(468) PSOldGen: 84117K->110835K(1398272K)
[313.662s][info][gc,metaspace   ] GC(468) Metaspace: 23821K(24832K)->23821K(24832K) NonClass: 20896K(21504K)->20896K(21504K) Class: 2925K(3328K)->2925K(3328K)
[313.662s][info][gc             ] GC(468) Pause Young (Allocation Failure) 695M->108M(2000M) 16.568ms
[313.662s][info][gc,cpu         ] GC(468) User=0.09s Sys=0.00s Real=0.02s
[313.730s][info][gc,start       ] GC(469) Pause Young (System.gc())
[313.732s][info][gc,heap        ] GC(469) PSYoungGen: 264688K->646K(653824K)
[313.732s][info][gc,heap        ] GC(469) PSOldGen: 110835K->110835K(1398272K)
[313.732s][info][gc,metaspace   ] GC(469) Metaspace: 23821K(24832K)->23821K(24832K) NonClass: 20896K(21504K)->20896K(21504K) Class: 2925K(3328K)->2925K(3328K)
[313.732s][info][gc             ] GC(469) Pause Young (System.gc()) 366M->108M(2004M) 1.273ms
[313.732s][info][gc,cpu         ] GC(469) User=0.00s Sys=0.00s Real=0.00s
[313.732s][info][gc,start       ] GC(470) Pause Full (System.gc())
[313.732s][info][gc,phases,start] GC(470) Phase 1: Mark live objects
[313.737s][info][gc,phases      ] GC(470) Phase 1: Mark live objects 5.300ms
[313.737s][info][gc,phases,start] GC(470) Phase 2: Compute new object addresses
[313.746s][info][gc,phases      ] GC(470) Phase 2: Compute new object addresses 8.733ms
[313.746s][info][gc,phases,start] GC(470) Phase 3: Adjust pointers
[313.750s][info][gc,phases      ] GC(470) Phase 3: Adjust pointers 4.271ms
[313.750s][info][gc,phases,start] GC(470) Phase 4: Move objects
[313.750s][info][gc,phases      ] GC(470) Phase 4: Move objects 0.009ms
[313.750s][info][gc,heap        ] GC(470) PSYoungGen: 646K->0K(653824K)
[313.750s][info][gc,heap        ] GC(470) PSOldGen: 110835K->58060K(1398272K)
[313.750s][info][gc,metaspace   ] GC(470) Metaspace: 23821K(24832K)->23821K(24832K) NonClass: 20896K(21504K)->20896K(21504K) Class: 2925K(3328K)->2925K(3328K)
[313.750s][info][gc             ] GC(470) Pause Full (System.gc()) 108M->56M(2004M) 18.764ms
[313.750s][info][gc,cpu         ] GC(470) User=0.03s Sys=0.00s Real=0.02s
[315.573s][info][gc,start       ] GC(471) Pause Young (Allocation Failure)
[315.585s][info][gc,heap        ] GC(471) PSYoungGen: 607232K->26133K(633856K)
[315.585s][info][gc,heap        ] GC(471) PSOldGen: 58060K->58060K(1398272K)
[315.585s][info][gc,metaspace   ] GC(471) Metaspace: 23821K(24832K)->23821K(24832K) NonClass: 20896K(21504K)->20896K(21504K) Class: 2925K(3328K)->2925K(3328K)
[315.585s][info][gc             ] GC(471) Pause Young (Allocation Failure) 649M->82M(1984M) 12.288ms
[315.585s][info][gc,cpu         ] GC(471) User=0.09s Sys=0.00s Real=0.01s
[315.709s][info][gc,start       ] GC(472) Pause Young (Allocation Failure)
[315.724s][info][gc,heap        ] GC(472) PSYoungGen: 633365K->0K(652800K)
[315.724s][info][gc,heap        ] GC(472) PSOldGen: 58060K->84204K(1398272K)
[315.724s][info][gc,metaspace   ] GC(472) Metaspace: 23821K(24832K)->23821K(24832K) NonClass: 20896K(21504K)->20896K(21504K) Class: 2925K(3328K)->2925K(3328K)
[315.724s][info][gc             ] GC(472) Pause Young (Allocation Failure) 675M->82M(2003M) 15.691ms
[315.724s][info][gc,cpu         ] GC(472) User=0.09s Sys=0.00s Real=0.02s
[317.578s][info][gc,start       ] GC(473) Pause Young (Allocation Failure)
[317.591s][info][gc,heap        ] GC(473) PSYoungGen: 605184K->26715K(632320K)
[317.591s][info][gc,heap        ] GC(473) PSOldGen: 84204K->84204K(1398272K)
[317.591s][info][gc,metaspace   ] GC(473) Metaspace: 23821K(24832K)->23821K(24832K) NonClass: 20896K(21504K)->20896K(21504K) Class: 2925K(3328K)->2925K(3328K)
[317.591s][info][gc             ] GC(473) Pause Young (Allocation Failure) 673M->108M(1983M) 13.046ms
[317.591s][info][gc,cpu         ] GC(473) User=0.00s Sys=0.00s Real=0.02s
[317.713s][info][gc,start       ] GC(474) Pause Young (Allocation Failure)
[317.728s][info][gc,heap        ] GC(474) PSYoungGen: 631899K->0K(652288K)
[317.728s][info][gc,heap        ] GC(474) PSOldGen: 84204K->110937K(1398272K)
[317.728s][info][gc,metaspace   ] GC(474) Metaspace: 23821K(24832K)->23821K(24832K) NonClass: 20896K(21504K)->20896K(21504K) Class: 2925K(3328K)->2925K(3328K)
[317.728s][info][gc             ] GC(474) Pause Young (Allocation Failure) 699M->108M(2002M) 15.452ms
[317.729s][info][gc,cpu         ] GC(474) User=0.09s Sys=0.00s Real=0.01s
[317.794s][info][gc,start       ] GC(475) Pause Young (System.gc())
[317.796s][info][gc,heap        ] GC(475) PSYoungGen: 253519K->678K(650240K)
[317.796s][info][gc,heap        ] GC(475) PSOldGen: 110937K->110937K(1398272K)
[317.796s][info][gc,metaspace   ] GC(475) Metaspace: 23821K(24832K)->23821K(24832K) NonClass: 20896K(21504K)->20896K(21504K) Class: 2925K(3328K)->2925K(3328K)
[317.796s][info][gc             ] GC(475) Pause Young (System.gc()) 355M->109M(2000M) 1.305ms
[317.796s][info][gc,cpu         ] GC(475) User=0.02s Sys=0.00s Real=0.00s
[317.796s][info][gc,start       ] GC(476) Pause Full (System.gc())
[317.796s][info][gc,phases,start] GC(476) Phase 1: Mark live objects
[317.801s][info][gc,phases      ] GC(476) Phase 1: Mark live objects 5.285ms
[317.801s][info][gc,phases,start] GC(476) Phase 2: Compute new object addresses
[317.810s][info][gc,phases      ] GC(476) Phase 2: Compute new object addresses 8.702ms
[317.810s][info][gc,phases,start] GC(476) Phase 3: Adjust pointers
[317.814s][info][gc,phases      ] GC(476) Phase 3: Adjust pointers 4.286ms
[317.814s][info][gc,phases,start] GC(476) Phase 4: Move objects
[317.814s][info][gc,phases      ] GC(476) Phase 4: Move objects 0.009ms
[317.814s][info][gc,heap        ] GC(476) PSYoungGen: 678K->0K(650240K)
[317.814s][info][gc,heap        ] GC(476) PSOldGen: 110937K->4986K(1398272K)
[317.814s][info][gc,metaspace   ] GC(476) Metaspace: 23821K(24832K)->23821K(24832K) NonClass: 20896K(21504K)->20896K(21504K) Class: 2925K(3328K)->2925K(3328K)
[317.814s][info][gc             ] GC(476) Pause Full (System.gc()) 109M->4M(2000M) 18.724ms
[317.814s][info][gc,cpu         ] GC(476) User=0.02s Sys=0.00s Real=0.02s
[319.636s][info][gc,start       ] GC(477) Pause Young (Allocation Failure)
[319.647s][info][gc,heap        ] GC(477) PSYoungGen: 603648K->26197K(648704K)
[319.647s][info][gc,heap        ] GC(477) PSOldGen: 4986K->4986K(1398272K)
[319.647s][info][gc,metaspace   ] GC(477) Metaspace: 23821K(24832K)->23821K(24832K) NonClass: 20896K(21504K)->20896K(21504K) Class: 2925K(3328K)->2925K(3328K)
[319.647s][info][gc             ] GC(477) Pause Young (Allocation Failure) 594M->30M(1999M) 11.421ms
[319.647s][info][gc,cpu         ] GC(477) User=0.09s Sys=0.00s Real=0.02s
[319.771s][info][gc,start       ] GC(478) Pause Young (Allocation Failure)
[319.786s][info][gc,heap        ] GC(478) PSYoungGen: 629845K->0K(651264K)
[319.786s][info][gc,heap        ] GC(478) PSOldGen: 4986K->31138K(1398272K)
[319.786s][info][gc,metaspace   ] GC(478) Metaspace: 23821K(24832K)->23821K(24832K) NonClass: 20896K(21504K)->20896K(21504K) Class: 2925K(3328K)->2925K(3328K)
[319.786s][info][gc             ] GC(478) Pause Young (Allocation Failure) 619M->30M(2001M) 15.709ms
[319.786s][info][gc,cpu         ] GC(478) User=0.09s Sys=0.00s Real=0.02s
[321.624s][info][gc,start       ] GC(479) Pause Young (Allocation Failure)
[321.638s][info][gc,heap        ] GC(479) PSYoungGen: 603648K->26733K(647680K)
[321.638s][info][gc,heap        ] GC(479) PSOldGen: 31138K->31138K(1398272K)
[321.638s][info][gc,metaspace   ] GC(479) Metaspace: 23821K(24832K)->23821K(24832K) NonClass: 20896K(21504K)->20896K(21504K) Class: 2925K(3328K)->2925K(3328K)
[321.638s][info][gc             ] GC(479) Pause Young (Allocation Failure) 619M->56M(1998M) 13.625ms
[321.638s][info][gc,cpu         ] GC(479) User=0.00s Sys=0.00s Real=0.02s
[321.759s][info][gc,start       ] GC(480) Pause Young (Allocation Failure)
[321.775s][info][gc,heap        ] GC(480) PSYoungGen: 628333K->0K(650240K)
[321.775s][info][gc,heap        ] GC(480) PSOldGen: 31138K->57880K(1398272K)
[321.775s][info][gc,metaspace   ] GC(480) Metaspace: 23821K(24832K)->23821K(24832K) NonClass: 20896K(21504K)->20896K(21504K) Class: 2925K(3328K)->2925K(3328K)
[321.775s][info][gc             ] GC(480) Pause Young (Allocation Failure) 644M->56M(2000M) 16.062ms
[321.776s][info][gc,cpu         ] GC(480) User=0.09s Sys=0.00s Real=0.03s
[321.845s][info][gc,start       ] GC(481) Pause Young (System.gc())
[321.846s][info][gc,heap        ] GC(481) PSYoungGen: 264689K->614K(653824K)
[321.846s][info][gc,heap        ] GC(481) PSOldGen: 57880K->57880K(1398272K)
[321.846s][info][gc,metaspace   ] GC(481) Metaspace: 23821K(24832K)->23821K(24832K) NonClass: 20896K(21504K)->20896K(21504K) Class: 2925K(3328K)->2925K(3328K)
[321.846s][info][gc             ] GC(481) Pause Young (System.gc()) 315M->57M(2004M) 1.154ms
[321.846s][info][gc,cpu         ] GC(481) User=0.00s Sys=0.00s Real=0.00s
[321.846s][info][gc,start       ] GC(482) Pause Full (System.gc())
[321.846s][info][gc,phases,start] GC(482) Phase 1: Mark live objects
[321.851s][info][gc,phases      ] GC(482) Phase 1: Mark live objects 5.303ms
[321.851s][info][gc,phases,start] GC(482) Phase 2: Compute new object addresses
[321.860s][info][gc,phases      ] GC(482) Phase 2: Compute new object addresses 8.767ms
[321.860s][info][gc,phases,start] GC(482) Phase 3: Adjust pointers
[321.864s][info][gc,phases      ] GC(482) Phase 3: Adjust pointers 4.112ms
[321.864s][info][gc,phases,start] GC(482) Phase 4: Move objects
[321.864s][info][gc,phases      ] GC(482) Phase 4: Move objects 0.009ms
[321.865s][info][gc,heap        ] GC(482) PSYoungGen: 614K->0K(653824K)
[321.865s][info][gc,heap        ] GC(482) PSOldGen: 57880K->57880K(1398272K)
[321.865s][info][gc,metaspace   ] GC(482) Metaspace: 23821K(24832K)->23821K(24832K) NonClass: 20896K(21504K)->20896K(21504K) Class: 2925K(3328K)->2925K(3328K)
[321.865s][info][gc             ] GC(482) Pause Full (System.gc()) 57M->56M(2004M) 18.624ms
[321.865s][info][gc,cpu         ] GC(482) User=0.02s Sys=0.00s Real=0.02s
[323.688s][info][gc,start       ] GC(483) Pause Young (Allocation Failure)
[323.699s][info][gc,heap        ] GC(483) PSYoungGen: 607232K->26165K(633856K)
[323.699s][info][gc,heap        ] GC(483) PSOldGen: 57880K->57880K(1398272K)
[323.699s][info][gc,metaspace   ] GC(483) Metaspace: 23822K(24832K)->23822K(24832K) NonClass: 20896K(21504K)->20896K(21504K) Class: 2925K(3328K)->2925K(3328K)
[323.699s][info][gc             ] GC(483) Pause Young (Allocation Failure) 649M->82M(1984M) 11.195ms
[323.699s][info][gc,cpu         ] GC(483) User=0.00s Sys=0.00s Real=0.02s
[323.822s][info][gc,start       ] GC(484) Pause Young (Allocation Failure)
[323.840s][info][gc,heap        ] GC(484) PSYoungGen: 633397K->0K(652800K)
[323.840s][info][gc,heap        ] GC(484) PSOldGen: 57880K->84031K(1398272K)
[323.840s][info][gc,metaspace   ] GC(484) Metaspace: 23822K(24832K)->23822K(24832K) NonClass: 20896K(21504K)->20896K(21504K) Class: 2925K(3328K)->2925K(3328K)
[323.840s][info][gc             ] GC(484) Pause Young (Allocation Failure) 675M->82M(2003M) 17.766ms
[323.840s][info][gc,cpu         ] GC(484) User=0.09s Sys=0.00s Real=0.02s
[325.678s][info][gc,start       ] GC(485) Pause Young (Allocation Failure)
[325.689s][info][gc,heap        ] GC(485) PSYoungGen: 605184K->26779K(632320K)
[325.689s][info][gc,heap        ] GC(485) PSOldGen: 84031K->84031K(1398272K)
[325.689s][info][gc,metaspace   ] GC(485) Metaspace: 23822K(24832K)->23822K(24832K) NonClass: 20896K(21504K)->20896K(21504K) Class: 2925K(3328K)->2925K(3328K)
[325.689s][info][gc             ] GC(485) Pause Young (Allocation Failure) 673M->108M(1983M) 11.869ms
[325.689s][info][gc,cpu         ] GC(485) User=0.09s Sys=0.00s Real=0.01s
[325.812s][info][gc,start       ] GC(486) Pause Young (Allocation Failure)
[325.828s][info][gc,heap        ] GC(486) PSYoungGen: 631963K->0K(652288K)
[325.828s][info][gc,heap        ] GC(486) PSOldGen: 84031K->110773K(1398272K)
[325.828s][info][gc,metaspace   ] GC(486) Metaspace: 23822K(24832K)->23822K(24832K) NonClass: 20896K(21504K)->20896K(21504K) Class: 2925K(3328K)->2925K(3328K)
[325.828s][info][gc             ] GC(486) Pause Young (Allocation Failure) 699M->108M(2002M) 16.094ms
[325.828s][info][gc,cpu         ] GC(486) User=0.09s Sys=0.00s Real=0.02s
[325.894s][info][gc,start       ] GC(487) Pause Young (System.gc())
[325.895s][info][gc,heap        ] GC(487) PSYoungGen: 253519K->678K(650240K)
[325.895s][info][gc,heap        ] GC(487) PSOldGen: 110773K->110773K(1398272K)
[325.895s][info][gc,metaspace   ] GC(487) Metaspace: 23822K(24832K)->23822K(24832K) NonClass: 20896K(21504K)->20896K(21504K) Class: 2925K(3328K)->2925K(3328K)
[325.895s][info][gc             ] GC(487) Pause Young (System.gc()) 355M->108M(2000M) 1.328ms
[325.895s][info][gc,cpu         ] GC(487) User=0.00s Sys=0.00s Real=0.00s
[325.895s][info][gc,start       ] GC(488) Pause Full (System.gc())
[325.895s][info][gc,phases,start] GC(488) Phase 1: Mark live objects
[325.900s][info][gc,phases      ] GC(488) Phase 1: Mark live objects 5.295ms
[325.901s][info][gc,phases,start] GC(488) Phase 2: Compute new object addresses
[325.909s][info][gc,phases      ] GC(488) Phase 2: Compute new object addresses 8.807ms
[325.909s][info][gc,phases,start] GC(488) Phase 3: Adjust pointers
[325.913s][info][gc,phases      ] GC(488) Phase 3: Adjust pointers 4.133ms
[325.914s][info][gc,phases,start] GC(488) Phase 4: Move objects
[325.914s][info][gc,phases      ] GC(488) Phase 4: Move objects 0.009ms
[325.914s][info][gc,heap        ] GC(488) PSYoungGen: 678K->0K(650240K)
[325.914s][info][gc,heap        ] GC(488) PSOldGen: 110773K->57958K(1398272K)
[325.914s][info][gc,metaspace   ] GC(488) Metaspace: 23822K(24832K)->23822K(24832K) NonClass: 20896K(21504K)->20896K(21504K) Class: 2925K(3328K)->2925K(3328K)
[325.914s][info][gc             ] GC(488) Pause Full (System.gc()) 108M->56M(2000M) 18.682ms
[325.914s][info][gc,cpu         ] GC(488) User=0.02s Sys=0.00s Real=0.02s
[327.741s][info][gc,start       ] GC(489) Pause Young (Allocation Failure)
[327.752s][info][gc,heap        ] GC(489) PSYoungGen: 603648K->26165K(648704K)
[327.752s][info][gc,heap        ] GC(489) PSOldGen: 57958K->57958K(1398272K)
[327.752s][info][gc,metaspace   ] GC(489) Metaspace: 23822K(24832K)->23822K(24832K) NonClass: 20896K(21504K)->20896K(21504K) Class: 2925K(3328K)->2925K(3328K)
[327.752s][info][gc             ] GC(489) Pause Young (Allocation Failure) 646M->82M(1999M) 11.195ms
[327.752s][info][gc,cpu         ] GC(489) User=0.09s Sys=0.00s Real=0.01s
[327.875s][info][gc,start       ] GC(490) Pause Young (Allocation Failure)
[327.890s][info][gc,heap        ] GC(490) PSYoungGen: 629813K->0K(651264K)
[327.890s][info][gc,heap        ] GC(490) PSOldGen: 57958K->84118K(1398272K)
[327.890s][info][gc,metaspace   ] GC(490) Metaspace: 23822K(24832K)->23822K(24832K) NonClass: 20896K(21504K)->20896K(21504K) Class: 2925K(3328K)->2925K(3328K)
[327.890s][info][gc             ] GC(490) Pause Young (Allocation Failure) 671M->82M(2001M) 15.688ms
[327.890s][info][gc,cpu         ] GC(490) User=0.09s Sys=0.00s Real=0.02s
[329.729s][info][gc,start       ] GC(491) Pause Young (Allocation Failure)
[329.746s][info][gc,heap        ] GC(491) PSYoungGen: 603648K->26765K(647680K)
[329.746s][info][gc,heap        ] GC(491) PSOldGen: 84118K->84118K(1398272K)
[329.746s][info][gc,metaspace   ] GC(491) Metaspace: 23822K(24832K)->23822K(24832K) NonClass: 20896K(21504K)->20896K(21504K) Class: 2925K(3328K)->2925K(3328K)
[329.746s][info][gc             ] GC(491) Pause Young (Allocation Failure) 671M->108M(1998M) 16.107ms
[329.746s][info][gc,cpu         ] GC(491) User=0.09s Sys=0.00s Real=0.02s
[329.867s][info][gc,start       ] GC(492) Pause Young (Allocation Failure)
[329.883s][info][gc,heap        ] GC(492) PSYoungGen: 628365K->0K(650240K)
[329.883s][info][gc,heap        ] GC(492) PSOldGen: 84118K->110859K(1398272K)
[329.883s][info][gc,metaspace   ] GC(492) Metaspace: 23822K(24832K)->23822K(24832K) NonClass: 20896K(21504K)->20896K(21504K) Class: 2925K(3328K)->2925K(3328K)
[329.883s][info][gc             ] GC(492) Pause Young (Allocation Failure) 695M->108M(2000M) 16.037ms
[329.883s][info][gc,cpu         ] GC(492) User=0.09s Sys=0.00s Real=0.02s
[329.952s][info][gc,start       ] GC(493) Pause Young (System.gc())
[329.953s][info][gc,heap        ] GC(493) PSYoungGen: 264688K->678K(653824K)
[329.953s][info][gc,heap        ] GC(493) PSOldGen: 110859K->110859K(1398272K)
[329.953s][info][gc,metaspace   ] GC(493) Metaspace: 23822K(24832K)->23822K(24832K) NonClass: 20896K(21504K)->20896K(21504K) Class: 2925K(3328K)->2925K(3328K)
[329.953s][info][gc             ] GC(493) Pause Young (System.gc()) 366M->108M(2004M) 1.322ms
[329.953s][info][gc,cpu         ] GC(493) User=0.00s Sys=0.00s Real=0.00s
[329.953s][info][gc,start       ] GC(494) Pause Full (System.gc())
[329.953s][info][gc,phases,start] GC(494) Phase 1: Mark live objects
[329.959s][info][gc,phases      ] GC(494) Phase 1: Mark live objects 5.316ms
[329.959s][info][gc,phases,start] GC(494) Phase 2: Compute new object addresses
[329.968s][info][gc,phases      ] GC(494) Phase 2: Compute new object addresses 8.688ms
[329.968s][info][gc,phases,start] GC(494) Phase 3: Adjust pointers
[329.972s][info][gc,phases      ] GC(494) Phase 3: Adjust pointers 4.227ms
[329.972s][info][gc,phases,start] GC(494) Phase 4: Move objects
[329.972s][info][gc,phases      ] GC(494) Phase 4: Move objects 0.009ms
[329.972s][info][gc,heap        ] GC(494) PSYoungGen: 678K->0K(653824K)
[329.972s][info][gc,heap        ] GC(494) PSOldGen: 110859K->58044K(1398272K)
[329.972s][info][gc,metaspace   ] GC(494) Metaspace: 23822K(24832K)->23822K(24832K) NonClass: 20896K(21504K)->20896K(21504K) Class: 2925K(3328K)->2925K(3328K)
[329.972s][info][gc             ] GC(494) Pause Full (System.gc()) 108M->56M(2004M) 18.681ms
[329.972s][info][gc,cpu         ] GC(494) User=0.02s Sys=0.00s Real=0.02s
[331.799s][info][gc,start       ] GC(495) Pause Young (Allocation Failure)
[331.811s][info][gc,heap        ] GC(495) PSYoungGen: 607232K->26165K(633856K)
[331.811s][info][gc,heap        ] GC(495) PSOldGen: 58044K->58044K(1398272K)
[331.811s][info][gc,metaspace   ] GC(495) Metaspace: 23822K(24832K)->23822K(24832K) NonClass: 20896K(21504K)->20896K(21504K) Class: 2925K(3328K)->2925K(3328K)
[331.811s][info][gc             ] GC(495) Pause Young (Allocation Failure) 649M->82M(1984M) 11.542ms
[331.811s][info][gc,cpu         ] GC(495) User=0.09s Sys=0.00s Real=0.01s
[331.933s][info][gc,start       ] GC(496) Pause Young (Allocation Failure)
[331.948s][info][gc,heap        ] GC(496) PSYoungGen: 633397K->0K(652800K)
[331.948s][info][gc,heap        ] GC(496) PSOldGen: 58044K->84212K(1398272K)
[331.948s][info][gc,metaspace   ] GC(496) Metaspace: 23822K(24832K)->23822K(24832K) NonClass: 20896K(21504K)->20896K(21504K) Class: 2925K(3328K)->2925K(3328K)
[331.948s][info][gc             ] GC(496) Pause Young (Allocation Failure) 675M->82M(2003M) 15.173ms
[331.948s][info][gc,cpu         ] GC(496) User=0.09s Sys=0.00s Real=0.02s
[333.788s][info][gc,start       ] GC(497) Pause Young (Allocation Failure)
[333.800s][info][gc,heap        ] GC(497) PSYoungGen: 605184K->26701K(632320K)
[333.800s][info][gc,heap        ] GC(497) PSOldGen: 84212K->84212K(1398272K)
[333.800s][info][gc,metaspace   ] GC(497) Metaspace: 23822K(24832K)->23822K(24832K) NonClass: 20896K(21504K)->20896K(21504K) Class: 2925K(3328K)->2925K(3328K)
[333.800s][info][gc             ] GC(497) Pause Young (Allocation Failure) 673M->108M(1983M) 11.978ms
[333.800s][info][gc,cpu         ] GC(497) User=0.09s Sys=0.00s Real=0.01s
[333.923s][info][gc,start       ] GC(498) Pause Young (Allocation Failure)
[333.939s][info][gc,heap        ] GC(498) PSYoungGen: 631885K->0K(652288K)
[333.939s][info][gc,heap        ] GC(498) PSOldGen: 84212K->110946K(1398272K)
[333.939s][info][gc,metaspace   ] GC(498) Metaspace: 23822K(24832K)->23822K(24832K) NonClass: 20896K(21504K)->20896K(21504K) Class: 2925K(3328K)->2925K(3328K)
[333.939s][info][gc             ] GC(498) Pause Young (Allocation Failure) 699M->108M(2002M) 15.567ms
[333.939s][info][gc,cpu         ] GC(498) User=0.09s Sys=0.00s Real=0.02s
[334.005s][info][gc,start       ] GC(499) Pause Young (System.gc())
[334.006s][info][gc,heap        ] GC(499) PSYoungGen: 253519K->646K(650240K)
[334.006s][info][gc,heap        ] GC(499) PSOldGen: 110946K->110946K(1398272K)
[334.006s][info][gc,metaspace   ] GC(499) Metaspace: 23822K(24832K)->23822K(24832K) NonClass: 20896K(21504K)->20896K(21504K) Class: 2925K(3328K)->2925K(3328K)
[334.006s][info][gc             ] GC(499) Pause Young (System.gc()) 355M->108M(2000M) 1.309ms
[334.006s][info][gc,cpu         ] GC(499) User=0.00s Sys=0.00s Real=0.00s
[334.006s][info][gc,start       ] GC(500) Pause Full (System.gc())
[334.006s][info][gc,phases,start] GC(500) Phase 1: Mark live objects
[334.011s][info][gc,phases      ] GC(500) Phase 1: Mark live objects 5.295ms
[334.011s][info][gc,phases,start] GC(500) Phase 2: Compute new object addresses
[334.020s][info][gc,phases      ] GC(500) Phase 2: Compute new object addresses 8.805ms
[334.020s][info][gc,phases,start] GC(500) Phase 3: Adjust pointers
[334.024s][info][gc,phases      ] GC(500) Phase 3: Adjust pointers 4.129ms
[334.024s][info][gc,phases,start] GC(500) Phase 4: Move objects
[334.024s][info][gc,phases      ] GC(500) Phase 4: Move objects 0.010ms
[334.025s][info][gc,heap        ] GC(500) PSYoungGen: 646K->0K(650240K)
[334.025s][info][gc,heap        ] GC(500) PSOldGen: 110946K->4986K(1398272K)
[334.025s][info][gc,metaspace   ] GC(500) Metaspace: 23822K(24832K)->23822K(24832K) NonClass: 20896K(21504K)->20896K(21504K) Class: 2925K(3328K)->2925K(3328K)
[334.025s][info][gc             ] GC(500) Pause Full (System.gc()) 108M->4M(2000M) 18.697ms
[334.025s][info][gc,cpu         ] GC(500) User=0.02s Sys=0.00s Real=0.02s
[335.852s][info][gc,start       ] GC(501) Pause Young (Allocation Failure)
[335.863s][info][gc,heap        ] GC(501) PSYoungGen: 603648K->26133K(648704K)
[335.863s][info][gc,heap        ] GC(501) PSOldGen: 4986K->4986K(1398272K)
[335.863s][info][gc,metaspace   ] GC(501) Metaspace: 23822K(24832K)->23822K(24832K) NonClass: 20896K(21504K)->20896K(21504K) Class: 2925K(3328K)->2925K(3328K)
[335.863s][info][gc             ] GC(501) Pause Young (Allocation Failure) 594M->30M(1999M) 11.357ms
[335.863s][info][gc,cpu         ] GC(501) User=0.09s Sys=0.00s Real=0.01s
[335.985s][info][gc,start       ] GC(502) Pause Young (Allocation Failure)
[336.001s][info][gc,heap        ] GC(502) PSYoungGen: 629781K->0K(651264K)
[336.001s][info][gc,heap        ] GC(502) PSOldGen: 4986K->31122K(1398272K)
[336.001s][info][gc,metaspace   ] GC(502) Metaspace: 23822K(24832K)->23822K(24832K) NonClass: 20896K(21504K)->20896K(21504K) Class: 2925K(3328K)->2925K(3328K)
[336.001s][info][gc             ] GC(502) Pause Young (Allocation Failure) 619M->30M(2001M) 15.930ms
[336.001s][info][gc,cpu         ] GC(502) User=0.09s Sys=0.00s Real=0.02s
[337.840s][info][gc,start       ] GC(503) Pause Young (Allocation Failure)
[337.853s][info][gc,heap        ] GC(503) PSYoungGen: 603648K->26765K(647680K)
[337.853s][info][gc,heap        ] GC(503) PSOldGen: 31122K->31122K(1398272K)
[337.853s][info][gc,metaspace   ] GC(503) Metaspace: 23822K(24832K)->23822K(24832K) NonClass: 20896K(21504K)->20896K(21504K) Class: 2925K(3328K)->2925K(3328K)
[337.853s][info][gc             ] GC(503) Pause Young (Allocation Failure) 619M->56M(1998M) 13.187ms
[337.853s][info][gc,cpu         ] GC(503) User=0.09s Sys=0.00s Real=0.02s
[337.975s][info][gc,start       ] GC(504) Pause Young (Allocation Failure)
[337.992s][info][gc,heap        ] GC(504) PSYoungGen: 628365K->0K(650240K)
[337.992s][info][gc,heap        ] GC(504) PSOldGen: 31122K->57864K(1398272K)
[337.992s][info][gc,metaspace   ] GC(504) Metaspace: 23822K(24832K)->23822K(24832K) NonClass: 20896K(21504K)->20896K(21504K) Class: 2925K(3328K)->2925K(3328K)
[337.992s][info][gc             ] GC(504) Pause Young (Allocation Failure) 644M->56M(2000M) 16.862ms
[337.992s][info][gc,cpu         ] GC(504) User=0.09s Sys=0.00s Real=0.03s
[338.061s][info][gc,start       ] GC(505) Pause Young (System.gc())
[338.062s][info][gc,heap        ] GC(505) PSYoungGen: 264688K->710K(653824K)
[338.062s][info][gc,heap        ] GC(505) PSOldGen: 57864K->57864K(1398272K)
[338.062s][info][gc,metaspace   ] GC(505) Metaspace: 23822K(24832K)->23822K(24832K) NonClass: 20896K(21504K)->20896K(21504K) Class: 2925K(3328K)->2925K(3328K)
[338.062s][info][gc             ] GC(505) Pause Young (System.gc()) 314M->57M(2004M) 1.131ms
[338.062s][info][gc,cpu         ] GC(505) User=0.00s Sys=0.00s Real=0.00s
[338.062s][info][gc,start       ] GC(506) Pause Full (System.gc())
[338.062s][info][gc,phases,start] GC(506) Phase 1: Mark live objects
[338.067s][info][gc,phases      ] GC(506) Phase 1: Mark live objects 5.300ms
[338.067s][info][gc,phases,start] GC(506) Phase 2: Compute new object addresses
[338.076s][info][gc,phases      ] GC(506) Phase 2: Compute new object addresses 8.651ms
[338.076s][info][gc,phases,start] GC(506) Phase 3: Adjust pointers
[338.080s][info][gc,phases      ] GC(506) Phase 3: Adjust pointers 4.268ms
[338.080s][info][gc,phases,start] GC(506) Phase 4: Move objects
[338.080s][info][gc,phases      ] GC(506) Phase 4: Move objects 0.009ms
[338.080s][info][gc,heap        ] GC(506) PSYoungGen: 710K->0K(653824K)
[338.080s][info][gc,heap        ] GC(506) PSOldGen: 57864K->57864K(1398272K)
[338.080s][info][gc,metaspace   ] GC(506) Metaspace: 23822K(24832K)->23822K(24832K) NonClass: 20896K(21504K)->20896K(21504K) Class: 2925K(3328K)->2925K(3328K)
[338.080s][info][gc             ] GC(506) Pause Full (System.gc()) 57M->56M(2004M) 18.764ms
[338.080s][info][gc,cpu         ] GC(506) User=0.02s Sys=0.00s Real=0.02s
[339.904s][info][gc,start       ] GC(507) Pause Young (Allocation Failure)
[339.916s][info][gc,heap        ] GC(507) PSYoungGen: 607232K->26133K(633856K)
[339.916s][info][gc,heap        ] GC(507) PSOldGen: 57864K->57864K(1398272K)
[339.916s][info][gc,metaspace   ] GC(507) Metaspace: 23822K(24832K)->23822K(24832K) NonClass: 20896K(21504K)->20896K(21504K) Class: 2925K(3328K)->2925K(3328K)
[339.916s][info][gc             ] GC(507) Pause Young (Allocation Failure) 649M->82M(1984M) 11.374ms
[339.916s][info][gc,cpu         ] GC(507) User=0.00s Sys=0.00s Real=0.01s
[340.039s][info][gc,start       ] GC(508) Pause Young (Allocation Failure)
[340.055s][info][gc,heap        ] GC(508) PSYoungGen: 633365K->0K(652800K)
[340.055s][info][gc,heap        ] GC(508) PSOldGen: 57864K->84015K(1398272K)
[340.055s][info][gc,metaspace   ] GC(508) Metaspace: 23822K(24832K)->23822K(24832K) NonClass: 20896K(21504K)->20896K(21504K) Class: 2925K(3328K)->2925K(3328K)
[340.055s][info][gc             ] GC(508) Pause Young (Allocation Failure) 675M->82M(2003M) 16.579ms
[340.055s][info][gc,cpu         ] GC(508) User=0.09s Sys=0.00s Real=0.01s
[341.897s][info][gc,start       ] GC(509) Pause Young (Allocation Failure)
[341.909s][info][gc,heap        ] GC(509) PSYoungGen: 605184K->26701K(632320K)
[341.909s][info][gc,heap        ] GC(509) PSOldGen: 84015K->84015K(1398272K)
[341.909s][info][gc,metaspace   ] GC(509) Metaspace: 23822K(24832K)->23822K(24832K) NonClass: 20896K(21504K)->20896K(21504K) Class: 2925K(3328K)->2925K(3328K)
[341.909s][info][gc             ] GC(509) Pause Young (Allocation Failure) 673M->108M(1983M) 11.788ms
[341.909s][info][gc,cpu         ] GC(509) User=0.08s Sys=0.02s Real=0.02s
[342.031s][info][gc,start       ] GC(510) Pause Young (Allocation Failure)
[342.047s][info][gc,heap        ] GC(510) PSYoungGen: 631885K->0K(652288K)
[342.047s][info][gc,heap        ] GC(510) PSOldGen: 84015K->110749K(1398272K)
[342.047s][info][gc,metaspace   ] GC(510) Metaspace: 23822K(24832K)->23822K(24832K) NonClass: 20896K(21504K)->20896K(21504K) Class: 2925K(3328K)->2925K(3328K)
[342.047s][info][gc             ] GC(510) Pause Young (Allocation Failure) 699M->108M(2002M) 16.151ms
[342.047s][info][gc,cpu         ] GC(510) User=0.09s Sys=0.00s Real=0.02s
[342.113s][info][gc,start       ] GC(511) Pause Young (System.gc())
[342.114s][info][gc,heap        ] GC(511) PSYoungGen: 253519K->614K(650240K)
[342.114s][info][gc,heap        ] GC(511) PSOldGen: 110749K->110749K(1398272K)
[342.114s][info][gc,metaspace   ] GC(511) Metaspace: 23822K(24832K)->23822K(24832K) NonClass: 20897K(21504K)->20897K(21504K) Class: 2925K(3328K)->2925K(3328K)
[342.114s][info][gc             ] GC(511) Pause Young (System.gc()) 355M->108M(2000M) 1.147ms
[342.114s][info][gc,cpu         ] GC(511) User=0.00s Sys=0.00s Real=0.00s
[342.114s][info][gc,start       ] GC(512) Pause Full (System.gc())
[342.114s][info][gc,phases,start] GC(512) Phase 1: Mark live objects
[342.120s][info][gc,phases      ] GC(512) Phase 1: Mark live objects 5.360ms
[342.120s][info][gc,phases,start] GC(512) Phase 2: Compute new object addresses
[342.129s][info][gc,phases      ] GC(512) Phase 2: Compute new object addresses 8.869ms
[342.129s][info][gc,phases,start] GC(512) Phase 3: Adjust pointers
[342.133s][info][gc,phases      ] GC(512) Phase 3: Adjust pointers 4.170ms
[342.133s][info][gc,phases,start] GC(512) Phase 4: Move objects
[342.133s][info][gc,phases      ] GC(512) Phase 4: Move objects 0.009ms
[342.133s][info][gc,heap        ] GC(512) PSYoungGen: 614K->0K(650240K)
[342.133s][info][gc,heap        ] GC(512) PSOldGen: 110749K->58022K(1398272K)
[342.133s][info][gc,metaspace   ] GC(512) Metaspace: 23822K(24832K)->23822K(24832K) NonClass: 20897K(21504K)->20897K(21504K) Class: 2925K(3328K)->2925K(3328K)
[342.133s][info][gc             ] GC(512) Pause Full (System.gc()) 108M->56M(2000M) 18.849ms
[342.133s][info][gc,cpu         ] GC(512) User=0.02s Sys=0.00s Real=0.02s
[343.960s][info][gc,start       ] GC(513) Pause Young (Allocation Failure)
[343.972s][info][gc,heap        ] GC(513) PSYoungGen: 603648K->26183K(648704K)
[343.972s][info][gc,heap        ] GC(513) PSOldGen: 58022K->58022K(1398272K)
[343.972s][info][gc,metaspace   ] GC(513) Metaspace: 23822K(24832K)->23822K(24832K) NonClass: 20897K(21504K)->20897K(21504K) Class: 2925K(3328K)->2925K(3328K)
[343.972s][info][gc             ] GC(513) Pause Young (Allocation Failure) 646M->82M(1999M) 12.530ms
[343.972s][info][gc,cpu         ] GC(513) User=0.09s Sys=0.00s Real=0.01s
[344.095s][info][gc,start       ] GC(514) Pause Young (Allocation Failure)
[344.111s][info][gc,heap        ] GC(514) PSYoungGen: 629831K->0K(651264K)
[344.111s][info][gc,heap        ] GC(514) PSOldGen: 58022K->84181K(1398272K)
[344.111s][info][gc,metaspace   ] GC(514) Metaspace: 23822K(24832K)->23822K(24832K) NonClass: 20897K(21504K)->20897K(21504K) Class: 2925K(3328K)->2925K(3328K)
[344.111s][info][gc             ] GC(514) Pause Young (Allocation Failure) 671M->82M(2001M) 16.625ms
[344.111s][info][gc,cpu         ] GC(514) User=0.06s Sys=0.00s Real=0.02s
[345.954s][info][gc,start       ] GC(515) Pause Young (Allocation Failure)
[345.966s][info][gc,heap        ] GC(515) PSYoungGen: 603648K->26747K(647680K)
[345.966s][info][gc,heap        ] GC(515) PSOldGen: 84181K->84181K(1398272K)
[345.966s][info][gc,metaspace   ] GC(515) Metaspace: 23822K(24832K)->23822K(24832K) NonClass: 20897K(21504K)->20897K(21504K) Class: 2925K(3328K)->2925K(3328K)
[345.966s][info][gc             ] GC(515) Pause Young (Allocation Failure) 671M->108M(1998M) 11.768ms
[345.966s][info][gc,cpu         ] GC(515) User=0.00s Sys=0.00s Real=0.02s
[346.088s][info][gc,start       ] GC(516) Pause Young (Allocation Failure)
[346.103s][info][gc,heap        ] GC(516) PSYoungGen: 628347K->0K(650240K)
[346.103s][info][gc,heap        ] GC(516) PSOldGen: 84181K->110915K(1398272K)
[346.103s][info][gc,metaspace   ] GC(516) Metaspace: 23822K(24832K)->23822K(24832K) NonClass: 20897K(21504K)->20897K(21504K) Class: 2925K(3328K)->2925K(3328K)
[346.103s][info][gc             ] GC(516) Pause Young (Allocation Failure) 695M->108M(2000M) 15.407ms
[346.103s][info][gc,cpu         ] GC(516) User=0.09s Sys=0.00s Real=0.02s
[346.172s][info][gc,start       ] GC(517) Pause Young (System.gc())
[346.173s][info][gc,heap        ] GC(517) PSYoungGen: 264688K->710K(653824K)
[346.173s][info][gc,heap        ] GC(517) PSOldGen: 110915K->110915K(1398272K)
[346.173s][info][gc,metaspace   ] GC(517) Metaspace: 23822K(24832K)->23822K(24832K) NonClass: 20897K(21504K)->20897K(21504K) Class: 2925K(3328K)->2925K(3328K)
[346.173s][info][gc             ] GC(517) Pause Young (System.gc()) 366M->109M(2004M) 1.536ms
[346.173s][info][gc,cpu         ] GC(517) User=0.00s Sys=0.00s Real=0.00s
[346.173s][info][gc,start       ] GC(518) Pause Full (System.gc())
[346.173s][info][gc,phases,start] GC(518) Phase 1: Mark live objects
[346.179s][info][gc,phases      ] GC(518) Phase 1: Mark live objects 5.403ms
[346.179s][info][gc,phases,start] GC(518) Phase 2: Compute new object addresses
[346.187s][info][gc,phases      ] GC(518) Phase 2: Compute new object addresses 8.718ms
[346.187s][info][gc,phases,start] GC(518) Phase 3: Adjust pointers
[346.192s][info][gc,phases      ] GC(518) Phase 3: Adjust pointers 4.447ms
[346.192s][info][gc,phases,start] GC(518) Phase 4: Move objects
[346.192s][info][gc,phases      ] GC(518) Phase 4: Move objects 0.010ms
[346.192s][info][gc,heap        ] GC(518) PSYoungGen: 710K->0K(653824K)
[346.192s][info][gc,heap        ] GC(518) PSOldGen: 110915K->58364K(1398272K)
[346.192s][info][gc,metaspace   ] GC(518) Metaspace: 23822K(24832K)->23822K(24832K) NonClass: 20897K(21504K)->20897K(21504K) Class: 2925K(3328K)->2925K(3328K)
[346.192s][info][gc             ] GC(518) Pause Full (System.gc()) 109M->56M(2004M) 19.031ms
[346.192s][info][gc,cpu         ] GC(518) User=0.02s Sys=0.00s Real=0.02s
[348.030s][info][gc,start       ] GC(519) Pause Young (Allocation Failure)
[348.041s][info][gc,heap        ] GC(519) PSYoungGen: 607232K->26197K(633856K)
[348.041s][info][gc,heap        ] GC(519) PSOldGen: 58364K->58364K(1398272K)
[348.041s][info][gc,metaspace   ] GC(519) Metaspace: 23822K(24832K)->23822K(24832K) NonClass: 20897K(21504K)->20897K(21504K) Class: 2925K(3328K)->2925K(3328K)
[348.041s][info][gc             ] GC(519) Pause Young (Allocation Failure) 649M->82M(1984M) 11.262ms
[348.041s][info][gc,cpu         ] GC(519) User=0.00s Sys=0.00s Real=0.01s
[348.164s][info][gc,start       ] GC(520) Pause Young (Allocation Failure)
[348.180s][info][gc,heap        ] GC(520) PSYoungGen: 633429K->0K(652800K)
[348.180s][info][gc,heap        ] GC(520) PSOldGen: 58364K->84532K(1398272K)
[348.180s][info][gc,metaspace   ] GC(520) Metaspace: 23822K(24832K)->23822K(24832K) NonClass: 20897K(21504K)->20897K(21504K) Class: 2925K(3328K)->2925K(3328K)
[348.180s][info][gc             ] GC(520) Pause Young (Allocation Failure) 675M->82M(2003M) 15.813ms
[348.180s][info][gc,cpu         ] GC(520) User=0.09s Sys=0.00s Real=0.02s
[350.024s][info][gc,start       ] GC(521) Pause Young (Allocation Failure)
[350.036s][info][gc,heap        ] GC(521) PSYoungGen: 605184K->26765K(632320K)
[350.036s][info][gc,heap        ] GC(521) PSOldGen: 84532K->84532K(1398272K)
[350.036s][info][gc,metaspace   ] GC(521) Metaspace: 23822K(24832K)->23822K(24832K) NonClass: 20897K(21504K)->20897K(21504K) Class: 2925K(3328K)->2925K(3328K)
[350.036s][info][gc             ] GC(521) Pause Young (Allocation Failure) 673M->108M(1983M) 12.078ms
[350.036s][info][gc,cpu         ] GC(521) User=0.09s Sys=0.00s Real=0.01s
[350.159s][info][gc,start       ] GC(522) Pause Young (Allocation Failure)
[350.175s][info][gc,heap        ] GC(522) PSYoungGen: 631949K->0K(652288K)
[350.175s][info][gc,heap        ] GC(522) PSOldGen: 84532K->111258K(1398272K)
[350.175s][info][gc,metaspace   ] GC(522) Metaspace: 23822K(24832K)->23822K(24832K) NonClass: 20897K(21504K)->20897K(21504K) Class: 2925K(3328K)->2925K(3328K)
[350.175s][info][gc             ] GC(522) Pause Young (Allocation Failure) 699M->108M(2002M) 16.318ms
[350.175s][info][gc,cpu         ] GC(522) User=0.09s Sys=0.00s Real=0.03s
[350.241s][info][gc,start       ] GC(523) Pause Young (System.gc())
[350.242s][info][gc,heap        ] GC(523) PSYoungGen: 253519K->678K(650240K)
[350.242s][info][gc,heap        ] GC(523) PSOldGen: 111258K->111258K(1398272K)
[350.242s][info][gc,metaspace   ] GC(523) Metaspace: 23822K(24832K)->23822K(24832K) NonClass: 20897K(21504K)->20897K(21504K) Class: 2925K(3328K)->2925K(3328K)
[350.242s][info][gc             ] GC(523) Pause Young (System.gc()) 356M->109M(2000M) 1.390ms
[350.243s][info][gc,cpu         ] GC(523) User=0.00s Sys=0.00s Real=0.00s
[350.243s][info][gc,start       ] GC(524) Pause Full (System.gc())
[350.243s][info][gc,phases,start] GC(524) Phase 1: Mark live objects
[350.248s][info][gc,phases      ] GC(524) Phase 1: Mark live objects 5.361ms
[350.248s][info][gc,phases,start] GC(524) Phase 2: Compute new object addresses
[350.257s][info][gc,phases      ] GC(524) Phase 2: Compute new object addresses 8.792ms
[350.257s][info][gc,phases,start] GC(524) Phase 3: Adjust pointers
[350.261s][info][gc,phases      ] GC(524) Phase 3: Adjust pointers 4.116ms
[350.261s][info][gc,phases,start] GC(524) Phase 4: Move objects
[350.261s][info][gc,phases      ] GC(524) Phase 4: Move objects 0.009ms
[350.261s][info][gc,heap        ] GC(524) PSYoungGen: 678K->0K(650240K)
[350.261s][info][gc,heap        ] GC(524) PSOldGen: 111258K->4986K(1398272K)
[350.261s][info][gc,metaspace   ] GC(524) Metaspace: 23822K(24832K)->23822K(24832K) NonClass: 20897K(21504K)->20897K(21504K) Class: 2925K(3328K)->2925K(3328K)
[350.261s][info][gc             ] GC(524) Pause Full (System.gc()) 109M->4M(2000M) 18.712ms
[350.261s][info][gc,cpu         ] GC(524) User=0.02s Sys=0.00s Real=0.02s
[352.088s][info][gc,start       ] GC(525) Pause Young (Allocation Failure)
[352.099s][info][gc,heap        ] GC(525) PSYoungGen: 603648K->26165K(648704K)
[352.099s][info][gc,heap        ] GC(525) PSOldGen: 4986K->4986K(1398272K)
[352.099s][info][gc,metaspace   ] GC(525) Metaspace: 23822K(24832K)->23822K(24832K) NonClass: 20897K(21504K)->20897K(21504K) Class: 2925K(3328K)->2925K(3328K)
[352.099s][info][gc             ] GC(525) Pause Young (Allocation Failure) 594M->30M(1999M) 11.082ms
[352.099s][info][gc,cpu         ] GC(525) User=0.09s Sys=0.00s Real=0.02s
[352.221s][info][gc,start       ] GC(526) Pause Young (Allocation Failure)
[352.237s][info][gc,heap        ] GC(526) PSYoungGen: 629813K->0K(651264K)
[352.237s][info][gc,heap        ] GC(526) PSOldGen: 4986K->31162K(1398272K)
[352.237s][info][gc,metaspace   ] GC(526) Metaspace: 23822K(24832K)->23822K(24832K) NonClass: 20897K(21504K)->20897K(21504K) Class: 2925K(3328K)->2925K(3328K)
[352.237s][info][gc             ] GC(526) Pause Young (Allocation Failure) 619M->30M(2001M) 15.680ms
[352.237s][info][gc,cpu         ] GC(526) User=0.09s Sys=0.00s Real=0.02s
[354.077s][info][gc,start       ] GC(527) Pause Young (Allocation Failure)
[354.089s][info][gc,heap        ] GC(527) PSYoungGen: 603648K->26701K(647680K)
[354.089s][info][gc,heap        ] GC(527) PSOldGen: 31162K->31162K(1398272K)
[354.089s][info][gc,metaspace   ] GC(527) Metaspace: 23822K(24832K)->23822K(24832K) NonClass: 20897K(21504K)->20897K(21504K) Class: 2925K(3328K)->2925K(3328K)
[354.089s][info][gc             ] GC(527) Pause Young (Allocation Failure) 619M->56M(1998M) 11.936ms
[354.089s][info][gc,cpu         ] GC(527) User=0.00s Sys=0.00s Real=0.01s
[354.211s][info][gc,start       ] GC(528) Pause Young (Allocation Failure)
[354.227s][info][gc,heap        ] GC(528) PSYoungGen: 628301K->0K(650240K)
[354.227s][info][gc,heap        ] GC(528) PSOldGen: 31162K->57896K(1398272K)
[354.227s][info][gc,metaspace   ] GC(528) Metaspace: 23822K(24832K)->23822K(24832K) NonClass: 20897K(21504K)->20897K(21504K) Class: 2925K(3328K)->2925K(3328K)
[354.227s][info][gc             ] GC(528) Pause Young (Allocation Failure) 644M->56M(2000M) 15.740ms
[354.227s][info][gc,cpu         ] GC(528) User=0.09s Sys=0.00s Real=0.02s
[354.297s][info][gc,start       ] GC(529) Pause Young (System.gc())
[354.298s][info][gc,heap        ] GC(529) PSYoungGen: 264689K->678K(653824K)
[354.298s][info][gc,heap        ] GC(529) PSOldGen: 57896K->57896K(1398272K)
[354.298s][info][gc,metaspace   ] GC(529) Metaspace: 23822K(24832K)->23822K(24832K) NonClass: 20897K(21504K)->20897K(21504K) Class: 2925K(3328K)->2925K(3328K)
[354.298s][info][gc             ] GC(529) Pause Young (System.gc()) 315M->57M(2004M) 1.190ms
[354.298s][info][gc,cpu         ] GC(529) User=0.00s Sys=0.00s Real=0.00s
[354.298s][info][gc,start       ] GC(530) Pause Full (System.gc())
[354.298s][info][gc,phases,start] GC(530) Phase 1: Mark live objects
[354.304s][info][gc,phases      ] GC(530) Phase 1: Mark live objects 5.851ms
[354.304s][info][gc,phases,start] GC(530) Phase 2: Compute new object addresses
[354.313s][info][gc,phases      ] GC(530) Phase 2: Compute new object addresses 8.795ms
[354.313s][info][gc,phases,start] GC(530) Phase 3: Adjust pointers
[354.317s][info][gc,phases      ] GC(530) Phase 3: Adjust pointers 4.278ms
[354.317s][info][gc,phases,start] GC(530) Phase 4: Move objects
[354.317s][info][gc,phases      ] GC(530) Phase 4: Move objects 0.009ms
[354.318s][info][gc,heap        ] GC(530) PSYoungGen: 678K->0K(653824K)
[354.318s][info][gc,heap        ] GC(530) PSOldGen: 57896K->57896K(1398272K)
[354.318s][info][gc,metaspace   ] GC(530) Metaspace: 23822K(24832K)->23822K(24832K) NonClass: 20897K(21504K)->20897K(21504K) Class: 2925K(3328K)->2925K(3328K)
[354.318s][info][gc             ] GC(530) Pause Full (System.gc()) 57M->56M(2004M) 19.635ms
[354.318s][info][gc,cpu         ] GC(530) User=0.02s Sys=0.00s Real=0.01s
[356.145s][info][gc,start       ] GC(531) Pause Young (Allocation Failure)
[356.157s][info][gc,heap        ] GC(531) PSYoungGen: 607232K->26119K(633856K)
[356.157s][info][gc,heap        ] GC(531) PSOldGen: 57896K->57896K(1398272K)
[356.157s][info][gc,metaspace   ] GC(531) Metaspace: 23822K(24832K)->23822K(24832K) NonClass: 20897K(21504K)->20897K(21504K) Class: 2925K(3328K)->2925K(3328K)
[356.157s][info][gc             ] GC(531) Pause Young (Allocation Failure) 649M->82M(1984M) 11.551ms
[356.157s][info][gc,cpu         ] GC(531) User=0.09s Sys=0.00s Real=0.01s
[356.281s][info][gc,start       ] GC(532) Pause Young (Allocation Failure)
[356.297s][info][gc,heap        ] GC(532) PSYoungGen: 633351K->0K(652800K)
[356.297s][info][gc,heap        ] GC(532) PSOldGen: 57896K->84063K(1398272K)
[356.297s][info][gc,metaspace   ] GC(532) Metaspace: 23822K(24832K)->23822K(24832K) NonClass: 20897K(21504K)->20897K(21504K) Class: 2925K(3328K)->2925K(3328K)
[356.297s][info][gc             ] GC(532) Pause Young (Allocation Failure) 675M->82M(2003M) 16.009ms
[356.297s][info][gc,cpu         ] GC(532) User=0.09s Sys=0.00s Real=0.01s
[358.141s][info][gc,start       ] GC(533) Pause Young (Allocation Failure)
[358.153s][info][gc,heap        ] GC(533) PSYoungGen: 605184K->26733K(632320K)
[358.153s][info][gc,heap        ] GC(533) PSOldGen: 84063K->84063K(1398272K)
[358.153s][info][gc,metaspace   ] GC(533) Metaspace: 23822K(24832K)->23822K(24832K) NonClass: 20897K(21504K)->20897K(21504K) Class: 2925K(3328K)->2925K(3328K)
[358.153s][info][gc             ] GC(533) Pause Young (Allocation Failure) 673M->108M(1983M) 12.203ms
[358.154s][info][gc,cpu         ] GC(533) User=0.00s Sys=0.00s Real=0.01s
[358.277s][info][gc,start       ] GC(534) Pause Young (Allocation Failure)
[358.294s][info][gc,heap        ] GC(534) PSYoungGen: 631917K->0K(652288K)
[358.294s][info][gc,heap        ] GC(534) PSOldGen: 84063K->110813K(1398272K)
[358.294s][info][gc,metaspace   ] GC(534) Metaspace: 23822K(24832K)->23822K(24832K) NonClass: 20897K(21504K)->20897K(21504K) Class: 2925K(3328K)->2925K(3328K)
[358.294s][info][gc             ] GC(534) Pause Young (Allocation Failure) 699M->108M(2002M) 16.768ms
[358.294s][info][gc,cpu         ] GC(534) User=0.08s Sys=0.02s Real=0.02s
[358.361s][info][gc,start       ] GC(535) Pause Young (System.gc())
[358.362s][info][gc,heap        ] GC(535) PSYoungGen: 253519K->710K(650240K)
[358.362s][info][gc,heap        ] GC(535) PSOldGen: 110813K->110813K(1398272K)
[358.362s][info][gc,metaspace   ] GC(535) Metaspace: 23822K(24832K)->23822K(24832K) NonClass: 20897K(21504K)->20897K(21504K) Class: 2925K(3328K)->2925K(3328K)
[358.362s][info][gc             ] GC(535) Pause Young (System.gc()) 355M->108M(2000M) 1.270ms
[358.362s][info][gc,cpu         ] GC(535) User=0.00s Sys=0.00s Real=0.01s
[358.362s][info][gc,start       ] GC(536) Pause Full (System.gc())
[358.362s][info][gc,phases,start] GC(536) Phase 1: Mark live objects
[358.368s][info][gc,phases      ] GC(536) Phase 1: Mark live objects 6.005ms
[358.368s][info][gc,phases,start] GC(536) Phase 2: Compute new object addresses
[358.377s][info][gc,phases      ] GC(536) Phase 2: Compute new object addresses 8.782ms
[358.377s][info][gc,phases,start] GC(536) Phase 3: Adjust pointers
[358.381s][info][gc,phases      ] GC(536) Phase 3: Adjust pointers 4.470ms
[358.382s][info][gc,phases,start] GC(536) Phase 4: Move objects
[358.382s][info][gc,phases      ] GC(536) Phase 4: Move objects 0.010ms
[358.382s][info][gc,heap        ] GC(536) PSYoungGen: 710K->0K(650240K)
[358.382s][info][gc,heap        ] GC(536) PSOldGen: 110813K->58151K(1398272K)
[358.382s][info][gc,metaspace   ] GC(536) Metaspace: 23822K(24832K)->23822K(24832K) NonClass: 20897K(21504K)->20897K(21504K) Class: 2925K(3328K)->2925K(3328K)
[358.382s][info][gc             ] GC(536) Pause Full (System.gc()) 108M->56M(2000M) 19.742ms
[358.382s][info][gc,cpu         ] GC(536) User=0.02s Sys=0.00s Real=0.02s
[360.209s][info][gc,start       ] GC(537) Pause Young (Allocation Failure)
[360.221s][info][gc,heap        ] GC(537) PSYoungGen: 603648K->26197K(648704K)
[360.221s][info][gc,heap        ] GC(537) PSOldGen: 58151K->58151K(1398272K)
[360.221s][info][gc,metaspace   ] GC(537) Metaspace: 23822K(24832K)->23822K(24832K) NonClass: 20897K(21504K)->20897K(21504K) Class: 2925K(3328K)->2925K(3328K)
[360.221s][info][gc             ] GC(537) Pause Young (Allocation Failure) 646M->82M(1999M) 11.799ms
[360.221s][info][gc,cpu         ] GC(537) User=0.09s Sys=0.00s Real=0.01s
[360.344s][info][gc,start       ] GC(538) Pause Young (Allocation Failure)
[360.360s][info][gc,heap        ] GC(538) PSYoungGen: 629845K->0K(651264K)
[360.361s][info][gc,heap        ] GC(538) PSOldGen: 58151K->84303K(1398272K)
[360.361s][info][gc,metaspace   ] GC(538) Metaspace: 23822K(24832K)->23822K(24832K) NonClass: 20897K(21504K)->20897K(21504K) Class: 2925K(3328K)->2925K(3328K)
[360.361s][info][gc             ] GC(538) Pause Young (Allocation Failure) 671M->82M(2001M) 16.408ms
[360.361s][info][gc,cpu         ] GC(538) User=0.09s Sys=0.00s Real=0.02s
[362.239s][info][gc,start       ] GC(539) Pause Young (Allocation Failure)
[362.251s][info][gc,heap        ] GC(539) PSYoungGen: 603648K->26715K(647680K)
[362.251s][info][gc,heap        ] GC(539) PSOldGen: 84303K->84303K(1398272K)
[362.251s][info][gc,metaspace   ] GC(539) Metaspace: 23822K(24832K)->23822K(24832K) NonClass: 20897K(21504K)->20897K(21504K) Class: 2925K(3328K)->2925K(3328K)
[362.251s][info][gc             ] GC(539) Pause Young (Allocation Failure) 671M->108M(1998M) 12.189ms
[362.251s][info][gc,cpu         ] GC(539) User=0.09s Sys=0.00s Real=0.01s
[362.374s][info][gc,start       ] GC(540) Pause Young (Allocation Failure)
[362.389s][info][gc,heap        ] GC(540) PSYoungGen: 628315K->0K(650240K)
[362.389s][info][gc,heap        ] GC(540) PSOldGen: 84303K->111044K(1398272K)
[362.389s][info][gc,metaspace   ] GC(540) Metaspace: 23822K(24832K)->23822K(24832K) NonClass: 20897K(21504K)->20897K(21504K) Class: 2925K(3328K)->2925K(3328K)
[362.389s][info][gc             ] GC(540) Pause Young (Allocation Failure) 695M->108M(2000M) 15.476ms
[362.390s][info][gc,cpu         ] GC(540) User=0.09s Sys=0.00s Real=0.02s
[362.460s][info][gc,start       ] GC(541) Pause Young (System.gc())
[362.461s][info][gc,heap        ] GC(541) PSYoungGen: 264687K->646K(653824K)
[362.461s][info][gc,heap        ] GC(541) PSOldGen: 111044K->111044K(1398272K)
[362.461s][info][gc,metaspace   ] GC(541) Metaspace: 23822K(24832K)->23822K(24832K) NonClass: 20897K(21504K)->20897K(21504K) Class: 2925K(3328K)->2925K(3328K)
[362.461s][info][gc             ] GC(541) Pause Young (System.gc()) 366M->109M(2004M) 1.152ms
[362.461s][info][gc,cpu         ] GC(541) User=0.00s Sys=0.00s Real=0.00s
[362.461s][info][gc,start       ] GC(542) Pause Full (System.gc())
[362.461s][info][gc,phases,start] GC(542) Phase 1: Mark live objects
[362.467s][info][gc,phases      ] GC(542) Phase 1: Mark live objects 5.354ms
[362.467s][info][gc,phases,start] GC(542) Phase 2: Compute new object addresses
[362.475s][info][gc,phases      ] GC(542) Phase 2: Compute new object addresses 8.726ms
[362.475s][info][gc,phases,start] GC(542) Phase 3: Adjust pointers
[362.480s][info][gc,phases      ] GC(542) Phase 3: Adjust pointers 4.231ms
[362.480s][info][gc,phases,start] GC(542) Phase 4: Move objects
[362.480s][info][gc,phases      ] GC(542) Phase 4: Move objects 0.010ms
[362.480s][info][gc,heap        ] GC(542) PSYoungGen: 646K->0K(653824K)
[362.480s][info][gc,heap        ] GC(542) PSOldGen: 111044K->58269K(1398272K)
[362.480s][info][gc,metaspace   ] GC(542) Metaspace: 23822K(24832K)->23822K(24832K) NonClass: 20897K(21504K)->20897K(21504K) Class: 2925K(3328K)->2925K(3328K)
[362.480s][info][gc             ] GC(542) Pause Full (System.gc()) 109M->56M(2004M) 18.763ms
[362.480s][info][gc,cpu         ] GC(542) User=0.02s Sys=0.00s Real=0.02s
[364.305s][info][gc,start       ] GC(543) Pause Young (Allocation Failure)
[364.317s][info][gc,heap        ] GC(543) PSYoungGen: 607232K->26197K(633856K)
[364.317s][info][gc,heap        ] GC(543) PSOldGen: 58269K->58277K(1398272K)
[364.317s][info][gc,metaspace   ] GC(543) Metaspace: 23827K(24832K)->23827K(24832K) NonClass: 20902K(21504K)->20902K(21504K) Class: 2925K(3328K)->2925K(3328K)
[364.317s][info][gc             ] GC(543) Pause Young (Allocation Failure) 649M->82M(1984M) 12.365ms
[364.318s][info][gc,cpu         ] GC(543) User=0.08s Sys=0.02s Real=0.01s
[364.441s][info][gc,start       ] GC(544) Pause Young (Allocation Failure)
[364.457s][info][gc,heap        ] GC(544) PSYoungGen: 633429K->0K(652800K)
[364.457s][info][gc,heap        ] GC(544) PSOldGen: 58277K->84437K(1398272K)
[364.457s][info][gc,metaspace   ] GC(544) Metaspace: 23827K(24832K)->23827K(24832K) NonClass: 20902K(21504K)->20902K(21504K) Class: 2925K(3328K)->2925K(3328K)
[364.457s][info][gc             ] GC(544) Pause Young (Allocation Failure) 675M->82M(2003M) 16.192ms
[364.457s][info][gc,cpu         ] GC(544) User=0.09s Sys=0.00s Real=0.02s
[366.302s][info][gc,start       ] GC(545) Pause Young (Allocation Failure)
[366.316s][info][gc,heap        ] GC(545) PSYoungGen: 605184K->26765K(632320K)
[366.316s][info][gc,heap        ] GC(545) PSOldGen: 84437K->84437K(1398272K)
[366.316s][info][gc,metaspace   ] GC(545) Metaspace: 23827K(24832K)->23827K(24832K) NonClass: 20902K(21504K)->20902K(21504K) Class: 2925K(3328K)->2925K(3328K)
[366.316s][info][gc             ] GC(545) Pause Young (Allocation Failure) 673M->108M(1983M) 14.033ms
[366.316s][info][gc,cpu         ] GC(545) User=0.09s Sys=0.00s Real=0.02s
[366.439s][info][gc,start       ] GC(546) Pause Young (Allocation Failure)
[366.456s][info][gc,heap        ] GC(546) PSYoungGen: 631949K->0K(652288K)
[366.456s][info][gc,heap        ] GC(546) PSOldGen: 84437K->111170K(1398272K)
[366.457s][info][gc,metaspace   ] GC(546) Metaspace: 23827K(24832K)->23827K(24832K) NonClass: 20902K(21504K)->20902K(21504K) Class: 2925K(3328K)->2925K(3328K)
[366.457s][info][gc             ] GC(546) Pause Young (Allocation Failure) 699M->108M(2002M) 17.376ms
[366.457s][info][gc,cpu         ] GC(546) User=0.09s Sys=0.00s Real=0.02s
[366.524s][info][gc,start       ] GC(547) Pause Young (System.gc())
[366.525s][info][gc,heap        ] GC(547) PSYoungGen: 253491K->710K(650240K)
[366.526s][info][gc,heap        ] GC(547) PSOldGen: 111170K->111170K(1398272K)
[366.526s][info][gc,metaspace   ] GC(547) Metaspace: 23827K(24832K)->23827K(24832K) NonClass: 20902K(21504K)->20902K(21504K) Class: 2925K(3328K)->2925K(3328K)
[366.526s][info][gc             ] GC(547) Pause Young (System.gc()) 356M->109M(2000M) 1.051ms
[366.526s][info][gc,cpu         ] GC(547) User=0.00s Sys=0.00s Real=0.00s
[366.526s][info][gc,start       ] GC(548) Pause Full (System.gc())
[366.526s][info][gc,phases,start] GC(548) Phase 1: Mark live objects
[366.531s][info][gc,phases      ] GC(548) Phase 1: Mark live objects 5.283ms
[366.531s][info][gc,phases,start] GC(548) Phase 2: Compute new object addresses
[366.540s][info][gc,phases      ] GC(548) Phase 2: Compute new object addresses 8.800ms
[366.540s][info][gc,phases,start] GC(548) Phase 3: Adjust pointers
[366.544s][info][gc,phases      ] GC(548) Phase 3: Adjust pointers 4.361ms
[366.544s][info][gc,phases,start] GC(548) Phase 4: Move objects
[366.544s][info][gc,phases      ] GC(548) Phase 4: Move objects 0.010ms
[366.545s][info][gc,heap        ] GC(548) PSYoungGen: 710K->0K(650240K)
[366.545s][info][gc,heap        ] GC(548) PSOldGen: 111170K->4987K(1398272K)
[366.545s][info][gc,metaspace   ] GC(548) Metaspace: 23827K(24832K)->23827K(24832K) NonClass: 20902K(21504K)->20902K(21504K) Class: 2925K(3328K)->2925K(3328K)
[366.545s][info][gc             ] GC(548) Pause Full (System.gc()) 109M->4M(2000M) 19.011ms
[366.545s][info][gc,cpu         ] GC(548) User=0.02s Sys=0.00s Real=0.01s
[368.374s][info][gc,start       ] GC(549) Pause Young (Allocation Failure)
[368.386s][info][gc,heap        ] GC(549) PSYoungGen: 603648K->26133K(648704K)
[368.386s][info][gc,heap        ] GC(549) PSOldGen: 4987K->4987K(1398272K)
[368.386s][info][gc,metaspace   ] GC(549) Metaspace: 23827K(24832K)->23827K(24832K) NonClass: 20902K(21504K)->20902K(21504K) Class: 2925K(3328K)->2925K(3328K)
[368.386s][info][gc             ] GC(549) Pause Young (Allocation Failure) 594M->30M(1999M) 11.447ms
[368.386s][info][gc,cpu         ] GC(549) User=0.00s Sys=0.00s Real=0.02s
[368.508s][info][gc,start       ] GC(550) Pause Young (Allocation Failure)
[368.523s][info][gc,heap        ] GC(550) PSYoungGen: 629781K->0K(651264K)
[368.523s][info][gc,heap        ] GC(550) PSOldGen: 4987K->31146K(1398272K)
[368.523s][info][gc,metaspace   ] GC(550) Metaspace: 23827K(24832K)->23827K(24832K) NonClass: 20902K(21504K)->20902K(21504K) Class: 2925K(3328K)->2925K(3328K)
[368.523s][info][gc             ] GC(550) Pause Young (Allocation Failure) 619M->30M(2001M) 15.081ms
[368.523s][info][gc,cpu         ] GC(550) User=0.09s Sys=0.00s Real=0.02s
[370.369s][info][gc,start       ] GC(551) Pause Young (Allocation Failure)
[370.382s][info][gc,heap        ] GC(551) PSYoungGen: 603648K->26747K(647680K)
[370.382s][info][gc,heap        ] GC(551) PSOldGen: 31146K->31146K(1398272K)
[370.382s][info][gc,metaspace   ] GC(551) Metaspace: 23827K(24832K)->23827K(24832K) NonClass: 20902K(21504K)->20902K(21504K) Class: 2925K(3328K)->2925K(3328K)
[370.382s][info][gc             ] GC(551) Pause Young (Allocation Failure) 619M->56M(1998M) 13.026ms
[370.382s][info][gc,cpu         ] GC(551) User=0.09s Sys=0.00s Real=0.02s
[370.504s][info][gc,start       ] GC(552) Pause Young (Allocation Failure)
[370.520s][info][gc,heap        ] GC(552) PSYoungGen: 628347K->0K(650240K)
[370.520s][info][gc,heap        ] GC(552) PSOldGen: 31146K->57888K(1398272K)
[370.520s][info][gc,metaspace   ] GC(552) Metaspace: 23827K(24832K)->23827K(24832K) NonClass: 20902K(21504K)->20902K(21504K) Class: 2925K(3328K)->2925K(3328K)
[370.520s][info][gc             ] GC(552) Pause Young (Allocation Failure) 644M->56M(2000M) 16.823ms
[370.520s][info][gc,cpu         ] GC(552) User=0.09s Sys=0.00s Real=0.02s
[370.591s][info][gc,start       ] GC(553) Pause Young (System.gc())
[370.592s][info][gc,heap        ] GC(553) PSYoungGen: 264685K->678K(653824K)
[370.592s][info][gc,heap        ] GC(553) PSOldGen: 57888K->57888K(1398272K)
[370.592s][info][gc,metaspace   ] GC(553) Metaspace: 23827K(24832K)->23827K(24832K) NonClass: 20902K(21504K)->20902K(21504K) Class: 2925K(3328K)->2925K(3328K)
[370.592s][info][gc             ] GC(553) Pause Young (System.gc()) 315M->57M(2004M) 1.097ms
[370.592s][info][gc,cpu         ] GC(553) User=0.09s Sys=0.00s Real=0.00s
[370.592s][info][gc,start       ] GC(554) Pause Full (System.gc())
[370.592s][info][gc,phases,start] GC(554) Phase 1: Mark live objects
[370.597s][info][gc,phases      ] GC(554) Phase 1: Mark live objects 5.299ms
[370.597s][info][gc,phases,start] GC(554) Phase 2: Compute new object addresses
[370.606s][info][gc,phases      ] GC(554) Phase 2: Compute new object addresses 8.823ms
[370.606s][info][gc,phases,start] GC(554) Phase 3: Adjust pointers
[370.610s][info][gc,phases      ] GC(554) Phase 3: Adjust pointers 4.139ms
[370.610s][info][gc,phases,start] GC(554) Phase 4: Move objects
[370.610s][info][gc,phases      ] GC(554) Phase 4: Move objects 0.009ms
[370.610s][info][gc,heap        ] GC(554) PSYoungGen: 678K->0K(653824K)
[370.610s][info][gc,heap        ] GC(554) PSOldGen: 57888K->57888K(1398272K)
[370.610s][info][gc,metaspace   ] GC(554) Metaspace: 23827K(24832K)->23827K(24832K) NonClass: 20902K(21504K)->20902K(21504K) Class: 2925K(3328K)->2925K(3328K)
[370.610s][info][gc             ] GC(554) Pause Full (System.gc()) 57M->56M(2004M) 18.706ms
[370.610s][info][gc,cpu         ] GC(554) User=0.02s Sys=0.00s Real=0.01s
[372.442s][info][gc,start       ] GC(555) Pause Young (Allocation Failure)
[372.454s][info][gc,heap        ] GC(555) PSYoungGen: 607232K->26165K(633856K)
[372.454s][info][gc,heap        ] GC(555) PSOldGen: 57888K->57888K(1398272K)
[372.454s][info][gc,metaspace   ] GC(555) Metaspace: 23827K(24832K)->23827K(24832K) NonClass: 20902K(21504K)->20902K(21504K) Class: 2925K(3328K)->2925K(3328K)
[372.454s][info][gc             ] GC(555) Pause Young (Allocation Failure) 649M->82M(1984M) 11.500ms
[372.454s][info][gc,cpu         ] GC(555) User=0.08s Sys=0.00s Real=0.02s
[372.578s][info][gc,start       ] GC(556) Pause Young (Allocation Failure)
[372.595s][info][gc,heap        ] GC(556) PSYoungGen: 633397K->0K(652800K)
[372.595s][info][gc,heap        ] GC(556) PSOldGen: 57888K->84047K(1398272K)
[372.595s][info][gc,metaspace   ] GC(556) Metaspace: 23827K(24832K)->23827K(24832K) NonClass: 20902K(21504K)->20902K(21504K) Class: 2925K(3328K)->2925K(3328K)
[372.595s][info][gc             ] GC(556) Pause Young (Allocation Failure) 675M->82M(2003M) 17.155ms
[372.595s][info][gc,cpu         ] GC(556) User=0.09s Sys=0.00s Real=0.02s
[374.439s][info][gc,start       ] GC(557) Pause Young (Allocation Failure)
[374.451s][info][gc,heap        ] GC(557) PSYoungGen: 605184K->26733K(632320K)
[374.451s][info][gc,heap        ] GC(557) PSOldGen: 84047K->84047K(1398272K)
[374.451s][info][gc,metaspace   ] GC(557) Metaspace: 23827K(24832K)->23827K(24832K) NonClass: 20902K(21504K)->20902K(21504K) Class: 2925K(3328K)->2925K(3328K)
[374.451s][info][gc             ] GC(557) Pause Young (Allocation Failure) 673M->108M(1983M) 11.598ms
[374.451s][info][gc,cpu         ] GC(557) User=0.00s Sys=0.00s Real=0.02s
[374.573s][info][gc,start       ] GC(558) Pause Young (Allocation Failure)
[374.588s][info][gc,heap        ] GC(558) PSYoungGen: 631917K->0K(652288K)
[374.588s][info][gc,heap        ] GC(558) PSOldGen: 84047K->110781K(1398272K)
[374.588s][info][gc,metaspace   ] GC(558) Metaspace: 23827K(24832K)->23827K(24832K) NonClass: 20902K(21504K)->20902K(21504K) Class: 2925K(3328K)->2925K(3328K)
[374.588s][info][gc             ] GC(558) Pause Young (Allocation Failure) 699M->108M(2002M) 15.029ms
[374.588s][info][gc,cpu         ] GC(558) User=0.09s Sys=0.00s Real=0.02s
[374.655s][info][gc,start       ] GC(559) Pause Young (System.gc())
[374.656s][info][gc,heap        ] GC(559) PSYoungGen: 253519K->710K(650240K)
[374.656s][info][gc,heap        ] GC(559) PSOldGen: 110781K->110781K(1398272K)
[374.656s][info][gc,metaspace   ] GC(559) Metaspace: 23827K(24832K)->23827K(24832K) NonClass: 20902K(21504K)->20902K(21504K) Class: 2925K(3328K)->2925K(3328K)
[374.656s][info][gc             ] GC(559) Pause Young (System.gc()) 355M->108M(2000M) 1.074ms
[374.656s][info][gc,cpu         ] GC(559) User=0.00s Sys=0.00s Real=0.00s
[374.656s][info][gc,start       ] GC(560) Pause Full (System.gc())
[374.656s][info][gc,phases,start] GC(560) Phase 1: Mark live objects
[374.662s][info][gc,phases      ] GC(560) Phase 1: Mark live objects 5.322ms
[374.662s][info][gc,phases,start] GC(560) Phase 2: Compute new object addresses
[374.671s][info][gc,phases      ] GC(560) Phase 2: Compute new object addresses 8.830ms
[374.671s][info][gc,phases,start] GC(560) Phase 3: Adjust pointers
[374.675s][info][gc,phases      ] GC(560) Phase 3: Adjust pointers 4.142ms
[374.675s][info][gc,phases,start] GC(560) Phase 4: Move objects
[374.675s][info][gc,phases      ] GC(560) Phase 4: Move objects 0.009ms
[374.675s][info][gc,heap        ] GC(560) PSYoungGen: 710K->0K(650240K)
[374.675s][info][gc,heap        ] GC(560) PSOldGen: 110781K->57966K(1398272K)
[374.675s][info][gc,metaspace   ] GC(560) Metaspace: 23827K(24832K)->23827K(24832K) NonClass: 20902K(21504K)->20902K(21504K) Class: 2925K(3328K)->2925K(3328K)
[374.675s][info][gc             ] GC(560) Pause Full (System.gc()) 108M->56M(2000M) 18.747ms
[374.675s][info][gc,cpu         ] GC(560) User=0.02s Sys=0.00s Real=0.02s
[376.507s][info][gc,start       ] GC(561) Pause Young (Allocation Failure)
[376.519s][info][gc,heap        ] GC(561) PSYoungGen: 603648K->26229K(648704K)
[376.519s][info][gc,heap        ] GC(561) PSOldGen: 57966K->57966K(1398272K)
[376.519s][info][gc,metaspace   ] GC(561) Metaspace: 23827K(24832K)->23827K(24832K) NonClass: 20902K(21504K)->20902K(21504K) Class: 2925K(3328K)->2925K(3328K)
[376.519s][info][gc             ] GC(561) Pause Young (Allocation Failure) 646M->82M(1999M) 11.969ms
[376.519s][info][gc,cpu         ] GC(561) User=0.09s Sys=0.00s Real=0.01s
[376.642s][info][gc,start       ] GC(562) Pause Young (Allocation Failure)
[376.659s][info][gc,heap        ] GC(562) PSYoungGen: 629877K->0K(651264K)
[376.659s][info][gc,heap        ] GC(562) PSOldGen: 57966K->84134K(1398272K)
[376.659s][info][gc,metaspace   ] GC(562) Metaspace: 23827K(24832K)->23827K(24832K) NonClass: 20902K(21504K)->20902K(21504K) Class: 2925K(3328K)->2925K(3328K)
[376.659s][info][gc             ] GC(562) Pause Young (Allocation Failure) 671M->82M(2001M) 16.500ms
[376.659s][info][gc,cpu         ] GC(562) User=0.09s Sys=0.00s Real=0.02s
[378.494s][info][gc,start       ] GC(563) Pause Young (Allocation Failure)
[378.506s][info][gc,heap        ] GC(563) PSYoungGen: 603648K->26733K(647680K)
[378.506s][info][gc,heap        ] GC(563) PSOldGen: 84134K->84134K(1398272K)
[378.506s][info][gc,metaspace   ] GC(563) Metaspace: 23827K(24832K)->23827K(24832K) NonClass: 20902K(21504K)->20902K(21504K) Class: 2925K(3328K)->2925K(3328K)
[378.506s][info][gc             ] GC(563) Pause Young (Allocation Failure) 671M->108M(1998M) 11.769ms
[378.506s][info][gc,cpu         ] GC(563) User=0.09s Sys=0.00s Real=0.01s
[378.627s][info][gc,start       ] GC(564) Pause Young (Allocation Failure)
[378.642s][info][gc,heap        ] GC(564) PSYoungGen: 628333K->0K(650240K)
[378.642s][info][gc,heap        ] GC(564) PSOldGen: 84134K->110875K(1398272K)
[378.642s][info][gc,metaspace   ] GC(564) Metaspace: 23827K(24832K)->23827K(24832K) NonClass: 20902K(21504K)->20902K(21504K) Class: 2925K(3328K)->2925K(3328K)
[378.642s][info][gc             ] GC(564) Pause Young (Allocation Failure) 695M->108M(2000M) 14.998ms
[378.642s][info][gc,cpu         ] GC(564) User=0.09s Sys=0.00s Real=0.02s
[378.712s][info][gc,start       ] GC(565) Pause Young (System.gc())
[378.714s][info][gc,heap        ] GC(565) PSYoungGen: 264688K->710K(653824K)
[378.714s][info][gc,heap        ] GC(565) PSOldGen: 110875K->110875K(1398272K)
[378.714s][info][gc,metaspace   ] GC(565) Metaspace: 23827K(24832K)->23827K(24832K) NonClass: 20902K(21504K)->20902K(21504K) Class: 2925K(3328K)->2925K(3328K)
[378.714s][info][gc             ] GC(565) Pause Young (System.gc()) 366M->108M(2004M) 1.663ms
[378.714s][info][gc,cpu         ] GC(565) User=0.00s Sys=0.00s Real=0.00s
[378.714s][info][gc,start       ] GC(566) Pause Full (System.gc())
[378.714s][info][gc,phases,start] GC(566) Phase 1: Mark live objects
[378.719s][info][gc,phases      ] GC(566) Phase 1: Mark live objects 5.348ms
[378.719s][info][gc,phases,start] GC(566) Phase 2: Compute new object addresses
[378.728s][info][gc,phases      ] GC(566) Phase 2: Compute new object addresses 8.659ms
[378.728s][info][gc,phases,start] GC(566) Phase 3: Adjust pointers
[378.732s][info][gc,phases      ] GC(566) Phase 3: Adjust pointers 4.318ms
[378.733s][info][gc,phases,start] GC(566) Phase 4: Move objects
[378.733s][info][gc,phases      ] GC(566) Phase 4: Move objects 0.009ms
[378.733s][info][gc,heap        ] GC(566) PSYoungGen: 710K->0K(653824K)
[378.733s][info][gc,heap        ] GC(566) PSOldGen: 110875K->58018K(1398272K)
[378.733s][info][gc,metaspace   ] GC(566) Metaspace: 23827K(24832K)->23827K(24832K) NonClass: 20902K(21504K)->20902K(21504K) Class: 2925K(3328K)->2925K(3328K)
[378.733s][info][gc             ] GC(566) Pause Full (System.gc()) 108M->56M(2004M) 18.775ms
[378.733s][info][gc,cpu         ] GC(566) User=0.02s Sys=0.00s Real=0.03s
[380.556s][info][gc,start       ] GC(567) Pause Young (Allocation Failure)
[380.568s][info][gc,heap        ] GC(567) PSYoungGen: 607232K->26165K(633856K)
[380.568s][info][gc,heap        ] GC(567) PSOldGen: 58018K->58018K(1398272K)
[380.568s][info][gc,metaspace   ] GC(567) Metaspace: 23827K(24832K)->23827K(24832K) NonClass: 20902K(21504K)->20902K(21504K) Class: 2925K(3328K)->2925K(3328K)
[380.568s][info][gc             ] GC(567) Pause Young (Allocation Failure) 649M->82M(1984M) 11.436ms
[380.568s][info][gc,cpu         ] GC(567) User=0.09s Sys=0.00s Real=0.01s
[380.691s][info][gc,start       ] GC(568) Pause Young (Allocation Failure)
[380.707s][info][gc,heap        ] GC(568) PSYoungGen: 633397K->0K(652800K)
[380.707s][info][gc,heap        ] GC(568) PSOldGen: 58018K->84161K(1398272K)
[380.707s][info][gc,metaspace   ] GC(568) Metaspace: 23827K(24832K)->23827K(24832K) NonClass: 20902K(21504K)->20902K(21504K) Class: 2925K(3328K)->2925K(3328K)
[380.707s][info][gc             ] GC(568) Pause Young (Allocation Failure) 675M->82M(2003M) 16.051ms
[380.707s][info][gc,cpu         ] GC(568) User=0.09s Sys=0.00s Real=0.02s
[382.544s][info][gc,start       ] GC(569) Pause Young (Allocation Failure)
[382.556s][info][gc,heap        ] GC(569) PSYoungGen: 605184K->26701K(632320K)
[382.557s][info][gc,heap        ] GC(569) PSOldGen: 84161K->84161K(1398272K)
[382.557s][info][gc,metaspace   ] GC(569) Metaspace: 23827K(24832K)->23827K(24832K) NonClass: 20902K(21504K)->20902K(21504K) Class: 2925K(3328K)->2925K(3328K)
[382.557s][info][gc             ] GC(569) Pause Young (Allocation Failure) 673M->108M(1983M) 12.898ms
[382.557s][info][gc,cpu         ] GC(569) User=0.09s Sys=0.00s Real=0.02s
[382.679s][info][gc,start       ] GC(570) Pause Young (Allocation Failure)
[382.695s][info][gc,heap        ] GC(570) PSYoungGen: 631885K->0K(652288K)
[382.695s][info][gc,heap        ] GC(570) PSOldGen: 84161K->110887K(1398272K)
[382.695s][info][gc,metaspace   ] GC(570) Metaspace: 23827K(24832K)->23827K(24832K) NonClass: 20902K(21504K)->20902K(21504K) Class: 2925K(3328K)->2925K(3328K)
[382.695s][info][gc             ] GC(570) Pause Young (Allocation Failure) 699M->108M(2002M) 16.320ms
[382.695s][info][gc,cpu         ] GC(570) User=0.09s Sys=0.00s Real=0.02s
[382.763s][info][gc,start       ] GC(571) Pause Young (System.gc())
[382.764s][info][gc,heap        ] GC(571) PSYoungGen: 253519K->710K(650240K)
[382.764s][info][gc,heap        ] GC(571) PSOldGen: 110887K->110887K(1398272K)
[382.764s][info][gc,metaspace   ] GC(571) Metaspace: 23827K(24832K)->23827K(24832K) NonClass: 20902K(21504K)->20902K(21504K) Class: 2925K(3328K)->2925K(3328K)
[382.764s][info][gc             ] GC(571) Pause Young (System.gc()) 355M->108M(2000M) 1.087ms
[382.764s][info][gc,cpu         ] GC(571) User=0.08s Sys=0.00s Real=0.00s
[382.764s][info][gc,start       ] GC(572) Pause Full (System.gc())
[382.764s][info][gc,phases,start] GC(572) Phase 1: Mark live objects
[382.769s][info][gc,phases      ] GC(572) Phase 1: Mark live objects 5.347ms
[382.769s][info][gc,phases,start] GC(572) Phase 2: Compute new object addresses
[382.778s][info][gc,phases      ] GC(572) Phase 2: Compute new object addresses 8.846ms
[382.778s][info][gc,phases,start] GC(572) Phase 3: Adjust pointers
[382.782s][info][gc,phases      ] GC(572) Phase 3: Adjust pointers 4.119ms
[382.782s][info][gc,phases,start] GC(572) Phase 4: Move objects
[382.782s][info][gc,phases      ] GC(572) Phase 4: Move objects 0.009ms
[382.783s][info][gc,heap        ] GC(572) PSYoungGen: 710K->0K(650240K)
[382.783s][info][gc,heap        ] GC(572) PSOldGen: 110887K->4987K(1398272K)
[382.783s][info][gc,metaspace   ] GC(572) Metaspace: 23827K(24832K)->23827K(24832K) NonClass: 20902K(21504K)->20902K(21504K) Class: 2925K(3328K)->2925K(3328K)
[382.783s][info][gc             ] GC(572) Pause Full (System.gc()) 108M->4M(2000M) 18.760ms
[382.783s][info][gc,cpu         ] GC(572) User=0.02s Sys=0.00s Real=0.02s
[384.608s][info][gc,start       ] GC(573) Pause Young (Allocation Failure)
[384.621s][info][gc,heap        ] GC(573) PSYoungGen: 603648K->26165K(648704K)
[384.621s][info][gc,heap        ] GC(573) PSOldGen: 4987K->4987K(1398272K)
[384.621s][info][gc,metaspace   ] GC(573) Metaspace: 23829K(24832K)->23829K(24832K) NonClass: 20903K(21504K)->20903K(21504K) Class: 2925K(3328K)->2925K(3328K)
[384.621s][info][gc             ] GC(573) Pause Young (Allocation Failure) 594M->30M(1999M) 12.785ms
[384.621s][info][gc,cpu         ] GC(573) User=0.00s Sys=0.00s Real=0.02s
[384.743s][info][gc,start       ] GC(574) Pause Young (Allocation Failure)
[384.759s][info][gc,heap        ] GC(574) PSYoungGen: 629813K->0K(651264K)
[384.759s][info][gc,heap        ] GC(574) PSOldGen: 4987K->31146K(1398272K)
[384.759s][info][gc,metaspace   ] GC(574) Metaspace: 23829K(24832K)->23829K(24832K) NonClass: 20903K(21504K)->20903K(21504K) Class: 2925K(3328K)->2925K(3328K)
[384.759s][info][gc             ] GC(574) Pause Young (Allocation Failure) 619M->30M(2001M) 15.476ms
[384.759s][info][gc,cpu         ] GC(574) User=0.09s Sys=0.00s Real=0.02s
[386.597s][info][gc,start       ] GC(575) Pause Young (Allocation Failure)
[386.610s][info][gc,heap        ] GC(575) PSYoungGen: 603648K->26715K(647680K)
[386.610s][info][gc,heap        ] GC(575) PSOldGen: 31146K->31146K(1398272K)
[386.610s][info][gc,metaspace   ] GC(575) Metaspace: 23830K(24832K)->23830K(24832K) NonClass: 20904K(21504K)->20904K(21504K) Class: 2925K(3328K)->2925K(3328K)
[386.610s][info][gc             ] GC(575) Pause Young (Allocation Failure) 619M->56M(1998M) 12.547ms
[386.610s][info][gc,cpu         ] GC(575) User=0.09s Sys=0.00s Real=0.02s
[386.731s][info][gc,start       ] GC(576) Pause Young (Allocation Failure)
[386.748s][info][gc,heap        ] GC(576) PSYoungGen: 628315K->0K(650240K)
[386.748s][info][gc,heap        ] GC(576) PSOldGen: 31146K->57888K(1398272K)
[386.748s][info][gc,metaspace   ] GC(576) Metaspace: 23830K(24832K)->23830K(24832K) NonClass: 20904K(21504K)->20904K(21504K) Class: 2925K(3328K)->2925K(3328K)
[386.748s][info][gc             ] GC(576) Pause Young (Allocation Failure) 644M->56M(2000M) 16.530ms
[386.748s][info][gc,cpu         ] GC(576) User=0.09s Sys=0.00s Real=0.02s
[386.818s][info][gc,start       ] GC(577) Pause Young (System.gc())
[386.819s][info][gc,heap        ] GC(577) PSYoungGen: 264689K->678K(653824K)
[386.819s][info][gc,heap        ] GC(577) PSOldGen: 57888K->57888K(1398272K)
[386.819s][info][gc,metaspace   ] GC(577) Metaspace: 23835K(24832K)->23835K(24832K) NonClass: 20909K(21504K)->20909K(21504K) Class: 2925K(3328K)->2925K(3328K)
[386.819s][info][gc             ] GC(577) Pause Young (System.gc()) 315M->57M(2004M) 0.995ms
[386.819s][info][gc,cpu         ] GC(577) User=0.00s Sys=0.00s Real=0.00s
[386.819s][info][gc,start       ] GC(578) Pause Full (System.gc())
[386.819s][info][gc,phases,start] GC(578) Phase 1: Mark live objects
[386.825s][info][gc,phases      ] GC(578) Phase 1: Mark live objects 5.629ms
[386.825s][info][gc,phases,start] GC(578) Phase 2: Compute new object addresses
[386.833s][info][gc,phases      ] GC(578) Phase 2: Compute new object addresses 8.764ms
[386.833s][info][gc,phases,start] GC(578) Phase 3: Adjust pointers
[386.838s][info][gc,phases      ] GC(578) Phase 3: Adjust pointers 4.139ms
[386.838s][info][gc,phases,start] GC(578) Phase 4: Move objects
[386.838s][info][gc,phases      ] GC(578) Phase 4: Move objects 0.009ms
[386.838s][info][gc,heap        ] GC(578) PSYoungGen: 678K->0K(653824K)
[386.838s][info][gc,heap        ] GC(578) PSOldGen: 57888K->57888K(1398272K)
[386.838s][info][gc,metaspace   ] GC(578) Metaspace: 23835K(24832K)->23835K(24832K) NonClass: 20909K(21504K)->20909K(21504K) Class: 2925K(3328K)->2925K(3328K)
[386.838s][info][gc             ] GC(578) Pause Full (System.gc()) 57M->56M(2004M) 18.989ms
[386.838s][info][gc,cpu         ] GC(578) User=0.02s Sys=0.00s Real=0.01s
[388.664s][info][gc,start       ] GC(579) Pause Young (Allocation Failure)
[388.675s][info][gc,heap        ] GC(579) PSYoungGen: 607232K->26165K(633856K)
[388.675s][info][gc,heap        ] GC(579) PSOldGen: 57888K->57888K(1398272K)
[388.675s][info][gc,metaspace   ] GC(579) Metaspace: 23838K(24832K)->23838K(24832K) NonClass: 20912K(21504K)->20912K(21504K) Class: 2925K(3328K)->2925K(3328K)
[388.676s][info][gc             ] GC(579) Pause Young (Allocation Failure) 649M->82M(1984M) 11.070ms
[388.676s][info][gc,cpu         ] GC(579) User=0.09s Sys=0.00s Real=0.01s
[388.799s][info][gc,start       ] GC(580) Pause Young (Allocation Failure)
[388.814s][info][gc,heap        ] GC(580) PSYoungGen: 633397K->0K(652800K)
[388.814s][info][gc,heap        ] GC(580) PSOldGen: 57888K->84039K(1398272K)
[388.815s][info][gc,metaspace   ] GC(580) Metaspace: 23838K(24832K)->23838K(24832K) NonClass: 20912K(21504K)->20912K(21504K) Class: 2925K(3328K)->2925K(3328K)
[388.815s][info][gc             ] GC(580) Pause Young (Allocation Failure) 675M->82M(2003M) 16.013ms
[388.815s][info][gc,cpu         ] GC(580) User=0.09s Sys=0.00s Real=0.02s
[390.657s][info][gc,start       ] GC(581) Pause Young (Allocation Failure)
[390.668s][info][gc,heap        ] GC(581) PSYoungGen: 605184K->26747K(632320K)
[390.668s][info][gc,heap        ] GC(581) PSOldGen: 84039K->84039K(1398272K)
[390.668s][info][gc,metaspace   ] GC(581) Metaspace: 23838K(24832K)->23838K(24832K) NonClass: 20912K(21504K)->20912K(21504K) Class: 2925K(3328K)->2925K(3328K)
[390.668s][info][gc             ] GC(581) Pause Young (Allocation Failure) 673M->108M(1983M) 11.504ms
[390.668s][info][gc,cpu         ] GC(581) User=0.00s Sys=0.00s Real=0.03s
[390.790s][info][gc,start       ] GC(582) Pause Young (Allocation Failure)
[390.807s][info][gc,heap        ] GC(582) PSYoungGen: 631931K->0K(652288K)
[390.807s][info][gc,heap        ] GC(582) PSOldGen: 84039K->110773K(1398272K)
[390.807s][info][gc,metaspace   ] GC(582) Metaspace: 23838K(24832K)->23838K(24832K) NonClass: 20912K(21504K)->20912K(21504K) Class: 2925K(3328K)->2925K(3328K)
[390.807s][info][gc             ] GC(582) Pause Young (Allocation Failure) 699M->108M(2002M) 16.444ms
[390.807s][info][gc,cpu         ] GC(582) User=0.09s Sys=0.00s Real=0.02s
[390.874s][info][gc,start       ] GC(583) Pause Young (System.gc())
[390.875s][info][gc,heap        ] GC(583) PSYoungGen: 253520K->678K(650240K)
[390.875s][info][gc,heap        ] GC(583) PSOldGen: 110773K->110773K(1398272K)
[390.875s][info][gc,metaspace   ] GC(583) Metaspace: 23838K(24832K)->23838K(24832K) NonClass: 20912K(21504K)->20912K(21504K) Class: 2925K(3328K)->2925K(3328K)
[390.875s][info][gc             ] GC(583) Pause Young (System.gc()) 355M->108M(2000M) 1.131ms
[390.875s][info][gc,cpu         ] GC(583) User=0.00s Sys=0.00s Real=0.00s
[390.875s][info][gc,start       ] GC(584) Pause Full (System.gc())
[390.875s][info][gc,phases,start] GC(584) Phase 1: Mark live objects
[390.881s][info][gc,phases      ] GC(584) Phase 1: Mark live objects 5.399ms
[390.881s][info][gc,phases,start] GC(584) Phase 2: Compute new object addresses
[390.890s][info][gc,phases      ] GC(584) Phase 2: Compute new object addresses 8.808ms
[390.890s][info][gc,phases,start] GC(584) Phase 3: Adjust pointers
[390.894s][info][gc,phases      ] GC(584) Phase 3: Adjust pointers 4.142ms
[390.894s][info][gc,phases,start] GC(584) Phase 4: Move objects
[390.894s][info][gc,phases      ] GC(584) Phase 4: Move objects 0.009ms
[390.894s][info][gc,heap        ] GC(584) PSYoungGen: 678K->0K(650240K)
[390.894s][info][gc,heap        ] GC(584) PSOldGen: 110773K->57931K(1398272K)
[390.894s][info][gc,metaspace   ] GC(584) Metaspace: 23838K(24832K)->23838K(24832K) NonClass: 20912K(21504K)->20912K(21504K) Class: 2925K(3328K)->2925K(3328K)
[390.894s][info][gc             ] GC(584) Pause Full (System.gc()) 108M->56M(2000M) 18.788ms
[390.894s][info][gc,cpu         ] GC(584) User=0.02s Sys=0.00s Real=0.02s
[392.722s][info][gc,start       ] GC(585) Pause Young (Allocation Failure)
[392.733s][info][gc,heap        ] GC(585) PSYoungGen: 603648K->26165K(648704K)
[392.733s][info][gc,heap        ] GC(585) PSOldGen: 57931K->57931K(1398272K)
[392.733s][info][gc,metaspace   ] GC(585) Metaspace: 23838K(24832K)->23838K(24832K) NonClass: 20912K(21504K)->20912K(21504K) Class: 2925K(3328K)->2925K(3328K)
[392.733s][info][gc             ] GC(585) Pause Young (Allocation Failure) 646M->82M(1999M) 11.233ms
[392.733s][info][gc,cpu         ] GC(585) User=0.09s Sys=0.00s Real=0.02s
[392.856s][info][gc,start       ] GC(586) Pause Young (Allocation Failure)
[392.871s][info][gc,heap        ] GC(586) PSYoungGen: 629813K->0K(651264K)
[392.872s][info][gc,heap        ] GC(586) PSOldGen: 57931K->84091K(1398272K)
[392.872s][info][gc,metaspace   ] GC(586) Metaspace: 23838K(24832K)->23838K(24832K) NonClass: 20912K(21504K)->20912K(21504K) Class: 2925K(3328K)->2925K(3328K)
[392.872s][info][gc             ] GC(586) Pause Young (Allocation Failure) 671M->82M(2001M) 15.436ms
[392.872s][info][gc,cpu         ] GC(586) User=0.09s Sys=0.00s Real=0.02s
[394.711s][info][gc,start       ] GC(587) Pause Young (Allocation Failure)
[394.723s][info][gc,heap        ] GC(587) PSYoungGen: 603648K->26733K(647680K)
[394.723s][info][gc,heap        ] GC(587) PSOldGen: 84091K->84091K(1398272K)
[394.723s][info][gc,metaspace   ] GC(587) Metaspace: 23838K(24832K)->23838K(24832K) NonClass: 20912K(21504K)->20912K(21504K) Class: 2925K(3328K)->2925K(3328K)
[394.723s][info][gc             ] GC(587) Pause Young (Allocation Failure) 671M->108M(1998M) 11.934ms
[394.723s][info][gc,cpu         ] GC(587) User=0.09s Sys=0.00s Real=0.01s
[394.844s][info][gc,start       ] GC(588) Pause Young (Allocation Failure)
[394.861s][info][gc,heap        ] GC(588) PSYoungGen: 628333K->0K(650240K)
[394.861s][info][gc,heap        ] GC(588) PSOldGen: 84091K->110832K(1398272K)
[394.861s][info][gc,metaspace   ] GC(588) Metaspace: 23838K(24832K)->23838K(24832K) NonClass: 20912K(21504K)->20912K(21504K) Class: 2925K(3328K)->2925K(3328K)
[394.861s][info][gc             ] GC(588) Pause Young (Allocation Failure) 695M->108M(2000M) 16.631ms
[394.861s][info][gc,cpu         ] GC(588) User=0.09s Sys=0.00s Real=0.02s
[394.930s][info][gc,start       ] GC(589) Pause Young (System.gc())
[394.931s][info][gc,heap        ] GC(589) PSYoungGen: 264688K->710K(653824K)
[394.931s][info][gc,heap        ] GC(589) PSOldGen: 110832K->110832K(1398272K)
[394.931s][info][gc,metaspace   ] GC(589) Metaspace: 23838K(24832K)->23838K(24832K) NonClass: 20912K(21504K)->20912K(21504K) Class: 2925K(3328K)->2925K(3328K)
[394.932s][info][gc             ] GC(589) Pause Young (System.gc()) 366M->108M(2004M) 1.332ms
[394.932s][info][gc,cpu         ] GC(589) User=0.00s Sys=0.00s Real=0.00s
[394.932s][info][gc,start       ] GC(590) Pause Full (System.gc())
[394.932s][info][gc,phases,start] GC(590) Phase 1: Mark live objects
[394.937s][info][gc,phases      ] GC(590) Phase 1: Mark live objects 5.633ms
[394.937s][info][gc,phases,start] GC(590) Phase 2: Compute new object addresses
[394.946s][info][gc,phases      ] GC(590) Phase 2: Compute new object addresses 8.642ms
[394.946s][info][gc,phases,start] GC(590) Phase 3: Adjust pointers
[394.950s][info][gc,phases      ] GC(590) Phase 3: Adjust pointers 4.243ms
[394.950s][info][gc,phases,start] GC(590) Phase 4: Move objects
[394.950s][info][gc,phases      ] GC(590) Phase 4: Move objects 0.012ms
[394.951s][info][gc,heap        ] GC(590) PSYoungGen: 710K->0K(653824K)
[394.951s][info][gc,heap        ] GC(590) PSOldGen: 110832K->57975K(1398272K)
[394.951s][info][gc,metaspace   ] GC(590) Metaspace: 23838K(24832K)->23838K(24832K) NonClass: 20912K(21504K)->20912K(21504K) Class: 2925K(3328K)->2925K(3328K)
[394.951s][info][gc             ] GC(590) Pause Full (System.gc()) 108M->56M(2004M) 19.110ms
[394.951s][info][gc,cpu         ] GC(590) User=0.02s Sys=0.00s Real=0.02s
[396.776s][info][gc,start       ] GC(591) Pause Young (Allocation Failure)
[396.788s][info][gc,heap        ] GC(591) PSYoungGen: 607232K->26133K(633856K)
[396.788s][info][gc,heap        ] GC(591) PSOldGen: 57975K->57975K(1398272K)
[396.788s][info][gc,metaspace   ] GC(591) Metaspace: 23838K(24832K)->23838K(24832K) NonClass: 20912K(21504K)->20912K(21504K) Class: 2925K(3328K)->2925K(3328K)
[396.788s][info][gc             ] GC(591) Pause Young (Allocation Failure) 649M->82M(1984M) 11.594ms
[396.788s][info][gc,cpu         ] GC(591) User=0.08s Sys=0.02s Real=0.02s
[396.912s][info][gc,start       ] GC(592) Pause Young (Allocation Failure)
[396.927s][info][gc,heap        ] GC(592) PSYoungGen: 633365K->0K(652800K)
[396.928s][info][gc,heap        ] GC(592) PSOldGen: 57975K->84134K(1398272K)
[396.928s][info][gc,metaspace   ] GC(592) Metaspace: 23838K(24832K)->23838K(24832K) NonClass: 20912K(21504K)->20912K(21504K) Class: 2925K(3328K)->2925K(3328K)
[396.928s][info][gc             ] GC(592) Pause Young (Allocation Failure) 675M->82M(2003M) 15.748ms
[396.928s][info][gc,cpu         ] GC(592) User=0.09s Sys=0.00s Real=0.02s
[398.764s][info][gc,start       ] GC(593) Pause Young (Allocation Failure)
[398.776s][info][gc,heap        ] GC(593) PSYoungGen: 605184K->26765K(632320K)
[398.776s][info][gc,heap        ] GC(593) PSOldGen: 84134K->84134K(1398272K)
[398.776s][info][gc,metaspace   ] GC(593) Metaspace: 23838K(24832K)->23838K(24832K) NonClass: 20912K(21504K)->20912K(21504K) Class: 2925K(3328K)->2925K(3328K)
[398.776s][info][gc             ] GC(593) Pause Young (Allocation Failure) 673M->108M(1983M) 11.711ms
[398.776s][info][gc,cpu         ] GC(593) User=0.00s Sys=0.00s Real=0.03s
[398.899s][info][gc,start       ] GC(594) Pause Young (Allocation Failure)
[398.915s][info][gc,heap        ] GC(594) PSYoungGen: 631949K->0K(652288K)
[398.915s][info][gc,heap        ] GC(594) PSOldGen: 84134K->110860K(1398272K)
[398.915s][info][gc,metaspace   ] GC(594) Metaspace: 23838K(24832K)->23838K(24832K) NonClass: 20912K(21504K)->20912K(21504K) Class: 2925K(3328K)->2925K(3328K)
[398.915s][info][gc             ] GC(594) Pause Young (Allocation Failure) 699M->108M(2002M) 15.689ms
[398.915s][info][gc,cpu         ] GC(594) User=0.09s Sys=0.00s Real=0.02s
[398.982s][info][gc,start       ] GC(595) Pause Young (System.gc())
[398.983s][info][gc,heap        ] GC(595) PSYoungGen: 253519K->678K(650240K)
[398.983s][info][gc,heap        ] GC(595) PSOldGen: 110860K->110860K(1398272K)
[398.983s][info][gc,metaspace   ] GC(595) Metaspace: 23838K(24832K)->23838K(24832K) NonClass: 20912K(21504K)->20912K(21504K) Class: 2925K(3328K)->2925K(3328K)
[398.983s][info][gc             ] GC(595) Pause Young (System.gc()) 355M->108M(2000M) 1.190ms
[398.983s][info][gc,cpu         ] GC(595) User=0.03s Sys=0.00s Real=0.00s
[398.983s][info][gc,start       ] GC(596) Pause Full (System.gc())
[398.983s][info][gc,phases,start] GC(596) Phase 1: Mark live objects
[398.989s][info][gc,phases      ] GC(596) Phase 1: Mark live objects 5.457ms
[398.989s][info][gc,phases,start] GC(596) Phase 2: Compute new object addresses
[398.997s][info][gc,phases      ] GC(596) Phase 2: Compute new object addresses 8.700ms
[398.997s][info][gc,phases,start] GC(596) Phase 3: Adjust pointers
[399.002s][info][gc,phases      ] GC(596) Phase 3: Adjust pointers 4.224ms
[399.002s][info][gc,phases,start] GC(596) Phase 4: Move objects
[399.002s][info][gc,phases      ] GC(596) Phase 4: Move objects 0.009ms
[399.002s][info][gc,heap        ] GC(596) PSYoungGen: 678K->0K(650240K)
[399.002s][info][gc,heap        ] GC(596) PSOldGen: 110860K->4987K(1398272K)
[399.002s][info][gc,metaspace   ] GC(596) Metaspace: 23838K(24832K)->23838K(24832K) NonClass: 20912K(21504K)->20912K(21504K) Class: 2925K(3328K)->2925K(3328K)
[399.002s][info][gc             ] GC(596) Pause Full (System.gc()) 108M->4M(2000M) 18.850ms
[399.002s][info][gc,cpu         ] GC(596) User=0.02s Sys=0.00s Real=0.03s
[400.826s][info][gc,start       ] GC(597) Pause Young (Allocation Failure)
[400.837s][info][gc,heap        ] GC(597) PSYoungGen: 603648K->26165K(648704K)
[400.837s][info][gc,heap        ] GC(597) PSOldGen: 4987K->4987K(1398272K)
[400.837s][info][gc,metaspace   ] GC(597) Metaspace: 23838K(24832K)->23838K(24832K) NonClass: 20912K(21504K)->20912K(21504K) Class: 2925K(3328K)->2925K(3328K)
[400.837s][info][gc             ] GC(597) Pause Young (Allocation Failure) 594M->30M(1999M) 11.248ms
[400.837s][info][gc,cpu         ] GC(597) User=0.00s Sys=0.00s Real=0.01s
[400.960s][info][gc,start       ] GC(598) Pause Young (Allocation Failure)
[400.976s][info][gc,heap        ] GC(598) PSYoungGen: 629813K->0K(651264K)
[400.976s][info][gc,heap        ] GC(598) PSOldGen: 4987K->31146K(1398272K)
[400.976s][info][gc,metaspace   ] GC(598) Metaspace: 23838K(24832K)->23838K(24832K) NonClass: 20912K(21504K)->20912K(21504K) Class: 2925K(3328K)->2925K(3328K)
[400.976s][info][gc             ] GC(598) Pause Young (Allocation Failure) 619M->30M(2001M) 15.510ms
[400.976s][info][gc,cpu         ] GC(598) User=0.09s Sys=0.00s Real=0.02s
[402.818s][info][gc,start       ] GC(599) Pause Young (Allocation Failure)
[402.830s][info][gc,heap        ] GC(599) PSYoungGen: 603648K->26765K(647680K)
[402.830s][info][gc,heap        ] GC(599) PSOldGen: 31146K->31146K(1398272K)
[402.830s][info][gc,metaspace   ] GC(599) Metaspace: 23838K(24832K)->23838K(24832K) NonClass: 20912K(21504K)->20912K(21504K) Class: 2925K(3328K)->2925K(3328K)
[402.830s][info][gc             ] GC(599) Pause Young (Allocation Failure) 619M->56M(1998M) 11.658ms
[402.830s][info][gc,cpu         ] GC(599) User=0.09s Sys=0.00s Real=0.02s
[402.952s][info][gc,start       ] GC(600) Pause Young (Allocation Failure)
[402.967s][info][gc,heap        ] GC(600) PSYoungGen: 628365K->0K(650240K)
[402.970s][info][gc,heap        ] GC(600) PSOldGen: 31146K->57888K(1398272K)
[402.970s][info][gc,metaspace   ] GC(600) Metaspace: 23838K(24832K)->23838K(24832K) NonClass: 20912K(21504K)->20912K(21504K) Class: 2925K(3328K)->2925K(3328K)
[402.970s][info][gc             ] GC(600) Pause Young (Allocation Failure) 644M->56M(2000M) 17.631ms
[402.970s][info][gc,cpu         ] GC(600) User=0.09s Sys=0.00s Real=0.02s
[403.042s][info][gc,heap,exit   ] Heap
[403.042s][info][gc,heap,exit   ]  PSYoungGen      total 650240K, used 312817K [0x00000000d5580000, 0x0000000100000000, 0x0000000100000000)
[403.042s][info][gc,heap,exit   ]   eden space 601600K, 51% used [0x00000000d5580000,0x00000000e86fc618,0x00000000fa100000)
[403.042s][info][gc,heap,exit   ]   from space 48640K, 0% used [0x00000000fa100000,0x00000000fa100000,0x00000000fd080000)
[403.043s][info][gc,heap,exit   ]   to   space 46592K, 0% used [0x00000000fd280000,0x00000000fd280000,0x0000000100000000)
[403.043s][info][gc,heap,exit   ]  PSOldGen        total 1398272K, used 57888K [0x0000000080000000, 0x00000000d5580000, 0x00000000d5580000)
[403.043s][info][gc,heap,exit   ]   object space 1398272K, 4% used [0x0000000080000000,0x00000000838880c0,0x00000000d5580000)
[403.043s][info][gc,heap,exit   ]  Metaspace       used 23911K, capacity 24682K, committed 24832K, reserved 1071104K
[403.043s][info][gc,heap,exit   ]   class space    used 2936K, capacity 3245K, committed 3328K, reserved 1048576K
