[0.007s][info][gc] Min heap equals to max heap, disabling ShenandoahUncommit
[0.011s][info][gc] Heuristics ergonomically sets -XX:+ExplicitGCInvokesConcurrent
[0.011s][info][gc] Heuristics ergonomically sets -XX:+ShenandoahImplicitGCInvokesConcurrent
[0.011s][info][gc] Using Shenandoah
[0.013s][info][gc,ergo] Pacer for Idle. Initial: 20971K, Alloc Tax Rate: 1.0x
[0.013s][info][gc,init] Version: 17.0.12+7-adhoc..jdk17u (release)
[0.013s][info][gc,init] CPUs: 6 total, 6 available
[0.013s][info][gc,init] Memory: 15591M
[0.013s][info][gc,init] Large Page Support: Disabled
[0.013s][info][gc,init] NUMA Support: Disabled
[0.013s][info][gc,init] Compressed Oops: Enabled (32-bit)
[0.013s][info][gc,init] Heap Min Capacity: 1G
[0.014s][info][gc,init] Heap Initial Capacity: 1G
[0.014s][info][gc,init] Heap Max Capacity: 1G
[0.014s][info][gc,init] Pre-touch: Disabled
[0.014s][info][gc,init] Mode: Snapshot-At-The-Beginning (SATB)
[0.014s][info][gc,init] Heuristics: Adaptive
[0.014s][info][gc,init] Heap Region Count: 2048
[0.014s][info][gc,init] Heap Region Size: 512K
[0.014s][info][gc,init] TLAB Size Max: 512K
[0.014s][info][gc,init] Humongous Object Threshold: 512K
[0.014s][info][gc,init] Parallel Workers: 3
[0.014s][info][gc,init] Concurrent Workers: 1
[0.020s][info][gc,metaspace] CDS archive(s) mapped at: [0x0000017b00000000-0x0000017b00bc0000-0x0000017b00bc0000), size 12320768, SharedBaseAddress: 0x0000017b00000000, ArchiveRelocationMode: 1.
[0.020s][info][gc,metaspace] Compressed class space mapped at: 0x0000017b01000000-0x0000017b41000000, reserved size: 1073741824
[0.020s][info][gc,metaspace] Narrow klass base: 0x0000017b00000000, Narrow klass shift: 0, Narrow klass range: 0x100000000
[0.330s][info][gc          ] Trigger: Explicit GC request (System.gc())
[0.330s][info][gc,ergo     ] Free: 960M, Max: 512K regular, 960M humongous, Frag: 0% external, 0% internal; Reserve: 52736K, Max: 512K
[0.330s][info][gc,start    ] GC(0) Concurrent reset
[0.330s][info][gc,task     ] GC(0) Using 1 of 3 workers for concurrent reset
[0.330s][info][gc,ergo     ] GC(0) Pacer for Reset. Non-Taxable: 1024M
[0.330s][info][gc          ] GC(0) Concurrent reset 0.373ms
[0.330s][info][gc,start    ] GC(0) Pause Init Mark (unload classes)
[0.331s][info][gc,task     ] GC(0) Using 3 of 3 workers for init marking
[0.331s][info][gc,ref      ] GC(0) Clearing All SoftReferences
[0.331s][info][gc,ergo     ] GC(0) Pacer for Mark. Expected Live: 102M, Free: 960M, Non-Taxable: 98355K, Alloc Tax Rate: 0.1x
[0.331s][info][gc          ] GC(0) Pause Init Mark (unload classes) 0.452ms
[0.331s][info][gc,start    ] GC(0) Concurrent marking roots
[0.331s][info][gc,task     ] GC(0) Using 1 of 3 workers for concurrent marking roots
[0.331s][info][gc          ] GC(0) Concurrent marking roots 0.491ms
[0.331s][info][gc,start    ] GC(0) Concurrent marking (unload classes)
[0.331s][info][gc,task     ] GC(0) Using 1 of 3 workers for concurrent marking
[0.335s][info][gc          ] GC(0) Concurrent marking (unload classes) 3.197ms
[0.335s][info][gc,start    ] GC(0) Pause Final Mark (unload classes)
[0.335s][info][gc,task     ] GC(0) Using 3 of 3 workers for final marking
[0.335s][info][gc,ergo     ] GC(0) Adaptive CSet Selection. Target Free: 145M, Actual Free: 1014M, Max CSet: 43690K, Min Garbage: 0B
[0.335s][info][gc,ergo     ] GC(0) Collectable Garbage: 8610K (97%), Immediate: 2688K (30%), CSet: 5922K (67%)
[0.335s][info][gc,ergo     ] GC(0) Pacer for Evacuation. Used CSet: 8192K, Free: 963M, Non-Taxable: 98662K, Alloc Tax Rate: 1.1x
[0.335s][info][gc          ] GC(0) Pause Final Mark (unload classes) 0.460ms
[0.335s][info][gc,start    ] GC(0) Concurrent thread roots
[0.335s][info][gc,task     ] GC(0) Using 1 of 3 workers for Concurrent thread roots
[0.336s][info][gc          ] GC(0) Concurrent thread roots 0.543ms
[0.336s][info][gc,start    ] GC(0) Concurrent weak references
[0.336s][info][gc,task     ] GC(0) Using 1 of 3 workers for concurrent weak references
[0.336s][info][gc,ref      ] GC(0) Encountered references: Soft: 115, Weak: 333, Final: 3, Phantom: 87
[0.336s][info][gc,ref      ] GC(0) Discovered  references: Soft: 87, Weak: 197, Final: 1, Phantom: 83
[0.336s][info][gc,ref      ] GC(0) Enqueued    references: Soft: 47, Weak: 69, Final: 0, Phantom: 33
[0.336s][info][gc          ] GC(0) Concurrent weak references 0.186ms
[0.336s][info][gc,start    ] GC(0) Concurrent weak roots
[0.336s][info][gc,task     ] GC(0) Using 1 of 3 workers for concurrent weak root
[0.337s][info][gc          ] GC(0) Concurrent weak roots 0.502ms
[0.337s][info][gc,start    ] GC(0) Concurrent cleanup
[0.337s][info][gc          ] GC(0) Concurrent cleanup 11M->9M(1024M) 0.020ms
[0.337s][info][gc,ergo     ] GC(0) Free: 963M, Max: 512K regular, 960M humongous, Frag: 1% external, 0% internal; Reserve: 52645K, Max: 512K
[0.337s][info][gc,start    ] GC(0) Concurrent class unloading
[0.337s][info][gc,task     ] GC(0) Using 1 of 3 workers for concurrent class unloading
[0.338s][info][gc          ] GC(0) Concurrent class unloading 1.453ms
[0.338s][info][gc,start    ] GC(0) Concurrent strong roots
[0.338s][info][gc,task     ] GC(0) Using 1 of 3 workers for concurrent strong root
[0.338s][info][gc          ] GC(0) Concurrent strong roots 0.191ms
[0.338s][info][gc,start    ] GC(0) Concurrent evacuation
[0.338s][info][gc,task     ] GC(0) Using 1 of 3 workers for concurrent evacuation
[0.340s][info][gc          ] GC(0) Concurrent evacuation 1.212ms
[0.340s][info][gc,start    ] GC(0) Pause Init Update Refs
[0.340s][info][gc,ergo     ] GC(0) Pacer for Update Refs. Used: 11776K, Free: 963M, Non-Taxable: 98662K, Alloc Tax Rate: 1.1x
[0.340s][info][gc          ] GC(0) Pause Init Update Refs 0.048ms
[0.340s][info][gc,start    ] GC(0) Concurrent update references
[0.340s][info][gc,task     ] GC(0) Using 1 of 3 workers for concurrent reference update
[0.341s][info][gc          ] GC(0) Concurrent update references 1.257ms
[0.341s][info][gc,start    ] GC(0) Concurrent update thread roots
[0.341s][info][gc          ] GC(0) Concurrent update thread roots 0.326ms
[0.341s][info][gc,start    ] GC(0) Pause Final Update Refs
[0.341s][info][gc,task     ] GC(0) Using 3 of 3 workers for final reference update
[0.341s][info][gc          ] GC(0) Pause Final Update Refs 0.105ms
[0.342s][info][gc,start    ] GC(0) Concurrent cleanup
[0.342s][info][gc          ] GC(0) Concurrent cleanup 11M->3M(1024M) 0.060ms
[0.342s][info][gc,ergo     ] Free: 969M, Max: 512K regular, 966M humongous, Frag: 1% external, 0% internal; Reserve: 52736K, Max: 512K
[0.342s][info][gc,stats    ] 
[0.342s][info][gc,stats    ] All times are wall-clock times, except per-root-class counters, that are sum over
[0.342s][info][gc,stats    ] all workers. Dividing the <total> over the root stage time estimates parallelism.
[0.342s][info][gc,stats    ] 
[0.342s][info][gc,stats    ] Concurrent Reset                    443 us
[0.342s][info][gc,stats    ] Pause Init Mark (G)                 698 us
[0.342s][info][gc,stats    ] Pause Init Mark (N)                 477 us
[0.342s][info][gc,stats    ]   Update Region States               49 us
[0.342s][info][gc,stats    ] Concurrent Mark Roots               510 us, parallelism: 0.71x
[0.342s][info][gc,stats    ]   CMR: <total>                      362 us
[0.342s][info][gc,stats    ]   CMR: Thread Roots                 246 us, workers (us): 246, ---, ---, 
[0.342s][info][gc,stats    ]   CMR: VM Strong Roots               24 us, workers (us):  24, ---, ---, 
[0.342s][info][gc,stats    ]   CMR: CLDG Roots                    92 us, workers (us):  92, ---, ---, 
[0.342s][info][gc,stats    ] Concurrent Marking                 3252 us
[0.342s][info][gc,stats    ] Pause Final Mark (G)                568 us
[0.342s][info][gc,stats    ] Pause Final Mark (N)                478 us
[0.342s][info][gc,stats    ]   Finish Mark                       136 us
[0.342s][info][gc,stats    ]   Update Region States              115 us
[0.342s][info][gc,stats    ]   Choose Collection Set              83 us
[0.342s][info][gc,stats    ]   Rebuild Free Set                   16 us
[0.342s][info][gc,stats    ] Concurrent Thread Roots             566 us, parallelism: 0.78x
[0.342s][info][gc,stats    ]   CTR: <total>                      443 us
[0.342s][info][gc,stats    ]   CTR: Thread Roots                 443 us, workers (us): 443, ---, ---, 
[0.342s][info][gc,stats    ] Concurrent Weak References          194 us, parallelism: 0.18x
[0.342s][info][gc,stats    ]   CWRF: <total>                      34 us
[0.342s][info][gc,stats    ]   CWRF: Weak References              34 us, workers (us):  34, ---, ---, 
[0.342s][info][gc,stats    ] Concurrent Weak Roots               522 us
[0.342s][info][gc,stats    ]   Roots                             411 us, parallelism: 0.84x
[0.342s][info][gc,stats    ]     CWR: <total>                    347 us
[0.342s][info][gc,stats    ]     CWR: Code Cache Roots           135 us, workers (us): 135, ---, ---, 
[0.342s][info][gc,stats    ]     CWR: VM Weak Roots              210 us, workers (us): 210, ---, ---, 
[0.342s][info][gc,stats    ]     CWR: CLDG Roots                   2 us, workers (us):   2, ---, ---, 
[0.342s][info][gc,stats    ]   Rendezvous                         74 us
[0.342s][info][gc,stats    ] Concurrent Cleanup                   28 us
[0.342s][info][gc,stats    ] Concurrent Class Unloading         1499 us
[0.342s][info][gc,stats    ]   Unlink Stale                     1289 us
[0.342s][info][gc,stats    ]     System Dictionary                84 us
[0.342s][info][gc,stats    ]     Weak Class Links                560 us
[0.342s][info][gc,stats    ]     Code Roots                      643 us
[0.342s][info][gc,stats    ]   Rendezvous                         46 us
[0.342s][info][gc,stats    ]   Purge Unlinked                     99 us
[0.342s][info][gc,stats    ]     Code Roots                       60 us
[0.342s][info][gc,stats    ]     CLDG                             39 us
[0.342s][info][gc,stats    ]     Exception Caches                  0 us
[0.342s][info][gc,stats    ] Concurrent Strong Roots             211 us, parallelism: 0.66x
[0.342s][info][gc,stats    ]   CSR: <total>                      140 us
[0.342s][info][gc,stats    ]   CSR: VM Strong Roots                6 us, workers (us):   6, ---, ---, 
[0.342s][info][gc,stats    ]   CSR: CLDG Roots                   134 us, workers (us): 134, ---, ---, 
[0.342s][info][gc,stats    ] Concurrent Evacuation              1258 us
[0.342s][info][gc,stats    ] Pause Init Update Refs (G)          114 us
[0.342s][info][gc,stats    ] Pause Init Update Refs (N)           56 us
[0.342s][info][gc,stats    ]   Manage GCLABs                       2 us
[0.342s][info][gc,stats    ] Concurrent Update Refs             1276 us
[0.342s][info][gc,stats    ] Concurrent Update Thread Roots      364 us
[0.342s][info][gc,stats    ] Pause Final Update Refs (G)         190 us
[0.342s][info][gc,stats    ] Pause Final Update Refs (N)         116 us
[0.342s][info][gc,stats    ]   Update Region States               38 us
[0.342s][info][gc,stats    ]   Trash Collection Set                2 us
[0.342s][info][gc,stats    ]   Rebuild Free Set                   10 us
[0.342s][info][gc,stats    ] Concurrent Cleanup                   81 us
[0.342s][info][gc,stats    ] 
[0.342s][info][gc,stats    ] Allocation pacing accrued:
[0.342s][info][gc,stats    ]       0 of   329 ms (  0.0%): <total>
[0.342s][info][gc,stats    ]       0 of   329 ms (  0.0%): <average total>
[0.342s][info][gc,stats    ] 
[0.342s][info][gc,metaspace] Metaspace: 2668K(2880K)->2653K(2880K) NonClass: 2398K(2496K)->2387K(2496K) Class: 269K(384K)->265K(384K)
[0.342s][info][gc,ergo     ] Pacer for Idle. Initial: 20971K, Alloc Tax Rate: 1.0x
[1.869s][info][gc          ] Trigger: Metadata GC Threshold
[1.869s][info][gc,ergo     ] Free: 891M, Max: 512K regular, 891M humongous, Frag: 0% external, 0% internal; Reserve: 52736K, Max: 512K
[1.869s][info][gc,start    ] GC(1) Concurrent reset
[1.869s][info][gc,task     ] GC(1) Using 1 of 3 workers for concurrent reset
[1.869s][info][gc,ergo     ] GC(1) Pacer for Reset. Non-Taxable: 1024M
[1.869s][info][gc          ] GC(1) Concurrent reset 0.120ms
[1.869s][info][gc,start    ] GC(1) Pause Init Mark (unload classes)
[1.869s][info][gc,task     ] GC(1) Using 3 of 3 workers for init marking
[1.869s][info][gc,ergo     ] GC(1) Pacer for Mark. Expected Live: 3110K, Free: 891M, Non-Taxable: 91290K, Alloc Tax Rate: 0.0x
[1.869s][info][gc          ] GC(1) Pause Init Mark (unload classes) 0.210ms
[1.869s][info][gc,start    ] GC(1) Concurrent marking roots
[1.869s][info][gc,task     ] GC(1) Using 1 of 3 workers for concurrent marking roots
[1.870s][info][gc          ] GC(1) Concurrent marking roots 0.786ms
[1.870s][info][gc,start    ] GC(1) Concurrent marking (unload classes)
[1.870s][info][gc,task     ] GC(1) Using 1 of 3 workers for concurrent marking
[1.884s][info][gc          ] GC(1) Concurrent marking (unload classes) 13.812ms
[1.884s][info][gc,start    ] GC(1) Pause Final Mark (unload classes)
[1.884s][info][gc,task     ] GC(1) Using 3 of 3 workers for final marking
[1.884s][info][gc,ergo     ] GC(1) Adaptive CSet Selection. Target Free: 145M, Actual Free: 943M, Max CSet: 43690K, Min Garbage: 0B
[1.884s][info][gc,ergo     ] GC(1) Collectable Garbage: 72419K (99%), Immediate: 2555K (3%), CSet: 69864K (96%)
[1.884s][info][gc,ergo     ] GC(1) Pacer for Evacuation. Used CSet: 77152K, Free: 892M, Non-Taxable: 91392K, Alloc Tax Rate: 1.1x
[1.884s][info][gc          ] GC(1) Pause Final Mark (unload classes) 0.254ms
[1.885s][info][gc,start    ] GC(1) Concurrent thread roots
[1.885s][info][gc,task     ] GC(1) Using 1 of 3 workers for Concurrent thread roots
[1.885s][info][gc          ] GC(1) Concurrent thread roots 0.911ms
[1.886s][info][gc,start    ] GC(1) Concurrent weak references
[1.886s][info][gc,task     ] GC(1) Using 1 of 3 workers for concurrent weak references
[1.886s][info][gc,ref      ] GC(1) Encountered references: Soft: 3402, Weak: 1681, Final: 111, Phantom: 261
[1.886s][info][gc,ref      ] GC(1) Discovered  references: Soft: 0, Weak: 825, Final: 109, Phantom: 213
[1.886s][info][gc,ref      ] GC(1) Enqueued    references: Soft: 0, Weak: 346, Final: 102, Phantom: 101
[1.886s][info][gc          ] GC(1) Concurrent weak references 0.332ms
[1.886s][info][gc,start    ] GC(1) Concurrent weak roots
[1.886s][info][gc,task     ] GC(1) Using 1 of 3 workers for concurrent weak root
[1.888s][info][gc          ] GC(1) Concurrent weak roots 2.477ms
[1.888s][info][gc,start    ] GC(1) Concurrent cleanup
[1.888s][info][gc          ] GC(1) Concurrent cleanup 83M->81M(1024M) 0.033ms
[1.888s][info][gc,ergo     ] GC(1) Free: 892M, Max: 512K regular, 889M humongous, Frag: 1% external, 0% internal; Reserve: 51679K, Max: 512K
[1.888s][info][gc,start    ] GC(1) Concurrent class unloading
[1.888s][info][gc,task     ] GC(1) Using 1 of 3 workers for concurrent class unloading
[1.894s][info][gc          ] GC(1) Concurrent class unloading 5.361ms
[1.894s][info][gc,start    ] GC(1) Concurrent strong roots
[1.894s][info][gc,task     ] GC(1) Using 1 of 3 workers for concurrent strong root
[1.895s][info][gc          ] GC(1) Concurrent strong roots 0.917ms
[1.895s][info][gc,start    ] GC(1) Concurrent evacuation
[1.895s][info][gc,task     ] GC(1) Using 1 of 3 workers for concurrent evacuation
[1.901s][info][gc          ] GC(1) Concurrent evacuation 6.421ms
[1.901s][info][gc,start    ] GC(1) Pause Init Update Refs
[1.901s][info][gc,ergo     ] GC(1) Pacer for Update Refs. Used: 91952K, Free: 890M, Non-Taxable: 91191K, Alloc Tax Rate: 1.1x
[1.901s][info][gc          ] GC(1) Pause Init Update Refs 0.039ms
[1.902s][info][gc,start    ] GC(1) Concurrent update references
[1.902s][info][gc,task     ] GC(1) Using 1 of 3 workers for concurrent reference update
[1.910s][info][gc          ] GC(1) Concurrent update references 8.443ms
[1.910s][info][gc,start    ] GC(1) Concurrent update thread roots
[1.911s][info][gc          ] GC(1) Concurrent update thread roots 0.758ms
[1.911s][info][gc,start    ] GC(1) Pause Final Update Refs
[1.911s][info][gc,task     ] GC(1) Using 3 of 3 workers for final reference update
[1.911s][info][gc          ] GC(1) Pause Final Update Refs 0.193ms
[1.911s][info][gc,start    ] GC(1) Concurrent cleanup
[1.911s][info][gc          ] GC(1) Concurrent cleanup 90M->15M(1024M) 0.036ms
[1.911s][info][gc,ergo     ] Free: 957M, Max: 512K regular, 882M humongous, Frag: 8% external, 0% internal; Reserve: 52736K, Max: 512K
[1.911s][info][gc,stats    ] 
[1.911s][info][gc,stats    ] All times are wall-clock times, except per-root-class counters, that are sum over
[1.911s][info][gc,stats    ] all workers. Dividing the <total> over the root stage time estimates parallelism.
[1.911s][info][gc,stats    ] 
[1.911s][info][gc,stats    ] Concurrent Reset                    133 us
[1.911s][info][gc,stats    ] Pause Init Mark (G)                 548 us
[1.911s][info][gc,stats    ] Pause Init Mark (N)                 221 us
[1.911s][info][gc,stats    ]   Update Region States              102 us
[1.911s][info][gc,stats    ] Concurrent Mark Roots               830 us, parallelism: 0.83x
[1.911s][info][gc,stats    ]   CMR: <total>                      688 us
[1.911s][info][gc,stats    ]   CMR: Thread Roots                 525 us, workers (us): 525, ---, ---, 
[1.911s][info][gc,stats    ]   CMR: VM Strong Roots               27 us, workers (us):  27, ---, ---, 
[1.911s][info][gc,stats    ]   CMR: CLDG Roots                   136 us, workers (us): 136, ---, ---, 
[1.911s][info][gc,stats    ] Concurrent Marking                13882 us
[1.911s][info][gc,stats    ] Pause Final Mark (G)                546 us
[1.911s][info][gc,stats    ] Pause Final Mark (N)                266 us
[1.911s][info][gc,stats    ]   Finish Mark                        76 us
[1.911s][info][gc,stats    ]   Update Region States               29 us
[1.911s][info][gc,stats    ]   Choose Collection Set              97 us
[1.911s][info][gc,stats    ]   Rebuild Free Set                    8 us
[1.911s][info][gc,stats    ] Concurrent Thread Roots             959 us, parallelism: 0.89x
[1.911s][info][gc,stats    ]   CTR: <total>                      854 us
[1.911s][info][gc,stats    ]   CTR: Thread Roots                 854 us, workers (us): 854, ---, ---, 
[1.911s][info][gc,stats    ] Concurrent Weak References          340 us, parallelism: 0.71x
[1.911s][info][gc,stats    ]   CWRF: <total>                     240 us
[1.911s][info][gc,stats    ]   CWRF: Weak References             240 us, workers (us): 240, ---, ---, 
[1.911s][info][gc,stats    ] Concurrent Weak Roots              2539 us
[1.911s][info][gc,stats    ]   Roots                            2373 us, parallelism: 0.86x
[1.911s][info][gc,stats    ]     CWR: <total>                   2038 us
[1.911s][info][gc,stats    ]     CWR: Code Cache Roots          1115 us, workers (us): 1115, ---, ---, 
[1.911s][info][gc,stats    ]     CWR: VM Weak Roots              914 us, workers (us): 914, ---, ---, 
[1.911s][info][gc,stats    ]     CWR: CLDG Roots                   8 us, workers (us):   8, ---, ---, 
[1.911s][info][gc,stats    ]   Rendezvous                         83 us
[1.911s][info][gc,stats    ] Concurrent Cleanup                   42 us
[1.911s][info][gc,stats    ] Concurrent Class Unloading         5419 us
[1.911s][info][gc,stats    ]   Unlink Stale                     4925 us
[1.911s][info][gc,stats    ]     System Dictionary                 9 us
[1.911s][info][gc,stats    ]     Weak Class Links                  0 us
[1.911s][info][gc,stats    ]     Code Roots                     4915 us
[1.911s][info][gc,stats    ]   Rendezvous                        157 us
[1.911s][info][gc,stats    ]   Purge Unlinked                    260 us
[1.911s][info][gc,stats    ]     Code Roots                      253 us
[1.912s][info][gc,stats    ]     CLDG                              6 us
[1.912s][info][gc,stats    ]     Exception Caches                  0 us
[1.912s][info][gc,stats    ] Concurrent Strong Roots             975 us, parallelism: 0.85x
[1.912s][info][gc,stats    ]   CSR: <total>                      832 us
[1.912s][info][gc,stats    ]   CSR: VM Strong Roots               26 us, workers (us):  26, ---, ---, 
[1.912s][info][gc,stats    ]   CSR: CLDG Roots                   806 us, workers (us): 806, ---, ---, 
[1.912s][info][gc,stats    ] Concurrent Evacuation              6482 us
[1.912s][info][gc,stats    ] Pause Init Update Refs (G)          181 us
[1.912s][info][gc,stats    ] Pause Init Update Refs (N)           47 us
[1.912s][info][gc,stats    ]   Manage GCLABs                       3 us
[1.912s][info][gc,stats    ] Concurrent Update Refs             8517 us
[1.912s][info][gc,stats    ] Concurrent Update Thread Roots      787 us
[1.912s][info][gc,stats    ] Pause Final Update Refs (G)         293 us
[1.912s][info][gc,stats    ] Pause Final Update Refs (N)         210 us
[1.912s][info][gc,stats    ]   Update Region States               42 us
[1.912s][info][gc,stats    ]   Trash Collection Set                5 us
[1.912s][info][gc,stats    ]   Rebuild Free Set                   15 us
[1.912s][info][gc,stats    ] Concurrent Cleanup                   48 us
[1.912s][info][gc,stats    ] 
[1.912s][info][gc,stats    ] Allocation pacing accrued:
[1.912s][info][gc,stats    ]       0 of  1569 ms (  0.0%): <total>
[1.912s][info][gc,stats    ]       0 of  1569 ms (  0.0%): <average total>
[1.912s][info][gc,stats    ] 
[1.912s][info][gc,metaspace] Metaspace: 21371K(21568K)->21428K(21632K) NonClass: 18852K(18944K)->18909K(19008K) Class: 2518K(2624K)->2518K(2624K)
[1.912s][info][gc,ergo     ] Pacer for Idle. Initial: 20971K, Alloc Tax Rate: 1.0x
[3.385s][info][gc          ] Trigger: Learning 3 of 5. Free (716M) is below initial threshold (716M)
[3.385s][info][gc,ergo     ] Free: 716M, Max: 512K regular, 716M humongous, Frag: 0% external, 0% internal; Reserve: 52736K, Max: 512K
[3.386s][info][gc,start    ] GC(2) Concurrent reset
[3.386s][info][gc,task     ] GC(2) Using 1 of 3 workers for concurrent reset
[3.386s][info][gc,ergo     ] GC(2) Pacer for Reset. Non-Taxable: 1024M
[3.386s][info][gc          ] GC(2) Concurrent reset 0.569ms
[3.386s][info][gc,start    ] GC(2) Pause Init Mark (unload classes)
[3.386s][info][gc,task     ] GC(2) Using 3 of 3 workers for init marking
[3.386s][info][gc,ergo     ] GC(2) Pacer for Mark. Expected Live: 6557K, Free: 716M, Non-Taxable: 73322K, Alloc Tax Rate: 0.0x
[3.386s][info][gc          ] GC(2) Pause Init Mark (unload classes) 0.109ms
[3.386s][info][gc,start    ] GC(2) Concurrent marking roots
[3.386s][info][gc,task     ] GC(2) Using 1 of 3 workers for concurrent marking roots
[3.387s][info][gc          ] GC(2) Concurrent marking roots 0.982ms
[3.387s][info][gc,start    ] GC(2) Concurrent marking (unload classes)
[3.387s][info][gc,task     ] GC(2) Using 1 of 3 workers for concurrent marking
[3.407s][info][gc          ] GC(2) Concurrent marking (unload classes) 19.498ms
[3.407s][info][gc,start    ] GC(2) Pause Final Mark (unload classes)
[3.407s][info][gc,task     ] GC(2) Using 3 of 3 workers for final marking
[3.407s][info][gc,ergo     ] GC(2) Adaptive CSet Selection. Target Free: 145M, Actual Free: 912M, Max CSet: 43690K, Min Garbage: 0B
[3.407s][info][gc,ergo     ] GC(2) Collectable Garbage: 239M (99%), Immediate: 148M (61%), CSet: 92974K (37%)
[3.407s][info][gc,ergo     ] GC(2) Pacer for Evacuation. Used CSet: 101672K, Free: 861M, Non-Taxable: 88218K, Alloc Tax Rate: 1.1x
[3.407s][info][gc          ] GC(2) Pause Final Mark (unload classes) 0.244ms
[3.407s][info][gc,start    ] GC(2) Concurrent thread roots
[3.407s][info][gc,task     ] GC(2) Using 1 of 3 workers for Concurrent thread roots
[3.408s][info][gc          ] GC(2) Concurrent thread roots 0.932ms
[3.408s][info][gc,start    ] GC(2) Concurrent weak references
[3.408s][info][gc,task     ] GC(2) Using 1 of 3 workers for concurrent weak references
[3.409s][info][gc,ref      ] GC(2) Encountered references: Soft: 3502, Weak: 2002, Final: 97, Phantom: 237
[3.409s][info][gc,ref      ] GC(2) Discovered  references: Soft: 0, Weak: 1073, Final: 95, Phantom: 214
[3.409s][info][gc,ref      ] GC(2) Enqueued    references: Soft: 0, Weak: 632, Final: 88, Phantom: 83
[3.409s][info][gc          ] GC(2) Concurrent weak references 0.298ms
[3.409s][info][gc,start    ] GC(2) Concurrent weak roots
[3.409s][info][gc,task     ] GC(2) Using 1 of 3 workers for concurrent weak root
[3.411s][info][gc          ] GC(2) Concurrent weak roots 1.976ms
[3.411s][info][gc,start    ] GC(2) Concurrent cleanup
[3.411s][info][gc          ] GC(2) Concurrent cleanup 260M->111M(1024M) 0.038ms
[3.411s][info][gc,ergo     ] GC(2) Free: 861M, Max: 512K regular, 712M humongous, Frag: 18% external, 0% internal; Reserve: 52629K, Max: 512K
[3.411s][info][gc,start    ] GC(2) Concurrent class unloading
[3.411s][info][gc,task     ] GC(2) Using 1 of 3 workers for concurrent class unloading
[3.419s][info][gc          ] GC(2) Concurrent class unloading 7.966ms
[3.419s][info][gc,start    ] GC(2) Concurrent strong roots
[3.419s][info][gc,task     ] GC(2) Using 1 of 3 workers for concurrent strong root
[3.419s][info][gc          ] GC(2) Concurrent strong roots 0.186ms
[3.419s][info][gc,start    ] GC(2) Concurrent evacuation
[3.419s][info][gc,task     ] GC(2) Using 1 of 3 workers for concurrent evacuation
[3.426s][info][gc          ] GC(2) Concurrent evacuation 6.845ms
[3.426s][info][gc,start    ] GC(2) Pause Init Update Refs
[3.426s][info][gc,ergo     ] GC(2) Pacer for Update Refs. Used: 123M, Free: 858M, Non-Taxable: 87865K, Alloc Tax Rate: 1.1x
[3.426s][info][gc          ] GC(2) Pause Init Update Refs 0.062ms
[3.426s][info][gc,start    ] GC(2) Concurrent update references
[3.426s][info][gc,task     ] GC(2) Using 1 of 3 workers for concurrent reference update
[3.439s][info][gc          ] GC(2) Concurrent update references 12.531ms
[3.439s][info][gc,start    ] GC(2) Concurrent update thread roots
[3.439s][info][gc          ] GC(2) Concurrent update thread roots 0.736ms
[3.440s][info][gc,start    ] GC(2) Pause Final Update Refs
[3.440s][info][gc,task     ] GC(2) Using 3 of 3 workers for final reference update
[3.440s][info][gc          ] GC(2) Pause Final Update Refs 0.109ms
[3.440s][info][gc,start    ] GC(2) Concurrent cleanup
[3.440s][info][gc          ] GC(2) Concurrent cleanup 125M->25M(1024M) 0.042ms
[3.440s][info][gc,ergo     ] Free: 946M, Max: 512K regular, 706M humongous, Frag: 26% external, 0% internal; Reserve: 52736K, Max: 512K
[3.440s][info][gc,stats    ] 
[3.440s][info][gc,stats    ] All times are wall-clock times, except per-root-class counters, that are sum over
[3.440s][info][gc,stats    ] all workers. Dividing the <total> over the root stage time estimates parallelism.
[3.440s][info][gc,stats    ] 
[3.440s][info][gc,stats    ] Concurrent Reset                    638 us
[3.440s][info][gc,stats    ] Pause Init Mark (G)                 282 us
[3.440s][info][gc,stats    ] Pause Init Mark (N)                 117 us
[3.440s][info][gc,stats    ]   Update Region States               52 us
[3.440s][info][gc,stats    ] Concurrent Mark Roots              1029 us, parallelism: 0.84x
[3.440s][info][gc,stats    ]   CMR: <total>                      865 us
[3.440s][info][gc,stats    ]   CMR: Thread Roots                 757 us, workers (us): 757, ---, ---, 
[3.440s][info][gc,stats    ]   CMR: VM Strong Roots               22 us, workers (us):  22, ---, ---, 
[3.440s][info][gc,stats    ]   CMR: CLDG Roots                    86 us, workers (us):  86, ---, ---, 
[3.440s][info][gc,stats    ] Concurrent Marking                19569 us
[3.440s][info][gc,stats    ] Pause Final Mark (G)                345 us
[3.440s][info][gc,stats    ] Pause Final Mark (N)                252 us
[3.440s][info][gc,stats    ]   Finish Mark                        74 us
[3.440s][info][gc,stats    ]   Update Region States               31 us
[3.440s][info][gc,stats    ]   Choose Collection Set              63 us
[3.440s][info][gc,stats    ]   Rebuild Free Set                    9 us
[3.440s][info][gc,stats    ] Concurrent Thread Roots             976 us, parallelism: 0.82x
[3.440s][info][gc,stats    ]   CTR: <total>                      796 us
[3.440s][info][gc,stats    ]   CTR: Thread Roots                 796 us, workers (us): 796, ---, ---, 
[3.440s][info][gc,stats    ] Concurrent Weak References          314 us, parallelism: 0.55x
[3.440s][info][gc,stats    ]   CWRF: <total>                     174 us
[3.440s][info][gc,stats    ]   CWRF: Weak References             174 us, workers (us): 174, ---, ---, 
[3.440s][info][gc,stats    ] Concurrent Weak Roots              2032 us
[3.440s][info][gc,stats    ]   Roots                            1893 us, parallelism: 0.97x
[3.440s][info][gc,stats    ]     CWR: <total>                   1830 us
[3.440s][info][gc,stats    ]     CWR: Code Cache Roots          1594 us, workers (us): 1594, ---, ---, 
[3.440s][info][gc,stats    ]     CWR: VM Weak Roots              227 us, workers (us): 227, ---, ---, 
[3.440s][info][gc,stats    ]     CWR: CLDG Roots                   9 us, workers (us):   9, ---, ---, 
[3.440s][info][gc,stats    ]   Rendezvous                         63 us
[3.440s][info][gc,stats    ] Concurrent Cleanup                   47 us
[3.440s][info][gc,stats    ] Concurrent Class Unloading         8023 us
[3.440s][info][gc,stats    ]   Unlink Stale                     7530 us
[3.440s][info][gc,stats    ]     System Dictionary                 9 us
[3.440s][info][gc,stats    ]     Weak Class Links                  0 us
[3.440s][info][gc,stats    ]     Code Roots                     7519 us
[3.440s][info][gc,stats    ]   Rendezvous                         73 us
[3.440s][info][gc,stats    ]   Purge Unlinked                    345 us
[3.440s][info][gc,stats    ]     Code Roots                      339 us
[3.440s][info][gc,stats    ]     CLDG                              6 us
[3.440s][info][gc,stats    ]     Exception Caches                  0 us
[3.440s][info][gc,stats    ] Concurrent Strong Roots             204 us, parallelism: 0.63x
[3.440s][info][gc,stats    ]   CSR: <total>                      128 us
[3.440s][info][gc,stats    ]   CSR: VM Strong Roots                3 us, workers (us):   3, ---, ---, 
[3.440s][info][gc,stats    ]   CSR: CLDG Roots                   125 us, workers (us): 125, ---, ---, 
[3.440s][info][gc,stats    ] Concurrent Evacuation              6925 us
[3.440s][info][gc,stats    ] Pause Init Update Refs (G)          189 us
[3.440s][info][gc,stats    ] Pause Init Update Refs (N)           70 us
[3.440s][info][gc,stats    ]   Manage GCLABs                       4 us
[3.440s][info][gc,stats    ] Concurrent Update Refs            12604 us
[3.440s][info][gc,stats    ] Concurrent Update Thread Roots      760 us
[3.440s][info][gc,stats    ] Pause Final Update Refs (G)         181 us
[3.440s][info][gc,stats    ] Pause Final Update Refs (N)         119 us
[3.440s][info][gc,stats    ]   Update Region States               39 us
[3.440s][info][gc,stats    ]   Trash Collection Set                5 us
[3.440s][info][gc,stats    ]   Rebuild Free Set                   12 us
[3.440s][info][gc,stats    ] Concurrent Cleanup                   52 us
[3.440s][info][gc,stats    ] 
[3.440s][info][gc,stats    ] Allocation pacing accrued:
[3.440s][info][gc,stats    ]       0 of  1529 ms (  0.0%): <total>
[3.440s][info][gc,stats    ]       0 of  1529 ms (  0.0%): <average total>
[3.440s][info][gc,stats    ] 
[3.440s][info][gc,metaspace] Metaspace: 23791K(23936K)->23817K(24000K) NonClass: 21162K(21248K)->21188K(21312K) Class: 2628K(2688K)->2628K(2688K)
[3.440s][info][gc,ergo     ] Pacer for Idle. Initial: 20971K, Alloc Tax Rate: 1.0x
[3.892s][info][gc          ] Trigger: Explicit GC request (System.gc())
[3.893s][info][gc,ergo     ] Free: 868M, Max: 512K regular, 706M humongous, Frag: 19% external, 0% internal; Reserve: 52736K, Max: 512K
[3.893s][info][gc,start    ] GC(3) Concurrent reset
[3.893s][info][gc,task     ] GC(3) Using 1 of 3 workers for concurrent reset
[3.893s][info][gc,ergo     ] GC(3) Pacer for Reset. Non-Taxable: 1024M
[3.893s][info][gc          ] GC(3) Concurrent reset 0.629ms
[3.893s][info][gc,start    ] GC(3) Pause Init Mark (unload classes)
[3.894s][info][gc,task     ] GC(3) Using 3 of 3 workers for init marking
[3.894s][info][gc,ref      ] GC(3) Clearing All SoftReferences
[3.894s][info][gc,ergo     ] GC(3) Pacer for Mark. Expected Live: 9722K, Free: 868M, Non-Taxable: 88938K, Alloc Tax Rate: 0.0x
[3.894s][info][gc          ] GC(3) Pause Init Mark (unload classes) 0.287ms
[3.894s][info][gc,start    ] GC(3) Concurrent marking roots
[3.894s][info][gc,task     ] GC(3) Using 1 of 3 workers for concurrent marking roots
[3.894s][info][gc          ] GC(3) Concurrent marking roots 0.480ms
[3.894s][info][gc,start    ] GC(3) Concurrent marking (unload classes)
[3.894s][info][gc,task     ] GC(3) Using 1 of 3 workers for concurrent marking
[3.904s][info][gc          ] GC(3) Concurrent marking (unload classes) 9.332ms
[3.904s][info][gc,start    ] GC(3) Pause Final Mark (unload classes)
[3.904s][info][gc,task     ] GC(3) Using 3 of 3 workers for final marking
[3.904s][info][gc,ergo     ] GC(3) Adaptive CSet Selection. Target Free: 145M, Actual Free: 982M, Max CSet: 43690K, Min Garbage: 0B
[3.904s][info][gc,ergo     ] GC(3) Collectable Garbage: 97236K (99%), Immediate: 63999K (65%), CSet: 33236K (33%)
[3.904s][info][gc,ergo     ] GC(3) Pacer for Evacuation. Used CSet: 34773K, Free: 931M, Non-Taxable: 95334K, Alloc Tax Rate: 1.1x
[3.904s][info][gc          ] GC(3) Pause Final Mark (unload classes) 0.302ms
[3.904s][info][gc,start    ] GC(3) Concurrent thread roots
[3.904s][info][gc,task     ] GC(3) Using 1 of 3 workers for Concurrent thread roots
[3.904s][info][gc          ] GC(3) Concurrent thread roots 0.348ms
[3.904s][info][gc,start    ] GC(3) Concurrent weak references
[3.904s][info][gc,task     ] GC(3) Using 1 of 3 workers for concurrent weak references
[3.905s][info][gc,ref      ] GC(3) Encountered references: Soft: 3393, Weak: 1566, Final: 9, Phantom: 167
[3.905s][info][gc,ref      ] GC(3) Discovered  references: Soft: 3302, Weak: 759, Final: 7, Phantom: 145
[3.905s][info][gc,ref      ] GC(3) Enqueued    references: Soft: 1249, Weak: 249, Final: 0, Phantom: 61
[3.905s][info][gc          ] GC(3) Concurrent weak references 0.444ms
[3.905s][info][gc,start    ] GC(3) Concurrent weak roots
[3.905s][info][gc,task     ] GC(3) Using 1 of 3 workers for concurrent weak root
[3.907s][info][gc          ] GC(3) Concurrent weak roots 2.082ms
[3.907s][info][gc,start    ] GC(3) Concurrent cleanup
[3.907s][info][gc          ] GC(3) Concurrent cleanup 104M->41M(1024M) 0.031ms
[3.907s][info][gc,ergo     ] GC(3) Free: 931M, Max: 512K regular, 708M humongous, Frag: 24% external, 0% internal; Reserve: 52568K, Max: 512K
[3.907s][info][gc,start    ] GC(3) Concurrent class unloading
[3.907s][info][gc,task     ] GC(3) Using 1 of 3 workers for concurrent class unloading
[3.923s][info][gc          ] GC(3) Concurrent class unloading 15.644ms
[3.923s][info][gc,start    ] GC(3) Concurrent strong roots
[3.923s][info][gc,task     ] GC(3) Using 1 of 3 workers for concurrent strong root
[3.923s][info][gc          ] GC(3) Concurrent strong roots 0.222ms
[3.923s][info][gc,start    ] GC(3) Concurrent evacuation
[3.923s][info][gc,task     ] GC(3) Using 1 of 3 workers for concurrent evacuation
[3.924s][info][gc          ] GC(3) Concurrent evacuation 1.135ms
[3.924s][info][gc,start    ] GC(3) Pause Init Update Refs
[3.924s][info][gc,ergo     ] GC(3) Pacer for Update Refs. Used: 44501K, Free: 931M, Non-Taxable: 95334K, Alloc Tax Rate: 1.1x
[3.924s][info][gc          ] GC(3) Pause Init Update Refs 0.093ms
[3.924s][info][gc,start    ] GC(3) Concurrent update references
[3.924s][info][gc,task     ] GC(3) Using 1 of 3 workers for concurrent reference update
[3.929s][info][gc          ] GC(3) Concurrent update references 4.492ms
[3.929s][info][gc,start    ] GC(3) Concurrent update thread roots
[3.930s][info][gc          ] GC(3) Concurrent update thread roots 0.636ms
[3.930s][info][gc,start    ] GC(3) Pause Final Update Refs
[3.930s][info][gc,task     ] GC(3) Using 3 of 3 workers for final reference update
[3.930s][info][gc          ] GC(3) Pause Final Update Refs 0.173ms
[3.930s][info][gc,start    ] GC(3) Concurrent cleanup
[3.930s][info][gc          ] GC(3) Concurrent cleanup 43M->9M(1024M) 0.056ms
[3.930s][info][gc,ergo     ] Free: 963M, Max: 512K regular, 960M humongous, Frag: 1% external, 0% internal; Reserve: 52736K, Max: 512K
[3.930s][info][gc,stats    ] 
[3.930s][info][gc,stats    ] All times are wall-clock times, except per-root-class counters, that are sum over
[3.930s][info][gc,stats    ] all workers. Dividing the <total> over the root stage time estimates parallelism.
[3.930s][info][gc,stats    ] 
[3.930s][info][gc,stats    ] Concurrent Reset                    686 us
[3.930s][info][gc,stats    ] Pause Init Mark (G)                 508 us
[3.930s][info][gc,stats    ] Pause Init Mark (N)                 304 us
[3.930s][info][gc,stats    ]   Update Region States               61 us
[3.930s][info][gc,stats    ] Concurrent Mark Roots               494 us, parallelism: 0.74x
[3.930s][info][gc,stats    ]   CMR: <total>                      363 us
[3.930s][info][gc,stats    ]   CMR: Thread Roots                 295 us, workers (us): 295, ---, ---, 
[3.930s][info][gc,stats    ]   CMR: VM Strong Roots                6 us, workers (us):   6, ---, ---, 
[3.930s][info][gc,stats    ]   CMR: CLDG Roots                    63 us, workers (us):  63, ---, ---, 
[3.930s][info][gc,stats    ] Concurrent Marking                 9389 us
[3.930s][info][gc,stats    ] Pause Final Mark (G)                389 us
[3.930s][info][gc,stats    ] Pause Final Mark (N)                311 us
[3.930s][info][gc,stats    ]   Finish Mark                        98 us
[3.930s][info][gc,stats    ]   Update Region States               43 us
[3.930s][info][gc,stats    ]   Choose Collection Set              61 us
[3.930s][info][gc,stats    ]   Rebuild Free Set                    9 us
[3.930s][info][gc,stats    ] Concurrent Thread Roots             358 us, parallelism: 0.82x
[3.930s][info][gc,stats    ]   CTR: <total>                      293 us
[3.930s][info][gc,stats    ]   CTR: Thread Roots                 293 us, workers (us): 293, ---, ---, 
[3.930s][info][gc,stats    ] Concurrent Weak References          451 us, parallelism: 0.81x
[3.930s][info][gc,stats    ]   CWRF: <total>                     364 us
[3.930s][info][gc,stats    ]   CWRF: Weak References             364 us, workers (us): 364, ---, ---, 
[3.930s][info][gc,stats    ] Concurrent Weak Roots              2123 us
[3.930s][info][gc,stats    ]   Roots                            2005 us, parallelism: 0.97x
[3.930s][info][gc,stats    ]     CWR: <total>                   1954 us
[3.930s][info][gc,stats    ]     CWR: Code Cache Roots          1774 us, workers (us): 1774, ---, ---, 
[3.930s][info][gc,stats    ]     CWR: VM Weak Roots              174 us, workers (us): 174, ---, ---, 
[3.930s][info][gc,stats    ]     CWR: CLDG Roots                   6 us, workers (us):   6, ---, ---, 
[3.930s][info][gc,stats    ]   Rendezvous                         58 us
[3.930s][info][gc,stats    ] Concurrent Cleanup                   41 us
[3.930s][info][gc,stats    ] Concurrent Class Unloading        15709 us
[3.930s][info][gc,stats    ]   Unlink Stale                    15116 us
[3.930s][info][gc,stats    ]     System Dictionary               212 us
[3.930s][info][gc,stats    ]     Weak Class Links               5829 us
[3.930s][info][gc,stats    ]     Code Roots                     9073 us
[3.930s][info][gc,stats    ]   Rendezvous                         88 us
[3.930s][info][gc,stats    ]   Purge Unlinked                    418 us
[3.930s][info][gc,stats    ]     Code Roots                      296 us
[3.930s][info][gc,stats    ]     CLDG                            122 us
[3.930s][info][gc,stats    ]     Exception Caches                  0 us
[3.930s][info][gc,stats    ] Concurrent Strong Roots             241 us, parallelism: 0.55x
[3.930s][info][gc,stats    ]   CSR: <total>                      133 us
[3.930s][info][gc,stats    ]   CSR: VM Strong Roots                5 us, workers (us):   5, ---, ---, 
[3.930s][info][gc,stats    ]   CSR: CLDG Roots                   128 us, workers (us): 128, ---, ---, 
[3.930s][info][gc,stats    ] Concurrent Evacuation              1147 us
[3.930s][info][gc,stats    ] Pause Init Update Refs (G)          235 us
[3.930s][info][gc,stats    ] Pause Init Update Refs (N)          112 us
[3.930s][info][gc,stats    ]   Manage GCLABs                       4 us
[3.930s][info][gc,stats    ] Concurrent Update Refs             4557 us
[3.930s][info][gc,stats    ] Concurrent Update Thread Roots      655 us
[3.930s][info][gc,stats    ] Pause Final Update Refs (G)         258 us
[3.930s][info][gc,stats    ] Pause Final Update Refs (N)         194 us
[3.930s][info][gc,stats    ]   Update Region States               57 us
[3.930s][info][gc,stats    ]   Trash Collection Set                7 us
[3.930s][info][gc,stats    ]   Rebuild Free Set                   21 us
[3.930s][info][gc,stats    ] Concurrent Cleanup                   81 us
[3.930s][info][gc,stats    ] 
[3.930s][info][gc,stats    ] Allocation pacing accrued:
[3.930s][info][gc,stats    ]       0 of   490 ms (  0.0%): <total>
[3.930s][info][gc,stats    ]       0 of   490 ms (  0.0%): <average total>
[3.930s][info][gc,stats    ] 
[3.931s][info][gc,metaspace] Metaspace: 24558K(24704K)->24472K(24704K) NonClass: 21883K(21952K)->21814K(21952K) Class: 2675K(2752K)->2657K(2752K)
[3.931s][info][gc,ergo     ] Pacer for Idle. Initial: 20971K, Alloc Tax Rate: 1.0x
[4.956s][info][gc          ] Trigger: Learning 2 of 5. Free (715M) is below initial threshold (716M)
[4.956s][info][gc,ergo     ] Free: 715M, Max: 512K regular, 715M humongous, Frag: 0% external, 0% internal; Reserve: 52736K, Max: 512K
[4.956s][info][gc,start    ] GC(4) Concurrent reset
[4.956s][info][gc,task     ] GC(4) Using 1 of 3 workers for concurrent reset
[4.956s][info][gc,ergo     ] GC(4) Pacer for Reset. Non-Taxable: 1024M
[4.957s][info][gc          ] GC(4) Concurrent reset 0.518ms
[4.957s][info][gc,start    ] GC(4) Pause Init Mark (unload classes)
[4.957s][info][gc,task     ] GC(4) Using 3 of 3 workers for init marking
[4.957s][info][gc,ergo     ] GC(4) Pacer for Mark. Expected Live: 9380K, Free: 714M, Non-Taxable: 73166K, Alloc Tax Rate: 0.0x
[4.957s][info][gc          ] GC(4) Pause Init Mark (unload classes) 0.234ms
[4.957s][info][gc,start    ] GC(4) Concurrent marking roots
[4.957s][info][gc,task     ] GC(4) Using 1 of 3 workers for concurrent marking roots
[4.958s][info][gc          ] GC(4) Concurrent marking roots 0.544ms
[4.958s][info][gc,start    ] GC(4) Concurrent marking (unload classes)
[4.958s][info][gc,task     ] GC(4) Using 1 of 3 workers for concurrent marking
[4.978s][info][gc          ] GC(4) Concurrent marking (unload classes) 20.000ms
[4.978s][info][gc,start    ] GC(4) Pause Final Mark (unload classes)
[4.978s][info][gc,task     ] GC(4) Using 3 of 3 workers for final marking
[4.978s][info][gc,ergo     ] GC(4) Adaptive CSet Selection. Target Free: 145M, Actual Free: 919M, Max CSet: 43690K, Min Garbage: 0B
[4.978s][info][gc,ergo     ] GC(4) Collectable Garbage: 240M (99%), Immediate: 158M (65%), CSet: 83057K (33%)
[4.978s][info][gc,ergo     ] GC(4) Pacer for Evacuation. Used CSet: 91502K, Free: 868M, Non-Taxable: 88884K, Alloc Tax Rate: 1.1x
[4.978s][info][gc          ] GC(4) Pause Final Mark (unload classes) 0.258ms
[4.978s][info][gc,start    ] GC(4) Concurrent thread roots
[4.978s][info][gc,task     ] GC(4) Using 1 of 3 workers for Concurrent thread roots
[4.979s][info][gc          ] GC(4) Concurrent thread roots 0.633ms
[4.979s][info][gc,start    ] GC(4) Concurrent weak references
[4.979s][info][gc,task     ] GC(4) Using 1 of 3 workers for concurrent weak references
[4.979s][info][gc,ref      ] GC(4) Encountered references: Soft: 2360, Weak: 2142, Final: 199, Phantom: 244
[4.979s][info][gc,ref      ] GC(4) Discovered  references: Soft: 0, Weak: 1438, Final: 197, Phantom: 220
[4.979s][info][gc,ref      ] GC(4) Enqueued    references: Soft: 0, Weak: 778, Final: 190, Phantom: 37
[4.979s][info][gc          ] GC(4) Concurrent weak references 0.301ms
[4.979s][info][gc,start    ] GC(4) Concurrent weak roots
[4.979s][info][gc,task     ] GC(4) Using 1 of 3 workers for concurrent weak root
[4.982s][info][gc          ] GC(4) Concurrent weak roots 3.096ms
[4.982s][info][gc,start    ] GC(4) Concurrent cleanup
[4.982s][info][gc          ] GC(4) Concurrent cleanup 264M->106M(1024M) 0.037ms
[4.982s][info][gc,ergo     ] GC(4) Free: 866M, Max: 512K regular, 707M humongous, Frag: 19% external, 0% internal; Reserve: 52532K, Max: 512K
[4.982s][info][gc,start    ] GC(4) Concurrent class unloading
[4.982s][info][gc,task     ] GC(4) Using 1 of 3 workers for concurrent class unloading
[4.993s][info][gc          ] GC(4) Concurrent class unloading 11.033ms
[4.994s][info][gc,start    ] GC(4) Concurrent strong roots
[4.994s][info][gc,task     ] GC(4) Using 1 of 3 workers for concurrent strong root
[4.994s][info][gc          ] GC(4) Concurrent strong roots 0.190ms
[4.994s][info][gc,start    ] GC(4) Concurrent evacuation
[4.994s][info][gc,task     ] GC(4) Using 1 of 3 workers for concurrent evacuation
[4.999s][info][gc          ] GC(4) Concurrent evacuation 5.585ms
[5.000s][info][gc,start    ] GC(4) Pause Init Update Refs
[5.000s][info][gc,ergo     ] GC(4) Pacer for Update Refs. Used: 117M, Free: 863M, Non-Taxable: 88433K, Alloc Tax Rate: 1.1x
[5.000s][info][gc          ] GC(4) Pause Init Update Refs 0.057ms
[5.000s][info][gc,start    ] GC(4) Concurrent update references
[5.000s][info][gc,task     ] GC(4) Using 1 of 3 workers for concurrent reference update
[5.011s][info][gc          ] GC(4) Concurrent update references 11.812ms
[5.011s][info][gc,start    ] GC(4) Concurrent update thread roots
[5.012s][info][gc          ] GC(4) Concurrent update thread roots 0.701ms
[5.012s][info][gc,start    ] GC(4) Pause Final Update Refs
[5.012s][info][gc,task     ] GC(4) Using 3 of 3 workers for final reference update
[5.012s][info][gc          ] GC(4) Pause Final Update Refs 0.082ms
[5.012s][info][gc,start    ] GC(4) Concurrent cleanup
[5.012s][info][gc          ] GC(4) Concurrent cleanup 120M->31M(1024M) 0.043ms
[5.013s][info][gc,ergo     ] Free: 941M, Max: 512K regular, 700M humongous, Frag: 26% external, 0% internal; Reserve: 52736K, Max: 512K
[5.013s][info][gc,stats    ] 
[5.013s][info][gc,stats    ] All times are wall-clock times, except per-root-class counters, that are sum over
[5.013s][info][gc,stats    ] all workers. Dividing the <total> over the root stage time estimates parallelism.
[5.013s][info][gc,stats    ] 
[5.013s][info][gc,stats    ] Concurrent Reset                    580 us
[5.013s][info][gc,stats    ] Pause Init Mark (G)                 612 us
[5.013s][info][gc,stats    ] Pause Init Mark (N)                 244 us
[5.013s][info][gc,stats    ]   Update Region States               95 us
[5.013s][info][gc,stats    ] Concurrent Mark Roots               569 us, parallelism: 0.82x
[5.013s][info][gc,stats    ]   CMR: <total>                      465 us
[5.013s][info][gc,stats    ]   CMR: Thread Roots                 405 us, workers (us): 405, ---, ---, 
[5.013s][info][gc,stats    ]   CMR: VM Strong Roots                7 us, workers (us):   7, ---, ---, 
[5.013s][info][gc,stats    ]   CMR: CLDG Roots                    54 us, workers (us):  54, ---, ---, 
[5.013s][info][gc,stats    ] Concurrent Marking                20071 us
[5.013s][info][gc,stats    ] Pause Final Mark (G)                351 us
[5.013s][info][gc,stats    ] Pause Final Mark (N)                267 us
[5.013s][info][gc,stats    ]   Finish Mark                        76 us
[5.013s][info][gc,stats    ]   Update Region States               41 us
[5.013s][info][gc,stats    ]   Choose Collection Set              88 us
[5.013s][info][gc,stats    ]   Rebuild Free Set                    9 us
[5.013s][info][gc,stats    ] Concurrent Thread Roots             653 us, parallelism: 0.86x
[5.013s][info][gc,stats    ]   CTR: <total>                      560 us
[5.013s][info][gc,stats    ]   CTR: Thread Roots                 560 us, workers (us): 560, ---, ---, 
[5.013s][info][gc,stats    ] Concurrent Weak References          308 us, parallelism: 0.69x
[5.013s][info][gc,stats    ]   CWRF: <total>                     213 us
[5.013s][info][gc,stats    ]   CWRF: Weak References             213 us, workers (us): 213, ---, ---, 
[5.013s][info][gc,stats    ] Concurrent Weak Roots              3149 us
[5.013s][info][gc,stats    ]   Roots                            2579 us, parallelism: 0.98x
[5.013s][info][gc,stats    ]     CWR: <total>                   2538 us
[5.013s][info][gc,stats    ]     CWR: Code Cache Roots          2327 us, workers (us): 2327, ---, ---, 
[5.013s][info][gc,stats    ]     CWR: VM Weak Roots              204 us, workers (us): 204, ---, ---, 
[5.013s][info][gc,stats    ]     CWR: CLDG Roots                   7 us, workers (us):   7, ---, ---, 
[5.013s][info][gc,stats    ]   Rendezvous                        485 us
[5.013s][info][gc,stats    ] Concurrent Cleanup                   46 us
[5.013s][info][gc,stats    ] Concurrent Class Unloading        11105 us
[5.013s][info][gc,stats    ]   Unlink Stale                    10435 us
[5.013s][info][gc,stats    ]     System Dictionary                 7 us
[5.013s][info][gc,stats    ]     Weak Class Links                  0 us
[5.013s][info][gc,stats    ]     Code Roots                    10426 us
[5.013s][info][gc,stats    ]   Rendezvous                        100 us
[5.013s][info][gc,stats    ]   Purge Unlinked                    475 us
[5.013s][info][gc,stats    ]     Code Roots                      463 us
[5.013s][info][gc,stats    ]     CLDG                             11 us
[5.013s][info][gc,stats    ]     Exception Caches                  0 us
[5.013s][info][gc,stats    ] Concurrent Strong Roots             229 us, parallelism: 0.40x
[5.013s][info][gc,stats    ]   CSR: <total>                       92 us
[5.013s][info][gc,stats    ]   CSR: VM Strong Roots                3 us, workers (us):   3, ---, ---, 
[5.013s][info][gc,stats    ]   CSR: CLDG Roots                    89 us, workers (us):  89, ---, ---, 
[5.013s][info][gc,stats    ] Concurrent Evacuation              5647 us
[5.013s][info][gc,stats    ] Pause Init Update Refs (G)          191 us
[5.013s][info][gc,stats    ] Pause Init Update Refs (N)           66 us
[5.013s][info][gc,stats    ]   Manage GCLABs                       5 us
[5.013s][info][gc,stats    ] Concurrent Update Refs            11867 us
[5.013s][info][gc,stats    ] Concurrent Update Thread Roots      733 us
[5.013s][info][gc,stats    ] Pause Final Update Refs (G)         202 us
[5.013s][info][gc,stats    ] Pause Final Update Refs (N)         122 us
[5.013s][info][gc,stats    ]   Update Region States               34 us
[5.013s][info][gc,stats    ]   Trash Collection Set                6 us
[5.013s][info][gc,stats    ]   Rebuild Free Set                   11 us
[5.013s][info][gc,stats    ] Concurrent Cleanup                   53 us
[5.013s][info][gc,stats    ] 
[5.013s][info][gc,stats    ] Allocation pacing accrued:
[5.013s][info][gc,stats    ]       0 of  1082 ms (  0.0%): <total>
[5.013s][info][gc,stats    ]       0 of  1082 ms (  0.0%): <average total>
[5.013s][info][gc,stats    ] 
[5.013s][info][gc,metaspace] Metaspace: 25102K(25280K)->25125K(25280K) NonClass: 22435K(22528K)->22458K(22528K) Class: 2667K(2752K)->2667K(2752K)
[5.013s][info][gc,ergo     ] Pacer for Idle. Initial: 20971K, Alloc Tax Rate: 1.0x
[5.352s][info][gc          ] Trigger: Explicit GC request (System.gc())
[5.352s][info][gc,ergo     ] Free: 852M, Max: 512K regular, 700M humongous, Frag: 18% external, 0% internal; Reserve: 52736K, Max: 512K
[5.352s][info][gc,start    ] GC(5) Concurrent reset
[5.352s][info][gc,task     ] GC(5) Using 1 of 3 workers for concurrent reset
[5.352s][info][gc,ergo     ] GC(5) Pacer for Reset. Non-Taxable: 1024M
[5.352s][info][gc          ] GC(5) Concurrent reset 0.600ms
[5.353s][info][gc,start    ] GC(5) Pause Init Mark (unload classes)
[5.353s][info][gc,task     ] GC(5) Using 3 of 3 workers for init marking
[5.353s][info][gc,ref      ] GC(5) Clearing All SoftReferences
[5.353s][info][gc,ergo     ] GC(5) Pacer for Mark. Expected Live: 10901K, Free: 852M, Non-Taxable: 87255K, Alloc Tax Rate: 0.0x
[5.353s][info][gc          ] GC(5) Pause Init Mark (unload classes) 0.152ms
[5.353s][info][gc,start    ] GC(5) Concurrent marking roots
[5.353s][info][gc,task     ] GC(5) Using 1 of 3 workers for concurrent marking roots
[5.354s][info][gc          ] GC(5) Concurrent marking roots 0.718ms
[5.354s][info][gc,start    ] GC(5) Concurrent marking (unload classes)
[5.354s][info][gc,task     ] GC(5) Using 1 of 3 workers for concurrent marking
[5.363s][info][gc          ] GC(5) Concurrent marking (unload classes) 8.937ms
[5.363s][info][gc,start    ] GC(5) Pause Final Mark (unload classes)
[5.363s][info][gc,task     ] GC(5) Using 3 of 3 workers for final marking
[5.363s][info][gc,ergo     ] GC(5) Adaptive CSet Selection. Target Free: 145M, Actual Free: 978M, Max CSet: 43690K, Min Garbage: 0B
[5.363s][info][gc,ergo     ] GC(5) Collectable Garbage: 111M (99%), Immediate: 77202K (67%), CSet: 36888K (32%)
[5.363s][info][gc,ergo     ] GC(5) Pacer for Evacuation. Used CSet: 37376K, Free: 927M, Non-Taxable: 94976K, Alloc Tax Rate: 1.1x
[5.363s][info][gc          ] GC(5) Pause Final Mark (unload classes) 0.299ms
[5.363s][info][gc,start    ] GC(5) Concurrent thread roots
[5.363s][info][gc,task     ] GC(5) Using 1 of 3 workers for Concurrent thread roots
[5.364s][info][gc          ] GC(5) Concurrent thread roots 0.657ms
[5.364s][info][gc,start    ] GC(5) Concurrent weak references
[5.364s][info][gc,task     ] GC(5) Using 1 of 3 workers for concurrent weak references
[5.364s][info][gc,ref      ] GC(5) Encountered references: Soft: 2195, Weak: 1553, Final: 9, Phantom: 220
[5.364s][info][gc,ref      ] GC(5) Discovered  references: Soft: 2107, Weak: 746, Final: 7, Phantom: 198
[5.364s][info][gc,ref      ] GC(5) Enqueued    references: Soft: 2020, Weak: 236, Final: 0, Phantom: 114
[5.364s][info][gc          ] GC(5) Concurrent weak references 0.271ms
[5.364s][info][gc,start    ] GC(5) Concurrent weak roots
[5.364s][info][gc,task     ] GC(5) Using 1 of 3 workers for concurrent weak root
[5.367s][info][gc          ] GC(5) Concurrent weak roots 3.207ms
[5.367s][info][gc,start    ] GC(5) Concurrent cleanup
[5.367s][info][gc          ] GC(5) Concurrent cleanup 121M->45M(1024M) 0.048ms
[5.367s][info][gc,ergo     ] GC(5) Free: 927M, Max: 512K regular, 708M humongous, Frag: 24% external, 0% internal; Reserve: 52590K, Max: 512K
[5.367s][info][gc,start    ] GC(5) Concurrent class unloading
[5.367s][info][gc,task     ] GC(5) Using 1 of 3 workers for concurrent class unloading
[5.386s][info][gc          ] GC(5) Concurrent class unloading 18.588ms
[5.386s][info][gc,start    ] GC(5) Concurrent strong roots
[5.386s][info][gc,task     ] GC(5) Using 1 of 3 workers for concurrent strong root
[5.386s][info][gc          ] GC(5) Concurrent strong roots 0.193ms
[5.386s][info][gc,start    ] GC(5) Concurrent evacuation
[5.386s][info][gc,task     ] GC(5) Using 1 of 3 workers for concurrent evacuation
[5.387s][info][gc          ] GC(5) Concurrent evacuation 0.475ms
[5.387s][info][gc,start    ] GC(5) Pause Init Update Refs
[5.387s][info][gc,ergo     ] GC(5) Pacer for Update Refs. Used: 47338K, Free: 927M, Non-Taxable: 94927K, Alloc Tax Rate: 1.1x
[5.387s][info][gc          ] GC(5) Pause Init Update Refs 0.061ms
[5.387s][info][gc,start    ] GC(5) Concurrent update references
[5.387s][info][gc,task     ] GC(5) Using 1 of 3 workers for concurrent reference update
[5.391s][info][gc          ] GC(5) Concurrent update references 4.009ms
[5.391s][info][gc,start    ] GC(5) Concurrent update thread roots
[5.391s][info][gc          ] GC(5) Concurrent update thread roots 0.386ms
[5.391s][info][gc,start    ] GC(5) Pause Final Update Refs
[5.392s][info][gc,task     ] GC(5) Using 3 of 3 workers for final reference update
[5.392s][info][gc          ] GC(5) Pause Final Update Refs 0.157ms
[5.392s][info][gc,start    ] GC(5) Concurrent cleanup
[5.392s][info][gc          ] GC(5) Concurrent cleanup 46M->9M(1024M) 0.085ms
[5.392s][info][gc,ergo     ] Free: 962M, Max: 512K regular, 866M humongous, Frag: 11% external, 0% internal; Reserve: 52736K, Max: 512K
[5.392s][info][gc,stats    ] 
[5.392s][info][gc,stats    ] All times are wall-clock times, except per-root-class counters, that are sum over
[5.392s][info][gc,stats    ] all workers. Dividing the <total> over the root stage time estimates parallelism.
[5.392s][info][gc,stats    ] 
[5.392s][info][gc,stats    ] Concurrent Reset                    649 us
[5.392s][info][gc,stats    ] Pause Init Mark (G)                 347 us
[5.392s][info][gc,stats    ] Pause Init Mark (N)                 170 us
[5.392s][info][gc,stats    ]   Update Region States               60 us
[5.392s][info][gc,stats    ] Concurrent Mark Roots               746 us, parallelism: 0.81x
[5.392s][info][gc,stats    ]   CMR: <total>                      603 us
[5.392s][info][gc,stats    ]   CMR: Thread Roots                 507 us, workers (us): 507, ---, ---, 
[5.392s][info][gc,stats    ]   CMR: VM Strong Roots                8 us, workers (us):   8, ---, ---, 
[5.392s][info][gc,stats    ]   CMR: CLDG Roots                    87 us, workers (us):  87, ---, ---, 
[5.392s][info][gc,stats    ] Concurrent Marking                 9024 us
[5.392s][info][gc,stats    ] Pause Final Mark (G)                360 us
[5.392s][info][gc,stats    ] Pause Final Mark (N)                307 us
[5.392s][info][gc,stats    ]   Finish Mark                       132 us
[5.392s][info][gc,stats    ]   Update Region States               44 us
[5.392s][info][gc,stats    ]   Choose Collection Set              46 us
[5.392s][info][gc,stats    ]   Rebuild Free Set                    9 us
[5.392s][info][gc,stats    ] Concurrent Thread Roots             682 us, parallelism: 0.83x
[5.392s][info][gc,stats    ]   CTR: <total>                      563 us
[5.392s][info][gc,stats    ]   CTR: Thread Roots                 563 us, workers (us): 563, ---, ---, 
[5.392s][info][gc,stats    ] Concurrent Weak References          278 us, parallelism: 0.63x
[5.392s][info][gc,stats    ]   CWRF: <total>                     176 us
[5.392s][info][gc,stats    ]   CWRF: Weak References             176 us, workers (us): 176, ---, ---, 
[5.392s][info][gc,stats    ] Concurrent Weak Roots              3273 us
[5.392s][info][gc,stats    ]   Roots                            3086 us, parallelism: 0.96x
[5.392s][info][gc,stats    ]     CWR: <total>                   2968 us
[5.392s][info][gc,stats    ]     CWR: Code Cache Roots          2640 us, workers (us): 2640, ---, ---, 
[5.392s][info][gc,stats    ]     CWR: VM Weak Roots              322 us, workers (us): 322, ---, ---, 
[5.392s][info][gc,stats    ]     CWR: CLDG Roots                   6 us, workers (us):   6, ---, ---, 
[5.392s][info][gc,stats    ]   Rendezvous                        100 us
[5.392s][info][gc,stats    ] Concurrent Cleanup                   57 us
[5.392s][info][gc,stats    ] Concurrent Class Unloading        18653 us
[5.392s][info][gc,stats    ]   Unlink Stale                    17782 us
[5.392s][info][gc,stats    ]     System Dictionary               318 us
[5.392s][info][gc,stats    ]     Weak Class Links               4998 us
[5.392s][info][gc,stats    ]     Code Roots                    12463 us
[5.392s][info][gc,stats    ]   Rendezvous                         83 us
[5.392s][info][gc,stats    ]   Purge Unlinked                    698 us
[5.392s][info][gc,stats    ]     Code Roots                      622 us
[5.392s][info][gc,stats    ]     CLDG                             76 us
[5.392s][info][gc,stats    ]     Exception Caches                  0 us
[5.392s][info][gc,stats    ] Concurrent Strong Roots             233 us, parallelism: 0.37x
[5.392s][info][gc,stats    ]   CSR: <total>                       87 us
[5.392s][info][gc,stats    ]   CSR: VM Strong Roots                4 us, workers (us):   4, ---, ---, 
[5.392s][info][gc,stats    ]   CSR: CLDG Roots                    83 us, workers (us):  83, ---, ---, 
[5.392s][info][gc,stats    ] Concurrent Evacuation               515 us
[5.392s][info][gc,stats    ] Pause Init Update Refs (G)          200 us
[5.392s][info][gc,stats    ] Pause Init Update Refs (N)           70 us
[5.392s][info][gc,stats    ]   Manage GCLABs                       4 us
[5.392s][info][gc,stats    ] Concurrent Update Refs             4061 us
[5.392s][info][gc,stats    ] Concurrent Update Thread Roots      438 us
[5.392s][info][gc,stats    ] Pause Final Update Refs (G)         222 us
[5.392s][info][gc,stats    ] Pause Final Update Refs (N)         168 us
[5.392s][info][gc,stats    ]   Update Region States               78 us
[5.392s][info][gc,stats    ]   Trash Collection Set                4 us
[5.392s][info][gc,stats    ]   Rebuild Free Set                    9 us
[5.392s][info][gc,stats    ] Concurrent Cleanup                  112 us
[5.392s][info][gc,stats    ] 
[5.392s][info][gc,stats    ] Allocation pacing accrued:
[5.392s][info][gc,stats    ]       0 of   379 ms (  0.0%): <total>
[5.392s][info][gc,stats    ]       0 of   379 ms (  0.0%): <average total>
[5.392s][info][gc,stats    ] 
[5.392s][info][gc,metaspace] Metaspace: 25194K(25408K)->25145K(25408K) NonClass: 22527K(22656K)->22486K(22656K) Class: 2667K(2752K)->2658K(2752K)
[5.392s][info][gc,ergo     ] Pacer for Idle. Initial: 20971K, Alloc Tax Rate: 1.0x
[6.272s][info][gc          ] Trigger: Learning 2 of 5. Free (716M) is below initial threshold (716M)
[6.272s][info][gc,ergo     ] Free: 716M, Max: 512K regular, 716M humongous, Frag: 0% external, 0% internal; Reserve: 52736K, Max: 512K
[6.273s][info][gc,start    ] GC(6) Concurrent reset
[6.273s][info][gc,task     ] GC(6) Using 1 of 3 workers for concurrent reset
[6.273s][info][gc,ergo     ] GC(6) Pacer for Reset. Non-Taxable: 1024M
[6.273s][info][gc          ] GC(6) Concurrent reset 0.271ms
[6.273s][info][gc,start    ] GC(6) Pause Init Mark (unload classes)
[6.273s][info][gc,task     ] GC(6) Using 3 of 3 workers for init marking
[6.273s][info][gc,ergo     ] GC(6) Pacer for Mark. Expected Live: 11931K, Free: 716M, Non-Taxable: 73397K, Alloc Tax Rate: 0.0x
[6.273s][info][gc          ] GC(6) Pause Init Mark (unload classes) 0.105ms
[6.273s][info][gc,start    ] GC(6) Concurrent marking roots
[6.273s][info][gc,task     ] GC(6) Using 1 of 3 workers for concurrent marking roots
[6.274s][info][gc          ] GC(6) Concurrent marking roots 0.512ms
[6.274s][info][gc,start    ] GC(6) Concurrent marking (unload classes)
[6.274s][info][gc,task     ] GC(6) Using 1 of 3 workers for concurrent marking
[6.296s][info][gc          ] GC(6) Concurrent marking (unload classes) 22.349ms
[6.296s][info][gc,start    ] GC(6) Pause Final Mark (unload classes)
[6.296s][info][gc,task     ] GC(6) Using 3 of 3 workers for final marking
[6.296s][info][gc,ergo     ] GC(6) Adaptive CSet Selection. Target Free: 145M, Actual Free: 917M, Max CSet: 43690K, Min Garbage: 0B
[6.296s][info][gc,ergo     ] GC(6) Collectable Garbage: 238M (99%), Immediate: 155M (65%), CSet: 84082K (34%)
[6.296s][info][gc,ergo     ] GC(6) Pacer for Evacuation. Used CSet: 92703K, Free: 866M, Non-Taxable: 88730K, Alloc Tax Rate: 1.1x
[6.296s][info][gc          ] GC(6) Pause Final Mark (unload classes) 0.252ms
[6.296s][info][gc,start    ] GC(6) Concurrent thread roots
[6.296s][info][gc,task     ] GC(6) Using 1 of 3 workers for Concurrent thread roots
[6.297s][info][gc          ] GC(6) Concurrent thread roots 1.048ms
[6.297s][info][gc,start    ] GC(6) Concurrent weak references
[6.297s][info][gc,task     ] GC(6) Using 1 of 3 workers for concurrent weak references
[6.298s][info][gc,ref      ] GC(6) Encountered references: Soft: 398, Weak: 2143, Final: 199, Phantom: 244
[6.298s][info][gc,ref      ] GC(6) Discovered  references: Soft: 0, Weak: 1458, Final: 197, Phantom: 220
[6.298s][info][gc,ref      ] GC(6) Enqueued    references: Soft: 0, Weak: 778, Final: 190, Phantom: 37
[6.298s][info][gc          ] GC(6) Concurrent weak references 0.364ms
[6.298s][info][gc,start    ] GC(6) Concurrent weak roots
[6.298s][info][gc,task     ] GC(6) Using 1 of 3 workers for concurrent weak root
[6.301s][info][gc          ] GC(6) Concurrent weak roots 3.317ms
[6.301s][info][gc,start    ] GC(6) Concurrent cleanup
[6.301s][info][gc          ] GC(6) Concurrent cleanup 263M->107M(1024M) 0.043ms
[6.301s][info][gc,ergo     ] GC(6) Free: 865M, Max: 512K regular, 709M humongous, Frag: 19% external, 0% internal; Reserve: 52498K, Max: 512K
[6.301s][info][gc,start    ] GC(6) Concurrent class unloading
[6.301s][info][gc,task     ] GC(6) Using 1 of 3 workers for concurrent class unloading
[6.315s][info][gc          ] GC(6) Concurrent class unloading 13.940ms
[6.315s][info][gc,start    ] GC(6) Concurrent strong roots
[6.315s][info][gc,task     ] GC(6) Using 1 of 3 workers for concurrent strong root
[6.316s][info][gc          ] GC(6) Concurrent strong roots 0.140ms
[6.316s][info][gc,start    ] GC(6) Concurrent evacuation
[6.316s][info][gc,task     ] GC(6) Using 1 of 3 workers for concurrent evacuation
[6.321s][info][gc          ] GC(6) Concurrent evacuation 5.899ms
[6.322s][info][gc,start    ] GC(6) Pause Init Update Refs
[6.322s][info][gc,ergo     ] GC(6) Pacer for Update Refs. Used: 119M, Free: 861M, Non-Taxable: 88177K, Alloc Tax Rate: 1.1x
[6.322s][info][gc          ] GC(6) Pause Init Update Refs 0.058ms
[6.322s][info][gc,start    ] GC(6) Concurrent update references
[6.322s][info][gc,task     ] GC(6) Using 1 of 3 workers for concurrent reference update
[6.334s][info][gc          ] GC(6) Concurrent update references 12.203ms
[6.334s][info][gc,start    ] GC(6) Concurrent update thread roots
[6.334s][info][gc          ] GC(6) Concurrent update thread roots 0.507ms
[6.335s][info][gc,start    ] GC(6) Pause Final Update Refs
[6.335s][info][gc,task     ] GC(6) Using 3 of 3 workers for final reference update
[6.335s][info][gc          ] GC(6) Pause Final Update Refs 0.122ms
[6.335s][info][gc,start    ] GC(6) Concurrent cleanup
[6.335s][info][gc          ] GC(6) Concurrent cleanup 122M->32M(1024M) 0.042ms
[6.335s][info][gc,ergo     ] Free: 940M, Max: 512K regular, 701M humongous, Frag: 26% external, 0% internal; Reserve: 52736K, Max: 512K
[6.335s][info][gc,stats    ] 
[6.335s][info][gc,stats    ] All times are wall-clock times, except per-root-class counters, that are sum over
[6.335s][info][gc,stats    ] all workers. Dividing the <total> over the root stage time estimates parallelism.
[6.335s][info][gc,stats    ] 
[6.335s][info][gc,stats    ] Concurrent Reset                    293 us
[6.335s][info][gc,stats    ] Pause Init Mark (G)                 269 us
[6.335s][info][gc,stats    ] Pause Init Mark (N)                 113 us
[6.335s][info][gc,stats    ]   Update Region States               39 us
[6.335s][info][gc,stats    ] Concurrent Mark Roots               529 us, parallelism: 0.85x
[6.335s][info][gc,stats    ]   CMR: <total>                      449 us
[6.335s][info][gc,stats    ]   CMR: Thread Roots                 391 us, workers (us): 391, ---, ---, 
[6.335s][info][gc,stats    ]   CMR: VM Strong Roots                5 us, workers (us):   5, ---, ---, 
[6.335s][info][gc,stats    ]   CMR: CLDG Roots                    54 us, workers (us):  54, ---, ---, 
[6.335s][info][gc,stats    ] Concurrent Marking                22410 us
[6.335s][info][gc,stats    ] Pause Final Mark (G)                356 us
[6.335s][info][gc,stats    ] Pause Final Mark (N)                261 us
[6.335s][info][gc,stats    ]   Finish Mark                        61 us
[6.335s][info][gc,stats    ]   Update Region States               28 us
[6.335s][info][gc,stats    ]   Choose Collection Set              86 us
[6.335s][info][gc,stats    ]   Rebuild Free Set                    9 us
[6.335s][info][gc,stats    ] Concurrent Thread Roots            1097 us, parallelism: 0.89x
[6.335s][info][gc,stats    ]   CTR: <total>                      980 us
[6.335s][info][gc,stats    ]   CTR: Thread Roots                 980 us, workers (us): 980, ---, ---, 
[6.335s][info][gc,stats    ] Concurrent Weak References          373 us, parallelism: 0.75x
[6.335s][info][gc,stats    ]   CWRF: <total>                     278 us
[6.335s][info][gc,stats    ]   CWRF: Weak References             278 us, workers (us): 278, ---, ---, 
[6.335s][info][gc,stats    ] Concurrent Weak Roots              3452 us
[6.335s][info][gc,stats    ]   Roots                            3220 us, parallelism: 0.97x
[6.335s][info][gc,stats    ]     CWR: <total>                   3132 us
[6.335s][info][gc,stats    ]     CWR: Code Cache Roots          2916 us, workers (us): 2916, ---, ---, 
[6.335s][info][gc,stats    ]     CWR: VM Weak Roots              209 us, workers (us): 209, ---, ---, 
[6.335s][info][gc,stats    ]     CWR: CLDG Roots                   8 us, workers (us):   8, ---, ---, 
[6.335s][info][gc,stats    ]   Rendezvous                         78 us
[6.335s][info][gc,stats    ] Concurrent Cleanup                   53 us
[6.335s][info][gc,stats    ] Concurrent Class Unloading        14002 us
[6.335s][info][gc,stats    ]   Unlink Stale                    13170 us
[6.335s][info][gc,stats    ]     System Dictionary                 9 us
[6.335s][info][gc,stats    ]     Weak Class Links                  0 us
[6.335s][info][gc,stats    ]     Code Roots                    13159 us
[6.335s][info][gc,stats    ]   Rendezvous                         78 us
[6.335s][info][gc,stats    ]   Purge Unlinked                    671 us
[6.335s][info][gc,stats    ]     Code Roots                      662 us
[6.335s][info][gc,stats    ]     CLDG                              7 us
[6.335s][info][gc,stats    ]     Exception Caches                  0 us
[6.335s][info][gc,stats    ] Concurrent Strong Roots             149 us, parallelism: 0.63x
[6.335s][info][gc,stats    ]   CSR: <total>                       94 us
[6.335s][info][gc,stats    ]   CSR: VM Strong Roots                4 us, workers (us):   4, ---, ---, 
[6.335s][info][gc,stats    ]   CSR: CLDG Roots                    90 us, workers (us):  90, ---, ---, 
[6.335s][info][gc,stats    ] Concurrent Evacuation              5976 us
[6.335s][info][gc,stats    ] Pause Init Update Refs (G)          164 us
[6.335s][info][gc,stats    ] Pause Init Update Refs (N)           67 us
[6.335s][info][gc,stats    ]   Manage GCLABs                       4 us
[6.335s][info][gc,stats    ] Concurrent Update Refs            12266 us
[6.335s][info][gc,stats    ] Concurrent Update Thread Roots      547 us
[6.335s][info][gc,stats    ] Pause Final Update Refs (G)         218 us
[6.335s][info][gc,stats    ] Pause Final Update Refs (N)         144 us
[6.335s][info][gc,stats    ]   Update Region States               51 us
[6.335s][info][gc,stats    ]   Trash Collection Set                4 us
[6.335s][info][gc,stats    ]   Rebuild Free Set                   12 us
[6.335s][info][gc,stats    ] Concurrent Cleanup                   53 us
[6.335s][info][gc,stats    ] 
[6.335s][info][gc,stats    ] Allocation pacing accrued:
[6.335s][info][gc,stats    ]       0 of   943 ms (  0.0%): <total>
[6.335s][info][gc,stats    ]       0 of   943 ms (  0.0%): <average total>
[6.335s][info][gc,stats    ] 
[6.335s][info][gc,metaspace] Metaspace: 25476K(25664K)->25484K(25664K) NonClass: 22807K(22912K)->22815K(22912K) Class: 2668K(2752K)->2668K(2752K)
[6.335s][info][gc,ergo     ] Pacer for Idle. Initial: 20971K, Alloc Tax Rate: 1.0x
[6.652s][info][gc          ] Trigger: Explicit GC request (System.gc())
[6.652s][info][gc,ergo     ] Free: 852M, Max: 512K regular, 701M humongous, Frag: 18% external, 0% internal; Reserve: 52736K, Max: 512K
[6.652s][info][gc,start    ] GC(7) Concurrent reset
[6.652s][info][gc,task     ] GC(7) Using 1 of 3 workers for concurrent reset
[6.652s][info][gc,ergo     ] GC(7) Pacer for Reset. Non-Taxable: 1024M
[6.653s][info][gc          ] GC(7) Concurrent reset 0.601ms
[6.653s][info][gc,start    ] GC(7) Pause Init Mark (unload classes)
[6.653s][info][gc,task     ] GC(7) Using 3 of 3 workers for init marking
[6.653s][info][gc,ref      ] GC(7) Clearing All SoftReferences
[6.653s][info][gc,ergo     ] GC(7) Pacer for Mark. Expected Live: 13268K, Free: 852M, Non-Taxable: 87307K, Alloc Tax Rate: 0.0x
[6.653s][info][gc          ] GC(7) Pause Init Mark (unload classes) 0.189ms
[6.653s][info][gc,start    ] GC(7) Concurrent marking roots
[6.653s][info][gc,task     ] GC(7) Using 1 of 3 workers for concurrent marking roots
[6.654s][info][gc          ] GC(7) Concurrent marking roots 0.493ms
[6.654s][info][gc,start    ] GC(7) Concurrent marking (unload classes)
[6.654s][info][gc,task     ] GC(7) Using 1 of 3 workers for concurrent marking
[6.662s][info][gc          ] GC(7) Concurrent marking (unload classes) 8.542ms
[6.662s][info][gc,start    ] GC(7) Pause Final Mark (unload classes)
[6.662s][info][gc,task     ] GC(7) Using 3 of 3 workers for final marking
[6.663s][info][gc,ergo     ] GC(7) Adaptive CSet Selection. Target Free: 145M, Actual Free: 980M, Max CSet: 43690K, Min Garbage: 0B
[6.663s][info][gc,ergo     ] GC(7) Collectable Garbage: 110M (99%), Immediate: 78792K (68%), CSet: 34809K (30%)
[6.663s][info][gc,ergo     ] GC(7) Pacer for Evacuation. Used CSet: 35272K, Free: 929M, Non-Taxable: 95180K, Alloc Tax Rate: 1.1x
[6.663s][info][gc          ] GC(7) Pause Final Mark (unload classes) 0.305ms
[6.663s][info][gc,start    ] GC(7) Concurrent thread roots
[6.663s][info][gc,task     ] GC(7) Using 1 of 3 workers for Concurrent thread roots
[6.663s][info][gc          ] GC(7) Concurrent thread roots 0.407ms
[6.663s][info][gc,start    ] GC(7) Concurrent weak references
[6.663s][info][gc,task     ] GC(7) Using 1 of 3 workers for concurrent weak references
[6.663s][info][gc,ref      ] GC(7) Encountered references: Soft: 233, Weak: 1555, Final: 9, Phantom: 220
[6.663s][info][gc,ref      ] GC(7) Discovered  references: Soft: 145, Weak: 746, Final: 7, Phantom: 198
[6.663s][info][gc,ref      ] GC(7) Enqueued    references: Soft: 58, Weak: 236, Final: 0, Phantom: 114
[6.663s][info][gc          ] GC(7) Concurrent weak references 0.256ms
[6.663s][info][gc,start    ] GC(7) Concurrent weak roots
[6.663s][info][gc,task     ] GC(7) Using 1 of 3 workers for concurrent weak root
[6.667s][info][gc          ] GC(7) Concurrent weak roots 3.703ms
[6.667s][info][gc,start    ] GC(7) Concurrent cleanup
[6.667s][info][gc          ] GC(7) Concurrent cleanup 119M->43M(1024M) 0.067ms
[6.667s][info][gc,ergo     ] GC(7) Free: 929M, Max: 512K regular, 709M humongous, Frag: 24% external, 0% internal; Reserve: 52625K, Max: 512K
[6.667s][info][gc,start    ] GC(7) Concurrent class unloading
[6.667s][info][gc,task     ] GC(7) Using 1 of 3 workers for concurrent class unloading
[6.686s][info][gc          ] GC(7) Concurrent class unloading 18.762ms
[6.686s][info][gc,start    ] GC(7) Concurrent strong roots
[6.686s][info][gc,task     ] GC(7) Using 1 of 3 workers for concurrent strong root
[6.686s][info][gc          ] GC(7) Concurrent strong roots 0.152ms
[6.686s][info][gc,start    ] GC(7) Concurrent evacuation
[6.686s][info][gc,task     ] GC(7) Using 1 of 3 workers for concurrent evacuation
[6.687s][info][gc          ] GC(7) Concurrent evacuation 0.451ms
[6.687s][info][gc,start    ] GC(7) Pause Init Update Refs
[6.687s][info][gc,ergo     ] GC(7) Pacer for Update Refs. Used: 44746K, Free: 929M, Non-Taxable: 95180K, Alloc Tax Rate: 1.1x
[6.687s][info][gc          ] GC(7) Pause Init Update Refs 0.062ms
[6.687s][info][gc,start    ] GC(7) Concurrent update references
[6.687s][info][gc,task     ] GC(7) Using 1 of 3 workers for concurrent reference update
[6.691s][info][gc          ] GC(7) Concurrent update references 3.923ms
[6.691s][info][gc,start    ] GC(7) Concurrent update thread roots
[6.692s][info][gc          ] GC(7) Concurrent update thread roots 0.574ms
[6.692s][info][gc,start    ] GC(7) Pause Final Update Refs
[6.692s][info][gc,task     ] GC(7) Using 3 of 3 workers for final reference update
[6.692s][info][gc          ] GC(7) Pause Final Update Refs 0.163ms
[6.692s][info][gc,start    ] GC(7) Concurrent cleanup
[6.692s][info][gc          ] GC(7) Concurrent cleanup 43M->9M(1024M) 0.034ms
[6.692s][info][gc,ergo     ] Free: 963M, Max: 512K regular, 960M humongous, Frag: 1% external, 0% internal; Reserve: 52736K, Max: 512K
[6.692s][info][gc,stats    ] 
[6.692s][info][gc,stats    ] All times are wall-clock times, except per-root-class counters, that are sum over
[6.692s][info][gc,stats    ] all workers. Dividing the <total> over the root stage time estimates parallelism.
[6.692s][info][gc,stats    ] 
[6.692s][info][gc,stats    ] Concurrent Reset                    674 us
[6.692s][info][gc,stats    ] Pause Init Mark (G)                 372 us
[6.692s][info][gc,stats    ] Pause Init Mark (N)                 221 us
[6.692s][info][gc,stats    ]   Update Region States               67 us
[6.692s][info][gc,stats    ] Concurrent Mark Roots               513 us, parallelism: 0.69x
[6.692s][info][gc,stats    ]   CMR: <total>                      356 us
[6.692s][info][gc,stats    ]   CMR: Thread Roots                 267 us, workers (us): 267, ---, ---, 
[6.692s][info][gc,stats    ]   CMR: VM Strong Roots                9 us, workers (us):   9, ---, ---, 
[6.692s][info][gc,stats    ]   CMR: CLDG Roots                    80 us, workers (us):  80, ---, ---, 
[6.692s][info][gc,stats    ] Concurrent Marking                 8614 us
[6.692s][info][gc,stats    ] Pause Final Mark (G)                394 us
[6.692s][info][gc,stats    ] Pause Final Mark (N)                322 us
[6.692s][info][gc,stats    ]   Finish Mark                        82 us
[6.692s][info][gc,stats    ]   Update Region States               43 us
[6.692s][info][gc,stats    ]   Choose Collection Set              73 us
[6.692s][info][gc,stats    ]   Rebuild Free Set                   18 us
[6.692s][info][gc,stats    ] Concurrent Thread Roots             449 us, parallelism: 0.61x
[6.692s][info][gc,stats    ]   CTR: <total>                      275 us
[6.692s][info][gc,stats    ]   CTR: Thread Roots                 275 us, workers (us): 275, ---, ---, 
[6.692s][info][gc,stats    ] Concurrent Weak References          263 us, parallelism: 0.40x
[6.692s][info][gc,stats    ]   CWRF: <total>                     104 us
[6.692s][info][gc,stats    ]   CWRF: Weak References             104 us, workers (us): 104, ---, ---, 
[6.692s][info][gc,stats    ] Concurrent Weak Roots              3817 us
[6.692s][info][gc,stats    ]   Roots                            3569 us, parallelism: 0.98x
[6.692s][info][gc,stats    ]     CWR: <total>                   3505 us
[6.692s][info][gc,stats    ]     CWR: Code Cache Roots          3169 us, workers (us): 3169, ---, ---, 
[6.692s][info][gc,stats    ]     CWR: VM Weak Roots              328 us, workers (us): 328, ---, ---, 
[6.692s][info][gc,stats    ]     CWR: CLDG Roots                   8 us, workers (us):   8, ---, ---, 
[6.692s][info][gc,stats    ]   Rendezvous                        110 us
[6.692s][info][gc,stats    ] Concurrent Cleanup                   77 us
[6.692s][info][gc,stats    ] Concurrent Class Unloading        18814 us
[6.692s][info][gc,stats    ]   Unlink Stale                    18129 us
[6.692s][info][gc,stats    ]     System Dictionary               190 us
[6.692s][info][gc,stats    ]     Weak Class Links               4640 us
[6.692s][info][gc,stats    ]     Code Roots                    13297 us
[6.692s][info][gc,stats    ]   Rendezvous                         74 us
[6.692s][info][gc,stats    ]   Purge Unlinked                    535 us
[6.692s][info][gc,stats    ]     Code Roots                      463 us
[6.692s][info][gc,stats    ]     CLDG                             71 us
[6.692s][info][gc,stats    ]     Exception Caches                  0 us
[6.692s][info][gc,stats    ] Concurrent Strong Roots             171 us, parallelism: 0.52x
[6.692s][info][gc,stats    ]   CSR: <total>                       90 us
[6.692s][info][gc,stats    ]   CSR: VM Strong Roots                5 us, workers (us):   5, ---, ---, 
[6.692s][info][gc,stats    ]   CSR: CLDG Roots                    85 us, workers (us):  85, ---, ---, 
[6.692s][info][gc,stats    ] Concurrent Evacuation               502 us
[6.692s][info][gc,stats    ] Pause Init Update Refs (G)          144 us
[6.692s][info][gc,stats    ] Pause Init Update Refs (N)           71 us
[6.692s][info][gc,stats    ]   Manage GCLABs                       4 us
[6.692s][info][gc,stats    ] Concurrent Update Refs             3989 us
[6.692s][info][gc,stats    ] Concurrent Update Thread Roots      598 us
[6.692s][info][gc,stats    ] Pause Final Update Refs (G)         238 us
[6.692s][info][gc,stats    ] Pause Final Update Refs (N)         183 us
[6.692s][info][gc,stats    ]   Update Region States               76 us
[6.692s][info][gc,stats    ]   Trash Collection Set                7 us
[6.692s][info][gc,stats    ]   Rebuild Free Set                   26 us
[6.692s][info][gc,stats    ] Concurrent Cleanup                   44 us
[6.692s][info][gc,stats    ] 
[6.692s][info][gc,stats    ] Allocation pacing accrued:
[6.692s][info][gc,stats    ]       0 of   357 ms (  0.0%): <total>
[6.692s][info][gc,stats    ]       0 of   357 ms (  0.0%): <average total>
[6.692s][info][gc,stats    ] 
[6.692s][info][gc,metaspace] Metaspace: 25539K(25664K)->25488K(25664K) NonClass: 22871K(22912K)->22828K(22912K) Class: 2668K(2752K)->2659K(2752K)
[6.692s][info][gc,ergo     ] Pacer for Idle. Initial: 20971K, Alloc Tax Rate: 1.0x
[7.540s][info][gc          ] Trigger: Learning 2 of 5. Free (712M) is below initial threshold (716M)
[7.540s][info][gc,ergo     ] Free: 712M, Max: 512K regular, 712M humongous, Frag: 0% external, 0% internal; Reserve: 52736K, Max: 512K
[7.540s][info][gc,start    ] GC(8) Concurrent reset
[7.540s][info][gc,task     ] GC(8) Using 1 of 3 workers for concurrent reset
[7.540s][info][gc,ergo     ] GC(8) Pacer for Reset. Non-Taxable: 1024M
[7.540s][info][gc          ] GC(8) Concurrent reset 0.293ms
[7.540s][info][gc,start    ] GC(8) Pause Init Mark (unload classes)
[7.540s][info][gc,task     ] GC(8) Using 3 of 3 workers for init marking
[7.540s][info][gc,ergo     ] GC(8) Pacer for Mark. Expected Live: 11683K, Free: 712M, Non-Taxable: 72987K, Alloc Tax Rate: 0.0x
[7.540s][info][gc          ] GC(8) Pause Init Mark (unload classes) 0.145ms
[7.541s][info][gc,start    ] GC(8) Concurrent marking roots
[7.541s][info][gc,task     ] GC(8) Using 1 of 3 workers for concurrent marking roots
[7.541s][info][gc          ] GC(8) Concurrent marking roots 0.916ms
[7.541s][info][gc,start    ] GC(8) Concurrent marking (unload classes)
[7.541s][info][gc,task     ] GC(8) Using 1 of 3 workers for concurrent marking
[7.563s][info][gc          ] GC(8) Concurrent marking (unload classes) 21.023ms
[7.563s][info][gc,start    ] GC(8) Pause Final Mark (unload classes)
[7.563s][info][gc,task     ] GC(8) Using 3 of 3 workers for final marking
[7.563s][info][gc,ergo     ] GC(8) Adaptive CSet Selection. Target Free: 145M, Actual Free: 915M, Max CSet: 43690K, Min Garbage: 0B
[7.563s][info][gc,ergo     ] GC(8) Collectable Garbage: 241M (99%), Immediate: 157M (65%), CSet: 85612K (34%)
[7.563s][info][gc,ergo     ] GC(8) Pacer for Evacuation. Used CSet: 94889K, Free: 864M, Non-Taxable: 88525K, Alloc Tax Rate: 1.1x
[7.563s][info][gc          ] GC(8) Pause Final Mark (unload classes) 0.228ms
[7.563s][info][gc,start    ] GC(8) Concurrent thread roots
[7.563s][info][gc,task     ] GC(8) Using 1 of 3 workers for Concurrent thread roots
[7.563s][info][gc          ] GC(8) Concurrent thread roots 0.603ms
[7.564s][info][gc,start    ] GC(8) Concurrent weak references
[7.564s][info][gc,task     ] GC(8) Using 1 of 3 workers for concurrent weak references
[7.564s][info][gc,ref      ] GC(8) Encountered references: Soft: 396, Weak: 2146, Final: 199, Phantom: 244
[7.564s][info][gc,ref      ] GC(8) Discovered  references: Soft: 0, Weak: 1252, Final: 197, Phantom: 224
[7.564s][info][gc,ref      ] GC(8) Enqueued    references: Soft: 0, Weak: 770, Final: 190, Phantom: 38
[7.564s][info][gc          ] GC(8) Concurrent weak references 0.321ms
[7.564s][info][gc,start    ] GC(8) Concurrent weak roots
[7.564s][info][gc,task     ] GC(8) Using 1 of 3 workers for concurrent weak root
[7.567s][info][gc          ] GC(8) Concurrent weak roots 3.184ms
[7.567s][info][gc,start    ] GC(8) Concurrent cleanup
[7.567s][info][gc          ] GC(8) Concurrent cleanup 266M->108M(1024M) 0.069ms
[7.567s][info][gc,ergo     ] GC(8) Free: 864M, Max: 512K regular, 706M humongous, Frag: 19% external, 0% internal; Reserve: 52534K, Max: 512K
[7.567s][info][gc,start    ] GC(8) Concurrent class unloading
[7.567s][info][gc,task     ] GC(8) Using 1 of 3 workers for concurrent class unloading
[7.581s][info][gc          ] GC(8) Concurrent class unloading 13.690ms
[7.581s][info][gc,start    ] GC(8) Concurrent strong roots
[7.581s][info][gc,task     ] GC(8) Using 1 of 3 workers for concurrent strong root
[7.581s][info][gc          ] GC(8) Concurrent strong roots 0.166ms
[7.581s][info][gc,start    ] GC(8) Concurrent evacuation
[7.581s][info][gc,task     ] GC(8) Using 1 of 3 workers for concurrent evacuation
[7.588s][info][gc          ] GC(8) Concurrent evacuation 6.654ms
[7.588s][info][gc,start    ] GC(8) Pause Init Update Refs
[7.588s][info][gc,ergo     ] GC(8) Pacer for Update Refs. Used: 123M, Free: 858M, Non-Taxable: 87864K, Alloc Tax Rate: 1.1x
[7.588s][info][gc          ] GC(8) Pause Init Update Refs 0.070ms
[7.588s][info][gc,start    ] GC(8) Concurrent update references
[7.588s][info][gc,task     ] GC(8) Using 1 of 3 workers for concurrent reference update
[7.601s][info][gc          ] GC(8) Concurrent update references 12.451ms
[7.601s][info][gc,start    ] GC(8) Concurrent update thread roots
[7.601s][info][gc          ] GC(8) Concurrent update thread roots 0.509ms
[7.601s][info][gc,start    ] GC(8) Pause Final Update Refs
[7.601s][info][gc,task     ] GC(8) Using 3 of 3 workers for final reference update
[7.601s][info][gc          ] GC(8) Pause Final Update Refs 0.168ms
[7.602s][info][gc,start    ] GC(8) Concurrent cleanup
[7.602s][info][gc          ] GC(8) Concurrent cleanup 126M->33M(1024M) 0.043ms
[7.602s][info][gc,ergo     ] Free: 938M, Max: 512K regular, 697M humongous, Frag: 26% external, 0% internal; Reserve: 52736K, Max: 512K
[7.602s][info][gc,stats    ] 
[7.602s][info][gc,stats    ] All times are wall-clock times, except per-root-class counters, that are sum over
[7.602s][info][gc,stats    ] all workers. Dividing the <total> over the root stage time estimates parallelism.
[7.602s][info][gc,stats    ] 
[7.602s][info][gc,stats    ] Concurrent Reset                    336 us
[7.602s][info][gc,stats    ] Pause Init Mark (G)                 387 us
[7.602s][info][gc,stats    ] Pause Init Mark (N)                 154 us
[7.602s][info][gc,stats    ]   Update Region States               58 us
[7.602s][info][gc,stats    ] Concurrent Mark Roots               944 us, parallelism: 0.81x
[7.602s][info][gc,stats    ]   CMR: <total>                      769 us
[7.602s][info][gc,stats    ]   CMR: Thread Roots                 676 us, workers (us): 676, ---, ---, 
[7.602s][info][gc,stats    ]   CMR: VM Strong Roots                9 us, workers (us):   9, ---, ---, 
[7.602s][info][gc,stats    ]   CMR: CLDG Roots                    84 us, workers (us):  84, ---, ---, 
[7.602s][info][gc,stats    ] Concurrent Marking                21083 us
[7.602s][info][gc,stats    ] Pause Final Mark (G)                319 us
[7.602s][info][gc,stats    ] Pause Final Mark (N)                236 us
[7.602s][info][gc,stats    ]   Finish Mark                        75 us
[7.602s][info][gc,stats    ]   Update Region States               32 us
[7.602s][info][gc,stats    ]   Choose Collection Set              50 us
[7.602s][info][gc,stats    ]   Rebuild Free Set                    9 us
[7.602s][info][gc,stats    ] Concurrent Thread Roots             622 us, parallelism: 0.81x
[7.602s][info][gc,stats    ]   CTR: <total>                      505 us
[7.602s][info][gc,stats    ]   CTR: Thread Roots                 505 us, workers (us): 505, ---, ---, 
[7.602s][info][gc,stats    ] Concurrent Weak References          329 us, parallelism: 0.71x
[7.602s][info][gc,stats    ]   CWRF: <total>                     233 us
[7.602s][info][gc,stats    ]   CWRF: Weak References             233 us, workers (us): 233, ---, ---, 
[7.602s][info][gc,stats    ] Concurrent Weak Roots              3251 us
[7.602s][info][gc,stats    ]   Roots                            3064 us, parallelism: 0.98x
[7.602s][info][gc,stats    ]     CWR: <total>                   2989 us
[7.602s][info][gc,stats    ]     CWR: Code Cache Roots          2750 us, workers (us): 2750, ---, ---, 
[7.602s][info][gc,stats    ]     CWR: VM Weak Roots              229 us, workers (us): 229, ---, ---, 
[7.602s][info][gc,stats    ]     CWR: CLDG Roots                   9 us, workers (us):   9, ---, ---, 
[7.602s][info][gc,stats    ]   Rendezvous                        100 us
[7.602s][info][gc,stats    ] Concurrent Cleanup                  100 us
[7.602s][info][gc,stats    ] Concurrent Class Unloading        13749 us
[7.602s][info][gc,stats    ]   Unlink Stale                    12925 us
[7.602s][info][gc,stats    ]     System Dictionary                 9 us
[7.602s][info][gc,stats    ]     Weak Class Links                  0 us
[7.602s][info][gc,stats    ]     Code Roots                    12914 us
[7.602s][info][gc,stats    ]   Rendezvous                         70 us
[7.602s][info][gc,stats    ]   Purge Unlinked                    658 us
[7.602s][info][gc,stats    ]     Code Roots                      651 us
[7.602s][info][gc,stats    ]     CLDG                              7 us
[7.602s][info][gc,stats    ]     Exception Caches                  0 us
[7.602s][info][gc,stats    ] Concurrent Strong Roots             186 us, parallelism: 0.56x
[7.602s][info][gc,stats    ]   CSR: <total>                      104 us
[7.602s][info][gc,stats    ]   CSR: VM Strong Roots                4 us, workers (us):   4, ---, ---, 
[7.602s][info][gc,stats    ]   CSR: CLDG Roots                   100 us, workers (us): 100, ---, ---, 
[7.602s][info][gc,stats    ] Concurrent Evacuation              6721 us
[7.602s][info][gc,stats    ] Pause Init Update Refs (G)          266 us
[7.602s][info][gc,stats    ] Pause Init Update Refs (N)           87 us
[7.602s][info][gc,stats    ]   Manage GCLABs                       5 us
[7.602s][info][gc,stats    ] Concurrent Update Refs            12525 us
[7.602s][info][gc,stats    ] Concurrent Update Thread Roots      544 us
[7.602s][info][gc,stats    ] Pause Final Update Refs (G)         301 us
[7.602s][info][gc,stats    ] Pause Final Update Refs (N)         190 us
[7.602s][info][gc,stats    ]   Update Region States               59 us
[7.602s][info][gc,stats    ]   Trash Collection Set                8 us
[7.602s][info][gc,stats    ]   Rebuild Free Set                   20 us
[7.602s][info][gc,stats    ] Concurrent Cleanup                   53 us
[7.602s][info][gc,stats    ] 
[7.602s][info][gc,stats    ] Allocation pacing accrued:
[7.602s][info][gc,stats    ]       0 of   910 ms (  0.0%): <total>
[7.602s][info][gc,stats    ]       0 of   910 ms (  0.0%): <average total>
[7.602s][info][gc,stats    ] 
[7.602s][info][gc,metaspace] Metaspace: 25791K(25984K)->25794K(25984K) NonClass: 23122K(23232K)->23126K(23232K) Class: 2668K(2752K)->2668K(2752K)
[7.602s][info][gc,ergo     ] Pacer for Idle. Initial: 20971K, Alloc Tax Rate: 1.0x
[7.873s][info][gc          ] Trigger: Explicit GC request (System.gc())
[7.873s][info][gc,ergo     ] Free: 857M, Max: 512K regular, 697M humongous, Frag: 19% external, 0% internal; Reserve: 52736K, Max: 512K
[7.873s][info][gc,start    ] GC(9) Concurrent reset
[7.873s][info][gc,task     ] GC(9) Using 1 of 3 workers for concurrent reset
[7.873s][info][gc,ergo     ] GC(9) Pacer for Reset. Non-Taxable: 1024M
[7.874s][info][gc          ] GC(9) Concurrent reset 0.762ms
[7.874s][info][gc,start    ] GC(9) Pause Init Mark (unload classes)
[7.874s][info][gc,task     ] GC(9) Using 3 of 3 workers for init marking
[7.874s][info][gc,ref      ] GC(9) Clearing All SoftReferences
[7.874s][info][gc,ergo     ] GC(9) Pacer for Mark. Expected Live: 13482K, Free: 857M, Non-Taxable: 87813K, Alloc Tax Rate: 0.0x
[7.874s][info][gc          ] GC(9) Pause Init Mark (unload classes) 0.188ms
[7.874s][info][gc,start    ] GC(9) Concurrent marking roots
[7.875s][info][gc,task     ] GC(9) Using 1 of 3 workers for concurrent marking roots
[7.875s][info][gc          ] GC(9) Concurrent marking roots 0.475ms
[7.875s][info][gc,start    ] GC(9) Concurrent marking (unload classes)
[7.875s][info][gc,task     ] GC(9) Using 1 of 3 workers for concurrent marking
[7.884s][info][gc          ] GC(9) Concurrent marking (unload classes) 8.847ms
[7.884s][info][gc,start    ] GC(9) Pause Final Mark (unload classes)
[7.884s][info][gc,task     ] GC(9) Using 3 of 3 workers for final marking
[7.884s][info][gc,ergo     ] GC(9) Adaptive CSet Selection. Target Free: 145M, Actual Free: 982M, Max CSet: 43690K, Min Garbage: 0B
[7.884s][info][gc,ergo     ] GC(9) Collectable Garbage: 105M (99%), Immediate: 75262K (68%), CSet: 33264K (30%)
[7.884s][info][gc,ergo     ] GC(9) Pacer for Evacuation. Used CSet: 33735K, Free: 931M, Non-Taxable: 95334K, Alloc Tax Rate: 1.1x
[7.884s][info][gc          ] GC(9) Pause Final Mark (unload classes) 0.255ms
[7.884s][info][gc,start    ] GC(9) Concurrent thread roots
[7.884s][info][gc,task     ] GC(9) Using 1 of 3 workers for Concurrent thread roots
[7.885s][info][gc          ] GC(9) Concurrent thread roots 0.341ms
[7.885s][info][gc,start    ] GC(9) Concurrent weak references
[7.885s][info][gc,task     ] GC(9) Using 1 of 3 workers for concurrent weak references
[7.885s][info][gc,ref      ] GC(9) Encountered references: Soft: 231, Weak: 1554, Final: 9, Phantom: 219
[7.885s][info][gc,ref      ] GC(9) Discovered  references: Soft: 143, Weak: 745, Final: 7, Phantom: 197
[7.885s][info][gc,ref      ] GC(9) Enqueued    references: Soft: 56, Weak: 235, Final: 0, Phantom: 113
[7.885s][info][gc          ] GC(9) Concurrent weak references 0.260ms
[7.885s][info][gc,start    ] GC(9) Concurrent weak roots
[7.885s][info][gc,task     ] GC(9) Using 1 of 3 workers for concurrent weak root
[7.888s][info][gc          ] GC(9) Concurrent weak roots 3.220ms
[7.888s][info][gc,start    ] GC(9) Concurrent cleanup
[7.888s][info][gc          ] GC(9) Concurrent cleanup 115M->41M(1024M) 0.056ms
[7.888s][info][gc,ergo     ] GC(9) Free: 931M, Max: 512K regular, 700M humongous, Frag: 25% external, 0% internal; Reserve: 52625K, Max: 512K
[7.888s][info][gc,start    ] GC(9) Concurrent class unloading
[7.888s][info][gc,task     ] GC(9) Using 1 of 3 workers for concurrent class unloading
[7.911s][info][gc          ] GC(9) Concurrent class unloading 22.480ms
[7.911s][info][gc,start    ] GC(9) Concurrent strong roots
[7.911s][info][gc,task     ] GC(9) Using 1 of 3 workers for concurrent strong root
[7.911s][info][gc          ] GC(9) Concurrent strong roots 0.158ms
[7.911s][info][gc,start    ] GC(9) Concurrent evacuation
[7.911s][info][gc,task     ] GC(9) Using 1 of 3 workers for concurrent evacuation
[7.911s][info][gc          ] GC(9) Concurrent evacuation 0.388ms
[7.911s][info][gc,start    ] GC(9) Pause Init Update Refs
[7.911s][info][gc,ergo     ] GC(9) Pacer for Update Refs. Used: 43209K, Free: 931M, Non-Taxable: 95334K, Alloc Tax Rate: 1.1x
[7.911s][info][gc          ] GC(9) Pause Init Update Refs 0.053ms
[7.911s][info][gc,start    ] GC(9) Concurrent update references
[7.911s][info][gc,task     ] GC(9) Using 1 of 3 workers for concurrent reference update
[7.915s][info][gc          ] GC(9) Concurrent update references 3.899ms
[7.915s][info][gc,start    ] GC(9) Concurrent update thread roots
[7.916s][info][gc          ] GC(9) Concurrent update thread roots 0.511ms
[7.916s][info][gc,start    ] GC(9) Pause Final Update Refs
[7.916s][info][gc,task     ] GC(9) Using 3 of 3 workers for final reference update
[7.916s][info][gc          ] GC(9) Pause Final Update Refs 0.117ms
[7.916s][info][gc,start    ] GC(9) Concurrent cleanup
[7.916s][info][gc          ] GC(9) Concurrent cleanup 42M->9M(1024M) 0.037ms
[7.916s][info][gc,ergo     ] Free: 963M, Max: 512K regular, 960M humongous, Frag: 1% external, 0% internal; Reserve: 52736K, Max: 512K
[7.916s][info][gc,stats    ] 
[7.916s][info][gc,stats    ] All times are wall-clock times, except per-root-class counters, that are sum over
[7.916s][info][gc,stats    ] all workers. Dividing the <total> over the root stage time estimates parallelism.
[7.916s][info][gc,stats    ] 
[7.916s][info][gc,stats    ] Concurrent Reset                    813 us
[7.916s][info][gc,stats    ] Pause Init Mark (G)                 366 us
[7.916s][info][gc,stats    ] Pause Init Mark (N)                 205 us
[7.916s][info][gc,stats    ]   Update Region States               66 us
[7.916s][info][gc,stats    ] Concurrent Mark Roots               500 us, parallelism: 0.68x
[7.916s][info][gc,stats    ]   CMR: <total>                      338 us
[7.916s][info][gc,stats    ]   CMR: Thread Roots                 279 us, workers (us): 279, ---, ---, 
[7.916s][info][gc,stats    ]   CMR: VM Strong Roots                7 us, workers (us):   7, ---, ---, 
[7.916s][info][gc,stats    ]   CMR: CLDG Roots                    52 us, workers (us):  52, ---, ---, 
[7.916s][info][gc,stats    ] Concurrent Marking                 8907 us
[7.916s][info][gc,stats    ] Pause Final Mark (G)                309 us
[7.916s][info][gc,stats    ] Pause Final Mark (N)                263 us
[7.916s][info][gc,stats    ]   Finish Mark                        78 us
[7.916s][info][gc,stats    ]   Update Region States               46 us
[7.916s][info][gc,stats    ]   Choose Collection Set              53 us
[7.916s][info][gc,stats    ]   Rebuild Free Set                    9 us
[7.916s][info][gc,stats    ] Concurrent Thread Roots             359 us, parallelism: 0.77x
[7.916s][info][gc,stats    ]   CTR: <total>                      275 us
[7.916s][info][gc,stats    ]   CTR: Thread Roots                 275 us, workers (us): 275, ---, ---, 
[7.916s][info][gc,stats    ] Concurrent Weak References          268 us, parallelism: 0.49x
[7.916s][info][gc,stats    ]   CWRF: <total>                     132 us
[7.916s][info][gc,stats    ]   CWRF: Weak References             132 us, workers (us): 132, ---, ---, 
[7.916s][info][gc,stats    ] Concurrent Weak Roots              3290 us
[7.916s][info][gc,stats    ]   Roots                            3129 us, parallelism: 0.96x
[7.916s][info][gc,stats    ]     CWR: <total>                   3006 us
[7.916s][info][gc,stats    ]     CWR: Code Cache Roots          2679 us, workers (us): 2679, ---, ---, 
[7.916s][info][gc,stats    ]     CWR: VM Weak Roots              318 us, workers (us): 318, ---, ---, 
[7.916s][info][gc,stats    ]     CWR: CLDG Roots                   9 us, workers (us):   9, ---, ---, 
[7.916s][info][gc,stats    ]   Rendezvous                         69 us
[7.916s][info][gc,stats    ] Concurrent Cleanup                   76 us
[7.916s][info][gc,stats    ] Concurrent Class Unloading        22529 us
[7.916s][info][gc,stats    ]   Unlink Stale                    21846 us
[7.917s][info][gc,stats    ]     System Dictionary               234 us
[7.917s][info][gc,stats    ]     Weak Class Links               5461 us
[7.917s][info][gc,stats    ]     Code Roots                    16149 us
[7.917s][info][gc,stats    ]   Rendezvous                         67 us
[7.917s][info][gc,stats    ]   Purge Unlinked                    531 us
[7.917s][info][gc,stats    ]     Code Roots                      467 us
[7.917s][info][gc,stats    ]     CLDG                             64 us
[7.917s][info][gc,stats    ]     Exception Caches                  0 us
[7.917s][info][gc,stats    ] Concurrent Strong Roots             177 us, parallelism: 0.49x
[7.917s][info][gc,stats    ]   CSR: <total>                       86 us
[7.917s][info][gc,stats    ]   CSR: VM Strong Roots                4 us, workers (us):   4, ---, ---, 
[7.917s][info][gc,stats    ]   CSR: CLDG Roots                    82 us, workers (us):  82, ---, ---, 
[7.917s][info][gc,stats    ] Concurrent Evacuation               406 us
[7.917s][info][gc,stats    ] Pause Init Update Refs (G)          103 us
[7.917s][info][gc,stats    ] Pause Init Update Refs (N)           61 us
[7.917s][info][gc,stats    ]   Manage GCLABs                       3 us
[7.917s][info][gc,stats    ] Concurrent Update Refs             3974 us
[7.917s][info][gc,stats    ] Concurrent Update Thread Roots      535 us
[7.917s][info][gc,stats    ] Pause Final Update Refs (G)         171 us
[7.917s][info][gc,stats    ] Pause Final Update Refs (N)         128 us
[7.917s][info][gc,stats    ]   Update Region States               50 us
[7.917s][info][gc,stats    ]   Trash Collection Set                4 us
[7.917s][info][gc,stats    ]   Rebuild Free Set                   12 us
[7.917s][info][gc,stats    ] Concurrent Cleanup                   47 us
[7.917s][info][gc,stats    ] 
[7.917s][info][gc,stats    ] Allocation pacing accrued:
[7.917s][info][gc,stats    ]       0 of   315 ms (  0.0%): <total>
[7.917s][info][gc,stats    ]       0 of   315 ms (  0.0%): <average total>
[7.917s][info][gc,stats    ] 
[7.917s][info][gc,metaspace] Metaspace: 25838K(25984K)->25787K(25984K) NonClass: 23170K(23232K)->23127K(23232K) Class: 2668K(2752K)->2659K(2752K)
[7.917s][info][gc,ergo     ] Pacer for Idle. Initial: 20971K, Alloc Tax Rate: 1.0x
[8.713s][info][gc          ] Trigger: Learning 2 of 5. Free (716M) is below initial threshold (716M)
[8.713s][info][gc,ergo     ] Free: 716M, Max: 512K regular, 716M humongous, Frag: 0% external, 0% internal; Reserve: 52736K, Max: 512K
[8.714s][info][gc,start    ] GC(10) Concurrent reset
[8.714s][info][gc,task     ] GC(10) Using 1 of 3 workers for concurrent reset
[8.714s][info][gc,ergo     ] GC(10) Pacer for Reset. Non-Taxable: 1024M
[8.714s][info][gc          ] GC(10) Concurrent reset 0.317ms
[8.714s][info][gc,start    ] GC(10) Pause Init Mark (unload classes)
[8.714s][info][gc,task     ] GC(10) Using 3 of 3 workers for init marking
[8.714s][info][gc,ergo     ] GC(10) Pacer for Mark. Expected Live: 11713K, Free: 716M, Non-Taxable: 73397K, Alloc Tax Rate: 0.0x
[8.714s][info][gc          ] GC(10) Pause Init Mark (unload classes) 0.147ms
[8.714s][info][gc,start    ] GC(10) Concurrent marking roots
[8.714s][info][gc,task     ] GC(10) Using 1 of 3 workers for concurrent marking roots
[8.715s][info][gc          ] GC(10) Concurrent marking roots 0.883ms
[8.715s][info][gc,start    ] GC(10) Concurrent marking (unload classes)
[8.715s][info][gc,task     ] GC(10) Using 1 of 3 workers for concurrent marking
[8.735s][info][gc          ] GC(10) Concurrent marking (unload classes) 19.273ms
[8.735s][info][gc,start    ] GC(10) Pause Final Mark (unload classes)
[8.735s][info][gc,task     ] GC(10) Using 3 of 3 workers for final marking
[8.735s][info][gc,ergo     ] GC(10) Adaptive CSet Selection. Target Free: 145M, Actual Free: 920M, Max CSet: 43690K, Min Garbage: 0B
[8.735s][info][gc,ergo     ] GC(10) Collectable Garbage: 237M (99%), Immediate: 158M (66%), CSet: 81129K (33%)
[8.735s][info][gc,ergo     ] GC(10) Pacer for Evacuation. Used CSet: 89207K, Free: 869M, Non-Taxable: 88986K, Alloc Tax Rate: 1.1x
[8.735s][info][gc          ] GC(10) Pause Final Mark (unload classes) 0.279ms
[8.735s][info][gc,start    ] GC(10) Concurrent thread roots
[8.735s][info][gc,task     ] GC(10) Using 1 of 3 workers for Concurrent thread roots
[8.735s][info][gc          ] GC(10) Concurrent thread roots 0.465ms
[8.735s][info][gc,start    ] GC(10) Concurrent weak references
[8.735s][info][gc,task     ] GC(10) Using 1 of 3 workers for concurrent weak references
[8.736s][info][gc,ref      ] GC(10) Encountered references: Soft: 398, Weak: 2145, Final: 199, Phantom: 244
[8.736s][info][gc,ref      ] GC(10) Discovered  references: Soft: 0, Weak: 1259, Final: 197, Phantom: 221
[8.736s][info][gc,ref      ] GC(10) Enqueued    references: Soft: 0, Weak: 781, Final: 190, Phantom: 37
[8.736s][info][gc          ] GC(10) Concurrent weak references 0.316ms
[8.736s][info][gc,start    ] GC(10) Concurrent weak roots
[8.736s][info][gc,task     ] GC(10) Using 1 of 3 workers for concurrent weak root
[8.739s][info][gc          ] GC(10) Concurrent weak roots 3.110ms
[8.739s][info][gc,start    ] GC(10) Concurrent cleanup
[8.739s][info][gc          ] GC(10) Concurrent cleanup 262M->104M(1024M) 0.071ms
[8.739s][info][gc,ergo     ] GC(10) Free: 868M, Max: 512K regular, 709M humongous, Frag: 19% external, 0% internal; Reserve: 52536K, Max: 512K
[8.739s][info][gc,start    ] GC(10) Concurrent class unloading
[8.739s][info][gc,task     ] GC(10) Using 1 of 3 workers for concurrent class unloading
[8.753s][info][gc          ] GC(10) Concurrent class unloading 13.691ms
[8.753s][info][gc,start    ] GC(10) Concurrent strong roots
[8.753s][info][gc,task     ] GC(10) Using 1 of 3 workers for concurrent strong root
[8.753s][info][gc          ] GC(10) Concurrent strong roots 0.205ms
[8.753s][info][gc,start    ] GC(10) Concurrent evacuation
[8.753s][info][gc,task     ] GC(10) Using 1 of 3 workers for concurrent evacuation
[8.758s][info][gc          ] GC(10) Concurrent evacuation 5.218ms
[8.758s][info][gc,start    ] GC(10) Pause Init Update Refs
[8.758s][info][gc,ergo     ] GC(10) Pacer for Update Refs. Used: 117M, Free: 863M, Non-Taxable: 88427K, Alloc Tax Rate: 1.1x
[8.758s][info][gc          ] GC(10) Pause Init Update Refs 0.056ms
[8.759s][info][gc,start    ] GC(10) Concurrent update references
[8.759s][info][gc,task     ] GC(10) Using 1 of 3 workers for concurrent reference update
[8.772s][info][gc          ] GC(10) Concurrent update references 13.263ms
[8.772s][info][gc,start    ] GC(10) Concurrent update thread roots
[8.773s][info][gc          ] GC(10) Concurrent update thread roots 0.686ms
[8.773s][info][gc,start    ] GC(10) Pause Final Update Refs
[8.773s][info][gc,task     ] GC(10) Using 3 of 3 workers for final reference update
[8.773s][info][gc          ] GC(10) Pause Final Update Refs 0.118ms
[8.773s][info][gc,start    ] GC(10) Concurrent cleanup
[8.773s][info][gc          ] GC(10) Concurrent cleanup 120M->33M(1024M) 0.040ms
[8.773s][info][gc,ergo     ] Free: 939M, Max: 512K regular, 702M humongous, Frag: 26% external, 0% internal; Reserve: 52736K, Max: 512K
[8.773s][info][gc,stats    ] 
[8.773s][info][gc,stats    ] All times are wall-clock times, except per-root-class counters, that are sum over
[8.773s][info][gc,stats    ] all workers. Dividing the <total> over the root stage time estimates parallelism.
[8.773s][info][gc,stats    ] 
[8.773s][info][gc,stats    ] Concurrent Reset                    348 us
[8.773s][info][gc,stats    ] Pause Init Mark (G)                 418 us
[8.773s][info][gc,stats    ] Pause Init Mark (N)                 156 us
[8.773s][info][gc,stats    ]   Update Region States               60 us
[8.773s][info][gc,stats    ] Concurrent Mark Roots               929 us, parallelism: 0.76x
[8.773s][info][gc,stats    ]   CMR: <total>                      705 us
[8.773s][info][gc,stats    ]   CMR: Thread Roots                 605 us, workers (us): 605, ---, ---, 
[8.773s][info][gc,stats    ]   CMR: VM Strong Roots               14 us, workers (us):  14, ---, ---, 
[8.773s][info][gc,stats    ]   CMR: CLDG Roots                    86 us, workers (us):  86, ---, ---, 
[8.773s][info][gc,stats    ] Concurrent Marking                19322 us
[8.773s][info][gc,stats    ] Pause Final Mark (G)                379 us
[8.773s][info][gc,stats    ] Pause Final Mark (N)                287 us
[8.773s][info][gc,stats    ]   Finish Mark                        83 us
[8.773s][info][gc,stats    ]   Update Region States               59 us
[8.773s][info][gc,stats    ]   Choose Collection Set              83 us
[8.773s][info][gc,stats    ]   Rebuild Free Set                    9 us
[8.773s][info][gc,stats    ] Concurrent Thread Roots             484 us, parallelism: 0.83x
[8.773s][info][gc,stats    ]   CTR: <total>                      400 us
[8.773s][info][gc,stats    ]   CTR: Thread Roots                 400 us, workers (us): 400, ---, ---, 
[8.773s][info][gc,stats    ] Concurrent Weak References          323 us, parallelism: 0.63x
[8.773s][info][gc,stats    ]   CWRF: <total>                     203 us
[8.773s][info][gc,stats    ]   CWRF: Weak References             203 us, workers (us): 203, ---, ---, 
[8.773s][info][gc,stats    ] Concurrent Weak Roots              3178 us
[8.773s][info][gc,stats    ]   Roots                            2994 us, parallelism: 0.96x
[8.773s][info][gc,stats    ]     CWR: <total>                   2880 us
[8.773s][info][gc,stats    ]     CWR: Code Cache Roots          2652 us, workers (us): 2652, ---, ---, 
[8.773s][info][gc,stats    ]     CWR: VM Weak Roots              221 us, workers (us): 221, ---, ---, 
[8.773s][info][gc,stats    ]     CWR: CLDG Roots                   7 us, workers (us):   7, ---, ---, 
[8.773s][info][gc,stats    ]   Rendezvous                         94 us
[8.773s][info][gc,stats    ] Concurrent Cleanup                   90 us
[8.773s][info][gc,stats    ] Concurrent Class Unloading        13762 us
[8.773s][info][gc,stats    ]   Unlink Stale                    12988 us
[8.773s][info][gc,stats    ]     System Dictionary                12 us
[8.773s][info][gc,stats    ]     Weak Class Links                  0 us
[8.773s][info][gc,stats    ]     Code Roots                    12974 us
[8.773s][info][gc,stats    ]   Rendezvous                         92 us
[8.773s][info][gc,stats    ]   Purge Unlinked                    566 us
[8.773s][info][gc,stats    ]     Code Roots                      554 us
[8.773s][info][gc,stats    ]     CLDG                             11 us
[8.773s][info][gc,stats    ]     Exception Caches                  0 us
[8.773s][info][gc,stats    ] Concurrent Strong Roots             244 us, parallelism: 0.38x
[8.773s][info][gc,stats    ]   CSR: <total>                       94 us
[8.773s][info][gc,stats    ]   CSR: VM Strong Roots                3 us, workers (us):   3, ---, ---, 
[8.773s][info][gc,stats    ]   CSR: CLDG Roots                    91 us, workers (us):  91, ---, ---, 
[8.773s][info][gc,stats    ] Concurrent Evacuation              5288 us
[8.773s][info][gc,stats    ] Pause Init Update Refs (G)          205 us
[8.773s][info][gc,stats    ] Pause Init Update Refs (N)           65 us
[8.773s][info][gc,stats    ]   Manage GCLABs                       4 us
[8.773s][info][gc,stats    ] Concurrent Update Refs            13356 us
[8.773s][info][gc,stats    ] Concurrent Update Thread Roots      706 us
[8.773s][info][gc,stats    ] Pause Final Update Refs (G)         197 us
[8.773s][info][gc,stats    ] Pause Final Update Refs (N)         129 us
[8.773s][info][gc,stats    ]   Update Region States               47 us
[8.773s][info][gc,stats    ]   Trash Collection Set                4 us
[8.773s][info][gc,stats    ]   Rebuild Free Set                   13 us
[8.773s][info][gc,stats    ] Concurrent Cleanup                   50 us
[8.773s][info][gc,stats    ] 
[8.773s][info][gc,stats    ] Allocation pacing accrued:
[8.773s][info][gc,stats    ]       0 of   857 ms (  0.0%): <total>
[8.773s][info][gc,stats    ]       0 of   857 ms (  0.0%): <average total>
[8.773s][info][gc,stats    ] 
[8.773s][info][gc,metaspace] Metaspace: 26007K(26176K)->26009K(26176K) NonClass: 23338K(23424K)->23340K(23424K) Class: 2669K(2752K)->2669K(2752K)
[8.773s][info][gc,ergo     ] Pacer for Idle. Initial: 20971K, Alloc Tax Rate: 1.0x
[9.046s][info][gc          ] Trigger: Explicit GC request (System.gc())
[9.046s][info][gc,ergo     ] Free: 855M, Max: 512K regular, 702M humongous, Frag: 18% external, 0% internal; Reserve: 52736K, Max: 512K
[9.046s][info][gc,start    ] GC(11) Concurrent reset
[9.046s][info][gc,task     ] GC(11) Using 1 of 3 workers for concurrent reset
[9.046s][info][gc,ergo     ] GC(11) Pacer for Reset. Non-Taxable: 1024M
[9.047s][info][gc          ] GC(11) Concurrent reset 0.678ms
[9.047s][info][gc,start    ] GC(11) Pause Init Mark (unload classes)
[9.047s][info][gc,task     ] GC(11) Using 3 of 3 workers for init marking
[9.047s][info][gc,ref      ] GC(11) Clearing All SoftReferences
[9.047s][info][gc,ergo     ] GC(11) Pacer for Mark. Expected Live: 13447K, Free: 855M, Non-Taxable: 87555K, Alloc Tax Rate: 0.0x
[9.047s][info][gc          ] GC(11) Pause Init Mark (unload classes) 0.102ms
[9.047s][info][gc,start    ] GC(11) Concurrent marking roots
[9.047s][info][gc,task     ] GC(11) Using 1 of 3 workers for concurrent marking roots
[9.048s][info][gc          ] GC(11) Concurrent marking roots 0.595ms
[9.048s][info][gc,start    ] GC(11) Concurrent marking (unload classes)
[9.048s][info][gc,task     ] GC(11) Using 1 of 3 workers for concurrent marking
[9.057s][info][gc          ] GC(11) Concurrent marking (unload classes) 8.728ms
[9.057s][info][gc,start    ] GC(11) Pause Final Mark (unload classes)
[9.057s][info][gc,task     ] GC(11) Using 3 of 3 workers for final marking
[9.057s][info][gc,ergo     ] GC(11) Adaptive CSet Selection. Target Free: 145M, Actual Free: 982M, Max CSet: 43690K, Min Garbage: 0B
[9.057s][info][gc,ergo     ] GC(11) Collectable Garbage: 108M (99%), Immediate: 78809K (70%), CSet: 32288K (28%)
[9.057s][info][gc,ergo     ] GC(11) Pacer for Evacuation. Used CSet: 32768K, Free: 932M, Non-Taxable: 95436K, Alloc Tax Rate: 1.1x
[9.057s][info][gc          ] GC(11) Pause Final Mark (unload classes) 0.242ms
[9.057s][info][gc,start    ] GC(11) Concurrent thread roots
[9.057s][info][gc,task     ] GC(11) Using 1 of 3 workers for Concurrent thread roots
[9.058s][info][gc          ] GC(11) Concurrent thread roots 0.500ms
[9.058s][info][gc,start    ] GC(11) Concurrent weak references
[9.058s][info][gc,task     ] GC(11) Using 1 of 3 workers for concurrent weak references
[9.058s][info][gc,ref      ] GC(11) Encountered references: Soft: 232, Weak: 1554, Final: 9, Phantom: 220
[9.058s][info][gc,ref      ] GC(11) Discovered  references: Soft: 144, Weak: 745, Final: 7, Phantom: 198
[9.058s][info][gc,ref      ] GC(11) Enqueued    references: Soft: 57, Weak: 235, Final: 0, Phantom: 114
[9.058s][info][gc          ] GC(11) Concurrent weak references 0.177ms
[9.058s][info][gc,start    ] GC(11) Concurrent weak roots
[9.058s][info][gc,task     ] GC(11) Using 1 of 3 workers for concurrent weak root
[9.061s][info][gc          ] GC(11) Concurrent weak roots 2.888ms
[9.061s][info][gc,start    ] GC(11) Concurrent cleanup
[9.061s][info][gc          ] GC(11) Concurrent cleanup 117M->40M(1024M) 0.053ms
[9.061s][info][gc,ergo     ] GC(11) Free: 932M, Max: 512K regular, 704M humongous, Frag: 25% external, 0% internal; Reserve: 52623K, Max: 512K
[9.061s][info][gc,start    ] GC(11) Concurrent class unloading
[9.061s][info][gc,task     ] GC(11) Using 1 of 3 workers for concurrent class unloading
[9.083s][info][gc          ] GC(11) Concurrent class unloading 22.050ms
[9.083s][info][gc,start    ] GC(11) Concurrent strong roots
[9.083s][info][gc,task     ] GC(11) Using 1 of 3 workers for concurrent strong root
[9.083s][info][gc          ] GC(11) Concurrent strong roots 0.188ms
[9.083s][info][gc,start    ] GC(11) Concurrent evacuation
[9.083s][info][gc,task     ] GC(11) Using 1 of 3 workers for concurrent evacuation
[9.084s][info][gc          ] GC(11) Concurrent evacuation 0.630ms
[9.084s][info][gc,start    ] GC(11) Pause Init Update Refs
[9.084s][info][gc,ergo     ] GC(11) Pacer for Update Refs. Used: 42242K, Free: 932M, Non-Taxable: 95436K, Alloc Tax Rate: 1.1x
[9.084s][info][gc          ] GC(11) Pause Init Update Refs 0.062ms
[9.084s][info][gc,start    ] GC(11) Concurrent update references
[9.084s][info][gc,task     ] GC(11) Using 1 of 3 workers for concurrent reference update
[9.088s][info][gc          ] GC(11) Concurrent update references 3.877ms
[9.088s][info][gc,start    ] GC(11) Concurrent update thread roots
[9.088s][info][gc          ] GC(11) Concurrent update thread roots 0.368ms
[9.088s][info][gc,start    ] GC(11) Pause Final Update Refs
[9.088s][info][gc,task     ] GC(11) Using 3 of 3 workers for final reference update
[9.088s][info][gc          ] GC(11) Pause Final Update Refs 0.147ms
[9.089s][info][gc,start    ] GC(11) Concurrent cleanup
[9.089s][info][gc          ] GC(11) Concurrent cleanup 41M->9M(1024M) 0.062ms
[9.089s][info][gc,ergo     ] Free: 963M, Max: 512K regular, 960M humongous, Frag: 1% external, 0% internal; Reserve: 52736K, Max: 512K
[9.089s][info][gc,stats    ] 
[9.089s][info][gc,stats    ] All times are wall-clock times, except per-root-class counters, that are sum over
[9.089s][info][gc,stats    ] all workers. Dividing the <total> over the root stage time estimates parallelism.
[9.089s][info][gc,stats    ] 
[9.089s][info][gc,stats    ] Concurrent Reset                    765 us
[9.089s][info][gc,stats    ] Pause Init Mark (G)                 250 us
[9.089s][info][gc,stats    ] Pause Init Mark (N)                 111 us
[9.089s][info][gc,stats    ]   Update Region States               43 us
[9.089s][info][gc,stats    ] Concurrent Mark Roots               621 us, parallelism: 0.74x
[9.089s][info][gc,stats    ]   CMR: <total>                      457 us
[9.089s][info][gc,stats    ]   CMR: Thread Roots                 367 us, workers (us): 367, ---, ---, 
[9.089s][info][gc,stats    ]   CMR: VM Strong Roots               11 us, workers (us):  11, ---, ---, 
[9.089s][info][gc,stats    ]   CMR: CLDG Roots                    80 us, workers (us):  80, ---, ---, 
[9.089s][info][gc,stats    ] Concurrent Marking                 8799 us
[9.089s][info][gc,stats    ] Pause Final Mark (G)                322 us
[9.089s][info][gc,stats    ] Pause Final Mark (N)                250 us
[9.089s][info][gc,stats    ]   Finish Mark                        95 us
[9.089s][info][gc,stats    ]   Update Region States               31 us
[9.089s][info][gc,stats    ]   Choose Collection Set              42 us
[9.089s][info][gc,stats    ]   Rebuild Free Set                    8 us
[9.089s][info][gc,stats    ] Concurrent Thread Roots             525 us, parallelism: 0.75x
[9.089s][info][gc,stats    ]   CTR: <total>                      395 us
[9.089s][info][gc,stats    ]   CTR: Thread Roots                 395 us, workers (us): 395, ---, ---, 
[9.089s][info][gc,stats    ] Concurrent Weak References          185 us, parallelism: 0.41x
[9.089s][info][gc,stats    ]   CWRF: <total>                      76 us
[9.089s][info][gc,stats    ]   CWRF: Weak References              76 us, workers (us):  76, ---, ---, 
[9.089s][info][gc,stats    ] Concurrent Weak Roots              2959 us
[9.089s][info][gc,stats    ]   Roots                            2800 us, parallelism: 0.96x
[9.089s][info][gc,stats    ]     CWR: <total>                   2691 us
[9.089s][info][gc,stats    ]     CWR: Code Cache Roots          2503 us, workers (us): 2503, ---, ---, 
[9.089s][info][gc,stats    ]     CWR: VM Weak Roots              182 us, workers (us): 182, ---, ---, 
[9.089s][info][gc,stats    ]     CWR: CLDG Roots                   6 us, workers (us):   6, ---, ---, 
[9.089s][info][gc,stats    ]   Rendezvous                         67 us
[9.089s][info][gc,stats    ] Concurrent Cleanup                   72 us
[9.089s][info][gc,stats    ] Concurrent Class Unloading        22119 us
[9.089s][info][gc,stats    ]   Unlink Stale                    21325 us
[9.089s][info][gc,stats    ]     System Dictionary               227 us
[9.089s][info][gc,stats    ]     Weak Class Links               5184 us
[9.089s][info][gc,stats    ]     Code Roots                    15912 us
[9.089s][info][gc,stats    ]   Rendezvous                         68 us
[9.089s][info][gc,stats    ]   Purge Unlinked                    619 us
[9.089s][info][gc,stats    ]     Code Roots                      530 us
[9.089s][info][gc,stats    ]     CLDG                             89 us
[9.089s][info][gc,stats    ]     Exception Caches                  0 us
[9.089s][info][gc,stats    ] Concurrent Strong Roots             213 us, parallelism: 0.41x
[9.089s][info][gc,stats    ]   CSR: <total>                       88 us
[9.089s][info][gc,stats    ]   CSR: VM Strong Roots                4 us, workers (us):   4, ---, ---, 
[9.089s][info][gc,stats    ]   CSR: CLDG Roots                    84 us, workers (us):  84, ---, ---, 
[9.089s][info][gc,stats    ] Concurrent Evacuation               650 us
[9.089s][info][gc,stats    ] Pause Init Update Refs (G)          134 us
[9.089s][info][gc,stats    ] Pause Init Update Refs (N)           71 us
[9.089s][info][gc,stats    ]   Manage GCLABs                       3 us
[9.089s][info][gc,stats    ] Concurrent Update Refs             3952 us
[9.089s][info][gc,stats    ] Concurrent Update Thread Roots      407 us
[9.089s][info][gc,stats    ] Pause Final Update Refs (G)         233 us
[9.089s][info][gc,stats    ] Pause Final Update Refs (N)         162 us
[9.089s][info][gc,stats    ]   Update Region States               67 us
[9.089s][info][gc,stats    ]   Trash Collection Set                5 us
[9.089s][info][gc,stats    ]   Rebuild Free Set                   18 us
[9.089s][info][gc,stats    ] Concurrent Cleanup                   83 us
[9.089s][info][gc,stats    ] 
[9.089s][info][gc,stats    ] Allocation pacing accrued:
[9.089s][info][gc,stats    ]       0 of   316 ms (  0.0%): <total>
[9.089s][info][gc,stats    ]       0 of   316 ms (  0.0%): <average total>
[9.089s][info][gc,stats    ] 
[9.089s][info][gc,metaspace] Metaspace: 26036K(26240K)->25985K(26240K) NonClass: 23367K(23488K)->23324K(23488K) Class: 2669K(2752K)->2660K(2752K)
[9.089s][info][gc,ergo     ] Pacer for Idle. Initial: 20971K, Alloc Tax Rate: 1.0x
[9.887s][info][gc          ] Trigger: Learning 2 of 5. Free (711M) is below initial threshold (716M)
[9.887s][info][gc,ergo     ] Free: 711M, Max: 512K regular, 711M humongous, Frag: 0% external, 0% internal; Reserve: 52736K, Max: 512K
[9.887s][info][gc,start    ] GC(12) Concurrent reset
[9.887s][info][gc,task     ] GC(12) Using 1 of 3 workers for concurrent reset
[9.887s][info][gc,ergo     ] GC(12) Pacer for Reset. Non-Taxable: 1024M
[9.887s][info][gc          ] GC(12) Concurrent reset 0.289ms
[9.887s][info][gc,start    ] GC(12) Pause Init Mark (unload classes)
[9.887s][info][gc,task     ] GC(12) Using 3 of 3 workers for init marking
[9.887s][info][gc,ergo     ] GC(12) Pacer for Mark. Expected Live: 11738K, Free: 711M, Non-Taxable: 72833K, Alloc Tax Rate: 0.0x
[9.887s][info][gc          ] GC(12) Pause Init Mark (unload classes) 0.125ms
[9.888s][info][gc,start    ] GC(12) Concurrent marking roots
[9.888s][info][gc,task     ] GC(12) Using 1 of 3 workers for concurrent marking roots
[9.888s][info][gc          ] GC(12) Concurrent marking roots 0.561ms
[9.888s][info][gc,start    ] GC(12) Concurrent marking (unload classes)
[9.888s][info][gc,task     ] GC(12) Using 1 of 3 workers for concurrent marking
[9.907s][info][gc          ] GC(12) Concurrent marking (unload classes) 18.652ms
[9.907s][info][gc,start    ] GC(12) Pause Final Mark (unload classes)
[9.907s][info][gc,task     ] GC(12) Using 3 of 3 workers for final marking
[9.907s][info][gc,ergo     ] GC(12) Adaptive CSet Selection. Target Free: 145M, Actual Free: 919M, Max CSet: 43690K, Min Garbage: 0B
[9.907s][info][gc,ergo     ] GC(12) Collectable Garbage: 243M (99%), Immediate: 162M (66%), CSet: 82977K (33%)
[9.907s][info][gc,ergo     ] GC(12) Pacer for Evacuation. Used CSet: 91097K, Free: 868M, Non-Taxable: 88934K, Alloc Tax Rate: 1.1x
[9.907s][info][gc          ] GC(12) Pause Final Mark (unload classes) 0.226ms
[9.907s][info][gc,start    ] GC(12) Concurrent thread roots
[9.907s][info][gc,task     ] GC(12) Using 1 of 3 workers for Concurrent thread roots
[9.908s][info][gc          ] GC(12) Concurrent thread roots 0.520ms
[9.908s][info][gc,start    ] GC(12) Concurrent weak references
[9.908s][info][gc,task     ] GC(12) Using 1 of 3 workers for concurrent weak references
[9.908s][info][gc,ref      ] GC(12) Encountered references: Soft: 409, Weak: 2146, Final: 199, Phantom: 243
[9.908s][info][gc,ref      ] GC(12) Discovered  references: Soft: 0, Weak: 1479, Final: 197, Phantom: 219
[9.908s][info][gc,ref      ] GC(12) Enqueued    references: Soft: 0, Weak: 778, Final: 190, Phantom: 38
[9.908s][info][gc          ] GC(12) Concurrent weak references 0.370ms
[9.908s][info][gc,start    ] GC(12) Concurrent weak roots
[9.908s][info][gc,task     ] GC(12) Using 1 of 3 workers for concurrent weak root
[9.911s][info][gc          ] GC(12) Concurrent weak roots 3.073ms
[9.911s][info][gc,start    ] GC(12) Concurrent cleanup
[9.911s][info][gc          ] GC(12) Concurrent cleanup 267M->104M(1024M) 0.067ms
[9.911s][info][gc,ergo     ] GC(12) Free: 867M, Max: 512K regular, 705M humongous, Frag: 19% external, 0% internal; Reserve: 52498K, Max: 512K
[9.911s][info][gc,start    ] GC(12) Concurrent class unloading
[9.911s][info][gc,task     ] GC(12) Using 1 of 3 workers for concurrent class unloading
[9.927s][info][gc          ] GC(12) Concurrent class unloading 15.388ms
[9.927s][info][gc,start    ] GC(12) Concurrent strong roots
[9.927s][info][gc,task     ] GC(12) Using 1 of 3 workers for concurrent strong root
[9.927s][info][gc          ] GC(12) Concurrent strong roots 0.171ms
[9.927s][info][gc,start    ] GC(12) Concurrent evacuation
[9.927s][info][gc,task     ] GC(12) Using 1 of 3 workers for concurrent evacuation
[9.932s][info][gc          ] GC(12) Concurrent evacuation 5.209ms
[9.932s][info][gc,start    ] GC(12) Pause Init Update Refs
[9.932s][info][gc,ergo     ] GC(12) Pacer for Update Refs. Used: 117M, Free: 862M, Non-Taxable: 88325K, Alloc Tax Rate: 1.1x
[9.932s][info][gc          ] GC(12) Pause Init Update Refs 0.035ms
[9.932s][info][gc,start    ] GC(12) Concurrent update references
[9.932s][info][gc,task     ] GC(12) Using 1 of 3 workers for concurrent reference update
[9.943s][info][gc          ] GC(12) Concurrent update references 10.905ms
[9.943s][info][gc,start    ] GC(12) Concurrent update thread roots
[9.944s][info][gc          ] GC(12) Concurrent update thread roots 0.433ms
[9.944s][info][gc,start    ] GC(12) Pause Final Update Refs
[9.944s][info][gc,task     ] GC(12) Using 3 of 3 workers for final reference update
[9.944s][info][gc          ] GC(12) Pause Final Update Refs 0.139ms
[9.944s][info][gc,start    ] GC(12) Concurrent cleanup
[9.944s][info][gc          ] GC(12) Concurrent cleanup 121M->32M(1024M) 0.037ms
[9.944s][info][gc,ergo     ] Free: 940M, Max: 512K regular, 697M humongous, Frag: 26% external, 0% internal; Reserve: 52736K, Max: 512K
[9.944s][info][gc,stats    ] 
[9.944s][info][gc,stats    ] All times are wall-clock times, except per-root-class counters, that are sum over
[9.944s][info][gc,stats    ] all workers. Dividing the <total> over the root stage time estimates parallelism.
[9.944s][info][gc,stats    ] 
[9.944s][info][gc,stats    ] Concurrent Reset                    310 us
[9.944s][info][gc,stats    ] Pause Init Mark (G)                 243 us
[9.944s][info][gc,stats    ] Pause Init Mark (N)                 134 us
[9.944s][info][gc,stats    ]   Update Region States               58 us
[9.944s][info][gc,stats    ] Concurrent Mark Roots               582 us, parallelism: 0.78x
[9.944s][info][gc,stats    ]   CMR: <total>                      455 us
[9.944s][info][gc,stats    ]   CMR: Thread Roots                 371 us, workers (us): 371, ---, ---, 
[9.944s][info][gc,stats    ]   CMR: VM Strong Roots                8 us, workers (us):   8, ---, ---, 
[9.944s][info][gc,stats    ]   CMR: CLDG Roots                    76 us, workers (us):  76, ---, ---, 
[9.944s][info][gc,stats    ] Concurrent Marking                18706 us
[9.944s][info][gc,stats    ] Pause Final Mark (G)                333 us
[9.944s][info][gc,stats    ] Pause Final Mark (N)                234 us
[9.944s][info][gc,stats    ]   Finish Mark                        76 us
[9.944s][info][gc,stats    ]   Update Region States               30 us
[9.944s][info][gc,stats    ]   Choose Collection Set              50 us
[9.944s][info][gc,stats    ]   Rebuild Free Set                    9 us
[9.944s][info][gc,stats    ] Concurrent Thread Roots             560 us, parallelism: 0.76x
[9.944s][info][gc,stats    ]   CTR: <total>                      425 us
[9.944s][info][gc,stats    ]   CTR: Thread Roots                 425 us, workers (us): 425, ---, ---, 
[9.944s][info][gc,stats    ] Concurrent Weak References          378 us, parallelism: 0.65x
[9.944s][info][gc,stats    ]   CWRF: <total>                     245 us
[9.944s][info][gc,stats    ]   CWRF: Weak References             245 us, workers (us): 245, ---, ---, 
[9.944s][info][gc,stats    ] Concurrent Weak Roots              3128 us
[9.944s][info][gc,stats    ]   Roots                            2954 us, parallelism: 0.96x
[9.944s][info][gc,stats    ]     CWR: <total>                   2843 us
[9.944s][info][gc,stats    ]     CWR: Code Cache Roots          2637 us, workers (us): 2637, ---, ---, 
[9.944s][info][gc,stats    ]     CWR: VM Weak Roots              199 us, workers (us): 199, ---, ---, 
[9.944s][info][gc,stats    ]     CWR: CLDG Roots                   7 us, workers (us):   7, ---, ---, 
[9.944s][info][gc,stats    ]   Rendezvous                         98 us
[9.944s][info][gc,stats    ] Concurrent Cleanup                   85 us
[9.944s][info][gc,stats    ] Concurrent Class Unloading        15435 us
[9.944s][info][gc,stats    ]   Unlink Stale                    14696 us
[9.944s][info][gc,stats    ]     System Dictionary                10 us
[9.945s][info][gc,stats    ]     Weak Class Links                  0 us
[9.945s][info][gc,stats    ]     Code Roots                    14684 us
[9.945s][info][gc,stats    ]   Rendezvous                         62 us
[9.945s][info][gc,stats    ]   Purge Unlinked                    588 us
[9.945s][info][gc,stats    ]     Code Roots                      580 us
[9.945s][info][gc,stats    ]     CLDG                              7 us
[9.945s][info][gc,stats    ]     Exception Caches                  0 us
[9.945s][info][gc,stats    ] Concurrent Strong Roots             191 us, parallelism: 0.51x
[9.945s][info][gc,stats    ]   CSR: <total>                       97 us
[9.945s][info][gc,stats    ]   CSR: VM Strong Roots                4 us, workers (us):   4, ---, ---, 
[9.945s][info][gc,stats    ]   CSR: CLDG Roots                    93 us, workers (us):  93, ---, ---, 
[9.945s][info][gc,stats    ] Concurrent Evacuation              5276 us
[9.945s][info][gc,stats    ] Pause Init Update Refs (G)          172 us
[9.945s][info][gc,stats    ] Pause Init Update Refs (N)           43 us
[9.945s][info][gc,stats    ]   Manage GCLABs                       4 us
[9.945s][info][gc,stats    ] Concurrent Update Refs            10974 us
[9.945s][info][gc,stats    ] Concurrent Update Thread Roots      452 us
[9.945s][info][gc,stats    ] Pause Final Update Refs (G)         224 us
[9.945s][info][gc,stats    ] Pause Final Update Refs (N)         149 us
[9.945s][info][gc,stats    ]   Update Region States               61 us
[9.945s][info][gc,stats    ]   Trash Collection Set                9 us
[9.945s][info][gc,stats    ]   Rebuild Free Set                   15 us
[9.945s][info][gc,stats    ] Concurrent Cleanup                   47 us
[9.945s][info][gc,stats    ] 
[9.945s][info][gc,stats    ] Allocation pacing accrued:
[9.945s][info][gc,stats    ]       0 of   855 ms (  0.0%): <total>
[9.945s][info][gc,stats    ]       0 of   855 ms (  0.0%): <average total>
[9.945s][info][gc,stats    ] 
[9.945s][info][gc,metaspace] Metaspace: 26170K(26304K)->26170K(26304K) NonClass: 23500K(23552K)->23500K(23552K) Class: 2669K(2752K)->2669K(2752K)
[9.945s][info][gc,ergo     ] Pacer for Idle. Initial: 20971K, Alloc Tax Rate: 1.0x
[10.188s][info][gc          ] Trigger: Explicit GC request (System.gc())
[10.188s][info][gc,ergo     ] Free: 861M, Max: 512K regular, 697M humongous, Frag: 20% external, 0% internal; Reserve: 52736K, Max: 512K
[10.188s][info][gc,start    ] GC(13) Concurrent reset
[10.188s][info][gc,task     ] GC(13) Using 1 of 3 workers for concurrent reset
[10.188s][info][gc,ergo     ] GC(13) Pacer for Reset. Non-Taxable: 1024M
[10.188s][info][gc          ] GC(13) Concurrent reset 0.536ms
[10.188s][info][gc,start    ] GC(13) Pause Init Mark (unload classes)
[10.188s][info][gc,task     ] GC(13) Using 3 of 3 workers for init marking
[10.189s][info][gc,ref      ] GC(13) Clearing All SoftReferences
[10.189s][info][gc,ergo     ] GC(13) Pacer for Mark. Expected Live: 13434K, Free: 861M, Non-Taxable: 88227K, Alloc Tax Rate: 0.0x
[10.189s][info][gc          ] GC(13) Pause Init Mark (unload classes) 0.136ms
[10.189s][info][gc,start    ] GC(13) Concurrent marking roots
[10.189s][info][gc,task     ] GC(13) Using 1 of 3 workers for concurrent marking roots
[10.189s][info][gc          ] GC(13) Concurrent marking roots 0.443ms
[10.189s][info][gc,start    ] GC(13) Concurrent marking (unload classes)
[10.189s][info][gc,task     ] GC(13) Using 1 of 3 workers for concurrent marking
[10.198s][info][gc          ] GC(13) Concurrent marking (unload classes) 8.918ms
[10.198s][info][gc,start    ] GC(13) Pause Final Mark (unload classes)
[10.198s][info][gc,task     ] GC(13) Using 3 of 3 workers for final marking
[10.198s][info][gc,ergo     ] GC(13) Adaptive CSet Selection. Target Free: 145M, Actual Free: 982M, Max CSet: 43690K, Min Garbage: 0B
[10.198s][info][gc,ergo     ] GC(13) Collectable Garbage: 101M (99%), Immediate: 71625K (67%), CSet: 32750K (31%)
[10.198s][info][gc,ergo     ] GC(13) Pacer for Evacuation. Used CSet: 33233K, Free: 931M, Non-Taxable: 95385K, Alloc Tax Rate: 1.1x
[10.198s][info][gc          ] GC(13) Pause Final Mark (unload classes) 0.285ms
[10.198s][info][gc,start    ] GC(13) Concurrent thread roots
[10.198s][info][gc,task     ] GC(13) Using 1 of 3 workers for Concurrent thread roots
[10.199s][info][gc          ] GC(13) Concurrent thread roots 0.350ms
[10.199s][info][gc,start    ] GC(13) Concurrent weak references
[10.199s][info][gc,task     ] GC(13) Using 1 of 3 workers for concurrent weak references
[10.199s][info][gc,ref      ] GC(13) Encountered references: Soft: 233, Weak: 1545, Final: 9, Phantom: 219
[10.199s][info][gc,ref      ] GC(13) Discovered  references: Soft: 145, Weak: 948, Final: 7, Phantom: 197
[10.199s][info][gc,ref      ] GC(13) Enqueued    references: Soft: 58, Weak: 225, Final: 0, Phantom: 113
[10.199s][info][gc          ] GC(13) Concurrent weak references 0.201ms
[10.199s][info][gc,start    ] GC(13) Concurrent weak roots
[10.199s][info][gc,task     ] GC(13) Using 1 of 3 workers for concurrent weak root
[10.202s][info][gc          ] GC(13) Concurrent weak roots 3.160ms
[10.202s][info][gc,start    ] GC(13) Concurrent cleanup
[10.202s][info][gc          ] GC(13) Concurrent cleanup 111M->41M(1024M) 0.052ms
[10.202s][info][gc,ergo     ] GC(13) Free: 931M, Max: 512K regular, 701M humongous, Frag: 25% external, 0% internal; Reserve: 52625K, Max: 512K
[10.202s][info][gc,start    ] GC(13) Concurrent class unloading
[10.202s][info][gc,task     ] GC(13) Using 1 of 3 workers for concurrent class unloading
[10.223s][info][gc          ] GC(13) Concurrent class unloading 21.087ms
[10.223s][info][gc,start    ] GC(13) Concurrent strong roots
[10.223s][info][gc,task     ] GC(13) Using 1 of 3 workers for concurrent strong root
[10.224s][info][gc          ] GC(13) Concurrent strong roots 0.184ms
[10.224s][info][gc,start    ] GC(13) Concurrent evacuation
[10.224s][info][gc,task     ] GC(13) Using 1 of 3 workers for concurrent evacuation
[10.224s][info][gc          ] GC(13) Concurrent evacuation 0.424ms
[10.224s][info][gc,start    ] GC(13) Pause Init Update Refs
[10.224s][info][gc,ergo     ] GC(13) Pacer for Update Refs. Used: 42707K, Free: 931M, Non-Taxable: 95385K, Alloc Tax Rate: 1.1x
[10.224s][info][gc          ] GC(13) Pause Init Update Refs 0.056ms
[10.224s][info][gc,start    ] GC(13) Concurrent update references
[10.224s][info][gc,task     ] GC(13) Using 1 of 3 workers for concurrent reference update
[10.228s][info][gc          ] GC(13) Concurrent update references 3.808ms
[10.228s][info][gc,start    ] GC(13) Concurrent update thread roots
[10.229s][info][gc          ] GC(13) Concurrent update thread roots 0.610ms
[10.229s][info][gc,start    ] GC(13) Pause Final Update Refs
[10.229s][info][gc,task     ] GC(13) Using 3 of 3 workers for final reference update
[10.229s][info][gc          ] GC(13) Pause Final Update Refs 0.151ms
[10.229s][info][gc,start    ] GC(13) Concurrent cleanup
[10.229s][info][gc          ] GC(13) Concurrent cleanup 41M->9M(1024M) 0.061ms
[10.229s][info][gc,ergo     ] Free: 963M, Max: 512K regular, 960M humongous, Frag: 1% external, 0% internal; Reserve: 52736K, Max: 512K
[10.229s][info][gc,stats    ] 
[10.229s][info][gc,stats    ] All times are wall-clock times, except per-root-class counters, that are sum over
[10.229s][info][gc,stats    ] all workers. Dividing the <total> over the root stage time estimates parallelism.
[10.229s][info][gc,stats    ] 
[10.229s][info][gc,stats    ] Concurrent Reset                    561 us
[10.229s][info][gc,stats    ] Pause Init Mark (G)                 274 us
[10.229s][info][gc,stats    ] Pause Init Mark (N)                 145 us
[10.229s][info][gc,stats    ]   Update Region States               43 us
[10.229s][info][gc,stats    ] Concurrent Mark Roots               465 us, parallelism: 0.77x
[10.229s][info][gc,stats    ]   CMR: <total>                      356 us
[10.229s][info][gc,stats    ]   CMR: Thread Roots                 294 us, workers (us): 294, ---, ---, 
[10.229s][info][gc,stats    ]   CMR: VM Strong Roots                6 us, workers (us):   6, ---, ---, 
[10.229s][info][gc,stats    ]   CMR: CLDG Roots                    56 us, workers (us):  56, ---, ---, 
[10.229s][info][gc,stats    ] Concurrent Marking                 8982 us
[10.229s][info][gc,stats    ] Pause Final Mark (G)                342 us
[10.229s][info][gc,stats    ] Pause Final Mark (N)                295 us
[10.229s][info][gc,stats    ]   Finish Mark                        96 us
[10.229s][info][gc,stats    ]   Update Region States               54 us
[10.229s][info][gc,stats    ]   Choose Collection Set              55 us
[10.229s][info][gc,stats    ]   Rebuild Free Set                   10 us
[10.229s][info][gc,stats    ] Concurrent Thread Roots             369 us, parallelism: 0.78x
[10.229s][info][gc,stats    ]   CTR: <total>                      288 us
[10.229s][info][gc,stats    ]   CTR: Thread Roots                 288 us, workers (us): 288, ---, ---, 
[10.229s][info][gc,stats    ] Concurrent Weak References          209 us, parallelism: 0.55x
[10.229s][info][gc,stats    ]   CWRF: <total>                     114 us
[10.229s][info][gc,stats    ]   CWRF: Weak References             114 us, workers (us): 114, ---, ---, 
[10.229s][info][gc,stats    ] Concurrent Weak Roots              3228 us
[10.229s][info][gc,stats    ]   Roots                            3057 us, parallelism: 0.97x
[10.230s][info][gc,stats    ]     CWR: <total>                   2967 us
[10.230s][info][gc,stats    ]     CWR: Code Cache Roots          2786 us, workers (us): 2786, ---, ---, 
[10.230s][info][gc,stats    ]     CWR: VM Weak Roots              175 us, workers (us): 175, ---, ---, 
[10.230s][info][gc,stats    ]     CWR: CLDG Roots                   6 us, workers (us):   6, ---, ---, 
[10.230s][info][gc,stats    ]   Rendezvous                         82 us
[10.230s][info][gc,stats    ] Concurrent Cleanup                   71 us
[10.230s][info][gc,stats    ] Concurrent Class Unloading        21153 us
[10.230s][info][gc,stats    ]   Unlink Stale                    20420 us
[10.230s][info][gc,stats    ]     System Dictionary               244 us
[10.230s][info][gc,stats    ]     Weak Class Links               5381 us
[10.230s][info][gc,stats    ]     Code Roots                    14792 us
[10.230s][info][gc,stats    ]   Rendezvous                         66 us
[10.230s][info][gc,stats    ]   Purge Unlinked                    562 us
[10.230s][info][gc,stats    ]     Code Roots                      474 us
[10.230s][info][gc,stats    ]     CLDG                             87 us
[10.230s][info][gc,stats    ]     Exception Caches                  0 us
[10.230s][info][gc,stats    ] Concurrent Strong Roots             223 us, parallelism: 0.39x
[10.230s][info][gc,stats    ]   CSR: <total>                       86 us
[10.230s][info][gc,stats    ]   CSR: VM Strong Roots                4 us, workers (us):   4, ---, ---, 
[10.230s][info][gc,stats    ]   CSR: CLDG Roots                    82 us, workers (us):  82, ---, ---, 
[10.230s][info][gc,stats    ] Concurrent Evacuation               463 us
[10.230s][info][gc,stats    ] Pause Init Update Refs (G)          141 us
[10.230s][info][gc,stats    ] Pause Init Update Refs (N)           64 us
[10.230s][info][gc,stats    ]   Manage GCLABs                       2 us
[10.230s][info][gc,stats    ] Concurrent Update Refs             3879 us
[10.230s][info][gc,stats    ] Concurrent Update Thread Roots      649 us
[10.230s][info][gc,stats    ] Pause Final Update Refs (G)         265 us
[10.230s][info][gc,stats    ] Pause Final Update Refs (N)         176 us
[10.230s][info][gc,stats    ]   Update Region States               69 us
[10.230s][info][gc,stats    ]   Trash Collection Set                5 us
[10.230s][info][gc,stats    ]   Rebuild Free Set                   16 us
[10.230s][info][gc,stats    ] Concurrent Cleanup                   82 us
[10.230s][info][gc,stats    ] 
[10.230s][info][gc,stats    ] Allocation pacing accrued:
[10.230s][info][gc,stats    ]       0 of   285 ms (  0.0%): <total>
[10.230s][info][gc,stats    ]       0 of   285 ms (  0.0%): <average total>
[10.230s][info][gc,stats    ] 
[10.230s][info][gc,metaspace] Metaspace: 26191K(26368K)->26140K(26368K) NonClass: 23521K(23616K)->23477K(23616K) Class: 2670K(2752K)->2662K(2752K)
[10.230s][info][gc,ergo     ] Pacer for Idle. Initial: 20971K, Alloc Tax Rate: 1.0x
[10.980s][info][gc          ] Trigger: Learning 2 of 5. Free (716M) is below initial threshold (716M)
[10.980s][info][gc,ergo     ] Free: 716M, Max: 512K regular, 716M humongous, Frag: 0% external, 0% internal; Reserve: 52736K, Max: 512K
[10.980s][info][gc,start    ] GC(14) Concurrent reset
[10.980s][info][gc,task     ] GC(14) Using 1 of 3 workers for concurrent reset
[10.980s][info][gc,ergo     ] GC(14) Pacer for Reset. Non-Taxable: 1024M
[10.981s][info][gc          ] GC(14) Concurrent reset 0.367ms
[10.981s][info][gc,start    ] GC(14) Pause Init Mark (unload classes)
[10.981s][info][gc,task     ] GC(14) Using 3 of 3 workers for init marking
[10.981s][info][gc,ergo     ] GC(14) Pacer for Mark. Expected Live: 11594K, Free: 716M, Non-Taxable: 73345K, Alloc Tax Rate: 0.0x
[10.981s][info][gc          ] GC(14) Pause Init Mark (unload classes) 0.105ms
[10.981s][info][gc,start    ] GC(14) Concurrent marking roots
[10.981s][info][gc,task     ] GC(14) Using 1 of 3 workers for concurrent marking roots
[10.982s][info][gc          ] GC(14) Concurrent marking roots 0.580ms
[10.982s][info][gc,start    ] GC(14) Concurrent marking (unload classes)
[10.982s][info][gc,task     ] GC(14) Using 1 of 3 workers for concurrent marking
[11.002s][info][gc          ] GC(14) Concurrent marking (unload classes) 20.078ms
[11.002s][info][gc,start    ] GC(14) Pause Final Mark (unload classes)
[11.002s][info][gc,task     ] GC(14) Using 3 of 3 workers for final marking
[11.002s][info][gc,ergo     ] GC(14) Adaptive CSet Selection. Target Free: 145M, Actual Free: 914M, Max CSet: 43690K, Min Garbage: 0B
[11.002s][info][gc,ergo     ] GC(14) Collectable Garbage: 237M (99%), Immediate: 153M (64%), CSet: 86421K (35%)
[11.002s][info][gc,ergo     ] GC(14) Pacer for Evacuation. Used CSet: 94761K, Free: 863M, Non-Taxable: 88423K, Alloc Tax Rate: 1.1x
[11.002s][info][gc          ] GC(14) Pause Final Mark (unload classes) 0.206ms
[11.002s][info][gc,start    ] GC(14) Concurrent thread roots
[11.002s][info][gc,task     ] GC(14) Using 1 of 3 workers for Concurrent thread roots
[11.003s][info][gc          ] GC(14) Concurrent thread roots 0.556ms
[11.003s][info][gc,start    ] GC(14) Concurrent weak references
[11.003s][info][gc,task     ] GC(14) Using 1 of 3 workers for concurrent weak references
[11.003s][info][gc,ref      ] GC(14) Encountered references: Soft: 399, Weak: 2148, Final: 199, Phantom: 244
[11.003s][info][gc,ref      ] GC(14) Discovered  references: Soft: 0, Weak: 1264, Final: 197, Phantom: 221
[11.003s][info][gc,ref      ] GC(14) Enqueued    references: Soft: 0, Weak: 770, Final: 190, Phantom: 37
[11.003s][info][gc          ] GC(14) Concurrent weak references 0.359ms
[11.003s][info][gc,start    ] GC(14) Concurrent weak roots
[11.003s][info][gc,task     ] GC(14) Using 1 of 3 workers for concurrent weak root
[11.006s][info][gc          ] GC(14) Concurrent weak roots 3.348ms
[11.007s][info][gc,start    ] GC(14) Concurrent cleanup
[11.007s][info][gc          ] GC(14) Concurrent cleanup 263M->109M(1024M) 0.093ms
[11.007s][info][gc,ergo     ] GC(14) Free: 862M, Max: 512K regular, 709M humongous, Frag: 18% external, 0% internal; Reserve: 52534K, Max: 512K
[11.007s][info][gc,start    ] GC(14) Concurrent class unloading
[11.007s][info][gc,task     ] GC(14) Using 1 of 3 workers for concurrent class unloading
[11.021s][info][gc          ] GC(14) Concurrent class unloading 14.632ms
[11.021s][info][gc,start    ] GC(14) Concurrent strong roots
[11.021s][info][gc,task     ] GC(14) Using 1 of 3 workers for concurrent strong root
[11.022s][info][gc          ] GC(14) Concurrent strong roots 0.143ms
[11.022s][info][gc,start    ] GC(14) Concurrent evacuation
[11.022s][info][gc,task     ] GC(14) Using 1 of 3 workers for concurrent evacuation
[11.027s][info][gc          ] GC(14) Concurrent evacuation 5.540ms
[11.027s][info][gc,start    ] GC(14) Pause Init Update Refs
[11.027s][info][gc,ergo     ] GC(14) Pacer for Update Refs. Used: 123M, Free: 857M, Non-Taxable: 87813K, Alloc Tax Rate: 1.1x
[11.027s][info][gc          ] GC(14) Pause Init Update Refs 0.078ms
[11.027s][info][gc,start    ] GC(14) Concurrent update references
[11.028s][info][gc,task     ] GC(14) Using 1 of 3 workers for concurrent reference update
[11.041s][info][gc          ] GC(14) Concurrent update references 13.607ms
[11.041s][info][gc,start    ] GC(14) Concurrent update thread roots
[11.041s][info][gc          ] GC(14) Concurrent update thread roots 0.350ms
[11.042s][info][gc,start    ] GC(14) Pause Final Update Refs
[11.042s][info][gc,task     ] GC(14) Using 3 of 3 workers for final reference update
[11.042s][info][gc          ] GC(14) Pause Final Update Refs 0.124ms
[11.042s][info][gc,start    ] GC(14) Concurrent cleanup
[11.042s][info][gc          ] GC(14) Concurrent cleanup 126M->34M(1024M) 0.076ms
[11.042s][info][gc,ergo     ] Free: 938M, Max: 512K regular, 701M humongous, Frag: 26% external, 0% internal; Reserve: 52736K, Max: 512K
[11.042s][info][gc,stats    ] 
[11.042s][info][gc,stats    ] All times are wall-clock times, except per-root-class counters, that are sum over
[11.042s][info][gc,stats    ] all workers. Dividing the <total> over the root stage time estimates parallelism.
[11.042s][info][gc,stats    ] 
[11.042s][info][gc,stats    ] Concurrent Reset                    438 us
[11.042s][info][gc,stats    ] Pause Init Mark (G)                 285 us
[11.042s][info][gc,stats    ] Pause Init Mark (N)                 114 us
[11.042s][info][gc,stats    ]   Update Region States               43 us
[11.042s][info][gc,stats    ] Concurrent Mark Roots               600 us, parallelism: 0.80x
[11.042s][info][gc,stats    ]   CMR: <total>                      479 us
[11.042s][info][gc,stats    ]   CMR: Thread Roots                 415 us, workers (us): 415, ---, ---, 
[11.042s][info][gc,stats    ]   CMR: VM Strong Roots                8 us, workers (us):   8, ---, ---, 
[11.042s][info][gc,stats    ]   CMR: CLDG Roots                    56 us, workers (us):  56, ---, ---, 
[11.042s][info][gc,stats    ] Concurrent Marking                20133 us
[11.042s][info][gc,stats    ] Pause Final Mark (G)                291 us
[11.042s][info][gc,stats    ] Pause Final Mark (N)                214 us
[11.042s][info][gc,stats    ]   Finish Mark                        52 us
[11.042s][info][gc,stats    ]   Update Region States               41 us
[11.042s][info][gc,stats    ]   Choose Collection Set              56 us
[11.042s][info][gc,stats    ]   Rebuild Free Set                    9 us
[11.042s][info][gc,stats    ] Concurrent Thread Roots             577 us, parallelism: 0.86x
[11.042s][info][gc,stats    ]   CTR: <total>                      494 us
[11.042s][info][gc,stats    ]   CTR: Thread Roots                 494 us, workers (us): 494, ---, ---, 
[11.042s][info][gc,stats    ] Concurrent Weak References          367 us, parallelism: 0.73x
[11.042s][info][gc,stats    ]   CWRF: <total>                     269 us
[11.042s][info][gc,stats    ]   CWRF: Weak References             269 us, workers (us): 269, ---, ---, 
[11.042s][info][gc,stats    ] Concurrent Weak Roots              3426 us
[11.042s][info][gc,stats    ]   Roots                            3241 us, parallelism: 0.97x
[11.042s][info][gc,stats    ]     CWR: <total>                   3130 us
[11.042s][info][gc,stats    ]     CWR: Code Cache Roots          2900 us, workers (us): 2900, ---, ---, 
[11.042s][info][gc,stats    ]     CWR: VM Weak Roots              223 us, workers (us): 223, ---, ---, 
[11.042s][info][gc,stats    ]     CWR: CLDG Roots                   7 us, workers (us):   7, ---, ---, 
[11.042s][info][gc,stats    ]   Rendezvous                         86 us
[11.042s][info][gc,stats    ] Concurrent Cleanup                  120 us
[11.042s][info][gc,stats    ] Concurrent Class Unloading        14684 us
[11.042s][info][gc,stats    ]   Unlink Stale                    13997 us
[11.042s][info][gc,stats    ]     System Dictionary                13 us
[11.042s][info][gc,stats    ]     Weak Class Links                  0 us
[11.042s][info][gc,stats    ]     Code Roots                    13982 us
[11.042s][info][gc,stats    ]   Rendezvous                         67 us
[11.042s][info][gc,stats    ]   Purge Unlinked                    533 us
[11.042s][info][gc,stats    ]     Code Roots                      526 us
[11.042s][info][gc,stats    ]     CLDG                              6 us
[11.042s][info][gc,stats    ]     Exception Caches                  0 us
[11.042s][info][gc,stats    ] Concurrent Strong Roots             162 us, parallelism: 0.54x
[11.042s][info][gc,stats    ]   CSR: <total>                       87 us
[11.042s][info][gc,stats    ]   CSR: VM Strong Roots                3 us, workers (us):   3, ---, ---, 
[11.042s][info][gc,stats    ]   CSR: CLDG Roots                    84 us, workers (us):  84, ---, ---, 
[11.042s][info][gc,stats    ] Concurrent Evacuation              5607 us
[11.042s][info][gc,stats    ] Pause Init Update Refs (G)          272 us
[11.042s][info][gc,stats    ] Pause Init Update Refs (N)           95 us
[11.042s][info][gc,stats    ]   Manage GCLABs                       4 us
[11.042s][info][gc,stats    ] Concurrent Update Refs            13675 us
[11.042s][info][gc,stats    ] Concurrent Update Thread Roots      389 us
[11.042s][info][gc,stats    ] Pause Final Update Refs (G)         226 us
[11.042s][info][gc,stats    ] Pause Final Update Refs (N)         135 us
[11.042s][info][gc,stats    ]   Update Region States               59 us
[11.042s][info][gc,stats    ]   Trash Collection Set                6 us
[11.042s][info][gc,stats    ]   Rebuild Free Set                   11 us
[11.042s][info][gc,stats    ] Concurrent Cleanup                   96 us
[11.042s][info][gc,stats    ] 
[11.042s][info][gc,stats    ] Allocation pacing accrued:
[11.042s][info][gc,stats    ]       0 of   813 ms (  0.0%): <total>
[11.042s][info][gc,stats    ]       0 of   813 ms (  0.0%): <average total>
[11.042s][info][gc,stats    ] 
[11.042s][info][gc,metaspace] Metaspace: 26294K(26432K)->26317K(26496K) NonClass: 23623K(23680K)->23646K(23744K) Class: 2671K(2752K)->2671K(2752K)
[11.042s][info][gc,ergo     ] Pacer for Idle. Initial: 20971K, Alloc Tax Rate: 1.0x
[11.281s][info][gc          ] Trigger: Explicit GC request (System.gc())
[11.281s][info][gc,ergo     ] Free: 856M, Max: 512K regular, 701M humongous, Frag: 19% external, 0% internal; Reserve: 52736K, Max: 512K
[11.281s][info][gc,start    ] GC(15) Concurrent reset
[11.281s][info][gc,task     ] GC(15) Using 1 of 3 workers for concurrent reset
[11.281s][info][gc,ergo     ] GC(15) Pacer for Reset. Non-Taxable: 1024M
[11.281s][info][gc          ] GC(15) Concurrent reset 0.496ms
[11.282s][info][gc,start    ] GC(15) Pause Init Mark (unload classes)
[11.282s][info][gc,task     ] GC(15) Using 3 of 3 workers for init marking
[11.282s][info][gc,ref      ] GC(15) Clearing All SoftReferences
[11.282s][info][gc,ergo     ] GC(15) Pacer for Mark. Expected Live: 13407K, Free: 856M, Non-Taxable: 87717K, Alloc Tax Rate: 0.0x
[11.282s][info][gc          ] GC(15) Pause Init Mark (unload classes) 0.131ms
[11.282s][info][gc,start    ] GC(15) Concurrent marking roots
[11.282s][info][gc,task     ] GC(15) Using 1 of 3 workers for concurrent marking roots
[11.282s][info][gc          ] GC(15) Concurrent marking roots 0.427ms
[11.282s][info][gc,start    ] GC(15) Concurrent marking (unload classes)
[11.282s][info][gc,task     ] GC(15) Using 1 of 3 workers for concurrent marking
[11.291s][info][gc          ] GC(15) Concurrent marking (unload classes) 8.706ms
[11.291s][info][gc,start    ] GC(15) Pause Final Mark (unload classes)
[11.291s][info][gc,task     ] GC(15) Using 3 of 3 workers for final marking
[11.291s][info][gc,ergo     ] GC(15) Adaptive CSet Selection. Target Free: 145M, Actual Free: 981M, Max CSet: 43690K, Min Garbage: 0B
[11.291s][info][gc,ergo     ] GC(15) Collectable Garbage: 106M (99%), Immediate: 75206K (68%), CSet: 34270K (31%)
[11.291s][info][gc,ergo     ] GC(15) Pacer for Evacuation. Used CSet: 34758K, Free: 930M, Non-Taxable: 95232K, Alloc Tax Rate: 1.1x
[11.291s][info][gc          ] GC(15) Pause Final Mark (unload classes) 0.237ms
[11.291s][info][gc,start    ] GC(15) Concurrent thread roots
[11.291s][info][gc,task     ] GC(15) Using 1 of 3 workers for Concurrent thread roots
[11.292s][info][gc          ] GC(15) Concurrent thread roots 0.431ms
[11.292s][info][gc,start    ] GC(15) Concurrent weak references
[11.292s][info][gc,task     ] GC(15) Using 1 of 3 workers for concurrent weak references
[11.292s][info][gc,ref      ] GC(15) Encountered references: Soft: 232, Weak: 1555, Final: 9, Phantom: 220
[11.292s][info][gc,ref      ] GC(15) Discovered  references: Soft: 144, Weak: 745, Final: 7, Phantom: 198
[11.292s][info][gc,ref      ] GC(15) Enqueued    references: Soft: 57, Weak: 235, Final: 0, Phantom: 114
[11.292s][info][gc          ] GC(15) Concurrent weak references 0.236ms
[11.292s][info][gc,start    ] GC(15) Concurrent weak roots
[11.292s][info][gc,task     ] GC(15) Using 1 of 3 workers for concurrent weak root
[11.295s][info][gc          ] GC(15) Concurrent weak roots 3.351ms
[11.295s][info][gc,start    ] GC(15) Concurrent cleanup
[11.295s][info][gc          ] GC(15) Concurrent cleanup 115M->42M(1024M) 0.032ms
[11.295s][info][gc,ergo     ] GC(15) Free: 930M, Max: 512K regular, 705M humongous, Frag: 25% external, 0% internal; Reserve: 52625K, Max: 512K
[11.295s][info][gc,start    ] GC(15) Concurrent class unloading
[11.295s][info][gc,task     ] GC(15) Using 1 of 3 workers for concurrent class unloading
[11.318s][info][gc          ] GC(15) Concurrent class unloading 22.462ms
[11.318s][info][gc,start    ] GC(15) Concurrent strong roots
[11.318s][info][gc,task     ] GC(15) Using 1 of 3 workers for concurrent strong root
[11.318s][info][gc          ] GC(15) Concurrent strong roots 0.239ms
[11.318s][info][gc,start    ] GC(15) Concurrent evacuation
[11.318s][info][gc,task     ] GC(15) Using 1 of 3 workers for concurrent evacuation
[11.319s][info][gc          ] GC(15) Concurrent evacuation 0.413ms
[11.319s][info][gc,start    ] GC(15) Pause Init Update Refs
[11.319s][info][gc,ergo     ] GC(15) Pacer for Update Refs. Used: 44232K, Free: 930M, Non-Taxable: 95232K, Alloc Tax Rate: 1.1x
[11.319s][info][gc          ] GC(15) Pause Init Update Refs 0.058ms
[11.319s][info][gc,start    ] GC(15) Concurrent update references
[11.319s][info][gc,task     ] GC(15) Using 1 of 3 workers for concurrent reference update
[11.323s][info][gc          ] GC(15) Concurrent update references 3.863ms
[11.323s][info][gc,start    ] GC(15) Concurrent update thread roots
[11.323s][info][gc          ] GC(15) Concurrent update thread roots 0.560ms
[11.323s][info][gc,start    ] GC(15) Pause Final Update Refs
[11.323s][info][gc,task     ] GC(15) Using 3 of 3 workers for final reference update
[11.323s][info][gc          ] GC(15) Pause Final Update Refs 0.150ms
[11.323s][info][gc,start    ] GC(15) Concurrent cleanup
[11.324s][info][gc          ] GC(15) Concurrent cleanup 43M->9M(1024M) 0.045ms
[11.324s][info][gc,ergo     ] Free: 963M, Max: 512K regular, 960M humongous, Frag: 1% external, 0% internal; Reserve: 52736K, Max: 512K
[11.324s][info][gc,stats    ] 
[11.324s][info][gc,stats    ] All times are wall-clock times, except per-root-class counters, that are sum over
[11.324s][info][gc,stats    ] all workers. Dividing the <total> over the root stage time estimates parallelism.
[11.324s][info][gc,stats    ] 
[11.324s][info][gc,stats    ] Concurrent Reset                    516 us
[11.324s][info][gc,stats    ] Pause Init Mark (G)                 253 us
[11.324s][info][gc,stats    ] Pause Init Mark (N)                 144 us
[11.324s][info][gc,stats    ]   Update Region States               40 us
[11.324s][info][gc,stats    ] Concurrent Mark Roots               445 us, parallelism: 0.79x
[11.324s][info][gc,stats    ]   CMR: <total>                      351 us
[11.324s][info][gc,stats    ]   CMR: Thread Roots                 292 us, workers (us): 292, ---, ---, 
[11.324s][info][gc,stats    ]   CMR: VM Strong Roots                7 us, workers (us):   7, ---, ---, 
[11.324s][info][gc,stats    ]   CMR: CLDG Roots                    53 us, workers (us):  53, ---, ---, 
[11.324s][info][gc,stats    ] Concurrent Marking                 8776 us
[11.324s][info][gc,stats    ] Pause Final Mark (G)                310 us
[11.324s][info][gc,stats    ] Pause Final Mark (N)                245 us
[11.324s][info][gc,stats    ]   Finish Mark                        75 us
[11.324s][info][gc,stats    ]   Update Region States               40 us
[11.324s][info][gc,stats    ]   Choose Collection Set              47 us
[11.324s][info][gc,stats    ]   Rebuild Free Set                    9 us
[11.324s][info][gc,stats    ] Concurrent Thread Roots             450 us, parallelism: 0.73x
[11.324s][info][gc,stats    ]   CTR: <total>                      329 us
[11.324s][info][gc,stats    ]   CTR: Thread Roots                 329 us, workers (us): 329, ---, ---, 
[11.324s][info][gc,stats    ] Concurrent Weak References          244 us, parallelism: 0.45x
[11.324s][info][gc,stats    ]   CWRF: <total>                     109 us
[11.324s][info][gc,stats    ]   CWRF: Weak References             109 us, workers (us): 109, ---, ---, 
[11.324s][info][gc,stats    ] Concurrent Weak Roots              3402 us
[11.324s][info][gc,stats    ]   Roots                            3258 us, parallelism: 0.97x
[11.324s][info][gc,stats    ]     CWR: <total>                   3168 us
[11.324s][info][gc,stats    ]     CWR: Code Cache Roots          2841 us, workers (us): 2841, ---, ---, 
[11.324s][info][gc,stats    ]     CWR: VM Weak Roots              320 us, workers (us): 320, ---, ---, 
[11.324s][info][gc,stats    ]     CWR: CLDG Roots                   7 us, workers (us):   7, ---, ---, 
[11.324s][info][gc,stats    ]   Rendezvous                         74 us
[11.324s][info][gc,stats    ] Concurrent Cleanup                   41 us
[11.324s][info][gc,stats    ] Concurrent Class Unloading        22513 us
[11.324s][info][gc,stats    ]   Unlink Stale                    21638 us
[11.324s][info][gc,stats    ]     System Dictionary               146 us
[11.324s][info][gc,stats    ]     Weak Class Links               5827 us
[11.324s][info][gc,stats    ]     Code Roots                    15663 us
[11.324s][info][gc,stats    ]   Rendezvous                         79 us
[11.324s][info][gc,stats    ]   Purge Unlinked                    725 us
[11.324s][info][gc,stats    ]     Code Roots                      652 us
[11.324s][info][gc,stats    ]     CLDG                             72 us
[11.324s][info][gc,stats    ]     Exception Caches                  0 us
[11.324s][info][gc,stats    ] Concurrent Strong Roots             266 us, parallelism: 0.54x
[11.324s][info][gc,stats    ]   CSR: <total>                      144 us
[11.324s][info][gc,stats    ]   CSR: VM Strong Roots                6 us, workers (us):   6, ---, ---, 
[11.324s][info][gc,stats    ]   CSR: CLDG Roots                   138 us, workers (us): 138, ---, ---, 
[11.324s][info][gc,stats    ] Concurrent Evacuation               433 us
[11.324s][info][gc,stats    ] Pause Init Update Refs (G)          127 us
[11.324s][info][gc,stats    ] Pause Init Update Refs (N)           67 us
[11.324s][info][gc,stats    ]   Manage GCLABs                       4 us
[11.324s][info][gc,stats    ] Concurrent Update Refs             3931 us
[11.324s][info][gc,stats    ] Concurrent Update Thread Roots      599 us
[11.324s][info][gc,stats    ] Pause Final Update Refs (G)         248 us
[11.324s][info][gc,stats    ] Pause Final Update Refs (N)         170 us
[11.324s][info][gc,stats    ]   Update Region States               68 us
[11.324s][info][gc,stats    ]   Trash Collection Set                5 us
[11.324s][info][gc,stats    ]   Rebuild Free Set                   19 us
[11.324s][info][gc,stats    ] Concurrent Cleanup                   66 us
[11.324s][info][gc,stats    ] 
[11.324s][info][gc,stats    ] Allocation pacing accrued:
[11.324s][info][gc,stats    ]       0 of   282 ms (  0.0%): <total>
[11.324s][info][gc,stats    ]       0 of   282 ms (  0.0%): <average total>
[11.324s][info][gc,stats    ] 
[11.324s][info][gc,metaspace] Metaspace: 26389K(26560K)->26338K(26560K) NonClass: 23718K(23808K)->23675K(23808K) Class: 2671K(2752K)->2662K(2752K)
[11.324s][info][gc,ergo     ] Pacer for Idle. Initial: 20971K, Alloc Tax Rate: 1.0x
[12.057s][info][gc          ] Trigger: Learning 2 of 5. Free (712M) is below initial threshold (716M)
[12.057s][info][gc,ergo     ] Free: 712M, Max: 512K regular, 712M humongous, Frag: 0% external, 0% internal; Reserve: 52736K, Max: 512K
[12.057s][info][gc,start    ] GC(16) Concurrent reset
[12.057s][info][gc,task     ] GC(16) Using 1 of 3 workers for concurrent reset
[12.057s][info][gc,ergo     ] GC(16) Pacer for Reset. Non-Taxable: 1024M
[12.057s][info][gc          ] GC(16) Concurrent reset 0.339ms
[12.057s][info][gc,start    ] GC(16) Pause Init Mark (unload classes)
[12.057s][info][gc,task     ] GC(16) Using 3 of 3 workers for init marking
[12.057s][info][gc,ergo     ] GC(16) Pacer for Mark. Expected Live: 11652K, Free: 712M, Non-Taxable: 72936K, Alloc Tax Rate: 0.0x
[12.057s][info][gc          ] GC(16) Pause Init Mark (unload classes) 0.110ms
[12.057s][info][gc,start    ] GC(16) Concurrent marking roots
[12.057s][info][gc,task     ] GC(16) Using 1 of 3 workers for concurrent marking roots
[12.058s][info][gc          ] GC(16) Concurrent marking roots 0.562ms
[12.058s][info][gc,start    ] GC(16) Concurrent marking (unload classes)
[12.058s][info][gc,task     ] GC(16) Using 1 of 3 workers for concurrent marking
[12.077s][info][gc          ] GC(16) Concurrent marking (unload classes) 19.008ms
[12.077s][info][gc,start    ] GC(16) Pause Final Mark (unload classes)
[12.077s][info][gc,task     ] GC(16) Using 3 of 3 workers for final marking
[12.077s][info][gc,ergo     ] GC(16) Adaptive CSet Selection. Target Free: 145M, Actual Free: 921M, Max CSet: 43690K, Min Garbage: 0B
[12.077s][info][gc,ergo     ] GC(16) Collectable Garbage: 242M (99%), Immediate: 163M (67%), CSet: 81019K (32%)
[12.077s][info][gc,ergo     ] GC(16) Pacer for Evacuation. Used CSet: 88736K, Free: 870M, Non-Taxable: 89088K, Alloc Tax Rate: 1.1x
[12.077s][info][gc          ] GC(16) Pause Final Mark (unload classes) 0.244ms
[12.078s][info][gc,start    ] GC(16) Concurrent thread roots
[12.078s][info][gc,task     ] GC(16) Using 1 of 3 workers for Concurrent thread roots
[12.078s][info][gc          ] GC(16) Concurrent thread roots 0.626ms
[12.078s][info][gc,start    ] GC(16) Concurrent weak references
[12.078s][info][gc,task     ] GC(16) Using 1 of 3 workers for concurrent weak references
[12.079s][info][gc,ref      ] GC(16) Encountered references: Soft: 407, Weak: 2146, Final: 199, Phantom: 242
[12.079s][info][gc,ref      ] GC(16) Discovered  references: Soft: 0, Weak: 1486, Final: 197, Phantom: 218
[12.079s][info][gc,ref      ] GC(16) Enqueued    references: Soft: 0, Weak: 778, Final: 190, Phantom: 38
[12.079s][info][gc          ] GC(16) Concurrent weak references 0.568ms
[12.079s][info][gc,start    ] GC(16) Concurrent weak roots
[12.079s][info][gc,task     ] GC(16) Using 1 of 3 workers for concurrent weak root
[12.082s][info][gc          ] GC(16) Concurrent weak roots 3.372ms
[12.082s][info][gc,start    ] GC(16) Concurrent cleanup
[12.082s][info][gc          ] GC(16) Concurrent cleanup 266M->103M(1024M) 0.042ms
[12.082s][info][gc,ergo     ] GC(16) Free: 869M, Max: 512K regular, 705M humongous, Frag: 19% external, 0% internal; Reserve: 52502K, Max: 512K
[12.082s][info][gc,start    ] GC(16) Concurrent class unloading
[12.082s][info][gc,task     ] GC(16) Using 1 of 3 workers for concurrent class unloading
[12.100s][info][gc          ] GC(16) Concurrent class unloading 17.216ms
[12.100s][info][gc,start    ] GC(16) Concurrent strong roots
[12.100s][info][gc,task     ] GC(16) Using 1 of 3 workers for concurrent strong root
[12.100s][info][gc          ] GC(16) Concurrent strong roots 0.155ms
[12.100s][info][gc,start    ] GC(16) Concurrent evacuation
[12.100s][info][gc,task     ] GC(16) Using 1 of 3 workers for concurrent evacuation
[12.105s][info][gc          ] GC(16) Concurrent evacuation 5.392ms
[12.105s][info][gc,start    ] GC(16) Pause Init Update Refs
[12.105s][info][gc,ergo     ] GC(16) Pacer for Update Refs. Used: 117M, Free: 863M, Non-Taxable: 88381K, Alloc Tax Rate: 1.1x
[12.105s][info][gc          ] GC(16) Pause Init Update Refs 0.041ms
[12.106s][info][gc,start    ] GC(16) Concurrent update references
[12.106s][info][gc,task     ] GC(16) Using 1 of 3 workers for concurrent reference update
[12.116s][info][gc          ] GC(16) Concurrent update references 10.894ms
[12.116s][info][gc,start    ] GC(16) Concurrent update thread roots
[12.117s][info][gc          ] GC(16) Concurrent update thread roots 0.338ms
[12.117s][info][gc,start    ] GC(16) Pause Final Update Refs
[12.117s][info][gc,task     ] GC(16) Using 3 of 3 workers for final reference update
[12.117s][info][gc          ] GC(16) Pause Final Update Refs 0.142ms
[12.117s][info][gc,start    ] GC(16) Concurrent cleanup
[12.117s][info][gc          ] GC(16) Concurrent cleanup 120M->33M(1024M) 0.042ms
[12.117s][info][gc,ergo     ] Free: 939M, Max: 512K regular, 698M humongous, Frag: 26% external, 0% internal; Reserve: 52736K, Max: 512K
[12.117s][info][gc,stats    ] 
[12.117s][info][gc,stats    ] All times are wall-clock times, except per-root-class counters, that are sum over
[12.117s][info][gc,stats    ] all workers. Dividing the <total> over the root stage time estimates parallelism.
[12.117s][info][gc,stats    ] 
[12.117s][info][gc,stats    ] Concurrent Reset                    364 us
[12.117s][info][gc,stats    ] Pause Init Mark (G)                 317 us
[12.117s][info][gc,stats    ] Pause Init Mark (N)                 119 us
[12.117s][info][gc,stats    ]   Update Region States               40 us
[12.117s][info][gc,stats    ] Concurrent Mark Roots               581 us, parallelism: 0.83x
[12.117s][info][gc,stats    ]   CMR: <total>                      483 us
[12.117s][info][gc,stats    ]   CMR: Thread Roots                 425 us, workers (us): 425, ---, ---, 
[12.117s][info][gc,stats    ]   CMR: VM Strong Roots                6 us, workers (us):   6, ---, ---, 
[12.117s][info][gc,stats    ]   CMR: CLDG Roots                    52 us, workers (us):  52, ---, ---, 
[12.117s][info][gc,stats    ] Concurrent Marking                19087 us
[12.117s][info][gc,stats    ] Pause Final Mark (G)                656 us
[12.117s][info][gc,stats    ] Pause Final Mark (N)                253 us
[12.117s][info][gc,stats    ]   Finish Mark                        64 us
[12.117s][info][gc,stats    ]   Update Region States               36 us
[12.117s][info][gc,stats    ]   Choose Collection Set              67 us
[12.117s][info][gc,stats    ]   Rebuild Free Set                    9 us
[12.117s][info][gc,stats    ] Concurrent Thread Roots             658 us, parallelism: 0.76x
[12.117s][info][gc,stats    ]   CTR: <total>                      501 us
[12.117s][info][gc,stats    ]   CTR: Thread Roots                 501 us, workers (us): 501, ---, ---, 
[12.117s][info][gc,stats    ] Concurrent Weak References          598 us, parallelism: 0.77x
[12.117s][info][gc,stats    ]   CWRF: <total>                     459 us
[12.117s][info][gc,stats    ]   CWRF: Weak References             459 us, workers (us): 459, ---, ---, 
[12.117s][info][gc,stats    ] Concurrent Weak Roots              3427 us
[12.117s][info][gc,stats    ]   Roots                            3251 us, parallelism: 0.97x
[12.117s][info][gc,stats    ]     CWR: <total>                   3139 us
[12.117s][info][gc,stats    ]     CWR: Code Cache Roots          2881 us, workers (us): 2881, ---, ---, 
[12.117s][info][gc,stats    ]     CWR: VM Weak Roots              251 us, workers (us): 251, ---, ---, 
[12.117s][info][gc,stats    ]     CWR: CLDG Roots                   8 us, workers (us):   8, ---, ---, 
[12.117s][info][gc,stats    ]   Rendezvous                         92 us
[12.117s][info][gc,stats    ] Concurrent Cleanup                   51 us
[12.117s][info][gc,stats    ] Concurrent Class Unloading        17258 us
[12.117s][info][gc,stats    ]   Unlink Stale                    16562 us
[12.117s][info][gc,stats    ]     System Dictionary                 9 us
[12.117s][info][gc,stats    ]     Weak Class Links                  0 us
[12.117s][info][gc,stats    ]     Code Roots                    16552 us
[12.117s][info][gc,stats    ]   Rendezvous                         59 us
[12.117s][info][gc,stats    ]   Purge Unlinked                    576 us
[12.117s][info][gc,stats    ]     Code Roots                      567 us
[12.117s][info][gc,stats    ]     CLDG                              8 us
[12.117s][info][gc,stats    ]     Exception Caches                  0 us
[12.117s][info][gc,stats    ] Concurrent Strong Roots             177 us, parallelism: 0.46x
[12.118s][info][gc,stats    ]   CSR: <total>                       82 us
[12.118s][info][gc,stats    ]   CSR: VM Strong Roots                4 us, workers (us):   4, ---, ---, 
[12.118s][info][gc,stats    ]   CSR: CLDG Roots                    78 us, workers (us):  78, ---, ---, 
[12.118s][info][gc,stats    ] Concurrent Evacuation              5459 us
[12.118s][info][gc,stats    ] Pause Init Update Refs (G)          173 us
[12.118s][info][gc,stats    ] Pause Init Update Refs (N)           49 us
[12.118s][info][gc,stats    ]   Manage GCLABs                       5 us
[12.118s][info][gc,stats    ] Concurrent Update Refs            10970 us
[12.118s][info][gc,stats    ] Concurrent Update Thread Roots      377 us
[12.118s][info][gc,stats    ] Pause Final Update Refs (G)         248 us
[12.118s][info][gc,stats    ] Pause Final Update Refs (N)         163 us
[12.118s][info][gc,stats    ]   Update Region States               64 us
[12.118s][info][gc,stats    ]   Trash Collection Set                7 us
[12.118s][info][gc,stats    ]   Rebuild Free Set                   12 us
[12.118s][info][gc,stats    ] Concurrent Cleanup                   53 us
[12.118s][info][gc,stats    ] 
[12.118s][info][gc,stats    ] Allocation pacing accrued:
[12.118s][info][gc,stats    ]       0 of   794 ms (  0.0%): <total>
[12.118s][info][gc,stats    ]       0 of   794 ms (  0.0%): <average total>
[12.118s][info][gc,stats    ] 
[12.118s][info][gc,metaspace] Metaspace: 26464K(26624K)->26464K(26624K) NonClass: 23793K(23872K)->23793K(23872K) Class: 2671K(2752K)->2671K(2752K)
[12.118s][info][gc,ergo     ] Pacer for Idle. Initial: 20971K, Alloc Tax Rate: 1.0x
[12.356s][info][gc          ] Trigger: Explicit GC request (System.gc())
[12.357s][info][gc,ergo     ] Free: 861M, Max: 512K regular, 698M humongous, Frag: 19% external, 0% internal; Reserve: 52736K, Max: 512K
[12.357s][info][gc,start    ] GC(17) Concurrent reset
[12.357s][info][gc,task     ] GC(17) Using 1 of 3 workers for concurrent reset
[12.357s][info][gc,ergo     ] GC(17) Pacer for Reset. Non-Taxable: 1024M
[12.357s][info][gc          ] GC(17) Concurrent reset 0.756ms
[12.358s][info][gc,start    ] GC(17) Pause Init Mark (unload classes)
[12.358s][info][gc,task     ] GC(17) Using 3 of 3 workers for init marking
[12.358s][info][gc,ref      ] GC(17) Clearing All SoftReferences
[12.358s][info][gc,ergo     ] GC(17) Pacer for Mark. Expected Live: 13340K, Free: 861M, Non-Taxable: 88227K, Alloc Tax Rate: 0.0x
[12.358s][info][gc          ] GC(17) Pause Init Mark (unload classes) 0.167ms
[12.358s][info][gc,start    ] GC(17) Concurrent marking roots
[12.358s][info][gc,task     ] GC(17) Using 1 of 3 workers for concurrent marking roots
[12.358s][info][gc          ] GC(17) Concurrent marking roots 0.398ms
[12.358s][info][gc,start    ] GC(17) Concurrent marking (unload classes)
[12.358s][info][gc,task     ] GC(17) Using 1 of 3 workers for concurrent marking
[12.367s][info][gc          ] GC(17) Concurrent marking (unload classes) 8.695ms
[12.367s][info][gc,start    ] GC(17) Pause Final Mark (unload classes)
[12.367s][info][gc,task     ] GC(17) Using 3 of 3 workers for final marking
[12.367s][info][gc,ergo     ] GC(17) Adaptive CSet Selection. Target Free: 145M, Actual Free: 984M, Max CSet: 43690K, Min Garbage: 0B
[12.367s][info][gc,ergo     ] GC(17) Collectable Garbage: 101M (99%), Immediate: 73620K (69%), CSet: 30693K (29%)
[12.367s][info][gc,ergo     ] GC(17) Pacer for Evacuation. Used CSet: 31186K, Free: 933M, Non-Taxable: 95590K, Alloc Tax Rate: 1.1x
[12.367s][info][gc          ] GC(17) Pause Final Mark (unload classes) 0.379ms
[12.367s][info][gc,start    ] GC(17) Concurrent thread roots
[12.367s][info][gc,task     ] GC(17) Using 1 of 3 workers for Concurrent thread roots
[12.368s][info][gc          ] GC(17) Concurrent thread roots 0.361ms
[12.368s][info][gc,start    ] GC(17) Concurrent weak references
[12.368s][info][gc,task     ] GC(17) Using 1 of 3 workers for concurrent weak references
[12.368s][info][gc,ref      ] GC(17) Encountered references: Soft: 233, Weak: 1547, Final: 9, Phantom: 219
[12.368s][info][gc,ref      ] GC(17) Discovered  references: Soft: 145, Weak: 735, Final: 7, Phantom: 197
[12.368s][info][gc,ref      ] GC(17) Enqueued    references: Soft: 58, Weak: 225, Final: 0, Phantom: 113
[12.368s][info][gc          ] GC(17) Concurrent weak references 0.172ms
[12.368s][info][gc,start    ] GC(17) Concurrent weak roots
[12.368s][info][gc,task     ] GC(17) Using 1 of 3 workers for concurrent weak root
[12.371s][info][gc          ] GC(17) Concurrent weak roots 3.143ms
[12.371s][info][gc,start    ] GC(17) Concurrent cleanup
[12.371s][info][gc          ] GC(17) Concurrent cleanup 110M->39M(1024M) 0.053ms
[12.371s][info][gc,ergo     ] GC(17) Free: 933M, Max: 512K regular, 703M humongous, Frag: 25% external, 0% internal; Reserve: 52627K, Max: 512K
[12.371s][info][gc,start    ] GC(17) Concurrent class unloading
[12.371s][info][gc,task     ] GC(17) Using 1 of 3 workers for concurrent class unloading
[12.395s][info][gc          ] GC(17) Concurrent class unloading 23.949ms
[12.395s][info][gc,start    ] GC(17) Concurrent strong roots
[12.395s][info][gc,task     ] GC(17) Using 1 of 3 workers for concurrent strong root
[12.396s][info][gc          ] GC(17) Concurrent strong roots 0.218ms
[12.396s][info][gc,start    ] GC(17) Concurrent evacuation
[12.396s][info][gc,task     ] GC(17) Using 1 of 3 workers for concurrent evacuation
[12.396s][info][gc          ] GC(17) Concurrent evacuation 0.402ms
[12.396s][info][gc,start    ] GC(17) Pause Init Update Refs
[12.396s][info][gc,ergo     ] GC(17) Pacer for Update Refs. Used: 40660K, Free: 933M, Non-Taxable: 95590K, Alloc Tax Rate: 1.1x
[12.396s][info][gc          ] GC(17) Pause Init Update Refs 0.056ms
[12.396s][info][gc,start    ] GC(17) Concurrent update references
[12.396s][info][gc,task     ] GC(17) Using 1 of 3 workers for concurrent reference update
[12.400s][info][gc          ] GC(17) Concurrent update references 3.804ms
[12.400s][info][gc,start    ] GC(17) Concurrent update thread roots
[12.401s][info][gc          ] GC(17) Concurrent update thread roots 0.629ms
[12.401s][info][gc,start    ] GC(17) Pause Final Update Refs
[12.401s][info][gc,task     ] GC(17) Using 3 of 3 workers for final reference update
[12.401s][info][gc          ] GC(17) Pause Final Update Refs 0.227ms
[12.401s][info][gc,start    ] GC(17) Concurrent cleanup
[12.401s][info][gc          ] GC(17) Concurrent cleanup 39M->9M(1024M) 0.036ms
[12.401s][info][gc,ergo     ] Free: 963M, Max: 512K regular, 960M humongous, Frag: 1% external, 0% internal; Reserve: 52736K, Max: 512K
[12.401s][info][gc,stats    ] 
[12.401s][info][gc,stats    ] All times are wall-clock times, except per-root-class counters, that are sum over
[12.401s][info][gc,stats    ] all workers. Dividing the <total> over the root stage time estimates parallelism.
[12.401s][info][gc,stats    ] 
[12.401s][info][gc,stats    ] Concurrent Reset                    833 us
[12.401s][info][gc,stats    ] Pause Init Mark (G)                 289 us
[12.401s][info][gc,stats    ] Pause Init Mark (N)                 175 us
[12.401s][info][gc,stats    ]   Update Region States               68 us
[12.401s][info][gc,stats    ] Concurrent Mark Roots               416 us, parallelism: 0.76x
[12.401s][info][gc,stats    ]   CMR: <total>                      317 us
[12.401s][info][gc,stats    ]   CMR: Thread Roots                 255 us, workers (us): 255, ---, ---, 
[12.401s][info][gc,stats    ]   CMR: VM Strong Roots                7 us, workers (us):   7, ---, ---, 
[12.401s][info][gc,stats    ]   CMR: CLDG Roots                    54 us, workers (us):  54, ---, ---, 
[12.401s][info][gc,stats    ] Concurrent Marking                 8768 us
[12.401s][info][gc,stats    ] Pause Final Mark (G)                490 us
[12.401s][info][gc,stats    ] Pause Final Mark (N)                396 us
[12.401s][info][gc,stats    ]   Finish Mark                       114 us
[12.401s][info][gc,stats    ]   Update Region States               59 us
[12.401s][info][gc,stats    ]   Choose Collection Set              82 us
[12.401s][info][gc,stats    ]   Rebuild Free Set                   18 us
[12.401s][info][gc,stats    ] Concurrent Thread Roots             381 us, parallelism: 0.67x
[12.401s][info][gc,stats    ]   CTR: <total>                      255 us
[12.401s][info][gc,stats    ]   CTR: Thread Roots                 255 us, workers (us): 255, ---, ---, 
[12.401s][info][gc,stats    ] Concurrent Weak References          179 us, parallelism: 0.39x
[12.401s][info][gc,stats    ]   CWRF: <total>                      70 us
[12.401s][info][gc,stats    ]   CWRF: Weak References              70 us, workers (us):  70, ---, ---, 
[12.401s][info][gc,stats    ] Concurrent Weak Roots              3218 us
[12.401s][info][gc,stats    ]   Roots                            3019 us, parallelism: 0.96x
[12.401s][info][gc,stats    ]     CWR: <total>                   2905 us
[12.401s][info][gc,stats    ]     CWR: Code Cache Roots          2729 us, workers (us): 2729, ---, ---, 
[12.401s][info][gc,stats    ]     CWR: VM Weak Roots              170 us, workers (us): 170, ---, ---, 
[12.401s][info][gc,stats    ]     CWR: CLDG Roots                   6 us, workers (us):   6, ---, ---, 
[12.401s][info][gc,stats    ]   Rendezvous                        102 us
[12.401s][info][gc,stats    ] Concurrent Cleanup                   72 us
[12.401s][info][gc,stats    ] Concurrent Class Unloading        24015 us
[12.401s][info][gc,stats    ]   Unlink Stale                    23068 us
[12.401s][info][gc,stats    ]     System Dictionary               236 us
[12.401s][info][gc,stats    ]     Weak Class Links               6083 us
[12.401s][info][gc,stats    ]     Code Roots                    16746 us
[12.401s][info][gc,stats    ]   Rendezvous                        130 us
[12.401s][info][gc,stats    ]   Purge Unlinked                    713 us
[12.401s][info][gc,stats    ]     Code Roots                      626 us
[12.401s][info][gc,stats    ]     CLDG                             86 us
[12.401s][info][gc,stats    ]     Exception Caches                  0 us
[12.401s][info][gc,stats    ] Concurrent Strong Roots             236 us, parallelism: 0.40x
[12.401s][info][gc,stats    ]   CSR: <total>                       96 us
[12.401s][info][gc,stats    ]   CSR: VM Strong Roots                5 us, workers (us):   5, ---, ---, 
[12.401s][info][gc,stats    ]   CSR: CLDG Roots                    91 us, workers (us):  91, ---, ---, 
[12.401s][info][gc,stats    ] Concurrent Evacuation               422 us
[12.401s][info][gc,stats    ] Pause Init Update Refs (G)          176 us
[12.401s][info][gc,stats    ] Pause Init Update Refs (N)           64 us
[12.401s][info][gc,stats    ]   Manage GCLABs                       3 us
[12.401s][info][gc,stats    ] Concurrent Update Refs             3873 us
[12.401s][info][gc,stats    ] Concurrent Update Thread Roots      648 us
[12.401s][info][gc,stats    ] Pause Final Update Refs (G)         338 us
[12.401s][info][gc,stats    ] Pause Final Update Refs (N)         271 us
[12.402s][info][gc,stats    ]   Update Region States              101 us
[12.402s][info][gc,stats    ]   Trash Collection Set                6 us
[12.402s][info][gc,stats    ]   Rebuild Free Set                   20 us
[12.402s][info][gc,stats    ] Concurrent Cleanup                   46 us
[12.402s][info][gc,stats    ] 
[12.402s][info][gc,stats    ] Allocation pacing accrued:
[12.402s][info][gc,stats    ]       0 of   284 ms (  0.0%): <total>
[12.402s][info][gc,stats    ]       0 of   284 ms (  0.0%): <average total>
[12.402s][info][gc,stats    ] 
[12.402s][info][gc,metaspace] Metaspace: 26473K(26624K)->26422K(26624K) NonClass: 23801K(23872K)->23758K(23872K) Class: 2672K(2752K)->2663K(2752K)
[12.402s][info][gc,ergo     ] Pacer for Idle. Initial: 20971K, Alloc Tax Rate: 1.0x
[13.113s][info][gc          ] Trigger: Learning 2 of 5. Free (713M) is below initial threshold (716M)
[13.113s][info][gc,ergo     ] Free: 713M, Max: 512K regular, 713M humongous, Frag: 0% external, 0% internal; Reserve: 52736K, Max: 512K
[13.113s][info][gc,start    ] GC(18) Concurrent reset
[13.113s][info][gc,task     ] GC(18) Using 1 of 3 workers for concurrent reset
[13.113s][info][gc,ergo     ] GC(18) Pacer for Reset. Non-Taxable: 1024M
[13.113s][info][gc          ] GC(18) Concurrent reset 0.388ms
[13.114s][info][gc,start    ] GC(18) Pause Init Mark (unload classes)
[13.114s][info][gc,task     ] GC(18) Using 3 of 3 workers for init marking
[13.114s][info][gc,ergo     ] GC(18) Pacer for Mark. Expected Live: 11650K, Free: 713M, Non-Taxable: 73038K, Alloc Tax Rate: 0.0x
[13.114s][info][gc          ] GC(18) Pause Init Mark (unload classes) 0.139ms
[13.114s][info][gc,start    ] GC(18) Concurrent marking roots
[13.114s][info][gc,task     ] GC(18) Using 1 of 3 workers for concurrent marking roots
[13.114s][info][gc          ] GC(18) Concurrent marking roots 0.608ms
[13.114s][info][gc,start    ] GC(18) Concurrent marking (unload classes)
[13.114s][info][gc,task     ] GC(18) Using 1 of 3 workers for concurrent marking
[13.136s][info][gc          ] GC(18) Concurrent marking (unload classes) 21.386ms
[13.136s][info][gc,start    ] GC(18) Pause Final Mark (unload classes)
[13.136s][info][gc,task     ] GC(18) Using 3 of 3 workers for final marking
[13.136s][info][gc,ergo     ] GC(18) Adaptive CSet Selection. Target Free: 145M, Actual Free: 914M, Max CSet: 43690K, Min Garbage: 0B
[13.136s][info][gc,ergo     ] GC(18) Collectable Garbage: 240M (99%), Immediate: 155M (64%), CSet: 87152K (35%)
[13.136s][info][gc,ergo     ] GC(18) Pacer for Evacuation. Used CSet: 96977K, Free: 863M, Non-Taxable: 88371K, Alloc Tax Rate: 1.1x
[13.136s][info][gc          ] GC(18) Pause Final Mark (unload classes) 0.300ms
[13.136s][info][gc,start    ] GC(18) Concurrent thread roots
[13.136s][info][gc,task     ] GC(18) Using 1 of 3 workers for Concurrent thread roots
[13.137s][info][gc          ] GC(18) Concurrent thread roots 0.596ms
[13.137s][info][gc,start    ] GC(18) Concurrent weak references
[13.137s][info][gc,task     ] GC(18) Using 1 of 3 workers for concurrent weak references
[13.137s][info][gc,ref      ] GC(18) Encountered references: Soft: 410, Weak: 2148, Final: 199, Phantom: 242
[13.137s][info][gc,ref      ] GC(18) Discovered  references: Soft: 0, Weak: 1455, Final: 197, Phantom: 220
[13.137s][info][gc,ref      ] GC(18) Enqueued    references: Soft: 0, Weak: 765, Final: 190, Phantom: 38
[13.138s][info][gc          ] GC(18) Concurrent weak references 0.565ms
[13.138s][info][gc,start    ] GC(18) Concurrent weak roots
[13.138s][info][gc,task     ] GC(18) Using 1 of 3 workers for concurrent weak root
[13.142s][info][gc          ] GC(18) Concurrent weak roots 4.812ms
[13.142s][info][gc,start    ] GC(18) Concurrent cleanup
[13.143s][info][gc          ] GC(18) Concurrent cleanup 265M->110M(1024M) 0.080ms
[13.143s][info][gc,ergo     ] GC(18) Free: 862M, Max: 512K regular, 706M humongous, Frag: 19% external, 0% internal; Reserve: 52504K, Max: 512K
[13.143s][info][gc,start    ] GC(18) Concurrent class unloading
[13.143s][info][gc,task     ] GC(18) Using 1 of 3 workers for concurrent class unloading
[13.159s][info][gc          ] GC(18) Concurrent class unloading 16.644ms
[13.159s][info][gc,start    ] GC(18) Concurrent strong roots
[13.159s][info][gc,task     ] GC(18) Using 1 of 3 workers for concurrent strong root
[13.160s][info][gc          ] GC(18) Concurrent strong roots 0.267ms
[13.160s][info][gc,start    ] GC(18) Concurrent evacuation
[13.160s][info][gc,task     ] GC(18) Using 1 of 3 workers for concurrent evacuation
[13.167s][info][gc          ] GC(18) Concurrent evacuation 7.452ms
[13.167s][info][gc,start    ] GC(18) Pause Init Update Refs
[13.167s][info][gc,ergo     ] GC(18) Pacer for Update Refs. Used: 126M, Free: 855M, Non-Taxable: 87614K, Alloc Tax Rate: 1.1x
[13.167s][info][gc          ] GC(18) Pause Init Update Refs 0.039ms
[13.167s][info][gc,start    ] GC(18) Concurrent update references
[13.167s][info][gc,task     ] GC(18) Using 1 of 3 workers for concurrent reference update
[13.180s][info][gc          ] GC(18) Concurrent update references 12.715ms
[13.180s][info][gc,start    ] GC(18) Concurrent update thread roots
[13.181s][info][gc          ] GC(18) Concurrent update thread roots 0.512ms
[13.181s][info][gc,start    ] GC(18) Pause Final Update Refs
[13.181s][info][gc,task     ] GC(18) Using 3 of 3 workers for final reference update
[13.181s][info][gc          ] GC(18) Pause Final Update Refs 0.133ms
[13.181s][info][gc,start    ] GC(18) Concurrent cleanup
[13.181s][info][gc          ] GC(18) Concurrent cleanup 129M->35M(1024M) 0.072ms
[13.181s][info][gc,ergo     ] Free: 937M, Max: 512K regular, 697M humongous, Frag: 26% external, 0% internal; Reserve: 52736K, Max: 512K
[13.181s][info][gc,stats    ] 
[13.181s][info][gc,stats    ] All times are wall-clock times, except per-root-class counters, that are sum over
[13.181s][info][gc,stats    ] all workers. Dividing the <total> over the root stage time estimates parallelism.
[13.181s][info][gc,stats    ] 
[13.181s][info][gc,stats    ] Concurrent Reset                    413 us
[13.181s][info][gc,stats    ] Pause Init Mark (G)                 637 us
[13.181s][info][gc,stats    ] Pause Init Mark (N)                 148 us
[13.181s][info][gc,stats    ]   Update Region States               63 us
[13.181s][info][gc,stats    ] Concurrent Mark Roots               630 us, parallelism: 0.78x
[13.181s][info][gc,stats    ]   CMR: <total>                      490 us
[13.181s][info][gc,stats    ]   CMR: Thread Roots                 422 us, workers (us): 422, ---, ---, 
[13.181s][info][gc,stats    ]   CMR: VM Strong Roots                6 us, workers (us):   6, ---, ---, 
[13.181s][info][gc,stats    ]   CMR: CLDG Roots                    62 us, workers (us):  62, ---, ---, 
[13.181s][info][gc,stats    ] Concurrent Marking                21481 us
[13.181s][info][gc,stats    ] Pause Final Mark (G)                407 us
[13.181s][info][gc,stats    ] Pause Final Mark (N)                311 us
[13.181s][info][gc,stats    ]   Finish Mark                        78 us
[13.181s][info][gc,stats    ]   Update Region States               41 us
[13.181s][info][gc,stats    ]   Choose Collection Set             110 us
[13.181s][info][gc,stats    ]   Rebuild Free Set                    9 us
[13.181s][info][gc,stats    ] Concurrent Thread Roots             629 us, parallelism: 0.79x
[13.181s][info][gc,stats    ]   CTR: <total>                      499 us
[13.181s][info][gc,stats    ]   CTR: Thread Roots                 499 us, workers (us): 499, ---, ---, 
[13.181s][info][gc,stats    ] Concurrent Weak References          578 us, parallelism: 0.70x
[13.181s][info][gc,stats    ]   CWRF: <total>                     404 us
[13.181s][info][gc,stats    ]   CWRF: Weak References             404 us, workers (us): 404, ---, ---, 
[13.181s][info][gc,stats    ] Concurrent Weak Roots              4899 us
[13.181s][info][gc,stats    ]   Roots                            4707 us, parallelism: 0.98x
[13.181s][info][gc,stats    ]     CWR: <total>                   4636 us
[13.181s][info][gc,stats    ]     CWR: Code Cache Roots          4322 us, workers (us): 4322, ---, ---, 
[13.181s][info][gc,stats    ]     CWR: VM Weak Roots              302 us, workers (us): 302, ---, ---, 
[13.181s][info][gc,stats    ]     CWR: CLDG Roots                  12 us, workers (us):  12, ---, ---, 
[13.181s][info][gc,stats    ]   Rendezvous                         80 us
[13.181s][info][gc,stats    ] Concurrent Cleanup                  100 us
[13.181s][info][gc,stats    ] Concurrent Class Unloading        16697 us
[13.181s][info][gc,stats    ]   Unlink Stale                    15837 us
[13.181s][info][gc,stats    ]     System Dictionary                16 us
[13.181s][info][gc,stats    ]     Weak Class Links                  1 us
[13.181s][info][gc,stats    ]     Code Roots                    15818 us
[13.181s][info][gc,stats    ]   Rendezvous                        104 us
[13.181s][info][gc,stats    ]   Purge Unlinked                    665 us
[13.181s][info][gc,stats    ]     Code Roots                      656 us
[13.181s][info][gc,stats    ]     CLDG                              8 us
[13.181s][info][gc,stats    ]     Exception Caches                  0 us
[13.181s][info][gc,stats    ] Concurrent Strong Roots             288 us, parallelism: 0.74x
[13.181s][info][gc,stats    ]   CSR: <total>                      212 us
[13.181s][info][gc,stats    ]   CSR: VM Strong Roots                4 us, workers (us):   4, ---, ---, 
[13.181s][info][gc,stats    ]   CSR: CLDG Roots                   208 us, workers (us): 208, ---, ---, 
[13.181s][info][gc,stats    ] Concurrent Evacuation              7543 us
[13.181s][info][gc,stats    ] Pause Init Update Refs (G)          171 us
[13.181s][info][gc,stats    ] Pause Init Update Refs (N)           48 us
[13.181s][info][gc,stats    ]   Manage GCLABs                       3 us
[13.181s][info][gc,stats    ] Concurrent Update Refs            12773 us
[13.181s][info][gc,stats    ] Concurrent Update Thread Roots      551 us
[13.181s][info][gc,stats    ] Pause Final Update Refs (G)         224 us
[13.181s][info][gc,stats    ] Pause Final Update Refs (N)         144 us
[13.181s][info][gc,stats    ]   Update Region States               56 us
[13.181s][info][gc,stats    ]   Trash Collection Set                7 us
[13.181s][info][gc,stats    ]   Rebuild Free Set                   15 us
[13.181s][info][gc,stats    ] Concurrent Cleanup                   93 us
[13.181s][info][gc,stats    ] 
[13.181s][info][gc,stats    ] Allocation pacing accrued:
[13.181s][info][gc,stats    ]       0 of   780 ms (  0.0%): <total>
[13.181s][info][gc,stats    ]       0 of   780 ms (  0.0%): <average total>
[13.181s][info][gc,stats    ] 
[13.181s][info][gc,metaspace] Metaspace: 26526K(26688K)->26526K(26688K) NonClass: 23854K(23936K)->23854K(23936K) Class: 2672K(2752K)->2672K(2752K)
[13.181s][info][gc,ergo     ] Pacer for Idle. Initial: 20971K, Alloc Tax Rate: 1.0x
[13.396s][info][gc          ] Trigger: Explicit GC request (System.gc())
[13.396s][info][gc,ergo     ] Free: 861M, Max: 512K regular, 697M humongous, Frag: 19% external, 0% internal; Reserve: 52736K, Max: 512K
[13.396s][info][gc,start    ] GC(19) Concurrent reset
[13.396s][info][gc,task     ] GC(19) Using 1 of 3 workers for concurrent reset
[13.396s][info][gc,ergo     ] GC(19) Pacer for Reset. Non-Taxable: 1024M
[13.397s][info][gc          ] GC(19) Concurrent reset 0.577ms
[13.397s][info][gc,start    ] GC(19) Pause Init Mark (unload classes)
[13.397s][info][gc,task     ] GC(19) Using 3 of 3 workers for init marking
[13.397s][info][gc,ref      ] GC(19) Clearing All SoftReferences
[13.397s][info][gc,ergo     ] GC(19) Pacer for Mark. Expected Live: 13597K, Free: 861M, Non-Taxable: 88177K, Alloc Tax Rate: 0.0x
[13.397s][info][gc          ] GC(19) Pause Init Mark (unload classes) 0.115ms
[13.397s][info][gc,start    ] GC(19) Concurrent marking roots
[13.397s][info][gc,task     ] GC(19) Using 1 of 3 workers for concurrent marking roots
[13.397s][info][gc          ] GC(19) Concurrent marking roots 0.401ms
[13.397s][info][gc,start    ] GC(19) Concurrent marking (unload classes)
[13.397s][info][gc,task     ] GC(19) Using 1 of 3 workers for concurrent marking
[13.406s][info][gc          ] GC(19) Concurrent marking (unload classes) 8.490ms
[13.406s][info][gc,start    ] GC(19) Pause Final Mark (unload classes)
[13.406s][info][gc,task     ] GC(19) Using 3 of 3 workers for final marking
[13.406s][info][gc,ergo     ] GC(19) Adaptive CSet Selection. Target Free: 145M, Actual Free: 983M, Max CSet: 43690K, Min Garbage: 0B
[13.406s][info][gc,ergo     ] GC(19) Collectable Garbage: 102M (99%), Immediate: 73158K (69%), CSet: 31703K (29%)
[13.406s][info][gc,ergo     ] GC(19) Pacer for Evacuation. Used CSet: 32198K, Free: 932M, Non-Taxable: 95488K, Alloc Tax Rate: 1.1x
[13.406s][info][gc          ] GC(19) Pause Final Mark (unload classes) 0.257ms
[13.406s][info][gc,start    ] GC(19) Concurrent thread roots
[13.406s][info][gc,task     ] GC(19) Using 1 of 3 workers for Concurrent thread roots
[13.407s][info][gc          ] GC(19) Concurrent thread roots 0.420ms
[13.407s][info][gc,start    ] GC(19) Concurrent weak references
[13.407s][info][gc,task     ] GC(19) Using 1 of 3 workers for concurrent weak references
[13.407s][info][gc,ref      ] GC(19) Encountered references: Soft: 231, Weak: 1557, Final: 9, Phantom: 219
[13.407s][info][gc,ref      ] GC(19) Discovered  references: Soft: 143, Weak: 745, Final: 7, Phantom: 197
[13.407s][info][gc,ref      ] GC(19) Enqueued    references: Soft: 56, Weak: 235, Final: 0, Phantom: 113
[13.407s][info][gc          ] GC(19) Concurrent weak references 0.179ms
[13.407s][info][gc,start    ] GC(19) Concurrent weak roots
[13.407s][info][gc,task     ] GC(19) Using 1 of 3 workers for concurrent weak root
[13.411s][info][gc          ] GC(19) Concurrent weak roots 3.772ms
[13.411s][info][gc,start    ] GC(19) Concurrent cleanup
[13.411s][info][gc          ] GC(19) Concurrent cleanup 111M->40M(1024M) 0.037ms
[13.411s][info][gc,ergo     ] GC(19) Free: 932M, Max: 512K regular, 703M humongous, Frag: 25% external, 0% internal; Reserve: 52625K, Max: 512K
[13.411s][info][gc,start    ] GC(19) Concurrent class unloading
[13.411s][info][gc,task     ] GC(19) Using 1 of 3 workers for concurrent class unloading
[13.435s][info][gc          ] GC(19) Concurrent class unloading 23.809ms
[13.435s][info][gc,start    ] GC(19) Concurrent strong roots
[13.435s][info][gc,task     ] GC(19) Using 1 of 3 workers for concurrent strong root
[13.435s][info][gc          ] GC(19) Concurrent strong roots 0.166ms
[13.435s][info][gc,start    ] GC(19) Concurrent evacuation
[13.435s][info][gc,task     ] GC(19) Using 1 of 3 workers for concurrent evacuation
[13.435s][info][gc          ] GC(19) Concurrent evacuation 0.410ms
[13.435s][info][gc,start    ] GC(19) Pause Init Update Refs
[13.435s][info][gc,ergo     ] GC(19) Pacer for Update Refs. Used: 41672K, Free: 932M, Non-Taxable: 95488K, Alloc Tax Rate: 1.1x
[13.435s][info][gc          ] GC(19) Pause Init Update Refs 0.058ms
[13.435s][info][gc,start    ] GC(19) Concurrent update references
[13.435s][info][gc,task     ] GC(19) Using 1 of 3 workers for concurrent reference update
[13.439s][info][gc          ] GC(19) Concurrent update references 3.821ms
[13.439s][info][gc,start    ] GC(19) Concurrent update thread roots
[13.440s][info][gc          ] GC(19) Concurrent update thread roots 0.604ms
[13.440s][info][gc,start    ] GC(19) Pause Final Update Refs
[13.440s][info][gc,task     ] GC(19) Using 3 of 3 workers for final reference update
[13.440s][info][gc          ] GC(19) Pause Final Update Refs 0.170ms
[13.440s][info][gc,start    ] GC(19) Concurrent cleanup
[13.440s][info][gc          ] GC(19) Concurrent cleanup 40M->9M(1024M) 0.061ms
[13.440s][info][gc,ergo     ] Free: 963M, Max: 512K regular, 960M humongous, Frag: 1% external, 0% internal; Reserve: 52736K, Max: 512K
[13.440s][info][gc,stats    ] 
[13.440s][info][gc,stats    ] All times are wall-clock times, except per-root-class counters, that are sum over
[13.441s][info][gc,stats    ] all workers. Dividing the <total> over the root stage time estimates parallelism.
[13.441s][info][gc,stats    ] 
[13.441s][info][gc,stats    ] Concurrent Reset                    621 us
[13.441s][info][gc,stats    ] Pause Init Mark (G)                 222 us
[13.441s][info][gc,stats    ] Pause Init Mark (N)                 123 us
[13.441s][info][gc,stats    ]   Update Region States               40 us
[13.441s][info][gc,stats    ] Concurrent Mark Roots               420 us, parallelism: 0.76x
[13.441s][info][gc,stats    ]   CMR: <total>                      318 us
[13.441s][info][gc,stats    ]   CMR: Thread Roots                 258 us, workers (us): 258, ---, ---, 
[13.441s][info][gc,stats    ]   CMR: VM Strong Roots                7 us, workers (us):   7, ---, ---, 
[13.441s][info][gc,stats    ]   CMR: CLDG Roots                    54 us, workers (us):  54, ---, ---, 
[13.441s][info][gc,stats    ] Concurrent Marking                 8569 us
[13.441s][info][gc,stats    ] Pause Final Mark (G)                335 us
[13.441s][info][gc,stats    ] Pause Final Mark (N)                265 us
[13.441s][info][gc,stats    ]   Finish Mark                        78 us
[13.441s][info][gc,stats    ]   Update Region States               47 us
[13.441s][info][gc,stats    ]   Choose Collection Set              54 us
[13.441s][info][gc,stats    ]   Rebuild Free Set                    9 us
[13.441s][info][gc,stats    ] Concurrent Thread Roots             439 us, parallelism: 0.71x
[13.441s][info][gc,stats    ]   CTR: <total>                      309 us
[13.441s][info][gc,stats    ]   CTR: Thread Roots                 309 us, workers (us): 309, ---, ---, 
[13.441s][info][gc,stats    ] Concurrent Weak References          187 us, parallelism: 0.42x
[13.441s][info][gc,stats    ]   CWRF: <total>                      79 us
[13.441s][info][gc,stats    ]   CWRF: Weak References              79 us, workers (us):  79, ---, ---, 
[13.441s][info][gc,stats    ] Concurrent Weak Roots              3835 us
[13.441s][info][gc,stats    ]   Roots                            3649 us, parallelism: 0.98x
[13.441s][info][gc,stats    ]     CWR: <total>                   3565 us
[13.441s][info][gc,stats    ]     CWR: Code Cache Roots          3375 us, workers (us): 3375, ---, ---, 
[13.441s][info][gc,stats    ]     CWR: VM Weak Roots              184 us, workers (us): 184, ---, ---, 
[13.441s][info][gc,stats    ]     CWR: CLDG Roots                   6 us, workers (us):   6, ---, ---, 
[13.441s][info][gc,stats    ]   Rendezvous                        102 us
[13.441s][info][gc,stats    ] Concurrent Cleanup                   46 us
[13.441s][info][gc,stats    ] Concurrent Class Unloading        23866 us
[13.441s][info][gc,stats    ]   Unlink Stale                    23024 us
[13.441s][info][gc,stats    ]     System Dictionary               218 us
[13.441s][info][gc,stats    ]     Weak Class Links               5494 us
[13.441s][info][gc,stats    ]     Code Roots                    17310 us
[13.441s][info][gc,stats    ]   Rendezvous                        101 us
[13.441s][info][gc,stats    ]   Purge Unlinked                    663 us
[13.441s][info][gc,stats    ]     Code Roots                      593 us
[13.441s][info][gc,stats    ]     CLDG                             70 us
[13.441s][info][gc,stats    ]     Exception Caches                  0 us
[13.441s][info][gc,stats    ] Concurrent Strong Roots             185 us, parallelism: 0.54x
[13.441s][info][gc,stats    ]   CSR: <total>                      101 us
[13.441s][info][gc,stats    ]   CSR: VM Strong Roots                6 us, workers (us):   6, ---, ---, 
[13.441s][info][gc,stats    ]   CSR: CLDG Roots                    95 us, workers (us):  95, ---, ---, 
[13.441s][info][gc,stats    ] Concurrent Evacuation               430 us
[13.441s][info][gc,stats    ] Pause Init Update Refs (G)          117 us
[13.441s][info][gc,stats    ] Pause Init Update Refs (N)           67 us
[13.441s][info][gc,stats    ]   Manage GCLABs                       3 us
[13.441s][info][gc,stats    ] Concurrent Update Refs             3889 us
[13.441s][info][gc,stats    ] Concurrent Update Thread Roots      691 us
[13.441s][info][gc,stats    ] Pause Final Update Refs (G)         279 us
[13.441s][info][gc,stats    ] Pause Final Update Refs (N)         191 us
[13.441s][info][gc,stats    ]   Update Region States               74 us
[13.441s][info][gc,stats    ]   Trash Collection Set                7 us
[13.441s][info][gc,stats    ]   Rebuild Free Set                   24 us
[13.441s][info][gc,stats    ] Concurrent Cleanup                   82 us
[13.441s][info][gc,stats    ] 
[13.441s][info][gc,stats    ] Allocation pacing accrued:
[13.441s][info][gc,stats    ]       0 of   260 ms (  0.0%): <total>
[13.441s][info][gc,stats    ]       0 of   260 ms (  0.0%): <average total>
[13.441s][info][gc,stats    ] 
[13.441s][info][gc,metaspace] Metaspace: 26536K(26752K)->26485K(26752K) NonClass: 23864K(24000K)->23821K(24000K) Class: 2672K(2752K)->2663K(2752K)
[13.441s][info][gc,ergo     ] Pacer for Idle. Initial: 20971K, Alloc Tax Rate: 1.0x
[14.140s][info][gc          ] Trigger: Learning 2 of 5. Free (714M) is below initial threshold (716M)
[14.141s][info][gc,ergo     ] Free: 714M, Max: 512K regular, 714M humongous, Frag: 0% external, 0% internal; Reserve: 52736K, Max: 512K
[14.141s][info][gc,start    ] GC(20) Concurrent reset
[14.141s][info][gc,task     ] GC(20) Using 1 of 3 workers for concurrent reset
[14.141s][info][gc,ergo     ] GC(20) Pacer for Reset. Non-Taxable: 1024M
[14.141s][info][gc          ] GC(20) Concurrent reset 0.310ms
[14.141s][info][gc,start    ] GC(20) Pause Init Mark (unload classes)
[14.141s][info][gc,task     ] GC(20) Using 3 of 3 workers for init marking
[14.141s][info][gc,ergo     ] GC(20) Pacer for Mark. Expected Live: 11788K, Free: 714M, Non-Taxable: 73141K, Alloc Tax Rate: 0.0x
[14.141s][info][gc          ] GC(20) Pause Init Mark (unload classes) 0.149ms
[14.141s][info][gc,start    ] GC(20) Concurrent marking roots
[14.141s][info][gc,task     ] GC(20) Using 1 of 3 workers for concurrent marking roots
[14.142s][info][gc          ] GC(20) Concurrent marking roots 0.701ms
[14.142s][info][gc,start    ] GC(20) Concurrent marking (unload classes)
[14.142s][info][gc,task     ] GC(20) Using 1 of 3 workers for concurrent marking
[14.168s][info][gc          ] GC(20) Concurrent marking (unload classes) 25.499ms
[14.168s][info][gc,start    ] GC(20) Pause Final Mark (unload classes)
[14.168s][info][gc,task     ] GC(20) Using 3 of 3 workers for final marking
[14.168s][info][gc,ergo     ] GC(20) Adaptive CSet Selection. Target Free: 145M, Actual Free: 915M, Max CSet: 43690K, Min Garbage: 0B
[14.168s][info][gc,ergo     ] GC(20) Collectable Garbage: 239M (99%), Immediate: 156M (64%), CSet: 85199K (34%)
[14.168s][info][gc,ergo     ] GC(20) Pacer for Evacuation. Used CSet: 94872K, Free: 864M, Non-Taxable: 88474K, Alloc Tax Rate: 1.1x
[14.168s][info][gc          ] GC(20) Pause Final Mark (unload classes) 0.269ms
[14.168s][info][gc,start    ] GC(20) Concurrent thread roots
[14.168s][info][gc,task     ] GC(20) Using 1 of 3 workers for Concurrent thread roots
[14.169s][info][gc          ] GC(20) Concurrent thread roots 0.702ms
[14.169s][info][gc,start    ] GC(20) Concurrent weak references
[14.169s][info][gc,task     ] GC(20) Using 1 of 3 workers for concurrent weak references
[14.169s][info][gc,ref      ] GC(20) Encountered references: Soft: 404, Weak: 2148, Final: 199, Phantom: 242
[14.169s][info][gc,ref      ] GC(20) Discovered  references: Soft: 0, Weak: 1429, Final: 197, Phantom: 219
[14.169s][info][gc,ref      ] GC(20) Enqueued    references: Soft: 0, Weak: 765, Final: 190, Phantom: 38
[14.169s][info][gc          ] GC(20) Concurrent weak references 0.340ms
[14.169s][info][gc,start    ] GC(20) Concurrent weak roots
[14.169s][info][gc,task     ] GC(20) Using 1 of 3 workers for concurrent weak root
[14.172s][info][gc          ] GC(20) Concurrent weak roots 3.256ms
[14.172s][info][gc,start    ] GC(20) Concurrent cleanup
[14.172s][info][gc          ] GC(20) Concurrent cleanup 265M->109M(1024M) 0.048ms
[14.172s][info][gc,ergo     ] GC(20) Free: 863M, Max: 512K regular, 706M humongous, Frag: 19% external, 0% internal; Reserve: 52502K, Max: 512K
[14.172s][info][gc,start    ] GC(20) Concurrent class unloading
[14.172s][info][gc,task     ] GC(20) Using 1 of 3 workers for concurrent class unloading
[14.188s][info][gc          ] GC(20) Concurrent class unloading 16.026ms
[14.188s][info][gc,start    ] GC(20) Concurrent strong roots
[14.188s][info][gc,task     ] GC(20) Using 1 of 3 workers for concurrent strong root
[14.189s][info][gc          ] GC(20) Concurrent strong roots 0.130ms
[14.189s][info][gc,start    ] GC(20) Concurrent evacuation
[14.189s][info][gc,task     ] GC(20) Using 1 of 3 workers for concurrent evacuation
[14.195s][info][gc          ] GC(20) Concurrent evacuation 6.567ms
[14.195s][info][gc,start    ] GC(20) Pause Init Update Refs
[14.195s][info][gc,ergo     ] GC(20) Pacer for Update Refs. Used: 125M, Free: 856M, Non-Taxable: 87715K, Alloc Tax Rate: 1.1x
[14.195s][info][gc          ] GC(20) Pause Init Update Refs 0.057ms
[14.195s][info][gc,start    ] GC(20) Concurrent update references
[14.195s][info][gc,task     ] GC(20) Using 1 of 3 workers for concurrent reference update
[14.208s][info][gc          ] GC(20) Concurrent update references 12.745ms
[14.208s][info][gc,start    ] GC(20) Concurrent update thread roots
[14.209s][info][gc          ] GC(20) Concurrent update thread roots 0.508ms
[14.209s][info][gc,start    ] GC(20) Pause Final Update Refs
[14.209s][info][gc,task     ] GC(20) Using 3 of 3 workers for final reference update
[14.209s][info][gc          ] GC(20) Pause Final Update Refs 0.122ms
[14.209s][info][gc,start    ] GC(20) Concurrent cleanup
[14.209s][info][gc          ] GC(20) Concurrent cleanup 129M->36M(1024M) 0.039ms
[14.209s][info][gc,ergo     ] Free: 936M, Max: 512K regular, 697M humongous, Frag: 26% external, 0% internal; Reserve: 52736K, Max: 512K
[14.209s][info][gc,stats    ] 
[14.209s][info][gc,stats    ] All times are wall-clock times, except per-root-class counters, that are sum over
[14.209s][info][gc,stats    ] all workers. Dividing the <total> over the root stage time estimates parallelism.
[14.209s][info][gc,stats    ] 
[14.209s][info][gc,stats    ] Concurrent Reset                    371 us
[14.209s][info][gc,stats    ] Pause Init Mark (G)                 350 us
[14.209s][info][gc,stats    ] Pause Init Mark (N)                 159 us
[14.209s][info][gc,stats    ]   Update Region States               46 us
[14.209s][info][gc,stats    ] Concurrent Mark Roots               711 us, parallelism: 0.86x
[14.209s][info][gc,stats    ]   CMR: <total>                      613 us
[14.209s][info][gc,stats    ]   CMR: Thread Roots                 508 us, workers (us): 508, ---, ---, 
[14.209s][info][gc,stats    ]   CMR: VM Strong Roots               10 us, workers (us):  10, ---, ---, 
[14.209s][info][gc,stats    ]   CMR: CLDG Roots                    96 us, workers (us):  96, ---, ---, 
[14.209s][info][gc,stats    ] Concurrent Marking                25576 us
[14.209s][info][gc,stats    ] Pause Final Mark (G)                353 us
[14.209s][info][gc,stats    ] Pause Final Mark (N)                277 us
[14.209s][info][gc,stats    ]   Finish Mark                        86 us
[14.209s][info][gc,stats    ]   Update Region States               40 us
[14.209s][info][gc,stats    ]   Choose Collection Set              55 us
[14.209s][info][gc,stats    ]   Rebuild Free Set                    9 us
[14.209s][info][gc,stats    ] Concurrent Thread Roots             714 us, parallelism: 0.87x
[14.209s][info][gc,stats    ]   CTR: <total>                      624 us
[14.209s][info][gc,stats    ]   CTR: Thread Roots                 624 us, workers (us): 624, ---, ---, 
[14.209s][info][gc,stats    ] Concurrent Weak References          348 us, parallelism: 0.71x
[14.209s][info][gc,stats    ]   CWRF: <total>                     247 us
[14.209s][info][gc,stats    ]   CWRF: Weak References             247 us, workers (us): 247, ---, ---, 
[14.209s][info][gc,stats    ] Concurrent Weak Roots              3321 us
[14.209s][info][gc,stats    ]   Roots                            3173 us, parallelism: 0.98x
[14.209s][info][gc,stats    ]     CWR: <total>                   3100 us
[14.209s][info][gc,stats    ]     CWR: Code Cache Roots          2861 us, workers (us): 2861, ---, ---, 
[14.209s][info][gc,stats    ]     CWR: VM Weak Roots              232 us, workers (us): 232, ---, ---, 
[14.209s][info][gc,stats    ]     CWR: CLDG Roots                   7 us, workers (us):   7, ---, ---, 
[14.209s][info][gc,stats    ]   Rendezvous                         63 us
[14.209s][info][gc,stats    ] Concurrent Cleanup                   58 us
[14.209s][info][gc,stats    ] Concurrent Class Unloading        16067 us
[14.209s][info][gc,stats    ]   Unlink Stale                    15353 us
[14.209s][info][gc,stats    ]     System Dictionary                11 us
[14.209s][info][gc,stats    ]     Weak Class Links                  0 us
[14.209s][info][gc,stats    ]     Code Roots                    15341 us
[14.209s][info][gc,stats    ]   Rendezvous                         47 us
[14.209s][info][gc,stats    ]   Purge Unlinked                    607 us
[14.209s][info][gc,stats    ]     Code Roots                      601 us
[14.209s][info][gc,stats    ]     CLDG                              6 us
[14.209s][info][gc,stats    ]     Exception Caches                  0 us
[14.209s][info][gc,stats    ] Concurrent Strong Roots             140 us, parallelism: 0.60x
[14.209s][info][gc,stats    ]   CSR: <total>                       84 us
[14.209s][info][gc,stats    ]   CSR: VM Strong Roots                3 us, workers (us):   3, ---, ---, 
[14.209s][info][gc,stats    ]   CSR: CLDG Roots                    81 us, workers (us):  81, ---, ---, 
[14.209s][info][gc,stats    ] Concurrent Evacuation              6635 us
[14.209s][info][gc,stats    ] Pause Init Update Refs (G)          172 us
[14.209s][info][gc,stats    ] Pause Init Update Refs (N)           66 us
[14.209s][info][gc,stats    ]   Manage GCLABs                       4 us
[14.209s][info][gc,stats    ] Concurrent Update Refs            12782 us
[14.209s][info][gc,stats    ] Concurrent Update Thread Roots      540 us
[14.209s][info][gc,stats    ] Pause Final Update Refs (G)         224 us
[14.209s][info][gc,stats    ] Pause Final Update Refs (N)         142 us
[14.209s][info][gc,stats    ]   Update Region States               47 us
[14.209s][info][gc,stats    ]   Trash Collection Set                7 us
[14.209s][info][gc,stats    ]   Rebuild Free Set                   16 us
[14.209s][info][gc,stats    ] Concurrent Cleanup                   49 us
[14.209s][info][gc,stats    ] 
[14.210s][info][gc,stats    ] Allocation pacing accrued:
[14.210s][info][gc,stats    ]       0 of   769 ms (  0.0%): <total>
[14.210s][info][gc,stats    ]       0 of   769 ms (  0.0%): <average total>
[14.210s][info][gc,stats    ] 
[14.210s][info][gc,metaspace] Metaspace: 26625K(26816K)->26626K(26816K) NonClass: 23953K(24064K)->23953K(24064K) Class: 2672K(2752K)->2672K(2752K)
[14.210s][info][gc,ergo     ] Pacer for Idle. Initial: 20971K, Alloc Tax Rate: 1.0x
[14.519s][info][gc          ] Cancelling GC: Stopping VM
[14.536s][info][gc,heap,exit] Heap
[14.536s][info][gc,heap,exit] Shenandoah Heap
[14.536s][info][gc,heap,exit]  1024M max, 1024M soft max, 1024M committed, 112M used
[14.536s][info][gc,heap,exit]  2048 x 512K regions
[14.536s][info][gc,heap,exit] Status: cancelled
[14.536s][info][gc,heap,exit] Reserved region:
[14.536s][info][gc,heap,exit]  - [0x00000000c0000000, 0x0000000100000000) 
[14.536s][info][gc,heap,exit] Collection set:
[14.536s][info][gc,heap,exit]  - map (vanilla): 0x0000000000011800
[14.536s][info][gc,heap,exit]  - map (biased):  0x0000000000010000
[14.536s][info][gc,heap,exit] 
[14.536s][info][gc,heap,exit]  Metaspace       used 26643K, committed 26816K, reserved 1114112K
[14.536s][info][gc,heap,exit]   class space    used 2672K, committed 2752K, reserved 1048576K
[14.536s][info][gc,stats    ] 
[14.536s][info][gc,stats    ] GC STATISTICS:
[14.536s][info][gc,stats    ]   "(G)" (gross) pauses include VM time: time to notify and block threads, do the pre-
[14.536s][info][gc,stats    ]         and post-safepoint housekeeping. Use -Xlog:safepoint+stats to dissect.
[14.536s][info][gc,stats    ]   "(N)" (net) pauses are the times spent in the actual GC code.
[14.536s][info][gc,stats    ]   "a" is average time for each phase, look at levels to see if average makes sense.
[14.536s][info][gc,stats    ]   "lvls" are quantiles: 0% (minimum), 25%, 50% (median), 75%, 100% (maximum).
[14.536s][info][gc,stats    ] 
[14.536s][info][gc,stats    ]   All times are wall-clock times, except per-root-class counters, that are sum over
[14.536s][info][gc,stats    ]   all workers. Dividing the <total> over the root stage time estimates parallelism.
[14.536s][info][gc,stats    ] 
[14.536s][info][gc,stats    ]   Pacing delays are measured from entering the pacing code till exiting it. Therefore,
[14.536s][info][gc,stats    ]   observed pacing delays may be higher than the threshold when paced thread spent more
[14.536s][info][gc,stats    ]   time in the pacing code. It usually happens when thread is de-scheduled while paced,
[14.536s][info][gc,stats    ]   OS takes longer to unblock the thread, or JVM experiences an STW pause.
[14.536s][info][gc,stats    ] 
[14.536s][info][gc,stats    ]   Higher delay would prevent application outpacing the GC, but it will hide the GC latencies
[14.536s][info][gc,stats    ]   from the STW pause times. Pacing affects the individual threads, and so it would also be
[14.536s][info][gc,stats    ]   invisible to the usual profiling tools, but would add up to end-to-end application latency.
[14.536s][info][gc,stats    ]   Raise max pacing delay with care.
[14.536s][info][gc,stats    ] 
[14.536s][info][gc,stats    ] Concurrent Reset               =    0.011 s (a =      514 us) (n =    21) (lvls, us =      133,      348,      441,      637,      833)
[14.536s][info][gc,stats    ] Pause Init Mark (G)            =    0.008 s (a =      377 us) (n =    21) (lvls, us =      221,      268,      316,      387,      698)
[14.536s][info][gc,stats    ] Pause Init Mark (N)            =    0.004 s (a =      179 us) (n =    21) (lvls, us =      111,      117,      146,      174,      477)
[14.536s][info][gc,stats    ]   Update Region States         =    0.001 s (a =       57 us) (n =    21) (lvls, us =       38,       43,       52,       61,      102)
[14.536s][info][gc,stats    ] Concurrent Mark Roots          =    0.013 s (a =      622 us) (n =    21) (lvls, us =      416,      492,      568,      629,     1029)
[14.536s][info][gc,stats    ]   CMR: <total>                 =    0.010 s (a =      490 us) (n =    21) (lvls, us =      316,      355,      455,      490,      865)
[14.536s][info][gc,stats    ]   CMR: Thread Roots            =    0.009 s (a =      408 us) (n =    21) (lvls, us =      244,      277,      371,      424,      757)
[14.537s][info][gc,stats    ]   CMR: VM Strong Roots         =    0.000 s (a =       10 us) (n =    21) (lvls, us =        5,        6,        7,        9,       27)
[14.537s][info][gc,stats    ]   CMR: CLDG Roots              =    0.002 s (a =       72 us) (n =    21) (lvls, us =       52,       54,       62,       84,      136)
[14.537s][info][gc,stats    ] Concurrent Marking             =    0.304 s (a =    14495 us) (n =    21) (lvls, us =     3242,     8770,     9375,    19531,    25576)
[14.537s][info][gc,stats    ] Pause Final Mark (G)           =    0.008 s (a =      388 us) (n =    21) (lvls, us =      291,      322,      350,      389,      656)
[14.537s][info][gc,stats    ] Pause Final Mark (N)           =    0.006 s (a =      285 us) (n =    21) (lvls, us =      213,      250,      264,      293,      478)
[14.537s][info][gc,stats    ]   Finish Mark                  =    0.002 s (a =       85 us) (n =    21) (lvls, us =       52,       75,       78,       86,      136)
[14.537s][info][gc,stats    ]   Update Region States         =    0.001 s (a =       44 us) (n =    21) (lvls, us =       28,       31,       41,       44,      115)
[14.537s][info][gc,stats    ]   Choose Collection Set        =    0.001 s (a =       67 us) (n =    21) (lvls, us =       41,       50,       56,       82,      110)
[14.537s][info][gc,stats    ]   Rebuild Free Set             =    0.000 s (a =       10 us) (n =    21) (lvls, us =        8,        9,        9,        9,       18)
[14.537s][info][gc,stats    ] Concurrent Thread Roots        =    0.013 s (a =      596 us) (n =    21) (lvls, us =      357,      438,      559,      652,     1097)
[14.537s][info][gc,stats    ]   CTR: <total>                 =    0.010 s (a =      479 us) (n =    21) (lvls, us =      254,      291,      424,      504,      980)
[14.537s][info][gc,stats    ]   CTR: Thread Roots            =    0.010 s (a =      479 us) (n =    21) (lvls, us =      254,      291,      424,      504,      980)
[14.537s][info][gc,stats    ] Concurrent Weak References     =    0.007 s (a =      320 us) (n =    21) (lvls, us =      178,      207,      307,      348,      598)
[14.537s][info][gc,stats    ]   CWRF: <total>                =    0.004 s (a =      201 us) (n =    21) (lvls, us =       34,      104,      176,      244,      459)
[14.537s][info][gc,stats    ]   CWRF: Weak References        =    0.004 s (a =      201 us) (n =    21) (lvls, us =       34,      104,      176,      244,      459)
[14.537s][info][gc,stats    ] Concurrent Weak Roots          =    0.065 s (a =     3118 us) (n =    21) (lvls, us =      521,     2949,     3223,     3398,     4899)
[14.537s][info][gc,stats    ]   Roots                        =    0.061 s (a =     2925 us) (n =    21) (lvls, us =      410,     2578,     3047,     3203,     4707)
[14.537s][info][gc,stats    ]     CWR: <total>               =    0.059 s (a =     2825 us) (n =    21) (lvls, us =      346,     2520,     2949,     3125,     4636)
[14.537s][info][gc,stats    ]     CWR: Code Cache Roots      =    0.054 s (a =     2552 us) (n =    21) (lvls, us =      135,     2324,     2676,     2852,     4322)
[14.537s][info][gc,stats    ]     CWR: VM Weak Roots         =    0.006 s (a =      266 us) (n =    21) (lvls, us =      170,      184,      219,      250,      914)
[14.537s][info][gc,stats    ]     CWR: CLDG Roots            =    0.000 s (a =        7 us) (n =    21) (lvls, us =        2,        6,        7,        8,       12)
[14.537s][info][gc,stats    ]   Rendezvous                   =    0.002 s (a =      103 us) (n =    21) (lvls, us =       58,       69,       82,       98,      485)
[14.537s][info][gc,stats    ] Concurrent Cleanup             =    0.001 s (a =       65 us) (n =    21) (lvls, us =       28,       46,       57,       76,      120)
[14.537s][info][gc,stats    ] Concurrent Class Unloading     =    0.337 s (a =    16051 us) (n =    21) (lvls, us =     1484,    13672,    15625,    18750,    24015)
[14.537s][info][gc,stats    ]   Unlink Stale                 =    0.322 s (a =    15336 us) (n =    21) (lvls, us =     1270,    12891,    15039,    17969,    23068)
[14.537s][info][gc,stats    ]     System Dictionary          =    0.002 s (a =      106 us) (n =    21) (lvls, us =        7,        9,       13,      211,      318)
[14.537s][info][gc,stats    ]     Weak Class Links           =    0.049 s (a =     2355 us) (n =    21) (lvls, us =        0,        0,        0,     5176,     6083)
[14.537s][info][gc,stats    ]     Code Roots                 =    0.270 s (a =    12873 us) (n =    21) (lvls, us =      643,    10352,    13281,    15625,    17310)
[14.537s][info][gc,stats    ]   Rendezvous                   =    0.002 s (a =       81 us) (n =    21) (lvls, us =       46,       66,       73,       88,      157)
[14.537s][info][gc,stats    ]   Purge Unlinked               =    0.012 s (a =      548 us) (n =    21) (lvls, us =       99,      473,      564,      656,      725)
[14.537s][info][gc,stats    ]     Code Roots                 =    0.011 s (a =      506 us) (n =    21) (lvls, us =       60,      463,      529,      600,      662)
[14.537s][info][gc,stats    ]     CLDG                       =    0.001 s (a =       41 us) (n =    21) (lvls, us =        6,        7,       10,       71,      122)
[14.537s][info][gc,stats    ]     Exception Caches           =    0.000 s (a =        0 us) (n =    21) (lvls, us =        0,        0,        0,        0,        0)
[14.537s][info][gc,stats    ] Concurrent Strong Roots        =    0.005 s (a =      243 us) (n =    21) (lvls, us =      139,      176,      203,      232,      975)
[14.537s][info][gc,stats    ]   CSR: <total>                 =    0.003 s (a =      141 us) (n =    21) (lvls, us =       82,       87,       94,      104,      832)
[14.537s][info][gc,stats    ]   CSR: VM Strong Roots         =    0.000 s (a =        5 us) (n =    21) (lvls, us =        3,        3,        4,        5,       26)
[14.537s][info][gc,stats    ]   CSR: CLDG Roots              =    0.003 s (a =      135 us) (n =    21) (lvls, us =       78,       83,       90,       99,      806)
[14.537s][info][gc,stats    ] Concurrent Evacuation          =    0.074 s (a =     3514 us) (n =    21) (lvls, us =      406,      461,     1250,     5645,     7543)
[14.537s][info][gc,stats    ] Pause Init Update Refs (G)     =    0.004 s (a =      174 us) (n =    21) (lvls, us =      102,      133,      172,      188,      272)
[14.537s][info][gc,stats    ] Pause Init Update Refs (N)     =    0.001 s (a =       67 us) (n =    21) (lvls, us =       43,       55,       66,       70,      112)
[14.537s][info][gc,stats    ]   Manage GCLABs                =    0.000 s (a =        4 us) (n =    21) (lvls, us =        2,        3,        4,        4,        5)
[14.537s][info][gc,stats    ] Concurrent Update Refs         =    0.170 s (a =     8081 us) (n =    21) (lvls, us =     1270,     3926,     4551,    12109,    13675)
[14.537s][info][gc,stats    ] Concurrent Update Thread Roots =    0.012 s (a =      570 us) (n =    21) (lvls, us =      363,      438,      547,      648,      787)
[14.537s][info][gc,stats    ] Pause Final Update Refs (G)    =    0.005 s (a =      237 us) (n =    21) (lvls, us =      170,      201,      223,      246,      338)
[14.537s][info][gc,stats    ] Pause Final Update Refs (N)    =    0.003 s (a =      162 us) (n =    21) (lvls, us =      115,      127,      148,      174,      271)
[14.537s][info][gc,stats    ]   Update Region States         =    0.001 s (a =       59 us) (n =    21) (lvls, us =       34,       47,       57,       67,      101)
[14.537s][info][gc,stats    ]   Trash Collection Set         =    0.000 s (a =        6 us) (n =    21) (lvls, us =        2,        4,        5,        7,        9)
[14.537s][info][gc,stats    ]   Rebuild Free Set             =    0.000 s (a =       16 us) (n =    21) (lvls, us =        9,       12,       15,       18,       26)
[14.537s][info][gc,stats    ] Concurrent Cleanup             =    0.001 s (a =       65 us) (n =    21) (lvls, us =       44,       47,       53,       81,      112)
[14.537s][info][gc,stats    ] 
[14.537s][info][gc,stats    ] 
[14.537s][info][gc,stats    ] Under allocation pressure, concurrent cycles may cancel, and either continue cycle
[14.537s][info][gc,stats    ] under stop-the-world pause or result in stop-the-world Full GC. Increase heap size,
[14.537s][info][gc,stats    ] tune GC heuristics, set more aggressive pacing delay, or lower allocation rate
[14.537s][info][gc,stats    ] to avoid Degenerated and Full GC cycles.
[14.537s][info][gc,stats    ] 
[14.537s][info][gc,stats    ]    21 successful concurrent GCs
[14.537s][info][gc,stats    ]      10 invoked explicitly
[14.537s][info][gc,stats    ]       0 invoked implicitly
[14.537s][info][gc,stats    ] 
[14.537s][info][gc,stats    ]     0 Degenerated GCs
[14.537s][info][gc,stats    ]       0 caused by allocation failure
[14.537s][info][gc,stats    ]       0 upgraded to Full GC
[14.537s][info][gc,stats    ] 
[14.537s][info][gc,stats    ]     0 Full GCs
[14.537s][info][gc,stats    ]       0 invoked explicitly
[14.537s][info][gc,stats    ]       0 invoked implicitly
[14.537s][info][gc,stats    ]       0 caused by allocation failure
[14.537s][info][gc,stats    ]       0 upgraded from Degenerated GC
[14.537s][info][gc,stats    ] 
[14.537s][info][gc,stats    ] 
