[0.021s][info][gc] Using Parallel
[0.021s][info][gc,heap,coops] Heap address: 0x0000000700000000, size: 4096 MB, Compressed Oops mode: Zero based, Oop shift amount: 3
[2.561s][info][gc,start     ] GC(0) Pause Young (Metadata GC Threshold)
[2.565s][info][gc,heap      ] GC(0) PSYoungGen: 104858K->4858K(1223168K)
[2.566s][info][gc,heap      ] GC(0) PSOldGen: 0K->16K(2796544K)
[2.566s][info][gc,metaspace ] GC(0) Metaspace: 20782K(21296K)->20782K(21296K) NonClass: 18303K(18608K)->18303K(18608K) Class: 2478K(2688K)->2478K(2688K)
[2.566s][info][gc           ] GC(0) Pause Young (Metadata GC Threshold) 102M->4M(3925M) 4.588ms
[2.568s][info][gc,cpu       ] GC(0) User=0.08s Sys=0.02s Real=0.02s
[2.568s][info][gc,start     ] GC(1) Pause Full (Metadata GC Threshold)
[2.568s][info][gc,phases,start] GC(1) Phase 1: Mark live objects
[2.574s][info][gc,phases      ] GC(1) Phase 1: Mark live objects 5.423ms
[2.574s][info][gc,phases,start] GC(1) Phase 2: Compute new object addresses
[2.575s][info][gc,phases      ] GC(1) Phase 2: Compute new object addresses 1.214ms
[2.575s][info][gc,phases,start] GC(1) Phase 3: Adjust pointers
[2.578s][info][gc,phases      ] GC(1) Phase 3: Adjust pointers 3.060ms
[2.578s][info][gc,phases,start] GC(1) Phase 4: Move objects
[2.580s][info][gc,phases      ] GC(1) Phase 4: Move objects 1.559ms
[2.580s][info][gc,heap        ] GC(1) PSYoungGen: 4858K->0K(1223168K)
[2.581s][info][gc,heap        ] GC(1) PSOldGen: 16K->4734K(2796544K)
[2.581s][info][gc,metaspace   ] GC(1) Metaspace: 20782K(21296K)->20782K(21296K) NonClass: 18303K(18608K)->18303K(18608K) Class: 2478K(2688K)->2478K(2688K)
[2.581s][info][gc             ] GC(1) Pause Full (Metadata GC Threshold) 4M->4M(3925M) 12.407ms
[2.581s][info][gc,cpu         ] GC(1) User=0.02s Sys=0.00s Real=0.02s
[12.945s][info][gc,start       ] GC(2) Pause Young (Metadata GC Threshold)
[12.950s][info][gc,heap        ] GC(2) PSYoungGen: 104864K->15623K(1223168K)
[12.950s][info][gc,heap        ] GC(2) PSOldGen: 4734K->4806K(2796544K)
[12.950s][info][gc,metaspace   ] GC(2) Metaspace: 34468K(35376K)->34468K(35376K) NonClass: 30194K(30640K)->30194K(30640K) Class: 4273K(4736K)->4273K(4736K)
[12.950s][info][gc             ] GC(2) Pause Young (Metadata GC Threshold) 107M->19M(3925M) 5.159ms
[12.950s][info][gc,cpu         ] GC(2) User=0.00s Sys=0.00s Real=0.01s
[12.950s][info][gc,start       ] GC(3) Pause Full (Metadata GC Threshold)
[12.951s][info][gc,phases,start] GC(3) Phase 1: Mark live objects
[12.964s][info][gc,phases      ] GC(3) Phase 1: Mark live objects 13.057ms
[12.964s][info][gc,phases,start] GC(3) Phase 2: Compute new object addresses
[12.966s][info][gc,phases      ] GC(3) Phase 2: Compute new object addresses 2.094ms
[12.966s][info][gc,phases,start] GC(3) Phase 3: Adjust pointers
[12.971s][info][gc,phases      ] GC(3) Phase 3: Adjust pointers 5.613ms
[12.971s][info][gc,phases,start] GC(3) Phase 4: Move objects
[12.975s][info][gc,phases      ] GC(3) Phase 4: Move objects 3.673ms
[12.976s][info][gc,heap        ] GC(3) PSYoungGen: 15623K->0K(1223168K)
[12.976s][info][gc,heap        ] GC(3) PSOldGen: 4806K->20058K(2796544K)
[12.976s][info][gc,metaspace   ] GC(3) Metaspace: 34468K(35376K)->34452K(35376K) NonClass: 30194K(30640K)->30183K(30640K) Class: 4273K(4736K)->4269K(4736K)
[12.976s][info][gc             ] GC(3) Pause Full (Metadata GC Threshold) 19M->19M(3925M) 25.452ms
[12.976s][info][gc,cpu         ] GC(3) User=0.02s Sys=0.02s Real=0.02s
[14.459s][info][gc,start       ] GC(4) Pause Young (Metadata GC Threshold)
[14.463s][info][gc,heap        ] GC(4) PSYoungGen: 524290K->6283K(1223168K)
[14.463s][info][gc,heap        ] GC(4) PSOldGen: 20058K->20066K(2796544K)
[14.463s][info][gc,metaspace   ] GC(4) Metaspace: 57229K(58960K)->57229K(58960K) NonClass: 50056K(50864K)->50056K(50864K) Class: 7173K(8096K)->7173K(8096K)
[14.463s][info][gc             ] GC(4) Pause Young (Metadata GC Threshold) 531M->25M(3925M) 4.217ms
[14.463s][info][gc,cpu         ] GC(4) User=0.00s Sys=0.00s Real=0.00s
[14.463s][info][gc,start       ] GC(5) Pause Full (Metadata GC Threshold)
[14.463s][info][gc,phases,start] GC(5) Phase 1: Mark live objects
[14.488s][info][gc,phases      ] GC(5) Phase 1: Mark live objects 24.900ms
[14.488s][info][gc,phases,start] GC(5) Phase 2: Compute new object addresses
[14.491s][info][gc,phases      ] GC(5) Phase 2: Compute new object addresses 3.144ms
[14.491s][info][gc,phases,start] GC(5) Phase 3: Adjust pointers
[14.501s][info][gc,phases      ] GC(5) Phase 3: Adjust pointers 9.946ms
[14.501s][info][gc,phases,start] GC(5) Phase 4: Move objects
[14.504s][info][gc,phases      ] GC(5) Phase 4: Move objects 2.189ms
[14.504s][info][gc,heap        ] GC(5) PSYoungGen: 6283K->0K(1223168K)
[14.504s][info][gc,heap        ] GC(5) PSOldGen: 20066K->26138K(2796544K)
[14.504s][info][gc,metaspace   ] GC(5) Metaspace: 57229K(58960K)->57226K(58960K) NonClass: 50056K(50864K)->50054K(50864K) Class: 7173K(8096K)->7172K(8096K)
[14.504s][info][gc             ] GC(5) Pause Full (Metadata GC Threshold) 25M->25M(3925M) 41.626ms
[14.505s][info][gc,cpu         ] GC(5) User=0.05s Sys=0.00s Real=0.05s
[16.797s][info][gc,start       ] GC(6) Pause Young (System.gc())
[16.802s][info][gc,heap        ] GC(6) PSYoungGen: 238913K->8357K(1223168K)
[16.802s][info][gc,heap        ] GC(6) PSOldGen: 26138K->26146K(2796544K)
[16.802s][info][gc,metaspace   ] GC(6) Metaspace: 93975K(97360K)->93975K(97360K) NonClass: 81753K(83376K)->81753K(83376K) Class: 12222K(13984K)->12222K(13984K)
[16.802s][info][gc             ] GC(6) Pause Young (System.gc()) 258M->33M(3925M) 5.595ms
[16.802s][info][gc,cpu         ] GC(6) User=0.02s Sys=0.00s Real=0.01s
[16.802s][info][gc,start       ] GC(7) Pause Full (System.gc())
[16.803s][info][gc,phases,start] GC(7) Phase 1: Mark live objects
[16.837s][info][gc,phases      ] GC(7) Phase 1: Mark live objects 34.131ms
[16.837s][info][gc,phases,start] GC(7) Phase 2: Compute new object addresses
[16.842s][info][gc,phases      ] GC(7) Phase 2: Compute new object addresses 4.824ms
[16.842s][info][gc,phases,start] GC(7) Phase 3: Adjust pointers
[16.856s][info][gc,phases      ] GC(7) Phase 3: Adjust pointers 14.616ms
[16.857s][info][gc,phases,start] GC(7) Phase 4: Move objects
[16.864s][info][gc,phases      ] GC(7) Phase 4: Move objects 7.296ms
[16.865s][info][gc,heap        ] GC(7) PSYoungGen: 8357K->0K(1223168K)
[16.865s][info][gc,heap        ] GC(7) PSOldGen: 26146K->33323K(2796544K)
[16.865s][info][gc,metaspace   ] GC(7) Metaspace: 93975K(97360K)->93975K(97360K) NonClass: 81753K(83376K)->81753K(83376K) Class: 12222K(13984K)->12222K(13984K)
[16.865s][info][gc             ] GC(7) Pause Full (System.gc()) 33M->32M(3925M) 62.163ms
[16.865s][info][gc,cpu         ] GC(7) User=0.06s Sys=0.00s Real=0.06s
[19.357s][info][gc,start       ] GC(8) Pause Young (Allocation Failure)
[19.368s][info][gc,heap        ] GC(8) PSYoungGen: 1045114K->37033K(1223168K)
[19.368s][info][gc,heap        ] GC(8) PSOldGen: 33323K->33339K(2796544K)
[19.368s][info][gc,metaspace   ] GC(8) Metaspace: 128306K(135248K)->128306K(135248K) NonClass: 110266K(113584K)->110266K(113584K) Class: 18039K(21664K)->18039K(21664K)
[19.368s][info][gc             ] GC(8) Pause Young (Allocation Failure) 1053M->68M(3925M) 10.247ms
[19.368s][info][gc,cpu         ] GC(8) User=0.06s Sys=0.03s Real=0.01s
[19.534s][info][gc,start       ] GC(9) Pause Young (Allocation Failure)
[19.544s][info][gc,heap        ] GC(9) PSYoungGen: 1085609K->49852K(1347584K)
[19.544s][info][gc,heap        ] GC(9) PSOldGen: 33339K->33347K(2796544K)
[19.544s][info][gc,metaspace   ] GC(9) Metaspace: 128898K(135888K)->128898K(135888K) NonClass: 110731K(114096K)->110731K(114096K) Class: 18167K(21792K)->18167K(21792K)
[19.544s][info][gc             ] GC(9) Pause Young (Allocation Failure) 1092M->81M(4047M) 9.499ms
[19.544s][info][gc,cpu         ] GC(9) User=0.00s Sys=0.00s Real=0.01s
[19.732s][info][gc,start       ] GC(10) Pause Young (Allocation Failure)
[19.743s][info][gc,heap        ] GC(10) PSYoungGen: 1222844K->50160K(1223168K)
[19.743s][info][gc,heap        ] GC(10) PSOldGen: 33347K->57317K(2796544K)
[19.743s][info][gc,metaspace   ] GC(10) Metaspace: 129284K(136528K)->129284K(136528K) NonClass: 111029K(114608K)->111029K(114608K) Class: 18254K(21920K)->18254K(21920K)
[19.743s][info][gc             ] GC(10) Pause Young (Allocation Failure) 1226M->104M(3925M) 11.758ms
[19.743s][info][gc,cpu         ] GC(10) User=0.06s Sys=0.03s Real=0.01s
[22.014s][info][gc,start       ] GC(11) Pause Young (Metadata GC Threshold)
[22.027s][info][gc,heap        ] GC(11) PSYoungGen: 1158774K->64281K(1303040K)
[22.027s][info][gc,heap        ] GC(11) PSOldGen: 57317K->57325K(2796544K)
[22.027s][info][gc,metaspace   ] GC(11) Metaspace: 152239K(162236K)->152239K(162236K) NonClass: 131156K(136112K)->131156K(136112K) Class: 21082K(26124K)->21082K(26124K)
[22.027s][info][gc             ] GC(11) Pause Young (Metadata GC Threshold) 1187M->118M(4003M) 13.538ms
[22.027s][info][gc,cpu         ] GC(11) User=0.02s Sys=0.05s Real=0.02s
[22.027s][info][gc,start       ] GC(12) Pause Full (Metadata GC Threshold)
[22.028s][info][gc,phases,start] GC(12) Phase 1: Mark live objects
[22.106s][info][gc,phases      ] GC(12) Phase 1: Mark live objects 77.961ms
[22.106s][info][gc,phases,start] GC(12) Phase 2: Compute new object addresses
[22.113s][info][gc,phases      ] GC(12) Phase 2: Compute new object addresses 7.222ms
[22.113s][info][gc,phases,start] GC(12) Phase 3: Adjust pointers
[22.140s][info][gc,phases      ] GC(12) Phase 3: Adjust pointers 26.934ms
[22.140s][info][gc,phases,start] GC(12) Phase 4: Move objects
[22.152s][info][gc,phases      ] GC(12) Phase 4: Move objects 12.419ms
[22.157s][info][gc,heap        ] GC(12) PSYoungGen: 64281K->0K(1303040K)
[22.157s][info][gc,heap        ] GC(12) PSOldGen: 57325K->120826K(2796544K)
[22.157s][info][gc,metaspace   ] GC(12) Metaspace: 152239K(162236K)->146288K(162236K) NonClass: 131156K(136112K)->127350K(136112K) Class: 21082K(26124K)->18938K(26124K)
[22.157s][info][gc             ] GC(12) Pause Full (Metadata GC Threshold) 118M->117M(4003M) 129.705ms
[22.157s][info][gc,cpu         ] GC(12) User=0.11s Sys=0.02s Real=0.13s
[23.142s][info][gc,start       ] GC(13) Pause Young (Allocation Failure)
[23.153s][info][gc,heap        ] GC(13) PSYoungGen: 1229824K->62114K(1292288K)
[23.153s][info][gc,heap        ] GC(13) PSOldGen: 120826K->120834K(2796544K)
[23.153s][info][gc,metaspace   ] GC(13) Metaspace: 160382K(175804K)->160382K(175804K) NonClass: 140217K(148656K)->140217K(148656K) Class: 20164K(27148K)->20164K(27148K)
[23.153s][info][gc             ] GC(13) Pause Young (Allocation Failure) 1318M->178M(3993M) 11.577ms
[23.153s][info][gc,cpu         ] GC(13) User=0.00s Sys=0.00s Real=0.01s
[25.567s][info][gc,start       ] GC(14) Pause Young (System.gc())
[25.573s][info][gc,heap        ] GC(14) PSYoungGen: 1286353K->8301K(1308160K)
[25.573s][info][gc,heap        ] GC(14) PSOldGen: 120834K->120842K(2796544K)
[25.573s][info][gc,metaspace   ] GC(14) Metaspace: 164058K(178492K)->164058K(178492K) NonClass: 143536K(151216K)->143536K(151216K) Class: 20522K(27276K)->20522K(27276K)
[25.573s][info][gc             ] GC(14) Pause Young (System.gc()) 1374M->126M(4008M) 5.757ms
[25.573s][info][gc,cpu         ] GC(14) User=0.00s Sys=0.00s Real=0.01s
[25.573s][info][gc,start       ] GC(15) Pause Full (System.gc())
[25.575s][info][gc,phases,start] GC(15) Phase 1: Mark live objects
[25.660s][info][gc,phases      ] GC(15) Phase 1: Mark live objects 84.650ms
[25.660s][info][gc,phases,start] GC(15) Phase 2: Compute new object addresses
[25.668s][info][gc,phases      ] GC(15) Phase 2: Compute new object addresses 7.821ms
[25.668s][info][gc,phases,start] GC(15) Phase 3: Adjust pointers
[25.699s][info][gc,phases      ] GC(15) Phase 3: Adjust pointers 30.782ms
[25.699s][info][gc,phases,start] GC(15) Phase 4: Move objects
[25.701s][info][gc,phases      ] GC(15) Phase 4: Move objects 2.202ms
[25.702s][info][gc,heap        ] GC(15) PSYoungGen: 8301K->0K(1308160K)
[25.702s][info][gc,heap        ] GC(15) PSOldGen: 120842K->128610K(2796544K)
[25.702s][info][gc,metaspace   ] GC(15) Metaspace: 164058K(178492K)->163739K(178492K) NonClass: 143536K(151216K)->143330K(151216K) Class: 20522K(27276K)->20409K(27276K)
[25.702s][info][gc             ] GC(15) Pause Full (System.gc()) 126M->125M(4008M) 129.325ms
[25.703s][info][gc,cpu         ] GC(15) User=0.12s Sys=0.02s Real=0.11s
[26.103s][info][gc,start       ] GC(16) Pause Young (Allocation Failure)
[26.109s][info][gc,heap        ] GC(16) PSYoungGen: 1218048K->27774K(1307648K)
[26.109s][info][gc,heap        ] GC(16) PSOldGen: 128610K->128618K(2796544K)
[26.109s][info][gc,metaspace   ] GC(16) Metaspace: 164084K(178748K)->164084K(178748K) NonClass: 143670K(151472K)->143670K(151472K) Class: 20413K(27276K)->20413K(27276K)
[26.109s][info][gc             ] GC(16) Pause Young (Allocation Failure) 1315M->152M(4008M) 5.920ms
[26.109s][info][gc,cpu         ] GC(16) User=0.00s Sys=0.00s Real=0.00s
[26.758s][info][gc,start       ] GC(17) Pause Young (Allocation Failure)
[26.769s][info][gc,heap        ] GC(17) PSYoungGen: 1245822K->49536K(1311232K)
[26.769s][info][gc,heap        ] GC(17) PSOldGen: 128618K->146008K(2796544K)
[26.769s][info][gc,metaspace   ] GC(17) Metaspace: 164435K(179004K)->164435K(179004K) NonClass: 144021K(151728K)->144021K(151728K) Class: 20413K(27276K)->20413K(27276K)
[26.769s][info][gc             ] GC(17) Pause Young (Allocation Failure) 1342M->190M(4011M) 11.230ms
[26.769s][info][gc,cpu         ] GC(17) User=0.09s Sys=0.00s Real=0.02s
[27.766s][info][gc,start       ] GC(18) Pause Young (System.gc())
[27.768s][info][gc,heap        ] GC(18) PSYoungGen: 661930K->3388K(1230336K)
[27.768s][info][gc,heap        ] GC(18) PSOldGen: 146008K->147166K(2796544K)
[27.768s][info][gc,metaspace   ] GC(18) Metaspace: 165052K(179516K)->165052K(179516K) NonClass: 144635K(152240K)->144635K(152240K) Class: 20416K(27276K)->20416K(27276K)
[27.768s][info][gc             ] GC(18) Pause Young (System.gc()) 789M->147M(3932M) 2.905ms
[27.769s][info][gc,cpu         ] GC(18) User=0.05s Sys=0.00s Real=0.01s
[27.769s][info][gc,start       ] GC(19) Pause Full (System.gc())
[27.771s][info][gc,phases,start] GC(19) Phase 1: Mark live objects
[27.859s][info][gc,phases      ] GC(19) Phase 1: Mark live objects 88.212ms
[27.859s][info][gc,phases,start] GC(19) Phase 2: Compute new object addresses
[27.867s][info][gc,phases      ] GC(19) Phase 2: Compute new object addresses 8.091ms
[27.867s][info][gc,phases,start] GC(19) Phase 3: Adjust pointers
[27.899s][info][gc,phases      ] GC(19) Phase 3: Adjust pointers 32.195ms
[27.899s][info][gc,phases,start] GC(19) Phase 4: Move objects
[27.900s][info][gc,phases      ] GC(19) Phase 4: Move objects 0.796ms
[27.901s][info][gc,heap        ] GC(19) PSYoungGen: 3388K->0K(1230336K)
[27.901s][info][gc,heap        ] GC(19) PSOldGen: 147166K->150324K(2796544K)
[27.901s][info][gc,metaspace   ] GC(19) Metaspace: 165052K(179516K)->165050K(179516K) NonClass: 144635K(152240K)->144633K(152240K) Class: 20416K(27276K)->20416K(27276K)
[27.901s][info][gc             ] GC(19) Pause Full (System.gc()) 147M->146M(3932M) 132.689ms
[27.901s][info][gc,cpu         ] GC(19) User=0.14s Sys=0.00s Real=0.13s
[28.208s][info][gc,start       ] GC(20) Pause Young (Allocation Failure)
[28.213s][info][gc,heap        ] GC(20) PSYoungGen: 1226752K->27513K(1316864K)
[28.213s][info][gc,heap        ] GC(20) PSOldGen: 150324K->150332K(2796544K)
[28.213s][info][gc,metaspace   ] GC(20) Metaspace: 165249K(179772K)->165249K(179772K) NonClass: 144833K(152496K)->144833K(152496K) Class: 20416K(27276K)->20416K(27276K)
[28.213s][info][gc             ] GC(20) Pause Young (Allocation Failure) 1344M->173M(4017M) 5.648ms
[28.213s][info][gc,cpu         ] GC(20) User=0.00s Sys=0.00s Real=0.00s
[28.935s][info][gc,start       ] GC(21) Pause Young (Allocation Failure)
[28.945s][info][gc,heap        ] GC(21) PSYoungGen: 1258119K->46697K(1311744K)
[28.945s][info][gc,heap        ] GC(21) PSOldGen: 150332K->170731K(2796544K)
[28.945s][info][gc,metaspace   ] GC(21) Metaspace: 165480K(179772K)->165480K(179772K) NonClass: 145063K(152496K)->145063K(152496K) Class: 20416K(27276K)->20416K(27276K)
[28.945s][info][gc             ] GC(21) Pause Young (Allocation Failure) 1375M->212M(4012M) 10.357ms
[28.945s][info][gc,cpu         ] GC(21) User=0.06s Sys=0.03s Real=0.01s
[29.745s][info][gc,start       ] GC(22) Pause Young (System.gc())
[29.747s][info][gc,heap        ] GC(22) PSYoungGen: 564236K->2801K(1315840K)
[29.747s][info][gc,heap        ] GC(22) PSOldGen: 170731K->172241K(2796544K)
[29.747s][info][gc,metaspace   ] GC(22) Metaspace: 166209K(180284K)->166209K(180284K) NonClass: 145757K(153008K)->145757K(153008K) Class: 20451K(27276K)->20451K(27276K)
[29.747s][info][gc             ] GC(22) Pause Young (System.gc()) 717M->170M(4016M) 2.739ms
[29.747s][info][gc,cpu         ] GC(22) User=0.00s Sys=0.00s Real=0.01s
[29.747s][info][gc,start       ] GC(23) Pause Full (System.gc())
[29.749s][info][gc,phases,start] GC(23) Phase 1: Mark live objects
[29.840s][info][gc,phases      ] GC(23) Phase 1: Mark live objects 90.641ms
[29.840s][info][gc,phases,start] GC(23) Phase 2: Compute new object addresses
[29.848s][info][gc,phases      ] GC(23) Phase 2: Compute new object addresses 8.351ms
[29.848s][info][gc,phases,start] GC(23) Phase 3: Adjust pointers
[29.883s][info][gc,phases      ] GC(23) Phase 3: Adjust pointers 34.626ms
[29.883s][info][gc,phases,start] GC(23) Phase 4: Move objects
[29.901s][info][gc,phases      ] GC(23) Phase 4: Move objects 18.001ms
[29.902s][info][gc,heap        ] GC(23) PSYoungGen: 2801K->0K(1315840K)
[29.902s][info][gc,heap        ] GC(23) PSOldGen: 172241K->120383K(2796544K)
[29.902s][info][gc,metaspace   ] GC(23) Metaspace: 166209K(180284K)->166205K(180284K) NonClass: 145757K(153008K)->145754K(153008K) Class: 20451K(27276K)->20450K(27276K)
[29.902s][info][gc             ] GC(23) Pause Full (System.gc()) 170M->117M(4016M) 154.422ms
[29.902s][info][gc,cpu         ] GC(23) User=0.16s Sys=0.00s Real=0.15s
[30.195s][info][gc,start       ] GC(24) Pause Young (Allocation Failure)
[30.201s][info][gc,heap        ] GC(24) PSYoungGen: 1233920K->30435K(1315840K)
[30.201s][info][gc,heap        ] GC(24) PSOldGen: 120383K->120391K(2796544K)
[30.201s][info][gc,metaspace   ] GC(24) Metaspace: 166346K(180540K)->166346K(180540K) NonClass: 145895K(153264K)->145895K(153264K) Class: 20450K(27276K)->20450K(27276K)
[30.201s][info][gc             ] GC(24) Pause Young (Allocation Failure) 1322M->147M(4016M) 6.141ms
[30.201s][info][gc,cpu         ] GC(24) User=0.00s Sys=0.00s Real=0.00s
[30.919s][info][gc,start       ] GC(25) Pause Young (Allocation Failure)
[30.930s][info][gc,heap        ] GC(25) PSYoungGen: 1264355K->44697K(1319424K)
[30.930s][info][gc,heap        ] GC(25) PSOldGen: 120391K->142820K(2796544K)
[30.930s][info][gc,metaspace   ] GC(25) Metaspace: 166425K(180540K)->166425K(180540K) NonClass: 145974K(153264K)->145974K(153264K) Class: 20450K(27276K)->20450K(27276K)
[30.930s][info][gc             ] GC(25) Pause Young (Allocation Failure) 1352M->183M(4019M) 10.627ms
[30.930s][info][gc,cpu         ] GC(25) User=0.08s Sys=0.02s Real=0.01s
[31.625s][info][gc,start       ] GC(26) Pause Young (System.gc())
[31.628s][info][gc,heap        ] GC(26) PSYoungGen: 509748K->2535K(1244672K)
[31.628s][info][gc,heap        ] GC(26) PSOldGen: 142820K->144349K(2796544K)
[31.628s][info][gc,metaspace   ] GC(26) Metaspace: 166695K(180796K)->166695K(180796K) NonClass: 146242K(153520K)->146242K(153520K) Class: 20452K(27276K)->20452K(27276K)
[31.628s][info][gc             ] GC(26) Pause Young (System.gc()) 637M->143M(3946M) 2.479ms
[31.628s][info][gc,cpu         ] GC(26) User=0.00s Sys=0.00s Real=0.00s
[31.628s][info][gc,start       ] GC(27) Pause Full (System.gc())
[31.630s][info][gc,phases,start] GC(27) Phase 1: Mark live objects
[31.697s][info][gc,phases      ] GC(27) Phase 1: Mark live objects 67.727ms
[31.697s][info][gc,phases,start] GC(27) Phase 2: Compute new object addresses
[31.705s][info][gc,phases      ] GC(27) Phase 2: Compute new object addresses 8.084ms
[31.706s][info][gc,phases,start] GC(27) Phase 3: Adjust pointers
[31.740s][info][gc,phases      ] GC(27) Phase 3: Adjust pointers 34.152ms
[31.740s][info][gc,phases,start] GC(27) Phase 4: Move objects
[31.740s][info][gc,phases      ] GC(27) Phase 4: Move objects 0.369ms
[31.741s][info][gc,heap        ] GC(27) PSYoungGen: 2535K->0K(1244672K)
[31.741s][info][gc,heap        ] GC(27) PSOldGen: 144349K->146784K(2796544K)
[31.741s][info][gc,metaspace   ] GC(27) Metaspace: 166695K(180796K)->166695K(180796K) NonClass: 146242K(153520K)->146242K(153520K) Class: 20452K(27276K)->20452K(27276K)
[31.741s][info][gc             ] GC(27) Pause Full (System.gc()) 143M->143M(3946M) 113.086ms
[31.741s][info][gc,cpu         ] GC(27) User=0.11s Sys=0.00s Real=0.11s
[32.016s][info][gc,start       ] GC(28) Pause Young (Allocation Failure)
[32.022s][info][gc,heap        ] GC(28) PSYoungGen: 1242112K->31621K(1323008K)
[32.022s][info][gc,heap        ] GC(28) PSOldGen: 146784K->146784K(2796544K)
[32.022s][info][gc,metaspace   ] GC(28) Metaspace: 166859K(180796K)->166859K(180796K) NonClass: 146407K(153520K)->146407K(153520K) Class: 20452K(27276K)->20452K(27276K)
[32.022s][info][gc             ] GC(28) Pause Young (Allocation Failure) 1356M->174M(4023M) 6.564ms
[32.022s][info][gc,cpu         ] GC(28) User=0.03s Sys=0.00s Real=0.01s
[32.770s][info][gc,start       ] GC(29) Pause Young (Allocation Failure)
[32.781s][info][gc,heap        ] GC(29) PSYoungGen: 1276293K->45654K(1319424K)
[32.781s][info][gc,heap        ] GC(29) PSOldGen: 146784K->169207K(2796544K)
[32.781s][info][gc,metaspace   ] GC(29) Metaspace: 167056K(181052K)->167056K(181052K) NonClass: 146562K(153776K)->146562K(153776K) Class: 20493K(27276K)->20493K(27276K)
[32.781s][info][gc             ] GC(29) Pause Young (Allocation Failure) 1389M->209M(4019M) 10.335ms
[32.781s][info][gc,cpu         ] GC(29) User=0.00s Sys=0.00s Real=0.02s
[33.459s][info][gc,start       ] GC(30) Pause Young (System.gc())
[33.462s][info][gc,heap        ] GC(30) PSYoungGen: 500142K->2432K(1321472K)
[33.462s][info][gc,heap        ] GC(30) PSOldGen: 169207K->170914K(2796544K)
[33.462s][info][gc,metaspace   ] GC(30) Metaspace: 167251K(181052K)->167251K(181052K) NonClass: 146757K(153776K)->146757K(153776K) Class: 20493K(27276K)->20493K(27276K)
[33.462s][info][gc             ] GC(30) Pause Young (System.gc()) 653M->169M(4021M) 2.719ms
[33.462s][info][gc,cpu         ] GC(30) User=0.00s Sys=0.00s Real=0.00s
[33.462s][info][gc,start       ] GC(31) Pause Full (System.gc())
[33.464s][info][gc,phases,start] GC(31) Phase 1: Mark live objects
[33.532s][info][gc,phases      ] GC(31) Phase 1: Mark live objects 68.034ms
[33.532s][info][gc,phases,start] GC(31) Phase 2: Compute new object addresses
[33.540s][info][gc,phases      ] GC(31) Phase 2: Compute new object addresses 8.159ms
[33.540s][info][gc,phases,start] GC(31) Phase 3: Adjust pointers
[33.575s][info][gc,phases      ] GC(31) Phase 3: Adjust pointers 35.044ms
[33.575s][info][gc,phases,start] GC(31) Phase 4: Move objects
[33.576s][info][gc,phases      ] GC(31) Phase 4: Move objects 0.457ms
[33.576s][info][gc,heap        ] GC(31) PSYoungGen: 2432K->0K(1321472K)
[33.576s][info][gc,heap        ] GC(31) PSOldGen: 170914K->173227K(2796544K)
[33.576s][info][gc,metaspace   ] GC(31) Metaspace: 167251K(181052K)->167251K(181052K) NonClass: 146757K(153776K)->146757K(153776K) Class: 20493K(27276K)->20493K(27276K)
[33.576s][info][gc             ] GC(31) Pause Full (System.gc()) 169M->169M(4021M) 114.496ms
[33.576s][info][gc,cpu         ] GC(31) User=0.11s Sys=0.00s Real=0.12s
[33.851s][info][gc,start       ] GC(32) Pause Young (Allocation Failure)
[33.857s][info][gc,heap        ] GC(32) PSYoungGen: 1245184K->28568K(1321472K)
[33.857s][info][gc,heap        ] GC(32) PSOldGen: 173227K->173235K(2796544K)
[33.857s][info][gc,metaspace   ] GC(32) Metaspace: 167376K(181308K)->167376K(181308K) NonClass: 146882K(154032K)->146882K(154032K) Class: 20493K(27276K)->20493K(27276K)
[33.857s][info][gc             ] GC(32) Pause Young (Allocation Failure) 1385M->197M(4021M) 5.569ms
[33.857s][info][gc,cpu         ] GC(32) User=0.00s Sys=0.00s Real=0.00s
[34.602s][info][gc,start       ] GC(33) Pause Young (Allocation Failure)
[34.613s][info][gc,heap        ] GC(33) PSYoungGen: 1273752K->43118K(1323520K)
[34.613s][info][gc,heap        ] GC(33) PSOldGen: 173235K->197685K(2796544K)
[34.613s][info][gc,metaspace   ] GC(33) Metaspace: 167475K(181308K)->167475K(181308K) NonClass: 146981K(154032K)->146981K(154032K) Class: 20493K(27276K)->20493K(27276K)
[34.613s][info][gc             ] GC(33) Pause Young (Allocation Failure) 1413M->235M(4023M) 10.899ms
[34.613s][info][gc,cpu         ] GC(33) User=0.08s Sys=0.02s Real=0.02s
[35.232s][info][gc,start       ] GC(34) Pause Young (System.gc())
[35.235s][info][gc,heap        ] GC(34) PSYoungGen: 456866K->2333K(1253888K)
[35.235s][info][gc,heap        ] GC(34) PSOldGen: 197685K->199315K(2796544K)
[35.235s][info][gc,metaspace   ] GC(34) Metaspace: 167628K(181308K)->167628K(181308K) NonClass: 147134K(154032K)->147134K(154032K) Class: 20493K(27276K)->20493K(27276K)
[35.235s][info][gc             ] GC(34) Pause Young (System.gc()) 639M->196M(3955M) 2.381ms
[35.235s][info][gc,cpu         ] GC(34) User=0.00s Sys=0.00s Real=0.00s
[35.235s][info][gc,start       ] GC(35) Pause Full (System.gc())
[35.237s][info][gc,phases,start] GC(35) Phase 1: Mark live objects
[35.306s][info][gc,phases      ] GC(35) Phase 1: Mark live objects 69.003ms
[35.306s][info][gc,phases,start] GC(35) Phase 2: Compute new object addresses
[35.314s][info][gc,phases      ] GC(35) Phase 2: Compute new object addresses 8.295ms
[35.314s][info][gc,phases,start] GC(35) Phase 3: Adjust pointers
[35.350s][info][gc,phases      ] GC(35) Phase 3: Adjust pointers 35.824ms
[35.350s][info][gc,phases,start] GC(35) Phase 4: Move objects
[35.350s][info][gc,phases      ] GC(35) Phase 4: Move objects 0.558ms
[35.351s][info][gc,heap        ] GC(35) PSYoungGen: 2333K->0K(1253888K)
[35.351s][info][gc,heap        ] GC(35) PSOldGen: 199315K->201514K(2796544K)
[35.351s][info][gc,metaspace   ] GC(35) Metaspace: 167628K(181308K)->167628K(181308K) NonClass: 147134K(154032K)->147134K(154032K) Class: 20493K(27276K)->20493K(27276K)
[35.351s][info][gc             ] GC(35) Pause Full (System.gc()) 196M->196M(3955M) 116.497ms
[35.351s][info][gc,cpu         ] GC(35) User=0.11s Sys=0.02s Real=0.12s
[35.619s][info][gc,start       ] GC(36) Pause Young (Allocation Failure)
[35.625s][info][gc,heap        ] GC(36) PSYoungGen: 1251328K->30264K(1327616K)
[35.625s][info][gc,heap        ] GC(36) PSOldGen: 201514K->201514K(2796544K)
[35.625s][info][gc,metaspace   ] GC(36) Metaspace: 167683K(181564K)->167683K(181564K) NonClass: 147190K(154288K)->147190K(154288K) Class: 20493K(27276K)->20493K(27276K)
[35.625s][info][gc             ] GC(36) Pause Young (Allocation Failure) 1418M->226M(4027M) 6.000ms
[35.625s][info][gc,cpu         ] GC(36) User=0.00s Sys=0.00s Real=0.01s
[36.388s][info][gc,start       ] GC(37) Pause Young (Allocation Failure)
[36.399s][info][gc,heap        ] GC(37) PSYoungGen: 1280360K->43072K(1324032K)
[36.399s][info][gc,heap        ] GC(37) PSOldGen: 201514K->225947K(2796544K)
[36.399s][info][gc,metaspace   ] GC(37) Metaspace: 167724K(181564K)->167724K(181564K) NonClass: 147230K(154288K)->147230K(154288K) Class: 20493K(27276K)->20493K(27276K)
[36.399s][info][gc             ] GC(37) Pause Young (Allocation Failure) 1447M->262M(4024M) 11.632ms
[36.399s][info][gc,cpu         ] GC(37) User=0.06s Sys=0.02s Real=0.01s
[36.991s][info][gc,start       ] GC(38) Pause Young (System.gc())
[36.993s][info][gc,heap        ] GC(38) PSYoungGen: 432243K->2162K(1325568K)
[36.993s][info][gc,heap        ] GC(38) PSOldGen: 225947K->227732K(2796544K)
[36.993s][info][gc,metaspace   ] GC(38) Metaspace: 167882K(181564K)->167882K(181564K) NonClass: 147388K(154288K)->147388K(154288K) Class: 20493K(27276K)->20493K(27276K)
[36.993s][info][gc             ] GC(38) Pause Young (System.gc()) 642M->224M(4025M) 2.722ms
[36.993s][info][gc,cpu         ] GC(38) User=0.00s Sys=0.00s Real=0.01s
[36.993s][info][gc,start       ] GC(39) Pause Full (System.gc())
[36.996s][info][gc,phases,start] GC(39) Phase 1: Mark live objects
[37.066s][info][gc,phases      ] GC(39) Phase 1: Mark live objects 70.374ms
[37.066s][info][gc,phases,start] GC(39) Phase 2: Compute new object addresses
[37.075s][info][gc,phases      ] GC(39) Phase 2: Compute new object addresses 8.409ms
[37.075s][info][gc,phases,start] GC(39) Phase 3: Adjust pointers
[37.112s][info][gc,phases      ] GC(39) Phase 3: Adjust pointers 37.249ms
[37.112s][info][gc,phases,start] GC(39) Phase 4: Move objects
[37.126s][info][gc,phases      ] GC(39) Phase 4: Move objects 13.857ms
[37.127s][info][gc,heap        ] GC(39) PSYoungGen: 2162K->0K(1325568K)
[37.127s][info][gc,heap        ] GC(39) PSOldGen: 227732K->121452K(2796544K)
[37.127s][info][gc,metaspace   ] GC(39) Metaspace: 167882K(181564K)->167882K(181564K) NonClass: 147388K(154288K)->147388K(154288K) Class: 20493K(27276K)->20493K(27276K)
[37.127s][info][gc             ] GC(39) Pause Full (System.gc()) 224M->118M(4025M) 133.641ms
[37.127s][info][gc,cpu         ] GC(39) User=0.14s Sys=0.00s Real=0.12s
[37.401s][info][gc,start       ] GC(40) Pause Young (Allocation Failure)
[37.407s][info][gc,heap        ] GC(40) PSYoungGen: 1253376K->32071K(1325568K)
[37.407s][info][gc,heap        ] GC(40) PSOldGen: 121452K->121452K(2796544K)
[37.407s][info][gc,metaspace   ] GC(40) Metaspace: 167963K(181564K)->167963K(181564K) NonClass: 147469K(154288K)->147469K(154288K) Class: 20493K(27276K)->20493K(27276K)
[37.407s][info][gc             ] GC(40) Pause Young (Allocation Failure) 1342M->149M(4025M) 6.222ms
[37.407s][info][gc,cpu         ] GC(40) User=0.05s Sys=0.00s Real=0.01s
[38.210s][info][gc,start       ] GC(41) Pause Young (Allocation Failure)
[38.221s][info][gc,heap        ] GC(41) PSYoungGen: 1285447K->45211K(1321984K)
[38.221s][info][gc,heap        ] GC(41) PSOldGen: 121452K->144882K(2796544K)
[38.221s][info][gc,metaspace   ] GC(41) Metaspace: 168046K(181820K)->168046K(181820K) NonClass: 147551K(154544K)->147551K(154544K) Class: 20494K(27276K)->20494K(27276K)
[38.221s][info][gc             ] GC(41) Pause Young (Allocation Failure) 1373M->185M(4022M) 10.869ms
[38.221s][info][gc,cpu         ] GC(41) User=0.09s Sys=0.00s Real=0.02s
[38.767s][info][gc,start       ] GC(42) Pause Young (System.gc())
[38.770s][info][gc,heap        ] GC(42) PSYoungGen: 430687K->2107K(1325056K)
[38.770s][info][gc,heap        ] GC(42) PSOldGen: 144882K->146675K(2796544K)
[38.770s][info][gc,metaspace   ] GC(42) Metaspace: 168142K(181820K)->168142K(181820K) NonClass: 147647K(154544K)->147647K(154544K) Class: 20495K(27276K)->20495K(27276K)
[38.770s][info][gc             ] GC(42) Pause Young (System.gc()) 562M->145M(4025M) 2.759ms
[38.770s][info][gc,cpu         ] GC(42) User=0.00s Sys=0.00s Real=0.01s
[38.770s][info][gc,start       ] GC(43) Pause Full (System.gc())
[38.772s][info][gc,phases,start] GC(43) Phase 1: Mark live objects
[38.841s][info][gc,phases      ] GC(43) Phase 1: Mark live objects 68.871ms
[38.841s][info][gc,phases,start] GC(43) Phase 2: Compute new object addresses
[38.849s][info][gc,phases      ] GC(43) Phase 2: Compute new object addresses 8.426ms
[38.849s][info][gc,phases,start] GC(43) Phase 3: Adjust pointers
[38.885s][info][gc,phases      ] GC(43) Phase 3: Adjust pointers 36.171ms
[38.885s][info][gc,phases,start] GC(43) Phase 4: Move objects
[38.886s][info][gc,phases      ] GC(43) Phase 4: Move objects 0.327ms
[38.887s][info][gc,heap        ] GC(43) PSYoungGen: 2107K->0K(1325056K)
[38.887s][info][gc,heap        ] GC(43) PSOldGen: 146675K->148669K(2796544K)
[38.887s][info][gc,metaspace   ] GC(43) Metaspace: 168142K(181820K)->168142K(181820K) NonClass: 147647K(154544K)->147647K(154544K) Class: 20495K(27276K)->20495K(27276K)
[38.887s][info][gc             ] GC(43) Pause Full (System.gc()) 145M->145M(4025M) 116.420ms
[38.887s][info][gc,cpu         ] GC(43) User=0.11s Sys=0.00s Real=0.10s
[39.146s][info][gc,start       ] GC(44) Pause Young (Allocation Failure)
[39.152s][info][gc,heap        ] GC(44) PSYoungGen: 1252352K->30968K(1328128K)
[39.152s][info][gc,heap        ] GC(44) PSOldGen: 148669K->148677K(2796544K)
[39.152s][info][gc,metaspace   ] GC(44) Metaspace: 168183K(181820K)->168183K(181820K) NonClass: 147688K(154544K)->147688K(154544K) Class: 20495K(27276K)->20495K(27276K)
[39.152s][info][gc             ] GC(44) Pause Young (Allocation Failure) 1368M->175M(4028M) 6.164ms
[39.152s][info][gc,cpu         ] GC(44) User=0.00s Sys=0.00s Real=0.01s
[39.901s][info][gc,start       ] GC(45) Pause Young (Allocation Failure)
[39.911s][info][gc,heap        ] GC(45) PSYoungGen: 1286392K->44846K(1325056K)
[39.911s][info][gc,heap        ] GC(45) PSOldGen: 148677K->172109K(2796544K)
[39.911s][info][gc,metaspace   ] GC(45) Metaspace: 168277K(182076K)->168277K(182076K) NonClass: 147782K(154800K)->147782K(154800K) Class: 20495K(27276K)->20495K(27276K)
[39.911s][info][gc             ] GC(45) Pause Young (Allocation Failure) 1401M->211M(4025M) 10.634ms
[39.912s][info][gc,cpu         ] GC(45) User=0.09s Sys=0.00s Real=0.01s
[40.507s][info][gc,start       ] GC(46) Pause Young (System.gc())
[40.509s][info][gc,heap        ] GC(46) PSYoungGen: 440420K->2253K(1325568K)
[40.509s][info][gc,heap        ] GC(46) PSOldGen: 172109K->173841K(2796544K)
[40.509s][info][gc,metaspace   ] GC(46) Metaspace: 168358K(182076K)->168358K(182076K) NonClass: 147863K(154800K)->147863K(154800K) Class: 20495K(27276K)->20495K(27276K)
[40.509s][info][gc             ] GC(46) Pause Young (System.gc()) 598M->171M(4025M) 2.655ms
[40.509s][info][gc,cpu         ] GC(46) User=0.00s Sys=0.00s Real=0.02s
[40.509s][info][gc,start       ] GC(47) Pause Full (System.gc())
[40.513s][info][gc,phases,start] GC(47) Phase 1: Mark live objects
[40.582s][info][gc,phases      ] GC(47) Phase 1: Mark live objects 69.181ms
[40.582s][info][gc,phases,start] GC(47) Phase 2: Compute new object addresses
[40.590s][info][gc,phases      ] GC(47) Phase 2: Compute new object addresses 8.409ms
[40.590s][info][gc,phases,start] GC(47) Phase 3: Adjust pointers
[40.626s][info][gc,phases      ] GC(47) Phase 3: Adjust pointers 36.182ms
[40.626s][info][gc,phases,start] GC(47) Phase 4: Move objects
[40.627s][info][gc,phases      ] GC(47) Phase 4: Move objects 0.333ms
[40.628s][info][gc,heap        ] GC(47) PSYoungGen: 2253K->0K(1325568K)
[40.628s][info][gc,heap        ] GC(47) PSOldGen: 173841K->175927K(2796544K)
[40.628s][info][gc,metaspace   ] GC(47) Metaspace: 168358K(182076K)->168358K(182076K) NonClass: 147863K(154800K)->147863K(154800K) Class: 20495K(27276K)->20495K(27276K)
[40.628s][info][gc             ] GC(47) Pause Full (System.gc()) 171M->171M(4025M) 118.422ms
[40.628s][info][gc,cpu         ] GC(47) User=0.12s Sys=0.00s Real=0.11s
[40.907s][info][gc,start       ] GC(48) Pause Young (Allocation Failure)
[40.913s][info][gc,heap        ] GC(48) PSYoungGen: 1252824K->32737K(1325568K)
[40.913s][info][gc,heap        ] GC(48) PSOldGen: 175927K->175935K(2796544K)
[40.913s][info][gc,metaspace   ] GC(48) Metaspace: 168458K(182076K)->168458K(182076K) NonClass: 147963K(154800K)->147963K(154800K) Class: 20495K(27276K)->20495K(27276K)
[40.913s][info][gc             ] GC(48) Pause Young (Allocation Failure) 1395M->203M(4025M) 6.256ms
[40.913s][info][gc,cpu         ] GC(48) User=0.00s Sys=0.00s Real=0.01s
[41.665s][info][gc,start       ] GC(49) Pause Young (Allocation Failure)
[41.675s][info][gc,heap        ] GC(49) PSYoungGen: 1285959K->44846K(1322496K)
[41.675s][info][gc,heap        ] GC(49) PSOldGen: 175935K->198694K(2796544K)
[41.675s][info][gc,metaspace   ] GC(49) Metaspace: 168489K(182076K)->168489K(182076K) NonClass: 147993K(154800K)->147993K(154800K) Class: 20495K(27276K)->20495K(27276K)
[41.675s][info][gc             ] GC(49) Pause Young (Allocation Failure) 1427M->237M(4022M) 10.262ms
[41.675s][info][gc,cpu         ] GC(49) User=0.09s Sys=0.00s Real=0.01s
[42.254s][info][gc,start       ] GC(50) Pause Young (System.gc())
[42.257s][info][gc,heap        ] GC(50) PSYoungGen: 436087K->2157K(1325056K)
[42.257s][info][gc,heap        ] GC(50) PSOldGen: 198694K->201072K(2796544K)
[42.257s][info][gc,metaspace   ] GC(50) Metaspace: 168571K(182332K)->168571K(182332K) NonClass: 148074K(155056K)->148074K(155056K) Class: 20497K(27276K)->20497K(27276K)
[42.257s][info][gc             ] GC(50) Pause Young (System.gc()) 619M->198M(4025M) 2.857ms
[42.257s][info][gc,cpu         ] GC(50) User=0.00s Sys=0.00s Real=0.00s
[42.257s][info][gc,start       ] GC(51) Pause Full (System.gc())
[42.259s][info][gc,phases,start] GC(51) Phase 1: Mark live objects
[42.328s][info][gc,phases      ] GC(51) Phase 1: Mark live objects 69.460ms
[42.328s][info][gc,phases,start] GC(51) Phase 2: Compute new object addresses
[42.337s][info][gc,phases      ] GC(51) Phase 2: Compute new object addresses 8.529ms
[42.337s][info][gc,phases,start] GC(51) Phase 3: Adjust pointers
[42.374s][info][gc,phases      ] GC(51) Phase 3: Adjust pointers 36.744ms
[42.374s][info][gc,phases,start] GC(51) Phase 4: Move objects
[42.374s][info][gc,phases      ] GC(51) Phase 4: Move objects 0.293ms
[42.375s][info][gc,heap        ] GC(51) PSYoungGen: 2157K->0K(1325056K)
[42.375s][info][gc,heap        ] GC(51) PSOldGen: 201072K->203149K(2796544K)
[42.375s][info][gc,metaspace   ] GC(51) Metaspace: 168571K(182332K)->168571K(182332K) NonClass: 148074K(155056K)->148074K(155056K) Class: 20497K(27276K)->20497K(27276K)
[42.375s][info][gc             ] GC(51) Pause Full (System.gc()) 198M->198M(4025M) 117.901ms
[42.375s][info][gc,cpu         ] GC(51) User=0.11s Sys=0.00s Real=0.11s
[42.655s][info][gc,start       ] GC(52) Pause Young (Allocation Failure)
[42.661s][info][gc,heap        ] GC(52) PSYoungGen: 1252352K->32260K(1327104K)
[42.661s][info][gc,heap        ] GC(52) PSOldGen: 203149K->203157K(2796544K)
[42.661s][info][gc,metaspace   ] GC(52) Metaspace: 168678K(182332K)->168678K(182332K) NonClass: 148179K(155056K)->148179K(155056K) Class: 20498K(27276K)->20498K(27276K)
[42.661s][info][gc             ] GC(52) Pause Young (Allocation Failure) 1421M->229M(4027M) 6.348ms
[42.661s][info][gc,cpu         ] GC(52) User=0.06s Sys=0.02s Real=0.01s
[43.403s][info][gc,start       ] GC(53) Pause Young (Allocation Failure)
[43.413s][info][gc,heap        ] GC(53) PSYoungGen: 1286660K->45873K(1300480K)
[43.413s][info][gc,heap        ] GC(53) PSOldGen: 203157K->225638K(2796544K)
[43.413s][info][gc,metaspace   ] GC(53) Metaspace: 168685K(182332K)->168685K(182332K) NonClass: 148186K(155056K)->148186K(155056K) Class: 20499K(27276K)->20499K(27276K)
[43.413s][info][gc             ] GC(53) Pause Young (Allocation Failure) 1454M->265M(4001M) 10.877ms
[43.414s][info][gc,cpu         ] GC(53) User=0.08s Sys=0.00s Real=0.01s
[43.986s][info][gc,start       ] GC(54) Pause Young (System.gc())
[43.989s][info][gc,heap        ] GC(54) PSYoungGen: 440686K->2221K(1324544K)
[43.989s][info][gc,heap        ] GC(54) PSOldGen: 225638K->227395K(2796544K)
[43.989s][info][gc,metaspace   ] GC(54) Metaspace: 168776K(182332K)->168776K(182332K) NonClass: 148277K(155056K)->148277K(155056K) Class: 20499K(27276K)->20499K(27276K)
[43.989s][info][gc             ] GC(54) Pause Young (System.gc()) 650M->224M(4024M) 2.620ms
[43.989s][info][gc,cpu         ] GC(54) User=0.00s Sys=0.00s Real=0.00s
[43.989s][info][gc,start       ] GC(55) Pause Full (System.gc())
[43.991s][info][gc,phases,start] GC(55) Phase 1: Mark live objects
[44.063s][info][gc,phases      ] GC(55) Phase 1: Mark live objects 71.966ms
[44.063s][info][gc,phases,start] GC(55) Phase 2: Compute new object addresses
[44.071s][info][gc,phases      ] GC(55) Phase 2: Compute new object addresses 8.649ms
[44.071s][info][gc,phases,start] GC(55) Phase 3: Adjust pointers
[44.110s][info][gc,phases      ] GC(55) Phase 3: Adjust pointers 38.957ms
[44.110s][info][gc,phases,start] GC(55) Phase 4: Move objects
[44.125s][info][gc,phases      ] GC(55) Phase 4: Move objects 14.182ms
[44.126s][info][gc,heap        ] GC(55) PSYoungGen: 2221K->0K(1324544K)
[44.126s][info][gc,heap        ] GC(55) PSOldGen: 227395K->122805K(2796544K)
[44.126s][info][gc,metaspace   ] GC(55) Metaspace: 168776K(182332K)->168776K(182332K) NonClass: 148277K(155056K)->148277K(155056K) Class: 20499K(27276K)->20499K(27276K)
[44.126s][info][gc             ] GC(55) Pause Full (System.gc()) 224M->119M(4024M) 136.621ms
[44.126s][info][gc,cpu         ] GC(55) User=0.12s Sys=0.00s Real=0.13s
[44.378s][info][gc,start       ] GC(56) Pause Young (Allocation Failure)
[44.383s][info][gc,heap        ] GC(56) PSYoungGen: 1250816K->30110K(1324032K)
[44.383s][info][gc,heap        ] GC(56) PSOldGen: 122805K->122813K(2796544K)
[44.383s][info][gc,metaspace   ] GC(56) Metaspace: 168872K(182332K)->168872K(182332K) NonClass: 148371K(155056K)->148371K(155056K) Class: 20500K(27276K)->20500K(27276K)
[44.383s][info][gc             ] GC(56) Pause Young (Allocation Failure) 1341M->149M(4024M) 5.915ms
[44.384s][info][gc,cpu         ] GC(56) User=0.00s Sys=0.00s Real=0.01s
[45.126s][info][gc,start       ] GC(57) Pause Young (Allocation Failure)
[45.136s][info][gc,heap        ] GC(57) PSYoungGen: 1280926K->44890K(1322496K)
[45.136s][info][gc,heap        ] GC(57) PSOldGen: 122813K->146243K(2796544K)
[45.136s][info][gc,metaspace   ] GC(57) Metaspace: 169031K(182588K)->169031K(182588K) NonClass: 148531K(155312K)->148531K(155312K) Class: 20500K(27276K)->20500K(27276K)
[45.136s][info][gc             ] GC(57) Pause Young (Allocation Failure) 1370M->186M(4022M) 10.542ms
[45.136s][info][gc,cpu         ] GC(57) User=0.00s Sys=0.00s Real=0.01s
[45.709s][info][gc,start       ] GC(58) Pause Young (System.gc())
[45.711s][info][gc,heap        ] GC(58) PSYoungGen: 441627K->2157K(1325056K)
[45.711s][info][gc,heap        ] GC(58) PSOldGen: 146243K->147935K(2796544K)
[45.711s][info][gc,metaspace   ] GC(58) Metaspace: 169118K(182588K)->169118K(182588K) NonClass: 148617K(155312K)->148617K(155312K) Class: 20500K(27276K)->20500K(27276K)
[45.711s][info][gc             ] GC(58) Pause Young (System.gc()) 574M->146M(4025M) 2.538ms
[45.712s][info][gc,cpu         ] GC(58) User=0.00s Sys=0.00s Real=0.00s
[45.712s][info][gc,start       ] GC(59) Pause Full (System.gc())
[45.715s][info][gc,phases,start] GC(59) Phase 1: Mark live objects
[45.785s][info][gc,phases      ] GC(59) Phase 1: Mark live objects 70.479ms
[45.785s][info][gc,phases,start] GC(59) Phase 2: Compute new object addresses
[45.794s][info][gc,phases      ] GC(59) Phase 2: Compute new object addresses 8.455ms
[45.794s][info][gc,phases,start] GC(59) Phase 3: Adjust pointers
[45.831s][info][gc,phases      ] GC(59) Phase 3: Adjust pointers 37.387ms
[45.831s][info][gc,phases,start] GC(59) Phase 4: Move objects
[45.831s][info][gc,phases      ] GC(59) Phase 4: Move objects 0.306ms
[45.832s][info][gc,heap        ] GC(59) PSYoungGen: 2157K->0K(1325056K)
[45.832s][info][gc,heap        ] GC(59) PSOldGen: 147935K->150011K(2796544K)
[45.832s][info][gc,metaspace   ] GC(59) Metaspace: 169118K(182588K)->169118K(182588K) NonClass: 148617K(155312K)->148617K(155312K) Class: 20500K(27276K)->20500K(27276K)
[45.832s][info][gc             ] GC(59) Pause Full (System.gc()) 146M->146M(4025M) 120.728ms
[45.832s][info][gc,cpu         ] GC(59) User=0.12s Sys=0.00s Real=0.12s
[46.074s][info][gc,start       ] GC(60) Pause Young (Allocation Failure)
[46.080s][info][gc,heap        ] GC(60) PSYoungGen: 1252352K->32286K(1327104K)
[46.080s][info][gc,heap        ] GC(60) PSOldGen: 150011K->150011K(2796544K)
[46.080s][info][gc,metaspace   ] GC(60) Metaspace: 169182K(182588K)->169182K(182588K) NonClass: 148682K(155312K)->148682K(155312K) Class: 20500K(27276K)->20500K(27276K)
[46.080s][info][gc             ] GC(60) Pause Young (Allocation Failure) 1369M->178M(4027M) 6.405ms
[46.080s][info][gc,cpu         ] GC(60) User=0.09s Sys=0.00s Real=0.01s
[46.821s][info][gc,start       ] GC(61) Pause Young (Allocation Failure)
[46.831s][info][gc,heap        ] GC(61) PSYoungGen: 1284834K->44050K(1325056K)
[46.832s][info][gc,heap        ] GC(61) PSOldGen: 150011K->173434K(2796544K)
[46.832s][info][gc,metaspace   ] GC(61) Metaspace: 169199K(182588K)->169199K(182588K) NonClass: 148698K(155312K)->148698K(155312K) Class: 20501K(27276K)->20501K(27276K)
[46.832s][info][gc             ] GC(61) Pause Young (Allocation Failure) 1401M->212M(4025M) 10.699ms
[46.832s][info][gc,cpu         ] GC(61) User=0.08s Sys=0.00s Real=0.02s
[47.393s][info][gc,start       ] GC(62) Pause Young (System.gc())
[47.395s][info][gc,heap        ] GC(62) PSYoungGen: 431730K->2139K(1325056K)
[47.395s][info][gc,heap        ] GC(62) PSOldGen: 173434K->175200K(2796544K)
[47.395s][info][gc,metaspace   ] GC(62) Metaspace: 169266K(182844K)->169266K(182844K) NonClass: 148765K(155568K)->148765K(155568K) Class: 20501K(27276K)->20501K(27276K)
[47.395s][info][gc             ] GC(62) Pause Young (System.gc()) 590M->173M(4025M) 2.673ms
[47.395s][info][gc,cpu         ] GC(62) User=0.00s Sys=0.00s Real=0.00s
[47.395s][info][gc,start       ] GC(63) Pause Full (System.gc())
[47.397s][info][gc,phases,start] GC(63) Phase 1: Mark live objects
[47.468s][info][gc,phases      ] GC(63) Phase 1: Mark live objects 70.744ms
[47.468s][info][gc,phases,start] GC(63) Phase 2: Compute new object addresses
[47.477s][info][gc,phases      ] GC(63) Phase 2: Compute new object addresses 8.722ms
[47.477s][info][gc,phases,start] GC(63) Phase 3: Adjust pointers
[47.514s][info][gc,phases      ] GC(63) Phase 3: Adjust pointers 37.671ms
[47.514s][info][gc,phases,start] GC(63) Phase 4: Move objects
[47.515s][info][gc,phases      ] GC(63) Phase 4: Move objects 0.314ms
[47.515s][info][gc,heap        ] GC(63) PSYoungGen: 2139K->0K(1325056K)
[47.516s][info][gc,heap        ] GC(63) PSOldGen: 175200K->177200K(2796544K)
[47.516s][info][gc,metaspace   ] GC(63) Metaspace: 169266K(182844K)->169266K(182844K) NonClass: 148765K(155568K)->148765K(155568K) Class: 20501K(27276K)->20501K(27276K)
[47.516s][info][gc             ] GC(63) Pause Full (System.gc()) 173M->173M(4025M) 120.143ms
[47.516s][info][gc,cpu         ] GC(63) User=0.11s Sys=0.00s Real=0.13s
[47.758s][info][gc,start       ] GC(64) Pause Young (Allocation Failure)
[47.764s][info][gc,heap        ] GC(64) PSYoungGen: 1252352K->28017K(1325056K)
[47.764s][info][gc,heap        ] GC(64) PSOldGen: 177200K->177208K(2796544K)
[47.764s][info][gc,metaspace   ] GC(64) Metaspace: 169289K(182844K)->169289K(182844K) NonClass: 148788K(155568K)->148788K(155568K) Class: 20501K(27276K)->20501K(27276K)
[47.764s][info][gc             ] GC(64) Pause Young (Allocation Failure) 1396M->200M(4025M) 6.156ms
[47.764s][info][gc,cpu         ] GC(64) User=0.00s Sys=0.00s Real=0.01s
[48.497s][info][gc,start       ] GC(65) Pause Young (Allocation Failure)
[48.508s][info][gc,heap        ] GC(65) PSYoungGen: 1279657K->42325K(1324544K)
[48.508s][info][gc,heap        ] GC(65) PSOldGen: 177208K->202665K(2796544K)
[48.508s][info][gc,metaspace   ] GC(65) Metaspace: 169298K(182844K)->169298K(182844K) NonClass: 148797K(155568K)->148797K(155568K) Class: 20501K(27276K)->20501K(27276K)
[48.508s][info][gc             ] GC(65) Pause Young (Allocation Failure) 1422M->239M(4024M) 10.675ms
[48.508s][info][gc,cpu         ] GC(65) User=0.08s Sys=0.00s Real=0.01s
[49.069s][info][gc,start       ] GC(66) Pause Young (System.gc())
[49.072s][info][gc,heap        ] GC(66) PSYoungGen: 436096K->2197K(1326592K)
[49.072s][info][gc,heap        ] GC(66) PSOldGen: 202665K->204357K(2796544K)
[49.072s][info][gc,metaspace   ] GC(66) Metaspace: 169352K(182844K)->169352K(182844K) NonClass: 148851K(155568K)->148851K(155568K) Class: 20501K(27276K)->20501K(27276K)
[49.072s][info][gc             ] GC(66) Pause Young (System.gc()) 623M->201M(4026M) 2.459ms
[49.072s][info][gc,cpu         ] GC(66) User=0.00s Sys=0.00s Real=0.01s
[49.072s][info][gc,start       ] GC(67) Pause Full (System.gc())
[49.073s][info][gc,phases,start] GC(67) Phase 1: Mark live objects
[49.145s][info][gc,phases      ] GC(67) Phase 1: Mark live objects 71.734ms
[49.145s][info][gc,phases,start] GC(67) Phase 2: Compute new object addresses
[49.154s][info][gc,phases      ] GC(67) Phase 2: Compute new object addresses 8.723ms
[49.154s][info][gc,phases,start] GC(67) Phase 3: Adjust pointers
[49.192s][info][gc,phases      ] GC(67) Phase 3: Adjust pointers 38.153ms
[49.192s][info][gc,phases,start] GC(67) Phase 4: Move objects
[49.192s][info][gc,phases      ] GC(67) Phase 4: Move objects 0.308ms
[49.193s][info][gc,heap        ] GC(67) PSYoungGen: 2197K->0K(1326592K)
[49.193s][info][gc,heap        ] GC(67) PSOldGen: 204357K->206425K(2796544K)
[49.193s][info][gc,metaspace   ] GC(67) Metaspace: 169352K(182844K)->169352K(182844K) NonClass: 148851K(155568K)->148851K(155568K) Class: 20501K(27276K)->20501K(27276K)
[49.193s][info][gc             ] GC(67) Pause Full (System.gc()) 201M->201M(4026M) 121.522ms
[49.193s][info][gc,cpu         ] GC(67) User=0.11s Sys=0.02s Real=0.12s
[49.437s][info][gc,start       ] GC(68) Pause Young (Allocation Failure)
[49.443s][info][gc,heap        ] GC(68) PSYoungGen: 1255424K->30264K(1329664K)
[49.443s][info][gc,heap        ] GC(68) PSOldGen: 206425K->206433K(2796544K)
[49.443s][info][gc,metaspace   ] GC(68) Metaspace: 169401K(182844K)->169401K(182844K) NonClass: 148899K(155568K)->148899K(155568K) Class: 20501K(27276K)->20501K(27276K)
[49.443s][info][gc             ] GC(68) Pause Young (Allocation Failure) 1427M->231M(4029M) 6.050ms
[49.443s][info][gc,cpu         ] GC(68) User=0.02s Sys=0.00s Real=0.01s
[50.199s][info][gc,start       ] GC(69) Pause Young (Allocation Failure)
[50.210s][info][gc,heap        ] GC(69) PSYoungGen: 1289272K->43255K(1327104K)
[50.210s][info][gc,heap        ] GC(69) PSOldGen: 206433K->230867K(2796544K)
[50.210s][info][gc,metaspace   ] GC(69) Metaspace: 169408K(182844K)->169408K(182844K) NonClass: 148906K(155568K)->148906K(155568K) Class: 20501K(27276K)->20501K(27276K)
[50.210s][info][gc             ] GC(69) Pause Young (Allocation Failure) 1460M->267M(4027M) 10.898ms
[50.210s][info][gc,cpu         ] GC(69) User=0.08s Sys=0.00s Real=0.02s
[50.727s][info][gc,start       ] GC(70) Pause Young (System.gc())
[50.729s][info][gc,heap        ] GC(70) PSYoungGen: 412536K->2092K(1327104K)
[50.729s][info][gc,heap        ] GC(70) PSOldGen: 230867K->232589K(2796544K)
[50.729s][info][gc,metaspace   ] GC(70) Metaspace: 169484K(182844K)->169484K(182844K) NonClass: 148983K(155568K)->148983K(155568K) Class: 20501K(27276K)->20501K(27276K)
[50.729s][info][gc             ] GC(70) Pause Young (System.gc()) 628M->229M(4027M) 2.852ms
[50.730s][info][gc,cpu         ] GC(70) User=0.00s Sys=0.00s Real=0.01s
[50.730s][info][gc,start       ] GC(71) Pause Full (System.gc())
[50.734s][info][gc,phases,start] GC(71) Phase 1: Mark live objects
[50.805s][info][gc,phases      ] GC(71) Phase 1: Mark live objects 70.844ms
[50.805s][info][gc,phases,start] GC(71) Phase 2: Compute new object addresses
[50.813s][info][gc,phases      ] GC(71) Phase 2: Compute new object addresses 8.875ms
[50.813s][info][gc,phases,start] GC(71) Phase 3: Adjust pointers
[50.853s][info][gc,phases      ] GC(71) Phase 3: Adjust pointers 39.959ms
[50.853s][info][gc,phases,start] GC(71) Phase 4: Move objects
[50.867s][info][gc,phases      ] GC(71) Phase 4: Move objects 13.219ms
[50.868s][info][gc,heap        ] GC(71) PSYoungGen: 2092K->0K(1327104K)
[50.868s][info][gc,heap        ] GC(71) PSOldGen: 232589K->124026K(2796544K)
[50.868s][info][gc,metaspace   ] GC(71) Metaspace: 169484K(182844K)->169484K(182844K) NonClass: 148983K(155568K)->148983K(155568K) Class: 20501K(27276K)->20501K(27276K)
[50.868s][info][gc             ] GC(71) Pause Full (System.gc()) 229M->121M(4027M) 138.168ms
[50.868s][info][gc,cpu         ] GC(71) User=0.14s Sys=0.00s Real=0.13s
[51.134s][info][gc,start       ] GC(72) Pause Young (Allocation Failure)
[51.140s][info][gc,heap        ] GC(72) PSYoungGen: 1256448K->32511K(1327104K)
[51.141s][info][gc,heap        ] GC(72) PSOldGen: 124026K->124026K(2796544K)
[51.141s][info][gc,metaspace   ] GC(72) Metaspace: 169574K(182844K)->169574K(182844K) NonClass: 149061K(155568K)->149061K(155568K) Class: 20513K(27276K)->20513K(27276K)
[51.141s][info][gc             ] GC(72) Pause Young (Allocation Failure) 1348M->152M(4027M) 6.135ms
[51.141s][info][gc,cpu         ] GC(72) User=0.00s Sys=0.00s Real=0.01s
[51.887s][info][gc,start       ] GC(73) Pause Young (Allocation Failure)
[51.898s][info][gc,heap        ] GC(73) PSYoungGen: 1286049K->44040K(1323520K)
[51.898s][info][gc,heap        ] GC(73) PSOldGen: 124026K->147470K(2796544K)
[51.898s][info][gc,metaspace   ] GC(73) Metaspace: 169574K(182844K)->169574K(182844K) NonClass: 149061K(155568K)->149061K(155568K) Class: 20513K(27276K)->20513K(27276K)
[51.898s][info][gc             ] GC(73) Pause Young (Allocation Failure) 1377M->187M(4023M) 10.488ms
[51.898s][info][gc,cpu         ] GC(73) User=0.09s Sys=0.00s Real=0.02s
[52.413s][info][gc,start       ] GC(74) Pause Young (System.gc())
[52.415s][info][gc,heap        ] GC(74) PSYoungGen: 421558K->2139K(1326080K)
[52.415s][info][gc,heap        ] GC(74) PSOldGen: 147470K->149167K(2796544K)
[52.415s][info][gc,metaspace   ] GC(74) Metaspace: 169658K(183100K)->169658K(183100K) NonClass: 149134K(155824K)->149134K(155824K) Class: 20524K(27276K)->20524K(27276K)
[52.415s][info][gc             ] GC(74) Pause Young (System.gc()) 555M->147M(4026M) 2.518ms
[52.415s][info][gc,cpu         ] GC(74) User=0.00s Sys=0.00s Real=0.00s
[52.415s][info][gc,start       ] GC(75) Pause Full (System.gc())
[52.417s][info][gc,phases,start] GC(75) Phase 1: Mark live objects
[52.488s][info][gc,phases      ] GC(75) Phase 1: Mark live objects 70.924ms
[52.488s][info][gc,phases,start] GC(75) Phase 2: Compute new object addresses
[52.497s][info][gc,phases      ] GC(75) Phase 2: Compute new object addresses 8.873ms
[52.497s][info][gc,phases,start] GC(75) Phase 3: Adjust pointers
[52.536s][info][gc,phases      ] GC(75) Phase 3: Adjust pointers 38.583ms
[52.536s][info][gc,phases,start] GC(75) Phase 4: Move objects
[52.536s][info][gc,phases      ] GC(75) Phase 4: Move objects 0.304ms
[52.537s][info][gc,heap        ] GC(75) PSYoungGen: 2139K->0K(1326080K)
[52.537s][info][gc,heap        ] GC(75) PSOldGen: 149167K->151172K(2796544K)
[52.537s][info][gc,metaspace   ] GC(75) Metaspace: 169658K(183100K)->169658K(183100K) NonClass: 149134K(155824K)->149134K(155824K) Class: 20524K(27276K)->20524K(27276K)
[52.537s][info][gc             ] GC(75) Pause Full (System.gc()) 147M->147M(4026M) 121.458ms
[52.537s][info][gc,cpu         ] GC(75) User=0.12s Sys=0.00s Real=0.11s
[52.773s][info][gc,start       ] GC(76) Pause Young (Allocation Failure)
[52.779s][info][gc,heap        ] GC(76) PSYoungGen: 1254400K->29143K(1329152K)
[52.779s][info][gc,heap        ] GC(76) PSOldGen: 151172K->151180K(2796544K)
[52.779s][info][gc,metaspace   ] GC(76) Metaspace: 169718K(183100K)->169718K(183100K) NonClass: 149191K(155824K)->149191K(155824K) Class: 20526K(27276K)->20526K(27276K)
[52.779s][info][gc             ] GC(76) Pause Young (Allocation Failure) 1372M->176M(4029M) 5.886ms
[52.779s][info][gc,cpu         ] GC(76) User=0.00s Sys=0.00s Real=0.00s
[53.511s][info][gc,start       ] GC(77) Pause Young (Allocation Failure)
[53.521s][info][gc,heap        ] GC(77) PSYoungGen: 1284512K->43032K(1326592K)
[53.521s][info][gc,heap        ] GC(77) PSOldGen: 151180K->175685K(2796544K)
[53.521s][info][gc,metaspace   ] GC(77) Metaspace: 169722K(183100K)->169722K(183100K) NonClass: 149195K(155824K)->149195K(155824K) Class: 20526K(27276K)->20526K(27276K)
[53.521s][info][gc             ] GC(77) Pause Young (Allocation Failure) 1402M->213M(4026M) 10.540ms
[53.521s][info][gc,cpu         ] GC(77) User=0.08s Sys=0.02s Real=0.02s
[54.063s][info][gc,start       ] GC(78) Pause Young (System.gc())
[54.066s][info][gc,heap        ] GC(78) PSYoungGen: 430508K->2227K(1327104K)
[54.066s][info][gc,heap        ] GC(78) PSOldGen: 175685K->177435K(2796544K)
[54.066s][info][gc,metaspace   ] GC(78) Metaspace: 169812K(183100K)->169812K(183100K) NonClass: 149285K(155824K)->149285K(155824K) Class: 20526K(27276K)->20526K(27276K)
[54.066s][info][gc             ] GC(78) Pause Young (System.gc()) 591M->175M(4027M) 2.925ms
[54.066s][info][gc,cpu         ] GC(78) User=0.02s Sys=0.00s Real=0.00s
[54.066s][info][gc,start       ] GC(79) Pause Full (System.gc())
[54.067s][info][gc,phases,start] GC(79) Phase 1: Mark live objects
[54.170s][info][gc,phases      ] GC(79) Phase 1: Mark live objects 102.947ms
[54.170s][info][gc,phases,start] GC(79) Phase 2: Compute new object addresses
[54.179s][info][gc,phases      ] GC(79) Phase 2: Compute new object addresses 9.024ms
[54.179s][info][gc,phases,start] GC(79) Phase 3: Adjust pointers
[54.218s][info][gc,phases      ] GC(79) Phase 3: Adjust pointers 38.878ms
[54.218s][info][gc,phases,start] GC(79) Phase 4: Move objects
[54.219s][info][gc,phases      ] GC(79) Phase 4: Move objects 0.300ms
[54.220s][info][gc,heap        ] GC(79) PSYoungGen: 2227K->0K(1327104K)
[54.220s][info][gc,heap        ] GC(79) PSOldGen: 177435K->179509K(2796544K)
[54.220s][info][gc,metaspace   ] GC(79) Metaspace: 169812K(183100K)->169808K(183100K) NonClass: 149285K(155824K)->149283K(155824K) Class: 20526K(27276K)->20525K(27276K)
[54.220s][info][gc             ] GC(79) Pause Full (System.gc()) 175M->175M(4027M) 153.802ms
[54.220s][info][gc,cpu         ] GC(79) User=0.14s Sys=0.02s Real=0.14s
[54.465s][info][gc,start       ] GC(80) Pause Young (Allocation Failure)
[54.471s][info][gc,heap        ] GC(80) PSYoungGen: 1256448K->30977K(1327104K)
[54.471s][info][gc,heap        ] GC(80) PSOldGen: 179509K->179517K(2796544K)
[54.471s][info][gc,metaspace   ] GC(80) Metaspace: 169884K(183100K)->169884K(183100K) NonClass: 149359K(155824K)->149359K(155824K) Class: 20525K(27276K)->20525K(27276K)
[54.471s][info][gc             ] GC(80) Pause Young (Allocation Failure) 1402M->205M(4027M) 6.065ms
[54.471s][info][gc,cpu         ] GC(80) User=0.09s Sys=0.00s Real=0.00s
[55.224s][info][gc,start       ] GC(81) Pause Young (Allocation Failure)
[55.235s][info][gc,heap        ] GC(81) PSYoungGen: 1287425K->43128K(1325056K)
[55.235s][info][gc,heap        ] GC(81) PSOldGen: 179517K->203966K(2796544K)
[55.235s][info][gc,metaspace   ] GC(81) Metaspace: 169891K(183100K)->169891K(183100K) NonClass: 149366K(155824K)->149366K(155824K) Class: 20525K(27276K)->20525K(27276K)
[55.235s][info][gc             ] GC(81) Pause Young (Allocation Failure) 1432M->241M(4025M) 10.935ms
[55.235s][info][gc,cpu         ] GC(81) User=0.06s Sys=0.00s Real=0.02s
[55.754s][info][gc,start       ] GC(82) Pause Young (System.gc())
[55.757s][info][gc,heap        ] GC(82) PSYoungGen: 419300K->2107K(1327104K)
[55.757s][info][gc,heap        ] GC(82) PSOldGen: 203966K->205671K(2796544K)
[55.757s][info][gc,metaspace   ] GC(82) Metaspace: 170038K(183356K)->170038K(183356K) NonClass: 149513K(156080K)->149513K(156080K) Class: 20525K(27276K)->20525K(27276K)
[55.757s][info][gc             ] GC(82) Pause Young (System.gc()) 608M->202M(4027M) 2.705ms
[55.757s][info][gc,cpu         ] GC(82) User=0.00s Sys=0.00s Real=0.00s
[55.757s][info][gc,start       ] GC(83) Pause Full (System.gc())
[55.760s][info][gc,phases,start] GC(83) Phase 1: Mark live objects
[55.832s][info][gc,phases      ] GC(83) Phase 1: Mark live objects 71.178ms
[55.832s][info][gc,phases,start] GC(83) Phase 2: Compute new object addresses
[55.841s][info][gc,phases      ] GC(83) Phase 2: Compute new object addresses 9.042ms
[55.841s][info][gc,phases,start] GC(83) Phase 3: Adjust pointers
[55.879s][info][gc,phases      ] GC(83) Phase 3: Adjust pointers 38.368ms
[55.879s][info][gc,phases,start] GC(83) Phase 4: Move objects
[55.879s][info][gc,phases      ] GC(83) Phase 4: Move objects 0.314ms
[55.880s][info][gc,heap        ] GC(83) PSYoungGen: 2107K->0K(1327104K)
[55.880s][info][gc,heap        ] GC(83) PSOldGen: 205671K->207637K(2796544K)
[55.880s][info][gc,metaspace   ] GC(83) Metaspace: 170038K(183356K)->170038K(183356K) NonClass: 149513K(156080K)->149513K(156080K) Class: 20525K(27276K)->20525K(27276K)
[55.880s][info][gc             ] GC(83) Pause Full (System.gc()) 202M->202M(4027M) 123.290ms
[55.880s][info][gc,cpu         ] GC(83) User=0.11s Sys=0.02s Real=0.13s
[56.117s][info][gc,start       ] GC(84) Pause Young (Allocation Failure)
[56.123s][info][gc,heap        ] GC(84) PSYoungGen: 1256448K->31383K(1329152K)
[56.123s][info][gc,heap        ] GC(84) PSOldGen: 207637K->207637K(2796544K)
[56.123s][info][gc,metaspace   ] GC(84) Metaspace: 170103K(183356K)->170103K(183356K) NonClass: 149577K(156080K)->149577K(156080K) Class: 20525K(27276K)->20525K(27276K)
[56.123s][info][gc             ] GC(84) Pause Young (Allocation Failure) 1429M->233M(4029M) 6.187ms
[56.124s][info][gc,cpu         ] GC(84) User=0.00s Sys=0.00s Real=0.01s
[56.882s][info][gc,start       ] GC(85) Pause Young (Allocation Failure)
[56.894s][info][gc,heap        ] GC(85) PSYoungGen: 1289879K->42992K(1327104K)
[56.894s][info][gc,heap        ] GC(85) PSOldGen: 207637K->232077K(2796544K)
[56.894s][info][gc,metaspace   ] GC(85) Metaspace: 170110K(183356K)->170110K(183356K) NonClass: 149585K(156080K)->149585K(156080K) Class: 20525K(27276K)->20525K(27276K)
[56.894s][info][gc             ] GC(85) Pause Young (Allocation Failure) 1462M->268M(4027M) 11.204ms
[56.894s][info][gc,cpu         ] GC(85) User=0.09s Sys=0.00s Real=0.01s
[57.406s][info][gc,start       ] GC(86) Pause Young (System.gc())
[57.408s][info][gc,heap        ] GC(86) PSYoungGen: 410850K->2107K(1327104K)
[57.408s][info][gc,heap        ] GC(86) PSOldGen: 232077K->233791K(2796544K)
[57.408s][info][gc,metaspace   ] GC(86) Metaspace: 170140K(183356K)->170140K(183356K) NonClass: 149614K(156080K)->149614K(156080K) Class: 20525K(27276K)->20525K(27276K)
[57.408s][info][gc             ] GC(86) Pause Young (System.gc()) 627M->230M(4027M) 2.625ms
[57.408s][info][gc,cpu         ] GC(86) User=0.09s Sys=0.00s Real=0.00s
[57.409s][info][gc,start       ] GC(87) Pause Full (System.gc())
[57.410s][info][gc,phases,start] GC(87) Phase 1: Mark live objects
[57.482s][info][gc,phases      ] GC(87) Phase 1: Mark live objects 72.041ms
[57.482s][info][gc,phases,start] GC(87) Phase 2: Compute new object addresses
[57.491s][info][gc,phases      ] GC(87) Phase 2: Compute new object addresses 9.134ms
[57.491s][info][gc,phases,start] GC(87) Phase 3: Adjust pointers
[57.532s][info][gc,phases      ] GC(87) Phase 3: Adjust pointers 40.540ms
[57.532s][info][gc,phases,start] GC(87) Phase 4: Move objects
[57.547s][info][gc,phases      ] GC(87) Phase 4: Move objects 14.665ms
[57.548s][info][gc,heap        ] GC(87) PSYoungGen: 2107K->0K(1327104K)
[57.548s][info][gc,heap        ] GC(87) PSOldGen: 233791K->125427K(2796544K)
[57.548s][info][gc,metaspace   ] GC(87) Metaspace: 170140K(183356K)->170140K(183356K) NonClass: 149614K(156080K)->149614K(156080K) Class: 20525K(27276K)->20525K(27276K)
[57.548s][info][gc             ] GC(87) Pause Full (System.gc()) 230M->122M(4027M) 139.037ms
[57.548s][info][gc,cpu         ] GC(87) User=0.11s Sys=0.00s Real=0.13s
[57.812s][info][gc,start       ] GC(88) Pause Young (Allocation Failure)
[57.818s][info][gc,heap        ] GC(88) PSYoungGen: 1256448K->32510K(1327104K)
[57.818s][info][gc,heap        ] GC(88) PSOldGen: 125427K->125427K(2796544K)
[57.818s][info][gc,metaspace   ] GC(88) Metaspace: 170241K(183356K)->170241K(183356K) NonClass: 149716K(156080K)->149716K(156080K) Class: 20525K(27276K)->20525K(27276K)
[57.818s][info][gc             ] GC(88) Pause Young (Allocation Failure) 1349M->154M(4027M) 6.096ms
[57.818s][info][gc,cpu         ] GC(88) User=0.09s Sys=0.00s Real=0.01s
[58.573s][info][gc,start       ] GC(89) Pause Young (Allocation Failure)
[58.584s][info][gc,heap        ] GC(89) PSYoungGen: 1288958K->44226K(1323520K)
[58.584s][info][gc,heap        ] GC(89) PSOldGen: 125427K->148859K(2796544K)
[58.584s][info][gc,metaspace   ] GC(89) Metaspace: 170264K(183356K)->170264K(183356K) NonClass: 149738K(156080K)->149738K(156080K) Class: 20525K(27276K)->20525K(27276K)
[58.584s][info][gc             ] GC(89) Pause Young (Allocation Failure) 1381M->188M(4023M) 11.099ms
[58.584s][info][gc,cpu         ] GC(89) User=0.09s Sys=0.00s Real=0.01s
[59.110s][info][gc,start       ] GC(90) Pause Young (System.gc())
[59.113s][info][gc,heap        ] GC(90) PSYoungGen: 414929K->2075K(1326080K)
[59.113s][info][gc,heap        ] GC(90) PSOldGen: 148859K->150556K(2796544K)
[59.113s][info][gc,metaspace   ] GC(90) Metaspace: 170282K(183612K)->170282K(183612K) NonClass: 149756K(156336K)->149756K(156336K) Class: 20525K(27276K)->20525K(27276K)
[59.113s][info][gc             ] GC(90) Pause Young (System.gc()) 550M->149M(4026M) 3.158ms
[59.113s][info][gc,cpu         ] GC(90) User=0.00s Sys=0.00s Real=0.00s
[59.113s][info][gc,start       ] GC(91) Pause Full (System.gc())
[59.114s][info][gc,phases,start] GC(91) Phase 1: Mark live objects
[59.186s][info][gc,phases      ] GC(91) Phase 1: Mark live objects 71.959ms
[59.186s][info][gc,phases,start] GC(91) Phase 2: Compute new object addresses
[59.196s][info][gc,phases      ] GC(91) Phase 2: Compute new object addresses 9.066ms
[59.196s][info][gc,phases,start] GC(91) Phase 3: Adjust pointers
[59.235s][info][gc,phases      ] GC(91) Phase 3: Adjust pointers 38.979ms
[59.235s][info][gc,phases,start] GC(91) Phase 4: Move objects
[59.235s][info][gc,phases      ] GC(91) Phase 4: Move objects 0.294ms
[59.236s][info][gc,heap        ] GC(91) PSYoungGen: 2075K->0K(1326080K)
[59.236s][info][gc,heap        ] GC(91) PSOldGen: 150556K->152523K(2796544K)
[59.236s][info][gc,metaspace   ] GC(91) Metaspace: 170282K(183612K)->170282K(183612K) NonClass: 149756K(156336K)->149756K(156336K) Class: 20525K(27276K)->20525K(27276K)
[59.236s][info][gc             ] GC(91) Pause Full (System.gc()) 149M->148M(4026M) 122.887ms
[59.236s][info][gc,cpu         ] GC(91) User=0.12s Sys=0.00s Real=0.13s
[59.465s][info][gc,start       ] GC(92) Pause Young (Allocation Failure)
[59.471s][info][gc,heap        ] GC(92) PSYoungGen: 1254400K->29944K(1328640K)
[59.471s][info][gc,heap        ] GC(92) PSOldGen: 152523K->152523K(2796544K)
[59.471s][info][gc,metaspace   ] GC(92) Metaspace: 170289K(183612K)->170289K(183612K) NonClass: 149763K(156336K)->149763K(156336K) Class: 20525K(27276K)->20525K(27276K)
[59.471s][info][gc             ] GC(92) Pause Young (Allocation Failure) 1373M->178M(4028M) 5.939ms
[59.471s][info][gc,cpu         ] GC(92) User=0.09s Sys=0.00s Real=0.00s
[60.214s][info][gc,start       ] GC(93) Pause Young (Allocation Failure)
[60.224s][info][gc,heap        ] GC(93) PSYoungGen: 1286904K->43023K(1326080K)
[60.224s][info][gc,heap        ] GC(93) PSOldGen: 152523K->176961K(2796544K)
[60.224s][info][gc,metaspace   ] GC(93) Metaspace: 170293K(183612K)->170293K(183612K) NonClass: 149767K(156336K)->149767K(156336K) Class: 20525K(27276K)->20525K(27276K)
[60.224s][info][gc             ] GC(93) Pause Young (Allocation Failure) 1405M->214M(4026M) 10.229ms
[60.224s][info][gc,cpu         ] GC(93) User=0.09s Sys=0.00s Real=0.01s
[60.747s][info][gc,start       ] GC(94) Pause Young (System.gc())
[60.749s][info][gc,heap        ] GC(94) PSYoungGen: 419139K->2107K(1326592K)
[60.749s][info][gc,heap        ] GC(94) PSOldGen: 176961K->178658K(2796544K)
[60.749s][info][gc,metaspace   ] GC(94) Metaspace: 170306K(183612K)->170306K(183612K) NonClass: 149780K(156336K)->149780K(156336K) Class: 20525K(27276K)->20525K(27276K)
[60.749s][info][gc             ] GC(94) Pause Young (System.gc()) 582M->176M(4026M) 2.640ms
[60.749s][info][gc,cpu         ] GC(94) User=0.00s Sys=0.00s Real=0.00s
[60.749s][info][gc,start       ] GC(95) Pause Full (System.gc())
[60.753s][info][gc,phases,start] GC(95) Phase 1: Mark live objects
[60.825s][info][gc,phases      ] GC(95) Phase 1: Mark live objects 72.053ms
[60.825s][info][gc,phases,start] GC(95) Phase 2: Compute new object addresses
[60.834s][info][gc,phases      ] GC(95) Phase 2: Compute new object addresses 9.226ms
[60.834s][info][gc,phases,start] GC(95) Phase 3: Adjust pointers
[60.873s][info][gc,phases      ] GC(95) Phase 3: Adjust pointers 39.117ms
[60.873s][info][gc,phases,start] GC(95) Phase 4: Move objects
[60.874s][info][gc,phases      ] GC(95) Phase 4: Move objects 0.292ms
[60.875s][info][gc,heap        ] GC(95) PSYoungGen: 2107K->0K(1326592K)
[60.875s][info][gc,heap        ] GC(95) PSOldGen: 178658K->180625K(2796544K)
[60.875s][info][gc,metaspace   ] GC(95) Metaspace: 170306K(183612K)->170306K(183612K) NonClass: 149780K(156336K)->149780K(156336K) Class: 20525K(27276K)->20525K(27276K)
[60.875s][info][gc             ] GC(95) Pause Full (System.gc()) 176M->176M(4026M) 125.328ms
[60.875s][info][gc,cpu         ] GC(95) User=0.12s Sys=0.00s Real=0.13s
[61.123s][info][gc,start       ] GC(96) Pause Young (Allocation Failure)
[61.130s][info][gc,heap        ] GC(96) PSYoungGen: 1255424K->32928K(1326592K)
[61.130s][info][gc,heap        ] GC(96) PSOldGen: 180625K->180633K(2796544K)
[61.130s][info][gc,metaspace   ] GC(96) Metaspace: 170412K(183612K)->170412K(183612K) NonClass: 149886K(156336K)->149886K(156336K) Class: 20525K(27276K)->20525K(27276K)
[61.130s][info][gc             ] GC(96) Pause Young (Allocation Failure) 1402M->208M(4026M) 7.064ms
[61.130s][info][gc,cpu         ] GC(96) User=0.05s Sys=0.00s Real=0.01s
[61.878s][info][gc,start       ] GC(97) Pause Young (Allocation Failure)
[61.889s][info][gc,heap        ] GC(97) PSYoungGen: 1286999K->44033K(1323008K)
[61.889s][info][gc,heap        ] GC(97) PSOldGen: 180633K->204065K(2796544K)
[61.889s][info][gc,metaspace   ] GC(97) Metaspace: 170412K(183612K)->170412K(183612K) NonClass: 149886K(156336K)->149886K(156336K) Class: 20525K(27276K)->20525K(27276K)
[61.889s][info][gc             ] GC(97) Pause Young (Allocation Failure) 1433M->242M(4023M) 10.326ms
[61.889s][info][gc,cpu         ] GC(97) User=0.00s Sys=0.00s Real=0.02s
[62.400s][info][gc,start       ] GC(98) Pause Young (System.gc())
[62.403s][info][gc,heap        ] GC(98) PSYoungGen: 426473K->2083K(1325568K)
[62.403s][info][gc,heap        ] GC(98) PSOldGen: 204065K->205754K(2796544K)
[62.403s][info][gc,metaspace   ] GC(98) Metaspace: 170530K(183612K)->170530K(183612K) NonClass: 149982K(156336K)->149982K(156336K) Class: 20547K(27276K)->20547K(27276K)
[62.403s][info][gc             ] GC(98) Pause Young (System.gc()) 615M->202M(4025M) 2.969ms
[62.403s][info][gc,cpu         ] GC(98) User=0.00s Sys=0.00s Real=0.02s
[62.403s][info][gc,start       ] GC(99) Pause Full (System.gc())
[62.405s][info][gc,phases,start] GC(99) Phase 1: Mark live objects
[62.477s][info][gc,phases      ] GC(99) Phase 1: Mark live objects 72.177ms
[62.477s][info][gc,phases,start] GC(99) Phase 2: Compute new object addresses
[62.486s][info][gc,phases      ] GC(99) Phase 2: Compute new object addresses 9.294ms
[62.486s][info][gc,phases,start] GC(99) Phase 3: Adjust pointers
[62.526s][info][gc,phases      ] GC(99) Phase 3: Adjust pointers 39.388ms
[62.526s][info][gc,phases,start] GC(99) Phase 4: Move objects
[62.526s][info][gc,phases      ] GC(99) Phase 4: Move objects 0.302ms
[62.527s][info][gc,heap        ] GC(99) PSYoungGen: 2083K->0K(1325568K)
[62.527s][info][gc,heap        ] GC(99) PSOldGen: 205754K->207741K(2796544K)
[62.527s][info][gc,metaspace   ] GC(99) Metaspace: 170530K(183612K)->170530K(183612K) NonClass: 149982K(156336K)->149982K(156336K) Class: 20547K(27276K)->20547K(27276K)
[62.527s][info][gc             ] GC(99) Pause Full (System.gc()) 202M->202M(4025M) 123.993ms
[62.527s][info][gc,cpu         ] GC(99) User=0.12s Sys=0.00s Real=0.11s
[62.778s][info][gc,start       ] GC(100) Pause Young (Allocation Failure)
[62.784s][info][gc,heap        ] GC(100) PSYoungGen: 1253376K->32051K(1328128K)
[62.784s][info][gc,heap        ] GC(100) PSOldGen: 207741K->207749K(2796544K)
[62.784s][info][gc,metaspace   ] GC(100) Metaspace: 170714K(183868K)->170714K(183868K) NonClass: 150166K(156592K)->150166K(156592K) Class: 20548K(27276K)->20548K(27276K)
[62.785s][info][gc             ] GC(100) Pause Young (Allocation Failure) 1426M->234M(4028M) 6.164ms
[62.785s][info][gc,cpu         ] GC(100) User=0.08s Sys=0.02s Real=0.01s
[63.523s][info][gc,start       ] GC(101) Pause Young (Allocation Failure)
[63.534s][info][gc,heap        ] GC(101) PSYoungGen: 1288499K->45718K(1302528K)
[63.534s][info][gc,heap        ] GC(101) PSOldGen: 207749K->229892K(2796544K)
[63.534s][info][gc,metaspace   ] GC(101) Metaspace: 170794K(183868K)->170794K(183868K) NonClass: 150246K(156592K)->150246K(156592K) Class: 20548K(27276K)->20548K(27276K)
[63.534s][info][gc             ] GC(101) Pause Young (Allocation Failure) 1461M->269M(4003M) 10.827ms
[63.534s][info][gc,cpu         ] GC(101) User=0.09s Sys=0.00s Real=0.02s
[64.068s][info][gc,start       ] GC(102) Pause Young (System.gc())
[64.073s][info][gc,heap        ] GC(102) PSYoungGen: 424001K->2107K(1325056K)
[64.073s][info][gc,heap        ] GC(102) PSOldGen: 229892K->233007K(2796544K)
[64.073s][info][gc,metaspace   ] GC(102) Metaspace: 170812K(183868K)->170812K(183868K) NonClass: 150264K(156592K)->150264K(156592K) Class: 20548K(27276K)->20548K(27276K)
[64.073s][info][gc             ] GC(102) Pause Young (System.gc()) 638M->229M(4025M) 5.388ms
[64.073s][info][gc,cpu         ] GC(102) User=0.00s Sys=0.00s Real=0.00s
[64.073s][info][gc,start       ] GC(103) Pause Full (System.gc())
[64.075s][info][gc,phases,start] GC(103) Phase 1: Mark live objects
[64.149s][info][gc,phases      ] GC(103) Phase 1: Mark live objects 73.368ms
[64.149s][info][gc,phases,start] GC(103) Phase 2: Compute new object addresses
[64.158s][info][gc,phases      ] GC(103) Phase 2: Compute new object addresses 9.284ms
[64.158s][info][gc,phases,start] GC(103) Phase 3: Adjust pointers
[64.200s][info][gc,phases      ] GC(103) Phase 3: Adjust pointers 41.458ms
[64.200s][info][gc,phases,start] GC(103) Phase 4: Move objects
[64.214s][info][gc,phases      ] GC(103) Phase 4: Move objects 14.235ms
[64.215s][info][gc,heap        ] GC(103) PSYoungGen: 2107K->0K(1325056K)
[64.215s][info][gc,heap        ] GC(103) PSOldGen: 233007K->126172K(2796544K)
[64.215s][info][gc,metaspace   ] GC(103) Metaspace: 170812K(183868K)->170812K(183868K) NonClass: 150264K(156592K)->150264K(156592K) Class: 20548K(27276K)->20548K(27276K)
[64.215s][info][gc             ] GC(103) Pause Full (System.gc()) 229M->123M(4025M) 141.592ms
[64.215s][info][gc,cpu         ] GC(103) User=0.14s Sys=0.00s Real=0.14s
[64.442s][info][gc,start       ] GC(104) Pause Young (Allocation Failure)
[64.448s][info][gc,heap        ] GC(104) PSYoungGen: 1252352K->30199K(1325056K)
[64.448s][info][gc,heap        ] GC(104) PSOldGen: 126172K->126180K(2796544K)
[64.448s][info][gc,metaspace   ] GC(104) Metaspace: 170884K(184124K)->170884K(184124K) NonClass: 150335K(156848K)->150335K(156848K) Class: 20548K(27276K)->20548K(27276K)
[64.448s][info][gc             ] GC(104) Pause Young (Allocation Failure) 1346M->152M(4025M) 6.111ms
[64.448s][info][gc,cpu         ] GC(104) User=0.00s Sys=0.00s Real=0.01s
[65.154s][info][gc,start       ] GC(105) Pause Young (Allocation Failure)
[65.165s][info][gc,heap        ] GC(105) PSYoungGen: 1278766K->43026K(1323520K)
[65.165s][info][gc,heap        ] GC(105) PSOldGen: 126180K->150623K(2796544K)
[65.165s][info][gc,metaspace   ] GC(105) Metaspace: 170891K(184124K)->170891K(184124K) NonClass: 150343K(156848K)->150343K(156848K) Class: 20548K(27276K)->20548K(27276K)
[65.165s][info][gc             ] GC(105) Pause Young (Allocation Failure) 1372M->189M(4023M) 10.707ms
[65.165s][info][gc,cpu         ] GC(105) User=0.05s Sys=0.00s Real=0.01s
[65.700s][info][gc,start       ] GC(106) Pause Young (System.gc())
[65.703s][info][gc,heap        ] GC(106) PSYoungGen: 428298K->2098K(1325568K)
[65.703s][info][gc,heap        ] GC(106) PSOldGen: 150623K->152360K(2796544K)
[65.703s][info][gc,metaspace   ] GC(106) Metaspace: 170917K(184124K)->170917K(184124K) NonClass: 150368K(156848K)->150368K(156848K) Class: 20548K(27276K)->20548K(27276K)
[65.703s][info][gc             ] GC(106) Pause Young (System.gc()) 565M->150M(4025M) 2.883ms
[65.703s][info][gc,cpu         ] GC(106) User=0.00s Sys=0.00s Real=0.00s
[65.703s][info][gc,start       ] GC(107) Pause Full (System.gc())
[65.705s][info][gc,phases,start] GC(107) Phase 1: Mark live objects
[65.780s][info][gc,phases      ] GC(107) Phase 1: Mark live objects 74.760ms
[65.780s][info][gc,phases,start] GC(107) Phase 2: Compute new object addresses
[65.789s][info][gc,phases      ] GC(107) Phase 2: Compute new object addresses 9.319ms
[65.789s][info][gc,phases,start] GC(107) Phase 3: Adjust pointers
[65.829s][info][gc,phases      ] GC(107) Phase 3: Adjust pointers 39.787ms
[65.829s][info][gc,phases,start] GC(107) Phase 4: Move objects
[65.829s][info][gc,phases      ] GC(107) Phase 4: Move objects 0.289ms
[65.830s][info][gc,heap        ] GC(107) PSYoungGen: 2098K->0K(1325568K)
[65.830s][info][gc,heap        ] GC(107) PSOldGen: 152360K->154352K(2796544K)
[65.830s][info][gc,metaspace   ] GC(107) Metaspace: 170917K(184124K)->170917K(184124K) NonClass: 150368K(156848K)->150368K(156848K) Class: 20548K(27276K)->20548K(27276K)
[65.830s][info][gc             ] GC(107) Pause Full (System.gc()) 150M->150M(4025M) 127.134ms
[65.830s][info][gc,cpu         ] GC(107) User=0.17s Sys=0.02s Real=0.13s
[66.087s][info][gc,start       ] GC(108) Pause Young (Allocation Failure)
[66.094s][info][gc,heap        ] GC(108) PSYoungGen: 1253376K->31998K(1328128K)
[66.094s][info][gc,heap        ] GC(108) PSOldGen: 154352K->154360K(2796544K)
[66.094s][info][gc,metaspace   ] GC(108) Metaspace: 170966K(184124K)->170966K(184124K) NonClass: 150417K(156848K)->150417K(156848K) Class: 20548K(27276K)->20548K(27276K)
[66.094s][info][gc             ] GC(108) Pause Young (Allocation Failure) 1374M->181M(4028M) 6.381ms
[66.094s][info][gc,cpu         ] GC(108) User=0.00s Sys=0.00s Real=0.01s
[66.830s][info][gc,start       ] GC(109) Pause Young (Allocation Failure)
[66.840s][info][gc,heap        ] GC(109) PSYoungGen: 1287389K->44017K(1300480K)
[66.840s][info][gc,heap        ] GC(109) PSOldGen: 154360K->177789K(2796544K)
[66.840s][info][gc,metaspace   ] GC(109) Metaspace: 170967K(184124K)->170967K(184124K) NonClass: 150418K(156848K)->150418K(156848K) Class: 20548K(27276K)->20548K(27276K)
[66.841s][info][gc             ] GC(109) Pause Young (Allocation Failure) 1407M->216M(4001M) 10.309ms
[66.841s][info][gc,cpu         ] GC(109) User=0.00s Sys=0.00s Real=0.01s
[67.338s][info][gc,start       ] GC(110) Pause Young (System.gc())
[67.340s][info][gc,heap        ] GC(110) PSYoungGen: 420676K->2107K(1325568K)
[67.340s][info][gc,heap        ] GC(110) PSOldGen: 177789K->179471K(2796544K)
[67.340s][info][gc,metaspace   ] GC(110) Metaspace: 170971K(184124K)->170971K(184124K) NonClass: 150423K(156848K)->150423K(156848K) Class: 20548K(27276K)->20548K(27276K)
[67.340s][info][gc             ] GC(110) Pause Young (System.gc()) 584M->177M(4025M) 2.343ms
[67.340s][info][gc,cpu         ] GC(110) User=0.00s Sys=0.00s Real=0.00s
[67.340s][info][gc,start       ] GC(111) Pause Full (System.gc())
[67.342s][info][gc,phases,start] GC(111) Phase 1: Mark live objects
[67.414s][info][gc,phases      ] GC(111) Phase 1: Mark live objects 72.317ms
[67.414s][info][gc,phases,start] GC(111) Phase 2: Compute new object addresses
[67.424s][info][gc,phases      ] GC(111) Phase 2: Compute new object addresses 9.191ms
[67.424s][info][gc,phases,start] GC(111) Phase 3: Adjust pointers
[67.463s][info][gc,phases      ] GC(111) Phase 3: Adjust pointers 39.877ms
[67.464s][info][gc,phases,start] GC(111) Phase 4: Move objects
[67.464s][info][gc,phases      ] GC(111) Phase 4: Move objects 0.280ms
[67.465s][info][gc,heap        ] GC(111) PSYoungGen: 2107K->0K(1325568K)
[67.465s][info][gc,heap        ] GC(111) PSOldGen: 179471K->181436K(2796544K)
[67.465s][info][gc,metaspace   ] GC(111) Metaspace: 170971K(184124K)->170971K(184124K) NonClass: 150423K(156848K)->150423K(156848K) Class: 20548K(27276K)->20548K(27276K)
[67.465s][info][gc             ] GC(111) Pause Full (System.gc()) 177M->177M(4025M) 124.508ms
[67.465s][info][gc,cpu         ] GC(111) User=0.12s Sys=0.00s Real=0.13s
[67.702s][info][gc,start       ] GC(112) Pause Young (Allocation Failure)
[67.708s][info][gc,heap        ] GC(112) PSYoungGen: 1253376K->28881K(1325568K)
[67.708s][info][gc,heap        ] GC(112) PSOldGen: 181436K->181436K(2796544K)
[67.708s][info][gc,metaspace   ] GC(112) Metaspace: 171124K(184380K)->171124K(184380K) NonClass: 150576K(157104K)->150576K(157104K) Class: 20548K(27276K)->20548K(27276K)
[67.708s][info][gc             ] GC(112) Pause Young (Allocation Failure) 1401M->205M(4025M) 6.175ms
[67.708s][info][gc,cpu         ] GC(112) User=0.08s Sys=0.00s Real=0.01s
[68.435s][info][gc,start       ] GC(113) Pause Young (Allocation Failure)
[68.445s][info][gc,heap        ] GC(113) PSYoungGen: 1282257K->42047K(1325568K)
[68.445s][info][gc,heap        ] GC(113) PSOldGen: 181436K->206896K(2796544K)
[68.446s][info][gc,metaspace   ] GC(113) Metaspace: 171141K(184380K)->171141K(184380K) NonClass: 150592K(157104K)->150592K(157104K) Class: 20548K(27276K)->20548K(27276K)
[68.446s][info][gc             ] GC(113) Pause Young (Allocation Failure) 1429M->243M(4025M) 10.657ms
[68.446s][info][gc,cpu         ] GC(113) User=0.09s Sys=0.00s Real=0.02s
[68.945s][info][gc,start       ] GC(114) Pause Young (System.gc())
[68.948s][info][gc,heap        ] GC(114) PSYoungGen: 423645K->2075K(1327104K)
[68.948s][info][gc,heap        ] GC(114) PSOldGen: 206896K->208630K(2796544K)
[68.948s][info][gc,metaspace   ] GC(114) Metaspace: 171188K(184380K)->171188K(184380K) NonClass: 150639K(157104K)->150639K(157104K) Class: 20548K(27276K)->20548K(27276K)
[68.948s][info][gc             ] GC(114) Pause Young (System.gc()) 615M->205M(4027M) 2.822ms
[68.948s][info][gc,cpu         ] GC(114) User=0.00s Sys=0.00s Real=0.00s
[68.948s][info][gc,start       ] GC(115) Pause Full (System.gc())
[68.950s][info][gc,phases,start] GC(115) Phase 1: Mark live objects
[69.025s][info][gc,phases      ] GC(115) Phase 1: Mark live objects 74.070ms
[69.025s][info][gc,phases,start] GC(115) Phase 2: Compute new object addresses
[69.035s][info][gc,phases      ] GC(115) Phase 2: Compute new object addresses 10.153ms
[69.035s][info][gc,phases,start] GC(115) Phase 3: Adjust pointers
[69.076s][info][gc,phases      ] GC(115) Phase 3: Adjust pointers 41.055ms
[69.076s][info][gc,phases,start] GC(115) Phase 4: Move objects
[69.076s][info][gc,phases      ] GC(115) Phase 4: Move objects 0.282ms
[69.077s][info][gc,heap        ] GC(115) PSYoungGen: 2075K->0K(1327104K)
[69.077s][info][gc,heap        ] GC(115) PSOldGen: 208630K->210597K(2796544K)
[69.077s][info][gc,metaspace   ] GC(115) Metaspace: 171188K(184380K)->171188K(184380K) NonClass: 150639K(157104K)->150639K(157104K) Class: 20548K(27276K)->20548K(27276K)
[69.077s][info][gc             ] GC(115) Pause Full (System.gc()) 205M->205M(4027M) 128.869ms
[69.077s][info][gc,cpu         ] GC(115) User=0.12s Sys=0.00s Real=0.13s
[69.302s][info][gc,start       ] GC(116) Pause Young (Allocation Failure)
[69.308s][info][gc,heap        ] GC(116) PSYoungGen: 1256448K->29393K(1329664K)
[69.308s][info][gc,heap        ] GC(116) PSOldGen: 210597K->210597K(2796544K)
[69.308s][info][gc,metaspace   ] GC(116) Metaspace: 171190K(184380K)->171190K(184380K) NonClass: 150641K(157104K)->150641K(157104K) Class: 20548K(27276K)->20548K(27276K)
[69.308s][info][gc             ] GC(116) Pause Young (Allocation Failure) 1432M->234M(4029M) 5.893ms
[69.308s][info][gc,cpu         ] GC(116) User=0.00s Sys=0.00s Real=0.00s
[70.045s][info][gc,start       ] GC(117) Pause Young (Allocation Failure)
[70.057s][info][gc,heap        ] GC(117) PSYoungGen: 1288401K->42005K(1327104K)
[70.057s][info][gc,heap        ] GC(117) PSOldGen: 210597K->236060K(2796544K)
[70.057s][info][gc,metaspace   ] GC(117) Metaspace: 171193K(184380K)->171193K(184380K) NonClass: 150644K(157104K)->150644K(157104K) Class: 20548K(27276K)->20548K(27276K)
[70.057s][info][gc             ] GC(117) Pause Young (Allocation Failure) 1463M->271M(4027M) 11.529ms
[70.057s][info][gc,cpu         ] GC(117) User=0.06s Sys=0.00s Real=0.02s
[70.550s][info][gc,start       ] GC(118) Pause Young (System.gc())
[70.552s][info][gc,heap        ] GC(118) PSYoungGen: 410859K->2075K(1328128K)
[70.553s][info][gc,heap        ] GC(118) PSOldGen: 236060K->237757K(2796544K)
[70.553s][info][gc,metaspace   ] GC(118) Metaspace: 171210K(184380K)->171210K(184380K) NonClass: 150658K(157104K)->150658K(157104K) Class: 20552K(27276K)->20552K(27276K)
[70.553s][info][gc             ] GC(118) Pause Young (System.gc()) 631M->234M(4028M) 2.918ms
[70.553s][info][gc,cpu         ] GC(118) User=0.00s Sys=0.00s Real=0.01s
[70.553s][info][gc,start       ] GC(119) Pause Full (System.gc())
[70.554s][info][gc,phases,start] GC(119) Phase 1: Mark live objects
[70.627s][info][gc,phases      ] GC(119) Phase 1: Mark live objects 73.065ms
[70.627s][info][gc,phases,start] GC(119) Phase 2: Compute new object addresses
[70.637s][info][gc,phases      ] GC(119) Phase 2: Compute new object addresses 9.431ms
[70.637s][info][gc,phases,start] GC(119) Phase 3: Adjust pointers
[70.678s][info][gc,phases      ] GC(119) Phase 3: Adjust pointers 41.447ms
[70.678s][info][gc,phases,start] GC(119) Phase 4: Move objects
[70.687s][info][gc,phases      ] GC(119) Phase 4: Move objects 8.546ms
[70.688s][info][gc,heap        ] GC(119) PSYoungGen: 2075K->0K(1328128K)
[70.688s][info][gc,heap        ] GC(119) PSOldGen: 237757K->126063K(2796544K)
[70.688s][info][gc,metaspace   ] GC(119) Metaspace: 171210K(184380K)->171210K(184380K) NonClass: 150658K(157104K)->150658K(157104K) Class: 20552K(27276K)->20552K(27276K)
[70.688s][info][gc             ] GC(119) Pause Full (System.gc()) 234M->123M(4028M) 135.183ms
[70.688s][info][gc,cpu         ] GC(119) User=0.12s Sys=0.00s Real=0.13s
[70.915s][info][gc,start       ] GC(120) Pause Young (Allocation Failure)
[70.921s][info][gc,heap        ] GC(120) PSYoungGen: 1257984K->31320K(1327616K)
[70.921s][info][gc,heap        ] GC(120) PSOldGen: 126063K->126063K(2796544K)
[70.921s][info][gc,metaspace   ] GC(120) Metaspace: 171236K(184380K)->171236K(184380K) NonClass: 150684K(157104K)->150684K(157104K) Class: 20552K(27276K)->20552K(27276K)
[70.921s][info][gc             ] GC(120) Pause Young (Allocation Failure) 1351M->153M(4027M) 5.889ms
[70.921s][info][gc,cpu         ] GC(120) User=0.00s Sys=0.00s Real=0.01s
[71.657s][info][gc,start       ] GC(121) Pause Young (Allocation Failure)
[71.667s][info][gc,heap        ] GC(121) PSYoungGen: 1289304K->43389K(1324544K)
[71.668s][info][gc,heap        ] GC(121) PSOldGen: 126063K->150499K(2796544K)
[71.668s][info][gc,metaspace   ] GC(121) Metaspace: 171236K(184380K)->171236K(184380K) NonClass: 150684K(157104K)->150684K(157104K) Class: 20552K(27276K)->20552K(27276K)
[71.668s][info][gc             ] GC(121) Pause Young (Allocation Failure) 1382M->189M(4024M) 10.870ms
[71.668s][info][gc,cpu         ] GC(121) User=0.02s Sys=0.00s Real=0.02s
[72.156s][info][gc,start       ] GC(122) Pause Young (System.gc())
[72.159s][info][gc,heap        ] GC(122) PSYoungGen: 407686K->2075K(1327104K)
[72.159s][info][gc,heap        ] GC(122) PSOldGen: 150499K->152188K(2796544K)
[72.159s][info][gc,metaspace   ] GC(122) Metaspace: 171252K(184380K)->171252K(184380K) NonClass: 150700K(157104K)->150700K(157104K) Class: 20552K(27276K)->20552K(27276K)
[72.159s][info][gc             ] GC(122) Pause Young (System.gc()) 545M->150M(4027M) 2.764ms
[72.159s][info][gc,cpu         ] GC(122) User=0.02s Sys=0.00s Real=0.02s
[72.159s][info][gc,start       ] GC(123) Pause Full (System.gc())
[72.162s][info][gc,phases,start] GC(123) Phase 1: Mark live objects
[72.235s][info][gc,phases      ] GC(123) Phase 1: Mark live objects 73.404ms
[72.235s][info][gc,phases,start] GC(123) Phase 2: Compute new object addresses
[72.244s][info][gc,phases      ] GC(123) Phase 2: Compute new object addresses 9.159ms
[72.244s][info][gc,phases,start] GC(123) Phase 3: Adjust pointers
[72.285s][info][gc,phases      ] GC(123) Phase 3: Adjust pointers 40.295ms
[72.285s][info][gc,phases,start] GC(123) Phase 4: Move objects
[72.285s][info][gc,phases      ] GC(123) Phase 4: Move objects 0.314ms
[72.286s][info][gc,heap        ] GC(123) PSYoungGen: 2075K->0K(1327104K)
[72.286s][info][gc,heap        ] GC(123) PSOldGen: 152188K->154145K(2796544K)
[72.286s][info][gc,metaspace   ] GC(123) Metaspace: 171252K(184380K)->171252K(184380K) NonClass: 150700K(157104K)->150700K(157104K) Class: 20552K(27276K)->20552K(27276K)
[72.286s][info][gc             ] GC(123) Pause Full (System.gc()) 150M->150M(4027M) 126.821ms
[72.286s][info][gc,cpu         ] GC(123) User=0.11s Sys=0.02s Real=0.12s
[72.516s][info][gc,start       ] GC(124) Pause Young (Allocation Failure)
[72.522s][info][gc,heap        ] GC(124) PSYoungGen: 1256448K->31735K(1329152K)
[72.522s][info][gc,heap        ] GC(124) PSOldGen: 154145K->154145K(2796544K)
[72.522s][info][gc,metaspace   ] GC(124) Metaspace: 171282K(184380K)->171282K(184380K) NonClass: 150730K(157104K)->150730K(157104K) Class: 20552K(27276K)->20552K(27276K)
[72.522s][info][gc             ] GC(124) Pause Young (Allocation Failure) 1377M->181M(4029M) 6.056ms
[72.522s][info][gc,cpu         ] GC(124) User=0.02s Sys=0.00s Real=0.01s
[73.257s][info][gc,start       ] GC(125) Pause Young (Allocation Failure)
[73.268s][info][gc,heap        ] GC(125) PSYoungGen: 1290743K->43040K(1302528K)
[73.268s][info][gc,heap        ] GC(125) PSOldGen: 154145K->178656K(2796544K)
[73.268s][info][gc,metaspace   ] GC(125) Metaspace: 171287K(184380K)->171287K(184380K) NonClass: 150735K(157104K)->150735K(157104K) Class: 20552K(27276K)->20552K(27276K)
[73.268s][info][gc             ] GC(125) Pause Young (Allocation Failure) 1411M->216M(4003M) 11.241ms
[73.268s][info][gc,cpu         ] GC(125) User=0.05s Sys=0.00s Real=0.01s
[73.761s][info][gc,start       ] GC(126) Pause Young (System.gc())
[73.763s][info][gc,heap        ] GC(126) PSYoungGen: 415271K->2034K(1327104K)
[73.763s][info][gc,heap        ] GC(126) PSOldGen: 178656K->180346K(2796544K)
[73.763s][info][gc,metaspace   ] GC(126) Metaspace: 171315K(184380K)->171315K(184380K) NonClass: 150763K(157104K)->150763K(157104K) Class: 20552K(27276K)->20552K(27276K)
[73.763s][info][gc             ] GC(126) Pause Young (System.gc()) 580M->178M(4027M) 2.783ms
[73.764s][info][gc,cpu         ] GC(126) User=0.00s Sys=0.00s Real=0.00s
[73.764s][info][gc,start       ] GC(127) Pause Full (System.gc())
[73.766s][info][gc,phases,start] GC(127) Phase 1: Mark live objects
[73.839s][info][gc,phases      ] GC(127) Phase 1: Mark live objects 73.333ms
[73.839s][info][gc,phases,start] GC(127) Phase 2: Compute new object addresses
[73.848s][info][gc,phases      ] GC(127) Phase 2: Compute new object addresses 9.310ms
[73.848s][info][gc,phases,start] GC(127) Phase 3: Adjust pointers
[73.889s][info][gc,phases      ] GC(127) Phase 3: Adjust pointers 40.484ms
[73.889s][info][gc,phases,start] GC(127) Phase 4: Move objects
[73.889s][info][gc,phases      ] GC(127) Phase 4: Move objects 0.286ms
[73.890s][info][gc,heap        ] GC(127) PSYoungGen: 2034K->0K(1327104K)
[73.890s][info][gc,heap        ] GC(127) PSOldGen: 180346K->182307K(2796544K)
[73.890s][info][gc,metaspace   ] GC(127) Metaspace: 171315K(184380K)->171315K(184380K) NonClass: 150763K(157104K)->150763K(157104K) Class: 20552K(27276K)->20552K(27276K)
[73.890s][info][gc             ] GC(127) Pause Full (System.gc()) 178M->178M(4027M) 126.626ms
[73.890s][info][gc,cpu         ] GC(127) User=0.14s Sys=0.00s Real=0.13s
[74.116s][info][gc,start       ] GC(128) Pause Young (Allocation Failure)
[74.122s][info][gc,heap        ] GC(128) PSYoungGen: 1256448K->29591K(1327104K)
[74.122s][info][gc,heap        ] GC(128) PSOldGen: 182307K->182307K(2796544K)
[74.122s][info][gc,metaspace   ] GC(128) Metaspace: 171335K(184380K)->171335K(184380K) NonClass: 150783K(157104K)->150783K(157104K) Class: 20552K(27276K)->20552K(27276K)
[74.122s][info][gc             ] GC(128) Pause Young (Allocation Failure) 1405M->206M(4027M) 5.855ms
[74.122s][info][gc,cpu         ] GC(128) User=0.00s Sys=0.00s Real=0.00s
[74.840s][info][gc,start       ] GC(129) Pause Young (Allocation Failure)
[74.850s][info][gc,heap        ] GC(129) PSYoungGen: 1286039K->44919K(1323520K)
[74.850s][info][gc,heap        ] GC(129) PSOldGen: 182307K->205047K(2796544K)
[74.850s][info][gc,metaspace   ] GC(129) Metaspace: 171336K(184380K)->171336K(184380K) NonClass: 150784K(157104K)->150784K(157104K) Class: 20552K(27276K)->20552K(27276K)
[74.850s][info][gc             ] GC(129) Pause Young (Allocation Failure) 1433M->244M(4023M) 10.431ms
[74.850s][info][gc,cpu         ] GC(129) User=0.09s Sys=0.00s Real=0.01s
[75.390s][info][gc,start       ] GC(130) Pause Young (System.gc())
[75.392s][info][gc,heap        ] GC(130) PSYoungGen: 451193K->2189K(1326592K)
[75.392s][info][gc,heap        ] GC(130) PSOldGen: 205047K->207379K(2796544K)
[75.392s][info][gc,metaspace   ] GC(130) Metaspace: 171341K(184380K)->171341K(184380K) NonClass: 150789K(157104K)->150789K(157104K) Class: 20552K(27276K)->20552K(27276K)
[75.392s][info][gc             ] GC(130) Pause Young (System.gc()) 640M->204M(4026M) 2.482ms
[75.392s][info][gc,cpu         ] GC(130) User=0.06s Sys=0.02s Real=0.00s
[75.392s][info][gc,start       ] GC(131) Pause Full (System.gc())
[75.394s][info][gc,phases,start] GC(131) Phase 1: Mark live objects
[75.467s][info][gc,phases      ] GC(131) Phase 1: Mark live objects 72.841ms
[75.467s][info][gc,phases,start] GC(131) Phase 2: Compute new object addresses
[75.476s][info][gc,phases      ] GC(131) Phase 2: Compute new object addresses 9.297ms
[75.476s][info][gc,phases,start] GC(131) Phase 3: Adjust pointers
[75.517s][info][gc,phases      ] GC(131) Phase 3: Adjust pointers 41.047ms
[75.517s][info][gc,phases,start] GC(131) Phase 4: Move objects
[75.518s][info][gc,phases      ] GC(131) Phase 4: Move objects 0.307ms
[75.519s][info][gc,heap        ] GC(131) PSYoungGen: 2189K->0K(1326592K)
[75.519s][info][gc,heap        ] GC(131) PSOldGen: 207379K->209439K(2796544K)
[75.519s][info][gc,metaspace   ] GC(131) Metaspace: 171341K(184380K)->171341K(184380K) NonClass: 150789K(157104K)->150789K(157104K) Class: 20552K(27276K)->20552K(27276K)
[75.519s][info][gc             ] GC(131) Pause Full (System.gc()) 204M->204M(4026M) 126.114ms
[75.519s][info][gc,cpu         ] GC(131) User=0.12s Sys=0.00s Real=0.13s
[75.767s][info][gc,start       ] GC(132) Pause Young (Allocation Failure)
[75.773s][info][gc,heap        ] GC(132) PSYoungGen: 1255424K->34417K(1327616K)
[75.773s][info][gc,heap        ] GC(132) PSOldGen: 209439K->209439K(2796544K)
[75.773s][info][gc,metaspace   ] GC(132) Metaspace: 171351K(184380K)->171351K(184380K) NonClass: 150799K(157104K)->150799K(157104K) Class: 20552K(27276K)->20552K(27276K)
[75.773s][info][gc             ] GC(132) Pause Young (Allocation Failure) 1430M->238M(4027M) 6.584ms
[75.773s][info][gc,cpu         ] GC(132) User=0.00s Sys=0.00s Real=0.01s
[76.517s][info][gc,start       ] GC(133) Pause Young (Allocation Failure)
[76.527s][info][gc,heap        ] GC(133) PSYoungGen: 1290661K->44847K(1301504K)
[76.527s][info][gc,heap        ] GC(133) PSOldGen: 209439K->232043K(2796544K)
[76.527s][info][gc,metaspace   ] GC(133) Metaspace: 171353K(184380K)->171353K(184380K) NonClass: 150801K(157104K)->150801K(157104K) Class: 20552K(27276K)->20552K(27276K)
[76.527s][info][gc             ] GC(133) Pause Young (Allocation Failure) 1464M->270M(4002M) 10.684ms
[76.527s][info][gc,cpu         ] GC(133) User=0.02s Sys=0.00s Real=0.02s
[77.047s][info][gc,start       ] GC(134) Pause Young (System.gc())
[77.050s][info][gc,heap        ] GC(134) PSYoungGen: 421209K->2130K(1325056K)
[77.050s][info][gc,heap        ] GC(134) PSOldGen: 232043K->233732K(2796544K)
[77.050s][info][gc,metaspace   ] GC(134) Metaspace: 171365K(184380K)->171365K(184380K) NonClass: 150813K(157104K)->150813K(157104K) Class: 20552K(27276K)->20552K(27276K)
[77.050s][info][gc             ] GC(134) Pause Young (System.gc()) 637M->230M(4025M) 3.031ms
[77.050s][info][gc,cpu         ] GC(134) User=0.05s Sys=0.00s Real=0.00s
[77.050s][info][gc,start       ] GC(135) Pause Full (System.gc())
[77.053s][info][gc,phases,start] GC(135) Phase 1: Mark live objects
[77.128s][info][gc,phases      ] GC(135) Phase 1: Mark live objects 75.158ms
[77.128s][info][gc,phases,start] GC(135) Phase 2: Compute new object addresses
[77.138s][info][gc,phases      ] GC(135) Phase 2: Compute new object addresses 9.620ms
[77.138s][info][gc,phases,start] GC(135) Phase 3: Adjust pointers
[77.179s][info][gc,phases      ] GC(135) Phase 3: Adjust pointers 41.545ms
[77.179s][info][gc,phases,start] GC(135) Phase 4: Move objects
[77.194s][info][gc,phases      ] GC(135) Phase 4: Move objects 14.557ms
[77.195s][info][gc,heap        ] GC(135) PSYoungGen: 2130K->0K(1325056K)
[77.195s][info][gc,heap        ] GC(135) PSOldGen: 233732K->125973K(2796544K)
[77.195s][info][gc,metaspace   ] GC(135) Metaspace: 171365K(184380K)->171365K(184380K) NonClass: 150813K(157104K)->150813K(157104K) Class: 20552K(27276K)->20552K(27276K)
[77.195s][info][gc             ] GC(135) Pause Full (System.gc()) 230M->123M(4025M) 144.875ms
[77.195s][info][gc,cpu         ] GC(135) User=0.20s Sys=0.00s Real=0.14s
[77.441s][info][gc,start       ] GC(136) Pause Young (Allocation Failure)
[77.447s][info][gc,heap        ] GC(136) PSYoungGen: 1252352K->28953K(1325056K)
[77.447s][info][gc,heap        ] GC(136) PSOldGen: 125973K->125973K(2796544K)
[77.447s][info][gc,metaspace   ] GC(136) Metaspace: 171383K(184636K)->171383K(184636K) NonClass: 150831K(157360K)->150831K(157360K) Class: 20552K(27276K)->20552K(27276K)
[77.447s][info][gc             ] GC(136) Pause Young (Allocation Failure) 1346M->151M(4025M) 5.795ms
[77.447s][info][gc,cpu         ] GC(136) User=0.00s Sys=0.00s Real=0.01s
[78.147s][info][gc,start       ] GC(137) Pause Young (Allocation Failure)
[78.157s][info][gc,heap        ] GC(137) PSYoungGen: 1281305K->42297K(1324544K)
[78.157s][info][gc,heap        ] GC(137) PSOldGen: 125973K->151441K(2796544K)
[78.157s][info][gc,metaspace   ] GC(137) Metaspace: 171386K(184636K)->171386K(184636K) NonClass: 150834K(157360K)->150834K(157360K) Class: 20552K(27276K)->20552K(27276K)
[78.157s][info][gc             ] GC(137) Pause Young (Allocation Failure) 1374M->189M(4024M) 10.668ms
[78.157s][info][gc,cpu         ] GC(137) User=0.06s Sys=0.02s Real=0.02s
[78.676s][info][gc,start       ] GC(138) Pause Young (System.gc())
[78.678s][info][gc,heap        ] GC(138) PSYoungGen: 421497K->2075K(1326592K)
[78.678s][info][gc,heap        ] GC(138) PSOldGen: 151441K->153183K(2796544K)
[78.678s][info][gc,metaspace   ] GC(138) Metaspace: 171450K(184636K)->171450K(184636K) NonClass: 150898K(157360K)->150898K(157360K) Class: 20552K(27276K)->20552K(27276K)
[78.678s][info][gc             ] GC(138) Pause Young (System.gc()) 559M->151M(4026M) 2.429ms
[78.678s][info][gc,cpu         ] GC(138) User=0.00s Sys=0.00s Real=0.00s
[78.678s][info][gc,start       ] GC(139) Pause Full (System.gc())
[78.680s][info][gc,phases,start] GC(139) Phase 1: Mark live objects
[78.753s][info][gc,phases      ] GC(139) Phase 1: Mark live objects 72.620ms
[78.753s][info][gc,phases,start] GC(139) Phase 2: Compute new object addresses
[78.762s][info][gc,phases      ] GC(139) Phase 2: Compute new object addresses 9.270ms
[78.762s][info][gc,phases,start] GC(139) Phase 3: Adjust pointers
[78.802s][info][gc,phases      ] GC(139) Phase 3: Adjust pointers 40.249ms
[78.802s][info][gc,phases,start] GC(139) Phase 4: Move objects
[78.803s][info][gc,phases      ] GC(139) Phase 4: Move objects 0.288ms
[78.803s][info][gc,heap        ] GC(139) PSYoungGen: 2075K->0K(1326592K)
[78.804s][info][gc,heap        ] GC(139) PSOldGen: 153183K->155148K(2796544K)
[78.804s][info][gc,metaspace   ] GC(139) Metaspace: 171450K(184636K)->171450K(184636K) NonClass: 150898K(157360K)->150898K(157360K) Class: 20552K(27276K)->20552K(27276K)
[78.804s][info][gc             ] GC(139) Pause Full (System.gc()) 151M->151M(4026M) 125.144ms
[78.804s][info][gc,cpu         ] GC(139) User=0.12s Sys=0.00s Real=0.13s
[79.029s][info][gc,start       ] GC(140) Pause Young (Allocation Failure)
[79.035s][info][gc,heap        ] GC(140) PSYoungGen: 1255424K->30864K(1329152K)
[79.035s][info][gc,heap        ] GC(140) PSOldGen: 155148K->155156K(2796544K)
[79.035s][info][gc,metaspace   ] GC(140) Metaspace: 171463K(184636K)->171463K(184636K) NonClass: 150911K(157360K)->150911K(157360K) Class: 20552K(27276K)->20552K(27276K)
[79.035s][info][gc             ] GC(140) Pause Young (Allocation Failure) 1377M->181M(4029M) 5.796ms
[79.035s][info][gc,cpu         ] GC(140) User=0.08s Sys=0.00s Real=0.00s
[79.775s][info][gc,start       ] GC(141) Pause Young (Allocation Failure)
[79.786s][info][gc,heap        ] GC(141) PSYoungGen: 1288848K->43132K(1326592K)
[79.786s][info][gc,heap        ] GC(141) PSOldGen: 155156K->179592K(2796544K)
[79.786s][info][gc,metaspace   ] GC(141) Metaspace: 171477K(184636K)->171477K(184636K) NonClass: 150925K(157360K)->150925K(157360K) Class: 20552K(27276K)->20552K(27276K)
[79.786s][info][gc             ] GC(141) Pause Young (Allocation Failure) 1410M->217M(4026M) 10.652ms
[79.786s][info][gc,cpu         ] GC(141) User=0.09s Sys=0.00s Real=0.01s
[80.274s][info][gc,start       ] GC(142) Pause Young (System.gc())
[80.277s][info][gc,heap        ] GC(142) PSYoungGen: 412859K->2074K(1326592K)
[80.277s][info][gc,heap        ] GC(142) PSOldGen: 179592K->181298K(2796544K)
[80.277s][info][gc,metaspace   ] GC(142) Metaspace: 171480K(184636K)->171480K(184636K) NonClass: 150928K(157360K)->150928K(157360K) Class: 20552K(27276K)->20552K(27276K)
[80.277s][info][gc             ] GC(142) Pause Young (System.gc()) 578M->179M(4026M) 2.939ms
[80.277s][info][gc,cpu         ] GC(142) User=0.00s Sys=0.00s Real=0.02s
[80.277s][info][gc,start       ] GC(143) Pause Full (System.gc())
[80.279s][info][gc,phases,start] GC(143) Phase 1: Mark live objects
[80.352s][info][gc,phases      ] GC(143) Phase 1: Mark live objects 73.354ms
[80.352s][info][gc,phases,start] GC(143) Phase 2: Compute new object addresses
[80.361s][info][gc,phases      ] GC(143) Phase 2: Compute new object addresses 9.324ms
[80.361s][info][gc,phases,start] GC(143) Phase 3: Adjust pointers
[80.401s][info][gc,phases      ] GC(143) Phase 3: Adjust pointers 40.030ms
[80.401s][info][gc,phases,start] GC(143) Phase 4: Move objects
[80.402s][info][gc,phases      ] GC(143) Phase 4: Move objects 0.294ms
[80.403s][info][gc,heap        ] GC(143) PSYoungGen: 2074K->0K(1326592K)
[80.403s][info][gc,heap        ] GC(143) PSOldGen: 181298K->183286K(2796544K)
[80.403s][info][gc,metaspace   ] GC(143) Metaspace: 171480K(184636K)->171480K(184636K) NonClass: 150928K(157360K)->150928K(157360K) Class: 20552K(27276K)->20552K(27276K)
[80.403s][info][gc             ] GC(143) Pause Full (System.gc()) 179M->178M(4026M) 125.915ms
[80.403s][info][gc,cpu         ] GC(143) User=0.12s Sys=0.00s Real=0.12s
[80.626s][info][gc,start       ] GC(144) Pause Young (Allocation Failure)
[80.633s][info][gc,heap        ] GC(144) PSYoungGen: 1255310K->34245K(1326592K)
[80.633s][info][gc,heap        ] GC(144) PSOldGen: 183286K->183286K(2796544K)
[80.633s][info][gc,metaspace   ] GC(144) Metaspace: 171495K(184636K)->171495K(184636K) NonClass: 150943K(157360K)->150943K(157360K) Class: 20552K(27276K)->20552K(27276K)
[80.633s][info][gc             ] GC(144) Pause Young (Allocation Failure) 1404M->212M(4026M) 6.320ms
[80.633s][info][gc,cpu         ] GC(144) User=0.00s Sys=0.00s Real=0.00s
[81.382s][info][gc,start       ] GC(145) Pause Young (Allocation Failure)
[81.393s][info][gc,heap        ] GC(145) PSYoungGen: 1289651K->45190K(1322496K)
[81.393s][info][gc,heap        ] GC(145) PSOldGen: 183286K->205689K(2796544K)
[81.393s][info][gc,metaspace   ] GC(145) Metaspace: 171496K(184636K)->171496K(184636K) NonClass: 150944K(157360K)->150944K(157360K) Class: 20552K(27276K)->20552K(27276K)
[81.393s][info][gc             ] GC(145) Pause Young (Allocation Failure) 1438M->245M(4022M) 10.694ms
[81.393s][info][gc,cpu         ] GC(145) User=0.09s Sys=0.00s Real=0.02s
[81.873s][info][gc,start       ] GC(146) Pause Young (System.gc())
[81.876s][info][gc,heap        ] GC(146) PSYoungGen: 416913K->2043K(1325056K)
[81.876s][info][gc,heap        ] GC(146) PSOldGen: 205689K->207387K(2796544K)
[81.876s][info][gc,metaspace   ] GC(146) Metaspace: 171498K(184636K)->171498K(184636K) NonClass: 150946K(157360K)->150946K(157360K) Class: 20552K(27276K)->20552K(27276K)
[81.876s][info][gc             ] GC(146) Pause Young (System.gc()) 608M->204M(4025M) 2.858ms
[81.876s][info][gc,cpu         ] GC(146) User=0.02s Sys=0.00s Real=0.00s
[81.876s][info][gc,start       ] GC(147) Pause Full (System.gc())
[81.878s][info][gc,phases,start] GC(147) Phase 1: Mark live objects
[81.951s][info][gc,phases      ] GC(147) Phase 1: Mark live objects 73.143ms
[81.951s][info][gc,phases,start] GC(147) Phase 2: Compute new object addresses
[81.961s][info][gc,phases      ] GC(147) Phase 2: Compute new object addresses 9.723ms
[81.961s][info][gc,phases,start] GC(147) Phase 3: Adjust pointers
[82.001s][info][gc,phases      ] GC(147) Phase 3: Adjust pointers 40.346ms
[82.001s][info][gc,phases,start] GC(147) Phase 4: Move objects
[82.002s][info][gc,phases      ] GC(147) Phase 4: Move objects 0.296ms
[82.002s][info][gc,heap        ] GC(147) PSYoungGen: 2043K->0K(1325056K)
[82.003s][info][gc,heap        ] GC(147) PSOldGen: 207387K->209346K(2796544K)
[82.003s][info][gc,metaspace   ] GC(147) Metaspace: 171498K(184636K)->171498K(184636K) NonClass: 150946K(157360K)->150946K(157360K) Class: 20552K(27276K)->20552K(27276K)
[82.003s][info][gc             ] GC(147) Pause Full (System.gc()) 204M->204M(4025M) 126.250ms
[82.003s][info][gc,cpu         ] GC(147) User=0.12s Sys=0.00s Real=0.13s
[82.234s][info][gc,start       ] GC(148) Pause Young (Allocation Failure)
[82.240s][info][gc,heap        ] GC(148) PSYoungGen: 1252352K->31837K(1327104K)
[82.240s][info][gc,heap        ] GC(148) PSOldGen: 209346K->209346K(2796544K)
[82.240s][info][gc,metaspace   ] GC(148) Metaspace: 171512K(184636K)->171512K(184636K) NonClass: 150960K(157360K)->150960K(157360K) Class: 20552K(27276K)->20552K(27276K)
[82.240s][info][gc             ] GC(148) Pause Young (Allocation Failure) 1427M->235M(4027M) 6.294ms
[82.240s][info][gc,cpu         ] GC(148) User=0.09s Sys=0.00s Real=0.01s
[82.965s][info][gc,start       ] GC(149) Pause Young (Allocation Failure)
[82.976s][info][gc,heap        ] GC(149) PSYoungGen: 1286237K->44234K(1325056K)
[82.976s][info][gc,heap        ] GC(149) PSOldGen: 209346K->232758K(2796544K)
[82.976s][info][gc,metaspace   ] GC(149) Metaspace: 171512K(184636K)->171512K(184636K) NonClass: 150960K(157360K)->150960K(157360K) Class: 20552K(27276K)->20552K(27276K)
[82.976s][info][gc             ] GC(149) Pause Young (Allocation Failure) 1460M->270M(4025M) 10.626ms
[82.976s][info][gc,cpu         ] GC(149) User=0.09s Sys=0.00s Real=0.02s
[83.470s][info][gc,start       ] GC(150) Pause Young (System.gc())
[83.472s][info][gc,heap        ] GC(150) PSYoungGen: 420461K->2075K(1325056K)
[83.472s][info][gc,heap        ] GC(150) PSOldGen: 232758K->234549K(2796544K)
[83.472s][info][gc,metaspace   ] GC(150) Metaspace: 171557K(184636K)->171557K(184636K) NonClass: 151005K(157360K)->151005K(157360K) Class: 20552K(27276K)->20552K(27276K)
[83.473s][info][gc             ] GC(150) Pause Young (System.gc()) 637M->231M(4025M) 2.534ms
[83.473s][info][gc,cpu         ] GC(150) User=0.00s Sys=0.00s Real=0.00s
[83.473s][info][gc,start       ] GC(151) Pause Full (System.gc())
[83.474s][info][gc,phases,start] GC(151) Phase 1: Mark live objects
[83.547s][info][gc,phases      ] GC(151) Phase 1: Mark live objects 72.912ms
[83.547s][info][gc,phases,start] GC(151) Phase 2: Compute new object addresses
[83.557s][info][gc,phases      ] GC(151) Phase 2: Compute new object addresses 9.447ms
[83.557s][info][gc,phases,start] GC(151) Phase 3: Adjust pointers
[83.598s][info][gc,phases      ] GC(151) Phase 3: Adjust pointers 40.998ms
[83.598s][info][gc,phases,start] GC(151) Phase 4: Move objects
[83.604s][info][gc,phases      ] GC(151) Phase 4: Move objects 6.073ms
[83.605s][info][gc,heap        ] GC(151) PSYoungGen: 2075K->0K(1325056K)
[83.605s][info][gc,heap        ] GC(151) PSOldGen: 234549K->125974K(2796544K)
[83.605s][info][gc,metaspace   ] GC(151) Metaspace: 171557K(184636K)->171557K(184636K) NonClass: 151005K(157360K)->151005K(157360K) Class: 20552K(27276K)->20552K(27276K)
[83.605s][info][gc             ] GC(151) Pause Full (System.gc()) 231M->123M(4025M) 132.200ms
[83.605s][info][gc,cpu         ] GC(151) User=0.12s Sys=0.00s Real=0.14s
[83.824s][info][gc,start       ] GC(152) Pause Young (Allocation Failure)
[83.830s][info][gc,heap        ] GC(152) PSYoungGen: 1252352K->29139K(1325056K)
[83.830s][info][gc,heap        ] GC(152) PSOldGen: 125974K->125974K(2796544K)
[83.830s][info][gc,metaspace   ] GC(152) Metaspace: 171558K(184636K)->171558K(184636K) NonClass: 151006K(157360K)->151006K(157360K) Class: 20552K(27276K)->20552K(27276K)
[83.830s][info][gc             ] GC(152) Pause Young (Allocation Failure) 1346M->151M(4025M) 5.771ms
[83.830s][info][gc,cpu         ] GC(152) User=0.09s Sys=0.00s Real=0.00s
[84.561s][info][gc,start       ] GC(153) Pause Young (Allocation Failure)
[84.571s][info][gc,heap        ] GC(153) PSYoungGen: 1281491K->43782K(1323008K)
[84.571s][info][gc,heap        ] GC(153) PSOldGen: 125974K->150755K(2796544K)
[84.571s][info][gc,metaspace   ] GC(153) Metaspace: 171565K(184636K)->171565K(184636K) NonClass: 151009K(157360K)->151009K(157360K) Class: 20555K(27276K)->20555K(27276K)
[84.571s][info][gc             ] GC(153) Pause Young (Allocation Failure) 1374M->189M(4023M) 10.643ms
[84.571s][info][gc,cpu         ] GC(153) User=0.09s Sys=0.00s Real=0.01s
[85.059s][info][gc,start       ] GC(154) Pause Young (System.gc())
[85.062s][info][gc,heap        ] GC(154) PSYoungGen: 424330K->2075K(1325568K)
[85.062s][info][gc,heap        ] GC(154) PSOldGen: 150755K->153154K(2796544K)
[85.062s][info][gc,metaspace   ] GC(154) Metaspace: 171569K(184636K)->171569K(184636K) NonClass: 151013K(157360K)->151013K(157360K) Class: 20555K(27276K)->20555K(27276K)
[85.062s][info][gc             ] GC(154) Pause Young (System.gc()) 561M->151M(4025M) 2.703ms
[85.062s][info][gc,cpu         ] GC(154) User=0.00s Sys=0.00s Real=0.00s
[85.062s][info][gc,start       ] GC(155) Pause Full (System.gc())
[85.064s][info][gc,phases,start] GC(155) Phase 1: Mark live objects
[85.139s][info][gc,phases      ] GC(155) Phase 1: Mark live objects 75.277ms
[85.139s][info][gc,phases,start] GC(155) Phase 2: Compute new object addresses
[85.148s][info][gc,phases      ] GC(155) Phase 2: Compute new object addresses 9.234ms
[85.148s][info][gc,phases,start] GC(155) Phase 3: Adjust pointers
[85.189s][info][gc,phases      ] GC(155) Phase 3: Adjust pointers 40.344ms
[85.189s][info][gc,phases,start] GC(155) Phase 4: Move objects
[85.189s][info][gc,phases      ] GC(155) Phase 4: Move objects 0.298ms
[85.190s][info][gc,heap        ] GC(155) PSYoungGen: 2075K->0K(1325568K)
[85.190s][info][gc,heap        ] GC(155) PSOldGen: 153154K->155121K(2796544K)
[85.190s][info][gc,metaspace   ] GC(155) Metaspace: 171569K(184636K)->171569K(184636K) NonClass: 151013K(157360K)->151013K(157360K) Class: 20555K(27276K)->20555K(27276K)
[85.190s][info][gc             ] GC(155) Pause Full (System.gc()) 151M->151M(4025M) 128.107ms
[85.190s][info][gc,cpu         ] GC(155) User=0.16s Sys=0.00s Real=0.13s
[85.430s][info][gc,start       ] GC(156) Pause Young (Allocation Failure)
[85.436s][info][gc,heap        ] GC(156) PSYoungGen: 1253376K->31774K(1328128K)
[85.436s][info][gc,heap        ] GC(156) PSOldGen: 155121K->155121K(2796544K)
[85.436s][info][gc,metaspace   ] GC(156) Metaspace: 171676K(184636K)->171676K(184636K) NonClass: 151121K(157360K)->151121K(157360K) Class: 20555K(27276K)->20555K(27276K)
[85.436s][info][gc             ] GC(156) Pause Young (Allocation Failure) 1375M->182M(4028M) 6.039ms
[85.436s][info][gc,cpu         ] GC(156) User=0.00s Sys=0.00s Real=0.01s
[86.159s][info][gc,start       ] GC(157) Pause Young (Allocation Failure)
[86.169s][info][gc,heap        ] GC(157) PSYoungGen: 1286555K->44050K(1300992K)
[86.169s][info][gc,heap        ] GC(157) PSOldGen: 155121K->178556K(2796544K)
[86.169s][info][gc,metaspace   ] GC(157) Metaspace: 171676K(184636K)->171676K(184636K) NonClass: 151121K(157360K)->151121K(157360K) Class: 20555K(27276K)->20555K(27276K)
[86.169s][info][gc             ] GC(157) Pause Young (Allocation Failure) 1407M->217M(4001M) 10.200ms
[86.169s][info][gc,cpu         ] GC(157) User=0.00s Sys=0.00s Real=0.01s
[86.672s][info][gc,start       ] GC(158) Pause Young (System.gc())
[86.675s][info][gc,heap        ] GC(158) PSYoungGen: 419820K->2083K(1325568K)
[86.675s][info][gc,heap        ] GC(158) PSOldGen: 178556K->180229K(2796544K)
[86.675s][info][gc,metaspace   ] GC(158) Metaspace: 171768K(184892K)->171768K(184892K) NonClass: 151211K(157616K)->151211K(157616K) Class: 20556K(27276K)->20556K(27276K)
[86.675s][info][gc             ] GC(158) Pause Young (System.gc()) 584M->178M(4025M) 2.631ms
[86.675s][info][gc,cpu         ] GC(158) User=0.00s Sys=0.00s Real=0.00s
[86.675s][info][gc,start       ] GC(159) Pause Full (System.gc())
[86.677s][info][gc,phases,start] GC(159) Phase 1: Mark live objects
[86.749s][info][gc,phases      ] GC(159) Phase 1: Mark live objects 72.631ms
[86.749s][info][gc,phases,start] GC(159) Phase 2: Compute new object addresses
[86.759s][info][gc,phases      ] GC(159) Phase 2: Compute new object addresses 9.325ms
[86.759s][info][gc,phases,start] GC(159) Phase 3: Adjust pointers
[86.799s][info][gc,phases      ] GC(159) Phase 3: Adjust pointers 40.380ms
[86.799s][info][gc,phases,start] GC(159) Phase 4: Move objects
[86.800s][info][gc,phases      ] GC(159) Phase 4: Move objects 0.290ms
[86.800s][info][gc,heap        ] GC(159) PSYoungGen: 2083K->0K(1325568K)
[86.801s][info][gc,heap        ] GC(159) PSOldGen: 180229K->182192K(2796544K)
[86.801s][info][gc,metaspace   ] GC(159) Metaspace: 171768K(184892K)->171768K(184892K) NonClass: 151211K(157616K)->151211K(157616K) Class: 20556K(27276K)->20556K(27276K)
[86.801s][info][gc             ] GC(159) Pause Full (System.gc()) 178M->177M(4025M) 125.338ms
[86.801s][info][gc,cpu         ] GC(159) User=0.12s Sys=0.00s Real=0.13s
[87.028s][info][gc,start       ] GC(160) Pause Young (Allocation Failure)
[87.034s][info][gc,heap        ] GC(160) PSYoungGen: 1253376K->33198K(1325568K)
[87.034s][info][gc,heap        ] GC(160) PSOldGen: 182192K->182192K(2796544K)
[87.034s][info][gc,metaspace   ] GC(160) Metaspace: 171772K(184892K)->171772K(184892K) NonClass: 151216K(157616K)->151216K(157616K) Class: 20556K(27276K)->20556K(27276K)
[87.034s][info][gc             ] GC(160) Pause Young (Allocation Failure) 1401M->210M(4025M) 6.026ms
[87.034s][info][gc,cpu         ] GC(160) User=0.09s Sys=0.00s Real=0.00s
[87.753s][info][gc,start       ] GC(161) Pause Young (Allocation Failure)
[87.764s][info][gc,heap        ] GC(161) PSYoungGen: 1286574K->46148K(1320960K)
[87.764s][info][gc,heap        ] GC(161) PSOldGen: 182192K->204598K(2796544K)
[87.764s][info][gc,metaspace   ] GC(161) Metaspace: 171772K(184892K)->171772K(184892K) NonClass: 151216K(157616K)->151216K(157616K) Class: 20556K(27276K)->20556K(27276K)
[87.764s][info][gc             ] GC(161) Pause Young (Allocation Failure) 1434M->244M(4021M) 10.748ms
[87.764s][info][gc,cpu         ] GC(161) User=0.00s Sys=0.00s Real=0.02s
[88.252s][info][gc,start       ] GC(162) Pause Young (System.gc())
[88.255s][info][gc,heap        ] GC(162) PSYoungGen: 425327K->2043K(1324032K)
[88.255s][info][gc,heap        ] GC(162) PSOldGen: 204598K->206332K(2796544K)
[88.255s][info][gc,metaspace   ] GC(162) Metaspace: 171775K(184892K)->171775K(184892K) NonClass: 151219K(157616K)->151219K(157616K) Class: 20556K(27276K)->20556K(27276K)
[88.255s][info][gc             ] GC(162) Pause Young (System.gc()) 615M->203M(4024M) 2.703ms
[88.255s][info][gc,cpu         ] GC(162) User=0.00s Sys=0.00s Real=0.01s
[88.255s][info][gc,start       ] GC(163) Pause Full (System.gc())
[88.257s][info][gc,phases,start] GC(163) Phase 1: Mark live objects
[88.330s][info][gc,phases      ] GC(163) Phase 1: Mark live objects 73.289ms
[88.330s][info][gc,phases,start] GC(163) Phase 2: Compute new object addresses
[88.339s][info][gc,phases      ] GC(163) Phase 2: Compute new object addresses 9.239ms
[88.339s][info][gc,phases,start] GC(163) Phase 3: Adjust pointers
[88.380s][info][gc,phases      ] GC(163) Phase 3: Adjust pointers 40.718ms
[88.380s][info][gc,phases,start] GC(163) Phase 4: Move objects
[88.380s][info][gc,phases      ] GC(163) Phase 4: Move objects 0.299ms
[88.381s][info][gc,heap        ] GC(163) PSYoungGen: 2043K->0K(1324032K)
[88.381s][info][gc,heap        ] GC(163) PSOldGen: 206332K->208296K(2796544K)
[88.381s][info][gc,metaspace   ] GC(163) Metaspace: 171775K(184892K)->171775K(184892K) NonClass: 151219K(157616K)->151219K(157616K) Class: 20556K(27276K)->20556K(27276K)
[88.381s][info][gc             ] GC(163) Pause Full (System.gc()) 203M->203M(4024M) 126.368ms
[88.382s][info][gc,cpu         ] GC(163) User=0.12s Sys=0.00s Real=0.12s
[88.616s][info][gc,start       ] GC(164) Pause Young (Allocation Failure)
[88.622s][info][gc,heap        ] GC(164) PSYoungGen: 1250304K->30032K(1327104K)
[88.622s][info][gc,heap        ] GC(164) PSOldGen: 208296K->208296K(2796544K)
[88.622s][info][gc,metaspace   ] GC(164) Metaspace: 171794K(184892K)->171794K(184892K) NonClass: 151238K(157616K)->151238K(157616K) Class: 20556K(27276K)->20556K(27276K)
[88.622s][info][gc             ] GC(164) Pause Young (Allocation Failure) 1424M->232M(4027M) 5.737ms
[88.622s][info][gc,cpu         ] GC(164) User=0.00s Sys=0.00s Real=0.01s
[89.320s][info][gc,start       ] GC(165) Pause Young (Allocation Failure)
[89.330s][info][gc,heap        ] GC(165) PSYoungGen: 1283914K->42969K(1324544K)
[89.330s][info][gc,heap        ] GC(165) PSOldGen: 208296K->232734K(2796544K)
[89.330s][info][gc,metaspace   ] GC(165) Metaspace: 171794K(184892K)->171794K(184892K) NonClass: 151238K(157616K)->151238K(157616K) Class: 20556K(27276K)->20556K(27276K)
[89.331s][info][gc             ] GC(165) Pause Young (Allocation Failure) 1457M->269M(4024M) 10.569ms
[89.331s][info][gc,cpu         ] GC(165) User=0.09s Sys=0.00s Real=0.02s
[89.836s][info][gc,start       ] GC(166) Pause Young (System.gc())
[89.839s][info][gc,heap        ] GC(166) PSYoungGen: 424609K->2075K(1325568K)
[89.839s][info][gc,heap        ] GC(166) PSOldGen: 232734K->234463K(2796544K)
[89.839s][info][gc,metaspace   ] GC(166) Metaspace: 171799K(184892K)->171799K(184892K) NonClass: 151243K(157616K)->151243K(157616K) Class: 20556K(27276K)->20556K(27276K)
[89.839s][info][gc             ] GC(166) Pause Young (System.gc()) 641M->230M(4025M) 2.827ms
[89.839s][info][gc,cpu         ] GC(166) User=0.00s Sys=0.00s Real=0.00s
[89.839s][info][gc,start       ] GC(167) Pause Full (System.gc())
[89.842s][info][gc,phases,start] GC(167) Phase 1: Mark live objects
[89.915s][info][gc,phases      ] GC(167) Phase 1: Mark live objects 73.747ms
[89.915s][info][gc,phases,start] GC(167) Phase 2: Compute new object addresses
[89.925s][info][gc,phases      ] GC(167) Phase 2: Compute new object addresses 9.365ms
[89.925s][info][gc,phases,start] GC(167) Phase 3: Adjust pointers
[89.967s][info][gc,phases      ] GC(167) Phase 3: Adjust pointers 42.259ms
[89.967s][info][gc,phases,start] GC(167) Phase 4: Move objects
[89.977s][info][gc,phases      ] GC(167) Phase 4: Move objects 9.687ms
[89.978s][info][gc,heap        ] GC(167) PSYoungGen: 2075K->0K(1325568K)
[89.978s][info][gc,heap        ] GC(167) PSOldGen: 234463K->126673K(2796544K)
[89.978s][info][gc,metaspace   ] GC(167) Metaspace: 171799K(184892K)->171799K(184892K) NonClass: 151243K(157616K)->151243K(157616K) Class: 20556K(27276K)->20556K(27276K)
[89.978s][info][gc             ] GC(167) Pause Full (System.gc()) 230M->123M(4025M) 138.484ms
[89.978s][info][gc,cpu         ] GC(167) User=0.16s Sys=0.00s Real=0.14s
[90.210s][info][gc,start       ] GC(168) Pause Young (Allocation Failure)
[90.216s][info][gc,heap        ] GC(168) PSYoungGen: 1253376K->30201K(1325568K)
[90.216s][info][gc,heap        ] GC(168) PSOldGen: 126673K->126673K(2796544K)
[90.216s][info][gc,metaspace   ] GC(168) Metaspace: 171802K(184892K)->171802K(184892K) NonClass: 151246K(157616K)->151246K(157616K) Class: 20556K(27276K)->20556K(27276K)
[90.216s][info][gc             ] GC(168) Pause Young (Allocation Failure) 1347M->153M(4025M) 5.996ms
[90.216s][info][gc,cpu         ] GC(168) User=0.00s Sys=0.00s Real=0.01s
[90.935s][info][gc,start       ] GC(169) Pause Young (Allocation Failure)
[90.945s][info][gc,heap        ] GC(169) PSYoungGen: 1283577K->43169K(1324032K)
[90.945s][info][gc,heap        ] GC(169) PSOldGen: 126673K->151114K(2796544K)
[90.945s][info][gc,metaspace   ] GC(169) Metaspace: 171802K(184892K)->171802K(184892K) NonClass: 151246K(157616K)->151246K(157616K) Class: 20556K(27276K)->20556K(27276K)
[90.945s][info][gc             ] GC(169) Pause Young (Allocation Failure) 1377M->189M(4024M) 10.537ms
[90.945s][info][gc,cpu         ] GC(169) User=0.09s Sys=0.00s Real=0.01s
[91.426s][info][gc,start       ] GC(170) Pause Young (System.gc())
[91.428s][info][gc,heap        ] GC(170) PSYoungGen: 422317K->2043K(1326080K)
[91.428s][info][gc,heap        ] GC(170) PSOldGen: 151114K->152848K(2796544K)
[91.428s][info][gc,metaspace   ] GC(170) Metaspace: 171803K(184892K)->171803K(184892K) NonClass: 151247K(157616K)->151247K(157616K) Class: 20556K(27276K)->20556K(27276K)
[91.428s][info][gc             ] GC(170) Pause Young (System.gc()) 559M->151M(4026M) 2.755ms
[91.428s][info][gc,cpu         ] GC(170) User=0.00s Sys=0.00s Real=0.00s
[91.428s][info][gc,start       ] GC(171) Pause Full (System.gc())
[91.430s][info][gc,phases,start] GC(171) Phase 1: Mark live objects
[91.503s][info][gc,phases      ] GC(171) Phase 1: Mark live objects 73.232ms
[91.503s][info][gc,phases,start] GC(171) Phase 2: Compute new object addresses
[91.513s][info][gc,phases      ] GC(171) Phase 2: Compute new object addresses 9.233ms
[91.513s][info][gc,phases,start] GC(171) Phase 3: Adjust pointers
[91.554s][info][gc,phases      ] GC(171) Phase 3: Adjust pointers 40.953ms
[91.554s][info][gc,phases,start] GC(171) Phase 4: Move objects
[91.554s][info][gc,phases      ] GC(171) Phase 4: Move objects 0.282ms
[91.555s][info][gc,heap        ] GC(171) PSYoungGen: 2043K->0K(1326080K)
[91.555s][info][gc,heap        ] GC(171) PSOldGen: 152848K->154809K(2796544K)
[91.555s][info][gc,metaspace   ] GC(171) Metaspace: 171803K(184892K)->171803K(184892K) NonClass: 151247K(157616K)->151247K(157616K) Class: 20556K(27276K)->20556K(27276K)
[91.555s][info][gc             ] GC(171) Pause Full (System.gc()) 151M->151M(4026M) 126.423ms
[91.555s][info][gc,cpu         ] GC(171) User=0.12s Sys=0.00s Real=0.12s
[91.774s][info][gc,start       ] GC(172) Pause Young (Allocation Failure)
[91.781s][info][gc,heap        ] GC(172) PSYoungGen: 1254400K->34820K(1327104K)
[91.781s][info][gc,heap        ] GC(172) PSOldGen: 154809K->154809K(2796544K)
[91.781s][info][gc,metaspace   ] GC(172) Metaspace: 171804K(184892K)->171804K(184892K) NonClass: 151247K(157616K)->151247K(157616K) Class: 20556K(27276K)->20556K(27276K)
[91.781s][info][gc             ] GC(172) Pause Young (Allocation Failure) 1376M->185M(4027M) 6.435ms
[91.781s][info][gc,cpu         ] GC(172) User=0.00s Sys=0.00s Real=0.01s
[92.512s][info][gc,start       ] GC(173) Pause Young (Allocation Failure)
[92.522s][info][gc,heap        ] GC(173) PSYoungGen: 1288620K->45100K(1300992K)
[92.522s][info][gc,heap        ] GC(173) PSOldGen: 154809K->177219K(2796544K)
[92.522s][info][gc,metaspace   ] GC(173) Metaspace: 171804K(184892K)->171804K(184892K) NonClass: 151247K(157616K)->151247K(157616K) Class: 20556K(27276K)->20556K(27276K)
[92.522s][info][gc             ] GC(173) Pause Young (Allocation Failure) 1409M->217M(4001M) 10.360ms
[92.522s][info][gc,cpu         ] GC(173) User=0.09s Sys=0.00s Real=0.02s
[93.010s][info][gc,start       ] GC(174) Pause Young (System.gc())
[93.012s][info][gc,heap        ] GC(174) PSYoungGen: 423462K->2075K(1324544K)
[93.012s][info][gc,heap        ] GC(174) PSOldGen: 177219K->178956K(2796544K)
[93.012s][info][gc,metaspace   ] GC(174) Metaspace: 171806K(184892K)->171806K(184892K) NonClass: 151250K(157616K)->151250K(157616K) Class: 20556K(27276K)->20556K(27276K)
[93.012s][info][gc             ] GC(174) Pause Young (System.gc()) 586M->176M(4024M) 2.650ms
[93.012s][info][gc,cpu         ] GC(174) User=0.00s Sys=0.00s Real=0.00s
[93.012s][info][gc,start       ] GC(175) Pause Full (System.gc())
[93.014s][info][gc,phases,start] GC(175) Phase 1: Mark live objects
[93.090s][info][gc,phases      ] GC(175) Phase 1: Mark live objects 75.928ms
[93.090s][info][gc,phases,start] GC(175) Phase 2: Compute new object addresses
[93.099s][info][gc,phases      ] GC(175) Phase 2: Compute new object addresses 9.233ms
[93.099s][info][gc,phases,start] GC(175) Phase 3: Adjust pointers
[93.140s][info][gc,phases      ] GC(175) Phase 3: Adjust pointers 41.328ms
[93.140s][info][gc,phases,start] GC(175) Phase 4: Move objects
[93.141s][info][gc,phases      ] GC(175) Phase 4: Move objects 0.272ms
[93.142s][info][gc,heap        ] GC(175) PSYoungGen: 2075K->0K(1324544K)
[93.142s][info][gc,heap        ] GC(175) PSOldGen: 178956K->180916K(2796544K)
[93.142s][info][gc,metaspace   ] GC(175) Metaspace: 171806K(184892K)->171806K(184892K) NonClass: 151250K(157616K)->151250K(157616K) Class: 20556K(27276K)->20556K(27276K)
[93.142s][info][gc             ] GC(175) Pause Full (System.gc()) 176M->176M(4024M) 129.412ms
[93.142s][info][gc,cpu         ] GC(175) User=0.14s Sys=0.00s Real=0.13s
[93.368s][info][gc,start       ] GC(176) Pause Young (Allocation Failure)
[93.373s][info][gc,heap        ] GC(176) PSYoungGen: 1251328K->28971K(1324544K)
[93.373s][info][gc,heap        ] GC(176) PSOldGen: 180916K->180916K(2796544K)
[93.373s][info][gc,metaspace   ] GC(176) Metaspace: 171813K(184892K)->171813K(184892K) NonClass: 151257K(157616K)->151257K(157616K) Class: 20556K(27276K)->20556K(27276K)
[93.373s][info][gc             ] GC(176) Pause Young (Allocation Failure) 1398M->204M(4024M) 5.476ms
[93.373s][info][gc,cpu         ] GC(176) User=0.00s Sys=0.00s Real=0.01s
[94.066s][info][gc,start       ] GC(177) Pause Young (Allocation Failure)
[94.076s][info][gc,heap        ] GC(177) PSYoungGen: 1278860K->42047K(1324032K)
[94.076s][info][gc,heap        ] GC(177) PSOldGen: 180916K->206375K(2796544K)
[94.076s][info][gc,metaspace   ] GC(177) Metaspace: 171819K(184892K)->171819K(184892K) NonClass: 151263K(157616K)->151263K(157616K) Class: 20556K(27276K)->20556K(27276K)
[94.076s][info][gc             ] GC(177) Pause Young (Allocation Failure) 1425M->242M(4024M) 10.327ms
[94.076s][info][gc,cpu         ] GC(177) User=0.00s Sys=0.00s Real=0.01s
[94.590s][info][gc,start       ] GC(178) Pause Young (System.gc())
[94.593s][info][gc,heap        ] GC(178) PSYoungGen: 431899K->2130K(1326080K)
[94.593s][info][gc,heap        ] GC(178) PSOldGen: 206375K->208109K(2796544K)
[94.593s][info][gc,metaspace   ] GC(178) Metaspace: 171824K(184892K)->171824K(184892K) NonClass: 151267K(157616K)->151267K(157616K) Class: 20556K(27276K)->20556K(27276K)
[94.593s][info][gc             ] GC(178) Pause Young (System.gc()) 623M->205M(4026M) 2.682ms
[94.593s][info][gc,cpu         ] GC(178) User=0.00s Sys=0.00s Real=0.00s
[94.593s][info][gc,start       ] GC(179) Pause Full (System.gc())
[94.595s][info][gc,phases,start] GC(179) Phase 1: Mark live objects
[94.668s][info][gc,phases      ] GC(179) Phase 1: Mark live objects 73.496ms
[94.668s][info][gc,phases,start] GC(179) Phase 2: Compute new object addresses
[94.678s][info][gc,phases      ] GC(179) Phase 2: Compute new object addresses 9.346ms
[94.678s][info][gc,phases,start] GC(179) Phase 3: Adjust pointers
[94.719s][info][gc,phases      ] GC(179) Phase 3: Adjust pointers 41.016ms
[94.719s][info][gc,phases,start] GC(179) Phase 4: Move objects
[94.719s][info][gc,phases      ] GC(179) Phase 4: Move objects 0.305ms
[94.720s][info][gc,heap        ] GC(179) PSYoungGen: 2130K->0K(1326080K)
[94.720s][info][gc,heap        ] GC(179) PSOldGen: 208109K->210096K(2796544K)
[94.720s][info][gc,metaspace   ] GC(179) Metaspace: 171824K(184892K)->171824K(184892K) NonClass: 151267K(157616K)->151267K(157616K) Class: 20556K(27276K)->20556K(27276K)
[94.720s][info][gc             ] GC(179) Pause Full (System.gc()) 205M->205M(4026M) 126.773ms
[94.720s][info][gc,cpu         ] GC(179) User=0.12s Sys=0.02s Real=0.13s
[94.941s][info][gc,start       ] GC(180) Pause Young (Allocation Failure)
[94.946s][info][gc,heap        ] GC(180) PSYoungGen: 1254400K->29361K(1329152K)
[94.946s][info][gc,heap        ] GC(180) PSOldGen: 210096K->210096K(2796544K)
[94.946s][info][gc,metaspace   ] GC(180) Metaspace: 171862K(184892K)->171862K(184892K) NonClass: 151306K(157616K)->151306K(157616K) Class: 20556K(27276K)->20556K(27276K)
[94.946s][info][gc             ] GC(180) Pause Young (Allocation Failure) 1430M->233M(4029M) 5.759ms
[94.946s][info][gc,cpu         ] GC(180) User=0.00s Sys=0.00s Real=0.00s
[95.664s][info][gc,start       ] GC(181) Pause Young (Allocation Failure)
[95.674s][info][gc,heap        ] GC(181) PSYoungGen: 1287345K->41983K(1326592K)
[95.675s][info][gc,heap        ] GC(181) PSOldGen: 210096K->235562K(2796544K)
[95.675s][info][gc,metaspace   ] GC(181) Metaspace: 171863K(184892K)->171863K(184892K) NonClass: 151307K(157616K)->151307K(157616K) Class: 20556K(27276K)->20556K(27276K)
[95.675s][info][gc             ] GC(181) Pause Young (Allocation Failure) 1462M->271M(4026M) 10.562ms
[95.675s][info][gc,cpu         ] GC(181) User=0.09s Sys=0.00s Real=0.02s
[96.159s][info][gc,start       ] GC(182) Pause Young (System.gc())
[96.162s][info][gc,heap        ] GC(182) PSYoungGen: 412142K->2066K(1327616K)
[96.162s][info][gc,heap        ] GC(182) PSOldGen: 235562K->237252K(2796544K)
[96.162s][info][gc,metaspace   ] GC(182) Metaspace: 171942K(184892K)->171942K(184892K) NonClass: 151385K(157616K)->151385K(157616K) Class: 20556K(27276K)->20556K(27276K)
[96.162s][info][gc             ] GC(182) Pause Young (System.gc()) 632M->233M(4027M) 2.718ms
[96.162s][info][gc,cpu         ] GC(182) User=0.00s Sys=0.00s Real=0.00s
[96.162s][info][gc,start       ] GC(183) Pause Full (System.gc())
[96.163s][info][gc,phases,start] GC(183) Phase 1: Mark live objects
[96.237s][info][gc,phases      ] GC(183) Phase 1: Mark live objects 73.493ms
[96.237s][info][gc,phases,start] GC(183) Phase 2: Compute new object addresses
[96.246s][info][gc,phases      ] GC(183) Phase 2: Compute new object addresses 9.318ms
[96.246s][info][gc,phases,start] GC(183) Phase 3: Adjust pointers
[96.289s][info][gc,phases      ] GC(183) Phase 3: Adjust pointers 42.345ms
[96.289s][info][gc,phases,start] GC(183) Phase 4: Move objects
[96.297s][info][gc,phases      ] GC(183) Phase 4: Move objects 7.902ms
[96.298s][info][gc,heap        ] GC(183) PSYoungGen: 2066K->0K(1327616K)
[96.298s][info][gc,heap        ] GC(183) PSOldGen: 237252K->126480K(2796544K)
[96.298s][info][gc,metaspace   ] GC(183) Metaspace: 171942K(184892K)->171942K(184892K) NonClass: 151385K(157616K)->151385K(157616K) Class: 20556K(27276K)->20556K(27276K)
[96.298s][info][gc             ] GC(183) Pause Full (System.gc()) 233M->123M(4027M) 135.841ms
[96.298s][info][gc,cpu         ] GC(183) User=0.14s Sys=0.00s Real=0.13s
[96.526s][info][gc,start       ] GC(184) Pause Young (Allocation Failure)
[96.532s][info][gc,heap        ] GC(184) PSYoungGen: 1256960K->31321K(1327104K)
[96.532s][info][gc,heap        ] GC(184) PSOldGen: 126480K->126480K(2796544K)
[96.532s][info][gc,metaspace   ] GC(184) Metaspace: 171955K(184892K)->171955K(184892K) NonClass: 151399K(157616K)->151399K(157616K) Class: 20556K(27276K)->20556K(27276K)
[96.532s][info][gc             ] GC(184) Pause Young (Allocation Failure) 1351M->154M(4027M) 6.008ms
[96.532s][info][gc,cpu         ] GC(184) User=0.00s Sys=0.00s Real=0.01s
[97.253s][info][gc,start       ] GC(185) Pause Young (Allocation Failure)
[97.263s][info][gc,heap        ] GC(185) PSYoungGen: 1288281K->42974K(1324544K)
[97.263s][info][gc,heap        ] GC(185) PSOldGen: 126480K->150919K(2796544K)
[97.263s][info][gc,metaspace   ] GC(185) Metaspace: 171990K(184892K)->171990K(184892K) NonClass: 151424K(157616K)->151424K(157616K) Class: 20565K(27276K)->20565K(27276K)
[97.263s][info][gc             ] GC(185) Pause Young (Allocation Failure) 1381M->189M(4024M) 10.721ms
[97.263s][info][gc,cpu         ] GC(185) User=0.00s Sys=0.00s Real=0.01s
[97.750s][info][gc,start       ] GC(186) Pause Young (System.gc())
[97.752s][info][gc,heap        ] GC(186) PSYoungGen: 411773K->2075K(1327104K)
[97.752s][info][gc,heap        ] GC(186) PSOldGen: 150919K->152625K(2796544K)
[97.752s][info][gc,metaspace   ] GC(186) Metaspace: 171990K(184892K)->171990K(184892K) NonClass: 151424K(157616K)->151424K(157616K) Class: 20565K(27276K)->20565K(27276K)
[97.752s][info][gc             ] GC(186) Pause Young (System.gc()) 549M->151M(4027M) 2.665ms
[97.752s][info][gc,cpu         ] GC(186) User=0.06s Sys=0.00s Real=0.00s
[97.752s][info][gc,start       ] GC(187) Pause Full (System.gc())
[97.754s][info][gc,phases,start] GC(187) Phase 1: Mark live objects
[97.832s][info][gc,phases      ] GC(187) Phase 1: Mark live objects 78.152ms
[97.832s][info][gc,phases,start] GC(187) Phase 2: Compute new object addresses
[97.842s][info][gc,phases      ] GC(187) Phase 2: Compute new object addresses 9.962ms
[97.842s][info][gc,phases,start] GC(187) Phase 3: Adjust pointers
[97.884s][info][gc,phases      ] GC(187) Phase 3: Adjust pointers 41.683ms
[97.884s][info][gc,phases,start] GC(187) Phase 4: Move objects
[97.884s][info][gc,phases      ] GC(187) Phase 4: Move objects 0.286ms
[97.885s][info][gc,heap        ] GC(187) PSYoungGen: 2075K->0K(1327104K)
[97.885s][info][gc,heap        ] GC(187) PSOldGen: 152625K->154581K(2796544K)
[97.885s][info][gc,metaspace   ] GC(187) Metaspace: 171990K(184892K)->171990K(184892K) NonClass: 151424K(157616K)->151424K(157616K) Class: 20565K(27276K)->20565K(27276K)
[97.885s][info][gc             ] GC(187) Pause Full (System.gc()) 151M->150M(4027M) 132.856ms
[97.885s][info][gc,cpu         ] GC(187) User=0.12s Sys=0.00s Real=0.14s
[98.109s][info][gc,start       ] GC(188) Pause Young (Allocation Failure)
[98.116s][info][gc,heap        ] GC(188) PSYoungGen: 1256448K->32007K(1329152K)
[98.116s][info][gc,heap        ] GC(188) PSOldGen: 154581K->154581K(2796544K)
[98.116s][info][gc,metaspace   ] GC(188) Metaspace: 171999K(184892K)->171999K(184892K) NonClass: 151434K(157616K)->151434K(157616K) Class: 20565K(27276K)->20565K(27276K)
[98.116s][info][gc             ] GC(188) Pause Young (Allocation Failure) 1377M->182M(4029M) 6.528ms
[98.116s][info][gc,cpu         ] GC(188) User=0.02s Sys=0.00s Real=0.01s
[98.832s][info][gc,start       ] GC(189) Pause Young (Allocation Failure)
[98.845s][info][gc,heap        ] GC(189) PSYoungGen: 1290503K->44307K(1303040K)
[98.845s][info][gc,heap        ] GC(189) PSOldGen: 154581K->178003K(2796544K)
[98.845s][info][gc,metaspace   ] GC(189) Metaspace: 171999K(184892K)->171999K(184892K) NonClass: 151434K(157616K)->151434K(157616K) Class: 20565K(27276K)->20565K(27276K)
[98.845s][info][gc             ] GC(189) Pause Young (Allocation Failure) 1411M->217M(4003M) 12.682ms
[98.845s][info][gc,cpu         ] GC(189) User=0.03s Sys=0.00s Real=0.02s
[99.322s][info][gc,start       ] GC(190) Pause Young (System.gc())
[99.325s][info][gc,heap        ] GC(190) PSYoungGen: 415541K->2075K(1326592K)
[99.325s][info][gc,heap        ] GC(190) PSOldGen: 178003K->179684K(2796544K)
[99.325s][info][gc,metaspace   ] GC(190) Metaspace: 171999K(184892K)->171999K(184892K) NonClass: 151434K(157616K)->151434K(157616K) Class: 20565K(27276K)->20565K(27276K)
[99.325s][info][gc             ] GC(190) Pause Young (System.gc()) 579M->177M(4026M) 2.675ms
[99.325s][info][gc,cpu         ] GC(190) User=0.00s Sys=0.00s Real=0.00s
[99.325s][info][gc,start       ] GC(191) Pause Full (System.gc())
[99.330s][info][gc,phases,start] GC(191) Phase 1: Mark live objects
[99.404s][info][gc,phases      ] GC(191) Phase 1: Mark live objects 74.037ms
[99.404s][info][gc,phases,start] GC(191) Phase 2: Compute new object addresses
[99.413s][info][gc,phases      ] GC(191) Phase 2: Compute new object addresses 9.251ms
[99.413s][info][gc,phases,start] GC(191) Phase 3: Adjust pointers
[99.453s][info][gc,phases      ] GC(191) Phase 3: Adjust pointers 40.298ms
[99.453s][info][gc,phases,start] GC(191) Phase 4: Move objects
[99.454s][info][gc,phases      ] GC(191) Phase 4: Move objects 0.287ms
[99.455s][info][gc,heap        ] GC(191) PSYoungGen: 2075K->0K(1326592K)
[99.455s][info][gc,heap        ] GC(191) PSOldGen: 179684K->181642K(2796544K)
[99.455s][info][gc,metaspace   ] GC(191) Metaspace: 171999K(184892K)->171999K(184892K) NonClass: 151434K(157616K)->151434K(157616K) Class: 20565K(27276K)->20565K(27276K)
[99.455s][info][gc             ] GC(191) Pause Full (System.gc()) 177M->177M(4026M) 129.491ms
[99.455s][info][gc,cpu         ] GC(191) User=0.19s Sys=0.00s Real=0.13s
[99.674s][info][gc,start       ] GC(192) Pause Young (Allocation Failure)
[99.681s][info][gc,heap        ] GC(192) PSYoungGen: 1254912K->30975K(1326080K)
[99.681s][info][gc,heap        ] GC(192) PSOldGen: 181642K->181642K(2796544K)
[99.681s][info][gc,metaspace   ] GC(192) Metaspace: 172001K(184892K)->172001K(184892K) NonClass: 151435K(157616K)->151435K(157616K) Class: 20565K(27276K)->20565K(27276K)
[99.681s][info][gc             ] GC(192) Pause Young (Allocation Failure) 1402M->207M(4026M) 6.296ms
[99.681s][info][gc,cpu         ] GC(192) User=0.00s Sys=0.00s Real=0.01s
[100.392s][info][gc,start       ] GC(193) Pause Young (Allocation Failure)
[100.403s][info][gc,heap        ] GC(193) PSYoungGen: 1285742K->43057K(1324544K)
[100.403s][info][gc,heap        ] GC(193) PSOldGen: 181642K->206076K(2796544K)
[100.403s][info][gc,metaspace   ] GC(193) Metaspace: 172009K(184892K)->172009K(184892K) NonClass: 151443K(157616K)->151443K(157616K) Class: 20565K(27276K)->20565K(27276K)
[100.403s][info][gc             ] GC(193) Pause Young (Allocation Failure) 1432M->243M(4024M) 10.866ms
[100.403s][info][gc,cpu         ] GC(193) User=0.00s Sys=0.00s Real=0.03s
[100.885s][info][gc,start       ] GC(194) Pause Young (System.gc())
[100.887s][info][gc,heap        ] GC(194) PSYoungGen: 418955K->2107K(1326592K)
[100.887s][info][gc,heap        ] GC(194) PSOldGen: 206076K->207750K(2796544K)
[100.887s][info][gc,metaspace   ] GC(194) Metaspace: 172011K(184892K)->172011K(184892K) NonClass: 151445K(157616K)->151445K(157616K) Class: 20565K(27276K)->20565K(27276K)
[100.887s][info][gc             ] GC(194) Pause Young (System.gc()) 610M->204M(4026M) 2.472ms
[100.887s][info][gc,cpu         ] GC(194) User=0.00s Sys=0.00s Real=0.02s
[100.887s][info][gc,start       ] GC(195) Pause Full (System.gc())
[100.889s][info][gc,phases,start] GC(195) Phase 1: Mark live objects
[100.962s][info][gc,phases      ] GC(195) Phase 1: Mark live objects 73.681ms
[100.962s][info][gc,phases,start] GC(195) Phase 2: Compute new object addresses
[100.972s][info][gc,phases      ] GC(195) Phase 2: Compute new object addresses 9.355ms
[100.972s][info][gc,phases,start] GC(195) Phase 3: Adjust pointers
[101.012s][info][gc,phases      ] GC(195) Phase 3: Adjust pointers 40.343ms
[101.012s][info][gc,phases,start] GC(195) Phase 4: Move objects
[101.012s][info][gc,phases      ] GC(195) Phase 4: Move objects 0.277ms
[101.013s][info][gc,heap        ] GC(195) PSYoungGen: 2107K->0K(1326592K)
[101.013s][info][gc,heap        ] GC(195) PSOldGen: 207750K->209707K(2796544K)
[101.013s][info][gc,metaspace   ] GC(195) Metaspace: 172011K(184892K)->172011K(184892K) NonClass: 151445K(157616K)->151445K(157616K) Class: 20565K(27276K)->20565K(27276K)
[101.013s][info][gc             ] GC(195) Pause Full (System.gc()) 204M->204M(4026M) 126.306ms
[101.013s][info][gc,cpu         ] GC(195) User=0.12s Sys=0.00s Real=0.11s
[101.246s][info][gc,start       ] GC(196) Pause Young (Allocation Failure)
[101.252s][info][gc,heap        ] GC(196) PSYoungGen: 1255424K->30850K(1329152K)
[101.252s][info][gc,heap        ] GC(196) PSOldGen: 209707K->209707K(2796544K)
[101.252s][info][gc,metaspace   ] GC(196) Metaspace: 172114K(185148K)->172114K(185148K) NonClass: 151548K(157872K)->151548K(157872K) Class: 20565K(27276K)->20565K(27276K)
[101.252s][info][gc             ] GC(196) Pause Young (Allocation Failure) 1430M->234M(4029M) 6.002ms
[101.252s][info][gc,cpu         ] GC(196) User=0.09s Sys=0.00s Real=0.01s
[101.956s][info][gc,start       ] GC(197) Pause Young (Allocation Failure)
[101.966s][info][gc,heap        ] GC(197) PSYoungGen: 1286620K->43664K(1326592K)
[101.966s][info][gc,heap        ] GC(197) PSOldGen: 209707K->233480K(2796544K)
[101.966s][info][gc,metaspace   ] GC(197) Metaspace: 172114K(185148K)->172114K(185148K) NonClass: 151548K(157872K)->151548K(157872K) Class: 20565K(27276K)->20565K(27276K)
[101.966s][info][gc             ] GC(197) Pause Young (Allocation Failure) 1461M->270M(4026M) 10.223ms
[101.966s][info][gc,cpu         ] GC(197) User=0.00s Sys=0.00s Real=0.01s
[102.446s][info][gc,start       ] GC(198) Pause Young (System.gc())
[102.449s][info][gc,heap        ] GC(198) PSYoungGen: 420326K->2034K(1326592K)
[102.449s][info][gc,heap        ] GC(198) PSOldGen: 233480K->235840K(2796544K)
[102.449s][info][gc,metaspace   ] GC(198) Metaspace: 172191K(185148K)->172191K(185148K) NonClass: 151625K(157872K)->151625K(157872K) Class: 20565K(27276K)->20565K(27276K)
[102.449s][info][gc             ] GC(198) Pause Young (System.gc()) 638M->232M(4026M) 2.560ms
[102.449s][info][gc,cpu         ] GC(198) User=0.00s Sys=0.00s Real=0.00s
[102.449s][info][gc,start       ] GC(199) Pause Full (System.gc())
[102.450s][info][gc,phases,start] GC(199) Phase 1: Mark live objects
[102.524s][info][gc,phases      ] GC(199) Phase 1: Mark live objects 73.323ms
[102.524s][info][gc,phases,start] GC(199) Phase 2: Compute new object addresses
[102.533s][info][gc,phases      ] GC(199) Phase 2: Compute new object addresses 9.369ms
[102.533s][info][gc,phases,start] GC(199) Phase 3: Adjust pointers
[102.576s][info][gc,phases      ] GC(199) Phase 3: Adjust pointers 43.015ms
[102.576s][info][gc,phases,start] GC(199) Phase 4: Move objects
[102.591s][info][gc,phases      ] GC(199) Phase 4: Move objects 14.616ms
[102.592s][info][gc,heap        ] GC(199) PSYoungGen: 2034K->0K(1326592K)
[102.592s][info][gc,heap        ] GC(199) PSOldGen: 235840K->126434K(2796544K)
[102.592s][info][gc,metaspace   ] GC(199) Metaspace: 172191K(185148K)->172191K(185148K) NonClass: 151625K(157872K)->151625K(157872K) Class: 20565K(27276K)->20565K(27276K)
[102.592s][info][gc             ] GC(199) Pause Full (System.gc()) 232M->123M(4026M) 143.134ms
[102.592s][info][gc,cpu         ] GC(199) User=0.14s Sys=0.00s Real=0.15s
[102.810s][info][gc,start       ] GC(200) Pause Young (Allocation Failure)
[102.816s][info][gc,heap        ] GC(200) PSYoungGen: 1255424K->30976K(1326592K)
[102.817s][info][gc,heap        ] GC(200) PSOldGen: 126434K->126434K(2796544K)
[102.817s][info][gc,metaspace   ] GC(200) Metaspace: 172202K(185148K)->172202K(185148K) NonClass: 151636K(157872K)->151636K(157872K) Class: 20565K(27276K)->20565K(27276K)
[102.817s][info][gc             ] GC(200) Pause Young (Allocation Failure) 1349M->153M(4026M) 6.061ms
[102.817s][info][gc,cpu         ] GC(200) User=0.08s Sys=0.02s Real=0.01s
[103.531s][info][gc,start       ] GC(201) Pause Young (Allocation Failure)
[103.541s][info][gc,heap        ] GC(201) PSYoungGen: 1285662K->43015K(1324544K)
[103.542s][info][gc,heap        ] GC(201) PSOldGen: 126434K->150936K(2796544K)
[103.542s][info][gc,metaspace   ] GC(201) Metaspace: 172203K(185148K)->172203K(185148K) NonClass: 151637K(157872K)->151637K(157872K) Class: 20566K(27276K)->20566K(27276K)
[103.542s][info][gc             ] GC(201) Pause Young (Allocation Failure) 1379M->189M(4024M) 10.428ms
[103.542s][info][gc,cpu         ] GC(201) User=0.02s Sys=0.00s Real=0.02s
[104.026s][info][gc,start       ] GC(202) Pause Young (System.gc())
[104.028s][info][gc,heap        ] GC(202) PSYoungGen: 419941K->2107K(1326592K)
[104.029s][info][gc,heap        ] GC(202) PSOldGen: 150936K->152618K(2796544K)
[104.029s][info][gc,metaspace   ] GC(202) Metaspace: 172232K(185148K)->172232K(185148K) NonClass: 151666K(157872K)->151666K(157872K) Class: 20566K(27276K)->20566K(27276K)
[104.029s][info][gc             ] GC(202) Pause Young (System.gc()) 557M->151M(4026M) 2.644ms
[104.029s][info][gc,cpu         ] GC(202) User=0.00s Sys=0.00s Real=0.00s
[104.029s][info][gc,start       ] GC(203) Pause Full (System.gc())
[104.030s][info][gc,phases,start] GC(203) Phase 1: Mark live objects
[104.105s][info][gc,phases      ] GC(203) Phase 1: Mark live objects 74.492ms
[104.105s][info][gc,phases,start] GC(203) Phase 2: Compute new object addresses
[104.114s][info][gc,phases      ] GC(203) Phase 2: Compute new object addresses 9.424ms
[104.114s][info][gc,phases,start] GC(203) Phase 3: Adjust pointers
[104.155s][info][gc,phases      ] GC(203) Phase 3: Adjust pointers 40.428ms
[104.155s][info][gc,phases,start] GC(203) Phase 4: Move objects
[104.155s][info][gc,phases      ] GC(203) Phase 4: Move objects 0.280ms
[104.156s][info][gc,heap        ] GC(203) PSYoungGen: 2107K->0K(1326592K)
[104.156s][info][gc,heap        ] GC(203) PSOldGen: 152618K->154575K(2796544K)
[104.156s][info][gc,metaspace   ] GC(203) Metaspace: 172232K(185148K)->172232K(185148K) NonClass: 151666K(157872K)->151666K(157872K) Class: 20566K(27276K)->20566K(27276K)
[104.156s][info][gc             ] GC(203) Pause Full (System.gc()) 151M->150M(4026M) 127.248ms
[104.156s][info][gc,cpu         ] GC(203) User=0.12s Sys=0.00s Real=0.13s
[104.373s][info][gc,start       ] GC(204) Pause Young (Allocation Failure)
[104.379s][info][gc,heap        ] GC(204) PSYoungGen: 1255424K->30616K(1329152K)
[104.379s][info][gc,heap        ] GC(204) PSOldGen: 154575K->154575K(2796544K)
[104.379s][info][gc,metaspace   ] GC(204) Metaspace: 172234K(185148K)->172234K(185148K) NonClass: 151668K(157872K)->151668K(157872K) Class: 20566K(27276K)->20566K(27276K)
[104.379s][info][gc             ] GC(204) Pause Young (Allocation Failure) 1376M->180M(4029M) 6.073ms
[104.379s][info][gc,cpu         ] GC(204) User=0.09s Sys=0.00s Real=0.01s
[105.091s][info][gc,start       ] GC(205) Pause Young (Allocation Failure)
[105.101s][info][gc,heap        ] GC(205) PSYoungGen: 1284698K->42951K(1326592K)
[105.101s][info][gc,heap        ] GC(205) PSOldGen: 154575K->179012K(2796544K)
[105.101s][info][gc,metaspace   ] GC(205) Metaspace: 172234K(185148K)->172234K(185148K) NonClass: 151668K(157872K)->151668K(157872K) Class: 20566K(27276K)->20566K(27276K)
[105.101s][info][gc             ] GC(205) Pause Young (Allocation Failure) 1405M->216M(4026M) 10.302ms
[105.101s][info][gc,cpu         ] GC(205) User=0.08s Sys=0.02s Real=0.02s
[105.578s][info][gc,start       ] GC(206) Pause Young (System.gc())
[105.580s][info][gc,heap        ] GC(206) PSYoungGen: 422574K->2075K(1327104K)
[105.580s][info][gc,heap        ] GC(206) PSOldGen: 179012K->180693K(2796544K)
[105.580s][info][gc,metaspace   ] GC(206) Metaspace: 172240K(185148K)->172240K(185148K) NonClass: 151674K(157872K)->151674K(157872K) Class: 20566K(27276K)->20566K(27276K)
[105.580s][info][gc             ] GC(206) Pause Young (System.gc()) 587M->178M(4027M) 2.666ms
[105.580s][info][gc,cpu         ] GC(206) User=0.05s Sys=0.00s Real=0.00s
[105.581s][info][gc,start       ] GC(207) Pause Full (System.gc())
[105.582s][info][gc,phases,start] GC(207) Phase 1: Mark live objects
[105.656s][info][gc,phases      ] GC(207) Phase 1: Mark live objects 74.241ms
[105.656s][info][gc,phases,start] GC(207) Phase 2: Compute new object addresses
[105.666s][info][gc,phases      ] GC(207) Phase 2: Compute new object addresses 9.215ms
[105.666s][info][gc,phases,start] GC(207) Phase 3: Adjust pointers
[105.706s][info][gc,phases      ] GC(207) Phase 3: Adjust pointers 40.540ms
[105.706s][info][gc,phases,start] GC(207) Phase 4: Move objects
[105.706s][info][gc,phases      ] GC(207) Phase 4: Move objects 0.284ms
[105.707s][info][gc,heap        ] GC(207) PSYoungGen: 2075K->0K(1327104K)
[105.707s][info][gc,heap        ] GC(207) PSOldGen: 180693K->182652K(2796544K)
[105.707s][info][gc,metaspace   ] GC(207) Metaspace: 172240K(185148K)->172240K(185148K) NonClass: 151674K(157872K)->151674K(157872K) Class: 20566K(27276K)->20566K(27276K)
[105.707s][info][gc             ] GC(207) Pause Full (System.gc()) 178M->178M(4027M) 126.923ms
[105.708s][info][gc,cpu         ] GC(207) User=0.12s Sys=0.00s Real=0.12s
[105.925s][info][gc,start       ] GC(208) Pause Young (Allocation Failure)
[105.931s][info][gc,heap        ] GC(208) PSYoungGen: 1255936K->29091K(1326592K)
[105.931s][info][gc,heap        ] GC(208) PSOldGen: 182652K->182652K(2796544K)
[105.931s][info][gc,metaspace   ] GC(208) Metaspace: 172243K(185148K)->172243K(185148K) NonClass: 151677K(157872K)->151677K(157872K) Class: 20566K(27276K)->20566K(27276K)
[105.931s][info][gc             ] GC(208) Pause Young (Allocation Failure) 1404M->206M(4026M) 5.921ms
[105.931s][info][gc,cpu         ] GC(208) User=0.00s Sys=0.00s Real=0.00s
[106.638s][info][gc,start       ] GC(209) Pause Young (Allocation Failure)
[106.649s][info][gc,heap        ] GC(209) PSYoungGen: 1285027K->42000K(1325568K)
[106.649s][info][gc,heap        ] GC(209) PSOldGen: 182652K->208107K(2796544K)
[106.649s][info][gc,metaspace   ] GC(209) Metaspace: 172243K(185148K)->172243K(185148K) NonClass: 151677K(157872K)->151677K(157872K) Class: 20566K(27276K)->20566K(27276K)
[106.649s][info][gc             ] GC(209) Pause Young (Allocation Failure) 1433M->244M(4025M) 10.398ms
[106.649s][info][gc,cpu         ] GC(209) User=0.08s Sys=0.02s Real=0.01s
[107.130s][info][gc,start       ] GC(210) Pause Young (System.gc())
[107.132s][info][gc,heap        ] GC(210) PSYoungGen: 420705K->2075K(1327616K)
[107.132s][info][gc,heap        ] GC(210) PSOldGen: 208107K->209834K(2796544K)
[107.132s][info][gc,metaspace   ] GC(210) Metaspace: 172243K(185148K)->172243K(185148K) NonClass: 151677K(157872K)->151677K(157872K) Class: 20566K(27276K)->20566K(27276K)
[107.132s][info][gc             ] GC(210) Pause Young (System.gc()) 614M->206M(4027M) 2.669ms
[107.133s][info][gc,cpu         ] GC(210) User=0.00s Sys=0.00s Real=0.02s
[107.133s][info][gc,start       ] GC(211) Pause Full (System.gc())
[107.134s][info][gc,phases,start] GC(211) Phase 1: Mark live objects
[107.207s][info][gc,phases      ] GC(211) Phase 1: Mark live objects 73.190ms
[107.207s][info][gc,phases,start] GC(211) Phase 2: Compute new object addresses
[107.217s][info][gc,phases      ] GC(211) Phase 2: Compute new object addresses 9.374ms
[107.217s][info][gc,phases,start] GC(211) Phase 3: Adjust pointers
[107.257s][info][gc,phases      ] GC(211) Phase 3: Adjust pointers 40.592ms
[107.257s][info][gc,phases,start] GC(211) Phase 4: Move objects
[107.258s][info][gc,phases      ] GC(211) Phase 4: Move objects 0.287ms
[107.259s][info][gc,heap        ] GC(211) PSYoungGen: 2075K->0K(1327616K)
[107.259s][info][gc,heap        ] GC(211) PSOldGen: 209834K->211794K(2796544K)
[107.259s][info][gc,metaspace   ] GC(211) Metaspace: 172243K(185148K)->172243K(185148K) NonClass: 151677K(157872K)->151677K(157872K) Class: 20566K(27276K)->20566K(27276K)
[107.259s][info][gc             ] GC(211) Pause Full (System.gc()) 206M->206M(4027M) 126.159ms
[107.259s][info][gc,cpu         ] GC(211) User=0.12s Sys=0.00s Real=0.13s
[107.473s][info][gc,start       ] GC(212) Pause Young (Allocation Failure)
[107.479s][info][gc,heap        ] GC(212) PSYoungGen: 1257472K->31928K(1329664K)
[107.480s][info][gc,heap        ] GC(212) PSOldGen: 211794K->211794K(2796544K)
[107.480s][info][gc,metaspace   ] GC(212) Metaspace: 172246K(185148K)->172246K(185148K) NonClass: 151680K(157872K)->151680K(157872K) Class: 20566K(27276K)->20566K(27276K)
[107.480s][info][gc             ] GC(212) Pause Young (Allocation Failure) 1434M->238M(4029M) 6.373ms
[107.480s][info][gc,cpu         ] GC(212) User=0.00s Sys=0.00s Real=0.01s
[108.200s][info][gc,start       ] GC(213) Pause Young (Allocation Failure)
[108.211s][info][gc,heap        ] GC(213) PSYoungGen: 1291960K->42944K(1303040K)
[108.211s][info][gc,heap        ] GC(213) PSOldGen: 211794K->236241K(2796544K)
[108.211s][info][gc,metaspace   ] GC(213) Metaspace: 172247K(185148K)->172247K(185148K) NonClass: 151681K(157872K)->151681K(157872K) Class: 20566K(27276K)->20566K(27276K)
[108.211s][info][gc             ] GC(213) Pause Young (Allocation Failure) 1468M->272M(4003M) 10.632ms
[108.211s][info][gc,cpu         ] GC(213) User=0.09s Sys=0.00s Real=0.02s
[108.678s][info][gc,start       ] GC(214) Pause Young (System.gc())
[108.681s][info][gc,heap        ] GC(214) PSYoungGen: 405952K->2034K(1327616K)
[108.681s][info][gc,heap        ] GC(214) PSOldGen: 236241K->237930K(2796544K)
[108.681s][info][gc,metaspace   ] GC(214) Metaspace: 172264K(185148K)->172264K(185148K) NonClass: 151698K(157872K)->151698K(157872K) Class: 20566K(27276K)->20566K(27276K)
[108.681s][info][gc             ] GC(214) Pause Young (System.gc()) 627M->234M(4027M) 2.627ms
[108.681s][info][gc,cpu         ] GC(214) User=0.00s Sys=0.00s Real=0.00s
[108.681s][info][gc,start       ] GC(215) Pause Full (System.gc())
[108.682s][info][gc,phases,start] GC(215) Phase 1: Mark live objects
[108.756s][info][gc,phases      ] GC(215) Phase 1: Mark live objects 74.024ms
[108.757s][info][gc,phases,start] GC(215) Phase 2: Compute new object addresses
[108.766s][info][gc,phases      ] GC(215) Phase 2: Compute new object addresses 9.326ms
[108.766s][info][gc,phases,start] GC(215) Phase 3: Adjust pointers
[108.808s][info][gc,phases      ] GC(215) Phase 3: Adjust pointers 41.693ms
[108.808s][info][gc,phases,start] GC(215) Phase 4: Move objects
[108.815s][info][gc,phases      ] GC(215) Phase 4: Move objects 7.768ms
[108.816s][info][gc,heap        ] GC(215) PSYoungGen: 2034K->0K(1327616K)
[108.817s][info][gc,heap        ] GC(215) PSOldGen: 237930K->126294K(2796544K)
[108.817s][info][gc,metaspace   ] GC(215) Metaspace: 172264K(185148K)->172264K(185148K) NonClass: 151698K(157872K)->151698K(157872K) Class: 20566K(27276K)->20566K(27276K)
[108.817s][info][gc             ] GC(215) Pause Full (System.gc()) 234M->123M(4027M) 135.669ms
[108.817s][info][gc,cpu         ] GC(215) User=0.14s Sys=0.00s Real=0.15s
[109.029s][info][gc,start       ] GC(216) Pause Young (Allocation Failure)
[109.035s][info][gc,heap        ] GC(216) PSYoungGen: 1256960K->31392K(1327104K)
[109.035s][info][gc,heap        ] GC(216) PSOldGen: 126294K->126294K(2796544K)
[109.035s][info][gc,metaspace   ] GC(216) Metaspace: 172309K(185148K)->172309K(185148K) NonClass: 151743K(157872K)->151743K(157872K) Class: 20566K(27276K)->20566K(27276K)
[109.035s][info][gc             ] GC(216) Pause Young (Allocation Failure) 1350M->153M(4027M) 5.864ms
[109.035s][info][gc,cpu         ] GC(216) User=0.05s Sys=0.02s Real=0.01s
[109.759s][info][gc,start       ] GC(217) Pause Young (Allocation Failure)
[109.769s][info][gc,heap        ] GC(217) PSYoungGen: 1288352K->43215K(1325056K)
[109.769s][info][gc,heap        ] GC(217) PSOldGen: 126294K->150733K(2796544K)
[109.769s][info][gc,metaspace   ] GC(217) Metaspace: 172310K(185148K)->172310K(185148K) NonClass: 151744K(157872K)->151744K(157872K) Class: 20566K(27276K)->20566K(27276K)
[109.769s][info][gc             ] GC(217) Pause Young (Allocation Failure) 1381M->189M(4025M) 10.662ms
[109.769s][info][gc,cpu         ] GC(217) User=0.09s Sys=0.00s Real=0.01s
[110.239s][info][gc,start       ] GC(218) Pause Young (System.gc())
[110.242s][info][gc,heap        ] GC(218) PSYoungGen: 408267K->2075K(1327104K)
[110.242s][info][gc,heap        ] GC(218) PSOldGen: 150733K->152423K(2796544K)
[110.242s][info][gc,metaspace   ] GC(218) Metaspace: 172312K(185148K)->172312K(185148K) NonClass: 151746K(157872K)->151746K(157872K) Class: 20566K(27276K)->20566K(27276K)
[110.242s][info][gc             ] GC(218) Pause Young (System.gc()) 545M->150M(4027M) 2.439ms
[110.242s][info][gc,cpu         ] GC(218) User=0.00s Sys=0.00s Real=0.00s
[110.242s][info][gc,start       ] GC(219) Pause Full (System.gc())
[110.243s][info][gc,phases,start] GC(219) Phase 1: Mark live objects
[110.316s][info][gc,phases      ] GC(219) Phase 1: Mark live objects 73.070ms
[110.317s][info][gc,phases,start] GC(219) Phase 2: Compute new object addresses
[110.326s][info][gc,phases      ] GC(219) Phase 2: Compute new object addresses 9.455ms
[110.326s][info][gc,phases,start] GC(219) Phase 3: Adjust pointers
[110.367s][info][gc,phases      ] GC(219) Phase 3: Adjust pointers 40.808ms
[110.367s][info][gc,phases,start] GC(219) Phase 4: Move objects
[110.367s][info][gc,phases      ] GC(219) Phase 4: Move objects 0.274ms
[110.368s][info][gc,heap        ] GC(219) PSYoungGen: 2075K->0K(1327104K)
[110.368s][info][gc,heap        ] GC(219) PSOldGen: 152423K->154374K(2796544K)
[110.368s][info][gc,metaspace   ] GC(219) Metaspace: 172312K(185148K)->172312K(185148K) NonClass: 151746K(157872K)->151746K(157872K) Class: 20566K(27276K)->20566K(27276K)
[110.368s][info][gc             ] GC(219) Pause Full (System.gc()) 150M->150M(4027M) 126.260ms
[110.368s][info][gc,cpu         ] GC(219) User=0.12s Sys=0.00s Real=0.12s
[110.583s][info][gc,start       ] GC(220) Pause Young (Allocation Failure)
[110.589s][info][gc,heap        ] GC(220) PSYoungGen: 1256448K->29698K(1329664K)
[110.589s][info][gc,heap        ] GC(220) PSOldGen: 154374K->154374K(2796544K)
[110.589s][info][gc,metaspace   ] GC(220) Metaspace: 172312K(185148K)->172312K(185148K) NonClass: 151746K(157872K)->151746K(157872K) Class: 20566K(27276K)->20566K(27276K)
[110.589s][info][gc             ] GC(220) Pause Young (Allocation Failure) 1377M->179M(4029M) 5.979ms
[110.589s][info][gc,cpu         ] GC(220) User=0.00s Sys=0.00s Real=0.01s
[111.302s][info][gc,start       ] GC(221) Pause Young (Allocation Failure)
[111.313s][info][gc,heap        ] GC(221) PSYoungGen: 1286468K->42064K(1327104K)
[111.313s][info][gc,heap        ] GC(221) PSOldGen: 154374K->179838K(2796544K)
[111.313s][info][gc,metaspace   ] GC(221) Metaspace: 172315K(185148K)->172315K(185148K) NonClass: 151749K(157872K)->151749K(157872K) Class: 20566K(27276K)->20566K(27276K)
[111.313s][info][gc             ] GC(221) Pause Young (Allocation Failure) 1407M->216M(4027M) 10.576ms
[111.313s][info][gc,cpu         ] GC(221) User=0.00s Sys=0.00s Real=0.01s
[111.784s][info][gc,start       ] GC(222) Pause Young (System.gc())
[111.787s][info][gc,heap        ] GC(222) PSYoungGen: 407899K->1978K(1327616K)
[111.787s][info][gc,heap        ] GC(222) PSOldGen: 179838K->181598K(2796544K)
[111.787s][info][gc,metaspace   ] GC(222) Metaspace: 172315K(185148K)->172315K(185148K) NonClass: 151749K(157872K)->151749K(157872K) Class: 20566K(27276K)->20566K(27276K)
[111.787s][info][gc             ] GC(222) Pause Young (System.gc()) 573M->179M(4027M) 2.898ms
[111.787s][info][gc,cpu         ] GC(222) User=0.00s Sys=0.00s Real=0.01s
[111.787s][info][gc,start       ] GC(223) Pause Full (System.gc())
[111.789s][info][gc,phases,start] GC(223) Phase 1: Mark live objects
[111.862s][info][gc,phases      ] GC(223) Phase 1: Mark live objects 73.558ms
[111.862s][info][gc,phases,start] GC(223) Phase 2: Compute new object addresses
[111.871s][info][gc,phases      ] GC(223) Phase 2: Compute new object addresses 9.358ms
[111.872s][info][gc,phases,start] GC(223) Phase 3: Adjust pointers
[111.912s][info][gc,phases      ] GC(223) Phase 3: Adjust pointers 40.694ms
[111.912s][info][gc,phases,start] GC(223) Phase 4: Move objects
[111.913s][info][gc,phases      ] GC(223) Phase 4: Move objects 0.278ms
[111.914s][info][gc,heap        ] GC(223) PSYoungGen: 1978K->0K(1327616K)
[111.914s][info][gc,heap        ] GC(223) PSOldGen: 181598K->183481K(2796544K)
[111.914s][info][gc,metaspace   ] GC(223) Metaspace: 172315K(185148K)->172315K(185148K) NonClass: 151749K(157872K)->151749K(157872K) Class: 20566K(27276K)->20566K(27276K)
[111.914s][info][gc             ] GC(223) Pause Full (System.gc()) 179M->179M(4027M) 126.551ms
[111.914s][info][gc,cpu         ] GC(223) User=0.12s Sys=0.00s Real=0.12s
[112.130s][info][gc,start       ] GC(224) Pause Young (Allocation Failure)
[112.136s][info][gc,heap        ] GC(224) PSYoungGen: 1257472K->30755K(1327616K)
[112.136s][info][gc,heap        ] GC(224) PSOldGen: 183481K->183489K(2796544K)
[112.136s][info][gc,metaspace   ] GC(224) Metaspace: 172316K(185148K)->172316K(185148K) NonClass: 151750K(157872K)->151750K(157872K) Class: 20566K(27276K)->20566K(27276K)
[112.136s][info][gc             ] GC(224) Pause Young (Allocation Failure) 1407M->209M(4027M) 6.112ms
[112.136s][info][gc,cpu         ] GC(224) User=0.00s Sys=0.00s Real=0.01s
[112.844s][info][gc,start       ] GC(225) Pause Young (Allocation Failure)
[112.855s][info][gc,heap        ] GC(225) PSYoungGen: 1288227K->47151K(1322496K)
[112.855s][info][gc,heap        ] GC(225) PSOldGen: 183489K->207933K(2796544K)
[112.855s][info][gc,metaspace   ] GC(225) Metaspace: 172322K(185148K)->172322K(185148K) NonClass: 151754K(157872K)->151754K(157872K) Class: 20567K(27276K)->20567K(27276K)
[112.855s][info][gc             ] GC(225) Pause Young (Allocation Failure) 1437M->249M(4022M) 10.663ms
[112.855s][info][gc,cpu         ] GC(225) User=0.00s Sys=0.00s Real=0.01s
[113.328s][info][gc,start       ] GC(226) Pause Young (System.gc())
[113.331s][info][gc,heap        ] GC(226) PSYoungGen: 420620K->2075K(1326080K)
[113.331s][info][gc,heap        ] GC(226) PSOldGen: 207933K->209671K(2796544K)
[113.331s][info][gc,metaspace   ] GC(226) Metaspace: 172326K(185148K)->172326K(185148K) NonClass: 151758K(157872K)->151758K(157872K) Class: 20567K(27276K)->20567K(27276K)
[113.331s][info][gc             ] GC(226) Pause Young (System.gc()) 613M->206M(4026M) 2.720ms
[113.331s][info][gc,cpu         ] GC(226) User=0.02s Sys=0.00s Real=0.00s
[113.331s][info][gc,start       ] GC(227) Pause Full (System.gc())
[113.333s][info][gc,phases,start] GC(227) Phase 1: Mark live objects
[113.407s][info][gc,phases      ] GC(227) Phase 1: Mark live objects 74.074ms
[113.407s][info][gc,phases,start] GC(227) Phase 2: Compute new object addresses
[113.416s][info][gc,phases      ] GC(227) Phase 2: Compute new object addresses 9.295ms
[113.416s][info][gc,phases,start] GC(227) Phase 3: Adjust pointers
[113.457s][info][gc,phases      ] GC(227) Phase 3: Adjust pointers 40.908ms
[113.457s][info][gc,phases,start] GC(227) Phase 4: Move objects
[113.458s][info][gc,phases      ] GC(227) Phase 4: Move objects 0.279ms
[113.458s][info][gc,heap        ] GC(227) PSYoungGen: 2075K->0K(1326080K)
[113.458s][info][gc,heap        ] GC(227) PSOldGen: 209671K->211627K(2796544K)
[113.458s][info][gc,metaspace   ] GC(227) Metaspace: 172326K(185148K)->172326K(185148K) NonClass: 151758K(157872K)->151758K(157872K) Class: 20567K(27276K)->20567K(27276K)
[113.459s][info][gc             ] GC(227) Pause Full (System.gc()) 206M->206M(4026M) 127.192ms
[113.459s][info][gc,cpu         ] GC(227) User=0.12s Sys=0.00s Real=0.14s
[113.692s][info][gc,start       ] GC(228) Pause Young (Allocation Failure)
[113.698s][info][gc,heap        ] GC(228) PSYoungGen: 1254400K->30881K(1328640K)
[113.698s][info][gc,heap        ] GC(228) PSOldGen: 211627K->211627K(2796544K)
[113.698s][info][gc,metaspace   ] GC(228) Metaspace: 172353K(185404K)->172353K(185404K) NonClass: 151785K(158128K)->151785K(158128K) Class: 20567K(27276K)->20567K(27276K)
[113.698s][info][gc             ] GC(228) Pause Young (Allocation Failure) 1431M->236M(4028M) 6.046ms
[113.698s][info][gc,cpu         ] GC(228) User=0.00s Sys=0.00s Real=0.01s
[114.408s][info][gc,start       ] GC(229) Pause Young (Allocation Failure)
[114.419s][info][gc,heap        ] GC(229) PSYoungGen: 1287841K->43177K(1326080K)
[114.419s][info][gc,heap        ] GC(229) PSOldGen: 211627K->236075K(2796544K)
[114.419s][info][gc,metaspace   ] GC(229) Metaspace: 172353K(185404K)->172353K(185404K) NonClass: 151785K(158128K)->151785K(158128K) Class: 20567K(27276K)->20567K(27276K)
[114.419s][info][gc             ] GC(229) Pause Young (Allocation Failure) 1464M->272M(4026M) 10.788ms
[114.419s][info][gc,cpu         ] GC(229) User=0.00s Sys=0.00s Real=0.02s
[114.895s][info][gc,start       ] GC(230) Pause Young (System.gc())
[114.897s][info][gc,heap        ] GC(230) PSYoungGen: 420823K->2043K(1326592K)
[114.897s][info][gc,heap        ] GC(230) PSOldGen: 236075K->237756K(2796544K)
[114.897s][info][gc,metaspace   ] GC(230) Metaspace: 172369K(185404K)->172369K(185404K) NonClass: 151801K(158128K)->151801K(158128K) Class: 20567K(27276K)->20567K(27276K)
[114.897s][info][gc             ] GC(230) Pause Young (System.gc()) 641M->234M(4026M) 2.514ms
[114.897s][info][gc,cpu         ] GC(230) User=0.00s Sys=0.00s Real=0.00s
[114.897s][info][gc,start       ] GC(231) Pause Full (System.gc())
[114.899s][info][gc,phases,start] GC(231) Phase 1: Mark live objects
[114.973s][info][gc,phases      ] GC(231) Phase 1: Mark live objects 73.890ms
[114.973s][info][gc,phases,start] GC(231) Phase 2: Compute new object addresses
[114.982s][info][gc,phases      ] GC(231) Phase 2: Compute new object addresses 9.455ms
[114.982s][info][gc,phases,start] GC(231) Phase 3: Adjust pointers
[115.024s][info][gc,phases      ] GC(231) Phase 3: Adjust pointers 41.922ms
[115.024s][info][gc,phases,start] GC(231) Phase 4: Move objects
[115.032s][info][gc,phases      ] GC(231) Phase 4: Move objects 7.887ms
[115.033s][info][gc,heap        ] GC(231) PSYoungGen: 2043K->0K(1326592K)
[115.033s][info][gc,heap        ] GC(231) PSOldGen: 237756K->126149K(2796544K)
[115.033s][info][gc,metaspace   ] GC(231) Metaspace: 172369K(185404K)->172369K(185404K) NonClass: 151801K(158128K)->151801K(158128K) Class: 20567K(27276K)->20567K(27276K)
[115.033s][info][gc             ] GC(231) Pause Full (System.gc()) 234M->123M(4026M) 135.930ms
[115.033s][info][gc,cpu         ] GC(231) User=0.12s Sys=0.02s Real=0.14s
[115.254s][info][gc,start       ] GC(232) Pause Young (Allocation Failure)
[115.260s][info][gc,heap        ] GC(232) PSYoungGen: 1254912K->29169K(1326080K)
[115.260s][info][gc,heap        ] GC(232) PSOldGen: 126149K->126149K(2796544K)
[115.260s][info][gc,metaspace   ] GC(232) Metaspace: 172374K(185404K)->172374K(185404K) NonClass: 151806K(158128K)->151806K(158128K) Class: 20567K(27276K)->20567K(27276K)
[115.260s][info][gc             ] GC(232) Pause Young (Allocation Failure) 1348M->151M(4026M) 5.868ms
[115.260s][info][gc,cpu         ] GC(232) User=0.00s Sys=0.00s Real=0.00s
[115.973s][info][gc,start       ] GC(233) Pause Young (Allocation Failure)
[115.983s][info][gc,heap        ] GC(233) PSYoungGen: 1284081K->41967K(1325056K)
[115.983s][info][gc,heap        ] GC(233) PSOldGen: 126149K->151611K(2796544K)
[115.983s][info][gc,metaspace   ] GC(233) Metaspace: 172377K(185404K)->172377K(185404K) NonClass: 151809K(158128K)->151809K(158128K) Class: 20567K(27276K)->20567K(27276K)
[115.983s][info][gc             ] GC(233) Pause Young (Allocation Failure) 1377M->189M(4025M) 10.598ms
[115.983s][info][gc,cpu         ] GC(233) User=0.00s Sys=0.00s Real=0.02s
[116.458s][info][gc,start       ] GC(234) Pause Young (System.gc())
[116.460s][info][gc,heap        ] GC(234) PSYoungGen: 410723K->2084K(1327104K)
[116.460s][info][gc,heap        ] GC(234) PSOldGen: 151611K->153293K(2796544K)
[116.460s][info][gc,metaspace   ] GC(234) Metaspace: 172380K(185404K)->172380K(185404K) NonClass: 151812K(158128K)->151812K(158128K) Class: 20567K(27276K)->20567K(27276K)
[116.460s][info][gc             ] GC(234) Pause Young (System.gc()) 549M->151M(4027M) 2.422ms
[116.460s][info][gc,cpu         ] GC(234) User=0.00s Sys=0.00s Real=0.00s
[116.461s][info][gc,start       ] GC(235) Pause Full (System.gc())
[116.462s][info][gc,phases,start] GC(235) Phase 1: Mark live objects
[116.536s][info][gc,phases      ] GC(235) Phase 1: Mark live objects 73.950ms
[116.536s][info][gc,phases,start] GC(235) Phase 2: Compute new object addresses
[116.545s][info][gc,phases      ] GC(235) Phase 2: Compute new object addresses 9.170ms
[116.545s][info][gc,phases,start] GC(235) Phase 3: Adjust pointers
[116.588s][info][gc,phases      ] GC(235) Phase 3: Adjust pointers 42.473ms
[116.588s][info][gc,phases,start] GC(235) Phase 4: Move objects
[116.588s][info][gc,phases      ] GC(235) Phase 4: Move objects 0.289ms
[116.589s][info][gc,heap        ] GC(235) PSYoungGen: 2084K->0K(1327104K)
[116.589s][info][gc,heap        ] GC(235) PSOldGen: 153293K->155249K(2796544K)
[116.589s][info][gc,metaspace   ] GC(235) Metaspace: 172380K(185404K)->172380K(185404K) NonClass: 151812K(158128K)->151812K(158128K) Class: 20567K(27276K)->20567K(27276K)
[116.589s][info][gc             ] GC(235) Pause Full (System.gc()) 151M->151M(4027M) 128.625ms
[116.589s][info][gc,cpu         ] GC(235) User=0.12s Sys=0.00s Real=0.13s
[116.803s][info][gc,start       ] GC(236) Pause Young (Allocation Failure)
[116.809s][info][gc,heap        ] GC(236) PSYoungGen: 1256448K->32177K(1329152K)
[116.810s][info][gc,heap        ] GC(236) PSOldGen: 155249K->155249K(2796544K)
[116.810s][info][gc,metaspace   ] GC(236) Metaspace: 172381K(185404K)->172381K(185404K) NonClass: 151813K(158128K)->151813K(158128K) Class: 20567K(27276K)->20567K(27276K)
[116.810s][info][gc             ] GC(236) Pause Young (Allocation Failure) 1378M->183M(4029M) 6.606ms
[116.810s][info][gc,cpu         ] GC(236) User=0.00s Sys=0.00s Real=0.01s
[117.527s][info][gc,start       ] GC(237) Pause Young (Allocation Failure)
[117.538s][info][gc,heap        ] GC(237) PSYoungGen: 1287289K->43113K(1302528K)
[117.538s][info][gc,heap        ] GC(237) PSOldGen: 155249K->179691K(2796544K)
[117.538s][info][gc,metaspace   ] GC(237) Metaspace: 172386K(185404K)->172386K(185404K) NonClass: 151818K(158128K)->151818K(158128K) Class: 20567K(27276K)->20567K(27276K)
[117.538s][info][gc             ] GC(237) Pause Young (Allocation Failure) 1408M->217M(4003M) 10.616ms
[117.538s][info][gc,cpu         ] GC(237) User=0.08s Sys=0.00s Real=0.02s
[118.006s][info][gc,start       ] GC(238) Pause Young (System.gc())
[118.008s][info][gc,heap        ] GC(238) PSYoungGen: 404878K->1977K(1327104K)
[118.008s][info][gc,heap        ] GC(238) PSOldGen: 179691K->181461K(2796544K)
[118.008s][info][gc,metaspace   ] GC(238) Metaspace: 172405K(185404K)->172405K(185404K) NonClass: 151837K(158128K)->151837K(158128K) Class: 20567K(27276K)->20567K(27276K)
[118.008s][info][gc             ] GC(238) Pause Young (System.gc()) 570M->179M(4027M) 2.570ms
[118.008s][info][gc,cpu         ] GC(238) User=0.00s Sys=0.00s Real=0.00s
[118.008s][info][gc,start       ] GC(239) Pause Full (System.gc())
[118.010s][info][gc,phases,start] GC(239) Phase 1: Mark live objects
[118.085s][info][gc,phases      ] GC(239) Phase 1: Mark live objects 74.844ms
[118.085s][info][gc,phases,start] GC(239) Phase 2: Compute new object addresses
[118.094s][info][gc,phases      ] GC(239) Phase 2: Compute new object addresses 9.335ms
[118.094s][info][gc,phases,start] GC(239) Phase 3: Adjust pointers
[118.135s][info][gc,phases      ] GC(239) Phase 3: Adjust pointers 41.055ms
[118.135s][info][gc,phases,start] GC(239) Phase 4: Move objects
[118.135s][info][gc,phases      ] GC(239) Phase 4: Move objects 0.281ms
[118.136s][info][gc,heap        ] GC(239) PSYoungGen: 1977K->0K(1327104K)
[118.136s][info][gc,heap        ] GC(239) PSOldGen: 181461K->183346K(2796544K)
[118.136s][info][gc,metaspace   ] GC(239) Metaspace: 172405K(185404K)->172405K(185404K) NonClass: 151837K(158128K)->151837K(158128K) Class: 20567K(27276K)->20567K(27276K)
[118.136s][info][gc             ] GC(239) Pause Full (System.gc()) 179M->179M(4027M) 128.185ms
[118.136s][info][gc,cpu         ] GC(239) User=0.12s Sys=0.00s Real=0.13s
[118.357s][info][gc,start       ] GC(240) Pause Young (Allocation Failure)
[118.363s][info][gc,heap        ] GC(240) PSYoungGen: 1255936K->32873K(1326592K)
[118.363s][info][gc,heap        ] GC(240) PSOldGen: 183346K->183346K(2796544K)
[118.363s][info][gc,metaspace   ] GC(240) Metaspace: 172405K(185404K)->172405K(185404K) NonClass: 151837K(158128K)->151837K(158128K) Class: 20567K(27276K)->20567K(27276K)
[118.363s][info][gc             ] GC(240) Pause Young (Allocation Failure) 1405M->211M(4026M) 6.205ms
[118.363s][info][gc,cpu         ] GC(240) User=0.09s Sys=0.00s Real=0.01s
[119.081s][info][gc,start       ] GC(241) Pause Young (Allocation Failure)
[119.091s][info][gc,heap        ] GC(241) PSYoungGen: 1288809K->44040K(1323008K)
[119.091s][info][gc,heap        ] GC(241) PSOldGen: 183346K->206829K(2796544K)
[119.091s][info][gc,metaspace   ] GC(241) Metaspace: 172405K(185404K)->172405K(185404K) NonClass: 151837K(158128K)->151837K(158128K) Class: 20567K(27276K)->20567K(27276K)
[119.091s][info][gc             ] GC(241) Pause Young (Allocation Failure) 1437M->244M(4023M) 10.232ms
[119.091s][info][gc,cpu         ] GC(241) User=0.00s Sys=0.00s Real=0.01s
[119.570s][info][gc,start       ] GC(242) Pause Young (System.gc())
[119.572s][info][gc,heap        ] GC(242) PSYoungGen: 426222K->2075K(1325568K)
[119.573s][info][gc,heap        ] GC(242) PSOldGen: 206829K->208502K(2796544K)
[119.573s][info][gc,metaspace   ] GC(242) Metaspace: 172405K(185404K)->172405K(185404K) NonClass: 151837K(158128K)->151837K(158128K) Class: 20567K(27276K)->20567K(27276K)
[119.573s][info][gc             ] GC(242) Pause Young (System.gc()) 618M->205M(4025M) 2.603ms
[119.573s][info][gc,cpu         ] GC(242) User=0.00s Sys=0.00s Real=0.00s
[119.573s][info][gc,start       ] GC(243) Pause Full (System.gc())
[119.574s][info][gc,phases,start] GC(243) Phase 1: Mark live objects
[119.648s][info][gc,phases      ] GC(243) Phase 1: Mark live objects 73.447ms
[119.648s][info][gc,phases,start] GC(243) Phase 2: Compute new object addresses
[119.657s][info][gc,phases      ] GC(243) Phase 2: Compute new object addresses 9.314ms
[119.657s][info][gc,phases,start] GC(243) Phase 3: Adjust pointers
[119.698s][info][gc,phases      ] GC(243) Phase 3: Adjust pointers 41.148ms
[119.698s][info][gc,phases,start] GC(243) Phase 4: Move objects
[119.698s][info][gc,phases      ] GC(243) Phase 4: Move objects 0.280ms
[119.700s][info][gc,heap        ] GC(243) PSYoungGen: 2075K->0K(1325568K)
[119.700s][info][gc,heap        ] GC(243) PSOldGen: 208502K->210458K(2796544K)
[119.700s][info][gc,metaspace   ] GC(243) Metaspace: 172405K(185404K)->172405K(185404K) NonClass: 151837K(158128K)->151837K(158128K) Class: 20567K(27276K)->20567K(27276K)
[119.700s][info][gc             ] GC(243) Pause Full (System.gc()) 205M->205M(4025M) 126.976ms
[119.700s][info][gc,cpu         ] GC(243) User=0.12s Sys=0.00s Real=0.13s
[119.916s][info][gc,start       ] GC(244) Pause Young (Allocation Failure)
[119.922s][info][gc,heap        ] GC(244) PSYoungGen: 1253376K->34157K(1327104K)
[119.922s][info][gc,heap        ] GC(244) PSOldGen: 210458K->210466K(2796544K)
[119.922s][info][gc,metaspace   ] GC(244) Metaspace: 172416K(185404K)->172416K(185404K) NonClass: 151848K(158128K)->151848K(158128K) Class: 20567K(27276K)->20567K(27276K)
[119.922s][info][gc             ] GC(244) Pause Young (Allocation Failure) 1429M->238M(4027M) 6.607ms
[119.922s][info][gc,cpu         ] GC(244) User=0.00s Sys=0.00s Real=0.01s
[120.640s][info][gc,start       ] GC(245) Pause Young (Allocation Failure)
[120.650s][info][gc,heap        ] GC(245) PSYoungGen: 1289581K->45003K(1300480K)
[120.650s][info][gc,heap        ] GC(245) PSOldGen: 210466K->232876K(2796544K)
[120.650s][info][gc,metaspace   ] GC(245) Metaspace: 172416K(185404K)->172416K(185404K) NonClass: 151848K(158128K)->151848K(158128K) Class: 20567K(27276K)->20567K(27276K)
[120.650s][info][gc             ] GC(245) Pause Young (Allocation Failure) 1464M->271M(4001M) 10.530ms
[120.650s][info][gc,cpu         ] GC(245) User=0.08s Sys=0.00s Real=0.01s
[121.124s][info][gc,start       ] GC(246) Pause Young (System.gc())
[121.127s][info][gc,heap        ] GC(246) PSYoungGen: 426061K->2130K(1324544K)
[121.127s][info][gc,heap        ] GC(246) PSOldGen: 232876K->234558K(2796544K)
[121.127s][info][gc,metaspace   ] GC(246) Metaspace: 172416K(185404K)->172416K(185404K) NonClass: 151848K(158128K)->151848K(158128K) Class: 20567K(27276K)->20567K(27276K)
[121.127s][info][gc             ] GC(246) Pause Young (System.gc()) 643M->231M(4024M) 2.690ms
[121.127s][info][gc,cpu         ] GC(246) User=0.08s Sys=0.02s Real=0.02s
[121.127s][info][gc,start       ] GC(247) Pause Full (System.gc())
[121.128s][info][gc,phases,start] GC(247) Phase 1: Mark live objects
[121.202s][info][gc,phases      ] GC(247) Phase 1: Mark live objects 73.129ms
[121.202s][info][gc,phases,start] GC(247) Phase 2: Compute new object addresses
[121.211s][info][gc,phases      ] GC(247) Phase 2: Compute new object addresses 9.416ms
[121.211s][info][gc,phases,start] GC(247) Phase 3: Adjust pointers
[121.253s][info][gc,phases      ] GC(247) Phase 3: Adjust pointers 41.936ms
[121.253s][info][gc,phases,start] GC(247) Phase 4: Move objects
[121.261s][info][gc,phases      ] GC(247) Phase 4: Move objects 7.688ms
[121.262s][info][gc,heap        ] GC(247) PSYoungGen: 2130K->0K(1324544K)
[121.262s][info][gc,heap        ] GC(247) PSOldGen: 234558K->126096K(2796544K)
[121.262s][info][gc,metaspace   ] GC(247) Metaspace: 172416K(185404K)->172416K(185404K) NonClass: 151848K(158128K)->151848K(158128K) Class: 20567K(27276K)->20567K(27276K)
[121.262s][info][gc             ] GC(247) Pause Full (System.gc()) 231M->123M(4024M) 135.013ms
[121.262s][info][gc,cpu         ] GC(247) User=0.12s Sys=0.00s Real=0.13s
[121.481s][info][gc,start       ] GC(248) Pause Young (Allocation Failure)
[121.487s][info][gc,heap        ] GC(248) PSYoungGen: 1251328K->30455K(1324544K)
[121.487s][info][gc,heap        ] GC(248) PSOldGen: 126096K->126096K(2796544K)
[121.487s][info][gc,metaspace   ] GC(248) Metaspace: 172416K(185404K)->172416K(185404K) NonClass: 151848K(158128K)->151848K(158128K) Class: 20567K(27276K)->20567K(27276K)
[121.487s][info][gc             ] GC(248) Pause Young (Allocation Failure) 1345M->152M(4024M) 5.819ms
[121.487s][info][gc,cpu         ] GC(248) User=0.09s Sys=0.00s Real=0.01s
[122.198s][info][gc,start       ] GC(249) Pause Young (Allocation Failure)
[122.209s][info][gc,heap        ] GC(249) PSYoungGen: 1281783K->44211K(1322496K)
[122.209s][info][gc,heap        ] GC(249) PSOldGen: 126096K->150533K(2796544K)
[122.209s][info][gc,metaspace   ] GC(249) Metaspace: 172416K(185404K)->172416K(185404K) NonClass: 151848K(158128K)->151848K(158128K) Class: 20567K(27276K)->20567K(27276K)
[122.209s][info][gc             ] GC(249) Pause Young (Allocation Failure) 1374M->190M(4022M) 10.866ms
[122.209s][info][gc,cpu         ] GC(249) User=0.09s Sys=0.00s Real=0.02s
[122.686s][info][gc,start       ] GC(250) Pause Young (System.gc())
[122.689s][info][gc,heap        ] GC(250) PSYoungGen: 426965K->2139K(1325056K)
[122.689s][info][gc,heap        ] GC(250) PSOldGen: 150533K->152252K(2796544K)
[122.689s][info][gc,metaspace   ] GC(250) Metaspace: 172416K(185404K)->172416K(185404K) NonClass: 151848K(158128K)->151848K(158128K) Class: 20567K(27276K)->20567K(27276K)
[122.689s][info][gc             ] GC(250) Pause Young (System.gc()) 563M->150M(4025M) 2.517ms
[122.689s][info][gc,cpu         ] GC(250) User=0.06s Sys=0.00s Real=0.00s
[122.689s][info][gc,start       ] GC(251) Pause Full (System.gc())
[122.690s][info][gc,phases,start] GC(251) Phase 1: Mark live objects
[122.764s][info][gc,phases      ] GC(251) Phase 1: Mark live objects 73.607ms
[122.764s][info][gc,phases,start] GC(251) Phase 2: Compute new object addresses
[122.773s][info][gc,phases      ] GC(251) Phase 2: Compute new object addresses 9.235ms
[122.773s][info][gc,phases,start] GC(251) Phase 3: Adjust pointers
[122.814s][info][gc,phases      ] GC(251) Phase 3: Adjust pointers 41.004ms
[122.814s][info][gc,phases,start] GC(251) Phase 4: Move objects
[122.815s][info][gc,phases      ] GC(251) Phase 4: Move objects 0.297ms
[122.816s][info][gc,heap        ] GC(251) PSYoungGen: 2139K->0K(1325056K)
[122.816s][info][gc,heap        ] GC(251) PSOldGen: 152252K->154209K(2796544K)
[122.816s][info][gc,metaspace   ] GC(251) Metaspace: 172416K(185404K)->172416K(185404K) NonClass: 151848K(158128K)->151848K(158128K) Class: 20567K(27276K)->20567K(27276K)
[122.816s][info][gc             ] GC(251) Pause Full (System.gc()) 150M->150M(4025M) 126.806ms
[122.816s][info][gc,cpu         ] GC(251) User=0.12s Sys=0.00s Real=0.13s
[123.030s][info][gc,start       ] GC(252) Pause Young (Allocation Failure)
[123.036s][info][gc,heap        ] GC(252) PSYoungGen: 1252352K->30953K(1327616K)
[123.036s][info][gc,heap        ] GC(252) PSOldGen: 154209K->154217K(2796544K)
[123.036s][info][gc,metaspace   ] GC(252) Metaspace: 172423K(185404K)->172423K(185404K) NonClass: 151855K(158128K)->151855K(158128K) Class: 20567K(27276K)->20567K(27276K)
[123.036s][info][gc             ] GC(252) Pause Young (Allocation Failure) 1373M->180M(4027M) 6.025ms
[123.036s][info][gc,cpu         ] GC(252) User=0.09s Sys=0.00s Real=0.00s
[123.751s][info][gc,start       ] GC(253) Pause Young (Allocation Failure)
[123.762s][info][gc,heap        ] GC(253) PSYoungGen: 1285865K->42960K(1325056K)
[123.762s][info][gc,heap        ] GC(253) PSOldGen: 154217K->178660K(2796544K)
[123.762s][info][gc,metaspace   ] GC(253) Metaspace: 172424K(185404K)->172424K(185404K) NonClass: 151856K(158128K)->151856K(158128K) Class: 20567K(27276K)->20567K(27276K)
[123.762s][info][gc             ] GC(253) Pause Young (Allocation Failure) 1406M->216M(4025M) 10.393ms
[123.762s][info][gc,cpu         ] GC(253) User=0.00s Sys=0.00s Real=0.02s
[124.239s][info][gc,start       ] GC(254) Pause Young (System.gc())
[124.242s][info][gc,heap        ] GC(254) PSYoungGen: 421871K->2075K(1326080K)
[124.242s][info][gc,heap        ] GC(254) PSOldGen: 178660K->180347K(2796544K)
[124.242s][info][gc,metaspace   ] GC(254) Metaspace: 172424K(185404K)->172424K(185404K) NonClass: 151856K(158128K)->151856K(158128K) Class: 20567K(27276K)->20567K(27276K)
[124.242s][info][gc             ] GC(254) Pause Young (System.gc()) 586M->178M(4026M) 2.714ms
[124.242s][info][gc,cpu         ] GC(254) User=0.00s Sys=0.00s Real=0.00s
[124.242s][info][gc,start       ] GC(255) Pause Full (System.gc())
[124.243s][info][gc,phases,start] GC(255) Phase 1: Mark live objects
[124.317s][info][gc,phases      ] GC(255) Phase 1: Mark live objects 73.353ms
[124.317s][info][gc,phases,start] GC(255) Phase 2: Compute new object addresses
[124.326s][info][gc,phases      ] GC(255) Phase 2: Compute new object addresses 9.434ms
[124.326s][info][gc,phases,start] GC(255) Phase 3: Adjust pointers
[124.368s][info][gc,phases      ] GC(255) Phase 3: Adjust pointers 41.279ms
[124.368s][info][gc,phases,start] GC(255) Phase 4: Move objects
[124.368s][info][gc,phases      ] GC(255) Phase 4: Move objects 0.296ms
[124.369s][info][gc,heap        ] GC(255) PSYoungGen: 2075K->0K(1326080K)
[124.369s][info][gc,heap        ] GC(255) PSOldGen: 180347K->182302K(2796544K)
[124.369s][info][gc,metaspace   ] GC(255) Metaspace: 172424K(185404K)->172424K(185404K) NonClass: 151856K(158128K)->151856K(158128K) Class: 20567K(27276K)->20567K(27276K)
[124.369s][info][gc             ] GC(255) Pause Full (System.gc()) 178M->178M(4026M) 127.151ms
[124.369s][info][gc,cpu         ] GC(255) User=0.12s Sys=0.00s Real=0.13s
[124.581s][info][gc,start       ] GC(256) Pause Young (Allocation Failure)
[124.587s][info][gc,heap        ] GC(256) PSYoungGen: 1253888K->29209K(1325568K)
[124.587s][info][gc,heap        ] GC(256) PSOldGen: 182302K->182302K(2796544K)
[124.587s][info][gc,metaspace   ] GC(256) Metaspace: 172424K(185404K)->172424K(185404K) NonClass: 151856K(158128K)->151856K(158128K) Class: 20567K(27276K)->20567K(27276K)
[124.587s][info][gc             ] GC(256) Pause Young (Allocation Failure) 1402M->206M(4025M) 5.871ms
[124.587s][info][gc,cpu         ] GC(256) User=0.00s Sys=0.00s Real=0.01s
[125.295s][info][gc,start       ] GC(257) Pause Young (Allocation Failure)
[125.305s][info][gc,heap        ] GC(257) PSYoungGen: 1280044K->41951K(1325568K)
[125.305s][info][gc,heap        ] GC(257) PSOldGen: 182302K->207763K(2796544K)
[125.305s][info][gc,metaspace   ] GC(257) Metaspace: 172424K(185404K)->172424K(185404K) NonClass: 151856K(158128K)->151856K(158128K) Class: 20567K(27276K)->20567K(27276K)
[125.305s][info][gc             ] GC(257) Pause Young (Allocation Failure) 1428M->243M(4025M) 10.549ms
[125.305s][info][gc,cpu         ] GC(257) User=0.09s Sys=0.00s Real=0.02s
[125.788s][info][gc,start       ] GC(258) Pause Young (System.gc())
[125.791s][info][gc,heap        ] GC(258) PSYoungGen: 424049K->2066K(1327104K)
[125.791s][info][gc,heap        ] GC(258) PSOldGen: 207763K->209429K(2796544K)
[125.791s][info][gc,metaspace   ] GC(258) Metaspace: 172426K(185404K)->172426K(185404K) NonClass: 151858K(158128K)->151858K(158128K) Class: 20567K(27276K)->20567K(27276K)
[125.791s][info][gc             ] GC(258) Pause Young (System.gc()) 617M->206M(4027M) 2.788ms
[125.791s][info][gc,cpu         ] GC(258) User=0.00s Sys=0.00s Real=0.00s
[125.791s][info][gc,start       ] GC(259) Pause Full (System.gc())
[125.792s][info][gc,phases,start] GC(259) Phase 1: Mark live objects
[125.871s][info][gc,phases      ] GC(259) Phase 1: Mark live objects 78.293ms
[125.871s][info][gc,phases,start] GC(259) Phase 2: Compute new object addresses
[125.881s][info][gc,phases      ] GC(259) Phase 2: Compute new object addresses 9.797ms
[125.881s][info][gc,phases,start] GC(259) Phase 3: Adjust pointers
[125.922s][info][gc,phases      ] GC(259) Phase 3: Adjust pointers 41.140ms
[125.922s][info][gc,phases,start] GC(259) Phase 4: Move objects
[125.922s][info][gc,phases      ] GC(259) Phase 4: Move objects 0.305ms
[125.923s][info][gc,heap        ] GC(259) PSYoungGen: 2066K->0K(1327104K)
[125.923s][info][gc,heap        ] GC(259) PSOldGen: 209429K->211386K(2796544K)
[125.923s][info][gc,metaspace   ] GC(259) Metaspace: 172426K(185404K)->172426K(185404K) NonClass: 151858K(158128K)->151858K(158128K) Class: 20567K(27276K)->20567K(27276K)
[125.923s][info][gc             ] GC(259) Pause Full (System.gc()) 206M->206M(4027M) 132.409ms
[125.923s][info][gc,cpu         ] GC(259) User=0.14s Sys=0.00s Real=0.13s
[126.155s][info][gc,start       ] GC(260) Pause Young (Allocation Failure)
[126.160s][info][gc,heap        ] GC(260) PSYoungGen: 1256448K->30946K(1329152K)
[126.161s][info][gc,heap        ] GC(260) PSOldGen: 211386K->211394K(2796544K)
[126.161s][info][gc,metaspace   ] GC(260) Metaspace: 172433K(185404K)->172433K(185404K) NonClass: 151865K(158128K)->151865K(158128K) Class: 20567K(27276K)->20567K(27276K)
[126.161s][info][gc             ] GC(260) Pause Young (Allocation Failure) 1433M->236M(4029M) 5.864ms
[126.161s][info][gc,cpu         ] GC(260) User=0.06s Sys=0.00s Real=0.01s
[126.883s][info][gc,start       ] GC(261) Pause Young (Allocation Failure)
[126.893s][info][gc,heap        ] GC(261) PSYoungGen: 1289442K->43073K(1327104K)
[126.893s][info][gc,heap        ] GC(261) PSOldGen: 211394K->235851K(2796544K)
[126.893s][info][gc,metaspace   ] GC(261) Metaspace: 172446K(185404K)->172446K(185404K) NonClass: 151878K(158128K)->151878K(158128K) Class: 20567K(27276K)->20567K(27276K)
[126.893s][info][gc             ] GC(261) Pause Young (Allocation Failure) 1465M->272M(4027M) 10.534ms
[126.893s][info][gc,cpu         ] GC(261) User=0.09s Sys=0.00s Real=0.01s
[127.365s][info][gc,start       ] GC(262) Pause Young (System.gc())
[127.367s][info][gc,heap        ] GC(262) PSYoungGen: 410610K->2083K(1327104K)
[127.367s][info][gc,heap        ] GC(262) PSOldGen: 235851K->237533K(2796544K)
[127.368s][info][gc,metaspace   ] GC(262) Metaspace: 172451K(185404K)->172451K(185404K) NonClass: 151883K(158128K)->151883K(158128K) Class: 20567K(27276K)->20567K(27276K)
[127.368s][info][gc             ] GC(262) Pause Young (System.gc()) 631M->234M(4027M) 2.825ms
[127.368s][info][gc,cpu         ] GC(262) User=0.00s Sys=0.00s Real=0.00s
[127.368s][info][gc,start       ] GC(263) Pause Full (System.gc())
[127.369s][info][gc,phases,start] GC(263) Phase 1: Mark live objects
[127.444s][info][gc,phases      ] GC(263) Phase 1: Mark live objects 74.407ms
[127.444s][info][gc,phases,start] GC(263) Phase 2: Compute new object addresses
[127.453s][info][gc,phases      ] GC(263) Phase 2: Compute new object addresses 9.342ms
[127.453s][info][gc,phases,start] GC(263) Phase 3: Adjust pointers
[127.496s][info][gc,phases      ] GC(263) Phase 3: Adjust pointers 42.687ms
[127.496s][info][gc,phases,start] GC(263) Phase 4: Move objects
[127.504s][info][gc,phases      ] GC(263) Phase 4: Move objects 7.892ms
[127.505s][info][gc,heap        ] GC(263) PSYoungGen: 2083K->0K(1327104K)
[127.505s][info][gc,heap        ] GC(263) PSOldGen: 237533K->126649K(2796544K)
[127.505s][info][gc,metaspace   ] GC(263) Metaspace: 172451K(185404K)->172451K(185404K) NonClass: 151883K(158128K)->151883K(158128K) Class: 20567K(27276K)->20567K(27276K)
[127.505s][info][gc             ] GC(263) Pause Full (System.gc()) 234M->123M(4027M) 137.075ms
[127.505s][info][gc,cpu         ] GC(263) User=0.14s Sys=0.00s Real=0.13s
[127.719s][info][gc,start       ] GC(264) Pause Young (Allocation Failure)
[127.725s][info][gc,heap        ] GC(264) PSYoungGen: 1256448K->31512K(1327104K)
[127.725s][info][gc,heap        ] GC(264) PSOldGen: 126649K->126649K(2796544K)
[127.725s][info][gc,metaspace   ] GC(264) Metaspace: 172484K(185404K)->172484K(185404K) NonClass: 151916K(158128K)->151916K(158128K) Class: 20567K(27276K)->20567K(27276K)
[127.725s][info][gc             ] GC(264) Pause Young (Allocation Failure) 1350M->154M(4027M) 6.141ms
[127.726s][info][gc,cpu         ] GC(264) User=0.00s Sys=0.00s Real=0.01s
[128.431s][info][gc,start       ] GC(265) Pause Young (Allocation Failure)
[128.441s][info][gc,heap        ] GC(265) PSYoungGen: 1286278K->42968K(1324032K)
[128.441s][info][gc,heap        ] GC(265) PSOldGen: 126649K->151093K(2796544K)
[128.441s][info][gc,metaspace   ] GC(265) Metaspace: 172484K(185404K)->172484K(185404K) NonClass: 151916K(158128K)->151916K(158128K) Class: 20567K(27276K)->20567K(27276K)
[128.441s][info][gc             ] GC(265) Pause Young (Allocation Failure) 1379M->189M(4024M) 10.189ms
[128.441s][info][gc,cpu         ] GC(265) User=0.09s Sys=0.00s Real=0.01s
[128.919s][info][gc,start       ] GC(266) Pause Young (System.gc())
[128.922s][info][gc,heap        ] GC(266) PSYoungGen: 419566K->2075K(1326592K)
[128.922s][info][gc,heap        ] GC(266) PSOldGen: 151093K->152766K(2796544K)
[128.922s][info][gc,metaspace   ] GC(266) Metaspace: 172664K(185660K)->172664K(185660K) NonClass: 152096K(158384K)->152096K(158384K) Class: 20567K(27276K)->20567K(27276K)
[128.922s][info][gc             ] GC(266) Pause Young (System.gc()) 557M->151M(4026M) 2.928ms
[128.922s][info][gc,cpu         ] GC(266) User=0.00s Sys=0.00s Real=0.00s
[128.922s][info][gc,start       ] GC(267) Pause Full (System.gc())
[128.924s][info][gc,phases,start] GC(267) Phase 1: Mark live objects
[128.997s][info][gc,phases      ] GC(267) Phase 1: Mark live objects 73.248ms
[128.997s][info][gc,phases,start] GC(267) Phase 2: Compute new object addresses
[129.006s][info][gc,phases      ] GC(267) Phase 2: Compute new object addresses 9.276ms
[129.007s][info][gc,phases,start] GC(267) Phase 3: Adjust pointers
[129.048s][info][gc,phases      ] GC(267) Phase 3: Adjust pointers 41.111ms
[129.048s][info][gc,phases,start] GC(267) Phase 4: Move objects
[129.048s][info][gc,phases      ] GC(267) Phase 4: Move objects 0.329ms
[129.049s][info][gc,heap        ] GC(267) PSYoungGen: 2075K->0K(1326592K)
[129.049s][info][gc,heap        ] GC(267) PSOldGen: 152766K->154723K(2796544K)
[129.049s][info][gc,metaspace   ] GC(267) Metaspace: 172664K(185660K)->172664K(185660K) NonClass: 152096K(158384K)->152096K(158384K) Class: 20567K(27276K)->20567K(27276K)
[129.049s][info][gc             ] GC(267) Pause Full (System.gc()) 151M->151M(4026M) 126.803ms
[129.049s][info][gc,cpu         ] GC(267) User=0.12s Sys=0.02s Real=0.13s
[129.266s][info][gc,start       ] GC(268) Pause Young (Allocation Failure)
[129.273s][info][gc,heap        ] GC(268) PSYoungGen: 1255424K->31351K(1329152K)
[129.273s][info][gc,heap        ] GC(268) PSOldGen: 154723K->154731K(2796544K)
[129.273s][info][gc,metaspace   ] GC(268) Metaspace: 172673K(185660K)->172673K(185660K) NonClass: 152105K(158384K)->152105K(158384K) Class: 20567K(27276K)->20567K(27276K)
[129.273s][info][gc             ] GC(268) Pause Young (Allocation Failure) 1377M->181M(4029M) 6.375ms
[129.273s][info][gc,cpu         ] GC(268) User=0.00s Sys=0.00s Real=0.01s
[129.982s][info][gc,start       ] GC(269) Pause Young (Allocation Failure)
[129.992s][info][gc,heap        ] GC(269) PSYoungGen: 1288790K->44041K(1303040K)
[129.992s][info][gc,heap        ] GC(269) PSOldGen: 154731K->178157K(2796544K)
[129.992s][info][gc,metaspace   ] GC(269) Metaspace: 172673K(185660K)->172673K(185660K) NonClass: 152105K(158384K)->152105K(158384K) Class: 20567K(27276K)->20567K(27276K)
[129.992s][info][gc             ] GC(269) Pause Young (Allocation Failure) 1409M->216M(4003M) 10.291ms
[129.992s][info][gc,cpu         ] GC(269) User=0.09s Sys=0.00s Real=0.01s
[130.469s][info][gc,start       ] GC(270) Pause Young (System.gc())
[130.472s][info][gc,heap        ] GC(270) PSYoungGen: 421368K->2098K(1326592K)
[130.472s][info][gc,heap        ] GC(270) PSOldGen: 178157K->179839K(2796544K)
[130.472s][info][gc,metaspace   ] GC(270) Metaspace: 172676K(185660K)->172676K(185660K) NonClass: 152108K(158384K)->152108K(158384K) Class: 20567K(27276K)->20567K(27276K)
[130.472s][info][gc             ] GC(270) Pause Young (System.gc()) 585M->177M(4026M) 2.852ms
[130.472s][info][gc,cpu         ] GC(270) User=0.00s Sys=0.00s Real=0.00s
[130.472s][info][gc,start       ] GC(271) Pause Full (System.gc())
[130.474s][info][gc,phases,start] GC(271) Phase 1: Mark live objects
[130.548s][info][gc,phases      ] GC(271) Phase 1: Mark live objects 73.862ms
[130.548s][info][gc,phases,start] GC(271) Phase 2: Compute new object addresses
[130.557s][info][gc,phases      ] GC(271) Phase 2: Compute new object addresses 9.252ms
[130.557s][info][gc,phases,start] GC(271) Phase 3: Adjust pointers
[130.598s][info][gc,phases      ] GC(271) Phase 3: Adjust pointers 41.404ms
[130.598s][info][gc,phases,start] GC(271) Phase 4: Move objects
[130.599s][info][gc,phases      ] GC(271) Phase 4: Move objects 0.279ms
[130.600s][info][gc,heap        ] GC(271) PSYoungGen: 2098K->0K(1326592K)
[130.600s][info][gc,heap        ] GC(271) PSOldGen: 179839K->181794K(2796544K)
[130.600s][info][gc,metaspace   ] GC(271) Metaspace: 172676K(185660K)->172676K(185660K) NonClass: 152108K(158384K)->152108K(158384K) Class: 20567K(27276K)->20567K(27276K)
[130.600s][info][gc             ] GC(271) Pause Full (System.gc()) 177M->177M(4026M) 127.408ms
[130.600s][info][gc,cpu         ] GC(271) User=0.12s Sys=0.00s Real=0.13s
[130.814s][info][gc,start       ] GC(272) Pause Young (Allocation Failure)
[130.819s][info][gc,heap        ] GC(272) PSYoungGen: 1254912K->30926K(1326080K)
[130.819s][info][gc,heap        ] GC(272) PSOldGen: 181794K->181794K(2796544K)
[130.819s][info][gc,metaspace   ] GC(272) Metaspace: 172677K(185660K)->172677K(185660K) NonClass: 152109K(158384K)->152109K(158384K) Class: 20567K(27276K)->20567K(27276K)
[130.819s][info][gc             ] GC(272) Pause Young (Allocation Failure) 1403M->207M(4026M) 5.548ms
[130.819s][info][gc,cpu         ] GC(272) User=0.00s Sys=0.00s Real=0.01s
[131.533s][info][gc,start       ] GC(273) Pause Young (Allocation Failure)
[131.544s][info][gc,heap        ] GC(273) PSYoungGen: 1283525K->42810K(1324544K)
[131.544s][info][gc,heap        ] GC(273) PSOldGen: 181794K->206426K(2796544K)
[131.544s][info][gc,metaspace   ] GC(273) Metaspace: 172681K(185660K)->172681K(185660K) NonClass: 152113K(158384K)->152113K(158384K) Class: 20567K(27276K)->20567K(27276K)
[131.544s][info][gc             ] GC(273) Pause Young (Allocation Failure) 1430M->243M(4024M) 10.554ms
[131.544s][info][gc,cpu         ] GC(273) User=0.00s Sys=0.00s Real=0.02s
[132.014s][info][gc,start       ] GC(274) Pause Young (System.gc())
[132.017s][info][gc,heap        ] GC(274) PSYoungGen: 423824K->2066K(1326592K)
[132.017s][info][gc,heap        ] GC(274) PSOldGen: 206426K->208108K(2796544K)
[132.017s][info][gc,metaspace   ] GC(274) Metaspace: 172681K(185660K)->172681K(185660K) NonClass: 152113K(158384K)->152113K(158384K) Class: 20567K(27276K)->20567K(27276K)
[132.017s][info][gc             ] GC(274) Pause Young (System.gc()) 615M->205M(4026M) 2.449ms
[132.017s][info][gc,cpu         ] GC(274) User=0.05s Sys=0.00s Real=0.00s
[132.017s][info][gc,start       ] GC(275) Pause Full (System.gc())
[132.018s][info][gc,phases,start] GC(275) Phase 1: Mark live objects
[132.096s][info][gc,phases      ] GC(275) Phase 1: Mark live objects 77.701ms
[132.096s][info][gc,phases,start] GC(275) Phase 2: Compute new object addresses
[132.106s][info][gc,phases      ] GC(275) Phase 2: Compute new object addresses 9.503ms
[132.106s][info][gc,phases,start] GC(275) Phase 3: Adjust pointers
[132.147s][info][gc,phases      ] GC(275) Phase 3: Adjust pointers 41.225ms
[132.147s][info][gc,phases,start] GC(275) Phase 4: Move objects
[132.147s][info][gc,phases      ] GC(275) Phase 4: Move objects 0.280ms
[132.148s][info][gc,heap        ] GC(275) PSYoungGen: 2066K->0K(1326592K)
[132.148s][info][gc,heap        ] GC(275) PSOldGen: 208108K->210063K(2796544K)
[132.148s][info][gc,metaspace   ] GC(275) Metaspace: 172681K(185660K)->172681K(185660K) NonClass: 152113K(158384K)->152113K(158384K) Class: 20567K(27276K)->20567K(27276K)
[132.148s][info][gc             ] GC(275) Pause Full (System.gc()) 205M->205M(4026M) 131.411ms
[132.148s][info][gc,cpu         ] GC(275) User=0.12s Sys=0.00s Real=0.13s
[132.363s][info][gc,start       ] GC(276) Pause Young (Allocation Failure)
[132.369s][info][gc,heap        ] GC(276) PSYoungGen: 1255424K->29754K(1329664K)
[132.369s][info][gc,heap        ] GC(276) PSOldGen: 210063K->210063K(2796544K)
[132.369s][info][gc,metaspace   ] GC(276) Metaspace: 172681K(185660K)->172681K(185660K) NonClass: 152113K(158384K)->152113K(158384K) Class: 20567K(27276K)->20567K(27276K)
[132.369s][info][gc             ] GC(276) Pause Young (Allocation Failure) 1431M->234M(4029M) 6.149ms
[132.369s][info][gc,cpu         ] GC(276) User=0.00s Sys=0.00s Real=0.00s
[133.089s][info][gc,start       ] GC(277) Pause Young (Allocation Failure)
[133.099s][info][gc,heap        ] GC(277) PSYoungGen: 1288250K->42248K(1326592K)
[133.099s][info][gc,heap        ] GC(277) PSOldGen: 210063K->235519K(2796544K)
[133.099s][info][gc,metaspace   ] GC(277) Metaspace: 172682K(185660K)->172682K(185660K) NonClass: 152114K(158384K)->152114K(158384K) Class: 20567K(27276K)->20567K(27276K)
[133.099s][info][gc             ] GC(277) Pause Young (Allocation Failure) 1463M->271M(4026M) 10.813ms
[133.099s][info][gc,cpu         ] GC(277) User=0.08s Sys=0.02s Real=0.02s
[133.572s][info][gc,start       ] GC(278) Pause Young (System.gc())
[133.574s][info][gc,heap        ] GC(278) PSYoungGen: 407585K->2075K(1327616K)
[133.574s][info][gc,heap        ] GC(278) PSOldGen: 235519K->237264K(2796544K)
[133.574s][info][gc,metaspace   ] GC(278) Metaspace: 172682K(185660K)->172682K(185660K) NonClass: 152114K(158384K)->152114K(158384K) Class: 20567K(27276K)->20567K(27276K)
[133.574s][info][gc             ] GC(278) Pause Young (System.gc()) 628M->233M(4027M) 2.806ms
[133.575s][info][gc,cpu         ] GC(278) User=0.00s Sys=0.00s Real=0.00s
[133.575s][info][gc,start       ] GC(279) Pause Full (System.gc())
[133.576s][info][gc,phases,start] GC(279) Phase 1: Mark live objects
[133.650s][info][gc,phases      ] GC(279) Phase 1: Mark live objects 73.718ms
[133.650s][info][gc,phases,start] GC(279) Phase 2: Compute new object addresses
[133.660s][info][gc,phases      ] GC(279) Phase 2: Compute new object addresses 9.759ms
[133.660s][info][gc,phases,start] GC(279) Phase 3: Adjust pointers
[133.703s][info][gc,phases      ] GC(279) Phase 3: Adjust pointers 43.542ms
[133.703s][info][gc,phases,start] GC(279) Phase 4: Move objects
[133.713s][info][gc,phases      ] GC(279) Phase 4: Move objects 9.943ms
[133.714s][info][gc,heap        ] GC(279) PSYoungGen: 2075K->0K(1327616K)
[133.714s][info][gc,heap        ] GC(279) PSOldGen: 237264K->126501K(2796544K)
[133.714s][info][gc,metaspace   ] GC(279) Metaspace: 172682K(185660K)->172682K(185660K) NonClass: 152114K(158384K)->152114K(158384K) Class: 20567K(27276K)->20567K(27276K)
[133.714s][info][gc             ] GC(279) Pause Full (System.gc()) 233M->123M(4027M) 139.681ms
[133.714s][info][gc,cpu         ] GC(279) User=0.14s Sys=0.00s Real=0.13s
[133.925s][info][gc,start       ] GC(280) Pause Young (Allocation Failure)
[133.931s][info][gc,heap        ] GC(280) PSYoungGen: 1256960K->30751K(1327104K)
[133.931s][info][gc,heap        ] GC(280) PSOldGen: 126501K->126501K(2796544K)
[133.931s][info][gc,metaspace   ] GC(280) Metaspace: 172683K(185660K)->172683K(185660K) NonClass: 152115K(158384K)->152115K(158384K) Class: 20567K(27276K)->20567K(27276K)
[133.931s][info][gc             ] GC(280) Pause Young (Allocation Failure) 1351M->153M(4027M) 5.951ms
[133.931s][info][gc,cpu         ] GC(280) User=0.00s Sys=0.00s Real=0.01s
[134.611s][info][gc,start       ] GC(281) Pause Young (Allocation Failure)
[134.621s][info][gc,heap        ] GC(281) PSYoungGen: 1287419K->42984K(1324544K)
[134.621s][info][gc,heap        ] GC(281) PSOldGen: 126501K->150938K(2796544K)
[134.621s][info][gc,metaspace   ] GC(281) Metaspace: 172683K(185660K)->172683K(185660K) NonClass: 152115K(158384K)->152115K(158384K) Class: 20567K(27276K)->20567K(27276K)
[134.621s][info][gc             ] GC(281) Pause Young (Allocation Failure) 1380M->189M(4024M) 10.595ms
[134.621s][info][gc,cpu         ] GC(281) User=0.00s Sys=0.00s Real=0.01s
[135.122s][info][gc,start       ] GC(282) Pause Young (System.gc())
[135.124s][info][gc,heap        ] GC(282) PSYoungGen: 430768K->2125K(1327104K)
[135.124s][info][gc,heap        ] GC(282) PSOldGen: 150938K->152581K(2796544K)
[135.124s][info][gc,metaspace   ] GC(282) Metaspace: 172685K(185660K)->172685K(185660K) NonClass: 152117K(158384K)->152117K(158384K) Class: 20567K(27276K)->20567K(27276K)
[135.124s][info][gc             ] GC(282) Pause Young (System.gc()) 568M->151M(4027M) 2.291ms
[135.124s][info][gc,cpu         ] GC(282) User=0.00s Sys=0.00s Real=0.00s
[135.124s][info][gc,start       ] GC(283) Pause Full (System.gc())
[135.126s][info][gc,phases,start] GC(283) Phase 1: Mark live objects
[135.200s][info][gc,phases      ] GC(283) Phase 1: Mark live objects 74.046ms
[135.200s][info][gc,phases,start] GC(283) Phase 2: Compute new object addresses
[135.209s][info][gc,phases      ] GC(283) Phase 2: Compute new object addresses 9.245ms
[135.209s][info][gc,phases,start] GC(283) Phase 3: Adjust pointers
[135.251s][info][gc,phases      ] GC(283) Phase 3: Adjust pointers 41.265ms
[135.251s][info][gc,phases,start] GC(283) Phase 4: Move objects
[135.251s][info][gc,phases      ] GC(283) Phase 4: Move objects 0.297ms
[135.252s][info][gc,heap        ] GC(283) PSYoungGen: 2125K->0K(1327104K)
[135.252s][info][gc,heap        ] GC(283) PSOldGen: 152581K->154632K(2796544K)
[135.252s][info][gc,metaspace   ] GC(283) Metaspace: 172685K(185660K)->172685K(185660K) NonClass: 152117K(158384K)->152117K(158384K) Class: 20567K(27276K)->20567K(27276K)
[135.252s][info][gc             ] GC(283) Pause Full (System.gc()) 151M->151M(4027M) 127.464ms
[135.252s][info][gc,cpu         ] GC(283) User=0.14s Sys=0.00s Real=0.13s
[135.466s][info][gc,start       ] GC(284) Pause Young (Allocation Failure)
[135.472s][info][gc,heap        ] GC(284) PSYoungGen: 1256448K->31415K(1329152K)
[135.472s][info][gc,heap        ] GC(284) PSOldGen: 154632K->154632K(2796544K)
[135.472s][info][gc,metaspace   ] GC(284) Metaspace: 172687K(185660K)->172687K(185660K) NonClass: 152119K(158384K)->152119K(158384K) Class: 20567K(27276K)->20567K(27276K)
[135.472s][info][gc             ] GC(284) Pause Young (Allocation Failure) 1378M->181M(4029M) 6.045ms
[135.472s][info][gc,cpu         ] GC(284) User=0.09s Sys=0.00s Real=0.01s
[136.184s][info][gc,start       ] GC(285) Pause Young (Allocation Failure)
[136.194s][info][gc,heap        ] GC(285) PSYoungGen: 1290423K->43042K(1302528K)
[136.194s][info][gc,heap        ] GC(285) PSOldGen: 154632K->179121K(2796544K)
[136.194s][info][gc,metaspace   ] GC(285) Metaspace: 172687K(185660K)->172687K(185660K) NonClass: 152119K(158384K)->152119K(158384K) Class: 20567K(27276K)->20567K(27276K)
[136.194s][info][gc             ] GC(285) Pause Young (Allocation Failure) 1411M->216M(4003M) 10.619ms
[136.194s][info][gc,cpu         ] GC(285) User=0.09s Sys=0.00s Real=0.02s
[136.670s][info][gc,start       ] GC(286) Pause Young (System.gc())
[136.672s][info][gc,heap        ] GC(286) PSYoungGen: 413848K->2083K(1327104K)
[136.672s][info][gc,heap        ] GC(286) PSOldGen: 179121K->180787K(2796544K)
[136.672s][info][gc,metaspace   ] GC(286) Metaspace: 172687K(185660K)->172687K(185660K) NonClass: 152119K(158384K)->152119K(158384K) Class: 20567K(27276K)->20567K(27276K)
[136.672s][info][gc             ] GC(286) Pause Young (System.gc()) 579M->178M(4027M) 2.442ms
[136.672s][info][gc,cpu         ] GC(286) User=0.03s Sys=0.00s Real=0.00s
[136.673s][info][gc,start       ] GC(287) Pause Full (System.gc())
[136.676s][info][gc,phases,start] GC(287) Phase 1: Mark live objects
[136.751s][info][gc,phases      ] GC(287) Phase 1: Mark live objects 74.436ms
[136.751s][info][gc,phases,start] GC(287) Phase 2: Compute new object addresses
[136.760s][info][gc,phases      ] GC(287) Phase 2: Compute new object addresses 9.238ms
[136.760s][info][gc,phases,start] GC(287) Phase 3: Adjust pointers
[136.802s][info][gc,phases      ] GC(287) Phase 3: Adjust pointers 42.194ms
[136.802s][info][gc,phases,start] GC(287) Phase 4: Move objects
[136.803s][info][gc,phases      ] GC(287) Phase 4: Move objects 0.282ms
[136.804s][info][gc,heap        ] GC(287) PSYoungGen: 2083K->0K(1327104K)
[136.804s][info][gc,heap        ] GC(287) PSOldGen: 180787K->182742K(2796544K)
[136.804s][info][gc,metaspace   ] GC(287) Metaspace: 172687K(185660K)->172687K(185660K) NonClass: 152119K(158384K)->152119K(158384K) Class: 20567K(27276K)->20567K(27276K)
[136.804s][info][gc             ] GC(287) Pause Full (System.gc()) 178M->178M(4027M) 131.166ms
[136.804s][info][gc,cpu         ] GC(287) User=0.12s Sys=0.00s Real=0.14s
[137.018s][info][gc,start       ] GC(288) Pause Young (Allocation Failure)
[137.024s][info][gc,heap        ] GC(288) PSYoungGen: 1256448K->29265K(1327104K)
[137.024s][info][gc,heap        ] GC(288) PSOldGen: 182742K->182750K(2796544K)
[137.024s][info][gc,metaspace   ] GC(288) Metaspace: 172689K(185660K)->172689K(185660K) NonClass: 152121K(158384K)->152121K(158384K) Class: 20567K(27276K)->20567K(27276K)
[137.024s][info][gc             ] GC(288) Pause Young (Allocation Failure) 1405M->207M(4027M) 5.673ms
[137.024s][info][gc,cpu         ] GC(288) User=0.00s Sys=0.00s Real=0.00s
[137.738s][info][gc,start       ] GC(289) Pause Young (Allocation Failure)
[137.749s][info][gc,heap        ] GC(289) PSYoungGen: 1283360K->42000K(1325056K)
[137.749s][info][gc,heap        ] GC(289) PSOldGen: 182750K->208215K(2796544K)
[137.749s][info][gc,metaspace   ] GC(289) Metaspace: 172689K(185660K)->172689K(185660K) NonClass: 152121K(158384K)->152121K(158384K) Class: 20567K(27276K)->20567K(27276K)
[137.749s][info][gc             ] GC(289) Pause Young (Allocation Failure) 1431M->244M(4025M) 10.231ms
[137.749s][info][gc,cpu         ] GC(289) User=0.00s Sys=0.00s Real=0.02s
[138.220s][info][gc,start       ] GC(290) Pause Young (System.gc())
[138.223s][info][gc,heap        ] GC(290) PSYoungGen: 420861K->2051K(1327616K)
[138.223s][info][gc,heap        ] GC(290) PSOldGen: 208215K->209889K(2796544K)
[138.223s][info][gc,metaspace   ] GC(290) Metaspace: 172707K(185660K)->172707K(185660K) NonClass: 152139K(158384K)->152139K(158384K) Class: 20568K(27276K)->20568K(27276K)
[138.223s][info][gc             ] GC(290) Pause Young (System.gc()) 614M->206M(4027M) 2.661ms
[138.223s][info][gc,cpu         ] GC(290) User=0.00s Sys=0.00s Real=0.02s
[138.223s][info][gc,start       ] GC(291) Pause Full (System.gc())
[138.224s][info][gc,phases,start] GC(291) Phase 1: Mark live objects
[138.298s][info][gc,phases      ] GC(291) Phase 1: Mark live objects 73.712ms
[138.298s][info][gc,phases,start] GC(291) Phase 2: Compute new object addresses
[138.307s][info][gc,phases      ] GC(291) Phase 2: Compute new object addresses 9.362ms
[138.308s][info][gc,phases,start] GC(291) Phase 3: Adjust pointers
[138.349s][info][gc,phases      ] GC(291) Phase 3: Adjust pointers 41.436ms
[138.349s][info][gc,phases,start] GC(291) Phase 4: Move objects
[138.349s][info][gc,phases      ] GC(291) Phase 4: Move objects 0.280ms
[138.350s][info][gc,heap        ] GC(291) PSYoungGen: 2051K->0K(1327616K)
[138.350s][info][gc,heap        ] GC(291) PSOldGen: 209889K->211845K(2796544K)
[138.350s][info][gc,metaspace   ] GC(291) Metaspace: 172707K(185660K)->172707K(185660K) NonClass: 152139K(158384K)->152139K(158384K) Class: 20568K(27276K)->20568K(27276K)
[138.350s][info][gc             ] GC(291) Pause Full (System.gc()) 206M->206M(4027M) 127.508ms
[138.350s][info][gc,cpu         ] GC(291) User=0.12s Sys=0.00s Real=0.11s
[138.570s][info][gc,start       ] GC(292) Pause Young (Allocation Failure)
[138.576s][info][gc,heap        ] GC(292) PSYoungGen: 1257472K->29617K(1330688K)
[138.576s][info][gc,heap        ] GC(292) PSOldGen: 211845K->211845K(2796544K)
[138.576s][info][gc,metaspace   ] GC(292) Metaspace: 172707K(185660K)->172707K(185660K) NonClass: 152139K(158384K)->152139K(158384K) Class: 20568K(27276K)->20568K(27276K)
[138.576s][info][gc             ] GC(292) Pause Young (Allocation Failure) 1434M->235M(4030M) 6.073ms
[138.577s][info][gc,cpu         ] GC(292) User=0.00s Sys=0.00s Real=0.00s
[139.282s][info][gc,start       ] GC(293) Pause Young (Allocation Failure)
[139.293s][info][gc,heap        ] GC(293) PSYoungGen: 1290673K->42301K(1328128K)
[139.293s][info][gc,heap        ] GC(293) PSOldGen: 211845K->237309K(2796544K)
[139.293s][info][gc,metaspace   ] GC(293) Metaspace: 172709K(185660K)->172709K(185660K) NonClass: 152140K(158384K)->152140K(158384K) Class: 20568K(27276K)->20568K(27276K)
[139.293s][info][gc             ] GC(293) Pause Young (Allocation Failure) 1467M->273M(4028M) 10.748ms
[139.293s][info][gc,cpu         ] GC(293) User=0.00s Sys=0.00s Real=0.02s
[139.763s][info][gc,start       ] GC(294) Pause Young (System.gc())
[139.765s][info][gc,heap        ] GC(294) PSYoungGen: 408713K->2083K(1328128K)
[139.765s][info][gc,heap        ] GC(294) PSOldGen: 237309K->238998K(2796544K)
[139.765s][info][gc,metaspace   ] GC(294) Metaspace: 172711K(185660K)->172711K(185660K) NonClass: 152142K(158384K)->152142K(158384K) Class: 20568K(27276K)->20568K(27276K)
[139.765s][info][gc             ] GC(294) Pause Young (System.gc()) 630M->235M(4028M) 2.461ms
[139.765s][info][gc,cpu         ] GC(294) User=0.00s Sys=0.00s Real=0.00s
[139.765s][info][gc,start       ] GC(295) Pause Full (System.gc())
[139.767s][info][gc,phases,start] GC(295) Phase 1: Mark live objects
[139.841s][info][gc,phases      ] GC(295) Phase 1: Mark live objects 74.128ms
[139.841s][info][gc,phases,start] GC(295) Phase 2: Compute new object addresses
[139.850s][info][gc,phases      ] GC(295) Phase 2: Compute new object addresses 9.565ms
[139.851s][info][gc,phases,start] GC(295) Phase 3: Adjust pointers
[139.892s][info][gc,phases      ] GC(295) Phase 3: Adjust pointers 41.917ms
[139.893s][info][gc,phases,start] GC(295) Phase 4: Move objects
[139.895s][info][gc,phases      ] GC(295) Phase 4: Move objects 2.870ms
[139.896s][info][gc,heap        ] GC(295) PSYoungGen: 2083K->0K(1328128K)
[139.896s][info][gc,heap        ] GC(295) PSOldGen: 238998K->126439K(2796544K)
[139.896s][info][gc,metaspace   ] GC(295) Metaspace: 172711K(185660K)->172711K(185660K) NonClass: 152142K(158384K)->152142K(158384K) Class: 20568K(27276K)->20568K(27276K)
[139.896s][info][gc             ] GC(295) Pause Full (System.gc()) 235M->123M(4028M) 131.143ms
[139.896s][info][gc,cpu         ] GC(295) User=0.12s Sys=0.02s Real=0.13s
[140.118s][info][gc,start       ] GC(296) Pause Young (Allocation Failure)
[140.124s][info][gc,heap        ] GC(296) PSYoungGen: 1258496K->34421K(1328128K)
[140.124s][info][gc,heap        ] GC(296) PSOldGen: 126439K->126439K(2796544K)
[140.124s][info][gc,metaspace   ] GC(296) Metaspace: 172713K(185660K)->172713K(185660K) NonClass: 152144K(158384K)->152144K(158384K) Class: 20568K(27276K)->20568K(27276K)
[140.124s][info][gc             ] GC(296) Pause Young (Allocation Failure) 1352M->157M(4028M) 6.047ms
[140.125s][info][gc,cpu         ] GC(296) User=0.00s Sys=0.00s Real=0.01s
[140.845s][info][gc,start       ] GC(297) Pause Young (Allocation Failure)
[140.856s][info][gc,heap        ] GC(297) PSYoungGen: 1292917K->44730K(1323008K)
[140.856s][info][gc,heap        ] GC(297) PSOldGen: 126439K->149383K(2796544K)
[140.856s][info][gc,metaspace   ] GC(297) Metaspace: 172713K(185660K)->172713K(185660K) NonClass: 152144K(158384K)->152144K(158384K) Class: 20568K(27276K)->20568K(27276K)
[140.856s][info][gc             ] GC(297) Pause Young (Allocation Failure) 1386M->189M(4023M) 10.561ms
[140.856s][info][gc,cpu         ] GC(297) User=0.00s Sys=0.00s Real=0.01s
[141.326s][info][gc,start       ] GC(298) Pause Young (System.gc())
[141.328s][info][gc,heap        ] GC(298) PSYoungGen: 410981K->2043K(1326080K)
[141.328s][info][gc,heap        ] GC(298) PSOldGen: 149383K->151742K(2796544K)
[141.328s][info][gc,metaspace   ] GC(298) Metaspace: 172713K(185660K)->172713K(185660K) NonClass: 152144K(158384K)->152144K(158384K) Class: 20568K(27276K)->20568K(27276K)
[141.328s][info][gc             ] GC(298) Pause Young (System.gc()) 547M->150M(4026M) 2.563ms
[141.328s][info][gc,cpu         ] GC(298) User=0.00s Sys=0.00s Real=0.00s
[141.328s][info][gc,start       ] GC(299) Pause Full (System.gc())
[141.330s][info][gc,phases,start] GC(299) Phase 1: Mark live objects
[141.403s][info][gc,phases      ] GC(299) Phase 1: Mark live objects 73.625ms
[141.403s][info][gc,phases,start] GC(299) Phase 2: Compute new object addresses
[141.413s][info][gc,phases      ] GC(299) Phase 2: Compute new object addresses 9.170ms
[141.413s][info][gc,phases,start] GC(299) Phase 3: Adjust pointers
[141.454s][info][gc,phases      ] GC(299) Phase 3: Adjust pointers 41.649ms
[141.454s][info][gc,phases,start] GC(299) Phase 4: Move objects
[141.455s][info][gc,phases      ] GC(299) Phase 4: Move objects 0.281ms
[141.456s][info][gc,heap        ] GC(299) PSYoungGen: 2043K->0K(1326080K)
[141.456s][info][gc,heap        ] GC(299) PSOldGen: 151742K->153695K(2796544K)
[141.456s][info][gc,metaspace   ] GC(299) Metaspace: 172713K(185660K)->172713K(185660K) NonClass: 152144K(158384K)->152144K(158384K) Class: 20568K(27276K)->20568K(27276K)
[141.456s][info][gc             ] GC(299) Pause Full (System.gc()) 150M->150M(4026M) 127.380ms
[141.456s][info][gc,cpu         ] GC(299) User=0.14s Sys=0.00s Real=0.13s
[141.673s][info][gc,start       ] GC(300) Pause Young (Allocation Failure)
[141.679s][info][gc,heap        ] GC(300) PSYoungGen: 1254400K->31177K(1328640K)
[141.679s][info][gc,heap        ] GC(300) PSOldGen: 153695K->153695K(2796544K)
[141.679s][info][gc,metaspace   ] GC(300) Metaspace: 172716K(185660K)->172716K(185660K) NonClass: 152147K(158384K)->152147K(158384K) Class: 20568K(27276K)->20568K(27276K)
[141.679s][info][gc             ] GC(300) Pause Young (Allocation Failure) 1375M->180M(4028M) 5.937ms
[141.679s][info][gc,cpu         ] GC(300) User=0.00s Sys=0.00s Real=0.01s
[142.417s][info][gc,start       ] GC(301) Pause Young (Allocation Failure)
[142.427s][info][gc,heap        ] GC(301) PSYoungGen: 1288137K->43023K(1326080K)
[142.427s][info][gc,heap        ] GC(301) PSOldGen: 153695K->178144K(2796544K)
[142.427s][info][gc,metaspace   ] GC(301) Metaspace: 172716K(185660K)->172716K(185660K) NonClass: 152147K(158384K)->152147K(158384K) Class: 20568K(27276K)->20568K(27276K)
[142.427s][info][gc             ] GC(301) Pause Young (Allocation Failure) 1408M->215M(4026M) 10.629ms
[142.428s][info][gc,cpu         ] GC(301) User=0.09s Sys=0.00s Real=0.02s
[142.891s][info][gc,start       ] GC(302) Pause Young (System.gc())
[142.893s][info][gc,heap        ] GC(302) PSYoungGen: 407370K->2139K(1326592K)
[142.893s][info][gc,heap        ] GC(302) PSOldGen: 178144K->179817K(2796544K)
[142.893s][info][gc,metaspace   ] GC(302) Metaspace: 172717K(185660K)->172717K(185660K) NonClass: 152148K(158384K)->152148K(158384K) Class: 20568K(27276K)->20568K(27276K)
[142.893s][info][gc             ] GC(302) Pause Young (System.gc()) 571M->177M(4026M) 2.496ms
[142.893s][info][gc,cpu         ] GC(302) User=0.02s Sys=0.00s Real=0.00s
[142.893s][info][gc,start       ] GC(303) Pause Full (System.gc())
[142.895s][info][gc,phases,start] GC(303) Phase 1: Mark live objects
[142.968s][info][gc,phases      ] GC(303) Phase 1: Mark live objects 73.547ms
[142.969s][info][gc,phases,start] GC(303) Phase 2: Compute new object addresses
[142.978s][info][gc,phases      ] GC(303) Phase 2: Compute new object addresses 9.319ms
[142.978s][info][gc,phases,start] GC(303) Phase 3: Adjust pointers
[143.019s][info][gc,phases      ] GC(303) Phase 3: Adjust pointers 41.503ms
[143.019s][info][gc,phases,start] GC(303) Phase 4: Move objects
[143.020s][info][gc,phases      ] GC(303) Phase 4: Move objects 0.282ms
[143.021s][info][gc,heap        ] GC(303) PSYoungGen: 2139K->0K(1326592K)
[143.021s][info][gc,heap        ] GC(303) PSOldGen: 179817K->181771K(2796544K)
[143.021s][info][gc,metaspace   ] GC(303) Metaspace: 172717K(185660K)->172717K(185660K) NonClass: 152148K(158384K)->152148K(158384K) Class: 20568K(27276K)->20568K(27276K)
[143.021s][info][gc             ] GC(303) Pause Full (System.gc()) 177M->177M(4026M) 127.623ms
[143.021s][info][gc,cpu         ] GC(303) User=0.12s Sys=0.00s Real=0.13s
[143.239s][info][gc,start       ] GC(304) Pause Young (Allocation Failure)
[143.245s][info][gc,heap        ] GC(304) PSYoungGen: 1254912K->31039K(1326080K)
[143.245s][info][gc,heap        ] GC(304) PSOldGen: 181771K->181771K(2796544K)
[143.245s][info][gc,metaspace   ] GC(304) Metaspace: 172762K(185660K)->172762K(185660K) NonClass: 152194K(158384K)->152194K(158384K) Class: 20568K(27276K)->20568K(27276K)
[143.245s][info][gc             ] GC(304) Pause Young (Allocation Failure) 1403M->207M(4026M) 6.218ms
[143.246s][info][gc,cpu         ] GC(304) User=0.00s Sys=0.00s Real=0.01s
[143.957s][info][gc,start       ] GC(305) Pause Young (Allocation Failure)
[143.967s][info][gc,heap        ] GC(305) PSYoungGen: 1285951K->42961K(1324544K)
[143.967s][info][gc,heap        ] GC(305) PSOldGen: 181771K->206211K(2796544K)
[143.967s][info][gc,metaspace   ] GC(305) Metaspace: 172762K(185660K)->172762K(185660K) NonClass: 152194K(158384K)->152194K(158384K) Class: 20568K(27276K)->20568K(27276K)
[143.967s][info][gc             ] GC(305) Pause Young (Allocation Failure) 1433M->243M(4024M) 10.667ms
[143.967s][info][gc,cpu         ] GC(305) User=0.00s Sys=0.00s Real=0.02s
[144.446s][info][gc,start       ] GC(306) Pause Young (System.gc())
[144.448s][info][gc,heap        ] GC(306) PSYoungGen: 412068K->2107K(1326592K)
[144.448s][info][gc,heap        ] GC(306) PSOldGen: 206211K->207892K(2796544K)
[144.448s][info][gc,metaspace   ] GC(306) Metaspace: 172762K(185660K)->172762K(185660K) NonClass: 152194K(158384K)->152194K(158384K) Class: 20568K(27276K)->20568K(27276K)
[144.448s][info][gc             ] GC(306) Pause Young (System.gc()) 603M->205M(4026M) 2.622ms
[144.448s][info][gc,cpu         ] GC(306) User=0.00s Sys=0.00s Real=0.02s
[144.449s][info][gc,start       ] GC(307) Pause Full (System.gc())
[144.450s][info][gc,phases,start] GC(307) Phase 1: Mark live objects
[144.524s][info][gc,phases      ] GC(307) Phase 1: Mark live objects 73.555ms
[144.524s][info][gc,phases,start] GC(307) Phase 2: Compute new object addresses
[144.533s][info][gc,phases      ] GC(307) Phase 2: Compute new object addresses 9.329ms
[144.533s][info][gc,phases,start] GC(307) Phase 3: Adjust pointers
[144.575s][info][gc,phases      ] GC(307) Phase 3: Adjust pointers 41.445ms
[144.575s][info][gc,phases,start] GC(307) Phase 4: Move objects
[144.575s][info][gc,phases      ] GC(307) Phase 4: Move objects 0.323ms
[144.576s][info][gc,heap        ] GC(307) PSYoungGen: 2107K->0K(1326592K)
[144.576s][info][gc,heap        ] GC(307) PSOldGen: 207892K->209848K(2796544K)
[144.576s][info][gc,metaspace   ] GC(307) Metaspace: 172762K(185660K)->172762K(185660K) NonClass: 152194K(158384K)->152194K(158384K) Class: 20568K(27276K)->20568K(27276K)
[144.576s][info][gc             ] GC(307) Pause Full (System.gc()) 205M->204M(4026M) 127.739ms
[144.576s][info][gc,cpu         ] GC(307) User=0.12s Sys=0.00s Real=0.13s
[144.790s][info][gc,start       ] GC(308) Pause Young (Allocation Failure)
[144.795s][info][gc,heap        ] GC(308) PSYoungGen: 1255424K->29393K(1329664K)
[144.795s][info][gc,heap        ] GC(308) PSOldGen: 209848K->209848K(2796544K)
[144.795s][info][gc,metaspace   ] GC(308) Metaspace: 172762K(185660K)->172762K(185660K) NonClass: 152194K(158384K)->152194K(158384K) Class: 20568K(27276K)->20568K(27276K)
[144.795s][info][gc             ] GC(308) Pause Young (Allocation Failure) 1430M->233M(4029M) 5.769ms
[144.795s][info][gc,cpu         ] GC(308) User=0.00s Sys=0.00s Real=0.00s
[145.508s][info][gc,start       ] GC(309) Pause Young (Allocation Failure)
[145.518s][info][gc,heap        ] GC(309) PSYoungGen: 1287889K->42039K(1326592K)
[145.518s][info][gc,heap        ] GC(309) PSOldGen: 209848K->235306K(2796544K)
[145.518s][info][gc,metaspace   ] GC(309) Metaspace: 172762K(185660K)->172762K(185660K) NonClass: 152194K(158384K)->152194K(158384K) Class: 20568K(27276K)->20568K(27276K)
[145.518s][info][gc             ] GC(309) Pause Young (Allocation Failure) 1462M->270M(4026M) 10.683ms
[145.518s][info][gc,cpu         ] GC(309) User=0.09s Sys=0.00s Real=0.02s
[145.986s][info][gc,start       ] GC(310) Pause Young (System.gc())
[145.988s][info][gc,heap        ] GC(310) PSYoungGen: 408172K->2067K(1327616K)
[145.988s][info][gc,heap        ] GC(310) PSOldGen: 235306K->236988K(2796544K)
[145.988s][info][gc,metaspace   ] GC(310) Metaspace: 172770K(185660K)->172770K(185660K) NonClass: 152202K(158384K)->152202K(158384K) Class: 20568K(27276K)->20568K(27276K)
[145.988s][info][gc             ] GC(310) Pause Young (System.gc()) 628M->233M(4027M) 2.459ms
[145.988s][info][gc,cpu         ] GC(310) User=0.00s Sys=0.00s Real=0.00s
[145.988s][info][gc,start       ] GC(311) Pause Full (System.gc())
[145.990s][info][gc,phases,start] GC(311) Phase 1: Mark live objects
[146.065s][info][gc,phases      ] GC(311) Phase 1: Mark live objects 75.208ms
[146.065s][info][gc,phases,start] GC(311) Phase 2: Compute new object addresses
[146.075s][info][gc,phases      ] GC(311) Phase 2: Compute new object addresses 10.075ms
[146.075s][info][gc,phases,start] GC(311) Phase 3: Adjust pointers
[146.118s][info][gc,phases      ] GC(311) Phase 3: Adjust pointers 42.410ms
[146.118s][info][gc,phases,start] GC(311) Phase 4: Move objects
[146.124s][info][gc,phases      ] GC(311) Phase 4: Move objects 6.068ms
[146.125s][info][gc,heap        ] GC(311) PSYoungGen: 2067K->0K(1327616K)
[146.125s][info][gc,heap        ] GC(311) PSOldGen: 236988K->126262K(2796544K)
[146.125s][info][gc,metaspace   ] GC(311) Metaspace: 172770K(185660K)->172770K(185660K) NonClass: 152202K(158384K)->152202K(158384K) Class: 20568K(27276K)->20568K(27276K)
[146.125s][info][gc             ] GC(311) Pause Full (System.gc()) 233M->123M(4027M) 136.471ms
[146.125s][info][gc,cpu         ] GC(311) User=0.12s Sys=0.00s Real=0.13s
[146.335s][info][gc,start       ] GC(312) Pause Young (Allocation Failure)
[146.341s][info][gc,heap        ] GC(312) PSYoungGen: 1257472K->29881K(1327616K)
[146.341s][info][gc,heap        ] GC(312) PSOldGen: 126262K->126262K(2796544K)
[146.341s][info][gc,metaspace   ] GC(312) Metaspace: 172770K(185660K)->172770K(185660K) NonClass: 152202K(158384K)->152202K(158384K) Class: 20568K(27276K)->20568K(27276K)
[146.341s][info][gc             ] GC(312) Pause Young (Allocation Failure) 1351M->152M(4027M) 5.854ms
[146.341s][info][gc,cpu         ] GC(312) User=0.00s Sys=0.00s Real=0.01s
[147.058s][info][gc,start       ] GC(313) Pause Young (Allocation Failure)
[147.068s][info][gc,heap        ] GC(313) PSYoungGen: 1287353K->42017K(1326080K)
[147.068s][info][gc,heap        ] GC(313) PSOldGen: 126262K->151719K(2796544K)
[147.068s][info][gc,metaspace   ] GC(313) Metaspace: 172771K(185660K)->172771K(185660K) NonClass: 152203K(158384K)->152203K(158384K) Class: 20568K(27276K)->20568K(27276K)
[147.068s][info][gc             ] GC(313) Pause Young (Allocation Failure) 1380M->189M(4026M) 10.800ms
[147.068s][info][gc,cpu         ] GC(313) User=0.08s Sys=0.00s Real=0.01s
[147.539s][info][gc,start       ] GC(314) Pause Young (System.gc())
[147.541s][info][gc,heap        ] GC(314) PSYoungGen: 410892K->2083K(1328128K)
[147.541s][info][gc,heap        ] GC(314) PSOldGen: 151719K->153392K(2796544K)
[147.541s][info][gc,metaspace   ] GC(314) Metaspace: 172771K(185660K)->172771K(185660K) NonClass: 152203K(158384K)->152203K(158384K) Class: 20568K(27276K)->20568K(27276K)
[147.541s][info][gc             ] GC(314) Pause Young (System.gc()) 549M->151M(4028M) 2.571ms
[147.541s][info][gc,cpu         ] GC(314) User=0.00s Sys=0.00s Real=0.01s
[147.541s][info][gc,start       ] GC(315) Pause Full (System.gc())
[147.543s][info][gc,phases,start] GC(315) Phase 1: Mark live objects
[147.617s][info][gc,phases      ] GC(315) Phase 1: Mark live objects 73.701ms
[147.617s][info][gc,phases,start] GC(315) Phase 2: Compute new object addresses
[147.626s][info][gc,phases      ] GC(315) Phase 2: Compute new object addresses 9.354ms
[147.626s][info][gc,phases,start] GC(315) Phase 3: Adjust pointers
[147.668s][info][gc,phases      ] GC(315) Phase 3: Adjust pointers 41.752ms
[147.668s][info][gc,phases,start] GC(315) Phase 4: Move objects
[147.668s][info][gc,phases      ] GC(315) Phase 4: Move objects 0.281ms
[147.669s][info][gc,heap        ] GC(315) PSYoungGen: 2083K->0K(1328128K)
[147.669s][info][gc,heap        ] GC(315) PSOldGen: 153392K->155346K(2796544K)
[147.669s][info][gc,metaspace   ] GC(315) Metaspace: 172771K(185660K)->172771K(185660K) NonClass: 152203K(158384K)->152203K(158384K) Class: 20568K(27276K)->20568K(27276K)
[147.669s][info][gc             ] GC(315) Pause Full (System.gc()) 151M->151M(4028M) 127.849ms
[147.669s][info][gc,cpu         ] GC(315) User=0.12s Sys=0.00s Real=0.11s
[147.886s][info][gc,start       ] GC(316) Pause Young (Allocation Failure)
[147.892s][info][gc,heap        ] GC(316) PSYoungGen: 1258496K->29849K(1330688K)
[147.892s][info][gc,heap        ] GC(316) PSOldGen: 155346K->155354K(2796544K)
[147.892s][info][gc,metaspace   ] GC(316) Metaspace: 172776K(185660K)->172776K(185660K) NonClass: 152207K(158384K)->152207K(158384K) Class: 20568K(27276K)->20568K(27276K)
[147.892s][info][gc             ] GC(316) Pause Young (Allocation Failure) 1380M->180M(4030M) 6.026ms
[147.892s][info][gc,cpu         ] GC(316) User=0.06s Sys=0.00s Real=0.01s
[148.607s][info][gc,start       ] GC(317) Pause Young (Allocation Failure)
[148.618s][info][gc,heap        ] GC(317) PSYoungGen: 1288959K->42063K(1328128K)
[148.618s][info][gc,heap        ] GC(317) PSOldGen: 155354K->180814K(2796544K)
[148.618s][info][gc,metaspace   ] GC(317) Metaspace: 172776K(185660K)->172776K(185660K) NonClass: 152207K(158384K)->152207K(158384K) Class: 20568K(27276K)->20568K(27276K)
[148.618s][info][gc             ] GC(317) Pause Young (Allocation Failure) 1410M->217M(4028M) 10.386ms
[148.618s][info][gc,cpu         ] GC(317) User=0.05s Sys=0.00s Real=0.01s
[149.082s][info][gc,start       ] GC(318) Pause Young (System.gc())
[149.085s][info][gc,heap        ] GC(318) PSYoungGen: 407839K->2018K(1328640K)
[149.085s][info][gc,heap        ] GC(318) PSOldGen: 180814K->182574K(2796544K)
[149.085s][info][gc,metaspace   ] GC(318) Metaspace: 172781K(185660K)->172781K(185660K) NonClass: 152212K(158384K)->152212K(158384K) Class: 20568K(27276K)->20568K(27276K)
[149.085s][info][gc             ] GC(318) Pause Young (System.gc()) 574M->180M(4028M) 2.293ms
[149.085s][info][gc,cpu         ] GC(318) User=0.00s Sys=0.00s Real=0.00s
[149.085s][info][gc,start       ] GC(319) Pause Full (System.gc())
[149.086s][info][gc,phases,start] GC(319) Phase 1: Mark live objects
[149.160s][info][gc,phases      ] GC(319) Phase 1: Mark live objects 74.035ms
[149.160s][info][gc,phases,start] GC(319) Phase 2: Compute new object addresses
[149.170s][info][gc,phases      ] GC(319) Phase 2: Compute new object addresses 9.487ms
[149.170s][info][gc,phases,start] GC(319) Phase 3: Adjust pointers
[149.212s][info][gc,phases      ] GC(319) Phase 3: Adjust pointers 41.759ms
[149.212s][info][gc,phases,start] GC(319) Phase 4: Move objects
[149.212s][info][gc,phases      ] GC(319) Phase 4: Move objects 0.274ms
[149.213s][info][gc,heap        ] GC(319) PSYoungGen: 2018K->0K(1328640K)
[149.213s][info][gc,heap        ] GC(319) PSOldGen: 182574K->184460K(2796544K)
[149.213s][info][gc,metaspace   ] GC(319) Metaspace: 172781K(185660K)->172781K(185660K) NonClass: 152212K(158384K)->152212K(158384K) Class: 20568K(27276K)->20568K(27276K)
[149.213s][info][gc             ] GC(319) Pause Full (System.gc()) 180M->180M(4028M) 128.249ms
[149.213s][info][gc,cpu         ] GC(319) User=0.12s Sys=0.00s Real=0.13s
[149.428s][info][gc,start       ] GC(320) Pause Young (Allocation Failure)
[149.434s][info][gc,heap        ] GC(320) PSYoungGen: 1259008K->30137K(1328128K)
[149.434s][info][gc,heap        ] GC(320) PSOldGen: 184460K->184460K(2796544K)
[149.434s][info][gc,metaspace   ] GC(320) Metaspace: 172781K(185660K)->172781K(185660K) NonClass: 152212K(158384K)->152212K(158384K) Class: 20568K(27276K)->20568K(27276K)
[149.434s][info][gc             ] GC(320) Pause Young (Allocation Failure) 1409M->209M(4028M) 6.130ms
[149.434s][info][gc,cpu         ] GC(320) User=0.00s Sys=0.00s Real=0.01s
[150.149s][info][gc,start       ] GC(321) Pause Young (Allocation Failure)
[150.159s][info][gc,heap        ] GC(321) PSYoungGen: 1289145K->41951K(1326592K)
[150.159s][info][gc,heap        ] GC(321) PSOldGen: 184460K->209921K(2796544K)
[150.159s][info][gc,metaspace   ] GC(321) Metaspace: 172781K(185660K)->172781K(185660K) NonClass: 152212K(158384K)->152212K(158384K) Class: 20568K(27276K)->20568K(27276K)
[150.159s][info][gc             ] GC(321) Pause Young (Allocation Failure) 1439M->245M(4026M) 10.454ms
[150.159s][info][gc,cpu         ] GC(321) User=0.09s Sys=0.00s Real=0.02s
[150.625s][info][gc,start       ] GC(322) Pause Young (System.gc())
[150.628s][info][gc,heap        ] GC(322) PSYoungGen: 408648K->2075K(1328640K)
[150.628s][info][gc,heap        ] GC(322) PSOldGen: 209921K->211603K(2796544K)
[150.628s][info][gc,metaspace   ] GC(322) Metaspace: 172781K(185660K)->172781K(185660K) NonClass: 152212K(158384K)->152212K(158384K) Class: 20568K(27276K)->20568K(27276K)
[150.628s][info][gc             ] GC(322) Pause Young (System.gc()) 604M->208M(4028M) 2.371ms
[150.628s][info][gc,cpu         ] GC(322) User=0.02s Sys=0.00s Real=0.00s
[150.628s][info][gc,start       ] GC(323) Pause Full (System.gc())
[150.629s][info][gc,phases,start] GC(323) Phase 1: Mark live objects
[150.703s][info][gc,phases      ] GC(323) Phase 1: Mark live objects 73.750ms
[150.703s][info][gc,phases,start] GC(323) Phase 2: Compute new object addresses
[150.712s][info][gc,phases      ] GC(323) Phase 2: Compute new object addresses 9.225ms
[150.712s][info][gc,phases,start] GC(323) Phase 3: Adjust pointers
[150.754s][info][gc,phases      ] GC(323) Phase 3: Adjust pointers 41.574ms
[150.754s][info][gc,phases,start] GC(323) Phase 4: Move objects
[150.754s][info][gc,phases      ] GC(323) Phase 4: Move objects 0.278ms
[150.755s][info][gc,heap        ] GC(323) PSYoungGen: 2075K->0K(1328640K)
[150.755s][info][gc,heap        ] GC(323) PSOldGen: 211603K->213551K(2796544K)
[150.755s][info][gc,metaspace   ] GC(323) Metaspace: 172781K(185660K)->172781K(185660K) NonClass: 152212K(158384K)->152212K(158384K) Class: 20568K(27276K)->20568K(27276K)
[150.755s][info][gc             ] GC(323) Pause Full (System.gc()) 208M->208M(4028M) 127.434ms
[150.755s][info][gc,cpu         ] GC(323) User=0.12s Sys=0.00s Real=0.13s
[150.968s][info][gc,start       ] GC(324) Pause Young (Allocation Failure)
[150.974s][info][gc,heap        ] GC(324) PSYoungGen: 1259520K->29529K(1331200K)
[150.974s][info][gc,heap        ] GC(324) PSOldGen: 213551K->213551K(2796544K)
[150.974s][info][gc,metaspace   ] GC(324) Metaspace: 172781K(185660K)->172781K(185660K) NonClass: 152212K(158384K)->152212K(158384K) Class: 20568K(27276K)->20568K(27276K)
[150.974s][info][gc             ] GC(324) Pause Young (Allocation Failure) 1438M->237M(4031M) 6.251ms
[150.974s][info][gc,cpu         ] GC(324) User=0.09s Sys=0.00s Real=0.01s
[151.688s][info][gc,start       ] GC(325) Pause Young (Allocation Failure)
[151.699s][info][gc,heap        ] GC(325) PSYoungGen: 1291609K->41949K(1328640K)
[151.699s][info][gc,heap        ] GC(325) PSOldGen: 213551K->239007K(2796544K)
[151.699s][info][gc,metaspace   ] GC(325) Metaspace: 172781K(185660K)->172781K(185660K) NonClass: 152212K(158384K)->152212K(158384K) Class: 20568K(27276K)->20568K(27276K)
[151.699s][info][gc             ] GC(325) Pause Young (Allocation Failure) 1469M->274M(4028M) 11.107ms
[151.699s][info][gc,cpu         ] GC(325) User=0.00s Sys=0.00s Real=0.01s
[152.163s][info][gc,start       ] GC(326) Pause Young (System.gc())
[152.165s][info][gc,heap        ] GC(326) PSYoungGen: 413506K->2075K(1328640K)
[152.165s][info][gc,heap        ] GC(326) PSOldGen: 239007K->240697K(2796544K)
[152.165s][info][gc,metaspace   ] GC(326) Metaspace: 172781K(185660K)->172781K(185660K) NonClass: 152212K(158384K)->152212K(158384K) Class: 20568K(27276K)->20568K(27276K)
[152.165s][info][gc             ] GC(326) Pause Young (System.gc()) 637M->237M(4028M) 2.452ms
[152.165s][info][gc,cpu         ] GC(326) User=0.00s Sys=0.00s Real=0.00s
[152.165s][info][gc,start       ] GC(327) Pause Full (System.gc())
[152.167s][info][gc,phases,start] GC(327) Phase 1: Mark live objects
[152.240s][info][gc,phases      ] GC(327) Phase 1: Mark live objects 73.419ms
[152.240s][info][gc,phases,start] GC(327) Phase 2: Compute new object addresses
[152.249s][info][gc,phases      ] GC(327) Phase 2: Compute new object addresses 9.333ms
[152.249s][info][gc,phases,start] GC(327) Phase 3: Adjust pointers
[152.292s][info][gc,phases      ] GC(327) Phase 3: Adjust pointers 42.070ms
[152.292s][info][gc,phases,start] GC(327) Phase 4: Move objects
[152.294s][info][gc,phases      ] GC(327) Phase 4: Move objects 2.766ms
[152.295s][info][gc,heap        ] GC(327) PSYoungGen: 2075K->0K(1328640K)
[152.295s][info][gc,heap        ] GC(327) PSOldGen: 240697K->126204K(2796544K)
[152.295s][info][gc,metaspace   ] GC(327) Metaspace: 172781K(185660K)->172781K(185660K) NonClass: 152212K(158384K)->152212K(158384K) Class: 20568K(27276K)->20568K(27276K)
[152.295s][info][gc             ] GC(327) Pause Full (System.gc()) 237M->123M(4028M) 130.330ms
[152.296s][info][gc,cpu         ] GC(327) User=0.12s Sys=0.00s Real=0.13s
[152.512s][info][gc,start       ] GC(328) Pause Young (Allocation Failure)
[152.519s][info][gc,heap        ] GC(328) PSYoungGen: 1259520K->35917K(1328640K)
[152.519s][info][gc,heap        ] GC(328) PSOldGen: 126204K->126204K(2796544K)
[152.519s][info][gc,metaspace   ] GC(328) Metaspace: 172786K(185660K)->172786K(185660K) NonClass: 152217K(158384K)->152217K(158384K) Class: 20568K(27276K)->20568K(27276K)
[152.519s][info][gc             ] GC(328) Pause Young (Allocation Failure) 1353M->158M(4028M) 6.884ms
[152.519s][info][gc,cpu         ] GC(328) User=0.09s Sys=0.00s Real=0.01s
[153.235s][info][gc,start       ] GC(329) Pause Young (Allocation Failure)
[153.246s][info][gc,heap        ] GC(329) PSYoungGen: 1293517K->45092K(1322496K)
[153.246s][info][gc,heap        ] GC(329) PSOldGen: 126204K->148667K(2796544K)
[153.246s][info][gc,metaspace   ] GC(329) Metaspace: 172786K(185660K)->172786K(185660K) NonClass: 152217K(158384K)->152217K(158384K) Class: 20568K(27276K)->20568K(27276K)
[153.246s][info][gc             ] GC(329) Pause Young (Allocation Failure) 1386M->189M(4022M) 10.637ms
[153.246s][info][gc,cpu         ] GC(329) User=0.00s Sys=0.00s Real=0.01s
[153.712s][info][gc,start       ] GC(330) Pause Young (System.gc())
[153.715s][info][gc,heap        ] GC(330) PSYoungGen: 406869K->2018K(1325568K)
[153.715s][info][gc,heap        ] GC(330) PSOldGen: 148667K->150435K(2796544K)
[153.715s][info][gc,metaspace   ] GC(330) Metaspace: 172793K(185660K)->172793K(185660K) NonClass: 152224K(158384K)->152224K(158384K) Class: 20568K(27276K)->20568K(27276K)
[153.715s][info][gc             ] GC(330) Pause Young (System.gc()) 542M->148M(4025M) 2.401ms
[153.715s][info][gc,cpu         ] GC(330) User=0.00s Sys=0.00s Real=0.00s
[153.715s][info][gc,start       ] GC(331) Pause Full (System.gc())
[153.716s][info][gc,phases,start] GC(331) Phase 1: Mark live objects
[153.791s][info][gc,phases      ] GC(331) Phase 1: Mark live objects 74.431ms
[153.791s][info][gc,phases,start] GC(331) Phase 2: Compute new object addresses
[153.800s][info][gc,phases      ] GC(331) Phase 2: Compute new object addresses 9.215ms
[153.800s][info][gc,phases,start] GC(331) Phase 3: Adjust pointers
[153.842s][info][gc,phases      ] GC(331) Phase 3: Adjust pointers 41.646ms
[153.842s][info][gc,phases,start] GC(331) Phase 4: Move objects
[153.842s][info][gc,phases      ] GC(331) Phase 4: Move objects 0.275ms
[153.843s][info][gc,heap        ] GC(331) PSYoungGen: 2018K->0K(1325568K)
[153.843s][info][gc,heap        ] GC(331) PSOldGen: 150435K->152317K(2796544K)
[153.843s][info][gc,metaspace   ] GC(331) Metaspace: 172793K(185660K)->172793K(185660K) NonClass: 152224K(158384K)->152224K(158384K) Class: 20568K(27276K)->20568K(27276K)
[153.843s][info][gc             ] GC(331) Pause Full (System.gc()) 148M->148M(4025M) 128.349ms
[153.843s][info][gc,cpu         ] GC(331) User=0.12s Sys=0.00s Real=0.13s
[154.058s][info][gc,start       ] GC(332) Pause Young (Allocation Failure)
[154.064s][info][gc,heap        ] GC(332) PSYoungGen: 1253376K->31042K(1328128K)
[154.064s][info][gc,heap        ] GC(332) PSOldGen: 152317K->152317K(2796544K)
[154.064s][info][gc,metaspace   ] GC(332) Metaspace: 172794K(185660K)->172794K(185660K) NonClass: 152226K(158384K)->152226K(158384K) Class: 20568K(27276K)->20568K(27276K)
[154.064s][info][gc             ] GC(332) Pause Young (Allocation Failure) 1372M->179M(4028M) 6.073ms
[154.064s][info][gc,cpu         ] GC(332) User=0.06s Sys=0.00s Real=0.01s
[154.807s][info][gc,start       ] GC(333) Pause Young (Allocation Failure)
[154.818s][info][gc,heap        ] GC(333) PSYoungGen: 1287490K->43191K(1326080K)
[154.818s][info][gc,heap        ] GC(333) PSOldGen: 152317K->176765K(2796544K)
[154.818s][info][gc,metaspace   ] GC(333) Metaspace: 172794K(185660K)->172794K(185660K) NonClass: 152226K(158384K)->152226K(158384K) Class: 20568K(27276K)->20568K(27276K)
[154.818s][info][gc             ] GC(333) Pause Young (Allocation Failure) 1406M->214M(4026M) 10.749ms
[154.818s][info][gc,cpu         ] GC(333) User=0.09s Sys=0.00s Real=0.01s
[155.311s][info][gc,start       ] GC(334) Pause Young (System.gc())
[155.314s][info][gc,heap        ] GC(334) PSYoungGen: 418230K->2075K(1326080K)
[155.314s][info][gc,heap        ] GC(334) PSOldGen: 176765K->178446K(2796544K)
[155.314s][info][gc,metaspace   ] GC(334) Metaspace: 172794K(185660K)->172794K(185660K) NonClass: 152226K(158384K)->152226K(158384K) Class: 20568K(27276K)->20568K(27276K)
[155.314s][info][gc             ] GC(334) Pause Young (System.gc()) 581M->176M(4026M) 2.838ms
[155.314s][info][gc,cpu         ] GC(334) User=0.08s Sys=0.00s Real=0.00s
[155.314s][info][gc,start       ] GC(335) Pause Full (System.gc())
[155.316s][info][gc,phases,start] GC(335) Phase 1: Mark live objects
[155.395s][info][gc,phases      ] GC(335) Phase 1: Mark live objects 78.452ms
[155.395s][info][gc,phases,start] GC(335) Phase 2: Compute new object addresses
[155.405s][info][gc,phases      ] GC(335) Phase 2: Compute new object addresses 10.146ms
[155.405s][info][gc,phases,start] GC(335) Phase 3: Adjust pointers
[155.447s][info][gc,phases      ] GC(335) Phase 3: Adjust pointers 42.531ms
[155.447s][info][gc,phases,start] GC(335) Phase 4: Move objects
[155.448s][info][gc,phases      ] GC(335) Phase 4: Move objects 0.296ms
[155.449s][info][gc,heap        ] GC(335) PSYoungGen: 2075K->0K(1326080K)
[155.449s][info][gc,heap        ] GC(335) PSOldGen: 178446K->180401K(2796544K)
[155.449s][info][gc,metaspace   ] GC(335) Metaspace: 172794K(185660K)->172794K(185660K) NonClass: 152226K(158384K)->152226K(158384K) Class: 20568K(27276K)->20568K(27276K)
[155.449s][info][gc             ] GC(335) Pause Full (System.gc()) 176M->176M(4026M) 134.662ms
[155.449s][info][gc,cpu         ] GC(335) User=0.25s Sys=0.00s Real=0.14s
[155.669s][info][gc,start       ] GC(336) Pause Young (Allocation Failure)
[155.675s][info][gc,heap        ] GC(336) PSYoungGen: 1254400K->29433K(1326080K)
[155.675s][info][gc,heap        ] GC(336) PSOldGen: 180401K->180409K(2796544K)
[155.675s][info][gc,metaspace   ] GC(336) Metaspace: 172821K(185660K)->172821K(185660K) NonClass: 152252K(158384K)->152252K(158384K) Class: 20568K(27276K)->20568K(27276K)
[155.675s][info][gc             ] GC(336) Pause Young (Allocation Failure) 1401M->204M(4026M) 5.988ms
[155.675s][info][gc,cpu         ] GC(336) User=0.09s Sys=0.00s Real=0.01s
[156.383s][info][gc,start       ] GC(337) Pause Young (Allocation Failure)
[156.393s][info][gc,heap        ] GC(337) PSYoungGen: 1282660K->41975K(1325056K)
[156.393s][info][gc,heap        ] GC(337) PSOldGen: 180409K->205871K(2796544K)
[156.393s][info][gc,metaspace   ] GC(337) Metaspace: 172821K(185660K)->172821K(185660K) NonClass: 152252K(158384K)->152252K(158384K) Class: 20568K(27276K)->20568K(27276K)
[156.393s][info][gc             ] GC(337) Pause Young (Allocation Failure) 1428M->242M(4025M) 10.247ms
[156.393s][info][gc,cpu         ] GC(337) User=0.09s Sys=0.00s Real=0.02s
[156.868s][info][gc,start       ] GC(338) Pause Young (System.gc())
[156.870s][info][gc,heap        ] GC(338) PSYoungGen: 418744K->2075K(1327104K)
[156.870s][info][gc,heap        ] GC(338) PSOldGen: 205871K->207552K(2796544K)
[156.870s][info][gc,metaspace   ] GC(338) Metaspace: 172822K(185660K)->172822K(185660K) NonClass: 152253K(158384K)->152253K(158384K) Class: 20568K(27276K)->20568K(27276K)
[156.870s][info][gc             ] GC(338) Pause Young (System.gc()) 609M->204M(4027M) 2.353ms
[156.870s][info][gc,cpu         ] GC(338) User=0.00s Sys=0.00s Real=0.00s
[156.870s][info][gc,start       ] GC(339) Pause Full (System.gc())
[156.872s][info][gc,phases,start] GC(339) Phase 1: Mark live objects
[156.945s][info][gc,phases      ] GC(339) Phase 1: Mark live objects 73.797ms
[156.945s][info][gc,phases,start] GC(339) Phase 2: Compute new object addresses
[156.955s][info][gc,phases      ] GC(339) Phase 2: Compute new object addresses 9.272ms
[156.955s][info][gc,phases,start] GC(339) Phase 3: Adjust pointers
[156.997s][info][gc,phases      ] GC(339) Phase 3: Adjust pointers 41.899ms
[156.997s][info][gc,phases,start] GC(339) Phase 4: Move objects
[156.997s][info][gc,phases      ] GC(339) Phase 4: Move objects 0.283ms
[156.998s][info][gc,heap        ] GC(339) PSYoungGen: 2075K->0K(1327104K)
[156.998s][info][gc,heap        ] GC(339) PSOldGen: 207552K->209508K(2796544K)
[156.998s][info][gc,metaspace   ] GC(339) Metaspace: 172822K(185660K)->172822K(185660K) NonClass: 152253K(158384K)->152253K(158384K) Class: 20568K(27276K)->20568K(27276K)
[156.998s][info][gc             ] GC(339) Pause Full (System.gc()) 204M->204M(4027M) 127.903ms
[156.998s][info][gc,cpu         ] GC(339) User=0.12s Sys=0.00s Real=0.13s
[157.218s][info][gc,start       ] GC(340) Pause Young (Allocation Failure)
[157.224s][info][gc,heap        ] GC(340) PSYoungGen: 1256448K->29434K(1330176K)
[157.224s][info][gc,heap        ] GC(340) PSOldGen: 209508K->209508K(2796544K)
[157.224s][info][gc,metaspace   ] GC(340) Metaspace: 172822K(185660K)->172822K(185660K) NonClass: 152253K(158384K)->152253K(158384K) Class: 20568K(27276K)->20568K(27276K)
[157.224s][info][gc             ] GC(340) Pause Young (Allocation Failure) 1431M->233M(4030M) 5.960ms
[157.224s][info][gc,cpu         ] GC(340) User=0.09s Sys=0.00s Real=0.00s
[157.940s][info][gc,start       ] GC(341) Pause Young (Allocation Failure)
[157.951s][info][gc,heap        ] GC(341) PSYoungGen: 1288954K->41951K(1327104K)
[157.951s][info][gc,heap        ] GC(341) PSOldGen: 209508K->234967K(2796544K)
[157.951s][info][gc,metaspace   ] GC(341) Metaspace: 172822K(185660K)->172822K(185660K) NonClass: 152253K(158384K)->152253K(158384K) Class: 20568K(27276K)->20568K(27276K)
[157.951s][info][gc             ] GC(341) Pause Young (Allocation Failure) 1463M->270M(4027M) 11.135ms
[157.951s][info][gc,cpu         ] GC(341) User=0.00s Sys=0.00s Real=0.01s
[158.420s][info][gc,start       ] GC(342) Pause Young (System.gc())
[158.423s][info][gc,heap        ] GC(342) PSYoungGen: 412047K->2115K(1328128K)
[158.423s][info][gc,heap        ] GC(342) PSOldGen: 234967K->236656K(2796544K)
[158.423s][info][gc,metaspace   ] GC(342) Metaspace: 172823K(185660K)->172823K(185660K) NonClass: 152255K(158384K)->152255K(158384K) Class: 20568K(27276K)->20568K(27276K)
[158.423s][info][gc             ] GC(342) Pause Young (System.gc()) 631M->233M(4028M) 2.435ms
[158.423s][info][gc,cpu         ] GC(342) User=0.08s Sys=0.00s Real=0.00s
[158.423s][info][gc,start       ] GC(343) Pause Full (System.gc())
[158.424s][info][gc,phases,start] GC(343) Phase 1: Mark live objects
[158.499s][info][gc,phases      ] GC(343) Phase 1: Mark live objects 74.636ms
[158.499s][info][gc,phases,start] GC(343) Phase 2: Compute new object addresses
[158.508s][info][gc,phases      ] GC(343) Phase 2: Compute new object addresses 9.338ms
[158.508s][info][gc,phases,start] GC(343) Phase 3: Adjust pointers
[158.551s][info][gc,phases      ] GC(343) Phase 3: Adjust pointers 42.240ms
[158.551s][info][gc,phases,start] GC(343) Phase 4: Move objects
[158.554s][info][gc,phases      ] GC(343) Phase 4: Move objects 2.736ms
[158.554s][info][gc,heap        ] GC(343) PSYoungGen: 2115K->0K(1328128K)
[158.555s][info][gc,heap        ] GC(343) PSOldGen: 236656K->126053K(2796544K)
[158.555s][info][gc,metaspace   ] GC(343) Metaspace: 172823K(185660K)->172823K(185660K) NonClass: 152255K(158384K)->152255K(158384K) Class: 20568K(27276K)->20568K(27276K)
[158.555s][info][gc             ] GC(343) Pause Full (System.gc()) 233M->123M(4028M) 131.642ms
[158.555s][info][gc,cpu         ] GC(343) User=0.12s Sys=0.00s Real=0.13s
[158.770s][info][gc,start       ] GC(344) Pause Young (Allocation Failure)
[158.777s][info][gc,heap        ] GC(344) PSYoungGen: 1258496K->35557K(1328128K)
[158.777s][info][gc,heap        ] GC(344) PSOldGen: 126053K->126053K(2796544K)
[158.777s][info][gc,metaspace   ] GC(344) Metaspace: 172824K(185660K)->172824K(185660K) NonClass: 152255K(158384K)->152255K(158384K) Class: 20568K(27276K)->20568K(27276K)
[158.777s][info][gc             ] GC(344) Pause Young (Allocation Failure) 1352M->157M(4028M) 6.698ms
[158.777s][info][gc,cpu         ] GC(344) User=0.00s Sys=0.00s Real=0.01s
[159.499s][info][gc,start       ] GC(345) Pause Young (Allocation Failure)
[159.509s][info][gc,heap        ] GC(345) PSYoungGen: 1294053K->45374K(1321984K)
[159.509s][info][gc,heap        ] GC(345) PSOldGen: 126053K->148451K(2796544K)
[159.509s][info][gc,metaspace   ] GC(345) Metaspace: 172827K(185660K)->172827K(185660K) NonClass: 152258K(158384K)->152258K(158384K) Class: 20568K(27276K)->20568K(27276K)
[159.509s][info][gc             ] GC(345) Pause Young (Allocation Failure) 1386M->189M(4022M) 10.326ms
[159.509s][info][gc,cpu         ] GC(345) User=0.09s Sys=0.00s Real=0.01s
[159.975s][info][gc,start       ] GC(346) Pause Young (System.gc())
[159.977s][info][gc,heap        ] GC(346) PSYoungGen: 411240K->2043K(1325056K)
[159.977s][info][gc,heap        ] GC(346) PSOldGen: 148451K->150140K(2796544K)
[159.977s][info][gc,metaspace   ] GC(346) Metaspace: 172828K(185660K)->172828K(185660K) NonClass: 152259K(158384K)->152259K(158384K) Class: 20568K(27276K)->20568K(27276K)
[159.977s][info][gc             ] GC(346) Pause Young (System.gc()) 546M->148M(4025M) 2.417ms
[159.977s][info][gc,cpu         ] GC(346) User=0.00s Sys=0.00s Real=0.00s
[159.977s][info][gc,start       ] GC(347) Pause Full (System.gc())
[159.979s][info][gc,phases,start] GC(347) Phase 1: Mark live objects
[160.053s][info][gc,phases      ] GC(347) Phase 1: Mark live objects 74.133ms
[160.053s][info][gc,phases,start] GC(347) Phase 2: Compute new object addresses
[160.063s][info][gc,phases      ] GC(347) Phase 2: Compute new object addresses 9.798ms
[160.063s][info][gc,phases,start] GC(347) Phase 3: Adjust pointers
[160.106s][info][gc,phases      ] GC(347) Phase 3: Adjust pointers 42.635ms
[160.106s][info][gc,phases,start] GC(347) Phase 4: Move objects
[160.106s][info][gc,phases      ] GC(347) Phase 4: Move objects 0.288ms
[160.107s][info][gc,heap        ] GC(347) PSYoungGen: 2043K->0K(1325056K)
[160.107s][info][gc,heap        ] GC(347) PSOldGen: 150140K->152091K(2796544K)
[160.107s][info][gc,metaspace   ] GC(347) Metaspace: 172828K(185660K)->172828K(185660K) NonClass: 152259K(158384K)->152259K(158384K) Class: 20568K(27276K)->20568K(27276K)
[160.107s][info][gc             ] GC(347) Pause Full (System.gc()) 148M->148M(4025M) 129.484ms
[160.107s][info][gc,cpu         ] GC(347) User=0.12s Sys=0.00s Real=0.13s
[160.320s][info][gc,start       ] GC(348) Pause Young (Allocation Failure)
[160.326s][info][gc,heap        ] GC(348) PSYoungGen: 1252352K->31546K(1327616K)
[160.326s][info][gc,heap        ] GC(348) PSOldGen: 152091K->152091K(2796544K)
[160.326s][info][gc,metaspace   ] GC(348) Metaspace: 172828K(185660K)->172828K(185660K) NonClass: 152259K(158384K)->152259K(158384K) Class: 20568K(27276K)->20568K(27276K)
[160.326s][info][gc             ] GC(348) Pause Young (Allocation Failure) 1371M->179M(4027M) 6.160ms
[160.326s][info][gc,cpu         ] GC(348) User=0.00s Sys=0.00s Real=0.00s
[161.028s][info][gc,start       ] GC(349) Pause Young (Allocation Failure)
[161.038s][info][gc,heap        ] GC(349) PSYoungGen: 1286970K->43655K(1325568K)
[161.039s][info][gc,heap        ] GC(349) PSOldGen: 152091K->175912K(2796544K)
[161.039s][info][gc,metaspace   ] GC(349) Metaspace: 172833K(185660K)->172833K(185660K) NonClass: 152264K(158384K)->152264K(158384K) Class: 20568K(27276K)->20568K(27276K)
[161.039s][info][gc             ] GC(349) Pause Young (Allocation Failure) 1405M->214M(4025M) 10.527ms
[161.039s][info][gc,cpu         ] GC(349) User=0.09s Sys=0.00s Real=0.02s
[161.511s][info][gc,start       ] GC(350) Pause Young (System.gc())
[161.514s][info][gc,heap        ] GC(350) PSYoungGen: 424267K->2075K(1325568K)
[161.514s][info][gc,heap        ] GC(350) PSOldGen: 175912K->178317K(2796544K)
[161.514s][info][gc,metaspace   ] GC(350) Metaspace: 172902K(185660K)->172902K(185660K) NonClass: 152333K(158384K)->152333K(158384K) Class: 20568K(27276K)->20568K(27276K)
[161.515s][info][gc             ] GC(350) Pause Young (System.gc()) 586M->176M(4025M) 3.629ms
[161.515s][info][gc,cpu         ] GC(350) User=0.00s Sys=0.00s Real=0.00s
[161.515s][info][gc,start       ] GC(351) Pause Full (System.gc())
[161.517s][info][gc,phases,start] GC(351) Phase 1: Mark live objects
[161.593s][info][gc,phases      ] GC(351) Phase 1: Mark live objects 76.811ms
[161.593s][info][gc,phases,start] GC(351) Phase 2: Compute new object addresses
[161.603s][info][gc,phases      ] GC(351) Phase 2: Compute new object addresses 9.413ms
[161.603s][info][gc,phases,start] GC(351) Phase 3: Adjust pointers
[161.645s][info][gc,phases      ] GC(351) Phase 3: Adjust pointers 41.940ms
[161.645s][info][gc,phases,start] GC(351) Phase 4: Move objects
[161.645s][info][gc,phases      ] GC(351) Phase 4: Move objects 0.286ms
[161.646s][info][gc,heap        ] GC(351) PSYoungGen: 2075K->0K(1325568K)
[161.646s][info][gc,heap        ] GC(351) PSOldGen: 178317K->180275K(2796544K)
[161.646s][info][gc,metaspace   ] GC(351) Metaspace: 172902K(185660K)->172902K(185660K) NonClass: 152333K(158384K)->152333K(158384K) Class: 20568K(27276K)->20568K(27276K)
[161.646s][info][gc             ] GC(351) Pause Full (System.gc()) 176M->176M(4025M) 131.487ms
[161.646s][info][gc,cpu         ] GC(351) User=0.17s Sys=0.00s Real=0.13s
[161.865s][info][gc,start       ] GC(352) Pause Young (Allocation Failure)
[161.870s][info][gc,heap        ] GC(352) PSYoungGen: 1253376K->29330K(1325568K)
[161.870s][info][gc,heap        ] GC(352) PSOldGen: 180275K->180275K(2796544K)
[161.870s][info][gc,metaspace   ] GC(352) Metaspace: 172947K(185660K)->172947K(185660K) NonClass: 152378K(158384K)->152378K(158384K) Class: 20568K(27276K)->20568K(27276K)
[161.870s][info][gc             ] GC(352) Pause Young (Allocation Failure) 1400M->204M(4025M) 5.785ms
[161.870s][info][gc,cpu         ] GC(352) User=0.00s Sys=0.00s Real=0.01s
[162.567s][info][gc,start       ] GC(353) Pause Young (Allocation Failure)
[162.577s][info][gc,heap        ] GC(353) PSYoungGen: 1282517K->43878K(1323520K)
[162.577s][info][gc,heap        ] GC(353) PSOldGen: 180275K->205052K(2796544K)
[162.577s][info][gc,metaspace   ] GC(353) Metaspace: 172948K(185660K)->172948K(185660K) NonClass: 152379K(158384K)->152379K(158384K) Class: 20568K(27276K)->20568K(27276K)
[162.577s][info][gc             ] GC(353) Pause Young (Allocation Failure) 1428M->243M(4023M) 10.743ms
[162.577s][info][gc,cpu         ] GC(353) User=0.00s Sys=0.00s Real=0.02s
[163.058s][info][gc,start       ] GC(354) Pause Young (System.gc())
[163.060s][info][gc,heap        ] GC(354) PSYoungGen: 422146K->2075K(1326080K)
[163.060s][info][gc,heap        ] GC(354) PSOldGen: 205052K->207521K(2796544K)
[163.060s][info][gc,metaspace   ] GC(354) Metaspace: 172966K(185916K)->172966K(185916K) NonClass: 152397K(158640K)->152397K(158640K) Class: 20568K(27276K)->20568K(27276K)
[163.060s][info][gc             ] GC(354) Pause Young (System.gc()) 612M->204M(4026M) 2.630ms
[163.060s][info][gc,cpu         ] GC(354) User=0.00s Sys=0.00s Real=0.00s
[163.060s][info][gc,start       ] GC(355) Pause Full (System.gc())
[163.062s][info][gc,phases,start] GC(355) Phase 1: Mark live objects
[163.137s][info][gc,phases      ] GC(355) Phase 1: Mark live objects 75.213ms
[163.137s][info][gc,phases,start] GC(355) Phase 2: Compute new object addresses
[163.147s][info][gc,phases      ] GC(355) Phase 2: Compute new object addresses 9.333ms
[163.147s][info][gc,phases,start] GC(355) Phase 3: Adjust pointers
[163.189s][info][gc,phases      ] GC(355) Phase 3: Adjust pointers 42.192ms
[163.189s][info][gc,phases,start] GC(355) Phase 4: Move objects
[163.189s][info][gc,phases      ] GC(355) Phase 4: Move objects 0.278ms
[163.190s][info][gc,heap        ] GC(355) PSYoungGen: 2075K->0K(1326080K)
[163.190s][info][gc,heap        ] GC(355) PSOldGen: 207521K->209478K(2796544K)
[163.190s][info][gc,metaspace   ] GC(355) Metaspace: 172966K(185916K)->172966K(185916K) NonClass: 152397K(158640K)->152397K(158640K) Class: 20568K(27276K)->20568K(27276K)
[163.190s][info][gc             ] GC(355) Pause Full (System.gc()) 204M->204M(4026M) 129.903ms
[163.190s][info][gc,cpu         ] GC(355) User=0.14s Sys=0.00s Real=0.12s
[163.400s][info][gc,start       ] GC(356) Pause Young (Allocation Failure)
[163.406s][info][gc,heap        ] GC(356) PSYoungGen: 1254068K->30751K(1328640K)
[163.406s][info][gc,heap        ] GC(356) PSOldGen: 209478K->209478K(2796544K)
[163.406s][info][gc,metaspace   ] GC(356) Metaspace: 172967K(185916K)->172967K(185916K) NonClass: 152399K(158640K)->152399K(158640K) Class: 20568K(27276K)->20568K(27276K)
[163.406s][info][gc             ] GC(356) Pause Young (Allocation Failure) 1429M->234M(4028M) 5.824ms
[163.406s][info][gc,cpu         ] GC(356) User=0.00s Sys=0.00s Real=0.01s
[164.108s][info][gc,start       ] GC(357) Pause Young (Allocation Failure)
[164.119s][info][gc,heap        ] GC(357) PSYoungGen: 1286401K->44026K(1326080K)
[164.119s][info][gc,heap        ] GC(357) PSOldGen: 209478K->232907K(2796544K)
[164.119s][info][gc,metaspace   ] GC(357) Metaspace: 172967K(185916K)->172967K(185916K) NonClass: 152399K(158640K)->152399K(158640K) Class: 20568K(27276K)->20568K(27276K)
[164.119s][info][gc             ] GC(357) Pause Young (Allocation Failure) 1460M->270M(4026M) 10.639ms
[164.119s][info][gc,cpu         ] GC(357) User=0.05s Sys=0.00s Real=0.01s
[164.589s][info][gc,start       ] GC(358) Pause Young (System.gc())
[164.592s][info][gc,heap        ] GC(358) PSYoungGen: 426123K->2075K(1326080K)
[164.592s][info][gc,heap        ] GC(358) PSOldGen: 232907K->235597K(2796544K)
[164.592s][info][gc,metaspace   ] GC(358) Metaspace: 172970K(185916K)->172970K(185916K) NonClass: 152401K(158640K)->152401K(158640K) Class: 20568K(27276K)->20568K(27276K)
[164.592s][info][gc             ] GC(358) Pause Young (System.gc()) 643M->232M(4026M) 2.746ms
[164.592s][info][gc,cpu         ] GC(358) User=0.00s Sys=0.00s Real=0.00s
[164.592s][info][gc,start       ] GC(359) Pause Full (System.gc())
[164.594s][info][gc,phases,start] GC(359) Phase 1: Mark live objects
[164.668s][info][gc,phases      ] GC(359) Phase 1: Mark live objects 73.755ms
[164.668s][info][gc,phases,start] GC(359) Phase 2: Compute new object addresses
[164.677s][info][gc,phases      ] GC(359) Phase 2: Compute new object addresses 9.309ms
[164.677s][info][gc,phases,start] GC(359) Phase 3: Adjust pointers
[164.720s][info][gc,phases      ] GC(359) Phase 3: Adjust pointers 42.527ms
[164.720s][info][gc,phases,start] GC(359) Phase 4: Move objects
[164.722s][info][gc,phases      ] GC(359) Phase 4: Move objects 2.711ms
[164.723s][info][gc,heap        ] GC(359) PSYoungGen: 2075K->0K(1326080K)
[164.723s][info][gc,heap        ] GC(359) PSOldGen: 235597K->125909K(2796544K)
[164.723s][info][gc,metaspace   ] GC(359) Metaspace: 172970K(185916K)->172970K(185916K) NonClass: 152401K(158640K)->152401K(158640K) Class: 20568K(27276K)->20568K(27276K)
[164.724s][info][gc             ] GC(359) Pause Full (System.gc()) 232M->122M(4026M) 131.314ms
[164.724s][info][gc,cpu         ] GC(359) User=0.14s Sys=0.00s Real=0.13s
[164.946s][info][gc,start       ] GC(360) Pause Young (Allocation Failure)
[164.952s][info][gc,heap        ] GC(360) PSYoungGen: 1254400K->33740K(1326080K)
[164.953s][info][gc,heap        ] GC(360) PSOldGen: 125909K->125917K(2796544K)
[164.953s][info][gc,metaspace   ] GC(360) Metaspace: 172972K(185916K)->172972K(185916K) NonClass: 152404K(158640K)->152404K(158640K) Class: 20568K(27276K)->20568K(27276K)
[164.953s][info][gc             ] GC(360) Pause Young (Allocation Failure) 1347M->155M(4026M) 6.098ms
[164.953s][info][gc,cpu         ] GC(360) User=0.00s Sys=0.00s Real=0.01s
[165.688s][info][gc,start       ] GC(361) Pause Young (Allocation Failure)
[165.698s][info][gc,heap        ] GC(361) PSYoungGen: 1288140K->45060K(1321472K)
[165.698s][info][gc,heap        ] GC(361) PSOldGen: 125917K->148370K(2796544K)
[165.698s][info][gc,metaspace   ] GC(361) Metaspace: 172972K(185916K)->172972K(185916K) NonClass: 152404K(158640K)->152404K(158640K) Class: 20568K(27276K)->20568K(27276K)
[165.698s][info][gc             ] GC(361) Pause Young (Allocation Failure) 1380M->188M(4021M) 10.444ms
[165.698s][info][gc,cpu         ] GC(361) User=0.02s Sys=0.00s Real=0.02s
[166.174s][info][gc,start       ] GC(362) Pause Young (System.gc())
[166.176s][info][gc,heap        ] GC(362) PSYoungGen: 421606K->2075K(1324544K)
[166.177s][info][gc,heap        ] GC(362) PSOldGen: 148370K->150088K(2796544K)
[166.177s][info][gc,metaspace   ] GC(362) Metaspace: 172973K(185916K)->172973K(185916K) NonClass: 152405K(158640K)->152405K(158640K) Class: 20568K(27276K)->20568K(27276K)
[166.177s][info][gc             ] GC(362) Pause Young (System.gc()) 556M->148M(4024M) 2.621ms
[166.177s][info][gc,cpu         ] GC(362) User=0.00s Sys=0.00s Real=0.02s
[166.177s][info][gc,start       ] GC(363) Pause Full (System.gc())
[166.178s][info][gc,phases,start] GC(363) Phase 1: Mark live objects
[166.252s][info][gc,phases      ] GC(363) Phase 1: Mark live objects 73.749ms
[166.252s][info][gc,phases,start] GC(363) Phase 2: Compute new object addresses
[166.261s][info][gc,phases      ] GC(363) Phase 2: Compute new object addresses 9.286ms
[166.261s][info][gc,phases,start] GC(363) Phase 3: Adjust pointers
[166.303s][info][gc,phases      ] GC(363) Phase 3: Adjust pointers 42.131ms
[166.303s][info][gc,phases,start] GC(363) Phase 4: Move objects
[166.304s][info][gc,phases      ] GC(363) Phase 4: Move objects 0.280ms
[166.305s][info][gc,heap        ] GC(363) PSYoungGen: 2075K->0K(1324544K)
[166.305s][info][gc,heap        ] GC(363) PSOldGen: 150088K->152045K(2796544K)
[166.305s][info][gc,metaspace   ] GC(363) Metaspace: 172973K(185916K)->172973K(185916K) NonClass: 152405K(158640K)->152405K(158640K) Class: 20568K(27276K)->20568K(27276K)
[166.305s][info][gc             ] GC(363) Pause Full (System.gc()) 148M->148M(4024M) 128.101ms
[166.305s][info][gc,cpu         ] GC(363) User=0.11s Sys=0.02s Real=0.13s
[166.517s][info][gc,start       ] GC(364) Pause Young (Allocation Failure)
[166.523s][info][gc,heap        ] GC(364) PSYoungGen: 1251328K->30455K(1327616K)
[166.523s][info][gc,heap        ] GC(364) PSOldGen: 152045K->152045K(2796544K)
[166.523s][info][gc,metaspace   ] GC(364) Metaspace: 172973K(185916K)->172973K(185916K) NonClass: 152405K(158640K)->152405K(158640K) Class: 20568K(27276K)->20568K(27276K)
[166.523s][info][gc             ] GC(364) Pause Young (Allocation Failure) 1370M->178M(4027M) 5.933ms
[166.523s][info][gc,cpu         ] GC(364) User=0.00s Sys=0.00s Real=0.01s
[167.228s][info][gc,start       ] GC(365) Pause Young (Allocation Failure)
[167.238s][info][gc,heap        ] GC(365) PSYoungGen: 1285223K->42987K(1325056K)
[167.238s][info][gc,heap        ] GC(365) PSOldGen: 152045K->176483K(2796544K)
[167.238s][info][gc,metaspace   ] GC(365) Metaspace: 172973K(185916K)->172973K(185916K) NonClass: 152405K(158640K)->152405K(158640K) Class: 20568K(27276K)->20568K(27276K)
[167.238s][info][gc             ] GC(365) Pause Young (Allocation Failure) 1403M->214M(4025M) 10.054ms
[167.238s][info][gc,cpu         ] GC(365) User=0.09s Sys=0.00s Real=0.01s
[167.701s][info][gc,start       ] GC(366) Pause Young (System.gc())
[167.704s][info][gc,heap        ] GC(366) PSYoungGen: 423783K->2075K(1325568K)
[167.704s][info][gc,heap        ] GC(366) PSOldGen: 176483K->178157K(2796544K)
[167.704s][info][gc,metaspace   ] GC(366) Metaspace: 172974K(185916K)->172974K(185916K) NonClass: 152405K(158640K)->152405K(158640K) Class: 20568K(27276K)->20568K(27276K)
[167.704s][info][gc             ] GC(366) Pause Young (System.gc()) 586M->176M(4025M) 2.400ms
[167.704s][info][gc,cpu         ] GC(366) User=0.02s Sys=0.00s Real=0.00s
[167.704s][info][gc,start       ] GC(367) Pause Full (System.gc())
[167.705s][info][gc,phases,start] GC(367) Phase 1: Mark live objects
[167.779s][info][gc,phases      ] GC(367) Phase 1: Mark live objects 74.081ms
[167.779s][info][gc,phases,start] GC(367) Phase 2: Compute new object addresses
[167.789s][info][gc,phases      ] GC(367) Phase 2: Compute new object addresses 9.263ms
[167.789s][info][gc,phases,start] GC(367) Phase 3: Adjust pointers
[167.831s][info][gc,phases      ] GC(367) Phase 3: Adjust pointers 42.127ms
[167.831s][info][gc,phases,start] GC(367) Phase 4: Move objects
[167.831s][info][gc,phases      ] GC(367) Phase 4: Move objects 0.284ms
[167.832s][info][gc,heap        ] GC(367) PSYoungGen: 2075K->0K(1325568K)
[167.832s][info][gc,heap        ] GC(367) PSOldGen: 178157K->180112K(2796544K)
[167.832s][info][gc,metaspace   ] GC(367) Metaspace: 172974K(185916K)->172974K(185916K) NonClass: 152405K(158640K)->152405K(158640K) Class: 20568K(27276K)->20568K(27276K)
[167.832s][info][gc             ] GC(367) Pause Full (System.gc()) 176M->175M(4025M) 128.505ms
[167.832s][info][gc,cpu         ] GC(367) User=0.12s Sys=0.00s Real=0.13s
[168.045s][info][gc,start       ] GC(368) Pause Young (Allocation Failure)
[168.051s][info][gc,heap        ] GC(368) PSYoungGen: 1253376K->30743K(1325568K)
[168.051s][info][gc,heap        ] GC(368) PSOldGen: 180112K->180112K(2796544K)
[168.051s][info][gc,metaspace   ] GC(368) Metaspace: 172977K(185916K)->172977K(185916K) NonClass: 152408K(158640K)->152408K(158640K) Class: 20568K(27276K)->20568K(27276K)
[168.051s][info][gc             ] GC(368) Pause Young (Allocation Failure) 1399M->205M(4025M) 6.237ms
[168.051s][info][gc,cpu         ] GC(368) User=0.09s Sys=0.00s Real=0.01s
[168.768s][info][gc,start       ] GC(369) Pause Young (Allocation Failure)
[168.779s][info][gc,heap        ] GC(369) PSYoungGen: 1284119K->44211K(1323008K)
[168.779s][info][gc,heap        ] GC(369) PSOldGen: 180112K->204555K(2796544K)
[168.779s][info][gc,metaspace   ] GC(369) Metaspace: 172977K(185916K)->172977K(185916K) NonClass: 152408K(158640K)->152408K(158640K) Class: 20568K(27276K)->20568K(27276K)
[168.779s][info][gc             ] GC(369) Pause Young (Allocation Failure) 1429M->242M(4023M) 10.697ms
[168.779s][info][gc,cpu         ] GC(369) User=0.00s Sys=0.00s Real=0.02s
[169.251s][info][gc,start       ] GC(370) Pause Young (System.gc())
[169.253s][info][gc,heap        ] GC(370) PSYoungGen: 427795K->2107K(1325568K)
[169.254s][info][gc,heap        ] GC(370) PSOldGen: 204555K->206282K(2796544K)
[169.254s][info][gc,metaspace   ] GC(370) Metaspace: 172977K(185916K)->172977K(185916K) NonClass: 152408K(158640K)->152408K(158640K) Class: 20568K(27276K)->20568K(27276K)
[169.254s][info][gc             ] GC(370) Pause Young (System.gc()) 617M->203M(4025M) 2.481ms
[169.254s][info][gc,cpu         ] GC(370) User=0.00s Sys=0.00s Real=0.02s
[169.254s][info][gc,start       ] GC(371) Pause Full (System.gc())
[169.255s][info][gc,phases,start] GC(371) Phase 1: Mark live objects
[169.330s][info][gc,phases      ] GC(371) Phase 1: Mark live objects 74.493ms
[169.330s][info][gc,phases,start] GC(371) Phase 2: Compute new object addresses
[169.339s][info][gc,phases      ] GC(371) Phase 2: Compute new object addresses 9.409ms
[169.339s][info][gc,phases,start] GC(371) Phase 3: Adjust pointers
[169.381s][info][gc,phases      ] GC(371) Phase 3: Adjust pointers 42.220ms
[169.381s][info][gc,phases,start] GC(371) Phase 4: Move objects
[169.382s][info][gc,phases      ] GC(371) Phase 4: Move objects 0.311ms
[169.383s][info][gc,heap        ] GC(371) PSYoungGen: 2107K->0K(1325568K)
[169.383s][info][gc,heap        ] GC(371) PSOldGen: 206282K->208239K(2796544K)
[169.383s][info][gc,metaspace   ] GC(371) Metaspace: 172977K(185916K)->172977K(185916K) NonClass: 152408K(158640K)->152408K(158640K) Class: 20568K(27276K)->20568K(27276K)
[169.383s][info][gc             ] GC(371) Pause Full (System.gc()) 203M->203M(4025M) 129.074ms
[169.383s][info][gc,cpu         ] GC(371) User=0.12s Sys=0.00s Real=0.13s
[169.610s][info][gc,start       ] GC(372) Pause Young (Allocation Failure)
[169.616s][info][gc,heap        ] GC(372) PSYoungGen: 1253376K->30680K(1328128K)
[169.616s][info][gc,heap        ] GC(372) PSOldGen: 208239K->208239K(2796544K)
[169.616s][info][gc,metaspace   ] GC(372) Metaspace: 172977K(185916K)->172977K(185916K) NonClass: 152408K(158640K)->152408K(158640K) Class: 20568K(27276K)->20568K(27276K)
[169.616s][info][gc             ] GC(372) Pause Young (Allocation Failure) 1427M->233M(4028M) 6.254ms
[169.616s][info][gc,cpu         ] GC(372) User=0.00s Sys=0.00s Real=0.01s
[170.327s][info][gc,start       ] GC(373) Pause Young (Allocation Failure)
[170.337s][info][gc,heap        ] GC(373) PSYoungGen: 1285320K->42992K(1326080K)
[170.337s][info][gc,heap        ] GC(373) PSOldGen: 208239K->232675K(2796544K)
[170.337s][info][gc,metaspace   ] GC(373) Metaspace: 172977K(185916K)->172977K(185916K) NonClass: 152408K(158640K)->152408K(158640K) Class: 20568K(27276K)->20568K(27276K)
[170.337s][info][gc             ] GC(373) Pause Young (Allocation Failure) 1458M->269M(4026M) 10.387ms
[170.337s][info][gc,cpu         ] GC(373) User=0.06s Sys=0.00s Real=0.01s
[170.813s][info][gc,start       ] GC(374) Pause Young (System.gc())
[170.816s][info][gc,heap        ] GC(374) PSYoungGen: 420595K->2075K(1326592K)
[170.816s][info][gc,heap        ] GC(374) PSOldGen: 232675K->234348K(2796544K)
[170.816s][info][gc,metaspace   ] GC(374) Metaspace: 172977K(185916K)->172977K(185916K) NonClass: 152409K(158640K)->152409K(158640K) Class: 20568K(27276K)->20568K(27276K)
[170.816s][info][gc             ] GC(374) Pause Young (System.gc()) 637M->230M(4026M) 2.782ms
[170.816s][info][gc,cpu         ] GC(374) User=0.02s Sys=0.00s Real=0.00s
[170.816s][info][gc,start       ] GC(375) Pause Full (System.gc())
[170.817s][info][gc,phases,start] GC(375) Phase 1: Mark live objects
[170.892s][info][gc,phases      ] GC(375) Phase 1: Mark live objects 74.751ms
[170.892s][info][gc,phases,start] GC(375) Phase 2: Compute new object addresses
[170.901s][info][gc,phases      ] GC(375) Phase 2: Compute new object addresses 9.281ms
[170.901s][info][gc,phases,start] GC(375) Phase 3: Adjust pointers
[170.945s][info][gc,phases      ] GC(375) Phase 3: Adjust pointers 43.239ms
[170.945s][info][gc,phases,start] GC(375) Phase 4: Move objects
[170.951s][info][gc,phases      ] GC(375) Phase 4: Move objects 6.036ms
[170.952s][info][gc,heap        ] GC(375) PSYoungGen: 2075K->0K(1326592K)
[170.952s][info][gc,heap        ] GC(375) PSOldGen: 234348K->126583K(2796544K)
[170.952s][info][gc,metaspace   ] GC(375) Metaspace: 172977K(185916K)->172977K(185916K) NonClass: 152409K(158640K)->152409K(158640K) Class: 20568K(27276K)->20568K(27276K)
[170.952s][info][gc             ] GC(375) Pause Full (System.gc()) 230M->123M(4026M) 135.986ms
[170.952s][info][gc,cpu         ] GC(375) User=0.12s Sys=0.00s Real=0.14s
[171.166s][info][gc,start       ] GC(376) Pause Young (Allocation Failure)
[171.172s][info][gc,heap        ] GC(376) PSYoungGen: 1254912K->30431K(1326080K)
[171.172s][info][gc,heap        ] GC(376) PSOldGen: 126583K->126583K(2796544K)
[171.172s][info][gc,metaspace   ] GC(376) Metaspace: 172977K(185916K)->172977K(185916K) NonClass: 152409K(158640K)->152409K(158640K) Class: 20568K(27276K)->20568K(27276K)
[171.172s][info][gc             ] GC(376) Pause Young (Allocation Failure) 1349M->153M(4026M) 5.857ms
[171.172s][info][gc,cpu         ] GC(376) User=0.00s Sys=0.00s Real=0.01s
[171.854s][info][gc,start       ] GC(377) Pause Young (Allocation Failure)
[171.864s][info][gc,heap        ] GC(377) PSYoungGen: 1285343K->43362K(1324544K)
[171.864s][info][gc,heap        ] GC(377) PSOldGen: 126583K->151015K(2796544K)
[171.864s][info][gc,metaspace   ] GC(377) Metaspace: 172977K(185916K)->172977K(185916K) NonClass: 152409K(158640K)->152409K(158640K) Class: 20568K(27276K)->20568K(27276K)
[171.864s][info][gc             ] GC(377) Pause Young (Allocation Failure) 1378M->189M(4024M) 10.655ms
[171.865s][info][gc,cpu         ] GC(377) User=0.08s Sys=0.00s Real=0.01s
[172.362s][info][gc,start       ] GC(378) Pause Young (System.gc())
[172.364s][info][gc,heap        ] GC(378) PSYoungGen: 419413K->2075K(1326592K)
[172.364s][info][gc,heap        ] GC(378) PSOldGen: 151015K->152741K(2796544K)
[172.364s][info][gc,metaspace   ] GC(378) Metaspace: 172980K(185916K)->172980K(185916K) NonClass: 152411K(158640K)->152411K(158640K) Class: 20568K(27276K)->20568K(27276K)
[172.364s][info][gc             ] GC(378) Pause Young (System.gc()) 557M->151M(4026M) 2.804ms
[172.364s][info][gc,cpu         ] GC(378) User=0.00s Sys=0.00s Real=0.02s
[172.364s][info][gc,start       ] GC(379) Pause Full (System.gc())
[172.366s][info][gc,phases,start] GC(379) Phase 1: Mark live objects
[172.440s][info][gc,phases      ] GC(379) Phase 1: Mark live objects 74.046ms
[172.440s][info][gc,phases,start] GC(379) Phase 2: Compute new object addresses
[172.449s][info][gc,phases      ] GC(379) Phase 2: Compute new object addresses 9.255ms
[172.449s][info][gc,phases,start] GC(379) Phase 3: Adjust pointers
[172.492s][info][gc,phases      ] GC(379) Phase 3: Adjust pointers 42.914ms
[172.492s][info][gc,phases,start] GC(379) Phase 4: Move objects
[172.493s][info][gc,phases      ] GC(379) Phase 4: Move objects 0.281ms
[172.494s][info][gc,heap        ] GC(379) PSYoungGen: 2075K->0K(1326592K)
[172.494s][info][gc,heap        ] GC(379) PSOldGen: 152741K->154698K(2796544K)
[172.494s][info][gc,metaspace   ] GC(379) Metaspace: 172980K(185916K)->172980K(185916K) NonClass: 152411K(158640K)->152411K(158640K) Class: 20568K(27276K)->20568K(27276K)
[172.494s][info][gc             ] GC(379) Pause Full (System.gc()) 151M->151M(4026M) 129.207ms
[172.494s][info][gc,cpu         ] GC(379) User=0.12s Sys=0.00s Real=0.13s
[172.712s][info][gc,start       ] GC(380) Pause Young (Allocation Failure)
[172.718s][info][gc,heap        ] GC(380) PSYoungGen: 1255424K->29017K(1329664K)
[172.718s][info][gc,heap        ] GC(380) PSOldGen: 154698K->154698K(2796544K)
[172.718s][info][gc,metaspace   ] GC(380) Metaspace: 172984K(185916K)->172984K(185916K) NonClass: 152415K(158640K)->152415K(158640K) Class: 20568K(27276K)->20568K(27276K)
[172.718s][info][gc             ] GC(380) Pause Young (Allocation Failure) 1377M->179M(4029M) 5.918ms
[172.718s][info][gc,cpu         ] GC(380) User=0.00s Sys=0.00s Real=0.00s
[173.429s][info][gc,start       ] GC(381) Pause Young (Allocation Failure)
[173.439s][info][gc,heap        ] GC(381) PSYoungGen: 1287513K->42119K(1326592K)
[173.439s][info][gc,heap        ] GC(381) PSOldGen: 154698K->180218K(2796544K)
[173.439s][info][gc,metaspace   ] GC(381) Metaspace: 172984K(185916K)->172984K(185916K) NonClass: 152415K(158640K)->152415K(158640K) Class: 20568K(27276K)->20568K(27276K)
[173.439s][info][gc             ] GC(381) Pause Young (Allocation Failure) 1408M->217M(4026M) 10.531ms
[173.439s][info][gc,cpu         ] GC(381) User=0.09s Sys=0.00s Real=0.01s
[173.929s][info][gc,start       ] GC(382) Pause Young (System.gc())
[173.931s][info][gc,heap        ] GC(382) PSYoungGen: 415222K->2075K(1327616K)
[173.931s][info][gc,heap        ] GC(382) PSOldGen: 180218K->181900K(2796544K)
[173.931s][info][gc,metaspace   ] GC(382) Metaspace: 172994K(185916K)->172994K(185916K) NonClass: 152425K(158640K)->152425K(158640K) Class: 20568K(27276K)->20568K(27276K)
[173.931s][info][gc             ] GC(382) Pause Young (System.gc()) 581M->179M(4027M) 2.360ms
[173.931s][info][gc,cpu         ] GC(382) User=0.00s Sys=0.00s Real=0.00s
[173.931s][info][gc,start       ] GC(383) Pause Full (System.gc())
[173.933s][info][gc,phases,start] GC(383) Phase 1: Mark live objects
[174.007s][info][gc,phases      ] GC(383) Phase 1: Mark live objects 74.129ms
[174.007s][info][gc,phases,start] GC(383) Phase 2: Compute new object addresses
[174.017s][info][gc,phases      ] GC(383) Phase 2: Compute new object addresses 9.474ms
[174.017s][info][gc,phases,start] GC(383) Phase 3: Adjust pointers
[174.060s][info][gc,phases      ] GC(383) Phase 3: Adjust pointers 43.088ms
[174.060s][info][gc,phases,start] GC(383) Phase 4: Move objects
[174.060s][info][gc,phases      ] GC(383) Phase 4: Move objects 0.440ms
[174.062s][info][gc,heap        ] GC(383) PSYoungGen: 2075K->0K(1327616K)
[174.062s][info][gc,heap        ] GC(383) PSOldGen: 181900K->183856K(2796544K)
[174.062s][info][gc,metaspace   ] GC(383) Metaspace: 172994K(185916K)->172994K(185916K) NonClass: 152425K(158640K)->152425K(158640K) Class: 20568K(27276K)->20568K(27276K)
[174.062s][info][gc             ] GC(383) Pause Full (System.gc()) 179M->179M(4027M) 130.279ms
[174.062s][info][gc,cpu         ] GC(383) User=0.12s Sys=0.00s Real=0.14s
[174.276s][info][gc,start       ] GC(384) Pause Young (Allocation Failure)
[174.282s][info][gc,heap        ] GC(384) PSYoungGen: 1257472K->29658K(1327616K)
[174.282s][info][gc,heap        ] GC(384) PSOldGen: 183856K->183856K(2796544K)
[174.282s][info][gc,metaspace   ] GC(384) Metaspace: 172994K(185916K)->172994K(185916K) NonClass: 152425K(158640K)->152425K(158640K) Class: 20568K(27276K)->20568K(27276K)
[174.282s][info][gc             ] GC(384) Pause Young (Allocation Failure) 1407M->208M(4027M) 5.909ms
[174.282s][info][gc,cpu         ] GC(384) User=0.02s Sys=0.00s Real=0.01s
[175.005s][info][gc,start       ] GC(385) Pause Young (Allocation Failure)
[175.015s][info][gc,heap        ] GC(385) PSYoungGen: 1287130K->42147K(1326080K)
[175.015s][info][gc,heap        ] GC(385) PSOldGen: 183856K->209317K(2796544K)
[175.015s][info][gc,metaspace   ] GC(385) Metaspace: 172994K(185916K)->172994K(185916K) NonClass: 152425K(158640K)->152425K(158640K) Class: 20568K(27276K)->20568K(27276K)
[175.015s][info][gc             ] GC(385) Pause Young (Allocation Failure) 1436M->245M(4026M) 10.567ms
[175.015s][info][gc,cpu         ] GC(385) User=0.00s Sys=0.00s Real=0.02s
[175.480s][info][gc,start       ] GC(386) Pause Young (System.gc())
[175.483s][info][gc,heap        ] GC(386) PSYoungGen: 406504K->2044K(1328128K)
[175.483s][info][gc,heap        ] GC(386) PSOldGen: 209317K->211007K(2796544K)
[175.483s][info][gc,metaspace   ] GC(386) Metaspace: 172994K(185916K)->172994K(185916K) NonClass: 152425K(158640K)->152425K(158640K) Class: 20568K(27276K)->20568K(27276K)
[175.483s][info][gc             ] GC(386) Pause Young (System.gc()) 601M->208M(4028M) 2.589ms
[175.483s][info][gc,cpu         ] GC(386) User=0.00s Sys=0.00s Real=0.01s
[175.483s][info][gc,start       ] GC(387) Pause Full (System.gc())
[175.485s][info][gc,phases,start] GC(387) Phase 1: Mark live objects
[175.559s][info][gc,phases      ] GC(387) Phase 1: Mark live objects 74.135ms
[175.559s][info][gc,phases,start] GC(387) Phase 2: Compute new object addresses
[175.568s][info][gc,phases      ] GC(387) Phase 2: Compute new object addresses 9.279ms
[175.568s][info][gc,phases,start] GC(387) Phase 3: Adjust pointers
[175.610s][info][gc,phases      ] GC(387) Phase 3: Adjust pointers 42.415ms
[175.611s][info][gc,phases,start] GC(387) Phase 4: Move objects
[175.611s][info][gc,phases      ] GC(387) Phase 4: Move objects 0.278ms
[175.612s][info][gc,heap        ] GC(387) PSYoungGen: 2044K->0K(1328128K)
[175.612s][info][gc,heap        ] GC(387) PSOldGen: 211007K->212959K(2796544K)
[175.612s][info][gc,metaspace   ] GC(387) Metaspace: 172994K(185916K)->172994K(185916K) NonClass: 152425K(158640K)->152425K(158640K) Class: 20568K(27276K)->20568K(27276K)
[175.612s][info][gc             ] GC(387) Pause Full (System.gc()) 208M->207M(4028M) 128.875ms
[175.612s][info][gc,cpu         ] GC(387) User=0.14s Sys=0.00s Real=0.12s
[175.822s][info][gc,start       ] GC(388) Pause Young (Allocation Failure)
[175.828s][info][gc,heap        ] GC(388) PSYoungGen: 1258496K->29817K(1330688K)
[175.828s][info][gc,heap        ] GC(388) PSOldGen: 212959K->212959K(2796544K)
[175.828s][info][gc,metaspace   ] GC(388) Metaspace: 172994K(185916K)->172994K(185916K) NonClass: 152425K(158640K)->152425K(158640K) Class: 20568K(27276K)->20568K(27276K)
[175.828s][info][gc             ] GC(388) Pause Young (Allocation Failure) 1436M->237M(4030M) 6.050ms
[175.828s][info][gc,cpu         ] GC(388) User=0.00s Sys=0.00s Real=0.00s
[176.541s][info][gc,start       ] GC(389) Pause Young (Allocation Failure)
[176.552s][info][gc,heap        ] GC(389) PSYoungGen: 1290873K->42229K(1328128K)
[176.552s][info][gc,heap        ] GC(389) PSOldGen: 212959K->238421K(2796544K)
[176.552s][info][gc,metaspace   ] GC(389) Metaspace: 172994K(185916K)->172994K(185916K) NonClass: 152425K(158640K)->152425K(158640K) Class: 20568K(27276K)->20568K(27276K)
[176.552s][info][gc             ] GC(389) Pause Young (Allocation Failure) 1468M->274M(4028M) 10.959ms
[176.552s][info][gc,cpu         ] GC(389) User=0.09s Sys=0.00s Real=0.02s
[177.014s][info][gc,start       ] GC(390) Pause Young (System.gc())
[177.016s][info][gc,heap        ] GC(390) PSYoungGen: 407442K->2075K(1328640K)
[177.016s][info][gc,heap        ] GC(390) PSOldGen: 238421K->240102K(2796544K)
[177.016s][info][gc,metaspace   ] GC(390) Metaspace: 172996K(185916K)->172996K(185916K) NonClass: 152427K(158640K)->152427K(158640K) Class: 20568K(27276K)->20568K(27276K)
[177.017s][info][gc             ] GC(390) Pause Young (System.gc()) 630M->236M(4028M) 2.638ms
[177.017s][info][gc,cpu         ] GC(390) User=0.08s Sys=0.00s Real=0.00s
[177.017s][info][gc,start       ] GC(391) Pause Full (System.gc())
[177.018s][info][gc,phases,start] GC(391) Phase 1: Mark live objects
[177.095s][info][gc,phases      ] GC(391) Phase 1: Mark live objects 77.074ms
[177.095s][info][gc,phases,start] GC(391) Phase 2: Compute new object addresses
[177.105s][info][gc,phases      ] GC(391) Phase 2: Compute new object addresses 9.499ms
[177.105s][info][gc,phases,start] GC(391) Phase 3: Adjust pointers
[177.148s][info][gc,phases      ] GC(391) Phase 3: Adjust pointers 42.706ms
[177.148s][info][gc,phases,start] GC(391) Phase 4: Move objects
[177.150s][info][gc,phases      ] GC(391) Phase 4: Move objects 2.821ms
[177.151s][info][gc,heap        ] GC(391) PSYoungGen: 2075K->0K(1328640K)
[177.151s][info][gc,heap        ] GC(391) PSOldGen: 240102K->126445K(2796544K)
[177.152s][info][gc,metaspace   ] GC(391) Metaspace: 172996K(185916K)->172996K(185916K) NonClass: 152427K(158640K)->152427K(158640K) Class: 20568K(27276K)->20568K(27276K)
[177.152s][info][gc             ] GC(391) Pause Full (System.gc()) 236M->123M(4028M) 134.910ms
[177.152s][info][gc,cpu         ] GC(391) User=0.12s Sys=0.00s Real=0.14s
[177.367s][info][gc,start       ] GC(392) Pause Young (Allocation Failure)
[177.374s][info][gc,heap        ] GC(392) PSYoungGen: 1259008K->35725K(1328128K)
[177.374s][info][gc,heap        ] GC(392) PSOldGen: 126445K->126445K(2796544K)
[177.374s][info][gc,metaspace   ] GC(392) Metaspace: 173015K(185916K)->173015K(185916K) NonClass: 152446K(158640K)->152446K(158640K) Class: 20568K(27276K)->20568K(27276K)
[177.374s][info][gc             ] GC(392) Pause Young (Allocation Failure) 1352M->158M(4028M) 6.552ms
[177.374s][info][gc,cpu         ] GC(392) User=0.00s Sys=0.00s Real=0.01s
[178.094s][info][gc,start       ] GC(393) Pause Young (Allocation Failure)
[178.105s][info][gc,heap        ] GC(393) PSYoungGen: 1294732K->45110K(1322496K)
[178.105s][info][gc,heap        ] GC(393) PSOldGen: 126445K->148858K(2796544K)
[178.105s][info][gc,metaspace   ] GC(393) Metaspace: 173015K(185916K)->173015K(185916K) NonClass: 152446K(158640K)->152446K(158640K) Class: 20568K(27276K)->20568K(27276K)
[178.105s][info][gc             ] GC(393) Pause Young (Allocation Failure) 1387M->189M(4022M) 10.828ms
[178.105s][info][gc,cpu         ] GC(393) User=0.00s Sys=0.00s Real=0.01s
[178.565s][info][gc,start       ] GC(394) Pause Young (System.gc())
[178.567s][info][gc,heap        ] GC(394) PSYoungGen: 411149K->2043K(1325568K)
[178.567s][info][gc,heap        ] GC(394) PSOldGen: 148858K->150545K(2796544K)
[178.567s][info][gc,metaspace   ] GC(394) Metaspace: 173074K(185916K)->173074K(185916K) NonClass: 152505K(158640K)->152505K(158640K) Class: 20568K(27276K)->20568K(27276K)
[178.567s][info][gc             ] GC(394) Pause Young (System.gc()) 546M->149M(4025M) 2.336ms
[178.567s][info][gc,cpu         ] GC(394) User=0.00s Sys=0.00s Real=0.00s
[178.567s][info][gc,start       ] GC(395) Pause Full (System.gc())
[178.569s][info][gc,phases,start] GC(395) Phase 1: Mark live objects
[178.643s][info][gc,phases      ] GC(395) Phase 1: Mark live objects 74.461ms
[178.643s][info][gc,phases,start] GC(395) Phase 2: Compute new object addresses
[178.652s][info][gc,phases      ] GC(395) Phase 2: Compute new object addresses 9.260ms
[178.652s][info][gc,phases,start] GC(395) Phase 3: Adjust pointers
[178.695s][info][gc,phases      ] GC(395) Phase 3: Adjust pointers 42.240ms
[178.695s][info][gc,phases,start] GC(395) Phase 4: Move objects
[178.695s][info][gc,phases      ] GC(395) Phase 4: Move objects 0.293ms
[178.696s][info][gc,heap        ] GC(395) PSYoungGen: 2043K->0K(1325568K)
[178.696s][info][gc,heap        ] GC(395) PSOldGen: 150545K->152486K(2796544K)
[178.696s][info][gc,metaspace   ] GC(395) Metaspace: 173074K(185916K)->173074K(185916K) NonClass: 152505K(158640K)->152505K(158640K) Class: 20568K(27276K)->20568K(27276K)
[178.696s][info][gc             ] GC(395) Pause Full (System.gc()) 149M->148M(4025M) 129.030ms
[178.696s][info][gc,cpu         ] GC(395) User=0.12s Sys=0.00s Real=0.13s
[178.908s][info][gc,start       ] GC(396) Pause Young (Allocation Failure)
[178.914s][info][gc,heap        ] GC(396) PSYoungGen: 1253376K->28689K(1329152K)
[178.914s][info][gc,heap        ] GC(396) PSOldGen: 152486K->152486K(2796544K)
[178.914s][info][gc,metaspace   ] GC(396) Metaspace: 173081K(185916K)->173081K(185916K) NonClass: 152513K(158640K)->152513K(158640K) Class: 20568K(27276K)->20568K(27276K)
[178.914s][info][gc             ] GC(396) Pause Young (Allocation Failure) 1372M->176M(4029M) 5.801ms
[178.914s][info][gc,cpu         ] GC(396) User=0.00s Sys=0.00s Real=0.01s
[179.616s][info][gc,start       ] GC(397) Pause Young (Allocation Failure)
[179.626s][info][gc,heap        ] GC(397) PSYoungGen: 1283906K->42007K(1325568K)
[179.626s][info][gc,heap        ] GC(397) PSOldGen: 152486K->177945K(2796544K)
[179.626s][info][gc,metaspace   ] GC(397) Metaspace: 173081K(185916K)->173081K(185916K) NonClass: 152513K(158640K)->152513K(158640K) Class: 20568K(27276K)->20568K(27276K)
[179.626s][info][gc             ] GC(397) Pause Young (Allocation Failure) 1402M->214M(4025M) 10.390ms
[179.626s][info][gc,cpu         ] GC(397) User=0.09s Sys=0.00s Real=0.01s
[180.099s][info][gc,start       ] GC(398) Pause Young (System.gc())
[180.101s][info][gc,heap        ] GC(398) PSYoungGen: 420736K->2075K(1327104K)
[180.101s][info][gc,heap        ] GC(398) PSOldGen: 177945K->179611K(2796544K)
[180.101s][info][gc,metaspace   ] GC(398) Metaspace: 173081K(185916K)->173081K(185916K) NonClass: 152513K(158640K)->152513K(158640K) Class: 20568K(27276K)->20568K(27276K)
[180.101s][info][gc             ] GC(398) Pause Young (System.gc()) 584M->177M(4027M) 2.298ms
[180.101s][info][gc,cpu         ] GC(398) User=0.00s Sys=0.00s Real=0.00s
[180.101s][info][gc,start       ] GC(399) Pause Full (System.gc())
[180.103s][info][gc,phases,start] GC(399) Phase 1: Mark live objects
[180.176s][info][gc,phases      ] GC(399) Phase 1: Mark live objects 73.886ms
[180.176s][info][gc,phases,start] GC(399) Phase 2: Compute new object addresses
[180.186s][info][gc,phases      ] GC(399) Phase 2: Compute new object addresses 9.209ms
[180.186s][info][gc,phases,start] GC(399) Phase 3: Adjust pointers
[180.229s][info][gc,phases      ] GC(399) Phase 3: Adjust pointers 42.853ms
[180.229s][info][gc,phases,start] GC(399) Phase 4: Move objects
[180.229s][info][gc,phases      ] GC(399) Phase 4: Move objects 0.272ms
[180.230s][info][gc,heap        ] GC(399) PSYoungGen: 2075K->0K(1327104K)
[180.230s][info][gc,heap        ] GC(399) PSOldGen: 179611K->181568K(2796544K)
[180.230s][info][gc,metaspace   ] GC(399) Metaspace: 173081K(185916K)->173081K(185916K) NonClass: 152513K(158640K)->152513K(158640K) Class: 20568K(27276K)->20568K(27276K)
[180.230s][info][gc             ] GC(399) Pause Full (System.gc()) 177M->177M(4027M) 128.820ms
[180.230s][info][gc,cpu         ] GC(399) User=0.12s Sys=0.00s Real=0.13s
[180.442s][info][gc,start       ] GC(400) Pause Young (Allocation Failure)
[180.448s][info][gc,heap        ] GC(400) PSYoungGen: 1256448K->29338K(1327104K)
[180.448s][info][gc,heap        ] GC(400) PSOldGen: 181568K->181568K(2796544K)
[180.448s][info][gc,metaspace   ] GC(400) Metaspace: 173100K(185916K)->173100K(185916K) NonClass: 152531K(158640K)->152531K(158640K) Class: 20568K(27276K)->20568K(27276K)
[180.448s][info][gc             ] GC(400) Pause Young (Allocation Failure) 1404M->205M(4027M) 5.949ms
[180.448s][info][gc,cpu         ] GC(400) User=0.00s Sys=0.00s Real=0.01s
[181.146s][info][gc,start       ] GC(401) Pause Young (Allocation Failure)
[181.156s][info][gc,heap        ] GC(401) PSYoungGen: 1281913K->42015K(1325056K)
[181.156s][info][gc,heap        ] GC(401) PSOldGen: 181568K->207023K(2796544K)
[181.156s][info][gc,metaspace   ] GC(401) Metaspace: 173100K(185916K)->173100K(185916K) NonClass: 152531K(158640K)->152531K(158640K) Class: 20568K(27276K)->20568K(27276K)
[181.156s][info][gc             ] GC(401) Pause Young (Allocation Failure) 1429M->243M(4025M) 10.187ms
[181.157s][info][gc,cpu         ] GC(401) User=0.00s Sys=0.00s Real=0.01s
[181.631s][info][gc,start       ] GC(402) Pause Young (System.gc())
[181.633s][info][gc,heap        ] GC(402) PSYoungGen: 421476K->2098K(1327616K)
[181.633s][info][gc,heap        ] GC(402) PSOldGen: 207023K->208702K(2796544K)
[181.633s][info][gc,metaspace   ] GC(402) Metaspace: 173100K(185916K)->173100K(185916K) NonClass: 152531K(158640K)->152531K(158640K) Class: 20568K(27276K)->20568K(27276K)
[181.633s][info][gc             ] GC(402) Pause Young (System.gc()) 613M->205M(4027M) 2.483ms
[181.634s][info][gc,cpu         ] GC(402) User=0.00s Sys=0.00s Real=0.00s
[181.634s][info][gc,start       ] GC(403) Pause Full (System.gc())
[181.635s][info][gc,phases,start] GC(403) Phase 1: Mark live objects
[181.709s][info][gc,phases      ] GC(403) Phase 1: Mark live objects 74.090ms
[181.709s][info][gc,phases,start] GC(403) Phase 2: Compute new object addresses
[181.719s][info][gc,phases      ] GC(403) Phase 2: Compute new object addresses 9.424ms
[181.719s][info][gc,phases,start] GC(403) Phase 3: Adjust pointers
[181.761s][info][gc,phases      ] GC(403) Phase 3: Adjust pointers 42.494ms
[181.761s][info][gc,phases,start] GC(403) Phase 4: Move objects
[181.762s][info][gc,phases      ] GC(403) Phase 4: Move objects 0.306ms
[181.762s][info][gc,heap        ] GC(403) PSYoungGen: 2098K->0K(1327616K)
[181.763s][info][gc,heap        ] GC(403) PSOldGen: 208702K->210656K(2796544K)
[181.763s][info][gc,metaspace   ] GC(403) Metaspace: 173100K(185916K)->173100K(185916K) NonClass: 152531K(158640K)->152531K(158640K) Class: 20568K(27276K)->20568K(27276K)
[181.763s][info][gc             ] GC(403) Pause Full (System.gc()) 205M->205M(4027M) 128.990ms
[181.763s][info][gc,cpu         ] GC(403) User=0.12s Sys=0.00s Real=0.14s
[181.973s][info][gc,start       ] GC(404) Pause Young (Allocation Failure)
[181.979s][info][gc,heap        ] GC(404) PSYoungGen: 1257472K->28986K(1330688K)
[181.979s][info][gc,heap        ] GC(404) PSOldGen: 210656K->210656K(2796544K)
[181.979s][info][gc,metaspace   ] GC(404) Metaspace: 173100K(185916K)->173100K(185916K) NonClass: 152531K(158640K)->152531K(158640K) Class: 20568K(27276K)->20568K(27276K)
[181.979s][info][gc             ] GC(404) Pause Young (Allocation Failure) 1433M->234M(4030M) 5.830ms
[181.979s][info][gc,cpu         ] GC(404) User=0.00s Sys=0.00s Real=0.01s
[182.689s][info][gc,start       ] GC(405) Pause Young (Allocation Failure)
[182.700s][info][gc,heap        ] GC(405) PSYoungGen: 1290042K->42239K(1328128K)
[182.700s][info][gc,heap        ] GC(405) PSOldGen: 210656K->236121K(2796544K)
[182.700s][info][gc,metaspace   ] GC(405) Metaspace: 173101K(185916K)->173101K(185916K) NonClass: 152533K(158640K)->152533K(158640K) Class: 20568K(27276K)->20568K(27276K)
[182.700s][info][gc             ] GC(405) Pause Young (Allocation Failure) 1465M->271M(4028M) 10.666ms
[182.700s][info][gc,cpu         ] GC(405) User=0.00s Sys=0.00s Real=0.01s
[183.169s][info][gc,start       ] GC(406) Pause Young (System.gc())
[183.171s][info][gc,heap        ] GC(406) PSYoungGen: 413865K->2075K(1328640K)
[183.171s][info][gc,heap        ] GC(406) PSOldGen: 236121K->237859K(2796544K)
[183.171s][info][gc,metaspace   ] GC(406) Metaspace: 173101K(185916K)->173101K(185916K) NonClass: 152533K(158640K)->152533K(158640K) Class: 20568K(27276K)->20568K(27276K)
[183.171s][info][gc             ] GC(406) Pause Young (System.gc()) 634M->234M(4028M) 2.726ms
[183.171s][info][gc,cpu         ] GC(406) User=0.00s Sys=0.00s Real=0.01s
[183.171s][info][gc,start       ] GC(407) Pause Full (System.gc())
[183.173s][info][gc,phases,start] GC(407) Phase 1: Mark live objects
[183.248s][info][gc,phases      ] GC(407) Phase 1: Mark live objects 75.024ms
[183.248s][info][gc,phases,start] GC(407) Phase 2: Compute new object addresses
[183.257s][info][gc,phases      ] GC(407) Phase 2: Compute new object addresses 9.351ms
[183.257s][info][gc,phases,start] GC(407) Phase 3: Adjust pointers
[183.301s][info][gc,phases      ] GC(407) Phase 3: Adjust pointers 43.805ms
[183.301s][info][gc,phases,start] GC(407) Phase 4: Move objects
[183.310s][info][gc,phases      ] GC(407) Phase 4: Move objects 8.491ms
[183.311s][info][gc,heap        ] GC(407) PSYoungGen: 2075K->0K(1328640K)
[183.311s][info][gc,heap        ] GC(407) PSOldGen: 237859K->126303K(2796544K)
[183.311s][info][gc,metaspace   ] GC(407) Metaspace: 173101K(185916K)->173101K(185916K) NonClass: 152533K(158640K)->152533K(158640K) Class: 20568K(27276K)->20568K(27276K)
[183.311s][info][gc             ] GC(407) Pause Full (System.gc()) 234M->123M(4028M) 139.503ms
[183.311s][info][gc,cpu         ] GC(407) User=0.14s Sys=0.00s Real=0.13s
[183.537s][info][gc,start       ] GC(408) Pause Young (Allocation Failure)
[183.543s][info][gc,heap        ] GC(408) PSYoungGen: 1259520K->30768K(1328640K)
[183.543s][info][gc,heap        ] GC(408) PSOldGen: 126303K->126303K(2796544K)
[183.543s][info][gc,metaspace   ] GC(408) Metaspace: 173101K(185916K)->173101K(185916K) NonClass: 152533K(158640K)->152533K(158640K) Class: 20568K(27276K)->20568K(27276K)
[183.543s][info][gc             ] GC(408) Pause Young (Allocation Failure) 1353M->153M(4028M) 6.187ms
[183.543s][info][gc,cpu         ] GC(408) User=0.00s Sys=0.00s Real=0.00s
[184.266s][info][gc,start       ] GC(409) Pause Young (Allocation Failure)
[184.276s][info][gc,heap        ] GC(409) PSYoungGen: 1286422K->43016K(1325568K)
[184.276s][info][gc,heap        ] GC(409) PSOldGen: 126303K->150741K(2796544K)
[184.276s][info][gc,metaspace   ] GC(409) Metaspace: 173101K(185916K)->173101K(185916K) NonClass: 152533K(158640K)->152533K(158640K) Class: 20568K(27276K)->20568K(27276K)
[184.276s][info][gc             ] GC(409) Pause Young (Allocation Failure) 1379M->189M(4025M) 10.349ms
[184.277s][info][gc,cpu         ] GC(409) User=0.00s Sys=0.00s Real=0.02s
[184.876s][info][gc,heap,exit   ] Heap
[184.877s][info][gc,heap,exit   ]  PSYoungGen      total 1325568K, used 524195K [0x00000007aab00000, 0x0000000800000000, 0x0000000800000000)
[184.877s][info][gc,heap,exit   ]   eden space 1258496K, 38% used [0x00000007aab00000,0x00000007c80e6f88,0x00000007f7800000)
[184.877s][info][gc,heap,exit   ]   from space 67072K, 64% used [0x00000007fbe80000,0x00000007fe882000,0x0000000800000000)
[184.877s][info][gc,heap,exit   ]   to   space 69632K, 0% used [0x00000007f7800000,0x00000007f7800000,0x00000007fbc00000)
[184.877s][info][gc,heap,exit   ]  PSOldGen        total 2796544K, used 150741K [0x0000000700000000, 0x00000007aab00000, 0x00000007aab00000)
[184.877s][info][gc,heap,exit   ]   object space 2796544K, 5% used [0x0000000700000000,0x0000000709335590,0x00000007aab00000)
[184.877s][info][gc,heap,exit   ]  Metaspace       used 173603K, capacity 182110K, committed 186172K, reserved 1208320K
[184.877s][info][gc,heap,exit   ]   class space    used 20681K, capacity 24516K, committed 27276K, reserved 1048576K
