[0.012s][info][gc] Using G1
[0.035s][info][gc,init] Version: 17.0.12+7-adhoc..jdk17u (release)
[0.035s][info][gc,init] CPUs: 6 total, 6 available
[0.035s][info][gc,init] Memory: 15591M
[0.035s][info][gc,init] Large Page Support: Disabled
[0.035s][info][gc,init] NUMA Support: Disabled
[0.035s][info][gc,init] Compressed Oops: Enabled (Zero based)
[0.035s][info][gc,init] Heap Region Size: 4M
[0.035s][info][gc,init] Heap Min Capacity: 8G
[0.035s][info][gc,init] Heap Initial Capacity: 8G
[0.035s][info][gc,init] Heap Max Capacity: 8G
[0.035s][info][gc,init] Pre-touch: Disabled
[0.035s][info][gc,init] Parallel Workers: 6
[0.035s][info][gc,init] Concurrent Workers: 2
[0.036s][info][gc,init] Concurrent Refinement Workers: 6
[0.036s][info][gc,init] Periodic GC: Disabled
[0.043s][info][gc,metaspace] CDS archive(s) mapped at: [0x0000025708000000-0x0000025708bc0000-0x0000025708bc0000), size 12320768, SharedBaseAddress: 0x0000025708000000, ArchiveRelocationMode: 1.
[0.043s][info][gc,metaspace] Compressed class space mapped at: 0x0000025709000000-0x0000025749000000, reserved size: 1073741824
[0.043s][info][gc,metaspace] Narrow klass base: 0x0000025708000000, Narrow klass shift: 0, Narrow klass range: 0x100000000
[2.038s][info][gc,start    ] GC(0) Pause Full (System.gc())
[2.038s][info][gc,task     ] GC(0) Using 6 workers of 6 for full compaction
[2.038s][info][gc,phases,start] GC(0) Phase 1: Mark live objects
[2.040s][info][gc,phases      ] GC(0) Phase 1: Mark live objects 2.178ms
[2.040s][info][gc,phases,start] GC(0) Phase 2: Prepare for compaction
[2.046s][info][gc,phases      ] GC(0) Phase 2: Prepare for compaction 5.440ms
[2.046s][info][gc,phases,start] GC(0) Phase 3: Adjust pointers
[2.047s][info][gc,phases      ] GC(0) Phase 3: Adjust pointers 0.954ms
[2.047s][info][gc,phases,start] GC(0) Phase 4: Compact heap
[2.048s][info][gc,phases      ] GC(0) Phase 4: Compact heap 0.943ms
[2.064s][info][gc,heap        ] GC(0) Eden regions: 37->0(102)
[2.064s][info][gc,heap        ] GC(0) Survivor regions: 0->0(0)
[2.064s][info][gc,heap        ] GC(0) Old regions: 0->6
[2.064s][info][gc,heap        ] GC(0) Archive regions: 0->0
[2.064s][info][gc,heap        ] GC(0) Humongous regions: 0->0
[2.064s][info][gc,metaspace   ] GC(0) Metaspace: 2893K(3136K)->2893K(3136K) NonClass: 2624K(2752K)->2624K(2752K) Class: 269K(384K)->269K(384K)
[2.064s][info][gc             ] GC(0) Pause Full (System.gc()) 146M->3M(8192M) 26.452ms
[2.064s][info][gc,cpu         ] GC(0) User=0.09s Sys=0.05s Real=0.02s
[2.800s][info][gc,start       ] GC(1) Pause Young (Normal) (G1 Evacuation Pause)
[2.800s][info][gc,task        ] GC(1) Using 6 workers of 6 for evacuation
[2.802s][info][gc,phases      ] GC(1)   Pre Evacuate Collection Set: 0.1ms
[2.802s][info][gc,phases      ] GC(1)   Merge Heap Roots: 0.1ms
[2.802s][info][gc,phases      ] GC(1)   Evacuate Collection Set: 1.0ms
[2.802s][info][gc,phases      ] GC(1)   Post Evacuate Collection Set: 0.5ms
[2.802s][info][gc,phases      ] GC(1)   Other: 0.2ms
[2.802s][info][gc,heap        ] GC(1) Eden regions: 102->0(189)
[2.802s][info][gc,heap        ] GC(1) Survivor regions: 0->1(13)
[2.802s][info][gc,heap        ] GC(1) Old regions: 6->6
[2.802s][info][gc,heap        ] GC(1) Archive regions: 0->0
[2.802s][info][gc,heap        ] GC(1) Humongous regions: 2->2
[2.802s][info][gc,metaspace   ] GC(1) Metaspace: 8731K(9216K)->8731K(9216K) NonClass: 7777K(8064K)->7777K(8064K) Class: 953K(1152K)->953K(1152K)
[2.802s][info][gc             ] GC(1) Pause Young (Normal) (G1 Evacuation Pause) 419M->12M(8192M) 2.013ms
[2.802s][info][gc,cpu         ] GC(1) User=0.00s Sys=0.00s Real=0.00s
[3.310s][info][gc,start       ] GC(2) Pause Young (Normal) (G1 Evacuation Pause)
[3.310s][info][gc,task        ] GC(2) Using 6 workers of 6 for evacuation
[3.312s][info][gc,phases      ] GC(2)   Pre Evacuate Collection Set: 0.1ms
[3.312s][info][gc,phases      ] GC(2)   Merge Heap Roots: 0.1ms
[3.312s][info][gc,phases      ] GC(2)   Evacuate Collection Set: 1.3ms
[3.312s][info][gc,phases      ] GC(2)   Post Evacuate Collection Set: 0.6ms
[3.312s][info][gc,phases      ] GC(2)   Other: 0.2ms
[3.312s][info][gc,heap        ] GC(2) Eden regions: 189->0(1227)
[3.312s][info][gc,heap        ] GC(2) Survivor regions: 1->1(24)
[3.312s][info][gc,heap        ] GC(2) Old regions: 6->6
[3.312s][info][gc,heap        ] GC(2) Archive regions: 0->0
[3.312s][info][gc,heap        ] GC(2) Humongous regions: 2->2
[3.312s][info][gc,metaspace   ] GC(2) Metaspace: 8851K(9280K)->8851K(9280K) NonClass: 7898K(8128K)->7898K(8128K) Class: 953K(1152K)->953K(1152K)
[3.312s][info][gc             ] GC(2) Pause Young (Normal) (G1 Evacuation Pause) 768M->12M(8192M) 2.567ms
[3.312s][info][gc,cpu         ] GC(2) User=0.00s Sys=0.00s Real=0.00s
[6.120s][info][gc,start       ] GC(3) Pause Young (Normal) (G1 Evacuation Pause)
[6.120s][info][gc,task        ] GC(3) Using 6 workers of 6 for evacuation
[6.124s][info][gc,phases      ] GC(3)   Pre Evacuate Collection Set: 0.1ms
[6.124s][info][gc,phases      ] GC(3)   Merge Heap Roots: 0.2ms
[6.124s][info][gc,phases      ] GC(3)   Evacuate Collection Set: 1.4ms
[6.124s][info][gc,phases      ] GC(3)   Post Evacuate Collection Set: 1.4ms
[6.124s][info][gc,phases      ] GC(3)   Other: 0.5ms
[6.124s][info][gc,heap        ] GC(3) Eden regions: 1227->0(1227)
[6.124s][info][gc,heap        ] GC(3) Survivor regions: 1->1(154)
[6.124s][info][gc,heap        ] GC(3) Old regions: 6->6
[6.124s][info][gc,heap        ] GC(3) Archive regions: 0->0
[6.124s][info][gc,heap        ] GC(3) Humongous regions: 2->2
[6.124s][info][gc,metaspace   ] GC(3) Metaspace: 9137K(9600K)->9137K(9600K) NonClass: 8181K(8448K)->8181K(8448K) Class: 956K(1152K)->956K(1152K)
[6.124s][info][gc             ] GC(3) Pause Young (Normal) (G1 Evacuation Pause) 4920M->12M(8192M) 3.802ms
[6.124s][info][gc,cpu         ] GC(3) User=0.00s Sys=0.00s Real=0.00s
[7.787s][info][gc,start       ] GC(4) Pause Young (Normal) (G1 Evacuation Pause)
[7.787s][info][gc,task        ] GC(4) Using 6 workers of 6 for evacuation
[7.790s][info][gc,phases      ] GC(4)   Pre Evacuate Collection Set: 0.2ms
[7.790s][info][gc,phases      ] GC(4)   Merge Heap Roots: 0.2ms
[7.790s][info][gc,phases      ] GC(4)   Evacuate Collection Set: 1.3ms
[7.790s][info][gc,phases      ] GC(4)   Post Evacuate Collection Set: 1.3ms
[7.790s][info][gc,phases      ] GC(4)   Other: 0.2ms
[7.790s][info][gc,heap        ] GC(4) Eden regions: 1227->0(1227)
[7.790s][info][gc,heap        ] GC(4) Survivor regions: 1->1(154)
[7.790s][info][gc,heap        ] GC(4) Old regions: 6->6
[7.790s][info][gc,heap        ] GC(4) Archive regions: 0->0
[7.790s][info][gc,heap        ] GC(4) Humongous regions: 2->2
[7.790s][info][gc,metaspace   ] GC(4) Metaspace: 9142K(9600K)->9142K(9600K) NonClass: 8186K(8448K)->8186K(8448K) Class: 956K(1152K)->956K(1152K)
[7.790s][info][gc             ] GC(4) Pause Young (Normal) (G1 Evacuation Pause) 4920M->12M(8192M) 3.355ms
[7.790s][info][gc,cpu         ] GC(4) User=0.00s Sys=0.00s Real=0.00s
[9.309s][info][gc,start       ] GC(5) Pause Young (Normal) (G1 Evacuation Pause)
[9.309s][info][gc,task        ] GC(5) Using 6 workers of 6 for evacuation
[9.312s][info][gc,phases      ] GC(5)   Pre Evacuate Collection Set: 0.1ms
[9.312s][info][gc,phases      ] GC(5)   Merge Heap Roots: 0.2ms
[9.312s][info][gc,phases      ] GC(5)   Evacuate Collection Set: 1.1ms
[9.312s][info][gc,phases      ] GC(5)   Post Evacuate Collection Set: 1.2ms
[9.312s][info][gc,phases      ] GC(5)   Other: 0.2ms
[9.312s][info][gc,heap        ] GC(5) Eden regions: 1227->0(1227)
[9.312s][info][gc,heap        ] GC(5) Survivor regions: 1->1(154)
[9.312s][info][gc,heap        ] GC(5) Old regions: 6->6
[9.312s][info][gc,heap        ] GC(5) Archive regions: 0->0
[9.312s][info][gc,heap        ] GC(5) Humongous regions: 2->2
[9.312s][info][gc,metaspace   ] GC(5) Metaspace: 9143K(9600K)->9143K(9600K) NonClass: 8187K(8448K)->8187K(8448K) Class: 956K(1152K)->956K(1152K)
[9.312s][info][gc             ] GC(5) Pause Young (Normal) (G1 Evacuation Pause) 4920M->12M(8192M) 2.881ms
[9.312s][info][gc,cpu         ] GC(5) User=0.00s Sys=0.00s Real=0.00s
[10.857s][info][gc,start       ] GC(6) Pause Young (Normal) (G1 Evacuation Pause)
[10.857s][info][gc,task        ] GC(6) Using 6 workers of 6 for evacuation
[10.860s][info][gc,phases      ] GC(6)   Pre Evacuate Collection Set: 0.1ms
[10.860s][info][gc,phases      ] GC(6)   Merge Heap Roots: 0.2ms
[10.860s][info][gc,phases      ] GC(6)   Evacuate Collection Set: 1.1ms
[10.860s][info][gc,phases      ] GC(6)   Post Evacuate Collection Set: 1.2ms
[10.860s][info][gc,phases      ] GC(6)   Other: 0.2ms
[10.860s][info][gc,heap        ] GC(6) Eden regions: 1227->0(1227)
[10.860s][info][gc,heap        ] GC(6) Survivor regions: 1->1(154)
[10.860s][info][gc,heap        ] GC(6) Old regions: 6->6
[10.860s][info][gc,heap        ] GC(6) Archive regions: 0->0
[10.860s][info][gc,heap        ] GC(6) Humongous regions: 2->2
[10.860s][info][gc,metaspace   ] GC(6) Metaspace: 9143K(9600K)->9143K(9600K) NonClass: 8187K(8448K)->8187K(8448K) Class: 956K(1152K)->956K(1152K)
[10.860s][info][gc             ] GC(6) Pause Young (Normal) (G1 Evacuation Pause) 4920M->12M(8192M) 2.946ms
[10.860s][info][gc,cpu         ] GC(6) User=0.05s Sys=0.00s Real=0.00s
[12.143s][info][gc,start       ] GC(7) Pause Full (System.gc())
[12.143s][info][gc,task        ] GC(7) Using 6 workers of 6 for full compaction
[12.143s][info][gc,phases,start] GC(7) Phase 1: Mark live objects
[12.148s][info][gc,phases      ] GC(7) Phase 1: Mark live objects 4.423ms
[12.148s][info][gc,phases,start] GC(7) Phase 2: Prepare for compaction
[12.153s][info][gc,phases      ] GC(7) Phase 2: Prepare for compaction 5.648ms
[12.153s][info][gc,phases,start] GC(7) Phase 3: Adjust pointers
[12.156s][info][gc,phases      ] GC(7) Phase 3: Adjust pointers 3.032ms
[12.156s][info][gc,phases,start] GC(7) Phase 4: Compact heap
[12.159s][info][gc,phases      ] GC(7) Phase 4: Compact heap 2.317ms
[12.198s][info][gc,heap        ] GC(7) Eden regions: 681->0(1228)
[12.198s][info][gc,heap        ] GC(7) Survivor regions: 1->0(154)
[12.198s][info][gc,heap        ] GC(7) Old regions: 6->5
[12.198s][info][gc,heap        ] GC(7) Archive regions: 0->0
[12.198s][info][gc,heap        ] GC(7) Humongous regions: 5->2
[12.198s][info][gc,metaspace   ] GC(7) Metaspace: 9255K(9728K)->8877K(9728K) NonClass: 8293K(8512K)->8006K(8512K) Class: 961K(1216K)->871K(1216K)
[12.198s][info][gc             ] GC(7) Pause Full (System.gc()) 2746M->11M(8192M) 55.508ms
[12.198s][info][gc,cpu         ] GC(7) User=0.12s Sys=0.05s Real=0.06s
[13.578s][info][gc,start       ] GC(8) Pause Young (Normal) (G1 Evacuation Pause)
[13.579s][info][gc,task        ] GC(8) Using 6 workers of 6 for evacuation
[13.580s][info][gc,phases      ] GC(8)   Pre Evacuate Collection Set: 0.1ms
[13.580s][info][gc,phases      ] GC(8)   Merge Heap Roots: 0.1ms
[13.580s][info][gc,phases      ] GC(8)   Evacuate Collection Set: 0.3ms
[13.580s][info][gc,phases      ] GC(8)   Post Evacuate Collection Set: 1.0ms
[13.580s][info][gc,phases      ] GC(8)   Other: 0.2ms
[13.580s][info][gc,heap        ] GC(8) Eden regions: 1228->0(1227)
[13.580s][info][gc,heap        ] GC(8) Survivor regions: 0->1(154)
[13.580s][info][gc,heap        ] GC(8) Old regions: 5->5
[13.580s][info][gc,heap        ] GC(8) Archive regions: 0->0
[13.580s][info][gc,heap        ] GC(8) Humongous regions: 4->4
[13.580s][info][gc,metaspace   ] GC(8) Metaspace: 8878K(9728K)->8878K(9728K) NonClass: 8006K(8512K)->8006K(8512K) Class: 871K(1216K)->871K(1216K)
[13.580s][info][gc             ] GC(8) Pause Young (Normal) (G1 Evacuation Pause) 4931M->20M(8192M) 1.771ms
[13.580s][info][gc,cpu         ] GC(8) User=0.00s Sys=0.00s Real=0.00s
[14.964s][info][gc,start       ] GC(9) Pause Young (Normal) (G1 Evacuation Pause)
[14.964s][info][gc,task        ] GC(9) Using 6 workers of 6 for evacuation
[14.966s][info][gc,phases      ] GC(9)   Pre Evacuate Collection Set: 0.1ms
[14.966s][info][gc,phases      ] GC(9)   Merge Heap Roots: 0.1ms
[14.966s][info][gc,phases      ] GC(9)   Evacuate Collection Set: 0.3ms
[14.966s][info][gc,phases      ] GC(9)   Post Evacuate Collection Set: 1.0ms
[14.966s][info][gc,phases      ] GC(9)   Other: 0.2ms
[14.966s][info][gc,heap        ] GC(9) Eden regions: 1227->0(1227)
[14.966s][info][gc,heap        ] GC(9) Survivor regions: 1->1(154)
[14.966s][info][gc,heap        ] GC(9) Old regions: 5->5
[14.966s][info][gc,heap        ] GC(9) Archive regions: 0->0
[14.966s][info][gc,heap        ] GC(9) Humongous regions: 4->4
[14.966s][info][gc,metaspace   ] GC(9) Metaspace: 8878K(9728K)->8878K(9728K) NonClass: 8006K(8512K)->8006K(8512K) Class: 871K(1216K)->871K(1216K)
[14.966s][info][gc             ] GC(9) Pause Young (Normal) (G1 Evacuation Pause) 4928M->20M(8192M) 1.857ms
[14.966s][info][gc,cpu         ] GC(9) User=0.00s Sys=0.00s Real=0.00s
[16.355s][info][gc,start       ] GC(10) Pause Young (Normal) (G1 Evacuation Pause)
[16.355s][info][gc,task        ] GC(10) Using 6 workers of 6 for evacuation
[16.357s][info][gc,phases      ] GC(10)   Pre Evacuate Collection Set: 0.1ms
[16.357s][info][gc,phases      ] GC(10)   Merge Heap Roots: 0.2ms
[16.357s][info][gc,phases      ] GC(10)   Evacuate Collection Set: 0.3ms
[16.357s][info][gc,phases      ] GC(10)   Post Evacuate Collection Set: 1.0ms
[16.357s][info][gc,phases      ] GC(10)   Other: 0.2ms
[16.357s][info][gc,heap        ] GC(10) Eden regions: 1227->0(1227)
[16.357s][info][gc,heap        ] GC(10) Survivor regions: 1->1(154)
[16.357s][info][gc,heap        ] GC(10) Old regions: 5->5
[16.357s][info][gc,heap        ] GC(10) Archive regions: 0->0
[16.357s][info][gc,heap        ] GC(10) Humongous regions: 4->4
[16.357s][info][gc,metaspace   ] GC(10) Metaspace: 8878K(9728K)->8878K(9728K) NonClass: 8006K(8512K)->8006K(8512K) Class: 871K(1216K)->871K(1216K)
[16.357s][info][gc             ] GC(10) Pause Young (Normal) (G1 Evacuation Pause) 4928M->20M(8192M) 1.845ms
[16.357s][info][gc,cpu         ] GC(10) User=0.00s Sys=0.00s Real=0.00s
[17.748s][info][gc,start       ] GC(11) Pause Young (Normal) (G1 Evacuation Pause)
[17.749s][info][gc,task        ] GC(11) Using 6 workers of 6 for evacuation
[17.750s][info][gc,phases      ] GC(11)   Pre Evacuate Collection Set: 0.1ms
[17.750s][info][gc,phases      ] GC(11)   Merge Heap Roots: 0.1ms
[17.750s][info][gc,phases      ] GC(11)   Evacuate Collection Set: 0.3ms
[17.750s][info][gc,phases      ] GC(11)   Post Evacuate Collection Set: 1.0ms
[17.750s][info][gc,phases      ] GC(11)   Other: 0.2ms
[17.750s][info][gc,heap        ] GC(11) Eden regions: 1227->0(1227)
[17.750s][info][gc,heap        ] GC(11) Survivor regions: 1->1(154)
[17.750s][info][gc,heap        ] GC(11) Old regions: 5->5
[17.750s][info][gc,heap        ] GC(11) Archive regions: 0->0
[17.750s][info][gc,heap        ] GC(11) Humongous regions: 4->4
[17.750s][info][gc,metaspace   ] GC(11) Metaspace: 8878K(9728K)->8878K(9728K) NonClass: 8006K(8512K)->8006K(8512K) Class: 871K(1216K)->871K(1216K)
[17.750s][info][gc             ] GC(11) Pause Young (Normal) (G1 Evacuation Pause) 4928M->20M(8192M) 1.858ms
[17.750s][info][gc,cpu         ] GC(11) User=0.00s Sys=0.09s Real=0.00s
[19.032s][info][gc,start       ] GC(12) Pause Full (System.gc())
[19.032s][info][gc,task        ] GC(12) Using 6 workers of 6 for full compaction
[19.032s][info][gc,phases,start] GC(12) Phase 1: Mark live objects
[19.034s][info][gc,phases      ] GC(12) Phase 1: Mark live objects 2.019ms
[19.034s][info][gc,phases,start] GC(12) Phase 2: Prepare for compaction
[19.041s][info][gc,phases      ] GC(12) Phase 2: Prepare for compaction 6.368ms
[19.041s][info][gc,phases,start] GC(12) Phase 3: Adjust pointers
[19.044s][info][gc,phases      ] GC(12) Phase 3: Adjust pointers 3.429ms
[19.044s][info][gc,phases,start] GC(12) Phase 4: Compact heap
[19.047s][info][gc,phases      ] GC(12) Phase 4: Compact heap 2.638ms
[19.063s][info][gc,heap        ] GC(12) Eden regions: 957->0(1228)
[19.063s][info][gc,heap        ] GC(12) Survivor regions: 1->0(154)
[19.063s][info][gc,heap        ] GC(12) Old regions: 5->5
[19.063s][info][gc,heap        ] GC(12) Archive regions: 0->0
[19.063s][info][gc,heap        ] GC(12) Humongous regions: 7->2
[19.063s][info][gc,metaspace   ] GC(12) Metaspace: 8881K(9728K)->8881K(9728K) NonClass: 8009K(8512K)->8009K(8512K) Class: 872K(1216K)->872K(1216K)
[19.063s][info][gc             ] GC(12) Pause Full (System.gc()) 3858M->11M(8192M) 30.804ms
[19.063s][info][gc,cpu         ] GC(12) User=0.00s Sys=0.03s Real=0.04s
[20.448s][info][gc,start       ] GC(13) Pause Young (Normal) (G1 Evacuation Pause)
[20.448s][info][gc,task        ] GC(13) Using 6 workers of 6 for evacuation
[20.450s][info][gc,phases      ] GC(13)   Pre Evacuate Collection Set: 0.1ms
[20.450s][info][gc,phases      ] GC(13)   Merge Heap Roots: 0.1ms
[20.450s][info][gc,phases      ] GC(13)   Evacuate Collection Set: 0.3ms
[20.450s][info][gc,phases      ] GC(13)   Post Evacuate Collection Set: 1.0ms
[20.450s][info][gc,phases      ] GC(13)   Other: 0.2ms
[20.450s][info][gc,heap        ] GC(13) Eden regions: 1228->0(1227)
[20.450s][info][gc,heap        ] GC(13) Survivor regions: 0->1(154)
[20.450s][info][gc,heap        ] GC(13) Old regions: 5->5
[20.450s][info][gc,heap        ] GC(13) Archive regions: 0->0
[20.450s][info][gc,heap        ] GC(13) Humongous regions: 4->4
[20.450s][info][gc,metaspace   ] GC(13) Metaspace: 8881K(9728K)->8881K(9728K) NonClass: 8009K(8512K)->8009K(8512K) Class: 872K(1216K)->872K(1216K)
[20.450s][info][gc             ] GC(13) Pause Young (Normal) (G1 Evacuation Pause) 4931M->20M(8192M) 1.787ms
[20.450s][info][gc,cpu         ] GC(13) User=0.00s Sys=0.00s Real=0.00s
[21.804s][info][gc,start       ] GC(14) Pause Young (Normal) (G1 Evacuation Pause)
[21.804s][info][gc,task        ] GC(14) Using 6 workers of 6 for evacuation
[21.806s][info][gc,phases      ] GC(14)   Pre Evacuate Collection Set: 0.1ms
[21.806s][info][gc,phases      ] GC(14)   Merge Heap Roots: 0.1ms
[21.806s][info][gc,phases      ] GC(14)   Evacuate Collection Set: 0.3ms
[21.806s][info][gc,phases      ] GC(14)   Post Evacuate Collection Set: 1.0ms
[21.806s][info][gc,phases      ] GC(14)   Other: 0.2ms
[21.806s][info][gc,heap        ] GC(14) Eden regions: 1227->0(1227)
[21.806s][info][gc,heap        ] GC(14) Survivor regions: 1->1(154)
[21.806s][info][gc,heap        ] GC(14) Old regions: 5->5
[21.806s][info][gc,heap        ] GC(14) Archive regions: 0->0
[21.806s][info][gc,heap        ] GC(14) Humongous regions: 4->4
[21.806s][info][gc,metaspace   ] GC(14) Metaspace: 8881K(9728K)->8881K(9728K) NonClass: 8009K(8512K)->8009K(8512K) Class: 872K(1216K)->872K(1216K)
[21.806s][info][gc             ] GC(14) Pause Young (Normal) (G1 Evacuation Pause) 4928M->20M(8192M) 1.777ms
[21.806s][info][gc,cpu         ] GC(14) User=0.00s Sys=0.00s Real=0.00s
[23.177s][info][gc,start       ] GC(15) Pause Young (Normal) (G1 Evacuation Pause)
[23.177s][info][gc,task        ] GC(15) Using 6 workers of 6 for evacuation
[23.178s][info][gc,phases      ] GC(15)   Pre Evacuate Collection Set: 0.1ms
[23.178s][info][gc,phases      ] GC(15)   Merge Heap Roots: 0.1ms
[23.178s][info][gc,phases      ] GC(15)   Evacuate Collection Set: 0.3ms
[23.178s][info][gc,phases      ] GC(15)   Post Evacuate Collection Set: 1.1ms
[23.178s][info][gc,phases      ] GC(15)   Other: 0.2ms
[23.178s][info][gc,heap        ] GC(15) Eden regions: 1227->0(1227)
[23.178s][info][gc,heap        ] GC(15) Survivor regions: 1->1(154)
[23.178s][info][gc,heap        ] GC(15) Old regions: 5->5
[23.179s][info][gc,heap        ] GC(15) Archive regions: 0->0
[23.179s][info][gc,heap        ] GC(15) Humongous regions: 4->4
[23.179s][info][gc,metaspace   ] GC(15) Metaspace: 8881K(9728K)->8881K(9728K) NonClass: 8009K(8512K)->8009K(8512K) Class: 872K(1216K)->872K(1216K)
[23.179s][info][gc             ] GC(15) Pause Young (Normal) (G1 Evacuation Pause) 4928M->20M(8192M) 1.887ms
[23.179s][info][gc,cpu         ] GC(15) User=0.00s Sys=0.00s Real=0.00s
[24.580s][info][gc,start       ] GC(16) Pause Young (Normal) (G1 Evacuation Pause)
[24.580s][info][gc,task        ] GC(16) Using 6 workers of 6 for evacuation
[24.582s][info][gc,phases      ] GC(16)   Pre Evacuate Collection Set: 0.1ms
[24.582s][info][gc,phases      ] GC(16)   Merge Heap Roots: 0.1ms
[24.582s][info][gc,phases      ] GC(16)   Evacuate Collection Set: 0.3ms
[24.582s][info][gc,phases      ] GC(16)   Post Evacuate Collection Set: 1.0ms
[24.582s][info][gc,phases      ] GC(16)   Other: 0.2ms
[24.582s][info][gc,heap        ] GC(16) Eden regions: 1227->0(1227)
[24.582s][info][gc,heap        ] GC(16) Survivor regions: 1->1(154)
[24.582s][info][gc,heap        ] GC(16) Old regions: 5->5
[24.582s][info][gc,heap        ] GC(16) Archive regions: 0->0
[24.582s][info][gc,heap        ] GC(16) Humongous regions: 4->4
[24.582s][info][gc,metaspace   ] GC(16) Metaspace: 8881K(9728K)->8881K(9728K) NonClass: 8009K(8512K)->8009K(8512K) Class: 872K(1216K)->872K(1216K)
[24.582s][info][gc             ] GC(16) Pause Young (Normal) (G1 Evacuation Pause) 4928M->20M(8192M) 1.862ms
[24.582s][info][gc,cpu         ] GC(16) User=0.00s Sys=0.00s Real=0.00s
[25.847s][info][gc,start       ] GC(17) Pause Full (System.gc())
[25.848s][info][gc,task        ] GC(17) Using 6 workers of 6 for full compaction
[25.848s][info][gc,phases,start] GC(17) Phase 1: Mark live objects
[25.850s][info][gc,phases      ] GC(17) Phase 1: Mark live objects 2.282ms
[25.850s][info][gc,phases,start] GC(17) Phase 2: Prepare for compaction
[25.856s][info][gc,phases      ] GC(17) Phase 2: Prepare for compaction 5.868ms
[25.856s][info][gc,phases,start] GC(17) Phase 3: Adjust pointers
[25.859s][info][gc,phases      ] GC(17) Phase 3: Adjust pointers 3.431ms
[25.859s][info][gc,phases,start] GC(17) Phase 4: Compact heap
[25.862s][info][gc,phases      ] GC(17) Phase 4: Compact heap 2.768ms
[25.878s][info][gc,heap        ] GC(17) Eden regions: 955->0(1228)
[25.878s][info][gc,heap        ] GC(17) Survivor regions: 1->0(154)
[25.878s][info][gc,heap        ] GC(17) Old regions: 5->5
[25.878s][info][gc,heap        ] GC(17) Archive regions: 0->0
[25.878s][info][gc,heap        ] GC(17) Humongous regions: 7->2
[25.878s][info][gc,metaspace   ] GC(17) Metaspace: 8881K(9728K)->8881K(9728K) NonClass: 8009K(8512K)->8009K(8512K) Class: 872K(1216K)->872K(1216K)
[25.878s][info][gc             ] GC(17) Pause Full (System.gc()) 3850M->11M(8192M) 30.303ms
[25.878s][info][gc,cpu         ] GC(17) User=0.03s Sys=0.02s Real=0.03s
[27.324s][info][gc,start       ] GC(18) Pause Young (Normal) (G1 Evacuation Pause)
[27.324s][info][gc,task        ] GC(18) Using 6 workers of 6 for evacuation
[27.326s][info][gc,phases      ] GC(18)   Pre Evacuate Collection Set: 0.1ms
[27.326s][info][gc,phases      ] GC(18)   Merge Heap Roots: 0.1ms
[27.326s][info][gc,phases      ] GC(18)   Evacuate Collection Set: 0.3ms
[27.326s][info][gc,phases      ] GC(18)   Post Evacuate Collection Set: 1.0ms
[27.326s][info][gc,phases      ] GC(18)   Other: 0.2ms
[27.326s][info][gc,heap        ] GC(18) Eden regions: 1228->0(1227)
[27.326s][info][gc,heap        ] GC(18) Survivor regions: 0->1(154)
[27.326s][info][gc,heap        ] GC(18) Old regions: 5->5
[27.326s][info][gc,heap        ] GC(18) Archive regions: 0->0
[27.326s][info][gc,heap        ] GC(18) Humongous regions: 4->4
[27.326s][info][gc,metaspace   ] GC(18) Metaspace: 8881K(9728K)->8881K(9728K) NonClass: 8009K(8512K)->8009K(8512K) Class: 872K(1216K)->872K(1216K)
[27.326s][info][gc             ] GC(18) Pause Young (Normal) (G1 Evacuation Pause) 4931M->20M(8192M) 1.837ms
[27.326s][info][gc,cpu         ] GC(18) User=0.00s Sys=0.00s Real=0.00s
[28.674s][info][gc,start       ] GC(19) Pause Young (Normal) (G1 Evacuation Pause)
[28.674s][info][gc,task        ] GC(19) Using 6 workers of 6 for evacuation
[28.675s][info][gc,phases      ] GC(19)   Pre Evacuate Collection Set: 0.1ms
[28.675s][info][gc,phases      ] GC(19)   Merge Heap Roots: 0.1ms
[28.675s][info][gc,phases      ] GC(19)   Evacuate Collection Set: 0.3ms
[28.675s][info][gc,phases      ] GC(19)   Post Evacuate Collection Set: 1.0ms
[28.675s][info][gc,phases      ] GC(19)   Other: 0.2ms
[28.675s][info][gc,heap        ] GC(19) Eden regions: 1227->0(1227)
[28.675s][info][gc,heap        ] GC(19) Survivor regions: 1->1(154)
[28.675s][info][gc,heap        ] GC(19) Old regions: 5->5
[28.675s][info][gc,heap        ] GC(19) Archive regions: 0->0
[28.675s][info][gc,heap        ] GC(19) Humongous regions: 4->4
[28.675s][info][gc,metaspace   ] GC(19) Metaspace: 8881K(9728K)->8881K(9728K) NonClass: 8009K(8512K)->8009K(8512K) Class: 872K(1216K)->872K(1216K)
[28.675s][info][gc             ] GC(19) Pause Young (Normal) (G1 Evacuation Pause) 4928M->20M(8192M) 1.840ms
[28.675s][info][gc,cpu         ] GC(19) User=0.00s Sys=0.00s Real=0.00s
[30.050s][info][gc,start       ] GC(20) Pause Young (Normal) (G1 Evacuation Pause)
[30.050s][info][gc,task        ] GC(20) Using 6 workers of 6 for evacuation
[30.051s][info][gc,phases      ] GC(20)   Pre Evacuate Collection Set: 0.1ms
[30.052s][info][gc,phases      ] GC(20)   Merge Heap Roots: 0.1ms
[30.052s][info][gc,phases      ] GC(20)   Evacuate Collection Set: 0.3ms
[30.052s][info][gc,phases      ] GC(20)   Post Evacuate Collection Set: 1.0ms
[30.052s][info][gc,phases      ] GC(20)   Other: 0.2ms
[30.052s][info][gc,heap        ] GC(20) Eden regions: 1227->0(1227)
[30.052s][info][gc,heap        ] GC(20) Survivor regions: 1->1(154)
[30.052s][info][gc,heap        ] GC(20) Old regions: 5->5
[30.052s][info][gc,heap        ] GC(20) Archive regions: 0->0
[30.052s][info][gc,heap        ] GC(20) Humongous regions: 4->4
[30.052s][info][gc,metaspace   ] GC(20) Metaspace: 8881K(9728K)->8881K(9728K) NonClass: 8009K(8512K)->8009K(8512K) Class: 872K(1216K)->872K(1216K)
[30.052s][info][gc             ] GC(20) Pause Young (Normal) (G1 Evacuation Pause) 4928M->20M(8192M) 1.819ms
[30.052s][info][gc,cpu         ] GC(20) User=0.00s Sys=0.00s Real=0.00s
[31.415s][info][gc,start       ] GC(21) Pause Young (Normal) (G1 Evacuation Pause)
[31.415s][info][gc,task        ] GC(21) Using 6 workers of 6 for evacuation
[31.416s][info][gc,phases      ] GC(21)   Pre Evacuate Collection Set: 0.1ms
[31.416s][info][gc,phases      ] GC(21)   Merge Heap Roots: 0.1ms
[31.416s][info][gc,phases      ] GC(21)   Evacuate Collection Set: 0.3ms
[31.416s][info][gc,phases      ] GC(21)   Post Evacuate Collection Set: 1.0ms
[31.416s][info][gc,phases      ] GC(21)   Other: 0.2ms
[31.416s][info][gc,heap        ] GC(21) Eden regions: 1227->0(1227)
[31.416s][info][gc,heap        ] GC(21) Survivor regions: 1->1(154)
[31.416s][info][gc,heap        ] GC(21) Old regions: 5->5
[31.416s][info][gc,heap        ] GC(21) Archive regions: 0->0
[31.416s][info][gc,heap        ] GC(21) Humongous regions: 4->4
[31.416s][info][gc,metaspace   ] GC(21) Metaspace: 8881K(9728K)->8881K(9728K) NonClass: 8009K(8512K)->8009K(8512K) Class: 872K(1216K)->872K(1216K)
[31.416s][info][gc             ] GC(21) Pause Young (Normal) (G1 Evacuation Pause) 4928M->20M(8192M) 1.801ms
[31.416s][info][gc,cpu         ] GC(21) User=0.00s Sys=0.00s Real=0.00s
[32.650s][info][gc,start       ] GC(22) Pause Full (System.gc())
[32.650s][info][gc,task        ] GC(22) Using 6 workers of 6 for full compaction
[32.650s][info][gc,phases,start] GC(22) Phase 1: Mark live objects
[32.652s][info][gc,phases      ] GC(22) Phase 1: Mark live objects 2.019ms
[32.652s][info][gc,phases,start] GC(22) Phase 2: Prepare for compaction
[32.658s][info][gc,phases      ] GC(22) Phase 2: Prepare for compaction 5.821ms
[32.658s][info][gc,phases,start] GC(22) Phase 3: Adjust pointers
[32.662s][info][gc,phases      ] GC(22) Phase 3: Adjust pointers 3.588ms
[32.662s][info][gc,phases,start] GC(22) Phase 4: Compact heap
[32.665s][info][gc,phases      ] GC(22) Phase 4: Compact heap 3.166ms
[32.681s][info][gc,heap        ] GC(22) Eden regions: 954->0(1228)
[32.681s][info][gc,heap        ] GC(22) Survivor regions: 1->0(154)
[32.681s][info][gc,heap        ] GC(22) Old regions: 5->6
[32.681s][info][gc,heap        ] GC(22) Archive regions: 0->0
[32.681s][info][gc,heap        ] GC(22) Humongous regions: 7->2
[32.681s][info][gc,metaspace   ] GC(22) Metaspace: 8881K(9728K)->8881K(9728K) NonClass: 8009K(8512K)->8009K(8512K) Class: 872K(1216K)->872K(1216K)
[32.681s][info][gc             ] GC(22) Pause Full (System.gc()) 3847M->11M(8192M) 30.818ms
[32.681s][info][gc,cpu         ] GC(22) User=0.12s Sys=0.02s Real=0.04s
[34.071s][info][gc,start       ] GC(23) Pause Young (Normal) (G1 Evacuation Pause)
[34.071s][info][gc,task        ] GC(23) Using 6 workers of 6 for evacuation
[34.073s][info][gc,phases      ] GC(23)   Pre Evacuate Collection Set: 0.1ms
[34.073s][info][gc,phases      ] GC(23)   Merge Heap Roots: 0.1ms
[34.073s][info][gc,phases      ] GC(23)   Evacuate Collection Set: 0.2ms
[34.073s][info][gc,phases      ] GC(23)   Post Evacuate Collection Set: 1.0ms
[34.073s][info][gc,phases      ] GC(23)   Other: 0.1ms
[34.073s][info][gc,heap        ] GC(23) Eden regions: 1228->0(1227)
[34.073s][info][gc,heap        ] GC(23) Survivor regions: 0->1(154)
[34.073s][info][gc,heap        ] GC(23) Old regions: 6->6
[34.073s][info][gc,heap        ] GC(23) Archive regions: 0->0
[34.073s][info][gc,heap        ] GC(23) Humongous regions: 4->4
[34.073s][info][gc,metaspace   ] GC(23) Metaspace: 8881K(9728K)->8881K(9728K) NonClass: 8009K(8512K)->8009K(8512K) Class: 872K(1216K)->872K(1216K)
[34.073s][info][gc             ] GC(23) Pause Young (Normal) (G1 Evacuation Pause) 4931M->20M(8192M) 1.696ms
[34.073s][info][gc,cpu         ] GC(23) User=0.00s Sys=0.00s Real=0.00s
[35.402s][info][gc,start       ] GC(24) Pause Young (Normal) (G1 Evacuation Pause)
[35.402s][info][gc,task        ] GC(24) Using 6 workers of 6 for evacuation
[35.404s][info][gc,phases      ] GC(24)   Pre Evacuate Collection Set: 0.1ms
[35.404s][info][gc,phases      ] GC(24)   Merge Heap Roots: 0.2ms
[35.404s][info][gc,phases      ] GC(24)   Evacuate Collection Set: 0.3ms
[35.404s][info][gc,phases      ] GC(24)   Post Evacuate Collection Set: 1.0ms
[35.404s][info][gc,phases      ] GC(24)   Other: 0.2ms
[35.404s][info][gc,heap        ] GC(24) Eden regions: 1227->0(1227)
[35.404s][info][gc,heap        ] GC(24) Survivor regions: 1->1(154)
[35.404s][info][gc,heap        ] GC(24) Old regions: 6->6
[35.404s][info][gc,heap        ] GC(24) Archive regions: 0->0
[35.404s][info][gc,heap        ] GC(24) Humongous regions: 4->4
[35.404s][info][gc,metaspace   ] GC(24) Metaspace: 8881K(9728K)->8881K(9728K) NonClass: 8009K(8512K)->8009K(8512K) Class: 872K(1216K)->872K(1216K)
[35.404s][info][gc             ] GC(24) Pause Young (Normal) (G1 Evacuation Pause) 4928M->20M(8192M) 1.958ms
[35.404s][info][gc,cpu         ] GC(24) User=0.00s Sys=0.00s Real=0.00s
[36.763s][info][gc,start       ] GC(25) Pause Young (Normal) (G1 Evacuation Pause)
[36.763s][info][gc,task        ] GC(25) Using 6 workers of 6 for evacuation
[36.765s][info][gc,phases      ] GC(25)   Pre Evacuate Collection Set: 0.1ms
[36.765s][info][gc,phases      ] GC(25)   Merge Heap Roots: 0.1ms
[36.765s][info][gc,phases      ] GC(25)   Evacuate Collection Set: 0.3ms
[36.765s][info][gc,phases      ] GC(25)   Post Evacuate Collection Set: 1.0ms
[36.765s][info][gc,phases      ] GC(25)   Other: 0.2ms
[36.765s][info][gc,heap        ] GC(25) Eden regions: 1227->0(1227)
[36.765s][info][gc,heap        ] GC(25) Survivor regions: 1->1(154)
[36.765s][info][gc,heap        ] GC(25) Old regions: 6->6
[36.765s][info][gc,heap        ] GC(25) Archive regions: 0->0
[36.765s][info][gc,heap        ] GC(25) Humongous regions: 4->4
[36.765s][info][gc,metaspace   ] GC(25) Metaspace: 8881K(9728K)->8881K(9728K) NonClass: 8009K(8512K)->8009K(8512K) Class: 872K(1216K)->872K(1216K)
[36.765s][info][gc             ] GC(25) Pause Young (Normal) (G1 Evacuation Pause) 4928M->20M(8192M) 1.831ms
[36.765s][info][gc,cpu         ] GC(25) User=0.00s Sys=0.00s Real=0.00s
[38.116s][info][gc,start       ] GC(26) Pause Young (Normal) (G1 Evacuation Pause)
[38.116s][info][gc,task        ] GC(26) Using 6 workers of 6 for evacuation
[38.118s][info][gc,phases      ] GC(26)   Pre Evacuate Collection Set: 0.1ms
[38.118s][info][gc,phases      ] GC(26)   Merge Heap Roots: 0.1ms
[38.118s][info][gc,phases      ] GC(26)   Evacuate Collection Set: 0.3ms
[38.118s][info][gc,phases      ] GC(26)   Post Evacuate Collection Set: 1.0ms
[38.118s][info][gc,phases      ] GC(26)   Other: 0.2ms
[38.118s][info][gc,heap        ] GC(26) Eden regions: 1227->0(1227)
[38.118s][info][gc,heap        ] GC(26) Survivor regions: 1->1(154)
[38.118s][info][gc,heap        ] GC(26) Old regions: 6->6
[38.118s][info][gc,heap        ] GC(26) Archive regions: 0->0
[38.118s][info][gc,heap        ] GC(26) Humongous regions: 4->4
[38.118s][info][gc,metaspace   ] GC(26) Metaspace: 8881K(9728K)->8881K(9728K) NonClass: 8009K(8512K)->8009K(8512K) Class: 872K(1216K)->872K(1216K)
[38.118s][info][gc             ] GC(26) Pause Young (Normal) (G1 Evacuation Pause) 4928M->20M(8192M) 1.912ms
[38.118s][info][gc,cpu         ] GC(26) User=0.00s Sys=0.00s Real=0.00s
[39.353s][info][gc,start       ] GC(27) Pause Full (System.gc())
[39.353s][info][gc,task        ] GC(27) Using 6 workers of 6 for full compaction
[39.353s][info][gc,phases,start] GC(27) Phase 1: Mark live objects
[39.356s][info][gc,phases      ] GC(27) Phase 1: Mark live objects 2.984ms
[39.356s][info][gc,phases,start] GC(27) Phase 2: Prepare for compaction
[39.362s][info][gc,phases      ] GC(27) Phase 2: Prepare for compaction 5.964ms
[39.362s][info][gc,phases,start] GC(27) Phase 3: Adjust pointers
[39.366s][info][gc,phases      ] GC(27) Phase 3: Adjust pointers 3.586ms
[39.366s][info][gc,phases,start] GC(27) Phase 4: Compact heap
[39.368s][info][gc,phases      ] GC(27) Phase 4: Compact heap 2.451ms
[39.384s][info][gc,heap        ] GC(27) Eden regions: 956->0(1228)
[39.384s][info][gc,heap        ] GC(27) Survivor regions: 1->0(154)
[39.384s][info][gc,heap        ] GC(27) Old regions: 6->5
[39.384s][info][gc,heap        ] GC(27) Archive regions: 0->0
[39.384s][info][gc,heap        ] GC(27) Humongous regions: 7->2
[39.384s][info][gc,metaspace   ] GC(27) Metaspace: 8881K(9728K)->8881K(9728K) NonClass: 8009K(8512K)->8009K(8512K) Class: 872K(1216K)->872K(1216K)
[39.384s][info][gc             ] GC(27) Pause Full (System.gc()) 3852M->11M(8192M) 30.809ms
[39.384s][info][gc,cpu         ] GC(27) User=0.19s Sys=0.00s Real=0.04s
[40.712s][info][gc,start       ] GC(28) Pause Young (Normal) (G1 Evacuation Pause)
[40.712s][info][gc,task        ] GC(28) Using 6 workers of 6 for evacuation
[40.714s][info][gc,phases      ] GC(28)   Pre Evacuate Collection Set: 0.1ms
[40.714s][info][gc,phases      ] GC(28)   Merge Heap Roots: 0.1ms
[40.714s][info][gc,phases      ] GC(28)   Evacuate Collection Set: 0.3ms
[40.714s][info][gc,phases      ] GC(28)   Post Evacuate Collection Set: 1.0ms
[40.714s][info][gc,phases      ] GC(28)   Other: 0.2ms
[40.714s][info][gc,heap        ] GC(28) Eden regions: 1228->0(1227)
[40.714s][info][gc,heap        ] GC(28) Survivor regions: 0->1(154)
[40.714s][info][gc,heap        ] GC(28) Old regions: 5->5
[40.714s][info][gc,heap        ] GC(28) Archive regions: 0->0
[40.714s][info][gc,heap        ] GC(28) Humongous regions: 4->4
[40.714s][info][gc,metaspace   ] GC(28) Metaspace: 8881K(9728K)->8881K(9728K) NonClass: 8009K(8512K)->8009K(8512K) Class: 872K(1216K)->872K(1216K)
[40.714s][info][gc             ] GC(28) Pause Young (Normal) (G1 Evacuation Pause) 4931M->20M(8192M) 1.778ms
[40.714s][info][gc,cpu         ] GC(28) User=0.00s Sys=0.00s Real=0.00s
[42.047s][info][gc,start       ] GC(29) Pause Young (Normal) (G1 Evacuation Pause)
[42.047s][info][gc,task        ] GC(29) Using 6 workers of 6 for evacuation
[42.049s][info][gc,phases      ] GC(29)   Pre Evacuate Collection Set: 0.1ms
[42.049s][info][gc,phases      ] GC(29)   Merge Heap Roots: 0.1ms
[42.049s][info][gc,phases      ] GC(29)   Evacuate Collection Set: 0.3ms
[42.049s][info][gc,phases      ] GC(29)   Post Evacuate Collection Set: 1.0ms
[42.049s][info][gc,phases      ] GC(29)   Other: 0.2ms
[42.049s][info][gc,heap        ] GC(29) Eden regions: 1227->0(1227)
[42.049s][info][gc,heap        ] GC(29) Survivor regions: 1->1(154)
[42.049s][info][gc,heap        ] GC(29) Old regions: 5->5
[42.049s][info][gc,heap        ] GC(29) Archive regions: 0->0
[42.049s][info][gc,heap        ] GC(29) Humongous regions: 4->4
[42.049s][info][gc,metaspace   ] GC(29) Metaspace: 8881K(9728K)->8881K(9728K) NonClass: 8009K(8512K)->8009K(8512K) Class: 872K(1216K)->872K(1216K)
[42.049s][info][gc             ] GC(29) Pause Young (Normal) (G1 Evacuation Pause) 4928M->20M(8192M) 1.881ms
[42.049s][info][gc,cpu         ] GC(29) User=0.00s Sys=0.00s Real=0.00s
[43.382s][info][gc,start       ] GC(30) Pause Young (Normal) (G1 Evacuation Pause)
[43.382s][info][gc,task        ] GC(30) Using 6 workers of 6 for evacuation
[43.384s][info][gc,phases      ] GC(30)   Pre Evacuate Collection Set: 0.1ms
[43.384s][info][gc,phases      ] GC(30)   Merge Heap Roots: 0.1ms
[43.384s][info][gc,phases      ] GC(30)   Evacuate Collection Set: 0.3ms
[43.384s][info][gc,phases      ] GC(30)   Post Evacuate Collection Set: 1.0ms
[43.384s][info][gc,phases      ] GC(30)   Other: 0.2ms
[43.384s][info][gc,heap        ] GC(30) Eden regions: 1227->0(1227)
[43.384s][info][gc,heap        ] GC(30) Survivor regions: 1->1(154)
[43.384s][info][gc,heap        ] GC(30) Old regions: 5->5
[43.384s][info][gc,heap        ] GC(30) Archive regions: 0->0
[43.384s][info][gc,heap        ] GC(30) Humongous regions: 4->4
[43.384s][info][gc,metaspace   ] GC(30) Metaspace: 8881K(9728K)->8881K(9728K) NonClass: 8009K(8512K)->8009K(8512K) Class: 872K(1216K)->872K(1216K)
[43.384s][info][gc             ] GC(30) Pause Young (Normal) (G1 Evacuation Pause) 4928M->20M(8192M) 1.803ms
[43.384s][info][gc,cpu         ] GC(30) User=0.00s Sys=0.00s Real=0.00s
[44.721s][info][gc,start       ] GC(31) Pause Young (Normal) (G1 Evacuation Pause)
[44.721s][info][gc,task        ] GC(31) Using 6 workers of 6 for evacuation
[44.723s][info][gc,phases      ] GC(31)   Pre Evacuate Collection Set: 0.1ms
[44.723s][info][gc,phases      ] GC(31)   Merge Heap Roots: 0.1ms
[44.723s][info][gc,phases      ] GC(31)   Evacuate Collection Set: 0.3ms
[44.723s][info][gc,phases      ] GC(31)   Post Evacuate Collection Set: 1.0ms
[44.723s][info][gc,phases      ] GC(31)   Other: 0.2ms
[44.723s][info][gc,heap        ] GC(31) Eden regions: 1227->0(1227)
[44.723s][info][gc,heap        ] GC(31) Survivor regions: 1->1(154)
[44.723s][info][gc,heap        ] GC(31) Old regions: 5->5
[44.723s][info][gc,heap        ] GC(31) Archive regions: 0->0
[44.723s][info][gc,heap        ] GC(31) Humongous regions: 4->4
[44.723s][info][gc,metaspace   ] GC(31) Metaspace: 8881K(9728K)->8881K(9728K) NonClass: 8009K(8512K)->8009K(8512K) Class: 872K(1216K)->872K(1216K)
[44.723s][info][gc             ] GC(31) Pause Young (Normal) (G1 Evacuation Pause) 4928M->20M(8192M) 1.778ms
[44.723s][info][gc,cpu         ] GC(31) User=0.00s Sys=0.00s Real=0.00s
[45.999s][info][gc,start       ] GC(32) Pause Full (System.gc())
[46.000s][info][gc,task        ] GC(32) Using 6 workers of 6 for full compaction
[46.000s][info][gc,phases,start] GC(32) Phase 1: Mark live objects
[46.002s][info][gc,phases      ] GC(32) Phase 1: Mark live objects 2.311ms
[46.002s][info][gc,phases,start] GC(32) Phase 2: Prepare for compaction
[46.008s][info][gc,phases      ] GC(32) Phase 2: Prepare for compaction 5.739ms
[46.008s][info][gc,phases,start] GC(32) Phase 3: Adjust pointers
[46.011s][info][gc,phases      ] GC(32) Phase 3: Adjust pointers 3.479ms
[46.011s][info][gc,phases,start] GC(32) Phase 4: Compact heap
[46.014s][info][gc,phases      ] GC(32) Phase 4: Compact heap 2.364ms
[46.030s][info][gc,heap        ] GC(32) Eden regions: 955->0(1228)
[46.030s][info][gc,heap        ] GC(32) Survivor regions: 1->0(154)
[46.030s][info][gc,heap        ] GC(32) Old regions: 5->6
[46.030s][info][gc,heap        ] GC(32) Archive regions: 0->0
[46.030s][info][gc,heap        ] GC(32) Humongous regions: 7->2
[46.030s][info][gc,metaspace   ] GC(32) Metaspace: 8881K(9728K)->8881K(9728K) NonClass: 8009K(8512K)->8009K(8512K) Class: 872K(1216K)->872K(1216K)
[46.030s][info][gc             ] GC(32) Pause Full (System.gc()) 3848M->11M(8192M) 30.354ms
[46.030s][info][gc,cpu         ] GC(32) User=0.17s Sys=0.00s Real=0.03s
[47.354s][info][gc,start       ] GC(33) Pause Young (Normal) (G1 Evacuation Pause)
[47.354s][info][gc,task        ] GC(33) Using 6 workers of 6 for evacuation
[47.355s][info][gc,phases      ] GC(33)   Pre Evacuate Collection Set: 0.1ms
[47.355s][info][gc,phases      ] GC(33)   Merge Heap Roots: 0.1ms
[47.355s][info][gc,phases      ] GC(33)   Evacuate Collection Set: 0.3ms
[47.355s][info][gc,phases      ] GC(33)   Post Evacuate Collection Set: 1.0ms
[47.355s][info][gc,phases      ] GC(33)   Other: 0.2ms
[47.355s][info][gc,heap        ] GC(33) Eden regions: 1228->0(1227)
[47.355s][info][gc,heap        ] GC(33) Survivor regions: 0->1(154)
[47.355s][info][gc,heap        ] GC(33) Old regions: 6->6
[47.355s][info][gc,heap        ] GC(33) Archive regions: 0->0
[47.355s][info][gc,heap        ] GC(33) Humongous regions: 4->4
[47.355s][info][gc,metaspace   ] GC(33) Metaspace: 8881K(9728K)->8881K(9728K) NonClass: 8009K(8512K)->8009K(8512K) Class: 872K(1216K)->872K(1216K)
[47.356s][info][gc             ] GC(33) Pause Young (Normal) (G1 Evacuation Pause) 4931M->20M(8192M) 1.781ms
[47.356s][info][gc,cpu         ] GC(33) User=0.00s Sys=0.00s Real=0.00s
[48.685s][info][gc,start       ] GC(34) Pause Young (Normal) (G1 Evacuation Pause)
[48.685s][info][gc,task        ] GC(34) Using 6 workers of 6 for evacuation
[48.686s][info][gc,phases      ] GC(34)   Pre Evacuate Collection Set: 0.1ms
[48.686s][info][gc,phases      ] GC(34)   Merge Heap Roots: 0.1ms
[48.686s][info][gc,phases      ] GC(34)   Evacuate Collection Set: 0.3ms
[48.686s][info][gc,phases      ] GC(34)   Post Evacuate Collection Set: 1.0ms
[48.686s][info][gc,phases      ] GC(34)   Other: 0.2ms
[48.686s][info][gc,heap        ] GC(34) Eden regions: 1227->0(1227)
[48.686s][info][gc,heap        ] GC(34) Survivor regions: 1->1(154)
[48.686s][info][gc,heap        ] GC(34) Old regions: 6->6
[48.686s][info][gc,heap        ] GC(34) Archive regions: 0->0
[48.686s][info][gc,heap        ] GC(34) Humongous regions: 4->4
[48.686s][info][gc,metaspace   ] GC(34) Metaspace: 8881K(9728K)->8881K(9728K) NonClass: 8009K(8512K)->8009K(8512K) Class: 872K(1216K)->872K(1216K)
[48.686s][info][gc             ] GC(34) Pause Young (Normal) (G1 Evacuation Pause) 4928M->20M(8192M) 1.772ms
[48.687s][info][gc,cpu         ] GC(34) User=0.00s Sys=0.00s Real=0.00s
[50.032s][info][gc,start       ] GC(35) Pause Young (Normal) (G1 Evacuation Pause)
[50.032s][info][gc,task        ] GC(35) Using 6 workers of 6 for evacuation
[50.033s][info][gc,phases      ] GC(35)   Pre Evacuate Collection Set: 0.1ms
[50.033s][info][gc,phases      ] GC(35)   Merge Heap Roots: 0.1ms
[50.033s][info][gc,phases      ] GC(35)   Evacuate Collection Set: 0.3ms
[50.033s][info][gc,phases      ] GC(35)   Post Evacuate Collection Set: 1.0ms
[50.033s][info][gc,phases      ] GC(35)   Other: 0.2ms
[50.033s][info][gc,heap        ] GC(35) Eden regions: 1227->0(1227)
[50.033s][info][gc,heap        ] GC(35) Survivor regions: 1->1(154)
[50.033s][info][gc,heap        ] GC(35) Old regions: 6->6
[50.033s][info][gc,heap        ] GC(35) Archive regions: 0->0
[50.033s][info][gc,heap        ] GC(35) Humongous regions: 4->4
[50.033s][info][gc,metaspace   ] GC(35) Metaspace: 8881K(9728K)->8881K(9728K) NonClass: 8009K(8512K)->8009K(8512K) Class: 872K(1216K)->872K(1216K)
[50.033s][info][gc             ] GC(35) Pause Young (Normal) (G1 Evacuation Pause) 4928M->20M(8192M) 1.847ms
[50.034s][info][gc,cpu         ] GC(35) User=0.00s Sys=0.00s Real=0.00s
[51.376s][info][gc,start       ] GC(36) Pause Young (Normal) (G1 Evacuation Pause)
[51.376s][info][gc,task        ] GC(36) Using 6 workers of 6 for evacuation
[51.378s][info][gc,phases      ] GC(36)   Pre Evacuate Collection Set: 0.1ms
[51.378s][info][gc,phases      ] GC(36)   Merge Heap Roots: 0.2ms
[51.378s][info][gc,phases      ] GC(36)   Evacuate Collection Set: 0.3ms
[51.378s][info][gc,phases      ] GC(36)   Post Evacuate Collection Set: 1.0ms
[51.378s][info][gc,phases      ] GC(36)   Other: 0.2ms
[51.378s][info][gc,heap        ] GC(36) Eden regions: 1227->0(1227)
[51.378s][info][gc,heap        ] GC(36) Survivor regions: 1->1(154)
[51.378s][info][gc,heap        ] GC(36) Old regions: 6->6
[51.378s][info][gc,heap        ] GC(36) Archive regions: 0->0
[51.378s][info][gc,heap        ] GC(36) Humongous regions: 4->4
[51.378s][info][gc,metaspace   ] GC(36) Metaspace: 8881K(9728K)->8881K(9728K) NonClass: 8009K(8512K)->8009K(8512K) Class: 872K(1216K)->872K(1216K)
[51.378s][info][gc             ] GC(36) Pause Young (Normal) (G1 Evacuation Pause) 4928M->20M(8192M) 1.908ms
[51.378s][info][gc,cpu         ] GC(36) User=0.00s Sys=0.00s Real=0.00s
[52.628s][info][gc,start       ] GC(37) Pause Full (System.gc())
[52.628s][info][gc,task        ] GC(37) Using 6 workers of 6 for full compaction
[52.628s][info][gc,phases,start] GC(37) Phase 1: Mark live objects
[52.630s][info][gc,phases      ] GC(37) Phase 1: Mark live objects 2.244ms
[52.630s][info][gc,phases,start] GC(37) Phase 2: Prepare for compaction
[52.636s][info][gc,phases      ] GC(37) Phase 2: Prepare for compaction 5.882ms
[52.636s][info][gc,phases,start] GC(37) Phase 3: Adjust pointers
[52.640s][info][gc,phases      ] GC(37) Phase 3: Adjust pointers 3.477ms
[52.640s][info][gc,phases,start] GC(37) Phase 4: Compact heap
[52.642s][info][gc,phases      ] GC(37) Phase 4: Compact heap 2.383ms
[52.658s][info][gc,heap        ] GC(37) Eden regions: 956->0(1228)
[52.658s][info][gc,heap        ] GC(37) Survivor regions: 1->0(154)
[52.658s][info][gc,heap        ] GC(37) Old regions: 6->5
[52.658s][info][gc,heap        ] GC(37) Archive regions: 0->0
[52.658s][info][gc,heap        ] GC(37) Humongous regions: 7->2
[52.658s][info][gc,metaspace   ] GC(37) Metaspace: 8881K(9728K)->8881K(9728K) NonClass: 8009K(8512K)->8009K(8512K) Class: 872K(1216K)->872K(1216K)
[52.658s][info][gc             ] GC(37) Pause Full (System.gc()) 3852M->11M(8192M) 30.434ms
[52.658s][info][gc,cpu         ] GC(37) User=0.11s Sys=0.00s Real=0.03s
[53.999s][info][gc,start       ] GC(38) Pause Young (Normal) (G1 Evacuation Pause)
[53.999s][info][gc,task        ] GC(38) Using 6 workers of 6 for evacuation
[54.001s][info][gc,phases      ] GC(38)   Pre Evacuate Collection Set: 0.1ms
[54.001s][info][gc,phases      ] GC(38)   Merge Heap Roots: 0.1ms
[54.001s][info][gc,phases      ] GC(38)   Evacuate Collection Set: 0.3ms
[54.001s][info][gc,phases      ] GC(38)   Post Evacuate Collection Set: 1.0ms
[54.001s][info][gc,phases      ] GC(38)   Other: 0.2ms
[54.001s][info][gc,heap        ] GC(38) Eden regions: 1228->0(1227)
[54.001s][info][gc,heap        ] GC(38) Survivor regions: 0->1(154)
[54.001s][info][gc,heap        ] GC(38) Old regions: 5->5
[54.001s][info][gc,heap        ] GC(38) Archive regions: 0->0
[54.001s][info][gc,heap        ] GC(38) Humongous regions: 4->4
[54.001s][info][gc,metaspace   ] GC(38) Metaspace: 8881K(9728K)->8881K(9728K) NonClass: 8009K(8512K)->8009K(8512K) Class: 872K(1216K)->872K(1216K)
[54.001s][info][gc             ] GC(38) Pause Young (Normal) (G1 Evacuation Pause) 4931M->20M(8192M) 1.842ms
[54.001s][info][gc,cpu         ] GC(38) User=0.09s Sys=0.00s Real=0.00s
[55.331s][info][gc,start       ] GC(39) Pause Young (Normal) (G1 Evacuation Pause)
[55.331s][info][gc,task        ] GC(39) Using 6 workers of 6 for evacuation
[55.332s][info][gc,phases      ] GC(39)   Pre Evacuate Collection Set: 0.1ms
[55.332s][info][gc,phases      ] GC(39)   Merge Heap Roots: 0.1ms
[55.332s][info][gc,phases      ] GC(39)   Evacuate Collection Set: 0.3ms
[55.332s][info][gc,phases      ] GC(39)   Post Evacuate Collection Set: 1.0ms
[55.332s][info][gc,phases      ] GC(39)   Other: 0.2ms
[55.332s][info][gc,heap        ] GC(39) Eden regions: 1227->0(1227)
[55.332s][info][gc,heap        ] GC(39) Survivor regions: 1->1(154)
[55.332s][info][gc,heap        ] GC(39) Old regions: 5->5
[55.332s][info][gc,heap        ] GC(39) Archive regions: 0->0
[55.332s][info][gc,heap        ] GC(39) Humongous regions: 4->4
[55.332s][info][gc,metaspace   ] GC(39) Metaspace: 8881K(9728K)->8881K(9728K) NonClass: 8009K(8512K)->8009K(8512K) Class: 872K(1216K)->872K(1216K)
[55.332s][info][gc             ] GC(39) Pause Young (Normal) (G1 Evacuation Pause) 4928M->20M(8192M) 1.861ms
[55.332s][info][gc,cpu         ] GC(39) User=0.00s Sys=0.00s Real=0.00s
[56.679s][info][gc,start       ] GC(40) Pause Young (Normal) (G1 Evacuation Pause)
[56.679s][info][gc,task        ] GC(40) Using 6 workers of 6 for evacuation
[56.681s][info][gc,phases      ] GC(40)   Pre Evacuate Collection Set: 0.1ms
[56.681s][info][gc,phases      ] GC(40)   Merge Heap Roots: 0.2ms
[56.681s][info][gc,phases      ] GC(40)   Evacuate Collection Set: 0.4ms
[56.681s][info][gc,phases      ] GC(40)   Post Evacuate Collection Set: 1.0ms
[56.681s][info][gc,phases      ] GC(40)   Other: 0.2ms
[56.681s][info][gc,heap        ] GC(40) Eden regions: 1227->0(1227)
[56.681s][info][gc,heap        ] GC(40) Survivor regions: 1->1(154)
[56.681s][info][gc,heap        ] GC(40) Old regions: 5->5
[56.681s][info][gc,heap        ] GC(40) Archive regions: 0->0
[56.681s][info][gc,heap        ] GC(40) Humongous regions: 4->4
[56.681s][info][gc,metaspace   ] GC(40) Metaspace: 8881K(9728K)->8881K(9728K) NonClass: 8009K(8512K)->8009K(8512K) Class: 872K(1216K)->872K(1216K)
[56.681s][info][gc             ] GC(40) Pause Young (Normal) (G1 Evacuation Pause) 4928M->20M(8192M) 1.959ms
[56.681s][info][gc,cpu         ] GC(40) User=0.00s Sys=0.00s Real=0.00s
[58.103s][info][gc,start       ] GC(41) Pause Young (Normal) (G1 Evacuation Pause)
[58.103s][info][gc,task        ] GC(41) Using 6 workers of 6 for evacuation
[58.104s][info][gc,phases      ] GC(41)   Pre Evacuate Collection Set: 0.1ms
[58.105s][info][gc,phases      ] GC(41)   Merge Heap Roots: 0.1ms
[58.105s][info][gc,phases      ] GC(41)   Evacuate Collection Set: 0.3ms
[58.105s][info][gc,phases      ] GC(41)   Post Evacuate Collection Set: 1.0ms
[58.105s][info][gc,phases      ] GC(41)   Other: 0.2ms
[58.105s][info][gc,heap        ] GC(41) Eden regions: 1227->0(1227)
[58.105s][info][gc,heap        ] GC(41) Survivor regions: 1->1(154)
[58.105s][info][gc,heap        ] GC(41) Old regions: 5->5
[58.105s][info][gc,heap        ] GC(41) Archive regions: 0->0
[58.105s][info][gc,heap        ] GC(41) Humongous regions: 4->4
[58.105s][info][gc,metaspace   ] GC(41) Metaspace: 8881K(9728K)->8881K(9728K) NonClass: 8009K(8512K)->8009K(8512K) Class: 872K(1216K)->872K(1216K)
[58.105s][info][gc             ] GC(41) Pause Young (Normal) (G1 Evacuation Pause) 4928M->20M(8192M) 1.764ms
[58.105s][info][gc,cpu         ] GC(41) User=0.00s Sys=0.00s Real=0.00s
[59.390s][info][gc,start       ] GC(42) Pause Full (System.gc())
[59.390s][info][gc,task        ] GC(42) Using 6 workers of 6 for full compaction
[59.390s][info][gc,phases,start] GC(42) Phase 1: Mark live objects
[59.392s][info][gc,phases      ] GC(42) Phase 1: Mark live objects 1.957ms
[59.392s][info][gc,phases,start] GC(42) Phase 2: Prepare for compaction
[59.398s][info][gc,phases      ] GC(42) Phase 2: Prepare for compaction 5.683ms
[59.398s][info][gc,phases,start] GC(42) Phase 3: Adjust pointers
[59.401s][info][gc,phases      ] GC(42) Phase 3: Adjust pointers 3.575ms
[59.401s][info][gc,phases,start] GC(42) Phase 4: Compact heap
[59.404s][info][gc,phases      ] GC(42) Phase 4: Compact heap 2.496ms
[59.420s][info][gc,heap        ] GC(42) Eden regions: 954->0(1228)
[59.420s][info][gc,heap        ] GC(42) Survivor regions: 1->0(154)
[59.420s][info][gc,heap        ] GC(42) Old regions: 5->5
[59.420s][info][gc,heap        ] GC(42) Archive regions: 0->0
[59.420s][info][gc,heap        ] GC(42) Humongous regions: 7->2
[59.420s][info][gc,metaspace   ] GC(42) Metaspace: 8881K(9728K)->8881K(9728K) NonClass: 8009K(8512K)->8009K(8512K) Class: 872K(1216K)->872K(1216K)
[59.420s][info][gc             ] GC(42) Pause Full (System.gc()) 3844M->11M(8192M) 30.446ms
[59.420s][info][gc,cpu         ] GC(42) User=0.17s Sys=0.00s Real=0.03s
[60.746s][info][gc,start       ] GC(43) Pause Young (Normal) (G1 Evacuation Pause)
[60.746s][info][gc,task        ] GC(43) Using 6 workers of 6 for evacuation
[60.748s][info][gc,phases      ] GC(43)   Pre Evacuate Collection Set: 0.1ms
[60.748s][info][gc,phases      ] GC(43)   Merge Heap Roots: 0.1ms
[60.748s][info][gc,phases      ] GC(43)   Evacuate Collection Set: 0.4ms
[60.748s][info][gc,phases      ] GC(43)   Post Evacuate Collection Set: 1.1ms
[60.748s][info][gc,phases      ] GC(43)   Other: 0.2ms
[60.748s][info][gc,heap        ] GC(43) Eden regions: 1228->0(1227)
[60.748s][info][gc,heap        ] GC(43) Survivor regions: 0->1(154)
[60.748s][info][gc,heap        ] GC(43) Old regions: 5->5
[60.748s][info][gc,heap        ] GC(43) Archive regions: 0->0
[60.748s][info][gc,heap        ] GC(43) Humongous regions: 4->4
[60.748s][info][gc,metaspace   ] GC(43) Metaspace: 8885K(9728K)->8885K(9728K) NonClass: 8013K(8512K)->8013K(8512K) Class: 872K(1216K)->872K(1216K)
[60.748s][info][gc             ] GC(43) Pause Young (Normal) (G1 Evacuation Pause) 4931M->20M(8192M) 2.046ms
[60.748s][info][gc,cpu         ] GC(43) User=0.00s Sys=0.00s Real=0.00s
[62.089s][info][gc,start       ] GC(44) Pause Young (Normal) (G1 Evacuation Pause)
[62.089s][info][gc,task        ] GC(44) Using 6 workers of 6 for evacuation
[62.091s][info][gc,phases      ] GC(44)   Pre Evacuate Collection Set: 0.1ms
[62.091s][info][gc,phases      ] GC(44)   Merge Heap Roots: 0.1ms
[62.091s][info][gc,phases      ] GC(44)   Evacuate Collection Set: 0.3ms
[62.091s][info][gc,phases      ] GC(44)   Post Evacuate Collection Set: 1.2ms
[62.091s][info][gc,phases      ] GC(44)   Other: 0.2ms
[62.091s][info][gc,heap        ] GC(44) Eden regions: 1227->0(1227)
[62.091s][info][gc,heap        ] GC(44) Survivor regions: 1->1(154)
[62.091s][info][gc,heap        ] GC(44) Old regions: 5->5
[62.091s][info][gc,heap        ] GC(44) Archive regions: 0->0
[62.091s][info][gc,heap        ] GC(44) Humongous regions: 4->4
[62.091s][info][gc,metaspace   ] GC(44) Metaspace: 8885K(9728K)->8885K(9728K) NonClass: 8013K(8512K)->8013K(8512K) Class: 872K(1216K)->872K(1216K)
[62.091s][info][gc             ] GC(44) Pause Young (Normal) (G1 Evacuation Pause) 4928M->20M(8192M) 2.027ms
[62.091s][info][gc,cpu         ] GC(44) User=0.00s Sys=0.00s Real=0.00s
[63.427s][info][gc,start       ] GC(45) Pause Young (Normal) (G1 Evacuation Pause)
[63.427s][info][gc,task        ] GC(45) Using 6 workers of 6 for evacuation
[63.429s][info][gc,phases      ] GC(45)   Pre Evacuate Collection Set: 0.1ms
[63.429s][info][gc,phases      ] GC(45)   Merge Heap Roots: 0.1ms
[63.429s][info][gc,phases      ] GC(45)   Evacuate Collection Set: 0.3ms
[63.429s][info][gc,phases      ] GC(45)   Post Evacuate Collection Set: 1.0ms
[63.429s][info][gc,phases      ] GC(45)   Other: 0.2ms
[63.429s][info][gc,heap        ] GC(45) Eden regions: 1227->0(1227)
[63.429s][info][gc,heap        ] GC(45) Survivor regions: 1->1(154)
[63.429s][info][gc,heap        ] GC(45) Old regions: 5->5
[63.429s][info][gc,heap        ] GC(45) Archive regions: 0->0
[63.429s][info][gc,heap        ] GC(45) Humongous regions: 4->4
[63.429s][info][gc,metaspace   ] GC(45) Metaspace: 8885K(9728K)->8885K(9728K) NonClass: 8013K(8512K)->8013K(8512K) Class: 872K(1216K)->872K(1216K)
[63.429s][info][gc             ] GC(45) Pause Young (Normal) (G1 Evacuation Pause) 4928M->20M(8192M) 1.791ms
[63.429s][info][gc,cpu         ] GC(45) User=0.00s Sys=0.00s Real=0.00s
[64.762s][info][gc,start       ] GC(46) Pause Young (Normal) (G1 Evacuation Pause)
[64.762s][info][gc,task        ] GC(46) Using 6 workers of 6 for evacuation
[64.764s][info][gc,phases      ] GC(46)   Pre Evacuate Collection Set: 0.1ms
[64.764s][info][gc,phases      ] GC(46)   Merge Heap Roots: 0.2ms
[64.764s][info][gc,phases      ] GC(46)   Evacuate Collection Set: 0.3ms
[64.764s][info][gc,phases      ] GC(46)   Post Evacuate Collection Set: 1.1ms
[64.764s][info][gc,phases      ] GC(46)   Other: 0.2ms
[64.764s][info][gc,heap        ] GC(46) Eden regions: 1227->0(1227)
[64.764s][info][gc,heap        ] GC(46) Survivor regions: 1->1(154)
[64.764s][info][gc,heap        ] GC(46) Old regions: 5->5
[64.764s][info][gc,heap        ] GC(46) Archive regions: 0->0
[64.764s][info][gc,heap        ] GC(46) Humongous regions: 4->4
[64.764s][info][gc,metaspace   ] GC(46) Metaspace: 8885K(9728K)->8885K(9728K) NonClass: 8013K(8512K)->8013K(8512K) Class: 872K(1216K)->872K(1216K)
[64.764s][info][gc             ] GC(46) Pause Young (Normal) (G1 Evacuation Pause) 4928M->20M(8192M) 2.104ms
[64.764s][info][gc,cpu         ] GC(46) User=0.00s Sys=0.00s Real=0.00s
[66.056s][info][gc,start       ] GC(47) Pause Full (System.gc())
[66.056s][info][gc,task        ] GC(47) Using 6 workers of 6 for full compaction
[66.056s][info][gc,phases,start] GC(47) Phase 1: Mark live objects
[66.058s][info][gc,phases      ] GC(47) Phase 1: Mark live objects 2.258ms
[66.058s][info][gc,phases,start] GC(47) Phase 2: Prepare for compaction
[66.064s][info][gc,phases      ] GC(47) Phase 2: Prepare for compaction 5.889ms
[66.064s][info][gc,phases,start] GC(47) Phase 3: Adjust pointers
[66.068s][info][gc,phases      ] GC(47) Phase 3: Adjust pointers 3.489ms
[66.068s][info][gc,phases,start] GC(47) Phase 4: Compact heap
[66.070s][info][gc,phases      ] GC(47) Phase 4: Compact heap 2.473ms
[66.086s][info][gc,heap        ] GC(47) Eden regions: 955->0(1228)
[66.086s][info][gc,heap        ] GC(47) Survivor regions: 1->0(154)
[66.086s][info][gc,heap        ] GC(47) Old regions: 5->5
[66.086s][info][gc,heap        ] GC(47) Archive regions: 0->0
[66.086s][info][gc,heap        ] GC(47) Humongous regions: 7->2
[66.086s][info][gc,metaspace   ] GC(47) Metaspace: 8886K(9728K)->8886K(9728K) NonClass: 8014K(8512K)->8014K(8512K) Class: 872K(1216K)->872K(1216K)
[66.086s][info][gc             ] GC(47) Pause Full (System.gc()) 3850M->11M(8192M) 30.471ms
[66.086s][info][gc,cpu         ] GC(47) User=0.19s Sys=0.00s Real=0.03s
[67.417s][info][gc,start       ] GC(48) Pause Young (Normal) (G1 Evacuation Pause)
[67.417s][info][gc,task        ] GC(48) Using 6 workers of 6 for evacuation
[67.419s][info][gc,phases      ] GC(48)   Pre Evacuate Collection Set: 0.1ms
[67.419s][info][gc,phases      ] GC(48)   Merge Heap Roots: 0.1ms
[67.419s][info][gc,phases      ] GC(48)   Evacuate Collection Set: 0.3ms
[67.419s][info][gc,phases      ] GC(48)   Post Evacuate Collection Set: 1.0ms
[67.419s][info][gc,phases      ] GC(48)   Other: 0.1ms
[67.419s][info][gc,heap        ] GC(48) Eden regions: 1228->0(1227)
[67.419s][info][gc,heap        ] GC(48) Survivor regions: 0->1(154)
[67.419s][info][gc,heap        ] GC(48) Old regions: 5->5
[67.419s][info][gc,heap        ] GC(48) Archive regions: 0->0
[67.419s][info][gc,heap        ] GC(48) Humongous regions: 4->4
[67.419s][info][gc,metaspace   ] GC(48) Metaspace: 8886K(9728K)->8886K(9728K) NonClass: 8014K(8512K)->8014K(8512K) Class: 872K(1216K)->872K(1216K)
[67.419s][info][gc             ] GC(48) Pause Young (Normal) (G1 Evacuation Pause) 4931M->20M(8192M) 1.842ms
[67.419s][info][gc,cpu         ] GC(48) User=0.00s Sys=0.00s Real=0.00s
[68.743s][info][gc,start       ] GC(49) Pause Young (Normal) (G1 Evacuation Pause)
[68.743s][info][gc,task        ] GC(49) Using 6 workers of 6 for evacuation
[68.745s][info][gc,phases      ] GC(49)   Pre Evacuate Collection Set: 0.2ms
[68.745s][info][gc,phases      ] GC(49)   Merge Heap Roots: 0.1ms
[68.745s][info][gc,phases      ] GC(49)   Evacuate Collection Set: 0.3ms
[68.745s][info][gc,phases      ] GC(49)   Post Evacuate Collection Set: 1.2ms
[68.745s][info][gc,phases      ] GC(49)   Other: 0.2ms
[68.745s][info][gc,heap        ] GC(49) Eden regions: 1227->0(1227)
[68.745s][info][gc,heap        ] GC(49) Survivor regions: 1->1(154)
[68.745s][info][gc,heap        ] GC(49) Old regions: 5->5
[68.745s][info][gc,heap        ] GC(49) Archive regions: 0->0
[68.745s][info][gc,heap        ] GC(49) Humongous regions: 4->4
[68.745s][info][gc,metaspace   ] GC(49) Metaspace: 8886K(9728K)->8886K(9728K) NonClass: 8014K(8512K)->8014K(8512K) Class: 872K(1216K)->872K(1216K)
[68.745s][info][gc             ] GC(49) Pause Young (Normal) (G1 Evacuation Pause) 4928M->20M(8192M) 2.223ms
[68.745s][info][gc,cpu         ] GC(49) User=0.00s Sys=0.00s Real=0.00s
[70.093s][info][gc,start       ] GC(50) Pause Young (Normal) (G1 Evacuation Pause)
[70.093s][info][gc,task        ] GC(50) Using 6 workers of 6 for evacuation
[70.095s][info][gc,phases      ] GC(50)   Pre Evacuate Collection Set: 0.1ms
[70.095s][info][gc,phases      ] GC(50)   Merge Heap Roots: 0.1ms
[70.095s][info][gc,phases      ] GC(50)   Evacuate Collection Set: 0.3ms
[70.095s][info][gc,phases      ] GC(50)   Post Evacuate Collection Set: 1.1ms
[70.095s][info][gc,phases      ] GC(50)   Other: 0.2ms
[70.095s][info][gc,heap        ] GC(50) Eden regions: 1227->0(1227)
[70.095s][info][gc,heap        ] GC(50) Survivor regions: 1->1(154)
[70.095s][info][gc,heap        ] GC(50) Old regions: 5->5
[70.095s][info][gc,heap        ] GC(50) Archive regions: 0->0
[70.095s][info][gc,heap        ] GC(50) Humongous regions: 4->4
[70.095s][info][gc,metaspace   ] GC(50) Metaspace: 8886K(9728K)->8886K(9728K) NonClass: 8014K(8512K)->8014K(8512K) Class: 872K(1216K)->872K(1216K)
[70.095s][info][gc             ] GC(50) Pause Young (Normal) (G1 Evacuation Pause) 4928M->20M(8192M) 1.982ms
[70.095s][info][gc,cpu         ] GC(50) User=0.09s Sys=0.00s Real=0.00s
[71.549s][info][gc,start       ] GC(51) Pause Young (Normal) (G1 Evacuation Pause)
[71.549s][info][gc,task        ] GC(51) Using 6 workers of 6 for evacuation
[71.551s][info][gc,phases      ] GC(51)   Pre Evacuate Collection Set: 0.1ms
[71.551s][info][gc,phases      ] GC(51)   Merge Heap Roots: 0.1ms
[71.551s][info][gc,phases      ] GC(51)   Evacuate Collection Set: 0.3ms
[71.551s][info][gc,phases      ] GC(51)   Post Evacuate Collection Set: 1.0ms
[71.551s][info][gc,phases      ] GC(51)   Other: 0.2ms
[71.551s][info][gc,heap        ] GC(51) Eden regions: 1227->0(1227)
[71.551s][info][gc,heap        ] GC(51) Survivor regions: 1->1(154)
[71.551s][info][gc,heap        ] GC(51) Old regions: 5->5
[71.551s][info][gc,heap        ] GC(51) Archive regions: 0->0
[71.551s][info][gc,heap        ] GC(51) Humongous regions: 4->4
[71.551s][info][gc,metaspace   ] GC(51) Metaspace: 8886K(9728K)->8886K(9728K) NonClass: 8014K(8512K)->8014K(8512K) Class: 872K(1216K)->872K(1216K)
[71.551s][info][gc             ] GC(51) Pause Young (Normal) (G1 Evacuation Pause) 4928M->20M(8192M) 1.859ms
[71.551s][info][gc,cpu         ] GC(51) User=0.00s Sys=0.00s Real=0.00s
[72.808s][info][gc,heap,exit   ] Heap
[72.808s][info][gc,heap,exit   ]  garbage-first heap   total 8388608K, used 3944928K [0x0000000600000000, 0x0000000800000000)
[72.808s][info][gc,heap,exit   ]   region size 4096K, 956 young (3915776K), 1 survivors (4096K)
[72.808s][info][gc,heap,exit   ]  Metaspace       used 8887K, committed 9728K, reserved 1114112K
[72.808s][info][gc,heap,exit   ]   class space    used 872K, committed 1216K, reserved 1048576K
