[0.013s][info][gc] Using Serial
[0.013s][info][gc,heap,coops] Heap address: 0x0000000080000000, size: 2048 MB, Compressed Oops mode: 32-bit
[7.430s][info][gc,start     ] GC(0) Pause Full (System.gc())
[7.430s][info][gc,phases,start] GC(0) Phase 1: Mark live objects
[7.434s][info][gc,phases      ] GC(0) Phase 1: Mark live objects 3.537ms
[7.434s][info][gc,phases,start] GC(0) Phase 2: Compute new object addresses
[7.435s][info][gc,phases      ] GC(0) Phase 2: Compute new object addresses 1.159ms
[7.435s][info][gc,phases,start] GC(0) Phase 3: Adjust pointers
[7.437s][info][gc,phases      ] GC(0) Phase 3: Adjust pointers 1.748ms
[7.442s][info][gc,phases,start] GC(0) Phase 4: Move objects
[7.443s][info][gc,phases      ] GC(0) Phase 4: Move objects 1.792ms
[7.444s][info][gc,heap        ] GC(0) DefNew: 44802K->0K(629120K)
[7.444s][info][gc,heap        ] GC(0) Tenured: 0K->3905K(1398144K)
[7.444s][info][gc,metaspace   ] GC(0) Metaspace: 10350K(10880K)->10350K(10880K) NonClass: 9403K(9728K)->9403K(9728K) Class: 947K(1152K)->947K(1152K)
[7.444s][info][gc             ] GC(0) Pause Full (System.gc()) 43M->3M(1979M) 13.765ms
[7.444s][info][gc,cpu         ] GC(0) User=0.00s Sys=0.00s Real=0.01s
[8.286s][info][gc,start       ] GC(1) Pause Young (Allocation Failure)
[8.334s][info][gc,heap        ] GC(1) DefNew: 559232K->33790K(629120K)
[8.335s][info][gc,heap        ] GC(1) Tenured: 3905K->134977K(1398144K)
[8.335s][info][gc,metaspace   ] GC(1) Metaspace: 14112K(14720K)->14112K(14720K) NonClass: 12737K(13056K)->12737K(13056K) Class: 1375K(1664K)->1375K(1664K)
[8.335s][info][gc             ] GC(1) Pause Young (Allocation Failure) 549M->164M(1979M) 48.828ms
[8.335s][info][gc,cpu         ] GC(1) User=0.05s Sys=0.00s Real=0.04s
[8.403s][info][gc,start       ] GC(2) Pause Young (Allocation Failure)
[8.423s][info][gc,heap        ] GC(2) DefNew: 593022K->33791K(629120K)
[8.423s][info][gc,heap        ] GC(2) Tenured: 134977K->134977K(1398144K)
[8.423s][info][gc,metaspace   ] GC(2) Metaspace: 14117K(14720K)->14117K(14720K) NonClass: 12742K(13056K)->12742K(13056K) Class: 1375K(1664K)->1375K(1664K)
[8.423s][info][gc             ] GC(2) Pause Young (Allocation Failure) 710M->164M(1979M) 19.747ms
[8.423s][info][gc,cpu         ] GC(2) User=0.02s Sys=0.00s Real=0.02s
[8.844s][info][gc,start       ] GC(3) Pause Young (Allocation Failure)
[8.858s][info][gc,heap        ] GC(3) DefNew: 593023K->31683K(629120K)
[8.858s][info][gc,heap        ] GC(3) Tenured: 134977K->134977K(1398144K)
[8.858s][info][gc,metaspace   ] GC(3) Metaspace: 14147K(14976K)->14147K(14976K) NonClass: 12771K(13312K)->12771K(13312K) Class: 1376K(1664K)->1376K(1664K)
[8.858s][info][gc             ] GC(3) Pause Young (Allocation Failure) 710M->162M(1979M) 14.297ms
[8.858s][info][gc,cpu         ] GC(3) User=0.02s Sys=0.00s Real=0.01s
[8.923s][info][gc,start       ] GC(4) Pause Young (Allocation Failure)
[8.936s][info][gc,heap        ] GC(4) DefNew: 590915K->31676K(629120K)
[8.936s][info][gc,heap        ] GC(4) Tenured: 134977K->134977K(1398144K)
[8.936s][info][gc,metaspace   ] GC(4) Metaspace: 14149K(14976K)->14149K(14976K) NonClass: 12772K(13312K)->12772K(13312K) Class: 1376K(1664K)->1376K(1664K)
[8.936s][info][gc             ] GC(4) Pause Young (Allocation Failure) 708M->162M(1979M) 13.279ms
[8.936s][info][gc,cpu         ] GC(4) User=0.02s Sys=0.00s Real=0.01s
[9.220s][info][gc,start       ] GC(5) Pause Young (Allocation Failure)
[9.234s][info][gc,heap        ] GC(5) DefNew: 590908K->33782K(629120K)
[9.234s][info][gc,heap        ] GC(5) Tenured: 134977K->134977K(1398144K)
[9.234s][info][gc,metaspace   ] GC(5) Metaspace: 14151K(14976K)->14151K(14976K) NonClass: 12775K(13312K)->12775K(13312K) Class: 1376K(1664K)->1376K(1664K)
[9.234s][info][gc             ] GC(5) Pause Young (Allocation Failure) 708M->164M(1979M) 14.372ms
[9.234s][info][gc,cpu         ] GC(5) User=0.02s Sys=0.00s Real=0.01s
[9.298s][info][gc,start       ] GC(6) Pause Young (Allocation Failure)
[9.312s][info][gc,heap        ] GC(6) DefNew: 593014K->33777K(629120K)
[9.312s][info][gc,heap        ] GC(6) Tenured: 134977K->134977K(1398144K)
[9.312s][info][gc,metaspace   ] GC(6) Metaspace: 14153K(14976K)->14153K(14976K) NonClass: 12777K(13312K)->12777K(13312K) Class: 1376K(1664K)->1376K(1664K)
[9.312s][info][gc             ] GC(6) Pause Young (Allocation Failure) 710M->164M(1979M) 14.026ms
[9.312s][info][gc,cpu         ] GC(6) User=0.02s Sys=0.00s Real=0.01s
[9.677s][info][gc,start       ] GC(7) Pause Young (Allocation Failure)
[9.691s][info][gc,heap        ] GC(7) DefNew: 593009K->31684K(629120K)
[9.691s][info][gc,heap        ] GC(7) Tenured: 134977K->134977K(1398144K)
[9.691s][info][gc,metaspace   ] GC(7) Metaspace: 14158K(14976K)->14158K(14976K) NonClass: 12782K(13312K)->12782K(13312K) Class: 1376K(1664K)->1376K(1664K)
[9.691s][info][gc             ] GC(7) Pause Young (Allocation Failure) 710M->162M(1979M) 14.239ms
[9.691s][info][gc,cpu         ] GC(7) User=0.02s Sys=0.00s Real=0.01s
[9.756s][info][gc,start       ] GC(8) Pause Young (Allocation Failure)
[9.770s][info][gc,heap        ] GC(8) DefNew: 590916K->31671K(629120K)
[9.770s][info][gc,heap        ] GC(8) Tenured: 134977K->134977K(1398144K)
[9.770s][info][gc,metaspace   ] GC(8) Metaspace: 14169K(14976K)->14169K(14976K) NonClass: 12793K(13312K)->12793K(13312K) Class: 1376K(1664K)->1376K(1664K)
[9.770s][info][gc             ] GC(8) Pause Young (Allocation Failure) 708M->162M(1979M) 14.010ms
[9.770s][info][gc,cpu         ] GC(8) User=0.02s Sys=0.00s Real=0.01s
[10.052s][info][gc,start       ] GC(9) Pause Young (Allocation Failure)
[10.067s][info][gc,heap        ] GC(9) DefNew: 590903K->33783K(629120K)
[10.067s][info][gc,heap        ] GC(9) Tenured: 134977K->134977K(1398144K)
[10.067s][info][gc,metaspace   ] GC(9) Metaspace: 14170K(14976K)->14170K(14976K) NonClass: 12794K(13312K)->12794K(13312K) Class: 1376K(1664K)->1376K(1664K)
[10.067s][info][gc             ] GC(9) Pause Young (Allocation Failure) 708M->164M(1979M) 14.479ms
[10.067s][info][gc,cpu         ] GC(9) User=0.02s Sys=0.00s Real=0.01s
[10.192s][info][gc,start       ] GC(10) Pause Young (Allocation Failure)
[10.206s][info][gc,heap        ] GC(10) DefNew: 593015K->33757K(629120K)
[10.206s][info][gc,heap        ] GC(10) Tenured: 134977K->134977K(1398144K)
[10.206s][info][gc,metaspace   ] GC(10) Metaspace: 14170K(14976K)->14170K(14976K) NonClass: 12794K(13312K)->12794K(13312K) Class: 1376K(1664K)->1376K(1664K)
[10.206s][info][gc             ] GC(10) Pause Young (Allocation Failure) 710M->164M(1979M) 13.850ms
[10.206s][info][gc,cpu         ] GC(10) User=0.02s Sys=0.00s Real=0.00s
[10.511s][info][gc,start       ] GC(11) Pause Young (Allocation Failure)
[10.525s][info][gc,heap        ] GC(11) DefNew: 592989K->31686K(629120K)
[10.526s][info][gc,heap        ] GC(11) Tenured: 134977K->134977K(1398144K)
[10.526s][info][gc,metaspace   ] GC(11) Metaspace: 14181K(14976K)->14181K(14976K) NonClass: 12804K(13312K)->12804K(13312K) Class: 1376K(1664K)->1376K(1664K)
[10.526s][info][gc             ] GC(11) Pause Young (Allocation Failure) 710M->162M(1979M) 14.220ms
[10.526s][info][gc,cpu         ] GC(11) User=0.02s Sys=0.00s Real=0.01s
[10.761s][info][gc,start       ] GC(12) Pause Young (Allocation Failure)
[10.777s][info][gc,heap        ] GC(12) DefNew: 590918K->22804K(629120K)
[10.777s][info][gc,heap        ] GC(12) Tenured: 134977K->134977K(1398144K)
[10.777s][info][gc,metaspace   ] GC(12) Metaspace: 14187K(14976K)->14187K(14976K) NonClass: 12811K(13312K)->12811K(13312K) Class: 1376K(1664K)->1376K(1664K)
[10.777s][info][gc             ] GC(12) Pause Young (Allocation Failure) 708M->154M(1979M) 15.552ms
[10.777s][info][gc,cpu         ] GC(12) User=0.02s Sys=0.00s Real=0.02s
[10.887s][info][gc,start       ] GC(13) Pause Young (Allocation Failure)
[10.901s][info][gc,heap        ] GC(13) DefNew: 582036K->33791K(629120K)
[10.901s][info][gc,heap        ] GC(13) Tenured: 134977K->134977K(1398144K)
[10.901s][info][gc,metaspace   ] GC(13) Metaspace: 14187K(14976K)->14187K(14976K) NonClass: 12811K(13312K)->12811K(13312K) Class: 1376K(1664K)->1376K(1664K)
[10.901s][info][gc             ] GC(13) Pause Young (Allocation Failure) 700M->164M(1979M) 13.776ms
[10.901s][info][gc,cpu         ] GC(13) User=0.02s Sys=0.00s Real=0.00s
[11.254s][info][gc,start       ] GC(14) Pause Young (Allocation Failure)
[11.268s][info][gc,heap        ] GC(14) DefNew: 593023K->31690K(629120K)
[11.268s][info][gc,heap        ] GC(14) Tenured: 134977K->134977K(1398144K)
[11.268s][info][gc,metaspace   ] GC(14) Metaspace: 14187K(14976K)->14187K(14976K) NonClass: 12811K(13312K)->12811K(13312K) Class: 1376K(1664K)->1376K(1664K)
[11.268s][info][gc             ] GC(14) Pause Young (Allocation Failure) 710M->162M(1979M) 14.015ms
[11.268s][info][gc,cpu         ] GC(14) User=0.00s Sys=0.00s Real=0.00s
[11.344s][info][gc,start       ] GC(15) Pause Young (Allocation Failure)
[11.358s][info][gc,heap        ] GC(15) DefNew: 590922K->31685K(629120K)
[11.358s][info][gc,heap        ] GC(15) Tenured: 134977K->134977K(1398144K)
[11.358s][info][gc,metaspace   ] GC(15) Metaspace: 14187K(14976K)->14187K(14976K) NonClass: 12811K(13312K)->12811K(13312K) Class: 1376K(1664K)->1376K(1664K)
[11.358s][info][gc             ] GC(15) Pause Young (Allocation Failure) 708M->162M(1979M) 13.420ms
[11.358s][info][gc,cpu         ] GC(15) User=0.02s Sys=0.00s Real=0.01s
[11.862s][info][gc,start       ] GC(16) Pause Young (Allocation Failure)
[11.877s][info][gc,heap        ] GC(16) DefNew: 590917K->32477K(629120K)
[11.877s][info][gc,heap        ] GC(16) Tenured: 134977K->136289K(1398144K)
[11.877s][info][gc,metaspace   ] GC(16) Metaspace: 14188K(14976K)->14188K(14976K) NonClass: 12812K(13312K)->12812K(13312K) Class: 1376K(1664K)->1376K(1664K)
[11.877s][info][gc             ] GC(16) Pause Young (Allocation Failure) 708M->164M(1979M) 14.848ms
[11.877s][info][gc,cpu         ] GC(16) User=0.00s Sys=0.00s Real=0.01s
[11.949s][info][gc,start       ] GC(17) Pause Young (Allocation Failure)
[11.961s][info][gc,heap        ] GC(17) DefNew: 591709K->32476K(629120K)
[11.961s][info][gc,heap        ] GC(17) Tenured: 136289K->136289K(1398144K)
[11.961s][info][gc,metaspace   ] GC(17) Metaspace: 14188K(14976K)->14188K(14976K) NonClass: 12812K(13312K)->12812K(13312K) Class: 1376K(1664K)->1376K(1664K)
[11.961s][info][gc             ] GC(17) Pause Young (Allocation Failure) 710M->164M(1979M) 12.163ms
[11.961s][info][gc,cpu         ] GC(17) User=0.02s Sys=0.00s Real=0.00s
[12.373s][info][gc,start       ] GC(18) Pause Young (Allocation Failure)
[12.385s][info][gc,heap        ] GC(18) DefNew: 591708K->32444K(629120K)
[12.385s][info][gc,heap        ] GC(18) Tenured: 136289K->136292K(1398144K)
[12.385s][info][gc,metaspace   ] GC(18) Metaspace: 14191K(14976K)->14191K(14976K) NonClass: 12815K(13312K)->12815K(13312K) Class: 1376K(1664K)->1376K(1664K)
[12.385s][info][gc             ] GC(18) Pause Young (Allocation Failure) 710M->164M(1979M) 12.629ms
[12.385s][info][gc,cpu         ] GC(18) User=0.02s Sys=0.00s Real=0.02s
[12.508s][info][gc,start       ] GC(19) Pause Young (Allocation Failure)
[12.520s][info][gc,heap        ] GC(19) DefNew: 591676K->30367K(629120K)
[12.521s][info][gc,heap        ] GC(19) Tenured: 136292K->136292K(1398144K)
[12.521s][info][gc,metaspace   ] GC(19) Metaspace: 14192K(14976K)->14192K(14976K) NonClass: 12816K(13312K)->12816K(13312K) Class: 1376K(1664K)->1376K(1664K)
[12.521s][info][gc             ] GC(19) Pause Young (Allocation Failure) 710M->162M(1979M) 12.618ms
[12.521s][info][gc,cpu         ] GC(19) User=0.02s Sys=0.00s Real=0.01s
[12.660s][info][gc,start       ] GC(20) Pause Young (Allocation Failure)
[12.672s][info][gc,heap        ] GC(20) DefNew: 589599K->30340K(629120K)
[12.672s][info][gc,heap        ] GC(20) Tenured: 136292K->136293K(1398144K)
[12.672s][info][gc,metaspace   ] GC(20) Metaspace: 14193K(14976K)->14193K(14976K) NonClass: 12817K(13312K)->12817K(13312K) Class: 1376K(1664K)->1376K(1664K)
[12.672s][info][gc             ] GC(20) Pause Young (Allocation Failure) 708M->162M(1979M) 12.024ms
[12.672s][info][gc,cpu         ] GC(20) User=0.00s Sys=0.00s Real=0.00s
[12.801s][info][gc,start       ] GC(21) Pause Full (System.gc())
[12.802s][info][gc,phases,start] GC(21) Phase 1: Mark live objects
[12.807s][info][gc,phases      ] GC(21) Phase 1: Mark live objects 4.987ms
[12.807s][info][gc,phases,start] GC(21) Phase 2: Compute new object addresses
[12.817s][info][gc,phases      ] GC(21) Phase 2: Compute new object addresses 10.519ms
[12.817s][info][gc,phases,start] GC(21) Phase 3: Adjust pointers
[12.820s][info][gc,phases      ] GC(21) Phase 3: Adjust pointers 2.576ms
[12.820s][info][gc,phases,start] GC(21) Phase 4: Move objects
[12.820s][info][gc,phases      ] GC(21) Phase 4: Move objects 0.246ms
[12.820s][info][gc,heap        ] GC(21) DefNew: 109734K->0K(629120K)
[12.820s][info][gc,heap        ] GC(21) Tenured: 136293K->4963K(1398144K)
[12.820s][info][gc,metaspace   ] GC(21) Metaspace: 14297K(14976K)->14297K(14976K) NonClass: 12911K(13312K)->12911K(13312K) Class: 1385K(1664K)->1385K(1664K)
[12.820s][info][gc             ] GC(21) Pause Full (System.gc()) 240M->4M(1979M) 18.830ms
[12.820s][info][gc,cpu         ] GC(21) User=0.02s Sys=0.00s Real=0.02s
[13.081s][info][gc,start       ] GC(22) Pause Young (Allocation Failure)
[13.106s][info][gc,heap        ] GC(22) DefNew: 559232K->32868K(629120K)
[13.106s][info][gc,heap        ] GC(22) Tenured: 4963K->136035K(1398144K)
[13.106s][info][gc,metaspace   ] GC(22) Metaspace: 14300K(14976K)->14300K(14976K) NonClass: 12915K(13312K)->12915K(13312K) Class: 1385K(1664K)->1385K(1664K)
[13.106s][info][gc             ] GC(22) Pause Young (Allocation Failure) 550M->164M(1979M) 25.236ms
[13.106s][info][gc,cpu         ] GC(22) User=0.02s Sys=0.00s Real=0.02s
[13.171s][info][gc,start       ] GC(23) Pause Young (Allocation Failure)
[13.183s][info][gc,heap        ] GC(23) DefNew: 592100K->32862K(629120K)
[13.183s][info][gc,heap        ] GC(23) Tenured: 136035K->136035K(1398144K)
[13.183s][info][gc,metaspace   ] GC(23) Metaspace: 14300K(14976K)->14300K(14976K) NonClass: 12915K(13312K)->12915K(13312K) Class: 1385K(1664K)->1385K(1664K)
[13.183s][info][gc             ] GC(23) Pause Young (Allocation Failure) 711M->164M(1979M) 12.013ms
[13.183s][info][gc,cpu         ] GC(23) User=0.02s Sys=0.00s Real=0.00s
[13.547s][info][gc,start       ] GC(24) Pause Young (Allocation Failure)
[13.560s][info][gc,heap        ] GC(24) DefNew: 592094K->30758K(629120K)
[13.560s][info][gc,heap        ] GC(24) Tenured: 136035K->136035K(1398144K)
[13.560s][info][gc,metaspace   ] GC(24) Metaspace: 14302K(14976K)->14302K(14976K) NonClass: 12917K(13312K)->12917K(13312K) Class: 1385K(1664K)->1385K(1664K)
[13.560s][info][gc             ] GC(24) Pause Young (Allocation Failure) 711M->162M(1979M) 12.694ms
[13.560s][info][gc,cpu         ] GC(24) User=0.02s Sys=0.00s Real=0.00s
[13.625s][info][gc,start       ] GC(25) Pause Young (Allocation Failure)
[13.637s][info][gc,heap        ] GC(25) DefNew: 589990K->30739K(629120K)
[13.637s][info][gc,heap        ] GC(25) Tenured: 136035K->136035K(1398144K)
[13.637s][info][gc,metaspace   ] GC(25) Metaspace: 14302K(14976K)->14302K(14976K) NonClass: 12917K(13312K)->12917K(13312K) Class: 1385K(1664K)->1385K(1664K)
[13.637s][info][gc             ] GC(25) Pause Young (Allocation Failure) 709M->162M(1979M) 11.914ms
[13.637s][info][gc,cpu         ] GC(25) User=0.02s Sys=0.00s Real=0.00s
[13.919s][info][gc,start       ] GC(26) Pause Young (Allocation Failure)
[13.933s][info][gc,heap        ] GC(26) DefNew: 589971K->32870K(629120K)
[13.933s][info][gc,heap        ] GC(26) Tenured: 136035K->136035K(1398144K)
[13.933s][info][gc,metaspace   ] GC(26) Metaspace: 14303K(14976K)->14303K(14976K) NonClass: 12918K(13312K)->12918K(13312K) Class: 1385K(1664K)->1385K(1664K)
[13.933s][info][gc             ] GC(26) Pause Young (Allocation Failure) 708M->164M(1979M) 13.370ms
[13.933s][info][gc,cpu         ] GC(26) User=0.02s Sys=0.00s Real=0.01s
[13.997s][info][gc,start       ] GC(27) Pause Young (Allocation Failure)
[14.009s][info][gc,heap        ] GC(27) DefNew: 592102K->32843K(629120K)
[14.009s][info][gc,heap        ] GC(27) Tenured: 136035K->136035K(1398144K)
[14.010s][info][gc,metaspace   ] GC(27) Metaspace: 14303K(14976K)->14303K(14976K) NonClass: 12918K(13312K)->12918K(13312K) Class: 1385K(1664K)->1385K(1664K)
[14.010s][info][gc             ] GC(27) Pause Young (Allocation Failure) 711M->164M(1979M) 12.184ms
[14.010s][info][gc,cpu         ] GC(27) User=0.02s Sys=0.00s Real=0.01s
[14.371s][info][gc,start       ] GC(28) Pause Young (Allocation Failure)
[14.384s][info][gc,heap        ] GC(28) DefNew: 592075K->30749K(629120K)
[14.384s][info][gc,heap        ] GC(28) Tenured: 136035K->136035K(1398144K)
[14.384s][info][gc,metaspace   ] GC(28) Metaspace: 14307K(14976K)->14307K(14976K) NonClass: 12922K(13312K)->12922K(13312K) Class: 1385K(1664K)->1385K(1664K)
[14.384s][info][gc             ] GC(28) Pause Young (Allocation Failure) 711M->162M(1979M) 12.544ms
[14.384s][info][gc,cpu         ] GC(28) User=0.02s Sys=0.00s Real=0.00s
[14.625s][info][gc,start       ] GC(29) Pause Young (Allocation Failure)
[14.633s][info][gc,heap        ] GC(29) DefNew: 589981K->12864K(629120K)
[14.633s][info][gc,heap        ] GC(29) Tenured: 136035K->136035K(1398144K)
[14.633s][info][gc,metaspace   ] GC(29) Metaspace: 14307K(14976K)->14307K(14976K) NonClass: 12922K(13312K)->12922K(13312K) Class: 1385K(1664K)->1385K(1664K)
[14.633s][info][gc             ] GC(29) Pause Young (Allocation Failure) 709M->145M(1979M) 8.314ms
[14.633s][info][gc,cpu         ] GC(29) User=0.02s Sys=0.00s Real=0.00s
[14.739s][info][gc,start       ] GC(30) Pause Young (Allocation Failure)
[14.752s][info][gc,heap        ] GC(30) DefNew: 572096K->32863K(629120K)
[14.752s][info][gc,heap        ] GC(30) Tenured: 136035K->136035K(1398144K)
[14.752s][info][gc,metaspace   ] GC(30) Metaspace: 14309K(14976K)->14309K(14976K) NonClass: 12924K(13312K)->12924K(13312K) Class: 1385K(1664K)->1385K(1664K)
[14.752s][info][gc             ] GC(30) Pause Young (Allocation Failure) 691M->164M(1979M) 12.559ms
[14.752s][info][gc,cpu         ] GC(30) User=0.00s Sys=0.00s Real=0.01s
[15.107s][info][gc,start       ] GC(31) Pause Young (Allocation Failure)
[15.121s][info][gc,heap        ] GC(31) DefNew: 592095K->30760K(629120K)
[15.121s][info][gc,heap        ] GC(31) Tenured: 136035K->136035K(1398144K)
[15.121s][info][gc,metaspace   ] GC(31) Metaspace: 14309K(14976K)->14309K(14976K) NonClass: 12924K(13312K)->12924K(13312K) Class: 1385K(1664K)->1385K(1664K)
[15.121s][info][gc             ] GC(31) Pause Young (Allocation Failure) 711M->162M(1979M) 13.749ms
[15.121s][info][gc,cpu         ] GC(31) User=0.02s Sys=0.00s Real=0.01s
[15.194s][info][gc,start       ] GC(32) Pause Young (Allocation Failure)
[15.206s][info][gc,heap        ] GC(32) DefNew: 589992K->30767K(629120K)
[15.206s][info][gc,heap        ] GC(32) Tenured: 136035K->136035K(1398144K)
[15.206s][info][gc,metaspace   ] GC(32) Metaspace: 14309K(14976K)->14309K(14976K) NonClass: 12924K(13312K)->12924K(13312K) Class: 1385K(1664K)->1385K(1664K)
[15.206s][info][gc             ] GC(32) Pause Young (Allocation Failure) 709M->162M(1979M) 11.853ms
[15.206s][info][gc,cpu         ] GC(32) User=0.02s Sys=0.00s Real=0.00s
[15.478s][info][gc,start       ] GC(33) Pause Young (Allocation Failure)
[15.491s][info][gc,heap        ] GC(33) DefNew: 589999K->32868K(629120K)
[15.491s][info][gc,heap        ] GC(33) Tenured: 136035K->136035K(1398144K)
[15.491s][info][gc,metaspace   ] GC(33) Metaspace: 14311K(14976K)->14311K(14976K) NonClass: 12926K(13312K)->12926K(13312K) Class: 1385K(1664K)->1385K(1664K)
[15.491s][info][gc             ] GC(33) Pause Young (Allocation Failure) 709M->164M(1979M) 13.060ms
[15.491s][info][gc,cpu         ] GC(33) User=0.02s Sys=0.00s Real=0.01s
[15.563s][info][gc,start       ] GC(34) Pause Young (Allocation Failure)
[15.575s][info][gc,heap        ] GC(34) DefNew: 592100K->32863K(629120K)
[15.575s][info][gc,heap        ] GC(34) Tenured: 136035K->136035K(1398144K)
[15.575s][info][gc,metaspace   ] GC(34) Metaspace: 14311K(14976K)->14311K(14976K) NonClass: 12926K(13312K)->12926K(13312K) Class: 1385K(1664K)->1385K(1664K)
[15.575s][info][gc             ] GC(34) Pause Young (Allocation Failure) 711M->164M(1979M) 12.126ms
[15.575s][info][gc,cpu         ] GC(34) User=0.02s Sys=0.00s Real=0.00s
[15.934s][info][gc,start       ] GC(35) Pause Young (Allocation Failure)
[15.946s][info][gc,heap        ] GC(35) DefNew: 592095K->30763K(629120K)
[15.946s][info][gc,heap        ] GC(35) Tenured: 136035K->136035K(1398144K)
[15.946s][info][gc,metaspace   ] GC(35) Metaspace: 14311K(14976K)->14311K(14976K) NonClass: 12926K(13312K)->12926K(13312K) Class: 1385K(1664K)->1385K(1664K)
[15.946s][info][gc             ] GC(35) Pause Young (Allocation Failure) 711M->162M(1979M) 12.552ms
[15.946s][info][gc,cpu         ] GC(35) User=0.02s Sys=0.00s Real=0.00s
[16.018s][info][gc,start       ] GC(36) Pause Young (Allocation Failure)
[16.029s][info][gc,heap        ] GC(36) DefNew: 589995K->30758K(629120K)
[16.029s][info][gc,heap        ] GC(36) Tenured: 136035K->136035K(1398144K)
[16.029s][info][gc,metaspace   ] GC(36) Metaspace: 14311K(14976K)->14311K(14976K) NonClass: 12926K(13312K)->12926K(13312K) Class: 1385K(1664K)->1385K(1664K)
[16.029s][info][gc             ] GC(36) Pause Young (Allocation Failure) 709M->162M(1979M) 11.833ms
[16.029s][info][gc,cpu         ] GC(36) User=0.02s Sys=0.00s Real=0.01s
[16.302s][info][gc,start       ] GC(37) Pause Young (Allocation Failure)
[16.315s][info][gc,heap        ] GC(37) DefNew: 589990K->32472K(629120K)
[16.315s][info][gc,heap        ] GC(37) Tenured: 136035K->136429K(1398144K)
[16.315s][info][gc,metaspace   ] GC(37) Metaspace: 14311K(14976K)->14311K(14976K) NonClass: 12926K(13312K)->12926K(13312K) Class: 1385K(1664K)->1385K(1664K)
[16.315s][info][gc             ] GC(37) Pause Young (Allocation Failure) 709M->164M(1979M) 13.014ms
[16.315s][info][gc,cpu         ] GC(37) User=0.00s Sys=0.00s Real=0.01s
[16.384s][info][gc,start       ] GC(38) Pause Young (Allocation Failure)
[16.396s][info][gc,heap        ] GC(38) DefNew: 591704K->32459K(629120K)
[16.396s][info][gc,heap        ] GC(38) Tenured: 136429K->136429K(1398144K)
[16.396s][info][gc,metaspace   ] GC(38) Metaspace: 14311K(14976K)->14311K(14976K) NonClass: 12926K(13312K)->12926K(13312K) Class: 1385K(1664K)->1385K(1664K)
[16.396s][info][gc             ] GC(38) Pause Young (Allocation Failure) 711M->164M(1979M) 11.922ms
[16.396s][info][gc,cpu         ] GC(38) User=0.02s Sys=0.00s Real=0.01s
[16.789s][info][gc,start       ] GC(39) Pause Young (Allocation Failure)
[16.801s][info][gc,heap        ] GC(39) DefNew: 591691K->30379K(629120K)
[16.801s][info][gc,heap        ] GC(39) Tenured: 136429K->136431K(1398144K)
[16.801s][info][gc,metaspace   ] GC(39) Metaspace: 14313K(14976K)->14313K(14976K) NonClass: 12928K(13312K)->12928K(13312K) Class: 1385K(1664K)->1385K(1664K)
[16.801s][info][gc             ] GC(39) Pause Young (Allocation Failure) 711M->162M(1979M) 12.709ms
[16.801s][info][gc,cpu         ] GC(39) User=0.02s Sys=0.00s Real=0.01s
[16.873s][info][gc,start       ] GC(40) Pause Young (Allocation Failure)
[16.885s][info][gc,heap        ] GC(40) DefNew: 589611K->30368K(629120K)
[16.885s][info][gc,heap        ] GC(40) Tenured: 136431K->136431K(1398144K)
[16.885s][info][gc,metaspace   ] GC(40) Metaspace: 14313K(14976K)->14313K(14976K) NonClass: 12928K(13312K)->12928K(13312K) Class: 1385K(1664K)->1385K(1664K)
[16.885s][info][gc             ] GC(40) Pause Young (Allocation Failure) 709M->162M(1979M) 11.863ms
[16.885s][info][gc,cpu         ] GC(40) User=0.02s Sys=0.00s Real=0.01s
[17.137s][info][gc,start       ] GC(41) Pause Full (System.gc())
[17.137s][info][gc,phases,start] GC(41) Phase 1: Mark live objects
[17.141s][info][gc,phases      ] GC(41) Phase 1: Mark live objects 3.962ms
[17.141s][info][gc,phases,start] GC(41) Phase 2: Compute new object addresses
[17.202s][info][gc,phases      ] GC(41) Phase 2: Compute new object addresses 60.537ms
[17.202s][info][gc,phases,start] GC(41) Phase 3: Adjust pointers
[17.205s][info][gc,phases      ] GC(41) Phase 3: Adjust pointers 2.545ms
[17.205s][info][gc,phases,start] GC(41) Phase 4: Move objects
[17.205s][info][gc,phases      ] GC(41) Phase 4: Move objects 0.019ms
[17.205s][info][gc,heap        ] GC(41) DefNew: 568836K->0K(629120K)
[17.205s][info][gc,heap        ] GC(41) Tenured: 136431K->5097K(1398144K)
[17.205s][info][gc,metaspace   ] GC(41) Metaspace: 14315K(14976K)->14315K(14976K) NonClass: 12930K(13312K)->12930K(13312K) Class: 1385K(1664K)->1385K(1664K)
[17.205s][info][gc             ] GC(41) Pause Full (System.gc()) 688M->4M(1979M) 67.387ms
[17.205s][info][gc,cpu         ] GC(41) User=0.06s Sys=0.00s Real=0.07s
[17.474s][info][gc,start       ] GC(42) Pause Young (Allocation Failure)
[17.499s][info][gc,heap        ] GC(42) DefNew: 559232K->32868K(629120K)
[17.499s][info][gc,heap        ] GC(42) Tenured: 5097K->136169K(1398144K)
[17.499s][info][gc,metaspace   ] GC(42) Metaspace: 14322K(14976K)->14322K(14976K) NonClass: 12937K(13312K)->12937K(13312K) Class: 1385K(1664K)->1385K(1664K)
[17.499s][info][gc             ] GC(42) Pause Young (Allocation Failure) 551M->165M(1979M) 25.101ms
[17.499s][info][gc,cpu         ] GC(42) User=0.02s Sys=0.00s Real=0.02s
[17.564s][info][gc,start       ] GC(43) Pause Young (Allocation Failure)
[17.576s][info][gc,heap        ] GC(43) DefNew: 592100K->32864K(629120K)
[17.576s][info][gc,heap        ] GC(43) Tenured: 136169K->136169K(1398144K)
[17.576s][info][gc,metaspace   ] GC(43) Metaspace: 14322K(14976K)->14322K(14976K) NonClass: 12937K(13312K)->12937K(13312K) Class: 1385K(1664K)->1385K(1664K)
[17.576s][info][gc             ] GC(43) Pause Young (Allocation Failure) 711M->165M(1979M) 12.330ms
[17.576s][info][gc,cpu         ] GC(43) User=0.02s Sys=0.00s Real=0.01s
[17.940s][info][gc,start       ] GC(44) Pause Young (Allocation Failure)
[17.952s][info][gc,heap        ] GC(44) DefNew: 592096K->30759K(629120K)
[17.952s][info][gc,heap        ] GC(44) Tenured: 136169K->136169K(1398144K)
[17.952s][info][gc,metaspace   ] GC(44) Metaspace: 14324K(14976K)->14324K(14976K) NonClass: 12939K(13312K)->12939K(13312K) Class: 1385K(1664K)->1385K(1664K)
[17.952s][info][gc             ] GC(44) Pause Young (Allocation Failure) 711M->163M(1979M) 12.607ms
[17.952s][info][gc,cpu         ] GC(44) User=0.00s Sys=0.00s Real=0.01s
[18.017s][info][gc,start       ] GC(45) Pause Young (Allocation Failure)
[18.028s][info][gc,heap        ] GC(45) DefNew: 589991K->30747K(629120K)
[18.028s][info][gc,heap        ] GC(45) Tenured: 136169K->136169K(1398144K)
[18.028s][info][gc,metaspace   ] GC(45) Metaspace: 14324K(14976K)->14324K(14976K) NonClass: 12939K(13312K)->12939K(13312K) Class: 1385K(1664K)->1385K(1664K)
[18.028s][info][gc             ] GC(45) Pause Young (Allocation Failure) 709M->163M(1979M) 11.759ms
[18.028s][info][gc,cpu         ] GC(45) User=0.02s Sys=0.00s Real=0.01s
[18.308s][info][gc,start       ] GC(46) Pause Young (Allocation Failure)
[18.321s][info][gc,heap        ] GC(46) DefNew: 589979K->32853K(629120K)
[18.321s][info][gc,heap        ] GC(46) Tenured: 136169K->136169K(1398144K)
[18.321s][info][gc,metaspace   ] GC(46) Metaspace: 14324K(14976K)->14324K(14976K) NonClass: 12939K(13312K)->12939K(13312K) Class: 1385K(1664K)->1385K(1664K)
[18.321s][info][gc             ] GC(46) Pause Young (Allocation Failure) 709M->165M(1979M) 12.843ms
[18.321s][info][gc,cpu         ] GC(46) User=0.02s Sys=0.00s Real=0.01s
[18.385s][info][gc,start       ] GC(47) Pause Young (Allocation Failure)
[18.397s][info][gc,heap        ] GC(47) DefNew: 592085K->32855K(629120K)
[18.397s][info][gc,heap        ] GC(47) Tenured: 136169K->136169K(1398144K)
[18.397s][info][gc,metaspace   ] GC(47) Metaspace: 14324K(14976K)->14324K(14976K) NonClass: 12939K(13312K)->12939K(13312K) Class: 1385K(1664K)->1385K(1664K)
[18.397s][info][gc             ] GC(47) Pause Young (Allocation Failure) 711M->165M(1979M) 12.353ms
[18.397s][info][gc,cpu         ] GC(47) User=0.02s Sys=0.00s Real=0.00s
[18.762s][info][gc,start       ] GC(48) Pause Young (Allocation Failure)
[18.774s][info][gc,heap        ] GC(48) DefNew: 592087K->30758K(629120K)
[18.774s][info][gc,heap        ] GC(48) Tenured: 136169K->136169K(1398144K)
[18.774s][info][gc,metaspace   ] GC(48) Metaspace: 14324K(14976K)->14324K(14976K) NonClass: 12939K(13312K)->12939K(13312K) Class: 1385K(1664K)->1385K(1664K)
[18.774s][info][gc             ] GC(48) Pause Young (Allocation Failure) 711M->163M(1979M) 12.709ms
[18.775s][info][gc,cpu         ] GC(48) User=0.02s Sys=0.00s Real=0.01s
[19.011s][info][gc,start       ] GC(49) Pause Young (Allocation Failure)
[19.016s][info][gc,heap        ] GC(49) DefNew: 589990K->8052K(629120K)
[19.016s][info][gc,heap        ] GC(49) Tenured: 136169K->136169K(1398144K)
[19.016s][info][gc,metaspace   ] GC(49) Metaspace: 14324K(14976K)->14324K(14976K) NonClass: 12939K(13312K)->12939K(13312K) Class: 1385K(1664K)->1385K(1664K)
[19.016s][info][gc             ] GC(49) Pause Young (Allocation Failure) 709M->140M(1979M) 5.043ms
[19.016s][info][gc,cpu         ] GC(49) User=0.00s Sys=0.00s Real=0.00s
[19.124s][info][gc,start       ] GC(50) Pause Young (Allocation Failure)
[19.137s][info][gc,heap        ] GC(50) DefNew: 567284K->32863K(629120K)
[19.137s][info][gc,heap        ] GC(50) Tenured: 136169K->136169K(1398144K)
[19.137s][info][gc,metaspace   ] GC(50) Metaspace: 14325K(14976K)->14325K(14976K) NonClass: 12940K(13312K)->12940K(13312K) Class: 1385K(1664K)->1385K(1664K)
[19.137s][info][gc             ] GC(50) Pause Young (Allocation Failure) 686M->165M(1979M) 12.704ms
[19.137s][info][gc,cpu         ] GC(50) User=0.02s Sys=0.00s Real=0.01s
[19.492s][info][gc,start       ] GC(51) Pause Young (Allocation Failure)
[19.505s][info][gc,heap        ] GC(51) DefNew: 592095K->30762K(629120K)
[19.505s][info][gc,heap        ] GC(51) Tenured: 136169K->136169K(1398144K)
[19.505s][info][gc,metaspace   ] GC(51) Metaspace: 14325K(14976K)->14325K(14976K) NonClass: 12940K(13312K)->12940K(13312K) Class: 1385K(1664K)->1385K(1664K)
[19.505s][info][gc             ] GC(51) Pause Young (Allocation Failure) 711M->163M(1979M) 12.784ms
[19.505s][info][gc,cpu         ] GC(51) User=0.02s Sys=0.00s Real=0.00s
[19.578s][info][gc,start       ] GC(52) Pause Young (Allocation Failure)
[19.590s][info][gc,heap        ] GC(52) DefNew: 589994K->30769K(629120K)
[19.590s][info][gc,heap        ] GC(52) Tenured: 136169K->136169K(1398144K)
[19.590s][info][gc,metaspace   ] GC(52) Metaspace: 14325K(14976K)->14325K(14976K) NonClass: 12940K(13312K)->12940K(13312K) Class: 1385K(1664K)->1385K(1664K)
[19.590s][info][gc             ] GC(52) Pause Young (Allocation Failure) 709M->163M(1979M) 11.848ms
[19.590s][info][gc,cpu         ] GC(52) User=0.02s Sys=0.00s Real=0.00s
[19.862s][info][gc,start       ] GC(53) Pause Young (Allocation Failure)
[19.875s][info][gc,heap        ] GC(53) DefNew: 590001K->32877K(629120K)
[19.875s][info][gc,heap        ] GC(53) Tenured: 136169K->136169K(1398144K)
[19.875s][info][gc,metaspace   ] GC(53) Metaspace: 14326K(14976K)->14326K(14976K) NonClass: 12941K(13312K)->12941K(13312K) Class: 1385K(1664K)->1385K(1664K)
[19.875s][info][gc             ] GC(53) Pause Young (Allocation Failure) 709M->165M(1979M) 12.947ms
[19.875s][info][gc,cpu         ] GC(53) User=0.00s Sys=0.00s Real=0.01s
[19.946s][info][gc,start       ] GC(54) Pause Young (Allocation Failure)
[19.959s][info][gc,heap        ] GC(54) DefNew: 592109K->32866K(629120K)
[19.959s][info][gc,heap        ] GC(54) Tenured: 136169K->136169K(1398144K)
[19.959s][info][gc,metaspace   ] GC(54) Metaspace: 14326K(14976K)->14326K(14976K) NonClass: 12941K(13312K)->12941K(13312K) Class: 1385K(1664K)->1385K(1664K)
[19.959s][info][gc             ] GC(54) Pause Young (Allocation Failure) 711M->165M(1979M) 12.252ms
[19.959s][info][gc,cpu         ] GC(54) User=0.02s Sys=0.00s Real=0.01s
[20.314s][info][gc,start       ] GC(55) Pause Young (Allocation Failure)
[20.327s][info][gc,heap        ] GC(55) DefNew: 592098K->30777K(629120K)
[20.327s][info][gc,heap        ] GC(55) Tenured: 136169K->136169K(1398144K)
[20.327s][info][gc,metaspace   ] GC(55) Metaspace: 14330K(14976K)->14330K(14976K) NonClass: 12945K(13312K)->12945K(13312K) Class: 1385K(1664K)->1385K(1664K)
[20.327s][info][gc             ] GC(55) Pause Young (Allocation Failure) 711M->163M(1979M) 12.755ms
[20.327s][info][gc,cpu         ] GC(55) User=0.02s Sys=0.00s Real=0.01s
[20.398s][info][gc,start       ] GC(56) Pause Young (Allocation Failure)
[20.410s][info][gc,heap        ] GC(56) DefNew: 590009K->30761K(629120K)
[20.410s][info][gc,heap        ] GC(56) Tenured: 136169K->136169K(1398144K)
[20.410s][info][gc,metaspace   ] GC(56) Metaspace: 14330K(14976K)->14330K(14976K) NonClass: 12945K(13312K)->12945K(13312K) Class: 1385K(1664K)->1385K(1664K)
[20.410s][info][gc             ] GC(56) Pause Young (Allocation Failure) 709M->163M(1979M) 11.880ms
[20.410s][info][gc,cpu         ] GC(56) User=0.02s Sys=0.00s Real=0.01s
[20.693s][info][gc,start       ] GC(57) Pause Young (Allocation Failure)
[20.706s][info][gc,heap        ] GC(57) DefNew: 589993K->32478K(629120K)
[20.706s][info][gc,heap        ] GC(57) Tenured: 136169K->136564K(1398144K)
[20.706s][info][gc,metaspace   ] GC(57) Metaspace: 14335K(14976K)->14335K(14976K) NonClass: 12950K(13312K)->12950K(13312K) Class: 1385K(1664K)->1385K(1664K)
[20.706s][info][gc             ] GC(57) Pause Young (Allocation Failure) 709M->165M(1979M) 13.337ms
[20.706s][info][gc,cpu         ] GC(57) User=0.00s Sys=0.00s Real=0.01s
[20.776s][info][gc,start       ] GC(58) Pause Young (Allocation Failure)
[20.788s][info][gc,heap        ] GC(58) DefNew: 591710K->32472K(629120K)
[20.788s][info][gc,heap        ] GC(58) Tenured: 136564K->136564K(1398144K)
[20.788s][info][gc,metaspace   ] GC(58) Metaspace: 14335K(14976K)->14335K(14976K) NonClass: 12950K(13312K)->12950K(13312K) Class: 1385K(1664K)->1385K(1664K)
[20.788s][info][gc             ] GC(58) Pause Young (Allocation Failure) 711M->165M(1979M) 12.197ms
[20.788s][info][gc,cpu         ] GC(58) User=0.02s Sys=0.00s Real=0.01s
[21.176s][info][gc,start       ] GC(59) Pause Young (Allocation Failure)
[21.189s][info][gc,heap        ] GC(59) DefNew: 591704K->30373K(629120K)
[21.189s][info][gc,heap        ] GC(59) Tenured: 136564K->136566K(1398144K)
[21.189s][info][gc,metaspace   ] GC(59) Metaspace: 14335K(14976K)->14335K(14976K) NonClass: 12950K(13312K)->12950K(13312K) Class: 1385K(1664K)->1385K(1664K)
[21.189s][info][gc             ] GC(59) Pause Young (Allocation Failure) 711M->163M(1979M) 12.786ms
[21.189s][info][gc,cpu         ] GC(59) User=0.00s Sys=0.00s Real=0.01s
[21.261s][info][gc,start       ] GC(60) Pause Young (Allocation Failure)
[21.273s][info][gc,heap        ] GC(60) DefNew: 589605K->30363K(629120K)
[21.273s][info][gc,heap        ] GC(60) Tenured: 136566K->136566K(1398144K)
[21.273s][info][gc,metaspace   ] GC(60) Metaspace: 14335K(14976K)->14335K(14976K) NonClass: 12950K(13312K)->12950K(13312K) Class: 1385K(1664K)->1385K(1664K)
[21.273s][info][gc             ] GC(60) Pause Young (Allocation Failure) 709M->163M(1979M) 11.646ms
[21.273s][info][gc,cpu         ] GC(60) User=0.02s Sys=0.00s Real=0.01s
[21.527s][info][gc,start       ] GC(61) Pause Full (System.gc())
[21.527s][info][gc,phases,start] GC(61) Phase 1: Mark live objects
[21.531s][info][gc,phases      ] GC(61) Phase 1: Mark live objects 4.081ms
[21.531s][info][gc,phases,start] GC(61) Phase 2: Compute new object addresses
[21.592s][info][gc,phases      ] GC(61) Phase 2: Compute new object addresses 60.675ms
[21.592s][info][gc,phases,start] GC(61) Phase 3: Adjust pointers
[21.595s][info][gc,phases      ] GC(61) Phase 3: Adjust pointers 2.597ms
[21.595s][info][gc,phases,start] GC(61) Phase 4: Move objects
[21.595s][info][gc,phases      ] GC(61) Phase 4: Move objects 0.865ms
[21.596s][info][gc,heap        ] GC(61) DefNew: 569030K->0K(629120K)
[21.596s][info][gc,heap        ] GC(61) Tenured: 136566K->4955K(1398144K)
[21.596s][info][gc,metaspace   ] GC(61) Metaspace: 14336K(14976K)->14336K(14976K) NonClass: 12951K(13312K)->12951K(13312K) Class: 1385K(1664K)->1385K(1664K)
[21.596s][info][gc             ] GC(61) Pause Full (System.gc()) 689M->4M(1979M) 68.642ms
[21.596s][info][gc,cpu         ] GC(61) User=0.06s Sys=0.00s Real=0.06s
[21.863s][info][gc,start       ] GC(62) Pause Young (Allocation Failure)
[21.888s][info][gc,heap        ] GC(62) DefNew: 559232K->32864K(629120K)
[21.888s][info][gc,heap        ] GC(62) Tenured: 4955K->136027K(1398144K)
[21.888s][info][gc,metaspace   ] GC(62) Metaspace: 14338K(14976K)->14338K(14976K) NonClass: 12953K(13312K)->12953K(13312K) Class: 1385K(1664K)->1385K(1664K)
[21.888s][info][gc             ] GC(62) Pause Young (Allocation Failure) 550M->164M(1979M) 24.939ms
[21.888s][info][gc,cpu         ] GC(62) User=0.02s Sys=0.00s Real=0.02s
[21.952s][info][gc,start       ] GC(63) Pause Young (Allocation Failure)
[21.964s][info][gc,heap        ] GC(63) DefNew: 592096K->32853K(629120K)
[21.964s][info][gc,heap        ] GC(63) Tenured: 136027K->136027K(1398144K)
[21.964s][info][gc,metaspace   ] GC(63) Metaspace: 14338K(14976K)->14338K(14976K) NonClass: 12953K(13312K)->12953K(13312K) Class: 1385K(1664K)->1385K(1664K)
[21.964s][info][gc             ] GC(63) Pause Young (Allocation Failure) 711M->164M(1979M) 12.286ms
[21.964s][info][gc,cpu         ] GC(63) User=0.02s Sys=0.00s Real=0.00s
[22.329s][info][gc,start       ] GC(64) Pause Young (Allocation Failure)
[22.342s][info][gc,heap        ] GC(64) DefNew: 592085K->30758K(629120K)
[22.342s][info][gc,heap        ] GC(64) Tenured: 136027K->136027K(1398144K)
[22.342s][info][gc,metaspace   ] GC(64) Metaspace: 14338K(14976K)->14338K(14976K) NonClass: 12953K(13312K)->12953K(13312K) Class: 1385K(1664K)->1385K(1664K)
[22.342s][info][gc             ] GC(64) Pause Young (Allocation Failure) 711M->162M(1979M) 12.739ms
[22.342s][info][gc,cpu         ] GC(64) User=0.00s Sys=0.02s Real=0.00s
[22.405s][info][gc,start       ] GC(65) Pause Young (Allocation Failure)
[22.417s][info][gc,heap        ] GC(65) DefNew: 589990K->30743K(629120K)
[22.417s][info][gc,heap        ] GC(65) Tenured: 136027K->136027K(1398144K)
[22.417s][info][gc,metaspace   ] GC(65) Metaspace: 14338K(14976K)->14338K(14976K) NonClass: 12953K(13312K)->12953K(13312K) Class: 1385K(1664K)->1385K(1664K)
[22.417s][info][gc             ] GC(65) Pause Young (Allocation Failure) 709M->162M(1979M) 12.029ms
[22.417s][info][gc,cpu         ] GC(65) User=0.02s Sys=0.00s Real=0.00s
[22.697s][info][gc,start       ] GC(66) Pause Young (Allocation Failure)
[22.710s][info][gc,heap        ] GC(66) DefNew: 589975K->32863K(629120K)
[22.710s][info][gc,heap        ] GC(66) Tenured: 136027K->136027K(1398144K)
[22.710s][info][gc,metaspace   ] GC(66) Metaspace: 14339K(14976K)->14339K(14976K) NonClass: 12954K(13312K)->12954K(13312K) Class: 1385K(1664K)->1385K(1664K)
[22.710s][info][gc             ] GC(66) Pause Young (Allocation Failure) 708M->164M(1979M) 12.805ms
[22.710s][info][gc,cpu         ] GC(66) User=0.02s Sys=0.00s Real=0.00s
[22.775s][info][gc,start       ] GC(67) Pause Young (Allocation Failure)
[22.787s][info][gc,heap        ] GC(67) DefNew: 592095K->32837K(629120K)
[22.787s][info][gc,heap        ] GC(67) Tenured: 136027K->136027K(1398144K)
[22.787s][info][gc,metaspace   ] GC(67) Metaspace: 14339K(14976K)->14339K(14976K) NonClass: 12954K(13312K)->12954K(13312K) Class: 1385K(1664K)->1385K(1664K)
[22.787s][info][gc             ] GC(67) Pause Young (Allocation Failure) 711M->164M(1979M) 12.508ms
[22.787s][info][gc,cpu         ] GC(67) User=0.02s Sys=0.00s Real=0.00s
[23.151s][info][gc,start       ] GC(68) Pause Young (Allocation Failure)
[23.163s][info][gc,heap        ] GC(68) DefNew: 592069K->30758K(629120K)
[23.164s][info][gc,heap        ] GC(68) Tenured: 136027K->136027K(1398144K)
[23.164s][info][gc,metaspace   ] GC(68) Metaspace: 14342K(14976K)->14342K(14976K) NonClass: 12957K(13312K)->12957K(13312K) Class: 1385K(1664K)->1385K(1664K)
[23.164s][info][gc             ] GC(68) Pause Young (Allocation Failure) 711M->162M(1979M) 12.681ms
[23.164s][info][gc,cpu         ] GC(68) User=0.02s Sys=0.00s Real=0.00s
[23.398s][info][gc,start       ] GC(69) Pause Young (Allocation Failure)
[23.406s][info][gc,heap        ] GC(69) DefNew: 589990K->12041K(629120K)
[23.406s][info][gc,heap        ] GC(69) Tenured: 136027K->136027K(1398144K)
[23.406s][info][gc,metaspace   ] GC(69) Metaspace: 14342K(14976K)->14342K(14976K) NonClass: 12957K(13312K)->12957K(13312K) Class: 1385K(1664K)->1385K(1664K)
[23.406s][info][gc             ] GC(69) Pause Young (Allocation Failure) 709M->144M(1979M) 7.895ms
[23.406s][info][gc,cpu         ] GC(69) User=0.00s Sys=0.00s Real=0.00s
[23.514s][info][gc,start       ] GC(70) Pause Young (Allocation Failure)
[23.527s][info][gc,heap        ] GC(70) DefNew: 571273K->32863K(629120K)
[23.527s][info][gc,heap        ] GC(70) Tenured: 136027K->136027K(1398144K)
[23.527s][info][gc,metaspace   ] GC(70) Metaspace: 14352K(14976K)->14352K(14976K) NonClass: 12967K(13312K)->12967K(13312K) Class: 1385K(1664K)->1385K(1664K)
[23.527s][info][gc             ] GC(70) Pause Young (Allocation Failure) 690M->164M(1979M) 12.616ms
[23.527s][info][gc,cpu         ] GC(70) User=0.02s Sys=0.00s Real=0.01s
[23.884s][info][gc,start       ] GC(71) Pause Young (Allocation Failure)
[23.897s][info][gc,heap        ] GC(71) DefNew: 592095K->30761K(629120K)
[23.897s][info][gc,heap        ] GC(71) Tenured: 136027K->136027K(1398144K)
[23.897s][info][gc,metaspace   ] GC(71) Metaspace: 14353K(14976K)->14353K(14976K) NonClass: 12968K(13312K)->12968K(13312K) Class: 1385K(1664K)->1385K(1664K)
[23.897s][info][gc             ] GC(71) Pause Young (Allocation Failure) 711M->162M(1979M) 12.992ms
[23.897s][info][gc,cpu         ] GC(71) User=0.02s Sys=0.00s Real=0.00s
[23.970s][info][gc,start       ] GC(72) Pause Young (Allocation Failure)
[23.982s][info][gc,heap        ] GC(72) DefNew: 589993K->30760K(629120K)
[23.982s][info][gc,heap        ] GC(72) Tenured: 136027K->136027K(1398144K)
[23.982s][info][gc,metaspace   ] GC(72) Metaspace: 14353K(14976K)->14353K(14976K) NonClass: 12968K(13312K)->12968K(13312K) Class: 1385K(1664K)->1385K(1664K)
[23.982s][info][gc             ] GC(72) Pause Young (Allocation Failure) 709M->162M(1979M) 12.109ms
[23.982s][info][gc,cpu         ] GC(72) User=0.02s Sys=0.00s Real=0.01s
[24.251s][info][gc,start       ] GC(73) Pause Young (Allocation Failure)
[24.264s][info][gc,heap        ] GC(73) DefNew: 589992K->32861K(629120K)
[24.264s][info][gc,heap        ] GC(73) Tenured: 136027K->136027K(1398144K)
[24.264s][info][gc,metaspace   ] GC(73) Metaspace: 14354K(14976K)->14354K(14976K) NonClass: 12969K(13312K)->12969K(13312K) Class: 1385K(1664K)->1385K(1664K)
[24.264s][info][gc             ] GC(73) Pause Young (Allocation Failure) 709M->164M(1979M) 12.974ms
[24.264s][info][gc,cpu         ] GC(73) User=0.02s Sys=0.00s Real=0.01s
[24.336s][info][gc,start       ] GC(74) Pause Young (Allocation Failure)
[24.348s][info][gc,heap        ] GC(74) DefNew: 592093K->32877K(629120K)
[24.348s][info][gc,heap        ] GC(74) Tenured: 136027K->136027K(1398144K)
[24.348s][info][gc,metaspace   ] GC(74) Metaspace: 14354K(14976K)->14354K(14976K) NonClass: 12969K(13312K)->12969K(13312K) Class: 1385K(1664K)->1385K(1664K)
[24.348s][info][gc             ] GC(74) Pause Young (Allocation Failure) 711M->164M(1979M) 12.169ms
[24.348s][info][gc,cpu         ] GC(74) User=0.02s Sys=0.00s Real=0.01s
[24.705s][info][gc,start       ] GC(75) Pause Young (Allocation Failure)
[24.718s][info][gc,heap        ] GC(75) DefNew: 592109K->30769K(629120K)
[24.718s][info][gc,heap        ] GC(75) Tenured: 136027K->136027K(1398144K)
[24.718s][info][gc,metaspace   ] GC(75) Metaspace: 14359K(14976K)->14359K(14976K) NonClass: 12974K(13312K)->12974K(13312K) Class: 1385K(1664K)->1385K(1664K)
[24.718s][info][gc             ] GC(75) Pause Young (Allocation Failure) 711M->162M(1979M) 12.861ms
[24.718s][info][gc,cpu         ] GC(75) User=0.02s Sys=0.00s Real=0.00s
[24.789s][info][gc,start       ] GC(76) Pause Young (Allocation Failure)
[24.801s][info][gc,heap        ] GC(76) DefNew: 590001K->30767K(629120K)
[24.801s][info][gc,heap        ] GC(76) Tenured: 136027K->136027K(1398144K)
[24.801s][info][gc,metaspace   ] GC(76) Metaspace: 14359K(14976K)->14359K(14976K) NonClass: 12974K(13312K)->12974K(13312K) Class: 1385K(1664K)->1385K(1664K)
[24.801s][info][gc             ] GC(76) Pause Young (Allocation Failure) 709M->162M(1979M) 11.794ms
[24.801s][info][gc,cpu         ] GC(76) User=0.02s Sys=0.00s Real=0.00s
[25.073s][info][gc,start       ] GC(77) Pause Young (Allocation Failure)
[25.086s][info][gc,heap        ] GC(77) DefNew: 589999K->32470K(629120K)
[25.086s][info][gc,heap        ] GC(77) Tenured: 136027K->136422K(1398144K)
[25.086s][info][gc,metaspace   ] GC(77) Metaspace: 14368K(14976K)->14368K(14976K) NonClass: 12983K(13312K)->12983K(13312K) Class: 1385K(1664K)->1385K(1664K)
[25.086s][info][gc             ] GC(77) Pause Young (Allocation Failure) 709M->164M(1979M) 12.986ms
[25.086s][info][gc,cpu         ] GC(77) User=0.02s Sys=0.00s Real=0.00s
[25.157s][info][gc,start       ] GC(78) Pause Young (Allocation Failure)
[25.168s][info][gc,heap        ] GC(78) DefNew: 591702K->32472K(629120K)
[25.168s][info][gc,heap        ] GC(78) Tenured: 136422K->136422K(1398144K)
[25.168s][info][gc,metaspace   ] GC(78) Metaspace: 14368K(14976K)->14368K(14976K) NonClass: 12983K(13312K)->12983K(13312K) Class: 1385K(1664K)->1385K(1664K)
[25.168s][info][gc             ] GC(78) Pause Young (Allocation Failure) 711M->164M(1979M) 11.965ms
[25.168s][info][gc,cpu         ] GC(78) User=0.02s Sys=0.00s Real=0.01s
[25.556s][info][gc,start       ] GC(79) Pause Young (Allocation Failure)
[25.569s][info][gc,heap        ] GC(79) DefNew: 591704K->30370K(629120K)
[25.569s][info][gc,heap        ] GC(79) Tenured: 136422K->136423K(1398144K)
[25.569s][info][gc,metaspace   ] GC(79) Metaspace: 14369K(14976K)->14369K(14976K) NonClass: 12984K(13312K)->12984K(13312K) Class: 1385K(1664K)->1385K(1664K)
[25.569s][info][gc             ] GC(79) Pause Young (Allocation Failure) 711M->162M(1979M) 13.720ms
[25.569s][info][gc,cpu         ] GC(79) User=0.02s Sys=0.00s Real=0.01s
[25.643s][info][gc,start       ] GC(80) Pause Young (Allocation Failure)
[25.654s][info][gc,heap        ] GC(80) DefNew: 589602K->30368K(629120K)
[25.654s][info][gc,heap        ] GC(80) Tenured: 136423K->136423K(1398144K)
[25.654s][info][gc,metaspace   ] GC(80) Metaspace: 14369K(14976K)->14369K(14976K) NonClass: 12984K(13312K)->12984K(13312K) Class: 1385K(1664K)->1385K(1664K)
[25.654s][info][gc             ] GC(80) Pause Young (Allocation Failure) 709M->162M(1979M) 11.953ms
[25.654s][info][gc,cpu         ] GC(80) User=0.02s Sys=0.00s Real=0.01s
[25.909s][info][gc,start       ] GC(81) Pause Full (System.gc())
[25.909s][info][gc,phases,start] GC(81) Phase 1: Mark live objects
[25.913s][info][gc,phases      ] GC(81) Phase 1: Mark live objects 4.276ms
[25.914s][info][gc,phases,start] GC(81) Phase 2: Compute new object addresses
[25.974s][info][gc,phases      ] GC(81) Phase 2: Compute new object addresses 60.664ms
[25.974s][info][gc,phases,start] GC(81) Phase 3: Adjust pointers
[25.977s][info][gc,phases      ] GC(81) Phase 3: Adjust pointers 2.622ms
[25.977s][info][gc,phases,start] GC(81) Phase 4: Move objects
[25.977s][info][gc,phases      ] GC(81) Phase 4: Move objects 0.019ms
[25.977s][info][gc,heap        ] GC(81) DefNew: 567784K->0K(629120K)
[25.977s][info][gc,heap        ] GC(81) Tenured: 136423K->5089K(1398144K)
[25.977s][info][gc,metaspace   ] GC(81) Metaspace: 14370K(14976K)->14370K(14976K) NonClass: 12985K(13312K)->12985K(13312K) Class: 1385K(1664K)->1385K(1664K)
[25.977s][info][gc             ] GC(81) Pause Full (System.gc()) 687M->4M(1979M) 67.926ms
[25.977s][info][gc,cpu         ] GC(81) User=0.06s Sys=0.00s Real=0.08s
[26.244s][info][gc,start       ] GC(82) Pause Young (Allocation Failure)
[26.269s][info][gc,heap        ] GC(82) DefNew: 559232K->32861K(629120K)
[26.270s][info][gc,heap        ] GC(82) Tenured: 5089K->136161K(1398144K)
[26.270s][info][gc,metaspace   ] GC(82) Metaspace: 14370K(14976K)->14370K(14976K) NonClass: 12985K(13312K)->12985K(13312K) Class: 1385K(1664K)->1385K(1664K)
[26.270s][info][gc             ] GC(82) Pause Young (Allocation Failure) 551M->165M(1979M) 25.198ms
[26.270s][info][gc,cpu         ] GC(82) User=0.03s Sys=0.00s Real=0.02s
[26.334s][info][gc,start       ] GC(83) Pause Young (Allocation Failure)
[26.346s][info][gc,heap        ] GC(83) DefNew: 592093K->32856K(629120K)
[26.346s][info][gc,heap        ] GC(83) Tenured: 136161K->136161K(1398144K)
[26.346s][info][gc,metaspace   ] GC(83) Metaspace: 14370K(14976K)->14370K(14976K) NonClass: 12985K(13312K)->12985K(13312K) Class: 1385K(1664K)->1385K(1664K)
[26.346s][info][gc             ] GC(83) Pause Young (Allocation Failure) 711M->165M(1979M) 12.143ms
[26.346s][info][gc,cpu         ] GC(83) User=0.00s Sys=0.00s Real=0.01s
[26.709s][info][gc,start       ] GC(84) Pause Young (Allocation Failure)
[26.722s][info][gc,heap        ] GC(84) DefNew: 592088K->30747K(629120K)
[26.722s][info][gc,heap        ] GC(84) Tenured: 136161K->136161K(1398144K)
[26.722s][info][gc,metaspace   ] GC(84) Metaspace: 14371K(14976K)->14371K(14976K) NonClass: 12986K(13312K)->12986K(13312K) Class: 1385K(1664K)->1385K(1664K)
[26.722s][info][gc             ] GC(84) Pause Young (Allocation Failure) 711M->162M(1979M) 12.496ms
[26.722s][info][gc,cpu         ] GC(84) User=0.02s Sys=0.00s Real=0.00s
[26.786s][info][gc,start       ] GC(85) Pause Young (Allocation Failure)
[26.797s][info][gc,heap        ] GC(85) DefNew: 589979K->30746K(629120K)
[26.797s][info][gc,heap        ] GC(85) Tenured: 136161K->136161K(1398144K)
[26.797s][info][gc,metaspace   ] GC(85) Metaspace: 14371K(14976K)->14371K(14976K) NonClass: 12986K(13312K)->12986K(13312K) Class: 1385K(1664K)->1385K(1664K)
[26.797s][info][gc             ] GC(85) Pause Young (Allocation Failure) 709M->162M(1979M) 11.926ms
[26.797s][info][gc,cpu         ] GC(85) User=0.00s Sys=0.00s Real=0.00s
[27.077s][info][gc,start       ] GC(86) Pause Young (Allocation Failure)
[27.090s][info][gc,heap        ] GC(86) DefNew: 589978K->32855K(629120K)
[27.090s][info][gc,heap        ] GC(86) Tenured: 136161K->136161K(1398144K)
[27.090s][info][gc,metaspace   ] GC(86) Metaspace: 14375K(14976K)->14375K(14976K) NonClass: 12990K(13312K)->12990K(13312K) Class: 1385K(1664K)->1385K(1664K)
[27.090s][info][gc             ] GC(86) Pause Young (Allocation Failure) 709M->165M(1979M) 13.215ms
[27.090s][info][gc,cpu         ] GC(86) User=0.02s Sys=0.00s Real=0.01s
[27.231s][info][gc,start       ] GC(87) Pause Young (Allocation Failure)
[27.243s][info][gc,heap        ] GC(87) DefNew: 592087K->32836K(629120K)
[27.243s][info][gc,heap        ] GC(87) Tenured: 136161K->136161K(1398144K)
[27.243s][info][gc,metaspace   ] GC(87) Metaspace: 14375K(14976K)->14375K(14976K) NonClass: 12990K(13312K)->12990K(13312K) Class: 1385K(1664K)->1385K(1664K)
[27.243s][info][gc             ] GC(87) Pause Young (Allocation Failure) 711M->165M(1979M) 12.650ms
[27.243s][info][gc,cpu         ] GC(87) User=0.02s Sys=0.00s Real=0.01s
[27.532s][info][gc,start       ] GC(88) Pause Young (Allocation Failure)
[27.545s][info][gc,heap        ] GC(88) DefNew: 592068K->30766K(629120K)
[27.545s][info][gc,heap        ] GC(88) Tenured: 136161K->136161K(1398144K)
[27.545s][info][gc,metaspace   ] GC(88) Metaspace: 14382K(14976K)->14382K(14976K) NonClass: 12997K(13312K)->12997K(13312K) Class: 1385K(1664K)->1385K(1664K)
[27.545s][info][gc             ] GC(88) Pause Young (Allocation Failure) 711M->163M(1979M) 12.672ms
[27.545s][info][gc,cpu         ] GC(88) User=0.02s Sys=0.00s Real=0.00s
[27.781s][info][gc,start       ] GC(89) Pause Young (Allocation Failure)
[27.793s][info][gc,heap        ] GC(89) DefNew: 589837K->22047K(629120K)
[27.793s][info][gc,heap        ] GC(89) Tenured: 136161K->136161K(1398144K)
[27.793s][info][gc,metaspace   ] GC(89) Metaspace: 14382K(14976K)->14382K(14976K) NonClass: 12997K(13312K)->12997K(13312K) Class: 1385K(1664K)->1385K(1664K)
[27.793s][info][gc             ] GC(89) Pause Young (Allocation Failure) 708M->154M(1979M) 12.482ms
[27.793s][info][gc,cpu         ] GC(89) User=0.02s Sys=0.00s Real=0.02s
[27.899s][info][gc,start       ] GC(90) Pause Young (Allocation Failure)
[27.912s][info][gc,heap        ] GC(90) DefNew: 581279K->32867K(629120K)
[27.912s][info][gc,heap        ] GC(90) Tenured: 136161K->136161K(1398144K)
[27.912s][info][gc,metaspace   ] GC(90) Metaspace: 14382K(14976K)->14382K(14976K) NonClass: 12997K(13312K)->12997K(13312K) Class: 1385K(1664K)->1385K(1664K)
[27.912s][info][gc             ] GC(90) Pause Young (Allocation Failure) 700M->165M(1979M) 12.552ms
[27.912s][info][gc,cpu         ] GC(90) User=0.02s Sys=0.00s Real=0.01s
[28.267s][info][gc,start       ] GC(91) Pause Young (Allocation Failure)
[28.280s][info][gc,heap        ] GC(91) DefNew: 592099K->30767K(629120K)
[28.280s][info][gc,heap        ] GC(91) Tenured: 136161K->136161K(1398144K)
[28.280s][info][gc,metaspace   ] GC(91) Metaspace: 14385K(14976K)->14385K(14976K) NonClass: 13000K(13312K)->13000K(13312K) Class: 1385K(1664K)->1385K(1664K)
[28.280s][info][gc             ] GC(91) Pause Young (Allocation Failure) 711M->163M(1979M) 13.318ms
[28.280s][info][gc,cpu         ] GC(91) User=0.02s Sys=0.00s Real=0.01s
[28.353s][info][gc,start       ] GC(92) Pause Young (Allocation Failure)
[28.365s][info][gc,heap        ] GC(92) DefNew: 589999K->30759K(629120K)
[28.365s][info][gc,heap        ] GC(92) Tenured: 136161K->136161K(1398144K)
[28.365s][info][gc,metaspace   ] GC(92) Metaspace: 14385K(14976K)->14385K(14976K) NonClass: 13000K(13312K)->13000K(13312K) Class: 1385K(1664K)->1385K(1664K)
[28.365s][info][gc             ] GC(92) Pause Young (Allocation Failure) 709M->163M(1979M) 11.985ms
[28.365s][info][gc,cpu         ] GC(92) User=0.02s Sys=0.00s Real=0.01s
[28.640s][info][gc,start       ] GC(93) Pause Young (Allocation Failure)
[28.653s][info][gc,heap        ] GC(93) DefNew: 589991K->32861K(629120K)
[28.653s][info][gc,heap        ] GC(93) Tenured: 136161K->136161K(1398144K)
[28.653s][info][gc,metaspace   ] GC(93) Metaspace: 14385K(14976K)->14385K(14976K) NonClass: 13000K(13312K)->13000K(13312K) Class: 1385K(1664K)->1385K(1664K)
[28.653s][info][gc             ] GC(93) Pause Young (Allocation Failure) 709M->165M(1979M) 12.973ms
[28.653s][info][gc,cpu         ] GC(93) User=0.02s Sys=0.00s Real=0.01s
[28.724s][info][gc,start       ] GC(94) Pause Young (Allocation Failure)
[28.736s][info][gc,heap        ] GC(94) DefNew: 592093K->32860K(629120K)
[28.736s][info][gc,heap        ] GC(94) Tenured: 136161K->136161K(1398144K)
[28.736s][info][gc,metaspace   ] GC(94) Metaspace: 14385K(14976K)->14385K(14976K) NonClass: 13000K(13312K)->13000K(13312K) Class: 1385K(1664K)->1385K(1664K)
[28.736s][info][gc             ] GC(94) Pause Young (Allocation Failure) 711M->165M(1979M) 12.079ms
[28.736s][info][gc,cpu         ] GC(94) User=0.00s Sys=0.00s Real=0.01s
[29.093s][info][gc,start       ] GC(95) Pause Young (Allocation Failure)
[29.106s][info][gc,heap        ] GC(95) DefNew: 592092K->30765K(629120K)
[29.106s][info][gc,heap        ] GC(95) Tenured: 136161K->136161K(1398144K)
[29.106s][info][gc,metaspace   ] GC(95) Metaspace: 14385K(14976K)->14385K(14976K) NonClass: 13000K(13312K)->13000K(13312K) Class: 1385K(1664K)->1385K(1664K)
[29.106s][info][gc             ] GC(95) Pause Young (Allocation Failure) 711M->163M(1979M) 12.712ms
[29.106s][info][gc,cpu         ] GC(95) User=0.02s Sys=0.00s Real=0.01s
[29.177s][info][gc,start       ] GC(96) Pause Young (Allocation Failure)
[29.189s][info][gc,heap        ] GC(96) DefNew: 589997K->30762K(629120K)
[29.189s][info][gc,heap        ] GC(96) Tenured: 136161K->136161K(1398144K)
[29.189s][info][gc,metaspace   ] GC(96) Metaspace: 14385K(14976K)->14385K(14976K) NonClass: 13000K(13312K)->13000K(13312K) Class: 1385K(1664K)->1385K(1664K)
[29.189s][info][gc             ] GC(96) Pause Young (Allocation Failure) 709M->163M(1979M) 12.237ms
[29.189s][info][gc,cpu         ] GC(96) User=0.00s Sys=0.00s Real=0.01s
[29.462s][info][gc,start       ] GC(97) Pause Young (Allocation Failure)
[29.475s][info][gc,heap        ] GC(97) DefNew: 589994K->32470K(629120K)
[29.475s][info][gc,heap        ] GC(97) Tenured: 136161K->136556K(1398144K)
[29.475s][info][gc,metaspace   ] GC(97) Metaspace: 14385K(14976K)->14385K(14976K) NonClass: 13000K(13312K)->13000K(13312K) Class: 1385K(1664K)->1385K(1664K)
[29.475s][info][gc             ] GC(97) Pause Young (Allocation Failure) 709M->165M(1979M) 13.111ms
[29.475s][info][gc,cpu         ] GC(97) User=0.02s Sys=0.00s Real=0.01s
[29.544s][info][gc,start       ] GC(98) Pause Young (Allocation Failure)
[29.556s][info][gc,heap        ] GC(98) DefNew: 591702K->32459K(629120K)
[29.556s][info][gc,heap        ] GC(98) Tenured: 136556K->136556K(1398144K)
[29.556s][info][gc,metaspace   ] GC(98) Metaspace: 14385K(14976K)->14385K(14976K) NonClass: 13000K(13312K)->13000K(13312K) Class: 1385K(1664K)->1385K(1664K)
[29.556s][info][gc             ] GC(98) Pause Young (Allocation Failure) 711M->165M(1979M) 12.098ms
[29.556s][info][gc,cpu         ] GC(98) User=0.02s Sys=0.00s Real=0.01s
[29.945s][info][gc,start       ] GC(99) Pause Young (Allocation Failure)
[29.958s][info][gc,heap        ] GC(99) DefNew: 591691K->30374K(629120K)
[29.958s][info][gc,heap        ] GC(99) Tenured: 136556K->136557K(1398144K)
[29.958s][info][gc,metaspace   ] GC(99) Metaspace: 14385K(14976K)->14385K(14976K) NonClass: 13000K(13312K)->13000K(13312K) Class: 1385K(1664K)->1385K(1664K)
[29.958s][info][gc             ] GC(99) Pause Young (Allocation Failure) 711M->163M(1979M) 12.694ms
[29.958s][info][gc,cpu         ] GC(99) User=0.02s Sys=0.00s Real=0.00s
[30.030s][info][gc,start       ] GC(100) Pause Young (Allocation Failure)
[30.041s][info][gc,heap        ] GC(100) DefNew: 589606K->30359K(629120K)
[30.041s][info][gc,heap        ] GC(100) Tenured: 136557K->136557K(1398144K)
[30.041s][info][gc,metaspace   ] GC(100) Metaspace: 14385K(14976K)->14385K(14976K) NonClass: 13000K(13312K)->13000K(13312K) Class: 1385K(1664K)->1385K(1664K)
[30.041s][info][gc             ] GC(100) Pause Young (Allocation Failure) 709M->163M(1979M) 11.883ms
[30.041s][info][gc,cpu         ] GC(100) User=0.02s Sys=0.00s Real=0.01s
[30.293s][info][gc,start       ] GC(101) Pause Full (System.gc())
[30.293s][info][gc,phases,start] GC(101) Phase 1: Mark live objects
[30.297s][info][gc,phases      ] GC(101) Phase 1: Mark live objects 3.988ms
[30.297s][info][gc,phases,start] GC(101) Phase 2: Compute new object addresses
[30.355s][info][gc,phases      ] GC(101) Phase 2: Compute new object addresses 57.982ms
[30.355s][info][gc,phases,start] GC(101) Phase 3: Adjust pointers
[30.357s][info][gc,phases      ] GC(101) Phase 3: Adjust pointers 2.641ms
[30.357s][info][gc,phases,start] GC(101) Phase 4: Move objects
[30.357s][info][gc,phases      ] GC(101) Phase 4: Move objects 0.020ms
[30.357s][info][gc,heap        ] GC(101) DefNew: 555954K->0K(629120K)
[30.357s][info][gc,heap        ] GC(101) Tenured: 136557K->5224K(1398144K)
[30.357s][info][gc,metaspace   ] GC(101) Metaspace: 14386K(14976K)->14386K(14976K) NonClass: 13000K(13312K)->13000K(13312K) Class: 1385K(1664K)->1385K(1664K)
[30.357s][info][gc             ] GC(101) Pause Full (System.gc()) 676M->5M(1979M) 64.937ms
[30.357s][info][gc,cpu         ] GC(101) User=0.06s Sys=0.00s Real=0.06s
[30.625s][info][gc,start       ] GC(102) Pause Young (Allocation Failure)
[30.650s][info][gc,heap        ] GC(102) DefNew: 559232K->32850K(629120K)
[30.650s][info][gc,heap        ] GC(102) Tenured: 5224K->136296K(1398144K)
[30.650s][info][gc,metaspace   ] GC(102) Metaspace: 14392K(14976K)->14392K(14976K) NonClass: 13007K(13312K)->13007K(13312K) Class: 1385K(1664K)->1385K(1664K)
[30.650s][info][gc             ] GC(102) Pause Young (Allocation Failure) 551M->165M(1979M) 25.105ms
[30.650s][info][gc,cpu         ] GC(102) User=0.03s Sys=0.00s Real=0.02s
[30.714s][info][gc,start       ] GC(103) Pause Young (Allocation Failure)
[30.726s][info][gc,heap        ] GC(103) DefNew: 592082K->32861K(629120K)
[30.726s][info][gc,heap        ] GC(103) Tenured: 136296K->136296K(1398144K)
[30.726s][info][gc,metaspace   ] GC(103) Metaspace: 14392K(14976K)->14392K(14976K) NonClass: 13007K(13312K)->13007K(13312K) Class: 1385K(1664K)->1385K(1664K)
[30.726s][info][gc             ] GC(103) Pause Young (Allocation Failure) 711M->165M(1979M) 12.101ms
[30.726s][info][gc,cpu         ] GC(103) User=0.02s Sys=0.00s Real=0.01s
[31.089s][info][gc,start       ] GC(104) Pause Young (Allocation Failure)
[31.101s][info][gc,heap        ] GC(104) DefNew: 592093K->30761K(629120K)
[31.101s][info][gc,heap        ] GC(104) Tenured: 136296K->136296K(1398144K)
[31.101s][info][gc,metaspace   ] GC(104) Metaspace: 14392K(14976K)->14392K(14976K) NonClass: 13007K(13312K)->13007K(13312K) Class: 1385K(1664K)->1385K(1664K)
[31.101s][info][gc             ] GC(104) Pause Young (Allocation Failure) 711M->163M(1979M) 12.514ms
[31.101s][info][gc,cpu         ] GC(104) User=0.02s Sys=0.00s Real=0.01s
[31.166s][info][gc,start       ] GC(105) Pause Young (Allocation Failure)
[31.180s][info][gc,heap        ] GC(105) DefNew: 589993K->30735K(629120K)
[31.180s][info][gc,heap        ] GC(105) Tenured: 136296K->136296K(1398144K)
[31.180s][info][gc,metaspace   ] GC(105) Metaspace: 14392K(14976K)->14392K(14976K) NonClass: 13007K(13312K)->13007K(13312K) Class: 1385K(1664K)->1385K(1664K)
[31.180s][info][gc             ] GC(105) Pause Young (Allocation Failure) 709M->163M(1979M) 14.062ms
[31.180s][info][gc,cpu         ] GC(105) User=0.02s Sys=0.00s Real=0.00s
[31.462s][info][gc,start       ] GC(106) Pause Young (Allocation Failure)
[31.475s][info][gc,heap        ] GC(106) DefNew: 589967K->32852K(629120K)
[31.475s][info][gc,heap        ] GC(106) Tenured: 136296K->136296K(1398144K)
[31.475s][info][gc,metaspace   ] GC(106) Metaspace: 14392K(14976K)->14392K(14976K) NonClass: 13007K(13312K)->13007K(13312K) Class: 1385K(1664K)->1385K(1664K)
[31.475s][info][gc             ] GC(106) Pause Young (Allocation Failure) 709M->165M(1979M) 13.150ms
[31.475s][info][gc,cpu         ] GC(106) User=0.02s Sys=0.00s Real=0.01s
[31.577s][info][gc,start       ] GC(107) Pause Young (Allocation Failure)
[31.590s][info][gc,heap        ] GC(107) DefNew: 592084K->32836K(629120K)
[31.590s][info][gc,heap        ] GC(107) Tenured: 136296K->136296K(1398144K)
[31.590s][info][gc,metaspace   ] GC(107) Metaspace: 14392K(14976K)->14392K(14976K) NonClass: 13007K(13312K)->13007K(13312K) Class: 1385K(1664K)->1385K(1664K)
[31.590s][info][gc             ] GC(107) Pause Young (Allocation Failure) 711M->165M(1979M) 13.106ms
[31.590s][info][gc,cpu         ] GC(107) User=0.02s Sys=0.00s Real=0.00s
[31.919s][info][gc,start       ] GC(108) Pause Young (Allocation Failure)
[31.932s][info][gc,heap        ] GC(108) DefNew: 592068K->30749K(629120K)
[31.932s][info][gc,heap        ] GC(108) Tenured: 136296K->136296K(1398144K)
[31.932s][info][gc,metaspace   ] GC(108) Metaspace: 14392K(14976K)->14392K(14976K) NonClass: 13007K(13312K)->13007K(13312K) Class: 1385K(1664K)->1385K(1664K)
[31.932s][info][gc             ] GC(108) Pause Young (Allocation Failure) 711M->163M(1979M) 12.728ms
[31.932s][info][gc,cpu         ] GC(108) User=0.02s Sys=0.00s Real=0.01s
[32.169s][info][gc,start       ] GC(109) Pause Young (Allocation Failure)
[32.181s][info][gc,heap        ] GC(109) DefNew: 589831K->18707K(629120K)
[32.181s][info][gc,heap        ] GC(109) Tenured: 136296K->136296K(1398144K)
[32.181s][info][gc,metaspace   ] GC(109) Metaspace: 14392K(14976K)->14392K(14976K) NonClass: 13007K(13312K)->13007K(13312K) Class: 1385K(1664K)->1385K(1664K)
[32.181s][info][gc             ] GC(109) Pause Young (Allocation Failure) 709M->151M(1979M) 12.516ms
[32.181s][info][gc,cpu         ] GC(109) User=0.02s Sys=0.00s Real=0.02s
[32.286s][info][gc,start       ] GC(110) Pause Young (Allocation Failure)
[32.298s][info][gc,heap        ] GC(110) DefNew: 577939K->32852K(629120K)
[32.298s][info][gc,heap        ] GC(110) Tenured: 136296K->136296K(1398144K)
[32.298s][info][gc,metaspace   ] GC(110) Metaspace: 14392K(14976K)->14392K(14976K) NonClass: 13007K(13312K)->13007K(13312K) Class: 1385K(1664K)->1385K(1664K)
[32.298s][info][gc             ] GC(110) Pause Young (Allocation Failure) 697M->165M(1979M) 12.194ms
[32.298s][info][gc,cpu         ] GC(110) User=0.00s Sys=0.00s Real=0.01s
[32.654s][info][gc,start       ] GC(111) Pause Young (Allocation Failure)
[32.666s][info][gc,heap        ] GC(111) DefNew: 592084K->30758K(629120K)
[32.666s][info][gc,heap        ] GC(111) Tenured: 136296K->136296K(1398144K)
[32.666s][info][gc,metaspace   ] GC(111) Metaspace: 14392K(14976K)->14392K(14976K) NonClass: 13007K(13312K)->13007K(13312K) Class: 1385K(1664K)->1385K(1664K)
[32.666s][info][gc             ] GC(111) Pause Young (Allocation Failure) 711M->163M(1979M) 12.537ms
[32.666s][info][gc,cpu         ] GC(111) User=0.02s Sys=0.00s Real=0.01s
[32.739s][info][gc,start       ] GC(112) Pause Young (Allocation Failure)
[32.751s][info][gc,heap        ] GC(112) DefNew: 589990K->30757K(629120K)
[32.751s][info][gc,heap        ] GC(112) Tenured: 136296K->136296K(1398144K)
[32.751s][info][gc,metaspace   ] GC(112) Metaspace: 14392K(14976K)->14392K(14976K) NonClass: 13007K(13312K)->13007K(13312K) Class: 1385K(1664K)->1385K(1664K)
[32.751s][info][gc             ] GC(112) Pause Young (Allocation Failure) 709M->163M(1979M) 11.791ms
[32.751s][info][gc,cpu         ] GC(112) User=0.00s Sys=0.00s Real=0.00s
[33.024s][info][gc,start       ] GC(113) Pause Young (Allocation Failure)
[33.036s][info][gc,heap        ] GC(113) DefNew: 589989K->32857K(629120K)
[33.036s][info][gc,heap        ] GC(113) Tenured: 136296K->136296K(1398144K)
[33.036s][info][gc,metaspace   ] GC(113) Metaspace: 14397K(14976K)->14397K(14976K) NonClass: 13012K(13312K)->13012K(13312K) Class: 1385K(1664K)->1385K(1664K)
[33.037s][info][gc             ] GC(113) Pause Young (Allocation Failure) 709M->165M(1979M) 12.993ms
[33.037s][info][gc,cpu         ] GC(113) User=0.02s Sys=0.00s Real=0.00s
[33.108s][info][gc,start       ] GC(114) Pause Young (Allocation Failure)
[33.121s][info][gc,heap        ] GC(114) DefNew: 592089K->32857K(629120K)
[33.121s][info][gc,heap        ] GC(114) Tenured: 136296K->136296K(1398144K)
[33.121s][info][gc,metaspace   ] GC(114) Metaspace: 14397K(14976K)->14397K(14976K) NonClass: 13012K(13312K)->13012K(13312K) Class: 1385K(1664K)->1385K(1664K)
[33.121s][info][gc             ] GC(114) Pause Young (Allocation Failure) 711M->165M(1979M) 12.228ms
[33.121s][info][gc,cpu         ] GC(114) User=0.02s Sys=0.00s Real=0.01s
[33.478s][info][gc,start       ] GC(115) Pause Young (Allocation Failure)
[33.491s][info][gc,heap        ] GC(115) DefNew: 592089K->30761K(629120K)
[33.491s][info][gc,heap        ] GC(115) Tenured: 136296K->136296K(1398144K)
[33.491s][info][gc,metaspace   ] GC(115) Metaspace: 14397K(14976K)->14397K(14976K) NonClass: 13012K(13312K)->13012K(13312K) Class: 1385K(1664K)->1385K(1664K)
[33.491s][info][gc             ] GC(115) Pause Young (Allocation Failure) 711M->163M(1979M) 12.771ms
[33.491s][info][gc,cpu         ] GC(115) User=0.02s Sys=0.00s Real=0.00s
[33.562s][info][gc,start       ] GC(116) Pause Young (Allocation Failure)
[33.574s][info][gc,heap        ] GC(116) DefNew: 589993K->30768K(629120K)
[33.574s][info][gc,heap        ] GC(116) Tenured: 136296K->136296K(1398144K)
[33.574s][info][gc,metaspace   ] GC(116) Metaspace: 14397K(14976K)->14397K(14976K) NonClass: 13012K(13312K)->13012K(13312K) Class: 1385K(1664K)->1385K(1664K)
[33.574s][info][gc             ] GC(116) Pause Young (Allocation Failure) 709M->163M(1979M) 11.853ms
[33.574s][info][gc,cpu         ] GC(116) User=0.02s Sys=0.00s Real=0.00s
[33.847s][info][gc,start       ] GC(117) Pause Young (Allocation Failure)
[33.860s][info][gc,heap        ] GC(117) DefNew: 590000K->32470K(629120K)
[33.860s][info][gc,heap        ] GC(117) Tenured: 136296K->136691K(1398144K)
[33.860s][info][gc,metaspace   ] GC(117) Metaspace: 14405K(14976K)->14405K(14976K) NonClass: 13020K(13312K)->13020K(13312K) Class: 1385K(1664K)->1385K(1664K)
[33.860s][info][gc             ] GC(117) Pause Young (Allocation Failure) 709M->165M(1979M) 13.030ms
[33.860s][info][gc,cpu         ] GC(117) User=0.00s Sys=0.00s Real=0.01s
[33.929s][info][gc,start       ] GC(118) Pause Young (Allocation Failure)
[33.942s][info][gc,heap        ] GC(118) DefNew: 591702K->32473K(629120K)
[33.942s][info][gc,heap        ] GC(118) Tenured: 136691K->136691K(1398144K)
[33.942s][info][gc,metaspace   ] GC(118) Metaspace: 14405K(14976K)->14405K(14976K) NonClass: 13020K(13312K)->13020K(13312K) Class: 1385K(1664K)->1385K(1664K)
[33.942s][info][gc             ] GC(118) Pause Young (Allocation Failure) 711M->165M(1979M) 12.314ms
[33.942s][info][gc,cpu         ] GC(118) User=0.02s Sys=0.00s Real=0.01s
[34.328s][info][gc,start       ] GC(119) Pause Young (Allocation Failure)
[34.341s][info][gc,heap        ] GC(119) DefNew: 591705K->30377K(629120K)
[34.341s][info][gc,heap        ] GC(119) Tenured: 136691K->136692K(1398144K)
[34.341s][info][gc,metaspace   ] GC(119) Metaspace: 14406K(14976K)->14406K(14976K) NonClass: 13021K(13312K)->13021K(13312K) Class: 1385K(1664K)->1385K(1664K)
[34.341s][info][gc             ] GC(119) Pause Young (Allocation Failure) 711M->163M(1979M) 12.832ms
[34.341s][info][gc,cpu         ] GC(119) User=0.02s Sys=0.00s Real=0.01s
[34.415s][info][gc,start       ] GC(120) Pause Young (Allocation Failure)
[34.427s][info][gc,heap        ] GC(120) DefNew: 589609K->30369K(629120K)
[34.427s][info][gc,heap        ] GC(120) Tenured: 136692K->136692K(1398144K)
[34.427s][info][gc,metaspace   ] GC(120) Metaspace: 14406K(14976K)->14406K(14976K) NonClass: 13021K(13312K)->13021K(13312K) Class: 1385K(1664K)->1385K(1664K)
[34.427s][info][gc             ] GC(120) Pause Young (Allocation Failure) 709M->163M(1979M) 11.882ms
[34.427s][info][gc,cpu         ] GC(120) User=0.02s Sys=0.00s Real=0.00s
[34.683s][info][gc,start       ] GC(121) Pause Full (System.gc())
[34.684s][info][gc,phases,start] GC(121) Phase 1: Mark live objects
[34.688s][info][gc,phases      ] GC(121) Phase 1: Mark live objects 4.043ms
[34.688s][info][gc,phases,start] GC(121) Phase 2: Compute new object addresses
[34.747s][info][gc,phases      ] GC(121) Phase 2: Compute new object addresses 59.494ms
[34.747s][info][gc,phases,start] GC(121) Phase 3: Adjust pointers
[34.750s][info][gc,phases      ] GC(121) Phase 3: Adjust pointers 2.689ms
[34.750s][info][gc,phases,start] GC(121) Phase 4: Move objects
[34.750s][info][gc,phases      ] GC(121) Phase 4: Move objects 0.020ms
[34.750s][info][gc,heap        ] GC(121) DefNew: 559936K->0K(629120K)
[34.750s][info][gc,heap        ] GC(121) Tenured: 136692K->5358K(1398144K)
[34.750s][info][gc,metaspace   ] GC(121) Metaspace: 14412K(14976K)->14412K(14976K) NonClass: 13027K(13312K)->13027K(13312K) Class: 1385K(1664K)->1385K(1664K)
[34.750s][info][gc             ] GC(121) Pause Full (System.gc()) 680M->5M(1979M) 66.540ms
[34.750s][info][gc,cpu         ] GC(121) User=0.06s Sys=0.00s Real=0.07s
[35.016s][info][gc,start       ] GC(122) Pause Young (Allocation Failure)
[35.041s][info][gc,heap        ] GC(122) DefNew: 559232K->32861K(629120K)
[35.041s][info][gc,heap        ] GC(122) Tenured: 5358K->136430K(1398144K)
[35.041s][info][gc,metaspace   ] GC(122) Metaspace: 14412K(14976K)->14412K(14976K) NonClass: 13027K(13312K)->13027K(13312K) Class: 1385K(1664K)->1385K(1664K)
[35.041s][info][gc             ] GC(122) Pause Young (Allocation Failure) 551M->165M(1979M) 24.950ms
[35.041s][info][gc,cpu         ] GC(122) User=0.03s Sys=0.00s Real=0.02s
[35.106s][info][gc,start       ] GC(123) Pause Young (Allocation Failure)
[35.118s][info][gc,heap        ] GC(123) DefNew: 592093K->32856K(629120K)
[35.118s][info][gc,heap        ] GC(123) Tenured: 136430K->136430K(1398144K)
[35.118s][info][gc,metaspace   ] GC(123) Metaspace: 14412K(14976K)->14412K(14976K) NonClass: 13027K(13312K)->13027K(13312K) Class: 1385K(1664K)->1385K(1664K)
[35.118s][info][gc             ] GC(123) Pause Young (Allocation Failure) 711M->165M(1979M) 12.271ms
[35.118s][info][gc,cpu         ] GC(123) User=0.02s Sys=0.00s Real=0.01s
[35.481s][info][gc,start       ] GC(124) Pause Young (Allocation Failure)
[35.494s][info][gc,heap        ] GC(124) DefNew: 592088K->30761K(629120K)
[35.494s][info][gc,heap        ] GC(124) Tenured: 136430K->136430K(1398144K)
[35.494s][info][gc,metaspace   ] GC(124) Metaspace: 14412K(14976K)->14412K(14976K) NonClass: 13027K(13312K)->13027K(13312K) Class: 1385K(1664K)->1385K(1664K)
[35.494s][info][gc             ] GC(124) Pause Young (Allocation Failure) 711M->163M(1979M) 12.690ms
[35.494s][info][gc,cpu         ] GC(124) User=0.02s Sys=0.00s Real=0.00s
[35.558s][info][gc,start       ] GC(125) Pause Young (Allocation Failure)
[35.570s][info][gc,heap        ] GC(125) DefNew: 589993K->30743K(629120K)
[35.570s][info][gc,heap        ] GC(125) Tenured: 136430K->136430K(1398144K)
[35.570s][info][gc,metaspace   ] GC(125) Metaspace: 14412K(14976K)->14412K(14976K) NonClass: 13027K(13312K)->13027K(13312K) Class: 1385K(1664K)->1385K(1664K)
[35.570s][info][gc             ] GC(125) Pause Young (Allocation Failure) 709M->163M(1979M) 12.389ms
[35.570s][info][gc,cpu         ] GC(125) User=0.02s Sys=0.00s Real=0.01s
[35.849s][info][gc,start       ] GC(126) Pause Young (Allocation Failure)
[35.862s][info][gc,heap        ] GC(126) DefNew: 589975K->32869K(629120K)
[35.862s][info][gc,heap        ] GC(126) Tenured: 136430K->136430K(1398144K)
[35.862s][info][gc,metaspace   ] GC(126) Metaspace: 14412K(14976K)->14412K(14976K) NonClass: 13027K(13312K)->13027K(13312K) Class: 1385K(1664K)->1385K(1664K)
[35.862s][info][gc             ] GC(126) Pause Young (Allocation Failure) 709M->165M(1979M) 12.864ms
[35.862s][info][gc,cpu         ] GC(126) User=0.00s Sys=0.00s Real=0.00s
[35.934s][info][gc,start       ] GC(127) Pause Young (Allocation Failure)
[35.947s][info][gc,heap        ] GC(127) DefNew: 592101K->32836K(629120K)
[35.947s][info][gc,heap        ] GC(127) Tenured: 136430K->136430K(1398144K)
[35.947s][info][gc,metaspace   ] GC(127) Metaspace: 14412K(14976K)->14412K(14976K) NonClass: 13027K(13312K)->13027K(13312K) Class: 1385K(1664K)->1385K(1664K)
[35.947s][info][gc             ] GC(127) Pause Young (Allocation Failure) 711M->165M(1979M) 12.942ms
[35.947s][info][gc,cpu         ] GC(127) User=0.02s Sys=0.00s Real=0.02s
[36.302s][info][gc,start       ] GC(128) Pause Young (Allocation Failure)
[36.314s][info][gc,heap        ] GC(128) DefNew: 592068K->30767K(629120K)
[36.314s][info][gc,heap        ] GC(128) Tenured: 136430K->136430K(1398144K)
[36.314s][info][gc,metaspace   ] GC(128) Metaspace: 14412K(14976K)->14412K(14976K) NonClass: 13027K(13312K)->13027K(13312K) Class: 1385K(1664K)->1385K(1664K)
[36.314s][info][gc             ] GC(128) Pause Young (Allocation Failure) 711M->163M(1979M) 12.560ms
[36.314s][info][gc,cpu         ] GC(128) User=0.00s Sys=0.00s Real=0.01s
[36.550s][info][gc,start       ] GC(129) Pause Young (Allocation Failure)
[36.562s][info][gc,heap        ] GC(129) DefNew: 589999K->19164K(629120K)
[36.562s][info][gc,heap        ] GC(129) Tenured: 136430K->136430K(1398144K)
[36.562s][info][gc,metaspace   ] GC(129) Metaspace: 14424K(14976K)->14424K(14976K) NonClass: 13039K(13312K)->13039K(13312K) Class: 1385K(1664K)->1385K(1664K)
[36.562s][info][gc             ] GC(129) Pause Young (Allocation Failure) 709M->151M(1979M) 12.031ms
[36.562s][info][gc,cpu         ] GC(129) User=0.00s Sys=0.00s Real=0.01s
[36.668s][info][gc,start       ] GC(130) Pause Young (Allocation Failure)
[36.680s][info][gc,heap        ] GC(130) DefNew: 578396K->32865K(629120K)
[36.680s][info][gc,heap        ] GC(130) Tenured: 136430K->136430K(1398144K)
[36.680s][info][gc,metaspace   ] GC(130) Metaspace: 14424K(14976K)->14424K(14976K) NonClass: 13039K(13312K)->13039K(13312K) Class: 1385K(1664K)->1385K(1664K)
[36.680s][info][gc             ] GC(130) Pause Young (Allocation Failure) 698M->165M(1979M) 12.233ms
[36.680s][info][gc,cpu         ] GC(130) User=0.02s Sys=0.00s Real=0.00s
[37.033s][info][gc,start       ] GC(131) Pause Young (Allocation Failure)
[37.045s][info][gc,heap        ] GC(131) DefNew: 592097K->30769K(629120K)
[37.045s][info][gc,heap        ] GC(131) Tenured: 136430K->136430K(1398144K)
[37.045s][info][gc,metaspace   ] GC(131) Metaspace: 14424K(14976K)->14424K(14976K) NonClass: 13039K(13312K)->13039K(13312K) Class: 1385K(1664K)->1385K(1664K)
[37.045s][info][gc             ] GC(131) Pause Young (Allocation Failure) 711M->163M(1979M) 12.528ms
[37.045s][info][gc,cpu         ] GC(131) User=0.02s Sys=0.00s Real=0.00s
[37.118s][info][gc,start       ] GC(132) Pause Young (Allocation Failure)
[37.130s][info][gc,heap        ] GC(132) DefNew: 590001K->30763K(629120K)
[37.130s][info][gc,heap        ] GC(132) Tenured: 136430K->136430K(1398144K)
[37.130s][info][gc,metaspace   ] GC(132) Metaspace: 14424K(14976K)->14424K(14976K) NonClass: 13039K(13312K)->13039K(13312K) Class: 1385K(1664K)->1385K(1664K)
[37.130s][info][gc             ] GC(132) Pause Young (Allocation Failure) 709M->163M(1979M) 11.835ms
[37.130s][info][gc,cpu         ] GC(132) User=0.02s Sys=0.00s Real=0.01s
[37.399s][info][gc,start       ] GC(133) Pause Young (Allocation Failure)
[37.412s][info][gc,heap        ] GC(133) DefNew: 589995K->32869K(629120K)
[37.412s][info][gc,heap        ] GC(133) Tenured: 136430K->136430K(1398144K)
[37.412s][info][gc,metaspace   ] GC(133) Metaspace: 14424K(14976K)->14424K(14976K) NonClass: 13039K(13312K)->13039K(13312K) Class: 1385K(1664K)->1385K(1664K)
[37.412s][info][gc             ] GC(133) Pause Young (Allocation Failure) 709M->165M(1979M) 12.968ms
[37.412s][info][gc,cpu         ] GC(133) User=0.02s Sys=0.00s Real=0.01s
[37.488s][info][gc,start       ] GC(134) Pause Young (Allocation Failure)
[37.500s][info][gc,heap        ] GC(134) DefNew: 592101K->32874K(629120K)
[37.500s][info][gc,heap        ] GC(134) Tenured: 136430K->136430K(1398144K)
[37.500s][info][gc,metaspace   ] GC(134) Metaspace: 14424K(14976K)->14424K(14976K) NonClass: 13039K(13312K)->13039K(13312K) Class: 1385K(1664K)->1385K(1664K)
[37.500s][info][gc             ] GC(134) Pause Young (Allocation Failure) 711M->165M(1979M) 12.422ms
[37.500s][info][gc,cpu         ] GC(134) User=0.00s Sys=0.00s Real=0.01s
[37.856s][info][gc,start       ] GC(135) Pause Young (Allocation Failure)
[37.869s][info][gc,heap        ] GC(135) DefNew: 592106K->30771K(629120K)
[37.869s][info][gc,heap        ] GC(135) Tenured: 136430K->136430K(1398144K)
[37.869s][info][gc,metaspace   ] GC(135) Metaspace: 14424K(14976K)->14424K(14976K) NonClass: 13039K(13312K)->13039K(13312K) Class: 1385K(1664K)->1385K(1664K)
[37.869s][info][gc             ] GC(135) Pause Young (Allocation Failure) 711M->163M(1979M) 12.633ms
[37.869s][info][gc,cpu         ] GC(135) User=0.02s Sys=0.00s Real=0.00s
[37.939s][info][gc,start       ] GC(136) Pause Young (Allocation Failure)
[37.951s][info][gc,heap        ] GC(136) DefNew: 590003K->30760K(629120K)
[37.951s][info][gc,heap        ] GC(136) Tenured: 136430K->136430K(1398144K)
[37.951s][info][gc,metaspace   ] GC(136) Metaspace: 14424K(14976K)->14424K(14976K) NonClass: 13039K(13312K)->13039K(13312K) Class: 1385K(1664K)->1385K(1664K)
[37.951s][info][gc             ] GC(136) Pause Young (Allocation Failure) 709M->163M(1979M) 11.841ms
[37.951s][info][gc,cpu         ] GC(136) User=0.02s Sys=0.00s Real=0.01s
[38.223s][info][gc,start       ] GC(137) Pause Young (Allocation Failure)
[38.236s][info][gc,heap        ] GC(137) DefNew: 589992K->32470K(629120K)
[38.236s][info][gc,heap        ] GC(137) Tenured: 136430K->136825K(1398144K)
[38.236s][info][gc,metaspace   ] GC(137) Metaspace: 14425K(14976K)->14425K(14976K) NonClass: 13040K(13312K)->13040K(13312K) Class: 1385K(1664K)->1385K(1664K)
[38.236s][info][gc             ] GC(137) Pause Young (Allocation Failure) 709M->165M(1979M) 13.118ms
[38.236s][info][gc,cpu         ] GC(137) User=0.00s Sys=0.00s Real=0.01s
[38.306s][info][gc,start       ] GC(138) Pause Young (Allocation Failure)
[38.318s][info][gc,heap        ] GC(138) DefNew: 591702K->32469K(629120K)
[38.318s][info][gc,heap        ] GC(138) Tenured: 136825K->136825K(1398144K)
[38.318s][info][gc,metaspace   ] GC(138) Metaspace: 14425K(14976K)->14425K(14976K) NonClass: 13040K(13312K)->13040K(13312K) Class: 1385K(1664K)->1385K(1664K)
[38.318s][info][gc             ] GC(138) Pause Young (Allocation Failure) 711M->165M(1979M) 12.056ms
[38.318s][info][gc,cpu         ] GC(138) User=0.02s Sys=0.00s Real=0.01s
[38.707s][info][gc,start       ] GC(139) Pause Young (Allocation Failure)
[38.720s][info][gc,heap        ] GC(139) DefNew: 591701K->30368K(629120K)
[38.720s][info][gc,heap        ] GC(139) Tenured: 136825K->136826K(1398144K)
[38.720s][info][gc,metaspace   ] GC(139) Metaspace: 14425K(14976K)->14425K(14976K) NonClass: 13040K(13312K)->13040K(13312K) Class: 1385K(1664K)->1385K(1664K)
[38.720s][info][gc             ] GC(139) Pause Young (Allocation Failure) 711M->163M(1979M) 13.055ms
[38.720s][info][gc,cpu         ] GC(139) User=0.00s Sys=0.00s Real=0.01s
[38.792s][info][gc,start       ] GC(140) Pause Young (Allocation Failure)
[38.804s][info][gc,heap        ] GC(140) DefNew: 589600K->30369K(629120K)
[38.804s][info][gc,heap        ] GC(140) Tenured: 136826K->136826K(1398144K)
[38.804s][info][gc,metaspace   ] GC(140) Metaspace: 14425K(14976K)->14425K(14976K) NonClass: 13040K(13312K)->13040K(13312K) Class: 1385K(1664K)->1385K(1664K)
[38.804s][info][gc             ] GC(140) Pause Young (Allocation Failure) 709M->163M(1979M) 11.817ms
[38.804s][info][gc,cpu         ] GC(140) User=0.02s Sys=0.00s Real=0.00s
[39.057s][info][gc,start       ] GC(141) Pause Full (System.gc())
[39.057s][info][gc,phases,start] GC(141) Phase 1: Mark live objects
[39.061s][info][gc,phases      ] GC(141) Phase 1: Mark live objects 4.056ms
[39.061s][info][gc,phases,start] GC(141) Phase 2: Compute new object addresses
[39.121s][info][gc,phases      ] GC(141) Phase 2: Compute new object addresses 60.008ms
[39.121s][info][gc,phases,start] GC(141) Phase 3: Adjust pointers
[39.124s][info][gc,phases      ] GC(141) Phase 3: Adjust pointers 2.681ms
[39.124s][info][gc,phases,start] GC(141) Phase 4: Move objects
[39.124s][info][gc,phases      ] GC(141) Phase 4: Move objects 0.024ms
[39.124s][info][gc,heap        ] GC(141) DefNew: 565366K->0K(629120K)
[39.124s][info][gc,heap        ] GC(141) Tenured: 136826K->4974K(1398144K)
[39.124s][info][gc,metaspace   ] GC(141) Metaspace: 14429K(15232K)->14429K(15232K) NonClass: 13044K(13568K)->13044K(13568K) Class: 1385K(1664K)->1385K(1664K)
[39.124s][info][gc             ] GC(141) Pause Full (System.gc()) 685M->4M(1979M) 67.131ms
[39.124s][info][gc,cpu         ] GC(141) User=0.06s Sys=0.00s Real=0.06s
[39.393s][info][gc,start       ] GC(142) Pause Young (Allocation Failure)
[39.418s][info][gc,heap        ] GC(142) DefNew: 559232K->32864K(629120K)
[39.418s][info][gc,heap        ] GC(142) Tenured: 4974K->136046K(1398144K)
[39.418s][info][gc,metaspace   ] GC(142) Metaspace: 14429K(15232K)->14429K(15232K) NonClass: 13044K(13568K)->13044K(13568K) Class: 1385K(1664K)->1385K(1664K)
[39.418s][info][gc             ] GC(142) Pause Young (Allocation Failure) 550M->164M(1979M) 25.394ms
[39.418s][info][gc,cpu         ] GC(142) User=0.03s Sys=0.00s Real=0.02s
[39.483s][info][gc,start       ] GC(143) Pause Young (Allocation Failure)
[39.496s][info][gc,heap        ] GC(143) DefNew: 592096K->32862K(629120K)
[39.496s][info][gc,heap        ] GC(143) Tenured: 136046K->136046K(1398144K)
[39.496s][info][gc,metaspace   ] GC(143) Metaspace: 14429K(15232K)->14429K(15232K) NonClass: 13044K(13568K)->13044K(13568K) Class: 1385K(1664K)->1385K(1664K)
[39.496s][info][gc             ] GC(143) Pause Young (Allocation Failure) 711M->164M(1979M) 12.317ms
[39.496s][info][gc,cpu         ] GC(143) User=0.02s Sys=0.00s Real=0.01s
[39.860s][info][gc,start       ] GC(144) Pause Young (Allocation Failure)
[39.873s][info][gc,heap        ] GC(144) DefNew: 592094K->30753K(629120K)
[39.873s][info][gc,heap        ] GC(144) Tenured: 136046K->136046K(1398144K)
[39.873s][info][gc,metaspace   ] GC(144) Metaspace: 14429K(15232K)->14429K(15232K) NonClass: 13044K(13568K)->13044K(13568K) Class: 1385K(1664K)->1385K(1664K)
[39.873s][info][gc             ] GC(144) Pause Young (Allocation Failure) 711M->162M(1979M) 12.473ms
[39.873s][info][gc,cpu         ] GC(144) User=0.02s Sys=0.00s Real=0.00s
[39.937s][info][gc,start       ] GC(145) Pause Young (Allocation Failure)
[39.948s][info][gc,heap        ] GC(145) DefNew: 589985K->30743K(629120K)
[39.948s][info][gc,heap        ] GC(145) Tenured: 136046K->136046K(1398144K)
[39.948s][info][gc,metaspace   ] GC(145) Metaspace: 14429K(15232K)->14429K(15232K) NonClass: 13044K(13568K)->13044K(13568K) Class: 1385K(1664K)->1385K(1664K)
[39.948s][info][gc             ] GC(145) Pause Young (Allocation Failure) 709M->162M(1979M) 11.870ms
[39.948s][info][gc,cpu         ] GC(145) User=0.02s Sys=0.00s Real=0.00s
[40.227s][info][gc,start       ] GC(146) Pause Young (Allocation Failure)
[40.240s][info][gc,heap        ] GC(146) DefNew: 589975K->32855K(629120K)
[40.240s][info][gc,heap        ] GC(146) Tenured: 136046K->136046K(1398144K)
[40.240s][info][gc,metaspace   ] GC(146) Metaspace: 14429K(15232K)->14429K(15232K) NonClass: 13044K(13568K)->13044K(13568K) Class: 1385K(1664K)->1385K(1664K)
[40.240s][info][gc             ] GC(146) Pause Young (Allocation Failure) 709M->164M(1979M) 13.052ms
[40.240s][info][gc,cpu         ] GC(146) User=0.02s Sys=0.00s Real=0.01s
[40.308s][info][gc,start       ] GC(147) Pause Young (Allocation Failure)
[40.321s][info][gc,heap        ] GC(147) DefNew: 592087K->32836K(629120K)
[40.321s][info][gc,heap        ] GC(147) Tenured: 136046K->136046K(1398144K)
[40.321s][info][gc,metaspace   ] GC(147) Metaspace: 14429K(15232K)->14429K(15232K) NonClass: 13044K(13568K)->13044K(13568K) Class: 1385K(1664K)->1385K(1664K)
[40.321s][info][gc             ] GC(147) Pause Young (Allocation Failure) 711M->164M(1979M) 13.193ms
[40.321s][info][gc,cpu         ] GC(147) User=0.02s Sys=0.00s Real=0.02s
[40.684s][info][gc,start       ] GC(148) Pause Young (Allocation Failure)
[40.696s][info][gc,heap        ] GC(148) DefNew: 592068K->30749K(629120K)
[40.696s][info][gc,heap        ] GC(148) Tenured: 136046K->136046K(1398144K)
[40.696s][info][gc,metaspace   ] GC(148) Metaspace: 14429K(15232K)->14429K(15232K) NonClass: 13044K(13568K)->13044K(13568K) Class: 1385K(1664K)->1385K(1664K)
[40.696s][info][gc             ] GC(148) Pause Young (Allocation Failure) 711M->162M(1979M) 12.589ms
[40.696s][info][gc,cpu         ] GC(148) User=0.02s Sys=0.00s Real=0.01s
[40.933s][info][gc,start       ] GC(149) Pause Young (Allocation Failure)
[40.944s][info][gc,heap        ] GC(149) DefNew: 589981K->17092K(629120K)
[40.944s][info][gc,heap        ] GC(149) Tenured: 136046K->136046K(1398144K)
[40.944s][info][gc,metaspace   ] GC(149) Metaspace: 14429K(15232K)->14429K(15232K) NonClass: 13044K(13568K)->13044K(13568K) Class: 1385K(1664K)->1385K(1664K)
[40.944s][info][gc             ] GC(149) Pause Young (Allocation Failure) 709M->149M(1979M) 11.138ms
[40.944s][info][gc,cpu         ] GC(149) User=0.02s Sys=0.00s Real=0.02s
[41.048s][info][gc,start       ] GC(150) Pause Young (Allocation Failure)
[41.060s][info][gc,heap        ] GC(150) DefNew: 576324K->32853K(629120K)
[41.060s][info][gc,heap        ] GC(150) Tenured: 136046K->136046K(1398144K)
[41.060s][info][gc,metaspace   ] GC(150) Metaspace: 14429K(15232K)->14429K(15232K) NonClass: 13044K(13568K)->13044K(13568K) Class: 1385K(1664K)->1385K(1664K)
[41.060s][info][gc             ] GC(150) Pause Young (Allocation Failure) 695M->164M(1979M) 12.160ms
[41.060s][info][gc,cpu         ] GC(150) User=0.02s Sys=0.00s Real=0.01s
[41.413s][info][gc,start       ] GC(151) Pause Young (Allocation Failure)
[41.426s][info][gc,heap        ] GC(151) DefNew: 592085K->30764K(629120K)
[41.426s][info][gc,heap        ] GC(151) Tenured: 136046K->136046K(1398144K)
[41.426s][info][gc,metaspace   ] GC(151) Metaspace: 14431K(15232K)->14431K(15232K) NonClass: 13046K(13568K)->13046K(13568K) Class: 1385K(1664K)->1385K(1664K)
[41.426s][info][gc             ] GC(151) Pause Young (Allocation Failure) 711M->162M(1979M) 13.323ms
[41.426s][info][gc,cpu         ] GC(151) User=0.02s Sys=0.00s Real=0.01s
[41.501s][info][gc,start       ] GC(152) Pause Young (Allocation Failure)
[41.513s][info][gc,heap        ] GC(152) DefNew: 589996K->30758K(629120K)
[41.513s][info][gc,heap        ] GC(152) Tenured: 136046K->136046K(1398144K)
[41.513s][info][gc,metaspace   ] GC(152) Metaspace: 14431K(15232K)->14431K(15232K) NonClass: 13046K(13568K)->13046K(13568K) Class: 1385K(1664K)->1385K(1664K)
[41.513s][info][gc             ] GC(152) Pause Young (Allocation Failure) 709M->162M(1979M) 11.735ms
[41.513s][info][gc,cpu         ] GC(152) User=0.02s Sys=0.00s Real=0.01s
[41.788s][info][gc,start       ] GC(153) Pause Young (Allocation Failure)
[41.801s][info][gc,heap        ] GC(153) DefNew: 589990K->32874K(629120K)
[41.801s][info][gc,heap        ] GC(153) Tenured: 136046K->136046K(1398144K)
[41.801s][info][gc,metaspace   ] GC(153) Metaspace: 14432K(15232K)->14432K(15232K) NonClass: 13047K(13568K)->13047K(13568K) Class: 1385K(1664K)->1385K(1664K)
[41.801s][info][gc             ] GC(153) Pause Young (Allocation Failure) 709M->164M(1979M) 12.925ms
[41.801s][info][gc,cpu         ] GC(153) User=0.02s Sys=0.00s Real=0.00s
[41.873s][info][gc,start       ] GC(154) Pause Young (Allocation Failure)
[41.885s][info][gc,heap        ] GC(154) DefNew: 592106K->32868K(629120K)
[41.885s][info][gc,heap        ] GC(154) Tenured: 136046K->136046K(1398144K)
[41.885s][info][gc,metaspace   ] GC(154) Metaspace: 14432K(15232K)->14432K(15232K) NonClass: 13047K(13568K)->13047K(13568K) Class: 1385K(1664K)->1385K(1664K)
[41.885s][info][gc             ] GC(154) Pause Young (Allocation Failure) 711M->164M(1979M) 12.150ms
[41.885s][info][gc,cpu         ] GC(154) User=0.02s Sys=0.00s Real=0.01s
[42.244s][info][gc,start       ] GC(155) Pause Young (Allocation Failure)
[42.256s][info][gc,heap        ] GC(155) DefNew: 592100K->30760K(629120K)
[42.256s][info][gc,heap        ] GC(155) Tenured: 136046K->136046K(1398144K)
[42.256s][info][gc,metaspace   ] GC(155) Metaspace: 14432K(15232K)->14432K(15232K) NonClass: 13047K(13568K)->13047K(13568K) Class: 1385K(1664K)->1385K(1664K)
[42.256s][info][gc             ] GC(155) Pause Young (Allocation Failure) 711M->162M(1979M) 12.727ms
[42.256s][info][gc,cpu         ] GC(155) User=0.02s Sys=0.00s Real=0.01s
[42.327s][info][gc,start       ] GC(156) Pause Young (Allocation Failure)
[42.339s][info][gc,heap        ] GC(156) DefNew: 589992K->30760K(629120K)
[42.339s][info][gc,heap        ] GC(156) Tenured: 136046K->136046K(1398144K)
[42.339s][info][gc,metaspace   ] GC(156) Metaspace: 14432K(15232K)->14432K(15232K) NonClass: 13047K(13568K)->13047K(13568K) Class: 1385K(1664K)->1385K(1664K)
[42.339s][info][gc             ] GC(156) Pause Young (Allocation Failure) 709M->162M(1979M) 12.024ms
[42.339s][info][gc,cpu         ] GC(156) User=0.02s Sys=0.00s Real=0.00s
[42.613s][info][gc,start       ] GC(157) Pause Young (Allocation Failure)
[42.626s][info][gc,heap        ] GC(157) DefNew: 589992K->32463K(629120K)
[42.626s][info][gc,heap        ] GC(157) Tenured: 136046K->136441K(1398144K)
[42.626s][info][gc,metaspace   ] GC(157) Metaspace: 14432K(15232K)->14432K(15232K) NonClass: 13047K(13568K)->13047K(13568K) Class: 1385K(1664K)->1385K(1664K)
[42.626s][info][gc             ] GC(157) Pause Young (Allocation Failure) 709M->164M(1979M) 13.067ms
[42.626s][info][gc,cpu         ] GC(157) User=0.00s Sys=0.00s Real=0.00s
[42.700s][info][gc,start       ] GC(158) Pause Young (Allocation Failure)
[42.712s][info][gc,heap        ] GC(158) DefNew: 591695K->32484K(629120K)
[42.712s][info][gc,heap        ] GC(158) Tenured: 136441K->136441K(1398144K)
[42.712s][info][gc,metaspace   ] GC(158) Metaspace: 14432K(15232K)->14432K(15232K) NonClass: 13047K(13568K)->13047K(13568K) Class: 1385K(1664K)->1385K(1664K)
[42.712s][info][gc             ] GC(158) Pause Young (Allocation Failure) 711M->164M(1979M) 12.071ms
[42.712s][info][gc,cpu         ] GC(158) User=0.02s Sys=0.00s Real=0.01s
[43.102s][info][gc,start       ] GC(159) Pause Young (Allocation Failure)
[43.115s][info][gc,heap        ] GC(159) DefNew: 591716K->30366K(629120K)
[43.115s][info][gc,heap        ] GC(159) Tenured: 136441K->136442K(1398144K)
[43.115s][info][gc,metaspace   ] GC(159) Metaspace: 14433K(15232K)->14433K(15232K) NonClass: 13047K(13568K)->13047K(13568K) Class: 1385K(1664K)->1385K(1664K)
[43.115s][info][gc             ] GC(159) Pause Young (Allocation Failure) 711M->162M(1979M) 12.770ms
[43.115s][info][gc,cpu         ] GC(159) User=0.02s Sys=0.00s Real=0.01s
[43.187s][info][gc,start       ] GC(160) Pause Young (Allocation Failure)
[43.199s][info][gc,heap        ] GC(160) DefNew: 589598K->30374K(629120K)
[43.199s][info][gc,heap        ] GC(160) Tenured: 136442K->136442K(1398144K)
[43.199s][info][gc,metaspace   ] GC(160) Metaspace: 14433K(15232K)->14433K(15232K) NonClass: 13047K(13568K)->13047K(13568K) Class: 1385K(1664K)->1385K(1664K)
[43.199s][info][gc             ] GC(160) Pause Young (Allocation Failure) 709M->162M(1979M) 11.718ms
[43.199s][info][gc,cpu         ] GC(160) User=0.02s Sys=0.00s Real=0.00s
[43.455s][info][gc,start       ] GC(161) Pause Full (System.gc())
[43.455s][info][gc,phases,start] GC(161) Phase 1: Mark live objects
[43.460s][info][gc,phases      ] GC(161) Phase 1: Mark live objects 4.325ms
[43.460s][info][gc,phases,start] GC(161) Phase 2: Compute new object addresses
[43.519s][info][gc,phases      ] GC(161) Phase 2: Compute new object addresses 59.471ms
[43.519s][info][gc,phases,start] GC(161) Phase 3: Adjust pointers
[43.522s][info][gc,phases      ] GC(161) Phase 3: Adjust pointers 2.738ms
[43.522s][info][gc,phases,start] GC(161) Phase 4: Move objects
[43.522s][info][gc,phases      ] GC(161) Phase 4: Move objects 0.024ms
[43.522s][info][gc,heap        ] GC(161) DefNew: 565517K->0K(629120K)
[43.522s][info][gc,heap        ] GC(161) Tenured: 136442K->5111K(1398144K)
[43.522s][info][gc,metaspace   ] GC(161) Metaspace: 14439K(15232K)->14439K(15232K) NonClass: 13054K(13568K)->13054K(13568K) Class: 1385K(1664K)->1385K(1664K)
[43.522s][info][gc             ] GC(161) Pause Full (System.gc()) 685M->4M(1979M) 66.888ms
[43.522s][info][gc,cpu         ] GC(161) User=0.08s Sys=0.00s Real=0.08s
[43.787s][info][gc,start       ] GC(162) Pause Young (Allocation Failure)
[43.812s][info][gc,heap        ] GC(162) DefNew: 559232K->32861K(629120K)
[43.812s][info][gc,heap        ] GC(162) Tenured: 5111K->136183K(1398144K)
[43.812s][info][gc,metaspace   ] GC(162) Metaspace: 14439K(15232K)->14439K(15232K) NonClass: 13054K(13568K)->13054K(13568K) Class: 1385K(1664K)->1385K(1664K)
[43.812s][info][gc             ] GC(162) Pause Young (Allocation Failure) 551M->165M(1979M) 24.952ms
[43.812s][info][gc,cpu         ] GC(162) User=0.02s Sys=0.00s Real=0.02s
[43.876s][info][gc,start       ] GC(163) Pause Young (Allocation Failure)
[43.888s][info][gc,heap        ] GC(163) DefNew: 592093K->32856K(629120K)
[43.888s][info][gc,heap        ] GC(163) Tenured: 136183K->136183K(1398144K)
[43.888s][info][gc,metaspace   ] GC(163) Metaspace: 14439K(15232K)->14439K(15232K) NonClass: 13054K(13568K)->13054K(13568K) Class: 1385K(1664K)->1385K(1664K)
[43.888s][info][gc             ] GC(163) Pause Young (Allocation Failure) 711M->165M(1979M) 12.170ms
[43.888s][info][gc,cpu         ] GC(163) User=0.02s Sys=0.00s Real=0.00s
[44.255s][info][gc,start       ] GC(164) Pause Young (Allocation Failure)
[44.268s][info][gc,heap        ] GC(164) DefNew: 592088K->30754K(629120K)
[44.268s][info][gc,heap        ] GC(164) Tenured: 136183K->136183K(1398144K)
[44.268s][info][gc,metaspace   ] GC(164) Metaspace: 14439K(15232K)->14439K(15232K) NonClass: 13054K(13568K)->13054K(13568K) Class: 1385K(1664K)->1385K(1664K)
[44.268s][info][gc             ] GC(164) Pause Young (Allocation Failure) 711M->163M(1979M) 12.714ms
[44.268s][info][gc,cpu         ] GC(164) User=0.00s Sys=0.00s Real=0.00s
[44.331s][info][gc,start       ] GC(165) Pause Young (Allocation Failure)
[44.343s][info][gc,heap        ] GC(165) DefNew: 589986K->30743K(629120K)
[44.343s][info][gc,heap        ] GC(165) Tenured: 136183K->136183K(1398144K)
[44.343s][info][gc,metaspace   ] GC(165) Metaspace: 14439K(15232K)->14439K(15232K) NonClass: 13054K(13568K)->13054K(13568K) Class: 1385K(1664K)->1385K(1664K)
[44.343s][info][gc             ] GC(165) Pause Young (Allocation Failure) 709M->163M(1979M) 11.723ms
[44.343s][info][gc,cpu         ] GC(165) User=0.00s Sys=0.00s Real=0.01s
[44.622s][info][gc,start       ] GC(166) Pause Young (Allocation Failure)
[44.635s][info][gc,heap        ] GC(166) DefNew: 589975K->32862K(629120K)
[44.635s][info][gc,heap        ] GC(166) Tenured: 136183K->136183K(1398144K)
[44.635s][info][gc,metaspace   ] GC(166) Metaspace: 14441K(15232K)->14441K(15232K) NonClass: 13055K(13568K)->13055K(13568K) Class: 1385K(1664K)->1385K(1664K)
[44.635s][info][gc             ] GC(166) Pause Young (Allocation Failure) 709M->165M(1979M) 13.079ms
[44.635s][info][gc,cpu         ] GC(166) User=0.02s Sys=0.00s Real=0.00s
[44.775s][info][gc,start       ] GC(167) Pause Young (Allocation Failure)
[44.788s][info][gc,heap        ] GC(167) DefNew: 592094K->32836K(629120K)
[44.788s][info][gc,heap        ] GC(167) Tenured: 136183K->136183K(1398144K)
[44.788s][info][gc,metaspace   ] GC(167) Metaspace: 14441K(15232K)->14441K(15232K) NonClass: 13055K(13568K)->13055K(13568K) Class: 1385K(1664K)->1385K(1664K)
[44.788s][info][gc             ] GC(167) Pause Young (Allocation Failure) 711M->165M(1979M) 12.481ms
[44.788s][info][gc,cpu         ] GC(167) User=0.02s Sys=0.00s Real=0.02s
[45.075s][info][gc,start       ] GC(168) Pause Young (Allocation Failure)
[45.087s][info][gc,heap        ] GC(168) DefNew: 592068K->30752K(629120K)
[45.087s][info][gc,heap        ] GC(168) Tenured: 136183K->136183K(1398144K)
[45.087s][info][gc,metaspace   ] GC(168) Metaspace: 14446K(15232K)->14446K(15232K) NonClass: 13061K(13568K)->13061K(13568K) Class: 1385K(1664K)->1385K(1664K)
[45.087s][info][gc             ] GC(168) Pause Young (Allocation Failure) 711M->163M(1979M) 12.686ms
[45.087s][info][gc,cpu         ] GC(168) User=0.02s Sys=0.00s Real=0.01s
[45.323s][info][gc,start       ] GC(169) Pause Young (Allocation Failure)
[45.335s][info][gc,heap        ] GC(169) DefNew: 589966K->24629K(629120K)
[45.335s][info][gc,heap        ] GC(169) Tenured: 136183K->136183K(1398144K)
[45.335s][info][gc,metaspace   ] GC(169) Metaspace: 14446K(15232K)->14446K(15232K) NonClass: 13061K(13568K)->13061K(13568K) Class: 1385K(1664K)->1385K(1664K)
[45.335s][info][gc             ] GC(169) Pause Young (Allocation Failure) 709M->157M(1979M) 12.458ms
[45.335s][info][gc,cpu         ] GC(169) User=0.02s Sys=0.00s Real=0.00s
[45.443s][info][gc,start       ] GC(170) Pause Young (Allocation Failure)
[45.456s][info][gc,heap        ] GC(170) DefNew: 583861K->32860K(629120K)
[45.456s][info][gc,heap        ] GC(170) Tenured: 136183K->136183K(1398144K)
[45.456s][info][gc,metaspace   ] GC(170) Metaspace: 14446K(15232K)->14446K(15232K) NonClass: 13061K(13568K)->13061K(13568K) Class: 1385K(1664K)->1385K(1664K)
[45.456s][info][gc             ] GC(170) Pause Young (Allocation Failure) 703M->165M(1979M) 12.258ms
[45.456s][info][gc,cpu         ] GC(170) User=0.00s Sys=0.00s Real=0.01s
[45.810s][info][gc,start       ] GC(171) Pause Young (Allocation Failure)
[45.823s][info][gc,heap        ] GC(171) DefNew: 592092K->30753K(629120K)
[45.823s][info][gc,heap        ] GC(171) Tenured: 136183K->136183K(1398144K)
[45.823s][info][gc,metaspace   ] GC(171) Metaspace: 14448K(15232K)->14448K(15232K) NonClass: 13062K(13568K)->13062K(13568K) Class: 1386K(1664K)->1386K(1664K)
[45.823s][info][gc             ] GC(171) Pause Young (Allocation Failure) 711M->163M(1979M) 12.616ms
[45.823s][info][gc,cpu         ] GC(171) User=0.02s Sys=0.00s Real=0.01s
[45.895s][info][gc,start       ] GC(172) Pause Young (Allocation Failure)
[45.907s][info][gc,heap        ] GC(172) DefNew: 589985K->30761K(629120K)
[45.907s][info][gc,heap        ] GC(172) Tenured: 136183K->136183K(1398144K)
[45.907s][info][gc,metaspace   ] GC(172) Metaspace: 14448K(15232K)->14448K(15232K) NonClass: 13062K(13568K)->13062K(13568K) Class: 1386K(1664K)->1386K(1664K)
[45.907s][info][gc             ] GC(172) Pause Young (Allocation Failure) 709M->163M(1979M) 11.856ms
[45.907s][info][gc,cpu         ] GC(172) User=0.00s Sys=0.00s Real=0.00s
[46.178s][info][gc,start       ] GC(173) Pause Young (Allocation Failure)
[46.191s][info][gc,heap        ] GC(173) DefNew: 589993K->32871K(629120K)
[46.191s][info][gc,heap        ] GC(173) Tenured: 136183K->136183K(1398144K)
[46.191s][info][gc,metaspace   ] GC(173) Metaspace: 14450K(15232K)->14450K(15232K) NonClass: 13063K(13568K)->13063K(13568K) Class: 1386K(1664K)->1386K(1664K)
[46.191s][info][gc             ] GC(173) Pause Young (Allocation Failure) 709M->165M(1979M) 12.961ms
[46.191s][info][gc,cpu         ] GC(173) User=0.02s Sys=0.00s Real=0.01s
[46.262s][info][gc,start       ] GC(174) Pause Young (Allocation Failure)
[46.274s][info][gc,heap        ] GC(174) DefNew: 592103K->32867K(629120K)
[46.274s][info][gc,heap        ] GC(174) Tenured: 136183K->136183K(1398144K)
[46.274s][info][gc,metaspace   ] GC(174) Metaspace: 14450K(15232K)->14450K(15232K) NonClass: 13063K(13568K)->13063K(13568K) Class: 1386K(1664K)->1386K(1664K)
[46.274s][info][gc             ] GC(174) Pause Young (Allocation Failure) 711M->165M(1979M) 12.076ms
[46.274s][info][gc,cpu         ] GC(174) User=0.00s Sys=0.02s Real=0.00s
[46.632s][info][gc,start       ] GC(175) Pause Young (Allocation Failure)
[46.645s][info][gc,heap        ] GC(175) DefNew: 592099K->30769K(629120K)
[46.645s][info][gc,heap        ] GC(175) Tenured: 136183K->136183K(1398144K)
[46.645s][info][gc,metaspace   ] GC(175) Metaspace: 14450K(15232K)->14450K(15232K) NonClass: 13063K(13568K)->13063K(13568K) Class: 1386K(1664K)->1386K(1664K)
[46.645s][info][gc             ] GC(175) Pause Young (Allocation Failure) 711M->163M(1979M) 12.696ms
[46.645s][info][gc,cpu         ] GC(175) User=0.02s Sys=0.00s Real=0.01s
[46.715s][info][gc,start       ] GC(176) Pause Young (Allocation Failure)
[46.727s][info][gc,heap        ] GC(176) DefNew: 590001K->30755K(629120K)
[46.727s][info][gc,heap        ] GC(176) Tenured: 136183K->136183K(1398144K)
[46.727s][info][gc,metaspace   ] GC(176) Metaspace: 14450K(15232K)->14450K(15232K) NonClass: 13063K(13568K)->13063K(13568K) Class: 1386K(1664K)->1386K(1664K)
[46.727s][info][gc             ] GC(176) Pause Young (Allocation Failure) 709M->163M(1979M) 12.118ms
[46.727s][info][gc,cpu         ] GC(176) User=0.02s Sys=0.00s Real=0.01s
[46.999s][info][gc,start       ] GC(177) Pause Young (Allocation Failure)
[47.012s][info][gc,heap        ] GC(177) DefNew: 589987K->32475K(629120K)
[47.012s][info][gc,heap        ] GC(177) Tenured: 136183K->136577K(1398144K)
[47.012s][info][gc,metaspace   ] GC(177) Metaspace: 14450K(15232K)->14450K(15232K) NonClass: 13063K(13568K)->13063K(13568K) Class: 1386K(1664K)->1386K(1664K)
[47.012s][info][gc             ] GC(177) Pause Young (Allocation Failure) 709M->165M(1979M) 13.153ms
[47.012s][info][gc,cpu         ] GC(177) User=0.02s Sys=0.00s Real=0.01s
[47.082s][info][gc,start       ] GC(178) Pause Young (Allocation Failure)
[47.094s][info][gc,heap        ] GC(178) DefNew: 591707K->32480K(629120K)
[47.094s][info][gc,heap        ] GC(178) Tenured: 136577K->136577K(1398144K)
[47.094s][info][gc,metaspace   ] GC(178) Metaspace: 14450K(15232K)->14450K(15232K) NonClass: 13063K(13568K)->13063K(13568K) Class: 1386K(1664K)->1386K(1664K)
[47.094s][info][gc             ] GC(178) Pause Young (Allocation Failure) 711M->165M(1979M) 12.059ms
[47.094s][info][gc,cpu         ] GC(178) User=0.00s Sys=0.00s Real=0.01s
[47.484s][info][gc,start       ] GC(179) Pause Young (Allocation Failure)
[47.497s][info][gc,heap        ] GC(179) DefNew: 591712K->30370K(629120K)
[47.497s][info][gc,heap        ] GC(179) Tenured: 136577K->136578K(1398144K)
[47.497s][info][gc,metaspace   ] GC(179) Metaspace: 14450K(15232K)->14450K(15232K) NonClass: 13063K(13568K)->13063K(13568K) Class: 1386K(1664K)->1386K(1664K)
[47.497s][info][gc             ] GC(179) Pause Young (Allocation Failure) 711M->163M(1979M) 12.778ms
[47.497s][info][gc,cpu         ] GC(179) User=0.02s Sys=0.00s Real=0.00s
[47.569s][info][gc,start       ] GC(180) Pause Young (Allocation Failure)
[47.581s][info][gc,heap        ] GC(180) DefNew: 589602K->30368K(629120K)
[47.581s][info][gc,heap        ] GC(180) Tenured: 136578K->136578K(1398144K)
[47.581s][info][gc,metaspace   ] GC(180) Metaspace: 14450K(15232K)->14450K(15232K) NonClass: 13063K(13568K)->13063K(13568K) Class: 1386K(1664K)->1386K(1664K)
[47.581s][info][gc             ] GC(180) Pause Young (Allocation Failure) 709M->163M(1979M) 12.202ms
[47.581s][info][gc,cpu         ] GC(180) User=0.02s Sys=0.00s Real=0.01s
[47.835s][info][gc,start       ] GC(181) Pause Full (System.gc())
[47.835s][info][gc,phases,start] GC(181) Phase 1: Mark live objects
[47.839s][info][gc,phases      ] GC(181) Phase 1: Mark live objects 4.064ms
[47.839s][info][gc,phases,start] GC(181) Phase 2: Compute new object addresses
[47.898s][info][gc,phases      ] GC(181) Phase 2: Compute new object addresses 58.752ms
[47.898s][info][gc,phases,start] GC(181) Phase 3: Adjust pointers
[47.901s][info][gc,phases      ] GC(181) Phase 3: Adjust pointers 2.719ms
[47.901s][info][gc,phases,start] GC(181) Phase 4: Move objects
[47.901s][info][gc,phases      ] GC(181) Phase 4: Move objects 0.019ms
[47.901s][info][gc,heap        ] GC(181) DefNew: 561518K->0K(629120K)
[47.901s][info][gc,heap        ] GC(181) Tenured: 136578K->5245K(1398144K)
[47.901s][info][gc,metaspace   ] GC(181) Metaspace: 14453K(15232K)->14453K(15232K) NonClass: 13067K(13568K)->13067K(13568K) Class: 1386K(1664K)->1386K(1664K)
[47.901s][info][gc             ] GC(181) Pause Full (System.gc()) 681M->5M(1979M) 65.865ms
[47.901s][info][gc,cpu         ] GC(181) User=0.06s Sys=0.00s Real=0.06s
[48.167s][info][gc,start       ] GC(182) Pause Young (Allocation Failure)
[48.192s][info][gc,heap        ] GC(182) DefNew: 559232K->32867K(629120K)
[48.192s][info][gc,heap        ] GC(182) Tenured: 5245K->136317K(1398144K)
[48.192s][info][gc,metaspace   ] GC(182) Metaspace: 14476K(15232K)->14476K(15232K) NonClass: 13090K(13568K)->13090K(13568K) Class: 1386K(1664K)->1386K(1664K)
[48.192s][info][gc             ] GC(182) Pause Young (Allocation Failure) 551M->165M(1979M) 25.058ms
[48.192s][info][gc,cpu         ] GC(182) User=0.03s Sys=0.00s Real=0.02s
[48.255s][info][gc,start       ] GC(183) Pause Young (Allocation Failure)
[48.267s][info][gc,heap        ] GC(183) DefNew: 592099K->32862K(629120K)
[48.267s][info][gc,heap        ] GC(183) Tenured: 136317K->136317K(1398144K)
[48.267s][info][gc,metaspace   ] GC(183) Metaspace: 14476K(15232K)->14476K(15232K) NonClass: 13090K(13568K)->13090K(13568K) Class: 1386K(1664K)->1386K(1664K)
[48.267s][info][gc             ] GC(183) Pause Young (Allocation Failure) 711M->165M(1979M) 12.118ms
[48.267s][info][gc,cpu         ] GC(183) User=0.00s Sys=0.00s Real=0.01s
[48.632s][info][gc,start       ] GC(184) Pause Young (Allocation Failure)
[48.645s][info][gc,heap        ] GC(184) DefNew: 592094K->30761K(629120K)
[48.645s][info][gc,heap        ] GC(184) Tenured: 136317K->136317K(1398144K)
[48.645s][info][gc,metaspace   ] GC(184) Metaspace: 14476K(15232K)->14476K(15232K) NonClass: 13090K(13568K)->13090K(13568K) Class: 1386K(1664K)->1386K(1664K)
[48.645s][info][gc             ] GC(184) Pause Young (Allocation Failure) 711M->163M(1979M) 12.733ms
[48.645s][info][gc,cpu         ] GC(184) User=0.02s Sys=0.00s Real=0.01s
[48.710s][info][gc,start       ] GC(185) Pause Young (Allocation Failure)
[48.721s][info][gc,heap        ] GC(185) DefNew: 589993K->30750K(629120K)
[48.721s][info][gc,heap        ] GC(185) Tenured: 136317K->136317K(1398144K)
[48.722s][info][gc,metaspace   ] GC(185) Metaspace: 14476K(15232K)->14476K(15232K) NonClass: 13090K(13568K)->13090K(13568K) Class: 1386K(1664K)->1386K(1664K)
[48.722s][info][gc             ] GC(185) Pause Young (Allocation Failure) 709M->163M(1979M) 11.854ms
[48.722s][info][gc,cpu         ] GC(185) User=0.02s Sys=0.00s Real=0.01s
[48.999s][info][gc,start       ] GC(186) Pause Young (Allocation Failure)
[49.012s][info][gc,heap        ] GC(186) DefNew: 589982K->32869K(629120K)
[49.012s][info][gc,heap        ] GC(186) Tenured: 136317K->136317K(1398144K)
[49.012s][info][gc,metaspace   ] GC(186) Metaspace: 14477K(15232K)->14477K(15232K) NonClass: 13091K(13568K)->13091K(13568K) Class: 1386K(1664K)->1386K(1664K)
[49.013s][info][gc             ] GC(186) Pause Young (Allocation Failure) 709M->165M(1979M) 13.052ms
[49.013s][info][gc,cpu         ] GC(186) User=0.02s Sys=0.00s Real=0.01s
[49.083s][info][gc,start       ] GC(187) Pause Young (Allocation Failure)
[49.096s][info][gc,heap        ] GC(187) DefNew: 592101K->32836K(629120K)
[49.096s][info][gc,heap        ] GC(187) Tenured: 136317K->136317K(1398144K)
[49.096s][info][gc,metaspace   ] GC(187) Metaspace: 14477K(15232K)->14477K(15232K) NonClass: 13091K(13568K)->13091K(13568K) Class: 1386K(1664K)->1386K(1664K)
[49.096s][info][gc             ] GC(187) Pause Young (Allocation Failure) 711M->165M(1979M) 12.639ms
[49.096s][info][gc,cpu         ] GC(187) User=0.00s Sys=0.00s Real=0.01s
[49.457s][info][gc,start       ] GC(188) Pause Young (Allocation Failure)
[49.470s][info][gc,heap        ] GC(188) DefNew: 592068K->30761K(629120K)
[49.470s][info][gc,heap        ] GC(188) Tenured: 136317K->136317K(1398144K)
[49.470s][info][gc,metaspace   ] GC(188) Metaspace: 14477K(15232K)->14477K(15232K) NonClass: 13091K(13568K)->13091K(13568K) Class: 1386K(1664K)->1386K(1664K)
[49.470s][info][gc             ] GC(188) Pause Young (Allocation Failure) 711M->163M(1979M) 12.732ms
[49.470s][info][gc,cpu         ] GC(188) User=0.00s Sys=0.00s Real=0.01s
[49.707s][info][gc,start       ] GC(189) Pause Young (Allocation Failure)
[49.718s][info][gc,heap        ] GC(189) DefNew: 589993K->17183K(629120K)
[49.718s][info][gc,heap        ] GC(189) Tenured: 136317K->136317K(1398144K)
[49.718s][info][gc,metaspace   ] GC(189) Metaspace: 14477K(15232K)->14477K(15232K) NonClass: 13091K(13568K)->13091K(13568K) Class: 1386K(1664K)->1386K(1664K)
[49.718s][info][gc             ] GC(189) Pause Young (Allocation Failure) 709M->149M(1979M) 11.056ms
[49.718s][info][gc,cpu         ] GC(189) User=0.00s Sys=0.00s Real=0.01s
[49.822s][info][gc,start       ] GC(190) Pause Young (Allocation Failure)
[49.835s][info][gc,heap        ] GC(190) DefNew: 576415K->32864K(629120K)
[49.835s][info][gc,heap        ] GC(190) Tenured: 136317K->136317K(1398144K)
[49.835s][info][gc,metaspace   ] GC(190) Metaspace: 14477K(15232K)->14477K(15232K) NonClass: 13091K(13568K)->13091K(13568K) Class: 1386K(1664K)->1386K(1664K)
[49.835s][info][gc             ] GC(190) Pause Young (Allocation Failure) 696M->165M(1979M) 12.168ms
[49.835s][info][gc,cpu         ] GC(190) User=0.02s Sys=0.00s Real=0.00s
[50.189s][info][gc,start       ] GC(191) Pause Young (Allocation Failure)
[50.202s][info][gc,heap        ] GC(191) DefNew: 592096K->30767K(629120K)
[50.202s][info][gc,heap        ] GC(191) Tenured: 136317K->136317K(1398144K)
[50.202s][info][gc,metaspace   ] GC(191) Metaspace: 14477K(15232K)->14477K(15232K) NonClass: 13091K(13568K)->13091K(13568K) Class: 1386K(1664K)->1386K(1664K)
[50.202s][info][gc             ] GC(191) Pause Young (Allocation Failure) 711M->163M(1979M) 12.592ms
[50.202s][info][gc,cpu         ] GC(191) User=0.02s Sys=0.00s Real=0.01s
[50.275s][info][gc,start       ] GC(192) Pause Young (Allocation Failure)
[50.287s][info][gc,heap        ] GC(192) DefNew: 589999K->30754K(629120K)
[50.287s][info][gc,heap        ] GC(192) Tenured: 136317K->136317K(1398144K)
[50.287s][info][gc,metaspace   ] GC(192) Metaspace: 14477K(15232K)->14477K(15232K) NonClass: 13091K(13568K)->13091K(13568K) Class: 1386K(1664K)->1386K(1664K)
[50.287s][info][gc             ] GC(192) Pause Young (Allocation Failure) 709M->163M(1979M) 11.849ms
[50.287s][info][gc,cpu         ] GC(192) User=0.02s Sys=0.00s Real=0.01s
[50.558s][info][gc,start       ] GC(193) Pause Young (Allocation Failure)
[50.571s][info][gc,heap        ] GC(193) DefNew: 589986K->32870K(629120K)
[50.571s][info][gc,heap        ] GC(193) Tenured: 136317K->136317K(1398144K)
[50.571s][info][gc,metaspace   ] GC(193) Metaspace: 14477K(15232K)->14477K(15232K) NonClass: 13091K(13568K)->13091K(13568K) Class: 1386K(1664K)->1386K(1664K)
[50.571s][info][gc             ] GC(193) Pause Young (Allocation Failure) 709M->165M(1979M) 12.951ms
[50.571s][info][gc,cpu         ] GC(193) User=0.02s Sys=0.00s Real=0.01s
[50.644s][info][gc,start       ] GC(194) Pause Young (Allocation Failure)
[50.656s][info][gc,heap        ] GC(194) DefNew: 592102K->32857K(629120K)
[50.656s][info][gc,heap        ] GC(194) Tenured: 136317K->136317K(1398144K)
[50.656s][info][gc,metaspace   ] GC(194) Metaspace: 14477K(15232K)->14477K(15232K) NonClass: 13091K(13568K)->13091K(13568K) Class: 1386K(1664K)->1386K(1664K)
[50.656s][info][gc             ] GC(194) Pause Young (Allocation Failure) 711M->165M(1979M) 12.214ms
[50.656s][info][gc,cpu         ] GC(194) User=0.00s Sys=0.00s Real=0.00s
[51.012s][info][gc,start       ] GC(195) Pause Young (Allocation Failure)
[51.024s][info][gc,heap        ] GC(195) DefNew: 592089K->30754K(629120K)
[51.024s][info][gc,heap        ] GC(195) Tenured: 136317K->136317K(1398144K)
[51.024s][info][gc,metaspace   ] GC(195) Metaspace: 14477K(15232K)->14477K(15232K) NonClass: 13091K(13568K)->13091K(13568K) Class: 1386K(1664K)->1386K(1664K)
[51.024s][info][gc             ] GC(195) Pause Young (Allocation Failure) 711M->163M(1979M) 12.575ms
[51.024s][info][gc,cpu         ] GC(195) User=0.02s Sys=0.00s Real=0.00s
[51.095s][info][gc,start       ] GC(196) Pause Young (Allocation Failure)
[51.107s][info][gc,heap        ] GC(196) DefNew: 589986K->30764K(629120K)
[51.107s][info][gc,heap        ] GC(196) Tenured: 136317K->136317K(1398144K)
[51.107s][info][gc,metaspace   ] GC(196) Metaspace: 14477K(15232K)->14477K(15232K) NonClass: 13091K(13568K)->13091K(13568K) Class: 1386K(1664K)->1386K(1664K)
[51.107s][info][gc             ] GC(196) Pause Young (Allocation Failure) 709M->163M(1979M) 11.933ms
[51.107s][info][gc,cpu         ] GC(196) User=0.02s Sys=0.00s Real=0.00s
[51.378s][info][gc,start       ] GC(197) Pause Young (Allocation Failure)
[51.392s][info][gc,heap        ] GC(197) DefNew: 589996K->32475K(629120K)
[51.392s][info][gc,heap        ] GC(197) Tenured: 136317K->136712K(1398144K)
[51.392s][info][gc,metaspace   ] GC(197) Metaspace: 14477K(15232K)->14477K(15232K) NonClass: 13091K(13568K)->13091K(13568K) Class: 1386K(1664K)->1386K(1664K)
[51.392s][info][gc             ] GC(197) Pause Young (Allocation Failure) 709M->165M(1979M) 13.178ms
[51.392s][info][gc,cpu         ] GC(197) User=0.00s Sys=0.00s Real=0.00s
[51.465s][info][gc,start       ] GC(198) Pause Young (Allocation Failure)
[51.477s][info][gc,heap        ] GC(198) DefNew: 591707K->32471K(629120K)
[51.477s][info][gc,heap        ] GC(198) Tenured: 136712K->136712K(1398144K)
[51.477s][info][gc,metaspace   ] GC(198) Metaspace: 14477K(15232K)->14477K(15232K) NonClass: 13091K(13568K)->13091K(13568K) Class: 1386K(1664K)->1386K(1664K)
[51.477s][info][gc             ] GC(198) Pause Young (Allocation Failure) 711M->165M(1979M) 12.017ms
[51.477s][info][gc,cpu         ] GC(198) User=0.02s Sys=0.00s Real=0.01s
[51.868s][info][gc,start       ] GC(199) Pause Young (Allocation Failure)
[51.880s][info][gc,heap        ] GC(199) DefNew: 591703K->30371K(629120K)
[51.880s][info][gc,heap        ] GC(199) Tenured: 136712K->136713K(1398144K)
[51.880s][info][gc,metaspace   ] GC(199) Metaspace: 14478K(15232K)->14478K(15232K) NonClass: 13092K(13568K)->13092K(13568K) Class: 1386K(1664K)->1386K(1664K)
[51.880s][info][gc             ] GC(199) Pause Young (Allocation Failure) 711M->163M(1979M) 12.712ms
[51.880s][info][gc,cpu         ] GC(199) User=0.02s Sys=0.00s Real=0.01s
[51.952s][info][gc,start       ] GC(200) Pause Young (Allocation Failure)
[51.963s][info][gc,heap        ] GC(200) DefNew: 589603K->30369K(629120K)
[51.963s][info][gc,heap        ] GC(200) Tenured: 136713K->136713K(1398144K)
[51.963s][info][gc,metaspace   ] GC(200) Metaspace: 14478K(15232K)->14478K(15232K) NonClass: 13092K(13568K)->13092K(13568K) Class: 1386K(1664K)->1386K(1664K)
[51.963s][info][gc             ] GC(200) Pause Young (Allocation Failure) 709M->163M(1979M) 11.771ms
[51.963s][info][gc,cpu         ] GC(200) User=0.02s Sys=0.00s Real=0.00s
[52.218s][info][gc,heap,exit   ] Heap
[52.218s][info][gc,heap,exit   ]  def new generation   total 629120K, used 560895K [0x0000000080000000, 0x00000000aaaa0000, 0x00000000aaaa0000)
[52.218s][info][gc,heap,exit   ]   eden space 559232K,  94% used [0x0000000080000000, 0x00000000a0617840, 0x00000000a2220000)
[52.218s][info][gc,heap,exit   ]   from space 69888K,  43% used [0x00000000a6660000, 0x00000000a8408730, 0x00000000aaaa0000)
[52.218s][info][gc,heap,exit   ]   to   space 69888K,   0% used [0x00000000a2220000, 0x00000000a2220000, 0x00000000a6660000)
[52.218s][info][gc,heap,exit   ]  tenured generation   total 1398144K, used 136713K [0x00000000aaaa0000, 0x0000000100000000, 0x0000000100000000)
[52.218s][info][gc,heap,exit   ]    the space 1398144K,   9% used [0x00000000aaaa0000, 0x00000000b3022450, 0x00000000b3022600, 0x0000000100000000)
[52.218s][info][gc,heap,exit   ]  Metaspace       used 14490K, capacity 14856K, committed 15232K, reserved 1062912K
[52.218s][info][gc,heap,exit   ]   class space    used 1387K, capacity 1538K, committed 1664K, reserved 1048576K
