[0.009s][info][gc] Using Parallel
[0.020s][info][gc,init] Version: 17.0.12+7-adhoc..jdk17u (release)
[0.020s][info][gc,init] CPUs: 6 total, 6 available
[0.020s][info][gc,init] Memory: 15591M
[0.020s][info][gc,init] Large Page Support: Disabled
[0.020s][info][gc,init] NUMA Support: Disabled
[0.020s][info][gc,init] Compressed Oops: Enabled (Zero based)
[0.020s][info][gc,init] Alignments: Space 512K, Generation 512K, Heap 2M
[0.020s][info][gc,init] Heap Min Capacity: 4G
[0.020s][info][gc,init] Heap Initial Capacity: 4G
[0.020s][info][gc,init] Heap Max Capacity: 4G
[0.020s][info][gc,init] Pre-touch: Disabled
[0.020s][info][gc,init] Parallel Workers: 6
[0.028s][info][gc,metaspace] CDS archive(s) mapped at: [0x0000028c88000000-0x0000028c88bc0000-0x0000028c88bc0000), size 12320768, SharedBaseAddress: 0x0000028c88000000, ArchiveRelocationMode: 1.
[0.029s][info][gc,metaspace] Compressed class space mapped at: 0x0000028c89000000-0x0000028cc9000000, reserved size: 1073741824
[0.029s][info][gc,metaspace] Narrow klass base: 0x0000028c88000000, Narrow klass shift: 0, Narrow klass range: 0x100000000
[7.032s][info][gc,start    ] GC(0) Pause Young (Metadata GC Threshold)
[7.040s][info][gc,heap     ] GC(0) PSYoungGen: 129385K(1223168K)->18992K(1223168K) Eden: 129385K(1048576K)->0K(1048576K) From: 0K(174592K)->18992K(174592K)
[7.041s][info][gc,heap     ] GC(0) ParOldGen: 0K(2796544K)->88K(2796544K)
[7.041s][info][gc,metaspace] GC(0) Metaspace: 21283K(21504K)->21283K(21504K) NonClass: 18571K(18688K)->18571K(18688K) Class: 2711K(2816K)->2711K(2816K)
[7.041s][info][gc          ] GC(0) Pause Young (Metadata GC Threshold) 126M->18M(3925M) 8.977ms
[7.041s][info][gc,cpu      ] GC(0) User=0.00s Sys=0.00s Real=0.02s
[7.041s][info][gc,start    ] GC(1) Pause Full (Metadata GC Threshold)
[7.041s][info][gc,phases,start] GC(1) Marking Phase
[7.045s][info][gc,phases      ] GC(1) Marking Phase 4.025ms
[7.045s][info][gc,phases,start] GC(1) Summary Phase
[7.045s][info][gc,phases      ] GC(1) Summary Phase 0.021ms
[7.045s][info][gc,phases,start] GC(1) Adjust Roots
[7.047s][info][gc,phases      ] GC(1) Adjust Roots 1.971ms
[7.047s][info][gc,phases,start] GC(1) Compaction Phase
[7.052s][info][gc,phases      ] GC(1) Compaction Phase 5.360ms
[7.052s][info][gc,phases,start] GC(1) Post Compact
[7.054s][info][gc,phases      ] GC(1) Post Compact 1.377ms
[7.054s][info][gc,heap        ] GC(1) PSYoungGen: 18992K(1223168K)->0K(1223168K) Eden: 0K(1048576K)->0K(1048576K) From: 18992K(174592K)->0K(174592K)
[7.054s][info][gc,heap        ] GC(1) ParOldGen: 88K(2796544K)->18800K(2796544K)
[7.054s][info][gc,metaspace   ] GC(1) Metaspace: 21283K(21504K)->21283K(21504K) NonClass: 18571K(18688K)->18571K(18688K) Class: 2711K(2816K)->2711K(2816K)
[7.054s][info][gc             ] GC(1) Pause Full (Metadata GC Threshold) 18M->18M(3925M) 13.004ms
[7.054s][info][gc,cpu         ] GC(1) User=0.02s Sys=0.08s Real=0.01s
[12.852s][info][gc,start       ] GC(2) Pause Young (Metadata GC Threshold)
[12.856s][info][gc,heap        ] GC(2) PSYoungGen: 251681K(1223168K)->4048K(1223168K) Eden: 251681K(1048576K)->0K(1048576K) From: 0K(174592K)->4048K(174592K)
[12.856s][info][gc,heap        ] GC(2) ParOldGen: 18800K(2796544K)->18808K(2796544K)
[12.856s][info][gc,metaspace   ] GC(2) Metaspace: 35503K(35840K)->35503K(35840K) NonClass: 31004K(31168K)->31004K(31168K) Class: 4499K(4672K)->4499K(4672K)
[12.856s][info][gc             ] GC(2) Pause Young (Metadata GC Threshold) 264M->22M(3925M) 4.074ms
[12.856s][info][gc,cpu         ] GC(2) User=0.08s Sys=0.02s Real=0.00s
[12.856s][info][gc,start       ] GC(3) Pause Full (Metadata GC Threshold)
[12.856s][info][gc,phases,start] GC(3) Marking Phase
[12.862s][info][gc,phases      ] GC(3) Marking Phase 6.062ms
[12.862s][info][gc,phases,start] GC(3) Summary Phase
[12.862s][info][gc,phases      ] GC(3) Summary Phase 0.011ms
[12.862s][info][gc,phases,start] GC(3) Adjust Roots
[12.866s][info][gc,phases      ] GC(3) Adjust Roots 3.220ms
[12.866s][info][gc,phases,start] GC(3) Compaction Phase
[12.874s][info][gc,phases      ] GC(3) Compaction Phase 8.830ms
[12.875s][info][gc,phases,start] GC(3) Post Compact
[12.876s][info][gc,phases      ] GC(3) Post Compact 0.985ms
[12.876s][info][gc,heap        ] GC(3) PSYoungGen: 4048K(1223168K)->0K(1223168K) Eden: 0K(1048576K)->0K(1048576K) From: 4048K(174592K)->0K(174592K)
[12.876s][info][gc,heap        ] GC(3) ParOldGen: 18808K(2796544K)->22577K(2796544K)
[12.876s][info][gc,metaspace   ] GC(3) Metaspace: 35503K(35840K)->35503K(35840K) NonClass: 31004K(31168K)->31004K(31168K) Class: 4499K(4672K)->4499K(4672K)
[12.876s][info][gc             ] GC(3) Pause Full (Metadata GC Threshold) 22M->22M(3925M) 19.487ms
[12.876s][info][gc,cpu         ] GC(3) User=0.06s Sys=0.03s Real=0.02s
[14.419s][info][gc,start       ] GC(4) Pause Young (Metadata GC Threshold)
[14.426s][info][gc,heap        ] GC(4) PSYoungGen: 324482K(1223168K)->7200K(1223168K) Eden: 324482K(1048576K)->0K(1048576K) From: 0K(174592K)->7200K(174592K)
[14.426s][info][gc,heap        ] GC(4) ParOldGen: 22577K(2796544K)->22585K(2796544K)
[14.426s][info][gc,metaspace   ] GC(4) Metaspace: 59122K(59776K)->59122K(59776K) NonClass: 51465K(51840K)->51465K(51840K) Class: 7656K(7936K)->7656K(7936K)
[14.426s][info][gc             ] GC(4) Pause Young (Metadata GC Threshold) 338M->29M(3925M) 7.356ms
[14.426s][info][gc,cpu         ] GC(4) User=0.00s Sys=0.00s Real=0.01s
[14.426s][info][gc,start       ] GC(5) Pause Full (Metadata GC Threshold)
[14.426s][info][gc,phases,start] GC(5) Marking Phase
[14.436s][info][gc,phases      ] GC(5) Marking Phase 9.947ms
[14.436s][info][gc,phases,start] GC(5) Summary Phase
[14.436s][info][gc,phases      ] GC(5) Summary Phase 0.011ms
[14.436s][info][gc,phases,start] GC(5) Adjust Roots
[14.441s][info][gc,phases      ] GC(5) Adjust Roots 4.736ms
[14.441s][info][gc,phases,start] GC(5) Compaction Phase
[14.452s][info][gc,phases      ] GC(5) Compaction Phase 11.495ms
[14.453s][info][gc,phases,start] GC(5) Post Compact
[14.454s][info][gc,phases      ] GC(5) Post Compact 1.174ms
[14.454s][info][gc,heap        ] GC(5) PSYoungGen: 7200K(1223168K)->0K(1223168K) Eden: 0K(1048576K)->0K(1048576K) From: 7200K(174592K)->0K(174592K)
[14.454s][info][gc,heap        ] GC(5) ParOldGen: 22585K(2796544K)->29336K(2796544K)
[14.454s][info][gc,metaspace   ] GC(5) Metaspace: 59122K(59776K)->59122K(59776K) NonClass: 51465K(51840K)->51465K(51840K) Class: 7656K(7936K)->7656K(7936K)
[14.454s][info][gc             ] GC(5) Pause Full (Metadata GC Threshold) 29M->28M(3925M) 27.680ms
[14.454s][info][gc,cpu         ] GC(5) User=0.08s Sys=0.05s Real=0.03s
[16.040s][info][gc,start       ] GC(6) Pause Young (System.gc())
[16.049s][info][gc,heap        ] GC(6) PSYoungGen: 594890K(1223168K)->10093K(1223168K) Eden: 594890K(1048576K)->0K(1048576K) From: 0K(174592K)->10093K(174592K)
[16.049s][info][gc,heap        ] GC(6) ParOldGen: 29336K(2796544K)->29344K(2796544K)
[16.049s][info][gc,metaspace   ] GC(6) Metaspace: 67745K(68544K)->67745K(68544K) NonClass: 59016K(59456K)->59016K(59456K) Class: 8729K(9088K)->8729K(9088K)
[16.049s][info][gc             ] GC(6) Pause Young (System.gc()) 609M->38M(3925M) 8.909ms
[16.049s][info][gc,cpu         ] GC(6) User=0.02s Sys=0.08s Real=0.01s
[16.049s][info][gc,start       ] GC(7) Pause Full (System.gc())
[16.049s][info][gc,phases,start] GC(7) Marking Phase
[16.068s][info][gc,phases      ] GC(7) Marking Phase 18.558ms
[16.068s][info][gc,phases,start] GC(7) Summary Phase
[16.068s][info][gc,phases      ] GC(7) Summary Phase 0.010ms
[16.068s][info][gc,phases,start] GC(7) Adjust Roots
[16.073s][info][gc,phases      ] GC(7) Adjust Roots 5.040ms
[16.073s][info][gc,phases,start] GC(7) Compaction Phase
[16.089s][info][gc,phases      ] GC(7) Compaction Phase 15.993ms
[16.089s][info][gc,phases,start] GC(7) Post Compact
[16.090s][info][gc,phases      ] GC(7) Post Compact 1.170ms
[16.090s][info][gc,heap        ] GC(7) PSYoungGen: 10093K(1223168K)->0K(1223168K) Eden: 0K(1048576K)->0K(1048576K) From: 10093K(174592K)->0K(174592K)
[16.090s][info][gc,heap        ] GC(7) ParOldGen: 29344K(2796544K)->38744K(2796544K)
[16.091s][info][gc,metaspace   ] GC(7) Metaspace: 67745K(68544K)->67692K(68544K) NonClass: 59016K(59456K)->58977K(59456K) Class: 8729K(9088K)->8714K(9088K)
[16.091s][info][gc             ] GC(7) Pause Full (System.gc()) 38M->37M(3925M) 41.195ms
[16.091s][info][gc,cpu         ] GC(7) User=0.08s Sys=0.00s Real=0.04s
[18.991s][info][gc,start       ] GC(8) Pause Young (Allocation Failure)
[18.993s][info][gc,heap        ] GC(8) PSYoungGen: 1048576K(1223168K)->6011K(1223168K) Eden: 1048576K(1048576K)->0K(1048576K) From: 0K(174592K)->6011K(174592K)
[18.993s][info][gc,heap        ] GC(8) ParOldGen: 38744K(2796544K)->38752K(2796544K)
[18.993s][info][gc,metaspace   ] GC(8) Metaspace: 73497K(74624K)->73497K(74624K) NonClass: 64134K(64768K)->64134K(64768K) Class: 9362K(9856K)->9362K(9856K)
[18.993s][info][gc             ] GC(8) Pause Young (Allocation Failure) 1061M->43M(3925M) 2.744ms
[18.994s][info][gc,cpu         ] GC(8) User=0.00s Sys=0.00s Real=0.00s
[22.839s][info][gc,start       ] GC(9) Pause Young (Allocation Failure)
[22.842s][info][gc,heap        ] GC(9) PSYoungGen: 1054587K(1223168K)->8411K(1381376K) Eden: 1048576K(1048576K)->0K(1206784K) From: 6011K(174592K)->8411K(174592K)
[22.842s][info][gc,heap        ] GC(9) ParOldGen: 38752K(2796544K)->38760K(2796544K)
[22.842s][info][gc,metaspace   ] GC(9) Metaspace: 74648K(75840K)->74648K(75840K) NonClass: 65240K(65920K)->65240K(65920K) Class: 9408K(9920K)->9408K(9920K)
[22.842s][info][gc             ] GC(9) Pause Young (Allocation Failure) 1067M->46M(4080M) 3.030ms
[22.842s][info][gc,cpu         ] GC(9) User=0.09s Sys=0.00s Real=0.00s
[24.961s][info][gc,start       ] GC(10) Pause Young (Allocation Failure)
[24.967s][info][gc,heap        ] GC(10) PSYoungGen: 1214832K(1381376K)->11366K(1223168K) Eden: 1206421K(1206784K)->0K(1206784K) From: 8411K(174592K)->11366K(16384K)
[24.967s][info][gc,heap        ] GC(10) ParOldGen: 38760K(2796544K)->38768K(2796544K)
[24.967s][info][gc,metaspace   ] GC(10) Metaspace: 75628K(76800K)->75628K(76800K) NonClass: 66127K(66752K)->66127K(66752K) Class: 9501K(10048K)->9501K(10048K)
[24.967s][info][gc             ] GC(10) Pause Young (Allocation Failure) 1224M->48M(3925M) 6.005ms
[24.967s][info][gc,cpu         ] GC(10) User=0.06s Sys=0.02s Real=0.01s
[29.099s][info][gc,start       ] GC(11) Pause Young (Allocation Failure)
[29.105s][info][gc,heap        ] GC(11) PSYoungGen: 1218150K(1223168K)->14240K(1378816K) Eden: 1206784K(1206784K)->0K(1361920K) From: 11366K(16384K)->14240K(16896K)
[29.105s][info][gc,heap        ] GC(11) ParOldGen: 38768K(2796544K)->38776K(2796544K)
[29.105s][info][gc,metaspace   ] GC(11) Metaspace: 76245K(77568K)->76245K(77568K) NonClass: 66698K(67392K)->66698K(67392K) Class: 9546K(10176K)->9546K(10176K)
[29.105s][info][gc             ] GC(11) Pause Young (Allocation Failure) 1227M->51M(4077M) 5.714ms
[29.105s][info][gc,cpu         ] GC(11) User=0.02s Sys=0.00s Real=0.01s
[31.802s][info][gc,start       ] GC(12) Pause Young (Allocation Failure)
[31.814s][info][gc,heap        ] GC(12) PSYoungGen: 1376160K(1378816K)->13621K(1375744K) Eden: 1361920K(1361920K)->0K(1361920K) From: 14240K(16896K)->13621K(13824K)
[31.814s][info][gc,heap        ] GC(12) ParOldGen: 38776K(2796544K)->42893K(2796544K)
[31.814s][info][gc,metaspace   ] GC(12) Metaspace: 76447K(77696K)->76447K(77696K) NonClass: 66896K(67520K)->66896K(67520K) Class: 9551K(10176K)->9551K(10176K)
[31.814s][info][gc             ] GC(12) Pause Young (Allocation Failure) 1381M->55M(4074M) 11.805ms
[31.814s][info][gc,cpu         ] GC(12) User=0.08s Sys=0.02s Real=0.01s
[36.470s][info][gc,start       ] GC(13) Pause Young (Allocation Failure)
[36.475s][info][gc,heap        ] GC(13) PSYoungGen: 1375541K(1375744K)->10082K(1379840K) Eden: 1361920K(1361920K)->0K(1361408K) From: 13621K(13824K)->10082K(18432K)
[36.475s][info][gc,heap        ] GC(13) ParOldGen: 42893K(2796544K)->46985K(2796544K)
[36.475s][info][gc,metaspace   ] GC(13) Metaspace: 76578K(77888K)->76578K(77888K) NonClass: 67026K(67712K)->67026K(67712K) Class: 9551K(10176K)->9551K(10176K)
[36.475s][info][gc             ] GC(13) Pause Young (Allocation Failure) 1385M->55M(4078M) 4.487ms
[36.475s][info][gc,cpu         ] GC(13) User=0.00s Sys=0.00s Real=0.00s
[38.839s][info][gc,start       ] GC(14) Pause Young (Allocation Failure)
[38.844s][info][gc,heap        ] GC(14) PSYoungGen: 1371490K(1379840K)->8585K(1379328K) Eden: 1361408K(1361408K)->0K(1361408K) From: 10082K(18432K)->8585K(17920K)
[38.844s][info][gc,heap        ] GC(14) ParOldGen: 46985K(2796544K)->52433K(2796544K)
[38.844s][info][gc,metaspace   ] GC(14) Metaspace: 76675K(77952K)->76675K(77952K) NonClass: 67121K(67776K)->67121K(67776K) Class: 9554K(10176K)->9554K(10176K)
[38.844s][info][gc             ] GC(14) Pause Young (Allocation Failure) 1385M->59M(4078M) 4.994ms
[38.844s][info][gc,cpu         ] GC(14) User=0.00s Sys=0.00s Real=0.00s
[43.480s][info][gc,start       ] GC(15) Pause Young (Allocation Failure)
[43.485s][info][gc,heap        ] GC(15) PSYoungGen: 1369993K(1379328K)->5290K(1380352K) Eden: 1361408K(1361408K)->0K(1362944K) From: 8585K(17920K)->5290K(17408K)
[43.485s][info][gc,heap        ] GC(15) ParOldGen: 52433K(2796544K)->59101K(2796544K)
[43.485s][info][gc,metaspace   ] GC(15) Metaspace: 76747K(78016K)->76747K(78016K) NonClass: 67193K(67840K)->67193K(67840K) Class: 9554K(10176K)->9554K(10176K)
[43.485s][info][gc             ] GC(15) Pause Young (Allocation Failure) 1389M->62M(4079M) 4.584ms
[43.485s][info][gc,cpu         ] GC(15) User=0.00s Sys=0.00s Real=0.00s
[46.190s][info][gc,start       ] GC(16) Pause Young (Allocation Failure)
[46.194s][info][gc,heap        ] GC(16) PSYoungGen: 1368234K(1380352K)->5526K(1380352K) Eden: 1362944K(1362944K)->0K(1362944K) From: 5290K(17408K)->5526K(17408K)
[46.194s][info][gc,heap        ] GC(16) ParOldGen: 59101K(2796544K)->63257K(2796544K)
[46.194s][info][gc,metaspace   ] GC(16) Metaspace: 76874K(78080K)->76874K(78080K) NonClass: 67320K(67904K)->67320K(67904K) Class: 9554K(10176K)->9554K(10176K)
[46.194s][info][gc             ] GC(16) Pause Young (Allocation Failure) 1393M->67M(4079M) 4.288ms
[46.194s][info][gc,cpu         ] GC(16) User=0.00s Sys=0.00s Real=0.00s
[48.544s][info][gc,start       ] GC(17) Pause Young (Allocation Failure)
[48.548s][info][gc,heap        ] GC(17) PSYoungGen: 1368458K(1380352K)->6374K(1380352K) Eden: 1362931K(1362944K)->0K(1362944K) From: 5526K(17408K)->6374K(17408K)
[48.548s][info][gc,heap        ] GC(17) ParOldGen: 63257K(2796544K)->67313K(2796544K)
[48.548s][info][gc,metaspace   ] GC(17) Metaspace: 76912K(78208K)->76912K(78208K) NonClass: 67357K(68032K)->67357K(68032K) Class: 9554K(10176K)->9554K(10176K)
[48.548s][info][gc             ] GC(17) Pause Young (Allocation Failure) 1398M->71M(4079M) 4.149ms
[48.548s][info][gc,cpu         ] GC(17) User=0.00s Sys=0.00s Real=0.00s
[51.315s][info][gc,start       ] GC(18) Pause Young (Allocation Failure)
[51.319s][info][gc,heap        ] GC(18) PSYoungGen: 1369318K(1380352K)->7617K(1380352K) Eden: 1362944K(1362944K)->0K(1362944K) From: 6374K(17408K)->7617K(17408K)
[51.319s][info][gc,heap        ] GC(18) ParOldGen: 67313K(2796544K)->72620K(2796544K)
[51.319s][info][gc,metaspace   ] GC(18) Metaspace: 77018K(78272K)->77018K(78272K) NonClass: 67448K(68096K)->67448K(68096K) Class: 9569K(10176K)->9569K(10176K)
[51.319s][info][gc             ] GC(18) Pause Young (Allocation Failure) 1402M->78M(4079M) 3.989ms
[51.319s][info][gc,cpu         ] GC(18) User=0.00s Sys=0.00s Real=0.00s
[54.514s][info][gc,start       ] GC(19) Pause Young (Allocation Failure)
[54.519s][info][gc,heap        ] GC(19) PSYoungGen: 1367988K(1380352K)->11321K(1380864K) Eden: 1360370K(1362944K)->0K(1363968K) From: 7617K(17408K)->11321K(16896K)
[54.519s][info][gc,heap        ] GC(19) ParOldGen: 72620K(2796544K)->76926K(2796544K)
[54.519s][info][gc,metaspace   ] GC(19) Metaspace: 77075K(78336K)->77075K(78336K) NonClass: 67506K(68160K)->67506K(68160K) Class: 9569K(10176K)->9569K(10176K)
[54.519s][info][gc             ] GC(19) Pause Young (Allocation Failure) 1406M->86M(4079M) 4.415ms
[54.519s][info][gc,cpu         ] GC(19) User=0.00s Sys=0.00s Real=0.01s
[57.826s][info][gc,start       ] GC(20) Pause Young (Allocation Failure)
[57.832s][info][gc,heap        ] GC(20) PSYoungGen: 1375289K(1380864K)->7490K(1380864K) Eden: 1363968K(1363968K)->0K(1363968K) From: 11321K(16896K)->7490K(16896K)
[57.832s][info][gc,heap        ] GC(20) ParOldGen: 76926K(2796544K)->81905K(2796544K)
[57.832s][info][gc,metaspace   ] GC(20) Metaspace: 77201K(78400K)->77201K(78400K) NonClass: 67629K(68224K)->67629K(68224K) Class: 9571K(10176K)->9571K(10176K)
[57.832s][info][gc             ] GC(20) Pause Young (Allocation Failure) 1418M->87M(4079M) 6.115ms
[57.833s][info][gc,cpu         ] GC(20) User=0.00s Sys=0.00s Real=0.01s
[58.524s][info][gc,start       ] GC(21) Pause Young (System.gc())
[58.527s][info][gc,heap        ] GC(21) PSYoungGen: 581209K(1380864K)->1024K(1380352K) Eden: 573718K(1363968K)->0K(1363968K) From: 7490K(16896K)->1024K(16384K)
[58.527s][info][gc,heap        ] GC(21) ParOldGen: 81905K(2796544K)->86711K(2796544K)
[58.527s][info][gc,metaspace   ] GC(21) Metaspace: 77530K(78848K)->77530K(78848K) NonClass: 67884K(68544K)->67884K(68544K) Class: 9645K(10304K)->9645K(10304K)
[58.527s][info][gc             ] GC(21) Pause Young (System.gc()) 647M->85M(4079M) 3.575ms
[58.528s][info][gc,cpu         ] GC(21) User=0.08s Sys=0.00s Real=0.01s
[58.528s][info][gc,start       ] GC(22) Pause Full (System.gc())
[58.528s][info][gc,phases,start] GC(22) Marking Phase
[58.561s][info][gc,phases      ] GC(22) Marking Phase 33.109ms
[58.561s][info][gc,phases,start] GC(22) Summary Phase
[58.561s][info][gc,phases      ] GC(22) Summary Phase 0.010ms
[58.561s][info][gc,phases,start] GC(22) Adjust Roots
[58.572s][info][gc,phases      ] GC(22) Adjust Roots 11.529ms
[58.572s][info][gc,phases,start] GC(22) Compaction Phase
[58.593s][info][gc,phases      ] GC(22) Compaction Phase 20.362ms
[58.593s][info][gc,phases,start] GC(22) Post Compact
[58.594s][info][gc,phases      ] GC(22) Post Compact 1.649ms
[58.595s][info][gc,heap        ] GC(22) PSYoungGen: 1024K(1380352K)->0K(1380352K) Eden: 0K(1363968K)->0K(1363968K) From: 1024K(16384K)->0K(16384K)
[58.595s][info][gc,heap        ] GC(22) ParOldGen: 86711K(2796544K)->73896K(2796544K)
[58.595s][info][gc,metaspace   ] GC(22) Metaspace: 77530K(78848K)->77088K(78848K) NonClass: 67884K(68544K)->67552K(68544K) Class: 9645K(10304K)->9535K(10304K)
[58.595s][info][gc             ] GC(22) Pause Full (System.gc()) 85M->72M(4079M) 66.973ms
[58.595s][info][gc,cpu         ] GC(22) User=0.20s Sys=0.02s Real=0.07s
[62.058s][info][gc,start       ] GC(23) Pause Young (Allocation Failure)
[62.061s][info][gc,heap        ] GC(23) PSYoungGen: 1363968K(1380352K)->5206K(1380864K) Eden: 1363968K(1363968K)->0K(1363968K) From: 0K(16384K)->5206K(16896K)
[62.061s][info][gc,heap        ] GC(23) ParOldGen: 73896K(2796544K)->73904K(2796544K)
[62.061s][info][gc,metaspace   ] GC(23) Metaspace: 77128K(78848K)->77128K(78848K) NonClass: 67592K(68544K)->67592K(68544K) Class: 9536K(10304K)->9536K(10304K)
[62.061s][info][gc             ] GC(23) Pause Young (Allocation Failure) 1404M->77M(4079M) 2.741ms
[62.061s][info][gc,cpu         ] GC(23) User=0.03s Sys=0.00s Real=0.00s
[64.936s][info][gc,start       ] GC(24) Pause Young (Allocation Failure)
[64.939s][info][gc,heap        ] GC(24) PSYoungGen: 1366716K(1380864K)->14145K(1378304K) Eden: 1361509K(1363968K)->0K(1361920K) From: 5206K(16896K)->14145K(16384K)
[64.939s][info][gc,heap        ] GC(24) ParOldGen: 73904K(2796544K)->78035K(2796544K)
[64.939s][info][gc,metaspace   ] GC(24) Metaspace: 77183K(78848K)->77183K(78848K) NonClass: 67643K(68544K)->67643K(68544K) Class: 9539K(10304K)->9539K(10304K)
[64.939s][info][gc             ] GC(24) Pause Young (Allocation Failure) 1406M->90M(4077M) 3.615ms
[64.940s][info][gc,cpu         ] GC(24) User=0.00s Sys=0.00s Real=0.00s
[68.748s][info][gc,start       ] GC(25) Pause Young (Allocation Failure)
[68.751s][info][gc,heap        ] GC(25) PSYoungGen: 1376002K(1378304K)->4267K(1379840K) Eden: 1361857K(1361920K)->0K(1361920K) From: 14145K(16384K)->4267K(17920K)
[68.751s][info][gc,heap        ] GC(25) ParOldGen: 78035K(2796544K)->80975K(2796544K)
[68.751s][info][gc,metaspace   ] GC(25) Metaspace: 77239K(78912K)->77239K(78912K) NonClass: 67699K(68608K)->67699K(68608K) Class: 9539K(10304K)->9539K(10304K)
[68.751s][info][gc             ] GC(25) Pause Young (Allocation Failure) 1419M->83M(4078M) 2.357ms
[68.751s][info][gc,cpu         ] GC(25) User=0.00s Sys=0.00s Real=0.00s
[71.516s][info][gc,start       ] GC(26) Pause Young (Allocation Failure)
[71.520s][info][gc,heap        ] GC(26) PSYoungGen: 1366187K(1379840K)->5930K(1380352K) Eden: 1361920K(1361920K)->0K(1362432K) From: 4267K(17920K)->5930K(17920K)
[71.520s][info][gc,heap        ] GC(26) ParOldGen: 80975K(2796544K)->84086K(2796544K)
[71.520s][info][gc,metaspace   ] GC(26) Metaspace: 77287K(78912K)->77287K(78912K) NonClass: 67747K(68608K)->67747K(68608K) Class: 9539K(10304K)->9539K(10304K)
[71.520s][info][gc             ] GC(26) Pause Young (Allocation Failure) 1413M->87M(4079M) 3.468ms
[71.520s][info][gc,cpu         ] GC(26) User=0.00s Sys=0.00s Real=0.00s
[75.987s][info][gc,start       ] GC(27) Pause Young (Allocation Failure)
[75.991s][info][gc,heap        ] GC(27) PSYoungGen: 1368362K(1380352K)->5641K(1379840K) Eden: 1362432K(1362432K)->0K(1362432K) From: 5930K(17920K)->5641K(17408K)
[75.991s][info][gc,heap        ] GC(27) ParOldGen: 84086K(2796544K)->88693K(2796544K)
[75.991s][info][gc,metaspace   ] GC(27) Metaspace: 77342K(78912K)->77342K(78912K) NonClass: 67801K(68608K)->67801K(68608K) Class: 9540K(10304K)->9540K(10304K)
[75.991s][info][gc             ] GC(27) Pause Young (Allocation Failure) 1418M->92M(4078M) 3.719ms
[75.991s][info][gc,cpu         ] GC(27) User=0.00s Sys=0.00s Real=0.02s
[78.165s][info][gc,start       ] GC(28) Pause Young (Allocation Failure)
[78.168s][info][gc,heap        ] GC(28) PSYoungGen: 1368073K(1379840K)->6803K(1381888K) Eden: 1362432K(1362432K)->0K(1364992K) From: 5641K(17408K)->6803K(16896K)
[78.168s][info][gc,heap        ] GC(28) ParOldGen: 88693K(2796544K)->91620K(2796544K)
[78.168s][info][gc,metaspace   ] GC(28) Metaspace: 77360K(78912K)->77360K(78912K) NonClass: 67819K(68608K)->67819K(68608K) Class: 9541K(10304K)->9541K(10304K)
[78.168s][info][gc             ] GC(28) Pause Young (Allocation Failure) 1422M->96M(4080M) 3.397ms
[78.168s][info][gc,cpu         ] GC(28) User=0.09s Sys=0.00s Real=0.00s
[82.571s][info][gc,start       ] GC(29) Pause Young (Allocation Failure)
[82.576s][info][gc,heap        ] GC(29) PSYoungGen: 1371795K(1381888K)->5689K(1380864K) Eden: 1364992K(1364992K)->0K(1364992K) From: 6803K(16896K)->5689K(15872K)
[82.576s][info][gc,heap        ] GC(29) ParOldGen: 91620K(2796544K)->96578K(2796544K)
[82.576s][info][gc,metaspace   ] GC(29) Metaspace: 77373K(78912K)->77373K(78912K) NonClass: 67832K(68608K)->67832K(68608K) Class: 9541K(10304K)->9541K(10304K)
[82.576s][info][gc             ] GC(29) Pause Young (Allocation Failure) 1429M->99M(4079M) 5.206ms
[82.576s][info][gc,cpu         ] GC(29) User=0.05s Sys=0.00s Real=0.00s
[85.411s][info][gc,start       ] GC(30) Pause Young (Allocation Failure)
[85.416s][info][gc,heap        ] GC(30) PSYoungGen: 1370475K(1380864K)->5334K(1382912K) Eden: 1364785K(1364992K)->0K(1367552K) From: 5689K(15872K)->5334K(15360K)
[85.416s][info][gc,heap        ] GC(30) ParOldGen: 96578K(2796544K)->100767K(2796544K)
[85.416s][info][gc,metaspace   ] GC(30) Metaspace: 77396K(78912K)->77396K(78912K) NonClass: 67854K(68608K)->67854K(68608K) Class: 9541K(10304K)->9541K(10304K)
[85.416s][info][gc             ] GC(30) Pause Young (Allocation Failure) 1432M->103M(4081M) 4.185ms
[85.416s][info][gc,cpu         ] GC(30) User=0.00s Sys=0.00s Real=0.00s
[87.651s][info][gc,start       ] GC(31) Pause Young (Allocation Failure)
[87.655s][info][gc,heap        ] GC(31) PSYoungGen: 1372886K(1382912K)->6866K(1382400K) Eden: 1367552K(1367552K)->0K(1367552K) From: 5334K(15360K)->6866K(14848K)
[87.655s][info][gc,heap        ] GC(31) ParOldGen: 100767K(2796544K)->104765K(2796544K)
[87.655s][info][gc,metaspace   ] GC(31) Metaspace: 77410K(78912K)->77410K(78912K) NonClass: 67869K(68608K)->67869K(68608K) Class: 9541K(10304K)->9541K(10304K)
[87.655s][info][gc             ] GC(31) Pause Young (Allocation Failure) 1439M->109M(4081M) 4.252ms
[87.655s][info][gc,cpu         ] GC(31) User=0.06s Sys=0.02s Real=0.00s
[90.416s][info][gc,start       ] GC(32) Pause Young (Allocation Failure)
[90.421s][info][gc,heap        ] GC(32) PSYoungGen: 1371061K(1382400K)->5860K(1383936K) Eden: 1364195K(1367552K)->0K(1369600K) From: 6866K(14848K)->5860K(14336K)
[90.421s][info][gc,heap        ] GC(32) ParOldGen: 104765K(2796544K)->110071K(2796544K)
[90.421s][info][gc,metaspace   ] GC(32) Metaspace: 77423K(78912K)->77423K(78912K) NonClass: 67880K(68608K)->67880K(68608K) Class: 9542K(10304K)->9542K(10304K)
[90.421s][info][gc             ] GC(32) Pause Young (Allocation Failure) 1441M->113M(4082M) 4.342ms
[90.421s][info][gc,cpu         ] GC(32) User=0.08s Sys=0.00s Real=0.00s
[93.227s][info][gc,start       ] GC(33) Pause Young (Allocation Failure)
[93.231s][info][gc,heap        ] GC(33) PSYoungGen: 1375460K(1383936K)->6022K(1383424K) Eden: 1369600K(1369600K)->0K(1369600K) From: 5860K(14336K)->6022K(13824K)
[93.231s][info][gc,heap        ] GC(33) ParOldGen: 110071K(2796544K)->115117K(2796544K)
[93.231s][info][gc,metaspace   ] GC(33) Metaspace: 77436K(78912K)->77436K(78912K) NonClass: 67893K(68608K)->67893K(68608K) Class: 9542K(10304K)->9542K(10304K)
[93.231s][info][gc             ] GC(33) Pause Young (Allocation Failure) 1450M->118M(4082M) 3.591ms
[93.231s][info][gc,cpu         ] GC(33) User=0.09s Sys=0.00s Real=0.00s
[96.696s][info][gc,start       ] GC(34) Pause Young (Allocation Failure)
[96.703s][info][gc,heap        ] GC(34) PSYoungGen: 1375622K(1383424K)->9107K(1384448K) Eden: 1369600K(1369600K)->0K(1371136K) From: 6022K(13824K)->9107K(13312K)
[96.703s][info][gc,heap        ] GC(34) ParOldGen: 115117K(2796544K)->117831K(2796544K)
[96.703s][info][gc,metaspace   ] GC(34) Metaspace: 77439K(78912K)->77439K(78912K) NonClass: 67896K(68608K)->67896K(68608K) Class: 9542K(10304K)->9542K(10304K)
[96.703s][info][gc             ] GC(34) Pause Young (Allocation Failure) 1455M->123M(4083M) 6.962ms
[96.703s][info][gc,cpu         ] GC(34) User=0.08s Sys=0.00s Real=0.01s
[97.213s][info][gc,start       ] GC(35) Pause Young (System.gc())
[97.215s][info][gc,heap        ] GC(35) PSYoungGen: 468444K(1384448K)->832K(1372160K) Eden: 459336K(1371136K)->0K(1371136K) From: 9107K(13312K)->832K(1024K)
[97.215s][info][gc,heap        ] GC(35) ParOldGen: 117831K(2796544K)->122186K(2796544K)
[97.215s][info][gc,metaspace   ] GC(35) Metaspace: 77446K(78912K)->77446K(78912K) NonClass: 67903K(68608K)->67903K(68608K) Class: 9543K(10304K)->9543K(10304K)
[97.215s][info][gc             ] GC(35) Pause Young (System.gc()) 572M->120M(4071M) 2.570ms
[97.215s][info][gc,cpu         ] GC(35) User=0.06s Sys=0.03s Real=0.01s
[97.215s][info][gc,start       ] GC(36) Pause Full (System.gc())
[97.215s][info][gc,phases,start] GC(36) Marking Phase
[97.241s][info][gc,phases      ] GC(36) Marking Phase 25.536ms
[97.241s][info][gc,phases,start] GC(36) Summary Phase
[97.241s][info][gc,phases      ] GC(36) Summary Phase 0.011ms
[97.241s][info][gc,phases,start] GC(36) Adjust Roots
[97.252s][info][gc,phases      ] GC(36) Adjust Roots 10.593ms
[97.252s][info][gc,phases,start] GC(36) Compaction Phase
[97.270s][info][gc,phases      ] GC(36) Compaction Phase 18.410ms
[97.270s][info][gc,phases,start] GC(36) Post Compact
[97.273s][info][gc,phases      ] GC(36) Post Compact 3.210ms
[97.273s][info][gc,heap        ] GC(36) PSYoungGen: 832K(1372160K)->0K(1372160K) Eden: 0K(1371136K)->0K(1371136K) From: 832K(1024K)->0K(1024K)
[97.273s][info][gc,heap        ] GC(36) ParOldGen: 122186K(2796544K)->78916K(2796544K)
[97.273s][info][gc,metaspace   ] GC(36) Metaspace: 77446K(78912K)->77446K(78912K) NonClass: 67903K(68608K)->67903K(68608K) Class: 9543K(10304K)->9543K(10304K)
[97.273s][info][gc             ] GC(36) Pause Full (System.gc()) 120M->77M(4071M) 58.053ms
[97.273s][info][gc,cpu         ] GC(36) User=0.08s Sys=0.05s Real=0.06s
[100.661s][info][gc,start       ] GC(37) Pause Young (Allocation Failure)
[100.663s][info][gc,heap        ] GC(37) PSYoungGen: 1371136K(1372160K)->5265K(1384448K) Eden: 1371136K(1371136K)->0K(1370624K) From: 0K(1024K)->5265K(13824K)
[100.663s][info][gc,heap        ] GC(37) ParOldGen: 78916K(2796544K)->78924K(2796544K)
[100.663s][info][gc,metaspace   ] GC(37) Metaspace: 77497K(78912K)->77497K(78912K) NonClass: 67954K(68608K)->67954K(68608K) Class: 9543K(10304K)->9543K(10304K)
[100.663s][info][gc             ] GC(37) Pause Young (Allocation Failure) 1416M->82M(4083M) 2.225ms
[100.663s][info][gc,cpu         ] GC(37) User=0.00s Sys=0.00s Real=0.00s
[103.488s][info][gc,start       ] GC(38) Pause Young (Allocation Failure)
[103.495s][info][gc,heap        ] GC(38) PSYoungGen: 1373676K(1384448K)->13281K(1383936K) Eden: 1368411K(1370624K)->0K(1370624K) From: 5265K(13824K)->13281K(13312K)
[103.495s][info][gc,heap        ] GC(38) ParOldGen: 78924K(2796544K)->95984K(2796544K)
[103.495s][info][gc,metaspace   ] GC(38) Metaspace: 77509K(78912K)->77509K(78912K) NonClass: 67965K(68608K)->67965K(68608K) Class: 9543K(10304K)->9543K(10304K)
[103.495s][info][gc             ] GC(38) Pause Young (Allocation Failure) 1418M->106M(4082M) 7.375ms
[103.495s][info][gc,cpu         ] GC(38) User=0.00s Sys=0.00s Real=0.01s
[107.465s][info][gc,start       ] GC(39) Pause Young (Allocation Failure)
[107.467s][info][gc,heap        ] GC(39) PSYoungGen: 1383905K(1383936K)->4827K(1369600K) Eden: 1370624K(1370624K)->0K(1355776K) From: 13281K(13312K)->4827K(13824K)
[107.467s][info][gc,heap        ] GC(39) ParOldGen: 95984K(2796544K)->98738K(2796544K)
[107.467s][info][gc,metaspace   ] GC(39) Metaspace: 77534K(78912K)->77534K(78912K) NonClass: 67991K(68608K)->67991K(68608K) Class: 9543K(10304K)->9543K(10304K)
[107.467s][info][gc             ] GC(39) Pause Young (Allocation Failure) 1445M->101M(4068M) 2.646ms
[107.467s][info][gc,cpu         ] GC(39) User=0.00s Sys=0.00s Real=0.02s
[109.946s][info][gc,start       ] GC(40) Pause Young (Allocation Failure)
[109.949s][info][gc,heap        ] GC(40) PSYoungGen: 1360603K(1369600K)->5915K(1376768K) Eden: 1355776K(1355776K)->0K(1355776K) From: 4827K(13824K)->5915K(20992K)
[109.949s][info][gc,heap        ] GC(40) ParOldGen: 98738K(2796544K)->101810K(2796544K)
[109.949s][info][gc,metaspace   ] GC(40) Metaspace: 77569K(78976K)->77569K(78976K) NonClass: 68024K(68672K)->68024K(68672K) Class: 9544K(10304K)->9544K(10304K)
[109.949s][info][gc             ] GC(40) Pause Young (Allocation Failure) 1425M->105M(4075M) 3.029ms
[109.949s][info][gc,cpu         ] GC(40) User=0.09s Sys=0.00s Real=0.01s
[114.355s][info][gc,start       ] GC(41) Pause Young (Allocation Failure)
[114.357s][info][gc,heap        ] GC(41) PSYoungGen: 1359212K(1376768K)->3903K(1377792K) Eden: 1353296K(1355776K)->0K(1357312K) From: 5915K(20992K)->3903K(20480K)
[114.357s][info][gc,heap        ] GC(41) ParOldGen: 101810K(2796544K)->106103K(2796544K)
[114.357s][info][gc,metaspace   ] GC(41) Metaspace: 77569K(78976K)->77569K(78976K) NonClass: 68024K(68672K)->68024K(68672K) Class: 9544K(10304K)->9544K(10304K)
[114.357s][info][gc             ] GC(41) Pause Young (Allocation Failure) 1426M->107M(4076M) 2.529ms
[114.357s][info][gc,cpu         ] GC(41) User=0.02s Sys=0.00s Real=0.00s
[116.649s][info][gc,start       ] GC(42) Pause Young (Allocation Failure)
[116.652s][info][gc,heap        ] GC(42) PSYoungGen: 1357620K(1377792K)->6081K(1377280K) Eden: 1353717K(1357312K)->0K(1357312K) From: 3903K(20480K)->6081K(19968K)
[116.652s][info][gc,heap        ] GC(42) ParOldGen: 106103K(2796544K)->108963K(2796544K)
[116.652s][info][gc,metaspace   ] GC(42) Metaspace: 77581K(78976K)->77581K(78976K) NonClass: 68037K(68672K)->68037K(68672K) Class: 9544K(10304K)->9544K(10304K)
[116.652s][info][gc             ] GC(42) Pause Young (Allocation Failure) 1429M->112M(4076M) 2.981ms
[116.653s][info][gc,cpu         ] GC(42) User=0.08s Sys=0.02s Real=0.00s
[121.047s][info][gc,start       ] GC(43) Pause Young (Allocation Failure)
[121.052s][info][gc,heap        ] GC(43) PSYoungGen: 1363393K(1377280K)->5190K(1379840K) Eden: 1357312K(1357312K)->0K(1360896K) From: 6081K(19968K)->5190K(18944K)
[121.052s][info][gc,heap        ] GC(43) ParOldGen: 108963K(2796544K)->113633K(2796544K)
[121.052s][info][gc,metaspace   ] GC(43) Metaspace: 77594K(78976K)->77594K(78976K) NonClass: 68046K(68672K)->68046K(68672K) Class: 9548K(10304K)->9548K(10304K)
[121.052s][info][gc             ] GC(43) Pause Young (Allocation Failure) 1437M->116M(4078M) 4.393ms
[121.052s][info][gc,cpu         ] GC(43) User=0.00s Sys=0.00s Real=0.00s
[123.855s][info][gc,start       ] GC(44) Pause Young (Allocation Failure)
[123.859s][info][gc,heap        ] GC(44) PSYoungGen: 1366086K(1379840K)->5135K(1378816K) Eden: 1360896K(1360896K)->0K(1360896K) From: 5190K(18944K)->5135K(17920K)
[123.859s][info][gc,heap        ] GC(44) ParOldGen: 113633K(2796544K)->117530K(2796544K)
[123.859s][info][gc,metaspace   ] GC(44) Metaspace: 77602K(78976K)->77602K(78976K) NonClass: 68053K(68672K)->68053K(68672K) Class: 9549K(10304K)->9549K(10304K)
[123.859s][info][gc             ] GC(44) Pause Young (Allocation Failure) 1445M->119M(4077M) 3.943ms
[123.859s][info][gc,cpu         ] GC(44) User=0.00s Sys=0.00s Real=0.00s
[126.021s][info][gc,start       ] GC(45) Pause Young (Allocation Failure)
[126.024s][info][gc,heap        ] GC(45) PSYoungGen: 1363109K(1378816K)->6109K(1381376K) Eden: 1357973K(1360896K)->0K(1363968K) From: 5135K(17920K)->6109K(17408K)
[126.024s][info][gc,heap        ] GC(45) ParOldGen: 117530K(2796544K)->121488K(2796544K)
[126.024s][info][gc,metaspace   ] GC(45) Metaspace: 77614K(78976K)->77614K(78976K) NonClass: 68064K(68672K)->68064K(68672K) Class: 9549K(10304K)->9549K(10304K)
[126.024s][info][gc             ] GC(45) Pause Young (Allocation Failure) 1445M->124M(4080M) 3.465ms
[126.024s][info][gc,cpu         ] GC(45) User=0.00s Sys=0.00s Real=0.01s
[128.653s][info][gc,start       ] GC(46) Pause Young (Allocation Failure)
[128.657s][info][gc,heap        ] GC(46) PSYoungGen: 1370077K(1381376K)->6826K(1380352K) Eden: 1363968K(1363968K)->0K(1363968K) From: 6109K(17408K)->6826K(16384K)
[128.657s][info][gc,heap        ] GC(46) ParOldGen: 121488K(2796544K)->126479K(2796544K)
[128.658s][info][gc,metaspace   ] GC(46) Metaspace: 77634K(78976K)->77634K(78976K) NonClass: 68085K(68672K)->68085K(68672K) Class: 9549K(10304K)->9549K(10304K)
[128.658s][info][gc             ] GC(46) Pause Young (Allocation Failure) 1456M->130M(4079M) 4.291ms
[128.658s][info][gc,cpu         ] GC(46) User=0.00s Sys=0.00s Real=0.00s
[131.584s][info][gc,start       ] GC(47) Pause Young (Allocation Failure)
[131.588s][info][gc,heap        ] GC(47) PSYoungGen: 1370794K(1380352K)->5805K(1382912K) Eden: 1363968K(1363968K)->0K(1367040K) From: 6826K(16384K)->5805K(15872K)
[131.588s][info][gc,heap        ] GC(47) ParOldGen: 126479K(2796544K)->131248K(2796544K)
[131.588s][info][gc,metaspace   ] GC(47) Metaspace: 77639K(78976K)->77639K(78976K) NonClass: 68090K(68672K)->68090K(68672K) Class: 9549K(10304K)->9549K(10304K)
[131.588s][info][gc             ] GC(47) Pause Young (Allocation Failure) 1462M->133M(4081M) 3.998ms
[131.589s][info][gc,cpu         ] GC(47) User=0.00s Sys=0.00s Real=0.01s
[134.916s][info][gc,start       ] GC(48) Pause Young (Allocation Failure)
[134.920s][info][gc,heap        ] GC(48) PSYoungGen: 1372845K(1382912K)->8927K(1381888K) Eden: 1367040K(1367040K)->0K(1367040K) From: 5805K(15872K)->8927K(14848K)
[134.920s][info][gc,heap        ] GC(48) ParOldGen: 131248K(2796544K)->133505K(2796544K)
[134.920s][info][gc,metaspace   ] GC(48) Metaspace: 77649K(78976K)->77649K(78976K) NonClass: 68099K(68672K)->68099K(68672K) Class: 9549K(10304K)->9549K(10304K)
[134.920s][info][gc             ] GC(48) Pause Young (Allocation Failure) 1468M->139M(4080M) 4.617ms
[134.920s][info][gc,cpu         ] GC(48) User=0.08s Sys=0.02s Real=0.02s
[135.390s][info][gc,start       ] GC(49) Pause Young (System.gc())
[135.392s][info][gc,heap        ] GC(49) PSYoungGen: 486496K(1381888K)->736K(1381888K) Eden: 477568K(1367040K)->0K(1367040K) From: 8927K(14848K)->736K(14848K)
[135.392s][info][gc,heap        ] GC(49) ParOldGen: 133505K(2796544K)->137916K(2796544K)
[135.392s][info][gc,metaspace   ] GC(49) Metaspace: 77650K(78976K)->77650K(78976K) NonClass: 68100K(68672K)->68100K(68672K) Class: 9549K(10304K)->9549K(10304K)
[135.392s][info][gc             ] GC(49) Pause Young (System.gc()) 605M->135M(4080M) 2.485ms
[135.392s][info][gc,cpu         ] GC(49) User=0.00s Sys=0.00s Real=0.00s
[135.392s][info][gc,start       ] GC(50) Pause Full (System.gc())
[135.392s][info][gc,phases,start] GC(50) Marking Phase
[135.418s][info][gc,phases      ] GC(50) Marking Phase 25.992ms
[135.418s][info][gc,phases,start] GC(50) Summary Phase
[135.418s][info][gc,phases      ] GC(50) Summary Phase 0.012ms
[135.418s][info][gc,phases,start] GC(50) Adjust Roots
[135.429s][info][gc,phases      ] GC(50) Adjust Roots 10.533ms
[135.429s][info][gc,phases,start] GC(50) Compaction Phase
[135.444s][info][gc,phases      ] GC(50) Compaction Phase 14.995ms
[135.444s][info][gc,phases,start] GC(50) Post Compact
[135.445s][info][gc,phases      ] GC(50) Post Compact 1.348ms
[135.445s][info][gc,heap        ] GC(50) PSYoungGen: 736K(1381888K)->0K(1381888K) Eden: 0K(1367040K)->0K(1367040K) From: 736K(14848K)->0K(14848K)
[135.445s][info][gc,heap        ] GC(50) ParOldGen: 137916K(2796544K)->79319K(2796544K)
[135.445s][info][gc,metaspace   ] GC(50) Metaspace: 77650K(78976K)->77650K(78976K) NonClass: 68100K(68672K)->68100K(68672K) Class: 9549K(10304K)->9549K(10304K)
[135.445s][info][gc             ] GC(50) Pause Full (System.gc()) 135M->77M(4080M) 53.220ms
[135.445s][info][gc,cpu         ] GC(50) User=0.19s Sys=0.00s Real=0.05s
[138.761s][info][gc,start       ] GC(51) Pause Young (Allocation Failure)
[138.764s][info][gc,heap        ] GC(51) PSYoungGen: 1367040K(1381888K)->5101K(1382400K) Eden: 1367040K(1367040K)->0K(1367040K) From: 0K(14848K)->5101K(15360K)
[138.764s][info][gc,heap        ] GC(51) ParOldGen: 79319K(2796544K)->79319K(2796544K)
[138.764s][info][gc,metaspace   ] GC(51) Metaspace: 77670K(78976K)->77670K(78976K) NonClass: 68120K(68672K)->68120K(68672K) Class: 9549K(10304K)->9549K(10304K)
[138.764s][info][gc             ] GC(51) Pause Young (Allocation Failure) 1412M->82M(4081M) 2.857ms
[138.764s][info][gc,cpu         ] GC(51) User=0.02s Sys=0.00s Real=0.00s
[141.522s][info][gc,start       ] GC(52) Pause Young (Allocation Failure)
[141.526s][info][gc,heap        ] GC(52) PSYoungGen: 1369507K(1382400K)->13729K(1378816K) Eden: 1364406K(1367040K)->0K(1363968K) From: 5101K(15360K)->13729K(14848K)
[141.526s][info][gc,heap        ] GC(52) ParOldGen: 79319K(2796544K)->87425K(2796544K)
[141.526s][info][gc,metaspace   ] GC(52) Metaspace: 77686K(79104K)->77686K(79104K) NonClass: 68137K(68800K)->68137K(68800K) Class: 9549K(10304K)->9549K(10304K)
[141.526s][info][gc             ] GC(52) Pause Young (Allocation Failure) 1414M->98M(4077M) 3.968ms
[141.526s][info][gc,cpu         ] GC(52) User=0.00s Sys=0.00s Real=0.00s
[145.320s][info][gc,start       ] GC(53) Pause Young (Allocation Failure)
[145.323s][info][gc,heap        ] GC(53) PSYoungGen: 1373999K(1378816K)->4038K(1380864K) Eden: 1360270K(1363968K)->0K(1363968K) From: 13729K(14848K)->4038K(16896K)
[145.323s][info][gc,heap        ] GC(53) ParOldGen: 87425K(2796544K)->90156K(2796544K)
[145.323s][info][gc,metaspace   ] GC(53) Metaspace: 77695K(79104K)->77695K(79104K) NonClass: 68145K(68800K)->68145K(68800K) Class: 9549K(10304K)->9549K(10304K)
[145.323s][info][gc             ] GC(53) Pause Young (Allocation Failure) 1427M->91M(4079M) 2.388ms
[145.323s][info][gc,cpu         ] GC(53) User=0.00s Sys=0.00s Real=0.01s
[147.956s][info][gc,start       ] GC(54) Pause Young (Allocation Failure)
[147.958s][info][gc,heap        ] GC(54) PSYoungGen: 1368006K(1380864K)->5721K(1382400K) Eden: 1363968K(1363968K)->0K(1366016K) From: 4038K(16896K)->5721K(16384K)
[147.958s][info][gc,heap        ] GC(54) ParOldGen: 90156K(2796544K)->93165K(2796544K)
[147.958s][info][gc,metaspace   ] GC(54) Metaspace: 77696K(79104K)->77696K(79104K) NonClass: 68146K(68800K)->68146K(68800K) Class: 9549K(10304K)->9549K(10304K)
[147.959s][info][gc             ] GC(54) Pause Young (Allocation Failure) 1423M->96M(4081M) 3.049ms
[147.959s][info][gc,cpu         ] GC(54) User=0.00s Sys=0.00s Real=0.02s
[152.399s][info][gc,start       ] GC(55) Pause Young (Allocation Failure)
[152.402s][info][gc,heap        ] GC(55) PSYoungGen: 1371737K(1382400K)->4526K(1381376K) Eden: 1366016K(1366016K)->0K(1366016K) From: 5721K(16384K)->4526K(15360K)
[152.402s][info][gc,heap        ] GC(55) ParOldGen: 93165K(2796544K)->97466K(2796544K)
[152.402s][info][gc,metaspace   ] GC(55) Metaspace: 77697K(79104K)->77697K(79104K) NonClass: 68147K(68800K)->68147K(68800K) Class: 9549K(10304K)->9549K(10304K)
[152.402s][info][gc             ] GC(55) Pause Young (Allocation Failure) 1430M->99M(4080M) 3.304ms
[152.402s][info][gc,cpu         ] GC(55) User=0.00s Sys=0.00s Real=0.00s
[154.631s][info][gc,start       ] GC(56) Pause Young (Allocation Failure)
[154.634s][info][gc,heap        ] GC(56) PSYoungGen: 1370542K(1381376K)->7299K(1383424K) Eden: 1366016K(1366016K)->0K(1368576K) From: 4526K(15360K)->7299K(14848K)
[154.634s][info][gc,heap        ] GC(56) ParOldGen: 97466K(2796544K)->100316K(2796544K)
[154.634s][info][gc,metaspace   ] GC(56) Metaspace: 77724K(79104K)->77724K(79104K) NonClass: 68174K(68800K)->68174K(68800K) Class: 9549K(10304K)->9549K(10304K)
[154.634s][info][gc             ] GC(56) Pause Young (Allocation Failure) 1433M->105M(4082M) 3.145ms
[154.634s][info][gc,cpu         ] GC(56) User=0.00s Sys=0.00s Real=0.01s
[158.973s][info][gc,start       ] GC(57) Pause Young (Allocation Failure)
[158.977s][info][gc,heap        ] GC(57) PSYoungGen: 1375875K(1383424K)->6089K(1382912K) Eden: 1368576K(1368576K)->0K(1368576K) From: 7299K(14848K)->6089K(14336K)
[158.977s][info][gc,heap        ] GC(57) ParOldGen: 100316K(2796544K)->105017K(2796544K)
[158.977s][info][gc,metaspace   ] GC(57) Metaspace: 77732K(79104K)->77732K(79104K) NonClass: 68182K(68800K)->68182K(68800K) Class: 9549K(10304K)->9549K(10304K)
[158.977s][info][gc             ] GC(57) Pause Young (Allocation Failure) 1441M->108M(4081M) 3.533ms
[158.977s][info][gc,cpu         ] GC(57) User=0.00s Sys=0.00s Real=0.00s
[161.832s][info][gc,start       ] GC(58) Pause Young (Allocation Failure)
[161.835s][info][gc,heap        ] GC(58) PSYoungGen: 1374665K(1382912K)->5190K(1384448K) Eden: 1368576K(1368576K)->0K(1370624K) From: 6089K(14336K)->5190K(13824K)
[161.835s][info][gc,heap        ] GC(58) ParOldGen: 105017K(2796544K)->109064K(2796544K)
[161.835s][info][gc,metaspace   ] GC(58) Metaspace: 77734K(79104K)->77734K(79104K) NonClass: 68184K(68800K)->68184K(68800K) Class: 9549K(10304K)->9549K(10304K)
[161.835s][info][gc             ] GC(58) Pause Young (Allocation Failure) 1445M->111M(4083M) 2.919ms
[161.835s][info][gc,cpu         ] GC(58) User=0.00s Sys=0.00s Real=0.00s
[164.082s][info][gc,start       ] GC(59) Pause Young (Allocation Failure)
[164.085s][info][gc,heap        ] GC(59) PSYoungGen: 1375814K(1384448K)->7922K(1383936K) Eden: 1370624K(1370624K)->0K(1370624K) From: 5190K(13824K)->7922K(13312K)
[164.086s][info][gc,heap        ] GC(59) ParOldGen: 109064K(2796544K)->113073K(2796544K)
[164.086s][info][gc,metaspace   ] GC(59) Metaspace: 77741K(79104K)->77741K(79104K) NonClass: 68191K(68800K)->68191K(68800K) Class: 9550K(10304K)->9550K(10304K)
[164.086s][info][gc             ] GC(59) Pause Young (Allocation Failure) 1450M->118M(4082M) 3.350ms
[164.086s][info][gc,cpu         ] GC(59) User=0.00s Sys=0.00s Real=0.00s
[166.654s][info][gc,start       ] GC(60) Pause Young (Allocation Failure)
[166.658s][info][gc,heap        ] GC(60) PSYoungGen: 1378546K(1383936K)->5800K(1384960K) Eden: 1370624K(1370624K)->0K(1371648K) From: 7922K(13312K)->5800K(13312K)
[166.658s][info][gc,heap        ] GC(60) ParOldGen: 113073K(2796544K)->118016K(2796544K)
[166.658s][info][gc,metaspace   ] GC(60) Metaspace: 77745K(79104K)->77745K(79104K) NonClass: 68194K(68800K)->68194K(68800K) Class: 9550K(10304K)->9550K(10304K)
[166.658s][info][gc             ] GC(60) Pause Young (Allocation Failure) 1456M->120M(4083M) 3.536ms
[166.658s][info][gc,cpu         ] GC(60) User=0.00s Sys=0.00s Real=0.01s
[169.431s][info][gc,start       ] GC(61) Pause Young (Allocation Failure)
[169.434s][info][gc,heap        ] GC(61) PSYoungGen: 1373410K(1384960K)->6594K(1384448K) Eden: 1367609K(1371648K)->0K(1371648K) From: 5800K(13312K)->6594K(12800K)
[169.434s][info][gc,heap        ] GC(61) ParOldGen: 118016K(2796544K)->122663K(2796544K)
[169.434s][info][gc,metaspace   ] GC(61) Metaspace: 77753K(79104K)->77753K(79104K) NonClass: 68202K(68800K)->68202K(68800K) Class: 9551K(10304K)->9551K(10304K)
[169.434s][info][gc             ] GC(61) Pause Young (Allocation Failure) 1456M->126M(4083M) 3.134ms
[169.434s][info][gc,cpu         ] GC(61) User=0.09s Sys=0.00s Real=0.00s
[172.748s][info][gc,start       ] GC(62) Pause Young (Allocation Failure)
[172.750s][info][gc,heap        ] GC(62) PSYoungGen: 1378213K(1384448K)->4756K(1385984K) Eden: 1371618K(1371648K)->0K(1373696K) From: 6594K(12800K)->4756K(12288K)
[172.750s][info][gc,heap        ] GC(62) ParOldGen: 122663K(2796544K)->125320K(2796544K)
[172.750s][info][gc,metaspace   ] GC(62) Metaspace: 77756K(79104K)->77756K(79104K) NonClass: 68205K(68800K)->68205K(68800K) Class: 9551K(10304K)->9551K(10304K)
[172.750s][info][gc             ] GC(62) Pause Young (Allocation Failure) 1465M->127M(4084M) 2.704ms
[172.750s][info][gc,cpu         ] GC(62) User=0.00s Sys=0.00s Real=0.01s
[173.187s][info][gc,start       ] GC(63) Pause Young (System.gc())
[173.189s][info][gc,heap        ] GC(63) PSYoungGen: 416051K(1385984K)->672K(1385472K) Eden: 411294K(1373696K)->0K(1373696K) From: 4756K(12288K)->672K(11776K)
[173.189s][info][gc,heap        ] GC(63) ParOldGen: 125320K(2796544K)->127504K(2796544K)
[173.189s][info][gc,metaspace   ] GC(63) Metaspace: 77764K(79104K)->77764K(79104K) NonClass: 68213K(68800K)->68213K(68800K) Class: 9551K(10304K)->9551K(10304K)
[173.189s][info][gc             ] GC(63) Pause Young (System.gc()) 528M->125M(4084M) 1.491ms
[173.189s][info][gc,cpu         ] GC(63) User=0.00s Sys=0.00s Real=0.00s
[173.189s][info][gc,start       ] GC(64) Pause Full (System.gc())
[173.189s][info][gc,phases,start] GC(64) Marking Phase
[173.213s][info][gc,phases      ] GC(64) Marking Phase 23.720ms
[173.213s][info][gc,phases,start] GC(64) Summary Phase
[173.213s][info][gc,phases      ] GC(64) Summary Phase 0.011ms
[173.213s][info][gc,phases,start] GC(64) Adjust Roots
[173.223s][info][gc,phases      ] GC(64) Adjust Roots 10.344ms
[173.223s][info][gc,phases,start] GC(64) Compaction Phase
[173.236s][info][gc,phases      ] GC(64) Compaction Phase 12.800ms
[173.236s][info][gc,phases,start] GC(64) Post Compact
[173.237s][info][gc,phases      ] GC(64) Post Compact 1.034ms
[173.237s][info][gc,heap        ] GC(64) PSYoungGen: 672K(1385472K)->0K(1385472K) Eden: 0K(1373696K)->0K(1373696K) From: 672K(11776K)->0K(11776K)
[173.237s][info][gc,heap        ] GC(64) ParOldGen: 127504K(2796544K)->78079K(2796544K)
[173.237s][info][gc,metaspace   ] GC(64) Metaspace: 77764K(79104K)->77764K(79104K) NonClass: 68213K(68800K)->68213K(68800K) Class: 9551K(10304K)->9551K(10304K)
[173.237s][info][gc             ] GC(64) Pause Full (System.gc()) 125M->76M(4084M) 48.212ms
[173.237s][info][gc,cpu         ] GC(64) User=0.20s Sys=0.00s Real=0.05s
[176.517s][info][gc,start       ] GC(65) Pause Young (Allocation Failure)
[176.519s][info][gc,heap        ] GC(65) PSYoungGen: 1373696K(1385472K)->5006K(1385984K) Eden: 1373696K(1373696K)->0K(1373696K) From: 0K(11776K)->5006K(12288K)
[176.519s][info][gc,heap        ] GC(65) ParOldGen: 78079K(2796544K)->78087K(2796544K)
[176.519s][info][gc,metaspace   ] GC(65) Metaspace: 77782K(79104K)->77782K(79104K) NonClass: 68231K(68800K)->68231K(68800K) Class: 9551K(10304K)->9551K(10304K)
[176.519s][info][gc             ] GC(65) Pause Young (Allocation Failure) 1417M->81M(4084M) 2.103ms
[176.519s][info][gc,cpu         ] GC(65) User=0.00s Sys=0.00s Real=0.00s
[179.292s][info][gc,start       ] GC(66) Pause Young (Allocation Failure)
[179.295s][info][gc,heap        ] GC(66) PSYoungGen: 1376208K(1385984K)->5357K(1385472K) Eden: 1371202K(1373696K)->0K(1373696K) From: 5006K(12288K)->5357K(11776K)
[179.295s][info][gc,heap        ] GC(66) ParOldGen: 78087K(2796544K)->82081K(2796544K)
[179.295s][info][gc,metaspace   ] GC(66) Metaspace: 77791K(79104K)->77791K(79104K) NonClass: 68240K(68800K)->68240K(68800K) Class: 9551K(10304K)->9551K(10304K)
[179.295s][info][gc             ] GC(66) Pause Young (Allocation Failure) 1420M->85M(4084M) 2.889ms
[179.295s][info][gc,cpu         ] GC(66) User=0.02s Sys=0.00s Real=0.00s
[183.320s][info][gc,start       ] GC(67) Pause Young (Allocation Failure)
[183.322s][info][gc,heap        ] GC(67) PSYoungGen: 1378400K(1385472K)->4129K(1387008K) Eden: 1373043K(1373696K)->0K(1375744K) From: 5357K(11776K)->4129K(11264K)
[183.322s][info][gc,heap        ] GC(67) ParOldGen: 82081K(2796544K)->84740K(2796544K)
[183.322s][info][gc,metaspace   ] GC(67) Metaspace: 77793K(79104K)->77793K(79104K) NonClass: 68242K(68800K)->68242K(68800K) Class: 9551K(10304K)->9551K(10304K)
[183.322s][info][gc             ] GC(67) Pause Young (Allocation Failure) 1426M->86M(4085M) 2.724ms
[183.322s][info][gc,cpu         ] GC(67) User=0.00s Sys=0.00s Real=0.01s
[185.769s][info][gc,start       ] GC(68) Pause Young (Allocation Failure)
[185.772s][info][gc,heap        ] GC(68) PSYoungGen: 1379873K(1387008K)->5842K(1386496K) Eden: 1375744K(1375744K)->0K(1375744K) From: 4129K(11264K)->5842K(10752K)
[185.772s][info][gc,heap        ] GC(68) ParOldGen: 84740K(2796544K)->87821K(2796544K)
[185.772s][info][gc,metaspace   ] GC(68) Metaspace: 77793K(79104K)->77793K(79104K) NonClass: 68242K(68800K)->68242K(68800K) Class: 9551K(10304K)->9551K(10304K)
[185.772s][info][gc             ] GC(68) Pause Young (Allocation Failure) 1430M->91M(4085M) 2.988ms
[185.772s][info][gc,cpu         ] GC(68) User=0.00s Sys=0.00s Real=0.00s
[190.286s][info][gc,start       ] GC(69) Pause Young (Allocation Failure)
[190.289s][info][gc,heap        ] GC(69) PSYoungGen: 1380609K(1386496K)->4063K(1387520K) Eden: 1374767K(1375744K)->0K(1376768K) From: 5842K(10752K)->4063K(10752K)
[190.289s][info][gc,heap        ] GC(69) ParOldGen: 87821K(2796544K)->92071K(2796544K)
[190.289s][info][gc,metaspace   ] GC(69) Metaspace: 77795K(79104K)->77795K(79104K) NonClass: 68244K(68800K)->68244K(68800K) Class: 9551K(10304K)->9551K(10304K)
[190.289s][info][gc             ] GC(69) Pause Young (Allocation Failure) 1434M->93M(4086M) 3.394ms
[190.289s][info][gc,cpu         ] GC(69) User=0.00s Sys=0.00s Real=0.01s
[192.516s][info][gc,start       ] GC(70) Pause Young (Allocation Failure)
[192.520s][info][gc,heap        ] GC(70) PSYoungGen: 1380721K(1387520K)->6259K(1387008K) Eden: 1376657K(1376768K)->0K(1376768K) From: 4063K(10752K)->6259K(10240K)
[192.520s][info][gc,heap        ] GC(70) ParOldGen: 92071K(2796544K)->95046K(2796544K)
[192.520s][info][gc,metaspace   ] GC(70) Metaspace: 77799K(79104K)->77799K(79104K) NonClass: 68248K(68800K)->68248K(68800K) Class: 9551K(10304K)->9551K(10304K)
[192.520s][info][gc             ] GC(70) Pause Young (Allocation Failure) 1438M->98M(4085M) 4.050ms
[192.520s][info][gc,cpu         ] GC(70) User=0.00s Sys=0.00s Real=0.00s
[196.730s][info][gc,start       ] GC(71) Pause Young (Allocation Failure)
[196.734s][info][gc,heap        ] GC(71) PSYoungGen: 1382115K(1387008K)->5163K(1388032K) Eden: 1375856K(1376768K)->0K(1377792K) From: 6259K(10240K)->5163K(10240K)
[196.734s][info][gc,heap        ] GC(71) ParOldGen: 95046K(2796544K)->99680K(2796544K)
[196.734s][info][gc,metaspace   ] GC(71) Metaspace: 77807K(79168K)->77807K(79168K) NonClass: 68256K(68864K)->68256K(68864K) Class: 9551K(10304K)->9551K(10304K)
[196.734s][info][gc             ] GC(71) Pause Young (Allocation Failure) 1442M->102M(4086M) 3.619ms
[196.734s][info][gc,cpu         ] GC(71) User=0.00s Sys=0.00s Real=0.01s
[199.707s][info][gc,start       ] GC(72) Pause Young (Allocation Failure)
[199.710s][info][gc,heap        ] GC(72) PSYoungGen: 1382955K(1388032K)->5637K(1387520K) Eden: 1377792K(1377792K)->0K(1377792K) From: 5163K(10240K)->5637K(9728K)
[199.710s][info][gc,heap        ] GC(72) ParOldGen: 99680K(2796544K)->103496K(2796544K)
[199.710s][info][gc,metaspace   ] GC(72) Metaspace: 77828K(79168K)->77828K(79168K) NonClass: 68277K(68864K)->68277K(68864K) Class: 9551K(10304K)->9551K(10304K)
[199.710s][info][gc             ] GC(72) Pause Young (Allocation Failure) 1447M->106M(4086M) 2.994ms
[199.710s][info][gc,cpu         ] GC(72) User=0.00s Sys=0.00s Real=0.00s
[201.989s][info][gc,start       ] GC(73) Pause Young (Allocation Failure)
[201.993s][info][gc,heap        ] GC(73) PSYoungGen: 1383429K(1387520K)->6227K(1388544K) Eden: 1377792K(1377792K)->0K(1379328K) From: 5637K(9728K)->6227K(9216K)
[201.993s][info][gc,heap        ] GC(73) ParOldGen: 103496K(2796544K)->107713K(2796544K)
[201.993s][info][gc,metaspace   ] GC(73) Metaspace: 77828K(79168K)->77828K(79168K) NonClass: 68277K(68864K)->68277K(68864K) Class: 9551K(10304K)->9551K(10304K)
[201.993s][info][gc             ] GC(73) Pause Young (Allocation Failure) 1452M->111M(4087M) 4.404ms
[201.993s][info][gc,cpu         ] GC(73) User=0.00s Sys=0.00s Real=0.00s
[204.287s][info][gc,start       ] GC(74) Pause Young (Allocation Failure)
[204.290s][info][gc,heap        ] GC(74) PSYoungGen: 1385555K(1388544K)->5907K(1388544K) Eden: 1379328K(1379328K)->0K(1379328K) From: 6227K(9216K)->5907K(9216K)
[204.290s][info][gc,heap        ] GC(74) ParOldGen: 107713K(2796544K)->112620K(2796544K)
[204.290s][info][gc,metaspace   ] GC(74) Metaspace: 77832K(79168K)->77832K(79168K) NonClass: 68281K(68864K)->68281K(68864K) Class: 9551K(10304K)->9551K(10304K)
[204.290s][info][gc             ] GC(74) Pause Young (Allocation Failure) 1458M->115M(4087M) 3.512ms
[204.290s][info][gc,cpu         ] GC(74) User=0.00s Sys=0.00s Real=0.01s
[206.977s][info][gc,start       ] GC(75) Pause Young (Allocation Failure)
[206.981s][info][gc,heap        ] GC(75) PSYoungGen: 1383012K(1388544K)->5560K(1389056K) Eden: 1377104K(1379328K)->0K(1379840K) From: 5907K(9216K)->5560K(9216K)
[206.981s][info][gc,heap        ] GC(75) ParOldGen: 112620K(2796544K)->117201K(2796544K)
[206.981s][info][gc,metaspace   ] GC(75) Metaspace: 77832K(79168K)->77832K(79168K) NonClass: 68281K(68864K)->68281K(68864K) Class: 9551K(10304K)->9551K(10304K)
[206.981s][info][gc             ] GC(75) Pause Young (Allocation Failure) 1460M->119M(4087M) 4.299ms
[206.981s][info][gc,cpu         ] GC(75) User=0.08s Sys=0.00s Real=0.01s
[210.437s][info][gc,start       ] GC(76) Pause Young (Allocation Failure)
[210.441s][info][gc,heap        ] GC(76) PSYoungGen: 1385400K(1389056K)->6444K(1388544K) Eden: 1379840K(1379840K)->0K(1379840K) From: 5560K(9216K)->6444K(8704K)
[210.441s][info][gc,heap        ] GC(76) ParOldGen: 117201K(2796544K)->119855K(2796544K)
[210.441s][info][gc,metaspace   ] GC(76) Metaspace: 77834K(79168K)->77834K(79168K) NonClass: 68283K(68864K)->68283K(68864K) Class: 9551K(10304K)->9551K(10304K)
[210.441s][info][gc             ] GC(76) Pause Young (Allocation Failure) 1467M->123M(4087M) 3.493ms
[210.441s][info][gc,cpu         ] GC(76) User=0.00s Sys=0.00s Real=0.01s
[210.711s][info][gc,start       ] GC(77) Pause Young (System.gc())
[210.713s][info][gc,heap        ] GC(77) PSYoungGen: 308333K(1388544K)->480K(1388032K) Eden: 301889K(1379840K)->0K(1379328K) From: 6444K(8704K)->480K(8704K)
[210.713s][info][gc,heap        ] GC(77) ParOldGen: 119855K(2796544K)->122310K(2796544K)
[210.713s][info][gc,metaspace   ] GC(77) Metaspace: 77834K(79168K)->77834K(79168K) NonClass: 68283K(68864K)->68283K(68864K) Class: 9551K(10304K)->9551K(10304K)
[210.713s][info][gc             ] GC(77) Pause Young (System.gc()) 418M->119M(4086M) 1.531ms
[210.713s][info][gc,cpu         ] GC(77) User=0.00s Sys=0.00s Real=0.00s
[210.713s][info][gc,start       ] GC(78) Pause Full (System.gc())
[210.713s][info][gc,phases,start] GC(78) Marking Phase
[210.738s][info][gc,phases      ] GC(78) Marking Phase 25.444ms
[210.738s][info][gc,phases,start] GC(78) Summary Phase
[210.738s][info][gc,phases      ] GC(78) Summary Phase 0.010ms
[210.738s][info][gc,phases,start] GC(78) Adjust Roots
[210.749s][info][gc,phases      ] GC(78) Adjust Roots 10.603ms
[210.749s][info][gc,phases,start] GC(78) Compaction Phase
[210.762s][info][gc,phases      ] GC(78) Compaction Phase 12.844ms
[210.762s][info][gc,phases,start] GC(78) Post Compact
[210.763s][info][gc,phases      ] GC(78) Post Compact 1.061ms
[210.763s][info][gc,heap        ] GC(78) PSYoungGen: 480K(1388032K)->0K(1388032K) Eden: 0K(1379328K)->0K(1379328K) From: 480K(8704K)->0K(8704K)
[210.763s][info][gc,heap        ] GC(78) ParOldGen: 122310K(2796544K)->78225K(2796544K)
[210.763s][info][gc,metaspace   ] GC(78) Metaspace: 77834K(79168K)->77834K(79168K) NonClass: 68283K(68864K)->68283K(68864K) Class: 9551K(10304K)->9551K(10304K)
[210.763s][info][gc             ] GC(78) Pause Full (System.gc()) 119M->76M(4086M) 50.306ms
[210.763s][info][gc,cpu         ] GC(78) User=0.22s Sys=0.00s Real=0.05s
[214.046s][info][gc,start       ] GC(79) Pause Young (Allocation Failure)
[214.048s][info][gc,heap        ] GC(79) PSYoungGen: 1379328K(1388032K)->4969K(1388544K) Eden: 1379328K(1379328K)->0K(1379328K) From: 0K(8704K)->4969K(9216K)
[214.048s][info][gc,heap        ] GC(79) ParOldGen: 78225K(2796544K)->78225K(2796544K)
[214.048s][info][gc,metaspace   ] GC(79) Metaspace: 77844K(79168K)->77844K(79168K) NonClass: 68293K(68864K)->68293K(68864K) Class: 9551K(10304K)->9551K(10304K)
[214.048s][info][gc             ] GC(79) Pause Young (Allocation Failure) 1423M->81M(4087M) 1.933ms
[214.048s][info][gc,cpu         ] GC(79) User=0.00s Sys=0.00s Real=0.00s
[216.818s][info][gc,start       ] GC(80) Pause Young (Allocation Failure)
[216.822s][info][gc,heap        ] GC(80) PSYoungGen: 1381165K(1388544K)->9187K(1376256K) Eden: 1376196K(1379328K)->0K(1367040K) From: 4969K(9216K)->9187K(9216K)
[216.822s][info][gc,heap        ] GC(80) ParOldGen: 78225K(2796544K)->91957K(2796544K)
[216.822s][info][gc,metaspace   ] GC(80) Metaspace: 77844K(79168K)->77844K(79168K) NonClass: 68293K(68864K)->68293K(68864K) Class: 9551K(10304K)->9551K(10304K)
[216.822s][info][gc             ] GC(80) Pause Young (Allocation Failure) 1425M->98M(4075M) 4.182ms
[216.822s][info][gc,cpu         ] GC(80) User=0.00s Sys=0.00s Real=0.00s
[220.763s][info][gc,start       ] GC(81) Pause Young (Allocation Failure)
[220.766s][info][gc,heap        ] GC(81) PSYoungGen: 1376227K(1376256K)->5340K(1382400K) Eden: 1367040K(1367040K)->0K(1367040K) From: 9187K(9216K)->5340K(15360K)
[220.767s][info][gc,heap        ] GC(81) ParOldGen: 91957K(2796544K)->95585K(2796544K)
[220.767s][info][gc,metaspace   ] GC(81) Metaspace: 77846K(79168K)->77846K(79168K) NonClass: 68294K(68864K)->68294K(68864K) Class: 9551K(10304K)->9551K(10304K)
[220.767s][info][gc             ] GC(81) Pause Young (Allocation Failure) 1433M->98M(4081M) 3.048ms
[220.767s][info][gc,cpu         ] GC(81) User=0.00s Sys=0.00s Real=0.01s
[223.203s][info][gc,start       ] GC(82) Pause Young (Allocation Failure)
[223.206s][info][gc,heap        ] GC(82) PSYoungGen: 1372380K(1382400K)->5980K(1383424K) Eden: 1367040K(1367040K)->0K(1368576K) From: 5340K(15360K)->5980K(14848K)
[223.206s][info][gc,heap        ] GC(82) ParOldGen: 95585K(2796544K)->98712K(2796544K)
[223.206s][info][gc,metaspace   ] GC(82) Metaspace: 77847K(79168K)->77847K(79168K) NonClass: 68296K(68864K)->68296K(68864K) Class: 9551K(10304K)->9551K(10304K)
[223.206s][info][gc             ] GC(82) Pause Young (Allocation Failure) 1433M->102M(4082M) 3.026ms
[223.206s][info][gc,cpu         ] GC(82) User=0.00s Sys=0.00s Real=0.00s
[227.715s][info][gc,start       ] GC(83) Pause Young (Allocation Failure)
[227.719s][info][gc,heap        ] GC(83) PSYoungGen: 1374556K(1383424K)->7613K(1382912K) Eden: 1368576K(1368576K)->0K(1368576K) From: 5980K(14848K)->7613K(14336K)
[227.719s][info][gc,heap        ] GC(83) ParOldGen: 98712K(2796544K)->102950K(2796544K)
[227.719s][info][gc,metaspace   ] GC(83) Metaspace: 77849K(79168K)->77849K(79168K) NonClass: 68298K(68864K)->68298K(68864K) Class: 9551K(10304K)->9551K(10304K)
[227.719s][info][gc             ] GC(83) Pause Young (Allocation Failure) 1438M->107M(4081M) 3.661ms
[227.719s][info][gc,cpu         ] GC(83) User=0.00s Sys=0.00s Real=0.00s
[229.904s][info][gc,start       ] GC(84) Pause Young (Allocation Failure)
[229.908s][info][gc,heap        ] GC(84) PSYoungGen: 1376189K(1382912K)->6867K(1384448K) Eden: 1368576K(1368576K)->0K(1370624K) From: 7613K(14336K)->6867K(13824K)
[229.908s][info][gc,heap        ] GC(84) ParOldGen: 102950K(2796544K)->105844K(2796544K)
[229.908s][info][gc,metaspace   ] GC(84) Metaspace: 77857K(79168K)->77857K(79168K) NonClass: 68306K(68864K)->68306K(68864K) Class: 9551K(10304K)->9551K(10304K)
[229.908s][info][gc             ] GC(84) Pause Young (Allocation Failure) 1444M->110M(4083M) 3.927ms
[229.908s][info][gc,cpu         ] GC(84) User=0.00s Sys=0.00s Real=0.00s
[234.072s][info][gc,start       ] GC(85) Pause Young (Allocation Failure)
[234.076s][info][gc,heap        ] GC(85) PSYoungGen: 1377491K(1384448K)->7243K(1383936K) Eden: 1370624K(1370624K)->0K(1370624K) From: 6867K(13824K)->7243K(13312K)
[234.076s][info][gc,heap        ] GC(85) ParOldGen: 105844K(2796544K)->110525K(2796544K)
[234.076s][info][gc,metaspace   ] GC(85) Metaspace: 77865K(79168K)->77865K(79168K) NonClass: 68313K(68864K)->68313K(68864K) Class: 9552K(10304K)->9552K(10304K)
[234.076s][info][gc             ] GC(85) Pause Young (Allocation Failure) 1448M->115M(4082M) 4.468ms
[234.077s][info][gc,cpu         ] GC(85) User=0.09s Sys=0.00s Real=0.00s
[237.070s][info][gc,start       ] GC(86) Pause Young (Allocation Failure)
[237.075s][info][gc,heap        ] GC(86) PSYoungGen: 1377867K(1383936K)->6138K(1385472K) Eden: 1370624K(1370624K)->0K(1372672K) From: 7243K(13312K)->6138K(12800K)
[237.075s][info][gc,heap        ] GC(86) ParOldGen: 110525K(2796544K)->114392K(2796544K)
[237.075s][info][gc,metaspace   ] GC(86) Metaspace: 77866K(79168K)->77866K(79168K) NonClass: 68314K(68864K)->68314K(68864K) Class: 9552K(10304K)->9552K(10304K)
[237.075s][info][gc             ] GC(86) Pause Young (Allocation Failure) 1453M->117M(4084M) 5.156ms
[237.075s][info][gc,cpu         ] GC(86) User=0.08s Sys=0.00s Real=0.00s
[239.329s][info][gc,start       ] GC(87) Pause Young (Allocation Failure)
[239.332s][info][gc,heap        ] GC(87) PSYoungGen: 1378810K(1385472K)->6641K(1384960K) Eden: 1372672K(1372672K)->0K(1372672K) From: 6138K(12800K)->6641K(12288K)
[239.332s][info][gc,heap        ] GC(87) ParOldGen: 114392K(2796544K)->118460K(2796544K)
[239.332s][info][gc,metaspace   ] GC(87) Metaspace: 77870K(79168K)->77870K(79168K) NonClass: 68317K(68864K)->68317K(68864K) Class: 9552K(10304K)->9552K(10304K)
[239.332s][info][gc             ] GC(87) Pause Young (Allocation Failure) 1458M->122M(4083M) 3.405ms
[239.333s][info][gc,cpu         ] GC(87) User=0.00s Sys=0.00s Real=0.01s
[241.769s][info][gc,start       ] GC(88) Pause Young (Allocation Failure)
[241.772s][info][gc,heap        ] GC(88) PSYoungGen: 1379313K(1384960K)->5696K(1386496K) Eden: 1372672K(1372672K)->0K(1374720K) From: 6641K(12288K)->5696K(11776K)
[241.772s][info][gc,heap        ] GC(88) ParOldGen: 118460K(2796544K)->123457K(2796544K)
[241.772s][info][gc,metaspace   ] GC(88) Metaspace: 77874K(79168K)->77874K(79168K) NonClass: 68321K(68864K)->68321K(68864K) Class: 9552K(10304K)->9552K(10304K)
[241.772s][info][gc             ] GC(88) Pause Young (Allocation Failure) 1462M->126M(4085M) 3.240ms
[241.772s][info][gc,cpu         ] GC(88) User=0.00s Sys=0.00s Real=0.00s
[244.501s][info][gc,start       ] GC(89) Pause Young (Allocation Failure)
[244.505s][info][gc,heap        ] GC(89) PSYoungGen: 1380030K(1386496K)->11249K(1385984K) Eden: 1374333K(1374720K)->0K(1374720K) From: 5696K(11776K)->11249K(11264K)
[244.505s][info][gc,heap        ] GC(89) ParOldGen: 123457K(2796544K)->132399K(2796544K)
[244.505s][info][gc,metaspace   ] GC(89) Metaspace: 77874K(79168K)->77874K(79168K) NonClass: 68321K(68864K)->68321K(68864K) Class: 9552K(10304K)->9552K(10304K)
[244.505s][info][gc             ] GC(89) Pause Young (Allocation Failure) 1468M->140M(4084M) 4.458ms
[244.505s][info][gc,cpu         ] GC(89) User=0.00s Sys=0.00s Real=0.00s
[247.856s][info][gc,start       ] GC(90) Pause Young (Allocation Failure)
[247.861s][info][gc,heap        ] GC(90) PSYoungGen: 1385969K(1385984K)->5394K(1377792K) Eden: 1374720K(1374720K)->0K(1366016K) From: 11249K(11264K)->5394K(11776K)
[247.861s][info][gc,heap        ] GC(90) ParOldGen: 132399K(2796544K)->135028K(2796544K)
[247.861s][info][gc,metaspace   ] GC(90) Metaspace: 77874K(79168K)->77874K(79168K) NonClass: 68321K(68864K)->68321K(68864K) Class: 9552K(10304K)->9552K(10304K)
[247.861s][info][gc             ] GC(90) Pause Young (Allocation Failure) 1482M->137M(4076M) 4.624ms
[247.861s][info][gc,cpu         ] GC(90) User=0.00s Sys=0.00s Real=0.01s
[248.212s][info][gc,start       ] GC(91) Pause Young (System.gc())
[248.214s][info][gc,heap        ] GC(91) PSYoungGen: 360828K(1377792K)->559K(1381888K) Eden: 355434K(1366016K)->0K(1366016K) From: 5394K(11776K)->559K(15872K)
[248.214s][info][gc,heap        ] GC(91) ParOldGen: 135028K(2796544K)->137238K(2796544K)
[248.214s][info][gc,metaspace   ] GC(91) Metaspace: 77878K(79232K)->77878K(79232K) NonClass: 68326K(68928K)->68326K(68928K) Class: 9552K(10304K)->9552K(10304K)
[248.214s][info][gc             ] GC(91) Pause Young (System.gc()) 484M->134M(4080M) 1.493ms
[248.214s][info][gc,cpu         ] GC(91) User=0.00s Sys=0.00s Real=0.00s
[248.214s][info][gc,start       ] GC(92) Pause Full (System.gc())
[248.214s][info][gc,phases,start] GC(92) Marking Phase
[248.240s][info][gc,phases      ] GC(92) Marking Phase 25.794ms
[248.240s][info][gc,phases,start] GC(92) Summary Phase
[248.240s][info][gc,phases      ] GC(92) Summary Phase 0.012ms
[248.240s][info][gc,phases,start] GC(92) Adjust Roots
[248.250s][info][gc,phases      ] GC(92) Adjust Roots 10.402ms
[248.250s][info][gc,phases,start] GC(92) Compaction Phase
[248.264s][info][gc,phases      ] GC(92) Compaction Phase 13.525ms
[248.264s][info][gc,phases,start] GC(92) Post Compact
[248.265s][info][gc,phases      ] GC(92) Post Compact 1.068ms
[248.265s][info][gc,heap        ] GC(92) PSYoungGen: 559K(1381888K)->0K(1381888K) Eden: 0K(1366016K)->0K(1366016K) From: 559K(15872K)->0K(15872K)
[248.265s][info][gc,heap        ] GC(92) ParOldGen: 137238K(2796544K)->79705K(2796544K)
[248.265s][info][gc,metaspace   ] GC(92) Metaspace: 77878K(79232K)->77878K(79232K) NonClass: 68326K(68928K)->68326K(68928K) Class: 9552K(10304K)->9552K(10304K)
[248.265s][info][gc             ] GC(92) Pause Full (System.gc()) 134M->77M(4080M) 51.118ms
[248.265s][info][gc,cpu         ] GC(92) User=0.20s Sys=0.02s Real=0.05s
[251.546s][info][gc,start       ] GC(93) Pause Young (Allocation Failure)
[251.548s][info][gc,heap        ] GC(93) PSYoungGen: 1366016K(1381888K)->5525K(1382400K) Eden: 1366016K(1366016K)->0K(1366528K) From: 0K(15872K)->5525K(15872K)
[251.548s][info][gc,heap        ] GC(93) ParOldGen: 79705K(2796544K)->79705K(2796544K)
[251.548s][info][gc,metaspace   ] GC(93) Metaspace: 77886K(79232K)->77886K(79232K) NonClass: 68334K(68928K)->68334K(68928K) Class: 9552K(10304K)->9552K(10304K)
[251.548s][info][gc             ] GC(93) Pause Young (Allocation Failure) 1411M->83M(4081M) 2.562ms
[251.548s][info][gc,cpu         ] GC(93) User=0.00s Sys=0.00s Real=0.00s
[254.324s][info][gc,start       ] GC(94) Pause Young (Allocation Failure)
[254.327s][info][gc,heap        ] GC(94) PSYoungGen: 1369297K(1382400K)->13867K(1380864K) Eden: 1363772K(1366528K)->0K(1366528K) From: 5525K(15872K)->13867K(14336K)
[254.328s][info][gc,heap        ] GC(94) ParOldGen: 79705K(2796544K)->84051K(2796544K)
[254.328s][info][gc,metaspace   ] GC(94) Metaspace: 77890K(79232K)->77890K(79232K) NonClass: 68337K(68928K)->68337K(68928K) Class: 9552K(10304K)->9552K(10304K)
[254.328s][info][gc             ] GC(94) Pause Young (Allocation Failure) 1415M->95M(4079M) 3.404ms
[254.328s][info][gc,cpu         ] GC(94) User=0.00s Sys=0.00s Real=0.00s
[258.041s][info][gc,start       ] GC(95) Pause Young (Allocation Failure)
[258.043s][info][gc,heap        ] GC(95) PSYoungGen: 1380395K(1380864K)->4233K(1380864K) Eden: 1366528K(1366528K)->0K(1363968K) From: 13867K(14336K)->4233K(16896K)
[258.043s][info][gc,heap        ] GC(95) ParOldGen: 84051K(2796544K)->86694K(2796544K)
[258.043s][info][gc,metaspace   ] GC(95) Metaspace: 77890K(79232K)->77890K(79232K) NonClass: 68338K(68928K)->68338K(68928K) Class: 9552K(10304K)->9552K(10304K)
[258.043s][info][gc             ] GC(95) Pause Young (Allocation Failure) 1430M->88M(4079M) 2.337ms
[258.043s][info][gc,cpu         ] GC(95) User=0.09s Sys=0.00s Real=0.01s
[260.666s][info][gc,start       ] GC(96) Pause Young (Allocation Failure)
[260.668s][info][gc,heap        ] GC(96) PSYoungGen: 1368201K(1380864K)->5903K(1380864K) Eden: 1363968K(1363968K)->0K(1363968K) From: 4233K(16896K)->5903K(16896K)
[260.668s][info][gc,heap        ] GC(96) ParOldGen: 86694K(2796544K)->89723K(2796544K)
[260.668s][info][gc,metaspace   ] GC(96) Metaspace: 77890K(79232K)->77890K(79232K) NonClass: 68338K(68928K)->68338K(68928K) Class: 9552K(10304K)->9552K(10304K)
[260.668s][info][gc             ] GC(96) Pause Young (Allocation Failure) 1420M->93M(4079M) 2.838ms
[260.668s][info][gc,cpu         ] GC(96) User=0.06s Sys=0.03s Real=0.00s
[264.994s][info][gc,start       ] GC(97) Pause Young (Allocation Failure)
[264.998s][info][gc,heap        ] GC(97) PSYoungGen: 1369871K(1380864K)->4487K(1381888K) Eden: 1363968K(1363968K)->0K(1365504K) From: 5903K(16896K)->4487K(16384K)
[264.998s][info][gc,heap        ] GC(97) ParOldGen: 89723K(2796544K)->94017K(2796544K)
[264.998s][info][gc,metaspace   ] GC(97) Metaspace: 77890K(79232K)->77890K(79232K) NonClass: 68338K(68928K)->68338K(68928K) Class: 9552K(10304K)->9552K(10304K)
[264.998s][info][gc             ] GC(97) Pause Young (Allocation Failure) 1425M->96M(4080M) 3.325ms
[264.998s][info][gc,cpu         ] GC(97) User=0.08s Sys=0.00s Real=0.00s
[267.185s][info][gc,start       ] GC(98) Pause Young (Allocation Failure)
[267.189s][info][gc,heap        ] GC(98) PSYoungGen: 1369991K(1381888K)->7162K(1381376K) Eden: 1365504K(1365504K)->0K(1365504K) From: 4487K(16384K)->7162K(15872K)
[267.189s][info][gc,heap        ] GC(98) ParOldGen: 94017K(2796544K)->96871K(2796544K)
[267.189s][info][gc,metaspace   ] GC(98) Metaspace: 77890K(79232K)->77890K(79232K) NonClass: 68338K(68928K)->68338K(68928K) Class: 9552K(10304K)->9552K(10304K)
[267.189s][info][gc             ] GC(98) Pause Young (Allocation Failure) 1429M->101M(4080M) 4.069ms
[267.189s][info][gc,cpu         ] GC(98) User=0.00s Sys=0.00s Real=0.00s
[271.528s][info][gc,start       ] GC(99) Pause Young (Allocation Failure)
[271.531s][info][gc,heap        ] GC(99) PSYoungGen: 1372664K(1381376K)->5969K(1383424K) Eden: 1365502K(1365504K)->0K(1368576K) From: 7162K(15872K)->5969K(14848K)
[271.531s][info][gc,heap        ] GC(99) ParOldGen: 96871K(2796544K)->101508K(2796544K)
[271.531s][info][gc,metaspace   ] GC(99) Metaspace: 77894K(79232K)->77894K(79232K) NonClass: 68341K(68928K)->68341K(68928K) Class: 9552K(10304K)->9552K(10304K)
[271.531s][info][gc             ] GC(99) Pause Young (Allocation Failure) 1435M->104M(4082M) 3.380ms
[271.531s][info][gc,cpu         ] GC(99) User=0.00s Sys=0.00s Real=0.00s
[274.421s][info][gc,start       ] GC(100) Pause Young (Allocation Failure)
[274.424s][info][gc,heap        ] GC(100) PSYoungGen: 1374545K(1383424K)->4870K(1382912K) Eden: 1368576K(1368576K)->0K(1368576K) From: 5969K(14848K)->4870K(14336K)
[274.424s][info][gc,heap        ] GC(100) ParOldGen: 101508K(2796544K)->105401K(2796544K)
[274.424s][info][gc,metaspace   ] GC(100) Metaspace: 77894K(79232K)->77894K(79232K) NonClass: 68342K(68928K)->68342K(68928K) Class: 9552K(10304K)->9552K(10304K)
[274.424s][info][gc             ] GC(100) Pause Young (Allocation Failure) 1441M->107M(4081M) 2.605ms
[274.424s][info][gc,cpu         ] GC(100) User=0.00s Sys=0.00s Real=0.01s
[276.589s][info][gc,start       ] GC(101) Pause Young (Allocation Failure)
[276.593s][info][gc,heap        ] GC(101) PSYoungGen: 1373446K(1382912K)->6500K(1384448K) Eden: 1368576K(1368576K)->0K(1370624K) From: 4870K(14336K)->6500K(13824K)
[276.593s][info][gc,heap        ] GC(101) ParOldGen: 105401K(2796544K)->109388K(2796544K)
[276.593s][info][gc,metaspace   ] GC(101) Metaspace: 77897K(79232K)->77897K(79232K) NonClass: 68345K(68928K)->68345K(68928K) Class: 9552K(10304K)->9552K(10304K)
[276.593s][info][gc             ] GC(101) Pause Young (Allocation Failure) 1444M->113M(4083M) 3.939ms
[276.593s][info][gc,cpu         ] GC(101) User=0.02s Sys=0.00s Real=0.01s
[279.209s][info][gc,start       ] GC(102) Pause Young (Allocation Failure)
[279.212s][info][gc,heap        ] GC(102) PSYoungGen: 1377124K(1384448K)->5852K(1383936K) Eden: 1370624K(1370624K)->0K(1370624K) From: 6500K(13824K)->5852K(13312K)
[279.212s][info][gc,heap        ] GC(102) ParOldGen: 109388K(2796544K)->114308K(2796544K)
[279.212s][info][gc,metaspace   ] GC(102) Metaspace: 77899K(79232K)->77899K(79232K) NonClass: 68346K(68928K)->68346K(68928K) Class: 9552K(10304K)->9552K(10304K)
[279.212s][info][gc             ] GC(102) Pause Young (Allocation Failure) 1451M->117M(4082M) 3.325ms
[279.213s][info][gc,cpu         ] GC(102) User=0.00s Sys=0.00s Real=0.00s
[282.019s][info][gc,start       ] GC(103) Pause Young (Allocation Failure)
[282.023s][info][gc,heap        ] GC(103) PSYoungGen: 1374741K(1383936K)->10762K(1382912K) Eden: 1368888K(1370624K)->0K(1370112K) From: 5852K(13312K)->10762K(12800K)
[282.023s][info][gc,heap        ] GC(103) ParOldGen: 114308K(2796544K)->118982K(2796544K)
[282.023s][info][gc,metaspace   ] GC(103) Metaspace: 77899K(79232K)->77899K(79232K) NonClass: 68346K(68928K)->68346K(68928K) Class: 9552K(10304K)->9552K(10304K)
[282.023s][info][gc             ] GC(103) Pause Young (Allocation Failure) 1454M->126M(4081M) 3.627ms
[282.023s][info][gc,cpu         ] GC(103) User=0.00s Sys=0.00s Real=0.00s
[285.298s][info][gc,start       ] GC(104) Pause Young (Allocation Failure)
[285.301s][info][gc,heap        ] GC(104) PSYoungGen: 1378492K(1382912K)->4805K(1383936K) Eden: 1367730K(1370112K)->0K(1370112K) From: 10762K(12800K)->4805K(13824K)
[285.301s][info][gc,heap        ] GC(104) ParOldGen: 118982K(2796544K)->121608K(2796544K)
[285.301s][info][gc,metaspace   ] GC(104) Metaspace: 77901K(79232K)->77901K(79232K) NonClass: 68349K(68928K)->68349K(68928K) Class: 9552K(10304K)->9552K(10304K)
[285.301s][info][gc             ] GC(104) Pause Young (Allocation Failure) 1462M->123M(4082M) 2.749ms
[285.301s][info][gc,cpu         ] GC(104) User=0.00s Sys=0.00s Real=0.01s
[285.745s][info][gc,start       ] GC(105) Pause Young (System.gc())
[285.746s][info][gc,heap        ] GC(105) PSYoungGen: 416838K(1383936K)->672K(1383424K) Eden: 412032K(1370112K)->0K(1370112K) From: 4805K(13824K)->672K(13312K)
[285.746s][info][gc,heap        ] GC(105) ParOldGen: 121608K(2796544K)->123854K(2796544K)
[285.746s][info][gc,metaspace   ] GC(105) Metaspace: 77901K(79232K)->77901K(79232K) NonClass: 68349K(68928K)->68349K(68928K) Class: 9552K(10304K)->9552K(10304K)
[285.746s][info][gc             ] GC(105) Pause Young (System.gc()) 525M->121M(4082M) 1.453ms
[285.746s][info][gc,cpu         ] GC(105) User=0.08s Sys=0.02s Real=0.00s
[285.746s][info][gc,start       ] GC(106) Pause Full (System.gc())
[285.746s][info][gc,phases,start] GC(106) Marking Phase
[285.774s][info][gc,phases      ] GC(106) Marking Phase 27.843ms
[285.774s][info][gc,phases,start] GC(106) Summary Phase
[285.774s][info][gc,phases      ] GC(106) Summary Phase 0.011ms
[285.774s][info][gc,phases,start] GC(106) Adjust Roots
[285.785s][info][gc,phases      ] GC(106) Adjust Roots 10.659ms
[285.785s][info][gc,phases,start] GC(106) Compaction Phase
[285.798s][info][gc,phases      ] GC(106) Compaction Phase 12.903ms
[285.798s][info][gc,phases,start] GC(106) Post Compact
[285.799s][info][gc,phases      ] GC(106) Post Compact 1.208ms
[285.799s][info][gc,heap        ] GC(106) PSYoungGen: 672K(1383424K)->0K(1383424K) Eden: 0K(1370112K)->0K(1370112K) From: 672K(13312K)->0K(13312K)
[285.799s][info][gc,heap        ] GC(106) ParOldGen: 123854K(2796544K)->78386K(2796544K)
[285.799s][info][gc,metaspace   ] GC(106) Metaspace: 77901K(79232K)->77901K(79232K) NonClass: 68349K(68928K)->68349K(68928K) Class: 9552K(10304K)->9552K(10304K)
[285.799s][info][gc             ] GC(106) Pause Full (System.gc()) 121M->76M(4082M) 52.982ms
[285.799s][info][gc,cpu         ] GC(106) User=0.12s Sys=0.00s Real=0.05s
[289.006s][info][gc,start       ] GC(107) Pause Young (Allocation Failure)
[289.009s][info][gc,heap        ] GC(107) PSYoungGen: 1370112K(1383424K)->5052K(1383936K) Eden: 1370112K(1370112K)->0K(1370112K) From: 0K(13312K)->5052K(13824K)
[289.009s][info][gc,heap        ] GC(107) ParOldGen: 78386K(2796544K)->78386K(2796544K)
[289.009s][info][gc,metaspace   ] GC(107) Metaspace: 77904K(79232K)->77904K(79232K) NonClass: 68351K(68928K)->68351K(68928K) Class: 9552K(10304K)->9552K(10304K)
[289.009s][info][gc             ] GC(107) Pause Young (Allocation Failure) 1414M->81M(4082M) 2.656ms
[289.009s][info][gc,cpu         ] GC(107) User=0.00s Sys=0.00s Real=0.01s
[291.786s][info][gc,start       ] GC(108) Pause Young (Allocation Failure)
[291.789s][info][gc,heap        ] GC(108) PSYoungGen: 1374987K(1383936K)->10079K(1383424K) Eden: 1369934K(1370112K)->0K(1370112K) From: 5052K(13824K)->10079K(13312K)
[291.789s][info][gc,heap        ] GC(108) ParOldGen: 78386K(2796544K)->82383K(2796544K)
[291.789s][info][gc,metaspace   ] GC(108) Metaspace: 77907K(79232K)->77907K(79232K) NonClass: 68354K(68928K)->68354K(68928K) Class: 9553K(10304K)->9553K(10304K)
[291.789s][info][gc             ] GC(108) Pause Young (Allocation Failure) 1419M->90M(4082M) 3.151ms
[291.789s][info][gc,cpu         ] GC(108) User=0.00s Sys=0.00s Real=0.00s
[295.731s][info][gc,start       ] GC(109) Pause Young (Allocation Failure)
[295.733s][info][gc,heap        ] GC(109) PSYoungGen: 1379982K(1383424K)->4159K(1383936K) Eden: 1369903K(1370112K)->0K(1370112K) From: 10079K(13312K)->4159K(13824K)
[295.733s][info][gc,heap        ] GC(109) ParOldGen: 82383K(2796544K)->85041K(2796544K)
[295.733s][info][gc,metaspace   ] GC(109) Metaspace: 77907K(79232K)->77907K(79232K) NonClass: 68354K(68928K)->68354K(68928K) Class: 9553K(10304K)->9553K(10304K)
[295.733s][info][gc             ] GC(109) Pause Young (Allocation Failure) 1428M->87M(4082M) 2.388ms
[295.733s][info][gc,cpu         ] GC(109) User=0.00s Sys=0.00s Real=0.00s
[298.155s][info][gc,start       ] GC(110) Pause Young (Allocation Failure)
[298.158s][info][gc,heap        ] GC(110) PSYoungGen: 1374271K(1383936K)->6068K(1384960K) Eden: 1370112K(1370112K)->0K(1371136K) From: 4159K(13824K)->6068K(13824K)
[298.158s][info][gc,heap        ] GC(110) ParOldGen: 85041K(2796544K)->88159K(2796544K)
[298.158s][info][gc,metaspace   ] GC(110) Metaspace: 77908K(79232K)->77908K(79232K) NonClass: 68355K(68928K)->68355K(68928K) Class: 9553K(10304K)->9553K(10304K)
[298.158s][info][gc             ] GC(110) Pause Young (Allocation Failure) 1425M->92M(4083M) 3.254ms
[298.158s][info][gc,cpu         ] GC(110) User=0.00s Sys=0.00s Real=0.02s
[302.742s][info][gc,start       ] GC(111) Pause Young (Allocation Failure)
[302.745s][info][gc,heap        ] GC(111) PSYoungGen: 1377204K(1384960K)->4427K(1383936K) Eden: 1371136K(1371136K)->0K(1371136K) From: 6068K(13824K)->4427K(12800K)
[302.745s][info][gc,heap        ] GC(111) ParOldGen: 88159K(2796544K)->92419K(2796544K)
[302.745s][info][gc,metaspace   ] GC(111) Metaspace: 77908K(79232K)->77908K(79232K) NonClass: 68355K(68928K)->68355K(68928K) Class: 9553K(10304K)->9553K(10304K)
[302.745s][info][gc             ] GC(111) Pause Young (Allocation Failure) 1431M->94M(4082M) 3.591ms
[302.745s][info][gc,cpu         ] GC(111) User=0.00s Sys=0.00s Real=0.00s
[304.917s][info][gc,start       ] GC(112) Pause Young (Allocation Failure)
[304.921s][info][gc,heap        ] GC(112) PSYoungGen: 1375563K(1383936K)->6997K(1385472K) Eden: 1371136K(1371136K)->0K(1372672K) From: 4427K(12800K)->6997K(12800K)
[304.921s][info][gc,heap        ] GC(112) ParOldGen: 92419K(2796544K)->95324K(2796544K)
[304.921s][info][gc,metaspace   ] GC(112) Metaspace: 77909K(79232K)->77909K(79232K) NonClass: 68356K(68928K)->68356K(68928K) Class: 9553K(10304K)->9553K(10304K)
[304.921s][info][gc             ] GC(112) Pause Young (Allocation Failure) 1433M->99M(4084M) 3.335ms
[304.921s][info][gc,cpu         ] GC(112) User=0.02s Sys=0.00s Real=0.00s
[309.042s][info][gc,start       ] GC(113) Pause Young (Allocation Failure)
[309.047s][info][gc,heap        ] GC(113) PSYoungGen: 1379669K(1385472K)->9417K(1384960K) Eden: 1372672K(1372672K)->0K(1372672K) From: 6997K(12800K)->9417K(12288K)
[309.047s][info][gc,heap        ] GC(113) ParOldGen: 95324K(2796544K)->99999K(2796544K)
[309.047s][info][gc,metaspace   ] GC(113) Metaspace: 77909K(79232K)->77909K(79232K) NonClass: 68356K(68928K)->68356K(68928K) Class: 9553K(10304K)->9553K(10304K)
[309.047s][info][gc             ] GC(113) Pause Young (Allocation Failure) 1440M->106M(4083M) 5.131ms
[309.047s][info][gc,cpu         ] GC(113) User=0.02s Sys=0.00s Real=0.00s
[312.061s][info][gc,start       ] GC(114) Pause Young (Allocation Failure)
[312.064s][info][gc,heap        ] GC(114) PSYoungGen: 1382089K(1384960K)->5385K(1385472K) Eden: 1372672K(1372672K)->0K(1372672K) From: 9417K(12288K)->5385K(12800K)
[312.064s][info][gc,heap        ] GC(114) ParOldGen: 99999K(2796544K)->103828K(2796544K)
[312.064s][info][gc,metaspace   ] GC(114) Metaspace: 77909K(79232K)->77909K(79232K) NonClass: 68356K(68928K)->68356K(68928K) Class: 9553K(10304K)->9553K(10304K)
[312.064s][info][gc             ] GC(114) Pause Young (Allocation Failure) 1447M->106M(4084M) 3.145ms
[312.064s][info][gc,cpu         ] GC(114) User=0.00s Sys=0.00s Real=0.00s
[314.253s][info][gc,start       ] GC(115) Pause Young (Allocation Failure)
[314.257s][info][gc,heap        ] GC(115) PSYoungGen: 1378057K(1385472K)->6653K(1384960K) Eden: 1372672K(1372672K)->0K(1372672K) From: 5385K(12800K)->6653K(12288K)
[314.257s][info][gc,heap        ] GC(115) ParOldGen: 103828K(2796544K)->107878K(2796544K)
[314.257s][info][gc,metaspace   ] GC(115) Metaspace: 77909K(79232K)->77909K(79232K) NonClass: 68356K(68928K)->68356K(68928K) Class: 9553K(10304K)->9553K(10304K)
[314.257s][info][gc             ] GC(115) Pause Young (Allocation Failure) 1447M->111M(4083M) 3.472ms
[314.257s][info][gc,cpu         ] GC(115) User=0.00s Sys=0.00s Real=0.01s
[316.693s][info][gc,start       ] GC(116) Pause Young (Allocation Failure)
[316.697s][info][gc,heap        ] GC(116) PSYoungGen: 1379325K(1384960K)->5973K(1385984K) Eden: 1372672K(1372672K)->0K(1373696K) From: 6653K(12288K)->5973K(12288K)
[316.697s][info][gc,heap        ] GC(116) ParOldGen: 107878K(2796544K)->112906K(2796544K)
[316.697s][info][gc,metaspace   ] GC(116) Metaspace: 77909K(79232K)->77909K(79232K) NonClass: 68356K(68928K)->68356K(68928K) Class: 9553K(10304K)->9553K(10304K)
[316.697s][info][gc             ] GC(116) Pause Young (Allocation Failure) 1452M->116M(4084M) 3.871ms
[316.697s][info][gc,cpu         ] GC(116) User=0.00s Sys=0.00s Real=0.02s
[319.436s][info][gc,start       ] GC(117) Pause Young (Allocation Failure)
[319.439s][info][gc,heap        ] GC(117) PSYoungGen: 1377228K(1385984K)->11398K(1385472K) Eden: 1371254K(1373696K)->0K(1373696K) From: 5973K(12288K)->11398K(11776K)
[319.439s][info][gc,heap        ] GC(117) ParOldGen: 112906K(2796544K)->117490K(2796544K)
[319.439s][info][gc,metaspace   ] GC(117) Metaspace: 77917K(79232K)->77917K(79232K) NonClass: 68364K(68928K)->68364K(68928K) Class: 9553K(10304K)->9553K(10304K)
[319.439s][info][gc             ] GC(117) Pause Young (Allocation Failure) 1455M->125M(4084M) 3.657ms
[319.439s][info][gc,cpu         ] GC(117) User=0.00s Sys=0.00s Real=0.00s
[322.755s][info][gc,start       ] GC(118) Pause Young (Allocation Failure)
[322.758s][info][gc,heap        ] GC(118) PSYoungGen: 1385094K(1385472K)->5910K(1385472K) Eden: 1373696K(1373696K)->0K(1373184K) From: 11398K(11776K)->5910K(12288K)
[322.758s][info][gc,heap        ] GC(118) ParOldGen: 117490K(2796544K)->120201K(2796544K)
[322.758s][info][gc,metaspace   ] GC(118) Metaspace: 77918K(79232K)->77918K(79232K) NonClass: 68365K(68928K)->68365K(68928K) Class: 9553K(10304K)->9553K(10304K)
[322.758s][info][gc             ] GC(118) Pause Young (Allocation Failure) 1467M->123M(4084M) 3.028ms
[322.758s][info][gc,cpu         ] GC(118) User=0.00s Sys=0.00s Real=0.00s
[323.137s][info][gc,start       ] GC(119) Pause Young (System.gc())
[323.139s][info][gc,heap        ] GC(119) PSYoungGen: 366529K(1385472K)->559K(1374208K) Eden: 360618K(1373184K)->0K(1373184K) From: 5910K(12288K)->559K(1024K)
[323.139s][info][gc,heap        ] GC(119) ParOldGen: 120201K(2796544K)->122576K(2796544K)
[323.139s][info][gc,metaspace   ] GC(119) Metaspace: 77918K(79232K)->77918K(79232K) NonClass: 68365K(68928K)->68365K(68928K) Class: 9553K(10304K)->9553K(10304K)
[323.139s][info][gc             ] GC(119) Pause Young (System.gc()) 475M->120M(4073M) 1.570ms
[323.139s][info][gc,cpu         ] GC(119) User=0.00s Sys=0.00s Real=0.00s
[323.139s][info][gc,start       ] GC(120) Pause Full (System.gc())
[323.139s][info][gc,phases,start] GC(120) Marking Phase
[323.165s][info][gc,phases      ] GC(120) Marking Phase 25.947ms
[323.165s][info][gc,phases,start] GC(120) Summary Phase
[323.165s][info][gc,phases      ] GC(120) Summary Phase 0.011ms
[323.165s][info][gc,phases,start] GC(120) Adjust Roots
[323.176s][info][gc,phases      ] GC(120) Adjust Roots 10.593ms
[323.176s][info][gc,phases,start] GC(120) Compaction Phase
[323.188s][info][gc,phases      ] GC(120) Compaction Phase 12.608ms
[323.188s][info][gc,phases,start] GC(120) Post Compact
[323.189s][info][gc,phases      ] GC(120) Post Compact 1.046ms
[323.189s][info][gc,heap        ] GC(120) PSYoungGen: 559K(1374208K)->0K(1374208K) Eden: 0K(1373184K)->0K(1373184K) From: 559K(1024K)->0K(1024K)
[323.190s][info][gc,heap        ] GC(120) ParOldGen: 122576K(2796544K)->78658K(2796544K)
[323.190s][info][gc,metaspace   ] GC(120) Metaspace: 77918K(79232K)->77918K(79232K) NonClass: 68365K(68928K)->68365K(68928K) Class: 9553K(10304K)->9553K(10304K)
[323.190s][info][gc             ] GC(120) Pause Full (System.gc()) 120M->76M(4073M) 50.515ms
[323.190s][info][gc,cpu         ] GC(120) User=0.11s Sys=0.00s Real=0.06s
[326.426s][info][gc,start       ] GC(121) Pause Young (Allocation Failure)
[326.429s][info][gc,heap        ] GC(121) PSYoungGen: 1373184K(1374208K)->5102K(1385472K) Eden: 1373184K(1373184K)->0K(1372672K) From: 0K(1024K)->5102K(12800K)
[326.429s][info][gc,heap        ] GC(121) ParOldGen: 78658K(2796544K)->78658K(2796544K)
[326.429s][info][gc,metaspace   ] GC(121) Metaspace: 77921K(79232K)->77921K(79232K) NonClass: 68367K(68928K)->68367K(68928K) Class: 9553K(10304K)->9553K(10304K)
[326.429s][info][gc             ] GC(121) Pause Young (Allocation Failure) 1417M->81M(4084M) 2.552ms
[326.429s][info][gc,cpu         ] GC(121) User=0.00s Sys=0.00s Real=0.00s
[329.188s][info][gc,start       ] GC(122) Pause Young (Allocation Failure)
[329.192s][info][gc,heap        ] GC(122) PSYoungGen: 1373866K(1385472K)->10398K(1383424K) Eden: 1368764K(1372672K)->0K(1372672K) From: 5102K(12800K)->10398K(10752K)
[329.192s][info][gc,heap        ] GC(122) ParOldGen: 78658K(2796544K)->82622K(2796544K)
[329.192s][info][gc,metaspace   ] GC(122) Metaspace: 77921K(79232K)->77921K(79232K) NonClass: 68368K(68928K)->68368K(68928K) Class: 9553K(10304K)->9553K(10304K)
[329.192s][info][gc             ] GC(122) Pause Young (Allocation Failure) 1418M->90M(4082M) 3.207ms
[329.192s][info][gc,cpu         ] GC(122) User=0.00s Sys=0.00s Real=0.00s
[333.172s][info][gc,start       ] GC(123) Pause Young (Allocation Failure)
[333.174s][info][gc,heap        ] GC(123) PSYoungGen: 1383070K(1383424K)->4699K(1384448K) Eden: 1372672K(1372672K)->0K(1371136K) From: 10398K(10752K)->4699K(13312K)
[333.174s][info][gc,heap        ] GC(123) ParOldGen: 82622K(2796544K)->85291K(2796544K)
[333.174s][info][gc,metaspace   ] GC(123) Metaspace: 77921K(79232K)->77921K(79232K) NonClass: 68368K(68928K)->68368K(68928K) Class: 9553K(10304K)->9553K(10304K)
[333.174s][info][gc             ] GC(123) Pause Young (Allocation Failure) 1431M->87M(4083M) 2.828ms
[333.175s][info][gc,cpu         ] GC(123) User=0.00s Sys=0.00s Real=0.00s
[335.624s][info][gc,start       ] GC(124) Pause Young (Allocation Failure)
[335.627s][info][gc,heap        ] GC(124) PSYoungGen: 1375835K(1384448K)->5907K(1384448K) Eden: 1371136K(1371136K)->0K(1371136K) From: 4699K(13312K)->5907K(13312K)
[335.627s][info][gc,heap        ] GC(124) ParOldGen: 85291K(2796544K)->88358K(2796544K)
[335.627s][info][gc,metaspace   ] GC(124) Metaspace: 77921K(79232K)->77921K(79232K) NonClass: 68368K(68928K)->68368K(68928K) Class: 9553K(10304K)->9553K(10304K)
[335.627s][info][gc             ] GC(124) Pause Young (Allocation Failure) 1426M->92M(4083M) 2.741ms
[335.627s][info][gc,cpu         ] GC(124) User=0.00s Sys=0.00s Real=0.00s
[340.160s][info][gc,start       ] GC(125) Pause Young (Allocation Failure)
[340.165s][info][gc,heap        ] GC(125) PSYoungGen: 1376438K(1384448K)->4504K(1385472K) Eden: 1370530K(1371136K)->0K(1372672K) From: 5907K(13312K)->4504K(12800K)
[340.165s][info][gc,heap        ] GC(125) ParOldGen: 88358K(2796544K)->92598K(2796544K)
[340.165s][info][gc,metaspace   ] GC(125) Metaspace: 77921K(79232K)->77921K(79232K) NonClass: 68368K(68928K)->68368K(68928K) Class: 9553K(10304K)->9553K(10304K)
[340.165s][info][gc             ] GC(125) Pause Young (Allocation Failure) 1430M->94M(4084M) 5.173ms
[340.165s][info][gc,cpu         ] GC(125) User=0.00s Sys=0.00s Real=0.01s
[342.314s][info][gc,start       ] GC(126) Pause Young (Allocation Failure)
[342.317s][info][gc,heap        ] GC(126) PSYoungGen: 1377176K(1385472K)->7173K(1384960K) Eden: 1372672K(1372672K)->0K(1372672K) From: 4504K(12800K)->7173K(12288K)
[342.317s][info][gc,heap        ] GC(126) ParOldGen: 92598K(2796544K)->95511K(2796544K)
[342.317s][info][gc,metaspace   ] GC(126) Metaspace: 77922K(79232K)->77922K(79232K) NonClass: 68369K(68928K)->68369K(68928K) Class: 9553K(10304K)->9553K(10304K)
[342.317s][info][gc             ] GC(126) Pause Young (Allocation Failure) 1435M->100M(4083M) 3.352ms
[342.317s][info][gc,cpu         ] GC(126) User=0.00s Sys=0.00s Real=0.00s
[346.495s][info][gc,start       ] GC(127) Pause Young (Allocation Failure)
[346.500s][info][gc,heap        ] GC(127) PSYoungGen: 1379845K(1384960K)->7800K(1385472K) Eden: 1372672K(1372672K)->0K(1373184K) From: 7173K(12288K)->7800K(12288K)
[346.500s][info][gc,heap        ] GC(127) ParOldGen: 95511K(2796544K)->100199K(2796544K)
[346.500s][info][gc,metaspace   ] GC(127) Metaspace: 77922K(79232K)->77922K(79232K) NonClass: 68369K(68928K)->68369K(68928K) Class: 9553K(10304K)->9553K(10304K)
[346.500s][info][gc             ] GC(127) Pause Young (Allocation Failure) 1440M->105M(4084M) 4.868ms
[346.500s][info][gc,cpu         ] GC(127) User=0.09s Sys=0.00s Real=0.01s
[349.528s][info][gc,start       ] GC(128) Pause Young (Allocation Failure)
[349.532s][info][gc,heap        ] GC(128) PSYoungGen: 1380984K(1385472K)->5515K(1385472K) Eden: 1373184K(1373184K)->0K(1373184K) From: 7800K(12288K)->5515K(12288K)
[349.532s][info][gc,heap        ] GC(128) ParOldGen: 100199K(2796544K)->104098K(2796544K)
[349.532s][info][gc,metaspace   ] GC(128) Metaspace: 77922K(79232K)->77922K(79232K) NonClass: 68369K(68928K)->68369K(68928K) Class: 9553K(10304K)->9553K(10304K)
[349.532s][info][gc             ] GC(128) Pause Young (Allocation Failure) 1446M->107M(4084M) 3.984ms
[349.532s][info][gc,cpu         ] GC(128) User=0.00s Sys=0.00s Real=0.00s
[351.747s][info][gc,start       ] GC(129) Pause Young (Allocation Failure)
[351.751s][info][gc,heap        ] GC(129) PSYoungGen: 1378699K(1385472K)->6459K(1386496K) Eden: 1373184K(1373184K)->0K(1374720K) From: 5515K(12288K)->6459K(11776K)
[351.751s][info][gc,heap        ] GC(129) ParOldGen: 104098K(2796544K)->108250K(2796544K)
[351.751s][info][gc,metaspace   ] GC(129) Metaspace: 77922K(79232K)->77922K(79232K) NonClass: 68369K(68928K)->68369K(68928K) Class: 9553K(10304K)->9553K(10304K)
[351.751s][info][gc             ] GC(129) Pause Young (Allocation Failure) 1448M->112M(4085M) 3.709ms
[351.751s][info][gc,cpu         ] GC(129) User=0.00s Sys=0.00s Real=0.00s
[354.203s][info][gc,start       ] GC(130) Pause Young (Allocation Failure)
[354.206s][info][gc,heap        ] GC(130) PSYoungGen: 1381179K(1386496K)->5739K(1385984K) Eden: 1374720K(1374720K)->0K(1374720K) From: 6459K(11776K)->5739K(11264K)
[354.206s][info][gc,heap        ] GC(130) ParOldGen: 108250K(2796544K)->113216K(2796544K)
[354.206s][info][gc,metaspace   ] GC(130) Metaspace: 77922K(79232K)->77922K(79232K) NonClass: 68369K(68928K)->68369K(68928K) Class: 9553K(10304K)->9553K(10304K)
[354.206s][info][gc             ] GC(130) Pause Young (Allocation Failure) 1454M->116M(4084M) 3.366ms
[354.206s][info][gc,cpu         ] GC(130) User=0.00s Sys=0.00s Real=0.01s
[356.900s][info][gc,start       ] GC(131) Pause Young (Allocation Failure)
[356.905s][info][gc,heap        ] GC(131) PSYoungGen: 1378163K(1385984K)->10720K(1374720K) Eden: 1372423K(1374720K)->0K(1363968K) From: 5739K(11264K)->10720K(10752K)
[356.905s][info][gc,heap        ] GC(131) ParOldGen: 113216K(2796544K)->126319K(2796544K)
[356.905s][info][gc,metaspace   ] GC(131) Metaspace: 77922K(79232K)->77922K(79232K) NonClass: 68369K(68928K)->68369K(68928K) Class: 9553K(10304K)->9553K(10304K)
[356.905s][info][gc             ] GC(131) Pause Young (Allocation Failure) 1456M->133M(4073M) 5.236ms
[356.905s][info][gc,cpu         ] GC(131) User=0.06s Sys=0.02s Real=0.01s
[360.223s][info][gc,start       ] GC(132) Pause Young (Allocation Failure)
[360.225s][info][gc,heap        ] GC(132) PSYoungGen: 1374688K(1374720K)->5630K(1380864K) Eden: 1363968K(1363968K)->0K(1363968K) From: 10720K(10752K)->5630K(16896K)
[360.225s][info][gc,heap        ] GC(132) ParOldGen: 126319K(2796544K)->128953K(2796544K)
[360.225s][info][gc,metaspace   ] GC(132) Metaspace: 77924K(79232K)->77924K(79232K) NonClass: 68370K(68928K)->68370K(68928K) Class: 9553K(10304K)->9553K(10304K)
[360.225s][info][gc             ] GC(132) Pause Young (Allocation Failure) 1465M->131M(4079M) 2.793ms
[360.225s][info][gc,cpu         ] GC(132) User=0.00s Sys=0.00s Real=0.00s
[360.601s][info][gc,start       ] GC(133) Pause Young (System.gc())
[360.602s][info][gc,heap        ] GC(133) PSYoungGen: 373597K(1380864K)->591K(1380352K) Eden: 367967K(1363968K)->0K(1363968K) From: 5630K(16896K)->591K(16384K)
[360.602s][info][gc,heap        ] GC(133) ParOldGen: 128953K(2796544K)->131232K(2796544K)
[360.602s][info][gc,metaspace   ] GC(133) Metaspace: 77928K(79232K)->77928K(79232K) NonClass: 68375K(68928K)->68375K(68928K) Class: 9553K(10304K)->9553K(10304K)
[360.602s][info][gc             ] GC(133) Pause Young (System.gc()) 490M->128M(4079M) 1.508ms
[360.603s][info][gc,cpu         ] GC(133) User=0.00s Sys=0.00s Real=0.00s
[360.603s][info][gc,start       ] GC(134) Pause Full (System.gc())
[360.603s][info][gc,phases,start] GC(134) Marking Phase
[360.628s][info][gc,phases      ] GC(134) Marking Phase 25.518ms
[360.628s][info][gc,phases,start] GC(134) Summary Phase
[360.628s][info][gc,phases      ] GC(134) Summary Phase 0.011ms
[360.628s][info][gc,phases,start] GC(134) Adjust Roots
[360.639s][info][gc,phases      ] GC(134) Adjust Roots 10.681ms
[360.639s][info][gc,phases,start] GC(134) Compaction Phase
[360.651s][info][gc,phases      ] GC(134) Compaction Phase 12.252ms
[360.651s][info][gc,phases,start] GC(134) Post Compact
[360.652s][info][gc,phases      ] GC(134) Post Compact 1.139ms
[360.652s][info][gc,heap        ] GC(134) PSYoungGen: 591K(1380352K)->0K(1380352K) Eden: 0K(1363968K)->0K(1363968K) From: 591K(16384K)->0K(16384K)
[360.652s][info][gc,heap        ] GC(134) ParOldGen: 131232K(2796544K)->78529K(2796544K)
[360.652s][info][gc,metaspace   ] GC(134) Metaspace: 77928K(79232K)->77928K(79232K) NonClass: 68375K(68928K)->68375K(68928K) Class: 9553K(10304K)->9553K(10304K)
[360.652s][info][gc             ] GC(134) Pause Full (System.gc()) 128M->76M(4079M) 49.910ms
[360.653s][info][gc,cpu         ] GC(134) User=0.11s Sys=0.02s Real=0.05s
[363.897s][info][gc,start       ] GC(135) Pause Young (Allocation Failure)
[363.899s][info][gc,heap        ] GC(135) PSYoungGen: 1363968K(1380352K)->5487K(1380864K) Eden: 1363968K(1363968K)->0K(1363968K) From: 0K(16384K)->5487K(16896K)
[363.899s][info][gc,heap        ] GC(135) ParOldGen: 78529K(2796544K)->78537K(2796544K)
[363.899s][info][gc,metaspace   ] GC(135) Metaspace: 77947K(79232K)->77947K(79232K) NonClass: 68387K(68928K)->68387K(68928K) Class: 9559K(10304K)->9559K(10304K)
[363.899s][info][gc             ] GC(135) Pause Young (Allocation Failure) 1408M->82M(4079M) 2.696ms
[363.899s][info][gc,cpu         ] GC(135) User=0.00s Sys=0.00s Real=0.00s
[366.657s][info][gc,start       ] GC(136) Pause Young (Allocation Failure)
[366.661s][info][gc,heap        ] GC(136) PSYoungGen: 1368298K(1380864K)->13784K(1378304K) Eden: 1362811K(1363968K)->0K(1361920K) From: 5487K(16896K)->13784K(16384K)
[366.662s][info][gc,heap        ] GC(136) ParOldGen: 78537K(2796544K)->86982K(2796544K)
[366.662s][info][gc,metaspace   ] GC(136) Metaspace: 77947K(79232K)->77947K(79232K) NonClass: 68387K(68928K)->68387K(68928K) Class: 9559K(10304K)->9559K(10304K)
[366.662s][info][gc             ] GC(136) Pause Young (Allocation Failure) 1412M->98M(4077M) 4.059ms
[366.662s][info][gc,cpu         ] GC(136) User=0.00s Sys=0.00s Real=0.00s
[370.402s][info][gc,start       ] GC(137) Pause Young (Allocation Failure)
[370.404s][info][gc,heap        ] GC(137) PSYoungGen: 1375704K(1378304K)->4482K(1379840K) Eden: 1361920K(1361920K)->0K(1361920K) From: 13784K(16384K)->4482K(17920K)
[370.404s][info][gc,heap        ] GC(137) ParOldGen: 86982K(2796544K)->89633K(2796544K)
[370.404s][info][gc,metaspace   ] GC(137) Metaspace: 77947K(79232K)->77947K(79232K) NonClass: 68387K(68928K)->68387K(68928K) Class: 9559K(10304K)->9559K(10304K)
[370.404s][info][gc             ] GC(137) Pause Young (Allocation Failure) 1428M->91M(4078M) 2.718ms
[370.404s][info][gc,cpu         ] GC(137) User=0.00s Sys=0.00s Real=0.00s
[373.009s][info][gc,start       ] GC(138) Pause Young (Allocation Failure)
[373.011s][info][gc,heap        ] GC(138) PSYoungGen: 1366402K(1379840K)->5948K(1381376K) Eden: 1361920K(1361920K)->0K(1363968K) From: 4482K(17920K)->5948K(17408K)
[373.011s][info][gc,heap        ] GC(138) ParOldGen: 89633K(2796544K)->92675K(2796544K)
[373.012s][info][gc,metaspace   ] GC(138) Metaspace: 77947K(79232K)->77947K(79232K) NonClass: 68387K(68928K)->68387K(68928K) Class: 9559K(10304K)->9559K(10304K)
[373.012s][info][gc             ] GC(138) Pause Young (Allocation Failure) 1421M->96M(4080M) 2.969ms
[373.012s][info][gc,cpu         ] GC(138) User=0.09s Sys=0.00s Real=0.00s
[377.348s][info][gc,start       ] GC(139) Pause Young (Allocation Failure)
[377.351s][info][gc,heap        ] GC(139) PSYoungGen: 1369916K(1381376K)->4953K(1380352K) Eden: 1363968K(1363968K)->0K(1363968K) From: 5948K(17408K)->4953K(16384K)
[377.351s][info][gc,heap        ] GC(139) ParOldGen: 92675K(2796544K)->97028K(2796544K)
[377.351s][info][gc,metaspace   ] GC(139) Metaspace: 77947K(79232K)->77947K(79232K) NonClass: 68387K(68928K)->68387K(68928K) Class: 9559K(10304K)->9559K(10304K)
[377.351s][info][gc             ] GC(139) Pause Young (Allocation Failure) 1428M->99M(4079M) 3.203ms
[377.351s][info][gc,cpu         ] GC(139) User=0.00s Sys=0.00s Real=0.00s
[379.546s][info][gc,start       ] GC(140) Pause Young (Allocation Failure)
[379.549s][info][gc,heap        ] GC(140) PSYoungGen: 1368921K(1380352K)->7240K(1382400K) Eden: 1363968K(1363968K)->0K(1366528K) From: 4953K(16384K)->7240K(15872K)
[379.549s][info][gc,heap        ] GC(140) ParOldGen: 97028K(2796544K)->99860K(2796544K)
[379.549s][info][gc,metaspace   ] GC(140) Metaspace: 77947K(79232K)->77947K(79232K) NonClass: 68388K(68928K)->68388K(68928K) Class: 9559K(10304K)->9559K(10304K)
[379.549s][info][gc             ] GC(140) Pause Young (Allocation Failure) 1431M->104M(4081M) 3.814ms
[379.549s][info][gc,cpu         ] GC(140) User=0.00s Sys=0.00s Real=0.01s
[383.821s][info][gc,start       ] GC(141) Pause Young (Allocation Failure)
[383.824s][info][gc,heap        ] GC(141) PSYoungGen: 1373768K(1382400K)->6076K(1381888K) Eden: 1366528K(1366528K)->0K(1366528K) From: 7240K(15872K)->6076K(15360K)
[383.824s][info][gc,heap        ] GC(141) ParOldGen: 99860K(2796544K)->104514K(2796544K)
[383.824s][info][gc,metaspace   ] GC(141) Metaspace: 77947K(79232K)->77947K(79232K) NonClass: 68388K(68928K)->68388K(68928K) Class: 9559K(10304K)->9559K(10304K)
[383.824s][info][gc             ] GC(141) Pause Young (Allocation Failure) 1439M->107M(4080M) 3.415ms
[383.824s][info][gc,cpu         ] GC(141) User=0.09s Sys=0.00s Real=0.00s
[386.690s][info][gc,start       ] GC(142) Pause Young (Allocation Failure)
[386.693s][info][gc,heap        ] GC(142) PSYoungGen: 1370607K(1381888K)->4834K(1383424K) Eden: 1364531K(1366528K)->0K(1368576K) From: 6076K(15360K)->4834K(14848K)
[386.693s][info][gc,heap        ] GC(142) ParOldGen: 104514K(2796544K)->108383K(2796544K)
[386.693s][info][gc,metaspace   ] GC(142) Metaspace: 77947K(79232K)->77947K(79232K) NonClass: 68388K(68928K)->68388K(68928K) Class: 9559K(10304K)->9559K(10304K)
[386.693s][info][gc             ] GC(142) Pause Young (Allocation Failure) 1440M->110M(4082M) 3.053ms
[386.693s][info][gc,cpu         ] GC(142) User=0.00s Sys=0.00s Real=0.01s
[388.842s][info][gc,start       ] GC(143) Pause Young (Allocation Failure)
[388.845s][info][gc,heap        ] GC(143) PSYoungGen: 1373410K(1383424K)->6363K(1382912K) Eden: 1368576K(1368576K)->0K(1368576K) From: 4834K(14848K)->6363K(14336K)
[388.846s][info][gc,heap        ] GC(143) ParOldGen: 108383K(2796544K)->112354K(2796544K)
[388.846s][info][gc,metaspace   ] GC(143) Metaspace: 77948K(79232K)->77948K(79232K) NonClass: 68389K(68928K)->68389K(68928K) Class: 9559K(10304K)->9559K(10304K)
[388.846s][info][gc             ] GC(143) Pause Young (Allocation Failure) 1447M->115M(4081M) 3.682ms
[388.846s][info][gc,cpu         ] GC(143) User=0.00s Sys=0.00s Real=0.00s
[391.459s][info][gc,start       ] GC(144) Pause Young (Allocation Failure)
[391.463s][info][gc,heap        ] GC(144) PSYoungGen: 1374939K(1382912K)->5764K(1384960K) Eden: 1368576K(1368576K)->0K(1371648K) From: 6363K(14336K)->5764K(13312K)
[391.463s][info][gc,heap        ] GC(144) ParOldGen: 112354K(2796544K)->117300K(2796544K)
[391.463s][info][gc,metaspace   ] GC(144) Metaspace: 77948K(79232K)->77948K(79232K) NonClass: 68389K(68928K)->68389K(68928K) Class: 9559K(10304K)->9559K(10304K)
[391.463s][info][gc             ] GC(144) Pause Young (Allocation Failure) 1452M->120M(4083M) 3.860ms
[391.463s][info][gc,cpu         ] GC(144) User=0.00s Sys=0.00s Real=0.01s
[394.212s][info][gc,start       ] GC(145) Pause Young (Allocation Failure)
[394.216s][info][gc,heap        ] GC(145) PSYoungGen: 1375227K(1384960K)->10369K(1382400K) Eden: 1369463K(1371648K)->0K(1371648K) From: 5764K(13312K)->10369K(10752K)
[394.216s][info][gc,heap        ] GC(145) ParOldGen: 117300K(2796544K)->130142K(2796544K)
[394.216s][info][gc,metaspace   ] GC(145) Metaspace: 77948K(79232K)->77948K(79232K) NonClass: 68389K(68928K)->68389K(68928K) Class: 9559K(10304K)->9559K(10304K)
[394.216s][info][gc             ] GC(145) Pause Young (Allocation Failure) 1457M->137M(4081M) 4.274ms
[394.216s][info][gc,cpu         ] GC(145) User=0.09s Sys=0.00s Real=0.00s
[397.480s][info][gc,start       ] GC(146) Pause Young (Allocation Failure)
[397.482s][info][gc,heap        ] GC(146) PSYoungGen: 1381163K(1382400K)->4788K(1384448K) Eden: 1370793K(1371648K)->0K(1370624K) From: 10369K(10752K)->4788K(13824K)
[397.482s][info][gc,heap        ] GC(146) ParOldGen: 130142K(2796544K)->132773K(2796544K)
[397.482s][info][gc,metaspace   ] GC(146) Metaspace: 77950K(79232K)->77950K(79232K) NonClass: 68390K(68928K)->68390K(68928K) Class: 9559K(10304K)->9559K(10304K)
[397.482s][info][gc             ] GC(146) Pause Young (Allocation Failure) 1475M->134M(4083M) 2.717ms
[397.482s][info][gc,cpu         ] GC(146) User=0.03s Sys=0.00s Real=0.01s
[397.934s][info][gc,start       ] GC(147) Pause Young (System.gc())
[397.936s][info][gc,heap        ] GC(147) PSYoungGen: 415184K(1384448K)->672K(1383936K) Eden: 410396K(1370624K)->0K(1370624K) From: 4788K(13824K)->672K(13312K)
[397.936s][info][gc,heap        ] GC(147) ParOldGen: 132773K(2796544K)->135021K(2796544K)
[397.936s][info][gc,metaspace   ] GC(147) Metaspace: 77951K(79232K)->77951K(79232K) NonClass: 68392K(68928K)->68392K(68928K) Class: 9559K(10304K)->9559K(10304K)
[397.936s][info][gc             ] GC(147) Pause Young (System.gc()) 535M->132M(4082M) 1.538ms
[397.936s][info][gc,cpu         ] GC(147) User=0.00s Sys=0.00s Real=0.00s
[397.936s][info][gc,start       ] GC(148) Pause Full (System.gc())
[397.936s][info][gc,phases,start] GC(148) Marking Phase
[397.962s][info][gc,phases      ] GC(148) Marking Phase 26.318ms
[397.962s][info][gc,phases,start] GC(148) Summary Phase
[397.962s][info][gc,phases      ] GC(148) Summary Phase 0.012ms
[397.962s][info][gc,phases,start] GC(148) Adjust Roots
[397.973s][info][gc,phases      ] GC(148) Adjust Roots 10.742ms
[397.973s][info][gc,phases,start] GC(148) Compaction Phase
[397.986s][info][gc,phases      ] GC(148) Compaction Phase 12.932ms
[397.986s][info][gc,phases,start] GC(148) Post Compact
[397.987s][info][gc,phases      ] GC(148) Post Compact 1.079ms
[397.987s][info][gc,heap        ] GC(148) PSYoungGen: 672K(1383936K)->0K(1383936K) Eden: 0K(1370624K)->0K(1370624K) From: 672K(13312K)->0K(13312K)
[397.987s][info][gc,heap        ] GC(148) ParOldGen: 135021K(2796544K)->78576K(2796544K)
[397.987s][info][gc,metaspace   ] GC(148) Metaspace: 77951K(79232K)->77951K(79232K) NonClass: 68392K(68928K)->68392K(68928K) Class: 9559K(10304K)->9559K(10304K)
[397.987s][info][gc             ] GC(148) Pause Full (System.gc()) 132M->76M(4082M) 51.366ms
[397.987s][info][gc,cpu         ] GC(148) User=0.11s Sys=0.00s Real=0.05s
[401.237s][info][gc,start       ] GC(149) Pause Young (Allocation Failure)
[401.240s][info][gc,heap        ] GC(149) PSYoungGen: 1370624K(1383936K)->5020K(1384448K) Eden: 1370624K(1370624K)->0K(1370624K) From: 0K(13312K)->5020K(13824K)
[401.240s][info][gc,heap        ] GC(149) ParOldGen: 78576K(2796544K)->78576K(2796544K)
[401.240s][info][gc,metaspace   ] GC(149) Metaspace: 77951K(79232K)->77951K(79232K) NonClass: 68392K(68928K)->68392K(68928K) Class: 9559K(10304K)->9559K(10304K)
[401.240s][info][gc             ] GC(149) Pause Young (Allocation Failure) 1415M->81M(4083M) 2.523ms
[401.240s][info][gc,cpu         ] GC(149) User=0.00s Sys=0.00s Real=0.00s
[403.986s][info][gc,start       ] GC(150) Pause Young (Allocation Failure)
[403.989s][info][gc,heap        ] GC(150) PSYoungGen: 1375644K(1384448K)->6154K(1383936K) Eden: 1370624K(1370624K)->0K(1370624K) From: 5020K(13824K)->6154K(13312K)
[403.989s][info][gc,heap        ] GC(150) ParOldGen: 78576K(2796544K)->82544K(2796544K)
[403.989s][info][gc,metaspace   ] GC(150) Metaspace: 77952K(79232K)->77952K(79232K) NonClass: 68393K(68928K)->68393K(68928K) Class: 9559K(10304K)->9559K(10304K)
[403.989s][info][gc             ] GC(150) Pause Young (Allocation Failure) 1420M->86M(4082M) 2.933ms
[403.989s][info][gc,cpu         ] GC(150) User=0.00s Sys=0.00s Real=0.00s
[407.950s][info][gc,start       ] GC(151) Pause Young (Allocation Failure)
[407.952s][info][gc,heap        ] GC(151) PSYoungGen: 1373432K(1383936K)->4150K(1385472K) Eden: 1367278K(1370624K)->0K(1372672K) From: 6154K(13312K)->4150K(12800K)
[407.952s][info][gc,heap        ] GC(151) ParOldGen: 82544K(2796544K)->85173K(2796544K)
[407.952s][info][gc,metaspace   ] GC(151) Metaspace: 77953K(79232K)->77953K(79232K) NonClass: 68394K(68928K)->68394K(68928K) Class: 9559K(10304K)->9559K(10304K)
[407.952s][info][gc             ] GC(151) Pause Young (Allocation Failure) 1421M->87M(4084M) 2.082ms
[407.952s][info][gc,cpu         ] GC(151) User=0.00s Sys=0.00s Real=0.00s
[410.389s][info][gc,start       ] GC(152) Pause Young (Allocation Failure)
[410.393s][info][gc,heap        ] GC(152) PSYoungGen: 1376822K(1385472K)->5778K(1384960K) Eden: 1372672K(1372672K)->0K(1372672K) From: 4150K(12800K)->5778K(12288K)
[410.393s][info][gc,heap        ] GC(152) ParOldGen: 85173K(2796544K)->88242K(2796544K)
[410.393s][info][gc,metaspace   ] GC(152) Metaspace: 77958K(79232K)->77958K(79232K) NonClass: 68399K(68928K)->68399K(68928K) Class: 9559K(10304K)->9559K(10304K)
[410.393s][info][gc             ] GC(152) Pause Young (Allocation Failure) 1427M->91M(4083M) 3.240ms
[410.393s][info][gc,cpu         ] GC(152) User=0.00s Sys=0.00s Real=0.00s
[414.907s][info][gc,start       ] GC(153) Pause Young (Allocation Failure)
[414.911s][info][gc,heap        ] GC(153) PSYoungGen: 1378450K(1384960K)->6810K(1386496K) Eden: 1372672K(1372672K)->0K(1374720K) From: 5778K(12288K)->6810K(11776K)
[414.911s][info][gc,heap        ] GC(153) ParOldGen: 88242K(2796544K)->92488K(2796544K)
[414.911s][info][gc,metaspace   ] GC(153) Metaspace: 77958K(79232K)->77958K(79232K) NonClass: 68399K(68928K)->68399K(68928K) Class: 9559K(10304K)->9559K(10304K)
[414.911s][info][gc             ] GC(153) Pause Young (Allocation Failure) 1432M->96M(4085M) 3.443ms
[414.911s][info][gc,cpu         ] GC(153) User=0.00s Sys=0.00s Real=0.00s
[417.124s][info][gc,start       ] GC(154) Pause Young (Allocation Failure)
[417.128s][info][gc,heap        ] GC(154) PSYoungGen: 1381530K(1386496K)->6831K(1385984K) Eden: 1374720K(1374720K)->0K(1374720K) From: 6810K(11776K)->6831K(11264K)
[417.128s][info][gc,heap        ] GC(154) ParOldGen: 92488K(2796544K)->95374K(2796544K)
[417.128s][info][gc,metaspace   ] GC(154) Metaspace: 77959K(79232K)->77959K(79232K) NonClass: 68400K(68928K)->68400K(68928K) Class: 9559K(10304K)->9559K(10304K)
[417.128s][info][gc             ] GC(154) Pause Young (Allocation Failure) 1439M->99M(4084M) 3.768ms
[417.128s][info][gc,cpu         ] GC(154) User=0.00s Sys=0.00s Real=0.01s
[421.202s][info][gc,start       ] GC(155) Pause Young (Allocation Failure)
[421.206s][info][gc,heap        ] GC(155) PSYoungGen: 1381551K(1385984K)->7793K(1386496K) Eden: 1374720K(1374720K)->0K(1375232K) From: 6831K(11264K)->7793K(11264K)
[421.206s][info][gc,heap        ] GC(155) ParOldGen: 95374K(2796544K)->100036K(2796544K)
[421.206s][info][gc,metaspace   ] GC(155) Metaspace: 77960K(79232K)->77960K(79232K) NonClass: 68401K(68928K)->68401K(68928K) Class: 9559K(10304K)->9559K(10304K)
[421.206s][info][gc             ] GC(155) Pause Young (Allocation Failure) 1442M->105M(4085M) 4.707ms
[421.206s][info][gc,cpu         ] GC(155) User=0.00s Sys=0.00s Real=0.00s
[424.277s][info][gc,start       ] GC(156) Pause Young (Allocation Failure)
[424.280s][info][gc,heap        ] GC(156) PSYoungGen: 1382526K(1386496K)->5042K(1386496K) Eden: 1374732K(1375232K)->0K(1375232K) From: 7793K(11264K)->5042K(11264K)
[424.280s][info][gc,heap        ] GC(156) ParOldGen: 100036K(2796544K)->103909K(2796544K)
[424.280s][info][gc,metaspace   ] GC(156) Metaspace: 77961K(79232K)->77961K(79232K) NonClass: 68402K(68928K)->68402K(68928K) Class: 9559K(10304K)->9559K(10304K)
[424.280s][info][gc             ] GC(156) Pause Young (Allocation Failure) 1447M->106M(4085M) 2.634ms
[424.280s][info][gc,cpu         ] GC(156) User=0.00s Sys=0.00s Real=0.00s
[426.513s][info][gc,start       ] GC(157) Pause Young (Allocation Failure)
[426.516s][info][gc,heap        ] GC(157) PSYoungGen: 1380274K(1386496K)->6237K(1387008K) Eden: 1375232K(1375232K)->0K(1375744K) From: 5042K(11264K)->6237K(11264K)
[426.516s][info][gc,heap        ] GC(157) ParOldGen: 103909K(2796544K)->108031K(2796544K)
[426.516s][info][gc,metaspace   ] GC(157) Metaspace: 77963K(79232K)->77963K(79232K) NonClass: 68404K(68928K)->68404K(68928K) Class: 9559K(10304K)->9559K(10304K)
[426.516s][info][gc             ] GC(157) Pause Young (Allocation Failure) 1449M->111M(4085M) 3.441ms
[426.516s][info][gc,cpu         ] GC(157) User=0.00s Sys=0.00s Real=0.00s
[428.886s][info][gc,start       ] GC(158) Pause Young (Allocation Failure)
[428.889s][info][gc,heap        ] GC(158) PSYoungGen: 1381981K(1387008K)->5965K(1386496K) Eden: 1375744K(1375744K)->0K(1375744K) From: 6237K(11264K)->5965K(10752K)
[428.889s][info][gc,heap        ] GC(158) ParOldGen: 108031K(2796544K)->112946K(2796544K)
[428.889s][info][gc,metaspace   ] GC(158) Metaspace: 77963K(79232K)->77963K(79232K) NonClass: 68404K(68928K)->68404K(68928K) Class: 9559K(10304K)->9559K(10304K)
[428.889s][info][gc             ] GC(158) Pause Young (Allocation Failure) 1455M->116M(4085M) 3.420ms
[428.889s][info][gc,cpu         ] GC(158) User=0.08s Sys=0.02s Real=0.00s
[431.623s][info][gc,start       ] GC(159) Pause Young (Allocation Failure)
[431.627s][info][gc,heap        ] GC(159) PSYoungGen: 1378112K(1386496K)->6426K(1387520K) Eden: 1372146K(1375744K)->0K(1377280K) From: 5965K(10752K)->6426K(10240K)
[431.628s][info][gc,heap        ] GC(159) ParOldGen: 112946K(2796544K)->117583K(2796544K)
[431.628s][info][gc,metaspace   ] GC(159) Metaspace: 77965K(79232K)->77965K(79232K) NonClass: 68405K(68928K)->68405K(68928K) Class: 9559K(10304K)->9559K(10304K)
[431.628s][info][gc             ] GC(159) Pause Young (Allocation Failure) 1456M->121M(4086M) 4.655ms
[431.628s][info][gc,cpu         ] GC(159) User=0.00s Sys=0.00s Real=0.00s
[435.039s][info][gc,start       ] GC(160) Pause Young (Allocation Failure)
[435.042s][info][gc,heap        ] GC(160) PSYoungGen: 1383706K(1387520K)->5376K(1387520K) Eden: 1377280K(1377280K)->0K(1377280K) From: 6426K(10240K)->5376K(10240K)
[435.042s][info][gc,heap        ] GC(160) ParOldGen: 117583K(2796544K)->120199K(2796544K)
[435.042s][info][gc,metaspace   ] GC(160) Metaspace: 77966K(79232K)->77966K(79232K) NonClass: 68407K(68928K)->68407K(68928K) Class: 9559K(10304K)->9559K(10304K)
[435.042s][info][gc             ] GC(160) Pause Young (Allocation Failure) 1466M->122M(4086M) 3.056ms
[435.042s][info][gc,cpu         ] GC(160) User=0.00s Sys=0.00s Real=0.01s
[435.337s][info][gc,start       ] GC(161) Pause Young (System.gc())
[435.338s][info][gc,heap        ] GC(161) PSYoungGen: 347135K(1387520K)->480K(1387008K) Eden: 341758K(1377280K)->0K(1377280K) From: 5376K(10240K)->480K(9728K)
[435.338s][info][gc,heap        ] GC(161) ParOldGen: 120199K(2796544K)->122478K(2796544K)
[435.338s][info][gc,metaspace   ] GC(161) Metaspace: 77973K(79296K)->77973K(79296K) NonClass: 68412K(68992K)->68412K(68992K) Class: 9560K(10304K)->9560K(10304K)
[435.338s][info][gc             ] GC(161) Pause Young (System.gc()) 456M->120M(4085M) 1.420ms
[435.338s][info][gc,cpu         ] GC(161) User=0.00s Sys=0.00s Real=0.00s
[435.339s][info][gc,start       ] GC(162) Pause Full (System.gc())
[435.339s][info][gc,phases,start] GC(162) Marking Phase
[435.364s][info][gc,phases      ] GC(162) Marking Phase 25.819ms
[435.364s][info][gc,phases,start] GC(162) Summary Phase
[435.364s][info][gc,phases      ] GC(162) Summary Phase 0.011ms
[435.364s][info][gc,phases,start] GC(162) Adjust Roots
[435.375s][info][gc,phases      ] GC(162) Adjust Roots 11.004ms
[435.375s][info][gc,phases,start] GC(162) Compaction Phase
[435.388s][info][gc,phases      ] GC(162) Compaction Phase 12.090ms
[435.388s][info][gc,phases,start] GC(162) Post Compact
[435.389s][info][gc,phases      ] GC(162) Post Compact 1.024ms
[435.389s][info][gc,heap        ] GC(162) PSYoungGen: 480K(1387008K)->0K(1387008K) Eden: 0K(1377280K)->0K(1377280K) From: 480K(9728K)->0K(9728K)
[435.389s][info][gc,heap        ] GC(162) ParOldGen: 122478K(2796544K)->78241K(2796544K)
[435.389s][info][gc,metaspace   ] GC(162) Metaspace: 77973K(79296K)->77973K(79296K) NonClass: 68412K(68992K)->68412K(68992K) Class: 9560K(10304K)->9560K(10304K)
[435.389s][info][gc             ] GC(162) Pause Full (System.gc()) 120M->76M(4085M) 50.257ms
[435.389s][info][gc,cpu         ] GC(162) User=0.22s Sys=0.00s Real=0.05s
[438.619s][info][gc,start       ] GC(163) Pause Young (Allocation Failure)
[438.622s][info][gc,heap        ] GC(163) PSYoungGen: 1377280K(1387008K)->5092K(1387520K) Eden: 1377280K(1377280K)->0K(1377280K) From: 0K(9728K)->5092K(10240K)
[438.622s][info][gc,heap        ] GC(163) ParOldGen: 78241K(2796544K)->78241K(2796544K)
[438.622s][info][gc,metaspace   ] GC(163) Metaspace: 77973K(79296K)->77973K(79296K) NonClass: 68412K(68992K)->68412K(68992K) Class: 9560K(10304K)->9560K(10304K)
[438.622s][info][gc             ] GC(163) Pause Young (Allocation Failure) 1421M->81M(4086M) 2.835ms
[438.622s][info][gc,cpu         ] GC(163) User=0.06s Sys=0.00s Real=0.01s
[441.347s][info][gc,start       ] GC(164) Pause Young (Allocation Failure)
[441.351s][info][gc,heap        ] GC(164) PSYoungGen: 1379278K(1387520K)->10026K(1385472K) Eden: 1374186K(1377280K)->0K(1375232K) From: 5092K(10240K)->10026K(10240K)
[441.351s][info][gc,heap        ] GC(164) ParOldGen: 78241K(2796544K)->86327K(2796544K)
[441.351s][info][gc,metaspace   ] GC(164) Metaspace: 77975K(79296K)->77975K(79296K) NonClass: 68414K(68992K)->68414K(68992K) Class: 9560K(10304K)->9560K(10304K)
[441.351s][info][gc             ] GC(164) Pause Young (Allocation Failure) 1423M->94M(4084M) 3.629ms
[441.351s][info][gc,cpu         ] GC(164) User=0.00s Sys=0.00s Real=0.00s
[445.296s][info][gc,start       ] GC(165) Pause Young (Allocation Failure)
[445.299s][info][gc,heap        ] GC(165) PSYoungGen: 1385258K(1385472K)->5086K(1386496K) Eden: 1375232K(1375232K)->0K(1375232K) From: 10026K(10240K)->5086K(11264K)
[445.299s][info][gc,heap        ] GC(165) ParOldGen: 86327K(2796544K)->88982K(2796544K)
[445.299s][info][gc,metaspace   ] GC(165) Metaspace: 77975K(79296K)->77975K(79296K) NonClass: 68414K(68992K)->68414K(68992K) Class: 9560K(10304K)->9560K(10304K)
[445.299s][info][gc             ] GC(165) Pause Young (Allocation Failure) 1437M->91M(4085M) 3.026ms
[445.299s][info][gc,cpu         ] GC(165) User=0.00s Sys=0.00s Real=0.00s
[447.742s][info][gc,start       ] GC(166) Pause Young (Allocation Failure)
[447.745s][info][gc,heap        ] GC(166) PSYoungGen: 1380318K(1386496K)->5919K(1387520K) Eden: 1375232K(1375232K)->0K(1376768K) From: 5086K(11264K)->5919K(10752K)
[447.745s][info][gc,heap        ] GC(166) ParOldGen: 88982K(2796544K)->92042K(2796544K)
[447.745s][info][gc,metaspace   ] GC(166) Metaspace: 77977K(79296K)->77977K(79296K) NonClass: 68416K(68992K)->68416K(68992K) Class: 9560K(10304K)->9560K(10304K)
[447.745s][info][gc             ] GC(166) Pause Young (Allocation Failure) 1434M->95M(4086M) 3.039ms
[447.745s][info][gc,cpu         ] GC(166) User=0.00s Sys=0.00s Real=0.01s
[452.330s][info][gc,start       ] GC(167) Pause Young (Allocation Failure)
[452.334s][info][gc,heap        ] GC(167) PSYoungGen: 1382687K(1387520K)->4560K(1387008K) Eden: 1376768K(1376768K)->0K(1376768K) From: 5919K(10752K)->4560K(10240K)
[452.334s][info][gc,heap        ] GC(167) ParOldGen: 92042K(2796544K)->96292K(2796544K)
[452.334s][info][gc,metaspace   ] GC(167) Metaspace: 77977K(79296K)->77977K(79296K) NonClass: 68416K(68992K)->68416K(68992K) Class: 9560K(10304K)->9560K(10304K)
[452.334s][info][gc             ] GC(167) Pause Young (Allocation Failure) 1440M->98M(4085M) 3.427ms
[452.334s][info][gc,cpu         ] GC(167) User=0.00s Sys=0.00s Real=0.00s
[454.588s][info][gc,start       ] GC(168) Pause Young (Allocation Failure)
[454.591s][info][gc,heap        ] GC(168) PSYoungGen: 1377807K(1387008K)->5982K(1388032K) Eden: 1373247K(1376768K)->0K(1377792K) From: 4560K(10240K)->5982K(10240K)
[454.591s][info][gc,heap        ] GC(168) ParOldGen: 96292K(2796544K)->99239K(2796544K)
[454.591s][info][gc,metaspace   ] GC(168) Metaspace: 77977K(79296K)->77977K(79296K) NonClass: 68416K(68992K)->68416K(68992K) Class: 9560K(10304K)->9560K(10304K)
[454.591s][info][gc             ] GC(168) Pause Young (Allocation Failure) 1439M->102M(4086M) 2.681ms
[454.591s][info][gc,cpu         ] GC(168) User=0.09s Sys=0.00s Real=0.00s
[458.785s][info][gc,start       ] GC(169) Pause Young (Allocation Failure)
[458.788s][info][gc,heap        ] GC(169) PSYoungGen: 1383774K(1388032K)->5659K(1387520K) Eden: 1377792K(1377792K)->0K(1377792K) From: 5982K(10240K)->5659K(9728K)
[458.788s][info][gc,heap        ] GC(169) ParOldGen: 99239K(2796544K)->103905K(2796544K)
[458.788s][info][gc,metaspace   ] GC(169) Metaspace: 77979K(79296K)->77979K(79296K) NonClass: 68418K(68992K)->68418K(68992K) Class: 9560K(10304K)->9560K(10304K)
[458.788s][info][gc             ] GC(169) Pause Young (Allocation Failure) 1448M->106M(4086M) 3.373ms
[458.788s][info][gc,cpu         ] GC(169) User=0.00s Sys=0.00s Real=0.01s
[461.719s][info][gc,start       ] GC(170) Pause Young (Allocation Failure)
[461.722s][info][gc,heap        ] GC(170) PSYoungGen: 1383357K(1387520K)->6182K(1388544K) Eden: 1377698K(1377792K)->0K(1378816K) From: 5659K(9728K)->6182K(9728K)
[461.722s][info][gc,heap        ] GC(170) ParOldGen: 103905K(2796544K)->107805K(2796544K)
[461.722s][info][gc,metaspace   ] GC(170) Metaspace: 77981K(79296K)->77981K(79296K) NonClass: 68420K(68992K)->68420K(68992K) Class: 9560K(10304K)->9560K(10304K)
[461.723s][info][gc             ] GC(170) Pause Young (Allocation Failure) 1452M->111M(4087M) 3.019ms
[461.723s][info][gc,cpu         ] GC(170) User=0.00s Sys=0.00s Real=0.00s
[464.060s][info][gc,start       ] GC(171) Pause Young (Allocation Failure)
[464.064s][info][gc,heap        ] GC(171) PSYoungGen: 1384998K(1388544K)->5993K(1388032K) Eden: 1378816K(1378816K)->0K(1378816K) From: 6182K(9728K)->5993K(9216K)
[464.064s][info][gc,heap        ] GC(171) ParOldGen: 107805K(2796544K)->112010K(2796544K)
[464.064s][info][gc,metaspace   ] GC(171) Metaspace: 77981K(79296K)->77981K(79296K) NonClass: 68420K(68992K)->68420K(68992K) Class: 9560K(10304K)->9560K(10304K)
[464.064s][info][gc             ] GC(171) Pause Young (Allocation Failure) 1457M->115M(4086M) 3.463ms
[464.064s][info][gc,cpu         ] GC(171) User=0.00s Sys=0.00s Real=0.00s
[466.342s][info][gc,start       ] GC(172) Pause Young (Allocation Failure)
[466.345s][info][gc,heap        ] GC(172) PSYoungGen: 1384809K(1388032K)->5714K(1389056K) Eden: 1378816K(1378816K)->0K(1379840K) From: 5993K(9216K)->5714K(9216K)
[466.345s][info][gc,heap        ] GC(172) ParOldGen: 112010K(2796544K)->116920K(2796544K)
[466.345s][info][gc,metaspace   ] GC(172) Metaspace: 77986K(79296K)->77986K(79296K) NonClass: 68425K(68992K)->68425K(68992K) Class: 9560K(10304K)->9560K(10304K)
[466.345s][info][gc             ] GC(172) Pause Young (Allocation Failure) 1461M->119M(4087M) 3.452ms
[466.345s][info][gc,cpu         ] GC(172) User=0.00s Sys=0.00s Real=0.00s
[469.058s][info][gc,start       ] GC(173) Pause Young (Allocation Failure)
[469.062s][info][gc,heap        ] GC(173) PSYoungGen: 1381610K(1389056K)->5633K(1388544K) Eden: 1375895K(1379840K)->0K(1379840K) From: 5714K(9216K)->5633K(8704K)
[469.062s][info][gc,heap        ] GC(173) ParOldGen: 116920K(2796544K)->121469K(2796544K)
[469.062s][info][gc,metaspace   ] GC(173) Metaspace: 77988K(79296K)->77988K(79296K) NonClass: 68427K(68992K)->68427K(68992K) Class: 9560K(10304K)->9560K(10304K)
[469.062s][info][gc             ] GC(173) Pause Young (Allocation Failure) 1463M->124M(4087M) 3.953ms
[469.062s][info][gc,cpu         ] GC(173) User=0.00s Sys=0.00s Real=0.00s
[472.492s][info][gc,start       ] GC(174) Pause Young (Allocation Failure)
[472.495s][info][gc,heap        ] GC(174) PSYoungGen: 1385473K(1388544K)->6427K(1389056K) Eden: 1379840K(1379840K)->0K(1380352K) From: 5633K(8704K)->6427K(8704K)
[472.496s][info][gc,heap        ] GC(174) ParOldGen: 121469K(2796544K)->124074K(2796544K)
[472.496s][info][gc,metaspace   ] GC(174) Metaspace: 77992K(79296K)->77992K(79296K) NonClass: 68431K(68992K)->68431K(68992K) Class: 9560K(10304K)->9560K(10304K)
[472.496s][info][gc             ] GC(174) Pause Young (Allocation Failure) 1471M->127M(4087M) 3.521ms
[472.496s][info][gc,cpu         ] GC(174) User=0.02s Sys=0.00s Real=0.01s
[472.749s][info][gc,start       ] GC(175) Pause Young (System.gc())
[472.751s][info][gc,heap        ] GC(175) PSYoungGen: 300699K(1389056K)->512K(1381376K) Eden: 294271K(1380352K)->0K(1380352K) From: 6427K(8704K)->512K(1024K)
[472.751s][info][gc,heap        ] GC(175) ParOldGen: 124074K(2796544K)->126389K(2796544K)
[472.751s][info][gc,metaspace   ] GC(175) Metaspace: 77992K(79296K)->77992K(79296K) NonClass: 68431K(68992K)->68431K(68992K) Class: 9560K(10304K)->9560K(10304K)
[472.751s][info][gc             ] GC(175) Pause Young (System.gc()) 414M->123M(4080M) 1.623ms
[472.751s][info][gc,cpu         ] GC(175) User=0.00s Sys=0.00s Real=0.00s
[472.751s][info][gc,start       ] GC(176) Pause Full (System.gc())
[472.751s][info][gc,phases,start] GC(176) Marking Phase
[472.776s][info][gc,phases      ] GC(176) Marking Phase 24.752ms
[472.776s][info][gc,phases,start] GC(176) Summary Phase
[472.776s][info][gc,phases      ] GC(176) Summary Phase 0.011ms
[472.776s][info][gc,phases,start] GC(176) Adjust Roots
[472.787s][info][gc,phases      ] GC(176) Adjust Roots 10.861ms
[472.787s][info][gc,phases,start] GC(176) Compaction Phase
[472.799s][info][gc,phases      ] GC(176) Compaction Phase 11.940ms
[472.799s][info][gc,phases,start] GC(176) Post Compact
[472.800s][info][gc,phases      ] GC(176) Post Compact 1.058ms
[472.800s][info][gc,heap        ] GC(176) PSYoungGen: 512K(1381376K)->0K(1381376K) Eden: 0K(1380352K)->0K(1380352K) From: 512K(1024K)->0K(1024K)
[472.800s][info][gc,heap        ] GC(176) ParOldGen: 126389K(2796544K)->78426K(2796544K)
[472.800s][info][gc,metaspace   ] GC(176) Metaspace: 77992K(79296K)->77992K(79296K) NonClass: 68431K(68992K)->68431K(68992K) Class: 9560K(10304K)->9560K(10304K)
[472.800s][info][gc             ] GC(176) Pause Full (System.gc()) 123M->76M(4080M) 48.924ms
[472.800s][info][gc,cpu         ] GC(176) User=0.20s Sys=0.00s Real=0.05s
[476.072s][info][gc,start       ] GC(177) Pause Young (Allocation Failure)
[476.074s][info][gc,heap        ] GC(177) PSYoungGen: 1380352K(1381376K)->5168K(1389056K) Eden: 1380352K(1380352K)->0K(1379840K) From: 0K(1024K)->5168K(9216K)
[476.074s][info][gc,heap        ] GC(177) ParOldGen: 78426K(2796544K)->78426K(2796544K)
[476.074s][info][gc,metaspace   ] GC(177) Metaspace: 77992K(79296K)->77992K(79296K) NonClass: 68431K(68992K)->68431K(68992K) Class: 9560K(10304K)->9560K(10304K)
[476.074s][info][gc             ] GC(177) Pause Young (Allocation Failure) 1424M->81M(4087M) 2.225ms
[476.074s][info][gc,cpu         ] GC(177) User=0.09s Sys=0.00s Real=0.00s
[478.812s][info][gc,start       ] GC(178) Pause Young (Allocation Failure)
[478.817s][info][gc,heap        ] GC(178) PSYoungGen: 1384207K(1389056K)->8703K(1388544K) Eden: 1379039K(1379840K)->0K(1379840K) From: 5168K(9216K)->8703K(8704K)
[478.817s][info][gc,heap        ] GC(178) ParOldGen: 78426K(2796544K)->96266K(2796544K)
[478.817s][info][gc,metaspace   ] GC(178) Metaspace: 77994K(79296K)->77994K(79296K) NonClass: 68433K(68992K)->68433K(68992K) Class: 9560K(10304K)->9560K(10304K)
[478.817s][info][gc             ] GC(178) Pause Young (Allocation Failure) 1428M->102M(4087M) 5.120ms
[478.817s][info][gc,cpu         ] GC(178) User=0.00s Sys=0.00s Real=0.00s
[482.937s][info][gc,start       ] GC(179) Pause Young (Allocation Failure)
[482.940s][info][gc,heap        ] GC(179) PSYoungGen: 1385710K(1388544K)->4134K(1375232K) Eden: 1377006K(1379840K)->0K(1366016K) From: 8703K(8704K)->4134K(9216K)
[482.940s][info][gc,heap        ] GC(179) ParOldGen: 96266K(2796544K)->98525K(2796544K)
[482.940s][info][gc,metaspace   ] GC(179) Metaspace: 77999K(79296K)->77999K(79296K) NonClass: 68438K(68992K)->68438K(68992K) Class: 9560K(10304K)->9560K(10304K)
[482.940s][info][gc             ] GC(179) Pause Young (Allocation Failure) 1447M->100M(4074M) 2.095ms
[482.940s][info][gc,cpu         ] GC(179) User=0.00s Sys=0.00s Real=0.00s
[485.280s][info][gc,start       ] GC(180) Pause Young (Allocation Failure)
[485.283s][info][gc,heap        ] GC(180) PSYoungGen: 1370150K(1375232K)->5909K(1381888K) Eden: 1366016K(1366016K)->0K(1366016K) From: 4134K(9216K)->5909K(15872K)
[485.283s][info][gc,heap        ] GC(180) ParOldGen: 98525K(2796544K)->101692K(2796544K)
[485.283s][info][gc,metaspace   ] GC(180) Metaspace: 78000K(79296K)->78000K(79296K) NonClass: 68439K(68992K)->68439K(68992K) Class: 9560K(10304K)->9560K(10304K)
[485.283s][info][gc             ] GC(180) Pause Young (Allocation Failure) 1434M->105M(4080M) 3.179ms
[485.283s][info][gc,cpu         ] GC(180) User=0.00s Sys=0.00s Real=0.01s
[489.824s][info][gc,start       ] GC(181) Pause Young (Allocation Failure)
[489.827s][info][gc,heap        ] GC(181) PSYoungGen: 1371925K(1381888K)->5185K(1382912K) Eden: 1366016K(1366016K)->0K(1367552K) From: 5909K(15872K)->5185K(15360K)
[489.827s][info][gc,heap        ] GC(181) ParOldGen: 101692K(2796544K)->105913K(2796544K)
[489.827s][info][gc,metaspace   ] GC(181) Metaspace: 78001K(79296K)->78001K(79296K) NonClass: 68440K(68992K)->68440K(68992K) Class: 9560K(10304K)->9560K(10304K)
[489.827s][info][gc             ] GC(181) Pause Young (Allocation Failure) 1439M->108M(4081M) 3.548ms
[489.827s][info][gc,cpu         ] GC(181) User=0.00s Sys=0.00s Real=0.00s
[492.037s][info][gc,start       ] GC(182) Pause Young (Allocation Failure)
[492.040s][info][gc,heap        ] GC(182) PSYoungGen: 1372256K(1382912K)->6274K(1382400K) Eden: 1367071K(1367552K)->0K(1367552K) From: 5185K(15360K)->6274K(14848K)
[492.040s][info][gc,heap        ] GC(182) ParOldGen: 105913K(2796544K)->108880K(2796544K)
[492.040s][info][gc,metaspace   ] GC(182) Metaspace: 78001K(79296K)->78001K(79296K) NonClass: 68440K(68992K)->68440K(68992K) Class: 9560K(10304K)->9560K(10304K)
[492.040s][info][gc             ] GC(182) Pause Young (Allocation Failure) 1443M->112M(4081M) 2.917ms
[492.040s][info][gc,cpu         ] GC(182) User=0.00s Sys=0.00s Real=0.00s
[496.171s][info][gc,start       ] GC(183) Pause Young (Allocation Failure)
[496.174s][info][gc,heap        ] GC(183) PSYoungGen: 1373350K(1382400K)->5361K(1383936K) Eden: 1367075K(1367552K)->0K(1369600K) From: 6274K(14848K)->5361K(14336K)
[496.174s][info][gc,heap        ] GC(183) ParOldGen: 108880K(2796544K)->113509K(2796544K)
[496.174s][info][gc,metaspace   ] GC(183) Metaspace: 78001K(79296K)->78001K(79296K) NonClass: 68440K(68992K)->68440K(68992K) Class: 9560K(10304K)->9560K(10304K)
[496.174s][info][gc             ] GC(183) Pause Young (Allocation Failure) 1447M->116M(4082M) 3.159ms
[496.174s][info][gc,cpu         ] GC(183) User=0.00s Sys=0.00s Real=0.00s
[499.131s][info][gc,start       ] GC(184) Pause Young (Allocation Failure)
[499.134s][info][gc,heap        ] GC(184) PSYoungGen: 1374961K(1383936K)->6042K(1383424K) Eden: 1369600K(1369600K)->0K(1369600K) From: 5361K(14336K)->6042K(13824K)
[499.134s][info][gc,heap        ] GC(184) ParOldGen: 113509K(2796544K)->117309K(2796544K)
[499.134s][info][gc,metaspace   ] GC(184) Metaspace: 78002K(79296K)->78002K(79296K) NonClass: 68441K(68992K)->68441K(68992K) Class: 9560K(10304K)->9560K(10304K)
[499.134s][info][gc             ] GC(184) Pause Young (Allocation Failure) 1453M->120M(4082M) 3.554ms
[499.134s][info][gc,cpu         ] GC(184) User=0.00s Sys=0.00s Real=0.00s
[501.369s][info][gc,start       ] GC(185) Pause Young (Allocation Failure)
[501.372s][info][gc,heap        ] GC(185) PSYoungGen: 1375226K(1383424K)->5912K(1384960K) Eden: 1369183K(1369600K)->0K(1371648K) From: 6042K(13824K)->5912K(13312K)
[501.372s][info][gc,heap        ] GC(185) ParOldGen: 117309K(2796544K)->121432K(2796544K)
[501.372s][info][gc,metaspace   ] GC(185) Metaspace: 78006K(79296K)->78006K(79296K) NonClass: 68444K(68992K)->68444K(68992K) Class: 9561K(10304K)->9561K(10304K)
[501.372s][info][gc             ] GC(185) Pause Young (Allocation Failure) 1457M->124M(4083M) 3.410ms
[501.372s][info][gc,cpu         ] GC(185) User=0.08s Sys=0.00s Real=0.01s
[503.768s][info][gc,start       ] GC(186) Pause Young (Allocation Failure)
[503.772s][info][gc,heap        ] GC(186) PSYoungGen: 1377560K(1384960K)->5822K(1384448K) Eden: 1371648K(1371648K)->0K(1371648K) From: 5912K(13312K)->5822K(12800K)
[503.772s][info][gc,heap        ] GC(186) ParOldGen: 121432K(2796544K)->126405K(2796544K)
[503.772s][info][gc,metaspace   ] GC(186) Metaspace: 78006K(79296K)->78006K(79296K) NonClass: 68444K(68992K)->68444K(68992K) Class: 9561K(10304K)->9561K(10304K)
[503.772s][info][gc             ] GC(186) Pause Young (Allocation Failure) 1463M->129M(4083M) 3.701ms
[503.772s][info][gc,cpu         ] GC(186) User=0.00s Sys=0.00s Real=0.02s
[506.485s][info][gc,start       ] GC(187) Pause Young (Allocation Failure)
[506.490s][info][gc,heap        ] GC(187) PSYoungGen: 1375509K(1384448K)->6928K(1385984K) Eden: 1369687K(1371648K)->0K(1373696K) From: 5822K(12800K)->6928K(12288K)
[506.490s][info][gc,heap        ] GC(187) ParOldGen: 126405K(2796544K)->130973K(2796544K)
[506.490s][info][gc,metaspace   ] GC(187) Metaspace: 78006K(79296K)->78006K(79296K) NonClass: 68444K(68992K)->68444K(68992K) Class: 9561K(10304K)->9561K(10304K)
[506.490s][info][gc             ] GC(187) Pause Young (Allocation Failure) 1466M->134M(4084M) 4.645ms
[506.490s][info][gc,cpu         ] GC(187) User=0.00s Sys=0.00s Real=0.00s
[509.856s][info][gc,start       ] GC(188) Pause Young (Allocation Failure)
[509.859s][info][gc,heap        ] GC(188) PSYoungGen: 1380624K(1385984K)->4909K(1385472K) Eden: 1373696K(1373696K)->0K(1373696K) From: 6928K(12288K)->4909K(11776K)
[509.859s][info][gc,heap        ] GC(188) ParOldGen: 130973K(2796544K)->133562K(2796544K)
[509.859s][info][gc,metaspace   ] GC(188) Metaspace: 78012K(79296K)->78012K(79296K) NonClass: 68450K(68992K)->68450K(68992K) Class: 9561K(10304K)->9561K(10304K)
[509.859s][info][gc             ] GC(188) Pause Young (Allocation Failure) 1476M->135M(4084M) 2.740ms
[509.859s][info][gc,cpu         ] GC(188) User=0.00s Sys=0.00s Real=0.00s
[510.156s][info][gc,start       ] GC(189) Pause Young (System.gc())
[510.158s][info][gc,heap        ] GC(189) PSYoungGen: 355758K(1385472K)->559K(1385984K) Eden: 350848K(1373696K)->0K(1374208K) From: 4909K(11776K)->559K(11776K)
[510.158s][info][gc,heap        ] GC(189) ParOldGen: 133562K(2796544K)->135894K(2796544K)
[510.158s][info][gc,metaspace   ] GC(189) Metaspace: 78015K(79296K)->78015K(79296K) NonClass: 68452K(68992K)->68452K(68992K) Class: 9562K(10304K)->9562K(10304K)
[510.158s][info][gc             ] GC(189) Pause Young (System.gc()) 477M->133M(4084M) 1.540ms
[510.158s][info][gc,cpu         ] GC(189) User=0.00s Sys=0.00s Real=0.00s
[510.158s][info][gc,start       ] GC(190) Pause Full (System.gc())
[510.158s][info][gc,phases,start] GC(190) Marking Phase
[510.184s][info][gc,phases      ] GC(190) Marking Phase 26.308ms
[510.184s][info][gc,phases,start] GC(190) Summary Phase
[510.184s][info][gc,phases      ] GC(190) Summary Phase 0.011ms
[510.184s][info][gc,phases,start] GC(190) Adjust Roots
[510.195s][info][gc,phases      ] GC(190) Adjust Roots 10.554ms
[510.195s][info][gc,phases,start] GC(190) Compaction Phase
[510.206s][info][gc,phases      ] GC(190) Compaction Phase 11.385ms
[510.206s][info][gc,phases,start] GC(190) Post Compact
[510.207s][info][gc,phases      ] GC(190) Post Compact 1.071ms
[510.207s][info][gc,heap        ] GC(190) PSYoungGen: 559K(1385984K)->0K(1385984K) Eden: 0K(1374208K)->0K(1374208K) From: 559K(11776K)->0K(11776K)
[510.207s][info][gc,heap        ] GC(190) ParOldGen: 135894K(2796544K)->78726K(2796544K)
[510.207s][info][gc,metaspace   ] GC(190) Metaspace: 78015K(79296K)->78015K(79296K) NonClass: 68452K(68992K)->68452K(68992K) Class: 9562K(10304K)->9562K(10304K)
[510.207s][info][gc             ] GC(190) Pause Full (System.gc()) 133M->76M(4084M) 49.620ms
[510.207s][info][gc,cpu         ] GC(190) User=0.20s Sys=0.00s Real=0.05s
[513.480s][info][gc,start       ] GC(191) Pause Young (Allocation Failure)
[513.482s][info][gc,heap        ] GC(191) PSYoungGen: 1374208K(1385984K)->5053K(1385984K) Eden: 1374208K(1374208K)->0K(1374208K) From: 0K(11776K)->5053K(11776K)
[513.483s][info][gc,heap        ] GC(191) ParOldGen: 78726K(2796544K)->78726K(2796544K)
[513.483s][info][gc,metaspace   ] GC(191) Metaspace: 78024K(79296K)->78024K(79296K) NonClass: 68462K(68992K)->68462K(68992K) Class: 9562K(10304K)->9562K(10304K)
[513.483s][info][gc             ] GC(191) Pause Young (Allocation Failure) 1418M->81M(4084M) 2.693ms
[513.483s][info][gc,cpu         ] GC(191) User=0.02s Sys=0.00s Real=0.01s
[516.242s][info][gc,start       ] GC(192) Pause Young (Allocation Failure)
[516.246s][info][gc,heap        ] GC(192) PSYoungGen: 1379067K(1385984K)->10443K(1383936K) Eden: 1374014K(1374208K)->0K(1372160K) From: 5053K(11776K)->10443K(11776K)
[516.246s][info][gc,heap        ] GC(192) ParOldGen: 78726K(2796544K)->86794K(2796544K)
[516.246s][info][gc,metaspace   ] GC(192) Metaspace: 78024K(79296K)->78024K(79296K) NonClass: 68462K(68992K)->68462K(68992K) Class: 9562K(10304K)->9562K(10304K)
[516.246s][info][gc             ] GC(192) Pause Young (Allocation Failure) 1423M->94M(4082M) 3.678ms
[516.246s][info][gc,cpu         ] GC(192) User=0.05s Sys=0.00s Real=0.00s
[520.186s][info][gc,start       ] GC(193) Pause Young (Allocation Failure)
[520.188s][info][gc,heap        ] GC(193) PSYoungGen: 1382603K(1383936K)->5267K(1384960K) Eden: 1372160K(1372160K)->0K(1372160K) From: 10443K(11776K)->5267K(12800K)
[520.188s][info][gc,heap        ] GC(193) ParOldGen: 86794K(2796544K)->89416K(2796544K)
[520.188s][info][gc,metaspace   ] GC(193) Metaspace: 78024K(79296K)->78024K(79296K) NonClass: 68462K(68992K)->68462K(68992K) Class: 9562K(10304K)->9562K(10304K)
[520.188s][info][gc             ] GC(193) Pause Young (Allocation Failure) 1434M->92M(4083M) 2.528ms
[520.188s][info][gc,cpu         ] GC(193) User=0.00s Sys=0.00s Real=0.01s
[522.646s][info][gc,start       ] GC(194) Pause Young (Allocation Failure)
[522.649s][info][gc,heap        ] GC(194) PSYoungGen: 1377427K(1384960K)->5791K(1385984K) Eden: 1372160K(1372160K)->0K(1373696K) From: 5267K(12800K)->5791K(12288K)
[522.649s][info][gc,heap        ] GC(194) ParOldGen: 89416K(2796544K)->92501K(2796544K)
[522.649s][info][gc,metaspace   ] GC(194) Metaspace: 78024K(79296K)->78024K(79296K) NonClass: 68462K(68992K)->68462K(68992K) Class: 9562K(10304K)->9562K(10304K)
[522.649s][info][gc             ] GC(194) Pause Young (Allocation Failure) 1432M->95M(4084M) 2.958ms
[522.649s][info][gc,cpu         ] GC(194) User=0.00s Sys=0.00s Real=0.01s
[527.181s][info][gc,start       ] GC(195) Pause Young (Allocation Failure)
[527.184s][info][gc,heap        ] GC(195) PSYoungGen: 1379487K(1385984K)->4355K(1385472K) Eden: 1373696K(1373696K)->0K(1373696K) From: 5791K(12288K)->4355K(11776K)
[527.184s][info][gc,heap        ] GC(195) ParOldGen: 92501K(2796544K)->96755K(2796544K)
[527.184s][info][gc,metaspace   ] GC(195) Metaspace: 78024K(79296K)->78024K(79296K) NonClass: 68462K(68992K)->68462K(68992K) Class: 9562K(10304K)->9562K(10304K)
[527.184s][info][gc             ] GC(195) Pause Young (Allocation Failure) 1437M->98M(4084M) 2.780ms
[527.184s][info][gc,cpu         ] GC(195) User=0.08s Sys=0.02s Real=0.00s
[529.403s][info][gc,start       ] GC(196) Pause Young (Allocation Failure)
[529.406s][info][gc,heap        ] GC(196) PSYoungGen: 1375750K(1385472K)->6110K(1387008K) Eden: 1371394K(1373696K)->0K(1375744K) From: 4355K(11776K)->6110K(11264K)
[529.406s][info][gc,heap        ] GC(196) ParOldGen: 96755K(2796544K)->99706K(2796544K)
[529.406s][info][gc,metaspace   ] GC(196) Metaspace: 78024K(79296K)->78024K(79296K) NonClass: 68462K(68992K)->68462K(68992K) Class: 9562K(10304K)->9562K(10304K)
[529.406s][info][gc             ] GC(196) Pause Young (Allocation Failure) 1437M->103M(4085M) 2.854ms
[529.406s][info][gc,cpu         ] GC(196) User=0.00s Sys=0.00s Real=0.01s
[533.556s][info][gc,start       ] GC(197) Pause Young (Allocation Failure)
[533.559s][info][gc,heap        ] GC(197) PSYoungGen: 1381854K(1387008K)->5590K(1386496K) Eden: 1375744K(1375744K)->0K(1375744K) From: 6110K(11264K)->5590K(10752K)
[533.559s][info][gc,heap        ] GC(197) ParOldGen: 99706K(2796544K)->104387K(2796544K)
[533.559s][info][gc,metaspace   ] GC(197) Metaspace: 78024K(79296K)->78024K(79296K) NonClass: 68462K(68992K)->68462K(68992K) Class: 9562K(10304K)->9562K(10304K)
[533.559s][info][gc             ] GC(197) Pause Young (Allocation Failure) 1446M->107M(4085M) 3.240ms
[533.559s][info][gc,cpu         ] GC(197) User=0.09s Sys=0.00s Real=0.00s
[536.489s][info][gc,start       ] GC(198) Pause Young (Allocation Failure)
[536.491s][info][gc,heap        ] GC(198) PSYoungGen: 1381030K(1386496K)->5289K(1387520K) Eden: 1375440K(1375744K)->0K(1376768K) From: 5590K(10752K)->5289K(10752K)
[536.491s][info][gc,heap        ] GC(198) ParOldGen: 104387K(2796544K)->108223K(2796544K)
[536.491s][info][gc,metaspace   ] GC(198) Metaspace: 78027K(79296K)->78027K(79296K) NonClass: 68465K(68992K)->68465K(68992K) Class: 9562K(10304K)->9562K(10304K)
[536.491s][info][gc             ] GC(198) Pause Young (Allocation Failure) 1450M->110M(4086M) 2.808ms
[536.491s][info][gc,cpu         ] GC(198) User=0.00s Sys=0.00s Real=0.00s
[538.783s][info][gc,start       ] GC(199) Pause Young (Allocation Failure)
[538.786s][info][gc,heap        ] GC(199) PSYoungGen: 1378078K(1387520K)->5978K(1387008K) Eden: 1372789K(1376768K)->0K(1376768K) From: 5289K(10752K)->5978K(10240K)
[538.786s][info][gc,heap        ] GC(199) ParOldGen: 108223K(2796544K)->112441K(2796544K)
[538.786s][info][gc,metaspace   ] GC(199) Metaspace: 78029K(79360K)->78029K(79360K) NonClass: 68466K(69056K)->68466K(69056K) Class: 9562K(10304K)->9562K(10304K)
[538.786s][info][gc             ] GC(199) Pause Young (Allocation Failure) 1451M->115M(4085M) 3.230ms
[538.786s][info][gc,cpu         ] GC(199) User=0.00s Sys=0.00s Real=0.01s
[541.072s][info][gc,start       ] GC(200) Pause Young (Allocation Failure)
[541.075s][info][gc,heap        ] GC(200) PSYoungGen: 1382746K(1387008K)->5766K(1388032K) Eden: 1376768K(1376768K)->0K(1378304K) From: 5978K(10240K)->5766K(9728K)
[541.075s][info][gc,heap        ] GC(200) ParOldGen: 112441K(2796544K)->117375K(2796544K)
[541.075s][info][gc,metaspace   ] GC(200) Metaspace: 78029K(79360K)->78029K(79360K) NonClass: 68466K(69056K)->68466K(69056K) Class: 9562K(10304K)->9562K(10304K)
[541.075s][info][gc             ] GC(200) Pause Young (Allocation Failure) 1460M->120M(4086M) 3.388ms
[541.075s][info][gc,cpu         ] GC(200) User=0.09s Sys=0.00s Real=0.00s
[543.794s][info][gc,start       ] GC(201) Pause Young (Allocation Failure)
[543.798s][info][gc,heap        ] GC(201) PSYoungGen: 1382187K(1388032K)->5441K(1388032K) Eden: 1376421K(1378304K)->0K(1378304K) From: 5766K(9728K)->5441K(9728K)
[543.798s][info][gc,heap        ] GC(201) ParOldGen: 117375K(2796544K)->121919K(2796544K)
[543.798s][info][gc,metaspace   ] GC(201) Metaspace: 78029K(79360K)->78029K(79360K) NonClass: 68466K(69056K)->68466K(69056K) Class: 9562K(10304K)->9562K(10304K)
[543.798s][info][gc             ] GC(201) Pause Young (Allocation Failure) 1464M->124M(4086M) 4.215ms
[543.798s][info][gc,cpu         ] GC(201) User=0.00s Sys=0.00s Real=0.00s
[547.192s][info][gc,start       ] GC(202) Pause Young (Allocation Failure)
[547.196s][info][gc,heap        ] GC(202) PSYoungGen: 1383745K(1388032K)->6968K(1388544K) Eden: 1378304K(1378304K)->0K(1379328K) From: 5441K(9728K)->6968K(9216K)
[547.196s][info][gc,heap        ] GC(202) ParOldGen: 121919K(2796544K)->124524K(2796544K)
[547.196s][info][gc,metaspace   ] GC(202) Metaspace: 78029K(79360K)->78029K(79360K) NonClass: 68466K(69056K)->68466K(69056K) Class: 9562K(10304K)->9562K(10304K)
[547.196s][info][gc             ] GC(202) Pause Young (Allocation Failure) 1470M->128M(4087M) 4.792ms
[547.196s][info][gc,cpu         ] GC(202) User=0.00s Sys=0.00s Real=0.01s
[547.447s][info][gc,start       ] GC(203) Pause Young (System.gc())
[547.449s][info][gc,heap        ] GC(203) PSYoungGen: 298762K(1388544K)->480K(1379840K) Eden: 291793K(1379328K)->0K(1379328K) From: 6968K(9216K)->480K(512K)
[547.449s][info][gc,heap        ] GC(203) ParOldGen: 124524K(2796544K)->126881K(2796544K)
[547.449s][info][gc,metaspace   ] GC(203) Metaspace: 78030K(79360K)->78030K(79360K) NonClass: 68468K(69056K)->68468K(69056K) Class: 9562K(10304K)->9562K(10304K)
[547.449s][info][gc             ] GC(203) Pause Young (System.gc()) 413M->124M(4078M) 1.446ms
[547.449s][info][gc,cpu         ] GC(203) User=0.08s Sys=0.00s Real=0.00s
[547.449s][info][gc,start       ] GC(204) Pause Full (System.gc())
[547.449s][info][gc,phases,start] GC(204) Marking Phase
[547.476s][info][gc,phases      ] GC(204) Marking Phase 26.633ms
[547.476s][info][gc,phases,start] GC(204) Summary Phase
[547.476s][info][gc,phases      ] GC(204) Summary Phase 0.011ms
[547.476s][info][gc,phases,start] GC(204) Adjust Roots
[547.488s][info][gc,phases      ] GC(204) Adjust Roots 12.238ms
[547.488s][info][gc,phases,start] GC(204) Compaction Phase
[547.500s][info][gc,phases      ] GC(204) Compaction Phase 11.550ms
[547.500s][info][gc,phases,start] GC(204) Post Compact
[547.501s][info][gc,phases      ] GC(204) Post Compact 1.362ms
[547.501s][info][gc,heap        ] GC(204) PSYoungGen: 480K(1379840K)->0K(1379840K) Eden: 0K(1379328K)->0K(1379328K) From: 480K(512K)->0K(512K)
[547.501s][info][gc,heap        ] GC(204) ParOldGen: 126881K(2796544K)->78232K(2796544K)
[547.501s][info][gc,metaspace   ] GC(204) Metaspace: 78030K(79360K)->78030K(79360K) NonClass: 68468K(69056K)->68468K(69056K) Class: 9562K(10304K)->9562K(10304K)
[547.501s][info][gc             ] GC(204) Pause Full (System.gc()) 124M->76M(4078M) 52.146ms
[547.501s][info][gc,cpu         ] GC(204) User=0.12s Sys=0.00s Real=0.06s
[550.751s][info][gc,start       ] GC(205) Pause Young (Allocation Failure)
[550.753s][info][gc,heap        ] GC(205) PSYoungGen: 1379328K(1379840K)->5048K(1388032K) Eden: 1379328K(1379328K)->0K(1378304K) From: 0K(512K)->5048K(9728K)
[550.753s][info][gc,heap        ] GC(205) ParOldGen: 78232K(2796544K)->78232K(2796544K)
[550.753s][info][gc,metaspace   ] GC(205) Metaspace: 78033K(79360K)->78033K(79360K) NonClass: 68470K(69056K)->68470K(69056K) Class: 9562K(10304K)->9562K(10304K)
[550.753s][info][gc             ] GC(205) Pause Young (Allocation Failure) 1423M->81M(4086M) 2.077ms
[550.753s][info][gc,cpu         ] GC(205) User=0.00s Sys=0.00s Real=0.00s
[553.504s][info][gc,start       ] GC(206) Pause Young (Allocation Failure)
[553.509s][info][gc,heap        ] GC(206) PSYoungGen: 1381776K(1388032K)->9725K(1388032K) Eden: 1376727K(1378304K)->0K(1378304K) From: 5048K(9728K)->9725K(9728K)
[553.509s][info][gc,heap        ] GC(206) ParOldGen: 78232K(2796544K)->94921K(2796544K)
[553.509s][info][gc,metaspace   ] GC(206) Metaspace: 78033K(79360K)->78033K(79360K) NonClass: 68470K(69056K)->68470K(69056K) Class: 9562K(10304K)->9562K(10304K)
[553.509s][info][gc             ] GC(206) Pause Young (Allocation Failure) 1425M->102M(4086M) 4.561ms
[553.509s][info][gc,cpu         ] GC(206) User=0.00s Sys=0.00s Real=0.00s
[557.620s][info][gc,start       ] GC(207) Pause Young (Allocation Failure)
[557.622s][info][gc,heap        ] GC(207) PSYoungGen: 1385529K(1388032K)->4231K(1374720K) Eden: 1375804K(1378304K)->0K(1364992K) From: 9725K(9728K)->4231K(9728K)
[557.623s][info][gc,heap        ] GC(207) ParOldGen: 94921K(2796544K)->97595K(2796544K)
[557.623s][info][gc,metaspace   ] GC(207) Metaspace: 78035K(79360K)->78035K(79360K) NonClass: 68472K(69056K)->68472K(69056K) Class: 9562K(10304K)->9562K(10304K)
[557.623s][info][gc             ] GC(207) Pause Young (Allocation Failure) 1445M->99M(4073M) 2.264ms
[557.623s][info][gc,cpu         ] GC(207) User=0.02s Sys=0.00s Real=0.01s
[559.984s][info][gc,start       ] GC(208) Pause Young (Allocation Failure)
[559.987s][info][gc,heap        ] GC(208) PSYoungGen: 1369223K(1374720K)->5846K(1381376K) Eden: 1364992K(1364992K)->0K(1364992K) From: 4231K(9728K)->5846K(16384K)
[559.987s][info][gc,heap        ] GC(208) ParOldGen: 97595K(2796544K)->100701K(2796544K)
[559.987s][info][gc,metaspace   ] GC(208) Metaspace: 78037K(79360K)->78037K(79360K) NonClass: 68475K(69056K)->68475K(69056K) Class: 9562K(10304K)->9562K(10304K)
[559.987s][info][gc             ] GC(208) Pause Young (Allocation Failure) 1432M->104M(4080M) 2.919ms
[559.987s][info][gc,cpu         ] GC(208) User=0.00s Sys=0.00s Real=0.01s
[564.511s][info][gc,start       ] GC(209) Pause Young (Allocation Failure)
[564.514s][info][gc,heap        ] GC(209) PSYoungGen: 1370838K(1381376K)->4496K(1382400K) Eden: 1364992K(1364992K)->0K(1366528K) From: 5846K(16384K)->4496K(15872K)
[564.514s][info][gc,heap        ] GC(209) ParOldGen: 100701K(2796544K)->104934K(2796544K)
[564.514s][info][gc,metaspace   ] GC(209) Metaspace: 78037K(79360K)->78037K(79360K) NonClass: 68475K(69056K)->68475K(69056K) Class: 9562K(10304K)->9562K(10304K)
[564.514s][info][gc             ] GC(209) Pause Young (Allocation Failure) 1437M->106M(4081M) 3.010ms
[564.514s][info][gc,cpu         ] GC(209) User=0.00s Sys=0.00s Real=0.00s
[566.645s][info][gc,start       ] GC(210) Pause Young (Allocation Failure)
[566.648s][info][gc,heap        ] GC(210) PSYoungGen: 1371024K(1382400K)->7139K(1381888K) Eden: 1366528K(1366528K)->0K(1366528K) From: 4496K(15872K)->7139K(15360K)
[566.648s][info][gc,heap        ] GC(210) ParOldGen: 104934K(2796544K)->107880K(2796544K)
[566.649s][info][gc,metaspace   ] GC(210) Metaspace: 78040K(79360K)->78040K(79360K) NonClass: 68477K(69056K)->68477K(69056K) Class: 9562K(10304K)->9562K(10304K)
[566.649s][info][gc             ] GC(210) Pause Young (Allocation Failure) 1441M->112M(4080M) 3.849ms
[566.649s][info][gc,cpu         ] GC(210) User=0.00s Sys=0.00s Real=0.01s
[570.736s][info][gc,start       ] GC(211) Pause Young (Allocation Failure)
[570.740s][info][gc,heap        ] GC(211) PSYoungGen: 1373667K(1381888K)->7404K(1383424K) Eden: 1366528K(1366528K)->0K(1368576K) From: 7139K(15360K)->7404K(14848K)
[570.740s][info][gc,heap        ] GC(211) ParOldGen: 107880K(2796544K)->112499K(2796544K)
[570.740s][info][gc,metaspace   ] GC(211) Metaspace: 78040K(79360K)->78040K(79360K) NonClass: 68477K(69056K)->68477K(69056K) Class: 9562K(10304K)->9562K(10304K)
[570.740s][info][gc             ] GC(211) Pause Young (Allocation Failure) 1446M->117M(4082M) 4.407ms
[570.740s][info][gc,cpu         ] GC(211) User=0.00s Sys=0.00s Real=0.00s
[573.692s][info][gc,start       ] GC(212) Pause Young (Allocation Failure)
[573.695s][info][gc,heap        ] GC(212) PSYoungGen: 1375980K(1383424K)->5547K(1382912K) Eden: 1368576K(1368576K)->0K(1368576K) From: 7404K(14848K)->5547K(14336K)
[573.695s][info][gc,heap        ] GC(212) ParOldGen: 112499K(2796544K)->116540K(2796544K)
[573.695s][info][gc,metaspace   ] GC(212) Metaspace: 78040K(79360K)->78040K(79360K) NonClass: 68478K(69056K)->68478K(69056K) Class: 9562K(10304K)->9562K(10304K)
[573.695s][info][gc             ] GC(212) Pause Young (Allocation Failure) 1453M->119M(4081M) 3.181ms
[573.695s][info][gc,cpu         ] GC(212) User=0.00s Sys=0.00s Real=0.00s
[575.934s][info][gc,start       ] GC(213) Pause Young (Allocation Failure)
[575.937s][info][gc,heap        ] GC(213) PSYoungGen: 1372479K(1382912K)->5828K(1384448K) Eden: 1366931K(1368576K)->0K(1370624K) From: 5547K(14336K)->5828K(13824K)
[575.937s][info][gc,heap        ] GC(213) ParOldGen: 116540K(2796544K)->120665K(2796544K)
[575.937s][info][gc,metaspace   ] GC(213) Metaspace: 78040K(79360K)->78040K(79360K) NonClass: 68478K(69056K)->68478K(69056K) Class: 9562K(10304K)->9562K(10304K)
[575.937s][info][gc             ] GC(213) Pause Young (Allocation Failure) 1454M->123M(4083M) 3.038ms
[575.937s][info][gc,cpu         ] GC(213) User=0.00s Sys=0.00s Real=0.01s
[578.363s][info][gc,start       ] GC(214) Pause Young (Allocation Failure)
[578.366s][info][gc,heap        ] GC(214) PSYoungGen: 1376452K(1384448K)->5799K(1383936K) Eden: 1370624K(1370624K)->0K(1370624K) From: 5828K(13824K)->5799K(13312K)
[578.366s][info][gc,heap        ] GC(214) ParOldGen: 120665K(2796544K)->125612K(2796544K)
[578.366s][info][gc,metaspace   ] GC(214) Metaspace: 78041K(79360K)->78041K(79360K) NonClass: 68479K(69056K)->68479K(69056K) Class: 9562K(10304K)->9562K(10304K)
[578.366s][info][gc             ] GC(214) Pause Young (Allocation Failure) 1462M->128M(4082M) 3.693ms
[578.366s][info][gc,cpu         ] GC(214) User=0.00s Sys=0.00s Real=0.00s
[581.104s][info][gc,start       ] GC(215) Pause Young (Allocation Failure)
[581.111s][info][gc,heap        ] GC(215) PSYoungGen: 1372669K(1383936K)->12769K(1370624K) Eden: 1366869K(1370624K)->0K(1357824K) From: 5799K(13312K)->12769K(12800K)
[581.111s][info][gc,heap        ] GC(215) ParOldGen: 125612K(2796544K)->141254K(2796544K)
[581.111s][info][gc,metaspace   ] GC(215) Metaspace: 78041K(79360K)->78041K(79360K) NonClass: 68479K(69056K)->68479K(69056K) Class: 9562K(10304K)->9562K(10304K)
[581.111s][info][gc             ] GC(215) Pause Young (Allocation Failure) 1463M->150M(4069M) 6.419ms
[581.111s][info][gc,cpu         ] GC(215) User=0.06s Sys=0.00s Real=0.01s
[584.493s][info][gc,start       ] GC(216) Pause Young (Allocation Failure)
[584.497s][info][gc,heap        ] GC(216) PSYoungGen: 1370593K(1370624K)->5615K(1377792K) Eden: 1357824K(1357824K)->0K(1357824K) From: 12769K(12800K)->5615K(19968K)
[584.497s][info][gc,heap        ] GC(216) ParOldGen: 141254K(2796544K)->145227K(2796544K)
[584.497s][info][gc,metaspace   ] GC(216) Metaspace: 78041K(79360K)->78041K(79360K) NonClass: 68479K(69056K)->68479K(69056K) Class: 9562K(10304K)->9562K(10304K)
[584.497s][info][gc             ] GC(216) Pause Young (Allocation Failure) 1476M->147M(4076M) 4.579ms
[584.497s][info][gc,cpu         ] GC(216) User=0.08s Sys=0.00s Real=0.01s
[584.873s][info][gc,start       ] GC(217) Pause Young (System.gc())
[584.875s][info][gc,heap        ] GC(217) PSYoungGen: 392218K(1377792K)->591K(1377280K) Eden: 386602K(1357824K)->0K(1357824K) From: 5615K(19968K)->591K(19456K)
[584.875s][info][gc,heap        ] GC(217) ParOldGen: 145227K(2796544K)->147577K(2796544K)
[584.875s][info][gc,metaspace   ] GC(217) Metaspace: 78042K(79360K)->78042K(79360K) NonClass: 68479K(69056K)->68479K(69056K) Class: 9562K(10304K)->9562K(10304K)
[584.875s][info][gc             ] GC(217) Pause Young (System.gc()) 524M->144M(4076M) 1.659ms
[584.875s][info][gc,cpu         ] GC(217) User=0.00s Sys=0.00s Real=0.00s
[584.875s][info][gc,start       ] GC(218) Pause Full (System.gc())
[584.875s][info][gc,phases,start] GC(218) Marking Phase
[584.900s][info][gc,phases      ] GC(218) Marking Phase 25.458ms
[584.900s][info][gc,phases,start] GC(218) Summary Phase
[584.900s][info][gc,phases      ] GC(218) Summary Phase 0.010ms
[584.900s][info][gc,phases,start] GC(218) Adjust Roots
[584.911s][info][gc,phases      ] GC(218) Adjust Roots 10.360ms
[584.911s][info][gc,phases,start] GC(218) Compaction Phase
[584.923s][info][gc,phases      ] GC(218) Compaction Phase 12.594ms
[584.923s][info][gc,phases,start] GC(218) Post Compact
[584.924s][info][gc,phases      ] GC(218) Post Compact 1.147ms
[584.925s][info][gc,heap        ] GC(218) PSYoungGen: 591K(1377280K)->0K(1377280K) Eden: 0K(1357824K)->0K(1357824K) From: 591K(19456K)->0K(19456K)
[584.925s][info][gc,heap        ] GC(218) ParOldGen: 147577K(2796544K)->80258K(2796544K)
[584.925s][info][gc,metaspace   ] GC(218) Metaspace: 78042K(79360K)->78042K(79360K) NonClass: 68479K(69056K)->68479K(69056K) Class: 9562K(10304K)->9562K(10304K)
[584.925s][info][gc             ] GC(218) Pause Full (System.gc()) 144M->78M(4076M) 49.858ms
[584.925s][info][gc,cpu         ] GC(218) User=0.20s Sys=0.00s Real=0.05s
[588.216s][info][gc,start       ] GC(219) Pause Young (Allocation Failure)
[588.219s][info][gc,heap        ] GC(219) PSYoungGen: 1357824K(1377280K)->5465K(1377792K) Eden: 1357824K(1357824K)->0K(1357824K) From: 0K(19456K)->5465K(19968K)
[588.219s][info][gc,heap        ] GC(219) ParOldGen: 80258K(2796544K)->80258K(2796544K)
[588.219s][info][gc,metaspace   ] GC(219) Metaspace: 78043K(79360K)->78043K(79360K) NonClass: 68480K(69056K)->68480K(69056K) Class: 9562K(10304K)->9562K(10304K)
[588.219s][info][gc             ] GC(219) Pause Young (Allocation Failure) 1404M->83M(4076M) 2.674ms
[588.219s][info][gc,cpu         ] GC(219) User=0.00s Sys=0.00s Real=0.00s
[591.000s][info][gc,start       ] GC(220) Pause Young (Allocation Failure)
[591.003s][info][gc,heap        ] GC(220) PSYoungGen: 1361742K(1377792K)->5542K(1379328K) Eden: 1356277K(1357824K)->0K(1360384K) From: 5465K(19968K)->5542K(18944K)
[591.003s][info][gc,heap        ] GC(220) ParOldGen: 80258K(2796544K)->84608K(2796544K)
[591.003s][info][gc,metaspace   ] GC(220) Metaspace: 78043K(79360K)->78043K(79360K) NonClass: 68481K(69056K)->68481K(69056K) Class: 9562K(10304K)->9562K(10304K)
[591.003s][info][gc             ] GC(220) Pause Young (Allocation Failure) 1408M->88M(4078M) 2.860ms
[591.003s][info][gc,cpu         ] GC(220) User=0.00s Sys=0.00s Real=0.00s
[594.606s][info][gc,start       ] GC(221) Pause Young (Allocation Failure)
[594.608s][info][gc,heap        ] GC(221) PSYoungGen: 1365926K(1379328K)->5162K(1378816K) Eden: 1360384K(1360384K)->0K(1360384K) From: 5542K(18944K)->5162K(18432K)
[594.608s][info][gc,heap        ] GC(221) ParOldGen: 84608K(2796544K)->87266K(2796544K)
[594.608s][info][gc,metaspace   ] GC(221) Metaspace: 78043K(79360K)->78043K(79360K) NonClass: 68481K(69056K)->68481K(69056K) Class: 9562K(10304K)->9562K(10304K)
[594.608s][info][gc             ] GC(221) Pause Young (Allocation Failure) 1416M->90M(4077M) 2.660ms
[594.609s][info][gc,cpu         ] GC(221) User=0.00s Sys=0.00s Real=0.01s
[597.254s][info][gc,start       ] GC(222) Pause Young (Allocation Failure)
[597.261s][info][gc,heap        ] GC(222) PSYoungGen: 1365546K(1378816K)->6746K(1381376K) Eden: 1360384K(1360384K)->0K(1363968K) From: 5162K(18432K)->6746K(17408K)
[597.261s][info][gc,heap        ] GC(222) ParOldGen: 87266K(2796544K)->90242K(2796544K)
[597.261s][info][gc,metaspace   ] GC(222) Metaspace: 78043K(79360K)->78043K(79360K) NonClass: 68481K(69056K)->68481K(69056K) Class: 9562K(10304K)->9562K(10304K)
[597.261s][info][gc             ] GC(222) Pause Young (Allocation Failure) 1418M->94M(4080M) 7.167ms
[597.261s][info][gc,cpu         ] GC(222) User=0.00s Sys=0.00s Real=0.01s
[601.642s][info][gc,start       ] GC(223) Pause Young (Allocation Failure)
[601.645s][info][gc,heap        ] GC(223) PSYoungGen: 1370714K(1381376K)->5952K(1380352K) Eden: 1363968K(1363968K)->0K(1363968K) From: 6746K(17408K)->5952K(16384K)
[601.645s][info][gc,heap        ] GC(223) ParOldGen: 90242K(2796544K)->94597K(2796544K)
[601.645s][info][gc,metaspace   ] GC(223) Metaspace: 78047K(79360K)->78047K(79360K) NonClass: 68484K(69056K)->68484K(69056K) Class: 9562K(10304K)->9562K(10304K)
[601.645s][info][gc             ] GC(223) Pause Young (Allocation Failure) 1426M->98M(4079M) 3.248ms
[601.645s][info][gc,cpu         ] GC(223) User=0.00s Sys=0.00s Real=0.01s
[603.840s][info][gc,start       ] GC(224) Pause Young (Allocation Failure)
[603.843s][info][gc,heap        ] GC(224) PSYoungGen: 1369920K(1380352K)->6726K(1382912K) Eden: 1363968K(1363968K)->0K(1367040K) From: 5952K(16384K)->6726K(15872K)
[603.843s][info][gc,heap        ] GC(224) ParOldGen: 94597K(2796544K)->97436K(2796544K)
[603.843s][info][gc,metaspace   ] GC(224) Metaspace: 78047K(79360K)->78047K(79360K) NonClass: 68484K(69056K)->68484K(69056K) Class: 9562K(10304K)->9562K(10304K)
[603.843s][info][gc             ] GC(224) Pause Young (Allocation Failure) 1430M->101M(4081M) 3.303ms
[603.843s][info][gc,cpu         ] GC(224) User=0.00s Sys=0.00s Real=0.00s
[608.131s][info][gc,start       ] GC(225) Pause Young (Allocation Failure)
[608.136s][info][gc,heap        ] GC(225) PSYoungGen: 1373766K(1382912K)->5587K(1381888K) Eden: 1367040K(1367040K)->0K(1367040K) From: 6726K(15872K)->5587K(14848K)
[608.136s][info][gc,heap        ] GC(225) ParOldGen: 97436K(2796544K)->102084K(2796544K)
[608.136s][info][gc,metaspace   ] GC(225) Metaspace: 78047K(79360K)->78047K(79360K) NonClass: 68484K(69056K)->68484K(69056K) Class: 9562K(10304K)->9562K(10304K)
[608.136s][info][gc             ] GC(225) Pause Young (Allocation Failure) 1436M->105M(4080M) 4.378ms
[608.136s][info][gc,cpu         ] GC(225) User=0.00s Sys=0.00s Real=0.01s
[610.917s][info][gc,start       ] GC(226) Pause Young (Allocation Failure)
[610.920s][info][gc,heap        ] GC(226) PSYoungGen: 1372355K(1381888K)->4879K(1383936K) Eden: 1366767K(1367040K)->0K(1369600K) From: 5587K(14848K)->4879K(14336K)
[610.920s][info][gc,heap        ] GC(226) ParOldGen: 102084K(2796544K)->105927K(2796544K)
[610.920s][info][gc,metaspace   ] GC(226) Metaspace: 78047K(79360K)->78047K(79360K) NonClass: 68484K(69056K)->68484K(69056K) Class: 9562K(10304K)->9562K(10304K)
[610.920s][info][gc             ] GC(226) Pause Young (Allocation Failure) 1439M->108M(4082M) 2.740ms
[610.920s][info][gc,cpu         ] GC(226) User=0.09s Sys=0.00s Real=0.00s
[613.100s][info][gc,start       ] GC(227) Pause Young (Allocation Failure)
[613.104s][info][gc,heap        ] GC(227) PSYoungGen: 1374479K(1383936K)->6688K(1383424K) Eden: 1369600K(1369600K)->0K(1369600K) From: 4879K(14336K)->6688K(13824K)
[613.104s][info][gc,heap        ] GC(227) ParOldGen: 105927K(2796544K)->109845K(2796544K)
[613.104s][info][gc,metaspace   ] GC(227) Metaspace: 78047K(79360K)->78047K(79360K) NonClass: 68485K(69056K)->68485K(69056K) Class: 9562K(10304K)->9562K(10304K)
[613.104s][info][gc             ] GC(227) Pause Young (Allocation Failure) 1445M->113M(4082M) 3.880ms
[613.104s][info][gc,cpu         ] GC(227) User=0.00s Sys=0.00s Real=0.00s
[615.801s][info][gc,start       ] GC(228) Pause Young (Allocation Failure)
[615.805s][info][gc,heap        ] GC(228) PSYoungGen: 1376288K(1383424K)->5867K(1384960K) Eden: 1369600K(1369600K)->0K(1371648K) From: 6688K(13824K)->5867K(13312K)
[615.805s][info][gc,heap        ] GC(228) ParOldGen: 109845K(2796544K)->114841K(2796544K)
[615.805s][info][gc,metaspace   ] GC(228) Metaspace: 78048K(79360K)->78048K(79360K) NonClass: 68486K(69056K)->68486K(69056K) Class: 9562K(10304K)->9562K(10304K)
[615.805s][info][gc             ] GC(228) Pause Young (Allocation Failure) 1451M->117M(4083M) 3.510ms
[615.805s][info][gc,cpu         ] GC(228) User=0.00s Sys=0.00s Real=0.00s
[618.635s][info][gc,start       ] GC(229) Pause Young (Allocation Failure)
[618.638s][info][gc,heap        ] GC(229) PSYoungGen: 1377515K(1384960K)->5709K(1384448K) Eden: 1371648K(1371648K)->0K(1371648K) From: 5867K(13312K)->5709K(12800K)
[618.638s][info][gc,heap        ] GC(229) ParOldGen: 114841K(2796544K)->119521K(2796544K)
[618.638s][info][gc,metaspace   ] GC(229) Metaspace: 78058K(79360K)->78058K(79360K) NonClass: 68496K(69056K)->68496K(69056K) Class: 9562K(10304K)->9562K(10304K)
[618.638s][info][gc             ] GC(229) Pause Young (Allocation Failure) 1457M->122M(4083M) 2.838ms
[618.638s][info][gc,cpu         ] GC(229) User=0.09s Sys=0.00s Real=0.00s
[621.895s][info][gc,start       ] GC(230) Pause Young (Allocation Failure)
[621.898s][info][gc,heap        ] GC(230) PSYoungGen: 1374037K(1384448K)->4438K(1385472K) Eden: 1368327K(1371648K)->0K(1373184K) From: 5709K(12800K)->4438K(12288K)
[621.898s][info][gc,heap        ] GC(230) ParOldGen: 119521K(2796544K)->122190K(2796544K)
[621.898s][info][gc,metaspace   ] GC(230) Metaspace: 78064K(79360K)->78064K(79360K) NonClass: 68502K(69056K)->68502K(69056K) Class: 9562K(10304K)->9562K(10304K)
[621.898s][info][gc             ] GC(230) Pause Young (Allocation Failure) 1458M->123M(4084M) 2.662ms
[621.898s][info][gc,cpu         ] GC(230) User=0.00s Sys=0.00s Real=0.01s
[622.362s][info][gc,start       ] GC(231) Pause Young (System.gc())
[622.363s][info][gc,heap        ] GC(231) PSYoungGen: 440318K(1385472K)->800K(1385472K) Eden: 435879K(1373184K)->0K(1373184K) From: 4438K(12288K)->800K(12288K)
[622.363s][info][gc,heap        ] GC(231) ParOldGen: 122190K(2796544K)->124363K(2796544K)
[622.363s][info][gc,metaspace   ] GC(231) Metaspace: 78068K(79360K)->78068K(79360K) NonClass: 68505K(69056K)->68505K(69056K) Class: 9562K(10304K)->9562K(10304K)
[622.363s][info][gc             ] GC(231) Pause Young (System.gc()) 549M->122M(4084M) 1.313ms
[622.363s][info][gc,cpu         ] GC(231) User=0.00s Sys=0.00s Real=0.00s
[622.363s][info][gc,start       ] GC(232) Pause Full (System.gc())
[622.363s][info][gc,phases,start] GC(232) Marking Phase
[622.389s][info][gc,phases      ] GC(232) Marking Phase 25.335ms
[622.389s][info][gc,phases,start] GC(232) Summary Phase
[622.389s][info][gc,phases      ] GC(232) Summary Phase 0.011ms
[622.389s][info][gc,phases,start] GC(232) Adjust Roots
[622.399s][info][gc,phases      ] GC(232) Adjust Roots 10.155ms
[622.399s][info][gc,phases,start] GC(232) Compaction Phase
[622.411s][info][gc,phases      ] GC(232) Compaction Phase 11.625ms
[622.411s][info][gc,phases,start] GC(232) Post Compact
[622.412s][info][gc,phases      ] GC(232) Post Compact 1.028ms
[622.412s][info][gc,heap        ] GC(232) PSYoungGen: 800K(1385472K)->0K(1385472K) Eden: 0K(1373184K)->0K(1373184K) From: 800K(12288K)->0K(12288K)
[622.412s][info][gc,heap        ] GC(232) ParOldGen: 124363K(2796544K)->78719K(2796544K)
[622.412s][info][gc,metaspace   ] GC(232) Metaspace: 78068K(79360K)->78068K(79360K) NonClass: 68505K(69056K)->68505K(69056K) Class: 9562K(10304K)->9562K(10304K)
[622.412s][info][gc             ] GC(232) Pause Full (System.gc()) 122M->76M(4084M) 48.463ms
[622.412s][info][gc,cpu         ] GC(232) User=0.20s Sys=0.00s Real=0.05s
[625.657s][info][gc,start       ] GC(233) Pause Young (Allocation Failure)
[625.659s][info][gc,heap        ] GC(233) PSYoungGen: 1373184K(1385472K)->5167K(1385984K) Eden: 1373184K(1373184K)->0K(1373696K) From: 0K(12288K)->5167K(12288K)
[625.659s][info][gc,heap        ] GC(233) ParOldGen: 78719K(2796544K)->78719K(2796544K)
[625.659s][info][gc,metaspace   ] GC(233) Metaspace: 78068K(79360K)->78068K(79360K) NonClass: 68505K(69056K)->68505K(69056K) Class: 9562K(10304K)->9562K(10304K)
[625.659s][info][gc             ] GC(233) Pause Young (Allocation Failure) 1417M->81M(4084M) 2.524ms
[625.659s][info][gc,cpu         ] GC(233) User=0.00s Sys=0.00s Real=0.01s
[628.415s][info][gc,start       ] GC(234) Pause Young (Allocation Failure)
[628.419s][info][gc,heap        ] GC(234) PSYoungGen: 1378372K(1385984K)->11768K(1385472K) Eden: 1373205K(1373696K)->0K(1373696K) From: 5167K(12288K)->11768K(11776K)
[628.419s][info][gc,heap        ] GC(234) ParOldGen: 78719K(2796544K)->85724K(2796544K)
[628.419s][info][gc,metaspace   ] GC(234) Metaspace: 78069K(79360K)->78069K(79360K) NonClass: 68506K(69056K)->68506K(69056K) Class: 9562K(10304K)->9562K(10304K)
[628.419s][info][gc             ] GC(234) Pause Young (Allocation Failure) 1422M->95M(4084M) 3.886ms
[628.419s][info][gc,cpu         ] GC(234) User=0.09s Sys=0.00s Real=0.00s
[632.384s][info][gc,start       ] GC(235) Pause Young (Allocation Failure)
[632.388s][info][gc,heap        ] GC(235) PSYoungGen: 1385464K(1385472K)->8899K(1378304K) Eden: 1373696K(1373696K)->0K(1366016K) From: 11768K(11776K)->8899K(12288K)
[632.388s][info][gc,heap        ] GC(235) ParOldGen: 85724K(2796544K)->92263K(2796544K)
[632.388s][info][gc,metaspace   ] GC(235) Metaspace: 78069K(79360K)->78069K(79360K) NonClass: 68506K(69056K)->68506K(69056K) Class: 9562K(10304K)->9562K(10304K)
[632.388s][info][gc             ] GC(235) Pause Young (Allocation Failure) 1436M->98M(4077M) 3.471ms
[632.388s][info][gc,cpu         ] GC(235) User=0.08s Sys=0.00s Real=0.00s
[634.824s][info][gc,start       ] GC(236) Pause Young (Allocation Failure)
[634.828s][info][gc,heap        ] GC(236) PSYoungGen: 1374915K(1378304K)->6068K(1381888K) Eden: 1366016K(1366016K)->0K(1366016K) From: 8899K(12288K)->6068K(15872K)
[634.828s][info][gc,heap        ] GC(236) ParOldGen: 92263K(2796544K)->99471K(2796544K)
[634.828s][info][gc,metaspace   ] GC(236) Metaspace: 78074K(79360K)->78074K(79360K) NonClass: 68511K(69056K)->68511K(69056K) Class: 9563K(10304K)->9563K(10304K)
[634.828s][info][gc             ] GC(236) Pause Young (Allocation Failure) 1432M->103M(4080M) 4.096ms
[634.828s][info][gc,cpu         ] GC(236) User=0.02s Sys=0.00s Real=0.00s
[639.323s][info][gc,start       ] GC(237) Pause Young (Allocation Failure)
[639.326s][info][gc,heap        ] GC(237) PSYoungGen: 1372084K(1381888K)->6468K(1383424K) Eden: 1366016K(1366016K)->0K(1368064K) From: 6068K(15872K)->6468K(15360K)
[639.326s][info][gc,heap        ] GC(237) ParOldGen: 99471K(2796544K)->103716K(2796544K)
[639.326s][info][gc,metaspace   ] GC(237) Metaspace: 78074K(79360K)->78074K(79360K) NonClass: 68511K(69056K)->68511K(69056K) Class: 9563K(10304K)->9563K(10304K)
[639.326s][info][gc             ] GC(237) Pause Young (Allocation Failure) 1437M->107M(4082M) 3.371ms
[639.326s][info][gc,cpu         ] GC(237) User=0.09s Sys=0.00s Real=0.01s
[641.504s][info][gc,start       ] GC(238) Pause Young (Allocation Failure)
[641.507s][info][gc,heap        ] GC(238) PSYoungGen: 1374417K(1383424K)->6085K(1382400K) Eden: 1367948K(1368064K)->0K(1368064K) From: 6468K(15360K)->6085K(14336K)
[641.507s][info][gc,heap        ] GC(238) ParOldGen: 103716K(2796544K)->106632K(2796544K)
[641.507s][info][gc,metaspace   ] GC(238) Metaspace: 78074K(79360K)->78074K(79360K) NonClass: 68511K(69056K)->68511K(69056K) Class: 9563K(10304K)->9563K(10304K)
[641.507s][info][gc             ] GC(238) Pause Young (Allocation Failure) 1443M->110M(4081M) 2.948ms
[641.507s][info][gc,cpu         ] GC(238) User=0.00s Sys=0.00s Real=0.01s
[645.618s][info][gc,start       ] GC(239) Pause Young (Allocation Failure)
[645.622s][info][gc,heap        ] GC(239) PSYoungGen: 1374149K(1382400K)->6842K(1384448K) Eden: 1368064K(1368064K)->0K(1370624K) From: 6085K(14336K)->6842K(13824K)
[645.622s][info][gc,heap        ] GC(239) ParOldGen: 106632K(2796544K)->111296K(2796544K)
[645.622s][info][gc,metaspace   ] GC(239) Metaspace: 78074K(79360K)->78074K(79360K) NonClass: 68511K(69056K)->68511K(69056K) Class: 9563K(10304K)->9563K(10304K)
[645.622s][info][gc             ] GC(239) Pause Young (Allocation Failure) 1446M->115M(4083M) 4.237ms
[645.622s][info][gc,cpu         ] GC(239) User=0.09s Sys=0.00s Real=0.00s
[648.554s][info][gc,start       ] GC(240) Pause Young (Allocation Failure)
[648.557s][info][gc,heap        ] GC(240) PSYoungGen: 1377466K(1384448K)->6013K(1383936K) Eden: 1370624K(1370624K)->0K(1370624K) From: 6842K(13824K)->6013K(13312K)
[648.557s][info][gc,heap        ] GC(240) ParOldGen: 111296K(2796544K)->115143K(2796544K)
[648.557s][info][gc,metaspace   ] GC(240) Metaspace: 78079K(79360K)->78079K(79360K) NonClass: 68516K(69056K)->68516K(69056K) Class: 9563K(10304K)->9563K(10304K)
[648.557s][info][gc             ] GC(240) Pause Young (Allocation Failure) 1453M->118M(4082M) 3.534ms
[648.557s][info][gc,cpu         ] GC(240) User=0.00s Sys=0.00s Real=0.00s
[650.807s][info][gc,start       ] GC(241) Pause Young (Allocation Failure)
[650.811s][info][gc,heap        ] GC(241) PSYoungGen: 1373669K(1383936K)->5805K(1385472K) Eden: 1367656K(1370624K)->0K(1372672K) From: 6013K(13312K)->5805K(12800K)
[650.811s][info][gc,heap        ] GC(241) ParOldGen: 115143K(2796544K)->119212K(2796544K)
[650.811s][info][gc,metaspace   ] GC(241) Metaspace: 78079K(79360K)->78079K(79360K) NonClass: 68516K(69056K)->68516K(69056K) Class: 9563K(10304K)->9563K(10304K)
[650.811s][info][gc             ] GC(241) Pause Young (Allocation Failure) 1453M->122M(4084M) 3.256ms
[650.811s][info][gc,cpu         ] GC(241) User=0.08s Sys=0.00s Real=0.00s
[653.227s][info][gc,start       ] GC(242) Pause Young (Allocation Failure)
[653.230s][info][gc,heap        ] GC(242) PSYoungGen: 1378477K(1385472K)->5651K(1384960K) Eden: 1372672K(1372672K)->0K(1372672K) From: 5805K(12800K)->5651K(12288K)
[653.230s][info][gc,heap        ] GC(242) ParOldGen: 119212K(2796544K)->124168K(2796544K)
[653.230s][info][gc,metaspace   ] GC(242) Metaspace: 78079K(79360K)->78079K(79360K) NonClass: 68516K(69056K)->68516K(69056K) Class: 9563K(10304K)->9563K(10304K)
[653.230s][info][gc             ] GC(242) Pause Young (Allocation Failure) 1462M->126M(4083M) 3.209ms
[653.230s][info][gc,cpu         ] GC(242) User=0.02s Sys=0.00s Real=0.01s
[655.962s][info][gc,start       ] GC(243) Pause Young (Allocation Failure)
[655.967s][info][gc,heap        ] GC(243) PSYoungGen: 1376218K(1384960K)->11130K(1383424K) Eden: 1370566K(1372672K)->0K(1371136K) From: 5651K(12288K)->11130K(12288K)
[655.967s][info][gc,heap        ] GC(243) ParOldGen: 124168K(2796544K)->136967K(2796544K)
[655.967s][info][gc,metaspace   ] GC(243) Metaspace: 78079K(79360K)->78079K(79360K) NonClass: 68516K(69056K)->68516K(69056K) Class: 9563K(10304K)->9563K(10304K)
[655.967s][info][gc             ] GC(243) Pause Young (Allocation Failure) 1465M->144M(4082M) 5.131ms
[655.967s][info][gc,cpu         ] GC(243) User=0.08s Sys=0.00s Real=0.00s
[659.290s][info][gc,start       ] GC(244) Pause Young (Allocation Failure)
[659.293s][info][gc,heap        ] GC(244) PSYoungGen: 1382266K(1383424K)->5654K(1384448K) Eden: 1371136K(1371136K)->0K(1371136K) From: 11130K(12288K)->5654K(13312K)
[659.293s][info][gc,heap        ] GC(244) ParOldGen: 136967K(2796544K)->139577K(2796544K)
[659.293s][info][gc,metaspace   ] GC(244) Metaspace: 78085K(79360K)->78085K(79360K) NonClass: 68521K(69056K)->68521K(69056K) Class: 9563K(10304K)->9563K(10304K)
[659.293s][info][gc             ] GC(244) Pause Young (Allocation Failure) 1483M->141M(4083M) 2.892ms
[659.293s][info][gc,cpu         ] GC(244) User=0.09s Sys=0.00s Real=0.00s
[659.654s][info][gc,start       ] GC(245) Pause Young (System.gc())
[659.655s][info][gc,heap        ] GC(245) PSYoungGen: 383468K(1384448K)->559K(1383936K) Eden: 377814K(1371136K)->0K(1371136K) From: 5654K(13312K)->559K(12800K)
[659.655s][info][gc,heap        ] GC(245) ParOldGen: 139577K(2796544K)->141797K(2796544K)
[659.655s][info][gc,metaspace   ] GC(245) Metaspace: 78085K(79360K)->78085K(79360K) NonClass: 68521K(69056K)->68521K(69056K) Class: 9563K(10304K)->9563K(10304K)
[659.655s][info][gc             ] GC(245) Pause Young (System.gc()) 510M->139M(4082M) 1.444ms
[659.655s][info][gc,cpu         ] GC(245) User=0.00s Sys=0.00s Real=0.00s
[659.655s][info][gc,start       ] GC(246) Pause Full (System.gc())
[659.655s][info][gc,phases,start] GC(246) Marking Phase
[659.683s][info][gc,phases      ] GC(246) Marking Phase 27.977ms
[659.683s][info][gc,phases,start] GC(246) Summary Phase
[659.683s][info][gc,phases      ] GC(246) Summary Phase 0.011ms
[659.683s][info][gc,phases,start] GC(246) Adjust Roots
[659.694s][info][gc,phases      ] GC(246) Adjust Roots 10.471ms
[659.694s][info][gc,phases,start] GC(246) Compaction Phase
[659.707s][info][gc,phases      ] GC(246) Compaction Phase 13.180ms
[659.707s][info][gc,phases,start] GC(246) Post Compact
[659.708s][info][gc,phases      ] GC(246) Post Compact 1.097ms
[659.708s][info][gc,heap        ] GC(246) PSYoungGen: 559K(1383936K)->0K(1383936K) Eden: 0K(1371136K)->0K(1371136K) From: 559K(12800K)->0K(12800K)
[659.708s][info][gc,heap        ] GC(246) ParOldGen: 141797K(2796544K)->78485K(2796544K)
[659.708s][info][gc,metaspace   ] GC(246) Metaspace: 78085K(79360K)->78085K(79360K) NonClass: 68521K(69056K)->68521K(69056K) Class: 9563K(10304K)->9563K(10304K)
[659.708s][info][gc             ] GC(246) Pause Full (System.gc()) 139M->76M(4082M) 53.038ms
[659.708s][info][gc,cpu         ] GC(246) User=0.17s Sys=0.02s Real=0.05s
[662.982s][info][gc,start       ] GC(247) Pause Young (Allocation Failure)
[662.984s][info][gc,heap        ] GC(247) PSYoungGen: 1371053K(1383936K)->5063K(1384448K) Eden: 1371053K(1371136K)->0K(1371136K) From: 0K(12800K)->5063K(13312K)
[662.984s][info][gc,heap        ] GC(247) ParOldGen: 78485K(2796544K)->78485K(2796544K)
[662.984s][info][gc,metaspace   ] GC(247) Metaspace: 78085K(79360K)->78085K(79360K) NonClass: 68521K(69056K)->68521K(69056K) Class: 9563K(10304K)->9563K(10304K)
[662.984s][info][gc             ] GC(247) Pause Young (Allocation Failure) 1415M->81M(4083M) 2.285ms
[662.984s][info][gc,cpu         ] GC(247) User=0.00s Sys=0.00s Real=0.00s
[665.752s][info][gc,start       ] GC(248) Pause Young (Allocation Failure)
[665.755s][info][gc,heap        ] GC(248) PSYoungGen: 1376199K(1384448K)->10178K(1382912K) Eden: 1371136K(1371136K)->0K(1370112K) From: 5063K(13312K)->10178K(12800K)
[665.755s][info][gc,heap        ] GC(248) ParOldGen: 78485K(2796544K)->82460K(2796544K)
[665.755s][info][gc,metaspace   ] GC(248) Metaspace: 78085K(79360K)->78085K(79360K) NonClass: 68521K(69056K)->68521K(69056K) Class: 9563K(10304K)->9563K(10304K)
[665.755s][info][gc             ] GC(248) Pause Young (Allocation Failure) 1420M->90M(4081M) 3.205ms
[665.755s][info][gc,cpu         ] GC(248) User=0.00s Sys=0.00s Real=0.00s
[669.657s][info][gc,start       ] GC(249) Pause Young (Allocation Failure)
[669.660s][info][gc,heap        ] GC(249) PSYoungGen: 1380290K(1382912K)->4840K(1383936K) Eden: 1370112K(1370112K)->0K(1370112K) From: 10178K(12800K)->4840K(13824K)
[669.660s][info][gc,heap        ] GC(249) ParOldGen: 82460K(2796544K)->85215K(2796544K)
[669.660s][info][gc,metaspace   ] GC(249) Metaspace: 78085K(79360K)->78085K(79360K) NonClass: 68521K(69056K)->68521K(69056K) Class: 9563K(10304K)->9563K(10304K)
[669.660s][info][gc             ] GC(249) Pause Young (Allocation Failure) 1428M->87M(4082M) 2.549ms
[669.660s][info][gc,cpu         ] GC(249) User=0.00s Sys=0.00s Real=0.00s
[672.079s][info][gc,start       ] GC(250) Pause Young (Allocation Failure)
[672.082s][info][gc,heap        ] GC(250) PSYoungGen: 1374952K(1383936K)->5746K(1384960K) Eden: 1370112K(1370112K)->0K(1371648K) From: 4840K(13824K)->5746K(13312K)
[672.082s][info][gc,heap        ] GC(250) ParOldGen: 85215K(2796544K)->88300K(2796544K)
[672.082s][info][gc,metaspace   ] GC(250) Metaspace: 78085K(79360K)->78085K(79360K) NonClass: 68521K(69056K)->68521K(69056K) Class: 9563K(10304K)->9563K(10304K)
[672.082s][info][gc             ] GC(250) Pause Young (Allocation Failure) 1425M->91M(4083M) 2.994ms
[672.082s][info][gc,cpu         ] GC(250) User=0.00s Sys=0.00s Real=0.02s
[676.610s][info][gc,start       ] GC(251) Pause Young (Allocation Failure)
[676.613s][info][gc,heap        ] GC(251) PSYoungGen: 1377394K(1384960K)->4333K(1384448K) Eden: 1371648K(1371648K)->0K(1371648K) From: 5746K(13312K)->4333K(12800K)
[676.613s][info][gc,heap        ] GC(251) ParOldGen: 88300K(2796544K)->92568K(2796544K)
[676.613s][info][gc,metaspace   ] GC(251) Metaspace: 78085K(79360K)->78085K(79360K) NonClass: 68522K(69056K)->68522K(69056K) Class: 9563K(10304K)->9563K(10304K)
[676.613s][info][gc             ] GC(251) Pause Young (Allocation Failure) 1431M->94M(4083M) 3.291ms
[676.613s][info][gc,cpu         ] GC(251) User=0.00s Sys=0.00s Real=0.00s
[678.771s][info][gc,start       ] GC(252) Pause Young (Allocation Failure)
[678.774s][info][gc,heap        ] GC(252) PSYoungGen: 1375981K(1384448K)->6875K(1385472K) Eden: 1371648K(1371648K)->0K(1373184K) From: 4333K(12800K)->6875K(12288K)
[678.774s][info][gc,heap        ] GC(252) ParOldGen: 92568K(2796544K)->95461K(2796544K)
[678.774s][info][gc,metaspace   ] GC(252) Metaspace: 78086K(79360K)->78086K(79360K) NonClass: 68522K(69056K)->68522K(69056K) Class: 9563K(10304K)->9563K(10304K)
[678.774s][info][gc             ] GC(252) Pause Young (Allocation Failure) 1434M->99M(4084M) 3.248ms
[678.774s][info][gc,cpu         ] GC(252) User=0.00s Sys=0.00s Real=0.01s
[682.876s][info][gc,start       ] GC(253) Pause Young (Allocation Failure)
[682.882s][info][gc,heap        ] GC(253) PSYoungGen: 1380059K(1385472K)->11167K(1384448K) Eden: 1373184K(1373184K)->0K(1373184K) From: 6875K(12288K)->11167K(11264K)
[682.882s][info][gc,heap        ] GC(253) ParOldGen: 95461K(2796544K)->100159K(2796544K)
[682.882s][info][gc,metaspace   ] GC(253) Metaspace: 78086K(79360K)->78086K(79360K) NonClass: 68522K(69056K)->68522K(69056K) Class: 9563K(10304K)->9563K(10304K)
[682.882s][info][gc             ] GC(253) Pause Young (Allocation Failure) 1440M->108M(4083M) 5.650ms
[682.882s][info][gc,cpu         ] GC(253) User=0.00s Sys=0.00s Real=0.01s
[685.911s][info][gc,start       ] GC(254) Pause Young (Allocation Failure)
[685.916s][info][gc,heap        ] GC(254) PSYoungGen: 1384351K(1384448K)->5301K(1384960K) Eden: 1373184K(1373184K)->0K(1371648K) From: 11167K(11264K)->5301K(13312K)
[685.916s][info][gc,heap        ] GC(254) ParOldGen: 100159K(2796544K)->103970K(2796544K)
[685.916s][info][gc,metaspace   ] GC(254) Metaspace: 78086K(79360K)->78086K(79360K) NonClass: 68523K(69056K)->68523K(69056K) Class: 9563K(10304K)->9563K(10304K)
[685.916s][info][gc             ] GC(254) Pause Young (Allocation Failure) 1449M->106M(4083M) 5.336ms
[685.916s][info][gc,cpu         ] GC(254) User=0.00s Sys=0.00s Real=0.00s
[688.183s][info][gc,start       ] GC(255) Pause Young (Allocation Failure)
[688.186s][info][gc,heap        ] GC(255) PSYoungGen: 1373223K(1384960K)->5869K(1384448K) Eden: 1367921K(1371648K)->0K(1371648K) From: 5301K(13312K)->5869K(12800K)
[688.186s][info][gc,heap        ] GC(255) ParOldGen: 103970K(2796544K)->108078K(2796544K)
[688.187s][info][gc,metaspace   ] GC(255) Metaspace: 78088K(79360K)->78088K(79360K) NonClass: 68525K(69056K)->68525K(69056K) Class: 9563K(10304K)->9563K(10304K)
[688.187s][info][gc             ] GC(255) Pause Young (Allocation Failure) 1442M->111M(4083M) 3.331ms
[688.187s][info][gc,cpu         ] GC(255) User=0.00s Sys=0.00s Real=0.01s
[690.554s][info][gc,start       ] GC(256) Pause Young (Allocation Failure)
[690.557s][info][gc,heap        ] GC(256) PSYoungGen: 1377517K(1384448K)->5779K(1385472K) Eden: 1371648K(1371648K)->0K(1373184K) From: 5869K(12800K)->5779K(12288K)
[690.557s][info][gc,heap        ] GC(256) ParOldGen: 108078K(2796544K)->113043K(2796544K)
[690.557s][info][gc,metaspace   ] GC(256) Metaspace: 78088K(79360K)->78088K(79360K) NonClass: 68525K(69056K)->68525K(69056K) Class: 9563K(10304K)->9563K(10304K)
[690.557s][info][gc             ] GC(256) Pause Young (Allocation Failure) 1450M->116M(4084M) 3.540ms
[690.557s][info][gc,cpu         ] GC(256) User=0.00s Sys=0.00s Real=0.00s
[693.314s][info][gc,start       ] GC(257) Pause Young (Allocation Failure)
[693.318s][info][gc,heap        ] GC(257) PSYoungGen: 1378963K(1385472K)->11403K(1384960K) Eden: 1373184K(1373184K)->0K(1373184K) From: 5779K(12288K)->11403K(11776K)
[693.318s][info][gc,heap        ] GC(257) ParOldGen: 113043K(2796544K)->121718K(2796544K)
[693.318s][info][gc,metaspace   ] GC(257) Metaspace: 78088K(79360K)->78088K(79360K) NonClass: 68525K(69056K)->68525K(69056K) Class: 9563K(10304K)->9563K(10304K)
[693.318s][info][gc             ] GC(257) Pause Young (Allocation Failure) 1457M->130M(4083M) 4.672ms
[693.318s][info][gc,cpu         ] GC(257) User=0.00s Sys=0.00s Real=0.00s
[696.722s][info][gc,start       ] GC(258) Pause Young (Allocation Failure)
[696.724s][info][gc,heap        ] GC(258) PSYoungGen: 1383655K(1384960K)->4843K(1383936K) Eden: 1372252K(1373184K)->0K(1371136K) From: 11403K(11776K)->4843K(12800K)
[696.724s][info][gc,heap        ] GC(258) ParOldGen: 121718K(2796544K)->124341K(2796544K)
[696.724s][info][gc,metaspace   ] GC(258) Metaspace: 78088K(79360K)->78088K(79360K) NonClass: 68525K(69056K)->68525K(69056K) Class: 9563K(10304K)->9563K(10304K)
[696.724s][info][gc             ] GC(258) Pause Young (Allocation Failure) 1470M->126M(4082M) 2.553ms
[696.724s][info][gc,cpu         ] GC(258) User=0.00s Sys=0.00s Real=0.00s
[697.021s][info][gc,start       ] GC(259) Pause Young (System.gc())
[697.023s][info][gc,heap        ] GC(259) PSYoungGen: 352876K(1383936K)->512K(1384448K) Eden: 348033K(1371136K)->0K(1371136K) From: 4843K(12800K)->512K(13312K)
[697.023s][info][gc,heap        ] GC(259) ParOldGen: 124341K(2796544K)->126708K(2796544K)
[697.023s][info][gc,metaspace   ] GC(259) Metaspace: 78088K(79360K)->78088K(79360K) NonClass: 68525K(69056K)->68525K(69056K) Class: 9563K(10304K)->9563K(10304K)
[697.023s][info][gc             ] GC(259) Pause Young (System.gc()) 466M->124M(4083M) 1.487ms
[697.023s][info][gc,cpu         ] GC(259) User=0.00s Sys=0.00s Real=0.00s
[697.023s][info][gc,start       ] GC(260) Pause Full (System.gc())
[697.023s][info][gc,phases,start] GC(260) Marking Phase
[697.049s][info][gc,phases      ] GC(260) Marking Phase 26.283ms
[697.049s][info][gc,phases,start] GC(260) Summary Phase
[697.049s][info][gc,phases      ] GC(260) Summary Phase 0.011ms
[697.049s][info][gc,phases,start] GC(260) Adjust Roots
[697.060s][info][gc,phases      ] GC(260) Adjust Roots 10.569ms
[697.060s][info][gc,phases,start] GC(260) Compaction Phase
[697.072s][info][gc,phases      ] GC(260) Compaction Phase 12.374ms
[697.072s][info][gc,phases,start] GC(260) Post Compact
[697.073s][info][gc,phases      ] GC(260) Post Compact 1.078ms
[697.073s][info][gc,heap        ] GC(260) PSYoungGen: 512K(1384448K)->0K(1384448K) Eden: 0K(1371136K)->0K(1371136K) From: 512K(13312K)->0K(13312K)
[697.073s][info][gc,heap        ] GC(260) ParOldGen: 126708K(2796544K)->78499K(2796544K)
[697.073s][info][gc,metaspace   ] GC(260) Metaspace: 78088K(79360K)->78088K(79360K) NonClass: 68525K(69056K)->68525K(69056K) Class: 9563K(10304K)->9563K(10304K)
[697.073s][info][gc             ] GC(260) Pause Full (System.gc()) 124M->76M(4083M) 50.659ms
[697.073s][info][gc,cpu         ] GC(260) User=0.12s Sys=0.00s Real=0.05s
[700.311s][info][gc,start       ] GC(261) Pause Young (Allocation Failure)
[700.313s][info][gc,heap        ] GC(261) PSYoungGen: 1371136K(1384448K)->5208K(1384960K) Eden: 1371136K(1371136K)->0K(1371648K) From: 0K(13312K)->5208K(13312K)
[700.313s][info][gc,heap        ] GC(261) ParOldGen: 78499K(2796544K)->78499K(2796544K)
[700.313s][info][gc,metaspace   ] GC(261) Metaspace: 78089K(79424K)->78089K(79424K) NonClass: 68525K(69120K)->68525K(69120K) Class: 9563K(10304K)->9563K(10304K)
[700.313s][info][gc             ] GC(261) Pause Young (Allocation Failure) 1415M->81M(4083M) 2.431ms
[700.313s][info][gc,cpu         ] GC(261) User=0.00s Sys=0.00s Real=0.00s
[703.084s][info][gc,start       ] GC(262) Pause Young (Allocation Failure)
[703.087s][info][gc,heap        ] GC(262) PSYoungGen: 1376265K(1384960K)->6274K(1384448K) Eden: 1371057K(1371648K)->0K(1371648K) From: 5208K(13312K)->6274K(12800K)
[703.087s][info][gc,heap        ] GC(262) ParOldGen: 78499K(2796544K)->82504K(2796544K)
[703.087s][info][gc,metaspace   ] GC(262) Metaspace: 78089K(79424K)->78089K(79424K) NonClass: 68525K(69120K)->68525K(69120K) Class: 9563K(10304K)->9563K(10304K)
[703.087s][info][gc             ] GC(262) Pause Young (Allocation Failure) 1420M->86M(4083M) 2.924ms
[703.087s][info][gc,cpu         ] GC(262) User=0.00s Sys=0.00s Real=0.00s
[707.042s][info][gc,start       ] GC(263) Pause Young (Allocation Failure)
[707.045s][info][gc,heap        ] GC(263) PSYoungGen: 1377922K(1384448K)->4779K(1385984K) Eden: 1371648K(1371648K)->0K(1373696K) From: 6274K(12800K)->4779K(12288K)
[707.045s][info][gc,heap        ] GC(263) ParOldGen: 82504K(2796544K)->85145K(2796544K)
[707.045s][info][gc,metaspace   ] GC(263) Metaspace: 78089K(79424K)->78089K(79424K) NonClass: 68525K(69120K)->68525K(69120K) Class: 9563K(10304K)->9563K(10304K)
[707.045s][info][gc             ] GC(263) Pause Young (Allocation Failure) 1426M->87M(4084M) 3.352ms
[707.045s][info][gc,cpu         ] GC(263) User=0.05s Sys=0.00s Real=0.00s
[709.487s][info][gc,start       ] GC(264) Pause Young (Allocation Failure)
[709.490s][info][gc,heap        ] GC(264) PSYoungGen: 1378475K(1385984K)->6089K(1385472K) Eden: 1373696K(1373696K)->0K(1373696K) From: 4779K(12288K)->6089K(11776K)
[709.490s][info][gc,heap        ] GC(264) ParOldGen: 85145K(2796544K)->88209K(2796544K)
[709.490s][info][gc,metaspace   ] GC(264) Metaspace: 78089K(79424K)->78089K(79424K) NonClass: 68525K(69120K)->68525K(69120K) Class: 9563K(10304K)->9563K(10304K)
[709.490s][info][gc             ] GC(264) Pause Young (Allocation Failure) 1429M->92M(4084M) 3.073ms
[709.490s][info][gc,cpu         ] GC(264) User=0.00s Sys=0.00s Real=0.01s
[713.997s][info][gc,start       ] GC(265) Pause Young (Allocation Failure)
[713.999s][info][gc,heap        ] GC(265) PSYoungGen: 1378230K(1385472K)->3953K(1386496K) Eden: 1372140K(1373696K)->0K(1375232K) From: 6089K(11776K)->3953K(11264K)
[713.999s][info][gc,heap        ] GC(265) ParOldGen: 88209K(2796544K)->92549K(2796544K)
[713.999s][info][gc,metaspace   ] GC(265) Metaspace: 78089K(79424K)->78089K(79424K) NonClass: 68525K(69120K)->68525K(69120K) Class: 9563K(10304K)->9563K(10304K)
[713.999s][info][gc             ] GC(265) Pause Young (Allocation Failure) 1432M->94M(4085M) 2.625ms
[713.999s][info][gc,cpu         ] GC(265) User=0.00s Sys=0.00s Real=0.00s
[716.197s][info][gc,start       ] GC(266) Pause Young (Allocation Failure)
[716.201s][info][gc,heap        ] GC(266) PSYoungGen: 1378867K(1386496K)->6207K(1386496K) Eden: 1374913K(1375232K)->0K(1375232K) From: 3953K(11264K)->6207K(11264K)
[716.201s][info][gc,heap        ] GC(266) ParOldGen: 92549K(2796544K)->95485K(2796544K)
[716.201s][info][gc,metaspace   ] GC(266) Metaspace: 78091K(79424K)->78091K(79424K) NonClass: 68527K(69120K)->68527K(69120K) Class: 9563K(10304K)->9563K(10304K)
[716.201s][info][gc             ] GC(266) Pause Young (Allocation Failure) 1436M->99M(4085M) 3.722ms
[716.201s][info][gc,cpu         ] GC(266) User=0.06s Sys=0.00s Real=0.00s
[720.398s][info][gc,start       ] GC(267) Pause Young (Allocation Failure)
[720.401s][info][gc,heap        ] GC(267) PSYoungGen: 1378951K(1386496K)->5180K(1387008K) Eden: 1372743K(1375232K)->0K(1376256K) From: 6207K(11264K)->5180K(10752K)
[720.401s][info][gc,heap        ] GC(267) ParOldGen: 95485K(2796544K)->100115K(2796544K)
[720.401s][info][gc,metaspace   ] GC(267) Metaspace: 78091K(79424K)->78091K(79424K) NonClass: 68527K(69120K)->68527K(69120K) Class: 9563K(10304K)->9563K(10304K)
[720.401s][info][gc             ] GC(267) Pause Young (Allocation Failure) 1439M->102M(4085M) 3.199ms
[720.401s][info][gc,cpu         ] GC(267) User=0.00s Sys=0.00s Real=0.00s
[723.355s][info][gc,start       ] GC(268) Pause Young (Allocation Failure)
[723.358s][info][gc,heap        ] GC(268) PSYoungGen: 1381436K(1387008K)->6241K(1387008K) Eden: 1376256K(1376256K)->0K(1376256K) From: 5180K(10752K)->6241K(10752K)
[723.358s][info][gc,heap        ] GC(268) ParOldGen: 100115K(2796544K)->103950K(2796544K)
[723.358s][info][gc,metaspace   ] GC(268) Metaspace: 78091K(79424K)->78091K(79424K) NonClass: 68527K(69120K)->68527K(69120K) Class: 9563K(10304K)->9563K(10304K)
[723.358s][info][gc             ] GC(268) Pause Young (Allocation Failure) 1446M->107M(4085M) 2.935ms
[723.358s][info][gc,cpu         ] GC(268) User=0.00s Sys=0.00s Real=0.00s
[725.623s][info][gc,start       ] GC(269) Pause Young (Allocation Failure)
[725.627s][info][gc,heap        ] GC(269) PSYoungGen: 1382497K(1387008K)->7808K(1386496K) Eden: 1376256K(1376256K)->0K(1376256K) From: 6241K(10752K)->7808K(10240K)
[725.627s][info][gc,heap        ] GC(269) ParOldGen: 103950K(2796544K)->108096K(2796544K)
[725.627s][info][gc,metaspace   ] GC(269) Metaspace: 78091K(79424K)->78091K(79424K) NonClass: 68527K(69120K)->68527K(69120K) Class: 9563K(10304K)->9563K(10304K)
[725.627s][info][gc             ] GC(269) Pause Young (Allocation Failure) 1451M->113M(4085M) 3.552ms
[725.627s][info][gc,cpu         ] GC(269) User=0.00s Sys=0.00s Real=0.00s
[728.019s][info][gc,start       ] GC(270) Pause Young (Allocation Failure)
[728.023s][info][gc,heap        ] GC(270) PSYoungGen: 1384064K(1386496K)->5824K(1387008K) Eden: 1376256K(1376256K)->0K(1376256K) From: 7808K(10240K)->5824K(10752K)
[728.023s][info][gc,heap        ] GC(270) ParOldGen: 108096K(2796544K)->113025K(2796544K)
[728.023s][info][gc,metaspace   ] GC(270) Metaspace: 78091K(79424K)->78091K(79424K) NonClass: 68527K(69120K)->68527K(69120K) Class: 9563K(10304K)->9563K(10304K)
[728.023s][info][gc             ] GC(270) Pause Young (Allocation Failure) 1457M->116M(4085M) 3.620ms
[728.023s][info][gc,cpu         ] GC(270) User=0.00s Sys=0.00s Real=0.01s
[730.725s][info][gc,start       ] GC(271) Pause Young (Allocation Failure)
[730.729s][info][gc,heap        ] GC(271) PSYoungGen: 1378471K(1387008K)->5330K(1388032K) Eden: 1372647K(1376256K)->0K(1377792K) From: 5824K(10752K)->5330K(10240K)
[730.729s][info][gc,heap        ] GC(271) ParOldGen: 113025K(2796544K)->117605K(2796544K)
[730.729s][info][gc,metaspace   ] GC(271) Metaspace: 78091K(79424K)->78091K(79424K) NonClass: 68527K(69120K)->68527K(69120K) Class: 9563K(10304K)->9563K(10304K)
[730.729s][info][gc             ] GC(271) Pause Young (Allocation Failure) 1456M->120M(4086M) 4.094ms
[730.730s][info][gc,cpu         ] GC(271) User=0.00s Sys=0.00s Real=0.00s
[734.157s][info][gc,start       ] GC(272) Pause Young (Allocation Failure)
[734.160s][info][gc,heap        ] GC(272) PSYoungGen: 1383122K(1388032K)->5852K(1387520K) Eden: 1377792K(1377792K)->0K(1377792K) From: 5330K(10240K)->5852K(9728K)
[734.160s][info][gc,heap        ] GC(272) ParOldGen: 117605K(2796544K)->120214K(2796544K)
[734.160s][info][gc,metaspace   ] GC(272) Metaspace: 78092K(79424K)->78092K(79424K) NonClass: 68528K(69120K)->68528K(69120K) Class: 9563K(10304K)->9563K(10304K)
[734.160s][info][gc             ] GC(272) Pause Young (Allocation Failure) 1465M->123M(4086M) 2.994ms
[734.160s][info][gc,cpu         ] GC(272) User=0.00s Sys=0.00s Real=0.00s
[734.434s][info][gc,start       ] GC(273) Pause Young (System.gc())
[734.435s][info][gc,heap        ] GC(273) PSYoungGen: 318772K(1387520K)->544K(1387008K) Eden: 312920K(1377792K)->0K(1377280K) From: 5852K(9728K)->544K(9728K)
[734.435s][info][gc,heap        ] GC(273) ParOldGen: 120214K(2796544K)->122649K(2796544K)
[734.435s][info][gc,metaspace   ] GC(273) Metaspace: 78092K(79424K)->78092K(79424K) NonClass: 68528K(69120K)->68528K(69120K) Class: 9563K(10304K)->9563K(10304K)
[734.435s][info][gc             ] GC(273) Pause Young (System.gc()) 428M->120M(4085M) 1.574ms
[734.436s][info][gc,cpu         ] GC(273) User=0.00s Sys=0.00s Real=0.00s
[734.436s][info][gc,start       ] GC(274) Pause Full (System.gc())
[734.436s][info][gc,phases,start] GC(274) Marking Phase
[734.460s][info][gc,phases      ] GC(274) Marking Phase 24.700ms
[734.460s][info][gc,phases,start] GC(274) Summary Phase
[734.460s][info][gc,phases      ] GC(274) Summary Phase 0.011ms
[734.460s][info][gc,phases,start] GC(274) Adjust Roots
[734.471s][info][gc,phases      ] GC(274) Adjust Roots 10.323ms
[734.471s][info][gc,phases,start] GC(274) Compaction Phase
[734.482s][info][gc,phases      ] GC(274) Compaction Phase 11.402ms
[734.482s][info][gc,phases,start] GC(274) Post Compact
[734.483s][info][gc,phases      ] GC(274) Post Compact 1.044ms
[734.483s][info][gc,heap        ] GC(274) PSYoungGen: 544K(1387008K)->0K(1387008K) Eden: 0K(1377280K)->0K(1377280K) From: 544K(9728K)->0K(9728K)
[734.483s][info][gc,heap        ] GC(274) ParOldGen: 122649K(2796544K)->78627K(2796544K)
[734.483s][info][gc,metaspace   ] GC(274) Metaspace: 78092K(79424K)->78092K(79424K) NonClass: 68528K(69120K)->68528K(69120K) Class: 9563K(10304K)->9563K(10304K)
[734.483s][info][gc             ] GC(274) Pause Full (System.gc()) 120M->76M(4085M) 47.814ms
[734.483s][info][gc,cpu         ] GC(274) User=0.09s Sys=0.02s Real=0.05s
[737.742s][info][gc,start       ] GC(275) Pause Young (Allocation Failure)
[737.745s][info][gc,heap        ] GC(275) PSYoungGen: 1377280K(1387008K)->5153K(1387520K) Eden: 1377280K(1377280K)->0K(1377280K) From: 0K(9728K)->5153K(10240K)
[737.745s][info][gc,heap        ] GC(275) ParOldGen: 78627K(2796544K)->78627K(2796544K)
[737.745s][info][gc,metaspace   ] GC(275) Metaspace: 78092K(79424K)->78092K(79424K) NonClass: 68529K(69120K)->68529K(69120K) Class: 9563K(10304K)->9563K(10304K)
[737.745s][info][gc             ] GC(275) Pause Young (Allocation Failure) 1421M->81M(4086M) 2.598ms
[737.745s][info][gc,cpu         ] GC(275) User=0.00s Sys=0.00s Real=0.00s
[740.490s][info][gc,start       ] GC(276) Pause Young (Allocation Failure)
[740.494s][info][gc,heap        ] GC(276) PSYoungGen: 1382112K(1387520K)->9707K(1378816K) Eden: 1376959K(1377280K)->0K(1369088K) From: 5153K(10240K)->9707K(9728K)
[740.494s][info][gc,heap        ] GC(276) ParOldGen: 78627K(2796544K)->87640K(2796544K)
[740.494s][info][gc,metaspace   ] GC(276) Metaspace: 78092K(79424K)->78092K(79424K) NonClass: 68529K(69120K)->68529K(69120K) Class: 9563K(10304K)->9563K(10304K)
[740.494s][info][gc             ] GC(276) Pause Young (Allocation Failure) 1426M->95M(4077M) 3.705ms
[740.494s][info][gc,cpu         ] GC(276) User=0.00s Sys=0.00s Real=0.00s
[744.513s][info][gc,start       ] GC(277) Pause Young (Allocation Failure)
[744.516s][info][gc,heap        ] GC(277) PSYoungGen: 1378795K(1378816K)->4659K(1383424K) Eden: 1369088K(1369088K)->0K(1369088K) From: 9707K(9728K)->4659K(14336K)
[744.516s][info][gc,heap        ] GC(277) ParOldGen: 87640K(2796544K)->90509K(2796544K)
[744.516s][info][gc,metaspace   ] GC(277) Metaspace: 78092K(79424K)->78092K(79424K) NonClass: 68529K(69120K)->68529K(69120K) Class: 9563K(10304K)->9563K(10304K)
[744.516s][info][gc             ] GC(277) Pause Young (Allocation Failure) 1432M->92M(4082M) 2.877ms
[744.516s][info][gc,cpu         ] GC(277) User=0.00s Sys=0.00s Real=0.00s
[747.102s][info][gc,start       ] GC(278) Pause Young (Allocation Failure)
[747.105s][info][gc,heap        ] GC(278) PSYoungGen: 1373747K(1383424K)->5926K(1384448K) Eden: 1369088K(1369088K)->0K(1370624K) From: 4659K(14336K)->5926K(13824K)
[747.105s][info][gc,heap        ] GC(278) ParOldGen: 90509K(2796544K)->93609K(2796544K)
[747.105s][info][gc,metaspace   ] GC(278) Metaspace: 78092K(79424K)->78092K(79424K) NonClass: 68529K(69120K)->68529K(69120K) Class: 9563K(10304K)->9563K(10304K)
[747.105s][info][gc             ] GC(278) Pause Young (Allocation Failure) 1429M->97M(4083M) 2.873ms
[747.105s][info][gc,cpu         ] GC(278) User=0.00s Sys=0.00s Real=0.00s
[751.569s][info][gc,start       ] GC(279) Pause Young (Allocation Failure)
[751.572s][info][gc,heap        ] GC(279) PSYoungGen: 1376549K(1384448K)->3959K(1383936K) Eden: 1370623K(1370624K)->0K(1370624K) From: 5926K(13824K)->3959K(13312K)
[751.572s][info][gc,heap        ] GC(279) ParOldGen: 93609K(2796544K)->97864K(2796544K)
[751.572s][info][gc,metaspace   ] GC(279) Metaspace: 78092K(79424K)->78092K(79424K) NonClass: 68529K(69120K)->68529K(69120K) Class: 9563K(10304K)->9563K(10304K)
[751.572s][info][gc             ] GC(279) Pause Young (Allocation Failure) 1435M->99M(4082M) 2.599ms
[751.572s][info][gc,cpu         ] GC(279) User=0.00s Sys=0.00s Real=0.00s
[753.749s][info][gc,start       ] GC(280) Pause Young (Allocation Failure)
[753.752s][info][gc,heap        ] GC(280) PSYoungGen: 1374583K(1383936K)->6509K(1385472K) Eden: 1370624K(1370624K)->0K(1372672K) From: 3959K(13312K)->6509K(12800K)
[753.752s][info][gc,heap        ] GC(280) ParOldGen: 97864K(2796544K)->100788K(2796544K)
[753.752s][info][gc,metaspace   ] GC(280) Metaspace: 78093K(79424K)->78093K(79424K) NonClass: 68530K(69120K)->68530K(69120K) Class: 9563K(10304K)->9563K(10304K)
[753.752s][info][gc             ] GC(280) Pause Young (Allocation Failure) 1437M->104M(4084M) 2.995ms
[753.752s][info][gc,cpu         ] GC(280) User=0.00s Sys=0.00s Real=0.01s
[757.923s][info][gc,start       ] GC(281) Pause Young (Allocation Failure)
[757.927s][info][gc,heap        ] GC(281) PSYoungGen: 1379181K(1385472K)->6853K(1384960K) Eden: 1372672K(1372672K)->0K(1372672K) From: 6509K(12800K)->6853K(12288K)
[757.927s][info][gc,heap        ] GC(281) ParOldGen: 100788K(2796544K)->105422K(2796544K)
[757.927s][info][gc,metaspace   ] GC(281) Metaspace: 78093K(79424K)->78093K(79424K) NonClass: 68530K(69120K)->68530K(69120K) Class: 9563K(10304K)->9563K(10304K)
[757.927s][info][gc             ] GC(281) Pause Young (Allocation Failure) 1445M->109M(4083M) 4.015ms
[757.927s][info][gc,cpu         ] GC(281) User=0.00s Sys=0.00s Real=0.01s
[760.862s][info][gc,start       ] GC(282) Pause Young (Allocation Failure)
[760.865s][info][gc,heap        ] GC(282) PSYoungGen: 1375979K(1384960K)->4953K(1385984K) Eden: 1369125K(1372672K)->0K(1373696K) From: 6853K(12288K)->4953K(12288K)
[760.865s][info][gc,heap        ] GC(282) ParOldGen: 105422K(2796544K)->109376K(2796544K)
[760.865s][info][gc,metaspace   ] GC(282) Metaspace: 78093K(79424K)->78093K(79424K) NonClass: 68530K(69120K)->68530K(69120K) Class: 9563K(10304K)->9563K(10304K)
[760.865s][info][gc             ] GC(282) Pause Young (Allocation Failure) 1446M->111M(4084M) 3.233ms
[760.865s][info][gc,cpu         ] GC(282) User=0.00s Sys=0.00s Real=0.01s
[763.119s][info][gc,start       ] GC(283) Pause Young (Allocation Failure)
[763.125s][info][gc,heap        ] GC(283) PSYoungGen: 1378649K(1385984K)->5962K(1385472K) Eden: 1373696K(1373696K)->0K(1373696K) From: 4953K(12288K)->5962K(11776K)
[763.125s][info][gc,heap        ] GC(283) ParOldGen: 109376K(2796544K)->113423K(2796544K)
[763.125s][info][gc,metaspace   ] GC(283) Metaspace: 78094K(79424K)->78094K(79424K) NonClass: 68531K(69120K)->68531K(69120K) Class: 9563K(10304K)->9563K(10304K)
[763.125s][info][gc             ] GC(283) Pause Young (Allocation Failure) 1453M->116M(4084M) 5.258ms
[763.125s][info][gc,cpu         ] GC(283) User=0.02s Sys=0.00s Real=0.01s
[765.576s][info][gc,start       ] GC(284) Pause Young (Allocation Failure)
[765.579s][info][gc,heap        ] GC(284) PSYoungGen: 1379658K(1385472K)->5644K(1387008K) Eden: 1373696K(1373696K)->0K(1375744K) From: 5962K(11776K)->5644K(11264K)
[765.579s][info][gc,heap        ] GC(284) ParOldGen: 113423K(2796544K)->118350K(2796544K)
[765.579s][info][gc,metaspace   ] GC(284) Metaspace: 78094K(79424K)->78094K(79424K) NonClass: 68531K(69120K)->68531K(69120K) Class: 9563K(10304K)->9563K(10304K)
[765.579s][info][gc             ] GC(284) Pause Young (Allocation Failure) 1458M->121M(4085M) 3.627ms
[765.580s][info][gc,cpu         ] GC(284) User=0.00s Sys=0.00s Real=0.02s
[768.311s][info][gc,start       ] GC(285) Pause Young (Allocation Failure)
[768.315s][info][gc,heap        ] GC(285) PSYoungGen: 1378409K(1387008K)->10722K(1386496K) Eden: 1372764K(1375744K)->0K(1375744K) From: 5644K(11264K)->10722K(10752K)
[768.315s][info][gc,heap        ] GC(285) ParOldGen: 118350K(2796544K)->131533K(2796544K)
[768.315s][info][gc,metaspace   ] GC(285) Metaspace: 78097K(79424K)->78097K(79424K) NonClass: 68534K(69120K)->68534K(69120K) Class: 9563K(10304K)->9563K(10304K)
[768.315s][info][gc             ] GC(285) Pause Young (Allocation Failure) 1461M->138M(4085M) 4.563ms
[768.315s][info][gc,cpu         ] GC(285) User=0.00s Sys=0.00s Real=0.00s
[771.641s][info][gc,start       ] GC(286) Pause Young (Allocation Failure)
[771.644s][info][gc,heap        ] GC(286) PSYoungGen: 1386466K(1386496K)->5400K(1376256K) Eden: 1375744K(1375744K)->0K(1364992K) From: 10722K(10752K)->5400K(11264K)
[771.644s][info][gc,heap        ] GC(286) ParOldGen: 131533K(2796544K)->134175K(2796544K)
[771.644s][info][gc,metaspace   ] GC(286) Metaspace: 78097K(79424K)->78097K(79424K) NonClass: 68534K(69120K)->68534K(69120K) Class: 9563K(10304K)->9563K(10304K)
[771.644s][info][gc             ] GC(286) Pause Young (Allocation Failure) 1482M->136M(4075M) 2.783ms
[771.644s][info][gc,cpu         ] GC(286) User=0.00s Sys=0.00s Real=0.00s
[772.013s][info][gc,start       ] GC(287) Pause Young (System.gc())
[772.014s][info][gc,heap        ] GC(287) PSYoungGen: 384341K(1376256K)->559K(1366016K) Eden: 378941K(1364992K)->0K(1364992K) From: 5400K(11264K)->559K(1024K)
[772.014s][info][gc,heap        ] GC(287) ParOldGen: 134175K(2796544K)->136416K(2796544K)
[772.014s][info][gc,metaspace   ] GC(287) Metaspace: 78099K(79424K)->78099K(79424K) NonClass: 68535K(69120K)->68535K(69120K) Class: 9563K(10304K)->9563K(10304K)
[772.014s][info][gc             ] GC(287) Pause Young (System.gc()) 506M->133M(4065M) 1.511ms
[772.014s][info][gc,cpu         ] GC(287) User=0.00s Sys=0.00s Real=0.00s
[772.014s][info][gc,start       ] GC(288) Pause Full (System.gc())
[772.014s][info][gc,phases,start] GC(288) Marking Phase
[772.040s][info][gc,phases      ] GC(288) Marking Phase 25.197ms
[772.040s][info][gc,phases,start] GC(288) Summary Phase
[772.040s][info][gc,phases      ] GC(288) Summary Phase 0.011ms
[772.040s][info][gc,phases,start] GC(288) Adjust Roots
[772.050s][info][gc,phases      ] GC(288) Adjust Roots 10.447ms
[772.050s][info][gc,phases,start] GC(288) Compaction Phase
[772.061s][info][gc,phases      ] GC(288) Compaction Phase 11.335ms
[772.062s][info][gc,phases,start] GC(288) Post Compact
[772.063s][info][gc,phases      ] GC(288) Post Compact 1.115ms
[772.063s][info][gc,heap        ] GC(288) PSYoungGen: 559K(1366016K)->0K(1366016K) Eden: 0K(1364992K)->0K(1364992K) From: 559K(1024K)->0K(1024K)
[772.063s][info][gc,heap        ] GC(288) ParOldGen: 136416K(2796544K)->78370K(2796544K)
[772.063s][info][gc,metaspace   ] GC(288) Metaspace: 78099K(79424K)->78099K(79424K) NonClass: 68535K(69120K)->68535K(69120K) Class: 9563K(10304K)->9563K(10304K)
[772.063s][info][gc             ] GC(288) Pause Full (System.gc()) 133M->76M(4065M) 48.437ms
[772.063s][info][gc,cpu         ] GC(288) User=0.09s Sys=0.00s Real=0.05s
[775.337s][info][gc,start       ] GC(289) Pause Young (Allocation Failure)
[775.340s][info][gc,heap        ] GC(289) PSYoungGen: 1364992K(1366016K)->5233K(1381376K) Eden: 1364992K(1364992K)->0K(1364480K) From: 0K(1024K)->5233K(16896K)
[775.340s][info][gc,heap        ] GC(289) ParOldGen: 78370K(2796544K)->78370K(2796544K)
[775.340s][info][gc,metaspace   ] GC(289) Metaspace: 78099K(79424K)->78099K(79424K) NonClass: 68535K(69120K)->68535K(69120K) Class: 9563K(10304K)->9563K(10304K)
[775.340s][info][gc             ] GC(289) Pause Young (Allocation Failure) 1409M->81M(4080M) 2.408ms
[775.340s][info][gc,cpu         ] GC(289) User=0.09s Sys=0.00s Real=0.00s
[778.152s][info][gc,start       ] GC(290) Pause Young (Allocation Failure)
[778.157s][info][gc,heap        ] GC(290) PSYoungGen: 1365849K(1381376K)->13953K(1378816K) Eden: 1360616K(1364480K)->0K(1364480K) From: 5233K(16896K)->13953K(14336K)
[778.157s][info][gc,heap        ] GC(290) ParOldGen: 78370K(2796544K)->90582K(2796544K)
[778.157s][info][gc,metaspace   ] GC(290) Metaspace: 78099K(79424K)->78099K(79424K) NonClass: 68535K(69120K)->68535K(69120K) Class: 9563K(10304K)->9563K(10304K)
[778.157s][info][gc             ] GC(290) Pause Young (Allocation Failure) 1410M->102M(4077M) 4.749ms
[778.157s][info][gc,cpu         ] GC(290) User=0.00s Sys=0.00s Real=0.00s
[782.002s][info][gc,start       ] GC(291) Pause Young (Allocation Failure)
[782.005s][info][gc,heap        ] GC(291) PSYoungGen: 1378433K(1378816K)->4490K(1380352K) Eden: 1364480K(1364480K)->0K(1362432K) From: 13953K(14336K)->4490K(17920K)
[782.005s][info][gc,heap        ] GC(291) ParOldGen: 90582K(2796544K)->93247K(2796544K)
[782.005s][info][gc,metaspace   ] GC(291) Metaspace: 78099K(79424K)->78099K(79424K) NonClass: 68535K(69120K)->68535K(69120K) Class: 9563K(10304K)->9563K(10304K)
[782.005s][info][gc             ] GC(291) Pause Young (Allocation Failure) 1434M->95M(4079M) 2.544ms
[782.005s][info][gc,cpu         ] GC(291) User=0.00s Sys=0.00s Real=0.01s
[784.491s][info][gc,start       ] GC(292) Pause Young (Allocation Failure)
[784.494s][info][gc,heap        ] GC(292) PSYoungGen: 1366922K(1380352K)->5841K(1379840K) Eden: 1362432K(1362432K)->0K(1362432K) From: 4490K(17920K)->5841K(17408K)
[784.494s][info][gc,heap        ] GC(292) ParOldGen: 93247K(2796544K)->96270K(2796544K)
[784.494s][info][gc,metaspace   ] GC(292) Metaspace: 78099K(79424K)->78099K(79424K) NonClass: 68535K(69120K)->68535K(69120K) Class: 9563K(10304K)->9563K(10304K)
[784.494s][info][gc             ] GC(292) Pause Young (Allocation Failure) 1425M->99M(4078M) 2.840ms
[784.494s][info][gc,cpu         ] GC(292) User=0.00s Sys=0.00s Real=0.01s
[788.770s][info][gc,start       ] GC(293) Pause Young (Allocation Failure)
[788.773s][info][gc,heap        ] GC(293) PSYoungGen: 1368273K(1379840K)->4479K(1381376K) Eden: 1362432K(1362432K)->0K(1364992K) From: 5841K(17408K)->4479K(16384K)
[788.773s][info][gc,heap        ] GC(293) ParOldGen: 96270K(2796544K)->100560K(2796544K)
[788.773s][info][gc,metaspace   ] GC(293) Metaspace: 78099K(79424K)->78099K(79424K) NonClass: 68535K(69120K)->68535K(69120K) Class: 9563K(10304K)->9563K(10304K)
[788.773s][info][gc             ] GC(293) Pause Young (Allocation Failure) 1430M->102M(4080M) 2.835ms
[788.773s][info][gc,cpu         ] GC(293) User=0.00s Sys=0.00s Real=0.00s
[790.966s][info][gc,start       ] GC(294) Pause Young (Allocation Failure)
[790.969s][info][gc,heap        ] GC(294) PSYoungGen: 1369471K(1381376K)->7202K(1381376K) Eden: 1364992K(1364992K)->0K(1364992K) From: 4479K(16384K)->7202K(16384K)
[790.969s][info][gc,heap        ] GC(294) ParOldGen: 100560K(2796544K)->103409K(2796544K)
[790.969s][info][gc,metaspace   ] GC(294) Metaspace: 78099K(79424K)->78099K(79424K) NonClass: 68535K(69120K)->68535K(69120K) Class: 9563K(10304K)->9563K(10304K)
[790.969s][info][gc             ] GC(294) Pause Young (Allocation Failure) 1435M->108M(4080M) 3.144ms
[790.969s][info][gc,cpu         ] GC(294) User=0.00s Sys=0.00s Real=0.00s
[795.214s][info][gc,start       ] GC(295) Pause Young (Allocation Failure)
[795.217s][info][gc,heap        ] GC(295) PSYoungGen: 1372194K(1381376K)->6038K(1382912K) Eden: 1364992K(1364992K)->0K(1367552K) From: 7202K(16384K)->6038K(15360K)
[795.217s][info][gc,heap        ] GC(295) ParOldGen: 103409K(2796544K)->108061K(2796544K)
[795.217s][info][gc,metaspace   ] GC(295) Metaspace: 78099K(79424K)->78099K(79424K) NonClass: 68535K(69120K)->68535K(69120K) Class: 9563K(10304K)->9563K(10304K)
[795.217s][info][gc             ] GC(295) Pause Young (Allocation Failure) 1441M->111M(4081M) 3.280ms
[795.217s][info][gc,cpu         ] GC(295) User=0.09s Sys=0.00s Real=0.01s
[798.062s][info][gc,start       ] GC(296) Pause Young (Allocation Failure)
[798.065s][info][gc,heap        ] GC(296) PSYoungGen: 1373562K(1382912K)->4832K(1382400K) Eden: 1367524K(1367552K)->0K(1367552K) From: 6038K(15360K)->4832K(14848K)
[798.065s][info][gc,heap        ] GC(296) ParOldGen: 108061K(2796544K)->111927K(2796544K)
[798.065s][info][gc,metaspace   ] GC(296) Metaspace: 78099K(79424K)->78099K(79424K) NonClass: 68535K(69120K)->68535K(69120K) Class: 9563K(10304K)->9563K(10304K)
[798.065s][info][gc             ] GC(296) Pause Young (Allocation Failure) 1446M->114M(4081M) 2.685ms
[798.065s][info][gc,cpu         ] GC(296) User=0.00s Sys=0.00s Real=0.01s
[800.270s][info][gc,start       ] GC(297) Pause Young (Allocation Failure)
[800.273s][info][gc,heap        ] GC(297) PSYoungGen: 1372384K(1382400K)->6587K(1384448K) Eden: 1367552K(1367552K)->0K(1370112K) From: 4832K(14848K)->6587K(14336K)
[800.273s][info][gc,heap        ] GC(297) ParOldGen: 111927K(2796544K)->115902K(2796544K)
[800.273s][info][gc,metaspace   ] GC(297) Metaspace: 78099K(79424K)->78099K(79424K) NonClass: 68535K(69120K)->68535K(69120K) Class: 9563K(10304K)->9563K(10304K)
[800.273s][info][gc             ] GC(297) Pause Young (Allocation Failure) 1449M->119M(4083M) 3.210ms
[800.274s][info][gc,cpu         ] GC(297) User=0.00s Sys=0.00s Real=0.01s
[802.821s][info][gc,start       ] GC(298) Pause Young (Allocation Failure)
[802.825s][info][gc,heap        ] GC(298) PSYoungGen: 1376699K(1384448K)->5860K(1383424K) Eden: 1370112K(1370112K)->0K(1370112K) From: 6587K(14336K)->5860K(13312K)
[802.825s][info][gc,heap        ] GC(298) ParOldGen: 115902K(2796544K)->120845K(2796544K)
[802.825s][info][gc,metaspace   ] GC(298) Metaspace: 78099K(79424K)->78099K(79424K) NonClass: 68535K(69120K)->68535K(69120K) Class: 9563K(10304K)->9563K(10304K)
[802.825s][info][gc             ] GC(298) Pause Young (Allocation Failure) 1457M->123M(4082M) 3.470ms
[802.825s][info][gc,cpu         ] GC(298) User=0.08s Sys=0.00s Real=0.01s
[805.600s][info][gc,start       ] GC(299) Pause Young (Allocation Failure)
[805.606s][info][gc,heap        ] GC(299) PSYoungGen: 1374196K(1383424K)->12769K(1367552K) Eden: 1368335K(1370112K)->0K(1354752K) From: 5860K(13312K)->12769K(12800K)
[805.606s][info][gc,heap        ] GC(299) ParOldGen: 120845K(2796544K)->139628K(2796544K)
[805.606s][info][gc,metaspace   ] GC(299) Metaspace: 78099K(79424K)->78099K(79424K) NonClass: 68535K(69120K)->68535K(69120K) Class: 9563K(10304K)->9563K(10304K)
[805.606s][info][gc             ] GC(299) Pause Young (Allocation Failure) 1460M->148M(4066M) 5.897ms
[805.606s][info][gc,cpu         ] GC(299) User=0.09s Sys=0.00s Real=0.00s
[808.839s][info][gc,start       ] GC(300) Pause Young (Allocation Failure)
[808.841s][info][gc,heap        ] GC(300) PSYoungGen: 1367521K(1367552K)->8640K(1376256K) Eden: 1354752K(1354752K)->0K(1354752K) From: 12769K(12800K)->8640K(21504K)
[808.841s][info][gc,heap        ] GC(300) ParOldGen: 139628K(2796544K)->142512K(2796544K)
[808.841s][info][gc,metaspace   ] GC(300) Metaspace: 78099K(79424K)->78099K(79424K) NonClass: 68535K(69120K)->68535K(69120K) Class: 9563K(10304K)->9563K(10304K)
[808.842s][info][gc             ] GC(300) Pause Young (Allocation Failure) 1471M->147M(4075M) 2.842ms
[808.842s][info][gc,cpu         ] GC(300) User=0.08s Sys=0.02s Real=0.00s
[809.276s][info][gc,start       ] GC(301) Pause Young (System.gc())
[809.278s][info][gc,heap        ] GC(301) PSYoungGen: 441323K(1376256K)->768K(1377280K) Eden: 432683K(1354752K)->0K(1356800K) From: 8640K(21504K)->768K(20480K)
[809.278s][info][gc,heap        ] GC(301) ParOldGen: 142512K(2796544K)->148809K(2796544K)
[809.278s][info][gc,metaspace   ] GC(301) Metaspace: 78101K(79424K)->78101K(79424K) NonClass: 68537K(69120K)->68537K(69120K) Class: 9563K(10304K)->9563K(10304K)
[809.278s][info][gc             ] GC(301) Pause Young (System.gc()) 570M->146M(4076M) 2.108ms
[809.278s][info][gc,cpu         ] GC(301) User=0.09s Sys=0.00s Real=0.00s
[809.278s][info][gc,start       ] GC(302) Pause Full (System.gc())
[809.278s][info][gc,phases,start] GC(302) Marking Phase
[809.304s][info][gc,phases      ] GC(302) Marking Phase 25.499ms
[809.304s][info][gc,phases,start] GC(302) Summary Phase
[809.304s][info][gc,phases      ] GC(302) Summary Phase 0.011ms
[809.304s][info][gc,phases,start] GC(302) Adjust Roots
[809.314s][info][gc,phases      ] GC(302) Adjust Roots 10.094ms
[809.314s][info][gc,phases,start] GC(302) Compaction Phase
[809.326s][info][gc,phases      ] GC(302) Compaction Phase 11.720ms
[809.326s][info][gc,phases,start] GC(302) Post Compact
[809.327s][info][gc,phases      ] GC(302) Post Compact 1.379ms
[809.327s][info][gc,heap        ] GC(302) PSYoungGen: 768K(1377280K)->0K(1377280K) Eden: 0K(1356800K)->0K(1356800K) From: 768K(20480K)->0K(20480K)
[809.327s][info][gc,heap        ] GC(302) ParOldGen: 148809K(2796544K)->78751K(2796544K)
[809.328s][info][gc,metaspace   ] GC(302) Metaspace: 78101K(79424K)->78101K(79424K) NonClass: 68537K(69120K)->68537K(69120K) Class: 9563K(10304K)->9563K(10304K)
[809.328s][info][gc             ] GC(302) Pause Full (System.gc()) 146M->76M(4076M) 49.054ms
[809.328s][info][gc,cpu         ] GC(302) User=0.11s Sys=0.02s Real=0.05s
[812.564s][info][gc,start       ] GC(303) Pause Young (Allocation Failure)
[812.566s][info][gc,heap        ] GC(303) PSYoungGen: 1356800K(1377280K)->5631K(1377280K) Eden: 1356800K(1356800K)->0K(1356800K) From: 0K(20480K)->5631K(20480K)
[812.567s][info][gc,heap        ] GC(303) ParOldGen: 78751K(2796544K)->78751K(2796544K)
[812.567s][info][gc,metaspace   ] GC(303) Metaspace: 78101K(79424K)->78101K(79424K) NonClass: 68537K(69120K)->68537K(69120K) Class: 9563K(10304K)->9563K(10304K)
[812.567s][info][gc             ] GC(303) Pause Young (Allocation Failure) 1401M->82M(4076M) 2.933ms
[812.567s][info][gc,cpu         ] GC(303) User=0.00s Sys=0.00s Real=0.00s
[815.303s][info][gc,start       ] GC(304) Pause Young (Allocation Failure)
[815.306s][info][gc,heap        ] GC(304) PSYoungGen: 1361254K(1377280K)->4764K(1378304K) Eden: 1355623K(1356800K)->0K(1358336K) From: 5631K(20480K)->4764K(19968K)
[815.306s][info][gc,heap        ] GC(304) ParOldGen: 78751K(2796544K)->83098K(2796544K)
[815.306s][info][gc,metaspace   ] GC(304) Metaspace: 78101K(79424K)->78101K(79424K) NonClass: 68537K(69120K)->68537K(69120K) Class: 9563K(10304K)->9563K(10304K)
[815.306s][info][gc             ] GC(304) Pause Young (Allocation Failure) 1406M->85M(4077M) 2.940ms
[815.306s][info][gc,cpu         ] GC(304) User=0.00s Sys=0.00s Real=0.02s
[818.925s][info][gc,start       ] GC(305) Pause Young (Allocation Failure)
[818.927s][info][gc,heap        ] GC(305) PSYoungGen: 1363100K(1378304K)->5162K(1377792K) Eden: 1358336K(1358336K)->0K(1358336K) From: 4764K(19968K)->5162K(19456K)
[818.927s][info][gc,heap        ] GC(305) ParOldGen: 83098K(2796544K)->85804K(2796544K)
[818.927s][info][gc,metaspace   ] GC(305) Metaspace: 78126K(79424K)->78126K(79424K) NonClass: 68562K(69120K)->68562K(69120K) Class: 9563K(10304K)->9563K(10304K)
[818.927s][info][gc             ] GC(305) Pause Young (Allocation Failure) 1412M->88M(4076M) 2.535ms
[818.927s][info][gc,cpu         ] GC(305) User=0.00s Sys=0.00s Real=0.01s
[821.590s][info][gc,start       ] GC(306) Pause Young (Allocation Failure)
[821.593s][info][gc,heap        ] GC(306) PSYoungGen: 1363498K(1377792K)->7079K(1380352K) Eden: 1358336K(1358336K)->0K(1361920K) From: 5162K(19456K)->7079K(18432K)
[821.593s][info][gc,heap        ] GC(306) ParOldGen: 85804K(2796544K)->88793K(2796544K)
[821.593s][info][gc,metaspace   ] GC(306) Metaspace: 78126K(79424K)->78126K(79424K) NonClass: 68562K(69120K)->68562K(69120K) Class: 9563K(10304K)->9563K(10304K)
[821.593s][info][gc             ] GC(306) Pause Young (Allocation Failure) 1415M->93M(4079M) 3.833ms
[821.594s][info][gc,cpu         ] GC(306) User=0.00s Sys=0.00s Real=0.00s
[825.931s][info][gc,start       ] GC(307) Pause Young (Allocation Failure)
[825.933s][info][gc,heap        ] GC(307) PSYoungGen: 1368999K(1380352K)->5506K(1379328K) Eden: 1361920K(1361920K)->0K(1361920K) From: 7079K(18432K)->5506K(17408K)
[825.933s][info][gc,heap        ] GC(307) ParOldGen: 88793K(2796544K)->93160K(2796544K)
[825.933s][info][gc,metaspace   ] GC(307) Metaspace: 78126K(79424K)->78126K(79424K) NonClass: 68562K(69120K)->68562K(69120K) Class: 9563K(10304K)->9563K(10304K)
[825.933s][info][gc             ] GC(307) Pause Young (Allocation Failure) 1423M->96M(4078M) 2.856ms
[825.934s][info][gc,cpu         ] GC(307) User=0.09s Sys=0.00s Real=0.01s
[828.071s][info][gc,start       ] GC(308) Pause Young (Allocation Failure)
[828.074s][info][gc,heap        ] GC(308) PSYoungGen: 1367426K(1379328K)->6532K(1381888K) Eden: 1361920K(1361920K)->0K(1364992K) From: 5506K(17408K)->6532K(16896K)
[828.074s][info][gc,heap        ] GC(308) ParOldGen: 93160K(2796544K)->95988K(2796544K)
[828.074s][info][gc,metaspace   ] GC(308) Metaspace: 78126K(79424K)->78126K(79424K) NonClass: 68562K(69120K)->68562K(69120K) Class: 9563K(10304K)->9563K(10304K)
[828.074s][info][gc             ] GC(308) Pause Young (Allocation Failure) 1426M->100M(4080M) 3.089ms
[828.074s][info][gc,cpu         ] GC(308) User=0.02s Sys=0.00s Real=0.00s
[832.389s][info][gc,start       ] GC(309) Pause Young (Allocation Failure)
[832.394s][info][gc,heap        ] GC(309) PSYoungGen: 1371524K(1381888K)->8741K(1380864K) Eden: 1364992K(1364992K)->0K(1364992K) From: 6532K(16896K)->8741K(15872K)
[832.394s][info][gc,heap        ] GC(309) ParOldGen: 95988K(2796544K)->100650K(2796544K)
[832.394s][info][gc,metaspace   ] GC(309) Metaspace: 78126K(79424K)->78126K(79424K) NonClass: 68562K(69120K)->68562K(69120K) Class: 9563K(10304K)->9563K(10304K)
[832.394s][info][gc             ] GC(309) Pause Young (Allocation Failure) 1433M->106M(4079M) 5.035ms
[832.394s][info][gc,cpu         ] GC(309) User=0.00s Sys=0.00s Real=0.00s
[835.233s][info][gc,start       ] GC(310) Pause Young (Allocation Failure)
[835.236s][info][gc,heap        ] GC(310) PSYoungGen: 1373009K(1380864K)->5069K(1382400K) Eden: 1364267K(1364992K)->0K(1366528K) From: 8741K(15872K)->5069K(15872K)
[835.236s][info][gc,heap        ] GC(310) ParOldGen: 100650K(2796544K)->104601K(2796544K)
[835.236s][info][gc,metaspace   ] GC(310) Metaspace: 78126K(79424K)->78126K(79424K) NonClass: 68562K(69120K)->68562K(69120K) Class: 9563K(10304K)->9563K(10304K)
[835.236s][info][gc             ] GC(310) Pause Young (Allocation Failure) 1439M->107M(4081M) 2.860ms
[835.236s][info][gc,cpu         ] GC(310) User=0.00s Sys=0.00s Real=0.00s
[837.391s][info][gc,start       ] GC(311) Pause Young (Allocation Failure)
[837.394s][info][gc,heap        ] GC(311) PSYoungGen: 1371597K(1382400K)->6454K(1381888K) Eden: 1366528K(1366528K)->0K(1366528K) From: 5069K(15872K)->6454K(15360K)
[837.394s][info][gc,heap        ] GC(311) ParOldGen: 104601K(2796544K)->108549K(2796544K)
[837.394s][info][gc,metaspace   ] GC(311) Metaspace: 78127K(79424K)->78127K(79424K) NonClass: 68563K(69120K)->68563K(69120K) Class: 9563K(10304K)->9563K(10304K)
[837.394s][info][gc             ] GC(311) Pause Young (Allocation Failure) 1441M->112M(4080M) 3.129ms
[837.394s][info][gc,cpu         ] GC(311) User=0.00s Sys=0.00s Real=0.00s
[840.052s][info][gc,start       ] GC(312) Pause Young (Allocation Failure)
[840.055s][info][gc,heap        ] GC(312) PSYoungGen: 1371137K(1381888K)->5834K(1383936K) Eden: 1364682K(1366528K)->0K(1369600K) From: 6454K(15360K)->5834K(14336K)
[840.055s][info][gc,heap        ] GC(312) ParOldGen: 108549K(2796544K)->113544K(2796544K)
[840.055s][info][gc,metaspace   ] GC(312) Metaspace: 78127K(79424K)->78127K(79424K) NonClass: 68563K(69120K)->68563K(69120K) Class: 9563K(10304K)->9563K(10304K)
[840.055s][info][gc             ] GC(312) Pause Young (Allocation Failure) 1445M->116M(4082M) 3.418ms
[840.056s][info][gc,cpu         ] GC(312) User=0.00s Sys=0.00s Real=0.01s
[842.897s][info][gc,start       ] GC(313) Pause Young (Allocation Failure)
[842.900s][info][gc,heap        ] GC(313) PSYoungGen: 1375434K(1383936K)->4965K(1383424K) Eden: 1369600K(1369600K)->0K(1369600K) From: 5834K(14336K)->4965K(13824K)
[842.901s][info][gc,heap        ] GC(313) ParOldGen: 113544K(2796544K)->118232K(2796544K)
[842.901s][info][gc,metaspace   ] GC(313) Metaspace: 78127K(79424K)->78127K(79424K) NonClass: 68563K(69120K)->68563K(69120K) Class: 9563K(10304K)->9563K(10304K)
[842.901s][info][gc             ] GC(313) Pause Young (Allocation Failure) 1454M->120M(4082M) 3.325ms
[842.901s][info][gc,cpu         ] GC(313) User=0.00s Sys=0.00s Real=0.00s
[846.167s][info][gc,start       ] GC(314) Pause Young (Allocation Failure)
[846.172s][info][gc,heap        ] GC(314) PSYoungGen: 1374565K(1383424K)->6977K(1384448K) Eden: 1369600K(1369600K)->0K(1370624K) From: 4965K(13824K)->6977K(13824K)
[846.172s][info][gc,heap        ] GC(314) ParOldGen: 118232K(2796544K)->120880K(2796544K)
[846.172s][info][gc,metaspace   ] GC(314) Metaspace: 78127K(79424K)->78127K(79424K) NonClass: 68563K(69120K)->68563K(69120K) Class: 9563K(10304K)->9563K(10304K)
[846.172s][info][gc             ] GC(314) Pause Young (Allocation Failure) 1457M->124M(4083M) 4.590ms
[846.172s][info][gc,cpu         ] GC(314) User=0.00s Sys=0.00s Real=0.01s
[846.613s][info][gc,start       ] GC(315) Pause Young (System.gc())
[846.615s][info][gc,heap        ] GC(315) PSYoungGen: 452680K(1384448K)->768K(1383936K) Eden: 445703K(1370624K)->0K(1370624K) From: 6977K(13824K)->768K(13312K)
[846.615s][info][gc,heap        ] GC(315) ParOldGen: 120880K(2796544K)->124825K(2796544K)
[846.615s][info][gc,metaspace   ] GC(315) Metaspace: 78129K(79424K)->78129K(79424K) NonClass: 68565K(69120K)->68565K(69120K) Class: 9563K(10304K)->9563K(10304K)
[846.615s][info][gc             ] GC(315) Pause Young (System.gc()) 560M->122M(4082M) 2.023ms
[846.615s][info][gc,cpu         ] GC(315) User=0.00s Sys=0.00s Real=0.00s
[846.615s][info][gc,start       ] GC(316) Pause Full (System.gc())
[846.615s][info][gc,phases,start] GC(316) Marking Phase
[846.642s][info][gc,phases      ] GC(316) Marking Phase 26.832ms
[846.642s][info][gc,phases,start] GC(316) Summary Phase
[846.642s][info][gc,phases      ] GC(316) Summary Phase 0.011ms
[846.642s][info][gc,phases,start] GC(316) Adjust Roots
[846.653s][info][gc,phases      ] GC(316) Adjust Roots 10.834ms
[846.653s][info][gc,phases,start] GC(316) Compaction Phase
[846.665s][info][gc,phases      ] GC(316) Compaction Phase 11.376ms
[846.665s][info][gc,phases,start] GC(316) Post Compact
[846.666s][info][gc,phases      ] GC(316) Post Compact 1.108ms
[846.666s][info][gc,heap        ] GC(316) PSYoungGen: 768K(1383936K)->0K(1383936K) Eden: 0K(1370624K)->0K(1370624K) From: 768K(13312K)->0K(13312K)
[846.666s][info][gc,heap        ] GC(316) ParOldGen: 124825K(2796544K)->79844K(2796544K)
[846.666s][info][gc,metaspace   ] GC(316) Metaspace: 78129K(79424K)->78129K(79424K) NonClass: 68565K(69120K)->68565K(69120K) Class: 9563K(10304K)->9563K(10304K)
[846.666s][info][gc             ] GC(316) Pause Full (System.gc()) 122M->77M(4082M) 50.464ms
[846.666s][info][gc,cpu         ] GC(316) User=0.12s Sys=0.00s Real=0.05s
[849.931s][info][gc,start       ] GC(317) Pause Young (Allocation Failure)
[849.933s][info][gc,heap        ] GC(317) PSYoungGen: 1370624K(1383936K)->5168K(1384960K) Eden: 1370624K(1370624K)->0K(1371648K) From: 0K(13312K)->5168K(13312K)
[849.933s][info][gc,heap        ] GC(317) ParOldGen: 79844K(2796544K)->79844K(2796544K)
[849.933s][info][gc,metaspace   ] GC(317) Metaspace: 78129K(79424K)->78129K(79424K) NonClass: 68565K(69120K)->68565K(69120K) Class: 9563K(10304K)->9563K(10304K)
[849.933s][info][gc             ] GC(317) Pause Young (Allocation Failure) 1416M->83M(4083M) 2.417ms
[849.933s][info][gc,cpu         ] GC(317) User=0.03s Sys=0.00s Real=0.00s
[852.675s][info][gc,start       ] GC(318) Pause Young (Allocation Failure)
[852.679s][info][gc,heap        ] GC(318) PSYoungGen: 1375376K(1384960K)->10456K(1382400K) Eden: 1370208K(1371648K)->0K(1371648K) From: 5168K(13312K)->10456K(10752K)
[852.679s][info][gc,heap        ] GC(318) ParOldGen: 79844K(2796544K)->83849K(2796544K)
[852.679s][info][gc,metaspace   ] GC(318) Metaspace: 78129K(79424K)->78129K(79424K) NonClass: 68565K(69120K)->68565K(69120K) Class: 9563K(10304K)->9563K(10304K)
[852.679s][info][gc             ] GC(318) Pause Young (Allocation Failure) 1421M->92M(4081M) 3.898ms
[852.679s][info][gc,cpu         ] GC(318) User=0.00s Sys=0.00s Real=0.00s
[856.646s][info][gc,start       ] GC(319) Pause Young (Allocation Failure)
[856.648s][info][gc,heap        ] GC(319) PSYoungGen: 1381185K(1382400K)->4099K(1383936K) Eden: 1370728K(1371648K)->0K(1370112K) From: 10456K(10752K)->4099K(13824K)
[856.648s][info][gc,heap        ] GC(319) ParOldGen: 83849K(2796544K)->86507K(2796544K)
[856.648s][info][gc,metaspace   ] GC(319) Metaspace: 78129K(79424K)->78129K(79424K) NonClass: 68565K(69120K)->68565K(69120K) Class: 9563K(10304K)->9563K(10304K)
[856.648s][info][gc             ] GC(319) Pause Young (Allocation Failure) 1430M->88M(4082M) 2.566ms
[856.649s][info][gc,cpu         ] GC(319) User=0.00s Sys=0.00s Real=0.01s
[859.076s][info][gc,start       ] GC(320) Pause Young (Allocation Failure)
[859.079s][info][gc,heap        ] GC(320) PSYoungGen: 1374211K(1383936K)->6028K(1383936K) Eden: 1370112K(1370112K)->0K(1370112K) From: 4099K(13824K)->6028K(13824K)
[859.079s][info][gc,heap        ] GC(320) ParOldGen: 86507K(2796544K)->89538K(2796544K)
[859.079s][info][gc,metaspace   ] GC(320) Metaspace: 78129K(79424K)->78129K(79424K) NonClass: 68565K(69120K)->68565K(69120K) Class: 9563K(10304K)->9563K(10304K)
[859.079s][info][gc             ] GC(320) Pause Young (Allocation Failure) 1426M->93M(4082M) 2.928ms
[859.079s][info][gc,cpu         ] GC(320) User=0.00s Sys=0.00s Real=0.00s
[863.568s][info][gc,start       ] GC(321) Pause Young (Allocation Failure)
[863.572s][info][gc,heap        ] GC(321) PSYoungGen: 1376140K(1383936K)->6224K(1385472K) Eden: 1370112K(1370112K)->0K(1372672K) From: 6028K(13824K)->6224K(12800K)
[863.573s][info][gc,heap        ] GC(321) ParOldGen: 89538K(2796544K)->93843K(2796544K)
[863.573s][info][gc,metaspace   ] GC(321) Metaspace: 78129K(79424K)->78129K(79424K) NonClass: 68565K(69120K)->68565K(69120K) Class: 9563K(10304K)->9563K(10304K)
[863.573s][info][gc             ] GC(321) Pause Young (Allocation Failure) 1431M->97M(4084M) 4.257ms
[863.573s][info][gc,cpu         ] GC(321) User=0.00s Sys=0.00s Real=0.00s
[865.741s][info][gc,start       ] GC(322) Pause Young (Allocation Failure)
[865.744s][info][gc,heap        ] GC(322) PSYoungGen: 1378896K(1385472K)->7347K(1384960K) Eden: 1372672K(1372672K)->0K(1372672K) From: 6224K(12800K)->7347K(12288K)
[865.744s][info][gc,heap        ] GC(322) ParOldGen: 93843K(2796544K)->96743K(2796544K)
[865.744s][info][gc,metaspace   ] GC(322) Metaspace: 78129K(79424K)->78129K(79424K) NonClass: 68565K(69120K)->68565K(69120K) Class: 9563K(10304K)->9563K(10304K)
[865.744s][info][gc             ] GC(322) Pause Young (Allocation Failure) 1438M->101M(4083M) 3.358ms
[865.744s][info][gc,cpu         ] GC(322) User=0.00s Sys=0.00s Real=0.02s
[869.798s][info][gc,start       ] GC(323) Pause Young (Allocation Failure)
[869.803s][info][gc,heap        ] GC(323) PSYoungGen: 1380019K(1384960K)->10740K(1383424K) Eden: 1372672K(1372672K)->0K(1371136K) From: 7347K(12288K)->10740K(12288K)
[869.803s][info][gc,heap        ] GC(323) ParOldGen: 96743K(2796544K)->101419K(2796544K)
[869.803s][info][gc,metaspace   ] GC(323) Metaspace: 78129K(79424K)->78129K(79424K) NonClass: 68565K(69120K)->68565K(69120K) Class: 9563K(10304K)->9563K(10304K)
[869.803s][info][gc             ] GC(323) Pause Young (Allocation Failure) 1442M->109M(4082M) 5.228ms
[869.803s][info][gc,cpu         ] GC(323) User=0.00s Sys=0.00s Real=0.00s
[872.836s][info][gc,start       ] GC(324) Pause Young (Allocation Failure)
[872.839s][info][gc,heap        ] GC(324) PSYoungGen: 1381876K(1383424K)->5357K(1384448K) Eden: 1371136K(1371136K)->0K(1371136K) From: 10740K(12288K)->5357K(13312K)
[872.839s][info][gc,heap        ] GC(324) ParOldGen: 101419K(2796544K)->105342K(2796544K)
[872.839s][info][gc,metaspace   ] GC(324) Metaspace: 78129K(79424K)->78129K(79424K) NonClass: 68565K(69120K)->68565K(69120K) Class: 9563K(10304K)->9563K(10304K)
[872.839s][info][gc             ] GC(324) Pause Young (Allocation Failure) 1448M->108M(4083M) 3.106ms
[872.839s][info][gc,cpu         ] GC(324) User=0.00s Sys=0.00s Real=0.00s
[875.097s][info][gc,start       ] GC(325) Pause Young (Allocation Failure)
[875.100s][info][gc,heap        ] GC(325) PSYoungGen: 1373597K(1384448K)->5748K(1385472K) Eden: 1368239K(1371136K)->0K(1372672K) From: 5357K(13312K)->5748K(12800K)
[875.100s][info][gc,heap        ] GC(325) ParOldGen: 105342K(2796544K)->109482K(2796544K)
[875.100s][info][gc,metaspace   ] GC(325) Metaspace: 78129K(79424K)->78129K(79424K) NonClass: 68565K(69120K)->68565K(69120K) Class: 9563K(10304K)->9563K(10304K)
[875.100s][info][gc             ] GC(325) Pause Young (Allocation Failure) 1444M->112M(4084M) 3.258ms
[875.100s][info][gc,cpu         ] GC(325) User=0.00s Sys=0.00s Real=0.01s
[877.454s][info][gc,start       ] GC(326) Pause Young (Allocation Failure)
[877.457s][info][gc,heap        ] GC(326) PSYoungGen: 1378420K(1385472K)->5613K(1384960K) Eden: 1372672K(1372672K)->0K(1372672K) From: 5748K(12800K)->5613K(12288K)
[877.457s][info][gc,heap        ] GC(326) ParOldGen: 109482K(2796544K)->114436K(2796544K)
[877.457s][info][gc,metaspace   ] GC(326) Metaspace: 78134K(79424K)->78134K(79424K) NonClass: 68570K(69120K)->68570K(69120K) Class: 9563K(10304K)->9563K(10304K)
[877.457s][info][gc             ] GC(326) Pause Young (Allocation Failure) 1453M->117M(4083M) 3.358ms
[877.457s][info][gc,cpu         ] GC(326) User=0.00s Sys=0.00s Real=0.01s
[880.222s][info][gc,start       ] GC(327) Pause Young (Allocation Failure)
[880.226s][info][gc,heap        ] GC(327) PSYoungGen: 1377784K(1384960K)->6575K(1386496K) Eden: 1372170K(1372672K)->0K(1374720K) From: 5613K(12288K)->6575K(11776K)
[880.226s][info][gc,heap        ] GC(327) ParOldGen: 114436K(2796544K)->119010K(2796544K)
[880.226s][info][gc,metaspace   ] GC(327) Metaspace: 78134K(79424K)->78134K(79424K) NonClass: 68570K(69120K)->68570K(69120K) Class: 9563K(10304K)->9563K(10304K)
[880.226s][info][gc             ] GC(327) Pause Young (Allocation Failure) 1457M->122M(4085M) 4.675ms
[880.226s][info][gc,cpu         ] GC(327) User=0.00s Sys=0.00s Real=0.00s
[883.625s][info][gc,start       ] GC(328) Pause Young (Allocation Failure)
[883.628s][info][gc,heap        ] GC(328) PSYoungGen: 1381295K(1386496K)->5093K(1385984K) Eden: 1374720K(1374720K)->0K(1374720K) From: 6575K(11776K)->5093K(11264K)
[883.628s][info][gc,heap        ] GC(328) ParOldGen: 119010K(2796544K)->121626K(2796544K)
[883.628s][info][gc,metaspace   ] GC(328) Metaspace: 78134K(79424K)->78134K(79424K) NonClass: 68570K(69120K)->68570K(69120K) Class: 9563K(10304K)->9563K(10304K)
[883.628s][info][gc             ] GC(328) Pause Young (Allocation Failure) 1465M->123M(4084M) 2.857ms
[883.628s][info][gc,cpu         ] GC(328) User=0.00s Sys=0.00s Real=0.01s
[883.916s][info][gc,start       ] GC(329) Pause Young (System.gc())
[883.918s][info][gc,heap        ] GC(329) PSYoungGen: 345930K(1385984K)->512K(1385472K) Eden: 340837K(1374720K)->0K(1374208K) From: 5093K(11264K)->512K(11264K)
[883.918s][info][gc,heap        ] GC(329) ParOldGen: 121626K(2796544K)->123943K(2796544K)
[883.918s][info][gc,metaspace   ] GC(329) Metaspace: 78140K(79424K)->78140K(79424K) NonClass: 68576K(69120K)->68576K(69120K) Class: 9563K(10304K)->9563K(10304K)
[883.918s][info][gc             ] GC(329) Pause Young (System.gc()) 456M->121M(4084M) 1.431ms
[883.918s][info][gc,cpu         ] GC(329) User=0.02s Sys=0.00s Real=0.00s
[883.918s][info][gc,start       ] GC(330) Pause Full (System.gc())
[883.918s][info][gc,phases,start] GC(330) Marking Phase
[883.944s][info][gc,phases      ] GC(330) Marking Phase 25.872ms
[883.944s][info][gc,phases,start] GC(330) Summary Phase
[883.944s][info][gc,phases      ] GC(330) Summary Phase 0.011ms
[883.944s][info][gc,phases,start] GC(330) Adjust Roots
[883.954s][info][gc,phases      ] GC(330) Adjust Roots 10.783ms
[883.954s][info][gc,phases,start] GC(330) Compaction Phase
[883.966s][info][gc,phases      ] GC(330) Compaction Phase 11.832ms
[883.966s][info][gc,phases,start] GC(330) Post Compact
[883.967s][info][gc,phases      ] GC(330) Post Compact 1.063ms
[883.968s][info][gc,heap        ] GC(330) PSYoungGen: 512K(1385472K)->0K(1385472K) Eden: 0K(1374208K)->0K(1374208K) From: 512K(11264K)->0K(11264K)
[883.968s][info][gc,heap        ] GC(330) ParOldGen: 123943K(2796544K)->78363K(2796544K)
[883.968s][info][gc,metaspace   ] GC(330) Metaspace: 78140K(79424K)->78140K(79424K) NonClass: 68576K(69120K)->68576K(69120K) Class: 9563K(10304K)->9563K(10304K)
[883.968s][info][gc             ] GC(330) Pause Full (System.gc()) 121M->76M(4084M) 49.875ms
[883.968s][info][gc,cpu         ] GC(330) User=0.12s Sys=0.00s Real=0.05s
[887.214s][info][gc,start       ] GC(331) Pause Young (Allocation Failure)
[887.217s][info][gc,heap        ] GC(331) PSYoungGen: 1374208K(1385472K)->5074K(1385984K) Eden: 1374208K(1374208K)->0K(1374208K) From: 0K(11264K)->5074K(11776K)
[887.217s][info][gc,heap        ] GC(331) ParOldGen: 78363K(2796544K)->78363K(2796544K)
[887.217s][info][gc,metaspace   ] GC(331) Metaspace: 78140K(79424K)->78140K(79424K) NonClass: 68576K(69120K)->68576K(69120K) Class: 9563K(10304K)->9563K(10304K)
[887.217s][info][gc             ] GC(331) Pause Young (Allocation Failure) 1418M->81M(4084M) 3.049ms
[887.217s][info][gc,cpu         ] GC(331) User=0.00s Sys=0.02s Real=0.01s
[889.931s][info][gc,start       ] GC(332) Pause Young (Allocation Failure)
[889.934s][info][gc,heap        ] GC(332) PSYoungGen: 1375316K(1385984K)->10448K(1384448K) Eden: 1370242K(1374208K)->0K(1373184K) From: 5074K(11776K)->10448K(11264K)
[889.935s][info][gc,heap        ] GC(332) ParOldGen: 78363K(2796544K)->82331K(2796544K)
[889.935s][info][gc,metaspace   ] GC(332) Metaspace: 78140K(79424K)->78140K(79424K) NonClass: 68576K(69120K)->68576K(69120K) Class: 9563K(10304K)->9563K(10304K)
[889.935s][info][gc             ] GC(332) Pause Young (Allocation Failure) 1419M->90M(4083M) 3.329ms
[889.935s][info][gc,cpu         ] GC(332) User=0.08s Sys=0.00s Real=0.00s
[893.880s][info][gc,start       ] GC(333) Pause Young (Allocation Failure)
[893.882s][info][gc,heap        ] GC(333) PSYoungGen: 1383632K(1384448K)->4589K(1385472K) Eden: 1373184K(1373184K)->0K(1373184K) From: 10448K(11264K)->4589K(12288K)
[893.882s][info][gc,heap        ] GC(333) ParOldGen: 82331K(2796544K)->85054K(2796544K)
[893.882s][info][gc,metaspace   ] GC(333) Metaspace: 78140K(79424K)->78140K(79424K) NonClass: 68576K(69120K)->68576K(69120K) Class: 9563K(10304K)->9563K(10304K)
[893.882s][info][gc             ] GC(333) Pause Young (Allocation Failure) 1431M->87M(4084M) 2.688ms
[893.882s][info][gc,cpu         ] GC(333) User=0.00s Sys=0.00s Real=0.00s
[896.317s][info][gc,start       ] GC(334) Pause Young (Allocation Failure)
[896.320s][info][gc,heap        ] GC(334) PSYoungGen: 1377773K(1385472K)->5921K(1385984K) Eden: 1373184K(1373184K)->0K(1373696K) From: 4589K(12288K)->5921K(12288K)
[896.320s][info][gc,heap        ] GC(334) ParOldGen: 85054K(2796544K)->88111K(2796544K)
[896.320s][info][gc,metaspace   ] GC(334) Metaspace: 78141K(79424K)->78141K(79424K) NonClass: 68577K(69120K)->68577K(69120K) Class: 9563K(10304K)->9563K(10304K)
[896.320s][info][gc             ] GC(334) Pause Young (Allocation Failure) 1428M->91M(4084M) 2.746ms
[896.320s][info][gc,cpu         ] GC(334) User=0.00s Sys=0.00s Real=0.00s
[900.884s][info][gc,start       ] GC(335) Pause Young (Allocation Failure)
[900.886s][info][gc,heap        ] GC(335) PSYoungGen: 1378476K(1385984K)->4037K(1385472K) Eden: 1372554K(1373696K)->0K(1373696K) From: 5921K(12288K)->4037K(11776K)
[900.886s][info][gc,heap        ] GC(335) ParOldGen: 88111K(2796544K)->92436K(2796544K)
[900.886s][info][gc,metaspace   ] GC(335) Metaspace: 78141K(79424K)->78141K(79424K) NonClass: 68577K(69120K)->68577K(69120K) Class: 9563K(10304K)->9563K(10304K)
[900.886s][info][gc             ] GC(335) Pause Young (Allocation Failure) 1432M->94M(4084M) 2.748ms
[900.886s][info][gc,cpu         ] GC(335) User=0.09s Sys=0.00s Real=0.01s
[903.087s][info][gc,start       ] GC(336) Pause Young (Allocation Failure)
[903.090s][info][gc,heap        ] GC(336) PSYoungGen: 1377494K(1385472K)->6195K(1386496K) Eden: 1373457K(1373696K)->0K(1375232K) From: 4037K(11776K)->6195K(11264K)
[903.090s][info][gc,heap        ] GC(336) ParOldGen: 92436K(2796544K)->95386K(2796544K)
[903.090s][info][gc,metaspace   ] GC(336) Metaspace: 78142K(79424K)->78142K(79424K) NonClass: 68578K(69120K)->68578K(69120K) Class: 9563K(10304K)->9563K(10304K)
[903.090s][info][gc             ] GC(336) Pause Young (Allocation Failure) 1435M->99M(4085M) 3.026ms
[903.090s][info][gc,cpu         ] GC(336) User=0.06s Sys=0.00s Real=0.00s
[907.265s][info][gc,start       ] GC(337) Pause Young (Allocation Failure)
[907.268s][info][gc,heap        ] GC(337) PSYoungGen: 1379712K(1386496K)->5239K(1386496K) Eden: 1373517K(1375232K)->0K(1375232K) From: 6195K(11264K)->5239K(11264K)
[907.268s][info][gc,heap        ] GC(337) ParOldGen: 95386K(2796544K)->99998K(2796544K)
[907.268s][info][gc,metaspace   ] GC(337) Metaspace: 78142K(79424K)->78142K(79424K) NonClass: 68578K(69120K)->68578K(69120K) Class: 9563K(10304K)->9563K(10304K)
[907.268s][info][gc             ] GC(337) Pause Young (Allocation Failure) 1440M->102M(4085M) 2.974ms
[907.268s][info][gc,cpu         ] GC(337) User=0.00s Sys=0.00s Real=0.01s
[910.188s][info][gc,start       ] GC(338) Pause Young (Allocation Failure)
[910.192s][info][gc,heap        ] GC(338) PSYoungGen: 1380471K(1386496K)->6392K(1387520K) Eden: 1375232K(1375232K)->0K(1376768K) From: 5239K(11264K)->6392K(10752K)
[910.192s][info][gc,heap        ] GC(338) ParOldGen: 99998K(2796544K)->103802K(2796544K)
[910.192s][info][gc,metaspace   ] GC(338) Metaspace: 78142K(79424K)->78142K(79424K) NonClass: 68578K(69120K)->68578K(69120K) Class: 9563K(10304K)->9563K(10304K)
[910.192s][info][gc             ] GC(338) Pause Young (Allocation Failure) 1445M->107M(4086M) 3.919ms
[910.192s][info][gc,cpu         ] GC(338) User=0.00s Sys=0.00s Real=0.00s
[912.444s][info][gc,start       ] GC(339) Pause Young (Allocation Failure)
[912.447s][info][gc,heap        ] GC(339) PSYoungGen: 1383160K(1387520K)->6814K(1387008K) Eden: 1376768K(1376768K)->0K(1376768K) From: 6392K(10752K)->6814K(10240K)
[912.447s][info][gc,heap        ] GC(339) ParOldGen: 103802K(2796544K)->107913K(2796544K)
[912.447s][info][gc,metaspace   ] GC(339) Metaspace: 78142K(79424K)->78142K(79424K) NonClass: 68578K(69120K)->68578K(69120K) Class: 9563K(10304K)->9563K(10304K)
[912.447s][info][gc             ] GC(339) Pause Young (Allocation Failure) 1452M->112M(4085M) 3.481ms
[912.447s][info][gc,cpu         ] GC(339) User=0.00s Sys=0.00s Real=0.02s
[914.807s][info][gc,start       ] GC(340) Pause Young (Allocation Failure)
[914.811s][info][gc,heap        ] GC(340) PSYoungGen: 1383582K(1387008K)->5824K(1388032K) Eden: 1376768K(1376768K)->0K(1377792K) From: 6814K(10240K)->5824K(10240K)
[914.811s][info][gc,heap        ] GC(340) ParOldGen: 107913K(2796544K)->112876K(2796544K)
[914.811s][info][gc,metaspace   ] GC(340) Metaspace: 78142K(79424K)->78142K(79424K) NonClass: 68578K(69120K)->68578K(69120K) Class: 9563K(10304K)->9563K(10304K)
[914.811s][info][gc             ] GC(340) Pause Young (Allocation Failure) 1456M->115M(4086M) 3.383ms
[914.811s][info][gc,cpu         ] GC(340) User=0.09s Sys=0.00s Real=0.01s
[917.523s][info][gc,start       ] GC(341) Pause Young (Allocation Failure)
[917.528s][info][gc,heap        ] GC(341) PSYoungGen: 1383330K(1388032K)->9702K(1387520K) Eden: 1377505K(1377792K)->0K(1377792K) From: 5824K(10240K)->9702K(9728K)
[917.528s][info][gc,heap        ] GC(341) ParOldGen: 112876K(2796544K)->118378K(2796544K)
[917.528s][info][gc,metaspace   ] GC(341) Metaspace: 78143K(79424K)->78143K(79424K) NonClass: 68579K(69120K)->68579K(69120K) Class: 9563K(10304K)->9563K(10304K)
[917.528s][info][gc             ] GC(341) Pause Young (Allocation Failure) 1461M->125M(4086M) 4.733ms
[917.528s][info][gc,cpu         ] GC(341) User=0.09s Sys=0.00s Real=0.01s
[920.948s][info][gc,start       ] GC(342) Pause Young (Allocation Failure)
[920.951s][info][gc,heap        ] GC(342) PSYoungGen: 1387494K(1387520K)->5813K(1382400K) Eden: 1377792K(1377792K)->0K(1372160K) From: 9702K(9728K)->5813K(10240K)
[920.951s][info][gc,heap        ] GC(342) ParOldGen: 118378K(2796544K)->121048K(2796544K)
[920.951s][info][gc,metaspace   ] GC(342) Metaspace: 78143K(79424K)->78143K(79424K) NonClass: 68579K(69120K)->68579K(69120K) Class: 9563K(10304K)->9563K(10304K)
[920.951s][info][gc             ] GC(342) Pause Young (Allocation Failure) 1470M->123M(4081M) 3.314ms
[920.951s][info][gc,cpu         ] GC(342) User=0.08s Sys=0.00s Real=0.00s
[921.221s][info][gc,start       ] GC(343) Pause Young (System.gc())
[921.222s][info][gc,heap        ] GC(343) PSYoungGen: 323167K(1382400K)->512K(1373184K) Eden: 317354K(1372160K)->0K(1372160K) From: 5813K(10240K)->512K(1024K)
[921.222s][info][gc,heap        ] GC(343) ParOldGen: 121048K(2796544K)->123421K(2796544K)
[921.222s][info][gc,metaspace   ] GC(343) Metaspace: 78146K(79424K)->78146K(79424K) NonClass: 68582K(69120K)->68582K(69120K) Class: 9563K(10304K)->9563K(10304K)
[921.223s][info][gc             ] GC(343) Pause Young (System.gc()) 433M->121M(4072M) 1.866ms
[921.223s][info][gc,cpu         ] GC(343) User=0.00s Sys=0.00s Real=0.00s
[921.223s][info][gc,start       ] GC(344) Pause Full (System.gc())
[921.223s][info][gc,phases,start] GC(344) Marking Phase
[921.251s][info][gc,phases      ] GC(344) Marking Phase 28.074ms
[921.251s][info][gc,phases,start] GC(344) Summary Phase
[921.251s][info][gc,phases      ] GC(344) Summary Phase 0.011ms
[921.251s][info][gc,phases,start] GC(344) Adjust Roots
[921.261s][info][gc,phases      ] GC(344) Adjust Roots 10.411ms
[921.261s][info][gc,phases,start] GC(344) Compaction Phase
[921.273s][info][gc,phases      ] GC(344) Compaction Phase 12.233ms
[921.274s][info][gc,phases,start] GC(344) Post Compact
[921.275s][info][gc,phases      ] GC(344) Post Compact 1.106ms
[921.275s][info][gc,heap        ] GC(344) PSYoungGen: 512K(1373184K)->0K(1373184K) Eden: 0K(1372160K)->0K(1372160K) From: 512K(1024K)->0K(1024K)
[921.275s][info][gc,heap        ] GC(344) ParOldGen: 123421K(2796544K)->78674K(2796544K)
[921.275s][info][gc,metaspace   ] GC(344) Metaspace: 78146K(79424K)->78146K(79424K) NonClass: 68582K(69120K)->68582K(69120K) Class: 9563K(10304K)->9563K(10304K)
[921.275s][info][gc             ] GC(344) Pause Full (System.gc()) 121M->76M(4072M) 52.141ms
[921.275s][info][gc,cpu         ] GC(344) User=0.12s Sys=0.00s Real=0.06s
[924.515s][info][gc,start       ] GC(345) Pause Young (Allocation Failure)
[924.518s][info][gc,heap        ] GC(345) PSYoungGen: 1372160K(1373184K)->5152K(1384960K) Eden: 1372160K(1372160K)->0K(1371648K) From: 0K(1024K)->5152K(13312K)
[924.518s][info][gc,heap        ] GC(345) ParOldGen: 78674K(2796544K)->78674K(2796544K)
[924.518s][info][gc,metaspace   ] GC(345) Metaspace: 78146K(79424K)->78146K(79424K) NonClass: 68582K(69120K)->68582K(69120K) Class: 9563K(10304K)->9563K(10304K)
[924.518s][info][gc             ] GC(345) Pause Young (Allocation Failure) 1416M->81M(4083M) 2.601ms
[924.518s][info][gc,cpu         ] GC(345) User=0.00s Sys=0.00s Real=0.00s
[927.287s][info][gc,start       ] GC(346) Pause Young (Allocation Failure)
[927.290s][info][gc,heap        ] GC(346) PSYoungGen: 1373117K(1384960K)->6239K(1384448K) Eden: 1367964K(1371648K)->0K(1371648K) From: 5152K(13312K)->6239K(12800K)
[927.290s][info][gc,heap        ] GC(346) ParOldGen: 78674K(2796544K)->82637K(2796544K)
[927.290s][info][gc,metaspace   ] GC(346) Metaspace: 78146K(79424K)->78146K(79424K) NonClass: 68582K(69120K)->68582K(69120K) Class: 9563K(10304K)->9563K(10304K)
[927.290s][info][gc             ] GC(346) Pause Young (Allocation Failure) 1417M->86M(4083M) 2.828ms
[927.290s][info][gc,cpu         ] GC(346) User=0.00s Sys=0.00s Real=0.00s
[931.271s][info][gc,start       ] GC(347) Pause Young (Allocation Failure)
[931.274s][info][gc,heap        ] GC(347) PSYoungGen: 1377887K(1384448K)->4819K(1385984K) Eden: 1371648K(1371648K)->0K(1374208K) From: 6239K(12800K)->4819K(11776K)
[931.274s][info][gc,heap        ] GC(347) ParOldGen: 82637K(2796544K)->85288K(2796544K)
[931.274s][info][gc,metaspace   ] GC(347) Metaspace: 78146K(79424K)->78146K(79424K) NonClass: 68582K(69120K)->68582K(69120K) Class: 9563K(10304K)->9563K(10304K)
[931.274s][info][gc             ] GC(347) Pause Young (Allocation Failure) 1426M->87M(4084M) 2.530ms
[931.274s][info][gc,cpu         ] GC(347) User=0.00s Sys=0.00s Real=0.00s
[933.725s][info][gc,start       ] GC(348) Pause Young (Allocation Failure)
[933.728s][info][gc,heap        ] GC(348) PSYoungGen: 1379027K(1385984K)->5971K(1385984K) Eden: 1374208K(1374208K)->0K(1374208K) From: 4819K(11776K)->5971K(11776K)
[933.728s][info][gc,heap        ] GC(348) ParOldGen: 85288K(2796544K)->88348K(2796544K)
[933.728s][info][gc,metaspace   ] GC(348) Metaspace: 78146K(79424K)->78146K(79424K) NonClass: 68582K(69120K)->68582K(69120K) Class: 9563K(10304K)->9563K(10304K)
[933.728s][info][gc             ] GC(348) Pause Young (Allocation Failure) 1429M->92M(4084M) 2.931ms
[933.728s][info][gc,cpu         ] GC(348) User=0.00s Sys=0.00s Real=0.01s
[938.220s][info][gc,start       ] GC(349) Pause Young (Allocation Failure)
[938.224s][info][gc,heap        ] GC(349) PSYoungGen: 1380179K(1385984K)->5081K(1387008K) Eden: 1374208K(1374208K)->0K(1375744K) From: 5971K(11776K)->5081K(11264K)
[938.224s][info][gc,heap        ] GC(349) ParOldGen: 88348K(2796544K)->92593K(2796544K)
[938.224s][info][gc,metaspace   ] GC(349) Metaspace: 78146K(79424K)->78146K(79424K) NonClass: 68582K(69120K)->68582K(69120K) Class: 9563K(10304K)->9563K(10304K)
[938.224s][info][gc             ] GC(349) Pause Young (Allocation Failure) 1434M->95M(4085M) 3.663ms
[938.224s][info][gc,cpu         ] GC(349) User=0.00s Sys=0.00s Real=0.00s
[940.414s][info][gc,start       ] GC(350) Pause Young (Allocation Failure)
[940.417s][info][gc,heap        ] GC(350) PSYoungGen: 1377836K(1387008K)->6034K(1386496K) Eden: 1372755K(1375744K)->0K(1375744K) From: 5081K(11264K)->6034K(10752K)
[940.417s][info][gc,heap        ] GC(350) ParOldGen: 92593K(2796544K)->95542K(2796544K)
[940.417s][info][gc,metaspace   ] GC(350) Metaspace: 78146K(79424K)->78146K(79424K) NonClass: 68582K(69120K)->68582K(69120K) Class: 9563K(10304K)->9563K(10304K)
[940.417s][info][gc             ] GC(350) Pause Young (Allocation Failure) 1435M->99M(4085M) 2.771ms
[940.417s][info][gc,cpu         ] GC(350) User=0.00s Sys=0.00s Real=0.01s
[944.585s][info][gc,start       ] GC(351) Pause Young (Allocation Failure)
[944.588s][info][gc,heap        ] GC(351) PSYoungGen: 1381778K(1386496K)->5507K(1387520K) Eden: 1375744K(1375744K)->0K(1377280K) From: 6034K(10752K)->5507K(10240K)
[944.589s][info][gc,heap        ] GC(351) ParOldGen: 95542K(2796544K)->100215K(2796544K)
[944.589s][info][gc,metaspace   ] GC(351) Metaspace: 78146K(79424K)->78146K(79424K) NonClass: 68582K(69120K)->68582K(69120K) Class: 9563K(10304K)->9563K(10304K)
[944.589s][info][gc             ] GC(351) Pause Young (Allocation Failure) 1442M->103M(4086M) 3.405ms
[944.589s][info][gc,cpu         ] GC(351) User=0.00s Sys=0.00s Real=0.01s
[947.547s][info][gc,start       ] GC(352) Pause Young (Allocation Failure)
[947.550s][info][gc,heap        ] GC(352) PSYoungGen: 1382228K(1387520K)->6396K(1387520K) Eden: 1376721K(1377280K)->0K(1377280K) From: 5507K(10240K)->6396K(10240K)
[947.550s][info][gc,heap        ] GC(352) ParOldGen: 100215K(2796544K)->104041K(2796544K)
[947.550s][info][gc,metaspace   ] GC(352) Metaspace: 78146K(79424K)->78146K(79424K) NonClass: 68582K(69120K)->68582K(69120K) Class: 9563K(10304K)->9563K(10304K)
[947.550s][info][gc             ] GC(352) Pause Young (Allocation Failure) 1447M->107M(4086M) 3.022ms
[947.550s][info][gc,cpu         ] GC(352) User=0.00s Sys=0.00s Real=0.00s
[949.849s][info][gc,start       ] GC(353) Pause Young (Allocation Failure)
[949.852s][info][gc,heap        ] GC(353) PSYoungGen: 1383285K(1387520K)->5886K(1388544K) Eden: 1376889K(1377280K)->0K(1378816K) From: 6396K(10240K)->5886K(9728K)
[949.852s][info][gc,heap        ] GC(353) ParOldGen: 104041K(2796544K)->108307K(2796544K)
[949.852s][info][gc,metaspace   ] GC(353) Metaspace: 78146K(79424K)->78146K(79424K) NonClass: 68582K(69120K)->68582K(69120K) Class: 9563K(10304K)->9563K(10304K)
[949.852s][info][gc             ] GC(353) Pause Young (Allocation Failure) 1452M->111M(4087M) 2.956ms
[949.852s][info][gc,cpu         ] GC(353) User=0.00s Sys=0.00s Real=0.00s
[952.118s][info][gc,start       ] GC(354) Pause Young (Allocation Failure)
[952.122s][info][gc,heap        ] GC(354) PSYoungGen: 1384702K(1388544K)->5780K(1388032K) Eden: 1378816K(1378816K)->0K(1378816K) From: 5886K(9728K)->5780K(9216K)
[952.122s][info][gc,heap        ] GC(354) ParOldGen: 108307K(2796544K)->113209K(2796544K)
[952.122s][info][gc,metaspace   ] GC(354) Metaspace: 78146K(79424K)->78146K(79424K) NonClass: 68582K(69120K)->68582K(69120K) Class: 9563K(10304K)->9563K(10304K)
[952.122s][info][gc             ] GC(354) Pause Young (Allocation Failure) 1458M->116M(4086M) 3.634ms
[952.122s][info][gc,cpu         ] GC(354) User=0.09s Sys=0.00s Real=0.01s
[954.811s][info][gc,start       ] GC(355) Pause Young (Allocation Failure)
[954.815s][info][gc,heap        ] GC(355) PSYoungGen: 1381154K(1388032K)->5330K(1389056K) Eden: 1375373K(1378816K)->0K(1379840K) From: 5780K(9216K)->5330K(9216K)
[954.815s][info][gc,heap        ] GC(355) ParOldGen: 113209K(2796544K)->117756K(2796544K)
[954.815s][info][gc,metaspace   ] GC(355) Metaspace: 78146K(79424K)->78146K(79424K) NonClass: 68582K(69120K)->68582K(69120K) Class: 9563K(10304K)->9563K(10304K)
[954.815s][info][gc             ] GC(355) Pause Young (Allocation Failure) 1459M->120M(4087M) 3.947ms
[954.815s][info][gc,cpu         ] GC(355) User=0.00s Sys=0.00s Real=0.00s
[958.202s][info][gc,start       ] GC(356) Pause Young (Allocation Failure)
[958.206s][info][gc,heap        ] GC(356) PSYoungGen: 1385170K(1389056K)->6632K(1388544K) Eden: 1379840K(1379840K)->0K(1379840K) From: 5330K(9216K)->6632K(8704K)
[958.206s][info][gc,heap        ] GC(356) ParOldGen: 117756K(2796544K)->120365K(2796544K)
[958.206s][info][gc,metaspace   ] GC(356) Metaspace: 78146K(79424K)->78146K(79424K) NonClass: 68582K(69120K)->68582K(69120K) Class: 9563K(10304K)->9563K(10304K)
[958.206s][info][gc             ] GC(356) Pause Young (Allocation Failure) 1467M->124M(4087M) 3.615ms
[958.206s][info][gc,cpu         ] GC(356) User=0.00s Sys=0.00s Real=0.01s
[958.476s][info][gc,start       ] GC(357) Pause Young (System.gc())
[958.477s][info][gc,heap        ] GC(357) PSYoungGen: 302981K(1388544K)->480K(1387008K) Eden: 296349K(1379840K)->0K(1378304K) From: 6632K(8704K)->480K(8704K)
[958.477s][info][gc,heap        ] GC(357) ParOldGen: 120365K(2796544K)->122640K(2796544K)
[958.477s][info][gc,metaspace   ] GC(357) Metaspace: 78148K(79424K)->78148K(79424K) NonClass: 68584K(69120K)->68584K(69120K) Class: 9563K(10304K)->9563K(10304K)
[958.477s][info][gc             ] GC(357) Pause Young (System.gc()) 413M->120M(4085M) 1.518ms
[958.477s][info][gc,cpu         ] GC(357) User=0.00s Sys=0.00s Real=0.00s
[958.477s][info][gc,start       ] GC(358) Pause Full (System.gc())
[958.477s][info][gc,phases,start] GC(358) Marking Phase
[958.504s][info][gc,phases      ] GC(358) Marking Phase 26.544ms
[958.504s][info][gc,phases,start] GC(358) Summary Phase
[958.504s][info][gc,phases      ] GC(358) Summary Phase 0.010ms
[958.504s][info][gc,phases,start] GC(358) Adjust Roots
[958.514s][info][gc,phases      ] GC(358) Adjust Roots 10.276ms
[958.514s][info][gc,phases,start] GC(358) Compaction Phase
[958.525s][info][gc,phases      ] GC(358) Compaction Phase 11.013ms
[958.525s][info][gc,phases,start] GC(358) Post Compact
[958.526s][info][gc,phases      ] GC(358) Post Compact 1.027ms
[958.527s][info][gc,heap        ] GC(358) PSYoungGen: 480K(1387008K)->0K(1387008K) Eden: 0K(1378304K)->0K(1378304K) From: 480K(8704K)->0K(8704K)
[958.527s][info][gc,heap        ] GC(358) ParOldGen: 122640K(2796544K)->78217K(2796544K)
[958.527s][info][gc,metaspace   ] GC(358) Metaspace: 78148K(79424K)->78148K(79424K) NonClass: 68584K(69120K)->68584K(69120K) Class: 9563K(10304K)->9563K(10304K)
[958.527s][info][gc             ] GC(358) Pause Full (System.gc()) 120M->76M(4085M) 49.190ms
[958.527s][info][gc,cpu         ] GC(358) User=0.12s Sys=0.00s Real=0.05s
[961.768s][info][gc,start       ] GC(359) Pause Young (Allocation Failure)
[961.770s][info][gc,heap        ] GC(359) PSYoungGen: 1378304K(1387008K)->5212K(1388032K) Eden: 1378304K(1378304K)->0K(1378304K) From: 0K(8704K)->5212K(9728K)
[961.770s][info][gc,heap        ] GC(359) ParOldGen: 78217K(2796544K)->78217K(2796544K)
[961.770s][info][gc,metaspace   ] GC(359) Metaspace: 78149K(79424K)->78149K(79424K) NonClass: 68585K(69120K)->68585K(69120K) Class: 9563K(10304K)->9563K(10304K)
[961.770s][info][gc             ] GC(359) Pause Young (Allocation Failure) 1422M->81M(4086M) 2.234ms
[961.770s][info][gc,cpu         ] GC(359) User=0.00s Sys=0.00s Real=0.02s
[964.528s][info][gc,start       ] GC(360) Pause Young (Allocation Failure)
[964.533s][info][gc,heap        ] GC(360) PSYoungGen: 1380394K(1388032K)->9193K(1373184K) Eden: 1375182K(1378304K)->0K(1363968K) From: 5212K(9728K)->9193K(9216K)
[964.533s][info][gc,heap        ] GC(360) ParOldGen: 78217K(2796544K)->95461K(2796544K)
[964.533s][info][gc,metaspace   ] GC(360) Metaspace: 78149K(79424K)->78149K(79424K) NonClass: 68585K(69120K)->68585K(69120K) Class: 9563K(10304K)->9563K(10304K)
[964.533s][info][gc             ] GC(360) Pause Young (Allocation Failure) 1424M->102M(4072M) 4.824ms
[964.533s][info][gc,cpu         ] GC(360) User=0.00s Sys=0.00s Real=0.00s
[968.488s][info][gc,start       ] GC(361) Pause Young (Allocation Failure)
[968.491s][info][gc,heap        ] GC(361) PSYoungGen: 1373161K(1373184K)->5283K(1380864K) Eden: 1363968K(1363968K)->0K(1363968K) From: 9193K(9216K)->5283K(16896K)
[968.491s][info][gc,heap        ] GC(361) ParOldGen: 95461K(2796544K)->98339K(2796544K)
[968.491s][info][gc,metaspace   ] GC(361) Metaspace: 78150K(79424K)->78150K(79424K) NonClass: 68586K(69120K)->68586K(69120K) Class: 9563K(10304K)->9563K(10304K)
[968.491s][info][gc             ] GC(361) Pause Young (Allocation Failure) 1434M->101M(4079M) 2.622ms
[968.491s][info][gc,cpu         ] GC(361) User=0.00s Sys=0.00s Real=0.01s
[970.911s][info][gc,start       ] GC(362) Pause Young (Allocation Failure)
[970.914s][info][gc,heap        ] GC(362) PSYoungGen: 1369251K(1380864K)->5964K(1382400K) Eden: 1363968K(1363968K)->0K(1366016K) From: 5283K(16896K)->5964K(16384K)
[970.914s][info][gc,heap        ] GC(362) ParOldGen: 98339K(2796544K)->101456K(2796544K)
[970.914s][info][gc,metaspace   ] GC(362) Metaspace: 78150K(79424K)->78150K(79424K) NonClass: 68586K(69120K)->68586K(69120K) Class: 9563K(10304K)->9563K(10304K)
[970.914s][info][gc             ] GC(362) Pause Young (Allocation Failure) 1433M->104M(4081M) 2.986ms
[970.914s][info][gc,cpu         ] GC(362) User=0.00s Sys=0.00s Real=0.00s
[975.365s][info][gc,start       ] GC(363) Pause Young (Allocation Failure)
[975.369s][info][gc,heap        ] GC(363) PSYoungGen: 1371980K(1382400K)->5217K(1381376K) Eden: 1366016K(1366016K)->0K(1366016K) From: 5964K(16384K)->5217K(15360K)
[975.369s][info][gc,heap        ] GC(363) ParOldGen: 101456K(2796544K)->105707K(2796544K)
[975.369s][info][gc,metaspace   ] GC(363) Metaspace: 78150K(79424K)->78150K(79424K) NonClass: 68586K(69120K)->68586K(69120K) Class: 9563K(10304K)->9563K(10304K)
[975.369s][info][gc             ] GC(363) Pause Young (Allocation Failure) 1438M->108M(4080M) 3.533ms
[975.369s][info][gc,cpu         ] GC(363) User=0.00s Sys=0.00s Real=0.00s
[977.470s][info][gc,start       ] GC(364) Pause Young (Allocation Failure)
[977.473s][info][gc,heap        ] GC(364) PSYoungGen: 1371233K(1381376K)->6445K(1383424K) Eden: 1366016K(1366016K)->0K(1368576K) From: 5217K(15360K)->6445K(14848K)
[977.473s][info][gc,heap        ] GC(364) ParOldGen: 105707K(2796544K)->108586K(2796544K)
[977.473s][info][gc,metaspace   ] GC(364) Metaspace: 78150K(79424K)->78150K(79424K) NonClass: 68586K(69120K)->68586K(69120K) Class: 9563K(10304K)->9563K(10304K)
[977.473s][info][gc             ] GC(364) Pause Young (Allocation Failure) 1442M->112M(4082M) 3.464ms
[977.473s][info][gc,cpu         ] GC(364) User=0.00s Sys=0.00s Real=0.00s
[981.645s][info][gc,start       ] GC(365) Pause Young (Allocation Failure)
[981.649s][info][gc,heap        ] GC(365) PSYoungGen: 1375021K(1383424K)->6627K(1382912K) Eden: 1368576K(1368576K)->0K(1368576K) From: 6445K(14848K)->6627K(14336K)
[981.649s][info][gc,heap        ] GC(365) ParOldGen: 108586K(2796544K)->113236K(2796544K)
[981.649s][info][gc,metaspace   ] GC(365) Metaspace: 78163K(79424K)->78163K(79424K) NonClass: 68599K(69120K)->68599K(69120K) Class: 9563K(10304K)->9563K(10304K)
[981.649s][info][gc             ] GC(365) Pause Young (Allocation Failure) 1448M->117M(4081M) 3.904ms
[981.649s][info][gc,cpu         ] GC(365) User=0.00s Sys=0.00s Real=0.01s
[984.536s][info][gc,start       ] GC(366) Pause Young (Allocation Failure)
[984.542s][info][gc,heap        ] GC(366) PSYoungGen: 1375203K(1382912K)->5527K(1384448K) Eden: 1368576K(1368576K)->0K(1370624K) From: 6627K(14336K)->5527K(13824K)
[984.542s][info][gc,heap        ] GC(366) ParOldGen: 113236K(2796544K)->117186K(2796544K)
[984.542s][info][gc,metaspace   ] GC(366) Metaspace: 78163K(79424K)->78163K(79424K) NonClass: 68599K(69120K)->68599K(69120K) Class: 9563K(10304K)->9563K(10304K)
[984.542s][info][gc             ] GC(366) Pause Young (Allocation Failure) 1453M->119M(4083M) 6.435ms
[984.542s][info][gc,cpu         ] GC(366) User=0.00s Sys=0.00s Real=0.01s
[986.754s][info][gc,start       ] GC(367) Pause Young (Allocation Failure)
[986.757s][info][gc,heap        ] GC(367) PSYoungGen: 1376151K(1384448K)->7134K(1383936K) Eden: 1370624K(1370624K)->0K(1370624K) From: 5527K(13824K)->7134K(13312K)
[986.757s][info][gc,heap        ] GC(367) ParOldGen: 117186K(2796544K)->121203K(2796544K)
[986.757s][info][gc,metaspace   ] GC(367) Metaspace: 78163K(79424K)->78163K(79424K) NonClass: 68599K(69120K)->68599K(69120K) Class: 9563K(10304K)->9563K(10304K)
[986.757s][info][gc             ] GC(367) Pause Young (Allocation Failure) 1458M->125M(4082M) 3.531ms
[986.757s][info][gc,cpu         ] GC(367) User=0.00s Sys=0.00s Real=0.00s
[989.236s][info][gc,start       ] GC(368) Pause Young (Allocation Failure)
[989.239s][info][gc,heap        ] GC(368) PSYoungGen: 1377758K(1383936K)->5799K(1385472K) Eden: 1370624K(1370624K)->0K(1372672K) From: 7134K(13312K)->5799K(12800K)
[989.239s][info][gc,heap        ] GC(368) ParOldGen: 121203K(2796544K)->126177K(2796544K)
[989.239s][info][gc,metaspace   ] GC(368) Metaspace: 78169K(79424K)->78169K(79424K) NonClass: 68605K(69120K)->68605K(69120K) Class: 9563K(10304K)->9563K(10304K)
[989.239s][info][gc             ] GC(368) Pause Young (Allocation Failure) 1463M->128M(4084M) 3.601ms
[989.239s][info][gc,cpu         ] GC(368) User=0.00s Sys=0.00s Real=0.00s
[991.958s][info][gc,start       ] GC(369) Pause Young (Allocation Failure)
[991.962s][info][gc,heap        ] GC(369) PSYoungGen: 1376938K(1385472K)->10816K(1383936K) Eden: 1371139K(1372672K)->0K(1372672K) From: 5799K(12800K)->10816K(11264K)
[991.962s][info][gc,heap        ] GC(369) ParOldGen: 126177K(2796544K)->130829K(2796544K)
[991.962s][info][gc,metaspace   ] GC(369) Metaspace: 78169K(79424K)->78169K(79424K) NonClass: 68605K(69120K)->68605K(69120K) Class: 9563K(10304K)->9563K(10304K)
[991.962s][info][gc             ] GC(369) Pause Young (Allocation Failure) 1467M->138M(4082M) 4.313ms
[991.962s][info][gc,cpu         ] GC(369) User=0.00s Sys=0.00s Real=0.01s
[995.364s][info][gc,start       ] GC(370) Pause Young (Allocation Failure)
[995.367s][info][gc,heap        ] GC(370) PSYoungGen: 1383488K(1383936K)->5270K(1384960K) Eden: 1372672K(1372672K)->0K(1371648K) From: 10816K(11264K)->5270K(13312K)
[995.367s][info][gc,heap        ] GC(370) ParOldGen: 130829K(2796544K)->133459K(2796544K)
[995.367s][info][gc,metaspace   ] GC(370) Metaspace: 78169K(79424K)->78169K(79424K) NonClass: 68605K(69120K)->68605K(69120K) Class: 9563K(10304K)->9563K(10304K)
[995.367s][info][gc             ] GC(370) Pause Young (Allocation Failure) 1478M->135M(4083M) 3.383ms
[995.367s][info][gc,cpu         ] GC(370) User=0.00s Sys=0.00s Real=0.00s
[995.755s][info][gc,start       ] GC(371) Pause Young (System.gc())
[995.756s][info][gc,heap        ] GC(371) PSYoungGen: 389888K(1384960K)->591K(1384448K) Eden: 384617K(1371648K)->0K(1371648K) From: 5270K(13312K)->591K(12800K)
[995.756s][info][gc,heap        ] GC(371) ParOldGen: 133459K(2796544K)->135706K(2796544K)
[995.756s][info][gc,metaspace   ] GC(371) Metaspace: 78172K(79424K)->78172K(79424K) NonClass: 68608K(69120K)->68608K(69120K) Class: 9563K(10304K)->9563K(10304K)
[995.756s][info][gc             ] GC(371) Pause Young (System.gc()) 511M->133M(4083M) 1.518ms
[995.757s][info][gc,cpu         ] GC(371) User=0.00s Sys=0.00s Real=0.00s
[995.757s][info][gc,start       ] GC(372) Pause Full (System.gc())
[995.757s][info][gc,phases,start] GC(372) Marking Phase
[995.781s][info][gc,phases      ] GC(372) Marking Phase 24.887ms
[995.782s][info][gc,phases,start] GC(372) Summary Phase
[995.782s][info][gc,phases      ] GC(372) Summary Phase 0.011ms
[995.782s][info][gc,phases,start] GC(372) Adjust Roots
[995.792s][info][gc,phases      ] GC(372) Adjust Roots 10.456ms
[995.792s][info][gc,phases,start] GC(372) Compaction Phase
[995.804s][info][gc,phases      ] GC(372) Compaction Phase 11.992ms
[995.804s][info][gc,phases,start] GC(372) Post Compact
[995.805s][info][gc,phases      ] GC(372) Post Compact 1.289ms
[995.806s][info][gc,heap        ] GC(372) PSYoungGen: 591K(1384448K)->0K(1384448K) Eden: 0K(1371648K)->0K(1371648K) From: 591K(12800K)->0K(12800K)
[995.806s][info][gc,heap        ] GC(372) ParOldGen: 135706K(2796544K)->78595K(2796544K)
[995.806s][info][gc,metaspace   ] GC(372) Metaspace: 78172K(79424K)->78172K(79424K) NonClass: 68608K(69120K)->68608K(69120K) Class: 9563K(10304K)->9563K(10304K)
[995.806s][info][gc             ] GC(372) Pause Full (System.gc()) 133M->76M(4083M) 48.968ms
[995.806s][info][gc,cpu         ] GC(372) User=0.12s Sys=0.00s Real=0.05s
[999.126s][info][gc,start       ] GC(373) Pause Young (Allocation Failure)
[999.129s][info][gc,heap        ] GC(373) PSYoungGen: 1371648K(1384448K)->5218K(1384960K) Eden: 1371648K(1371648K)->0K(1371648K) From: 0K(12800K)->5218K(13312K)
[999.129s][info][gc,heap        ] GC(373) ParOldGen: 78595K(2796544K)->78595K(2796544K)
[999.129s][info][gc,metaspace   ] GC(373) Metaspace: 78172K(79424K)->78172K(79424K) NonClass: 68608K(69120K)->68608K(69120K) Class: 9563K(10304K)->9563K(10304K)
[999.129s][info][gc             ] GC(373) Pause Young (Allocation Failure) 1416M->81M(4083M) 2.434ms
[999.129s][info][gc,cpu         ] GC(373) User=0.00s Sys=0.00s Real=0.00s
[1002.020s][info][gc,start       ] GC(374) Pause Young (Allocation Failure)
[1002.025s][info][gc,heap        ] GC(374) PSYoungGen: 1376866K(1384960K)->9772K(1381888K) Eden: 1371648K(1371648K)->0K(1371648K) From: 5218K(13312K)->9772K(10240K)
[1002.025s][info][gc,heap        ] GC(374) ParOldGen: 78595K(2796544K)->90789K(2796544K)
[1002.025s][info][gc,metaspace   ] GC(374) Metaspace: 78172K(79424K)->78172K(79424K) NonClass: 68608K(69120K)->68608K(69120K) Class: 9563K(10304K)->9563K(10304K)
[1002.025s][info][gc             ] GC(374) Pause Young (Allocation Failure) 1421M->98M(4080M) 5.204ms
[1002.025s][info][gc,cpu         ] GC(374) User=0.00s Sys=0.00s Real=0.00s
[1006.018s][info][gc,start       ] GC(375) Pause Young (Allocation Failure)
[1006.020s][info][gc,heap        ] GC(375) PSYoungGen: 1381420K(1381888K)->4740K(1384448K) Eden: 1371648K(1371648K)->0K(1370624K) From: 9772K(10240K)->4740K(13824K)
[1006.020s][info][gc,heap        ] GC(375) ParOldGen: 90789K(2796544K)->93431K(2796544K)
[1006.020s][info][gc,metaspace   ] GC(375) Metaspace: 78172K(79424K)->78172K(79424K) NonClass: 68608K(69120K)->68608K(69120K) Class: 9563K(10304K)->9563K(10304K)
[1006.020s][info][gc             ] GC(375) Pause Young (Allocation Failure) 1437M->95M(4083M) 2.700ms
[1006.020s][info][gc,cpu         ] GC(375) User=0.00s Sys=0.00s Real=0.00s
[1008.435s][info][gc,start       ] GC(376) Pause Young (Allocation Failure)
[1008.438s][info][gc,heap        ] GC(376) PSYoungGen: 1375364K(1384448K)->5887K(1383936K) Eden: 1370624K(1370624K)->0K(1370624K) From: 4740K(13824K)->5887K(13312K)
[1008.438s][info][gc,heap        ] GC(376) ParOldGen: 93431K(2796544K)->96501K(2796544K)
[1008.438s][info][gc,metaspace   ] GC(376) Metaspace: 78172K(79424K)->78172K(79424K) NonClass: 68608K(69120K)->68608K(69120K) Class: 9563K(10304K)->9563K(10304K)
[1008.438s][info][gc             ] GC(376) Pause Young (Allocation Failure) 1434M->99M(4082M) 3.048ms
[1008.438s][info][gc,cpu         ] GC(376) User=0.00s Sys=0.00s Real=0.01s
[1012.943s][info][gc,start       ] GC(377) Pause Young (Allocation Failure)
[1012.947s][info][gc,heap        ] GC(377) PSYoungGen: 1376052K(1383936K)->4240K(1385472K) Eden: 1370165K(1370624K)->0K(1372672K) From: 5887K(13312K)->4240K(12800K)
[1012.947s][info][gc,heap        ] GC(377) ParOldGen: 96501K(2796544K)->100765K(2796544K)
[1012.947s][info][gc,metaspace   ] GC(377) Metaspace: 78172K(79424K)->78172K(79424K) NonClass: 68608K(69120K)->68608K(69120K) Class: 9563K(10304K)->9563K(10304K)
[1012.947s][info][gc             ] GC(377) Pause Young (Allocation Failure) 1438M->102M(4084M) 3.270ms
[1012.947s][info][gc,cpu         ] GC(377) User=0.00s Sys=0.00s Real=0.00s
[1015.052s][info][gc,start       ] GC(378) Pause Young (Allocation Failure)
[1015.056s][info][gc,heap        ] GC(378) PSYoungGen: 1376912K(1385472K)->6451K(1384960K) Eden: 1372672K(1372672K)->0K(1372672K) From: 4240K(12800K)->6451K(12288K)
[1015.056s][info][gc,heap        ] GC(378) ParOldGen: 100765K(2796544K)->103663K(2796544K)
[1015.056s][info][gc,metaspace   ] GC(378) Metaspace: 78172K(79424K)->78172K(79424K) NonClass: 68608K(69120K)->68608K(69120K) Class: 9563K(10304K)->9563K(10304K)
[1015.056s][info][gc             ] GC(378) Pause Young (Allocation Failure) 1443M->107M(4083M) 3.769ms
[1015.056s][info][gc,cpu         ] GC(378) User=0.00s Sys=0.00s Real=0.00s
[1019.183s][info][gc,start       ] GC(379) Pause Young (Allocation Failure)
[1019.189s][info][gc,heap        ] GC(379) PSYoungGen: 1379123K(1384960K)->9627K(1383936K) Eden: 1372672K(1372672K)->0K(1372160K) From: 6451K(12288K)->9627K(11776K)
[1019.189s][info][gc,heap        ] GC(379) ParOldGen: 103663K(2796544K)->108337K(2796544K)
[1019.189s][info][gc,metaspace   ] GC(379) Metaspace: 78172K(79424K)->78172K(79424K) NonClass: 68608K(69120K)->68608K(69120K) Class: 9563K(10304K)->9563K(10304K)
[1019.189s][info][gc             ] GC(379) Pause Young (Allocation Failure) 1448M->115M(4082M) 6.077ms
[1019.189s][info][gc,cpu         ] GC(379) User=0.00s Sys=0.00s Real=0.00s
[1022.204s][info][gc,start       ] GC(380) Pause Young (Allocation Failure)
[1022.207s][info][gc,heap        ] GC(380) PSYoungGen: 1380770K(1383936K)->5044K(1384960K) Eden: 1371142K(1372160K)->0K(1372160K) From: 9627K(11776K)->5044K(12800K)
[1022.207s][info][gc,heap        ] GC(380) ParOldGen: 108337K(2796544K)->112165K(2796544K)
[1022.207s][info][gc,metaspace   ] GC(380) Metaspace: 78172K(79424K)->78172K(79424K) NonClass: 68608K(69120K)->68608K(69120K) Class: 9563K(10304K)->9563K(10304K)
[1022.207s][info][gc             ] GC(380) Pause Young (Allocation Failure) 1454M->114M(4083M) 2.666ms
[1022.207s][info][gc,cpu         ] GC(380) User=0.00s Sys=0.00s Real=0.00s
[1024.458s][info][gc,start       ] GC(381) Pause Young (Allocation Failure)
[1024.462s][info][gc,heap        ] GC(381) PSYoungGen: 1377204K(1384960K)->6340K(1385984K) Eden: 1372160K(1372160K)->0K(1373696K) From: 5044K(12800K)->6340K(12288K)
[1024.462s][info][gc,heap        ] GC(381) ParOldGen: 112165K(2796544K)->116236K(2796544K)
[1024.462s][info][gc,metaspace   ] GC(381) Metaspace: 78172K(79424K)->78172K(79424K) NonClass: 68608K(69120K)->68608K(69120K) Class: 9563K(10304K)->9563K(10304K)
[1024.462s][info][gc             ] GC(381) Pause Young (Allocation Failure) 1454M->119M(4084M) 4.236ms
[1024.462s][info][gc,cpu         ] GC(381) User=0.00s Sys=0.00s Real=0.01s
[1026.805s][info][gc,start       ] GC(382) Pause Young (Allocation Failure)
[1026.808s][info][gc,heap        ] GC(382) PSYoungGen: 1380036K(1385984K)->5908K(1385472K) Eden: 1373696K(1373696K)->0K(1373696K) From: 6340K(12288K)->5908K(11776K)
[1026.808s][info][gc,heap        ] GC(382) ParOldGen: 116236K(2796544K)->121219K(2796544K)
[1026.808s][info][gc,metaspace   ] GC(382) Metaspace: 78172K(79424K)->78172K(79424K) NonClass: 68608K(69120K)->68608K(69120K) Class: 9563K(10304K)->9563K(10304K)
[1026.808s][info][gc             ] GC(382) Pause Young (Allocation Failure) 1461M->124M(4084M) 3.175ms
[1026.808s][info][gc,cpu         ] GC(382) User=0.02s Sys=0.00s Real=0.00s
[1029.512s][info][gc,start       ] GC(383) Pause Young (Allocation Failure)
[1029.518s][info][gc,heap        ] GC(383) PSYoungGen: 1376926K(1385472K)->11244K(1374208K) Eden: 1371017K(1373696K)->0K(1362944K) From: 5908K(11776K)->11244K(11264K)
[1029.518s][info][gc,heap        ] GC(383) ParOldGen: 121219K(2796544K)->134284K(2796544K)
[1029.518s][info][gc,metaspace   ] GC(383) Metaspace: 78172K(79424K)->78172K(79424K) NonClass: 68608K(69120K)->68608K(69120K) Class: 9563K(10304K)->9563K(10304K)
[1029.518s][info][gc             ] GC(383) Pause Young (Allocation Failure) 1463M->142M(4073M) 5.772ms
[1029.518s][info][gc,cpu         ] GC(383) User=0.02s Sys=0.00s Real=0.01s
[1032.848s][info][gc,start       ] GC(384) Pause Young (Allocation Failure)
[1032.851s][info][gc,heap        ] GC(384) PSYoungGen: 1374188K(1374208K)->5988K(1380352K) Eden: 1362944K(1362944K)->0K(1362944K) From: 11244K(11264K)->5988K(17408K)
[1032.851s][info][gc,heap        ] GC(384) ParOldGen: 134284K(2796544K)->136921K(2796544K)
[1032.851s][info][gc,metaspace   ] GC(384) Metaspace: 78172K(79424K)->78172K(79424K) NonClass: 68608K(69120K)->68608K(69120K) Class: 9563K(10304K)->9563K(10304K)
[1032.851s][info][gc             ] GC(384) Pause Young (Allocation Failure) 1473M->139M(4079M) 3.093ms
[1032.851s][info][gc,cpu         ] GC(384) User=0.00s Sys=0.00s Real=0.00s
[1033.210s][info][gc,start       ] GC(385) Pause Young (System.gc())
[1033.212s][info][gc,heap        ] GC(385) PSYoungGen: 366446K(1380352K)->559K(1379840K) Eden: 360457K(1362944K)->0K(1362944K) From: 5988K(17408K)->559K(16896K)
[1033.212s][info][gc,heap        ] GC(385) ParOldGen: 136921K(2796544K)->139240K(2796544K)
[1033.212s][info][gc,metaspace   ] GC(385) Metaspace: 78173K(79424K)->78173K(79424K) NonClass: 68609K(69120K)->68609K(69120K) Class: 9563K(10304K)->9563K(10304K)
[1033.212s][info][gc             ] GC(385) Pause Young (System.gc()) 491M->136M(4078M) 1.639ms
[1033.212s][info][gc,cpu         ] GC(385) User=0.00s Sys=0.00s Real=0.00s
[1033.212s][info][gc,start       ] GC(386) Pause Full (System.gc())
[1033.212s][info][gc,phases,start] GC(386) Marking Phase
[1033.239s][info][gc,phases      ] GC(386) Marking Phase 27.238ms
[1033.239s][info][gc,phases,start] GC(386) Summary Phase
[1033.239s][info][gc,phases      ] GC(386) Summary Phase 0.012ms
[1033.239s][info][gc,phases,start] GC(386) Adjust Roots
[1033.250s][info][gc,phases      ] GC(386) Adjust Roots 10.506ms
[1033.250s][info][gc,phases,start] GC(386) Compaction Phase
[1033.264s][info][gc,phases      ] GC(386) Compaction Phase 14.250ms
[1033.264s][info][gc,phases,start] GC(386) Post Compact
[1033.267s][info][gc,phases      ] GC(386) Post Compact 3.220ms
[1033.267s][info][gc,heap        ] GC(386) PSYoungGen: 559K(1379840K)->0K(1379840K) Eden: 0K(1362944K)->0K(1362944K) From: 559K(16896K)->0K(16896K)
[1033.267s][info][gc,heap        ] GC(386) ParOldGen: 139240K(2796544K)->78778K(2796544K)
[1033.267s][info][gc,metaspace   ] GC(386) Metaspace: 78173K(79424K)->78173K(79424K) NonClass: 68609K(69120K)->68609K(69120K) Class: 9563K(10304K)->9563K(10304K)
[1033.267s][info][gc             ] GC(386) Pause Full (System.gc()) 136M->76M(4078M) 55.519ms
[1033.267s][info][gc,cpu         ] GC(386) User=0.22s Sys=0.00s Real=0.06s
[1036.472s][info][gc,start       ] GC(387) Pause Young (Allocation Failure)
[1036.475s][info][gc,heap        ] GC(387) PSYoungGen: 1362944K(1379840K)->5538K(1380352K) Eden: 1362944K(1362944K)->0K(1362944K) From: 0K(16896K)->5538K(17408K)
[1036.475s][info][gc,heap        ] GC(387) ParOldGen: 78778K(2796544K)->78778K(2796544K)
[1036.475s][info][gc,metaspace   ] GC(387) Metaspace: 78173K(79424K)->78173K(79424K) NonClass: 68609K(69120K)->68609K(69120K) Class: 9563K(10304K)->9563K(10304K)
[1036.475s][info][gc             ] GC(387) Pause Young (Allocation Failure) 1407M->82M(4079M) 2.775ms
[1036.475s][info][gc,cpu         ] GC(387) User=0.00s Sys=0.00s Real=0.00s
[1039.214s][info][gc,start       ] GC(388) Pause Young (Allocation Failure)
[1039.217s][info][gc,heap        ] GC(388) PSYoungGen: 1368002K(1380352K)->13844K(1377280K) Eden: 1362463K(1362944K)->0K(1360896K) From: 5538K(17408K)->13844K(16384K)
[1039.217s][info][gc,heap        ] GC(388) ParOldGen: 78778K(2796544K)->83098K(2796544K)
[1039.217s][info][gc,metaspace   ] GC(388) Metaspace: 78173K(79424K)->78173K(79424K) NonClass: 68609K(69120K)->68609K(69120K) Class: 9563K(10304K)->9563K(10304K)
[1039.217s][info][gc             ] GC(388) Pause Young (Allocation Failure) 1412M->94M(4076M) 3.694ms
[1039.217s][info][gc,cpu         ] GC(388) User=0.09s Sys=0.00s Real=0.00s
[1042.933s][info][gc,start       ] GC(389) Pause Young (Allocation Failure)
[1042.935s][info][gc,heap        ] GC(389) PSYoungGen: 1371013K(1377280K)->3995K(1379328K) Eden: 1357168K(1360896K)->0K(1360896K) From: 13844K(16384K)->3995K(18432K)
[1042.935s][info][gc,heap        ] GC(389) ParOldGen: 83098K(2796544K)->85777K(2796544K)
[1042.935s][info][gc,metaspace   ] GC(389) Metaspace: 78173K(79424K)->78173K(79424K) NonClass: 68609K(69120K)->68609K(69120K) Class: 9563K(10304K)->9563K(10304K)
[1042.936s][info][gc             ] GC(389) Pause Young (Allocation Failure) 1420M->87M(4078M) 2.188ms
[1042.936s][info][gc,cpu         ] GC(389) User=0.00s Sys=0.00s Real=0.00s
[1045.526s][info][gc,start       ] GC(390) Pause Young (Allocation Failure)
[1045.529s][info][gc,heap        ] GC(390) PSYoungGen: 1364891K(1379328K)->6020K(1380864K) Eden: 1360896K(1360896K)->0K(1362944K) From: 3995K(18432K)->6020K(17920K)
[1045.529s][info][gc,heap        ] GC(390) ParOldGen: 85777K(2796544K)->88779K(2796544K)
[1045.529s][info][gc,metaspace   ] GC(390) Metaspace: 78173K(79424K)->78173K(79424K) NonClass: 68609K(69120K)->68609K(69120K) Class: 9563K(10304K)->9563K(10304K)
[1045.529s][info][gc             ] GC(390) Pause Young (Allocation Failure) 1416M->92M(4079M) 3.044ms
[1045.529s][info][gc,cpu         ] GC(390) User=0.09s Sys=0.00s Real=0.01s
[1049.832s][info][gc,start       ] GC(391) Pause Young (Allocation Failure)
[1049.836s][info][gc,heap        ] GC(391) PSYoungGen: 1368964K(1380864K)->4726K(1379840K) Eden: 1362944K(1362944K)->0K(1362944K) From: 6020K(17920K)->4726K(16896K)
[1049.836s][info][gc,heap        ] GC(391) ParOldGen: 88779K(2796544K)->93044K(2796544K)
[1049.836s][info][gc,metaspace   ] GC(391) Metaspace: 78173K(79424K)->78173K(79424K) NonClass: 68609K(69120K)->68609K(69120K) Class: 9563K(10304K)->9563K(10304K)
[1049.836s][info][gc             ] GC(391) Pause Young (Allocation Failure) 1423M->95M(4078M) 3.760ms
[1049.836s][info][gc,cpu         ] GC(391) User=0.00s Sys=0.00s Real=0.00s
[1052.027s][info][gc,start       ] GC(392) Pause Young (Allocation Failure)
[1052.030s][info][gc,heap        ] GC(392) PSYoungGen: 1367670K(1379840K)->6695K(1382400K) Eden: 1362944K(1362944K)->0K(1366016K) From: 4726K(16896K)->6695K(16384K)
[1052.030s][info][gc,heap        ] GC(392) ParOldGen: 93044K(2796544K)->95896K(2796544K)
[1052.030s][info][gc,metaspace   ] GC(392) Metaspace: 78173K(79424K)->78173K(79424K) NonClass: 68609K(69120K)->68609K(69120K) Class: 9563K(10304K)->9563K(10304K)
[1052.030s][info][gc             ] GC(392) Pause Young (Allocation Failure) 1426M->100M(4081M) 3.070ms
[1052.030s][info][gc,cpu         ] GC(392) User=0.02s Sys=0.02s Real=0.00s
[1056.408s][info][gc,start       ] GC(393) Pause Young (Allocation Failure)
[1056.411s][info][gc,heap        ] GC(393) PSYoungGen: 1372711K(1382400K)->5912K(1381376K) Eden: 1366016K(1366016K)->0K(1366016K) From: 6695K(16384K)->5912K(15360K)
[1056.411s][info][gc,heap        ] GC(393) ParOldGen: 95896K(2796544K)->100543K(2796544K)
[1056.411s][info][gc,metaspace   ] GC(393) Metaspace: 78173K(79424K)->78173K(79424K) NonClass: 68609K(69120K)->68609K(69120K) Class: 9563K(10304K)->9563K(10304K)
[1056.411s][info][gc             ] GC(393) Pause Young (Allocation Failure) 1434M->103M(4080M) 3.609ms
[1056.411s][info][gc,cpu         ] GC(393) User=0.00s Sys=0.00s Real=0.00s
[1059.185s][info][gc,start       ] GC(394) Pause Young (Allocation Failure)
[1059.188s][info][gc,heap        ] GC(394) PSYoungGen: 1371928K(1381376K)->5470K(1383424K) Eden: 1366016K(1366016K)->0K(1368576K) From: 5912K(15360K)->5470K(14848K)
[1059.188s][info][gc,heap        ] GC(394) ParOldGen: 100543K(2796544K)->104443K(2796544K)
[1059.188s][info][gc,metaspace   ] GC(394) Metaspace: 78174K(79424K)->78174K(79424K) NonClass: 68610K(69120K)->68610K(69120K) Class: 9563K(10304K)->9563K(10304K)
[1059.188s][info][gc             ] GC(394) Pause Young (Allocation Failure) 1437M->107M(4082M) 3.332ms
[1059.188s][info][gc,cpu         ] GC(394) User=0.00s Sys=0.00s Real=0.01s
[1061.424s][info][gc,start       ] GC(395) Pause Young (Allocation Failure)
[1061.427s][info][gc,heap        ] GC(395) PSYoungGen: 1373469K(1383424K)->6279K(1382912K) Eden: 1367999K(1368576K)->0K(1368576K) From: 5470K(14848K)->6279K(14336K)
[1061.427s][info][gc,heap        ] GC(395) ParOldGen: 104443K(2796544K)->108408K(2796544K)
[1061.427s][info][gc,metaspace   ] GC(395) Metaspace: 78174K(79424K)->78174K(79424K) NonClass: 68610K(69120K)->68610K(69120K) Class: 9563K(10304K)->9563K(10304K)
[1061.427s][info][gc             ] GC(395) Pause Young (Allocation Failure) 1443M->112M(4081M) 3.142ms
[1061.427s][info][gc,cpu         ] GC(395) User=0.00s Sys=0.00s Real=0.00s
[1064.076s][info][gc,start       ] GC(396) Pause Young (Allocation Failure)
[1064.079s][info][gc,heap        ] GC(396) PSYoungGen: 1374855K(1382912K)->5642K(1384448K) Eden: 1368576K(1368576K)->0K(1370624K) From: 6279K(14336K)->5642K(13824K)
[1064.079s][info][gc,heap        ] GC(396) ParOldGen: 108408K(2796544K)->113410K(2796544K)
[1064.079s][info][gc,metaspace   ] GC(396) Metaspace: 78174K(79424K)->78174K(79424K) NonClass: 68610K(69120K)->68610K(69120K) Class: 9563K(10304K)->9563K(10304K)
[1064.079s][info][gc             ] GC(396) Pause Young (Allocation Failure) 1448M->116M(4083M) 3.398ms
[1064.079s][info][gc,cpu         ] GC(396) User=0.00s Sys=0.00s Real=0.02s
[1066.853s][info][gc,start       ] GC(397) Pause Young (Allocation Failure)
[1066.859s][info][gc,heap        ] GC(397) PSYoungGen: 1375229K(1384448K)->13281K(1383936K) Eden: 1369587K(1370624K)->0K(1370624K) From: 5642K(13824K)->13281K(13312K)
[1066.859s][info][gc,heap        ] GC(397) ParOldGen: 113410K(2796544K)->127335K(2796544K)
[1066.859s][info][gc,metaspace   ] GC(397) Metaspace: 78174K(79424K)->78174K(79424K) NonClass: 68610K(69120K)->68610K(69120K) Class: 9563K(10304K)->9563K(10304K)
[1066.859s][info][gc             ] GC(397) Pause Young (Allocation Failure) 1453M->137M(4082M) 5.993ms
[1066.859s][info][gc,cpu         ] GC(397) User=0.09s Sys=0.00s Real=0.00s
[1070.132s][info][gc,start       ] GC(398) Pause Young (Allocation Failure)
[1070.135s][info][gc,heap        ] GC(398) PSYoungGen: 1383905K(1383936K)->4574K(1371648K) Eden: 1370624K(1370624K)->0K(1357824K) From: 13281K(13312K)->4574K(13824K)
[1070.135s][info][gc,heap        ] GC(398) ParOldGen: 127335K(2796544K)->130300K(2796544K)
[1070.135s][info][gc,metaspace   ] GC(398) Metaspace: 78174K(79424K)->78174K(79424K) NonClass: 68610K(69120K)->68610K(69120K) Class: 9563K(10304K)->9563K(10304K)
[1070.135s][info][gc             ] GC(398) Pause Young (Allocation Failure) 1475M->131M(4070M) 2.699ms
[1070.135s][info][gc,cpu         ] GC(398) User=0.00s Sys=0.00s Real=0.01s
[1070.563s][info][gc,start       ] GC(399) Pause Young (System.gc())
[1070.564s][info][gc,heap        ] GC(399) PSYoungGen: 430880K(1371648K)->736K(1377792K) Eden: 426306K(1357824K)->0K(1357824K) From: 4574K(13824K)->736K(19968K)
[1070.564s][info][gc,heap        ] GC(399) ParOldGen: 130300K(2796544K)->132418K(2796544K)
[1070.564s][info][gc,metaspace   ] GC(399) Metaspace: 78174K(79424K)->78174K(79424K) NonClass: 68610K(69120K)->68610K(69120K) Class: 9563K(10304K)->9563K(10304K)
[1070.564s][info][gc             ] GC(399) Pause Young (System.gc()) 548M->130M(4076M) 1.489ms
[1070.564s][info][gc,cpu         ] GC(399) User=0.00s Sys=0.00s Real=0.00s
[1070.564s][info][gc,start       ] GC(400) Pause Full (System.gc())
[1070.564s][info][gc,phases,start] GC(400) Marking Phase
[1070.590s][info][gc,phases      ] GC(400) Marking Phase 25.566ms
[1070.590s][info][gc,phases,start] GC(400) Summary Phase
[1070.590s][info][gc,phases      ] GC(400) Summary Phase 0.010ms
[1070.590s][info][gc,phases,start] GC(400) Adjust Roots
[1070.601s][info][gc,phases      ] GC(400) Adjust Roots 10.510ms
[1070.601s][info][gc,phases,start] GC(400) Compaction Phase
[1070.613s][info][gc,phases      ] GC(400) Compaction Phase 11.914ms
[1070.613s][info][gc,phases,start] GC(400) Post Compact
[1070.614s][info][gc,phases      ] GC(400) Post Compact 1.058ms
[1070.614s][info][gc,heap        ] GC(400) PSYoungGen: 736K(1377792K)->0K(1377792K) Eden: 0K(1357824K)->0K(1357824K) From: 736K(19968K)->0K(19968K)
[1070.614s][info][gc,heap        ] GC(400) ParOldGen: 132418K(2796544K)->78693K(2796544K)
[1070.614s][info][gc,metaspace   ] GC(400) Metaspace: 78174K(79424K)->78174K(79424K) NonClass: 68610K(69120K)->68610K(69120K) Class: 9563K(10304K)->9563K(10304K)
[1070.614s][info][gc             ] GC(400) Pause Full (System.gc()) 130M->76M(4076M) 49.388ms
[1070.614s][info][gc,cpu         ] GC(400) User=0.19s Sys=0.02s Real=0.05s
[1073.863s][info][gc,start       ] GC(401) Pause Young (Allocation Failure)
[1073.866s][info][gc,heap        ] GC(401) PSYoungGen: 1357824K(1377792K)->5742K(1378816K) Eden: 1357824K(1357824K)->0K(1358848K) From: 0K(19968K)->5742K(19968K)
[1073.866s][info][gc,heap        ] GC(401) ParOldGen: 78693K(2796544K)->78693K(2796544K)
[1073.866s][info][gc,metaspace   ] GC(401) Metaspace: 78174K(79424K)->78174K(79424K) NonClass: 68610K(69120K)->68610K(69120K) Class: 9563K(10304K)->9563K(10304K)
[1073.866s][info][gc             ] GC(401) Pause Young (Allocation Failure) 1402M->82M(4077M) 2.595ms
[1073.866s][info][gc,cpu         ] GC(401) User=0.00s Sys=0.00s Real=0.00s
[1076.644s][info][gc,start       ] GC(402) Pause Young (Allocation Failure)
[1076.647s][info][gc,heap        ] GC(402) PSYoungGen: 1364590K(1378816K)->5015K(1377792K) Eden: 1358848K(1358848K)->0K(1358848K) From: 5742K(19968K)->5015K(18944K)
[1076.647s][info][gc,heap        ] GC(402) ParOldGen: 78693K(2796544K)->83089K(2796544K)
[1076.647s][info][gc,metaspace   ] GC(402) Metaspace: 78175K(79424K)->78175K(79424K) NonClass: 68611K(69120K)->68611K(69120K) Class: 9563K(10304K)->9563K(10304K)
[1076.647s][info][gc             ] GC(402) Pause Young (Allocation Failure) 1409M->86M(4076M) 2.653ms
[1076.647s][info][gc,cpu         ] GC(402) User=0.00s Sys=0.00s Real=0.00s
[1080.255s][info][gc,start       ] GC(403) Pause Young (Allocation Failure)
[1080.258s][info][gc,heap        ] GC(403) PSYoungGen: 1363863K(1377792K)->5900K(1380352K) Eden: 1358848K(1358848K)->0K(1361920K) From: 5015K(18944K)->5900K(18432K)
[1080.258s][info][gc,heap        ] GC(403) ParOldGen: 83089K(2796544K)->85795K(2796544K)
[1080.258s][info][gc,metaspace   ] GC(403) Metaspace: 78175K(79424K)->78175K(79424K) NonClass: 68611K(69120K)->68611K(69120K) Class: 9563K(10304K)->9563K(10304K)
[1080.258s][info][gc             ] GC(403) Pause Young (Allocation Failure) 1413M->89M(4079M) 3.340ms
[1080.258s][info][gc,cpu         ] GC(403) User=0.00s Sys=0.00s Real=0.00s
[1082.963s][info][gc,start       ] GC(404) Pause Young (Allocation Failure)
[1082.966s][info][gc,heap        ] GC(404) PSYoungGen: 1367618K(1380352K)->5914K(1379328K) Eden: 1361717K(1361920K)->0K(1361920K) From: 5900K(18432K)->5914K(17408K)
[1082.967s][info][gc,heap        ] GC(404) ParOldGen: 85795K(2796544K)->88792K(2796544K)
[1082.967s][info][gc,metaspace   ] GC(404) Metaspace: 78175K(79424K)->78175K(79424K) NonClass: 68611K(69120K)->68611K(69120K) Class: 9563K(10304K)->9563K(10304K)
[1082.967s][info][gc             ] GC(404) Pause Young (Allocation Failure) 1419M->92M(4078M) 3.524ms
[1082.967s][info][gc,cpu         ] GC(404) User=0.06s Sys=0.00s Real=0.00s
[1087.335s][info][gc,start       ] GC(405) Pause Young (Allocation Failure)
[1087.339s][info][gc,heap        ] GC(405) PSYoungGen: 1367021K(1379328K)->4397K(1381888K) Eden: 1361106K(1361920K)->0K(1365504K) From: 5914K(17408K)->4397K(16384K)
[1087.339s][info][gc,heap        ] GC(405) ParOldGen: 88792K(2796544K)->93125K(2796544K)
[1087.339s][info][gc,metaspace   ] GC(405) Metaspace: 78175K(79424K)->78175K(79424K) NonClass: 68611K(69120K)->68611K(69120K) Class: 9563K(10304K)->9563K(10304K)
[1087.339s][info][gc             ] GC(405) Pause Young (Allocation Failure) 1421M->95M(4080M) 3.953ms
[1087.339s][info][gc,cpu         ] GC(405) User=0.00s Sys=0.00s Real=0.00s
[1089.536s][info][gc,start       ] GC(406) Pause Young (Allocation Failure)
[1089.539s][info][gc,heap        ] GC(406) PSYoungGen: 1369348K(1381888K)->5982K(1381376K) Eden: 1364951K(1365504K)->0K(1365504K) From: 4397K(16384K)->5982K(15872K)
[1089.539s][info][gc,heap        ] GC(406) ParOldGen: 93125K(2796544K)->95946K(2796544K)
[1089.539s][info][gc,metaspace   ] GC(406) Metaspace: 78175K(79424K)->78175K(79424K) NonClass: 68611K(69120K)->68611K(69120K) Class: 9563K(10304K)->9563K(10304K)
[1089.539s][info][gc             ] GC(406) Pause Young (Allocation Failure) 1428M->99M(4080M) 3.064ms
[1089.539s][info][gc,cpu         ] GC(406) User=0.00s Sys=0.00s Real=0.01s
[1093.789s][info][gc,start       ] GC(407) Pause Young (Allocation Failure)
[1093.792s][info][gc,heap        ] GC(407) PSYoungGen: 1371486K(1381376K)->5812K(1383424K) Eden: 1365504K(1365504K)->0K(1368064K) From: 5982K(15872K)->5812K(15360K)
[1093.792s][info][gc,heap        ] GC(407) ParOldGen: 95946K(2796544K)->100626K(2796544K)
[1093.792s][info][gc,metaspace   ] GC(407) Metaspace: 78178K(79424K)->78178K(79424K) NonClass: 68614K(69120K)->68614K(69120K) Class: 9563K(10304K)->9563K(10304K)
[1093.792s][info][gc             ] GC(407) Pause Young (Allocation Failure) 1433M->103M(4082M) 3.286ms
[1093.792s][info][gc,cpu         ] GC(407) User=0.00s Sys=0.00s Real=0.00s
[1096.708s][info][gc,start       ] GC(408) Pause Young (Allocation Failure)
[1096.712s][info][gc,heap        ] GC(408) PSYoungGen: 1373876K(1383424K)->8012K(1382400K) Eden: 1368064K(1368064K)->0K(1368064K) From: 5812K(15360K)->8012K(14336K)
[1096.712s][info][gc,heap        ] GC(408) ParOldGen: 100626K(2796544K)->104681K(2796544K)
[1096.712s][info][gc,metaspace   ] GC(408) Metaspace: 78178K(79424K)->78178K(79424K) NonClass: 68614K(69120K)->68614K(69120K) Class: 9563K(10304K)->9563K(10304K)
[1096.712s][info][gc             ] GC(408) Pause Young (Allocation Failure) 1439M->110M(4081M) 3.479ms
[1096.712s][info][gc,cpu         ] GC(408) User=0.00s Sys=0.00s Real=0.00s
[1098.913s][info][gc,start       ] GC(409) Pause Young (Allocation Failure)
[1098.916s][info][gc,heap        ] GC(409) PSYoungGen: 1372732K(1382400K)->5871K(1383936K) Eden: 1364719K(1368064K)->0K(1369600K) From: 8012K(14336K)->5871K(14336K)
[1098.916s][info][gc,heap        ] GC(409) ParOldGen: 104681K(2796544K)->108617K(2796544K)
[1098.916s][info][gc,metaspace   ] GC(409) Metaspace: 78178K(79424K)->78178K(79424K) NonClass: 68614K(69120K)->68614K(69120K) Class: 9563K(10304K)->9563K(10304K)
[1098.916s][info][gc             ] GC(409) Pause Young (Allocation Failure) 1442M->111M(4082M) 2.766ms
[1098.916s][info][gc,cpu         ] GC(409) User=0.00s Sys=0.00s Real=0.00s
[1101.529s][info][gc,start       ] GC(410) Pause Young (Allocation Failure)
[1101.533s][info][gc,heap        ] GC(410) PSYoungGen: 1375471K(1383936K)->5692K(1383424K) Eden: 1369600K(1369600K)->0K(1369600K) From: 5871K(14336K)->5692K(13824K)
[1101.533s][info][gc,heap        ] GC(410) ParOldGen: 108617K(2796544K)->113599K(2796544K)
[1101.533s][info][gc,metaspace   ] GC(410) Metaspace: 78178K(79424K)->78178K(79424K) NonClass: 68614K(69120K)->68614K(69120K) Class: 9563K(10304K)->9563K(10304K)
[1101.533s][info][gc             ] GC(410) Pause Young (Allocation Failure) 1449M->116M(4082M) 3.566ms
[1101.533s][info][gc,cpu         ] GC(410) User=0.00s Sys=0.00s Real=0.00s
[1104.343s][info][gc,start       ] GC(411) Pause Young (Allocation Failure)
[1104.350s][info][gc,heap        ] GC(411) PSYoungGen: 1375161K(1383424K)->13281K(1367040K) Eden: 1369469K(1369600K)->0K(1353728K) From: 5692K(13824K)->13281K(13312K)
[1104.350s][info][gc,heap        ] GC(411) ParOldGen: 113599K(2796544K)->131994K(2796544K)
[1104.350s][info][gc,metaspace   ] GC(411) Metaspace: 78178K(79424K)->78178K(79424K) NonClass: 68614K(69120K)->68614K(69120K) Class: 9563K(10304K)->9563K(10304K)
[1104.350s][info][gc             ] GC(411) Pause Young (Allocation Failure) 1453M->141M(4066M) 6.929ms
[1104.350s][info][gc,cpu         ] GC(411) User=0.00s Sys=0.00s Real=0.01s
[1107.640s][info][gc,start       ] GC(412) Pause Young (Allocation Failure)
[1107.643s][info][gc,heap        ] GC(412) PSYoungGen: 1367009K(1367040K)->4466K(1375744K) Eden: 1353728K(1353728K)->0K(1353728K) From: 13281K(13312K)->4466K(22016K)
[1107.643s][info][gc,heap        ] GC(412) ParOldGen: 131994K(2796544K)->136347K(2796544K)
[1107.643s][info][gc,metaspace   ] GC(412) Metaspace: 78178K(79424K)->78178K(79424K) NonClass: 68614K(69120K)->68614K(69120K) Class: 9563K(10304K)->9563K(10304K)
[1107.643s][info][gc             ] GC(412) Pause Young (Allocation Failure) 1463M->137M(4074M) 3.045ms
[1107.643s][info][gc,cpu         ] GC(412) User=0.00s Sys=0.00s Real=0.01s
[1108.068s][info][gc,start       ] GC(413) Pause Young (System.gc())
[1108.070s][info][gc,heap        ] GC(413) PSYoungGen: 434130K(1375744K)->800K(1376256K) Eden: 429663K(1353728K)->0K(1354752K) From: 4466K(22016K)->800K(21504K)
[1108.070s][info][gc,heap        ] GC(413) ParOldGen: 136347K(2796544K)->138462K(2796544K)
[1108.070s][info][gc,metaspace   ] GC(413) Metaspace: 78178K(79424K)->78178K(79424K) NonClass: 68614K(69120K)->68614K(69120K) Class: 9563K(10304K)->9563K(10304K)
[1108.070s][info][gc             ] GC(413) Pause Young (System.gc()) 557M->135M(4075M) 1.559ms
[1108.070s][info][gc,cpu         ] GC(413) User=0.00s Sys=0.00s Real=0.00s
[1108.070s][info][gc,start       ] GC(414) Pause Full (System.gc())
[1108.070s][info][gc,phases,start] GC(414) Marking Phase
[1108.097s][info][gc,phases      ] GC(414) Marking Phase 26.981ms
[1108.097s][info][gc,phases,start] GC(414) Summary Phase
[1108.097s][info][gc,phases      ] GC(414) Summary Phase 0.011ms
[1108.097s][info][gc,phases,start] GC(414) Adjust Roots
[1108.107s][info][gc,phases      ] GC(414) Adjust Roots 10.419ms
[1108.107s][info][gc,phases,start] GC(414) Compaction Phase
[1108.119s][info][gc,phases      ] GC(414) Compaction Phase 11.438ms
[1108.119s][info][gc,phases,start] GC(414) Post Compact
[1108.120s][info][gc,phases      ] GC(414) Post Compact 1.085ms
[1108.120s][info][gc,heap        ] GC(414) PSYoungGen: 800K(1376256K)->0K(1376256K) Eden: 0K(1354752K)->0K(1354752K) From: 800K(21504K)->0K(21504K)
[1108.120s][info][gc,heap        ] GC(414) ParOldGen: 138462K(2796544K)->81198K(2796544K)
[1108.120s][info][gc,metaspace   ] GC(414) Metaspace: 78178K(79424K)->78178K(79424K) NonClass: 68614K(69120K)->68614K(69120K) Class: 9563K(10304K)->9563K(10304K)
[1108.120s][info][gc             ] GC(414) Pause Full (System.gc()) 135M->79M(4075M) 50.240ms
[1108.120s][info][gc,cpu         ] GC(414) User=0.12s Sys=0.00s Real=0.05s
[1111.385s][info][gc,start       ] GC(415) Pause Young (Allocation Failure)
[1111.388s][info][gc,heap        ] GC(415) PSYoungGen: 1352179K(1376256K)->5659K(1376256K) Eden: 1352179K(1354752K)->0K(1354752K) From: 0K(21504K)->5659K(21504K)
[1111.388s][info][gc,heap        ] GC(415) ParOldGen: 81198K(2796544K)->81198K(2796544K)
[1111.388s][info][gc,metaspace   ] GC(415) Metaspace: 78178K(79424K)->78178K(79424K) NonClass: 68614K(69120K)->68614K(69120K) Class: 9563K(10304K)->9563K(10304K)
[1111.388s][info][gc             ] GC(415) Pause Young (Allocation Failure) 1399M->84M(4075M) 2.513ms
[1111.388s][info][gc,cpu         ] GC(415) User=0.08s Sys=0.00s Real=0.00s
[1114.222s][info][gc,start       ] GC(416) Pause Young (Allocation Failure)
[1114.225s][info][gc,heap        ] GC(416) PSYoungGen: 1360411K(1376256K)->4606K(1378304K) Eden: 1354752K(1354752K)->0K(1357824K) From: 5659K(21504K)->4606K(20480K)
[1114.225s][info][gc,heap        ] GC(416) ParOldGen: 81198K(2796544K)->85540K(2796544K)
[1114.225s][info][gc,metaspace   ] GC(416) Metaspace: 78178K(79424K)->78178K(79424K) NonClass: 68614K(69120K)->68614K(69120K) Class: 9563K(10304K)->9563K(10304K)
[1114.225s][info][gc             ] GC(416) Pause Young (Allocation Failure) 1407M->88M(4077M) 3.021ms
[1114.225s][info][gc,cpu         ] GC(416) User=0.00s Sys=0.00s Real=0.02s
[1117.808s][info][gc,start       ] GC(417) Pause Young (Allocation Failure)
[1117.811s][info][gc,heap        ] GC(417) PSYoungGen: 1362430K(1378304K)->4807K(1377280K) Eden: 1357824K(1357824K)->0K(1357824K) From: 4606K(20480K)->4807K(19456K)
[1117.811s][info][gc,heap        ] GC(417) ParOldGen: 85540K(2796544K)->88192K(2796544K)
[1117.811s][info][gc,metaspace   ] GC(417) Metaspace: 78178K(79424K)->78178K(79424K) NonClass: 68614K(69120K)->68614K(69120K) Class: 9563K(10304K)->9563K(10304K)
[1117.811s][info][gc             ] GC(417) Pause Young (Allocation Failure) 1414M->90M(4076M) 2.777ms
[1117.811s][info][gc,cpu         ] GC(417) User=0.02s Sys=0.00s Real=0.00s
[1120.402s][info][gc,start       ] GC(418) Pause Young (Allocation Failure)
[1120.405s][info][gc,heap        ] GC(418) PSYoungGen: 1362631K(1377280K)->6218K(1379840K) Eden: 1357824K(1357824K)->0K(1360896K) From: 4807K(19456K)->6218K(18944K)
[1120.405s][info][gc,heap        ] GC(418) ParOldGen: 88192K(2796544K)->91192K(2796544K)
[1120.405s][info][gc,metaspace   ] GC(418) Metaspace: 78178K(79424K)->78178K(79424K) NonClass: 68614K(69120K)->68614K(69120K) Class: 9563K(10304K)->9563K(10304K)
[1120.405s][info][gc             ] GC(418) Pause Young (Allocation Failure) 1416M->95M(4078M) 3.015ms
[1120.405s][info][gc,cpu         ] GC(418) User=0.00s Sys=0.00s Real=0.00s
[1124.839s][info][gc,start       ] GC(419) Pause Young (Allocation Failure)
[1124.842s][info][gc,heap        ] GC(419) PSYoungGen: 1367114K(1379840K)->4740K(1378816K) Eden: 1360896K(1360896K)->0K(1360896K) From: 6218K(18944K)->4740K(17920K)
[1124.842s][info][gc,heap        ] GC(419) ParOldGen: 91192K(2796544K)->95513K(2796544K)
[1124.842s][info][gc,metaspace   ] GC(419) Metaspace: 78178K(79424K)->78178K(79424K) NonClass: 68614K(69120K)->68614K(69120K) Class: 9563K(10304K)->9563K(10304K)
[1124.842s][info][gc             ] GC(419) Pause Young (Allocation Failure) 1424M->97M(4077M) 3.557ms
[1124.842s][info][gc,cpu         ] GC(419) User=0.08s Sys=0.00s Real=0.00s
[1127.032s][info][gc,start       ] GC(420) Pause Young (Allocation Failure)
[1127.035s][info][gc,heap        ] GC(420) PSYoungGen: 1365636K(1378816K)->6401K(1381376K) Eden: 1360896K(1360896K)->0K(1364480K) From: 4740K(17920K)->6401K(16896K)
[1127.035s][info][gc,heap        ] GC(420) ParOldGen: 95513K(2796544K)->98350K(2796544K)
[1127.035s][info][gc,metaspace   ] GC(420) Metaspace: 78182K(79488K)->78182K(79488K) NonClass: 68619K(69184K)->68619K(69184K) Class: 9563K(10304K)->9563K(10304K)
[1127.035s][info][gc             ] GC(420) Pause Young (Allocation Failure) 1426M->102M(4080M) 2.849ms
[1127.035s][info][gc,cpu         ] GC(420) User=0.00s Sys=0.00s Real=0.00s
[1131.319s][info][gc,start       ] GC(421) Pause Young (Allocation Failure)
[1131.323s][info][gc,heap        ] GC(421) PSYoungGen: 1370881K(1381376K)->9386K(1380864K) Eden: 1364480K(1364480K)->0K(1364480K) From: 6401K(16896K)->9386K(16384K)
[1131.323s][info][gc,heap        ] GC(421) ParOldGen: 98350K(2796544K)->103011K(2796544K)
[1131.323s][info][gc,metaspace   ] GC(421) Metaspace: 78182K(79488K)->78182K(79488K) NonClass: 68619K(69184K)->68619K(69184K) Class: 9563K(10304K)->9563K(10304K)
[1131.323s][info][gc             ] GC(421) Pause Young (Allocation Failure) 1434M->109M(4079M) 4.067ms
[1131.323s][info][gc,cpu         ] GC(421) User=0.00s Sys=0.00s Real=0.00s
[1134.115s][info][gc,start       ] GC(422) Pause Young (Allocation Failure)
[1134.119s][info][gc,heap        ] GC(422) PSYoungGen: 1373866K(1380864K)->7422K(1382400K) Eden: 1364480K(1364480K)->0K(1366016K) From: 9386K(16384K)->7422K(16384K)
[1134.119s][info][gc,heap        ] GC(422) ParOldGen: 103011K(2796544K)->106881K(2796544K)
[1134.119s][info][gc,metaspace   ] GC(422) Metaspace: 78182K(79488K)->78182K(79488K) NonClass: 68619K(69184K)->68619K(69184K) Class: 9563K(10304K)->9563K(10304K)
[1134.119s][info][gc             ] GC(422) Pause Young (Allocation Failure) 1442M->111M(4081M) 3.244ms
[1134.119s][info][gc,cpu         ] GC(422) User=0.00s Sys=0.00s Real=0.00s
[1136.303s][info][gc,start       ] GC(423) Pause Young (Allocation Failure)
[1136.307s][info][gc,heap        ] GC(423) PSYoungGen: 1373438K(1382400K)->6576K(1381376K) Eden: 1366016K(1366016K)->0K(1366016K) From: 7422K(16384K)->6576K(15360K)
[1136.307s][info][gc,heap        ] GC(423) ParOldGen: 106881K(2796544K)->110813K(2796544K)
[1136.307s][info][gc,metaspace   ] GC(423) Metaspace: 78182K(79488K)->78182K(79488K) NonClass: 68619K(69184K)->68619K(69184K) Class: 9563K(10304K)->9563K(10304K)
[1136.307s][info][gc             ] GC(423) Pause Young (Allocation Failure) 1445M->114M(4080M) 3.135ms
[1136.307s][info][gc,cpu         ] GC(423) User=0.00s Sys=0.00s Real=0.00s
[1138.973s][info][gc,start       ] GC(424) Pause Young (Allocation Failure)
[1138.976s][info][gc,heap        ] GC(424) PSYoungGen: 1369620K(1381376K)->5802K(1383424K) Eden: 1363044K(1366016K)->0K(1368576K) From: 6576K(15360K)->5802K(14848K)
[1138.976s][info][gc,heap        ] GC(424) ParOldGen: 110813K(2796544K)->115793K(2796544K)
[1138.977s][info][gc,metaspace   ] GC(424) Metaspace: 78182K(79488K)->78182K(79488K) NonClass: 68619K(69184K)->68619K(69184K) Class: 9563K(10304K)->9563K(10304K)
[1138.977s][info][gc             ] GC(424) Pause Young (Allocation Failure) 1445M->118M(4082M) 3.527ms
[1138.977s][info][gc,cpu         ] GC(424) User=0.00s Sys=0.00s Real=0.01s
[1141.778s][info][gc,start       ] GC(425) Pause Young (Allocation Failure)
[1141.781s][info][gc,heap        ] GC(425) PSYoungGen: 1374378K(1383424K)->5002K(1382912K) Eden: 1368576K(1368576K)->0K(1368576K) From: 5802K(14848K)->5002K(14336K)
[1141.781s][info][gc,heap        ] GC(425) ParOldGen: 115793K(2796544K)->120496K(2796544K)
[1141.781s][info][gc,metaspace   ] GC(425) Metaspace: 78182K(79488K)->78182K(79488K) NonClass: 68619K(69184K)->68619K(69184K) Class: 9563K(10304K)->9563K(10304K)
[1141.781s][info][gc             ] GC(425) Pause Young (Allocation Failure) 1455M->122M(4081M) 3.110ms
[1141.781s][info][gc,cpu         ] GC(425) User=0.00s Sys=0.00s Real=0.01s
[1145.014s][info][gc,start       ] GC(426) Pause Young (Allocation Failure)
[1145.019s][info][gc,heap        ] GC(426) PSYoungGen: 1373578K(1382912K)->9080K(1383936K) Eden: 1368576K(1368576K)->0K(1370112K) From: 5002K(14336K)->9080K(13824K)
[1145.019s][info][gc,heap        ] GC(426) ParOldGen: 120496K(2796544K)->123193K(2796544K)
[1145.019s][info][gc,metaspace   ] GC(426) Metaspace: 78182K(79488K)->78182K(79488K) NonClass: 68619K(69184K)->68619K(69184K) Class: 9563K(10304K)->9563K(10304K)
[1145.019s][info][gc             ] GC(426) Pause Young (Allocation Failure) 1459M->129M(4082M) 5.127ms
[1145.019s][info][gc,cpu         ] GC(426) User=0.00s Sys=0.00s Real=0.00s
[1145.452s][info][gc,start       ] GC(427) Pause Young (System.gc())
[1145.454s][info][gc,heap        ] GC(427) PSYoungGen: 459255K(1383936K)->832K(1371136K) Eden: 450174K(1370112K)->0K(1370112K) From: 9080K(13824K)->832K(1024K)
[1145.454s][info][gc,heap        ] GC(427) ParOldGen: 123193K(2796544K)->127267K(2796544K)
[1145.454s][info][gc,metaspace   ] GC(427) Metaspace: 78182K(79488K)->78182K(79488K) NonClass: 68619K(69184K)->68619K(69184K) Class: 9563K(10304K)->9563K(10304K)
[1145.454s][info][gc             ] GC(427) Pause Young (System.gc()) 568M->125M(4070M) 1.886ms
[1145.454s][info][gc,cpu         ] GC(427) User=0.00s Sys=0.00s Real=0.00s
[1145.454s][info][gc,start       ] GC(428) Pause Full (System.gc())
[1145.454s][info][gc,phases,start] GC(428) Marking Phase
[1145.480s][info][gc,phases      ] GC(428) Marking Phase 26.325ms
[1145.480s][info][gc,phases,start] GC(428) Summary Phase
[1145.480s][info][gc,phases      ] GC(428) Summary Phase 0.010ms
[1145.480s][info][gc,phases,start] GC(428) Adjust Roots
[1145.491s][info][gc,phases      ] GC(428) Adjust Roots 10.874ms
[1145.491s][info][gc,phases,start] GC(428) Compaction Phase
[1145.503s][info][gc,phases      ] GC(428) Compaction Phase 11.853ms
[1145.503s][info][gc,phases,start] GC(428) Post Compact
[1145.504s][info][gc,phases      ] GC(428) Post Compact 1.034ms
[1145.504s][info][gc,heap        ] GC(428) PSYoungGen: 832K(1371136K)->0K(1371136K) Eden: 0K(1370112K)->0K(1370112K) From: 832K(1024K)->0K(1024K)
[1145.504s][info][gc,heap        ] GC(428) ParOldGen: 127267K(2796544K)->80250K(2796544K)
[1145.504s][info][gc,metaspace   ] GC(428) Metaspace: 78182K(79488K)->78182K(79488K) NonClass: 68619K(69184K)->68619K(69184K) Class: 9563K(10304K)->9563K(10304K)
[1145.504s][info][gc             ] GC(428) Pause Full (System.gc()) 125M->78M(4070M) 50.408ms
[1145.504s][info][gc,cpu         ] GC(428) User=0.20s Sys=0.00s Real=0.05s
[1148.763s][info][gc,start       ] GC(429) Pause Young (Allocation Failure)
[1148.765s][info][gc,heap        ] GC(429) PSYoungGen: 1370112K(1371136K)->5108K(1383936K) Eden: 1370112K(1370112K)->0K(1369600K) From: 0K(1024K)->5108K(14336K)
[1148.765s][info][gc,heap        ] GC(429) ParOldGen: 80250K(2796544K)->80250K(2796544K)
[1148.765s][info][gc,metaspace   ] GC(429) Metaspace: 78182K(79488K)->78182K(79488K) NonClass: 68619K(69184K)->68619K(69184K) Class: 9563K(10304K)->9563K(10304K)
[1148.765s][info][gc             ] GC(429) Pause Young (Allocation Failure) 1416M->83M(4082M) 2.195ms
[1148.765s][info][gc,cpu         ] GC(429) User=0.00s Sys=0.00s Real=0.00s
[1151.530s][info][gc,start       ] GC(430) Pause Young (Allocation Failure)
[1151.533s][info][gc,heap        ] GC(430) PSYoungGen: 1374708K(1383936K)->6301K(1383424K) Eden: 1369600K(1369600K)->0K(1369600K) From: 5108K(14336K)->6301K(13824K)
[1151.533s][info][gc,heap        ] GC(430) ParOldGen: 80250K(2796544K)->84259K(2796544K)
[1151.533s][info][gc,metaspace   ] GC(430) Metaspace: 78182K(79488K)->78182K(79488K) NonClass: 68619K(69184K)->68619K(69184K) Class: 9563K(10304K)->9563K(10304K)
[1151.533s][info][gc             ] GC(430) Pause Young (Allocation Failure) 1420M->88M(4082M) 3.070ms
[1151.533s][info][gc,cpu         ] GC(430) User=0.00s Sys=0.00s Real=0.00s
[1155.439s][info][gc,start       ] GC(431) Pause Young (Allocation Failure)
[1155.442s][info][gc,heap        ] GC(431) PSYoungGen: 1373673K(1383424K)->4066K(1384960K) Eden: 1367372K(1369600K)->0K(1371648K) From: 6301K(13824K)->4066K(13312K)
[1155.442s][info][gc,heap        ] GC(431) ParOldGen: 84259K(2796544K)->86895K(2796544K)
[1155.442s][info][gc,metaspace   ] GC(431) Metaspace: 78182K(79488K)->78182K(79488K) NonClass: 68619K(69184K)->68619K(69184K) Class: 9563K(10304K)->9563K(10304K)
[1155.442s][info][gc             ] GC(431) Pause Young (Allocation Failure) 1423M->88M(4083M) 2.940ms
[1155.442s][info][gc,cpu         ] GC(431) User=0.00s Sys=0.00s Real=0.00s
[1157.872s][info][gc,start       ] GC(432) Pause Young (Allocation Failure)
[1157.875s][info][gc,heap        ] GC(432) PSYoungGen: 1375714K(1384960K)->6108K(1384448K) Eden: 1371648K(1371648K)->0K(1371648K) From: 4066K(13312K)->6108K(12800K)
[1157.875s][info][gc,heap        ] GC(432) ParOldGen: 86895K(2796544K)->89942K(2796544K)
[1157.875s][info][gc,metaspace   ] GC(432) Metaspace: 78182K(79488K)->78182K(79488K) NonClass: 68619K(69184K)->68619K(69184K) Class: 9563K(10304K)->9563K(10304K)
[1157.875s][info][gc             ] GC(432) Pause Young (Allocation Failure) 1428M->93M(4083M) 2.954ms
[1157.875s][info][gc,cpu         ] GC(432) User=0.00s Sys=0.00s Real=0.01s
[1162.365s][info][gc,start       ] GC(433) Pause Young (Allocation Failure)
[1162.369s][info][gc,heap        ] GC(433) PSYoungGen: 1377756K(1384448K)->4543K(1385984K) Eden: 1371648K(1371648K)->0K(1373696K) From: 6108K(12800K)->4543K(12288K)
[1162.369s][info][gc,heap        ] GC(433) ParOldGen: 89942K(2796544K)->94200K(2796544K)
[1162.369s][info][gc,metaspace   ] GC(433) Metaspace: 78182K(79488K)->78182K(79488K) NonClass: 68619K(69184K)->68619K(69184K) Class: 9563K(10304K)->9563K(10304K)
[1162.369s][info][gc             ] GC(433) Pause Young (Allocation Failure) 1433M->96M(4084M) 3.999ms
[1162.369s][info][gc,cpu         ] GC(433) User=0.00s Sys=0.00s Real=0.00s
[1164.548s][info][gc,start       ] GC(434) Pause Young (Allocation Failure)
[1164.551s][info][gc,heap        ] GC(434) PSYoungGen: 1378239K(1385984K)->7143K(1385472K) Eden: 1373696K(1373696K)->0K(1373696K) From: 4543K(12288K)->7143K(11776K)
[1164.551s][info][gc,heap        ] GC(434) ParOldGen: 94200K(2796544K)->97099K(2796544K)
[1164.551s][info][gc,metaspace   ] GC(434) Metaspace: 78182K(79488K)->78182K(79488K) NonClass: 68619K(69184K)->68619K(69184K) Class: 9563K(10304K)->9563K(10304K)
[1164.551s][info][gc             ] GC(434) Pause Young (Allocation Failure) 1437M->101M(4084M) 3.154ms
[1164.551s][info][gc,cpu         ] GC(434) User=0.00s Sys=0.00s Real=0.01s
[1168.636s][info][gc,start       ] GC(435) Pause Young (Allocation Failure)
[1168.641s][info][gc,heap        ] GC(435) PSYoungGen: 1380839K(1385472K)->10422K(1383936K) Eden: 1373696K(1373696K)->0K(1372160K) From: 7143K(11776K)->10422K(11776K)
[1168.641s][info][gc,heap        ] GC(435) ParOldGen: 97099K(2796544K)->101786K(2796544K)
[1168.641s][info][gc,metaspace   ] GC(435) Metaspace: 78182K(79488K)->78182K(79488K) NonClass: 68619K(69184K)->68619K(69184K) Class: 9563K(10304K)->9563K(10304K)
[1168.641s][info][gc             ] GC(435) Pause Young (Allocation Failure) 1443M->109M(4082M) 5.163ms
[1168.641s][info][gc,cpu         ] GC(435) User=0.09s Sys=0.00s Real=0.00s
[1171.679s][info][gc,start       ] GC(436) Pause Young (Allocation Failure)
[1171.682s][info][gc,heap        ] GC(436) PSYoungGen: 1380636K(1383936K)->4988K(1384960K) Eden: 1370213K(1372160K)->0K(1372160K) From: 10422K(11776K)->4988K(12800K)
[1171.682s][info][gc,heap        ] GC(436) ParOldGen: 101786K(2796544K)->105648K(2796544K)
[1171.682s][info][gc,metaspace   ] GC(436) Metaspace: 78182K(79488K)->78182K(79488K) NonClass: 68619K(69184K)->68619K(69184K) Class: 9563K(10304K)->9563K(10304K)
[1171.682s][info][gc             ] GC(436) Pause Young (Allocation Failure) 1447M->108M(4083M) 3.333ms
[1171.682s][info][gc,cpu         ] GC(436) User=0.00s Sys=0.00s Real=0.01s
[1173.931s][info][gc,start       ] GC(437) Pause Young (Allocation Failure)
[1173.934s][info][gc,heap        ] GC(437) PSYoungGen: 1377148K(1384960K)->6157K(1385984K) Eden: 1372160K(1372160K)->0K(1373696K) From: 4988K(12800K)->6157K(12288K)
[1173.934s][info][gc,heap        ] GC(437) ParOldGen: 105648K(2796544K)->109769K(2796544K)
[1173.934s][info][gc,metaspace   ] GC(437) Metaspace: 78182K(79488K)->78182K(79488K) NonClass: 68619K(69184K)->68619K(69184K) Class: 9563K(10304K)->9563K(10304K)
[1173.934s][info][gc             ] GC(437) Pause Young (Allocation Failure) 1448M->113M(4084M) 3.169ms
[1173.935s][info][gc,cpu         ] GC(437) User=0.09s Sys=0.00s Real=0.00s
[1176.332s][info][gc,start       ] GC(438) Pause Young (Allocation Failure)
[1176.336s][info][gc,heap        ] GC(438) PSYoungGen: 1379853K(1385984K)->5728K(1385472K) Eden: 1373696K(1373696K)->0K(1373696K) From: 6157K(12288K)->5728K(11776K)
[1176.336s][info][gc,heap        ] GC(438) ParOldGen: 109769K(2796544K)->114689K(2796544K)
[1176.336s][info][gc,metaspace   ] GC(438) Metaspace: 78182K(79488K)->78182K(79488K) NonClass: 68619K(69184K)->68619K(69184K) Class: 9563K(10304K)->9563K(10304K)
[1176.336s][info][gc             ] GC(438) Pause Young (Allocation Failure) 1454M->117M(4084M) 3.344ms
[1176.336s][info][gc,cpu         ] GC(438) User=0.00s Sys=0.00s Real=0.01s
[1179.062s][info][gc,start       ] GC(439) Pause Young (Allocation Failure)
[1179.066s][info][gc,heap        ] GC(439) PSYoungGen: 1375361K(1385472K)->7034K(1386496K) Eden: 1369632K(1373696K)->0K(1375232K) From: 5728K(11776K)->7034K(11264K)
[1179.066s][info][gc,heap        ] GC(439) ParOldGen: 114689K(2796544K)->119302K(2796544K)
[1179.066s][info][gc,metaspace   ] GC(439) Metaspace: 78187K(79488K)->78187K(79488K) NonClass: 68623K(69184K)->68623K(69184K) Class: 9563K(10304K)->9563K(10304K)
[1179.066s][info][gc             ] GC(439) Pause Young (Allocation Failure) 1455M->123M(4085M) 3.967ms
[1179.066s][info][gc,cpu         ] GC(439) User=0.00s Sys=0.00s Real=0.00s
[1182.489s][info][gc,start       ] GC(440) Pause Young (Allocation Failure)
[1182.492s][info][gc,heap        ] GC(440) PSYoungGen: 1379122K(1386496K)->5007K(1386496K) Eden: 1372087K(1375232K)->0K(1375232K) From: 7034K(11264K)->5007K(11264K)
[1182.492s][info][gc,heap        ] GC(440) ParOldGen: 119302K(2796544K)->121945K(2796544K)
[1182.492s][info][gc,metaspace   ] GC(440) Metaspace: 78187K(79488K)->78187K(79488K) NonClass: 68623K(69184K)->68623K(69184K) Class: 9563K(10304K)->9563K(10304K)
[1182.492s][info][gc             ] GC(440) Pause Young (Allocation Failure) 1463M->123M(4085M) 2.854ms
[1182.492s][info][gc,cpu         ] GC(440) User=0.00s Sys=0.00s Real=0.00s
[1182.777s][info][gc,start       ] GC(441) Pause Young (System.gc())
[1182.779s][info][gc,heap        ] GC(441) PSYoungGen: 352378K(1386496K)->512K(1385984K) Eden: 347370K(1375232K)->0K(1375232K) From: 5007K(11264K)->512K(10752K)
[1182.779s][info][gc,heap        ] GC(441) ParOldGen: 121945K(2796544K)->124185K(2796544K)
[1182.779s][info][gc,metaspace   ] GC(441) Metaspace: 78187K(79488K)->78187K(79488K) NonClass: 68623K(69184K)->68623K(69184K) Class: 9563K(10304K)->9563K(10304K)
[1182.779s][info][gc             ] GC(441) Pause Young (System.gc()) 463M->121M(4084M) 1.441ms
[1182.779s][info][gc,cpu         ] GC(441) User=0.00s Sys=0.00s Real=0.00s
[1182.779s][info][gc,start       ] GC(442) Pause Full (System.gc())
[1182.779s][info][gc,phases,start] GC(442) Marking Phase
[1182.803s][info][gc,phases      ] GC(442) Marking Phase 24.321ms
[1182.803s][info][gc,phases,start] GC(442) Summary Phase
[1182.803s][info][gc,phases      ] GC(442) Summary Phase 0.010ms
[1182.803s][info][gc,phases,start] GC(442) Adjust Roots
[1182.814s][info][gc,phases      ] GC(442) Adjust Roots 10.572ms
[1182.814s][info][gc,phases,start] GC(442) Compaction Phase
[1182.825s][info][gc,phases      ] GC(442) Compaction Phase 10.958ms
[1182.825s][info][gc,phases,start] GC(442) Post Compact
[1182.826s][info][gc,phases      ] GC(442) Post Compact 1.037ms
[1182.826s][info][gc,heap        ] GC(442) PSYoungGen: 512K(1385984K)->0K(1385984K) Eden: 0K(1375232K)->0K(1375232K) From: 512K(10752K)->0K(10752K)
[1182.826s][info][gc,heap        ] GC(442) ParOldGen: 124185K(2796544K)->78346K(2796544K)
[1182.826s][info][gc,metaspace   ] GC(442) Metaspace: 78187K(79488K)->78187K(79488K) NonClass: 68623K(69184K)->68623K(69184K) Class: 9563K(10304K)->9563K(10304K)
[1182.826s][info][gc             ] GC(442) Pause Full (System.gc()) 121M->76M(4084M) 47.198ms
[1182.826s][info][gc,cpu         ] GC(442) User=0.11s Sys=0.00s Real=0.05s
[1186.031s][info][gc,start       ] GC(443) Pause Young (Allocation Failure)
[1186.034s][info][gc,heap        ] GC(443) PSYoungGen: 1375232K(1385984K)->5027K(1386496K) Eden: 1375232K(1375232K)->0K(1375232K) From: 0K(10752K)->5027K(11264K)
[1186.034s][info][gc,heap        ] GC(443) ParOldGen: 78346K(2796544K)->78346K(2796544K)
[1186.034s][info][gc,metaspace   ] GC(443) Metaspace: 78187K(79488K)->78187K(79488K) NonClass: 68623K(69184K)->68623K(69184K) Class: 9563K(10304K)->9563K(10304K)
[1186.034s][info][gc             ] GC(443) Pause Young (Allocation Failure) 1419M->81M(4085M) 2.587ms
[1186.034s][info][gc,cpu         ] GC(443) User=0.00s Sys=0.00s Real=0.00s
[1188.775s][info][gc,start       ] GC(444) Pause Young (Allocation Failure)
[1188.779s][info][gc,heap        ] GC(444) PSYoungGen: 1377207K(1386496K)->11247K(1375232K) Eden: 1372180K(1375232K)->0K(1363968K) From: 5027K(11264K)->11247K(11264K)
[1188.780s][info][gc,heap        ] GC(444) ParOldGen: 78346K(2796544K)->89393K(2796544K)
[1188.780s][info][gc,metaspace   ] GC(444) Metaspace: 78187K(79488K)->78187K(79488K) NonClass: 68623K(69184K)->68623K(69184K) Class: 9563K(10304K)->9563K(10304K)
[1188.780s][info][gc             ] GC(444) Pause Young (Allocation Failure) 1421M->98M(4074M) 4.125ms
[1188.780s][info][gc,cpu         ] GC(444) User=0.09s Sys=0.00s Real=0.00s
[1192.748s][info][gc,start       ] GC(445) Pause Young (Allocation Failure)
[1192.750s][info][gc,heap        ] GC(445) PSYoungGen: 1375215K(1375232K)->4826K(1380864K) Eden: 1363968K(1363968K)->0K(1363968K) From: 11247K(11264K)->4826K(16896K)
[1192.750s][info][gc,heap        ] GC(445) ParOldGen: 89393K(2796544K)->90828K(2796544K)
[1192.750s][info][gc,metaspace   ] GC(445) Metaspace: 78187K(79488K)->78187K(79488K) NonClass: 68623K(69184K)->68623K(69184K) Class: 9563K(10304K)->9563K(10304K)
[1192.750s][info][gc             ] GC(445) Pause Young (Allocation Failure) 1430M->93M(4079M) 2.448ms
[1192.750s][info][gc,cpu         ] GC(445) User=0.00s Sys=0.00s Real=0.00s
[1195.182s][info][gc,start       ] GC(446) Pause Young (Allocation Failure)
[1195.185s][info][gc,heap        ] GC(446) PSYoungGen: 1368794K(1380864K)->5695K(1382400K) Eden: 1363968K(1363968K)->0K(1366016K) From: 4826K(16896K)->5695K(16384K)
[1195.185s][info][gc,heap        ] GC(446) ParOldGen: 90828K(2796544K)->93933K(2796544K)
[1195.185s][info][gc,metaspace   ] GC(446) Metaspace: 78187K(79488K)->78187K(79488K) NonClass: 68623K(69184K)->68623K(69184K) Class: 9563K(10304K)->9563K(10304K)
[1195.185s][info][gc             ] GC(446) Pause Young (Allocation Failure) 1425M->97M(4081M) 2.816ms
[1195.185s][info][gc,cpu         ] GC(446) User=0.09s Sys=0.00s Real=0.00s
[1199.604s][info][gc,start       ] GC(447) Pause Young (Allocation Failure)
[1199.607s][info][gc,heap        ] GC(447) PSYoungGen: 1371711K(1382400K)->4555K(1381376K) Eden: 1366016K(1366016K)->0K(1366016K) From: 5695K(16384K)->4555K(15360K)
[1199.607s][info][gc,heap        ] GC(447) ParOldGen: 93933K(2796544K)->98182K(2796544K)
[1199.607s][info][gc,metaspace   ] GC(447) Metaspace: 78188K(79488K)->78188K(79488K) NonClass: 68624K(69184K)->68624K(69184K) Class: 9563K(10304K)->9563K(10304K)
[1199.607s][info][gc             ] GC(447) Pause Young (Allocation Failure) 1431M->100M(4080M) 2.998ms
[1199.607s][info][gc,cpu         ] GC(447) User=0.08s Sys=0.00s Real=0.00s
[1201.724s][info][gc,start       ] GC(448) Pause Young (Allocation Failure)
[1201.727s][info][gc,heap        ] GC(448) PSYoungGen: 1370571K(1381376K)->6602K(1383424K) Eden: 1366016K(1366016K)->0K(1368576K) From: 4555K(15360K)->6602K(14848K)
[1201.728s][info][gc,heap        ] GC(448) ParOldGen: 98182K(2796544K)->101090K(2796544K)
[1201.728s][info][gc,metaspace   ] GC(448) Metaspace: 78188K(79488K)->78188K(79488K) NonClass: 68624K(69184K)->68624K(69184K) Class: 9563K(10304K)->9563K(10304K)
[1201.728s][info][gc             ] GC(448) Pause Young (Allocation Failure) 1434M->105M(4082M) 3.054ms
[1201.728s][info][gc,cpu         ] GC(448) User=0.00s Sys=0.00s Real=0.00s
[1205.936s][info][gc,start       ] GC(449) Pause Young (Allocation Failure)
[1205.940s][info][gc,heap        ] GC(449) PSYoungGen: 1375178K(1383424K)->6286K(1382912K) Eden: 1368576K(1368576K)->0K(1368576K) From: 6602K(14848K)->6286K(14336K)
[1205.940s][info][gc,heap        ] GC(449) ParOldGen: 101090K(2796544K)->105746K(2796544K)
[1205.940s][info][gc,metaspace   ] GC(449) Metaspace: 78188K(79488K)->78188K(79488K) NonClass: 68624K(69184K)->68624K(69184K) Class: 9563K(10304K)->9563K(10304K)
[1205.940s][info][gc             ] GC(449) Pause Young (Allocation Failure) 1441M->109M(4081M) 4.558ms
[1205.940s][info][gc,cpu         ] GC(449) User=0.00s Sys=0.00s Real=0.00s
[1208.846s][info][gc,start       ] GC(450) Pause Young (Allocation Failure)
[1208.850s][info][gc,heap        ] GC(450) PSYoungGen: 1374862K(1382912K)->7343K(1384448K) Eden: 1368576K(1368576K)->0K(1371136K) From: 6286K(14336K)->7343K(13312K)
[1208.850s][info][gc,heap        ] GC(450) ParOldGen: 105746K(2796544K)->109579K(2796544K)
[1208.850s][info][gc,metaspace   ] GC(450) Metaspace: 78188K(79488K)->78188K(79488K) NonClass: 68624K(69184K)->68624K(69184K) Class: 9563K(10304K)->9563K(10304K)
[1208.850s][info][gc             ] GC(450) Pause Young (Allocation Failure) 1445M->114M(4083M) 3.685ms
[1208.850s][info][gc,cpu         ] GC(450) User=0.00s Sys=0.00s Real=0.00s
[1211.086s][info][gc,start       ] GC(451) Pause Young (Allocation Failure)
[1211.090s][info][gc,heap        ] GC(451) PSYoungGen: 1378479K(1384448K)->7119K(1384448K) Eden: 1371136K(1371136K)->0K(1371136K) From: 7343K(13312K)->7119K(13312K)
[1211.090s][info][gc,heap        ] GC(451) ParOldGen: 109579K(2796544K)->113568K(2796544K)
[1211.090s][info][gc,metaspace   ] GC(451) Metaspace: 78188K(79488K)->78188K(79488K) NonClass: 68624K(69184K)->68624K(69184K) Class: 9563K(10304K)->9563K(10304K)
[1211.090s][info][gc             ] GC(451) Pause Young (Allocation Failure) 1453M->117M(4083M) 3.609ms
[1211.090s][info][gc,cpu         ] GC(451) User=0.09s Sys=0.00s Real=0.01s
[1213.590s][info][gc,start       ] GC(452) Pause Young (Allocation Failure)
[1213.593s][info][gc,heap        ] GC(452) PSYoungGen: 1378255K(1384448K)->5759K(1385472K) Eden: 1371136K(1371136K)->0K(1372672K) From: 7119K(13312K)->5759K(12800K)
[1213.593s][info][gc,heap        ] GC(452) ParOldGen: 113568K(2796544K)->118549K(2796544K)
[1213.593s][info][gc,metaspace   ] GC(452) Metaspace: 78188K(79488K)->78188K(79488K) NonClass: 68624K(69184K)->68624K(69184K) Class: 9563K(10304K)->9563K(10304K)
[1213.593s][info][gc             ] GC(452) Pause Young (Allocation Failure) 1456M->121M(4084M) 3.482ms
[1213.593s][info][gc,cpu         ] GC(452) User=0.00s Sys=0.00s Real=0.01s
[1216.302s][info][gc,start       ] GC(453) Pause Young (Allocation Failure)
[1216.306s][info][gc,heap        ] GC(453) PSYoungGen: 1375988K(1385472K)->10835K(1383936K) Eden: 1370229K(1372672K)->0K(1372672K) From: 5759K(12800K)->10835K(11264K)
[1216.306s][info][gc,heap        ] GC(453) ParOldGen: 118549K(2796544K)->131425K(2796544K)
[1216.306s][info][gc,metaspace   ] GC(453) Metaspace: 78204K(79488K)->78204K(79488K) NonClass: 68640K(69184K)->68640K(69184K) Class: 9563K(10304K)->9563K(10304K)
[1216.306s][info][gc             ] GC(453) Pause Young (Allocation Failure) 1459M->138M(4082M) 4.825ms
[1216.306s][info][gc,cpu         ] GC(453) User=0.00s Sys=0.00s Real=0.00s
[1219.582s][info][gc,start       ] GC(454) Pause Young (Allocation Failure)
[1219.585s][info][gc,heap        ] GC(454) PSYoungGen: 1383507K(1383936K)->5138K(1384960K) Eden: 1372672K(1372672K)->0K(1371648K) From: 10835K(11264K)->5138K(13312K)
[1219.585s][info][gc,heap        ] GC(454) ParOldGen: 131425K(2796544K)->134040K(2796544K)
[1219.585s][info][gc,metaspace   ] GC(454) Metaspace: 78217K(79488K)->78217K(79488K) NonClass: 68653K(69184K)->68653K(69184K) Class: 9563K(10304K)->9563K(10304K)
[1219.585s][info][gc             ] GC(454) Pause Young (Allocation Failure) 1479M->135M(4083M) 2.803ms
[1219.585s][info][gc,cpu         ] GC(454) User=0.00s Sys=0.00s Real=0.00s
[1219.953s][info][gc,start       ] GC(455) Pause Young (System.gc())
[1219.954s][info][gc,heap        ] GC(455) PSYoungGen: 388109K(1384960K)->591K(1384448K) Eden: 382970K(1371648K)->0K(1371648K) From: 5138K(13312K)->591K(12800K)
[1219.954s][info][gc,heap        ] GC(455) ParOldGen: 134040K(2796544K)->136370K(2796544K)
[1219.954s][info][gc,metaspace   ] GC(455) Metaspace: 78218K(79488K)->78218K(79488K) NonClass: 68654K(69184K)->68654K(69184K) Class: 9563K(10304K)->9563K(10304K)
[1219.954s][info][gc             ] GC(455) Pause Young (System.gc()) 509M->133M(4083M) 1.412ms
[1219.954s][info][gc,cpu         ] GC(455) User=0.00s Sys=0.00s Real=0.00s
[1219.954s][info][gc,start       ] GC(456) Pause Full (System.gc())
[1219.954s][info][gc,phases,start] GC(456) Marking Phase
[1219.982s][info][gc,phases      ] GC(456) Marking Phase 27.772ms
[1219.982s][info][gc,phases,start] GC(456) Summary Phase
[1219.982s][info][gc,phases      ] GC(456) Summary Phase 0.010ms
[1219.982s][info][gc,phases,start] GC(456) Adjust Roots
[1219.993s][info][gc,phases      ] GC(456) Adjust Roots 11.020ms
[1219.993s][info][gc,phases,start] GC(456) Compaction Phase
[1220.006s][info][gc,phases      ] GC(456) Compaction Phase 13.331ms
[1220.006s][info][gc,phases,start] GC(456) Post Compact
[1220.008s][info][gc,phases      ] GC(456) Post Compact 1.068ms
[1220.008s][info][gc,heap        ] GC(456) PSYoungGen: 591K(1384448K)->0K(1384448K) Eden: 0K(1371648K)->0K(1371648K) From: 591K(12800K)->0K(12800K)
[1220.008s][info][gc,heap        ] GC(456) ParOldGen: 136370K(2796544K)->78652K(2796544K)
[1220.008s][info][gc,metaspace   ] GC(456) Metaspace: 78218K(79488K)->78218K(79488K) NonClass: 68654K(69184K)->68654K(69184K) Class: 9563K(10304K)->9563K(10304K)
[1220.008s][info][gc             ] GC(456) Pause Full (System.gc()) 133M->76M(4083M) 53.530ms
[1220.008s][info][gc,cpu         ] GC(456) User=0.20s Sys=0.00s Real=0.05s
[1223.290s][info][gc,start       ] GC(457) Pause Young (Allocation Failure)
[1223.292s][info][gc,heap        ] GC(457) PSYoungGen: 1371648K(1384448K)->4991K(1384960K) Eden: 1371648K(1371648K)->0K(1371648K) From: 0K(12800K)->4991K(13312K)
[1223.292s][info][gc,heap        ] GC(457) ParOldGen: 78652K(2796544K)->78652K(2796544K)
[1223.292s][info][gc,metaspace   ] GC(457) Metaspace: 78218K(79488K)->78218K(79488K) NonClass: 68654K(69184K)->68654K(69184K) Class: 9563K(10304K)->9563K(10304K)
[1223.292s][info][gc             ] GC(457) Pause Young (Allocation Failure) 1416M->81M(4083M) 2.268ms
[1223.292s][info][gc,cpu         ] GC(457) User=0.00s Sys=0.00s Real=0.00s
[1226.012s][info][gc,start       ] GC(458) Pause Young (Allocation Failure)
[1226.016s][info][gc,heap        ] GC(458) PSYoungGen: 1374385K(1384960K)->12790K(1384448K) Eden: 1369394K(1371648K)->0K(1371648K) From: 4991K(13312K)->12790K(12800K)
[1226.016s][info][gc,heap        ] GC(458) ParOldGen: 78652K(2796544K)->84117K(2796544K)
[1226.016s][info][gc,metaspace   ] GC(458) Metaspace: 78218K(79488K)->78218K(79488K) NonClass: 68654K(69184K)->68654K(69184K) Class: 9563K(10304K)->9563K(10304K)
[1226.016s][info][gc             ] GC(458) Pause Young (Allocation Failure) 1418M->94M(4083M) 3.741ms
[1226.016s][info][gc,cpu         ] GC(458) User=0.00s Sys=0.00s Real=0.00s
[1229.914s][info][gc,start       ] GC(459) Pause Young (Allocation Failure)
[1229.917s][info][gc,heap        ] GC(459) PSYoungGen: 1384438K(1384448K)->4794K(1378304K) Eden: 1371648K(1371648K)->0K(1364992K) From: 12790K(12800K)->4794K(13312K)
[1229.917s][info][gc,heap        ] GC(459) ParOldGen: 84117K(2796544K)->86667K(2796544K)
[1229.917s][info][gc,metaspace   ] GC(459) Metaspace: 78218K(79488K)->78218K(79488K) NonClass: 68654K(69184K)->68654K(69184K) Class: 9563K(10304K)->9563K(10304K)
[1229.917s][info][gc             ] GC(459) Pause Young (Allocation Failure) 1434M->89M(4077M) 3.105ms
[1229.917s][info][gc,cpu         ] GC(459) User=0.00s Sys=0.00s Real=0.00s
[1232.350s][info][gc,start       ] GC(460) Pause Young (Allocation Failure)
[1232.353s][info][gc,heap        ] GC(460) PSYoungGen: 1369786K(1378304K)->5884K(1381376K) Eden: 1364992K(1364992K)->0K(1364992K) From: 4794K(13312K)->5884K(16384K)
[1232.353s][info][gc,heap        ] GC(460) ParOldGen: 86667K(2796544K)->89805K(2796544K)
[1232.353s][info][gc,metaspace   ] GC(460) Metaspace: 78218K(79488K)->78218K(79488K) NonClass: 68654K(69184K)->68654K(69184K) Class: 9563K(10304K)->9563K(10304K)
[1232.353s][info][gc             ] GC(460) Pause Young (Allocation Failure) 1422M->93M(4080M) 3.065ms
[1232.353s][info][gc,cpu         ] GC(460) User=0.00s Sys=0.00s Real=0.01s
[1236.871s][info][gc,start       ] GC(461) Pause Young (Allocation Failure)
[1236.875s][info][gc,heap        ] GC(461) PSYoungGen: 1370876K(1381376K)->5960K(1382912K) Eden: 1364992K(1364992K)->0K(1367040K) From: 5884K(16384K)->5960K(15872K)
[1236.875s][info][gc,heap        ] GC(461) ParOldGen: 89805K(2796544K)->94052K(2796544K)
[1236.875s][info][gc,metaspace   ] GC(461) Metaspace: 78218K(79488K)->78218K(79488K) NonClass: 68654K(69184K)->68654K(69184K) Class: 9563K(10304K)->9563K(10304K)
[1236.875s][info][gc             ] GC(461) Pause Young (Allocation Failure) 1426M->97M(4081M) 3.834ms
[1236.875s][info][gc,cpu         ] GC(461) User=0.00s Sys=0.00s Real=0.00s
[1239.043s][info][gc,start       ] GC(462) Pause Young (Allocation Failure)
[1239.046s][info][gc,heap        ] GC(462) PSYoungGen: 1369148K(1382912K)->6086K(1381888K) Eden: 1363187K(1367040K)->0K(1367040K) From: 5960K(15872K)->6086K(14848K)
[1239.046s][info][gc,heap        ] GC(462) ParOldGen: 94052K(2796544K)->96945K(2796544K)
[1239.046s][info][gc,metaspace   ] GC(462) Metaspace: 78218K(79488K)->78218K(79488K) NonClass: 68654K(69184K)->68654K(69184K) Class: 9563K(10304K)->9563K(10304K)
[1239.046s][info][gc             ] GC(462) Pause Young (Allocation Failure) 1428M->100M(4080M) 2.657ms
[1239.046s][info][gc,cpu         ] GC(462) User=0.00s Sys=0.00s Real=0.00s
[1243.204s][info][gc,start       ] GC(463) Pause Young (Allocation Failure)
[1243.209s][info][gc,heap        ] GC(463) PSYoungGen: 1373126K(1381888K)->7191K(1383936K) Eden: 1367040K(1367040K)->0K(1369600K) From: 6086K(14848K)->7191K(14336K)
[1243.209s][info][gc,heap        ] GC(463) ParOldGen: 96945K(2796544K)->101613K(2796544K)
[1243.209s][info][gc,metaspace   ] GC(463) Metaspace: 78218K(79488K)->78218K(79488K) NonClass: 68654K(69184K)->68654K(69184K) Class: 9563K(10304K)->9563K(10304K)
[1243.209s][info][gc             ] GC(463) Pause Young (Allocation Failure) 1435M->106M(4082M) 5.313ms
[1243.209s][info][gc,cpu         ] GC(463) User=0.00s Sys=0.00s Real=0.00s
[1246.133s][info][gc,start       ] GC(464) Pause Young (Allocation Failure)
[1246.137s][info][gc,heap        ] GC(464) PSYoungGen: 1376791K(1383936K)->5953K(1383424K) Eden: 1369600K(1369600K)->0K(1369600K) From: 7191K(14336K)->5953K(13824K)
[1246.137s][info][gc,heap        ] GC(464) ParOldGen: 101613K(2796544K)->105416K(2796544K)
[1246.137s][info][gc,metaspace   ] GC(464) Metaspace: 78218K(79488K)->78218K(79488K) NonClass: 68654K(69184K)->68654K(69184K) Class: 9563K(10304K)->9563K(10304K)
[1246.137s][info][gc             ] GC(464) Pause Young (Allocation Failure) 1443M->108M(4082M) 3.915ms
[1246.137s][info][gc,cpu         ] GC(464) User=0.09s Sys=0.00s Real=0.00s
[1248.367s][info][gc,start       ] GC(465) Pause Young (Allocation Failure)
[1248.371s][info][gc,heap        ] GC(465) PSYoungGen: 1374808K(1383424K)->6150K(1384960K) Eden: 1368855K(1369600K)->0K(1371648K) From: 5953K(13824K)->6150K(13312K)
[1248.371s][info][gc,heap        ] GC(465) ParOldGen: 105416K(2796544K)->109465K(2796544K)
[1248.371s][info][gc,metaspace   ] GC(465) Metaspace: 78218K(79488K)->78218K(79488K) NonClass: 68654K(69184K)->68654K(69184K) Class: 9563K(10304K)->9563K(10304K)
[1248.371s][info][gc             ] GC(465) Pause Young (Allocation Failure) 1445M->112M(4083M) 3.657ms
[1248.371s][info][gc,cpu         ] GC(465) User=0.05s Sys=0.00s Real=0.00s
[1250.816s][info][gc,start       ] GC(466) Pause Young (Allocation Failure)
[1250.819s][info][gc,heap        ] GC(466) PSYoungGen: 1377798K(1384960K)->5804K(1384448K) Eden: 1371648K(1371648K)->0K(1371648K) From: 6150K(13312K)->5804K(12800K)
[1250.819s][info][gc,heap        ] GC(466) ParOldGen: 109465K(2796544K)->114408K(2796544K)
[1250.819s][info][gc,metaspace   ] GC(466) Metaspace: 78218K(79488K)->78218K(79488K) NonClass: 68654K(69184K)->68654K(69184K) Class: 9563K(10304K)->9563K(10304K)
[1250.819s][info][gc             ] GC(466) Pause Young (Allocation Failure) 1452M->117M(4083M) 3.531ms
[1250.819s][info][gc,cpu         ] GC(466) User=0.00s Sys=0.00s Real=0.00s
[1253.593s][info][gc,start       ] GC(467) Pause Young (Allocation Failure)
[1253.598s][info][gc,heap        ] GC(467) PSYoungGen: 1374443K(1384448K)->11073K(1383424K) Eden: 1368639K(1371648K)->0K(1371136K) From: 5804K(12800K)->11073K(12288K)
[1253.598s][info][gc,heap        ] GC(467) ParOldGen: 114408K(2796544K)->131336K(2796544K)
[1253.598s][info][gc,metaspace   ] GC(467) Metaspace: 78218K(79488K)->78218K(79488K) NonClass: 68654K(69184K)->68654K(69184K) Class: 9563K(10304K)->9563K(10304K)
[1253.598s][info][gc             ] GC(467) Pause Young (Allocation Failure) 1453M->139M(4082M) 5.148ms
[1253.598s][info][gc,cpu         ] GC(467) User=0.00s Sys=0.00s Real=0.00s
[1256.919s][info][gc,start       ] GC(468) Pause Young (Allocation Failure)
[1256.922s][info][gc,heap        ] GC(468) PSYoungGen: 1382209K(1383424K)->5671K(1384448K) Eden: 1371136K(1371136K)->0K(1371136K) From: 11073K(12288K)->5671K(13312K)
[1256.922s][info][gc,heap        ] GC(468) ParOldGen: 131336K(2796544K)->133957K(2796544K)
[1256.922s][info][gc,metaspace   ] GC(468) Metaspace: 78218K(79488K)->78218K(79488K) NonClass: 68654K(69184K)->68654K(69184K) Class: 9563K(10304K)->9563K(10304K)
[1256.922s][info][gc             ] GC(468) Pause Young (Allocation Failure) 1478M->136M(4083M) 2.842ms
[1256.922s][info][gc,cpu         ] GC(468) User=0.00s Sys=0.00s Real=0.00s
[1257.291s][info][gc,start       ] GC(469) Pause Young (System.gc())
[1257.292s][info][gc,heap        ] GC(469) PSYoungGen: 378359K(1384448K)->591K(1383936K) Eden: 372687K(1371136K)->0K(1371136K) From: 5671K(13312K)->591K(12800K)
[1257.292s][info][gc,heap        ] GC(469) ParOldGen: 133957K(2796544K)->136316K(2796544K)
[1257.292s][info][gc,metaspace   ] GC(469) Metaspace: 78219K(79488K)->78219K(79488K) NonClass: 68655K(69184K)->68655K(69184K) Class: 9563K(10304K)->9563K(10304K)
[1257.292s][info][gc             ] GC(469) Pause Young (System.gc()) 500M->133M(4082M) 1.588ms
[1257.293s][info][gc,cpu         ] GC(469) User=0.08s Sys=0.00s Real=0.00s
[1257.293s][info][gc,start       ] GC(470) Pause Full (System.gc())
[1257.293s][info][gc,phases,start] GC(470) Marking Phase
[1257.319s][info][gc,phases      ] GC(470) Marking Phase 26.209ms
[1257.319s][info][gc,phases,start] GC(470) Summary Phase
[1257.319s][info][gc,phases      ] GC(470) Summary Phase 0.012ms
[1257.319s][info][gc,phases,start] GC(470) Adjust Roots
[1257.330s][info][gc,phases      ] GC(470) Adjust Roots 10.988ms
[1257.330s][info][gc,phases,start] GC(470) Compaction Phase
[1257.343s][info][gc,phases      ] GC(470) Compaction Phase 13.001ms
[1257.343s][info][gc,phases,start] GC(470) Post Compact
[1257.344s][info][gc,phases      ] GC(470) Post Compact 1.082ms
[1257.344s][info][gc,heap        ] GC(470) PSYoungGen: 591K(1383936K)->0K(1383936K) Eden: 0K(1371136K)->0K(1371136K) From: 591K(12800K)->0K(12800K)
[1257.344s][info][gc,heap        ] GC(470) ParOldGen: 136316K(2796544K)->78819K(2796544K)
[1257.344s][info][gc,metaspace   ] GC(470) Metaspace: 78219K(79488K)->78219K(79488K) NonClass: 68655K(69184K)->68655K(69184K) Class: 9563K(10304K)->9563K(10304K)
[1257.344s][info][gc             ] GC(470) Pause Full (System.gc()) 133M->76M(4082M) 51.615ms
[1257.344s][info][gc,cpu         ] GC(470) User=0.12s Sys=0.00s Real=0.05s
[1260.672s][info][gc,start       ] GC(471) Pause Young (Allocation Failure)
[1260.674s][info][gc,heap        ] GC(471) PSYoungGen: 1371136K(1383936K)->5101K(1384448K) Eden: 1371136K(1371136K)->0K(1371136K) From: 0K(12800K)->5101K(13312K)
[1260.674s][info][gc,heap        ] GC(471) ParOldGen: 78819K(2796544K)->78819K(2796544K)
[1260.674s][info][gc,metaspace   ] GC(471) Metaspace: 78220K(79488K)->78220K(79488K) NonClass: 68656K(69184K)->68656K(69184K) Class: 9563K(10304K)->9563K(10304K)
[1260.674s][info][gc             ] GC(471) Pause Young (Allocation Failure) 1415M->81M(4083M) 2.427ms
[1260.674s][info][gc,cpu         ] GC(471) User=0.00s Sys=0.00s Real=0.01s
[1263.417s][info][gc,start       ] GC(472) Pause Young (Allocation Failure)
[1263.420s][info][gc,heap        ] GC(472) PSYoungGen: 1374044K(1384448K)->10489K(1382912K) Eden: 1368942K(1371136K)->0K(1370112K) From: 5101K(13312K)->10489K(12800K)
[1263.420s][info][gc,heap        ] GC(472) ParOldGen: 78819K(2796544K)->82794K(2796544K)
[1263.420s][info][gc,metaspace   ] GC(472) Metaspace: 78220K(79488K)->78220K(79488K) NonClass: 68656K(69184K)->68656K(69184K) Class: 9563K(10304K)->9563K(10304K)
[1263.420s][info][gc             ] GC(472) Pause Young (Allocation Failure) 1418M->91M(4081M) 3.274ms
[1263.420s][info][gc,cpu         ] GC(472) User=0.09s Sys=0.00s Real=0.00s
[1267.372s][info][gc,start       ] GC(473) Pause Young (Allocation Failure)
[1267.375s][info][gc,heap        ] GC(473) PSYoungGen: 1380601K(1382912K)->4925K(1383936K) Eden: 1370112K(1370112K)->0K(1370112K) From: 10489K(12800K)->4925K(13824K)
[1267.375s][info][gc,heap        ] GC(473) ParOldGen: 82794K(2796544K)->85422K(2796544K)
[1267.375s][info][gc,metaspace   ] GC(473) Metaspace: 78220K(79488K)->78220K(79488K) NonClass: 68656K(69184K)->68656K(69184K) Class: 9563K(10304K)->9563K(10304K)
[1267.375s][info][gc             ] GC(473) Pause Young (Allocation Failure) 1429M->88M(4082M) 3.084ms
[1267.375s][info][gc,cpu         ] GC(473) User=0.00s Sys=0.00s Real=0.01s
[1269.832s][info][gc,start       ] GC(474) Pause Young (Allocation Failure)
[1269.835s][info][gc,heap        ] GC(474) PSYoungGen: 1375037K(1383936K)->5994K(1384960K) Eden: 1370112K(1370112K)->0K(1371648K) From: 4925K(13824K)->5994K(13312K)
[1269.835s][info][gc,heap        ] GC(474) ParOldGen: 85422K(2796544K)->88552K(2796544K)
[1269.835s][info][gc,metaspace   ] GC(474) Metaspace: 78220K(79488K)->78220K(79488K) NonClass: 68656K(69184K)->68656K(69184K) Class: 9563K(10304K)->9563K(10304K)
[1269.835s][info][gc             ] GC(474) Pause Young (Allocation Failure) 1426M->92M(4083M) 3.095ms
[1269.835s][info][gc,cpu         ] GC(474) User=0.00s Sys=0.00s Real=0.01s
[1274.353s][info][gc,start       ] GC(475) Pause Young (Allocation Failure)
[1274.355s][info][gc,heap        ] GC(475) PSYoungGen: 1376951K(1384960K)->4208K(1384448K) Eden: 1370957K(1371648K)->0K(1371648K) From: 5994K(13312K)->4208K(12800K)
[1274.355s][info][gc,heap        ] GC(475) ParOldGen: 88552K(2796544K)->92797K(2796544K)
[1274.355s][info][gc,metaspace   ] GC(475) Metaspace: 78220K(79488K)->78220K(79488K) NonClass: 68656K(69184K)->68656K(69184K) Class: 9563K(10304K)->9563K(10304K)
[1274.355s][info][gc             ] GC(475) Pause Young (Allocation Failure) 1431M->94M(4083M) 2.556ms
[1274.355s][info][gc,cpu         ] GC(475) User=0.09s Sys=0.00s Real=0.00s
[1276.485s][info][gc,start       ] GC(476) Pause Young (Allocation Failure)
[1276.488s][info][gc,heap        ] GC(476) PSYoungGen: 1375856K(1384448K)->7052K(1385472K) Eden: 1371648K(1371648K)->0K(1372672K) From: 4208K(12800K)->7052K(12800K)
[1276.488s][info][gc,heap        ] GC(476) ParOldGen: 92797K(2796544K)->95710K(2796544K)
[1276.488s][info][gc,metaspace   ] GC(476) Metaspace: 78220K(79488K)->78220K(79488K) NonClass: 68656K(69184K)->68656K(69184K) Class: 9563K(10304K)->9563K(10304K)
[1276.488s][info][gc             ] GC(476) Pause Young (Allocation Failure) 1434M->100M(4084M) 3.419ms
[1276.488s][info][gc,cpu         ] GC(476) User=0.00s Sys=0.00s Real=0.00s
[1280.614s][info][gc,start       ] GC(477) Pause Young (Allocation Failure)
[1280.619s][info][gc,heap        ] GC(477) PSYoungGen: 1379724K(1385472K)->9573K(1384960K) Eden: 1372672K(1372672K)->0K(1372672K) From: 7052K(12800K)->9573K(12288K)
[1280.619s][info][gc,heap        ] GC(477) ParOldGen: 95710K(2796544K)->100400K(2796544K)
[1280.619s][info][gc,metaspace   ] GC(477) Metaspace: 78220K(79488K)->78220K(79488K) NonClass: 68656K(69184K)->68656K(69184K) Class: 9563K(10304K)->9563K(10304K)
[1280.619s][info][gc             ] GC(477) Pause Young (Allocation Failure) 1440M->107M(4083M) 5.201ms
[1280.619s][info][gc,cpu         ] GC(477) User=0.00s Sys=0.00s Real=0.00s
[1283.640s][info][gc,start       ] GC(478) Pause Young (Allocation Failure)
[1283.643s][info][gc,heap        ] GC(478) PSYoungGen: 1382245K(1384960K)->4902K(1384960K) Eden: 1372672K(1372672K)->0K(1372160K) From: 9573K(12288K)->4902K(12800K)
[1283.643s][info][gc,heap        ] GC(478) ParOldGen: 100400K(2796544K)->104339K(2796544K)
[1283.643s][info][gc,metaspace   ] GC(478) Metaspace: 78220K(79488K)->78220K(79488K) NonClass: 68656K(69184K)->68656K(69184K) Class: 9563K(10304K)->9563K(10304K)
[1283.643s][info][gc             ] GC(478) Pause Young (Allocation Failure) 1447M->106M(4083M) 3.077ms
[1283.643s][info][gc,cpu         ] GC(478) User=0.00s Sys=0.00s Real=0.01s
[1285.863s][info][gc,start       ] GC(479) Pause Young (Allocation Failure)
[1285.867s][info][gc,heap        ] GC(479) PSYoungGen: 1377062K(1384960K)->9275K(1381888K) Eden: 1372160K(1372160K)->0K(1372160K) From: 4902K(12800K)->9275K(9728K)
[1285.867s][info][gc,heap        ] GC(479) ParOldGen: 104339K(2796544K)->108430K(2796544K)
[1285.867s][info][gc,metaspace   ] GC(479) Metaspace: 78220K(79488K)->78220K(79488K) NonClass: 68656K(69184K)->68656K(69184K) Class: 9563K(10304K)->9563K(10304K)
[1285.867s][info][gc             ] GC(479) Pause Young (Allocation Failure) 1446M->114M(4080M) 3.588ms
[1285.867s][info][gc,cpu         ] GC(479) User=0.00s Sys=0.00s Real=0.00s
[1288.276s][info][gc,start       ] GC(480) Pause Young (Allocation Failure)
[1288.280s][info][gc,heap        ] GC(480) PSYoungGen: 1381433K(1381888K)->5763K(1384960K) Eden: 1372157K(1372160K)->0K(1371648K) From: 9275K(9728K)->5763K(13312K)
[1288.280s][info][gc,heap        ] GC(480) ParOldGen: 108430K(2796544K)->113472K(2796544K)
[1288.280s][info][gc,metaspace   ] GC(480) Metaspace: 78220K(79488K)->78220K(79488K) NonClass: 68656K(69184K)->68656K(69184K) Class: 9563K(10304K)->9563K(10304K)
[1288.280s][info][gc             ] GC(480) Pause Young (Allocation Failure) 1454M->116M(4083M) 3.744ms
[1288.280s][info][gc,cpu         ] GC(480) User=0.09s Sys=0.00s Real=0.00s
[1290.997s][info][gc,start       ] GC(481) Pause Young (Allocation Failure)
[1291.002s][info][gc,heap        ] GC(481) PSYoungGen: 1373785K(1384960K)->6361K(1384448K) Eden: 1368021K(1371648K)->0K(1371648K) From: 5763K(13312K)->6361K(12800K)
[1291.002s][info][gc,heap        ] GC(481) ParOldGen: 113472K(2796544K)->118095K(2796544K)
[1291.002s][info][gc,metaspace   ] GC(481) Metaspace: 78220K(79488K)->78220K(79488K) NonClass: 68656K(69184K)->68656K(69184K) Class: 9563K(10304K)->9563K(10304K)
[1291.002s][info][gc             ] GC(481) Pause Young (Allocation Failure) 1452M->121M(4083M) 4.901ms
[1291.002s][info][gc,cpu         ] GC(481) User=0.00s Sys=0.00s Real=0.01s
[1294.315s][info][gc,start       ] GC(482) Pause Young (Allocation Failure)
[1294.318s][info][gc,heap        ] GC(482) PSYoungGen: 1378009K(1384448K)->6673K(1385984K) Eden: 1371648K(1371648K)->0K(1373696K) From: 6361K(12800K)->6673K(12288K)
[1294.319s][info][gc,heap        ] GC(482) ParOldGen: 118095K(2796544K)->120705K(2796544K)
[1294.319s][info][gc,metaspace   ] GC(482) Metaspace: 78220K(79488K)->78220K(79488K) NonClass: 68656K(69184K)->68656K(69184K) Class: 9563K(10304K)->9563K(10304K)
[1294.319s][info][gc             ] GC(482) Pause Young (Allocation Failure) 1461M->124M(4084M) 3.208ms
[1294.319s][info][gc,cpu         ] GC(482) User=0.00s Sys=0.00s Real=0.00s
[1294.685s][info][gc,start       ] GC(483) Pause Young (System.gc())
[1294.686s][info][gc,heap        ] GC(483) PSYoungGen: 365083K(1385984K)->623K(1385472K) Eden: 358410K(1373696K)->0K(1373696K) From: 6673K(12288K)->623K(11776K)
[1294.687s][info][gc,heap        ] GC(483) ParOldGen: 120705K(2796544K)->122962K(2796544K)
[1294.687s][info][gc,metaspace   ] GC(483) Metaspace: 78220K(79488K)->78220K(79488K) NonClass: 68656K(69184K)->68656K(69184K) Class: 9563K(10304K)->9563K(10304K)
[1294.687s][info][gc             ] GC(483) Pause Young (System.gc()) 474M->120M(4084M) 1.349ms
[1294.687s][info][gc,cpu         ] GC(483) User=0.00s Sys=0.00s Real=0.00s
[1294.687s][info][gc,start       ] GC(484) Pause Full (System.gc())
[1294.687s][info][gc,phases,start] GC(484) Marking Phase
[1294.715s][info][gc,phases      ] GC(484) Marking Phase 28.771ms
[1294.715s][info][gc,phases,start] GC(484) Summary Phase
[1294.715s][info][gc,phases      ] GC(484) Summary Phase 0.011ms
[1294.715s][info][gc,phases,start] GC(484) Adjust Roots
[1294.726s][info][gc,phases      ] GC(484) Adjust Roots 10.983ms
[1294.727s][info][gc,phases,start] GC(484) Compaction Phase
[1294.738s][info][gc,phases      ] GC(484) Compaction Phase 11.474ms
[1294.738s][info][gc,phases,start] GC(484) Post Compact
[1294.739s][info][gc,phases      ] GC(484) Post Compact 1.025ms
[1294.739s][info][gc,heap        ] GC(484) PSYoungGen: 623K(1385472K)->0K(1385472K) Eden: 0K(1373696K)->0K(1373696K) From: 623K(11776K)->0K(11776K)
[1294.739s][info][gc,heap        ] GC(484) ParOldGen: 122962K(2796544K)->78469K(2796544K)
[1294.739s][info][gc,metaspace   ] GC(484) Metaspace: 78220K(79488K)->78220K(79488K) NonClass: 68656K(69184K)->68656K(69184K) Class: 9563K(10304K)->9563K(10304K)
[1294.739s][info][gc             ] GC(484) Pause Full (System.gc()) 120M->76M(4084M) 52.579ms
[1294.739s][info][gc,cpu         ] GC(484) User=0.20s Sys=0.00s Real=0.06s
[1298.045s][info][gc,start       ] GC(485) Pause Young (Allocation Failure)
[1298.047s][info][gc,heap        ] GC(485) PSYoungGen: 1373696K(1385472K)->4972K(1385984K) Eden: 1373696K(1373696K)->0K(1373696K) From: 0K(11776K)->4972K(12288K)
[1298.047s][info][gc,heap        ] GC(485) ParOldGen: 78469K(2796544K)->78469K(2796544K)
[1298.047s][info][gc,metaspace   ] GC(485) Metaspace: 78236K(79488K)->78236K(79488K) NonClass: 68672K(69184K)->68672K(69184K) Class: 9563K(10304K)->9563K(10304K)
[1298.047s][info][gc             ] GC(485) Pause Young (Allocation Failure) 1418M->81M(4084M) 2.408ms
[1298.048s][info][gc,cpu         ] GC(485) User=0.00s Sys=0.00s Real=0.01s
[1300.790s][info][gc,start       ] GC(486) Pause Young (Allocation Failure)
[1300.793s][info][gc,heap        ] GC(486) PSYoungGen: 1375936K(1385984K)->6242K(1385472K) Eden: 1370964K(1373696K)->0K(1373696K) From: 4972K(12288K)->6242K(11776K)
[1300.794s][info][gc,heap        ] GC(486) ParOldGen: 78469K(2796544K)->82464K(2796544K)
[1300.794s][info][gc,metaspace   ] GC(486) Metaspace: 78236K(79488K)->78236K(79488K) NonClass: 68672K(69184K)->68672K(69184K) Class: 9563K(10304K)->9563K(10304K)
[1300.794s][info][gc             ] GC(486) Pause Young (Allocation Failure) 1420M->86M(4084M) 3.495ms
[1300.794s][info][gc,cpu         ] GC(486) User=0.09s Sys=0.00s Real=0.00s
[1304.785s][info][gc,start       ] GC(487) Pause Young (Allocation Failure)
[1304.788s][info][gc,heap        ] GC(487) PSYoungGen: 1379938K(1385472K)->4756K(1387008K) Eden: 1373696K(1373696K)->0K(1375744K) From: 6242K(11776K)->4756K(11264K)
[1304.788s][info][gc,heap        ] GC(487) ParOldGen: 82464K(2796544K)->85104K(2796544K)
[1304.788s][info][gc,metaspace   ] GC(487) Metaspace: 78236K(79488K)->78236K(79488K) NonClass: 68672K(69184K)->68672K(69184K) Class: 9563K(10304K)->9563K(10304K)
[1304.788s][info][gc             ] GC(487) Pause Young (Allocation Failure) 1428M->87M(4085M) 3.109ms
[1304.788s][info][gc,cpu         ] GC(487) User=0.00s Sys=0.00s Real=0.00s
[1307.239s][info][gc,start       ] GC(488) Pause Young (Allocation Failure)
[1307.242s][info][gc,heap        ] GC(488) PSYoungGen: 1380500K(1387008K)->5952K(1386496K) Eden: 1375744K(1375744K)->0K(1375744K) From: 4756K(11264K)->5952K(10752K)
[1307.242s][info][gc,heap        ] GC(488) ParOldGen: 85104K(2796544K)->88177K(2796544K)
[1307.242s][info][gc,metaspace   ] GC(488) Metaspace: 78236K(79488K)->78236K(79488K) NonClass: 68672K(69184K)->68672K(69184K) Class: 9563K(10304K)->9563K(10304K)
[1307.243s][info][gc             ] GC(488) Pause Young (Allocation Failure) 1431M->91M(4085M) 3.017ms
[1307.243s][info][gc,cpu         ] GC(488) User=0.00s Sys=0.00s Real=0.01s
[1311.804s][info][gc,start       ] GC(489) Pause Young (Allocation Failure)
[1311.808s][info][gc,heap        ] GC(489) PSYoungGen: 1381696K(1386496K)->5118K(1387520K) Eden: 1375744K(1375744K)->0K(1376768K) From: 5952K(10752K)->5118K(10752K)
[1311.808s][info][gc,heap        ] GC(489) ParOldGen: 88177K(2796544K)->92506K(2796544K)
[1311.808s][info][gc,metaspace   ] GC(489) Metaspace: 78236K(79488K)->78236K(79488K) NonClass: 68672K(69184K)->68672K(69184K) Class: 9563K(10304K)->9563K(10304K)
[1311.808s][info][gc             ] GC(489) Pause Young (Allocation Failure) 1435M->95M(4086M) 3.943ms
[1311.808s][info][gc,cpu         ] GC(489) User=0.09s Sys=0.00s Real=0.01s
[1314.023s][info][gc,start       ] GC(490) Pause Young (Allocation Failure)
[1314.026s][info][gc,heap        ] GC(490) PSYoungGen: 1381886K(1387520K)->6520K(1387008K) Eden: 1376768K(1376768K)->0K(1376768K) From: 5118K(10752K)->6520K(10240K)
[1314.026s][info][gc,heap        ] GC(490) ParOldGen: 92506K(2796544K)->95486K(2796544K)
[1314.026s][info][gc,metaspace   ] GC(490) Metaspace: 78236K(79488K)->78236K(79488K) NonClass: 68672K(69184K)->68672K(69184K) Class: 9563K(10304K)->9563K(10304K)
[1314.026s][info][gc             ] GC(490) Pause Young (Allocation Failure) 1439M->99M(4085M) 2.966ms
[1314.026s][info][gc,cpu         ] GC(490) User=0.00s Sys=0.00s Real=0.01s
[1318.180s][info][gc,start       ] GC(491) Pause Young (Allocation Failure)
[1318.183s][info][gc,heap        ] GC(491) PSYoungGen: 1383288K(1387008K)->5780K(1388032K) Eden: 1376768K(1376768K)->0K(1377792K) From: 6520K(10240K)->5780K(10240K)
[1318.183s][info][gc,heap        ] GC(491) ParOldGen: 95486K(2796544K)->100152K(2796544K)
[1318.183s][info][gc,metaspace   ] GC(491) Metaspace: 78236K(79488K)->78236K(79488K) NonClass: 68672K(69184K)->68672K(69184K) Class: 9563K(10304K)->9563K(10304K)
[1318.183s][info][gc             ] GC(491) Pause Young (Allocation Failure) 1444M->103M(4086M) 3.541ms
[1318.183s][info][gc,cpu         ] GC(491) User=0.02s Sys=0.00s Real=0.00s
[1321.111s][info][gc,start       ] GC(492) Pause Young (Allocation Failure)
[1321.114s][info][gc,heap        ] GC(492) PSYoungGen: 1383572K(1388032K)->5342K(1387520K) Eden: 1377792K(1377792K)->0K(1377792K) From: 5780K(10240K)->5342K(9728K)
[1321.114s][info][gc,heap        ] GC(492) ParOldGen: 100152K(2796544K)->103935K(2796544K)
[1321.114s][info][gc,metaspace   ] GC(492) Metaspace: 78236K(79488K)->78236K(79488K) NonClass: 68672K(69184K)->68672K(69184K) Class: 9563K(10304K)->9563K(10304K)
[1321.114s][info][gc             ] GC(492) Pause Young (Allocation Failure) 1448M->106M(4086M) 2.811ms
[1321.114s][info][gc,cpu         ] GC(492) User=0.00s Sys=0.00s Real=0.00s
[1323.430s][info][gc,start       ] GC(493) Pause Young (Allocation Failure)
[1323.433s][info][gc,heap        ] GC(493) PSYoungGen: 1383134K(1387520K)->6558K(1388544K) Eden: 1377792K(1377792K)->0K(1379328K) From: 5342K(9728K)->6558K(9216K)
[1323.433s][info][gc,heap        ] GC(493) ParOldGen: 103935K(2796544K)->108023K(2796544K)
[1323.433s][info][gc,metaspace   ] GC(493) Metaspace: 78236K(79488K)->78236K(79488K) NonClass: 68672K(69184K)->68672K(69184K) Class: 9563K(10304K)->9563K(10304K)
[1323.433s][info][gc             ] GC(493) Pause Young (Allocation Failure) 1452M->111M(4087M) 3.178ms
[1323.434s][info][gc,cpu         ] GC(493) User=0.09s Sys=0.00s Real=0.00s
[1325.707s][info][gc,start       ] GC(494) Pause Young (Allocation Failure)
[1325.711s][info][gc,heap        ] GC(494) PSYoungGen: 1385886K(1388544K)->5810K(1388544K) Eden: 1379328K(1379328K)->0K(1379328K) From: 6558K(9216K)->5810K(9216K)
[1325.711s][info][gc,heap        ] GC(494) ParOldGen: 108023K(2796544K)->112885K(2796544K)
[1325.711s][info][gc,metaspace   ] GC(494) Metaspace: 78236K(79488K)->78236K(79488K) NonClass: 68672K(69184K)->68672K(69184K) Class: 9563K(10304K)->9563K(10304K)
[1325.711s][info][gc             ] GC(494) Pause Young (Allocation Failure) 1458M->115M(4087M) 3.739ms
[1325.711s][info][gc,cpu         ] GC(494) User=0.00s Sys=0.00s Real=0.01s
[1328.426s][info][gc,start       ] GC(495) Pause Young (Allocation Failure)
[1328.430s][info][gc,heap        ] GC(495) PSYoungGen: 1383094K(1388544K)->5760K(1389056K) Eden: 1377284K(1379328K)->0K(1379840K) From: 5810K(9216K)->5760K(9216K)
[1328.430s][info][gc,heap        ] GC(495) ParOldGen: 112885K(2796544K)->117432K(2796544K)
[1328.430s][info][gc,metaspace   ] GC(495) Metaspace: 78237K(79488K)->78237K(79488K) NonClass: 68673K(69184K)->68673K(69184K) Class: 9563K(10304K)->9563K(10304K)
[1328.430s][info][gc             ] GC(495) Pause Young (Allocation Failure) 1460M->120M(4087M) 4.231ms
[1328.430s][info][gc,cpu         ] GC(495) User=0.00s Sys=0.00s Real=0.01s
[1331.844s][info][gc,start       ] GC(496) Pause Young (Allocation Failure)
[1331.847s][info][gc,heap        ] GC(496) PSYoungGen: 1385600K(1389056K)->6789K(1388544K) Eden: 1379840K(1379840K)->0K(1379840K) From: 5760K(9216K)->6789K(8704K)
[1331.847s][info][gc,heap        ] GC(496) ParOldGen: 117432K(2796544K)->120094K(2796544K)
[1331.848s][info][gc,metaspace   ] GC(496) Metaspace: 78237K(79488K)->78237K(79488K) NonClass: 68673K(69184K)->68673K(69184K) Class: 9563K(10304K)->9563K(10304K)
[1331.848s][info][gc             ] GC(496) Pause Young (Allocation Failure) 1467M->123M(4087M) 3.905ms
[1331.848s][info][gc,cpu         ] GC(496) User=0.00s Sys=0.00s Real=0.00s
[1332.099s][info][gc,start       ] GC(497) Pause Young (System.gc())
[1332.100s][info][gc,heap        ] GC(497) PSYoungGen: 292302K(1388544K)->544K(1387008K) Eden: 285512K(1379840K)->0K(1378304K) From: 6789K(8704K)->544K(8704K)
[1332.100s][info][gc,heap        ] GC(497) ParOldGen: 120094K(2796544K)->122468K(2796544K)
[1332.100s][info][gc,metaspace   ] GC(497) Metaspace: 78239K(79488K)->78239K(79488K) NonClass: 68675K(69184K)->68675K(69184K) Class: 9563K(10304K)->9563K(10304K)
[1332.100s][info][gc             ] GC(497) Pause Young (System.gc()) 402M->120M(4085M) 1.465ms
[1332.100s][info][gc,cpu         ] GC(497) User=0.00s Sys=0.00s Real=0.00s
[1332.100s][info][gc,start       ] GC(498) Pause Full (System.gc())
[1332.100s][info][gc,phases,start] GC(498) Marking Phase
[1332.125s][info][gc,phases      ] GC(498) Marking Phase 24.680ms
[1332.125s][info][gc,phases,start] GC(498) Summary Phase
[1332.125s][info][gc,phases      ] GC(498) Summary Phase 0.017ms
[1332.125s][info][gc,phases,start] GC(498) Adjust Roots
[1332.136s][info][gc,phases      ] GC(498) Adjust Roots 10.927ms
[1332.136s][info][gc,phases,start] GC(498) Compaction Phase
[1332.148s][info][gc,phases      ] GC(498) Compaction Phase 12.099ms
[1332.148s][info][gc,phases,start] GC(498) Post Compact
[1332.149s][info][gc,phases      ] GC(498) Post Compact 1.030ms
[1332.149s][info][gc,heap        ] GC(498) PSYoungGen: 544K(1387008K)->0K(1387008K) Eden: 0K(1378304K)->0K(1378304K) From: 544K(8704K)->0K(8704K)
[1332.149s][info][gc,heap        ] GC(498) ParOldGen: 122468K(2796544K)->78474K(2796544K)
[1332.149s][info][gc,metaspace   ] GC(498) Metaspace: 78239K(79488K)->78239K(79488K) NonClass: 68675K(69184K)->68675K(69184K) Class: 9563K(10304K)->9563K(10304K)
[1332.149s][info][gc             ] GC(498) Pause Full (System.gc()) 120M->76M(4085M) 49.068ms
[1332.149s][info][gc,cpu         ] GC(498) User=0.09s Sys=0.03s Real=0.05s
[1335.454s][info][gc,start       ] GC(499) Pause Young (Allocation Failure)
[1335.456s][info][gc,heap        ] GC(499) PSYoungGen: 1378304K(1387008K)->5060K(1388032K) Eden: 1378304K(1378304K)->0K(1378304K) From: 0K(8704K)->5060K(9728K)
[1335.456s][info][gc,heap        ] GC(499) ParOldGen: 78474K(2796544K)->78474K(2796544K)
[1335.456s][info][gc,metaspace   ] GC(499) Metaspace: 78239K(79488K)->78239K(79488K) NonClass: 68675K(69184K)->68675K(69184K) Class: 9563K(10304K)->9563K(10304K)
[1335.456s][info][gc             ] GC(499) Pause Young (Allocation Failure) 1422M->81M(4086M) 2.190ms
[1335.457s][info][gc,cpu         ] GC(499) User=0.00s Sys=0.00s Real=0.02s
[1338.221s][info][gc,start       ] GC(500) Pause Young (Allocation Failure)
[1338.225s][info][gc,heap        ] GC(500) PSYoungGen: 1383364K(1388032K)->6160K(1388544K) Eden: 1378304K(1378304K)->0K(1379328K) From: 5060K(9728K)->6160K(9216K)
[1338.225s][info][gc,heap        ] GC(500) ParOldGen: 78474K(2796544K)->82445K(2796544K)
[1338.225s][info][gc,metaspace   ] GC(500) Metaspace: 78239K(79488K)->78239K(79488K) NonClass: 68675K(69184K)->68675K(69184K) Class: 9563K(10304K)->9563K(10304K)
[1338.225s][info][gc             ] GC(500) Pause Young (Allocation Failure) 1427M->86M(4087M) 3.758ms
[1338.225s][info][gc,cpu         ] GC(500) User=0.00s Sys=0.00s Real=0.00s
[1342.298s][info][gc,start       ] GC(501) Pause Young (Allocation Failure)
[1342.300s][info][gc,heap        ] GC(501) PSYoungGen: 1385488K(1388544K)->4461K(1388544K) Eden: 1379328K(1379328K)->0K(1379328K) From: 6160K(9216K)->4461K(9216K)
[1342.300s][info][gc,heap        ] GC(501) ParOldGen: 82445K(2796544K)->85096K(2796544K)
[1342.300s][info][gc,metaspace   ] GC(501) Metaspace: 78239K(79488K)->78239K(79488K) NonClass: 68675K(69184K)->68675K(69184K) Class: 9563K(10304K)->9563K(10304K)
[1342.300s][info][gc             ] GC(501) Pause Young (Allocation Failure) 1433M->87M(4087M) 2.181ms
[1342.300s][info][gc,cpu         ] GC(501) User=0.00s Sys=0.00s Real=0.00s
[1344.676s][info][gc,start       ] GC(502) Pause Young (Allocation Failure)
[1344.679s][info][gc,heap        ] GC(502) PSYoungGen: 1383789K(1388544K)->6024K(1389056K) Eden: 1379328K(1379328K)->0K(1380352K) From: 4461K(9216K)->6024K(8704K)
[1344.679s][info][gc,heap        ] GC(502) ParOldGen: 85096K(2796544K)->88202K(2796544K)
[1344.679s][info][gc,metaspace   ] GC(502) Metaspace: 78239K(79488K)->78239K(79488K) NonClass: 68675K(69184K)->68675K(69184K) Class: 9563K(10304K)->9563K(10304K)
[1344.679s][info][gc             ] GC(502) Pause Young (Allocation Failure) 1434M->92M(4087M) 3.257ms
[1344.679s][info][gc,cpu         ] GC(502) User=0.00s Sys=0.00s Real=0.00s
[1349.351s][info][gc,start       ] GC(503) Pause Young (Allocation Failure)
[1349.354s][info][gc,heap        ] GC(503) PSYoungGen: 1386376K(1389056K)->5821K(1389056K) Eden: 1380352K(1380352K)->0K(1380352K) From: 6024K(8704K)->5821K(8704K)
[1349.355s][info][gc,heap        ] GC(503) ParOldGen: 88202K(2796544K)->92423K(2796544K)
[1349.355s][info][gc,metaspace   ] GC(503) Metaspace: 78239K(79488K)->78239K(79488K) NonClass: 68675K(69184K)->68675K(69184K) Class: 9563K(10304K)->9563K(10304K)
[1349.355s][info][gc             ] GC(503) Pause Young (Allocation Failure) 1440M->95M(4087M) 3.167ms
[1349.355s][info][gc,cpu         ] GC(503) User=0.00s Sys=0.00s Real=0.00s
[1351.529s][info][gc,start       ] GC(504) Pause Young (Allocation Failure)
[1351.532s][info][gc,heap        ] GC(504) PSYoungGen: 1386173K(1389056K)->7168K(1388032K) Eden: 1380352K(1380352K)->0K(1379328K) From: 5821K(8704K)->7168K(8704K)
[1351.532s][info][gc,heap        ] GC(504) ParOldGen: 92423K(2796544K)->95446K(2796544K)
[1351.532s][info][gc,metaspace   ] GC(504) Metaspace: 78239K(79488K)->78239K(79488K) NonClass: 68675K(69184K)->68675K(69184K) Class: 9563K(10304K)->9563K(10304K)
[1351.532s][info][gc             ] GC(504) Pause Young (Allocation Failure) 1443M->100M(4086M) 3.031ms
[1351.532s][info][gc,cpu         ] GC(504) User=0.00s Sys=0.00s Real=0.00s
[1355.622s][info][gc,start       ] GC(505) Pause Young (Allocation Failure)
[1355.627s][info][gc,heap        ] GC(505) PSYoungGen: 1386496K(1388032K)->7316K(1388544K) Eden: 1379328K(1379328K)->0K(1379328K) From: 7168K(8704K)->7316K(9216K)
[1355.627s][info][gc,heap        ] GC(505) ParOldGen: 95446K(2796544K)->100105K(2796544K)
[1355.627s][info][gc,metaspace   ] GC(505) Metaspace: 78239K(79488K)->78239K(79488K) NonClass: 68675K(69184K)->68675K(69184K) Class: 9563K(10304K)->9563K(10304K)
[1355.627s][info][gc             ] GC(505) Pause Young (Allocation Failure) 1447M->104M(4087M) 5.200ms
[1355.627s][info][gc,cpu         ] GC(505) User=0.00s Sys=0.00s Real=0.01s
[1358.544s][info][gc,start       ] GC(506) Pause Young (Allocation Failure)
[1358.548s][info][gc,heap        ] GC(506) PSYoungGen: 1386644K(1388544K)->6935K(1388544K) Eden: 1379328K(1379328K)->0K(1379328K) From: 7316K(9216K)->6935K(9216K)
[1358.548s][info][gc,heap        ] GC(506) ParOldGen: 100105K(2796544K)->103896K(2796544K)
[1358.548s][info][gc,metaspace   ] GC(506) Metaspace: 78239K(79488K)->78239K(79488K) NonClass: 68675K(69184K)->68675K(69184K) Class: 9563K(10304K)->9563K(10304K)
[1358.548s][info][gc             ] GC(506) Pause Young (Allocation Failure) 1451M->108M(4087M) 3.440ms
[1358.548s][info][gc,cpu         ] GC(506) User=0.00s Sys=0.00s Real=0.00s
[1361.023s][info][gc,start       ] GC(507) Pause Young (Allocation Failure)
[1361.026s][info][gc,heap        ] GC(507) PSYoungGen: 1385695K(1388544K)->5217K(1388544K) Eden: 1378759K(1379328K)->0K(1379328K) From: 6935K(9216K)->5217K(9216K)
[1361.026s][info][gc,heap        ] GC(507) ParOldGen: 103896K(2796544K)->108778K(2796544K)
[1361.026s][info][gc,metaspace   ] GC(507) Metaspace: 78239K(79488K)->78239K(79488K) NonClass: 68675K(69184K)->68675K(69184K) Class: 9563K(10304K)->9563K(10304K)
[1361.026s][info][gc             ] GC(507) Pause Young (Allocation Failure) 1454M->111M(4087M) 3.082ms
[1361.026s][info][gc,cpu         ] GC(507) User=0.00s Sys=0.00s Real=0.01s
[1363.249s][info][gc,start       ] GC(508) Pause Young (Allocation Failure)
[1363.252s][info][gc,heap        ] GC(508) PSYoungGen: 1384545K(1388544K)->7640K(1387520K) Eden: 1379328K(1379328K)->0K(1378304K) From: 5217K(9216K)->7640K(9216K)
[1363.252s][info][gc,heap        ] GC(508) ParOldGen: 108778K(2796544K)->112970K(2796544K)
[1363.252s][info][gc,metaspace   ] GC(508) Metaspace: 78239K(79488K)->78239K(79488K) NonClass: 68675K(69184K)->68675K(69184K) Class: 9563K(10304K)->9563K(10304K)
[1363.252s][info][gc             ] GC(508) Pause Young (Allocation Failure) 1458M->117M(4086M) 3.488ms
[1363.252s][info][gc,cpu         ] GC(508) User=0.00s Sys=0.00s Real=0.01s
[1365.916s][info][gc,start       ] GC(509) Pause Young (Allocation Failure)
[1365.919s][info][gc,heap        ] GC(509) PSYoungGen: 1385944K(1387520K)->6737K(1388032K) Eden: 1378304K(1378304K)->0K(1378304K) From: 7640K(9216K)->6737K(9728K)
[1365.919s][info][gc,heap        ] GC(509) ParOldGen: 112970K(2796544K)->117941K(2796544K)
[1365.919s][info][gc,metaspace   ] GC(509) Metaspace: 78239K(79488K)->78239K(79488K) NonClass: 68675K(69184K)->68675K(69184K) Class: 9563K(10304K)->9563K(10304K)
[1365.919s][info][gc             ] GC(509) Pause Young (Allocation Failure) 1463M->121M(4086M) 3.449ms
[1365.919s][info][gc,cpu         ] GC(509) User=0.09s Sys=0.00s Real=0.00s
[1369.368s][info][gc,start       ] GC(510) Pause Young (Allocation Failure)
[1369.371s][info][gc,heap        ] GC(510) PSYoungGen: 1385041K(1388032K)->5354K(1388544K) Eden: 1378304K(1378304K)->0K(1378816K) From: 6737K(9728K)->5354K(9728K)
[1369.371s][info][gc,heap        ] GC(510) ParOldGen: 117941K(2796544K)->122224K(2796544K)
[1369.371s][info][gc,metaspace   ] GC(510) Metaspace: 78239K(79488K)->78239K(79488K) NonClass: 68675K(69184K)->68675K(69184K) Class: 9563K(10304K)->9563K(10304K)
[1369.371s][info][gc             ] GC(510) Pause Young (Allocation Failure) 1467M->124M(4087M) 3.215ms
[1369.371s][info][gc,cpu         ] GC(510) User=0.09s Sys=0.00s Real=0.00s
[1369.527s][info][gc,start       ] GC(511) Pause Young (System.gc())
[1369.529s][info][gc,heap        ] GC(511) PSYoungGen: 240338K(1388544K)->448K(1388032K) Eden: 234984K(1378816K)->0K(1378816K) From: 5354K(9728K)->448K(9216K)
[1369.529s][info][gc,heap        ] GC(511) ParOldGen: 122224K(2796544K)->124035K(2796544K)
[1369.529s][info][gc,metaspace   ] GC(511) Metaspace: 78239K(79488K)->78239K(79488K) NonClass: 68675K(69184K)->68675K(69184K) Class: 9563K(10304K)->9563K(10304K)
[1369.529s][info][gc             ] GC(511) Pause Young (System.gc()) 354M->121M(4086M) 1.509ms
[1369.529s][info][gc,cpu         ] GC(511) User=0.00s Sys=0.00s Real=0.00s
[1369.529s][info][gc,start       ] GC(512) Pause Full (System.gc())
[1369.529s][info][gc,phases,start] GC(512) Marking Phase
[1369.556s][info][gc,phases      ] GC(512) Marking Phase 26.540ms
[1369.556s][info][gc,phases,start] GC(512) Summary Phase
[1369.556s][info][gc,phases      ] GC(512) Summary Phase 0.011ms
[1369.556s][info][gc,phases,start] GC(512) Adjust Roots
[1369.567s][info][gc,phases      ] GC(512) Adjust Roots 11.105ms
[1369.567s][info][gc,phases,start] GC(512) Compaction Phase
[1369.578s][info][gc,phases      ] GC(512) Compaction Phase 11.480ms
[1369.578s][info][gc,phases,start] GC(512) Post Compact
[1369.579s][info][gc,phases      ] GC(512) Post Compact 1.050ms
[1369.579s][info][gc,heap        ] GC(512) PSYoungGen: 448K(1388032K)->0K(1388032K) Eden: 0K(1378816K)->0K(1378816K) From: 448K(9216K)->0K(9216K)
[1369.579s][info][gc,heap        ] GC(512) ParOldGen: 124035K(2796544K)->79445K(2796544K)
[1369.579s][info][gc,metaspace   ] GC(512) Metaspace: 78239K(79488K)->78239K(79488K) NonClass: 68675K(69184K)->68675K(69184K) Class: 9563K(10304K)->9563K(10304K)
[1369.579s][info][gc             ] GC(512) Pause Full (System.gc()) 121M->77M(4086M) 50.482ms
[1369.580s][info][gc,cpu         ] GC(512) User=0.12s Sys=0.00s Real=0.05s
[1372.837s][info][gc,start       ] GC(513) Pause Young (Allocation Failure)
[1372.839s][info][gc,heap        ] GC(513) PSYoungGen: 1378816K(1388032K)->5034K(1388032K) Eden: 1378816K(1378816K)->0K(1378304K) From: 0K(9216K)->5034K(9728K)
[1372.839s][info][gc,heap        ] GC(513) ParOldGen: 79445K(2796544K)->79445K(2796544K)
[1372.839s][info][gc,metaspace   ] GC(513) Metaspace: 78239K(79488K)->78239K(79488K) NonClass: 68675K(69184K)->68675K(69184K) Class: 9563K(10304K)->9563K(10304K)
[1372.839s][info][gc             ] GC(513) Pause Young (Allocation Failure) 1424M->82M(4086M) 2.223ms
[1372.840s][info][gc,cpu         ] GC(513) User=0.06s Sys=0.00s Real=0.01s
[1375.569s][info][gc,start       ] GC(514) Pause Young (Allocation Failure)
[1375.574s][info][gc,heap        ] GC(514) PSYoungGen: 1382149K(1388032K)->9719K(1388032K) Eden: 1377114K(1378304K)->0K(1378304K) From: 5034K(9728K)->9719K(9728K)
[1375.574s][info][gc,heap        ] GC(514) ParOldGen: 79445K(2796544K)->96741K(2796544K)
[1375.574s][info][gc,metaspace   ] GC(514) Metaspace: 78239K(79488K)->78239K(79488K) NonClass: 68675K(69184K)->68675K(69184K) Class: 9563K(10304K)->9563K(10304K)
[1375.574s][info][gc             ] GC(514) Pause Young (Allocation Failure) 1427M->103M(4086M) 4.929ms
[1375.574s][info][gc,cpu         ] GC(514) User=0.02s Sys=0.00s Real=0.00s
[1379.610s][info][gc,start       ] GC(515) Pause Young (Allocation Failure)
[1379.613s][info][gc,heap        ] GC(515) PSYoungGen: 1388023K(1388032K)->4195K(1373696K) Eden: 1378304K(1378304K)->0K(1363968K) From: 9719K(9728K)->4195K(9728K)
[1379.613s][info][gc,heap        ] GC(515) ParOldGen: 96741K(2796544K)->100392K(2796544K)
[1379.613s][info][gc,metaspace   ] GC(515) Metaspace: 78239K(79488K)->78239K(79488K) NonClass: 68675K(69184K)->68675K(69184K) Class: 9563K(10304K)->9563K(10304K)
[1379.613s][info][gc             ] GC(515) Pause Young (Allocation Failure) 1449M->102M(4072M) 2.741ms
[1379.613s][info][gc,cpu         ] GC(515) User=0.00s Sys=0.00s Real=0.01s
[1381.984s][info][gc,start       ] GC(516) Pause Young (Allocation Failure)
[1381.988s][info][gc,heap        ] GC(516) PSYoungGen: 1368163K(1373696K)->6076K(1380864K) Eden: 1363968K(1363968K)->0K(1363968K) From: 4195K(9728K)->6076K(16896K)
[1381.988s][info][gc,heap        ] GC(516) ParOldGen: 100392K(2796544K)->103499K(2796544K)
[1381.988s][info][gc,metaspace   ] GC(516) Metaspace: 78239K(79488K)->78239K(79488K) NonClass: 68675K(69184K)->68675K(69184K) Class: 9563K(10304K)->9563K(10304K)
[1381.988s][info][gc             ] GC(516) Pause Young (Allocation Failure) 1434M->107M(4079M) 3.351ms
[1381.988s][info][gc,cpu         ] GC(516) User=0.00s Sys=0.00s Real=0.00s
[1386.496s][info][gc,start       ] GC(517) Pause Young (Allocation Failure)
[1386.499s][info][gc,heap        ] GC(517) PSYoungGen: 1370044K(1380864K)->5122K(1382400K) Eden: 1363968K(1363968K)->0K(1366528K) From: 6076K(16896K)->5122K(15872K)
[1386.499s][info][gc,heap        ] GC(517) ParOldGen: 103499K(2796544K)->107740K(2796544K)
[1386.499s][info][gc,metaspace   ] GC(517) Metaspace: 78243K(79488K)->78243K(79488K) NonClass: 68679K(69184K)->68679K(69184K) Class: 9563K(10304K)->9563K(10304K)
[1386.500s][info][gc             ] GC(517) Pause Young (Allocation Failure) 1439M->110M(4081M) 3.581ms
[1386.500s][info][gc,cpu         ] GC(517) User=0.00s Sys=0.00s Real=0.00s
[1388.644s][info][gc,start       ] GC(518) Pause Young (Allocation Failure)
[1388.648s][info][gc,heap        ] GC(518) PSYoungGen: 1371650K(1382400K)->6972K(1381888K) Eden: 1366528K(1366528K)->0K(1366528K) From: 5122K(15872K)->6972K(15360K)
[1388.648s][info][gc,heap        ] GC(518) ParOldGen: 107740K(2796544K)->110700K(2796544K)
[1388.648s][info][gc,metaspace   ] GC(518) Metaspace: 78243K(79488K)->78243K(79488K) NonClass: 68679K(69184K)->68679K(69184K) Class: 9563K(10304K)->9563K(10304K)
[1388.648s][info][gc             ] GC(518) Pause Young (Allocation Failure) 1444M->114M(4080M) 3.330ms
[1388.648s][info][gc,cpu         ] GC(518) User=0.00s Sys=0.00s Real=0.00s
[1392.751s][info][gc,start       ] GC(519) Pause Young (Allocation Failure)
[1392.756s][info][gc,heap        ] GC(519) PSYoungGen: 1373500K(1381888K)->7234K(1383424K) Eden: 1366528K(1366528K)->0K(1368576K) From: 6972K(15360K)->7234K(14848K)
[1392.756s][info][gc,heap        ] GC(519) ParOldGen: 110700K(2796544K)->115331K(2796544K)
[1392.756s][info][gc,metaspace   ] GC(519) Metaspace: 78243K(79488K)->78243K(79488K) NonClass: 68679K(69184K)->68679K(69184K) Class: 9563K(10304K)->9563K(10304K)
[1392.756s][info][gc             ] GC(519) Pause Young (Allocation Failure) 1449M->119M(4082M) 4.521ms
[1392.756s][info][gc,cpu         ] GC(519) User=0.00s Sys=0.00s Real=0.00s
[1395.734s][info][gc,start       ] GC(520) Pause Young (Allocation Failure)
[1395.738s][info][gc,heap        ] GC(520) PSYoungGen: 1375810K(1383424K)->8423K(1382912K) Eden: 1368576K(1368576K)->0K(1368576K) From: 7234K(14848K)->8423K(14336K)
[1395.738s][info][gc,heap        ] GC(520) ParOldGen: 115331K(2796544K)->119237K(2796544K)
[1395.738s][info][gc,metaspace   ] GC(520) Metaspace: 78243K(79488K)->78243K(79488K) NonClass: 68679K(69184K)->68679K(69184K) Class: 9563K(10304K)->9563K(10304K)
[1395.738s][info][gc             ] GC(520) Pause Young (Allocation Failure) 1456M->124M(4081M) 4.062ms
[1395.738s][info][gc,cpu         ] GC(520) User=0.00s Sys=0.00s Real=0.00s
[1397.950s][info][gc,start       ] GC(521) Pause Young (Allocation Failure)
[1397.954s][info][gc,heap        ] GC(521) PSYoungGen: 1376999K(1382912K)->6088K(1384448K) Eden: 1368576K(1368576K)->0K(1370624K) From: 8423K(14336K)->6088K(13824K)
[1397.954s][info][gc,heap        ] GC(521) ParOldGen: 119237K(2796544K)->123306K(2796544K)
[1397.954s][info][gc,metaspace   ] GC(521) Metaspace: 78243K(79488K)->78243K(79488K) NonClass: 68679K(69184K)->68679K(69184K) Class: 9563K(10304K)->9563K(10304K)
[1397.954s][info][gc             ] GC(521) Pause Young (Allocation Failure) 1461M->126M(4083M) 3.488ms
[1397.954s][info][gc,cpu         ] GC(521) User=0.00s Sys=0.00s Real=0.00s
[1400.413s][info][gc,start       ] GC(522) Pause Young (Allocation Failure)
[1400.416s][info][gc,heap        ] GC(522) PSYoungGen: 1376712K(1384448K)->5677K(1383936K) Eden: 1370624K(1370624K)->0K(1370624K) From: 6088K(13824K)->5677K(13312K)
[1400.416s][info][gc,heap        ] GC(522) ParOldGen: 123306K(2796544K)->128287K(2796544K)
[1400.416s][info][gc,metaspace   ] GC(522) Metaspace: 78243K(79488K)->78243K(79488K) NonClass: 68679K(69184K)->68679K(69184K) Class: 9563K(10304K)->9563K(10304K)
[1400.416s][info][gc             ] GC(522) Pause Young (Allocation Failure) 1464M->130M(4082M) 3.288ms
[1400.416s][info][gc,cpu         ] GC(522) User=0.00s Sys=0.00s Real=0.01s
[1403.148s][info][gc,start       ] GC(523) Pause Young (Allocation Failure)
[1403.153s][info][gc,heap        ] GC(523) PSYoungGen: 1376301K(1383936K)->13281K(1373184K) Eden: 1370624K(1370624K)->0K(1359872K) From: 5677K(13312K)->13281K(13312K)
[1403.153s][info][gc,heap        ] GC(523) ParOldGen: 128287K(2796544K)->138944K(2796544K)
[1403.153s][info][gc,metaspace   ] GC(523) Metaspace: 78243K(79488K)->78243K(79488K) NonClass: 68679K(69184K)->68679K(69184K) Class: 9563K(10304K)->9563K(10304K)
[1403.153s][info][gc             ] GC(523) Pause Young (Allocation Failure) 1469M->148M(4072M) 5.077ms
[1403.153s][info][gc,cpu         ] GC(523) User=0.08s Sys=0.00s Real=0.00s
[1406.447s][info][gc,start       ] GC(524) Pause Young (Allocation Failure)
[1406.451s][info][gc,heap        ] GC(524) PSYoungGen: 1373153K(1373184K)->9231K(1378816K) Eden: 1359872K(1359872K)->0K(1359872K) From: 13281K(13312K)->9231K(18944K)
[1406.451s][info][gc,heap        ] GC(524) ParOldGen: 138944K(2796544K)->141745K(2796544K)
[1406.451s][info][gc,metaspace   ] GC(524) Metaspace: 78243K(79488K)->78243K(79488K) NonClass: 68679K(69184K)->68679K(69184K) Class: 9563K(10304K)->9563K(10304K)
[1406.451s][info][gc             ] GC(524) Pause Young (Allocation Failure) 1476M->147M(4077M) 3.855ms
[1406.451s][info][gc,cpu         ] GC(524) User=0.06s Sys=0.00s Real=0.01s
[1406.827s][info][gc,start       ] GC(525) Pause Young (System.gc())
[1406.829s][info][gc,heap        ] GC(525) PSYoungGen: 391462K(1378816K)->591K(1378816K) Eden: 382230K(1359872K)->0K(1360896K) From: 9231K(18944K)->591K(17920K)
[1406.829s][info][gc,heap        ] GC(525) ParOldGen: 141745K(2796544K)->148138K(2796544K)
[1406.829s][info][gc,metaspace   ] GC(525) Metaspace: 78243K(79488K)->78243K(79488K) NonClass: 68679K(69184K)->68679K(69184K) Class: 9563K(10304K)->9563K(10304K)
[1406.829s][info][gc             ] GC(525) Pause Young (System.gc()) 520M->145M(4077M) 2.082ms
[1406.829s][info][gc,cpu         ] GC(525) User=0.00s Sys=0.00s Real=0.00s
[1406.829s][info][gc,start       ] GC(526) Pause Full (System.gc())
[1406.829s][info][gc,phases,start] GC(526) Marking Phase
[1406.857s][info][gc,phases      ] GC(526) Marking Phase 28.264ms
[1406.857s][info][gc,phases,start] GC(526) Summary Phase
[1406.857s][info][gc,phases      ] GC(526) Summary Phase 0.011ms
[1406.857s][info][gc,phases,start] GC(526) Adjust Roots
[1406.868s][info][gc,phases      ] GC(526) Adjust Roots 10.756ms
[1406.868s][info][gc,phases,start] GC(526) Compaction Phase
[1406.879s][info][gc,phases      ] GC(526) Compaction Phase 11.045ms
[1406.879s][info][gc,phases,start] GC(526) Post Compact
[1406.880s][info][gc,phases      ] GC(526) Post Compact 1.209ms
[1406.880s][info][gc,heap        ] GC(526) PSYoungGen: 591K(1378816K)->0K(1378816K) Eden: 0K(1360896K)->0K(1360896K) From: 591K(17920K)->0K(17920K)
[1406.880s][info][gc,heap        ] GC(526) ParOldGen: 148138K(2796544K)->79662K(2796544K)
[1406.880s][info][gc,metaspace   ] GC(526) Metaspace: 78243K(79488K)->78243K(79488K) NonClass: 68679K(69184K)->68679K(69184K) Class: 9563K(10304K)->9563K(10304K)
[1406.880s][info][gc             ] GC(526) Pause Full (System.gc()) 145M->77M(4077M) 51.612ms
[1406.880s][info][gc,cpu         ] GC(526) User=0.20s Sys=0.00s Real=0.05s
[1410.144s][info][gc,start       ] GC(527) Pause Young (Allocation Failure)
[1410.146s][info][gc,heap        ] GC(527) PSYoungGen: 1360896K(1378816K)->5417K(1379328K) Eden: 1360896K(1360896K)->0K(1360896K) From: 0K(17920K)->5417K(18432K)
[1410.146s][info][gc,heap        ] GC(527) ParOldGen: 79662K(2796544K)->79662K(2796544K)
[1410.146s][info][gc,metaspace   ] GC(527) Metaspace: 78243K(79488K)->78243K(79488K) NonClass: 68679K(69184K)->68679K(69184K) Class: 9563K(10304K)->9563K(10304K)
[1410.146s][info][gc             ] GC(527) Pause Young (Allocation Failure) 1406M->83M(4078M) 2.421ms
[1410.146s][info][gc,cpu         ] GC(527) User=0.00s Sys=0.00s Real=0.00s
[1412.927s][info][gc,start       ] GC(528) Pause Young (Allocation Failure)
[1412.930s][info][gc,heap        ] GC(528) PSYoungGen: 1362778K(1379328K)->9752K(1379840K) Eden: 1357361K(1360896K)->0K(1361920K) From: 5417K(18432K)->9752K(17920K)
[1412.930s][info][gc,heap        ] GC(528) ParOldGen: 79662K(2796544K)->84026K(2796544K)
[1412.930s][info][gc,metaspace   ] GC(528) Metaspace: 78243K(79488K)->78243K(79488K) NonClass: 68679K(69184K)->68679K(69184K) Class: 9563K(10304K)->9563K(10304K)
[1412.931s][info][gc             ] GC(528) Pause Young (Allocation Failure) 1408M->91M(4078M) 3.272ms
[1412.931s][info][gc,cpu         ] GC(528) User=0.00s Sys=0.00s Real=0.00s
[1416.641s][info][gc,start       ] GC(529) Pause Young (Allocation Failure)
[1416.644s][info][gc,heap        ] GC(529) PSYoungGen: 1370654K(1379840K)->4327K(1379840K) Eden: 1360902K(1361920K)->0K(1361920K) From: 9752K(17920K)->4327K(17920K)
[1416.644s][info][gc,heap        ] GC(529) ParOldGen: 84026K(2796544K)->86673K(2796544K)
[1416.644s][info][gc,metaspace   ] GC(529) Metaspace: 78243K(79488K)->78243K(79488K) NonClass: 68679K(69184K)->68679K(69184K) Class: 9563K(10304K)->9563K(10304K)
[1416.644s][info][gc             ] GC(529) Pause Young (Allocation Failure) 1420M->88M(4078M) 3.310ms
[1416.644s][info][gc,cpu         ] GC(529) User=0.00s Sys=0.00s Real=0.00s
[1419.336s][info][gc,start       ] GC(530) Pause Young (GCLocker Initiated GC)
[1419.339s][info][gc,heap        ] GC(530) PSYoungGen: 1366247K(1379840K)->5764K(1381376K) Eden: 1361920K(1361920K)->0K(1363968K) From: 4327K(17920K)->5764K(17408K)
[1419.339s][info][gc,heap        ] GC(530) ParOldGen: 86673K(2796544K)->89653K(2796544K)
[1419.339s][info][gc,metaspace   ] GC(530) Metaspace: 78243K(79488K)->78243K(79488K) NonClass: 68679K(69184K)->68679K(69184K) Class: 9563K(10304K)->9563K(10304K)
[1419.339s][info][gc             ] GC(530) Pause Young (GCLocker Initiated GC) 1418M->93M(4080M) 2.675ms
[1419.339s][info][gc,cpu         ] GC(530) User=0.00s Sys=0.00s Real=0.01s
[1423.720s][info][gc,start       ] GC(531) Pause Young (Allocation Failure)
[1423.723s][info][gc,heap        ] GC(531) PSYoungGen: 1369732K(1381376K)->3987K(1380352K) Eden: 1363968K(1363968K)->0K(1363968K) From: 5764K(17408K)->3987K(16384K)
[1423.723s][info][gc,heap        ] GC(531) ParOldGen: 93764K(2796544K)->98085K(2796544K)
[1423.723s][info][gc,metaspace   ] GC(531) Metaspace: 78243K(79488K)->78243K(79488K) NonClass: 68679K(69184K)->68679K(69184K) Class: 9563K(10304K)->9563K(10304K)
[1423.723s][info][gc             ] GC(531) Pause Young (Allocation Failure) 1429M->99M(4079M) 2.984ms
[1423.723s][info][gc,cpu         ] GC(531) User=0.00s Sys=0.00s Real=0.00s
[1425.917s][info][gc,start       ] GC(532) Pause Young (Allocation Failure)
[1425.920s][info][gc,heap        ] GC(532) PSYoungGen: 1367955K(1380352K)->6793K(1382400K) Eden: 1363968K(1363968K)->0K(1366016K) From: 3987K(16384K)->6793K(16384K)
[1425.920s][info][gc,heap        ] GC(532) ParOldGen: 98085K(2796544K)->101107K(2796544K)
[1425.920s][info][gc,metaspace   ] GC(532) Metaspace: 78243K(79488K)->78243K(79488K) NonClass: 68679K(69184K)->68679K(69184K) Class: 9563K(10304K)->9563K(10304K)
[1425.920s][info][gc             ] GC(532) Pause Young (Allocation Failure) 1431M->105M(4081M) 3.184ms
[1425.920s][info][gc,cpu         ] GC(532) User=0.08s Sys=0.00s Real=0.00s
[1430.208s][info][gc,start       ] GC(533) Pause Young (Allocation Failure)
[1430.212s][info][gc,heap        ] GC(533) PSYoungGen: 1372809K(1382400K)->6415K(1381376K) Eden: 1366016K(1366016K)->0K(1366016K) From: 6793K(16384K)->6415K(15360K)
[1430.212s][info][gc,heap        ] GC(533) ParOldGen: 101107K(2796544K)->105886K(2796544K)
[1430.212s][info][gc,metaspace   ] GC(533) Metaspace: 78243K(79488K)->78243K(79488K) NonClass: 68679K(69184K)->68679K(69184K) Class: 9563K(10304K)->9563K(10304K)
[1430.212s][info][gc             ] GC(533) Pause Young (Allocation Failure) 1439M->109M(4080M) 4.090ms
[1430.212s][info][gc,cpu         ] GC(533) User=0.00s Sys=0.00s Real=0.00s
[1433.270s][info][gc,start       ] GC(534) Pause Young (Allocation Failure)
[1433.273s][info][gc,heap        ] GC(534) PSYoungGen: 1372431K(1381376K)->5829K(1383424K) Eden: 1366016K(1366016K)->0K(1368576K) From: 6415K(15360K)->5829K(14848K)
[1433.273s][info][gc,heap        ] GC(534) ParOldGen: 105886K(2796544K)->109769K(2796544K)
[1433.273s][info][gc,metaspace   ] GC(534) Metaspace: 78243K(79488K)->78243K(79488K) NonClass: 68679K(69184K)->68679K(69184K) Class: 9563K(10304K)->9563K(10304K)
[1433.273s][info][gc             ] GC(534) Pause Young (Allocation Failure) 1443M->112M(4082M) 3.483ms
[1433.273s][info][gc,cpu         ] GC(534) User=0.00s Sys=0.00s Real=0.00s
[1435.508s][info][gc,start       ] GC(535) Pause Young (Allocation Failure)
[1435.511s][info][gc,heap        ] GC(535) PSYoungGen: 1374405K(1383424K)->6229K(1382912K) Eden: 1368576K(1368576K)->0K(1368576K) From: 5829K(14848K)->6229K(14336K)
[1435.511s][info][gc,heap        ] GC(535) ParOldGen: 109769K(2796544K)->113712K(2796544K)
[1435.511s][info][gc,metaspace   ] GC(535) Metaspace: 78243K(79488K)->78243K(79488K) NonClass: 68679K(69184K)->68679K(69184K) Class: 9563K(10304K)->9563K(10304K)
[1435.511s][info][gc             ] GC(535) Pause Young (Allocation Failure) 1449M->117M(4081M) 3.108ms
[1435.511s][info][gc,cpu         ] GC(535) User=0.00s Sys=0.00s Real=0.00s
[1438.153s][info][gc,start       ] GC(536) Pause Young (Allocation Failure)
[1438.156s][info][gc,heap        ] GC(536) PSYoungGen: 1374805K(1382912K)->5898K(1384960K) Eden: 1368576K(1368576K)->0K(1371648K) From: 6229K(14336K)->5898K(13312K)
[1438.156s][info][gc,heap        ] GC(536) ParOldGen: 113712K(2796544K)->118652K(2796544K)
[1438.156s][info][gc,metaspace   ] GC(536) Metaspace: 78243K(79488K)->78243K(79488K) NonClass: 68679K(69184K)->68679K(69184K) Class: 9563K(10304K)->9563K(10304K)
[1438.156s][info][gc             ] GC(536) Pause Young (Allocation Failure) 1453M->121M(4083M) 3.341ms
[1438.156s][info][gc,cpu         ] GC(536) User=0.00s Sys=0.00s Real=0.00s
[1440.942s][info][gc,start       ] GC(537) Pause Young (Allocation Failure)
[1440.947s][info][gc,heap        ] GC(537) PSYoungGen: 1377483K(1384960K)->10266K(1382400K) Eden: 1371585K(1371648K)->0K(1371648K) From: 5898K(13312K)->10266K(10752K)
[1440.947s][info][gc,heap        ] GC(537) ParOldGen: 118652K(2796544K)->135645K(2796544K)
[1440.947s][info][gc,metaspace   ] GC(537) Metaspace: 78243K(79488K)->78243K(79488K) NonClass: 68679K(69184K)->68679K(69184K) Class: 9563K(10304K)->9563K(10304K)
[1440.947s][info][gc             ] GC(537) Pause Young (Allocation Failure) 1461M->142M(4081M) 4.864ms
[1440.947s][info][gc,cpu         ] GC(537) User=0.00s Sys=0.00s Real=0.01s
[1444.199s][info][gc,start       ] GC(538) Pause Young (Allocation Failure)
[1444.202s][info][gc,heap        ] GC(538) PSYoungGen: 1381914K(1382400K)->4537K(1384448K) Eden: 1371648K(1371648K)->0K(1370624K) From: 10266K(10752K)->4537K(13824K)
[1444.202s][info][gc,heap        ] GC(538) ParOldGen: 135645K(2796544K)->138278K(2796544K)
[1444.202s][info][gc,metaspace   ] GC(538) Metaspace: 78243K(79488K)->78243K(79488K) NonClass: 68679K(69184K)->68679K(69184K) Class: 9563K(10304K)->9563K(10304K)
[1444.202s][info][gc             ] GC(538) Pause Young (Allocation Failure) 1481M->139M(4083M) 2.686ms
[1444.202s][info][gc,cpu         ] GC(538) User=0.00s Sys=0.00s Real=0.00s
[1444.632s][info][gc,start       ] GC(539) Pause Young (System.gc())
[1444.634s][info][gc,heap        ] GC(539) PSYoungGen: 421975K(1384448K)->736K(1383936K) Eden: 417437K(1370624K)->0K(1370624K) From: 4537K(13824K)->736K(13312K)
[1444.634s][info][gc,heap        ] GC(539) ParOldGen: 138278K(2796544K)->140480K(2796544K)
[1444.634s][info][gc,metaspace   ] GC(539) Metaspace: 78243K(79488K)->78243K(79488K) NonClass: 68679K(69184K)->68679K(69184K) Class: 9563K(10304K)->9563K(10304K)
[1444.634s][info][gc             ] GC(539) Pause Young (System.gc()) 547M->137M(4082M) 1.508ms
[1444.634s][info][gc,cpu         ] GC(539) User=0.00s Sys=0.00s Real=0.00s
[1444.634s][info][gc,start       ] GC(540) Pause Full (System.gc())
[1444.634s][info][gc,phases,start] GC(540) Marking Phase
[1444.660s][info][gc,phases      ] GC(540) Marking Phase 26.279ms
[1444.660s][info][gc,phases,start] GC(540) Summary Phase
[1444.660s][info][gc,phases      ] GC(540) Summary Phase 0.011ms
[1444.660s][info][gc,phases,start] GC(540) Adjust Roots
[1444.671s][info][gc,phases      ] GC(540) Adjust Roots 10.676ms
[1444.671s][info][gc,phases,start] GC(540) Compaction Phase
[1444.682s][info][gc,phases      ] GC(540) Compaction Phase 11.149ms
[1444.682s][info][gc,phases,start] GC(540) Post Compact
[1444.683s][info][gc,phases      ] GC(540) Post Compact 1.089ms
[1444.683s][info][gc,heap        ] GC(540) PSYoungGen: 736K(1383936K)->0K(1383936K) Eden: 0K(1370624K)->0K(1370624K) From: 736K(13312K)->0K(13312K)
[1444.683s][info][gc,heap        ] GC(540) ParOldGen: 140480K(2796544K)->78735K(2796544K)
[1444.683s][info][gc,metaspace   ] GC(540) Metaspace: 78243K(79488K)->78243K(79488K) NonClass: 68679K(69184K)->68679K(69184K) Class: 9563K(10304K)->9563K(10304K)
[1444.683s][info][gc             ] GC(540) Pause Full (System.gc()) 137M->76M(4082M) 49.506ms
[1444.683s][info][gc,cpu         ] GC(540) User=0.12s Sys=0.00s Real=0.05s
[1447.926s][info][gc,start       ] GC(541) Pause Young (Allocation Failure)
[1447.929s][info][gc,heap        ] GC(541) PSYoungGen: 1370624K(1383936K)->5104K(1384448K) Eden: 1370624K(1370624K)->0K(1370624K) From: 0K(13312K)->5104K(13824K)
[1447.929s][info][gc,heap        ] GC(541) ParOldGen: 78735K(2796544K)->78735K(2796544K)
[1447.929s][info][gc,metaspace   ] GC(541) Metaspace: 78244K(79488K)->78244K(79488K) NonClass: 68679K(69184K)->68679K(69184K) Class: 9564K(10304K)->9564K(10304K)
[1447.929s][info][gc             ] GC(541) Pause Young (Allocation Failure) 1415M->81M(4083M) 2.465ms
[1447.929s][info][gc,cpu         ] GC(541) User=0.00s Sys=0.00s Real=0.00s
[1450.668s][info][gc,start       ] GC(542) Pause Young (Allocation Failure)
[1450.673s][info][gc,heap        ] GC(542) PSYoungGen: 1375728K(1384448K)->13294K(1383936K) Eden: 1370624K(1370624K)->0K(1370624K) From: 5104K(13824K)->13294K(13312K)
[1450.673s][info][gc,heap        ] GC(542) ParOldGen: 78735K(2796544K)->95701K(2796544K)
[1450.673s][info][gc,metaspace   ] GC(542) Metaspace: 78244K(79488K)->78244K(79488K) NonClass: 68679K(69184K)->68679K(69184K) Class: 9564K(10304K)->9564K(10304K)
[1450.673s][info][gc             ] GC(542) Pause Young (Allocation Failure) 1420M->106M(4082M) 5.036ms
[1450.673s][info][gc,cpu         ] GC(542) User=0.00s Sys=0.00s Real=0.00s
[1454.603s][info][gc,start       ] GC(543) Pause Young (Allocation Failure)
[1454.606s][info][gc,heap        ] GC(543) PSYoungGen: 1383918K(1383936K)->4517K(1369600K) Eden: 1370624K(1370624K)->0K(1355776K) From: 13294K(13312K)->4517K(13824K)
[1454.607s][info][gc,heap        ] GC(543) ParOldGen: 95701K(2796544K)->98549K(2796544K)
[1454.607s][info][gc,metaspace   ] GC(543) Metaspace: 78244K(79488K)->78244K(79488K) NonClass: 68679K(69184K)->68679K(69184K) Class: 9564K(10304K)->9564K(10304K)
[1454.607s][info][gc             ] GC(543) Pause Young (Allocation Failure) 1444M->100M(4068M) 3.821ms
[1454.607s][info][gc,cpu         ] GC(543) User=0.05s Sys=0.00s Real=0.00s
[1457.043s][info][gc,start       ] GC(544) Pause Young (Allocation Failure)
[1457.046s][info][gc,heap        ] GC(544) PSYoungGen: 1360293K(1369600K)->6069K(1376768K) Eden: 1355776K(1355776K)->0K(1355776K) From: 4517K(13824K)->6069K(20992K)
[1457.046s][info][gc,heap        ] GC(544) ParOldGen: 98549K(2796544K)->101624K(2796544K)
[1457.046s][info][gc,metaspace   ] GC(544) Metaspace: 78244K(79488K)->78244K(79488K) NonClass: 68679K(69184K)->68679K(69184K) Class: 9564K(10304K)->9564K(10304K)
[1457.046s][info][gc             ] GC(544) Pause Young (Allocation Failure) 1424M->105M(4075M) 3.040ms
[1457.046s][info][gc,cpu         ] GC(544) User=0.00s Sys=0.00s Real=0.00s
[1461.383s][info][gc,start       ] GC(545) Pause Young (Allocation Failure)
[1461.386s][info][gc,heap        ] GC(545) PSYoungGen: 1361845K(1376768K)->4540K(1378304K) Eden: 1355776K(1355776K)->0K(1358336K) From: 6069K(20992K)->4540K(19968K)
[1461.386s][info][gc,heap        ] GC(545) ParOldGen: 101624K(2796544K)->105951K(2796544K)
[1461.386s][info][gc,metaspace   ] GC(545) Metaspace: 78244K(79488K)->78244K(79488K) NonClass: 68679K(69184K)->68679K(69184K) Class: 9564K(10304K)->9564K(10304K)
[1461.386s][info][gc             ] GC(545) Pause Young (Allocation Failure) 1429M->107M(4077M) 2.901ms
[1461.386s][info][gc,cpu         ] GC(545) User=0.00s Sys=0.00s Real=0.00s
[1463.566s][info][gc,start       ] GC(546) Pause Young (Allocation Failure)
[1463.570s][info][gc,heap        ] GC(546) PSYoungGen: 1362876K(1378304K)->7022K(1377792K) Eden: 1358336K(1358336K)->0K(1358336K) From: 4540K(19968K)->7022K(19456K)
[1463.570s][info][gc,heap        ] GC(546) ParOldGen: 105951K(2796544K)->108814K(2796544K)
[1463.570s][info][gc,metaspace   ] GC(546) Metaspace: 78244K(79488K)->78244K(79488K) NonClass: 68679K(69184K)->68679K(69184K) Class: 9564K(10304K)->9564K(10304K)
[1463.570s][info][gc             ] GC(546) Pause Young (Allocation Failure) 1434M->113M(4076M) 3.753ms
[1463.570s][info][gc,cpu         ] GC(546) User=0.00s Sys=0.00s Real=0.01s
[1467.834s][info][gc,start       ] GC(547) Pause Young (Allocation Failure)
[1467.837s][info][gc,heap        ] GC(547) PSYoungGen: 1365358K(1377792K)->5683K(1380352K) Eden: 1358336K(1358336K)->0K(1361920K) From: 7022K(19456K)->5683K(18432K)
[1467.837s][info][gc,heap        ] GC(547) ParOldGen: 108814K(2796544K)->113465K(2796544K)
[1467.837s][info][gc,metaspace   ] GC(547) Metaspace: 78245K(79488K)->78245K(79488K) NonClass: 68681K(69184K)->68681K(69184K) Class: 9564K(10304K)->9564K(10304K)
[1467.837s][info][gc             ] GC(547) Pause Young (Allocation Failure) 1439M->116M(4079M) 3.453ms
[1467.837s][info][gc,cpu         ] GC(547) User=0.00s Sys=0.00s Real=0.01s
[1470.602s][info][gc,start       ] GC(548) Pause Young (Allocation Failure)
[1470.605s][info][gc,heap        ] GC(548) PSYoungGen: 1367603K(1380352K)->5392K(1379328K) Eden: 1361920K(1361920K)->0K(1361920K) From: 5683K(18432K)->5392K(17408K)
[1470.605s][info][gc,heap        ] GC(548) ParOldGen: 113465K(2796544K)->117394K(2796544K)
[1470.605s][info][gc,metaspace   ] GC(548) Metaspace: 78245K(79488K)->78245K(79488K) NonClass: 68681K(69184K)->68681K(69184K) Class: 9564K(10304K)->9564K(10304K)
[1470.605s][info][gc             ] GC(548) Pause Young (Allocation Failure) 1446M->119M(4078M) 3.062ms
[1470.605s][info][gc,cpu         ] GC(548) User=0.09s Sys=0.00s Real=0.00s
[1472.775s][info][gc,start       ] GC(549) Pause Young (Allocation Failure)
[1472.779s][info][gc,heap        ] GC(549) PSYoungGen: 1367312K(1379328K)->7141K(1381888K) Eden: 1361920K(1361920K)->0K(1364992K) From: 5392K(17408K)->7141K(16896K)
[1472.779s][info][gc,heap        ] GC(549) ParOldGen: 117394K(2796544K)->121346K(2796544K)
[1472.779s][info][gc,metaspace   ] GC(549) Metaspace: 78245K(79488K)->78245K(79488K) NonClass: 68681K(69184K)->68681K(69184K) Class: 9564K(10304K)->9564K(10304K)
[1472.779s][info][gc             ] GC(549) Pause Young (Allocation Failure) 1449M->125M(4080M) 4.071ms
[1472.779s][info][gc,cpu         ] GC(549) User=0.08s Sys=0.00s Real=0.01s
[1475.421s][info][gc,start       ] GC(550) Pause Young (Allocation Failure)
[1475.424s][info][gc,heap        ] GC(550) PSYoungGen: 1372133K(1381888K)->5735K(1380864K) Eden: 1364992K(1364992K)->0K(1364992K) From: 7141K(16896K)->5735K(15872K)
[1475.424s][info][gc,heap        ] GC(550) ParOldGen: 121346K(2796544K)->126293K(2796544K)
[1475.424s][info][gc,metaspace   ] GC(550) Metaspace: 78245K(79488K)->78245K(79488K) NonClass: 68681K(69184K)->68681K(69184K) Class: 9564K(10304K)->9564K(10304K)
[1475.424s][info][gc             ] GC(550) Pause Young (Allocation Failure) 1458M->128M(4079M) 3.108ms
[1475.424s][info][gc,cpu         ] GC(550) User=0.00s Sys=0.00s Real=0.01s
[1478.216s][info][gc,start       ] GC(551) Pause Young (Allocation Failure)
[1478.219s][info][gc,heap        ] GC(551) PSYoungGen: 1370717K(1380864K)->4859K(1382912K) Eden: 1364982K(1364992K)->0K(1367552K) From: 5735K(15872K)->4859K(15360K)
[1478.219s][info][gc,heap        ] GC(551) ParOldGen: 126293K(2796544K)->130976K(2796544K)
[1478.219s][info][gc,metaspace   ] GC(551) Metaspace: 78245K(79488K)->78245K(79488K) NonClass: 68681K(69184K)->68681K(69184K) Class: 9564K(10304K)->9564K(10304K)
[1478.219s][info][gc             ] GC(551) Pause Young (Allocation Failure) 1461M->132M(4081M) 3.227ms
[1478.219s][info][gc,cpu         ] GC(551) User=0.00s Sys=0.00s Real=0.01s
[1481.475s][info][gc,start       ] GC(552) Pause Young (Allocation Failure)
[1481.480s][info][gc,heap        ] GC(552) PSYoungGen: 1372411K(1382912K)->8417K(1382400K) Eden: 1367552K(1367552K)->0K(1367552K) From: 4859K(15360K)->8417K(14848K)
[1481.480s][info][gc,heap        ] GC(552) ParOldGen: 130976K(2796544K)->133603K(2796544K)
[1481.480s][info][gc,metaspace   ] GC(552) Metaspace: 78245K(79488K)->78245K(79488K) NonClass: 68681K(69184K)->68681K(69184K) Class: 9564K(10304K)->9564K(10304K)
[1481.480s][info][gc             ] GC(552) Pause Young (Allocation Failure) 1468M->138M(4081M) 4.707ms
[1481.480s][info][gc,cpu         ] GC(552) User=0.02s Sys=0.00s Real=0.00s
[1481.925s][info][gc,start       ] GC(553) Pause Young (System.gc())
[1481.927s][info][gc,heap        ] GC(553) PSYoungGen: 453543K(1382400K)->736K(1382912K) Eden: 445126K(1367552K)->0K(1368064K) From: 8417K(14848K)->736K(14848K)
[1481.927s][info][gc,heap        ] GC(553) ParOldGen: 133603K(2796544K)->137560K(2796544K)
[1481.927s][info][gc,metaspace   ] GC(553) Metaspace: 78247K(79488K)->78247K(79488K) NonClass: 68682K(69184K)->68682K(69184K) Class: 9564K(10304K)->9564K(10304K)
[1481.928s][info][gc             ] GC(553) Pause Young (System.gc()) 573M->135M(4081M) 2.033ms
[1481.928s][info][gc,cpu         ] GC(553) User=0.00s Sys=0.00s Real=0.00s
[1481.928s][info][gc,start       ] GC(554) Pause Full (System.gc())
[1481.928s][info][gc,phases,start] GC(554) Marking Phase
[1481.953s][info][gc,phases      ] GC(554) Marking Phase 24.900ms
[1481.953s][info][gc,phases,start] GC(554) Summary Phase
[1481.953s][info][gc,phases      ] GC(554) Summary Phase 0.011ms
[1481.953s][info][gc,phases,start] GC(554) Adjust Roots
[1481.963s][info][gc,phases      ] GC(554) Adjust Roots 10.808ms
[1481.964s][info][gc,phases,start] GC(554) Compaction Phase
[1481.976s][info][gc,phases      ] GC(554) Compaction Phase 12.331ms
[1481.976s][info][gc,phases,start] GC(554) Post Compact
[1481.977s][info][gc,phases      ] GC(554) Post Compact 1.093ms
[1481.977s][info][gc,heap        ] GC(554) PSYoungGen: 736K(1382912K)->0K(1382912K) Eden: 0K(1368064K)->0K(1368064K) From: 736K(14848K)->0K(14848K)
[1481.977s][info][gc,heap        ] GC(554) ParOldGen: 137560K(2796544K)->79928K(2796544K)
[1481.977s][info][gc,metaspace   ] GC(554) Metaspace: 78247K(79488K)->78247K(79488K) NonClass: 68682K(69184K)->68682K(69184K) Class: 9564K(10304K)->9564K(10304K)
[1481.977s][info][gc             ] GC(554) Pause Full (System.gc()) 135M->78M(4081M) 49.496ms
[1481.977s][info][gc,cpu         ] GC(554) User=0.12s Sys=0.00s Real=0.05s
[1485.232s][info][gc,start       ] GC(555) Pause Young (Allocation Failure)
[1485.235s][info][gc,heap        ] GC(555) PSYoungGen: 1368064K(1382912K)->5171K(1382912K) Eden: 1368064K(1368064K)->0K(1368064K) From: 0K(14848K)->5171K(14848K)
[1485.235s][info][gc,heap        ] GC(555) ParOldGen: 79928K(2796544K)->79928K(2796544K)
[1485.235s][info][gc,metaspace   ] GC(555) Metaspace: 78247K(79488K)->78247K(79488K) NonClass: 68682K(69184K)->68682K(69184K) Class: 9564K(10304K)->9564K(10304K)
[1485.235s][info][gc             ] GC(555) Pause Young (Allocation Failure) 1414M->83M(4081M) 2.430ms
[1485.235s][info][gc,cpu         ] GC(555) User=0.00s Sys=0.00s Real=0.00s
[1487.968s][info][gc,start       ] GC(556) Pause Young (Allocation Failure)
[1487.972s][info][gc,heap        ] GC(556) PSYoungGen: 1370881K(1382912K)->13857K(1379328K) Eden: 1365710K(1368064K)->0K(1364992K) From: 5171K(14848K)->13857K(14336K)
[1487.972s][info][gc,heap        ] GC(556) ParOldGen: 79928K(2796544K)->92079K(2796544K)
[1487.972s][info][gc,metaspace   ] GC(556) Metaspace: 78247K(79488K)->78247K(79488K) NonClass: 68682K(69184K)->68682K(69184K) Class: 9564K(10304K)->9564K(10304K)
[1487.972s][info][gc             ] GC(556) Pause Young (Allocation Failure) 1416M->103M(4078M) 4.092ms
[1487.972s][info][gc,cpu         ] GC(556) User=0.00s Sys=0.00s Real=0.00s
[1491.834s][info][gc,start       ] GC(557) Pause Young (Allocation Failure)
[1491.836s][info][gc,heap        ] GC(557) PSYoungGen: 1378849K(1379328K)->4773K(1381376K) Eden: 1364992K(1364992K)->0K(1364992K) From: 13857K(14336K)->4773K(16384K)
[1491.836s][info][gc,heap        ] GC(557) ParOldGen: 92079K(2796544K)->94738K(2796544K)
[1491.836s][info][gc,metaspace   ] GC(557) Metaspace: 78247K(79488K)->78247K(79488K) NonClass: 68682K(69184K)->68682K(69184K) Class: 9564K(10304K)->9564K(10304K)
[1491.836s][info][gc             ] GC(557) Pause Young (Allocation Failure) 1436M->97M(4080M) 2.539ms
[1491.836s][info][gc,cpu         ] GC(557) User=0.00s Sys=0.00s Real=0.01s
[1494.322s][info][gc,start       ] GC(558) Pause Young (Allocation Failure)
[1494.325s][info][gc,heap        ] GC(558) PSYoungGen: 1369765K(1381376K)->5647K(1382400K) Eden: 1364992K(1364992K)->0K(1366528K) From: 4773K(16384K)->5647K(15872K)
[1494.325s][info][gc,heap        ] GC(558) ParOldGen: 94738K(2796544K)->97763K(2796544K)
[1494.325s][info][gc,metaspace   ] GC(558) Metaspace: 78247K(79488K)->78247K(79488K) NonClass: 68682K(69184K)->68682K(69184K) Class: 9564K(10304K)->9564K(10304K)
[1494.325s][info][gc             ] GC(558) Pause Young (Allocation Failure) 1430M->100M(4081M) 3.240ms
[1494.325s][info][gc,cpu         ] GC(558) User=0.09s Sys=0.00s Real=0.01s
[1498.740s][info][gc,start       ] GC(559) Pause Young (Allocation Failure)
[1498.745s][info][gc,heap        ] GC(559) PSYoungGen: 1371378K(1382400K)->4454K(1381888K) Eden: 1365731K(1366528K)->0K(1366528K) From: 5647K(15872K)->4454K(15360K)
[1498.745s][info][gc,heap        ] GC(559) ParOldGen: 97763K(2796544K)->102028K(2796544K)
[1498.745s][info][gc,metaspace   ] GC(559) Metaspace: 78247K(79488K)->78247K(79488K) NonClass: 68682K(69184K)->68682K(69184K) Class: 9564K(10304K)->9564K(10304K)
[1498.745s][info][gc             ] GC(559) Pause Young (Allocation Failure) 1434M->103M(4080M) 4.166ms
[1498.745s][info][gc,cpu         ] GC(559) User=0.00s Sys=0.00s Real=0.00s
[1500.978s][info][gc,start       ] GC(560) Pause Young (Allocation Failure)
[1500.980s][info][gc,heap        ] GC(560) PSYoungGen: 1370500K(1381888K)->5965K(1383936K) Eden: 1366045K(1366528K)->0K(1369088K) From: 4454K(15360K)->5965K(14848K)
[1500.981s][info][gc,heap        ] GC(560) ParOldGen: 102028K(2796544K)->104867K(2796544K)
[1500.981s][info][gc,metaspace   ] GC(560) Metaspace: 78247K(79488K)->78247K(79488K) NonClass: 68682K(69184K)->68682K(69184K) Class: 9564K(10304K)->9564K(10304K)
[1500.981s][info][gc             ] GC(560) Pause Young (Allocation Failure) 1438M->108M(4082M) 2.756ms
[1500.981s][info][gc,cpu         ] GC(560) User=0.09s Sys=0.00s Real=0.00s
[1505.173s][info][gc,start       ] GC(561) Pause Young (Allocation Failure)
[1505.177s][info][gc,heap        ] GC(561) PSYoungGen: 1375053K(1383936K)->6496K(1382912K) Eden: 1369088K(1369088K)->0K(1369088K) From: 5965K(14848K)->6496K(13824K)
[1505.177s][info][gc,heap        ] GC(561) ParOldGen: 104867K(2796544K)->109553K(2796544K)
[1505.177s][info][gc,metaspace   ] GC(561) Metaspace: 78247K(79488K)->78247K(79488K) NonClass: 68682K(69184K)->68682K(69184K) Class: 9564K(10304K)->9564K(10304K)
[1505.177s][info][gc             ] GC(561) Pause Young (Allocation Failure) 1445M->113M(4081M) 4.810ms
[1505.178s][info][gc,cpu         ] GC(561) User=0.00s Sys=0.00s Real=0.01s
[1508.099s][info][gc,start       ] GC(562) Pause Young (Allocation Failure)
[1508.102s][info][gc,heap        ] GC(562) PSYoungGen: 1374594K(1382912K)->5314K(1384960K) Eden: 1368097K(1369088K)->0K(1371648K) From: 6496K(13824K)->5314K(13312K)
[1508.102s][info][gc,heap        ] GC(562) ParOldGen: 109553K(2796544K)->113561K(2796544K)
[1508.102s][info][gc,metaspace   ] GC(562) Metaspace: 78247K(79488K)->78247K(79488K) NonClass: 68682K(69184K)->68682K(69184K) Class: 9564K(10304K)->9564K(10304K)
[1508.102s][info][gc             ] GC(562) Pause Young (Allocation Failure) 1449M->116M(4083M) 3.277ms
[1508.103s][info][gc,cpu         ] GC(562) User=0.00s Sys=0.00s Real=0.00s
[1510.303s][info][gc,start       ] GC(563) Pause Young (Allocation Failure)
[1510.306s][info][gc,heap        ] GC(563) PSYoungGen: 1376962K(1384960K)->7323K(1384448K) Eden: 1371648K(1371648K)->0K(1371648K) From: 5314K(13312K)->7323K(12800K)
[1510.306s][info][gc,heap        ] GC(563) ParOldGen: 113561K(2796544K)->117578K(2796544K)
[1510.306s][info][gc,metaspace   ] GC(563) Metaspace: 78247K(79488K)->78247K(79488K) NonClass: 68682K(69184K)->68682K(69184K) Class: 9564K(10304K)->9564K(10304K)
[1510.306s][info][gc             ] GC(563) Pause Young (Allocation Failure) 1455M->121M(4083M) 3.563ms
[1510.306s][info][gc,cpu         ] GC(563) User=0.00s Sys=0.00s Real=0.02s
[1512.780s][info][gc,start       ] GC(564) Pause Young (Allocation Failure)
[1512.784s][info][gc,heap        ] GC(564) PSYoungGen: 1378971K(1384448K)->5631K(1385472K) Eden: 1371648K(1371648K)->0K(1372672K) From: 7323K(12800K)->5631K(12800K)
[1512.785s][info][gc,heap        ] GC(564) ParOldGen: 117578K(2796544K)->122558K(2796544K)
[1512.785s][info][gc,metaspace   ] GC(564) Metaspace: 78247K(79488K)->78247K(79488K) NonClass: 68682K(69184K)->68682K(69184K) Class: 9564K(10304K)->9564K(10304K)
[1512.785s][info][gc             ] GC(564) Pause Young (Allocation Failure) 1461M->125M(4084M) 4.266ms
[1512.785s][info][gc,cpu         ] GC(564) User=0.00s Sys=0.00s Real=0.02s
[1515.499s][info][gc,start       ] GC(565) Pause Young (Allocation Failure)
[1515.503s][info][gc,heap        ] GC(565) PSYoungGen: 1375374K(1385472K)->10809K(1383936K) Eden: 1369743K(1372672K)->0K(1372672K) From: 5631K(12800K)->10809K(11264K)
[1515.503s][info][gc,heap        ] GC(565) ParOldGen: 122558K(2796544K)->135372K(2796544K)
[1515.503s][info][gc,metaspace   ] GC(565) Metaspace: 78247K(79488K)->78247K(79488K) NonClass: 68682K(69184K)->68682K(69184K) Class: 9564K(10304K)->9564K(10304K)
[1515.503s][info][gc             ] GC(565) Pause Young (Allocation Failure) 1462M->142M(4082M) 4.327ms
[1515.503s][info][gc,cpu         ] GC(565) User=0.00s Sys=0.00s Real=0.00s
[1518.787s][info][gc,start       ] GC(566) Pause Young (Allocation Failure)
[1518.790s][info][gc,heap        ] GC(566) PSYoungGen: 1383481K(1383936K)->5278K(1384960K) Eden: 1372672K(1372672K)->0K(1371648K) From: 10809K(11264K)->5278K(13312K)
[1518.790s][info][gc,heap        ] GC(566) ParOldGen: 135372K(2796544K)->137990K(2796544K)
[1518.790s][info][gc,metaspace   ] GC(566) Metaspace: 78247K(79488K)->78247K(79488K) NonClass: 68682K(69184K)->68682K(69184K) Class: 9564K(10304K)->9564K(10304K)
[1518.790s][info][gc             ] GC(566) Pause Young (Allocation Failure) 1483M->139M(4083M) 2.927ms
[1518.790s][info][gc,cpu         ] GC(566) User=0.00s Sys=0.00s Real=0.00s
[1519.169s][info][gc,start       ] GC(567) Pause Young (System.gc())
[1519.171s][info][gc,heap        ] GC(567) PSYoungGen: 389314K(1384960K)->591K(1384448K) Eden: 384036K(1371648K)->0K(1371648K) From: 5278K(13312K)->591K(12800K)
[1519.171s][info][gc,heap        ] GC(567) ParOldGen: 137990K(2796544K)->140259K(2796544K)
[1519.171s][info][gc,metaspace   ] GC(567) Metaspace: 78247K(79488K)->78247K(79488K) NonClass: 68682K(69184K)->68682K(69184K) Class: 9564K(10304K)->9564K(10304K)
[1519.171s][info][gc             ] GC(567) Pause Young (System.gc()) 514M->137M(4083M) 1.434ms
[1519.171s][info][gc,cpu         ] GC(567) User=0.00s Sys=0.00s Real=0.00s
[1519.171s][info][gc,start       ] GC(568) Pause Full (System.gc())
[1519.171s][info][gc,phases,start] GC(568) Marking Phase
[1519.197s][info][gc,phases      ] GC(568) Marking Phase 26.455ms
[1519.197s][info][gc,phases,start] GC(568) Summary Phase
[1519.197s][info][gc,phases      ] GC(568) Summary Phase 0.011ms
[1519.197s][info][gc,phases,start] GC(568) Adjust Roots
[1519.208s][info][gc,phases      ] GC(568) Adjust Roots 10.637ms
[1519.208s][info][gc,phases,start] GC(568) Compaction Phase
[1519.219s][info][gc,phases      ] GC(568) Compaction Phase 11.240ms
[1519.219s][info][gc,phases,start] GC(568) Post Compact
[1519.220s][info][gc,phases      ] GC(568) Post Compact 1.159ms
[1519.220s][info][gc,heap        ] GC(568) PSYoungGen: 591K(1384448K)->0K(1384448K) Eden: 0K(1371648K)->0K(1371648K) From: 591K(12800K)->0K(12800K)
[1519.220s][info][gc,heap        ] GC(568) ParOldGen: 140259K(2796544K)->78469K(2796544K)
[1519.220s][info][gc,metaspace   ] GC(568) Metaspace: 78247K(79488K)->78247K(79488K) NonClass: 68682K(69184K)->68682K(69184K) Class: 9564K(10304K)->9564K(10304K)
[1519.220s][info][gc             ] GC(568) Pause Full (System.gc()) 137M->76M(4083M) 49.832ms
[1519.221s][info][gc,cpu         ] GC(568) User=0.12s Sys=0.00s Real=0.05s
[1522.426s][info][gc,start       ] GC(569) Pause Young (Allocation Failure)
[1522.428s][info][gc,heap        ] GC(569) PSYoungGen: 1371648K(1384448K)->5026K(1384960K) Eden: 1371648K(1371648K)->0K(1371648K) From: 0K(12800K)->5026K(13312K)
[1522.428s][info][gc,heap        ] GC(569) ParOldGen: 78469K(2796544K)->78469K(2796544K)
[1522.428s][info][gc,metaspace   ] GC(569) Metaspace: 78247K(79488K)->78247K(79488K) NonClass: 68682K(69184K)->68682K(69184K) Class: 9564K(10304K)->9564K(10304K)
[1522.428s][info][gc             ] GC(569) Pause Young (Allocation Failure) 1416M->81M(4083M) 2.265ms
[1522.428s][info][gc,cpu         ] GC(569) User=0.00s Sys=0.00s Real=0.00s
[1525.154s][info][gc,start       ] GC(570) Pause Young (Allocation Failure)
[1525.157s][info][gc,heap        ] GC(570) PSYoungGen: 1375887K(1384960K)->10274K(1382400K) Eden: 1370860K(1371648K)->0K(1371648K) From: 5026K(13312K)->10274K(10752K)
[1525.157s][info][gc,heap        ] GC(570) ParOldGen: 78469K(2796544K)->82445K(2796544K)
[1525.157s][info][gc,metaspace   ] GC(570) Metaspace: 78247K(79488K)->78247K(79488K) NonClass: 68682K(69184K)->68682K(69184K) Class: 9564K(10304K)->9564K(10304K)
[1525.157s][info][gc             ] GC(570) Pause Young (Allocation Failure) 1420M->90M(4081M) 3.156ms
[1525.157s][info][gc,cpu         ] GC(570) User=0.00s Sys=0.00s Real=0.00s
[1529.117s][info][gc,start       ] GC(571) Pause Young (Allocation Failure)
[1529.119s][info][gc,heap        ] GC(571) PSYoungGen: 1381922K(1382400K)->5052K(1384448K) Eden: 1371648K(1371648K)->0K(1370624K) From: 10274K(10752K)->5052K(13824K)
[1529.119s][info][gc,heap        ] GC(571) ParOldGen: 82445K(2796544K)->85089K(2796544K)
[1529.119s][info][gc,metaspace   ] GC(571) Metaspace: 78247K(79488K)->78247K(79488K) NonClass: 68682K(69184K)->68682K(69184K) Class: 9564K(10304K)->9564K(10304K)
[1529.119s][info][gc             ] GC(571) Pause Young (Allocation Failure) 1430M->88M(4083M) 2.662ms
[1529.119s][info][gc,cpu         ] GC(571) User=0.00s Sys=0.00s Real=0.01s
[1531.558s][info][gc,start       ] GC(572) Pause Young (Allocation Failure)
[1531.560s][info][gc,heap        ] GC(572) PSYoungGen: 1375676K(1384448K)->5852K(1383936K) Eden: 1370624K(1370624K)->0K(1370624K) From: 5052K(13824K)->5852K(13312K)
[1531.561s][info][gc,heap        ] GC(572) ParOldGen: 85089K(2796544K)->88181K(2796544K)
[1531.561s][info][gc,metaspace   ] GC(572) Metaspace: 78247K(79488K)->78247K(79488K) NonClass: 68682K(69184K)->68682K(69184K) Class: 9564K(10304K)->9564K(10304K)
[1531.561s][info][gc             ] GC(572) Pause Young (Allocation Failure) 1426M->91M(4082M) 2.945ms
[1531.561s][info][gc,cpu         ] GC(572) User=0.09s Sys=0.00s Real=0.00s
[1536.061s][info][gc,start       ] GC(573) Pause Young (Allocation Failure)
[1536.065s][info][gc,heap        ] GC(573) PSYoungGen: 1376476K(1383936K)->4351K(1385472K) Eden: 1370624K(1370624K)->0K(1372672K) From: 5852K(13312K)->4351K(12800K)
[1536.065s][info][gc,heap        ] GC(573) ParOldGen: 88181K(2796544K)->92426K(2796544K)
[1536.065s][info][gc,metaspace   ] GC(573) Metaspace: 78247K(79488K)->78247K(79488K) NonClass: 68682K(69184K)->68682K(69184K) Class: 9564K(10304K)->9564K(10304K)
[1536.065s][info][gc             ] GC(573) Pause Young (Allocation Failure) 1430M->94M(4084M) 4.001ms
[1536.065s][info][gc,cpu         ] GC(573) User=0.00s Sys=0.00s Real=0.00s
[1538.209s][info][gc,start       ] GC(574) Pause Young (Allocation Failure)
[1538.212s][info][gc,heap        ] GC(574) PSYoungGen: 1377023K(1385472K)->6833K(1384960K) Eden: 1372672K(1372672K)->0K(1372672K) From: 4351K(12800K)->6833K(12288K)
[1538.213s][info][gc,heap        ] GC(574) ParOldGen: 92426K(2796544K)->95318K(2796544K)
[1538.213s][info][gc,metaspace   ] GC(574) Metaspace: 78247K(79488K)->78247K(79488K) NonClass: 68682K(69184K)->68682K(69184K) Class: 9564K(10304K)->9564K(10304K)
[1538.213s][info][gc             ] GC(574) Pause Young (Allocation Failure) 1435M->99M(4083M) 3.579ms
[1538.213s][info][gc,cpu         ] GC(574) User=0.00s Sys=0.00s Real=0.01s
[1542.350s][info][gc,start       ] GC(575) Pause Young (Allocation Failure)
[1542.355s][info][gc,heap        ] GC(575) PSYoungGen: 1379505K(1384960K)->8684K(1384960K) Eden: 1372672K(1372672K)->0K(1373184K) From: 6833K(12288K)->8684K(11776K)
[1542.355s][info][gc,heap        ] GC(575) ParOldGen: 95318K(2796544K)->100008K(2796544K)
[1542.355s][info][gc,metaspace   ] GC(575) Metaspace: 78247K(79488K)->78247K(79488K) NonClass: 68682K(69184K)->68682K(69184K) Class: 9564K(10304K)->9564K(10304K)
[1542.355s][info][gc             ] GC(575) Pause Young (Allocation Failure) 1440M->106M(4083M) 4.878ms
[1542.355s][info][gc,cpu         ] GC(575) User=0.00s Sys=0.00s Real=0.00s
[1545.370s][info][gc,start       ] GC(576) Pause Young (Allocation Failure)
[1545.373s][info][gc,heap        ] GC(576) PSYoungGen: 1380938K(1384960K)->4956K(1385472K) Eden: 1372254K(1373184K)->0K(1373184K) From: 8684K(11776K)->4956K(12288K)
[1545.373s][info][gc,heap        ] GC(576) ParOldGen: 100008K(2796544K)->103819K(2796544K)
[1545.373s][info][gc,metaspace   ] GC(576) Metaspace: 78247K(79488K)->78247K(79488K) NonClass: 68682K(69184K)->68682K(69184K) Class: 9564K(10304K)->9564K(10304K)
[1545.373s][info][gc             ] GC(576) Pause Young (Allocation Failure) 1446M->106M(4084M) 2.782ms
[1545.373s][info][gc,cpu         ] GC(576) User=0.09s Sys=0.00s Real=0.01s
[1547.615s][info][gc,start       ] GC(577) Pause Young (Allocation Failure)
[1547.619s][info][gc,heap        ] GC(577) PSYoungGen: 1378140K(1385472K)->6253K(1386496K) Eden: 1373184K(1373184K)->0K(1374208K) From: 4956K(12288K)->6253K(12288K)
[1547.619s][info][gc,heap        ] GC(577) ParOldGen: 103819K(2796544K)->107892K(2796544K)
[1547.619s][info][gc,metaspace   ] GC(577) Metaspace: 78247K(79488K)->78247K(79488K) NonClass: 68682K(69184K)->68682K(69184K) Class: 9564K(10304K)->9564K(10304K)
[1547.619s][info][gc             ] GC(577) Pause Young (Allocation Failure) 1447M->111M(4085M) 4.222ms
[1547.619s][info][gc,cpu         ] GC(577) User=0.00s Sys=0.00s Real=0.00s
[1550.021s][info][gc,start       ] GC(578) Pause Young (Allocation Failure)
[1550.024s][info][gc,heap        ] GC(578) PSYoungGen: 1380461K(1386496K)->6017K(1385472K) Eden: 1374208K(1374208K)->0K(1374208K) From: 6253K(12288K)->6017K(11264K)
[1550.024s][info][gc,heap        ] GC(578) ParOldGen: 107892K(2796544K)->112824K(2796544K)
[1550.024s][info][gc,metaspace   ] GC(578) Metaspace: 78247K(79488K)->78247K(79488K) NonClass: 68682K(69184K)->68682K(69184K) Class: 9564K(10304K)->9564K(10304K)
[1550.024s][info][gc             ] GC(578) Pause Young (Allocation Failure) 1453M->116M(4084M) 3.622ms
[1550.024s][info][gc,cpu         ] GC(578) User=0.00s Sys=0.00s Real=0.01s
[1552.706s][info][gc,start       ] GC(579) Pause Young (Allocation Failure)
[1552.710s][info][gc,heap        ] GC(579) PSYoungGen: 1377480K(1385472K)->11237K(1377280K) Eden: 1371462K(1374208K)->0K(1366016K) From: 6017K(11264K)->11237K(11264K)
[1552.710s][info][gc,heap        ] GC(579) ParOldGen: 112824K(2796544K)->121634K(2796544K)
[1552.710s][info][gc,metaspace   ] GC(579) Metaspace: 78247K(79488K)->78247K(79488K) NonClass: 68682K(69184K)->68682K(69184K) Class: 9564K(10304K)->9564K(10304K)
[1552.710s][info][gc             ] GC(579) Pause Young (Allocation Failure) 1455M->129M(4076M) 4.133ms
[1552.710s][info][gc,cpu         ] GC(579) User=0.00s Sys=0.00s Real=0.00s
[1556.055s][info][gc,start       ] GC(580) Pause Young (Allocation Failure)
[1556.058s][info][gc,heap        ] GC(580) PSYoungGen: 1377253K(1377280K)->5815K(1381888K) Eden: 1366016K(1366016K)->0K(1366016K) From: 11237K(11264K)->5815K(15872K)
[1556.058s][info][gc,heap        ] GC(580) ParOldGen: 121634K(2796544K)->124249K(2796544K)
[1556.058s][info][gc,metaspace   ] GC(580) Metaspace: 78247K(79488K)->78247K(79488K) NonClass: 68682K(69184K)->68682K(69184K) Class: 9564K(10304K)->9564K(10304K)
[1556.058s][info][gc             ] GC(580) Pause Young (Allocation Failure) 1463M->127M(4080M) 3.118ms
[1556.058s][info][gc,cpu         ] GC(580) User=0.00s Sys=0.00s Real=0.01s
[1556.419s][info][gc,start       ] GC(581) Pause Young (System.gc())
[1556.421s][info][gc,heap        ] GC(581) PSYoungGen: 366835K(1381888K)->559K(1381376K) Eden: 361020K(1366016K)->0K(1366016K) From: 5815K(15872K)->559K(15360K)
[1556.421s][info][gc,heap        ] GC(581) ParOldGen: 124249K(2796544K)->126629K(2796544K)
[1556.421s][info][gc,metaspace   ] GC(581) Metaspace: 78247K(79488K)->78247K(79488K) NonClass: 68682K(69184K)->68682K(69184K) Class: 9564K(10304K)->9564K(10304K)
[1556.421s][info][gc             ] GC(581) Pause Young (System.gc()) 479M->124M(4080M) 1.660ms
[1556.421s][info][gc,cpu         ] GC(581) User=0.00s Sys=0.00s Real=0.00s
[1556.421s][info][gc,start       ] GC(582) Pause Full (System.gc())
[1556.421s][info][gc,phases,start] GC(582) Marking Phase
[1556.447s][info][gc,phases      ] GC(582) Marking Phase 26.115ms
[1556.447s][info][gc,phases,start] GC(582) Summary Phase
[1556.447s][info][gc,phases      ] GC(582) Summary Phase 0.011ms
[1556.447s][info][gc,phases,start] GC(582) Adjust Roots
[1556.458s][info][gc,phases      ] GC(582) Adjust Roots 10.548ms
[1556.458s][info][gc,phases,start] GC(582) Compaction Phase
[1556.469s][info][gc,phases      ] GC(582) Compaction Phase 10.968ms
[1556.469s][info][gc,phases,start] GC(582) Post Compact
[1556.470s][info][gc,phases      ] GC(582) Post Compact 1.197ms
[1556.470s][info][gc,heap        ] GC(582) PSYoungGen: 559K(1381376K)->0K(1381376K) Eden: 0K(1366016K)->0K(1366016K) From: 559K(15360K)->0K(15360K)
[1556.470s][info][gc,heap        ] GC(582) ParOldGen: 126629K(2796544K)->78591K(2796544K)
[1556.470s][info][gc,metaspace   ] GC(582) Metaspace: 78247K(79488K)->78247K(79488K) NonClass: 68682K(69184K)->68682K(69184K) Class: 9564K(10304K)->9564K(10304K)
[1556.470s][info][gc             ] GC(582) Pause Full (System.gc()) 124M->76M(4080M) 49.148ms
[1556.470s][info][gc,cpu         ] GC(582) User=0.11s Sys=0.00s Real=0.05s
[1559.693s][info][gc,start       ] GC(583) Pause Young (Allocation Failure)
[1559.696s][info][gc,heap        ] GC(583) PSYoungGen: 1366016K(1381376K)->5039K(1381888K) Eden: 1366016K(1366016K)->0K(1366016K) From: 0K(15360K)->5039K(15872K)
[1559.696s][info][gc,heap        ] GC(583) ParOldGen: 78591K(2796544K)->78591K(2796544K)
[1559.696s][info][gc,metaspace   ] GC(583) Metaspace: 78247K(79488K)->78247K(79488K) NonClass: 68682K(69184K)->68682K(69184K) Class: 9564K(10304K)->9564K(10304K)
[1559.696s][info][gc             ] GC(583) Pause Young (Allocation Failure) 1410M->81M(4080M) 2.956ms
[1559.696s][info][gc,cpu         ] GC(583) User=0.00s Sys=0.00s Real=0.01s
[1562.444s][info][gc,start       ] GC(584) Pause Young (Allocation Failure)
[1562.448s][info][gc,heap        ] GC(584) PSYoungGen: 1370529K(1381888K)->14027K(1378816K) Eden: 1365489K(1366016K)->0K(1363968K) From: 5039K(15872K)->14027K(14848K)
[1562.448s][info][gc,heap        ] GC(584) ParOldGen: 78591K(2796544K)->90775K(2796544K)
[1562.448s][info][gc,metaspace   ] GC(584) Metaspace: 78247K(79488K)->78247K(79488K) NonClass: 68682K(69184K)->68682K(69184K) Class: 9564K(10304K)->9564K(10304K)
[1562.449s][info][gc             ] GC(584) Pause Young (Allocation Failure) 1415M->102M(4077M) 4.317ms
[1562.449s][info][gc,cpu         ] GC(584) User=0.00s Sys=0.00s Real=0.00s
[1566.264s][info][gc,start       ] GC(585) Pause Young (Allocation Failure)
[1566.267s][info][gc,heap        ] GC(585) PSYoungGen: 1377995K(1378816K)->4770K(1380864K) Eden: 1363968K(1363968K)->0K(1363968K) From: 14027K(14848K)->4770K(16896K)
[1566.267s][info][gc,heap        ] GC(585) ParOldGen: 90775K(2796544K)->93417K(2796544K)
[1566.267s][info][gc,metaspace   ] GC(585) Metaspace: 78247K(79488K)->78247K(79488K) NonClass: 68682K(69184K)->68682K(69184K) Class: 9564K(10304K)->9564K(10304K)
[1566.267s][info][gc             ] GC(585) Pause Young (Allocation Failure) 1434M->95M(4079M) 2.568ms
[1566.267s][info][gc,cpu         ] GC(585) User=0.00s Sys=0.00s Real=0.00s
[1568.859s][info][gc,start       ] GC(586) Pause Young (Allocation Failure)
[1568.862s][info][gc,heap        ] GC(586) PSYoungGen: 1368738K(1380864K)->6032K(1381888K) Eden: 1363968K(1363968K)->0K(1365504K) From: 4770K(16896K)->6032K(16384K)
[1568.862s][info][gc,heap        ] GC(586) ParOldGen: 93417K(2796544K)->96431K(2796544K)
[1568.862s][info][gc,metaspace   ] GC(586) Metaspace: 78247K(79488K)->78247K(79488K) NonClass: 68682K(69184K)->68682K(69184K) Class: 9564K(10304K)->9564K(10304K)
[1568.862s][info][gc             ] GC(586) Pause Young (Allocation Failure) 1427M->100M(4080M) 3.086ms
[1568.862s][info][gc,cpu         ] GC(586) User=0.00s Sys=0.00s Real=0.01s
[1573.226s][info][gc,start       ] GC(587) Pause Young (Allocation Failure)
[1573.229s][info][gc,heap        ] GC(587) PSYoungGen: 1371536K(1381888K)->8246K(1381376K) Eden: 1365504K(1365504K)->0K(1365504K) From: 6032K(16384K)->8246K(15872K)
[1573.229s][info][gc,heap        ] GC(587) ParOldGen: 96431K(2796544K)->100721K(2796544K)
[1573.229s][info][gc,metaspace   ] GC(587) Metaspace: 78247K(79488K)->78247K(79488K) NonClass: 68682K(69184K)->68682K(69184K) Class: 9564K(10304K)->9564K(10304K)
[1573.229s][info][gc             ] GC(587) Pause Young (Allocation Failure) 1433M->106M(4080M) 3.453ms
[1573.229s][info][gc,cpu         ] GC(587) User=0.00s Sys=0.00s Real=0.00s
[1575.423s][info][gc,start       ] GC(588) Pause Young (Allocation Failure)
[1575.425s][info][gc,heap        ] GC(588) PSYoungGen: 1373572K(1381376K)->6324K(1382912K) Eden: 1365326K(1365504K)->0K(1367552K) From: 8246K(15872K)->6324K(15360K)
[1575.425s][info][gc,heap        ] GC(588) ParOldGen: 100721K(2796544K)->103575K(2796544K)
[1575.425s][info][gc,metaspace   ] GC(588) Metaspace: 78247K(79488K)->78247K(79488K) NonClass: 68682K(69184K)->68682K(69184K) Class: 9564K(10304K)->9564K(10304K)
[1575.425s][info][gc             ] GC(588) Pause Young (Allocation Failure) 1439M->107M(4081M) 2.858ms
[1575.426s][info][gc,cpu         ] GC(588) User=0.00s Sys=0.00s Real=0.00s
[1579.614s][info][gc,start       ] GC(589) Pause Young (Allocation Failure)
[1579.617s][info][gc,heap        ] GC(589) PSYoungGen: 1373876K(1382912K)->6102K(1382400K) Eden: 1367552K(1367552K)->0K(1367552K) From: 6324K(15360K)->6102K(14848K)
[1579.618s][info][gc,heap        ] GC(589) ParOldGen: 103575K(2796544K)->108210K(2796544K)
[1579.618s][info][gc,metaspace   ] GC(589) Metaspace: 78247K(79488K)->78247K(79488K) NonClass: 68682K(69184K)->68682K(69184K) Class: 9564K(10304K)->9564K(10304K)
[1579.618s][info][gc             ] GC(589) Pause Young (Allocation Failure) 1442M->111M(4081M) 3.472ms
[1579.618s][info][gc,cpu         ] GC(589) User=0.00s Sys=0.00s Real=0.00s
[1582.466s][info][gc,start       ] GC(590) Pause Young (Allocation Failure)
[1582.469s][info][gc,heap        ] GC(590) PSYoungGen: 1373654K(1382400K)->5970K(1384448K) Eden: 1367552K(1367552K)->0K(1370112K) From: 6102K(14848K)->5970K(14336K)
[1582.469s][info][gc,heap        ] GC(590) ParOldGen: 108210K(2796544K)->112190K(2796544K)
[1582.469s][info][gc,metaspace   ] GC(590) Metaspace: 78247K(79488K)->78247K(79488K) NonClass: 68682K(69184K)->68682K(69184K) Class: 9564K(10304K)->9564K(10304K)
[1582.469s][info][gc             ] GC(590) Pause Young (Allocation Failure) 1447M->115M(4083M) 3.548ms
[1582.469s][info][gc,cpu         ] GC(590) User=0.00s Sys=0.00s Real=0.00s
[1584.685s][info][gc,start       ] GC(591) Pause Young (Allocation Failure)
[1584.689s][info][gc,heap        ] GC(591) PSYoungGen: 1376082K(1384448K)->6152K(1383424K) Eden: 1370112K(1370112K)->0K(1370112K) From: 5970K(14336K)->6152K(13312K)
[1584.689s][info][gc,heap        ] GC(591) ParOldGen: 112190K(2796544K)->116183K(2796544K)
[1584.689s][info][gc,metaspace   ] GC(591) Metaspace: 78247K(79488K)->78247K(79488K) NonClass: 68682K(69184K)->68682K(69184K) Class: 9564K(10304K)->9564K(10304K)
[1584.689s][info][gc             ] GC(591) Pause Young (Allocation Failure) 1453M->119M(4082M) 4.127ms
[1584.689s][info][gc,cpu         ] GC(591) User=0.00s Sys=0.00s Real=0.00s
[1587.218s][info][gc,start       ] GC(592) Pause Young (Allocation Failure)
[1587.221s][info][gc,heap        ] GC(592) PSYoungGen: 1376264K(1383424K)->5583K(1384960K) Eden: 1370112K(1370112K)->0K(1372160K) From: 6152K(13312K)->5583K(12800K)
[1587.221s][info][gc,heap        ] GC(592) ParOldGen: 116183K(2796544K)->121120K(2796544K)
[1587.221s][info][gc,metaspace   ] GC(592) Metaspace: 78247K(79488K)->78247K(79488K) NonClass: 68682K(69184K)->68682K(69184K) Class: 9564K(10304K)->9564K(10304K)
[1587.221s][info][gc             ] GC(592) Pause Young (Allocation Failure) 1457M->123M(4083M) 3.346ms
[1587.221s][info][gc,cpu         ] GC(592) User=0.00s Sys=0.00s Real=0.01s
[1589.972s][info][gc,start       ] GC(593) Pause Young (Allocation Failure)
[1589.975s][info][gc,heap        ] GC(593) PSYoungGen: 1375282K(1384960K)->10638K(1382912K) Eden: 1369699K(1372160K)->0K(1372160K) From: 5583K(12800K)->10638K(10752K)
[1589.975s][info][gc,heap        ] GC(593) ParOldGen: 121120K(2796544K)->125762K(2796544K)
[1589.975s][info][gc,metaspace   ] GC(593) Metaspace: 78247K(79488K)->78247K(79488K) NonClass: 68682K(69184K)->68682K(69184K) Class: 9564K(10304K)->9564K(10304K)
[1589.975s][info][gc             ] GC(593) Pause Young (Allocation Failure) 1461M->133M(4081M) 3.570ms
[1589.976s][info][gc,cpu         ] GC(593) User=0.00s Sys=0.00s Real=0.00s
[1593.231s][info][gc,start       ] GC(594) Pause Young (Allocation Failure)
[1593.233s][info][gc,heap        ] GC(594) PSYoungGen: 1382798K(1382912K)->5846K(1384448K) Eden: 1372160K(1372160K)->0K(1371136K) From: 10638K(10752K)->5846K(13312K)
[1593.233s][info][gc,heap        ] GC(594) ParOldGen: 125762K(2796544K)->128422K(2796544K)
[1593.233s][info][gc,metaspace   ] GC(594) Metaspace: 78247K(79488K)->78247K(79488K) NonClass: 68682K(69184K)->68682K(69184K) Class: 9564K(10304K)->9564K(10304K)
[1593.233s][info][gc             ] GC(594) Pause Young (Allocation Failure) 1473M->131M(4083M) 2.837ms
[1593.233s][info][gc,cpu         ] GC(594) User=0.00s Sys=0.00s Real=0.01s
[1593.658s][info][gc,start       ] GC(595) Pause Young (System.gc())
[1593.660s][info][gc,heap        ] GC(595) PSYoungGen: 412902K(1384448K)->672K(1372160K) Eden: 407056K(1371136K)->0K(1371136K) From: 5846K(13312K)->672K(1024K)
[1593.660s][info][gc,heap        ] GC(595) ParOldGen: 128422K(2796544K)->130558K(2796544K)
[1593.660s][info][gc,metaspace   ] GC(595) Metaspace: 78250K(79488K)->78250K(79488K) NonClass: 68685K(69184K)->68685K(69184K) Class: 9564K(10304K)->9564K(10304K)
[1593.660s][info][gc             ] GC(595) Pause Young (System.gc()) 528M->128M(4071M) 1.511ms
[1593.660s][info][gc,cpu         ] GC(595) User=0.00s Sys=0.00s Real=0.00s
[1593.660s][info][gc,start       ] GC(596) Pause Full (System.gc())
[1593.660s][info][gc,phases,start] GC(596) Marking Phase
[1593.687s][info][gc,phases      ] GC(596) Marking Phase 26.494ms
[1593.687s][info][gc,phases,start] GC(596) Summary Phase
[1593.687s][info][gc,phases      ] GC(596) Summary Phase 0.011ms
[1593.687s][info][gc,phases,start] GC(596) Adjust Roots
[1593.697s][info][gc,phases      ] GC(596) Adjust Roots 10.478ms
[1593.697s][info][gc,phases,start] GC(596) Compaction Phase
[1593.708s][info][gc,phases      ] GC(596) Compaction Phase 11.338ms
[1593.708s][info][gc,phases,start] GC(596) Post Compact
[1593.710s][info][gc,phases      ] GC(596) Post Compact 1.059ms
[1593.710s][info][gc,heap        ] GC(596) PSYoungGen: 672K(1372160K)->0K(1372160K) Eden: 0K(1371136K)->0K(1371136K) From: 672K(1024K)->0K(1024K)
[1593.710s][info][gc,heap        ] GC(596) ParOldGen: 130558K(2796544K)->78446K(2796544K)
[1593.710s][info][gc,metaspace   ] GC(596) Metaspace: 78250K(79488K)->78250K(79488K) NonClass: 68685K(69184K)->68685K(69184K) Class: 9564K(10304K)->9564K(10304K)
[1593.710s][info][gc             ] GC(596) Pause Full (System.gc()) 128M->76M(4071M) 49.658ms
[1593.710s][info][gc,cpu         ] GC(596) User=0.17s Sys=0.00s Real=0.05s
[1596.998s][info][gc,start       ] GC(597) Pause Young (Allocation Failure)
[1597.000s][info][gc,heap        ] GC(597) PSYoungGen: 1371136K(1372160K)->5038K(1384448K) Eden: 1371136K(1371136K)->0K(1370624K) From: 0K(1024K)->5038K(13824K)
[1597.000s][info][gc,heap        ] GC(597) ParOldGen: 78446K(2796544K)->78446K(2796544K)
[1597.000s][info][gc,metaspace   ] GC(597) Metaspace: 78250K(79488K)->78250K(79488K) NonClass: 68685K(69184K)->68685K(69184K) Class: 9564K(10304K)->9564K(10304K)
[1597.000s][info][gc             ] GC(597) Pause Young (Allocation Failure) 1415M->81M(4083M) 2.232ms
[1597.000s][info][gc,cpu         ] GC(597) User=0.00s Sys=0.00s Real=0.00s
[1599.753s][info][gc,start       ] GC(598) Pause Young (Allocation Failure)
[1599.756s][info][gc,heap        ] GC(598) PSYoungGen: 1375662K(1384448K)->6114K(1383936K) Eden: 1370624K(1370624K)->0K(1370624K) From: 5038K(13824K)->6114K(13312K)
[1599.756s][info][gc,heap        ] GC(598) ParOldGen: 78446K(2796544K)->82406K(2796544K)
[1599.756s][info][gc,metaspace   ] GC(598) Metaspace: 78250K(79488K)->78250K(79488K) NonClass: 68685K(69184K)->68685K(69184K) Class: 9564K(10304K)->9564K(10304K)
[1599.756s][info][gc             ] GC(598) Pause Young (Allocation Failure) 1420M->86M(4082M) 2.869ms
[1599.756s][info][gc,cpu         ] GC(598) User=0.00s Sys=0.00s Real=0.00s
[1603.724s][info][gc,start       ] GC(599) Pause Young (Allocation Failure)
[1603.727s][info][gc,heap        ] GC(599) PSYoungGen: 1376738K(1383936K)->4994K(1385984K) Eden: 1370624K(1370624K)->0K(1373696K) From: 6114K(13312K)->4994K(12288K)
[1603.727s][info][gc,heap        ] GC(599) ParOldGen: 82406K(2796544K)->85137K(2796544K)
[1603.727s][info][gc,metaspace   ] GC(599) Metaspace: 78250K(79488K)->78250K(79488K) NonClass: 68685K(69184K)->68685K(69184K) Class: 9564K(10304K)->9564K(10304K)
[1603.727s][info][gc             ] GC(599) Pause Young (Allocation Failure) 1424M->88M(4084M) 3.170ms
[1603.727s][info][gc,cpu         ] GC(599) User=0.00s Sys=0.00s Real=0.00s
[1606.171s][info][gc,start       ] GC(600) Pause Young (Allocation Failure)
[1606.174s][info][gc,heap        ] GC(600) PSYoungGen: 1378690K(1385984K)->5952K(1385472K) Eden: 1373696K(1373696K)->0K(1373696K) From: 4994K(12288K)->5952K(11776K)
[1606.174s][info][gc,heap        ] GC(600) ParOldGen: 85137K(2796544K)->88210K(2796544K)
[1606.174s][info][gc,metaspace   ] GC(600) Metaspace: 78250K(79488K)->78250K(79488K) NonClass: 68685K(69184K)->68685K(69184K) Class: 9564K(10304K)->9564K(10304K)
[1606.174s][info][gc             ] GC(600) Pause Young (Allocation Failure) 1429M->91M(4084M) 3.167ms
[1606.174s][info][gc,cpu         ] GC(600) User=0.00s Sys=0.00s Real=0.01s
[1610.700s][info][gc,start       ] GC(601) Pause Young (Allocation Failure)
[1610.702s][info][gc,heap        ] GC(601) PSYoungGen: 1379250K(1385472K)->4030K(1386496K) Eden: 1373298K(1373696K)->0K(1375232K) From: 5952K(11776K)->4030K(11264K)
[1610.703s][info][gc,heap        ] GC(601) ParOldGen: 88210K(2796544K)->92464K(2796544K)
[1610.703s][info][gc,metaspace   ] GC(601) Metaspace: 78250K(79488K)->78250K(79488K) NonClass: 68685K(69184K)->68685K(69184K) Class: 9564K(10304K)->9564K(10304K)
[1610.703s][info][gc             ] GC(601) Pause Young (Allocation Failure) 1433M->94M(4085M) 2.936ms
[1610.703s][info][gc,cpu         ] GC(601) User=0.00s Sys=0.00s Real=0.01s
[1612.920s][info][gc,start       ] GC(602) Pause Young (Allocation Failure)
[1612.923s][info][gc,heap        ] GC(602) PSYoungGen: 1379262K(1386496K)->6320K(1386496K) Eden: 1375232K(1375232K)->0K(1375232K) From: 4030K(11264K)->6320K(11264K)
[1612.923s][info][gc,heap        ] GC(602) ParOldGen: 92464K(2796544K)->95413K(2796544K)
[1612.923s][info][gc,metaspace   ] GC(602) Metaspace: 78250K(79488K)->78250K(79488K) NonClass: 68685K(69184K)->68685K(69184K) Class: 9564K(10304K)->9564K(10304K)
[1612.923s][info][gc             ] GC(602) Pause Young (Allocation Failure) 1437M->99M(4085M) 2.956ms
[1612.923s][info][gc,cpu         ] GC(602) User=0.00s Sys=0.00s Real=0.00s
[1617.017s][info][gc,start       ] GC(603) Pause Young (Allocation Failure)
[1617.020s][info][gc,heap        ] GC(603) PSYoungGen: 1380630K(1386496K)->5195K(1387008K) Eden: 1374309K(1375232K)->0K(1376256K) From: 6320K(11264K)->5195K(10752K)
[1617.020s][info][gc,heap        ] GC(603) ParOldGen: 95413K(2796544K)->100059K(2796544K)
[1617.020s][info][gc,metaspace   ] GC(603) Metaspace: 78253K(79488K)->78253K(79488K) NonClass: 68688K(69184K)->68688K(69184K) Class: 9564K(10304K)->9564K(10304K)
[1617.020s][info][gc             ] GC(603) Pause Young (Allocation Failure) 1441M->102M(4085M) 2.886ms
[1617.020s][info][gc,cpu         ] GC(603) User=0.00s Sys=0.00s Real=0.00s
[1620.050s][info][gc,start       ] GC(604) Pause Young (Allocation Failure)
[1620.054s][info][gc,heap        ] GC(604) PSYoungGen: 1381451K(1387008K)->6906K(1387008K) Eden: 1376256K(1376256K)->0K(1376256K) From: 5195K(10752K)->6906K(10752K)
[1620.054s][info][gc,heap        ] GC(604) ParOldGen: 100059K(2796544K)->103864K(2796544K)
[1620.054s][info][gc,metaspace   ] GC(604) Metaspace: 78256K(79488K)->78256K(79488K) NonClass: 68692K(69184K)->68692K(69184K) Class: 9564K(10304K)->9564K(10304K)
[1620.054s][info][gc             ] GC(604) Pause Young (Allocation Failure) 1446M->108M(4085M) 3.649ms
[1620.054s][info][gc,cpu         ] GC(604) User=0.00s Sys=0.00s Real=0.00s
[1622.292s][info][gc,start       ] GC(605) Pause Young (Allocation Failure)
[1622.296s][info][gc,heap        ] GC(605) PSYoungGen: 1383162K(1387008K)->7014K(1387008K) Eden: 1376256K(1376256K)->0K(1376256K) From: 6906K(10752K)->7014K(10752K)
[1622.296s][info][gc,heap        ] GC(605) ParOldGen: 103864K(2796544K)->108013K(2796544K)
[1622.296s][info][gc,metaspace   ] GC(605) Metaspace: 78256K(79488K)->78256K(79488K) NonClass: 68692K(69184K)->68692K(69184K) Class: 9564K(10304K)->9564K(10304K)
[1622.296s][info][gc             ] GC(605) Pause Young (Allocation Failure) 1452M->112M(4085M) 4.250ms
[1622.296s][info][gc,cpu         ] GC(605) User=0.08s Sys=0.00s Real=0.01s
[1624.656s][info][gc,start       ] GC(606) Pause Young (Allocation Failure)
[1624.659s][info][gc,heap        ] GC(606) PSYoungGen: 1383270K(1387008K)->5792K(1387008K) Eden: 1376256K(1376256K)->0K(1376256K) From: 7014K(10752K)->5792K(10752K)
[1624.659s][info][gc,heap        ] GC(606) ParOldGen: 108013K(2796544K)->112989K(2796544K)
[1624.659s][info][gc,metaspace   ] GC(606) Metaspace: 78256K(79488K)->78256K(79488K) NonClass: 68692K(69184K)->68692K(69184K) Class: 9564K(10304K)->9564K(10304K)
[1624.659s][info][gc             ] GC(606) Pause Young (Allocation Failure) 1456M->115M(4085M) 3.479ms
[1624.660s][info][gc,cpu         ] GC(606) User=0.00s Sys=0.00s Real=0.01s
[1627.335s][info][gc,start       ] GC(607) Pause Young (Allocation Failure)
[1627.339s][info][gc,heap        ] GC(607) PSYoungGen: 1380404K(1387008K)->6026K(1388032K) Eden: 1374611K(1376256K)->0K(1377792K) From: 5792K(10752K)->6026K(10240K)
[1627.339s][info][gc,heap        ] GC(607) ParOldGen: 112989K(2796544K)->117558K(2796544K)
[1627.339s][info][gc,metaspace   ] GC(607) Metaspace: 78256K(79488K)->78256K(79488K) NonClass: 68692K(69184K)->68692K(69184K) Class: 9564K(10304K)->9564K(10304K)
[1627.339s][info][gc             ] GC(607) Pause Young (Allocation Failure) 1458M->120M(4086M) 4.346ms
[1627.339s][info][gc,cpu         ] GC(607) User=0.08s Sys=0.00s Real=0.00s
[1630.767s][info][gc,start       ] GC(608) Pause Young (Allocation Failure)
[1630.770s][info][gc,heap        ] GC(608) PSYoungGen: 1383818K(1388032K)->5741K(1387520K) Eden: 1377792K(1377792K)->0K(1377792K) From: 6026K(10240K)->5741K(9728K)
[1630.770s][info][gc,heap        ] GC(608) ParOldGen: 117558K(2796544K)->120167K(2796544K)
[1630.770s][info][gc,metaspace   ] GC(608) Metaspace: 78256K(79488K)->78256K(79488K) NonClass: 68692K(69184K)->68692K(69184K) Class: 9564K(10304K)->9564K(10304K)
[1630.770s][info][gc             ] GC(608) Pause Young (Allocation Failure) 1466M->122M(4086M) 2.946ms
[1630.770s][info][gc,cpu         ] GC(608) User=0.00s Sys=0.00s Real=0.00s
[1631.057s][info][gc,start       ] GC(609) Pause Young (System.gc())
[1631.059s][info][gc,heap        ] GC(609) PSYoungGen: 324454K(1387520K)->480K(1386496K) Eden: 318713K(1377792K)->0K(1377280K) From: 5741K(9728K)->480K(9216K)
[1631.059s][info][gc,heap        ] GC(609) ParOldGen: 120167K(2796544K)->122536K(2796544K)
[1631.059s][info][gc,metaspace   ] GC(609) Metaspace: 78257K(79488K)->78257K(79488K) NonClass: 68692K(69184K)->68692K(69184K) Class: 9564K(10304K)->9564K(10304K)
[1631.059s][info][gc             ] GC(609) Pause Young (System.gc()) 434M->120M(4085M) 1.377ms
[1631.059s][info][gc,cpu         ] GC(609) User=0.09s Sys=0.00s Real=0.00s
[1631.059s][info][gc,start       ] GC(610) Pause Full (System.gc())
[1631.059s][info][gc,phases,start] GC(610) Marking Phase
[1631.086s][info][gc,phases      ] GC(610) Marking Phase 26.772ms
[1631.086s][info][gc,phases,start] GC(610) Summary Phase
[1631.086s][info][gc,phases      ] GC(610) Summary Phase 0.011ms
[1631.086s][info][gc,phases,start] GC(610) Adjust Roots
[1631.097s][info][gc,phases      ] GC(610) Adjust Roots 10.842ms
[1631.097s][info][gc,phases,start] GC(610) Compaction Phase
[1631.108s][info][gc,phases      ] GC(610) Compaction Phase 11.391ms
[1631.108s][info][gc,phases,start] GC(610) Post Compact
[1631.109s][info][gc,phases      ] GC(610) Post Compact 1.034ms
[1631.109s][info][gc,heap        ] GC(610) PSYoungGen: 480K(1386496K)->0K(1386496K) Eden: 0K(1377280K)->0K(1377280K) From: 480K(9216K)->0K(9216K)
[1631.109s][info][gc,heap        ] GC(610) ParOldGen: 122536K(2796544K)->78429K(2796544K)
[1631.109s][info][gc,metaspace   ] GC(610) Metaspace: 78257K(79488K)->78257K(79488K) NonClass: 68692K(69184K)->68692K(69184K) Class: 9564K(10304K)->9564K(10304K)
[1631.109s][info][gc             ] GC(610) Pause Full (System.gc()) 120M->76M(4085M) 50.354ms
[1631.109s][info][gc,cpu         ] GC(610) User=0.11s Sys=0.00s Real=0.05s
[1634.356s][info][gc,start       ] GC(611) Pause Young (Allocation Failure)
[1634.358s][info][gc,heap        ] GC(611) PSYoungGen: 1377280K(1386496K)->5010K(1387520K) Eden: 1377280K(1377280K)->0K(1377280K) From: 0K(9216K)->5010K(10240K)
[1634.358s][info][gc,heap        ] GC(611) ParOldGen: 78429K(2796544K)->78429K(2796544K)
[1634.358s][info][gc,metaspace   ] GC(611) Metaspace: 78257K(79488K)->78257K(79488K) NonClass: 68692K(69184K)->68692K(69184K) Class: 9564K(10304K)->9564K(10304K)
[1634.358s][info][gc             ] GC(611) Pause Young (Allocation Failure) 1421M->81M(4086M) 1.957ms
[1634.358s][info][gc,cpu         ] GC(611) User=0.00s Sys=0.00s Real=0.00s
[1637.082s][info][gc,start       ] GC(612) Pause Young (Allocation Failure)
[1637.086s][info][gc,heap        ] GC(612) PSYoungGen: 1379852K(1387520K)->9709K(1376768K) Eden: 1374842K(1377280K)->0K(1367040K) From: 5010K(10240K)->9709K(9728K)
[1637.086s][info][gc,heap        ] GC(612) ParOldGen: 78429K(2796544K)->91173K(2796544K)
[1637.086s][info][gc,metaspace   ] GC(612) Metaspace: 78257K(79488K)->78257K(79488K) NonClass: 68692K(69184K)->68692K(69184K) Class: 9564K(10304K)->9564K(10304K)
[1637.086s][info][gc             ] GC(612) Pause Young (Allocation Failure) 1424M->98M(4075M) 4.055ms
[1637.086s][info][gc,cpu         ] GC(612) User=0.00s Sys=0.00s Real=0.00s
[1641.092s][info][gc,start       ] GC(613) Pause Young (Allocation Failure)
[1641.095s][info][gc,heap        ] GC(613) PSYoungGen: 1376749K(1376768K)->4813K(1382400K) Eden: 1367040K(1367040K)->0K(1367040K) From: 9709K(9728K)->4813K(15360K)
[1641.095s][info][gc,heap        ] GC(613) ParOldGen: 91173K(2796544K)->93808K(2796544K)
[1641.095s][info][gc,metaspace   ] GC(613) Metaspace: 78257K(79488K)->78257K(79488K) NonClass: 68692K(69184K)->68692K(69184K) Class: 9564K(10304K)->9564K(10304K)
[1641.095s][info][gc             ] GC(613) Pause Young (Allocation Failure) 1433M->96M(4081M) 2.922ms
[1641.095s][info][gc,cpu         ] GC(613) User=0.00s Sys=0.00s Real=0.01s
[1643.505s][info][gc,start       ] GC(614) Pause Young (Allocation Failure)
[1643.508s][info][gc,heap        ] GC(614) PSYoungGen: 1371853K(1382400K)->5930K(1383424K) Eden: 1367040K(1367040K)->0K(1368064K) From: 4813K(15360K)->5930K(15360K)
[1643.508s][info][gc,heap        ] GC(614) ParOldGen: 93808K(2796544K)->96886K(2796544K)
[1643.508s][info][gc,metaspace   ] GC(614) Metaspace: 78257K(79488K)->78257K(79488K) NonClass: 68692K(69184K)->68692K(69184K) Class: 9564K(10304K)->9564K(10304K)
[1643.508s][info][gc             ] GC(614) Pause Young (Allocation Failure) 1431M->100M(4082M) 3.542ms
[1643.508s][info][gc,cpu         ] GC(614) User=0.00s Sys=0.00s Real=0.01s
[1648.035s][info][gc,start       ] GC(615) Pause Young (Allocation Failure)
[1648.039s][info][gc,heap        ] GC(615) PSYoungGen: 1373994K(1383424K)->4384K(1382400K) Eden: 1368064K(1368064K)->0K(1368064K) From: 5930K(15360K)->4384K(14336K)
[1648.039s][info][gc,heap        ] GC(615) ParOldGen: 96886K(2796544K)->101131K(2796544K)
[1648.039s][info][gc,metaspace   ] GC(615) Metaspace: 78257K(79488K)->78257K(79488K) NonClass: 68692K(69184K)->68692K(69184K) Class: 9564K(10304K)->9564K(10304K)
[1648.039s][info][gc             ] GC(615) Pause Young (Allocation Failure) 1436M->103M(4081M) 3.966ms
[1648.039s][info][gc,cpu         ] GC(615) User=0.00s Sys=0.00s Real=0.00s
[1650.168s][info][gc,start       ] GC(616) Pause Young (Allocation Failure)
[1650.171s][info][gc,heap        ] GC(616) PSYoungGen: 1372448K(1382400K)->6689K(1384448K) Eden: 1368064K(1368064K)->0K(1370112K) From: 4384K(14336K)->6689K(14336K)
[1650.171s][info][gc,heap        ] GC(616) ParOldGen: 101131K(2796544K)->104021K(2796544K)
[1650.171s][info][gc,metaspace   ] GC(616) Metaspace: 78257K(79488K)->78257K(79488K) NonClass: 68692K(69184K)->68692K(69184K) Class: 9564K(10304K)->9564K(10304K)
[1650.171s][info][gc             ] GC(616) Pause Young (Allocation Failure) 1439M->108M(4083M) 3.190ms
[1650.171s][info][gc,cpu         ] GC(616) User=0.00s Sys=0.00s Real=0.00s
[1654.307s][info][gc,start       ] GC(617) Pause Young (Allocation Failure)
[1654.311s][info][gc,heap        ] GC(617) PSYoungGen: 1376801K(1384448K)->7346K(1383424K) Eden: 1370112K(1370112K)->0K(1370112K) From: 6689K(14336K)->7346K(13312K)
[1654.311s][info][gc,heap        ] GC(617) ParOldGen: 104021K(2796544K)->108695K(2796544K)
[1654.311s][info][gc,metaspace   ] GC(617) Metaspace: 78257K(79488K)->78257K(79488K) NonClass: 68692K(69184K)->68692K(69184K) Class: 9564K(10304K)->9564K(10304K)
[1654.311s][info][gc             ] GC(617) Pause Young (Allocation Failure) 1446M->113M(4082M) 4.393ms
[1654.311s][info][gc,cpu         ] GC(617) User=0.09s Sys=0.00s Real=0.00s
[1657.326s][info][gc,start       ] GC(618) Pause Young (Allocation Failure)
[1657.330s][info][gc,heap        ] GC(618) PSYoungGen: 1377458K(1383424K)->7734K(1384960K) Eden: 1370112K(1370112K)->0K(1371648K) From: 7346K(13312K)->7734K(13312K)
[1657.330s][info][gc,heap        ] GC(618) ParOldGen: 108695K(2796544K)->112505K(2796544K)
[1657.330s][info][gc,metaspace   ] GC(618) Metaspace: 78257K(79488K)->78257K(79488K) NonClass: 68692K(69184K)->68692K(69184K) Class: 9564K(10304K)->9564K(10304K)
[1657.330s][info][gc             ] GC(618) Pause Young (Allocation Failure) 1451M->117M(4083M) 3.594ms
[1657.330s][info][gc,cpu         ] GC(618) User=0.00s Sys=0.00s Real=0.00s
[1659.545s][info][gc,start       ] GC(619) Pause Young (Allocation Failure)
[1659.548s][info][gc,heap        ] GC(619) PSYoungGen: 1379382K(1384960K)->6461K(1384448K) Eden: 1371648K(1371648K)->0K(1371648K) From: 7734K(13312K)->6461K(12800K)
[1659.548s][info][gc,heap        ] GC(619) ParOldGen: 112505K(2796544K)->116562K(2796544K)
[1659.548s][info][gc,metaspace   ] GC(619) Metaspace: 78257K(79488K)->78257K(79488K) NonClass: 68692K(69184K)->68692K(69184K) Class: 9564K(10304K)->9564K(10304K)
[1659.548s][info][gc             ] GC(619) Pause Young (Allocation Failure) 1456M->120M(4083M) 3.352ms
[1659.548s][info][gc,cpu         ] GC(619) User=0.00s Sys=0.00s Real=0.00s
[1661.980s][info][gc,start       ] GC(620) Pause Young (Allocation Failure)
[1661.983s][info][gc,heap        ] GC(620) PSYoungGen: 1378109K(1384448K)->5863K(1385984K) Eden: 1371648K(1371648K)->0K(1373696K) From: 6461K(12800K)->5863K(12288K)
[1661.983s][info][gc,heap        ] GC(620) ParOldGen: 116562K(2796544K)->121540K(2796544K)
[1661.983s][info][gc,metaspace   ] GC(620) Metaspace: 78257K(79488K)->78257K(79488K) NonClass: 68692K(69184K)->68692K(69184K) Class: 9564K(10304K)->9564K(10304K)
[1661.983s][info][gc             ] GC(620) Pause Young (Allocation Failure) 1459M->124M(4084M) 3.359ms
[1661.983s][info][gc,cpu         ] GC(620) User=0.02s Sys=0.00s Real=0.01s
[1664.691s][info][gc,start       ] GC(621) Pause Young (Allocation Failure)
[1664.696s][info][gc,heap        ] GC(621) PSYoungGen: 1376022K(1385984K)->11131K(1384960K) Eden: 1370158K(1373696K)->0K(1373696K) From: 5863K(12288K)->11131K(11264K)
[1664.696s][info][gc,heap        ] GC(621) ParOldGen: 121540K(2796544K)->138429K(2796544K)
[1664.696s][info][gc,metaspace   ] GC(621) Metaspace: 78257K(79488K)->78257K(79488K) NonClass: 68692K(69184K)->68692K(69184K) Class: 9564K(10304K)->9564K(10304K)
[1664.696s][info][gc             ] GC(621) Pause Young (Allocation Failure) 1462M->146M(4083M) 5.199ms
[1664.696s][info][gc,cpu         ] GC(621) User=0.00s Sys=0.00s Real=0.00s
[1668.034s][info][gc,start       ] GC(622) Pause Young (Allocation Failure)
[1668.037s][info][gc,heap        ] GC(622) PSYoungGen: 1384827K(1384960K)->5470K(1384960K) Eden: 1373696K(1373696K)->0K(1372160K) From: 11131K(11264K)->5470K(12800K)
[1668.037s][info][gc,heap        ] GC(622) ParOldGen: 138429K(2796544K)->141039K(2796544K)
[1668.037s][info][gc,metaspace   ] GC(622) Metaspace: 78257K(79488K)->78257K(79488K) NonClass: 68692K(69184K)->68692K(69184K) Class: 9564K(10304K)->9564K(10304K)
[1668.037s][info][gc             ] GC(622) Pause Young (Allocation Failure) 1487M->143M(4083M) 3.112ms
[1668.037s][info][gc,cpu         ] GC(622) User=0.00s Sys=0.00s Real=0.00s
[1668.392s][info][gc,start       ] GC(623) Pause Young (System.gc())
[1668.394s][info][gc,heap        ] GC(623) PSYoungGen: 371985K(1384960K)->623K(1373184K) Eden: 366515K(1372160K)->0K(1372160K) From: 5470K(12800K)->623K(1024K)
[1668.394s][info][gc,heap        ] GC(623) ParOldGen: 141039K(2796544K)->143419K(2796544K)
[1668.394s][info][gc,metaspace   ] GC(623) Metaspace: 78257K(79488K)->78257K(79488K) NonClass: 68692K(69184K)->68692K(69184K) Class: 9564K(10304K)->9564K(10304K)
[1668.394s][info][gc             ] GC(623) Pause Young (System.gc()) 501M->140M(4072M) 1.506ms
[1668.394s][info][gc,cpu         ] GC(623) User=0.00s Sys=0.00s Real=0.00s
[1668.394s][info][gc,start       ] GC(624) Pause Full (System.gc())
[1668.394s][info][gc,phases,start] GC(624) Marking Phase
[1668.420s][info][gc,phases      ] GC(624) Marking Phase 26.697ms
[1668.420s][info][gc,phases,start] GC(624) Summary Phase
[1668.420s][info][gc,phases      ] GC(624) Summary Phase 0.011ms
[1668.420s][info][gc,phases,start] GC(624) Adjust Roots
[1668.431s][info][gc,phases      ] GC(624) Adjust Roots 10.793ms
[1668.431s][info][gc,phases,start] GC(624) Compaction Phase
[1668.443s][info][gc,phases      ] GC(624) Compaction Phase 11.403ms
[1668.443s][info][gc,phases,start] GC(624) Post Compact
[1668.444s][info][gc,phases      ] GC(624) Post Compact 1.140ms
[1668.444s][info][gc,heap        ] GC(624) PSYoungGen: 623K(1373184K)->0K(1373184K) Eden: 0K(1372160K)->0K(1372160K) From: 623K(1024K)->0K(1024K)
[1668.444s][info][gc,heap        ] GC(624) ParOldGen: 143419K(2796544K)->78712K(2796544K)
[1668.444s][info][gc,metaspace   ] GC(624) Metaspace: 78257K(79488K)->78257K(79488K) NonClass: 68692K(69184K)->68692K(69184K) Class: 9564K(10304K)->9564K(10304K)
[1668.444s][info][gc             ] GC(624) Pause Full (System.gc()) 140M->76M(4072M) 50.371ms
[1668.444s][info][gc,cpu         ] GC(624) User=0.20s Sys=0.00s Real=0.05s
[1671.709s][info][gc,start       ] GC(625) Pause Young (Allocation Failure)
[1671.712s][info][gc,heap        ] GC(625) PSYoungGen: 1372160K(1373184K)->5088K(1384960K) Eden: 1372160K(1372160K)->0K(1371648K) From: 0K(1024K)->5088K(13312K)
[1671.712s][info][gc,heap        ] GC(625) ParOldGen: 78712K(2796544K)->78712K(2796544K)
[1671.712s][info][gc,metaspace   ] GC(625) Metaspace: 78257K(79488K)->78257K(79488K) NonClass: 68692K(69184K)->68692K(69184K) Class: 9564K(10304K)->9564K(10304K)
[1671.712s][info][gc             ] GC(625) Pause Young (Allocation Failure) 1416M->81M(4083M) 2.523ms
[1671.712s][info][gc,cpu         ] GC(625) User=0.00s Sys=0.00s Real=0.00s
[1674.464s][info][gc,start       ] GC(626) Pause Young (Allocation Failure)
[1674.467s][info][gc,heap        ] GC(626) PSYoungGen: 1375417K(1384960K)->10527K(1382400K) Eden: 1370329K(1371648K)->0K(1371648K) From: 5088K(13312K)->10527K(10752K)
[1674.467s][info][gc,heap        ] GC(626) ParOldGen: 78712K(2796544K)->82686K(2796544K)
[1674.467s][info][gc,metaspace   ] GC(626) Metaspace: 78257K(79488K)->78257K(79488K) NonClass: 68692K(69184K)->68692K(69184K) Class: 9564K(10304K)->9564K(10304K)
[1674.467s][info][gc             ] GC(626) Pause Young (Allocation Failure) 1420M->91M(4081M) 3.279ms
[1674.467s][info][gc,cpu         ] GC(626) User=0.09s Sys=0.00s Real=0.00s
[1678.402s][info][gc,start       ] GC(627) Pause Young (Allocation Failure)
[1678.404s][info][gc,heap        ] GC(627) PSYoungGen: 1382175K(1382400K)->4691K(1384448K) Eden: 1371648K(1371648K)->0K(1370624K) From: 10527K(10752K)->4691K(13824K)
[1678.404s][info][gc,heap        ] GC(627) ParOldGen: 82686K(2796544K)->85330K(2796544K)
[1678.404s][info][gc,metaspace   ] GC(627) Metaspace: 78262K(79552K)->78262K(79552K) NonClass: 68698K(69248K)->68698K(69248K) Class: 9564K(10304K)->9564K(10304K)
[1678.404s][info][gc             ] GC(627) Pause Young (Allocation Failure) 1430M->87M(4083M) 2.438ms
[1678.404s][info][gc,cpu         ] GC(627) User=0.00s Sys=0.02s Real=0.00s
[1680.839s][info][gc,start       ] GC(628) Pause Young (Allocation Failure)
[1680.842s][info][gc,heap        ] GC(628) PSYoungGen: 1375315K(1384448K)->5823K(1383936K) Eden: 1370624K(1370624K)->0K(1370624K) From: 4691K(13824K)->5823K(13312K)
[1680.842s][info][gc,heap        ] GC(628) ParOldGen: 85330K(2796544K)->88407K(2796544K)
[1680.842s][info][gc,metaspace   ] GC(628) Metaspace: 78262K(79552K)->78262K(79552K) NonClass: 68698K(69248K)->68698K(69248K) Class: 9564K(10304K)->9564K(10304K)
[1680.842s][info][gc             ] GC(628) Pause Young (Allocation Failure) 1426M->92M(4082M) 2.987ms
[1680.842s][info][gc,cpu         ] GC(628) User=0.08s Sys=0.02s Real=0.01s
[1685.350s][info][gc,start       ] GC(629) Pause Young (Allocation Failure)
[1685.353s][info][gc,heap        ] GC(629) PSYoungGen: 1375959K(1383936K)->4120K(1384960K) Eden: 1370135K(1370624K)->0K(1372160K) From: 5823K(13312K)->4120K(12800K)
[1685.353s][info][gc,heap        ] GC(629) ParOldGen: 88407K(2796544K)->92659K(2796544K)
[1685.353s][info][gc,metaspace   ] GC(629) Metaspace: 78262K(79552K)->78262K(79552K) NonClass: 68698K(69248K)->68698K(69248K) Class: 9564K(10304K)->9564K(10304K)
[1685.353s][info][gc             ] GC(629) Pause Young (Allocation Failure) 1430M->94M(4083M) 3.184ms
[1685.353s][info][gc,cpu         ] GC(629) User=0.00s Sys=0.00s Real=0.00s
[1687.498s][info][gc,start       ] GC(630) Pause Young (Allocation Failure)
[1687.502s][info][gc,heap        ] GC(630) PSYoungGen: 1376280K(1384960K)->6919K(1384960K) Eden: 1372160K(1372160K)->0K(1372160K) From: 4120K(12800K)->6919K(12800K)
[1687.502s][info][gc,heap        ] GC(630) ParOldGen: 92659K(2796544K)->95535K(2796544K)
[1687.502s][info][gc,metaspace   ] GC(630) Metaspace: 78262K(79552K)->78262K(79552K) NonClass: 68698K(69248K)->68698K(69248K) Class: 9564K(10304K)->9564K(10304K)
[1687.502s][info][gc             ] GC(630) Pause Young (Allocation Failure) 1434M->100M(4083M) 3.673ms
[1687.502s][info][gc,cpu         ] GC(630) User=0.00s Sys=0.00s Real=0.01s
[1691.592s][info][gc,start       ] GC(631) Pause Young (Allocation Failure)
[1691.596s][info][gc,heap        ] GC(631) PSYoungGen: 1379079K(1384960K)->7244K(1385472K) Eden: 1372160K(1372160K)->0K(1373184K) From: 6919K(12800K)->7244K(12288K)
[1691.596s][info][gc,heap        ] GC(631) ParOldGen: 95535K(2796544K)->100211K(2796544K)
[1691.596s][info][gc,metaspace   ] GC(631) Metaspace: 78262K(79552K)->78262K(79552K) NonClass: 68698K(69248K)->68698K(69248K) Class: 9564K(10304K)->9564K(10304K)
[1691.596s][info][gc             ] GC(631) Pause Young (Allocation Failure) 1440M->104M(4084M) 4.378ms
[1691.597s][info][gc,cpu         ] GC(631) User=0.00s Sys=0.00s Real=0.00s
[1694.625s][info][gc,start       ] GC(632) Pause Young (Allocation Failure)
[1694.629s][info][gc,heap        ] GC(632) PSYoungGen: 1380428K(1385472K)->9150K(1382400K) Eden: 1373184K(1373184K)->0K(1373184K) From: 7244K(12288K)->9150K(9216K)
[1694.629s][info][gc,heap        ] GC(632) ParOldGen: 100211K(2796544K)->104134K(2796544K)
[1694.629s][info][gc,metaspace   ] GC(632) Metaspace: 78262K(79552K)->78262K(79552K) NonClass: 68698K(69248K)->68698K(69248K) Class: 9564K(10304K)->9564K(10304K)
[1694.629s][info][gc             ] GC(632) Pause Young (Allocation Failure) 1445M->110M(4081M) 3.556ms
[1694.629s][info][gc,cpu         ] GC(632) User=0.00s Sys=0.00s Real=0.00s
[1696.911s][info][gc,start       ] GC(633) Pause Young (Allocation Failure)
[1696.915s][info][gc,heap        ] GC(633) PSYoungGen: 1382334K(1382400K)->6480K(1385472K) Eden: 1373184K(1373184K)->0K(1372672K) From: 9150K(9216K)->6480K(12800K)
[1696.915s][info][gc,heap        ] GC(633) ParOldGen: 104134K(2796544K)->108192K(2796544K)
[1696.915s][info][gc,metaspace   ] GC(633) Metaspace: 78262K(79552K)->78262K(79552K) NonClass: 68698K(69248K)->68698K(69248K) Class: 9564K(10304K)->9564K(10304K)
[1696.915s][info][gc             ] GC(633) Pause Young (Allocation Failure) 1451M->111M(4084M) 3.299ms
[1696.915s][info][gc,cpu         ] GC(633) User=0.00s Sys=0.00s Real=0.01s
[1699.349s][info][gc,start       ] GC(634) Pause Young (Allocation Failure)
[1699.353s][info][gc,heap        ] GC(634) PSYoungGen: 1379152K(1385472K)->5784K(1384960K) Eden: 1372672K(1372672K)->0K(1372672K) From: 6480K(12800K)->5784K(12288K)
[1699.353s][info][gc,heap        ] GC(634) ParOldGen: 108192K(2796544K)->113157K(2796544K)
[1699.353s][info][gc,metaspace   ] GC(634) Metaspace: 78262K(79552K)->78262K(79552K) NonClass: 68698K(69248K)->68698K(69248K) Class: 9564K(10304K)->9564K(10304K)
[1699.353s][info][gc             ] GC(634) Pause Young (Allocation Failure) 1452M->116M(4083M) 3.291ms
[1699.353s][info][gc,cpu         ] GC(634) User=0.00s Sys=0.00s Real=0.00s
[1702.083s][info][gc,start       ] GC(635) Pause Young (Allocation Failure)
[1702.088s][info][gc,heap        ] GC(635) PSYoungGen: 1378014K(1384960K)->11515K(1383936K) Eden: 1372230K(1372672K)->0K(1372160K) From: 5784K(12288K)->11515K(11776K)
[1702.088s][info][gc,heap        ] GC(635) ParOldGen: 113157K(2796544K)->125967K(2796544K)
[1702.088s][info][gc,metaspace   ] GC(635) Metaspace: 78262K(79552K)->78262K(79552K) NonClass: 68698K(69248K)->68698K(69248K) Class: 9564K(10304K)->9564K(10304K)
[1702.088s][info][gc             ] GC(635) Pause Young (Allocation Failure) 1456M->134M(4082M) 4.625ms
[1702.088s][info][gc,cpu         ] GC(635) User=0.00s Sys=0.00s Real=0.00s
[1705.453s][info][gc,start       ] GC(636) Pause Young (Allocation Failure)
[1705.456s][info][gc,heap        ] GC(636) PSYoungGen: 1383675K(1383936K)->7921K(1384960K) Eden: 1372160K(1372160K)->0K(1372160K) From: 11515K(11776K)->7921K(12800K)
[1705.457s][info][gc,heap        ] GC(636) ParOldGen: 125967K(2796544K)->128582K(2796544K)
[1705.457s][info][gc,metaspace   ] GC(636) Metaspace: 78262K(79552K)->78262K(79552K) NonClass: 68698K(69248K)->68698K(69248K) Class: 9564K(10304K)->9564K(10304K)
[1705.457s][info][gc             ] GC(636) Pause Young (Allocation Failure) 1474M->133M(4083M) 3.330ms
[1705.457s][info][gc,cpu         ] GC(636) User=0.00s Sys=0.00s Real=0.00s
[1705.811s][info][gc,start       ] GC(637) Pause Young (System.gc())
[1705.812s][info][gc,heap        ] GC(637) PSYoungGen: 365788K(1384960K)->591K(1383936K) Eden: 357866K(1372160K)->0K(1371136K) From: 7921K(12800K)->591K(12800K)
[1705.812s][info][gc,heap        ] GC(637) ParOldGen: 128582K(2796544K)->130850K(2796544K)
[1705.812s][info][gc,metaspace   ] GC(637) Metaspace: 78262K(79552K)->78262K(79552K) NonClass: 68698K(69248K)->68698K(69248K) Class: 9564K(10304K)->9564K(10304K)
[1705.812s][info][gc             ] GC(637) Pause Young (System.gc()) 482M->128M(4082M) 1.476ms
[1705.812s][info][gc,cpu         ] GC(637) User=0.00s Sys=0.00s Real=0.00s
[1705.812s][info][gc,start       ] GC(638) Pause Full (System.gc())
[1705.812s][info][gc,phases,start] GC(638) Marking Phase
[1705.838s][info][gc,phases      ] GC(638) Marking Phase 25.253ms
[1705.838s][info][gc,phases,start] GC(638) Summary Phase
[1705.838s][info][gc,phases      ] GC(638) Summary Phase 0.010ms
[1705.838s][info][gc,phases,start] GC(638) Adjust Roots
[1705.849s][info][gc,phases      ] GC(638) Adjust Roots 10.839ms
[1705.849s][info][gc,phases,start] GC(638) Compaction Phase
[1705.859s][info][gc,phases      ] GC(638) Compaction Phase 10.731ms
[1705.859s][info][gc,phases,start] GC(638) Post Compact
[1705.860s][info][gc,phases      ] GC(638) Post Compact 1.057ms
[1705.861s][info][gc,heap        ] GC(638) PSYoungGen: 591K(1383936K)->0K(1383936K) Eden: 0K(1371136K)->0K(1371136K) From: 591K(12800K)->0K(12800K)
[1705.861s][info][gc,heap        ] GC(638) ParOldGen: 130850K(2796544K)->78436K(2796544K)
[1705.861s][info][gc,metaspace   ] GC(638) Metaspace: 78262K(79552K)->78262K(79552K) NonClass: 68698K(69248K)->68698K(69248K) Class: 9564K(10304K)->9564K(10304K)
[1705.861s][info][gc             ] GC(638) Pause Full (System.gc()) 128M->76M(4082M) 48.194ms
[1705.861s][info][gc,cpu         ] GC(638) User=0.12s Sys=0.00s Real=0.05s
[1709.136s][info][gc,start       ] GC(639) Pause Young (Allocation Failure)
[1709.138s][info][gc,heap        ] GC(639) PSYoungGen: 1371136K(1383936K)->5202K(1384448K) Eden: 1371136K(1371136K)->0K(1371136K) From: 0K(12800K)->5202K(13312K)
[1709.138s][info][gc,heap        ] GC(639) ParOldGen: 78436K(2796544K)->78436K(2796544K)
[1709.138s][info][gc,metaspace   ] GC(639) Metaspace: 78262K(79552K)->78262K(79552K) NonClass: 68698K(69248K)->68698K(69248K) Class: 9564K(10304K)->9564K(10304K)
[1709.138s][info][gc             ] GC(639) Pause Young (Allocation Failure) 1415M->81M(4083M) 2.541ms
[1709.138s][info][gc,cpu         ] GC(639) User=0.02s Sys=0.00s Real=0.00s
[1711.893s][info][gc,start       ] GC(640) Pause Young (Allocation Failure)
[1711.896s][info][gc,heap        ] GC(640) PSYoungGen: 1376338K(1384448K)->6082K(1385472K) Eden: 1371136K(1371136K)->0K(1372672K) From: 5202K(13312K)->6082K(12800K)
[1711.896s][info][gc,heap        ] GC(640) ParOldGen: 78436K(2796544K)->82442K(2796544K)
[1711.896s][info][gc,metaspace   ] GC(640) Metaspace: 78262K(79552K)->78262K(79552K) NonClass: 68698K(69248K)->68698K(69248K) Class: 9564K(10304K)->9564K(10304K)
[1711.896s][info][gc             ] GC(640) Pause Young (Allocation Failure) 1420M->86M(4084M) 3.052ms
[1711.896s][info][gc,cpu         ] GC(640) User=0.00s Sys=0.00s Real=0.00s
[1715.858s][info][gc,start       ] GC(641) Pause Young (Allocation Failure)
[1715.860s][info][gc,heap        ] GC(641) PSYoungGen: 1378754K(1385472K)->4995K(1384960K) Eden: 1372672K(1372672K)->0K(1372672K) From: 6082K(12800K)->4995K(12288K)
[1715.860s][info][gc,heap        ] GC(641) ParOldGen: 82442K(2796544K)->85090K(2796544K)
[1715.860s][info][gc,metaspace   ] GC(641) Metaspace: 78262K(79552K)->78262K(79552K) NonClass: 68698K(69248K)->68698K(69248K) Class: 9564K(10304K)->9564K(10304K)
[1715.860s][info][gc             ] GC(641) Pause Young (Allocation Failure) 1426M->87M(4083M) 2.347ms
[1715.860s][info][gc,cpu         ] GC(641) User=0.00s Sys=0.00s Real=0.00s
[1718.329s][info][gc,start       ] GC(642) Pause Young (Allocation Failure)
[1718.332s][info][gc,heap        ] GC(642) PSYoungGen: 1377667K(1384960K)->5747K(1386496K) Eden: 1372672K(1372672K)->0K(1374720K) From: 4995K(12288K)->5747K(11776K)
[1718.332s][info][gc,heap        ] GC(642) ParOldGen: 85090K(2796544K)->88159K(2796544K)
[1718.332s][info][gc,metaspace   ] GC(642) Metaspace: 78262K(79552K)->78262K(79552K) NonClass: 68698K(69248K)->68698K(69248K) Class: 9564K(10304K)->9564K(10304K)
[1718.332s][info][gc             ] GC(642) Pause Young (Allocation Failure) 1428M->91M(4085M) 2.940ms
[1718.332s][info][gc,cpu         ] GC(642) User=0.00s Sys=0.00s Real=0.00s
[1722.826s][info][gc,start       ] GC(643) Pause Young (Allocation Failure)
[1722.830s][info][gc,heap        ] GC(643) PSYoungGen: 1380467K(1386496K)->5178K(1385984K) Eden: 1374720K(1374720K)->0K(1374720K) From: 5747K(11776K)->5178K(11264K)
[1722.830s][info][gc,heap        ] GC(643) ParOldGen: 88159K(2796544K)->92440K(2796544K)
[1722.830s][info][gc,metaspace   ] GC(643) Metaspace: 78262K(79552K)->78262K(79552K) NonClass: 68698K(69248K)->68698K(69248K) Class: 9564K(10304K)->9564K(10304K)
[1722.830s][info][gc             ] GC(643) Pause Young (Allocation Failure) 1434M->95M(4084M) 3.907ms
[1722.830s][info][gc,cpu         ] GC(643) User=0.00s Sys=0.00s Real=0.00s
[1725.034s][info][gc,start       ] GC(644) Pause Young (Allocation Failure)
[1725.038s][info][gc,heap        ] GC(644) PSYoungGen: 1375908K(1385984K)->5953K(1387008K) Eden: 1370729K(1374720K)->0K(1375744K) From: 5178K(11264K)->5953K(11264K)
[1725.038s][info][gc,heap        ] GC(644) ParOldGen: 92440K(2796544K)->95381K(2796544K)
[1725.038s][info][gc,metaspace   ] GC(644) Metaspace: 78262K(79552K)->78262K(79552K) NonClass: 68698K(69248K)->68698K(69248K) Class: 9564K(10304K)->9564K(10304K)
[1725.038s][info][gc             ] GC(644) Pause Young (Allocation Failure) 1433M->98M(4085M) 3.279ms
[1725.038s][info][gc,cpu         ] GC(644) User=0.00s Sys=0.00s Real=0.01s
[1729.179s][info][gc,start       ] GC(645) Pause Young (Allocation Failure)
[1729.182s][info][gc,heap        ] GC(645) PSYoungGen: 1381697K(1387008K)->5625K(1386496K) Eden: 1375744K(1375744K)->0K(1375744K) From: 5953K(11264K)->5625K(10752K)
[1729.182s][info][gc,heap        ] GC(645) ParOldGen: 95381K(2796544K)->100028K(2796544K)
[1729.182s][info][gc,metaspace   ] GC(645) Metaspace: 78262K(79552K)->78262K(79552K) NonClass: 68698K(69248K)->68698K(69248K) Class: 9564K(10304K)->9564K(10304K)
[1729.182s][info][gc             ] GC(645) Pause Young (Allocation Failure) 1442M->103M(4085M) 3.329ms
[1729.182s][info][gc,cpu         ] GC(645) User=0.00s Sys=0.00s Real=0.00s
[1732.143s][info][gc,start       ] GC(646) Pause Young (Allocation Failure)
[1732.146s][info][gc,heap        ] GC(646) PSYoungGen: 1381167K(1386496K)->6574K(1387520K) Eden: 1375542K(1375744K)->0K(1377280K) From: 5625K(10752K)->6574K(10240K)
[1732.146s][info][gc,heap        ] GC(646) ParOldGen: 100028K(2796544K)->103829K(2796544K)
[1732.146s][info][gc,metaspace   ] GC(646) Metaspace: 78262K(79552K)->78262K(79552K) NonClass: 68698K(69248K)->68698K(69248K) Class: 9564K(10304K)->9564K(10304K)
[1732.146s][info][gc             ] GC(646) Pause Young (Allocation Failure) 1446M->107M(4086M) 3.100ms
[1732.146s][info][gc,cpu         ] GC(646) User=0.00s Sys=0.00s Real=0.00s
[1734.472s][info][gc,start       ] GC(647) Pause Young (Allocation Failure)
[1734.475s][info][gc,heap        ] GC(647) PSYoungGen: 1383854K(1387520K)->5857K(1387520K) Eden: 1377280K(1377280K)->0K(1377280K) From: 6574K(10240K)->5857K(10240K)
[1734.475s][info][gc,heap        ] GC(647) ParOldGen: 103829K(2796544K)->108020K(2796544K)
[1734.475s][info][gc,metaspace   ] GC(647) Metaspace: 78262K(79552K)->78262K(79552K) NonClass: 68698K(69248K)->68698K(69248K) Class: 9564K(10304K)->9564K(10304K)
[1734.475s][info][gc             ] GC(647) Pause Young (Allocation Failure) 1452M->111M(4086M) 2.991ms
[1734.475s][info][gc,cpu         ] GC(647) User=0.00s Sys=0.00s Real=0.00s
[1736.750s][info][gc,start       ] GC(648) Pause Young (Allocation Failure)
[1736.753s][info][gc,heap        ] GC(648) PSYoungGen: 1383137K(1387520K)->5806K(1388544K) Eden: 1377280K(1377280K)->0K(1378816K) From: 5857K(10240K)->5806K(9728K)
[1736.753s][info][gc,heap        ] GC(648) ParOldGen: 108020K(2796544K)->112915K(2796544K)
[1736.753s][info][gc,metaspace   ] GC(648) Metaspace: 78262K(79552K)->78262K(79552K) NonClass: 68698K(69248K)->68698K(69248K) Class: 9564K(10304K)->9564K(10304K)
[1736.753s][info][gc             ] GC(648) Pause Young (Allocation Failure) 1456M->115M(4087M) 3.248ms
[1736.753s][info][gc,cpu         ] GC(648) User=0.00s Sys=0.00s Real=0.01s
[1739.447s][info][gc,start       ] GC(649) Pause Young (Allocation Failure)
[1739.452s][info][gc,heap        ] GC(649) PSYoungGen: 1383106K(1388544K)->5761K(1388032K) Eden: 1377300K(1378816K)->0K(1378816K) From: 5806K(9728K)->5761K(9216K)
[1739.452s][info][gc,heap        ] GC(649) ParOldGen: 112915K(2796544K)->117473K(2796544K)
[1739.452s][info][gc,metaspace   ] GC(649) Metaspace: 78262K(79552K)->78262K(79552K) NonClass: 68698K(69248K)->68698K(69248K) Class: 9564K(10304K)->9564K(10304K)
[1739.452s][info][gc             ] GC(649) Pause Young (Allocation Failure) 1460M->120M(4086M) 4.745ms
[1739.452s][info][gc,cpu         ] GC(649) User=0.05s Sys=0.00s Real=0.00s
[1742.850s][info][gc,start       ] GC(650) Pause Young (Allocation Failure)
[1742.853s][info][gc,heap        ] GC(650) PSYoungGen: 1384577K(1388032K)->6387K(1388544K) Eden: 1378816K(1378816K)->0K(1379328K) From: 5761K(9216K)->6387K(9216K)
[1742.853s][info][gc,heap        ] GC(650) ParOldGen: 117473K(2796544K)->120081K(2796544K)
[1742.853s][info][gc,metaspace   ] GC(650) Metaspace: 78262K(79552K)->78262K(79552K) NonClass: 68698K(69248K)->68698K(69248K) Class: 9564K(10304K)->9564K(10304K)
[1742.853s][info][gc             ] GC(650) Pause Young (Allocation Failure) 1466M->123M(4087M) 3.496ms
[1742.853s][info][gc,cpu         ] GC(650) User=0.00s Sys=0.00s Real=0.00s
[1743.115s][info][gc,start       ] GC(651) Pause Young (System.gc())
[1743.117s][info][gc,heap        ] GC(651) PSYoungGen: 303807K(1388544K)->512K(1380352K) Eden: 297420K(1379328K)->0K(1379328K) From: 6387K(9216K)->512K(1024K)
[1743.117s][info][gc,heap        ] GC(651) ParOldGen: 120081K(2796544K)->122456K(2796544K)
[1743.117s][info][gc,metaspace   ] GC(651) Metaspace: 78262K(79552K)->78262K(79552K) NonClass: 68698K(69248K)->68698K(69248K) Class: 9564K(10304K)->9564K(10304K)
[1743.117s][info][gc             ] GC(651) Pause Young (System.gc()) 413M->120M(4079M) 1.576ms
[1743.117s][info][gc,cpu         ] GC(651) User=0.00s Sys=0.00s Real=0.00s
[1743.117s][info][gc,start       ] GC(652) Pause Full (System.gc())
[1743.117s][info][gc,phases,start] GC(652) Marking Phase
[1743.143s][info][gc,phases      ] GC(652) Marking Phase 26.016ms
[1743.143s][info][gc,phases,start] GC(652) Summary Phase
[1743.143s][info][gc,phases      ] GC(652) Summary Phase 0.011ms
[1743.143s][info][gc,phases,start] GC(652) Adjust Roots
[1743.154s][info][gc,phases      ] GC(652) Adjust Roots 10.571ms
[1743.154s][info][gc,phases,start] GC(652) Compaction Phase
[1743.165s][info][gc,phases      ] GC(652) Compaction Phase 10.918ms
[1743.165s][info][gc,phases,start] GC(652) Post Compact
[1743.166s][info][gc,phases      ] GC(652) Post Compact 1.018ms
[1743.166s][info][gc,heap        ] GC(652) PSYoungGen: 512K(1380352K)->0K(1380352K) Eden: 0K(1379328K)->0K(1379328K) From: 512K(1024K)->0K(1024K)
[1743.166s][info][gc,heap        ] GC(652) ParOldGen: 122456K(2796544K)->78521K(2796544K)
[1743.166s][info][gc,metaspace   ] GC(652) Metaspace: 78262K(79552K)->78262K(79552K) NonClass: 68698K(69248K)->68698K(69248K) Class: 9564K(10304K)->9564K(10304K)
[1743.166s][info][gc             ] GC(652) Pause Full (System.gc()) 120M->76M(4079M) 48.858ms
[1743.166s][info][gc,cpu         ] GC(652) User=0.12s Sys=0.00s Real=0.05s
[1746.404s][info][gc,start       ] GC(653) Pause Young (Allocation Failure)
[1746.406s][info][gc,heap        ] GC(653) PSYoungGen: 1379328K(1380352K)->5163K(1388544K) Eden: 1379328K(1379328K)->0K(1378816K) From: 0K(1024K)->5163K(9728K)
[1746.406s][info][gc,heap        ] GC(653) ParOldGen: 78521K(2796544K)->78521K(2796544K)
[1746.406s][info][gc,metaspace   ] GC(653) Metaspace: 78262K(79552K)->78262K(79552K) NonClass: 68698K(69248K)->68698K(69248K) Class: 9564K(10304K)->9564K(10304K)
[1746.406s][info][gc             ] GC(653) Pause Young (Allocation Failure) 1423M->81M(4087M) 2.213ms
[1746.406s][info][gc,cpu         ] GC(653) User=0.00s Sys=0.00s Real=0.00s
[1749.129s][info][gc,start       ] GC(654) Pause Young (Allocation Failure)
[1749.132s][info][gc,heap        ] GC(654) PSYoungGen: 1383979K(1388544K)->9205K(1388032K) Eden: 1378816K(1378816K)->0K(1378816K) From: 5163K(9728K)->9205K(9216K)
[1749.132s][info][gc,heap        ] GC(654) ParOldGen: 78521K(2796544K)->83571K(2796544K)
[1749.132s][info][gc,metaspace   ] GC(654) Metaspace: 78263K(79552K)->78263K(79552K) NonClass: 68698K(69248K)->68698K(69248K) Class: 9564K(10304K)->9564K(10304K)
[1749.132s][info][gc             ] GC(654) Pause Young (Allocation Failure) 1428M->90M(4086M) 3.181ms
[1749.132s][info][gc,cpu         ] GC(654) User=0.00s Sys=0.00s Real=0.00s
[1753.164s][info][gc,start       ] GC(655) Pause Young (Allocation Failure)
[1753.167s][info][gc,heap        ] GC(655) PSYoungGen: 1388021K(1388032K)->4740K(1383936K) Eden: 1378816K(1378816K)->0K(1374208K) From: 9205K(9216K)->4740K(9728K)
[1753.167s][info][gc,heap        ] GC(655) ParOldGen: 83571K(2796544K)->86393K(2796544K)
[1753.167s][info][gc,metaspace   ] GC(655) Metaspace: 78263K(79552K)->78263K(79552K) NonClass: 68698K(69248K)->68698K(69248K) Class: 9564K(10304K)->9564K(10304K)
[1753.167s][info][gc             ] GC(655) Pause Young (Allocation Failure) 1437M->88M(4082M) 2.371ms
[1753.167s][info][gc,cpu         ] GC(655) User=0.00s Sys=0.00s Real=0.00s
[1755.509s][info][gc,start       ] GC(656) Pause Young (Allocation Failure)
[1755.512s][info][gc,heap        ] GC(656) PSYoungGen: 1378948K(1383936K)->5895K(1385984K) Eden: 1374208K(1374208K)->0K(1374208K) From: 4740K(9728K)->5895K(11776K)
[1755.512s][info][gc,heap        ] GC(656) ParOldGen: 86393K(2796544K)->89554K(2796544K)
[1755.512s][info][gc,metaspace   ] GC(656) Metaspace: 78263K(79552K)->78263K(79552K) NonClass: 68698K(69248K)->68698K(69248K) Class: 9564K(10304K)->9564K(10304K)
[1755.512s][info][gc             ] GC(656) Pause Young (Allocation Failure) 1430M->93M(4084M) 3.015ms
[1755.513s][info][gc,cpu         ] GC(656) User=0.09s Sys=0.00s Real=0.01s
[1760.110s][info][gc,start       ] GC(657) Pause Young (Allocation Failure)
[1760.113s][info][gc,heap        ] GC(657) PSYoungGen: 1380103K(1385984K)->5099K(1386496K) Eden: 1374208K(1374208K)->0K(1375232K) From: 5895K(11776K)->5099K(11264K)
[1760.113s][info][gc,heap        ] GC(657) ParOldGen: 89554K(2796544K)->93765K(2796544K)
[1760.113s][info][gc,metaspace   ] GC(657) Metaspace: 78263K(79552K)->78263K(79552K) NonClass: 68698K(69248K)->68698K(69248K) Class: 9564K(10304K)->9564K(10304K)
[1760.113s][info][gc             ] GC(657) Pause Young (Allocation Failure) 1435M->96M(4085M) 3.099ms
[1760.113s][info][gc,cpu         ] GC(657) User=0.00s Sys=0.00s Real=0.00s
[1762.311s][info][gc,start       ] GC(658) Pause Young (Allocation Failure)
[1762.315s][info][gc,heap        ] GC(658) PSYoungGen: 1380331K(1386496K)->6900K(1386496K) Eden: 1375232K(1375232K)->0K(1375232K) From: 5099K(11264K)->6900K(11264K)
[1762.315s][info][gc,heap        ] GC(658) ParOldGen: 93765K(2796544K)->96789K(2796544K)
[1762.315s][info][gc,metaspace   ] GC(658) Metaspace: 78263K(79552K)->78263K(79552K) NonClass: 68698K(69248K)->68698K(69248K) Class: 9564K(10304K)->9564K(10304K)
[1762.315s][info][gc             ] GC(658) Pause Young (Allocation Failure) 1439M->101M(4085M) 3.390ms
[1762.315s][info][gc,cpu         ] GC(658) User=0.00s Sys=0.00s Real=0.00s
[1766.506s][info][gc,start       ] GC(659) Pause Young (Allocation Failure)
[1766.510s][info][gc,heap        ] GC(659) PSYoungGen: 1382132K(1386496K)->6948K(1387008K) Eden: 1375232K(1375232K)->0K(1376256K) From: 6900K(11264K)->6948K(10752K)
[1766.510s][info][gc,heap        ] GC(659) ParOldGen: 96789K(2796544K)->101465K(2796544K)
[1766.510s][info][gc,metaspace   ] GC(659) Metaspace: 78263K(79552K)->78263K(79552K) NonClass: 68698K(69248K)->68698K(69248K) Class: 9564K(10304K)->9564K(10304K)
[1766.510s][info][gc             ] GC(659) Pause Young (Allocation Failure) 1444M->105M(4085M) 3.944ms
[1766.510s][info][gc,cpu         ] GC(659) User=0.00s Sys=0.00s Real=0.00s
[1769.466s][info][gc,start       ] GC(660) Pause Young (Allocation Failure)
[1769.469s][info][gc,heap        ] GC(660) PSYoungGen: 1383204K(1387008K)->6522K(1387008K) Eden: 1376256K(1376256K)->0K(1376256K) From: 6948K(10752K)->6522K(10752K)
[1769.469s][info][gc,heap        ] GC(660) ParOldGen: 101465K(2796544K)->105235K(2796544K)
[1769.469s][info][gc,metaspace   ] GC(660) Metaspace: 78263K(79552K)->78263K(79552K) NonClass: 68698K(69248K)->68698K(69248K) Class: 9564K(10304K)->9564K(10304K)
[1769.469s][info][gc             ] GC(660) Pause Young (Allocation Failure) 1449M->109M(4085M) 3.364ms
[1769.469s][info][gc,cpu         ] GC(660) User=0.00s Sys=0.00s Real=0.00s
[1771.861s][info][gc,start       ] GC(661) Pause Young (Allocation Failure)
[1771.864s][info][gc,heap        ] GC(661) PSYoungGen: 1382778K(1387008K)->6557K(1387520K) Eden: 1376256K(1376256K)->0K(1377280K) From: 6522K(10752K)->6557K(10240K)
[1771.864s][info][gc,heap        ] GC(661) ParOldGen: 105235K(2796544K)->109684K(2796544K)
[1771.864s][info][gc,metaspace   ] GC(661) Metaspace: 78263K(79552K)->78263K(79552K) NonClass: 68698K(69248K)->68698K(69248K) Class: 9564K(10304K)->9564K(10304K)
[1771.865s][info][gc             ] GC(661) Pause Young (Allocation Failure) 1453M->113M(4086M) 3.353ms
[1771.865s][info][gc,cpu         ] GC(661) User=0.00s Sys=0.00s Real=0.01s
[1774.060s][info][gc,start       ] GC(662) Pause Young (Allocation Failure)
[1774.064s][info][gc,heap        ] GC(662) PSYoungGen: 1383837K(1387520K)->8593K(1385984K) Eden: 1377280K(1377280K)->0K(1377280K) From: 6557K(10240K)->8593K(8704K)
[1774.064s][info][gc,heap        ] GC(662) ParOldGen: 109684K(2796544K)->114321K(2796544K)
[1774.064s][info][gc,metaspace   ] GC(662) Metaspace: 78263K(79552K)->78263K(79552K) NonClass: 68698K(69248K)->68698K(69248K) Class: 9564K(10304K)->9564K(10304K)
[1774.064s][info][gc             ] GC(662) Pause Young (Allocation Failure) 1458M->120M(4084M) 3.579ms
[1774.064s][info][gc,cpu         ] GC(662) User=0.00s Sys=0.00s Real=0.00s
[1776.751s][info][gc,start       ] GC(663) Pause Young (Allocation Failure)
[1776.754s][info][gc,heap        ] GC(663) PSYoungGen: 1384882K(1385984K)->4887K(1387008K) Eden: 1376288K(1377280K)->0K(1376256K) From: 8593K(8704K)->4887K(10752K)
[1776.754s][info][gc,heap        ] GC(663) ParOldGen: 114321K(2796544K)->119300K(2796544K)
[1776.754s][info][gc,metaspace   ] GC(663) Metaspace: 78263K(79552K)->78263K(79552K) NonClass: 68698K(69248K)->68698K(69248K) Class: 9564K(10304K)->9564K(10304K)
[1776.754s][info][gc             ] GC(663) Pause Young (Allocation Failure) 1464M->121M(4085M) 3.655ms
[1776.754s][info][gc,cpu         ] GC(663) User=0.00s Sys=0.00s Real=0.00s
[1780.173s][info][gc,start       ] GC(664) Pause Young (Allocation Failure)
[1780.177s][info][gc,heap        ] GC(664) PSYoungGen: 1381143K(1387008K)->5195K(1387008K) Eden: 1376256K(1376256K)->0K(1376256K) From: 4887K(10752K)->5195K(10752K)
[1780.177s][info][gc,heap        ] GC(664) ParOldGen: 119300K(2796544K)->123106K(2796544K)
[1780.177s][info][gc,metaspace   ] GC(664) Metaspace: 78263K(79552K)->78263K(79552K) NonClass: 68698K(69248K)->68698K(69248K) Class: 9564K(10304K)->9564K(10304K)
[1780.177s][info][gc             ] GC(664) Pause Young (Allocation Failure) 1465M->125M(4085M) 4.010ms
[1780.178s][info][gc,cpu         ] GC(664) User=0.00s Sys=0.00s Real=0.00s
[1780.376s][info][gc,start       ] GC(665) Pause Young (System.gc())
[1780.377s][info][gc,heap        ] GC(665) PSYoungGen: 265676K(1387008K)->512K(1386496K) Eden: 260480K(1376256K)->0K(1376256K) From: 5195K(10752K)->512K(10240K)
[1780.377s][info][gc,heap        ] GC(665) ParOldGen: 123106K(2796544K)->125390K(2796544K)
[1780.377s][info][gc,metaspace   ] GC(665) Metaspace: 78263K(79552K)->78263K(79552K) NonClass: 68698K(69248K)->68698K(69248K) Class: 9564K(10304K)->9564K(10304K)
[1780.377s][info][gc             ] GC(665) Pause Young (System.gc()) 379M->122M(4085M) 1.456ms
[1780.377s][info][gc,cpu         ] GC(665) User=0.00s Sys=0.00s Real=0.01s
[1780.377s][info][gc,start       ] GC(666) Pause Full (System.gc())
[1780.377s][info][gc,phases,start] GC(666) Marking Phase
[1780.404s][info][gc,phases      ] GC(666) Marking Phase 26.532ms
[1780.404s][info][gc,phases,start] GC(666) Summary Phase
[1780.404s][info][gc,phases      ] GC(666) Summary Phase 0.011ms
[1780.404s][info][gc,phases,start] GC(666) Adjust Roots
[1780.415s][info][gc,phases      ] GC(666) Adjust Roots 10.697ms
[1780.415s][info][gc,phases,start] GC(666) Compaction Phase
[1780.426s][info][gc,phases      ] GC(666) Compaction Phase 11.151ms
[1780.426s][info][gc,phases,start] GC(666) Post Compact
[1780.427s][info][gc,phases      ] GC(666) Post Compact 1.065ms
[1780.427s][info][gc,heap        ] GC(666) PSYoungGen: 512K(1386496K)->0K(1386496K) Eden: 0K(1376256K)->0K(1376256K) From: 512K(10240K)->0K(10240K)
[1780.427s][info][gc,heap        ] GC(666) ParOldGen: 125390K(2796544K)->79514K(2796544K)
[1780.427s][info][gc,metaspace   ] GC(666) Metaspace: 78263K(79552K)->78263K(79552K) NonClass: 68698K(69248K)->68698K(69248K) Class: 9564K(10304K)->9564K(10304K)
[1780.427s][info][gc             ] GC(666) Pause Full (System.gc()) 122M->77M(4085M) 49.753ms
[1780.427s][info][gc,cpu         ] GC(666) User=0.20s Sys=0.00s Real=0.05s
[1783.711s][info][gc,start       ] GC(667) Pause Young (Allocation Failure)
[1783.714s][info][gc,heap        ] GC(667) PSYoungGen: 1376256K(1386496K)->5057K(1387008K) Eden: 1376256K(1376256K)->0K(1376256K) From: 0K(10240K)->5057K(10752K)
[1783.714s][info][gc,heap        ] GC(667) ParOldGen: 79514K(2796544K)->79514K(2796544K)
[1783.714s][info][gc,metaspace   ] GC(667) Metaspace: 78263K(79552K)->78263K(79552K) NonClass: 68698K(69248K)->68698K(69248K) Class: 9564K(10304K)->9564K(10304K)
[1783.714s][info][gc             ] GC(667) Pause Young (Allocation Failure) 1421M->82M(4085M) 2.727ms
[1783.714s][info][gc,cpu         ] GC(667) User=0.00s Sys=0.00s Real=0.01s
[1786.471s][info][gc,start       ] GC(668) Pause Young (Allocation Failure)
[1786.474s][info][gc,heap        ] GC(668) PSYoungGen: 1378050K(1387008K)->10562K(1384960K) Eden: 1372993K(1376256K)->0K(1374208K) From: 5057K(10752K)->10562K(10752K)
[1786.474s][info][gc,heap        ] GC(668) ParOldGen: 79514K(2796544K)->87586K(2796544K)
[1786.474s][info][gc,metaspace   ] GC(668) Metaspace: 78263K(79552K)->78263K(79552K) NonClass: 68698K(69248K)->68698K(69248K) Class: 9564K(10304K)->9564K(10304K)
[1786.474s][info][gc             ] GC(668) Pause Young (Allocation Failure) 1423M->95M(4083M) 3.486ms
[1786.474s][info][gc,cpu         ] GC(668) User=0.00s Sys=0.00s Real=0.00s
[1790.425s][info][gc,start       ] GC(669) Pause Young (Allocation Failure)
[1790.427s][info][gc,heap        ] GC(669) PSYoungGen: 1384770K(1384960K)->4867K(1385984K) Eden: 1374208K(1374208K)->0K(1374208K) From: 10562K(10752K)->4867K(11776K)
[1790.427s][info][gc,heap        ] GC(669) ParOldGen: 87586K(2796544K)->90221K(2796544K)
[1790.427s][info][gc,metaspace   ] GC(669) Metaspace: 78263K(79552K)->78263K(79552K) NonClass: 68698K(69248K)->68698K(69248K) Class: 9564K(10304K)->9564K(10304K)
[1790.427s][info][gc             ] GC(669) Pause Young (Allocation Failure) 1437M->92M(4084M) 2.545ms
[1790.427s][info][gc,cpu         ] GC(669) User=0.00s Sys=0.00s Real=0.00s
[1792.857s][info][gc,start       ] GC(670) Pause Young (Allocation Failure)
[1792.860s][info][gc,heap        ] GC(670) PSYoungGen: 1379075K(1385984K)->5970K(1386496K) Eden: 1374208K(1374208K)->0K(1374720K) From: 4867K(11776K)->5970K(11776K)
[1792.860s][info][gc,heap        ] GC(670) ParOldGen: 90221K(2796544K)->93310K(2796544K)
[1792.860s][info][gc,metaspace   ] GC(670) Metaspace: 78263K(79552K)->78263K(79552K) NonClass: 68698K(69248K)->68698K(69248K) Class: 9564K(10304K)->9564K(10304K)
[1792.860s][info][gc             ] GC(670) Pause Young (Allocation Failure) 1434M->96M(4085M) 3.089ms
[1792.860s][info][gc,cpu         ] GC(670) User=0.00s Sys=0.00s Real=0.01s
[1797.468s][info][gc,start       ] GC(671) Pause Young (Allocation Failure)
[1797.471s][info][gc,heap        ] GC(671) PSYoungGen: 1376804K(1386496K)->4048K(1385984K) Eden: 1370833K(1374720K)->0K(1374720K) From: 5970K(11776K)->4048K(11264K)
[1797.471s][info][gc,heap        ] GC(671) ParOldGen: 93310K(2796544K)->97551K(2796544K)
[1797.471s][info][gc,metaspace   ] GC(671) Metaspace: 78263K(79552K)->78263K(79552K) NonClass: 68698K(69248K)->68698K(69248K) Class: 9564K(10304K)->9564K(10304K)
[1797.471s][info][gc             ] GC(671) Pause Young (Allocation Failure) 1435M->99M(4084M) 3.376ms
[1797.471s][info][gc,cpu         ] GC(671) User=0.00s Sys=0.00s Real=0.01s
[1799.667s][info][gc,start       ] GC(672) Pause Young (Allocation Failure)
[1799.670s][info][gc,heap        ] GC(672) PSYoungGen: 1378602K(1385984K)->6214K(1387008K) Eden: 1374553K(1374720K)->0K(1376256K) From: 4048K(11264K)->6214K(10752K)
[1799.670s][info][gc,heap        ] GC(672) ParOldGen: 97551K(2796544K)->100490K(2796544K)
[1799.670s][info][gc,metaspace   ] GC(672) Metaspace: 78263K(79552K)->78263K(79552K) NonClass: 68698K(69248K)->68698K(69248K) Class: 9564K(10304K)->9564K(10304K)
[1799.670s][info][gc             ] GC(672) Pause Young (Allocation Failure) 1441M->104M(4085M) 3.079ms
[1799.670s][info][gc,cpu         ] GC(672) User=0.02s Sys=0.00s Real=0.00s
[1803.819s][info][gc,start       ] GC(673) Pause Young (Allocation Failure)
[1803.823s][info][gc,heap        ] GC(673) PSYoungGen: 1382470K(1387008K)->5613K(1387008K) Eden: 1376256K(1376256K)->0K(1376256K) From: 6214K(10752K)->5613K(10752K)
[1803.823s][info][gc,heap        ] GC(673) ParOldGen: 100490K(2796544K)->105123K(2796544K)
[1803.823s][info][gc,metaspace   ] GC(673) Metaspace: 78263K(79552K)->78263K(79552K) NonClass: 68698K(69248K)->68698K(69248K) Class: 9564K(10304K)->9564K(10304K)
[1803.823s][info][gc             ] GC(673) Pause Young (Allocation Failure) 1448M->108M(4085M) 3.281ms
[1803.823s][info][gc,cpu         ] GC(673) User=0.00s Sys=0.00s Real=0.01s
[1806.737s][info][gc,start       ] GC(674) Pause Young (Allocation Failure)
[1806.740s][info][gc,heap        ] GC(674) PSYoungGen: 1381869K(1387008K)->5351K(1388032K) Eden: 1376256K(1376256K)->0K(1377792K) From: 5613K(10752K)->5351K(10240K)
[1806.740s][info][gc,heap        ] GC(674) ParOldGen: 105123K(2796544K)->109057K(2796544K)
[1806.740s][info][gc,metaspace   ] GC(674) Metaspace: 78263K(79552K)->78263K(79552K) NonClass: 68698K(69248K)->68698K(69248K) Class: 9564K(10304K)->9564K(10304K)
[1806.740s][info][gc             ] GC(674) Pause Young (Allocation Failure) 1452M->111M(4086M) 2.847ms
[1806.740s][info][gc,cpu         ] GC(674) User=0.00s Sys=0.00s Real=0.00s
[1809.058s][info][gc,start       ] GC(675) Pause Young (Allocation Failure)
[1809.061s][info][gc,heap        ] GC(675) PSYoungGen: 1382780K(1388032K)->5958K(1387520K) Eden: 1377428K(1377792K)->0K(1377792K) From: 5351K(10240K)->5958K(9728K)
[1809.061s][info][gc,heap        ] GC(675) ParOldGen: 109057K(2796544K)->113331K(2796544K)
[1809.061s][info][gc,metaspace   ] GC(675) Metaspace: 78263K(79552K)->78263K(79552K) NonClass: 68698K(69248K)->68698K(69248K) Class: 9564K(10304K)->9564K(10304K)
[1809.061s][info][gc             ] GC(675) Pause Young (Allocation Failure) 1456M->116M(4086M) 2.995ms
[1809.061s][info][gc,cpu         ] GC(675) User=0.00s Sys=0.00s Real=0.00s
[1811.330s][info][gc,start       ] GC(676) Pause Young (Allocation Failure)
[1811.334s][info][gc,heap        ] GC(676) PSYoungGen: 1383750K(1387520K)->5790K(1388544K) Eden: 1377792K(1377792K)->0K(1378816K) From: 5958K(9728K)->5790K(9728K)
[1811.334s][info][gc,heap        ] GC(676) ParOldGen: 113331K(2796544K)->118250K(2796544K)
[1811.334s][info][gc,metaspace   ] GC(676) Metaspace: 78264K(79552K)->78264K(79552K) NonClass: 68700K(69248K)->68700K(69248K) Class: 9564K(10304K)->9564K(10304K)
[1811.334s][info][gc             ] GC(676) Pause Young (Allocation Failure) 1461M->121M(4087M) 3.794ms
[1811.334s][info][gc,cpu         ] GC(676) User=0.00s Sys=0.00s Real=0.00s
[1813.311s][info][gc,start       ] GC(677) Pause Young (System.gc())
[1813.315s][info][gc,heap        ] GC(677) PSYoungGen: 550846K(1388544K)->2276K(1388032K) Eden: 545055K(1378816K)->0K(1378816K) From: 5790K(9728K)->2276K(9216K)
[1813.315s][info][gc,heap        ] GC(677) ParOldGen: 118250K(2796544K)->123229K(2796544K)
[1813.315s][info][gc,metaspace   ] GC(677) Metaspace: 78264K(79552K)->78264K(79552K) NonClass: 68700K(69248K)->68700K(69248K) Class: 9564K(10304K)->9564K(10304K)
[1813.315s][info][gc             ] GC(677) Pause Young (System.gc()) 653M->122M(4086M) 4.073ms
[1813.315s][info][gc,cpu         ] GC(677) User=0.00s Sys=0.00s Real=0.00s
[1813.315s][info][gc,start       ] GC(678) Pause Full (System.gc())
[1813.315s][info][gc,phases,start] GC(678) Marking Phase
[1813.341s][info][gc,phases      ] GC(678) Marking Phase 26.146ms
[1813.341s][info][gc,phases,start] GC(678) Summary Phase
[1813.341s][info][gc,phases      ] GC(678) Summary Phase 0.011ms
[1813.341s][info][gc,phases,start] GC(678) Adjust Roots
[1813.352s][info][gc,phases      ] GC(678) Adjust Roots 10.907ms
[1813.352s][info][gc,phases,start] GC(678) Compaction Phase
[1813.366s][info][gc,phases      ] GC(678) Compaction Phase 13.158ms
[1813.366s][info][gc,phases,start] GC(678) Post Compact
[1813.367s][info][gc,phases      ] GC(678) Post Compact 1.035ms
[1813.367s][info][gc,heap        ] GC(678) PSYoungGen: 2276K(1388032K)->0K(1388032K) Eden: 0K(1378816K)->0K(1378816K) From: 2276K(9216K)->0K(9216K)
[1813.367s][info][gc,heap        ] GC(678) ParOldGen: 123229K(2796544K)->78550K(2796544K)
[1813.367s][info][gc,metaspace   ] GC(678) Metaspace: 78264K(79552K)->78264K(79552K) NonClass: 68700K(69248K)->68700K(69248K) Class: 9564K(10304K)->9564K(10304K)
[1813.367s][info][gc             ] GC(678) Pause Full (System.gc()) 122M->76M(4086M) 51.568ms
[1813.367s][info][gc,cpu         ] GC(678) User=0.19s Sys=0.00s Real=0.05s
[1815.542s][info][gc,start       ] GC(679) Pause Young (Allocation Failure)
[1815.545s][info][gc,heap        ] GC(679) PSYoungGen: 1378816K(1388032K)->6724K(1387520K) Eden: 1378816K(1378816K)->0K(1378304K) From: 0K(9216K)->6724K(9216K)
[1815.545s][info][gc,heap        ] GC(679) ParOldGen: 78550K(2796544K)->78550K(2796544K)
[1815.545s][info][gc,metaspace   ] GC(679) Metaspace: 78274K(79616K)->78274K(79616K) NonClass: 68710K(69312K)->68710K(69312K) Class: 9564K(10304K)->9564K(10304K)
[1815.545s][info][gc             ] GC(679) Pause Young (Allocation Failure) 1423M->83M(4086M) 2.658ms
[1815.545s][info][gc,cpu         ] GC(679) User=0.00s Sys=0.00s Real=0.00s
[1817.855s][info][gc,start       ] GC(680) Pause Young (System.gc())
[1817.858s][info][gc,heap        ] GC(680) PSYoungGen: 1138561K(1387520K)->3139K(1388032K) Eden: 1131836K(1378304K)->0K(1378304K) From: 6724K(9216K)->3139K(9728K)
[1817.858s][info][gc,heap        ] GC(680) ParOldGen: 78550K(2796544K)->83744K(2796544K)
[1817.858s][info][gc,metaspace   ] GC(680) Metaspace: 78276K(79616K)->78276K(79616K) NonClass: 68712K(69312K)->68712K(69312K) Class: 9564K(10304K)->9564K(10304K)
[1817.858s][info][gc             ] GC(680) Pause Young (System.gc()) 1188M->84M(4086M) 3.059ms
[1817.858s][info][gc,cpu         ] GC(680) User=0.00s Sys=0.00s Real=0.00s
[1817.858s][info][gc,start       ] GC(681) Pause Full (System.gc())
[1817.858s][info][gc,phases,start] GC(681) Marking Phase
[1817.883s][info][gc,phases      ] GC(681) Marking Phase 24.075ms
[1817.883s][info][gc,phases,start] GC(681) Summary Phase
[1817.883s][info][gc,phases      ] GC(681) Summary Phase 0.011ms
[1817.883s][info][gc,phases,start] GC(681) Adjust Roots
[1817.894s][info][gc,phases      ] GC(681) Adjust Roots 11.285ms
[1817.894s][info][gc,phases,start] GC(681) Compaction Phase
[1817.903s][info][gc,phases      ] GC(681) Compaction Phase 9.156ms
[1817.903s][info][gc,phases,start] GC(681) Post Compact
[1817.904s][info][gc,phases      ] GC(681) Post Compact 0.913ms
[1817.904s][info][gc,heap        ] GC(681) PSYoungGen: 3139K(1388032K)->0K(1388032K) Eden: 0K(1378304K)->0K(1378304K) From: 3139K(9728K)->0K(9728K)
[1817.904s][info][gc,heap        ] GC(681) ParOldGen: 83744K(2796544K)->62219K(2796544K)
[1817.904s][info][gc,metaspace   ] GC(681) Metaspace: 78276K(79616K)->78276K(79616K) NonClass: 68712K(69312K)->68712K(69312K) Class: 9564K(10304K)->9564K(10304K)
[1817.904s][info][gc             ] GC(681) Pause Full (System.gc()) 84M->60M(4086M) 45.767ms
[1817.904s][info][gc,cpu         ] GC(681) User=0.09s Sys=0.02s Real=0.04s
[1821.126s][info][gc,start       ] GC(682) Pause Young (Allocation Failure)
[1821.128s][info][gc,heap        ] GC(682) PSYoungGen: 1378304K(1388032K)->5110K(1388544K) Eden: 1378304K(1378304K)->0K(1378816K) From: 0K(9728K)->5110K(9728K)
[1821.128s][info][gc,heap        ] GC(682) ParOldGen: 62219K(2796544K)->62219K(2796544K)
[1821.128s][info][gc,metaspace   ] GC(682) Metaspace: 78276K(79616K)->78276K(79616K) NonClass: 68712K(69312K)->68712K(69312K) Class: 9564K(10304K)->9564K(10304K)
[1821.128s][info][gc             ] GC(682) Pause Young (Allocation Failure) 1406M->65M(4087M) 2.118ms
[1821.128s][info][gc,cpu         ] GC(682) User=0.00s Sys=0.00s Real=0.00s
[1823.860s][info][gc,start       ] GC(683) Pause Young (Allocation Failure)
[1823.863s][info][gc,heap        ] GC(683) PSYoungGen: 1383425K(1388544K)->9208K(1388032K) Eden: 1378314K(1378816K)->0K(1378816K) From: 5110K(9728K)->9208K(9216K)
[1823.863s][info][gc,heap        ] GC(683) ParOldGen: 62219K(2796544K)->66991K(2796544K)
[1823.863s][info][gc,metaspace   ] GC(683) Metaspace: 78276K(79616K)->78276K(79616K) NonClass: 68712K(69312K)->68712K(69312K) Class: 9564K(10304K)->9564K(10304K)
[1823.863s][info][gc             ] GC(683) Pause Young (Allocation Failure) 1411M->74M(4086M) 3.066ms
[1823.863s][info][gc,cpu         ] GC(683) User=0.00s Sys=0.00s Real=0.00s
[1827.917s][info][gc,start       ] GC(684) Pause Young (Allocation Failure)
[1827.919s][info][gc,heap        ] GC(684) PSYoungGen: 1384742K(1388032K)->4171K(1383936K) Eden: 1375533K(1378816K)->0K(1374208K) From: 9208K(9216K)->4171K(9728K)
[1827.919s][info][gc,heap        ] GC(684) ParOldGen: 66991K(2796544K)->69824K(2796544K)
[1827.919s][info][gc,metaspace   ] GC(684) Metaspace: 78276K(79616K)->78276K(79616K) NonClass: 68712K(69312K)->68712K(69312K) Class: 9564K(10304K)->9564K(10304K)
[1827.919s][info][gc             ] GC(684) Pause Young (Allocation Failure) 1417M->72M(4082M) 2.077ms
[1827.919s][info][gc,cpu         ] GC(684) User=0.09s Sys=0.00s Real=0.00s
[1830.291s][info][gc,start       ] GC(685) Pause Young (Allocation Failure)
[1830.294s][info][gc,heap        ] GC(685) PSYoungGen: 1378379K(1383936K)->5863K(1385984K) Eden: 1374208K(1374208K)->0K(1374208K) From: 4171K(9728K)->5863K(11776K)
[1830.294s][info][gc,heap        ] GC(685) ParOldGen: 69824K(2796544K)->72994K(2796544K)
[1830.294s][info][gc,metaspace   ] GC(685) Metaspace: 78276K(79616K)->78276K(79616K) NonClass: 68712K(69312K)->68712K(69312K) Class: 9564K(10304K)->9564K(10304K)
[1830.294s][info][gc             ] GC(685) Pause Young (Allocation Failure) 1414M->77M(4084M) 2.926ms
[1830.294s][info][gc,cpu         ] GC(685) User=0.09s Sys=0.00s Real=0.01s
[1834.916s][info][gc,start       ] GC(686) Pause Young (Allocation Failure)
[1834.919s][info][gc,heap        ] GC(686) PSYoungGen: 1376308K(1385984K)->4137K(1386496K) Eden: 1370445K(1374208K)->0K(1375232K) From: 5863K(11776K)->4137K(11264K)
[1834.919s][info][gc,heap        ] GC(686) ParOldGen: 72994K(2796544K)->77299K(2796544K)
[1834.919s][info][gc,metaspace   ] GC(686) Metaspace: 78276K(79616K)->78276K(79616K) NonClass: 68712K(69312K)->68712K(69312K) Class: 9564K(10304K)->9564K(10304K)
[1834.919s][info][gc             ] GC(686) Pause Young (Allocation Failure) 1415M->79M(4085M) 2.471ms
[1834.919s][info][gc,cpu         ] GC(686) User=0.09s Sys=0.00s Real=0.00s
[1837.159s][info][gc,start       ] GC(687) Pause Young (Allocation Failure)
[1837.163s][info][gc,heap        ] GC(687) PSYoungGen: 1379369K(1386496K)->6264K(1386496K) Eden: 1375232K(1375232K)->0K(1375232K) From: 4137K(11264K)->6264K(11264K)
[1837.163s][info][gc,heap        ] GC(687) ParOldGen: 77299K(2796544K)->80294K(2796544K)
[1837.163s][info][gc,metaspace   ] GC(687) Metaspace: 78276K(79616K)->78276K(79616K) NonClass: 68712K(69312K)->68712K(69312K) Class: 9564K(10304K)->9564K(10304K)
[1837.163s][info][gc             ] GC(687) Pause Young (Allocation Failure) 1422M->84M(4085M) 4.504ms
[1837.163s][info][gc,cpu         ] GC(687) User=0.00s Sys=0.00s Real=0.00s
[1841.267s][info][gc,start       ] GC(688) Pause Young (Allocation Failure)
[1841.271s][info][gc,heap        ] GC(688) PSYoungGen: 1381496K(1386496K)->6308K(1387520K) Eden: 1375232K(1375232K)->0K(1376768K) From: 6264K(11264K)->6308K(10752K)
[1841.271s][info][gc,heap        ] GC(688) ParOldGen: 80294K(2796544K)->84899K(2796544K)
[1841.271s][info][gc,metaspace   ] GC(688) Metaspace: 78276K(79616K)->78276K(79616K) NonClass: 68712K(69312K)->68712K(69312K) Class: 9564K(10304K)->9564K(10304K)
[1841.271s][info][gc             ] GC(688) Pause Young (Allocation Failure) 1427M->89M(4086M) 3.540ms
[1841.271s][info][gc,cpu         ] GC(688) User=0.00s Sys=0.00s Real=0.00s
[1844.217s][info][gc,start       ] GC(689) Pause Young (Allocation Failure)
[1844.220s][info][gc,heap        ] GC(689) PSYoungGen: 1383076K(1387520K)->5795K(1387008K) Eden: 1376768K(1376768K)->0K(1376768K) From: 6308K(10752K)->5795K(10240K)
[1844.220s][info][gc,heap        ] GC(689) ParOldGen: 84899K(2796544K)->88691K(2796544K)
[1844.220s][info][gc,metaspace   ] GC(689) Metaspace: 78276K(79616K)->78276K(79616K) NonClass: 68712K(69312K)->68712K(69312K) Class: 9564K(10304K)->9564K(10304K)
[1844.220s][info][gc             ] GC(689) Pause Young (Allocation Failure) 1433M->92M(4085M) 3.155ms
[1844.220s][info][gc,cpu         ] GC(689) User=0.00s Sys=0.00s Real=0.00s
[1846.547s][info][gc,start       ] GC(690) Pause Young (Allocation Failure)
[1846.550s][info][gc,heap        ] GC(690) PSYoungGen: 1382563K(1387008K)->6588K(1388032K) Eden: 1376768K(1376768K)->0K(1377792K) From: 5795K(10240K)->6588K(10240K)
[1846.550s][info][gc,heap        ] GC(690) ParOldGen: 88691K(2796544K)->92781K(2796544K)
[1846.550s][info][gc,metaspace   ] GC(690) Metaspace: 78276K(79616K)->78276K(79616K) NonClass: 68712K(69312K)->68712K(69312K) Class: 9564K(10304K)->9564K(10304K)
[1846.550s][info][gc             ] GC(690) Pause Young (Allocation Failure) 1436M->97M(4086M) 3.282ms
[1846.550s][info][gc,cpu         ] GC(690) User=0.00s Sys=0.00s Real=0.00s
[1848.849s][info][gc,start       ] GC(691) Pause Young (Allocation Failure)
[1848.852s][info][gc,heap        ] GC(691) PSYoungGen: 1384380K(1388032K)->5991K(1387520K) Eden: 1377792K(1377792K)->0K(1377792K) From: 6588K(10240K)->5991K(9728K)
[1848.852s][info][gc,heap        ] GC(691) ParOldGen: 92781K(2796544K)->97700K(2796544K)
[1848.852s][info][gc,metaspace   ] GC(691) Metaspace: 78276K(79616K)->78276K(79616K) NonClass: 68712K(69312K)->68712K(69312K) Class: 9564K(10304K)->9564K(10304K)
[1848.852s][info][gc             ] GC(691) Pause Young (Allocation Failure) 1442M->101M(4086M) 3.396ms
[1848.852s][info][gc,cpu         ] GC(691) User=0.00s Sys=0.00s Real=0.02s
[1851.558s][info][gc,start       ] GC(692) Pause Young (Allocation Failure)
[1851.562s][info][gc,heap        ] GC(692) PSYoungGen: 1383523K(1387520K)->5697K(1388544K) Eden: 1377531K(1377792K)->0K(1378816K) From: 5991K(9728K)->5697K(9728K)
[1851.562s][info][gc,heap        ] GC(692) ParOldGen: 97700K(2796544K)->102590K(2796544K)
[1851.562s][info][gc,metaspace   ] GC(692) Metaspace: 78276K(79616K)->78276K(79616K) NonClass: 68712K(69312K)->68712K(69312K) Class: 9564K(10304K)->9564K(10304K)
[1851.562s][info][gc             ] GC(692) Pause Young (Allocation Failure) 1446M->105M(4087M) 4.213ms
[1851.562s][info][gc,cpu         ] GC(692) User=0.00s Sys=0.00s Real=0.00s
[1854.953s][info][gc,start       ] GC(693) Pause Young (Allocation Failure)
[1854.957s][info][gc,heap        ] GC(693) PSYoungGen: 1384513K(1388544K)->7044K(1388032K) Eden: 1378816K(1378816K)->0K(1378816K) From: 5697K(9728K)->7044K(9216K)
[1854.957s][info][gc,heap        ] GC(693) ParOldGen: 102590K(2796544K)->105260K(2796544K)
[1854.957s][info][gc,metaspace   ] GC(693) Metaspace: 78277K(79616K)->78277K(79616K) NonClass: 68713K(69312K)->68713K(69312K) Class: 9564K(10304K)->9564K(10304K)
[1854.957s][info][gc             ] GC(693) Pause Young (Allocation Failure) 1452M->109M(4086M) 3.956ms
[1854.957s][info][gc,cpu         ] GC(693) User=0.00s Sys=0.00s Real=0.01s
[1855.196s][info][gc,start       ] GC(694) Pause Young (System.gc())
[1855.198s][info][gc,heap        ] GC(694) PSYoungGen: 290428K(1388032K)->544K(1386496K) Eden: 283383K(1378816K)->0K(1377280K) From: 7044K(9216K)->544K(9216K)
[1855.198s][info][gc,heap        ] GC(694) ParOldGen: 105260K(2796544K)->107626K(2796544K)
[1855.198s][info][gc,metaspace   ] GC(694) Metaspace: 78277K(79616K)->78277K(79616K) NonClass: 68713K(69312K)->68713K(69312K) Class: 9564K(10304K)->9564K(10304K)
[1855.198s][info][gc             ] GC(694) Pause Young (System.gc()) 386M->105M(4085M) 1.458ms
[1855.198s][info][gc,cpu         ] GC(694) User=0.00s Sys=0.00s Real=0.00s
[1855.198s][info][gc,start       ] GC(695) Pause Full (System.gc())
[1855.198s][info][gc,phases,start] GC(695) Marking Phase
[1855.224s][info][gc,phases      ] GC(695) Marking Phase 26.263ms
[1855.224s][info][gc,phases,start] GC(695) Summary Phase
[1855.224s][info][gc,phases      ] GC(695) Summary Phase 0.011ms
[1855.224s][info][gc,phases,start] GC(695) Adjust Roots
[1855.235s][info][gc,phases      ] GC(695) Adjust Roots 10.977ms
[1855.235s][info][gc,phases,start] GC(695) Compaction Phase
[1855.247s][info][gc,phases      ] GC(695) Compaction Phase 11.424ms
[1855.247s][info][gc,phases,start] GC(695) Post Compact
[1855.248s][info][gc,phases      ] GC(695) Post Compact 0.980ms
[1855.248s][info][gc,heap        ] GC(695) PSYoungGen: 544K(1386496K)->0K(1386496K) Eden: 0K(1377280K)->0K(1377280K) From: 544K(9216K)->0K(9216K)
[1855.248s][info][gc,heap        ] GC(695) ParOldGen: 107626K(2796544K)->78516K(2796544K)
[1855.248s][info][gc,metaspace   ] GC(695) Metaspace: 78277K(79616K)->78277K(79616K) NonClass: 68713K(69312K)->68713K(69312K) Class: 9564K(10304K)->9564K(10304K)
[1855.248s][info][gc             ] GC(695) Pause Full (System.gc()) 105M->76M(4085M) 49.967ms
[1855.248s][info][gc,cpu         ] GC(695) User=0.22s Sys=0.00s Real=0.05s
[1858.495s][info][gc,start       ] GC(696) Pause Young (Allocation Failure)
[1858.497s][info][gc,heap        ] GC(696) PSYoungGen: 1377280K(1386496K)->4978K(1387520K) Eden: 1377280K(1377280K)->0K(1377280K) From: 0K(9216K)->4978K(10240K)
[1858.497s][info][gc,heap        ] GC(696) ParOldGen: 78516K(2796544K)->78516K(2796544K)
[1858.497s][info][gc,metaspace   ] GC(696) Metaspace: 78277K(79616K)->78277K(79616K) NonClass: 68713K(69312K)->68713K(69312K) Class: 9564K(10304K)->9564K(10304K)
[1858.497s][info][gc             ] GC(696) Pause Young (Allocation Failure) 1421M->81M(4086M) 2.131ms
[1858.497s][info][gc,cpu         ] GC(696) User=0.09s Sys=0.00s Real=0.00s
[1861.256s][info][gc,start       ] GC(697) Pause Young (Allocation Failure)
[1861.261s][info][gc,heap        ] GC(697) PSYoungGen: 1381631K(1387520K)->9710K(1376768K) Eden: 1376652K(1377280K)->0K(1367040K) From: 4978K(10240K)->9710K(9728K)
[1861.261s][info][gc,heap        ] GC(697) ParOldGen: 78516K(2796544K)->91262K(2796544K)
[1861.261s][info][gc,metaspace   ] GC(697) Metaspace: 78277K(79616K)->78277K(79616K) NonClass: 68713K(69312K)->68713K(69312K) Class: 9564K(10304K)->9564K(10304K)
[1861.261s][info][gc             ] GC(697) Pause Young (Allocation Failure) 1425M->98M(4075M) 4.626ms
[1861.261s][info][gc,cpu         ] GC(697) User=0.00s Sys=0.00s Real=0.00s
[1865.291s][info][gc,start       ] GC(698) Pause Young (Allocation Failure)
[1865.294s][info][gc,heap        ] GC(698) PSYoungGen: 1376750K(1376768K)->6216K(1382400K) Eden: 1367040K(1367040K)->0K(1367040K) From: 9710K(9728K)->6216K(15360K)
[1865.294s][info][gc,heap        ] GC(698) ParOldGen: 91262K(2796544K)->93846K(2796544K)
[1865.294s][info][gc,metaspace   ] GC(698) Metaspace: 78277K(79616K)->78277K(79616K) NonClass: 68713K(69312K)->68713K(69312K) Class: 9564K(10304K)->9564K(10304K)
[1865.294s][info][gc             ] GC(698) Pause Young (Allocation Failure) 1433M->97M(4081M) 2.718ms
[1865.294s][info][gc,cpu         ] GC(698) User=0.09s Sys=0.00s Real=0.00s
[1867.726s][info][gc,start       ] GC(699) Pause Young (Allocation Failure)
[1867.729s][info][gc,heap        ] GC(699) PSYoungGen: 1373256K(1382400K)->5911K(1383424K) Eden: 1367040K(1367040K)->0K(1368576K) From: 6216K(15360K)->5911K(14848K)
[1867.729s][info][gc,heap        ] GC(699) ParOldGen: 93846K(2796544K)->96914K(2796544K)
[1867.729s][info][gc,metaspace   ] GC(699) Metaspace: 78277K(79616K)->78277K(79616K) NonClass: 68713K(69312K)->68713K(69312K) Class: 9564K(10304K)->9564K(10304K)
[1867.729s][info][gc             ] GC(699) Pause Young (Allocation Failure) 1432M->100M(4082M) 2.949ms
[1867.729s][info][gc,cpu         ] GC(699) User=0.00s Sys=0.00s Real=0.01s
[1872.296s][info][gc,start       ] GC(700) Pause Young (Allocation Failure)
[1872.298s][info][gc,heap        ] GC(700) PSYoungGen: 1373496K(1383424K)->4054K(1382912K) Eden: 1367585K(1368576K)->0K(1368576K) From: 5911K(14848K)->4054K(14336K)
[1872.298s][info][gc,heap        ] GC(700) ParOldGen: 96914K(2796544K)->101174K(2796544K)
[1872.298s][info][gc,metaspace   ] GC(700) Metaspace: 78277K(79616K)->78277K(79616K) NonClass: 68713K(69312K)->68713K(69312K) Class: 9564K(10304K)->9564K(10304K)
[1872.298s][info][gc             ] GC(700) Pause Young (Allocation Failure) 1435M->102M(4081M) 2.427ms
[1872.298s][info][gc,cpu         ] GC(700) User=0.00s Sys=0.00s Real=0.00s
[1874.452s][info][gc,start       ] GC(701) Pause Young (Allocation Failure)
[1874.455s][info][gc,heap        ] GC(701) PSYoungGen: 1372630K(1382912K)->7017K(1384448K) Eden: 1368576K(1368576K)->0K(1370112K) From: 4054K(14336K)->7017K(14336K)
[1874.455s][info][gc,heap        ] GC(701) ParOldGen: 101174K(2796544K)->104071K(2796544K)
[1874.455s][info][gc,metaspace   ] GC(701) Metaspace: 78277K(79616K)->78277K(79616K) NonClass: 68713K(69312K)->68713K(69312K) Class: 9564K(10304K)->9564K(10304K)
[1874.455s][info][gc             ] GC(701) Pause Young (Allocation Failure) 1439M->108M(4083M) 3.328ms
[1874.455s][info][gc,cpu         ] GC(701) User=0.00s Sys=0.00s Real=0.02s
[1878.609s][info][gc,start       ] GC(702) Pause Young (Allocation Failure)
[1878.614s][info][gc,heap        ] GC(702) PSYoungGen: 1377129K(1384448K)->8233K(1383424K) Eden: 1370112K(1370112K)->0K(1370112K) From: 7017K(14336K)->8233K(13312K)
[1878.614s][info][gc,heap        ] GC(702) ParOldGen: 104071K(2796544K)->108740K(2796544K)
[1878.614s][info][gc,metaspace   ] GC(702) Metaspace: 78277K(79616K)->78277K(79616K) NonClass: 68713K(69312K)->68713K(69312K) Class: 9564K(10304K)->9564K(10304K)
[1878.614s][info][gc             ] GC(702) Pause Young (Allocation Failure) 1446M->114M(4082M) 4.859ms
[1878.614s][info][gc,cpu         ] GC(702) User=0.00s Sys=0.00s Real=0.01s
[1881.652s][info][gc,start       ] GC(703) Pause Young (Allocation Failure)
[1881.657s][info][gc,heap        ] GC(703) PSYoungGen: 1378345K(1383424K)->5474K(1384960K) Eden: 1370112K(1370112K)->0K(1371648K) From: 8233K(13312K)->5474K(13312K)
[1881.657s][info][gc,heap        ] GC(703) ParOldGen: 108740K(2796544K)->112617K(2796544K)
[1881.657s][info][gc,metaspace   ] GC(703) Metaspace: 78277K(79616K)->78277K(79616K) NonClass: 68713K(69312K)->68713K(69312K) Class: 9564K(10304K)->9564K(10304K)
[1881.657s][info][gc             ] GC(703) Pause Young (Allocation Failure) 1452M->115M(4083M) 4.930ms
[1881.657s][info][gc,cpu         ] GC(703) User=0.00s Sys=0.00s Real=0.00s
[1883.850s][info][gc,start       ] GC(704) Pause Young (Allocation Failure)
[1883.853s][info][gc,heap        ] GC(704) PSYoungGen: 1377122K(1384960K)->6679K(1384448K) Eden: 1371648K(1371648K)->0K(1371648K) From: 5474K(13312K)->6679K(12800K)
[1883.853s][info][gc,heap        ] GC(704) ParOldGen: 112617K(2796544K)->116683K(2796544K)
[1883.853s][info][gc,metaspace   ] GC(704) Metaspace: 78277K(79616K)->78277K(79616K) NonClass: 68713K(69312K)->68713K(69312K) Class: 9564K(10304K)->9564K(10304K)
[1883.853s][info][gc             ] GC(704) Pause Young (Allocation Failure) 1454M->120M(4083M) 3.467ms
[1883.853s][info][gc,cpu         ] GC(704) User=0.00s Sys=0.00s Real=0.02s
[1886.284s][info][gc,start       ] GC(705) Pause Young (Allocation Failure)
[1886.287s][info][gc,heap        ] GC(705) PSYoungGen: 1378327K(1384448K)->5568K(1385472K) Eden: 1371648K(1371648K)->0K(1373184K) From: 6679K(12800K)->5568K(12288K)
[1886.287s][info][gc,heap        ] GC(705) ParOldGen: 116683K(2796544K)->121709K(2796544K)
[1886.287s][info][gc,metaspace   ] GC(705) Metaspace: 78277K(79616K)->78277K(79616K) NonClass: 68713K(69312K)->68713K(69312K) Class: 9564K(10304K)->9564K(10304K)
[1886.287s][info][gc             ] GC(705) Pause Young (Allocation Failure) 1459M->124M(4084M) 3.289ms
[1886.287s][info][gc,cpu         ] GC(705) User=0.00s Sys=0.00s Real=0.01s
[1889.020s][info][gc,start       ] GC(706) Pause Young (Allocation Failure)
[1889.023s][info][gc,heap        ] GC(706) PSYoungGen: 1378534K(1385472K)->11280K(1384960K) Eden: 1372966K(1373184K)->0K(1373184K) From: 5568K(12288K)->11280K(11776K)
[1889.023s][info][gc,heap        ] GC(706) ParOldGen: 121709K(2796544K)->126317K(2796544K)
[1889.023s][info][gc,metaspace   ] GC(706) Metaspace: 78277K(79616K)->78277K(79616K) NonClass: 68713K(69312K)->68713K(69312K) Class: 9564K(10304K)->9564K(10304K)
[1889.023s][info][gc             ] GC(706) Pause Young (Allocation Failure) 1465M->134M(4083M) 3.653ms
[1889.024s][info][gc,cpu         ] GC(706) User=0.00s Sys=0.00s Real=0.00s
[1892.347s][info][gc,start       ] GC(707) Pause Young (Allocation Failure)
[1892.350s][info][gc,heap        ] GC(707) PSYoungGen: 1384464K(1384960K)->5857K(1384960K) Eden: 1373184K(1373184K)->0K(1372160K) From: 11280K(11776K)->5857K(12800K)
[1892.350s][info][gc,heap        ] GC(707) ParOldGen: 126317K(2796544K)->128959K(2796544K)
[1892.350s][info][gc,metaspace   ] GC(707) Metaspace: 78277K(79616K)->78277K(79616K) NonClass: 68713K(69312K)->68713K(69312K) Class: 9564K(10304K)->9564K(10304K)
[1892.350s][info][gc             ] GC(707) Pause Young (Allocation Failure) 1475M->131M(4083M) 3.136ms
[1892.350s][info][gc,cpu         ] GC(707) User=0.00s Sys=0.00s Real=0.00s
[1892.720s][info][gc,start       ] GC(708) Pause Young (System.gc())
[1892.721s][info][gc,heap        ] GC(708) PSYoungGen: 370847K(1384960K)->559K(1373184K) Eden: 364989K(1372160K)->0K(1372160K) From: 5857K(12800K)->559K(1024K)
[1892.721s][info][gc,heap        ] GC(708) ParOldGen: 128959K(2796544K)->131163K(2796544K)
[1892.721s][info][gc,metaspace   ] GC(708) Metaspace: 78277K(79616K)->78277K(79616K) NonClass: 68713K(69312K)->68713K(69312K) Class: 9564K(10304K)->9564K(10304K)
[1892.721s][info][gc             ] GC(708) Pause Young (System.gc()) 488M->128M(4072M) 1.438ms
[1892.721s][info][gc,cpu         ] GC(708) User=0.00s Sys=0.00s Real=0.00s
[1892.721s][info][gc,start       ] GC(709) Pause Full (System.gc())
[1892.721s][info][gc,phases,start] GC(709) Marking Phase
[1892.749s][info][gc,phases      ] GC(709) Marking Phase 27.698ms
[1892.749s][info][gc,phases,start] GC(709) Summary Phase
[1892.749s][info][gc,phases      ] GC(709) Summary Phase 0.011ms
[1892.749s][info][gc,phases,start] GC(709) Adjust Roots
[1892.760s][info][gc,phases      ] GC(709) Adjust Roots 10.596ms
[1892.760s][info][gc,phases,start] GC(709) Compaction Phase
[1892.771s][info][gc,phases      ] GC(709) Compaction Phase 10.995ms
[1892.771s][info][gc,phases,start] GC(709) Post Compact
[1892.772s][info][gc,phases      ] GC(709) Post Compact 1.061ms
[1892.772s][info][gc,heap        ] GC(709) PSYoungGen: 559K(1373184K)->0K(1373184K) Eden: 0K(1372160K)->0K(1372160K) From: 559K(1024K)->0K(1024K)
[1892.772s][info][gc,heap        ] GC(709) ParOldGen: 131163K(2796544K)->78346K(2796544K)
[1892.772s][info][gc,metaspace   ] GC(709) Metaspace: 78277K(79616K)->78277K(79616K) NonClass: 68713K(69312K)->68713K(69312K) Class: 9564K(10304K)->9564K(10304K)
[1892.772s][info][gc             ] GC(709) Pause Full (System.gc()) 128M->76M(4072M) 50.676ms
[1892.772s][info][gc,cpu         ] GC(709) User=0.19s Sys=0.00s Real=0.05s
[1896.018s][info][gc,start       ] GC(710) Pause Young (Allocation Failure)
[1896.020s][info][gc,heap        ] GC(710) PSYoungGen: 1372160K(1373184K)->5011K(1384960K) Eden: 1372160K(1372160K)->0K(1371648K) From: 0K(1024K)->5011K(13312K)
[1896.020s][info][gc,heap        ] GC(710) ParOldGen: 78346K(2796544K)->78346K(2796544K)
[1896.020s][info][gc,metaspace   ] GC(710) Metaspace: 78277K(79616K)->78277K(79616K) NonClass: 68713K(69312K)->68713K(69312K) Class: 9564K(10304K)->9564K(10304K)
[1896.020s][info][gc             ] GC(710) Pause Young (Allocation Failure) 1416M->81M(4083M) 2.553ms
[1896.021s][info][gc,cpu         ] GC(710) User=0.00s Sys=0.00s Real=0.01s
[1898.766s][info][gc,start       ] GC(711) Pause Young (Allocation Failure)
[1898.768s][info][gc,heap        ] GC(711) PSYoungGen: 1376659K(1384960K)->6222K(1384448K) Eden: 1371648K(1371648K)->0K(1371648K) From: 5011K(13312K)->6222K(12800K)
[1898.768s][info][gc,heap        ] GC(711) ParOldGen: 78346K(2796544K)->82321K(2796544K)
[1898.768s][info][gc,metaspace   ] GC(711) Metaspace: 78277K(79616K)->78277K(79616K) NonClass: 68713K(69312K)->68713K(69312K) Class: 9564K(10304K)->9564K(10304K)
[1898.768s][info][gc             ] GC(711) Pause Young (Allocation Failure) 1420M->86M(4083M) 2.798ms
[1898.768s][info][gc,cpu         ] GC(711) User=0.00s Sys=0.00s Real=0.00s
[1902.787s][info][gc,start       ] GC(712) Pause Young (Allocation Failure)
[1902.790s][info][gc,heap        ] GC(712) PSYoungGen: 1377870K(1384448K)->4662K(1385984K) Eden: 1371648K(1371648K)->0K(1373696K) From: 6222K(12800K)->4662K(12288K)
[1902.790s][info][gc,heap        ] GC(712) ParOldGen: 82321K(2796544K)->84979K(2796544K)
[1902.790s][info][gc,metaspace   ] GC(712) Metaspace: 78277K(79616K)->78277K(79616K) NonClass: 68713K(69312K)->68713K(69312K) Class: 9564K(10304K)->9564K(10304K)
[1902.790s][info][gc             ] GC(712) Pause Young (Allocation Failure) 1425M->87M(4084M) 2.421ms
[1902.790s][info][gc,cpu         ] GC(712) User=0.00s Sys=0.00s Real=0.00s
[1905.404s][info][gc,start       ] GC(713) Pause Young (Allocation Failure)
[1905.408s][info][gc,heap        ] GC(713) PSYoungGen: 1378358K(1385984K)->6058K(1385472K) Eden: 1373696K(1373696K)->0K(1373696K) From: 4662K(12288K)->6058K(11776K)
[1905.408s][info][gc,heap        ] GC(713) ParOldGen: 84979K(2796544K)->88053K(2796544K)
[1905.408s][info][gc,metaspace   ] GC(713) Metaspace: 78277K(79616K)->78277K(79616K) NonClass: 68713K(69312K)->68713K(69312K) Class: 9564K(10304K)->9564K(10304K)
[1905.408s][info][gc             ] GC(713) Pause Young (Allocation Failure) 1429M->91M(4084M) 3.791ms
[1905.408s][info][gc,cpu         ] GC(713) User=0.00s Sys=0.00s Real=0.00s
[1909.967s][info][gc,start       ] GC(714) Pause Young (Allocation Failure)
[1909.970s][info][gc,heap        ] GC(714) PSYoungGen: 1379754K(1385472K)->4716K(1386496K) Eden: 1373696K(1373696K)->0K(1375232K) From: 6058K(11776K)->4716K(11264K)
[1909.970s][info][gc,heap        ] GC(714) ParOldGen: 88053K(2796544K)->92291K(2796544K)
[1909.970s][info][gc,metaspace   ] GC(714) Metaspace: 78277K(79616K)->78277K(79616K) NonClass: 68713K(69312K)->68713K(69312K) Class: 9564K(10304K)->9564K(10304K)
[1909.970s][info][gc             ] GC(714) Pause Young (Allocation Failure) 1433M->94M(4085M) 3.536ms
[1909.970s][info][gc,cpu         ] GC(714) User=0.00s Sys=0.00s Real=0.01s
[1912.179s][info][gc,start       ] GC(715) Pause Young (Allocation Failure)
[1912.182s][info][gc,heap        ] GC(715) PSYoungGen: 1376017K(1386496K)->5970K(1386496K) Eden: 1371301K(1375232K)->0K(1375232K) From: 4716K(11264K)->5970K(11264K)
[1912.182s][info][gc,heap        ] GC(715) ParOldGen: 92291K(2796544K)->95242K(2796544K)
[1912.182s][info][gc,metaspace   ] GC(715) Metaspace: 78277K(79616K)->78277K(79616K) NonClass: 68713K(69312K)->68713K(69312K) Class: 9564K(10304K)->9564K(10304K)
[1912.182s][info][gc             ] GC(715) Pause Young (Allocation Failure) 1433M->98M(4085M) 2.981ms
[1912.182s][info][gc,cpu         ] GC(715) User=0.00s Sys=0.00s Real=0.00s
[1916.353s][info][gc,start       ] GC(716) Pause Young (Allocation Failure)
[1916.357s][info][gc,heap        ] GC(716) PSYoungGen: 1381202K(1386496K)->5694K(1387520K) Eden: 1375232K(1375232K)->0K(1376768K) From: 5970K(11264K)->5694K(10752K)
[1916.357s][info][gc,heap        ] GC(716) ParOldGen: 95242K(2796544K)->99896K(2796544K)
[1916.357s][info][gc,metaspace   ] GC(716) Metaspace: 78277K(79616K)->78277K(79616K) NonClass: 68713K(69312K)->68713K(69312K) Class: 9564K(10304K)->9564K(10304K)
[1916.357s][info][gc             ] GC(716) Pause Young (Allocation Failure) 1441M->103M(4086M) 3.484ms
[1916.357s][info][gc,cpu         ] GC(716) User=0.09s Sys=0.00s Real=0.01s
[1919.288s][info][gc,start       ] GC(717) Pause Young (Allocation Failure)
[1919.291s][info][gc,heap        ] GC(717) PSYoungGen: 1382462K(1387520K)->6194K(1387008K) Eden: 1376768K(1376768K)->0K(1376768K) From: 5694K(10752K)->6194K(10240K)
[1919.291s][info][gc,heap        ] GC(717) ParOldGen: 99896K(2796544K)->103776K(2796544K)
[1919.291s][info][gc,metaspace   ] GC(717) Metaspace: 78277K(79616K)->78277K(79616K) NonClass: 68713K(69312K)->68713K(69312K) Class: 9564K(10304K)->9564K(10304K)
[1919.291s][info][gc             ] GC(717) Pause Young (Allocation Failure) 1447M->107M(4085M) 3.214ms
[1919.291s][info][gc,cpu         ] GC(717) User=0.00s Sys=0.00s Real=0.00s
[1921.579s][info][gc,start       ] GC(718) Pause Young (Allocation Failure)
[1921.582s][info][gc,heap        ] GC(718) PSYoungGen: 1379383K(1387008K)->5839K(1388032K) Eden: 1373189K(1376768K)->0K(1378304K) From: 6194K(10240K)->5839K(9728K)
[1921.582s][info][gc,heap        ] GC(718) ParOldGen: 103776K(2796544K)->108001K(2796544K)
[1921.582s][info][gc,metaspace   ] GC(718) Metaspace: 78277K(79616K)->78277K(79616K) NonClass: 68713K(69312K)->68713K(69312K) Class: 9564K(10304K)->9564K(10304K)
[1921.582s][info][gc             ] GC(718) Pause Young (Allocation Failure) 1448M->111M(4086M) 3.030ms
[1921.583s][info][gc,cpu         ] GC(718) User=0.00s Sys=0.00s Real=0.00s
[1923.882s][info][gc,start       ] GC(719) Pause Young (Allocation Failure)
[1923.885s][info][gc,heap        ] GC(719) PSYoungGen: 1384143K(1388032K)->5949K(1388032K) Eden: 1378304K(1378304K)->0K(1378304K) From: 5839K(9728K)->5949K(9728K)
[1923.885s][info][gc,heap        ] GC(719) ParOldGen: 108001K(2796544K)->112979K(2796544K)
[1923.885s][info][gc,metaspace   ] GC(719) Metaspace: 78277K(79616K)->78277K(79616K) NonClass: 68713K(69312K)->68713K(69312K) Class: 9564K(10304K)->9564K(10304K)
[1923.885s][info][gc             ] GC(719) Pause Young (Allocation Failure) 1457M->116M(4086M) 3.674ms
[1923.885s][info][gc,cpu         ] GC(719) User=0.00s Sys=0.00s Real=0.00s
[1926.574s][info][gc,start       ] GC(720) Pause Young (Allocation Failure)
[1926.579s][info][gc,heap        ] GC(720) PSYoungGen: 1384253K(1388032K)->5490K(1388544K) Eden: 1378304K(1378304K)->0K(1379328K) From: 5949K(9728K)->5490K(9216K)
[1926.579s][info][gc,heap        ] GC(720) ParOldGen: 112979K(2796544K)->117528K(2796544K)
[1926.579s][info][gc,metaspace   ] GC(720) Metaspace: 78277K(79616K)->78277K(79616K) NonClass: 68713K(69312K)->68713K(69312K) Class: 9564K(10304K)->9564K(10304K)
[1926.579s][info][gc             ] GC(720) Pause Young (Allocation Failure) 1462M->120M(4087M) 4.333ms
[1926.579s][info][gc,cpu         ] GC(720) User=0.00s Sys=0.00s Real=0.00s
[1929.978s][info][gc,start       ] GC(721) Pause Young (Allocation Failure)
[1929.982s][info][gc,heap        ] GC(721) PSYoungGen: 1384818K(1388544K)->6661K(1388544K) Eden: 1379328K(1379328K)->0K(1379328K) From: 5490K(9216K)->6661K(9216K)
[1929.982s][info][gc,heap        ] GC(721) ParOldGen: 117528K(2796544K)->120122K(2796544K)
[1929.982s][info][gc,metaspace   ] GC(721) Metaspace: 78277K(79616K)->78277K(79616K) NonClass: 68713K(69312K)->68713K(69312K) Class: 9564K(10304K)->9564K(10304K)
[1929.982s][info][gc             ] GC(721) Pause Young (Allocation Failure) 1467M->123M(4087M) 3.758ms
[1929.982s][info][gc,cpu         ] GC(721) User=0.09s Sys=0.00s Real=0.01s
[1930.235s][info][gc,start       ] GC(722) Pause Young (System.gc())
[1930.236s][info][gc,heap        ] GC(722) PSYoungGen: 297264K(1388544K)->512K(1387520K) Eden: 290603K(1379328K)->0K(1378304K) From: 6661K(9216K)->512K(9216K)
[1930.236s][info][gc,heap        ] GC(722) ParOldGen: 120122K(2796544K)->122451K(2796544K)
[1930.236s][info][gc,metaspace   ] GC(722) Metaspace: 78277K(79616K)->78277K(79616K) NonClass: 68713K(69312K)->68713K(69312K) Class: 9564K(10304K)->9564K(10304K)
[1930.236s][info][gc             ] GC(722) Pause Young (System.gc()) 407M->120M(4086M) 1.453ms
[1930.236s][info][gc,cpu         ] GC(722) User=0.00s Sys=0.00s Real=0.00s
[1930.237s][info][gc,start       ] GC(723) Pause Full (System.gc())
[1930.237s][info][gc,phases,start] GC(723) Marking Phase
[1930.266s][info][gc,phases      ] GC(723) Marking Phase 29.202ms
[1930.266s][info][gc,phases,start] GC(723) Summary Phase
[1930.266s][info][gc,phases      ] GC(723) Summary Phase 0.011ms
[1930.266s][info][gc,phases,start] GC(723) Adjust Roots
[1930.276s][info][gc,phases      ] GC(723) Adjust Roots 10.557ms
[1930.276s][info][gc,phases,start] GC(723) Compaction Phase
[1930.291s][info][gc,phases      ] GC(723) Compaction Phase 14.615ms
[1930.291s][info][gc,phases,start] GC(723) Post Compact
[1930.294s][info][gc,phases      ] GC(723) Post Compact 2.931ms
[1930.294s][info][gc,heap        ] GC(723) PSYoungGen: 512K(1387520K)->0K(1387520K) Eden: 0K(1378304K)->0K(1378304K) From: 512K(9216K)->0K(9216K)
[1930.294s][info][gc,heap        ] GC(723) ParOldGen: 122451K(2796544K)->78384K(2796544K)
[1930.294s][info][gc,metaspace   ] GC(723) Metaspace: 78277K(79616K)->78277K(79616K) NonClass: 68713K(69312K)->68713K(69312K) Class: 9564K(10304K)->9564K(10304K)
[1930.294s][info][gc             ] GC(723) Pause Full (System.gc()) 120M->76M(4086M) 57.647ms
[1930.294s][info][gc,cpu         ] GC(723) User=0.14s Sys=0.00s Real=0.06s
[1933.527s][info][gc,start       ] GC(724) Pause Young (Allocation Failure)
[1933.529s][info][gc,heap        ] GC(724) PSYoungGen: 1378304K(1387520K)->5209K(1388032K) Eden: 1378304K(1378304K)->0K(1378304K) From: 0K(9216K)->5209K(9728K)
[1933.529s][info][gc,heap        ] GC(724) ParOldGen: 78384K(2796544K)->78384K(2796544K)
[1933.529s][info][gc,metaspace   ] GC(724) Metaspace: 78277K(79616K)->78277K(79616K) NonClass: 68713K(69312K)->68713K(69312K) Class: 9564K(10304K)->9564K(10304K)
[1933.529s][info][gc             ] GC(724) Pause Young (Allocation Failure) 1422M->81M(4086M) 1.869ms
[1933.529s][info][gc,cpu         ] GC(724) User=0.00s Sys=0.00s Real=0.00s
[1936.282s][info][gc,start       ] GC(725) Pause Young (Allocation Failure)
[1936.287s][info][gc,heap        ] GC(725) PSYoungGen: 1379459K(1388032K)->9193K(1376256K) Eden: 1374250K(1378304K)->0K(1367040K) From: 5209K(9728K)->9193K(9216K)
[1936.287s][info][gc,heap        ] GC(725) ParOldGen: 78384K(2796544K)->91385K(2796544K)
[1936.287s][info][gc,metaspace   ] GC(725) Metaspace: 78277K(79616K)->78277K(79616K) NonClass: 68713K(69312K)->68713K(69312K) Class: 9564K(10304K)->9564K(10304K)
[1936.287s][info][gc             ] GC(725) Pause Young (Allocation Failure) 1423M->98M(4075M) 5.534ms
[1936.287s][info][gc,cpu         ] GC(725) User=0.00s Sys=0.00s Real=0.01s
[1940.319s][info][gc,start       ] GC(726) Pause Young (Allocation Failure)
[1940.321s][info][gc,heap        ] GC(726) PSYoungGen: 1376233K(1376256K)->5076K(1382400K) Eden: 1367040K(1367040K)->0K(1367040K) From: 9193K(9216K)->5076K(15360K)
[1940.321s][info][gc,heap        ] GC(726) ParOldGen: 91385K(2796544K)->94140K(2796544K)
[1940.321s][info][gc,metaspace   ] GC(726) Metaspace: 78280K(79616K)->78280K(79616K) NonClass: 68716K(69312K)->68716K(69312K) Class: 9564K(10304K)->9564K(10304K)
[1940.321s][info][gc             ] GC(726) Pause Young (Allocation Failure) 1433M->96M(4081M) 2.513ms
[1940.321s][info][gc,cpu         ] GC(726) User=0.00s Sys=0.00s Real=0.00s
[1942.732s][info][gc,start       ] GC(727) Pause Young (Allocation Failure)
[1942.736s][info][gc,heap        ] GC(727) PSYoungGen: 1372116K(1382400K)->5972K(1383424K) Eden: 1367040K(1367040K)->0K(1368576K) From: 5076K(15360K)->5972K(14848K)
[1942.736s][info][gc,heap        ] GC(727) ParOldGen: 94140K(2796544K)->97260K(2796544K)
[1942.736s][info][gc,metaspace   ] GC(727) Metaspace: 78281K(79616K)->78281K(79616K) NonClass: 68716K(69312K)->68716K(69312K) Class: 9564K(10304K)->9564K(10304K)
[1942.736s][info][gc             ] GC(727) Pause Young (Allocation Failure) 1431M->100M(4082M) 3.207ms
[1942.736s][info][gc,cpu         ] GC(727) User=0.00s Sys=0.00s Real=0.01s
[1947.257s][info][gc,start       ] GC(728) Pause Young (Allocation Failure)
[1947.259s][info][gc,heap        ] GC(728) PSYoungGen: 1374213K(1383424K)->3972K(1382912K) Eden: 1368241K(1368576K)->0K(1368576K) From: 5972K(14848K)->3972K(14336K)
[1947.259s][info][gc,heap        ] GC(728) ParOldGen: 97260K(2796544K)->101485K(2796544K)
[1947.259s][info][gc,metaspace   ] GC(728) Metaspace: 78281K(79616K)->78281K(79616K) NonClass: 68716K(69312K)->68716K(69312K) Class: 9564K(10304K)->9564K(10304K)
[1947.259s][info][gc             ] GC(728) Pause Young (Allocation Failure) 1436M->102M(4081M) 2.546ms
[1947.259s][info][gc,cpu         ] GC(728) User=0.00s Sys=0.00s Real=0.01s
[1949.396s][info][gc,start       ] GC(729) Pause Young (Allocation Failure)
[1949.400s][info][gc,heap        ] GC(729) PSYoungGen: 1372548K(1382912K)->7313K(1384448K) Eden: 1368576K(1368576K)->0K(1370624K) From: 3972K(14336K)->7313K(13824K)
[1949.400s][info][gc,heap        ] GC(729) ParOldGen: 101485K(2796544K)->104429K(2796544K)
[1949.400s][info][gc,metaspace   ] GC(729) Metaspace: 78281K(79616K)->78281K(79616K) NonClass: 68716K(69312K)->68716K(69312K) Class: 9564K(10304K)->9564K(10304K)
[1949.400s][info][gc             ] GC(729) Pause Young (Allocation Failure) 1439M->109M(4083M) 3.277ms
[1949.400s][info][gc,cpu         ] GC(729) User=0.00s Sys=0.00s Real=0.01s
[1953.516s][info][gc,start       ] GC(730) Pause Young (Allocation Failure)
[1953.521s][info][gc,heap        ] GC(730) PSYoungGen: 1377937K(1384448K)->8826K(1383936K) Eden: 1370624K(1370624K)->0K(1370624K) From: 7313K(13824K)->8826K(13312K)
[1953.521s][info][gc,heap        ] GC(730) ParOldGen: 104429K(2796544K)->109058K(2796544K)
[1953.521s][info][gc,metaspace   ] GC(730) Metaspace: 78281K(79616K)->78281K(79616K) NonClass: 68716K(69312K)->68716K(69312K) Class: 9564K(10304K)->9564K(10304K)
[1953.521s][info][gc             ] GC(730) Pause Young (Allocation Failure) 1447M->115M(4082M) 4.959ms
[1953.521s][info][gc,cpu         ] GC(730) User=0.00s Sys=0.00s Real=0.01s
[1956.505s][info][gc,start       ] GC(731) Pause Young (Allocation Failure)
[1956.509s][info][gc,heap        ] GC(731) PSYoungGen: 1379450K(1383936K)->5410K(1384448K) Eden: 1370624K(1370624K)->0K(1370624K) From: 8826K(13312K)->5410K(13824K)
[1956.509s][info][gc,heap        ] GC(731) ParOldGen: 109058K(2796544K)->112864K(2796544K)
[1956.509s][info][gc,metaspace   ] GC(731) Metaspace: 78281K(79616K)->78281K(79616K) NonClass: 68716K(69312K)->68716K(69312K) Class: 9564K(10304K)->9564K(10304K)
[1956.509s][info][gc             ] GC(731) Pause Young (Allocation Failure) 1453M->115M(4083M) 4.296ms
[1956.510s][info][gc,cpu         ] GC(731) User=0.00s Sys=0.00s Real=0.00s
[1958.706s][info][gc,start       ] GC(732) Pause Young (Allocation Failure)
[1958.709s][info][gc,heap        ] GC(732) PSYoungGen: 1376034K(1384448K)->6622K(1383936K) Eden: 1370624K(1370624K)->0K(1370624K) From: 5410K(13824K)->6622K(13312K)
[1958.709s][info][gc,heap        ] GC(732) ParOldGen: 112864K(2796544K)->116898K(2796544K)
[1958.709s][info][gc,metaspace   ] GC(732) Metaspace: 78281K(79616K)->78281K(79616K) NonClass: 68716K(69312K)->68716K(69312K) Class: 9564K(10304K)->9564K(10304K)
[1958.709s][info][gc             ] GC(732) Pause Young (Allocation Failure) 1454M->120M(4082M) 3.301ms
[1958.709s][info][gc,cpu         ] GC(732) User=0.00s Sys=0.00s Real=0.01s
[1961.204s][info][gc,start       ] GC(733) Pause Young (Allocation Failure)
[1961.208s][info][gc,heap        ] GC(733) PSYoungGen: 1377246K(1383936K)->5824K(1385472K) Eden: 1370624K(1370624K)->0K(1372672K) From: 6622K(13312K)->5824K(12800K)
[1961.208s][info][gc,heap        ] GC(733) ParOldGen: 116898K(2796544K)->121945K(2796544K)
[1961.208s][info][gc,metaspace   ] GC(733) Metaspace: 78281K(79616K)->78281K(79616K) NonClass: 68716K(69312K)->68716K(69312K) Class: 9564K(10304K)->9564K(10304K)
[1961.208s][info][gc             ] GC(733) Pause Young (Allocation Failure) 1459M->124M(4084M) 3.748ms
[1961.208s][info][gc,cpu         ] GC(733) User=0.00s Sys=0.00s Real=0.01s
[1963.947s][info][gc,start       ] GC(734) Pause Young (Allocation Failure)
[1963.951s][info][gc,heap        ] GC(734) PSYoungGen: 1376021K(1385472K)->10932K(1383936K) Eden: 1370196K(1372672K)->0K(1372672K) From: 5824K(12800K)->10932K(11264K)
[1963.952s][info][gc,heap        ] GC(734) ParOldGen: 121945K(2796544K)->130648K(2796544K)
[1963.952s][info][gc,metaspace   ] GC(734) Metaspace: 78281K(79616K)->78281K(79616K) NonClass: 68716K(69312K)->68716K(69312K) Class: 9564K(10304K)->9564K(10304K)
[1963.952s][info][gc             ] GC(734) Pause Young (Allocation Failure) 1462M->138M(4082M) 4.658ms
[1963.952s][info][gc,cpu         ] GC(734) User=0.06s Sys=0.00s Real=0.00s
[1967.298s][info][gc,start       ] GC(735) Pause Young (Allocation Failure)
[1967.302s][info][gc,heap        ] GC(735) PSYoungGen: 1383604K(1383936K)->5687K(1384960K) Eden: 1372672K(1372672K)->0K(1371648K) From: 10932K(11264K)->5687K(13312K)
[1967.302s][info][gc,heap        ] GC(735) ParOldGen: 130648K(2796544K)->133254K(2796544K)
[1967.302s][info][gc,metaspace   ] GC(735) Metaspace: 78281K(79616K)->78281K(79616K) NonClass: 68716K(69312K)->68716K(69312K) Class: 9564K(10304K)->9564K(10304K)
[1967.302s][info][gc             ] GC(735) Pause Young (Allocation Failure) 1478M->135M(4083M) 3.404ms
[1967.302s][info][gc,cpu         ] GC(735) User=0.00s Sys=0.00s Real=0.01s
[1967.665s][info][gc,start       ] GC(736) Pause Young (System.gc())
[1967.667s][info][gc,heap        ] GC(736) PSYoungGen: 371532K(1384960K)->623K(1384448K) Eden: 365845K(1371648K)->0K(1371648K) From: 5687K(13312K)->623K(12800K)
[1967.667s][info][gc,heap        ] GC(736) ParOldGen: 133254K(2796544K)->135569K(2796544K)
[1967.667s][info][gc,metaspace   ] GC(736) Metaspace: 78281K(79616K)->78281K(79616K) NonClass: 68716K(69312K)->68716K(69312K) Class: 9564K(10304K)->9564K(10304K)
[1967.667s][info][gc             ] GC(736) Pause Young (System.gc()) 492M->133M(4083M) 1.802ms
[1967.667s][info][gc,cpu         ] GC(736) User=0.00s Sys=0.00s Real=0.00s
[1967.667s][info][gc,start       ] GC(737) Pause Full (System.gc())
[1967.667s][info][gc,phases,start] GC(737) Marking Phase
[1967.696s][info][gc,phases      ] GC(737) Marking Phase 28.866ms
[1967.696s][info][gc,phases,start] GC(737) Summary Phase
[1967.696s][info][gc,phases      ] GC(737) Summary Phase 0.010ms
[1967.696s][info][gc,phases,start] GC(737) Adjust Roots
[1967.707s][info][gc,phases      ] GC(737) Adjust Roots 10.933ms
[1967.707s][info][gc,phases,start] GC(737) Compaction Phase
[1967.719s][info][gc,phases      ] GC(737) Compaction Phase 11.466ms
[1967.719s][info][gc,phases,start] GC(737) Post Compact
[1967.720s][info][gc,phases      ] GC(737) Post Compact 1.205ms
[1967.720s][info][gc,heap        ] GC(737) PSYoungGen: 623K(1384448K)->0K(1384448K) Eden: 0K(1371648K)->0K(1371648K) From: 623K(12800K)->0K(12800K)
[1967.720s][info][gc,heap        ] GC(737) ParOldGen: 135569K(2796544K)->78670K(2796544K)
[1967.720s][info][gc,metaspace   ] GC(737) Metaspace: 78281K(79616K)->78281K(79616K) NonClass: 68716K(69312K)->68716K(69312K) Class: 9564K(10304K)->9564K(10304K)
[1967.720s][info][gc             ] GC(737) Pause Full (System.gc()) 133M->76M(4083M) 52.811ms
[1967.720s][info][gc,cpu         ] GC(737) User=0.14s Sys=0.00s Real=0.06s
[1970.954s][info][gc,start       ] GC(738) Pause Young (Allocation Failure)
[1970.956s][info][gc,heap        ] GC(738) PSYoungGen: 1371648K(1384448K)->5080K(1384960K) Eden: 1371648K(1371648K)->0K(1371648K) From: 0K(12800K)->5080K(13312K)
[1970.957s][info][gc,heap        ] GC(738) ParOldGen: 78670K(2796544K)->78670K(2796544K)
[1970.957s][info][gc,metaspace   ] GC(738) Metaspace: 78281K(79616K)->78281K(79616K) NonClass: 68716K(69312K)->68716K(69312K) Class: 9564K(10304K)->9564K(10304K)
[1970.957s][info][gc             ] GC(738) Pause Young (Allocation Failure) 1416M->81M(4083M) 2.401ms
[1970.957s][info][gc,cpu         ] GC(738) User=0.00s Sys=0.00s Real=0.01s
[1973.691s][info][gc,start       ] GC(739) Pause Young (Allocation Failure)
[1973.694s][info][gc,heap        ] GC(739) PSYoungGen: 1374938K(1384960K)->5505K(1384448K) Eden: 1369858K(1371648K)->0K(1371648K) From: 5080K(13312K)->5505K(12800K)
[1973.694s][info][gc,heap        ] GC(739) ParOldGen: 78670K(2796544K)->82646K(2796544K)
[1973.694s][info][gc,metaspace   ] GC(739) Metaspace: 78281K(79616K)->78281K(79616K) NonClass: 68716K(69312K)->68716K(69312K) Class: 9564K(10304K)->9564K(10304K)
[1973.694s][info][gc             ] GC(739) Pause Young (Allocation Failure) 1419M->86M(4083M) 2.800ms
[1973.694s][info][gc,cpu         ] GC(739) User=0.00s Sys=0.00s Real=0.00s
[1977.688s][info][gc,start       ] GC(740) Pause Young (Allocation Failure)
[1977.691s][info][gc,heap        ] GC(740) PSYoungGen: 1377153K(1384448K)->4371K(1385984K) Eden: 1371648K(1371648K)->0K(1373696K) From: 5505K(12800K)->4371K(12288K)
[1977.691s][info][gc,heap        ] GC(740) ParOldGen: 82646K(2796544K)->85279K(2796544K)
[1977.691s][info][gc,metaspace   ] GC(740) Metaspace: 78281K(79616K)->78281K(79616K) NonClass: 68716K(69312K)->68716K(69312K) Class: 9564K(10304K)->9564K(10304K)
[1977.691s][info][gc             ] GC(740) Pause Young (Allocation Failure) 1425M->87M(4084M) 3.185ms
[1977.691s][info][gc,cpu         ] GC(740) User=0.00s Sys=0.00s Real=0.00s
[1980.153s][info][gc,start       ] GC(741) Pause Young (Allocation Failure)
[1980.155s][info][gc,heap        ] GC(741) PSYoungGen: 1378067K(1385984K)->5990K(1385472K) Eden: 1373696K(1373696K)->0K(1373696K) From: 4371K(12288K)->5990K(11776K)
[1980.155s][info][gc,heap        ] GC(741) ParOldGen: 85279K(2796544K)->88300K(2796544K)
[1980.155s][info][gc,metaspace   ] GC(741) Metaspace: 78281K(79616K)->78281K(79616K) NonClass: 68716K(69312K)->68716K(69312K) Class: 9564K(10304K)->9564K(10304K)
[1980.156s][info][gc             ] GC(741) Pause Young (Allocation Failure) 1429M->92M(4084M) 2.956ms
[1980.156s][info][gc,cpu         ] GC(741) User=0.00s Sys=0.00s Real=0.01s
[1984.692s][info][gc,start       ] GC(742) Pause Young (Allocation Failure)
[1984.696s][info][gc,heap        ] GC(742) PSYoungGen: 1379686K(1385472K)->4493K(1386496K) Eden: 1373696K(1373696K)->0K(1375232K) From: 5990K(11776K)->4493K(11264K)
[1984.696s][info][gc,heap        ] GC(742) ParOldGen: 88300K(2796544K)->92575K(2796544K)
[1984.696s][info][gc,metaspace   ] GC(742) Metaspace: 78281K(79616K)->78281K(79616K) NonClass: 68716K(69312K)->68716K(69312K) Class: 9564K(10304K)->9564K(10304K)
[1984.696s][info][gc             ] GC(742) Pause Young (Allocation Failure) 1433M->94M(4085M) 4.568ms
[1984.696s][info][gc,cpu         ] GC(742) User=0.00s Sys=0.00s Real=0.00s
[1986.840s][info][gc,start       ] GC(743) Pause Young (Allocation Failure)
[1986.844s][info][gc,heap        ] GC(743) PSYoungGen: 1379725K(1386496K)->7229K(1386496K) Eden: 1375232K(1375232K)->0K(1375232K) From: 4493K(11264K)->7229K(11264K)
[1986.844s][info][gc,heap        ] GC(743) ParOldGen: 92575K(2796544K)->95480K(2796544K)
[1986.844s][info][gc,metaspace   ] GC(743) Metaspace: 78281K(79616K)->78281K(79616K) NonClass: 68716K(69312K)->68716K(69312K) Class: 9564K(10304K)->9564K(10304K)
[1986.844s][info][gc             ] GC(743) Pause Young (Allocation Failure) 1437M->100M(4085M) 3.412ms
[1986.844s][info][gc,cpu         ] GC(743) User=0.00s Sys=0.00s Real=0.02s
[1990.933s][info][gc,start       ] GC(744) Pause Young (Allocation Failure)
[1990.938s][info][gc,heap        ] GC(744) PSYoungGen: 1382461K(1386496K)->11045K(1383424K) Eden: 1375232K(1375232K)->0K(1372160K) From: 7229K(11264K)->11045K(11264K)
[1990.938s][info][gc,heap        ] GC(744) ParOldGen: 95480K(2796544K)->100151K(2796544K)
[1990.938s][info][gc,metaspace   ] GC(744) Metaspace: 78281K(79616K)->78281K(79616K) NonClass: 68716K(69312K)->68716K(69312K) Class: 9564K(10304K)->9564K(10304K)
[1990.938s][info][gc             ] GC(744) Pause Young (Allocation Failure) 1443M->108M(4082M) 5.132ms
[1990.938s][info][gc,cpu         ] GC(744) User=0.00s Sys=0.00s Real=0.00s
[1993.986s][info][gc,start       ] GC(745) Pause Young (Allocation Failure)
[1993.989s][info][gc,heap        ] GC(745) PSYoungGen: 1383205K(1383424K)->6185K(1384960K) Eden: 1372160K(1372160K)->0K(1372160K) From: 11045K(11264K)->6185K(12800K)
[1993.989s][info][gc,heap        ] GC(745) ParOldGen: 100151K(2796544K)->104034K(2796544K)
[1993.989s][info][gc,metaspace   ] GC(745) Metaspace: 78281K(79616K)->78281K(79616K) NonClass: 68716K(69312K)->68716K(69312K) Class: 9564K(10304K)->9564K(10304K)
[1993.989s][info][gc             ] GC(745) Pause Young (Allocation Failure) 1448M->107M(4083M) 3.559ms
[1993.989s][info][gc,cpu         ] GC(745) User=0.00s Sys=0.00s Real=0.01s
[1996.247s][info][gc,start       ] GC(746) Pause Young (Allocation Failure)
[1996.250s][info][gc,heap        ] GC(746) PSYoungGen: 1378345K(1384960K)->6584K(1385984K) Eden: 1372160K(1372160K)->0K(1373696K) From: 6185K(12800K)->6584K(12288K)
[1996.250s][info][gc,heap        ] GC(746) ParOldGen: 104034K(2796544K)->108170K(2796544K)
[1996.250s][info][gc,metaspace   ] GC(746) Metaspace: 78281K(79616K)->78281K(79616K) NonClass: 68716K(69312K)->68716K(69312K) Class: 9564K(10304K)->9564K(10304K)
[1996.250s][info][gc             ] GC(746) Pause Young (Allocation Failure) 1447M->112M(4084M) 3.256ms
[1996.250s][info][gc,cpu         ] GC(746) User=0.00s Sys=0.00s Real=0.00s
[1998.604s][info][gc,start       ] GC(747) Pause Young (Allocation Failure)
[1998.608s][info][gc,heap        ] GC(747) PSYoungGen: 1380280K(1385984K)->5619K(1385472K) Eden: 1373696K(1373696K)->0K(1373696K) From: 6584K(12288K)->5619K(11776K)
[1998.608s][info][gc,heap        ] GC(747) ParOldGen: 108170K(2796544K)->113114K(2796544K)
[1998.608s][info][gc,metaspace   ] GC(747) Metaspace: 78281K(79616K)->78281K(79616K) NonClass: 68716K(69312K)->68716K(69312K) Class: 9564K(10304K)->9564K(10304K)
[1998.608s][info][gc             ] GC(747) Pause Young (Allocation Failure) 1453M->115M(4084M) 3.534ms
[1998.608s][info][gc,cpu         ] GC(747) User=0.09s Sys=0.00s Real=0.00s
[2001.346s][info][gc,start       ] GC(748) Pause Young (Allocation Failure)
[2001.350s][info][gc,heap        ] GC(748) PSYoungGen: 1376839K(1385472K)->5641K(1387008K) Eden: 1371219K(1373696K)->0K(1375744K) From: 5619K(11776K)->5641K(11264K)
[2001.350s][info][gc,heap        ] GC(748) ParOldGen: 113114K(2796544K)->117702K(2796544K)
[2001.350s][info][gc,metaspace   ] GC(748) Metaspace: 78281K(79616K)->78281K(79616K) NonClass: 68716K(69312K)->68716K(69312K) Class: 9564K(10304K)->9564K(10304K)
[2001.351s][info][gc             ] GC(748) Pause Young (Allocation Failure) 1455M->120M(4085M) 4.233ms
[2001.351s][info][gc,cpu         ] GC(748) User=0.00s Sys=0.00s Real=0.00s
[2004.753s][info][gc,start       ] GC(749) Pause Young (Allocation Failure)
[2004.756s][info][gc,heap        ] GC(749) PSYoungGen: 1381385K(1387008K)->5507K(1386496K) Eden: 1375744K(1375744K)->0K(1375744K) From: 5641K(11264K)->5507K(10752K)
[2004.756s][info][gc,heap        ] GC(749) ParOldGen: 117702K(2796544K)->120311K(2796544K)
[2004.756s][info][gc,metaspace   ] GC(749) Metaspace: 78281K(79616K)->78281K(79616K) NonClass: 68716K(69312K)->68716K(69312K) Class: 9564K(10304K)->9564K(10304K)
[2004.756s][info][gc             ] GC(749) Pause Young (Allocation Failure) 1463M->122M(4085M) 2.994ms
[2004.756s][info][gc,cpu         ] GC(749) User=0.00s Sys=0.00s Real=0.00s
[2005.043s][info][gc,start       ] GC(750) Pause Young (System.gc())
[2005.044s][info][gc,heap        ] GC(750) PSYoungGen: 343789K(1386496K)->512K(1385984K) Eden: 338282K(1375744K)->0K(1375232K) From: 5507K(10752K)->512K(10752K)
[2005.045s][info][gc,heap        ] GC(750) ParOldGen: 120311K(2796544K)->122579K(2796544K)
[2005.045s][info][gc,metaspace   ] GC(750) Metaspace: 78281K(79616K)->78281K(79616K) NonClass: 68716K(69312K)->68716K(69312K) Class: 9564K(10304K)->9564K(10304K)
[2005.045s][info][gc             ] GC(750) Pause Young (System.gc()) 453M->120M(4084M) 1.484ms
[2005.045s][info][gc,cpu         ] GC(750) User=0.00s Sys=0.00s Real=0.00s
[2005.045s][info][gc,start       ] GC(751) Pause Full (System.gc())
[2005.045s][info][gc,phases,start] GC(751) Marking Phase
[2005.071s][info][gc,phases      ] GC(751) Marking Phase 26.137ms
[2005.071s][info][gc,phases,start] GC(751) Summary Phase
[2005.071s][info][gc,phases      ] GC(751) Summary Phase 0.011ms
[2005.071s][info][gc,phases,start] GC(751) Adjust Roots
[2005.082s][info][gc,phases      ] GC(751) Adjust Roots 10.912ms
[2005.082s][info][gc,phases,start] GC(751) Compaction Phase
[2005.093s][info][gc,phases      ] GC(751) Compaction Phase 11.249ms
[2005.093s][info][gc,phases,start] GC(751) Post Compact
[2005.094s][info][gc,phases      ] GC(751) Post Compact 1.055ms
[2005.094s][info][gc,heap        ] GC(751) PSYoungGen: 512K(1385984K)->0K(1385984K) Eden: 0K(1375232K)->0K(1375232K) From: 512K(10752K)->0K(10752K)
[2005.094s][info][gc,heap        ] GC(751) ParOldGen: 122579K(2796544K)->78403K(2796544K)
[2005.094s][info][gc,metaspace   ] GC(751) Metaspace: 78281K(79616K)->78281K(79616K) NonClass: 68716K(69312K)->68716K(69312K) Class: 9564K(10304K)->9564K(10304K)
[2005.094s][info][gc             ] GC(751) Pause Full (System.gc()) 120M->76M(4084M) 49.733ms
[2005.094s][info][gc,cpu         ] GC(751) User=0.11s Sys=0.00s Real=0.05s
[2008.416s][info][gc,start       ] GC(752) Pause Young (Allocation Failure)
[2008.418s][info][gc,heap        ] GC(752) PSYoungGen: 1375232K(1385984K)->5200K(1386496K) Eden: 1375232K(1375232K)->0K(1375232K) From: 0K(10752K)->5200K(11264K)
[2008.418s][info][gc,heap        ] GC(752) ParOldGen: 78403K(2796544K)->78403K(2796544K)
[2008.418s][info][gc,metaspace   ] GC(752) Metaspace: 78281K(79616K)->78281K(79616K) NonClass: 68716K(69312K)->68716K(69312K) Class: 9564K(10304K)->9564K(10304K)
[2008.418s][info][gc             ] GC(752) Pause Young (Allocation Failure) 1419M->81M(4085M) 2.462ms
[2008.418s][info][gc,cpu         ] GC(752) User=0.05s Sys=0.00s Real=0.00s
[2011.198s][info][gc,start       ] GC(753) Pause Young (Allocation Failure)
[2011.204s][info][gc,heap        ] GC(753) PSYoungGen: 1376507K(1386496K)->10227K(1384960K) Eden: 1371306K(1375232K)->0K(1374208K) From: 5200K(11264K)->10227K(10752K)
[2011.204s][info][gc,heap        ] GC(753) ParOldGen: 78403K(2796544K)->98779K(2796544K)
[2011.204s][info][gc,metaspace   ] GC(753) Metaspace: 78281K(79616K)->78281K(79616K) NonClass: 68716K(69312K)->68716K(69312K) Class: 9564K(10304K)->9564K(10304K)
[2011.204s][info][gc             ] GC(753) Pause Young (Allocation Failure) 1420M->106M(4083M) 6.199ms
[2011.205s][info][gc,cpu         ] GC(753) User=0.02s Sys=0.00s Real=0.00s
[2015.223s][info][gc,start       ] GC(754) Pause Young (Allocation Failure)
[2015.226s][info][gc,heap        ] GC(754) PSYoungGen: 1384435K(1384960K)->5854K(1385984K) Eden: 1374208K(1374208K)->0K(1374208K) From: 10227K(10752K)->5854K(11776K)
[2015.226s][info][gc,heap        ] GC(754) ParOldGen: 98779K(2796544K)->101492K(2796544K)
[2015.226s][info][gc,metaspace   ] GC(754) Metaspace: 78281K(79616K)->78281K(79616K) NonClass: 68716K(69312K)->68716K(69312K) Class: 9564K(10304K)->9564K(10304K)
[2015.226s][info][gc             ] GC(754) Pause Young (Allocation Failure) 1448M->104M(4084M) 2.642ms
[2015.226s][info][gc,cpu         ] GC(754) User=0.00s Sys=0.00s Real=0.01s
[2017.634s][info][gc,start       ] GC(755) Pause Young (Allocation Failure)
[2017.637s][info][gc,heap        ] GC(755) PSYoungGen: 1380062K(1385984K)->5802K(1387008K) Eden: 1374208K(1374208K)->0K(1375744K) From: 5854K(11776K)->5802K(11264K)
[2017.637s][info][gc,heap        ] GC(755) ParOldGen: 101492K(2796544K)->104557K(2796544K)
[2017.637s][info][gc,metaspace   ] GC(755) Metaspace: 78282K(79616K)->78282K(79616K) NonClass: 68717K(69312K)->68717K(69312K) Class: 9564K(10304K)->9564K(10304K)
[2017.637s][info][gc             ] GC(755) Pause Young (Allocation Failure) 1446M->107M(4085M) 3.174ms
[2017.637s][info][gc,cpu         ] GC(755) User=0.09s Sys=0.00s Real=0.00s
[2022.211s][info][gc,start       ] GC(756) Pause Young (Allocation Failure)
[2022.215s][info][gc,heap        ] GC(756) PSYoungGen: 1381546K(1387008K)->4989K(1386496K) Eden: 1375744K(1375744K)->0K(1375744K) From: 5802K(11264K)->4989K(10752K)
[2022.215s][info][gc,heap        ] GC(756) ParOldGen: 104557K(2796544K)->108825K(2796544K)
[2022.215s][info][gc,metaspace   ] GC(756) Metaspace: 78282K(79616K)->78282K(79616K) NonClass: 68717K(69312K)->68717K(69312K) Class: 9564K(10304K)->9564K(10304K)
[2022.215s][info][gc             ] GC(756) Pause Young (Allocation Failure) 1451M->111M(4085M) 4.172ms
[2022.215s][info][gc,cpu         ] GC(756) User=0.08s Sys=0.00s Real=0.00s
[2024.451s][info][gc,start       ] GC(757) Pause Young (Allocation Failure)
[2024.454s][info][gc,heap        ] GC(757) PSYoungGen: 1380733K(1386496K)->6562K(1387520K) Eden: 1375744K(1375744K)->0K(1376768K) From: 4989K(10752K)->6562K(10752K)
[2024.454s][info][gc,heap        ] GC(757) ParOldGen: 108825K(2796544K)->111784K(2796544K)
[2024.454s][info][gc,metaspace   ] GC(757) Metaspace: 78282K(79616K)->78282K(79616K) NonClass: 68717K(69312K)->68717K(69312K) Class: 9564K(10304K)->9564K(10304K)
[2024.454s][info][gc             ] GC(757) Pause Young (Allocation Failure) 1454M->115M(4086M) 3.114ms
[2024.454s][info][gc,cpu         ] GC(757) User=0.00s Sys=0.00s Real=0.00s
[2028.626s][info][gc,start       ] GC(758) Pause Young (Allocation Failure)
[2028.629s][info][gc,heap        ] GC(758) PSYoungGen: 1383330K(1387520K)->5730K(1387008K) Eden: 1376768K(1376768K)->0K(1376768K) From: 6562K(10752K)->5730K(10240K)
[2028.630s][info][gc,heap        ] GC(758) ParOldGen: 111784K(2796544K)->116449K(2796544K)
[2028.630s][info][gc,metaspace   ] GC(758) Metaspace: 78282K(79616K)->78282K(79616K) NonClass: 68717K(69312K)->68717K(69312K) Class: 9564K(10304K)->9564K(10304K)
[2028.630s][info][gc             ] GC(758) Pause Young (Allocation Failure) 1460M->119M(4085M) 3.507ms
[2028.630s][info][gc,cpu         ] GC(758) User=0.00s Sys=0.00s Real=0.00s
[2031.603s][info][gc,start       ] GC(759) Pause Young (Allocation Failure)
[2031.606s][info][gc,heap        ] GC(759) PSYoungGen: 1380380K(1387008K)->5057K(1388032K) Eden: 1374649K(1376768K)->0K(1377792K) From: 5730K(10240K)->5057K(10240K)
[2031.606s][info][gc,heap        ] GC(759) ParOldGen: 116449K(2796544K)->120406K(2796544K)
[2031.606s][info][gc,metaspace   ] GC(759) Metaspace: 78282K(79616K)->78282K(79616K) NonClass: 68717K(69312K)->68717K(69312K) Class: 9564K(10304K)->9564K(10304K)
[2031.606s][info][gc             ] GC(759) Pause Young (Allocation Failure) 1461M->122M(4086M) 2.850ms
[2031.606s][info][gc,cpu         ] GC(759) User=0.08s Sys=0.00s Real=0.00s
[2033.899s][info][gc,start       ] GC(760) Pause Young (Allocation Failure)
[2033.902s][info][gc,heap        ] GC(760) PSYoungGen: 1382849K(1388032K)->6278K(1387520K) Eden: 1377792K(1377792K)->0K(1377792K) From: 5057K(10240K)->6278K(9728K)
[2033.902s][info][gc,heap        ] GC(760) ParOldGen: 120406K(2796544K)->124509K(2796544K)
[2033.902s][info][gc,metaspace   ] GC(760) Metaspace: 78282K(79616K)->78282K(79616K) NonClass: 68717K(69312K)->68717K(69312K) Class: 9564K(10304K)->9564K(10304K)
[2033.902s][info][gc             ] GC(760) Pause Young (Allocation Failure) 1468M->127M(4086M) 3.087ms
[2033.902s][info][gc,cpu         ] GC(760) User=0.02s Sys=0.00s Real=0.00s
[2036.212s][info][gc,start       ] GC(761) Pause Young (Allocation Failure)
[2036.216s][info][gc,heap        ] GC(761) PSYoungGen: 1384070K(1387520K)->5778K(1388544K) Eden: 1377792K(1377792K)->0K(1378816K) From: 6278K(9728K)->5778K(9728K)
[2036.216s][info][gc,heap        ] GC(761) ParOldGen: 124509K(2796544K)->129360K(2796544K)
[2036.216s][info][gc,metaspace   ] GC(761) Metaspace: 78282K(79616K)->78282K(79616K) NonClass: 68717K(69312K)->68717K(69312K) Class: 9564K(10304K)->9564K(10304K)
[2036.216s][info][gc             ] GC(761) Pause Young (Allocation Failure) 1473M->131M(4087M) 4.250ms
[2036.216s][info][gc,cpu         ] GC(761) User=0.06s Sys=0.00s Real=0.00s
[2038.893s][info][gc,start       ] GC(762) Pause Young (Allocation Failure)
[2038.897s][info][gc,heap        ] GC(762) PSYoungGen: 1384594K(1388544K)->5720K(1388032K) Eden: 1378816K(1378816K)->0K(1378816K) From: 5778K(9728K)->5720K(9216K)
[2038.897s][info][gc,heap        ] GC(762) ParOldGen: 129360K(2796544K)->133907K(2796544K)
[2038.897s][info][gc,metaspace   ] GC(762) Metaspace: 78282K(79616K)->78282K(79616K) NonClass: 68717K(69312K)->68717K(69312K) Class: 9564K(10304K)->9564K(10304K)
[2038.897s][info][gc             ] GC(762) Pause Young (Allocation Failure) 1478M->136M(4086M) 4.226ms
[2038.898s][info][gc,cpu         ] GC(762) User=0.00s Sys=0.00s Real=0.00s
[2042.280s][info][gc,start       ] GC(763) Pause Young (Allocation Failure)
[2042.284s][info][gc,heap        ] GC(763) PSYoungGen: 1384536K(1388032K)->6709K(1388544K) Eden: 1378816K(1378816K)->0K(1379328K) From: 5720K(9216K)->6709K(9216K)
[2042.284s][info][gc,heap        ] GC(763) ParOldGen: 133907K(2796544K)->136524K(2796544K)
[2042.284s][info][gc,metaspace   ] GC(763) Metaspace: 78282K(79616K)->78282K(79616K) NonClass: 68717K(69312K)->68717K(69312K) Class: 9564K(10304K)->9564K(10304K)
[2042.284s][info][gc             ] GC(763) Pause Young (Allocation Failure) 1482M->139M(4087M) 3.858ms
[2042.284s][info][gc,cpu         ] GC(763) User=0.00s Sys=0.00s Real=0.00s
[2042.539s][info][gc,start       ] GC(764) Pause Young (System.gc())
[2042.540s][info][gc,heap        ] GC(764) PSYoungGen: 297217K(1388544K)->512K(1380352K) Eden: 290507K(1379328K)->0K(1379328K) From: 6709K(9216K)->512K(1024K)
[2042.540s][info][gc,heap        ] GC(764) ParOldGen: 136524K(2796544K)->138888K(2796544K)
[2042.540s][info][gc,metaspace   ] GC(764) Metaspace: 78282K(79616K)->78282K(79616K) NonClass: 68717K(69312K)->68717K(69312K) Class: 9564K(10304K)->9564K(10304K)
[2042.540s][info][gc             ] GC(764) Pause Young (System.gc()) 423M->136M(4079M) 1.624ms
[2042.540s][info][gc,cpu         ] GC(764) User=0.00s Sys=0.00s Real=0.00s
[2042.540s][info][gc,start       ] GC(765) Pause Full (System.gc())
[2042.540s][info][gc,phases,start] GC(765) Marking Phase
[2042.567s][info][gc,phases      ] GC(765) Marking Phase 26.620ms
[2042.567s][info][gc,phases,start] GC(765) Summary Phase
[2042.567s][info][gc,phases      ] GC(765) Summary Phase 0.011ms
[2042.567s][info][gc,phases,start] GC(765) Adjust Roots
[2042.578s][info][gc,phases      ] GC(765) Adjust Roots 10.623ms
[2042.578s][info][gc,phases,start] GC(765) Compaction Phase
[2042.589s][info][gc,phases      ] GC(765) Compaction Phase 10.708ms
[2042.589s][info][gc,phases,start] GC(765) Post Compact
[2042.590s][info][gc,phases      ] GC(765) Post Compact 1.103ms
[2042.590s][info][gc,heap        ] GC(765) PSYoungGen: 512K(1380352K)->0K(1380352K) Eden: 0K(1379328K)->0K(1379328K) From: 512K(1024K)->0K(1024K)
[2042.590s][info][gc,heap        ] GC(765) ParOldGen: 138888K(2796544K)->78392K(2796544K)
[2042.590s][info][gc,metaspace   ] GC(765) Metaspace: 78282K(79616K)->78282K(79616K) NonClass: 68717K(69312K)->68717K(69312K) Class: 9564K(10304K)->9564K(10304K)
[2042.590s][info][gc             ] GC(765) Pause Full (System.gc()) 136M->76M(4079M) 49.367ms
[2042.590s][info][gc,cpu         ] GC(765) User=0.11s Sys=0.00s Real=0.05s
[2045.876s][info][gc,start       ] GC(766) Pause Young (Allocation Failure)
[2045.878s][info][gc,heap        ] GC(766) PSYoungGen: 1379328K(1380352K)->5053K(1388544K) Eden: 1379328K(1379328K)->0K(1378816K) From: 0K(1024K)->5053K(9728K)
[2045.878s][info][gc,heap        ] GC(766) ParOldGen: 78392K(2796544K)->78392K(2796544K)
[2045.878s][info][gc,metaspace   ] GC(766) Metaspace: 78282K(79616K)->78282K(79616K) NonClass: 68717K(69312K)->68717K(69312K) Class: 9564K(10304K)->9564K(10304K)
[2045.878s][info][gc             ] GC(766) Pause Young (Allocation Failure) 1423M->81M(4087M) 1.827ms
[2045.878s][info][gc,cpu         ] GC(766) User=0.00s Sys=0.00s Real=0.00s
[2048.622s][info][gc,start       ] GC(767) Pause Young (Allocation Failure)
[2048.627s][info][gc,heap        ] GC(767) PSYoungGen: 1380280K(1388544K)->9208K(1388032K) Eden: 1375227K(1378816K)->0K(1378816K) From: 5053K(9728K)->9208K(9216K)
[2048.627s][info][gc,heap        ] GC(767) ParOldGen: 78392K(2796544K)->96081K(2796544K)
[2048.627s][info][gc,metaspace   ] GC(767) Metaspace: 78282K(79616K)->78282K(79616K) NonClass: 68717K(69312K)->68717K(69312K) Class: 9564K(10304K)->9564K(10304K)
[2048.627s][info][gc             ] GC(767) Pause Young (Allocation Failure) 1424M->102M(4086M) 5.390ms
[2048.627s][info][gc,cpu         ] GC(767) User=0.00s Sys=0.00s Real=0.00s
[2052.712s][info][gc,start       ] GC(768) Pause Young (Allocation Failure)
[2052.714s][info][gc,heap        ] GC(768) PSYoungGen: 1387392K(1388032K)->4233K(1374720K) Eden: 1378183K(1378816K)->0K(1364992K) From: 9208K(9216K)->4233K(9728K)
[2052.714s][info][gc,heap        ] GC(768) ParOldGen: 96081K(2796544K)->99009K(2796544K)
[2052.714s][info][gc,metaspace   ] GC(768) Metaspace: 78282K(79616K)->78282K(79616K) NonClass: 68717K(69312K)->68717K(69312K) Class: 9564K(10304K)->9564K(10304K)
[2052.714s][info][gc             ] GC(768) Pause Young (Allocation Failure) 1448M->100M(4073M) 2.380ms
[2052.714s][info][gc,cpu         ] GC(768) User=0.00s Sys=0.00s Real=0.02s
[2055.069s][info][gc,start       ] GC(769) Pause Young (Allocation Failure)
[2055.072s][info][gc,heap        ] GC(769) PSYoungGen: 1369204K(1374720K)->5856K(1381376K) Eden: 1364971K(1364992K)->0K(1364992K) From: 4233K(9728K)->5856K(16384K)
[2055.072s][info][gc,heap        ] GC(769) ParOldGen: 99009K(2796544K)->102165K(2796544K)
[2055.072s][info][gc,metaspace   ] GC(769) Metaspace: 78282K(79616K)->78282K(79616K) NonClass: 68717K(69312K)->68717K(69312K) Class: 9564K(10304K)->9564K(10304K)
[2055.072s][info][gc             ] GC(769) Pause Young (Allocation Failure) 1433M->105M(4080M) 2.940ms
[2055.072s][info][gc,cpu         ] GC(769) User=0.00s Sys=0.00s Real=0.01s
[2059.597s][info][gc,start       ] GC(770) Pause Young (Allocation Failure)
[2059.600s][info][gc,heap        ] GC(770) PSYoungGen: 1370848K(1381376K)->4481K(1382400K) Eden: 1364992K(1364992K)->0K(1366528K) From: 5856K(16384K)->4481K(15872K)
[2059.600s][info][gc,heap        ] GC(770) ParOldGen: 102165K(2796544K)->106388K(2796544K)
[2059.600s][info][gc,metaspace   ] GC(770) Metaspace: 78282K(79616K)->78282K(79616K) NonClass: 68717K(69312K)->68717K(69312K) Class: 9564K(10304K)->9564K(10304K)
[2059.600s][info][gc             ] GC(770) Pause Young (Allocation Failure) 1438M->108M(4081M) 2.598ms
[2059.600s][info][gc,cpu         ] GC(770) User=0.00s Sys=0.00s Real=0.00s
[2061.757s][info][gc,start       ] GC(771) Pause Young (Allocation Failure)
[2061.760s][info][gc,heap        ] GC(771) PSYoungGen: 1371009K(1382400K)->7674K(1381888K) Eden: 1366528K(1366528K)->0K(1366528K) From: 4481K(15872K)->7674K(15360K)
[2061.760s][info][gc,heap        ] GC(771) ParOldGen: 106388K(2796544K)->109350K(2796544K)
[2061.760s][info][gc,metaspace   ] GC(771) Metaspace: 78282K(79616K)->78282K(79616K) NonClass: 68717K(69312K)->68717K(69312K) Class: 9564K(10304K)->9564K(10304K)
[2061.760s][info][gc             ] GC(771) Pause Young (Allocation Failure) 1442M->114M(4080M) 3.263ms
[2061.760s][info][gc,cpu         ] GC(771) User=0.00s Sys=0.00s Real=0.01s
[2065.873s][info][gc,start       ] GC(772) Pause Young (Allocation Failure)
[2065.879s][info][gc,heap        ] GC(772) PSYoungGen: 1374202K(1381888K)->10081K(1381888K) Eden: 1366528K(1366528K)->0K(1367040K) From: 7674K(15360K)->10081K(14848K)
[2065.879s][info][gc,heap        ] GC(772) ParOldGen: 109350K(2796544K)->113978K(2796544K)
[2065.879s][info][gc,metaspace   ] GC(772) Metaspace: 78282K(79616K)->78282K(79616K) NonClass: 68717K(69312K)->68717K(69312K) Class: 9564K(10304K)->9564K(10304K)
[2065.879s][info][gc             ] GC(772) Pause Young (Allocation Failure) 1448M->121M(4080M) 5.240ms
[2065.879s][info][gc,cpu         ] GC(772) User=0.00s Sys=0.00s Real=0.00s
[2068.819s][info][gc,start       ] GC(773) Pause Young (Allocation Failure)
[2068.823s][info][gc,heap        ] GC(773) PSYoungGen: 1377121K(1381888K)->8931K(1382400K) Eden: 1367040K(1367040K)->0K(1367040K) From: 10081K(14848K)->8931K(15360K)
[2068.823s][info][gc,heap        ] GC(773) ParOldGen: 113978K(2796544K)->117784K(2796544K)
[2068.823s][info][gc,metaspace   ] GC(773) Metaspace: 78282K(79616K)->78282K(79616K) NonClass: 68717K(69312K)->68717K(69312K) Class: 9564K(10304K)->9564K(10304K)
[2068.823s][info][gc             ] GC(773) Pause Young (Allocation Failure) 1456M->123M(4081M) 3.539ms
[2068.823s][info][gc,cpu         ] GC(773) User=0.00s Sys=0.00s Real=0.00s
[2071.040s][info][gc,start       ] GC(774) Pause Young (Allocation Failure)
[2071.043s][info][gc,heap        ] GC(774) PSYoungGen: 1375971K(1382400K)->6653K(1383424K) Eden: 1367040K(1367040K)->0K(1368064K) From: 8931K(15360K)->6653K(15360K)
[2071.043s][info][gc,heap        ] GC(774) ParOldGen: 117784K(2796544K)->121853K(2796544K)
[2071.043s][info][gc,metaspace   ] GC(774) Metaspace: 78282K(79616K)->78282K(79616K) NonClass: 68717K(69312K)->68717K(69312K) Class: 9564K(10304K)->9564K(10304K)
[2071.043s][info][gc             ] GC(774) Pause Young (Allocation Failure) 1458M->125M(4082M) 3.463ms
[2071.043s][info][gc,cpu         ] GC(774) User=0.09s Sys=0.00s Real=0.00s
[2073.461s][info][gc,start       ] GC(775) Pause Young (Allocation Failure)
[2073.464s][info][gc,heap        ] GC(775) PSYoungGen: 1374717K(1383424K)->5790K(1382400K) Eden: 1368064K(1368064K)->0K(1368064K) From: 6653K(15360K)->5790K(14336K)
[2073.464s][info][gc,heap        ] GC(775) ParOldGen: 121853K(2796544K)->126827K(2796544K)
[2073.464s][info][gc,metaspace   ] GC(775) Metaspace: 78282K(79616K)->78282K(79616K) NonClass: 68717K(69312K)->68717K(69312K) Class: 9565K(10304K)->9565K(10304K)
[2073.464s][info][gc             ] GC(775) Pause Young (Allocation Failure) 1461M->129M(4081M) 3.401ms
[2073.464s][info][gc,cpu         ] GC(775) User=0.00s Sys=0.00s Real=0.01s
[2076.187s][info][gc,start       ] GC(776) Pause Young (Allocation Failure)
[2076.190s][info][gc,heap        ] GC(776) PSYoungGen: 1370799K(1382400K)->6379K(1383936K) Eden: 1365009K(1368064K)->0K(1369600K) From: 5790K(14336K)->6379K(14336K)
[2076.191s][info][gc,heap        ] GC(776) ParOldGen: 126827K(2796544K)->131451K(2796544K)
[2076.191s][info][gc,metaspace   ] GC(776) Metaspace: 78282K(79616K)->78282K(79616K) NonClass: 68717K(69312K)->68717K(69312K) Class: 9565K(10304K)->9565K(10304K)
[2076.191s][info][gc             ] GC(776) Pause Young (Allocation Failure) 1462M->134M(4082M) 3.842ms
[2076.191s][info][gc,cpu         ] GC(776) User=0.00s Sys=0.00s Real=0.00s
[2079.527s][info][gc,start       ] GC(777) Pause Young (Allocation Failure)
[2079.530s][info][gc,heap        ] GC(777) PSYoungGen: 1375979K(1383936K)->5631K(1383424K) Eden: 1369600K(1369600K)->0K(1369600K) From: 6379K(14336K)->5631K(13824K)
[2079.530s][info][gc,heap        ] GC(777) ParOldGen: 131451K(2796544K)->134065K(2796544K)
[2079.530s][info][gc,metaspace   ] GC(777) Metaspace: 78282K(79616K)->78282K(79616K) NonClass: 68717K(69312K)->68717K(69312K) Class: 9565K(10304K)->9565K(10304K)
[2079.530s][info][gc             ] GC(777) Pause Young (Allocation Failure) 1472M->136M(4082M) 3.467ms
[2079.531s][info][gc,cpu         ] GC(777) User=0.00s Sys=0.00s Real=0.00s
[2079.913s][info][gc,start       ] GC(778) Pause Young (System.gc())
[2079.915s][info][gc,heap        ] GC(778) PSYoungGen: 378483K(1383424K)->559K(1383424K) Eden: 372851K(1369600K)->0K(1370112K) From: 5631K(13824K)->559K(13312K)
[2079.915s][info][gc,heap        ] GC(778) ParOldGen: 134065K(2796544K)->136456K(2796544K)
[2079.915s][info][gc,metaspace   ] GC(778) Metaspace: 78282K(79616K)->78282K(79616K) NonClass: 68717K(69312K)->68717K(69312K) Class: 9565K(10304K)->9565K(10304K)
[2079.915s][info][gc             ] GC(778) Pause Young (System.gc()) 500M->133M(4082M) 1.972ms
[2079.915s][info][gc,cpu         ] GC(778) User=0.00s Sys=0.00s Real=0.00s
[2079.915s][info][gc,start       ] GC(779) Pause Full (System.gc())
[2079.915s][info][gc,phases,start] GC(779) Marking Phase
[2079.940s][info][gc,phases      ] GC(779) Marking Phase 25.733ms
[2079.941s][info][gc,phases,start] GC(779) Summary Phase
[2079.941s][info][gc,phases      ] GC(779) Summary Phase 0.012ms
[2079.941s][info][gc,phases,start] GC(779) Adjust Roots
[2079.951s][info][gc,phases      ] GC(779) Adjust Roots 10.861ms
[2079.951s][info][gc,phases,start] GC(779) Compaction Phase
[2079.963s][info][gc,phases      ] GC(779) Compaction Phase 11.350ms
[2079.963s][info][gc,phases,start] GC(779) Post Compact
[2079.964s][info][gc,phases      ] GC(779) Post Compact 1.097ms
[2079.964s][info][gc,heap        ] GC(779) PSYoungGen: 559K(1383424K)->0K(1383424K) Eden: 0K(1370112K)->0K(1370112K) From: 559K(13312K)->0K(13312K)
[2079.964s][info][gc,heap        ] GC(779) ParOldGen: 136456K(2796544K)->78725K(2796544K)
[2079.964s][info][gc,metaspace   ] GC(779) Metaspace: 78282K(79616K)->78282K(79616K) NonClass: 68717K(69312K)->68717K(69312K) Class: 9565K(10304K)->9565K(10304K)
[2079.964s][info][gc             ] GC(779) Pause Full (System.gc()) 133M->76M(4082M) 49.375ms
[2079.964s][info][gc,cpu         ] GC(779) User=0.12s Sys=0.00s Real=0.05s
[2083.233s][info][gc,start       ] GC(780) Pause Young (Allocation Failure)
[2083.235s][info][gc,heap        ] GC(780) PSYoungGen: 1370112K(1383424K)->5062K(1383936K) Eden: 1370112K(1370112K)->0K(1370112K) From: 0K(13312K)->5062K(13824K)
[2083.235s][info][gc,heap        ] GC(780) ParOldGen: 78725K(2796544K)->78725K(2796544K)
[2083.235s][info][gc,metaspace   ] GC(780) Metaspace: 78282K(79616K)->78282K(79616K) NonClass: 68717K(69312K)->68717K(69312K) Class: 9565K(10304K)->9565K(10304K)
[2083.235s][info][gc             ] GC(780) Pause Young (Allocation Failure) 1414M->81M(4082M) 2.799ms
[2083.235s][info][gc,cpu         ] GC(780) User=0.00s Sys=0.00s Real=0.00s
[2085.983s][info][gc,start       ] GC(781) Pause Young (Allocation Failure)
[2085.987s][info][gc,heap        ] GC(781) PSYoungGen: 1372844K(1383936K)->13298K(1374208K) Eden: 1367782K(1370112K)->0K(1360896K) From: 5062K(13824K)->13298K(13312K)
[2085.987s][info][gc,heap        ] GC(781) ParOldGen: 78725K(2796544K)->87855K(2796544K)
[2085.987s][info][gc,metaspace   ] GC(781) Metaspace: 78282K(79616K)->78282K(79616K) NonClass: 68717K(69312K)->68717K(69312K) Class: 9565K(10304K)->9565K(10304K)
[2085.987s][info][gc             ] GC(781) Pause Young (Allocation Failure) 1417M->98M(4073M) 3.889ms
[2085.987s][info][gc,cpu         ] GC(781) User=0.00s Sys=0.00s Real=0.00s
[2089.861s][info][gc,start       ] GC(782) Pause Young (Allocation Failure)
[2089.864s][info][gc,heap        ] GC(782) PSYoungGen: 1374194K(1374208K)->4776K(1379328K) Eden: 1360896K(1360896K)->0K(1360896K) From: 13298K(13312K)->4776K(18432K)
[2089.864s][info][gc,heap        ] GC(782) ParOldGen: 87855K(2796544K)->90683K(2796544K)
[2089.864s][info][gc,metaspace   ] GC(782) Metaspace: 78282K(79616K)->78282K(79616K) NonClass: 68717K(69312K)->68717K(69312K) Class: 9565K(10304K)->9565K(10304K)
[2089.864s][info][gc             ] GC(782) Pause Young (Allocation Failure) 1427M->93M(4078M) 2.627ms
[2089.864s][info][gc,cpu         ] GC(782) User=0.00s Sys=0.00s Real=0.00s
[2092.340s][info][gc,start       ] GC(783) Pause Young (Allocation Failure)
[2092.343s][info][gc,heap        ] GC(783) PSYoungGen: 1365672K(1379328K)->5871K(1380352K) Eden: 1360896K(1360896K)->0K(1362432K) From: 4776K(18432K)->5871K(17920K)
[2092.343s][info][gc,heap        ] GC(783) ParOldGen: 90683K(2796544K)->93766K(2796544K)
[2092.343s][info][gc,metaspace   ] GC(783) Metaspace: 78282K(79616K)->78282K(79616K) NonClass: 68717K(69312K)->68717K(69312K) Class: 9565K(10304K)->9565K(10304K)
[2092.343s][info][gc             ] GC(783) Pause Young (Allocation Failure) 1422M->97M(4079M) 2.877ms
[2092.343s][info][gc,cpu         ] GC(783) User=0.00s Sys=0.00s Real=0.00s
[2096.625s][info][gc,start       ] GC(784) Pause Young (Allocation Failure)
[2096.628s][info][gc,heap        ] GC(784) PSYoungGen: 1368303K(1380352K)->4650K(1379840K) Eden: 1362432K(1362432K)->0K(1362432K) From: 5871K(17920K)->4650K(17408K)
[2096.628s][info][gc,heap        ] GC(784) ParOldGen: 93766K(2796544K)->98036K(2796544K)
[2096.628s][info][gc,metaspace   ] GC(784) Metaspace: 78282K(79616K)->78282K(79616K) NonClass: 68717K(69312K)->68717K(69312K) Class: 9565K(10304K)->9565K(10304K)
[2096.628s][info][gc             ] GC(784) Pause Young (Allocation Failure) 1427M->100M(4078M) 3.289ms
[2096.628s][info][gc,cpu         ] GC(784) User=0.00s Sys=0.00s Real=0.00s
[2098.828s][info][gc,start       ] GC(785) Pause Young (Allocation Failure)
[2098.832s][info][gc,heap        ] GC(785) PSYoungGen: 1367082K(1379840K)->7251K(1381888K) Eden: 1362432K(1362432K)->0K(1364992K) From: 4650K(17408K)->7251K(16896K)
[2098.832s][info][gc,heap        ] GC(785) ParOldGen: 98036K(2796544K)->100866K(2796544K)
[2098.832s][info][gc,metaspace   ] GC(785) Metaspace: 78282K(79616K)->78282K(79616K) NonClass: 68717K(69312K)->68717K(69312K) Class: 9565K(10304K)->9565K(10304K)
[2098.832s][info][gc             ] GC(785) Pause Young (Allocation Failure) 1430M->105M(4080M) 3.775ms
[2098.832s][info][gc,cpu         ] GC(785) User=0.00s Sys=0.00s Real=0.00s
[2103.090s][info][gc,start       ] GC(786) Pause Young (Allocation Failure)
[2103.093s][info][gc,heap        ] GC(786) PSYoungGen: 1372243K(1381888K)->5839K(1380864K) Eden: 1364992K(1364992K)->0K(1364992K) From: 7251K(16896K)->5839K(15872K)
[2103.093s][info][gc,heap        ] GC(786) ParOldGen: 100866K(2796544K)->105513K(2796544K)
[2103.093s][info][gc,metaspace   ] GC(786) Metaspace: 78282K(79616K)->78282K(79616K) NonClass: 68717K(69312K)->68717K(69312K) Class: 9565K(10304K)->9565K(10304K)
[2103.093s][info][gc             ] GC(786) Pause Young (Allocation Failure) 1438M->108M(4079M) 3.198ms
[2103.093s][info][gc,cpu         ] GC(786) User=0.00s Sys=0.00s Real=0.00s
[2105.957s][info][gc,start       ] GC(787) Pause Young (Allocation Failure)
[2105.960s][info][gc,heap        ] GC(787) PSYoungGen: 1370831K(1380864K)->4884K(1382912K) Eden: 1364992K(1364992K)->0K(1367552K) From: 5839K(15872K)->4884K(15360K)
[2105.960s][info][gc,heap        ] GC(787) ParOldGen: 105513K(2796544K)->109434K(2796544K)
[2105.960s][info][gc,metaspace   ] GC(787) Metaspace: 78282K(79616K)->78282K(79616K) NonClass: 68717K(69312K)->68717K(69312K) Class: 9565K(10304K)->9565K(10304K)
[2105.960s][info][gc             ] GC(787) Pause Young (Allocation Failure) 1441M->111M(4081M) 2.686ms
[2105.960s][info][gc,cpu         ] GC(787) User=0.00s Sys=0.00s Real=0.01s
[2108.083s][info][gc,start       ] GC(788) Pause Young (Allocation Failure)
[2108.086s][info][gc,heap        ] GC(788) PSYoungGen: 1372436K(1382912K)->6436K(1382400K) Eden: 1367552K(1367552K)->0K(1367552K) From: 4884K(15360K)->6436K(14848K)
[2108.086s][info][gc,heap        ] GC(788) ParOldGen: 109434K(2796544K)->113474K(2796544K)
[2108.086s][info][gc,metaspace   ] GC(788) Metaspace: 78282K(79616K)->78282K(79616K) NonClass: 68717K(69312K)->68717K(69312K) Class: 9565K(10304K)->9565K(10304K)
[2108.086s][info][gc             ] GC(788) Pause Young (Allocation Failure) 1447M->117M(4081M) 3.689ms
[2108.087s][info][gc,cpu         ] GC(788) User=0.00s Sys=0.00s Real=0.00s
[2110.708s][info][gc,start       ] GC(789) Pause Young (Allocation Failure)
[2110.711s][info][gc,heap        ] GC(789) PSYoungGen: 1373988K(1382400K)->5684K(1384448K) Eden: 1367552K(1367552K)->0K(1370624K) From: 6436K(14848K)->5684K(13824K)
[2110.711s][info][gc,heap        ] GC(789) ParOldGen: 113474K(2796544K)->118420K(2796544K)
[2110.711s][info][gc,metaspace   ] GC(789) Metaspace: 78282K(79616K)->78282K(79616K) NonClass: 68717K(69312K)->68717K(69312K) Class: 9565K(10304K)->9565K(10304K)
[2110.711s][info][gc             ] GC(789) Pause Young (Allocation Failure) 1452M->121M(4083M) 3.465ms
[2110.711s][info][gc,cpu         ] GC(789) User=0.00s Sys=0.00s Real=0.00s
[2113.443s][info][gc,start       ] GC(790) Pause Young (Allocation Failure)
[2113.449s][info][gc,heap        ] GC(790) PSYoungGen: 1376308K(1384448K)->13298K(1383936K) Eden: 1370624K(1370624K)->0K(1370624K) From: 5684K(13824K)->13298K(13312K)
[2113.449s][info][gc,heap        ] GC(790) ParOldGen: 118420K(2796544K)->136542K(2796544K)
[2113.449s][info][gc,metaspace   ] GC(790) Metaspace: 78282K(79616K)->78282K(79616K) NonClass: 68717K(69312K)->68717K(69312K) Class: 9565K(10304K)->9565K(10304K)
[2113.449s][info][gc             ] GC(790) Pause Young (Allocation Failure) 1459M->146M(4082M) 5.403ms
[2113.449s][info][gc,cpu         ] GC(790) User=0.02s Sys=0.00s Real=0.00s
[2116.742s][info][gc,start       ] GC(791) Pause Young (Allocation Failure)
[2116.745s][info][gc,heap        ] GC(791) PSYoungGen: 1380487K(1383936K)->4800K(1368576K) Eden: 1367189K(1370624K)->0K(1354752K) From: 13298K(13312K)->4800K(13824K)
[2116.745s][info][gc,heap        ] GC(791) ParOldGen: 136542K(2796544K)->139384K(2796544K)
[2116.745s][info][gc,metaspace   ] GC(791) Metaspace: 78282K(79616K)->78282K(79616K) NonClass: 68717K(69312K)->68717K(69312K) Class: 9565K(10304K)->9565K(10304K)
[2116.745s][info][gc             ] GC(791) Pause Young (Allocation Failure) 1481M->140M(4067M) 2.768ms
[2116.745s][info][gc,cpu         ] GC(791) User=0.00s Sys=0.00s Real=0.01s
[2117.185s][info][gc,start       ] GC(792) Pause Young (System.gc())
[2117.187s][info][gc,heap        ] GC(792) PSYoungGen: 422976K(1368576K)->704K(1376256K) Eden: 418175K(1354752K)->0K(1354752K) From: 4800K(13824K)->704K(21504K)
[2117.187s][info][gc,heap        ] GC(792) ParOldGen: 139384K(2796544K)->141519K(2796544K)
[2117.187s][info][gc,metaspace   ] GC(792) Metaspace: 78282K(79616K)->78282K(79616K) NonClass: 68717K(69312K)->68717K(69312K) Class: 9565K(10304K)->9565K(10304K)
[2117.187s][info][gc             ] GC(792) Pause Young (System.gc()) 549M->138M(4075M) 1.631ms
[2117.187s][info][gc,cpu         ] GC(792) User=0.00s Sys=0.00s Real=0.00s
[2117.187s][info][gc,start       ] GC(793) Pause Full (System.gc())
[2117.187s][info][gc,phases,start] GC(793) Marking Phase
[2117.213s][info][gc,phases      ] GC(793) Marking Phase 25.856ms
[2117.213s][info][gc,phases,start] GC(793) Summary Phase
[2117.213s][info][gc,phases      ] GC(793) Summary Phase 0.011ms
[2117.213s][info][gc,phases,start] GC(793) Adjust Roots
[2117.224s][info][gc,phases      ] GC(793) Adjust Roots 10.831ms
[2117.224s][info][gc,phases,start] GC(793) Compaction Phase
[2117.235s][info][gc,phases      ] GC(793) Compaction Phase 11.081ms
[2117.235s][info][gc,phases,start] GC(793) Post Compact
[2117.236s][info][gc,phases      ] GC(793) Post Compact 1.098ms
[2117.236s][info][gc,heap        ] GC(793) PSYoungGen: 704K(1376256K)->0K(1376256K) Eden: 0K(1354752K)->0K(1354752K) From: 704K(21504K)->0K(21504K)
[2117.236s][info][gc,heap        ] GC(793) ParOldGen: 141519K(2796544K)->78533K(2796544K)
[2117.236s][info][gc,metaspace   ] GC(793) Metaspace: 78282K(79616K)->78282K(79616K) NonClass: 68717K(69312K)->68717K(69312K) Class: 9565K(10304K)->9565K(10304K)
[2117.236s][info][gc             ] GC(793) Pause Full (System.gc()) 138M->76M(4075M) 49.201ms
[2117.236s][info][gc,cpu         ] GC(793) User=0.20s Sys=0.00s Real=0.05s
[2120.503s][info][gc,start       ] GC(794) Pause Young (Allocation Failure)
[2120.505s][info][gc,heap        ] GC(794) PSYoungGen: 1354752K(1376256K)->5526K(1377280K) Eden: 1354752K(1354752K)->0K(1355776K) From: 0K(21504K)->5526K(21504K)
[2120.505s][info][gc,heap        ] GC(794) ParOldGen: 78533K(2796544K)->78533K(2796544K)
[2120.505s][info][gc,metaspace   ] GC(794) Metaspace: 78282K(79616K)->78282K(79616K) NonClass: 68717K(69312K)->68717K(69312K) Class: 9565K(10304K)->9565K(10304K)
[2120.505s][info][gc             ] GC(794) Pause Young (Allocation Failure) 1399M->82M(4076M) 2.530ms
[2120.505s][info][gc,cpu         ] GC(794) User=0.00s Sys=0.00s Real=0.00s
[2123.262s][info][gc,start       ] GC(795) Pause Young (Allocation Failure)
[2123.264s][info][gc,heap        ] GC(795) PSYoungGen: 1361302K(1377280K)->5089K(1376256K) Eden: 1355776K(1355776K)->0K(1355776K) From: 5526K(21504K)->5089K(20480K)
[2123.264s][info][gc,heap        ] GC(795) ParOldGen: 78533K(2796544K)->82879K(2796544K)
[2123.264s][info][gc,metaspace   ] GC(795) Metaspace: 78282K(79616K)->78282K(79616K) NonClass: 68717K(69312K)->68717K(69312K) Class: 9565K(10304K)->9565K(10304K)
[2123.264s][info][gc             ] GC(795) Pause Young (Allocation Failure) 1406M->85M(4075M) 2.703ms
[2123.264s][info][gc,cpu         ] GC(795) User=0.00s Sys=0.00s Real=0.00s
[2126.846s][info][gc,start       ] GC(796) Pause Young (Allocation Failure)
[2126.849s][info][gc,heap        ] GC(796) PSYoungGen: 1360865K(1376256K)->5232K(1378816K) Eden: 1355776K(1355776K)->0K(1358848K) From: 5089K(20480K)->5232K(19968K)
[2126.849s][info][gc,heap        ] GC(796) ParOldGen: 82879K(2796544K)->85521K(2796544K)
[2126.849s][info][gc,metaspace   ] GC(796) Metaspace: 78282K(79616K)->78282K(79616K) NonClass: 68717K(69312K)->68717K(69312K) Class: 9565K(10304K)->9565K(10304K)
[2126.849s][info][gc             ] GC(796) Pause Young (Allocation Failure) 1409M->88M(4077M) 3.195ms
[2126.849s][info][gc,cpu         ] GC(796) User=0.00s Sys=0.00s Real=0.01s
[2129.438s][info][gc,start       ] GC(797) Pause Young (Allocation Failure)
[2129.442s][info][gc,heap        ] GC(797) PSYoungGen: 1364080K(1378816K)->6218K(1377792K) Eden: 1358848K(1358848K)->0K(1358848K) From: 5232K(19968K)->6218K(18944K)
[2129.442s][info][gc,heap        ] GC(797) ParOldGen: 85521K(2796544K)->88486K(2796544K)
[2129.442s][info][gc,metaspace   ] GC(797) Metaspace: 78282K(79616K)->78282K(79616K) NonClass: 68717K(69312K)->68717K(69312K) Class: 9565K(10304K)->9565K(10304K)
[2129.442s][info][gc             ] GC(797) Pause Young (Allocation Failure) 1415M->92M(4076M) 3.778ms
[2129.442s][info][gc,cpu         ] GC(797) User=0.00s Sys=0.00s Real=0.00s
[2133.822s][info][gc,start       ] GC(798) Pause Young (Allocation Failure)
[2133.825s][info][gc,heap        ] GC(798) PSYoungGen: 1365066K(1377792K)->4825K(1380352K) Eden: 1358848K(1358848K)->0K(1362432K) From: 6218K(18944K)->4825K(17920K)
[2133.825s][info][gc,heap        ] GC(798) ParOldGen: 88486K(2796544K)->92852K(2796544K)
[2133.825s][info][gc,metaspace   ] GC(798) Metaspace: 78282K(79616K)->78282K(79616K) NonClass: 68717K(69312K)->68717K(69312K) Class: 9565K(10304K)->9565K(10304K)
[2133.825s][info][gc             ] GC(798) Pause Young (Allocation Failure) 1419M->95M(4079M) 3.480ms
[2133.826s][info][gc,cpu         ] GC(798) User=0.08s Sys=0.00s Real=0.00s
[2136.024s][info][gc,start       ] GC(799) Pause Young (Allocation Failure)
[2136.027s][info][gc,heap        ] GC(799) PSYoungGen: 1367257K(1380352K)->6255K(1379840K) Eden: 1362432K(1362432K)->0K(1362432K) From: 4825K(17920K)->6255K(17408K)
[2136.028s][info][gc,heap        ] GC(799) ParOldGen: 92852K(2796544K)->95675K(2796544K)
[2136.028s][info][gc,metaspace   ] GC(799) Metaspace: 78282K(79616K)->78282K(79616K) NonClass: 68717K(69312K)->68717K(69312K) Class: 9565K(10304K)->9565K(10304K)
[2136.028s][info][gc             ] GC(799) Pause Young (Allocation Failure) 1425M->99M(4078M) 3.514ms
[2136.028s][info][gc,cpu         ] GC(799) User=0.03s Sys=0.00s Real=0.00s
[2140.337s][info][gc,start       ] GC(800) Pause Young (Allocation Failure)
[2140.340s][info][gc,heap        ] GC(800) PSYoungGen: 1368687K(1379840K)->6212K(1382400K) Eden: 1362432K(1362432K)->0K(1366016K) From: 6255K(17408K)->6212K(16384K)
[2140.340s][info][gc,heap        ] GC(800) ParOldGen: 95675K(2796544K)->100314K(2796544K)
[2140.340s][info][gc,metaspace   ] GC(800) Metaspace: 78282K(79616K)->78282K(79616K) NonClass: 68717K(69312K)->68717K(69312K) Class: 9565K(10304K)->9565K(10304K)
[2140.340s][info][gc             ] GC(800) Pause Young (Allocation Failure) 1430M->104M(4081M) 3.479ms
[2140.340s][info][gc,cpu         ] GC(800) User=0.09s Sys=0.00s Real=0.00s
[2143.118s][info][gc,start       ] GC(801) Pause Young (Allocation Failure)
[2143.122s][info][gc,heap        ] GC(801) PSYoungGen: 1372228K(1382400K)->6625K(1381376K) Eden: 1366016K(1366016K)->0K(1366016K) From: 6212K(16384K)->6625K(15360K)
[2143.122s][info][gc,heap        ] GC(801) ParOldGen: 100314K(2796544K)->104173K(2796544K)
[2143.122s][info][gc,metaspace   ] GC(801) Metaspace: 78282K(79616K)->78282K(79616K) NonClass: 68717K(69312K)->68717K(69312K) Class: 9565K(10304K)->9565K(10304K)
[2143.122s][info][gc             ] GC(801) Pause Young (Allocation Failure) 1438M->108M(4080M) 3.837ms
[2143.122s][info][gc,cpu         ] GC(801) User=0.06s Sys=0.00s Real=0.00s
[2145.318s][info][gc,start       ] GC(802) Pause Young (Allocation Failure)
[2145.322s][info][gc,heap        ] GC(802) PSYoungGen: 1372641K(1381376K)->6486K(1383936K) Eden: 1366016K(1366016K)->0K(1369088K) From: 6625K(15360K)->6486K(14848K)
[2145.322s][info][gc,heap        ] GC(802) ParOldGen: 104173K(2796544K)->108090K(2796544K)
[2145.322s][info][gc,metaspace   ] GC(802) Metaspace: 78282K(79616K)->78282K(79616K) NonClass: 68717K(69312K)->68717K(69312K) Class: 9565K(10304K)->9565K(10304K)
[2145.322s][info][gc             ] GC(802) Pause Young (Allocation Failure) 1442M->111M(4082M) 4.339ms
[2145.322s][info][gc,cpu         ] GC(802) User=0.00s Sys=0.00s Real=0.00s
[2148.005s][info][gc,start       ] GC(803) Pause Young (Allocation Failure)
[2148.009s][info][gc,heap        ] GC(803) PSYoungGen: 1375574K(1383936K)->5674K(1382912K) Eden: 1369088K(1369088K)->0K(1369088K) From: 6486K(14848K)->5674K(13824K)
[2148.009s][info][gc,heap        ] GC(803) ParOldGen: 108090K(2796544K)->113073K(2796544K)
[2148.009s][info][gc,metaspace   ] GC(803) Metaspace: 78282K(79616K)->78282K(79616K) NonClass: 68717K(69312K)->68717K(69312K) Class: 9565K(10304K)->9565K(10304K)
[2148.009s][info][gc             ] GC(803) Pause Young (Allocation Failure) 1448M->115M(4081M) 3.530ms
[2148.009s][info][gc,cpu         ] GC(803) User=0.00s Sys=0.00s Real=0.00s
[2150.850s][info][gc,start       ] GC(804) Pause Young (Allocation Failure)
[2150.853s][info][gc,heap        ] GC(804) PSYoungGen: 1374762K(1382912K)->4998K(1384960K) Eden: 1369088K(1369088K)->0K(1371648K) From: 5674K(13824K)->4998K(13312K)
[2150.853s][info][gc,heap        ] GC(804) ParOldGen: 113073K(2796544K)->117775K(2796544K)
[2150.853s][info][gc,metaspace   ] GC(804) Metaspace: 78282K(79616K)->78282K(79616K) NonClass: 68717K(69312K)->68717K(69312K) Class: 9565K(10304K)->9565K(10304K)
[2150.853s][info][gc             ] GC(804) Pause Young (Allocation Failure) 1452M->119M(4083M) 3.106ms
[2150.853s][info][gc,cpu         ] GC(804) User=0.00s Sys=0.00s Real=0.00s
[2154.106s][info][gc,start       ] GC(805) Pause Young (Allocation Failure)
[2154.110s][info][gc,heap        ] GC(805) PSYoungGen: 1376646K(1384960K)->7060K(1384448K) Eden: 1371648K(1371648K)->0K(1371648K) From: 4998K(13312K)->7060K(12800K)
[2154.110s][info][gc,heap        ] GC(805) ParOldGen: 117775K(2796544K)->120454K(2796544K)
[2154.110s][info][gc,metaspace   ] GC(805) Metaspace: 78282K(79616K)->78282K(79616K) NonClass: 68717K(69312K)->68717K(69312K) Class: 9565K(10304K)->9565K(10304K)
[2154.110s][info][gc             ] GC(805) Pause Young (Allocation Failure) 1459M->124M(4083M) 3.958ms
[2154.110s][info][gc,cpu         ] GC(805) User=0.00s Sys=0.00s Real=0.00s
[2154.550s][info][gc,start       ] GC(806) Pause Young (System.gc())
[2154.553s][info][gc,heap        ] GC(806) PSYoungGen: 453551K(1384448K)->864K(1384960K) Eden: 446490K(1371648K)->0K(1372160K) From: 7060K(12800K)->864K(12800K)
[2154.553s][info][gc,heap        ] GC(806) ParOldGen: 120454K(2796544K)->124463K(2796544K)
[2154.553s][info][gc,metaspace   ] GC(806) Metaspace: 78282K(79616K)->78282K(79616K) NonClass: 68717K(69312K)->68717K(69312K) Class: 9565K(10304K)->9565K(10304K)
[2154.553s][info][gc             ] GC(806) Pause Young (System.gc()) 560M->122M(4083M) 2.286ms
[2154.553s][info][gc,cpu         ] GC(806) User=0.00s Sys=0.00s Real=0.00s
[2154.553s][info][gc,start       ] GC(807) Pause Full (System.gc())
[2154.553s][info][gc,phases,start] GC(807) Marking Phase
[2154.580s][info][gc,phases      ] GC(807) Marking Phase 27.295ms
[2154.580s][info][gc,phases,start] GC(807) Summary Phase
[2154.580s][info][gc,phases      ] GC(807) Summary Phase 0.011ms
[2154.580s][info][gc,phases,start] GC(807) Adjust Roots
[2154.591s][info][gc,phases      ] GC(807) Adjust Roots 10.879ms
[2154.591s][info][gc,phases,start] GC(807) Compaction Phase
[2154.603s][info][gc,phases      ] GC(807) Compaction Phase 11.662ms
[2154.603s][info][gc,phases,start] GC(807) Post Compact
[2154.604s][info][gc,phases      ] GC(807) Post Compact 1.026ms
[2154.604s][info][gc,heap        ] GC(807) PSYoungGen: 864K(1384960K)->0K(1384960K) Eden: 0K(1372160K)->0K(1372160K) From: 864K(12800K)->0K(12800K)
[2154.604s][info][gc,heap        ] GC(807) ParOldGen: 124463K(2796544K)->80255K(2796544K)
[2154.604s][info][gc,metaspace   ] GC(807) Metaspace: 78282K(79616K)->78282K(79616K) NonClass: 68717K(69312K)->68717K(69312K) Class: 9565K(10304K)->9565K(10304K)
[2154.604s][info][gc             ] GC(807) Pause Full (System.gc()) 122M->78M(4083M) 51.183ms
[2154.604s][info][gc,cpu         ] GC(807) User=0.12s Sys=0.00s Real=0.05s
[2157.846s][info][gc,start       ] GC(808) Pause Young (Allocation Failure)
[2157.849s][info][gc,heap        ] GC(808) PSYoungGen: 1372160K(1384960K)->5126K(1384960K) Eden: 1372160K(1372160K)->0K(1372160K) From: 0K(12800K)->5126K(12800K)
[2157.849s][info][gc,heap        ] GC(808) ParOldGen: 80255K(2796544K)->80255K(2796544K)
[2157.849s][info][gc,metaspace   ] GC(808) Metaspace: 78282K(79616K)->78282K(79616K) NonClass: 68717K(69312K)->68717K(69312K) Class: 9565K(10304K)->9565K(10304K)
[2157.849s][info][gc             ] GC(808) Pause Young (Allocation Failure) 1418M->83M(4083M) 2.667ms
[2157.849s][info][gc,cpu         ] GC(808) User=0.00s Sys=0.00s Real=0.01s
[2160.598s][info][gc,start       ] GC(809) Pause Young (Allocation Failure)
[2160.601s][info][gc,heap        ] GC(809) PSYoungGen: 1376991K(1384960K)->6212K(1385984K) Eden: 1371865K(1372160K)->0K(1373696K) From: 5126K(12800K)->6212K(12288K)
[2160.601s][info][gc,heap        ] GC(809) ParOldGen: 80255K(2796544K)->84241K(2796544K)
[2160.601s][info][gc,metaspace   ] GC(809) Metaspace: 78282K(79616K)->78282K(79616K) NonClass: 68717K(69312K)->68717K(69312K) Class: 9565K(10304K)->9565K(10304K)
[2160.601s][info][gc             ] GC(809) Pause Young (Allocation Failure) 1423M->88M(4084M) 2.937ms
[2160.601s][info][gc,cpu         ] GC(809) User=0.00s Sys=0.00s Real=0.00s
[2164.545s][info][gc,start       ] GC(810) Pause Young (Allocation Failure)
[2164.548s][info][gc,heap        ] GC(810) PSYoungGen: 1379908K(1385984K)->4658K(1385472K) Eden: 1373696K(1373696K)->0K(1373696K) From: 6212K(12288K)->4658K(11776K)
[2164.548s][info][gc,heap        ] GC(810) ParOldGen: 84241K(2796544K)->86956K(2796544K)
[2164.548s][info][gc,metaspace   ] GC(810) Metaspace: 78282K(79616K)->78282K(79616K) NonClass: 68717K(69312K)->68717K(69312K) Class: 9565K(10304K)->9565K(10304K)
[2164.548s][info][gc             ] GC(810) Pause Young (Allocation Failure) 1429M->89M(4084M) 3.174ms
[2164.548s][info][gc,cpu         ] GC(810) User=0.00s Sys=0.00s Real=0.00s
[2166.968s][info][gc,start       ] GC(811) Pause Young (Allocation Failure)
[2166.971s][info][gc,heap        ] GC(811) PSYoungGen: 1378354K(1385472K)->5823K(1386496K) Eden: 1373696K(1373696K)->0K(1374720K) From: 4658K(11776K)->5823K(11776K)
[2166.971s][info][gc,heap        ] GC(811) ParOldGen: 86956K(2796544K)->90039K(2796544K)
[2166.971s][info][gc,metaspace   ] GC(811) Metaspace: 78282K(79616K)->78282K(79616K) NonClass: 68717K(69312K)->68717K(69312K) Class: 9565K(10304K)->9565K(10304K)
[2166.971s][info][gc             ] GC(811) Pause Young (Allocation Failure) 1430M->93M(4085M) 3.041ms
[2166.971s][info][gc,cpu         ] GC(811) User=0.00s Sys=0.00s Real=0.01s
[2171.495s][info][gc,start       ] GC(812) Pause Young (Allocation Failure)
[2171.498s][info][gc,heap        ] GC(812) PSYoungGen: 1380543K(1386496K)->4953K(1385984K) Eden: 1374720K(1374720K)->0K(1374720K) From: 5823K(11776K)->4953K(11264K)
[2171.498s][info][gc,heap        ] GC(812) ParOldGen: 90039K(2796544K)->94282K(2796544K)
[2171.498s][info][gc,metaspace   ] GC(812) Metaspace: 78282K(79616K)->78282K(79616K) NonClass: 68717K(69312K)->68717K(69312K) Class: 9565K(10304K)->9565K(10304K)
[2171.498s][info][gc             ] GC(812) Pause Young (Allocation Failure) 1436M->96M(4084M) 3.364ms
[2171.498s][info][gc,cpu         ] GC(812) User=0.08s Sys=0.00s Real=0.00s
[2173.706s][info][gc,start       ] GC(813) Pause Young (Allocation Failure)
[2173.709s][info][gc,heap        ] GC(813) PSYoungGen: 1379673K(1385984K)->6557K(1387008K) Eden: 1374720K(1374720K)->0K(1376256K) From: 4953K(11264K)->6557K(10752K)
[2173.709s][info][gc,heap        ] GC(813) ParOldGen: 94282K(2796544K)->97252K(2796544K)
[2173.709s][info][gc,metaspace   ] GC(813) Metaspace: 78282K(79616K)->78282K(79616K) NonClass: 68717K(69312K)->68717K(69312K) Class: 9565K(10304K)->9565K(10304K)
[2173.709s][info][gc             ] GC(813) Pause Young (Allocation Failure) 1439M->101M(4085M) 2.883ms
[2173.709s][info][gc,cpu         ] GC(813) User=0.00s Sys=0.00s Real=0.00s
[2177.913s][info][gc,start       ] GC(814) Pause Young (Allocation Failure)
[2177.916s][info][gc,heap        ] GC(814) PSYoungGen: 1382813K(1387008K)->5862K(1387008K) Eden: 1376256K(1376256K)->0K(1376256K) From: 6557K(10752K)->5862K(10752K)
[2177.916s][info][gc,heap        ] GC(814) ParOldGen: 97252K(2796544K)->101920K(2796544K)
[2177.916s][info][gc,metaspace   ] GC(814) Metaspace: 78282K(79616K)->78282K(79616K) NonClass: 68717K(69312K)->68717K(69312K) Class: 9565K(10304K)->9565K(10304K)
[2177.916s][info][gc             ] GC(814) Pause Young (Allocation Failure) 1445M->105M(4085M) 3.473ms
[2177.916s][info][gc,cpu         ] GC(814) User=0.00s Sys=0.00s Real=0.00s
[2180.863s][info][gc,start       ] GC(815) Pause Young (Allocation Failure)
[2180.865s][info][gc,heap        ] GC(815) PSYoungGen: 1379949K(1387008K)->5102K(1388032K) Eden: 1374086K(1376256K)->0K(1377792K) From: 5862K(10752K)->5102K(10240K)
[2180.866s][info][gc,heap        ] GC(815) ParOldGen: 101920K(2796544K)->105712K(2796544K)
[2180.866s][info][gc,metaspace   ] GC(815) Metaspace: 78282K(79616K)->78282K(79616K) NonClass: 68717K(69312K)->68717K(69312K) Class: 9565K(10304K)->9565K(10304K)
[2180.866s][info][gc             ] GC(815) Pause Young (Allocation Failure) 1447M->108M(4086M) 2.877ms
[2180.866s][info][gc,cpu         ] GC(815) User=0.00s Sys=0.00s Real=0.00s
[2183.185s][info][gc,start       ] GC(816) Pause Young (Allocation Failure)
[2183.188s][info][gc,heap        ] GC(816) PSYoungGen: 1382894K(1388032K)->6208K(1387520K) Eden: 1377792K(1377792K)->0K(1377792K) From: 5102K(10240K)->6208K(9728K)
[2183.188s][info][gc,heap        ] GC(816) ParOldGen: 105712K(2796544K)->109772K(2796544K)
[2183.188s][info][gc,metaspace   ] GC(816) Metaspace: 78282K(79616K)->78282K(79616K) NonClass: 68717K(69312K)->68717K(69312K) Class: 9565K(10304K)->9565K(10304K)
[2183.188s][info][gc             ] GC(816) Pause Young (Allocation Failure) 1453M->113M(4086M) 3.001ms
[2183.188s][info][gc,cpu         ] GC(816) User=0.00s Sys=0.00s Real=0.00s
[2185.474s][info][gc,start       ] GC(817) Pause Young (Allocation Failure)
[2185.478s][info][gc,heap        ] GC(817) PSYoungGen: 1384000K(1387520K)->5882K(1388544K) Eden: 1377792K(1377792K)->0K(1378816K) From: 6208K(9728K)->5882K(9728K)
[2185.478s][info][gc,heap        ] GC(817) ParOldGen: 109772K(2796544K)->114636K(2796544K)
[2185.478s][info][gc,metaspace   ] GC(817) Metaspace: 78282K(79616K)->78282K(79616K) NonClass: 68717K(69312K)->68717K(69312K) Class: 9565K(10304K)->9565K(10304K)
[2185.478s][info][gc             ] GC(817) Pause Young (Allocation Failure) 1458M->117M(4087M) 3.421ms
[2185.478s][info][gc,cpu         ] GC(817) User=0.00s Sys=0.00s Real=0.01s
[2188.217s][info][gc,start       ] GC(818) Pause Young (Allocation Failure)
[2188.220s][info][gc,heap        ] GC(818) PSYoungGen: 1383027K(1388544K)->5421K(1388032K) Eden: 1377145K(1378816K)->0K(1378816K) From: 5882K(9728K)->5421K(9216K)
[2188.220s][info][gc,heap        ] GC(818) ParOldGen: 114636K(2796544K)->119175K(2796544K)
[2188.220s][info][gc,metaspace   ] GC(818) Metaspace: 78283K(79616K)->78283K(79616K) NonClass: 68718K(69312K)->68718K(69312K) Class: 9565K(10304K)->9565K(10304K)
[2188.220s][info][gc             ] GC(818) Pause Young (Allocation Failure) 1462M->121M(4086M) 2.862ms
[2188.220s][info][gc,cpu         ] GC(818) User=0.00s Sys=0.00s Real=0.00s
[2191.642s][info][gc,start       ] GC(819) Pause Young (Allocation Failure)
[2191.646s][info][gc,heap        ] GC(819) PSYoungGen: 1384237K(1388032K)->6891K(1388544K) Eden: 1378816K(1378816K)->0K(1379328K) From: 5421K(9216K)->6891K(9216K)
[2191.646s][info][gc,heap        ] GC(819) ParOldGen: 119175K(2796544K)->121793K(2796544K)
[2191.646s][info][gc,metaspace   ] GC(819) Metaspace: 78283K(79616K)->78283K(79616K) NonClass: 68718K(69312K)->68718K(69312K) Class: 9565K(10304K)->9565K(10304K)
[2191.646s][info][gc             ] GC(819) Pause Young (Allocation Failure) 1468M->125M(4087M) 3.784ms
[2191.646s][info][gc,cpu         ] GC(819) User=0.00s Sys=0.00s Real=0.01s
[2191.899s][info][gc,start       ] GC(820) Pause Young (System.gc())
[2191.900s][info][gc,heap        ] GC(820) PSYoungGen: 295060K(1388544K)->544K(1380352K) Eden: 288168K(1379328K)->0K(1379328K) From: 6891K(9216K)->544K(1024K)
[2191.900s][info][gc,heap        ] GC(820) ParOldGen: 121793K(2796544K)->124216K(2796544K)
[2191.900s][info][gc,metaspace   ] GC(820) Metaspace: 78283K(79616K)->78283K(79616K) NonClass: 68718K(69312K)->68718K(69312K) Class: 9565K(10304K)->9565K(10304K)
[2191.900s][info][gc             ] GC(820) Pause Young (System.gc()) 407M->121M(4079M) 1.545ms
[2191.900s][info][gc,cpu         ] GC(820) User=0.00s Sys=0.00s Real=0.00s
[2191.900s][info][gc,start       ] GC(821) Pause Full (System.gc())
[2191.900s][info][gc,phases,start] GC(821) Marking Phase
[2191.927s][info][gc,phases      ] GC(821) Marking Phase 26.547ms
[2191.927s][info][gc,phases,start] GC(821) Summary Phase
[2191.927s][info][gc,phases      ] GC(821) Summary Phase 0.011ms
[2191.927s][info][gc,phases,start] GC(821) Adjust Roots
[2191.937s][info][gc,phases      ] GC(821) Adjust Roots 10.595ms
[2191.937s][info][gc,phases,start] GC(821) Compaction Phase
[2191.948s][info][gc,phases      ] GC(821) Compaction Phase 10.562ms
[2191.948s][info][gc,phases,start] GC(821) Post Compact
[2191.949s][info][gc,phases      ] GC(821) Post Compact 1.026ms
[2191.949s][info][gc,heap        ] GC(821) PSYoungGen: 544K(1380352K)->0K(1380352K) Eden: 0K(1379328K)->0K(1379328K) From: 544K(1024K)->0K(1024K)
[2191.949s][info][gc,heap        ] GC(821) ParOldGen: 124216K(2796544K)->78560K(2796544K)
[2191.949s][info][gc,metaspace   ] GC(821) Metaspace: 78283K(79616K)->78283K(79616K) NonClass: 68718K(69312K)->68718K(69312K) Class: 9565K(10304K)->9565K(10304K)
[2191.949s][info][gc             ] GC(821) Pause Full (System.gc()) 121M->76M(4079M) 49.029ms
[2191.949s][info][gc,cpu         ] GC(821) User=0.12s Sys=0.00s Real=0.05s
[2195.185s][info][gc,start       ] GC(822) Pause Young (Allocation Failure)
[2195.188s][info][gc,heap        ] GC(822) PSYoungGen: 1379328K(1380352K)->5122K(1388544K) Eden: 1379328K(1379328K)->0K(1378816K) From: 0K(1024K)->5122K(9728K)
[2195.188s][info][gc,heap        ] GC(822) ParOldGen: 78560K(2796544K)->78560K(2796544K)
[2195.188s][info][gc,metaspace   ] GC(822) Metaspace: 78283K(79616K)->78283K(79616K) NonClass: 68718K(69312K)->68718K(69312K) Class: 9565K(10304K)->9565K(10304K)
[2195.188s][info][gc             ] GC(822) Pause Young (Allocation Failure) 1423M->81M(4087M) 2.795ms
[2195.188s][info][gc,cpu         ] GC(822) User=0.00s Sys=0.00s Real=0.02s
[2197.980s][info][gc,start       ] GC(823) Pause Young (Allocation Failure)
[2197.985s][info][gc,heap        ] GC(823) PSYoungGen: 1380903K(1388544K)->9194K(1388032K) Eden: 1375780K(1378816K)->0K(1378816K) From: 5122K(9728K)->9194K(9216K)
[2197.985s][info][gc,heap        ] GC(823) ParOldGen: 78560K(2796544K)->92044K(2796544K)
[2197.985s][info][gc,metaspace   ] GC(823) Metaspace: 78285K(79616K)->78285K(79616K) NonClass: 68720K(69312K)->68720K(69312K) Class: 9565K(10304K)->9565K(10304K)
[2197.985s][info][gc             ] GC(823) Pause Young (Allocation Failure) 1425M->98M(4086M) 5.233ms
[2197.985s][info][gc,cpu         ] GC(823) User=0.02s Sys=0.00s Real=0.00s
[2202.050s][info][gc,start       ] GC(824) Pause Young (Allocation Failure)
[2202.053s][info][gc,heap        ] GC(824) PSYoungGen: 1387966K(1388032K)->4345K(1377792K) Eden: 1378771K(1378816K)->0K(1368064K) From: 9194K(9216K)->4345K(9728K)
[2202.053s][info][gc,heap        ] GC(824) ParOldGen: 92044K(2796544K)->95964K(2796544K)
[2202.053s][info][gc,metaspace   ] GC(824) Metaspace: 78285K(79616K)->78285K(79616K) NonClass: 68720K(69312K)->68720K(69312K) Class: 9565K(10304K)->9565K(10304K)
[2202.053s][info][gc             ] GC(824) Pause Young (Allocation Failure) 1445M->97M(4076M) 3.609ms
[2202.053s][info][gc,cpu         ] GC(824) User=0.00s Sys=0.00s Real=0.00s
[2204.420s][info][gc,start       ] GC(825) Pause Young (Allocation Failure)
[2204.424s][info][gc,heap        ] GC(825) PSYoungGen: 1372409K(1377792K)->6112K(1382912K) Eden: 1368064K(1368064K)->0K(1368064K) From: 4345K(9728K)->6112K(14848K)
[2204.424s][info][gc,heap        ] GC(825) ParOldGen: 95964K(2796544K)->99084K(2796544K)
[2204.424s][info][gc,metaspace   ] GC(825) Metaspace: 78285K(79616K)->78285K(79616K) NonClass: 68720K(69312K)->68720K(69312K) Class: 9565K(10304K)->9565K(10304K)
[2204.424s][info][gc             ] GC(825) Pause Young (Allocation Failure) 1433M->102M(4081M) 3.243ms
[2204.424s][info][gc,cpu         ] GC(825) User=0.00s Sys=0.00s Real=0.02s
[2208.978s][info][gc,start       ] GC(826) Pause Young (Allocation Failure)
[2208.981s][info][gc,heap        ] GC(826) PSYoungGen: 1374176K(1382912K)->4762K(1383936K) Eden: 1368064K(1368064K)->0K(1369600K) From: 6112K(14848K)->4762K(14336K)
[2208.981s][info][gc,heap        ] GC(826) ParOldGen: 99084K(2796544K)->103330K(2796544K)
[2208.981s][info][gc,metaspace   ] GC(826) Metaspace: 78285K(79616K)->78285K(79616K) NonClass: 68720K(69312K)->68720K(69312K) Class: 9565K(10304K)->9565K(10304K)
[2208.981s][info][gc             ] GC(826) Pause Young (Allocation Failure) 1438M->105M(4082M) 3.114ms
[2208.981s][info][gc,cpu         ] GC(826) User=0.08s Sys=0.00s Real=0.01s
[2211.212s][info][gc,start       ] GC(827) Pause Young (Allocation Failure)
[2211.216s][info][gc,heap        ] GC(827) PSYoungGen: 1373877K(1383936K)->6411K(1383424K) Eden: 1369114K(1369600K)->0K(1369600K) From: 4762K(14336K)->6411K(13824K)
[2211.216s][info][gc,heap        ] GC(827) ParOldGen: 103330K(2796544K)->106273K(2796544K)
[2211.216s][info][gc,metaspace   ] GC(827) Metaspace: 78285K(79616K)->78285K(79616K) NonClass: 68720K(69312K)->68720K(69312K) Class: 9565K(10304K)->9565K(10304K)
[2211.216s][info][gc             ] GC(827) Pause Young (Allocation Failure) 1442M->110M(4082M) 3.589ms
[2211.216s][info][gc,cpu         ] GC(827) User=0.08s Sys=0.00s Real=0.00s
[2215.321s][info][gc,start       ] GC(828) Pause Young (Allocation Failure)
[2215.325s][info][gc,heap        ] GC(828) PSYoungGen: 1375333K(1383424K)->5169K(1384960K) Eden: 1368922K(1369600K)->0K(1371648K) From: 6411K(13824K)->5169K(13312K)
[2215.325s][info][gc,heap        ] GC(828) ParOldGen: 106273K(2796544K)->110970K(2796544K)
[2215.325s][info][gc,metaspace   ] GC(828) Metaspace: 78285K(79616K)->78285K(79616K) NonClass: 68720K(69312K)->68720K(69312K) Class: 9565K(10304K)->9565K(10304K)
[2215.325s][info][gc             ] GC(828) Pause Young (Allocation Failure) 1446M->113M(4083M) 3.331ms
[2215.325s][info][gc,cpu         ] GC(828) User=0.09s Sys=0.00s Real=0.00s
[2218.265s][info][gc,start       ] GC(829) Pause Young (Allocation Failure)
[2218.269s][info][gc,heap        ] GC(829) PSYoungGen: 1376817K(1384960K)->5992K(1384448K) Eden: 1371648K(1371648K)->0K(1371648K) From: 5169K(13312K)->5992K(12800K)
[2218.269s][info][gc,heap        ] GC(829) ParOldGen: 110970K(2796544K)->114878K(2796544K)
[2218.269s][info][gc,metaspace   ] GC(829) Metaspace: 78285K(79616K)->78285K(79616K) NonClass: 68720K(69312K)->68720K(69312K) Class: 9565K(10304K)->9565K(10304K)
[2218.269s][info][gc             ] GC(829) Pause Young (Allocation Failure) 1452M->118M(4083M) 3.968ms
[2218.269s][info][gc,cpu         ] GC(829) User=0.00s Sys=0.00s Real=0.00s
[2220.524s][info][gc,start       ] GC(830) Pause Young (Allocation Failure)
[2220.527s][info][gc,heap        ] GC(830) PSYoungGen: 1374143K(1384448K)->5821K(1385984K) Eden: 1368151K(1371648K)->0K(1373696K) From: 5992K(12800K)->5821K(12288K)
[2220.527s][info][gc,heap        ] GC(830) ParOldGen: 114878K(2796544K)->118998K(2796544K)
[2220.527s][info][gc,metaspace   ] GC(830) Metaspace: 78285K(79616K)->78285K(79616K) NonClass: 68720K(69312K)->68720K(69312K) Class: 9565K(10304K)->9565K(10304K)
[2220.527s][info][gc             ] GC(830) Pause Young (Allocation Failure) 1454M->121M(4084M) 3.088ms
[2220.527s][info][gc,cpu         ] GC(830) User=0.02s Sys=0.00s Real=0.01s
[2222.904s][info][gc,start       ] GC(831) Pause Young (Allocation Failure)
[2222.907s][info][gc,heap        ] GC(831) PSYoungGen: 1379517K(1385984K)->5742K(1385472K) Eden: 1373696K(1373696K)->0K(1373696K) From: 5821K(12288K)->5742K(11776K)
[2222.907s][info][gc,heap        ] GC(831) ParOldGen: 118998K(2796544K)->123955K(2796544K)
[2222.907s][info][gc,metaspace   ] GC(831) Metaspace: 78285K(79616K)->78285K(79616K) NonClass: 68720K(69312K)->68720K(69312K) Class: 9565K(10304K)->9565K(10304K)
[2222.907s][info][gc             ] GC(831) Pause Young (Allocation Failure) 1463M->126M(4084M) 3.370ms
[2222.907s][info][gc,cpu         ] GC(831) User=0.00s Sys=0.00s Real=0.01s
[2225.616s][info][gc,start       ] GC(832) Pause Young (Allocation Failure)
[2225.621s][info][gc,heap        ] GC(832) PSYoungGen: 1378377K(1385472K)->6607K(1386496K) Eden: 1372635K(1373696K)->0K(1375232K) From: 5742K(11776K)->6607K(11264K)
[2225.621s][info][gc,heap        ] GC(832) ParOldGen: 123955K(2796544K)->128589K(2796544K)
[2225.621s][info][gc,metaspace   ] GC(832) Metaspace: 78285K(79616K)->78285K(79616K) NonClass: 68720K(69312K)->68720K(69312K) Class: 9565K(10304K)->9565K(10304K)
[2225.621s][info][gc             ] GC(832) Pause Young (Allocation Failure) 1467M->132M(4085M) 4.423ms
[2225.621s][info][gc,cpu         ] GC(832) User=0.05s Sys=0.00s Real=0.00s
[2228.986s][info][gc,start       ] GC(833) Pause Young (Allocation Failure)
[2228.989s][info][gc,heap        ] GC(833) PSYoungGen: 1381839K(1386496K)->6003K(1386496K) Eden: 1375232K(1375232K)->0K(1375232K) From: 6607K(11264K)->6003K(11264K)
[2228.989s][info][gc,heap        ] GC(833) ParOldGen: 128589K(2796544K)->131199K(2796544K)
[2228.989s][info][gc,metaspace   ] GC(833) Metaspace: 78285K(79616K)->78285K(79616K) NonClass: 68720K(69312K)->68720K(69312K) Class: 9565K(10304K)->9565K(10304K)
[2228.989s][info][gc             ] GC(833) Pause Young (Allocation Failure) 1475M->133M(4085M) 3.726ms
[2228.989s][info][gc,cpu         ] GC(833) User=0.00s Sys=0.00s Real=0.00s
[2229.276s][info][gc,start       ] GC(834) Pause Young (System.gc())
[2229.278s][info][gc,heap        ] GC(834) PSYoungGen: 346056K(1386496K)->480K(1385984K) Eden: 340053K(1375232K)->0K(1375232K) From: 6003K(11264K)->480K(10752K)
[2229.278s][info][gc,heap        ] GC(834) ParOldGen: 131199K(2796544K)->133534K(2796544K)
[2229.278s][info][gc,metaspace   ] GC(834) Metaspace: 78285K(79616K)->78285K(79616K) NonClass: 68720K(69312K)->68720K(69312K) Class: 9565K(10304K)->9565K(10304K)
[2229.278s][info][gc             ] GC(834) Pause Young (System.gc()) 466M->130M(4084M) 1.609ms
[2229.278s][info][gc,cpu         ] GC(834) User=0.09s Sys=0.00s Real=0.00s
[2229.278s][info][gc,start       ] GC(835) Pause Full (System.gc())
[2229.278s][info][gc,phases,start] GC(835) Marking Phase
[2229.307s][info][gc,phases      ] GC(835) Marking Phase 29.410ms
[2229.307s][info][gc,phases,start] GC(835) Summary Phase
[2229.307s][info][gc,phases      ] GC(835) Summary Phase 0.011ms
[2229.307s][info][gc,phases,start] GC(835) Adjust Roots
[2229.318s][info][gc,phases      ] GC(835) Adjust Roots 10.411ms
[2229.318s][info][gc,phases,start] GC(835) Compaction Phase
[2229.329s][info][gc,phases      ] GC(835) Compaction Phase 11.440ms
[2229.329s][info][gc,phases,start] GC(835) Post Compact
[2229.330s][info][gc,phases      ] GC(835) Post Compact 1.064ms
[2229.330s][info][gc,heap        ] GC(835) PSYoungGen: 480K(1385984K)->0K(1385984K) Eden: 0K(1375232K)->0K(1375232K) From: 480K(10752K)->0K(10752K)
[2229.330s][info][gc,heap        ] GC(835) ParOldGen: 133534K(2796544K)->79387K(2796544K)
[2229.330s][info][gc,metaspace   ] GC(835) Metaspace: 78285K(79616K)->78285K(79616K) NonClass: 68720K(69312K)->68720K(69312K) Class: 9565K(10304K)->9565K(10304K)
[2229.331s][info][gc             ] GC(835) Pause Full (System.gc()) 130M->77M(4084M) 52.666ms
[2229.331s][info][gc,cpu         ] GC(835) User=0.20s Sys=0.00s Real=0.05s
[2232.618s][info][gc,start       ] GC(836) Pause Young (Allocation Failure)
[2232.620s][info][gc,heap        ] GC(836) PSYoungGen: 1375232K(1385984K)->5065K(1386496K) Eden: 1375232K(1375232K)->0K(1375232K) From: 0K(10752K)->5065K(11264K)
[2232.620s][info][gc,heap        ] GC(836) ParOldGen: 79387K(2796544K)->79387K(2796544K)
[2232.620s][info][gc,metaspace   ] GC(836) Metaspace: 78285K(79616K)->78285K(79616K) NonClass: 68720K(69312K)->68720K(69312K) Class: 9565K(10304K)->9565K(10304K)
[2232.620s][info][gc             ] GC(836) Pause Young (Allocation Failure) 1420M->82M(4085M) 2.179ms
[2232.620s][info][gc,cpu         ] GC(836) User=0.00s Sys=0.00s Real=0.00s
[2235.321s][info][gc,start       ] GC(837) Pause Young (Allocation Failure)
[2235.324s][info][gc,heap        ] GC(837) PSYoungGen: 1376575K(1386496K)->10108K(1384960K) Eden: 1371509K(1375232K)->0K(1374208K) From: 5065K(11264K)->10108K(10752K)
[2235.324s][info][gc,heap        ] GC(837) ParOldGen: 79387K(2796544K)->83361K(2796544K)
[2235.324s][info][gc,metaspace   ] GC(837) Metaspace: 78285K(79616K)->78285K(79616K) NonClass: 68720K(69312K)->68720K(69312K) Class: 9565K(10304K)->9565K(10304K)
[2235.324s][info][gc             ] GC(837) Pause Young (Allocation Failure) 1421M->91M(4083M) 3.096ms
[2235.324s][info][gc,cpu         ] GC(837) User=0.09s Sys=0.00s Real=0.00s
[2239.268s][info][gc,start       ] GC(838) Pause Young (Allocation Failure)
[2239.271s][info][gc,heap        ] GC(838) PSYoungGen: 1384316K(1384960K)->4731K(1385984K) Eden: 1374208K(1374208K)->0K(1374208K) From: 10108K(10752K)->4731K(11776K)
[2239.271s][info][gc,heap        ] GC(838) ParOldGen: 83361K(2796544K)->85986K(2796544K)
[2239.271s][info][gc,metaspace   ] GC(838) Metaspace: 78285K(79616K)->78285K(79616K) NonClass: 68720K(69312K)->68720K(69312K) Class: 9565K(10304K)->9565K(10304K)
[2239.271s][info][gc             ] GC(838) Pause Young (Allocation Failure) 1433M->88M(4084M) 2.459ms
[2239.271s][info][gc,cpu         ] GC(838) User=0.00s Sys=0.00s Real=0.00s
[2241.726s][info][gc,start       ] GC(839) Pause Young (Allocation Failure)
[2241.728s][info][gc,heap        ] GC(839) PSYoungGen: 1378939K(1385984K)->5920K(1386496K) Eden: 1374208K(1374208K)->0K(1374720K) From: 4731K(11776K)->5920K(11776K)
[2241.728s][info][gc,heap        ] GC(839) ParOldGen: 85986K(2796544K)->89061K(2796544K)
[2241.728s][info][gc,metaspace   ] GC(839) Metaspace: 78285K(79616K)->78285K(79616K) NonClass: 68720K(69312K)->68720K(69312K) Class: 9565K(10304K)->9565K(10304K)
[2241.728s][info][gc             ] GC(839) Pause Young (Allocation Failure) 1430M->92M(4085M) 2.844ms
[2241.728s][info][gc,cpu         ] GC(839) User=0.00s Sys=0.00s Real=0.00s
[2246.262s][info][gc,start       ] GC(840) Pause Young (Allocation Failure)
[2246.265s][info][gc,heap        ] GC(840) PSYoungGen: 1380640K(1386496K)->4538K(1385984K) Eden: 1374720K(1374720K)->0K(1374720K) From: 5920K(11776K)->4538K(11264K)
[2246.265s][info][gc,heap        ] GC(840) ParOldGen: 89061K(2796544K)->93395K(2796544K)
[2246.265s][info][gc,metaspace   ] GC(840) Metaspace: 78285K(79616K)->78285K(79616K) NonClass: 68720K(69312K)->68720K(69312K) Class: 9565K(10304K)->9565K(10304K)
[2246.265s][info][gc             ] GC(840) Pause Young (Allocation Failure) 1435M->95M(4084M) 3.071ms
[2246.265s][info][gc,cpu         ] GC(840) User=0.00s Sys=0.00s Real=0.00s
[2248.475s][info][gc,start       ] GC(841) Pause Young (Allocation Failure)
[2248.477s][info][gc,heap        ] GC(841) PSYoungGen: 1378481K(1385984K)->6040K(1387520K) Eden: 1373942K(1374720K)->0K(1376768K) From: 4538K(11264K)->6040K(10752K)
[2248.477s][info][gc,heap        ] GC(841) ParOldGen: 93395K(2796544K)->96325K(2796544K)
[2248.477s][info][gc,metaspace   ] GC(841) Metaspace: 78285K(79616K)->78285K(79616K) NonClass: 68720K(69312K)->68720K(69312K) Class: 9565K(10304K)->9565K(10304K)
[2248.477s][info][gc             ] GC(841) Pause Young (Allocation Failure) 1437M->99M(4086M) 2.832ms
[2248.477s][info][gc,cpu         ] GC(841) User=0.00s Sys=0.00s Real=0.01s
[2252.672s][info][gc,start       ] GC(842) Pause Young (Allocation Failure)
[2252.676s][info][gc,heap        ] GC(842) PSYoungGen: 1382808K(1387520K)->5755K(1387008K) Eden: 1376768K(1376768K)->0K(1376768K) From: 6040K(10752K)->5755K(10240K)
[2252.676s][info][gc,heap        ] GC(842) ParOldGen: 96325K(2796544K)->100956K(2796544K)
[2252.676s][info][gc,metaspace   ] GC(842) Metaspace: 78285K(79616K)->78285K(79616K) NonClass: 68720K(69312K)->68720K(69312K) Class: 9565K(10304K)->9565K(10304K)
[2252.676s][info][gc             ] GC(842) Pause Young (Allocation Failure) 1444M->104M(4085M) 3.524ms
[2252.676s][info][gc,cpu         ] GC(842) User=0.00s Sys=0.00s Real=0.01s
[2255.598s][info][gc,start       ] GC(843) Pause Young (Allocation Failure)
[2255.601s][info][gc,heap        ] GC(843) PSYoungGen: 1382523K(1387008K)->5946K(1388032K) Eden: 1376768K(1376768K)->0K(1377792K) From: 5755K(10240K)->5946K(10240K)
[2255.601s][info][gc,heap        ] GC(843) ParOldGen: 100956K(2796544K)->104783K(2796544K)
[2255.601s][info][gc,metaspace   ] GC(843) Metaspace: 78285K(79616K)->78285K(79616K) NonClass: 68720K(69312K)->68720K(69312K) Class: 9565K(10304K)->9565K(10304K)
[2255.601s][info][gc             ] GC(843) Pause Young (Allocation Failure) 1448M->108M(4086M) 3.068ms
[2255.601s][info][gc,cpu         ] GC(843) User=0.00s Sys=0.00s Real=0.00s
[2257.894s][info][gc,start       ] GC(844) Pause Young (Allocation Failure)
[2257.898s][info][gc,heap        ] GC(844) PSYoungGen: 1383500K(1388032K)->5976K(1387520K) Eden: 1377554K(1377792K)->0K(1377792K) From: 5946K(10240K)->5976K(9728K)
[2257.898s][info][gc,heap        ] GC(844) ParOldGen: 104783K(2796544K)->108893K(2796544K)
[2257.898s][info][gc,metaspace   ] GC(844) Metaspace: 78285K(79616K)->78285K(79616K) NonClass: 68720K(69312K)->68720K(69312K) Class: 9565K(10304K)->9565K(10304K)
[2257.898s][info][gc             ] GC(844) Pause Young (Allocation Failure) 1453M->112M(4086M) 3.268ms
[2257.898s][info][gc,cpu         ] GC(844) User=0.00s Sys=0.00s Real=0.00s
[2260.216s][info][gc,start       ] GC(845) Pause Young (Allocation Failure)
[2260.220s][info][gc,heap        ] GC(845) PSYoungGen: 1383768K(1387520K)->5838K(1388544K) Eden: 1377792K(1377792K)->0K(1379328K) From: 5976K(9728K)->5838K(9216K)
[2260.220s][info][gc,heap        ] GC(845) ParOldGen: 108893K(2796544K)->113829K(2796544K)
[2260.220s][info][gc,metaspace   ] GC(845) Metaspace: 78285K(79616K)->78285K(79616K) NonClass: 68720K(69312K)->68720K(69312K) Class: 9565K(10304K)->9565K(10304K)
[2260.220s][info][gc             ] GC(845) Pause Young (Allocation Failure) 1457M->116M(4087M) 3.641ms
[2260.220s][info][gc,cpu         ] GC(845) User=0.00s Sys=0.00s Real=0.01s
[2263.012s][info][gc,start       ] GC(846) Pause Young (Allocation Failure)
[2263.016s][info][gc,heap        ] GC(846) PSYoungGen: 1385166K(1388544K)->5357K(1388544K) Eden: 1379328K(1379328K)->0K(1379328K) From: 5838K(9216K)->5357K(9216K)
[2263.016s][info][gc,heap        ] GC(846) ParOldGen: 113829K(2796544K)->118402K(2796544K)
[2263.016s][info][gc,metaspace   ] GC(846) Metaspace: 78285K(79616K)->78285K(79616K) NonClass: 68720K(69312K)->68720K(69312K) Class: 9565K(10304K)->9565K(10304K)
[2263.016s][info][gc             ] GC(846) Pause Young (Allocation Failure) 1463M->120M(4087M) 4.001ms
[2263.016s][info][gc,cpu         ] GC(846) User=0.00s Sys=0.00s Real=0.00s
[2266.419s][info][gc,start       ] GC(847) Pause Young (Allocation Failure)
[2266.423s][info][gc,heap        ] GC(847) PSYoungGen: 1384685K(1388544K)->6432K(1389056K) Eden: 1379328K(1379328K)->0K(1380352K) From: 5357K(9216K)->6432K(8704K)
[2266.423s][info][gc,heap        ] GC(847) ParOldGen: 118402K(2796544K)->121013K(2796544K)
[2266.423s][info][gc,metaspace   ] GC(847) Metaspace: 78285K(79616K)->78285K(79616K) NonClass: 68720K(69312K)->68720K(69312K) Class: 9565K(10304K)->9565K(10304K)
[2266.423s][info][gc             ] GC(847) Pause Young (Allocation Failure) 1467M->124M(4087M) 3.966ms
[2266.423s][info][gc,cpu         ] GC(847) User=0.00s Sys=0.00s Real=0.01s
[2266.668s][info][gc,start       ] GC(848) Pause Young (System.gc())
[2266.670s][info][gc,heap        ] GC(848) PSYoungGen: 303216K(1389056K)->480K(1380864K) Eden: 296783K(1380352K)->0K(1380352K) From: 6432K(8704K)->480K(512K)
[2266.670s][info][gc,heap        ] GC(848) ParOldGen: 121013K(2796544K)->123398K(2796544K)
[2266.670s][info][gc,metaspace   ] GC(848) Metaspace: 78285K(79616K)->78285K(79616K) NonClass: 68720K(69312K)->68720K(69312K) Class: 9565K(10304K)->9565K(10304K)
[2266.670s][info][gc             ] GC(848) Pause Young (System.gc()) 414M->120M(4079M) 1.413ms
[2266.670s][info][gc,cpu         ] GC(848) User=0.00s Sys=0.00s Real=0.00s
[2266.670s][info][gc,start       ] GC(849) Pause Full (System.gc())
[2266.670s][info][gc,phases,start] GC(849) Marking Phase
[2266.697s][info][gc,phases      ] GC(849) Marking Phase 26.807ms
[2266.697s][info][gc,phases,start] GC(849) Summary Phase
[2266.697s][info][gc,phases      ] GC(849) Summary Phase 0.011ms
[2266.697s][info][gc,phases,start] GC(849) Adjust Roots
[2266.707s][info][gc,phases      ] GC(849) Adjust Roots 10.899ms
[2266.708s][info][gc,phases,start] GC(849) Compaction Phase
[2266.719s][info][gc,phases      ] GC(849) Compaction Phase 11.496ms
[2266.719s][info][gc,phases,start] GC(849) Post Compact
[2266.720s][info][gc,phases      ] GC(849) Post Compact 1.025ms
[2266.720s][info][gc,heap        ] GC(849) PSYoungGen: 480K(1380864K)->0K(1380864K) Eden: 0K(1380352K)->0K(1380352K) From: 480K(512K)->0K(512K)
[2266.720s][info][gc,heap        ] GC(849) ParOldGen: 123398K(2796544K)->78552K(2796544K)
[2266.720s][info][gc,metaspace   ] GC(849) Metaspace: 78285K(79616K)->78285K(79616K) NonClass: 68720K(69312K)->68720K(69312K) Class: 9565K(10304K)->9565K(10304K)
[2266.720s][info][gc             ] GC(849) Pause Full (System.gc()) 120M->76M(4079M) 50.551ms
[2266.720s][info][gc,cpu         ] GC(849) User=0.08s Sys=0.00s Real=0.05s
[2269.990s][info][gc,start       ] GC(850) Pause Young (Allocation Failure)
[2269.992s][info][gc,heap        ] GC(850) PSYoungGen: 1380352K(1380864K)->5131K(1388544K) Eden: 1380352K(1380352K)->0K(1379328K) From: 0K(512K)->5131K(9216K)
[2269.992s][info][gc,heap        ] GC(850) ParOldGen: 78552K(2796544K)->78552K(2796544K)
[2269.992s][info][gc,metaspace   ] GC(850) Metaspace: 78285K(79616K)->78285K(79616K) NonClass: 68720K(69312K)->68720K(69312K) Class: 9565K(10304K)->9565K(10304K)
[2269.992s][info][gc             ] GC(850) Pause Young (Allocation Failure) 1424M->81M(4087M) 1.960ms
[2269.992s][info][gc,cpu         ] GC(850) User=0.00s Sys=0.00s Real=0.00s
[2272.708s][info][gc,start       ] GC(851) Pause Young (Allocation Failure)
[2272.711s][info][gc,heap        ] GC(851) PSYoungGen: 1384459K(1388544K)->5902K(1388544K) Eden: 1379328K(1379328K)->0K(1379328K) From: 5131K(9216K)->5902K(9216K)
[2272.711s][info][gc,heap        ] GC(851) ParOldGen: 78552K(2796544K)->82550K(2796544K)
[2272.711s][info][gc,metaspace   ] GC(851) Metaspace: 78285K(79616K)->78285K(79616K) NonClass: 68720K(69312K)->68720K(69312K) Class: 9565K(10304K)->9565K(10304K)
[2272.711s][info][gc             ] GC(851) Pause Young (Allocation Failure) 1428M->86M(4087M) 3.606ms
[2272.711s][info][gc,cpu         ] GC(851) User=0.00s Sys=0.00s Real=0.00s
[2276.761s][info][gc,start       ] GC(852) Pause Young (Allocation Failure)
[2276.763s][info][gc,heap        ] GC(852) PSYoungGen: 1382378K(1388544K)->4136K(1389056K) Eden: 1376476K(1379328K)->0K(1380352K) From: 5902K(9216K)->4136K(8704K)
[2276.763s][info][gc,heap        ] GC(852) ParOldGen: 82550K(2796544K)->85195K(2796544K)
[2276.763s][info][gc,metaspace   ] GC(852) Metaspace: 78285K(79616K)->78285K(79616K) NonClass: 68720K(69312K)->68720K(69312K) Class: 9565K(10304K)->9565K(10304K)
[2276.763s][info][gc             ] GC(852) Pause Young (Allocation Failure) 1430M->87M(4087M) 2.317ms
[2276.763s][info][gc,cpu         ] GC(852) User=0.02s Sys=0.00s Real=0.00s
[2279.110s][info][gc,start       ] GC(853) Pause Young (Allocation Failure)
[2279.113s][info][gc,heap        ] GC(853) PSYoungGen: 1384488K(1389056K)->6047K(1389056K) Eden: 1380352K(1380352K)->0K(1380352K) From: 4136K(8704K)->6047K(8704K)
[2279.113s][info][gc,heap        ] GC(853) ParOldGen: 85195K(2796544K)->88291K(2796544K)
[2279.113s][info][gc,metaspace   ] GC(853) Metaspace: 78285K(79616K)->78285K(79616K) NonClass: 68720K(69312K)->68720K(69312K) Class: 9565K(10304K)->9565K(10304K)
[2279.113s][info][gc             ] GC(853) Pause Young (Allocation Failure) 1435M->92M(4087M) 3.248ms
[2279.113s][info][gc,cpu         ] GC(853) User=0.00s Sys=0.00s Real=0.01s
[2283.792s][info][gc,start       ] GC(854) Pause Young (Allocation Failure)
[2283.796s][info][gc,heap        ] GC(854) PSYoungGen: 1386399K(1389056K)->5127K(1389056K) Eden: 1380352K(1380352K)->0K(1380352K) From: 6047K(8704K)->5127K(8704K)
[2283.796s][info][gc,heap        ] GC(854) ParOldGen: 88291K(2796544K)->92527K(2796544K)
[2283.796s][info][gc,metaspace   ] GC(854) Metaspace: 78285K(79616K)->78285K(79616K) NonClass: 68720K(69312K)->68720K(69312K) Class: 9565K(10304K)->9565K(10304K)
[2283.796s][info][gc             ] GC(854) Pause Young (Allocation Failure) 1440M->95M(4087M) 3.157ms
[2283.796s][info][gc,cpu         ] GC(854) User=0.00s Sys=0.00s Real=0.00s
[2285.976s][info][gc,start       ] GC(855) Pause Young (Allocation Failure)
[2285.979s][info][gc,heap        ] GC(855) PSYoungGen: 1385479K(1389056K)->6987K(1389056K) Eden: 1380352K(1380352K)->0K(1380352K) From: 5127K(8704K)->6987K(8704K)
[2285.979s][info][gc,heap        ] GC(855) ParOldGen: 92527K(2796544K)->95542K(2796544K)
[2285.979s][info][gc,metaspace   ] GC(855) Metaspace: 78285K(79616K)->78285K(79616K) NonClass: 68720K(69312K)->68720K(69312K) Class: 9565K(10304K)->9565K(10304K)
[2285.979s][info][gc             ] GC(855) Pause Young (Allocation Failure) 1443M->100M(4087M) 3.155ms
[2285.979s][info][gc,cpu         ] GC(855) User=0.00s Sys=0.00s Real=0.00s
[2290.042s][info][gc,start       ] GC(856) Pause Young (Allocation Failure)
[2290.048s][info][gc,heap        ] GC(856) PSYoungGen: 1387339K(1389056K)->7338K(1388032K) Eden: 1380352K(1380352K)->0K(1379328K) From: 6987K(8704K)->7338K(8704K)
[2290.048s][info][gc,heap        ] GC(856) ParOldGen: 95542K(2796544K)->100188K(2796544K)
[2290.048s][info][gc,metaspace   ] GC(856) Metaspace: 78285K(79616K)->78285K(79616K) NonClass: 68720K(69312K)->68720K(69312K) Class: 9565K(10304K)->9565K(10304K)
[2290.048s][info][gc             ] GC(856) Pause Young (Allocation Failure) 1448M->105M(4086M) 5.239ms
[2290.048s][info][gc,cpu         ] GC(856) User=0.00s Sys=0.00s Real=0.00s
[2293.010s][info][gc,start       ] GC(857) Pause Young (Allocation Failure)
[2293.013s][info][gc,heap        ] GC(857) PSYoungGen: 1386666K(1388032K)->6942K(1388544K) Eden: 1379328K(1379328K)->0K(1379328K) From: 7338K(8704K)->6942K(9216K)
[2293.013s][info][gc,heap        ] GC(857) ParOldGen: 100188K(2796544K)->104006K(2796544K)
[2293.013s][info][gc,metaspace   ] GC(857) Metaspace: 78285K(79616K)->78285K(79616K) NonClass: 68720K(69312K)->68720K(69312K) Class: 9565K(10304K)->9565K(10304K)
[2293.013s][info][gc             ] GC(857) Pause Young (Allocation Failure) 1452M->108M(4087M) 3.481ms
[2293.013s][info][gc,cpu         ] GC(857) User=0.09s Sys=0.00s Real=0.00s
[2295.533s][info][gc,start       ] GC(858) Pause Young (Allocation Failure)
[2295.536s][info][gc,heap        ] GC(858) PSYoungGen: 1382956K(1388544K)->5179K(1388544K) Eden: 1376014K(1379328K)->0K(1379328K) From: 6942K(9216K)->5179K(9216K)
[2295.536s][info][gc,heap        ] GC(858) ParOldGen: 104006K(2796544K)->108915K(2796544K)
[2295.536s][info][gc,metaspace   ] GC(858) Metaspace: 78285K(79616K)->78285K(79616K) NonClass: 68720K(69312K)->68720K(69312K) Class: 9565K(10304K)->9565K(10304K)
[2295.536s][info][gc             ] GC(858) Pause Young (Allocation Failure) 1452M->111M(4087M) 2.904ms
[2295.536s][info][gc,cpu         ] GC(858) User=0.00s Sys=0.00s Real=0.00s
[2297.696s][info][gc,start       ] GC(859) Pause Young (Allocation Failure)
[2297.699s][info][gc,heap        ] GC(859) PSYoungGen: 1384507K(1388544K)->7308K(1388544K) Eden: 1379328K(1379328K)->0K(1379328K) From: 5179K(9216K)->7308K(9216K)
[2297.699s][info][gc,heap        ] GC(859) ParOldGen: 108915K(2796544K)->113054K(2796544K)
[2297.699s][info][gc,metaspace   ] GC(859) Metaspace: 78287K(79616K)->78287K(79616K) NonClass: 68722K(69312K)->68722K(69312K) Class: 9565K(10304K)->9565K(10304K)
[2297.699s][info][gc             ] GC(859) Pause Young (Allocation Failure) 1458M->117M(4087M) 3.263ms
[2297.699s][info][gc,cpu         ] GC(859) User=0.09s Sys=0.00s Real=0.01s
[2300.386s][info][gc,start       ] GC(860) Pause Young (Allocation Failure)
[2300.389s][info][gc,heap        ] GC(860) PSYoungGen: 1386636K(1388544K)->6669K(1388544K) Eden: 1379328K(1379328K)->0K(1379328K) From: 7308K(9216K)->6669K(9216K)
[2300.389s][info][gc,heap        ] GC(860) ParOldGen: 113054K(2796544K)->118031K(2796544K)
[2300.389s][info][gc,metaspace   ] GC(860) Metaspace: 78287K(79616K)->78287K(79616K) NonClass: 68722K(69312K)->68722K(69312K) Class: 9565K(10304K)->9565K(10304K)
[2300.389s][info][gc             ] GC(860) Pause Young (Allocation Failure) 1464M->121M(4087M) 3.229ms
[2300.389s][info][gc,cpu         ] GC(860) User=0.00s Sys=0.00s Real=0.00s
[2303.777s][info][gc,start       ] GC(861) Pause Young (Allocation Failure)
[2303.780s][info][gc,heap        ] GC(861) PSYoungGen: 1385997K(1388544K)->5142K(1388544K) Eden: 1379328K(1379328K)->0K(1379328K) From: 6669K(9216K)->5142K(9216K)
[2303.780s][info][gc,heap        ] GC(861) ParOldGen: 118031K(2796544K)->122322K(2796544K)
[2303.780s][info][gc,metaspace   ] GC(861) Metaspace: 78287K(79616K)->78287K(79616K) NonClass: 68722K(69312K)->68722K(69312K) Class: 9565K(10304K)->9565K(10304K)
[2303.780s][info][gc             ] GC(861) Pause Young (Allocation Failure) 1468M->124M(4087M) 3.093ms
[2303.780s][info][gc,cpu         ] GC(861) User=0.00s Sys=0.00s Real=0.00s
[2303.931s][info][gc,start       ] GC(862) Pause Young (System.gc())
[2303.932s][info][gc,heap        ] GC(862) PSYoungGen: 243886K(1388544K)->480K(1387520K) Eden: 238743K(1379328K)->0K(1378304K) From: 5142K(9216K)->480K(9216K)
[2303.932s][info][gc,heap        ] GC(862) ParOldGen: 122322K(2796544K)->124110K(2796544K)
[2303.932s][info][gc,metaspace   ] GC(862) Metaspace: 78287K(79616K)->78287K(79616K) NonClass: 68722K(69312K)->68722K(69312K) Class: 9565K(10304K)->9565K(10304K)
[2303.932s][info][gc             ] GC(862) Pause Young (System.gc()) 357M->121M(4086M) 1.373ms
[2303.932s][info][gc,cpu         ] GC(862) User=0.00s Sys=0.00s Real=0.00s
[2303.932s][info][gc,start       ] GC(863) Pause Full (System.gc())
[2303.932s][info][gc,phases,start] GC(863) Marking Phase
[2303.959s][info][gc,phases      ] GC(863) Marking Phase 26.537ms
[2303.959s][info][gc,phases,start] GC(863) Summary Phase
[2303.959s][info][gc,phases      ] GC(863) Summary Phase 0.012ms
[2303.959s][info][gc,phases,start] GC(863) Adjust Roots
[2303.970s][info][gc,phases      ] GC(863) Adjust Roots 10.828ms
[2303.970s][info][gc,phases,start] GC(863) Compaction Phase
[2303.981s][info][gc,phases      ] GC(863) Compaction Phase 10.799ms
[2303.981s][info][gc,phases,start] GC(863) Post Compact
[2303.982s][info][gc,phases      ] GC(863) Post Compact 1.039ms
[2303.982s][info][gc,heap        ] GC(863) PSYoungGen: 480K(1387520K)->0K(1387520K) Eden: 0K(1378304K)->0K(1378304K) From: 480K(9216K)->0K(9216K)
[2303.982s][info][gc,heap        ] GC(863) ParOldGen: 124110K(2796544K)->79380K(2796544K)
[2303.982s][info][gc,metaspace   ] GC(863) Metaspace: 78287K(79616K)->78287K(79616K) NonClass: 68722K(69312K)->68722K(69312K) Class: 9565K(10304K)->9565K(10304K)
[2303.982s][info][gc             ] GC(863) Pause Full (System.gc()) 121M->77M(4086M) 49.548ms
[2303.982s][info][gc,cpu         ] GC(863) User=0.22s Sys=0.00s Real=0.05s
[2307.250s][info][gc,start       ] GC(864) Pause Young (Allocation Failure)
[2307.252s][info][gc,heap        ] GC(864) PSYoungGen: 1378304K(1387520K)->5078K(1388032K) Eden: 1378304K(1378304K)->0K(1378304K) From: 0K(9216K)->5078K(9728K)
[2307.252s][info][gc,heap        ] GC(864) ParOldGen: 79380K(2796544K)->79380K(2796544K)
[2307.252s][info][gc,metaspace   ] GC(864) Metaspace: 78287K(79616K)->78287K(79616K) NonClass: 68722K(69312K)->68722K(69312K) Class: 9565K(10304K)->9565K(10304K)
[2307.252s][info][gc             ] GC(864) Pause Young (Allocation Failure) 1423M->82M(4086M) 2.286ms
[2307.252s][info][gc,cpu         ] GC(864) User=0.00s Sys=0.00s Real=0.00s
[2309.993s][info][gc,start       ] GC(865) Pause Young (Allocation Failure)
[2309.997s][info][gc,heap        ] GC(865) PSYoungGen: 1380367K(1388032K)->9187K(1376256K) Eden: 1375288K(1378304K)->0K(1367040K) From: 5078K(9728K)->9187K(9216K)
[2309.997s][info][gc,heap        ] GC(865) ParOldGen: 79380K(2796544K)->92798K(2796544K)
[2309.997s][info][gc,metaspace   ] GC(865) Metaspace: 78287K(79616K)->78287K(79616K) NonClass: 68722K(69312K)->68722K(69312K) Class: 9565K(10304K)->9565K(10304K)
[2309.997s][info][gc             ] GC(865) Pause Young (Allocation Failure) 1425M->99M(4075M) 4.143ms
[2309.997s][info][gc,cpu         ] GC(865) User=0.08s Sys=0.00s Real=0.00s
[2313.936s][info][gc,start       ] GC(866) Pause Young (Allocation Failure)
[2313.939s][info][gc,heap        ] GC(866) PSYoungGen: 1376227K(1376256K)->4919K(1382400K) Eden: 1367040K(1367040K)->0K(1367040K) From: 9187K(9216K)->4919K(15360K)
[2313.939s][info][gc,heap        ] GC(866) ParOldGen: 92798K(2796544K)->95187K(2796544K)
[2313.939s][info][gc,metaspace   ] GC(866) Metaspace: 78287K(79616K)->78287K(79616K) NonClass: 68722K(69312K)->68722K(69312K) Class: 9565K(10304K)->9565K(10304K)
[2313.939s][info][gc             ] GC(866) Pause Young (Allocation Failure) 1434M->97M(4081M) 3.023ms
[2313.939s][info][gc,cpu         ] GC(866) User=0.00s Sys=0.00s Real=0.00s
[2316.358s][info][gc,start       ] GC(867) Pause Young (Allocation Failure)
[2316.361s][info][gc,heap        ] GC(867) PSYoungGen: 1371959K(1382400K)->6163K(1383424K) Eden: 1367040K(1367040K)->0K(1368576K) From: 4919K(15360K)->6163K(14848K)
[2316.361s][info][gc,heap        ] GC(867) ParOldGen: 95187K(2796544K)->98295K(2796544K)
[2316.361s][info][gc,metaspace   ] GC(867) Metaspace: 78287K(79616K)->78287K(79616K) NonClass: 68722K(69312K)->68722K(69312K) Class: 9565K(10304K)->9565K(10304K)
[2316.361s][info][gc             ] GC(867) Pause Young (Allocation Failure) 1432M->102M(4082M) 3.388ms
[2316.361s][info][gc,cpu         ] GC(867) User=0.00s Sys=0.00s Real=0.01s
[2320.798s][info][gc,start       ] GC(868) Pause Young (Allocation Failure)
[2320.802s][info][gc,heap        ] GC(868) PSYoungGen: 1374739K(1383424K)->4905K(1382912K) Eden: 1368576K(1368576K)->0K(1368576K) From: 6163K(14848K)->4905K(14336K)
[2320.802s][info][gc,heap        ] GC(868) ParOldGen: 98295K(2796544K)->102525K(2796544K)
[2320.802s][info][gc,metaspace   ] GC(868) Metaspace: 78287K(79616K)->78287K(79616K) NonClass: 68722K(69312K)->68722K(69312K) Class: 9565K(10304K)->9565K(10304K)
[2320.802s][info][gc             ] GC(868) Pause Young (Allocation Failure) 1438M->104M(4081M) 4.030ms
[2320.802s][info][gc,cpu         ] GC(868) User=0.00s Sys=0.00s Real=0.00s
[2323.001s][info][gc,start       ] GC(869) Pause Young (Allocation Failure)
[2323.004s][info][gc,heap        ] GC(869) PSYoungGen: 1373481K(1382912K)->7074K(1384448K) Eden: 1368576K(1368576K)->0K(1370624K) From: 4905K(14336K)->7074K(13824K)
[2323.004s][info][gc,heap        ] GC(869) ParOldGen: 102525K(2796544K)->105450K(2796544K)
[2323.004s][info][gc,metaspace   ] GC(869) Metaspace: 78287K(79616K)->78287K(79616K) NonClass: 68722K(69312K)->68722K(69312K) Class: 9565K(10304K)->9565K(10304K)
[2323.004s][info][gc             ] GC(869) Pause Young (Allocation Failure) 1441M->109M(4083M) 3.162ms
[2323.004s][info][gc,cpu         ] GC(869) User=0.00s Sys=0.00s Real=0.00s
[2327.139s][info][gc,start       ] GC(870) Pause Young (Allocation Failure)
[2327.144s][info][gc,heap        ] GC(870) PSYoungGen: 1377698K(1384448K)->7291K(1383936K) Eden: 1370624K(1370624K)->0K(1370624K) From: 7074K(13824K)->7291K(13312K)
[2327.144s][info][gc,heap        ] GC(870) ParOldGen: 105450K(2796544K)->110168K(2796544K)
[2327.144s][info][gc,metaspace   ] GC(870) Metaspace: 78287K(79616K)->78287K(79616K) NonClass: 68722K(69312K)->68722K(69312K) Class: 9565K(10304K)->9565K(10304K)
[2327.144s][info][gc             ] GC(870) Pause Young (Allocation Failure) 1448M->114M(4082M) 4.498ms
[2327.144s][info][gc,cpu         ] GC(870) User=0.00s Sys=0.00s Real=0.01s
[2330.168s][info][gc,start       ] GC(871) Pause Young (Allocation Failure)
[2330.171s][info][gc,heap        ] GC(871) PSYoungGen: 1377915K(1383936K)->5519K(1384960K) Eden: 1370624K(1370624K)->0K(1372160K) From: 7291K(13312K)->5519K(12800K)
[2330.171s][info][gc,heap        ] GC(871) ParOldGen: 110168K(2796544K)->114070K(2796544K)
[2330.171s][info][gc,metaspace   ] GC(871) Metaspace: 78287K(79616K)->78287K(79616K) NonClass: 68722K(69312K)->68722K(69312K) Class: 9565K(10304K)->9565K(10304K)
[2330.172s][info][gc             ] GC(871) Pause Young (Allocation Failure) 1453M->116M(4083M) 3.744ms
[2330.172s][info][gc,cpu         ] GC(871) User=0.00s Sys=0.00s Real=0.00s
[2332.387s][info][gc,start       ] GC(872) Pause Young (Allocation Failure)
[2332.390s][info][gc,heap        ] GC(872) PSYoungGen: 1377679K(1384960K)->6299K(1384960K) Eden: 1372160K(1372160K)->0K(1372160K) From: 5519K(12800K)->6299K(12800K)
[2332.390s][info][gc,heap        ] GC(872) ParOldGen: 114070K(2796544K)->118160K(2796544K)
[2332.390s][info][gc,metaspace   ] GC(872) Metaspace: 78287K(79616K)->78287K(79616K) NonClass: 68722K(69312K)->68722K(69312K) Class: 9565K(10304K)->9565K(10304K)
[2332.390s][info][gc             ] GC(872) Pause Young (Allocation Failure) 1456M->121M(4083M) 3.746ms
[2332.390s][info][gc,cpu         ] GC(872) User=0.00s Sys=0.00s Real=0.01s
[2334.828s][info][gc,start       ] GC(873) Pause Young (Allocation Failure)
[2334.831s][info][gc,heap        ] GC(873) PSYoungGen: 1378459K(1384960K)->5792K(1385984K) Eden: 1372160K(1372160K)->0K(1373696K) From: 6299K(12800K)->5792K(12288K)
[2334.831s][info][gc,heap        ] GC(873) ParOldGen: 118160K(2796544K)->123135K(2796544K)
[2334.831s][info][gc,metaspace   ] GC(873) Metaspace: 78287K(79616K)->78287K(79616K) NonClass: 68722K(69312K)->68722K(69312K) Class: 9565K(10304K)->9565K(10304K)
[2334.831s][info][gc             ] GC(873) Pause Young (Allocation Failure) 1461M->125M(4084M) 3.331ms
[2334.831s][info][gc,cpu         ] GC(873) User=0.00s Sys=0.00s Real=0.00s
[2337.556s][info][gc,start       ] GC(874) Pause Young (Allocation Failure)
[2337.561s][info][gc,heap        ] GC(874) PSYoungGen: 1378048K(1385984K)->11482K(1385472K) Eden: 1372255K(1373696K)->0K(1373696K) From: 5792K(12288K)->11482K(11776K)
[2337.561s][info][gc,heap        ] GC(874) ParOldGen: 123135K(2796544K)->140026K(2796544K)
[2337.561s][info][gc,metaspace   ] GC(874) Metaspace: 78287K(79616K)->78287K(79616K) NonClass: 68722K(69312K)->68722K(69312K) Class: 9565K(10304K)->9565K(10304K)
[2337.561s][info][gc             ] GC(874) Pause Young (Allocation Failure) 1466M->147M(4084M) 5.450ms
[2337.561s][info][gc,cpu         ] GC(874) User=0.09s Sys=0.00s Real=0.00s
[2340.880s][info][gc,start       ] GC(875) Pause Young (Allocation Failure)
[2340.883s][info][gc,heap        ] GC(875) PSYoungGen: 1385178K(1385472K)->5631K(1384448K) Eden: 1373696K(1373696K)->0K(1372160K) From: 11482K(11776K)->5631K(12288K)
[2340.883s][info][gc,heap        ] GC(875) ParOldGen: 140026K(2796544K)->142661K(2796544K)
[2340.883s][info][gc,metaspace   ] GC(875) Metaspace: 78287K(79616K)->78287K(79616K) NonClass: 68722K(69312K)->68722K(69312K) Class: 9565K(10304K)->9565K(10304K)
[2340.883s][info][gc             ] GC(875) Pause Young (Allocation Failure) 1489M->144M(4083M) 3.058ms
[2340.883s][info][gc,cpu         ] GC(875) User=0.00s Sys=0.00s Real=0.00s
[2341.249s][info][gc,start       ] GC(876) Pause Young (System.gc())
[2341.251s][info][gc,heap        ] GC(876) PSYoungGen: 370574K(1384448K)->559K(1373184K) Eden: 364943K(1372160K)->0K(1372160K) From: 5631K(12288K)->559K(1024K)
[2341.251s][info][gc,heap        ] GC(876) ParOldGen: 142661K(2796544K)->144910K(2796544K)
[2341.251s][info][gc,metaspace   ] GC(876) Metaspace: 78288K(79616K)->78288K(79616K) NonClass: 68722K(69312K)->68722K(69312K) Class: 9565K(10304K)->9565K(10304K)
[2341.251s][info][gc             ] GC(876) Pause Young (System.gc()) 501M->142M(4072M) 1.564ms
[2341.251s][info][gc,cpu         ] GC(876) User=0.00s Sys=0.00s Real=0.00s
[2341.251s][info][gc,start       ] GC(877) Pause Full (System.gc())
[2341.251s][info][gc,phases,start] GC(877) Marking Phase
[2341.278s][info][gc,phases      ] GC(877) Marking Phase 26.553ms
[2341.278s][info][gc,phases,start] GC(877) Summary Phase
[2341.278s][info][gc,phases      ] GC(877) Summary Phase 0.011ms
[2341.278s][info][gc,phases,start] GC(877) Adjust Roots
[2341.288s][info][gc,phases      ] GC(877) Adjust Roots 10.584ms
[2341.288s][info][gc,phases,start] GC(877) Compaction Phase
[2341.299s][info][gc,phases      ] GC(877) Compaction Phase 11.124ms
[2341.300s][info][gc,phases,start] GC(877) Post Compact
[2341.301s][info][gc,phases      ] GC(877) Post Compact 1.098ms
[2341.301s][info][gc,heap        ] GC(877) PSYoungGen: 559K(1373184K)->0K(1373184K) Eden: 0K(1372160K)->0K(1372160K) From: 559K(1024K)->0K(1024K)
[2341.301s][info][gc,heap        ] GC(877) ParOldGen: 144910K(2796544K)->78525K(2796544K)
[2341.301s][info][gc,metaspace   ] GC(877) Metaspace: 78288K(79616K)->78288K(79616K) NonClass: 68722K(69312K)->68722K(69312K) Class: 9565K(10304K)->9565K(10304K)
[2341.301s][info][gc             ] GC(877) Pause Full (System.gc()) 142M->76M(4072M) 49.682ms
[2341.301s][info][gc,cpu         ] GC(877) User=0.20s Sys=0.00s Real=0.05s
[2344.498s][info][gc,start       ] GC(878) Pause Young (Allocation Failure)
[2344.501s][info][gc,heap        ] GC(878) PSYoungGen: 1372160K(1373184K)->5100K(1384960K) Eden: 1372160K(1372160K)->0K(1371648K) From: 0K(1024K)->5100K(13312K)
[2344.501s][info][gc,heap        ] GC(878) ParOldGen: 78525K(2796544K)->78525K(2796544K)
[2344.501s][info][gc,metaspace   ] GC(878) Metaspace: 78288K(79616K)->78288K(79616K) NonClass: 68722K(69312K)->68722K(69312K) Class: 9565K(10304K)->9565K(10304K)
[2344.501s][info][gc             ] GC(878) Pause Young (Allocation Failure) 1416M->81M(4083M) 2.788ms
[2344.501s][info][gc,cpu         ] GC(878) User=0.00s Sys=0.00s Real=0.00s
[2347.245s][info][gc,start       ] GC(879) Pause Young (Allocation Failure)
[2347.248s][info][gc,heap        ] GC(879) PSYoungGen: 1374166K(1384960K)->6210K(1384448K) Eden: 1369065K(1371648K)->0K(1371648K) From: 5100K(13312K)->6210K(12800K)
[2347.248s][info][gc,heap        ] GC(879) ParOldGen: 78525K(2796544K)->82506K(2796544K)
[2347.248s][info][gc,metaspace   ] GC(879) Metaspace: 78288K(79616K)->78288K(79616K) NonClass: 68722K(69312K)->68722K(69312K) Class: 9565K(10304K)->9565K(10304K)
[2347.248s][info][gc             ] GC(879) Pause Young (Allocation Failure) 1418M->86M(4083M) 2.787ms
[2347.248s][info][gc,cpu         ] GC(879) User=0.09s Sys=0.00s Real=0.00s
[2351.228s][info][gc,start       ] GC(880) Pause Young (Allocation Failure)
[2351.230s][info][gc,heap        ] GC(880) PSYoungGen: 1377858K(1384448K)->4306K(1385984K) Eden: 1371648K(1371648K)->0K(1373696K) From: 6210K(12800K)->4306K(12288K)
[2351.230s][info][gc,heap        ] GC(880) ParOldGen: 82506K(2796544K)->85147K(2796544K)
[2351.230s][info][gc,metaspace   ] GC(880) Metaspace: 78288K(79616K)->78288K(79616K) NonClass: 68722K(69312K)->68722K(69312K) Class: 9565K(10304K)->9565K(10304K)
[2351.230s][info][gc             ] GC(880) Pause Young (Allocation Failure) 1426M->87M(4084M) 2.495ms
[2351.230s][info][gc,cpu         ] GC(880) User=0.08s Sys=0.00s Real=0.00s
[2353.670s][info][gc,start       ] GC(881) Pause Young (Allocation Failure)
[2353.673s][info][gc,heap        ] GC(881) PSYoungGen: 1378002K(1385984K)->5865K(1385472K) Eden: 1373696K(1373696K)->0K(1373696K) From: 4306K(12288K)->5865K(11776K)
[2353.673s][info][gc,heap        ] GC(881) ParOldGen: 85147K(2796544K)->88241K(2796544K)
[2353.673s][info][gc,metaspace   ] GC(881) Metaspace: 78288K(79616K)->78288K(79616K) NonClass: 68722K(69312K)->68722K(69312K) Class: 9565K(10304K)->9565K(10304K)
[2353.673s][info][gc             ] GC(881) Pause Young (Allocation Failure) 1428M->91M(4084M) 3.232ms
[2353.673s][info][gc,cpu         ] GC(881) User=0.00s Sys=0.00s Real=0.02s
[2358.189s][info][gc,start       ] GC(882) Pause Young (Allocation Failure)
[2358.192s][info][gc,heap        ] GC(882) PSYoungGen: 1379367K(1385472K)->3971K(1386496K) Eden: 1373502K(1373696K)->0K(1375232K) From: 5865K(11776K)->3971K(11264K)
[2358.192s][info][gc,heap        ] GC(882) ParOldGen: 88241K(2796544K)->92480K(2796544K)
[2358.192s][info][gc,metaspace   ] GC(882) Metaspace: 78288K(79616K)->78288K(79616K) NonClass: 68722K(69312K)->68722K(69312K) Class: 9565K(10304K)->9565K(10304K)
[2358.192s][info][gc             ] GC(882) Pause Young (Allocation Failure) 1433M->94M(4085M) 2.776ms
[2358.192s][info][gc,cpu         ] GC(882) User=0.00s Sys=0.00s Real=0.01s
[2360.395s][info][gc,start       ] GC(883) Pause Young (Allocation Failure)
[2360.398s][info][gc,heap        ] GC(883) PSYoungGen: 1378601K(1386496K)->6246K(1386496K) Eden: 1374629K(1375232K)->0K(1375232K) From: 3971K(11264K)->6246K(11264K)
[2360.398s][info][gc,heap        ] GC(883) ParOldGen: 92480K(2796544K)->95427K(2796544K)
[2360.399s][info][gc,metaspace   ] GC(883) Metaspace: 78288K(79616K)->78288K(79616K) NonClass: 68722K(69312K)->68722K(69312K) Class: 9565K(10304K)->9565K(10304K)
[2360.399s][info][gc             ] GC(883) Pause Young (Allocation Failure) 1436M->99M(4085M) 3.722ms
[2360.399s][info][gc,cpu         ] GC(883) User=0.00s Sys=0.00s Real=0.00s
[2364.551s][info][gc,start       ] GC(884) Pause Young (Allocation Failure)
[2364.554s][info][gc,heap        ] GC(884) PSYoungGen: 1380574K(1386496K)->5184K(1387520K) Eden: 1374328K(1375232K)->0K(1376768K) From: 6246K(11264K)->5184K(10752K)
[2364.554s][info][gc,heap        ] GC(884) ParOldGen: 95427K(2796544K)->100049K(2796544K)
[2364.554s][info][gc,metaspace   ] GC(884) Metaspace: 78288K(79616K)->78288K(79616K) NonClass: 68722K(69312K)->68722K(69312K) Class: 9565K(10304K)->9565K(10304K)
[2364.554s][info][gc             ] GC(884) Pause Young (Allocation Failure) 1441M->102M(4086M) 3.380ms
[2364.555s][info][gc,cpu         ] GC(884) User=0.00s Sys=0.00s Real=0.01s
[2367.493s][info][gc,start       ] GC(885) Pause Young (Allocation Failure)
[2367.497s][info][gc,heap        ] GC(885) PSYoungGen: 1381952K(1387520K)->7136K(1387008K) Eden: 1376768K(1376768K)->0K(1376768K) From: 5184K(10752K)->7136K(10240K)
[2367.497s][info][gc,heap        ] GC(885) ParOldGen: 100049K(2796544K)->103850K(2796544K)
[2367.497s][info][gc,metaspace   ] GC(885) Metaspace: 78288K(79616K)->78288K(79616K) NonClass: 68722K(69312K)->68722K(69312K) Class: 9565K(10304K)->9565K(10304K)
[2367.497s][info][gc             ] GC(885) Pause Young (Allocation Failure) 1447M->108M(4085M) 3.192ms
[2367.497s][info][gc,cpu         ] GC(885) User=0.09s Sys=0.00s Real=0.01s
[2369.699s][info][gc,start       ] GC(886) Pause Young (Allocation Failure)
[2369.704s][info][gc,heap        ] GC(886) PSYoungGen: 1383904K(1387008K)->6957K(1387520K) Eden: 1376768K(1376768K)->0K(1377280K) From: 7136K(10240K)->6957K(10240K)
[2369.704s][info][gc,heap        ] GC(886) ParOldGen: 103850K(2796544K)->107951K(2796544K)
[2369.704s][info][gc,metaspace   ] GC(886) Metaspace: 78288K(79616K)->78288K(79616K) NonClass: 68722K(69312K)->68722K(69312K) Class: 9565K(10304K)->9565K(10304K)
[2369.704s][info][gc             ] GC(886) Pause Young (Allocation Failure) 1452M->112M(4086M) 5.182ms
[2369.704s][info][gc,cpu         ] GC(886) User=0.00s Sys=0.00s Real=0.02s
[2372.071s][info][gc,start       ] GC(887) Pause Young (Allocation Failure)
[2372.075s][info][gc,heap        ] GC(887) PSYoungGen: 1384237K(1387520K)->5886K(1387520K) Eden: 1377280K(1377280K)->0K(1377280K) From: 6957K(10240K)->5886K(10240K)
[2372.075s][info][gc,heap        ] GC(887) ParOldGen: 107951K(2796544K)->112921K(2796544K)
[2372.075s][info][gc,metaspace   ] GC(887) Metaspace: 78288K(79616K)->78288K(79616K) NonClass: 68722K(69312K)->68722K(69312K) Class: 9565K(10304K)->9565K(10304K)
[2372.075s][info][gc             ] GC(887) Pause Young (Allocation Failure) 1457M->116M(4086M) 3.370ms
[2372.075s][info][gc,cpu         ] GC(887) User=0.09s Sys=0.00s Real=0.01s
[2374.748s][info][gc,start       ] GC(888) Pause Young (Allocation Failure)
[2374.752s][info][gc,heap        ] GC(888) PSYoungGen: 1379470K(1387520K)->6035K(1388032K) Eden: 1373584K(1377280K)->0K(1377792K) From: 5886K(10240K)->6035K(10240K)
[2374.752s][info][gc,heap        ] GC(888) ParOldGen: 112921K(2796544K)->117500K(2796544K)
[2374.752s][info][gc,metaspace   ] GC(888) Metaspace: 78288K(79616K)->78288K(79616K) NonClass: 68722K(69312K)->68722K(69312K) Class: 9565K(10304K)->9565K(10304K)
[2374.752s][info][gc             ] GC(888) Pause Young (Allocation Failure) 1457M->120M(4086M) 4.352ms
[2374.752s][info][gc,cpu         ] GC(888) User=0.00s Sys=0.00s Real=0.00s
[2378.137s][info][gc,start       ] GC(889) Pause Young (Allocation Failure)
[2378.140s][info][gc,heap        ] GC(889) PSYoungGen: 1383827K(1388032K)->5730K(1387520K) Eden: 1377792K(1377792K)->0K(1377792K) From: 6035K(10240K)->5730K(9728K)
[2378.140s][info][gc,heap        ] GC(889) ParOldGen: 117500K(2796544K)->120087K(2796544K)
[2378.140s][info][gc,metaspace   ] GC(889) Metaspace: 78288K(79616K)->78288K(79616K) NonClass: 68722K(69312K)->68722K(69312K) Class: 9565K(10304K)->9565K(10304K)
[2378.140s][info][gc             ] GC(889) Pause Young (Allocation Failure) 1466M->122M(4086M) 2.906ms
[2378.140s][info][gc,cpu         ] GC(889) User=0.00s Sys=0.00s Real=0.00s
[2378.411s][info][gc,start       ] GC(890) Pause Young (System.gc())
[2378.413s][info][gc,heap        ] GC(890) PSYoungGen: 325569K(1387520K)->544K(1386496K) Eden: 319839K(1377792K)->0K(1377280K) From: 5730K(9728K)->544K(9216K)
[2378.413s][info][gc,heap        ] GC(890) ParOldGen: 120087K(2796544K)->122478K(2796544K)
[2378.413s][info][gc,metaspace   ] GC(890) Metaspace: 78291K(79616K)->78291K(79616K) NonClass: 68726K(69312K)->68726K(69312K) Class: 9565K(10304K)->9565K(10304K)
[2378.413s][info][gc             ] GC(890) Pause Young (System.gc()) 435M->120M(4085M) 1.431ms
[2378.413s][info][gc,cpu         ] GC(890) User=0.00s Sys=0.00s Real=0.00s
[2378.413s][info][gc,start       ] GC(891) Pause Full (System.gc())
[2378.413s][info][gc,phases,start] GC(891) Marking Phase
[2378.439s][info][gc,phases      ] GC(891) Marking Phase 26.156ms
[2378.439s][info][gc,phases,start] GC(891) Summary Phase
[2378.439s][info][gc,phases      ] GC(891) Summary Phase 0.011ms
[2378.439s][info][gc,phases,start] GC(891) Adjust Roots
[2378.450s][info][gc,phases      ] GC(891) Adjust Roots 10.901ms
[2378.450s][info][gc,phases,start] GC(891) Compaction Phase
[2378.461s][info][gc,phases      ] GC(891) Compaction Phase 11.547ms
[2378.462s][info][gc,phases,start] GC(891) Post Compact
[2378.463s][info][gc,phases      ] GC(891) Post Compact 1.027ms
[2378.463s][info][gc,heap        ] GC(891) PSYoungGen: 544K(1386496K)->0K(1386496K) Eden: 0K(1377280K)->0K(1377280K) From: 544K(9216K)->0K(9216K)
[2378.463s][info][gc,heap        ] GC(891) ParOldGen: 122478K(2796544K)->78541K(2796544K)
[2378.463s][info][gc,metaspace   ] GC(891) Metaspace: 78291K(79616K)->78291K(79616K) NonClass: 68726K(69312K)->68726K(69312K) Class: 9565K(10304K)->9565K(10304K)
[2378.463s][info][gc             ] GC(891) Pause Full (System.gc()) 120M->76M(4085M) 49.942ms
[2378.463s][info][gc,cpu         ] GC(891) User=0.12s Sys=0.00s Real=0.05s
[2381.890s][info][gc,start       ] GC(892) Pause Young (Allocation Failure)
[2381.892s][info][gc,heap        ] GC(892) PSYoungGen: 1377280K(1386496K)->5132K(1387520K) Eden: 1377280K(1377280K)->0K(1377280K) From: 0K(9216K)->5132K(10240K)
[2381.892s][info][gc,heap        ] GC(892) ParOldGen: 78541K(2796544K)->78541K(2796544K)
[2381.892s][info][gc,metaspace   ] GC(892) Metaspace: 78291K(79616K)->78291K(79616K) NonClass: 68726K(69312K)->68726K(69312K) Class: 9565K(10304K)->9565K(10304K)
[2381.892s][info][gc             ] GC(892) Pause Young (Allocation Failure) 1421M->81M(4086M) 2.277ms
[2381.892s][info][gc,cpu         ] GC(892) User=0.00s Sys=0.00s Real=0.00s
[2384.630s][info][gc,start       ] GC(893) Pause Young (Allocation Failure)
[2384.634s][info][gc,heap        ] GC(893) PSYoungGen: 1381565K(1387520K)->9727K(1376768K) Eden: 1376433K(1377280K)->0K(1367040K) From: 5132K(10240K)->9727K(9728K)
[2384.634s][info][gc,heap        ] GC(893) ParOldGen: 78541K(2796544K)->91265K(2796544K)
[2384.634s][info][gc,metaspace   ] GC(893) Metaspace: 78291K(79616K)->78291K(79616K) NonClass: 68726K(69312K)->68726K(69312K) Class: 9565K(10304K)->9565K(10304K)
[2384.634s][info][gc             ] GC(893) Pause Young (Allocation Failure) 1425M->98M(4075M) 3.946ms
[2384.634s][info][gc,cpu         ] GC(893) User=0.00s Sys=0.00s Real=0.00s
[2388.559s][info][gc,start       ] GC(894) Pause Young (Allocation Failure)
[2388.561s][info][gc,heap        ] GC(894) PSYoungGen: 1376767K(1376768K)->4566K(1382400K) Eden: 1367040K(1367040K)->0K(1367040K) From: 9727K(9728K)->4566K(15360K)
[2388.561s][info][gc,heap        ] GC(894) ParOldGen: 91265K(2796544K)->94030K(2796544K)
[2388.561s][info][gc,metaspace   ] GC(894) Metaspace: 78292K(79616K)->78292K(79616K) NonClass: 68726K(69312K)->68726K(69312K) Class: 9565K(10304K)->9565K(10304K)
[2388.561s][info][gc             ] GC(894) Pause Young (Allocation Failure) 1433M->96M(4081M) 2.398ms
[2388.561s][info][gc,cpu         ] GC(894) User=0.00s Sys=0.00s Real=0.00s
[2391.017s][info][gc,start       ] GC(895) Pause Young (Allocation Failure)
[2391.020s][info][gc,heap        ] GC(895) PSYoungGen: 1371606K(1382400K)->5983K(1383424K) Eden: 1367040K(1367040K)->0K(1368064K) From: 4566K(15360K)->5983K(15360K)
[2391.020s][info][gc,heap        ] GC(895) ParOldGen: 94030K(2796544K)->97147K(2796544K)
[2391.020s][info][gc,metaspace   ] GC(895) Metaspace: 78292K(79616K)->78292K(79616K) NonClass: 68726K(69312K)->68726K(69312K) Class: 9565K(10304K)->9565K(10304K)
[2391.020s][info][gc             ] GC(895) Pause Young (Allocation Failure) 1431M->100M(4082M) 3.061ms
[2391.020s][info][gc,cpu         ] GC(895) User=0.00s Sys=0.00s Real=0.01s
[2395.509s][info][gc,start       ] GC(896) Pause Young (Allocation Failure)
[2395.513s][info][gc,heap        ] GC(896) PSYoungGen: 1374047K(1383424K)->4511K(1382400K) Eden: 1368064K(1368064K)->0K(1368064K) From: 5983K(15360K)->4511K(14336K)
[2395.513s][info][gc,heap        ] GC(896) ParOldGen: 97147K(2796544K)->101401K(2796544K)
[2395.513s][info][gc,metaspace   ] GC(896) Metaspace: 78292K(79616K)->78292K(79616K) NonClass: 68726K(69312K)->68726K(69312K) Class: 9565K(10304K)->9565K(10304K)
[2395.513s][info][gc             ] GC(896) Pause Young (Allocation Failure) 1436M->103M(4081M) 4.444ms
[2395.514s][info][gc,cpu         ] GC(896) User=0.06s Sys=0.00s Real=0.00s
[2397.614s][info][gc,start       ] GC(897) Pause Young (Allocation Failure)
[2397.617s][info][gc,heap        ] GC(897) PSYoungGen: 1372575K(1382400K)->6612K(1384448K) Eden: 1368064K(1368064K)->0K(1370112K) From: 4511K(14336K)->6612K(14336K)
[2397.617s][info][gc,heap        ] GC(897) ParOldGen: 101401K(2796544K)->104287K(2796544K)
[2397.617s][info][gc,metaspace   ] GC(897) Metaspace: 78292K(79616K)->78292K(79616K) NonClass: 68726K(69312K)->68726K(69312K) Class: 9565K(10304K)->9565K(10304K)
[2397.617s][info][gc             ] GC(897) Pause Young (Allocation Failure) 1439M->108M(4083M) 3.353ms
[2397.618s][info][gc,cpu         ] GC(897) User=0.00s Sys=0.00s Real=0.00s
[2401.743s][info][gc,start       ] GC(898) Pause Young (Allocation Failure)
[2401.747s][info][gc,heap        ] GC(898) PSYoungGen: 1376724K(1384448K)->7186K(1383424K) Eden: 1370112K(1370112K)->0K(1370112K) From: 6612K(14336K)->7186K(13312K)
[2401.747s][info][gc,heap        ] GC(898) ParOldGen: 104287K(2796544K)->108976K(2796544K)
[2401.747s][info][gc,metaspace   ] GC(898) Metaspace: 78297K(79616K)->78297K(79616K) NonClass: 68732K(69312K)->68732K(69312K) Class: 9565K(10304K)->9565K(10304K)
[2401.747s][info][gc             ] GC(898) Pause Young (Allocation Failure) 1446M->113M(4082M) 4.384ms
[2401.747s][info][gc,cpu         ] GC(898) User=0.09s Sys=0.00s Real=0.00s
[2404.711s][info][gc,start       ] GC(899) Pause Young (Allocation Failure)
[2404.714s][info][gc,heap        ] GC(899) PSYoungGen: 1377298K(1383424K)->8269K(1384960K) Eden: 1370112K(1370112K)->0K(1372160K) From: 7186K(13312K)->8269K(12800K)
[2404.714s][info][gc,heap        ] GC(899) ParOldGen: 108976K(2796544K)->112813K(2796544K)
[2404.714s][info][gc,metaspace   ] GC(899) Metaspace: 78297K(79616K)->78297K(79616K) NonClass: 68732K(69312K)->68732K(69312K) Class: 9565K(10304K)->9565K(10304K)
[2404.714s][info][gc             ] GC(899) Pause Young (Allocation Failure) 1451M->118M(4083M) 3.295ms
[2404.714s][info][gc,cpu         ] GC(899) User=0.00s Sys=0.00s Real=0.00s
[2406.915s][info][gc,start       ] GC(900) Pause Young (Allocation Failure)
[2406.918s][info][gc,heap        ] GC(900) PSYoungGen: 1380429K(1384960K)->6513K(1384960K) Eden: 1372160K(1372160K)->0K(1372160K) From: 8269K(12800K)->6513K(12800K)
[2406.918s][info][gc,heap        ] GC(900) ParOldGen: 112813K(2796544K)->116879K(2796544K)
[2406.918s][info][gc,metaspace   ] GC(900) Metaspace: 78297K(79616K)->78297K(79616K) NonClass: 68732K(69312K)->68732K(69312K) Class: 9565K(10304K)->9565K(10304K)
[2406.918s][info][gc             ] GC(900) Pause Young (Allocation Failure) 1458M->120M(4083M) 3.866ms
[2406.918s][info][gc,cpu         ] GC(900) User=0.08s Sys=0.00s Real=0.00s
[2409.391s][info][gc,start       ] GC(901) Pause Young (Allocation Failure)
[2409.394s][info][gc,heap        ] GC(901) PSYoungGen: 1378673K(1384960K)->5774K(1385472K) Eden: 1372160K(1372160K)->0K(1373184K) From: 6513K(12800K)->5774K(12288K)
[2409.394s][info][gc,heap        ] GC(901) ParOldGen: 116879K(2796544K)->121855K(2796544K)
[2409.394s][info][gc,metaspace   ] GC(901) Metaspace: 78297K(79616K)->78297K(79616K) NonClass: 68732K(69312K)->68732K(69312K) Class: 9565K(10304K)->9565K(10304K)
[2409.394s][info][gc             ] GC(901) Pause Young (Allocation Failure) 1460M->124M(4084M) 3.508ms
[2409.394s][info][gc,cpu         ] GC(901) User=0.00s Sys=0.00s Real=0.02s
[2412.099s][info][gc,start       ] GC(902) Pause Young (Allocation Failure)
[2412.103s][info][gc,heap        ] GC(902) PSYoungGen: 1377262K(1385472K)->11253K(1384448K) Eden: 1371487K(1373184K)->0K(1373184K) From: 5774K(12288K)->11253K(11264K)
[2412.103s][info][gc,heap        ] GC(902) ParOldGen: 121855K(2796544K)->126480K(2796544K)
[2412.103s][info][gc,metaspace   ] GC(902) Metaspace: 78298K(79616K)->78298K(79616K) NonClass: 68732K(69312K)->68732K(69312K) Class: 9565K(10304K)->9565K(10304K)
[2412.103s][info][gc             ] GC(902) Pause Young (Allocation Failure) 1463M->134M(4083M) 4.284ms
[2412.103s][info][gc,cpu         ] GC(902) User=0.00s Sys=0.00s Real=0.00s
[2415.412s][info][gc,start       ] GC(903) Pause Young (Allocation Failure)
[2415.416s][info][gc,heap        ] GC(903) PSYoungGen: 1384437K(1384448K)->6334K(1384960K) Eden: 1373184K(1373184K)->0K(1371648K) From: 11253K(11264K)->6334K(13312K)
[2415.416s][info][gc,heap        ] GC(903) ParOldGen: 126480K(2796544K)->129098K(2796544K)
[2415.416s][info][gc,metaspace   ] GC(903) Metaspace: 78298K(79616K)->78298K(79616K) NonClass: 68733K(69312K)->68733K(69312K) Class: 9565K(10304K)->9565K(10304K)
[2415.416s][info][gc             ] GC(903) Pause Young (Allocation Failure) 1475M->132M(4083M) 3.213ms
[2415.416s][info][gc,cpu         ] GC(903) User=0.00s Sys=0.00s Real=0.00s
[2415.813s][info][gc,start       ] GC(904) Pause Young (System.gc())
[2415.815s][info][gc,heap        ] GC(904) PSYoungGen: 368617K(1384960K)->559K(1384448K) Eden: 362283K(1371648K)->0K(1371648K) From: 6334K(13312K)->559K(12800K)
[2415.815s][info][gc,heap        ] GC(904) ParOldGen: 129098K(2796544K)->131305K(2796544K)
[2415.815s][info][gc,metaspace   ] GC(904) Metaspace: 78300K(79616K)->78300K(79616K) NonClass: 68734K(69312K)->68734K(69312K) Class: 9565K(10304K)->9565K(10304K)
[2415.815s][info][gc             ] GC(904) Pause Young (System.gc()) 486M->128M(4083M) 1.663ms
[2415.815s][info][gc,cpu         ] GC(904) User=0.00s Sys=0.00s Real=0.00s
[2415.815s][info][gc,start       ] GC(905) Pause Full (System.gc())
[2415.815s][info][gc,phases,start] GC(905) Marking Phase
[2415.845s][info][gc,phases      ] GC(905) Marking Phase 29.837ms
[2415.845s][info][gc,phases,start] GC(905) Summary Phase
[2415.845s][info][gc,phases      ] GC(905) Summary Phase 0.018ms
[2415.845s][info][gc,phases,start] GC(905) Adjust Roots
[2415.858s][info][gc,phases      ] GC(905) Adjust Roots 12.577ms
[2415.858s][info][gc,phases,start] GC(905) Compaction Phase
[2415.869s][info][gc,phases      ] GC(905) Compaction Phase 11.049ms
[2415.869s][info][gc,phases,start] GC(905) Post Compact
[2415.870s][info][gc,phases      ] GC(905) Post Compact 1.246ms
[2415.870s][info][gc,heap        ] GC(905) PSYoungGen: 559K(1384448K)->0K(1384448K) Eden: 0K(1371648K)->0K(1371648K) From: 559K(12800K)->0K(12800K)
[2415.870s][info][gc,heap        ] GC(905) ParOldGen: 131305K(2796544K)->78430K(2796544K)
[2415.870s][info][gc,metaspace   ] GC(905) Metaspace: 78300K(79616K)->78300K(79616K) NonClass: 68734K(69312K)->68734K(69312K) Class: 9565K(10304K)->9565K(10304K)
[2415.870s][info][gc             ] GC(905) Pause Full (System.gc()) 128M->76M(4083M) 55.131ms
[2415.870s][info][gc,cpu         ] GC(905) User=0.12s Sys=0.00s Real=0.05s
[2419.103s][info][gc,start       ] GC(906) Pause Young (Allocation Failure)
[2419.105s][info][gc,heap        ] GC(906) PSYoungGen: 1371648K(1384448K)->5173K(1384960K) Eden: 1371648K(1371648K)->0K(1371648K) From: 0K(12800K)->5173K(13312K)
[2419.105s][info][gc,heap        ] GC(906) ParOldGen: 78430K(2796544K)->78430K(2796544K)
[2419.105s][info][gc,metaspace   ] GC(906) Metaspace: 78303K(79616K)->78303K(79616K) NonClass: 68738K(69312K)->68738K(69312K) Class: 9565K(10304K)->9565K(10304K)
[2419.105s][info][gc             ] GC(906) Pause Young (Allocation Failure) 1416M->81M(4083M) 2.494ms
[2419.105s][info][gc,cpu         ] GC(906) User=0.03s Sys=0.00s Real=0.01s
[2421.849s][info][gc,start       ] GC(907) Pause Young (Allocation Failure)
[2421.853s][info][gc,heap        ] GC(907) PSYoungGen: 1375177K(1384960K)->12779K(1384448K) Eden: 1370004K(1371648K)->0K(1371648K) From: 5173K(13312K)->12779K(12800K)
[2421.853s][info][gc,heap        ] GC(907) ParOldGen: 78430K(2796544K)->87697K(2796544K)
[2421.853s][info][gc,metaspace   ] GC(907) Metaspace: 78303K(79616K)->78303K(79616K) NonClass: 68738K(69312K)->68738K(69312K) Class: 9565K(10304K)->9565K(10304K)
[2421.853s][info][gc             ] GC(907) Pause Young (Allocation Failure) 1419M->98M(4083M) 4.480ms
[2421.854s][info][gc,cpu         ] GC(907) User=0.00s Sys=0.00s Real=0.00s
[2425.817s][info][gc,start       ] GC(908) Pause Young (Allocation Failure)
[2425.820s][info][gc,heap        ] GC(908) PSYoungGen: 1384427K(1384448K)->9307K(1376256K) Eden: 1371648K(1371648K)->0K(1362944K) From: 12779K(12800K)->9307K(13312K)
[2425.820s][info][gc,heap        ] GC(908) ParOldGen: 87697K(2796544K)->90429K(2796544K)
[2425.820s][info][gc,metaspace   ] GC(908) Metaspace: 78303K(79616K)->78303K(79616K) NonClass: 68738K(69312K)->68738K(69312K) Class: 9565K(10304K)->9565K(10304K)
[2425.820s][info][gc             ] GC(908) Pause Young (Allocation Failure) 1437M->97M(4075M) 2.878ms
[2425.820s][info][gc,cpu         ] GC(908) User=0.00s Sys=0.00s Real=0.00s
[2428.245s][info][gc,start       ] GC(909) Pause Young (Allocation Failure)
[2428.248s][info][gc,heap        ] GC(909) PSYoungGen: 1372251K(1376256K)->5631K(1380352K) Eden: 1362944K(1362944K)->0K(1362944K) From: 9307K(13312K)->5631K(17408K)
[2428.248s][info][gc,heap        ] GC(909) ParOldGen: 90429K(2796544K)->97635K(2796544K)
[2428.248s][info][gc,metaspace   ] GC(909) Metaspace: 78303K(79616K)->78303K(79616K) NonClass: 68738K(69312K)->68738K(69312K) Class: 9565K(10304K)->9565K(10304K)
[2428.248s][info][gc             ] GC(909) Pause Young (Allocation Failure) 1428M->100M(4079M) 3.224ms
[2428.248s][info][gc,cpu         ] GC(909) User=0.09s Sys=0.00s Real=0.00s
[2432.670s][info][gc,start       ] GC(910) Pause Young (Allocation Failure)
[2432.673s][info][gc,heap        ] GC(910) PSYoungGen: 1368575K(1380352K)->4887K(1380864K) Eden: 1362944K(1362944K)->0K(1363968K) From: 5631K(17408K)->4887K(16896K)
[2432.673s][info][gc,heap        ] GC(910) ParOldGen: 97635K(2796544K)->101901K(2796544K)
[2432.673s][info][gc,metaspace   ] GC(910) Metaspace: 78303K(79616K)->78303K(79616K) NonClass: 68738K(69312K)->68738K(69312K) Class: 9565K(10304K)->9565K(10304K)
[2432.673s][info][gc             ] GC(910) Pause Young (Allocation Failure) 1431M->104M(4079M) 3.001ms
[2432.673s][info][gc,cpu         ] GC(910) User=0.00s Sys=0.00s Real=0.00s
[2434.818s][info][gc,start       ] GC(911) Pause Young (Allocation Failure)
[2434.821s][info][gc,heap        ] GC(911) PSYoungGen: 1368855K(1380864K)->6669K(1380864K) Eden: 1363968K(1363968K)->0K(1363968K) From: 4887K(16896K)->6669K(16896K)
[2434.821s][info][gc,heap        ] GC(911) ParOldGen: 101901K(2796544K)->104817K(2796544K)
[2434.821s][info][gc,metaspace   ] GC(911) Metaspace: 78303K(79616K)->78303K(79616K) NonClass: 68738K(69312K)->68738K(69312K) Class: 9565K(10304K)->9565K(10304K)
[2434.821s][info][gc             ] GC(911) Pause Young (Allocation Failure) 1436M->108M(4079M) 3.155ms
[2434.821s][info][gc,cpu         ] GC(911) User=0.00s Sys=0.00s Real=0.01s
[2438.975s][info][gc,start       ] GC(912) Pause Young (Allocation Failure)
[2438.978s][info][gc,heap        ] GC(912) PSYoungGen: 1370637K(1380864K)->6333K(1382400K) Eden: 1363968K(1363968K)->0K(1366528K) From: 6669K(16896K)->6333K(15872K)
[2438.978s][info][gc,heap        ] GC(912) ParOldGen: 104817K(2796544K)->109440K(2796544K)
[2438.978s][info][gc,metaspace   ] GC(912) Metaspace: 78303K(79616K)->78303K(79616K) NonClass: 68738K(69312K)->68738K(69312K) Class: 9565K(10304K)->9565K(10304K)
[2438.978s][info][gc             ] GC(912) Pause Young (Allocation Failure) 1440M->113M(4081M) 3.780ms
[2438.978s][info][gc,cpu         ] GC(912) User=0.00s Sys=0.00s Real=0.00s
[2441.860s][info][gc,start       ] GC(913) Pause Young (Allocation Failure)
[2441.864s][info][gc,heap        ] GC(913) PSYoungGen: 1372861K(1382400K)->8763K(1381888K) Eden: 1366528K(1366528K)->0K(1366528K) From: 6333K(15872K)->8763K(15360K)
[2441.864s][info][gc,heap        ] GC(913) ParOldGen: 109440K(2796544K)->113518K(2796544K)
[2441.864s][info][gc,metaspace   ] GC(913) Metaspace: 78303K(79616K)->78303K(79616K) NonClass: 68738K(69312K)->68738K(69312K) Class: 9565K(10304K)->9565K(10304K)
[2441.864s][info][gc             ] GC(913) Pause Young (Allocation Failure) 1447M->119M(4080M) 3.672ms
[2441.864s][info][gc,cpu         ] GC(913) User=0.00s Sys=0.00s Real=0.00s
[2444.071s][info][gc,start       ] GC(914) Pause Young (Allocation Failure)
[2444.074s][info][gc,heap        ] GC(914) PSYoungGen: 1375291K(1381888K)->6392K(1383424K) Eden: 1366528K(1366528K)->0K(1368576K) From: 8763K(15360K)->6392K(14848K)
[2444.075s][info][gc,heap        ] GC(914) ParOldGen: 113518K(2796544K)->117530K(2796544K)
[2444.075s][info][gc,metaspace   ] GC(914) Metaspace: 78303K(79616K)->78303K(79616K) NonClass: 68738K(69312K)->68738K(69312K) Class: 9565K(10304K)->9565K(10304K)
[2444.075s][info][gc             ] GC(914) Pause Young (Allocation Failure) 1453M->121M(4082M) 3.163ms
[2444.075s][info][gc,cpu         ] GC(914) User=0.09s Sys=0.00s Real=0.00s
[2446.623s][info][gc,start       ] GC(915) Pause Young (Allocation Failure)
[2446.627s][info][gc,heap        ] GC(915) PSYoungGen: 1374968K(1383424K)->5916K(1382912K) Eden: 1368576K(1368576K)->0K(1368576K) From: 6392K(14848K)->5916K(14336K)
[2446.627s][info][gc,heap        ] GC(915) ParOldGen: 117530K(2796544K)->122532K(2796544K)
[2446.627s][info][gc,metaspace   ] GC(915) Metaspace: 78303K(79616K)->78303K(79616K) NonClass: 68738K(69312K)->68738K(69312K) Class: 9565K(10304K)->9565K(10304K)
[2446.627s][info][gc             ] GC(915) Pause Young (Allocation Failure) 1457M->125M(4081M) 3.552ms
[2446.627s][info][gc,cpu         ] GC(915) User=0.00s Sys=0.00s Real=0.01s
[2449.390s][info][gc,start       ] GC(916) Pause Young (Allocation Failure)
[2449.395s][info][gc,heap        ] GC(916) PSYoungGen: 1371615K(1382912K)->13816K(1372672K) Eden: 1365699K(1368576K)->0K(1358848K) From: 5916K(14336K)->13816K(13824K)
[2449.395s][info][gc,heap        ] GC(916) ParOldGen: 122532K(2796544K)->132075K(2796544K)
[2449.395s][info][gc,metaspace   ] GC(916) Metaspace: 78303K(79616K)->78303K(79616K) NonClass: 68738K(69312K)->68738K(69312K) Class: 9565K(10304K)->9565K(10304K)
[2449.395s][info][gc             ] GC(916) Pause Young (Allocation Failure) 1459M->142M(4071M) 5.087ms
[2449.395s][info][gc,cpu         ] GC(916) User=0.00s Sys=0.00s Real=0.00s
[2452.683s][info][gc,start       ] GC(917) Pause Young (Allocation Failure)
[2452.686s][info][gc,heap        ] GC(917) PSYoungGen: 1371401K(1372672K)->4728K(1378304K) Eden: 1357584K(1358848K)->0K(1358848K) From: 13816K(13824K)->4728K(19456K)
[2452.686s][info][gc,heap        ] GC(917) ParOldGen: 132075K(2796544K)->134762K(2796544K)
[2452.686s][info][gc,metaspace   ] GC(917) Metaspace: 78303K(79616K)->78303K(79616K) NonClass: 68738K(69312K)->68738K(69312K) Class: 9565K(10304K)->9565K(10304K)
[2452.686s][info][gc             ] GC(917) Pause Young (Allocation Failure) 1468M->136M(4077M) 2.755ms
[2452.686s][info][gc,cpu         ] GC(917) User=0.02s Sys=0.00s Real=0.01s
[2453.112s][info][gc,start       ] GC(918) Pause Young (System.gc())
[2453.114s][info][gc,heap        ] GC(918) PSYoungGen: 423048K(1378304K)->640K(1377792K) Eden: 418320K(1358848K)->0K(1358848K) From: 4728K(19456K)->640K(18944K)
[2453.114s][info][gc,heap        ] GC(918) ParOldGen: 134762K(2796544K)->136948K(2796544K)
[2453.114s][info][gc,metaspace   ] GC(918) Metaspace: 78305K(79616K)->78305K(79616K) NonClass: 68739K(69312K)->68739K(69312K) Class: 9565K(10304K)->9565K(10304K)
[2453.114s][info][gc             ] GC(918) Pause Young (System.gc()) 544M->134M(4076M) 1.337ms
[2453.114s][info][gc,cpu         ] GC(918) User=0.00s Sys=0.00s Real=0.00s
[2453.114s][info][gc,start       ] GC(919) Pause Full (System.gc())
[2453.114s][info][gc,phases,start] GC(919) Marking Phase
[2453.140s][info][gc,phases      ] GC(919) Marking Phase 26.031ms
[2453.140s][info][gc,phases,start] GC(919) Summary Phase
[2453.140s][info][gc,phases      ] GC(919) Summary Phase 0.011ms
[2453.140s][info][gc,phases,start] GC(919) Adjust Roots
[2453.151s][info][gc,phases      ] GC(919) Adjust Roots 10.747ms
[2453.151s][info][gc,phases,start] GC(919) Compaction Phase
[2453.161s][info][gc,phases      ] GC(919) Compaction Phase 10.643ms
[2453.161s][info][gc,phases,start] GC(919) Post Compact
[2453.163s][info][gc,phases      ] GC(919) Post Compact 1.086ms
[2453.163s][info][gc,heap        ] GC(919) PSYoungGen: 640K(1377792K)->0K(1377792K) Eden: 0K(1358848K)->0K(1358848K) From: 640K(18944K)->0K(18944K)
[2453.163s][info][gc,heap        ] GC(919) ParOldGen: 136948K(2796544K)->78650K(2796544K)
[2453.163s][info][gc,metaspace   ] GC(919) Metaspace: 78305K(79616K)->78305K(79616K) NonClass: 68739K(69312K)->68739K(69312K) Class: 9565K(10304K)->9565K(10304K)
[2453.163s][info][gc             ] GC(919) Pause Full (System.gc()) 134M->76M(4076M) 48.822ms
[2453.163s][info][gc,cpu         ] GC(919) User=0.20s Sys=0.00s Real=0.05s
[2456.434s][info][gc,start       ] GC(920) Pause Young (Allocation Failure)
[2456.437s][info][gc,heap        ] GC(920) PSYoungGen: 1358848K(1377792K)->5461K(1378304K) Eden: 1358848K(1358848K)->0K(1358848K) From: 0K(18944K)->5461K(19456K)
[2456.437s][info][gc,heap        ] GC(920) ParOldGen: 78650K(2796544K)->78650K(2796544K)
[2456.437s][info][gc,metaspace   ] GC(920) Metaspace: 78305K(79616K)->78305K(79616K) NonClass: 68739K(69312K)->68739K(69312K) Class: 9565K(10304K)->9565K(10304K)
[2456.437s][info][gc             ] GC(920) Pause Young (Allocation Failure) 1403M->82M(4077M) 2.618ms
[2456.437s][info][gc,cpu         ] GC(920) User=0.00s Sys=0.00s Real=0.00s
[2459.194s][info][gc,start       ] GC(921) Pause Young (Allocation Failure)
[2459.197s][info][gc,heap        ] GC(921) PSYoungGen: 1364309K(1378304K)->5528K(1379840K) Eden: 1358848K(1358848K)->0K(1361408K) From: 5461K(19456K)->5528K(18432K)
[2459.197s][info][gc,heap        ] GC(921) ParOldGen: 78650K(2796544K)->82952K(2796544K)
[2459.197s][info][gc,metaspace   ] GC(921) Metaspace: 78305K(79616K)->78305K(79616K) NonClass: 68739K(69312K)->68739K(69312K) Class: 9565K(10304K)->9565K(10304K)
[2459.197s][info][gc             ] GC(921) Pause Young (Allocation Failure) 1409M->86M(4078M) 2.818ms
[2459.197s][info][gc,cpu         ] GC(921) User=0.00s Sys=0.00s Real=0.00s
[2462.841s][info][gc,start       ] GC(922) Pause Young (Allocation Failure)
[2462.844s][info][gc,heap        ] GC(922) PSYoungGen: 1366936K(1379840K)->6058K(1379328K) Eden: 1361408K(1361408K)->0K(1361408K) From: 5528K(18432K)->6058K(17920K)
[2462.844s][info][gc,heap        ] GC(922) ParOldGen: 82952K(2796544K)->85622K(2796544K)
[2462.844s][info][gc,metaspace   ] GC(922) Metaspace: 78305K(79616K)->78305K(79616K) NonClass: 68739K(69312K)->68739K(69312K) Class: 9565K(10304K)->9565K(10304K)
[2462.844s][info][gc             ] GC(922) Pause Young (Allocation Failure) 1415M->89M(4078M) 2.886ms
[2462.844s][info][gc,cpu         ] GC(922) User=0.00s Sys=0.00s Real=0.00s
[2465.549s][info][gc,start       ] GC(923) Pause Young (GCLocker Initiated GC)
[2465.553s][info][gc,heap        ] GC(923) PSYoungGen: 1367466K(1379328K)->5770K(1381376K) Eden: 1361408K(1361408K)->0K(1364480K) From: 6058K(17920K)->5770K(16896K)
[2465.553s][info][gc,heap        ] GC(923) ParOldGen: 85622K(2796544K)->88649K(2796544K)
[2465.553s][info][gc,metaspace   ] GC(923) Metaspace: 78305K(79616K)->78305K(79616K) NonClass: 68739K(69312K)->68739K(69312K) Class: 9565K(10304K)->9565K(10304K)
[2465.553s][info][gc             ] GC(923) Pause Young (GCLocker Initiated GC) 1419M->92M(4080M) 3.771ms
[2465.553s][info][gc,cpu         ] GC(923) User=0.00s Sys=0.00s Real=0.00s
[2469.856s][info][gc,start       ] GC(924) Pause Young (Allocation Failure)
[2469.859s][info][gc,heap        ] GC(924) PSYoungGen: 1370250K(1381376K)->4183K(1380864K) Eden: 1364480K(1364480K)->0K(1364480K) From: 5770K(16896K)->4183K(16384K)
[2469.859s][info][gc,heap        ] GC(924) ParOldGen: 92748K(2796544K)->97036K(2796544K)
[2469.859s][info][gc,metaspace   ] GC(924) Metaspace: 78305K(79616K)->78305K(79616K) NonClass: 68739K(69312K)->68739K(69312K) Class: 9565K(10304K)->9565K(10304K)
[2469.859s][info][gc             ] GC(924) Pause Young (Allocation Failure) 1428M->98M(4079M) 3.057ms
[2469.859s][info][gc,cpu         ] GC(924) User=0.00s Sys=0.00s Real=0.00s
[2472.016s][info][gc,start       ] GC(925) Pause Young (Allocation Failure)
[2472.019s][info][gc,heap        ] GC(925) PSYoungGen: 1368663K(1380864K)->6657K(1382912K) Eden: 1364480K(1364480K)->0K(1367040K) From: 4183K(16384K)->6657K(15872K)
[2472.020s][info][gc,heap        ] GC(925) ParOldGen: 97036K(2796544K)->99904K(2796544K)
[2472.020s][info][gc,metaspace   ] GC(925) Metaspace: 78305K(79616K)->78305K(79616K) NonClass: 68739K(69312K)->68739K(69312K) Class: 9565K(10304K)->9565K(10304K)
[2472.020s][info][gc             ] GC(925) Pause Young (Allocation Failure) 1431M->104M(4081M) 3.425ms
[2472.020s][info][gc,cpu         ] GC(925) User=0.00s Sys=0.00s Real=0.00s
[2476.310s][info][gc,start       ] GC(926) Pause Young (Allocation Failure)
[2476.313s][info][gc,heap        ] GC(926) PSYoungGen: 1373697K(1382912K)->5993K(1381888K) Eden: 1367040K(1367040K)->0K(1367040K) From: 6657K(15872K)->5993K(14848K)
[2476.314s][info][gc,heap        ] GC(926) ParOldGen: 99904K(2796544K)->104653K(2796544K)
[2476.314s][info][gc,metaspace   ] GC(926) Metaspace: 78305K(79616K)->78305K(79616K) NonClass: 68739K(69312K)->68739K(69312K) Class: 9565K(10304K)->9565K(10304K)
[2476.314s][info][gc             ] GC(926) Pause Young (Allocation Failure) 1439M->108M(4080M) 3.312ms
[2476.314s][info][gc,cpu         ] GC(926) User=0.00s Sys=0.00s Real=0.00s
[2479.212s][info][gc,start       ] GC(927) Pause Young (Allocation Failure)
[2479.216s][info][gc,heap        ] GC(927) PSYoungGen: 1373033K(1381888K)->5393K(1383936K) Eden: 1367040K(1367040K)->0K(1369600K) From: 5993K(14848K)->5393K(14336K)
[2479.216s][info][gc,heap        ] GC(927) ParOldGen: 104653K(2796544K)->108501K(2796544K)
[2479.216s][info][gc,metaspace   ] GC(927) Metaspace: 78305K(79616K)->78305K(79616K) NonClass: 68739K(69312K)->68739K(69312K) Class: 9565K(10304K)->9565K(10304K)
[2479.216s][info][gc             ] GC(927) Pause Young (Allocation Failure) 1443M->111M(4082M) 3.999ms
[2479.216s][info][gc,cpu         ] GC(927) User=0.06s Sys=0.00s Real=0.00s
[2481.373s][info][gc,start       ] GC(928) Pause Young (Allocation Failure)
[2481.376s][info][gc,heap        ] GC(928) PSYoungGen: 1374993K(1383936K)->6402K(1383424K) Eden: 1369600K(1369600K)->0K(1369600K) From: 5393K(14336K)->6402K(13824K)
[2481.376s][info][gc,heap        ] GC(928) ParOldGen: 108501K(2796544K)->112509K(2796544K)
[2481.376s][info][gc,metaspace   ] GC(928) Metaspace: 78305K(79616K)->78305K(79616K) NonClass: 68739K(69312K)->68739K(69312K) Class: 9565K(10304K)->9565K(10304K)
[2481.376s][info][gc             ] GC(928) Pause Young (Allocation Failure) 1448M->116M(4082M) 3.304ms
[2481.376s][info][gc,cpu         ] GC(928) User=0.00s Sys=0.00s Real=0.01s
[2483.995s][info][gc,start       ] GC(929) Pause Young (Allocation Failure)
[2483.998s][info][gc,heap        ] GC(929) PSYoungGen: 1376002K(1383424K)->5775K(1385472K) Eden: 1369600K(1369600K)->0K(1372672K) From: 6402K(13824K)->5775K(12800K)
[2483.998s][info][gc,heap        ] GC(929) ParOldGen: 112509K(2796544K)->117497K(2796544K)
[2483.998s][info][gc,metaspace   ] GC(929) Metaspace: 78305K(79616K)->78305K(79616K) NonClass: 68739K(69312K)->68739K(69312K) Class: 9565K(10304K)->9565K(10304K)
[2483.998s][info][gc             ] GC(929) Pause Young (Allocation Failure) 1453M->120M(4084M) 3.348ms
[2483.998s][info][gc,cpu         ] GC(929) User=0.09s Sys=0.00s Real=0.01s
[2486.754s][info][gc,start       ] GC(930) Pause Young (Allocation Failure)
[2486.761s][info][gc,heap        ] GC(930) PSYoungGen: 1377500K(1385472K)->10017K(1382912K) Eden: 1371725K(1372672K)->0K(1372672K) From: 5775K(12800K)->10017K(10240K)
[2486.761s][info][gc,heap        ] GC(930) ParOldGen: 117497K(2796544K)->138537K(2796544K)
[2486.761s][info][gc,metaspace   ] GC(930) Metaspace: 78305K(79616K)->78305K(79616K) NonClass: 68739K(69312K)->68739K(69312K) Class: 9565K(10304K)->9565K(10304K)
[2486.761s][info][gc             ] GC(930) Pause Young (Allocation Failure) 1459M->145M(4081M) 6.160ms
[2486.761s][info][gc,cpu         ] GC(930) User=0.00s Sys=0.00s Real=0.00s
[2490.058s][info][gc,start       ] GC(931) Pause Young (Allocation Failure)
[2490.060s][info][gc,heap        ] GC(931) PSYoungGen: 1381743K(1382912K)->4713K(1384960K) Eden: 1371726K(1372672K)->0K(1371648K) From: 10017K(10240K)->4713K(13312K)
[2490.060s][info][gc,heap        ] GC(931) ParOldGen: 138537K(2796544K)->141176K(2796544K)
[2490.060s][info][gc,metaspace   ] GC(931) Metaspace: 78305K(79616K)->78305K(79616K) NonClass: 68739K(69312K)->68739K(69312K) Class: 9565K(10304K)->9565K(10304K)
[2490.060s][info][gc             ] GC(931) Pause Young (Allocation Failure) 1484M->142M(4083M) 2.733ms
[2490.060s][info][gc,cpu         ] GC(931) User=0.09s Sys=0.00s Real=0.01s
[2490.481s][info][gc,start       ] GC(932) Pause Young (System.gc())
[2490.483s][info][gc,heap        ] GC(932) PSYoungGen: 419837K(1384960K)->704K(1384448K) Eden: 415124K(1371648K)->0K(1371648K) From: 4713K(13312K)->704K(12800K)
[2490.483s][info][gc,heap        ] GC(932) ParOldGen: 141176K(2796544K)->143462K(2796544K)
[2490.483s][info][gc,metaspace   ] GC(932) Metaspace: 78305K(79616K)->78305K(79616K) NonClass: 68739K(69312K)->68739K(69312K) Class: 9565K(10304K)->9565K(10304K)
[2490.483s][info][gc             ] GC(932) Pause Young (System.gc()) 547M->140M(4083M) 1.492ms
[2490.483s][info][gc,cpu         ] GC(932) User=0.00s Sys=0.00s Real=0.00s
[2490.483s][info][gc,start       ] GC(933) Pause Full (System.gc())
[2490.483s][info][gc,phases,start] GC(933) Marking Phase
[2490.510s][info][gc,phases      ] GC(933) Marking Phase 26.684ms
[2490.510s][info][gc,phases,start] GC(933) Summary Phase
[2490.510s][info][gc,phases      ] GC(933) Summary Phase 0.010ms
[2490.510s][info][gc,phases,start] GC(933) Adjust Roots
[2490.521s][info][gc,phases      ] GC(933) Adjust Roots 10.985ms
[2490.521s][info][gc,phases,start] GC(933) Compaction Phase
[2490.532s][info][gc,phases      ] GC(933) Compaction Phase 10.679ms
[2490.532s][info][gc,phases,start] GC(933) Post Compact
[2490.533s][info][gc,phases      ] GC(933) Post Compact 1.104ms
[2490.533s][info][gc,heap        ] GC(933) PSYoungGen: 704K(1384448K)->0K(1384448K) Eden: 0K(1371648K)->0K(1371648K) From: 704K(12800K)->0K(12800K)
[2490.533s][info][gc,heap        ] GC(933) ParOldGen: 143462K(2796544K)->78669K(2796544K)
[2490.533s][info][gc,metaspace   ] GC(933) Metaspace: 78305K(79616K)->78305K(79616K) NonClass: 68739K(69312K)->68739K(69312K) Class: 9565K(10304K)->9565K(10304K)
[2490.533s][info][gc             ] GC(933) Pause Full (System.gc()) 140M->76M(4083M) 49.780ms
[2490.533s][info][gc,cpu         ] GC(933) User=0.20s Sys=0.00s Real=0.05s
[2493.741s][info][gc,start       ] GC(934) Pause Young (Allocation Failure)
[2493.743s][info][gc,heap        ] GC(934) PSYoungGen: 1371648K(1384448K)->5132K(1384960K) Eden: 1371648K(1371648K)->0K(1371648K) From: 0K(12800K)->5132K(13312K)
[2493.743s][info][gc,heap        ] GC(934) ParOldGen: 78669K(2796544K)->78669K(2796544K)
[2493.743s][info][gc,metaspace   ] GC(934) Metaspace: 78305K(79616K)->78305K(79616K) NonClass: 68739K(69312K)->68739K(69312K) Class: 9565K(10304K)->9565K(10304K)
[2493.743s][info][gc             ] GC(934) Pause Young (Allocation Failure) 1416M->81M(4083M) 2.506ms
[2493.743s][info][gc,cpu         ] GC(934) User=0.00s Sys=0.00s Real=0.00s
[2496.478s][info][gc,start       ] GC(935) Pause Young (Allocation Failure)
[2496.481s][info][gc,heap        ] GC(935) PSYoungGen: 1375048K(1384960K)->6163K(1384448K) Eden: 1369916K(1371648K)->0K(1371648K) From: 5132K(13312K)->6163K(12800K)
[2496.481s][info][gc,heap        ] GC(935) ParOldGen: 78669K(2796544K)->82648K(2796544K)
[2496.481s][info][gc,metaspace   ] GC(935) Metaspace: 78305K(79616K)->78305K(79616K) NonClass: 68739K(69312K)->68739K(69312K) Class: 9565K(10304K)->9565K(10304K)
[2496.481s][info][gc             ] GC(935) Pause Young (Allocation Failure) 1419M->86M(4083M) 3.122ms
[2496.481s][info][gc,cpu         ] GC(935) User=0.06s Sys=0.00s Real=0.00s
[2500.435s][info][gc,start       ] GC(936) Pause Young (Allocation Failure)
[2500.438s][info][gc,heap        ] GC(936) PSYoungGen: 1377811K(1384448K)->4814K(1385984K) Eden: 1371648K(1371648K)->0K(1373696K) From: 6163K(12800K)->4814K(12288K)
[2500.438s][info][gc,heap        ] GC(936) ParOldGen: 82648K(2796544K)->85284K(2796544K)
[2500.438s][info][gc,metaspace   ] GC(936) Metaspace: 78305K(79616K)->78305K(79616K) NonClass: 68739K(69312K)->68739K(69312K) Class: 9565K(10304K)->9565K(10304K)
[2500.438s][info][gc             ] GC(936) Pause Young (Allocation Failure) 1426M->87M(4084M) 2.403ms
[2500.438s][info][gc,cpu         ] GC(936) User=0.00s Sys=0.00s Real=0.00s
[2502.922s][info][gc,start       ] GC(937) Pause Young (Allocation Failure)
[2502.925s][info][gc,heap        ] GC(937) PSYoungGen: 1378510K(1385984K)->5993K(1385472K) Eden: 1373696K(1373696K)->0K(1373696K) From: 4814K(12288K)->5993K(11776K)
[2502.925s][info][gc,heap        ] GC(937) ParOldGen: 85284K(2796544K)->88371K(2796544K)
[2502.925s][info][gc,metaspace   ] GC(937) Metaspace: 78305K(79616K)->78305K(79616K) NonClass: 68739K(69312K)->68739K(69312K) Class: 9565K(10304K)->9565K(10304K)
[2502.925s][info][gc             ] GC(937) Pause Young (Allocation Failure) 1429M->92M(4084M) 3.272ms
[2502.925s][info][gc,cpu         ] GC(937) User=0.00s Sys=0.00s Real=0.02s
[2507.460s][info][gc,start       ] GC(938) Pause Young (Allocation Failure)
[2507.462s][info][gc,heap        ] GC(938) PSYoungGen: 1378032K(1385472K)->4039K(1386496K) Eden: 1372038K(1373696K)->0K(1375232K) From: 5993K(11776K)->4039K(11264K)
[2507.462s][info][gc,heap        ] GC(938) ParOldGen: 88371K(2796544K)->92617K(2796544K)
[2507.463s][info][gc,metaspace   ] GC(938) Metaspace: 78305K(79616K)->78305K(79616K) NonClass: 68739K(69312K)->68739K(69312K) Class: 9565K(10304K)->9565K(10304K)
[2507.463s][info][gc             ] GC(938) Pause Young (Allocation Failure) 1432M->94M(4085M) 2.926ms
[2507.463s][info][gc,cpu         ] GC(938) User=0.00s Sys=0.00s Real=0.00s
[2509.700s][info][gc,start       ] GC(939) Pause Young (Allocation Failure)
[2509.704s][info][gc,heap        ] GC(939) PSYoungGen: 1378355K(1386496K)->6502K(1386496K) Eden: 1374315K(1375232K)->0K(1375232K) From: 4039K(11264K)->6502K(11264K)
[2509.704s][info][gc,heap        ] GC(939) ParOldGen: 92617K(2796544K)->95570K(2796544K)
[2509.704s][info][gc,metaspace   ] GC(939) Metaspace: 78305K(79616K)->78305K(79616K) NonClass: 68739K(69312K)->68739K(69312K) Class: 9565K(10304K)->9565K(10304K)
[2509.704s][info][gc             ] GC(939) Pause Young (Allocation Failure) 1436M->99M(4085M) 4.300ms
[2509.704s][info][gc,cpu         ] GC(939) User=0.00s Sys=0.00s Real=0.00s
[2513.786s][info][gc,start       ] GC(940) Pause Young (Allocation Failure)
[2513.790s][info][gc,heap        ] GC(940) PSYoungGen: 1381734K(1386496K)->5271K(1387520K) Eden: 1375232K(1375232K)->0K(1376768K) From: 6502K(11264K)->5271K(10752K)
[2513.790s][info][gc,heap        ] GC(940) ParOldGen: 95570K(2796544K)->100187K(2796544K)
[2513.790s][info][gc,metaspace   ] GC(940) Metaspace: 78305K(79616K)->78305K(79616K) NonClass: 68739K(69312K)->68739K(69312K) Class: 9565K(10304K)->9565K(10304K)
[2513.790s][info][gc             ] GC(940) Pause Young (Allocation Failure) 1442M->102M(4086M) 4.060ms
[2513.790s][info][gc,cpu         ] GC(940) User=0.00s Sys=0.00s Real=0.00s
[2516.806s][info][gc,start       ] GC(941) Pause Young (Allocation Failure)
[2516.810s][info][gc,heap        ] GC(941) PSYoungGen: 1382039K(1387520K)->6547K(1387008K) Eden: 1376768K(1376768K)->0K(1376768K) From: 5271K(10752K)->6547K(10240K)
[2516.810s][info][gc,heap        ] GC(941) ParOldGen: 100187K(2796544K)->104054K(2796544K)
[2516.810s][info][gc,metaspace   ] GC(941) Metaspace: 78305K(79616K)->78305K(79616K) NonClass: 68739K(69312K)->68739K(69312K) Class: 9565K(10304K)->9565K(10304K)
[2516.810s][info][gc             ] GC(941) Pause Young (Allocation Failure) 1447M->108M(4085M) 3.427ms
[2516.810s][info][gc,cpu         ] GC(941) User=0.09s Sys=0.00s Real=0.01s
[2519.022s][info][gc,start       ] GC(942) Pause Young (Allocation Failure)
[2519.025s][info][gc,heap        ] GC(942) PSYoungGen: 1383315K(1387008K)->6461K(1387520K) Eden: 1376768K(1376768K)->0K(1377280K) From: 6547K(10240K)->6461K(10240K)
[2519.025s][info][gc,heap        ] GC(942) ParOldGen: 104054K(2796544K)->108182K(2796544K)
[2519.025s][info][gc,metaspace   ] GC(942) Metaspace: 78305K(79616K)->78305K(79616K) NonClass: 68739K(69312K)->68739K(69312K) Class: 9565K(10304K)->9565K(10304K)
[2519.025s][info][gc             ] GC(942) Pause Young (Allocation Failure) 1452M->111M(4086M) 3.414ms
[2519.025s][info][gc,cpu         ] GC(942) User=0.00s Sys=0.00s Real=0.01s
[2521.372s][info][gc,start       ] GC(943) Pause Young (Allocation Failure)
[2521.375s][info][gc,heap        ] GC(943) PSYoungGen: 1383741K(1387520K)->5705K(1387520K) Eden: 1377280K(1377280K)->0K(1377280K) From: 6461K(10240K)->5705K(10240K)
[2521.375s][info][gc,heap        ] GC(943) ParOldGen: 108182K(2796544K)->113157K(2796544K)
[2521.375s][info][gc,metaspace   ] GC(943) Metaspace: 78305K(79616K)->78305K(79616K) NonClass: 68739K(69312K)->68739K(69312K) Class: 9565K(10304K)->9565K(10304K)
[2521.375s][info][gc             ] GC(943) Pause Young (Allocation Failure) 1456M->116M(4086M) 3.440ms
[2521.375s][info][gc,cpu         ] GC(943) User=0.00s Sys=0.00s Real=0.01s
[2524.076s][info][gc,start       ] GC(944) Pause Young (Allocation Failure)
[2524.079s][info][gc,heap        ] GC(944) PSYoungGen: 1379103K(1387520K)->6210K(1388032K) Eden: 1373398K(1377280K)->0K(1378304K) From: 5705K(10240K)->6210K(9728K)
[2524.079s][info][gc,heap        ] GC(944) ParOldGen: 113157K(2796544K)->117726K(2796544K)
[2524.079s][info][gc,metaspace   ] GC(944) Metaspace: 78305K(79616K)->78305K(79616K) NonClass: 68739K(69312K)->68739K(69312K) Class: 9565K(10304K)->9565K(10304K)
[2524.080s][info][gc             ] GC(944) Pause Young (Allocation Failure) 1457M->121M(4086M) 3.956ms
[2524.080s][info][gc,cpu         ] GC(944) User=0.00s Sys=0.00s Real=0.00s
[2527.489s][info][gc,start       ] GC(945) Pause Young (Allocation Failure)
[2527.492s][info][gc,heap        ] GC(945) PSYoungGen: 1384514K(1388032K)->5760K(1388032K) Eden: 1378304K(1378304K)->0K(1378304K) From: 6210K(9728K)->5760K(9728K)
[2527.492s][info][gc,heap        ] GC(945) ParOldGen: 117726K(2796544K)->120326K(2796544K)
[2527.492s][info][gc,metaspace   ] GC(945) Metaspace: 78305K(79616K)->78305K(79616K) NonClass: 68739K(69312K)->68739K(69312K) Class: 9565K(10304K)->9565K(10304K)
[2527.492s][info][gc             ] GC(945) Pause Young (Allocation Failure) 1467M->123M(4086M) 3.067ms
[2527.493s][info][gc,cpu         ] GC(945) User=0.00s Sys=0.00s Real=0.00s
[2527.771s][info][gc,start       ] GC(946) Pause Young (System.gc())
[2527.772s][info][gc,heap        ] GC(946) PSYoungGen: 331835K(1388032K)->480K(1387520K) Eden: 326075K(1378304K)->0K(1378304K) From: 5760K(9728K)->480K(9216K)
[2527.772s][info][gc,heap        ] GC(946) ParOldGen: 120326K(2796544K)->122609K(2796544K)
[2527.772s][info][gc,metaspace   ] GC(946) Metaspace: 78305K(79616K)->78305K(79616K) NonClass: 68739K(69312K)->68739K(69312K) Class: 9565K(10304K)->9565K(10304K)
[2527.772s][info][gc             ] GC(946) Pause Young (System.gc()) 441M->120M(4086M) 1.448ms
[2527.772s][info][gc,cpu         ] GC(946) User=0.00s Sys=0.00s Real=0.00s
[2527.772s][info][gc,start       ] GC(947) Pause Full (System.gc())
[2527.772s][info][gc,phases,start] GC(947) Marking Phase
[2527.800s][info][gc,phases      ] GC(947) Marking Phase 27.479ms
[2527.800s][info][gc,phases,start] GC(947) Summary Phase
[2527.800s][info][gc,phases      ] GC(947) Summary Phase 0.011ms
[2527.800s][info][gc,phases,start] GC(947) Adjust Roots
[2527.811s][info][gc,phases      ] GC(947) Adjust Roots 10.562ms
[2527.811s][info][gc,phases,start] GC(947) Compaction Phase
[2527.821s][info][gc,phases      ] GC(947) Compaction Phase 10.205ms
[2527.821s][info][gc,phases,start] GC(947) Post Compact
[2527.822s][info][gc,phases      ] GC(947) Post Compact 1.049ms
[2527.822s][info][gc,heap        ] GC(947) PSYoungGen: 480K(1387520K)->0K(1387520K) Eden: 0K(1378304K)->0K(1378304K) From: 480K(9216K)->0K(9216K)
[2527.822s][info][gc,heap        ] GC(947) ParOldGen: 122609K(2796544K)->78408K(2796544K)
[2527.822s][info][gc,metaspace   ] GC(947) Metaspace: 78305K(79616K)->78305K(79616K) NonClass: 68739K(69312K)->68739K(69312K) Class: 9565K(10304K)->9565K(10304K)
[2527.822s][info][gc             ] GC(947) Pause Full (System.gc()) 120M->76M(4086M) 49.611ms
[2527.822s][info][gc,cpu         ] GC(947) User=0.11s Sys=0.02s Real=0.05s
[2531.046s][info][gc,start       ] GC(948) Pause Young (Allocation Failure)
[2531.048s][info][gc,heap        ] GC(948) PSYoungGen: 1378304K(1387520K)->5074K(1388032K) Eden: 1378304K(1378304K)->0K(1378304K) From: 0K(9216K)->5074K(9728K)
[2531.048s][info][gc,heap        ] GC(948) ParOldGen: 78408K(2796544K)->78408K(2796544K)
[2531.048s][info][gc,metaspace   ] GC(948) Metaspace: 78305K(79616K)->78305K(79616K) NonClass: 68739K(69312K)->68739K(69312K) Class: 9565K(10304K)->9565K(10304K)
[2531.048s][info][gc             ] GC(948) Pause Young (Allocation Failure) 1422M->81M(4086M) 2.225ms
[2531.048s][info][gc,cpu         ] GC(948) User=0.00s Sys=0.00s Real=0.01s
[2533.798s][info][gc,start       ] GC(949) Pause Young (Allocation Failure)
[2533.802s][info][gc,heap        ] GC(949) PSYoungGen: 1383229K(1388032K)->9197K(1376256K) Eden: 1378155K(1378304K)->0K(1367040K) From: 5074K(9728K)->9197K(9216K)
[2533.802s][info][gc,heap        ] GC(949) ParOldGen: 78408K(2796544K)->91696K(2796544K)
[2533.802s][info][gc,metaspace   ] GC(949) Metaspace: 78305K(79616K)->78305K(79616K) NonClass: 68739K(69312K)->68739K(69312K) Class: 9565K(10304K)->9565K(10304K)
[2533.802s][info][gc             ] GC(949) Pause Young (Allocation Failure) 1427M->98M(4075M) 3.940ms
[2533.802s][info][gc,cpu         ] GC(949) User=0.00s Sys=0.00s Real=0.00s
[2537.758s][info][gc,start       ] GC(950) Pause Young (Allocation Failure)
[2537.761s][info][gc,heap        ] GC(950) PSYoungGen: 1376237K(1376256K)->9216K(1382400K) Eden: 1367040K(1367040K)->0K(1367040K) From: 9197K(9216K)->9216K(15360K)
[2537.761s][info][gc,heap        ] GC(950) ParOldGen: 91696K(2796544K)->94623K(2796544K)
[2537.761s][info][gc,metaspace   ] GC(950) Metaspace: 78305K(79616K)->78305K(79616K) NonClass: 68739K(69312K)->68739K(69312K) Class: 9565K(10304K)->9565K(10304K)
[2537.761s][info][gc             ] GC(950) Pause Young (Allocation Failure) 1433M->101M(4081M) 3.333ms
[2537.761s][info][gc,cpu         ] GC(950) User=0.00s Sys=0.00s Real=0.00s
[2540.224s][info][gc,start       ] GC(951) Pause Young (Allocation Failure)
[2540.228s][info][gc,heap        ] GC(951) PSYoungGen: 1376256K(1382400K)->5580K(1382912K) Eden: 1367040K(1367040K)->0K(1367552K) From: 9216K(15360K)->5580K(15360K)
[2540.228s][info][gc,heap        ] GC(951) ParOldGen: 94623K(2796544K)->101851K(2796544K)
[2540.228s][info][gc,metaspace   ] GC(951) Metaspace: 78305K(79616K)->78305K(79616K) NonClass: 68739K(69312K)->68739K(69312K) Class: 9565K(10304K)->9565K(10304K)
[2540.228s][info][gc             ] GC(951) Pause Young (Allocation Failure) 1436M->104M(4081M) 3.403ms
[2540.228s][info][gc,cpu         ] GC(951) User=0.00s Sys=0.00s Real=0.01s
[2544.698s][info][gc,start       ] GC(952) Pause Young (Allocation Failure)
[2544.701s][info][gc,heap        ] GC(952) PSYoungGen: 1373132K(1382912K)->6746K(1382400K) Eden: 1367552K(1367552K)->0K(1367552K) From: 5580K(15360K)->6746K(14848K)
[2544.701s][info][gc,heap        ] GC(952) ParOldGen: 101851K(2796544K)->106119K(2796544K)
[2544.701s][info][gc,metaspace   ] GC(952) Metaspace: 78305K(79616K)->78305K(79616K) NonClass: 68739K(69312K)->68739K(69312K) Class: 9565K(10304K)->9565K(10304K)
[2544.701s][info][gc             ] GC(952) Pause Young (Allocation Failure) 1440M->110M(4081M) 3.096ms
[2544.701s][info][gc,cpu         ] GC(952) User=0.08s Sys=0.02s Real=0.00s
[2546.885s][info][gc,start       ] GC(953) Pause Young (Allocation Failure)
[2546.889s][info][gc,heap        ] GC(953) PSYoungGen: 1374298K(1382400K)->6676K(1383936K) Eden: 1367552K(1367552K)->0K(1369600K) From: 6746K(14848K)->6676K(14336K)
[2546.889s][info][gc,heap        ] GC(953) ParOldGen: 106119K(2796544K)->108997K(2796544K)
[2546.889s][info][gc,metaspace   ] GC(953) Metaspace: 78305K(79616K)->78305K(79616K) NonClass: 68739K(69312K)->68739K(69312K) Class: 9565K(10304K)->9565K(10304K)
[2546.889s][info][gc             ] GC(953) Pause Young (Allocation Failure) 1445M->112M(4082M) 3.300ms
[2546.889s][info][gc,cpu         ] GC(953) User=0.09s Sys=0.00s Real=0.02s
[2550.952s][info][gc,start       ] GC(954) Pause Young (Allocation Failure)
[2550.957s][info][gc,heap        ] GC(954) PSYoungGen: 1376276K(1383936K)->7287K(1383424K) Eden: 1369600K(1369600K)->0K(1369600K) From: 6676K(14336K)->7287K(13824K)
[2550.957s][info][gc,heap        ] GC(954) ParOldGen: 108997K(2796544K)->113675K(2796544K)
[2550.957s][info][gc,metaspace   ] GC(954) Metaspace: 78305K(79616K)->78305K(79616K) NonClass: 68739K(69312K)->68739K(69312K) Class: 9565K(10304K)->9565K(10304K)
[2550.957s][info][gc             ] GC(954) Pause Young (Allocation Failure) 1450M->118M(4082M) 4.562ms
[2550.957s][info][gc,cpu         ] GC(954) User=0.00s Sys=0.00s Real=0.00s
[2553.940s][info][gc,start       ] GC(955) Pause Young (Allocation Failure)
[2553.943s][info][gc,heap        ] GC(955) PSYoungGen: 1376887K(1383424K)->7811K(1384960K) Eden: 1369600K(1369600K)->0K(1372160K) From: 7287K(13824K)->7811K(12800K)
[2553.943s][info][gc,heap        ] GC(955) ParOldGen: 113675K(2796544K)->117505K(2796544K)
[2553.943s][info][gc,metaspace   ] GC(955) Metaspace: 78305K(79616K)->78305K(79616K) NonClass: 68739K(69312K)->68739K(69312K) Class: 9565K(10304K)->9565K(10304K)
[2553.943s][info][gc             ] GC(955) Pause Young (Allocation Failure) 1455M->122M(4083M) 3.303ms
[2553.944s][info][gc,cpu         ] GC(955) User=0.00s Sys=0.00s Real=0.00s
[2556.152s][info][gc,start       ] GC(956) Pause Young (Allocation Failure)
[2556.155s][info][gc,heap        ] GC(956) PSYoungGen: 1379971K(1384960K)->6448K(1384960K) Eden: 1372160K(1372160K)->0K(1372160K) From: 7811K(12800K)->6448K(12800K)
[2556.155s][info][gc,heap        ] GC(956) ParOldGen: 117505K(2796544K)->121548K(2796544K)
[2556.155s][info][gc,metaspace   ] GC(956) Metaspace: 78305K(79616K)->78305K(79616K) NonClass: 68739K(69312K)->68739K(69312K) Class: 9565K(10304K)->9565K(10304K)
[2556.155s][info][gc             ] GC(956) Pause Young (Allocation Failure) 1462M->124M(4083M) 3.635ms
[2556.155s][info][gc,cpu         ] GC(956) User=0.02s Sys=0.00s Real=0.00s
[2558.615s][info][gc,start       ] GC(957) Pause Young (Allocation Failure)
[2558.619s][info][gc,heap        ] GC(957) PSYoungGen: 1378608K(1384960K)->5908K(1385984K) Eden: 1372160K(1372160K)->0K(1373696K) From: 6448K(12800K)->5908K(12288K)
[2558.619s][info][gc,heap        ] GC(957) ParOldGen: 121548K(2796544K)->126511K(2796544K)
[2558.619s][info][gc,metaspace   ] GC(957) Metaspace: 78305K(79616K)->78305K(79616K) NonClass: 68739K(69312K)->68739K(69312K) Class: 9565K(10304K)->9565K(10304K)
[2558.619s][info][gc             ] GC(957) Pause Young (Allocation Failure) 1464M->129M(4084M) 3.324ms
[2558.619s][info][gc,cpu         ] GC(957) User=0.00s Sys=0.00s Real=0.01s
[2561.299s][info][gc,start       ] GC(958) Pause Young (Allocation Failure)
[2561.304s][info][gc,heap        ] GC(958) PSYoungGen: 1378710K(1385984K)->11372K(1385472K) Eden: 1372802K(1373696K)->0K(1373696K) From: 5908K(12288K)->11372K(11776K)
[2561.304s][info][gc,heap        ] GC(958) ParOldGen: 126511K(2796544K)->139342K(2796544K)
[2561.304s][info][gc,metaspace   ] GC(958) Metaspace: 78305K(79616K)->78305K(79616K) NonClass: 68739K(69312K)->68739K(69312K) Class: 9565K(10304K)->9565K(10304K)
[2561.304s][info][gc             ] GC(958) Pause Young (Allocation Failure) 1469M->147M(4084M) 4.421ms
[2561.304s][info][gc,cpu         ] GC(958) User=0.00s Sys=0.00s Real=0.00s
[2564.718s][info][gc,start       ] GC(959) Pause Young (Allocation Failure)
[2564.721s][info][gc,heap        ] GC(959) PSYoungGen: 1385068K(1385472K)->5698K(1384448K) Eden: 1373696K(1373696K)->0K(1372160K) From: 11372K(11776K)->5698K(12288K)
[2564.721s][info][gc,heap        ] GC(959) ParOldGen: 139342K(2796544K)->141967K(2796544K)
[2564.721s][info][gc,metaspace   ] GC(959) Metaspace: 78305K(79616K)->78305K(79616K) NonClass: 68739K(69312K)->68739K(69312K) Class: 9565K(10304K)->9565K(10304K)
[2564.721s][info][gc             ] GC(959) Pause Young (Allocation Failure) 1488M->144M(4083M) 2.968ms
[2564.721s][info][gc,cpu         ] GC(959) User=0.00s Sys=0.00s Real=0.01s
[2565.079s][info][gc,start       ] GC(960) Pause Young (System.gc())
[2565.081s][info][gc,heap        ] GC(960) PSYoungGen: 369947K(1384448K)->591K(1373184K) Eden: 364249K(1372160K)->0K(1372160K) From: 5698K(12288K)->591K(1024K)
[2565.081s][info][gc,heap        ] GC(960) ParOldGen: 141967K(2796544K)->144273K(2796544K)
[2565.081s][info][gc,metaspace   ] GC(960) Metaspace: 78305K(79616K)->78305K(79616K) NonClass: 68739K(69312K)->68739K(69312K) Class: 9565K(10304K)->9565K(10304K)
[2565.081s][info][gc             ] GC(960) Pause Young (System.gc()) 499M->141M(4072M) 1.426ms
[2565.081s][info][gc,cpu         ] GC(960) User=0.00s Sys=0.00s Real=0.00s
[2565.081s][info][gc,start       ] GC(961) Pause Full (System.gc())
[2565.081s][info][gc,phases,start] GC(961) Marking Phase
[2565.108s][info][gc,phases      ] GC(961) Marking Phase 26.767ms
[2565.108s][info][gc,phases,start] GC(961) Summary Phase
[2565.108s][info][gc,phases      ] GC(961) Summary Phase 0.011ms
[2565.108s][info][gc,phases,start] GC(961) Adjust Roots
[2565.119s][info][gc,phases      ] GC(961) Adjust Roots 11.117ms
[2565.119s][info][gc,phases,start] GC(961) Compaction Phase
[2565.130s][info][gc,phases      ] GC(961) Compaction Phase 11.351ms
[2565.130s][info][gc,phases,start] GC(961) Post Compact
[2565.131s][info][gc,phases      ] GC(961) Post Compact 1.220ms
[2565.131s][info][gc,heap        ] GC(961) PSYoungGen: 591K(1373184K)->0K(1373184K) Eden: 0K(1372160K)->0K(1372160K) From: 591K(1024K)->0K(1024K)
[2565.132s][info][gc,heap        ] GC(961) ParOldGen: 144273K(2796544K)->78597K(2796544K)
[2565.132s][info][gc,metaspace   ] GC(961) Metaspace: 78305K(79616K)->78305K(79616K) NonClass: 68739K(69312K)->68739K(69312K) Class: 9565K(10304K)->9565K(10304K)
[2565.132s][info][gc             ] GC(961) Pause Full (System.gc()) 141M->76M(4072M) 50.807ms
[2565.132s][info][gc,cpu         ] GC(961) User=0.17s Sys=0.02s Real=0.05s
[2568.373s][info][gc,start       ] GC(962) Pause Young (Allocation Failure)
[2568.376s][info][gc,heap        ] GC(962) PSYoungGen: 1372160K(1373184K)->5107K(1384448K) Eden: 1372160K(1372160K)->0K(1371136K) From: 0K(1024K)->5107K(13312K)
[2568.376s][info][gc,heap        ] GC(962) ParOldGen: 78597K(2796544K)->78597K(2796544K)
[2568.376s][info][gc,metaspace   ] GC(962) Metaspace: 78308K(79616K)->78308K(79616K) NonClass: 68742K(69312K)->68742K(69312K) Class: 9565K(10304K)->9565K(10304K)
[2568.376s][info][gc             ] GC(962) Pause Young (Allocation Failure) 1416M->81M(4083M) 2.667ms
[2568.376s][info][gc,cpu         ] GC(962) User=0.00s Sys=0.00s Real=0.01s
[2571.133s][info][gc,start       ] GC(963) Pause Young (Allocation Failure)
[2571.136s][info][gc,heap        ] GC(963) PSYoungGen: 1376243K(1384448K)->6050K(1384448K) Eden: 1371136K(1371136K)->0K(1371136K) From: 5107K(13312K)->6050K(13312K)
[2571.136s][info][gc,heap        ] GC(963) ParOldGen: 78597K(2796544K)->82598K(2796544K)
[2571.136s][info][gc,metaspace   ] GC(963) Metaspace: 78308K(79616K)->78308K(79616K) NonClass: 68742K(69312K)->68742K(69312K) Class: 9565K(10304K)->9565K(10304K)
[2571.136s][info][gc             ] GC(963) Pause Young (Allocation Failure) 1420M->86M(4083M) 2.892ms
[2571.136s][info][gc,cpu         ] GC(963) User=0.00s Sys=0.00s Real=0.00s
[2575.126s][info][gc,start       ] GC(964) Pause Young (Allocation Failure)
[2575.128s][info][gc,heap        ] GC(964) PSYoungGen: 1377186K(1384448K)->4805K(1385472K) Eden: 1371136K(1371136K)->0K(1373184K) From: 6050K(13312K)->4805K(12288K)
[2575.129s][info][gc,heap        ] GC(964) ParOldGen: 82598K(2796544K)->85250K(2796544K)
[2575.129s][info][gc,metaspace   ] GC(964) Metaspace: 78309K(79616K)->78309K(79616K) NonClass: 68743K(69312K)->68743K(69312K) Class: 9565K(10304K)->9565K(10304K)
[2575.129s][info][gc             ] GC(964) Pause Young (Allocation Failure) 1425M->87M(4084M) 2.530ms
[2575.129s][info][gc,cpu         ] GC(964) User=0.00s Sys=0.00s Real=0.00s
[2577.535s][info][gc,start       ] GC(965) Pause Young (Allocation Failure)
[2577.538s][info][gc,heap        ] GC(965) PSYoungGen: 1377989K(1385472K)->5714K(1385472K) Eden: 1373184K(1373184K)->0K(1373184K) From: 4805K(12288K)->5714K(12288K)
[2577.538s][info][gc,heap        ] GC(965) ParOldGen: 85250K(2796544K)->88311K(2796544K)
[2577.538s][info][gc,metaspace   ] GC(965) Metaspace: 78333K(79616K)->78333K(79616K) NonClass: 68767K(69312K)->68767K(69312K) Class: 9565K(10304K)->9565K(10304K)
[2577.538s][info][gc             ] GC(965) Pause Young (Allocation Failure) 1428M->91M(4084M) 3.037ms
[2577.538s][info][gc,cpu         ] GC(965) User=0.00s Sys=0.00s Real=0.01s
[2582.078s][info][gc,start       ] GC(966) Pause Young (Allocation Failure)
[2582.081s][info][gc,heap        ] GC(966) PSYoungGen: 1375952K(1385472K)->4013K(1386496K) Eden: 1370238K(1373184K)->0K(1374720K) From: 5714K(12288K)->4013K(11776K)
[2582.081s][info][gc,heap        ] GC(966) ParOldGen: 88311K(2796544K)->92546K(2796544K)
[2582.081s][info][gc,metaspace   ] GC(966) Metaspace: 78333K(79616K)->78333K(79616K) NonClass: 68767K(69312K)->68767K(69312K) Class: 9565K(10304K)->9565K(10304K)
[2582.081s][info][gc             ] GC(966) Pause Young (Allocation Failure) 1429M->94M(4085M) 2.663ms
[2582.081s][info][gc,cpu         ] GC(966) User=0.00s Sys=0.00s Real=0.01s
[2584.286s][info][gc,start       ] GC(967) Pause Young (Allocation Failure)
[2584.290s][info][gc,heap        ] GC(967) PSYoungGen: 1378251K(1386496K)->6470K(1385984K) Eden: 1374237K(1374720K)->0K(1374720K) From: 4013K(11776K)->6470K(11264K)
[2584.290s][info][gc,heap        ] GC(967) ParOldGen: 92546K(2796544K)->95490K(2796544K)
[2584.290s][info][gc,metaspace   ] GC(967) Metaspace: 78333K(79616K)->78333K(79616K) NonClass: 68767K(69312K)->68767K(69312K) Class: 9565K(10304K)->9565K(10304K)
[2584.290s][info][gc             ] GC(967) Pause Young (Allocation Failure) 1436M->99M(4084M) 4.280ms
[2584.290s][info][gc,cpu         ] GC(967) User=0.00s Sys=0.00s Real=0.00s
[2588.460s][info][gc,start       ] GC(968) Pause Young (Allocation Failure)
[2588.462s][info][gc,heap        ] GC(968) PSYoungGen: 1380898K(1385984K)->5260K(1387008K) Eden: 1374428K(1374720K)->0K(1375744K) From: 6470K(11264K)->5260K(11264K)
[2588.462s][info][gc,heap        ] GC(968) ParOldGen: 95490K(2796544K)->100104K(2796544K)
[2588.463s][info][gc,metaspace   ] GC(968) Metaspace: 78333K(79616K)->78333K(79616K) NonClass: 68767K(69312K)->68767K(69312K) Class: 9565K(10304K)->9565K(10304K)
[2588.463s][info][gc             ] GC(968) Pause Young (Allocation Failure) 1441M->102M(4085M) 2.965ms
[2588.463s][info][gc,cpu         ] GC(968) User=0.00s Sys=0.00s Real=0.00s
[2591.406s][info][gc,start       ] GC(969) Pause Young (Allocation Failure)
[2591.409s][info][gc,heap        ] GC(969) PSYoungGen: 1381004K(1387008K)->6851K(1386496K) Eden: 1375744K(1375744K)->0K(1375744K) From: 5260K(11264K)->6851K(10752K)
[2591.409s][info][gc,heap        ] GC(969) ParOldGen: 100104K(2796544K)->103917K(2796544K)
[2591.409s][info][gc,metaspace   ] GC(969) Metaspace: 78333K(79616K)->78333K(79616K) NonClass: 68767K(69312K)->68767K(69312K) Class: 9565K(10304K)->9565K(10304K)
[2591.409s][info][gc             ] GC(969) Pause Young (Allocation Failure) 1446M->108M(4085M) 3.147ms
[2591.409s][info][gc,cpu         ] GC(969) User=0.00s Sys=0.00s Real=0.01s
[2593.638s][info][gc,start       ] GC(970) Pause Young (Allocation Failure)
[2593.642s][info][gc,heap        ] GC(970) PSYoungGen: 1382595K(1386496K)->6964K(1387008K) Eden: 1375744K(1375744K)->0K(1376256K) From: 6851K(10752K)->6964K(10752K)
[2593.642s][info][gc,heap        ] GC(970) ParOldGen: 103917K(2796544K)->108024K(2796544K)
[2593.642s][info][gc,metaspace   ] GC(970) Metaspace: 78333K(79616K)->78333K(79616K) NonClass: 68767K(69312K)->68767K(69312K) Class: 9565K(10304K)->9565K(10304K)
[2593.642s][info][gc             ] GC(970) Pause Young (Allocation Failure) 1451M->112M(4085M) 3.496ms
[2593.642s][info][gc,cpu         ] GC(970) User=0.00s Sys=0.00s Real=0.02s
[2595.990s][info][gc,start       ] GC(971) Pause Young (Allocation Failure)
[2595.994s][info][gc,heap        ] GC(971) PSYoungGen: 1383220K(1387008K)->6037K(1387008K) Eden: 1376256K(1376256K)->0K(1376256K) From: 6964K(10752K)->6037K(10752K)
[2595.994s][info][gc,heap        ] GC(971) ParOldGen: 108024K(2796544K)->112991K(2796544K)
[2595.994s][info][gc,metaspace   ] GC(971) Metaspace: 78333K(79616K)->78333K(79616K) NonClass: 68767K(69312K)->68767K(69312K) Class: 9565K(10304K)->9565K(10304K)
[2595.994s][info][gc             ] GC(971) Pause Young (Allocation Failure) 1456M->116M(4085M) 3.365ms
[2595.994s][info][gc,cpu         ] GC(971) User=0.00s Sys=0.00s Real=0.01s
[2598.702s][info][gc,start       ] GC(972) Pause Young (Allocation Failure)
[2598.707s][info][gc,heap        ] GC(972) PSYoungGen: 1381803K(1387008K)->10126K(1385472K) Eden: 1375765K(1376256K)->0K(1375232K) From: 6037K(10752K)->10126K(10240K)
[2598.707s][info][gc,heap        ] GC(972) ParOldGen: 112991K(2796544K)->117552K(2796544K)
[2598.707s][info][gc,metaspace   ] GC(972) Metaspace: 78333K(79616K)->78333K(79616K) NonClass: 68767K(69312K)->68767K(69312K) Class: 9565K(10304K)->9565K(10304K)
[2598.707s][info][gc             ] GC(972) Pause Young (Allocation Failure) 1459M->124M(4084M) 4.771ms
[2598.707s][info][gc,cpu         ] GC(972) User=0.00s Sys=0.00s Real=0.00s
[2602.125s][info][gc,start       ] GC(973) Pause Young (Allocation Failure)
[2602.128s][info][gc,heap        ] GC(973) PSYoungGen: 1385358K(1385472K)->5613K(1386496K) Eden: 1375232K(1375232K)->0K(1375232K) From: 10126K(10240K)->5613K(11264K)
[2602.128s][info][gc,heap        ] GC(973) ParOldGen: 117552K(2796544K)->120181K(2796544K)
[2602.128s][info][gc,metaspace   ] GC(973) Metaspace: 78333K(79616K)->78333K(79616K) NonClass: 68767K(69312K)->68767K(69312K) Class: 9565K(10304K)->9565K(10304K)
[2602.128s][info][gc             ] GC(973) Pause Young (Allocation Failure) 1467M->122M(4085M) 2.743ms
[2602.128s][info][gc,cpu         ] GC(973) User=0.00s Sys=0.00s Real=0.00s
[2602.408s][info][gc,start       ] GC(974) Pause Young (System.gc())
[2602.409s][info][gc,heap        ] GC(974) PSYoungGen: 338163K(1386496K)->544K(1384960K) Eden: 332549K(1375232K)->0K(1374208K) From: 5613K(11264K)->544K(10752K)
[2602.409s][info][gc,heap        ] GC(974) ParOldGen: 120181K(2796544K)->122613K(2796544K)
[2602.409s][info][gc,metaspace   ] GC(974) Metaspace: 78333K(79616K)->78333K(79616K) NonClass: 68767K(69312K)->68767K(69312K) Class: 9565K(10304K)->9565K(10304K)
[2602.409s][info][gc             ] GC(974) Pause Young (System.gc()) 447M->120M(4083M) 1.421ms
[2602.409s][info][gc,cpu         ] GC(974) User=0.00s Sys=0.00s Real=0.00s
[2602.409s][info][gc,start       ] GC(975) Pause Full (System.gc())
[2602.409s][info][gc,phases,start] GC(975) Marking Phase
[2602.435s][info][gc,phases      ] GC(975) Marking Phase 26.048ms
[2602.435s][info][gc,phases,start] GC(975) Summary Phase
[2602.435s][info][gc,phases      ] GC(975) Summary Phase 0.011ms
[2602.435s][info][gc,phases,start] GC(975) Adjust Roots
[2602.446s][info][gc,phases      ] GC(975) Adjust Roots 10.795ms
[2602.446s][info][gc,phases,start] GC(975) Compaction Phase
[2602.457s][info][gc,phases      ] GC(975) Compaction Phase 10.578ms
[2602.457s][info][gc,phases,start] GC(975) Post Compact
[2602.458s][info][gc,phases      ] GC(975) Post Compact 1.021ms
[2602.458s][info][gc,heap        ] GC(975) PSYoungGen: 544K(1384960K)->0K(1384960K) Eden: 0K(1374208K)->0K(1374208K) From: 544K(10752K)->0K(10752K)
[2602.458s][info][gc,heap        ] GC(975) ParOldGen: 122613K(2796544K)->78627K(2796544K)
[2602.458s][info][gc,metaspace   ] GC(975) Metaspace: 78333K(79616K)->78333K(79616K) NonClass: 68767K(69312K)->68767K(69312K) Class: 9565K(10304K)->9565K(10304K)
[2602.458s][info][gc             ] GC(975) Pause Full (System.gc()) 120M->76M(4083M) 48.771ms
[2602.458s][info][gc,cpu         ] GC(975) User=0.19s Sys=0.02s Real=0.05s
[2605.674s][info][gc,start       ] GC(976) Pause Young (Allocation Failure)
[2605.677s][info][gc,heap        ] GC(976) PSYoungGen: 1374208K(1384960K)->5055K(1385984K) Eden: 1374208K(1374208K)->0K(1374208K) From: 0K(10752K)->5055K(11776K)
[2605.677s][info][gc,heap        ] GC(976) ParOldGen: 78627K(2796544K)->78627K(2796544K)
[2605.677s][info][gc,metaspace   ] GC(976) Metaspace: 78333K(79616K)->78333K(79616K) NonClass: 68767K(69312K)->68767K(69312K) Class: 9565K(10304K)->9565K(10304K)
[2605.677s][info][gc             ] GC(976) Pause Young (Allocation Failure) 1418M->81M(4084M) 3.024ms
[2605.677s][info][gc,cpu         ] GC(976) User=0.00s Sys=0.00s Real=0.00s
[2608.454s][info][gc,start       ] GC(977) Pause Young (Allocation Failure)
[2608.459s][info][gc,heap        ] GC(977) PSYoungGen: 1377332K(1385984K)->11263K(1372160K) Eden: 1372277K(1374208K)->0K(1360896K) From: 5055K(11776K)->11263K(11264K)
[2608.459s][info][gc,heap        ] GC(977) ParOldGen: 78627K(2796544K)->94112K(2796544K)
[2608.459s][info][gc,metaspace   ] GC(977) Metaspace: 78333K(79616K)->78333K(79616K) NonClass: 68767K(69312K)->68767K(69312K) Class: 9565K(10304K)->9565K(10304K)
[2608.459s][info][gc             ] GC(977) Pause Young (Allocation Failure) 1421M->102M(4071M) 5.330ms
[2608.459s][info][gc,cpu         ] GC(977) User=0.00s Sys=0.00s Real=0.00s
[2612.354s][info][gc,start       ] GC(978) Pause Young (Allocation Failure)
[2612.360s][info][gc,heap        ] GC(978) PSYoungGen: 1372159K(1372160K)->4854K(1379328K) Eden: 1360896K(1360896K)->0K(1360896K) From: 11263K(11264K)->4854K(18432K)
[2612.360s][info][gc,heap        ] GC(978) ParOldGen: 94112K(2796544K)->95295K(2796544K)
[2612.360s][info][gc,metaspace   ] GC(978) Metaspace: 78333K(79616K)->78333K(79616K) NonClass: 68767K(69312K)->68767K(69312K) Class: 9565K(10304K)->9565K(10304K)
[2612.360s][info][gc             ] GC(978) Pause Young (Allocation Failure) 1431M->97M(4078M) 5.517ms
[2612.360s][info][gc,cpu         ] GC(978) User=0.02s Sys=0.00s Real=0.00s
[2614.794s][info][gc,start       ] GC(979) Pause Young (Allocation Failure)
[2614.797s][info][gc,heap        ] GC(979) PSYoungGen: 1365750K(1379328K)->6036K(1380864K) Eden: 1360896K(1360896K)->0K(1362944K) From: 4854K(18432K)->6036K(17920K)
[2614.797s][info][gc,heap        ] GC(979) ParOldGen: 95295K(2796544K)->98397K(2796544K)
[2614.797s][info][gc,metaspace   ] GC(979) Metaspace: 78333K(79616K)->78333K(79616K) NonClass: 68767K(69312K)->68767K(69312K) Class: 9565K(10304K)->9565K(10304K)
[2614.797s][info][gc             ] GC(979) Pause Young (Allocation Failure) 1426M->101M(4079M) 3.138ms
[2614.797s][info][gc,cpu         ] GC(979) User=0.00s Sys=0.00s Real=0.00s
[2619.228s][info][gc,start       ] GC(980) Pause Young (Allocation Failure)
[2619.230s][info][gc,heap        ] GC(980) PSYoungGen: 1368980K(1380864K)->4583K(1379840K) Eden: 1362944K(1362944K)->0K(1362944K) From: 6036K(17920K)->4583K(16896K)
[2619.230s][info][gc,heap        ] GC(980) ParOldGen: 98397K(2796544K)->102635K(2796544K)
[2619.230s][info][gc,metaspace   ] GC(980) Metaspace: 78333K(79616K)->78333K(79616K) NonClass: 68767K(69312K)->68767K(69312K) Class: 9565K(10304K)->9565K(10304K)
[2619.230s][info][gc             ] GC(980) Pause Young (Allocation Failure) 1432M->104M(4078M) 2.839ms
[2619.230s][info][gc,cpu         ] GC(980) User=0.09s Sys=0.00s Real=0.00s
[2621.394s][info][gc,start       ] GC(981) Pause Young (Allocation Failure)
[2621.397s][info][gc,heap        ] GC(981) PSYoungGen: 1367527K(1379840K)->6768K(1381888K) Eden: 1362944K(1362944K)->0K(1364992K) From: 4583K(16896K)->6768K(16896K)
[2621.397s][info][gc,heap        ] GC(981) ParOldGen: 102635K(2796544K)->105544K(2796544K)
[2621.397s][info][gc,metaspace   ] GC(981) Metaspace: 78333K(79616K)->78333K(79616K) NonClass: 68767K(69312K)->68767K(69312K) Class: 9565K(10304K)->9565K(10304K)
[2621.397s][info][gc             ] GC(981) Pause Young (Allocation Failure) 1435M->109M(4080M) 3.109ms
[2621.397s][info][gc,cpu         ] GC(981) User=0.00s Sys=0.00s Real=0.01s
[2625.559s][info][gc,start       ] GC(982) Pause Young (Allocation Failure)
[2625.562s][info][gc,heap        ] GC(982) PSYoungGen: 1371760K(1381888K)->6587K(1380864K) Eden: 1364992K(1364992K)->0K(1364992K) From: 6768K(16896K)->6587K(15872K)
[2625.562s][info][gc,heap        ] GC(982) ParOldGen: 105544K(2796544K)->110181K(2796544K)
[2625.562s][info][gc,metaspace   ] GC(982) Metaspace: 78333K(79616K)->78333K(79616K) NonClass: 68767K(69312K)->68767K(69312K) Class: 9565K(10304K)->9565K(10304K)
[2625.562s][info][gc             ] GC(982) Pause Young (Allocation Failure) 1442M->114M(4079M) 3.884ms
[2625.562s][info][gc,cpu         ] GC(982) User=0.00s Sys=0.00s Real=0.01s
[2628.460s][info][gc,start       ] GC(983) Pause Young (Allocation Failure)
[2628.463s][info][gc,heap        ] GC(983) PSYoungGen: 1371579K(1380864K)->7064K(1383424K) Eden: 1364992K(1364992K)->0K(1368576K) From: 6587K(15872K)->7064K(14848K)
[2628.463s][info][gc,heap        ] GC(983) ParOldGen: 110181K(2796544K)->114117K(2796544K)
[2628.463s][info][gc,metaspace   ] GC(983) Metaspace: 78333K(79616K)->78333K(79616K) NonClass: 68767K(69312K)->68767K(69312K) Class: 9565K(10304K)->9565K(10304K)
[2628.463s][info][gc             ] GC(983) Pause Young (Allocation Failure) 1447M->118M(4082M) 3.243ms
[2628.463s][info][gc,cpu         ] GC(983) User=0.00s Sys=0.00s Real=0.00s
[2630.693s][info][gc,start       ] GC(984) Pause Young (Allocation Failure)
[2630.697s][info][gc,heap        ] GC(984) PSYoungGen: 1375640K(1383424K)->6778K(1382912K) Eden: 1368576K(1368576K)->0K(1368576K) From: 7064K(14848K)->6778K(14336K)
[2630.697s][info][gc,heap        ] GC(984) ParOldGen: 114117K(2796544K)->118111K(2796544K)
[2630.697s][info][gc,metaspace   ] GC(984) Metaspace: 78333K(79616K)->78333K(79616K) NonClass: 68767K(69312K)->68767K(69312K) Class: 9565K(10304K)->9565K(10304K)
[2630.697s][info][gc             ] GC(984) Pause Young (Allocation Failure) 1454M->121M(4081M) 4.293ms
[2630.697s][info][gc,cpu         ] GC(984) User=0.00s Sys=0.00s Real=0.00s
[2633.201s][info][gc,start       ] GC(985) Pause Young (Allocation Failure)
[2633.204s][info][gc,heap        ] GC(985) PSYoungGen: 1375354K(1382912K)->5759K(1384448K) Eden: 1368576K(1368576K)->0K(1370624K) From: 6778K(14336K)->5759K(13824K)
[2633.204s][info][gc,heap        ] GC(985) ParOldGen: 118111K(2796544K)->123091K(2796544K)
[2633.205s][info][gc,metaspace   ] GC(985) Metaspace: 78333K(79616K)->78333K(79616K) NonClass: 68767K(69312K)->68767K(69312K) Class: 9565K(10304K)->9565K(10304K)
[2633.205s][info][gc             ] GC(985) Pause Young (Allocation Failure) 1458M->125M(4083M) 3.467ms
[2633.205s][info][gc,cpu         ] GC(985) User=0.00s Sys=0.00s Real=0.01s
[2635.980s][info][gc,start       ] GC(986) Pause Young (Allocation Failure)
[2635.983s][info][gc,heap        ] GC(986) PSYoungGen: 1376383K(1384448K)->6804K(1383936K) Eden: 1370624K(1370624K)->0K(1370624K) From: 5759K(13824K)->6804K(13312K)
[2635.983s][info][gc,heap        ] GC(986) ParOldGen: 123091K(2796544K)->127727K(2796544K)
[2635.983s][info][gc,metaspace   ] GC(986) Metaspace: 78333K(79616K)->78333K(79616K) NonClass: 68767K(69312K)->68767K(69312K) Class: 9565K(10304K)->9565K(10304K)
[2635.983s][info][gc             ] GC(986) Pause Young (Allocation Failure) 1464M->131M(4082M) 3.313ms
[2635.983s][info][gc,cpu         ] GC(986) User=0.02s Sys=0.00s Real=0.00s
[2639.338s][info][gc,start       ] GC(987) Pause Young (Allocation Failure)
[2639.341s][info][gc,heap        ] GC(987) PSYoungGen: 1377428K(1383936K)->5592K(1385472K) Eden: 1370624K(1370624K)->0K(1372672K) From: 6804K(13312K)->5592K(12800K)
[2639.341s][info][gc,heap        ] GC(987) ParOldGen: 127727K(2796544K)->130359K(2796544K)
[2639.341s][info][gc,metaspace   ] GC(987) Metaspace: 78333K(79616K)->78333K(79616K) NonClass: 68767K(69312K)->68767K(69312K) Class: 9565K(10304K)->9565K(10304K)
[2639.341s][info][gc             ] GC(987) Pause Young (Allocation Failure) 1469M->132M(4084M) 3.639ms
[2639.341s][info][gc,cpu         ] GC(987) User=0.08s Sys=0.00s Real=0.00s
[2639.714s][info][gc,start       ] GC(988) Pause Young (System.gc())
[2639.715s][info][gc,heap        ] GC(988) PSYoungGen: 399240K(1385472K)->559K(1384960K) Eden: 393647K(1372672K)->0K(1372672K) From: 5592K(12800K)->559K(12288K)
[2639.715s][info][gc,heap        ] GC(988) ParOldGen: 130359K(2796544K)->132623K(2796544K)
[2639.715s][info][gc,metaspace   ] GC(988) Metaspace: 78333K(79616K)->78333K(79616K) NonClass: 68767K(69312K)->68767K(69312K) Class: 9565K(10304K)->9565K(10304K)
[2639.715s][info][gc             ] GC(988) Pause Young (System.gc()) 517M->130M(4083M) 1.441ms
[2639.715s][info][gc,cpu         ] GC(988) User=0.09s Sys=0.00s Real=0.00s
[2639.715s][info][gc,start       ] GC(989) Pause Full (System.gc())
[2639.715s][info][gc,phases,start] GC(989) Marking Phase
[2639.742s][info][gc,phases      ] GC(989) Marking Phase 26.269ms
[2639.742s][info][gc,phases,start] GC(989) Summary Phase
[2639.742s][info][gc,phases      ] GC(989) Summary Phase 0.012ms
[2639.742s][info][gc,phases,start] GC(989) Adjust Roots
[2639.753s][info][gc,phases      ] GC(989) Adjust Roots 11.037ms
[2639.753s][info][gc,phases,start] GC(989) Compaction Phase
[2639.765s][info][gc,phases      ] GC(989) Compaction Phase 11.780ms
[2639.765s][info][gc,phases,start] GC(989) Post Compact
[2639.766s][info][gc,phases      ] GC(989) Post Compact 1.196ms
[2639.766s][info][gc,heap        ] GC(989) PSYoungGen: 559K(1384960K)->0K(1384960K) Eden: 0K(1372672K)->0K(1372672K) From: 559K(12288K)->0K(12288K)
[2639.766s][info][gc,heap        ] GC(989) ParOldGen: 132623K(2796544K)->78499K(2796544K)
[2639.766s][info][gc,metaspace   ] GC(989) Metaspace: 78333K(79616K)->78333K(79616K) NonClass: 68767K(69312K)->68767K(69312K) Class: 9565K(10304K)->9565K(10304K)
[2639.766s][info][gc             ] GC(989) Pause Full (System.gc()) 130M->76M(4083M) 50.664ms
[2639.766s][info][gc,cpu         ] GC(989) User=0.12s Sys=0.00s Real=0.05s
[2643.027s][info][gc,start       ] GC(990) Pause Young (Allocation Failure)
[2643.030s][info][gc,heap        ] GC(990) PSYoungGen: 1372672K(1384960K)->5271K(1385472K) Eden: 1372672K(1372672K)->0K(1372672K) From: 0K(12288K)->5271K(12800K)
[2643.030s][info][gc,heap        ] GC(990) ParOldGen: 78499K(2796544K)->78499K(2796544K)
[2643.030s][info][gc,metaspace   ] GC(990) Metaspace: 78333K(79616K)->78333K(79616K) NonClass: 68767K(69312K)->68767K(69312K) Class: 9565K(10304K)->9565K(10304K)
[2643.030s][info][gc             ] GC(990) Pause Young (Allocation Failure) 1417M->81M(4084M) 2.677ms
[2643.030s][info][gc,cpu         ] GC(990) User=0.00s Sys=0.00s Real=0.00s
[2645.769s][info][gc,start       ] GC(991) Pause Young (Allocation Failure)
[2645.773s][info][gc,heap        ] GC(991) PSYoungGen: 1377803K(1385472K)->10250K(1383424K) Eden: 1372531K(1372672K)->0K(1372672K) From: 5271K(12800K)->10250K(10752K)
[2645.773s][info][gc,heap        ] GC(991) ParOldGen: 78499K(2796544K)->86571K(2796544K)
[2645.773s][info][gc,metaspace   ] GC(991) Metaspace: 78333K(79616K)->78333K(79616K) NonClass: 68767K(69312K)->68767K(69312K) Class: 9565K(10304K)->9565K(10304K)
[2645.773s][info][gc             ] GC(991) Pause Young (Allocation Failure) 1422M->94M(4082M) 3.513ms
[2645.773s][info][gc,cpu         ] GC(991) User=0.00s Sys=0.00s Real=0.00s
[2649.703s][info][gc,start       ] GC(992) Pause Young (Allocation Failure)
[2649.706s][info][gc,heap        ] GC(992) PSYoungGen: 1382922K(1383424K)->4655K(1384960K) Eden: 1372672K(1372672K)->0K(1371648K) From: 10250K(10752K)->4655K(13312K)
[2649.706s][info][gc,heap        ] GC(992) ParOldGen: 86571K(2796544K)->89207K(2796544K)
[2649.706s][info][gc,metaspace   ] GC(992) Metaspace: 78333K(79616K)->78333K(79616K) NonClass: 68767K(69312K)->68767K(69312K) Class: 9565K(10304K)->9565K(10304K)
[2649.706s][info][gc             ] GC(992) Pause Young (Allocation Failure) 1435M->91M(4083M) 2.449ms
[2649.706s][info][gc,cpu         ] GC(992) User=0.00s Sys=0.00s Real=0.00s
[2652.200s][info][gc,start       ] GC(993) Pause Young (Allocation Failure)
[2652.203s][info][gc,heap        ] GC(993) PSYoungGen: 1376303K(1384960K)->5644K(1384448K) Eden: 1371648K(1371648K)->0K(1371648K) From: 4655K(13312K)->5644K(12800K)
[2652.203s][info][gc,heap        ] GC(993) ParOldGen: 89207K(2796544K)->92280K(2796544K)
[2652.203s][info][gc,metaspace   ] GC(993) Metaspace: 78333K(79616K)->78333K(79616K) NonClass: 68767K(69312K)->68767K(69312K) Class: 9565K(10304K)->9565K(10304K)
[2652.203s][info][gc             ] GC(993) Pause Young (Allocation Failure) 1431M->95M(4083M) 2.963ms
[2652.203s][info][gc,cpu         ] GC(993) User=0.00s Sys=0.00s Real=0.02s
[2656.747s][info][gc,start       ] GC(994) Pause Young (Allocation Failure)
[2656.750s][info][gc,heap        ] GC(994) PSYoungGen: 1377292K(1384448K)->4409K(1385472K) Eden: 1371648K(1371648K)->0K(1373184K) From: 5644K(12800K)->4409K(12288K)
[2656.750s][info][gc,heap        ] GC(994) ParOldGen: 92280K(2796544K)->96553K(2796544K)
[2656.750s][info][gc,metaspace   ] GC(994) Metaspace: 78333K(79616K)->78333K(79616K) NonClass: 68767K(69312K)->68767K(69312K) Class: 9565K(10304K)->9565K(10304K)
[2656.750s][info][gc             ] GC(994) Pause Young (Allocation Failure) 1435M->98M(4084M) 3.048ms
[2656.750s][info][gc,cpu         ] GC(994) User=0.00s Sys=0.00s Real=0.00s
[2658.963s][info][gc,start       ] GC(995) Pause Young (Allocation Failure)
[2658.966s][info][gc,heap        ] GC(995) PSYoungGen: 1377362K(1385472K)->5957K(1385472K) Eden: 1372953K(1373184K)->0K(1373184K) From: 4409K(12288K)->5957K(12288K)
[2658.966s][info][gc,heap        ] GC(995) ParOldGen: 96553K(2796544K)->99499K(2796544K)
[2658.966s][info][gc,metaspace   ] GC(995) Metaspace: 78333K(79616K)->78333K(79616K) NonClass: 68767K(69312K)->68767K(69312K) Class: 9565K(10304K)->9565K(10304K)
[2658.966s][info][gc             ] GC(995) Pause Young (Allocation Failure) 1439M->102M(4084M) 2.662ms
[2658.966s][info][gc,cpu         ] GC(995) User=0.09s Sys=0.00s Real=0.00s
[2663.071s][info][gc,start       ] GC(996) Pause Young (Allocation Failure)
[2663.074s][info][gc,heap        ] GC(996) PSYoungGen: 1379141K(1385472K)->5422K(1386496K) Eden: 1373184K(1373184K)->0K(1374720K) From: 5957K(12288K)->5422K(11776K)
[2663.074s][info][gc,heap        ] GC(996) ParOldGen: 99499K(2796544K)->104163K(2796544K)
[2663.074s][info][gc,metaspace   ] GC(996) Metaspace: 78333K(79616K)->78333K(79616K) NonClass: 68767K(69312K)->68767K(69312K) Class: 9565K(10304K)->9565K(10304K)
[2663.074s][info][gc             ] GC(996) Pause Young (Allocation Failure) 1443M->107M(4085M) 3.080ms
[2663.074s][info][gc,cpu         ] GC(996) User=0.08s Sys=0.02s Real=0.00s
[2665.997s][info][gc,start       ] GC(997) Pause Young (Allocation Failure)
[2666.000s][info][gc,heap        ] GC(997) PSYoungGen: 1379682K(1386496K)->5955K(1385984K) Eden: 1374260K(1374720K)->0K(1374720K) From: 5422K(11776K)->5955K(11264K)
[2666.000s][info][gc,heap        ] GC(997) ParOldGen: 104163K(2796544K)->107960K(2796544K)
[2666.000s][info][gc,metaspace   ] GC(997) Metaspace: 78333K(79616K)->78333K(79616K) NonClass: 68767K(69312K)->68767K(69312K) Class: 9565K(10304K)->9565K(10304K)
[2666.000s][info][gc             ] GC(997) Pause Young (Allocation Failure) 1449M->111M(4084M) 2.917ms
[2666.000s][info][gc,cpu         ] GC(997) User=0.00s Sys=0.00s Real=0.00s
[2668.250s][info][gc,start       ] GC(998) Pause Young (Allocation Failure)
[2668.253s][info][gc,heap        ] GC(998) PSYoungGen: 1380675K(1385984K)->7080K(1387008K) Eden: 1374720K(1374720K)->0K(1376256K) From: 5955K(11264K)->7080K(10752K)
[2668.253s][info][gc,heap        ] GC(998) ParOldGen: 107960K(2796544K)->112101K(2796544K)
[2668.253s][info][gc,metaspace   ] GC(998) Metaspace: 78333K(79616K)->78333K(79616K) NonClass: 68767K(69312K)->68767K(69312K) Class: 9565K(10304K)->9565K(10304K)
[2668.253s][info][gc             ] GC(998) Pause Young (Allocation Failure) 1453M->116M(4085M) 3.235ms
[2668.253s][info][gc,cpu         ] GC(998) User=0.00s Sys=0.00s Real=0.01s
[2670.599s][info][gc,start       ] GC(999) Pause Young (Allocation Failure)
[2670.602s][info][gc,heap        ] GC(999) PSYoungGen: 1383336K(1387008K)->6060K(1387008K) Eden: 1376256K(1376256K)->0K(1376256K) From: 7080K(10752K)->6060K(10752K)
[2670.602s][info][gc,heap        ] GC(999) ParOldGen: 112101K(2796544K)->117037K(2796544K)
[2670.602s][info][gc,metaspace   ] GC(999) Metaspace: 78333K(79616K)->78333K(79616K) NonClass: 68767K(69312K)->68767K(69312K) Class: 9565K(10304K)->9565K(10304K)
[2670.602s][info][gc             ] GC(999) Pause Young (Allocation Failure) 1460M->120M(4085M) 3.462ms
[2670.603s][info][gc,cpu         ] GC(999) User=0.00s Sys=0.00s Real=0.01s
[2673.298s][info][gc,start       ] GC(1000) Pause Young (Allocation Failure)
[2673.302s][info][gc,heap        ] GC(1000) PSYoungGen: 1380680K(1387008K)->6087K(1388032K) Eden: 1374620K(1376256K)->0K(1377792K) From: 6060K(10752K)->6087K(10240K)
[2673.302s][info][gc,heap        ] GC(1000) ParOldGen: 117037K(2796544K)->121624K(2796544K)
[2673.302s][info][gc,metaspace   ] GC(1000) Metaspace: 78333K(79616K)->78333K(79616K) NonClass: 68767K(69312K)->68767K(69312K) Class: 9565K(10304K)->9565K(10304K)
[2673.302s][info][gc             ] GC(1000) Pause Young (Allocation Failure) 1462M->124M(4086M) 4.319ms
[2673.302s][info][gc,cpu         ] GC(1000) User=0.00s Sys=0.00s Real=0.00s
[2676.699s][info][gc,start       ] GC(1001) Pause Young (Allocation Failure)
[2676.702s][info][gc,heap        ] GC(1001) PSYoungGen: 1383879K(1388032K)->5568K(1387520K) Eden: 1377792K(1377792K)->0K(1377792K) From: 6087K(10240K)->5568K(9728K)
[2676.702s][info][gc,heap        ] GC(1001) ParOldGen: 121624K(2796544K)->124236K(2796544K)
[2676.702s][info][gc,metaspace   ] GC(1001) Metaspace: 78333K(79616K)->78333K(79616K) NonClass: 68767K(69312K)->68767K(69312K) Class: 9565K(10304K)->9565K(10304K)
[2676.702s][info][gc             ] GC(1001) Pause Young (Allocation Failure) 1470M->126M(4086M) 2.815ms
[2676.702s][info][gc,cpu         ] GC(1001) User=0.00s Sys=0.00s Real=0.00s
[2676.985s][info][gc,start       ] GC(1002) Pause Young (System.gc())
[2676.986s][info][gc,heap        ] GC(1002) PSYoungGen: 334143K(1387520K)->512K(1387008K) Eden: 328574K(1377792K)->0K(1377280K) From: 5568K(9728K)->512K(9728K)
[2676.987s][info][gc,heap        ] GC(1002) ParOldGen: 124236K(2796544K)->126618K(2796544K)
[2676.987s][info][gc,metaspace   ] GC(1002) Metaspace: 78333K(79616K)->78333K(79616K) NonClass: 68767K(69312K)->68767K(69312K) Class: 9565K(10304K)->9565K(10304K)
[2676.987s][info][gc             ] GC(1002) Pause Young (System.gc()) 447M->124M(4085M) 1.967ms
[2676.987s][info][gc,cpu         ] GC(1002) User=0.00s Sys=0.00s Real=0.00s
[2676.987s][info][gc,start       ] GC(1003) Pause Full (System.gc())
[2676.987s][info][gc,phases,start] GC(1003) Marking Phase
[2677.014s][info][gc,phases      ] GC(1003) Marking Phase 26.911ms
[2677.014s][info][gc,phases,start] GC(1003) Summary Phase
[2677.014s][info][gc,phases      ] GC(1003) Summary Phase 0.011ms
[2677.014s][info][gc,phases,start] GC(1003) Adjust Roots
[2677.024s][info][gc,phases      ] GC(1003) Adjust Roots 10.691ms
[2677.024s][info][gc,phases,start] GC(1003) Compaction Phase
[2677.036s][info][gc,phases      ] GC(1003) Compaction Phase 11.337ms
[2677.036s][info][gc,phases,start] GC(1003) Post Compact
[2677.037s][info][gc,phases      ] GC(1003) Post Compact 1.032ms
[2677.037s][info][gc,heap        ] GC(1003) PSYoungGen: 512K(1387008K)->0K(1387008K) Eden: 0K(1377280K)->0K(1377280K) From: 512K(9728K)->0K(9728K)
[2677.037s][info][gc,heap        ] GC(1003) ParOldGen: 126618K(2796544K)->78488K(2796544K)
[2677.037s][info][gc,metaspace   ] GC(1003) Metaspace: 78333K(79616K)->78333K(79616K) NonClass: 68767K(69312K)->68767K(69312K) Class: 9565K(10304K)->9565K(10304K)
[2677.037s][info][gc             ] GC(1003) Pause Full (System.gc()) 124M->76M(4085M) 50.288ms
[2677.037s][info][gc,cpu         ] GC(1003) User=0.17s Sys=0.03s Real=0.05s
[2680.265s][info][gc,start       ] GC(1004) Pause Young (Allocation Failure)
[2680.268s][info][gc,heap        ] GC(1004) PSYoungGen: 1377280K(1387008K)->5047K(1387520K) Eden: 1377280K(1377280K)->0K(1377280K) From: 0K(9728K)->5047K(10240K)
[2680.268s][info][gc,heap        ] GC(1004) ParOldGen: 78488K(2796544K)->78488K(2796544K)
[2680.268s][info][gc,metaspace   ] GC(1004) Metaspace: 78333K(79616K)->78333K(79616K) NonClass: 68767K(69312K)->68767K(69312K) Class: 9565K(10304K)->9565K(10304K)
[2680.268s][info][gc             ] GC(1004) Pause Young (Allocation Failure) 1421M->81M(4086M) 2.349ms
[2680.268s][info][gc,cpu         ] GC(1004) User=0.00s Sys=0.00s Real=0.00s
[2683.030s][info][gc,start       ] GC(1005) Pause Young (Allocation Failure)
[2683.034s][info][gc,heap        ] GC(1005) PSYoungGen: 1381264K(1387520K)->9698K(1376768K) Eden: 1376216K(1377280K)->0K(1367040K) From: 5047K(10240K)->9698K(9728K)
[2683.034s][info][gc,heap        ] GC(1005) ParOldGen: 78488K(2796544K)->91082K(2796544K)
[2683.034s][info][gc,metaspace   ] GC(1005) Metaspace: 78333K(79616K)->78333K(79616K) NonClass: 68767K(69312K)->68767K(69312K) Class: 9565K(10304K)->9565K(10304K)
[2683.034s][info][gc             ] GC(1005) Pause Young (Allocation Failure) 1425M->98M(4075M) 4.199ms
[2683.034s][info][gc,cpu         ] GC(1005) User=0.00s Sys=0.00s Real=0.00s
[2687.025s][info][gc,start       ] GC(1006) Pause Young (Allocation Failure)
[2687.028s][info][gc,heap        ] GC(1006) PSYoungGen: 1376738K(1376768K)->4997K(1382400K) Eden: 1367040K(1367040K)->0K(1367040K) From: 9698K(9728K)->4997K(15360K)
[2687.028s][info][gc,heap        ] GC(1006) ParOldGen: 91082K(2796544K)->93831K(2796544K)
[2687.028s][info][gc,metaspace   ] GC(1006) Metaspace: 78333K(79616K)->78333K(79616K) NonClass: 68767K(69312K)->68767K(69312K) Class: 9565K(10304K)->9565K(10304K)
[2687.028s][info][gc             ] GC(1006) Pause Young (Allocation Failure) 1433M->96M(4081M) 3.238ms
[2687.028s][info][gc,cpu         ] GC(1006) User=0.06s Sys=0.00s Real=0.01s
[2689.434s][info][gc,start       ] GC(1007) Pause Young (Allocation Failure)
[2689.437s][info][gc,heap        ] GC(1007) PSYoungGen: 1372037K(1382400K)->5930K(1383424K) Eden: 1367040K(1367040K)->0K(1368064K) From: 4997K(15360K)->5930K(15360K)
[2689.437s][info][gc,heap        ] GC(1007) ParOldGen: 93831K(2796544K)->96893K(2796544K)
[2689.437s][info][gc,metaspace   ] GC(1007) Metaspace: 78333K(79616K)->78333K(79616K) NonClass: 68767K(69312K)->68767K(69312K) Class: 9565K(10304K)->9565K(10304K)
[2689.437s][info][gc             ] GC(1007) Pause Young (Allocation Failure) 1431M->100M(4082M) 3.208ms
[2689.437s][info][gc,cpu         ] GC(1007) User=0.00s Sys=0.00s Real=0.01s
[2693.903s][info][gc,start       ] GC(1008) Pause Young (Allocation Failure)
[2693.907s][info][gc,heap        ] GC(1008) PSYoungGen: 1373994K(1383424K)->6140K(1382400K) Eden: 1368064K(1368064K)->0K(1368064K) From: 5930K(15360K)->6140K(14336K)
[2693.907s][info][gc,heap        ] GC(1008) ParOldGen: 96893K(2796544K)->101164K(2796544K)
[2693.907s][info][gc,metaspace   ] GC(1008) Metaspace: 78333K(79616K)->78333K(79616K) NonClass: 68767K(69312K)->68767K(69312K) Class: 9565K(10304K)->9565K(10304K)
[2693.907s][info][gc             ] GC(1008) Pause Young (Allocation Failure) 1436M->104M(4081M) 4.069ms
[2693.907s][info][gc,cpu         ] GC(1008) User=0.00s Sys=0.00s Real=0.00s
[2696.085s][info][gc,start       ] GC(1009) Pause Young (Allocation Failure)
[2696.088s][info][gc,heap        ] GC(1009) PSYoungGen: 1374204K(1382400K)->6593K(1384448K) Eden: 1368064K(1368064K)->0K(1370624K) From: 6140K(14336K)->6593K(13824K)
[2696.088s][info][gc,heap        ] GC(1009) ParOldGen: 101164K(2796544K)->104053K(2796544K)
[2696.088s][info][gc,metaspace   ] GC(1009) Metaspace: 78333K(79616K)->78333K(79616K) NonClass: 68767K(69312K)->68767K(69312K) Class: 9565K(10304K)->9565K(10304K)
[2696.088s][info][gc             ] GC(1009) Pause Young (Allocation Failure) 1440M->108M(4083M) 2.983ms
[2696.088s][info][gc,cpu         ] GC(1009) User=0.00s Sys=0.00s Real=0.00s
[2700.211s][info][gc,start       ] GC(1010) Pause Young (Allocation Failure)
[2700.215s][info][gc,heap        ] GC(1010) PSYoungGen: 1377217K(1384448K)->7270K(1383936K) Eden: 1370624K(1370624K)->0K(1370624K) From: 6593K(13824K)->7270K(13312K)
[2700.215s][info][gc,heap        ] GC(1010) ParOldGen: 104053K(2796544K)->108720K(2796544K)
[2700.215s][info][gc,metaspace   ] GC(1010) Metaspace: 78333K(79616K)->78333K(79616K) NonClass: 68767K(69312K)->68767K(69312K) Class: 9565K(10304K)->9565K(10304K)
[2700.216s][info][gc             ] GC(1010) Pause Young (Allocation Failure) 1446M->113M(4082M) 4.252ms
[2700.216s][info][gc,cpu         ] GC(1010) User=0.09s Sys=0.00s Real=0.01s
[2703.161s][info][gc,start       ] GC(1011) Pause Young (Allocation Failure)
[2703.164s][info][gc,heap        ] GC(1011) PSYoungGen: 1377894K(1383936K)->5811K(1385472K) Eden: 1370624K(1370624K)->0K(1372672K) From: 7270K(13312K)->5811K(12800K)
[2703.164s][info][gc,heap        ] GC(1011) ParOldGen: 108720K(2796544K)->112595K(2796544K)
[2703.164s][info][gc,metaspace   ] GC(1011) Metaspace: 78333K(79616K)->78333K(79616K) NonClass: 68767K(69312K)->68767K(69312K) Class: 9565K(10304K)->9565K(10304K)
[2703.164s][info][gc             ] GC(1011) Pause Young (Allocation Failure) 1451M->115M(4084M) 3.266ms
[2703.164s][info][gc,cpu         ] GC(1011) User=0.00s Sys=0.00s Real=0.00s
[2705.347s][info][gc,start       ] GC(1012) Pause Young (Allocation Failure)
[2705.351s][info][gc,heap        ] GC(1012) PSYoungGen: 1378483K(1385472K)->6517K(1384960K) Eden: 1372672K(1372672K)->0K(1372672K) From: 5811K(12800K)->6517K(12288K)
[2705.351s][info][gc,heap        ] GC(1012) ParOldGen: 112595K(2796544K)->116682K(2796544K)
[2705.351s][info][gc,metaspace   ] GC(1012) Metaspace: 78333K(79616K)->78333K(79616K) NonClass: 68767K(69312K)->68767K(69312K) Class: 9565K(10304K)->9565K(10304K)
[2705.351s][info][gc             ] GC(1012) Pause Young (Allocation Failure) 1456M->120M(4083M) 3.765ms
[2705.351s][info][gc,cpu         ] GC(1012) User=0.00s Sys=0.00s Real=0.00s
[2707.781s][info][gc,start       ] GC(1013) Pause Young (Allocation Failure)
[2707.785s][info][gc,heap        ] GC(1013) PSYoungGen: 1379189K(1384960K)->6083K(1386496K) Eden: 1372672K(1372672K)->0K(1374720K) From: 6517K(12288K)->6083K(11776K)
[2707.785s][info][gc,heap        ] GC(1013) ParOldGen: 116682K(2796544K)->121698K(2796544K)
[2707.785s][info][gc,metaspace   ] GC(1013) Metaspace: 78333K(79616K)->78333K(79616K) NonClass: 68767K(69312K)->68767K(69312K) Class: 9565K(10304K)->9565K(10304K)
[2707.785s][info][gc             ] GC(1013) Pause Young (Allocation Failure) 1460M->124M(4085M) 3.685ms
[2707.785s][info][gc,cpu         ] GC(1013) User=0.00s Sys=0.00s Real=0.01s
[2710.520s][info][gc,start       ] GC(1014) Pause Young (Allocation Failure)
[2710.525s][info][gc,heap        ] GC(1014) PSYoungGen: 1378499K(1386496K)->10906K(1385984K) Eden: 1372416K(1374720K)->0K(1374720K) From: 6083K(11776K)->10906K(11264K)
[2710.525s][info][gc,heap        ] GC(1014) ParOldGen: 121698K(2796544K)->134502K(2796544K)
[2710.525s][info][gc,metaspace   ] GC(1014) Metaspace: 78333K(79616K)->78333K(79616K) NonClass: 68767K(69312K)->68767K(69312K) Class: 9565K(10304K)->9565K(10304K)
[2710.525s][info][gc             ] GC(1014) Pause Young (Allocation Failure) 1465M->142M(4084M) 4.814ms
[2710.525s][info][gc,cpu         ] GC(1014) User=0.00s Sys=0.00s Real=0.01s
[2713.869s][info][gc,start       ] GC(1015) Pause Young (Allocation Failure)
[2713.872s][info][gc,heap        ] GC(1015) PSYoungGen: 1385626K(1385984K)->5743K(1384960K) Eden: 1374720K(1374720K)->0K(1373184K) From: 10906K(11264K)->5743K(11776K)
[2713.872s][info][gc,heap        ] GC(1015) ParOldGen: 134502K(2796544K)->137122K(2796544K)
[2713.872s][info][gc,metaspace   ] GC(1015) Metaspace: 78333K(79616K)->78333K(79616K) NonClass: 68767K(69312K)->68767K(69312K) Class: 9565K(10304K)->9565K(10304K)
[2713.872s][info][gc             ] GC(1015) Pause Young (Allocation Failure) 1484M->139M(4083M) 3.044ms
[2713.872s][info][gc,cpu         ] GC(1015) User=0.09s Sys=0.00s Real=0.01s
[2714.237s][info][gc,start       ] GC(1016) Pause Young (System.gc())
[2714.238s][info][gc,heap        ] GC(1016) PSYoungGen: 371050K(1384960K)->559K(1374208K) Eden: 365306K(1373184K)->0K(1373184K) From: 5743K(11776K)->559K(1024K)
[2714.238s][info][gc,heap        ] GC(1016) ParOldGen: 137122K(2796544K)->139342K(2796544K)
[2714.238s][info][gc,metaspace   ] GC(1016) Metaspace: 78333K(79616K)->78333K(79616K) NonClass: 68767K(69312K)->68767K(69312K) Class: 9565K(10304K)->9565K(10304K)
[2714.238s][info][gc             ] GC(1016) Pause Young (System.gc()) 496M->136M(4073M) 1.423ms
[2714.238s][info][gc,cpu         ] GC(1016) User=0.00s Sys=0.00s Real=0.00s
[2714.239s][info][gc,start       ] GC(1017) Pause Full (System.gc())
[2714.239s][info][gc,phases,start] GC(1017) Marking Phase
[2714.268s][info][gc,phases      ] GC(1017) Marking Phase 29.293ms
[2714.268s][info][gc,phases,start] GC(1017) Summary Phase
[2714.268s][info][gc,phases      ] GC(1017) Summary Phase 0.011ms
[2714.268s][info][gc,phases,start] GC(1017) Adjust Roots
[2714.279s][info][gc,phases      ] GC(1017) Adjust Roots 11.051ms
[2714.279s][info][gc,phases,start] GC(1017) Compaction Phase
[2714.291s][info][gc,phases      ] GC(1017) Compaction Phase 12.141ms
[2714.291s][info][gc,phases,start] GC(1017) Post Compact
[2714.292s][info][gc,phases      ] GC(1017) Post Compact 1.083ms
[2714.292s][info][gc,heap        ] GC(1017) PSYoungGen: 559K(1374208K)->0K(1374208K) Eden: 0K(1373184K)->0K(1373184K) From: 559K(1024K)->0K(1024K)
[2714.292s][info][gc,heap        ] GC(1017) ParOldGen: 139342K(2796544K)->78298K(2796544K)
[2714.292s][info][gc,metaspace   ] GC(1017) Metaspace: 78333K(79616K)->78333K(79616K) NonClass: 68767K(69312K)->68767K(69312K) Class: 9565K(10304K)->9565K(10304K)
[2714.292s][info][gc             ] GC(1017) Pause Full (System.gc()) 136M->76M(4073M) 53.986ms
[2714.293s][info][gc,cpu         ] GC(1017) User=0.12s Sys=0.00s Real=0.06s
[2717.616s][info][gc,start       ] GC(1018) Pause Young (Allocation Failure)
[2717.619s][info][gc,heap        ] GC(1018) PSYoungGen: 1373184K(1374208K)->5127K(1385472K) Eden: 1373184K(1373184K)->0K(1372672K) From: 0K(1024K)->5127K(12800K)
[2717.619s][info][gc,heap        ] GC(1018) ParOldGen: 78298K(2796544K)->78298K(2796544K)
[2717.619s][info][gc,metaspace   ] GC(1018) Metaspace: 78333K(79616K)->78333K(79616K) NonClass: 68767K(69312K)->68767K(69312K) Class: 9565K(10304K)->9565K(10304K)
[2717.619s][info][gc             ] GC(1018) Pause Young (Allocation Failure) 1417M->81M(4084M) 2.157ms
[2717.619s][info][gc,cpu         ] GC(1018) User=0.00s Sys=0.00s Real=0.01s
[2720.379s][info][gc,start       ] GC(1019) Pause Young (Allocation Failure)
[2720.383s][info][gc,heap        ] GC(1019) PSYoungGen: 1377634K(1385472K)->10421K(1383424K) Eden: 1372506K(1372672K)->0K(1372672K) From: 5127K(12800K)->10421K(10752K)
[2720.383s][info][gc,heap        ] GC(1019) ParOldGen: 78298K(2796544K)->94640K(2796544K)
[2720.383s][info][gc,metaspace   ] GC(1019) Metaspace: 78333K(79616K)->78333K(79616K) NonClass: 68767K(69312K)->68767K(69312K) Class: 9565K(10304K)->9565K(10304K)
[2720.383s][info][gc             ] GC(1019) Pause Young (Allocation Failure) 1421M->102M(4082M) 4.418ms
[2720.383s][info][gc,cpu         ] GC(1019) User=0.00s Sys=0.00s Real=0.00s
[2724.356s][info][gc,start       ] GC(1020) Pause Young (Allocation Failure)
[2724.358s][info][gc,heap        ] GC(1020) PSYoungGen: 1383093K(1383424K)->5280K(1384960K) Eden: 1372672K(1372672K)->0K(1371648K) From: 10421K(10752K)->5280K(13312K)
[2724.359s][info][gc,heap        ] GC(1020) ParOldGen: 94640K(2796544K)->97283K(2796544K)
[2724.359s][info][gc,metaspace   ] GC(1020) Metaspace: 78333K(79616K)->78333K(79616K) NonClass: 68767K(69312K)->68767K(69312K) Class: 9565K(10304K)->9565K(10304K)
[2724.359s][info][gc             ] GC(1020) Pause Young (Allocation Failure) 1443M->100M(4083M) 2.512ms
[2724.359s][info][gc,cpu         ] GC(1020) User=0.00s Sys=0.00s Real=0.01s
[2726.780s][info][gc,start       ] GC(1021) Pause Young (Allocation Failure)
[2726.783s][info][gc,heap        ] GC(1021) PSYoungGen: 1376928K(1384960K)->6131K(1384448K) Eden: 1371648K(1371648K)->0K(1371648K) From: 5280K(13312K)->6131K(12800K)
[2726.783s][info][gc,heap        ] GC(1021) ParOldGen: 97283K(2796544K)->100339K(2796544K)
[2726.783s][info][gc,metaspace   ] GC(1021) Metaspace: 78333K(79616K)->78333K(79616K) NonClass: 68767K(69312K)->68767K(69312K) Class: 9565K(10304K)->9565K(10304K)
[2726.783s][info][gc             ] GC(1021) Pause Young (Allocation Failure) 1439M->103M(4083M) 3.040ms
[2726.783s][info][gc,cpu         ] GC(1021) User=0.00s Sys=0.00s Real=0.01s
[2731.319s][info][gc,start       ] GC(1022) Pause Young (Allocation Failure)
[2731.322s][info][gc,heap        ] GC(1022) PSYoungGen: 1374284K(1384448K)->4132K(1385472K) Eden: 1368153K(1371648K)->0K(1373184K) From: 6131K(12800K)->4132K(12288K)
[2731.322s][info][gc,heap        ] GC(1022) ParOldGen: 100339K(2796544K)->104586K(2796544K)
[2731.322s][info][gc,metaspace   ] GC(1022) Metaspace: 78333K(79616K)->78333K(79616K) NonClass: 68767K(69312K)->68767K(69312K) Class: 9565K(10304K)->9565K(10304K)
[2731.322s][info][gc             ] GC(1022) Pause Young (Allocation Failure) 1440M->106M(4084M) 2.944ms
[2731.322s][info][gc,cpu         ] GC(1022) User=0.00s Sys=0.00s Real=0.00s
[2733.543s][info][gc,start       ] GC(1023) Pause Young (Allocation Failure)
[2733.546s][info][gc,heap        ] GC(1023) PSYoungGen: 1377160K(1385472K)->6447K(1385472K) Eden: 1373027K(1373184K)->0K(1373184K) From: 4132K(12288K)->6447K(12288K)
[2733.546s][info][gc,heap        ] GC(1023) ParOldGen: 104586K(2796544K)->107541K(2796544K)
[2733.546s][info][gc,metaspace   ] GC(1023) Metaspace: 78333K(79616K)->78333K(79616K) NonClass: 68767K(69312K)->68767K(69312K) Class: 9565K(10304K)->9565K(10304K)
[2733.546s][info][gc             ] GC(1023) Pause Young (Allocation Failure) 1447M->111M(4084M) 3.420ms
[2733.546s][info][gc,cpu         ] GC(1023) User=0.00s Sys=0.00s Real=0.00s
[2737.670s][info][gc,start       ] GC(1024) Pause Young (Allocation Failure)
[2737.673s][info][gc,heap        ] GC(1024) PSYoungGen: 1379181K(1385472K)->5207K(1386496K) Eden: 1372733K(1373184K)->0K(1374720K) From: 6447K(12288K)->5207K(11776K)
[2737.673s][info][gc,heap        ] GC(1024) ParOldGen: 107541K(2796544K)->112156K(2796544K)
[2737.673s][info][gc,metaspace   ] GC(1024) Metaspace: 78333K(79616K)->78333K(79616K) NonClass: 68767K(69312K)->68767K(69312K) Class: 9565K(10304K)->9565K(10304K)
[2737.673s][info][gc             ] GC(1024) Pause Young (Allocation Failure) 1451M->114M(4085M) 3.091ms
[2737.674s][info][gc,cpu         ] GC(1024) User=0.00s Sys=0.00s Real=0.00s
[2740.670s][info][gc,start       ] GC(1025) Pause Young (Allocation Failure)
[2740.674s][info][gc,heap        ] GC(1025) PSYoungGen: 1379927K(1386496K)->6232K(1385984K) Eden: 1374720K(1374720K)->0K(1374720K) From: 5207K(11776K)->6232K(11264K)
[2740.674s][info][gc,heap        ] GC(1025) ParOldGen: 112156K(2796544K)->116063K(2796544K)
[2740.674s][info][gc,metaspace   ] GC(1025) Metaspace: 78333K(79616K)->78333K(79616K) NonClass: 68767K(69312K)->68767K(69312K) Class: 9565K(10304K)->9565K(10304K)
[2740.674s][info][gc             ] GC(1025) Pause Young (Allocation Failure) 1457M->119M(4084M) 3.390ms
[2740.674s][info][gc,cpu         ] GC(1025) User=0.00s Sys=0.00s Real=0.00s
[2742.943s][info][gc,start       ] GC(1026) Pause Young (Allocation Failure)
[2742.946s][info][gc,heap        ] GC(1026) PSYoungGen: 1380952K(1385984K)->6557K(1387008K) Eden: 1374720K(1374720K)->0K(1376256K) From: 6232K(11264K)->6557K(10752K)
[2742.946s][info][gc,heap        ] GC(1026) ParOldGen: 116063K(2796544K)->120209K(2796544K)
[2742.946s][info][gc,metaspace   ] GC(1026) Metaspace: 78333K(79616K)->78333K(79616K) NonClass: 68767K(69312K)->68767K(69312K) Class: 9565K(10304K)->9565K(10304K)
[2742.947s][info][gc             ] GC(1026) Pause Young (Allocation Failure) 1461M->123M(4085M) 3.922ms
[2742.947s][info][gc,cpu         ] GC(1026) User=0.00s Sys=0.00s Real=0.00s
[2745.357s][info][gc,start       ] GC(1027) Pause Young (Allocation Failure)
[2745.360s][info][gc,heap        ] GC(1027) PSYoungGen: 1382813K(1387008K)->5662K(1387008K) Eden: 1376256K(1376256K)->0K(1376256K) From: 6557K(10752K)->5662K(10752K)
[2745.361s][info][gc,heap        ] GC(1027) ParOldGen: 120209K(2796544K)->125172K(2796544K)
[2745.361s][info][gc,metaspace   ] GC(1027) Metaspace: 78333K(79616K)->78333K(79616K) NonClass: 68767K(69312K)->68767K(69312K) Class: 9565K(10304K)->9565K(10304K)
[2745.361s][info][gc             ] GC(1027) Pause Young (Allocation Failure) 1467M->127M(4085M) 3.410ms
[2745.361s][info][gc,cpu         ] GC(1027) User=0.00s Sys=0.00s Real=0.01s
[2748.048s][info][gc,start       ] GC(1028) Pause Young (Allocation Failure)
[2748.053s][info][gc,heap        ] GC(1028) PSYoungGen: 1381604K(1387008K)->6595K(1387520K) Eden: 1375942K(1376256K)->0K(1377280K) From: 5662K(10752K)->6595K(10240K)
[2748.053s][info][gc,heap        ] GC(1028) ParOldGen: 125172K(2796544K)->129755K(2796544K)
[2748.053s][info][gc,metaspace   ] GC(1028) Metaspace: 78333K(79616K)->78333K(79616K) NonClass: 68767K(69312K)->68767K(69312K) Class: 9565K(10304K)->9565K(10304K)
[2748.053s][info][gc             ] GC(1028) Pause Young (Allocation Failure) 1471M->133M(4086M) 4.828ms
[2748.053s][info][gc,cpu         ] GC(1028) User=0.00s Sys=0.00s Real=0.00s
[2751.476s][info][gc,start       ] GC(1029) Pause Young (Allocation Failure)
[2751.479s][info][gc,heap        ] GC(1029) PSYoungGen: 1383875K(1387520K)->5679K(1387520K) Eden: 1377280K(1377280K)->0K(1377280K) From: 6595K(10240K)->5679K(10240K)
[2751.479s][info][gc,heap        ] GC(1029) ParOldGen: 129755K(2796544K)->132374K(2796544K)
[2751.479s][info][gc,metaspace   ] GC(1029) Metaspace: 78333K(79616K)->78333K(79616K) NonClass: 68767K(69312K)->68767K(69312K) Class: 9565K(10304K)->9565K(10304K)
[2751.479s][info][gc             ] GC(1029) Pause Young (Allocation Failure) 1478M->134M(4086M) 2.885ms
[2751.479s][info][gc,cpu         ] GC(1029) User=0.00s Sys=0.00s Real=0.00s
[2751.752s][info][gc,start       ] GC(1030) Pause Young (System.gc())
[2751.753s][info][gc,heap        ] GC(1030) PSYoungGen: 322473K(1387520K)->512K(1387008K) Eden: 316793K(1377280K)->0K(1377280K) From: 5679K(10240K)->512K(9728K)
[2751.753s][info][gc,heap        ] GC(1030) ParOldGen: 132374K(2796544K)->134674K(2796544K)
[2751.753s][info][gc,metaspace   ] GC(1030) Metaspace: 78333K(79616K)->78333K(79616K) NonClass: 68767K(69312K)->68767K(69312K) Class: 9565K(10304K)->9565K(10304K)
[2751.753s][info][gc             ] GC(1030) Pause Young (System.gc()) 444M->132M(4085M) 1.459ms
[2751.753s][info][gc,cpu         ] GC(1030) User=0.00s Sys=0.00s Real=0.00s
[2751.753s][info][gc,start       ] GC(1031) Pause Full (System.gc())
[2751.753s][info][gc,phases,start] GC(1031) Marking Phase
[2751.779s][info][gc,phases      ] GC(1031) Marking Phase 25.600ms
[2751.779s][info][gc,phases,start] GC(1031) Summary Phase
[2751.779s][info][gc,phases      ] GC(1031) Summary Phase 0.011ms
[2751.779s][info][gc,phases,start] GC(1031) Adjust Roots
[2751.789s][info][gc,phases      ] GC(1031) Adjust Roots 10.508ms
[2751.789s][info][gc,phases,start] GC(1031) Compaction Phase
[2751.800s][info][gc,phases      ] GC(1031) Compaction Phase 11.080ms
[2751.800s][info][gc,phases,start] GC(1031) Post Compact
[2751.802s][info][gc,phases      ] GC(1031) Post Compact 1.228ms
[2751.802s][info][gc,heap        ] GC(1031) PSYoungGen: 512K(1387008K)->0K(1387008K) Eden: 0K(1377280K)->0K(1377280K) From: 512K(9728K)->0K(9728K)
[2751.802s][info][gc,heap        ] GC(1031) ParOldGen: 134674K(2796544K)->78397K(2796544K)
[2751.802s][info][gc,metaspace   ] GC(1031) Metaspace: 78333K(79616K)->78333K(79616K) NonClass: 68767K(69312K)->68767K(69312K) Class: 9565K(10304K)->9565K(10304K)
[2751.802s][info][gc             ] GC(1031) Pause Full (System.gc()) 132M->76M(4085M) 48.730ms
[2751.802s][info][gc,cpu         ] GC(1031) User=0.20s Sys=0.00s Real=0.05s
[2755.065s][info][gc,start       ] GC(1032) Pause Young (Allocation Failure)
[2755.067s][info][gc,heap        ] GC(1032) PSYoungGen: 1377280K(1387008K)->5031K(1387520K) Eden: 1377280K(1377280K)->0K(1377280K) From: 0K(9728K)->5031K(10240K)
[2755.067s][info][gc,heap        ] GC(1032) ParOldGen: 78397K(2796544K)->78397K(2796544K)
[2755.067s][info][gc,metaspace   ] GC(1032) Metaspace: 78333K(79616K)->78333K(79616K) NonClass: 68767K(69312K)->68767K(69312K) Class: 9565K(10304K)->9565K(10304K)
[2755.067s][info][gc             ] GC(1032) Pause Young (Allocation Failure) 1421M->81M(4086M) 1.966ms
[2755.067s][info][gc,cpu         ] GC(1032) User=0.00s Sys=0.00s Real=0.00s
[2757.828s][info][gc,start       ] GC(1033) Pause Young (Allocation Failure)
[2757.831s][info][gc,heap        ] GC(1033) PSYoungGen: 1380862K(1387520K)->10239K(1379328K) Eden: 1375831K(1377280K)->0K(1369088K) From: 5031K(10240K)->10239K(10240K)
[2757.831s][info][gc,heap        ] GC(1033) ParOldGen: 78397K(2796544K)->86551K(2796544K)
[2757.831s][info][gc,metaspace   ] GC(1033) Metaspace: 78333K(79616K)->78333K(79616K) NonClass: 68767K(69312K)->68767K(69312K) Class: 9565K(10304K)->9565K(10304K)
[2757.831s][info][gc             ] GC(1033) Pause Young (Allocation Failure) 1425M->94M(4078M) 3.548ms
[2757.831s][info][gc,cpu         ] GC(1033) User=0.00s Sys=0.00s Real=0.00s
[2761.773s][info][gc,start       ] GC(1034) Pause Young (Allocation Failure)
[2761.776s][info][gc,heap        ] GC(1034) PSYoungGen: 1379327K(1379328K)->5249K(1383424K) Eden: 1369088K(1369088K)->0K(1369088K) From: 10239K(10240K)->5249K(14336K)
[2761.776s][info][gc,heap        ] GC(1034) ParOldGen: 86551K(2796544K)->89195K(2796544K)
[2761.776s][info][gc,metaspace   ] GC(1034) Metaspace: 78333K(79616K)->78333K(79616K) NonClass: 68767K(69312K)->68767K(69312K) Class: 9565K(10304K)->9565K(10304K)
[2761.776s][info][gc             ] GC(1034) Pause Young (Allocation Failure) 1431M->92M(4082M) 3.026ms
[2761.776s][info][gc,cpu         ] GC(1034) User=0.00s Sys=0.00s Real=0.01s
[2764.172s][info][gc,start       ] GC(1035) Pause Young (Allocation Failure)
[2764.175s][info][gc,heap        ] GC(1035) PSYoungGen: 1374337K(1383424K)->5831K(1384448K) Eden: 1369088K(1369088K)->0K(1370624K) From: 5249K(14336K)->5831K(13824K)
[2764.175s][info][gc,heap        ] GC(1035) ParOldGen: 89195K(2796544K)->92272K(2796544K)
[2764.175s][info][gc,metaspace   ] GC(1035) Metaspace: 78333K(79616K)->78333K(79616K) NonClass: 68767K(69312K)->68767K(69312K) Class: 9565K(10304K)->9565K(10304K)
[2764.175s][info][gc             ] GC(1035) Pause Young (Allocation Failure) 1429M->95M(4083M) 2.972ms
[2764.175s][info][gc,cpu         ] GC(1035) User=0.00s Sys=0.00s Real=0.01s
[2768.703s][info][gc,start       ] GC(1036) Pause Young (Allocation Failure)
[2768.705s][info][gc,heap        ] GC(1036) PSYoungGen: 1373346K(1384448K)->4036K(1383936K) Eden: 1367515K(1370624K)->0K(1370624K) From: 5831K(13824K)->4036K(13312K)
[2768.705s][info][gc,heap        ] GC(1036) ParOldGen: 92272K(2796544K)->96589K(2796544K)
[2768.705s][info][gc,metaspace   ] GC(1036) Metaspace: 78333K(79616K)->78333K(79616K) NonClass: 68767K(69312K)->68767K(69312K) Class: 9565K(10304K)->9565K(10304K)
[2768.705s][info][gc             ] GC(1036) Pause Young (Allocation Failure) 1431M->98M(4082M) 2.587ms
[2768.706s][info][gc,cpu         ] GC(1036) User=0.00s Sys=0.00s Real=0.00s
[2770.849s][info][gc,start       ] GC(1037) Pause Young (Allocation Failure)
[2770.852s][info][gc,heap        ] GC(1037) PSYoungGen: 1374660K(1383936K)->7442K(1384960K) Eden: 1370624K(1370624K)->0K(1371648K) From: 4036K(13312K)->7442K(13312K)
[2770.852s][info][gc,heap        ] GC(1037) ParOldGen: 96589K(2796544K)->99527K(2796544K)
[2770.852s][info][gc,metaspace   ] GC(1037) Metaspace: 78333K(79616K)->78333K(79616K) NonClass: 68767K(69312K)->68767K(69312K) Class: 9565K(10304K)->9565K(10304K)
[2770.852s][info][gc             ] GC(1037) Pause Young (Allocation Failure) 1436M->104M(4083M) 3.050ms
[2770.852s][info][gc,cpu         ] GC(1037) User=0.00s Sys=0.00s Real=0.01s
[2774.952s][info][gc,start       ] GC(1038) Pause Young (Allocation Failure)
[2774.957s][info][gc,heap        ] GC(1038) PSYoungGen: 1379090K(1384960K)->11287K(1383424K) Eden: 1371648K(1371648K)->0K(1371648K) From: 7442K(13312K)->11287K(11776K)
[2774.957s][info][gc,heap        ] GC(1038) ParOldGen: 99527K(2796544K)->104163K(2796544K)
[2774.957s][info][gc,metaspace   ] GC(1038) Metaspace: 78333K(79616K)->78333K(79616K) NonClass: 68767K(69312K)->68767K(69312K) Class: 9565K(10304K)->9565K(10304K)
[2774.957s][info][gc             ] GC(1038) Pause Young (Allocation Failure) 1443M->112M(4082M) 5.344ms
[2774.957s][info][gc,cpu         ] GC(1038) User=0.00s Sys=0.00s Real=0.01s
[2777.978s][info][gc,start       ] GC(1039) Pause Young (Allocation Failure)
[2777.981s][info][gc,heap        ] GC(1039) PSYoungGen: 1382935K(1383424K)->5275K(1383936K) Eden: 1371648K(1371648K)->0K(1370112K) From: 11287K(11776K)->5275K(13824K)
[2777.981s][info][gc,heap        ] GC(1039) ParOldGen: 104163K(2796544K)->107979K(2796544K)
[2777.981s][info][gc,metaspace   ] GC(1039) Metaspace: 78333K(79616K)->78333K(79616K) NonClass: 68767K(69312K)->68767K(69312K) Class: 9565K(10304K)->9565K(10304K)
[2777.981s][info][gc             ] GC(1039) Pause Young (Allocation Failure) 1452M->110M(4082M) 3.063ms
[2777.981s][info][gc,cpu         ] GC(1039) User=0.09s Sys=0.00s Real=0.00s
[2780.243s][info][gc,start       ] GC(1040) Pause Young (Allocation Failure)
[2780.247s][info][gc,heap        ] GC(1040) PSYoungGen: 1375387K(1383936K)->6196K(1383936K) Eden: 1370112K(1370112K)->0K(1370112K) From: 5275K(13824K)->6196K(13824K)
[2780.247s][info][gc,heap        ] GC(1040) ParOldGen: 107979K(2796544K)->112112K(2796544K)
[2780.247s][info][gc,metaspace   ] GC(1040) Metaspace: 78333K(79616K)->78333K(79616K) NonClass: 68767K(69312K)->68767K(69312K) Class: 9565K(10304K)->9565K(10304K)
[2780.247s][info][gc             ] GC(1040) Pause Young (Allocation Failure) 1448M->115M(4082M) 3.303ms
[2780.247s][info][gc,cpu         ] GC(1040) User=0.09s Sys=0.00s Real=0.00s
[2782.607s][info][gc,start       ] GC(1041) Pause Young (Allocation Failure)
[2782.610s][info][gc,heap        ] GC(1041) PSYoungGen: 1376308K(1383936K)->5985K(1384960K) Eden: 1370112K(1370112K)->0K(1371648K) From: 6196K(13824K)->5985K(13312K)
[2782.610s][info][gc,heap        ] GC(1041) ParOldGen: 112112K(2796544K)->117046K(2796544K)
[2782.610s][info][gc,metaspace   ] GC(1041) Metaspace: 78333K(79616K)->78333K(79616K) NonClass: 68767K(69312K)->68767K(69312K) Class: 9565K(10304K)->9565K(10304K)
[2782.610s][info][gc             ] GC(1041) Pause Young (Allocation Failure) 1453M->120M(4083M) 3.543ms
[2782.610s][info][gc,cpu         ] GC(1041) User=0.00s Sys=0.00s Real=0.01s
[2785.337s][info][gc,start       ] GC(1042) Pause Young (Allocation Failure)
[2785.341s][info][gc,heap        ] GC(1042) PSYoungGen: 1374350K(1384960K)->11500K(1383424K) Eden: 1368364K(1371648K)->0K(1371648K) From: 5985K(13312K)->11500K(11776K)
[2785.341s][info][gc,heap        ] GC(1042) ParOldGen: 117046K(2796544K)->129852K(2796544K)
[2785.341s][info][gc,metaspace   ] GC(1042) Metaspace: 78333K(79616K)->78333K(79616K) NonClass: 68767K(69312K)->68767K(69312K) Class: 9565K(10304K)->9565K(10304K)
[2785.341s][info][gc             ] GC(1042) Pause Young (Allocation Failure) 1456M->138M(4082M) 4.432ms
[2785.342s][info][gc,cpu         ] GC(1042) User=0.09s Sys=0.00s Real=0.00s
[2788.700s][info][gc,start       ] GC(1043) Pause Young (Allocation Failure)
[2788.703s][info][gc,heap        ] GC(1043) PSYoungGen: 1383148K(1383424K)->6852K(1384448K) Eden: 1371648K(1371648K)->0K(1370624K) From: 11500K(11776K)->6852K(13824K)
[2788.703s][info][gc,heap        ] GC(1043) ParOldGen: 129852K(2796544K)->132448K(2796544K)
[2788.703s][info][gc,metaspace   ] GC(1043) Metaspace: 78333K(79616K)->78333K(79616K) NonClass: 68767K(69312K)->68767K(69312K) Class: 9565K(10304K)->9565K(10304K)
[2788.703s][info][gc             ] GC(1043) Pause Young (Allocation Failure) 1477M->136M(4083M) 3.281ms
[2788.703s][info][gc,cpu         ] GC(1043) User=0.00s Sys=0.00s Real=0.00s
[2789.061s][info][gc,start       ] GC(1044) Pause Young (System.gc())
[2789.062s][info][gc,heap        ] GC(1044) PSYoungGen: 367053K(1384448K)->559K(1383936K) Eden: 360200K(1370624K)->0K(1370624K) From: 6852K(13824K)->559K(13312K)
[2789.062s][info][gc,heap        ] GC(1044) ParOldGen: 132448K(2796544K)->134772K(2796544K)
[2789.062s][info][gc,metaspace   ] GC(1044) Metaspace: 78333K(79616K)->78333K(79616K) NonClass: 68767K(69312K)->68767K(69312K) Class: 9565K(10304K)->9565K(10304K)
[2789.062s][info][gc             ] GC(1044) Pause Young (System.gc()) 487M->132M(4082M) 1.415ms
[2789.062s][info][gc,cpu         ] GC(1044) User=0.00s Sys=0.00s Real=0.00s
[2789.062s][info][gc,start       ] GC(1045) Pause Full (System.gc())
[2789.062s][info][gc,phases,start] GC(1045) Marking Phase
[2789.089s][info][gc,phases      ] GC(1045) Marking Phase 26.771ms
[2789.089s][info][gc,phases,start] GC(1045) Summary Phase
[2789.089s][info][gc,phases      ] GC(1045) Summary Phase 0.023ms
[2789.089s][info][gc,phases,start] GC(1045) Adjust Roots
[2789.100s][info][gc,phases      ] GC(1045) Adjust Roots 10.714ms
[2789.100s][info][gc,phases,start] GC(1045) Compaction Phase
[2789.111s][info][gc,phases      ] GC(1045) Compaction Phase 10.946ms
[2789.111s][info][gc,phases,start] GC(1045) Post Compact
[2789.112s][info][gc,phases      ] GC(1045) Post Compact 1.080ms
[2789.112s][info][gc,heap        ] GC(1045) PSYoungGen: 559K(1383936K)->0K(1383936K) Eden: 0K(1370624K)->0K(1370624K) From: 559K(13312K)->0K(13312K)
[2789.112s][info][gc,heap        ] GC(1045) ParOldGen: 134772K(2796544K)->78625K(2796544K)
[2789.112s][info][gc,metaspace   ] GC(1045) Metaspace: 78333K(79616K)->78333K(79616K) NonClass: 68767K(69312K)->68767K(69312K) Class: 9565K(10304K)->9565K(10304K)
[2789.112s][info][gc             ] GC(1045) Pause Full (System.gc()) 132M->76M(4082M) 49.871ms
[2789.112s][info][gc,cpu         ] GC(1045) User=0.12s Sys=0.00s Real=0.05s
[2792.366s][info][gc,start       ] GC(1046) Pause Young (Allocation Failure)
[2792.368s][info][gc,heap        ] GC(1046) PSYoungGen: 1370624K(1383936K)->5053K(1384448K) Eden: 1370624K(1370624K)->0K(1370624K) From: 0K(13312K)->5053K(13824K)
[2792.368s][info][gc,heap        ] GC(1046) ParOldGen: 78625K(2796544K)->78625K(2796544K)
[2792.368s][info][gc,metaspace   ] GC(1046) Metaspace: 78334K(79616K)->78334K(79616K) NonClass: 68768K(69312K)->68768K(69312K) Class: 9565K(10304K)->9565K(10304K)
[2792.368s][info][gc             ] GC(1046) Pause Young (Allocation Failure) 1415M->81M(4083M) 1.995ms
[2792.368s][info][gc,cpu         ] GC(1046) User=0.00s Sys=0.00s Real=0.00s
[2795.099s][info][gc,start       ] GC(1047) Pause Young (Allocation Failure)
[2795.102s][info][gc,heap        ] GC(1047) PSYoungGen: 1372713K(1384448K)->9944K(1383936K) Eden: 1367660K(1370624K)->0K(1370624K) From: 5053K(13824K)->9944K(13312K)
[2795.102s][info][gc,heap        ] GC(1047) ParOldGen: 78625K(2796544K)->82597K(2796544K)
[2795.102s][info][gc,metaspace   ] GC(1047) Metaspace: 78334K(79616K)->78334K(79616K) NonClass: 68768K(69312K)->68768K(69312K) Class: 9565K(10304K)->9565K(10304K)
[2795.102s][info][gc             ] GC(1047) Pause Young (Allocation Failure) 1417M->90M(4082M) 3.149ms
[2795.102s][info][gc,cpu         ] GC(1047) User=0.00s Sys=0.00s Real=0.00s
[2799.037s][info][gc,start       ] GC(1048) Pause Young (Allocation Failure)
[2799.040s][info][gc,heap        ] GC(1048) PSYoungGen: 1379593K(1383936K)->4234K(1383936K) Eden: 1369648K(1370624K)->0K(1370112K) From: 9944K(13312K)->4234K(13824K)
[2799.040s][info][gc,heap        ] GC(1048) ParOldGen: 82597K(2796544K)->85238K(2796544K)
[2799.040s][info][gc,metaspace   ] GC(1048) Metaspace: 78334K(79616K)->78334K(79616K) NonClass: 68768K(69312K)->68768K(69312K) Class: 9565K(10304K)->9565K(10304K)
[2799.040s][info][gc             ] GC(1048) Pause Young (Allocation Failure) 1427M->87M(4082M) 2.661ms
[2799.040s][info][gc,cpu         ] GC(1048) User=0.00s Sys=0.00s Real=0.01s
[2801.481s][info][gc,start       ] GC(1049) Pause Young (Allocation Failure)
[2801.485s][info][gc,heap        ] GC(1049) PSYoungGen: 1374346K(1383936K)->5903K(1383936K) Eden: 1370112K(1370112K)->0K(1370112K) From: 4234K(13824K)->5903K(13824K)
[2801.485s][info][gc,heap        ] GC(1049) ParOldGen: 85238K(2796544K)->88287K(2796544K)
[2801.485s][info][gc,metaspace   ] GC(1049) Metaspace: 78334K(79616K)->78334K(79616K) NonClass: 68768K(69312K)->68768K(69312K) Class: 9565K(10304K)->9565K(10304K)
[2801.485s][info][gc             ] GC(1049) Pause Young (Allocation Failure) 1425M->91M(4082M) 3.278ms
[2801.485s][info][gc,cpu         ] GC(1049) User=0.00s Sys=0.00s Real=0.02s
[2806.056s][info][gc,start       ] GC(1050) Pause Young (Allocation Failure)
[2806.060s][info][gc,heap        ] GC(1050) PSYoungGen: 1376015K(1383936K)->4848K(1384960K) Eden: 1370112K(1370112K)->0K(1372160K) From: 5903K(13824K)->4848K(12800K)
[2806.060s][info][gc,heap        ] GC(1050) ParOldGen: 88287K(2796544K)->92568K(2796544K)
[2806.060s][info][gc,metaspace   ] GC(1050) Metaspace: 78334K(79616K)->78334K(79616K) NonClass: 68768K(69312K)->68768K(69312K) Class: 9565K(10304K)->9565K(10304K)
[2806.060s][info][gc             ] GC(1050) Pause Young (Allocation Failure) 1429M->95M(4083M) 3.340ms
[2806.060s][info][gc,cpu         ] GC(1050) User=0.08s Sys=0.00s Real=0.00s
[2808.432s][info][gc,start       ] GC(1051) Pause Young (Allocation Failure)
[2808.437s][info][gc,heap        ] GC(1051) PSYoungGen: 1377008K(1384960K)->7370K(1384960K) Eden: 1372160K(1372160K)->0K(1372160K) From: 4848K(12800K)->7370K(12800K)
[2808.437s][info][gc,heap        ] GC(1051) ParOldGen: 92568K(2796544K)->95457K(2796544K)
[2808.437s][info][gc,metaspace   ] GC(1051) Metaspace: 78335K(79616K)->78335K(79616K) NonClass: 68769K(69312K)->68769K(69312K) Class: 9565K(10304K)->9565K(10304K)
[2808.437s][info][gc             ] GC(1051) Pause Young (Allocation Failure) 1435M->100M(4083M) 4.686ms
[2808.437s][info][gc,cpu         ] GC(1051) User=0.06s Sys=0.00s Real=0.01s
[2812.616s][info][gc,start       ] GC(1052) Pause Young (Allocation Failure)
[2812.620s][info][gc,heap        ] GC(1052) PSYoungGen: 1379530K(1384960K)->7086K(1385472K) Eden: 1372160K(1372160K)->0K(1373184K) From: 7370K(12800K)->7086K(12288K)
[2812.620s][info][gc,heap        ] GC(1052) ParOldGen: 95457K(2796544K)->100097K(2796544K)
[2812.620s][info][gc,metaspace   ] GC(1052) Metaspace: 78335K(79616K)->78335K(79616K) NonClass: 68769K(69312K)->68769K(69312K) Class: 9565K(10304K)->9565K(10304K)
[2812.620s][info][gc             ] GC(1052) Pause Young (Allocation Failure) 1440M->104M(4084M) 4.370ms
[2812.620s][info][gc,cpu         ] GC(1052) User=0.00s Sys=0.00s Real=0.01s
[2815.572s][info][gc,start       ] GC(1053) Pause Young (Allocation Failure)
[2815.576s][info][gc,heap        ] GC(1053) PSYoungGen: 1380270K(1385472K)->8141K(1385472K) Eden: 1373184K(1373184K)->0K(1373184K) From: 7086K(12288K)->8141K(12288K)
[2815.576s][info][gc,heap        ] GC(1053) ParOldGen: 100097K(2796544K)->103971K(2796544K)
[2815.576s][info][gc,metaspace   ] GC(1053) Metaspace: 78335K(79616K)->78335K(79616K) NonClass: 68769K(69312K)->68769K(69312K) Class: 9565K(10304K)->9565K(10304K)
[2815.576s][info][gc             ] GC(1053) Pause Young (Allocation Failure) 1445M->109M(4084M) 3.635ms
[2815.576s][info][gc,cpu         ] GC(1053) User=0.09s Sys=0.00s Real=0.00s
[2817.783s][info][gc,start       ] GC(1054) Pause Young (Allocation Failure)
[2817.787s][info][gc,heap        ] GC(1054) PSYoungGen: 1381325K(1385472K)->6509K(1385984K) Eden: 1373184K(1373184K)->0K(1373696K) From: 8141K(12288K)->6509K(12288K)
[2817.787s][info][gc,heap        ] GC(1054) ParOldGen: 103971K(2796544K)->108040K(2796544K)
[2817.787s][info][gc,metaspace   ] GC(1054) Metaspace: 78335K(79616K)->78335K(79616K) NonClass: 68769K(69312K)->68769K(69312K) Class: 9565K(10304K)->9565K(10304K)
[2817.787s][info][gc             ] GC(1054) Pause Young (Allocation Failure) 1450M->111M(4084M) 3.553ms
[2817.787s][info][gc,cpu         ] GC(1054) User=0.00s Sys=0.00s Real=0.00s
[2820.222s][info][gc,start       ] GC(1055) Pause Young (Allocation Failure)
[2820.226s][info][gc,heap        ] GC(1055) PSYoungGen: 1380205K(1385984K)->5643K(1385472K) Eden: 1373696K(1373696K)->0K(1373696K) From: 6509K(12288K)->5643K(11776K)
[2820.226s][info][gc,heap        ] GC(1055) ParOldGen: 108040K(2796544K)->113025K(2796544K)
[2820.226s][info][gc,metaspace   ] GC(1055) Metaspace: 78335K(79616K)->78335K(79616K) NonClass: 68769K(69312K)->68769K(69312K) Class: 9565K(10304K)->9565K(10304K)
[2820.226s][info][gc             ] GC(1055) Pause Young (Allocation Failure) 1453M->115M(4084M) 3.471ms
[2820.226s][info][gc,cpu         ] GC(1055) User=0.00s Sys=0.00s Real=0.00s
[2822.938s][info][gc,start       ] GC(1056) Pause Young (Allocation Failure)
[2822.943s][info][gc,heap        ] GC(1056) PSYoungGen: 1377171K(1385472K)->11258K(1383424K) Eden: 1371527K(1373696K)->0K(1372160K) From: 5643K(11776K)->11258K(11264K)
[2822.943s][info][gc,heap        ] GC(1056) ParOldGen: 113025K(2796544K)->121847K(2796544K)
[2822.943s][info][gc,metaspace   ] GC(1056) Metaspace: 78335K(79616K)->78335K(79616K) NonClass: 68769K(69312K)->68769K(69312K) Class: 9565K(10304K)->9565K(10304K)
[2822.943s][info][gc             ] GC(1056) Pause Young (Allocation Failure) 1455M->129M(4082M) 4.955ms
[2822.943s][info][gc,cpu         ] GC(1056) User=0.00s Sys=0.00s Real=0.00s
[2826.300s][info][gc,start       ] GC(1057) Pause Young (Allocation Failure)
[2826.303s][info][gc,heap        ] GC(1057) PSYoungGen: 1383418K(1383424K)->5878K(1384960K) Eden: 1372160K(1372160K)->0K(1372160K) From: 11258K(11264K)->5878K(12800K)
[2826.303s][info][gc,heap        ] GC(1057) ParOldGen: 121847K(2796544K)->124517K(2796544K)
[2826.303s][info][gc,metaspace   ] GC(1057) Metaspace: 78335K(79616K)->78335K(79616K) NonClass: 68769K(69312K)->68769K(69312K) Class: 9565K(10304K)->9565K(10304K)
[2826.303s][info][gc             ] GC(1057) Pause Young (Allocation Failure) 1469M->127M(4083M) 3.388ms
[2826.303s][info][gc,cpu         ] GC(1057) User=0.00s Sys=0.00s Real=0.00s
[2826.665s][info][gc,start       ] GC(1058) Pause Young (System.gc())
[2826.667s][info][gc,heap        ] GC(1058) PSYoungGen: 368670K(1384960K)->559K(1384448K) Eden: 362791K(1372160K)->0K(1372160K) From: 5878K(12800K)->559K(12288K)
[2826.667s][info][gc,heap        ] GC(1058) ParOldGen: 124517K(2796544K)->126732K(2796544K)
[2826.667s][info][gc,metaspace   ] GC(1058) Metaspace: 78335K(79616K)->78335K(79616K) NonClass: 68769K(69312K)->68769K(69312K) Class: 9565K(10304K)->9565K(10304K)
[2826.667s][info][gc             ] GC(1058) Pause Young (System.gc()) 481M->124M(4083M) 1.660ms
[2826.667s][info][gc,cpu         ] GC(1058) User=0.00s Sys=0.00s Real=0.00s
[2826.667s][info][gc,start       ] GC(1059) Pause Full (System.gc())
[2826.667s][info][gc,phases,start] GC(1059) Marking Phase
[2826.696s][info][gc,phases      ] GC(1059) Marking Phase 28.887ms
[2826.696s][info][gc,phases,start] GC(1059) Summary Phase
[2826.696s][info][gc,phases      ] GC(1059) Summary Phase 0.010ms
[2826.696s][info][gc,phases,start] GC(1059) Adjust Roots
[2826.707s][info][gc,phases      ] GC(1059) Adjust Roots 11.102ms
[2826.707s][info][gc,phases,start] GC(1059) Compaction Phase
[2826.722s][info][gc,phases      ] GC(1059) Compaction Phase 14.629ms
[2826.722s][info][gc,phases,start] GC(1059) Post Compact
[2826.725s][info][gc,phases      ] GC(1059) Post Compact 2.959ms
[2826.725s][info][gc,heap        ] GC(1059) PSYoungGen: 559K(1384448K)->0K(1384448K) Eden: 0K(1372160K)->0K(1372160K) From: 559K(12288K)->0K(12288K)
[2826.725s][info][gc,heap        ] GC(1059) ParOldGen: 126732K(2796544K)->78389K(2796544K)
[2826.725s][info][gc,metaspace   ] GC(1059) Metaspace: 78335K(79616K)->78335K(79616K) NonClass: 68769K(69312K)->68769K(69312K) Class: 9565K(10304K)->9565K(10304K)
[2826.725s][info][gc             ] GC(1059) Pause Full (System.gc()) 124M->76M(4083M) 57.888ms
[2826.725s][info][gc,cpu         ] GC(1059) User=0.22s Sys=0.00s Real=0.06s
[2829.954s][info][gc,start       ] GC(1060) Pause Young (Allocation Failure)
[2829.956s][info][gc,heap        ] GC(1060) PSYoungGen: 1372160K(1384448K)->5134K(1384960K) Eden: 1372160K(1372160K)->0K(1372160K) From: 0K(12288K)->5134K(12800K)
[2829.956s][info][gc,heap        ] GC(1060) ParOldGen: 78389K(2796544K)->78389K(2796544K)
[2829.956s][info][gc,metaspace   ] GC(1060) Metaspace: 78335K(79616K)->78335K(79616K) NonClass: 68769K(69312K)->68769K(69312K) Class: 9565K(10304K)->9565K(10304K)
[2829.956s][info][gc             ] GC(1060) Pause Young (Allocation Failure) 1416M->81M(4083M) 2.777ms
[2829.956s][info][gc,cpu         ] GC(1060) User=0.00s Sys=0.00s Real=0.00s
[2832.720s][info][gc,start       ] GC(1061) Pause Young (Allocation Failure)
[2832.724s][info][gc,heap        ] GC(1061) PSYoungGen: 1376546K(1384960K)->10059K(1383424K) Eden: 1371412K(1372160K)->0K(1371136K) From: 5134K(12800K)->10059K(12288K)
[2832.724s][info][gc,heap        ] GC(1061) ParOldGen: 78389K(2796544K)->86490K(2796544K)
[2832.724s][info][gc,metaspace   ] GC(1061) Metaspace: 78335K(79616K)->78335K(79616K) NonClass: 68769K(69312K)->68769K(69312K) Class: 9565K(10304K)->9565K(10304K)
[2832.724s][info][gc             ] GC(1061) Pause Young (Allocation Failure) 1420M->94M(4082M) 3.835ms
[2832.724s][info][gc,cpu         ] GC(1061) User=0.00s Sys=0.00s Real=0.00s
[2836.683s][info][gc,start       ] GC(1062) Pause Young (Allocation Failure)
[2836.686s][info][gc,heap        ] GC(1062) PSYoungGen: 1381195K(1383424K)->4636K(1384448K) Eden: 1371136K(1371136K)->0K(1371136K) From: 10059K(12288K)->4636K(13312K)
[2836.686s][info][gc,heap        ] GC(1062) ParOldGen: 86490K(2796544K)->89125K(2796544K)
[2836.686s][info][gc,metaspace   ] GC(1062) Metaspace: 78335K(79616K)->78335K(79616K) NonClass: 68769K(69312K)->68769K(69312K) Class: 9565K(10304K)->9565K(10304K)
[2836.686s][info][gc             ] GC(1062) Pause Young (Allocation Failure) 1433M->91M(4083M) 2.566ms
[2836.686s][info][gc,cpu         ] GC(1062) User=0.00s Sys=0.00s Real=0.00s
[2839.132s][info][gc,start       ] GC(1063) Pause Young (Allocation Failure)
[2839.135s][info][gc,heap        ] GC(1063) PSYoungGen: 1375772K(1384448K)->5983K(1385472K) Eden: 1371136K(1371136K)->0K(1372672K) From: 4636K(13312K)->5983K(12800K)
[2839.135s][info][gc,heap        ] GC(1063) ParOldGen: 89125K(2796544K)->92180K(2796544K)
[2839.136s][info][gc,metaspace   ] GC(1063) Metaspace: 78335K(79616K)->78335K(79616K) NonClass: 68769K(69312K)->68769K(69312K) Class: 9565K(10304K)->9565K(10304K)
[2839.136s][info][gc             ] GC(1063) Pause Young (Allocation Failure) 1430M->95M(4084M) 3.060ms
[2839.136s][info][gc,cpu         ] GC(1063) User=0.00s Sys=0.00s Real=0.01s
[2843.656s][info][gc,start       ] GC(1064) Pause Young (Allocation Failure)
[2843.660s][info][gc,heap        ] GC(1064) PSYoungGen: 1378655K(1385472K)->4504K(1384960K) Eden: 1372672K(1372672K)->0K(1372672K) From: 5983K(12800K)->4504K(12288K)
[2843.660s][info][gc,heap        ] GC(1064) ParOldGen: 92180K(2796544K)->96454K(2796544K)
[2843.660s][info][gc,metaspace   ] GC(1064) Metaspace: 78335K(79616K)->78335K(79616K) NonClass: 68769K(69312K)->68769K(69312K) Class: 9565K(10304K)->9565K(10304K)
[2843.660s][info][gc             ] GC(1064) Pause Young (Allocation Failure) 1436M->98M(4083M) 3.776ms
[2843.660s][info][gc,cpu         ] GC(1064) User=0.00s Sys=0.00s Real=0.00s
[2845.808s][info][gc,start       ] GC(1065) Pause Young (Allocation Failure)
[2845.812s][info][gc,heap        ] GC(1065) PSYoungGen: 1377176K(1384960K)->7053K(1385984K) Eden: 1372672K(1372672K)->0K(1373696K) From: 4504K(12288K)->7053K(12288K)
[2845.812s][info][gc,heap        ] GC(1065) ParOldGen: 96454K(2796544K)->99348K(2796544K)
[2845.812s][info][gc,metaspace   ] GC(1065) Metaspace: 78335K(79616K)->78335K(79616K) NonClass: 68769K(69312K)->68769K(69312K) Class: 9565K(10304K)->9565K(10304K)
[2845.812s][info][gc             ] GC(1065) Pause Young (Allocation Failure) 1439M->103M(4084M) 3.200ms
[2845.812s][info][gc,cpu         ] GC(1065) User=0.00s Sys=0.00s Real=0.02s
[2849.889s][info][gc,start       ] GC(1066) Pause Young (Allocation Failure)
[2849.894s][info][gc,heap        ] GC(1066) PSYoungGen: 1380749K(1385984K)->10182K(1383936K) Eden: 1373696K(1373696K)->0K(1373696K) From: 7053K(12288K)->10182K(10240K)
[2849.894s][info][gc,heap        ] GC(1066) ParOldGen: 99348K(2796544K)->104013K(2796544K)
[2849.894s][info][gc,metaspace   ] GC(1066) Metaspace: 78335K(79616K)->78335K(79616K) NonClass: 68769K(69312K)->68769K(69312K) Class: 9565K(10304K)->9565K(10304K)
[2849.894s][info][gc             ] GC(1066) Pause Young (Allocation Failure) 1445M->111M(4082M) 5.057ms
[2849.894s][info][gc,cpu         ] GC(1066) User=0.00s Sys=0.00s Real=0.01s
[2852.941s][info][gc,start       ] GC(1067) Pause Young (Allocation Failure)
[2852.944s][info][gc,heap        ] GC(1067) PSYoungGen: 1383878K(1383936K)->5728K(1385472K) Eden: 1373696K(1373696K)->0K(1372672K) From: 10182K(10240K)->5728K(12800K)
[2852.944s][info][gc,heap        ] GC(1067) ParOldGen: 104013K(2796544K)->107952K(2796544K)
[2852.944s][info][gc,metaspace   ] GC(1067) Metaspace: 78335K(79616K)->78335K(79616K) NonClass: 68769K(69312K)->68769K(69312K) Class: 9565K(10304K)->9565K(10304K)
[2852.944s][info][gc             ] GC(1067) Pause Young (Allocation Failure) 1453M->111M(4084M) 3.149ms
[2852.944s][info][gc,cpu         ] GC(1067) User=0.00s Sys=0.00s Real=0.01s
[2855.204s][info][gc,start       ] GC(1068) Pause Young (Allocation Failure)
[2855.207s][info][gc,heap        ] GC(1068) PSYoungGen: 1375471K(1385472K)->5844K(1384960K) Eden: 1369743K(1372672K)->0K(1372672K) From: 5728K(12800K)->5844K(12288K)
[2855.207s][info][gc,heap        ] GC(1068) ParOldGen: 107952K(2796544K)->112078K(2796544K)
[2855.207s][info][gc,metaspace   ] GC(1068) Metaspace: 78335K(79616K)->78335K(79616K) NonClass: 68769K(69312K)->68769K(69312K) Class: 9565K(10304K)->9565K(10304K)
[2855.207s][info][gc             ] GC(1068) Pause Young (Allocation Failure) 1448M->115M(4083M) 2.927ms
[2855.207s][info][gc,cpu         ] GC(1068) User=0.00s Sys=0.00s Real=0.01s
[2857.552s][info][gc,start       ] GC(1069) Pause Young (Allocation Failure)
[2857.555s][info][gc,heap        ] GC(1069) PSYoungGen: 1378516K(1384960K)->5710K(1386496K) Eden: 1372672K(1372672K)->0K(1374720K) From: 5844K(12288K)->5710K(11776K)
[2857.555s][info][gc,heap        ] GC(1069) ParOldGen: 112078K(2796544K)->117032K(2796544K)
[2857.555s][info][gc,metaspace   ] GC(1069) Metaspace: 78335K(79616K)->78335K(79616K) NonClass: 68769K(69312K)->68769K(69312K) Class: 9565K(10304K)->9565K(10304K)
[2857.555s][info][gc             ] GC(1069) Pause Young (Allocation Failure) 1455M->119M(4085M) 3.442ms
[2857.555s][info][gc,cpu         ] GC(1069) User=0.00s Sys=0.00s Real=0.01s
[2860.249s][info][gc,start       ] GC(1070) Pause Young (Allocation Failure)
[2860.254s][info][gc,heap        ] GC(1070) PSYoungGen: 1377300K(1386496K)->6572K(1385984K) Eden: 1371590K(1374720K)->0K(1374720K) From: 5710K(11776K)->6572K(11264K)
[2860.254s][info][gc,heap        ] GC(1070) ParOldGen: 117032K(2796544K)->121684K(2796544K)
[2860.254s][info][gc,metaspace   ] GC(1070) Metaspace: 78335K(79616K)->78335K(79616K) NonClass: 68769K(69312K)->68769K(69312K) Class: 9565K(10304K)->9565K(10304K)
[2860.254s][info][gc             ] GC(1070) Pause Young (Allocation Failure) 1459M->125M(4084M) 4.944ms
[2860.254s][info][gc,cpu         ] GC(1070) User=0.00s Sys=0.00s Real=0.00s
[2863.664s][info][gc,start       ] GC(1071) Pause Young (Allocation Failure)
[2863.667s][info][gc,heap        ] GC(1071) PSYoungGen: 1381292K(1385984K)->5300K(1387008K) Eden: 1374720K(1374720K)->0K(1375744K) From: 6572K(11264K)->5300K(11264K)
[2863.667s][info][gc,heap        ] GC(1071) ParOldGen: 121684K(2796544K)->124299K(2796544K)
[2863.667s][info][gc,metaspace   ] GC(1071) Metaspace: 78335K(79616K)->78335K(79616K) NonClass: 68769K(69312K)->68769K(69312K) Class: 9565K(10304K)->9565K(10304K)
[2863.667s][info][gc             ] GC(1071) Pause Young (Allocation Failure) 1467M->126M(4085M) 2.802ms
[2863.667s][info][gc,cpu         ] GC(1071) User=0.00s Sys=0.00s Real=0.00s
[2863.953s][info][gc,start       ] GC(1072) Pause Young (System.gc())
[2863.955s][info][gc,heap        ] GC(1072) PSYoungGen: 342291K(1387008K)->544K(1386496K) Eden: 336991K(1375744K)->0K(1375744K) From: 5300K(11264K)->544K(10752K)
[2863.955s][info][gc,heap        ] GC(1072) ParOldGen: 124299K(2796544K)->126625K(2796544K)
[2863.955s][info][gc,metaspace   ] GC(1072) Metaspace: 78335K(79616K)->78335K(79616K) NonClass: 68769K(69312K)->68769K(69312K) Class: 9565K(10304K)->9565K(10304K)
[2863.955s][info][gc             ] GC(1072) Pause Young (System.gc()) 455M->124M(4085M) 1.440ms
[2863.955s][info][gc,cpu         ] GC(1072) User=0.00s Sys=0.00s Real=0.00s
[2863.955s][info][gc,start       ] GC(1073) Pause Full (System.gc())
[2863.955s][info][gc,phases,start] GC(1073) Marking Phase
[2863.983s][info][gc,phases      ] GC(1073) Marking Phase 27.692ms
[2863.983s][info][gc,phases,start] GC(1073) Summary Phase
[2863.983s][info][gc,phases      ] GC(1073) Summary Phase 0.010ms
[2863.983s][info][gc,phases,start] GC(1073) Adjust Roots
[2863.994s][info][gc,phases      ] GC(1073) Adjust Roots 11.309ms
[2863.994s][info][gc,phases,start] GC(1073) Compaction Phase
[2864.006s][info][gc,phases      ] GC(1073) Compaction Phase 12.016ms
[2864.006s][info][gc,phases,start] GC(1073) Post Compact
[2864.007s][info][gc,phases      ] GC(1073) Post Compact 1.089ms
[2864.007s][info][gc,heap        ] GC(1073) PSYoungGen: 544K(1386496K)->0K(1386496K) Eden: 0K(1375744K)->0K(1375744K) From: 544K(10752K)->0K(10752K)
[2864.007s][info][gc,heap        ] GC(1073) ParOldGen: 126625K(2796544K)->78509K(2796544K)
[2864.007s][info][gc,metaspace   ] GC(1073) Metaspace: 78335K(79616K)->78335K(79616K) NonClass: 68769K(69312K)->68769K(69312K) Class: 9565K(10304K)->9565K(10304K)
[2864.007s][info][gc             ] GC(1073) Pause Full (System.gc()) 124M->76M(4085M) 52.404ms
[2864.007s][info][gc,cpu         ] GC(1073) User=0.19s Sys=0.00s Real=0.06s
[2867.272s][info][gc,start       ] GC(1074) Pause Young (Allocation Failure)
[2867.276s][info][gc,heap        ] GC(1074) PSYoungGen: 1375744K(1386496K)->5000K(1387008K) Eden: 1375744K(1375744K)->0K(1375744K) From: 0K(10752K)->5000K(11264K)
[2867.276s][info][gc,heap        ] GC(1074) ParOldGen: 78509K(2796544K)->78509K(2796544K)
[2867.276s][info][gc,metaspace   ] GC(1074) Metaspace: 78335K(79616K)->78335K(79616K) NonClass: 68769K(69312K)->68769K(69312K) Class: 9565K(10304K)->9565K(10304K)
[2867.276s][info][gc             ] GC(1074) Pause Young (Allocation Failure) 1420M->81M(4085M) 4.090ms
[2867.276s][info][gc,cpu         ] GC(1074) User=0.00s Sys=0.00s Real=0.02s
[2870.021s][info][gc,start       ] GC(1075) Pause Young (Allocation Failure)
[2870.024s][info][gc,heap        ] GC(1075) PSYoungGen: 1377985K(1387008K)->10184K(1385984K) Eden: 1372985K(1375744K)->0K(1375744K) From: 5000K(11264K)->10184K(10240K)
[2870.024s][info][gc,heap        ] GC(1075) ParOldGen: 78509K(2796544K)->82497K(2796544K)
[2870.024s][info][gc,metaspace   ] GC(1075) Metaspace: 78335K(79616K)->78335K(79616K) NonClass: 68769K(69312K)->68769K(69312K) Class: 9565K(10304K)->9565K(10304K)
[2870.024s][info][gc             ] GC(1075) Pause Young (Allocation Failure) 1422M->90M(4084M) 3.261ms
[2870.024s][info][gc,cpu         ] GC(1075) User=0.00s Sys=0.00s Real=0.00s
[2873.993s][info][gc,start       ] GC(1076) Pause Young (Allocation Failure)
[2873.996s][info][gc,heap        ] GC(1076) PSYoungGen: 1385928K(1385984K)->5091K(1385984K) Eden: 1375744K(1375744K)->0K(1374208K) From: 10184K(10240K)->5091K(11776K)
[2873.996s][info][gc,heap        ] GC(1076) ParOldGen: 82497K(2796544K)->85133K(2796544K)
[2873.996s][info][gc,metaspace   ] GC(1076) Metaspace: 78335K(79616K)->78335K(79616K) NonClass: 68769K(69312K)->68769K(69312K) Class: 9565K(10304K)->9565K(10304K)
[2873.996s][info][gc             ] GC(1076) Pause Young (Allocation Failure) 1434M->88M(4084M) 3.037ms
[2873.996s][info][gc,cpu         ] GC(1076) User=0.00s Sys=0.02s Real=0.00s
[2876.408s][info][gc,start       ] GC(1077) Pause Young (Allocation Failure)
[2876.411s][info][gc,heap        ] GC(1077) PSYoungGen: 1379262K(1385984K)->5835K(1385984K) Eden: 1374170K(1374208K)->0K(1374208K) From: 5091K(11776K)->5835K(11776K)
[2876.411s][info][gc,heap        ] GC(1077) ParOldGen: 85133K(2796544K)->88215K(2796544K)
[2876.411s][info][gc,metaspace   ] GC(1077) Metaspace: 78335K(79616K)->78335K(79616K) NonClass: 68769K(69312K)->68769K(69312K) Class: 9565K(10304K)->9565K(10304K)
[2876.411s][info][gc             ] GC(1077) Pause Young (Allocation Failure) 1430M->91M(4084M) 2.859ms
[2876.411s][info][gc,cpu         ] GC(1077) User=0.00s Sys=0.00s Real=0.00s
[2880.959s][info][gc,start       ] GC(1078) Pause Young (Allocation Failure)
[2880.962s][info][gc,heap        ] GC(1078) PSYoungGen: 1380043K(1385984K)->4510K(1387008K) Eden: 1374208K(1374208K)->0K(1375744K) From: 5835K(11776K)->4510K(11264K)
[2880.962s][info][gc,heap        ] GC(1078) ParOldGen: 88215K(2796544K)->92459K(2796544K)
[2880.962s][info][gc,metaspace   ] GC(1078) Metaspace: 78335K(79616K)->78335K(79616K) NonClass: 68769K(69312K)->68769K(69312K) Class: 9565K(10304K)->9565K(10304K)
[2880.962s][info][gc             ] GC(1078) Pause Young (Allocation Failure) 1433M->94M(4085M) 2.739ms
[2880.962s][info][gc,cpu         ] GC(1078) User=0.00s Sys=0.00s Real=0.00s
[2883.162s][info][gc,start       ] GC(1079) Pause Young (Allocation Failure)
[2883.165s][info][gc,heap        ] GC(1079) PSYoungGen: 1380254K(1387008K)->6536K(1386496K) Eden: 1375744K(1375744K)->0K(1375744K) From: 4510K(11264K)->6536K(10752K)
[2883.165s][info][gc,heap        ] GC(1079) ParOldGen: 92459K(2796544K)->95426K(2796544K)
[2883.165s][info][gc,metaspace   ] GC(1079) Metaspace: 78335K(79616K)->78335K(79616K) NonClass: 68769K(69312K)->68769K(69312K) Class: 9565K(10304K)->9565K(10304K)
[2883.165s][info][gc             ] GC(1079) Pause Young (Allocation Failure) 1438M->99M(4085M) 2.864ms
[2883.165s][info][gc,cpu         ] GC(1079) User=0.00s Sys=0.00s Real=0.00s
[2887.371s][info][gc,start       ] GC(1080) Pause Young (Allocation Failure)
[2887.374s][info][gc,heap        ] GC(1080) PSYoungGen: 1382280K(1386496K)->5803K(1387520K) Eden: 1375744K(1375744K)->0K(1376768K) From: 6536K(10752K)->5803K(10752K)
[2887.375s][info][gc,heap        ] GC(1080) ParOldGen: 95426K(2796544K)->100085K(2796544K)
[2887.375s][info][gc,metaspace   ] GC(1080) Metaspace: 78335K(79616K)->78335K(79616K) NonClass: 68769K(69312K)->68769K(69312K) Class: 9565K(10304K)->9565K(10304K)
[2887.375s][info][gc             ] GC(1080) Pause Young (Allocation Failure) 1443M->103M(4086M) 3.280ms
[2887.375s][info][gc,cpu         ] GC(1080) User=0.00s Sys=0.00s Real=0.00s
[2890.310s][info][gc,start       ] GC(1081) Pause Young (Allocation Failure)
[2890.313s][info][gc,heap        ] GC(1081) PSYoungGen: 1381936K(1387520K)->5025K(1387008K) Eden: 1376132K(1376768K)->0K(1376768K) From: 5803K(10752K)->5025K(10240K)
[2890.313s][info][gc,heap        ] GC(1081) ParOldGen: 100085K(2796544K)->103872K(2796544K)
[2890.313s][info][gc,metaspace   ] GC(1081) Metaspace: 78335K(79616K)->78335K(79616K) NonClass: 68769K(69312K)->68769K(69312K) Class: 9565K(10304K)->9565K(10304K)
[2890.313s][info][gc             ] GC(1081) Pause Young (Allocation Failure) 1447M->106M(4085M) 2.757ms
[2890.313s][info][gc,cpu         ] GC(1081) User=0.00s Sys=0.00s Real=0.00s
[2892.617s][info][gc,start       ] GC(1082) Pause Young (Allocation Failure)
[2892.621s][info][gc,heap        ] GC(1082) PSYoungGen: 1381793K(1387008K)->6352K(1388032K) Eden: 1376768K(1376768K)->0K(1377792K) From: 5025K(10240K)->6352K(10240K)
[2892.621s][info][gc,heap        ] GC(1082) ParOldGen: 103872K(2796544K)->107952K(2796544K)
[2892.621s][info][gc,metaspace   ] GC(1082) Metaspace: 78335K(79616K)->78335K(79616K) NonClass: 68769K(69312K)->68769K(69312K) Class: 9565K(10304K)->9565K(10304K)
[2892.621s][info][gc             ] GC(1082) Pause Young (Allocation Failure) 1450M->111M(4086M) 3.635ms
[2892.621s][info][gc,cpu         ] GC(1082) User=0.06s Sys=0.00s Real=0.00s
[2894.985s][info][gc,start       ] GC(1083) Pause Young (Allocation Failure)
[2894.988s][info][gc,heap        ] GC(1083) PSYoungGen: 1384144K(1388032K)->5906K(1387520K) Eden: 1377792K(1377792K)->0K(1377792K) From: 6352K(10240K)->5906K(9728K)
[2894.988s][info][gc,heap        ] GC(1083) ParOldGen: 107952K(2796544K)->112855K(2796544K)
[2894.988s][info][gc,metaspace   ] GC(1083) Metaspace: 78335K(79616K)->78335K(79616K) NonClass: 68769K(69312K)->68769K(69312K) Class: 9565K(10304K)->9565K(10304K)
[2894.988s][info][gc             ] GC(1083) Pause Young (Allocation Failure) 1457M->115M(4086M) 3.521ms
[2894.988s][info][gc,cpu         ] GC(1083) User=0.00s Sys=0.00s Real=0.02s
[2897.675s][info][gc,start       ] GC(1084) Pause Young (Allocation Failure)
[2897.679s][info][gc,heap        ] GC(1084) PSYoungGen: 1382094K(1387520K)->5607K(1388544K) Eden: 1376188K(1377792K)->0K(1378816K) From: 5906K(9728K)->5607K(9728K)
[2897.679s][info][gc,heap        ] GC(1084) ParOldGen: 112855K(2796544K)->117399K(2796544K)
[2897.679s][info][gc,metaspace   ] GC(1084) Metaspace: 78335K(79616K)->78335K(79616K) NonClass: 68769K(69312K)->68769K(69312K) Class: 9565K(10304K)->9565K(10304K)
[2897.679s][info][gc             ] GC(1084) Pause Young (Allocation Failure) 1459M->120M(4087M) 4.248ms
[2897.679s][info][gc,cpu         ] GC(1084) User=0.00s Sys=0.00s Real=0.00s
[2901.088s][info][gc,start       ] GC(1085) Pause Young (Allocation Failure)
[2901.093s][info][gc,heap        ] GC(1085) PSYoungGen: 1384423K(1388544K)->6538K(1388032K) Eden: 1378816K(1378816K)->0K(1378816K) From: 5607K(9728K)->6538K(9216K)
[2901.093s][info][gc,heap        ] GC(1085) ParOldGen: 117399K(2796544K)->120001K(2796544K)
[2901.093s][info][gc,metaspace   ] GC(1085) Metaspace: 78335K(79616K)->78335K(79616K) NonClass: 68769K(69312K)->68769K(69312K) Class: 9565K(10304K)->9565K(10304K)
[2901.093s][info][gc             ] GC(1085) Pause Young (Allocation Failure) 1466M->123M(4086M) 4.311ms
[2901.093s][info][gc,cpu         ] GC(1085) User=0.08s Sys=0.00s Real=0.00s
[2901.335s][info][gc,start       ] GC(1086) Pause Young (System.gc())
[2901.337s][info][gc,heap        ] GC(1086) PSYoungGen: 302086K(1388032K)->480K(1387520K) Eden: 295548K(1378816K)->0K(1378304K) From: 6538K(9216K)->480K(9216K)
[2901.337s][info][gc,heap        ] GC(1086) ParOldGen: 120001K(2796544K)->122382K(2796544K)
[2901.337s][info][gc,metaspace   ] GC(1086) Metaspace: 78335K(79616K)->78335K(79616K) NonClass: 68769K(69312K)->68769K(69312K) Class: 9565K(10304K)->9565K(10304K)
[2901.337s][info][gc             ] GC(1086) Pause Young (System.gc()) 412M->119M(4086M) 1.486ms
[2901.337s][info][gc,cpu         ] GC(1086) User=0.00s Sys=0.00s Real=0.00s
[2901.337s][info][gc,start       ] GC(1087) Pause Full (System.gc())
[2901.337s][info][gc,phases,start] GC(1087) Marking Phase
[2901.365s][info][gc,phases      ] GC(1087) Marking Phase 28.058ms
[2901.365s][info][gc,phases,start] GC(1087) Summary Phase
[2901.365s][info][gc,phases      ] GC(1087) Summary Phase 0.011ms
[2901.365s][info][gc,phases,start] GC(1087) Adjust Roots
[2901.376s][info][gc,phases      ] GC(1087) Adjust Roots 10.829ms
[2901.376s][info][gc,phases,start] GC(1087) Compaction Phase
[2901.387s][info][gc,phases      ] GC(1087) Compaction Phase 11.186ms
[2901.387s][info][gc,phases,start] GC(1087) Post Compact
[2901.388s][info][gc,phases      ] GC(1087) Post Compact 1.002ms
[2901.388s][info][gc,heap        ] GC(1087) PSYoungGen: 480K(1387520K)->0K(1387520K) Eden: 0K(1378304K)->0K(1378304K) From: 480K(9216K)->0K(9216K)
[2901.388s][info][gc,heap        ] GC(1087) ParOldGen: 122382K(2796544K)->78534K(2796544K)
[2901.388s][info][gc,metaspace   ] GC(1087) Metaspace: 78335K(79616K)->78335K(79616K) NonClass: 68769K(69312K)->68769K(69312K) Class: 9565K(10304K)->9565K(10304K)
[2901.388s][info][gc             ] GC(1087) Pause Full (System.gc()) 119M->76M(4086M) 51.426ms
[2901.388s][info][gc,cpu         ] GC(1087) User=0.22s Sys=0.00s Real=0.06s
[2904.637s][info][gc,start       ] GC(1088) Pause Young (Allocation Failure)
[2904.640s][info][gc,heap        ] GC(1088) PSYoungGen: 1378304K(1387520K)->5216K(1388032K) Eden: 1378304K(1378304K)->0K(1378304K) From: 0K(9216K)->5216K(9728K)
[2904.640s][info][gc,heap        ] GC(1088) ParOldGen: 78534K(2796544K)->78534K(2796544K)
[2904.640s][info][gc,metaspace   ] GC(1088) Metaspace: 78335K(79616K)->78335K(79616K) NonClass: 68769K(69312K)->68769K(69312K) Class: 9565K(10304K)->9565K(10304K)
[2904.640s][info][gc             ] GC(1088) Pause Young (Allocation Failure) 1422M->81M(4086M) 2.711ms
[2904.640s][info][gc,cpu         ] GC(1088) User=0.00s Sys=0.00s Real=0.00s
[2907.395s][info][gc,start       ] GC(1089) Pause Young (Allocation Failure)
[2907.399s][info][gc,heap        ] GC(1089) PSYoungGen: 1383186K(1388032K)->9202K(1379328K) Eden: 1377970K(1378304K)->0K(1370112K) From: 5216K(9728K)->9202K(9216K)
[2907.399s][info][gc,heap        ] GC(1089) ParOldGen: 78534K(2796544K)->87691K(2796544K)
[2907.399s][info][gc,metaspace   ] GC(1089) Metaspace: 78335K(79616K)->78335K(79616K) NonClass: 68769K(69312K)->68769K(69312K) Class: 9565K(10304K)->9565K(10304K)
[2907.399s][info][gc             ] GC(1089) Pause Young (Allocation Failure) 1427M->94M(4078M) 3.691ms
[2907.399s][info][gc,cpu         ] GC(1089) User=0.00s Sys=0.00s Real=0.00s
[2911.367s][info][gc,start       ] GC(1090) Pause Young (Allocation Failure)
[2911.370s][info][gc,heap        ] GC(1090) PSYoungGen: 1379314K(1379328K)->5120K(1383936K) Eden: 1370112K(1370112K)->0K(1370112K) From: 9202K(9216K)->5120K(13824K)
[2911.370s][info][gc,heap        ] GC(1090) ParOldGen: 87691K(2796544K)->90665K(2796544K)
[2911.370s][info][gc,metaspace   ] GC(1090) Metaspace: 78335K(79616K)->78335K(79616K) NonClass: 68769K(69312K)->68769K(69312K) Class: 9565K(10304K)->9565K(10304K)
[2911.370s][info][gc             ] GC(1090) Pause Young (Allocation Failure) 1432M->93M(4082M) 2.833ms
[2911.370s][info][gc,cpu         ] GC(1090) User=0.00s Sys=0.00s Real=0.00s
[2913.795s][info][gc,start       ] GC(1091) Pause Young (Allocation Failure)
[2913.798s][info][gc,heap        ] GC(1091) PSYoungGen: 1375232K(1383936K)->6122K(1384960K) Eden: 1370112K(1370112K)->0K(1371648K) From: 5120K(13824K)->6122K(13312K)
[2913.798s][info][gc,heap        ] GC(1091) ParOldGen: 90665K(2796544K)->93780K(2796544K)
[2913.798s][info][gc,metaspace   ] GC(1091) Metaspace: 78335K(79616K)->78335K(79616K) NonClass: 68769K(69312K)->68769K(69312K) Class: 9565K(10304K)->9565K(10304K)
[2913.799s][info][gc             ] GC(1091) Pause Young (Allocation Failure) 1431M->97M(4083M) 3.258ms
[2913.799s][info][gc,cpu         ] GC(1091) User=0.00s Sys=0.00s Real=0.01s
[2918.253s][info][gc,start       ] GC(1092) Pause Young (Allocation Failure)
[2918.256s][info][gc,heap        ] GC(1092) PSYoungGen: 1377770K(1384960K)->3976K(1384448K) Eden: 1371648K(1371648K)->0K(1371648K) From: 6122K(13312K)->3976K(12800K)
[2918.256s][info][gc,heap        ] GC(1092) ParOldGen: 93780K(2796544K)->98016K(2796544K)
[2918.256s][info][gc,metaspace   ] GC(1092) Metaspace: 78335K(79616K)->78335K(79616K) NonClass: 68769K(69312K)->68769K(69312K) Class: 9565K(10304K)->9565K(10304K)
[2918.256s][info][gc             ] GC(1092) Pause Young (Allocation Failure) 1437M->99M(4083M) 3.005ms
[2918.256s][info][gc,cpu         ] GC(1092) User=0.00s Sys=0.00s Real=0.01s
[2920.377s][info][gc,start       ] GC(1093) Pause Young (Allocation Failure)
[2920.380s][info][gc,heap        ] GC(1093) PSYoungGen: 1375624K(1384448K)->7050K(1385472K) Eden: 1371648K(1371648K)->0K(1372672K) From: 3976K(12800K)->7050K(12800K)
[2920.380s][info][gc,heap        ] GC(1093) ParOldGen: 98016K(2796544K)->100924K(2796544K)
[2920.380s][info][gc,metaspace   ] GC(1093) Metaspace: 78335K(79616K)->78335K(79616K) NonClass: 68769K(69312K)->68769K(69312K) Class: 9565K(10304K)->9565K(10304K)
[2920.380s][info][gc             ] GC(1093) Pause Young (Allocation Failure) 1439M->105M(4084M) 3.338ms
[2920.381s][info][gc,cpu         ] GC(1093) User=0.00s Sys=0.00s Real=0.00s
[2924.508s][info][gc,start       ] GC(1094) Pause Young (Allocation Failure)
[2924.517s][info][gc,heap        ] GC(1094) PSYoungGen: 1379722K(1385472K)->9945K(1382912K) Eden: 1372672K(1372672K)->0K(1372672K) From: 7050K(12800K)->9945K(10240K)
[2924.517s][info][gc,heap        ] GC(1094) ParOldGen: 100924K(2796544K)->105588K(2796544K)
[2924.517s][info][gc,metaspace   ] GC(1094) Metaspace: 78335K(79616K)->78335K(79616K) NonClass: 68769K(69312K)->68769K(69312K) Class: 9565K(10304K)->9565K(10304K)
[2924.517s][info][gc             ] GC(1094) Pause Young (Allocation Failure) 1445M->112M(4081M) 8.744ms
[2924.517s][info][gc,cpu         ] GC(1094) User=0.06s Sys=0.00s Real=0.01s
[2927.552s][info][gc,start       ] GC(1095) Pause Young (Allocation Failure)
[2927.556s][info][gc,heap        ] GC(1095) PSYoungGen: 1382617K(1382912K)->5401K(1384960K) Eden: 1372672K(1372672K)->0K(1371648K) From: 9945K(10240K)->5401K(13312K)
[2927.556s][info][gc,heap        ] GC(1095) ParOldGen: 105588K(2796544K)->109434K(2796544K)
[2927.556s][info][gc,metaspace   ] GC(1095) Metaspace: 78335K(79616K)->78335K(79616K) NonClass: 68769K(69312K)->68769K(69312K) Class: 9565K(10304K)->9565K(10304K)
[2927.556s][info][gc             ] GC(1095) Pause Young (Allocation Failure) 1453M->112M(4083M) 3.999ms
[2927.556s][info][gc,cpu         ] GC(1095) User=0.00s Sys=0.00s Real=0.00s
[2929.747s][info][gc,start       ] GC(1096) Pause Young (Allocation Failure)
[2929.750s][info][gc,heap        ] GC(1096) PSYoungGen: 1377049K(1384960K)->6647K(1384448K) Eden: 1371648K(1371648K)->0K(1371648K) From: 5401K(13312K)->6647K(12800K)
[2929.750s][info][gc,heap        ] GC(1096) ParOldGen: 109434K(2796544K)->113518K(2796544K)
[2929.750s][info][gc,metaspace   ] GC(1096) Metaspace: 78335K(79616K)->78335K(79616K) NonClass: 68769K(69312K)->68769K(69312K) Class: 9565K(10304K)->9565K(10304K)
[2929.750s][info][gc             ] GC(1096) Pause Young (Allocation Failure) 1451M->117M(4083M) 3.421ms
[2929.750s][info][gc,cpu         ] GC(1096) User=0.00s Sys=0.00s Real=0.00s
[2932.164s][info][gc,start       ] GC(1097) Pause Young (Allocation Failure)
[2932.168s][info][gc,heap        ] GC(1097) PSYoungGen: 1378295K(1384448K)->5662K(1385984K) Eden: 1371648K(1371648K)->0K(1373696K) From: 6647K(12800K)->5662K(12288K)
[2932.168s][info][gc,heap        ] GC(1097) ParOldGen: 113518K(2796544K)->118494K(2796544K)
[2932.168s][info][gc,metaspace   ] GC(1097) Metaspace: 78335K(79616K)->78335K(79616K) NonClass: 68769K(69312K)->68769K(69312K) Class: 9565K(10304K)->9565K(10304K)
[2932.168s][info][gc             ] GC(1097) Pause Young (Allocation Failure) 1456M->121M(4084M) 3.667ms
[2932.168s][info][gc,cpu         ] GC(1097) User=0.03s Sys=0.00s Real=0.01s
[2934.912s][info][gc,start       ] GC(1098) Pause Young (Allocation Failure)
[2934.917s][info][gc,heap        ] GC(1098) PSYoungGen: 1377080K(1385984K)->11075K(1384960K) Eden: 1371418K(1373696K)->0K(1373696K) From: 5662K(12288K)->11075K(11264K)
[2934.917s][info][gc,heap        ] GC(1098) ParOldGen: 118494K(2796544K)->131292K(2796544K)
[2934.917s][info][gc,metaspace   ] GC(1098) Metaspace: 78335K(79616K)->78335K(79616K) NonClass: 68769K(69312K)->68769K(69312K) Class: 9565K(10304K)->9565K(10304K)
[2934.917s][info][gc             ] GC(1098) Pause Young (Allocation Failure) 1460M->139M(4083M) 4.941ms
[2934.917s][info][gc,cpu         ] GC(1098) User=0.00s Sys=0.00s Real=0.01s
[2938.324s][info][gc,start       ] GC(1099) Pause Young (Allocation Failure)
[2938.327s][info][gc,heap        ] GC(1099) PSYoungGen: 1384771K(1384960K)->5170K(1384960K) Eden: 1373696K(1373696K)->0K(1372160K) From: 11075K(11264K)->5170K(12800K)
[2938.327s][info][gc,heap        ] GC(1099) ParOldGen: 131292K(2796544K)->133902K(2796544K)
[2938.327s][info][gc,metaspace   ] GC(1099) Metaspace: 78335K(79616K)->78335K(79616K) NonClass: 68769K(69312K)->68769K(69312K) Class: 9565K(10304K)->9565K(10304K)
[2938.327s][info][gc             ] GC(1099) Pause Young (Allocation Failure) 1480M->135M(4083M) 2.737ms
[2938.327s][info][gc,cpu         ] GC(1099) User=0.00s Sys=0.00s Real=0.00s
[2938.621s][info][gc,start       ] GC(1100) Pause Young (System.gc())
[2938.623s][info][gc,heap        ] GC(1100) PSYoungGen: 360283K(1384960K)->591K(1373184K) Eden: 355112K(1372160K)->0K(1372160K) From: 5170K(12800K)->591K(1024K)
[2938.623s][info][gc,heap        ] GC(1100) ParOldGen: 133902K(2796544K)->136122K(2796544K)
[2938.623s][info][gc,metaspace   ] GC(1100) Metaspace: 78335K(79616K)->78335K(79616K) NonClass: 68769K(69312K)->68769K(69312K) Class: 9565K(10304K)->9565K(10304K)
[2938.623s][info][gc             ] GC(1100) Pause Young (System.gc()) 482M->133M(4072M) 1.647ms
[2938.623s][info][gc,cpu         ] GC(1100) User=0.00s Sys=0.00s Real=0.00s
[2938.623s][info][gc,start       ] GC(1101) Pause Full (System.gc())
[2938.623s][info][gc,phases,start] GC(1101) Marking Phase
[2938.654s][info][gc,phases      ] GC(1101) Marking Phase 30.905ms
[2938.654s][info][gc,phases,start] GC(1101) Summary Phase
[2938.654s][info][gc,phases      ] GC(1101) Summary Phase 0.011ms
[2938.654s][info][gc,phases,start] GC(1101) Adjust Roots
[2938.665s][info][gc,phases      ] GC(1101) Adjust Roots 10.771ms
[2938.665s][info][gc,phases,start] GC(1101) Compaction Phase
[2938.676s][info][gc,phases      ] GC(1101) Compaction Phase 11.059ms
[2938.676s][info][gc,phases,start] GC(1101) Post Compact
[2938.677s][info][gc,phases      ] GC(1101) Post Compact 1.127ms
[2938.677s][info][gc,heap        ] GC(1101) PSYoungGen: 591K(1373184K)->0K(1373184K) Eden: 0K(1372160K)->0K(1372160K) From: 591K(1024K)->0K(1024K)
[2938.677s][info][gc,heap        ] GC(1101) ParOldGen: 136122K(2796544K)->78672K(2796544K)
[2938.677s][info][gc,metaspace   ] GC(1101) Metaspace: 78335K(79616K)->78335K(79616K) NonClass: 68769K(69312K)->68769K(69312K) Class: 9565K(10304K)->9565K(10304K)
[2938.677s][info][gc             ] GC(1101) Pause Full (System.gc()) 133M->76M(4072M) 54.200ms
[2938.677s][info][gc,cpu         ] GC(1101) User=0.20s Sys=0.00s Real=0.06s
[2941.941s][info][gc,start       ] GC(1102) Pause Young (Allocation Failure)
[2941.944s][info][gc,heap        ] GC(1102) PSYoungGen: 1372160K(1373184K)->5203K(1384960K) Eden: 1372160K(1372160K)->0K(1371648K) From: 0K(1024K)->5203K(13312K)
[2941.944s][info][gc,heap        ] GC(1102) ParOldGen: 78672K(2796544K)->78672K(2796544K)
[2941.944s][info][gc,metaspace   ] GC(1102) Metaspace: 78335K(79616K)->78335K(79616K) NonClass: 68769K(69312K)->68769K(69312K) Class: 9565K(10304K)->9565K(10304K)
[2941.944s][info][gc             ] GC(1102) Pause Young (Allocation Failure) 1416M->81M(4083M) 3.112ms
[2941.944s][info][gc,cpu         ] GC(1102) User=0.00s Sys=0.00s Real=0.01s
[2944.670s][info][gc,start       ] GC(1103) Pause Young (Allocation Failure)
[2944.673s][info][gc,heap        ] GC(1103) PSYoungGen: 1376675K(1384960K)->10090K(1384448K) Eden: 1371472K(1371648K)->0K(1371648K) From: 5203K(13312K)->10090K(12800K)
[2944.673s][info][gc,heap        ] GC(1103) ParOldGen: 78672K(2796544K)->86737K(2796544K)
[2944.673s][info][gc,metaspace   ] GC(1103) Metaspace: 78335K(79616K)->78335K(79616K) NonClass: 68769K(69312K)->68769K(69312K) Class: 9565K(10304K)->9565K(10304K)
[2944.673s][info][gc             ] GC(1103) Pause Young (Allocation Failure) 1421M->94M(4083M) 3.586ms
[2944.673s][info][gc,cpu         ] GC(1103) User=0.00s Sys=0.00s Real=0.00s
[2948.620s][info][gc,start       ] GC(1104) Pause Young (Allocation Failure)
[2948.622s][info][gc,heap        ] GC(1104) PSYoungGen: 1381738K(1384448K)->5074K(1384960K) Eden: 1371648K(1371648K)->0K(1371648K) From: 10090K(12800K)->5074K(13312K)
[2948.622s][info][gc,heap        ] GC(1104) ParOldGen: 86737K(2796544K)->89444K(2796544K)
[2948.622s][info][gc,metaspace   ] GC(1104) Metaspace: 78335K(79616K)->78335K(79616K) NonClass: 68769K(69312K)->68769K(69312K) Class: 9565K(10304K)->9565K(10304K)
[2948.622s][info][gc             ] GC(1104) Pause Young (Allocation Failure) 1434M->92M(4083M) 2.658ms
[2948.622s][info][gc,cpu         ] GC(1104) User=0.09s Sys=0.00s Real=0.01s
[2951.062s][info][gc,start       ] GC(1105) Pause Young (Allocation Failure)
[2951.065s][info][gc,heap        ] GC(1105) PSYoungGen: 1376722K(1384960K)->5772K(1384448K) Eden: 1371648K(1371648K)->0K(1371648K) From: 5074K(13312K)->5772K(12800K)
[2951.065s][info][gc,heap        ] GC(1105) ParOldGen: 89444K(2796544K)->92504K(2796544K)
[2951.065s][info][gc,metaspace   ] GC(1105) Metaspace: 78335K(79616K)->78335K(79616K) NonClass: 68769K(69312K)->68769K(69312K) Class: 9565K(10304K)->9565K(10304K)
[2951.065s][info][gc             ] GC(1105) Pause Young (Allocation Failure) 1431M->95M(4083M) 2.989ms
[2951.066s][info][gc,cpu         ] GC(1105) User=0.00s Sys=0.00s Real=0.00s
[2955.562s][info][gc,start       ] GC(1106) Pause Young (Allocation Failure)
[2955.565s][info][gc,heap        ] GC(1106) PSYoungGen: 1376060K(1384448K)->4045K(1385472K) Eden: 1370288K(1371648K)->0K(1373184K) From: 5772K(12800K)->4045K(12288K)
[2955.565s][info][gc,heap        ] GC(1106) ParOldGen: 92504K(2796544K)->96773K(2796544K)
[2955.565s][info][gc,metaspace   ] GC(1106) Metaspace: 78335K(79616K)->78335K(79616K) NonClass: 68769K(69312K)->68769K(69312K) Class: 9565K(10304K)->9565K(10304K)
[2955.565s][info][gc             ] GC(1106) Pause Young (Allocation Failure) 1434M->98M(4084M) 2.517ms
[2955.565s][info][gc,cpu         ] GC(1106) User=0.00s Sys=0.00s Real=0.01s
[2957.738s][info][gc,start       ] GC(1107) Pause Young (Allocation Failure)
[2957.741s][info][gc,heap        ] GC(1107) PSYoungGen: 1377229K(1385472K)->7397K(1385472K) Eden: 1373184K(1373184K)->0K(1373184K) From: 4045K(12288K)->7397K(12288K)
[2957.741s][info][gc,heap        ] GC(1107) ParOldGen: 96773K(2796544K)->99701K(2796544K)
[2957.741s][info][gc,metaspace   ] GC(1107) Metaspace: 78335K(79616K)->78335K(79616K) NonClass: 68769K(69312K)->68769K(69312K) Class: 9565K(10304K)->9565K(10304K)
[2957.741s][info][gc             ] GC(1107) Pause Young (Allocation Failure) 1439M->104M(4084M) 3.396ms
[2957.741s][info][gc,cpu         ] GC(1107) User=0.00s Sys=0.00s Real=0.00s
[2961.862s][info][gc,start       ] GC(1108) Pause Young (Allocation Failure)
[2961.865s][info][gc,heap        ] GC(1108) PSYoungGen: 1380581K(1385472K)->5384K(1385984K) Eden: 1373184K(1373184K)->0K(1373696K) From: 7397K(12288K)->5384K(12288K)
[2961.865s][info][gc,heap        ] GC(1108) ParOldGen: 99701K(2796544K)->104335K(2796544K)
[2961.865s][info][gc,metaspace   ] GC(1108) Metaspace: 78335K(79616K)->78335K(79616K) NonClass: 68769K(69312K)->68769K(69312K) Class: 9565K(10304K)->9565K(10304K)
[2961.865s][info][gc             ] GC(1108) Pause Young (Allocation Failure) 1445M->107M(4084M) 3.796ms
[2961.865s][info][gc,cpu         ] GC(1108) User=0.00s Sys=0.00s Real=0.00s
[2964.819s][info][gc,start       ] GC(1109) Pause Young (Allocation Failure)
[2964.822s][info][gc,heap        ] GC(1109) PSYoungGen: 1379080K(1385984K)->5769K(1385472K) Eden: 1373696K(1373696K)->0K(1373696K) From: 5384K(12288K)->5769K(11776K)
[2964.822s][info][gc,heap        ] GC(1109) ParOldGen: 104335K(2796544K)->108313K(2796544K)
[2964.822s][info][gc,metaspace   ] GC(1109) Metaspace: 78335K(79616K)->78335K(79616K) NonClass: 68769K(69312K)->68769K(69312K) Class: 9565K(10304K)->9565K(10304K)
[2964.822s][info][gc             ] GC(1109) Pause Young (Allocation Failure) 1448M->111M(4084M) 3.878ms
[2964.823s][info][gc,cpu         ] GC(1109) User=0.00s Sys=0.00s Real=0.00s
[2967.096s][info][gc,start       ] GC(1110) Pause Young (Allocation Failure)
[2967.099s][info][gc,heap        ] GC(1110) PSYoungGen: 1379465K(1385472K)->6351K(1387008K) Eden: 1373696K(1373696K)->0K(1375744K) From: 5769K(11776K)->6351K(11264K)
[2967.099s][info][gc,heap        ] GC(1110) ParOldGen: 108313K(2796544K)->112452K(2796544K)
[2967.099s][info][gc,metaspace   ] GC(1110) Metaspace: 78335K(79616K)->78335K(79616K) NonClass: 68769K(69312K)->68769K(69312K) Class: 9565K(10304K)->9565K(10304K)
[2967.099s][info][gc             ] GC(1110) Pause Young (Allocation Failure) 1452M->116M(4085M) 3.199ms
[2967.099s][info][gc,cpu         ] GC(1110) User=0.00s Sys=0.00s Real=0.01s
[2969.467s][info][gc,start       ] GC(1111) Pause Young (Allocation Failure)
[2969.470s][info][gc,heap        ] GC(1111) PSYoungGen: 1382095K(1387008K)->5803K(1386496K) Eden: 1375744K(1375744K)->0K(1375744K) From: 6351K(11264K)->5803K(10752K)
[2969.470s][info][gc,heap        ] GC(1111) ParOldGen: 112452K(2796544K)->117469K(2796544K)
[2969.470s][info][gc,metaspace   ] GC(1111) Metaspace: 78335K(79616K)->78335K(79616K) NonClass: 68769K(69312K)->68769K(69312K) Class: 9565K(10304K)->9565K(10304K)
[2969.470s][info][gc             ] GC(1111) Pause Young (Allocation Failure) 1459M->120M(4085M) 3.649ms
[2969.470s][info][gc,cpu         ] GC(1111) User=0.00s Sys=0.00s Real=0.00s
[2972.214s][info][gc,start       ] GC(1112) Pause Young (Allocation Failure)
[2972.218s][info][gc,heap        ] GC(1112) PSYoungGen: 1380989K(1386496K)->6531K(1387520K) Eden: 1375186K(1375744K)->0K(1377280K) From: 5803K(10752K)->6531K(10240K)
[2972.218s][info][gc,heap        ] GC(1112) ParOldGen: 117469K(2796544K)->122068K(2796544K)
[2972.218s][info][gc,metaspace   ] GC(1112) Metaspace: 78335K(79616K)->78335K(79616K) NonClass: 68769K(69312K)->68769K(69312K) Class: 9565K(10304K)->9565K(10304K)
[2972.218s][info][gc             ] GC(1112) Pause Young (Allocation Failure) 1463M->125M(4086M) 3.771ms
[2972.218s][info][gc,cpu         ] GC(1112) User=0.00s Sys=0.00s Real=0.00s
[2975.682s][info][gc,start       ] GC(1113) Pause Young (Allocation Failure)
[2975.685s][info][gc,heap        ] GC(1113) PSYoungGen: 1383811K(1387520K)->5496K(1387520K) Eden: 1377280K(1377280K)->0K(1377280K) From: 6531K(10240K)->5496K(10240K)
[2975.685s][info][gc,heap        ] GC(1113) ParOldGen: 122068K(2796544K)->124683K(2796544K)
[2975.685s][info][gc,metaspace   ] GC(1113) Metaspace: 78335K(79616K)->78335K(79616K) NonClass: 68769K(69312K)->68769K(69312K) Class: 9565K(10304K)->9565K(10304K)
[2975.685s][info][gc             ] GC(1113) Pause Young (Allocation Failure) 1470M->127M(4086M) 2.783ms
[2975.685s][info][gc,cpu         ] GC(1113) User=0.09s Sys=0.00s Real=0.00s
[2975.964s][info][gc,start       ] GC(1114) Pause Young (System.gc())
[2975.965s][info][gc,heap        ] GC(1114) PSYoungGen: 336007K(1387520K)->544K(1385984K) Eden: 330510K(1377280K)->0K(1376256K) From: 5496K(10240K)->544K(9728K)
[2975.965s][info][gc,heap        ] GC(1114) ParOldGen: 124683K(2796544K)->126997K(2796544K)
[2975.965s][info][gc,metaspace   ] GC(1114) Metaspace: 78335K(79616K)->78335K(79616K) NonClass: 68769K(69312K)->68769K(69312K) Class: 9565K(10304K)->9565K(10304K)
[2975.965s][info][gc             ] GC(1114) Pause Young (System.gc()) 449M->124M(4084M) 1.424ms
[2975.965s][info][gc,cpu         ] GC(1114) User=0.08s Sys=0.00s Real=0.00s
[2975.965s][info][gc,start       ] GC(1115) Pause Full (System.gc())
[2975.965s][info][gc,phases,start] GC(1115) Marking Phase
[2975.992s][info][gc,phases      ] GC(1115) Marking Phase 26.866ms
[2975.992s][info][gc,phases,start] GC(1115) Summary Phase
[2975.992s][info][gc,phases      ] GC(1115) Summary Phase 0.011ms
[2975.992s][info][gc,phases,start] GC(1115) Adjust Roots
[2976.003s][info][gc,phases      ] GC(1115) Adjust Roots 11.036ms
[2976.004s][info][gc,phases,start] GC(1115) Compaction Phase
[2976.014s][info][gc,phases      ] GC(1115) Compaction Phase 10.283ms
[2976.014s][info][gc,phases,start] GC(1115) Post Compact
[2976.015s][info][gc,phases      ] GC(1115) Post Compact 1.032ms
[2976.015s][info][gc,heap        ] GC(1115) PSYoungGen: 544K(1385984K)->0K(1385984K) Eden: 0K(1376256K)->0K(1376256K) From: 544K(9728K)->0K(9728K)
[2976.015s][info][gc,heap        ] GC(1115) ParOldGen: 126997K(2796544K)->78603K(2796544K)
[2976.015s][info][gc,metaspace   ] GC(1115) Metaspace: 78335K(79616K)->78335K(79616K) NonClass: 68769K(69312K)->68769K(69312K) Class: 9565K(10304K)->9565K(10304K)
[2976.015s][info][gc             ] GC(1115) Pause Full (System.gc()) 124M->76M(4084M) 49.536ms
[2976.015s][info][gc,cpu         ] GC(1115) User=0.12s Sys=0.00s Real=0.05s
[2979.291s][info][gc,start       ] GC(1116) Pause Young (Allocation Failure)
[2979.293s][info][gc,heap        ] GC(1116) PSYoungGen: 1376256K(1385984K)->5200K(1387008K) Eden: 1376256K(1376256K)->0K(1376256K) From: 0K(9728K)->5200K(10752K)
[2979.293s][info][gc,heap        ] GC(1116) ParOldGen: 78603K(2796544K)->78603K(2796544K)
[2979.293s][info][gc,metaspace   ] GC(1116) Metaspace: 78335K(79616K)->78335K(79616K) NonClass: 68769K(69312K)->68769K(69312K) Class: 9565K(10304K)->9565K(10304K)
[2979.293s][info][gc             ] GC(1116) Pause Young (Allocation Failure) 1420M->81M(4085M) 1.959ms
[2979.293s][info][gc,cpu         ] GC(1116) User=0.09s Sys=0.00s Real=0.00s
[2982.023s][info][gc,start       ] GC(1117) Pause Young (Allocation Failure)
[2982.027s][info][gc,heap        ] GC(1117) PSYoungGen: 1378667K(1387008K)->10223K(1385472K) Eden: 1373467K(1376256K)->0K(1375232K) From: 5200K(10752K)->10223K(10240K)
[2982.028s][info][gc,heap        ] GC(1117) ParOldGen: 78603K(2796544K)->90844K(2796544K)
[2982.028s][info][gc,metaspace   ] GC(1117) Metaspace: 78335K(79616K)->78335K(79616K) NonClass: 68769K(69312K)->68769K(69312K) Class: 9565K(10304K)->9565K(10304K)
[2982.028s][info][gc             ] GC(1117) Pause Young (Allocation Failure) 1423M->98M(4084M) 4.096ms
[2982.028s][info][gc,cpu         ] GC(1117) User=0.09s Sys=0.00s Real=0.00s
[2986.008s][info][gc,start       ] GC(1118) Pause Young (Allocation Failure)
[2986.012s][info][gc,heap        ] GC(1118) PSYoungGen: 1385455K(1385472K)->5328K(1386496K) Eden: 1375232K(1375232K)->0K(1375232K) From: 10223K(10240K)->5328K(11264K)
[2986.012s][info][gc,heap        ] GC(1118) ParOldGen: 90844K(2796544K)->93481K(2796544K)
[2986.012s][info][gc,metaspace   ] GC(1118) Metaspace: 78335K(79616K)->78335K(79616K) NonClass: 68769K(69312K)->68769K(69312K) Class: 9565K(10304K)->9565K(10304K)
[2986.012s][info][gc             ] GC(1118) Pause Young (Allocation Failure) 1441M->96M(4085M) 3.455ms
[2986.012s][info][gc,cpu         ] GC(1118) User=0.05s Sys=0.00s Real=0.01s
[2988.448s][info][gc,start       ] GC(1119) Pause Young (Allocation Failure)
[2988.451s][info][gc,heap        ] GC(1119) PSYoungGen: 1380560K(1386496K)->5930K(1387008K) Eden: 1375232K(1375232K)->0K(1376256K) From: 5328K(11264K)->5930K(10752K)
[2988.451s][info][gc,heap        ] GC(1119) ParOldGen: 93481K(2796544K)->96538K(2796544K)
[2988.451s][info][gc,metaspace   ] GC(1119) Metaspace: 78335K(79616K)->78335K(79616K) NonClass: 68769K(69312K)->68769K(69312K) Class: 9565K(10304K)->9565K(10304K)
[2988.451s][info][gc             ] GC(1119) Pause Young (Allocation Failure) 1439M->100M(4085M) 3.190ms
[2988.451s][info][gc,cpu         ] GC(1119) User=0.09s Sys=0.00s Real=0.00s
[2992.972s][info][gc,start       ] GC(1120) Pause Young (Allocation Failure)
[2992.976s][info][gc,heap        ] GC(1120) PSYoungGen: 1382186K(1387008K)->5028K(1387008K) Eden: 1376256K(1376256K)->0K(1376256K) From: 5930K(10752K)->5028K(10752K)
[2992.976s][info][gc,heap        ] GC(1120) ParOldGen: 96538K(2796544K)->100809K(2796544K)
[2992.976s][info][gc,metaspace   ] GC(1120) Metaspace: 78335K(79616K)->78335K(79616K) NonClass: 68769K(69312K)->68769K(69312K) Class: 9565K(10304K)->9565K(10304K)
[2992.976s][info][gc             ] GC(1120) Pause Young (Allocation Failure) 1444M->103M(4085M) 4.226ms
[2992.977s][info][gc,cpu         ] GC(1120) User=0.00s Sys=0.00s Real=0.00s
[2995.165s][info][gc,start       ] GC(1121) Pause Young (Allocation Failure)
[2995.168s][info][gc,heap        ] GC(1121) PSYoungGen: 1377291K(1387008K)->6007K(1388032K) Eden: 1372262K(1376256K)->0K(1377792K) From: 5028K(10752K)->6007K(10240K)
[2995.168s][info][gc,heap        ] GC(1121) ParOldGen: 100809K(2796544K)->103760K(2796544K)
[2995.168s][info][gc,metaspace   ] GC(1121) Metaspace: 78335K(79616K)->78335K(79616K) NonClass: 68769K(69312K)->68769K(69312K) Class: 9565K(10304K)->9565K(10304K)
[2995.168s][info][gc             ] GC(1121) Pause Young (Allocation Failure) 1443M->107M(4086M) 3.272ms
[2995.168s][info][gc,cpu         ] GC(1121) User=0.06s Sys=0.02s Real=0.01s
[2999.340s][info][gc,start       ] GC(1122) Pause Young (Allocation Failure)
[2999.343s][info][gc,heap        ] GC(1122) PSYoungGen: 1383799K(1388032K)->5799K(1387520K) Eden: 1377792K(1377792K)->0K(1377792K) From: 6007K(10240K)->5799K(9728K)
[2999.343s][info][gc,heap        ] GC(1122) ParOldGen: 103760K(2796544K)->108427K(2796544K)
[2999.343s][info][gc,metaspace   ] GC(1122) Metaspace: 78335K(79616K)->78335K(79616K) NonClass: 68769K(69312K)->68769K(69312K) Class: 9565K(10304K)->9565K(10304K)
[2999.343s][info][gc             ] GC(1122) Pause Young (Allocation Failure) 1452M->111M(4086M) 3.263ms
[2999.343s][info][gc,cpu         ] GC(1122) User=0.00s Sys=0.00s Real=0.00s
[3002.280s][info][gc,start       ] GC(1123) Pause Young (Allocation Failure)
[3002.283s][info][gc,heap        ] GC(1123) PSYoungGen: 1383067K(1387520K)->5013K(1388544K) Eden: 1377268K(1377792K)->0K(1378816K) From: 5799K(9728K)->5013K(9728K)
[3002.283s][info][gc,heap        ] GC(1123) ParOldGen: 108427K(2796544K)->112214K(2796544K)
[3002.283s][info][gc,metaspace   ] GC(1123) Metaspace: 78335K(79616K)->78335K(79616K) NonClass: 68769K(69312K)->68769K(69312K) Class: 9565K(10304K)->9565K(10304K)
[3002.283s][info][gc             ] GC(1123) Pause Young (Allocation Failure) 1456M->114M(4087M) 2.849ms
[3002.283s][info][gc,cpu         ] GC(1123) User=0.00s Sys=0.00s Real=0.01s
[3004.593s][info][gc,start       ] GC(1124) Pause Young (Allocation Failure)
[3004.597s][info][gc,heap        ] GC(1124) PSYoungGen: 1383829K(1388544K)->6580K(1388032K) Eden: 1378816K(1378816K)->0K(1378816K) From: 5013K(9728K)->6580K(9216K)
[3004.597s][info][gc,heap        ] GC(1124) ParOldGen: 112214K(2796544K)->116297K(2796544K)
[3004.597s][info][gc,metaspace   ] GC(1124) Metaspace: 78335K(79616K)->78335K(79616K) NonClass: 68769K(69312K)->68769K(69312K) Class: 9565K(10304K)->9565K(10304K)
[3004.597s][info][gc             ] GC(1124) Pause Young (Allocation Failure) 1460M->119M(4086M) 3.876ms
[3004.597s][info][gc,cpu         ] GC(1124) User=0.00s Sys=0.00s Real=0.00s
[3006.872s][info][gc,start       ] GC(1125) Pause Young (Allocation Failure)
[3006.875s][info][gc,heap        ] GC(1125) PSYoungGen: 1385396K(1388032K)->5868K(1388544K) Eden: 1378816K(1378816K)->0K(1379328K) From: 6580K(9216K)->5868K(9216K)
[3006.875s][info][gc,heap        ] GC(1125) ParOldGen: 116297K(2796544K)->121164K(2796544K)
[3006.875s][info][gc,metaspace   ] GC(1125) Metaspace: 78335K(79616K)->78335K(79616K) NonClass: 68769K(69312K)->68769K(69312K) Class: 9565K(10304K)->9565K(10304K)
[3006.875s][info][gc             ] GC(1125) Pause Young (Allocation Failure) 1466M->124M(4087M) 3.426ms
[3006.875s][info][gc,cpu         ] GC(1125) User=0.00s Sys=0.00s Real=0.01s
[3009.558s][info][gc,start       ] GC(1126) Pause Young (Allocation Failure)
[3009.561s][info][gc,heap        ] GC(1126) PSYoungGen: 1385088K(1388544K)->5404K(1388544K) Eden: 1379219K(1379328K)->0K(1379328K) From: 5868K(9216K)->5404K(9216K)
[3009.561s][info][gc,heap        ] GC(1126) ParOldGen: 121164K(2796544K)->126046K(2796544K)
[3009.561s][info][gc,metaspace   ] GC(1126) Metaspace: 78335K(79616K)->78335K(79616K) NonClass: 68769K(69312K)->68769K(69312K) Class: 9565K(10304K)->9565K(10304K)
[3009.561s][info][gc             ] GC(1126) Pause Young (Allocation Failure) 1470M->128M(4087M) 3.849ms
[3009.561s][info][gc,cpu         ] GC(1126) User=0.03s Sys=0.02s Real=0.00s
[3012.963s][info][gc,start       ] GC(1127) Pause Young (Allocation Failure)
[3012.967s][info][gc,heap        ] GC(1127) PSYoungGen: 1384732K(1388544K)->7105K(1388032K) Eden: 1379328K(1379328K)->0K(1379328K) From: 5404K(9216K)->7105K(8704K)
[3012.967s][info][gc,heap        ] GC(1127) ParOldGen: 126046K(2796544K)->128731K(2796544K)
[3012.967s][info][gc,metaspace   ] GC(1127) Metaspace: 78335K(79616K)->78335K(79616K) NonClass: 68769K(69312K)->68769K(69312K) Class: 9565K(10304K)->9565K(10304K)
[3012.967s][info][gc             ] GC(1127) Pause Young (Allocation Failure) 1475M->132M(4086M) 4.092ms
[3012.967s][info][gc,cpu         ] GC(1127) User=0.09s Sys=0.00s Real=0.00s
[3013.213s][info][gc,start       ] GC(1128) Pause Young (System.gc())
[3013.214s][info][gc,heap        ] GC(1128) PSYoungGen: 287599K(1388032K)->544K(1380352K) Eden: 280493K(1379328K)->0K(1379328K) From: 7105K(8704K)->544K(1024K)
[3013.214s][info][gc,heap        ] GC(1128) ParOldGen: 128731K(2796544K)->131170K(2796544K)
[3013.214s][info][gc,metaspace   ] GC(1128) Metaspace: 78335K(79616K)->78335K(79616K) NonClass: 68769K(69312K)->68769K(69312K) Class: 9565K(10304K)->9565K(10304K)
[3013.214s][info][gc             ] GC(1128) Pause Young (System.gc()) 406M->128M(4079M) 1.591ms
[3013.214s][info][gc,cpu         ] GC(1128) User=0.02s Sys=0.00s Real=0.00s
[3013.215s][info][gc,start       ] GC(1129) Pause Full (System.gc())
[3013.215s][info][gc,phases,start] GC(1129) Marking Phase
[3013.241s][info][gc,phases      ] GC(1129) Marking Phase 26.783ms
[3013.241s][info][gc,phases,start] GC(1129) Summary Phase
[3013.241s][info][gc,phases      ] GC(1129) Summary Phase 0.011ms
[3013.241s][info][gc,phases,start] GC(1129) Adjust Roots
[3013.252s][info][gc,phases      ] GC(1129) Adjust Roots 11.084ms
[3013.253s][info][gc,phases,start] GC(1129) Compaction Phase
[3013.264s][info][gc,phases      ] GC(1129) Compaction Phase 11.004ms
[3013.264s][info][gc,phases,start] GC(1129) Post Compact
[3013.265s][info][gc,phases      ] GC(1129) Post Compact 1.257ms
[3013.265s][info][gc,heap        ] GC(1129) PSYoungGen: 544K(1380352K)->0K(1380352K) Eden: 0K(1379328K)->0K(1379328K) From: 544K(1024K)->0K(1024K)
[3013.265s][info][gc,heap        ] GC(1129) ParOldGen: 131170K(2796544K)->78431K(2796544K)
[3013.265s][info][gc,metaspace   ] GC(1129) Metaspace: 78335K(79616K)->78335K(79616K) NonClass: 68769K(69312K)->68769K(69312K) Class: 9565K(10304K)->9565K(10304K)
[3013.265s][info][gc             ] GC(1129) Pause Full (System.gc()) 128M->76M(4079M) 50.521ms
[3013.265s][info][gc,cpu         ] GC(1129) User=0.12s Sys=0.00s Real=0.05s
[3016.541s][info][gc,start       ] GC(1130) Pause Young (Allocation Failure)
[3016.543s][info][gc,heap        ] GC(1130) PSYoungGen: 1379328K(1380352K)->5135K(1388544K) Eden: 1379328K(1379328K)->0K(1378816K) From: 0K(1024K)->5135K(9728K)
[3016.543s][info][gc,heap        ] GC(1130) ParOldGen: 78431K(2796544K)->78431K(2796544K)
[3016.543s][info][gc,metaspace   ] GC(1130) Metaspace: 78335K(79616K)->78335K(79616K) NonClass: 68769K(69312K)->68769K(69312K) Class: 9565K(10304K)->9565K(10304K)
[3016.543s][info][gc             ] GC(1130) Pause Young (Allocation Failure) 1423M->81M(4087M) 2.162ms
[3016.543s][info][gc,cpu         ] GC(1130) User=0.09s Sys=0.00s Real=0.00s
[3019.274s][info][gc,start       ] GC(1131) Pause Young (Allocation Failure)
[3019.279s][info][gc,heap        ] GC(1131) PSYoungGen: 1381941K(1388544K)->9202K(1388032K) Eden: 1376805K(1378816K)->0K(1378816K) From: 5135K(9728K)->9202K(9216K)
[3019.279s][info][gc,heap        ] GC(1131) ParOldGen: 78431K(2796544K)->95937K(2796544K)
[3019.279s][info][gc,metaspace   ] GC(1131) Metaspace: 78335K(79616K)->78335K(79616K) NonClass: 68769K(69312K)->68769K(69312K) Class: 9565K(10304K)->9565K(10304K)
[3019.279s][info][gc             ] GC(1131) Pause Young (Allocation Failure) 1426M->102M(4086M) 4.848ms
[3019.279s][info][gc,cpu         ] GC(1131) User=0.09s Sys=0.00s Real=0.00s
[3023.309s][info][gc,start       ] GC(1132) Pause Young (Allocation Failure)
[3023.312s][info][gc,heap        ] GC(1132) PSYoungGen: 1387275K(1388032K)->4422K(1374720K) Eden: 1378072K(1378816K)->0K(1364992K) From: 9202K(9216K)->4422K(9728K)
[3023.312s][info][gc,heap        ] GC(1132) ParOldGen: 95937K(2796544K)->98787K(2796544K)
[3023.312s][info][gc,metaspace   ] GC(1132) Metaspace: 78335K(79616K)->78335K(79616K) NonClass: 68769K(69312K)->68769K(69312K) Class: 9565K(10304K)->9565K(10304K)
[3023.312s][info][gc             ] GC(1132) Pause Young (Allocation Failure) 1448M->100M(4073M) 3.352ms
[3023.312s][info][gc,cpu         ] GC(1132) User=0.00s Sys=0.00s Real=0.00s
[3025.674s][info][gc,start       ] GC(1133) Pause Young (Allocation Failure)
[3025.677s][info][gc,heap        ] GC(1133) PSYoungGen: 1369414K(1374720K)->6012K(1381376K) Eden: 1364992K(1364992K)->0K(1364992K) From: 4422K(9728K)->6012K(16384K)
[3025.677s][info][gc,heap        ] GC(1133) ParOldGen: 98787K(2796544K)->101896K(2796544K)
[3025.677s][info][gc,metaspace   ] GC(1133) Metaspace: 78335K(79616K)->78335K(79616K) NonClass: 68769K(69312K)->68769K(69312K) Class: 9565K(10304K)->9565K(10304K)
[3025.678s][info][gc             ] GC(1133) Pause Young (Allocation Failure) 1433M->105M(4080M) 3.093ms
[3025.678s][info][gc,cpu         ] GC(1133) User=0.00s Sys=0.00s Real=0.01s
[3030.169s][info][gc,start       ] GC(1134) Pause Young (Allocation Failure)
[3030.172s][info][gc,heap        ] GC(1134) PSYoungGen: 1370525K(1381376K)->4461K(1382400K) Eden: 1364512K(1364992K)->0K(1366528K) From: 6012K(16384K)->4461K(15872K)
[3030.172s][info][gc,heap        ] GC(1134) ParOldGen: 101896K(2796544K)->106147K(2796544K)
[3030.172s][info][gc,metaspace   ] GC(1134) Metaspace: 78335K(79616K)->78335K(79616K) NonClass: 68769K(69312K)->68769K(69312K) Class: 9565K(10304K)->9565K(10304K)
[3030.172s][info][gc             ] GC(1134) Pause Young (Allocation Failure) 1437M->108M(4081M) 3.435ms
[3030.172s][info][gc,cpu         ] GC(1134) User=0.00s Sys=0.00s Real=0.00s
[3032.286s][info][gc,start       ] GC(1135) Pause Young (Allocation Failure)
[3032.289s][info][gc,heap        ] GC(1135) PSYoungGen: 1370989K(1382400K)->6666K(1381888K) Eden: 1366528K(1366528K)->0K(1366528K) From: 4461K(15872K)->6666K(15360K)
[3032.289s][info][gc,heap        ] GC(1135) ParOldGen: 106147K(2796544K)->109057K(2796544K)
[3032.289s][info][gc,metaspace   ] GC(1135) Metaspace: 78335K(79616K)->78335K(79616K) NonClass: 68769K(69312K)->68769K(69312K) Class: 9565K(10304K)->9565K(10304K)
[3032.289s][info][gc             ] GC(1135) Pause Young (Allocation Failure) 1442M->113M(4080M) 3.050ms
[3032.289s][info][gc,cpu         ] GC(1135) User=0.00s Sys=0.00s Real=0.00s
[3036.395s][info][gc,start       ] GC(1136) Pause Young (Allocation Failure)
[3036.400s][info][gc,heap        ] GC(1136) PSYoungGen: 1373194K(1381888K)->7225K(1383936K) Eden: 1366528K(1366528K)->0K(1369600K) From: 6666K(15360K)->7225K(14336K)
[3036.400s][info][gc,heap        ] GC(1136) ParOldGen: 109057K(2796544K)->113749K(2796544K)
[3036.400s][info][gc,metaspace   ] GC(1136) Metaspace: 78335K(79616K)->78335K(79616K) NonClass: 68769K(69312K)->68769K(69312K) Class: 9565K(10304K)->9565K(10304K)
[3036.400s][info][gc             ] GC(1136) Pause Young (Allocation Failure) 1447M->118M(4082M) 5.192ms
[3036.401s][info][gc,cpu         ] GC(1136) User=0.00s Sys=0.00s Real=0.01s
[3039.324s][info][gc,start       ] GC(1137) Pause Young (Allocation Failure)
[3039.327s][info][gc,heap        ] GC(1137) PSYoungGen: 1376825K(1383936K)->5483K(1383424K) Eden: 1369600K(1369600K)->0K(1369600K) From: 7225K(14336K)->5483K(13824K)
[3039.327s][info][gc,heap        ] GC(1137) ParOldGen: 113749K(2796544K)->117594K(2796544K)
[3039.327s][info][gc,metaspace   ] GC(1137) Metaspace: 78335K(79616K)->78335K(79616K) NonClass: 68769K(69312K)->68769K(69312K) Class: 9565K(10304K)->9565K(10304K)
[3039.327s][info][gc             ] GC(1137) Pause Young (Allocation Failure) 1455M->120M(4082M) 3.412ms
[3039.327s][info][gc,cpu         ] GC(1137) User=0.00s Sys=0.00s Real=0.00s
[3041.562s][info][gc,start       ] GC(1138) Pause Young (Allocation Failure)
[3041.564s][info][gc,heap        ] GC(1138) PSYoungGen: 1373485K(1383424K)->5827K(1384960K) Eden: 1368001K(1369600K)->0K(1371648K) From: 5483K(13824K)->5827K(13312K)
[3041.564s][info][gc,heap        ] GC(1138) ParOldGen: 117594K(2796544K)->121681K(2796544K)
[3041.564s][info][gc,metaspace   ] GC(1138) Metaspace: 78335K(79616K)->78335K(79616K) NonClass: 68769K(69312K)->68769K(69312K) Class: 9565K(10304K)->9565K(10304K)
[3041.564s][info][gc             ] GC(1138) Pause Young (Allocation Failure) 1456M->124M(4083M) 2.909ms
[3041.564s][info][gc,cpu         ] GC(1138) User=0.00s Sys=0.00s Real=0.00s
[3044.008s][info][gc,start       ] GC(1139) Pause Young (Allocation Failure)
[3044.011s][info][gc,heap        ] GC(1139) PSYoungGen: 1377475K(1384960K)->5784K(1384448K) Eden: 1371648K(1371648K)->0K(1371648K) From: 5827K(13312K)->5784K(12800K)
[3044.011s][info][gc,heap        ] GC(1139) ParOldGen: 121681K(2796544K)->126629K(2796544K)
[3044.011s][info][gc,metaspace   ] GC(1139) Metaspace: 78335K(79616K)->78335K(79616K) NonClass: 68769K(69312K)->68769K(69312K) Class: 9565K(10304K)->9565K(10304K)
[3044.011s][info][gc             ] GC(1139) Pause Young (Allocation Failure) 1464M->129M(4083M) 3.760ms
[3044.011s][info][gc,cpu         ] GC(1139) User=0.00s Sys=0.00s Real=0.01s
[3046.770s][info][gc,start       ] GC(1140) Pause Young (Allocation Failure)
[3046.775s][info][gc,heap        ] GC(1140) PSYoungGen: 1376275K(1384448K)->11115K(1382400K) Eden: 1370490K(1371648K)->0K(1370112K) From: 5784K(12800K)->11115K(12288K)
[3046.775s][info][gc,heap        ] GC(1140) ParOldGen: 126629K(2796544K)->143527K(2796544K)
[3046.775s][info][gc,metaspace   ] GC(1140) Metaspace: 78335K(79616K)->78335K(79616K) NonClass: 68769K(69312K)->68769K(69312K) Class: 9565K(10304K)->9565K(10304K)
[3046.775s][info][gc             ] GC(1140) Pause Young (Allocation Failure) 1467M->151M(4081M) 5.223ms
[3046.775s][info][gc,cpu         ] GC(1140) User=0.00s Sys=0.00s Real=0.00s
[3050.075s][info][gc,start       ] GC(1141) Pause Young (Allocation Failure)
[3050.077s][info][gc,heap        ] GC(1141) PSYoungGen: 1381227K(1382400K)->5579K(1383936K) Eden: 1370112K(1370112K)->0K(1370112K) From: 11115K(12288K)->5579K(13824K)
[3050.077s][info][gc,heap        ] GC(1141) ParOldGen: 143527K(2796544K)->146134K(2796544K)
[3050.077s][info][gc,metaspace   ] GC(1141) Metaspace: 78335K(79616K)->78335K(79616K) NonClass: 68769K(69312K)->68769K(69312K) Class: 9565K(10304K)->9565K(10304K)
[3050.077s][info][gc             ] GC(1141) Pause Young (Allocation Failure) 1489M->148M(4082M) 2.880ms
[3050.077s][info][gc,cpu         ] GC(1141) User=0.00s Sys=0.00s Real=0.01s
[3050.444s][info][gc,start       ] GC(1142) Pause Young (System.gc())
[3050.445s][info][gc,heap        ] GC(1142) PSYoungGen: 383362K(1383936K)->559K(1383424K) Eden: 377782K(1370112K)->0K(1370112K) From: 5579K(13824K)->559K(13312K)
[3050.445s][info][gc,heap        ] GC(1142) ParOldGen: 146134K(2796544K)->148353K(2796544K)
[3050.445s][info][gc,metaspace   ] GC(1142) Metaspace: 78335K(79616K)->78335K(79616K) NonClass: 68769K(69312K)->68769K(69312K) Class: 9565K(10304K)->9565K(10304K)
[3050.445s][info][gc             ] GC(1142) Pause Young (System.gc()) 517M->145M(4082M) 1.605ms
[3050.446s][info][gc,cpu         ] GC(1142) User=0.00s Sys=0.00s Real=0.00s
[3050.446s][info][gc,start       ] GC(1143) Pause Full (System.gc())
[3050.446s][info][gc,phases,start] GC(1143) Marking Phase
[3050.473s][info][gc,phases      ] GC(1143) Marking Phase 26.920ms
[3050.473s][info][gc,phases,start] GC(1143) Summary Phase
[3050.473s][info][gc,phases      ] GC(1143) Summary Phase 0.011ms
[3050.473s][info][gc,phases,start] GC(1143) Adjust Roots
[3050.483s][info][gc,phases      ] GC(1143) Adjust Roots 10.515ms
[3050.483s][info][gc,phases,start] GC(1143) Compaction Phase
[3050.494s][info][gc,phases      ] GC(1143) Compaction Phase 11.356ms
[3050.495s][info][gc,phases,start] GC(1143) Post Compact
[3050.496s][info][gc,phases      ] GC(1143) Post Compact 1.191ms
[3050.496s][info][gc,heap        ] GC(1143) PSYoungGen: 559K(1383424K)->0K(1383424K) Eden: 0K(1370112K)->0K(1370112K) From: 559K(13312K)->0K(13312K)
[3050.496s][info][gc,heap        ] GC(1143) ParOldGen: 148353K(2796544K)->78464K(2796544K)
[3050.496s][info][gc,metaspace   ] GC(1143) Metaspace: 78335K(79616K)->78335K(79616K) NonClass: 68769K(69312K)->68769K(69312K) Class: 9565K(10304K)->9565K(10304K)
[3050.496s][info][gc             ] GC(1143) Pause Full (System.gc()) 145M->76M(4082M) 50.277ms
[3050.496s][info][gc,cpu         ] GC(1143) User=0.12s Sys=0.00s Real=0.05s
[3053.753s][info][gc,start       ] GC(1144) Pause Young (Allocation Failure)
[3053.755s][info][gc,heap        ] GC(1144) PSYoungGen: 1370112K(1383424K)->5244K(1383936K) Eden: 1370112K(1370112K)->0K(1370112K) From: 0K(13312K)->5244K(13824K)
[3053.755s][info][gc,heap        ] GC(1144) ParOldGen: 78464K(2796544K)->78464K(2796544K)
[3053.755s][info][gc,metaspace   ] GC(1144) Metaspace: 78335K(79616K)->78335K(79616K) NonClass: 68769K(69312K)->68769K(69312K) Class: 9565K(10304K)->9565K(10304K)
[3053.755s][info][gc             ] GC(1144) Pause Young (Allocation Failure) 1414M->81M(4082M) 2.478ms
[3053.755s][info][gc,cpu         ] GC(1144) User=0.00s Sys=0.00s Real=0.00s
[3056.480s][info][gc,start       ] GC(1145) Pause Young (Allocation Failure)
[3056.484s][info][gc,heap        ] GC(1145) PSYoungGen: 1374336K(1383936K)->13281K(1377280K) Eden: 1369091K(1370112K)->0K(1363968K) From: 5244K(13824K)->13281K(13312K)
[3056.484s][info][gc,heap        ] GC(1145) ParOldGen: 78464K(2796544K)->83123K(2796544K)
[3056.484s][info][gc,metaspace   ] GC(1145) Metaspace: 78335K(79616K)->78335K(79616K) NonClass: 68769K(69312K)->68769K(69312K) Class: 9565K(10304K)->9565K(10304K)
[3056.484s][info][gc             ] GC(1145) Pause Young (Allocation Failure) 1418M->94M(4076M) 3.538ms
[3056.484s][info][gc,cpu         ] GC(1145) User=0.00s Sys=0.00s Real=0.00s
[3060.435s][info][gc,start       ] GC(1146) Pause Young (Allocation Failure)
[3060.438s][info][gc,heap        ] GC(1146) PSYoungGen: 1377249K(1377280K)->4462K(1380864K) Eden: 1363968K(1363968K)->0K(1363968K) From: 13281K(13312K)->4462K(16896K)
[3060.438s][info][gc,heap        ] GC(1146) ParOldGen: 83123K(2796544K)->86131K(2796544K)
[3060.438s][info][gc,metaspace   ] GC(1146) Metaspace: 78335K(79616K)->78335K(79616K) NonClass: 68769K(69312K)->68769K(69312K) Class: 9565K(10304K)->9565K(10304K)
[3060.438s][info][gc             ] GC(1146) Pause Young (Allocation Failure) 1426M->88M(4079M) 2.501ms
[3060.438s][info][gc,cpu         ] GC(1146) User=0.00s Sys=0.00s Real=0.00s
[3062.876s][info][gc,start       ] GC(1147) Pause Young (Allocation Failure)
[3062.879s][info][gc,heap        ] GC(1147) PSYoungGen: 1368430K(1380864K)->5781K(1381888K) Eden: 1363968K(1363968K)->0K(1365504K) From: 4462K(16896K)->5781K(16384K)
[3062.880s][info][gc,heap        ] GC(1147) ParOldGen: 86131K(2796544K)->89236K(2796544K)
[3062.880s][info][gc,metaspace   ] GC(1147) Metaspace: 78335K(79616K)->78335K(79616K) NonClass: 68769K(69312K)->68769K(69312K) Class: 9565K(10304K)->9565K(10304K)
[3062.880s][info][gc             ] GC(1147) Pause Young (Allocation Failure) 1420M->92M(4080M) 3.107ms
[3062.880s][info][gc,cpu         ] GC(1147) User=0.00s Sys=0.00s Real=0.00s
[3067.373s][info][gc,start       ] GC(1148) Pause Young (Allocation Failure)
[3067.375s][info][gc,heap        ] GC(1148) PSYoungGen: 1371285K(1381888K)->4299K(1381376K) Eden: 1365504K(1365504K)->0K(1365504K) From: 5781K(16384K)->4299K(15872K)
[3067.376s][info][gc,heap        ] GC(1148) ParOldGen: 89236K(2796544K)->93520K(2796544K)
[3067.376s][info][gc,metaspace   ] GC(1148) Metaspace: 78335K(79616K)->78335K(79616K) NonClass: 68769K(69312K)->68769K(69312K) Class: 9565K(10304K)->9565K(10304K)
[3067.376s][info][gc             ] GC(1148) Pause Young (Allocation Failure) 1426M->95M(4080M) 2.713ms
[3067.376s][info][gc,cpu         ] GC(1148) User=0.00s Sys=0.00s Real=0.00s
[3069.519s][info][gc,start       ] GC(1149) Pause Young (Allocation Failure)
[3069.522s][info][gc,heap        ] GC(1149) PSYoungGen: 1369803K(1381376K)->6632K(1383424K) Eden: 1365504K(1365504K)->0K(1368064K) From: 4299K(15872K)->6632K(15360K)
[3069.522s][info][gc,heap        ] GC(1149) ParOldGen: 93520K(2796544K)->96417K(2796544K)
[3069.522s][info][gc,metaspace   ] GC(1149) Metaspace: 78335K(79616K)->78335K(79616K) NonClass: 68769K(69312K)->68769K(69312K) Class: 9565K(10304K)->9565K(10304K)
[3069.522s][info][gc             ] GC(1149) Pause Young (Allocation Failure) 1429M->100M(4082M) 3.039ms
[3069.522s][info][gc,cpu         ] GC(1149) User=0.00s Sys=0.00s Real=0.01s
[3073.677s][info][gc,start       ] GC(1150) Pause Young (Allocation Failure)
[3073.681s][info][gc,heap        ] GC(1150) PSYoungGen: 1374696K(1383424K)->6619K(1382400K) Eden: 1368064K(1368064K)->0K(1368064K) From: 6632K(15360K)->6619K(14336K)
[3073.681s][info][gc,heap        ] GC(1150) ParOldGen: 96417K(2796544K)->101052K(2796544K)
[3073.681s][info][gc,metaspace   ] GC(1150) Metaspace: 78335K(79616K)->78335K(79616K) NonClass: 68769K(69312K)->68769K(69312K) Class: 9565K(10304K)->9565K(10304K)
[3073.681s][info][gc             ] GC(1150) Pause Young (Allocation Failure) 1436M->105M(4081M) 3.953ms
[3073.681s][info][gc,cpu         ] GC(1150) User=0.00s Sys=0.00s Real=0.00s
[3076.631s][info][gc,start       ] GC(1151) Pause Young (Allocation Failure)
[3076.634s][info][gc,heap        ] GC(1151) PSYoungGen: 1374641K(1382400K)->4939K(1384448K) Eden: 1368021K(1368064K)->0K(1370624K) From: 6619K(14336K)->4939K(13824K)
[3076.634s][info][gc,heap        ] GC(1151) ParOldGen: 101052K(2796544K)->104880K(2796544K)
[3076.634s][info][gc,metaspace   ] GC(1151) Metaspace: 78335K(79616K)->78335K(79616K) NonClass: 68769K(69312K)->68769K(69312K) Class: 9565K(10304K)->9565K(10304K)
[3076.634s][info][gc             ] GC(1151) Pause Young (Allocation Failure) 1441M->107M(4083M) 3.020ms
[3076.634s][info][gc,cpu         ] GC(1151) User=0.00s Sys=0.00s Real=0.01s
[3078.892s][info][gc,start       ] GC(1152) Pause Young (Allocation Failure)
[3078.896s][info][gc,heap        ] GC(1152) PSYoungGen: 1375563K(1384448K)->6277K(1383936K) Eden: 1370624K(1370624K)->0K(1370624K) From: 4939K(13824K)->6277K(13312K)
[3078.896s][info][gc,heap        ] GC(1152) ParOldGen: 104880K(2796544K)->108860K(2796544K)
[3078.896s][info][gc,metaspace   ] GC(1152) Metaspace: 78335K(79616K)->78335K(79616K) NonClass: 68769K(69312K)->68769K(69312K) Class: 9565K(10304K)->9565K(10304K)
[3078.896s][info][gc             ] GC(1152) Pause Young (Allocation Failure) 1445M->112M(4082M) 4.392ms
[3078.896s][info][gc,cpu         ] GC(1152) User=0.00s Sys=0.00s Real=0.00s
[3081.347s][info][gc,start       ] GC(1153) Pause Young (Allocation Failure)
[3081.351s][info][gc,heap        ] GC(1153) PSYoungGen: 1376901K(1383936K)->5972K(1385472K) Eden: 1370624K(1370624K)->0K(1372672K) From: 6277K(13312K)->5972K(12800K)
[3081.351s][info][gc,heap        ] GC(1153) ParOldGen: 108860K(2796544K)->113852K(2796544K)
[3081.351s][info][gc,metaspace   ] GC(1153) Metaspace: 78335K(79616K)->78335K(79616K) NonClass: 68769K(69312K)->68769K(69312K) Class: 9565K(10304K)->9565K(10304K)
[3081.351s][info][gc             ] GC(1153) Pause Young (Allocation Failure) 1450M->117M(4084M) 3.817ms
[3081.351s][info][gc,cpu         ] GC(1153) User=0.00s Sys=0.00s Real=0.00s
[3084.102s][info][gc,start       ] GC(1154) Pause Young (Allocation Failure)
[3084.108s][info][gc,heap        ] GC(1154) PSYoungGen: 1375722K(1385472K)->11048K(1383936K) Eden: 1369750K(1372672K)->0K(1372672K) From: 5972K(12800K)->11048K(11264K)
[3084.108s][info][gc,heap        ] GC(1154) ParOldGen: 113852K(2796544K)->130780K(2796544K)
[3084.108s][info][gc,metaspace   ] GC(1154) Metaspace: 78335K(79616K)->78335K(79616K) NonClass: 68769K(69312K)->68769K(69312K) Class: 9565K(10304K)->9565K(10304K)
[3084.108s][info][gc             ] GC(1154) Pause Young (Allocation Failure) 1454M->138M(4082M) 5.401ms
[3084.108s][info][gc,cpu         ] GC(1154) User=0.08s Sys=0.00s Real=0.01s
[3087.502s][info][gc,start       ] GC(1155) Pause Young (Allocation Failure)
[3087.506s][info][gc,heap        ] GC(1155) PSYoungGen: 1383720K(1383936K)->5520K(1384960K) Eden: 1372672K(1372672K)->0K(1371648K) From: 11048K(11264K)->5520K(13312K)
[3087.506s][info][gc,heap        ] GC(1155) ParOldGen: 130780K(2796544K)->133399K(2796544K)
[3087.506s][info][gc,metaspace   ] GC(1155) Metaspace: 78335K(79616K)->78335K(79616K) NonClass: 68769K(69312K)->68769K(69312K) Class: 9565K(10304K)->9565K(10304K)
[3087.506s][info][gc             ] GC(1155) Pause Young (Allocation Failure) 1479M->135M(4083M) 3.698ms
[3087.506s][info][gc,cpu         ] GC(1155) User=0.00s Sys=0.00s Real=0.00s
[3087.865s][info][gc,start       ] GC(1156) Pause Young (System.gc())
[3087.867s][info][gc,heap        ] GC(1156) PSYoungGen: 376099K(1384960K)->559K(1384448K) Eden: 370579K(1371648K)->0K(1371648K) From: 5520K(13312K)->559K(12800K)
[3087.867s][info][gc,heap        ] GC(1156) ParOldGen: 133399K(2796544K)->135715K(2796544K)
[3087.867s][info][gc,metaspace   ] GC(1156) Metaspace: 78335K(79616K)->78335K(79616K) NonClass: 68769K(69312K)->68769K(69312K) Class: 9565K(10304K)->9565K(10304K)
[3087.867s][info][gc             ] GC(1156) Pause Young (System.gc()) 497M->133M(4083M) 1.519ms
[3087.867s][info][gc,cpu         ] GC(1156) User=0.00s Sys=0.00s Real=0.00s
[3087.867s][info][gc,start       ] GC(1157) Pause Full (System.gc())
[3087.867s][info][gc,phases,start] GC(1157) Marking Phase
[3087.895s][info][gc,phases      ] GC(1157) Marking Phase 28.202ms
[3087.895s][info][gc,phases,start] GC(1157) Summary Phase
[3087.895s][info][gc,phases      ] GC(1157) Summary Phase 0.012ms
[3087.895s][info][gc,phases,start] GC(1157) Adjust Roots
[3087.906s][info][gc,phases      ] GC(1157) Adjust Roots 10.817ms
[3087.906s][info][gc,phases,start] GC(1157) Compaction Phase
[3087.917s][info][gc,phases      ] GC(1157) Compaction Phase 11.346ms
[3087.917s][info][gc,phases,start] GC(1157) Post Compact
[3087.918s][info][gc,phases      ] GC(1157) Post Compact 1.063ms
[3087.918s][info][gc,heap        ] GC(1157) PSYoungGen: 559K(1384448K)->0K(1384448K) Eden: 0K(1371648K)->0K(1371648K) From: 559K(12800K)->0K(12800K)
[3087.918s][info][gc,heap        ] GC(1157) ParOldGen: 135715K(2796544K)->78680K(2796544K)
[3087.918s][info][gc,metaspace   ] GC(1157) Metaspace: 78335K(79616K)->78335K(79616K) NonClass: 68769K(69312K)->68769K(69312K) Class: 9565K(10304K)->9565K(10304K)
[3087.918s][info][gc             ] GC(1157) Pause Full (System.gc()) 133M->76M(4083M) 51.796ms
[3087.919s][info][gc,cpu         ] GC(1157) User=0.16s Sys=0.02s Real=0.05s
[3091.186s][info][gc,start       ] GC(1158) Pause Young (Allocation Failure)
[3091.188s][info][gc,heap        ] GC(1158) PSYoungGen: 1371648K(1384448K)->5200K(1384960K) Eden: 1371648K(1371648K)->0K(1371648K) From: 0K(12800K)->5200K(13312K)
[3091.188s][info][gc,heap        ] GC(1158) ParOldGen: 78680K(2796544K)->78680K(2796544K)
[3091.188s][info][gc,metaspace   ] GC(1158) Metaspace: 78335K(79616K)->78335K(79616K) NonClass: 68769K(69312K)->68769K(69312K) Class: 9565K(10304K)->9565K(10304K)
[3091.188s][info][gc             ] GC(1158) Pause Young (Allocation Failure) 1416M->81M(4083M) 2.252ms
[3091.188s][info][gc,cpu         ] GC(1158) User=0.00s Sys=0.00s Real=0.00s
[3093.917s][info][gc,start       ] GC(1159) Pause Young (Allocation Failure)
[3093.920s][info][gc,heap        ] GC(1159) PSYoungGen: 1376827K(1384960K)->10375K(1382400K) Eden: 1371626K(1371648K)->0K(1371648K) From: 5200K(13312K)->10375K(10752K)
[3093.920s][info][gc,heap        ] GC(1159) ParOldGen: 78680K(2796544K)->82659K(2796544K)
[3093.920s][info][gc,metaspace   ] GC(1159) Metaspace: 78335K(79616K)->78335K(79616K) NonClass: 68769K(69312K)->68769K(69312K) Class: 9565K(10304K)->9565K(10304K)
[3093.920s][info][gc             ] GC(1159) Pause Young (Allocation Failure) 1421M->90M(4081M) 3.240ms
[3093.920s][info][gc,cpu         ] GC(1159) User=0.02s Sys=0.00s Real=0.00s
[3097.864s][info][gc,start       ] GC(1160) Pause Young (Allocation Failure)
[3097.867s][info][gc,heap        ] GC(1160) PSYoungGen: 1382023K(1382400K)->4779K(1384448K) Eden: 1371648K(1371648K)->0K(1370624K) From: 10375K(10752K)->4779K(13824K)
[3097.867s][info][gc,heap        ] GC(1160) ParOldGen: 82659K(2796544K)->85279K(2796544K)
[3097.867s][info][gc,metaspace   ] GC(1160) Metaspace: 78335K(79616K)->78335K(79616K) NonClass: 68769K(69312K)->68769K(69312K) Class: 9565K(10304K)->9565K(10304K)
[3097.867s][info][gc             ] GC(1160) Pause Young (Allocation Failure) 1430M->87M(4083M) 2.625ms
[3097.867s][info][gc,cpu         ] GC(1160) User=0.00s Sys=0.00s Real=0.00s
[3100.295s][info][gc,start       ] GC(1161) Pause Young (Allocation Failure)
[3100.298s][info][gc,heap        ] GC(1161) PSYoungGen: 1375403K(1384448K)->5938K(1383936K) Eden: 1370624K(1370624K)->0K(1370624K) From: 4779K(13824K)->5938K(13312K)
[3100.298s][info][gc,heap        ] GC(1161) ParOldGen: 85279K(2796544K)->88359K(2796544K)
[3100.298s][info][gc,metaspace   ] GC(1161) Metaspace: 78335K(79616K)->78335K(79616K) NonClass: 68769K(69312K)->68769K(69312K) Class: 9565K(10304K)->9565K(10304K)
[3100.298s][info][gc             ] GC(1161) Pause Young (Allocation Failure) 1426M->92M(4082M) 3.010ms
[3100.298s][info][gc,cpu         ] GC(1161) User=0.00s Sys=0.00s Real=0.01s
[3104.825s][info][gc,start       ] GC(1162) Pause Young (Allocation Failure)
[3104.829s][info][gc,heap        ] GC(1162) PSYoungGen: 1376349K(1383936K)->4327K(1385472K) Eden: 1370411K(1370624K)->0K(1372672K) From: 5938K(13312K)->4327K(12800K)
[3104.829s][info][gc,heap        ] GC(1162) ParOldGen: 88359K(2796544K)->92610K(2796544K)
[3104.829s][info][gc,metaspace   ] GC(1162) Metaspace: 78335K(79616K)->78335K(79616K) NonClass: 68769K(69312K)->68769K(69312K) Class: 9565K(10304K)->9565K(10304K)
[3104.829s][info][gc             ] GC(1162) Pause Young (Allocation Failure) 1430M->94M(4084M) 3.710ms
[3104.829s][info][gc,cpu         ] GC(1162) User=0.00s Sys=0.00s Real=0.00s
[3107.008s][info][gc,start       ] GC(1163) Pause Young (Allocation Failure)
[3107.011s][info][gc,heap        ] GC(1163) PSYoungGen: 1376999K(1385472K)->7082K(1384960K) Eden: 1372672K(1372672K)->0K(1372672K) From: 4327K(12800K)->7082K(12288K)
[3107.011s][info][gc,heap        ] GC(1163) ParOldGen: 92610K(2796544K)->95507K(2796544K)
[3107.011s][info][gc,metaspace   ] GC(1163) Metaspace: 78335K(79616K)->78335K(79616K) NonClass: 68769K(69312K)->68769K(69312K) Class: 9565K(10304K)->9565K(10304K)
[3107.011s][info][gc             ] GC(1163) Pause Young (Allocation Failure) 1435M->100M(4083M) 3.218ms
[3107.011s][info][gc,cpu         ] GC(1163) User=0.03s Sys=0.02s Real=0.01s
[3111.108s][info][gc,start       ] GC(1164) Pause Young (Allocation Failure)
[3111.113s][info][gc,heap        ] GC(1164) PSYoungGen: 1379754K(1384960K)->9082K(1384448K) Eden: 1372672K(1372672K)->0K(1372160K) From: 7082K(12288K)->9082K(12288K)
[3111.113s][info][gc,heap        ] GC(1164) ParOldGen: 95507K(2796544K)->100166K(2796544K)
[3111.113s][info][gc,metaspace   ] GC(1164) Metaspace: 78335K(79616K)->78335K(79616K) NonClass: 68769K(69312K)->68769K(69312K) Class: 9565K(10304K)->9565K(10304K)
[3111.113s][info][gc             ] GC(1164) Pause Young (Allocation Failure) 1440M->106M(4083M) 4.864ms
[3111.113s][info][gc,cpu         ] GC(1164) User=0.00s Sys=0.00s Real=0.00s
[3114.229s][info][gc,start       ] GC(1165) Pause Young (Allocation Failure)
[3114.232s][info][gc,heap        ] GC(1165) PSYoungGen: 1381242K(1384448K)->5431K(1384960K) Eden: 1372160K(1372160K)->0K(1372160K) From: 9082K(12288K)->5431K(12800K)
[3114.232s][info][gc,heap        ] GC(1165) ParOldGen: 100166K(2796544K)->103990K(2796544K)
[3114.232s][info][gc,metaspace   ] GC(1165) Metaspace: 78335K(79616K)->78335K(79616K) NonClass: 68769K(69312K)->68769K(69312K) Class: 9565K(10304K)->9565K(10304K)
[3114.232s][info][gc             ] GC(1165) Pause Young (Allocation Failure) 1446M->106M(4083M) 2.945ms
[3114.232s][info][gc,cpu         ] GC(1165) User=0.09s Sys=0.00s Real=0.00s
[3116.384s][info][gc,start       ] GC(1166) Pause Young (Allocation Failure)
[3116.388s][info][gc,heap        ] GC(1166) PSYoungGen: 1377591K(1384960K)->6620K(1385984K) Eden: 1372160K(1372160K)->0K(1373696K) From: 5431K(12800K)->6620K(12288K)
[3116.388s][info][gc,heap        ] GC(1166) ParOldGen: 103990K(2796544K)->108040K(2796544K)
[3116.388s][info][gc,metaspace   ] GC(1166) Metaspace: 78335K(79616K)->78335K(79616K) NonClass: 68769K(69312K)->68769K(69312K) Class: 9565K(10304K)->9565K(10304K)
[3116.388s][info][gc             ] GC(1166) Pause Young (Allocation Failure) 1446M->111M(4084M) 4.115ms
[3116.388s][info][gc,cpu         ] GC(1166) User=0.08s Sys=0.00s Real=0.00s
[3118.831s][info][gc,start       ] GC(1167) Pause Young (Allocation Failure)
[3118.835s][info][gc,heap        ] GC(1167) PSYoungGen: 1380316K(1385984K)->5824K(1385472K) Eden: 1373696K(1373696K)->0K(1373696K) From: 6620K(12288K)->5824K(11776K)
[3118.835s][info][gc,heap        ] GC(1167) ParOldGen: 108040K(2796544K)->113013K(2796544K)
[3118.835s][info][gc,metaspace   ] GC(1167) Metaspace: 78335K(79616K)->78335K(79616K) NonClass: 68769K(69312K)->68769K(69312K) Class: 9565K(10304K)->9565K(10304K)
[3118.835s][info][gc             ] GC(1167) Pause Young (Allocation Failure) 1453M->116M(4084M) 3.554ms
[3118.835s][info][gc,cpu         ] GC(1167) User=0.00s Sys=0.00s Real=0.01s
[3121.579s][info][gc,start       ] GC(1168) Pause Young (Allocation Failure)
[3121.582s][info][gc,heap        ] GC(1168) PSYoungGen: 1378133K(1385472K)->6833K(1386496K) Eden: 1372308K(1373696K)->0K(1375232K) From: 5824K(11776K)->6833K(11264K)
[3121.582s][info][gc,heap        ] GC(1168) ParOldGen: 113013K(2796544K)->117633K(2796544K)
[3121.583s][info][gc,metaspace   ] GC(1168) Metaspace: 78335K(79616K)->78335K(79616K) NonClass: 68769K(69312K)->68769K(69312K) Class: 9565K(10304K)->9565K(10304K)
[3121.583s][info][gc             ] GC(1168) Pause Young (Allocation Failure) 1456M->121M(4085M) 3.762ms
[3121.583s][info][gc,cpu         ] GC(1168) User=0.00s Sys=0.00s Real=0.00s
[3124.927s][info][gc,start       ] GC(1169) Pause Young (Allocation Failure)
[3124.930s][info][gc,heap        ] GC(1169) PSYoungGen: 1382065K(1386496K)->5747K(1386496K) Eden: 1375232K(1375232K)->0K(1375232K) From: 6833K(11264K)->5747K(11264K)
[3124.930s][info][gc,heap        ] GC(1169) ParOldGen: 117633K(2796544K)->120245K(2796544K)
[3124.930s][info][gc,metaspace   ] GC(1169) Metaspace: 78335K(79616K)->78335K(79616K) NonClass: 68769K(69312K)->68769K(69312K) Class: 9565K(10304K)->9565K(10304K)
[3124.930s][info][gc             ] GC(1169) Pause Young (Allocation Failure) 1464M->123M(4085M) 3.167ms
[3124.930s][info][gc,cpu         ] GC(1169) User=0.00s Sys=0.00s Real=0.00s
[3125.303s][info][gc,start       ] GC(1170) Pause Young (System.gc())
[3125.305s][info][gc,heap        ] GC(1170) PSYoungGen: 374432K(1386496K)->655K(1385984K) Eden: 368685K(1375232K)->0K(1375232K) From: 5747K(11264K)->655K(10752K)
[3125.305s][info][gc,heap        ] GC(1170) ParOldGen: 120245K(2796544K)->122614K(2796544K)
[3125.305s][info][gc,metaspace   ] GC(1170) Metaspace: 78336K(79616K)->78336K(79616K) NonClass: 68770K(69312K)->68770K(69312K) Class: 9565K(10304K)->9565K(10304K)
[3125.305s][info][gc             ] GC(1170) Pause Young (System.gc()) 483M->120M(4084M) 1.530ms
[3125.305s][info][gc,cpu         ] GC(1170) User=0.00s Sys=0.00s Real=0.00s
[3125.305s][info][gc,start       ] GC(1171) Pause Full (System.gc())
[3125.305s][info][gc,phases,start] GC(1171) Marking Phase
[3125.335s][info][gc,phases      ] GC(1171) Marking Phase 29.788ms
[3125.335s][info][gc,phases,start] GC(1171) Summary Phase
[3125.335s][info][gc,phases      ] GC(1171) Summary Phase 0.011ms
[3125.335s][info][gc,phases,start] GC(1171) Adjust Roots
[3125.346s][info][gc,phases      ] GC(1171) Adjust Roots 11.104ms
[3125.346s][info][gc,phases,start] GC(1171) Compaction Phase
[3125.358s][info][gc,phases      ] GC(1171) Compaction Phase 12.261ms
[3125.358s][info][gc,phases,start] GC(1171) Post Compact
[3125.359s][info][gc,phases      ] GC(1171) Post Compact 1.036ms
[3125.359s][info][gc,heap        ] GC(1171) PSYoungGen: 655K(1385984K)->0K(1385984K) Eden: 0K(1375232K)->0K(1375232K) From: 655K(10752K)->0K(10752K)
[3125.359s][info][gc,heap        ] GC(1171) ParOldGen: 122614K(2796544K)->78763K(2796544K)
[3125.359s][info][gc,metaspace   ] GC(1171) Metaspace: 78336K(79616K)->78336K(79616K) NonClass: 68770K(69312K)->68770K(69312K) Class: 9565K(10304K)->9565K(10304K)
[3125.359s][info][gc             ] GC(1171) Pause Full (System.gc()) 120M->76M(4084M) 54.493ms
[3125.360s][info][gc,cpu         ] GC(1171) User=0.22s Sys=0.00s Real=0.05s
[3128.645s][info][gc,start       ] GC(1172) Pause Young (Allocation Failure)
[3128.647s][info][gc,heap        ] GC(1172) PSYoungGen: 1375232K(1385984K)->5102K(1386496K) Eden: 1375232K(1375232K)->0K(1375232K) From: 0K(10752K)->5102K(11264K)
[3128.647s][info][gc,heap        ] GC(1172) ParOldGen: 78763K(2796544K)->78763K(2796544K)
[3128.647s][info][gc,metaspace   ] GC(1172) Metaspace: 78336K(79616K)->78336K(79616K) NonClass: 68770K(69312K)->68770K(69312K) Class: 9565K(10304K)->9565K(10304K)
[3128.647s][info][gc             ] GC(1172) Pause Young (Allocation Failure) 1419M->81M(4085M) 2.420ms
[3128.647s][info][gc,cpu         ] GC(1172) User=0.00s Sys=0.00s Real=0.00s
[3131.380s][info][gc,start       ] GC(1173) Pause Young (Allocation Failure)
[3131.383s][info][gc,heap        ] GC(1173) PSYoungGen: 1379100K(1386496K)->10512K(1383936K) Eden: 1373998K(1375232K)->0K(1373184K) From: 5102K(11264K)->10512K(10752K)
[3131.383s][info][gc,heap        ] GC(1173) ParOldGen: 78763K(2796544K)->86859K(2796544K)
[3131.383s][info][gc,metaspace   ] GC(1173) Metaspace: 78336K(79616K)->78336K(79616K) NonClass: 68770K(69312K)->68770K(69312K) Class: 9565K(10304K)->9565K(10304K)
[3131.383s][info][gc             ] GC(1173) Pause Young (Allocation Failure) 1423M->95M(4082M) 3.829ms
[3131.383s][info][gc,cpu         ] GC(1173) User=0.00s Sys=0.00s Real=0.00s
[3135.347s][info][gc,start       ] GC(1174) Pause Young (Allocation Failure)
[3135.350s][info][gc,heap        ] GC(1174) PSYoungGen: 1383696K(1383936K)->5124K(1385472K) Eden: 1373184K(1373184K)->0K(1373184K) From: 10512K(10752K)->5124K(12288K)
[3135.350s][info][gc,heap        ] GC(1174) ParOldGen: 86859K(2796544K)->89512K(2796544K)
[3135.350s][info][gc,metaspace   ] GC(1174) Metaspace: 78336K(79616K)->78336K(79616K) NonClass: 68770K(69312K)->68770K(69312K) Class: 9565K(10304K)->9565K(10304K)
[3135.350s][info][gc             ] GC(1174) Pause Young (Allocation Failure) 1436M->92M(4084M) 3.018ms
[3135.350s][info][gc,cpu         ] GC(1174) User=0.00s Sys=0.00s Real=0.00s
[3137.773s][info][gc,start       ] GC(1175) Pause Young (Allocation Failure)
[3137.777s][info][gc,heap        ] GC(1175) PSYoungGen: 1378308K(1385472K)->6125K(1386496K) Eden: 1373184K(1373184K)->0K(1374720K) From: 5124K(12288K)->6125K(11776K)
[3137.777s][info][gc,heap        ] GC(1175) ParOldGen: 89512K(2796544K)->92569K(2796544K)
[3137.777s][info][gc,metaspace   ] GC(1175) Metaspace: 78336K(79616K)->78336K(79616K) NonClass: 68770K(69312K)->68770K(69312K) Class: 9565K(10304K)->9565K(10304K)
[3137.777s][info][gc             ] GC(1175) Pause Young (Allocation Failure) 1433M->96M(4085M) 3.431ms
[3137.777s][info][gc,cpu         ] GC(1175) User=0.02s Sys=0.00s Real=0.00s
[3142.327s][info][gc,start       ] GC(1176) Pause Young (Allocation Failure)
[3142.331s][info][gc,heap        ] GC(1176) PSYoungGen: 1380845K(1386496K)->5214K(1385984K) Eden: 1374720K(1374720K)->0K(1374720K) From: 6125K(11776K)->5214K(11264K)
[3142.331s][info][gc,heap        ] GC(1176) ParOldGen: 92569K(2796544K)->96828K(2796544K)
[3142.331s][info][gc,metaspace   ] GC(1176) Metaspace: 78336K(79616K)->78336K(79616K) NonClass: 68770K(69312K)->68770K(69312K) Class: 9565K(10304K)->9565K(10304K)
[3142.331s][info][gc             ] GC(1176) Pause Young (Allocation Failure) 1438M->99M(4084M) 3.592ms
[3142.331s][info][gc,cpu         ] GC(1176) User=0.00s Sys=0.00s Real=0.00s
[3144.526s][info][gc,start       ] GC(1177) Pause Young (Allocation Failure)
[3144.529s][info][gc,heap        ] GC(1177) PSYoungGen: 1378462K(1385984K)->6184K(1387008K) Eden: 1373248K(1374720K)->0K(1376256K) From: 5214K(11264K)->6184K(10752K)
[3144.529s][info][gc,heap        ] GC(1177) ParOldGen: 96828K(2796544K)->99774K(2796544K)
[3144.529s][info][gc,metaspace   ] GC(1177) Metaspace: 78336K(79616K)->78336K(79616K) NonClass: 68770K(69312K)->68770K(69312K) Class: 9565K(10304K)->9565K(10304K)
[3144.529s][info][gc             ] GC(1177) Pause Young (Allocation Failure) 1440M->103M(4085M) 2.805ms
[3144.529s][info][gc,cpu         ] GC(1177) User=0.09s Sys=0.00s Real=0.00s
[3148.761s][info][gc,start       ] GC(1178) Pause Young (Allocation Failure)
[3148.764s][info][gc,heap        ] GC(1178) PSYoungGen: 1382440K(1387008K)->5642K(1387008K) Eden: 1376256K(1376256K)->0K(1376256K) From: 6184K(10752K)->5642K(10752K)
[3148.764s][info][gc,heap        ] GC(1178) ParOldGen: 99774K(2796544K)->104448K(2796544K)
[3148.764s][info][gc,metaspace   ] GC(1178) Metaspace: 78336K(79616K)->78336K(79616K) NonClass: 68770K(69312K)->68770K(69312K) Class: 9565K(10304K)->9565K(10304K)
[3148.764s][info][gc             ] GC(1178) Pause Young (Allocation Failure) 1447M->107M(4085M) 3.329ms
[3148.764s][info][gc,cpu         ] GC(1178) User=0.09s Sys=0.00s Real=0.00s
[3151.702s][info][gc,start       ] GC(1179) Pause Young (Allocation Failure)
[3151.705s][info][gc,heap        ] GC(1179) PSYoungGen: 1381898K(1387008K)->5494K(1388032K) Eden: 1376256K(1376256K)->0K(1377792K) From: 5642K(10752K)->5494K(10240K)
[3151.705s][info][gc,heap        ] GC(1179) ParOldGen: 104448K(2796544K)->108363K(2796544K)
[3151.705s][info][gc,metaspace   ] GC(1179) Metaspace: 78336K(79616K)->78336K(79616K) NonClass: 68770K(69312K)->68770K(69312K) Class: 9565K(10304K)->9565K(10304K)
[3151.705s][info][gc             ] GC(1179) Pause Young (Allocation Failure) 1451M->111M(4086M) 2.884ms
[3151.705s][info][gc,cpu         ] GC(1179) User=0.00s Sys=0.00s Real=0.00s
[3154.018s][info][gc,start       ] GC(1180) Pause Young (Allocation Failure)
[3154.022s][info][gc,heap        ] GC(1180) PSYoungGen: 1382840K(1388032K)->5818K(1387520K) Eden: 1377345K(1377792K)->0K(1377792K) From: 5494K(10240K)->5818K(9728K)
[3154.022s][info][gc,heap        ] GC(1180) ParOldGen: 108363K(2796544K)->112553K(2796544K)
[3154.022s][info][gc,metaspace   ] GC(1180) Metaspace: 78336K(79616K)->78336K(79616K) NonClass: 68770K(69312K)->68770K(69312K) Class: 9565K(10304K)->9565K(10304K)
[3154.022s][info][gc             ] GC(1180) Pause Young (Allocation Failure) 1456M->115M(4086M) 3.360ms
[3154.022s][info][gc,cpu         ] GC(1180) User=0.00s Sys=0.00s Real=0.00s
[3156.330s][info][gc,start       ] GC(1181) Pause Young (Allocation Failure)
[3156.333s][info][gc,heap        ] GC(1181) PSYoungGen: 1383610K(1387520K)->5908K(1388544K) Eden: 1377792K(1377792K)->0K(1378816K) From: 5818K(9728K)->5908K(9728K)
[3156.333s][info][gc,heap        ] GC(1181) ParOldGen: 112553K(2796544K)->117530K(2796544K)
[3156.333s][info][gc,metaspace   ] GC(1181) Metaspace: 78336K(79616K)->78336K(79616K) NonClass: 68770K(69312K)->68770K(69312K) Class: 9565K(10304K)->9565K(10304K)
[3156.333s][info][gc             ] GC(1181) Pause Young (Allocation Failure) 1461M->120M(4087M) 3.503ms
[3156.333s][info][gc,cpu         ] GC(1181) User=0.00s Sys=0.00s Real=0.01s
[3159.025s][info][gc,start       ] GC(1182) Pause Young (Allocation Failure)
[3159.029s][info][gc,heap        ] GC(1182) PSYoungGen: 1383890K(1388544K)->5564K(1388032K) Eden: 1377981K(1378816K)->0K(1378816K) From: 5908K(9728K)->5564K(9216K)
[3159.029s][info][gc,heap        ] GC(1182) ParOldGen: 117530K(2796544K)->122068K(2796544K)
[3159.029s][info][gc,metaspace   ] GC(1182) Metaspace: 78336K(79616K)->78336K(79616K) NonClass: 68770K(69312K)->68770K(69312K) Class: 9565K(10304K)->9565K(10304K)
[3159.029s][info][gc             ] GC(1182) Pause Young (Allocation Failure) 1466M->124M(4086M) 3.870ms
[3159.029s][info][gc,cpu         ] GC(1182) User=0.08s Sys=0.00s Real=0.00s
[3162.427s][info][gc,start       ] GC(1183) Pause Young (Allocation Failure)
[3162.430s][info][gc,heap        ] GC(1183) PSYoungGen: 1384380K(1388032K)->6501K(1389056K) Eden: 1378816K(1378816K)->0K(1380352K) From: 5564K(9216K)->6501K(8704K)
[3162.430s][info][gc,heap        ] GC(1183) ParOldGen: 122068K(2796544K)->124678K(2796544K)
[3162.430s][info][gc,metaspace   ] GC(1183) Metaspace: 78336K(79616K)->78336K(79616K) NonClass: 68770K(69312K)->68770K(69312K) Class: 9565K(10304K)->9565K(10304K)
[3162.430s][info][gc             ] GC(1183) Pause Young (Allocation Failure) 1471M->128M(4087M) 3.703ms
[3162.430s][info][gc,cpu         ] GC(1183) User=0.00s Sys=0.00s Real=0.01s
[3162.702s][info][gc,start       ] GC(1184) Pause Young (System.gc())
[3162.704s][info][gc,heap        ] GC(1184) PSYoungGen: 306674K(1389056K)->512K(1381376K) Eden: 300172K(1380352K)->0K(1380352K) From: 6501K(8704K)->512K(1024K)
[3162.704s][info][gc,heap        ] GC(1184) ParOldGen: 124678K(2796544K)->126989K(2796544K)
[3162.704s][info][gc,metaspace   ] GC(1184) Metaspace: 78336K(79616K)->78336K(79616K) NonClass: 68770K(69312K)->68770K(69312K) Class: 9565K(10304K)->9565K(10304K)
[3162.704s][info][gc             ] GC(1184) Pause Young (System.gc()) 421M->124M(4080M) 1.440ms
[3162.704s][info][gc,cpu         ] GC(1184) User=0.00s Sys=0.00s Real=0.00s
[3162.704s][info][gc,start       ] GC(1185) Pause Full (System.gc())
[3162.704s][info][gc,phases,start] GC(1185) Marking Phase
[3162.730s][info][gc,phases      ] GC(1185) Marking Phase 26.066ms
[3162.730s][info][gc,phases,start] GC(1185) Summary Phase
[3162.730s][info][gc,phases      ] GC(1185) Summary Phase 0.011ms
[3162.730s][info][gc,phases,start] GC(1185) Adjust Roots
[3162.741s][info][gc,phases      ] GC(1185) Adjust Roots 11.170ms
[3162.741s][info][gc,phases,start] GC(1185) Compaction Phase
[3162.753s][info][gc,phases      ] GC(1185) Compaction Phase 11.332ms
[3162.753s][info][gc,phases,start] GC(1185) Post Compact
[3162.754s][info][gc,phases      ] GC(1185) Post Compact 1.058ms
[3162.754s][info][gc,heap        ] GC(1185) PSYoungGen: 512K(1381376K)->0K(1381376K) Eden: 0K(1380352K)->0K(1380352K) From: 512K(1024K)->0K(1024K)
[3162.754s][info][gc,heap        ] GC(1185) ParOldGen: 126989K(2796544K)->78308K(2796544K)
[3162.754s][info][gc,metaspace   ] GC(1185) Metaspace: 78336K(79616K)->78336K(79616K) NonClass: 68770K(69312K)->68770K(69312K) Class: 9565K(10304K)->9565K(10304K)
[3162.754s][info][gc             ] GC(1185) Pause Full (System.gc()) 124M->76M(4080M) 49.948ms
[3162.754s][info][gc,cpu         ] GC(1185) User=0.17s Sys=0.00s Real=0.05s
[3166.038s][info][gc,start       ] GC(1186) Pause Young (Allocation Failure)
[3166.039s][info][gc,heap        ] GC(1186) PSYoungGen: 1380352K(1381376K)->5123K(1388544K) Eden: 1380352K(1380352K)->0K(1378816K) From: 0K(1024K)->5123K(9728K)
[3166.040s][info][gc,heap        ] GC(1186) ParOldGen: 78308K(2796544K)->78308K(2796544K)
[3166.040s][info][gc,metaspace   ] GC(1186) Metaspace: 78336K(79616K)->78336K(79616K) NonClass: 68770K(69312K)->68770K(69312K) Class: 9565K(10304K)->9565K(10304K)
[3166.040s][info][gc             ] GC(1186) Pause Young (Allocation Failure) 1424M->81M(4087M) 1.907ms
[3166.040s][info][gc,cpu         ] GC(1186) User=0.00s Sys=0.00s Real=0.00s
[3168.800s][info][gc,start       ] GC(1187) Pause Young (Allocation Failure)
[3168.805s][info][gc,heap        ] GC(1187) PSYoungGen: 1380417K(1388544K)->9196K(1388032K) Eden: 1375294K(1378816K)->0K(1378816K) From: 5123K(9728K)->9196K(9216K)
[3168.805s][info][gc,heap        ] GC(1187) ParOldGen: 78308K(2796544K)->95692K(2796544K)
[3168.805s][info][gc,metaspace   ] GC(1187) Metaspace: 78336K(79616K)->78336K(79616K) NonClass: 68770K(69312K)->68770K(69312K) Class: 9565K(10304K)->9565K(10304K)
[3168.805s][info][gc             ] GC(1187) Pause Young (Allocation Failure) 1424M->102M(4086M) 4.723ms
[3168.805s][info][gc,cpu         ] GC(1187) User=0.00s Sys=0.00s Real=0.00s
[3172.853s][info][gc,start       ] GC(1188) Pause Young (Allocation Failure)
[3172.855s][info][gc,heap        ] GC(1188) PSYoungGen: 1385221K(1388032K)->4169K(1374720K) Eden: 1376025K(1378816K)->0K(1364992K) From: 9196K(9216K)->4169K(9728K)
[3172.855s][info][gc,heap        ] GC(1188) ParOldGen: 95692K(2796544K)->98586K(2796544K)
[3172.855s][info][gc,metaspace   ] GC(1188) Metaspace: 78336K(79616K)->78336K(79616K) NonClass: 68770K(69312K)->68770K(69312K) Class: 9565K(10304K)->9565K(10304K)
[3172.855s][info][gc             ] GC(1188) Pause Young (Allocation Failure) 1446M->100M(4073M) 2.034ms
[3172.855s][info][gc,cpu         ] GC(1188) User=0.00s Sys=0.00s Real=0.00s
[3175.203s][info][gc,start       ] GC(1189) Pause Young (Allocation Failure)
[3175.206s][info][gc,heap        ] GC(1189) PSYoungGen: 1369117K(1374720K)->5974K(1381376K) Eden: 1364947K(1364992K)->0K(1364992K) From: 4169K(9728K)->5974K(16384K)
[3175.206s][info][gc,heap        ] GC(1189) ParOldGen: 98586K(2796544K)->101728K(2796544K)
[3175.206s][info][gc,metaspace   ] GC(1189) Metaspace: 78336K(79616K)->78336K(79616K) NonClass: 68770K(69312K)->68770K(69312K) Class: 9565K(10304K)->9565K(10304K)
[3175.206s][info][gc             ] GC(1189) Pause Young (Allocation Failure) 1433M->105M(4080M) 3.716ms
[3175.206s][info][gc,cpu         ] GC(1189) User=0.00s Sys=0.00s Real=0.00s
[3179.721s][info][gc,start       ] GC(1190) Pause Young (Allocation Failure)
[3179.724s][info][gc,heap        ] GC(1190) PSYoungGen: 1367818K(1381376K)->4076K(1382400K) Eden: 1361844K(1364992K)->0K(1366528K) From: 5974K(16384K)->4076K(15872K)
[3179.724s][info][gc,heap        ] GC(1190) ParOldGen: 101728K(2796544K)->106070K(2796544K)
[3179.724s][info][gc,metaspace   ] GC(1190) Metaspace: 78336K(79616K)->78336K(79616K) NonClass: 68770K(69312K)->68770K(69312K) Class: 9565K(10304K)->9565K(10304K)
[3179.724s][info][gc             ] GC(1190) Pause Young (Allocation Failure) 1435M->107M(4081M) 2.786ms
[3179.724s][info][gc,cpu         ] GC(1190) User=0.00s Sys=0.00s Real=0.01s
[3181.860s][info][gc,start       ] GC(1191) Pause Young (Allocation Failure)
[3181.862s][info][gc,heap        ] GC(1191) PSYoungGen: 1370604K(1382400K)->6354K(1381888K) Eden: 1366528K(1366528K)->0K(1366528K) From: 4076K(15872K)->6354K(15360K)
[3181.862s][info][gc,heap        ] GC(1191) ParOldGen: 106070K(2796544K)->109005K(2796544K)
[3181.862s][info][gc,metaspace   ] GC(1191) Metaspace: 78336K(79616K)->78336K(79616K) NonClass: 68770K(69312K)->68770K(69312K) Class: 9565K(10304K)->9565K(10304K)
[3181.863s][info][gc             ] GC(1191) Pause Young (Allocation Failure) 1442M->112M(4080M) 2.981ms
[3181.863s][info][gc,cpu         ] GC(1191) User=0.00s Sys=0.00s Real=0.00s
[3186.012s][info][gc,start       ] GC(1192) Pause Young (Allocation Failure)
[3186.017s][info][gc,heap        ] GC(1192) PSYoungGen: 1372882K(1381888K)->7360K(1383936K) Eden: 1366528K(1366528K)->0K(1369600K) From: 6354K(15360K)->7360K(14336K)
[3186.017s][info][gc,heap        ] GC(1192) ParOldGen: 109005K(2796544K)->113643K(2796544K)
[3186.017s][info][gc,metaspace   ] GC(1192) Metaspace: 78336K(79616K)->78336K(79616K) NonClass: 68770K(69312K)->68770K(69312K) Class: 9565K(10304K)->9565K(10304K)
[3186.017s][info][gc             ] GC(1192) Pause Young (Allocation Failure) 1447M->118M(4082M) 4.602ms
[3186.017s][info][gc,cpu         ] GC(1192) User=0.00s Sys=0.00s Real=0.00s
[3188.958s][info][gc,start       ] GC(1193) Pause Young (Allocation Failure)
[3188.961s][info][gc,heap        ] GC(1193) PSYoungGen: 1376960K(1383936K)->5565K(1383424K) Eden: 1369600K(1369600K)->0K(1369600K) From: 7360K(14336K)->5565K(13824K)
[3188.961s][info][gc,heap        ] GC(1193) ParOldGen: 113643K(2796544K)->117438K(2796544K)
[3188.961s][info][gc,metaspace   ] GC(1193) Metaspace: 78336K(79616K)->78336K(79616K) NonClass: 68770K(69312K)->68770K(69312K) Class: 9565K(10304K)->9565K(10304K)
[3188.961s][info][gc             ] GC(1193) Pause Young (Allocation Failure) 1455M->120M(4082M) 2.870ms
[3188.961s][info][gc,cpu         ] GC(1193) User=0.00s Sys=0.00s Real=0.00s
[3191.197s][info][gc,start       ] GC(1194) Pause Young (Allocation Failure)
[3191.201s][info][gc,heap        ] GC(1194) PSYoungGen: 1375165K(1383424K)->5896K(1384960K) Eden: 1369600K(1369600K)->0K(1371648K) From: 5565K(13824K)->5896K(13312K)
[3191.201s][info][gc,heap        ] GC(1194) ParOldGen: 117438K(2796544K)->121499K(2796544K)
[3191.201s][info][gc,metaspace   ] GC(1194) Metaspace: 78336K(79616K)->78336K(79616K) NonClass: 68770K(69312K)->68770K(69312K) Class: 9565K(10304K)->9565K(10304K)
[3191.201s][info][gc             ] GC(1194) Pause Young (Allocation Failure) 1457M->124M(4083M) 3.162ms
[3191.201s][info][gc,cpu         ] GC(1194) User=0.09s Sys=0.00s Real=0.01s
[3193.621s][info][gc,start       ] GC(1195) Pause Young (Allocation Failure)
[3193.625s][info][gc,heap        ] GC(1195) PSYoungGen: 1377544K(1384960K)->5780K(1384448K) Eden: 1371648K(1371648K)->0K(1371648K) From: 5896K(13312K)->5780K(12800K)
[3193.625s][info][gc,heap        ] GC(1195) ParOldGen: 121499K(2796544K)->126483K(2796544K)
[3193.625s][info][gc,metaspace   ] GC(1195) Metaspace: 78336K(79616K)->78336K(79616K) NonClass: 68770K(69312K)->68770K(69312K) Class: 9565K(10304K)->9565K(10304K)
[3193.625s][info][gc             ] GC(1195) Pause Young (Allocation Failure) 1463M->129M(4083M) 3.653ms
[3193.625s][info][gc,cpu         ] GC(1195) User=0.00s Sys=0.00s Real=0.00s
[3196.356s][info][gc,start       ] GC(1196) Pause Young (Allocation Failure)
[3196.361s][info][gc,heap        ] GC(1196) PSYoungGen: 1373420K(1384448K)->11349K(1382400K) Eden: 1367640K(1371648K)->0K(1370112K) From: 5780K(12800K)->11349K(12288K)
[3196.361s][info][gc,heap        ] GC(1196) ParOldGen: 126483K(2796544K)->135179K(2796544K)
[3196.361s][info][gc,metaspace   ] GC(1196) Metaspace: 78336K(79616K)->78336K(79616K) NonClass: 68770K(69312K)->68770K(69312K) Class: 9565K(10304K)->9565K(10304K)
[3196.361s][info][gc             ] GC(1196) Pause Young (Allocation Failure) 1464M->143M(4081M) 4.524ms
[3196.361s][info][gc,cpu         ] GC(1196) User=0.00s Sys=0.00s Real=0.00s
[3199.710s][info][gc,start       ] GC(1197) Pause Young (Allocation Failure)
[3199.713s][info][gc,heap        ] GC(1197) PSYoungGen: 1381461K(1382400K)->5599K(1383936K) Eden: 1370112K(1370112K)->0K(1370112K) From: 11349K(12288K)->5599K(13824K)
[3199.713s][info][gc,heap        ] GC(1197) ParOldGen: 135179K(2796544K)->137779K(2796544K)
[3199.713s][info][gc,metaspace   ] GC(1197) Metaspace: 78336K(79616K)->78336K(79616K) NonClass: 68770K(69312K)->68770K(69312K) Class: 9565K(10304K)->9565K(10304K)
[3199.713s][info][gc             ] GC(1197) Pause Young (Allocation Failure) 1481M->140M(4082M) 2.880ms
[3199.713s][info][gc,cpu         ] GC(1197) User=0.00s Sys=0.00s Real=0.00s
[3200.088s][info][gc,start       ] GC(1198) Pause Young (System.gc())
[3200.090s][info][gc,heap        ] GC(1198) PSYoungGen: 374676K(1383936K)->559K(1383424K) Eden: 369077K(1370112K)->0K(1370112K) From: 5599K(13824K)->559K(13312K)
[3200.090s][info][gc,heap        ] GC(1198) ParOldGen: 137779K(2796544K)->140098K(2796544K)
[3200.090s][info][gc,metaspace   ] GC(1198) Metaspace: 78336K(79616K)->78336K(79616K) NonClass: 68770K(69312K)->68770K(69312K) Class: 9565K(10304K)->9565K(10304K)
[3200.090s][info][gc             ] GC(1198) Pause Young (System.gc()) 500M->137M(4082M) 1.516ms
[3200.090s][info][gc,cpu         ] GC(1198) User=0.08s Sys=0.00s Real=0.00s
[3200.090s][info][gc,start       ] GC(1199) Pause Full (System.gc())
[3200.090s][info][gc,phases,start] GC(1199) Marking Phase
[3200.117s][info][gc,phases      ] GC(1199) Marking Phase 27.100ms
[3200.117s][info][gc,phases,start] GC(1199) Summary Phase
[3200.117s][info][gc,phases      ] GC(1199) Summary Phase 0.011ms
[3200.117s][info][gc,phases,start] GC(1199) Adjust Roots
[3200.129s][info][gc,phases      ] GC(1199) Adjust Roots 11.701ms
[3200.129s][info][gc,phases,start] GC(1199) Compaction Phase
[3200.140s][info][gc,phases      ] GC(1199) Compaction Phase 11.583ms
[3200.140s][info][gc,phases,start] GC(1199) Post Compact
[3200.142s][info][gc,phases      ] GC(1199) Post Compact 1.081ms
[3200.142s][info][gc,heap        ] GC(1199) PSYoungGen: 559K(1383424K)->0K(1383424K) Eden: 0K(1370112K)->0K(1370112K) From: 559K(13312K)->0K(13312K)
[3200.142s][info][gc,heap        ] GC(1199) ParOldGen: 140098K(2796544K)->78572K(2796544K)
[3200.142s][info][gc,metaspace   ] GC(1199) Metaspace: 78336K(79616K)->78336K(79616K) NonClass: 68770K(69312K)->68770K(69312K) Class: 9565K(10304K)->9565K(10304K)
[3200.142s][info][gc             ] GC(1199) Pause Full (System.gc()) 137M->76M(4082M) 51.795ms
[3200.142s][info][gc,cpu         ] GC(1199) User=0.12s Sys=0.00s Real=0.06s
[3203.372s][info][gc,start       ] GC(1200) Pause Young (Allocation Failure)
[3203.374s][info][gc,heap        ] GC(1200) PSYoungGen: 1370112K(1383424K)->4972K(1383936K) Eden: 1370112K(1370112K)->0K(1370112K) From: 0K(13312K)->4972K(13824K)
[3203.374s][info][gc,heap        ] GC(1200) ParOldGen: 78572K(2796544K)->78572K(2796544K)
[3203.374s][info][gc,metaspace   ] GC(1200) Metaspace: 78336K(79616K)->78336K(79616K) NonClass: 68770K(69312K)->68770K(69312K) Class: 9565K(10304K)->9565K(10304K)
[3203.374s][info][gc             ] GC(1200) Pause Young (Allocation Failure) 1414M->81M(4082M) 2.374ms
[3203.374s][info][gc,cpu         ] GC(1200) User=0.00s Sys=0.00s Real=0.01s
[3206.134s][info][gc,start       ] GC(1201) Pause Young (Allocation Failure)
[3206.140s][info][gc,heap        ] GC(1201) PSYoungGen: 1372956K(1383936K)->13304K(1368064K) Eden: 1367983K(1370112K)->0K(1354752K) From: 4972K(13824K)->13304K(13312K)
[3206.140s][info][gc,heap        ] GC(1201) ParOldGen: 78572K(2796544K)->95543K(2796544K)
[3206.140s][info][gc,metaspace   ] GC(1201) Metaspace: 78336K(79616K)->78336K(79616K) NonClass: 68770K(69312K)->68770K(69312K) Class: 9565K(10304K)->9565K(10304K)
[3206.140s][info][gc             ] GC(1201) Pause Young (Allocation Failure) 1417M->106M(4067M) 6.089ms
[3206.140s][info][gc,cpu         ] GC(1201) User=0.09s Sys=0.00s Real=0.01s
[3209.887s][info][gc,start       ] GC(1202) Pause Young (Allocation Failure)
[3209.889s][info][gc,heap        ] GC(1202) PSYoungGen: 1368056K(1368064K)->4825K(1376256K) Eden: 1354752K(1354752K)->0K(1354752K) From: 13304K(13312K)->4825K(21504K)
[3209.889s][info][gc,heap        ] GC(1202) ParOldGen: 95543K(2796544K)->98295K(2796544K)
[3209.889s][info][gc,metaspace   ] GC(1202) Metaspace: 78336K(79616K)->78336K(79616K) NonClass: 68770K(69312K)->68770K(69312K) Class: 9565K(10304K)->9565K(10304K)
[3209.889s][info][gc             ] GC(1202) Pause Young (Allocation Failure) 1429M->100M(4075M) 2.575ms
[3209.889s][info][gc,cpu         ] GC(1202) User=0.00s Sys=0.00s Real=0.00s
[3212.485s][info][gc,start       ] GC(1203) Pause Young (Allocation Failure)
[3212.488s][info][gc,heap        ] GC(1203) PSYoungGen: 1359577K(1376256K)->5908K(1377792K) Eden: 1354752K(1354752K)->0K(1356800K) From: 4825K(21504K)->5908K(20992K)
[3212.489s][info][gc,heap        ] GC(1203) ParOldGen: 98295K(2796544K)->101360K(2796544K)
[3212.489s][info][gc,metaspace   ] GC(1203) Metaspace: 78336K(79616K)->78336K(79616K) NonClass: 68770K(69312K)->68770K(69312K) Class: 9565K(10304K)->9565K(10304K)
[3212.489s][info][gc             ] GC(1203) Pause Young (Allocation Failure) 1423M->104M(4076M) 3.090ms
[3212.489s][info][gc,cpu         ] GC(1203) User=0.00s Sys=0.00s Real=0.01s
[3216.824s][info][gc,start       ] GC(1204) Pause Young (Allocation Failure)
[3216.826s][info][gc,heap        ] GC(1204) PSYoungGen: 1359296K(1377792K)->3894K(1376768K) Eden: 1353388K(1356800K)->0K(1356800K) From: 5908K(20992K)->3894K(19968K)
[3216.826s][info][gc,heap        ] GC(1204) ParOldGen: 101360K(2796544K)->105627K(2796544K)
[3216.826s][info][gc,metaspace   ] GC(1204) Metaspace: 78336K(79616K)->78336K(79616K) NonClass: 68770K(69312K)->68770K(69312K) Class: 9565K(10304K)->9565K(10304K)
[3216.827s][info][gc             ] GC(1204) Pause Young (Allocation Failure) 1426M->106M(4075M) 2.868ms
[3216.827s][info][gc,cpu         ] GC(1204) User=0.00s Sys=0.00s Real=0.01s
[3218.987s][info][gc,start       ] GC(1205) Pause Young (Allocation Failure)
[3218.990s][info][gc,heap        ] GC(1205) PSYoungGen: 1359866K(1376768K)->6060K(1379328K) Eden: 1355971K(1356800K)->0K(1359872K) From: 3894K(19968K)->6060K(19456K)
[3218.990s][info][gc,heap        ] GC(1205) ParOldGen: 105627K(2796544K)->108444K(2796544K)
[3218.990s][info][gc,metaspace   ] GC(1205) Metaspace: 78339K(79616K)->78339K(79616K) NonClass: 68773K(69312K)->68773K(69312K) Class: 9565K(10304K)->9565K(10304K)
[3218.990s][info][gc             ] GC(1205) Pause Young (Allocation Failure) 1431M->111M(4078M) 3.197ms
[3218.990s][info][gc,cpu         ] GC(1205) User=0.00s Sys=0.00s Real=0.00s
[3223.290s][info][gc,start       ] GC(1206) Pause Young (Allocation Failure)
[3223.294s][info][gc,heap        ] GC(1206) PSYoungGen: 1365932K(1379328K)->6017K(1378304K) Eden: 1359872K(1359872K)->0K(1359872K) From: 6060K(19456K)->6017K(18432K)
[3223.294s][info][gc,heap        ] GC(1206) ParOldGen: 108444K(2796544K)->113103K(2796544K)
[3223.294s][info][gc,metaspace   ] GC(1206) Metaspace: 78339K(79616K)->78339K(79616K) NonClass: 68773K(69312K)->68773K(69312K) Class: 9565K(10304K)->9565K(10304K)
[3223.294s][info][gc             ] GC(1206) Pause Young (Allocation Failure) 1439M->116M(4077M) 4.256ms
[3223.294s][info][gc,cpu         ] GC(1206) User=0.08s Sys=0.00s Real=0.00s
[3226.097s][info][gc,start       ] GC(1207) Pause Young (Allocation Failure)
[3226.101s][info][gc,heap        ] GC(1207) PSYoungGen: 1362563K(1378304K)->4808K(1380864K) Eden: 1356546K(1359872K)->0K(1362944K) From: 6017K(18432K)->4808K(17920K)
[3226.101s][info][gc,heap        ] GC(1207) ParOldGen: 113103K(2796544K)->117036K(2796544K)
[3226.101s][info][gc,metaspace   ] GC(1207) Metaspace: 78339K(79616K)->78339K(79616K) NonClass: 68773K(69312K)->68773K(69312K) Class: 9565K(10304K)->9565K(10304K)
[3226.101s][info][gc             ] GC(1207) Pause Young (Allocation Failure) 1441M->118M(4079M) 3.161ms
[3226.101s][info][gc,cpu         ] GC(1207) User=0.00s Sys=0.00s Real=0.01s
[3228.310s][info][gc,start       ] GC(1208) Pause Young (Allocation Failure)
[3228.314s][info][gc,heap        ] GC(1208) PSYoungGen: 1367752K(1380864K)->6751K(1379840K) Eden: 1362944K(1362944K)->0K(1362944K) From: 4808K(17920K)->6751K(16896K)
[3228.314s][info][gc,heap        ] GC(1208) ParOldGen: 117036K(2796544K)->120965K(2796544K)
[3228.314s][info][gc,metaspace   ] GC(1208) Metaspace: 78339K(79616K)->78339K(79616K) NonClass: 68773K(69312K)->68773K(69312K) Class: 9565K(10304K)->9565K(10304K)
[3228.314s][info][gc             ] GC(1208) Pause Young (Allocation Failure) 1449M->124M(4078M) 3.351ms
[3228.314s][info][gc,cpu         ] GC(1208) User=0.00s Sys=0.00s Real=0.00s
[3230.977s][info][gc,start       ] GC(1209) Pause Young (Allocation Failure)
[3230.980s][info][gc,heap        ] GC(1209) PSYoungGen: 1365985K(1379840K)->5834K(1382400K) Eden: 1359234K(1362944K)->0K(1366016K) From: 6751K(16896K)->5834K(16384K)
[3230.980s][info][gc,heap        ] GC(1209) ParOldGen: 120965K(2796544K)->126005K(2796544K)
[3230.980s][info][gc,metaspace   ] GC(1209) Metaspace: 78339K(79616K)->78339K(79616K) NonClass: 68773K(69312K)->68773K(69312K) Class: 9565K(10304K)->9565K(10304K)
[3230.980s][info][gc             ] GC(1209) Pause Young (Allocation Failure) 1452M->128M(4081M) 3.433ms
[3230.980s][info][gc,cpu         ] GC(1209) User=0.09s Sys=0.00s Real=0.01s
[3233.766s][info][gc,start       ] GC(1210) Pause Young (Allocation Failure)
[3233.769s][info][gc,heap        ] GC(1210) PSYoungGen: 1371850K(1382400K)->4907K(1381376K) Eden: 1366016K(1366016K)->0K(1366016K) From: 5834K(16384K)->4907K(15360K)
[3233.769s][info][gc,heap        ] GC(1210) ParOldGen: 126005K(2796544K)->130663K(2796544K)
[3233.769s][info][gc,metaspace   ] GC(1210) Metaspace: 78339K(79616K)->78339K(79616K) NonClass: 68773K(69312K)->68773K(69312K) Class: 9565K(10304K)->9565K(10304K)
[3233.769s][info][gc             ] GC(1210) Pause Young (Allocation Failure) 1462M->132M(4080M) 3.024ms
[3233.769s][info][gc,cpu         ] GC(1210) User=0.00s Sys=0.00s Real=0.01s
[3237.034s][info][gc,start       ] GC(1211) Pause Young (Allocation Failure)
[3237.039s][info][gc,heap        ] GC(1211) PSYoungGen: 1370923K(1381376K)->9135K(1382912K) Eden: 1366016K(1366016K)->0K(1368064K) From: 4907K(15360K)->9135K(14848K)
[3237.039s][info][gc,heap        ] GC(1211) ParOldGen: 130663K(2796544K)->133293K(2796544K)
[3237.039s][info][gc,metaspace   ] GC(1211) Metaspace: 78339K(79616K)->78339K(79616K) NonClass: 68773K(69312K)->68773K(69312K) Class: 9565K(10304K)->9565K(10304K)
[3237.039s][info][gc             ] GC(1211) Pause Young (Allocation Failure) 1466M->139M(4081M) 5.110ms
[3237.039s][info][gc,cpu         ] GC(1211) User=0.00s Sys=0.00s Real=0.00s
[3237.475s][info][gc,start       ] GC(1212) Pause Young (System.gc())
[3237.476s][info][gc,heap        ] GC(1212) PSYoungGen: 461179K(1382912K)->736K(1369088K) Eden: 452043K(1368064K)->0K(1368064K) From: 9135K(14848K)->736K(1024K)
[3237.477s][info][gc,heap        ] GC(1212) ParOldGen: 133293K(2796544K)->137240K(2796544K)
[3237.477s][info][gc,metaspace   ] GC(1212) Metaspace: 78340K(79616K)->78340K(79616K) NonClass: 68774K(69312K)->68774K(69312K) Class: 9565K(10304K)->9565K(10304K)
[3237.477s][info][gc             ] GC(1212) Pause Young (System.gc()) 580M->134M(4068M) 1.953ms
[3237.477s][info][gc,cpu         ] GC(1212) User=0.00s Sys=0.00s Real=0.00s
[3237.477s][info][gc,start       ] GC(1213) Pause Full (System.gc())
[3237.477s][info][gc,phases,start] GC(1213) Marking Phase
[3237.503s][info][gc,phases      ] GC(1213) Marking Phase 26.549ms
[3237.503s][info][gc,phases,start] GC(1213) Summary Phase
[3237.503s][info][gc,phases      ] GC(1213) Summary Phase 0.024ms
[3237.503s][info][gc,phases,start] GC(1213) Adjust Roots
[3237.514s][info][gc,phases      ] GC(1213) Adjust Roots 11.142ms
[3237.514s][info][gc,phases,start] GC(1213) Compaction Phase
[3237.526s][info][gc,phases      ] GC(1213) Compaction Phase 11.840ms
[3237.526s][info][gc,phases,start] GC(1213) Post Compact
[3237.527s][info][gc,phases      ] GC(1213) Post Compact 1.078ms
[3237.528s][info][gc,heap        ] GC(1213) PSYoungGen: 736K(1369088K)->0K(1369088K) Eden: 0K(1368064K)->0K(1368064K) From: 736K(1024K)->0K(1024K)
[3237.528s][info][gc,heap        ] GC(1213) ParOldGen: 137240K(2796544K)->79666K(2796544K)
[3237.528s][info][gc,metaspace   ] GC(1213) Metaspace: 78340K(79616K)->78340K(79616K) NonClass: 68774K(69312K)->68774K(69312K) Class: 9565K(10304K)->9565K(10304K)
[3237.528s][info][gc             ] GC(1213) Pause Full (System.gc()) 134M->77M(4068M) 50.960ms
[3237.528s][info][gc,cpu         ] GC(1213) User=0.12s Sys=0.00s Real=0.05s
[3240.802s][info][gc,start       ] GC(1214) Pause Young (Allocation Failure)
[3240.804s][info][gc,heap        ] GC(1214) PSYoungGen: 1368064K(1369088K)->5104K(1382912K) Eden: 1368064K(1368064K)->0K(1367552K) From: 0K(1024K)->5104K(15360K)
[3240.804s][info][gc,heap        ] GC(1214) ParOldGen: 79666K(2796544K)->79666K(2796544K)
[3240.804s][info][gc,metaspace   ] GC(1214) Metaspace: 78340K(79616K)->78340K(79616K) NonClass: 68774K(69312K)->68774K(69312K) Class: 9565K(10304K)->9565K(10304K)
[3240.804s][info][gc             ] GC(1214) Pause Young (Allocation Failure) 1413M->82M(4081M) 2.242ms
[3240.804s][info][gc,cpu         ] GC(1214) User=0.00s Sys=0.00s Real=0.00s
[3243.578s][info][gc,start       ] GC(1215) Pause Young (Allocation Failure)
[3243.584s][info][gc,heap        ] GC(1215) PSYoungGen: 1372446K(1382912K)->14081K(1381888K) Eden: 1367342K(1367552K)->0K(1367552K) From: 5104K(15360K)->14081K(14336K)
[3243.584s][info][gc,heap        ] GC(1215) ParOldGen: 79666K(2796544K)->95943K(2796544K)
[3243.584s][info][gc,metaspace   ] GC(1215) Metaspace: 78340K(79616K)->78340K(79616K) NonClass: 68774K(69312K)->68774K(69312K) Class: 9565K(10304K)->9565K(10304K)
[3243.584s][info][gc             ] GC(1215) Pause Young (Allocation Failure) 1418M->107M(4080M) 5.749ms
[3243.584s][info][gc,cpu         ] GC(1215) User=0.00s Sys=0.00s Real=0.01s
[3247.447s][info][gc,start       ] GC(1216) Pause Young (Allocation Failure)
[3247.450s][info][gc,heap        ] GC(1216) PSYoungGen: 1381633K(1381888K)->4710K(1380864K) Eden: 1367552K(1367552K)->0K(1364992K) From: 14081K(14336K)->4710K(15872K)
[3247.450s][info][gc,heap        ] GC(1216) ParOldGen: 95943K(2796544K)->98570K(2796544K)
[3247.450s][info][gc,metaspace   ] GC(1216) Metaspace: 78340K(79616K)->78340K(79616K) NonClass: 68774K(69312K)->68774K(69312K) Class: 9565K(10304K)->9565K(10304K)
[3247.450s][info][gc             ] GC(1216) Pause Young (Allocation Failure) 1442M->100M(4079M) 3.020ms
[3247.450s][info][gc,cpu         ] GC(1216) User=0.08s Sys=0.00s Real=0.01s
[3249.928s][info][gc,start       ] GC(1217) Pause Young (Allocation Failure)
[3249.931s][info][gc,heap        ] GC(1217) PSYoungGen: 1369702K(1380864K)->6031K(1381376K) Eden: 1364992K(1364992K)->0K(1364992K) From: 4710K(15872K)->6031K(16384K)
[3249.931s][info][gc,heap        ] GC(1217) ParOldGen: 98570K(2796544K)->101593K(2796544K)
[3249.931s][info][gc,metaspace   ] GC(1217) Metaspace: 78340K(79616K)->78340K(79616K) NonClass: 68774K(69312K)->68774K(69312K) Class: 9565K(10304K)->9565K(10304K)
[3249.931s][info][gc             ] GC(1217) Pause Young (Allocation Failure) 1433M->105M(4080M) 2.807ms
[3249.931s][info][gc,cpu         ] GC(1217) User=0.00s Sys=0.00s Real=0.00s
[3254.353s][info][gc,start       ] GC(1218) Pause Young (Allocation Failure)
[3254.356s][info][gc,heap        ] GC(1218) PSYoungGen: 1371023K(1381376K)->4063K(1382912K) Eden: 1364992K(1364992K)->0K(1367552K) From: 6031K(16384K)->4063K(15360K)
[3254.356s][info][gc,heap        ] GC(1218) ParOldGen: 101593K(2796544K)->105866K(2796544K)
[3254.356s][info][gc,metaspace   ] GC(1218) Metaspace: 78340K(79616K)->78340K(79616K) NonClass: 68774K(69312K)->68774K(69312K) Class: 9565K(10304K)->9565K(10304K)
[3254.356s][info][gc             ] GC(1218) Pause Young (Allocation Failure) 1438M->107M(4081M) 2.534ms
[3254.356s][info][gc,cpu         ] GC(1218) User=0.09s Sys=0.00s Real=0.00s
[3256.555s][info][gc,start       ] GC(1219) Pause Young (Allocation Failure)
[3256.558s][info][gc,heap        ] GC(1219) PSYoungGen: 1371615K(1382912K)->6381K(1382400K) Eden: 1367552K(1367552K)->0K(1367552K) From: 4063K(15360K)->6381K(14848K)
[3256.558s][info][gc,heap        ] GC(1219) ParOldGen: 105866K(2796544K)->108718K(2796544K)
[3256.558s][info][gc,metaspace   ] GC(1219) Metaspace: 78340K(79616K)->78340K(79616K) NonClass: 68774K(69312K)->68774K(69312K) Class: 9565K(10304K)->9565K(10304K)
[3256.558s][info][gc             ] GC(1219) Pause Young (Allocation Failure) 1442M->112M(4081M) 2.928ms
[3256.558s][info][gc,cpu         ] GC(1219) User=0.00s Sys=0.00s Real=0.00s
[3260.805s][info][gc,start       ] GC(1220) Pause Young (Allocation Failure)
[3260.809s][info][gc,heap        ] GC(1220) PSYoungGen: 1373933K(1382400K)->6553K(1384448K) Eden: 1367552K(1367552K)->0K(1370112K) From: 6381K(14848K)->6553K(14336K)
[3260.809s][info][gc,heap        ] GC(1220) ParOldGen: 108718K(2796544K)->113412K(2796544K)
[3260.809s][info][gc,metaspace   ] GC(1220) Metaspace: 78340K(79616K)->78340K(79616K) NonClass: 68774K(69312K)->68774K(69312K) Class: 9565K(10304K)->9565K(10304K)
[3260.809s][info][gc             ] GC(1220) Pause Young (Allocation Failure) 1447M->117M(4083M) 3.964ms
[3260.809s][info][gc,cpu         ] GC(1220) User=0.09s Sys=0.00s Real=0.01s
[3263.754s][info][gc,start       ] GC(1221) Pause Young (Allocation Failure)
[3263.758s][info][gc,heap        ] GC(1221) PSYoungGen: 1376079K(1384448K)->5406K(1383424K) Eden: 1369525K(1370112K)->0K(1370112K) From: 6553K(14336K)->5406K(13312K)
[3263.758s][info][gc,heap        ] GC(1221) ParOldGen: 113412K(2796544K)->117379K(2796544K)
[3263.758s][info][gc,metaspace   ] GC(1221) Metaspace: 78340K(79616K)->78340K(79616K) NonClass: 68774K(69312K)->68774K(69312K) Class: 9565K(10304K)->9565K(10304K)
[3263.758s][info][gc             ] GC(1221) Pause Young (Allocation Failure) 1454M->119M(4082M) 4.154ms
[3263.758s][info][gc,cpu         ] GC(1221) User=0.00s Sys=0.00s Real=0.00s
[3265.936s][info][gc,start       ] GC(1222) Pause Young (Allocation Failure)
[3265.939s][info][gc,heap        ] GC(1222) PSYoungGen: 1375518K(1383424K)->6846K(1385472K) Eden: 1370112K(1370112K)->0K(1372672K) From: 5406K(13312K)->6846K(12800K)
[3265.939s][info][gc,heap        ] GC(1222) ParOldGen: 117379K(2796544K)->121397K(2796544K)
[3265.939s][info][gc,metaspace   ] GC(1222) Metaspace: 78340K(79616K)->78340K(79616K) NonClass: 68774K(69312K)->68774K(69312K) Class: 9565K(10304K)->9565K(10304K)
[3265.939s][info][gc             ] GC(1222) Pause Young (Allocation Failure) 1457M->125M(4084M) 3.344ms
[3265.939s][info][gc,cpu         ] GC(1222) User=0.00s Sys=0.00s Real=0.01s
[3268.428s][info][gc,start       ] GC(1223) Pause Young (Allocation Failure)
[3268.432s][info][gc,heap        ] GC(1223) PSYoungGen: 1379518K(1385472K)->5760K(1384960K) Eden: 1372672K(1372672K)->0K(1372672K) From: 6846K(12800K)->5760K(12288K)
[3268.432s][info][gc,heap        ] GC(1223) ParOldGen: 121397K(2796544K)->126425K(2796544K)
[3268.432s][info][gc,metaspace   ] GC(1223) Metaspace: 78340K(79616K)->78340K(79616K) NonClass: 68774K(69312K)->68774K(69312K) Class: 9565K(10304K)->9565K(10304K)
[3268.432s][info][gc             ] GC(1223) Pause Young (Allocation Failure) 1465M->129M(4083M) 3.702ms
[3268.432s][info][gc,cpu         ] GC(1223) User=0.00s Sys=0.00s Real=0.01s
[3271.170s][info][gc,start       ] GC(1224) Pause Young (Allocation Failure)
[3271.173s][info][gc,heap        ] GC(1224) PSYoungGen: 1378432K(1384960K)->7034K(1385984K) Eden: 1372672K(1372672K)->0K(1374208K) From: 5760K(12288K)->7034K(11776K)
[3271.173s][info][gc,heap        ] GC(1224) ParOldGen: 126425K(2796544K)->131065K(2796544K)
[3271.173s][info][gc,metaspace   ] GC(1224) Metaspace: 78340K(79616K)->78340K(79616K) NonClass: 68774K(69312K)->68774K(69312K) Class: 9565K(10304K)->9565K(10304K)
[3271.173s][info][gc             ] GC(1224) Pause Young (Allocation Failure) 1469M->134M(4084M) 3.427ms
[3271.174s][info][gc,cpu         ] GC(1224) User=0.00s Sys=0.00s Real=0.00s
[3274.491s][info][gc,start       ] GC(1225) Pause Young (Allocation Failure)
[3274.495s][info][gc,heap        ] GC(1225) PSYoungGen: 1381242K(1385984K)->6313K(1385984K) Eden: 1374208K(1374208K)->0K(1374208K) From: 7034K(11776K)->6313K(11776K)
[3274.495s][info][gc,heap        ] GC(1225) ParOldGen: 131065K(2796544K)->133703K(2796544K)
[3274.495s][info][gc,metaspace   ] GC(1225) Metaspace: 78340K(79616K)->78340K(79616K) NonClass: 68774K(69312K)->68774K(69312K) Class: 9565K(10304K)->9565K(10304K)
[3274.495s][info][gc             ] GC(1225) Pause Young (Allocation Failure) 1476M->136M(4084M) 3.859ms
[3274.495s][info][gc,cpu         ] GC(1225) User=0.00s Sys=0.00s Real=0.00s
[3274.870s][info][gc,start       ] GC(1226) Pause Young (System.gc())
[3274.872s][info][gc,heap        ] GC(1226) PSYoungGen: 395572K(1385984K)->591K(1385472K) Eden: 389259K(1374208K)->0K(1374208K) From: 6313K(11776K)->591K(11264K)
[3274.872s][info][gc,heap        ] GC(1226) ParOldGen: 133703K(2796544K)->135962K(2796544K)
[3274.872s][info][gc,metaspace   ] GC(1226) Metaspace: 78340K(79616K)->78340K(79616K) NonClass: 68774K(69312K)->68774K(69312K) Class: 9565K(10304K)->9565K(10304K)
[3274.872s][info][gc             ] GC(1226) Pause Young (System.gc()) 516M->133M(4084M) 1.424ms
[3274.872s][info][gc,cpu         ] GC(1226) User=0.02s Sys=0.00s Real=0.00s
[3274.872s][info][gc,start       ] GC(1227) Pause Full (System.gc())
[3274.872s][info][gc,phases,start] GC(1227) Marking Phase
[3274.900s][info][gc,phases      ] GC(1227) Marking Phase 28.260ms
[3274.900s][info][gc,phases,start] GC(1227) Summary Phase
[3274.900s][info][gc,phases      ] GC(1227) Summary Phase 0.011ms
[3274.900s][info][gc,phases,start] GC(1227) Adjust Roots
[3274.911s][info][gc,phases      ] GC(1227) Adjust Roots 11.017ms
[3274.911s][info][gc,phases,start] GC(1227) Compaction Phase
[3274.923s][info][gc,phases      ] GC(1227) Compaction Phase 11.181ms
[3274.923s][info][gc,phases,start] GC(1227) Post Compact
[3274.924s][info][gc,phases      ] GC(1227) Post Compact 1.078ms
[3274.924s][info][gc,heap        ] GC(1227) PSYoungGen: 591K(1385472K)->0K(1385472K) Eden: 0K(1374208K)->0K(1374208K) From: 591K(11264K)->0K(11264K)
[3274.924s][info][gc,heap        ] GC(1227) ParOldGen: 135962K(2796544K)->78546K(2796544K)
[3274.924s][info][gc,metaspace   ] GC(1227) Metaspace: 78340K(79616K)->78340K(79616K) NonClass: 68774K(69312K)->68774K(69312K) Class: 9565K(10304K)->9565K(10304K)
[3274.924s][info][gc             ] GC(1227) Pause Full (System.gc()) 133M->76M(4084M) 51.892ms
[3274.924s][info][gc,cpu         ] GC(1227) User=0.12s Sys=0.00s Real=0.05s
[3278.173s][info][gc,start       ] GC(1228) Pause Young (Allocation Failure)
[3278.175s][info][gc,heap        ] GC(1228) PSYoungGen: 1374208K(1385472K)->5020K(1385984K) Eden: 1374208K(1374208K)->0K(1374208K) From: 0K(11264K)->5020K(11776K)
[3278.175s][info][gc,heap        ] GC(1228) ParOldGen: 78546K(2796544K)->78546K(2796544K)
[3278.175s][info][gc,metaspace   ] GC(1228) Metaspace: 78340K(79616K)->78340K(79616K) NonClass: 68774K(69312K)->68774K(69312K) Class: 9565K(10304K)->9565K(10304K)
[3278.175s][info][gc             ] GC(1228) Pause Young (Allocation Failure) 1418M->81M(4084M) 2.176ms
[3278.175s][info][gc,cpu         ] GC(1228) User=0.00s Sys=0.00s Real=0.00s
[3280.932s][info][gc,start       ] GC(1229) Pause Young (Allocation Failure)
[3280.936s][info][gc,heap        ] GC(1229) PSYoungGen: 1378390K(1385984K)->10210K(1384448K) Eden: 1373369K(1374208K)->0K(1373184K) From: 5020K(11776K)->10210K(11264K)
[3280.936s][info][gc,heap        ] GC(1229) ParOldGen: 78546K(2796544K)->86641K(2796544K)
[3280.936s][info][gc,metaspace   ] GC(1229) Metaspace: 78340K(79616K)->78340K(79616K) NonClass: 68774K(69312K)->68774K(69312K) Class: 9565K(10304K)->9565K(10304K)
[3280.936s][info][gc             ] GC(1229) Pause Young (Allocation Failure) 1422M->94M(4083M) 3.644ms
[3280.936s][info][gc,cpu         ] GC(1229) User=0.09s Sys=0.00s Real=0.00s
[3284.882s][info][gc,start       ] GC(1230) Pause Young (Allocation Failure)
[3284.884s][info][gc,heap        ] GC(1230) PSYoungGen: 1383394K(1384448K)->4987K(1385472K) Eden: 1373184K(1373184K)->0K(1373184K) From: 10210K(11264K)->4987K(12288K)
[3284.884s][info][gc,heap        ] GC(1230) ParOldGen: 86641K(2796544K)->89278K(2796544K)
[3284.884s][info][gc,metaspace   ] GC(1230) Metaspace: 78340K(79616K)->78340K(79616K) NonClass: 68774K(69312K)->68774K(69312K) Class: 9565K(10304K)->9565K(10304K)
[3284.884s][info][gc             ] GC(1230) Pause Young (Allocation Failure) 1435M->92M(4084M) 2.510ms
[3284.884s][info][gc,cpu         ] GC(1230) User=0.00s Sys=0.00s Real=0.02s
[3287.339s][info][gc,start       ] GC(1231) Pause Young (Allocation Failure)
[3287.342s][info][gc,heap        ] GC(1231) PSYoungGen: 1378171K(1385472K)->5906K(1386496K) Eden: 1373184K(1373184K)->0K(1374208K) From: 4987K(12288K)->5906K(12288K)
[3287.342s][info][gc,heap        ] GC(1231) ParOldGen: 89278K(2796544K)->92343K(2796544K)
[3287.342s][info][gc,metaspace   ] GC(1231) Metaspace: 78346K(79680K)->78346K(79680K) NonClass: 68780K(69376K)->68780K(69376K) Class: 9565K(10304K)->9565K(10304K)
[3287.342s][info][gc             ] GC(1231) Pause Young (Allocation Failure) 1433M->95M(4085M) 2.968ms
[3287.342s][info][gc,cpu         ] GC(1231) User=0.00s Sys=0.00s Real=0.01s
[3291.879s][info][gc,start       ] GC(1232) Pause Young (Allocation Failure)
[3291.882s][info][gc,heap        ] GC(1232) PSYoungGen: 1380114K(1386496K)->4994K(1385472K) Eden: 1374208K(1374208K)->0K(1374208K) From: 5906K(12288K)->4994K(11264K)
[3291.882s][info][gc,heap        ] GC(1232) ParOldGen: 92343K(2796544K)->96588K(2796544K)
[3291.882s][info][gc,metaspace   ] GC(1232) Metaspace: 78346K(79680K)->78346K(79680K) NonClass: 68780K(69376K)->68780K(69376K) Class: 9565K(10304K)->9565K(10304K)
[3291.882s][info][gc             ] GC(1232) Pause Young (Allocation Failure) 1437M->99M(4084M) 3.462ms
[3291.882s][info][gc,cpu         ] GC(1232) User=0.00s Sys=0.00s Real=0.00s
[3294.111s][info][gc,start       ] GC(1233) Pause Young (Allocation Failure)
[3294.113s][info][gc,heap        ] GC(1233) PSYoungGen: 1375488K(1385472K)->6019K(1387008K) Eden: 1370493K(1374208K)->0K(1375744K) From: 4994K(11264K)->6019K(11264K)
[3294.113s][info][gc,heap        ] GC(1233) ParOldGen: 96588K(2796544K)->99552K(2796544K)
[3294.113s][info][gc,metaspace   ] GC(1233) Metaspace: 78346K(79680K)->78346K(79680K) NonClass: 68780K(69376K)->68780K(69376K) Class: 9565K(10304K)->9565K(10304K)
[3294.114s][info][gc             ] GC(1233) Pause Young (Allocation Failure) 1437M->103M(4085M) 2.896ms
[3294.114s][info][gc,cpu         ] GC(1233) User=0.00s Sys=0.00s Real=0.01s
[3298.384s][info][gc,start       ] GC(1234) Pause Young (Allocation Failure)
[3298.387s][info][gc,heap        ] GC(1234) PSYoungGen: 1381763K(1387008K)->5770K(1386496K) Eden: 1375744K(1375744K)->0K(1375744K) From: 6019K(11264K)->5770K(10752K)
[3298.387s][info][gc,heap        ] GC(1234) ParOldGen: 99552K(2796544K)->104266K(2796544K)
[3298.387s][info][gc,metaspace   ] GC(1234) Metaspace: 78346K(79680K)->78346K(79680K) NonClass: 68780K(69376K)->68780K(69376K) Class: 9565K(10304K)->9565K(10304K)
[3298.387s][info][gc             ] GC(1234) Pause Young (Allocation Failure) 1446M->107M(4085M) 3.247ms
[3298.387s][info][gc,cpu         ] GC(1234) User=0.09s Sys=0.00s Real=0.01s
[3301.308s][info][gc,start       ] GC(1235) Pause Young (Allocation Failure)
[3301.311s][info][gc,heap        ] GC(1235) PSYoungGen: 1381208K(1386496K)->5476K(1388032K) Eden: 1375438K(1375744K)->0K(1377792K) From: 5770K(10752K)->5476K(10240K)
[3301.311s][info][gc,heap        ] GC(1235) ParOldGen: 104266K(2796544K)->108064K(2796544K)
[3301.311s][info][gc,metaspace   ] GC(1235) Metaspace: 78346K(79680K)->78346K(79680K) NonClass: 68780K(69376K)->68780K(69376K) Class: 9565K(10304K)->9565K(10304K)
[3301.311s][info][gc             ] GC(1235) Pause Young (Allocation Failure) 1450M->110M(4086M) 2.858ms
[3301.311s][info][gc,cpu         ] GC(1235) User=0.02s Sys=0.00s Real=0.00s
[3303.594s][info][gc,start       ] GC(1236) Pause Young (Allocation Failure)
[3303.597s][info][gc,heap        ] GC(1236) PSYoungGen: 1382576K(1388032K)->5827K(1387520K) Eden: 1377099K(1377792K)->0K(1377792K) From: 5476K(10240K)->5827K(9728K)
[3303.597s][info][gc,heap        ] GC(1236) ParOldGen: 108064K(2796544K)->112274K(2796544K)
[3303.597s][info][gc,metaspace   ] GC(1236) Metaspace: 78346K(79680K)->78346K(79680K) NonClass: 68780K(69376K)->68780K(69376K) Class: 9565K(10304K)->9565K(10304K)
[3303.597s][info][gc             ] GC(1236) Pause Young (Allocation Failure) 1455M->115M(4086M) 3.024ms
[3303.597s][info][gc,cpu         ] GC(1236) User=0.00s Sys=0.00s Real=0.01s
[3305.913s][info][gc,start       ] GC(1237) Pause Young (Allocation Failure)
[3305.916s][info][gc,heap        ] GC(1237) PSYoungGen: 1383619K(1387520K)->5836K(1388544K) Eden: 1377792K(1377792K)->0K(1378816K) From: 5827K(9728K)->5836K(9728K)
[3305.917s][info][gc,heap        ] GC(1237) ParOldGen: 112274K(2796544K)->117192K(2796544K)
[3305.917s][info][gc,metaspace   ] GC(1237) Metaspace: 78346K(79680K)->78346K(79680K) NonClass: 68780K(69376K)->68780K(69376K) Class: 9565K(10304K)->9565K(10304K)
[3305.917s][info][gc             ] GC(1237) Pause Young (Allocation Failure) 1460M->120M(4087M) 3.673ms
[3305.917s][info][gc,cpu         ] GC(1237) User=0.00s Sys=0.00s Real=0.01s
[3308.603s][info][gc,start       ] GC(1238) Pause Young (Allocation Failure)
[3308.607s][info][gc,heap        ] GC(1238) PSYoungGen: 1382940K(1388544K)->5464K(1388032K) Eden: 1377104K(1378816K)->0K(1378816K) From: 5836K(9728K)->5464K(9216K)
[3308.607s][info][gc,heap        ] GC(1238) ParOldGen: 117192K(2796544K)->121734K(2796544K)
[3308.607s][info][gc,metaspace   ] GC(1238) Metaspace: 78346K(79680K)->78346K(79680K) NonClass: 68780K(69376K)->68780K(69376K) Class: 9565K(10304K)->9565K(10304K)
[3308.607s][info][gc             ] GC(1238) Pause Young (Allocation Failure) 1464M->124M(4086M) 3.833ms
[3308.607s][info][gc,cpu         ] GC(1238) User=0.08s Sys=0.00s Real=0.00s
[3312.021s][info][gc,start       ] GC(1239) Pause Young (Allocation Failure)
[3312.025s][info][gc,heap        ] GC(1239) PSYoungGen: 1384280K(1388032K)->6520K(1389056K) Eden: 1378816K(1378816K)->0K(1379840K) From: 5464K(9216K)->6520K(9216K)
[3312.025s][info][gc,heap        ] GC(1239) ParOldGen: 121734K(2796544K)->124361K(2796544K)
[3312.025s][info][gc,metaspace   ] GC(1239) Metaspace: 78346K(79680K)->78346K(79680K) NonClass: 68780K(69376K)->68780K(69376K) Class: 9565K(10304K)->9565K(10304K)
[3312.025s][info][gc             ] GC(1239) Pause Young (Allocation Failure) 1470M->127M(4087M) 3.767ms
[3312.025s][info][gc,cpu         ] GC(1239) User=0.00s Sys=0.00s Real=0.01s
[3312.273s][info][gc,start       ] GC(1240) Pause Young (System.gc())
[3312.274s][info][gc,heap        ] GC(1240) PSYoungGen: 304099K(1389056K)->512K(1380864K) Eden: 297579K(1379840K)->0K(1379840K) From: 6520K(9216K)->512K(1024K)
[3312.274s][info][gc,heap        ] GC(1240) ParOldGen: 124361K(2796544K)->126735K(2796544K)
[3312.274s][info][gc,metaspace   ] GC(1240) Metaspace: 78346K(79680K)->78346K(79680K) NonClass: 68780K(69376K)->68780K(69376K) Class: 9565K(10304K)->9565K(10304K)
[3312.274s][info][gc             ] GC(1240) Pause Young (System.gc()) 418M->124M(4079M) 1.461ms
[3312.274s][info][gc,cpu         ] GC(1240) User=0.00s Sys=0.00s Real=0.00s
[3312.274s][info][gc,start       ] GC(1241) Pause Full (System.gc())
[3312.274s][info][gc,phases,start] GC(1241) Marking Phase
[3312.304s][info][gc,phases      ] GC(1241) Marking Phase 29.488ms
[3312.304s][info][gc,phases,start] GC(1241) Summary Phase
[3312.304s][info][gc,phases      ] GC(1241) Summary Phase 0.011ms
[3312.304s][info][gc,phases,start] GC(1241) Adjust Roots
[3312.316s][info][gc,phases      ] GC(1241) Adjust Roots 11.631ms
[3312.316s][info][gc,phases,start] GC(1241) Compaction Phase
[3312.327s][info][gc,phases      ] GC(1241) Compaction Phase 11.654ms
[3312.327s][info][gc,phases,start] GC(1241) Post Compact
[3312.328s][info][gc,phases      ] GC(1241) Post Compact 1.028ms
[3312.328s][info][gc,heap        ] GC(1241) PSYoungGen: 512K(1380864K)->0K(1380864K) Eden: 0K(1379840K)->0K(1379840K) From: 512K(1024K)->0K(1024K)
[3312.328s][info][gc,heap        ] GC(1241) ParOldGen: 126735K(2796544K)->78590K(2796544K)
[3312.328s][info][gc,metaspace   ] GC(1241) Metaspace: 78346K(79680K)->78346K(79680K) NonClass: 68780K(69376K)->68780K(69376K) Class: 9565K(10304K)->9565K(10304K)
[3312.329s][info][gc             ] GC(1241) Pause Full (System.gc()) 124M->76M(4079M) 54.121ms
[3312.329s][info][gc,cpu         ] GC(1241) User=0.22s Sys=0.00s Real=0.06s
[3315.752s][info][gc,start       ] GC(1242) Pause Young (Allocation Failure)
[3315.754s][info][gc,heap        ] GC(1242) PSYoungGen: 1379840K(1380864K)->5007K(1388544K) Eden: 1379840K(1379840K)->0K(1378816K) From: 0K(1024K)->5007K(9728K)
[3315.754s][info][gc,heap        ] GC(1242) ParOldGen: 78590K(2796544K)->78590K(2796544K)
[3315.754s][info][gc,metaspace   ] GC(1242) Metaspace: 78346K(79680K)->78346K(79680K) NonClass: 68780K(69376K)->68780K(69376K) Class: 9565K(10304K)->9565K(10304K)
[3315.755s][info][gc             ] GC(1242) Pause Young (Allocation Failure) 1424M->81M(4087M) 2.332ms
[3315.755s][info][gc,cpu         ] GC(1242) User=0.00s Sys=0.00s Real=0.00s
[3318.488s][info][gc,start       ] GC(1243) Pause Young (Allocation Failure)
[3318.492s][info][gc,heap        ] GC(1243) PSYoungGen: 1382053K(1388544K)->9203K(1388032K) Eden: 1377045K(1378816K)->0K(1378816K) From: 5007K(9728K)->9203K(9216K)
[3318.492s][info][gc,heap        ] GC(1243) ParOldGen: 78590K(2796544K)->91929K(2796544K)
[3318.492s][info][gc,metaspace   ] GC(1243) Metaspace: 78346K(79680K)->78346K(79680K) NonClass: 68780K(69376K)->68780K(69376K) Class: 9565K(10304K)->9565K(10304K)
[3318.492s][info][gc             ] GC(1243) Pause Young (Allocation Failure) 1426M->98M(4086M) 3.911ms
[3318.492s][info][gc,cpu         ] GC(1243) User=0.00s Sys=0.00s Real=0.00s
[3322.504s][info][gc,start       ] GC(1244) Pause Young (Allocation Failure)
[3322.507s][info][gc,heap        ] GC(1244) PSYoungGen: 1387214K(1388032K)->4528K(1377792K) Eden: 1378010K(1378816K)->0K(1368064K) From: 9203K(9216K)->4528K(9728K)
[3322.507s][info][gc,heap        ] GC(1244) ParOldGen: 91929K(2796544K)->94823K(2796544K)
[3322.507s][info][gc,metaspace   ] GC(1244) Metaspace: 78346K(79680K)->78346K(79680K) NonClass: 68780K(69376K)->68780K(69376K) Class: 9565K(10304K)->9565K(10304K)
[3322.507s][info][gc             ] GC(1244) Pause Young (Allocation Failure) 1444M->97M(4076M) 2.965ms
[3322.507s][info][gc,cpu         ] GC(1244) User=0.00s Sys=0.00s Real=0.00s
[3324.907s][info][gc,start       ] GC(1245) Pause Young (Allocation Failure)
[3324.910s][info][gc,heap        ] GC(1245) PSYoungGen: 1372592K(1377792K)->5975K(1382912K) Eden: 1368064K(1368064K)->0K(1368064K) From: 4528K(9728K)->5975K(14848K)
[3324.910s][info][gc,heap        ] GC(1245) ParOldGen: 94823K(2796544K)->97935K(2796544K)
[3324.910s][info][gc,metaspace   ] GC(1245) Metaspace: 78346K(79680K)->78346K(79680K) NonClass: 68780K(69376K)->68780K(69376K) Class: 9565K(10304K)->9565K(10304K)
[3324.910s][info][gc             ] GC(1245) Pause Young (Allocation Failure) 1433M->101M(4081M) 2.905ms
[3324.910s][info][gc,cpu         ] GC(1245) User=0.00s Sys=0.00s Real=0.01s
[3329.480s][info][gc,start       ] GC(1246) Pause Young (Allocation Failure)
[3329.482s][info][gc,heap        ] GC(1246) PSYoungGen: 1374039K(1382912K)->4661K(1383936K) Eden: 1368064K(1368064K)->0K(1369600K) From: 5975K(14848K)->4661K(14336K)
[3329.482s][info][gc,heap        ] GC(1246) ParOldGen: 97935K(2796544K)->102187K(2796544K)
[3329.482s][info][gc,metaspace   ] GC(1246) Metaspace: 78346K(79680K)->78346K(79680K) NonClass: 68780K(69376K)->68780K(69376K) Class: 9565K(10304K)->9565K(10304K)
[3329.483s][info][gc             ] GC(1246) Pause Young (Allocation Failure) 1437M->104M(4082M) 2.690ms
[3329.483s][info][gc,cpu         ] GC(1246) User=0.02s Sys=0.00s Real=0.00s
[3331.668s][info][gc,start       ] GC(1247) Pause Young (Allocation Failure)
[3331.671s][info][gc,heap        ] GC(1247) PSYoungGen: 1374261K(1383936K)->6483K(1383424K) Eden: 1369600K(1369600K)->0K(1369600K) From: 4661K(14336K)->6483K(13824K)
[3331.671s][info][gc,heap        ] GC(1247) ParOldGen: 102187K(2796544K)->105146K(2796544K)
[3331.671s][info][gc,metaspace   ] GC(1247) Metaspace: 78346K(79680K)->78346K(79680K) NonClass: 68780K(69376K)->68780K(69376K) Class: 9565K(10304K)->9565K(10304K)
[3331.671s][info][gc             ] GC(1247) Pause Young (Allocation Failure) 1441M->109M(4082M) 2.977ms
[3331.671s][info][gc,cpu         ] GC(1247) User=0.00s Sys=0.00s Real=0.00s
[3335.848s][info][gc,start       ] GC(1248) Pause Young (Allocation Failure)
[3335.852s][info][gc,heap        ] GC(1248) PSYoungGen: 1376083K(1383424K)->5193K(1384960K) Eden: 1369600K(1369600K)->0K(1371648K) From: 6483K(13824K)->5193K(13312K)
[3335.852s][info][gc,heap        ] GC(1248) ParOldGen: 105146K(2796544K)->109765K(2796544K)
[3335.852s][info][gc,metaspace   ] GC(1248) Metaspace: 78346K(79680K)->78346K(79680K) NonClass: 68780K(69376K)->68780K(69376K) Class: 9565K(10304K)->9565K(10304K)
[3335.852s][info][gc             ] GC(1248) Pause Young (Allocation Failure) 1446M->112M(4083M) 3.735ms
[3335.852s][info][gc,cpu         ] GC(1248) User=0.00s Sys=0.00s Real=0.00s
[3338.830s][info][gc,start       ] GC(1249) Pause Young (Allocation Failure)
[3338.834s][info][gc,heap        ] GC(1249) PSYoungGen: 1376841K(1384960K)->6057K(1384448K) Eden: 1371648K(1371648K)->0K(1371648K) From: 5193K(13312K)->6057K(12800K)
[3338.834s][info][gc,heap        ] GC(1249) ParOldGen: 109765K(2796544K)->113609K(2796544K)
[3338.834s][info][gc,metaspace   ] GC(1249) Metaspace: 78346K(79680K)->78346K(79680K) NonClass: 68780K(69376K)->68780K(69376K) Class: 9565K(10304K)->9565K(10304K)
[3338.834s][info][gc             ] GC(1249) Pause Young (Allocation Failure) 1451M->116M(4083M) 3.786ms
[3338.834s][info][gc,cpu         ] GC(1249) User=0.00s Sys=0.00s Real=0.00s
[3341.077s][info][gc,start       ] GC(1250) Pause Young (Allocation Failure)
[3341.080s][info][gc,heap        ] GC(1250) PSYoungGen: 1377705K(1384448K)->6465K(1385984K) Eden: 1371648K(1371648K)->0K(1373696K) From: 6057K(12800K)->6465K(12288K)
[3341.081s][info][gc,heap        ] GC(1250) ParOldGen: 113609K(2796544K)->117751K(2796544K)
[3341.081s][info][gc,metaspace   ] GC(1250) Metaspace: 78346K(79680K)->78346K(79680K) NonClass: 68780K(69376K)->68780K(69376K) Class: 9565K(10304K)->9565K(10304K)
[3341.081s][info][gc             ] GC(1250) Pause Young (Allocation Failure) 1456M->121M(4084M) 3.165ms
[3341.081s][info][gc,cpu         ] GC(1250) User=0.00s Sys=0.00s Real=0.01s
[3343.482s][info][gc,start       ] GC(1251) Pause Young (Allocation Failure)
[3343.486s][info][gc,heap        ] GC(1251) PSYoungGen: 1380161K(1385984K)->5836K(1385472K) Eden: 1373696K(1373696K)->0K(1373696K) From: 6465K(12288K)->5836K(11776K)
[3343.486s][info][gc,heap        ] GC(1251) ParOldGen: 117751K(2796544K)->122721K(2796544K)
[3343.486s][info][gc,metaspace   ] GC(1251) Metaspace: 78346K(79680K)->78346K(79680K) NonClass: 68780K(69376K)->68780K(69376K) Class: 9565K(10304K)->9565K(10304K)
[3343.486s][info][gc             ] GC(1251) Pause Young (Allocation Failure) 1462M->125M(4084M) 3.500ms
[3343.486s][info][gc,cpu         ] GC(1251) User=0.00s Sys=0.00s Real=0.02s
[3346.187s][info][gc,start       ] GC(1252) Pause Young (Allocation Failure)
[3346.192s][info][gc,heap        ] GC(1252) PSYoungGen: 1377120K(1385472K)->6467K(1387008K) Eden: 1371283K(1373696K)->0K(1375744K) From: 5836K(11776K)->6467K(11264K)
[3346.192s][info][gc,heap        ] GC(1252) ParOldGen: 122721K(2796544K)->127293K(2796544K)
[3346.192s][info][gc,metaspace   ] GC(1252) Metaspace: 78346K(79680K)->78346K(79680K) NonClass: 68780K(69376K)->68780K(69376K) Class: 9565K(10304K)->9565K(10304K)
[3346.192s][info][gc             ] GC(1252) Pause Young (Allocation Failure) 1464M->130M(4085M) 4.858ms
[3346.192s][info][gc,cpu         ] GC(1252) User=0.00s Sys=0.00s Real=0.00s
[3349.651s][info][gc,start       ] GC(1253) Pause Young (Allocation Failure)
[3349.654s][info][gc,heap        ] GC(1253) PSYoungGen: 1382211K(1387008K)->6052K(1386496K) Eden: 1375744K(1375744K)->0K(1375744K) From: 6467K(11264K)->6052K(10752K)
[3349.655s][info][gc,heap        ] GC(1253) ParOldGen: 127293K(2796544K)->129966K(2796544K)
[3349.655s][info][gc,metaspace   ] GC(1253) Metaspace: 78346K(79680K)->78346K(79680K) NonClass: 68780K(69376K)->68780K(69376K) Class: 9565K(10304K)->9565K(10304K)
[3349.655s][info][gc             ] GC(1253) Pause Young (Allocation Failure) 1474M->132M(4085M) 3.379ms
[3349.655s][info][gc,cpu         ] GC(1253) User=0.09s Sys=0.00s Real=0.00s
[3349.938s][info][gc,start       ] GC(1254) Pause Young (System.gc())
[3349.940s][info][gc,heap        ] GC(1254) PSYoungGen: 345429K(1386496K)->512K(1385472K) Eden: 339376K(1375744K)->0K(1375232K) From: 6052K(10752K)->512K(10240K)
[3349.940s][info][gc,heap        ] GC(1254) ParOldGen: 129966K(2796544K)->132245K(2796544K)
[3349.940s][info][gc,metaspace   ] GC(1254) Metaspace: 78346K(79680K)->78346K(79680K) NonClass: 68780K(69376K)->68780K(69376K) Class: 9565K(10304K)->9565K(10304K)
[3349.940s][info][gc             ] GC(1254) Pause Young (System.gc()) 464M->129M(4084M) 1.452ms
[3349.940s][info][gc,cpu         ] GC(1254) User=0.00s Sys=0.00s Real=0.00s
[3349.940s][info][gc,start       ] GC(1255) Pause Full (System.gc())
[3349.940s][info][gc,phases,start] GC(1255) Marking Phase
[3349.966s][info][gc,phases      ] GC(1255) Marking Phase 26.160ms
[3349.966s][info][gc,phases,start] GC(1255) Summary Phase
[3349.966s][info][gc,phases      ] GC(1255) Summary Phase 0.011ms
[3349.966s][info][gc,phases,start] GC(1255) Adjust Roots
[3349.977s][info][gc,phases      ] GC(1255) Adjust Roots 10.636ms
[3349.977s][info][gc,phases,start] GC(1255) Compaction Phase
[3349.988s][info][gc,phases      ] GC(1255) Compaction Phase 11.008ms
[3349.988s][info][gc,phases,start] GC(1255) Post Compact
[3349.989s][info][gc,phases      ] GC(1255) Post Compact 1.062ms
[3349.989s][info][gc,heap        ] GC(1255) PSYoungGen: 512K(1385472K)->0K(1385472K) Eden: 0K(1375232K)->0K(1375232K) From: 512K(10240K)->0K(10240K)
[3349.989s][info][gc,heap        ] GC(1255) ParOldGen: 132245K(2796544K)->78413K(2796544K)
[3349.989s][info][gc,metaspace   ] GC(1255) Metaspace: 78346K(79680K)->78346K(79680K) NonClass: 68780K(69376K)->68780K(69376K) Class: 9565K(10304K)->9565K(10304K)
[3349.989s][info][gc             ] GC(1255) Pause Full (System.gc()) 129M->76M(4084M) 49.202ms
[3349.989s][info][gc,cpu         ] GC(1255) User=0.17s Sys=0.02s Real=0.05s
[3353.232s][info][gc,start       ] GC(1256) Pause Young (Allocation Failure)
[3353.234s][info][gc,heap        ] GC(1256) PSYoungGen: 1375232K(1385472K)->5074K(1386496K) Eden: 1375232K(1375232K)->0K(1375232K) From: 0K(10240K)->5074K(11264K)
[3353.234s][info][gc,heap        ] GC(1256) ParOldGen: 78413K(2796544K)->78413K(2796544K)
[3353.234s][info][gc,metaspace   ] GC(1256) Metaspace: 78346K(79680K)->78346K(79680K) NonClass: 68780K(69376K)->68780K(69376K) Class: 9565K(10304K)->9565K(10304K)
[3353.234s][info][gc             ] GC(1256) Pause Young (Allocation Failure) 1419M->81M(4085M) 1.944ms
[3353.234s][info][gc,cpu         ] GC(1256) User=0.00s Sys=0.00s Real=0.00s
[3355.950s][info][gc,start       ] GC(1257) Pause Young (Allocation Failure)
[3355.953s][info][gc,heap        ] GC(1257) PSYoungGen: 1378551K(1386496K)->9757K(1384960K) Eden: 1373477K(1375232K)->0K(1374208K) From: 5074K(11264K)->9757K(10752K)
[3355.954s][info][gc,heap        ] GC(1257) ParOldGen: 78413K(2796544K)->90594K(2796544K)
[3355.954s][info][gc,metaspace   ] GC(1257) Metaspace: 78346K(79680K)->78346K(79680K) NonClass: 68780K(69376K)->68780K(69376K) Class: 9565K(10304K)->9565K(10304K)
[3355.954s][info][gc             ] GC(1257) Pause Young (Allocation Failure) 1422M->97M(4083M) 4.042ms
[3355.954s][info][gc,cpu         ] GC(1257) User=0.00s Sys=0.00s Real=0.00s
[3359.905s][info][gc,start       ] GC(1258) Pause Young (Allocation Failure)
[3359.907s][info][gc,heap        ] GC(1258) PSYoungGen: 1383965K(1384960K)->5118K(1385984K) Eden: 1374208K(1374208K)->0K(1374208K) From: 9757K(10752K)->5118K(11776K)
[3359.907s][info][gc,heap        ] GC(1258) ParOldGen: 90594K(2796544K)->93213K(2796544K)
[3359.907s][info][gc,metaspace   ] GC(1258) Metaspace: 78346K(79680K)->78346K(79680K) NonClass: 68780K(69376K)->68780K(69376K) Class: 9565K(10304K)->9565K(10304K)
[3359.907s][info][gc             ] GC(1258) Pause Young (Allocation Failure) 1439M->96M(4084M) 2.613ms
[3359.907s][info][gc,cpu         ] GC(1258) User=0.00s Sys=0.00s Real=0.00s
[3362.405s][info][gc,start       ] GC(1259) Pause Young (Allocation Failure)
[3362.409s][info][gc,heap        ] GC(1259) PSYoungGen: 1379326K(1385984K)->5920K(1387008K) Eden: 1374208K(1374208K)->0K(1375744K) From: 5118K(11776K)->5920K(11264K)
[3362.409s][info][gc,heap        ] GC(1259) ParOldGen: 93213K(2796544K)->96289K(2796544K)
[3362.409s][info][gc,metaspace   ] GC(1259) Metaspace: 78346K(79680K)->78346K(79680K) NonClass: 68780K(69376K)->68780K(69376K) Class: 9565K(10304K)->9565K(10304K)
[3362.409s][info][gc             ] GC(1259) Pause Young (Allocation Failure) 1438M->99M(4085M) 3.315ms
[3362.409s][info][gc,cpu         ] GC(1259) User=0.00s Sys=0.00s Real=0.02s
[3366.945s][info][gc,start       ] GC(1260) Pause Young (Allocation Failure)
[3366.947s][info][gc,heap        ] GC(1260) PSYoungGen: 1381664K(1387008K)->4647K(1386496K) Eden: 1375744K(1375744K)->0K(1375744K) From: 5920K(11264K)->4647K(10752K)
[3366.948s][info][gc,heap        ] GC(1260) ParOldGen: 96289K(2796544K)->100555K(2796544K)
[3366.948s][info][gc,metaspace   ] GC(1260) Metaspace: 78346K(79680K)->78346K(79680K) NonClass: 68780K(69376K)->68780K(69376K) Class: 9565K(10304K)->9565K(10304K)
[3366.948s][info][gc             ] GC(1260) Pause Young (Allocation Failure) 1443M->102M(4085M) 2.821ms
[3366.948s][info][gc,cpu         ] GC(1260) User=0.00s Sys=0.00s Real=0.00s
[3369.223s][info][gc,start       ] GC(1261) Pause Young (Allocation Failure)
[3369.226s][info][gc,heap        ] GC(1261) PSYoungGen: 1379697K(1386496K)->5928K(1387520K) Eden: 1375050K(1375744K)->0K(1376768K) From: 4647K(10752K)->5928K(10752K)
[3369.226s][info][gc,heap        ] GC(1261) ParOldGen: 100555K(2796544K)->103525K(2796544K)
[3369.226s][info][gc,metaspace   ] GC(1261) Metaspace: 78346K(79680K)->78346K(79680K) NonClass: 68780K(69376K)->68780K(69376K) Class: 9565K(10304K)->9565K(10304K)
[3369.226s][info][gc             ] GC(1261) Pause Young (Allocation Failure) 1445M->106M(4086M) 3.185ms
[3369.226s][info][gc,cpu         ] GC(1261) User=0.00s Sys=0.00s Real=0.00s
[3373.419s][info][gc,start       ] GC(1262) Pause Young (Allocation Failure)
[3373.423s][info][gc,heap        ] GC(1262) PSYoungGen: 1382696K(1387520K)->5677K(1387008K) Eden: 1376768K(1376768K)->0K(1376768K) From: 5928K(10752K)->5677K(10240K)
[3373.423s][info][gc,heap        ] GC(1262) ParOldGen: 103525K(2796544K)->108212K(2796544K)
[3373.423s][info][gc,metaspace   ] GC(1262) Metaspace: 78346K(79680K)->78346K(79680K) NonClass: 68780K(69376K)->68780K(69376K) Class: 9565K(10304K)->9565K(10304K)
[3373.423s][info][gc             ] GC(1262) Pause Young (Allocation Failure) 1451M->111M(4085M) 3.938ms
[3373.423s][info][gc,cpu         ] GC(1262) User=0.00s Sys=0.00s Real=0.01s
[3376.352s][info][gc,start       ] GC(1263) Pause Young (Allocation Failure)
[3376.355s][info][gc,heap        ] GC(1263) PSYoungGen: 1381809K(1387008K)->5394K(1388032K) Eden: 1376131K(1376768K)->0K(1378304K) From: 5677K(10240K)->5394K(9728K)
[3376.355s][info][gc,heap        ] GC(1263) ParOldGen: 108212K(2796544K)->112159K(2796544K)
[3376.355s][info][gc,metaspace   ] GC(1263) Metaspace: 78346K(79680K)->78346K(79680K) NonClass: 68780K(69376K)->68780K(69376K) Class: 9565K(10304K)->9565K(10304K)
[3376.355s][info][gc             ] GC(1263) Pause Young (Allocation Failure) 1455M->114M(4086M) 3.601ms
[3376.355s][info][gc,cpu         ] GC(1263) User=0.05s Sys=0.00s Real=0.00s
[3378.679s][info][gc,start       ] GC(1264) Pause Young (Allocation Failure)
[3378.682s][info][gc,heap        ] GC(1264) PSYoungGen: 1380643K(1388032K)->5766K(1388032K) Eden: 1375249K(1378304K)->0K(1378304K) From: 5394K(9728K)->5766K(9728K)
[3378.682s][info][gc,heap        ] GC(1264) ParOldGen: 112159K(2796544K)->116370K(2796544K)
[3378.682s][info][gc,metaspace   ] GC(1264) Metaspace: 78346K(79680K)->78346K(79680K) NonClass: 68780K(69376K)->68780K(69376K) Class: 9565K(10304K)->9565K(10304K)
[3378.682s][info][gc             ] GC(1264) Pause Young (Allocation Failure) 1457M->119M(4086M) 2.922ms
[3378.682s][info][gc,cpu         ] GC(1264) User=0.00s Sys=0.00s Real=0.00s
[3380.965s][info][gc,start       ] GC(1265) Pause Young (Allocation Failure)
[3380.968s][info][gc,heap        ] GC(1265) PSYoungGen: 1384070K(1388032K)->5759K(1389056K) Eden: 1378304K(1378304K)->0K(1379840K) From: 5766K(9728K)->5759K(9216K)
[3380.968s][info][gc,heap        ] GC(1265) ParOldGen: 116370K(2796544K)->121305K(2796544K)
[3380.968s][info][gc,metaspace   ] GC(1265) Metaspace: 78346K(79680K)->78346K(79680K) NonClass: 68780K(69376K)->68780K(69376K) Class: 9565K(10304K)->9565K(10304K)
[3380.968s][info][gc             ] GC(1265) Pause Young (Allocation Failure) 1465M->124M(4087M) 3.423ms
[3380.968s][info][gc,cpu         ] GC(1265) User=0.00s Sys=0.00s Real=0.01s
[3383.671s][info][gc,start       ] GC(1266) Pause Young (Allocation Failure)
[3383.675s][info][gc,heap        ] GC(1266) PSYoungGen: 1383232K(1389056K)->5537K(1388544K) Eden: 1377473K(1379840K)->0K(1379840K) From: 5759K(9216K)->5537K(8704K)
[3383.675s][info][gc,heap        ] GC(1266) ParOldGen: 121305K(2796544K)->125861K(2796544K)
[3383.675s][info][gc,metaspace   ] GC(1266) Metaspace: 78346K(79680K)->78346K(79680K) NonClass: 68780K(69376K)->68780K(69376K) Class: 9565K(10304K)->9565K(10304K)
[3383.675s][info][gc             ] GC(1266) Pause Young (Allocation Failure) 1469M->128M(4087M) 4.212ms
[3383.675s][info][gc,cpu         ] GC(1266) User=0.00s Sys=0.00s Real=0.00s
[3387.076s][info][gc,start       ] GC(1267) Pause Young (Allocation Failure)
[3387.080s][info][gc,heap        ] GC(1267) PSYoungGen: 1385377K(1388544K)->6611K(1389056K) Eden: 1379840K(1379840K)->0K(1380352K) From: 5537K(8704K)->6611K(8704K)
[3387.080s][info][gc,heap        ] GC(1267) ParOldGen: 125861K(2796544K)->128466K(2796544K)
[3387.080s][info][gc,metaspace   ] GC(1267) Metaspace: 78346K(79680K)->78346K(79680K) NonClass: 68780K(69376K)->68780K(69376K) Class: 9565K(10304K)->9565K(10304K)
[3387.080s][info][gc             ] GC(1267) Pause Young (Allocation Failure) 1475M->131M(4087M) 3.656ms
[3387.080s][info][gc,cpu         ] GC(1267) User=0.00s Sys=0.00s Real=0.02s
[3387.344s][info][gc,start       ] GC(1268) Pause Young (System.gc())
[3387.345s][info][gc,heap        ] GC(1268) PSYoungGen: 304562K(1389056K)->544K(1381376K) Eden: 297950K(1380352K)->0K(1380352K) From: 6611K(8704K)->544K(1024K)
[3387.345s][info][gc,heap        ] GC(1268) ParOldGen: 128466K(2796544K)->130747K(2796544K)
[3387.345s][info][gc,metaspace   ] GC(1268) Metaspace: 78346K(79680K)->78346K(79680K) NonClass: 68780K(69376K)->68780K(69376K) Class: 9565K(10304K)->9565K(10304K)
[3387.345s][info][gc             ] GC(1268) Pause Young (System.gc()) 422M->128M(4080M) 1.523ms
[3387.345s][info][gc,cpu         ] GC(1268) User=0.00s Sys=0.00s Real=0.00s
[3387.345s][info][gc,start       ] GC(1269) Pause Full (System.gc())
[3387.345s][info][gc,phases,start] GC(1269) Marking Phase
[3387.372s][info][gc,phases      ] GC(1269) Marking Phase 26.392ms
[3387.372s][info][gc,phases,start] GC(1269) Summary Phase
[3387.372s][info][gc,phases      ] GC(1269) Summary Phase 0.011ms
[3387.372s][info][gc,phases,start] GC(1269) Adjust Roots
[3387.383s][info][gc,phases      ] GC(1269) Adjust Roots 11.009ms
[3387.383s][info][gc,phases,start] GC(1269) Compaction Phase
[3387.394s][info][gc,phases      ] GC(1269) Compaction Phase 11.047ms
[3387.394s][info][gc,phases,start] GC(1269) Post Compact
[3387.395s][info][gc,phases      ] GC(1269) Post Compact 1.056ms
[3387.395s][info][gc,heap        ] GC(1269) PSYoungGen: 544K(1381376K)->0K(1381376K) Eden: 0K(1380352K)->0K(1380352K) From: 544K(1024K)->0K(1024K)
[3387.395s][info][gc,heap        ] GC(1269) ParOldGen: 130747K(2796544K)->78387K(2796544K)
[3387.395s][info][gc,metaspace   ] GC(1269) Metaspace: 78346K(79680K)->78346K(79680K) NonClass: 68780K(69376K)->68780K(69376K) Class: 9565K(10304K)->9565K(10304K)
[3387.395s][info][gc             ] GC(1269) Pause Full (System.gc()) 128M->76M(4080M) 49.831ms
[3387.395s][info][gc,cpu         ] GC(1269) User=0.19s Sys=0.02s Real=0.05s
[3390.647s][info][gc,start       ] GC(1270) Pause Young (Allocation Failure)
[3390.649s][info][gc,heap        ] GC(1270) PSYoungGen: 1380352K(1381376K)->5068K(1388544K) Eden: 1380352K(1380352K)->0K(1379328K) From: 0K(1024K)->5068K(9216K)
[3390.649s][info][gc,heap        ] GC(1270) ParOldGen: 78387K(2796544K)->78387K(2796544K)
[3390.649s][info][gc,metaspace   ] GC(1270) Metaspace: 78346K(79680K)->78346K(79680K) NonClass: 68780K(69376K)->68780K(69376K) Class: 9565K(10304K)->9565K(10304K)
[3390.649s][info][gc             ] GC(1270) Pause Young (Allocation Failure) 1424M->81M(4087M) 1.943ms
[3390.649s][info][gc,cpu         ] GC(1270) User=0.00s Sys=0.00s Real=0.00s
[3393.371s][info][gc,start       ] GC(1271) Pause Young (Allocation Failure)
[3393.375s][info][gc,heap        ] GC(1271) PSYoungGen: 1384396K(1388544K)->9202K(1388544K) Eden: 1379328K(1379328K)->0K(1379328K) From: 5068K(9216K)->9202K(9216K)
[3393.376s][info][gc,heap        ] GC(1271) ParOldGen: 78387K(2796544K)->91816K(2796544K)
[3393.376s][info][gc,metaspace   ] GC(1271) Metaspace: 78346K(79680K)->78346K(79680K) NonClass: 68780K(69376K)->68780K(69376K) Class: 9565K(10304K)->9565K(10304K)
[3393.376s][info][gc             ] GC(1271) Pause Young (Allocation Failure) 1428M->98M(4087M) 4.171ms
[3393.376s][info][gc,cpu         ] GC(1271) User=0.00s Sys=0.00s Real=0.00s
[3397.430s][info][gc,start       ] GC(1272) Pause Young (Allocation Failure)
[3397.434s][info][gc,heap        ] GC(1272) PSYoungGen: 1388530K(1388544K)->4542K(1377280K) Eden: 1379328K(1379328K)->0K(1368064K) From: 9202K(9216K)->4542K(9216K)
[3397.434s][info][gc,heap        ] GC(1272) ParOldGen: 91816K(2796544K)->95710K(2796544K)
[3397.434s][info][gc,metaspace   ] GC(1272) Metaspace: 78346K(79680K)->78346K(79680K) NonClass: 68780K(69376K)->68780K(69376K) Class: 9565K(10304K)->9565K(10304K)
[3397.434s][info][gc             ] GC(1272) Pause Young (Allocation Failure) 1445M->97M(4076M) 4.027ms
[3397.434s][info][gc,cpu         ] GC(1272) User=0.08s Sys=0.00s Real=0.00s
[3399.790s][info][gc,start       ] GC(1273) Pause Young (Allocation Failure)
[3399.793s][info][gc,heap        ] GC(1273) PSYoungGen: 1372606K(1377280K)->5810K(1382912K) Eden: 1368064K(1368064K)->0K(1368064K) From: 4542K(9216K)->5810K(14848K)
[3399.793s][info][gc,heap        ] GC(1273) ParOldGen: 95710K(2796544K)->98842K(2796544K)
[3399.793s][info][gc,metaspace   ] GC(1273) Metaspace: 78346K(79680K)->78346K(79680K) NonClass: 68780K(69376K)->68780K(69376K) Class: 9565K(10304K)->9565K(10304K)
[3399.793s][info][gc             ] GC(1273) Pause Young (Allocation Failure) 1433M->102M(4081M) 3.169ms
[3399.793s][info][gc,cpu         ] GC(1273) User=0.05s Sys=0.00s Real=0.01s
[3404.353s][info][gc,start       ] GC(1274) Pause Young (Allocation Failure)
[3404.356s][info][gc,heap        ] GC(1274) PSYoungGen: 1373874K(1382912K)->4606K(1383936K) Eden: 1368064K(1368064K)->0K(1369600K) From: 5810K(14848K)->4606K(14336K)
[3404.356s][info][gc,heap        ] GC(1274) ParOldGen: 98842K(2796544K)->103094K(2796544K)
[3404.356s][info][gc,metaspace   ] GC(1274) Metaspace: 78346K(79680K)->78346K(79680K) NonClass: 68780K(69376K)->68780K(69376K) Class: 9565K(10304K)->9565K(10304K)
[3404.356s][info][gc             ] GC(1274) Pause Young (Allocation Failure) 1438M->105M(4082M) 2.820ms
[3404.356s][info][gc,cpu         ] GC(1274) User=0.08s Sys=0.00s Real=0.00s
[3406.574s][info][gc,start       ] GC(1275) Pause Young (Allocation Failure)
[3406.578s][info][gc,heap        ] GC(1275) PSYoungGen: 1374206K(1383936K)->6442K(1383424K) Eden: 1369600K(1369600K)->0K(1369600K) From: 4606K(14336K)->6442K(13824K)
[3406.578s][info][gc,heap        ] GC(1275) ParOldGen: 103094K(2796544K)->106024K(2796544K)
[3406.578s][info][gc,metaspace   ] GC(1275) Metaspace: 78346K(79680K)->78346K(79680K) NonClass: 68780K(69376K)->68780K(69376K) Class: 9565K(10304K)->9565K(10304K)
[3406.578s][info][gc             ] GC(1275) Pause Young (Allocation Failure) 1442M->109M(4082M) 4.624ms
[3406.578s][info][gc,cpu         ] GC(1275) User=0.00s Sys=0.00s Real=0.00s
[3410.751s][info][gc,start       ] GC(1276) Pause Young (Allocation Failure)
[3410.754s][info][gc,heap        ] GC(1276) PSYoungGen: 1375596K(1383424K)->5183K(1384960K) Eden: 1369153K(1369600K)->0K(1372160K) From: 6442K(13824K)->5183K(12800K)
[3410.754s][info][gc,heap        ] GC(1276) ParOldGen: 106024K(2796544K)->110698K(2796544K)
[3410.754s][info][gc,metaspace   ] GC(1276) Metaspace: 78346K(79680K)->78346K(79680K) NonClass: 68780K(69376K)->68780K(69376K) Class: 9565K(10304K)->9565K(10304K)
[3410.754s][info][gc             ] GC(1276) Pause Young (Allocation Failure) 1446M->113M(4083M) 3.074ms
[3410.754s][info][gc,cpu         ] GC(1276) User=0.00s Sys=0.00s Real=0.01s
[3413.677s][info][gc,start       ] GC(1277) Pause Young (Allocation Failure)
[3413.680s][info][gc,heap        ] GC(1277) PSYoungGen: 1377343K(1384960K)->5726K(1384960K) Eden: 1372160K(1372160K)->0K(1372160K) From: 5183K(12800K)->5726K(12800K)
[3413.680s][info][gc,heap        ] GC(1277) ParOldGen: 110698K(2796544K)->114541K(2796544K)
[3413.680s][info][gc,metaspace   ] GC(1277) Metaspace: 78346K(79680K)->78346K(79680K) NonClass: 68780K(69376K)->68780K(69376K) Class: 9565K(10304K)->9565K(10304K)
[3413.680s][info][gc             ] GC(1277) Pause Young (Allocation Failure) 1453M->117M(4083M) 2.976ms
[3413.680s][info][gc,cpu         ] GC(1277) User=0.00s Sys=0.00s Real=0.00s
[3415.934s][info][gc,start       ] GC(1278) Pause Young (Allocation Failure)
[3415.937s][info][gc,heap        ] GC(1278) PSYoungGen: 1377886K(1384960K)->6667K(1385984K) Eden: 1372160K(1372160K)->0K(1373696K) From: 5726K(12800K)->6667K(12288K)
[3415.937s][info][gc,heap        ] GC(1278) ParOldGen: 114541K(2796544K)->118703K(2796544K)
[3415.937s][info][gc,metaspace   ] GC(1278) Metaspace: 78346K(79680K)->78346K(79680K) NonClass: 68780K(69376K)->68780K(69376K) Class: 9565K(10304K)->9565K(10304K)
[3415.937s][info][gc             ] GC(1278) Pause Young (Allocation Failure) 1457M->122M(4084M) 3.345ms
[3415.937s][info][gc,cpu         ] GC(1278) User=0.00s Sys=0.00s Real=0.00s
[3418.307s][info][gc,start       ] GC(1279) Pause Young (Allocation Failure)
[3418.310s][info][gc,heap        ] GC(1279) PSYoungGen: 1380363K(1385984K)->5856K(1385472K) Eden: 1373696K(1373696K)->0K(1373696K) From: 6667K(12288K)->5856K(11776K)
[3418.310s][info][gc,heap        ] GC(1279) ParOldGen: 118703K(2796544K)->123658K(2796544K)
[3418.310s][info][gc,metaspace   ] GC(1279) Metaspace: 78346K(79680K)->78346K(79680K) NonClass: 68780K(69376K)->68780K(69376K) Class: 9565K(10304K)->9565K(10304K)
[3418.310s][info][gc             ] GC(1279) Pause Young (Allocation Failure) 1463M->126M(4084M) 3.526ms
[3418.310s][info][gc,cpu         ] GC(1279) User=0.09s Sys=0.00s Real=0.02s
[3420.987s][info][gc,start       ] GC(1280) Pause Young (Allocation Failure)
[3420.992s][info][gc,heap        ] GC(1280) PSYoungGen: 1376228K(1385472K)->6251K(1387008K) Eden: 1370371K(1373696K)->0K(1375744K) From: 5856K(11776K)->6251K(11264K)
[3420.992s][info][gc,heap        ] GC(1280) ParOldGen: 123658K(2796544K)->128247K(2796544K)
[3420.992s][info][gc,metaspace   ] GC(1280) Metaspace: 78346K(79680K)->78346K(79680K) NonClass: 68780K(69376K)->68780K(69376K) Class: 9565K(10304K)->9565K(10304K)
[3420.992s][info][gc             ] GC(1280) Pause Young (Allocation Failure) 1464M->131M(4085M) 5.116ms
[3420.992s][info][gc,cpu         ] GC(1280) User=0.00s Sys=0.00s Real=0.00s
[3424.361s][info][gc,start       ] GC(1281) Pause Young (Allocation Failure)
[3424.365s][info][gc,heap        ] GC(1281) PSYoungGen: 1381995K(1387008K)->5953K(1386496K) Eden: 1375744K(1375744K)->0K(1375744K) From: 6251K(11264K)->5953K(10752K)
[3424.365s][info][gc,heap        ] GC(1281) ParOldGen: 128247K(2796544K)->130862K(2796544K)
[3424.365s][info][gc,metaspace   ] GC(1281) Metaspace: 78346K(79680K)->78346K(79680K) NonClass: 68780K(69376K)->68780K(69376K) Class: 9565K(10304K)->9565K(10304K)
[3424.365s][info][gc             ] GC(1281) Pause Young (Allocation Failure) 1474M->133M(4085M) 3.291ms
[3424.365s][info][gc,cpu         ] GC(1281) User=0.00s Sys=0.00s Real=0.00s
[3424.658s][info][gc,start       ] GC(1282) Pause Young (System.gc())
[3424.659s][info][gc,heap        ] GC(1282) PSYoungGen: 342398K(1386496K)->512K(1386496K) Eden: 336444K(1375744K)->0K(1376256K) From: 5953K(10752K)->512K(10240K)
[3424.659s][info][gc,heap        ] GC(1282) ParOldGen: 130862K(2796544K)->133292K(2796544K)
[3424.659s][info][gc,metaspace   ] GC(1282) Metaspace: 78346K(79680K)->78346K(79680K) NonClass: 68780K(69376K)->68780K(69376K) Class: 9565K(10304K)->9565K(10304K)
[3424.659s][info][gc             ] GC(1282) Pause Young (System.gc()) 462M->130M(4085M) 1.505ms
[3424.660s][info][gc,cpu         ] GC(1282) User=0.00s Sys=0.00s Real=0.00s
[3424.660s][info][gc,start       ] GC(1283) Pause Full (System.gc())
[3424.660s][info][gc,phases,start] GC(1283) Marking Phase
[3424.686s][info][gc,phases      ] GC(1283) Marking Phase 26.049ms
[3424.686s][info][gc,phases,start] GC(1283) Summary Phase
[3424.686s][info][gc,phases      ] GC(1283) Summary Phase 0.011ms
[3424.686s][info][gc,phases,start] GC(1283) Adjust Roots
[3424.697s][info][gc,phases      ] GC(1283) Adjust Roots 11.038ms
[3424.697s][info][gc,phases,start] GC(1283) Compaction Phase
[3424.708s][info][gc,phases      ] GC(1283) Compaction Phase 11.643ms
[3424.709s][info][gc,phases,start] GC(1283) Post Compact
[3424.710s][info][gc,phases      ] GC(1283) Post Compact 1.059ms
[3424.710s][info][gc,heap        ] GC(1283) PSYoungGen: 512K(1386496K)->0K(1386496K) Eden: 0K(1376256K)->0K(1376256K) From: 512K(10240K)->0K(10240K)
[3424.710s][info][gc,heap        ] GC(1283) ParOldGen: 133292K(2796544K)->79582K(2796544K)
[3424.710s][info][gc,metaspace   ] GC(1283) Metaspace: 78346K(79680K)->78346K(79680K) NonClass: 68780K(69376K)->68780K(69376K) Class: 9565K(10304K)->9565K(10304K)
[3424.710s][info][gc             ] GC(1283) Pause Full (System.gc()) 130M->77M(4085M) 50.122ms
[3424.710s][info][gc,cpu         ] GC(1283) User=0.20s Sys=0.00s Real=0.05s
[3427.971s][info][gc,start       ] GC(1284) Pause Young (Allocation Failure)
[3427.974s][info][gc,heap        ] GC(1284) PSYoungGen: 1376241K(1386496K)->5109K(1387008K) Eden: 1376241K(1376256K)->0K(1376256K) From: 0K(10240K)->5109K(10752K)
[3427.974s][info][gc,heap        ] GC(1284) ParOldGen: 79582K(2796544K)->79582K(2796544K)
[3427.974s][info][gc,metaspace   ] GC(1284) Metaspace: 78346K(79680K)->78346K(79680K) NonClass: 68780K(69376K)->68780K(69376K) Class: 9565K(10304K)->9565K(10304K)
[3427.974s][info][gc             ] GC(1284) Pause Young (Allocation Failure) 1421M->82M(4085M) 2.405ms
[3427.974s][info][gc,cpu         ] GC(1284) User=0.00s Sys=0.00s Real=0.00s
[3430.695s][info][gc,start       ] GC(1285) Pause Young (Allocation Failure)
[3430.699s][info][gc,heap        ] GC(1285) PSYoungGen: 1380561K(1387008K)->10431K(1384960K) Eden: 1375452K(1376256K)->0K(1374208K) From: 5109K(10752K)->10431K(10752K)
[3430.699s][info][gc,heap        ] GC(1285) ParOldGen: 79582K(2796544K)->91779K(2796544K)
[3430.699s][info][gc,metaspace   ] GC(1285) Metaspace: 78346K(79680K)->78346K(79680K) NonClass: 68780K(69376K)->68780K(69376K) Class: 9565K(10304K)->9565K(10304K)
[3430.699s][info][gc             ] GC(1285) Pause Young (Allocation Failure) 1425M->99M(4083M) 3.981ms
[3430.699s][info][gc,cpu         ] GC(1285) User=0.09s Sys=0.00s Real=0.00s
[3434.782s][info][gc,start       ] GC(1286) Pause Young (Allocation Failure)
[3434.785s][info][gc,heap        ] GC(1286) PSYoungGen: 1384639K(1384960K)->6686K(1385984K) Eden: 1374208K(1374208K)->0K(1374208K) From: 10431K(10752K)->6686K(11776K)
[3434.785s][info][gc,heap        ] GC(1286) ParOldGen: 91779K(2796544K)->94427K(2796544K)
[3434.785s][info][gc,metaspace   ] GC(1286) Metaspace: 78346K(79680K)->78346K(79680K) NonClass: 68780K(69376K)->68780K(69376K) Class: 9565K(10304K)->9565K(10304K)
[3434.785s][info][gc             ] GC(1286) Pause Young (Allocation Failure) 1441M->98M(4084M) 3.149ms
[3434.785s][info][gc,cpu         ] GC(1286) User=0.00s Sys=0.00s Real=0.00s
[3437.190s][info][gc,start       ] GC(1287) Pause Young (Allocation Failure)
[3437.193s][info][gc,heap        ] GC(1287) PSYoungGen: 1380894K(1385984K)->5906K(1386496K) Eden: 1374208K(1374208K)->0K(1374720K) From: 6686K(11776K)->5906K(11776K)
[3437.193s][info][gc,heap        ] GC(1287) ParOldGen: 94427K(2796544K)->97483K(2796544K)
[3437.193s][info][gc,metaspace   ] GC(1287) Metaspace: 78346K(79680K)->78346K(79680K) NonClass: 68780K(69376K)->68780K(69376K) Class: 9565K(10304K)->9565K(10304K)
[3437.193s][info][gc             ] GC(1287) Pause Young (Allocation Failure) 1440M->100M(4085M) 3.028ms
[3437.193s][info][gc,cpu         ] GC(1287) User=0.00s Sys=0.00s Real=0.01s
[3441.749s][info][gc,start       ] GC(1288) Pause Young (Allocation Failure)
[3441.752s][info][gc,heap        ] GC(1288) PSYoungGen: 1380626K(1386496K)->7418K(1385984K) Eden: 1374720K(1374720K)->0K(1374720K) From: 5906K(11776K)->7418K(11264K)
[3441.752s][info][gc,heap        ] GC(1288) ParOldGen: 97483K(2796544K)->101734K(2796544K)
[3441.752s][info][gc,metaspace   ] GC(1288) Metaspace: 78346K(79680K)->78346K(79680K) NonClass: 68780K(69376K)->68780K(69376K) Class: 9565K(10304K)->9565K(10304K)
[3441.752s][info][gc             ] GC(1288) Pause Young (Allocation Failure) 1443M->106M(4084M) 3.311ms
[3441.752s][info][gc,cpu         ] GC(1288) User=0.00s Sys=0.00s Real=0.00s
[3443.909s][info][gc,start       ] GC(1289) Pause Young (Allocation Failure)
[3443.912s][info][gc,heap        ] GC(1289) PSYoungGen: 1382138K(1385984K)->6576K(1387008K) Eden: 1374720K(1374720K)->0K(1375744K) From: 7418K(11264K)->6576K(11264K)
[3443.912s][info][gc,heap        ] GC(1289) ParOldGen: 101734K(2796544K)->104701K(2796544K)
[3443.912s][info][gc,metaspace   ] GC(1289) Metaspace: 78346K(79680K)->78346K(79680K) NonClass: 68780K(69376K)->68780K(69376K) Class: 9565K(10304K)->9565K(10304K)
[3443.912s][info][gc             ] GC(1289) Pause Young (Allocation Failure) 1449M->108M(4085M) 3.046ms
[3443.913s][info][gc,cpu         ] GC(1289) User=0.00s Sys=0.00s Real=0.00s
[3448.051s][info][gc,start       ] GC(1290) Pause Young (Allocation Failure)
[3448.055s][info][gc,heap        ] GC(1290) PSYoungGen: 1382320K(1387008K)->5865K(1386496K) Eden: 1375744K(1375744K)->0K(1375744K) From: 6576K(11264K)->5865K(10752K)
[3448.055s][info][gc,heap        ] GC(1290) ParOldGen: 104701K(2796544K)->109358K(2796544K)
[3448.055s][info][gc,metaspace   ] GC(1290) Metaspace: 78346K(79680K)->78346K(79680K) NonClass: 68780K(69376K)->68780K(69376K) Class: 9565K(10304K)->9565K(10304K)
[3448.055s][info][gc             ] GC(1290) Pause Young (Allocation Failure) 1452M->112M(4085M) 3.492ms
[3448.055s][info][gc,cpu         ] GC(1290) User=0.00s Sys=0.00s Real=0.00s
[3451.198s][info][gc,start       ] GC(1291) Pause Young (Allocation Failure)
[3451.201s][info][gc,heap        ] GC(1291) PSYoungGen: 1381609K(1386496K)->6103K(1387520K) Eden: 1375744K(1375744K)->0K(1377280K) From: 5865K(10752K)->6103K(10240K)
[3451.201s][info][gc,heap        ] GC(1291) ParOldGen: 109358K(2796544K)->113194K(2796544K)
[3451.201s][info][gc,metaspace   ] GC(1291) Metaspace: 78346K(79680K)->78346K(79680K) NonClass: 68780K(69376K)->68780K(69376K) Class: 9565K(10304K)->9565K(10304K)
[3451.201s][info][gc             ] GC(1291) Pause Young (Allocation Failure) 1456M->116M(4086M) 3.452ms
[3451.201s][info][gc,cpu         ] GC(1291) User=0.09s Sys=0.00s Real=0.00s
[3453.538s][info][gc,start       ] GC(1292) Pause Young (Allocation Failure)
[3453.541s][info][gc,heap        ] GC(1292) PSYoungGen: 1383383K(1387520K)->6356K(1387520K) Eden: 1377280K(1377280K)->0K(1377280K) From: 6103K(10240K)->6356K(10240K)
[3453.541s][info][gc,heap        ] GC(1292) ParOldGen: 113194K(2796544K)->117300K(2796544K)
[3453.541s][info][gc,metaspace   ] GC(1292) Metaspace: 78346K(79680K)->78346K(79680K) NonClass: 68780K(69376K)->68780K(69376K) Class: 9565K(10304K)->9565K(10304K)
[3453.541s][info][gc             ] GC(1292) Pause Young (Allocation Failure) 1461M->120M(4086M) 3.267ms
[3453.541s][info][gc,cpu         ] GC(1292) User=0.00s Sys=0.00s Real=0.00s
[3455.800s][info][gc,start       ] GC(1293) Pause Young (Allocation Failure)
[3455.803s][info][gc,heap        ] GC(1293) PSYoungGen: 1383636K(1387520K)->5875K(1388032K) Eden: 1377280K(1377280K)->0K(1378304K) From: 6356K(10240K)->5875K(9728K)
[3455.803s][info][gc,heap        ] GC(1293) ParOldGen: 117300K(2796544K)->122169K(2796544K)
[3455.803s][info][gc,metaspace   ] GC(1293) Metaspace: 78346K(79680K)->78346K(79680K) NonClass: 68780K(69376K)->68780K(69376K) Class: 9565K(10304K)->9565K(10304K)
[3455.803s][info][gc             ] GC(1293) Pause Young (Allocation Failure) 1465M->125M(4086M) 3.321ms
[3455.804s][info][gc,cpu         ] GC(1293) User=0.00s Sys=0.00s Real=0.01s
[3458.494s][info][gc,start       ] GC(1294) Pause Young (Allocation Failure)
[3458.498s][info][gc,heap        ] GC(1294) PSYoungGen: 1384179K(1388032K)->5761K(1388032K) Eden: 1378304K(1378304K)->0K(1378304K) From: 5875K(9728K)->5761K(9728K)
[3458.498s][info][gc,heap        ] GC(1294) ParOldGen: 122169K(2796544K)->127043K(2796544K)
[3458.498s][info][gc,metaspace   ] GC(1294) Metaspace: 78346K(79680K)->78346K(79680K) NonClass: 68780K(69376K)->68780K(69376K) Class: 9565K(10304K)->9565K(10304K)
[3458.498s][info][gc             ] GC(1294) Pause Young (Allocation Failure) 1471M->129M(4086M) 4.231ms
[3458.498s][info][gc,cpu         ] GC(1294) User=0.06s Sys=0.00s Real=0.00s
[3461.906s][info][gc,start       ] GC(1295) Pause Young (Allocation Failure)
[3461.910s][info][gc,heap        ] GC(1295) PSYoungGen: 1384065K(1388032K)->7154K(1388544K) Eden: 1378304K(1378304K)->0K(1379328K) From: 5761K(9728K)->7154K(9216K)
[3461.910s][info][gc,heap        ] GC(1295) ParOldGen: 127043K(2796544K)->129724K(2796544K)
[3461.910s][info][gc,metaspace   ] GC(1295) Metaspace: 78346K(79680K)->78346K(79680K) NonClass: 68780K(69376K)->68780K(69376K) Class: 9565K(10304K)->9565K(10304K)
[3461.910s][info][gc             ] GC(1295) Pause Young (Allocation Failure) 1475M->133M(4087M) 4.006ms
[3461.910s][info][gc,cpu         ] GC(1295) User=0.00s Sys=0.00s Real=0.00s
[3462.163s][info][gc,start       ] GC(1296) Pause Young (System.gc())
[3462.164s][info][gc,heap        ] GC(1296) PSYoungGen: 285363K(1388544K)->512K(1380352K) Eden: 278209K(1379328K)->0K(1379328K) From: 7154K(9216K)->512K(1024K)
[3462.164s][info][gc,heap        ] GC(1296) ParOldGen: 129724K(2796544K)->131986K(2796544K)
[3462.164s][info][gc,metaspace   ] GC(1296) Metaspace: 78346K(79680K)->78346K(79680K) NonClass: 68780K(69376K)->68780K(69376K) Class: 9565K(10304K)->9565K(10304K)
[3462.164s][info][gc             ] GC(1296) Pause Young (System.gc()) 405M->129M(4079M) 1.445ms
[3462.164s][info][gc,cpu         ] GC(1296) User=0.00s Sys=0.00s Real=0.00s
[3462.164s][info][gc,start       ] GC(1297) Pause Full (System.gc())
[3462.164s][info][gc,phases,start] GC(1297) Marking Phase
[3462.192s][info][gc,phases      ] GC(1297) Marking Phase 27.663ms
[3462.192s][info][gc,phases,start] GC(1297) Summary Phase
[3462.192s][info][gc,phases      ] GC(1297) Summary Phase 0.012ms
[3462.192s][info][gc,phases,start] GC(1297) Adjust Roots
[3462.203s][info][gc,phases      ] GC(1297) Adjust Roots 11.234ms
[3462.203s][info][gc,phases,start] GC(1297) Compaction Phase
[3462.214s][info][gc,phases      ] GC(1297) Compaction Phase 11.170ms
[3462.214s][info][gc,phases,start] GC(1297) Post Compact
[3462.216s][info][gc,phases      ] GC(1297) Post Compact 1.054ms
[3462.216s][info][gc,heap        ] GC(1297) PSYoungGen: 512K(1380352K)->0K(1380352K) Eden: 0K(1379328K)->0K(1379328K) From: 512K(1024K)->0K(1024K)
[3462.216s][info][gc,heap        ] GC(1297) ParOldGen: 131986K(2796544K)->78323K(2796544K)
[3462.216s][info][gc,metaspace   ] GC(1297) Metaspace: 78346K(79680K)->78346K(79680K) NonClass: 68780K(69376K)->68780K(69376K) Class: 9565K(10304K)->9565K(10304K)
[3462.216s][info][gc             ] GC(1297) Pause Full (System.gc()) 129M->76M(4079M) 51.433ms
[3462.216s][info][gc,cpu         ] GC(1297) User=0.16s Sys=0.02s Real=0.05s
[3465.477s][info][gc,start       ] GC(1298) Pause Young (Allocation Failure)
[3465.480s][info][gc,heap        ] GC(1298) PSYoungGen: 1379328K(1380352K)->5107K(1388032K) Eden: 1379328K(1379328K)->0K(1377792K) From: 0K(1024K)->5107K(10240K)
[3465.480s][info][gc,heap        ] GC(1298) ParOldGen: 78323K(2796544K)->78323K(2796544K)
[3465.480s][info][gc,metaspace   ] GC(1298) Metaspace: 78346K(79680K)->78346K(79680K) NonClass: 68780K(69376K)->68780K(69376K) Class: 9565K(10304K)->9565K(10304K)
[3465.480s][info][gc             ] GC(1298) Pause Young (Allocation Failure) 1423M->81M(4086M) 2.540ms
[3465.480s][info][gc,cpu         ] GC(1298) User=0.03s Sys=0.00s Real=0.00s
[3468.234s][info][gc,start       ] GC(1299) Pause Young (Allocation Failure)
[3468.238s][info][gc,heap        ] GC(1299) PSYoungGen: 1380574K(1388032K)->9711K(1387520K) Eden: 1375466K(1377792K)->0K(1377792K) From: 5107K(10240K)->9711K(9728K)
[3468.238s][info][gc,heap        ] GC(1299) ParOldGen: 78323K(2796544K)->91089K(2796544K)
[3468.238s][info][gc,metaspace   ] GC(1299) Metaspace: 78346K(79680K)->78346K(79680K) NonClass: 68780K(69376K)->68780K(69376K) Class: 9565K(10304K)->9565K(10304K)
[3468.238s][info][gc             ] GC(1299) Pause Young (Allocation Failure) 1424M->98M(4086M) 3.987ms
[3468.238s][info][gc,cpu         ] GC(1299) User=0.00s Sys=0.00s Real=0.00s
[3472.269s][info][gc,start       ] GC(1300) Pause Young (Allocation Failure)
[3472.273s][info][gc,heap        ] GC(1300) PSYoungGen: 1387503K(1387520K)->4584K(1377280K) Eden: 1377792K(1377792K)->0K(1367040K) From: 9711K(9728K)->4584K(10240K)
[3472.273s][info][gc,heap        ] GC(1300) ParOldGen: 91089K(2796544K)->93854K(2796544K)
[3472.273s][info][gc,metaspace   ] GC(1300) Metaspace: 78346K(79680K)->78346K(79680K) NonClass: 68780K(69376K)->68780K(69376K) Class: 9565K(10304K)->9565K(10304K)
[3472.273s][info][gc             ] GC(1300) Pause Young (Allocation Failure) 1443M->96M(4076M) 3.237ms
[3472.273s][info][gc,cpu         ] GC(1300) User=0.00s Sys=0.00s Real=0.00s
[3474.643s][info][gc,start       ] GC(1301) Pause Young (Allocation Failure)
[3474.646s][info][gc,heap        ] GC(1301) PSYoungGen: 1371624K(1377280K)->5759K(1382400K) Eden: 1367040K(1367040K)->0K(1367040K) From: 4584K(10240K)->5759K(15360K)
[3474.646s][info][gc,heap        ] GC(1301) ParOldGen: 93854K(2796544K)->96943K(2796544K)
[3474.646s][info][gc,metaspace   ] GC(1301) Metaspace: 78346K(79680K)->78346K(79680K) NonClass: 68780K(69376K)->68780K(69376K) Class: 9565K(10304K)->9565K(10304K)
[3474.646s][info][gc             ] GC(1301) Pause Young (Allocation Failure) 1431M->100M(4081M) 3.066ms
[3474.646s][info][gc,cpu         ] GC(1301) User=0.00s Sys=0.00s Real=0.01s
[3479.152s][info][gc,start       ] GC(1302) Pause Young (Allocation Failure)
[3479.155s][info][gc,heap        ] GC(1302) PSYoungGen: 1372799K(1382400K)->4333K(1383424K) Eden: 1367040K(1367040K)->0K(1368576K) From: 5759K(15360K)->4333K(14848K)
[3479.155s][info][gc,heap        ] GC(1302) ParOldGen: 96943K(2796544K)->101201K(2796544K)
[3479.155s][info][gc,metaspace   ] GC(1302) Metaspace: 78346K(79680K)->78346K(79680K) NonClass: 68780K(69376K)->68780K(69376K) Class: 9565K(10304K)->9565K(10304K)
[3479.155s][info][gc             ] GC(1302) Pause Young (Allocation Failure) 1435M->103M(4082M) 3.047ms
[3479.155s][info][gc,cpu         ] GC(1302) User=0.02s Sys=0.00s Real=0.01s
[3481.312s][info][gc,start       ] GC(1303) Pause Young (Allocation Failure)
[3481.316s][info][gc,heap        ] GC(1303) PSYoungGen: 1372909K(1383424K)->7469K(1382912K) Eden: 1368576K(1368576K)->0K(1368576K) From: 4333K(14848K)->7469K(14336K)
[3481.316s][info][gc,heap        ] GC(1303) ParOldGen: 101201K(2796544K)->104163K(2796544K)
[3481.316s][info][gc,metaspace   ] GC(1303) Metaspace: 78346K(79680K)->78346K(79680K) NonClass: 68780K(69376K)->68780K(69376K) Class: 9565K(10304K)->9565K(10304K)
[3481.316s][info][gc             ] GC(1303) Pause Young (Allocation Failure) 1439M->109M(4081M) 3.647ms
[3481.316s][info][gc,cpu         ] GC(1303) User=0.00s Sys=0.00s Real=0.00s
[3485.428s][info][gc,start       ] GC(1304) Pause Young (Allocation Failure)
[3485.433s][info][gc,heap        ] GC(1304) PSYoungGen: 1376045K(1382912K)->9464K(1382912K) Eden: 1368576K(1368576K)->0K(1369088K) From: 7469K(14336K)->9464K(13824K)
[3485.433s][info][gc,heap        ] GC(1304) ParOldGen: 104163K(2796544K)->108797K(2796544K)
[3485.433s][info][gc,metaspace   ] GC(1304) Metaspace: 78346K(79680K)->78346K(79680K) NonClass: 68780K(69376K)->68780K(69376K) Class: 9565K(10304K)->9565K(10304K)
[3485.433s][info][gc             ] GC(1304) Pause Young (Allocation Failure) 1445M->115M(4081M) 5.262ms
[3485.433s][info][gc,cpu         ] GC(1304) User=0.00s Sys=0.00s Real=0.01s
[3488.449s][info][gc,start       ] GC(1305) Pause Young (Allocation Failure)
[3488.453s][info][gc,heap        ] GC(1305) PSYoungGen: 1378552K(1382912K)->5497K(1383424K) Eden: 1369088K(1369088K)->0K(1369088K) From: 9464K(13824K)->5497K(14336K)
[3488.453s][info][gc,heap        ] GC(1305) ParOldGen: 108797K(2796544K)->112598K(2796544K)
[3488.453s][info][gc,metaspace   ] GC(1305) Metaspace: 78346K(79680K)->78346K(79680K) NonClass: 68780K(69376K)->68780K(69376K) Class: 9565K(10304K)->9565K(10304K)
[3488.453s][info][gc             ] GC(1305) Pause Young (Allocation Failure) 1452M->115M(4082M) 4.003ms
[3488.453s][info][gc,cpu         ] GC(1305) User=0.00s Sys=0.00s Real=0.00s
[3490.632s][info][gc,start       ] GC(1306) Pause Young (Allocation Failure)
[3490.635s][info][gc,heap        ] GC(1306) PSYoungGen: 1374585K(1383424K)->6711K(1384448K) Eden: 1369088K(1369088K)->0K(1370624K) From: 5497K(14336K)->6711K(13824K)
[3490.635s][info][gc,heap        ] GC(1306) ParOldGen: 112598K(2796544K)->116678K(2796544K)
[3490.635s][info][gc,metaspace   ] GC(1306) Metaspace: 78346K(79680K)->78346K(79680K) NonClass: 68780K(69376K)->68780K(69376K) Class: 9565K(10304K)->9565K(10304K)
[3490.635s][info][gc             ] GC(1306) Pause Young (Allocation Failure) 1452M->120M(4083M) 3.416ms
[3490.635s][info][gc,cpu         ] GC(1306) User=0.00s Sys=0.00s Real=0.00s
[3493.055s][info][gc,start       ] GC(1307) Pause Young (Allocation Failure)
[3493.058s][info][gc,heap        ] GC(1307) PSYoungGen: 1377335K(1384448K)->5848K(1383936K) Eden: 1370624K(1370624K)->0K(1370624K) From: 6711K(13824K)->5848K(13312K)
[3493.058s][info][gc,heap        ] GC(1307) ParOldGen: 116678K(2796544K)->121646K(2796544K)
[3493.058s][info][gc,metaspace   ] GC(1307) Metaspace: 78346K(79680K)->78346K(79680K) NonClass: 68780K(69376K)->68780K(69376K) Class: 9565K(10304K)->9565K(10304K)
[3493.058s][info][gc             ] GC(1307) Pause Young (Allocation Failure) 1458M->124M(4082M) 3.478ms
[3493.058s][info][gc,cpu         ] GC(1307) User=0.02s Sys=0.00s Real=0.01s
[3495.794s][info][gc,start       ] GC(1308) Pause Young (Allocation Failure)
[3495.798s][info][gc,heap        ] GC(1308) PSYoungGen: 1376472K(1383936K)->11197K(1382912K) Eden: 1370624K(1370624K)->0K(1370112K) From: 5848K(13312K)->11197K(12800K)
[3495.798s][info][gc,heap        ] GC(1308) ParOldGen: 121646K(2796544K)->126255K(2796544K)
[3495.798s][info][gc,metaspace   ] GC(1308) Metaspace: 78346K(79680K)->78346K(79680K) NonClass: 68780K(69376K)->68780K(69376K) Class: 9565K(10304K)->9565K(10304K)
[3495.798s][info][gc             ] GC(1308) Pause Young (Allocation Failure) 1463M->134M(4081M) 4.088ms
[3495.798s][info][gc,cpu         ] GC(1308) User=0.00s Sys=0.00s Real=0.00s
[3499.108s][info][gc,start       ] GC(1309) Pause Young (Allocation Failure)
[3499.111s][info][gc,heap        ] GC(1309) PSYoungGen: 1381309K(1382912K)->5782K(1383936K) Eden: 1370112K(1370112K)->0K(1370112K) From: 11197K(12800K)->5782K(13824K)
[3499.111s][info][gc,heap        ] GC(1309) ParOldGen: 126255K(2796544K)->128868K(2796544K)
[3499.111s][info][gc,metaspace   ] GC(1309) Metaspace: 78346K(79680K)->78346K(79680K) NonClass: 68780K(69376K)->68780K(69376K) Class: 9565K(10304K)->9565K(10304K)
[3499.111s][info][gc             ] GC(1309) Pause Young (Allocation Failure) 1472M->131M(4082M) 2.972ms
[3499.111s][info][gc,cpu         ] GC(1309) User=0.00s Sys=0.00s Real=0.01s
[3499.479s][info][gc,start       ] GC(1310) Pause Young (System.gc())
[3499.480s][info][gc,heap        ] GC(1310) PSYoungGen: 370655K(1383936K)->591K(1383424K) Eden: 364873K(1370112K)->0K(1370112K) From: 5782K(13824K)->591K(13312K)
[3499.480s][info][gc,heap        ] GC(1310) ParOldGen: 128868K(2796544K)->131195K(2796544K)
[3499.480s][info][gc,metaspace   ] GC(1310) Metaspace: 78346K(79680K)->78346K(79680K) NonClass: 68780K(69376K)->68780K(69376K) Class: 9565K(10304K)->9565K(10304K)
[3499.480s][info][gc             ] GC(1310) Pause Young (System.gc()) 487M->128M(4082M) 1.470ms
[3499.481s][info][gc,cpu         ] GC(1310) User=0.09s Sys=0.00s Real=0.00s
[3499.481s][info][gc,start       ] GC(1311) Pause Full (System.gc())
[3499.481s][info][gc,phases,start] GC(1311) Marking Phase
[3499.509s][info][gc,phases      ] GC(1311) Marking Phase 28.254ms
[3499.509s][info][gc,phases,start] GC(1311) Summary Phase
[3499.509s][info][gc,phases      ] GC(1311) Summary Phase 0.015ms
[3499.509s][info][gc,phases,start] GC(1311) Adjust Roots
[3499.520s][info][gc,phases      ] GC(1311) Adjust Roots 10.726ms
[3499.520s][info][gc,phases,start] GC(1311) Compaction Phase
[3499.533s][info][gc,phases      ] GC(1311) Compaction Phase 13.179ms
[3499.533s][info][gc,phases,start] GC(1311) Post Compact
[3499.534s][info][gc,phases      ] GC(1311) Post Compact 1.025ms
[3499.534s][info][gc,heap        ] GC(1311) PSYoungGen: 591K(1383424K)->0K(1383424K) Eden: 0K(1370112K)->0K(1370112K) From: 591K(13312K)->0K(13312K)
[3499.534s][info][gc,heap        ] GC(1311) ParOldGen: 131195K(2796544K)->78529K(2796544K)
[3499.534s][info][gc,metaspace   ] GC(1311) Metaspace: 78346K(79680K)->78346K(79680K) NonClass: 68780K(69376K)->68780K(69376K) Class: 9565K(10304K)->9565K(10304K)
[3499.534s][info][gc             ] GC(1311) Pause Full (System.gc()) 128M->76M(4082M) 53.518ms
[3499.534s][info][gc,cpu         ] GC(1311) User=0.11s Sys=0.00s Real=0.06s
[3502.819s][info][gc,start       ] GC(1312) Pause Young (Allocation Failure)
[3502.821s][info][gc,heap        ] GC(1312) PSYoungGen: 1370112K(1383424K)->4898K(1383936K) Eden: 1370112K(1370112K)->0K(1370112K) From: 0K(13312K)->4898K(13824K)
[3502.821s][info][gc,heap        ] GC(1312) ParOldGen: 78529K(2796544K)->78529K(2796544K)
[3502.822s][info][gc,metaspace   ] GC(1312) Metaspace: 78346K(79680K)->78346K(79680K) NonClass: 68780K(69376K)->68780K(69376K) Class: 9565K(10304K)->9565K(10304K)
[3502.822s][info][gc             ] GC(1312) Pause Young (Allocation Failure) 1414M->81M(4082M) 2.341ms
[3502.822s][info][gc,cpu         ] GC(1312) User=0.00s Sys=0.00s Real=0.00s
[3505.561s][info][gc,start       ] GC(1313) Pause Young (Allocation Failure)
[3505.564s][info][gc,heap        ] GC(1313) PSYoungGen: 1375010K(1383936K)->6143K(1384960K) Eden: 1370112K(1370112K)->0K(1371648K) From: 4898K(13824K)->6143K(13312K)
[3505.564s][info][gc,heap        ] GC(1313) ParOldGen: 78529K(2796544K)->82512K(2796544K)
[3505.564s][info][gc,metaspace   ] GC(1313) Metaspace: 78346K(79680K)->78346K(79680K) NonClass: 68780K(69376K)->68780K(69376K) Class: 9565K(10304K)->9565K(10304K)
[3505.564s][info][gc             ] GC(1313) Pause Young (Allocation Failure) 1419M->86M(4083M) 2.780ms
[3505.564s][info][gc,cpu         ] GC(1313) User=0.00s Sys=0.00s Real=0.00s
[3509.472s][info][gc,start       ] GC(1314) Pause Young (Allocation Failure)
[3509.475s][info][gc,heap        ] GC(1314) PSYoungGen: 1377791K(1384960K)->4649K(1384448K) Eden: 1371648K(1371648K)->0K(1371648K) From: 6143K(13312K)->4649K(12800K)
[3509.475s][info][gc,heap        ] GC(1314) ParOldGen: 82512K(2796544K)->85163K(2796544K)
[3509.475s][info][gc,metaspace   ] GC(1314) Metaspace: 78346K(79680K)->78346K(79680K) NonClass: 68780K(69376K)->68780K(69376K) Class: 9565K(10304K)->9565K(10304K)
[3509.475s][info][gc             ] GC(1314) Pause Young (Allocation Failure) 1426M->87M(4083M) 2.757ms
[3509.475s][info][gc,cpu         ] GC(1314) User=0.00s Sys=0.00s Real=0.00s
[3511.905s][info][gc,start       ] GC(1315) Pause Young (Allocation Failure)
[3511.908s][info][gc,heap        ] GC(1315) PSYoungGen: 1376297K(1384448K)->5895K(1385984K) Eden: 1371648K(1371648K)->0K(1373696K) From: 4649K(12800K)->5895K(12288K)
[3511.908s][info][gc,heap        ] GC(1315) ParOldGen: 85163K(2796544K)->88235K(2796544K)
[3511.908s][info][gc,metaspace   ] GC(1315) Metaspace: 78346K(79680K)->78346K(79680K) NonClass: 68780K(69376K)->68780K(69376K) Class: 9565K(10304K)->9565K(10304K)
[3511.908s][info][gc             ] GC(1315) Pause Young (Allocation Failure) 1427M->91M(4084M) 3.069ms
[3511.908s][info][gc,cpu         ] GC(1315) User=0.00s Sys=0.00s Real=0.02s
[3516.549s][info][gc,start       ] GC(1316) Pause Young (Allocation Failure)
[3516.554s][info][gc,heap        ] GC(1316) PSYoungGen: 1379591K(1385984K)->4188K(1385472K) Eden: 1373696K(1373696K)->0K(1373696K) From: 5895K(12288K)->4188K(11776K)
[3516.554s][info][gc,heap        ] GC(1316) ParOldGen: 88235K(2796544K)->92471K(2796544K)
[3516.554s][info][gc,metaspace   ] GC(1316) Metaspace: 78346K(79680K)->78346K(79680K) NonClass: 68780K(69376K)->68780K(69376K) Class: 9565K(10304K)->9565K(10304K)
[3516.554s][info][gc             ] GC(1316) Pause Young (Allocation Failure) 1433M->94M(4084M) 4.744ms
[3516.554s][info][gc,cpu         ] GC(1316) User=0.00s Sys=0.00s Real=0.00s
[3518.708s][info][gc,start       ] GC(1317) Pause Young (Allocation Failure)
[3518.711s][info][gc,heap        ] GC(1317) PSYoungGen: 1377884K(1385472K)->7337K(1385984K) Eden: 1373696K(1373696K)->0K(1374208K) From: 4188K(11776K)->7337K(11776K)
[3518.711s][info][gc,heap        ] GC(1317) ParOldGen: 92471K(2796544K)->95374K(2796544K)
[3518.711s][info][gc,metaspace   ] GC(1317) Metaspace: 78346K(79680K)->78346K(79680K) NonClass: 68780K(69376K)->68780K(69376K) Class: 9565K(10304K)->9565K(10304K)
[3518.711s][info][gc             ] GC(1317) Pause Young (Allocation Failure) 1435M->100M(4084M) 3.743ms
[3518.711s][info][gc,cpu         ] GC(1317) User=0.00s Sys=0.00s Real=0.01s
[3522.864s][info][gc,start       ] GC(1318) Pause Young (Allocation Failure)
[3522.869s][info][gc,heap        ] GC(1318) PSYoungGen: 1381545K(1385984K)->10592K(1384960K) Eden: 1374208K(1374208K)->0K(1374208K) From: 7337K(11776K)->10592K(10752K)
[3522.869s][info][gc,heap        ] GC(1318) ParOldGen: 95374K(2796544K)->100076K(2796544K)
[3522.869s][info][gc,metaspace   ] GC(1318) Metaspace: 78346K(79680K)->78346K(79680K) NonClass: 68780K(69376K)->68780K(69376K) Class: 9565K(10304K)->9565K(10304K)
[3522.869s][info][gc             ] GC(1318) Pause Young (Allocation Failure) 1442M->108M(4083M) 5.147ms
[3522.869s][info][gc,cpu         ] GC(1318) User=0.00s Sys=0.00s Real=0.01s
[3525.908s][info][gc,start       ] GC(1319) Pause Young (Allocation Failure)
[3525.911s][info][gc,heap        ] GC(1319) PSYoungGen: 1384686K(1384960K)->4982K(1385472K) Eden: 1374094K(1374208K)->0K(1372672K) From: 10592K(10752K)->4982K(12800K)
[3525.911s][info][gc,heap        ] GC(1319) ParOldGen: 100076K(2796544K)->103904K(2796544K)
[3525.911s][info][gc,metaspace   ] GC(1319) Metaspace: 78346K(79680K)->78346K(79680K) NonClass: 68780K(69376K)->68780K(69376K) Class: 9565K(10304K)->9565K(10304K)
[3525.911s][info][gc             ] GC(1319) Pause Young (Allocation Failure) 1449M->106M(4084M) 2.950ms
[3525.911s][info][gc,cpu         ] GC(1319) User=0.00s Sys=0.00s Real=0.01s
[3528.145s][info][gc,start       ] GC(1320) Pause Young (Allocation Failure)
[3528.148s][info][gc,heap        ] GC(1320) PSYoungGen: 1377654K(1385472K)->6315K(1384960K) Eden: 1372672K(1372672K)->0K(1372672K) From: 4982K(12800K)->6315K(12288K)
[3528.148s][info][gc,heap        ] GC(1320) ParOldGen: 103904K(2796544K)->107997K(2796544K)
[3528.148s][info][gc,metaspace   ] GC(1320) Metaspace: 78346K(79680K)->78346K(79680K) NonClass: 68780K(69376K)->68780K(69376K) Class: 9565K(10304K)->9565K(10304K)
[3528.148s][info][gc             ] GC(1320) Pause Young (Allocation Failure) 1446M->111M(4083M) 3.155ms
[3528.148s][info][gc,cpu         ] GC(1320) User=0.00s Sys=0.00s Real=0.00s
[3530.489s][info][gc,start       ] GC(1321) Pause Young (Allocation Failure)
[3530.492s][info][gc,heap        ] GC(1321) PSYoungGen: 1378987K(1384960K)->5967K(1386496K) Eden: 1372672K(1372672K)->0K(1374720K) From: 6315K(12288K)->5967K(11776K)
[3530.492s][info][gc,heap        ] GC(1321) ParOldGen: 107997K(2796544K)->112917K(2796544K)
[3530.492s][info][gc,metaspace   ] GC(1321) Metaspace: 78346K(79680K)->78346K(79680K) NonClass: 68780K(69376K)->68780K(69376K) Class: 9565K(10304K)->9565K(10304K)
[3530.492s][info][gc             ] GC(1321) Pause Young (Allocation Failure) 1452M->116M(4085M) 3.478ms
[3530.492s][info][gc,cpu         ] GC(1321) User=0.00s Sys=0.00s Real=0.01s
[3533.241s][info][gc,start       ] GC(1322) Pause Young (Allocation Failure)
[3533.245s][info][gc,heap        ] GC(1322) PSYoungGen: 1376682K(1386496K)->11235K(1385984K) Eden: 1370715K(1374720K)->0K(1374720K) From: 5967K(11776K)->11235K(11264K)
[3533.245s][info][gc,heap        ] GC(1322) ParOldGen: 112917K(2796544K)->121746K(2796544K)
[3533.245s][info][gc,metaspace   ] GC(1322) Metaspace: 78346K(79680K)->78346K(79680K) NonClass: 68780K(69376K)->68780K(69376K) Class: 9565K(10304K)->9565K(10304K)
[3533.245s][info][gc             ] GC(1322) Pause Young (Allocation Failure) 1454M->129M(4084M) 4.351ms
[3533.245s][info][gc,cpu         ] GC(1322) User=0.00s Sys=0.00s Real=0.01s
[3536.567s][info][gc,start       ] GC(1323) Pause Young (Allocation Failure)
[3536.570s][info][gc,heap        ] GC(1323) PSYoungGen: 1385955K(1385984K)->7830K(1378816K) Eden: 1374720K(1374720K)->0K(1367040K) From: 11235K(11264K)->7830K(11776K)
[3536.570s][info][gc,heap        ] GC(1323) ParOldGen: 121746K(2796544K)->124357K(2796544K)
[3536.570s][info][gc,metaspace   ] GC(1323) Metaspace: 78346K(79680K)->78346K(79680K) NonClass: 68780K(69376K)->68780K(69376K) Class: 9565K(10304K)->9565K(10304K)
[3536.570s][info][gc             ] GC(1323) Pause Young (Allocation Failure) 1472M->129M(4077M) 3.488ms
[3536.570s][info][gc,cpu         ] GC(1323) User=0.00s Sys=0.00s Real=0.00s
[3536.931s][info][gc,start       ] GC(1324) Pause Young (System.gc())
[3536.933s][info][gc,heap        ] GC(1324) PSYoungGen: 365587K(1378816K)->559K(1368064K) Eden: 357756K(1367040K)->0K(1367040K) From: 7830K(11776K)->559K(1024K)
[3536.933s][info][gc,heap        ] GC(1324) ParOldGen: 124357K(2796544K)->126724K(2796544K)
[3536.933s][info][gc,metaspace   ] GC(1324) Metaspace: 78346K(79680K)->78346K(79680K) NonClass: 68780K(69376K)->68780K(69376K) Class: 9565K(10304K)->9565K(10304K)
[3536.933s][info][gc             ] GC(1324) Pause Young (System.gc()) 478M->124M(4067M) 1.419ms
[3536.933s][info][gc,cpu         ] GC(1324) User=0.00s Sys=0.00s Real=0.00s
[3536.933s][info][gc,start       ] GC(1325) Pause Full (System.gc())
[3536.933s][info][gc,phases,start] GC(1325) Marking Phase
[3536.958s][info][gc,phases      ] GC(1325) Marking Phase 25.354ms
[3536.958s][info][gc,phases,start] GC(1325) Summary Phase
[3536.958s][info][gc,phases      ] GC(1325) Summary Phase 0.011ms
[3536.958s][info][gc,phases,start] GC(1325) Adjust Roots
[3536.969s][info][gc,phases      ] GC(1325) Adjust Roots 10.915ms
[3536.969s][info][gc,phases,start] GC(1325) Compaction Phase
[3536.980s][info][gc,phases      ] GC(1325) Compaction Phase 11.117ms
[3536.980s][info][gc,phases,start] GC(1325) Post Compact
[3536.981s][info][gc,phases      ] GC(1325) Post Compact 1.035ms
[3536.981s][info][gc,heap        ] GC(1325) PSYoungGen: 559K(1368064K)->0K(1368064K) Eden: 0K(1367040K)->0K(1367040K) From: 559K(1024K)->0K(1024K)
[3536.981s][info][gc,heap        ] GC(1325) ParOldGen: 126724K(2796544K)->78693K(2796544K)
[3536.981s][info][gc,metaspace   ] GC(1325) Metaspace: 78346K(79680K)->78346K(79680K) NonClass: 68780K(69376K)->68780K(69376K) Class: 9565K(10304K)->9565K(10304K)
[3536.981s][info][gc             ] GC(1325) Pause Full (System.gc()) 124M->76M(4067M) 48.736ms
[3536.981s][info][gc,cpu         ] GC(1325) User=0.17s Sys=0.00s Real=0.05s
[3540.210s][info][gc,start       ] GC(1326) Pause Young (Allocation Failure)
[3540.212s][info][gc,heap        ] GC(1326) PSYoungGen: 1367040K(1368064K)->5242K(1382400K) Eden: 1367040K(1367040K)->0K(1366528K) From: 0K(1024K)->5242K(15872K)
[3540.212s][info][gc,heap        ] GC(1326) ParOldGen: 78693K(2796544K)->78693K(2796544K)
[3540.212s][info][gc,metaspace   ] GC(1326) Metaspace: 78346K(79680K)->78346K(79680K) NonClass: 68780K(69376K)->68780K(69376K) Class: 9565K(10304K)->9565K(10304K)
[3540.212s][info][gc             ] GC(1326) Pause Young (Allocation Failure) 1411M->81M(4081M) 2.367ms
[3540.212s][info][gc,cpu         ] GC(1326) User=0.00s Sys=0.00s Real=0.00s
[3542.963s][info][gc,start       ] GC(1327) Pause Young (Allocation Failure)
[3542.966s][info][gc,heap        ] GC(1327) PSYoungGen: 1371770K(1382400K)->6223K(1381888K) Eden: 1366528K(1366528K)->0K(1366528K) From: 5242K(15872K)->6223K(15360K)
[3542.966s][info][gc,heap        ] GC(1327) ParOldGen: 78693K(2796544K)->82709K(2796544K)
[3542.966s][info][gc,metaspace   ] GC(1327) Metaspace: 78346K(79680K)->78346K(79680K) NonClass: 68780K(69376K)->68780K(69376K) Class: 9565K(10304K)->9565K(10304K)
[3542.966s][info][gc             ] GC(1327) Pause Young (Allocation Failure) 1416M->86M(4080M) 2.919ms
[3542.966s][info][gc,cpu         ] GC(1327) User=0.09s Sys=0.00s Real=0.00s
[3546.855s][info][gc,start       ] GC(1328) Pause Young (Allocation Failure)
[3546.858s][info][gc,heap        ] GC(1328) PSYoungGen: 1372751K(1381888K)->4458K(1383424K) Eden: 1366527K(1366528K)->0K(1369088K) From: 6223K(15360K)->4458K(14336K)
[3546.858s][info][gc,heap        ] GC(1328) ParOldGen: 82709K(2796544K)->85356K(2796544K)
[3546.858s][info][gc,metaspace   ] GC(1328) Metaspace: 78346K(79680K)->78346K(79680K) NonClass: 68780K(69376K)->68780K(69376K) Class: 9565K(10304K)->9565K(10304K)
[3546.858s][info][gc             ] GC(1328) Pause Young (Allocation Failure) 1421M->87M(4082M) 3.373ms
[3546.858s][info][gc,cpu         ] GC(1328) User=0.02s Sys=0.00s Real=0.00s
[3549.292s][info][gc,start       ] GC(1329) Pause Young (Allocation Failure)
[3549.294s][info][gc,heap        ] GC(1329) PSYoungGen: 1373546K(1383424K)->5884K(1383424K) Eden: 1369088K(1369088K)->0K(1369088K) From: 4458K(14336K)->5884K(14336K)
[3549.294s][info][gc,heap        ] GC(1329) ParOldGen: 85356K(2796544K)->88378K(2796544K)
[3549.294s][info][gc,metaspace   ] GC(1329) Metaspace: 78346K(79680K)->78346K(79680K) NonClass: 68780K(69376K)->68780K(69376K) Class: 9565K(10304K)->9565K(10304K)
[3549.294s][info][gc             ] GC(1329) Pause Young (Allocation Failure) 1424M->92M(4082M) 2.857ms
[3549.294s][info][gc,cpu         ] GC(1329) User=0.09s Sys=0.00s Real=0.00s
[3553.698s][info][gc,start       ] GC(1330) Pause Young (Allocation Failure)
[3553.701s][info][gc,heap        ] GC(1330) PSYoungGen: 1374972K(1383424K)->4487K(1384448K) Eden: 1369088K(1369088K)->0K(1371136K) From: 5884K(14336K)->4487K(13312K)
[3553.701s][info][gc,heap        ] GC(1330) ParOldGen: 88378K(2796544K)->92675K(2796544K)
[3553.701s][info][gc,metaspace   ] GC(1330) Metaspace: 78346K(79680K)->78346K(79680K) NonClass: 68780K(69376K)->68780K(69376K) Class: 9565K(10304K)->9565K(10304K)
[3553.701s][info][gc             ] GC(1330) Pause Young (Allocation Failure) 1429M->94M(4083M) 2.826ms
[3553.701s][info][gc,cpu         ] GC(1330) User=0.09s Sys=0.00s Real=0.00s
[3555.867s][info][gc,start       ] GC(1331) Pause Young (Allocation Failure)
[3555.870s][info][gc,heap        ] GC(1331) PSYoungGen: 1375623K(1384448K)->8300K(1384448K) Eden: 1371136K(1371136K)->0K(1371136K) From: 4487K(13312K)->8300K(13312K)
[3555.870s][info][gc,heap        ] GC(1331) ParOldGen: 92675K(2796544K)->95583K(2796544K)
[3555.870s][info][gc,metaspace   ] GC(1331) Metaspace: 78346K(79680K)->78346K(79680K) NonClass: 68780K(69376K)->68780K(69376K) Class: 9565K(10304K)->9565K(10304K)
[3555.870s][info][gc             ] GC(1331) Pause Young (Allocation Failure) 1433M->101M(4083M) 3.208ms
[3555.870s][info][gc,cpu         ] GC(1331) User=0.00s Sys=0.00s Real=0.00s
[3560.000s][info][gc,start       ] GC(1332) Pause Young (Allocation Failure)
[3560.004s][info][gc,heap        ] GC(1332) PSYoungGen: 1379436K(1384448K)->6656K(1384960K) Eden: 1371136K(1371136K)->0K(1371648K) From: 8300K(13312K)->6656K(13312K)
[3560.004s][info][gc,heap        ] GC(1332) ParOldGen: 95583K(2796544K)->100214K(2796544K)
[3560.004s][info][gc,metaspace   ] GC(1332) Metaspace: 78346K(79680K)->78346K(79680K) NonClass: 68780K(69376K)->68780K(69376K) Class: 9565K(10304K)->9565K(10304K)
[3560.004s][info][gc             ] GC(1332) Pause Young (Allocation Failure) 1440M->104M(4083M) 3.859ms
[3560.004s][info][gc,cpu         ] GC(1332) User=0.00s Sys=0.00s Real=0.01s
[3562.928s][info][gc,start       ] GC(1333) Pause Young (Allocation Failure)
[3562.931s][info][gc,heap        ] GC(1333) PSYoungGen: 1376546K(1384960K)->5013K(1384448K) Eden: 1369889K(1371648K)->0K(1371648K) From: 6656K(13312K)->5013K(12800K)
[3562.931s][info][gc,heap        ] GC(1333) ParOldGen: 100214K(2796544K)->104188K(2796544K)
[3562.931s][info][gc,metaspace   ] GC(1333) Metaspace: 78346K(79680K)->78346K(79680K) NonClass: 68780K(69376K)->68780K(69376K) Class: 9565K(10304K)->9565K(10304K)
[3562.931s][info][gc             ] GC(1333) Pause Young (Allocation Failure) 1442M->106M(4083M) 2.919ms
[3562.931s][info][gc,cpu         ] GC(1333) User=0.00s Sys=0.00s Real=0.01s
[3565.177s][info][gc,start       ] GC(1334) Pause Young (Allocation Failure)
[3565.181s][info][gc,heap        ] GC(1334) PSYoungGen: 1376661K(1384448K)->6194K(1385984K) Eden: 1371648K(1371648K)->0K(1373696K) From: 5013K(12800K)->6194K(12288K)
[3565.181s][info][gc,heap        ] GC(1334) ParOldGen: 104188K(2796544K)->108292K(2796544K)
[3565.181s][info][gc,metaspace   ] GC(1334) Metaspace: 78346K(79680K)->78346K(79680K) NonClass: 68780K(69376K)->68780K(69376K) Class: 9565K(10304K)->9565K(10304K)
[3565.181s][info][gc             ] GC(1334) Pause Young (Allocation Failure) 1446M->111M(4084M) 4.278ms
[3565.181s][info][gc,cpu         ] GC(1334) User=0.00s Sys=0.00s Real=0.00s
[3567.604s][info][gc,start       ] GC(1335) Pause Young (Allocation Failure)
[3567.608s][info][gc,heap        ] GC(1335) PSYoungGen: 1379890K(1385984K)->5770K(1385472K) Eden: 1373696K(1373696K)->0K(1373696K) From: 6194K(12288K)->5770K(11776K)
[3567.608s][info][gc,heap        ] GC(1335) ParOldGen: 108292K(2796544K)->113221K(2796544K)
[3567.608s][info][gc,metaspace   ] GC(1335) Metaspace: 78346K(79680K)->78346K(79680K) NonClass: 68780K(69376K)->68780K(69376K) Class: 9565K(10304K)->9565K(10304K)
[3567.608s][info][gc             ] GC(1335) Pause Young (Allocation Failure) 1453M->116M(4084M) 3.311ms
[3567.608s][info][gc,cpu         ] GC(1335) User=0.09s Sys=0.00s Real=0.01s
[3570.316s][info][gc,start       ] GC(1336) Pause Young (Allocation Failure)
[3570.320s][info][gc,heap        ] GC(1336) PSYoungGen: 1377539K(1385472K)->10851K(1384448K) Eden: 1371769K(1373696K)->0K(1373184K) From: 5770K(11776K)->10851K(11264K)
[3570.320s][info][gc,heap        ] GC(1336) ParOldGen: 113221K(2796544K)->117877K(2796544K)
[3570.320s][info][gc,metaspace   ] GC(1336) Metaspace: 78346K(79680K)->78346K(79680K) NonClass: 68780K(69376K)->68780K(69376K) Class: 9565K(10304K)->9565K(10304K)
[3570.320s][info][gc             ] GC(1336) Pause Young (Allocation Failure) 1455M->125M(4083M) 4.217ms
[3570.320s][info][gc,cpu         ] GC(1336) User=0.00s Sys=0.00s Real=0.00s
[3573.616s][info][gc,start       ] GC(1337) Pause Young (Allocation Failure)
[3573.619s][info][gc,heap        ] GC(1337) PSYoungGen: 1384035K(1384448K)->5607K(1385472K) Eden: 1373184K(1373184K)->0K(1373184K) From: 10851K(11264K)->5607K(12288K)
[3573.619s][info][gc,heap        ] GC(1337) ParOldGen: 117877K(2796544K)->120496K(2796544K)
[3573.619s][info][gc,metaspace   ] GC(1337) Metaspace: 78346K(79680K)->78346K(79680K) NonClass: 68780K(69376K)->68780K(69376K) Class: 9565K(10304K)->9565K(10304K)
[3573.619s][info][gc             ] GC(1337) Pause Young (Allocation Failure) 1466M->123M(4084M) 2.953ms
[3573.619s][info][gc,cpu         ] GC(1337) User=0.00s Sys=0.00s Real=0.01s
[3573.983s][info][gc,start       ] GC(1338) Pause Young (System.gc())
[3573.984s][info][gc,heap        ] GC(1338) PSYoungGen: 374030K(1385472K)->623K(1384448K) Eden: 368422K(1373184K)->0K(1372160K) From: 5607K(12288K)->623K(12288K)
[3573.984s][info][gc,heap        ] GC(1338) ParOldGen: 120496K(2796544K)->122751K(2796544K)
[3573.984s][info][gc,metaspace   ] GC(1338) Metaspace: 78346K(79680K)->78346K(79680K) NonClass: 68780K(69376K)->68780K(69376K) Class: 9565K(10304K)->9565K(10304K)
[3573.984s][info][gc             ] GC(1338) Pause Young (System.gc()) 482M->120M(4083M) 1.437ms
[3573.984s][info][gc,cpu         ] GC(1338) User=0.00s Sys=0.00s Real=0.00s
[3573.984s][info][gc,start       ] GC(1339) Pause Full (System.gc())
[3573.984s][info][gc,phases,start] GC(1339) Marking Phase
[3574.011s][info][gc,phases      ] GC(1339) Marking Phase 26.979ms
[3574.011s][info][gc,phases,start] GC(1339) Summary Phase
[3574.011s][info][gc,phases      ] GC(1339) Summary Phase 0.011ms
[3574.011s][info][gc,phases,start] GC(1339) Adjust Roots
[3574.022s][info][gc,phases      ] GC(1339) Adjust Roots 11.041ms
[3574.022s][info][gc,phases,start] GC(1339) Compaction Phase
[3574.033s][info][gc,phases      ] GC(1339) Compaction Phase 11.101ms
[3574.033s][info][gc,phases,start] GC(1339) Post Compact
[3574.035s][info][gc,phases      ] GC(1339) Post Compact 1.057ms
[3574.035s][info][gc,heap        ] GC(1339) PSYoungGen: 623K(1384448K)->0K(1384448K) Eden: 0K(1372160K)->0K(1372160K) From: 623K(12288K)->0K(12288K)
[3574.035s][info][gc,heap        ] GC(1339) ParOldGen: 122751K(2796544K)->78354K(2796544K)
[3574.035s][info][gc,metaspace   ] GC(1339) Metaspace: 78346K(79680K)->78346K(79680K) NonClass: 68780K(69376K)->68780K(69376K) Class: 9565K(10304K)->9565K(10304K)
[3574.035s][info][gc             ] GC(1339) Pause Full (System.gc()) 120M->76M(4083M) 50.501ms
[3574.035s][info][gc,cpu         ] GC(1339) User=0.12s Sys=0.00s Real=0.05s
[3577.239s][info][gc,start       ] GC(1340) Pause Young (Allocation Failure)
[3577.241s][info][gc,heap        ] GC(1340) PSYoungGen: 1372160K(1384448K)->5214K(1384960K) Eden: 1372160K(1372160K)->0K(1372160K) From: 0K(12288K)->5214K(12800K)
[3577.241s][info][gc,heap        ] GC(1340) ParOldGen: 78354K(2796544K)->78354K(2796544K)
[3577.241s][info][gc,metaspace   ] GC(1340) Metaspace: 78346K(79680K)->78346K(79680K) NonClass: 68780K(69376K)->68780K(69376K) Class: 9565K(10304K)->9565K(10304K)
[3577.241s][info][gc             ] GC(1340) Pause Young (Allocation Failure) 1416M->81M(4083M) 2.151ms
[3577.241s][info][gc,cpu         ] GC(1340) User=0.00s Sys=0.00s Real=0.00s
[3579.972s][info][gc,start       ] GC(1341) Pause Young (Allocation Failure)
[3579.975s][info][gc,heap        ] GC(1341) PSYoungGen: 1373844K(1384960K)->10355K(1383424K) Eden: 1368630K(1372160K)->0K(1371136K) From: 5214K(12800K)->10355K(12288K)
[3579.975s][info][gc,heap        ] GC(1341) ParOldGen: 78354K(2796544K)->82319K(2796544K)
[3579.975s][info][gc,metaspace   ] GC(1341) Metaspace: 78346K(79680K)->78346K(79680K) NonClass: 68780K(69376K)->68780K(69376K) Class: 9565K(10304K)->9565K(10304K)
[3579.975s][info][gc             ] GC(1341) Pause Young (Allocation Failure) 1418M->90M(4082M) 3.245ms
[3579.975s][info][gc,cpu         ] GC(1341) User=0.00s Sys=0.00s Real=0.00s
[3583.952s][info][gc,start       ] GC(1342) Pause Young (Allocation Failure)
[3583.955s][info][gc,heap        ] GC(1342) PSYoungGen: 1381491K(1383424K)->4765K(1384448K) Eden: 1371136K(1371136K)->0K(1371136K) From: 10355K(12288K)->4765K(13312K)
[3583.955s][info][gc,heap        ] GC(1342) ParOldGen: 82319K(2796544K)->84977K(2796544K)
[3583.955s][info][gc,metaspace   ] GC(1342) Metaspace: 78346K(79680K)->78346K(79680K) NonClass: 68780K(69376K)->68780K(69376K) Class: 9565K(10304K)->9565K(10304K)
[3583.955s][info][gc             ] GC(1342) Pause Young (Allocation Failure) 1429M->87M(4083M) 2.602ms
[3583.955s][info][gc,cpu         ] GC(1342) User=0.00s Sys=0.00s Real=0.00s
[3586.408s][info][gc,start       ] GC(1343) Pause Young (Allocation Failure)
[3586.411s][info][gc,heap        ] GC(1343) PSYoungGen: 1375901K(1384448K)->5751K(1385472K) Eden: 1371136K(1371136K)->0K(1372672K) From: 4765K(13312K)->5751K(12800K)
[3586.411s][info][gc,heap        ] GC(1343) ParOldGen: 84977K(2796544K)->88058K(2796544K)
[3586.411s][info][gc,metaspace   ] GC(1343) Metaspace: 78346K(79680K)->78346K(79680K) NonClass: 68780K(69376K)->68780K(69376K) Class: 9565K(10304K)->9565K(10304K)
[3586.411s][info][gc             ] GC(1343) Pause Young (Allocation Failure) 1426M->91M(4084M) 3.078ms
[3586.411s][info][gc,cpu         ] GC(1343) User=0.00s Sys=0.00s Real=0.00s
[3590.943s][info][gc,start       ] GC(1344) Pause Young (Allocation Failure)
[3590.946s][info][gc,heap        ] GC(1344) PSYoungGen: 1377304K(1385472K)->4025K(1384960K) Eden: 1371553K(1372672K)->0K(1372672K) From: 5751K(12800K)->4025K(12288K)
[3590.946s][info][gc,heap        ] GC(1344) ParOldGen: 88058K(2796544K)->92313K(2796544K)
[3590.946s][info][gc,metaspace   ] GC(1344) Metaspace: 78346K(79680K)->78346K(79680K) NonClass: 68780K(69376K)->68780K(69376K) Class: 9565K(10304K)->9565K(10304K)
[3590.946s][info][gc             ] GC(1344) Pause Young (Allocation Failure) 1431M->94M(4083M) 2.908ms
[3590.946s][info][gc,cpu         ] GC(1344) User=0.00s Sys=0.00s Real=0.01s
[3593.118s][info][gc,start       ] GC(1345) Pause Young (Allocation Failure)
[3593.122s][info][gc,heap        ] GC(1345) PSYoungGen: 1376697K(1384960K)->7217K(1385984K) Eden: 1372672K(1372672K)->0K(1373696K) From: 4025K(12288K)->7217K(12288K)
[3593.122s][info][gc,heap        ] GC(1345) ParOldGen: 92313K(2796544K)->95247K(2796544K)
[3593.122s][info][gc,metaspace   ] GC(1345) Metaspace: 78346K(79680K)->78346K(79680K) NonClass: 68780K(69376K)->68780K(69376K) Class: 9565K(10304K)->9565K(10304K)
[3593.122s][info][gc             ] GC(1345) Pause Young (Allocation Failure) 1434M->100M(4084M) 3.835ms
[3593.122s][info][gc,cpu         ] GC(1345) User=0.08s Sys=0.00s Real=0.01s
[3597.225s][info][gc,start       ] GC(1346) Pause Young (Allocation Failure)
[3597.230s][info][gc,heap        ] GC(1346) PSYoungGen: 1380913K(1385984K)->11152K(1384960K) Eden: 1373696K(1373696K)->0K(1373696K) From: 7217K(12288K)->11152K(11264K)
[3597.230s][info][gc,heap        ] GC(1346) ParOldGen: 95247K(2796544K)->99890K(2796544K)
[3597.230s][info][gc,metaspace   ] GC(1346) Metaspace: 78348K(79680K)->78348K(79680K) NonClass: 68782K(69376K)->68782K(69376K) Class: 9565K(10304K)->9565K(10304K)
[3597.230s][info][gc             ] GC(1346) Pause Young (Allocation Failure) 1441M->108M(4083M) 5.245ms
[3597.230s][info][gc,cpu         ] GC(1346) User=0.09s Sys=0.00s Real=0.01s
[3600.242s][info][gc,start       ] GC(1347) Pause Young (Allocation Failure)
[3600.245s][info][gc,heap        ] GC(1347) PSYoungGen: 1381437K(1384960K)->5024K(1384960K) Eden: 1370285K(1373696K)->0K(1372160K) From: 11152K(11264K)->5024K(12800K)
[3600.245s][info][gc,heap        ] GC(1347) ParOldGen: 99890K(2796544K)->103703K(2796544K)
[3600.245s][info][gc,metaspace   ] GC(1347) Metaspace: 78348K(79680K)->78348K(79680K) NonClass: 68782K(69376K)->68782K(69376K) Class: 9565K(10304K)->9565K(10304K)
[3600.245s][info][gc             ] GC(1347) Pause Young (Allocation Failure) 1446M->106M(4083M) 3.093ms
[3600.245s][info][gc,cpu         ] GC(1347) User=0.00s Sys=0.00s Real=0.00s
[3602.414s][info][gc,start       ] GC(1348) Pause Young (Allocation Failure)
[3602.417s][info][gc,heap        ] GC(1348) PSYoungGen: 1377184K(1384960K)->6516K(1384960K) Eden: 1372160K(1372160K)->0K(1372160K) From: 5024K(12800K)->6516K(12800K)
[3602.417s][info][gc,heap        ] GC(1348) ParOldGen: 103703K(2796544K)->107828K(2796544K)
[3602.417s][info][gc,metaspace   ] GC(1348) Metaspace: 78348K(79680K)->78348K(79680K) NonClass: 68782K(69376K)->68782K(69376K) Class: 9565K(10304K)->9565K(10304K)
[3602.417s][info][gc             ] GC(1348) Pause Young (Allocation Failure) 1446M->111M(4083M) 3.302ms
[3602.417s][info][gc,cpu         ] GC(1348) User=0.02s Sys=0.00s Real=0.01s
[3604.835s][info][gc,start       ] GC(1349) Pause Young (Allocation Failure)
[3604.838s][info][gc,heap        ] GC(1349) PSYoungGen: 1378676K(1384960K)->5760K(1385984K) Eden: 1372160K(1372160K)->0K(1373696K) From: 6516K(12800K)->5760K(12288K)
[3604.838s][info][gc,heap        ] GC(1349) ParOldGen: 107828K(2796544K)->112771K(2796544K)
[3604.838s][info][gc,metaspace   ] GC(1349) Metaspace: 78348K(79680K)->78348K(79680K) NonClass: 68782K(69376K)->68782K(69376K) Class: 9565K(10304K)->9565K(10304K)
[3604.838s][info][gc             ] GC(1349) Pause Young (Allocation Failure) 1451M->115M(4084M) 3.529ms
[3604.838s][info][gc,cpu         ] GC(1349) User=0.00s Sys=0.00s Real=0.00s
[3607.543s][info][gc,start       ] GC(1350) Pause Young (Allocation Failure)
[3607.547s][info][gc,heap        ] GC(1350) PSYoungGen: 1379456K(1385984K)->6897K(1385472K) Eden: 1373696K(1373696K)->0K(1373696K) From: 5760K(12288K)->6897K(11776K)
[3607.547s][info][gc,heap        ] GC(1350) ParOldGen: 112771K(2796544K)->117367K(2796544K)
[3607.547s][info][gc,metaspace   ] GC(1350) Metaspace: 78348K(79680K)->78348K(79680K) NonClass: 68782K(69376K)->68782K(69376K) Class: 9565K(10304K)->9565K(10304K)
[3607.547s][info][gc             ] GC(1350) Pause Young (Allocation Failure) 1457M->121M(4084M) 3.683ms
[3607.547s][info][gc,cpu         ] GC(1350) User=0.00s Sys=0.00s Real=0.00s
[3610.904s][info][gc,start       ] GC(1351) Pause Young (Allocation Failure)
[3610.907s][info][gc,heap        ] GC(1351) PSYoungGen: 1380593K(1385472K)->5967K(1386496K) Eden: 1373696K(1373696K)->0K(1375232K) From: 6897K(11776K)->5967K(11264K)
[3610.907s][info][gc,heap        ] GC(1351) ParOldGen: 117367K(2796544K)->119986K(2796544K)
[3610.907s][info][gc,metaspace   ] GC(1351) Metaspace: 78348K(79680K)->78348K(79680K) NonClass: 68782K(69376K)->68782K(69376K) Class: 9565K(10304K)->9565K(10304K)
[3610.907s][info][gc             ] GC(1351) Pause Young (Allocation Failure) 1462M->123M(4085M) 3.004ms
[3610.907s][info][gc,cpu         ] GC(1351) User=0.00s Sys=0.00s Real=0.00s
[3611.274s][info][gc,start       ] GC(1352) Pause Young (System.gc())
[3611.275s][info][gc,heap        ] GC(1352) PSYoungGen: 368946K(1386496K)->591K(1376256K) Eden: 362978K(1375232K)->0K(1375232K) From: 5967K(11264K)->591K(1024K)
[3611.275s][info][gc,heap        ] GC(1352) ParOldGen: 119986K(2796544K)->122345K(2796544K)
[3611.275s][info][gc,metaspace   ] GC(1352) Metaspace: 78348K(79680K)->78348K(79680K) NonClass: 68782K(69376K)->68782K(69376K) Class: 9565K(10304K)->9565K(10304K)
[3611.275s][info][gc             ] GC(1352) Pause Young (System.gc()) 477M->120M(4075M) 1.479ms
[3611.275s][info][gc,cpu         ] GC(1352) User=0.00s Sys=0.00s Real=0.00s
[3611.275s][info][gc,start       ] GC(1353) Pause Full (System.gc())
[3611.276s][info][gc,phases,start] GC(1353) Marking Phase
[3611.302s][info][gc,phases      ] GC(1353) Marking Phase 26.726ms
[3611.302s][info][gc,phases,start] GC(1353) Summary Phase
[3611.302s][info][gc,phases      ] GC(1353) Summary Phase 0.011ms
[3611.302s][info][gc,phases,start] GC(1353) Adjust Roots
[3611.314s][info][gc,phases      ] GC(1353) Adjust Roots 11.510ms
[3611.314s][info][gc,phases,start] GC(1353) Compaction Phase
[3611.325s][info][gc,phases      ] GC(1353) Compaction Phase 11.121ms
[3611.325s][info][gc,phases,start] GC(1353) Post Compact
[3611.326s][info][gc,phases      ] GC(1353) Post Compact 1.031ms
[3611.326s][info][gc,heap        ] GC(1353) PSYoungGen: 591K(1376256K)->0K(1376256K) Eden: 0K(1375232K)->0K(1375232K) From: 591K(1024K)->0K(1024K)
[3611.326s][info][gc,heap        ] GC(1353) ParOldGen: 122345K(2796544K)->78531K(2796544K)
[3611.326s][info][gc,metaspace   ] GC(1353) Metaspace: 78348K(79680K)->78348K(79680K) NonClass: 68782K(69376K)->68782K(69376K) Class: 9565K(10304K)->9565K(10304K)
[3611.326s][info][gc             ] GC(1353) Pause Full (System.gc()) 120M->76M(4075M) 50.728ms
[3611.326s][info][gc,cpu         ] GC(1353) User=0.22s Sys=0.00s Real=0.05s
[3613.321s][info][gc,start       ] GC(1354) Pause Young (System.gc())
[3613.324s][info][gc,heap        ] GC(1354) PSYoungGen: 1040064K(1376256K)->5625K(1386496K) Eden: 1040064K(1375232K)->0K(1374720K) From: 0K(1024K)->5625K(11776K)
[3613.324s][info][gc,heap        ] GC(1354) ParOldGen: 78531K(2796544K)->78531K(2796544K)
[3613.324s][info][gc,metaspace   ] GC(1354) Metaspace: 78349K(79680K)->78349K(79680K) NonClass: 68783K(69376K)->68783K(69376K) Class: 9565K(10304K)->9565K(10304K)
[3613.324s][info][gc             ] GC(1354) Pause Young (System.gc()) 1092M->82M(4085M) 3.309ms
[3613.324s][info][gc,cpu         ] GC(1354) User=0.08s Sys=0.00s Real=0.00s
[3613.325s][info][gc,start       ] GC(1355) Pause Full (System.gc())
[3613.325s][info][gc,phases,start] GC(1355) Marking Phase
[3613.349s][info][gc,phases      ] GC(1355) Marking Phase 24.069ms
[3613.349s][info][gc,phases,start] GC(1355) Summary Phase
[3613.349s][info][gc,phases      ] GC(1355) Summary Phase 0.010ms
[3613.349s][info][gc,phases,start] GC(1355) Adjust Roots
[3613.360s][info][gc,phases      ] GC(1355) Adjust Roots 10.929ms
[3613.360s][info][gc,phases,start] GC(1355) Compaction Phase
[3613.368s][info][gc,phases      ] GC(1355) Compaction Phase 8.691ms
[3613.368s][info][gc,phases,start] GC(1355) Post Compact
[3613.369s][info][gc,phases      ] GC(1355) Post Compact 0.911ms
[3613.369s][info][gc,heap        ] GC(1355) PSYoungGen: 5625K(1386496K)->0K(1386496K) Eden: 0K(1374720K)->0K(1374720K) From: 5625K(11776K)->0K(11776K)
[3613.369s][info][gc,heap        ] GC(1355) ParOldGen: 78531K(2796544K)->57547K(2796544K)
[3613.369s][info][gc,metaspace   ] GC(1355) Metaspace: 78349K(79680K)->78349K(79680K) NonClass: 68783K(69376K)->68783K(69376K) Class: 9565K(10304K)->9565K(10304K)
[3613.369s][info][gc             ] GC(1355) Pause Full (System.gc()) 82M->56M(4085M) 44.942ms
[3613.370s][info][gc,cpu         ] GC(1355) User=0.03s Sys=0.00s Real=0.05s
[3617.170s][info][gc,start       ] GC(1356) Pause Young (Allocation Failure)
[3617.174s][info][gc,heap        ] GC(1356) PSYoungGen: 1374720K(1386496K)->9536K(1385984K) Eden: 1374720K(1374720K)->0K(1374720K) From: 0K(11776K)->9536K(11264K)
[3617.174s][info][gc,heap        ] GC(1356) ParOldGen: 57547K(2796544K)->57547K(2796544K)
[3617.174s][info][gc,metaspace   ] GC(1356) Metaspace: 78349K(79680K)->78349K(79680K) NonClass: 68783K(69376K)->68783K(69376K) Class: 9565K(10304K)->9565K(10304K)
[3617.174s][info][gc             ] GC(1356) Pause Young (Allocation Failure) 1398M->65M(4084M) 4.770ms
[3617.174s][info][gc,cpu         ] GC(1356) User=0.00s Sys=0.00s Real=0.00s
[3620.370s][info][gc,start       ] GC(1357) Pause Young (Allocation Failure)
[3620.374s][info][gc,heap        ] GC(1357) PSYoungGen: 1384256K(1385984K)->5271K(1385984K) Eden: 1374720K(1374720K)->0K(1374208K) From: 9536K(11264K)->5271K(11776K)
[3620.374s][info][gc,heap        ] GC(1357) ParOldGen: 57547K(2796544K)->61691K(2796544K)
[3620.374s][info][gc,metaspace   ] GC(1357) Metaspace: 78349K(79680K)->78349K(79680K) NonClass: 68783K(69376K)->68783K(69376K) Class: 9565K(10304K)->9565K(10304K)
[3620.374s][info][gc             ] GC(1357) Pause Young (Allocation Failure) 1408M->65M(4084M) 3.722ms
[3620.374s][info][gc,cpu         ] GC(1357) User=0.02s Sys=0.03s Real=0.00s
[3623.371s][info][gc,start       ] GC(1358) Pause Young (Allocation Failure)
[3623.376s][info][gc,heap        ] GC(1358) PSYoungGen: 1379268K(1385984K)->10011K(1384448K) Eden: 1373996K(1374208K)->0K(1374208K) From: 5271K(11776K)->10011K(10240K)
[3623.376s][info][gc,heap        ] GC(1358) ParOldGen: 61691K(2796544K)->78053K(2796544K)
[3623.376s][info][gc,metaspace   ] GC(1358) Metaspace: 78349K(79680K)->78349K(79680K) NonClass: 68783K(69376K)->68783K(69376K) Class: 9565K(10304K)->9565K(10304K)
[3623.376s][info][gc             ] GC(1358) Pause Young (Allocation Failure) 1407M->86M(4083M) 5.518ms
[3623.376s][info][gc,cpu         ] GC(1358) User=0.00s Sys=0.00s Real=0.00s
[3627.106s][info][gc,start       ] GC(1359) Pause Young (Allocation Failure)
[3627.109s][info][gc,heap        ] GC(1359) PSYoungGen: 1384219K(1384448K)->4615K(1385472K) Eden: 1374208K(1374208K)->0K(1373184K) From: 10011K(10240K)->4615K(12288K)
[3627.109s][info][gc,heap        ] GC(1359) ParOldGen: 78053K(2796544K)->80690K(2796544K)
[3627.109s][info][gc,metaspace   ] GC(1359) Metaspace: 78349K(79680K)->78349K(79680K) NonClass: 68783K(69376K)->68783K(69376K) Class: 9565K(10304K)->9565K(10304K)
[3627.109s][info][gc             ] GC(1359) Pause Young (Allocation Failure) 1428M->83M(4084M) 3.080ms
[3627.109s][info][gc,cpu         ] GC(1359) User=0.00s Sys=0.00s Real=0.01s
[3629.758s][info][gc,start       ] GC(1360) Pause Young (Allocation Failure)
[3629.761s][info][gc,heap        ] GC(1360) PSYoungGen: 1377799K(1385472K)->5801K(1385472K) Eden: 1373184K(1373184K)->0K(1373184K) From: 4615K(12288K)->5801K(12288K)
[3629.761s][info][gc,heap        ] GC(1360) ParOldGen: 80690K(2796544K)->83769K(2796544K)
[3629.761s][info][gc,metaspace   ] GC(1360) Metaspace: 78349K(79680K)->78349K(79680K) NonClass: 68783K(69376K)->68783K(69376K) Class: 9565K(10304K)->9565K(10304K)
[3629.761s][info][gc             ] GC(1360) Pause Young (Allocation Failure) 1424M->87M(4084M) 2.949ms
[3629.761s][info][gc,cpu         ] GC(1360) User=0.00s Sys=0.00s Real=0.00s
[3634.224s][info][gc,start       ] GC(1361) Pause Young (Allocation Failure)
[3634.227s][info][gc,heap        ] GC(1361) PSYoungGen: 1378985K(1385472K)->4306K(1385984K) Eden: 1373184K(1373184K)->0K(1374208K) From: 5801K(12288K)->4306K(11776K)
[3634.227s][info][gc,heap        ] GC(1361) ParOldGen: 83769K(2796544K)->88189K(2796544K)
[3634.227s][info][gc,metaspace   ] GC(1361) Metaspace: 78349K(79680K)->78349K(79680K) NonClass: 68783K(69376K)->68783K(69376K) Class: 9565K(10304K)->9565K(10304K)
[3634.227s][info][gc             ] GC(1361) Pause Young (Allocation Failure) 1428M->90M(4084M) 2.587ms
[3634.227s][info][gc,cpu         ] GC(1361) User=0.00s Sys=0.00s Real=0.00s
[3636.423s][info][gc,start       ] GC(1362) Pause Young (Allocation Failure)
[3636.425s][info][gc,heap        ] GC(1362) PSYoungGen: 1377769K(1385984K)->5867K(1385984K) Eden: 1373462K(1374208K)->0K(1374208K) From: 4306K(11776K)->5867K(11776K)
[3636.425s][info][gc,heap        ] GC(1362) ParOldGen: 88189K(2796544K)->91047K(2796544K)
[3636.425s][info][gc,metaspace   ] GC(1362) Metaspace: 78349K(79680K)->78349K(79680K) NonClass: 68783K(69376K)->68783K(69376K) Class: 9565K(10304K)->9565K(10304K)
[3636.425s][info][gc             ] GC(1362) Pause Young (Allocation Failure) 1431M->94M(4084M) 2.721ms
[3636.425s][info][gc,cpu         ] GC(1362) User=0.00s Sys=0.00s Real=0.00s
[3638.897s][info][gc,start       ] GC(1363) Pause Young (Allocation Failure)
[3638.900s][info][gc,heap        ] GC(1363) PSYoungGen: 1380075K(1385984K)->5759K(1387008K) Eden: 1374208K(1374208K)->0K(1375744K) From: 5867K(11776K)->5759K(11264K)
[3638.900s][info][gc,heap        ] GC(1363) ParOldGen: 91047K(2796544K)->95905K(2796544K)
[3638.900s][info][gc,metaspace   ] GC(1363) Metaspace: 78349K(79680K)->78349K(79680K) NonClass: 68783K(69376K)->68783K(69376K) Class: 9565K(10304K)->9565K(10304K)
[3638.900s][info][gc             ] GC(1363) Pause Young (Allocation Failure) 1436M->99M(4085M) 3.429ms
[3638.900s][info][gc,cpu         ] GC(1363) User=0.00s Sys=0.00s Real=0.01s
[3641.766s][info][gc,start       ] GC(1364) Pause Young (Allocation Failure)
[3641.769s][info][gc,heap        ] GC(1364) PSYoungGen: 1381503K(1387008K)->6805K(1386496K) Eden: 1375744K(1375744K)->0K(1375744K) From: 5759K(11264K)->6805K(10752K)
[3641.769s][info][gc,heap        ] GC(1364) ParOldGen: 95905K(2796544K)->100569K(2796544K)
[3641.769s][info][gc,metaspace   ] GC(1364) Metaspace: 78349K(79680K)->78349K(79680K) NonClass: 68783K(69376K)->68783K(69376K) Class: 9565K(10304K)->9565K(10304K)
[3641.769s][info][gc             ] GC(1364) Pause Young (Allocation Failure) 1442M->104M(4085M) 3.230ms
[3641.769s][info][gc,cpu         ] GC(1364) User=0.00s Sys=0.00s Real=0.00s
[3644.909s][info][gc,start       ] GC(1365) Pause Young (Allocation Failure)
[3644.912s][info][gc,heap        ] GC(1365) PSYoungGen: 1382549K(1386496K)->5757K(1387520K) Eden: 1375744K(1375744K)->0K(1377280K) From: 6805K(10752K)->5757K(10240K)
[3644.912s][info][gc,heap        ] GC(1365) ParOldGen: 100569K(2796544K)->103187K(2796544K)
[3644.912s][info][gc,metaspace   ] GC(1365) Metaspace: 78349K(79680K)->78349K(79680K) NonClass: 68783K(69376K)->68783K(69376K) Class: 9565K(10304K)->9565K(10304K)
[3644.912s][info][gc             ] GC(1365) Pause Young (Allocation Failure) 1448M->106M(4086M) 3.046ms
[3644.912s][info][gc,cpu         ] GC(1365) User=0.00s Sys=0.00s Real=0.02s
[3647.991s][info][gc,start       ] GC(1366) Pause Young (Allocation Failure)
[3647.995s][info][gc,heap        ] GC(1366) PSYoungGen: 1383037K(1387520K)->6842K(1387520K) Eden: 1377280K(1377280K)->0K(1377280K) From: 5757K(10240K)->6842K(10240K)
[3647.995s][info][gc,heap        ] GC(1366) ParOldGen: 103187K(2796544K)->105311K(2796544K)
[3647.995s][info][gc,metaspace   ] GC(1366) Metaspace: 78349K(79680K)->78349K(79680K) NonClass: 68783K(69376K)->68783K(69376K) Class: 9565K(10304K)->9565K(10304K)
[3647.995s][info][gc             ] GC(1366) Pause Young (Allocation Failure) 1451M->109M(4086M) 3.706ms
[3647.995s][info][gc,cpu         ] GC(1366) User=0.00s Sys=0.00s Real=0.00s
[3648.734s][info][gc,start       ] GC(1367) Pause Young (System.gc())
[3648.736s][info][gc,heap        ] GC(1367) PSYoungGen: 657236K(1387520K)->880K(1386496K) Eden: 650393K(1377280K)->0K(1376256K) From: 6842K(10240K)->880K(10240K)
[3648.736s][info][gc,heap        ] GC(1367) ParOldGen: 105311K(2796544K)->110466K(2796544K)
[3648.736s][info][gc,metaspace   ] GC(1367) Metaspace: 78349K(79680K)->78349K(79680K) NonClass: 68783K(69376K)->68783K(69376K) Class: 9565K(10304K)->9565K(10304K)
[3648.736s][info][gc             ] GC(1367) Pause Young (System.gc()) 744M->108M(4085M) 2.074ms
[3648.736s][info][gc,cpu         ] GC(1367) User=0.00s Sys=0.00s Real=0.00s
[3648.736s][info][gc,start       ] GC(1368) Pause Full (System.gc())
[3648.736s][info][gc,phases,start] GC(1368) Marking Phase
[3648.764s][info][gc,phases      ] GC(1368) Marking Phase 27.497ms
[3648.764s][info][gc,phases,start] GC(1368) Summary Phase
[3648.764s][info][gc,phases      ] GC(1368) Summary Phase 0.011ms
[3648.764s][info][gc,phases,start] GC(1368) Adjust Roots
[3648.775s][info][gc,phases      ] GC(1368) Adjust Roots 10.885ms
[3648.775s][info][gc,phases,start] GC(1368) Compaction Phase
[3648.785s][info][gc,phases      ] GC(1368) Compaction Phase 10.849ms
[3648.786s][info][gc,phases,start] GC(1368) Post Compact
[3648.787s][info][gc,phases      ] GC(1368) Post Compact 1.014ms
[3648.787s][info][gc,heap        ] GC(1368) PSYoungGen: 880K(1386496K)->0K(1386496K) Eden: 0K(1376256K)->0K(1376256K) From: 880K(10240K)->0K(10240K)
[3648.787s][info][gc,heap        ] GC(1368) ParOldGen: 110466K(2796544K)->78222K(2796544K)
[3648.787s][info][gc,metaspace   ] GC(1368) Metaspace: 78349K(79680K)->78349K(79680K) NonClass: 68783K(69376K)->68783K(69376K) Class: 9565K(10304K)->9565K(10304K)
[3648.787s][info][gc             ] GC(1368) Pause Full (System.gc()) 108M->76M(4085M) 50.588ms
[3648.787s][info][gc,cpu         ] GC(1368) User=0.19s Sys=0.00s Real=0.05s
[3652.047s][info][gc,start       ] GC(1369) Pause Young (Allocation Failure)
[3652.049s][info][gc,heap        ] GC(1369) PSYoungGen: 1376256K(1386496K)->5187K(1387008K) Eden: 1376256K(1376256K)->0K(1376256K) From: 0K(10240K)->5187K(10752K)
[3652.049s][info][gc,heap        ] GC(1369) ParOldGen: 78222K(2796544K)->78222K(2796544K)
[3652.049s][info][gc,metaspace   ] GC(1369) Metaspace: 78349K(79680K)->78349K(79680K) NonClass: 68783K(69376K)->68783K(69376K) Class: 9565K(10304K)->9565K(10304K)
[3652.049s][info][gc             ] GC(1369) Pause Young (Allocation Failure) 1420M->81M(4085M) 2.088ms
[3652.049s][info][gc,cpu         ] GC(1369) User=0.00s Sys=0.00s Real=0.00s
[3654.789s][info][gc,start       ] GC(1370) Pause Young (Allocation Failure)
[3654.793s][info][gc,heap        ] GC(1370) PSYoungGen: 1379349K(1387008K)->10236K(1385472K) Eden: 1374162K(1376256K)->0K(1375232K) From: 5187K(10752K)->10236K(10240K)
[3654.793s][info][gc,heap        ] GC(1370) ParOldGen: 78222K(2796544K)->90520K(2796544K)
[3654.793s][info][gc,metaspace   ] GC(1370) Metaspace: 78349K(79680K)->78349K(79680K) NonClass: 68783K(69376K)->68783K(69376K) Class: 9565K(10304K)->9565K(10304K)
[3654.793s][info][gc             ] GC(1370) Pause Young (Allocation Failure) 1423M->98M(4084M) 4.168ms
[3654.793s][info][gc,cpu         ] GC(1370) User=0.09s Sys=0.00s Real=0.00s
[3658.811s][info][gc,start       ] GC(1371) Pause Young (Allocation Failure)
[3658.814s][info][gc,heap        ] GC(1371) PSYoungGen: 1385468K(1385472K)->5677K(1386496K) Eden: 1375232K(1375232K)->0K(1375232K) From: 10236K(10240K)->5677K(11264K)
[3658.815s][info][gc,heap        ] GC(1371) ParOldGen: 90520K(2796544K)->93154K(2796544K)
[3658.815s][info][gc,metaspace   ] GC(1371) Metaspace: 78349K(79680K)->78349K(79680K) NonClass: 68783K(69376K)->68783K(69376K) Class: 9565K(10304K)->9565K(10304K)
[3658.815s][info][gc             ] GC(1371) Pause Young (Allocation Failure) 1441M->96M(4085M) 3.122ms
[3658.815s][info][gc,cpu         ] GC(1371) User=0.00s Sys=0.00s Real=0.01s
[3661.250s][info][gc,start       ] GC(1372) Pause Young (Allocation Failure)
[3661.253s][info][gc,heap        ] GC(1372) PSYoungGen: 1380909K(1386496K)->5938K(1387008K) Eden: 1375232K(1375232K)->0K(1376256K) From: 5677K(11264K)->5938K(10752K)
[3661.253s][info][gc,heap        ] GC(1372) ParOldGen: 93154K(2796544K)->96281K(2796544K)
[3661.253s][info][gc,metaspace   ] GC(1372) Metaspace: 78349K(79680K)->78349K(79680K) NonClass: 68783K(69376K)->68783K(69376K) Class: 9565K(10304K)->9565K(10304K)
[3661.253s][info][gc             ] GC(1372) Pause Young (Allocation Failure) 1439M->99M(4085M) 3.096ms
[3661.253s][info][gc,cpu         ] GC(1372) User=0.00s Sys=0.00s Real=0.01s
[3665.792s][info][gc,start       ] GC(1373) Pause Young (Allocation Failure)
[3665.795s][info][gc,heap        ] GC(1373) PSYoungGen: 1382194K(1387008K)->6414K(1387008K) Eden: 1376256K(1376256K)->0K(1376256K) From: 5938K(10752K)->6414K(10752K)
[3665.795s][info][gc,heap        ] GC(1373) ParOldGen: 96281K(2796544K)->100532K(2796544K)
[3665.795s][info][gc,metaspace   ] GC(1373) Metaspace: 78349K(79680K)->78349K(79680K) NonClass: 68783K(69376K)->68783K(69376K) Class: 9565K(10304K)->9565K(10304K)
[3665.795s][info][gc             ] GC(1373) Pause Young (Allocation Failure) 1443M->104M(4085M) 3.186ms
[3665.795s][info][gc,cpu         ] GC(1373) User=0.08s Sys=0.00s Real=0.00s
[3667.969s][info][gc,start       ] GC(1374) Pause Young (Allocation Failure)
[3667.972s][info][gc,heap        ] GC(1374) PSYoungGen: 1382670K(1387008K)->6641K(1387520K) Eden: 1376256K(1376256K)->0K(1377280K) From: 6414K(10752K)->6641K(10240K)
[3667.972s][info][gc,heap        ] GC(1374) ParOldGen: 100532K(2796544K)->103486K(2796544K)
[3667.972s][info][gc,metaspace   ] GC(1374) Metaspace: 78349K(79680K)->78349K(79680K) NonClass: 68783K(69376K)->68783K(69376K) Class: 9565K(10304K)->9565K(10304K)
[3667.972s][info][gc             ] GC(1374) Pause Young (Allocation Failure) 1448M->107M(4086M) 3.063ms
[3667.972s][info][gc,cpu         ] GC(1374) User=0.00s Sys=0.00s Real=0.00s
[3672.094s][info][gc,start       ] GC(1375) Pause Young (Allocation Failure)
[3672.097s][info][gc,heap        ] GC(1375) PSYoungGen: 1383921K(1387520K)->5985K(1387520K) Eden: 1377280K(1377280K)->0K(1377280K) From: 6641K(10240K)->5985K(10240K)
[3672.097s][info][gc,heap        ] GC(1375) ParOldGen: 103486K(2796544K)->108184K(2796544K)
[3672.097s][info][gc,metaspace   ] GC(1375) Metaspace: 78349K(79680K)->78349K(79680K) NonClass: 68783K(69376K)->68783K(69376K) Class: 9565K(10304K)->9565K(10304K)
[3672.097s][info][gc             ] GC(1375) Pause Young (Allocation Failure) 1452M->111M(4086M) 3.341ms
[3672.097s][info][gc,cpu         ] GC(1375) User=0.00s Sys=0.00s Real=0.00s
[3675.091s][info][gc,start       ] GC(1376) Pause Young (Allocation Failure)
[3675.094s][info][gc,heap        ] GC(1376) PSYoungGen: 1383265K(1387520K)->5925K(1388544K) Eden: 1377280K(1377280K)->0K(1378816K) From: 5985K(10240K)->5925K(9728K)
[3675.094s][info][gc,heap        ] GC(1376) ParOldGen: 108184K(2796544K)->111983K(2796544K)
[3675.094s][info][gc,metaspace   ] GC(1376) Metaspace: 78349K(79680K)->78349K(79680K) NonClass: 68783K(69376K)->68783K(69376K) Class: 9565K(10304K)->9565K(10304K)
[3675.094s][info][gc             ] GC(1376) Pause Young (Allocation Failure) 1456M->115M(4087M) 3.271ms
[3675.094s][info][gc,cpu         ] GC(1376) User=0.00s Sys=0.00s Real=0.00s
[3677.464s][info][gc,start       ] GC(1377) Pause Young (Allocation Failure)
[3677.467s][info][gc,heap        ] GC(1377) PSYoungGen: 1384741K(1388544K)->6341K(1388032K) Eden: 1378816K(1378816K)->0K(1378816K) From: 5925K(9728K)->6341K(9216K)
[3677.467s][info][gc,heap        ] GC(1377) ParOldGen: 111983K(2796544K)->116066K(2796544K)
[3677.467s][info][gc,metaspace   ] GC(1377) Metaspace: 78350K(79680K)->78350K(79680K) NonClass: 68784K(69376K)->68784K(69376K) Class: 9565K(10304K)->9565K(10304K)
[3677.467s][info][gc             ] GC(1377) Pause Young (Allocation Failure) 1461M->119M(4086M) 3.219ms
[3677.467s][info][gc,cpu         ] GC(1377) User=0.09s Sys=0.00s Real=0.00s
[3679.742s][info][gc,start       ] GC(1378) Pause Young (Allocation Failure)
[3679.745s][info][gc,heap        ] GC(1378) PSYoungGen: 1385157K(1388032K)->5727K(1388544K) Eden: 1378816K(1378816K)->0K(1379328K) From: 6341K(9216K)->5727K(9216K)
[3679.745s][info][gc,heap        ] GC(1378) ParOldGen: 116066K(2796544K)->120944K(2796544K)
[3679.745s][info][gc,metaspace   ] GC(1378) Metaspace: 78350K(79680K)->78350K(79680K) NonClass: 68784K(69376K)->68784K(69376K) Class: 9565K(10304K)->9565K(10304K)
[3679.745s][info][gc             ] GC(1378) Pause Young (Allocation Failure) 1466M->123M(4087M) 3.414ms
[3679.745s][info][gc,cpu         ] GC(1378) User=0.00s Sys=0.00s Real=0.00s
[3682.439s][info][gc,start       ] GC(1379) Pause Young (Allocation Failure)
[3682.443s][info][gc,heap        ] GC(1379) PSYoungGen: 1384807K(1388544K)->5729K(1388544K) Eden: 1379080K(1379328K)->0K(1379328K) From: 5727K(9216K)->5729K(9216K)
[3682.443s][info][gc,heap        ] GC(1379) ParOldGen: 120944K(2796544K)->125833K(2796544K)
[3682.443s][info][gc,metaspace   ] GC(1379) Metaspace: 78350K(79680K)->78350K(79680K) NonClass: 68784K(69376K)->68784K(69376K) Class: 9565K(10304K)->9565K(10304K)
[3682.443s][info][gc             ] GC(1379) Pause Young (Allocation Failure) 1470M->128M(4087M) 3.469ms
[3682.443s][info][gc,cpu         ] GC(1379) User=0.00s Sys=0.00s Real=0.00s
[3685.854s][info][gc,start       ] GC(1380) Pause Young (Allocation Failure)
[3685.857s][info][gc,heap        ] GC(1380) PSYoungGen: 1385057K(1388544K)->7013K(1389056K) Eden: 1379328K(1379328K)->0K(1380352K) From: 5729K(9216K)->7013K(8704K)
[3685.857s][info][gc,heap        ] GC(1380) ParOldGen: 125833K(2796544K)->128492K(2796544K)
[3685.857s][info][gc,metaspace   ] GC(1380) Metaspace: 78350K(79680K)->78350K(79680K) NonClass: 68784K(69376K)->68784K(69376K) Class: 9565K(10304K)->9565K(10304K)
[3685.857s][info][gc             ] GC(1380) Pause Young (Allocation Failure) 1475M->132M(4087M) 3.953ms
[3685.858s][info][gc,cpu         ] GC(1380) User=0.09s Sys=0.00s Real=0.00s
[3686.108s][info][gc,start       ] GC(1381) Pause Young (System.gc())
[3686.109s][info][gc,heap        ] GC(1381) PSYoungGen: 285767K(1389056K)->512K(1381376K) Eden: 278754K(1380352K)->0K(1380352K) From: 7013K(8704K)->512K(1024K)
[3686.109s][info][gc,heap        ] GC(1381) ParOldGen: 128492K(2796544K)->130803K(2796544K)
[3686.109s][info][gc,metaspace   ] GC(1381) Metaspace: 78350K(79680K)->78350K(79680K) NonClass: 68784K(69376K)->68784K(69376K) Class: 9565K(10304K)->9565K(10304K)
[3686.109s][info][gc             ] GC(1381) Pause Young (System.gc()) 404M->128M(4080M) 1.627ms
[3686.110s][info][gc,cpu         ] GC(1381) User=0.00s Sys=0.00s Real=0.00s
[3686.110s][info][gc,start       ] GC(1382) Pause Full (System.gc())
[3686.110s][info][gc,phases,start] GC(1382) Marking Phase
[3686.139s][info][gc,phases      ] GC(1382) Marking Phase 28.942ms
[3686.139s][info][gc,phases,start] GC(1382) Summary Phase
[3686.139s][info][gc,phases      ] GC(1382) Summary Phase 0.011ms
[3686.139s][info][gc,phases,start] GC(1382) Adjust Roots
[3686.150s][info][gc,phases      ] GC(1382) Adjust Roots 11.425ms
[3686.150s][info][gc,phases,start] GC(1382) Compaction Phase
[3686.161s][info][gc,phases      ] GC(1382) Compaction Phase 10.917ms
[3686.161s][info][gc,phases,start] GC(1382) Post Compact
[3686.162s][info][gc,phases      ] GC(1382) Post Compact 1.051ms
[3686.162s][info][gc,heap        ] GC(1382) PSYoungGen: 512K(1381376K)->0K(1381376K) Eden: 0K(1380352K)->0K(1380352K) From: 512K(1024K)->0K(1024K)
[3686.162s][info][gc,heap        ] GC(1382) ParOldGen: 130803K(2796544K)->78404K(2796544K)
[3686.162s][info][gc,metaspace   ] GC(1382) Metaspace: 78350K(79680K)->78350K(79680K) NonClass: 68784K(69376K)->68784K(69376K) Class: 9565K(10304K)->9565K(10304K)
[3686.162s][info][gc             ] GC(1382) Pause Full (System.gc()) 128M->76M(4080M) 52.634ms
[3686.162s][info][gc,cpu         ] GC(1382) User=0.19s Sys=0.00s Real=0.05s
[3689.435s][info][gc,start       ] GC(1383) Pause Young (Allocation Failure)
[3689.437s][info][gc,heap        ] GC(1383) PSYoungGen: 1380352K(1381376K)->5153K(1388544K) Eden: 1380352K(1380352K)->0K(1378816K) From: 0K(1024K)->5153K(9728K)
[3689.437s][info][gc,heap        ] GC(1383) ParOldGen: 78404K(2796544K)->78404K(2796544K)
[3689.437s][info][gc,metaspace   ] GC(1383) Metaspace: 78350K(79680K)->78350K(79680K) NonClass: 68784K(69376K)->68784K(69376K) Class: 9565K(10304K)->9565K(10304K)
[3689.437s][info][gc             ] GC(1383) Pause Young (Allocation Failure) 1424M->81M(4087M) 2.031ms
[3689.437s][info][gc,cpu         ] GC(1383) User=0.00s Sys=0.00s Real=0.00s
[3692.179s][info][gc,start       ] GC(1384) Pause Young (Allocation Failure)
[3692.183s][info][gc,heap        ] GC(1384) PSYoungGen: 1382091K(1388544K)->9208K(1388032K) Eden: 1376937K(1378816K)->0K(1378816K) From: 5153K(9728K)->9208K(9216K)
[3692.183s][info][gc,heap        ] GC(1384) ParOldGen: 78404K(2796544K)->95717K(2796544K)
[3692.183s][info][gc,metaspace   ] GC(1384) Metaspace: 78350K(79680K)->78350K(79680K) NonClass: 68784K(69376K)->68784K(69376K) Class: 9565K(10304K)->9565K(10304K)
[3692.184s][info][gc             ] GC(1384) Pause Young (Allocation Failure) 1426M->102M(4086M) 4.599ms
[3692.184s][info][gc,cpu         ] GC(1384) User=0.09s Sys=0.00s Real=0.01s
[3696.239s][info][gc,start       ] GC(1385) Pause Young (Allocation Failure)
[3696.241s][info][gc,heap        ] GC(1385) PSYoungGen: 1387941K(1388032K)->4153K(1374720K) Eden: 1378732K(1378816K)->0K(1364992K) From: 9208K(9216K)->4153K(9728K)
[3696.241s][info][gc,heap        ] GC(1385) ParOldGen: 95717K(2796544K)->98604K(2796544K)
[3696.241s][info][gc,metaspace   ] GC(1385) Metaspace: 78350K(79680K)->78350K(79680K) NonClass: 68784K(69376K)->68784K(69376K) Class: 9565K(10304K)->9565K(10304K)
[3696.241s][info][gc             ] GC(1385) Pause Young (Allocation Failure) 1448M->100M(4073M) 2.060ms
[3696.241s][info][gc,cpu         ] GC(1385) User=0.00s Sys=0.00s Real=0.00s
[3698.579s][info][gc,start       ] GC(1386) Pause Young (Allocation Failure)
[3698.581s][info][gc,heap        ] GC(1386) PSYoungGen: 1369145K(1374720K)->5854K(1381376K) Eden: 1364992K(1364992K)->0K(1364992K) From: 4153K(9728K)->5854K(16384K)
[3698.581s][info][gc,heap        ] GC(1386) ParOldGen: 98604K(2796544K)->101721K(2796544K)
[3698.581s][info][gc,metaspace   ] GC(1386) Metaspace: 78350K(79680K)->78350K(79680K) NonClass: 68784K(69376K)->68784K(69376K) Class: 9565K(10304K)->9565K(10304K)
[3698.581s][info][gc             ] GC(1386) Pause Young (Allocation Failure) 1433M->105M(4080M) 2.906ms
[3698.582s][info][gc,cpu         ] GC(1386) User=0.00s Sys=0.00s Real=0.01s
[3703.065s][info][gc,start       ] GC(1387) Pause Young (Allocation Failure)
[3703.069s][info][gc,heap        ] GC(1387) PSYoungGen: 1370846K(1381376K)->5129K(1382400K) Eden: 1364992K(1364992K)->0K(1366528K) From: 5854K(16384K)->5129K(15872K)
[3703.069s][info][gc,heap        ] GC(1387) ParOldGen: 101721K(2796544K)->106028K(2796544K)
[3703.069s][info][gc,metaspace   ] GC(1387) Metaspace: 78350K(79680K)->78350K(79680K) NonClass: 68784K(69376K)->68784K(69376K) Class: 9565K(10304K)->9565K(10304K)
[3703.069s][info][gc             ] GC(1387) Pause Young (Allocation Failure) 1438M->108M(4081M) 3.694ms
[3703.069s][info][gc,cpu         ] GC(1387) User=0.00s Sys=0.00s Real=0.00s
[3705.212s][info][gc,start       ] GC(1388) Pause Young (Allocation Failure)
[3705.216s][info][gc,heap        ] GC(1388) PSYoungGen: 1371657K(1382400K)->8278K(1381888K) Eden: 1366528K(1366528K)->0K(1366528K) From: 5129K(15872K)->8278K(15360K)
[3705.216s][info][gc,heap        ] GC(1388) ParOldGen: 106028K(2796544K)->108974K(2796544K)
[3705.216s][info][gc,metaspace   ] GC(1388) Metaspace: 78350K(79680K)->78350K(79680K) NonClass: 68784K(69376K)->68784K(69376K) Class: 9565K(10304K)->9565K(10304K)
[3705.216s][info][gc             ] GC(1388) Pause Young (Allocation Failure) 1443M->114M(4080M) 3.693ms
[3705.216s][info][gc,cpu         ] GC(1388) User=0.08s Sys=0.00s Real=0.00s
[3709.432s][info][gc,start       ] GC(1389) Pause Young (Allocation Failure)
[3709.438s][info][gc,heap        ] GC(1389) PSYoungGen: 1374806K(1381888K)->7396K(1383424K) Eden: 1366528K(1366528K)->0K(1368576K) From: 8278K(15360K)->7396K(14848K)
[3709.438s][info][gc,heap        ] GC(1389) ParOldGen: 108974K(2796544K)->113598K(2796544K)
[3709.438s][info][gc,metaspace   ] GC(1389) Metaspace: 78350K(79680K)->78350K(79680K) NonClass: 68784K(69376K)->68784K(69376K) Class: 9565K(10304K)->9565K(10304K)
[3709.438s][info][gc             ] GC(1389) Pause Young (Allocation Failure) 1449M->118M(4082M) 5.269ms
[3709.438s][info][gc,cpu         ] GC(1389) User=0.03s Sys=0.00s Real=0.00s
[3712.578s][info][gc,start       ] GC(1390) Pause Young (Allocation Failure)
[3712.581s][info][gc,heap        ] GC(1390) PSYoungGen: 1375972K(1383424K)->5289K(1382912K) Eden: 1368576K(1368576K)->0K(1368576K) From: 7396K(14848K)->5289K(14336K)
[3712.581s][info][gc,heap        ] GC(1390) ParOldGen: 113598K(2796544K)->117417K(2796544K)
[3712.581s][info][gc,metaspace   ] GC(1390) Metaspace: 78350K(79680K)->78350K(79680K) NonClass: 68784K(69376K)->68784K(69376K) Class: 9565K(10304K)->9565K(10304K)
[3712.581s][info][gc             ] GC(1390) Pause Young (Allocation Failure) 1454M->119M(4081M) 3.303ms
[3712.582s][info][gc,cpu         ] GC(1390) User=0.00s Sys=0.00s Real=0.01s
[3714.832s][info][gc,start       ] GC(1391) Pause Young (Allocation Failure)
[3714.836s][info][gc,heap        ] GC(1391) PSYoungGen: 1373865K(1382912K)->6199K(1384448K) Eden: 1368576K(1368576K)->0K(1370624K) From: 5289K(14336K)->6199K(13824K)
[3714.836s][info][gc,heap        ] GC(1391) ParOldGen: 117417K(2796544K)->121536K(2796544K)
[3714.836s][info][gc,metaspace   ] GC(1391) Metaspace: 78350K(79680K)->78350K(79680K) NonClass: 68784K(69376K)->68784K(69376K) Class: 9565K(10304K)->9565K(10304K)
[3714.836s][info][gc             ] GC(1391) Pause Young (Allocation Failure) 1456M->124M(4083M) 3.939ms
[3714.836s][info][gc,cpu         ] GC(1391) User=0.00s Sys=0.00s Real=0.00s
[3717.220s][info][gc,start       ] GC(1392) Pause Young (Allocation Failure)
[3717.224s][info][gc,heap        ] GC(1392) PSYoungGen: 1376823K(1384448K)->5910K(1383936K) Eden: 1370624K(1370624K)->0K(1370624K) From: 6199K(13824K)->5910K(13312K)
[3717.224s][info][gc,heap        ] GC(1392) ParOldGen: 121536K(2796544K)->126455K(2796544K)
[3717.224s][info][gc,metaspace   ] GC(1392) Metaspace: 78350K(79680K)->78350K(79680K) NonClass: 68784K(69376K)->68784K(69376K) Class: 9565K(10304K)->9565K(10304K)
[3717.224s][info][gc             ] GC(1392) Pause Young (Allocation Failure) 1463M->129M(4082M) 3.830ms
[3717.224s][info][gc,cpu         ] GC(1392) User=0.00s Sys=0.00s Real=0.01s
[3719.960s][info][gc,start       ] GC(1393) Pause Young (Allocation Failure)
[3719.966s][info][gc,heap        ] GC(1393) PSYoungGen: 1374194K(1383936K)->11500K(1382912K) Eden: 1368284K(1370624K)->0K(1370112K) From: 5910K(13312K)->11500K(12800K)
[3719.966s][info][gc,heap        ] GC(1393) ParOldGen: 126455K(2796544K)->143338K(2796544K)
[3719.966s][info][gc,metaspace   ] GC(1393) Metaspace: 78350K(79680K)->78350K(79680K) NonClass: 68784K(69376K)->68784K(69376K) Class: 9565K(10304K)->9565K(10304K)
[3719.966s][info][gc             ] GC(1393) Pause Young (Allocation Failure) 1465M->151M(4081M) 5.855ms
[3719.966s][info][gc,cpu         ] GC(1393) User=0.09s Sys=0.00s Real=0.00s
[3723.257s][info][gc,start       ] GC(1394) Pause Young (Allocation Failure)
[3723.260s][info][gc,heap        ] GC(1394) PSYoungGen: 1381612K(1382912K)->5665K(1383936K) Eden: 1370112K(1370112K)->0K(1370112K) From: 11500K(12800K)->5665K(13824K)
[3723.260s][info][gc,heap        ] GC(1394) ParOldGen: 143338K(2796544K)->145972K(2796544K)
[3723.260s][info][gc,metaspace   ] GC(1394) Metaspace: 78350K(79680K)->78350K(79680K) NonClass: 68784K(69376K)->68784K(69376K) Class: 9565K(10304K)->9565K(10304K)
[3723.260s][info][gc             ] GC(1394) Pause Young (Allocation Failure) 1489M->148M(4082M) 3.167ms
[3723.260s][info][gc,cpu         ] GC(1394) User=0.00s Sys=0.00s Real=0.00s
[3723.616s][info][gc,start       ] GC(1395) Pause Young (System.gc())
[3723.617s][info][gc,heap        ] GC(1395) PSYoungGen: 369943K(1383936K)->623K(1382912K) Eden: 364278K(1370112K)->0K(1369088K) From: 5665K(13824K)->623K(13824K)
[3723.617s][info][gc,heap        ] GC(1395) ParOldGen: 145972K(2796544K)->148291K(2796544K)
[3723.617s][info][gc,metaspace   ] GC(1395) Metaspace: 78350K(79680K)->78350K(79680K) NonClass: 68784K(69376K)->68784K(69376K) Class: 9565K(10304K)->9565K(10304K)
[3723.617s][info][gc             ] GC(1395) Pause Young (System.gc()) 503M->145M(4081M) 1.485ms
[3723.617s][info][gc,cpu         ] GC(1395) User=0.00s Sys=0.00s Real=0.00s
[3723.617s][info][gc,start       ] GC(1396) Pause Full (System.gc())
[3723.617s][info][gc,phases,start] GC(1396) Marking Phase
[3723.645s][info][gc,phases      ] GC(1396) Marking Phase 27.340ms
[3723.645s][info][gc,phases,start] GC(1396) Summary Phase
[3723.645s][info][gc,phases      ] GC(1396) Summary Phase 0.011ms
[3723.645s][info][gc,phases,start] GC(1396) Adjust Roots
[3723.656s][info][gc,phases      ] GC(1396) Adjust Roots 10.948ms
[3723.656s][info][gc,phases,start] GC(1396) Compaction Phase
[3723.670s][info][gc,phases      ] GC(1396) Compaction Phase 14.292ms
[3723.670s][info][gc,phases,start] GC(1396) Post Compact
[3723.673s][info][gc,phases      ] GC(1396) Post Compact 3.263ms
[3723.673s][info][gc,heap        ] GC(1396) PSYoungGen: 623K(1382912K)->0K(1382912K) Eden: 0K(1369088K)->0K(1369088K) From: 623K(13824K)->0K(13824K)
[3723.673s][info][gc,heap        ] GC(1396) ParOldGen: 148291K(2796544K)->78711K(2796544K)
[3723.673s][info][gc,metaspace   ] GC(1396) Metaspace: 78350K(79680K)->78350K(79680K) NonClass: 68784K(69376K)->68784K(69376K) Class: 9565K(10304K)->9565K(10304K)
[3723.673s][info][gc             ] GC(1396) Pause Full (System.gc()) 145M->76M(4081M) 56.166ms
[3723.673s][info][gc,cpu         ] GC(1396) User=0.20s Sys=0.02s Real=0.06s
[3726.901s][info][gc,start       ] GC(1397) Pause Young (Allocation Failure)
[3726.903s][info][gc,heap        ] GC(1397) PSYoungGen: 1369088K(1382912K)->5176K(1383424K) Eden: 1369088K(1369088K)->0K(1369088K) From: 0K(13824K)->5176K(14336K)
[3726.903s][info][gc,heap        ] GC(1397) ParOldGen: 78711K(2796544K)->78711K(2796544K)
[3726.903s][info][gc,metaspace   ] GC(1397) Metaspace: 78350K(79680K)->78350K(79680K) NonClass: 68784K(69376K)->68784K(69376K) Class: 9565K(10304K)->9565K(10304K)
[3726.903s][info][gc             ] GC(1397) Pause Young (Allocation Failure) 1413M->81M(4082M) 2.252ms
[3726.903s][info][gc,cpu         ] GC(1397) User=0.08s Sys=0.00s Real=0.01s
[3729.659s][info][gc,start       ] GC(1398) Pause Young (Allocation Failure)
[3729.665s][info][gc,heap        ] GC(1398) PSYoungGen: 1371294K(1383424K)->13793K(1379840K) Eden: 1366118K(1369088K)->0K(1366016K) From: 5176K(14336K)->13793K(13824K)
[3729.665s][info][gc,heap        ] GC(1398) ParOldGen: 78711K(2796544K)->91128K(2796544K)
[3729.665s][info][gc,metaspace   ] GC(1398) Metaspace: 78350K(79680K)->78350K(79680K) NonClass: 68784K(69376K)->68784K(69376K) Class: 9565K(10304K)->9565K(10304K)
[3729.665s][info][gc             ] GC(1398) Pause Young (Allocation Failure) 1416M->102M(4078M) 6.083ms
[3729.665s][info][gc,cpu         ] GC(1398) User=0.00s Sys=0.00s Real=0.01s
[3733.481s][info][gc,start       ] GC(1399) Pause Young (Allocation Failure)
[3733.484s][info][gc,heap        ] GC(1399) PSYoungGen: 1379809K(1379840K)->4603K(1381888K) Eden: 1366016K(1366016K)->0K(1366016K) From: 13793K(13824K)->4603K(15872K)
[3733.484s][info][gc,heap        ] GC(1399) ParOldGen: 91128K(2796544K)->93804K(2796544K)
[3733.484s][info][gc,metaspace   ] GC(1399) Metaspace: 78350K(79680K)->78350K(79680K) NonClass: 68784K(69376K)->68784K(69376K) Class: 9565K(10304K)->9565K(10304K)
[3733.484s][info][gc             ] GC(1399) Pause Young (Allocation Failure) 1436M->96M(4080M) 3.156ms
[3733.484s][info][gc,cpu         ] GC(1399) User=0.00s Sys=0.00s Real=0.00s
[3735.978s][info][gc,start       ] GC(1400) Pause Young (Allocation Failure)
[3735.981s][info][gc,heap        ] GC(1400) PSYoungGen: 1370619K(1381888K)->6026K(1383424K) Eden: 1366016K(1366016K)->0K(1368064K) From: 4603K(15872K)->6026K(15360K)
[3735.981s][info][gc,heap        ] GC(1400) ParOldGen: 93804K(2796544K)->96840K(2796544K)
[3735.981s][info][gc,metaspace   ] GC(1400) Metaspace: 78350K(79680K)->78350K(79680K) NonClass: 68784K(69376K)->68784K(69376K) Class: 9565K(10304K)->9565K(10304K)
[3735.981s][info][gc             ] GC(1400) Pause Young (Allocation Failure) 1430M->100M(4082M) 3.263ms
[3735.981s][info][gc,cpu         ] GC(1400) User=0.05s Sys=0.02s Real=0.00s
[3740.402s][info][gc,start       ] GC(1401) Pause Young (Allocation Failure)
[3740.405s][info][gc,heap        ] GC(1401) PSYoungGen: 1374090K(1383424K)->4311K(1382400K) Eden: 1368064K(1368064K)->0K(1368064K) From: 6026K(15360K)->4311K(14336K)
[3740.405s][info][gc,heap        ] GC(1401) ParOldGen: 96840K(2796544K)->101111K(2796544K)
[3740.405s][info][gc,metaspace   ] GC(1401) Metaspace: 78350K(79680K)->78350K(79680K) NonClass: 68784K(69376K)->68784K(69376K) Class: 9565K(10304K)->9565K(10304K)
[3740.405s][info][gc             ] GC(1401) Pause Young (Allocation Failure) 1436M->102M(4081M) 2.735ms
[3740.405s][info][gc,cpu         ] GC(1401) User=0.00s Sys=0.00s Real=0.00s
[3742.525s][info][gc,start       ] GC(1402) Pause Young (Allocation Failure)
[3742.529s][info][gc,heap        ] GC(1402) PSYoungGen: 1372375K(1382400K)->6447K(1384448K) Eden: 1368064K(1368064K)->0K(1370112K) From: 4311K(14336K)->6447K(14336K)
[3742.529s][info][gc,heap        ] GC(1402) ParOldGen: 101111K(2796544K)->104030K(2796544K)
[3742.529s][info][gc,metaspace   ] GC(1402) Metaspace: 78350K(79680K)->78350K(79680K) NonClass: 68784K(69376K)->68784K(69376K) Class: 9565K(10304K)->9565K(10304K)
[3742.529s][info][gc             ] GC(1402) Pause Young (Allocation Failure) 1438M->107M(4083M) 3.574ms
[3742.529s][info][gc,cpu         ] GC(1402) User=0.08s Sys=0.00s Real=0.00s
[3746.682s][info][gc,start       ] GC(1403) Pause Young (Allocation Failure)
[3746.686s][info][gc,heap        ] GC(1403) PSYoungGen: 1376559K(1384448K)->6517K(1383424K) Eden: 1370112K(1370112K)->0K(1370112K) From: 6447K(14336K)->6517K(13312K)
[3746.686s][info][gc,heap        ] GC(1403) ParOldGen: 104030K(2796544K)->108678K(2796544K)
[3746.686s][info][gc,metaspace   ] GC(1403) Metaspace: 78350K(79680K)->78350K(79680K) NonClass: 68784K(69376K)->68784K(69376K) Class: 9565K(10304K)->9565K(10304K)
[3746.686s][info][gc             ] GC(1403) Pause Young (Allocation Failure) 1445M->112M(4082M) 4.002ms
[3746.687s][info][gc,cpu         ] GC(1403) User=0.09s Sys=0.00s Real=0.01s
[3749.587s][info][gc,start       ] GC(1404) Pause Young (Allocation Failure)
[3749.590s][info][gc,heap        ] GC(1404) PSYoungGen: 1376629K(1383424K)->5375K(1385472K) Eden: 1370112K(1370112K)->0K(1372672K) From: 6517K(13312K)->5375K(12800K)
[3749.590s][info][gc,heap        ] GC(1404) ParOldGen: 108678K(2796544K)->112564K(2796544K)
[3749.590s][info][gc,metaspace   ] GC(1404) Metaspace: 78350K(79680K)->78350K(79680K) NonClass: 68784K(69376K)->68784K(69376K) Class: 9565K(10304K)->9565K(10304K)
[3749.590s][info][gc             ] GC(1404) Pause Young (Allocation Failure) 1450M->115M(4084M) 3.587ms
[3749.590s][info][gc,cpu         ] GC(1404) User=0.08s Sys=0.00s Real=0.00s
[3751.772s][info][gc,start       ] GC(1405) Pause Young (Allocation Failure)
[3751.776s][info][gc,heap        ] GC(1405) PSYoungGen: 1378047K(1385472K)->7104K(1384960K) Eden: 1372672K(1372672K)->0K(1372672K) From: 5375K(12800K)->7104K(12288K)
[3751.776s][info][gc,heap        ] GC(1405) ParOldGen: 112564K(2796544K)->116587K(2796544K)
[3751.776s][info][gc,metaspace   ] GC(1405) Metaspace: 78350K(79680K)->78350K(79680K) NonClass: 68784K(69376K)->68784K(69376K) Class: 9565K(10304K)->9565K(10304K)
[3751.776s][info][gc             ] GC(1405) Pause Young (Allocation Failure) 1455M->120M(4083M) 3.566ms
[3751.776s][info][gc,cpu         ] GC(1405) User=0.00s Sys=0.00s Real=0.00s
[3754.281s][info][gc,start       ] GC(1406) Pause Young (Allocation Failure)
[3754.285s][info][gc,heap        ] GC(1406) PSYoungGen: 1379776K(1384960K)->5676K(1385984K) Eden: 1372672K(1372672K)->0K(1373696K) From: 7104K(12288K)->5676K(12288K)
[3754.285s][info][gc,heap        ] GC(1406) ParOldGen: 116587K(2796544K)->121557K(2796544K)
[3754.285s][info][gc,metaspace   ] GC(1406) Metaspace: 78350K(79680K)->78350K(79680K) NonClass: 68784K(69376K)->68784K(69376K) Class: 9565K(10304K)->9565K(10304K)
[3754.285s][info][gc             ] GC(1406) Pause Young (Allocation Failure) 1461M->124M(4084M) 3.649ms
[3754.285s][info][gc,cpu         ] GC(1406) User=0.00s Sys=0.00s Real=0.01s
[3757.021s][info][gc,start       ] GC(1407) Pause Young (Allocation Failure)
[3757.025s][info][gc,heap        ] GC(1407) PSYoungGen: 1375825K(1385984K)->6242K(1385472K) Eden: 1370148K(1373696K)->0K(1373696K) From: 5676K(12288K)->6242K(11776K)
[3757.025s][info][gc,heap        ] GC(1407) ParOldGen: 121557K(2796544K)->126201K(2796544K)
[3757.025s][info][gc,metaspace   ] GC(1407) Metaspace: 78350K(79680K)->78350K(79680K) NonClass: 68784K(69376K)->68784K(69376K) Class: 9565K(10304K)->9565K(10304K)
[3757.025s][info][gc             ] GC(1407) Pause Young (Allocation Failure) 1462M->129M(4084M) 3.887ms
[3757.025s][info][gc,cpu         ] GC(1407) User=0.00s Sys=0.00s Real=0.00s
[3760.375s][info][gc,start       ] GC(1408) Pause Young (Allocation Failure)
[3760.379s][info][gc,heap        ] GC(1408) PSYoungGen: 1379938K(1385472K)->5413K(1387008K) Eden: 1373696K(1373696K)->0K(1375744K) From: 6242K(11776K)->5413K(11264K)
[3760.379s][info][gc,heap        ] GC(1408) ParOldGen: 126201K(2796544K)->128822K(2796544K)
[3760.379s][info][gc,metaspace   ] GC(1408) Metaspace: 78350K(79680K)->78350K(79680K) NonClass: 68784K(69376K)->68784K(69376K) Class: 9565K(10304K)->9565K(10304K)
[3760.379s][info][gc             ] GC(1408) Pause Young (Allocation Failure) 1470M->131M(4085M) 3.355ms
[3760.379s][info][gc,cpu         ] GC(1408) User=0.00s Sys=0.00s Real=0.00s
[3761.244s][info][gc,heap,exit   ] Heap
[3761.244s][info][gc,heap,exit   ]  PSYoungGen      total 1387008K, used 547258K [0x00000007aab00000, 0x0000000800000000, 0x0000000800000000)
[3761.244s][info][gc,heap,exit   ]   eden space 1375744K, 39% used [0x00000007aab00000,0x00000007cbc25418,0x00000007fea80000)
[3761.244s][info][gc,heap,exit   ]   from space 11264K, 48% used [0x00000007ff500000,0x00000007ffa49580,0x0000000800000000)
[3761.244s][info][gc,heap,exit   ]   to   space 10752K, 0% used [0x00000007fea80000,0x00000007fea80000,0x00000007ff500000)
[3761.244s][info][gc,heap,exit   ]  ParOldGen       total 2796544K, used 128822K [0x0000000700000000, 0x00000007aab00000, 0x00000007aab00000)
[3761.244s][info][gc,heap,exit   ]   object space 2796544K, 4% used [0x0000000700000000,0x0000000707dcda30,0x00000007aab00000)
[3761.244s][info][gc,heap,exit   ]  Metaspace       used 78799K, committed 79936K, reserved 1179648K
[3761.244s][info][gc,heap,exit   ]   class space    used 9658K, committed 10304K, reserved 1048576K
