[0.008s][info][gc,init] CardTable entry size: 512
[0.008s][info][gc     ] Using Serial
[0.010s][info][gc,init] Version: 21.0.4+7-adhoc.Administrator.jdk21u (release)
[0.010s][info][gc,init] CPUs: 6 total, 6 available
[0.010s][info][gc,init] Memory: 15591M
[0.010s][info][gc,init] Large Page Support: Disabled
[0.010s][info][gc,init] NUMA Support: Disabled
[0.010s][info][gc,init] Compressed Oops: Enabled (32-bit)
[0.010s][info][gc,init] Heap Min Capacity: 1G
[0.010s][info][gc,init] Heap Initial Capacity: 1G
[0.010s][info][gc,init] Heap Max Capacity: 1G
[0.010s][info][gc,init] Pre-touch: Disabled
[0.020s][info][gc,metaspace] CDS archive(s) mapped at: [0x000002151f000000-0x000002151fc90000-0x000002151fc90000), size 13172736, SharedBaseAddress: 0x000002151f000000, ArchiveRelocationMode: 1.
[0.022s][info][gc,metaspace] Compressed class space mapped at: 0x0000021520000000-0x0000021560000000, reserved size: 1073741824
[0.022s][info][gc,metaspace] Narrow klass base: 0x000002151f000000, Narrow klass shift: 0, Narrow klass range: 0x100000000
[1.268s][info][gc,start    ] GC(0) Pause Full (System.gc())
[1.268s][info][gc,phases,start] GC(0) Phase 1: Mark live objects
[1.275s][info][gc,phases      ] GC(0) Phase 1: Mark live objects 6.590ms
[1.275s][info][gc,phases,start] GC(0) Phase 2: Compute new object addresses
[1.278s][info][gc,phases      ] GC(0) Phase 2: Compute new object addresses 3.641ms
[1.278s][info][gc,phases,start] GC(0) Phase 3: Adjust pointers
[1.282s][info][gc,phases      ] GC(0) Phase 3: Adjust pointers 3.569ms
[1.282s][info][gc,phases,start] GC(0) Phase 4: Move objects
[1.285s][info][gc,phases      ] GC(0) Phase 4: Move objects 2.927ms
[1.286s][info][gc,heap        ] GC(0) DefNew: 67366K(314560K)->0K(314560K) Eden: 67366K(279616K)->0K(279616K) From: 0K(34944K)->0K(34944K)
[1.286s][info][gc,heap        ] GC(0) Tenured: 0K(699072K)->4978K(699072K)
[1.286s][info][gc,metaspace   ] GC(0) Metaspace: 14539K(14784K)->14539K(14784K) NonClass: 12471K(12608K)->12471K(12608K) Class: 2067K(2176K)->2067K(2176K)
[1.286s][info][gc             ] GC(0) Pause Full (System.gc()) 65M->4M(989M) 18.211ms
[1.286s][info][gc,cpu         ] GC(0) User=0.02s Sys=0.00s Real=0.02s
[3.291s][info][gc,start       ] GC(1) Pause Young (Allocation Failure)
[3.294s][info][gc,heap        ] GC(1) DefNew: 279616K(314560K)->518K(314560K) Eden: 279616K(279616K)->0K(279616K) From: 0K(34944K)->518K(34944K)
[3.294s][info][gc,heap        ] GC(1) Tenured: 4978K(699072K)->4978K(699072K)
[3.294s][info][gc,metaspace   ] GC(1) Metaspace: 16076K(16320K)->16076K(16320K) NonClass: 13800K(13888K)->13800K(13888K) Class: 2275K(2432K)->2275K(2432K)
[3.294s][info][gc             ] GC(1) Pause Young (Allocation Failure) 277M->5M(989M) 2.760ms
[3.294s][info][gc,cpu         ] GC(1) User=0.00s Sys=0.00s Real=0.00s
[3.433s][info][gc,start       ] GC(2) Pause Young (Allocation Failure)
[3.435s][info][gc,heap        ] GC(2) DefNew: 280134K(314560K)->575K(314560K) Eden: 279616K(279616K)->0K(279616K) From: 518K(34944K)->575K(34944K)
[3.435s][info][gc,heap        ] GC(2) Tenured: 4978K(699072K)->4978K(699072K)
[3.435s][info][gc,metaspace   ] GC(2) Metaspace: 16078K(16384K)->16078K(16384K) NonClass: 13802K(13952K)->13802K(13952K) Class: 2275K(2432K)->2275K(2432K)
[3.435s][info][gc             ] GC(2) Pause Young (Allocation Failure) 278M->5M(989M) 1.970ms
[3.435s][info][gc,cpu         ] GC(2) User=0.00s Sys=0.00s Real=0.00s
[3.538s][info][gc,start       ] GC(3) Pause Young (Allocation Failure)
[3.540s][info][gc,heap        ] GC(3) DefNew: 280191K(314560K)->525K(314560K) Eden: 279616K(279616K)->0K(279616K) From: 575K(34944K)->525K(34944K)
[3.540s][info][gc,heap        ] GC(3) Tenured: 4978K(699072K)->4978K(699072K)
[3.540s][info][gc,metaspace   ] GC(3) Metaspace: 16078K(16384K)->16078K(16384K) NonClass: 13802K(13952K)->13802K(13952K) Class: 2275K(2432K)->2275K(2432K)
[3.540s][info][gc             ] GC(3) Pause Young (Allocation Failure) 278M->5M(989M) 1.823ms
[3.540s][info][gc,cpu         ] GC(3) User=0.00s Sys=0.00s Real=0.00s
[3.585s][info][gc,start       ] GC(4) Pause Young (Allocation Failure)
[3.586s][info][gc,heap        ] GC(4) DefNew: 280141K(314560K)->539K(314560K) Eden: 279616K(279616K)->0K(279616K) From: 525K(34944K)->539K(34944K)
[3.586s][info][gc,heap        ] GC(4) Tenured: 4978K(699072K)->4978K(699072K)
[3.586s][info][gc,metaspace   ] GC(4) Metaspace: 16078K(16384K)->16078K(16384K) NonClass: 13802K(13952K)->13802K(13952K) Class: 2275K(2432K)->2275K(2432K)
[3.586s][info][gc             ] GC(4) Pause Young (Allocation Failure) 278M->5M(989M) 1.842ms
[3.586s][info][gc,cpu         ] GC(4) User=0.00s Sys=0.00s Real=0.00s
[3.631s][info][gc,start       ] GC(5) Pause Young (Allocation Failure)
[3.633s][info][gc,heap        ] GC(5) DefNew: 280155K(314560K)->538K(314560K) Eden: 279616K(279616K)->0K(279616K) From: 539K(34944K)->538K(34944K)
[3.633s][info][gc,heap        ] GC(5) Tenured: 4978K(699072K)->4978K(699072K)
[3.633s][info][gc,metaspace   ] GC(5) Metaspace: 16078K(16384K)->16078K(16384K) NonClass: 13802K(13952K)->13802K(13952K) Class: 2275K(2432K)->2275K(2432K)
[3.633s][info][gc             ] GC(5) Pause Young (Allocation Failure) 278M->5M(989M) 1.986ms
[3.633s][info][gc,cpu         ] GC(5) User=0.00s Sys=0.00s Real=0.00s
[3.677s][info][gc,start       ] GC(6) Pause Young (Allocation Failure)
[3.678s][info][gc,heap        ] GC(6) DefNew: 280154K(314560K)->540K(314560K) Eden: 279616K(279616K)->0K(279616K) From: 538K(34944K)->540K(34944K)
[3.678s][info][gc,heap        ] GC(6) Tenured: 4978K(699072K)->4978K(699072K)
[3.678s][info][gc,metaspace   ] GC(6) Metaspace: 16079K(16384K)->16079K(16384K) NonClass: 13804K(13952K)->13804K(13952K) Class: 2275K(2432K)->2275K(2432K)
[3.678s][info][gc             ] GC(6) Pause Young (Allocation Failure) 278M->5M(989M) 1.851ms
[3.678s][info][gc,cpu         ] GC(6) User=0.00s Sys=0.00s Real=0.00s
[3.722s][info][gc,start       ] GC(7) Pause Young (Allocation Failure)
[3.724s][info][gc,heap        ] GC(7) DefNew: 280156K(314560K)->512K(314560K) Eden: 279616K(279616K)->0K(279616K) From: 540K(34944K)->512K(34944K)
[3.724s][info][gc,heap        ] GC(7) Tenured: 4978K(699072K)->4978K(699072K)
[3.724s][info][gc,metaspace   ] GC(7) Metaspace: 16080K(16384K)->16080K(16384K) NonClass: 13804K(13952K)->13804K(13952K) Class: 2275K(2432K)->2275K(2432K)
[3.724s][info][gc             ] GC(7) Pause Young (Allocation Failure) 278M->5M(989M) 1.802ms
[3.724s][info][gc,cpu         ] GC(7) User=0.00s Sys=0.00s Real=0.00s
[3.769s][info][gc,start       ] GC(8) Pause Young (Allocation Failure)
[3.771s][info][gc,heap        ] GC(8) DefNew: 280128K(314560K)->513K(314560K) Eden: 279616K(279616K)->0K(279616K) From: 512K(34944K)->513K(34944K)
[3.771s][info][gc,heap        ] GC(8) Tenured: 4978K(699072K)->4978K(699072K)
[3.771s][info][gc,metaspace   ] GC(8) Metaspace: 16081K(16384K)->16081K(16384K) NonClass: 13805K(13952K)->13805K(13952K) Class: 2275K(2432K)->2275K(2432K)
[3.771s][info][gc             ] GC(8) Pause Young (Allocation Failure) 278M->5M(989M) 1.879ms
[3.771s][info][gc,cpu         ] GC(8) User=0.00s Sys=0.00s Real=0.02s
[3.816s][info][gc,start       ] GC(9) Pause Young (Allocation Failure)
[3.818s][info][gc,heap        ] GC(9) DefNew: 280129K(314560K)->516K(314560K) Eden: 279616K(279616K)->0K(279616K) From: 513K(34944K)->516K(34944K)
[3.818s][info][gc,heap        ] GC(9) Tenured: 4978K(699072K)->4978K(699072K)
[3.818s][info][gc,metaspace   ] GC(9) Metaspace: 16081K(16384K)->16081K(16384K) NonClass: 13805K(13952K)->13805K(13952K) Class: 2275K(2432K)->2275K(2432K)
[3.818s][info][gc             ] GC(9) Pause Young (Allocation Failure) 278M->5M(989M) 1.789ms
[3.818s][info][gc,cpu         ] GC(9) User=0.00s Sys=0.00s Real=0.00s
[3.863s][info][gc,start       ] GC(10) Pause Young (Allocation Failure)
[3.865s][info][gc,heap        ] GC(10) DefNew: 280132K(314560K)->514K(314560K) Eden: 279616K(279616K)->0K(279616K) From: 516K(34944K)->514K(34944K)
[3.865s][info][gc,heap        ] GC(10) Tenured: 4978K(699072K)->4978K(699072K)
[3.865s][info][gc,metaspace   ] GC(10) Metaspace: 16081K(16384K)->16081K(16384K) NonClass: 13805K(13952K)->13805K(13952K) Class: 2275K(2432K)->2275K(2432K)
[3.865s][info][gc             ] GC(10) Pause Young (Allocation Failure) 278M->5M(989M) 1.854ms
[3.865s][info][gc,cpu         ] GC(10) User=0.00s Sys=0.00s Real=0.00s
[3.987s][info][gc,start       ] GC(11) Pause Young (Allocation Failure)
[4.104s][info][gc,heap        ] GC(11) DefNew: 280130K(314560K)->34944K(314560K) Eden: 279616K(279616K)->0K(279616K) From: 514K(34944K)->34944K(34944K)
[4.104s][info][gc,heap        ] GC(11) Tenured: 4978K(699072K)->15488K(699072K)
[4.104s][info][gc,metaspace   ] GC(11) Metaspace: 16166K(16448K)->16166K(16448K) NonClass: 13877K(14016K)->13877K(14016K) Class: 2288K(2432K)->2288K(2432K)
[4.104s][info][gc             ] GC(11) Pause Young (Allocation Failure) 278M->49M(989M) 117.033ms
[4.104s][info][gc,cpu         ] GC(11) User=0.11s Sys=0.00s Real=0.13s
[4.311s][info][gc,start       ] GC(12) Pause Young (Allocation Failure)
[4.921s][info][gc,heap        ] GC(12) DefNew: 314560K(314560K)->34944K(314560K) Eden: 279616K(279616K)->0K(279616K) From: 34944K(34944K)->34944K(34944K)
[4.921s][info][gc,heap        ] GC(12) Tenured: 15488K(699072K)->195163K(699072K)
[4.921s][info][gc,metaspace   ] GC(12) Metaspace: 16170K(16448K)->16170K(16448K) NonClass: 13881K(14016K)->13881K(14016K) Class: 2288K(2432K)->2288K(2432K)
[4.921s][info][gc             ] GC(12) Pause Young (Allocation Failure) 322M->224M(989M) 610.725ms
[4.921s][info][gc,cpu         ] GC(12) User=0.53s Sys=0.03s Real=0.61s
[5.109s][info][gc,start       ] GC(13) Pause Young (Allocation Failure)
[5.799s][info][gc,heap        ] GC(13) DefNew: 314560K(314560K)->34944K(314560K) Eden: 279616K(279616K)->0K(279616K) From: 34944K(34944K)->34944K(34944K)
[5.799s][info][gc,heap        ] GC(13) Tenured: 195163K(699072K)->380969K(699072K)
[5.799s][info][gc,metaspace   ] GC(13) Metaspace: 16170K(16448K)->16170K(16448K) NonClass: 13881K(14016K)->13881K(14016K) Class: 2288K(2432K)->2288K(2432K)
[5.799s][info][gc             ] GC(13) Pause Young (Allocation Failure) 497M->406M(989M) 690.135ms
[5.799s][info][gc,cpu         ] GC(13) User=0.66s Sys=0.05s Real=0.69s
[8.143s][info][gc,start       ] GC(14) Pause Young (Allocation Failure)
[8.511s][info][gc,heap        ] GC(14) DefNew: 314560K(314560K)->34944K(314560K) Eden: 279616K(279616K)->0K(279616K) From: 34944K(34944K)->34944K(34944K)
[8.511s][info][gc,heap        ] GC(14) Tenured: 380969K(699072K)->469537K(699072K)
[8.511s][info][gc,metaspace   ] GC(14) Metaspace: 16402K(16704K)->16402K(16704K) NonClass: 14075K(14208K)->14075K(14208K) Class: 2326K(2496K)->2326K(2496K)
[8.511s][info][gc             ] GC(14) Pause Young (Allocation Failure) 679M->492M(989M) 368.016ms
[8.511s][info][gc,cpu         ] GC(14) User=0.30s Sys=0.05s Real=0.36s
[8.636s][info][gc,start       ] GC(15) Pause Young (Allocation Failure)
[9.065s][info][gc,heap        ] GC(15) DefNew: 314560K(314560K)->34944K(314560K) Eden: 279616K(279616K)->0K(279616K) From: 34944K(34944K)->34944K(34944K)
[9.065s][info][gc,heap        ] GC(15) Tenured: 469537K(699072K)->585974K(699072K)
[9.065s][info][gc,metaspace   ] GC(15) Metaspace: 16403K(16704K)->16403K(16704K) NonClass: 14076K(14208K)->14076K(14208K) Class: 2326K(2496K)->2326K(2496K)
[9.065s][info][gc             ] GC(15) Pause Young (Allocation Failure) 765M->606M(989M) 428.393ms
[9.065s][info][gc,cpu         ] GC(15) User=0.36s Sys=0.05s Real=0.43s
[9.196s][info][gc,start       ] GC(16) Pause Young (Allocation Failure)
[9.196s][info][gc             ] GC(16) Pause Young (Allocation Failure) 879M->879M(989M) 0.148ms
[9.196s][info][gc,cpu         ] GC(16) User=0.00s Sys=0.00s Real=0.00s
[9.196s][info][gc,start       ] GC(17) Pause Full (Allocation Failure)
[9.196s][info][gc,phases,start] GC(17) Phase 1: Mark live objects
[9.462s][info][gc,phases      ] GC(17) Phase 1: Mark live objects 266.240ms
[9.462s][info][gc,phases,start] GC(17) Phase 2: Compute new object addresses
[9.611s][info][gc,phases      ] GC(17) Phase 2: Compute new object addresses 148.571ms
[9.611s][info][gc,phases,start] GC(17) Phase 3: Adjust pointers
[9.772s][info][gc,phases      ] GC(17) Phase 3: Adjust pointers 160.959ms
[9.772s][info][gc,phases,start] GC(17) Phase 4: Move objects
[9.874s][info][gc,phases      ] GC(17) Phase 4: Move objects 102.432ms
[9.875s][info][gc,heap        ] GC(17) DefNew: 314560K(314560K)->0K(314560K) Eden: 279616K(279616K)->0K(279616K) From: 34944K(34944K)->0K(34944K)
[9.875s][info][gc,heap        ] GC(17) Tenured: 585974K(699072K)->331484K(699072K)
[9.875s][info][gc,metaspace   ] GC(17) Metaspace: 16403K(16704K)->16351K(16704K) NonClass: 14076K(14208K)->14040K(14208K) Class: 2326K(2496K)->2311K(2496K)
[9.875s][info][gc             ] GC(17) Pause Full (Allocation Failure) 879M->323M(989M) 678.824ms
[9.875s][info][gc,cpu         ] GC(17) User=0.66s Sys=0.00s Real=0.68s
[10.008s][info][gc,start       ] GC(18) Pause Young (Allocation Failure)
[10.299s][info][gc,heap        ] GC(18) DefNew: 279616K(314560K)->34944K(314560K) Eden: 279616K(279616K)->0K(279616K) From: 0K(34944K)->34944K(34944K)
[10.299s][info][gc,heap        ] GC(18) Tenured: 331484K(699072K)->413738K(699072K)
[10.299s][info][gc,metaspace   ] GC(18) Metaspace: 16351K(16704K)->16351K(16704K) NonClass: 14040K(14208K)->14040K(14208K) Class: 2311K(2496K)->2311K(2496K)
[10.299s][info][gc             ] GC(18) Pause Young (Allocation Failure) 596M->438M(989M) 291.448ms
[10.299s][info][gc,cpu         ] GC(18) User=0.28s Sys=0.00s Real=0.30s
[10.956s][info][gc,start       ] GC(19) Pause Young (Allocation Failure)
[11.258s][info][gc,heap        ] GC(19) DefNew: 314560K(314560K)->34944K(314560K) Eden: 279616K(279616K)->0K(279616K) From: 34944K(34944K)->34944K(34944K)
[11.258s][info][gc,heap        ] GC(19) Tenured: 413738K(699072K)->462060K(699072K)
[11.258s][info][gc,metaspace   ] GC(19) Metaspace: 16370K(16704K)->16370K(16704K) NonClass: 14053K(14208K)->14053K(14208K) Class: 2316K(2496K)->2316K(2496K)
[11.258s][info][gc             ] GC(19) Pause Young (Allocation Failure) 711M->485M(989M) 302.095ms
[11.258s][info][gc,cpu         ] GC(19) User=0.28s Sys=0.00s Real=0.30s
[11.601s][info][gc,start       ] GC(20) Pause Young (Allocation Failure)
[11.713s][info][gc,heap        ] GC(20) DefNew: 314560K(314560K)->1680K(314560K) Eden: 279616K(279616K)->0K(279616K) From: 34944K(34944K)->1680K(34944K)
[11.713s][info][gc,heap        ] GC(20) Tenured: 462060K(699072K)->476546K(699072K)
[11.713s][info][gc,metaspace   ] GC(20) Metaspace: 16370K(16704K)->16370K(16704K) NonClass: 14053K(14208K)->14053K(14208K) Class: 2316K(2496K)->2316K(2496K)
[11.713s][info][gc             ] GC(20) Pause Young (Allocation Failure) 758M->467M(989M) 111.905ms
[11.713s][info][gc,cpu         ] GC(20) User=0.11s Sys=0.00s Real=0.11s
[12.441s][info][gc,start       ] GC(21) Pause Full (System.gc())
[12.441s][info][gc,phases,start] GC(21) Phase 1: Mark live objects
[12.451s][info][gc,phases      ] GC(21) Phase 1: Mark live objects 9.676ms
[12.451s][info][gc,phases,start] GC(21) Phase 2: Compute new object addresses
[12.538s][info][gc,phases      ] GC(21) Phase 2: Compute new object addresses 86.959ms
[12.538s][info][gc,phases,start] GC(21) Phase 3: Adjust pointers
[12.542s][info][gc,phases      ] GC(21) Phase 3: Adjust pointers 3.790ms
[12.542s][info][gc,phases,start] GC(21) Phase 4: Move objects
[12.542s][info][gc,phases      ] GC(21) Phase 4: Move objects 0.048ms
[12.542s][info][gc,heap        ] GC(21) DefNew: 150944K(314560K)->0K(314560K) Eden: 149263K(279616K)->0K(279616K) From: 1680K(34944K)->0K(34944K)
[12.542s][info][gc,heap        ] GC(21) Tenured: 476546K(699072K)->38232K(699072K)
[12.542s][info][gc,metaspace   ] GC(21) Metaspace: 16463K(16768K)->16429K(16768K) NonClass: 14122K(14272K)->14099K(14272K) Class: 2340K(2496K)->2330K(2496K)
[12.542s][info][gc             ] GC(21) Pause Full (System.gc()) 612M->37M(989M) 100.916ms
[12.542s][info][gc,cpu         ] GC(21) User=0.09s Sys=0.00s Real=0.10s
[13.911s][info][gc,start       ] GC(22) Pause Young (Allocation Failure)
[13.912s][info][gc,heap        ] GC(22) DefNew: 279616K(314560K)->248K(314560K) Eden: 279616K(279616K)->0K(279616K) From: 0K(34944K)->248K(34944K)
[13.912s][info][gc,heap        ] GC(22) Tenured: 38232K(699072K)->38232K(699072K)
[13.912s][info][gc,metaspace   ] GC(22) Metaspace: 16434K(16768K)->16434K(16768K) NonClass: 14104K(14272K)->14104K(14272K) Class: 2330K(2496K)->2330K(2496K)
[13.912s][info][gc             ] GC(22) Pause Young (Allocation Failure) 310M->37M(989M) 1.190ms
[13.912s][info][gc,cpu         ] GC(22) User=0.00s Sys=0.00s Real=0.00s
[13.957s][info][gc,start       ] GC(23) Pause Young (Allocation Failure)
[13.958s][info][gc,heap        ] GC(23) DefNew: 279864K(314560K)->241K(314560K) Eden: 279616K(279616K)->0K(279616K) From: 248K(34944K)->241K(34944K)
[13.958s][info][gc,heap        ] GC(23) Tenured: 38232K(699072K)->38232K(699072K)
[13.958s][info][gc,metaspace   ] GC(23) Metaspace: 16434K(16768K)->16434K(16768K) NonClass: 14104K(14272K)->14104K(14272K) Class: 2330K(2496K)->2330K(2496K)
[13.958s][info][gc             ] GC(23) Pause Young (Allocation Failure) 310M->37M(989M) 0.876ms
[13.958s][info][gc,cpu         ] GC(23) User=0.00s Sys=0.00s Real=0.00s
[14.001s][info][gc,start       ] GC(24) Pause Young (Allocation Failure)
[14.002s][info][gc,heap        ] GC(24) DefNew: 279857K(314560K)->240K(314560K) Eden: 279616K(279616K)->0K(279616K) From: 241K(34944K)->240K(34944K)
[14.002s][info][gc,heap        ] GC(24) Tenured: 38232K(699072K)->38232K(699072K)
[14.002s][info][gc,metaspace   ] GC(24) Metaspace: 16434K(16768K)->16434K(16768K) NonClass: 14104K(14272K)->14104K(14272K) Class: 2330K(2496K)->2330K(2496K)
[14.002s][info][gc             ] GC(24) Pause Young (Allocation Failure) 310M->37M(989M) 0.792ms
[14.002s][info][gc,cpu         ] GC(24) User=0.00s Sys=0.00s Real=0.00s
[14.048s][info][gc,start       ] GC(25) Pause Young (Allocation Failure)
[14.048s][info][gc,heap        ] GC(25) DefNew: 279856K(314560K)->242K(314560K) Eden: 279616K(279616K)->0K(279616K) From: 240K(34944K)->242K(34944K)
[14.048s][info][gc,heap        ] GC(25) Tenured: 38232K(699072K)->38232K(699072K)
[14.048s][info][gc,metaspace   ] GC(25) Metaspace: 16437K(16768K)->16437K(16768K) NonClass: 14106K(14272K)->14106K(14272K) Class: 2330K(2496K)->2330K(2496K)
[14.048s][info][gc             ] GC(25) Pause Young (Allocation Failure) 310M->37M(989M) 0.821ms
[14.048s][info][gc,cpu         ] GC(25) User=0.00s Sys=0.00s Real=0.00s
[14.092s][info][gc,start       ] GC(26) Pause Young (Allocation Failure)
[14.093s][info][gc,heap        ] GC(26) DefNew: 279858K(314560K)->261K(314560K) Eden: 279616K(279616K)->0K(279616K) From: 242K(34944K)->261K(34944K)
[14.093s][info][gc,heap        ] GC(26) Tenured: 38232K(699072K)->38232K(699072K)
[14.093s][info][gc,metaspace   ] GC(26) Metaspace: 16437K(16768K)->16437K(16768K) NonClass: 14106K(14272K)->14106K(14272K) Class: 2330K(2496K)->2330K(2496K)
[14.093s][info][gc             ] GC(26) Pause Young (Allocation Failure) 310M->37M(989M) 0.821ms
[14.093s][info][gc,cpu         ] GC(26) User=0.00s Sys=0.00s Real=0.00s
[14.137s][info][gc,start       ] GC(27) Pause Young (Allocation Failure)
[14.138s][info][gc,heap        ] GC(27) DefNew: 279877K(314560K)->246K(314560K) Eden: 279616K(279616K)->0K(279616K) From: 261K(34944K)->246K(34944K)
[14.138s][info][gc,heap        ] GC(27) Tenured: 38232K(699072K)->38232K(699072K)
[14.138s][info][gc,metaspace   ] GC(27) Metaspace: 16437K(16768K)->16437K(16768K) NonClass: 14106K(14272K)->14106K(14272K) Class: 2330K(2496K)->2330K(2496K)
[14.138s][info][gc             ] GC(27) Pause Young (Allocation Failure) 310M->37M(989M) 0.820ms
[14.138s][info][gc,cpu         ] GC(27) User=0.00s Sys=0.00s Real=0.00s
[14.181s][info][gc,start       ] GC(28) Pause Young (Allocation Failure)
[14.182s][info][gc,heap        ] GC(28) DefNew: 279862K(314560K)->257K(314560K) Eden: 279616K(279616K)->0K(279616K) From: 246K(34944K)->257K(34944K)
[14.182s][info][gc,heap        ] GC(28) Tenured: 38232K(699072K)->38232K(699072K)
[14.182s][info][gc,metaspace   ] GC(28) Metaspace: 16437K(16768K)->16437K(16768K) NonClass: 14106K(14272K)->14106K(14272K) Class: 2330K(2496K)->2330K(2496K)
[14.182s][info][gc             ] GC(28) Pause Young (Allocation Failure) 310M->37M(989M) 0.862ms
[14.182s][info][gc,cpu         ] GC(28) User=0.00s Sys=0.00s Real=0.00s
[14.226s][info][gc,start       ] GC(29) Pause Young (Allocation Failure)
[14.227s][info][gc,heap        ] GC(29) DefNew: 279873K(314560K)->265K(314560K) Eden: 279616K(279616K)->0K(279616K) From: 257K(34944K)->265K(34944K)
[14.227s][info][gc,heap        ] GC(29) Tenured: 38232K(699072K)->38232K(699072K)
[14.227s][info][gc,metaspace   ] GC(29) Metaspace: 16437K(16768K)->16437K(16768K) NonClass: 14106K(14272K)->14106K(14272K) Class: 2330K(2496K)->2330K(2496K)
[14.227s][info][gc             ] GC(29) Pause Young (Allocation Failure) 310M->37M(989M) 0.885ms
[14.227s][info][gc,cpu         ] GC(29) User=0.00s Sys=0.00s Real=0.00s
[14.272s][info][gc,start       ] GC(30) Pause Young (Allocation Failure)
[14.273s][info][gc,heap        ] GC(30) DefNew: 279881K(314560K)->245K(314560K) Eden: 279616K(279616K)->0K(279616K) From: 265K(34944K)->245K(34944K)
[14.273s][info][gc,heap        ] GC(30) Tenured: 38232K(699072K)->38232K(699072K)
[14.273s][info][gc,metaspace   ] GC(30) Metaspace: 16437K(16768K)->16437K(16768K) NonClass: 14106K(14272K)->14106K(14272K) Class: 2330K(2496K)->2330K(2496K)
[14.273s][info][gc             ] GC(30) Pause Young (Allocation Failure) 310M->37M(989M) 0.893ms
[14.273s][info][gc,cpu         ] GC(30) User=0.00s Sys=0.00s Real=0.00s
[14.320s][info][gc,start       ] GC(31) Pause Young (Allocation Failure)
[14.321s][info][gc,heap        ] GC(31) DefNew: 279861K(314560K)->229K(314560K) Eden: 279616K(279616K)->0K(279616K) From: 245K(34944K)->229K(34944K)
[14.321s][info][gc,heap        ] GC(31) Tenured: 38232K(699072K)->38232K(699072K)
[14.321s][info][gc,metaspace   ] GC(31) Metaspace: 16437K(16768K)->16437K(16768K) NonClass: 14106K(14272K)->14106K(14272K) Class: 2330K(2496K)->2330K(2496K)
[14.321s][info][gc             ] GC(31) Pause Young (Allocation Failure) 310M->37M(989M) 0.875ms
[14.321s][info][gc,cpu         ] GC(31) User=0.00s Sys=0.00s Real=0.02s
[14.416s][info][gc,start       ] GC(32) Pause Young (Allocation Failure)
[14.640s][info][gc,heap        ] GC(32) DefNew: 279845K(314560K)->34944K(314560K) Eden: 279616K(279616K)->0K(279616K) From: 229K(34944K)->34944K(34944K)
[14.640s][info][gc,heap        ] GC(32) Tenured: 38232K(699072K)->92761K(699072K)
[14.640s][info][gc,metaspace   ] GC(32) Metaspace: 16437K(16768K)->16437K(16768K) NonClass: 14107K(14272K)->14107K(14272K) Class: 2330K(2496K)->2330K(2496K)
[14.640s][info][gc             ] GC(32) Pause Young (Allocation Failure) 310M->124M(989M) 224.436ms
[14.640s][info][gc,cpu         ] GC(32) User=0.22s Sys=0.00s Real=0.22s
[14.811s][info][gc,start       ] GC(33) Pause Young (Allocation Failure)
[15.418s][info][gc,heap        ] GC(33) DefNew: 314560K(314560K)->34944K(314560K) Eden: 279616K(279616K)->0K(279616K) From: 34944K(34944K)->34944K(34944K)
[15.418s][info][gc,heap        ] GC(33) Tenured: 92761K(699072K)->276973K(699072K)
[15.418s][info][gc,metaspace   ] GC(33) Metaspace: 16437K(16768K)->16437K(16768K) NonClass: 14107K(14272K)->14107K(14272K) Class: 2330K(2496K)->2330K(2496K)
[15.418s][info][gc             ] GC(33) Pause Young (Allocation Failure) 397M->304M(989M) 606.785ms
[15.418s][info][gc,cpu         ] GC(33) User=0.55s Sys=0.00s Real=0.60s
[15.668s][info][gc,start       ] GC(34) Pause Young (Allocation Failure)
[16.194s][info][gc,heap        ] GC(34) DefNew: 314560K(314560K)->34943K(314560K) Eden: 279616K(279616K)->0K(279616K) From: 34944K(34944K)->34943K(34944K)
[16.194s][info][gc,heap        ] GC(34) Tenured: 276973K(699072K)->438104K(699072K)
[16.194s][info][gc,metaspace   ] GC(34) Metaspace: 16437K(16768K)->16437K(16768K) NonClass: 14107K(14272K)->14107K(14272K) Class: 2330K(2496K)->2330K(2496K)
[16.194s][info][gc             ] GC(34) Pause Young (Allocation Failure) 577M->461M(989M) 525.698ms
[16.194s][info][gc,cpu         ] GC(34) User=0.44s Sys=0.00s Real=0.52s
[18.570s][info][gc,start       ] GC(35) Pause Young (Allocation Failure)
[18.968s][info][gc,heap        ] GC(35) DefNew: 314559K(314560K)->34944K(314560K) Eden: 279616K(279616K)->0K(279616K) From: 34943K(34944K)->34944K(34944K)
[18.968s][info][gc,heap        ] GC(35) Tenured: 438104K(699072K)->531368K(699072K)
[18.968s][info][gc,metaspace   ] GC(35) Metaspace: 16453K(16832K)->16453K(16832K) NonClass: 14123K(14336K)->14123K(14336K) Class: 2330K(2496K)->2330K(2496K)
[18.968s][info][gc             ] GC(35) Pause Young (Allocation Failure) 735M->553M(989M) 398.243ms
[18.968s][info][gc,cpu         ] GC(35) User=0.41s Sys=0.00s Real=0.41s
[19.106s][info][gc,start       ] GC(36) Pause Young (Allocation Failure)
[19.106s][info][gc             ] GC(36) Pause Young (Allocation Failure) 826M->826M(989M) 0.138ms
[19.106s][info][gc,cpu         ] GC(36) User=0.00s Sys=0.00s Real=0.00s
[19.106s][info][gc,start       ] GC(37) Pause Full (Allocation Failure)
[19.106s][info][gc,phases,start] GC(37) Phase 1: Mark live objects
[19.363s][info][gc,phases      ] GC(37) Phase 1: Mark live objects 256.693ms
[19.363s][info][gc,phases,start] GC(37) Phase 2: Compute new object addresses
[19.491s][info][gc,phases      ] GC(37) Phase 2: Compute new object addresses 127.486ms
[19.491s][info][gc,phases,start] GC(37) Phase 3: Adjust pointers
[19.623s][info][gc,phases      ] GC(37) Phase 3: Adjust pointers 131.975ms
[19.623s][info][gc,phases,start] GC(37) Phase 4: Move objects
[19.706s][info][gc,phases      ] GC(37) Phase 4: Move objects 83.404ms
[19.706s][info][gc,heap        ] GC(37) DefNew: 314560K(314560K)->0K(314560K) Eden: 279616K(279616K)->0K(279616K) From: 34944K(34944K)->0K(34944K)
[19.706s][info][gc,heap        ] GC(37) Tenured: 531368K(699072K)->216599K(699072K)
[19.706s][info][gc,metaspace   ] GC(37) Metaspace: 16453K(16832K)->16453K(16832K) NonClass: 14123K(14336K)->14123K(14336K) Class: 2330K(2496K)->2330K(2496K)
[19.706s][info][gc             ] GC(37) Pause Full (Allocation Failure) 826M->211M(989M) 600.060ms
[19.706s][info][gc,cpu         ] GC(37) User=0.59s Sys=0.00s Real=0.61s
[19.848s][info][gc,start       ] GC(38) Pause Young (Allocation Failure)
[20.134s][info][gc,heap        ] GC(38) DefNew: 279616K(314560K)->34944K(314560K) Eden: 279616K(279616K)->0K(279616K) From: 0K(34944K)->34944K(34944K)
[20.134s][info][gc,heap        ] GC(38) Tenured: 216599K(699072K)->299274K(699072K)
[20.134s][info][gc,metaspace   ] GC(38) Metaspace: 16453K(16832K)->16453K(16832K) NonClass: 14123K(14336K)->14123K(14336K) Class: 2330K(2496K)->2330K(2496K)
[20.134s][info][gc             ] GC(38) Pause Young (Allocation Failure) 484M->326M(989M) 286.026ms
[20.134s][info][gc,cpu         ] GC(38) User=0.27s Sys=0.00s Real=0.28s
[20.296s][info][gc,start       ] GC(39) Pause Young (Allocation Failure)
[20.774s][info][gc,heap        ] GC(39) DefNew: 314560K(314560K)->34944K(314560K) Eden: 279616K(279616K)->0K(279616K) From: 34944K(34944K)->34944K(34944K)
[20.774s][info][gc,heap        ] GC(39) Tenured: 299274K(699072K)->431324K(699072K)
[20.774s][info][gc,metaspace   ] GC(39) Metaspace: 16453K(16832K)->16453K(16832K) NonClass: 14123K(14336K)->14123K(14336K) Class: 2330K(2496K)->2330K(2496K)
[20.774s][info][gc             ] GC(39) Pause Young (Allocation Failure) 599M->455M(989M) 478.100ms
[20.774s][info][gc,cpu         ] GC(39) User=0.47s Sys=0.00s Real=0.49s
[21.245s][info][gc,start       ] GC(40) Pause Young (Allocation Failure)
[21.438s][info][gc,heap        ] GC(40) DefNew: 314560K(314560K)->16120K(314560K) Eden: 279616K(279616K)->0K(279616K) From: 34944K(34944K)->16120K(34944K)
[21.438s][info][gc,heap        ] GC(40) Tenured: 431324K(699072K)->455610K(699072K)
[21.438s][info][gc,metaspace   ] GC(40) Metaspace: 16453K(16832K)->16453K(16832K) NonClass: 14123K(14336K)->14123K(14336K) Class: 2330K(2496K)->2330K(2496K)
[21.438s][info][gc             ] GC(40) Pause Young (Allocation Failure) 728M->460M(989M) 192.887ms
[21.438s][info][gc,cpu         ] GC(40) User=0.19s Sys=0.00s Real=0.19s
[21.918s][info][gc,start       ] GC(41) Pause Young (Allocation Failure)
[21.936s][info][gc,heap        ] GC(41) DefNew: 295736K(314560K)->4207K(314560K) Eden: 279616K(279616K)->0K(279616K) From: 16120K(34944K)->4207K(34944K)
[21.936s][info][gc,heap        ] GC(41) Tenured: 455610K(699072K)->455610K(699072K)
[21.936s][info][gc,metaspace   ] GC(41) Metaspace: 16453K(16832K)->16453K(16832K) NonClass: 14123K(14336K)->14123K(14336K) Class: 2330K(2496K)->2330K(2496K)
[21.936s][info][gc             ] GC(41) Pause Young (Allocation Failure) 733M->449M(989M) 17.572ms
[21.936s][info][gc,cpu         ] GC(41) User=0.00s Sys=0.00s Real=0.03s
[22.441s][info][gc,start       ] GC(42) Pause Full (System.gc())
[22.441s][info][gc,phases,start] GC(42) Phase 1: Mark live objects
[22.448s][info][gc,phases      ] GC(42) Phase 1: Mark live objects 6.903ms
[22.448s][info][gc,phases,start] GC(42) Phase 2: Compute new object addresses
[22.530s][info][gc,phases      ] GC(42) Phase 2: Compute new object addresses 81.280ms
[22.530s][info][gc,phases,start] GC(42) Phase 3: Adjust pointers
[22.533s][info][gc,phases      ] GC(42) Phase 3: Adjust pointers 3.830ms
[22.533s][info][gc,phases,start] GC(42) Phase 4: Move objects
[22.533s][info][gc,phases      ] GC(42) Phase 4: Move objects 0.010ms
[22.534s][info][gc,heap        ] GC(42) DefNew: 84268K(314560K)->0K(314560K) Eden: 80060K(279616K)->0K(279616K) From: 4207K(34944K)->0K(34944K)
[22.534s][info][gc,heap        ] GC(42) Tenured: 455610K(699072K)->5548K(699072K)
[22.534s][info][gc,metaspace   ] GC(42) Metaspace: 16453K(16832K)->16453K(16832K) NonClass: 14123K(14336K)->14123K(14336K) Class: 2330K(2496K)->2330K(2496K)
[22.534s][info][gc             ] GC(42) Pause Full (System.gc()) 527M->5M(989M) 92.385ms
[22.534s][info][gc,cpu         ] GC(42) User=0.08s Sys=0.00s Real=0.09s
[23.831s][info][gc,start       ] GC(43) Pause Young (Allocation Failure)
[23.832s][info][gc,heap        ] GC(43) DefNew: 279616K(314560K)->261K(314560K) Eden: 279616K(279616K)->0K(279616K) From: 0K(34944K)->261K(34944K)
[23.832s][info][gc,heap        ] GC(43) Tenured: 5548K(699072K)->5548K(699072K)
[23.832s][info][gc,metaspace   ] GC(43) Metaspace: 16454K(16832K)->16454K(16832K) NonClass: 14123K(14336K)->14123K(14336K) Class: 2330K(2496K)->2330K(2496K)
[23.832s][info][gc             ] GC(43) Pause Young (Allocation Failure) 278M->5M(989M) 1.158ms
[23.832s][info][gc,cpu         ] GC(43) User=0.00s Sys=0.00s Real=0.00s
[23.877s][info][gc,start       ] GC(44) Pause Young (Allocation Failure)
[23.878s][info][gc,heap        ] GC(44) DefNew: 279877K(314560K)->255K(314560K) Eden: 279616K(279616K)->0K(279616K) From: 261K(34944K)->255K(34944K)
[23.878s][info][gc,heap        ] GC(44) Tenured: 5548K(699072K)->5548K(699072K)
[23.878s][info][gc,metaspace   ] GC(44) Metaspace: 16456K(16832K)->16456K(16832K) NonClass: 14126K(14336K)->14126K(14336K) Class: 2330K(2496K)->2330K(2496K)
[23.878s][info][gc             ] GC(44) Pause Young (Allocation Failure) 278M->5M(989M) 0.797ms
[23.878s][info][gc,cpu         ] GC(44) User=0.00s Sys=0.00s Real=0.00s
[23.923s][info][gc,start       ] GC(45) Pause Young (Allocation Failure)
[23.923s][info][gc,heap        ] GC(45) DefNew: 279871K(314560K)->244K(314560K) Eden: 279616K(279616K)->0K(279616K) From: 255K(34944K)->244K(34944K)
[23.923s][info][gc,heap        ] GC(45) Tenured: 5548K(699072K)->5548K(699072K)
[23.923s][info][gc,metaspace   ] GC(45) Metaspace: 16456K(16832K)->16456K(16832K) NonClass: 14126K(14336K)->14126K(14336K) Class: 2330K(2496K)->2330K(2496K)
[23.923s][info][gc             ] GC(45) Pause Young (Allocation Failure) 278M->5M(989M) 0.794ms
[23.923s][info][gc,cpu         ] GC(45) User=0.00s Sys=0.00s Real=0.00s
[23.970s][info][gc,start       ] GC(46) Pause Young (Allocation Failure)
[23.971s][info][gc,heap        ] GC(46) DefNew: 279860K(314560K)->235K(314560K) Eden: 279616K(279616K)->0K(279616K) From: 244K(34944K)->235K(34944K)
[23.971s][info][gc,heap        ] GC(46) Tenured: 5548K(699072K)->5548K(699072K)
[23.971s][info][gc,metaspace   ] GC(46) Metaspace: 16456K(16832K)->16456K(16832K) NonClass: 14126K(14336K)->14126K(14336K) Class: 2330K(2496K)->2330K(2496K)
[23.971s][info][gc             ] GC(46) Pause Young (Allocation Failure) 278M->5M(989M) 1.029ms
[23.971s][info][gc,cpu         ] GC(46) User=0.00s Sys=0.00s Real=0.01s
[24.015s][info][gc,start       ] GC(47) Pause Young (Allocation Failure)
[24.016s][info][gc,heap        ] GC(47) DefNew: 279851K(314560K)->243K(314560K) Eden: 279616K(279616K)->0K(279616K) From: 235K(34944K)->243K(34944K)
[24.016s][info][gc,heap        ] GC(47) Tenured: 5548K(699072K)->5548K(699072K)
[24.016s][info][gc,metaspace   ] GC(47) Metaspace: 16456K(16832K)->16456K(16832K) NonClass: 14126K(14336K)->14126K(14336K) Class: 2330K(2496K)->2330K(2496K)
[24.016s][info][gc             ] GC(47) Pause Young (Allocation Failure) 278M->5M(989M) 0.897ms
[24.016s][info][gc,cpu         ] GC(47) User=0.00s Sys=0.00s Real=0.00s
[24.062s][info][gc,start       ] GC(48) Pause Young (Allocation Failure)
[24.062s][info][gc,heap        ] GC(48) DefNew: 279859K(314560K)->249K(314560K) Eden: 279616K(279616K)->0K(279616K) From: 243K(34944K)->249K(34944K)
[24.062s][info][gc,heap        ] GC(48) Tenured: 5548K(699072K)->5548K(699072K)
[24.062s][info][gc,metaspace   ] GC(48) Metaspace: 16456K(16832K)->16456K(16832K) NonClass: 14126K(14336K)->14126K(14336K) Class: 2330K(2496K)->2330K(2496K)
[24.062s][info][gc             ] GC(48) Pause Young (Allocation Failure) 278M->5M(989M) 0.789ms
[24.062s][info][gc,cpu         ] GC(48) User=0.00s Sys=0.00s Real=0.00s
[24.107s][info][gc,start       ] GC(49) Pause Young (Allocation Failure)
[24.108s][info][gc,heap        ] GC(49) DefNew: 279865K(314560K)->232K(314560K) Eden: 279616K(279616K)->0K(279616K) From: 249K(34944K)->232K(34944K)
[24.108s][info][gc,heap        ] GC(49) Tenured: 5548K(699072K)->5548K(699072K)
[24.108s][info][gc,metaspace   ] GC(49) Metaspace: 16456K(16832K)->16456K(16832K) NonClass: 14126K(14336K)->14126K(14336K) Class: 2330K(2496K)->2330K(2496K)
[24.108s][info][gc             ] GC(49) Pause Young (Allocation Failure) 278M->5M(989M) 0.866ms
[24.108s][info][gc,cpu         ] GC(49) User=0.00s Sys=0.00s Real=0.00s
[24.153s][info][gc,start       ] GC(50) Pause Young (Allocation Failure)
[24.154s][info][gc,heap        ] GC(50) DefNew: 279848K(314560K)->233K(314560K) Eden: 279616K(279616K)->0K(279616K) From: 232K(34944K)->233K(34944K)
[24.154s][info][gc,heap        ] GC(50) Tenured: 5548K(699072K)->5548K(699072K)
[24.154s][info][gc,metaspace   ] GC(50) Metaspace: 16456K(16832K)->16456K(16832K) NonClass: 14126K(14336K)->14126K(14336K) Class: 2330K(2496K)->2330K(2496K)
[24.154s][info][gc             ] GC(50) Pause Young (Allocation Failure) 278M->5M(989M) 1.024ms
[24.154s][info][gc,cpu         ] GC(50) User=0.00s Sys=0.00s Real=0.00s
[24.199s][info][gc,start       ] GC(51) Pause Young (Allocation Failure)
[24.200s][info][gc,heap        ] GC(51) DefNew: 279849K(314560K)->238K(314560K) Eden: 279616K(279616K)->0K(279616K) From: 233K(34944K)->238K(34944K)
[24.200s][info][gc,heap        ] GC(51) Tenured: 5548K(699072K)->5548K(699072K)
[24.200s][info][gc,metaspace   ] GC(51) Metaspace: 16456K(16832K)->16456K(16832K) NonClass: 14126K(14336K)->14126K(14336K) Class: 2330K(2496K)->2330K(2496K)
[24.200s][info][gc             ] GC(51) Pause Young (Allocation Failure) 278M->5M(989M) 0.985ms
[24.200s][info][gc,cpu         ] GC(51) User=0.00s Sys=0.00s Real=0.00s
[24.245s][info][gc,start       ] GC(52) Pause Young (Allocation Failure)
[24.246s][info][gc,heap        ] GC(52) DefNew: 279854K(314560K)->220K(314560K) Eden: 279616K(279616K)->0K(279616K) From: 238K(34944K)->220K(34944K)
[24.246s][info][gc,heap        ] GC(52) Tenured: 5548K(699072K)->5548K(699072K)
[24.246s][info][gc,metaspace   ] GC(52) Metaspace: 16457K(16832K)->16457K(16832K) NonClass: 14127K(14336K)->14127K(14336K) Class: 2330K(2496K)->2330K(2496K)
[24.246s][info][gc             ] GC(52) Pause Young (Allocation Failure) 278M->5M(989M) 0.821ms
[24.246s][info][gc,cpu         ] GC(52) User=0.00s Sys=0.00s Real=0.00s
[24.344s][info][gc,start       ] GC(53) Pause Young (Allocation Failure)
[24.575s][info][gc,heap        ] GC(53) DefNew: 279836K(314560K)->34943K(314560K) Eden: 279616K(279616K)->0K(279616K) From: 220K(34944K)->34943K(34944K)
[24.575s][info][gc,heap        ] GC(53) Tenured: 5548K(699072K)->62535K(699072K)
[24.575s][info][gc,metaspace   ] GC(53) Metaspace: 16457K(16832K)->16457K(16832K) NonClass: 14127K(14336K)->14127K(14336K) Class: 2330K(2496K)->2330K(2496K)
[24.575s][info][gc             ] GC(53) Pause Young (Allocation Failure) 278M->95M(989M) 231.255ms
[24.575s][info][gc,cpu         ] GC(53) User=0.22s Sys=0.00s Real=0.22s
[24.750s][info][gc,start       ] GC(54) Pause Young (Allocation Failure)
[25.364s][info][gc,heap        ] GC(54) DefNew: 314559K(314560K)->34944K(314560K) Eden: 279616K(279616K)->0K(279616K) From: 34943K(34944K)->34944K(34944K)
[25.364s][info][gc,heap        ] GC(54) Tenured: 62535K(699072K)->247841K(699072K)
[25.364s][info][gc,metaspace   ] GC(54) Metaspace: 16457K(16832K)->16457K(16832K) NonClass: 14127K(14336K)->14127K(14336K) Class: 2330K(2496K)->2330K(2496K)
[25.364s][info][gc             ] GC(54) Pause Young (Allocation Failure) 368M->276M(989M) 613.487ms
[25.364s][info][gc,cpu         ] GC(54) User=0.58s Sys=0.00s Real=0.61s
[25.596s][info][gc,start       ] GC(55) Pause Young (Allocation Failure)
[26.114s][info][gc,heap        ] GC(55) DefNew: 314560K(314560K)->34944K(314560K) Eden: 279616K(279616K)->0K(279616K) From: 34944K(34944K)->34944K(34944K)
[26.114s][info][gc,heap        ] GC(55) Tenured: 247841K(699072K)->405132K(699072K)
[26.114s][info][gc,metaspace   ] GC(55) Metaspace: 16457K(16832K)->16457K(16832K) NonClass: 14127K(14336K)->14127K(14336K) Class: 2330K(2496K)->2330K(2496K)
[26.114s][info][gc             ] GC(55) Pause Young (Allocation Failure) 549M->429M(989M) 517.812ms
[26.114s][info][gc,cpu         ] GC(55) User=0.50s Sys=0.00s Real=0.51s
[28.730s][info][gc,start       ] GC(56) Pause Young (Allocation Failure)
[29.109s][info][gc,heap        ] GC(56) DefNew: 314560K(314560K)->34944K(314560K) Eden: 279616K(279616K)->0K(279616K) From: 34944K(34944K)->34944K(34944K)
[29.110s][info][gc,heap        ] GC(56) Tenured: 405132K(699072K)->500913K(699072K)
[29.110s][info][gc,metaspace   ] GC(56) Metaspace: 16476K(16832K)->16476K(16832K) NonClass: 14146K(14336K)->14146K(14336K) Class: 2330K(2496K)->2330K(2496K)
[29.110s][info][gc             ] GC(56) Pause Young (Allocation Failure) 702M->523M(989M) 379.492ms
[29.110s][info][gc,cpu         ] GC(56) User=0.38s Sys=0.00s Real=0.38s
[29.247s][info][gc,start       ] GC(57) Pause Young (Allocation Failure)
[29.248s][info][gc             ] GC(57) Pause Young (Allocation Failure) 796M->796M(989M) 0.116ms
[29.248s][info][gc,cpu         ] GC(57) User=0.00s Sys=0.00s Real=0.00s
[29.248s][info][gc,start       ] GC(58) Pause Full (Allocation Failure)
[29.248s][info][gc,phases,start] GC(58) Phase 1: Mark live objects
[29.497s][info][gc,phases      ] GC(58) Phase 1: Mark live objects 249.068ms
[29.497s][info][gc,phases,start] GC(58) Phase 2: Compute new object addresses
[29.625s][info][gc,phases      ] GC(58) Phase 2: Compute new object addresses 128.049ms
[29.625s][info][gc,phases,start] GC(58) Phase 3: Adjust pointers
[29.746s][info][gc,phases      ] GC(58) Phase 3: Adjust pointers 121.251ms
[29.746s][info][gc,phases,start] GC(58) Phase 4: Move objects
[29.829s][info][gc,phases      ] GC(58) Phase 4: Move objects 83.057ms
[29.829s][info][gc,heap        ] GC(58) DefNew: 314560K(314560K)->0K(314560K) Eden: 279616K(279616K)->0K(279616K) From: 34944K(34944K)->0K(34944K)
[29.829s][info][gc,heap        ] GC(58) Tenured: 500913K(699072K)->219182K(699072K)
[29.829s][info][gc,metaspace   ] GC(58) Metaspace: 16476K(16832K)->16476K(16832K) NonClass: 14146K(14336K)->14146K(14336K) Class: 2330K(2496K)->2330K(2496K)
[29.829s][info][gc             ] GC(58) Pause Full (Allocation Failure) 796M->214M(989M) 581.927ms
[29.830s][info][gc,cpu         ] GC(58) User=0.55s Sys=0.00s Real=0.58s
[29.971s][info][gc,start       ] GC(59) Pause Young (Allocation Failure)
[30.257s][info][gc,heap        ] GC(59) DefNew: 279616K(314560K)->34944K(314560K) Eden: 279616K(279616K)->0K(279616K) From: 0K(34944K)->34944K(34944K)
[30.257s][info][gc,heap        ] GC(59) Tenured: 219182K(699072K)->301854K(699072K)
[30.257s][info][gc,metaspace   ] GC(59) Metaspace: 16476K(16832K)->16476K(16832K) NonClass: 14146K(14336K)->14146K(14336K) Class: 2330K(2496K)->2330K(2496K)
[30.257s][info][gc             ] GC(59) Pause Young (Allocation Failure) 487M->328M(989M) 286.185ms
[30.257s][info][gc,cpu         ] GC(59) User=0.28s Sys=0.00s Real=0.28s
[30.418s][info][gc,start       ] GC(60) Pause Young (Allocation Failure)
[30.901s][info][gc,heap        ] GC(60) DefNew: 314560K(314560K)->34944K(314560K) Eden: 279616K(279616K)->0K(279616K) From: 34944K(34944K)->34944K(34944K)
[30.901s][info][gc,heap        ] GC(60) Tenured: 301854K(699072K)->435667K(699072K)
[30.901s][info][gc,metaspace   ] GC(60) Metaspace: 16476K(16832K)->16476K(16832K) NonClass: 14146K(14336K)->14146K(14336K) Class: 2330K(2496K)->2330K(2496K)
[30.901s][info][gc             ] GC(60) Pause Young (Allocation Failure) 601M->459M(989M) 482.472ms
[30.901s][info][gc,cpu         ] GC(60) User=0.47s Sys=0.00s Real=0.49s
[31.353s][info][gc,start       ] GC(61) Pause Young (Allocation Failure)
[31.534s][info][gc,heap        ] GC(61) DefNew: 314560K(314560K)->11694K(314560K) Eden: 279616K(279616K)->0K(279616K) From: 34944K(34944K)->11694K(34944K)
[31.534s][info][gc,heap        ] GC(61) Tenured: 435667K(699072K)->459674K(699072K)
[31.534s][info][gc,metaspace   ] GC(61) Metaspace: 16476K(16832K)->16476K(16832K) NonClass: 14146K(14336K)->14146K(14336K) Class: 2330K(2496K)->2330K(2496K)
[31.534s][info][gc             ] GC(61) Pause Young (Allocation Failure) 732M->460M(989M) 180.433ms
[31.534s][info][gc,cpu         ] GC(61) User=0.16s Sys=0.00s Real=0.17s
[32.061s][info][gc,start       ] GC(62) Pause Young (Allocation Failure)
[32.073s][info][gc,heap        ] GC(62) DefNew: 291310K(314560K)->4208K(314560K) Eden: 279616K(279616K)->0K(279616K) From: 11694K(34944K)->4208K(34944K)
[32.073s][info][gc,heap        ] GC(62) Tenured: 459674K(699072K)->459674K(699072K)
[32.073s][info][gc,metaspace   ] GC(62) Metaspace: 16476K(16832K)->16476K(16832K) NonClass: 14146K(14336K)->14146K(14336K) Class: 2330K(2496K)->2330K(2496K)
[32.073s][info][gc             ] GC(62) Pause Young (Allocation Failure) 733M->453M(989M) 12.259ms
[32.073s][info][gc,cpu         ] GC(62) User=0.00s Sys=0.00s Real=0.02s
[32.525s][info][gc,start       ] GC(63) Pause Full (System.gc())
[32.526s][info][gc,phases,start] GC(63) Phase 1: Mark live objects
[32.532s][info][gc,phases      ] GC(63) Phase 1: Mark live objects 6.809ms
[32.532s][info][gc,phases,start] GC(63) Phase 2: Compute new object addresses
[32.613s][info][gc,phases      ] GC(63) Phase 2: Compute new object addresses 80.161ms
[32.613s][info][gc,phases,start] GC(63) Phase 3: Adjust pointers
[32.616s][info][gc,phases      ] GC(63) Phase 3: Adjust pointers 3.808ms
[32.616s][info][gc,phases,start] GC(63) Phase 4: Move objects
[32.616s][info][gc,phases      ] GC(63) Phase 4: Move objects 0.009ms
[32.617s][info][gc,heap        ] GC(63) DefNew: 80526K(314560K)->0K(314560K) Eden: 76318K(279616K)->0K(279616K) From: 4208K(34944K)->0K(34944K)
[32.617s][info][gc,heap        ] GC(63) Tenured: 459674K(699072K)->5553K(699072K)
[32.617s][info][gc,metaspace   ] GC(63) Metaspace: 16476K(16832K)->16476K(16832K) NonClass: 14146K(14336K)->14146K(14336K) Class: 2330K(2496K)->2330K(2496K)
[32.617s][info][gc             ] GC(63) Pause Full (System.gc()) 527M->5M(989M) 91.172ms
[32.617s][info][gc,cpu         ] GC(63) User=0.06s Sys=0.00s Real=0.10s
[33.910s][info][gc,start       ] GC(64) Pause Young (Allocation Failure)
[33.911s][info][gc,heap        ] GC(64) DefNew: 279616K(314560K)->251K(314560K) Eden: 279616K(279616K)->0K(279616K) From: 0K(34944K)->251K(34944K)
[33.911s][info][gc,heap        ] GC(64) Tenured: 5553K(699072K)->5553K(699072K)
[33.911s][info][gc,metaspace   ] GC(64) Metaspace: 16477K(16832K)->16477K(16832K) NonClass: 14147K(14336K)->14147K(14336K) Class: 2330K(2496K)->2330K(2496K)
[33.911s][info][gc             ] GC(64) Pause Young (Allocation Failure) 278M->5M(989M) 1.051ms
[33.911s][info][gc,cpu         ] GC(64) User=0.00s Sys=0.00s Real=0.00s
[33.955s][info][gc,start       ] GC(65) Pause Young (Allocation Failure)
[33.956s][info][gc,heap        ] GC(65) DefNew: 279867K(314560K)->261K(314560K) Eden: 279616K(279616K)->0K(279616K) From: 251K(34944K)->261K(34944K)
[33.956s][info][gc,heap        ] GC(65) Tenured: 5553K(699072K)->5553K(699072K)
[33.956s][info][gc,metaspace   ] GC(65) Metaspace: 16477K(16832K)->16477K(16832K) NonClass: 14147K(14336K)->14147K(14336K) Class: 2330K(2496K)->2330K(2496K)
[33.956s][info][gc             ] GC(65) Pause Young (Allocation Failure) 278M->5M(989M) 0.836ms
[33.956s][info][gc,cpu         ] GC(65) User=0.00s Sys=0.00s Real=0.00s
[34.000s][info][gc,start       ] GC(66) Pause Young (Allocation Failure)
[34.001s][info][gc,heap        ] GC(66) DefNew: 279877K(314560K)->236K(314560K) Eden: 279616K(279616K)->0K(279616K) From: 261K(34944K)->236K(34944K)
[34.001s][info][gc,heap        ] GC(66) Tenured: 5553K(699072K)->5553K(699072K)
[34.001s][info][gc,metaspace   ] GC(66) Metaspace: 16477K(16832K)->16477K(16832K) NonClass: 14147K(14336K)->14147K(14336K) Class: 2330K(2496K)->2330K(2496K)
[34.001s][info][gc             ] GC(66) Pause Young (Allocation Failure) 278M->5M(989M) 0.827ms
[34.001s][info][gc,cpu         ] GC(66) User=0.00s Sys=0.00s Real=0.00s
[34.044s][info][gc,start       ] GC(67) Pause Young (Allocation Failure)
[34.045s][info][gc,heap        ] GC(67) DefNew: 279852K(314560K)->256K(314560K) Eden: 279616K(279616K)->0K(279616K) From: 236K(34944K)->256K(34944K)
[34.045s][info][gc,heap        ] GC(67) Tenured: 5553K(699072K)->5553K(699072K)
[34.045s][info][gc,metaspace   ] GC(67) Metaspace: 16477K(16832K)->16477K(16832K) NonClass: 14147K(14336K)->14147K(14336K) Class: 2330K(2496K)->2330K(2496K)
[34.045s][info][gc             ] GC(67) Pause Young (Allocation Failure) 278M->5M(989M) 0.859ms
[34.045s][info][gc,cpu         ] GC(67) User=0.00s Sys=0.00s Real=0.00s
[34.089s][info][gc,start       ] GC(68) Pause Young (Allocation Failure)
[34.090s][info][gc,heap        ] GC(68) DefNew: 279872K(314560K)->265K(314560K) Eden: 279616K(279616K)->0K(279616K) From: 256K(34944K)->265K(34944K)
[34.090s][info][gc,heap        ] GC(68) Tenured: 5553K(699072K)->5553K(699072K)
[34.090s][info][gc,metaspace   ] GC(68) Metaspace: 16477K(16832K)->16477K(16832K) NonClass: 14147K(14336K)->14147K(14336K) Class: 2330K(2496K)->2330K(2496K)
[34.090s][info][gc             ] GC(68) Pause Young (Allocation Failure) 278M->5M(989M) 0.931ms
[34.090s][info][gc,cpu         ] GC(68) User=0.00s Sys=0.00s Real=0.00s
[34.135s][info][gc,start       ] GC(69) Pause Young (Allocation Failure)
[34.136s][info][gc,heap        ] GC(69) DefNew: 279881K(314560K)->249K(314560K) Eden: 279616K(279616K)->0K(279616K) From: 265K(34944K)->249K(34944K)
[34.136s][info][gc,heap        ] GC(69) Tenured: 5553K(699072K)->5553K(699072K)
[34.136s][info][gc,metaspace   ] GC(69) Metaspace: 16477K(16832K)->16477K(16832K) NonClass: 14147K(14336K)->14147K(14336K) Class: 2330K(2496K)->2330K(2496K)
[34.136s][info][gc             ] GC(69) Pause Young (Allocation Failure) 278M->5M(989M) 0.839ms
[34.136s][info][gc,cpu         ] GC(69) User=0.00s Sys=0.00s Real=0.00s
[34.180s][info][gc,start       ] GC(70) Pause Young (Allocation Failure)
[34.181s][info][gc,heap        ] GC(70) DefNew: 279865K(314560K)->237K(314560K) Eden: 279616K(279616K)->0K(279616K) From: 249K(34944K)->237K(34944K)
[34.181s][info][gc,heap        ] GC(70) Tenured: 5553K(699072K)->5553K(699072K)
[34.181s][info][gc,metaspace   ] GC(70) Metaspace: 16478K(16832K)->16478K(16832K) NonClass: 14148K(14336K)->14148K(14336K) Class: 2330K(2496K)->2330K(2496K)
[34.181s][info][gc             ] GC(70) Pause Young (Allocation Failure) 278M->5M(989M) 0.832ms
[34.181s][info][gc,cpu         ] GC(70) User=0.00s Sys=0.00s Real=0.00s
[34.226s][info][gc,start       ] GC(71) Pause Young (Allocation Failure)
[34.226s][info][gc,heap        ] GC(71) DefNew: 279853K(314560K)->223K(314560K) Eden: 279616K(279616K)->0K(279616K) From: 237K(34944K)->223K(34944K)
[34.226s][info][gc,heap        ] GC(71) Tenured: 5553K(699072K)->5553K(699072K)
[34.227s][info][gc,metaspace   ] GC(71) Metaspace: 16478K(16832K)->16478K(16832K) NonClass: 14148K(14336K)->14148K(14336K) Class: 2330K(2496K)->2330K(2496K)
[34.227s][info][gc             ] GC(71) Pause Young (Allocation Failure) 278M->5M(989M) 0.827ms
[34.227s][info][gc,cpu         ] GC(71) User=0.00s Sys=0.00s Real=0.00s
[34.272s][info][gc,start       ] GC(72) Pause Young (Allocation Failure)
[34.273s][info][gc,heap        ] GC(72) DefNew: 279839K(314560K)->229K(314560K) Eden: 279616K(279616K)->0K(279616K) From: 223K(34944K)->229K(34944K)
[34.273s][info][gc,heap        ] GC(72) Tenured: 5553K(699072K)->5553K(699072K)
[34.273s][info][gc,metaspace   ] GC(72) Metaspace: 16478K(16832K)->16478K(16832K) NonClass: 14148K(14336K)->14148K(14336K) Class: 2330K(2496K)->2330K(2496K)
[34.273s][info][gc             ] GC(72) Pause Young (Allocation Failure) 278M->5M(989M) 1.151ms
[34.273s][info][gc,cpu         ] GC(72) User=0.00s Sys=0.00s Real=0.00s
[34.323s][info][gc,start       ] GC(73) Pause Young (Allocation Failure)
[34.324s][info][gc,heap        ] GC(73) DefNew: 279845K(314560K)->209K(314560K) Eden: 279616K(279616K)->0K(279616K) From: 229K(34944K)->209K(34944K)
[34.324s][info][gc,heap        ] GC(73) Tenured: 5553K(699072K)->5553K(699072K)
[34.324s][info][gc,metaspace   ] GC(73) Metaspace: 16478K(16832K)->16478K(16832K) NonClass: 14148K(14336K)->14148K(14336K) Class: 2330K(2496K)->2330K(2496K)
[34.324s][info][gc             ] GC(73) Pause Young (Allocation Failure) 278M->5M(989M) 0.815ms
[34.324s][info][gc,cpu         ] GC(73) User=0.00s Sys=0.00s Real=0.00s
[34.418s][info][gc,start       ] GC(74) Pause Young (Allocation Failure)
[34.648s][info][gc,heap        ] GC(74) DefNew: 279825K(314560K)->34944K(314560K) Eden: 279616K(279616K)->0K(279616K) From: 209K(34944K)->34944K(34944K)
[34.648s][info][gc,heap        ] GC(74) Tenured: 5553K(699072K)->62339K(699072K)
[34.648s][info][gc,metaspace   ] GC(74) Metaspace: 16478K(16832K)->16478K(16832K) NonClass: 14148K(14336K)->14148K(14336K) Class: 2330K(2496K)->2330K(2496K)
[34.648s][info][gc             ] GC(74) Pause Young (Allocation Failure) 278M->95M(989M) 230.159ms
[34.649s][info][gc,cpu         ] GC(74) User=0.23s Sys=0.00s Real=0.23s
[34.823s][info][gc,start       ] GC(75) Pause Young (Allocation Failure)
[35.433s][info][gc,heap        ] GC(75) DefNew: 314560K(314560K)->34943K(314560K) Eden: 279616K(279616K)->0K(279616K) From: 34944K(34944K)->34943K(34944K)
[35.433s][info][gc,heap        ] GC(75) Tenured: 62339K(699072K)->246793K(699072K)
[35.433s][info][gc,metaspace   ] GC(75) Metaspace: 16478K(16832K)->16478K(16832K) NonClass: 14148K(14336K)->14148K(14336K) Class: 2330K(2496K)->2330K(2496K)
[35.433s][info][gc             ] GC(75) Pause Young (Allocation Failure) 368M->275M(989M) 610.123ms
[35.433s][info][gc,cpu         ] GC(75) User=0.58s Sys=0.00s Real=0.61s
[35.701s][info][gc,start       ] GC(76) Pause Young (Allocation Failure)
[36.216s][info][gc,heap        ] GC(76) DefNew: 314559K(314560K)->34943K(314560K) Eden: 279616K(279616K)->0K(279616K) From: 34943K(34944K)->34943K(34944K)
[36.216s][info][gc,heap        ] GC(76) Tenured: 246793K(699072K)->404368K(699072K)
[36.216s][info][gc,metaspace   ] GC(76) Metaspace: 16478K(16832K)->16478K(16832K) NonClass: 14148K(14336K)->14148K(14336K) Class: 2330K(2496K)->2330K(2496K)
[36.217s][info][gc             ] GC(76) Pause Young (Allocation Failure) 548M->429M(989M) 515.827ms
[36.217s][info][gc,cpu         ] GC(76) User=0.48s Sys=0.00s Real=0.51s
[38.473s][info][gc,start       ] GC(77) Pause Young (Allocation Failure)
[38.872s][info][gc,heap        ] GC(77) DefNew: 314559K(314560K)->34943K(314560K) Eden: 279616K(279616K)->0K(279616K) From: 34943K(34944K)->34943K(34944K)
[38.872s][info][gc,heap        ] GC(77) Tenured: 404368K(699072K)->501219K(699072K)
[38.872s][info][gc,metaspace   ] GC(77) Metaspace: 16492K(16832K)->16492K(16832K) NonClass: 14162K(14336K)->14162K(14336K) Class: 2330K(2496K)->2330K(2496K)
[38.872s][info][gc             ] GC(77) Pause Young (Allocation Failure) 702M->523M(989M) 399.436ms
[38.872s][info][gc,cpu         ] GC(77) User=0.38s Sys=0.00s Real=0.41s
[39.011s][info][gc,start       ] GC(78) Pause Young (Allocation Failure)
[39.011s][info][gc             ] GC(78) Pause Young (Allocation Failure) 796M->796M(989M) 0.117ms
[39.011s][info][gc,cpu         ] GC(78) User=0.00s Sys=0.00s Real=0.00s
[39.011s][info][gc,start       ] GC(79) Pause Full (Allocation Failure)
[39.011s][info][gc,phases,start] GC(79) Phase 1: Mark live objects
[39.272s][info][gc,phases      ] GC(79) Phase 1: Mark live objects 260.671ms
[39.272s][info][gc,phases,start] GC(79) Phase 2: Compute new object addresses
[39.401s][info][gc,phases      ] GC(79) Phase 2: Compute new object addresses 129.234ms
[39.401s][info][gc,phases,start] GC(79) Phase 3: Adjust pointers
[39.534s][info][gc,phases      ] GC(79) Phase 3: Adjust pointers 133.242ms
[39.534s][info][gc,phases,start] GC(79) Phase 4: Move objects
[39.618s][info][gc,phases      ] GC(79) Phase 4: Move objects 83.378ms
[39.618s][info][gc,heap        ] GC(79) DefNew: 314559K(314560K)->0K(314560K) Eden: 279616K(279616K)->0K(279616K) From: 34943K(34944K)->0K(34944K)
[39.618s][info][gc,heap        ] GC(79) Tenured: 501219K(699072K)->220324K(699072K)
[39.618s][info][gc,metaspace   ] GC(79) Metaspace: 16492K(16832K)->16492K(16832K) NonClass: 14162K(14336K)->14162K(14336K) Class: 2330K(2496K)->2330K(2496K)
[39.618s][info][gc             ] GC(79) Pause Full (Allocation Failure) 796M->215M(989M) 607.002ms
[39.618s][info][gc,cpu         ] GC(79) User=0.59s Sys=0.00s Real=0.60s
[39.760s][info][gc,start       ] GC(80) Pause Young (Allocation Failure)
[40.044s][info][gc,heap        ] GC(80) DefNew: 279616K(314560K)->34944K(314560K) Eden: 279616K(279616K)->0K(279616K) From: 0K(34944K)->34944K(34944K)
[40.044s][info][gc,heap        ] GC(80) Tenured: 220324K(699072K)->302996K(699072K)
[40.044s][info][gc,metaspace   ] GC(80) Metaspace: 16492K(16832K)->16492K(16832K) NonClass: 14162K(14336K)->14162K(14336K) Class: 2330K(2496K)->2330K(2496K)
[40.044s][info][gc             ] GC(80) Pause Young (Allocation Failure) 488M->330M(989M) 284.095ms
[40.044s][info][gc,cpu         ] GC(80) User=0.27s Sys=0.00s Real=0.28s
[40.205s][info][gc,start       ] GC(81) Pause Young (Allocation Failure)
[40.688s][info][gc,heap        ] GC(81) DefNew: 314560K(314560K)->34944K(314560K) Eden: 279616K(279616K)->0K(279616K) From: 34944K(34944K)->34944K(34944K)
[40.688s][info][gc,heap        ] GC(81) Tenured: 302996K(699072K)->437746K(699072K)
[40.688s][info][gc,metaspace   ] GC(81) Metaspace: 16492K(16832K)->16492K(16832K) NonClass: 14162K(14336K)->14162K(14336K) Class: 2330K(2496K)->2330K(2496K)
[40.689s][info][gc             ] GC(81) Pause Young (Allocation Failure) 603M->461M(989M) 483.376ms
[40.689s][info][gc,cpu         ] GC(81) User=0.47s Sys=0.00s Real=0.49s
[41.156s][info][gc,start       ] GC(82) Pause Young (Allocation Failure)
[41.333s][info][gc,heap        ] GC(82) DefNew: 314560K(314560K)->9728K(314560K) Eden: 279616K(279616K)->0K(279616K) From: 34944K(34944K)->9728K(34944K)
[41.333s][info][gc,heap        ] GC(82) Tenured: 437746K(699072K)->461628K(699072K)
[41.333s][info][gc,metaspace   ] GC(82) Metaspace: 16492K(16832K)->16492K(16832K) NonClass: 14162K(14336K)->14162K(14336K) Class: 2330K(2496K)->2330K(2496K)
[41.333s][info][gc             ] GC(82) Pause Young (Allocation Failure) 734M->460M(989M) 176.301ms
[41.333s][info][gc,cpu         ] GC(82) User=0.17s Sys=0.00s Real=0.19s
[41.885s][info][gc,start       ] GC(83) Pause Young (Allocation Failure)
[41.895s][info][gc,heap        ] GC(83) DefNew: 289344K(314560K)->4208K(314560K) Eden: 279616K(279616K)->0K(279616K) From: 9728K(34944K)->4208K(34944K)
[41.895s][info][gc,heap        ] GC(83) Tenured: 461628K(699072K)->461628K(699072K)
[41.895s][info][gc,metaspace   ] GC(83) Metaspace: 16492K(16832K)->16492K(16832K) NonClass: 14162K(14336K)->14162K(14336K) Class: 2330K(2496K)->2330K(2496K)
[41.895s][info][gc             ] GC(83) Pause Young (Allocation Failure) 733M->454M(989M) 9.600ms
[41.895s][info][gc,cpu         ] GC(83) User=0.00s Sys=0.00s Real=0.00s
[42.323s][info][gc,start       ] GC(84) Pause Full (System.gc())
[42.323s][info][gc,phases,start] GC(84) Phase 1: Mark live objects
[42.330s][info][gc,phases      ] GC(84) Phase 1: Mark live objects 6.740ms
[42.330s][info][gc,phases,start] GC(84) Phase 2: Compute new object addresses
[42.410s][info][gc,phases      ] GC(84) Phase 2: Compute new object addresses 79.952ms
[42.410s][info][gc,phases,start] GC(84) Phase 3: Adjust pointers
[42.414s][info][gc,phases      ] GC(84) Phase 3: Adjust pointers 3.833ms
[42.414s][info][gc,phases,start] GC(84) Phase 4: Move objects
[42.414s][info][gc,phases      ] GC(84) Phase 4: Move objects 0.009ms
[42.414s][info][gc,heap        ] GC(84) DefNew: 77630K(314560K)->0K(314560K) Eden: 73422K(279616K)->0K(279616K) From: 4208K(34944K)->0K(34944K)
[42.414s][info][gc,heap        ] GC(84) Tenured: 461628K(699072K)->5551K(699072K)
[42.414s][info][gc,metaspace   ] GC(84) Metaspace: 16493K(16832K)->16493K(16832K) NonClass: 14162K(14336K)->14162K(14336K) Class: 2330K(2496K)->2330K(2496K)
[42.414s][info][gc             ] GC(84) Pause Full (System.gc()) 526M->5M(989M) 90.909ms
[42.414s][info][gc,cpu         ] GC(84) User=0.08s Sys=0.00s Real=0.08s
[43.701s][info][gc,start       ] GC(85) Pause Young (Allocation Failure)
[43.702s][info][gc,heap        ] GC(85) DefNew: 279616K(314560K)->232K(314560K) Eden: 279616K(279616K)->0K(279616K) From: 0K(34944K)->232K(34944K)
[43.702s][info][gc,heap        ] GC(85) Tenured: 5551K(699072K)->5551K(699072K)
[43.702s][info][gc,metaspace   ] GC(85) Metaspace: 16494K(16832K)->16494K(16832K) NonClass: 14164K(14336K)->14164K(14336K) Class: 2330K(2496K)->2330K(2496K)
[43.702s][info][gc             ] GC(85) Pause Young (Allocation Failure) 278M->5M(989M) 1.005ms
[43.702s][info][gc,cpu         ] GC(85) User=0.00s Sys=0.00s Real=0.00s
[43.746s][info][gc,start       ] GC(86) Pause Young (Allocation Failure)
[43.747s][info][gc,heap        ] GC(86) DefNew: 279848K(314560K)->239K(314560K) Eden: 279616K(279616K)->0K(279616K) From: 232K(34944K)->239K(34944K)
[43.747s][info][gc,heap        ] GC(86) Tenured: 5551K(699072K)->5551K(699072K)
[43.747s][info][gc,metaspace   ] GC(86) Metaspace: 16494K(16832K)->16494K(16832K) NonClass: 14164K(14336K)->14164K(14336K) Class: 2330K(2496K)->2330K(2496K)
[43.747s][info][gc             ] GC(86) Pause Young (Allocation Failure) 278M->5M(989M) 0.801ms
[43.747s][info][gc,cpu         ] GC(86) User=0.00s Sys=0.00s Real=0.00s
[43.791s][info][gc,start       ] GC(87) Pause Young (Allocation Failure)
[43.792s][info][gc,heap        ] GC(87) DefNew: 279855K(314560K)->244K(314560K) Eden: 279616K(279616K)->0K(279616K) From: 239K(34944K)->244K(34944K)
[43.792s][info][gc,heap        ] GC(87) Tenured: 5551K(699072K)->5551K(699072K)
[43.792s][info][gc,metaspace   ] GC(87) Metaspace: 16494K(16832K)->16494K(16832K) NonClass: 14164K(14336K)->14164K(14336K) Class: 2330K(2496K)->2330K(2496K)
[43.792s][info][gc             ] GC(87) Pause Young (Allocation Failure) 278M->5M(989M) 0.877ms
[43.792s][info][gc,cpu         ] GC(87) User=0.00s Sys=0.00s Real=0.00s
[43.837s][info][gc,start       ] GC(88) Pause Young (Allocation Failure)
[43.838s][info][gc,heap        ] GC(88) DefNew: 279860K(314560K)->240K(314560K) Eden: 279616K(279616K)->0K(279616K) From: 244K(34944K)->240K(34944K)
[43.838s][info][gc,heap        ] GC(88) Tenured: 5551K(699072K)->5551K(699072K)
[43.838s][info][gc,metaspace   ] GC(88) Metaspace: 16494K(16832K)->16494K(16832K) NonClass: 14164K(14336K)->14164K(14336K) Class: 2330K(2496K)->2330K(2496K)
[43.838s][info][gc             ] GC(88) Pause Young (Allocation Failure) 278M->5M(989M) 0.859ms
[43.838s][info][gc,cpu         ] GC(88) User=0.00s Sys=0.00s Real=0.00s
[43.882s][info][gc,start       ] GC(89) Pause Young (Allocation Failure)
[43.885s][info][gc,heap        ] GC(89) DefNew: 279856K(314560K)->237K(314560K) Eden: 279616K(279616K)->0K(279616K) From: 240K(34944K)->237K(34944K)
[43.885s][info][gc,heap        ] GC(89) Tenured: 5551K(699072K)->5551K(699072K)
[43.885s][info][gc,metaspace   ] GC(89) Metaspace: 16496K(16832K)->16496K(16832K) NonClass: 14166K(14336K)->14166K(14336K) Class: 2330K(2496K)->2330K(2496K)
[43.885s][info][gc             ] GC(89) Pause Young (Allocation Failure) 278M->5M(989M) 3.441ms
[43.885s][info][gc,cpu         ] GC(89) User=0.00s Sys=0.00s Real=0.01s
[43.931s][info][gc,start       ] GC(90) Pause Young (Allocation Failure)
[43.931s][info][gc,heap        ] GC(90) DefNew: 279853K(314560K)->212K(314560K) Eden: 279616K(279616K)->0K(279616K) From: 237K(34944K)->212K(34944K)
[43.931s][info][gc,heap        ] GC(90) Tenured: 5551K(699072K)->5551K(699072K)
[43.931s][info][gc,metaspace   ] GC(90) Metaspace: 16496K(16832K)->16496K(16832K) NonClass: 14166K(14336K)->14166K(14336K) Class: 2330K(2496K)->2330K(2496K)
[43.931s][info][gc             ] GC(90) Pause Young (Allocation Failure) 278M->5M(989M) 0.795ms
[43.931s][info][gc,cpu         ] GC(90) User=0.00s Sys=0.00s Real=0.00s
[43.976s][info][gc,start       ] GC(91) Pause Young (Allocation Failure)
[43.977s][info][gc,heap        ] GC(91) DefNew: 279828K(314560K)->224K(314560K) Eden: 279616K(279616K)->0K(279616K) From: 212K(34944K)->224K(34944K)
[43.977s][info][gc,heap        ] GC(91) Tenured: 5551K(699072K)->5551K(699072K)
[43.977s][info][gc,metaspace   ] GC(91) Metaspace: 16496K(16832K)->16496K(16832K) NonClass: 14166K(14336K)->14166K(14336K) Class: 2330K(2496K)->2330K(2496K)
[43.977s][info][gc             ] GC(91) Pause Young (Allocation Failure) 278M->5M(989M) 0.825ms
[43.977s][info][gc,cpu         ] GC(91) User=0.00s Sys=0.00s Real=0.00s
[44.022s][info][gc,start       ] GC(92) Pause Young (Allocation Failure)
[44.022s][info][gc,heap        ] GC(92) DefNew: 279840K(314560K)->228K(314560K) Eden: 279616K(279616K)->0K(279616K) From: 224K(34944K)->228K(34944K)
[44.022s][info][gc,heap        ] GC(92) Tenured: 5551K(699072K)->5551K(699072K)
[44.022s][info][gc,metaspace   ] GC(92) Metaspace: 16496K(16832K)->16496K(16832K) NonClass: 14166K(14336K)->14166K(14336K) Class: 2330K(2496K)->2330K(2496K)
[44.023s][info][gc             ] GC(92) Pause Young (Allocation Failure) 278M->5M(989M) 0.809ms
[44.023s][info][gc,cpu         ] GC(92) User=0.00s Sys=0.00s Real=0.00s
[44.066s][info][gc,start       ] GC(93) Pause Young (Allocation Failure)
[44.067s][info][gc,heap        ] GC(93) DefNew: 279844K(314560K)->234K(314560K) Eden: 279616K(279616K)->0K(279616K) From: 228K(34944K)->234K(34944K)
[44.067s][info][gc,heap        ] GC(93) Tenured: 5551K(699072K)->5551K(699072K)
[44.067s][info][gc,metaspace   ] GC(93) Metaspace: 16496K(16832K)->16496K(16832K) NonClass: 14166K(14336K)->14166K(14336K) Class: 2330K(2496K)->2330K(2496K)
[44.067s][info][gc             ] GC(93) Pause Young (Allocation Failure) 278M->5M(989M) 0.940ms
[44.067s][info][gc,cpu         ] GC(93) User=0.00s Sys=0.00s Real=0.00s
[44.112s][info][gc,start       ] GC(94) Pause Young (Allocation Failure)
[44.112s][info][gc,heap        ] GC(94) DefNew: 279850K(314560K)->211K(314560K) Eden: 279616K(279616K)->0K(279616K) From: 234K(34944K)->211K(34944K)
[44.112s][info][gc,heap        ] GC(94) Tenured: 5551K(699072K)->5551K(699072K)
[44.112s][info][gc,metaspace   ] GC(94) Metaspace: 16496K(16832K)->16496K(16832K) NonClass: 14166K(14336K)->14166K(14336K) Class: 2330K(2496K)->2330K(2496K)
[44.113s][info][gc             ] GC(94) Pause Young (Allocation Failure) 278M->5M(989M) 0.807ms
[44.113s][info][gc,cpu         ] GC(94) User=0.00s Sys=0.00s Real=0.00s
[44.192s][info][gc,start       ] GC(95) Pause Young (Allocation Failure)
[44.393s][info][gc,heap        ] GC(95) DefNew: 279827K(314560K)->34944K(314560K) Eden: 279616K(279616K)->0K(279616K) From: 211K(34944K)->34944K(34944K)
[44.393s][info][gc,heap        ] GC(95) Tenured: 5551K(699072K)->50535K(699072K)
[44.393s][info][gc,metaspace   ] GC(95) Metaspace: 16496K(16832K)->16496K(16832K) NonClass: 14166K(14336K)->14166K(14336K) Class: 2330K(2496K)->2330K(2496K)
[44.393s][info][gc             ] GC(95) Pause Young (Allocation Failure) 278M->83M(989M) 200.335ms
[44.393s][info][gc,cpu         ] GC(95) User=0.16s Sys=0.00s Real=0.19s
[44.568s][info][gc,start       ] GC(96) Pause Young (Allocation Failure)
[45.173s][info][gc,heap        ] GC(96) DefNew: 314560K(314560K)->34944K(314560K) Eden: 279616K(279616K)->0K(279616K) From: 34944K(34944K)->34944K(34944K)
[45.173s][info][gc,heap        ] GC(96) Tenured: 50535K(699072K)->235149K(699072K)
[45.173s][info][gc,metaspace   ] GC(96) Metaspace: 16496K(16832K)->16496K(16832K) NonClass: 14166K(14336K)->14166K(14336K) Class: 2330K(2496K)->2330K(2496K)
[45.173s][info][gc             ] GC(96) Pause Young (Allocation Failure) 356M->263M(989M) 604.889ms
[45.173s][info][gc,cpu         ] GC(96) User=0.59s Sys=0.00s Real=0.61s
[45.386s][info][gc,start       ] GC(97) Pause Young (Allocation Failure)
[45.927s][info][gc,heap        ] GC(97) DefNew: 314560K(314560K)->34944K(314560K) Eden: 279616K(279616K)->0K(279616K) From: 34944K(34944K)->34944K(34944K)
[45.927s][info][gc,heap        ] GC(97) Tenured: 235149K(699072K)->406987K(699072K)
[45.927s][info][gc,metaspace   ] GC(97) Metaspace: 16496K(16832K)->16496K(16832K) NonClass: 14166K(14336K)->14166K(14336K) Class: 2330K(2496K)->2330K(2496K)
[45.927s][info][gc             ] GC(97) Pause Young (Allocation Failure) 536M->431M(989M) 541.933ms
[45.927s][info][gc,cpu         ] GC(97) User=0.48s Sys=0.00s Real=0.53s
[48.097s][info][gc,start       ] GC(98) Pause Young (Allocation Failure)
[48.477s][info][gc,heap        ] GC(98) DefNew: 314560K(314560K)->34943K(314560K) Eden: 279616K(279616K)->0K(279616K) From: 34944K(34944K)->34943K(34944K)
[48.477s][info][gc,heap        ] GC(98) Tenured: 406987K(699072K)->495480K(699072K)
[48.477s][info][gc,metaspace   ] GC(98) Metaspace: 16498K(16832K)->16498K(16832K) NonClass: 14167K(14336K)->14167K(14336K) Class: 2330K(2496K)->2330K(2496K)
[48.477s][info][gc             ] GC(98) Pause Young (Allocation Failure) 704M->517M(989M) 380.531ms
[48.477s][info][gc,cpu         ] GC(98) User=0.34s Sys=0.00s Real=0.38s
[48.615s][info][gc,start       ] GC(99) Pause Young (Allocation Failure)
[48.615s][info][gc             ] GC(99) Pause Young (Allocation Failure) 791M->791M(989M) 0.117ms
[48.615s][info][gc,cpu         ] GC(99) User=0.00s Sys=0.00s Real=0.00s
[48.615s][info][gc,start       ] GC(100) Pause Full (Allocation Failure)
[48.615s][info][gc,phases,start] GC(100) Phase 1: Mark live objects
[48.850s][info][gc,phases      ] GC(100) Phase 1: Mark live objects 235.140ms
[48.850s][info][gc,phases,start] GC(100) Phase 2: Compute new object addresses
[48.975s][info][gc,phases      ] GC(100) Phase 2: Compute new object addresses 125.087ms
[48.975s][info][gc,phases,start] GC(100) Phase 3: Adjust pointers
[49.093s][info][gc,phases      ] GC(100) Phase 3: Adjust pointers 118.191ms
[49.093s][info][gc,phases,start] GC(100) Phase 4: Move objects
[49.175s][info][gc,phases      ] GC(100) Phase 4: Move objects 81.056ms
[49.175s][info][gc,heap        ] GC(100) DefNew: 314559K(314560K)->0K(314560K) Eden: 279616K(279616K)->0K(279616K) From: 34943K(34944K)->0K(34944K)
[49.175s][info][gc,heap        ] GC(100) Tenured: 495480K(699072K)->211344K(699072K)
[49.175s][info][gc,metaspace   ] GC(100) Metaspace: 16498K(16832K)->16498K(16832K) NonClass: 14168K(14336K)->14168K(14336K) Class: 2330K(2496K)->2330K(2496K)
[49.175s][info][gc             ] GC(100) Pause Full (Allocation Failure) 791M->206M(989M) 559.914ms
[49.175s][info][gc,cpu         ] GC(100) User=0.55s Sys=0.00s Real=0.55s
[49.318s][info][gc,start       ] GC(101) Pause Young (Allocation Failure)
[49.603s][info][gc,heap        ] GC(101) DefNew: 279616K(314560K)->34944K(314560K) Eden: 279616K(279616K)->0K(279616K) From: 0K(34944K)->34944K(34944K)
[49.603s][info][gc,heap        ] GC(101) Tenured: 211344K(699072K)->294027K(699072K)
[49.603s][info][gc,metaspace   ] GC(101) Metaspace: 16498K(16832K)->16498K(16832K) NonClass: 14168K(14336K)->14168K(14336K) Class: 2330K(2496K)->2330K(2496K)
[49.603s][info][gc             ] GC(101) Pause Young (Allocation Failure) 479M->321M(989M) 285.217ms
[49.603s][info][gc,cpu         ] GC(101) User=0.23s Sys=0.00s Real=0.30s
[49.762s][info][gc,start       ] GC(102) Pause Young (Allocation Failure)
[50.228s][info][gc,heap        ] GC(102) DefNew: 314560K(314560K)->34943K(314560K) Eden: 279616K(279616K)->0K(279616K) From: 34944K(34944K)->34943K(34944K)
[50.228s][info][gc,heap        ] GC(102) Tenured: 294027K(699072K)->422392K(699072K)
[50.228s][info][gc,metaspace   ] GC(102) Metaspace: 16498K(16832K)->16498K(16832K) NonClass: 14168K(14336K)->14168K(14336K) Class: 2330K(2496K)->2330K(2496K)
[50.228s][info][gc             ] GC(102) Pause Young (Allocation Failure) 594M->446M(989M) 465.370ms
[50.228s][info][gc,cpu         ] GC(102) User=0.45s Sys=0.00s Real=0.45s
[50.688s][info][gc,start       ] GC(103) Pause Young (Allocation Failure)
[50.891s][info][gc,heap        ] GC(103) DefNew: 314559K(314560K)->25136K(314560K) Eden: 279616K(279616K)->0K(279616K) From: 34943K(34944K)->25136K(34944K)
[50.891s][info][gc,heap        ] GC(103) Tenured: 422392K(699072K)->447248K(699072K)
[50.891s][info][gc,metaspace   ] GC(103) Metaspace: 16498K(16832K)->16498K(16832K) NonClass: 14168K(14336K)->14168K(14336K) Class: 2330K(2496K)->2330K(2496K)
[50.891s][info][gc             ] GC(103) Pause Young (Allocation Failure) 719M->461M(989M) 202.892ms
[50.891s][info][gc,cpu         ] GC(103) User=0.17s Sys=0.00s Real=0.20s
[51.254s][info][gc,start       ] GC(104) Pause Young (Allocation Failure)
[51.282s][info][gc,heap        ] GC(104) DefNew: 304752K(314560K)->113K(314560K) Eden: 279616K(279616K)->0K(279616K) From: 25136K(34944K)->113K(34944K)
[51.282s][info][gc,heap        ] GC(104) Tenured: 447248K(699072K)->449816K(699072K)
[51.282s][info][gc,metaspace   ] GC(104) Metaspace: 16498K(16832K)->16498K(16832K) NonClass: 14168K(14336K)->14168K(14336K) Class: 2330K(2496K)->2330K(2496K)
[51.282s][info][gc             ] GC(104) Pause Young (Allocation Failure) 734M->439M(989M) 28.013ms
[51.282s][info][gc,cpu         ] GC(104) User=0.02s Sys=0.00s Real=0.03s
[51.936s][info][gc,start       ] GC(105) Pause Full (System.gc())
[51.936s][info][gc,phases,start] GC(105) Phase 1: Mark live objects
[51.943s][info][gc,phases      ] GC(105) Phase 1: Mark live objects 6.922ms
[51.943s][info][gc,phases,start] GC(105) Phase 2: Compute new object addresses
[52.024s][info][gc,phases      ] GC(105) Phase 2: Compute new object addresses 80.787ms
[52.024s][info][gc,phases,start] GC(105) Phase 3: Adjust pointers
[52.028s][info][gc,phases      ] GC(105) Phase 3: Adjust pointers 3.854ms
[52.028s][info][gc,phases,start] GC(105) Phase 4: Move objects
[52.028s][info][gc,phases      ] GC(105) Phase 4: Move objects 0.010ms
[52.028s][info][gc,heap        ] GC(105) DefNew: 89181K(314560K)->0K(314560K) Eden: 89067K(279616K)->0K(279616K) From: 113K(34944K)->0K(34944K)
[52.028s][info][gc,heap        ] GC(105) Tenured: 449816K(699072K)->5552K(699072K)
[52.028s][info][gc,metaspace   ] GC(105) Metaspace: 16500K(16832K)->16500K(16832K) NonClass: 14169K(14336K)->14169K(14336K) Class: 2330K(2496K)->2330K(2496K)
[52.028s][info][gc             ] GC(105) Pause Full (System.gc()) 526M->5M(989M) 91.907ms
[52.028s][info][gc,cpu         ] GC(105) User=0.08s Sys=0.00s Real=0.09s
[53.315s][info][gc,start       ] GC(106) Pause Young (Allocation Failure)
[53.317s][info][gc,heap        ] GC(106) DefNew: 279616K(314560K)->255K(314560K) Eden: 279616K(279616K)->0K(279616K) From: 0K(34944K)->255K(34944K)
[53.317s][info][gc,heap        ] GC(106) Tenured: 5552K(699072K)->5552K(699072K)
[53.317s][info][gc,metaspace   ] GC(106) Metaspace: 16500K(16832K)->16500K(16832K) NonClass: 14169K(14336K)->14169K(14336K) Class: 2330K(2496K)->2330K(2496K)
[53.317s][info][gc             ] GC(106) Pause Young (Allocation Failure) 278M->5M(989M) 1.189ms
[53.317s][info][gc,cpu         ] GC(106) User=0.00s Sys=0.00s Real=0.02s
[53.360s][info][gc,start       ] GC(107) Pause Young (Allocation Failure)
[53.361s][info][gc,heap        ] GC(107) DefNew: 279871K(314560K)->249K(314560K) Eden: 279616K(279616K)->0K(279616K) From: 255K(34944K)->249K(34944K)
[53.361s][info][gc,heap        ] GC(107) Tenured: 5552K(699072K)->5552K(699072K)
[53.361s][info][gc,metaspace   ] GC(107) Metaspace: 16500K(16832K)->16500K(16832K) NonClass: 14169K(14336K)->14169K(14336K) Class: 2330K(2496K)->2330K(2496K)
[53.361s][info][gc             ] GC(107) Pause Young (Allocation Failure) 278M->5M(989M) 0.807ms
[53.361s][info][gc,cpu         ] GC(107) User=0.00s Sys=0.00s Real=0.00s
[53.404s][info][gc,start       ] GC(108) Pause Young (Allocation Failure)
[53.405s][info][gc,heap        ] GC(108) DefNew: 279865K(314560K)->268K(314560K) Eden: 279616K(279616K)->0K(279616K) From: 249K(34944K)->268K(34944K)
[53.405s][info][gc,heap        ] GC(108) Tenured: 5552K(699072K)->5552K(699072K)
[53.405s][info][gc,metaspace   ] GC(108) Metaspace: 16500K(16832K)->16500K(16832K) NonClass: 14169K(14336K)->14169K(14336K) Class: 2330K(2496K)->2330K(2496K)
[53.405s][info][gc             ] GC(108) Pause Young (Allocation Failure) 278M->5M(989M) 1.158ms
[53.405s][info][gc,cpu         ] GC(108) User=0.00s Sys=0.00s Real=0.00s
[53.450s][info][gc,start       ] GC(109) Pause Young (Allocation Failure)
[53.451s][info][gc,heap        ] GC(109) DefNew: 279884K(314560K)->258K(314560K) Eden: 279616K(279616K)->0K(279616K) From: 268K(34944K)->258K(34944K)
[53.451s][info][gc,heap        ] GC(109) Tenured: 5552K(699072K)->5552K(699072K)
[53.451s][info][gc,metaspace   ] GC(109) Metaspace: 16500K(16832K)->16500K(16832K) NonClass: 14169K(14336K)->14169K(14336K) Class: 2330K(2496K)->2330K(2496K)
[53.451s][info][gc             ] GC(109) Pause Young (Allocation Failure) 278M->5M(989M) 0.881ms
[53.451s][info][gc,cpu         ] GC(109) User=0.00s Sys=0.00s Real=0.00s
[53.496s][info][gc,start       ] GC(110) Pause Young (Allocation Failure)
[53.497s][info][gc,heap        ] GC(110) DefNew: 279874K(314560K)->244K(314560K) Eden: 279616K(279616K)->0K(279616K) From: 258K(34944K)->244K(34944K)
[53.497s][info][gc,heap        ] GC(110) Tenured: 5552K(699072K)->5552K(699072K)
[53.497s][info][gc,metaspace   ] GC(110) Metaspace: 16500K(16832K)->16500K(16832K) NonClass: 14169K(14336K)->14169K(14336K) Class: 2330K(2496K)->2330K(2496K)
[53.497s][info][gc             ] GC(110) Pause Young (Allocation Failure) 278M->5M(989M) 0.842ms
[53.497s][info][gc,cpu         ] GC(110) User=0.00s Sys=0.00s Real=0.00s
[53.541s][info][gc,start       ] GC(111) Pause Young (Allocation Failure)
[53.542s][info][gc,heap        ] GC(111) DefNew: 279860K(314560K)->259K(314560K) Eden: 279616K(279616K)->0K(279616K) From: 244K(34944K)->259K(34944K)
[53.542s][info][gc,heap        ] GC(111) Tenured: 5552K(699072K)->5552K(699072K)
[53.542s][info][gc,metaspace   ] GC(111) Metaspace: 16500K(16832K)->16500K(16832K) NonClass: 14169K(14336K)->14169K(14336K) Class: 2330K(2496K)->2330K(2496K)
[53.542s][info][gc             ] GC(111) Pause Young (Allocation Failure) 278M->5M(989M) 0.876ms
[53.542s][info][gc,cpu         ] GC(111) User=0.00s Sys=0.00s Real=0.00s
[53.587s][info][gc,start       ] GC(112) Pause Young (Allocation Failure)
[53.588s][info][gc,heap        ] GC(112) DefNew: 279875K(314560K)->259K(314560K) Eden: 279616K(279616K)->0K(279616K) From: 259K(34944K)->259K(34944K)
[53.588s][info][gc,heap        ] GC(112) Tenured: 5552K(699072K)->5552K(699072K)
[53.588s][info][gc,metaspace   ] GC(112) Metaspace: 16500K(16832K)->16500K(16832K) NonClass: 14169K(14336K)->14169K(14336K) Class: 2330K(2496K)->2330K(2496K)
[53.588s][info][gc             ] GC(112) Pause Young (Allocation Failure) 278M->5M(989M) 1.106ms
[53.588s][info][gc,cpu         ] GC(112) User=0.00s Sys=0.00s Real=0.00s
[53.633s][info][gc,start       ] GC(113) Pause Young (Allocation Failure)
[53.634s][info][gc,heap        ] GC(113) DefNew: 279875K(314560K)->252K(314560K) Eden: 279616K(279616K)->0K(279616K) From: 259K(34944K)->252K(34944K)
[53.634s][info][gc,heap        ] GC(113) Tenured: 5552K(699072K)->5552K(699072K)
[53.634s][info][gc,metaspace   ] GC(113) Metaspace: 16500K(16832K)->16500K(16832K) NonClass: 14169K(14336K)->14169K(14336K) Class: 2330K(2496K)->2330K(2496K)
[53.634s][info][gc             ] GC(113) Pause Young (Allocation Failure) 278M->5M(989M) 0.920ms
[53.634s][info][gc,cpu         ] GC(113) User=0.00s Sys=0.00s Real=0.00s
[53.678s][info][gc,start       ] GC(114) Pause Young (Allocation Failure)
[53.679s][info][gc,heap        ] GC(114) DefNew: 279868K(314560K)->264K(314560K) Eden: 279616K(279616K)->0K(279616K) From: 252K(34944K)->264K(34944K)
[53.679s][info][gc,heap        ] GC(114) Tenured: 5552K(699072K)->5552K(699072K)
[53.679s][info][gc,metaspace   ] GC(114) Metaspace: 16500K(16832K)->16500K(16832K) NonClass: 14169K(14336K)->14169K(14336K) Class: 2330K(2496K)->2330K(2496K)
[53.679s][info][gc             ] GC(114) Pause Young (Allocation Failure) 278M->5M(989M) 0.879ms
[53.679s][info][gc,cpu         ] GC(114) User=0.00s Sys=0.00s Real=0.00s
[53.725s][info][gc,start       ] GC(115) Pause Young (Allocation Failure)
[53.726s][info][gc,heap        ] GC(115) DefNew: 279880K(314560K)->195K(314560K) Eden: 279616K(279616K)->0K(279616K) From: 264K(34944K)->195K(34944K)
[53.726s][info][gc,heap        ] GC(115) Tenured: 5552K(699072K)->5552K(699072K)
[53.726s][info][gc,metaspace   ] GC(115) Metaspace: 16500K(16832K)->16500K(16832K) NonClass: 14169K(14336K)->14169K(14336K) Class: 2330K(2496K)->2330K(2496K)
[53.726s][info][gc             ] GC(115) Pause Young (Allocation Failure) 278M->5M(989M) 0.763ms
[53.726s][info][gc,cpu         ] GC(115) User=0.00s Sys=0.00s Real=0.00s
[53.806s][info][gc,start       ] GC(116) Pause Young (Allocation Failure)
[53.998s][info][gc,heap        ] GC(116) DefNew: 279811K(314560K)->34943K(314560K) Eden: 279616K(279616K)->0K(279616K) From: 195K(34944K)->34943K(34944K)
[53.998s][info][gc,heap        ] GC(116) Tenured: 5552K(699072K)->48091K(699072K)
[53.998s][info][gc,metaspace   ] GC(116) Metaspace: 16500K(16832K)->16500K(16832K) NonClass: 14169K(14336K)->14169K(14336K) Class: 2330K(2496K)->2330K(2496K)
[53.998s][info][gc             ] GC(116) Pause Young (Allocation Failure) 278M->81M(989M) 191.751ms
[53.998s][info][gc,cpu         ] GC(116) User=0.17s Sys=0.00s Real=0.19s
[54.168s][info][gc,start       ] GC(117) Pause Young (Allocation Failure)
[54.760s][info][gc,heap        ] GC(117) DefNew: 314559K(314560K)->34944K(314560K) Eden: 279616K(279616K)->0K(279616K) From: 34943K(34944K)->34944K(34944K)
[54.760s][info][gc,heap        ] GC(117) Tenured: 48091K(699072K)->232318K(699072K)
[54.760s][info][gc,metaspace   ] GC(117) Metaspace: 16500K(16832K)->16500K(16832K) NonClass: 14169K(14336K)->14169K(14336K) Class: 2330K(2496K)->2330K(2496K)
[54.760s][info][gc             ] GC(117) Pause Young (Allocation Failure) 354M->260M(989M) 592.545ms
[54.760s][info][gc,cpu         ] GC(117) User=0.59s Sys=0.00s Real=0.58s
[54.967s][info][gc,start       ] GC(118) Pause Young (Allocation Failure)
[55.518s][info][gc,heap        ] GC(118) DefNew: 314560K(314560K)->34944K(314560K) Eden: 279616K(279616K)->0K(279616K) From: 34944K(34944K)->34944K(34944K)
[55.518s][info][gc,heap        ] GC(118) Tenured: 232318K(699072K)->407884K(699072K)
[55.519s][info][gc,metaspace   ] GC(118) Metaspace: 16500K(16832K)->16500K(16832K) NonClass: 14169K(14336K)->14169K(14336K) Class: 2330K(2496K)->2330K(2496K)
[55.519s][info][gc             ] GC(118) Pause Young (Allocation Failure) 534M->432M(989M) 551.410ms
[55.519s][info][gc,cpu         ] GC(118) User=0.52s Sys=0.00s Real=0.55s
[57.944s][info][gc,start       ] GC(119) Pause Young (Allocation Failure)
[58.322s][info][gc,heap        ] GC(119) DefNew: 314560K(314560K)->34944K(314560K) Eden: 279616K(279616K)->0K(279616K) From: 34944K(34944K)->34944K(34944K)
[58.322s][info][gc,heap        ] GC(119) Tenured: 407884K(699072K)->494185K(699072K)
[58.322s][info][gc,metaspace   ] GC(119) Metaspace: 16500K(16832K)->16500K(16832K) NonClass: 14169K(14336K)->14169K(14336K) Class: 2330K(2496K)->2330K(2496K)
[58.322s][info][gc             ] GC(119) Pause Young (Allocation Failure) 705M->516M(989M) 378.369ms
[58.322s][info][gc,cpu         ] GC(119) User=0.34s Sys=0.00s Real=0.38s
[58.461s][info][gc,start       ] GC(120) Pause Young (Allocation Failure)
[58.461s][info][gc             ] GC(120) Pause Young (Allocation Failure) 789M->789M(989M) 0.079ms
[58.461s][info][gc,cpu         ] GC(120) User=0.00s Sys=0.00s Real=0.00s
[58.461s][info][gc,start       ] GC(121) Pause Full (Allocation Failure)
[58.461s][info][gc,phases,start] GC(121) Phase 1: Mark live objects
[58.693s][info][gc,phases      ] GC(121) Phase 1: Mark live objects 231.521ms
[58.693s][info][gc,phases,start] GC(121) Phase 2: Compute new object addresses
[58.817s][info][gc,phases      ] GC(121) Phase 2: Compute new object addresses 124.681ms
[58.817s][info][gc,phases,start] GC(121) Phase 3: Adjust pointers
[58.935s][info][gc,phases      ] GC(121) Phase 3: Adjust pointers 117.767ms
[58.935s][info][gc,phases,start] GC(121) Phase 4: Move objects
[59.017s][info][gc,phases      ] GC(121) Phase 4: Move objects 81.784ms
[59.017s][info][gc,heap        ] GC(121) DefNew: 314560K(314560K)->0K(314560K) Eden: 279616K(279616K)->0K(279616K) From: 34944K(34944K)->0K(34944K)
[59.017s][info][gc,heap        ] GC(121) Tenured: 494185K(699072K)->209262K(699072K)
[59.017s][info][gc,metaspace   ] GC(121) Metaspace: 16500K(16832K)->16500K(16832K) NonClass: 14169K(14336K)->14169K(14336K) Class: 2330K(2496K)->2330K(2496K)
[59.017s][info][gc             ] GC(121) Pause Full (Allocation Failure) 789M->204M(989M) 556.176ms
[59.017s][info][gc,cpu         ] GC(121) User=0.55s Sys=0.00s Real=0.55s
[59.158s][info][gc,start       ] GC(122) Pause Young (Allocation Failure)
[59.444s][info][gc,heap        ] GC(122) DefNew: 279616K(314560K)->34944K(314560K) Eden: 279616K(279616K)->0K(279616K) From: 0K(34944K)->34944K(34944K)
[59.444s][info][gc,heap        ] GC(122) Tenured: 209262K(699072K)->291950K(699072K)
[59.444s][info][gc,metaspace   ] GC(122) Metaspace: 16500K(16832K)->16500K(16832K) NonClass: 14169K(14336K)->14169K(14336K) Class: 2330K(2496K)->2330K(2496K)
[59.444s][info][gc             ] GC(122) Pause Young (Allocation Failure) 477M->319M(989M) 285.893ms
[59.444s][info][gc,cpu         ] GC(122) User=0.28s Sys=0.00s Real=0.28s
[59.603s][info][gc,start       ] GC(123) Pause Young (Allocation Failure)
[60.056s][info][gc,heap        ] GC(123) DefNew: 314560K(314560K)->34943K(314560K) Eden: 279616K(279616K)->0K(279616K) From: 34944K(34944K)->34943K(34944K)
[60.056s][info][gc,heap        ] GC(123) Tenured: 291950K(699072K)->418831K(699072K)
[60.056s][info][gc,metaspace   ] GC(123) Metaspace: 16500K(16832K)->16500K(16832K) NonClass: 14169K(14336K)->14169K(14336K) Class: 2330K(2496K)->2330K(2496K)
[60.056s][info][gc             ] GC(123) Pause Young (Allocation Failure) 592M->443M(989M) 452.789ms
[60.056s][info][gc,cpu         ] GC(123) User=0.45s Sys=0.00s Real=0.46s
[60.521s][info][gc,start       ] GC(124) Pause Young (Allocation Failure)
[60.733s][info][gc,heap        ] GC(124) DefNew: 314559K(314560K)->28710K(314560K) Eden: 279616K(279616K)->0K(279616K) From: 34943K(34944K)->28710K(34944K)
[60.733s][info][gc,heap        ] GC(124) Tenured: 418831K(699072K)->443913K(699072K)
[60.733s][info][gc,metaspace   ] GC(124) Metaspace: 16500K(16832K)->16500K(16832K) NonClass: 14169K(14336K)->14169K(14336K) Class: 2330K(2496K)->2330K(2496K)
[60.733s][info][gc             ] GC(124) Pause Young (Allocation Failure) 716M->461M(989M) 212.103ms
[60.733s][info][gc,cpu         ] GC(124) User=0.22s Sys=0.00s Real=0.22s
[61.097s][info][gc,start       ] GC(125) Pause Young (Allocation Failure)
[61.138s][info][gc,heap        ] GC(125) DefNew: 308326K(314560K)->256K(314560K) Eden: 279616K(279616K)->0K(279616K) From: 28710K(34944K)->256K(34944K)
[61.138s][info][gc,heap        ] GC(125) Tenured: 443913K(699072K)->446999K(699072K)
[61.138s][info][gc,metaspace   ] GC(125) Metaspace: 16500K(16832K)->16500K(16832K) NonClass: 14169K(14336K)->14169K(14336K) Class: 2330K(2496K)->2330K(2496K)
[61.138s][info][gc             ] GC(125) Pause Young (Allocation Failure) 734M->436M(989M) 40.937ms
[61.138s][info][gc,cpu         ] GC(125) User=0.03s Sys=0.00s Real=0.03s
[61.823s][info][gc,start       ] GC(126) Pause Full (System.gc())
[61.823s][info][gc,phases,start] GC(126) Phase 1: Mark live objects
[61.829s][info][gc,phases      ] GC(126) Phase 1: Mark live objects 6.564ms
[61.829s][info][gc,phases,start] GC(126) Phase 2: Compute new object addresses
[61.910s][info][gc,phases      ] GC(126) Phase 2: Compute new object addresses 81.051ms
[61.910s][info][gc,phases,start] GC(126) Phase 3: Adjust pointers
[61.914s][info][gc,phases      ] GC(126) Phase 3: Adjust pointers 3.800ms
[61.914s][info][gc,phases,start] GC(126) Phase 4: Move objects
[61.914s][info][gc,phases      ] GC(126) Phase 4: Move objects 0.010ms
[61.914s][info][gc,heap        ] GC(126) DefNew: 95898K(314560K)->0K(314560K) Eden: 95642K(279616K)->0K(279616K) From: 256K(34944K)->0K(34944K)
[61.914s][info][gc,heap        ] GC(126) Tenured: 446999K(699072K)->5555K(699072K)
[61.914s][info][gc,metaspace   ] GC(126) Metaspace: 16500K(16832K)->16500K(16832K) NonClass: 14169K(14336K)->14169K(14336K) Class: 2330K(2496K)->2330K(2496K)
[61.914s][info][gc             ] GC(126) Pause Full (System.gc()) 530M->5M(989M) 91.750ms
[61.914s][info][gc,cpu         ] GC(126) User=0.08s Sys=0.00s Real=0.09s
[63.206s][info][gc,start       ] GC(127) Pause Young (Allocation Failure)
[63.207s][info][gc,heap        ] GC(127) DefNew: 279616K(314560K)->240K(314560K) Eden: 279616K(279616K)->0K(279616K) From: 0K(34944K)->240K(34944K)
[63.207s][info][gc,heap        ] GC(127) Tenured: 5555K(699072K)->5555K(699072K)
[63.207s][info][gc,metaspace   ] GC(127) Metaspace: 16503K(16832K)->16503K(16832K) NonClass: 14172K(14336K)->14172K(14336K) Class: 2330K(2496K)->2330K(2496K)
[63.207s][info][gc             ] GC(127) Pause Young (Allocation Failure) 278M->5M(989M) 1.030ms
[63.207s][info][gc,cpu         ] GC(127) User=0.00s Sys=0.02s Real=0.00s
[63.251s][info][gc,start       ] GC(128) Pause Young (Allocation Failure)
[63.252s][info][gc,heap        ] GC(128) DefNew: 279856K(314560K)->246K(314560K) Eden: 279616K(279616K)->0K(279616K) From: 240K(34944K)->246K(34944K)
[63.252s][info][gc,heap        ] GC(128) Tenured: 5555K(699072K)->5555K(699072K)
[63.252s][info][gc,metaspace   ] GC(128) Metaspace: 16503K(16832K)->16503K(16832K) NonClass: 14172K(14336K)->14172K(14336K) Class: 2330K(2496K)->2330K(2496K)
[63.252s][info][gc             ] GC(128) Pause Young (Allocation Failure) 278M->5M(989M) 0.756ms
[63.252s][info][gc,cpu         ] GC(128) User=0.00s Sys=0.00s Real=0.00s
[63.300s][info][gc,start       ] GC(129) Pause Young (Allocation Failure)
[63.301s][info][gc,heap        ] GC(129) DefNew: 279862K(314560K)->255K(314560K) Eden: 279616K(279616K)->0K(279616K) From: 246K(34944K)->255K(34944K)
[63.301s][info][gc,heap        ] GC(129) Tenured: 5555K(699072K)->5555K(699072K)
[63.301s][info][gc,metaspace   ] GC(129) Metaspace: 16503K(16832K)->16503K(16832K) NonClass: 14172K(14336K)->14172K(14336K) Class: 2330K(2496K)->2330K(2496K)
[63.301s][info][gc             ] GC(129) Pause Young (Allocation Failure) 278M->5M(989M) 0.937ms
[63.301s][info][gc,cpu         ] GC(129) User=0.00s Sys=0.00s Real=0.00s
[63.347s][info][gc,start       ] GC(130) Pause Young (Allocation Failure)
[63.348s][info][gc,heap        ] GC(130) DefNew: 279871K(314560K)->241K(314560K) Eden: 279616K(279616K)->0K(279616K) From: 255K(34944K)->241K(34944K)
[63.348s][info][gc,heap        ] GC(130) Tenured: 5555K(699072K)->5555K(699072K)
[63.348s][info][gc,metaspace   ] GC(130) Metaspace: 16503K(16832K)->16503K(16832K) NonClass: 14172K(14336K)->14172K(14336K) Class: 2330K(2496K)->2330K(2496K)
[63.348s][info][gc             ] GC(130) Pause Young (Allocation Failure) 278M->5M(989M) 0.775ms
[63.348s][info][gc,cpu         ] GC(130) User=0.00s Sys=0.00s Real=0.00s
[63.392s][info][gc,start       ] GC(131) Pause Young (Allocation Failure)
[63.393s][info][gc,heap        ] GC(131) DefNew: 279857K(314560K)->233K(314560K) Eden: 279616K(279616K)->0K(279616K) From: 241K(34944K)->233K(34944K)
[63.393s][info][gc,heap        ] GC(131) Tenured: 5555K(699072K)->5555K(699072K)
[63.393s][info][gc,metaspace   ] GC(131) Metaspace: 16503K(16832K)->16503K(16832K) NonClass: 14172K(14336K)->14172K(14336K) Class: 2330K(2496K)->2330K(2496K)
[63.393s][info][gc             ] GC(131) Pause Young (Allocation Failure) 278M->5M(989M) 0.900ms
[63.393s][info][gc,cpu         ] GC(131) User=0.00s Sys=0.00s Real=0.00s
[63.440s][info][gc,start       ] GC(132) Pause Young (Allocation Failure)
[63.441s][info][gc,heap        ] GC(132) DefNew: 279849K(314560K)->211K(314560K) Eden: 279616K(279616K)->0K(279616K) From: 233K(34944K)->211K(34944K)
[63.441s][info][gc,heap        ] GC(132) Tenured: 5555K(699072K)->5555K(699072K)
[63.441s][info][gc,metaspace   ] GC(132) Metaspace: 16503K(16832K)->16503K(16832K) NonClass: 14172K(14336K)->14172K(14336K) Class: 2330K(2496K)->2330K(2496K)
[63.441s][info][gc             ] GC(132) Pause Young (Allocation Failure) 278M->5M(989M) 0.938ms
[63.441s][info][gc,cpu         ] GC(132) User=0.00s Sys=0.00s Real=0.02s
[63.485s][info][gc,start       ] GC(133) Pause Young (Allocation Failure)
[63.486s][info][gc,heap        ] GC(133) DefNew: 279827K(314560K)->250K(314560K) Eden: 279616K(279616K)->0K(279616K) From: 211K(34944K)->250K(34944K)
[63.486s][info][gc,heap        ] GC(133) Tenured: 5555K(699072K)->5555K(699072K)
[63.486s][info][gc,metaspace   ] GC(133) Metaspace: 16503K(16832K)->16503K(16832K) NonClass: 14172K(14336K)->14172K(14336K) Class: 2330K(2496K)->2330K(2496K)
[63.486s][info][gc             ] GC(133) Pause Young (Allocation Failure) 278M->5M(989M) 0.790ms
[63.486s][info][gc,cpu         ] GC(133) User=0.00s Sys=0.00s Real=0.00s
[63.531s][info][gc,start       ] GC(134) Pause Young (Allocation Failure)
[63.532s][info][gc,heap        ] GC(134) DefNew: 279866K(314560K)->233K(314560K) Eden: 279616K(279616K)->0K(279616K) From: 250K(34944K)->233K(34944K)
[63.532s][info][gc,heap        ] GC(134) Tenured: 5555K(699072K)->5555K(699072K)
[63.532s][info][gc,metaspace   ] GC(134) Metaspace: 16503K(16832K)->16503K(16832K) NonClass: 14172K(14336K)->14172K(14336K) Class: 2330K(2496K)->2330K(2496K)
[63.532s][info][gc             ] GC(134) Pause Young (Allocation Failure) 278M->5M(989M) 0.809ms
[63.532s][info][gc,cpu         ] GC(134) User=0.00s Sys=0.00s Real=0.00s
[63.576s][info][gc,start       ] GC(135) Pause Young (Allocation Failure)
[63.577s][info][gc,heap        ] GC(135) DefNew: 279849K(314560K)->244K(314560K) Eden: 279616K(279616K)->0K(279616K) From: 233K(34944K)->244K(34944K)
[63.577s][info][gc,heap        ] GC(135) Tenured: 5555K(699072K)->5555K(699072K)
[63.577s][info][gc,metaspace   ] GC(135) Metaspace: 16503K(16832K)->16503K(16832K) NonClass: 14172K(14336K)->14172K(14336K) Class: 2330K(2496K)->2330K(2496K)
[63.577s][info][gc             ] GC(135) Pause Young (Allocation Failure) 278M->5M(989M) 0.797ms
[63.577s][info][gc,cpu         ] GC(135) User=0.00s Sys=0.00s Real=0.00s
[63.622s][info][gc,start       ] GC(136) Pause Young (Allocation Failure)
[63.622s][info][gc,heap        ] GC(136) DefNew: 279860K(314560K)->207K(314560K) Eden: 279616K(279616K)->0K(279616K) From: 244K(34944K)->207K(34944K)
[63.622s][info][gc,heap        ] GC(136) Tenured: 5555K(699072K)->5555K(699072K)
[63.622s][info][gc,metaspace   ] GC(136) Metaspace: 16503K(16832K)->16503K(16832K) NonClass: 14172K(14336K)->14172K(14336K) Class: 2330K(2496K)->2330K(2496K)
[63.623s][info][gc             ] GC(136) Pause Young (Allocation Failure) 278M->5M(989M) 0.756ms
[63.623s][info][gc,cpu         ] GC(136) User=0.00s Sys=0.00s Real=0.00s
[63.708s][info][gc,start       ] GC(137) Pause Young (Allocation Failure)
[63.901s][info][gc,heap        ] GC(137) DefNew: 279823K(314560K)->34943K(314560K) Eden: 279616K(279616K)->0K(279616K) From: 207K(34944K)->34943K(34944K)
[63.901s][info][gc,heap        ] GC(137) Tenured: 5555K(699072K)->48679K(699072K)
[63.901s][info][gc,metaspace   ] GC(137) Metaspace: 16503K(16832K)->16503K(16832K) NonClass: 14172K(14336K)->14172K(14336K) Class: 2330K(2496K)->2330K(2496K)
[63.901s][info][gc             ] GC(137) Pause Young (Allocation Failure) 278M->81M(989M) 192.807ms
[63.901s][info][gc,cpu         ] GC(137) User=0.17s Sys=0.00s Real=0.19s
[64.072s][info][gc,start       ] GC(138) Pause Young (Allocation Failure)
[64.664s][info][gc,heap        ] GC(138) DefNew: 314559K(314560K)->34943K(314560K) Eden: 279616K(279616K)->0K(279616K) From: 34943K(34944K)->34943K(34944K)
[64.664s][info][gc,heap        ] GC(138) Tenured: 48679K(699072K)->232796K(699072K)
[64.664s][info][gc,metaspace   ] GC(138) Metaspace: 16503K(16832K)->16503K(16832K) NonClass: 14172K(14336K)->14172K(14336K) Class: 2330K(2496K)->2330K(2496K)
[64.664s][info][gc             ] GC(138) Pause Young (Allocation Failure) 354M->261M(989M) 592.431ms
[64.664s][info][gc,cpu         ] GC(138) User=0.58s Sys=0.00s Real=0.59s
[64.870s][info][gc,start       ] GC(139) Pause Young (Allocation Failure)
[65.416s][info][gc,heap        ] GC(139) DefNew: 314559K(314560K)->34944K(314560K) Eden: 279616K(279616K)->0K(279616K) From: 34943K(34944K)->34944K(34944K)
[65.416s][info][gc,heap        ] GC(139) Tenured: 232796K(699072K)->406950K(699072K)
[65.416s][info][gc,metaspace   ] GC(139) Metaspace: 16503K(16832K)->16503K(16832K) NonClass: 14172K(14336K)->14172K(14336K) Class: 2330K(2496K)->2330K(2496K)
[65.416s][info][gc             ] GC(139) Pause Young (Allocation Failure) 534M->431M(989M) 546.632ms
[65.416s][info][gc,cpu         ] GC(139) User=0.56s Sys=0.00s Real=0.55s
[67.611s][info][gc,start       ] GC(140) Pause Young (Allocation Failure)
[67.987s][info][gc,heap        ] GC(140) DefNew: 314560K(314560K)->34944K(314560K) Eden: 279616K(279616K)->0K(279616K) From: 34944K(34944K)->34944K(34944K)
[67.987s][info][gc,heap        ] GC(140) Tenured: 406950K(699072K)->494333K(699072K)
[67.987s][info][gc,metaspace   ] GC(140) Metaspace: 16503K(16832K)->16503K(16832K) NonClass: 14172K(14336K)->14172K(14336K) Class: 2330K(2496K)->2330K(2496K)
[67.987s][info][gc             ] GC(140) Pause Young (Allocation Failure) 704M->516M(989M) 375.307ms
[67.987s][info][gc,cpu         ] GC(140) User=0.36s Sys=0.00s Real=0.38s
[68.124s][info][gc,start       ] GC(141) Pause Young (Allocation Failure)
[68.124s][info][gc             ] GC(141) Pause Young (Allocation Failure) 789M->789M(989M) 0.145ms
[68.124s][info][gc,cpu         ] GC(141) User=0.00s Sys=0.00s Real=0.00s
[68.124s][info][gc,start       ] GC(142) Pause Full (Allocation Failure)
[68.124s][info][gc,phases,start] GC(142) Phase 1: Mark live objects
[68.361s][info][gc,phases      ] GC(142) Phase 1: Mark live objects 236.620ms
[68.361s][info][gc,phases,start] GC(142) Phase 2: Compute new object addresses
[68.488s][info][gc,phases      ] GC(142) Phase 2: Compute new object addresses 126.906ms
[68.488s][info][gc,phases,start] GC(142) Phase 3: Adjust pointers
[68.605s][info][gc,phases      ] GC(142) Phase 3: Adjust pointers 117.586ms
[68.605s][info][gc,phases,start] GC(142) Phase 4: Move objects
[68.686s][info][gc,phases      ] GC(142) Phase 4: Move objects 81.133ms
[68.687s][info][gc,heap        ] GC(142) DefNew: 314560K(314560K)->0K(314560K) Eden: 279616K(279616K)->0K(279616K) From: 34944K(34944K)->0K(34944K)
[68.687s][info][gc,heap        ] GC(142) Tenured: 494333K(699072K)->210523K(699072K)
[68.687s][info][gc,metaspace   ] GC(142) Metaspace: 16503K(16832K)->16503K(16832K) NonClass: 14172K(14336K)->14172K(14336K) Class: 2330K(2496K)->2330K(2496K)
[68.687s][info][gc             ] GC(142) Pause Full (Allocation Failure) 789M->205M(989M) 562.700ms
[68.687s][info][gc,cpu         ] GC(142) User=0.53s Sys=0.00s Real=0.56s
[68.827s][info][gc,start       ] GC(143) Pause Young (Allocation Failure)
[69.113s][info][gc,heap        ] GC(143) DefNew: 279616K(314560K)->34944K(314560K) Eden: 279616K(279616K)->0K(279616K) From: 0K(34944K)->34944K(34944K)
[69.113s][info][gc,heap        ] GC(143) Tenured: 210523K(699072K)->293206K(699072K)
[69.113s][info][gc,metaspace   ] GC(143) Metaspace: 16503K(16832K)->16503K(16832K) NonClass: 14172K(14336K)->14172K(14336K) Class: 2330K(2496K)->2330K(2496K)
[69.113s][info][gc             ] GC(143) Pause Young (Allocation Failure) 478M->320M(989M) 285.249ms
[69.113s][info][gc,cpu         ] GC(143) User=0.23s Sys=0.00s Real=0.28s
[69.273s][info][gc,start       ] GC(144) Pause Young (Allocation Failure)
[69.739s][info][gc,heap        ] GC(144) DefNew: 314560K(314560K)->34944K(314560K) Eden: 279616K(279616K)->0K(279616K) From: 34944K(34944K)->34944K(34944K)
[69.739s][info][gc,heap        ] GC(144) Tenured: 293206K(699072K)->420984K(699072K)
[69.739s][info][gc,metaspace   ] GC(144) Metaspace: 16503K(16832K)->16503K(16832K) NonClass: 14172K(14336K)->14172K(14336K) Class: 2330K(2496K)->2330K(2496K)
[69.739s][info][gc             ] GC(144) Pause Young (Allocation Failure) 593M->445M(989M) 465.871ms
[69.739s][info][gc,cpu         ] GC(144) User=0.45s Sys=0.00s Real=0.45s
[70.198s][info][gc,start       ] GC(145) Pause Young (Allocation Failure)
[70.403s][info][gc,heap        ] GC(145) DefNew: 314560K(314560K)->26552K(314560K) Eden: 279616K(279616K)->0K(279616K) From: 34944K(34944K)->26552K(34944K)
[70.403s][info][gc,heap        ] GC(145) Tenured: 420984K(699072K)->445930K(699072K)
[70.403s][info][gc,metaspace   ] GC(145) Metaspace: 16503K(16832K)->16503K(16832K) NonClass: 14172K(14336K)->14172K(14336K) Class: 2330K(2496K)->2330K(2496K)
[70.403s][info][gc             ] GC(145) Pause Young (Allocation Failure) 718M->461M(989M) 204.894ms
[70.403s][info][gc,cpu         ] GC(145) User=0.19s Sys=0.00s Real=0.20s
[70.766s][info][gc,start       ] GC(146) Pause Young (Allocation Failure)
[70.796s][info][gc,heap        ] GC(146) DefNew: 306168K(314560K)->163K(314560K) Eden: 279616K(279616K)->0K(279616K) From: 26552K(34944K)->163K(34944K)
[70.796s][info][gc,heap        ] GC(146) Tenured: 445930K(699072K)->448707K(699072K)
[70.796s][info][gc,metaspace   ] GC(146) Metaspace: 16503K(16832K)->16503K(16832K) NonClass: 14172K(14336K)->14172K(14336K) Class: 2330K(2496K)->2330K(2496K)
[70.796s][info][gc             ] GC(146) Pause Young (Allocation Failure) 734M->438M(989M) 30.201ms
[70.796s][info][gc,cpu         ] GC(146) User=0.03s Sys=0.00s Real=0.03s
[71.464s][info][gc,start       ] GC(147) Pause Full (System.gc())
[71.464s][info][gc,phases,start] GC(147) Phase 1: Mark live objects
[71.471s][info][gc,phases      ] GC(147) Phase 1: Mark live objects 7.000ms
[71.471s][info][gc,phases,start] GC(147) Phase 2: Compute new object addresses
[71.553s][info][gc,phases      ] GC(147) Phase 2: Compute new object addresses 81.250ms
[71.553s][info][gc,phases,start] GC(147) Phase 3: Adjust pointers
[71.557s][info][gc,phases      ] GC(147) Phase 3: Adjust pointers 3.811ms
[71.557s][info][gc,phases,start] GC(147) Phase 4: Move objects
[71.557s][info][gc,phases      ] GC(147) Phase 4: Move objects 0.009ms
[71.557s][info][gc,heap        ] GC(147) DefNew: 95031K(314560K)->0K(314560K) Eden: 94867K(279616K)->0K(279616K) From: 163K(34944K)->0K(34944K)
[71.557s][info][gc,heap        ] GC(147) Tenured: 448707K(699072K)->5557K(699072K)
[71.557s][info][gc,metaspace   ] GC(147) Metaspace: 16505K(16832K)->16505K(16832K) NonClass: 14174K(14336K)->14174K(14336K) Class: 2330K(2496K)->2330K(2496K)
[71.557s][info][gc             ] GC(147) Pause Full (System.gc()) 530M->5M(989M) 92.388ms
[71.557s][info][gc,cpu         ] GC(147) User=0.08s Sys=0.00s Real=0.10s
[72.843s][info][gc,start       ] GC(148) Pause Young (Allocation Failure)
[72.844s][info][gc,heap        ] GC(148) DefNew: 279616K(314560K)->232K(314560K) Eden: 279616K(279616K)->0K(279616K) From: 0K(34944K)->232K(34944K)
[72.844s][info][gc,heap        ] GC(148) Tenured: 5557K(699072K)->5557K(699072K)
[72.844s][info][gc,metaspace   ] GC(148) Metaspace: 16509K(16832K)->16509K(16832K) NonClass: 14178K(14336K)->14178K(14336K) Class: 2330K(2496K)->2330K(2496K)
[72.844s][info][gc             ] GC(148) Pause Young (Allocation Failure) 278M->5M(989M) 1.056ms
[72.844s][info][gc,cpu         ] GC(148) User=0.00s Sys=0.00s Real=0.00s
[72.889s][info][gc,start       ] GC(149) Pause Young (Allocation Failure)
[72.890s][info][gc,heap        ] GC(149) DefNew: 279848K(314560K)->248K(314560K) Eden: 279616K(279616K)->0K(279616K) From: 232K(34944K)->248K(34944K)
[72.890s][info][gc,heap        ] GC(149) Tenured: 5557K(699072K)->5557K(699072K)
[72.890s][info][gc,metaspace   ] GC(149) Metaspace: 16509K(16832K)->16509K(16832K) NonClass: 14178K(14336K)->14178K(14336K) Class: 2330K(2496K)->2330K(2496K)
[72.890s][info][gc             ] GC(149) Pause Young (Allocation Failure) 278M->5M(989M) 0.790ms
[72.890s][info][gc,cpu         ] GC(149) User=0.00s Sys=0.00s Real=0.00s
[72.934s][info][gc,start       ] GC(150) Pause Young (Allocation Failure)
[72.934s][info][gc,heap        ] GC(150) DefNew: 279864K(314560K)->232K(314560K) Eden: 279616K(279616K)->0K(279616K) From: 248K(34944K)->232K(34944K)
[72.934s][info][gc,heap        ] GC(150) Tenured: 5557K(699072K)->5557K(699072K)
[72.934s][info][gc,metaspace   ] GC(150) Metaspace: 16509K(16832K)->16509K(16832K) NonClass: 14178K(14336K)->14178K(14336K) Class: 2330K(2496K)->2330K(2496K)
[72.934s][info][gc             ] GC(150) Pause Young (Allocation Failure) 278M->5M(989M) 0.779ms
[72.934s][info][gc,cpu         ] GC(150) User=0.00s Sys=0.00s Real=0.00s
[72.979s][info][gc,start       ] GC(151) Pause Young (Allocation Failure)
[72.980s][info][gc,heap        ] GC(151) DefNew: 279848K(314560K)->238K(314560K) Eden: 279616K(279616K)->0K(279616K) From: 232K(34944K)->238K(34944K)
[72.980s][info][gc,heap        ] GC(151) Tenured: 5557K(699072K)->5557K(699072K)
[72.980s][info][gc,metaspace   ] GC(151) Metaspace: 16509K(16832K)->16509K(16832K) NonClass: 14178K(14336K)->14178K(14336K) Class: 2330K(2496K)->2330K(2496K)
[72.980s][info][gc             ] GC(151) Pause Young (Allocation Failure) 278M->5M(989M) 0.827ms
[72.980s][info][gc,cpu         ] GC(151) User=0.00s Sys=0.00s Real=0.00s
[73.024s][info][gc,start       ] GC(152) Pause Young (Allocation Failure)
[73.025s][info][gc,heap        ] GC(152) DefNew: 279854K(314560K)->251K(314560K) Eden: 279616K(279616K)->0K(279616K) From: 238K(34944K)->251K(34944K)
[73.025s][info][gc,heap        ] GC(152) Tenured: 5557K(699072K)->5557K(699072K)
[73.025s][info][gc,metaspace   ] GC(152) Metaspace: 16509K(16832K)->16509K(16832K) NonClass: 14178K(14336K)->14178K(14336K) Class: 2330K(2496K)->2330K(2496K)
[73.025s][info][gc             ] GC(152) Pause Young (Allocation Failure) 278M->5M(989M) 0.895ms
[73.025s][info][gc,cpu         ] GC(152) User=0.00s Sys=0.00s Real=0.00s
[73.069s][info][gc,start       ] GC(153) Pause Young (Allocation Failure)
[73.070s][info][gc,heap        ] GC(153) DefNew: 279867K(314560K)->249K(314560K) Eden: 279616K(279616K)->0K(279616K) From: 251K(34944K)->249K(34944K)
[73.070s][info][gc,heap        ] GC(153) Tenured: 5557K(699072K)->5557K(699072K)
[73.070s][info][gc,metaspace   ] GC(153) Metaspace: 16509K(16832K)->16509K(16832K) NonClass: 14178K(14336K)->14178K(14336K) Class: 2330K(2496K)->2330K(2496K)
[73.070s][info][gc             ] GC(153) Pause Young (Allocation Failure) 278M->5M(989M) 0.958ms
[73.070s][info][gc,cpu         ] GC(153) User=0.00s Sys=0.00s Real=0.00s
[73.115s][info][gc,start       ] GC(154) Pause Young (Allocation Failure)
[73.115s][info][gc,heap        ] GC(154) DefNew: 279865K(314560K)->242K(314560K) Eden: 279616K(279616K)->0K(279616K) From: 249K(34944K)->242K(34944K)
[73.115s][info][gc,heap        ] GC(154) Tenured: 5557K(699072K)->5557K(699072K)
[73.115s][info][gc,metaspace   ] GC(154) Metaspace: 16509K(16832K)->16509K(16832K) NonClass: 14178K(14336K)->14178K(14336K) Class: 2330K(2496K)->2330K(2496K)
[73.115s][info][gc             ] GC(154) Pause Young (Allocation Failure) 278M->5M(989M) 0.766ms
[73.115s][info][gc,cpu         ] GC(154) User=0.00s Sys=0.00s Real=0.00s
[73.159s][info][gc,start       ] GC(155) Pause Young (Allocation Failure)
[73.160s][info][gc,heap        ] GC(155) DefNew: 279858K(314560K)->229K(314560K) Eden: 279616K(279616K)->0K(279616K) From: 242K(34944K)->229K(34944K)
[73.160s][info][gc,heap        ] GC(155) Tenured: 5557K(699072K)->5557K(699072K)
[73.160s][info][gc,metaspace   ] GC(155) Metaspace: 16509K(16832K)->16509K(16832K) NonClass: 14178K(14336K)->14178K(14336K) Class: 2330K(2496K)->2330K(2496K)
[73.160s][info][gc             ] GC(155) Pause Young (Allocation Failure) 278M->5M(989M) 0.807ms
[73.160s][info][gc,cpu         ] GC(155) User=0.00s Sys=0.00s Real=0.00s
[73.205s][info][gc,start       ] GC(156) Pause Young (Allocation Failure)
[73.205s][info][gc,heap        ] GC(156) DefNew: 279845K(314560K)->226K(314560K) Eden: 279616K(279616K)->0K(279616K) From: 229K(34944K)->226K(34944K)
[73.205s][info][gc,heap        ] GC(156) Tenured: 5557K(699072K)->5557K(699072K)
[73.205s][info][gc,metaspace   ] GC(156) Metaspace: 16509K(16832K)->16509K(16832K) NonClass: 14178K(14336K)->14178K(14336K) Class: 2330K(2496K)->2330K(2496K)
[73.205s][info][gc             ] GC(156) Pause Young (Allocation Failure) 278M->5M(989M) 0.789ms
[73.206s][info][gc,cpu         ] GC(156) User=0.00s Sys=0.00s Real=0.00s
[73.251s][info][gc,start       ] GC(157) Pause Young (Allocation Failure)
[73.252s][info][gc,heap        ] GC(157) DefNew: 279842K(314560K)->211K(314560K) Eden: 279616K(279616K)->0K(279616K) From: 226K(34944K)->211K(34944K)
[73.252s][info][gc,heap        ] GC(157) Tenured: 5557K(699072K)->5557K(699072K)
[73.252s][info][gc,metaspace   ] GC(157) Metaspace: 16509K(16832K)->16509K(16832K) NonClass: 14178K(14336K)->14178K(14336K) Class: 2330K(2496K)->2330K(2496K)
[73.252s][info][gc             ] GC(157) Pause Young (Allocation Failure) 278M->5M(989M) 0.786ms
[73.252s][info][gc,cpu         ] GC(157) User=0.00s Sys=0.00s Real=0.00s
[73.340s][info][gc,start       ] GC(158) Pause Young (Allocation Failure)
[73.536s][info][gc,heap        ] GC(158) DefNew: 279827K(314560K)->34944K(314560K) Eden: 279616K(279616K)->0K(279616K) From: 211K(34944K)->34944K(34944K)
[73.536s][info][gc,heap        ] GC(158) Tenured: 5557K(699072K)->49454K(699072K)
[73.536s][info][gc,metaspace   ] GC(158) Metaspace: 16509K(16832K)->16509K(16832K) NonClass: 14178K(14336K)->14178K(14336K) Class: 2330K(2496K)->2330K(2496K)
[73.536s][info][gc             ] GC(158) Pause Young (Allocation Failure) 278M->82M(989M) 195.430ms
[73.536s][info][gc,cpu         ] GC(158) User=0.19s Sys=0.00s Real=0.20s
[73.732s][info][gc,start       ] GC(159) Pause Young (Allocation Failure)
[74.335s][info][gc,heap        ] GC(159) DefNew: 314560K(314560K)->34944K(314560K) Eden: 279616K(279616K)->0K(279616K) From: 34944K(34944K)->34944K(34944K)
[74.335s][info][gc,heap        ] GC(159) Tenured: 49454K(699072K)->234023K(699072K)
[74.335s][info][gc,metaspace   ] GC(159) Metaspace: 16509K(16832K)->16509K(16832K) NonClass: 14178K(14336K)->14178K(14336K) Class: 2330K(2496K)->2330K(2496K)
[74.335s][info][gc             ] GC(159) Pause Young (Allocation Failure) 355M->262M(989M) 602.878ms
[74.335s][info][gc,cpu         ] GC(159) User=0.55s Sys=0.03s Real=0.60s
[74.546s][info][gc,start       ] GC(160) Pause Young (Allocation Failure)
[75.092s][info][gc,heap        ] GC(160) DefNew: 314560K(314560K)->34944K(314560K) Eden: 279616K(279616K)->0K(279616K) From: 34944K(34944K)->34944K(34944K)
[75.092s][info][gc,heap        ] GC(160) Tenured: 234023K(699072K)->407390K(699072K)
[75.092s][info][gc,metaspace   ] GC(160) Metaspace: 16509K(16832K)->16509K(16832K) NonClass: 14178K(14336K)->14178K(14336K) Class: 2330K(2496K)->2330K(2496K)
[75.092s][info][gc             ] GC(160) Pause Young (Allocation Failure) 535M->431M(989M) 546.070ms
[75.092s][info][gc,cpu         ] GC(160) User=0.58s Sys=0.00s Real=0.55s
[77.174s][info][gc,start       ] GC(161) Pause Young (Allocation Failure)
[77.551s][info][gc,heap        ] GC(161) DefNew: 314560K(314560K)->34944K(314560K) Eden: 279616K(279616K)->0K(279616K) From: 34944K(34944K)->34944K(34944K)
[77.551s][info][gc,heap        ] GC(161) Tenured: 407390K(699072K)->494356K(699072K)
[77.551s][info][gc,metaspace   ] GC(161) Metaspace: 16510K(16832K)->16510K(16832K) NonClass: 14180K(14336K)->14180K(14336K) Class: 2330K(2496K)->2330K(2496K)
[77.551s][info][gc             ] GC(161) Pause Young (Allocation Failure) 705M->516M(989M) 377.393ms
[77.551s][info][gc,cpu         ] GC(161) User=0.31s Sys=0.00s Real=0.38s
[77.688s][info][gc,start       ] GC(162) Pause Young (Allocation Failure)
[77.688s][info][gc             ] GC(162) Pause Young (Allocation Failure) 789M->789M(989M) 0.151ms
[77.688s][info][gc,cpu         ] GC(162) User=0.00s Sys=0.00s Real=0.00s
[77.688s][info][gc,start       ] GC(163) Pause Full (Allocation Failure)
[77.688s][info][gc,phases,start] GC(163) Phase 1: Mark live objects
[77.921s][info][gc,phases      ] GC(163) Phase 1: Mark live objects 232.835ms
[77.921s][info][gc,phases,start] GC(163) Phase 2: Compute new object addresses
[78.045s][info][gc,phases      ] GC(163) Phase 2: Compute new object addresses 124.644ms
[78.045s][info][gc,phases,start] GC(163) Phase 3: Adjust pointers
[78.163s][info][gc,phases      ] GC(163) Phase 3: Adjust pointers 117.086ms
[78.163s][info][gc,phases,start] GC(163) Phase 4: Move objects
[78.243s][info][gc,phases      ] GC(163) Phase 4: Move objects 80.512ms
[78.243s][info][gc,heap        ] GC(163) DefNew: 314560K(314560K)->0K(314560K) Eden: 279616K(279616K)->0K(279616K) From: 34944K(34944K)->0K(34944K)
[78.243s][info][gc,heap        ] GC(163) Tenured: 494356K(699072K)->209902K(699072K)
[78.243s][info][gc,metaspace   ] GC(163) Metaspace: 16510K(16832K)->16510K(16832K) NonClass: 14180K(14336K)->14180K(14336K) Class: 2330K(2496K)->2330K(2496K)
[78.243s][info][gc             ] GC(163) Pause Full (Allocation Failure) 789M->204M(989M) 555.526ms
[78.243s][info][gc,cpu         ] GC(163) User=0.55s Sys=0.00s Real=0.57s
[78.386s][info][gc,start       ] GC(164) Pause Young (Allocation Failure)
[78.672s][info][gc,heap        ] GC(164) DefNew: 279616K(314560K)->34944K(314560K) Eden: 279616K(279616K)->0K(279616K) From: 0K(34944K)->34944K(34944K)
[78.672s][info][gc,heap        ] GC(164) Tenured: 209902K(699072K)->292588K(699072K)
[78.672s][info][gc,metaspace   ] GC(164) Metaspace: 16510K(16832K)->16510K(16832K) NonClass: 14180K(14336K)->14180K(14336K) Class: 2330K(2496K)->2330K(2496K)
[78.672s][info][gc             ] GC(164) Pause Young (Allocation Failure) 478M->319M(989M) 285.492ms
[78.672s][info][gc,cpu         ] GC(164) User=0.25s Sys=0.00s Real=0.28s
[78.830s][info][gc,start       ] GC(165) Pause Young (Allocation Failure)
[79.292s][info][gc,heap        ] GC(165) DefNew: 314560K(314560K)->34944K(314560K) Eden: 279616K(279616K)->0K(279616K) From: 34944K(34944K)->34944K(34944K)
[79.292s][info][gc,heap        ] GC(165) Tenured: 292588K(699072K)->419925K(699072K)
[79.292s][info][gc,metaspace   ] GC(165) Metaspace: 16510K(16832K)->16510K(16832K) NonClass: 14180K(14336K)->14180K(14336K) Class: 2330K(2496K)->2330K(2496K)
[79.292s][info][gc             ] GC(165) Pause Young (Allocation Failure) 592M->444M(989M) 462.550ms
[79.292s][info][gc,cpu         ] GC(165) User=0.45s Sys=0.00s Real=0.47s
[79.754s][info][gc,start       ] GC(166) Pause Young (Allocation Failure)
[79.964s][info][gc,heap        ] GC(166) DefNew: 314560K(314560K)->27614K(314560K) Eden: 279616K(279616K)->0K(279616K) From: 34944K(34944K)->27614K(34944K)
[79.964s][info][gc,heap        ] GC(166) Tenured: 419925K(699072K)->444938K(699072K)
[79.964s][info][gc,metaspace   ] GC(166) Metaspace: 16510K(16832K)->16510K(16832K) NonClass: 14180K(14336K)->14180K(14336K) Class: 2330K(2496K)->2330K(2496K)
[79.964s][info][gc             ] GC(166) Pause Young (Allocation Failure) 717M->461M(989M) 209.856ms
[79.964s][info][gc,cpu         ] GC(166) User=0.19s Sys=0.00s Real=0.20s
[80.330s][info][gc,start       ] GC(167) Pause Young (Allocation Failure)
[80.366s][info][gc,heap        ] GC(167) DefNew: 307230K(314560K)->207K(314560K) Eden: 279616K(279616K)->0K(279616K) From: 27614K(34944K)->207K(34944K)
[80.366s][info][gc,heap        ] GC(167) Tenured: 444938K(699072K)->447868K(699072K)
[80.366s][info][gc,metaspace   ] GC(167) Metaspace: 16510K(16832K)->16510K(16832K) NonClass: 14180K(14336K)->14180K(14336K) Class: 2330K(2496K)->2330K(2496K)
[80.366s][info][gc             ] GC(167) Pause Young (Allocation Failure) 734M->437M(989M) 35.500ms
[80.366s][info][gc,cpu         ] GC(167) User=0.03s Sys=0.00s Real=0.03s
[81.015s][info][gc,start       ] GC(168) Pause Full (System.gc())
[81.015s][info][gc,phases,start] GC(168) Phase 1: Mark live objects
[81.022s][info][gc,phases      ] GC(168) Phase 1: Mark live objects 6.541ms
[81.022s][info][gc,phases,start] GC(168) Phase 2: Compute new object addresses
[81.103s][info][gc,phases      ] GC(168) Phase 2: Compute new object addresses 80.703ms
[81.103s][info][gc,phases,start] GC(168) Phase 3: Adjust pointers
[81.106s][info][gc,phases      ] GC(168) Phase 3: Adjust pointers 3.893ms
[81.106s][info][gc,phases,start] GC(168) Phase 4: Move objects
[81.107s][info][gc,phases      ] GC(168) Phase 4: Move objects 0.009ms
[81.107s][info][gc,heap        ] GC(168) DefNew: 94344K(314560K)->0K(314560K) Eden: 94137K(279616K)->0K(279616K) From: 207K(34944K)->0K(34944K)
[81.107s][info][gc,heap        ] GC(168) Tenured: 447868K(699072K)->5556K(699072K)
[81.107s][info][gc,metaspace   ] GC(168) Metaspace: 16510K(16832K)->16510K(16832K) NonClass: 14180K(14336K)->14180K(14336K) Class: 2330K(2496K)->2330K(2496K)
[81.107s][info][gc             ] GC(168) Pause Full (System.gc()) 529M->5M(989M) 91.544ms
[81.107s][info][gc,cpu         ] GC(168) User=0.08s Sys=0.00s Real=0.09s
[82.377s][info][gc,start       ] GC(169) Pause Young (Allocation Failure)
[82.378s][info][gc,heap        ] GC(169) DefNew: 279616K(314560K)->236K(314560K) Eden: 279616K(279616K)->0K(279616K) From: 0K(34944K)->236K(34944K)
[82.378s][info][gc,heap        ] GC(169) Tenured: 5556K(699072K)->5556K(699072K)
[82.378s][info][gc,metaspace   ] GC(169) Metaspace: 16511K(16832K)->16511K(16832K) NonClass: 14181K(14336K)->14181K(14336K) Class: 2330K(2496K)->2330K(2496K)
[82.378s][info][gc             ] GC(169) Pause Young (Allocation Failure) 278M->5M(989M) 1.196ms
[82.378s][info][gc,cpu         ] GC(169) User=0.00s Sys=0.00s Real=0.00s
[82.424s][info][gc,start       ] GC(170) Pause Young (Allocation Failure)
[82.425s][info][gc,heap        ] GC(170) DefNew: 279852K(314560K)->254K(314560K) Eden: 279616K(279616K)->0K(279616K) From: 236K(34944K)->254K(34944K)
[82.425s][info][gc,heap        ] GC(170) Tenured: 5556K(699072K)->5556K(699072K)
[82.425s][info][gc,metaspace   ] GC(170) Metaspace: 16511K(16832K)->16511K(16832K) NonClass: 14181K(14336K)->14181K(14336K) Class: 2330K(2496K)->2330K(2496K)
[82.425s][info][gc             ] GC(170) Pause Young (Allocation Failure) 278M->5M(989M) 0.897ms
[82.425s][info][gc,cpu         ] GC(170) User=0.00s Sys=0.00s Real=0.00s
[82.468s][info][gc,start       ] GC(171) Pause Young (Allocation Failure)
[82.469s][info][gc,heap        ] GC(171) DefNew: 279870K(314560K)->244K(314560K) Eden: 279616K(279616K)->0K(279616K) From: 254K(34944K)->244K(34944K)
[82.469s][info][gc,heap        ] GC(171) Tenured: 5556K(699072K)->5556K(699072K)
[82.469s][info][gc,metaspace   ] GC(171) Metaspace: 16511K(16832K)->16511K(16832K) NonClass: 14181K(14336K)->14181K(14336K) Class: 2330K(2496K)->2330K(2496K)
[82.469s][info][gc             ] GC(171) Pause Young (Allocation Failure) 278M->5M(989M) 0.783ms
[82.469s][info][gc,cpu         ] GC(171) User=0.00s Sys=0.00s Real=0.00s
[82.513s][info][gc,start       ] GC(172) Pause Young (Allocation Failure)
[82.514s][info][gc,heap        ] GC(172) DefNew: 279860K(314560K)->233K(314560K) Eden: 279616K(279616K)->0K(279616K) From: 244K(34944K)->233K(34944K)
[82.514s][info][gc,heap        ] GC(172) Tenured: 5556K(699072K)->5556K(699072K)
[82.514s][info][gc,metaspace   ] GC(172) Metaspace: 16511K(16832K)->16511K(16832K) NonClass: 14181K(14336K)->14181K(14336K) Class: 2330K(2496K)->2330K(2496K)
[82.514s][info][gc             ] GC(172) Pause Young (Allocation Failure) 278M->5M(989M) 0.777ms
[82.514s][info][gc,cpu         ] GC(172) User=0.00s Sys=0.00s Real=0.00s
[82.557s][info][gc,start       ] GC(173) Pause Young (Allocation Failure)
[82.558s][info][gc,heap        ] GC(173) DefNew: 279849K(314560K)->233K(314560K) Eden: 279616K(279616K)->0K(279616K) From: 233K(34944K)->233K(34944K)
[82.558s][info][gc,heap        ] GC(173) Tenured: 5556K(699072K)->5556K(699072K)
[82.558s][info][gc,metaspace   ] GC(173) Metaspace: 16511K(16832K)->16511K(16832K) NonClass: 14181K(14336K)->14181K(14336K) Class: 2330K(2496K)->2330K(2496K)
[82.558s][info][gc             ] GC(173) Pause Young (Allocation Failure) 278M->5M(989M) 0.822ms
[82.558s][info][gc,cpu         ] GC(173) User=0.00s Sys=0.00s Real=0.00s
[82.602s][info][gc,start       ] GC(174) Pause Young (Allocation Failure)
[82.603s][info][gc,heap        ] GC(174) DefNew: 279849K(314560K)->218K(314560K) Eden: 279616K(279616K)->0K(279616K) From: 233K(34944K)->218K(34944K)
[82.603s][info][gc,heap        ] GC(174) Tenured: 5556K(699072K)->5556K(699072K)
[82.603s][info][gc,metaspace   ] GC(174) Metaspace: 16511K(16832K)->16511K(16832K) NonClass: 14181K(14336K)->14181K(14336K) Class: 2330K(2496K)->2330K(2496K)
[82.603s][info][gc             ] GC(174) Pause Young (Allocation Failure) 278M->5M(989M) 0.947ms
[82.603s][info][gc,cpu         ] GC(174) User=0.00s Sys=0.00s Real=0.00s
[82.647s][info][gc,start       ] GC(175) Pause Young (Allocation Failure)
[82.648s][info][gc,heap        ] GC(175) DefNew: 279834K(314560K)->236K(314560K) Eden: 279616K(279616K)->0K(279616K) From: 218K(34944K)->236K(34944K)
[82.648s][info][gc,heap        ] GC(175) Tenured: 5556K(699072K)->5556K(699072K)
[82.648s][info][gc,metaspace   ] GC(175) Metaspace: 16511K(16832K)->16511K(16832K) NonClass: 14181K(14336K)->14181K(14336K) Class: 2330K(2496K)->2330K(2496K)
[82.648s][info][gc             ] GC(175) Pause Young (Allocation Failure) 278M->5M(989M) 0.930ms
[82.648s][info][gc,cpu         ] GC(175) User=0.00s Sys=0.00s Real=0.00s
[82.692s][info][gc,start       ] GC(176) Pause Young (Allocation Failure)
[82.693s][info][gc,heap        ] GC(176) DefNew: 279852K(314560K)->233K(314560K) Eden: 279616K(279616K)->0K(279616K) From: 236K(34944K)->233K(34944K)
[82.693s][info][gc,heap        ] GC(176) Tenured: 5556K(699072K)->5556K(699072K)
[82.693s][info][gc,metaspace   ] GC(176) Metaspace: 16511K(16832K)->16511K(16832K) NonClass: 14181K(14336K)->14181K(14336K) Class: 2330K(2496K)->2330K(2496K)
[82.693s][info][gc             ] GC(176) Pause Young (Allocation Failure) 278M->5M(989M) 1.059ms
[82.693s][info][gc,cpu         ] GC(176) User=0.00s Sys=0.00s Real=0.00s
[82.737s][info][gc,start       ] GC(177) Pause Young (Allocation Failure)
[82.738s][info][gc,heap        ] GC(177) DefNew: 279849K(314560K)->239K(314560K) Eden: 279616K(279616K)->0K(279616K) From: 233K(34944K)->239K(34944K)
[82.738s][info][gc,heap        ] GC(177) Tenured: 5556K(699072K)->5556K(699072K)
[82.738s][info][gc,metaspace   ] GC(177) Metaspace: 16511K(16832K)->16511K(16832K) NonClass: 14181K(14336K)->14181K(14336K) Class: 2330K(2496K)->2330K(2496K)
[82.738s][info][gc             ] GC(177) Pause Young (Allocation Failure) 278M->5M(989M) 0.891ms
[82.738s][info][gc,cpu         ] GC(177) User=0.00s Sys=0.00s Real=0.00s
[82.783s][info][gc,start       ] GC(178) Pause Young (Allocation Failure)
[82.784s][info][gc,heap        ] GC(178) DefNew: 279855K(314560K)->209K(314560K) Eden: 279616K(279616K)->0K(279616K) From: 239K(34944K)->209K(34944K)
[82.784s][info][gc,heap        ] GC(178) Tenured: 5556K(699072K)->5556K(699072K)
[82.784s][info][gc,metaspace   ] GC(178) Metaspace: 16511K(16832K)->16511K(16832K) NonClass: 14181K(14336K)->14181K(14336K) Class: 2330K(2496K)->2330K(2496K)
[82.784s][info][gc             ] GC(178) Pause Young (Allocation Failure) 278M->5M(989M) 0.762ms
[82.784s][info][gc,cpu         ] GC(178) User=0.00s Sys=0.00s Real=0.00s
[82.866s][info][gc,start       ] GC(179) Pause Young (Allocation Failure)
[83.061s][info][gc,heap        ] GC(179) DefNew: 279825K(314560K)->34944K(314560K) Eden: 279616K(279616K)->0K(279616K) From: 209K(34944K)->34944K(34944K)
[83.061s][info][gc,heap        ] GC(179) Tenured: 5556K(699072K)->49539K(699072K)
[83.061s][info][gc,metaspace   ] GC(179) Metaspace: 16511K(16832K)->16511K(16832K) NonClass: 14181K(14336K)->14181K(14336K) Class: 2330K(2496K)->2330K(2496K)
[83.061s][info][gc             ] GC(179) Pause Young (Allocation Failure) 278M->82M(989M) 194.471ms
[83.061s][info][gc,cpu         ] GC(179) User=0.19s Sys=0.00s Real=0.19s
[83.234s][info][gc,start       ] GC(180) Pause Young (Allocation Failure)
[83.832s][info][gc,heap        ] GC(180) DefNew: 314560K(314560K)->34944K(314560K) Eden: 279616K(279616K)->0K(279616K) From: 34944K(34944K)->34944K(34944K)
[83.832s][info][gc,heap        ] GC(180) Tenured: 49539K(699072K)->233533K(699072K)
[83.832s][info][gc,metaspace   ] GC(180) Metaspace: 16511K(16832K)->16511K(16832K) NonClass: 14181K(14336K)->14181K(14336K) Class: 2330K(2496K)->2330K(2496K)
[83.832s][info][gc             ] GC(180) Pause Young (Allocation Failure) 355M->262M(989M) 598.288ms
[83.832s][info][gc,cpu         ] GC(180) User=0.53s Sys=0.02s Real=0.60s
[84.038s][info][gc,start       ] GC(181) Pause Young (Allocation Failure)
[84.587s][info][gc,heap        ] GC(181) DefNew: 314560K(314560K)->34943K(314560K) Eden: 279616K(279616K)->0K(279616K) From: 34944K(34944K)->34943K(34944K)
[84.587s][info][gc,heap        ] GC(181) Tenured: 233533K(699072K)->407187K(699072K)
[84.587s][info][gc,metaspace   ] GC(181) Metaspace: 16511K(16832K)->16511K(16832K) NonClass: 14181K(14336K)->14181K(14336K) Class: 2330K(2496K)->2330K(2496K)
[84.587s][info][gc             ] GC(181) Pause Young (Allocation Failure) 535M->431M(989M) 548.825ms
[84.587s][info][gc,cpu         ] GC(181) User=0.55s Sys=0.00s Real=0.55s
[87.284s][info][gc,start       ] GC(182) Pause Young (Allocation Failure)
[87.660s][info][gc,heap        ] GC(182) DefNew: 314559K(314560K)->34944K(314560K) Eden: 279616K(279616K)->0K(279616K) From: 34943K(34944K)->34944K(34944K)
[87.660s][info][gc,heap        ] GC(182) Tenured: 407187K(699072K)->493123K(699072K)
[87.660s][info][gc,metaspace   ] GC(182) Metaspace: 16511K(16832K)->16511K(16832K) NonClass: 14181K(14336K)->14181K(14336K) Class: 2330K(2496K)->2330K(2496K)
[87.660s][info][gc             ] GC(182) Pause Young (Allocation Failure) 704M->515M(989M) 375.447ms
[87.660s][info][gc,cpu         ] GC(182) User=0.36s Sys=0.00s Real=0.38s
[87.797s][info][gc,start       ] GC(183) Pause Young (Allocation Failure)
[87.797s][info][gc             ] GC(183) Pause Young (Allocation Failure) 788M->788M(989M) 0.120ms
[87.797s][info][gc,cpu         ] GC(183) User=0.00s Sys=0.00s Real=0.00s
[87.797s][info][gc,start       ] GC(184) Pause Full (Allocation Failure)
[87.797s][info][gc,phases,start] GC(184) Phase 1: Mark live objects
[88.029s][info][gc,phases      ] GC(184) Phase 1: Mark live objects 231.739ms
[88.029s][info][gc,phases,start] GC(184) Phase 2: Compute new object addresses
[88.156s][info][gc,phases      ] GC(184) Phase 2: Compute new object addresses 127.156ms
[88.156s][info][gc,phases,start] GC(184) Phase 3: Adjust pointers
[88.276s][info][gc,phases      ] GC(184) Phase 3: Adjust pointers 119.236ms
[88.276s][info][gc,phases,start] GC(184) Phase 4: Move objects
[88.356s][info][gc,phases      ] GC(184) Phase 4: Move objects 80.219ms
[88.356s][info][gc,heap        ] GC(184) DefNew: 314560K(314560K)->0K(314560K) Eden: 279616K(279616K)->0K(279616K) From: 34944K(34944K)->0K(34944K)
[88.356s][info][gc,heap        ] GC(184) Tenured: 493123K(699072K)->208800K(699072K)
[88.356s][info][gc,metaspace   ] GC(184) Metaspace: 16511K(16832K)->16511K(16832K) NonClass: 14181K(14336K)->14181K(14336K) Class: 2330K(2496K)->2330K(2496K)
[88.356s][info][gc             ] GC(184) Pause Full (Allocation Failure) 788M->203M(989M) 558.837ms
[88.356s][info][gc,cpu         ] GC(184) User=0.53s Sys=0.00s Real=0.56s
[88.497s][info][gc,start       ] GC(185) Pause Young (Allocation Failure)
[88.781s][info][gc,heap        ] GC(185) DefNew: 279616K(314560K)->34944K(314560K) Eden: 279616K(279616K)->0K(279616K) From: 0K(34944K)->34944K(34944K)
[88.781s][info][gc,heap        ] GC(185) Tenured: 208800K(699072K)->291490K(699072K)
[88.781s][info][gc,metaspace   ] GC(185) Metaspace: 16511K(16832K)->16511K(16832K) NonClass: 14181K(14336K)->14181K(14336K) Class: 2330K(2496K)->2330K(2496K)
[88.781s][info][gc             ] GC(185) Pause Young (Allocation Failure) 476M->318M(989M) 283.807ms
[88.781s][info][gc,cpu         ] GC(185) User=0.28s Sys=0.00s Real=0.28s
[88.940s][info][gc,start       ] GC(186) Pause Young (Allocation Failure)
[89.392s][info][gc,heap        ] GC(186) DefNew: 314560K(314560K)->34944K(314560K) Eden: 279616K(279616K)->0K(279616K) From: 34944K(34944K)->34944K(34944K)
[89.392s][info][gc,heap        ] GC(186) Tenured: 291490K(699072K)->418041K(699072K)
[89.392s][info][gc,metaspace   ] GC(186) Metaspace: 16511K(16832K)->16511K(16832K) NonClass: 14181K(14336K)->14181K(14336K) Class: 2330K(2496K)->2330K(2496K)
[89.392s][info][gc             ] GC(186) Pause Young (Allocation Failure) 591M->442M(989M) 452.714ms
[89.392s][info][gc,cpu         ] GC(186) User=0.44s Sys=0.00s Real=0.46s
[89.853s][info][gc,start       ] GC(187) Pause Young (Allocation Failure)
[90.067s][info][gc,heap        ] GC(187) DefNew: 314560K(314560K)->29504K(314560K) Eden: 279616K(279616K)->0K(279616K) From: 34944K(34944K)->29504K(34944K)
[90.067s][info][gc,heap        ] GC(187) Tenured: 418041K(699072K)->443172K(699072K)
[90.067s][info][gc,metaspace   ] GC(187) Metaspace: 16511K(16832K)->16511K(16832K) NonClass: 14181K(14336K)->14181K(14336K) Class: 2330K(2496K)->2330K(2496K)
[90.067s][info][gc             ] GC(187) Pause Young (Allocation Failure) 715M->461M(989M) 214.316ms
[90.067s][info][gc,cpu         ] GC(187) User=0.20s Sys=0.00s Real=0.22s
[90.435s][info][gc,start       ] GC(188) Pause Young (Allocation Failure)
[90.480s][info][gc,heap        ] GC(188) DefNew: 309120K(314560K)->294K(314560K) Eden: 279616K(279616K)->0K(279616K) From: 29504K(34944K)->294K(34944K)
[90.480s][info][gc,heap        ] GC(188) Tenured: 443172K(699072K)->446370K(699072K)
[90.480s][info][gc,metaspace   ] GC(188) Metaspace: 16511K(16832K)->16511K(16832K) NonClass: 14181K(14336K)->14181K(14336K) Class: 2330K(2496K)->2330K(2496K)
[90.480s][info][gc             ] GC(188) Pause Young (Allocation Failure) 734M->436M(989M) 45.174ms
[90.480s][info][gc,cpu         ] GC(188) User=0.03s Sys=0.00s Real=0.05s
[91.125s][info][gc,start       ] GC(189) Pause Full (System.gc())
[91.125s][info][gc,phases,start] GC(189) Phase 1: Mark live objects
[91.132s][info][gc,phases      ] GC(189) Phase 1: Mark live objects 6.634ms
[91.132s][info][gc,phases,start] GC(189) Phase 2: Compute new object addresses
[91.213s][info][gc,phases      ] GC(189) Phase 2: Compute new object addresses 81.282ms
[91.213s][info][gc,phases,start] GC(189) Phase 3: Adjust pointers
[91.217s][info][gc,phases      ] GC(189) Phase 3: Adjust pointers 3.923ms
[91.217s][info][gc,phases,start] GC(189) Phase 4: Move objects
[91.217s][info][gc,phases      ] GC(189) Phase 4: Move objects 0.010ms
[91.217s][info][gc,heap        ] GC(189) DefNew: 98751K(314560K)->0K(314560K) Eden: 98457K(279616K)->0K(279616K) From: 294K(34944K)->0K(34944K)
[91.217s][info][gc,heap        ] GC(189) Tenured: 446370K(699072K)->5556K(699072K)
[91.217s][info][gc,metaspace   ] GC(189) Metaspace: 16512K(16832K)->16512K(16832K) NonClass: 14181K(14336K)->14181K(14336K) Class: 2330K(2496K)->2330K(2496K)
[91.217s][info][gc             ] GC(189) Pause Full (System.gc()) 532M->5M(989M) 92.179ms
[91.217s][info][gc,cpu         ] GC(189) User=0.06s Sys=0.00s Real=0.09s
[92.504s][info][gc,start       ] GC(190) Pause Young (Allocation Failure)
[92.505s][info][gc,heap        ] GC(190) DefNew: 279616K(314560K)->243K(314560K) Eden: 279616K(279616K)->0K(279616K) From: 0K(34944K)->243K(34944K)
[92.505s][info][gc,heap        ] GC(190) Tenured: 5556K(699072K)->5556K(699072K)
[92.505s][info][gc,metaspace   ] GC(190) Metaspace: 16516K(16832K)->16516K(16832K) NonClass: 14185K(14336K)->14185K(14336K) Class: 2330K(2496K)->2330K(2496K)
[92.505s][info][gc             ] GC(190) Pause Young (Allocation Failure) 278M->5M(989M) 1.225ms
[92.505s][info][gc,cpu         ] GC(190) User=0.00s Sys=0.00s Real=0.00s
[92.550s][info][gc,start       ] GC(191) Pause Young (Allocation Failure)
[92.551s][info][gc,heap        ] GC(191) DefNew: 279859K(314560K)->243K(314560K) Eden: 279616K(279616K)->0K(279616K) From: 243K(34944K)->243K(34944K)
[92.551s][info][gc,heap        ] GC(191) Tenured: 5556K(699072K)->5556K(699072K)
[92.551s][info][gc,metaspace   ] GC(191) Metaspace: 16516K(16832K)->16516K(16832K) NonClass: 14185K(14336K)->14185K(14336K) Class: 2330K(2496K)->2330K(2496K)
[92.551s][info][gc             ] GC(191) Pause Young (Allocation Failure) 278M->5M(989M) 0.930ms
[92.551s][info][gc,cpu         ] GC(191) User=0.00s Sys=0.00s Real=0.00s
[92.594s][info][gc,start       ] GC(192) Pause Young (Allocation Failure)
[92.595s][info][gc,heap        ] GC(192) DefNew: 279859K(314560K)->253K(314560K) Eden: 279616K(279616K)->0K(279616K) From: 243K(34944K)->253K(34944K)
[92.595s][info][gc,heap        ] GC(192) Tenured: 5556K(699072K)->5556K(699072K)
[92.595s][info][gc,metaspace   ] GC(192) Metaspace: 16516K(16832K)->16516K(16832K) NonClass: 14185K(14336K)->14185K(14336K) Class: 2330K(2496K)->2330K(2496K)
[92.595s][info][gc             ] GC(192) Pause Young (Allocation Failure) 278M->5M(989M) 0.893ms
[92.595s][info][gc,cpu         ] GC(192) User=0.00s Sys=0.00s Real=0.00s
[92.638s][info][gc,start       ] GC(193) Pause Young (Allocation Failure)
[92.639s][info][gc,heap        ] GC(193) DefNew: 279869K(314560K)->253K(314560K) Eden: 279616K(279616K)->0K(279616K) From: 253K(34944K)->253K(34944K)
[92.639s][info][gc,heap        ] GC(193) Tenured: 5556K(699072K)->5556K(699072K)
[92.639s][info][gc,metaspace   ] GC(193) Metaspace: 16516K(16832K)->16516K(16832K) NonClass: 14185K(14336K)->14185K(14336K) Class: 2330K(2496K)->2330K(2496K)
[92.639s][info][gc             ] GC(193) Pause Young (Allocation Failure) 278M->5M(989M) 0.818ms
[92.639s][info][gc,cpu         ] GC(193) User=0.00s Sys=0.00s Real=0.00s
[92.683s][info][gc,start       ] GC(194) Pause Young (Allocation Failure)
[92.684s][info][gc,heap        ] GC(194) DefNew: 279869K(314560K)->242K(314560K) Eden: 279616K(279616K)->0K(279616K) From: 253K(34944K)->242K(34944K)
[92.684s][info][gc,heap        ] GC(194) Tenured: 5556K(699072K)->5556K(699072K)
[92.684s][info][gc,metaspace   ] GC(194) Metaspace: 16516K(16832K)->16516K(16832K) NonClass: 14185K(14336K)->14185K(14336K) Class: 2330K(2496K)->2330K(2496K)
[92.684s][info][gc             ] GC(194) Pause Young (Allocation Failure) 278M->5M(989M) 1.017ms
[92.684s][info][gc,cpu         ] GC(194) User=0.00s Sys=0.00s Real=0.00s
[92.729s][info][gc,start       ] GC(195) Pause Young (Allocation Failure)
[92.730s][info][gc,heap        ] GC(195) DefNew: 279858K(314560K)->216K(314560K) Eden: 279616K(279616K)->0K(279616K) From: 242K(34944K)->216K(34944K)
[92.730s][info][gc,heap        ] GC(195) Tenured: 5556K(699072K)->5556K(699072K)
[92.730s][info][gc,metaspace   ] GC(195) Metaspace: 16516K(16832K)->16516K(16832K) NonClass: 14185K(14336K)->14185K(14336K) Class: 2330K(2496K)->2330K(2496K)
[92.730s][info][gc             ] GC(195) Pause Young (Allocation Failure) 278M->5M(989M) 0.785ms
[92.730s][info][gc,cpu         ] GC(195) User=0.00s Sys=0.00s Real=0.00s
[92.774s][info][gc,start       ] GC(196) Pause Young (Allocation Failure)
[92.775s][info][gc,heap        ] GC(196) DefNew: 279832K(314560K)->198K(314560K) Eden: 279616K(279616K)->0K(279616K) From: 216K(34944K)->198K(34944K)
[92.775s][info][gc,heap        ] GC(196) Tenured: 5556K(699072K)->5556K(699072K)
[92.775s][info][gc,metaspace   ] GC(196) Metaspace: 16516K(16832K)->16516K(16832K) NonClass: 14185K(14336K)->14185K(14336K) Class: 2330K(2496K)->2330K(2496K)
[92.775s][info][gc             ] GC(196) Pause Young (Allocation Failure) 278M->5M(989M) 0.790ms
[92.775s][info][gc,cpu         ] GC(196) User=0.00s Sys=0.00s Real=0.00s
[92.820s][info][gc,start       ] GC(197) Pause Young (Allocation Failure)
[92.821s][info][gc,heap        ] GC(197) DefNew: 279814K(314560K)->212K(314560K) Eden: 279616K(279616K)->0K(279616K) From: 198K(34944K)->212K(34944K)
[92.821s][info][gc,heap        ] GC(197) Tenured: 5556K(699072K)->5556K(699072K)
[92.821s][info][gc,metaspace   ] GC(197) Metaspace: 16516K(16832K)->16516K(16832K) NonClass: 14185K(14336K)->14185K(14336K) Class: 2330K(2496K)->2330K(2496K)
[92.821s][info][gc             ] GC(197) Pause Young (Allocation Failure) 278M->5M(989M) 0.754ms
[92.821s][info][gc,cpu         ] GC(197) User=0.00s Sys=0.00s Real=0.00s
[92.867s][info][gc,start       ] GC(198) Pause Young (Allocation Failure)
[92.868s][info][gc,heap        ] GC(198) DefNew: 279828K(314560K)->226K(314560K) Eden: 279616K(279616K)->0K(279616K) From: 212K(34944K)->226K(34944K)
[92.868s][info][gc,heap        ] GC(198) Tenured: 5556K(699072K)->5556K(699072K)
[92.868s][info][gc,metaspace   ] GC(198) Metaspace: 16516K(16832K)->16516K(16832K) NonClass: 14185K(14336K)->14185K(14336K) Class: 2330K(2496K)->2330K(2496K)
[92.868s][info][gc             ] GC(198) Pause Young (Allocation Failure) 278M->5M(989M) 0.825ms
[92.868s][info][gc,cpu         ] GC(198) User=0.00s Sys=0.00s Real=0.00s
[92.914s][info][gc,start       ] GC(199) Pause Young (Allocation Failure)
[92.915s][info][gc,heap        ] GC(199) DefNew: 279842K(314560K)->223K(314560K) Eden: 279616K(279616K)->0K(279616K) From: 226K(34944K)->223K(34944K)
[92.915s][info][gc,heap        ] GC(199) Tenured: 5556K(699072K)->5556K(699072K)
[92.915s][info][gc,metaspace   ] GC(199) Metaspace: 16516K(16832K)->16516K(16832K) NonClass: 14185K(14336K)->14185K(14336K) Class: 2330K(2496K)->2330K(2496K)
[92.915s][info][gc             ] GC(199) Pause Young (Allocation Failure) 278M->5M(989M) 0.778ms
[92.915s][info][gc,cpu         ] GC(199) User=0.00s Sys=0.00s Real=0.00s
[92.993s][info][gc,start       ] GC(200) Pause Young (Allocation Failure)
[93.172s][info][gc,heap        ] GC(200) DefNew: 279839K(314560K)->34943K(314560K) Eden: 279616K(279616K)->0K(279616K) From: 223K(34944K)->34943K(34944K)
[93.172s][info][gc,heap        ] GC(200) Tenured: 5556K(699072K)->44114K(699072K)
[93.172s][info][gc,metaspace   ] GC(200) Metaspace: 16516K(16832K)->16516K(16832K) NonClass: 14186K(14336K)->14186K(14336K) Class: 2330K(2496K)->2330K(2496K)
[93.172s][info][gc             ] GC(200) Pause Young (Allocation Failure) 278M->77M(989M) 179.724ms
[93.172s][info][gc,cpu         ] GC(200) User=0.19s Sys=0.00s Real=0.19s
[93.349s][info][gc,start       ] GC(201) Pause Young (Allocation Failure)
[93.931s][info][gc,heap        ] GC(201) DefNew: 314559K(314560K)->34944K(314560K) Eden: 279616K(279616K)->0K(279616K) From: 34943K(34944K)->34944K(34944K)
[93.931s][info][gc,heap        ] GC(201) Tenured: 44114K(699072K)->228448K(699072K)
[93.932s][info][gc,metaspace   ] GC(201) Metaspace: 16516K(16832K)->16516K(16832K) NonClass: 14186K(14336K)->14186K(14336K) Class: 2330K(2496K)->2330K(2496K)
[93.932s][info][gc             ] GC(201) Pause Young (Allocation Failure) 350M->257M(989M) 582.719ms
[93.932s][info][gc,cpu         ] GC(201) User=0.56s Sys=0.00s Real=0.59s
[94.131s][info][gc,start       ] GC(202) Pause Young (Allocation Failure)
[94.672s][info][gc,heap        ] GC(202) DefNew: 314560K(314560K)->34944K(314560K) Eden: 279616K(279616K)->0K(279616K) From: 34944K(34944K)->34944K(34944K)
[94.672s][info][gc,heap        ] GC(202) Tenured: 228448K(699072K)->407927K(699072K)
[94.672s][info][gc,metaspace   ] GC(202) Metaspace: 16516K(16832K)->16516K(16832K) NonClass: 14186K(14336K)->14186K(14336K) Class: 2330K(2496K)->2330K(2496K)
[94.672s][info][gc             ] GC(202) Pause Young (Allocation Failure) 530M->432M(989M) 541.134ms
[94.672s][info][gc,cpu         ] GC(202) User=0.53s Sys=0.00s Real=0.53s
[96.829s][info][gc,start       ] GC(203) Pause Young (Allocation Failure)
[97.198s][info][gc,heap        ] GC(203) DefNew: 314560K(314560K)->34943K(314560K) Eden: 279616K(279616K)->0K(279616K) From: 34944K(34944K)->34943K(34944K)
[97.198s][info][gc,heap        ] GC(203) Tenured: 407927K(699072K)->491699K(699072K)
[97.198s][info][gc,metaspace   ] GC(203) Metaspace: 16516K(16832K)->16516K(16832K) NonClass: 14186K(14336K)->14186K(14336K) Class: 2330K(2496K)->2330K(2496K)
[97.198s][info][gc             ] GC(203) Pause Young (Allocation Failure) 705M->514M(989M) 368.995ms
[97.198s][info][gc,cpu         ] GC(203) User=0.34s Sys=0.00s Real=0.38s
[97.337s][info][gc,start       ] GC(204) Pause Young (Allocation Failure)
[97.337s][info][gc             ] GC(204) Pause Young (Allocation Failure) 787M->787M(989M) 0.118ms
[97.337s][info][gc,cpu         ] GC(204) User=0.00s Sys=0.00s Real=0.00s
[97.337s][info][gc,start       ] GC(205) Pause Full (Allocation Failure)
[97.337s][info][gc,phases,start] GC(205) Phase 1: Mark live objects
[97.565s][info][gc,phases      ] GC(205) Phase 1: Mark live objects 227.789ms
[97.565s][info][gc,phases,start] GC(205) Phase 2: Compute new object addresses
[97.690s][info][gc,phases      ] GC(205) Phase 2: Compute new object addresses 125.149ms
[97.690s][info][gc,phases,start] GC(205) Phase 3: Adjust pointers
[97.806s][info][gc,phases      ] GC(205) Phase 3: Adjust pointers 115.709ms
[97.806s][info][gc,phases,start] GC(205) Phase 4: Move objects
[97.886s][info][gc,phases      ] GC(205) Phase 4: Move objects 80.328ms
[97.887s][info][gc,heap        ] GC(205) DefNew: 314559K(314560K)->0K(314560K) Eden: 279616K(279616K)->0K(279616K) From: 34943K(34944K)->0K(34944K)
[97.887s][info][gc,heap        ] GC(205) Tenured: 491699K(699072K)->206258K(699072K)
[97.887s][info][gc,metaspace   ] GC(205) Metaspace: 16516K(16832K)->16516K(16832K) NonClass: 14186K(14336K)->14186K(14336K) Class: 2330K(2496K)->2330K(2496K)
[97.887s][info][gc             ] GC(205) Pause Full (Allocation Failure) 787M->201M(989M) 549.414ms
[97.887s][info][gc,cpu         ] GC(205) User=0.52s Sys=0.00s Real=0.55s
[98.027s][info][gc,start       ] GC(206) Pause Young (Allocation Failure)
[98.314s][info][gc,heap        ] GC(206) DefNew: 279616K(314560K)->34944K(314560K) Eden: 279616K(279616K)->0K(279616K) From: 0K(34944K)->34944K(34944K)
[98.314s][info][gc,heap        ] GC(206) Tenured: 206258K(699072K)->288954K(699072K)
[98.314s][info][gc,metaspace   ] GC(206) Metaspace: 16516K(16832K)->16516K(16832K) NonClass: 14186K(14336K)->14186K(14336K) Class: 2330K(2496K)->2330K(2496K)
[98.314s][info][gc             ] GC(206) Pause Young (Allocation Failure) 474M->316M(989M) 287.104ms
[98.314s][info][gc,cpu         ] GC(206) User=0.27s Sys=0.00s Real=0.28s
[98.472s][info][gc,start       ] GC(207) Pause Young (Allocation Failure)
[98.893s][info][gc,heap        ] GC(207) DefNew: 314560K(314560K)->34943K(314560K) Eden: 279616K(279616K)->0K(279616K) From: 34944K(34944K)->34943K(34944K)
[98.893s][info][gc,heap        ] GC(207) Tenured: 288954K(699072K)->413099K(699072K)
[98.893s][info][gc,metaspace   ] GC(207) Metaspace: 16516K(16832K)->16516K(16832K) NonClass: 14186K(14336K)->14186K(14336K) Class: 2330K(2496K)->2330K(2496K)
[98.893s][info][gc             ] GC(207) Pause Young (Allocation Failure) 589M->437M(989M) 420.376ms
[98.893s][info][gc,cpu         ] GC(207) User=0.41s Sys=0.00s Real=0.42s
[99.353s][info][gc,start       ] GC(208) Pause Young (Allocation Failure)
[99.574s][info][gc,heap        ] GC(208) DefNew: 314559K(314560K)->30411K(314560K) Eden: 279616K(279616K)->0K(279616K) From: 34943K(34944K)->30411K(34944K)
[99.574s][info][gc,heap        ] GC(208) Tenured: 413099K(699072K)->441306K(699072K)
[99.574s][info][gc,metaspace   ] GC(208) Metaspace: 16516K(16832K)->16516K(16832K) NonClass: 14186K(14336K)->14186K(14336K) Class: 2330K(2496K)->2330K(2496K)
[99.574s][info][gc             ] GC(208) Pause Young (Allocation Failure) 710M->460M(989M) 220.863ms
[99.574s][info][gc,cpu         ] GC(208) User=0.20s Sys=0.00s Real=0.22s
[99.941s][info][gc,start       ] GC(209) Pause Young (Allocation Failure)
[99.991s][info][gc,heap        ] GC(209) DefNew: 310027K(314560K)->574K(314560K) Eden: 279616K(279616K)->0K(279616K) From: 30411K(34944K)->574K(34944K)
[99.991s][info][gc,heap        ] GC(209) Tenured: 441306K(699072K)->445273K(699072K)
[99.991s][info][gc,metaspace   ] GC(209) Metaspace: 16516K(16832K)->16516K(16832K) NonClass: 14186K(14336K)->14186K(14336K) Class: 2330K(2496K)->2330K(2496K)
[99.991s][info][gc             ] GC(209) Pause Young (Allocation Failure) 733M->435M(989M) 49.782ms
[99.991s][info][gc,cpu         ] GC(209) User=0.03s Sys=0.00s Real=0.04s
[100.677s][info][gc,start       ] GC(210) Pause Full (System.gc())
[100.677s][info][gc,phases,start] GC(210) Phase 1: Mark live objects
[100.684s][info][gc,phases      ] GC(210) Phase 1: Mark live objects 7.207ms
[100.684s][info][gc,phases,start] GC(210) Phase 2: Compute new object addresses
[100.766s][info][gc,phases      ] GC(210) Phase 2: Compute new object addresses 81.289ms
[100.766s][info][gc,phases,start] GC(210) Phase 3: Adjust pointers
[100.770s][info][gc,phases      ] GC(210) Phase 3: Adjust pointers 4.167ms
[100.770s][info][gc,phases,start] GC(210) Phase 4: Move objects
[100.770s][info][gc,phases      ] GC(210) Phase 4: Move objects 0.086ms
[100.770s][info][gc,heap        ] GC(210) DefNew: 102539K(314560K)->0K(314560K) Eden: 101965K(279616K)->0K(279616K) From: 574K(34944K)->0K(34944K)
[100.770s][info][gc,heap        ] GC(210) Tenured: 445273K(699072K)->6324K(699072K)
[100.770s][info][gc,metaspace   ] GC(210) Metaspace: 16516K(16832K)->16516K(16832K) NonClass: 14186K(14336K)->14186K(14336K) Class: 2330K(2496K)->2330K(2496K)
[100.770s][info][gc             ] GC(210) Pause Full (System.gc()) 534M->6M(989M) 93.157ms
[100.770s][info][gc,cpu         ] GC(210) User=0.08s Sys=0.00s Real=0.10s
[102.061s][info][gc,start       ] GC(211) Pause Young (Allocation Failure)
[102.062s][info][gc,heap        ] GC(211) DefNew: 279616K(314560K)->235K(314560K) Eden: 279616K(279616K)->0K(279616K) From: 0K(34944K)->235K(34944K)
[102.062s][info][gc,heap        ] GC(211) Tenured: 6324K(699072K)->6324K(699072K)
[102.062s][info][gc,metaspace   ] GC(211) Metaspace: 16518K(16832K)->16518K(16832K) NonClass: 14188K(14336K)->14188K(14336K) Class: 2330K(2496K)->2330K(2496K)
[102.062s][info][gc             ] GC(211) Pause Young (Allocation Failure) 279M->6M(989M) 1.133ms
[102.062s][info][gc,cpu         ] GC(211) User=0.00s Sys=0.00s Real=0.00s
[102.106s][info][gc,start       ] GC(212) Pause Young (Allocation Failure)
[102.106s][info][gc,heap        ] GC(212) DefNew: 279851K(314560K)->256K(314560K) Eden: 279616K(279616K)->0K(279616K) From: 235K(34944K)->256K(34944K)
[102.106s][info][gc,heap        ] GC(212) Tenured: 6324K(699072K)->6324K(699072K)
[102.106s][info][gc,metaspace   ] GC(212) Metaspace: 16518K(16832K)->16518K(16832K) NonClass: 14188K(14336K)->14188K(14336K) Class: 2330K(2496K)->2330K(2496K)
[102.107s][info][gc             ] GC(212) Pause Young (Allocation Failure) 279M->6M(989M) 0.836ms
[102.107s][info][gc,cpu         ] GC(212) User=0.00s Sys=0.00s Real=0.00s
[102.150s][info][gc,start       ] GC(213) Pause Young (Allocation Failure)
[102.150s][info][gc,heap        ] GC(213) DefNew: 279872K(314560K)->234K(314560K) Eden: 279616K(279616K)->0K(279616K) From: 256K(34944K)->234K(34944K)
[102.150s][info][gc,heap        ] GC(213) Tenured: 6324K(699072K)->6324K(699072K)
[102.150s][info][gc,metaspace   ] GC(213) Metaspace: 16518K(16832K)->16518K(16832K) NonClass: 14188K(14336K)->14188K(14336K) Class: 2330K(2496K)->2330K(2496K)
[102.150s][info][gc             ] GC(213) Pause Young (Allocation Failure) 279M->6M(989M) 0.872ms
[102.150s][info][gc,cpu         ] GC(213) User=0.00s Sys=0.00s Real=0.00s
[102.194s][info][gc,start       ] GC(214) Pause Young (Allocation Failure)
[102.194s][info][gc,heap        ] GC(214) DefNew: 279850K(314560K)->251K(314560K) Eden: 279616K(279616K)->0K(279616K) From: 234K(34944K)->251K(34944K)
[102.194s][info][gc,heap        ] GC(214) Tenured: 6324K(699072K)->6324K(699072K)
[102.195s][info][gc,metaspace   ] GC(214) Metaspace: 16518K(16832K)->16518K(16832K) NonClass: 14188K(14336K)->14188K(14336K) Class: 2330K(2496K)->2330K(2496K)
[102.195s][info][gc             ] GC(214) Pause Young (Allocation Failure) 279M->6M(989M) 0.931ms
[102.195s][info][gc,cpu         ] GC(214) User=0.00s Sys=0.00s Real=0.00s
[102.238s][info][gc,start       ] GC(215) Pause Young (Allocation Failure)
[102.239s][info][gc,heap        ] GC(215) DefNew: 279867K(314560K)->246K(314560K) Eden: 279616K(279616K)->0K(279616K) From: 251K(34944K)->246K(34944K)
[102.239s][info][gc,heap        ] GC(215) Tenured: 6324K(699072K)->6324K(699072K)
[102.239s][info][gc,metaspace   ] GC(215) Metaspace: 16518K(16832K)->16518K(16832K) NonClass: 14188K(14336K)->14188K(14336K) Class: 2330K(2496K)->2330K(2496K)
[102.239s][info][gc             ] GC(215) Pause Young (Allocation Failure) 279M->6M(989M) 0.883ms
[102.239s][info][gc,cpu         ] GC(215) User=0.00s Sys=0.00s Real=0.00s
[102.285s][info][gc,start       ] GC(216) Pause Young (Allocation Failure)
[102.286s][info][gc,heap        ] GC(216) DefNew: 279862K(314560K)->241K(314560K) Eden: 279616K(279616K)->0K(279616K) From: 246K(34944K)->241K(34944K)
[102.286s][info][gc,heap        ] GC(216) Tenured: 6324K(699072K)->6324K(699072K)
[102.286s][info][gc,metaspace   ] GC(216) Metaspace: 16518K(16832K)->16518K(16832K) NonClass: 14188K(14336K)->14188K(14336K) Class: 2330K(2496K)->2330K(2496K)
[102.286s][info][gc             ] GC(216) Pause Young (Allocation Failure) 279M->6M(989M) 0.983ms
[102.286s][info][gc,cpu         ] GC(216) User=0.00s Sys=0.00s Real=0.00s
[102.334s][info][gc,start       ] GC(217) Pause Young (Allocation Failure)
[102.335s][info][gc,heap        ] GC(217) DefNew: 279857K(314560K)->252K(314560K) Eden: 279616K(279616K)->0K(279616K) From: 241K(34944K)->252K(34944K)
[102.335s][info][gc,heap        ] GC(217) Tenured: 6324K(699072K)->6324K(699072K)
[102.335s][info][gc,metaspace   ] GC(217) Metaspace: 16518K(16832K)->16518K(16832K) NonClass: 14188K(14336K)->14188K(14336K) Class: 2330K(2496K)->2330K(2496K)
[102.335s][info][gc             ] GC(217) Pause Young (Allocation Failure) 279M->6M(989M) 0.903ms
[102.335s][info][gc,cpu         ] GC(217) User=0.00s Sys=0.00s Real=0.01s
[102.380s][info][gc,start       ] GC(218) Pause Young (Allocation Failure)
[102.380s][info][gc,heap        ] GC(218) DefNew: 279868K(314560K)->244K(314560K) Eden: 279616K(279616K)->0K(279616K) From: 252K(34944K)->244K(34944K)
[102.380s][info][gc,heap        ] GC(218) Tenured: 6324K(699072K)->6324K(699072K)
[102.380s][info][gc,metaspace   ] GC(218) Metaspace: 16518K(16832K)->16518K(16832K) NonClass: 14188K(14336K)->14188K(14336K) Class: 2330K(2496K)->2330K(2496K)
[102.380s][info][gc             ] GC(218) Pause Young (Allocation Failure) 279M->6M(989M) 0.884ms
[102.380s][info][gc,cpu         ] GC(218) User=0.00s Sys=0.00s Real=0.00s
[102.425s][info][gc,start       ] GC(219) Pause Young (Allocation Failure)
[102.426s][info][gc,heap        ] GC(219) DefNew: 279860K(314560K)->247K(314560K) Eden: 279616K(279616K)->0K(279616K) From: 244K(34944K)->247K(34944K)
[102.426s][info][gc,heap        ] GC(219) Tenured: 6324K(699072K)->6324K(699072K)
[102.426s][info][gc,metaspace   ] GC(219) Metaspace: 16518K(16832K)->16518K(16832K) NonClass: 14188K(14336K)->14188K(14336K) Class: 2330K(2496K)->2330K(2496K)
[102.426s][info][gc             ] GC(219) Pause Young (Allocation Failure) 279M->6M(989M) 0.919ms
[102.426s][info][gc,cpu         ] GC(219) User=0.00s Sys=0.00s Real=0.00s
[102.472s][info][gc,start       ] GC(220) Pause Young (Allocation Failure)
[102.473s][info][gc,heap        ] GC(220) DefNew: 279863K(314560K)->212K(314560K) Eden: 279616K(279616K)->0K(279616K) From: 247K(34944K)->212K(34944K)
[102.473s][info][gc,heap        ] GC(220) Tenured: 6324K(699072K)->6324K(699072K)
[102.473s][info][gc,metaspace   ] GC(220) Metaspace: 16518K(16832K)->16518K(16832K) NonClass: 14188K(14336K)->14188K(14336K) Class: 2330K(2496K)->2330K(2496K)
[102.473s][info][gc             ] GC(220) Pause Young (Allocation Failure) 279M->6M(989M) 0.768ms
[102.473s][info][gc,cpu         ] GC(220) User=0.00s Sys=0.00s Real=0.00s
[102.556s][info][gc,start       ] GC(221) Pause Young (Allocation Failure)
[102.765s][info][gc,heap        ] GC(221) DefNew: 279828K(314560K)->34944K(314560K) Eden: 279616K(279616K)->0K(279616K) From: 212K(34944K)->34944K(34944K)
[102.765s][info][gc,heap        ] GC(221) Tenured: 6324K(699072K)->55028K(699072K)
[102.765s][info][gc,metaspace   ] GC(221) Metaspace: 16518K(16832K)->16518K(16832K) NonClass: 14188K(14336K)->14188K(14336K) Class: 2330K(2496K)->2330K(2496K)
[102.765s][info][gc             ] GC(221) Pause Young (Allocation Failure) 279M->87M(989M) 208.456ms
[102.765s][info][gc,cpu         ] GC(221) User=0.19s Sys=0.00s Real=0.20s
[102.937s][info][gc,start       ] GC(222) Pause Young (Allocation Failure)
[103.545s][info][gc,heap        ] GC(222) DefNew: 314560K(314560K)->34944K(314560K) Eden: 279616K(279616K)->0K(279616K) From: 34944K(34944K)->34944K(34944K)
[103.545s][info][gc,heap        ] GC(222) Tenured: 55028K(699072K)->239861K(699072K)
[103.545s][info][gc,metaspace   ] GC(222) Metaspace: 16518K(16832K)->16518K(16832K) NonClass: 14188K(14336K)->14188K(14336K) Class: 2330K(2496K)->2330K(2496K)
[103.545s][info][gc             ] GC(222) Pause Young (Allocation Failure) 360M->268M(989M) 607.686ms
[103.545s][info][gc,cpu         ] GC(222) User=0.59s Sys=0.00s Real=0.61s
[103.771s][info][gc,start       ] GC(223) Pause Young (Allocation Failure)
[104.302s][info][gc,heap        ] GC(223) DefNew: 314560K(314560K)->34944K(314560K) Eden: 279616K(279616K)->0K(279616K) From: 34944K(34944K)->34944K(34944K)
[104.302s][info][gc,heap        ] GC(223) Tenured: 239861K(699072K)->406669K(699072K)
[104.302s][info][gc,metaspace   ] GC(223) Metaspace: 16518K(16832K)->16518K(16832K) NonClass: 14188K(14336K)->14188K(14336K) Class: 2330K(2496K)->2330K(2496K)
[104.302s][info][gc             ] GC(223) Pause Young (Allocation Failure) 541M->431M(989M) 531.189ms
[104.302s][info][gc,cpu         ] GC(223) User=0.52s Sys=0.00s Real=0.53s
[106.321s][info][gc,start       ] GC(224) Pause Young (Allocation Failure)
[106.701s][info][gc,heap        ] GC(224) DefNew: 314560K(314560K)->34944K(314560K) Eden: 279616K(279616K)->0K(279616K) From: 34944K(34944K)->34944K(34944K)
[106.701s][info][gc,heap        ] GC(224) Tenured: 406669K(699072K)->497759K(699072K)
[106.701s][info][gc,metaspace   ] GC(224) Metaspace: 16518K(16832K)->16518K(16832K) NonClass: 14188K(14336K)->14188K(14336K) Class: 2330K(2496K)->2330K(2496K)
[106.701s][info][gc             ] GC(224) Pause Young (Allocation Failure) 704M->520M(989M) 380.505ms
[106.701s][info][gc,cpu         ] GC(224) User=0.36s Sys=0.00s Real=0.38s
[106.839s][info][gc,start       ] GC(225) Pause Young (Allocation Failure)
[106.839s][info][gc             ] GC(225) Pause Young (Allocation Failure) 793M->793M(989M) 0.131ms
[106.839s][info][gc,cpu         ] GC(225) User=0.00s Sys=0.00s Real=0.00s
[106.839s][info][gc,start       ] GC(226) Pause Full (Allocation Failure)
[106.839s][info][gc,phases,start] GC(226) Phase 1: Mark live objects
[107.079s][info][gc,phases      ] GC(226) Phase 1: Mark live objects 239.845ms
[107.079s][info][gc,phases,start] GC(226) Phase 2: Compute new object addresses
[107.205s][info][gc,phases      ] GC(226) Phase 2: Compute new object addresses 125.703ms
[107.205s][info][gc,phases,start] GC(226) Phase 3: Adjust pointers
[107.326s][info][gc,phases      ] GC(226) Phase 3: Adjust pointers 121.398ms
[107.326s][info][gc,phases,start] GC(226) Phase 4: Move objects
[107.408s][info][gc,phases      ] GC(226) Phase 4: Move objects 81.825ms
[107.408s][info][gc,heap        ] GC(226) DefNew: 314560K(314560K)->0K(314560K) Eden: 279616K(279616K)->0K(279616K) From: 34944K(34944K)->0K(34944K)
[107.408s][info][gc,heap        ] GC(226) Tenured: 497759K(699072K)->214914K(699072K)
[107.408s][info][gc,metaspace   ] GC(226) Metaspace: 16518K(16832K)->16518K(16832K) NonClass: 14188K(14336K)->14188K(14336K) Class: 2330K(2496K)->2330K(2496K)
[107.408s][info][gc             ] GC(226) Pause Full (Allocation Failure) 793M->209M(989M) 569.236ms
[107.408s][info][gc,cpu         ] GC(226) User=0.56s Sys=0.00s Real=0.57s
[107.550s][info][gc,start       ] GC(227) Pause Young (Allocation Failure)
[107.834s][info][gc,heap        ] GC(227) DefNew: 279616K(314560K)->34943K(314560K) Eden: 279616K(279616K)->0K(279616K) From: 0K(34944K)->34943K(34944K)
[107.834s][info][gc,heap        ] GC(227) Tenured: 214914K(699072K)->297594K(699072K)
[107.834s][info][gc,metaspace   ] GC(227) Metaspace: 16518K(16832K)->16518K(16832K) NonClass: 14188K(14336K)->14188K(14336K) Class: 2330K(2496K)->2330K(2496K)
[107.834s][info][gc             ] GC(227) Pause Young (Allocation Failure) 482M->324M(989M) 283.832ms
[107.834s][info][gc,cpu         ] GC(227) User=0.28s Sys=0.00s Real=0.28s
[107.992s][info][gc,start       ] GC(228) Pause Young (Allocation Failure)
[108.468s][info][gc,heap        ] GC(228) DefNew: 314559K(314560K)->34944K(314560K) Eden: 279616K(279616K)->0K(279616K) From: 34943K(34944K)->34944K(34944K)
[108.469s][info][gc,heap        ] GC(228) Tenured: 297594K(699072K)->427949K(699072K)
[108.469s][info][gc,metaspace   ] GC(228) Metaspace: 16518K(16832K)->16518K(16832K) NonClass: 14188K(14336K)->14188K(14336K) Class: 2330K(2496K)->2330K(2496K)
[108.469s][info][gc             ] GC(228) Pause Young (Allocation Failure) 597M->452M(989M) 476.981ms
[108.469s][info][gc,cpu         ] GC(228) User=0.45s Sys=0.00s Real=0.47s
[108.920s][info][gc,start       ] GC(229) Pause Young (Allocation Failure)
[109.117s][info][gc,heap        ] GC(229) DefNew: 314560K(314560K)->20353K(314560K) Eden: 279616K(279616K)->0K(279616K) From: 34944K(34944K)->20353K(34944K)
[109.117s][info][gc,heap        ] GC(229) Tenured: 427949K(699072K)->452608K(699072K)
[109.117s][info][gc,metaspace   ] GC(229) Metaspace: 16518K(16832K)->16518K(16832K) NonClass: 14188K(14336K)->14188K(14336K) Class: 2330K(2496K)->2330K(2496K)
[109.117s][info][gc             ] GC(229) Pause Young (Allocation Failure) 725M->461M(989M) 196.441ms
[109.117s][info][gc,cpu         ] GC(229) User=0.19s Sys=0.00s Real=0.20s
[109.479s][info][gc,start       ] GC(230) Pause Young (Allocation Failure)
[109.499s][info][gc,heap        ] GC(230) DefNew: 299969K(314560K)->0K(314560K) Eden: 279616K(279616K)->0K(279616K) From: 20353K(34944K)->0K(34944K)
[109.499s][info][gc,heap        ] GC(230) Tenured: 452608K(699072K)->454744K(699072K)
[109.499s][info][gc,metaspace   ] GC(230) Metaspace: 16519K(16832K)->16519K(16832K) NonClass: 14188K(14336K)->14188K(14336K) Class: 2330K(2496K)->2330K(2496K)
[109.499s][info][gc             ] GC(230) Pause Young (Allocation Failure) 734M->444M(989M) 20.356ms
[109.499s][info][gc,cpu         ] GC(230) User=0.00s Sys=0.00s Real=0.02s
[110.156s][info][gc,start       ] GC(231) Pause Full (System.gc())
[110.156s][info][gc,phases,start] GC(231) Phase 1: Mark live objects
[110.163s][info][gc,phases      ] GC(231) Phase 1: Mark live objects 6.843ms
[110.163s][info][gc,phases,start] GC(231) Phase 2: Compute new object addresses
[110.245s][info][gc,phases      ] GC(231) Phase 2: Compute new object addresses 81.296ms
[110.245s][info][gc,phases,start] GC(231) Phase 3: Adjust pointers
[110.249s][info][gc,phases      ] GC(231) Phase 3: Adjust pointers 4.026ms
[110.249s][info][gc,phases,start] GC(231) Phase 4: Move objects
[110.249s][info][gc,phases      ] GC(231) Phase 4: Move objects 0.009ms
[110.249s][info][gc,heap        ] GC(231) DefNew: 88839K(314560K)->0K(314560K) Eden: 88839K(279616K)->0K(279616K) From: 0K(34944K)->0K(34944K)
[110.249s][info][gc,heap        ] GC(231) Tenured: 454744K(699072K)->6325K(699072K)
[110.249s][info][gc,metaspace   ] GC(231) Metaspace: 16520K(16832K)->16520K(16832K) NonClass: 14189K(14336K)->14189K(14336K) Class: 2330K(2496K)->2330K(2496K)
[110.249s][info][gc             ] GC(231) Pause Full (System.gc()) 530M->6M(989M) 92.549ms
[110.249s][info][gc,cpu         ] GC(231) User=0.08s Sys=0.00s Real=0.09s
[111.791s][info][gc,start       ] GC(232) Pause Young (Allocation Failure)
[111.792s][info][gc,heap        ] GC(232) DefNew: 279616K(314560K)->253K(314560K) Eden: 279616K(279616K)->0K(279616K) From: 0K(34944K)->253K(34944K)
[111.792s][info][gc,heap        ] GC(232) Tenured: 6325K(699072K)->6325K(699072K)
[111.792s][info][gc,metaspace   ] GC(232) Metaspace: 16520K(16832K)->16520K(16832K) NonClass: 14190K(14336K)->14190K(14336K) Class: 2330K(2496K)->2330K(2496K)
[111.792s][info][gc             ] GC(232) Pause Young (Allocation Failure) 279M->6M(989M) 1.125ms
[111.792s][info][gc,cpu         ] GC(232) User=0.00s Sys=0.00s Real=0.00s
[111.837s][info][gc,start       ] GC(233) Pause Young (Allocation Failure)
[111.838s][info][gc,heap        ] GC(233) DefNew: 279869K(314560K)->247K(314560K) Eden: 279616K(279616K)->0K(279616K) From: 253K(34944K)->247K(34944K)
[111.838s][info][gc,heap        ] GC(233) Tenured: 6325K(699072K)->6325K(699072K)
[111.838s][info][gc,metaspace   ] GC(233) Metaspace: 16520K(16832K)->16520K(16832K) NonClass: 14190K(14336K)->14190K(14336K) Class: 2330K(2496K)->2330K(2496K)
[111.838s][info][gc             ] GC(233) Pause Young (Allocation Failure) 279M->6M(989M) 0.956ms
[111.838s][info][gc,cpu         ] GC(233) User=0.00s Sys=0.00s Real=0.00s
[111.881s][info][gc,start       ] GC(234) Pause Young (Allocation Failure)
[111.882s][info][gc,heap        ] GC(234) DefNew: 279863K(314560K)->250K(314560K) Eden: 279616K(279616K)->0K(279616K) From: 247K(34944K)->250K(34944K)
[111.882s][info][gc,heap        ] GC(234) Tenured: 6325K(699072K)->6325K(699072K)
[111.882s][info][gc,metaspace   ] GC(234) Metaspace: 16520K(16832K)->16520K(16832K) NonClass: 14190K(14336K)->14190K(14336K) Class: 2330K(2496K)->2330K(2496K)
[111.882s][info][gc             ] GC(234) Pause Young (Allocation Failure) 279M->6M(989M) 0.832ms
[111.882s][info][gc,cpu         ] GC(234) User=0.00s Sys=0.00s Real=0.00s
[111.926s][info][gc,start       ] GC(235) Pause Young (Allocation Failure)
[111.927s][info][gc,heap        ] GC(235) DefNew: 279866K(314560K)->228K(314560K) Eden: 279616K(279616K)->0K(279616K) From: 250K(34944K)->228K(34944K)
[111.927s][info][gc,heap        ] GC(235) Tenured: 6325K(699072K)->6325K(699072K)
[111.927s][info][gc,metaspace   ] GC(235) Metaspace: 16520K(16832K)->16520K(16832K) NonClass: 14190K(14336K)->14190K(14336K) Class: 2330K(2496K)->2330K(2496K)
[111.927s][info][gc             ] GC(235) Pause Young (Allocation Failure) 279M->6M(989M) 0.840ms
[111.927s][info][gc,cpu         ] GC(235) User=0.00s Sys=0.00s Real=0.00s
[111.970s][info][gc,start       ] GC(236) Pause Young (Allocation Failure)
[111.971s][info][gc,heap        ] GC(236) DefNew: 279844K(314560K)->245K(314560K) Eden: 279616K(279616K)->0K(279616K) From: 228K(34944K)->245K(34944K)
[111.971s][info][gc,heap        ] GC(236) Tenured: 6325K(699072K)->6325K(699072K)
[111.971s][info][gc,metaspace   ] GC(236) Metaspace: 16520K(16832K)->16520K(16832K) NonClass: 14190K(14336K)->14190K(14336K) Class: 2330K(2496K)->2330K(2496K)
[111.971s][info][gc             ] GC(236) Pause Young (Allocation Failure) 279M->6M(989M) 1.240ms
[111.971s][info][gc,cpu         ] GC(236) User=0.00s Sys=0.00s Real=0.00s
[112.016s][info][gc,start       ] GC(237) Pause Young (Allocation Failure)
[112.017s][info][gc,heap        ] GC(237) DefNew: 279861K(314560K)->242K(314560K) Eden: 279616K(279616K)->0K(279616K) From: 245K(34944K)->242K(34944K)
[112.017s][info][gc,heap        ] GC(237) Tenured: 6325K(699072K)->6325K(699072K)
[112.017s][info][gc,metaspace   ] GC(237) Metaspace: 16520K(16832K)->16520K(16832K) NonClass: 14190K(14336K)->14190K(14336K) Class: 2330K(2496K)->2330K(2496K)
[112.017s][info][gc             ] GC(237) Pause Young (Allocation Failure) 279M->6M(989M) 0.886ms
[112.017s][info][gc,cpu         ] GC(237) User=0.00s Sys=0.00s Real=0.00s
[112.060s][info][gc,start       ] GC(238) Pause Young (Allocation Failure)
[112.061s][info][gc,heap        ] GC(238) DefNew: 279858K(314560K)->241K(314560K) Eden: 279616K(279616K)->0K(279616K) From: 242K(34944K)->241K(34944K)
[112.061s][info][gc,heap        ] GC(238) Tenured: 6325K(699072K)->6325K(699072K)
[112.061s][info][gc,metaspace   ] GC(238) Metaspace: 16520K(16832K)->16520K(16832K) NonClass: 14190K(14336K)->14190K(14336K) Class: 2330K(2496K)->2330K(2496K)
[112.061s][info][gc             ] GC(238) Pause Young (Allocation Failure) 279M->6M(989M) 0.892ms
[112.061s][info][gc,cpu         ] GC(238) User=0.00s Sys=0.00s Real=0.00s
[112.105s][info][gc,start       ] GC(239) Pause Young (Allocation Failure)
[112.106s][info][gc,heap        ] GC(239) DefNew: 279857K(314560K)->243K(314560K) Eden: 279616K(279616K)->0K(279616K) From: 241K(34944K)->243K(34944K)
[112.106s][info][gc,heap        ] GC(239) Tenured: 6325K(699072K)->6325K(699072K)
[112.106s][info][gc,metaspace   ] GC(239) Metaspace: 16520K(16832K)->16520K(16832K) NonClass: 14190K(14336K)->14190K(14336K) Class: 2330K(2496K)->2330K(2496K)
[112.106s][info][gc             ] GC(239) Pause Young (Allocation Failure) 279M->6M(989M) 0.847ms
[112.106s][info][gc,cpu         ] GC(239) User=0.00s Sys=0.00s Real=0.00s
[112.150s][info][gc,start       ] GC(240) Pause Young (Allocation Failure)
[112.151s][info][gc,heap        ] GC(240) DefNew: 279859K(314560K)->237K(314560K) Eden: 279615K(279616K)->0K(279616K) From: 243K(34944K)->237K(34944K)
[112.151s][info][gc,heap        ] GC(240) Tenured: 6325K(699072K)->6325K(699072K)
[112.151s][info][gc,metaspace   ] GC(240) Metaspace: 16520K(16832K)->16520K(16832K) NonClass: 14190K(14336K)->14190K(14336K) Class: 2330K(2496K)->2330K(2496K)
[112.151s][info][gc             ] GC(240) Pause Young (Allocation Failure) 279M->6M(989M) 0.864ms
[112.151s][info][gc,cpu         ] GC(240) User=0.00s Sys=0.00s Real=0.00s
[112.196s][info][gc,start       ] GC(241) Pause Young (Allocation Failure)
[112.197s][info][gc,heap        ] GC(241) DefNew: 279853K(314560K)->203K(314560K) Eden: 279616K(279616K)->0K(279616K) From: 237K(34944K)->203K(34944K)
[112.197s][info][gc,heap        ] GC(241) Tenured: 6325K(699072K)->6325K(699072K)
[112.197s][info][gc,metaspace   ] GC(241) Metaspace: 16520K(16832K)->16520K(16832K) NonClass: 14190K(14336K)->14190K(14336K) Class: 2330K(2496K)->2330K(2496K)
[112.197s][info][gc             ] GC(241) Pause Young (Allocation Failure) 279M->6M(989M) 0.922ms
[112.197s][info][gc,cpu         ] GC(241) User=0.00s Sys=0.00s Real=0.00s
[112.287s][info][gc,start       ] GC(242) Pause Young (Allocation Failure)
[112.488s][info][gc,heap        ] GC(242) DefNew: 279819K(314560K)->34943K(314560K) Eden: 279616K(279616K)->0K(279616K) From: 203K(34944K)->34943K(34944K)
[112.488s][info][gc,heap        ] GC(242) Tenured: 6325K(699072K)->52194K(699072K)
[112.488s][info][gc,metaspace   ] GC(242) Metaspace: 16520K(16832K)->16520K(16832K) NonClass: 14190K(14336K)->14190K(14336K) Class: 2330K(2496K)->2330K(2496K)
[112.488s][info][gc             ] GC(242) Pause Young (Allocation Failure) 279M->85M(989M) 201.043ms
[112.488s][info][gc,cpu         ] GC(242) User=0.19s Sys=0.00s Real=0.20s
[112.660s][info][gc,start       ] GC(243) Pause Young (Allocation Failure)
[113.267s][info][gc,heap        ] GC(243) DefNew: 314559K(314560K)->34944K(314560K) Eden: 279616K(279616K)->0K(279616K) From: 34943K(34944K)->34944K(34944K)
[113.267s][info][gc,heap        ] GC(243) Tenured: 52194K(699072K)->236723K(699072K)
[113.267s][info][gc,metaspace   ] GC(243) Metaspace: 16520K(16832K)->16520K(16832K) NonClass: 14190K(14336K)->14190K(14336K) Class: 2330K(2496K)->2330K(2496K)
[113.267s][info][gc             ] GC(243) Pause Young (Allocation Failure) 358M->265M(989M) 607.035ms
[113.267s][info][gc,cpu         ] GC(243) User=0.59s Sys=0.00s Real=0.61s
[113.468s][info][gc,start       ] GC(244) Pause Young (Allocation Failure)
[114.002s][info][gc,heap        ] GC(244) DefNew: 314560K(314560K)->34944K(314560K) Eden: 279616K(279616K)->0K(279616K) From: 34944K(34944K)->34944K(34944K)
[114.002s][info][gc,heap        ] GC(244) Tenured: 236723K(699072K)->407450K(699072K)
[114.002s][info][gc,metaspace   ] GC(244) Metaspace: 16520K(16832K)->16520K(16832K) NonClass: 14190K(14336K)->14190K(14336K) Class: 2330K(2496K)->2330K(2496K)
[114.003s][info][gc             ] GC(244) Pause Young (Allocation Failure) 538M->432M(989M) 534.284ms
[114.003s][info][gc,cpu         ] GC(244) User=0.50s Sys=0.00s Real=0.54s
[116.170s][info][gc,start       ] GC(245) Pause Young (Allocation Failure)
[116.551s][info][gc,heap        ] GC(245) DefNew: 314560K(314560K)->34944K(314560K) Eden: 279616K(279616K)->0K(279616K) From: 34944K(34944K)->34944K(34944K)
[116.551s][info][gc,heap        ] GC(245) Tenured: 407450K(699072K)->495887K(699072K)
[116.551s][info][gc,metaspace   ] GC(245) Metaspace: 16520K(16832K)->16520K(16832K) NonClass: 14190K(14336K)->14190K(14336K) Class: 2330K(2496K)->2330K(2496K)
[116.551s][info][gc             ] GC(245) Pause Young (Allocation Failure) 705M->518M(989M) 380.764ms
[116.551s][info][gc,cpu         ] GC(245) User=0.38s Sys=0.00s Real=0.38s
[116.688s][info][gc,start       ] GC(246) Pause Young (Allocation Failure)
[116.688s][info][gc             ] GC(246) Pause Young (Allocation Failure) 791M->791M(989M) 0.102ms
[116.688s][info][gc,cpu         ] GC(246) User=0.00s Sys=0.00s Real=0.00s
[116.688s][info][gc,start       ] GC(247) Pause Full (Allocation Failure)
[116.688s][info][gc,phases,start] GC(247) Phase 1: Mark live objects
[116.923s][info][gc,phases      ] GC(247) Phase 1: Mark live objects 235.118ms
[116.923s][info][gc,phases,start] GC(247) Phase 2: Compute new object addresses
[117.051s][info][gc,phases      ] GC(247) Phase 2: Compute new object addresses 127.586ms
[117.051s][info][gc,phases,start] GC(247) Phase 3: Adjust pointers
[117.170s][info][gc,phases      ] GC(247) Phase 3: Adjust pointers 118.744ms
[117.170s][info][gc,phases,start] GC(247) Phase 4: Move objects
[117.251s][info][gc,phases      ] GC(247) Phase 4: Move objects 81.105ms
[117.251s][info][gc,heap        ] GC(247) DefNew: 314560K(314560K)->0K(314560K) Eden: 279616K(279616K)->0K(279616K) From: 34944K(34944K)->0K(34944K)
[117.251s][info][gc,heap        ] GC(247) Tenured: 495887K(699072K)->212046K(699072K)
[117.251s][info][gc,metaspace   ] GC(247) Metaspace: 16520K(16832K)->16520K(16832K) NonClass: 14190K(14336K)->14190K(14336K) Class: 2330K(2496K)->2330K(2496K)
[117.251s][info][gc             ] GC(247) Pause Full (Allocation Failure) 791M->207M(989M) 563.005ms
[117.251s][info][gc,cpu         ] GC(247) User=0.55s Sys=0.00s Real=0.55s
[117.395s][info][gc,start       ] GC(248) Pause Young (Allocation Failure)
[117.680s][info][gc,heap        ] GC(248) DefNew: 279616K(314560K)->34944K(314560K) Eden: 279616K(279616K)->0K(279616K) From: 0K(34944K)->34944K(34944K)
[117.680s][info][gc,heap        ] GC(248) Tenured: 212046K(699072K)->294730K(699072K)
[117.680s][info][gc,metaspace   ] GC(248) Metaspace: 16520K(16832K)->16520K(16832K) NonClass: 14190K(14336K)->14190K(14336K) Class: 2330K(2496K)->2330K(2496K)
[117.680s][info][gc             ] GC(248) Pause Young (Allocation Failure) 480M->321M(989M) 284.425ms
[117.680s][info][gc,cpu         ] GC(248) User=0.28s Sys=0.00s Real=0.28s
[117.838s][info][gc,start       ] GC(249) Pause Young (Allocation Failure)
[118.307s][info][gc,heap        ] GC(249) DefNew: 314560K(314560K)->34944K(314560K) Eden: 279616K(279616K)->0K(279616K) From: 34944K(34944K)->34944K(34944K)
[118.307s][info][gc,heap        ] GC(249) Tenured: 294730K(699072K)->423045K(699072K)
[118.307s][info][gc,metaspace   ] GC(249) Metaspace: 16520K(16832K)->16520K(16832K) NonClass: 14190K(14336K)->14190K(14336K) Class: 2330K(2496K)->2330K(2496K)
[118.307s][info][gc             ] GC(249) Pause Young (Allocation Failure) 595M->447M(989M) 468.938ms
[118.307s][info][gc,cpu         ] GC(249) User=0.45s Sys=0.00s Real=0.47s
[118.766s][info][gc,start       ] GC(250) Pause Young (Allocation Failure)
[118.971s][info][gc,heap        ] GC(250) DefNew: 314560K(314560K)->25256K(314560K) Eden: 279616K(279616K)->0K(279616K) From: 34944K(34944K)->25256K(34944K)
[118.971s][info][gc,heap        ] GC(250) Tenured: 423045K(699072K)->447909K(699072K)
[118.971s][info][gc,metaspace   ] GC(250) Metaspace: 16520K(16832K)->16520K(16832K) NonClass: 14190K(14336K)->14190K(14336K) Class: 2330K(2496K)->2330K(2496K)
[118.971s][info][gc             ] GC(250) Pause Young (Allocation Failure) 720M->462M(989M) 204.611ms
[118.971s][info][gc,cpu         ] GC(250) User=0.20s Sys=0.00s Real=0.20s
[119.336s][info][gc,start       ] GC(251) Pause Young (Allocation Failure)
[119.364s][info][gc,heap        ] GC(251) DefNew: 304872K(314560K)->117K(314560K) Eden: 279616K(279616K)->0K(279616K) From: 25256K(34944K)->117K(34944K)
[119.364s][info][gc,heap        ] GC(251) Tenured: 447909K(699072K)->450494K(699072K)
[119.364s][info][gc,metaspace   ] GC(251) Metaspace: 16520K(16832K)->16520K(16832K) NonClass: 14190K(14336K)->14190K(14336K) Class: 2330K(2496K)->2330K(2496K)
[119.364s][info][gc             ] GC(251) Pause Young (Allocation Failure) 735M->440M(989M) 28.147ms
[119.364s][info][gc,cpu         ] GC(251) User=0.02s Sys=0.00s Real=0.03s
[120.026s][info][gc,start       ] GC(252) Pause Full (System.gc())
[120.026s][info][gc,phases,start] GC(252) Phase 1: Mark live objects
[120.033s][info][gc,phases      ] GC(252) Phase 1: Mark live objects 7.281ms
[120.034s][info][gc,phases,start] GC(252) Phase 2: Compute new object addresses
[120.115s][info][gc,phases      ] GC(252) Phase 2: Compute new object addresses 81.198ms
[120.115s][info][gc,phases,start] GC(252) Phase 3: Adjust pointers
[120.119s][info][gc,phases      ] GC(252) Phase 3: Adjust pointers 3.994ms
[120.119s][info][gc,phases,start] GC(252) Phase 4: Move objects
[120.119s][info][gc,phases      ] GC(252) Phase 4: Move objects 0.009ms
[120.119s][info][gc,heap        ] GC(252) DefNew: 91927K(314560K)->0K(314560K) Eden: 91809K(279616K)->0K(279616K) From: 117K(34944K)->0K(34944K)
[120.119s][info][gc,heap        ] GC(252) Tenured: 450494K(699072K)->6324K(699072K)
[120.119s][info][gc,metaspace   ] GC(252) Metaspace: 16520K(16832K)->16520K(16832K) NonClass: 14190K(14336K)->14190K(14336K) Class: 2330K(2496K)->2330K(2496K)
[120.119s][info][gc             ] GC(252) Pause Full (System.gc()) 529M->6M(989M) 92.842ms
[120.119s][info][gc,cpu         ] GC(252) User=0.08s Sys=0.00s Real=0.10s
[121.583s][info][gc,start       ] GC(253) Pause Young (Allocation Failure)
[121.584s][info][gc,heap        ] GC(253) DefNew: 279616K(314560K)->243K(314560K) Eden: 279616K(279616K)->0K(279616K) From: 0K(34944K)->243K(34944K)
[121.585s][info][gc,heap        ] GC(253) Tenured: 6324K(699072K)->6324K(699072K)
[121.585s][info][gc,metaspace   ] GC(253) Metaspace: 16521K(16832K)->16521K(16832K) NonClass: 14191K(14336K)->14191K(14336K) Class: 2330K(2496K)->2330K(2496K)
[121.585s][info][gc             ] GC(253) Pause Young (Allocation Failure) 279M->6M(989M) 1.091ms
[121.585s][info][gc,cpu         ] GC(253) User=0.00s Sys=0.00s Real=0.00s
[121.628s][info][gc,start       ] GC(254) Pause Young (Allocation Failure)
[121.629s][info][gc,heap        ] GC(254) DefNew: 279859K(314560K)->226K(314560K) Eden: 279616K(279616K)->0K(279616K) From: 243K(34944K)->226K(34944K)
[121.629s][info][gc,heap        ] GC(254) Tenured: 6324K(699072K)->6324K(699072K)
[121.629s][info][gc,metaspace   ] GC(254) Metaspace: 16521K(16832K)->16521K(16832K) NonClass: 14191K(14336K)->14191K(14336K) Class: 2330K(2496K)->2330K(2496K)
[121.629s][info][gc             ] GC(254) Pause Young (Allocation Failure) 279M->6M(989M) 0.799ms
[121.629s][info][gc,cpu         ] GC(254) User=0.00s Sys=0.00s Real=0.00s
[121.672s][info][gc,start       ] GC(255) Pause Young (Allocation Failure)
[121.673s][info][gc,heap        ] GC(255) DefNew: 279842K(314560K)->247K(314560K) Eden: 279616K(279616K)->0K(279616K) From: 226K(34944K)->247K(34944K)
[121.673s][info][gc,heap        ] GC(255) Tenured: 6324K(699072K)->6324K(699072K)
[121.673s][info][gc,metaspace   ] GC(255) Metaspace: 16521K(16832K)->16521K(16832K) NonClass: 14191K(14336K)->14191K(14336K) Class: 2330K(2496K)->2330K(2496K)
[121.673s][info][gc             ] GC(255) Pause Young (Allocation Failure) 279M->6M(989M) 0.759ms
[121.673s][info][gc,cpu         ] GC(255) User=0.00s Sys=0.00s Real=0.00s
[121.717s][info][gc,start       ] GC(256) Pause Young (Allocation Failure)
[121.718s][info][gc,heap        ] GC(256) DefNew: 279863K(314560K)->251K(314560K) Eden: 279616K(279616K)->0K(279616K) From: 247K(34944K)->251K(34944K)
[121.718s][info][gc,heap        ] GC(256) Tenured: 6324K(699072K)->6324K(699072K)
[121.718s][info][gc,metaspace   ] GC(256) Metaspace: 16521K(16832K)->16521K(16832K) NonClass: 14191K(14336K)->14191K(14336K) Class: 2330K(2496K)->2330K(2496K)
[121.718s][info][gc             ] GC(256) Pause Young (Allocation Failure) 279M->6M(989M) 0.870ms
[121.718s][info][gc,cpu         ] GC(256) User=0.00s Sys=0.00s Real=0.00s
[121.762s][info][gc,start       ] GC(257) Pause Young (Allocation Failure)
[121.763s][info][gc,heap        ] GC(257) DefNew: 279867K(314560K)->249K(314560K) Eden: 279616K(279616K)->0K(279616K) From: 251K(34944K)->249K(34944K)
[121.763s][info][gc,heap        ] GC(257) Tenured: 6324K(699072K)->6324K(699072K)
[121.763s][info][gc,metaspace   ] GC(257) Metaspace: 16521K(16832K)->16521K(16832K) NonClass: 14191K(14336K)->14191K(14336K) Class: 2330K(2496K)->2330K(2496K)
[121.763s][info][gc             ] GC(257) Pause Young (Allocation Failure) 279M->6M(989M) 0.760ms
[121.763s][info][gc,cpu         ] GC(257) User=0.00s Sys=0.00s Real=0.00s
[121.807s][info][gc,start       ] GC(258) Pause Young (Allocation Failure)
[121.808s][info][gc,heap        ] GC(258) DefNew: 279865K(314560K)->247K(314560K) Eden: 279616K(279616K)->0K(279616K) From: 249K(34944K)->247K(34944K)
[121.808s][info][gc,heap        ] GC(258) Tenured: 6324K(699072K)->6324K(699072K)
[121.808s][info][gc,metaspace   ] GC(258) Metaspace: 16521K(16832K)->16521K(16832K) NonClass: 14191K(14336K)->14191K(14336K) Class: 2330K(2496K)->2330K(2496K)
[121.808s][info][gc             ] GC(258) Pause Young (Allocation Failure) 279M->6M(989M) 0.752ms
[121.808s][info][gc,cpu         ] GC(258) User=0.00s Sys=0.00s Real=0.00s
[121.851s][info][gc,start       ] GC(259) Pause Young (Allocation Failure)
[121.852s][info][gc,heap        ] GC(259) DefNew: 279863K(314560K)->245K(314560K) Eden: 279616K(279616K)->0K(279616K) From: 247K(34944K)->245K(34944K)
[121.852s][info][gc,heap        ] GC(259) Tenured: 6324K(699072K)->6324K(699072K)
[121.852s][info][gc,metaspace   ] GC(259) Metaspace: 16521K(16832K)->16521K(16832K) NonClass: 14191K(14336K)->14191K(14336K) Class: 2330K(2496K)->2330K(2496K)
[121.852s][info][gc             ] GC(259) Pause Young (Allocation Failure) 279M->6M(989M) 0.816ms
[121.852s][info][gc,cpu         ] GC(259) User=0.00s Sys=0.00s Real=0.00s
[121.896s][info][gc,start       ] GC(260) Pause Young (Allocation Failure)
[121.897s][info][gc,heap        ] GC(260) DefNew: 279861K(314560K)->239K(314560K) Eden: 279616K(279616K)->0K(279616K) From: 245K(34944K)->239K(34944K)
[121.897s][info][gc,heap        ] GC(260) Tenured: 6324K(699072K)->6324K(699072K)
[121.897s][info][gc,metaspace   ] GC(260) Metaspace: 16521K(16832K)->16521K(16832K) NonClass: 14191K(14336K)->14191K(14336K) Class: 2330K(2496K)->2330K(2496K)
[121.897s][info][gc             ] GC(260) Pause Young (Allocation Failure) 279M->6M(989M) 0.797ms
[121.897s][info][gc,cpu         ] GC(260) User=0.00s Sys=0.00s Real=0.00s
[121.940s][info][gc,start       ] GC(261) Pause Young (Allocation Failure)
[121.941s][info][gc,heap        ] GC(261) DefNew: 279855K(314560K)->255K(314560K) Eden: 279616K(279616K)->0K(279616K) From: 239K(34944K)->255K(34944K)
[121.941s][info][gc,heap        ] GC(261) Tenured: 6324K(699072K)->6324K(699072K)
[121.941s][info][gc,metaspace   ] GC(261) Metaspace: 16521K(16832K)->16521K(16832K) NonClass: 14191K(14336K)->14191K(14336K) Class: 2330K(2496K)->2330K(2496K)
[121.941s][info][gc             ] GC(261) Pause Young (Allocation Failure) 279M->6M(989M) 0.814ms
[121.941s][info][gc,cpu         ] GC(261) User=0.00s Sys=0.00s Real=0.00s
[121.986s][info][gc,start       ] GC(262) Pause Young (Allocation Failure)
[121.986s][info][gc,heap        ] GC(262) DefNew: 279871K(314560K)->200K(314560K) Eden: 279616K(279616K)->0K(279616K) From: 255K(34944K)->200K(34944K)
[121.986s][info][gc,heap        ] GC(262) Tenured: 6324K(699072K)->6324K(699072K)
[121.986s][info][gc,metaspace   ] GC(262) Metaspace: 16521K(16832K)->16521K(16832K) NonClass: 14191K(14336K)->14191K(14336K) Class: 2330K(2496K)->2330K(2496K)
[121.986s][info][gc             ] GC(262) Pause Young (Allocation Failure) 279M->6M(989M) 0.738ms
[121.987s][info][gc,cpu         ] GC(262) User=0.00s Sys=0.00s Real=0.00s
[122.067s][info][gc,start       ] GC(263) Pause Young (Allocation Failure)
[122.263s][info][gc,heap        ] GC(263) DefNew: 279816K(314560K)->34944K(314560K) Eden: 279616K(279616K)->0K(279616K) From: 200K(34944K)->34944K(34944K)
[122.263s][info][gc,heap        ] GC(263) Tenured: 6324K(699072K)->50234K(699072K)
[122.263s][info][gc,metaspace   ] GC(263) Metaspace: 16521K(16832K)->16521K(16832K) NonClass: 14191K(14336K)->14191K(14336K) Class: 2330K(2496K)->2330K(2496K)
[122.263s][info][gc             ] GC(263) Pause Young (Allocation Failure) 279M->83M(989M) 195.397ms
[122.263s][info][gc,cpu         ] GC(263) User=0.19s Sys=0.00s Real=0.19s
[122.438s][info][gc,start       ] GC(264) Pause Young (Allocation Failure)
[123.041s][info][gc,heap        ] GC(264) DefNew: 314560K(314560K)->34944K(314560K) Eden: 279616K(279616K)->0K(279616K) From: 34944K(34944K)->34944K(34944K)
[123.041s][info][gc,heap        ] GC(264) Tenured: 50234K(699072K)->234694K(699072K)
[123.041s][info][gc,metaspace   ] GC(264) Metaspace: 16521K(16832K)->16521K(16832K) NonClass: 14191K(14336K)->14191K(14336K) Class: 2330K(2496K)->2330K(2496K)
[123.041s][info][gc             ] GC(264) Pause Young (Allocation Failure) 356M->263M(989M) 603.143ms
[123.041s][info][gc,cpu         ] GC(264) User=0.56s Sys=0.00s Real=0.61s
[123.248s][info][gc,start       ] GC(265) Pause Young (Allocation Failure)
[123.794s][info][gc,heap        ] GC(265) DefNew: 314560K(314560K)->34943K(314560K) Eden: 279616K(279616K)->0K(279616K) From: 34944K(34944K)->34943K(34944K)
[123.794s][info][gc,heap        ] GC(265) Tenured: 234694K(699072K)->408040K(699072K)
[123.794s][info][gc,metaspace   ] GC(265) Metaspace: 16521K(16832K)->16521K(16832K) NonClass: 14191K(14336K)->14191K(14336K) Class: 2330K(2496K)->2330K(2496K)
[123.794s][info][gc             ] GC(265) Pause Young (Allocation Failure) 536M->432M(989M) 545.566ms
[123.794s][info][gc,cpu         ] GC(265) User=0.52s Sys=0.00s Real=0.55s
[126.058s][info][gc,start       ] GC(266) Pause Young (Allocation Failure)
[126.437s][info][gc,heap        ] GC(266) DefNew: 314559K(314560K)->34944K(314560K) Eden: 279616K(279616K)->0K(279616K) From: 34943K(34944K)->34944K(34944K)
[126.437s][info][gc,heap        ] GC(266) Tenured: 408040K(699072K)->495320K(699072K)
[126.437s][info][gc,metaspace   ] GC(266) Metaspace: 16521K(16832K)->16521K(16832K) NonClass: 14191K(14336K)->14191K(14336K) Class: 2330K(2496K)->2330K(2496K)
[126.437s][info][gc             ] GC(266) Pause Young (Allocation Failure) 705M->517M(989M) 378.299ms
[126.437s][info][gc,cpu         ] GC(266) User=0.36s Sys=0.00s Real=0.38s
[126.574s][info][gc,start       ] GC(267) Pause Young (Allocation Failure)
[126.574s][info][gc             ] GC(267) Pause Young (Allocation Failure) 790M->790M(989M) 0.128ms
[126.574s][info][gc,cpu         ] GC(267) User=0.00s Sys=0.00s Real=0.00s
[126.574s][info][gc,start       ] GC(268) Pause Full (Allocation Failure)
[126.574s][info][gc,phases,start] GC(268) Phase 1: Mark live objects
[126.807s][info][gc,phases      ] GC(268) Phase 1: Mark live objects 232.845ms
[126.807s][info][gc,phases,start] GC(268) Phase 2: Compute new object addresses
[126.935s][info][gc,phases      ] GC(268) Phase 2: Compute new object addresses 128.461ms
[126.935s][info][gc,phases,start] GC(268) Phase 3: Adjust pointers
[127.053s][info][gc,phases      ] GC(268) Phase 3: Adjust pointers 117.551ms
[127.053s][info][gc,phases,start] GC(268) Phase 4: Move objects
[127.134s][info][gc,phases      ] GC(268) Phase 4: Move objects 81.130ms
[127.134s][info][gc,heap        ] GC(268) DefNew: 314560K(314560K)->0K(314560K) Eden: 279616K(279616K)->0K(279616K) From: 34944K(34944K)->0K(34944K)
[127.134s][info][gc,heap        ] GC(268) Tenured: 495320K(699072K)->210931K(699072K)
[127.134s][info][gc,metaspace   ] GC(268) Metaspace: 16521K(16832K)->16521K(16832K) NonClass: 14191K(14336K)->14191K(14336K) Class: 2330K(2496K)->2330K(2496K)
[127.134s][info][gc             ] GC(268) Pause Full (Allocation Failure) 790M->205M(989M) 560.481ms
[127.134s][info][gc,cpu         ] GC(268) User=0.50s Sys=0.00s Real=0.57s
[127.277s][info][gc,start       ] GC(269) Pause Young (Allocation Failure)
[127.563s][info][gc,heap        ] GC(269) DefNew: 279616K(314560K)->34944K(314560K) Eden: 279616K(279616K)->0K(279616K) From: 0K(34944K)->34944K(34944K)
[127.563s][info][gc,heap        ] GC(269) Tenured: 210931K(699072K)->293617K(699072K)
[127.563s][info][gc,metaspace   ] GC(269) Metaspace: 16521K(16832K)->16521K(16832K) NonClass: 14191K(14336K)->14191K(14336K) Class: 2330K(2496K)->2330K(2496K)
[127.563s][info][gc             ] GC(269) Pause Young (Allocation Failure) 479M->320M(989M) 285.849ms
[127.563s][info][gc,cpu         ] GC(269) User=0.28s Sys=0.00s Real=0.28s
[127.722s][info][gc,start       ] GC(270) Pause Young (Allocation Failure)
[128.183s][info][gc,heap        ] GC(270) DefNew: 314560K(314560K)->34943K(314560K) Eden: 279616K(279616K)->0K(279616K) From: 34944K(34944K)->34943K(34944K)
[128.183s][info][gc,heap        ] GC(270) Tenured: 293617K(699072K)->420947K(699072K)
[128.183s][info][gc,metaspace   ] GC(270) Metaspace: 16521K(16832K)->16521K(16832K) NonClass: 14191K(14336K)->14191K(14336K) Class: 2330K(2496K)->2330K(2496K)
[128.183s][info][gc             ] GC(270) Pause Young (Allocation Failure) 593M->445M(989M) 460.783ms
[128.183s][info][gc,cpu         ] GC(270) User=0.44s Sys=0.00s Real=0.47s
[128.648s][info][gc,start       ] GC(271) Pause Young (Allocation Failure)
[128.855s][info][gc,heap        ] GC(271) DefNew: 314559K(314560K)->27168K(314560K) Eden: 279616K(279616K)->0K(279616K) From: 34943K(34944K)->27168K(34944K)
[128.855s][info][gc,heap        ] GC(271) Tenured: 420947K(699072K)->445931K(699072K)
[128.855s][info][gc,metaspace   ] GC(271) Metaspace: 16521K(16832K)->16521K(16832K) NonClass: 14191K(14336K)->14191K(14336K) Class: 2330K(2496K)->2330K(2496K)
[128.855s][info][gc             ] GC(271) Pause Young (Allocation Failure) 718M->462M(989M) 207.067ms
[128.855s][info][gc,cpu         ] GC(271) User=0.20s Sys=0.00s Real=0.22s
[129.218s][info][gc,start       ] GC(272) Pause Young (Allocation Failure)
[129.251s][info][gc,heap        ] GC(272) DefNew: 306784K(314560K)->187K(314560K) Eden: 279616K(279616K)->0K(279616K) From: 27168K(34944K)->187K(34944K)
[129.251s][info][gc,heap        ] GC(272) Tenured: 445931K(699072K)->448797K(699072K)
[129.251s][info][gc,metaspace   ] GC(272) Metaspace: 16521K(16832K)->16521K(16832K) NonClass: 14191K(14336K)->14191K(14336K) Class: 2330K(2496K)->2330K(2496K)
[129.251s][info][gc             ] GC(272) Pause Young (Allocation Failure) 735M->438M(989M) 33.075ms
[129.251s][info][gc,cpu         ] GC(272) User=0.03s Sys=0.00s Real=0.03s
[129.907s][info][gc,start       ] GC(273) Pause Full (System.gc())
[129.907s][info][gc,phases,start] GC(273) Phase 1: Mark live objects
[129.914s][info][gc,phases      ] GC(273) Phase 1: Mark live objects 6.809ms
[129.914s][info][gc,phases,start] GC(273) Phase 2: Compute new object addresses
[129.996s][info][gc,phases      ] GC(273) Phase 2: Compute new object addresses 81.513ms
[129.996s][info][gc,phases,start] GC(273) Phase 3: Adjust pointers
[130.000s][info][gc,phases      ] GC(273) Phase 3: Adjust pointers 3.990ms
[130.000s][info][gc,phases,start] GC(273) Phase 4: Move objects
[130.000s][info][gc,phases      ] GC(273) Phase 4: Move objects 0.010ms
[130.000s][info][gc,heap        ] GC(273) DefNew: 95410K(314560K)->0K(314560K) Eden: 95222K(279616K)->0K(279616K) From: 187K(34944K)->0K(34944K)
[130.000s][info][gc,heap        ] GC(273) Tenured: 448797K(699072K)->6324K(699072K)
[130.000s][info][gc,metaspace   ] GC(273) Metaspace: 16522K(16832K)->16522K(16832K) NonClass: 14191K(14336K)->14191K(14336K) Class: 2330K(2496K)->2330K(2496K)
[130.000s][info][gc             ] GC(273) Pause Full (System.gc()) 531M->6M(989M) 92.650ms
[130.000s][info][gc,cpu         ] GC(273) User=0.08s Sys=0.00s Real=0.10s
[131.543s][info][gc,start       ] GC(274) Pause Young (Allocation Failure)
[131.544s][info][gc,heap        ] GC(274) DefNew: 279616K(314560K)->228K(314560K) Eden: 279616K(279616K)->0K(279616K) From: 0K(34944K)->228K(34944K)
[131.544s][info][gc,heap        ] GC(274) Tenured: 6324K(699072K)->6324K(699072K)
[131.544s][info][gc,metaspace   ] GC(274) Metaspace: 16534K(16832K)->16534K(16832K) NonClass: 14203K(14336K)->14203K(14336K) Class: 2330K(2496K)->2330K(2496K)
[131.544s][info][gc             ] GC(274) Pause Young (Allocation Failure) 279M->6M(989M) 1.048ms
[131.544s][info][gc,cpu         ] GC(274) User=0.00s Sys=0.00s Real=0.00s
[131.588s][info][gc,start       ] GC(275) Pause Young (Allocation Failure)
[131.588s][info][gc,heap        ] GC(275) DefNew: 279844K(314560K)->241K(314560K) Eden: 279616K(279616K)->0K(279616K) From: 228K(34944K)->241K(34944K)
[131.588s][info][gc,heap        ] GC(275) Tenured: 6324K(699072K)->6324K(699072K)
[131.588s][info][gc,metaspace   ] GC(275) Metaspace: 16534K(16832K)->16534K(16832K) NonClass: 14203K(14336K)->14203K(14336K) Class: 2330K(2496K)->2330K(2496K)
[131.588s][info][gc             ] GC(275) Pause Young (Allocation Failure) 279M->6M(989M) 0.802ms
[131.588s][info][gc,cpu         ] GC(275) User=0.00s Sys=0.00s Real=0.00s
[131.632s][info][gc,start       ] GC(276) Pause Young (Allocation Failure)
[131.632s][info][gc,heap        ] GC(276) DefNew: 279857K(314560K)->247K(314560K) Eden: 279616K(279616K)->0K(279616K) From: 241K(34944K)->247K(34944K)
[131.632s][info][gc,heap        ] GC(276) Tenured: 6324K(699072K)->6324K(699072K)
[131.632s][info][gc,metaspace   ] GC(276) Metaspace: 16534K(16832K)->16534K(16832K) NonClass: 14203K(14336K)->14203K(14336K) Class: 2330K(2496K)->2330K(2496K)
[131.632s][info][gc             ] GC(276) Pause Young (Allocation Failure) 279M->6M(989M) 0.797ms
[131.632s][info][gc,cpu         ] GC(276) User=0.00s Sys=0.00s Real=0.00s
[131.677s][info][gc,start       ] GC(277) Pause Young (Allocation Failure)
[131.678s][info][gc,heap        ] GC(277) DefNew: 279863K(314560K)->240K(314560K) Eden: 279616K(279616K)->0K(279616K) From: 247K(34944K)->240K(34944K)
[131.678s][info][gc,heap        ] GC(277) Tenured: 6324K(699072K)->6324K(699072K)
[131.678s][info][gc,metaspace   ] GC(277) Metaspace: 16534K(16832K)->16534K(16832K) NonClass: 14203K(14336K)->14203K(14336K) Class: 2330K(2496K)->2330K(2496K)
[131.678s][info][gc             ] GC(277) Pause Young (Allocation Failure) 279M->6M(989M) 0.756ms
[131.678s][info][gc,cpu         ] GC(277) User=0.00s Sys=0.00s Real=0.00s
[131.721s][info][gc,start       ] GC(278) Pause Young (Allocation Failure)
[131.721s][info][gc,heap        ] GC(278) DefNew: 279856K(314560K)->239K(314560K) Eden: 279616K(279616K)->0K(279616K) From: 240K(34944K)->239K(34944K)
[131.721s][info][gc,heap        ] GC(278) Tenured: 6324K(699072K)->6324K(699072K)
[131.721s][info][gc,metaspace   ] GC(278) Metaspace: 16534K(16832K)->16534K(16832K) NonClass: 14203K(14336K)->14203K(14336K) Class: 2330K(2496K)->2330K(2496K)
[131.721s][info][gc             ] GC(278) Pause Young (Allocation Failure) 279M->6M(989M) 0.775ms
[131.721s][info][gc,cpu         ] GC(278) User=0.00s Sys=0.00s Real=0.00s
[131.766s][info][gc,start       ] GC(279) Pause Young (Allocation Failure)
[131.766s][info][gc,heap        ] GC(279) DefNew: 279855K(314560K)->256K(314560K) Eden: 279616K(279616K)->0K(279616K) From: 239K(34944K)->256K(34944K)
[131.766s][info][gc,heap        ] GC(279) Tenured: 6324K(699072K)->6324K(699072K)
[131.766s][info][gc,metaspace   ] GC(279) Metaspace: 16534K(16832K)->16534K(16832K) NonClass: 14203K(14336K)->14203K(14336K) Class: 2330K(2496K)->2330K(2496K)
[131.766s][info][gc             ] GC(279) Pause Young (Allocation Failure) 279M->6M(989M) 0.814ms
[131.766s][info][gc,cpu         ] GC(279) User=0.00s Sys=0.00s Real=0.00s
[131.810s][info][gc,start       ] GC(280) Pause Young (Allocation Failure)
[131.811s][info][gc,heap        ] GC(280) DefNew: 279872K(314560K)->223K(314560K) Eden: 279616K(279616K)->0K(279616K) From: 256K(34944K)->223K(34944K)
[131.811s][info][gc,heap        ] GC(280) Tenured: 6324K(699072K)->6324K(699072K)
[131.811s][info][gc,metaspace   ] GC(280) Metaspace: 16534K(16832K)->16534K(16832K) NonClass: 14203K(14336K)->14203K(14336K) Class: 2330K(2496K)->2330K(2496K)
[131.811s][info][gc             ] GC(280) Pause Young (Allocation Failure) 279M->6M(989M) 0.809ms
[131.811s][info][gc,cpu         ] GC(280) User=0.00s Sys=0.00s Real=0.00s
[131.855s][info][gc,start       ] GC(281) Pause Young (Allocation Failure)
[131.855s][info][gc,heap        ] GC(281) DefNew: 279839K(314560K)->222K(314560K) Eden: 279616K(279616K)->0K(279616K) From: 223K(34944K)->222K(34944K)
[131.855s][info][gc,heap        ] GC(281) Tenured: 6324K(699072K)->6324K(699072K)
[131.855s][info][gc,metaspace   ] GC(281) Metaspace: 16534K(16832K)->16534K(16832K) NonClass: 14203K(14336K)->14203K(14336K) Class: 2330K(2496K)->2330K(2496K)
[131.855s][info][gc             ] GC(281) Pause Young (Allocation Failure) 279M->6M(989M) 0.749ms
[131.855s][info][gc,cpu         ] GC(281) User=0.00s Sys=0.00s Real=0.00s
[131.899s][info][gc,start       ] GC(282) Pause Young (Allocation Failure)
[131.900s][info][gc,heap        ] GC(282) DefNew: 279838K(314560K)->243K(314560K) Eden: 279616K(279616K)->0K(279616K) From: 222K(34944K)->243K(34944K)
[131.900s][info][gc,heap        ] GC(282) Tenured: 6324K(699072K)->6324K(699072K)
[131.900s][info][gc,metaspace   ] GC(282) Metaspace: 16534K(16832K)->16534K(16832K) NonClass: 14203K(14336K)->14203K(14336K) Class: 2330K(2496K)->2330K(2496K)
[131.900s][info][gc             ] GC(282) Pause Young (Allocation Failure) 279M->6M(989M) 0.755ms
[131.900s][info][gc,cpu         ] GC(282) User=0.00s Sys=0.00s Real=0.00s
[131.945s][info][gc,start       ] GC(283) Pause Young (Allocation Failure)
[131.946s][info][gc,heap        ] GC(283) DefNew: 279859K(314560K)->210K(314560K) Eden: 279616K(279616K)->0K(279616K) From: 243K(34944K)->210K(34944K)
[131.946s][info][gc,heap        ] GC(283) Tenured: 6324K(699072K)->6324K(699072K)
[131.946s][info][gc,metaspace   ] GC(283) Metaspace: 16534K(16832K)->16534K(16832K) NonClass: 14203K(14336K)->14203K(14336K) Class: 2330K(2496K)->2330K(2496K)
[131.946s][info][gc             ] GC(283) Pause Young (Allocation Failure) 279M->6M(989M) 0.749ms
[131.946s][info][gc,cpu         ] GC(283) User=0.00s Sys=0.00s Real=0.00s
[132.028s][info][gc,start       ] GC(284) Pause Young (Allocation Failure)
[132.234s][info][gc,heap        ] GC(284) DefNew: 279826K(314560K)->34944K(314560K) Eden: 279616K(279616K)->0K(279616K) From: 210K(34944K)->34944K(34944K)
[132.234s][info][gc,heap        ] GC(284) Tenured: 6324K(699072K)->53954K(699072K)
[132.234s][info][gc,metaspace   ] GC(284) Metaspace: 16534K(16832K)->16534K(16832K) NonClass: 14203K(14336K)->14203K(14336K) Class: 2330K(2496K)->2330K(2496K)
[132.234s][info][gc             ] GC(284) Pause Young (Allocation Failure) 279M->86M(989M) 206.332ms
[132.234s][info][gc,cpu         ] GC(284) User=0.19s Sys=0.00s Real=0.20s
[132.409s][info][gc,start       ] GC(285) Pause Young (Allocation Failure)
[133.007s][info][gc,heap        ] GC(285) DefNew: 314560K(314560K)->34943K(314560K) Eden: 279616K(279616K)->0K(279616K) From: 34944K(34944K)->34943K(34944K)
[133.008s][info][gc,heap        ] GC(285) Tenured: 53954K(699072K)->238806K(699072K)
[133.008s][info][gc,metaspace   ] GC(285) Metaspace: 16534K(16832K)->16534K(16832K) NonClass: 14203K(14336K)->14203K(14336K) Class: 2330K(2496K)->2330K(2496K)
[133.008s][info][gc             ] GC(285) Pause Young (Allocation Failure) 359M->267M(989M) 598.350ms
[133.008s][info][gc,cpu         ] GC(285) User=0.58s Sys=0.00s Real=0.60s
[133.216s][info][gc,start       ] GC(286) Pause Young (Allocation Failure)
[133.752s][info][gc,heap        ] GC(286) DefNew: 314559K(314560K)->34943K(314560K) Eden: 279616K(279616K)->0K(279616K) From: 34943K(34944K)->34943K(34944K)
[133.752s][info][gc,heap        ] GC(286) Tenured: 238806K(699072K)->406958K(699072K)
[133.752s][info][gc,metaspace   ] GC(286) Metaspace: 16534K(16832K)->16534K(16832K) NonClass: 14203K(14336K)->14203K(14336K) Class: 2330K(2496K)->2330K(2496K)
[133.752s][info][gc             ] GC(286) Pause Young (Allocation Failure) 540M->431M(989M) 535.731ms
[133.752s][info][gc,cpu         ] GC(286) User=0.53s Sys=0.00s Real=0.53s
[136.714s][info][gc,start       ] GC(287) Pause Young (Allocation Failure)
[137.091s][info][gc,heap        ] GC(287) DefNew: 314559K(314560K)->34944K(314560K) Eden: 279616K(279616K)->0K(279616K) From: 34943K(34944K)->34944K(34944K)
[137.091s][info][gc,heap        ] GC(287) Tenured: 406958K(699072K)->497302K(699072K)
[137.091s][info][gc,metaspace   ] GC(287) Metaspace: 16534K(16832K)->16534K(16832K) NonClass: 14203K(14336K)->14203K(14336K) Class: 2330K(2496K)->2330K(2496K)
[137.091s][info][gc             ] GC(287) Pause Young (Allocation Failure) 704M->519M(989M) 377.366ms
[137.091s][info][gc,cpu         ] GC(287) User=0.38s Sys=0.00s Real=0.37s
[137.229s][info][gc,start       ] GC(288) Pause Young (Allocation Failure)
[137.229s][info][gc             ] GC(288) Pause Young (Allocation Failure) 792M->792M(989M) 0.126ms
[137.229s][info][gc,cpu         ] GC(288) User=0.00s Sys=0.00s Real=0.00s
[137.229s][info][gc,start       ] GC(289) Pause Full (Allocation Failure)
[137.229s][info][gc,phases,start] GC(289) Phase 1: Mark live objects
[137.470s][info][gc,phases      ] GC(289) Phase 1: Mark live objects 241.033ms
[137.470s][info][gc,phases,start] GC(289) Phase 2: Compute new object addresses
[137.598s][info][gc,phases      ] GC(289) Phase 2: Compute new object addresses 128.110ms
[137.598s][info][gc,phases,start] GC(289) Phase 3: Adjust pointers
[137.717s][info][gc,phases      ] GC(289) Phase 3: Adjust pointers 118.923ms
[137.717s][info][gc,phases,start] GC(289) Phase 4: Move objects
[137.799s][info][gc,phases      ] GC(289) Phase 4: Move objects 81.819ms
[137.799s][info][gc,heap        ] GC(289) DefNew: 314560K(314560K)->0K(314560K) Eden: 279616K(279616K)->0K(279616K) From: 34944K(34944K)->0K(34944K)
[137.799s][info][gc,heap        ] GC(289) Tenured: 497302K(699072K)->214364K(699072K)
[137.799s][info][gc,metaspace   ] GC(289) Metaspace: 16534K(16832K)->16534K(16832K) NonClass: 14203K(14336K)->14203K(14336K) Class: 2330K(2496K)->2330K(2496K)
[137.799s][info][gc             ] GC(289) Pause Full (Allocation Failure) 792M->209M(989M) 570.342ms
[137.799s][info][gc,cpu         ] GC(289) User=0.53s Sys=0.00s Real=0.57s
[137.941s][info][gc,start       ] GC(290) Pause Young (Allocation Failure)
[138.224s][info][gc,heap        ] GC(290) DefNew: 279616K(314560K)->34943K(314560K) Eden: 279616K(279616K)->0K(279616K) From: 0K(34944K)->34943K(34944K)
[138.225s][info][gc,heap        ] GC(290) Tenured: 214364K(699072K)->297044K(699072K)
[138.225s][info][gc,metaspace   ] GC(290) Metaspace: 16534K(16832K)->16534K(16832K) NonClass: 14203K(14336K)->14203K(14336K) Class: 2330K(2496K)->2330K(2496K)
[138.225s][info][gc             ] GC(290) Pause Young (Allocation Failure) 482M->324M(989M) 283.953ms
[138.225s][info][gc,cpu         ] GC(290) User=0.28s Sys=0.00s Real=0.28s
[138.385s][info][gc,start       ] GC(291) Pause Young (Allocation Failure)
[138.857s][info][gc,heap        ] GC(291) DefNew: 314559K(314560K)->34944K(314560K) Eden: 279616K(279616K)->0K(279616K) From: 34943K(34944K)->34944K(34944K)
[138.857s][info][gc,heap        ] GC(291) Tenured: 297044K(699072K)->427005K(699072K)
[138.857s][info][gc,metaspace   ] GC(291) Metaspace: 16534K(16832K)->16534K(16832K) NonClass: 14203K(14336K)->14203K(14336K) Class: 2330K(2496K)->2330K(2496K)
[138.857s][info][gc             ] GC(291) Pause Young (Allocation Failure) 597M->451M(989M) 472.037ms
[138.857s][info][gc,cpu         ] GC(291) User=0.45s Sys=0.00s Real=0.47s
[139.312s][info][gc,start       ] GC(292) Pause Young (Allocation Failure)
[139.512s][info][gc,heap        ] GC(292) DefNew: 314560K(314560K)->21287K(314560K) Eden: 279616K(279616K)->0K(279616K) From: 34944K(34944K)->21287K(34944K)
[139.512s][info][gc,heap        ] GC(292) Tenured: 427005K(699072K)->451619K(699072K)
[139.512s][info][gc,metaspace   ] GC(292) Metaspace: 16534K(16832K)->16534K(16832K) NonClass: 14203K(14336K)->14203K(14336K) Class: 2330K(2496K)->2330K(2496K)
[139.512s][info][gc             ] GC(292) Pause Young (Allocation Failure) 724M->461M(989M) 199.365ms
[139.512s][info][gc,cpu         ] GC(292) User=0.17s Sys=0.00s Real=0.19s
[139.871s][info][gc,start       ] GC(293) Pause Young (Allocation Failure)
[139.893s][info][gc,heap        ] GC(293) DefNew: 300903K(314560K)->0K(314560K) Eden: 279616K(279616K)->0K(279616K) From: 21287K(34944K)->0K(34944K)
[139.893s][info][gc,heap        ] GC(293) Tenured: 451619K(699072K)->453755K(699072K)
[139.893s][info][gc,metaspace   ] GC(293) Metaspace: 16534K(16832K)->16534K(16832K) NonClass: 14203K(14336K)->14203K(14336K) Class: 2330K(2496K)->2330K(2496K)
[139.893s][info][gc             ] GC(293) Pause Young (Allocation Failure) 734M->443M(989M) 22.068ms
[139.893s][info][gc,cpu         ] GC(293) User=0.02s Sys=0.00s Real=0.03s
[140.561s][info][gc,start       ] GC(294) Pause Full (System.gc())
[140.561s][info][gc,phases,start] GC(294) Phase 1: Mark live objects
[140.568s][info][gc,phases      ] GC(294) Phase 1: Mark live objects 6.714ms
[140.568s][info][gc,phases,start] GC(294) Phase 2: Compute new object addresses
[140.649s][info][gc,phases      ] GC(294) Phase 2: Compute new object addresses 81.011ms
[140.649s][info][gc,phases,start] GC(294) Phase 3: Adjust pointers
[140.653s][info][gc,phases      ] GC(294) Phase 3: Adjust pointers 3.983ms
[140.653s][info][gc,phases,start] GC(294) Phase 4: Move objects
[140.653s][info][gc,phases      ] GC(294) Phase 4: Move objects 0.009ms
[140.653s][info][gc,heap        ] GC(294) DefNew: 89733K(314560K)->0K(314560K) Eden: 89733K(279616K)->0K(279616K) From: 0K(34944K)->0K(34944K)
[140.653s][info][gc,heap        ] GC(294) Tenured: 453755K(699072K)->6327K(699072K)
[140.653s][info][gc,metaspace   ] GC(294) Metaspace: 16534K(16832K)->16534K(16832K) NonClass: 14204K(14336K)->14204K(14336K) Class: 2330K(2496K)->2330K(2496K)
[140.653s][info][gc             ] GC(294) Pause Full (System.gc()) 530M->6M(989M) 92.078ms
[140.653s][info][gc,cpu         ] GC(294) User=0.08s Sys=0.00s Real=0.09s
[142.149s][info][gc,start       ] GC(295) Pause Young (Allocation Failure)
[142.150s][info][gc,heap        ] GC(295) DefNew: 279616K(314560K)->250K(314560K) Eden: 279616K(279616K)->0K(279616K) From: 0K(34944K)->250K(34944K)
[142.150s][info][gc,heap        ] GC(295) Tenured: 6327K(699072K)->6327K(699072K)
[142.150s][info][gc,metaspace   ] GC(295) Metaspace: 16541K(16896K)->16541K(16896K) NonClass: 14210K(14400K)->14210K(14400K) Class: 2330K(2496K)->2330K(2496K)
[142.150s][info][gc             ] GC(295) Pause Young (Allocation Failure) 279M->6M(989M) 1.059ms
[142.150s][info][gc,cpu         ] GC(295) User=0.00s Sys=0.00s Real=0.00s
[142.196s][info][gc,start       ] GC(296) Pause Young (Allocation Failure)
[142.197s][info][gc,heap        ] GC(296) DefNew: 279866K(314560K)->246K(314560K) Eden: 279616K(279616K)->0K(279616K) From: 250K(34944K)->246K(34944K)
[142.197s][info][gc,heap        ] GC(296) Tenured: 6327K(699072K)->6327K(699072K)
[142.197s][info][gc,metaspace   ] GC(296) Metaspace: 16541K(16896K)->16541K(16896K) NonClass: 14210K(14400K)->14210K(14400K) Class: 2330K(2496K)->2330K(2496K)
[142.197s][info][gc             ] GC(296) Pause Young (Allocation Failure) 279M->6M(989M) 0.804ms
[142.197s][info][gc,cpu         ] GC(296) User=0.00s Sys=0.00s Real=0.00s
[142.242s][info][gc,start       ] GC(297) Pause Young (Allocation Failure)
[142.243s][info][gc,heap        ] GC(297) DefNew: 279862K(314560K)->246K(314560K) Eden: 279616K(279616K)->0K(279616K) From: 246K(34944K)->246K(34944K)
[142.243s][info][gc,heap        ] GC(297) Tenured: 6327K(699072K)->6327K(699072K)
[142.243s][info][gc,metaspace   ] GC(297) Metaspace: 16541K(16896K)->16541K(16896K) NonClass: 14210K(14400K)->14210K(14400K) Class: 2330K(2496K)->2330K(2496K)
[142.243s][info][gc             ] GC(297) Pause Young (Allocation Failure) 279M->6M(989M) 0.792ms
[142.243s][info][gc,cpu         ] GC(297) User=0.00s Sys=0.00s Real=0.00s
[142.289s][info][gc,start       ] GC(298) Pause Young (Allocation Failure)
[142.290s][info][gc,heap        ] GC(298) DefNew: 279862K(314560K)->241K(314560K) Eden: 279616K(279616K)->0K(279616K) From: 246K(34944K)->241K(34944K)
[142.290s][info][gc,heap        ] GC(298) Tenured: 6327K(699072K)->6327K(699072K)
[142.290s][info][gc,metaspace   ] GC(298) Metaspace: 16541K(16896K)->16541K(16896K) NonClass: 14210K(14400K)->14210K(14400K) Class: 2330K(2496K)->2330K(2496K)
[142.290s][info][gc             ] GC(298) Pause Young (Allocation Failure) 279M->6M(989M) 0.983ms
[142.290s][info][gc,cpu         ] GC(298) User=0.00s Sys=0.00s Real=0.02s
[142.338s][info][gc,start       ] GC(299) Pause Young (Allocation Failure)
[142.339s][info][gc,heap        ] GC(299) DefNew: 279857K(314560K)->247K(314560K) Eden: 279616K(279616K)->0K(279616K) From: 241K(34944K)->247K(34944K)
[142.339s][info][gc,heap        ] GC(299) Tenured: 6327K(699072K)->6327K(699072K)
[142.339s][info][gc,metaspace   ] GC(299) Metaspace: 16541K(16896K)->16541K(16896K) NonClass: 14210K(14400K)->14210K(14400K) Class: 2330K(2496K)->2330K(2496K)
[142.339s][info][gc             ] GC(299) Pause Young (Allocation Failure) 279M->6M(989M) 1.071ms
[142.339s][info][gc,cpu         ] GC(299) User=0.00s Sys=0.00s Real=0.01s
[142.384s][info][gc,start       ] GC(300) Pause Young (Allocation Failure)
[142.385s][info][gc,heap        ] GC(300) DefNew: 279863K(314560K)->255K(314560K) Eden: 279616K(279616K)->0K(279616K) From: 247K(34944K)->255K(34944K)
[142.385s][info][gc,heap        ] GC(300) Tenured: 6327K(699072K)->6327K(699072K)
[142.385s][info][gc,metaspace   ] GC(300) Metaspace: 16541K(16896K)->16541K(16896K) NonClass: 14210K(14400K)->14210K(14400K) Class: 2330K(2496K)->2330K(2496K)
[142.385s][info][gc             ] GC(300) Pause Young (Allocation Failure) 279M->6M(989M) 0.850ms
[142.385s][info][gc,cpu         ] GC(300) User=0.00s Sys=0.00s Real=0.00s
[142.429s][info][gc,start       ] GC(301) Pause Young (Allocation Failure)
[142.430s][info][gc,heap        ] GC(301) DefNew: 279871K(314560K)->238K(314560K) Eden: 279616K(279616K)->0K(279616K) From: 255K(34944K)->238K(34944K)
[142.430s][info][gc,heap        ] GC(301) Tenured: 6327K(699072K)->6327K(699072K)
[142.430s][info][gc,metaspace   ] GC(301) Metaspace: 16541K(16896K)->16541K(16896K) NonClass: 14210K(14400K)->14210K(14400K) Class: 2330K(2496K)->2330K(2496K)
[142.430s][info][gc             ] GC(301) Pause Young (Allocation Failure) 279M->6M(989M) 0.790ms
[142.430s][info][gc,cpu         ] GC(301) User=0.00s Sys=0.00s Real=0.00s
[142.473s][info][gc,start       ] GC(302) Pause Young (Allocation Failure)
[142.474s][info][gc,heap        ] GC(302) DefNew: 279854K(314560K)->236K(314560K) Eden: 279616K(279616K)->0K(279616K) From: 238K(34944K)->236K(34944K)
[142.474s][info][gc,heap        ] GC(302) Tenured: 6327K(699072K)->6327K(699072K)
[142.474s][info][gc,metaspace   ] GC(302) Metaspace: 16541K(16896K)->16541K(16896K) NonClass: 14210K(14400K)->14210K(14400K) Class: 2330K(2496K)->2330K(2496K)
[142.474s][info][gc             ] GC(302) Pause Young (Allocation Failure) 279M->6M(989M) 0.842ms
[142.474s][info][gc,cpu         ] GC(302) User=0.00s Sys=0.00s Real=0.00s
[142.518s][info][gc,start       ] GC(303) Pause Young (Allocation Failure)
[142.519s][info][gc,heap        ] GC(303) DefNew: 279852K(314560K)->241K(314560K) Eden: 279616K(279616K)->0K(279616K) From: 236K(34944K)->241K(34944K)
[142.519s][info][gc,heap        ] GC(303) Tenured: 6327K(699072K)->6327K(699072K)
[142.519s][info][gc,metaspace   ] GC(303) Metaspace: 16541K(16896K)->16541K(16896K) NonClass: 14210K(14400K)->14210K(14400K) Class: 2330K(2496K)->2330K(2496K)
[142.519s][info][gc             ] GC(303) Pause Young (Allocation Failure) 279M->6M(989M) 0.796ms
[142.519s][info][gc,cpu         ] GC(303) User=0.00s Sys=0.00s Real=0.00s
[142.564s][info][gc,start       ] GC(304) Pause Young (Allocation Failure)
[142.565s][info][gc,heap        ] GC(304) DefNew: 279857K(314560K)->208K(314560K) Eden: 279616K(279616K)->0K(279616K) From: 241K(34944K)->208K(34944K)
[142.565s][info][gc,heap        ] GC(304) Tenured: 6327K(699072K)->6327K(699072K)
[142.565s][info][gc,metaspace   ] GC(304) Metaspace: 16541K(16896K)->16541K(16896K) NonClass: 14210K(14400K)->14210K(14400K) Class: 2330K(2496K)->2330K(2496K)
[142.565s][info][gc             ] GC(304) Pause Young (Allocation Failure) 279M->6M(989M) 0.746ms
[142.565s][info][gc,cpu         ] GC(304) User=0.00s Sys=0.00s Real=0.00s
[142.644s][info][gc,start       ] GC(305) Pause Young (Allocation Failure)
[142.836s][info][gc,heap        ] GC(305) DefNew: 279824K(314560K)->34944K(314560K) Eden: 279616K(279616K)->0K(279616K) From: 208K(34944K)->34944K(34944K)
[142.836s][info][gc,heap        ] GC(305) Tenured: 6327K(699072K)->48947K(699072K)
[142.836s][info][gc,metaspace   ] GC(305) Metaspace: 16541K(16896K)->16541K(16896K) NonClass: 14210K(14400K)->14210K(14400K) Class: 2330K(2496K)->2330K(2496K)
[142.836s][info][gc             ] GC(305) Pause Young (Allocation Failure) 279M->81M(989M) 191.783ms
[142.836s][info][gc,cpu         ] GC(305) User=0.19s Sys=0.00s Real=0.19s
[143.008s][info][gc,start       ] GC(306) Pause Young (Allocation Failure)
[143.605s][info][gc,heap        ] GC(306) DefNew: 314560K(314560K)->34944K(314560K) Eden: 279616K(279616K)->0K(279616K) From: 34944K(34944K)->34944K(34944K)
[143.605s][info][gc,heap        ] GC(306) Tenured: 48947K(699072K)->233884K(699072K)
[143.605s][info][gc,metaspace   ] GC(306) Metaspace: 16541K(16896K)->16541K(16896K) NonClass: 14210K(14400K)->14210K(14400K) Class: 2330K(2496K)->2330K(2496K)
[143.605s][info][gc             ] GC(306) Pause Young (Allocation Failure) 354M->262M(989M) 597.198ms
[143.605s][info][gc,cpu         ] GC(306) User=0.56s Sys=0.00s Real=0.60s
[143.814s][info][gc,start       ] GC(307) Pause Young (Allocation Failure)
[144.365s][info][gc,heap        ] GC(307) DefNew: 314560K(314560K)->34944K(314560K) Eden: 279616K(279616K)->0K(279616K) From: 34944K(34944K)->34944K(34944K)
[144.365s][info][gc,heap        ] GC(307) Tenured: 233884K(699072K)->408463K(699072K)
[144.365s][info][gc,metaspace   ] GC(307) Metaspace: 16541K(16896K)->16541K(16896K) NonClass: 14210K(14400K)->14210K(14400K) Class: 2330K(2496K)->2330K(2496K)
[144.365s][info][gc             ] GC(307) Pause Young (Allocation Failure) 535M->433M(989M) 550.465ms
[144.365s][info][gc,cpu         ] GC(307) User=0.53s Sys=0.00s Real=0.55s
[146.527s][info][gc,start       ] GC(308) Pause Young (Allocation Failure)
[146.904s][info][gc,heap        ] GC(308) DefNew: 314560K(314560K)->34943K(314560K) Eden: 279616K(279616K)->0K(279616K) From: 34944K(34944K)->34943K(34944K)
[146.904s][info][gc,heap        ] GC(308) Tenured: 408463K(699072K)->495500K(699072K)
[146.904s][info][gc,metaspace   ] GC(308) Metaspace: 16541K(16896K)->16541K(16896K) NonClass: 14210K(14400K)->14210K(14400K) Class: 2330K(2496K)->2330K(2496K)
[146.904s][info][gc             ] GC(308) Pause Young (Allocation Failure) 706M->518M(989M) 376.885ms
[146.904s][info][gc,cpu         ] GC(308) User=0.31s Sys=0.02s Real=0.38s
[147.041s][info][gc,start       ] GC(309) Pause Young (Allocation Failure)
[147.041s][info][gc             ] GC(309) Pause Young (Allocation Failure) 791M->791M(989M) 0.135ms
[147.041s][info][gc,cpu         ] GC(309) User=0.00s Sys=0.00s Real=0.00s
[147.041s][info][gc,start       ] GC(310) Pause Full (Allocation Failure)
[147.042s][info][gc,phases,start] GC(310) Phase 1: Mark live objects
[147.275s][info][gc,phases      ] GC(310) Phase 1: Mark live objects 233.917ms
[147.275s][info][gc,phases,start] GC(310) Phase 2: Compute new object addresses
[147.403s][info][gc,phases      ] GC(310) Phase 2: Compute new object addresses 127.600ms
[147.403s][info][gc,phases,start] GC(310) Phase 3: Adjust pointers
[147.521s][info][gc,phases      ] GC(310) Phase 3: Adjust pointers 117.722ms
[147.521s][info][gc,phases,start] GC(310) Phase 4: Move objects
[147.602s][info][gc,phases      ] GC(310) Phase 4: Move objects 80.920ms
[147.602s][info][gc,heap        ] GC(310) DefNew: 314559K(314560K)->0K(314560K) Eden: 279616K(279616K)->0K(279616K) From: 34943K(34944K)->0K(34944K)
[147.602s][info][gc,heap        ] GC(310) Tenured: 495500K(699072K)->210821K(699072K)
[147.602s][info][gc,metaspace   ] GC(310) Metaspace: 16541K(16896K)->16541K(16896K) NonClass: 14210K(14400K)->14210K(14400K) Class: 2330K(2496K)->2330K(2496K)
[147.602s][info][gc             ] GC(310) Pause Full (Allocation Failure) 791M->205M(989M) 560.603ms
[147.602s][info][gc,cpu         ] GC(310) User=0.55s Sys=0.00s Real=0.56s
[147.743s][info][gc,start       ] GC(311) Pause Young (Allocation Failure)
[148.029s][info][gc,heap        ] GC(311) DefNew: 279616K(314560K)->34944K(314560K) Eden: 279616K(279616K)->0K(279616K) From: 0K(34944K)->34944K(34944K)
[148.029s][info][gc,heap        ] GC(311) Tenured: 210821K(699072K)->293507K(699072K)
[148.029s][info][gc,metaspace   ] GC(311) Metaspace: 16541K(16896K)->16541K(16896K) NonClass: 14210K(14400K)->14210K(14400K) Class: 2330K(2496K)->2330K(2496K)
[148.029s][info][gc             ] GC(311) Pause Young (Allocation Failure) 478M->320M(989M) 286.259ms
[148.029s][info][gc,cpu         ] GC(311) User=0.22s Sys=0.02s Real=0.28s
[148.189s][info][gc,start       ] GC(312) Pause Young (Allocation Failure)
[148.651s][info][gc,heap        ] GC(312) DefNew: 314560K(314560K)->34944K(314560K) Eden: 279616K(279616K)->0K(279616K) From: 34944K(34944K)->34944K(34944K)
[148.651s][info][gc,heap        ] GC(312) Tenured: 293507K(699072K)->420949K(699072K)
[148.651s][info][gc,metaspace   ] GC(312) Metaspace: 16541K(16896K)->16541K(16896K) NonClass: 14210K(14400K)->14210K(14400K) Class: 2330K(2496K)->2330K(2496K)
[148.651s][info][gc             ] GC(312) Pause Young (Allocation Failure) 593M->445M(989M) 462.579ms
[148.651s][info][gc,cpu         ] GC(312) User=0.47s Sys=0.00s Real=0.47s
[149.111s][info][gc,start       ] GC(313) Pause Young (Allocation Failure)
[149.321s][info][gc,heap        ] GC(313) DefNew: 314560K(314560K)->27361K(314560K) Eden: 279616K(279616K)->0K(279616K) From: 34944K(34944K)->27361K(34944K)
[149.321s][info][gc,heap        ] GC(313) Tenured: 420949K(699072K)->445945K(699072K)
[149.321s][info][gc,metaspace   ] GC(313) Metaspace: 16541K(16896K)->16541K(16896K) NonClass: 14210K(14400K)->14210K(14400K) Class: 2330K(2496K)->2330K(2496K)
[149.321s][info][gc             ] GC(313) Pause Young (Allocation Failure) 718M->462M(989M) 209.464ms
[149.321s][info][gc,cpu         ] GC(313) User=0.20s Sys=0.00s Real=0.20s
[149.685s][info][gc,start       ] GC(314) Pause Young (Allocation Failure)
[149.719s][info][gc,heap        ] GC(314) DefNew: 306977K(314560K)->196K(314560K) Eden: 279616K(279616K)->0K(279616K) From: 27361K(34944K)->196K(34944K)
[149.719s][info][gc,heap        ] GC(314) Tenured: 445945K(699072K)->448839K(699072K)
[149.719s][info][gc,metaspace   ] GC(314) Metaspace: 16541K(16896K)->16541K(16896K) NonClass: 14210K(14400K)->14210K(14400K) Class: 2330K(2496K)->2330K(2496K)
[149.719s][info][gc             ] GC(314) Pause Young (Allocation Failure) 735M->438M(989M) 34.242ms
[149.719s][info][gc,cpu         ] GC(314) User=0.03s Sys=0.00s Real=0.03s
[150.386s][info][gc,start       ] GC(315) Pause Full (System.gc())
[150.386s][info][gc,phases,start] GC(315) Phase 1: Mark live objects
[150.393s][info][gc,phases      ] GC(315) Phase 1: Mark live objects 6.827ms
[150.393s][info][gc,phases,start] GC(315) Phase 2: Compute new object addresses
[150.474s][info][gc,phases      ] GC(315) Phase 2: Compute new object addresses 80.814ms
[150.474s][info][gc,phases,start] GC(315) Phase 3: Adjust pointers
[150.478s][info][gc,phases      ] GC(315) Phase 3: Adjust pointers 3.986ms
[150.478s][info][gc,phases,start] GC(315) Phase 4: Move objects
[150.478s][info][gc,phases      ] GC(315) Phase 4: Move objects 0.009ms
[150.478s][info][gc,heap        ] GC(315) DefNew: 95267K(314560K)->0K(314560K) Eden: 95070K(279616K)->0K(279616K) From: 196K(34944K)->0K(34944K)
[150.478s][info][gc,heap        ] GC(315) Tenured: 448839K(699072K)->6328K(699072K)
[150.478s][info][gc,metaspace   ] GC(315) Metaspace: 16542K(16896K)->16542K(16896K) NonClass: 14212K(14400K)->14212K(14400K) Class: 2330K(2496K)->2330K(2496K)
[150.478s][info][gc             ] GC(315) Pause Full (System.gc()) 531M->6M(989M) 91.970ms
[150.478s][info][gc,cpu         ] GC(315) User=0.08s Sys=0.00s Real=0.08s
[151.757s][info][gc,start       ] GC(316) Pause Young (Allocation Failure)
[151.758s][info][gc,heap        ] GC(316) DefNew: 279616K(314560K)->238K(314560K) Eden: 279616K(279616K)->0K(279616K) From: 0K(34944K)->238K(34944K)
[151.759s][info][gc,heap        ] GC(316) Tenured: 6328K(699072K)->6328K(699072K)
[151.759s][info][gc,metaspace   ] GC(316) Metaspace: 16542K(16896K)->16542K(16896K) NonClass: 14212K(14400K)->14212K(14400K) Class: 2330K(2496K)->2330K(2496K)
[151.759s][info][gc             ] GC(316) Pause Young (Allocation Failure) 279M->6M(989M) 1.153ms
[151.759s][info][gc,cpu         ] GC(316) User=0.00s Sys=0.00s Real=0.00s
[151.804s][info][gc,start       ] GC(317) Pause Young (Allocation Failure)
[151.805s][info][gc,heap        ] GC(317) DefNew: 279854K(314560K)->254K(314560K) Eden: 279616K(279616K)->0K(279616K) From: 238K(34944K)->254K(34944K)
[151.805s][info][gc,heap        ] GC(317) Tenured: 6328K(699072K)->6328K(699072K)
[151.805s][info][gc,metaspace   ] GC(317) Metaspace: 16542K(16896K)->16542K(16896K) NonClass: 14212K(14400K)->14212K(14400K) Class: 2330K(2496K)->2330K(2496K)
[151.805s][info][gc             ] GC(317) Pause Young (Allocation Failure) 279M->6M(989M) 0.890ms
[151.805s][info][gc,cpu         ] GC(317) User=0.00s Sys=0.00s Real=0.00s
[151.850s][info][gc,start       ] GC(318) Pause Young (Allocation Failure)
[151.851s][info][gc,heap        ] GC(318) DefNew: 279870K(314560K)->254K(314560K) Eden: 279616K(279616K)->0K(279616K) From: 254K(34944K)->254K(34944K)
[151.851s][info][gc,heap        ] GC(318) Tenured: 6328K(699072K)->6328K(699072K)
[151.851s][info][gc,metaspace   ] GC(318) Metaspace: 16542K(16896K)->16542K(16896K) NonClass: 14212K(14400K)->14212K(14400K) Class: 2330K(2496K)->2330K(2496K)
[151.851s][info][gc             ] GC(318) Pause Young (Allocation Failure) 279M->6M(989M) 0.871ms
[151.851s][info][gc,cpu         ] GC(318) User=0.00s Sys=0.00s Real=0.00s
[151.895s][info][gc,start       ] GC(319) Pause Young (Allocation Failure)
[151.895s][info][gc,heap        ] GC(319) DefNew: 279870K(314560K)->258K(314560K) Eden: 279616K(279616K)->0K(279616K) From: 254K(34944K)->258K(34944K)
[151.896s][info][gc,heap        ] GC(319) Tenured: 6328K(699072K)->6328K(699072K)
[151.896s][info][gc,metaspace   ] GC(319) Metaspace: 16542K(16896K)->16542K(16896K) NonClass: 14212K(14400K)->14212K(14400K) Class: 2330K(2496K)->2330K(2496K)
[151.896s][info][gc             ] GC(319) Pause Young (Allocation Failure) 279M->6M(989M) 0.834ms
[151.896s][info][gc,cpu         ] GC(319) User=0.00s Sys=0.00s Real=0.00s
[151.939s][info][gc,start       ] GC(320) Pause Young (Allocation Failure)
[151.940s][info][gc,heap        ] GC(320) DefNew: 279874K(314560K)->258K(314560K) Eden: 279616K(279616K)->0K(279616K) From: 258K(34944K)->258K(34944K)
[151.940s][info][gc,heap        ] GC(320) Tenured: 6328K(699072K)->6328K(699072K)
[151.940s][info][gc,metaspace   ] GC(320) Metaspace: 16542K(16896K)->16542K(16896K) NonClass: 14212K(14400K)->14212K(14400K) Class: 2330K(2496K)->2330K(2496K)
[151.940s][info][gc             ] GC(320) Pause Young (Allocation Failure) 279M->6M(989M) 0.830ms
[151.940s][info][gc,cpu         ] GC(320) User=0.00s Sys=0.00s Real=0.00s
[151.985s][info][gc,start       ] GC(321) Pause Young (Allocation Failure)
[151.986s][info][gc,heap        ] GC(321) DefNew: 279874K(314560K)->241K(314560K) Eden: 279616K(279616K)->0K(279616K) From: 258K(34944K)->241K(34944K)
[151.986s][info][gc,heap        ] GC(321) Tenured: 6328K(699072K)->6328K(699072K)
[151.986s][info][gc,metaspace   ] GC(321) Metaspace: 16542K(16896K)->16542K(16896K) NonClass: 14212K(14400K)->14212K(14400K) Class: 2330K(2496K)->2330K(2496K)
[151.986s][info][gc             ] GC(321) Pause Young (Allocation Failure) 279M->6M(989M) 0.989ms
[151.986s][info][gc,cpu         ] GC(321) User=0.00s Sys=0.00s Real=0.00s
[152.030s][info][gc,start       ] GC(322) Pause Young (Allocation Failure)
[152.031s][info][gc,heap        ] GC(322) DefNew: 279857K(314560K)->249K(314560K) Eden: 279616K(279616K)->0K(279616K) From: 241K(34944K)->249K(34944K)
[152.031s][info][gc,heap        ] GC(322) Tenured: 6328K(699072K)->6328K(699072K)
[152.031s][info][gc,metaspace   ] GC(322) Metaspace: 16542K(16896K)->16542K(16896K) NonClass: 14212K(14400K)->14212K(14400K) Class: 2330K(2496K)->2330K(2496K)
[152.031s][info][gc             ] GC(322) Pause Young (Allocation Failure) 279M->6M(989M) 0.929ms
[152.031s][info][gc,cpu         ] GC(322) User=0.00s Sys=0.00s Real=0.00s
[152.076s][info][gc,start       ] GC(323) Pause Young (Allocation Failure)
[152.076s][info][gc,heap        ] GC(323) DefNew: 279865K(314560K)->243K(314560K) Eden: 279616K(279616K)->0K(279616K) From: 249K(34944K)->243K(34944K)
[152.076s][info][gc,heap        ] GC(323) Tenured: 6328K(699072K)->6328K(699072K)
[152.076s][info][gc,metaspace   ] GC(323) Metaspace: 16542K(16896K)->16542K(16896K) NonClass: 14212K(14400K)->14212K(14400K) Class: 2330K(2496K)->2330K(2496K)
[152.076s][info][gc             ] GC(323) Pause Young (Allocation Failure) 279M->6M(989M) 0.789ms
[152.076s][info][gc,cpu         ] GC(323) User=0.00s Sys=0.00s Real=0.00s
[152.120s][info][gc,start       ] GC(324) Pause Young (Allocation Failure)
[152.121s][info][gc,heap        ] GC(324) DefNew: 279859K(314560K)->237K(314560K) Eden: 279616K(279616K)->0K(279616K) From: 243K(34944K)->237K(34944K)
[152.121s][info][gc,heap        ] GC(324) Tenured: 6328K(699072K)->6328K(699072K)
[152.121s][info][gc,metaspace   ] GC(324) Metaspace: 16542K(16896K)->16542K(16896K) NonClass: 14212K(14400K)->14212K(14400K) Class: 2330K(2496K)->2330K(2496K)
[152.121s][info][gc             ] GC(324) Pause Young (Allocation Failure) 279M->6M(989M) 0.840ms
[152.121s][info][gc,cpu         ] GC(324) User=0.00s Sys=0.00s Real=0.00s
[152.166s][info][gc,start       ] GC(325) Pause Young (Allocation Failure)
[152.167s][info][gc,heap        ] GC(325) DefNew: 279853K(314560K)->204K(314560K) Eden: 279616K(279616K)->0K(279616K) From: 237K(34944K)->204K(34944K)
[152.167s][info][gc,heap        ] GC(325) Tenured: 6328K(699072K)->6328K(699072K)
[152.167s][info][gc,metaspace   ] GC(325) Metaspace: 16542K(16896K)->16542K(16896K) NonClass: 14212K(14400K)->14212K(14400K) Class: 2330K(2496K)->2330K(2496K)
[152.167s][info][gc             ] GC(325) Pause Young (Allocation Failure) 279M->6M(989M) 0.735ms
[152.167s][info][gc,cpu         ] GC(325) User=0.00s Sys=0.00s Real=0.00s
[152.250s][info][gc,start       ] GC(326) Pause Young (Allocation Failure)
[152.445s][info][gc,heap        ] GC(326) DefNew: 279820K(314560K)->34943K(314560K) Eden: 279616K(279616K)->0K(279616K) From: 204K(34944K)->34943K(34944K)
[152.445s][info][gc,heap        ] GC(326) Tenured: 6328K(699072K)->49179K(699072K)
[152.445s][info][gc,metaspace   ] GC(326) Metaspace: 16543K(16896K)->16543K(16896K) NonClass: 14213K(14400K)->14213K(14400K) Class: 2330K(2496K)->2330K(2496K)
[152.445s][info][gc             ] GC(326) Pause Young (Allocation Failure) 279M->82M(989M) 194.507ms
[152.445s][info][gc,cpu         ] GC(326) User=0.19s Sys=0.00s Real=0.19s
[152.617s][info][gc,start       ] GC(327) Pause Young (Allocation Failure)
[153.209s][info][gc,heap        ] GC(327) DefNew: 314559K(314560K)->34944K(314560K) Eden: 279616K(279616K)->0K(279616K) From: 34943K(34944K)->34944K(34944K)
[153.209s][info][gc,heap        ] GC(327) Tenured: 49179K(699072K)->233735K(699072K)
[153.209s][info][gc,metaspace   ] GC(327) Metaspace: 16543K(16896K)->16543K(16896K) NonClass: 14213K(14400K)->14213K(14400K) Class: 2330K(2496K)->2330K(2496K)
[153.209s][info][gc             ] GC(327) Pause Young (Allocation Failure) 355M->262M(989M) 592.168ms
[153.209s][info][gc,cpu         ] GC(327) User=0.58s Sys=0.00s Real=0.60s
[153.426s][info][gc,start       ] GC(328) Pause Young (Allocation Failure)
[153.973s][info][gc,heap        ] GC(328) DefNew: 314560K(314560K)->34944K(314560K) Eden: 279616K(279616K)->0K(279616K) From: 34944K(34944K)->34944K(34944K)
[153.973s][info][gc,heap        ] GC(328) Tenured: 233735K(699072K)->408275K(699072K)
[153.973s][info][gc,metaspace   ] GC(328) Metaspace: 16543K(16896K)->16543K(16896K) NonClass: 14213K(14400K)->14213K(14400K) Class: 2330K(2496K)->2330K(2496K)
[153.973s][info][gc             ] GC(328) Pause Young (Allocation Failure) 535M->432M(989M) 547.490ms
[153.973s][info][gc,cpu         ] GC(328) User=0.56s Sys=0.00s Real=0.55s
[156.060s][info][gc,start       ] GC(329) Pause Young (Allocation Failure)
[156.439s][info][gc,heap        ] GC(329) DefNew: 314560K(314560K)->34943K(314560K) Eden: 279616K(279616K)->0K(279616K) From: 34944K(34944K)->34943K(34944K)
[156.439s][info][gc,heap        ] GC(329) Tenured: 408275K(699072K)->495464K(699072K)
[156.439s][info][gc,metaspace   ] GC(329) Metaspace: 16543K(16896K)->16543K(16896K) NonClass: 14213K(14400K)->14213K(14400K) Class: 2330K(2496K)->2330K(2496K)
[156.439s][info][gc             ] GC(329) Pause Young (Allocation Failure) 705M->517M(989M) 378.804ms
[156.439s][info][gc,cpu         ] GC(329) User=0.34s Sys=0.00s Real=0.38s
[156.577s][info][gc,start       ] GC(330) Pause Young (Allocation Failure)
[156.577s][info][gc             ] GC(330) Pause Young (Allocation Failure) 791M->791M(989M) 0.117ms
[156.577s][info][gc,cpu         ] GC(330) User=0.00s Sys=0.00s Real=0.00s
[156.577s][info][gc,start       ] GC(331) Pause Full (Allocation Failure)
[156.577s][info][gc,phases,start] GC(331) Phase 1: Mark live objects
[156.810s][info][gc,phases      ] GC(331) Phase 1: Mark live objects 233.457ms
[156.810s][info][gc,phases,start] GC(331) Phase 2: Compute new object addresses
[156.937s][info][gc,phases      ] GC(331) Phase 2: Compute new object addresses 126.550ms
[156.937s][info][gc,phases,start] GC(331) Phase 3: Adjust pointers
[157.055s][info][gc,phases      ] GC(331) Phase 3: Adjust pointers 117.581ms
[157.055s][info][gc,phases,start] GC(331) Phase 4: Move objects
[157.136s][info][gc,phases      ] GC(331) Phase 4: Move objects 80.960ms
[157.136s][info][gc,heap        ] GC(331) DefNew: 314559K(314560K)->0K(314560K) Eden: 279616K(279616K)->0K(279616K) From: 34943K(34944K)->0K(34944K)
[157.136s][info][gc,heap        ] GC(331) Tenured: 495464K(699072K)->211040K(699072K)
[157.136s][info][gc,metaspace   ] GC(331) Metaspace: 16543K(16896K)->16543K(16896K) NonClass: 14213K(14400K)->14213K(14400K) Class: 2330K(2496K)->2330K(2496K)
[157.136s][info][gc             ] GC(331) Pause Full (Allocation Failure) 791M->206M(989M) 558.975ms
[157.136s][info][gc,cpu         ] GC(331) User=0.53s Sys=0.00s Real=0.55s
[157.279s][info][gc,start       ] GC(332) Pause Young (Allocation Failure)
[157.564s][info][gc,heap        ] GC(332) DefNew: 279616K(314560K)->34943K(314560K) Eden: 279616K(279616K)->0K(279616K) From: 0K(34944K)->34943K(34944K)
[157.564s][info][gc,heap        ] GC(332) Tenured: 211040K(699072K)->293725K(699072K)
[157.564s][info][gc,metaspace   ] GC(332) Metaspace: 16543K(16896K)->16543K(16896K) NonClass: 14213K(14400K)->14213K(14400K) Class: 2330K(2496K)->2330K(2496K)
[157.564s][info][gc             ] GC(332) Pause Young (Allocation Failure) 479M->320M(989M) 285.043ms
[157.564s][info][gc,cpu         ] GC(332) User=0.27s Sys=0.00s Real=0.29s
[157.724s][info][gc,start       ] GC(333) Pause Young (Allocation Failure)
[158.187s][info][gc,heap        ] GC(333) DefNew: 314559K(314560K)->34944K(314560K) Eden: 279616K(279616K)->0K(279616K) From: 34943K(34944K)->34944K(34944K)
[158.187s][info][gc,heap        ] GC(333) Tenured: 293725K(699072K)->421322K(699072K)
[158.187s][info][gc,metaspace   ] GC(333) Metaspace: 16543K(16896K)->16543K(16896K) NonClass: 14213K(14400K)->14213K(14400K) Class: 2330K(2496K)->2330K(2496K)
[158.187s][info][gc             ] GC(333) Pause Young (Allocation Failure) 594M->445M(989M) 463.089ms
[158.187s][info][gc,cpu         ] GC(333) User=0.42s Sys=0.00s Real=0.45s
[158.649s][info][gc,start       ] GC(334) Pause Young (Allocation Failure)
[158.856s][info][gc,heap        ] GC(334) DefNew: 314560K(314560K)->26987K(314560K) Eden: 279616K(279616K)->0K(279616K) From: 34944K(34944K)->26987K(34944K)
[158.856s][info][gc,heap        ] GC(334) Tenured: 421322K(699072K)->446295K(699072K)
[158.856s][info][gc,metaspace   ] GC(334) Metaspace: 16543K(16896K)->16543K(16896K) NonClass: 14213K(14400K)->14213K(14400K) Class: 2330K(2496K)->2330K(2496K)
[158.856s][info][gc             ] GC(334) Pause Young (Allocation Failure) 718M->462M(989M) 206.967ms
[158.856s][info][gc,cpu         ] GC(334) User=0.19s Sys=0.00s Real=0.20s
[159.220s][info][gc,start       ] GC(335) Pause Young (Allocation Failure)
[159.252s][info][gc,heap        ] GC(335) DefNew: 306603K(314560K)->181K(314560K) Eden: 279616K(279616K)->0K(279616K) From: 26987K(34944K)->181K(34944K)
[159.252s][info][gc,heap        ] GC(335) Tenured: 446295K(699072K)->449135K(699072K)
[159.252s][info][gc,metaspace   ] GC(335) Metaspace: 16543K(16896K)->16543K(16896K) NonClass: 14213K(14400K)->14213K(14400K) Class: 2330K(2496K)->2330K(2496K)
[159.252s][info][gc             ] GC(335) Pause Young (Allocation Failure) 735M->438M(989M) 32.170ms
[159.252s][info][gc,cpu         ] GC(335) User=0.03s Sys=0.00s Real=0.03s
[159.923s][info][gc,start       ] GC(336) Pause Full (System.gc())
[159.923s][info][gc,phases,start] GC(336) Phase 1: Mark live objects
[159.930s][info][gc,phases      ] GC(336) Phase 1: Mark live objects 6.807ms
[159.930s][info][gc,phases,start] GC(336) Phase 2: Compute new object addresses
[160.011s][info][gc,phases      ] GC(336) Phase 2: Compute new object addresses 81.026ms
[160.011s][info][gc,phases,start] GC(336) Phase 3: Adjust pointers
[160.015s][info][gc,phases      ] GC(336) Phase 3: Adjust pointers 4.033ms
[160.015s][info][gc,phases,start] GC(336) Phase 4: Move objects
[160.015s][info][gc,phases      ] GC(336) Phase 4: Move objects 0.009ms
[160.015s][info][gc,heap        ] GC(336) DefNew: 94932K(314560K)->0K(314560K) Eden: 94751K(279616K)->0K(279616K) From: 181K(34944K)->0K(34944K)
[160.015s][info][gc,heap        ] GC(336) Tenured: 449135K(699072K)->6327K(699072K)
[160.015s][info][gc,metaspace   ] GC(336) Metaspace: 16543K(16896K)->16543K(16896K) NonClass: 14213K(14400K)->14213K(14400K) Class: 2330K(2496K)->2330K(2496K)
[160.015s][info][gc             ] GC(336) Pause Full (System.gc()) 531M->6M(989M) 92.208ms
[160.015s][info][gc,cpu         ] GC(336) User=0.08s Sys=0.00s Real=0.10s
[161.289s][info][gc,start       ] GC(337) Pause Young (Allocation Failure)
[161.290s][info][gc,heap        ] GC(337) DefNew: 279616K(314560K)->226K(314560K) Eden: 279616K(279616K)->0K(279616K) From: 0K(34944K)->226K(34944K)
[161.290s][info][gc,heap        ] GC(337) Tenured: 6327K(699072K)->6327K(699072K)
[161.290s][info][gc,metaspace   ] GC(337) Metaspace: 16543K(16896K)->16543K(16896K) NonClass: 14213K(14400K)->14213K(14400K) Class: 2330K(2496K)->2330K(2496K)
[161.290s][info][gc             ] GC(337) Pause Young (Allocation Failure) 279M->6M(989M) 1.166ms
[161.290s][info][gc,cpu         ] GC(337) User=0.00s Sys=0.00s Real=0.00s
[161.338s][info][gc,start       ] GC(338) Pause Young (Allocation Failure)
[161.339s][info][gc,heap        ] GC(338) DefNew: 279842K(314560K)->255K(314560K) Eden: 279616K(279616K)->0K(279616K) From: 226K(34944K)->255K(34944K)
[161.339s][info][gc,heap        ] GC(338) Tenured: 6327K(699072K)->6327K(699072K)
[161.339s][info][gc,metaspace   ] GC(338) Metaspace: 16543K(16896K)->16543K(16896K) NonClass: 14213K(14400K)->14213K(14400K) Class: 2330K(2496K)->2330K(2496K)
[161.339s][info][gc             ] GC(338) Pause Young (Allocation Failure) 279M->6M(989M) 1.030ms
[161.339s][info][gc,cpu         ] GC(338) User=0.00s Sys=0.00s Real=0.00s
[161.384s][info][gc,start       ] GC(339) Pause Young (Allocation Failure)
[161.385s][info][gc,heap        ] GC(339) DefNew: 279871K(314560K)->239K(314560K) Eden: 279616K(279616K)->0K(279616K) From: 255K(34944K)->239K(34944K)
[161.385s][info][gc,heap        ] GC(339) Tenured: 6327K(699072K)->6327K(699072K)
[161.385s][info][gc,metaspace   ] GC(339) Metaspace: 16543K(16896K)->16543K(16896K) NonClass: 14213K(14400K)->14213K(14400K) Class: 2330K(2496K)->2330K(2496K)
[161.385s][info][gc             ] GC(339) Pause Young (Allocation Failure) 279M->6M(989M) 0.835ms
[161.385s][info][gc,cpu         ] GC(339) User=0.00s Sys=0.00s Real=0.00s
[161.429s][info][gc,start       ] GC(340) Pause Young (Allocation Failure)
[161.430s][info][gc,heap        ] GC(340) DefNew: 279855K(314560K)->254K(314560K) Eden: 279616K(279616K)->0K(279616K) From: 239K(34944K)->254K(34944K)
[161.430s][info][gc,heap        ] GC(340) Tenured: 6327K(699072K)->6327K(699072K)
[161.430s][info][gc,metaspace   ] GC(340) Metaspace: 16543K(16896K)->16543K(16896K) NonClass: 14213K(14400K)->14213K(14400K) Class: 2330K(2496K)->2330K(2496K)
[161.430s][info][gc             ] GC(340) Pause Young (Allocation Failure) 279M->6M(989M) 0.945ms
[161.430s][info][gc,cpu         ] GC(340) User=0.00s Sys=0.00s Real=0.00s
[161.476s][info][gc,start       ] GC(341) Pause Young (Allocation Failure)
[161.477s][info][gc,heap        ] GC(341) DefNew: 279870K(314560K)->259K(314560K) Eden: 279616K(279616K)->0K(279616K) From: 254K(34944K)->259K(34944K)
[161.477s][info][gc,heap        ] GC(341) Tenured: 6327K(699072K)->6327K(699072K)
[161.477s][info][gc,metaspace   ] GC(341) Metaspace: 16543K(16896K)->16543K(16896K) NonClass: 14213K(14400K)->14213K(14400K) Class: 2330K(2496K)->2330K(2496K)
[161.477s][info][gc             ] GC(341) Pause Young (Allocation Failure) 279M->6M(989M) 0.825ms
[161.477s][info][gc,cpu         ] GC(341) User=0.00s Sys=0.00s Real=0.00s
[161.521s][info][gc,start       ] GC(342) Pause Young (Allocation Failure)
[161.522s][info][gc,heap        ] GC(342) DefNew: 279875K(314560K)->241K(314560K) Eden: 279616K(279616K)->0K(279616K) From: 259K(34944K)->241K(34944K)
[161.522s][info][gc,heap        ] GC(342) Tenured: 6327K(699072K)->6327K(699072K)
[161.522s][info][gc,metaspace   ] GC(342) Metaspace: 16543K(16896K)->16543K(16896K) NonClass: 14213K(14400K)->14213K(14400K) Class: 2330K(2496K)->2330K(2496K)
[161.522s][info][gc             ] GC(342) Pause Young (Allocation Failure) 279M->6M(989M) 0.876ms
[161.522s][info][gc,cpu         ] GC(342) User=0.00s Sys=0.00s Real=0.00s
[161.567s][info][gc,start       ] GC(343) Pause Young (Allocation Failure)
[161.568s][info][gc,heap        ] GC(343) DefNew: 279857K(314560K)->246K(314560K) Eden: 279616K(279616K)->0K(279616K) From: 241K(34944K)->246K(34944K)
[161.568s][info][gc,heap        ] GC(343) Tenured: 6327K(699072K)->6327K(699072K)
[161.568s][info][gc,metaspace   ] GC(343) Metaspace: 16543K(16896K)->16543K(16896K) NonClass: 14213K(14400K)->14213K(14400K) Class: 2330K(2496K)->2330K(2496K)
[161.568s][info][gc             ] GC(343) Pause Young (Allocation Failure) 279M->6M(989M) 0.860ms
[161.568s][info][gc,cpu         ] GC(343) User=0.00s Sys=0.00s Real=0.00s
[161.613s][info][gc,start       ] GC(344) Pause Young (Allocation Failure)
[161.613s][info][gc,heap        ] GC(344) DefNew: 279862K(314560K)->252K(314560K) Eden: 279616K(279616K)->0K(279616K) From: 246K(34944K)->252K(34944K)
[161.613s][info][gc,heap        ] GC(344) Tenured: 6327K(699072K)->6327K(699072K)
[161.613s][info][gc,metaspace   ] GC(344) Metaspace: 16543K(16896K)->16543K(16896K) NonClass: 14213K(14400K)->14213K(14400K) Class: 2330K(2496K)->2330K(2496K)
[161.613s][info][gc             ] GC(344) Pause Young (Allocation Failure) 279M->6M(989M) 0.885ms
[161.613s][info][gc,cpu         ] GC(344) User=0.00s Sys=0.00s Real=0.00s
[161.658s][info][gc,start       ] GC(345) Pause Young (Allocation Failure)
[161.658s][info][gc,heap        ] GC(345) DefNew: 279868K(314560K)->257K(314560K) Eden: 279616K(279616K)->0K(279616K) From: 252K(34944K)->257K(34944K)
[161.658s][info][gc,heap        ] GC(345) Tenured: 6327K(699072K)->6327K(699072K)
[161.658s][info][gc,metaspace   ] GC(345) Metaspace: 16543K(16896K)->16543K(16896K) NonClass: 14213K(14400K)->14213K(14400K) Class: 2330K(2496K)->2330K(2496K)
[161.659s][info][gc             ] GC(345) Pause Young (Allocation Failure) 279M->6M(989M) 0.891ms
[161.659s][info][gc,cpu         ] GC(345) User=0.00s Sys=0.00s Real=0.00s
[161.703s][info][gc,start       ] GC(346) Pause Young (Allocation Failure)
[161.704s][info][gc,heap        ] GC(346) DefNew: 279873K(314560K)->222K(314560K) Eden: 279616K(279616K)->0K(279616K) From: 257K(34944K)->222K(34944K)
[161.704s][info][gc,heap        ] GC(346) Tenured: 6327K(699072K)->6327K(699072K)
[161.704s][info][gc,metaspace   ] GC(346) Metaspace: 16543K(16896K)->16543K(16896K) NonClass: 14213K(14400K)->14213K(14400K) Class: 2330K(2496K)->2330K(2496K)
[161.704s][info][gc             ] GC(346) Pause Young (Allocation Failure) 279M->6M(989M) 0.786ms
[161.704s][info][gc,cpu         ] GC(346) User=0.00s Sys=0.00s Real=0.00s
[161.789s][info][gc,start       ] GC(347) Pause Young (Allocation Failure)
[161.979s][info][gc,heap        ] GC(347) DefNew: 279838K(314560K)->34943K(314560K) Eden: 279616K(279616K)->0K(279616K) From: 222K(34944K)->34943K(34944K)
[161.979s][info][gc,heap        ] GC(347) Tenured: 6327K(699072K)->48115K(699072K)
[161.979s][info][gc,metaspace   ] GC(347) Metaspace: 16543K(16896K)->16543K(16896K) NonClass: 14213K(14400K)->14213K(14400K) Class: 2330K(2496K)->2330K(2496K)
[161.979s][info][gc             ] GC(347) Pause Young (Allocation Failure) 279M->81M(989M) 189.224ms
[161.979s][info][gc,cpu         ] GC(347) User=0.17s Sys=0.00s Real=0.19s
[162.149s][info][gc,start       ] GC(348) Pause Young (Allocation Failure)
[162.743s][info][gc,heap        ] GC(348) DefNew: 314559K(314560K)->34943K(314560K) Eden: 279616K(279616K)->0K(279616K) From: 34943K(34944K)->34943K(34944K)
[162.743s][info][gc,heap        ] GC(348) Tenured: 48115K(699072K)->232430K(699072K)
[162.743s][info][gc,metaspace   ] GC(348) Metaspace: 16543K(16896K)->16543K(16896K) NonClass: 14213K(14400K)->14213K(14400K) Class: 2330K(2496K)->2330K(2496K)
[162.743s][info][gc             ] GC(348) Pause Young (Allocation Failure) 354M->261M(989M) 593.879ms
[162.743s][info][gc,cpu         ] GC(348) User=0.58s Sys=0.00s Real=0.60s
[162.943s][info][gc,start       ] GC(349) Pause Young (Allocation Failure)
[163.493s][info][gc,heap        ] GC(349) DefNew: 314559K(314560K)->34944K(314560K) Eden: 279616K(279616K)->0K(279616K) From: 34943K(34944K)->34944K(34944K)
[163.493s][info][gc,heap        ] GC(349) Tenured: 232430K(699072K)->408620K(699072K)
[163.493s][info][gc,metaspace   ] GC(349) Metaspace: 16543K(16896K)->16543K(16896K) NonClass: 14213K(14400K)->14213K(14400K) Class: 2330K(2496K)->2330K(2496K)
[163.493s][info][gc             ] GC(349) Pause Young (Allocation Failure) 534M->433M(989M) 550.134ms
[163.493s][info][gc,cpu         ] GC(349) User=0.56s Sys=0.00s Real=0.55s
[165.706s][info][gc,start       ] GC(350) Pause Young (Allocation Failure)
[166.081s][info][gc,heap        ] GC(350) DefNew: 314560K(314560K)->34944K(314560K) Eden: 279616K(279616K)->0K(279616K) From: 34944K(34944K)->34944K(34944K)
[166.081s][info][gc,heap        ] GC(350) Tenured: 408620K(699072K)->494955K(699072K)
[166.081s][info][gc,metaspace   ] GC(350) Metaspace: 16543K(16896K)->16543K(16896K) NonClass: 14213K(14400K)->14213K(14400K) Class: 2330K(2496K)->2330K(2496K)
[166.081s][info][gc             ] GC(350) Pause Young (Allocation Failure) 706M->517M(989M) 375.552ms
[166.081s][info][gc,cpu         ] GC(350) User=0.28s Sys=0.00s Real=0.38s
[166.218s][info][gc,start       ] GC(351) Pause Young (Allocation Failure)
[166.218s][info][gc             ] GC(351) Pause Young (Allocation Failure) 790M->790M(989M) 0.120ms
[166.218s][info][gc,cpu         ] GC(351) User=0.00s Sys=0.00s Real=0.00s
[166.218s][info][gc,start       ] GC(352) Pause Full (Allocation Failure)
[166.218s][info][gc,phases,start] GC(352) Phase 1: Mark live objects
[166.452s][info][gc,phases      ] GC(352) Phase 1: Mark live objects 233.974ms
[166.452s][info][gc,phases,start] GC(352) Phase 2: Compute new object addresses
[166.579s][info][gc,phases      ] GC(352) Phase 2: Compute new object addresses 126.884ms
[166.579s][info][gc,phases,start] GC(352) Phase 3: Adjust pointers
[166.696s][info][gc,phases      ] GC(352) Phase 3: Adjust pointers 116.970ms
[166.696s][info][gc,phases,start] GC(352) Phase 4: Move objects
[166.777s][info][gc,phases      ] GC(352) Phase 4: Move objects 80.725ms
[166.777s][info][gc,heap        ] GC(352) DefNew: 314560K(314560K)->0K(314560K) Eden: 279616K(279616K)->0K(279616K) From: 34944K(34944K)->0K(34944K)
[166.777s][info][gc,heap        ] GC(352) Tenured: 494955K(699072K)->210000K(699072K)
[166.777s][info][gc,metaspace   ] GC(352) Metaspace: 16543K(16896K)->16543K(16896K) NonClass: 14213K(14400K)->14213K(14400K) Class: 2330K(2496K)->2330K(2496K)
[166.777s][info][gc             ] GC(352) Pause Full (Allocation Failure) 790M->205M(989M) 558.981ms
[166.777s][info][gc,cpu         ] GC(352) User=0.55s Sys=0.00s Real=0.57s
[166.918s][info][gc,start       ] GC(353) Pause Young (Allocation Failure)
[167.202s][info][gc,heap        ] GC(353) DefNew: 279616K(314560K)->34944K(314560K) Eden: 279616K(279616K)->0K(279616K) From: 0K(34944K)->34944K(34944K)
[167.202s][info][gc,heap        ] GC(353) Tenured: 210000K(699072K)->292688K(699072K)
[167.202s][info][gc,metaspace   ] GC(353) Metaspace: 16543K(16896K)->16543K(16896K) NonClass: 14213K(14400K)->14213K(14400K) Class: 2330K(2496K)->2330K(2496K)
[167.202s][info][gc             ] GC(353) Pause Young (Allocation Failure) 478M->319M(989M) 284.077ms
[167.202s][info][gc,cpu         ] GC(353) User=0.27s Sys=0.00s Real=0.28s
[167.364s][info][gc,start       ] GC(354) Pause Young (Allocation Failure)
[167.817s][info][gc,heap        ] GC(354) DefNew: 314560K(314560K)->34944K(314560K) Eden: 279616K(279616K)->0K(279616K) From: 34944K(34944K)->34944K(34944K)
[167.817s][info][gc,heap        ] GC(354) Tenured: 292688K(699072K)->419545K(699072K)
[167.817s][info][gc,metaspace   ] GC(354) Metaspace: 16543K(16896K)->16543K(16896K) NonClass: 14213K(14400K)->14213K(14400K) Class: 2330K(2496K)->2330K(2496K)
[167.817s][info][gc             ] GC(354) Pause Young (Allocation Failure) 593M->443M(989M) 453.951ms
[167.817s][info][gc,cpu         ] GC(354) User=0.45s Sys=0.00s Real=0.46s
[168.279s][info][gc,start       ] GC(355) Pause Young (Allocation Failure)
[168.491s][info][gc,heap        ] GC(355) DefNew: 314560K(314560K)->28768K(314560K) Eden: 279616K(279616K)->0K(279616K) From: 34944K(34944K)->28768K(34944K)
[168.491s][info][gc,heap        ] GC(355) Tenured: 419545K(699072K)->444631K(699072K)
[168.491s][info][gc,metaspace   ] GC(355) Metaspace: 16543K(16896K)->16543K(16896K) NonClass: 14213K(14400K)->14213K(14400K) Class: 2330K(2496K)->2330K(2496K)
[168.491s][info][gc             ] GC(355) Pause Young (Allocation Failure) 716M->462M(989M) 212.092ms
[168.491s][info][gc,cpu         ] GC(355) User=0.19s Sys=0.00s Real=0.21s
[168.855s][info][gc,start       ] GC(356) Pause Young (Allocation Failure)
[168.896s][info][gc,heap        ] GC(356) DefNew: 308384K(314560K)->258K(314560K) Eden: 279616K(279616K)->0K(279616K) From: 28768K(34944K)->258K(34944K)
[168.896s][info][gc,heap        ] GC(356) Tenured: 444631K(699072K)->447725K(699072K)
[168.896s][info][gc,metaspace   ] GC(356) Metaspace: 16543K(16896K)->16543K(16896K) NonClass: 14213K(14400K)->14213K(14400K) Class: 2330K(2496K)->2330K(2496K)
[168.896s][info][gc             ] GC(356) Pause Young (Allocation Failure) 735M->437M(989M) 41.304ms
[168.896s][info][gc,cpu         ] GC(356) User=0.03s Sys=0.00s Real=0.03s
[169.566s][info][gc,start       ] GC(357) Pause Full (System.gc())
[169.566s][info][gc,phases,start] GC(357) Phase 1: Mark live objects
[169.573s][info][gc,phases      ] GC(357) Phase 1: Mark live objects 6.920ms
[169.573s][info][gc,phases,start] GC(357) Phase 2: Compute new object addresses
[169.654s][info][gc,phases      ] GC(357) Phase 2: Compute new object addresses 80.788ms
[169.654s][info][gc,phases,start] GC(357) Phase 3: Adjust pointers
[169.658s][info][gc,phases      ] GC(357) Phase 3: Adjust pointers 4.005ms
[169.658s][info][gc,phases,start] GC(357) Phase 4: Move objects
[169.658s][info][gc,phases      ] GC(357) Phase 4: Move objects 0.009ms
[169.658s][info][gc,heap        ] GC(357) DefNew: 99385K(314560K)->0K(314560K) Eden: 99126K(279616K)->0K(279616K) From: 258K(34944K)->0K(34944K)
[169.658s][info][gc,heap        ] GC(357) Tenured: 447725K(699072K)->6327K(699072K)
[169.658s][info][gc,metaspace   ] GC(357) Metaspace: 16543K(16896K)->16543K(16896K) NonClass: 14213K(14400K)->14213K(14400K) Class: 2330K(2496K)->2330K(2496K)
[169.658s][info][gc             ] GC(357) Pause Full (System.gc()) 534M->6M(989M) 92.072ms
[169.658s][info][gc,cpu         ] GC(357) User=0.08s Sys=0.00s Real=0.09s
[170.929s][info][gc,start       ] GC(358) Pause Young (Allocation Failure)
[170.930s][info][gc,heap        ] GC(358) DefNew: 279616K(314560K)->244K(314560K) Eden: 279616K(279616K)->0K(279616K) From: 0K(34944K)->244K(34944K)
[170.930s][info][gc,heap        ] GC(358) Tenured: 6327K(699072K)->6327K(699072K)
[170.930s][info][gc,metaspace   ] GC(358) Metaspace: 16543K(16896K)->16543K(16896K) NonClass: 14213K(14400K)->14213K(14400K) Class: 2330K(2496K)->2330K(2496K)
[170.930s][info][gc             ] GC(358) Pause Young (Allocation Failure) 279M->6M(989M) 1.195ms
[170.930s][info][gc,cpu         ] GC(358) User=0.00s Sys=0.00s Real=0.00s
[170.974s][info][gc,start       ] GC(359) Pause Young (Allocation Failure)
[170.975s][info][gc,heap        ] GC(359) DefNew: 279860K(314560K)->234K(314560K) Eden: 279616K(279616K)->0K(279616K) From: 244K(34944K)->234K(34944K)
[170.975s][info][gc,heap        ] GC(359) Tenured: 6327K(699072K)->6327K(699072K)
[170.975s][info][gc,metaspace   ] GC(359) Metaspace: 16543K(16896K)->16543K(16896K) NonClass: 14213K(14400K)->14213K(14400K) Class: 2330K(2496K)->2330K(2496K)
[170.975s][info][gc             ] GC(359) Pause Young (Allocation Failure) 279M->6M(989M) 0.898ms
[170.975s][info][gc,cpu         ] GC(359) User=0.00s Sys=0.00s Real=0.00s
[171.018s][info][gc,start       ] GC(360) Pause Young (Allocation Failure)
[171.019s][info][gc,heap        ] GC(360) DefNew: 279850K(314560K)->249K(314560K) Eden: 279616K(279616K)->0K(279616K) From: 234K(34944K)->249K(34944K)
[171.019s][info][gc,heap        ] GC(360) Tenured: 6327K(699072K)->6327K(699072K)
[171.019s][info][gc,metaspace   ] GC(360) Metaspace: 16543K(16896K)->16543K(16896K) NonClass: 14213K(14400K)->14213K(14400K) Class: 2330K(2496K)->2330K(2496K)
[171.019s][info][gc             ] GC(360) Pause Young (Allocation Failure) 279M->6M(989M) 0.882ms
[171.019s][info][gc,cpu         ] GC(360) User=0.00s Sys=0.00s Real=0.00s
[171.062s][info][gc,start       ] GC(361) Pause Young (Allocation Failure)
[171.063s][info][gc,heap        ] GC(361) DefNew: 279865K(314560K)->250K(314560K) Eden: 279616K(279616K)->0K(279616K) From: 249K(34944K)->250K(34944K)
[171.063s][info][gc,heap        ] GC(361) Tenured: 6327K(699072K)->6327K(699072K)
[171.063s][info][gc,metaspace   ] GC(361) Metaspace: 16543K(16896K)->16543K(16896K) NonClass: 14213K(14400K)->14213K(14400K) Class: 2330K(2496K)->2330K(2496K)
[171.063s][info][gc             ] GC(361) Pause Young (Allocation Failure) 279M->6M(989M) 0.848ms
[171.063s][info][gc,cpu         ] GC(361) User=0.00s Sys=0.00s Real=0.00s
[171.108s][info][gc,start       ] GC(362) Pause Young (Allocation Failure)
[171.109s][info][gc,heap        ] GC(362) DefNew: 279866K(314560K)->240K(314560K) Eden: 279616K(279616K)->0K(279616K) From: 250K(34944K)->240K(34944K)
[171.109s][info][gc,heap        ] GC(362) Tenured: 6327K(699072K)->6327K(699072K)
[171.109s][info][gc,metaspace   ] GC(362) Metaspace: 16543K(16896K)->16543K(16896K) NonClass: 14213K(14400K)->14213K(14400K) Class: 2330K(2496K)->2330K(2496K)
[171.109s][info][gc             ] GC(362) Pause Young (Allocation Failure) 279M->6M(989M) 0.803ms
[171.109s][info][gc,cpu         ] GC(362) User=0.00s Sys=0.00s Real=0.00s
[171.153s][info][gc,start       ] GC(363) Pause Young (Allocation Failure)
[171.154s][info][gc,heap        ] GC(363) DefNew: 279856K(314560K)->237K(314560K) Eden: 279616K(279616K)->0K(279616K) From: 240K(34944K)->237K(34944K)
[171.154s][info][gc,heap        ] GC(363) Tenured: 6327K(699072K)->6327K(699072K)
[171.154s][info][gc,metaspace   ] GC(363) Metaspace: 16543K(16896K)->16543K(16896K) NonClass: 14213K(14400K)->14213K(14400K) Class: 2330K(2496K)->2330K(2496K)
[171.154s][info][gc             ] GC(363) Pause Young (Allocation Failure) 279M->6M(989M) 0.890ms
[171.154s][info][gc,cpu         ] GC(363) User=0.00s Sys=0.00s Real=0.00s
[171.198s][info][gc,start       ] GC(364) Pause Young (Allocation Failure)
[171.198s][info][gc,heap        ] GC(364) DefNew: 279853K(314560K)->251K(314560K) Eden: 279616K(279616K)->0K(279616K) From: 237K(34944K)->251K(34944K)
[171.198s][info][gc,heap        ] GC(364) Tenured: 6327K(699072K)->6327K(699072K)
[171.198s][info][gc,metaspace   ] GC(364) Metaspace: 16543K(16896K)->16543K(16896K) NonClass: 14213K(14400K)->14213K(14400K) Class: 2330K(2496K)->2330K(2496K)
[171.198s][info][gc             ] GC(364) Pause Young (Allocation Failure) 279M->6M(989M) 0.848ms
[171.198s][info][gc,cpu         ] GC(364) User=0.00s Sys=0.00s Real=0.00s
[171.243s][info][gc,start       ] GC(365) Pause Young (Allocation Failure)
[171.244s][info][gc,heap        ] GC(365) DefNew: 279867K(314560K)->255K(314560K) Eden: 279616K(279616K)->0K(279616K) From: 251K(34944K)->255K(34944K)
[171.244s][info][gc,heap        ] GC(365) Tenured: 6327K(699072K)->6327K(699072K)
[171.244s][info][gc,metaspace   ] GC(365) Metaspace: 16543K(16896K)->16543K(16896K) NonClass: 14213K(14400K)->14213K(14400K) Class: 2330K(2496K)->2330K(2496K)
[171.244s][info][gc             ] GC(365) Pause Young (Allocation Failure) 279M->6M(989M) 0.882ms
[171.244s][info][gc,cpu         ] GC(365) User=0.00s Sys=0.00s Real=0.00s
[171.288s][info][gc,start       ] GC(366) Pause Young (Allocation Failure)
[171.289s][info][gc,heap        ] GC(366) DefNew: 279871K(314560K)->240K(314560K) Eden: 279616K(279616K)->0K(279616K) From: 255K(34944K)->240K(34944K)
[171.289s][info][gc,heap        ] GC(366) Tenured: 6327K(699072K)->6327K(699072K)
[171.289s][info][gc,metaspace   ] GC(366) Metaspace: 16543K(16896K)->16543K(16896K) NonClass: 14213K(14400K)->14213K(14400K) Class: 2330K(2496K)->2330K(2496K)
[171.289s][info][gc             ] GC(366) Pause Young (Allocation Failure) 279M->6M(989M) 0.988ms
[171.289s][info][gc,cpu         ] GC(366) User=0.00s Sys=0.00s Real=0.00s
[171.339s][info][gc,start       ] GC(367) Pause Young (Allocation Failure)
[171.340s][info][gc,heap        ] GC(367) DefNew: 279856K(314560K)->211K(314560K) Eden: 279616K(279616K)->0K(279616K) From: 240K(34944K)->211K(34944K)
[171.340s][info][gc,heap        ] GC(367) Tenured: 6327K(699072K)->6327K(699072K)
[171.340s][info][gc,metaspace   ] GC(367) Metaspace: 16543K(16896K)->16543K(16896K) NonClass: 14213K(14400K)->14213K(14400K) Class: 2330K(2496K)->2330K(2496K)
[171.340s][info][gc             ] GC(367) Pause Young (Allocation Failure) 279M->6M(989M) 1.038ms
[171.340s][info][gc,cpu         ] GC(367) User=0.05s Sys=0.00s Real=0.00s
[171.426s][info][gc,start       ] GC(368) Pause Young (Allocation Failure)
[171.631s][info][gc,heap        ] GC(368) DefNew: 279827K(314560K)->34944K(314560K) Eden: 279616K(279616K)->0K(279616K) From: 211K(34944K)->34944K(34944K)
[171.631s][info][gc,heap        ] GC(368) Tenured: 6327K(699072K)->54094K(699072K)
[171.631s][info][gc,metaspace   ] GC(368) Metaspace: 16543K(16896K)->16543K(16896K) NonClass: 14213K(14400K)->14213K(14400K) Class: 2330K(2496K)->2330K(2496K)
[171.631s][info][gc             ] GC(368) Pause Young (Allocation Failure) 279M->86M(989M) 205.319ms
[171.631s][info][gc,cpu         ] GC(368) User=0.19s Sys=0.00s Real=0.21s
[171.803s][info][gc,start       ] GC(369) Pause Young (Allocation Failure)
[172.410s][info][gc,heap        ] GC(369) DefNew: 314560K(314560K)->34944K(314560K) Eden: 279616K(279616K)->0K(279616K) From: 34944K(34944K)->34944K(34944K)
[172.410s][info][gc,heap        ] GC(369) Tenured: 54094K(699072K)->238487K(699072K)
[172.410s][info][gc,metaspace   ] GC(369) Metaspace: 16543K(16896K)->16543K(16896K) NonClass: 14213K(14400K)->14213K(14400K) Class: 2330K(2496K)->2330K(2496K)
[172.410s][info][gc             ] GC(369) Pause Young (Allocation Failure) 360M->267M(989M) 606.932ms
[172.410s][info][gc,cpu         ] GC(369) User=0.59s Sys=0.00s Real=0.61s
[172.622s][info][gc,start       ] GC(370) Pause Young (Allocation Failure)
[173.154s][info][gc,heap        ] GC(370) DefNew: 314560K(314560K)->34944K(314560K) Eden: 279616K(279616K)->0K(279616K) From: 34944K(34944K)->34944K(34944K)
[173.154s][info][gc,heap        ] GC(370) Tenured: 238487K(699072K)->407390K(699072K)
[173.154s][info][gc,metaspace   ] GC(370) Metaspace: 16543K(16896K)->16543K(16896K) NonClass: 14213K(14400K)->14213K(14400K) Class: 2330K(2496K)->2330K(2496K)
[173.155s][info][gc             ] GC(370) Pause Young (Allocation Failure) 540M->431M(989M) 532.807ms
[173.155s][info][gc,cpu         ] GC(370) User=0.47s Sys=0.00s Real=0.53s
[175.359s][info][gc,start       ] GC(371) Pause Young (Allocation Failure)
[175.737s][info][gc,heap        ] GC(371) DefNew: 314560K(314560K)->34943K(314560K) Eden: 279616K(279616K)->0K(279616K) From: 34944K(34944K)->34943K(34944K)
[175.737s][info][gc,heap        ] GC(371) Tenured: 407390K(699072K)->496746K(699072K)
[175.737s][info][gc,metaspace   ] GC(371) Metaspace: 16543K(16896K)->16543K(16896K) NonClass: 14213K(14400K)->14213K(14400K) Class: 2330K(2496K)->2330K(2496K)
[175.737s][info][gc             ] GC(371) Pause Young (Allocation Failure) 705M->519M(989M) 378.215ms
[175.737s][info][gc,cpu         ] GC(371) User=0.38s Sys=0.00s Real=0.38s
[175.875s][info][gc,start       ] GC(372) Pause Young (Allocation Failure)
[175.875s][info][gc             ] GC(372) Pause Young (Allocation Failure) 792M->792M(989M) 0.104ms
[175.875s][info][gc,cpu         ] GC(372) User=0.00s Sys=0.00s Real=0.00s
[175.875s][info][gc,start       ] GC(373) Pause Full (Allocation Failure)
[175.875s][info][gc,phases,start] GC(373) Phase 1: Mark live objects
[176.112s][info][gc,phases      ] GC(373) Phase 1: Mark live objects 236.900ms
[176.112s][info][gc,phases,start] GC(373) Phase 2: Compute new object addresses
[176.239s][info][gc,phases      ] GC(373) Phase 2: Compute new object addresses 127.254ms
[176.239s][info][gc,phases,start] GC(373) Phase 3: Adjust pointers
[176.360s][info][gc,phases      ] GC(373) Phase 3: Adjust pointers 120.519ms
[176.360s][info][gc,phases,start] GC(373) Phase 4: Move objects
[176.441s][info][gc,phases      ] GC(373) Phase 4: Move objects 80.908ms
[176.441s][info][gc,heap        ] GC(373) DefNew: 314559K(314560K)->0K(314560K) Eden: 279616K(279616K)->0K(279616K) From: 34943K(34944K)->0K(34944K)
[176.441s][info][gc,heap        ] GC(373) Tenured: 496746K(699072K)->213115K(699072K)
[176.441s][info][gc,metaspace   ] GC(373) Metaspace: 16543K(16896K)->16543K(16896K) NonClass: 14213K(14400K)->14213K(14400K) Class: 2330K(2496K)->2330K(2496K)
[176.441s][info][gc             ] GC(373) Pause Full (Allocation Failure) 792M->208M(989M) 566.033ms
[176.441s][info][gc,cpu         ] GC(373) User=0.52s Sys=0.00s Real=0.57s
[176.584s][info][gc,start       ] GC(374) Pause Young (Allocation Failure)
[176.868s][info][gc,heap        ] GC(374) DefNew: 279616K(314560K)->34943K(314560K) Eden: 279616K(279616K)->0K(279616K) From: 0K(34944K)->34943K(34944K)
[176.868s][info][gc,heap        ] GC(374) Tenured: 213115K(699072K)->295796K(699072K)
[176.868s][info][gc,metaspace   ] GC(374) Metaspace: 16543K(16896K)->16543K(16896K) NonClass: 14213K(14400K)->14213K(14400K) Class: 2330K(2496K)->2330K(2496K)
[176.868s][info][gc             ] GC(374) Pause Young (Allocation Failure) 481M->322M(989M) 284.008ms
[176.868s][info][gc,cpu         ] GC(374) User=0.28s Sys=0.00s Real=0.28s
[177.027s][info][gc,start       ] GC(375) Pause Young (Allocation Failure)
[177.501s][info][gc,heap        ] GC(375) DefNew: 314559K(314560K)->34944K(314560K) Eden: 279616K(279616K)->0K(279616K) From: 34943K(34944K)->34944K(34944K)
[177.501s][info][gc,heap        ] GC(375) Tenured: 295796K(699072K)->424870K(699072K)
[177.501s][info][gc,metaspace   ] GC(375) Metaspace: 16543K(16896K)->16543K(16896K) NonClass: 14213K(14400K)->14213K(14400K) Class: 2330K(2496K)->2330K(2496K)
[177.501s][info][gc             ] GC(375) Pause Young (Allocation Failure) 596M->449M(989M) 473.790ms
[177.501s][info][gc,cpu         ] GC(375) User=0.45s Sys=0.00s Real=0.47s
[177.959s][info][gc,start       ] GC(376) Pause Young (Allocation Failure)
[178.161s][info][gc,heap        ] GC(376) DefNew: 314560K(314560K)->23430K(314560K) Eden: 279616K(279616K)->0K(279616K) From: 34944K(34944K)->23430K(34944K)
[178.161s][info][gc,heap        ] GC(376) Tenured: 424870K(699072K)->449619K(699072K)
[178.161s][info][gc,metaspace   ] GC(376) Metaspace: 16543K(16896K)->16543K(16896K) NonClass: 14213K(14400K)->14213K(14400K) Class: 2330K(2496K)->2330K(2496K)
[178.161s][info][gc             ] GC(376) Pause Young (Allocation Failure) 722M->461M(989M) 201.827ms
[178.161s][info][gc,cpu         ] GC(376) User=0.19s Sys=0.00s Real=0.20s
[178.526s][info][gc,start       ] GC(377) Pause Young (Allocation Failure)
[178.552s][info][gc,heap        ] GC(377) DefNew: 303046K(314560K)->58K(314560K) Eden: 279616K(279616K)->0K(279616K) From: 23430K(34944K)->58K(34944K)
[178.552s][info][gc,heap        ] GC(377) Tenured: 449619K(699072K)->451926K(699072K)
[178.552s][info][gc,metaspace   ] GC(377) Metaspace: 16543K(16896K)->16543K(16896K) NonClass: 14213K(14400K)->14213K(14400K) Class: 2330K(2496K)->2330K(2496K)
[178.552s][info][gc             ] GC(377) Pause Young (Allocation Failure) 735M->441M(989M) 25.589ms
[178.552s][info][gc,cpu         ] GC(377) User=0.00s Sys=0.00s Real=0.03s
[179.208s][info][gc,start       ] GC(378) Pause Full (System.gc())
[179.208s][info][gc,phases,start] GC(378) Phase 1: Mark live objects
[179.216s][info][gc,phases      ] GC(378) Phase 1: Mark live objects 7.572ms
[179.216s][info][gc,phases,start] GC(378) Phase 2: Compute new object addresses
[179.297s][info][gc,phases      ] GC(378) Phase 2: Compute new object addresses 81.155ms
[179.297s][info][gc,phases,start] GC(378) Phase 3: Adjust pointers
[179.301s][info][gc,phases      ] GC(378) Phase 3: Adjust pointers 4.040ms
[179.301s][info][gc,phases,start] GC(378) Phase 4: Move objects
[179.301s][info][gc,phases      ] GC(378) Phase 4: Move objects 0.010ms
[179.301s][info][gc,heap        ] GC(378) DefNew: 90649K(314560K)->0K(314560K) Eden: 90591K(279616K)->0K(279616K) From: 58K(34944K)->0K(34944K)
[179.301s][info][gc,heap        ] GC(378) Tenured: 451926K(699072K)->6327K(699072K)
[179.301s][info][gc,metaspace   ] GC(378) Metaspace: 16543K(16896K)->16543K(16896K) NonClass: 14213K(14400K)->14213K(14400K) Class: 2330K(2496K)->2330K(2496K)
[179.301s][info][gc             ] GC(378) Pause Full (System.gc()) 529M->6M(989M) 93.130ms
[179.301s][info][gc,cpu         ] GC(378) User=0.09s Sys=0.00s Real=0.10s
[180.574s][info][gc,start       ] GC(379) Pause Young (Allocation Failure)
[180.575s][info][gc,heap        ] GC(379) DefNew: 279616K(314560K)->254K(314560K) Eden: 279616K(279616K)->0K(279616K) From: 0K(34944K)->254K(34944K)
[180.575s][info][gc,heap        ] GC(379) Tenured: 6327K(699072K)->6327K(699072K)
[180.575s][info][gc,metaspace   ] GC(379) Metaspace: 16544K(16896K)->16544K(16896K) NonClass: 14214K(14400K)->14214K(14400K) Class: 2330K(2496K)->2330K(2496K)
[180.575s][info][gc             ] GC(379) Pause Young (Allocation Failure) 279M->6M(989M) 0.918ms
[180.575s][info][gc,cpu         ] GC(379) User=0.00s Sys=0.00s Real=0.00s
[180.619s][info][gc,start       ] GC(380) Pause Young (Allocation Failure)
[180.620s][info][gc,heap        ] GC(380) DefNew: 279870K(314560K)->261K(314560K) Eden: 279616K(279616K)->0K(279616K) From: 254K(34944K)->261K(34944K)
[180.620s][info][gc,heap        ] GC(380) Tenured: 6327K(699072K)->6327K(699072K)
[180.620s][info][gc,metaspace   ] GC(380) Metaspace: 16544K(16896K)->16544K(16896K) NonClass: 14214K(14400K)->14214K(14400K) Class: 2330K(2496K)->2330K(2496K)
[180.620s][info][gc             ] GC(380) Pause Young (Allocation Failure) 279M->6M(989M) 0.803ms
[180.620s][info][gc,cpu         ] GC(380) User=0.00s Sys=0.00s Real=0.00s
[180.664s][info][gc,start       ] GC(381) Pause Young (Allocation Failure)
[180.664s][info][gc,heap        ] GC(381) DefNew: 279877K(314560K)->266K(314560K) Eden: 279616K(279616K)->0K(279616K) From: 261K(34944K)->266K(34944K)
[180.664s][info][gc,heap        ] GC(381) Tenured: 6327K(699072K)->6327K(699072K)
[180.664s][info][gc,metaspace   ] GC(381) Metaspace: 16544K(16896K)->16544K(16896K) NonClass: 14214K(14400K)->14214K(14400K) Class: 2330K(2496K)->2330K(2496K)
[180.664s][info][gc             ] GC(381) Pause Young (Allocation Failure) 279M->6M(989M) 0.799ms
[180.664s][info][gc,cpu         ] GC(381) User=0.00s Sys=0.00s Real=0.00s
[180.709s][info][gc,start       ] GC(382) Pause Young (Allocation Failure)
[180.710s][info][gc,heap        ] GC(382) DefNew: 279882K(314560K)->252K(314560K) Eden: 279616K(279616K)->0K(279616K) From: 266K(34944K)->252K(34944K)
[180.710s][info][gc,heap        ] GC(382) Tenured: 6327K(699072K)->6327K(699072K)
[180.710s][info][gc,metaspace   ] GC(382) Metaspace: 16544K(16896K)->16544K(16896K) NonClass: 14214K(14400K)->14214K(14400K) Class: 2330K(2496K)->2330K(2496K)
[180.710s][info][gc             ] GC(382) Pause Young (Allocation Failure) 279M->6M(989M) 0.971ms
[180.710s][info][gc,cpu         ] GC(382) User=0.00s Sys=0.00s Real=0.00s
[180.754s][info][gc,start       ] GC(383) Pause Young (Allocation Failure)
[180.755s][info][gc,heap        ] GC(383) DefNew: 279868K(314560K)->262K(314560K) Eden: 279616K(279616K)->0K(279616K) From: 252K(34944K)->262K(34944K)
[180.755s][info][gc,heap        ] GC(383) Tenured: 6327K(699072K)->6327K(699072K)
[180.755s][info][gc,metaspace   ] GC(383) Metaspace: 16544K(16896K)->16544K(16896K) NonClass: 14214K(14400K)->14214K(14400K) Class: 2330K(2496K)->2330K(2496K)
[180.755s][info][gc             ] GC(383) Pause Young (Allocation Failure) 279M->6M(989M) 0.817ms
[180.755s][info][gc,cpu         ] GC(383) User=0.00s Sys=0.00s Real=0.00s
[180.800s][info][gc,start       ] GC(384) Pause Young (Allocation Failure)
[180.800s][info][gc,heap        ] GC(384) DefNew: 279878K(314560K)->227K(314560K) Eden: 279616K(279616K)->0K(279616K) From: 262K(34944K)->227K(34944K)
[180.801s][info][gc,heap        ] GC(384) Tenured: 6327K(699072K)->6327K(699072K)
[180.801s][info][gc,metaspace   ] GC(384) Metaspace: 16544K(16896K)->16544K(16896K) NonClass: 14214K(14400K)->14214K(14400K) Class: 2330K(2496K)->2330K(2496K)
[180.801s][info][gc             ] GC(384) Pause Young (Allocation Failure) 279M->6M(989M) 0.777ms
[180.801s][info][gc,cpu         ] GC(384) User=0.00s Sys=0.00s Real=0.00s
[180.845s][info][gc,start       ] GC(385) Pause Young (Allocation Failure)
[180.845s][info][gc,heap        ] GC(385) DefNew: 279843K(314560K)->244K(314560K) Eden: 279616K(279616K)->0K(279616K) From: 227K(34944K)->244K(34944K)
[180.845s][info][gc,heap        ] GC(385) Tenured: 6327K(699072K)->6327K(699072K)
[180.845s][info][gc,metaspace   ] GC(385) Metaspace: 16544K(16896K)->16544K(16896K) NonClass: 14214K(14400K)->14214K(14400K) Class: 2330K(2496K)->2330K(2496K)
[180.845s][info][gc             ] GC(385) Pause Young (Allocation Failure) 279M->6M(989M) 0.727ms
[180.845s][info][gc,cpu         ] GC(385) User=0.00s Sys=0.00s Real=0.00s
[180.890s][info][gc,start       ] GC(386) Pause Young (Allocation Failure)
[180.891s][info][gc,heap        ] GC(386) DefNew: 279860K(314560K)->236K(314560K) Eden: 279616K(279616K)->0K(279616K) From: 244K(34944K)->236K(34944K)
[180.891s][info][gc,heap        ] GC(386) Tenured: 6327K(699072K)->6327K(699072K)
[180.891s][info][gc,metaspace   ] GC(386) Metaspace: 16544K(16896K)->16544K(16896K) NonClass: 14214K(14400K)->14214K(14400K) Class: 2330K(2496K)->2330K(2496K)
[180.891s][info][gc             ] GC(386) Pause Young (Allocation Failure) 279M->6M(989M) 0.825ms
[180.891s][info][gc,cpu         ] GC(386) User=0.00s Sys=0.00s Real=0.00s
[180.936s][info][gc,start       ] GC(387) Pause Young (Allocation Failure)
[180.937s][info][gc,heap        ] GC(387) DefNew: 279852K(314560K)->228K(314560K) Eden: 279616K(279616K)->0K(279616K) From: 236K(34944K)->228K(34944K)
[180.937s][info][gc,heap        ] GC(387) Tenured: 6327K(699072K)->6327K(699072K)
[180.937s][info][gc,metaspace   ] GC(387) Metaspace: 16544K(16896K)->16544K(16896K) NonClass: 14214K(14400K)->14214K(14400K) Class: 2330K(2496K)->2330K(2496K)
[180.937s][info][gc             ] GC(387) Pause Young (Allocation Failure) 279M->6M(989M) 0.798ms
[180.937s][info][gc,cpu         ] GC(387) User=0.00s Sys=0.00s Real=0.00s
[180.982s][info][gc,start       ] GC(388) Pause Young (Allocation Failure)
[180.983s][info][gc,heap        ] GC(388) DefNew: 279844K(314560K)->202K(314560K) Eden: 279616K(279616K)->0K(279616K) From: 228K(34944K)->202K(34944K)
[180.983s][info][gc,heap        ] GC(388) Tenured: 6327K(699072K)->6327K(699072K)
[180.983s][info][gc,metaspace   ] GC(388) Metaspace: 16544K(16896K)->16544K(16896K) NonClass: 14214K(14400K)->14214K(14400K) Class: 2330K(2496K)->2330K(2496K)
[180.983s][info][gc             ] GC(388) Pause Young (Allocation Failure) 279M->6M(989M) 0.731ms
[180.983s][info][gc,cpu         ] GC(388) User=0.00s Sys=0.00s Real=0.00s
[181.067s][info][gc,start       ] GC(389) Pause Young (Allocation Failure)
[181.262s][info][gc,heap        ] GC(389) DefNew: 279818K(314560K)->34944K(314560K) Eden: 279616K(279616K)->0K(279616K) From: 202K(34944K)->34944K(34944K)
[181.263s][info][gc,heap        ] GC(389) Tenured: 6327K(699072K)->50543K(699072K)
[181.263s][info][gc,metaspace   ] GC(389) Metaspace: 16544K(16896K)->16544K(16896K) NonClass: 14214K(14400K)->14214K(14400K) Class: 2330K(2496K)->2330K(2496K)
[181.263s][info][gc             ] GC(389) Pause Young (Allocation Failure) 279M->83M(989M) 195.421ms
[181.263s][info][gc,cpu         ] GC(389) User=0.19s Sys=0.00s Real=0.19s
[181.440s][info][gc,start       ] GC(390) Pause Young (Allocation Failure)
[182.032s][info][gc,heap        ] GC(390) DefNew: 314560K(314560K)->34944K(314560K) Eden: 279616K(279616K)->0K(279616K) From: 34944K(34944K)->34944K(34944K)
[182.032s][info][gc,heap        ] GC(390) Tenured: 50543K(699072K)->234450K(699072K)
[182.032s][info][gc,metaspace   ] GC(390) Metaspace: 16544K(16896K)->16544K(16896K) NonClass: 14214K(14400K)->14214K(14400K) Class: 2330K(2496K)->2330K(2496K)
[182.032s][info][gc             ] GC(390) Pause Young (Allocation Failure) 356M->263M(989M) 592.207ms
[182.032s][info][gc,cpu         ] GC(390) User=0.56s Sys=0.00s Real=0.60s
[182.240s][info][gc,start       ] GC(391) Pause Young (Allocation Failure)
[182.788s][info][gc,heap        ] GC(391) DefNew: 314560K(314560K)->34943K(314560K) Eden: 279616K(279616K)->0K(279616K) From: 34944K(34944K)->34943K(34944K)
[182.789s][info][gc,heap        ] GC(391) Tenured: 234450K(699072K)->408215K(699072K)
[182.789s][info][gc,metaspace   ] GC(391) Metaspace: 16544K(16896K)->16544K(16896K) NonClass: 14214K(14400K)->14214K(14400K) Class: 2330K(2496K)->2330K(2496K)
[182.789s][info][gc             ] GC(391) Pause Young (Allocation Failure) 536M->432M(989M) 548.201ms
[182.789s][info][gc,cpu         ] GC(391) User=0.58s Sys=0.00s Real=0.54s
[184.950s][info][gc,start       ] GC(392) Pause Young (Allocation Failure)
[185.330s][info][gc,heap        ] GC(392) DefNew: 314559K(314560K)->34944K(314560K) Eden: 279616K(279616K)->0K(279616K) From: 34943K(34944K)->34944K(34944K)
[185.330s][info][gc,heap        ] GC(392) Tenured: 408215K(699072K)->495756K(699072K)
[185.330s][info][gc,metaspace   ] GC(392) Metaspace: 16544K(16896K)->16544K(16896K) NonClass: 14214K(14400K)->14214K(14400K) Class: 2330K(2496K)->2330K(2496K)
[185.330s][info][gc             ] GC(392) Pause Young (Allocation Failure) 705M->518M(989M) 380.042ms
[185.330s][info][gc,cpu         ] GC(392) User=0.36s Sys=0.00s Real=0.38s
[185.468s][info][gc,start       ] GC(393) Pause Young (Allocation Failure)
[185.468s][info][gc             ] GC(393) Pause Young (Allocation Failure) 791M->791M(989M) 0.146ms
[185.469s][info][gc,cpu         ] GC(393) User=0.00s Sys=0.00s Real=0.00s
[185.469s][info][gc,start       ] GC(394) Pause Full (Allocation Failure)
[185.469s][info][gc,phases,start] GC(394) Phase 1: Mark live objects
[185.703s][info][gc,phases      ] GC(394) Phase 1: Mark live objects 234.433ms
[185.703s][info][gc,phases,start] GC(394) Phase 2: Compute new object addresses
[185.829s][info][gc,phases      ] GC(394) Phase 2: Compute new object addresses 125.797ms
[185.829s][info][gc,phases,start] GC(394) Phase 3: Adjust pointers
[185.946s][info][gc,phases      ] GC(394) Phase 3: Adjust pointers 117.276ms
[185.946s][info][gc,phases,start] GC(394) Phase 4: Move objects
[186.027s][info][gc,phases      ] GC(394) Phase 4: Move objects 81.033ms
[186.027s][info][gc,heap        ] GC(394) DefNew: 314560K(314560K)->0K(314560K) Eden: 279616K(279616K)->0K(279616K) From: 34944K(34944K)->0K(34944K)
[186.027s][info][gc,heap        ] GC(394) Tenured: 495756K(699072K)->211282K(699072K)
[186.027s][info][gc,metaspace   ] GC(394) Metaspace: 16544K(16896K)->16544K(16896K) NonClass: 14214K(14400K)->14214K(14400K) Class: 2330K(2496K)->2330K(2496K)
[186.028s][info][gc             ] GC(394) Pause Full (Allocation Failure) 791M->206M(989M) 558.977ms
[186.028s][info][gc,cpu         ] GC(394) User=0.55s Sys=0.00s Real=0.57s
[186.168s][info][gc,start       ] GC(395) Pause Young (Allocation Failure)
[186.454s][info][gc,heap        ] GC(395) DefNew: 279616K(314560K)->34943K(314560K) Eden: 279616K(279616K)->0K(279616K) From: 0K(34944K)->34943K(34944K)
[186.454s][info][gc,heap        ] GC(395) Tenured: 211282K(699072K)->293966K(699072K)
[186.454s][info][gc,metaspace   ] GC(395) Metaspace: 16544K(16896K)->16544K(16896K) NonClass: 14214K(14400K)->14214K(14400K) Class: 2330K(2496K)->2330K(2496K)
[186.454s][info][gc             ] GC(395) Pause Young (Allocation Failure) 479M->321M(989M) 286.252ms
[186.454s][info][gc,cpu         ] GC(395) User=0.28s Sys=0.00s Real=0.30s
[186.613s][info][gc,start       ] GC(396) Pause Young (Allocation Failure)
[187.079s][info][gc,heap        ] GC(396) DefNew: 314559K(314560K)->34944K(314560K) Eden: 279616K(279616K)->0K(279616K) From: 34943K(34944K)->34944K(34944K)
[187.079s][info][gc,heap        ] GC(396) Tenured: 293966K(699072K)->421732K(699072K)
[187.079s][info][gc,metaspace   ] GC(396) Metaspace: 16544K(16896K)->16544K(16896K) NonClass: 14214K(14400K)->14214K(14400K) Class: 2330K(2496K)->2330K(2496K)
[187.079s][info][gc             ] GC(396) Pause Young (Allocation Failure) 594M->445M(989M) 465.312ms
[187.079s][info][gc,cpu         ] GC(396) User=0.45s Sys=0.00s Real=0.45s
[187.539s][info][gc,start       ] GC(397) Pause Young (Allocation Failure)
[187.746s][info][gc,heap        ] GC(397) DefNew: 314560K(314560K)->26580K(314560K) Eden: 279616K(279616K)->0K(279616K) From: 34944K(34944K)->26580K(34944K)
[187.746s][info][gc,heap        ] GC(397) Tenured: 421732K(699072K)->446680K(699072K)
[187.746s][info][gc,metaspace   ] GC(397) Metaspace: 16544K(16896K)->16544K(16896K) NonClass: 14214K(14400K)->14214K(14400K) Class: 2330K(2496K)->2330K(2496K)
[187.746s][info][gc             ] GC(397) Pause Young (Allocation Failure) 719M->462M(989M) 207.007ms
[187.746s][info][gc,cpu         ] GC(397) User=0.20s Sys=0.00s Real=0.20s
[188.110s][info][gc,start       ] GC(398) Pause Young (Allocation Failure)
[188.141s][info][gc,heap        ] GC(398) DefNew: 306196K(314560K)->164K(314560K) Eden: 279616K(279616K)->0K(279616K) From: 26580K(34944K)->164K(34944K)
[188.141s][info][gc,heap        ] GC(398) Tenured: 446680K(699072K)->449461K(699072K)
[188.141s][info][gc,metaspace   ] GC(398) Metaspace: 16544K(16896K)->16544K(16896K) NonClass: 14214K(14400K)->14214K(14400K) Class: 2330K(2496K)->2330K(2496K)
[188.141s][info][gc             ] GC(398) Pause Young (Allocation Failure) 735M->439M(989M) 30.823ms
[188.141s][info][gc,cpu         ] GC(398) User=0.02s Sys=0.00s Real=0.03s
[188.823s][info][gc,start       ] GC(399) Pause Full (System.gc())
[188.823s][info][gc,phases,start] GC(399) Phase 1: Mark live objects
[188.830s][info][gc,phases      ] GC(399) Phase 1: Mark live objects 6.863ms
[188.830s][info][gc,phases,start] GC(399) Phase 2: Compute new object addresses
[188.911s][info][gc,phases      ] GC(399) Phase 2: Compute new object addresses 80.830ms
[188.911s][info][gc,phases,start] GC(399) Phase 3: Adjust pointers
[188.915s][info][gc,phases      ] GC(399) Phase 3: Adjust pointers 3.954ms
[188.915s][info][gc,phases,start] GC(399) Phase 4: Move objects
[188.915s][info][gc,phases      ] GC(399) Phase 4: Move objects 0.010ms
[188.915s][info][gc,heap        ] GC(399) DefNew: 93760K(314560K)->0K(314560K) Eden: 93595K(279616K)->0K(279616K) From: 164K(34944K)->0K(34944K)
[188.915s][info][gc,heap        ] GC(399) Tenured: 449461K(699072K)->6332K(699072K)
[188.915s][info][gc,metaspace   ] GC(399) Metaspace: 16557K(16896K)->16557K(16896K) NonClass: 14227K(14400K)->14227K(14400K) Class: 2330K(2496K)->2330K(2496K)
[188.915s][info][gc             ] GC(399) Pause Full (System.gc()) 530M->6M(989M) 92.009ms
[188.915s][info][gc,cpu         ] GC(399) User=0.08s Sys=0.00s Real=0.09s
[190.194s][info][gc,start       ] GC(400) Pause Young (Allocation Failure)
[190.195s][info][gc,heap        ] GC(400) DefNew: 279616K(314560K)->256K(314560K) Eden: 279616K(279616K)->0K(279616K) From: 0K(34944K)->256K(34944K)
[190.195s][info][gc,heap        ] GC(400) Tenured: 6332K(699072K)->6332K(699072K)
[190.195s][info][gc,metaspace   ] GC(400) Metaspace: 16566K(16896K)->16566K(16896K) NonClass: 14236K(14400K)->14236K(14400K) Class: 2330K(2496K)->2330K(2496K)
[190.195s][info][gc             ] GC(400) Pause Young (Allocation Failure) 279M->6M(989M) 1.100ms
[190.195s][info][gc,cpu         ] GC(400) User=0.00s Sys=0.00s Real=0.00s
[190.240s][info][gc,start       ] GC(401) Pause Young (Allocation Failure)
[190.241s][info][gc,heap        ] GC(401) DefNew: 279872K(314560K)->239K(314560K) Eden: 279616K(279616K)->0K(279616K) From: 256K(34944K)->239K(34944K)
[190.241s][info][gc,heap        ] GC(401) Tenured: 6332K(699072K)->6332K(699072K)
[190.241s][info][gc,metaspace   ] GC(401) Metaspace: 16566K(16896K)->16566K(16896K) NonClass: 14236K(14400K)->14236K(14400K) Class: 2330K(2496K)->2330K(2496K)
[190.241s][info][gc             ] GC(401) Pause Young (Allocation Failure) 279M->6M(989M) 0.801ms
[190.241s][info][gc,cpu         ] GC(401) User=0.00s Sys=0.00s Real=0.00s
[190.285s][info][gc,start       ] GC(402) Pause Young (Allocation Failure)
[190.286s][info][gc,heap        ] GC(402) DefNew: 279855K(314560K)->220K(314560K) Eden: 279616K(279616K)->0K(279616K) From: 239K(34944K)->220K(34944K)
[190.286s][info][gc,heap        ] GC(402) Tenured: 6332K(699072K)->6332K(699072K)
[190.286s][info][gc,metaspace   ] GC(402) Metaspace: 16566K(16896K)->16566K(16896K) NonClass: 14236K(14400K)->14236K(14400K) Class: 2330K(2496K)->2330K(2496K)
[190.286s][info][gc             ] GC(402) Pause Young (Allocation Failure) 279M->6M(989M) 1.004ms
[190.286s][info][gc,cpu         ] GC(402) User=0.00s Sys=0.00s Real=0.00s
[190.333s][info][gc,start       ] GC(403) Pause Young (Allocation Failure)
[190.334s][info][gc,heap        ] GC(403) DefNew: 279836K(314560K)->242K(314560K) Eden: 279616K(279616K)->0K(279616K) From: 220K(34944K)->242K(34944K)
[190.334s][info][gc,heap        ] GC(403) Tenured: 6332K(699072K)->6332K(699072K)
[190.334s][info][gc,metaspace   ] GC(403) Metaspace: 16566K(16896K)->16566K(16896K) NonClass: 14236K(14400K)->14236K(14400K) Class: 2330K(2496K)->2330K(2496K)
[190.334s][info][gc             ] GC(403) Pause Young (Allocation Failure) 279M->6M(989M) 0.887ms
[190.334s][info][gc,cpu         ] GC(403) User=0.00s Sys=0.00s Real=0.00s
[190.380s][info][gc,start       ] GC(404) Pause Young (Allocation Failure)
[190.380s][info][gc,heap        ] GC(404) DefNew: 279858K(314560K)->250K(314560K) Eden: 279616K(279616K)->0K(279616K) From: 242K(34944K)->250K(34944K)
[190.380s][info][gc,heap        ] GC(404) Tenured: 6332K(699072K)->6332K(699072K)
[190.380s][info][gc,metaspace   ] GC(404) Metaspace: 16566K(16896K)->16566K(16896K) NonClass: 14236K(14400K)->14236K(14400K) Class: 2330K(2496K)->2330K(2496K)
[190.380s][info][gc             ] GC(404) Pause Young (Allocation Failure) 279M->6M(989M) 0.805ms
[190.380s][info][gc,cpu         ] GC(404) User=0.00s Sys=0.00s Real=0.00s
[190.426s][info][gc,start       ] GC(405) Pause Young (Allocation Failure)
[190.426s][info][gc,heap        ] GC(405) DefNew: 279866K(314560K)->254K(314560K) Eden: 279616K(279616K)->0K(279616K) From: 250K(34944K)->254K(34944K)
[190.426s][info][gc,heap        ] GC(405) Tenured: 6332K(699072K)->6332K(699072K)
[190.426s][info][gc,metaspace   ] GC(405) Metaspace: 16566K(16896K)->16566K(16896K) NonClass: 14236K(14400K)->14236K(14400K) Class: 2330K(2496K)->2330K(2496K)
[190.426s][info][gc             ] GC(405) Pause Young (Allocation Failure) 279M->6M(989M) 0.843ms
[190.426s][info][gc,cpu         ] GC(405) User=0.00s Sys=0.00s Real=0.00s
[190.471s][info][gc,start       ] GC(406) Pause Young (Allocation Failure)
[190.472s][info][gc,heap        ] GC(406) DefNew: 279870K(314560K)->233K(314560K) Eden: 279616K(279616K)->0K(279616K) From: 254K(34944K)->233K(34944K)
[190.472s][info][gc,heap        ] GC(406) Tenured: 6332K(699072K)->6332K(699072K)
[190.472s][info][gc,metaspace   ] GC(406) Metaspace: 16566K(16896K)->16566K(16896K) NonClass: 14236K(14400K)->14236K(14400K) Class: 2330K(2496K)->2330K(2496K)
[190.472s][info][gc             ] GC(406) Pause Young (Allocation Failure) 279M->6M(989M) 0.872ms
[190.472s][info][gc,cpu         ] GC(406) User=0.00s Sys=0.00s Real=0.00s
[190.515s][info][gc,start       ] GC(407) Pause Young (Allocation Failure)
[190.516s][info][gc,heap        ] GC(407) DefNew: 279849K(314560K)->254K(314560K) Eden: 279616K(279616K)->0K(279616K) From: 233K(34944K)->254K(34944K)
[190.516s][info][gc,heap        ] GC(407) Tenured: 6332K(699072K)->6332K(699072K)
[190.516s][info][gc,metaspace   ] GC(407) Metaspace: 16566K(16896K)->16566K(16896K) NonClass: 14236K(14400K)->14236K(14400K) Class: 2330K(2496K)->2330K(2496K)
[190.516s][info][gc             ] GC(407) Pause Young (Allocation Failure) 279M->6M(989M) 0.982ms
[190.516s][info][gc,cpu         ] GC(407) User=0.00s Sys=0.00s Real=0.00s
[190.560s][info][gc,start       ] GC(408) Pause Young (Allocation Failure)
[190.561s][info][gc,heap        ] GC(408) DefNew: 279870K(314560K)->235K(314560K) Eden: 279616K(279616K)->0K(279616K) From: 254K(34944K)->235K(34944K)
[190.561s][info][gc,heap        ] GC(408) Tenured: 6332K(699072K)->6332K(699072K)
[190.561s][info][gc,metaspace   ] GC(408) Metaspace: 16566K(16896K)->16566K(16896K) NonClass: 14236K(14400K)->14236K(14400K) Class: 2330K(2496K)->2330K(2496K)
[190.561s][info][gc             ] GC(408) Pause Young (Allocation Failure) 279M->6M(989M) 0.785ms
[190.561s][info][gc,cpu         ] GC(408) User=0.00s Sys=0.00s Real=0.00s
[190.606s][info][gc,start       ] GC(409) Pause Young (Allocation Failure)
[190.606s][info][gc,heap        ] GC(409) DefNew: 279851K(314560K)->221K(314560K) Eden: 279616K(279616K)->0K(279616K) From: 235K(34944K)->221K(34944K)
[190.606s][info][gc,heap        ] GC(409) Tenured: 6332K(699072K)->6332K(699072K)
[190.606s][info][gc,metaspace   ] GC(409) Metaspace: 16566K(16896K)->16566K(16896K) NonClass: 14236K(14400K)->14236K(14400K) Class: 2330K(2496K)->2330K(2496K)
[190.606s][info][gc             ] GC(409) Pause Young (Allocation Failure) 279M->6M(989M) 0.804ms
[190.606s][info][gc,cpu         ] GC(409) User=0.00s Sys=0.00s Real=0.00s
[190.693s][info][gc,start       ] GC(410) Pause Young (Allocation Failure)
[190.895s][info][gc,heap        ] GC(410) DefNew: 279837K(314560K)->34943K(314560K) Eden: 279616K(279616K)->0K(279616K) From: 221K(34944K)->34943K(34944K)
[190.895s][info][gc,heap        ] GC(410) Tenured: 6332K(699072K)->53344K(699072K)
[190.895s][info][gc,metaspace   ] GC(410) Metaspace: 16566K(16896K)->16566K(16896K) NonClass: 14236K(14400K)->14236K(14400K) Class: 2330K(2496K)->2330K(2496K)
[190.895s][info][gc             ] GC(410) Pause Young (Allocation Failure) 279M->86M(989M) 202.253ms
[190.895s][info][gc,cpu         ] GC(410) User=0.19s Sys=0.00s Real=0.20s
[191.066s][info][gc,start       ] GC(411) Pause Young (Allocation Failure)
[191.666s][info][gc,heap        ] GC(411) DefNew: 314559K(314560K)->34944K(314560K) Eden: 279616K(279616K)->0K(279616K) From: 34943K(34944K)->34944K(34944K)
[191.666s][info][gc,heap        ] GC(411) Tenured: 53344K(699072K)->237574K(699072K)
[191.666s][info][gc,metaspace   ] GC(411) Metaspace: 16566K(16896K)->16566K(16896K) NonClass: 14236K(14400K)->14236K(14400K) Class: 2330K(2496K)->2330K(2496K)
[191.666s][info][gc             ] GC(411) Pause Young (Allocation Failure) 359M->266M(989M) 599.485ms
[191.666s][info][gc,cpu         ] GC(411) User=0.56s Sys=0.00s Real=0.60s
[191.880s][info][gc,start       ] GC(412) Pause Young (Allocation Failure)
[192.422s][info][gc,heap        ] GC(412) DefNew: 314560K(314560K)->34944K(314560K) Eden: 279616K(279616K)->0K(279616K) From: 34944K(34944K)->34944K(34944K)
[192.422s][info][gc,heap        ] GC(412) Tenured: 237574K(699072K)->407437K(699072K)
[192.422s][info][gc,metaspace   ] GC(412) Metaspace: 16566K(16896K)->16566K(16896K) NonClass: 14236K(14400K)->14236K(14400K) Class: 2330K(2496K)->2330K(2496K)
[192.422s][info][gc             ] GC(412) Pause Young (Allocation Failure) 539M->432M(989M) 542.298ms
[192.422s][info][gc,cpu         ] GC(412) User=0.50s Sys=0.00s Real=0.53s
[194.510s][info][gc,start       ] GC(413) Pause Young (Allocation Failure)
[194.887s][info][gc,heap        ] GC(413) DefNew: 314560K(314560K)->34944K(314560K) Eden: 279616K(279616K)->0K(279616K) From: 34944K(34944K)->34944K(34944K)
[194.887s][info][gc,heap        ] GC(413) Tenured: 407437K(699072K)->496284K(699072K)
[194.887s][info][gc,metaspace   ] GC(413) Metaspace: 16566K(16896K)->16566K(16896K) NonClass: 14236K(14400K)->14236K(14400K) Class: 2330K(2496K)->2330K(2496K)
[194.887s][info][gc             ] GC(413) Pause Young (Allocation Failure) 705M->518M(989M) 377.191ms
[194.887s][info][gc,cpu         ] GC(413) User=0.38s Sys=0.00s Real=0.38s
[195.025s][info][gc,start       ] GC(414) Pause Young (Allocation Failure)
[195.025s][info][gc             ] GC(414) Pause Young (Allocation Failure) 791M->791M(989M) 0.123ms
[195.025s][info][gc,cpu         ] GC(414) User=0.00s Sys=0.00s Real=0.00s
[195.025s][info][gc,start       ] GC(415) Pause Full (Allocation Failure)
[195.025s][info][gc,phases,start] GC(415) Phase 1: Mark live objects
[195.261s][info][gc,phases      ] GC(415) Phase 1: Mark live objects 236.183ms
[195.261s][info][gc,phases,start] GC(415) Phase 2: Compute new object addresses
[195.390s][info][gc,phases      ] GC(415) Phase 2: Compute new object addresses 128.712ms
[195.390s][info][gc,phases,start] GC(415) Phase 3: Adjust pointers
[195.509s][info][gc,phases      ] GC(415) Phase 3: Adjust pointers 118.823ms
[195.509s][info][gc,phases,start] GC(415) Phase 4: Move objects
[195.590s][info][gc,phases      ] GC(415) Phase 4: Move objects 81.581ms
[195.590s][info][gc,heap        ] GC(415) DefNew: 314560K(314560K)->0K(314560K) Eden: 279616K(279616K)->0K(279616K) From: 34944K(34944K)->0K(34944K)
[195.590s][info][gc,heap        ] GC(415) Tenured: 496284K(699072K)->212745K(699072K)
[195.590s][info][gc,metaspace   ] GC(415) Metaspace: 16566K(16896K)->16566K(16896K) NonClass: 14236K(14400K)->14236K(14400K) Class: 2330K(2496K)->2330K(2496K)
[195.590s][info][gc             ] GC(415) Pause Full (Allocation Failure) 791M->207M(989M) 565.785ms
[195.590s][info][gc,cpu         ] GC(415) User=0.53s Sys=0.00s Real=0.57s
[195.732s][info][gc,start       ] GC(416) Pause Young (Allocation Failure)
[196.017s][info][gc,heap        ] GC(416) DefNew: 279616K(314560K)->34944K(314560K) Eden: 279616K(279616K)->0K(279616K) From: 0K(34944K)->34944K(34944K)
[196.017s][info][gc,heap        ] GC(416) Tenured: 212745K(699072K)->295426K(699072K)
[196.017s][info][gc,metaspace   ] GC(416) Metaspace: 16566K(16896K)->16566K(16896K) NonClass: 14236K(14400K)->14236K(14400K) Class: 2330K(2496K)->2330K(2496K)
[196.017s][info][gc             ] GC(416) Pause Young (Allocation Failure) 480M->322M(989M) 284.729ms
[196.017s][info][gc,cpu         ] GC(416) User=0.28s Sys=0.00s Real=0.28s
[196.176s][info][gc,start       ] GC(417) Pause Young (Allocation Failure)
[196.645s][info][gc,heap        ] GC(417) DefNew: 314560K(314560K)->34944K(314560K) Eden: 279616K(279616K)->0K(279616K) From: 34944K(34944K)->34944K(34944K)
[196.645s][info][gc,heap        ] GC(417) Tenured: 295426K(699072K)->424179K(699072K)
[196.645s][info][gc,metaspace   ] GC(417) Metaspace: 16566K(16896K)->16566K(16896K) NonClass: 14236K(14400K)->14236K(14400K) Class: 2330K(2496K)->2330K(2496K)
[196.645s][info][gc             ] GC(417) Pause Young (Allocation Failure) 595M->448M(989M) 469.577ms
[196.645s][info][gc,cpu         ] GC(417) User=0.45s Sys=0.00s Real=0.47s
[197.104s][info][gc,start       ] GC(418) Pause Young (Allocation Failure)
[197.308s][info][gc,heap        ] GC(418) DefNew: 314560K(314560K)->24071K(314560K) Eden: 279616K(279616K)->0K(279616K) From: 34944K(34944K)->24071K(34944K)
[197.308s][info][gc,heap        ] GC(418) Tenured: 424179K(699072K)->448967K(699072K)
[197.308s][info][gc,metaspace   ] GC(418) Metaspace: 16566K(16896K)->16566K(16896K) NonClass: 14236K(14400K)->14236K(14400K) Class: 2330K(2496K)->2330K(2496K)
[197.308s][info][gc             ] GC(418) Pause Young (Allocation Failure) 721M->461M(989M) 204.254ms
[197.308s][info][gc,cpu         ] GC(418) User=0.17s Sys=0.00s Real=0.20s
[197.673s][info][gc,start       ] GC(419) Pause Young (Allocation Failure)
[197.699s][info][gc,heap        ] GC(419) DefNew: 303687K(314560K)->79K(314560K) Eden: 279616K(279616K)->0K(279616K) From: 24071K(34944K)->79K(34944K)
[197.700s][info][gc,heap        ] GC(419) Tenured: 448967K(699072K)->451374K(699072K)
[197.700s][info][gc,metaspace   ] GC(419) Metaspace: 16566K(16896K)->16566K(16896K) NonClass: 14236K(14400K)->14236K(14400K) Class: 2330K(2496K)->2330K(2496K)
[197.700s][info][gc             ] GC(419) Pause Young (Allocation Failure) 735M->440M(989M) 26.140ms
[197.700s][info][gc,cpu         ] GC(419) User=0.02s Sys=0.00s Real=0.03s
[198.363s][info][gc,start       ] GC(420) Pause Full (System.gc())
[198.364s][info][gc,phases,start] GC(420) Phase 1: Mark live objects
[198.371s][info][gc,phases      ] GC(420) Phase 1: Mark live objects 7.048ms
[198.371s][info][gc,phases,start] GC(420) Phase 2: Compute new object addresses
[198.452s][info][gc,phases      ] GC(420) Phase 2: Compute new object addresses 81.417ms
[198.452s][info][gc,phases,start] GC(420) Phase 3: Adjust pointers
[198.456s][info][gc,phases      ] GC(420) Phase 3: Adjust pointers 3.992ms
[198.456s][info][gc,phases,start] GC(420) Phase 4: Move objects
[198.456s][info][gc,phases      ] GC(420) Phase 4: Move objects 0.009ms
[198.456s][info][gc,heap        ] GC(420) DefNew: 88480K(314560K)->0K(314560K) Eden: 88400K(279616K)->0K(279616K) From: 79K(34944K)->0K(34944K)
[198.456s][info][gc,heap        ] GC(420) Tenured: 451374K(699072K)->6331K(699072K)
[198.456s][info][gc,metaspace   ] GC(420) Metaspace: 16566K(16896K)->16566K(16896K) NonClass: 14236K(14400K)->14236K(14400K) Class: 2330K(2496K)->2330K(2496K)
[198.456s][info][gc             ] GC(420) Pause Full (System.gc()) 527M->6M(989M) 92.822ms
[198.456s][info][gc,cpu         ] GC(420) User=0.08s Sys=0.00s Real=0.09s
[199.730s][info][gc,start       ] GC(421) Pause Young (Allocation Failure)
[199.734s][info][gc,heap        ] GC(421) DefNew: 279616K(314560K)->249K(314560K) Eden: 279616K(279616K)->0K(279616K) From: 0K(34944K)->249K(34944K)
[199.734s][info][gc,heap        ] GC(421) Tenured: 6331K(699072K)->6331K(699072K)
[199.734s][info][gc,metaspace   ] GC(421) Metaspace: 16566K(16896K)->16566K(16896K) NonClass: 14236K(14400K)->14236K(14400K) Class: 2330K(2496K)->2330K(2496K)
[199.734s][info][gc             ] GC(421) Pause Young (Allocation Failure) 279M->6M(989M) 3.860ms
[199.734s][info][gc,cpu         ] GC(421) User=0.00s Sys=0.00s Real=0.00s
[199.777s][info][gc,start       ] GC(422) Pause Young (Allocation Failure)
[199.778s][info][gc,heap        ] GC(422) DefNew: 279865K(314560K)->266K(314560K) Eden: 279616K(279616K)->0K(279616K) From: 249K(34944K)->266K(34944K)
[199.778s][info][gc,heap        ] GC(422) Tenured: 6331K(699072K)->6331K(699072K)
[199.778s][info][gc,metaspace   ] GC(422) Metaspace: 16566K(16896K)->16566K(16896K) NonClass: 14236K(14400K)->14236K(14400K) Class: 2330K(2496K)->2330K(2496K)
[199.778s][info][gc             ] GC(422) Pause Young (Allocation Failure) 279M->6M(989M) 0.797ms
[199.778s][info][gc,cpu         ] GC(422) User=0.00s Sys=0.00s Real=0.00s
[199.823s][info][gc,start       ] GC(423) Pause Young (Allocation Failure)
[199.824s][info][gc,heap        ] GC(423) DefNew: 279882K(314560K)->253K(314560K) Eden: 279616K(279616K)->0K(279616K) From: 266K(34944K)->253K(34944K)
[199.824s][info][gc,heap        ] GC(423) Tenured: 6331K(699072K)->6331K(699072K)
[199.824s][info][gc,metaspace   ] GC(423) Metaspace: 16566K(16896K)->16566K(16896K) NonClass: 14236K(14400K)->14236K(14400K) Class: 2330K(2496K)->2330K(2496K)
[199.824s][info][gc             ] GC(423) Pause Young (Allocation Failure) 279M->6M(989M) 0.794ms
[199.824s][info][gc,cpu         ] GC(423) User=0.00s Sys=0.00s Real=0.00s
[199.868s][info][gc,start       ] GC(424) Pause Young (Allocation Failure)
[199.869s][info][gc,heap        ] GC(424) DefNew: 279869K(314560K)->237K(314560K) Eden: 279616K(279616K)->0K(279616K) From: 253K(34944K)->237K(34944K)
[199.869s][info][gc,heap        ] GC(424) Tenured: 6331K(699072K)->6331K(699072K)
[199.869s][info][gc,metaspace   ] GC(424) Metaspace: 16566K(16896K)->16566K(16896K) NonClass: 14236K(14400K)->14236K(14400K) Class: 2330K(2496K)->2330K(2496K)
[199.869s][info][gc             ] GC(424) Pause Young (Allocation Failure) 279M->6M(989M) 0.787ms
[199.869s][info][gc,cpu         ] GC(424) User=0.00s Sys=0.00s Real=0.00s
[199.913s][info][gc,start       ] GC(425) Pause Young (Allocation Failure)
[199.913s][info][gc,heap        ] GC(425) DefNew: 279853K(314560K)->229K(314560K) Eden: 279616K(279616K)->0K(279616K) From: 237K(34944K)->229K(34944K)
[199.913s][info][gc,heap        ] GC(425) Tenured: 6331K(699072K)->6331K(699072K)
[199.913s][info][gc,metaspace   ] GC(425) Metaspace: 16566K(16896K)->16566K(16896K) NonClass: 14236K(14400K)->14236K(14400K) Class: 2330K(2496K)->2330K(2496K)
[199.914s][info][gc             ] GC(425) Pause Young (Allocation Failure) 279M->6M(989M) 0.853ms
[199.914s][info][gc,cpu         ] GC(425) User=0.00s Sys=0.00s Real=0.00s
[199.958s][info][gc,start       ] GC(426) Pause Young (Allocation Failure)
[199.959s][info][gc,heap        ] GC(426) DefNew: 279845K(314560K)->265K(314560K) Eden: 279616K(279616K)->0K(279616K) From: 229K(34944K)->265K(34944K)
[199.959s][info][gc,heap        ] GC(426) Tenured: 6331K(699072K)->6331K(699072K)
[199.959s][info][gc,metaspace   ] GC(426) Metaspace: 16566K(16896K)->16566K(16896K) NonClass: 14236K(14400K)->14236K(14400K) Class: 2330K(2496K)->2330K(2496K)
[199.959s][info][gc             ] GC(426) Pause Young (Allocation Failure) 279M->6M(989M) 0.919ms
[199.959s][info][gc,cpu         ] GC(426) User=0.00s Sys=0.00s Real=0.00s
[200.002s][info][gc,start       ] GC(427) Pause Young (Allocation Failure)
[200.003s][info][gc,heap        ] GC(427) DefNew: 279881K(314560K)->239K(314560K) Eden: 279616K(279616K)->0K(279616K) From: 265K(34944K)->239K(34944K)
[200.003s][info][gc,heap        ] GC(427) Tenured: 6331K(699072K)->6331K(699072K)
[200.003s][info][gc,metaspace   ] GC(427) Metaspace: 16566K(16896K)->16566K(16896K) NonClass: 14236K(14400K)->14236K(14400K) Class: 2330K(2496K)->2330K(2496K)
[200.003s][info][gc             ] GC(427) Pause Young (Allocation Failure) 279M->6M(989M) 0.760ms
[200.003s][info][gc,cpu         ] GC(427) User=0.00s Sys=0.00s Real=0.00s
[200.047s][info][gc,start       ] GC(428) Pause Young (Allocation Failure)
[200.047s][info][gc,heap        ] GC(428) DefNew: 279855K(314560K)->236K(314560K) Eden: 279616K(279616K)->0K(279616K) From: 239K(34944K)->236K(34944K)
[200.047s][info][gc,heap        ] GC(428) Tenured: 6331K(699072K)->6331K(699072K)
[200.047s][info][gc,metaspace   ] GC(428) Metaspace: 16566K(16896K)->16566K(16896K) NonClass: 14236K(14400K)->14236K(14400K) Class: 2330K(2496K)->2330K(2496K)
[200.047s][info][gc             ] GC(428) Pause Young (Allocation Failure) 279M->6M(989M) 0.824ms
[200.047s][info][gc,cpu         ] GC(428) User=0.00s Sys=0.00s Real=0.00s
[200.092s][info][gc,start       ] GC(429) Pause Young (Allocation Failure)
[200.093s][info][gc,heap        ] GC(429) DefNew: 279852K(314560K)->254K(314560K) Eden: 279616K(279616K)->0K(279616K) From: 236K(34944K)->254K(34944K)
[200.093s][info][gc,heap        ] GC(429) Tenured: 6331K(699072K)->6331K(699072K)
[200.093s][info][gc,metaspace   ] GC(429) Metaspace: 16566K(16896K)->16566K(16896K) NonClass: 14236K(14400K)->14236K(14400K) Class: 2330K(2496K)->2330K(2496K)
[200.093s][info][gc             ] GC(429) Pause Young (Allocation Failure) 279M->6M(989M) 0.908ms
[200.093s][info][gc,cpu         ] GC(429) User=0.00s Sys=0.00s Real=0.00s
[200.138s][info][gc,start       ] GC(430) Pause Young (Allocation Failure)
[200.139s][info][gc,heap        ] GC(430) DefNew: 279870K(314560K)->188K(314560K) Eden: 279616K(279616K)->0K(279616K) From: 254K(34944K)->188K(34944K)
[200.139s][info][gc,heap        ] GC(430) Tenured: 6331K(699072K)->6331K(699072K)
[200.139s][info][gc,metaspace   ] GC(430) Metaspace: 16566K(16896K)->16566K(16896K) NonClass: 14236K(14400K)->14236K(14400K) Class: 2330K(2496K)->2330K(2496K)
[200.139s][info][gc             ] GC(430) Pause Young (Allocation Failure) 279M->6M(989M) 0.762ms
[200.139s][info][gc,cpu         ] GC(430) User=0.00s Sys=0.00s Real=0.00s
[200.223s][info][gc,start       ] GC(431) Pause Young (Allocation Failure)
[200.416s][info][gc,heap        ] GC(431) DefNew: 279804K(314560K)->34943K(314560K) Eden: 279616K(279616K)->0K(279616K) From: 188K(34944K)->34943K(34944K)
[200.416s][info][gc,heap        ] GC(431) Tenured: 6331K(699072K)->48235K(699072K)
[200.416s][info][gc,metaspace   ] GC(431) Metaspace: 16566K(16896K)->16566K(16896K) NonClass: 14236K(14400K)->14236K(14400K) Class: 2330K(2496K)->2330K(2496K)
[200.416s][info][gc             ] GC(431) Pause Young (Allocation Failure) 279M->81M(989M) 192.571ms
[200.416s][info][gc,cpu         ] GC(431) User=0.17s Sys=0.00s Real=0.19s
[200.589s][info][gc,start       ] GC(432) Pause Young (Allocation Failure)
[201.180s][info][gc,heap        ] GC(432) DefNew: 314559K(314560K)->34944K(314560K) Eden: 279616K(279616K)->0K(279616K) From: 34943K(34944K)->34944K(34944K)
[201.180s][info][gc,heap        ] GC(432) Tenured: 48235K(699072K)->232240K(699072K)
[201.180s][info][gc,metaspace   ] GC(432) Metaspace: 16566K(16896K)->16566K(16896K) NonClass: 14236K(14400K)->14236K(14400K) Class: 2330K(2496K)->2330K(2496K)
[201.180s][info][gc             ] GC(432) Pause Young (Allocation Failure) 354M->260M(989M) 591.515ms
[201.180s][info][gc,cpu         ] GC(432) User=0.56s Sys=0.00s Real=0.60s
[201.385s][info][gc,start       ] GC(433) Pause Young (Allocation Failure)
[201.928s][info][gc,heap        ] GC(433) DefNew: 314560K(314560K)->34944K(314560K) Eden: 279616K(279616K)->0K(279616K) From: 34944K(34944K)->34944K(34944K)
[201.928s][info][gc,heap        ] GC(433) Tenured: 232240K(699072K)->407447K(699072K)
[201.928s][info][gc,metaspace   ] GC(433) Metaspace: 16566K(16896K)->16566K(16896K) NonClass: 14236K(14400K)->14236K(14400K) Class: 2330K(2496K)->2330K(2496K)
[201.928s][info][gc             ] GC(433) Pause Young (Allocation Failure) 533M->432M(989M) 543.352ms
[201.928s][info][gc,cpu         ] GC(433) User=0.53s Sys=0.00s Real=0.55s
[204.790s][info][gc,start       ] GC(434) Pause Young (Allocation Failure)
[205.186s][info][gc,heap        ] GC(434) DefNew: 314560K(314560K)->34944K(314560K) Eden: 279616K(279616K)->0K(279616K) From: 34944K(34944K)->34944K(34944K)
[205.186s][info][gc,heap        ] GC(434) Tenured: 407447K(699072K)->493760K(699072K)
[205.186s][info][gc,metaspace   ] GC(434) Metaspace: 16566K(16896K)->16566K(16896K) NonClass: 14236K(14400K)->14236K(14400K) Class: 2330K(2496K)->2330K(2496K)
[205.186s][info][gc             ] GC(434) Pause Young (Allocation Failure) 705M->516M(989M) 395.692ms
[205.186s][info][gc,cpu         ] GC(434) User=0.38s Sys=0.00s Real=0.39s
[205.325s][info][gc,start       ] GC(435) Pause Young (Allocation Failure)
[205.326s][info][gc             ] GC(435) Pause Young (Allocation Failure) 789M->789M(989M) 0.114ms
[205.326s][info][gc,cpu         ] GC(435) User=0.00s Sys=0.00s Real=0.00s
[205.326s][info][gc,start       ] GC(436) Pause Full (Allocation Failure)
[205.326s][info][gc,phases,start] GC(436) Phase 1: Mark live objects
[205.568s][info][gc,phases      ] GC(436) Phase 1: Mark live objects 242.573ms
[205.568s][info][gc,phases,start] GC(436) Phase 2: Compute new object addresses
[205.693s][info][gc,phases      ] GC(436) Phase 2: Compute new object addresses 125.065ms
[205.693s][info][gc,phases,start] GC(436) Phase 3: Adjust pointers
[205.819s][info][gc,phases      ] GC(436) Phase 3: Adjust pointers 125.836ms
[205.819s][info][gc,phases,start] GC(436) Phase 4: Move objects
[205.901s][info][gc,phases      ] GC(436) Phase 4: Move objects 81.287ms
[205.901s][info][gc,heap        ] GC(436) DefNew: 314560K(314560K)->0K(314560K) Eden: 279616K(279616K)->0K(279616K) From: 34944K(34944K)->0K(34944K)
[205.901s][info][gc,heap        ] GC(436) Tenured: 493760K(699072K)->210003K(699072K)
[205.901s][info][gc,metaspace   ] GC(436) Metaspace: 16566K(16896K)->16566K(16896K) NonClass: 14236K(14400K)->14236K(14400K) Class: 2330K(2496K)->2330K(2496K)
[205.901s][info][gc             ] GC(436) Pause Full (Allocation Failure) 789M->205M(989M) 575.237ms
[205.901s][info][gc,cpu         ] GC(436) User=0.55s Sys=0.00s Real=0.56s
[206.042s][info][gc,start       ] GC(437) Pause Young (Allocation Failure)
[206.329s][info][gc,heap        ] GC(437) DefNew: 279616K(314560K)->34943K(314560K) Eden: 279616K(279616K)->0K(279616K) From: 0K(34944K)->34943K(34944K)
[206.329s][info][gc,heap        ] GC(437) Tenured: 210003K(699072K)->292690K(699072K)
[206.329s][info][gc,metaspace   ] GC(437) Metaspace: 16566K(16896K)->16566K(16896K) NonClass: 14236K(14400K)->14236K(14400K) Class: 2330K(2496K)->2330K(2496K)
[206.329s][info][gc             ] GC(437) Pause Young (Allocation Failure) 478M->319M(989M) 286.904ms
[206.329s][info][gc,cpu         ] GC(437) User=0.30s Sys=0.00s Real=0.30s
[206.488s][info][gc,start       ] GC(438) Pause Young (Allocation Failure)
[206.943s][info][gc,heap        ] GC(438) DefNew: 314559K(314560K)->34944K(314560K) Eden: 279616K(279616K)->0K(279616K) From: 34943K(34944K)->34944K(34944K)
[206.943s][info][gc,heap        ] GC(438) Tenured: 292690K(699072K)->419521K(699072K)
[206.943s][info][gc,metaspace   ] GC(438) Metaspace: 16566K(16896K)->16566K(16896K) NonClass: 14236K(14400K)->14236K(14400K) Class: 2330K(2496K)->2330K(2496K)
[206.943s][info][gc             ] GC(438) Pause Young (Allocation Failure) 593M->443M(989M) 455.304ms
[206.943s][info][gc,cpu         ] GC(438) User=0.44s Sys=0.00s Real=0.45s
[207.421s][info][gc,start       ] GC(439) Pause Young (Allocation Failure)
[207.633s][info][gc,heap        ] GC(439) DefNew: 314560K(314560K)->28772K(314560K) Eden: 279616K(279616K)->0K(279616K) From: 34944K(34944K)->28772K(34944K)
[207.633s][info][gc,heap        ] GC(439) Tenured: 419521K(699072K)->444607K(699072K)
[207.633s][info][gc,metaspace   ] GC(439) Metaspace: 16566K(16896K)->16566K(16896K) NonClass: 14236K(14400K)->14236K(14400K) Class: 2330K(2496K)->2330K(2496K)
[207.633s][info][gc             ] GC(439) Pause Young (Allocation Failure) 716M->462M(989M) 212.148ms
[207.633s][info][gc,cpu         ] GC(439) User=0.20s Sys=0.00s Real=0.22s
[207.999s][info][gc,start       ] GC(440) Pause Young (Allocation Failure)
[208.041s][info][gc,heap        ] GC(440) DefNew: 308388K(314560K)->258K(314560K) Eden: 279616K(279616K)->0K(279616K) From: 28772K(34944K)->258K(34944K)
[208.041s][info][gc,heap        ] GC(440) Tenured: 444607K(699072K)->447702K(699072K)
[208.041s][info][gc,metaspace   ] GC(440) Metaspace: 16566K(16896K)->16566K(16896K) NonClass: 14236K(14400K)->14236K(14400K) Class: 2330K(2496K)->2330K(2496K)
[208.041s][info][gc             ] GC(440) Pause Young (Allocation Failure) 735M->437M(989M) 41.919ms
[208.041s][info][gc,cpu         ] GC(440) User=0.02s Sys=0.00s Real=0.05s
[208.693s][info][gc,start       ] GC(441) Pause Full (System.gc())
[208.694s][info][gc,phases,start] GC(441) Phase 1: Mark live objects
[208.701s][info][gc,phases      ] GC(441) Phase 1: Mark live objects 7.003ms
[208.701s][info][gc,phases,start] GC(441) Phase 2: Compute new object addresses
[208.782s][info][gc,phases      ] GC(441) Phase 2: Compute new object addresses 81.239ms
[208.782s][info][gc,phases,start] GC(441) Phase 3: Adjust pointers
[208.786s][info][gc,phases      ] GC(441) Phase 3: Adjust pointers 3.995ms
[208.786s][info][gc,phases,start] GC(441) Phase 4: Move objects
[208.786s][info][gc,phases      ] GC(441) Phase 4: Move objects 0.010ms
[208.786s][info][gc,heap        ] GC(441) DefNew: 95007K(314560K)->0K(314560K) Eden: 94748K(279616K)->0K(279616K) From: 258K(34944K)->0K(34944K)
[208.786s][info][gc,heap        ] GC(441) Tenured: 447702K(699072K)->6332K(699072K)
[208.786s][info][gc,metaspace   ] GC(441) Metaspace: 16566K(16896K)->16566K(16896K) NonClass: 14236K(14400K)->14236K(14400K) Class: 2330K(2496K)->2330K(2496K)
[208.786s][info][gc             ] GC(441) Pause Full (System.gc()) 529M->6M(989M) 92.640ms
[208.786s][info][gc,cpu         ] GC(441) User=0.08s Sys=0.00s Real=0.09s
[210.278s][info][gc,start       ] GC(442) Pause Young (Allocation Failure)
[210.280s][info][gc,heap        ] GC(442) DefNew: 279616K(314560K)->249K(314560K) Eden: 279616K(279616K)->0K(279616K) From: 0K(34944K)->249K(34944K)
[210.280s][info][gc,heap        ] GC(442) Tenured: 6332K(699072K)->6332K(699072K)
[210.280s][info][gc,metaspace   ] GC(442) Metaspace: 16567K(16896K)->16567K(16896K) NonClass: 14236K(14400K)->14236K(14400K) Class: 2330K(2496K)->2330K(2496K)
[210.280s][info][gc             ] GC(442) Pause Young (Allocation Failure) 279M->6M(989M) 1.127ms
[210.280s][info][gc,cpu         ] GC(442) User=0.00s Sys=0.00s Real=0.00s
[210.327s][info][gc,start       ] GC(443) Pause Young (Allocation Failure)
[210.328s][info][gc,heap        ] GC(443) DefNew: 279865K(314560K)->249K(314560K) Eden: 279616K(279616K)->0K(279616K) From: 249K(34944K)->249K(34944K)
[210.328s][info][gc,heap        ] GC(443) Tenured: 6332K(699072K)->6332K(699072K)
[210.328s][info][gc,metaspace   ] GC(443) Metaspace: 16567K(16896K)->16567K(16896K) NonClass: 14236K(14400K)->14236K(14400K) Class: 2330K(2496K)->2330K(2496K)
[210.328s][info][gc             ] GC(443) Pause Young (Allocation Failure) 279M->6M(989M) 0.817ms
[210.328s][info][gc,cpu         ] GC(443) User=0.00s Sys=0.00s Real=0.00s
[210.372s][info][gc,start       ] GC(444) Pause Young (Allocation Failure)
[210.373s][info][gc,heap        ] GC(444) DefNew: 279865K(314560K)->257K(314560K) Eden: 279616K(279616K)->0K(279616K) From: 249K(34944K)->257K(34944K)
[210.373s][info][gc,heap        ] GC(444) Tenured: 6332K(699072K)->6332K(699072K)
[210.373s][info][gc,metaspace   ] GC(444) Metaspace: 16567K(16896K)->16567K(16896K) NonClass: 14236K(14400K)->14236K(14400K) Class: 2330K(2496K)->2330K(2496K)
[210.373s][info][gc             ] GC(444) Pause Young (Allocation Failure) 279M->6M(989M) 0.811ms
[210.373s][info][gc,cpu         ] GC(444) User=0.00s Sys=0.00s Real=0.00s
[210.417s][info][gc,start       ] GC(445) Pause Young (Allocation Failure)
[210.418s][info][gc,heap        ] GC(445) DefNew: 279873K(314560K)->233K(314560K) Eden: 279616K(279616K)->0K(279616K) From: 257K(34944K)->233K(34944K)
[210.418s][info][gc,heap        ] GC(445) Tenured: 6332K(699072K)->6332K(699072K)
[210.418s][info][gc,metaspace   ] GC(445) Metaspace: 16567K(16896K)->16567K(16896K) NonClass: 14236K(14400K)->14236K(14400K) Class: 2330K(2496K)->2330K(2496K)
[210.418s][info][gc             ] GC(445) Pause Young (Allocation Failure) 279M->6M(989M) 0.849ms
[210.418s][info][gc,cpu         ] GC(445) User=0.00s Sys=0.00s Real=0.00s
[210.462s][info][gc,start       ] GC(446) Pause Young (Allocation Failure)
[210.463s][info][gc,heap        ] GC(446) DefNew: 279849K(314560K)->233K(314560K) Eden: 279616K(279616K)->0K(279616K) From: 233K(34944K)->233K(34944K)
[210.463s][info][gc,heap        ] GC(446) Tenured: 6332K(699072K)->6332K(699072K)
[210.463s][info][gc,metaspace   ] GC(446) Metaspace: 16567K(16896K)->16567K(16896K) NonClass: 14236K(14400K)->14236K(14400K) Class: 2330K(2496K)->2330K(2496K)
[210.463s][info][gc             ] GC(446) Pause Young (Allocation Failure) 279M->6M(989M) 0.961ms
[210.463s][info][gc,cpu         ] GC(446) User=0.00s Sys=0.00s Real=0.00s
[210.508s][info][gc,start       ] GC(447) Pause Young (Allocation Failure)
[210.508s][info][gc,heap        ] GC(447) DefNew: 279849K(314560K)->241K(314560K) Eden: 279616K(279616K)->0K(279616K) From: 233K(34944K)->241K(34944K)
[210.508s][info][gc,heap        ] GC(447) Tenured: 6332K(699072K)->6332K(699072K)
[210.508s][info][gc,metaspace   ] GC(447) Metaspace: 16567K(16896K)->16567K(16896K) NonClass: 14236K(14400K)->14236K(14400K) Class: 2330K(2496K)->2330K(2496K)
[210.508s][info][gc             ] GC(447) Pause Young (Allocation Failure) 279M->6M(989M) 0.785ms
[210.508s][info][gc,cpu         ] GC(447) User=0.00s Sys=0.00s Real=0.00s
[210.554s][info][gc,start       ] GC(448) Pause Young (Allocation Failure)
[210.557s][info][gc,heap        ] GC(448) DefNew: 279857K(314560K)->230K(314560K) Eden: 279616K(279616K)->0K(279616K) From: 241K(34944K)->230K(34944K)
[210.557s][info][gc,heap        ] GC(448) Tenured: 6332K(699072K)->6332K(699072K)
[210.557s][info][gc,metaspace   ] GC(448) Metaspace: 16567K(16896K)->16567K(16896K) NonClass: 14236K(14400K)->14236K(14400K) Class: 2330K(2496K)->2330K(2496K)
[210.557s][info][gc             ] GC(448) Pause Young (Allocation Failure) 279M->6M(989M) 3.285ms
[210.557s][info][gc,cpu         ] GC(448) User=0.00s Sys=0.00s Real=0.02s
[210.602s][info][gc,start       ] GC(449) Pause Young (Allocation Failure)
[210.603s][info][gc,heap        ] GC(449) DefNew: 279846K(314560K)->231K(314560K) Eden: 279616K(279616K)->0K(279616K) From: 230K(34944K)->231K(34944K)
[210.603s][info][gc,heap        ] GC(449) Tenured: 6332K(699072K)->6332K(699072K)
[210.603s][info][gc,metaspace   ] GC(449) Metaspace: 16567K(16896K)->16567K(16896K) NonClass: 14236K(14400K)->14236K(14400K) Class: 2330K(2496K)->2330K(2496K)
[210.603s][info][gc             ] GC(449) Pause Young (Allocation Failure) 279M->6M(989M) 0.771ms
[210.603s][info][gc,cpu         ] GC(449) User=0.00s Sys=0.00s Real=0.00s
[210.647s][info][gc,start       ] GC(450) Pause Young (Allocation Failure)
[210.648s][info][gc,heap        ] GC(450) DefNew: 279847K(314560K)->217K(314560K) Eden: 279616K(279616K)->0K(279616K) From: 231K(34944K)->217K(34944K)
[210.648s][info][gc,heap        ] GC(450) Tenured: 6332K(699072K)->6332K(699072K)
[210.648s][info][gc,metaspace   ] GC(450) Metaspace: 16567K(16896K)->16567K(16896K) NonClass: 14236K(14400K)->14236K(14400K) Class: 2330K(2496K)->2330K(2496K)
[210.648s][info][gc             ] GC(450) Pause Young (Allocation Failure) 279M->6M(989M) 0.785ms
[210.648s][info][gc,cpu         ] GC(450) User=0.00s Sys=0.00s Real=0.00s
[210.694s][info][gc,start       ] GC(451) Pause Young (Allocation Failure)
[210.695s][info][gc,heap        ] GC(451) DefNew: 279833K(314560K)->218K(314560K) Eden: 279616K(279616K)->0K(279616K) From: 217K(34944K)->218K(34944K)
[210.695s][info][gc,heap        ] GC(451) Tenured: 6332K(699072K)->6332K(699072K)
[210.695s][info][gc,metaspace   ] GC(451) Metaspace: 16567K(16896K)->16567K(16896K) NonClass: 14236K(14400K)->14236K(14400K) Class: 2330K(2496K)->2330K(2496K)
[210.695s][info][gc             ] GC(451) Pause Young (Allocation Failure) 279M->6M(989M) 0.790ms
[210.695s][info][gc,cpu         ] GC(451) User=0.00s Sys=0.00s Real=0.00s
[210.776s][info][gc,start       ] GC(452) Pause Young (Allocation Failure)
[210.963s][info][gc,heap        ] GC(452) DefNew: 279834K(314560K)->34944K(314560K) Eden: 279616K(279616K)->0K(279616K) From: 218K(34944K)->34944K(34944K)
[210.963s][info][gc,heap        ] GC(452) Tenured: 6332K(699072K)->47269K(699072K)
[210.963s][info][gc,metaspace   ] GC(452) Metaspace: 16570K(16896K)->16570K(16896K) NonClass: 14240K(14400K)->14240K(14400K) Class: 2330K(2496K)->2330K(2496K)
[210.963s][info][gc             ] GC(452) Pause Young (Allocation Failure) 279M->80M(989M) 186.950ms
[210.963s][info][gc,cpu         ] GC(452) User=0.16s Sys=0.00s Real=0.19s
[211.134s][info][gc,start       ] GC(453) Pause Young (Allocation Failure)
[211.727s][info][gc,heap        ] GC(453) DefNew: 314560K(314560K)->34943K(314560K) Eden: 279616K(279616K)->0K(279616K) From: 34944K(34944K)->34943K(34944K)
[211.727s][info][gc,heap        ] GC(453) Tenured: 47269K(699072K)->232029K(699072K)
[211.727s][info][gc,metaspace   ] GC(453) Metaspace: 16570K(16896K)->16570K(16896K) NonClass: 14240K(14400K)->14240K(14400K) Class: 2330K(2496K)->2330K(2496K)
[211.727s][info][gc             ] GC(453) Pause Young (Allocation Failure) 353M->260M(989M) 593.722ms
[211.727s][info][gc,cpu         ] GC(453) User=0.59s Sys=0.00s Real=0.60s
[211.932s][info][gc,start       ] GC(454) Pause Young (Allocation Failure)
[212.481s][info][gc,heap        ] GC(454) DefNew: 314559K(314560K)->34944K(314560K) Eden: 279616K(279616K)->0K(279616K) From: 34943K(34944K)->34944K(34944K)
[212.481s][info][gc,heap        ] GC(454) Tenured: 232029K(699072K)->408105K(699072K)
[212.481s][info][gc,metaspace   ] GC(454) Metaspace: 16570K(16896K)->16570K(16896K) NonClass: 14240K(14400K)->14240K(14400K) Class: 2330K(2496K)->2330K(2496K)
[212.481s][info][gc             ] GC(454) Pause Young (Allocation Failure) 533M->432M(989M) 549.348ms
[212.481s][info][gc,cpu         ] GC(454) User=0.56s Sys=0.00s Real=0.56s
[214.486s][info][gc,start       ] GC(455) Pause Young (Allocation Failure)
[214.881s][info][gc,heap        ] GC(455) DefNew: 314560K(314560K)->34944K(314560K) Eden: 279616K(279616K)->0K(279616K) From: 34944K(34944K)->34944K(34944K)
[214.881s][info][gc,heap        ] GC(455) Tenured: 408105K(699072K)->494102K(699072K)
[214.881s][info][gc,metaspace   ] GC(455) Metaspace: 16570K(16896K)->16570K(16896K) NonClass: 14240K(14400K)->14240K(14400K) Class: 2330K(2496K)->2330K(2496K)
[214.881s][info][gc             ] GC(455) Pause Young (Allocation Failure) 705M->516M(989M) 394.895ms
[214.881s][info][gc,cpu         ] GC(455) User=0.38s Sys=0.00s Real=0.39s
[215.018s][info][gc,start       ] GC(456) Pause Young (Allocation Failure)
[215.019s][info][gc             ] GC(456) Pause Young (Allocation Failure) 789M->789M(989M) 0.120ms
[215.019s][info][gc,cpu         ] GC(456) User=0.00s Sys=0.00s Real=0.00s
[215.019s][info][gc,start       ] GC(457) Pause Full (Allocation Failure)
[215.019s][info][gc,phases,start] GC(457) Phase 1: Mark live objects
[215.261s][info][gc,phases      ] GC(457) Phase 1: Mark live objects 242.036ms
[215.261s][info][gc,phases,start] GC(457) Phase 2: Compute new object addresses
[215.390s][info][gc,phases      ] GC(457) Phase 2: Compute new object addresses 129.028ms
[215.390s][info][gc,phases,start] GC(457) Phase 3: Adjust pointers
[215.516s][info][gc,phases      ] GC(457) Phase 3: Adjust pointers 126.003ms
[215.516s][info][gc,phases,start] GC(457) Phase 4: Move objects
[215.597s][info][gc,phases      ] GC(457) Phase 4: Move objects 80.869ms
[215.597s][info][gc,heap        ] GC(457) DefNew: 314560K(314560K)->0K(314560K) Eden: 279616K(279616K)->0K(279616K) From: 34944K(34944K)->0K(34944K)
[215.597s][info][gc,heap        ] GC(457) Tenured: 494102K(699072K)->209654K(699072K)
[215.597s][info][gc,metaspace   ] GC(457) Metaspace: 16570K(16896K)->16570K(16896K) NonClass: 14240K(14400K)->14240K(14400K) Class: 2330K(2496K)->2330K(2496K)
[215.597s][info][gc             ] GC(457) Pause Full (Allocation Failure) 789M->204M(989M) 578.389ms
[215.597s][info][gc,cpu         ] GC(457) User=0.56s Sys=0.00s Real=0.58s
[215.739s][info][gc,start       ] GC(458) Pause Young (Allocation Failure)
[216.023s][info][gc,heap        ] GC(458) DefNew: 279616K(314560K)->34943K(314560K) Eden: 279616K(279616K)->0K(279616K) From: 0K(34944K)->34943K(34944K)
[216.024s][info][gc,heap        ] GC(458) Tenured: 209654K(699072K)->292344K(699072K)
[216.024s][info][gc,metaspace   ] GC(458) Metaspace: 16570K(16896K)->16570K(16896K) NonClass: 14240K(14400K)->14240K(14400K) Class: 2330K(2496K)->2330K(2496K)
[216.024s][info][gc             ] GC(458) Pause Young (Allocation Failure) 477M->319M(989M) 284.927ms
[216.024s][info][gc,cpu         ] GC(458) User=0.28s Sys=0.00s Real=0.28s
[216.183s][info][gc,start       ] GC(459) Pause Young (Allocation Failure)
[216.635s][info][gc,heap        ] GC(459) DefNew: 314559K(314560K)->34944K(314560K) Eden: 279616K(279616K)->0K(279616K) From: 34943K(34944K)->34944K(34944K)
[216.636s][info][gc,heap        ] GC(459) Tenured: 292344K(699072K)->418896K(699072K)
[216.636s][info][gc,metaspace   ] GC(459) Metaspace: 16570K(16896K)->16570K(16896K) NonClass: 14240K(14400K)->14240K(14400K) Class: 2330K(2496K)->2330K(2496K)
[216.636s][info][gc             ] GC(459) Pause Young (Allocation Failure) 592M->443M(989M) 452.889ms
[216.636s][info][gc,cpu         ] GC(459) User=0.44s Sys=0.00s Real=0.45s
[217.111s][info][gc,start       ] GC(460) Pause Young (Allocation Failure)
[217.327s][info][gc,heap        ] GC(460) DefNew: 314560K(314560K)->29369K(314560K) Eden: 279616K(279616K)->0K(279616K) From: 34944K(34944K)->29369K(34944K)
[217.327s][info][gc,heap        ] GC(460) Tenured: 418896K(699072K)->444019K(699072K)
[217.327s][info][gc,metaspace   ] GC(460) Metaspace: 16570K(16896K)->16570K(16896K) NonClass: 14240K(14400K)->14240K(14400K) Class: 2330K(2496K)->2330K(2496K)
[217.327s][info][gc             ] GC(460) Pause Young (Allocation Failure) 716M->462M(989M) 215.774ms
[217.327s][info][gc,cpu         ] GC(460) User=0.19s Sys=0.00s Real=0.22s
[217.691s][info][gc,start       ] GC(461) Pause Young (Allocation Failure)
[217.736s][info][gc,heap        ] GC(461) DefNew: 308985K(314560K)->288K(314560K) Eden: 279616K(279616K)->0K(279616K) From: 29369K(34944K)->288K(34944K)
[217.736s][info][gc,heap        ] GC(461) Tenured: 444019K(699072K)->447198K(699072K)
[217.736s][info][gc,metaspace   ] GC(461) Metaspace: 16570K(16896K)->16570K(16896K) NonClass: 14240K(14400K)->14240K(14400K) Class: 2330K(2496K)->2330K(2496K)
[217.736s][info][gc             ] GC(461) Pause Young (Allocation Failure) 735M->436M(989M) 44.534ms
[217.736s][info][gc,cpu         ] GC(461) User=0.03s Sys=0.00s Real=0.05s
[218.434s][info][gc,start       ] GC(462) Pause Full (System.gc())
[218.434s][info][gc,phases,start] GC(462) Phase 1: Mark live objects
[218.441s][info][gc,phases      ] GC(462) Phase 1: Mark live objects 6.801ms
[218.441s][info][gc,phases,start] GC(462) Phase 2: Compute new object addresses
[218.522s][info][gc,phases      ] GC(462) Phase 2: Compute new object addresses 81.376ms
[218.522s][info][gc,phases,start] GC(462) Phase 3: Adjust pointers
[218.526s][info][gc,phases      ] GC(462) Phase 3: Adjust pointers 4.004ms
[218.526s][info][gc,phases,start] GC(462) Phase 4: Move objects
[218.526s][info][gc,phases      ] GC(462) Phase 4: Move objects 0.009ms
[218.526s][info][gc,heap        ] GC(462) DefNew: 97481K(314560K)->0K(314560K) Eden: 97193K(279616K)->0K(279616K) From: 288K(34944K)->0K(34944K)
[218.526s][info][gc,heap        ] GC(462) Tenured: 447198K(699072K)->6331K(699072K)
[218.526s][info][gc,metaspace   ] GC(462) Metaspace: 16570K(16896K)->16570K(16896K) NonClass: 14240K(14400K)->14240K(14400K) Class: 2330K(2496K)->2330K(2496K)
[218.526s][info][gc             ] GC(462) Pause Full (System.gc()) 531M->6M(989M) 92.512ms
[218.526s][info][gc,cpu         ] GC(462) User=0.08s Sys=0.00s Real=0.09s
[219.804s][info][gc,start       ] GC(463) Pause Young (Allocation Failure)
[219.805s][info][gc,heap        ] GC(463) DefNew: 279616K(314560K)->251K(314560K) Eden: 279616K(279616K)->0K(279616K) From: 0K(34944K)->251K(34944K)
[219.805s][info][gc,heap        ] GC(463) Tenured: 6331K(699072K)->6331K(699072K)
[219.805s][info][gc,metaspace   ] GC(463) Metaspace: 16571K(16896K)->16571K(16896K) NonClass: 14240K(14400K)->14240K(14400K) Class: 2330K(2496K)->2330K(2496K)
[219.805s][info][gc             ] GC(463) Pause Young (Allocation Failure) 279M->6M(989M) 1.381ms
[219.805s][info][gc,cpu         ] GC(463) User=0.00s Sys=0.00s Real=0.02s
[219.850s][info][gc,start       ] GC(464) Pause Young (Allocation Failure)
[219.851s][info][gc,heap        ] GC(464) DefNew: 279867K(314560K)->256K(314560K) Eden: 279616K(279616K)->0K(279616K) From: 251K(34944K)->256K(34944K)
[219.851s][info][gc,heap        ] GC(464) Tenured: 6331K(699072K)->6331K(699072K)
[219.851s][info][gc,metaspace   ] GC(464) Metaspace: 16571K(16896K)->16571K(16896K) NonClass: 14240K(14400K)->14240K(14400K) Class: 2330K(2496K)->2330K(2496K)
[219.851s][info][gc             ] GC(464) Pause Young (Allocation Failure) 279M->6M(989M) 0.862ms
[219.851s][info][gc,cpu         ] GC(464) User=0.00s Sys=0.00s Real=0.00s
[219.895s][info][gc,start       ] GC(465) Pause Young (Allocation Failure)
[219.895s][info][gc,heap        ] GC(465) DefNew: 279872K(314560K)->248K(314560K) Eden: 279616K(279616K)->0K(279616K) From: 256K(34944K)->248K(34944K)
[219.895s][info][gc,heap        ] GC(465) Tenured: 6331K(699072K)->6331K(699072K)
[219.895s][info][gc,metaspace   ] GC(465) Metaspace: 16571K(16896K)->16571K(16896K) NonClass: 14240K(14400K)->14240K(14400K) Class: 2330K(2496K)->2330K(2496K)
[219.895s][info][gc             ] GC(465) Pause Young (Allocation Failure) 279M->6M(989M) 0.842ms
[219.895s][info][gc,cpu         ] GC(465) User=0.00s Sys=0.00s Real=0.00s
[219.939s][info][gc,start       ] GC(466) Pause Young (Allocation Failure)
[219.939s][info][gc,heap        ] GC(466) DefNew: 279864K(314560K)->243K(314560K) Eden: 279616K(279616K)->0K(279616K) From: 248K(34944K)->243K(34944K)
[219.939s][info][gc,heap        ] GC(466) Tenured: 6331K(699072K)->6331K(699072K)
[219.939s][info][gc,metaspace   ] GC(466) Metaspace: 16571K(16896K)->16571K(16896K) NonClass: 14240K(14400K)->14240K(14400K) Class: 2330K(2496K)->2330K(2496K)
[219.939s][info][gc             ] GC(466) Pause Young (Allocation Failure) 279M->6M(989M) 0.847ms
[219.939s][info][gc,cpu         ] GC(466) User=0.00s Sys=0.00s Real=0.00s
[219.983s][info][gc,start       ] GC(467) Pause Young (Allocation Failure)
[219.984s][info][gc,heap        ] GC(467) DefNew: 279859K(314560K)->247K(314560K) Eden: 279616K(279616K)->0K(279616K) From: 243K(34944K)->247K(34944K)
[219.984s][info][gc,heap        ] GC(467) Tenured: 6331K(699072K)->6331K(699072K)
[219.984s][info][gc,metaspace   ] GC(467) Metaspace: 16571K(16896K)->16571K(16896K) NonClass: 14240K(14400K)->14240K(14400K) Class: 2330K(2496K)->2330K(2496K)
[219.984s][info][gc             ] GC(467) Pause Young (Allocation Failure) 279M->6M(989M) 0.830ms
[219.984s][info][gc,cpu         ] GC(467) User=0.00s Sys=0.00s Real=0.00s
[220.028s][info][gc,start       ] GC(468) Pause Young (Allocation Failure)
[220.029s][info][gc,heap        ] GC(468) DefNew: 279863K(314560K)->248K(314560K) Eden: 279616K(279616K)->0K(279616K) From: 247K(34944K)->248K(34944K)
[220.029s][info][gc,heap        ] GC(468) Tenured: 6331K(699072K)->6331K(699072K)
[220.029s][info][gc,metaspace   ] GC(468) Metaspace: 16571K(16896K)->16571K(16896K) NonClass: 14240K(14400K)->14240K(14400K) Class: 2330K(2496K)->2330K(2496K)
[220.029s][info][gc             ] GC(468) Pause Young (Allocation Failure) 279M->6M(989M) 0.831ms
[220.029s][info][gc,cpu         ] GC(468) User=0.00s Sys=0.00s Real=0.00s
[220.074s][info][gc,start       ] GC(469) Pause Young (Allocation Failure)
[220.075s][info][gc,heap        ] GC(469) DefNew: 279864K(314560K)->251K(314560K) Eden: 279616K(279616K)->0K(279616K) From: 248K(34944K)->251K(34944K)
[220.075s][info][gc,heap        ] GC(469) Tenured: 6331K(699072K)->6331K(699072K)
[220.075s][info][gc,metaspace   ] GC(469) Metaspace: 16571K(16896K)->16571K(16896K) NonClass: 14240K(14400K)->14240K(14400K) Class: 2330K(2496K)->2330K(2496K)
[220.075s][info][gc             ] GC(469) Pause Young (Allocation Failure) 279M->6M(989M) 0.834ms
[220.075s][info][gc,cpu         ] GC(469) User=0.00s Sys=0.00s Real=0.00s
[220.120s][info][gc,start       ] GC(470) Pause Young (Allocation Failure)
[220.120s][info][gc,heap        ] GC(470) DefNew: 279867K(314560K)->234K(314560K) Eden: 279616K(279616K)->0K(279616K) From: 251K(34944K)->234K(34944K)
[220.120s][info][gc,heap        ] GC(470) Tenured: 6331K(699072K)->6331K(699072K)
[220.120s][info][gc,metaspace   ] GC(470) Metaspace: 16571K(16896K)->16571K(16896K) NonClass: 14240K(14400K)->14240K(14400K) Class: 2330K(2496K)->2330K(2496K)
[220.120s][info][gc             ] GC(470) Pause Young (Allocation Failure) 279M->6M(989M) 0.825ms
[220.120s][info][gc,cpu         ] GC(470) User=0.00s Sys=0.00s Real=0.00s
[220.164s][info][gc,start       ] GC(471) Pause Young (Allocation Failure)
[220.164s][info][gc,heap        ] GC(471) DefNew: 279850K(314560K)->228K(314560K) Eden: 279616K(279616K)->0K(279616K) From: 234K(34944K)->228K(34944K)
[220.164s][info][gc,heap        ] GC(471) Tenured: 6331K(699072K)->6331K(699072K)
[220.164s][info][gc,metaspace   ] GC(471) Metaspace: 16571K(16896K)->16571K(16896K) NonClass: 14240K(14400K)->14240K(14400K) Class: 2330K(2496K)->2330K(2496K)
[220.164s][info][gc             ] GC(471) Pause Young (Allocation Failure) 279M->6M(989M) 0.872ms
[220.164s][info][gc,cpu         ] GC(471) User=0.00s Sys=0.00s Real=0.00s
[220.209s][info][gc,start       ] GC(472) Pause Young (Allocation Failure)
[220.210s][info][gc,heap        ] GC(472) DefNew: 279844K(314560K)->219K(314560K) Eden: 279616K(279616K)->0K(279616K) From: 228K(34944K)->219K(34944K)
[220.210s][info][gc,heap        ] GC(472) Tenured: 6331K(699072K)->6331K(699072K)
[220.210s][info][gc,metaspace   ] GC(472) Metaspace: 16571K(16896K)->16571K(16896K) NonClass: 14240K(14400K)->14240K(14400K) Class: 2330K(2496K)->2330K(2496K)
[220.210s][info][gc             ] GC(472) Pause Young (Allocation Failure) 279M->6M(989M) 0.900ms
[220.210s][info][gc,cpu         ] GC(472) User=0.00s Sys=0.00s Real=0.00s
[220.302s][info][gc,start       ] GC(473) Pause Young (Allocation Failure)
[220.508s][info][gc,heap        ] GC(473) DefNew: 279835K(314560K)->34943K(314560K) Eden: 279616K(279616K)->0K(279616K) From: 219K(34944K)->34943K(34944K)
[220.508s][info][gc,heap        ] GC(473) Tenured: 6331K(699072K)->53889K(699072K)
[220.508s][info][gc,metaspace   ] GC(473) Metaspace: 16571K(16896K)->16571K(16896K) NonClass: 14240K(14400K)->14240K(14400K) Class: 2330K(2496K)->2330K(2496K)
[220.508s][info][gc             ] GC(473) Pause Young (Allocation Failure) 279M->86M(989M) 205.679ms
[220.508s][info][gc,cpu         ] GC(473) User=0.20s Sys=0.00s Real=0.20s
[220.683s][info][gc,start       ] GC(474) Pause Young (Allocation Failure)
[221.284s][info][gc,heap        ] GC(474) DefNew: 314559K(314560K)->34943K(314560K) Eden: 279616K(279616K)->0K(279616K) From: 34943K(34944K)->34943K(34944K)
[221.284s][info][gc,heap        ] GC(474) Tenured: 53889K(699072K)->239325K(699072K)
[221.284s][info][gc,metaspace   ] GC(474) Metaspace: 16571K(16896K)->16571K(16896K) NonClass: 14240K(14400K)->14240K(14400K) Class: 2330K(2496K)->2330K(2496K)
[221.284s][info][gc             ] GC(474) Pause Young (Allocation Failure) 359M->267M(989M) 600.399ms
[221.284s][info][gc,cpu         ] GC(474) User=0.58s Sys=0.00s Real=0.60s
[221.526s][info][gc,start       ] GC(475) Pause Young (Allocation Failure)
[222.071s][info][gc,heap        ] GC(475) DefNew: 314559K(314560K)->34944K(314560K) Eden: 279616K(279616K)->0K(279616K) From: 34943K(34944K)->34944K(34944K)
[222.071s][info][gc,heap        ] GC(475) Tenured: 239325K(699072K)->408585K(699072K)
[222.071s][info][gc,metaspace   ] GC(475) Metaspace: 16571K(16896K)->16571K(16896K) NonClass: 14240K(14400K)->14240K(14400K) Class: 2330K(2496K)->2330K(2496K)
[222.071s][info][gc             ] GC(475) Pause Young (Allocation Failure) 540M->433M(989M) 544.835ms
[222.071s][info][gc,cpu         ] GC(475) User=0.53s Sys=0.00s Real=0.55s
[224.116s][info][gc,start       ] GC(476) Pause Young (Allocation Failure)
[224.476s][info][gc,heap        ] GC(476) DefNew: 314560K(314560K)->34944K(314560K) Eden: 279616K(279616K)->0K(279616K) From: 34944K(34944K)->34944K(34944K)
[224.476s][info][gc,heap        ] GC(476) Tenured: 408585K(699072K)->498869K(699072K)
[224.476s][info][gc,metaspace   ] GC(476) Metaspace: 16571K(16896K)->16571K(16896K) NonClass: 14240K(14400K)->14240K(14400K) Class: 2330K(2496K)->2330K(2496K)
[224.476s][info][gc             ] GC(476) Pause Young (Allocation Failure) 706M->521M(989M) 360.428ms
[224.476s][info][gc,cpu         ] GC(476) User=0.33s Sys=0.00s Real=0.36s
[224.614s][info][gc,start       ] GC(477) Pause Young (Allocation Failure)
[224.614s][info][gc             ] GC(477) Pause Young (Allocation Failure) 794M->794M(989M) 0.115ms
[224.614s][info][gc,cpu         ] GC(477) User=0.00s Sys=0.00s Real=0.00s
[224.614s][info][gc,start       ] GC(478) Pause Full (Allocation Failure)
[224.614s][info][gc,phases,start] GC(478) Phase 1: Mark live objects
[224.853s][info][gc,phases      ] GC(478) Phase 1: Mark live objects 238.825ms
[224.853s][info][gc,phases,start] GC(478) Phase 2: Compute new object addresses
[224.978s][info][gc,phases      ] GC(478) Phase 2: Compute new object addresses 125.680ms
[224.978s][info][gc,phases,start] GC(478) Phase 3: Adjust pointers
[225.098s][info][gc,phases      ] GC(478) Phase 3: Adjust pointers 119.921ms
[225.098s][info][gc,phases,start] GC(478) Phase 4: Move objects
[225.180s][info][gc,phases      ] GC(478) Phase 4: Move objects 81.754ms
[225.180s][info][gc,heap        ] GC(478) DefNew: 314560K(314560K)->0K(314560K) Eden: 279616K(279616K)->0K(279616K) From: 34944K(34944K)->0K(34944K)
[225.181s][info][gc,heap        ] GC(478) Tenured: 498869K(699072K)->215709K(699072K)
[225.181s][info][gc,metaspace   ] GC(478) Metaspace: 16571K(16896K)->16571K(16896K) NonClass: 14240K(14400K)->14240K(14400K) Class: 2330K(2496K)->2330K(2496K)
[225.181s][info][gc             ] GC(478) Pause Full (Allocation Failure) 794M->210M(989M) 566.695ms
[225.181s][info][gc,cpu         ] GC(478) User=0.53s Sys=0.00s Real=0.57s
[225.323s][info][gc,start       ] GC(479) Pause Young (Allocation Failure)
[225.608s][info][gc,heap        ] GC(479) DefNew: 279616K(314560K)->34943K(314560K) Eden: 279616K(279616K)->0K(279616K) From: 0K(34944K)->34943K(34944K)
[225.608s][info][gc,heap        ] GC(479) Tenured: 215709K(699072K)->298387K(699072K)
[225.608s][info][gc,metaspace   ] GC(479) Metaspace: 16571K(16896K)->16571K(16896K) NonClass: 14240K(14400K)->14240K(14400K) Class: 2330K(2496K)->2330K(2496K)
[225.608s][info][gc             ] GC(479) Pause Young (Allocation Failure) 483M->325M(989M) 284.740ms
[225.608s][info][gc,cpu         ] GC(479) User=0.25s Sys=0.00s Real=0.28s
[225.766s][info][gc,start       ] GC(480) Pause Young (Allocation Failure)
[226.241s][info][gc,heap        ] GC(480) DefNew: 314559K(314560K)->34943K(314560K) Eden: 279616K(279616K)->0K(279616K) From: 34943K(34944K)->34943K(34944K)
[226.241s][info][gc,heap        ] GC(480) Tenured: 298387K(699072K)->429300K(699072K)
[226.241s][info][gc,metaspace   ] GC(480) Metaspace: 16571K(16896K)->16571K(16896K) NonClass: 14240K(14400K)->14240K(14400K) Class: 2330K(2496K)->2330K(2496K)
[226.241s][info][gc             ] GC(480) Pause Young (Allocation Failure) 598M->453M(989M) 474.849ms
[226.241s][info][gc,cpu         ] GC(480) User=0.47s Sys=0.00s Real=0.47s
[226.699s][info][gc,start       ] GC(481) Pause Young (Allocation Failure)
[226.892s][info][gc,heap        ] GC(481) DefNew: 314559K(314560K)->18993K(314560K) Eden: 279616K(279616K)->0K(279616K) From: 34943K(34944K)->18993K(34944K)
[226.892s][info][gc,heap        ] GC(481) Tenured: 429300K(699072K)->453768K(699072K)
[226.892s][info][gc,metaspace   ] GC(481) Metaspace: 16571K(16896K)->16571K(16896K) NonClass: 14240K(14400K)->14240K(14400K) Class: 2330K(2496K)->2330K(2496K)
[226.892s][info][gc             ] GC(481) Pause Young (Allocation Failure) 726M->461M(989M) 193.382ms
[226.892s][info][gc,cpu         ] GC(481) User=0.19s Sys=0.00s Real=0.20s
[227.248s][info][gc,start       ] GC(482) Pause Young (Allocation Failure)
[227.269s][info][gc,heap        ] GC(482) DefNew: 298609K(314560K)->1689K(314560K) Eden: 279616K(279616K)->0K(279616K) From: 18993K(34944K)->1689K(34944K)
[227.269s][info][gc,heap        ] GC(482) Tenured: 453768K(699072K)->455905K(699072K)
[227.269s][info][gc,metaspace   ] GC(482) Metaspace: 16571K(16896K)->16571K(16896K) NonClass: 14240K(14400K)->14240K(14400K) Class: 2330K(2496K)->2330K(2496K)
[227.269s][info][gc             ] GC(482) Pause Young (Allocation Failure) 734M->446M(989M) 21.252ms
[227.269s][info][gc,cpu         ] GC(482) User=0.02s Sys=0.00s Real=0.02s
[227.895s][info][gc,start       ] GC(483) Pause Full (System.gc())
[227.895s][info][gc,phases,start] GC(483) Phase 1: Mark live objects
[227.902s][info][gc,phases      ] GC(483) Phase 1: Mark live objects 6.886ms
[227.902s][info][gc,phases,start] GC(483) Phase 2: Compute new object addresses
[227.984s][info][gc,phases      ] GC(483) Phase 2: Compute new object addresses 81.785ms
[227.984s][info][gc,phases,start] GC(483) Phase 3: Adjust pointers
[227.988s][info][gc,phases      ] GC(483) Phase 3: Adjust pointers 4.029ms
[227.988s][info][gc,phases,start] GC(483) Phase 4: Move objects
[227.988s][info][gc,phases      ] GC(483) Phase 4: Move objects 0.010ms
[227.988s][info][gc,heap        ] GC(483) DefNew: 83755K(314560K)->0K(314560K) Eden: 82065K(279616K)->0K(279616K) From: 1689K(34944K)->0K(34944K)
[227.988s][info][gc,heap        ] GC(483) Tenured: 455905K(699072K)->36025K(699072K)
[227.988s][info][gc,metaspace   ] GC(483) Metaspace: 16572K(16896K)->16572K(16896K) NonClass: 14242K(14400K)->14242K(14400K) Class: 2330K(2496K)->2330K(2496K)
[227.988s][info][gc             ] GC(483) Pause Full (System.gc()) 527M->35M(989M) 93.112ms
[227.988s][info][gc,cpu         ] GC(483) User=0.08s Sys=0.00s Real=0.09s
[229.266s][info][gc,start       ] GC(484) Pause Young (Allocation Failure)
[229.268s][info][gc,heap        ] GC(484) DefNew: 279616K(314560K)->255K(314560K) Eden: 279616K(279616K)->0K(279616K) From: 0K(34944K)->255K(34944K)
[229.268s][info][gc,heap        ] GC(484) Tenured: 36025K(699072K)->36025K(699072K)
[229.268s][info][gc,metaspace   ] GC(484) Metaspace: 16573K(16896K)->16573K(16896K) NonClass: 14243K(14400K)->14243K(14400K) Class: 2330K(2496K)->2330K(2496K)
[229.268s][info][gc             ] GC(484) Pause Young (Allocation Failure) 308M->35M(989M) 1.311ms
[229.268s][info][gc,cpu         ] GC(484) User=0.00s Sys=0.00s Real=0.00s
[229.316s][info][gc,start       ] GC(485) Pause Young (Allocation Failure)
[229.317s][info][gc,heap        ] GC(485) DefNew: 279871K(314560K)->245K(314560K) Eden: 279616K(279616K)->0K(279616K) From: 255K(34944K)->245K(34944K)
[229.317s][info][gc,heap        ] GC(485) Tenured: 36025K(699072K)->36025K(699072K)
[229.317s][info][gc,metaspace   ] GC(485) Metaspace: 16573K(16896K)->16573K(16896K) NonClass: 14243K(14400K)->14243K(14400K) Class: 2330K(2496K)->2330K(2496K)
[229.317s][info][gc             ] GC(485) Pause Young (Allocation Failure) 308M->35M(989M) 1.032ms
[229.317s][info][gc,cpu         ] GC(485) User=0.00s Sys=0.00s Real=0.00s
[229.363s][info][gc,start       ] GC(486) Pause Young (Allocation Failure)
[229.364s][info][gc,heap        ] GC(486) DefNew: 279861K(314560K)->241K(314560K) Eden: 279616K(279616K)->0K(279616K) From: 245K(34944K)->241K(34944K)
[229.364s][info][gc,heap        ] GC(486) Tenured: 36025K(699072K)->36025K(699072K)
[229.364s][info][gc,metaspace   ] GC(486) Metaspace: 16573K(16896K)->16573K(16896K) NonClass: 14243K(14400K)->14243K(14400K) Class: 2330K(2496K)->2330K(2496K)
[229.364s][info][gc             ] GC(486) Pause Young (Allocation Failure) 308M->35M(989M) 0.794ms
[229.364s][info][gc,cpu         ] GC(486) User=0.00s Sys=0.00s Real=0.00s
[229.409s][info][gc,start       ] GC(487) Pause Young (Allocation Failure)
[229.410s][info][gc,heap        ] GC(487) DefNew: 279857K(314560K)->252K(314560K) Eden: 279616K(279616K)->0K(279616K) From: 241K(34944K)->252K(34944K)
[229.410s][info][gc,heap        ] GC(487) Tenured: 36025K(699072K)->36025K(699072K)
[229.410s][info][gc,metaspace   ] GC(487) Metaspace: 16573K(16896K)->16573K(16896K) NonClass: 14243K(14400K)->14243K(14400K) Class: 2330K(2496K)->2330K(2496K)
[229.410s][info][gc             ] GC(487) Pause Young (Allocation Failure) 308M->35M(989M) 0.884ms
[229.410s][info][gc,cpu         ] GC(487) User=0.00s Sys=0.00s Real=0.00s
[229.454s][info][gc,start       ] GC(488) Pause Young (Allocation Failure)
[229.455s][info][gc,heap        ] GC(488) DefNew: 279868K(314560K)->252K(314560K) Eden: 279616K(279616K)->0K(279616K) From: 252K(34944K)->252K(34944K)
[229.455s][info][gc,heap        ] GC(488) Tenured: 36025K(699072K)->36025K(699072K)
[229.455s][info][gc,metaspace   ] GC(488) Metaspace: 16573K(16896K)->16573K(16896K) NonClass: 14243K(14400K)->14243K(14400K) Class: 2330K(2496K)->2330K(2496K)
[229.455s][info][gc             ] GC(488) Pause Young (Allocation Failure) 308M->35M(989M) 0.875ms
[229.455s][info][gc,cpu         ] GC(488) User=0.00s Sys=0.00s Real=0.00s
[229.500s][info][gc,start       ] GC(489) Pause Young (Allocation Failure)
[229.501s][info][gc,heap        ] GC(489) DefNew: 279868K(314560K)->248K(314560K) Eden: 279616K(279616K)->0K(279616K) From: 252K(34944K)->248K(34944K)
[229.501s][info][gc,heap        ] GC(489) Tenured: 36025K(699072K)->36025K(699072K)
[229.501s][info][gc,metaspace   ] GC(489) Metaspace: 16573K(16896K)->16573K(16896K) NonClass: 14243K(14400K)->14243K(14400K) Class: 2330K(2496K)->2330K(2496K)
[229.501s][info][gc             ] GC(489) Pause Young (Allocation Failure) 308M->35M(989M) 0.921ms
[229.501s][info][gc,cpu         ] GC(489) User=0.00s Sys=0.00s Real=0.00s
[229.545s][info][gc,start       ] GC(490) Pause Young (Allocation Failure)
[229.545s][info][gc,heap        ] GC(490) DefNew: 279864K(314560K)->249K(314560K) Eden: 279616K(279616K)->0K(279616K) From: 248K(34944K)->249K(34944K)
[229.545s][info][gc,heap        ] GC(490) Tenured: 36025K(699072K)->36025K(699072K)
[229.545s][info][gc,metaspace   ] GC(490) Metaspace: 16573K(16896K)->16573K(16896K) NonClass: 14243K(14400K)->14243K(14400K) Class: 2330K(2496K)->2330K(2496K)
[229.546s][info][gc             ] GC(490) Pause Young (Allocation Failure) 308M->35M(989M) 0.818ms
[229.546s][info][gc,cpu         ] GC(490) User=0.00s Sys=0.00s Real=0.00s
[229.590s][info][gc,start       ] GC(491) Pause Young (Allocation Failure)
[229.591s][info][gc,heap        ] GC(491) DefNew: 279865K(314560K)->221K(314560K) Eden: 279616K(279616K)->0K(279616K) From: 249K(34944K)->221K(34944K)
[229.591s][info][gc,heap        ] GC(491) Tenured: 36025K(699072K)->36025K(699072K)
[229.591s][info][gc,metaspace   ] GC(491) Metaspace: 16573K(16896K)->16573K(16896K) NonClass: 14243K(14400K)->14243K(14400K) Class: 2330K(2496K)->2330K(2496K)
[229.591s][info][gc             ] GC(491) Pause Young (Allocation Failure) 308M->35M(989M) 0.944ms
[229.591s][info][gc,cpu         ] GC(491) User=0.00s Sys=0.00s Real=0.00s
[229.637s][info][gc,start       ] GC(492) Pause Young (Allocation Failure)
[229.638s][info][gc,heap        ] GC(492) DefNew: 279837K(314560K)->226K(314560K) Eden: 279616K(279616K)->0K(279616K) From: 221K(34944K)->226K(34944K)
[229.638s][info][gc,heap        ] GC(492) Tenured: 36025K(699072K)->36025K(699072K)
[229.638s][info][gc,metaspace   ] GC(492) Metaspace: 16573K(16896K)->16573K(16896K) NonClass: 14243K(14400K)->14243K(14400K) Class: 2330K(2496K)->2330K(2496K)
[229.638s][info][gc             ] GC(492) Pause Young (Allocation Failure) 308M->35M(989M) 0.808ms
[229.638s][info][gc,cpu         ] GC(492) User=0.00s Sys=0.00s Real=0.00s
[229.683s][info][gc,start       ] GC(493) Pause Young (Allocation Failure)
[229.684s][info][gc,heap        ] GC(493) DefNew: 279842K(314560K)->174K(314560K) Eden: 279616K(279616K)->0K(279616K) From: 226K(34944K)->174K(34944K)
[229.684s][info][gc,heap        ] GC(493) Tenured: 36025K(699072K)->36025K(699072K)
[229.684s][info][gc,metaspace   ] GC(493) Metaspace: 16573K(16896K)->16573K(16896K) NonClass: 14243K(14400K)->14243K(14400K) Class: 2330K(2496K)->2330K(2496K)
[229.684s][info][gc             ] GC(493) Pause Young (Allocation Failure) 308M->35M(989M) 0.801ms
[229.684s][info][gc,cpu         ] GC(493) User=0.00s Sys=0.00s Real=0.00s
[229.770s][info][gc,start       ] GC(494) Pause Young (Allocation Failure)
[229.961s][info][gc,heap        ] GC(494) DefNew: 279790K(314560K)->34943K(314560K) Eden: 279616K(279616K)->0K(279616K) From: 174K(34944K)->34943K(34944K)
[229.961s][info][gc,heap        ] GC(494) Tenured: 36025K(699072K)->78778K(699072K)
[229.962s][info][gc,metaspace   ] GC(494) Metaspace: 16573K(16896K)->16573K(16896K) NonClass: 14243K(14400K)->14243K(14400K) Class: 2330K(2496K)->2330K(2496K)
[229.962s][info][gc             ] GC(494) Pause Young (Allocation Failure) 308M->111M(989M) 191.487ms
[229.962s][info][gc,cpu         ] GC(494) User=0.16s Sys=0.00s Real=0.19s
[230.136s][info][gc,start       ] GC(495) Pause Young (Allocation Failure)
[230.730s][info][gc,heap        ] GC(495) DefNew: 314559K(314560K)->34943K(314560K) Eden: 279616K(279616K)->0K(279616K) From: 34943K(34944K)->34943K(34944K)
[230.730s][info][gc,heap        ] GC(495) Tenured: 78778K(699072K)->263479K(699072K)
[230.730s][info][gc,metaspace   ] GC(495) Metaspace: 16573K(16896K)->16573K(16896K) NonClass: 14243K(14400K)->14243K(14400K) Class: 2330K(2496K)->2330K(2496K)
[230.730s][info][gc             ] GC(495) Pause Young (Allocation Failure) 384M->291M(989M) 594.122ms
[230.730s][info][gc,cpu         ] GC(495) User=0.58s Sys=0.00s Real=0.60s
[230.942s][info][gc,start       ] GC(496) Pause Young (Allocation Failure)
[231.489s][info][gc,heap        ] GC(496) DefNew: 314559K(314560K)->34943K(314560K) Eden: 279616K(279616K)->0K(279616K) From: 34943K(34944K)->34943K(34944K)
[231.489s][info][gc,heap        ] GC(496) Tenured: 263479K(699072K)->437585K(699072K)
[231.489s][info][gc,metaspace   ] GC(496) Metaspace: 16573K(16896K)->16573K(16896K) NonClass: 14243K(14400K)->14243K(14400K) Class: 2330K(2496K)->2330K(2496K)
[231.489s][info][gc             ] GC(496) Pause Young (Allocation Failure) 564M->461M(989M) 546.810ms
[231.489s][info][gc,cpu         ] GC(496) User=0.52s Sys=0.00s Real=0.53s
[233.622s][info][gc,start       ] GC(497) Pause Young (Allocation Failure)
[233.623s][info][gc             ] GC(497) Pause Young (Allocation Failure) 734M->734M(989M) 0.146ms
[233.623s][info][gc,cpu         ] GC(497) User=0.00s Sys=0.00s Real=0.00s
[233.623s][info][gc,start       ] GC(498) Pause Full (Allocation Failure)
[233.623s][info][gc,phases,start] GC(498) Phase 1: Mark live objects
[233.711s][info][gc,phases      ] GC(498) Phase 1: Mark live objects 88.056ms
[233.711s][info][gc,phases,start] GC(498) Phase 2: Compute new object addresses
[233.817s][info][gc,phases      ] GC(498) Phase 2: Compute new object addresses 106.067ms
[233.817s][info][gc,phases,start] GC(498) Phase 3: Adjust pointers
[233.875s][info][gc,phases      ] GC(498) Phase 3: Adjust pointers 58.426ms
[233.875s][info][gc,phases,start] GC(498) Phase 4: Move objects
[233.921s][info][gc,phases      ] GC(498) Phase 4: Move objects 45.570ms
[233.921s][info][gc,heap        ] GC(498) DefNew: 314559K(314560K)->0K(314560K) Eden: 279616K(279616K)->0K(279616K) From: 34943K(34944K)->0K(34944K)
[233.921s][info][gc,heap        ] GC(498) Tenured: 437585K(699072K)->95353K(699072K)
[233.921s][info][gc,metaspace   ] GC(498) Metaspace: 16573K(16896K)->16573K(16896K) NonClass: 14243K(14400K)->14243K(14400K) Class: 2330K(2496K)->2330K(2496K)
[233.921s][info][gc             ] GC(498) Pause Full (Allocation Failure) 734M->93M(989M) 298.521ms
[233.921s][info][gc,cpu         ] GC(498) User=0.30s Sys=0.00s Real=0.30s
[234.058s][info][gc,start       ] GC(499) Pause Young (Allocation Failure)
[234.342s][info][gc,heap        ] GC(499) DefNew: 279616K(314560K)->34944K(314560K) Eden: 279616K(279616K)->0K(279616K) From: 0K(34944K)->34944K(34944K)
[234.342s][info][gc,heap        ] GC(499) Tenured: 95353K(699072K)->178206K(699072K)
[234.342s][info][gc,metaspace   ] GC(499) Metaspace: 16573K(16896K)->16573K(16896K) NonClass: 14243K(14400K)->14243K(14400K) Class: 2330K(2496K)->2330K(2496K)
[234.342s][info][gc             ] GC(499) Pause Young (Allocation Failure) 366M->208M(989M) 284.084ms
[234.342s][info][gc,cpu         ] GC(499) User=0.27s Sys=0.00s Real=0.28s
[234.487s][info][gc,start       ] GC(500) Pause Young (Allocation Failure)
[234.879s][info][gc,heap        ] GC(500) DefNew: 314560K(314560K)->34944K(314560K) Eden: 279616K(279616K)->0K(279616K) From: 34944K(34944K)->34944K(34944K)
[234.879s][info][gc,heap        ] GC(500) Tenured: 178206K(699072K)->295721K(699072K)
[234.879s][info][gc,metaspace   ] GC(500) Metaspace: 16573K(16896K)->16573K(16896K) NonClass: 14243K(14400K)->14243K(14400K) Class: 2330K(2496K)->2330K(2496K)
[234.879s][info][gc             ] GC(500) Pause Young (Allocation Failure) 481M->322M(989M) 392.730ms
[234.879s][info][gc,cpu         ] GC(500) User=0.39s Sys=0.00s Real=0.39s
[235.058s][info][gc,start       ] GC(501) Pause Young (Allocation Failure)
[235.507s][info][gc,heap        ] GC(501) DefNew: 314560K(314560K)->34944K(314560K) Eden: 279616K(279616K)->0K(279616K) From: 34944K(34944K)->34944K(34944K)
[235.507s][info][gc,heap        ] GC(501) Tenured: 295721K(699072K)->423040K(699072K)
[235.507s][info][gc,metaspace   ] GC(501) Metaspace: 16573K(16896K)->16573K(16896K) NonClass: 14243K(14400K)->14243K(14400K) Class: 2330K(2496K)->2330K(2496K)
[235.507s][info][gc             ] GC(501) Pause Young (Allocation Failure) 595M->447M(989M) 449.608ms
[235.507s][info][gc,cpu         ] GC(501) User=0.44s Sys=0.00s Real=0.46s
[236.078s][info][gc,start       ] GC(502) Pause Young (Allocation Failure)
[236.278s][info][gc,heap        ] GC(502) DefNew: 314560K(314560K)->27001K(314560K) Eden: 279616K(279616K)->0K(279616K) From: 34944K(34944K)->27001K(34944K)
[236.278s][info][gc,heap        ] GC(502) Tenured: 423040K(699072K)->448014K(699072K)
[236.278s][info][gc,metaspace   ] GC(502) Metaspace: 16573K(16896K)->16573K(16896K) NonClass: 14243K(14400K)->14243K(14400K) Class: 2330K(2496K)->2330K(2496K)
[236.278s][info][gc             ] GC(502) Pause Young (Allocation Failure) 720M->463M(989M) 199.923ms
[236.278s][info][gc,cpu         ] GC(502) User=0.19s Sys=0.00s Real=0.20s
[236.656s][info][gc,start       ] GC(503) Pause Young (Allocation Failure)
[236.687s][info][gc,heap        ] GC(503) DefNew: 306617K(314560K)->181K(314560K) Eden: 279616K(279616K)->0K(279616K) From: 27001K(34944K)->181K(34944K)
[236.687s][info][gc,heap        ] GC(503) Tenured: 448014K(699072K)->450856K(699072K)
[236.687s][info][gc,metaspace   ] GC(503) Metaspace: 16573K(16896K)->16573K(16896K) NonClass: 14243K(14400K)->14243K(14400K) Class: 2330K(2496K)->2330K(2496K)
[236.687s][info][gc             ] GC(503) Pause Young (Allocation Failure) 736M->440M(989M) 31.682ms
[236.687s][info][gc,cpu         ] GC(503) User=0.02s Sys=0.00s Real=0.03s
[237.365s][info][gc,start       ] GC(504) Pause Full (System.gc())
[237.365s][info][gc,phases,start] GC(504) Phase 1: Mark live objects
[237.372s][info][gc,phases      ] GC(504) Phase 1: Mark live objects 6.862ms
[237.372s][info][gc,phases,start] GC(504) Phase 2: Compute new object addresses
[237.454s][info][gc,phases      ] GC(504) Phase 2: Compute new object addresses 81.796ms
[237.454s][info][gc,phases,start] GC(504) Phase 3: Adjust pointers
[237.458s][info][gc,phases      ] GC(504) Phase 3: Adjust pointers 4.034ms
[237.458s][info][gc,phases,start] GC(504) Phase 4: Move objects
[237.458s][info][gc,phases      ] GC(504) Phase 4: Move objects 0.009ms
[237.458s][info][gc,heap        ] GC(504) DefNew: 95454K(314560K)->0K(314560K) Eden: 95273K(279616K)->0K(279616K) From: 181K(34944K)->0K(34944K)
[237.458s][info][gc,heap        ] GC(504) Tenured: 450856K(699072K)->6333K(699072K)
[237.458s][info][gc,metaspace   ] GC(504) Metaspace: 16573K(16896K)->16573K(16896K) NonClass: 14243K(14400K)->14243K(14400K) Class: 2330K(2496K)->2330K(2496K)
[237.458s][info][gc             ] GC(504) Pause Full (System.gc()) 533M->6M(989M) 93.055ms
[237.458s][info][gc,cpu         ] GC(504) User=0.08s Sys=0.00s Real=0.09s
[238.737s][info][gc,start       ] GC(505) Pause Young (Allocation Failure)
[238.739s][info][gc,heap        ] GC(505) DefNew: 279616K(314560K)->245K(314560K) Eden: 279616K(279616K)->0K(279616K) From: 0K(34944K)->245K(34944K)
[238.739s][info][gc,heap        ] GC(505) Tenured: 6333K(699072K)->6333K(699072K)
[238.739s][info][gc,metaspace   ] GC(505) Metaspace: 16573K(16896K)->16573K(16896K) NonClass: 14243K(14400K)->14243K(14400K) Class: 2330K(2496K)->2330K(2496K)
[238.739s][info][gc             ] GC(505) Pause Young (Allocation Failure) 279M->6M(989M) 1.203ms
[238.739s][info][gc,cpu         ] GC(505) User=0.00s Sys=0.00s Real=0.00s
[238.784s][info][gc,start       ] GC(506) Pause Young (Allocation Failure)
[238.784s][info][gc,heap        ] GC(506) DefNew: 279861K(314560K)->237K(314560K) Eden: 279616K(279616K)->0K(279616K) From: 245K(34944K)->237K(34944K)
[238.784s][info][gc,heap        ] GC(506) Tenured: 6333K(699072K)->6333K(699072K)
[238.784s][info][gc,metaspace   ] GC(506) Metaspace: 16573K(16896K)->16573K(16896K) NonClass: 14243K(14400K)->14243K(14400K) Class: 2330K(2496K)->2330K(2496K)
[238.784s][info][gc             ] GC(506) Pause Young (Allocation Failure) 279M->6M(989M) 0.842ms
[238.784s][info][gc,cpu         ] GC(506) User=0.00s Sys=0.00s Real=0.00s
[238.828s][info][gc,start       ] GC(507) Pause Young (Allocation Failure)
[238.829s][info][gc,heap        ] GC(507) DefNew: 279853K(314560K)->241K(314560K) Eden: 279616K(279616K)->0K(279616K) From: 237K(34944K)->241K(34944K)
[238.829s][info][gc,heap        ] GC(507) Tenured: 6333K(699072K)->6333K(699072K)
[238.829s][info][gc,metaspace   ] GC(507) Metaspace: 16573K(16896K)->16573K(16896K) NonClass: 14243K(14400K)->14243K(14400K) Class: 2330K(2496K)->2330K(2496K)
[238.829s][info][gc             ] GC(507) Pause Young (Allocation Failure) 279M->6M(989M) 0.891ms
[238.829s][info][gc,cpu         ] GC(507) User=0.00s Sys=0.00s Real=0.00s
[238.873s][info][gc,start       ] GC(508) Pause Young (Allocation Failure)
[238.874s][info][gc,heap        ] GC(508) DefNew: 279857K(314560K)->241K(314560K) Eden: 279616K(279616K)->0K(279616K) From: 241K(34944K)->241K(34944K)
[238.874s][info][gc,heap        ] GC(508) Tenured: 6333K(699072K)->6333K(699072K)
[238.874s][info][gc,metaspace   ] GC(508) Metaspace: 16573K(16896K)->16573K(16896K) NonClass: 14243K(14400K)->14243K(14400K) Class: 2330K(2496K)->2330K(2496K)
[238.874s][info][gc             ] GC(508) Pause Young (Allocation Failure) 279M->6M(989M) 0.853ms
[238.874s][info][gc,cpu         ] GC(508) User=0.00s Sys=0.00s Real=0.00s
[238.919s][info][gc,start       ] GC(509) Pause Young (Allocation Failure)
[238.920s][info][gc,heap        ] GC(509) DefNew: 279857K(314560K)->231K(314560K) Eden: 279616K(279616K)->0K(279616K) From: 241K(34944K)->231K(34944K)
[238.920s][info][gc,heap        ] GC(509) Tenured: 6333K(699072K)->6333K(699072K)
[238.920s][info][gc,metaspace   ] GC(509) Metaspace: 16573K(16896K)->16573K(16896K) NonClass: 14243K(14400K)->14243K(14400K) Class: 2330K(2496K)->2330K(2496K)
[238.920s][info][gc             ] GC(509) Pause Young (Allocation Failure) 279M->6M(989M) 0.821ms
[238.920s][info][gc,cpu         ] GC(509) User=0.00s Sys=0.00s Real=0.00s
[238.964s][info][gc,start       ] GC(510) Pause Young (Allocation Failure)
[238.965s][info][gc,heap        ] GC(510) DefNew: 279847K(314560K)->221K(314560K) Eden: 279616K(279616K)->0K(279616K) From: 231K(34944K)->221K(34944K)
[238.965s][info][gc,heap        ] GC(510) Tenured: 6333K(699072K)->6333K(699072K)
[238.965s][info][gc,metaspace   ] GC(510) Metaspace: 16573K(16896K)->16573K(16896K) NonClass: 14243K(14400K)->14243K(14400K) Class: 2330K(2496K)->2330K(2496K)
[238.965s][info][gc             ] GC(510) Pause Young (Allocation Failure) 279M->6M(989M) 0.812ms
[238.965s][info][gc,cpu         ] GC(510) User=0.00s Sys=0.00s Real=0.00s
[239.008s][info][gc,start       ] GC(511) Pause Young (Allocation Failure)
[239.009s][info][gc,heap        ] GC(511) DefNew: 279837K(314560K)->231K(314560K) Eden: 279616K(279616K)->0K(279616K) From: 221K(34944K)->231K(34944K)
[239.009s][info][gc,heap        ] GC(511) Tenured: 6333K(699072K)->6333K(699072K)
[239.009s][info][gc,metaspace   ] GC(511) Metaspace: 16573K(16896K)->16573K(16896K) NonClass: 14243K(14400K)->14243K(14400K) Class: 2330K(2496K)->2330K(2496K)
[239.009s][info][gc             ] GC(511) Pause Young (Allocation Failure) 279M->6M(989M) 0.793ms
[239.009s][info][gc,cpu         ] GC(511) User=0.00s Sys=0.00s Real=0.00s
[239.052s][info][gc,start       ] GC(512) Pause Young (Allocation Failure)
[239.053s][info][gc,heap        ] GC(512) DefNew: 279847K(314560K)->244K(314560K) Eden: 279616K(279616K)->0K(279616K) From: 231K(34944K)->244K(34944K)
[239.053s][info][gc,heap        ] GC(512) Tenured: 6333K(699072K)->6333K(699072K)
[239.053s][info][gc,metaspace   ] GC(512) Metaspace: 16573K(16896K)->16573K(16896K) NonClass: 14243K(14400K)->14243K(14400K) Class: 2330K(2496K)->2330K(2496K)
[239.053s][info][gc             ] GC(512) Pause Young (Allocation Failure) 279M->6M(989M) 0.846ms
[239.053s][info][gc,cpu         ] GC(512) User=0.00s Sys=0.00s Real=0.00s
[239.098s][info][gc,start       ] GC(513) Pause Young (Allocation Failure)
[239.099s][info][gc,heap        ] GC(513) DefNew: 279860K(314560K)->220K(314560K) Eden: 279616K(279616K)->0K(279616K) From: 244K(34944K)->220K(34944K)
[239.099s][info][gc,heap        ] GC(513) Tenured: 6333K(699072K)->6333K(699072K)
[239.099s][info][gc,metaspace   ] GC(513) Metaspace: 16573K(16896K)->16573K(16896K) NonClass: 14243K(14400K)->14243K(14400K) Class: 2330K(2496K)->2330K(2496K)
[239.099s][info][gc             ] GC(513) Pause Young (Allocation Failure) 279M->6M(989M) 0.868ms
[239.099s][info][gc,cpu         ] GC(513) User=0.00s Sys=0.00s Real=0.00s
[239.144s][info][gc,start       ] GC(514) Pause Young (Allocation Failure)
[239.144s][info][gc,heap        ] GC(514) DefNew: 279836K(314560K)->223K(314560K) Eden: 279616K(279616K)->0K(279616K) From: 220K(34944K)->223K(34944K)
[239.144s][info][gc,heap        ] GC(514) Tenured: 6333K(699072K)->6333K(699072K)
[239.144s][info][gc,metaspace   ] GC(514) Metaspace: 16573K(16896K)->16573K(16896K) NonClass: 14243K(14400K)->14243K(14400K) Class: 2330K(2496K)->2330K(2496K)
[239.145s][info][gc             ] GC(514) Pause Young (Allocation Failure) 279M->6M(989M) 0.819ms
[239.145s][info][gc,cpu         ] GC(514) User=0.00s Sys=0.00s Real=0.00s
[239.227s][info][gc,start       ] GC(515) Pause Young (Allocation Failure)
[239.420s][info][gc,heap        ] GC(515) DefNew: 279839K(314560K)->34943K(314560K) Eden: 279616K(279616K)->0K(279616K) From: 223K(34944K)->34943K(34944K)
[239.420s][info][gc,heap        ] GC(515) Tenured: 6333K(699072K)->48374K(699072K)
[239.420s][info][gc,metaspace   ] GC(515) Metaspace: 16573K(16896K)->16573K(16896K) NonClass: 14243K(14400K)->14243K(14400K) Class: 2330K(2496K)->2330K(2496K)
[239.420s][info][gc             ] GC(515) Pause Young (Allocation Failure) 279M->81M(989M) 193.393ms
[239.420s][info][gc,cpu         ] GC(515) User=0.17s Sys=0.00s Real=0.19s
[239.592s][info][gc,start       ] GC(516) Pause Young (Allocation Failure)
[240.187s][info][gc,heap        ] GC(516) DefNew: 314559K(314560K)->34944K(314560K) Eden: 279616K(279616K)->0K(279616K) From: 34943K(34944K)->34944K(34944K)
[240.187s][info][gc,heap        ] GC(516) Tenured: 48374K(699072K)->233722K(699072K)
[240.187s][info][gc,metaspace   ] GC(516) Metaspace: 16573K(16896K)->16573K(16896K) NonClass: 14243K(14400K)->14243K(14400K) Class: 2330K(2496K)->2330K(2496K)
[240.187s][info][gc             ] GC(516) Pause Young (Allocation Failure) 354M->262M(989M) 595.616ms
[240.187s][info][gc,cpu         ] GC(516) User=0.55s Sys=0.00s Real=0.59s
[240.400s][info][gc,start       ] GC(517) Pause Young (Allocation Failure)
[240.946s][info][gc,heap        ] GC(517) DefNew: 314560K(314560K)->34944K(314560K) Eden: 279616K(279616K)->0K(279616K) From: 34944K(34944K)->34944K(34944K)
[240.946s][info][gc,heap        ] GC(517) Tenured: 233722K(699072K)->408314K(699072K)
[240.946s][info][gc,metaspace   ] GC(517) Metaspace: 16573K(16896K)->16573K(16896K) NonClass: 14243K(14400K)->14243K(14400K) Class: 2330K(2496K)->2330K(2496K)
[240.946s][info][gc             ] GC(517) Pause Young (Allocation Failure) 535M->432M(989M) 545.689ms
[240.946s][info][gc,cpu         ] GC(517) User=0.55s Sys=0.00s Real=0.55s
[243.318s][info][gc,start       ] GC(518) Pause Young (Allocation Failure)
[243.713s][info][gc,heap        ] GC(518) DefNew: 314560K(314560K)->34943K(314560K) Eden: 279616K(279616K)->0K(279616K) From: 34944K(34944K)->34943K(34944K)
[243.713s][info][gc,heap        ] GC(518) Tenured: 408314K(699072K)->495610K(699072K)
[243.713s][info][gc,metaspace   ] GC(518) Metaspace: 16573K(16896K)->16573K(16896K) NonClass: 14243K(14400K)->14243K(14400K) Class: 2330K(2496K)->2330K(2496K)
[243.713s][info][gc             ] GC(518) Pause Young (Allocation Failure) 705M->518M(989M) 394.611ms
[243.713s][info][gc,cpu         ] GC(518) User=0.39s Sys=0.00s Real=0.41s
[243.850s][info][gc,start       ] GC(519) Pause Young (Allocation Failure)
[243.850s][info][gc             ] GC(519) Pause Young (Allocation Failure) 791M->791M(989M) 0.146ms
[243.850s][info][gc,cpu         ] GC(519) User=0.00s Sys=0.00s Real=0.00s
[243.850s][info][gc,start       ] GC(520) Pause Full (Allocation Failure)
[243.850s][info][gc,phases,start] GC(520) Phase 1: Mark live objects
[244.093s][info][gc,phases      ] GC(520) Phase 1: Mark live objects 243.386ms
[244.093s][info][gc,phases,start] GC(520) Phase 2: Compute new object addresses
[244.219s][info][gc,phases      ] GC(520) Phase 2: Compute new object addresses 125.918ms
[244.219s][info][gc,phases,start] GC(520) Phase 3: Adjust pointers
[244.348s][info][gc,phases      ] GC(520) Phase 3: Adjust pointers 128.294ms
[244.348s][info][gc,phases,start] GC(520) Phase 4: Move objects
[244.430s][info][gc,phases      ] GC(520) Phase 4: Move objects 81.723ms
[244.430s][info][gc,heap        ] GC(520) DefNew: 314559K(314560K)->0K(314560K) Eden: 279616K(279616K)->0K(279616K) From: 34943K(34944K)->0K(34944K)
[244.430s][info][gc,heap        ] GC(520) Tenured: 495610K(699072K)->211040K(699072K)
[244.430s][info][gc,metaspace   ] GC(520) Metaspace: 16573K(16896K)->16573K(16896K) NonClass: 14243K(14400K)->14243K(14400K) Class: 2330K(2496K)->2330K(2496K)
[244.430s][info][gc             ] GC(520) Pause Full (Allocation Failure) 791M->206M(989M) 579.796ms
[244.430s][info][gc,cpu         ] GC(520) User=0.58s Sys=0.00s Real=0.59s
[244.571s][info][gc,start       ] GC(521) Pause Young (Allocation Failure)
[244.858s][info][gc,heap        ] GC(521) DefNew: 279616K(314560K)->34943K(314560K) Eden: 279616K(279616K)->0K(279616K) From: 0K(34944K)->34943K(34944K)
[244.858s][info][gc,heap        ] GC(521) Tenured: 211040K(699072K)->293725K(699072K)
[244.858s][info][gc,metaspace   ] GC(521) Metaspace: 16573K(16896K)->16573K(16896K) NonClass: 14243K(14400K)->14243K(14400K) Class: 2330K(2496K)->2330K(2496K)
[244.858s][info][gc             ] GC(521) Pause Young (Allocation Failure) 479M->320M(989M) 287.277ms
[244.858s][info][gc,cpu         ] GC(521) User=0.23s Sys=0.00s Real=0.28s
[245.016s][info][gc,start       ] GC(522) Pause Young (Allocation Failure)
[245.481s][info][gc,heap        ] GC(522) DefNew: 314559K(314560K)->34943K(314560K) Eden: 279616K(279616K)->0K(279616K) From: 34943K(34944K)->34943K(34944K)
[245.481s][info][gc,heap        ] GC(522) Tenured: 293725K(699072K)->421264K(699072K)
[245.481s][info][gc,metaspace   ] GC(522) Metaspace: 16573K(16896K)->16573K(16896K) NonClass: 14243K(14400K)->14243K(14400K) Class: 2330K(2496K)->2330K(2496K)
[245.481s][info][gc             ] GC(522) Pause Young (Allocation Failure) 594M->445M(989M) 464.661ms
[245.481s][info][gc,cpu         ] GC(522) User=0.44s Sys=0.00s Real=0.45s
[245.956s][info][gc,start       ] GC(523) Pause Young (Allocation Failure)
[246.162s][info][gc,heap        ] GC(523) DefNew: 314559K(314560K)->26995K(314560K) Eden: 279616K(279616K)->0K(279616K) From: 34943K(34944K)->26995K(34944K)
[246.162s][info][gc,heap        ] GC(523) Tenured: 421264K(699072K)->446238K(699072K)
[246.162s][info][gc,metaspace   ] GC(523) Metaspace: 16573K(16896K)->16573K(16896K) NonClass: 14243K(14400K)->14243K(14400K) Class: 2330K(2496K)->2330K(2496K)
[246.162s][info][gc             ] GC(523) Pause Young (Allocation Failure) 718M->462M(989M) 206.109ms
[246.162s][info][gc,cpu         ] GC(523) User=0.16s Sys=0.02s Real=0.20s
[246.528s][info][gc,start       ] GC(524) Pause Young (Allocation Failure)
[246.560s][info][gc,heap        ] GC(524) DefNew: 306611K(314560K)->180K(314560K) Eden: 279616K(279616K)->0K(279616K) From: 26995K(34944K)->180K(34944K)
[246.560s][info][gc,heap        ] GC(524) Tenured: 446238K(699072K)->449079K(699072K)
[246.560s][info][gc,metaspace   ] GC(524) Metaspace: 16573K(16896K)->16573K(16896K) NonClass: 14243K(14400K)->14243K(14400K) Class: 2330K(2496K)->2330K(2496K)
[246.560s][info][gc             ] GC(524) Pause Young (Allocation Failure) 735M->438M(989M) 32.176ms
[246.560s][info][gc,cpu         ] GC(524) User=0.03s Sys=0.00s Real=0.03s
[247.211s][info][gc,start       ] GC(525) Pause Full (System.gc())
[247.211s][info][gc,phases,start] GC(525) Phase 1: Mark live objects
[247.218s][info][gc,phases      ] GC(525) Phase 1: Mark live objects 7.030ms
[247.218s][info][gc,phases,start] GC(525) Phase 2: Compute new object addresses
[247.299s][info][gc,phases      ] GC(525) Phase 2: Compute new object addresses 80.515ms
[247.299s][info][gc,phases,start] GC(525) Phase 3: Adjust pointers
[247.303s][info][gc,phases      ] GC(525) Phase 3: Adjust pointers 3.979ms
[247.303s][info][gc,phases,start] GC(525) Phase 4: Move objects
[247.303s][info][gc,phases      ] GC(525) Phase 4: Move objects 0.010ms
[247.303s][info][gc,heap        ] GC(525) DefNew: 95306K(314560K)->0K(314560K) Eden: 95126K(279616K)->0K(279616K) From: 180K(34944K)->0K(34944K)
[247.303s][info][gc,heap        ] GC(525) Tenured: 449079K(699072K)->6333K(699072K)
[247.303s][info][gc,metaspace   ] GC(525) Metaspace: 16573K(16896K)->16573K(16896K) NonClass: 14243K(14400K)->14243K(14400K) Class: 2330K(2496K)->2330K(2496K)
[247.303s][info][gc             ] GC(525) Pause Full (System.gc()) 531M->6M(989M) 91.894ms
[247.303s][info][gc,cpu         ] GC(525) User=0.08s Sys=0.00s Real=0.09s
[248.781s][info][gc,start       ] GC(526) Pause Young (Allocation Failure)
[248.782s][info][gc,heap        ] GC(526) DefNew: 279616K(314560K)->225K(314560K) Eden: 279616K(279616K)->0K(279616K) From: 0K(34944K)->225K(34944K)
[248.782s][info][gc,heap        ] GC(526) Tenured: 6333K(699072K)->6333K(699072K)
[248.782s][info][gc,metaspace   ] GC(526) Metaspace: 16575K(16896K)->16575K(16896K) NonClass: 14244K(14400K)->14244K(14400K) Class: 2330K(2496K)->2330K(2496K)
[248.782s][info][gc             ] GC(526) Pause Young (Allocation Failure) 279M->6M(989M) 1.092ms
[248.782s][info][gc,cpu         ] GC(526) User=0.00s Sys=0.00s Real=0.00s
[248.828s][info][gc,start       ] GC(527) Pause Young (Allocation Failure)
[248.828s][info][gc,heap        ] GC(527) DefNew: 279841K(314560K)->253K(314560K) Eden: 279616K(279616K)->0K(279616K) From: 225K(34944K)->253K(34944K)
[248.828s][info][gc,heap        ] GC(527) Tenured: 6333K(699072K)->6333K(699072K)
[248.828s][info][gc,metaspace   ] GC(527) Metaspace: 16575K(16896K)->16575K(16896K) NonClass: 14244K(14400K)->14244K(14400K) Class: 2330K(2496K)->2330K(2496K)
[248.828s][info][gc             ] GC(527) Pause Young (Allocation Failure) 279M->6M(989M) 0.812ms
[248.828s][info][gc,cpu         ] GC(527) User=0.00s Sys=0.00s Real=0.00s
[248.873s][info][gc,start       ] GC(528) Pause Young (Allocation Failure)
[248.874s][info][gc,heap        ] GC(528) DefNew: 279869K(314560K)->240K(314560K) Eden: 279616K(279616K)->0K(279616K) From: 253K(34944K)->240K(34944K)
[248.874s][info][gc,heap        ] GC(528) Tenured: 6333K(699072K)->6333K(699072K)
[248.874s][info][gc,metaspace   ] GC(528) Metaspace: 16575K(16896K)->16575K(16896K) NonClass: 14244K(14400K)->14244K(14400K) Class: 2330K(2496K)->2330K(2496K)
[248.874s][info][gc             ] GC(528) Pause Young (Allocation Failure) 279M->6M(989M) 0.820ms
[248.874s][info][gc,cpu         ] GC(528) User=0.00s Sys=0.00s Real=0.00s
[248.918s][info][gc,start       ] GC(529) Pause Young (Allocation Failure)
[248.919s][info][gc,heap        ] GC(529) DefNew: 279856K(314560K)->218K(314560K) Eden: 279616K(279616K)->0K(279616K) From: 240K(34944K)->218K(34944K)
[248.919s][info][gc,heap        ] GC(529) Tenured: 6333K(699072K)->6333K(699072K)
[248.919s][info][gc,metaspace   ] GC(529) Metaspace: 16575K(16896K)->16575K(16896K) NonClass: 14244K(14400K)->14244K(14400K) Class: 2330K(2496K)->2330K(2496K)
[248.919s][info][gc             ] GC(529) Pause Young (Allocation Failure) 279M->6M(989M) 0.750ms
[248.919s][info][gc,cpu         ] GC(529) User=0.00s Sys=0.00s Real=0.00s
[248.963s][info][gc,start       ] GC(530) Pause Young (Allocation Failure)
[248.964s][info][gc,heap        ] GC(530) DefNew: 279834K(314560K)->239K(314560K) Eden: 279616K(279616K)->0K(279616K) From: 218K(34944K)->239K(34944K)
[248.964s][info][gc,heap        ] GC(530) Tenured: 6333K(699072K)->6333K(699072K)
[248.964s][info][gc,metaspace   ] GC(530) Metaspace: 16575K(16896K)->16575K(16896K) NonClass: 14244K(14400K)->14244K(14400K) Class: 2330K(2496K)->2330K(2496K)
[248.964s][info][gc             ] GC(530) Pause Young (Allocation Failure) 279M->6M(989M) 0.774ms
[248.964s][info][gc,cpu         ] GC(530) User=0.00s Sys=0.00s Real=0.00s
[249.008s][info][gc,start       ] GC(531) Pause Young (Allocation Failure)
[249.008s][info][gc,heap        ] GC(531) DefNew: 279855K(314560K)->239K(314560K) Eden: 279616K(279616K)->0K(279616K) From: 239K(34944K)->239K(34944K)
[249.008s][info][gc,heap        ] GC(531) Tenured: 6333K(699072K)->6333K(699072K)
[249.008s][info][gc,metaspace   ] GC(531) Metaspace: 16575K(16896K)->16575K(16896K) NonClass: 14244K(14400K)->14244K(14400K) Class: 2330K(2496K)->2330K(2496K)
[249.008s][info][gc             ] GC(531) Pause Young (Allocation Failure) 279M->6M(989M) 0.786ms
[249.008s][info][gc,cpu         ] GC(531) User=0.00s Sys=0.00s Real=0.00s
[249.054s][info][gc,start       ] GC(532) Pause Young (Allocation Failure)
[249.055s][info][gc,heap        ] GC(532) DefNew: 279855K(314560K)->237K(314560K) Eden: 279616K(279616K)->0K(279616K) From: 239K(34944K)->237K(34944K)
[249.055s][info][gc,heap        ] GC(532) Tenured: 6333K(699072K)->6333K(699072K)
[249.055s][info][gc,metaspace   ] GC(532) Metaspace: 16575K(16896K)->16575K(16896K) NonClass: 14244K(14400K)->14244K(14400K) Class: 2330K(2496K)->2330K(2496K)
[249.055s][info][gc             ] GC(532) Pause Young (Allocation Failure) 279M->6M(989M) 1.060ms
[249.055s][info][gc,cpu         ] GC(532) User=0.00s Sys=0.00s Real=0.00s
[249.099s][info][gc,start       ] GC(533) Pause Young (Allocation Failure)
[249.100s][info][gc,heap        ] GC(533) DefNew: 279853K(314560K)->243K(314560K) Eden: 279616K(279616K)->0K(279616K) From: 237K(34944K)->243K(34944K)
[249.100s][info][gc,heap        ] GC(533) Tenured: 6333K(699072K)->6333K(699072K)
[249.100s][info][gc,metaspace   ] GC(533) Metaspace: 16575K(16896K)->16575K(16896K) NonClass: 14244K(14400K)->14244K(14400K) Class: 2330K(2496K)->2330K(2496K)
[249.100s][info][gc             ] GC(533) Pause Young (Allocation Failure) 279M->6M(989M) 0.930ms
[249.100s][info][gc,cpu         ] GC(533) User=0.00s Sys=0.00s Real=0.00s
[249.145s][info][gc,start       ] GC(534) Pause Young (Allocation Failure)
[249.146s][info][gc,heap        ] GC(534) DefNew: 279859K(314560K)->231K(314560K) Eden: 279616K(279616K)->0K(279616K) From: 243K(34944K)->231K(34944K)
[249.146s][info][gc,heap        ] GC(534) Tenured: 6333K(699072K)->6333K(699072K)
[249.146s][info][gc,metaspace   ] GC(534) Metaspace: 16575K(16896K)->16575K(16896K) NonClass: 14244K(14400K)->14244K(14400K) Class: 2330K(2496K)->2330K(2496K)
[249.146s][info][gc             ] GC(534) Pause Young (Allocation Failure) 279M->6M(989M) 0.899ms
[249.146s][info][gc,cpu         ] GC(534) User=0.00s Sys=0.00s Real=0.00s
[249.191s][info][gc,start       ] GC(535) Pause Young (Allocation Failure)
[249.192s][info][gc,heap        ] GC(535) DefNew: 279847K(314560K)->213K(314560K) Eden: 279616K(279616K)->0K(279616K) From: 231K(34944K)->213K(34944K)
[249.192s][info][gc,heap        ] GC(535) Tenured: 6333K(699072K)->6333K(699072K)
[249.192s][info][gc,metaspace   ] GC(535) Metaspace: 16575K(16896K)->16575K(16896K) NonClass: 14244K(14400K)->14244K(14400K) Class: 2330K(2496K)->2330K(2496K)
[249.192s][info][gc             ] GC(535) Pause Young (Allocation Failure) 279M->6M(989M) 0.858ms
[249.192s][info][gc,cpu         ] GC(535) User=0.00s Sys=0.00s Real=0.00s
[249.273s][info][gc,start       ] GC(536) Pause Young (Allocation Failure)
[249.468s][info][gc,heap        ] GC(536) DefNew: 279829K(314560K)->34944K(314560K) Eden: 279616K(279616K)->0K(279616K) From: 213K(34944K)->34944K(34944K)
[249.468s][info][gc,heap        ] GC(536) Tenured: 6333K(699072K)->49658K(699072K)
[249.468s][info][gc,metaspace   ] GC(536) Metaspace: 16575K(16896K)->16575K(16896K) NonClass: 14245K(14400K)->14245K(14400K) Class: 2330K(2496K)->2330K(2496K)
[249.468s][info][gc             ] GC(536) Pause Young (Allocation Failure) 279M->82M(989M) 195.157ms
[249.468s][info][gc,cpu         ] GC(536) User=0.20s Sys=0.00s Real=0.20s
[249.641s][info][gc,start       ] GC(537) Pause Young (Allocation Failure)
[250.233s][info][gc,heap        ] GC(537) DefNew: 314560K(314560K)->34944K(314560K) Eden: 279616K(279616K)->0K(279616K) From: 34944K(34944K)->34944K(34944K)
[250.233s][info][gc,heap        ] GC(537) Tenured: 49658K(699072K)->233989K(699072K)
[250.233s][info][gc,metaspace   ] GC(537) Metaspace: 16575K(16896K)->16575K(16896K) NonClass: 14245K(14400K)->14245K(14400K) Class: 2330K(2496K)->2330K(2496K)
[250.234s][info][gc             ] GC(537) Pause Young (Allocation Failure) 355M->262M(989M) 592.833ms
[250.234s][info][gc,cpu         ] GC(537) User=0.59s Sys=0.00s Real=0.60s
[250.446s][info][gc,start       ] GC(538) Pause Young (Allocation Failure)
[250.994s][info][gc,heap        ] GC(538) DefNew: 314560K(314560K)->34943K(314560K) Eden: 279616K(279616K)->0K(279616K) From: 34944K(34944K)->34943K(34944K)
[250.994s][info][gc,heap        ] GC(538) Tenured: 233989K(699072K)->408426K(699072K)
[250.994s][info][gc,metaspace   ] GC(538) Metaspace: 16575K(16896K)->16575K(16896K) NonClass: 14245K(14400K)->14245K(14400K) Class: 2330K(2496K)->2330K(2496K)
[250.994s][info][gc             ] GC(538) Pause Young (Allocation Failure) 535M->432M(989M) 548.052ms
[250.994s][info][gc,cpu         ] GC(538) User=0.56s Sys=0.00s Real=0.55s
[253.132s][info][gc,start       ] GC(539) Pause Young (Allocation Failure)
[253.510s][info][gc,heap        ] GC(539) DefNew: 314559K(314560K)->34944K(314560K) Eden: 279616K(279616K)->0K(279616K) From: 34943K(34944K)->34944K(34944K)
[253.510s][info][gc,heap        ] GC(539) Tenured: 408426K(699072K)->495211K(699072K)
[253.510s][info][gc,metaspace   ] GC(539) Metaspace: 16577K(16896K)->16577K(16896K) NonClass: 14247K(14400K)->14247K(14400K) Class: 2330K(2496K)->2330K(2496K)
[253.510s][info][gc             ] GC(539) Pause Young (Allocation Failure) 706M->517M(989M) 378.728ms
[253.510s][info][gc,cpu         ] GC(539) User=0.34s Sys=0.00s Real=0.38s
[253.649s][info][gc,start       ] GC(540) Pause Young (Allocation Failure)
[253.649s][info][gc             ] GC(540) Pause Young (Allocation Failure) 790M->790M(989M) 0.118ms
[253.649s][info][gc,cpu         ] GC(540) User=0.00s Sys=0.00s Real=0.00s
[253.649s][info][gc,start       ] GC(541) Pause Full (Allocation Failure)
[253.649s][info][gc,phases,start] GC(541) Phase 1: Mark live objects
[253.882s][info][gc,phases      ] GC(541) Phase 1: Mark live objects 233.424ms
[253.882s][info][gc,phases,start] GC(541) Phase 2: Compute new object addresses
[254.009s][info][gc,phases      ] GC(541) Phase 2: Compute new object addresses 127.276ms
[254.010s][info][gc,phases,start] GC(541) Phase 3: Adjust pointers
[254.127s][info][gc,phases      ] GC(541) Phase 3: Adjust pointers 117.823ms
[254.127s][info][gc,phases,start] GC(541) Phase 4: Move objects
[254.209s][info][gc,phases      ] GC(541) Phase 4: Move objects 81.099ms
[254.209s][info][gc,heap        ] GC(541) DefNew: 314560K(314560K)->0K(314560K) Eden: 279616K(279616K)->0K(279616K) From: 34944K(34944K)->0K(34944K)
[254.209s][info][gc,heap        ] GC(541) Tenured: 495211K(699072K)->210570K(699072K)
[254.209s][info][gc,metaspace   ] GC(541) Metaspace: 16577K(16896K)->16577K(16896K) NonClass: 14247K(14400K)->14247K(14400K) Class: 2330K(2496K)->2330K(2496K)
[254.209s][info][gc             ] GC(541) Pause Full (Allocation Failure) 790M->205M(989M) 560.646ms
[254.209s][info][gc,cpu         ] GC(541) User=0.55s Sys=0.00s Real=0.57s
[254.362s][info][gc,start       ] GC(542) Pause Young (Allocation Failure)
[254.652s][info][gc,heap        ] GC(542) DefNew: 279616K(314560K)->34944K(314560K) Eden: 279616K(279616K)->0K(279616K) From: 0K(34944K)->34944K(34944K)
[254.652s][info][gc,heap        ] GC(542) Tenured: 210570K(699072K)->293257K(699072K)
[254.652s][info][gc,metaspace   ] GC(542) Metaspace: 16577K(16896K)->16577K(16896K) NonClass: 14247K(14400K)->14247K(14400K) Class: 2330K(2496K)->2330K(2496K)
[254.652s][info][gc             ] GC(542) Pause Young (Allocation Failure) 478M->320M(989M) 290.160ms
[254.652s][info][gc,cpu         ] GC(542) User=0.27s Sys=0.00s Real=0.30s
[254.811s][info][gc,start       ] GC(543) Pause Young (Allocation Failure)
[255.269s][info][gc,heap        ] GC(543) DefNew: 314560K(314560K)->34944K(314560K) Eden: 279616K(279616K)->0K(279616K) From: 34944K(34944K)->34944K(34944K)
[255.270s][info][gc,heap        ] GC(543) Tenured: 293257K(699072K)->420516K(699072K)
[255.270s][info][gc,metaspace   ] GC(543) Metaspace: 16577K(16896K)->16577K(16896K) NonClass: 14247K(14400K)->14247K(14400K) Class: 2330K(2496K)->2330K(2496K)
[255.270s][info][gc             ] GC(543) Pause Young (Allocation Failure) 593M->444M(989M) 458.244ms
[255.270s][info][gc,cpu         ] GC(543) User=0.45s Sys=0.00s Real=0.45s
[255.735s][info][gc,start       ] GC(544) Pause Young (Allocation Failure)
[255.944s][info][gc,heap        ] GC(544) DefNew: 314560K(314560K)->27800K(314560K) Eden: 279616K(279616K)->0K(279616K) From: 34944K(34944K)->27800K(34944K)
[255.944s][info][gc,heap        ] GC(544) Tenured: 420516K(699072K)->445540K(699072K)
[255.944s][info][gc,metaspace   ] GC(544) Metaspace: 16577K(16896K)->16577K(16896K) NonClass: 14247K(14400K)->14247K(14400K) Class: 2330K(2496K)->2330K(2496K)
[255.945s][info][gc             ] GC(544) Pause Young (Allocation Failure) 717M->462M(989M) 209.587ms
[255.945s][info][gc,cpu         ] GC(544) User=0.20s Sys=0.00s Real=0.22s
[256.310s][info][gc,start       ] GC(545) Pause Young (Allocation Failure)
[256.346s][info][gc,heap        ] GC(545) DefNew: 307416K(314560K)->215K(314560K) Eden: 279616K(279616K)->0K(279616K) From: 27800K(34944K)->215K(34944K)
[256.346s][info][gc,heap        ] GC(545) Tenured: 445540K(699072K)->448497K(699072K)
[256.346s][info][gc,metaspace   ] GC(545) Metaspace: 16577K(16896K)->16577K(16896K) NonClass: 14247K(14400K)->14247K(14400K) Class: 2330K(2496K)->2330K(2496K)
[256.346s][info][gc             ] GC(545) Pause Young (Allocation Failure) 735M->438M(989M) 36.093ms
[256.346s][info][gc,cpu         ] GC(545) User=0.03s Sys=0.00s Real=0.03s
[257.031s][info][gc,start       ] GC(546) Pause Full (System.gc())
[257.031s][info][gc,phases,start] GC(546) Phase 1: Mark live objects
[257.038s][info][gc,phases      ] GC(546) Phase 1: Mark live objects 7.121ms
[257.038s][info][gc,phases,start] GC(546) Phase 2: Compute new object addresses
[257.119s][info][gc,phases      ] GC(546) Phase 2: Compute new object addresses 81.015ms
[257.119s][info][gc,phases,start] GC(546) Phase 3: Adjust pointers
[257.123s][info][gc,phases      ] GC(546) Phase 3: Adjust pointers 4.042ms
[257.123s][info][gc,phases,start] GC(546) Phase 4: Move objects
[257.123s][info][gc,phases      ] GC(546) Phase 4: Move objects 0.010ms
[257.123s][info][gc,heap        ] GC(546) DefNew: 93302K(314560K)->0K(314560K) Eden: 93087K(279616K)->0K(279616K) From: 215K(34944K)->0K(34944K)
[257.123s][info][gc,heap        ] GC(546) Tenured: 448497K(699072K)->6332K(699072K)
[257.123s][info][gc,metaspace   ] GC(546) Metaspace: 16579K(16896K)->16579K(16896K) NonClass: 14248K(14400K)->14248K(14400K) Class: 2330K(2496K)->2330K(2496K)
[257.123s][info][gc             ] GC(546) Pause Full (System.gc()) 529M->6M(989M) 92.562ms
[257.123s][info][gc,cpu         ] GC(546) User=0.08s Sys=0.00s Real=0.09s
[258.414s][info][gc,start       ] GC(547) Pause Young (Allocation Failure)
[258.415s][info][gc,heap        ] GC(547) DefNew: 279616K(314560K)->254K(314560K) Eden: 279616K(279616K)->0K(279616K) From: 0K(34944K)->254K(34944K)
[258.415s][info][gc,heap        ] GC(547) Tenured: 6332K(699072K)->6332K(699072K)
[258.415s][info][gc,metaspace   ] GC(547) Metaspace: 16579K(16896K)->16579K(16896K) NonClass: 14248K(14400K)->14248K(14400K) Class: 2330K(2496K)->2330K(2496K)
[258.415s][info][gc             ] GC(547) Pause Young (Allocation Failure) 279M->6M(989M) 1.181ms
[258.415s][info][gc,cpu         ] GC(547) User=0.00s Sys=0.00s Real=0.02s
[258.459s][info][gc,start       ] GC(548) Pause Young (Allocation Failure)
[258.460s][info][gc,heap        ] GC(548) DefNew: 279870K(314560K)->255K(314560K) Eden: 279616K(279616K)->0K(279616K) From: 254K(34944K)->255K(34944K)
[258.460s][info][gc,heap        ] GC(548) Tenured: 6332K(699072K)->6332K(699072K)
[258.460s][info][gc,metaspace   ] GC(548) Metaspace: 16579K(16896K)->16579K(16896K) NonClass: 14248K(14400K)->14248K(14400K) Class: 2330K(2496K)->2330K(2496K)
[258.460s][info][gc             ] GC(548) Pause Young (Allocation Failure) 279M->6M(989M) 0.836ms
[258.460s][info][gc,cpu         ] GC(548) User=0.00s Sys=0.00s Real=0.00s
[258.504s][info][gc,start       ] GC(549) Pause Young (Allocation Failure)
[258.505s][info][gc,heap        ] GC(549) DefNew: 279871K(314560K)->246K(314560K) Eden: 279616K(279616K)->0K(279616K) From: 255K(34944K)->246K(34944K)
[258.505s][info][gc,heap        ] GC(549) Tenured: 6332K(699072K)->6332K(699072K)
[258.505s][info][gc,metaspace   ] GC(549) Metaspace: 16579K(16896K)->16579K(16896K) NonClass: 14248K(14400K)->14248K(14400K) Class: 2330K(2496K)->2330K(2496K)
[258.505s][info][gc             ] GC(549) Pause Young (Allocation Failure) 279M->6M(989M) 0.802ms
[258.505s][info][gc,cpu         ] GC(549) User=0.00s Sys=0.00s Real=0.00s
[258.549s][info][gc,start       ] GC(550) Pause Young (Allocation Failure)
[258.550s][info][gc,heap        ] GC(550) DefNew: 279862K(314560K)->246K(314560K) Eden: 279616K(279616K)->0K(279616K) From: 246K(34944K)->246K(34944K)
[258.550s][info][gc,heap        ] GC(550) Tenured: 6332K(699072K)->6332K(699072K)
[258.550s][info][gc,metaspace   ] GC(550) Metaspace: 16579K(16896K)->16579K(16896K) NonClass: 14248K(14400K)->14248K(14400K) Class: 2330K(2496K)->2330K(2496K)
[258.550s][info][gc             ] GC(550) Pause Young (Allocation Failure) 279M->6M(989M) 0.797ms
[258.550s][info][gc,cpu         ] GC(550) User=0.00s Sys=0.00s Real=0.00s
[258.593s][info][gc,start       ] GC(551) Pause Young (Allocation Failure)
[258.594s][info][gc,heap        ] GC(551) DefNew: 279862K(314560K)->243K(314560K) Eden: 279616K(279616K)->0K(279616K) From: 246K(34944K)->243K(34944K)
[258.594s][info][gc,heap        ] GC(551) Tenured: 6332K(699072K)->6332K(699072K)
[258.594s][info][gc,metaspace   ] GC(551) Metaspace: 16579K(16896K)->16579K(16896K) NonClass: 14248K(14400K)->14248K(14400K) Class: 2330K(2496K)->2330K(2496K)
[258.594s][info][gc             ] GC(551) Pause Young (Allocation Failure) 279M->6M(989M) 0.880ms
[258.594s][info][gc,cpu         ] GC(551) User=0.00s Sys=0.00s Real=0.00s
[258.639s][info][gc,start       ] GC(552) Pause Young (Allocation Failure)
[258.640s][info][gc,heap        ] GC(552) DefNew: 279859K(314560K)->227K(314560K) Eden: 279616K(279616K)->0K(279616K) From: 243K(34944K)->227K(34944K)
[258.640s][info][gc,heap        ] GC(552) Tenured: 6332K(699072K)->6332K(699072K)
[258.640s][info][gc,metaspace   ] GC(552) Metaspace: 16579K(16896K)->16579K(16896K) NonClass: 14248K(14400K)->14248K(14400K) Class: 2330K(2496K)->2330K(2496K)
[258.640s][info][gc             ] GC(552) Pause Young (Allocation Failure) 279M->6M(989M) 0.803ms
[258.640s][info][gc,cpu         ] GC(552) User=0.00s Sys=0.00s Real=0.00s
[258.685s][info][gc,start       ] GC(553) Pause Young (Allocation Failure)
[258.686s][info][gc,heap        ] GC(553) DefNew: 279843K(314560K)->208K(314560K) Eden: 279616K(279616K)->0K(279616K) From: 227K(34944K)->208K(34944K)
[258.686s][info][gc,heap        ] GC(553) Tenured: 6332K(699072K)->6332K(699072K)
[258.686s][info][gc,metaspace   ] GC(553) Metaspace: 16579K(16896K)->16579K(16896K) NonClass: 14248K(14400K)->14248K(14400K) Class: 2330K(2496K)->2330K(2496K)
[258.686s][info][gc             ] GC(553) Pause Young (Allocation Failure) 279M->6M(989M) 0.754ms
[258.686s][info][gc,cpu         ] GC(553) User=0.00s Sys=0.00s Real=0.00s
[258.731s][info][gc,start       ] GC(554) Pause Young (Allocation Failure)
[258.732s][info][gc,heap        ] GC(554) DefNew: 279824K(314560K)->222K(314560K) Eden: 279616K(279616K)->0K(279616K) From: 208K(34944K)->222K(34944K)
[258.732s][info][gc,heap        ] GC(554) Tenured: 6332K(699072K)->6332K(699072K)
[258.732s][info][gc,metaspace   ] GC(554) Metaspace: 16579K(16896K)->16579K(16896K) NonClass: 14248K(14400K)->14248K(14400K) Class: 2330K(2496K)->2330K(2496K)
[258.732s][info][gc             ] GC(554) Pause Young (Allocation Failure) 279M->6M(989M) 0.834ms
[258.732s][info][gc,cpu         ] GC(554) User=0.00s Sys=0.00s Real=0.00s
[258.778s][info][gc,start       ] GC(555) Pause Young (Allocation Failure)
[258.778s][info][gc,heap        ] GC(555) DefNew: 279838K(314560K)->212K(314560K) Eden: 279616K(279616K)->0K(279616K) From: 222K(34944K)->212K(34944K)
[258.778s][info][gc,heap        ] GC(555) Tenured: 6332K(699072K)->6332K(699072K)
[258.778s][info][gc,metaspace   ] GC(555) Metaspace: 16579K(16896K)->16579K(16896K) NonClass: 14248K(14400K)->14248K(14400K) Class: 2330K(2496K)->2330K(2496K)
[258.778s][info][gc             ] GC(555) Pause Young (Allocation Failure) 279M->6M(989M) 0.857ms
[258.778s][info][gc,cpu         ] GC(555) User=0.00s Sys=0.00s Real=0.00s
[258.828s][info][gc,start       ] GC(556) Pause Young (Allocation Failure)
[258.829s][info][gc,heap        ] GC(556) DefNew: 279828K(314560K)->203K(314560K) Eden: 279616K(279616K)->0K(279616K) From: 212K(34944K)->203K(34944K)
[258.829s][info][gc,heap        ] GC(556) Tenured: 6332K(699072K)->6332K(699072K)
[258.829s][info][gc,metaspace   ] GC(556) Metaspace: 16579K(16896K)->16579K(16896K) NonClass: 14248K(14400K)->14248K(14400K) Class: 2330K(2496K)->2330K(2496K)
[258.829s][info][gc             ] GC(556) Pause Young (Allocation Failure) 279M->6M(989M) 0.785ms
[258.829s][info][gc,cpu         ] GC(556) User=0.00s Sys=0.00s Real=0.00s
[258.912s][info][gc,start       ] GC(557) Pause Young (Allocation Failure)
[259.095s][info][gc,heap        ] GC(557) DefNew: 279819K(314560K)->34943K(314560K) Eden: 279616K(279616K)->0K(279616K) From: 203K(34944K)->34943K(34944K)
[259.095s][info][gc,heap        ] GC(557) Tenured: 6332K(699072K)->45872K(699072K)
[259.095s][info][gc,metaspace   ] GC(557) Metaspace: 16579K(16896K)->16579K(16896K) NonClass: 14248K(14400K)->14248K(14400K) Class: 2330K(2496K)->2330K(2496K)
[259.095s][info][gc             ] GC(557) Pause Young (Allocation Failure) 279M->78M(989M) 183.002ms
[259.095s][info][gc,cpu         ] GC(557) User=0.17s Sys=0.00s Real=0.19s
[259.264s][info][gc,start       ] GC(558) Pause Young (Allocation Failure)
[259.852s][info][gc,heap        ] GC(558) DefNew: 314559K(314560K)->34944K(314560K) Eden: 279616K(279616K)->0K(279616K) From: 34943K(34944K)->34944K(34944K)
[259.852s][info][gc,heap        ] GC(558) Tenured: 45872K(699072K)->229817K(699072K)
[259.852s][info][gc,metaspace   ] GC(558) Metaspace: 16579K(16896K)->16579K(16896K) NonClass: 14248K(14400K)->14248K(14400K) Class: 2330K(2496K)->2330K(2496K)
[259.852s][info][gc             ] GC(558) Pause Young (Allocation Failure) 351M->258M(989M) 588.313ms
[259.852s][info][gc,cpu         ] GC(558) User=0.58s Sys=0.00s Real=0.59s
[260.052s][info][gc,start       ] GC(559) Pause Young (Allocation Failure)
[260.605s][info][gc,heap        ] GC(559) DefNew: 314560K(314560K)->34944K(314560K) Eden: 279616K(279616K)->0K(279616K) From: 34944K(34944K)->34944K(34944K)
[260.605s][info][gc,heap        ] GC(559) Tenured: 229817K(699072K)->408796K(699072K)
[260.605s][info][gc,metaspace   ] GC(559) Metaspace: 16579K(16896K)->16579K(16896K) NonClass: 14248K(14400K)->14248K(14400K) Class: 2330K(2496K)->2330K(2496K)
[260.605s][info][gc             ] GC(559) Pause Young (Allocation Failure) 531M->433M(989M) 553.222ms
[260.605s][info][gc,cpu         ] GC(559) User=0.55s Sys=0.00s Real=0.55s
[262.629s][info][gc,start       ] GC(560) Pause Young (Allocation Failure)
[263.003s][info][gc,heap        ] GC(560) DefNew: 314560K(314560K)->34944K(314560K) Eden: 279616K(279616K)->0K(279616K) From: 34944K(34944K)->34944K(34944K)
[263.003s][info][gc,heap        ] GC(560) Tenured: 408796K(699072K)->493537K(699072K)
[263.003s][info][gc,metaspace   ] GC(560) Metaspace: 16579K(16896K)->16579K(16896K) NonClass: 14248K(14400K)->14248K(14400K) Class: 2330K(2496K)->2330K(2496K)
[263.003s][info][gc             ] GC(560) Pause Young (Allocation Failure) 706M->516M(989M) 374.210ms
[263.003s][info][gc,cpu         ] GC(560) User=0.36s Sys=0.00s Real=0.38s
[263.141s][info][gc,start       ] GC(561) Pause Young (Allocation Failure)
[263.141s][info][gc             ] GC(561) Pause Young (Allocation Failure) 789M->789M(989M) 0.143ms
[263.141s][info][gc,cpu         ] GC(561) User=0.00s Sys=0.00s Real=0.00s
[263.141s][info][gc,start       ] GC(562) Pause Full (Allocation Failure)
[263.141s][info][gc,phases,start] GC(562) Phase 1: Mark live objects
[263.373s][info][gc,phases      ] GC(562) Phase 1: Mark live objects 231.384ms
[263.373s][info][gc,phases,start] GC(562) Phase 2: Compute new object addresses
[263.501s][info][gc,phases      ] GC(562) Phase 2: Compute new object addresses 127.791ms
[263.501s][info][gc,phases,start] GC(562) Phase 3: Adjust pointers
[263.617s][info][gc,phases      ] GC(562) Phase 3: Adjust pointers 116.154ms
[263.617s][info][gc,phases,start] GC(562) Phase 4: Move objects
[263.697s][info][gc,phases      ] GC(562) Phase 4: Move objects 80.269ms
[263.697s][info][gc,heap        ] GC(562) DefNew: 314560K(314560K)->0K(314560K) Eden: 279616K(279616K)->0K(279616K) From: 34944K(34944K)->0K(34944K)
[263.697s][info][gc,heap        ] GC(562) Tenured: 493537K(699072K)->208179K(699072K)
[263.698s][info][gc,metaspace   ] GC(562) Metaspace: 16579K(16896K)->16579K(16896K) NonClass: 14248K(14400K)->14248K(14400K) Class: 2330K(2496K)->2330K(2496K)
[263.698s][info][gc             ] GC(562) Pause Full (Allocation Failure) 789M->203M(989M) 556.113ms
[263.698s][info][gc,cpu         ] GC(562) User=0.53s Sys=0.00s Real=0.57s
[263.838s][info][gc,start       ] GC(563) Pause Young (Allocation Failure)
[264.123s][info][gc,heap        ] GC(563) DefNew: 279616K(314560K)->34944K(314560K) Eden: 279616K(279616K)->0K(279616K) From: 0K(34944K)->34944K(34944K)
[264.123s][info][gc,heap        ] GC(563) Tenured: 208179K(699072K)->290872K(699072K)
[264.123s][info][gc,metaspace   ] GC(563) Metaspace: 16579K(16896K)->16579K(16896K) NonClass: 14248K(14400K)->14248K(14400K) Class: 2330K(2496K)->2330K(2496K)
[264.123s][info][gc             ] GC(563) Pause Young (Allocation Failure) 476M->318M(989M) 284.886ms
[264.123s][info][gc,cpu         ] GC(563) User=0.25s Sys=0.00s Real=0.30s
[264.282s][info][gc,start       ] GC(564) Pause Young (Allocation Failure)
[264.720s][info][gc,heap        ] GC(564) DefNew: 314560K(314560K)->34944K(314560K) Eden: 279616K(279616K)->0K(279616K) From: 34944K(34944K)->34944K(34944K)
[264.720s][info][gc,heap        ] GC(564) Tenured: 290872K(699072K)->416430K(699072K)
[264.720s][info][gc,metaspace   ] GC(564) Metaspace: 16579K(16896K)->16579K(16896K) NonClass: 14248K(14400K)->14248K(14400K) Class: 2330K(2496K)->2330K(2496K)
[264.720s][info][gc             ] GC(564) Pause Young (Allocation Failure) 591M->440M(989M) 438.020ms
[264.720s][info][gc,cpu         ] GC(564) User=0.44s Sys=0.00s Real=0.44s
[265.179s][info][gc,start       ] GC(565) Pause Young (Allocation Failure)
[265.397s][info][gc,heap        ] GC(565) DefNew: 314560K(314560K)->30028K(314560K) Eden: 279616K(279616K)->0K(279616K) From: 34944K(34944K)->30028K(34944K)
[265.397s][info][gc,heap        ] GC(565) Tenured: 416430K(699072K)->442779K(699072K)
[265.397s][info][gc,metaspace   ] GC(565) Metaspace: 16579K(16896K)->16579K(16896K) NonClass: 14248K(14400K)->14248K(14400K) Class: 2330K(2496K)->2330K(2496K)
[265.397s][info][gc             ] GC(565) Pause Young (Allocation Failure) 713M->461M(989M) 217.507ms
[265.397s][info][gc,cpu         ] GC(565) User=0.20s Sys=0.00s Real=0.22s
[265.762s][info][gc,start       ] GC(566) Pause Young (Allocation Failure)
[265.810s][info][gc,heap        ] GC(566) DefNew: 309644K(314560K)->412K(314560K) Eden: 279616K(279616K)->0K(279616K) From: 30028K(34944K)->412K(34944K)
[265.810s][info][gc,heap        ] GC(566) Tenured: 442779K(699072K)->446307K(699072K)
[265.810s][info][gc,metaspace   ] GC(566) Metaspace: 16579K(16896K)->16579K(16896K) NonClass: 14248K(14400K)->14248K(14400K) Class: 2330K(2496K)->2330K(2496K)
[265.810s][info][gc             ] GC(566) Pause Young (Allocation Failure) 734M->436M(989M) 47.517ms
[265.810s][info][gc,cpu         ] GC(566) User=0.05s Sys=0.00s Real=0.05s
[266.462s][info][gc,start       ] GC(567) Pause Full (System.gc())
[266.462s][info][gc,phases,start] GC(567) Phase 1: Mark live objects
[266.469s][info][gc,phases      ] GC(567) Phase 1: Mark live objects 7.099ms
[266.469s][info][gc,phases,start] GC(567) Phase 2: Compute new object addresses
[266.550s][info][gc,phases      ] GC(567) Phase 2: Compute new object addresses 81.018ms
[266.550s][info][gc,phases,start] GC(567) Phase 3: Adjust pointers
[266.554s][info][gc,phases      ] GC(567) Phase 3: Adjust pointers 4.011ms
[266.554s][info][gc,phases,start] GC(567) Phase 4: Move objects
[266.554s][info][gc,phases      ] GC(567) Phase 4: Move objects 0.010ms
[266.554s][info][gc,heap        ] GC(567) DefNew: 101426K(314560K)->0K(314560K) Eden: 101014K(279616K)->0K(279616K) From: 412K(34944K)->0K(34944K)
[266.554s][info][gc,heap        ] GC(567) Tenured: 446307K(699072K)->6333K(699072K)
[266.554s][info][gc,metaspace   ] GC(567) Metaspace: 16579K(16896K)->16579K(16896K) NonClass: 14248K(14400K)->14248K(14400K) Class: 2330K(2496K)->2330K(2496K)
[266.554s][info][gc             ] GC(567) Pause Full (System.gc()) 534M->6M(989M) 92.502ms
[266.554s][info][gc,cpu         ] GC(567) User=0.09s Sys=0.00s Real=0.09s
[267.827s][info][gc,start       ] GC(568) Pause Young (Allocation Failure)
[267.828s][info][gc,heap        ] GC(568) DefNew: 279616K(314560K)->239K(314560K) Eden: 279616K(279616K)->0K(279616K) From: 0K(34944K)->239K(34944K)
[267.828s][info][gc,heap        ] GC(568) Tenured: 6333K(699072K)->6333K(699072K)
[267.828s][info][gc,metaspace   ] GC(568) Metaspace: 16579K(16896K)->16579K(16896K) NonClass: 14248K(14400K)->14248K(14400K) Class: 2330K(2496K)->2330K(2496K)
[267.828s][info][gc             ] GC(568) Pause Young (Allocation Failure) 279M->6M(989M) 1.145ms
[267.828s][info][gc,cpu         ] GC(568) User=0.00s Sys=0.00s Real=0.00s
[267.875s][info][gc,start       ] GC(569) Pause Young (Allocation Failure)
[267.876s][info][gc,heap        ] GC(569) DefNew: 279855K(314560K)->247K(314560K) Eden: 279616K(279616K)->0K(279616K) From: 239K(34944K)->247K(34944K)
[267.876s][info][gc,heap        ] GC(569) Tenured: 6333K(699072K)->6333K(699072K)
[267.876s][info][gc,metaspace   ] GC(569) Metaspace: 16579K(16896K)->16579K(16896K) NonClass: 14248K(14400K)->14248K(14400K) Class: 2330K(2496K)->2330K(2496K)
[267.876s][info][gc             ] GC(569) Pause Young (Allocation Failure) 279M->6M(989M) 1.683ms
[267.876s][info][gc,cpu         ] GC(569) User=0.00s Sys=0.00s Real=0.00s
[267.920s][info][gc,start       ] GC(570) Pause Young (Allocation Failure)
[267.921s][info][gc,heap        ] GC(570) DefNew: 279863K(314560K)->250K(314560K) Eden: 279616K(279616K)->0K(279616K) From: 247K(34944K)->250K(34944K)
[267.921s][info][gc,heap        ] GC(570) Tenured: 6333K(699072K)->6333K(699072K)
[267.921s][info][gc,metaspace   ] GC(570) Metaspace: 16579K(16896K)->16579K(16896K) NonClass: 14248K(14400K)->14248K(14400K) Class: 2330K(2496K)->2330K(2496K)
[267.921s][info][gc             ] GC(570) Pause Young (Allocation Failure) 279M->6M(989M) 0.809ms
[267.921s][info][gc,cpu         ] GC(570) User=0.00s Sys=0.00s Real=0.00s
[267.965s][info][gc,start       ] GC(571) Pause Young (Allocation Failure)
[267.966s][info][gc,heap        ] GC(571) DefNew: 279866K(314560K)->234K(314560K) Eden: 279616K(279616K)->0K(279616K) From: 250K(34944K)->234K(34944K)
[267.966s][info][gc,heap        ] GC(571) Tenured: 6333K(699072K)->6333K(699072K)
[267.966s][info][gc,metaspace   ] GC(571) Metaspace: 16579K(16896K)->16579K(16896K) NonClass: 14248K(14400K)->14248K(14400K) Class: 2330K(2496K)->2330K(2496K)
[267.966s][info][gc             ] GC(571) Pause Young (Allocation Failure) 279M->6M(989M) 0.865ms
[267.966s][info][gc,cpu         ] GC(571) User=0.00s Sys=0.00s Real=0.00s
[268.010s][info][gc,start       ] GC(572) Pause Young (Allocation Failure)
[268.011s][info][gc,heap        ] GC(572) DefNew: 279850K(314560K)->246K(314560K) Eden: 279616K(279616K)->0K(279616K) From: 234K(34944K)->246K(34944K)
[268.011s][info][gc,heap        ] GC(572) Tenured: 6333K(699072K)->6333K(699072K)
[268.011s][info][gc,metaspace   ] GC(572) Metaspace: 16579K(16896K)->16579K(16896K) NonClass: 14248K(14400K)->14248K(14400K) Class: 2330K(2496K)->2330K(2496K)
[268.011s][info][gc             ] GC(572) Pause Young (Allocation Failure) 279M->6M(989M) 0.806ms
[268.011s][info][gc,cpu         ] GC(572) User=0.00s Sys=0.00s Real=0.00s
[268.053s][info][gc,start       ] GC(573) Pause Young (Allocation Failure)
[268.054s][info][gc,heap        ] GC(573) DefNew: 279862K(314560K)->265K(314560K) Eden: 279616K(279616K)->0K(279616K) From: 246K(34944K)->265K(34944K)
[268.054s][info][gc,heap        ] GC(573) Tenured: 6333K(699072K)->6333K(699072K)
[268.054s][info][gc,metaspace   ] GC(573) Metaspace: 16579K(16896K)->16579K(16896K) NonClass: 14248K(14400K)->14248K(14400K) Class: 2330K(2496K)->2330K(2496K)
[268.054s][info][gc             ] GC(573) Pause Young (Allocation Failure) 279M->6M(989M) 0.868ms
[268.054s][info][gc,cpu         ] GC(573) User=0.00s Sys=0.00s Real=0.00s
[268.098s][info][gc,start       ] GC(574) Pause Young (Allocation Failure)
[268.099s][info][gc,heap        ] GC(574) DefNew: 279881K(314560K)->242K(314560K) Eden: 279616K(279616K)->0K(279616K) From: 265K(34944K)->242K(34944K)
[268.099s][info][gc,heap        ] GC(574) Tenured: 6333K(699072K)->6333K(699072K)
[268.099s][info][gc,metaspace   ] GC(574) Metaspace: 16579K(16896K)->16579K(16896K) NonClass: 14248K(14400K)->14248K(14400K) Class: 2330K(2496K)->2330K(2496K)
[268.099s][info][gc             ] GC(574) Pause Young (Allocation Failure) 279M->6M(989M) 0.797ms
[268.099s][info][gc,cpu         ] GC(574) User=0.00s Sys=0.00s Real=0.00s
[268.143s][info][gc,start       ] GC(575) Pause Young (Allocation Failure)
[268.144s][info][gc,heap        ] GC(575) DefNew: 279858K(314560K)->234K(314560K) Eden: 279616K(279616K)->0K(279616K) From: 242K(34944K)->234K(34944K)
[268.144s][info][gc,heap        ] GC(575) Tenured: 6333K(699072K)->6333K(699072K)
[268.144s][info][gc,metaspace   ] GC(575) Metaspace: 16579K(16896K)->16579K(16896K) NonClass: 14248K(14400K)->14248K(14400K) Class: 2330K(2496K)->2330K(2496K)
[268.144s][info][gc             ] GC(575) Pause Young (Allocation Failure) 279M->6M(989M) 0.828ms
[268.144s][info][gc,cpu         ] GC(575) User=0.00s Sys=0.00s Real=0.00s
[268.189s][info][gc,start       ] GC(576) Pause Young (Allocation Failure)
[268.190s][info][gc,heap        ] GC(576) DefNew: 279850K(314560K)->209K(314560K) Eden: 279616K(279616K)->0K(279616K) From: 234K(34944K)->209K(34944K)
[268.190s][info][gc,heap        ] GC(576) Tenured: 6333K(699072K)->6333K(699072K)
[268.190s][info][gc,metaspace   ] GC(576) Metaspace: 16579K(16896K)->16579K(16896K) NonClass: 14248K(14400K)->14248K(14400K) Class: 2330K(2496K)->2330K(2496K)
[268.190s][info][gc             ] GC(576) Pause Young (Allocation Failure) 279M->6M(989M) 0.789ms
[268.190s][info][gc,cpu         ] GC(576) User=0.00s Sys=0.00s Real=0.00s
[268.235s][info][gc,start       ] GC(577) Pause Young (Allocation Failure)
[268.236s][info][gc,heap        ] GC(577) DefNew: 279825K(314560K)->205K(314560K) Eden: 279616K(279616K)->0K(279616K) From: 209K(34944K)->205K(34944K)
[268.236s][info][gc,heap        ] GC(577) Tenured: 6333K(699072K)->6333K(699072K)
[268.236s][info][gc,metaspace   ] GC(577) Metaspace: 16579K(16896K)->16579K(16896K) NonClass: 14248K(14400K)->14248K(14400K) Class: 2330K(2496K)->2330K(2496K)
[268.236s][info][gc             ] GC(577) Pause Young (Allocation Failure) 279M->6M(989M) 0.766ms
[268.236s][info][gc,cpu         ] GC(577) User=0.00s Sys=0.00s Real=0.00s
[268.324s][info][gc,start       ] GC(578) Pause Young (Allocation Failure)
[268.518s][info][gc,heap        ] GC(578) DefNew: 279821K(314560K)->34943K(314560K) Eden: 279616K(279616K)->0K(279616K) From: 205K(34944K)->34943K(34944K)
[268.518s][info][gc,heap        ] GC(578) Tenured: 6333K(699072K)->49755K(699072K)
[268.518s][info][gc,metaspace   ] GC(578) Metaspace: 16579K(16896K)->16579K(16896K) NonClass: 14248K(14400K)->14248K(14400K) Class: 2330K(2496K)->2330K(2496K)
[268.518s][info][gc             ] GC(578) Pause Young (Allocation Failure) 279M->82M(989M) 193.956ms
[268.518s][info][gc,cpu         ] GC(578) User=0.17s Sys=0.00s Real=0.19s
[268.691s][info][gc,start       ] GC(579) Pause Young (Allocation Failure)
[269.281s][info][gc,heap        ] GC(579) DefNew: 314559K(314560K)->34944K(314560K) Eden: 279616K(279616K)->0K(279616K) From: 34943K(34944K)->34944K(34944K)
[269.281s][info][gc,heap        ] GC(579) Tenured: 49755K(699072K)->233555K(699072K)
[269.281s][info][gc,metaspace   ] GC(579) Metaspace: 16579K(16896K)->16579K(16896K) NonClass: 14248K(14400K)->14248K(14400K) Class: 2330K(2496K)->2330K(2496K)
[269.281s][info][gc             ] GC(579) Pause Young (Allocation Failure) 355M->262M(989M) 589.906ms
[269.281s][info][gc,cpu         ] GC(579) User=0.58s Sys=0.00s Real=0.60s
[269.487s][info][gc,start       ] GC(580) Pause Young (Allocation Failure)
[270.027s][info][gc,heap        ] GC(580) DefNew: 314560K(314560K)->34943K(314560K) Eden: 279616K(279616K)->0K(279616K) From: 34944K(34944K)->34943K(34944K)
[270.027s][info][gc,heap        ] GC(580) Tenured: 233555K(699072K)->407503K(699072K)
[270.027s][info][gc,metaspace   ] GC(580) Metaspace: 16579K(16896K)->16579K(16896K) NonClass: 14248K(14400K)->14248K(14400K) Class: 2330K(2496K)->2330K(2496K)
[270.027s][info][gc             ] GC(580) Pause Young (Allocation Failure) 535M->432M(989M) 539.953ms
[270.027s][info][gc,cpu         ] GC(580) User=0.53s Sys=0.02s Real=0.55s
[272.093s][info][gc,start       ] GC(581) Pause Young (Allocation Failure)
[272.470s][info][gc,heap        ] GC(581) DefNew: 314559K(314560K)->34944K(314560K) Eden: 279616K(279616K)->0K(279616K) From: 34943K(34944K)->34944K(34944K)
[272.470s][info][gc,heap        ] GC(581) Tenured: 407503K(699072K)->495034K(699072K)
[272.470s][info][gc,metaspace   ] GC(581) Metaspace: 16579K(16896K)->16579K(16896K) NonClass: 14248K(14400K)->14248K(14400K) Class: 2330K(2496K)->2330K(2496K)
[272.470s][info][gc             ] GC(581) Pause Young (Allocation Failure) 705M->517M(989M) 377.310ms
[272.470s][info][gc,cpu         ] GC(581) User=0.39s Sys=0.00s Real=0.38s
[272.607s][info][gc,start       ] GC(582) Pause Young (Allocation Failure)
[272.607s][info][gc             ] GC(582) Pause Young (Allocation Failure) 790M->790M(989M) 0.133ms
[272.607s][info][gc,cpu         ] GC(582) User=0.00s Sys=0.00s Real=0.00s
[272.607s][info][gc,start       ] GC(583) Pause Full (Allocation Failure)
[272.607s][info][gc,phases,start] GC(583) Phase 1: Mark live objects
[272.842s][info][gc,phases      ] GC(583) Phase 1: Mark live objects 234.310ms
[272.842s][info][gc,phases,start] GC(583) Phase 2: Compute new object addresses
[272.967s][info][gc,phases      ] GC(583) Phase 2: Compute new object addresses 125.219ms
[272.967s][info][gc,phases,start] GC(583) Phase 3: Adjust pointers
[273.085s][info][gc,phases      ] GC(583) Phase 3: Adjust pointers 118.310ms
[273.085s][info][gc,phases,start] GC(583) Phase 4: Move objects
[273.166s][info][gc,phases      ] GC(583) Phase 4: Move objects 81.115ms
[273.167s][info][gc,heap        ] GC(583) DefNew: 314560K(314560K)->0K(314560K) Eden: 279616K(279616K)->0K(279616K) From: 34944K(34944K)->0K(34944K)
[273.167s][info][gc,heap        ] GC(583) Tenured: 495034K(699072K)->211295K(699072K)
[273.167s][info][gc,metaspace   ] GC(583) Metaspace: 16579K(16896K)->16579K(16896K) NonClass: 14248K(14400K)->14248K(14400K) Class: 2330K(2496K)->2330K(2496K)
[273.167s][info][gc             ] GC(583) Pause Full (Allocation Failure) 790M->206M(989M) 559.426ms
[273.167s][info][gc,cpu         ] GC(583) User=0.55s Sys=0.00s Real=0.57s
[273.310s][info][gc,start       ] GC(584) Pause Young (Allocation Failure)
[273.595s][info][gc,heap        ] GC(584) DefNew: 279616K(314560K)->34944K(314560K) Eden: 279616K(279616K)->0K(279616K) From: 0K(34944K)->34944K(34944K)
[273.595s][info][gc,heap        ] GC(584) Tenured: 211295K(699072K)->293979K(699072K)
[273.595s][info][gc,metaspace   ] GC(584) Metaspace: 16579K(16896K)->16579K(16896K) NonClass: 14248K(14400K)->14248K(14400K) Class: 2330K(2496K)->2330K(2496K)
[273.595s][info][gc             ] GC(584) Pause Young (Allocation Failure) 479M->321M(989M) 285.161ms
[273.595s][info][gc,cpu         ] GC(584) User=0.23s Sys=0.00s Real=0.29s
[273.755s][info][gc,start       ] GC(585) Pause Young (Allocation Failure)
[274.222s][info][gc,heap        ] GC(585) DefNew: 314560K(314560K)->34944K(314560K) Eden: 279616K(279616K)->0K(279616K) From: 34944K(34944K)->34944K(34944K)
[274.222s][info][gc,heap        ] GC(585) Tenured: 293979K(699072K)->421730K(699072K)
[274.222s][info][gc,metaspace   ] GC(585) Metaspace: 16579K(16896K)->16579K(16896K) NonClass: 14248K(14400K)->14248K(14400K) Class: 2330K(2496K)->2330K(2496K)
[274.222s][info][gc             ] GC(585) Pause Young (Allocation Failure) 594M->445M(989M) 467.553ms
[274.222s][info][gc,cpu         ] GC(585) User=0.44s Sys=0.00s Real=0.46s
[274.686s][info][gc,start       ] GC(586) Pause Young (Allocation Failure)
[274.892s][info][gc,heap        ] GC(586) DefNew: 314560K(314560K)->26558K(314560K) Eden: 279616K(279616K)->0K(279616K) From: 34944K(34944K)->26558K(34944K)
[274.892s][info][gc,heap        ] GC(586) Tenured: 421730K(699072K)->446676K(699072K)
[274.892s][info][gc,metaspace   ] GC(586) Metaspace: 16579K(16896K)->16579K(16896K) NonClass: 14248K(14400K)->14248K(14400K) Class: 2330K(2496K)->2330K(2496K)
[274.892s][info][gc             ] GC(586) Pause Young (Allocation Failure) 719M->462M(989M) 206.990ms
[274.893s][info][gc,cpu         ] GC(586) User=0.20s Sys=0.00s Real=0.21s
[275.257s][info][gc,start       ] GC(587) Pause Young (Allocation Failure)
[275.288s][info][gc,heap        ] GC(587) DefNew: 306174K(314560K)->163K(314560K) Eden: 279616K(279616K)->0K(279616K) From: 26558K(34944K)->163K(34944K)
[275.288s][info][gc,heap        ] GC(587) Tenured: 446676K(699072K)->449454K(699072K)
[275.288s][info][gc,metaspace   ] GC(587) Metaspace: 16579K(16896K)->16579K(16896K) NonClass: 14248K(14400K)->14248K(14400K) Class: 2330K(2496K)->2330K(2496K)
[275.288s][info][gc             ] GC(587) Pause Young (Allocation Failure) 735M->439M(989M) 30.360ms
[275.288s][info][gc,cpu         ] GC(587) User=0.02s Sys=0.00s Real=0.03s
[275.962s][info][gc,start       ] GC(588) Pause Full (System.gc())
[275.962s][info][gc,phases,start] GC(588) Phase 1: Mark live objects
[275.969s][info][gc,phases      ] GC(588) Phase 1: Mark live objects 6.923ms
[275.969s][info][gc,phases,start] GC(588) Phase 2: Compute new object addresses
[276.050s][info][gc,phases      ] GC(588) Phase 2: Compute new object addresses 80.692ms
[276.050s][info][gc,phases,start] GC(588) Phase 3: Adjust pointers
[276.054s][info][gc,phases      ] GC(588) Phase 3: Adjust pointers 4.015ms
[276.054s][info][gc,phases,start] GC(588) Phase 4: Move objects
[276.054s][info][gc,phases      ] GC(588) Phase 4: Move objects 0.009ms
[276.054s][info][gc,heap        ] GC(588) DefNew: 95742K(314560K)->0K(314560K) Eden: 95579K(279616K)->0K(279616K) From: 163K(34944K)->0K(34944K)
[276.054s][info][gc,heap        ] GC(588) Tenured: 449454K(699072K)->6332K(699072K)
[276.054s][info][gc,metaspace   ] GC(588) Metaspace: 16579K(16896K)->16579K(16896K) NonClass: 14248K(14400K)->14248K(14400K) Class: 2330K(2496K)->2330K(2496K)
[276.054s][info][gc             ] GC(588) Pause Full (System.gc()) 532M->6M(989M) 92.004ms
[276.054s][info][gc,cpu         ] GC(588) User=0.08s Sys=0.00s Real=0.09s
[277.335s][info][gc,start       ] GC(589) Pause Young (Allocation Failure)
[277.336s][info][gc,heap        ] GC(589) DefNew: 279616K(314560K)->216K(314560K) Eden: 279616K(279616K)->0K(279616K) From: 0K(34944K)->216K(34944K)
[277.336s][info][gc,heap        ] GC(589) Tenured: 6332K(699072K)->6332K(699072K)
[277.336s][info][gc,metaspace   ] GC(589) Metaspace: 16580K(16896K)->16580K(16896K) NonClass: 14249K(14400K)->14249K(14400K) Class: 2330K(2496K)->2330K(2496K)
[277.336s][info][gc             ] GC(589) Pause Young (Allocation Failure) 279M->6M(989M) 1.024ms
[277.336s][info][gc,cpu         ] GC(589) User=0.00s Sys=0.00s Real=0.00s
[277.382s][info][gc,start       ] GC(590) Pause Young (Allocation Failure)
[277.383s][info][gc,heap        ] GC(590) DefNew: 279832K(314560K)->220K(314560K) Eden: 279616K(279616K)->0K(279616K) From: 216K(34944K)->220K(34944K)
[277.383s][info][gc,heap        ] GC(590) Tenured: 6332K(699072K)->6332K(699072K)
[277.383s][info][gc,metaspace   ] GC(590) Metaspace: 16580K(16896K)->16580K(16896K) NonClass: 14249K(14400K)->14249K(14400K) Class: 2330K(2496K)->2330K(2496K)
[277.383s][info][gc             ] GC(590) Pause Young (Allocation Failure) 279M->6M(989M) 0.829ms
[277.383s][info][gc,cpu         ] GC(590) User=0.00s Sys=0.00s Real=0.00s
[277.428s][info][gc,start       ] GC(591) Pause Young (Allocation Failure)
[277.430s][info][gc,heap        ] GC(591) DefNew: 279836K(314560K)->240K(314560K) Eden: 279616K(279616K)->0K(279616K) From: 220K(34944K)->240K(34944K)
[277.430s][info][gc,heap        ] GC(591) Tenured: 6332K(699072K)->6332K(699072K)
[277.430s][info][gc,metaspace   ] GC(591) Metaspace: 16580K(16896K)->16580K(16896K) NonClass: 14249K(14400K)->14249K(14400K) Class: 2330K(2496K)->2330K(2496K)
[277.430s][info][gc             ] GC(591) Pause Young (Allocation Failure) 279M->6M(989M) 2.393ms
[277.430s][info][gc,cpu         ] GC(591) User=0.00s Sys=0.00s Real=0.00s
[277.475s][info][gc,start       ] GC(592) Pause Young (Allocation Failure)
[277.476s][info][gc,heap        ] GC(592) DefNew: 279856K(314560K)->223K(314560K) Eden: 279616K(279616K)->0K(279616K) From: 240K(34944K)->223K(34944K)
[277.476s][info][gc,heap        ] GC(592) Tenured: 6332K(699072K)->6332K(699072K)
[277.476s][info][gc,metaspace   ] GC(592) Metaspace: 16580K(16896K)->16580K(16896K) NonClass: 14249K(14400K)->14249K(14400K) Class: 2330K(2496K)->2330K(2496K)
[277.476s][info][gc             ] GC(592) Pause Young (Allocation Failure) 279M->6M(989M) 0.759ms
[277.476s][info][gc,cpu         ] GC(592) User=0.00s Sys=0.00s Real=0.00s
[277.519s][info][gc,start       ] GC(593) Pause Young (Allocation Failure)
[277.520s][info][gc,heap        ] GC(593) DefNew: 279839K(314560K)->251K(314560K) Eden: 279616K(279616K)->0K(279616K) From: 223K(34944K)->251K(34944K)
[277.520s][info][gc,heap        ] GC(593) Tenured: 6332K(699072K)->6332K(699072K)
[277.520s][info][gc,metaspace   ] GC(593) Metaspace: 16580K(16896K)->16580K(16896K) NonClass: 14249K(14400K)->14249K(14400K) Class: 2330K(2496K)->2330K(2496K)
[277.520s][info][gc             ] GC(593) Pause Young (Allocation Failure) 279M->6M(989M) 0.938ms
[277.520s][info][gc,cpu         ] GC(593) User=0.00s Sys=0.00s Real=0.00s
[277.565s][info][gc,start       ] GC(594) Pause Young (Allocation Failure)
[277.565s][info][gc,heap        ] GC(594) DefNew: 279867K(314560K)->238K(314560K) Eden: 279616K(279616K)->0K(279616K) From: 251K(34944K)->238K(34944K)
[277.565s][info][gc,heap        ] GC(594) Tenured: 6332K(699072K)->6332K(699072K)
[277.565s][info][gc,metaspace   ] GC(594) Metaspace: 16580K(16896K)->16580K(16896K) NonClass: 14249K(14400K)->14249K(14400K) Class: 2330K(2496K)->2330K(2496K)
[277.565s][info][gc             ] GC(594) Pause Young (Allocation Failure) 279M->6M(989M) 0.795ms
[277.565s][info][gc,cpu         ] GC(594) User=0.00s Sys=0.00s Real=0.00s
[277.610s][info][gc,start       ] GC(595) Pause Young (Allocation Failure)
[277.610s][info][gc,heap        ] GC(595) DefNew: 279854K(314560K)->217K(314560K) Eden: 279616K(279616K)->0K(279616K) From: 238K(34944K)->217K(34944K)
[277.610s][info][gc,heap        ] GC(595) Tenured: 6332K(699072K)->6332K(699072K)
[277.610s][info][gc,metaspace   ] GC(595) Metaspace: 16580K(16896K)->16580K(16896K) NonClass: 14249K(14400K)->14249K(14400K) Class: 2330K(2496K)->2330K(2496K)
[277.610s][info][gc             ] GC(595) Pause Young (Allocation Failure) 279M->6M(989M) 0.861ms
[277.610s][info][gc,cpu         ] GC(595) User=0.00s Sys=0.00s Real=0.00s
[277.657s][info][gc,start       ] GC(596) Pause Young (Allocation Failure)
[277.658s][info][gc,heap        ] GC(596) DefNew: 279833K(314560K)->213K(314560K) Eden: 279616K(279616K)->0K(279616K) From: 217K(34944K)->213K(34944K)
[277.658s][info][gc,heap        ] GC(596) Tenured: 6332K(699072K)->6332K(699072K)
[277.658s][info][gc,metaspace   ] GC(596) Metaspace: 16580K(16896K)->16580K(16896K) NonClass: 14249K(14400K)->14249K(14400K) Class: 2330K(2496K)->2330K(2496K)
[277.658s][info][gc             ] GC(596) Pause Young (Allocation Failure) 279M->6M(989M) 0.762ms
[277.658s][info][gc,cpu         ] GC(596) User=0.00s Sys=0.00s Real=0.00s
[277.702s][info][gc,start       ] GC(597) Pause Young (Allocation Failure)
[277.703s][info][gc,heap        ] GC(597) DefNew: 279829K(314560K)->227K(314560K) Eden: 279616K(279616K)->0K(279616K) From: 213K(34944K)->227K(34944K)
[277.703s][info][gc,heap        ] GC(597) Tenured: 6332K(699072K)->6332K(699072K)
[277.703s][info][gc,metaspace   ] GC(597) Metaspace: 16580K(16896K)->16580K(16896K) NonClass: 14249K(14400K)->14249K(14400K) Class: 2330K(2496K)->2330K(2496K)
[277.703s][info][gc             ] GC(597) Pause Young (Allocation Failure) 279M->6M(989M) 0.908ms
[277.703s][info][gc,cpu         ] GC(597) User=0.00s Sys=0.00s Real=0.00s
[277.747s][info][gc,start       ] GC(598) Pause Young (Allocation Failure)
[277.748s][info][gc,heap        ] GC(598) DefNew: 279843K(314560K)->228K(314560K) Eden: 279616K(279616K)->0K(279616K) From: 227K(34944K)->228K(34944K)
[277.748s][info][gc,heap        ] GC(598) Tenured: 6332K(699072K)->6332K(699072K)
[277.748s][info][gc,metaspace   ] GC(598) Metaspace: 16580K(16896K)->16580K(16896K) NonClass: 14249K(14400K)->14249K(14400K) Class: 2330K(2496K)->2330K(2496K)
[277.748s][info][gc             ] GC(598) Pause Young (Allocation Failure) 279M->6M(989M) 0.907ms
[277.748s][info][gc,cpu         ] GC(598) User=0.00s Sys=0.00s Real=0.00s
[277.831s][info][gc,start       ] GC(599) Pause Young (Allocation Failure)
[278.029s][info][gc,heap        ] GC(599) DefNew: 279844K(314560K)->34944K(314560K) Eden: 279616K(279616K)->0K(279616K) From: 228K(34944K)->34944K(34944K)
[278.029s][info][gc,heap        ] GC(599) Tenured: 6332K(699072K)->51731K(699072K)
[278.029s][info][gc,metaspace   ] GC(599) Metaspace: 16580K(16896K)->16580K(16896K) NonClass: 14249K(14400K)->14249K(14400K) Class: 2330K(2496K)->2330K(2496K)
[278.029s][info][gc             ] GC(599) Pause Young (Allocation Failure) 279M->84M(989M) 198.010ms
[278.029s][info][gc,cpu         ] GC(599) User=0.19s Sys=0.00s Real=0.19s
[278.203s][info][gc,start       ] GC(600) Pause Young (Allocation Failure)
[278.799s][info][gc,heap        ] GC(600) DefNew: 314560K(314560K)->34944K(314560K) Eden: 279616K(279616K)->0K(279616K) From: 34944K(34944K)->34944K(34944K)
[278.799s][info][gc,heap        ] GC(600) Tenured: 51731K(699072K)->236420K(699072K)
[278.799s][info][gc,metaspace   ] GC(600) Metaspace: 16580K(16896K)->16580K(16896K) NonClass: 14249K(14400K)->14249K(14400K) Class: 2330K(2496K)->2330K(2496K)
[278.799s][info][gc             ] GC(600) Pause Young (Allocation Failure) 357M->265M(989M) 595.868ms
[278.799s][info][gc,cpu         ] GC(600) User=0.56s Sys=0.02s Real=0.60s
[279.009s][info][gc,start       ] GC(601) Pause Young (Allocation Failure)
[279.554s][info][gc,heap        ] GC(601) DefNew: 314560K(314560K)->34944K(314560K) Eden: 279616K(279616K)->0K(279616K) From: 34944K(34944K)->34944K(34944K)
[279.554s][info][gc,heap        ] GC(601) Tenured: 236420K(699072K)->408175K(699072K)
[279.554s][info][gc,metaspace   ] GC(601) Metaspace: 16580K(16896K)->16580K(16896K) NonClass: 14249K(14400K)->14249K(14400K) Class: 2330K(2496K)->2330K(2496K)
[279.554s][info][gc             ] GC(601) Pause Young (Allocation Failure) 538M->432M(989M) 544.934ms
[279.554s][info][gc,cpu         ] GC(601) User=0.56s Sys=0.00s Real=0.53s
[281.582s][info][gc,start       ] GC(602) Pause Young (Allocation Failure)
[281.958s][info][gc,heap        ] GC(602) DefNew: 314560K(314560K)->34944K(314560K) Eden: 279616K(279616K)->0K(279616K) From: 34944K(34944K)->34944K(34944K)
[281.958s][info][gc,heap        ] GC(602) Tenured: 408175K(699072K)->496430K(699072K)
[281.958s][info][gc,metaspace   ] GC(602) Metaspace: 16580K(16896K)->16580K(16896K) NonClass: 14249K(14400K)->14249K(14400K) Class: 2330K(2496K)->2330K(2496K)
[281.958s][info][gc             ] GC(602) Pause Young (Allocation Failure) 705M->518M(989M) 375.955ms
[281.958s][info][gc,cpu         ] GC(602) User=0.34s Sys=0.00s Real=0.38s
[282.095s][info][gc,start       ] GC(603) Pause Young (Allocation Failure)
[282.095s][info][gc             ] GC(603) Pause Young (Allocation Failure) 791M->791M(989M) 0.142ms
[282.095s][info][gc,cpu         ] GC(603) User=0.00s Sys=0.00s Real=0.00s
[282.095s][info][gc,start       ] GC(604) Pause Full (Allocation Failure)
[282.095s][info][gc,phases,start] GC(604) Phase 1: Mark live objects
[282.331s][info][gc,phases      ] GC(604) Phase 1: Mark live objects 236.396ms
[282.331s][info][gc,phases,start] GC(604) Phase 2: Compute new object addresses
[282.459s][info][gc,phases      ] GC(604) Phase 2: Compute new object addresses 127.908ms
[282.460s][info][gc,phases,start] GC(604) Phase 3: Adjust pointers
[282.578s][info][gc,phases      ] GC(604) Phase 3: Adjust pointers 118.466ms
[282.578s][info][gc,phases,start] GC(604) Phase 4: Move objects
[282.659s][info][gc,phases      ] GC(604) Phase 4: Move objects 80.818ms
[282.659s][info][gc,heap        ] GC(604) DefNew: 314560K(314560K)->0K(314560K) Eden: 279616K(279616K)->0K(279616K) From: 34944K(34944K)->0K(34944K)
[282.659s][info][gc,heap        ] GC(604) Tenured: 496430K(699072K)->212104K(699072K)
[282.659s][info][gc,metaspace   ] GC(604) Metaspace: 16580K(16896K)->16580K(16896K) NonClass: 14249K(14400K)->14249K(14400K) Class: 2330K(2496K)->2330K(2496K)
[282.659s][info][gc             ] GC(604) Pause Full (Allocation Failure) 791M->207M(989M) 564.151ms
[282.659s][info][gc,cpu         ] GC(604) User=0.52s Sys=0.00s Real=0.57s
[282.801s][info][gc,start       ] GC(605) Pause Young (Allocation Failure)
[283.084s][info][gc,heap        ] GC(605) DefNew: 279616K(314560K)->34944K(314560K) Eden: 279616K(279616K)->0K(279616K) From: 0K(34944K)->34944K(34944K)
[283.084s][info][gc,heap        ] GC(605) Tenured: 212104K(699072K)->294787K(699072K)
[283.084s][info][gc,metaspace   ] GC(605) Metaspace: 16580K(16896K)->16580K(16896K) NonClass: 14249K(14400K)->14249K(14400K) Class: 2330K(2496K)->2330K(2496K)
[283.084s][info][gc             ] GC(605) Pause Young (Allocation Failure) 480M->322M(989M) 283.889ms
[283.085s][info][gc,cpu         ] GC(605) User=0.28s Sys=0.00s Real=0.28s
[283.244s][info][gc,start       ] GC(606) Pause Young (Allocation Failure)
[283.711s][info][gc,heap        ] GC(606) DefNew: 314560K(314560K)->34944K(314560K) Eden: 279616K(279616K)->0K(279616K) From: 34944K(34944K)->34944K(34944K)
[283.711s][info][gc,heap        ] GC(606) Tenured: 294787K(699072K)->423137K(699072K)
[283.711s][info][gc,metaspace   ] GC(606) Metaspace: 16580K(16896K)->16580K(16896K) NonClass: 14249K(14400K)->14249K(14400K) Class: 2330K(2496K)->2330K(2496K)
[283.711s][info][gc             ] GC(606) Pause Young (Allocation Failure) 595M->447M(989M) 466.893ms
[283.711s][info][gc,cpu         ] GC(606) User=0.45s Sys=0.00s Real=0.48s
[284.171s][info][gc,start       ] GC(607) Pause Young (Allocation Failure)
[284.375s][info][gc,heap        ] GC(607) DefNew: 314560K(314560K)->25172K(314560K) Eden: 279616K(279616K)->0K(279616K) From: 34944K(34944K)->25172K(34944K)
[284.375s][info][gc,heap        ] GC(607) Tenured: 423137K(699072K)->447995K(699072K)
[284.375s][info][gc,metaspace   ] GC(607) Metaspace: 16580K(16896K)->16580K(16896K) NonClass: 14249K(14400K)->14249K(14400K) Class: 2330K(2496K)->2330K(2496K)
[284.375s][info][gc             ] GC(607) Pause Young (Allocation Failure) 720M->462M(989M) 204.050ms
[284.375s][info][gc,cpu         ] GC(607) User=0.22s Sys=0.00s Real=0.22s
[284.739s][info][gc,start       ] GC(608) Pause Young (Allocation Failure)
[284.767s][info][gc,heap        ] GC(608) DefNew: 304788K(314560K)->114K(314560K) Eden: 279616K(279616K)->0K(279616K) From: 25172K(34944K)->114K(34944K)
[284.767s][info][gc,heap        ] GC(608) Tenured: 447995K(699072K)->450568K(699072K)
[284.767s][info][gc,metaspace   ] GC(608) Metaspace: 16580K(16896K)->16580K(16896K) NonClass: 14249K(14400K)->14249K(14400K) Class: 2330K(2496K)->2330K(2496K)
[284.767s][info][gc             ] GC(608) Pause Young (Allocation Failure) 735M->440M(989M) 28.191ms
[284.767s][info][gc,cpu         ] GC(608) User=0.02s Sys=0.00s Real=0.03s
[285.437s][info][gc,start       ] GC(609) Pause Full (System.gc())
[285.437s][info][gc,phases,start] GC(609) Phase 1: Mark live objects
[285.444s][info][gc,phases      ] GC(609) Phase 1: Mark live objects 6.981ms
[285.444s][info][gc,phases,start] GC(609) Phase 2: Compute new object addresses
[285.524s][info][gc,phases      ] GC(609) Phase 2: Compute new object addresses 80.705ms
[285.524s][info][gc,phases,start] GC(609) Phase 3: Adjust pointers
[285.529s][info][gc,phases      ] GC(609) Phase 3: Adjust pointers 4.106ms
[285.529s][info][gc,phases,start] GC(609) Phase 4: Move objects
[285.529s][info][gc,phases      ] GC(609) Phase 4: Move objects 0.009ms
[285.529s][info][gc,heap        ] GC(609) DefNew: 89486K(314560K)->0K(314560K) Eden: 89371K(279616K)->0K(279616K) From: 114K(34944K)->0K(34944K)
[285.529s][info][gc,heap        ] GC(609) Tenured: 450568K(699072K)->6333K(699072K)
[285.529s][info][gc,metaspace   ] GC(609) Metaspace: 16581K(16896K)->16581K(16896K) NonClass: 14251K(14400K)->14251K(14400K) Class: 2330K(2496K)->2330K(2496K)
[285.529s][info][gc             ] GC(609) Pause Full (System.gc()) 527M->6M(989M) 92.153ms
[285.529s][info][gc,cpu         ] GC(609) User=0.08s Sys=0.00s Real=0.10s
[286.799s][info][gc,start       ] GC(610) Pause Young (Allocation Failure)
[286.801s][info][gc,heap        ] GC(610) DefNew: 279616K(314560K)->242K(314560K) Eden: 279616K(279616K)->0K(279616K) From: 0K(34944K)->242K(34944K)
[286.801s][info][gc,heap        ] GC(610) Tenured: 6333K(699072K)->6333K(699072K)
[286.801s][info][gc,metaspace   ] GC(610) Metaspace: 16583K(16896K)->16583K(16896K) NonClass: 14253K(14400K)->14253K(14400K) Class: 2330K(2496K)->2330K(2496K)
[286.801s][info][gc             ] GC(610) Pause Young (Allocation Failure) 279M->6M(989M) 1.298ms
[286.801s][info][gc,cpu         ] GC(610) User=0.00s Sys=0.00s Real=0.00s
[286.846s][info][gc,start       ] GC(611) Pause Young (Allocation Failure)
[286.847s][info][gc,heap        ] GC(611) DefNew: 279858K(314560K)->247K(314560K) Eden: 279616K(279616K)->0K(279616K) From: 242K(34944K)->247K(34944K)
[286.847s][info][gc,heap        ] GC(611) Tenured: 6333K(699072K)->6333K(699072K)
[286.847s][info][gc,metaspace   ] GC(611) Metaspace: 16583K(16896K)->16583K(16896K) NonClass: 14253K(14400K)->14253K(14400K) Class: 2330K(2496K)->2330K(2496K)
[286.847s][info][gc             ] GC(611) Pause Young (Allocation Failure) 279M->6M(989M) 0.960ms
[286.847s][info][gc,cpu         ] GC(611) User=0.00s Sys=0.00s Real=0.00s
[286.891s][info][gc,start       ] GC(612) Pause Young (Allocation Failure)
[286.892s][info][gc,heap        ] GC(612) DefNew: 279863K(314560K)->245K(314560K) Eden: 279616K(279616K)->0K(279616K) From: 247K(34944K)->245K(34944K)
[286.892s][info][gc,heap        ] GC(612) Tenured: 6333K(699072K)->6333K(699072K)
[286.892s][info][gc,metaspace   ] GC(612) Metaspace: 16583K(16896K)->16583K(16896K) NonClass: 14253K(14400K)->14253K(14400K) Class: 2330K(2496K)->2330K(2496K)
[286.892s][info][gc             ] GC(612) Pause Young (Allocation Failure) 279M->6M(989M) 0.947ms
[286.892s][info][gc,cpu         ] GC(612) User=0.00s Sys=0.00s Real=0.00s
[286.936s][info][gc,start       ] GC(613) Pause Young (Allocation Failure)
[286.937s][info][gc,heap        ] GC(613) DefNew: 279861K(314560K)->254K(314560K) Eden: 279616K(279616K)->0K(279616K) From: 245K(34944K)->254K(34944K)
[286.937s][info][gc,heap        ] GC(613) Tenured: 6333K(699072K)->6333K(699072K)
[286.937s][info][gc,metaspace   ] GC(613) Metaspace: 16583K(16896K)->16583K(16896K) NonClass: 14253K(14400K)->14253K(14400K) Class: 2330K(2496K)->2330K(2496K)
[286.937s][info][gc             ] GC(613) Pause Young (Allocation Failure) 279M->6M(989M) 1.059ms
[286.937s][info][gc,cpu         ] GC(613) User=0.00s Sys=0.00s Real=0.00s
[286.980s][info][gc,start       ] GC(614) Pause Young (Allocation Failure)
[286.984s][info][gc,heap        ] GC(614) DefNew: 279870K(314560K)->245K(314560K) Eden: 279616K(279616K)->0K(279616K) From: 254K(34944K)->245K(34944K)
[286.984s][info][gc,heap        ] GC(614) Tenured: 6333K(699072K)->6333K(699072K)
[286.984s][info][gc,metaspace   ] GC(614) Metaspace: 16583K(16896K)->16583K(16896K) NonClass: 14253K(14400K)->14253K(14400K) Class: 2330K(2496K)->2330K(2496K)
[286.984s][info][gc             ] GC(614) Pause Young (Allocation Failure) 279M->6M(989M) 3.776ms
[286.984s][info][gc,cpu         ] GC(614) User=0.00s Sys=0.00s Real=0.00s
[287.028s][info][gc,start       ] GC(615) Pause Young (Allocation Failure)
[287.029s][info][gc,heap        ] GC(615) DefNew: 279861K(314560K)->251K(314560K) Eden: 279616K(279616K)->0K(279616K) From: 245K(34944K)->251K(34944K)
[287.029s][info][gc,heap        ] GC(615) Tenured: 6333K(699072K)->6333K(699072K)
[287.029s][info][gc,metaspace   ] GC(615) Metaspace: 16583K(16896K)->16583K(16896K) NonClass: 14253K(14400K)->14253K(14400K) Class: 2330K(2496K)->2330K(2496K)
[287.029s][info][gc             ] GC(615) Pause Young (Allocation Failure) 279M->6M(989M) 0.837ms
[287.029s][info][gc,cpu         ] GC(615) User=0.00s Sys=0.00s Real=0.00s
[287.073s][info][gc,start       ] GC(616) Pause Young (Allocation Failure)
[287.074s][info][gc,heap        ] GC(616) DefNew: 279867K(314560K)->227K(314560K) Eden: 279616K(279616K)->0K(279616K) From: 251K(34944K)->227K(34944K)
[287.074s][info][gc,heap        ] GC(616) Tenured: 6333K(699072K)->6333K(699072K)
[287.074s][info][gc,metaspace   ] GC(616) Metaspace: 16583K(16896K)->16583K(16896K) NonClass: 14253K(14400K)->14253K(14400K) Class: 2330K(2496K)->2330K(2496K)
[287.074s][info][gc             ] GC(616) Pause Young (Allocation Failure) 279M->6M(989M) 0.790ms
[287.074s][info][gc,cpu         ] GC(616) User=0.00s Sys=0.00s Real=0.00s
[287.118s][info][gc,start       ] GC(617) Pause Young (Allocation Failure)
[287.119s][info][gc,heap        ] GC(617) DefNew: 279843K(314560K)->249K(314560K) Eden: 279616K(279616K)->0K(279616K) From: 227K(34944K)->249K(34944K)
[287.119s][info][gc,heap        ] GC(617) Tenured: 6333K(699072K)->6333K(699072K)
[287.119s][info][gc,metaspace   ] GC(617) Metaspace: 16583K(16896K)->16583K(16896K) NonClass: 14253K(14400K)->14253K(14400K) Class: 2330K(2496K)->2330K(2496K)
[287.119s][info][gc             ] GC(617) Pause Young (Allocation Failure) 279M->6M(989M) 0.900ms
[287.119s][info][gc,cpu         ] GC(617) User=0.00s Sys=0.00s Real=0.00s
[287.163s][info][gc,start       ] GC(618) Pause Young (Allocation Failure)
[287.164s][info][gc,heap        ] GC(618) DefNew: 279865K(314560K)->232K(314560K) Eden: 279616K(279616K)->0K(279616K) From: 249K(34944K)->232K(34944K)
[287.164s][info][gc,heap        ] GC(618) Tenured: 6333K(699072K)->6333K(699072K)
[287.164s][info][gc,metaspace   ] GC(618) Metaspace: 16583K(16896K)->16583K(16896K) NonClass: 14253K(14400K)->14253K(14400K) Class: 2330K(2496K)->2330K(2496K)
[287.164s][info][gc             ] GC(618) Pause Young (Allocation Failure) 279M->6M(989M) 0.855ms
[287.164s][info][gc,cpu         ] GC(618) User=0.00s Sys=0.00s Real=0.00s
[287.209s][info][gc,start       ] GC(619) Pause Young (Allocation Failure)
[287.210s][info][gc,heap        ] GC(619) DefNew: 279848K(314560K)->211K(314560K) Eden: 279616K(279616K)->0K(279616K) From: 232K(34944K)->211K(34944K)
[287.210s][info][gc,heap        ] GC(619) Tenured: 6333K(699072K)->6333K(699072K)
[287.210s][info][gc,metaspace   ] GC(619) Metaspace: 16583K(16896K)->16583K(16896K) NonClass: 14253K(14400K)->14253K(14400K) Class: 2330K(2496K)->2330K(2496K)
[287.210s][info][gc             ] GC(619) Pause Young (Allocation Failure) 279M->6M(989M) 0.917ms
[287.210s][info][gc,cpu         ] GC(619) User=0.00s Sys=0.00s Real=0.01s
[287.299s][info][gc,start       ] GC(620) Pause Young (Allocation Failure)
[287.503s][info][gc,heap        ] GC(620) DefNew: 279827K(314560K)->34944K(314560K) Eden: 279616K(279616K)->0K(279616K) From: 211K(34944K)->34944K(34944K)
[287.503s][info][gc,heap        ] GC(620) Tenured: 6333K(699072K)->53175K(699072K)
[287.503s][info][gc,metaspace   ] GC(620) Metaspace: 16583K(16896K)->16583K(16896K) NonClass: 14253K(14400K)->14253K(14400K) Class: 2330K(2496K)->2330K(2496K)
[287.503s][info][gc             ] GC(620) Pause Young (Allocation Failure) 279M->86M(989M) 203.569ms
[287.503s][info][gc,cpu         ] GC(620) User=0.20s Sys=0.00s Real=0.20s
[287.675s][info][gc,start       ] GC(621) Pause Young (Allocation Failure)
[288.270s][info][gc,heap        ] GC(621) DefNew: 314560K(314560K)->34943K(314560K) Eden: 279616K(279616K)->0K(279616K) From: 34944K(34944K)->34943K(34944K)
[288.270s][info][gc,heap        ] GC(621) Tenured: 53175K(699072K)->237126K(699072K)
[288.270s][info][gc,metaspace   ] GC(621) Metaspace: 16583K(16896K)->16583K(16896K) NonClass: 14253K(14400K)->14253K(14400K) Class: 2330K(2496K)->2330K(2496K)
[288.270s][info][gc             ] GC(621) Pause Young (Allocation Failure) 359M->265M(989M) 595.226ms
[288.270s][info][gc,cpu         ] GC(621) User=0.53s Sys=0.00s Real=0.60s
[288.488s][info][gc,start       ] GC(622) Pause Young (Allocation Failure)
[289.028s][info][gc,heap        ] GC(622) DefNew: 314559K(314560K)->34943K(314560K) Eden: 279616K(279616K)->0K(279616K) From: 34943K(34944K)->34943K(34944K)
[289.028s][info][gc,heap        ] GC(622) Tenured: 237126K(699072K)->407906K(699072K)
[289.028s][info][gc,metaspace   ] GC(622) Metaspace: 16583K(16896K)->16583K(16896K) NonClass: 14253K(14400K)->14253K(14400K) Class: 2330K(2496K)->2330K(2496K)
[289.028s][info][gc             ] GC(622) Pause Young (Allocation Failure) 538M->432M(989M) 540.428ms
[289.028s][info][gc,cpu         ] GC(622) User=0.56s Sys=0.00s Real=0.53s
[291.365s][info][gc,start       ] GC(623) Pause Young (Allocation Failure)
[291.744s][info][gc,heap        ] GC(623) DefNew: 314559K(314560K)->34944K(314560K) Eden: 279616K(279616K)->0K(279616K) From: 34943K(34944K)->34944K(34944K)
[291.744s][info][gc,heap        ] GC(623) Tenured: 407906K(699072K)->496415K(699072K)
[291.744s][info][gc,metaspace   ] GC(623) Metaspace: 16583K(16896K)->16583K(16896K) NonClass: 14253K(14400K)->14253K(14400K) Class: 2330K(2496K)->2330K(2496K)
[291.744s][info][gc             ] GC(623) Pause Young (Allocation Failure) 705M->518M(989M) 378.829ms
[291.744s][info][gc,cpu         ] GC(623) User=0.31s Sys=0.00s Real=0.38s
[291.882s][info][gc,start       ] GC(624) Pause Young (Allocation Failure)
[291.882s][info][gc             ] GC(624) Pause Young (Allocation Failure) 791M->791M(989M) 0.144ms
[291.882s][info][gc,cpu         ] GC(624) User=0.00s Sys=0.00s Real=0.00s
[291.882s][info][gc,start       ] GC(625) Pause Full (Allocation Failure)
[291.882s][info][gc,phases,start] GC(625) Phase 1: Mark live objects
[292.117s][info][gc,phases      ] GC(625) Phase 1: Mark live objects 235.239ms
[292.117s][info][gc,phases,start] GC(625) Phase 2: Compute new object addresses
[292.243s][info][gc,phases      ] GC(625) Phase 2: Compute new object addresses 126.129ms
[292.243s][info][gc,phases,start] GC(625) Phase 3: Adjust pointers
[292.363s][info][gc,phases      ] GC(625) Phase 3: Adjust pointers 119.784ms
[292.363s][info][gc,phases,start] GC(625) Phase 4: Move objects
[292.445s][info][gc,phases      ] GC(625) Phase 4: Move objects 81.463ms
[292.445s][info][gc,heap        ] GC(625) DefNew: 314560K(314560K)->0K(314560K) Eden: 279616K(279616K)->0K(279616K) From: 34944K(34944K)->0K(34944K)
[292.445s][info][gc,heap        ] GC(625) Tenured: 496415K(699072K)->212345K(699072K)
[292.445s][info][gc,metaspace   ] GC(625) Metaspace: 16583K(16896K)->16583K(16896K) NonClass: 14253K(14400K)->14253K(14400K) Class: 2330K(2496K)->2330K(2496K)
[292.445s][info][gc             ] GC(625) Pause Full (Allocation Failure) 791M->207M(989M) 563.076ms
[292.445s][info][gc,cpu         ] GC(625) User=0.52s Sys=0.02s Real=0.57s
[292.586s][info][gc,start       ] GC(626) Pause Young (Allocation Failure)
[292.870s][info][gc,heap        ] GC(626) DefNew: 279616K(314560K)->34944K(314560K) Eden: 279616K(279616K)->0K(279616K) From: 0K(34944K)->34944K(34944K)
[292.870s][info][gc,heap        ] GC(626) Tenured: 212345K(699072K)->295025K(699072K)
[292.870s][info][gc,metaspace   ] GC(626) Metaspace: 16583K(16896K)->16583K(16896K) NonClass: 14253K(14400K)->14253K(14400K) Class: 2330K(2496K)->2330K(2496K)
[292.870s][info][gc             ] GC(626) Pause Young (Allocation Failure) 480M->322M(989M) 284.942ms
[292.870s][info][gc,cpu         ] GC(626) User=0.25s Sys=0.00s Real=0.28s
[293.030s][info][gc,start       ] GC(627) Pause Young (Allocation Failure)
[293.500s][info][gc,heap        ] GC(627) DefNew: 314560K(314560K)->34944K(314560K) Eden: 279616K(279616K)->0K(279616K) From: 34944K(34944K)->34944K(34944K)
[293.500s][info][gc,heap        ] GC(627) Tenured: 295025K(699072K)->423492K(699072K)
[293.500s][info][gc,metaspace   ] GC(627) Metaspace: 16583K(16896K)->16583K(16896K) NonClass: 14253K(14400K)->14253K(14400K) Class: 2330K(2496K)->2330K(2496K)
[293.500s][info][gc             ] GC(627) Pause Young (Allocation Failure) 595M->447M(989M) 470.213ms
[293.500s][info][gc,cpu         ] GC(627) User=0.47s Sys=0.00s Real=0.47s
[293.960s][info][gc,start       ] GC(628) Pause Young (Allocation Failure)
[294.162s][info][gc,heap        ] GC(628) DefNew: 314560K(314560K)->24761K(314560K) Eden: 279616K(279616K)->0K(279616K) From: 34944K(34944K)->24761K(34944K)
[294.162s][info][gc,heap        ] GC(628) Tenured: 423492K(699072K)->448324K(699072K)
[294.162s][info][gc,metaspace   ] GC(628) Metaspace: 16583K(16896K)->16583K(16896K) NonClass: 14253K(14400K)->14253K(14400K) Class: 2330K(2496K)->2330K(2496K)
[294.162s][info][gc             ] GC(628) Pause Young (Allocation Failure) 720M->461M(989M) 202.414ms
[294.162s][info][gc,cpu         ] GC(628) User=0.19s Sys=0.00s Real=0.20s
[294.528s][info][gc,start       ] GC(629) Pause Young (Allocation Failure)
[294.555s][info][gc,heap        ] GC(629) DefNew: 304377K(314560K)->101K(314560K) Eden: 279616K(279616K)->0K(279616K) From: 24761K(34944K)->101K(34944K)
[294.555s][info][gc,heap        ] GC(629) Tenured: 448324K(699072K)->450836K(699072K)
[294.555s][info][gc,metaspace   ] GC(629) Metaspace: 16583K(16896K)->16583K(16896K) NonClass: 14253K(14400K)->14253K(14400K) Class: 2330K(2496K)->2330K(2496K)
[294.555s][info][gc             ] GC(629) Pause Young (Allocation Failure) 735M->440M(989M) 27.781ms
[294.555s][info][gc,cpu         ] GC(629) User=0.02s Sys=0.00s Real=0.03s
[295.209s][info][gc,start       ] GC(630) Pause Full (System.gc())
[295.209s][info][gc,phases,start] GC(630) Phase 1: Mark live objects
[295.217s][info][gc,phases      ] GC(630) Phase 1: Mark live objects 7.439ms
[295.217s][info][gc,phases,start] GC(630) Phase 2: Compute new object addresses
[295.298s][info][gc,phases      ] GC(630) Phase 2: Compute new object addresses 81.008ms
[295.298s][info][gc,phases,start] GC(630) Phase 3: Adjust pointers
[295.302s][info][gc,phases      ] GC(630) Phase 3: Adjust pointers 4.136ms
[295.302s][info][gc,phases,start] GC(630) Phase 4: Move objects
[295.302s][info][gc,phases      ] GC(630) Phase 4: Move objects 0.009ms
[295.302s][info][gc,heap        ] GC(630) DefNew: 92914K(314560K)->0K(314560K) Eden: 92812K(279616K)->0K(279616K) From: 101K(34944K)->0K(34944K)
[295.302s][info][gc,heap        ] GC(630) Tenured: 450836K(699072K)->6333K(699072K)
[295.302s][info][gc,metaspace   ] GC(630) Metaspace: 16588K(16896K)->16588K(16896K) NonClass: 14258K(14400K)->14258K(14400K) Class: 2330K(2496K)->2330K(2496K)
[295.302s][info][gc             ] GC(630) Pause Full (System.gc()) 531M->6M(989M) 92.919ms
[295.302s][info][gc,cpu         ] GC(630) User=0.08s Sys=0.00s Real=0.09s
[296.572s][info][gc,start       ] GC(631) Pause Young (Allocation Failure)
[296.574s][info][gc,heap        ] GC(631) DefNew: 279616K(314560K)->232K(314560K) Eden: 279616K(279616K)->0K(279616K) From: 0K(34944K)->232K(34944K)
[296.574s][info][gc,heap        ] GC(631) Tenured: 6333K(699072K)->6333K(699072K)
[296.574s][info][gc,metaspace   ] GC(631) Metaspace: 16588K(16896K)->16588K(16896K) NonClass: 14258K(14400K)->14258K(14400K) Class: 2330K(2496K)->2330K(2496K)
[296.574s][info][gc             ] GC(631) Pause Young (Allocation Failure) 279M->6M(989M) 1.275ms
[296.574s][info][gc,cpu         ] GC(631) User=0.00s Sys=0.00s Real=0.00s
[296.619s][info][gc,start       ] GC(632) Pause Young (Allocation Failure)
[296.620s][info][gc,heap        ] GC(632) DefNew: 279848K(314560K)->251K(314560K) Eden: 279616K(279616K)->0K(279616K) From: 232K(34944K)->251K(34944K)
[296.620s][info][gc,heap        ] GC(632) Tenured: 6333K(699072K)->6333K(699072K)
[296.620s][info][gc,metaspace   ] GC(632) Metaspace: 16588K(16896K)->16588K(16896K) NonClass: 14258K(14400K)->14258K(14400K) Class: 2330K(2496K)->2330K(2496K)
[296.620s][info][gc             ] GC(632) Pause Young (Allocation Failure) 279M->6M(989M) 0.914ms
[296.620s][info][gc,cpu         ] GC(632) User=0.02s Sys=0.00s Real=0.00s
[296.664s][info][gc,start       ] GC(633) Pause Young (Allocation Failure)
[296.665s][info][gc,heap        ] GC(633) DefNew: 279867K(314560K)->242K(314560K) Eden: 279616K(279616K)->0K(279616K) From: 251K(34944K)->242K(34944K)
[296.665s][info][gc,heap        ] GC(633) Tenured: 6333K(699072K)->6333K(699072K)
[296.665s][info][gc,metaspace   ] GC(633) Metaspace: 16588K(16896K)->16588K(16896K) NonClass: 14258K(14400K)->14258K(14400K) Class: 2330K(2496K)->2330K(2496K)
[296.665s][info][gc             ] GC(633) Pause Young (Allocation Failure) 279M->6M(989M) 0.931ms
[296.665s][info][gc,cpu         ] GC(633) User=0.00s Sys=0.00s Real=0.00s
[296.709s][info][gc,start       ] GC(634) Pause Young (Allocation Failure)
[296.710s][info][gc,heap        ] GC(634) DefNew: 279858K(314560K)->251K(314560K) Eden: 279616K(279616K)->0K(279616K) From: 242K(34944K)->251K(34944K)
[296.710s][info][gc,heap        ] GC(634) Tenured: 6333K(699072K)->6333K(699072K)
[296.710s][info][gc,metaspace   ] GC(634) Metaspace: 16588K(16896K)->16588K(16896K) NonClass: 14258K(14400K)->14258K(14400K) Class: 2330K(2496K)->2330K(2496K)
[296.710s][info][gc             ] GC(634) Pause Young (Allocation Failure) 279M->6M(989M) 0.847ms
[296.710s][info][gc,cpu         ] GC(634) User=0.00s Sys=0.00s Real=0.00s
[296.753s][info][gc,start       ] GC(635) Pause Young (Allocation Failure)
[296.754s][info][gc,heap        ] GC(635) DefNew: 279867K(314560K)->245K(314560K) Eden: 279616K(279616K)->0K(279616K) From: 251K(34944K)->245K(34944K)
[296.754s][info][gc,heap        ] GC(635) Tenured: 6333K(699072K)->6333K(699072K)
[296.754s][info][gc,metaspace   ] GC(635) Metaspace: 16588K(16896K)->16588K(16896K) NonClass: 14258K(14400K)->14258K(14400K) Class: 2330K(2496K)->2330K(2496K)
[296.754s][info][gc             ] GC(635) Pause Young (Allocation Failure) 279M->6M(989M) 0.874ms
[296.754s][info][gc,cpu         ] GC(635) User=0.00s Sys=0.00s Real=0.00s
[296.798s][info][gc,start       ] GC(636) Pause Young (Allocation Failure)
[296.798s][info][gc,heap        ] GC(636) DefNew: 279861K(314560K)->248K(314560K) Eden: 279616K(279616K)->0K(279616K) From: 245K(34944K)->248K(34944K)
[296.798s][info][gc,heap        ] GC(636) Tenured: 6333K(699072K)->6333K(699072K)
[296.798s][info][gc,metaspace   ] GC(636) Metaspace: 16588K(16896K)->16588K(16896K) NonClass: 14258K(14400K)->14258K(14400K) Class: 2330K(2496K)->2330K(2496K)
[296.798s][info][gc             ] GC(636) Pause Young (Allocation Failure) 279M->6M(989M) 0.862ms
[296.799s][info][gc,cpu         ] GC(636) User=0.00s Sys=0.00s Real=0.00s
[296.842s][info][gc,start       ] GC(637) Pause Young (Allocation Failure)
[296.843s][info][gc,heap        ] GC(637) DefNew: 279864K(314560K)->252K(314560K) Eden: 279616K(279616K)->0K(279616K) From: 248K(34944K)->252K(34944K)
[296.843s][info][gc,heap        ] GC(637) Tenured: 6333K(699072K)->6333K(699072K)
[296.843s][info][gc,metaspace   ] GC(637) Metaspace: 16588K(16896K)->16588K(16896K) NonClass: 14258K(14400K)->14258K(14400K) Class: 2330K(2496K)->2330K(2496K)
[296.843s][info][gc             ] GC(637) Pause Young (Allocation Failure) 279M->6M(989M) 0.901ms
[296.843s][info][gc,cpu         ] GC(637) User=0.00s Sys=0.00s Real=0.00s
[296.888s][info][gc,start       ] GC(638) Pause Young (Allocation Failure)
[296.889s][info][gc,heap        ] GC(638) DefNew: 279868K(314560K)->245K(314560K) Eden: 279616K(279616K)->0K(279616K) From: 252K(34944K)->245K(34944K)
[296.889s][info][gc,heap        ] GC(638) Tenured: 6333K(699072K)->6333K(699072K)
[296.889s][info][gc,metaspace   ] GC(638) Metaspace: 16588K(16896K)->16588K(16896K) NonClass: 14258K(14400K)->14258K(14400K) Class: 2330K(2496K)->2330K(2496K)
[296.889s][info][gc             ] GC(638) Pause Young (Allocation Failure) 279M->6M(989M) 0.925ms
[296.889s][info][gc,cpu         ] GC(638) User=0.00s Sys=0.00s Real=0.00s
[296.934s][info][gc,start       ] GC(639) Pause Young (Allocation Failure)
[296.935s][info][gc,heap        ] GC(639) DefNew: 279861K(314560K)->212K(314560K) Eden: 279616K(279616K)->0K(279616K) From: 245K(34944K)->212K(34944K)
[296.935s][info][gc,heap        ] GC(639) Tenured: 6333K(699072K)->6333K(699072K)
[296.935s][info][gc,metaspace   ] GC(639) Metaspace: 16588K(16896K)->16588K(16896K) NonClass: 14258K(14400K)->14258K(14400K) Class: 2330K(2496K)->2330K(2496K)
[296.935s][info][gc             ] GC(639) Pause Young (Allocation Failure) 279M->6M(989M) 0.818ms
[296.935s][info][gc,cpu         ] GC(639) User=0.00s Sys=0.00s Real=0.00s
[296.981s][info][gc,start       ] GC(640) Pause Young (Allocation Failure)
[296.981s][info][gc,heap        ] GC(640) DefNew: 279828K(314560K)->190K(314560K) Eden: 279616K(279616K)->0K(279616K) From: 212K(34944K)->190K(34944K)
[296.981s][info][gc,heap        ] GC(640) Tenured: 6333K(699072K)->6333K(699072K)
[296.981s][info][gc,metaspace   ] GC(640) Metaspace: 16588K(16896K)->16588K(16896K) NonClass: 14258K(14400K)->14258K(14400K) Class: 2330K(2496K)->2330K(2496K)
[296.981s][info][gc             ] GC(640) Pause Young (Allocation Failure) 279M->6M(989M) 0.816ms
[296.981s][info][gc,cpu         ] GC(640) User=0.00s Sys=0.00s Real=0.00s
[297.067s][info][gc,start       ] GC(641) Pause Young (Allocation Failure)
[297.256s][info][gc,heap        ] GC(641) DefNew: 279806K(314560K)->34944K(314560K) Eden: 279616K(279616K)->0K(279616K) From: 190K(34944K)->34944K(34944K)
[297.257s][info][gc,heap        ] GC(641) Tenured: 6333K(699072K)->48178K(699072K)
[297.257s][info][gc,metaspace   ] GC(641) Metaspace: 16588K(16896K)->16588K(16896K) NonClass: 14258K(14400K)->14258K(14400K) Class: 2330K(2496K)->2330K(2496K)
[297.257s][info][gc             ] GC(641) Pause Young (Allocation Failure) 279M->81M(989M) 189.512ms
[297.257s][info][gc,cpu         ] GC(641) User=0.14s Sys=0.00s Real=0.18s
[297.433s][info][gc,start       ] GC(642) Pause Young (Allocation Failure)
[298.023s][info][gc,heap        ] GC(642) DefNew: 314560K(314560K)->34944K(314560K) Eden: 279616K(279616K)->0K(279616K) From: 34944K(34944K)->34944K(34944K)
[298.023s][info][gc,heap        ] GC(642) Tenured: 48178K(699072K)->231887K(699072K)
[298.023s][info][gc,metaspace   ] GC(642) Metaspace: 16588K(16896K)->16588K(16896K) NonClass: 14258K(14400K)->14258K(14400K) Class: 2330K(2496K)->2330K(2496K)
[298.023s][info][gc             ] GC(642) Pause Young (Allocation Failure) 354M->260M(989M) 589.424ms
[298.023s][info][gc,cpu         ] GC(642) User=0.58s Sys=0.00s Real=0.59s
[298.227s][info][gc,start       ] GC(643) Pause Young (Allocation Failure)
[298.779s][info][gc,heap        ] GC(643) DefNew: 314560K(314560K)->34944K(314560K) Eden: 279616K(279616K)->0K(279616K) From: 34944K(34944K)->34944K(34944K)
[298.779s][info][gc,heap        ] GC(643) Tenured: 231887K(699072K)->407722K(699072K)
[298.779s][info][gc,metaspace   ] GC(643) Metaspace: 16588K(16896K)->16588K(16896K) NonClass: 14258K(14400K)->14258K(14400K) Class: 2330K(2496K)->2330K(2496K)
[298.779s][info][gc             ] GC(643) Pause Young (Allocation Failure) 533M->432M(989M) 552.336ms
[298.779s][info][gc,cpu         ] GC(643) User=0.55s Sys=0.00s Real=0.55s
[300.847s][info][gc,start       ] GC(644) Pause Young (Allocation Failure)
[301.226s][info][gc,heap        ] GC(644) DefNew: 314560K(314560K)->34944K(314560K) Eden: 279616K(279616K)->0K(279616K) From: 34944K(34944K)->34944K(34944K)
[301.226s][info][gc,heap        ] GC(644) Tenured: 407722K(699072K)->494730K(699072K)
[301.226s][info][gc,metaspace   ] GC(644) Metaspace: 16588K(16896K)->16588K(16896K) NonClass: 14258K(14400K)->14258K(14400K) Class: 2330K(2496K)->2330K(2496K)
[301.226s][info][gc             ] GC(644) Pause Young (Allocation Failure) 705M->517M(989M) 378.927ms
[301.226s][info][gc,cpu         ] GC(644) User=0.34s Sys=0.00s Real=0.39s
[301.365s][info][gc,start       ] GC(645) Pause Young (Allocation Failure)
[301.366s][info][gc             ] GC(645) Pause Young (Allocation Failure) 790M->790M(989M) 0.157ms
[301.366s][info][gc,cpu         ] GC(645) User=0.00s Sys=0.00s Real=0.00s
[301.366s][info][gc,start       ] GC(646) Pause Full (Allocation Failure)
[301.366s][info][gc,phases,start] GC(646) Phase 1: Mark live objects
[301.599s][info][gc,phases      ] GC(646) Phase 1: Mark live objects 233.253ms
[301.599s][info][gc,phases,start] GC(646) Phase 2: Compute new object addresses
[301.725s][info][gc,phases      ] GC(646) Phase 2: Compute new object addresses 125.952ms
[301.725s][info][gc,phases,start] GC(646) Phase 3: Adjust pointers
[301.842s][info][gc,phases      ] GC(646) Phase 3: Adjust pointers 116.854ms
[301.842s][info][gc,phases,start] GC(646) Phase 4: Move objects
[301.922s][info][gc,phases      ] GC(646) Phase 4: Move objects 80.465ms
[301.923s][info][gc,heap        ] GC(646) DefNew: 314560K(314560K)->0K(314560K) Eden: 279616K(279616K)->0K(279616K) From: 34944K(34944K)->0K(34944K)
[301.923s][info][gc,heap        ] GC(646) Tenured: 494730K(699072K)->210630K(699072K)
[301.923s][info][gc,metaspace   ] GC(646) Metaspace: 16588K(16896K)->16588K(16896K) NonClass: 14258K(14400K)->14258K(14400K) Class: 2330K(2496K)->2330K(2496K)
[301.923s][info][gc             ] GC(646) Pause Full (Allocation Failure) 790M->205M(989M) 557.006ms
[301.923s][info][gc,cpu         ] GC(646) User=0.52s Sys=0.00s Real=0.55s
[302.065s][info][gc,start       ] GC(647) Pause Young (Allocation Failure)
[302.352s][info][gc,heap        ] GC(647) DefNew: 279616K(314560K)->34944K(314560K) Eden: 279616K(279616K)->0K(279616K) From: 0K(34944K)->34944K(34944K)
[302.352s][info][gc,heap        ] GC(647) Tenured: 210630K(699072K)->293317K(699072K)
[302.352s][info][gc,metaspace   ] GC(647) Metaspace: 16588K(16896K)->16588K(16896K) NonClass: 14258K(14400K)->14258K(14400K) Class: 2330K(2496K)->2330K(2496K)
[302.352s][info][gc             ] GC(647) Pause Young (Allocation Failure) 478M->320M(989M) 286.724ms
[302.352s][info][gc,cpu         ] GC(647) User=0.30s Sys=0.00s Real=0.28s
[302.512s][info][gc,start       ] GC(648) Pause Young (Allocation Failure)
[302.970s][info][gc,heap        ] GC(648) DefNew: 314560K(314560K)->34944K(314560K) Eden: 279616K(279616K)->0K(279616K) From: 34944K(34944K)->34944K(34944K)
[302.970s][info][gc,heap        ] GC(648) Tenured: 293317K(699072K)->420619K(699072K)
[302.970s][info][gc,metaspace   ] GC(648) Metaspace: 16588K(16896K)->16588K(16896K) NonClass: 14258K(14400K)->14258K(14400K) Class: 2330K(2496K)->2330K(2496K)
[302.970s][info][gc             ] GC(648) Pause Young (Allocation Failure) 593M->444M(989M) 458.812ms
[302.970s][info][gc,cpu         ] GC(648) User=0.45s Sys=0.00s Real=0.47s
[303.432s][info][gc,start       ] GC(649) Pause Young (Allocation Failure)
[303.642s][info][gc,heap        ] GC(649) DefNew: 314560K(314560K)->27697K(314560K) Eden: 279616K(279616K)->0K(279616K) From: 34944K(34944K)->27697K(34944K)
[303.642s][info][gc,heap        ] GC(649) Tenured: 420619K(699072K)->445636K(699072K)
[303.642s][info][gc,metaspace   ] GC(649) Metaspace: 16588K(16896K)->16588K(16896K) NonClass: 14258K(14400K)->14258K(14400K) Class: 2330K(2496K)->2330K(2496K)
[303.642s][info][gc             ] GC(649) Pause Young (Allocation Failure) 717M->462M(989M) 209.457ms
[303.642s][info][gc,cpu         ] GC(649) User=0.20s Sys=0.00s Real=0.20s
[304.005s][info][gc,start       ] GC(650) Pause Young (Allocation Failure)
[304.041s][info][gc,heap        ] GC(650) DefNew: 307313K(314560K)->210K(314560K) Eden: 279616K(279616K)->0K(279616K) From: 27697K(34944K)->210K(34944K)
[304.041s][info][gc,heap        ] GC(650) Tenured: 445636K(699072K)->448579K(699072K)
[304.041s][info][gc,metaspace   ] GC(650) Metaspace: 16588K(16896K)->16588K(16896K) NonClass: 14258K(14400K)->14258K(14400K) Class: 2330K(2496K)->2330K(2496K)
[304.041s][info][gc             ] GC(650) Pause Young (Allocation Failure) 735M->438M(989M) 35.993ms
[304.041s][info][gc,cpu         ] GC(650) User=0.03s Sys=0.00s Real=0.03s
[304.706s][info][gc,start       ] GC(651) Pause Full (System.gc())
[304.706s][info][gc,phases,start] GC(651) Phase 1: Mark live objects
[304.713s][info][gc,phases      ] GC(651) Phase 1: Mark live objects 7.014ms
[304.713s][info][gc,phases,start] GC(651) Phase 2: Compute new object addresses
[304.794s][info][gc,phases      ] GC(651) Phase 2: Compute new object addresses 80.698ms
[304.794s][info][gc,phases,start] GC(651) Phase 3: Adjust pointers
[304.798s][info][gc,phases      ] GC(651) Phase 3: Adjust pointers 3.984ms
[304.798s][info][gc,phases,start] GC(651) Phase 4: Move objects
[304.798s][info][gc,phases      ] GC(651) Phase 4: Move objects 0.010ms
[304.798s][info][gc,heap        ] GC(651) DefNew: 92918K(314560K)->0K(314560K) Eden: 92707K(279616K)->0K(279616K) From: 210K(34944K)->0K(34944K)
[304.798s][info][gc,heap        ] GC(651) Tenured: 448579K(699072K)->6333K(699072K)
[304.798s][info][gc,metaspace   ] GC(651) Metaspace: 16589K(16896K)->16589K(16896K) NonClass: 14259K(14400K)->14259K(14400K) Class: 2330K(2496K)->2330K(2496K)
[304.798s][info][gc             ] GC(651) Pause Full (System.gc()) 528M->6M(989M) 92.066ms
[304.798s][info][gc,cpu         ] GC(651) User=0.08s Sys=0.00s Real=0.09s
[306.077s][info][gc,start       ] GC(652) Pause Young (Allocation Failure)
[306.079s][info][gc,heap        ] GC(652) DefNew: 279616K(314560K)->257K(314560K) Eden: 279616K(279616K)->0K(279616K) From: 0K(34944K)->257K(34944K)
[306.079s][info][gc,heap        ] GC(652) Tenured: 6333K(699072K)->6333K(699072K)
[306.079s][info][gc,metaspace   ] GC(652) Metaspace: 16589K(16896K)->16589K(16896K) NonClass: 14259K(14400K)->14259K(14400K) Class: 2330K(2496K)->2330K(2496K)
[306.079s][info][gc             ] GC(652) Pause Young (Allocation Failure) 279M->6M(989M) 1.182ms
[306.079s][info][gc,cpu         ] GC(652) User=0.00s Sys=0.00s Real=0.00s
[306.123s][info][gc,start       ] GC(653) Pause Young (Allocation Failure)
[306.124s][info][gc,heap        ] GC(653) DefNew: 279873K(314560K)->238K(314560K) Eden: 279616K(279616K)->0K(279616K) From: 257K(34944K)->238K(34944K)
[306.124s][info][gc,heap        ] GC(653) Tenured: 6333K(699072K)->6333K(699072K)
[306.124s][info][gc,metaspace   ] GC(653) Metaspace: 16589K(16896K)->16589K(16896K) NonClass: 14259K(14400K)->14259K(14400K) Class: 2330K(2496K)->2330K(2496K)
[306.124s][info][gc             ] GC(653) Pause Young (Allocation Failure) 279M->6M(989M) 0.822ms
[306.124s][info][gc,cpu         ] GC(653) User=0.00s Sys=0.00s Real=0.00s
[306.168s][info][gc,start       ] GC(654) Pause Young (Allocation Failure)
[306.169s][info][gc,heap        ] GC(654) DefNew: 279854K(314560K)->246K(314560K) Eden: 279616K(279616K)->0K(279616K) From: 238K(34944K)->246K(34944K)
[306.169s][info][gc,heap        ] GC(654) Tenured: 6333K(699072K)->6333K(699072K)
[306.169s][info][gc,metaspace   ] GC(654) Metaspace: 16589K(16896K)->16589K(16896K) NonClass: 14259K(14400K)->14259K(14400K) Class: 2330K(2496K)->2330K(2496K)
[306.169s][info][gc             ] GC(654) Pause Young (Allocation Failure) 279M->6M(989M) 0.779ms
[306.169s][info][gc,cpu         ] GC(654) User=0.00s Sys=0.00s Real=0.00s
[306.214s][info][gc,start       ] GC(655) Pause Young (Allocation Failure)
[306.215s][info][gc,heap        ] GC(655) DefNew: 279862K(314560K)->252K(314560K) Eden: 279616K(279616K)->0K(279616K) From: 246K(34944K)->252K(34944K)
[306.215s][info][gc,heap        ] GC(655) Tenured: 6333K(699072K)->6333K(699072K)
[306.215s][info][gc,metaspace   ] GC(655) Metaspace: 16589K(16896K)->16589K(16896K) NonClass: 14259K(14400K)->14259K(14400K) Class: 2330K(2496K)->2330K(2496K)
[306.215s][info][gc             ] GC(655) Pause Young (Allocation Failure) 279M->6M(989M) 0.788ms
[306.215s][info][gc,cpu         ] GC(655) User=0.00s Sys=0.00s Real=0.00s
[306.259s][info][gc,start       ] GC(656) Pause Young (Allocation Failure)
[306.260s][info][gc,heap        ] GC(656) DefNew: 279868K(314560K)->245K(314560K) Eden: 279616K(279616K)->0K(279616K) From: 252K(34944K)->245K(34944K)
[306.260s][info][gc,heap        ] GC(656) Tenured: 6333K(699072K)->6333K(699072K)
[306.260s][info][gc,metaspace   ] GC(656) Metaspace: 16589K(16896K)->16589K(16896K) NonClass: 14259K(14400K)->14259K(14400K) Class: 2330K(2496K)->2330K(2496K)
[306.260s][info][gc             ] GC(656) Pause Young (Allocation Failure) 279M->6M(989M) 0.778ms
[306.260s][info][gc,cpu         ] GC(656) User=0.00s Sys=0.00s Real=0.00s
[306.305s][info][gc,start       ] GC(657) Pause Young (Allocation Failure)
[306.306s][info][gc,heap        ] GC(657) DefNew: 279861K(314560K)->238K(314560K) Eden: 279616K(279616K)->0K(279616K) From: 245K(34944K)->238K(34944K)
[306.306s][info][gc,heap        ] GC(657) Tenured: 6333K(699072K)->6333K(699072K)
[306.306s][info][gc,metaspace   ] GC(657) Metaspace: 16589K(16896K)->16589K(16896K) NonClass: 14259K(14400K)->14259K(14400K) Class: 2330K(2496K)->2330K(2496K)
[306.306s][info][gc             ] GC(657) Pause Young (Allocation Failure) 279M->6M(989M) 1.001ms
[306.306s][info][gc,cpu         ] GC(657) User=0.00s Sys=0.00s Real=0.00s
[306.355s][info][gc,start       ] GC(658) Pause Young (Allocation Failure)
[306.356s][info][gc,heap        ] GC(658) DefNew: 279854K(314560K)->224K(314560K) Eden: 279616K(279616K)->0K(279616K) From: 238K(34944K)->224K(34944K)
[306.356s][info][gc,heap        ] GC(658) Tenured: 6333K(699072K)->6333K(699072K)
[306.356s][info][gc,metaspace   ] GC(658) Metaspace: 16589K(16896K)->16589K(16896K) NonClass: 14259K(14400K)->14259K(14400K) Class: 2330K(2496K)->2330K(2496K)
[306.356s][info][gc             ] GC(658) Pause Young (Allocation Failure) 279M->6M(989M) 0.876ms
[306.356s][info][gc,cpu         ] GC(658) User=0.00s Sys=0.00s Real=0.00s
[306.401s][info][gc,start       ] GC(659) Pause Young (Allocation Failure)
[306.401s][info][gc,heap        ] GC(659) DefNew: 279840K(314560K)->246K(314560K) Eden: 279616K(279616K)->0K(279616K) From: 224K(34944K)->246K(34944K)
[306.402s][info][gc,heap        ] GC(659) Tenured: 6333K(699072K)->6333K(699072K)
[306.402s][info][gc,metaspace   ] GC(659) Metaspace: 16589K(16896K)->16589K(16896K) NonClass: 14259K(14400K)->14259K(14400K) Class: 2330K(2496K)->2330K(2496K)
[306.402s][info][gc             ] GC(659) Pause Young (Allocation Failure) 279M->6M(989M) 0.866ms
[306.402s][info][gc,cpu         ] GC(659) User=0.00s Sys=0.00s Real=0.00s
[306.447s][info][gc,start       ] GC(660) Pause Young (Allocation Failure)
[306.448s][info][gc,heap        ] GC(660) DefNew: 279862K(314560K)->230K(314560K) Eden: 279616K(279616K)->0K(279616K) From: 246K(34944K)->230K(34944K)
[306.448s][info][gc,heap        ] GC(660) Tenured: 6333K(699072K)->6333K(699072K)
[306.448s][info][gc,metaspace   ] GC(660) Metaspace: 16589K(16896K)->16589K(16896K) NonClass: 14259K(14400K)->14259K(14400K) Class: 2330K(2496K)->2330K(2496K)
[306.448s][info][gc             ] GC(660) Pause Young (Allocation Failure) 279M->6M(989M) 0.791ms
[306.448s][info][gc,cpu         ] GC(660) User=0.00s Sys=0.00s Real=0.00s
[306.493s][info][gc,start       ] GC(661) Pause Young (Allocation Failure)
[306.494s][info][gc,heap        ] GC(661) DefNew: 279846K(314560K)->217K(314560K) Eden: 279616K(279616K)->0K(279616K) From: 230K(34944K)->217K(34944K)
[306.494s][info][gc,heap        ] GC(661) Tenured: 6333K(699072K)->6333K(699072K)
[306.494s][info][gc,metaspace   ] GC(661) Metaspace: 16589K(16896K)->16589K(16896K) NonClass: 14259K(14400K)->14259K(14400K) Class: 2330K(2496K)->2330K(2496K)
[306.494s][info][gc             ] GC(661) Pause Young (Allocation Failure) 279M->6M(989M) 0.780ms
[306.494s][info][gc,cpu         ] GC(661) User=0.00s Sys=0.00s Real=0.00s
[306.574s][info][gc,start       ] GC(662) Pause Young (Allocation Failure)
[306.766s][info][gc,heap        ] GC(662) DefNew: 279833K(314560K)->34944K(314560K) Eden: 279616K(279616K)->0K(279616K) From: 217K(34944K)->34944K(34944K)
[306.766s][info][gc,heap        ] GC(662) Tenured: 6333K(699072K)->49265K(699072K)
[306.766s][info][gc,metaspace   ] GC(662) Metaspace: 16589K(16896K)->16589K(16896K) NonClass: 14259K(14400K)->14259K(14400K) Class: 2330K(2496K)->2330K(2496K)
[306.766s][info][gc             ] GC(662) Pause Young (Allocation Failure) 279M->82M(989M) 192.012ms
[306.766s][info][gc,cpu         ] GC(662) User=0.19s Sys=0.00s Real=0.19s
[306.940s][info][gc,start       ] GC(663) Pause Young (Allocation Failure)
[307.536s][info][gc,heap        ] GC(663) DefNew: 314560K(314560K)->34943K(314560K) Eden: 279616K(279616K)->0K(279616K) From: 34944K(34944K)->34943K(34944K)
[307.536s][info][gc,heap        ] GC(663) Tenured: 49265K(699072K)->233536K(699072K)
[307.536s][info][gc,metaspace   ] GC(663) Metaspace: 16589K(16896K)->16589K(16896K) NonClass: 14259K(14400K)->14259K(14400K) Class: 2330K(2496K)->2330K(2496K)
[307.536s][info][gc             ] GC(663) Pause Young (Allocation Failure) 355M->262M(989M) 595.797ms
[307.536s][info][gc,cpu         ] GC(663) User=0.59s Sys=0.00s Real=0.60s
[307.743s][info][gc,start       ] GC(664) Pause Young (Allocation Failure)
[308.291s][info][gc,heap        ] GC(664) DefNew: 314559K(314560K)->34943K(314560K) Eden: 279616K(279616K)->0K(279616K) From: 34943K(34944K)->34943K(34944K)
[308.291s][info][gc,heap        ] GC(664) Tenured: 233536K(699072K)->407820K(699072K)
[308.291s][info][gc,metaspace   ] GC(664) Metaspace: 16589K(16896K)->16589K(16896K) NonClass: 14259K(14400K)->14259K(14400K) Class: 2330K(2496K)->2330K(2496K)
[308.291s][info][gc             ] GC(664) Pause Young (Allocation Failure) 535M->432M(989M) 547.765ms
[308.291s][info][gc,cpu         ] GC(664) User=0.55s Sys=0.00s Real=0.55s
[310.775s][info][gc,start       ] GC(665) Pause Young (Allocation Failure)
[311.153s][info][gc,heap        ] GC(665) DefNew: 314559K(314560K)->34944K(314560K) Eden: 279616K(279616K)->0K(279616K) From: 34943K(34944K)->34944K(34944K)
[311.153s][info][gc,heap        ] GC(665) Tenured: 407820K(699072K)->494995K(699072K)
[311.153s][info][gc,metaspace   ] GC(665) Metaspace: 16590K(16896K)->16590K(16896K) NonClass: 14259K(14400K)->14259K(14400K) Class: 2330K(2496K)->2330K(2496K)
[311.153s][info][gc             ] GC(665) Pause Young (Allocation Failure) 705M->517M(989M) 378.340ms
[311.153s][info][gc,cpu         ] GC(665) User=0.38s Sys=0.00s Real=0.38s
[311.291s][info][gc,start       ] GC(666) Pause Young (Allocation Failure)
[311.291s][info][gc             ] GC(666) Pause Young (Allocation Failure) 790M->790M(989M) 0.075ms
[311.291s][info][gc,cpu         ] GC(666) User=0.00s Sys=0.00s Real=0.00s
[311.291s][info][gc,start       ] GC(667) Pause Full (Allocation Failure)
[311.291s][info][gc,phases,start] GC(667) Phase 1: Mark live objects
[311.525s][info][gc,phases      ] GC(667) Phase 1: Mark live objects 233.989ms
[311.526s][info][gc,phases,start] GC(667) Phase 2: Compute new object addresses
[311.651s][info][gc,phases      ] GC(667) Phase 2: Compute new object addresses 125.215ms
[311.651s][info][gc,phases,start] GC(667) Phase 3: Adjust pointers
[311.769s][info][gc,phases      ] GC(667) Phase 3: Adjust pointers 118.045ms
[311.769s][info][gc,phases,start] GC(667) Phase 4: Move objects
[311.850s][info][gc,phases      ] GC(667) Phase 4: Move objects 81.131ms
[311.850s][info][gc,heap        ] GC(667) DefNew: 314560K(314560K)->0K(314560K) Eden: 279616K(279616K)->0K(279616K) From: 34944K(34944K)->0K(34944K)
[311.850s][info][gc,heap        ] GC(667) Tenured: 494995K(699072K)->210899K(699072K)
[311.850s][info][gc,metaspace   ] GC(667) Metaspace: 16590K(16896K)->16590K(16896K) NonClass: 14259K(14400K)->14259K(14400K) Class: 2330K(2496K)->2330K(2496K)
[311.851s][info][gc             ] GC(667) Pause Full (Allocation Failure) 790M->205M(989M) 559.760ms
[311.851s][info][gc,cpu         ] GC(667) User=0.50s Sys=0.00s Real=0.55s
[311.992s][info][gc,start       ] GC(668) Pause Young (Allocation Failure)
[312.276s][info][gc,heap        ] GC(668) DefNew: 279616K(314560K)->34943K(314560K) Eden: 279616K(279616K)->0K(279616K) From: 0K(34944K)->34943K(34944K)
[312.276s][info][gc,heap        ] GC(668) Tenured: 210899K(699072K)->293584K(699072K)
[312.276s][info][gc,metaspace   ] GC(668) Metaspace: 16590K(16896K)->16590K(16896K) NonClass: 14259K(14400K)->14259K(14400K) Class: 2330K(2496K)->2330K(2496K)
[312.276s][info][gc             ] GC(668) Pause Young (Allocation Failure) 479M->320M(989M) 283.920ms
[312.276s][info][gc,cpu         ] GC(668) User=0.30s Sys=0.00s Real=0.28s
[312.437s][info][gc,start       ] GC(669) Pause Young (Allocation Failure)
[312.901s][info][gc,heap        ] GC(669) DefNew: 314559K(314560K)->34944K(314560K) Eden: 279616K(279616K)->0K(279616K) From: 34943K(34944K)->34944K(34944K)
[312.901s][info][gc,heap        ] GC(669) Tenured: 293584K(699072K)->421077K(699072K)
[312.901s][info][gc,metaspace   ] GC(669) Metaspace: 16590K(16896K)->16590K(16896K) NonClass: 14259K(14400K)->14259K(14400K) Class: 2330K(2496K)->2330K(2496K)
[312.901s][info][gc             ] GC(669) Pause Young (Allocation Failure) 593M->445M(989M) 463.529ms
[312.901s][info][gc,cpu         ] GC(669) User=0.42s Sys=0.00s Real=0.46s
[313.361s][info][gc,start       ] GC(670) Pause Young (Allocation Failure)
[313.567s][info][gc,heap        ] GC(670) DefNew: 314560K(314560K)->27259K(314560K) Eden: 279616K(279616K)->0K(279616K) From: 34944K(34944K)->27259K(34944K)
[313.567s][info][gc,heap        ] GC(670) Tenured: 421077K(699072K)->446260K(699072K)
[313.567s][info][gc,metaspace   ] GC(670) Metaspace: 16590K(16896K)->16590K(16896K) NonClass: 14259K(14400K)->14259K(14400K) Class: 2330K(2496K)->2330K(2496K)
[313.567s][info][gc             ] GC(670) Pause Young (Allocation Failure) 718M->462M(989M) 206.084ms
[313.567s][info][gc,cpu         ] GC(670) User=0.20s Sys=0.00s Real=0.21s
[313.930s][info][gc,start       ] GC(671) Pause Young (Allocation Failure)
[313.964s][info][gc,heap        ] GC(671) DefNew: 306875K(314560K)->335K(314560K) Eden: 279616K(279616K)->0K(279616K) From: 27259K(34944K)->335K(34944K)
[313.964s][info][gc,heap        ] GC(671) Tenured: 446260K(699072K)->449574K(699072K)
[313.964s][info][gc,metaspace   ] GC(671) Metaspace: 16590K(16896K)->16590K(16896K) NonClass: 14259K(14400K)->14259K(14400K) Class: 2330K(2496K)->2330K(2496K)
[313.965s][info][gc             ] GC(671) Pause Young (Allocation Failure) 735M->439M(989M) 34.415ms
[313.965s][info][gc,cpu         ] GC(671) User=0.05s Sys=0.00s Real=0.03s
[314.664s][info][gc,start       ] GC(672) Pause Full (System.gc())
[314.664s][info][gc,phases,start] GC(672) Phase 1: Mark live objects
[314.672s][info][gc,phases      ] GC(672) Phase 1: Mark live objects 7.827ms
[314.672s][info][gc,phases,start] GC(672) Phase 2: Compute new object addresses
[314.754s][info][gc,phases      ] GC(672) Phase 2: Compute new object addresses 81.982ms
[314.754s][info][gc,phases,start] GC(672) Phase 3: Adjust pointers
[314.758s][info][gc,phases      ] GC(672) Phase 3: Adjust pointers 4.004ms
[314.758s][info][gc,phases,start] GC(672) Phase 4: Move objects
[314.758s][info][gc,phases      ] GC(672) Phase 4: Move objects 0.009ms
[314.758s][info][gc,heap        ] GC(672) DefNew: 98126K(314560K)->0K(314560K) Eden: 97790K(279616K)->0K(279616K) From: 335K(34944K)->0K(34944K)
[314.758s][info][gc,heap        ] GC(672) Tenured: 449574K(699072K)->6333K(699072K)
[314.758s][info][gc,metaspace   ] GC(672) Metaspace: 16591K(16896K)->16591K(16896K) NonClass: 14261K(14400K)->14261K(14400K) Class: 2330K(2496K)->2330K(2496K)
[314.758s][info][gc             ] GC(672) Pause Full (System.gc()) 534M->6M(989M) 94.138ms
[314.758s][info][gc,cpu         ] GC(672) User=0.08s Sys=0.00s Real=0.09s
[316.037s][info][gc,start       ] GC(673) Pause Young (Allocation Failure)
[316.038s][info][gc,heap        ] GC(673) DefNew: 279616K(314560K)->219K(314560K) Eden: 279616K(279616K)->0K(279616K) From: 0K(34944K)->219K(34944K)
[316.038s][info][gc,heap        ] GC(673) Tenured: 6333K(699072K)->6333K(699072K)
[316.038s][info][gc,metaspace   ] GC(673) Metaspace: 16591K(16896K)->16591K(16896K) NonClass: 14261K(14400K)->14261K(14400K) Class: 2330K(2496K)->2330K(2496K)
[316.038s][info][gc             ] GC(673) Pause Young (Allocation Failure) 279M->6M(989M) 1.111ms
[316.038s][info][gc,cpu         ] GC(673) User=0.00s Sys=0.00s Real=0.02s
[316.082s][info][gc,start       ] GC(674) Pause Young (Allocation Failure)
[316.083s][info][gc,heap        ] GC(674) DefNew: 279835K(314560K)->241K(314560K) Eden: 279616K(279616K)->0K(279616K) From: 219K(34944K)->241K(34944K)
[316.083s][info][gc,heap        ] GC(674) Tenured: 6333K(699072K)->6333K(699072K)
[316.083s][info][gc,metaspace   ] GC(674) Metaspace: 16591K(16896K)->16591K(16896K) NonClass: 14261K(14400K)->14261K(14400K) Class: 2330K(2496K)->2330K(2496K)
[316.083s][info][gc             ] GC(674) Pause Young (Allocation Failure) 279M->6M(989M) 0.933ms
[316.083s][info][gc,cpu         ] GC(674) User=0.00s Sys=0.00s Real=0.00s
[316.127s][info][gc,start       ] GC(675) Pause Young (Allocation Failure)
[316.128s][info][gc,heap        ] GC(675) DefNew: 279857K(314560K)->233K(314560K) Eden: 279616K(279616K)->0K(279616K) From: 241K(34944K)->233K(34944K)
[316.128s][info][gc,heap        ] GC(675) Tenured: 6333K(699072K)->6333K(699072K)
[316.128s][info][gc,metaspace   ] GC(675) Metaspace: 16591K(16896K)->16591K(16896K) NonClass: 14261K(14400K)->14261K(14400K) Class: 2330K(2496K)->2330K(2496K)
[316.128s][info][gc             ] GC(675) Pause Young (Allocation Failure) 279M->6M(989M) 0.786ms
[316.128s][info][gc,cpu         ] GC(675) User=0.00s Sys=0.00s Real=0.00s
[316.172s][info][gc,start       ] GC(676) Pause Young (Allocation Failure)
[316.173s][info][gc,heap        ] GC(676) DefNew: 279849K(314560K)->227K(314560K) Eden: 279616K(279616K)->0K(279616K) From: 233K(34944K)->227K(34944K)
[316.173s][info][gc,heap        ] GC(676) Tenured: 6333K(699072K)->6333K(699072K)
[316.173s][info][gc,metaspace   ] GC(676) Metaspace: 16591K(16896K)->16591K(16896K) NonClass: 14261K(14400K)->14261K(14400K) Class: 2330K(2496K)->2330K(2496K)
[316.173s][info][gc             ] GC(676) Pause Young (Allocation Failure) 279M->6M(989M) 0.771ms
[316.173s][info][gc,cpu         ] GC(676) User=0.00s Sys=0.00s Real=0.00s
[316.218s][info][gc,start       ] GC(677) Pause Young (Allocation Failure)
[316.219s][info][gc,heap        ] GC(677) DefNew: 279843K(314560K)->236K(314560K) Eden: 279616K(279616K)->0K(279616K) From: 227K(34944K)->236K(34944K)
[316.219s][info][gc,heap        ] GC(677) Tenured: 6333K(699072K)->6333K(699072K)
[316.219s][info][gc,metaspace   ] GC(677) Metaspace: 16591K(16896K)->16591K(16896K) NonClass: 14261K(14400K)->14261K(14400K) Class: 2330K(2496K)->2330K(2496K)
[316.219s][info][gc             ] GC(677) Pause Young (Allocation Failure) 279M->6M(989M) 0.869ms
[316.219s][info][gc,cpu         ] GC(677) User=0.00s Sys=0.00s Real=0.00s
[316.264s][info][gc,start       ] GC(678) Pause Young (Allocation Failure)
[316.265s][info][gc,heap        ] GC(678) DefNew: 279852K(314560K)->234K(314560K) Eden: 279616K(279616K)->0K(279616K) From: 236K(34944K)->234K(34944K)
[316.265s][info][gc,heap        ] GC(678) Tenured: 6333K(699072K)->6333K(699072K)
[316.265s][info][gc,metaspace   ] GC(678) Metaspace: 16591K(16896K)->16591K(16896K) NonClass: 14261K(14400K)->14261K(14400K) Class: 2330K(2496K)->2330K(2496K)
[316.265s][info][gc             ] GC(678) Pause Young (Allocation Failure) 279M->6M(989M) 0.850ms
[316.265s][info][gc,cpu         ] GC(678) User=0.00s Sys=0.00s Real=0.00s
[316.310s][info][gc,start       ] GC(679) Pause Young (Allocation Failure)
[316.311s][info][gc,heap        ] GC(679) DefNew: 279850K(314560K)->233K(314560K) Eden: 279616K(279616K)->0K(279616K) From: 234K(34944K)->233K(34944K)
[316.311s][info][gc,heap        ] GC(679) Tenured: 6333K(699072K)->6333K(699072K)
[316.311s][info][gc,metaspace   ] GC(679) Metaspace: 16591K(16896K)->16591K(16896K) NonClass: 14261K(14400K)->14261K(14400K) Class: 2330K(2496K)->2330K(2496K)
[316.311s][info][gc             ] GC(679) Pause Young (Allocation Failure) 279M->6M(989M) 0.968ms
[316.311s][info][gc,cpu         ] GC(679) User=0.00s Sys=0.00s Real=0.00s
[316.359s][info][gc,start       ] GC(680) Pause Young (Allocation Failure)
[316.360s][info][gc,heap        ] GC(680) DefNew: 279849K(314560K)->236K(314560K) Eden: 279616K(279616K)->0K(279616K) From: 233K(34944K)->236K(34944K)
[316.360s][info][gc,heap        ] GC(680) Tenured: 6333K(699072K)->6333K(699072K)
[316.360s][info][gc,metaspace   ] GC(680) Metaspace: 16591K(16896K)->16591K(16896K) NonClass: 14261K(14400K)->14261K(14400K) Class: 2330K(2496K)->2330K(2496K)
[316.360s][info][gc             ] GC(680) Pause Young (Allocation Failure) 279M->6M(989M) 0.845ms
[316.360s][info][gc,cpu         ] GC(680) User=0.00s Sys=0.00s Real=0.00s
[316.406s][info][gc,start       ] GC(681) Pause Young (Allocation Failure)
[316.407s][info][gc,heap        ] GC(681) DefNew: 279852K(314560K)->240K(314560K) Eden: 279616K(279616K)->0K(279616K) From: 236K(34944K)->240K(34944K)
[316.407s][info][gc,heap        ] GC(681) Tenured: 6333K(699072K)->6333K(699072K)
[316.407s][info][gc,metaspace   ] GC(681) Metaspace: 16591K(16896K)->16591K(16896K) NonClass: 14261K(14400K)->14261K(14400K) Class: 2330K(2496K)->2330K(2496K)
[316.407s][info][gc             ] GC(681) Pause Young (Allocation Failure) 279M->6M(989M) 0.791ms
[316.407s][info][gc,cpu         ] GC(681) User=0.00s Sys=0.00s Real=0.00s
[316.453s][info][gc,start       ] GC(682) Pause Young (Allocation Failure)
[316.454s][info][gc,heap        ] GC(682) DefNew: 279856K(314560K)->188K(314560K) Eden: 279616K(279616K)->0K(279616K) From: 240K(34944K)->188K(34944K)
[316.454s][info][gc,heap        ] GC(682) Tenured: 6333K(699072K)->6333K(699072K)
[316.454s][info][gc,metaspace   ] GC(682) Metaspace: 16591K(16896K)->16591K(16896K) NonClass: 14261K(14400K)->14261K(14400K) Class: 2330K(2496K)->2330K(2496K)
[316.454s][info][gc             ] GC(682) Pause Young (Allocation Failure) 279M->6M(989M) 0.774ms
[316.454s][info][gc,cpu         ] GC(682) User=0.00s Sys=0.00s Real=0.01s
[316.534s][info][gc,start       ] GC(683) Pause Young (Allocation Failure)
[316.723s][info][gc,heap        ] GC(683) DefNew: 279804K(314560K)->34944K(314560K) Eden: 279616K(279616K)->0K(279616K) From: 188K(34944K)->34944K(34944K)
[316.723s][info][gc,heap        ] GC(683) Tenured: 6333K(699072K)->48201K(699072K)
[316.723s][info][gc,metaspace   ] GC(683) Metaspace: 16591K(16896K)->16591K(16896K) NonClass: 14261K(14400K)->14261K(14400K) Class: 2330K(2496K)->2330K(2496K)
[316.723s][info][gc             ] GC(683) Pause Young (Allocation Failure) 279M->81M(989M) 189.214ms
[316.723s][info][gc,cpu         ] GC(683) User=0.17s Sys=0.00s Real=0.19s
[316.896s][info][gc,start       ] GC(684) Pause Young (Allocation Failure)
[317.491s][info][gc,heap        ] GC(684) DefNew: 314560K(314560K)->34944K(314560K) Eden: 279616K(279616K)->0K(279616K) From: 34944K(34944K)->34944K(34944K)
[317.491s][info][gc,heap        ] GC(684) Tenured: 48201K(699072K)->232708K(699072K)
[317.491s][info][gc,metaspace   ] GC(684) Metaspace: 16591K(16896K)->16591K(16896K) NonClass: 14261K(14400K)->14261K(14400K) Class: 2330K(2496K)->2330K(2496K)
[317.491s][info][gc             ] GC(684) Pause Young (Allocation Failure) 354M->261M(989M) 594.628ms
[317.491s][info][gc,cpu         ] GC(684) User=0.56s Sys=0.00s Real=0.60s
[317.694s][info][gc,start       ] GC(685) Pause Young (Allocation Failure)
[318.239s][info][gc,heap        ] GC(685) DefNew: 314560K(314560K)->34943K(314560K) Eden: 279616K(279616K)->0K(279616K) From: 34944K(34944K)->34943K(34944K)
[318.239s][info][gc,heap        ] GC(685) Tenured: 232708K(699072K)->407915K(699072K)
[318.239s][info][gc,metaspace   ] GC(685) Metaspace: 16591K(16896K)->16591K(16896K) NonClass: 14261K(14400K)->14261K(14400K) Class: 2330K(2496K)->2330K(2496K)
[318.239s][info][gc             ] GC(685) Pause Young (Allocation Failure) 534M->432M(989M) 545.542ms
[318.239s][info][gc,cpu         ] GC(685) User=0.52s Sys=0.00s Real=0.53s
[321.272s][info][gc,start       ] GC(686) Pause Young (Allocation Failure)
[321.651s][info][gc,heap        ] GC(686) DefNew: 314559K(314560K)->34944K(314560K) Eden: 279616K(279616K)->0K(279616K) From: 34943K(34944K)->34944K(34944K)
[321.651s][info][gc,heap        ] GC(686) Tenured: 407915K(699072K)->494376K(699072K)
[321.651s][info][gc,metaspace   ] GC(686) Metaspace: 16591K(16896K)->16591K(16896K) NonClass: 14261K(14400K)->14261K(14400K) Class: 2330K(2496K)->2330K(2496K)
[321.651s][info][gc             ] GC(686) Pause Young (Allocation Failure) 705M->516M(989M) 378.472ms
[321.651s][info][gc,cpu         ] GC(686) User=0.36s Sys=0.00s Real=0.38s
[321.788s][info][gc,start       ] GC(687) Pause Young (Allocation Failure)
[321.788s][info][gc             ] GC(687) Pause Young (Allocation Failure) 789M->789M(989M) 0.118ms
[321.788s][info][gc,cpu         ] GC(687) User=0.00s Sys=0.00s Real=0.00s
[321.788s][info][gc,start       ] GC(688) Pause Full (Allocation Failure)
[321.788s][info][gc,phases,start] GC(688) Phase 1: Mark live objects
[322.021s][info][gc,phases      ] GC(688) Phase 1: Mark live objects 232.832ms
[322.021s][info][gc,phases,start] GC(688) Phase 2: Compute new object addresses
[322.147s][info][gc,phases      ] GC(688) Phase 2: Compute new object addresses 125.749ms
[322.147s][info][gc,phases,start] GC(688) Phase 3: Adjust pointers
[322.265s][info][gc,phases      ] GC(688) Phase 3: Adjust pointers 118.030ms
[322.265s][info][gc,phases,start] GC(688) Phase 4: Move objects
[322.349s][info][gc,phases      ] GC(688) Phase 4: Move objects 83.509ms
[322.349s][info][gc,heap        ] GC(688) DefNew: 314560K(314560K)->0K(314560K) Eden: 279616K(279616K)->0K(279616K) From: 34944K(34944K)->0K(34944K)
[322.349s][info][gc,heap        ] GC(688) Tenured: 494376K(699072K)->210142K(699072K)
[322.349s][info][gc,metaspace   ] GC(688) Metaspace: 16591K(16896K)->16591K(16896K) NonClass: 14261K(14400K)->14261K(14400K) Class: 2330K(2496K)->2330K(2496K)
[322.349s][info][gc             ] GC(688) Pause Full (Allocation Failure) 789M->205M(989M) 560.613ms
[322.349s][info][gc,cpu         ] GC(688) User=0.50s Sys=0.00s Real=0.55s
[322.490s][info][gc,start       ] GC(689) Pause Young (Allocation Failure)
[322.774s][info][gc,heap        ] GC(689) DefNew: 279616K(314560K)->34943K(314560K) Eden: 279616K(279616K)->0K(279616K) From: 0K(34944K)->34943K(34944K)
[322.774s][info][gc,heap        ] GC(689) Tenured: 210142K(699072K)->292830K(699072K)
[322.774s][info][gc,metaspace   ] GC(689) Metaspace: 16591K(16896K)->16591K(16896K) NonClass: 14261K(14400K)->14261K(14400K) Class: 2330K(2496K)->2330K(2496K)
[322.774s][info][gc             ] GC(689) Pause Young (Allocation Failure) 478M->320M(989M) 283.986ms
[322.774s][info][gc,cpu         ] GC(689) User=0.27s Sys=0.00s Real=0.28s
[322.932s][info][gc,start       ] GC(690) Pause Young (Allocation Failure)
[323.389s][info][gc,heap        ] GC(690) DefNew: 314559K(314560K)->34944K(314560K) Eden: 279616K(279616K)->0K(279616K) From: 34943K(34944K)->34944K(34944K)
[323.389s][info][gc,heap        ] GC(690) Tenured: 292830K(699072K)->419759K(699072K)
[323.389s][info][gc,metaspace   ] GC(690) Metaspace: 16591K(16896K)->16591K(16896K) NonClass: 14261K(14400K)->14261K(14400K) Class: 2330K(2496K)->2330K(2496K)
[323.389s][info][gc             ] GC(690) Pause Young (Allocation Failure) 593M->444M(989M) 456.462ms
[323.389s][info][gc,cpu         ] GC(690) User=0.45s Sys=0.00s Real=0.47s
[323.854s][info][gc,start       ] GC(691) Pause Young (Allocation Failure)
[324.067s][info][gc,heap        ] GC(691) DefNew: 314560K(314560K)->28537K(314560K) Eden: 279616K(279616K)->0K(279616K) From: 34944K(34944K)->28537K(34944K)
[324.067s][info][gc,heap        ] GC(691) Tenured: 419759K(699072K)->444829K(699072K)
[324.067s][info][gc,metaspace   ] GC(691) Metaspace: 16591K(16896K)->16591K(16896K) NonClass: 14261K(14400K)->14261K(14400K) Class: 2330K(2496K)->2330K(2496K)
[324.067s][info][gc             ] GC(691) Pause Young (Allocation Failure) 717M->462M(989M) 212.299ms
[324.067s][info][gc,cpu         ] GC(691) User=0.20s Sys=0.00s Real=0.22s
[324.434s][info][gc,start       ] GC(692) Pause Young (Allocation Failure)
[324.474s][info][gc,heap        ] GC(692) DefNew: 308153K(314560K)->248K(314560K) Eden: 279616K(279616K)->0K(279616K) From: 28537K(34944K)->248K(34944K)
[324.474s][info][gc,heap        ] GC(692) Tenured: 444829K(699072K)->447891K(699072K)
[324.474s][info][gc,metaspace   ] GC(692) Metaspace: 16591K(16896K)->16591K(16896K) NonClass: 14261K(14400K)->14261K(14400K) Class: 2330K(2496K)->2330K(2496K)
[324.474s][info][gc             ] GC(692) Pause Young (Allocation Failure) 735M->437M(989M) 40.251ms
[324.474s][info][gc,cpu         ] GC(692) User=0.03s Sys=0.00s Real=0.05s
[325.147s][info][gc,start       ] GC(693) Pause Full (System.gc())
[325.147s][info][gc,phases,start] GC(693) Phase 1: Mark live objects
[325.154s][info][gc,phases      ] GC(693) Phase 1: Mark live objects 7.033ms
[325.154s][info][gc,phases,start] GC(693) Phase 2: Compute new object addresses
[325.236s][info][gc,phases      ] GC(693) Phase 2: Compute new object addresses 81.806ms
[325.236s][info][gc,phases,start] GC(693) Phase 3: Adjust pointers
[325.240s][info][gc,phases      ] GC(693) Phase 3: Adjust pointers 4.012ms
[325.240s][info][gc,phases,start] GC(693) Phase 4: Move objects
[325.240s][info][gc,phases      ] GC(693) Phase 4: Move objects 0.010ms
[325.240s][info][gc,heap        ] GC(693) DefNew: 94138K(314560K)->0K(314560K) Eden: 93889K(279616K)->0K(279616K) From: 248K(34944K)->0K(34944K)
[325.240s][info][gc,heap        ] GC(693) Tenured: 447891K(699072K)->6333K(699072K)
[325.240s][info][gc,metaspace   ] GC(693) Metaspace: 16591K(16896K)->16591K(16896K) NonClass: 14261K(14400K)->14261K(14400K) Class: 2330K(2496K)->2330K(2496K)
[325.240s][info][gc             ] GC(693) Pause Full (System.gc()) 529M->6M(989M) 93.215ms
[325.240s][info][gc,cpu         ] GC(693) User=0.08s Sys=0.00s Real=0.10s
[326.512s][info][gc,start       ] GC(694) Pause Young (Allocation Failure)
[326.513s][info][gc,heap        ] GC(694) DefNew: 279616K(314560K)->230K(314560K) Eden: 279616K(279616K)->0K(279616K) From: 0K(34944K)->230K(34944K)
[326.513s][info][gc,heap        ] GC(694) Tenured: 6333K(699072K)->6333K(699072K)
[326.513s][info][gc,metaspace   ] GC(694) Metaspace: 16591K(16896K)->16591K(16896K) NonClass: 14261K(14400K)->14261K(14400K) Class: 2330K(2496K)->2330K(2496K)
[326.513s][info][gc             ] GC(694) Pause Young (Allocation Failure) 279M->6M(989M) 1.074ms
[326.513s][info][gc,cpu         ] GC(694) User=0.00s Sys=0.00s Real=0.00s
[326.558s][info][gc,start       ] GC(695) Pause Young (Allocation Failure)
[326.558s][info][gc,heap        ] GC(695) DefNew: 279846K(314560K)->249K(314560K) Eden: 279616K(279616K)->0K(279616K) From: 230K(34944K)->249K(34944K)
[326.558s][info][gc,heap        ] GC(695) Tenured: 6333K(699072K)->6333K(699072K)
[326.558s][info][gc,metaspace   ] GC(695) Metaspace: 16591K(16896K)->16591K(16896K) NonClass: 14261K(14400K)->14261K(14400K) Class: 2330K(2496K)->2330K(2496K)
[326.558s][info][gc             ] GC(695) Pause Young (Allocation Failure) 279M->6M(989M) 0.871ms
[326.558s][info][gc,cpu         ] GC(695) User=0.00s Sys=0.00s Real=0.02s
[326.602s][info][gc,start       ] GC(696) Pause Young (Allocation Failure)
[326.603s][info][gc,heap        ] GC(696) DefNew: 279865K(314560K)->238K(314560K) Eden: 279616K(279616K)->0K(279616K) From: 249K(34944K)->238K(34944K)
[326.603s][info][gc,heap        ] GC(696) Tenured: 6333K(699072K)->6333K(699072K)
[326.603s][info][gc,metaspace   ] GC(696) Metaspace: 16591K(16896K)->16591K(16896K) NonClass: 14261K(14400K)->14261K(14400K) Class: 2330K(2496K)->2330K(2496K)
[326.603s][info][gc             ] GC(696) Pause Young (Allocation Failure) 279M->6M(989M) 0.823ms
[326.603s][info][gc,cpu         ] GC(696) User=0.00s Sys=0.00s Real=0.00s
[326.649s][info][gc,start       ] GC(697) Pause Young (Allocation Failure)
[326.650s][info][gc,heap        ] GC(697) DefNew: 279854K(314560K)->239K(314560K) Eden: 279616K(279616K)->0K(279616K) From: 238K(34944K)->239K(34944K)
[326.650s][info][gc,heap        ] GC(697) Tenured: 6333K(699072K)->6333K(699072K)
[326.650s][info][gc,metaspace   ] GC(697) Metaspace: 16591K(16896K)->16591K(16896K) NonClass: 14261K(14400K)->14261K(14400K) Class: 2330K(2496K)->2330K(2496K)
[326.650s][info][gc             ] GC(697) Pause Young (Allocation Failure) 279M->6M(989M) 0.827ms
[326.650s][info][gc,cpu         ] GC(697) User=0.00s Sys=0.00s Real=0.00s
[326.695s][info][gc,start       ] GC(698) Pause Young (Allocation Failure)
[326.695s][info][gc,heap        ] GC(698) DefNew: 279855K(314560K)->248K(314560K) Eden: 279616K(279616K)->0K(279616K) From: 239K(34944K)->248K(34944K)
[326.695s][info][gc,heap        ] GC(698) Tenured: 6333K(699072K)->6333K(699072K)
[326.695s][info][gc,metaspace   ] GC(698) Metaspace: 16591K(16896K)->16591K(16896K) NonClass: 14261K(14400K)->14261K(14400K) Class: 2330K(2496K)->2330K(2496K)
[326.695s][info][gc             ] GC(698) Pause Young (Allocation Failure) 279M->6M(989M) 0.820ms
[326.695s][info][gc,cpu         ] GC(698) User=0.00s Sys=0.00s Real=0.00s
[326.741s][info][gc,start       ] GC(699) Pause Young (Allocation Failure)
[326.742s][info][gc,heap        ] GC(699) DefNew: 279864K(314560K)->229K(314560K) Eden: 279616K(279616K)->0K(279616K) From: 248K(34944K)->229K(34944K)
[326.742s][info][gc,heap        ] GC(699) Tenured: 6333K(699072K)->6333K(699072K)
[326.742s][info][gc,metaspace   ] GC(699) Metaspace: 16591K(16896K)->16591K(16896K) NonClass: 14261K(14400K)->14261K(14400K) Class: 2330K(2496K)->2330K(2496K)
[326.742s][info][gc             ] GC(699) Pause Young (Allocation Failure) 279M->6M(989M) 0.815ms
[326.742s][info][gc,cpu         ] GC(699) User=0.00s Sys=0.00s Real=0.00s
[326.787s][info][gc,start       ] GC(700) Pause Young (Allocation Failure)
[326.787s][info][gc,heap        ] GC(700) DefNew: 279845K(314560K)->238K(314560K) Eden: 279616K(279616K)->0K(279616K) From: 229K(34944K)->238K(34944K)
[326.787s][info][gc,heap        ] GC(700) Tenured: 6333K(699072K)->6333K(699072K)
[326.787s][info][gc,metaspace   ] GC(700) Metaspace: 16591K(16896K)->16591K(16896K) NonClass: 14261K(14400K)->14261K(14400K) Class: 2330K(2496K)->2330K(2496K)
[326.787s][info][gc             ] GC(700) Pause Young (Allocation Failure) 279M->6M(989M) 0.783ms
[326.787s][info][gc,cpu         ] GC(700) User=0.00s Sys=0.00s Real=0.00s
[326.831s][info][gc,start       ] GC(701) Pause Young (Allocation Failure)
[326.832s][info][gc,heap        ] GC(701) DefNew: 279854K(314560K)->239K(314560K) Eden: 279616K(279616K)->0K(279616K) From: 238K(34944K)->239K(34944K)
[326.832s][info][gc,heap        ] GC(701) Tenured: 6333K(699072K)->6333K(699072K)
[326.832s][info][gc,metaspace   ] GC(701) Metaspace: 16591K(16896K)->16591K(16896K) NonClass: 14261K(14400K)->14261K(14400K) Class: 2330K(2496K)->2330K(2496K)
[326.832s][info][gc             ] GC(701) Pause Young (Allocation Failure) 279M->6M(989M) 0.775ms
[326.832s][info][gc,cpu         ] GC(701) User=0.00s Sys=0.00s Real=0.00s
[326.877s][info][gc,start       ] GC(702) Pause Young (Allocation Failure)
[326.878s][info][gc,heap        ] GC(702) DefNew: 279855K(314560K)->230K(314560K) Eden: 279616K(279616K)->0K(279616K) From: 239K(34944K)->230K(34944K)
[326.878s][info][gc,heap        ] GC(702) Tenured: 6333K(699072K)->6333K(699072K)
[326.878s][info][gc,metaspace   ] GC(702) Metaspace: 16591K(16896K)->16591K(16896K) NonClass: 14261K(14400K)->14261K(14400K) Class: 2330K(2496K)->2330K(2496K)
[326.878s][info][gc             ] GC(702) Pause Young (Allocation Failure) 279M->6M(989M) 0.858ms
[326.878s][info][gc,cpu         ] GC(702) User=0.00s Sys=0.00s Real=0.00s
[326.924s][info][gc,start       ] GC(703) Pause Young (Allocation Failure)
[326.925s][info][gc,heap        ] GC(703) DefNew: 279846K(314560K)->207K(314560K) Eden: 279616K(279616K)->0K(279616K) From: 230K(34944K)->207K(34944K)
[326.925s][info][gc,heap        ] GC(703) Tenured: 6333K(699072K)->6333K(699072K)
[326.925s][info][gc,metaspace   ] GC(703) Metaspace: 16591K(16896K)->16591K(16896K) NonClass: 14261K(14400K)->14261K(14400K) Class: 2330K(2496K)->2330K(2496K)
[326.925s][info][gc             ] GC(703) Pause Young (Allocation Failure) 279M->6M(989M) 0.920ms
[326.925s][info][gc,cpu         ] GC(703) User=0.00s Sys=0.00s Real=0.00s
[327.003s][info][gc,start       ] GC(704) Pause Young (Allocation Failure)
[327.193s][info][gc,heap        ] GC(704) DefNew: 279823K(314560K)->34943K(314560K) Eden: 279616K(279616K)->0K(279616K) From: 207K(34944K)->34943K(34944K)
[327.193s][info][gc,heap        ] GC(704) Tenured: 6333K(699072K)->48540K(699072K)
[327.193s][info][gc,metaspace   ] GC(704) Metaspace: 16591K(16896K)->16591K(16896K) NonClass: 14261K(14400K)->14261K(14400K) Class: 2330K(2496K)->2330K(2496K)
[327.193s][info][gc             ] GC(704) Pause Young (Allocation Failure) 279M->81M(989M) 189.560ms
[327.193s][info][gc,cpu         ] GC(704) User=0.19s Sys=0.00s Real=0.18s
[327.372s][info][gc,start       ] GC(705) Pause Young (Allocation Failure)
[327.962s][info][gc,heap        ] GC(705) DefNew: 314559K(314560K)->34944K(314560K) Eden: 279616K(279616K)->0K(279616K) From: 34943K(34944K)->34944K(34944K)
[327.962s][info][gc,heap        ] GC(705) Tenured: 48540K(699072K)->232724K(699072K)
[327.962s][info][gc,metaspace   ] GC(705) Metaspace: 16591K(16896K)->16591K(16896K) NonClass: 14261K(14400K)->14261K(14400K) Class: 2330K(2496K)->2330K(2496K)
[327.962s][info][gc             ] GC(705) Pause Young (Allocation Failure) 354M->261M(989M) 589.892ms
[327.962s][info][gc,cpu         ] GC(705) User=0.56s Sys=0.00s Real=0.58s
[328.168s][info][gc,start       ] GC(706) Pause Young (Allocation Failure)
[328.719s][info][gc,heap        ] GC(706) DefNew: 314560K(314560K)->34944K(314560K) Eden: 279616K(279616K)->0K(279616K) From: 34944K(34944K)->34944K(34944K)
[328.719s][info][gc,heap        ] GC(706) Tenured: 232724K(699072K)->408082K(699072K)
[328.719s][info][gc,metaspace   ] GC(706) Metaspace: 16591K(16896K)->16591K(16896K) NonClass: 14261K(14400K)->14261K(14400K) Class: 2330K(2496K)->2330K(2496K)
[328.719s][info][gc             ] GC(706) Pause Young (Allocation Failure) 534M->432M(989M) 550.825ms
[328.719s][info][gc,cpu         ] GC(706) User=0.53s Sys=0.00s Real=0.55s
[330.974s][info][gc,start       ] GC(707) Pause Young (Allocation Failure)
[331.351s][info][gc,heap        ] GC(707) DefNew: 314560K(314560K)->34944K(314560K) Eden: 279616K(279616K)->0K(279616K) From: 34944K(34944K)->34944K(34944K)
[331.351s][info][gc,heap        ] GC(707) Tenured: 408082K(699072K)->494858K(699072K)
[331.351s][info][gc,metaspace   ] GC(707) Metaspace: 16591K(16896K)->16591K(16896K) NonClass: 14261K(14400K)->14261K(14400K) Class: 2330K(2496K)->2330K(2496K)
[331.351s][info][gc             ] GC(707) Pause Young (Allocation Failure) 705M->517M(989M) 376.998ms
[331.351s][info][gc,cpu         ] GC(707) User=0.36s Sys=0.00s Real=0.38s
[331.488s][info][gc,start       ] GC(708) Pause Young (Allocation Failure)
[331.488s][info][gc             ] GC(708) Pause Young (Allocation Failure) 790M->790M(989M) 0.144ms
[331.488s][info][gc,cpu         ] GC(708) User=0.00s Sys=0.00s Real=0.00s
[331.488s][info][gc,start       ] GC(709) Pause Full (Allocation Failure)
[331.488s][info][gc,phases,start] GC(709) Phase 1: Mark live objects
[331.720s][info][gc,phases      ] GC(709) Phase 1: Mark live objects 231.896ms
[331.720s][info][gc,phases,start] GC(709) Phase 2: Compute new object addresses
[331.846s][info][gc,phases      ] GC(709) Phase 2: Compute new object addresses 126.314ms
[331.846s][info][gc,phases,start] GC(709) Phase 3: Adjust pointers
[331.965s][info][gc,phases      ] GC(709) Phase 3: Adjust pointers 118.204ms
[331.965s][info][gc,phases,start] GC(709) Phase 4: Move objects
[332.045s][info][gc,phases      ] GC(709) Phase 4: Move objects 80.811ms
[332.046s][info][gc,heap        ] GC(709) DefNew: 314560K(314560K)->0K(314560K) Eden: 279616K(279616K)->0K(279616K) From: 34944K(34944K)->0K(34944K)
[332.046s][info][gc,heap        ] GC(709) Tenured: 494858K(699072K)->210497K(699072K)
[332.046s][info][gc,metaspace   ] GC(709) Metaspace: 16591K(16896K)->16591K(16896K) NonClass: 14261K(14400K)->14261K(14400K) Class: 2330K(2496K)->2330K(2496K)
[332.046s][info][gc             ] GC(709) Pause Full (Allocation Failure) 790M->205M(989M) 557.728ms
[332.046s][info][gc,cpu         ] GC(709) User=0.53s Sys=0.00s Real=0.57s
[332.187s][info][gc,start       ] GC(710) Pause Young (Allocation Failure)
[332.473s][info][gc,heap        ] GC(710) DefNew: 279616K(314560K)->34943K(314560K) Eden: 279616K(279616K)->0K(279616K) From: 0K(34944K)->34943K(34944K)
[332.473s][info][gc,heap        ] GC(710) Tenured: 210497K(699072K)->293183K(699072K)
[332.473s][info][gc,metaspace   ] GC(710) Metaspace: 16591K(16896K)->16591K(16896K) NonClass: 14261K(14400K)->14261K(14400K) Class: 2330K(2496K)->2330K(2496K)
[332.473s][info][gc             ] GC(710) Pause Young (Allocation Failure) 478M->320M(989M) 285.804ms
[332.473s][info][gc,cpu         ] GC(710) User=0.28s Sys=0.00s Real=0.28s
[332.630s][info][gc,start       ] GC(711) Pause Young (Allocation Failure)
[333.089s][info][gc,heap        ] GC(711) DefNew: 314559K(314560K)->34944K(314560K) Eden: 279616K(279616K)->0K(279616K) From: 34943K(34944K)->34944K(34944K)
[333.089s][info][gc,heap        ] GC(711) Tenured: 293183K(699072K)->420389K(699072K)
[333.089s][info][gc,metaspace   ] GC(711) Metaspace: 16591K(16896K)->16591K(16896K) NonClass: 14261K(14400K)->14261K(14400K) Class: 2330K(2496K)->2330K(2496K)
[333.089s][info][gc             ] GC(711) Pause Young (Allocation Failure) 593M->444M(989M) 458.602ms
[333.089s][info][gc,cpu         ] GC(711) User=0.45s Sys=0.00s Real=0.45s
[333.553s][info][gc,start       ] GC(712) Pause Young (Allocation Failure)
[333.763s][info][gc,heap        ] GC(712) DefNew: 314560K(314560K)->27927K(314560K) Eden: 279616K(279616K)->0K(279616K) From: 34944K(34944K)->27927K(34944K)
[333.763s][info][gc,heap        ] GC(712) Tenured: 420389K(699072K)->445422K(699072K)
[333.763s][info][gc,metaspace   ] GC(712) Metaspace: 16591K(16896K)->16591K(16896K) NonClass: 14261K(14400K)->14261K(14400K) Class: 2330K(2496K)->2330K(2496K)
[333.763s][info][gc             ] GC(712) Pause Young (Allocation Failure) 717M->462M(989M) 210.144ms
[333.763s][info][gc,cpu         ] GC(712) User=0.20s Sys=0.00s Real=0.22s
[334.126s][info][gc,start       ] GC(713) Pause Young (Allocation Failure)
[334.164s][info][gc,heap        ] GC(713) DefNew: 307543K(314560K)->221K(314560K) Eden: 279616K(279616K)->0K(279616K) From: 27927K(34944K)->221K(34944K)
[334.164s][info][gc,heap        ] GC(713) Tenured: 445422K(699072K)->448397K(699072K)
[334.164s][info][gc,metaspace   ] GC(713) Metaspace: 16591K(16896K)->16591K(16896K) NonClass: 14261K(14400K)->14261K(14400K) Class: 2330K(2496K)->2330K(2496K)
[334.164s][info][gc             ] GC(713) Pause Young (Allocation Failure) 735M->438M(989M) 38.017ms
[334.164s][info][gc,cpu         ] GC(713) User=0.03s Sys=0.00s Real=0.03s
[334.840s][info][gc,start       ] GC(714) Pause Full (System.gc())
[334.840s][info][gc,phases,start] GC(714) Phase 1: Mark live objects
[334.847s][info][gc,phases      ] GC(714) Phase 1: Mark live objects 6.949ms
[334.847s][info][gc,phases,start] GC(714) Phase 2: Compute new object addresses
[334.928s][info][gc,phases      ] GC(714) Phase 2: Compute new object addresses 80.882ms
[334.928s][info][gc,phases,start] GC(714) Phase 3: Adjust pointers
[334.932s][info][gc,phases      ] GC(714) Phase 3: Adjust pointers 4.024ms
[334.932s][info][gc,phases,start] GC(714) Phase 4: Move objects
[334.932s][info][gc,phases      ] GC(714) Phase 4: Move objects 0.010ms
[334.932s][info][gc,heap        ] GC(714) DefNew: 94962K(314560K)->0K(314560K) Eden: 94741K(279616K)->0K(279616K) From: 221K(34944K)->0K(34944K)
[334.932s][info][gc,heap        ] GC(714) Tenured: 448397K(699072K)->6332K(699072K)
[334.932s][info][gc,metaspace   ] GC(714) Metaspace: 16591K(16896K)->16591K(16896K) NonClass: 14261K(14400K)->14261K(14400K) Class: 2330K(2496K)->2330K(2496K)
[334.932s][info][gc             ] GC(714) Pause Full (System.gc()) 530M->6M(989M) 92.188ms
[334.932s][info][gc,cpu         ] GC(714) User=0.08s Sys=0.00s Real=0.10s
[336.203s][info][gc,start       ] GC(715) Pause Young (Allocation Failure)
[336.204s][info][gc,heap        ] GC(715) DefNew: 279616K(314560K)->244K(314560K) Eden: 279616K(279616K)->0K(279616K) From: 0K(34944K)->244K(34944K)
[336.204s][info][gc,heap        ] GC(715) Tenured: 6332K(699072K)->6332K(699072K)
[336.204s][info][gc,metaspace   ] GC(715) Metaspace: 16591K(16896K)->16591K(16896K) NonClass: 14261K(14400K)->14261K(14400K) Class: 2330K(2496K)->2330K(2496K)
[336.204s][info][gc             ] GC(715) Pause Young (Allocation Failure) 279M->6M(989M) 1.139ms
[336.204s][info][gc,cpu         ] GC(715) User=0.00s Sys=0.00s Real=0.00s
[336.248s][info][gc,start       ] GC(716) Pause Young (Allocation Failure)
[336.249s][info][gc,heap        ] GC(716) DefNew: 279860K(314560K)->256K(314560K) Eden: 279616K(279616K)->0K(279616K) From: 244K(34944K)->256K(34944K)
[336.249s][info][gc,heap        ] GC(716) Tenured: 6332K(699072K)->6332K(699072K)
[336.249s][info][gc,metaspace   ] GC(716) Metaspace: 16591K(16896K)->16591K(16896K) NonClass: 14261K(14400K)->14261K(14400K) Class: 2330K(2496K)->2330K(2496K)
[336.249s][info][gc             ] GC(716) Pause Young (Allocation Failure) 279M->6M(989M) 0.893ms
[336.249s][info][gc,cpu         ] GC(716) User=0.00s Sys=0.00s Real=0.00s
[336.294s][info][gc,start       ] GC(717) Pause Young (Allocation Failure)
[336.295s][info][gc,heap        ] GC(717) DefNew: 279872K(314560K)->235K(314560K) Eden: 279616K(279616K)->0K(279616K) From: 256K(34944K)->235K(34944K)
[336.295s][info][gc,heap        ] GC(717) Tenured: 6332K(699072K)->6332K(699072K)
[336.295s][info][gc,metaspace   ] GC(717) Metaspace: 16591K(16896K)->16591K(16896K) NonClass: 14261K(14400K)->14261K(14400K) Class: 2330K(2496K)->2330K(2496K)
[336.295s][info][gc             ] GC(717) Pause Young (Allocation Failure) 279M->6M(989M) 0.768ms
[336.295s][info][gc,cpu         ] GC(717) User=0.00s Sys=0.00s Real=0.00s
[336.343s][info][gc,start       ] GC(718) Pause Young (Allocation Failure)
[336.344s][info][gc,heap        ] GC(718) DefNew: 279851K(314560K)->240K(314560K) Eden: 279616K(279616K)->0K(279616K) From: 235K(34944K)->240K(34944K)
[336.344s][info][gc,heap        ] GC(718) Tenured: 6332K(699072K)->6332K(699072K)
[336.344s][info][gc,metaspace   ] GC(718) Metaspace: 16591K(16896K)->16591K(16896K) NonClass: 14261K(14400K)->14261K(14400K) Class: 2330K(2496K)->2330K(2496K)
[336.344s][info][gc             ] GC(718) Pause Young (Allocation Failure) 279M->6M(989M) 0.886ms
[336.344s][info][gc,cpu         ] GC(718) User=0.05s Sys=0.00s Real=0.00s
[336.391s][info][gc,start       ] GC(719) Pause Young (Allocation Failure)
[336.392s][info][gc,heap        ] GC(719) DefNew: 279856K(314560K)->250K(314560K) Eden: 279616K(279616K)->0K(279616K) From: 240K(34944K)->250K(34944K)
[336.392s][info][gc,heap        ] GC(719) Tenured: 6332K(699072K)->6332K(699072K)
[336.392s][info][gc,metaspace   ] GC(719) Metaspace: 16591K(16896K)->16591K(16896K) NonClass: 14261K(14400K)->14261K(14400K) Class: 2330K(2496K)->2330K(2496K)
[336.392s][info][gc             ] GC(719) Pause Young (Allocation Failure) 279M->6M(989M) 1.075ms
[336.392s][info][gc,cpu         ] GC(719) User=0.00s Sys=0.00s Real=0.00s
[336.437s][info][gc,start       ] GC(720) Pause Young (Allocation Failure)
[336.438s][info][gc,heap        ] GC(720) DefNew: 279866K(314560K)->246K(314560K) Eden: 279616K(279616K)->0K(279616K) From: 250K(34944K)->246K(34944K)
[336.438s][info][gc,heap        ] GC(720) Tenured: 6332K(699072K)->6332K(699072K)
[336.438s][info][gc,metaspace   ] GC(720) Metaspace: 16591K(16896K)->16591K(16896K) NonClass: 14261K(14400K)->14261K(14400K) Class: 2330K(2496K)->2330K(2496K)
[336.438s][info][gc             ] GC(720) Pause Young (Allocation Failure) 279M->6M(989M) 0.896ms
[336.438s][info][gc,cpu         ] GC(720) User=0.00s Sys=0.00s Real=0.00s
[336.482s][info][gc,start       ] GC(721) Pause Young (Allocation Failure)
[336.482s][info][gc,heap        ] GC(721) DefNew: 279862K(314560K)->240K(314560K) Eden: 279616K(279616K)->0K(279616K) From: 246K(34944K)->240K(34944K)
[336.482s][info][gc,heap        ] GC(721) Tenured: 6332K(699072K)->6332K(699072K)
[336.482s][info][gc,metaspace   ] GC(721) Metaspace: 16591K(16896K)->16591K(16896K) NonClass: 14261K(14400K)->14261K(14400K) Class: 2330K(2496K)->2330K(2496K)
[336.482s][info][gc             ] GC(721) Pause Young (Allocation Failure) 279M->6M(989M) 0.793ms
[336.482s][info][gc,cpu         ] GC(721) User=0.00s Sys=0.00s Real=0.00s
[336.526s][info][gc,start       ] GC(722) Pause Young (Allocation Failure)
[336.527s][info][gc,heap        ] GC(722) DefNew: 279856K(314560K)->243K(314560K) Eden: 279616K(279616K)->0K(279616K) From: 240K(34944K)->243K(34944K)
[336.527s][info][gc,heap        ] GC(722) Tenured: 6332K(699072K)->6332K(699072K)
[336.527s][info][gc,metaspace   ] GC(722) Metaspace: 16591K(16896K)->16591K(16896K) NonClass: 14261K(14400K)->14261K(14400K) Class: 2330K(2496K)->2330K(2496K)
[336.527s][info][gc             ] GC(722) Pause Young (Allocation Failure) 279M->6M(989M) 0.817ms
[336.527s][info][gc,cpu         ] GC(722) User=0.00s Sys=0.00s Real=0.00s
[336.571s][info][gc,start       ] GC(723) Pause Young (Allocation Failure)
[336.572s][info][gc,heap        ] GC(723) DefNew: 279859K(314560K)->256K(314560K) Eden: 279616K(279616K)->0K(279616K) From: 243K(34944K)->256K(34944K)
[336.572s][info][gc,heap        ] GC(723) Tenured: 6332K(699072K)->6332K(699072K)
[336.572s][info][gc,metaspace   ] GC(723) Metaspace: 16591K(16896K)->16591K(16896K) NonClass: 14261K(14400K)->14261K(14400K) Class: 2330K(2496K)->2330K(2496K)
[336.572s][info][gc             ] GC(723) Pause Young (Allocation Failure) 279M->6M(989M) 0.816ms
[336.572s][info][gc,cpu         ] GC(723) User=0.00s Sys=0.00s Real=0.00s
[336.617s][info][gc,start       ] GC(724) Pause Young (Allocation Failure)
[336.617s][info][gc,heap        ] GC(724) DefNew: 279872K(314560K)->206K(314560K) Eden: 279616K(279616K)->0K(279616K) From: 256K(34944K)->206K(34944K)
[336.617s][info][gc,heap        ] GC(724) Tenured: 6332K(699072K)->6332K(699072K)
[336.617s][info][gc,metaspace   ] GC(724) Metaspace: 16591K(16896K)->16591K(16896K) NonClass: 14261K(14400K)->14261K(14400K) Class: 2330K(2496K)->2330K(2496K)
[336.617s][info][gc             ] GC(724) Pause Young (Allocation Failure) 279M->6M(989M) 0.803ms
[336.617s][info][gc,cpu         ] GC(724) User=0.00s Sys=0.00s Real=0.00s
[336.696s][info][gc,start       ] GC(725) Pause Young (Allocation Failure)
[336.885s][info][gc,heap        ] GC(725) DefNew: 279822K(314560K)->34944K(314560K) Eden: 279616K(279616K)->0K(279616K) From: 206K(34944K)->34944K(34944K)
[336.885s][info][gc,heap        ] GC(725) Tenured: 6332K(699072K)->47950K(699072K)
[336.885s][info][gc,metaspace   ] GC(725) Metaspace: 16591K(16896K)->16591K(16896K) NonClass: 14261K(14400K)->14261K(14400K) Class: 2330K(2496K)->2330K(2496K)
[336.885s][info][gc             ] GC(725) Pause Young (Allocation Failure) 279M->80M(989M) 188.711ms
[336.885s][info][gc,cpu         ] GC(725) User=0.20s Sys=0.00s Real=0.19s
[337.058s][info][gc,start       ] GC(726) Pause Young (Allocation Failure)
[337.648s][info][gc,heap        ] GC(726) DefNew: 314560K(314560K)->34943K(314560K) Eden: 279616K(279616K)->0K(279616K) From: 34944K(34944K)->34943K(34944K)
[337.648s][info][gc,heap        ] GC(726) Tenured: 47950K(699072K)->231907K(699072K)
[337.648s][info][gc,metaspace   ] GC(726) Metaspace: 16591K(16896K)->16591K(16896K) NonClass: 14261K(14400K)->14261K(14400K) Class: 2330K(2496K)->2330K(2496K)
[337.648s][info][gc             ] GC(726) Pause Young (Allocation Failure) 354M->260M(989M) 589.835ms
[337.648s][info][gc,cpu         ] GC(726) User=0.56s Sys=0.00s Real=0.60s
[337.848s][info][gc,start       ] GC(727) Pause Young (Allocation Failure)
[338.390s][info][gc,heap        ] GC(727) DefNew: 314559K(314560K)->34944K(314560K) Eden: 279616K(279616K)->0K(279616K) From: 34943K(34944K)->34944K(34944K)
[338.390s][info][gc,heap        ] GC(727) Tenured: 231907K(699072K)->407771K(699072K)
[338.390s][info][gc,metaspace   ] GC(727) Metaspace: 16591K(16896K)->16591K(16896K) NonClass: 14261K(14400K)->14261K(14400K) Class: 2330K(2496K)->2330K(2496K)
[338.390s][info][gc             ] GC(727) Pause Young (Allocation Failure) 533M->432M(989M) 542.213ms
[338.390s][info][gc,cpu         ] GC(727) User=0.55s Sys=0.00s Real=0.53s
[340.662s][info][gc,start       ] GC(728) Pause Young (Allocation Failure)
[341.056s][info][gc,heap        ] GC(728) DefNew: 314560K(314560K)->34944K(314560K) Eden: 279616K(279616K)->0K(279616K) From: 34944K(34944K)->34944K(34944K)
[341.056s][info][gc,heap        ] GC(728) Tenured: 407771K(699072K)->494140K(699072K)
[341.056s][info][gc,metaspace   ] GC(728) Metaspace: 16591K(16896K)->16591K(16896K) NonClass: 14261K(14400K)->14261K(14400K) Class: 2330K(2496K)->2330K(2496K)
[341.056s][info][gc             ] GC(728) Pause Young (Allocation Failure) 705M->516M(989M) 394.601ms
[341.056s][info][gc,cpu         ] GC(728) User=0.34s Sys=0.00s Real=0.41s
[341.193s][info][gc,start       ] GC(729) Pause Young (Allocation Failure)
[341.194s][info][gc             ] GC(729) Pause Young (Allocation Failure) 789M->789M(989M) 0.117ms
[341.194s][info][gc,cpu         ] GC(729) User=0.00s Sys=0.00s Real=0.00s
[341.194s][info][gc,start       ] GC(730) Pause Full (Allocation Failure)
[341.194s][info][gc,phases,start] GC(730) Phase 1: Mark live objects
[341.439s][info][gc,phases      ] GC(730) Phase 1: Mark live objects 245.215ms
[341.439s][info][gc,phases,start] GC(730) Phase 2: Compute new object addresses
[341.564s][info][gc,phases      ] GC(730) Phase 2: Compute new object addresses 124.986ms
[341.564s][info][gc,phases,start] GC(730) Phase 3: Adjust pointers
[341.690s][info][gc,phases      ] GC(730) Phase 3: Adjust pointers 125.806ms
[341.690s][info][gc,phases,start] GC(730) Phase 4: Move objects
[341.771s][info][gc,phases      ] GC(730) Phase 4: Move objects 81.219ms
[341.771s][info][gc,heap        ] GC(730) DefNew: 314560K(314560K)->0K(314560K) Eden: 279616K(279616K)->0K(279616K) From: 34944K(34944K)->0K(34944K)
[341.771s][info][gc,heap        ] GC(730) Tenured: 494140K(699072K)->210066K(699072K)
[341.771s][info][gc,metaspace   ] GC(730) Metaspace: 16591K(16896K)->16591K(16896K) NonClass: 14261K(14400K)->14261K(14400K) Class: 2330K(2496K)->2330K(2496K)
[341.771s][info][gc             ] GC(730) Pause Full (Allocation Failure) 789M->205M(989M) 577.683ms
[341.771s][info][gc,cpu         ] GC(730) User=0.53s Sys=0.00s Real=0.58s
[341.913s][info][gc,start       ] GC(731) Pause Young (Allocation Failure)
[342.198s][info][gc,heap        ] GC(731) DefNew: 279616K(314560K)->34944K(314560K) Eden: 279616K(279616K)->0K(279616K) From: 0K(34944K)->34944K(34944K)
[342.198s][info][gc,heap        ] GC(731) Tenured: 210066K(699072K)->292754K(699072K)
[342.198s][info][gc,metaspace   ] GC(731) Metaspace: 16591K(16896K)->16591K(16896K) NonClass: 14261K(14400K)->14261K(14400K) Class: 2330K(2496K)->2330K(2496K)
[342.198s][info][gc             ] GC(731) Pause Young (Allocation Failure) 478M->320M(989M) 285.428ms
[342.198s][info][gc,cpu         ] GC(731) User=0.30s Sys=0.00s Real=0.28s
[342.360s][info][gc,start       ] GC(732) Pause Young (Allocation Failure)
[342.815s][info][gc,heap        ] GC(732) DefNew: 314560K(314560K)->34944K(314560K) Eden: 279616K(279616K)->0K(279616K) From: 34944K(34944K)->34944K(34944K)
[342.815s][info][gc,heap        ] GC(732) Tenured: 292754K(699072K)->419462K(699072K)
[342.815s][info][gc,metaspace   ] GC(732) Metaspace: 16591K(16896K)->16591K(16896K) NonClass: 14261K(14400K)->14261K(14400K) Class: 2330K(2496K)->2330K(2496K)
[342.815s][info][gc             ] GC(732) Pause Young (Allocation Failure) 593M->443M(989M) 454.406ms
[342.815s][info][gc,cpu         ] GC(732) User=0.44s Sys=0.00s Real=0.45s
[343.290s][info][gc,start       ] GC(733) Pause Young (Allocation Failure)
[343.503s][info][gc,heap        ] GC(733) DefNew: 314560K(314560K)->28665K(314560K) Eden: 279616K(279616K)->0K(279616K) From: 34944K(34944K)->28665K(34944K)
[343.503s][info][gc,heap        ] GC(733) Tenured: 419462K(699072K)->444541K(699072K)
[343.503s][info][gc,metaspace   ] GC(733) Metaspace: 16591K(16896K)->16591K(16896K) NonClass: 14261K(14400K)->14261K(14400K) Class: 2330K(2496K)->2330K(2496K)
[343.503s][info][gc             ] GC(733) Pause Young (Allocation Failure) 716M->462M(989M) 213.600ms
[343.503s][info][gc,cpu         ] GC(733) User=0.20s Sys=0.00s Real=0.22s
[343.867s][info][gc,start       ] GC(734) Pause Young (Allocation Failure)
[343.908s][info][gc,heap        ] GC(734) DefNew: 308281K(314560K)->254K(314560K) Eden: 279616K(279616K)->0K(279616K) From: 28665K(34944K)->254K(34944K)
[343.908s][info][gc,heap        ] GC(734) Tenured: 444541K(699072K)->447621K(699072K)
[343.908s][info][gc,metaspace   ] GC(734) Metaspace: 16591K(16896K)->16591K(16896K) NonClass: 14261K(14400K)->14261K(14400K) Class: 2330K(2496K)->2330K(2496K)
[343.908s][info][gc             ] GC(734) Pause Young (Allocation Failure) 735M->437M(989M) 40.994ms
[343.908s][info][gc,cpu         ] GC(734) User=0.03s Sys=0.00s Real=0.03s
[344.593s][info][gc,start       ] GC(735) Pause Full (System.gc())
[344.593s][info][gc,phases,start] GC(735) Phase 1: Mark live objects
[344.600s][info][gc,phases      ] GC(735) Phase 1: Mark live objects 7.002ms
[344.600s][info][gc,phases,start] GC(735) Phase 2: Compute new object addresses
[344.681s][info][gc,phases      ] GC(735) Phase 2: Compute new object addresses 81.319ms
[344.681s][info][gc,phases,start] GC(735) Phase 3: Adjust pointers
[344.685s][info][gc,phases      ] GC(735) Phase 3: Adjust pointers 4.042ms
[344.686s][info][gc,phases,start] GC(735) Phase 4: Move objects
[344.686s][info][gc,phases      ] GC(735) Phase 4: Move objects 0.010ms
[344.686s][info][gc,heap        ] GC(735) DefNew: 96616K(314560K)->0K(314560K) Eden: 96362K(279616K)->0K(279616K) From: 254K(34944K)->0K(34944K)
[344.686s][info][gc,heap        ] GC(735) Tenured: 447621K(699072K)->6333K(699072K)
[344.686s][info][gc,metaspace   ] GC(735) Metaspace: 16591K(16896K)->16591K(16896K) NonClass: 14261K(14400K)->14261K(14400K) Class: 2330K(2496K)->2330K(2496K)
[344.686s][info][gc             ] GC(735) Pause Full (System.gc()) 531M->6M(989M) 92.735ms
[344.686s][info][gc,cpu         ] GC(735) User=0.08s Sys=0.00s Real=0.09s
[345.955s][info][gc,start       ] GC(736) Pause Young (Allocation Failure)
[345.956s][info][gc,heap        ] GC(736) DefNew: 279616K(314560K)->241K(314560K) Eden: 279616K(279616K)->0K(279616K) From: 0K(34944K)->241K(34944K)
[345.956s][info][gc,heap        ] GC(736) Tenured: 6333K(699072K)->6333K(699072K)
[345.956s][info][gc,metaspace   ] GC(736) Metaspace: 16594K(16896K)->16594K(16896K) NonClass: 14263K(14400K)->14263K(14400K) Class: 2330K(2496K)->2330K(2496K)
[345.956s][info][gc             ] GC(736) Pause Young (Allocation Failure) 279M->6M(989M) 1.039ms
[345.956s][info][gc,cpu         ] GC(736) User=0.00s Sys=0.00s Real=0.00s
[346.000s][info][gc,start       ] GC(737) Pause Young (Allocation Failure)
[346.001s][info][gc,heap        ] GC(737) DefNew: 279857K(314560K)->252K(314560K) Eden: 279616K(279616K)->0K(279616K) From: 241K(34944K)->252K(34944K)
[346.001s][info][gc,heap        ] GC(737) Tenured: 6333K(699072K)->6333K(699072K)
[346.001s][info][gc,metaspace   ] GC(737) Metaspace: 16594K(16896K)->16594K(16896K) NonClass: 14263K(14400K)->14263K(14400K) Class: 2330K(2496K)->2330K(2496K)
[346.001s][info][gc             ] GC(737) Pause Young (Allocation Failure) 279M->6M(989M) 0.971ms
[346.001s][info][gc,cpu         ] GC(737) User=0.00s Sys=0.00s Real=0.00s
[346.045s][info][gc,start       ] GC(738) Pause Young (Allocation Failure)
[346.046s][info][gc,heap        ] GC(738) DefNew: 279868K(314560K)->248K(314560K) Eden: 279616K(279616K)->0K(279616K) From: 252K(34944K)->248K(34944K)
[346.046s][info][gc,heap        ] GC(738) Tenured: 6333K(699072K)->6333K(699072K)
[346.046s][info][gc,metaspace   ] GC(738) Metaspace: 16594K(16896K)->16594K(16896K) NonClass: 14263K(14400K)->14263K(14400K) Class: 2330K(2496K)->2330K(2496K)
[346.046s][info][gc             ] GC(738) Pause Young (Allocation Failure) 279M->6M(989M) 0.943ms
[346.046s][info][gc,cpu         ] GC(738) User=0.00s Sys=0.00s Real=0.01s
[346.090s][info][gc,start       ] GC(739) Pause Young (Allocation Failure)
[346.091s][info][gc,heap        ] GC(739) DefNew: 279864K(314560K)->229K(314560K) Eden: 279616K(279616K)->0K(279616K) From: 248K(34944K)->229K(34944K)
[346.091s][info][gc,heap        ] GC(739) Tenured: 6333K(699072K)->6333K(699072K)
[346.091s][info][gc,metaspace   ] GC(739) Metaspace: 16594K(16896K)->16594K(16896K) NonClass: 14263K(14400K)->14263K(14400K) Class: 2330K(2496K)->2330K(2496K)
[346.091s][info][gc             ] GC(739) Pause Young (Allocation Failure) 279M->6M(989M) 0.899ms
[346.091s][info][gc,cpu         ] GC(739) User=0.00s Sys=0.00s Real=0.00s
[346.135s][info][gc,start       ] GC(740) Pause Young (Allocation Failure)
[346.136s][info][gc,heap        ] GC(740) DefNew: 279845K(314560K)->238K(314560K) Eden: 279616K(279616K)->0K(279616K) From: 229K(34944K)->238K(34944K)
[346.136s][info][gc,heap        ] GC(740) Tenured: 6333K(699072K)->6333K(699072K)
[346.136s][info][gc,metaspace   ] GC(740) Metaspace: 16594K(16896K)->16594K(16896K) NonClass: 14263K(14400K)->14263K(14400K) Class: 2330K(2496K)->2330K(2496K)
[346.136s][info][gc             ] GC(740) Pause Young (Allocation Failure) 279M->6M(989M) 0.843ms
[346.136s][info][gc,cpu         ] GC(740) User=0.02s Sys=0.00s Real=0.00s
[346.179s][info][gc,start       ] GC(741) Pause Young (Allocation Failure)
[346.180s][info][gc,heap        ] GC(741) DefNew: 279854K(314560K)->229K(314560K) Eden: 279616K(279616K)->0K(279616K) From: 238K(34944K)->229K(34944K)
[346.180s][info][gc,heap        ] GC(741) Tenured: 6333K(699072K)->6333K(699072K)
[346.180s][info][gc,metaspace   ] GC(741) Metaspace: 16594K(16896K)->16594K(16896K) NonClass: 14263K(14400K)->14263K(14400K) Class: 2330K(2496K)->2330K(2496K)
[346.180s][info][gc             ] GC(741) Pause Young (Allocation Failure) 279M->6M(989M) 0.915ms
[346.180s][info][gc,cpu         ] GC(741) User=0.00s Sys=0.00s Real=0.00s
[346.226s][info][gc,start       ] GC(742) Pause Young (Allocation Failure)
[346.226s][info][gc,heap        ] GC(742) DefNew: 279845K(314560K)->225K(314560K) Eden: 279616K(279616K)->0K(279616K) From: 229K(34944K)->225K(34944K)
[346.226s][info][gc,heap        ] GC(742) Tenured: 6333K(699072K)->6333K(699072K)
[346.226s][info][gc,metaspace   ] GC(742) Metaspace: 16594K(16896K)->16594K(16896K) NonClass: 14263K(14400K)->14263K(14400K) Class: 2330K(2496K)->2330K(2496K)
[346.226s][info][gc             ] GC(742) Pause Young (Allocation Failure) 279M->6M(989M) 0.897ms
[346.226s][info][gc,cpu         ] GC(742) User=0.00s Sys=0.00s Real=0.00s
[346.272s][info][gc,start       ] GC(743) Pause Young (Allocation Failure)
[346.273s][info][gc,heap        ] GC(743) DefNew: 279841K(314560K)->250K(314560K) Eden: 279616K(279616K)->0K(279616K) From: 225K(34944K)->250K(34944K)
[346.273s][info][gc,heap        ] GC(743) Tenured: 6333K(699072K)->6333K(699072K)
[346.273s][info][gc,metaspace   ] GC(743) Metaspace: 16594K(16896K)->16594K(16896K) NonClass: 14263K(14400K)->14263K(14400K) Class: 2330K(2496K)->2330K(2496K)
[346.273s][info][gc             ] GC(743) Pause Young (Allocation Failure) 279M->6M(989M) 0.838ms
[346.273s][info][gc,cpu         ] GC(743) User=0.00s Sys=0.00s Real=0.00s
[346.318s][info][gc,start       ] GC(744) Pause Young (Allocation Failure)
[346.319s][info][gc,heap        ] GC(744) DefNew: 279866K(314560K)->221K(314560K) Eden: 279616K(279616K)->0K(279616K) From: 250K(34944K)->221K(34944K)
[346.319s][info][gc,heap        ] GC(744) Tenured: 6333K(699072K)->6333K(699072K)
[346.319s][info][gc,metaspace   ] GC(744) Metaspace: 16594K(16896K)->16594K(16896K) NonClass: 14263K(14400K)->14263K(14400K) Class: 2330K(2496K)->2330K(2496K)
[346.319s][info][gc             ] GC(744) Pause Young (Allocation Failure) 279M->6M(989M) 1.068ms
[346.319s][info][gc,cpu         ] GC(744) User=0.00s Sys=0.00s Real=0.00s
[346.368s][info][gc,start       ] GC(745) Pause Young (Allocation Failure)
[346.369s][info][gc,heap        ] GC(745) DefNew: 279837K(314560K)->210K(314560K) Eden: 279616K(279616K)->0K(279616K) From: 221K(34944K)->210K(34944K)
[346.369s][info][gc,heap        ] GC(745) Tenured: 6333K(699072K)->6333K(699072K)
[346.369s][info][gc,metaspace   ] GC(745) Metaspace: 16594K(16896K)->16594K(16896K) NonClass: 14263K(14400K)->14263K(14400K) Class: 2330K(2496K)->2330K(2496K)
[346.369s][info][gc             ] GC(745) Pause Young (Allocation Failure) 279M->6M(989M) 0.772ms
[346.369s][info][gc,cpu         ] GC(745) User=0.00s Sys=0.00s Real=0.00s
[346.451s][info][gc,start       ] GC(746) Pause Young (Allocation Failure)
[346.651s][info][gc,heap        ] GC(746) DefNew: 279826K(314560K)->34943K(314560K) Eden: 279616K(279616K)->0K(279616K) From: 210K(34944K)->34943K(34944K)
[346.651s][info][gc,heap        ] GC(746) Tenured: 6333K(699072K)->51990K(699072K)
[346.651s][info][gc,metaspace   ] GC(746) Metaspace: 16594K(16896K)->16594K(16896K) NonClass: 14263K(14400K)->14263K(14400K) Class: 2330K(2496K)->2330K(2496K)
[346.651s][info][gc             ] GC(746) Pause Young (Allocation Failure) 279M->84M(989M) 199.708ms
[346.651s][info][gc,cpu         ] GC(746) User=0.19s Sys=0.00s Real=0.19s
[346.821s][info][gc,start       ] GC(747) Pause Young (Allocation Failure)
[347.428s][info][gc,heap        ] GC(747) DefNew: 314559K(314560K)->34944K(314560K) Eden: 279616K(279616K)->0K(279616K) From: 34943K(34944K)->34944K(34944K)
[347.428s][info][gc,heap        ] GC(747) Tenured: 51990K(699072K)->236484K(699072K)
[347.428s][info][gc,metaspace   ] GC(747) Metaspace: 16594K(16896K)->16594K(16896K) NonClass: 14263K(14400K)->14263K(14400K) Class: 2330K(2496K)->2330K(2496K)
[347.428s][info][gc             ] GC(747) Pause Young (Allocation Failure) 357M->265M(989M) 606.950ms
[347.428s][info][gc,cpu         ] GC(747) User=0.59s Sys=0.00s Real=0.61s
[347.634s][info][gc,start       ] GC(748) Pause Young (Allocation Failure)
[348.170s][info][gc,heap        ] GC(748) DefNew: 314560K(314560K)->34943K(314560K) Eden: 279616K(279616K)->0K(279616K) From: 34944K(34944K)->34943K(34944K)
[348.170s][info][gc,heap        ] GC(748) Tenured: 236484K(699072K)->407781K(699072K)
[348.170s][info][gc,metaspace   ] GC(748) Metaspace: 16594K(16896K)->16594K(16896K) NonClass: 14263K(14400K)->14263K(14400K) Class: 2330K(2496K)->2330K(2496K)
[348.170s][info][gc             ] GC(748) Pause Young (Allocation Failure) 538M->432M(989M) 536.130ms
[348.170s][info][gc,cpu         ] GC(748) User=0.48s Sys=0.00s Real=0.53s
[350.813s][info][gc,start       ] GC(749) Pause Young (Allocation Failure)
[351.191s][info][gc,heap        ] GC(749) DefNew: 314559K(314560K)->34944K(314560K) Eden: 279616K(279616K)->0K(279616K) From: 34943K(34944K)->34944K(34944K)
[351.191s][info][gc,heap        ] GC(749) Tenured: 407781K(699072K)->495954K(699072K)
[351.191s][info][gc,metaspace   ] GC(749) Metaspace: 16594K(16896K)->16594K(16896K) NonClass: 14263K(14400K)->14263K(14400K) Class: 2330K(2496K)->2330K(2496K)
[351.191s][info][gc             ] GC(749) Pause Young (Allocation Failure) 705M->518M(989M) 378.257ms
[351.191s][info][gc,cpu         ] GC(749) User=0.36s Sys=0.00s Real=0.38s
[351.330s][info][gc,start       ] GC(750) Pause Young (Allocation Failure)
[351.330s][info][gc             ] GC(750) Pause Young (Allocation Failure) 791M->791M(989M) 0.116ms
[351.330s][info][gc,cpu         ] GC(750) User=0.00s Sys=0.00s Real=0.00s
[351.330s][info][gc,start       ] GC(751) Pause Full (Allocation Failure)
[351.330s][info][gc,phases,start] GC(751) Phase 1: Mark live objects
[351.565s][info][gc,phases      ] GC(751) Phase 1: Mark live objects 235.039ms
[351.565s][info][gc,phases,start] GC(751) Phase 2: Compute new object addresses
[351.692s][info][gc,phases      ] GC(751) Phase 2: Compute new object addresses 126.685ms
[351.692s][info][gc,phases,start] GC(751) Phase 3: Adjust pointers
[351.811s][info][gc,phases      ] GC(751) Phase 3: Adjust pointers 118.859ms
[351.811s][info][gc,phases,start] GC(751) Phase 4: Move objects
[351.893s][info][gc,phases      ] GC(751) Phase 4: Move objects 81.650ms
[351.893s][info][gc,heap        ] GC(751) DefNew: 314560K(314560K)->0K(314560K) Eden: 279616K(279616K)->0K(279616K) From: 34944K(34944K)->0K(34944K)
[351.893s][info][gc,heap        ] GC(751) Tenured: 495954K(699072K)->211728K(699072K)
[351.893s][info][gc,metaspace   ] GC(751) Metaspace: 16594K(16896K)->16594K(16896K) NonClass: 14263K(14400K)->14263K(14400K) Class: 2330K(2496K)->2330K(2496K)
[351.893s][info][gc             ] GC(751) Pause Full (Allocation Failure) 791M->206M(989M) 562.707ms
[351.893s][info][gc,cpu         ] GC(751) User=0.53s Sys=0.00s Real=0.57s
[352.035s][info][gc,start       ] GC(752) Pause Young (Allocation Failure)
[352.321s][info][gc,heap        ] GC(752) DefNew: 279616K(314560K)->34944K(314560K) Eden: 279616K(279616K)->0K(279616K) From: 0K(34944K)->34944K(34944K)
[352.321s][info][gc,heap        ] GC(752) Tenured: 211728K(699072K)->294412K(699072K)
[352.321s][info][gc,metaspace   ] GC(752) Metaspace: 16594K(16896K)->16594K(16896K) NonClass: 14263K(14400K)->14263K(14400K) Class: 2330K(2496K)->2330K(2496K)
[352.321s][info][gc             ] GC(752) Pause Young (Allocation Failure) 479M->321M(989M) 286.044ms
[352.321s][info][gc,cpu         ] GC(752) User=0.28s Sys=0.00s Real=0.28s
[352.480s][info][gc,start       ] GC(753) Pause Young (Allocation Failure)
[352.948s][info][gc,heap        ] GC(753) DefNew: 314560K(314560K)->34943K(314560K) Eden: 279616K(279616K)->0K(279616K) From: 34944K(34944K)->34943K(34944K)
[352.948s][info][gc,heap        ] GC(753) Tenured: 294412K(699072K)->422496K(699072K)
[352.948s][info][gc,metaspace   ] GC(753) Metaspace: 16594K(16896K)->16594K(16896K) NonClass: 14263K(14400K)->14263K(14400K) Class: 2330K(2496K)->2330K(2496K)
[352.948s][info][gc             ] GC(753) Pause Young (Allocation Failure) 594M->446M(989M) 467.736ms
[352.948s][info][gc,cpu         ] GC(753) User=0.45s Sys=0.00s Real=0.47s
[353.410s][info][gc,start       ] GC(754) Pause Young (Allocation Failure)
[353.614s][info][gc,heap        ] GC(754) DefNew: 314559K(314560K)->25814K(314560K) Eden: 279616K(279616K)->0K(279616K) From: 34943K(34944K)->25814K(34944K)
[353.614s][info][gc,heap        ] GC(754) Tenured: 422496K(699072K)->447395K(699072K)
[353.614s][info][gc,metaspace   ] GC(754) Metaspace: 16594K(16896K)->16594K(16896K) NonClass: 14263K(14400K)->14263K(14400K) Class: 2330K(2496K)->2330K(2496K)
[353.615s][info][gc             ] GC(754) Pause Young (Allocation Failure) 719M->462M(989M) 204.089ms
[353.615s][info][gc,cpu         ] GC(754) User=0.20s Sys=0.00s Real=0.21s
[353.977s][info][gc,start       ] GC(755) Pause Young (Allocation Failure)
[354.005s][info][gc,heap        ] GC(755) DefNew: 305430K(314560K)->136K(314560K) Eden: 279616K(279616K)->0K(279616K) From: 25814K(34944K)->136K(34944K)
[354.006s][info][gc,heap        ] GC(755) Tenured: 447395K(699072K)->450064K(699072K)
[354.006s][info][gc,metaspace   ] GC(755) Metaspace: 16594K(16896K)->16594K(16896K) NonClass: 14263K(14400K)->14263K(14400K) Class: 2330K(2496K)->2330K(2496K)
[354.006s][info][gc             ] GC(755) Pause Young (Allocation Failure) 735M->439M(989M) 28.950ms
[354.006s][info][gc,cpu         ] GC(755) User=0.02s Sys=0.00s Real=0.03s
[354.686s][info][gc,start       ] GC(756) Pause Full (System.gc())
[354.686s][info][gc,phases,start] GC(756) Phase 1: Mark live objects
[354.693s][info][gc,phases      ] GC(756) Phase 1: Mark live objects 6.892ms
[354.693s][info][gc,phases,start] GC(756) Phase 2: Compute new object addresses
[354.774s][info][gc,phases      ] GC(756) Phase 2: Compute new object addresses 81.046ms
[354.774s][info][gc,phases,start] GC(756) Phase 3: Adjust pointers
[354.778s][info][gc,phases      ] GC(756) Phase 3: Adjust pointers 4.089ms
[354.778s][info][gc,phases,start] GC(756) Phase 4: Move objects
[354.778s][info][gc,phases      ] GC(756) Phase 4: Move objects 0.010ms
[354.778s][info][gc,heap        ] GC(756) DefNew: 90316K(314560K)->0K(314560K) Eden: 90179K(279616K)->0K(279616K) From: 136K(34944K)->0K(34944K)
[354.778s][info][gc,heap        ] GC(756) Tenured: 450064K(699072K)->6332K(699072K)
[354.778s][info][gc,metaspace   ] GC(756) Metaspace: 16594K(16896K)->16594K(16896K) NonClass: 14263K(14400K)->14263K(14400K) Class: 2330K(2496K)->2330K(2496K)
[354.778s][info][gc             ] GC(756) Pause Full (System.gc()) 527M->6M(989M) 92.367ms
[354.778s][info][gc,cpu         ] GC(756) User=0.08s Sys=0.00s Real=0.09s
[356.055s][info][gc,start       ] GC(757) Pause Young (Allocation Failure)
[356.056s][info][gc,heap        ] GC(757) DefNew: 279616K(314560K)->251K(314560K) Eden: 279616K(279616K)->0K(279616K) From: 0K(34944K)->251K(34944K)
[356.056s][info][gc,heap        ] GC(757) Tenured: 6332K(699072K)->6332K(699072K)
[356.056s][info][gc,metaspace   ] GC(757) Metaspace: 16594K(16896K)->16594K(16896K) NonClass: 14264K(14400K)->14264K(14400K) Class: 2330K(2496K)->2330K(2496K)
[356.056s][info][gc             ] GC(757) Pause Young (Allocation Failure) 279M->6M(989M) 1.100ms
[356.056s][info][gc,cpu         ] GC(757) User=0.00s Sys=0.00s Real=0.00s
[356.101s][info][gc,start       ] GC(758) Pause Young (Allocation Failure)
[356.102s][info][gc,heap        ] GC(758) DefNew: 279867K(314560K)->257K(314560K) Eden: 279616K(279616K)->0K(279616K) From: 251K(34944K)->257K(34944K)
[356.102s][info][gc,heap        ] GC(758) Tenured: 6332K(699072K)->6332K(699072K)
[356.102s][info][gc,metaspace   ] GC(758) Metaspace: 16594K(16896K)->16594K(16896K) NonClass: 14264K(14400K)->14264K(14400K) Class: 2330K(2496K)->2330K(2496K)
[356.102s][info][gc             ] GC(758) Pause Young (Allocation Failure) 279M->6M(989M) 0.861ms
[356.102s][info][gc,cpu         ] GC(758) User=0.00s Sys=0.00s Real=0.00s
[356.147s][info][gc,start       ] GC(759) Pause Young (Allocation Failure)
[356.148s][info][gc,heap        ] GC(759) DefNew: 279873K(314560K)->236K(314560K) Eden: 279616K(279616K)->0K(279616K) From: 257K(34944K)->236K(34944K)
[356.148s][info][gc,heap        ] GC(759) Tenured: 6332K(699072K)->6332K(699072K)
[356.148s][info][gc,metaspace   ] GC(759) Metaspace: 16594K(16896K)->16594K(16896K) NonClass: 14264K(14400K)->14264K(14400K) Class: 2330K(2496K)->2330K(2496K)
[356.148s][info][gc             ] GC(759) Pause Young (Allocation Failure) 279M->6M(989M) 0.803ms
[356.148s][info][gc,cpu         ] GC(759) User=0.00s Sys=0.00s Real=0.00s
[356.193s][info][gc,start       ] GC(760) Pause Young (Allocation Failure)
[356.194s][info][gc,heap        ] GC(760) DefNew: 279852K(314560K)->252K(314560K) Eden: 279616K(279616K)->0K(279616K) From: 236K(34944K)->252K(34944K)
[356.194s][info][gc,heap        ] GC(760) Tenured: 6332K(699072K)->6332K(699072K)
[356.194s][info][gc,metaspace   ] GC(760) Metaspace: 16594K(16896K)->16594K(16896K) NonClass: 14264K(14400K)->14264K(14400K) Class: 2330K(2496K)->2330K(2496K)
[356.194s][info][gc             ] GC(760) Pause Young (Allocation Failure) 279M->6M(989M) 0.917ms
[356.194s][info][gc,cpu         ] GC(760) User=0.00s Sys=0.00s Real=0.00s
[356.238s][info][gc,start       ] GC(761) Pause Young (Allocation Failure)
[356.239s][info][gc,heap        ] GC(761) DefNew: 279868K(314560K)->256K(314560K) Eden: 279616K(279616K)->0K(279616K) From: 252K(34944K)->256K(34944K)
[356.239s][info][gc,heap        ] GC(761) Tenured: 6332K(699072K)->6332K(699072K)
[356.239s][info][gc,metaspace   ] GC(761) Metaspace: 16594K(16896K)->16594K(16896K) NonClass: 14264K(14400K)->14264K(14400K) Class: 2330K(2496K)->2330K(2496K)
[356.239s][info][gc             ] GC(761) Pause Young (Allocation Failure) 279M->6M(989M) 1.026ms
[356.239s][info][gc,cpu         ] GC(761) User=0.00s Sys=0.00s Real=0.00s
[356.285s][info][gc,start       ] GC(762) Pause Young (Allocation Failure)
[356.285s][info][gc,heap        ] GC(762) DefNew: 279872K(314560K)->247K(314560K) Eden: 279616K(279616K)->0K(279616K) From: 256K(34944K)->247K(34944K)
[356.285s][info][gc,heap        ] GC(762) Tenured: 6332K(699072K)->6332K(699072K)
[356.285s][info][gc,metaspace   ] GC(762) Metaspace: 16594K(16896K)->16594K(16896K) NonClass: 14264K(14400K)->14264K(14400K) Class: 2330K(2496K)->2330K(2496K)
[356.285s][info][gc             ] GC(762) Pause Young (Allocation Failure) 279M->6M(989M) 0.827ms
[356.285s][info][gc,cpu         ] GC(762) User=0.00s Sys=0.00s Real=0.00s
[356.330s][info][gc,start       ] GC(763) Pause Young (Allocation Failure)
[356.331s][info][gc,heap        ] GC(763) DefNew: 279863K(314560K)->250K(314560K) Eden: 279616K(279616K)->0K(279616K) From: 247K(34944K)->250K(34944K)
[356.331s][info][gc,heap        ] GC(763) Tenured: 6332K(699072K)->6332K(699072K)
[356.331s][info][gc,metaspace   ] GC(763) Metaspace: 16594K(16896K)->16594K(16896K) NonClass: 14264K(14400K)->14264K(14400K) Class: 2330K(2496K)->2330K(2496K)
[356.331s][info][gc             ] GC(763) Pause Young (Allocation Failure) 279M->6M(989M) 1.119ms
[356.331s][info][gc,cpu         ] GC(763) User=0.00s Sys=0.00s Real=0.00s
[356.380s][info][gc,start       ] GC(764) Pause Young (Allocation Failure)
[356.381s][info][gc,heap        ] GC(764) DefNew: 279866K(314560K)->237K(314560K) Eden: 279616K(279616K)->0K(279616K) From: 250K(34944K)->237K(34944K)
[356.381s][info][gc,heap        ] GC(764) Tenured: 6332K(699072K)->6332K(699072K)
[356.381s][info][gc,metaspace   ] GC(764) Metaspace: 16594K(16896K)->16594K(16896K) NonClass: 14264K(14400K)->14264K(14400K) Class: 2330K(2496K)->2330K(2496K)
[356.381s][info][gc             ] GC(764) Pause Young (Allocation Failure) 279M->6M(989M) 1.020ms
[356.381s][info][gc,cpu         ] GC(764) User=0.00s Sys=0.00s Real=0.02s
[356.426s][info][gc,start       ] GC(765) Pause Young (Allocation Failure)
[356.426s][info][gc,heap        ] GC(765) DefNew: 279853K(314560K)->242K(314560K) Eden: 279616K(279616K)->0K(279616K) From: 237K(34944K)->242K(34944K)
[356.426s][info][gc,heap        ] GC(765) Tenured: 6332K(699072K)->6332K(699072K)
[356.426s][info][gc,metaspace   ] GC(765) Metaspace: 16594K(16896K)->16594K(16896K) NonClass: 14264K(14400K)->14264K(14400K) Class: 2330K(2496K)->2330K(2496K)
[356.426s][info][gc             ] GC(765) Pause Young (Allocation Failure) 279M->6M(989M) 0.828ms
[356.426s][info][gc,cpu         ] GC(765) User=0.00s Sys=0.00s Real=0.00s
[356.471s][info][gc,start       ] GC(766) Pause Young (Allocation Failure)
[356.472s][info][gc,heap        ] GC(766) DefNew: 279858K(314560K)->223K(314560K) Eden: 279616K(279616K)->0K(279616K) From: 242K(34944K)->223K(34944K)
[356.472s][info][gc,heap        ] GC(766) Tenured: 6332K(699072K)->6332K(699072K)
[356.472s][info][gc,metaspace   ] GC(766) Metaspace: 16594K(16896K)->16594K(16896K) NonClass: 14264K(14400K)->14264K(14400K) Class: 2330K(2496K)->2330K(2496K)
[356.472s][info][gc             ] GC(766) Pause Young (Allocation Failure) 279M->6M(989M) 0.858ms
[356.472s][info][gc,cpu         ] GC(766) User=0.00s Sys=0.00s Real=0.00s
[356.556s][info][gc,start       ] GC(767) Pause Young (Allocation Failure)
[356.743s][info][gc,heap        ] GC(767) DefNew: 279839K(314560K)->34944K(314560K) Eden: 279616K(279616K)->0K(279616K) From: 223K(34944K)->34944K(34944K)
[356.743s][info][gc,heap        ] GC(767) Tenured: 6332K(699072K)->47171K(699072K)
[356.743s][info][gc,metaspace   ] GC(767) Metaspace: 16594K(16896K)->16594K(16896K) NonClass: 14264K(14400K)->14264K(14400K) Class: 2330K(2496K)->2330K(2496K)
[356.743s][info][gc             ] GC(767) Pause Young (Allocation Failure) 279M->80M(989M) 186.325ms
[356.743s][info][gc,cpu         ] GC(767) User=0.17s Sys=0.00s Real=0.18s
[356.913s][info][gc,start       ] GC(768) Pause Young (Allocation Failure)
[357.516s][info][gc,heap        ] GC(768) DefNew: 314560K(314560K)->34944K(314560K) Eden: 279616K(279616K)->0K(279616K) From: 34944K(34944K)->34944K(34944K)
[357.516s][info][gc,heap        ] GC(768) Tenured: 47171K(699072K)->231316K(699072K)
[357.516s][info][gc,metaspace   ] GC(768) Metaspace: 16594K(16896K)->16594K(16896K) NonClass: 14264K(14400K)->14264K(14400K) Class: 2330K(2496K)->2330K(2496K)
[357.516s][info][gc             ] GC(768) Pause Young (Allocation Failure) 353M->260M(989M) 602.804ms
[357.516s][info][gc,cpu         ] GC(768) User=0.58s Sys=0.00s Real=0.60s
[357.713s][info][gc,start       ] GC(769) Pause Young (Allocation Failure)
[358.259s][info][gc,heap        ] GC(769) DefNew: 314560K(314560K)->34943K(314560K) Eden: 279616K(279616K)->0K(279616K) From: 34944K(34944K)->34943K(34944K)
[358.259s][info][gc,heap        ] GC(769) Tenured: 231316K(699072K)->408495K(699072K)
[358.259s][info][gc,metaspace   ] GC(769) Metaspace: 16594K(16896K)->16594K(16896K) NonClass: 14264K(14400K)->14264K(14400K) Class: 2330K(2496K)->2330K(2496K)
[358.259s][info][gc             ] GC(769) Pause Young (Allocation Failure) 533M->433M(989M) 545.897ms
[358.259s][info][gc,cpu         ] GC(769) User=0.52s Sys=0.00s Real=0.55s
[360.567s][info][gc,start       ] GC(770) Pause Young (Allocation Failure)
[360.944s][info][gc,heap        ] GC(770) DefNew: 314559K(314560K)->34944K(314560K) Eden: 279616K(279616K)->0K(279616K) From: 34943K(34944K)->34944K(34944K)
[360.944s][info][gc,heap        ] GC(770) Tenured: 408495K(699072K)->494708K(699072K)
[360.944s][info][gc,metaspace   ] GC(770) Metaspace: 16594K(16896K)->16594K(16896K) NonClass: 14264K(14400K)->14264K(14400K) Class: 2330K(2496K)->2330K(2496K)
[360.944s][info][gc             ] GC(770) Pause Young (Allocation Failure) 706M->517M(989M) 377.649ms
[360.944s][info][gc,cpu         ] GC(770) User=0.36s Sys=0.00s Real=0.38s
[361.081s][info][gc,start       ] GC(771) Pause Young (Allocation Failure)
[361.081s][info][gc             ] GC(771) Pause Young (Allocation Failure) 790M->790M(989M) 0.143ms
[361.081s][info][gc,cpu         ] GC(771) User=0.00s Sys=0.00s Real=0.00s
[361.081s][info][gc,start       ] GC(772) Pause Full (Allocation Failure)
[361.081s][info][gc,phases,start] GC(772) Phase 1: Mark live objects
[361.314s][info][gc,phases      ] GC(772) Phase 1: Mark live objects 232.151ms
[361.314s][info][gc,phases,start] GC(772) Phase 2: Compute new object addresses
[361.442s][info][gc,phases      ] GC(772) Phase 2: Compute new object addresses 127.927ms
[361.442s][info][gc,phases,start] GC(772) Phase 3: Adjust pointers
[361.559s][info][gc,phases      ] GC(772) Phase 3: Adjust pointers 117.353ms
[361.559s][info][gc,phases,start] GC(772) Phase 4: Move objects
[361.639s][info][gc,phases      ] GC(772) Phase 4: Move objects 80.405ms
[361.640s][info][gc,heap        ] GC(772) DefNew: 314560K(314560K)->0K(314560K) Eden: 279616K(279616K)->0K(279616K) From: 34944K(34944K)->0K(34944K)
[361.640s][info][gc,heap        ] GC(772) Tenured: 494708K(699072K)->209528K(699072K)
[361.640s][info][gc,metaspace   ] GC(772) Metaspace: 16594K(16896K)->16594K(16896K) NonClass: 14264K(14400K)->14264K(14400K) Class: 2330K(2496K)->2330K(2496K)
[361.640s][info][gc             ] GC(772) Pause Full (Allocation Failure) 790M->204M(989M) 558.278ms
[361.640s][info][gc,cpu         ] GC(772) User=0.55s Sys=0.00s Real=0.57s
[361.781s][info][gc,start       ] GC(773) Pause Young (Allocation Failure)
[362.067s][info][gc,heap        ] GC(773) DefNew: 279616K(314560K)->34943K(314560K) Eden: 279616K(279616K)->0K(279616K) From: 0K(34944K)->34943K(34944K)
[362.067s][info][gc,heap        ] GC(773) Tenured: 209528K(699072K)->292218K(699072K)
[362.067s][info][gc,metaspace   ] GC(773) Metaspace: 16594K(16896K)->16594K(16896K) NonClass: 14264K(14400K)->14264K(14400K) Class: 2330K(2496K)->2330K(2496K)
[362.067s][info][gc             ] GC(773) Pause Young (Allocation Failure) 477M->319M(989M) 285.983ms
[362.067s][info][gc,cpu         ] GC(773) User=0.28s Sys=0.02s Real=0.29s
[362.225s][info][gc,start       ] GC(774) Pause Young (Allocation Failure)
[362.674s][info][gc,heap        ] GC(774) DefNew: 314559K(314560K)->34944K(314560K) Eden: 279616K(279616K)->0K(279616K) From: 34943K(34944K)->34944K(34944K)
[362.674s][info][gc,heap        ] GC(774) Tenured: 292218K(699072K)->418610K(699072K)
[362.674s][info][gc,metaspace   ] GC(774) Metaspace: 16594K(16896K)->16594K(16896K) NonClass: 14264K(14400K)->14264K(14400K) Class: 2330K(2496K)->2330K(2496K)
[362.674s][info][gc             ] GC(774) Pause Young (Allocation Failure) 592M->442M(989M) 449.260ms
[362.675s][info][gc,cpu         ] GC(774) User=0.44s Sys=0.00s Real=0.46s
[363.138s][info][gc,start       ] GC(775) Pause Young (Allocation Failure)
[363.355s][info][gc,heap        ] GC(775) DefNew: 314560K(314560K)->29587K(314560K) Eden: 279616K(279616K)->0K(279616K) From: 34944K(34944K)->29587K(34944K)
[363.355s][info][gc,heap        ] GC(775) Tenured: 418610K(699072K)->443747K(699072K)
[363.355s][info][gc,metaspace   ] GC(775) Metaspace: 16594K(16896K)->16594K(16896K) NonClass: 14264K(14400K)->14264K(14400K) Class: 2330K(2496K)->2330K(2496K)
[363.355s][info][gc             ] GC(775) Pause Young (Allocation Failure) 715M->462M(989M) 216.810ms
[363.355s][info][gc,cpu         ] GC(775) User=0.20s Sys=0.00s Real=0.22s
[363.720s][info][gc,start       ] GC(776) Pause Young (Allocation Failure)
[363.765s][info][gc,heap        ] GC(776) DefNew: 309203K(314560K)->298K(314560K) Eden: 279616K(279616K)->0K(279616K) From: 29587K(34944K)->298K(34944K)
[363.765s][info][gc,heap        ] GC(776) Tenured: 443747K(699072K)->446956K(699072K)
[363.765s][info][gc,metaspace   ] GC(776) Metaspace: 16594K(16896K)->16594K(16896K) NonClass: 14264K(14400K)->14264K(14400K) Class: 2330K(2496K)->2330K(2496K)
[363.765s][info][gc             ] GC(776) Pause Young (Allocation Failure) 735M->436M(989M) 45.086ms
[363.765s][info][gc,cpu         ] GC(776) User=0.03s Sys=0.00s Real=0.05s
[364.447s][info][gc,start       ] GC(777) Pause Full (System.gc())
[364.447s][info][gc,phases,start] GC(777) Phase 1: Mark live objects
[364.454s][info][gc,phases      ] GC(777) Phase 1: Mark live objects 6.625ms
[364.454s][info][gc,phases,start] GC(777) Phase 2: Compute new object addresses
[364.534s][info][gc,phases      ] GC(777) Phase 2: Compute new object addresses 80.465ms
[364.534s][info][gc,phases,start] GC(777) Phase 3: Adjust pointers
[364.539s][info][gc,phases      ] GC(777) Phase 3: Adjust pointers 4.007ms
[364.539s][info][gc,phases,start] GC(777) Phase 4: Move objects
[364.539s][info][gc,phases      ] GC(777) Phase 4: Move objects 0.009ms
[364.539s][info][gc,heap        ] GC(777) DefNew: 100810K(314560K)->0K(314560K) Eden: 100511K(279616K)->0K(279616K) From: 298K(34944K)->0K(34944K)
[364.539s][info][gc,heap        ] GC(777) Tenured: 446956K(699072K)->6333K(699072K)
[364.539s][info][gc,metaspace   ] GC(777) Metaspace: 16594K(16896K)->16594K(16896K) NonClass: 14264K(14400K)->14264K(14400K) Class: 2330K(2496K)->2330K(2496K)
[364.539s][info][gc             ] GC(777) Pause Full (System.gc()) 534M->6M(989M) 91.448ms
[364.539s][info][gc,cpu         ] GC(777) User=0.08s Sys=0.00s Real=0.09s
[365.813s][info][gc,start       ] GC(778) Pause Young (Allocation Failure)
[365.814s][info][gc,heap        ] GC(778) DefNew: 279616K(314560K)->249K(314560K) Eden: 279616K(279616K)->0K(279616K) From: 0K(34944K)->249K(34944K)
[365.814s][info][gc,heap        ] GC(778) Tenured: 6333K(699072K)->6333K(699072K)
[365.814s][info][gc,metaspace   ] GC(778) Metaspace: 16594K(16896K)->16594K(16896K) NonClass: 14264K(14400K)->14264K(14400K) Class: 2330K(2496K)->2330K(2496K)
[365.814s][info][gc             ] GC(778) Pause Young (Allocation Failure) 279M->6M(989M) 1.363ms
[365.814s][info][gc,cpu         ] GC(778) User=0.00s Sys=0.00s Real=0.00s
[365.859s][info][gc,start       ] GC(779) Pause Young (Allocation Failure)
[365.859s][info][gc,heap        ] GC(779) DefNew: 279865K(314560K)->243K(314560K) Eden: 279616K(279616K)->0K(279616K) From: 249K(34944K)->243K(34944K)
[365.859s][info][gc,heap        ] GC(779) Tenured: 6333K(699072K)->6333K(699072K)
[365.860s][info][gc,metaspace   ] GC(779) Metaspace: 16594K(16896K)->16594K(16896K) NonClass: 14264K(14400K)->14264K(14400K) Class: 2330K(2496K)->2330K(2496K)
[365.860s][info][gc             ] GC(779) Pause Young (Allocation Failure) 279M->6M(989M) 0.890ms
[365.860s][info][gc,cpu         ] GC(779) User=0.00s Sys=0.00s Real=0.00s
[365.904s][info][gc,start       ] GC(780) Pause Young (Allocation Failure)
[365.904s][info][gc,heap        ] GC(780) DefNew: 279859K(314560K)->253K(314560K) Eden: 279616K(279616K)->0K(279616K) From: 243K(34944K)->253K(34944K)
[365.904s][info][gc,heap        ] GC(780) Tenured: 6333K(699072K)->6333K(699072K)
[365.904s][info][gc,metaspace   ] GC(780) Metaspace: 16594K(16896K)->16594K(16896K) NonClass: 14264K(14400K)->14264K(14400K) Class: 2330K(2496K)->2330K(2496K)
[365.904s][info][gc             ] GC(780) Pause Young (Allocation Failure) 279M->6M(989M) 0.846ms
[365.904s][info][gc,cpu         ] GC(780) User=0.00s Sys=0.00s Real=0.00s
[365.950s][info][gc,start       ] GC(781) Pause Young (Allocation Failure)
[365.950s][info][gc,heap        ] GC(781) DefNew: 279869K(314560K)->250K(314560K) Eden: 279616K(279616K)->0K(279616K) From: 253K(34944K)->250K(34944K)
[365.950s][info][gc,heap        ] GC(781) Tenured: 6333K(699072K)->6333K(699072K)
[365.951s][info][gc,metaspace   ] GC(781) Metaspace: 16594K(16896K)->16594K(16896K) NonClass: 14264K(14400K)->14264K(14400K) Class: 2330K(2496K)->2330K(2496K)
[365.951s][info][gc             ] GC(781) Pause Young (Allocation Failure) 279M->6M(989M) 0.873ms
[365.951s][info][gc,cpu         ] GC(781) User=0.00s Sys=0.00s Real=0.00s
[365.995s][info][gc,start       ] GC(782) Pause Young (Allocation Failure)
[365.996s][info][gc,heap        ] GC(782) DefNew: 279866K(314560K)->250K(314560K) Eden: 279616K(279616K)->0K(279616K) From: 250K(34944K)->250K(34944K)
[365.996s][info][gc,heap        ] GC(782) Tenured: 6333K(699072K)->6333K(699072K)
[365.996s][info][gc,metaspace   ] GC(782) Metaspace: 16594K(16896K)->16594K(16896K) NonClass: 14264K(14400K)->14264K(14400K) Class: 2330K(2496K)->2330K(2496K)
[365.996s][info][gc             ] GC(782) Pause Young (Allocation Failure) 279M->6M(989M) 0.780ms
[365.996s][info][gc,cpu         ] GC(782) User=0.00s Sys=0.00s Real=0.00s
[366.040s][info][gc,start       ] GC(783) Pause Young (Allocation Failure)
[366.041s][info][gc,heap        ] GC(783) DefNew: 279866K(314560K)->250K(314560K) Eden: 279616K(279616K)->0K(279616K) From: 250K(34944K)->250K(34944K)
[366.041s][info][gc,heap        ] GC(783) Tenured: 6333K(699072K)->6333K(699072K)
[366.041s][info][gc,metaspace   ] GC(783) Metaspace: 16594K(16896K)->16594K(16896K) NonClass: 14264K(14400K)->14264K(14400K) Class: 2330K(2496K)->2330K(2496K)
[366.041s][info][gc             ] GC(783) Pause Young (Allocation Failure) 279M->6M(989M) 0.778ms
[366.041s][info][gc,cpu         ] GC(783) User=0.00s Sys=0.00s Real=0.00s
[366.084s][info][gc,start       ] GC(784) Pause Young (Allocation Failure)
[366.085s][info][gc,heap        ] GC(784) DefNew: 279866K(314560K)->248K(314560K) Eden: 279616K(279616K)->0K(279616K) From: 250K(34944K)->248K(34944K)
[366.085s][info][gc,heap        ] GC(784) Tenured: 6333K(699072K)->6333K(699072K)
[366.085s][info][gc,metaspace   ] GC(784) Metaspace: 16594K(16896K)->16594K(16896K) NonClass: 14264K(14400K)->14264K(14400K) Class: 2330K(2496K)->2330K(2496K)
[366.085s][info][gc             ] GC(784) Pause Young (Allocation Failure) 279M->6M(989M) 0.802ms
[366.085s][info][gc,cpu         ] GC(784) User=0.00s Sys=0.00s Real=0.00s
[366.129s][info][gc,start       ] GC(785) Pause Young (Allocation Failure)
[366.130s][info][gc,heap        ] GC(785) DefNew: 279864K(314560K)->245K(314560K) Eden: 279616K(279616K)->0K(279616K) From: 248K(34944K)->245K(34944K)
[366.130s][info][gc,heap        ] GC(785) Tenured: 6333K(699072K)->6333K(699072K)
[366.130s][info][gc,metaspace   ] GC(785) Metaspace: 16594K(16896K)->16594K(16896K) NonClass: 14264K(14400K)->14264K(14400K) Class: 2330K(2496K)->2330K(2496K)
[366.130s][info][gc             ] GC(785) Pause Young (Allocation Failure) 279M->6M(989M) 0.771ms
[366.130s][info][gc,cpu         ] GC(785) User=0.00s Sys=0.00s Real=0.00s
[366.174s][info][gc,start       ] GC(786) Pause Young (Allocation Failure)
[366.174s][info][gc,heap        ] GC(786) DefNew: 279861K(314560K)->252K(314560K) Eden: 279616K(279616K)->0K(279616K) From: 245K(34944K)->252K(34944K)
[366.174s][info][gc,heap        ] GC(786) Tenured: 6333K(699072K)->6333K(699072K)
[366.174s][info][gc,metaspace   ] GC(786) Metaspace: 16594K(16896K)->16594K(16896K) NonClass: 14264K(14400K)->14264K(14400K) Class: 2330K(2496K)->2330K(2496K)
[366.174s][info][gc             ] GC(786) Pause Young (Allocation Failure) 279M->6M(989M) 0.788ms
[366.174s][info][gc,cpu         ] GC(786) User=0.00s Sys=0.00s Real=0.00s
[366.220s][info][gc,start       ] GC(787) Pause Young (Allocation Failure)
[366.221s][info][gc,heap        ] GC(787) DefNew: 279868K(314560K)->195K(314560K) Eden: 279616K(279616K)->0K(279616K) From: 252K(34944K)->195K(34944K)
[366.221s][info][gc,heap        ] GC(787) Tenured: 6333K(699072K)->6333K(699072K)
[366.221s][info][gc,metaspace   ] GC(787) Metaspace: 16594K(16896K)->16594K(16896K) NonClass: 14264K(14400K)->14264K(14400K) Class: 2330K(2496K)->2330K(2496K)
[366.221s][info][gc             ] GC(787) Pause Young (Allocation Failure) 279M->6M(989M) 0.899ms
[366.221s][info][gc,cpu         ] GC(787) User=0.00s Sys=0.00s Real=0.00s
[366.305s][info][gc,start       ] GC(788) Pause Young (Allocation Failure)
[366.510s][info][gc,heap        ] GC(788) DefNew: 279811K(314560K)->34944K(314560K) Eden: 279616K(279616K)->0K(279616K) From: 195K(34944K)->34944K(34944K)
[366.510s][info][gc,heap        ] GC(788) Tenured: 6333K(699072K)->53346K(699072K)
[366.510s][info][gc,metaspace   ] GC(788) Metaspace: 16594K(16896K)->16594K(16896K) NonClass: 14264K(14400K)->14264K(14400K) Class: 2330K(2496K)->2330K(2496K)
[366.510s][info][gc             ] GC(788) Pause Young (Allocation Failure) 279M->86M(989M) 205.037ms
[366.510s][info][gc,cpu         ] GC(788) User=0.19s Sys=0.00s Real=0.20s
[366.680s][info][gc,start       ] GC(789) Pause Young (Allocation Failure)
[367.277s][info][gc,heap        ] GC(789) DefNew: 314560K(314560K)->34944K(314560K) Eden: 279616K(279616K)->0K(279616K) From: 34944K(34944K)->34944K(34944K)
[367.277s][info][gc,heap        ] GC(789) Tenured: 53346K(699072K)->237437K(699072K)
[367.277s][info][gc,metaspace   ] GC(789) Metaspace: 16594K(16896K)->16594K(16896K) NonClass: 14264K(14400K)->14264K(14400K) Class: 2330K(2496K)->2330K(2496K)
[367.277s][info][gc             ] GC(789) Pause Young (Allocation Failure) 359M->265M(989M) 596.129ms
[367.277s][info][gc,cpu         ] GC(789) User=0.59s Sys=0.00s Real=0.60s
[367.491s][info][gc,start       ] GC(790) Pause Young (Allocation Failure)
[368.027s][info][gc,heap        ] GC(790) DefNew: 314560K(314560K)->34944K(314560K) Eden: 279616K(279616K)->0K(279616K) From: 34944K(34944K)->34944K(34944K)
[368.027s][info][gc,heap        ] GC(790) Tenured: 237437K(699072K)->407223K(699072K)
[368.027s][info][gc,metaspace   ] GC(790) Metaspace: 16594K(16896K)->16594K(16896K) NonClass: 14264K(14400K)->14264K(14400K) Class: 2330K(2496K)->2330K(2496K)
[368.027s][info][gc             ] GC(790) Pause Young (Allocation Failure) 539M->431M(989M) 535.438ms
[368.027s][info][gc,cpu         ] GC(790) User=0.55s Sys=0.00s Real=0.53s
[370.090s][info][gc,start       ] GC(791) Pause Young (Allocation Failure)
[370.470s][info][gc,heap        ] GC(791) DefNew: 314560K(314560K)->34943K(314560K) Eden: 279616K(279616K)->0K(279616K) From: 34944K(34944K)->34943K(34944K)
[370.470s][info][gc,heap        ] GC(791) Tenured: 407223K(699072K)->495986K(699072K)
[370.470s][info][gc,metaspace   ] GC(791) Metaspace: 16594K(16896K)->16594K(16896K) NonClass: 14264K(14400K)->14264K(14400K) Class: 2330K(2496K)->2330K(2496K)
[370.470s][info][gc             ] GC(791) Pause Young (Allocation Failure) 704M->518M(989M) 379.973ms
[370.470s][info][gc,cpu         ] GC(791) User=0.36s Sys=0.00s Real=0.38s
[370.607s][info][gc,start       ] GC(792) Pause Young (Allocation Failure)
[370.607s][info][gc             ] GC(792) Pause Young (Allocation Failure) 791M->791M(989M) 0.123ms
[370.608s][info][gc,cpu         ] GC(792) User=0.00s Sys=0.00s Real=0.00s
[370.608s][info][gc,start       ] GC(793) Pause Full (Allocation Failure)
[370.608s][info][gc,phases,start] GC(793) Phase 1: Mark live objects
[370.842s][info][gc,phases      ] GC(793) Phase 1: Mark live objects 234.797ms
[370.842s][info][gc,phases,start] GC(793) Phase 2: Compute new object addresses
[370.969s][info][gc,phases      ] GC(793) Phase 2: Compute new object addresses 126.392ms
[370.969s][info][gc,phases,start] GC(793) Phase 3: Adjust pointers
[371.088s][info][gc,phases      ] GC(793) Phase 3: Adjust pointers 118.899ms
[371.088s][info][gc,phases,start] GC(793) Phase 4: Move objects
[371.169s][info][gc,phases      ] GC(793) Phase 4: Move objects 81.064ms
[371.169s][info][gc,heap        ] GC(793) DefNew: 314559K(314560K)->0K(314560K) Eden: 279616K(279616K)->0K(279616K) From: 34943K(34944K)->0K(34944K)
[371.169s][info][gc,heap        ] GC(793) Tenured: 495986K(699072K)->212692K(699072K)
[371.169s][info][gc,metaspace   ] GC(793) Metaspace: 16594K(16896K)->16594K(16896K) NonClass: 14264K(14400K)->14264K(14400K) Class: 2330K(2496K)->2330K(2496K)
[371.169s][info][gc             ] GC(793) Pause Full (Allocation Failure) 791M->207M(989M) 561.594ms
[371.169s][info][gc,cpu         ] GC(793) User=0.56s Sys=0.00s Real=0.55s
[371.311s][info][gc,start       ] GC(794) Pause Young (Allocation Failure)
[371.597s][info][gc,heap        ] GC(794) DefNew: 279616K(314560K)->34944K(314560K) Eden: 279616K(279616K)->0K(279616K) From: 0K(34944K)->34944K(34944K)
[371.597s][info][gc,heap        ] GC(794) Tenured: 212692K(699072K)->295373K(699072K)
[371.597s][info][gc,metaspace   ] GC(794) Metaspace: 16594K(16896K)->16594K(16896K) NonClass: 14264K(14400K)->14264K(14400K) Class: 2330K(2496K)->2330K(2496K)
[371.597s][info][gc             ] GC(794) Pause Young (Allocation Failure) 480M->322M(989M) 286.017ms
[371.597s][info][gc,cpu         ] GC(794) User=0.27s Sys=0.00s Real=0.28s
[371.756s][info][gc,start       ] GC(795) Pause Young (Allocation Failure)
[372.224s][info][gc,heap        ] GC(795) DefNew: 314560K(314560K)->34944K(314560K) Eden: 279616K(279616K)->0K(279616K) From: 34944K(34944K)->34944K(34944K)
[372.225s][info][gc,heap        ] GC(795) Tenured: 295373K(699072K)->424142K(699072K)
[372.225s][info][gc,metaspace   ] GC(795) Metaspace: 16594K(16896K)->16594K(16896K) NonClass: 14264K(14400K)->14264K(14400K) Class: 2330K(2496K)->2330K(2496K)
[372.225s][info][gc             ] GC(795) Pause Young (Allocation Failure) 595M->448M(989M) 468.092ms
[372.225s][info][gc,cpu         ] GC(795) User=0.45s Sys=0.00s Real=0.47s
[372.686s][info][gc,start       ] GC(796) Pause Young (Allocation Failure)
[372.889s][info][gc,heap        ] GC(796) DefNew: 314560K(314560K)->24166K(314560K) Eden: 279616K(279616K)->0K(279616K) From: 34944K(34944K)->24166K(34944K)
[372.889s][info][gc,heap        ] GC(796) Tenured: 424142K(699072K)->448937K(699072K)
[372.889s][info][gc,metaspace   ] GC(796) Metaspace: 16594K(16896K)->16594K(16896K) NonClass: 14264K(14400K)->14264K(14400K) Class: 2330K(2496K)->2330K(2496K)
[372.890s][info][gc             ] GC(796) Pause Young (Allocation Failure) 721M->462M(989M) 203.422ms
[372.890s][info][gc,cpu         ] GC(796) User=0.19s Sys=0.00s Real=0.20s
[373.252s][info][gc,start       ] GC(797) Pause Young (Allocation Failure)
[373.278s][info][gc,heap        ] GC(797) DefNew: 303782K(314560K)->82K(314560K) Eden: 279616K(279616K)->0K(279616K) From: 24166K(34944K)->82K(34944K)
[373.278s][info][gc,heap        ] GC(797) Tenured: 448937K(699072K)->451360K(699072K)
[373.278s][info][gc,metaspace   ] GC(797) Metaspace: 16594K(16896K)->16594K(16896K) NonClass: 14264K(14400K)->14264K(14400K) Class: 2330K(2496K)->2330K(2496K)
[373.279s][info][gc             ] GC(797) Pause Young (Allocation Failure) 735M->440M(989M) 26.618ms
[373.279s][info][gc,cpu         ] GC(797) User=0.02s Sys=0.00s Real=0.03s
[373.943s][info][gc,start       ] GC(798) Pause Full (System.gc())
[373.943s][info][gc,phases,start] GC(798) Phase 1: Mark live objects
[373.950s][info][gc,phases      ] GC(798) Phase 1: Mark live objects 7.008ms
[373.950s][info][gc,phases,start] GC(798) Phase 2: Compute new object addresses
[374.031s][info][gc,phases      ] GC(798) Phase 2: Compute new object addresses 81.019ms
[374.031s][info][gc,phases,start] GC(798) Phase 3: Adjust pointers
[374.035s][info][gc,phases      ] GC(798) Phase 3: Adjust pointers 4.020ms
[374.035s][info][gc,phases,start] GC(798) Phase 4: Move objects
[374.035s][info][gc,phases      ] GC(798) Phase 4: Move objects 0.010ms
[374.035s][info][gc,heap        ] GC(798) DefNew: 90061K(314560K)->0K(314560K) Eden: 89978K(279616K)->0K(279616K) From: 82K(34944K)->0K(34944K)
[374.035s][info][gc,heap        ] GC(798) Tenured: 451360K(699072K)->6333K(699072K)
[374.035s][info][gc,metaspace   ] GC(798) Metaspace: 16594K(16896K)->16594K(16896K) NonClass: 14264K(14400K)->14264K(14400K) Class: 2330K(2496K)->2330K(2496K)
[374.035s][info][gc             ] GC(798) Pause Full (System.gc()) 528M->6M(989M) 92.409ms
[374.035s][info][gc,cpu         ] GC(798) User=0.08s Sys=0.00s Real=0.09s
[375.330s][info][gc,start       ] GC(799) Pause Young (Allocation Failure)
[375.331s][info][gc,heap        ] GC(799) DefNew: 279616K(314560K)->250K(314560K) Eden: 279616K(279616K)->0K(279616K) From: 0K(34944K)->250K(34944K)
[375.331s][info][gc,heap        ] GC(799) Tenured: 6333K(699072K)->6333K(699072K)
[375.331s][info][gc,metaspace   ] GC(799) Metaspace: 16595K(16896K)->16595K(16896K) NonClass: 14264K(14400K)->14264K(14400K) Class: 2330K(2496K)->2330K(2496K)
[375.331s][info][gc             ] GC(799) Pause Young (Allocation Failure) 279M->6M(989M) 1.332ms
[375.331s][info][gc,cpu         ] GC(799) User=0.00s Sys=0.00s Real=0.00s
[375.380s][info][gc,start       ] GC(800) Pause Young (Allocation Failure)
[375.380s][info][gc,heap        ] GC(800) DefNew: 279866K(314560K)->228K(314560K) Eden: 279616K(279616K)->0K(279616K) From: 250K(34944K)->228K(34944K)
[375.381s][info][gc,heap        ] GC(800) Tenured: 6333K(699072K)->6333K(699072K)
[375.381s][info][gc,metaspace   ] GC(800) Metaspace: 16595K(16896K)->16595K(16896K) NonClass: 14264K(14400K)->14264K(14400K) Class: 2330K(2496K)->2330K(2496K)
[375.381s][info][gc             ] GC(800) Pause Young (Allocation Failure) 279M->6M(989M) 0.831ms
[375.381s][info][gc,cpu         ] GC(800) User=0.00s Sys=0.00s Real=0.02s
[375.426s][info][gc,start       ] GC(801) Pause Young (Allocation Failure)
[375.427s][info][gc,heap        ] GC(801) DefNew: 279844K(314560K)->254K(314560K) Eden: 279616K(279616K)->0K(279616K) From: 228K(34944K)->254K(34944K)
[375.427s][info][gc,heap        ] GC(801) Tenured: 6333K(699072K)->6333K(699072K)
[375.427s][info][gc,metaspace   ] GC(801) Metaspace: 16595K(16896K)->16595K(16896K) NonClass: 14264K(14400K)->14264K(14400K) Class: 2330K(2496K)->2330K(2496K)
[375.427s][info][gc             ] GC(801) Pause Young (Allocation Failure) 279M->6M(989M) 0.844ms
[375.427s][info][gc,cpu         ] GC(801) User=0.00s Sys=0.00s Real=0.00s
[375.472s][info][gc,start       ] GC(802) Pause Young (Allocation Failure)
[375.473s][info][gc,heap        ] GC(802) DefNew: 279870K(314560K)->237K(314560K) Eden: 279616K(279616K)->0K(279616K) From: 254K(34944K)->237K(34944K)
[375.473s][info][gc,heap        ] GC(802) Tenured: 6333K(699072K)->6333K(699072K)
[375.473s][info][gc,metaspace   ] GC(802) Metaspace: 16595K(16896K)->16595K(16896K) NonClass: 14264K(14400K)->14264K(14400K) Class: 2330K(2496K)->2330K(2496K)
[375.473s][info][gc             ] GC(802) Pause Young (Allocation Failure) 279M->6M(989M) 0.783ms
[375.473s][info][gc,cpu         ] GC(802) User=0.00s Sys=0.00s Real=0.00s
[375.517s][info][gc,start       ] GC(803) Pause Young (Allocation Failure)
[375.518s][info][gc,heap        ] GC(803) DefNew: 279853K(314560K)->269K(314560K) Eden: 279616K(279616K)->0K(279616K) From: 237K(34944K)->269K(34944K)
[375.518s][info][gc,heap        ] GC(803) Tenured: 6333K(699072K)->6333K(699072K)
[375.518s][info][gc,metaspace   ] GC(803) Metaspace: 16595K(16896K)->16595K(16896K) NonClass: 14264K(14400K)->14264K(14400K) Class: 2330K(2496K)->2330K(2496K)
[375.518s][info][gc             ] GC(803) Pause Young (Allocation Failure) 279M->6M(989M) 0.829ms
[375.518s][info][gc,cpu         ] GC(803) User=0.00s Sys=0.00s Real=0.00s
[375.561s][info][gc,start       ] GC(804) Pause Young (Allocation Failure)
[375.562s][info][gc,heap        ] GC(804) DefNew: 279885K(314560K)->237K(314560K) Eden: 279616K(279616K)->0K(279616K) From: 269K(34944K)->237K(34944K)
[375.562s][info][gc,heap        ] GC(804) Tenured: 6333K(699072K)->6333K(699072K)
[375.562s][info][gc,metaspace   ] GC(804) Metaspace: 16595K(16896K)->16595K(16896K) NonClass: 14264K(14400K)->14264K(14400K) Class: 2330K(2496K)->2330K(2496K)
[375.562s][info][gc             ] GC(804) Pause Young (Allocation Failure) 279M->6M(989M) 0.805ms
[375.562s][info][gc,cpu         ] GC(804) User=0.00s Sys=0.00s Real=0.00s
[375.606s][info][gc,start       ] GC(805) Pause Young (Allocation Failure)
[375.607s][info][gc,heap        ] GC(805) DefNew: 279853K(314560K)->238K(314560K) Eden: 279616K(279616K)->0K(279616K) From: 237K(34944K)->238K(34944K)
[375.607s][info][gc,heap        ] GC(805) Tenured: 6333K(699072K)->6333K(699072K)
[375.607s][info][gc,metaspace   ] GC(805) Metaspace: 16595K(16896K)->16595K(16896K) NonClass: 14264K(14400K)->14264K(14400K) Class: 2330K(2496K)->2330K(2496K)
[375.607s][info][gc             ] GC(805) Pause Young (Allocation Failure) 279M->6M(989M) 0.861ms
[375.607s][info][gc,cpu         ] GC(805) User=0.00s Sys=0.00s Real=0.00s
[375.652s][info][gc,start       ] GC(806) Pause Young (Allocation Failure)
[375.653s][info][gc,heap        ] GC(806) DefNew: 279854K(314560K)->244K(314560K) Eden: 279616K(279616K)->0K(279616K) From: 238K(34944K)->244K(34944K)
[375.653s][info][gc,heap        ] GC(806) Tenured: 6333K(699072K)->6333K(699072K)
[375.653s][info][gc,metaspace   ] GC(806) Metaspace: 16595K(16896K)->16595K(16896K) NonClass: 14264K(14400K)->14264K(14400K) Class: 2330K(2496K)->2330K(2496K)
[375.653s][info][gc             ] GC(806) Pause Young (Allocation Failure) 279M->6M(989M) 0.768ms
[375.653s][info][gc,cpu         ] GC(806) User=0.00s Sys=0.00s Real=0.00s
[375.696s][info][gc,start       ] GC(807) Pause Young (Allocation Failure)
[375.697s][info][gc,heap        ] GC(807) DefNew: 279860K(314560K)->250K(314560K) Eden: 279616K(279616K)->0K(279616K) From: 244K(34944K)->250K(34944K)
[375.697s][info][gc,heap        ] GC(807) Tenured: 6333K(699072K)->6333K(699072K)
[375.697s][info][gc,metaspace   ] GC(807) Metaspace: 16595K(16896K)->16595K(16896K) NonClass: 14264K(14400K)->14264K(14400K) Class: 2330K(2496K)->2330K(2496K)
[375.697s][info][gc             ] GC(807) Pause Young (Allocation Failure) 279M->6M(989M) 0.823ms
[375.697s][info][gc,cpu         ] GC(807) User=0.00s Sys=0.00s Real=0.00s
[375.742s][info][gc,start       ] GC(808) Pause Young (Allocation Failure)
[375.742s][info][gc,heap        ] GC(808) DefNew: 279866K(314560K)->214K(314560K) Eden: 279616K(279616K)->0K(279616K) From: 250K(34944K)->214K(34944K)
[375.742s][info][gc,heap        ] GC(808) Tenured: 6333K(699072K)->6333K(699072K)
[375.742s][info][gc,metaspace   ] GC(808) Metaspace: 16595K(16896K)->16595K(16896K) NonClass: 14264K(14400K)->14264K(14400K) Class: 2330K(2496K)->2330K(2496K)
[375.742s][info][gc             ] GC(808) Pause Young (Allocation Failure) 279M->6M(989M) 0.833ms
[375.742s][info][gc,cpu         ] GC(808) User=0.00s Sys=0.00s Real=0.00s
[375.826s][info][gc,start       ] GC(809) Pause Young (Allocation Failure)
[376.034s][info][gc,heap        ] GC(809) DefNew: 279830K(314560K)->34944K(314560K) Eden: 279616K(279616K)->0K(279616K) From: 214K(34944K)->34944K(34944K)
[376.034s][info][gc,heap        ] GC(809) Tenured: 6333K(699072K)->55161K(699072K)
[376.034s][info][gc,metaspace   ] GC(809) Metaspace: 16595K(16896K)->16595K(16896K) NonClass: 14264K(14400K)->14264K(14400K) Class: 2330K(2496K)->2330K(2496K)
[376.034s][info][gc             ] GC(809) Pause Young (Allocation Failure) 279M->87M(989M) 208.510ms
[376.034s][info][gc,cpu         ] GC(809) User=0.19s Sys=0.00s Real=0.20s
[376.208s][info][gc,start       ] GC(810) Pause Young (Allocation Failure)
[376.818s][info][gc,heap        ] GC(810) DefNew: 314560K(314560K)->34944K(314560K) Eden: 279616K(279616K)->0K(279616K) From: 34944K(34944K)->34944K(34944K)
[376.818s][info][gc,heap        ] GC(810) Tenured: 55161K(699072K)->240115K(699072K)
[376.818s][info][gc,metaspace   ] GC(810) Metaspace: 16595K(16896K)->16595K(16896K) NonClass: 14264K(14400K)->14264K(14400K) Class: 2330K(2496K)->2330K(2496K)
[376.818s][info][gc             ] GC(810) Pause Young (Allocation Failure) 361M->268M(989M) 610.101ms
[376.818s][info][gc,cpu         ] GC(810) User=0.62s Sys=0.00s Real=0.61s
[377.038s][info][gc,start       ] GC(811) Pause Young (Allocation Failure)
[377.570s][info][gc,heap        ] GC(811) DefNew: 314560K(314560K)->34944K(314560K) Eden: 279616K(279616K)->0K(279616K) From: 34944K(34944K)->34944K(34944K)
[377.570s][info][gc,heap        ] GC(811) Tenured: 240115K(699072K)->406832K(699072K)
[377.570s][info][gc,metaspace   ] GC(811) Metaspace: 16595K(16896K)->16595K(16896K) NonClass: 14264K(14400K)->14264K(14400K) Class: 2330K(2496K)->2330K(2496K)
[377.570s][info][gc             ] GC(811) Pause Young (Allocation Failure) 541M->431M(989M) 532.524ms
[377.570s][info][gc,cpu         ] GC(811) User=0.53s Sys=0.00s Real=0.53s
[379.910s][info][gc,start       ] GC(812) Pause Young (Allocation Failure)
[380.291s][info][gc,heap        ] GC(812) DefNew: 314560K(314560K)->34943K(314560K) Eden: 279616K(279616K)->0K(279616K) From: 34944K(34944K)->34943K(34944K)
[380.291s][info][gc,heap        ] GC(812) Tenured: 406832K(699072K)->497992K(699072K)
[380.291s][info][gc,metaspace   ] GC(812) Metaspace: 16596K(16896K)->16596K(16896K) NonClass: 14265K(14400K)->14265K(14400K) Class: 2330K(2496K)->2330K(2496K)
[380.291s][info][gc             ] GC(812) Pause Young (Allocation Failure) 704M->520M(989M) 381.270ms
[380.291s][info][gc,cpu         ] GC(812) User=0.36s Sys=0.00s Real=0.39s
[380.431s][info][gc,start       ] GC(813) Pause Young (Allocation Failure)
[380.431s][info][gc             ] GC(813) Pause Young (Allocation Failure) 793M->793M(989M) 0.117ms
[380.431s][info][gc,cpu         ] GC(813) User=0.00s Sys=0.00s Real=0.00s
[380.431s][info][gc,start       ] GC(814) Pause Full (Allocation Failure)
[380.431s][info][gc,phases,start] GC(814) Phase 1: Mark live objects
[380.670s][info][gc,phases      ] GC(814) Phase 1: Mark live objects 239.127ms
[380.670s][info][gc,phases,start] GC(814) Phase 2: Compute new object addresses
[380.797s][info][gc,phases      ] GC(814) Phase 2: Compute new object addresses 127.180ms
[380.798s][info][gc,phases,start] GC(814) Phase 3: Adjust pointers
[380.917s][info][gc,phases      ] GC(814) Phase 3: Adjust pointers 119.178ms
[380.917s][info][gc,phases,start] GC(814) Phase 4: Move objects
[380.998s][info][gc,phases      ] GC(814) Phase 4: Move objects 81.550ms
[380.998s][info][gc,heap        ] GC(814) DefNew: 314559K(314560K)->0K(314560K) Eden: 279616K(279616K)->0K(279616K) From: 34943K(34944K)->0K(34944K)
[380.999s][info][gc,heap        ] GC(814) Tenured: 497992K(699072K)->215013K(699072K)
[380.999s][info][gc,metaspace   ] GC(814) Metaspace: 16596K(16896K)->16596K(16896K) NonClass: 14265K(14400K)->14265K(14400K) Class: 2330K(2496K)->2330K(2496K)
[380.999s][info][gc             ] GC(814) Pause Full (Allocation Failure) 793M->209M(989M) 567.450ms
[380.999s][info][gc,cpu         ] GC(814) User=0.58s Sys=0.00s Real=0.58s
[381.140s][info][gc,start       ] GC(815) Pause Young (Allocation Failure)
[381.427s][info][gc,heap        ] GC(815) DefNew: 279616K(314560K)->34944K(314560K) Eden: 279616K(279616K)->0K(279616K) From: 0K(34944K)->34944K(34944K)
[381.427s][info][gc,heap        ] GC(815) Tenured: 215013K(699072K)->297692K(699072K)
[381.427s][info][gc,metaspace   ] GC(815) Metaspace: 16596K(16896K)->16596K(16896K) NonClass: 14265K(14400K)->14265K(14400K) Class: 2330K(2496K)->2330K(2496K)
[381.427s][info][gc             ] GC(815) Pause Young (Allocation Failure) 483M->324M(989M) 287.612ms
[381.427s][info][gc,cpu         ] GC(815) User=0.27s Sys=0.00s Real=0.28s
[381.585s][info][gc,start       ] GC(816) Pause Young (Allocation Failure)
[382.059s][info][gc,heap        ] GC(816) DefNew: 314560K(314560K)->34943K(314560K) Eden: 279616K(279616K)->0K(279616K) From: 34944K(34944K)->34943K(34944K)
[382.059s][info][gc,heap        ] GC(816) Tenured: 297692K(699072K)->428055K(699072K)
[382.059s][info][gc,metaspace   ] GC(816) Metaspace: 16596K(16896K)->16596K(16896K) NonClass: 14265K(14400K)->14265K(14400K) Class: 2330K(2496K)->2330K(2496K)
[382.059s][info][gc             ] GC(816) Pause Young (Allocation Failure) 597M->452M(989M) 473.188ms
[382.059s][info][gc,cpu         ] GC(816) User=0.45s Sys=0.00s Real=0.47s
[382.516s][info][gc,start       ] GC(817) Pause Young (Allocation Failure)
[382.714s][info][gc,heap        ] GC(817) DefNew: 314559K(314560K)->20186K(314560K) Eden: 279616K(279616K)->0K(279616K) From: 34943K(34944K)->20186K(34944K)
[382.714s][info][gc,heap        ] GC(817) Tenured: 428055K(699072K)->452599K(699072K)
[382.714s][info][gc,metaspace   ] GC(817) Metaspace: 16596K(16896K)->16596K(16896K) NonClass: 14265K(14400K)->14265K(14400K) Class: 2330K(2496K)->2330K(2496K)
[382.714s][info][gc             ] GC(817) Pause Young (Allocation Failure) 725M->461M(989M) 197.860ms
[382.714s][info][gc,cpu         ] GC(817) User=0.19s Sys=0.00s Real=0.19s
[383.071s][info][gc,start       ] GC(818) Pause Young (Allocation Failure)
[383.091s][info][gc,heap        ] GC(818) DefNew: 299802K(314560K)->0K(314560K) Eden: 279616K(279616K)->0K(279616K) From: 20186K(34944K)->0K(34944K)
[383.091s][info][gc,heap        ] GC(818) Tenured: 452599K(699072K)->454735K(699072K)
[383.091s][info][gc,metaspace   ] GC(818) Metaspace: 16596K(16896K)->16596K(16896K) NonClass: 14265K(14400K)->14265K(14400K) Class: 2330K(2496K)->2330K(2496K)
[383.092s][info][gc             ] GC(818) Pause Young (Allocation Failure) 734M->444M(989M) 20.475ms
[383.092s][info][gc,cpu         ] GC(818) User=0.02s Sys=0.00s Real=0.01s
[383.761s][info][gc,start       ] GC(819) Pause Full (System.gc())
[383.761s][info][gc,phases,start] GC(819) Phase 1: Mark live objects
[383.768s][info][gc,phases      ] GC(819) Phase 1: Mark live objects 6.994ms
[383.768s][info][gc,phases,start] GC(819) Phase 2: Compute new object addresses
[383.850s][info][gc,phases      ] GC(819) Phase 2: Compute new object addresses 82.266ms
[383.850s][info][gc,phases,start] GC(819) Phase 3: Adjust pointers
[383.854s][info][gc,phases      ] GC(819) Phase 3: Adjust pointers 4.030ms
[383.854s][info][gc,phases,start] GC(819) Phase 4: Move objects
[383.854s][info][gc,phases      ] GC(819) Phase 4: Move objects 0.010ms
[383.854s][info][gc,heap        ] GC(819) DefNew: 90735K(314560K)->0K(314560K) Eden: 90735K(279616K)->0K(279616K) From: 0K(34944K)->0K(34944K)
[383.854s][info][gc,heap        ] GC(819) Tenured: 454735K(699072K)->6334K(699072K)
[383.854s][info][gc,metaspace   ] GC(819) Metaspace: 16596K(16896K)->16596K(16896K) NonClass: 14266K(14400K)->14266K(14400K) Class: 2330K(2496K)->2330K(2496K)
[383.854s][info][gc             ] GC(819) Pause Full (System.gc()) 532M->6M(989M) 93.655ms
[383.854s][info][gc,cpu         ] GC(819) User=0.08s Sys=0.00s Real=0.09s
[385.355s][info][gc,start       ] GC(820) Pause Young (Allocation Failure)
[385.356s][info][gc,heap        ] GC(820) DefNew: 279616K(314560K)->243K(314560K) Eden: 279616K(279616K)->0K(279616K) From: 0K(34944K)->243K(34944K)
[385.356s][info][gc,heap        ] GC(820) Tenured: 6334K(699072K)->6334K(699072K)
[385.357s][info][gc,metaspace   ] GC(820) Metaspace: 16599K(16896K)->16599K(16896K) NonClass: 14269K(14400K)->14269K(14400K) Class: 2330K(2496K)->2330K(2496K)
[385.357s][info][gc             ] GC(820) Pause Young (Allocation Failure) 279M->6M(989M) 1.190ms
[385.357s][info][gc,cpu         ] GC(820) User=0.00s Sys=0.00s Real=0.00s
[385.403s][info][gc,start       ] GC(821) Pause Young (Allocation Failure)
[385.404s][info][gc,heap        ] GC(821) DefNew: 279859K(314560K)->247K(314560K) Eden: 279616K(279616K)->0K(279616K) From: 243K(34944K)->247K(34944K)
[385.404s][info][gc,heap        ] GC(821) Tenured: 6334K(699072K)->6334K(699072K)
[385.404s][info][gc,metaspace   ] GC(821) Metaspace: 16599K(16896K)->16599K(16896K) NonClass: 14269K(14400K)->14269K(14400K) Class: 2330K(2496K)->2330K(2496K)
[385.404s][info][gc             ] GC(821) Pause Young (Allocation Failure) 279M->6M(989M) 0.837ms
[385.404s][info][gc,cpu         ] GC(821) User=0.00s Sys=0.00s Real=0.00s
[385.449s][info][gc,start       ] GC(822) Pause Young (Allocation Failure)
[385.449s][info][gc,heap        ] GC(822) DefNew: 279863K(314560K)->212K(314560K) Eden: 279616K(279616K)->0K(279616K) From: 247K(34944K)->212K(34944K)
[385.449s][info][gc,heap        ] GC(822) Tenured: 6334K(699072K)->6334K(699072K)
[385.449s][info][gc,metaspace   ] GC(822) Metaspace: 16599K(16896K)->16599K(16896K) NonClass: 14269K(14400K)->14269K(14400K) Class: 2330K(2496K)->2330K(2496K)
[385.449s][info][gc             ] GC(822) Pause Young (Allocation Failure) 279M->6M(989M) 0.781ms
[385.449s][info][gc,cpu         ] GC(822) User=0.00s Sys=0.00s Real=0.00s
[385.494s][info][gc,start       ] GC(823) Pause Young (Allocation Failure)
[385.495s][info][gc,heap        ] GC(823) DefNew: 279828K(314560K)->255K(314560K) Eden: 279616K(279616K)->0K(279616K) From: 212K(34944K)->255K(34944K)
[385.495s][info][gc,heap        ] GC(823) Tenured: 6334K(699072K)->6334K(699072K)
[385.495s][info][gc,metaspace   ] GC(823) Metaspace: 16599K(16896K)->16599K(16896K) NonClass: 14269K(14400K)->14269K(14400K) Class: 2330K(2496K)->2330K(2496K)
[385.495s][info][gc             ] GC(823) Pause Young (Allocation Failure) 279M->6M(989M) 0.874ms
[385.495s][info][gc,cpu         ] GC(823) User=0.00s Sys=0.00s Real=0.00s
[385.540s][info][gc,start       ] GC(824) Pause Young (Allocation Failure)
[385.541s][info][gc,heap        ] GC(824) DefNew: 279871K(314560K)->244K(314560K) Eden: 279616K(279616K)->0K(279616K) From: 255K(34944K)->244K(34944K)
[385.541s][info][gc,heap        ] GC(824) Tenured: 6334K(699072K)->6334K(699072K)
[385.541s][info][gc,metaspace   ] GC(824) Metaspace: 16599K(16896K)->16599K(16896K) NonClass: 14269K(14400K)->14269K(14400K) Class: 2330K(2496K)->2330K(2496K)
[385.541s][info][gc             ] GC(824) Pause Young (Allocation Failure) 279M->6M(989M) 0.811ms
[385.541s][info][gc,cpu         ] GC(824) User=0.00s Sys=0.00s Real=0.00s
[385.586s][info][gc,start       ] GC(825) Pause Young (Allocation Failure)
[385.586s][info][gc,heap        ] GC(825) DefNew: 279860K(314560K)->251K(314560K) Eden: 279616K(279616K)->0K(279616K) From: 244K(34944K)->251K(34944K)
[385.586s][info][gc,heap        ] GC(825) Tenured: 6334K(699072K)->6334K(699072K)
[385.586s][info][gc,metaspace   ] GC(825) Metaspace: 16599K(16896K)->16599K(16896K) NonClass: 14269K(14400K)->14269K(14400K) Class: 2330K(2496K)->2330K(2496K)
[385.586s][info][gc             ] GC(825) Pause Young (Allocation Failure) 279M->6M(989M) 0.869ms
[385.586s][info][gc,cpu         ] GC(825) User=0.00s Sys=0.00s Real=0.00s
[385.631s][info][gc,start       ] GC(826) Pause Young (Allocation Failure)
[385.632s][info][gc,heap        ] GC(826) DefNew: 279867K(314560K)->229K(314560K) Eden: 279616K(279616K)->0K(279616K) From: 251K(34944K)->229K(34944K)
[385.632s][info][gc,heap        ] GC(826) Tenured: 6334K(699072K)->6334K(699072K)
[385.632s][info][gc,metaspace   ] GC(826) Metaspace: 16599K(16896K)->16599K(16896K) NonClass: 14269K(14400K)->14269K(14400K) Class: 2330K(2496K)->2330K(2496K)
[385.632s][info][gc             ] GC(826) Pause Young (Allocation Failure) 279M->6M(989M) 0.768ms
[385.632s][info][gc,cpu         ] GC(826) User=0.00s Sys=0.00s Real=0.00s
[385.677s][info][gc,start       ] GC(827) Pause Young (Allocation Failure)
[385.678s][info][gc,heap        ] GC(827) DefNew: 279845K(314560K)->252K(314560K) Eden: 279616K(279616K)->0K(279616K) From: 229K(34944K)->252K(34944K)
[385.678s][info][gc,heap        ] GC(827) Tenured: 6334K(699072K)->6334K(699072K)
[385.678s][info][gc,metaspace   ] GC(827) Metaspace: 16599K(16896K)->16599K(16896K) NonClass: 14269K(14400K)->14269K(14400K) Class: 2330K(2496K)->2330K(2496K)
[385.678s][info][gc             ] GC(827) Pause Young (Allocation Failure) 279M->6M(989M) 0.876ms
[385.678s][info][gc,cpu         ] GC(827) User=0.00s Sys=0.00s Real=0.00s
[385.722s][info][gc,start       ] GC(828) Pause Young (Allocation Failure)
[385.723s][info][gc,heap        ] GC(828) DefNew: 279868K(314560K)->228K(314560K) Eden: 279616K(279616K)->0K(279616K) From: 252K(34944K)->228K(34944K)
[385.723s][info][gc,heap        ] GC(828) Tenured: 6334K(699072K)->6334K(699072K)
[385.723s][info][gc,metaspace   ] GC(828) Metaspace: 16599K(16896K)->16599K(16896K) NonClass: 14269K(14400K)->14269K(14400K) Class: 2330K(2496K)->2330K(2496K)
[385.723s][info][gc             ] GC(828) Pause Young (Allocation Failure) 279M->6M(989M) 0.975ms
[385.723s][info][gc,cpu         ] GC(828) User=0.00s Sys=0.00s Real=0.00s
[385.769s][info][gc,start       ] GC(829) Pause Young (Allocation Failure)
[385.770s][info][gc,heap        ] GC(829) DefNew: 279844K(314560K)->200K(314560K) Eden: 279616K(279616K)->0K(279616K) From: 228K(34944K)->200K(34944K)
[385.770s][info][gc,heap        ] GC(829) Tenured: 6334K(699072K)->6334K(699072K)
[385.770s][info][gc,metaspace   ] GC(829) Metaspace: 16599K(16896K)->16599K(16896K) NonClass: 14269K(14400K)->14269K(14400K) Class: 2330K(2496K)->2330K(2496K)
[385.770s][info][gc             ] GC(829) Pause Young (Allocation Failure) 279M->6M(989M) 0.949ms
[385.770s][info][gc,cpu         ] GC(829) User=0.00s Sys=0.00s Real=0.00s
[385.850s][info][gc,start       ] GC(830) Pause Young (Allocation Failure)
[386.039s][info][gc,heap        ] GC(830) DefNew: 279816K(314560K)->34943K(314560K) Eden: 279616K(279616K)->0K(279616K) From: 200K(34944K)->34943K(34944K)
[386.039s][info][gc,heap        ] GC(830) Tenured: 6334K(699072K)->48153K(699072K)
[386.039s][info][gc,metaspace   ] GC(830) Metaspace: 16599K(16896K)->16599K(16896K) NonClass: 14269K(14400K)->14269K(14400K) Class: 2330K(2496K)->2330K(2496K)
[386.039s][info][gc             ] GC(830) Pause Young (Allocation Failure) 279M->81M(989M) 188.735ms
[386.039s][info][gc,cpu         ] GC(830) User=0.19s Sys=0.00s Real=0.19s
[386.207s][info][gc,start       ] GC(831) Pause Young (Allocation Failure)
[386.796s][info][gc,heap        ] GC(831) DefNew: 314559K(314560K)->34943K(314560K) Eden: 279616K(279616K)->0K(279616K) From: 34943K(34944K)->34943K(34944K)
[386.796s][info][gc,heap        ] GC(831) Tenured: 48153K(699072K)->231742K(699072K)
[386.796s][info][gc,metaspace   ] GC(831) Metaspace: 16599K(16896K)->16599K(16896K) NonClass: 14269K(14400K)->14269K(14400K) Class: 2330K(2496K)->2330K(2496K)
[386.796s][info][gc             ] GC(831) Pause Young (Allocation Failure) 354M->260M(989M) 589.368ms
[386.796s][info][gc,cpu         ] GC(831) User=0.58s Sys=0.00s Real=0.60s
[387.001s][info][gc,start       ] GC(832) Pause Young (Allocation Failure)
[387.551s][info][gc,heap        ] GC(832) DefNew: 314559K(314560K)->34944K(314560K) Eden: 279616K(279616K)->0K(279616K) From: 34943K(34944K)->34944K(34944K)
[387.551s][info][gc,heap        ] GC(832) Tenured: 231742K(699072K)->408778K(699072K)
[387.551s][info][gc,metaspace   ] GC(832) Metaspace: 16599K(16896K)->16599K(16896K) NonClass: 14269K(14400K)->14269K(14400K) Class: 2330K(2496K)->2330K(2496K)
[387.551s][info][gc             ] GC(832) Pause Young (Allocation Failure) 533M->433M(989M) 550.011ms
[387.551s][info][gc,cpu         ] GC(832) User=0.59s Sys=0.00s Real=0.55s
[390.110s][info][gc,start       ] GC(833) Pause Young (Allocation Failure)
[390.488s][info][gc,heap        ] GC(833) DefNew: 314560K(314560K)->34944K(314560K) Eden: 279616K(279616K)->0K(279616K) From: 34944K(34944K)->34944K(34944K)
[390.488s][info][gc,heap        ] GC(833) Tenured: 408778K(699072K)->494085K(699072K)
[390.488s][info][gc,metaspace   ] GC(833) Metaspace: 16599K(16896K)->16599K(16896K) NonClass: 14269K(14400K)->14269K(14400K) Class: 2330K(2496K)->2330K(2496K)
[390.488s][info][gc             ] GC(833) Pause Young (Allocation Failure) 706M->516M(989M) 377.566ms
[390.488s][info][gc,cpu         ] GC(833) User=0.38s Sys=0.00s Real=0.38s
[390.626s][info][gc,start       ] GC(834) Pause Young (Allocation Failure)
[390.626s][info][gc             ] GC(834) Pause Young (Allocation Failure) 789M->789M(989M) 0.122ms
[390.626s][info][gc,cpu         ] GC(834) User=0.00s Sys=0.00s Real=0.00s
[390.626s][info][gc,start       ] GC(835) Pause Full (Allocation Failure)
[390.626s][info][gc,phases,start] GC(835) Phase 1: Mark live objects
[390.857s][info][gc,phases      ] GC(835) Phase 1: Mark live objects 230.876ms
[390.857s][info][gc,phases,start] GC(835) Phase 2: Compute new object addresses
[390.984s][info][gc,phases      ] GC(835) Phase 2: Compute new object addresses 127.257ms
[390.984s][info][gc,phases,start] GC(835) Phase 3: Adjust pointers
[391.101s][info][gc,phases      ] GC(835) Phase 3: Adjust pointers 116.587ms
[391.101s][info][gc,phases,start] GC(835) Phase 4: Move objects
[391.183s][info][gc,phases      ] GC(835) Phase 4: Move objects 81.552ms
[391.183s][info][gc,heap        ] GC(835) DefNew: 314560K(314560K)->0K(314560K) Eden: 279616K(279616K)->0K(279616K) From: 34944K(34944K)->0K(34944K)
[391.183s][info][gc,heap        ] GC(835) Tenured: 494085K(699072K)->208960K(699072K)
[391.183s][info][gc,metaspace   ] GC(835) Metaspace: 16599K(16896K)->16599K(16896K) NonClass: 14269K(14400K)->14269K(14400K) Class: 2330K(2496K)->2330K(2496K)
[391.183s][info][gc             ] GC(835) Pause Full (Allocation Failure) 789M->204M(989M) 556.925ms
[391.183s][info][gc,cpu         ] GC(835) User=0.50s Sys=0.00s Real=0.55s
[391.327s][info][gc,start       ] GC(836) Pause Young (Allocation Failure)
[391.612s][info][gc,heap        ] GC(836) DefNew: 279616K(314560K)->34944K(314560K) Eden: 279616K(279616K)->0K(279616K) From: 0K(34944K)->34944K(34944K)
[391.612s][info][gc,heap        ] GC(836) Tenured: 208960K(699072K)->291651K(699072K)
[391.612s][info][gc,metaspace   ] GC(836) Metaspace: 16599K(16896K)->16599K(16896K) NonClass: 14269K(14400K)->14269K(14400K) Class: 2330K(2496K)->2330K(2496K)
[391.612s][info][gc             ] GC(836) Pause Young (Allocation Failure) 477M->318M(989M) 285.438ms
[391.612s][info][gc,cpu         ] GC(836) User=0.28s Sys=0.00s Real=0.29s
[391.769s][info][gc,start       ] GC(837) Pause Young (Allocation Failure)
[392.212s][info][gc,heap        ] GC(837) DefNew: 314560K(314560K)->34943K(314560K) Eden: 279616K(279616K)->0K(279616K) From: 34944K(34944K)->34943K(34944K)
[392.212s][info][gc,heap        ] GC(837) Tenured: 291651K(699072K)->417709K(699072K)
[392.212s][info][gc,metaspace   ] GC(837) Metaspace: 16599K(16896K)->16599K(16896K) NonClass: 14269K(14400K)->14269K(14400K) Class: 2330K(2496K)->2330K(2496K)
[392.212s][info][gc             ] GC(837) Pause Young (Allocation Failure) 592M->442M(989M) 442.910ms
[392.212s][info][gc,cpu         ] GC(837) User=0.42s Sys=0.00s Real=0.44s
[392.676s][info][gc,start       ] GC(838) Pause Young (Allocation Failure)
[392.891s][info][gc,heap        ] GC(838) DefNew: 314559K(314560K)->29871K(314560K) Eden: 279616K(279616K)->0K(279616K) From: 34943K(34944K)->29871K(34944K)
[392.891s][info][gc,heap        ] GC(838) Tenured: 417709K(699072K)->443299K(699072K)
[392.891s][info][gc,metaspace   ] GC(838) Metaspace: 16599K(16896K)->16599K(16896K) NonClass: 14269K(14400K)->14269K(14400K) Class: 2330K(2496K)->2330K(2496K)
[392.891s][info][gc             ] GC(838) Pause Young (Allocation Failure) 715M->462M(989M) 215.424ms
[392.891s][info][gc,cpu         ] GC(838) User=0.20s Sys=0.00s Real=0.22s
[393.256s][info][gc,start       ] GC(839) Pause Young (Allocation Failure)
[393.303s][info][gc,heap        ] GC(839) DefNew: 309487K(314560K)->346K(314560K) Eden: 279616K(279616K)->0K(279616K) From: 29871K(34944K)->346K(34944K)
[393.303s][info][gc,heap        ] GC(839) Tenured: 443299K(699072K)->446643K(699072K)
[393.303s][info][gc,metaspace   ] GC(839) Metaspace: 16599K(16896K)->16599K(16896K) NonClass: 14269K(14400K)->14269K(14400K) Class: 2330K(2496K)->2330K(2496K)
[393.303s][info][gc             ] GC(839) Pause Young (Allocation Failure) 735M->436M(989M) 47.552ms
[393.303s][info][gc,cpu         ] GC(839) User=0.03s Sys=0.00s Real=0.05s
[393.992s][info][gc,start       ] GC(840) Pause Full (System.gc())
[393.992s][info][gc,phases,start] GC(840) Phase 1: Mark live objects
[393.999s][info][gc,phases      ] GC(840) Phase 1: Mark live objects 7.102ms
[393.999s][info][gc,phases,start] GC(840) Phase 2: Compute new object addresses
[394.080s][info][gc,phases      ] GC(840) Phase 2: Compute new object addresses 80.902ms
[394.080s][info][gc,phases,start] GC(840) Phase 3: Adjust pointers
[394.084s][info][gc,phases      ] GC(840) Phase 3: Adjust pointers 4.055ms
[394.084s][info][gc,phases,start] GC(840) Phase 4: Move objects
[394.084s][info][gc,phases      ] GC(840) Phase 4: Move objects 0.009ms
[394.084s][info][gc,heap        ] GC(840) DefNew: 100774K(314560K)->0K(314560K) Eden: 100428K(279616K)->0K(279616K) From: 346K(34944K)->0K(34944K)
[394.084s][info][gc,heap        ] GC(840) Tenured: 446643K(699072K)->6333K(699072K)
[394.084s][info][gc,metaspace   ] GC(840) Metaspace: 16599K(16896K)->16599K(16896K) NonClass: 14269K(14400K)->14269K(14400K) Class: 2330K(2496K)->2330K(2496K)
[394.084s][info][gc             ] GC(840) Pause Full (System.gc()) 534M->6M(989M) 92.412ms
[394.084s][info][gc,cpu         ] GC(840) User=0.06s Sys=0.00s Real=0.10s
[395.364s][info][gc,start       ] GC(841) Pause Young (Allocation Failure)
[395.366s][info][gc,heap        ] GC(841) DefNew: 279616K(314560K)->238K(314560K) Eden: 279616K(279616K)->0K(279616K) From: 0K(34944K)->238K(34944K)
[395.366s][info][gc,heap        ] GC(841) Tenured: 6333K(699072K)->6333K(699072K)
[395.366s][info][gc,metaspace   ] GC(841) Metaspace: 16599K(16896K)->16599K(16896K) NonClass: 14269K(14400K)->14269K(14400K) Class: 2330K(2496K)->2330K(2496K)
[395.366s][info][gc             ] GC(841) Pause Young (Allocation Failure) 279M->6M(989M) 1.248ms
[395.366s][info][gc,cpu         ] GC(841) User=0.00s Sys=0.00s Real=0.00s
[395.414s][info][gc,start       ] GC(842) Pause Young (Allocation Failure)
[395.415s][info][gc,heap        ] GC(842) DefNew: 279854K(314560K)->251K(314560K) Eden: 279616K(279616K)->0K(279616K) From: 238K(34944K)->251K(34944K)
[395.415s][info][gc,heap        ] GC(842) Tenured: 6333K(699072K)->6333K(699072K)
[395.415s][info][gc,metaspace   ] GC(842) Metaspace: 16599K(16896K)->16599K(16896K) NonClass: 14269K(14400K)->14269K(14400K) Class: 2330K(2496K)->2330K(2496K)
[395.415s][info][gc             ] GC(842) Pause Young (Allocation Failure) 279M->6M(989M) 1.022ms
[395.415s][info][gc,cpu         ] GC(842) User=0.00s Sys=0.00s Real=0.00s
[395.461s][info][gc,start       ] GC(843) Pause Young (Allocation Failure)
[395.461s][info][gc,heap        ] GC(843) DefNew: 279867K(314560K)->249K(314560K) Eden: 279616K(279616K)->0K(279616K) From: 251K(34944K)->249K(34944K)
[395.461s][info][gc,heap        ] GC(843) Tenured: 6333K(699072K)->6333K(699072K)
[395.461s][info][gc,metaspace   ] GC(843) Metaspace: 16599K(16896K)->16599K(16896K) NonClass: 14269K(14400K)->14269K(14400K) Class: 2330K(2496K)->2330K(2496K)
[395.462s][info][gc             ] GC(843) Pause Young (Allocation Failure) 279M->6M(989M) 0.939ms
[395.462s][info][gc,cpu         ] GC(843) User=0.00s Sys=0.00s Real=0.00s
[395.506s][info][gc,start       ] GC(844) Pause Young (Allocation Failure)
[395.507s][info][gc,heap        ] GC(844) DefNew: 279865K(314560K)->252K(314560K) Eden: 279616K(279616K)->0K(279616K) From: 249K(34944K)->252K(34944K)
[395.507s][info][gc,heap        ] GC(844) Tenured: 6333K(699072K)->6333K(699072K)
[395.507s][info][gc,metaspace   ] GC(844) Metaspace: 16599K(16896K)->16599K(16896K) NonClass: 14269K(14400K)->14269K(14400K) Class: 2330K(2496K)->2330K(2496K)
[395.507s][info][gc             ] GC(844) Pause Young (Allocation Failure) 279M->6M(989M) 0.934ms
[395.507s][info][gc,cpu         ] GC(844) User=0.00s Sys=0.00s Real=0.00s
[395.551s][info][gc,start       ] GC(845) Pause Young (Allocation Failure)
[395.552s][info][gc,heap        ] GC(845) DefNew: 279868K(314560K)->267K(314560K) Eden: 279616K(279616K)->0K(279616K) From: 252K(34944K)->267K(34944K)
[395.552s][info][gc,heap        ] GC(845) Tenured: 6333K(699072K)->6333K(699072K)
[395.552s][info][gc,metaspace   ] GC(845) Metaspace: 16599K(16896K)->16599K(16896K) NonClass: 14269K(14400K)->14269K(14400K) Class: 2330K(2496K)->2330K(2496K)
[395.552s][info][gc             ] GC(845) Pause Young (Allocation Failure) 279M->6M(989M) 1.016ms
[395.552s][info][gc,cpu         ] GC(845) User=0.00s Sys=0.00s Real=0.00s
[395.597s][info][gc,start       ] GC(846) Pause Young (Allocation Failure)
[395.598s][info][gc,heap        ] GC(846) DefNew: 279883K(314560K)->249K(314560K) Eden: 279616K(279616K)->0K(279616K) From: 267K(34944K)->249K(34944K)
[395.598s][info][gc,heap        ] GC(846) Tenured: 6333K(699072K)->6333K(699072K)
[395.598s][info][gc,metaspace   ] GC(846) Metaspace: 16599K(16896K)->16599K(16896K) NonClass: 14269K(14400K)->14269K(14400K) Class: 2330K(2496K)->2330K(2496K)
[395.598s][info][gc             ] GC(846) Pause Young (Allocation Failure) 279M->6M(989M) 0.901ms
[395.598s][info][gc,cpu         ] GC(846) User=0.00s Sys=0.00s Real=0.00s
[395.642s][info][gc,start       ] GC(847) Pause Young (Allocation Failure)
[395.643s][info][gc,heap        ] GC(847) DefNew: 279865K(314560K)->244K(314560K) Eden: 279616K(279616K)->0K(279616K) From: 249K(34944K)->244K(34944K)
[395.643s][info][gc,heap        ] GC(847) Tenured: 6333K(699072K)->6333K(699072K)
[395.643s][info][gc,metaspace   ] GC(847) Metaspace: 16599K(16896K)->16599K(16896K) NonClass: 14269K(14400K)->14269K(14400K) Class: 2330K(2496K)->2330K(2496K)
[395.643s][info][gc             ] GC(847) Pause Young (Allocation Failure) 279M->6M(989M) 0.951ms
[395.643s][info][gc,cpu         ] GC(847) User=0.00s Sys=0.00s Real=0.00s
[395.688s][info][gc,start       ] GC(848) Pause Young (Allocation Failure)
[395.688s][info][gc,heap        ] GC(848) DefNew: 279860K(314560K)->218K(314560K) Eden: 279616K(279616K)->0K(279616K) From: 244K(34944K)->218K(34944K)
[395.688s][info][gc,heap        ] GC(848) Tenured: 6333K(699072K)->6333K(699072K)
[395.688s][info][gc,metaspace   ] GC(848) Metaspace: 16599K(16896K)->16599K(16896K) NonClass: 14269K(14400K)->14269K(14400K) Class: 2330K(2496K)->2330K(2496K)
[395.688s][info][gc             ] GC(848) Pause Young (Allocation Failure) 279M->6M(989M) 0.789ms
[395.688s][info][gc,cpu         ] GC(848) User=0.00s Sys=0.00s Real=0.00s
[395.732s][info][gc,start       ] GC(849) Pause Young (Allocation Failure)
[395.733s][info][gc,heap        ] GC(849) DefNew: 279834K(314560K)->238K(314560K) Eden: 279616K(279616K)->0K(279616K) From: 218K(34944K)->238K(34944K)
[395.733s][info][gc,heap        ] GC(849) Tenured: 6333K(699072K)->6333K(699072K)
[395.733s][info][gc,metaspace   ] GC(849) Metaspace: 16599K(16896K)->16599K(16896K) NonClass: 14269K(14400K)->14269K(14400K) Class: 2330K(2496K)->2330K(2496K)
[395.733s][info][gc             ] GC(849) Pause Young (Allocation Failure) 279M->6M(989M) 0.833ms
[395.733s][info][gc,cpu         ] GC(849) User=0.00s Sys=0.00s Real=0.00s
[395.779s][info][gc,start       ] GC(850) Pause Young (Allocation Failure)
[395.780s][info][gc,heap        ] GC(850) DefNew: 279854K(314560K)->203K(314560K) Eden: 279616K(279616K)->0K(279616K) From: 238K(34944K)->203K(34944K)
[395.780s][info][gc,heap        ] GC(850) Tenured: 6333K(699072K)->6333K(699072K)
[395.780s][info][gc,metaspace   ] GC(850) Metaspace: 16599K(16896K)->16599K(16896K) NonClass: 14269K(14400K)->14269K(14400K) Class: 2330K(2496K)->2330K(2496K)
[395.780s][info][gc             ] GC(850) Pause Young (Allocation Failure) 279M->6M(989M) 0.759ms
[395.780s][info][gc,cpu         ] GC(850) User=0.00s Sys=0.00s Real=0.00s
[395.862s][info][gc,start       ] GC(851) Pause Young (Allocation Failure)
[396.055s][info][gc,heap        ] GC(851) DefNew: 279819K(314560K)->34944K(314560K) Eden: 279616K(279616K)->0K(279616K) From: 203K(34944K)->34944K(34944K)
[396.055s][info][gc,heap        ] GC(851) Tenured: 6333K(699072K)->49679K(699072K)
[396.055s][info][gc,metaspace   ] GC(851) Metaspace: 16599K(16896K)->16599K(16896K) NonClass: 14269K(14400K)->14269K(14400K) Class: 2330K(2496K)->2330K(2496K)
[396.055s][info][gc             ] GC(851) Pause Young (Allocation Failure) 279M->82M(989M) 193.436ms
[396.055s][info][gc,cpu         ] GC(851) User=0.19s Sys=0.00s Real=0.19s
[396.224s][info][gc,start       ] GC(852) Pause Young (Allocation Failure)
[396.817s][info][gc,heap        ] GC(852) DefNew: 314560K(314560K)->34944K(314560K) Eden: 279616K(279616K)->0K(279616K) From: 34944K(34944K)->34944K(34944K)
[396.817s][info][gc,heap        ] GC(852) Tenured: 49679K(699072K)->233458K(699072K)
[396.817s][info][gc,metaspace   ] GC(852) Metaspace: 16599K(16896K)->16599K(16896K) NonClass: 14269K(14400K)->14269K(14400K) Class: 2330K(2496K)->2330K(2496K)
[396.817s][info][gc             ] GC(852) Pause Young (Allocation Failure) 355M->262M(989M) 593.248ms
[396.817s][info][gc,cpu         ] GC(852) User=0.58s Sys=0.00s Real=0.60s
[397.021s][info][gc,start       ] GC(853) Pause Young (Allocation Failure)
[397.572s][info][gc,heap        ] GC(853) DefNew: 314560K(314560K)->34943K(314560K) Eden: 279616K(279616K)->0K(279616K) From: 34944K(34944K)->34943K(34944K)
[397.572s][info][gc,heap        ] GC(853) Tenured: 233458K(699072K)->408418K(699072K)
[397.572s][info][gc,metaspace   ] GC(853) Metaspace: 16599K(16896K)->16599K(16896K) NonClass: 14269K(14400K)->14269K(14400K) Class: 2330K(2496K)->2330K(2496K)
[397.572s][info][gc             ] GC(853) Pause Young (Allocation Failure) 535M->432M(989M) 550.697ms
[397.572s][info][gc,cpu         ] GC(853) User=0.56s Sys=0.00s Real=0.55s
[399.823s][info][gc,start       ] GC(854) Pause Young (Allocation Failure)
[400.218s][info][gc,heap        ] GC(854) DefNew: 314559K(314560K)->34944K(314560K) Eden: 279616K(279616K)->0K(279616K) From: 34943K(34944K)->34944K(34944K)
[400.218s][info][gc,heap        ] GC(854) Tenured: 408418K(699072K)->495063K(699072K)
[400.218s][info][gc,metaspace   ] GC(854) Metaspace: 16599K(16896K)->16599K(16896K) NonClass: 14269K(14400K)->14269K(14400K) Class: 2330K(2496K)->2330K(2496K)
[400.218s][info][gc             ] GC(854) Pause Young (Allocation Failure) 706M->517M(989M) 394.554ms
[400.218s][info][gc,cpu         ] GC(854) User=0.38s Sys=0.00s Real=0.39s
[400.357s][info][gc,start       ] GC(855) Pause Young (Allocation Failure)
[400.357s][info][gc             ] GC(855) Pause Young (Allocation Failure) 790M->790M(989M) 0.114ms
[400.357s][info][gc,cpu         ] GC(855) User=0.00s Sys=0.00s Real=0.00s
[400.357s][info][gc,start       ] GC(856) Pause Full (Allocation Failure)
[400.357s][info][gc,phases,start] GC(856) Phase 1: Mark live objects
[400.600s][info][gc,phases      ] GC(856) Phase 1: Mark live objects 242.429ms
[400.600s][info][gc,phases,start] GC(856) Phase 2: Compute new object addresses
[400.726s][info][gc,phases      ] GC(856) Phase 2: Compute new object addresses 126.017ms
[400.726s][info][gc,phases,start] GC(856) Phase 3: Adjust pointers
[400.852s][info][gc,phases      ] GC(856) Phase 3: Adjust pointers 125.748ms
[400.852s][info][gc,phases,start] GC(856) Phase 4: Move objects
[400.933s][info][gc,phases      ] GC(856) Phase 4: Move objects 80.978ms
[400.933s][info][gc,heap        ] GC(856) DefNew: 314560K(314560K)->0K(314560K) Eden: 279616K(279616K)->0K(279616K) From: 34944K(34944K)->0K(34944K)
[400.933s][info][gc,heap        ] GC(856) Tenured: 495063K(699072K)->210371K(699072K)
[400.933s][info][gc,metaspace   ] GC(856) Metaspace: 16599K(16896K)->16599K(16896K) NonClass: 14269K(14400K)->14269K(14400K) Class: 2330K(2496K)->2330K(2496K)
[400.933s][info][gc             ] GC(856) Pause Full (Allocation Failure) 790M->205M(989M) 575.603ms
[400.933s][info][gc,cpu         ] GC(856) User=0.55s Sys=0.00s Real=0.57s
[401.075s][info][gc,start       ] GC(857) Pause Young (Allocation Failure)
[401.363s][info][gc,heap        ] GC(857) DefNew: 279616K(314560K)->34944K(314560K) Eden: 279616K(279616K)->0K(279616K) From: 0K(34944K)->34944K(34944K)
[401.363s][info][gc,heap        ] GC(857) Tenured: 210371K(699072K)->293058K(699072K)
[401.363s][info][gc,metaspace   ] GC(857) Metaspace: 16599K(16896K)->16599K(16896K) NonClass: 14269K(14400K)->14269K(14400K) Class: 2330K(2496K)->2330K(2496K)
[401.363s][info][gc             ] GC(857) Pause Young (Allocation Failure) 478M->320M(989M) 287.891ms
[401.363s][info][gc,cpu         ] GC(857) User=0.28s Sys=0.00s Real=0.30s
[401.522s][info][gc,start       ] GC(858) Pause Young (Allocation Failure)
[401.980s][info][gc,heap        ] GC(858) DefNew: 314560K(314560K)->34944K(314560K) Eden: 279616K(279616K)->0K(279616K) From: 34944K(34944K)->34944K(34944K)
[401.980s][info][gc,heap        ] GC(858) Tenured: 293058K(699072K)->420174K(699072K)
[401.980s][info][gc,metaspace   ] GC(858) Metaspace: 16599K(16896K)->16599K(16896K) NonClass: 14269K(14400K)->14269K(14400K) Class: 2330K(2496K)->2330K(2496K)
[401.980s][info][gc             ] GC(858) Pause Young (Allocation Failure) 593M->444M(989M) 457.963ms
[401.980s][info][gc,cpu         ] GC(858) User=0.44s Sys=0.00s Real=0.46s
[402.457s][info][gc,start       ] GC(859) Pause Young (Allocation Failure)
[402.668s][info][gc,heap        ] GC(859) DefNew: 314560K(314560K)->28143K(314560K) Eden: 279616K(279616K)->0K(279616K) From: 34944K(34944K)->28143K(34944K)
[402.668s][info][gc,heap        ] GC(859) Tenured: 420174K(699072K)->445220K(699072K)
[402.668s][info][gc,metaspace   ] GC(859) Metaspace: 16599K(16896K)->16599K(16896K) NonClass: 14269K(14400K)->14269K(14400K) Class: 2330K(2496K)->2330K(2496K)
[402.668s][info][gc             ] GC(859) Pause Young (Allocation Failure) 717M->462M(989M) 210.909ms
[402.668s][info][gc,cpu         ] GC(859) User=0.22s Sys=0.00s Real=0.20s
[403.032s][info][gc,start       ] GC(860) Pause Young (Allocation Failure)
[403.070s][info][gc,heap        ] GC(860) DefNew: 307759K(314560K)->231K(314560K) Eden: 279616K(279616K)->0K(279616K) From: 28143K(34944K)->231K(34944K)
[403.070s][info][gc,heap        ] GC(860) Tenured: 445220K(699072K)->448226K(699072K)
[403.070s][info][gc,metaspace   ] GC(860) Metaspace: 16599K(16896K)->16599K(16896K) NonClass: 14269K(14400K)->14269K(14400K) Class: 2330K(2496K)->2330K(2496K)
[403.070s][info][gc             ] GC(860) Pause Young (Allocation Failure) 735M->437M(989M) 37.991ms
[403.070s][info][gc,cpu         ] GC(860) User=0.03s Sys=0.00s Real=0.03s
[403.759s][info][gc,start       ] GC(861) Pause Full (System.gc())
[403.759s][info][gc,phases,start] GC(861) Phase 1: Mark live objects
[403.767s][info][gc,phases      ] GC(861) Phase 1: Mark live objects 7.285ms
[403.767s][info][gc,phases,start] GC(861) Phase 2: Compute new object addresses
[403.848s][info][gc,phases      ] GC(861) Phase 2: Compute new object addresses 80.895ms
[403.848s][info][gc,phases,start] GC(861) Phase 3: Adjust pointers
[403.852s][info][gc,phases      ] GC(861) Phase 3: Adjust pointers 4.064ms
[403.852s][info][gc,phases,start] GC(861) Phase 4: Move objects
[403.852s][info][gc,phases      ] GC(861) Phase 4: Move objects 0.009ms
[403.852s][info][gc,heap        ] GC(861) DefNew: 95654K(314560K)->0K(314560K) Eden: 95422K(279616K)->0K(279616K) From: 231K(34944K)->0K(34944K)
[403.852s][info][gc,heap        ] GC(861) Tenured: 448226K(699072K)->6333K(699072K)
[403.852s][info][gc,metaspace   ] GC(861) Metaspace: 16599K(16896K)->16599K(16896K) NonClass: 14269K(14400K)->14269K(14400K) Class: 2330K(2496K)->2330K(2496K)
[403.852s][info][gc             ] GC(861) Pause Full (System.gc()) 531M->6M(989M) 92.599ms
[403.852s][info][gc,cpu         ] GC(861) User=0.08s Sys=0.00s Real=0.09s
[405.129s][info][gc,start       ] GC(862) Pause Young (Allocation Failure)
[405.130s][info][gc,heap        ] GC(862) DefNew: 279616K(314560K)->253K(314560K) Eden: 279616K(279616K)->0K(279616K) From: 0K(34944K)->253K(34944K)
[405.130s][info][gc,heap        ] GC(862) Tenured: 6333K(699072K)->6333K(699072K)
[405.130s][info][gc,metaspace   ] GC(862) Metaspace: 16608K(16896K)->16608K(16896K) NonClass: 14278K(14400K)->14278K(14400K) Class: 2330K(2496K)->2330K(2496K)
[405.130s][info][gc             ] GC(862) Pause Young (Allocation Failure) 279M->6M(989M) 1.108ms
[405.130s][info][gc,cpu         ] GC(862) User=0.00s Sys=0.00s Real=0.00s
[405.176s][info][gc,start       ] GC(863) Pause Young (Allocation Failure)
[405.177s][info][gc,heap        ] GC(863) DefNew: 279869K(314560K)->250K(314560K) Eden: 279616K(279616K)->0K(279616K) From: 253K(34944K)->250K(34944K)
[405.177s][info][gc,heap        ] GC(863) Tenured: 6333K(699072K)->6333K(699072K)
[405.177s][info][gc,metaspace   ] GC(863) Metaspace: 16608K(16896K)->16608K(16896K) NonClass: 14278K(14400K)->14278K(14400K) Class: 2330K(2496K)->2330K(2496K)
[405.177s][info][gc             ] GC(863) Pause Young (Allocation Failure) 279M->6M(989M) 0.823ms
[405.177s][info][gc,cpu         ] GC(863) User=0.00s Sys=0.00s Real=0.00s
[405.221s][info][gc,start       ] GC(864) Pause Young (Allocation Failure)
[405.222s][info][gc,heap        ] GC(864) DefNew: 279866K(314560K)->247K(314560K) Eden: 279616K(279616K)->0K(279616K) From: 250K(34944K)->247K(34944K)
[405.222s][info][gc,heap        ] GC(864) Tenured: 6333K(699072K)->6333K(699072K)
[405.222s][info][gc,metaspace   ] GC(864) Metaspace: 16608K(16896K)->16608K(16896K) NonClass: 14278K(14400K)->14278K(14400K) Class: 2330K(2496K)->2330K(2496K)
[405.222s][info][gc             ] GC(864) Pause Young (Allocation Failure) 279M->6M(989M) 0.833ms
[405.222s][info][gc,cpu         ] GC(864) User=0.00s Sys=0.00s Real=0.00s
[405.266s][info][gc,start       ] GC(865) Pause Young (Allocation Failure)
[405.267s][info][gc,heap        ] GC(865) DefNew: 279863K(314560K)->254K(314560K) Eden: 279616K(279616K)->0K(279616K) From: 247K(34944K)->254K(34944K)
[405.267s][info][gc,heap        ] GC(865) Tenured: 6333K(699072K)->6333K(699072K)
[405.267s][info][gc,metaspace   ] GC(865) Metaspace: 16608K(16896K)->16608K(16896K) NonClass: 14278K(14400K)->14278K(14400K) Class: 2330K(2496K)->2330K(2496K)
[405.267s][info][gc             ] GC(865) Pause Young (Allocation Failure) 279M->6M(989M) 0.915ms
[405.267s][info][gc,cpu         ] GC(865) User=0.00s Sys=0.00s Real=0.00s
[405.312s][info][gc,start       ] GC(866) Pause Young (Allocation Failure)
[405.312s][info][gc,heap        ] GC(866) DefNew: 279870K(314560K)->221K(314560K) Eden: 279616K(279616K)->0K(279616K) From: 254K(34944K)->221K(34944K)
[405.312s][info][gc,heap        ] GC(866) Tenured: 6333K(699072K)->6333K(699072K)
[405.312s][info][gc,metaspace   ] GC(866) Metaspace: 16608K(16896K)->16608K(16896K) NonClass: 14278K(14400K)->14278K(14400K) Class: 2330K(2496K)->2330K(2496K)
[405.312s][info][gc             ] GC(866) Pause Young (Allocation Failure) 279M->6M(989M) 0.804ms
[405.312s][info][gc,cpu         ] GC(866) User=0.00s Sys=0.00s Real=0.00s
[405.360s][info][gc,start       ] GC(867) Pause Young (Allocation Failure)
[405.361s][info][gc,heap        ] GC(867) DefNew: 279837K(314560K)->250K(314560K) Eden: 279616K(279616K)->0K(279616K) From: 221K(34944K)->250K(34944K)
[405.361s][info][gc,heap        ] GC(867) Tenured: 6333K(699072K)->6333K(699072K)
[405.361s][info][gc,metaspace   ] GC(867) Metaspace: 16608K(16896K)->16608K(16896K) NonClass: 14278K(14400K)->14278K(14400K) Class: 2330K(2496K)->2330K(2496K)
[405.361s][info][gc             ] GC(867) Pause Young (Allocation Failure) 279M->6M(989M) 1.019ms
[405.361s][info][gc,cpu         ] GC(867) User=0.00s Sys=0.00s Real=0.01s
[405.408s][info][gc,start       ] GC(868) Pause Young (Allocation Failure)
[405.408s][info][gc,heap        ] GC(868) DefNew: 279866K(314560K)->235K(314560K) Eden: 279616K(279616K)->0K(279616K) From: 250K(34944K)->235K(34944K)
[405.408s][info][gc,heap        ] GC(868) Tenured: 6333K(699072K)->6333K(699072K)
[405.408s][info][gc,metaspace   ] GC(868) Metaspace: 16608K(16896K)->16608K(16896K) NonClass: 14278K(14400K)->14278K(14400K) Class: 2330K(2496K)->2330K(2496K)
[405.408s][info][gc             ] GC(868) Pause Young (Allocation Failure) 279M->6M(989M) 0.858ms
[405.408s][info][gc,cpu         ] GC(868) User=0.00s Sys=0.00s Real=0.00s
[405.454s][info][gc,start       ] GC(869) Pause Young (Allocation Failure)
[405.455s][info][gc,heap        ] GC(869) DefNew: 279851K(314560K)->231K(314560K) Eden: 279616K(279616K)->0K(279616K) From: 235K(34944K)->231K(34944K)
[405.455s][info][gc,heap        ] GC(869) Tenured: 6333K(699072K)->6333K(699072K)
[405.455s][info][gc,metaspace   ] GC(869) Metaspace: 16608K(16896K)->16608K(16896K) NonClass: 14278K(14400K)->14278K(14400K) Class: 2330K(2496K)->2330K(2496K)
[405.455s][info][gc             ] GC(869) Pause Young (Allocation Failure) 279M->6M(989M) 0.775ms
[405.455s][info][gc,cpu         ] GC(869) User=0.00s Sys=0.00s Real=0.00s
[405.498s][info][gc,start       ] GC(870) Pause Young (Allocation Failure)
[405.499s][info][gc,heap        ] GC(870) DefNew: 279847K(314560K)->211K(314560K) Eden: 279616K(279616K)->0K(279616K) From: 231K(34944K)->211K(34944K)
[405.499s][info][gc,heap        ] GC(870) Tenured: 6333K(699072K)->6333K(699072K)
[405.499s][info][gc,metaspace   ] GC(870) Metaspace: 16608K(16896K)->16608K(16896K) NonClass: 14278K(14400K)->14278K(14400K) Class: 2330K(2496K)->2330K(2496K)
[405.499s][info][gc             ] GC(870) Pause Young (Allocation Failure) 279M->6M(989M) 0.851ms
[405.499s][info][gc,cpu         ] GC(870) User=0.00s Sys=0.00s Real=0.00s
[405.544s][info][gc,start       ] GC(871) Pause Young (Allocation Failure)
[405.545s][info][gc,heap        ] GC(871) DefNew: 279827K(314560K)->222K(314560K) Eden: 279616K(279616K)->0K(279616K) From: 211K(34944K)->222K(34944K)
[405.545s][info][gc,heap        ] GC(871) Tenured: 6333K(699072K)->6333K(699072K)
[405.545s][info][gc,metaspace   ] GC(871) Metaspace: 16608K(16896K)->16608K(16896K) NonClass: 14278K(14400K)->14278K(14400K) Class: 2330K(2496K)->2330K(2496K)
[405.545s][info][gc             ] GC(871) Pause Young (Allocation Failure) 279M->6M(989M) 0.937ms
[405.545s][info][gc,cpu         ] GC(871) User=0.00s Sys=0.00s Real=0.00s
[405.627s][info][gc,start       ] GC(872) Pause Young (Allocation Failure)
[405.821s][info][gc,heap        ] GC(872) DefNew: 279838K(314560K)->34943K(314560K) Eden: 279616K(279616K)->0K(279616K) From: 222K(34944K)->34943K(34944K)
[405.821s][info][gc,heap        ] GC(872) Tenured: 6333K(699072K)->50325K(699072K)
[405.821s][info][gc,metaspace   ] GC(872) Metaspace: 16608K(16896K)->16608K(16896K) NonClass: 14278K(14400K)->14278K(14400K) Class: 2330K(2496K)->2330K(2496K)
[405.821s][info][gc             ] GC(872) Pause Young (Allocation Failure) 279M->83M(989M) 194.312ms
[405.821s][info][gc,cpu         ] GC(872) User=0.17s Sys=0.00s Real=0.19s
[405.992s][info][gc,start       ] GC(873) Pause Young (Allocation Failure)
[406.583s][info][gc,heap        ] GC(873) DefNew: 314559K(314560K)->34944K(314560K) Eden: 279616K(279616K)->0K(279616K) From: 34943K(34944K)->34944K(34944K)
[406.583s][info][gc,heap        ] GC(873) Tenured: 50325K(699072K)->233994K(699072K)
[406.583s][info][gc,metaspace   ] GC(873) Metaspace: 16608K(16896K)->16608K(16896K) NonClass: 14278K(14400K)->14278K(14400K) Class: 2330K(2496K)->2330K(2496K)
[406.584s][info][gc             ] GC(873) Pause Young (Allocation Failure) 356M->262M(989M) 591.772ms
[406.584s][info][gc,cpu         ] GC(873) User=0.58s Sys=0.00s Real=0.60s
[406.803s][info][gc,start       ] GC(874) Pause Young (Allocation Failure)
[407.356s][info][gc,heap        ] GC(874) DefNew: 314560K(314560K)->34944K(314560K) Eden: 279616K(279616K)->0K(279616K) From: 34944K(34944K)->34944K(34944K)
[407.356s][info][gc,heap        ] GC(874) Tenured: 233994K(699072K)->409136K(699072K)
[407.356s][info][gc,metaspace   ] GC(874) Metaspace: 16608K(16896K)->16608K(16896K) NonClass: 14278K(14400K)->14278K(14400K) Class: 2330K(2496K)->2330K(2496K)
[407.356s][info][gc             ] GC(874) Pause Young (Allocation Failure) 535M->433M(989M) 553.015ms
[407.356s][info][gc,cpu         ] GC(874) User=0.53s Sys=0.00s Real=0.55s
[409.407s][info][gc,start       ] GC(875) Pause Young (Allocation Failure)
[409.771s][info][gc,heap        ] GC(875) DefNew: 314560K(314560K)->34944K(314560K) Eden: 279616K(279616K)->0K(279616K) From: 34944K(34944K)->34944K(34944K)
[409.771s][info][gc,heap        ] GC(875) Tenured: 409136K(699072K)->495500K(699072K)
[409.771s][info][gc,metaspace   ] GC(875) Metaspace: 16608K(16896K)->16608K(16896K) NonClass: 14278K(14400K)->14278K(14400K) Class: 2330K(2496K)->2330K(2496K)
[409.771s][info][gc             ] GC(875) Pause Young (Allocation Failure) 706M->518M(989M) 364.809ms
[409.771s][info][gc,cpu         ] GC(875) User=0.38s Sys=0.00s Real=0.36s
[409.910s][info][gc,start       ] GC(876) Pause Young (Allocation Failure)
[409.910s][info][gc             ] GC(876) Pause Young (Allocation Failure) 791M->791M(989M) 0.144ms
[409.910s][info][gc,cpu         ] GC(876) User=0.00s Sys=0.00s Real=0.00s
[409.911s][info][gc,start       ] GC(877) Pause Full (Allocation Failure)
[409.911s][info][gc,phases,start] GC(877) Phase 1: Mark live objects
[410.144s][info][gc,phases      ] GC(877) Phase 1: Mark live objects 233.559ms
[410.144s][info][gc,phases,start] GC(877) Phase 2: Compute new object addresses
[410.269s][info][gc,phases      ] GC(877) Phase 2: Compute new object addresses 125.245ms
[410.269s][info][gc,phases,start] GC(877) Phase 3: Adjust pointers
[410.389s][info][gc,phases      ] GC(877) Phase 3: Adjust pointers 119.741ms
[410.389s][info][gc,phases,start] GC(877) Phase 4: Move objects
[410.471s][info][gc,phases      ] GC(877) Phase 4: Move objects 81.614ms
[410.471s][info][gc,heap        ] GC(877) DefNew: 314560K(314560K)->0K(314560K) Eden: 279616K(279616K)->0K(279616K) From: 34944K(34944K)->0K(34944K)
[410.471s][info][gc,heap        ] GC(877) Tenured: 495500K(699072K)->211013K(699072K)
[410.471s][info][gc,metaspace   ] GC(877) Metaspace: 16608K(16896K)->16608K(16896K) NonClass: 14278K(14400K)->14278K(14400K) Class: 2330K(2496K)->2330K(2496K)
[410.471s][info][gc             ] GC(877) Pause Full (Allocation Failure) 791M->206M(989M) 560.614ms
[410.471s][info][gc,cpu         ] GC(877) User=0.55s Sys=0.00s Real=0.57s
[410.612s][info][gc,start       ] GC(878) Pause Young (Allocation Failure)
[410.896s][info][gc,heap        ] GC(878) DefNew: 279616K(314560K)->34944K(314560K) Eden: 279616K(279616K)->0K(279616K) From: 0K(34944K)->34944K(34944K)
[410.896s][info][gc,heap        ] GC(878) Tenured: 211013K(699072K)->293698K(699072K)
[410.896s][info][gc,metaspace   ] GC(878) Metaspace: 16608K(16896K)->16608K(16896K) NonClass: 14278K(14400K)->14278K(14400K) Class: 2330K(2496K)->2330K(2496K)
[410.896s][info][gc             ] GC(878) Pause Young (Allocation Failure) 479M->320M(989M) 284.214ms
[410.896s][info][gc,cpu         ] GC(878) User=0.27s Sys=0.00s Real=0.28s
[411.055s][info][gc,start       ] GC(879) Pause Young (Allocation Failure)
[411.521s][info][gc,heap        ] GC(879) DefNew: 314560K(314560K)->34943K(314560K) Eden: 279616K(279616K)->0K(279616K) From: 34944K(34944K)->34943K(34944K)
[411.521s][info][gc,heap        ] GC(879) Tenured: 293698K(699072K)->421273K(699072K)
[411.521s][info][gc,metaspace   ] GC(879) Metaspace: 16608K(16896K)->16608K(16896K) NonClass: 14278K(14400K)->14278K(14400K) Class: 2330K(2496K)->2330K(2496K)
[411.521s][info][gc             ] GC(879) Pause Young (Allocation Failure) 594M->445M(989M) 466.569ms
[411.521s][info][gc,cpu         ] GC(879) User=0.45s Sys=0.00s Real=0.47s
[411.983s][info][gc,start       ] GC(880) Pause Young (Allocation Failure)
[412.190s][info][gc,heap        ] GC(880) DefNew: 314559K(314560K)->27041K(314560K) Eden: 279616K(279616K)->0K(279616K) From: 34943K(34944K)->27041K(34944K)
[412.190s][info][gc,heap        ] GC(880) Tenured: 421273K(699072K)->446249K(699072K)
[412.190s][info][gc,metaspace   ] GC(880) Metaspace: 16608K(16896K)->16608K(16896K) NonClass: 14278K(14400K)->14278K(14400K) Class: 2330K(2496K)->2330K(2496K)
[412.190s][info][gc             ] GC(880) Pause Young (Allocation Failure) 718M->462M(989M) 206.848ms
[412.190s][info][gc,cpu         ] GC(880) User=0.20s Sys=0.00s Real=0.20s
[412.556s][info][gc,start       ] GC(881) Pause Young (Allocation Failure)
[412.587s][info][gc,heap        ] GC(881) DefNew: 306657K(314560K)->182K(314560K) Eden: 279616K(279616K)->0K(279616K) From: 27041K(34944K)->182K(34944K)
[412.587s][info][gc,heap        ] GC(881) Tenured: 446249K(699072K)->449097K(699072K)
[412.587s][info][gc,metaspace   ] GC(881) Metaspace: 16608K(16896K)->16608K(16896K) NonClass: 14278K(14400K)->14278K(14400K) Class: 2330K(2496K)->2330K(2496K)
[412.587s][info][gc             ] GC(881) Pause Young (Allocation Failure) 735M->438M(989M) 31.846ms
[412.587s][info][gc,cpu         ] GC(881) User=0.03s Sys=0.00s Real=0.03s
[413.246s][info][gc,start       ] GC(882) Pause Full (System.gc())
[413.246s][info][gc,phases,start] GC(882) Phase 1: Mark live objects
[413.253s][info][gc,phases      ] GC(882) Phase 1: Mark live objects 6.950ms
[413.253s][info][gc,phases,start] GC(882) Phase 2: Compute new object addresses
[413.334s][info][gc,phases      ] GC(882) Phase 2: Compute new object addresses 81.266ms
[413.334s][info][gc,phases,start] GC(882) Phase 3: Adjust pointers
[413.339s][info][gc,phases      ] GC(882) Phase 3: Adjust pointers 4.234ms
[413.339s][info][gc,phases,start] GC(882) Phase 4: Move objects
[413.339s][info][gc,phases      ] GC(882) Phase 4: Move objects 0.013ms
[413.339s][info][gc,heap        ] GC(882) DefNew: 95709K(314560K)->0K(314560K) Eden: 95526K(279616K)->0K(279616K) From: 182K(34944K)->0K(34944K)
[413.339s][info][gc,heap        ] GC(882) Tenured: 449097K(699072K)->6333K(699072K)
[413.339s][info][gc,metaspace   ] GC(882) Metaspace: 16608K(16896K)->16608K(16896K) NonClass: 14278K(14400K)->14278K(14400K) Class: 2330K(2496K)->2330K(2496K)
[413.339s][info][gc             ] GC(882) Pause Full (System.gc()) 532M->6M(989M) 92.838ms
[413.339s][info][gc,cpu         ] GC(882) User=0.08s Sys=0.00s Real=0.09s
[414.827s][info][gc,start       ] GC(883) Pause Young (Allocation Failure)
[414.829s][info][gc,heap        ] GC(883) DefNew: 279616K(314560K)->251K(314560K) Eden: 279616K(279616K)->0K(279616K) From: 0K(34944K)->251K(34944K)
[414.829s][info][gc,heap        ] GC(883) Tenured: 6333K(699072K)->6333K(699072K)
[414.829s][info][gc,metaspace   ] GC(883) Metaspace: 16610K(16960K)->16610K(16960K) NonClass: 14279K(14464K)->14279K(14464K) Class: 2330K(2496K)->2330K(2496K)
[414.829s][info][gc             ] GC(883) Pause Young (Allocation Failure) 279M->6M(989M) 1.160ms
[414.829s][info][gc,cpu         ] GC(883) User=0.00s Sys=0.00s Real=0.00s
[414.874s][info][gc,start       ] GC(884) Pause Young (Allocation Failure)
[414.875s][info][gc,heap        ] GC(884) DefNew: 279867K(314560K)->257K(314560K) Eden: 279616K(279616K)->0K(279616K) From: 251K(34944K)->257K(34944K)
[414.875s][info][gc,heap        ] GC(884) Tenured: 6333K(699072K)->6333K(699072K)
[414.875s][info][gc,metaspace   ] GC(884) Metaspace: 16610K(16960K)->16610K(16960K) NonClass: 14279K(14464K)->14279K(14464K) Class: 2330K(2496K)->2330K(2496K)
[414.875s][info][gc             ] GC(884) Pause Young (Allocation Failure) 279M->6M(989M) 0.916ms
[414.875s][info][gc,cpu         ] GC(884) User=0.00s Sys=0.00s Real=0.00s
[414.918s][info][gc,start       ] GC(885) Pause Young (Allocation Failure)
[414.919s][info][gc,heap        ] GC(885) DefNew: 279873K(314560K)->227K(314560K) Eden: 279616K(279616K)->0K(279616K) From: 257K(34944K)->227K(34944K)
[414.919s][info][gc,heap        ] GC(885) Tenured: 6333K(699072K)->6333K(699072K)
[414.919s][info][gc,metaspace   ] GC(885) Metaspace: 16610K(16960K)->16610K(16960K) NonClass: 14279K(14464K)->14279K(14464K) Class: 2330K(2496K)->2330K(2496K)
[414.919s][info][gc             ] GC(885) Pause Young (Allocation Failure) 279M->6M(989M) 0.851ms
[414.919s][info][gc,cpu         ] GC(885) User=0.00s Sys=0.00s Real=0.00s
[414.964s][info][gc,start       ] GC(886) Pause Young (Allocation Failure)
[414.965s][info][gc,heap        ] GC(886) DefNew: 279843K(314560K)->254K(314560K) Eden: 279616K(279616K)->0K(279616K) From: 227K(34944K)->254K(34944K)
[414.965s][info][gc,heap        ] GC(886) Tenured: 6333K(699072K)->6333K(699072K)
[414.965s][info][gc,metaspace   ] GC(886) Metaspace: 16610K(16960K)->16610K(16960K) NonClass: 14279K(14464K)->14279K(14464K) Class: 2330K(2496K)->2330K(2496K)
[414.965s][info][gc             ] GC(886) Pause Young (Allocation Failure) 279M->6M(989M) 0.927ms
[414.965s][info][gc,cpu         ] GC(886) User=0.00s Sys=0.00s Real=0.01s
[415.010s][info][gc,start       ] GC(887) Pause Young (Allocation Failure)
[415.011s][info][gc,heap        ] GC(887) DefNew: 279870K(314560K)->257K(314560K) Eden: 279616K(279616K)->0K(279616K) From: 254K(34944K)->257K(34944K)
[415.011s][info][gc,heap        ] GC(887) Tenured: 6333K(699072K)->6333K(699072K)
[415.011s][info][gc,metaspace   ] GC(887) Metaspace: 16610K(16960K)->16610K(16960K) NonClass: 14279K(14464K)->14279K(14464K) Class: 2330K(2496K)->2330K(2496K)
[415.011s][info][gc             ] GC(887) Pause Young (Allocation Failure) 279M->6M(989M) 0.845ms
[415.011s][info][gc,cpu         ] GC(887) User=0.00s Sys=0.00s Real=0.00s
[415.055s][info][gc,start       ] GC(888) Pause Young (Allocation Failure)
[415.056s][info][gc,heap        ] GC(888) DefNew: 279873K(314560K)->255K(314560K) Eden: 279616K(279616K)->0K(279616K) From: 257K(34944K)->255K(34944K)
[415.056s][info][gc,heap        ] GC(888) Tenured: 6333K(699072K)->6333K(699072K)
[415.056s][info][gc,metaspace   ] GC(888) Metaspace: 16610K(16960K)->16610K(16960K) NonClass: 14279K(14464K)->14279K(14464K) Class: 2330K(2496K)->2330K(2496K)
[415.056s][info][gc             ] GC(888) Pause Young (Allocation Failure) 279M->6M(989M) 0.865ms
[415.056s][info][gc,cpu         ] GC(888) User=0.00s Sys=0.00s Real=0.00s
[415.101s][info][gc,start       ] GC(889) Pause Young (Allocation Failure)
[415.102s][info][gc,heap        ] GC(889) DefNew: 279871K(314560K)->236K(314560K) Eden: 279616K(279616K)->0K(279616K) From: 255K(34944K)->236K(34944K)
[415.102s][info][gc,heap        ] GC(889) Tenured: 6333K(699072K)->6333K(699072K)
[415.102s][info][gc,metaspace   ] GC(889) Metaspace: 16610K(16960K)->16610K(16960K) NonClass: 14279K(14464K)->14279K(14464K) Class: 2330K(2496K)->2330K(2496K)
[415.102s][info][gc             ] GC(889) Pause Young (Allocation Failure) 279M->6M(989M) 0.811ms
[415.102s][info][gc,cpu         ] GC(889) User=0.00s Sys=0.00s Real=0.00s
[415.146s][info][gc,start       ] GC(890) Pause Young (Allocation Failure)
[415.147s][info][gc,heap        ] GC(890) DefNew: 279852K(314560K)->246K(314560K) Eden: 279616K(279616K)->0K(279616K) From: 236K(34944K)->246K(34944K)
[415.147s][info][gc,heap        ] GC(890) Tenured: 6333K(699072K)->6333K(699072K)
[415.147s][info][gc,metaspace   ] GC(890) Metaspace: 16610K(16960K)->16610K(16960K) NonClass: 14279K(14464K)->14279K(14464K) Class: 2330K(2496K)->2330K(2496K)
[415.147s][info][gc             ] GC(890) Pause Young (Allocation Failure) 279M->6M(989M) 0.906ms
[415.147s][info][gc,cpu         ] GC(890) User=0.00s Sys=0.00s Real=0.00s
[415.192s][info][gc,start       ] GC(891) Pause Young (Allocation Failure)
[415.193s][info][gc,heap        ] GC(891) DefNew: 279862K(314560K)->237K(314560K) Eden: 279616K(279616K)->0K(279616K) From: 246K(34944K)->237K(34944K)
[415.193s][info][gc,heap        ] GC(891) Tenured: 6333K(699072K)->6333K(699072K)
[415.193s][info][gc,metaspace   ] GC(891) Metaspace: 16610K(16960K)->16610K(16960K) NonClass: 14279K(14464K)->14279K(14464K) Class: 2330K(2496K)->2330K(2496K)
[415.193s][info][gc             ] GC(891) Pause Young (Allocation Failure) 279M->6M(989M) 0.905ms
[415.193s][info][gc,cpu         ] GC(891) User=0.00s Sys=0.00s Real=0.00s
[415.239s][info][gc,start       ] GC(892) Pause Young (Allocation Failure)
[415.240s][info][gc,heap        ] GC(892) DefNew: 279853K(314560K)->197K(314560K) Eden: 279616K(279616K)->0K(279616K) From: 237K(34944K)->197K(34944K)
[415.240s][info][gc,heap        ] GC(892) Tenured: 6333K(699072K)->6333K(699072K)
[415.240s][info][gc,metaspace   ] GC(892) Metaspace: 16610K(16960K)->16610K(16960K) NonClass: 14279K(14464K)->14279K(14464K) Class: 2330K(2496K)->2330K(2496K)
[415.240s][info][gc             ] GC(892) Pause Young (Allocation Failure) 279M->6M(989M) 0.767ms
[415.240s][info][gc,cpu         ] GC(892) User=0.00s Sys=0.00s Real=0.00s
[415.323s][info][gc,start       ] GC(893) Pause Young (Allocation Failure)
[415.519s][info][gc,heap        ] GC(893) DefNew: 279813K(314560K)->34944K(314560K) Eden: 279616K(279616K)->0K(279616K) From: 197K(34944K)->34944K(34944K)
[415.519s][info][gc,heap        ] GC(893) Tenured: 6333K(699072K)->49819K(699072K)
[415.519s][info][gc,metaspace   ] GC(893) Metaspace: 16610K(16960K)->16610K(16960K) NonClass: 14279K(14464K)->14279K(14464K) Class: 2330K(2496K)->2330K(2496K)
[415.519s][info][gc             ] GC(893) Pause Young (Allocation Failure) 279M->82M(989M) 195.801ms
[415.519s][info][gc,cpu         ] GC(893) User=0.19s Sys=0.00s Real=0.20s
[415.691s][info][gc,start       ] GC(894) Pause Young (Allocation Failure)
[416.285s][info][gc,heap        ] GC(894) DefNew: 314560K(314560K)->34943K(314560K) Eden: 279616K(279616K)->0K(279616K) From: 34944K(34944K)->34943K(34944K)
[416.285s][info][gc,heap        ] GC(894) Tenured: 49819K(699072K)->234310K(699072K)
[416.285s][info][gc,metaspace   ] GC(894) Metaspace: 16610K(16960K)->16610K(16960K) NonClass: 14279K(14464K)->14279K(14464K) Class: 2330K(2496K)->2330K(2496K)
[416.285s][info][gc             ] GC(894) Pause Young (Allocation Failure) 355M->262M(989M) 593.950ms
[416.285s][info][gc,cpu         ] GC(894) User=0.58s Sys=0.00s Real=0.60s
[416.499s][info][gc,start       ] GC(895) Pause Young (Allocation Failure)
[417.046s][info][gc,heap        ] GC(895) DefNew: 314559K(314560K)->34943K(314560K) Eden: 279616K(279616K)->0K(279616K) From: 34943K(34944K)->34943K(34944K)
[417.046s][info][gc,heap        ] GC(895) Tenured: 234310K(699072K)->407972K(699072K)
[417.046s][info][gc,metaspace   ] GC(895) Metaspace: 16610K(16960K)->16610K(16960K) NonClass: 14279K(14464K)->14279K(14464K) Class: 2330K(2496K)->2330K(2496K)
[417.046s][info][gc             ] GC(895) Pause Young (Allocation Failure) 536M->432M(989M) 547.227ms
[417.046s][info][gc,cpu         ] GC(895) User=0.55s Sys=0.00s Real=0.55s
[419.296s][info][gc,start       ] GC(896) Pause Young (Allocation Failure)
[419.673s][info][gc,heap        ] GC(896) DefNew: 314559K(314560K)->34944K(314560K) Eden: 279616K(279616K)->0K(279616K) From: 34943K(34944K)->34944K(34944K)
[419.673s][info][gc,heap        ] GC(896) Tenured: 407972K(699072K)->495054K(699072K)
[419.673s][info][gc,metaspace   ] GC(896) Metaspace: 16610K(16960K)->16610K(16960K) NonClass: 14279K(14464K)->14279K(14464K) Class: 2330K(2496K)->2330K(2496K)
[419.673s][info][gc             ] GC(896) Pause Young (Allocation Failure) 705M->517M(989M) 377.609ms
[419.673s][info][gc,cpu         ] GC(896) User=0.38s Sys=0.00s Real=0.38s
[419.809s][info][gc,start       ] GC(897) Pause Young (Allocation Failure)
[419.809s][info][gc             ] GC(897) Pause Young (Allocation Failure) 790M->790M(989M) 0.132ms
[419.809s][info][gc,cpu         ] GC(897) User=0.00s Sys=0.00s Real=0.02s
[419.809s][info][gc,start       ] GC(898) Pause Full (Allocation Failure)
[419.809s][info][gc,phases,start] GC(898) Phase 1: Mark live objects
[420.042s][info][gc,phases      ] GC(898) Phase 1: Mark live objects 232.678ms
[420.042s][info][gc,phases,start] GC(898) Phase 2: Compute new object addresses
[420.169s][info][gc,phases      ] GC(898) Phase 2: Compute new object addresses 127.311ms
[420.169s][info][gc,phases,start] GC(898) Phase 3: Adjust pointers
[420.286s][info][gc,phases      ] GC(898) Phase 3: Adjust pointers 116.937ms
[420.286s][info][gc,phases,start] GC(898) Phase 4: Move objects
[420.370s][info][gc,phases      ] GC(898) Phase 4: Move objects 83.858ms
[420.371s][info][gc,heap        ] GC(898) DefNew: 314560K(314560K)->0K(314560K) Eden: 279616K(279616K)->0K(279616K) From: 34944K(34944K)->0K(34944K)
[420.371s][info][gc,heap        ] GC(898) Tenured: 495054K(699072K)->210748K(699072K)
[420.371s][info][gc,metaspace   ] GC(898) Metaspace: 16610K(16960K)->16610K(16960K) NonClass: 14279K(14464K)->14279K(14464K) Class: 2330K(2496K)->2330K(2496K)
[420.371s][info][gc             ] GC(898) Pause Full (Allocation Failure) 790M->205M(989M) 561.313ms
[420.371s][info][gc,cpu         ] GC(898) User=0.50s Sys=0.00s Real=0.55s
[420.512s][info][gc,start       ] GC(899) Pause Young (Allocation Failure)
[420.796s][info][gc,heap        ] GC(899) DefNew: 279616K(314560K)->34944K(314560K) Eden: 279616K(279616K)->0K(279616K) From: 0K(34944K)->34944K(34944K)
[420.796s][info][gc,heap        ] GC(899) Tenured: 210748K(699072K)->293434K(699072K)
[420.796s][info][gc,metaspace   ] GC(899) Metaspace: 16610K(16960K)->16610K(16960K) NonClass: 14279K(14464K)->14279K(14464K) Class: 2330K(2496K)->2330K(2496K)
[420.796s][info][gc             ] GC(899) Pause Young (Allocation Failure) 478M->320M(989M) 283.784ms
[420.796s][info][gc,cpu         ] GC(899) User=0.28s Sys=0.00s Real=0.28s
[420.955s][info][gc,start       ] GC(900) Pause Young (Allocation Failure)
[421.419s][info][gc,heap        ] GC(900) DefNew: 314560K(314560K)->34943K(314560K) Eden: 279616K(279616K)->0K(279616K) From: 34944K(34944K)->34943K(34944K)
[421.419s][info][gc,heap        ] GC(900) Tenured: 293434K(699072K)->420819K(699072K)
[421.419s][info][gc,metaspace   ] GC(900) Metaspace: 16610K(16960K)->16610K(16960K) NonClass: 14279K(14464K)->14279K(14464K) Class: 2330K(2496K)->2330K(2496K)
[421.419s][info][gc             ] GC(900) Pause Young (Allocation Failure) 593M->445M(989M) 464.134ms
[421.419s][info][gc,cpu         ] GC(900) User=0.45s Sys=0.00s Real=0.47s
[421.881s][info][gc,start       ] GC(901) Pause Young (Allocation Failure)
[422.089s][info][gc,heap        ] GC(901) DefNew: 314559K(314560K)->27499K(314560K) Eden: 279616K(279616K)->0K(279616K) From: 34943K(34944K)->27499K(34944K)
[422.089s][info][gc,heap        ] GC(901) Tenured: 420819K(699072K)->445824K(699072K)
[422.089s][info][gc,metaspace   ] GC(901) Metaspace: 16610K(16960K)->16610K(16960K) NonClass: 14279K(14464K)->14279K(14464K) Class: 2330K(2496K)->2330K(2496K)
[422.089s][info][gc             ] GC(901) Pause Young (Allocation Failure) 718M->462M(989M) 208.195ms
[422.089s][info][gc,cpu         ] GC(901) User=0.20s Sys=0.00s Real=0.20s
[422.455s][info][gc,start       ] GC(902) Pause Young (Allocation Failure)
[422.490s][info][gc,heap        ] GC(902) DefNew: 307115K(314560K)->201K(314560K) Eden: 279616K(279616K)->0K(279616K) From: 27499K(34944K)->201K(34944K)
[422.490s][info][gc,heap        ] GC(902) Tenured: 445824K(699072K)->448738K(699072K)
[422.490s][info][gc,metaspace   ] GC(902) Metaspace: 16610K(16960K)->16610K(16960K) NonClass: 14279K(14464K)->14279K(14464K) Class: 2330K(2496K)->2330K(2496K)
[422.490s][info][gc             ] GC(902) Pause Young (Allocation Failure) 735M->438M(989M) 34.513ms
[422.490s][info][gc,cpu         ] GC(902) User=0.03s Sys=0.00s Real=0.03s
[423.152s][info][gc,start       ] GC(903) Pause Full (System.gc())
[423.152s][info][gc,phases,start] GC(903) Phase 1: Mark live objects
[423.159s][info][gc,phases      ] GC(903) Phase 1: Mark live objects 6.786ms
[423.159s][info][gc,phases,start] GC(903) Phase 2: Compute new object addresses
[423.240s][info][gc,phases      ] GC(903) Phase 2: Compute new object addresses 81.199ms
[423.240s][info][gc,phases,start] GC(903) Phase 3: Adjust pointers
[423.244s][info][gc,phases      ] GC(903) Phase 3: Adjust pointers 4.007ms
[423.244s][info][gc,phases,start] GC(903) Phase 4: Move objects
[423.244s][info][gc,phases      ] GC(903) Phase 4: Move objects 0.010ms
[423.244s][info][gc,heap        ] GC(903) DefNew: 96800K(314560K)->0K(314560K) Eden: 96598K(279616K)->0K(279616K) From: 201K(34944K)->0K(34944K)
[423.244s][info][gc,heap        ] GC(903) Tenured: 448738K(699072K)->6335K(699072K)
[423.244s][info][gc,metaspace   ] GC(903) Metaspace: 16610K(16960K)->16610K(16960K) NonClass: 14279K(14464K)->14279K(14464K) Class: 2330K(2496K)->2330K(2496K)
[423.244s][info][gc             ] GC(903) Pause Full (System.gc()) 532M->6M(989M) 92.323ms
[423.244s][info][gc,cpu         ] GC(903) User=0.08s Sys=0.00s Real=0.09s
[424.525s][info][gc,start       ] GC(904) Pause Young (Allocation Failure)
[424.526s][info][gc,heap        ] GC(904) DefNew: 279616K(314560K)->248K(314560K) Eden: 279616K(279616K)->0K(279616K) From: 0K(34944K)->248K(34944K)
[424.526s][info][gc,heap        ] GC(904) Tenured: 6335K(699072K)->6335K(699072K)
[424.526s][info][gc,metaspace   ] GC(904) Metaspace: 16610K(16960K)->16610K(16960K) NonClass: 14279K(14464K)->14279K(14464K) Class: 2330K(2496K)->2330K(2496K)
[424.526s][info][gc             ] GC(904) Pause Young (Allocation Failure) 279M->6M(989M) 1.140ms
[424.526s][info][gc,cpu         ] GC(904) User=0.00s Sys=0.00s Real=0.00s
[424.570s][info][gc,start       ] GC(905) Pause Young (Allocation Failure)
[424.571s][info][gc,heap        ] GC(905) DefNew: 279864K(314560K)->249K(314560K) Eden: 279616K(279616K)->0K(279616K) From: 248K(34944K)->249K(34944K)
[424.571s][info][gc,heap        ] GC(905) Tenured: 6335K(699072K)->6335K(699072K)
[424.571s][info][gc,metaspace   ] GC(905) Metaspace: 16610K(16960K)->16610K(16960K) NonClass: 14279K(14464K)->14279K(14464K) Class: 2330K(2496K)->2330K(2496K)
[424.571s][info][gc             ] GC(905) Pause Young (Allocation Failure) 279M->6M(989M) 0.861ms
[424.571s][info][gc,cpu         ] GC(905) User=0.00s Sys=0.00s Real=0.00s
[424.615s][info][gc,start       ] GC(906) Pause Young (Allocation Failure)
[424.615s][info][gc,heap        ] GC(906) DefNew: 279865K(314560K)->248K(314560K) Eden: 279616K(279616K)->0K(279616K) From: 249K(34944K)->248K(34944K)
[424.615s][info][gc,heap        ] GC(906) Tenured: 6335K(699072K)->6335K(699072K)
[424.615s][info][gc,metaspace   ] GC(906) Metaspace: 16610K(16960K)->16610K(16960K) NonClass: 14279K(14464K)->14279K(14464K) Class: 2330K(2496K)->2330K(2496K)
[424.615s][info][gc             ] GC(906) Pause Young (Allocation Failure) 279M->6M(989M) 0.796ms
[424.615s][info][gc,cpu         ] GC(906) User=0.00s Sys=0.00s Real=0.00s
[424.659s][info][gc,start       ] GC(907) Pause Young (Allocation Failure)
[424.660s][info][gc,heap        ] GC(907) DefNew: 279864K(314560K)->247K(314560K) Eden: 279616K(279616K)->0K(279616K) From: 248K(34944K)->247K(34944K)
[424.660s][info][gc,heap        ] GC(907) Tenured: 6335K(699072K)->6335K(699072K)
[424.660s][info][gc,metaspace   ] GC(907) Metaspace: 16610K(16960K)->16610K(16960K) NonClass: 14279K(14464K)->14279K(14464K) Class: 2330K(2496K)->2330K(2496K)
[424.660s][info][gc             ] GC(907) Pause Young (Allocation Failure) 279M->6M(989M) 0.782ms
[424.660s][info][gc,cpu         ] GC(907) User=0.00s Sys=0.00s Real=0.00s
[424.705s][info][gc,start       ] GC(908) Pause Young (Allocation Failure)
[424.706s][info][gc,heap        ] GC(908) DefNew: 279863K(314560K)->245K(314560K) Eden: 279616K(279616K)->0K(279616K) From: 247K(34944K)->245K(34944K)
[424.706s][info][gc,heap        ] GC(908) Tenured: 6335K(699072K)->6335K(699072K)
[424.706s][info][gc,metaspace   ] GC(908) Metaspace: 16610K(16960K)->16610K(16960K) NonClass: 14279K(14464K)->14279K(14464K) Class: 2330K(2496K)->2330K(2496K)
[424.706s][info][gc             ] GC(908) Pause Young (Allocation Failure) 279M->6M(989M) 0.737ms
[424.706s][info][gc,cpu         ] GC(908) User=0.00s Sys=0.00s Real=0.00s
[424.750s][info][gc,start       ] GC(909) Pause Young (Allocation Failure)
[424.751s][info][gc,heap        ] GC(909) DefNew: 279861K(314560K)->199K(314560K) Eden: 279616K(279616K)->0K(279616K) From: 245K(34944K)->199K(34944K)
[424.751s][info][gc,heap        ] GC(909) Tenured: 6335K(699072K)->6335K(699072K)
[424.751s][info][gc,metaspace   ] GC(909) Metaspace: 16610K(16960K)->16610K(16960K) NonClass: 14279K(14464K)->14279K(14464K) Class: 2330K(2496K)->2330K(2496K)
[424.751s][info][gc             ] GC(909) Pause Young (Allocation Failure) 279M->6M(989M) 0.752ms
[424.751s][info][gc,cpu         ] GC(909) User=0.00s Sys=0.00s Real=0.00s
[424.795s][info][gc,start       ] GC(910) Pause Young (Allocation Failure)
[424.796s][info][gc,heap        ] GC(910) DefNew: 279815K(314560K)->208K(314560K) Eden: 279616K(279616K)->0K(279616K) From: 199K(34944K)->208K(34944K)
[424.796s][info][gc,heap        ] GC(910) Tenured: 6335K(699072K)->6335K(699072K)
[424.796s][info][gc,metaspace   ] GC(910) Metaspace: 16610K(16960K)->16610K(16960K) NonClass: 14279K(14464K)->14279K(14464K) Class: 2330K(2496K)->2330K(2496K)
[424.796s][info][gc             ] GC(910) Pause Young (Allocation Failure) 279M->6M(989M) 0.900ms
[424.796s][info][gc,cpu         ] GC(910) User=0.00s Sys=0.00s Real=0.00s
[424.842s][info][gc,start       ] GC(911) Pause Young (Allocation Failure)
[424.843s][info][gc,heap        ] GC(911) DefNew: 279824K(314560K)->228K(314560K) Eden: 279616K(279616K)->0K(279616K) From: 208K(34944K)->228K(34944K)
[424.843s][info][gc,heap        ] GC(911) Tenured: 6335K(699072K)->6335K(699072K)
[424.843s][info][gc,metaspace   ] GC(911) Metaspace: 16610K(16960K)->16610K(16960K) NonClass: 14279K(14464K)->14279K(14464K) Class: 2330K(2496K)->2330K(2496K)
[424.843s][info][gc             ] GC(911) Pause Young (Allocation Failure) 279M->6M(989M) 0.957ms
[424.843s][info][gc,cpu         ] GC(911) User=0.00s Sys=0.00s Real=0.00s
[424.887s][info][gc,start       ] GC(912) Pause Young (Allocation Failure)
[424.888s][info][gc,heap        ] GC(912) DefNew: 279844K(314560K)->223K(314560K) Eden: 279616K(279616K)->0K(279616K) From: 228K(34944K)->223K(34944K)
[424.888s][info][gc,heap        ] GC(912) Tenured: 6335K(699072K)->6335K(699072K)
[424.888s][info][gc,metaspace   ] GC(912) Metaspace: 16610K(16960K)->16610K(16960K) NonClass: 14279K(14464K)->14279K(14464K) Class: 2330K(2496K)->2330K(2496K)
[424.888s][info][gc             ] GC(912) Pause Young (Allocation Failure) 279M->6M(989M) 0.848ms
[424.888s][info][gc,cpu         ] GC(912) User=0.00s Sys=0.00s Real=0.00s
[424.934s][info][gc,start       ] GC(913) Pause Young (Allocation Failure)
[424.934s][info][gc,heap        ] GC(913) DefNew: 279839K(314560K)->214K(314560K) Eden: 279616K(279616K)->0K(279616K) From: 223K(34944K)->214K(34944K)
[424.934s][info][gc,heap        ] GC(913) Tenured: 6335K(699072K)->6335K(699072K)
[424.934s][info][gc,metaspace   ] GC(913) Metaspace: 16610K(16960K)->16610K(16960K) NonClass: 14279K(14464K)->14279K(14464K) Class: 2330K(2496K)->2330K(2496K)
[424.934s][info][gc             ] GC(913) Pause Young (Allocation Failure) 279M->6M(989M) 0.948ms
[424.934s][info][gc,cpu         ] GC(913) User=0.00s Sys=0.00s Real=0.00s
[425.012s][info][gc,start       ] GC(914) Pause Young (Allocation Failure)
[425.194s][info][gc,heap        ] GC(914) DefNew: 279830K(314560K)->34944K(314560K) Eden: 279616K(279616K)->0K(279616K) From: 214K(34944K)->34944K(34944K)
[425.194s][info][gc,heap        ] GC(914) Tenured: 6335K(699072K)->46019K(699072K)
[425.194s][info][gc,metaspace   ] GC(914) Metaspace: 16610K(16960K)->16610K(16960K) NonClass: 14279K(14464K)->14279K(14464K) Class: 2330K(2496K)->2330K(2496K)
[425.194s][info][gc             ] GC(914) Pause Young (Allocation Failure) 279M->79M(989M) 182.791ms
[425.194s][info][gc,cpu         ] GC(914) User=0.19s Sys=0.00s Real=0.19s
[425.368s][info][gc,start       ] GC(915) Pause Young (Allocation Failure)
[425.953s][info][gc,heap        ] GC(915) DefNew: 314560K(314560K)->34943K(314560K) Eden: 279616K(279616K)->0K(279616K) From: 34944K(34944K)->34943K(34944K)
[425.954s][info][gc,heap        ] GC(915) Tenured: 46019K(699072K)->229950K(699072K)
[425.954s][info][gc,metaspace   ] GC(915) Metaspace: 16610K(16960K)->16610K(16960K) NonClass: 14279K(14464K)->14279K(14464K) Class: 2330K(2496K)->2330K(2496K)
[425.954s][info][gc             ] GC(915) Pause Young (Allocation Failure) 352M->258M(989M) 585.858ms
[425.954s][info][gc,cpu         ] GC(915) User=0.58s Sys=0.00s Real=0.58s
[426.157s][info][gc,start       ] GC(916) Pause Young (Allocation Failure)
[426.707s][info][gc,heap        ] GC(916) DefNew: 314559K(314560K)->34944K(314560K) Eden: 279616K(279616K)->0K(279616K) From: 34943K(34944K)->34944K(34944K)
[426.707s][info][gc,heap        ] GC(916) Tenured: 229950K(699072K)->408277K(699072K)
[426.707s][info][gc,metaspace   ] GC(916) Metaspace: 16610K(16960K)->16610K(16960K) NonClass: 14279K(14464K)->14279K(14464K) Class: 2330K(2496K)->2330K(2496K)
[426.707s][info][gc             ] GC(916) Pause Young (Allocation Failure) 531M->432M(989M) 550.037ms
[426.707s][info][gc,cpu         ] GC(916) User=0.56s Sys=0.00s Real=0.55s
[428.975s][info][gc,start       ] GC(917) Pause Young (Allocation Failure)
[429.353s][info][gc,heap        ] GC(917) DefNew: 314560K(314560K)->34944K(314560K) Eden: 279616K(279616K)->0K(279616K) From: 34944K(34944K)->34944K(34944K)
[429.353s][info][gc,heap        ] GC(917) Tenured: 408277K(699072K)->493248K(699072K)
[429.353s][info][gc,metaspace   ] GC(917) Metaspace: 16610K(16960K)->16610K(16960K) NonClass: 14279K(14464K)->14279K(14464K) Class: 2330K(2496K)->2330K(2496K)
[429.353s][info][gc             ] GC(917) Pause Young (Allocation Failure) 705M->515M(989M) 377.710ms
[429.353s][info][gc,cpu         ] GC(917) User=0.34s Sys=0.00s Real=0.39s
[429.493s][info][gc,start       ] GC(918) Pause Young (Allocation Failure)
[429.494s][info][gc             ] GC(918) Pause Young (Allocation Failure) 788M->788M(989M) 0.148ms
[429.494s][info][gc,cpu         ] GC(918) User=0.00s Sys=0.00s Real=0.00s
[429.494s][info][gc,start       ] GC(919) Pause Full (Allocation Failure)
[429.494s][info][gc,phases,start] GC(919) Phase 1: Mark live objects
[429.723s][info][gc,phases      ] GC(919) Phase 1: Mark live objects 229.314ms
[429.723s][info][gc,phases,start] GC(919) Phase 2: Compute new object addresses
[429.848s][info][gc,phases      ] GC(919) Phase 2: Compute new object addresses 124.689ms
[429.848s][info][gc,phases,start] GC(919) Phase 3: Adjust pointers
[429.964s][info][gc,phases      ] GC(919) Phase 3: Adjust pointers 116.250ms
[429.964s][info][gc,phases,start] GC(919) Phase 4: Move objects
[430.045s][info][gc,phases      ] GC(919) Phase 4: Move objects 80.780ms
[430.045s][info][gc,heap        ] GC(919) DefNew: 314560K(314560K)->0K(314560K) Eden: 279616K(279616K)->0K(279616K) From: 34944K(34944K)->0K(34944K)
[430.045s][info][gc,heap        ] GC(919) Tenured: 493248K(699072K)->208511K(699072K)
[430.045s][info][gc,metaspace   ] GC(919) Metaspace: 16610K(16960K)->16610K(16960K) NonClass: 14279K(14464K)->14279K(14464K) Class: 2330K(2496K)->2330K(2496K)
[430.045s][info][gc             ] GC(919) Pause Full (Allocation Failure) 788M->203M(989M) 551.479ms
[430.045s][info][gc,cpu         ] GC(919) User=0.55s Sys=0.00s Real=0.55s
[430.186s][info][gc,start       ] GC(920) Pause Young (Allocation Failure)
[430.473s][info][gc,heap        ] GC(920) DefNew: 279616K(314560K)->34943K(314560K) Eden: 279616K(279616K)->0K(279616K) From: 0K(34944K)->34943K(34944K)
[430.473s][info][gc,heap        ] GC(920) Tenured: 208511K(699072K)->291203K(699072K)
[430.473s][info][gc,metaspace   ] GC(920) Metaspace: 16610K(16960K)->16610K(16960K) NonClass: 14279K(14464K)->14279K(14464K) Class: 2330K(2496K)->2330K(2496K)
[430.473s][info][gc             ] GC(920) Pause Young (Allocation Failure) 476M->318M(989M) 286.448ms
[430.473s][info][gc,cpu         ] GC(920) User=0.27s Sys=0.00s Real=0.28s
[430.630s][info][gc,start       ] GC(921) Pause Young (Allocation Failure)
[431.070s][info][gc,heap        ] GC(921) DefNew: 314559K(314560K)->34944K(314560K) Eden: 279616K(279616K)->0K(279616K) From: 34943K(34944K)->34944K(34944K)
[431.070s][info][gc,heap        ] GC(921) Tenured: 291203K(699072K)->416971K(699072K)
[431.070s][info][gc,metaspace   ] GC(921) Metaspace: 16610K(16960K)->16610K(16960K) NonClass: 14279K(14464K)->14279K(14464K) Class: 2330K(2496K)->2330K(2496K)
[431.070s][info][gc             ] GC(921) Pause Young (Allocation Failure) 591M->441M(989M) 440.169ms
[431.070s][info][gc,cpu         ] GC(921) User=0.44s Sys=0.00s Real=0.44s
[431.534s][info][gc,start       ] GC(922) Pause Young (Allocation Failure)
[431.750s][info][gc,heap        ] GC(922) DefNew: 314560K(314560K)->29962K(314560K) Eden: 279616K(279616K)->0K(279616K) From: 34944K(34944K)->29962K(34944K)
[431.750s][info][gc,heap        ] GC(922) Tenured: 416971K(699072K)->443000K(699072K)
[431.750s][info][gc,metaspace   ] GC(922) Metaspace: 16610K(16960K)->16610K(16960K) NonClass: 14279K(14464K)->14279K(14464K) Class: 2330K(2496K)->2330K(2496K)
[431.750s][info][gc             ] GC(922) Pause Young (Allocation Failure) 714M->461M(989M) 215.882ms
[431.750s][info][gc,cpu         ] GC(922) User=0.22s Sys=0.00s Real=0.22s
[432.118s][info][gc,start       ] GC(923) Pause Young (Allocation Failure)
[432.165s][info][gc,heap        ] GC(923) DefNew: 309578K(314560K)->384K(314560K) Eden: 279616K(279616K)->0K(279616K) From: 29962K(34944K)->384K(34944K)
[432.165s][info][gc,heap        ] GC(923) Tenured: 443000K(699072K)->446450K(699072K)
[432.165s][info][gc,metaspace   ] GC(923) Metaspace: 16610K(16960K)->16610K(16960K) NonClass: 14279K(14464K)->14279K(14464K) Class: 2330K(2496K)->2330K(2496K)
[432.165s][info][gc             ] GC(923) Pause Young (Allocation Failure) 734M->436M(989M) 47.351ms
[432.165s][info][gc,cpu         ] GC(923) User=0.05s Sys=0.00s Real=0.05s
[432.846s][info][gc,start       ] GC(924) Pause Full (System.gc())
[432.846s][info][gc,phases,start] GC(924) Phase 1: Mark live objects
[432.853s][info][gc,phases      ] GC(924) Phase 1: Mark live objects 6.994ms
[432.853s][info][gc,phases,start] GC(924) Phase 2: Compute new object addresses
[432.934s][info][gc,phases      ] GC(924) Phase 2: Compute new object addresses 81.344ms
[432.934s][info][gc,phases,start] GC(924) Phase 3: Adjust pointers
[432.938s][info][gc,phases      ] GC(924) Phase 3: Adjust pointers 4.045ms
[432.938s][info][gc,phases,start] GC(924) Phase 4: Move objects
[432.938s][info][gc,phases      ] GC(924) Phase 4: Move objects 0.009ms
[432.939s][info][gc,heap        ] GC(924) DefNew: 100346K(314560K)->0K(314560K) Eden: 99962K(279616K)->0K(279616K) From: 384K(34944K)->0K(34944K)
[432.939s][info][gc,heap        ] GC(924) Tenured: 446450K(699072K)->6334K(699072K)
[432.939s][info][gc,metaspace   ] GC(924) Metaspace: 16610K(16960K)->16610K(16960K) NonClass: 14279K(14464K)->14279K(14464K) Class: 2330K(2496K)->2330K(2496K)
[432.939s][info][gc             ] GC(924) Pause Full (System.gc()) 533M->6M(989M) 92.761ms
[432.939s][info][gc,cpu         ] GC(924) User=0.09s Sys=0.00s Real=0.09s
[434.215s][info][gc,start       ] GC(925) Pause Young (Allocation Failure)
[434.216s][info][gc,heap        ] GC(925) DefNew: 279616K(314560K)->241K(314560K) Eden: 279616K(279616K)->0K(279616K) From: 0K(34944K)->241K(34944K)
[434.216s][info][gc,heap        ] GC(925) Tenured: 6334K(699072K)->6334K(699072K)
[434.216s][info][gc,metaspace   ] GC(925) Metaspace: 16611K(16960K)->16611K(16960K) NonClass: 14280K(14464K)->14280K(14464K) Class: 2330K(2496K)->2330K(2496K)
[434.216s][info][gc             ] GC(925) Pause Young (Allocation Failure) 279M->6M(989M) 1.052ms
[434.216s][info][gc,cpu         ] GC(925) User=0.00s Sys=0.00s Real=0.00s
[434.260s][info][gc,start       ] GC(926) Pause Young (Allocation Failure)
[434.261s][info][gc,heap        ] GC(926) DefNew: 279857K(314560K)->236K(314560K) Eden: 279616K(279616K)->0K(279616K) From: 241K(34944K)->236K(34944K)
[434.261s][info][gc,heap        ] GC(926) Tenured: 6334K(699072K)->6334K(699072K)
[434.261s][info][gc,metaspace   ] GC(926) Metaspace: 16611K(16960K)->16611K(16960K) NonClass: 14280K(14464K)->14280K(14464K) Class: 2330K(2496K)->2330K(2496K)
[434.261s][info][gc             ] GC(926) Pause Young (Allocation Failure) 279M->6M(989M) 0.815ms
[434.261s][info][gc,cpu         ] GC(926) User=0.00s Sys=0.00s Real=0.00s
[434.303s][info][gc,start       ] GC(927) Pause Young (Allocation Failure)
[434.304s][info][gc,heap        ] GC(927) DefNew: 279852K(314560K)->255K(314560K) Eden: 279616K(279616K)->0K(279616K) From: 236K(34944K)->255K(34944K)
[434.304s][info][gc,heap        ] GC(927) Tenured: 6334K(699072K)->6334K(699072K)
[434.304s][info][gc,metaspace   ] GC(927) Metaspace: 16611K(16960K)->16611K(16960K) NonClass: 14280K(14464K)->14280K(14464K) Class: 2330K(2496K)->2330K(2496K)
[434.304s][info][gc             ] GC(927) Pause Young (Allocation Failure) 279M->6M(989M) 0.906ms
[434.304s][info][gc,cpu         ] GC(927) User=0.00s Sys=0.00s Real=0.01s
[434.352s][info][gc,start       ] GC(928) Pause Young (Allocation Failure)
[434.353s][info][gc,heap        ] GC(928) DefNew: 279871K(314560K)->238K(314560K) Eden: 279616K(279616K)->0K(279616K) From: 255K(34944K)->238K(34944K)
[434.353s][info][gc,heap        ] GC(928) Tenured: 6334K(699072K)->6334K(699072K)
[434.353s][info][gc,metaspace   ] GC(928) Metaspace: 16611K(16960K)->16611K(16960K) NonClass: 14280K(14464K)->14280K(14464K) Class: 2330K(2496K)->2330K(2496K)
[434.353s][info][gc             ] GC(928) Pause Young (Allocation Failure) 279M->6M(989M) 0.962ms
[434.353s][info][gc,cpu         ] GC(928) User=0.00s Sys=0.00s Real=0.00s
[434.399s][info][gc,start       ] GC(929) Pause Young (Allocation Failure)
[434.400s][info][gc,heap        ] GC(929) DefNew: 279854K(314560K)->248K(314560K) Eden: 279616K(279616K)->0K(279616K) From: 238K(34944K)->248K(34944K)
[434.400s][info][gc,heap        ] GC(929) Tenured: 6334K(699072K)->6334K(699072K)
[434.400s][info][gc,metaspace   ] GC(929) Metaspace: 16611K(16960K)->16611K(16960K) NonClass: 14280K(14464K)->14280K(14464K) Class: 2330K(2496K)->2330K(2496K)
[434.400s][info][gc             ] GC(929) Pause Young (Allocation Failure) 279M->6M(989M) 0.774ms
[434.400s][info][gc,cpu         ] GC(929) User=0.00s Sys=0.00s Real=0.00s
[434.444s][info][gc,start       ] GC(930) Pause Young (Allocation Failure)
[434.445s][info][gc,heap        ] GC(930) DefNew: 279864K(314560K)->234K(314560K) Eden: 279616K(279616K)->0K(279616K) From: 248K(34944K)->234K(34944K)
[434.445s][info][gc,heap        ] GC(930) Tenured: 6334K(699072K)->6334K(699072K)
[434.445s][info][gc,metaspace   ] GC(930) Metaspace: 16611K(16960K)->16611K(16960K) NonClass: 14280K(14464K)->14280K(14464K) Class: 2330K(2496K)->2330K(2496K)
[434.445s][info][gc             ] GC(930) Pause Young (Allocation Failure) 279M->6M(989M) 0.786ms
[434.445s][info][gc,cpu         ] GC(930) User=0.00s Sys=0.00s Real=0.00s
[434.490s][info][gc,start       ] GC(931) Pause Young (Allocation Failure)
[434.491s][info][gc,heap        ] GC(931) DefNew: 279850K(314560K)->251K(314560K) Eden: 279616K(279616K)->0K(279616K) From: 234K(34944K)->251K(34944K)
[434.491s][info][gc,heap        ] GC(931) Tenured: 6334K(699072K)->6334K(699072K)
[434.491s][info][gc,metaspace   ] GC(931) Metaspace: 16611K(16960K)->16611K(16960K) NonClass: 14280K(14464K)->14280K(14464K) Class: 2330K(2496K)->2330K(2496K)
[434.491s][info][gc             ] GC(931) Pause Young (Allocation Failure) 279M->6M(989M) 0.802ms
[434.491s][info][gc,cpu         ] GC(931) User=0.00s Sys=0.00s Real=0.00s
[434.535s][info][gc,start       ] GC(932) Pause Young (Allocation Failure)
[434.535s][info][gc,heap        ] GC(932) DefNew: 279867K(314560K)->239K(314560K) Eden: 279616K(279616K)->0K(279616K) From: 251K(34944K)->239K(34944K)
[434.535s][info][gc,heap        ] GC(932) Tenured: 6334K(699072K)->6334K(699072K)
[434.535s][info][gc,metaspace   ] GC(932) Metaspace: 16611K(16960K)->16611K(16960K) NonClass: 14280K(14464K)->14280K(14464K) Class: 2330K(2496K)->2330K(2496K)
[434.535s][info][gc             ] GC(932) Pause Young (Allocation Failure) 279M->6M(989M) 0.801ms
[434.535s][info][gc,cpu         ] GC(932) User=0.00s Sys=0.00s Real=0.00s
[434.580s][info][gc,start       ] GC(933) Pause Young (Allocation Failure)
[434.581s][info][gc,heap        ] GC(933) DefNew: 279855K(314560K)->225K(314560K) Eden: 279616K(279616K)->0K(279616K) From: 239K(34944K)->225K(34944K)
[434.581s][info][gc,heap        ] GC(933) Tenured: 6334K(699072K)->6334K(699072K)
[434.581s][info][gc,metaspace   ] GC(933) Metaspace: 16611K(16960K)->16611K(16960K) NonClass: 14280K(14464K)->14280K(14464K) Class: 2330K(2496K)->2330K(2496K)
[434.581s][info][gc             ] GC(933) Pause Young (Allocation Failure) 279M->6M(989M) 0.794ms
[434.581s][info][gc,cpu         ] GC(933) User=0.00s Sys=0.00s Real=0.00s
[434.626s][info][gc,start       ] GC(934) Pause Young (Allocation Failure)
[434.627s][info][gc,heap        ] GC(934) DefNew: 279841K(314560K)->204K(314560K) Eden: 279616K(279616K)->0K(279616K) From: 225K(34944K)->204K(34944K)
[434.627s][info][gc,heap        ] GC(934) Tenured: 6334K(699072K)->6334K(699072K)
[434.627s][info][gc,metaspace   ] GC(934) Metaspace: 16611K(16960K)->16611K(16960K) NonClass: 14280K(14464K)->14280K(14464K) Class: 2330K(2496K)->2330K(2496K)
[434.627s][info][gc             ] GC(934) Pause Young (Allocation Failure) 279M->6M(989M) 0.744ms
[434.627s][info][gc,cpu         ] GC(934) User=0.00s Sys=0.00s Real=0.00s
[434.714s][info][gc,start       ] GC(935) Pause Young (Allocation Failure)
[434.919s][info][gc,heap        ] GC(935) DefNew: 279820K(314560K)->34943K(314560K) Eden: 279616K(279616K)->0K(279616K) From: 204K(34944K)->34943K(34944K)
[434.919s][info][gc,heap        ] GC(935) Tenured: 6334K(699072K)->53749K(699072K)
[434.919s][info][gc,metaspace   ] GC(935) Metaspace: 16611K(16960K)->16611K(16960K) NonClass: 14280K(14464K)->14280K(14464K) Class: 2330K(2496K)->2330K(2496K)
[434.919s][info][gc             ] GC(935) Pause Young (Allocation Failure) 279M->86M(989M) 205.121ms
[434.919s][info][gc,cpu         ] GC(935) User=0.20s Sys=0.00s Real=0.20s
[435.092s][info][gc,start       ] GC(936) Pause Young (Allocation Failure)
[435.711s][info][gc,heap        ] GC(936) DefNew: 314559K(314560K)->34944K(314560K) Eden: 279616K(279616K)->0K(279616K) From: 34943K(34944K)->34944K(34944K)
[435.711s][info][gc,heap        ] GC(936) Tenured: 53749K(699072K)->238533K(699072K)
[435.711s][info][gc,metaspace   ] GC(936) Metaspace: 16611K(16960K)->16611K(16960K) NonClass: 14280K(14464K)->14280K(14464K) Class: 2330K(2496K)->2330K(2496K)
[435.711s][info][gc             ] GC(936) Pause Young (Allocation Failure) 359M->267M(989M) 618.647ms
[435.711s][info][gc,cpu         ] GC(936) User=0.55s Sys=0.00s Real=0.62s
[435.917s][info][gc,start       ] GC(937) Pause Young (Allocation Failure)
[436.452s][info][gc,heap        ] GC(937) DefNew: 314560K(314560K)->34944K(314560K) Eden: 279616K(279616K)->0K(279616K) From: 34944K(34944K)->34944K(34944K)
[436.452s][info][gc,heap        ] GC(937) Tenured: 238533K(699072K)->406696K(699072K)
[436.452s][info][gc,metaspace   ] GC(937) Metaspace: 16611K(16960K)->16611K(16960K) NonClass: 14280K(14464K)->14280K(14464K) Class: 2330K(2496K)->2330K(2496K)
[436.452s][info][gc             ] GC(937) Pause Young (Allocation Failure) 540M->431M(989M) 534.445ms
[436.452s][info][gc,cpu         ] GC(937) User=0.53s Sys=0.00s Real=0.53s
[438.905s][info][gc,start       ] GC(938) Pause Young (Allocation Failure)
[439.303s][info][gc,heap        ] GC(938) DefNew: 314560K(314560K)->34944K(314560K) Eden: 279616K(279616K)->0K(279616K) From: 34944K(34944K)->34944K(34944K)
[439.303s][info][gc,heap        ] GC(938) Tenured: 406696K(699072K)->496879K(699072K)
[439.303s][info][gc,metaspace   ] GC(938) Metaspace: 16611K(16960K)->16611K(16960K) NonClass: 14280K(14464K)->14280K(14464K) Class: 2330K(2496K)->2330K(2496K)
[439.303s][info][gc             ] GC(938) Pause Young (Allocation Failure) 704M->519M(989M) 398.044ms
[439.303s][info][gc,cpu         ] GC(938) User=0.39s Sys=0.00s Real=0.39s
[439.442s][info][gc,start       ] GC(939) Pause Young (Allocation Failure)
[439.442s][info][gc             ] GC(939) Pause Young (Allocation Failure) 792M->792M(989M) 0.144ms
[439.442s][info][gc,cpu         ] GC(939) User=0.00s Sys=0.00s Real=0.00s
[439.442s][info][gc,start       ] GC(940) Pause Full (Allocation Failure)
[439.442s][info][gc,phases,start] GC(940) Phase 1: Mark live objects
[439.693s][info][gc,phases      ] GC(940) Phase 1: Mark live objects 250.706ms
[439.693s][info][gc,phases,start] GC(940) Phase 2: Compute new object addresses
[439.819s][info][gc,phases      ] GC(940) Phase 2: Compute new object addresses 126.493ms
[439.819s][info][gc,phases,start] GC(940) Phase 3: Adjust pointers
[439.949s][info][gc,phases      ] GC(940) Phase 3: Adjust pointers 129.910ms
[439.949s][info][gc,phases,start] GC(940) Phase 4: Move objects
[440.032s][info][gc,phases      ] GC(940) Phase 4: Move objects 82.288ms
[440.032s][info][gc,heap        ] GC(940) DefNew: 314560K(314560K)->0K(314560K) Eden: 279616K(279616K)->0K(279616K) From: 34944K(34944K)->0K(34944K)
[440.032s][info][gc,heap        ] GC(940) Tenured: 496879K(699072K)->214096K(699072K)
[440.032s][info][gc,metaspace   ] GC(940) Metaspace: 16611K(16960K)->16611K(16960K) NonClass: 14280K(14464K)->14280K(14464K) Class: 2330K(2496K)->2330K(2496K)
[440.032s][info][gc             ] GC(940) Pause Full (Allocation Failure) 792M->209M(989M) 589.988ms
[440.032s][info][gc,cpu         ] GC(940) User=0.59s Sys=0.00s Real=0.60s
[440.174s][info][gc,start       ] GC(941) Pause Young (Allocation Failure)
[440.461s][info][gc,heap        ] GC(941) DefNew: 279616K(314560K)->34944K(314560K) Eden: 279616K(279616K)->0K(279616K) From: 0K(34944K)->34944K(34944K)
[440.461s][info][gc,heap        ] GC(941) Tenured: 214096K(699072K)->296775K(699072K)
[440.461s][info][gc,metaspace   ] GC(941) Metaspace: 16611K(16960K)->16611K(16960K) NonClass: 14280K(14464K)->14280K(14464K) Class: 2330K(2496K)->2330K(2496K)
[440.461s][info][gc             ] GC(941) Pause Young (Allocation Failure) 482M->323M(989M) 287.231ms
[440.461s][info][gc,cpu         ] GC(941) User=0.28s Sys=0.00s Real=0.28s
[440.620s][info][gc,start       ] GC(942) Pause Young (Allocation Failure)
[441.094s][info][gc,heap        ] GC(942) DefNew: 314560K(314560K)->34944K(314560K) Eden: 279616K(279616K)->0K(279616K) From: 34944K(34944K)->34944K(34944K)
[441.094s][info][gc,heap        ] GC(942) Tenured: 296775K(699072K)->426540K(699072K)
[441.094s][info][gc,metaspace   ] GC(942) Metaspace: 16611K(16960K)->16611K(16960K) NonClass: 14280K(14464K)->14280K(14464K) Class: 2330K(2496K)->2330K(2496K)
[441.094s][info][gc             ] GC(942) Pause Young (Allocation Failure) 597M->450M(989M) 473.920ms
[441.094s][info][gc,cpu         ] GC(942) User=0.47s Sys=0.00s Real=0.47s
[441.567s][info][gc,start       ] GC(943) Pause Young (Allocation Failure)
[441.765s][info][gc,heap        ] GC(943) DefNew: 314560K(314560K)->21761K(314560K) Eden: 279616K(279616K)->0K(279616K) From: 34944K(34944K)->21761K(34944K)
[441.765s][info][gc,heap        ] GC(943) Tenured: 426540K(699072K)->451183K(699072K)
[441.765s][info][gc,metaspace   ] GC(943) Metaspace: 16611K(16960K)->16611K(16960K) NonClass: 14280K(14464K)->14280K(14464K) Class: 2330K(2496K)->2330K(2496K)
[441.765s][info][gc             ] GC(943) Pause Young (Allocation Failure) 723M->461M(989M) 197.987ms
[441.765s][info][gc,cpu         ] GC(943) User=0.19s Sys=0.00s Real=0.19s
[442.125s][info][gc,start       ] GC(944) Pause Young (Allocation Failure)
[442.148s][info][gc,heap        ] GC(944) DefNew: 301377K(314560K)->0K(314560K) Eden: 279616K(279616K)->0K(279616K) From: 21761K(34944K)->0K(34944K)
[442.148s][info][gc,heap        ] GC(944) Tenured: 451183K(699072K)->453320K(699072K)
[442.148s][info][gc,metaspace   ] GC(944) Metaspace: 16611K(16960K)->16611K(16960K) NonClass: 14280K(14464K)->14280K(14464K) Class: 2330K(2496K)->2330K(2496K)
[442.148s][info][gc             ] GC(944) Pause Young (Allocation Failure) 734M->442M(989M) 22.773ms
[442.148s][info][gc,cpu         ] GC(944) User=0.02s Sys=0.00s Real=0.02s
[442.826s][info][gc,start       ] GC(945) Pause Full (System.gc())
[442.826s][info][gc,phases,start] GC(945) Phase 1: Mark live objects
[442.833s][info][gc,phases      ] GC(945) Phase 1: Mark live objects 7.122ms
[442.833s][info][gc,phases,start] GC(945) Phase 2: Compute new object addresses
[442.915s][info][gc,phases      ] GC(945) Phase 2: Compute new object addresses 81.342ms
[442.915s][info][gc,phases,start] GC(945) Phase 3: Adjust pointers
[442.919s][info][gc,phases      ] GC(945) Phase 3: Adjust pointers 4.054ms
[442.919s][info][gc,phases,start] GC(945) Phase 4: Move objects
[442.919s][info][gc,phases      ] GC(945) Phase 4: Move objects 0.009ms
[442.919s][info][gc,heap        ] GC(945) DefNew: 87222K(314560K)->0K(314560K) Eden: 87222K(279616K)->0K(279616K) From: 0K(34944K)->0K(34944K)
[442.919s][info][gc,heap        ] GC(945) Tenured: 453320K(699072K)->6334K(699072K)
[442.919s][info][gc,metaspace   ] GC(945) Metaspace: 16611K(16960K)->16611K(16960K) NonClass: 14280K(14464K)->14280K(14464K) Class: 2330K(2496K)->2330K(2496K)
[442.919s][info][gc             ] GC(945) Pause Full (System.gc()) 527M->6M(989M) 92.891ms
[442.919s][info][gc,cpu         ] GC(945) User=0.09s Sys=0.00s Real=0.09s
[444.201s][info][gc,start       ] GC(946) Pause Young (Allocation Failure)
[444.202s][info][gc,heap        ] GC(946) DefNew: 279616K(314560K)->246K(314560K) Eden: 279616K(279616K)->0K(279616K) From: 0K(34944K)->246K(34944K)
[444.202s][info][gc,heap        ] GC(946) Tenured: 6334K(699072K)->6334K(699072K)
[444.202s][info][gc,metaspace   ] GC(946) Metaspace: 16611K(16960K)->16611K(16960K) NonClass: 14280K(14464K)->14280K(14464K) Class: 2330K(2496K)->2330K(2496K)
[444.202s][info][gc             ] GC(946) Pause Young (Allocation Failure) 279M->6M(989M) 1.190ms
[444.202s][info][gc,cpu         ] GC(946) User=0.00s Sys=0.00s Real=0.00s
[444.248s][info][gc,start       ] GC(947) Pause Young (Allocation Failure)
[444.249s][info][gc,heap        ] GC(947) DefNew: 279862K(314560K)->252K(314560K) Eden: 279616K(279616K)->0K(279616K) From: 246K(34944K)->252K(34944K)
[444.249s][info][gc,heap        ] GC(947) Tenured: 6334K(699072K)->6334K(699072K)
[444.249s][info][gc,metaspace   ] GC(947) Metaspace: 16611K(16960K)->16611K(16960K) NonClass: 14280K(14464K)->14280K(14464K) Class: 2330K(2496K)->2330K(2496K)
[444.249s][info][gc             ] GC(947) Pause Young (Allocation Failure) 279M->6M(989M) 0.920ms
[444.249s][info][gc,cpu         ] GC(947) User=0.00s Sys=0.00s Real=0.00s
[444.294s][info][gc,start       ] GC(948) Pause Young (Allocation Failure)
[444.295s][info][gc,heap        ] GC(948) DefNew: 279868K(314560K)->244K(314560K) Eden: 279616K(279616K)->0K(279616K) From: 252K(34944K)->244K(34944K)
[444.295s][info][gc,heap        ] GC(948) Tenured: 6334K(699072K)->6334K(699072K)
[444.295s][info][gc,metaspace   ] GC(948) Metaspace: 16611K(16960K)->16611K(16960K) NonClass: 14280K(14464K)->14280K(14464K) Class: 2330K(2496K)->2330K(2496K)
[444.295s][info][gc             ] GC(948) Pause Young (Allocation Failure) 279M->6M(989M) 0.891ms
[444.295s][info][gc,cpu         ] GC(948) User=0.00s Sys=0.00s Real=0.00s
[444.343s][info][gc,start       ] GC(949) Pause Young (Allocation Failure)
[444.344s][info][gc,heap        ] GC(949) DefNew: 279860K(314560K)->239K(314560K) Eden: 279616K(279616K)->0K(279616K) From: 244K(34944K)->239K(34944K)
[444.344s][info][gc,heap        ] GC(949) Tenured: 6334K(699072K)->6334K(699072K)
[444.344s][info][gc,metaspace   ] GC(949) Metaspace: 16611K(16960K)->16611K(16960K) NonClass: 14280K(14464K)->14280K(14464K) Class: 2330K(2496K)->2330K(2496K)
[444.344s][info][gc             ] GC(949) Pause Young (Allocation Failure) 279M->6M(989M) 1.020ms
[444.344s][info][gc,cpu         ] GC(949) User=0.00s Sys=0.00s Real=0.00s
[444.392s][info][gc,start       ] GC(950) Pause Young (Allocation Failure)
[444.393s][info][gc,heap        ] GC(950) DefNew: 279855K(314560K)->243K(314560K) Eden: 279616K(279616K)->0K(279616K) From: 239K(34944K)->243K(34944K)
[444.393s][info][gc,heap        ] GC(950) Tenured: 6334K(699072K)->6334K(699072K)
[444.393s][info][gc,metaspace   ] GC(950) Metaspace: 16611K(16960K)->16611K(16960K) NonClass: 14280K(14464K)->14280K(14464K) Class: 2330K(2496K)->2330K(2496K)
[444.393s][info][gc             ] GC(950) Pause Young (Allocation Failure) 279M->6M(989M) 0.944ms
[444.393s][info][gc,cpu         ] GC(950) User=0.00s Sys=0.00s Real=0.00s
[444.439s][info][gc,start       ] GC(951) Pause Young (Allocation Failure)
[444.440s][info][gc,heap        ] GC(951) DefNew: 279859K(314560K)->249K(314560K) Eden: 279616K(279616K)->0K(279616K) From: 243K(34944K)->249K(34944K)
[444.440s][info][gc,heap        ] GC(951) Tenured: 6334K(699072K)->6334K(699072K)
[444.440s][info][gc,metaspace   ] GC(951) Metaspace: 16611K(16960K)->16611K(16960K) NonClass: 14280K(14464K)->14280K(14464K) Class: 2330K(2496K)->2330K(2496K)
[444.440s][info][gc             ] GC(951) Pause Young (Allocation Failure) 279M->6M(989M) 0.911ms
[444.440s][info][gc,cpu         ] GC(951) User=0.00s Sys=0.00s Real=0.00s
[444.485s][info][gc,start       ] GC(952) Pause Young (Allocation Failure)
[444.485s][info][gc,heap        ] GC(952) DefNew: 279865K(314560K)->231K(314560K) Eden: 279616K(279616K)->0K(279616K) From: 249K(34944K)->231K(34944K)
[444.485s][info][gc,heap        ] GC(952) Tenured: 6334K(699072K)->6334K(699072K)
[444.485s][info][gc,metaspace   ] GC(952) Metaspace: 16611K(16960K)->16611K(16960K) NonClass: 14280K(14464K)->14280K(14464K) Class: 2330K(2496K)->2330K(2496K)
[444.485s][info][gc             ] GC(952) Pause Young (Allocation Failure) 279M->6M(989M) 0.984ms
[444.486s][info][gc,cpu         ] GC(952) User=0.00s Sys=0.00s Real=0.00s
[444.530s][info][gc,start       ] GC(953) Pause Young (Allocation Failure)
[444.531s][info][gc,heap        ] GC(953) DefNew: 279847K(314560K)->242K(314560K) Eden: 279616K(279616K)->0K(279616K) From: 231K(34944K)->242K(34944K)
[444.531s][info][gc,heap        ] GC(953) Tenured: 6334K(699072K)->6334K(699072K)
[444.531s][info][gc,metaspace   ] GC(953) Metaspace: 16611K(16960K)->16611K(16960K) NonClass: 14280K(14464K)->14280K(14464K) Class: 2330K(2496K)->2330K(2496K)
[444.531s][info][gc             ] GC(953) Pause Young (Allocation Failure) 279M->6M(989M) 0.897ms
[444.531s][info][gc,cpu         ] GC(953) User=0.00s Sys=0.00s Real=0.00s
[444.575s][info][gc,start       ] GC(954) Pause Young (Allocation Failure)
[444.576s][info][gc,heap        ] GC(954) DefNew: 279858K(314560K)->235K(314560K) Eden: 279616K(279616K)->0K(279616K) From: 242K(34944K)->235K(34944K)
[444.576s][info][gc,heap        ] GC(954) Tenured: 6334K(699072K)->6334K(699072K)
[444.576s][info][gc,metaspace   ] GC(954) Metaspace: 16611K(16960K)->16611K(16960K) NonClass: 14280K(14464K)->14280K(14464K) Class: 2330K(2496K)->2330K(2496K)
[444.576s][info][gc             ] GC(954) Pause Young (Allocation Failure) 279M->6M(989M) 0.850ms
[444.576s][info][gc,cpu         ] GC(954) User=0.00s Sys=0.00s Real=0.00s
[444.621s][info][gc,start       ] GC(955) Pause Young (Allocation Failure)
[444.622s][info][gc,heap        ] GC(955) DefNew: 279851K(314560K)->227K(314560K) Eden: 279616K(279616K)->0K(279616K) From: 235K(34944K)->227K(34944K)
[444.622s][info][gc,heap        ] GC(955) Tenured: 6334K(699072K)->6334K(699072K)
[444.622s][info][gc,metaspace   ] GC(955) Metaspace: 16611K(16960K)->16611K(16960K) NonClass: 14280K(14464K)->14280K(14464K) Class: 2330K(2496K)->2330K(2496K)
[444.622s][info][gc             ] GC(955) Pause Young (Allocation Failure) 279M->6M(989M) 0.808ms
[444.622s][info][gc,cpu         ] GC(955) User=0.00s Sys=0.00s Real=0.01s
[444.701s][info][gc,start       ] GC(956) Pause Young (Allocation Failure)
[444.891s][info][gc,heap        ] GC(956) DefNew: 279843K(314560K)->34944K(314560K) Eden: 279616K(279616K)->0K(279616K) From: 227K(34944K)->34944K(34944K)
[444.891s][info][gc,heap        ] GC(956) Tenured: 6334K(699072K)->48363K(699072K)
[444.891s][info][gc,metaspace   ] GC(956) Metaspace: 16611K(16960K)->16611K(16960K) NonClass: 14280K(14464K)->14280K(14464K) Class: 2330K(2496K)->2330K(2496K)
[444.891s][info][gc             ] GC(956) Pause Young (Allocation Failure) 279M->81M(989M) 189.997ms
[444.891s][info][gc,cpu         ] GC(956) User=0.19s Sys=0.00s Real=0.19s
[445.061s][info][gc,start       ] GC(957) Pause Young (Allocation Failure)
[445.653s][info][gc,heap        ] GC(957) DefNew: 314560K(314560K)->34944K(314560K) Eden: 279616K(279616K)->0K(279616K) From: 34944K(34944K)->34944K(34944K)
[445.653s][info][gc,heap        ] GC(957) Tenured: 48363K(699072K)->232672K(699072K)
[445.653s][info][gc,metaspace   ] GC(957) Metaspace: 16611K(16960K)->16611K(16960K) NonClass: 14280K(14464K)->14280K(14464K) Class: 2330K(2496K)->2330K(2496K)
[445.653s][info][gc             ] GC(957) Pause Young (Allocation Failure) 354M->261M(989M) 592.380ms
[445.653s][info][gc,cpu         ] GC(957) User=0.58s Sys=0.00s Real=0.60s
[445.858s][info][gc,start       ] GC(958) Pause Young (Allocation Failure)
[446.404s][info][gc,heap        ] GC(958) DefNew: 314560K(314560K)->34944K(314560K) Eden: 279616K(279616K)->0K(279616K) From: 34944K(34944K)->34944K(34944K)
[446.404s][info][gc,heap        ] GC(958) Tenured: 232672K(699072K)->408333K(699072K)
[446.404s][info][gc,metaspace   ] GC(958) Metaspace: 16611K(16960K)->16611K(16960K) NonClass: 14280K(14464K)->14280K(14464K) Class: 2330K(2496K)->2330K(2496K)
[446.404s][info][gc             ] GC(958) Pause Young (Allocation Failure) 534M->432M(989M) 546.229ms
[446.404s][info][gc,cpu         ] GC(958) User=0.55s Sys=0.00s Real=0.55s
[449.067s][info][gc,start       ] GC(959) Pause Young (Allocation Failure)
[449.445s][info][gc,heap        ] GC(959) DefNew: 314560K(314560K)->34944K(314560K) Eden: 279616K(279616K)->0K(279616K) From: 34944K(34944K)->34944K(34944K)
[449.445s][info][gc,heap        ] GC(959) Tenured: 408333K(699072K)->494537K(699072K)
[449.445s][info][gc,metaspace   ] GC(959) Metaspace: 16611K(16960K)->16611K(16960K) NonClass: 14280K(14464K)->14280K(14464K) Class: 2330K(2496K)->2330K(2496K)
[449.445s][info][gc             ] GC(959) Pause Young (Allocation Failure) 705M->517M(989M) 377.379ms
[449.445s][info][gc,cpu         ] GC(959) User=0.38s Sys=0.00s Real=0.38s
[449.582s][info][gc,start       ] GC(960) Pause Young (Allocation Failure)
[449.582s][info][gc             ] GC(960) Pause Young (Allocation Failure) 790M->790M(989M) 0.129ms
[449.582s][info][gc,cpu         ] GC(960) User=0.00s Sys=0.00s Real=0.00s
[449.582s][info][gc,start       ] GC(961) Pause Full (Allocation Failure)
[449.582s][info][gc,phases,start] GC(961) Phase 1: Mark live objects
[449.814s][info][gc,phases      ] GC(961) Phase 1: Mark live objects 231.573ms
[449.814s][info][gc,phases,start] GC(961) Phase 2: Compute new object addresses
[449.939s][info][gc,phases      ] GC(961) Phase 2: Compute new object addresses 124.923ms
[449.939s][info][gc,phases,start] GC(961) Phase 3: Adjust pointers
[450.057s][info][gc,phases      ] GC(961) Phase 3: Adjust pointers 117.644ms
[450.057s][info][gc,phases,start] GC(961) Phase 4: Move objects
[450.138s][info][gc,phases      ] GC(961) Phase 4: Move objects 80.929ms
[450.138s][info][gc,heap        ] GC(961) DefNew: 314560K(314560K)->0K(314560K) Eden: 279616K(279616K)->0K(279616K) From: 34944K(34944K)->0K(34944K)
[450.138s][info][gc,heap        ] GC(961) Tenured: 494537K(699072K)->209880K(699072K)
[450.138s][info][gc,metaspace   ] GC(961) Metaspace: 16611K(16960K)->16611K(16960K) NonClass: 14280K(14464K)->14280K(14464K) Class: 2330K(2496K)->2330K(2496K)
[450.138s][info][gc             ] GC(961) Pause Full (Allocation Failure) 790M->204M(989M) 555.558ms
[450.138s][info][gc,cpu         ] GC(961) User=0.56s Sys=0.00s Real=0.57s
[450.279s][info][gc,start       ] GC(962) Pause Young (Allocation Failure)
[450.566s][info][gc,heap        ] GC(962) DefNew: 279616K(314560K)->34944K(314560K) Eden: 279616K(279616K)->0K(279616K) From: 0K(34944K)->34944K(34944K)
[450.567s][info][gc,heap        ] GC(962) Tenured: 209880K(699072K)->292568K(699072K)
[450.567s][info][gc,metaspace   ] GC(962) Metaspace: 16611K(16960K)->16611K(16960K) NonClass: 14280K(14464K)->14280K(14464K) Class: 2330K(2496K)->2330K(2496K)
[450.567s][info][gc             ] GC(962) Pause Young (Allocation Failure) 478M->319M(989M) 287.111ms
[450.567s][info][gc,cpu         ] GC(962) User=0.28s Sys=0.00s Real=0.28s
[450.725s][info][gc,start       ] GC(963) Pause Young (Allocation Failure)
[451.177s][info][gc,heap        ] GC(963) DefNew: 314560K(314560K)->34944K(314560K) Eden: 279616K(279616K)->0K(279616K) From: 34944K(34944K)->34944K(34944K)
[451.177s][info][gc,heap        ] GC(963) Tenured: 292568K(699072K)->419279K(699072K)
[451.177s][info][gc,metaspace   ] GC(963) Metaspace: 16611K(16960K)->16611K(16960K) NonClass: 14280K(14464K)->14280K(14464K) Class: 2330K(2496K)->2330K(2496K)
[451.177s][info][gc             ] GC(963) Pause Young (Allocation Failure) 592M->443M(989M) 452.605ms
[451.177s][info][gc,cpu         ] GC(963) User=0.45s Sys=0.00s Real=0.46s
[451.642s][info][gc,start       ] GC(964) Pause Young (Allocation Failure)
[451.854s][info][gc,heap        ] GC(964) DefNew: 314560K(314560K)->28991K(314560K) Eden: 279616K(279616K)->0K(279616K) From: 34944K(34944K)->28991K(34944K)
[451.854s][info][gc,heap        ] GC(964) Tenured: 419279K(699072K)->444407K(699072K)
[451.854s][info][gc,metaspace   ] GC(964) Metaspace: 16611K(16960K)->16611K(16960K) NonClass: 14280K(14464K)->14280K(14464K) Class: 2330K(2496K)->2330K(2496K)
[451.854s][info][gc             ] GC(964) Pause Young (Allocation Failure) 716M->462M(989M) 211.820ms
[451.854s][info][gc,cpu         ] GC(964) User=0.22s Sys=0.00s Real=0.22s
[452.218s][info][gc,start       ] GC(965) Pause Young (Allocation Failure)
[452.261s][info][gc,heap        ] GC(965) DefNew: 308607K(314560K)->293K(314560K) Eden: 279616K(279616K)->0K(279616K) From: 28991K(34944K)->293K(34944K)
[452.262s][info][gc,heap        ] GC(965) Tenured: 444407K(699072K)->447601K(699072K)
[452.262s][info][gc,metaspace   ] GC(965) Metaspace: 16611K(16960K)->16611K(16960K) NonClass: 14280K(14464K)->14280K(14464K) Class: 2330K(2496K)->2330K(2496K)
[452.262s][info][gc             ] GC(965) Pause Young (Allocation Failure) 735M->437M(989M) 43.155ms
[452.262s][info][gc,cpu         ] GC(965) User=0.05s Sys=0.00s Real=0.05s
[452.937s][info][gc,start       ] GC(966) Pause Full (System.gc())
[452.937s][info][gc,phases,start] GC(966) Phase 1: Mark live objects
[452.944s][info][gc,phases      ] GC(966) Phase 1: Mark live objects 6.857ms
[452.944s][info][gc,phases,start] GC(966) Phase 2: Compute new object addresses
[453.025s][info][gc,phases      ] GC(966) Phase 2: Compute new object addresses 81.006ms
[453.025s][info][gc,phases,start] GC(966) Phase 3: Adjust pointers
[453.029s][info][gc,phases      ] GC(966) Phase 3: Adjust pointers 4.074ms
[453.029s][info][gc,phases,start] GC(966) Phase 4: Move objects
[453.029s][info][gc,phases      ] GC(966) Phase 4: Move objects 0.015ms
[453.029s][info][gc,heap        ] GC(966) DefNew: 100199K(314560K)->0K(314560K) Eden: 99906K(279616K)->0K(279616K) From: 293K(34944K)->0K(34944K)
[453.029s][info][gc,heap        ] GC(966) Tenured: 447601K(699072K)->6334K(699072K)
[453.029s][info][gc,metaspace   ] GC(966) Metaspace: 16611K(16960K)->16611K(16960K) NonClass: 14280K(14464K)->14280K(14464K) Class: 2330K(2496K)->2330K(2496K)
[453.029s][info][gc             ] GC(966) Pause Full (System.gc()) 534M->6M(989M) 92.342ms
[453.029s][info][gc,cpu         ] GC(966) User=0.08s Sys=0.00s Real=0.09s
[454.298s][info][gc,start       ] GC(967) Pause Young (Allocation Failure)
[454.299s][info][gc,heap        ] GC(967) DefNew: 279616K(314560K)->245K(314560K) Eden: 279616K(279616K)->0K(279616K) From: 0K(34944K)->245K(34944K)
[454.299s][info][gc,heap        ] GC(967) Tenured: 6334K(699072K)->6334K(699072K)
[454.299s][info][gc,metaspace   ] GC(967) Metaspace: 16611K(16960K)->16611K(16960K) NonClass: 14280K(14464K)->14280K(14464K) Class: 2330K(2496K)->2330K(2496K)
[454.299s][info][gc             ] GC(967) Pause Young (Allocation Failure) 279M->6M(989M) 1.076ms
[454.299s][info][gc,cpu         ] GC(967) User=0.00s Sys=0.00s Real=0.00s
[454.348s][info][gc,start       ] GC(968) Pause Young (Allocation Failure)
[454.348s][info][gc,heap        ] GC(968) DefNew: 279861K(314560K)->241K(314560K) Eden: 279616K(279616K)->0K(279616K) From: 245K(34944K)->241K(34944K)
[454.348s][info][gc,heap        ] GC(968) Tenured: 6334K(699072K)->6334K(699072K)
[454.348s][info][gc,metaspace   ] GC(968) Metaspace: 16611K(16960K)->16611K(16960K) NonClass: 14280K(14464K)->14280K(14464K) Class: 2330K(2496K)->2330K(2496K)
[454.348s][info][gc             ] GC(968) Pause Young (Allocation Failure) 279M->6M(989M) 0.894ms
[454.348s][info][gc,cpu         ] GC(968) User=0.00s Sys=0.00s Real=0.00s
[454.394s][info][gc,start       ] GC(969) Pause Young (Allocation Failure)
[454.394s][info][gc,heap        ] GC(969) DefNew: 279857K(314560K)->254K(314560K) Eden: 279616K(279616K)->0K(279616K) From: 241K(34944K)->254K(34944K)
[454.394s][info][gc,heap        ] GC(969) Tenured: 6334K(699072K)->6334K(699072K)
[454.394s][info][gc,metaspace   ] GC(969) Metaspace: 16611K(16960K)->16611K(16960K) NonClass: 14280K(14464K)->14280K(14464K) Class: 2330K(2496K)->2330K(2496K)
[454.394s][info][gc             ] GC(969) Pause Young (Allocation Failure) 279M->6M(989M) 0.847ms
[454.394s][info][gc,cpu         ] GC(969) User=0.00s Sys=0.00s Real=0.02s
[454.439s][info][gc,start       ] GC(970) Pause Young (Allocation Failure)
[454.440s][info][gc,heap        ] GC(970) DefNew: 279870K(314560K)->233K(314560K) Eden: 279616K(279616K)->0K(279616K) From: 254K(34944K)->233K(34944K)
[454.440s][info][gc,heap        ] GC(970) Tenured: 6334K(699072K)->6334K(699072K)
[454.440s][info][gc,metaspace   ] GC(970) Metaspace: 16611K(16960K)->16611K(16960K) NonClass: 14280K(14464K)->14280K(14464K) Class: 2330K(2496K)->2330K(2496K)
[454.440s][info][gc             ] GC(970) Pause Young (Allocation Failure) 279M->6M(989M) 0.785ms
[454.440s][info][gc,cpu         ] GC(970) User=0.00s Sys=0.00s Real=0.00s
[454.483s][info][gc,start       ] GC(971) Pause Young (Allocation Failure)
[454.484s][info][gc,heap        ] GC(971) DefNew: 279849K(314560K)->245K(314560K) Eden: 279616K(279616K)->0K(279616K) From: 233K(34944K)->245K(34944K)
[454.484s][info][gc,heap        ] GC(971) Tenured: 6334K(699072K)->6334K(699072K)
[454.484s][info][gc,metaspace   ] GC(971) Metaspace: 16611K(16960K)->16611K(16960K) NonClass: 14280K(14464K)->14280K(14464K) Class: 2330K(2496K)->2330K(2496K)
[454.484s][info][gc             ] GC(971) Pause Young (Allocation Failure) 279M->6M(989M) 0.831ms
[454.484s][info][gc,cpu         ] GC(971) User=0.00s Sys=0.00s Real=0.00s
[454.527s][info][gc,start       ] GC(972) Pause Young (Allocation Failure)
[454.528s][info][gc,heap        ] GC(972) DefNew: 279861K(314560K)->249K(314560K) Eden: 279616K(279616K)->0K(279616K) From: 245K(34944K)->249K(34944K)
[454.528s][info][gc,heap        ] GC(972) Tenured: 6334K(699072K)->6334K(699072K)
[454.528s][info][gc,metaspace   ] GC(972) Metaspace: 16611K(16960K)->16611K(16960K) NonClass: 14280K(14464K)->14280K(14464K) Class: 2330K(2496K)->2330K(2496K)
[454.528s][info][gc             ] GC(972) Pause Young (Allocation Failure) 279M->6M(989M) 0.864ms
[454.528s][info][gc,cpu         ] GC(972) User=0.00s Sys=0.00s Real=0.00s
[454.572s][info][gc,start       ] GC(973) Pause Young (Allocation Failure)
[454.572s][info][gc,heap        ] GC(973) DefNew: 279865K(314560K)->232K(314560K) Eden: 279616K(279616K)->0K(279616K) From: 249K(34944K)->232K(34944K)
[454.572s][info][gc,heap        ] GC(973) Tenured: 6334K(699072K)->6334K(699072K)
[454.572s][info][gc,metaspace   ] GC(973) Metaspace: 16611K(16960K)->16611K(16960K) NonClass: 14280K(14464K)->14280K(14464K) Class: 2330K(2496K)->2330K(2496K)
[454.572s][info][gc             ] GC(973) Pause Young (Allocation Failure) 279M->6M(989M) 0.785ms
[454.572s][info][gc,cpu         ] GC(973) User=0.00s Sys=0.00s Real=0.00s
[454.617s][info][gc,start       ] GC(974) Pause Young (Allocation Failure)
[454.618s][info][gc,heap        ] GC(974) DefNew: 279848K(314560K)->246K(314560K) Eden: 279616K(279616K)->0K(279616K) From: 232K(34944K)->246K(34944K)
[454.618s][info][gc,heap        ] GC(974) Tenured: 6334K(699072K)->6334K(699072K)
[454.618s][info][gc,metaspace   ] GC(974) Metaspace: 16611K(16960K)->16611K(16960K) NonClass: 14280K(14464K)->14280K(14464K) Class: 2330K(2496K)->2330K(2496K)
[454.618s][info][gc             ] GC(974) Pause Young (Allocation Failure) 279M->6M(989M) 1.055ms
[454.618s][info][gc,cpu         ] GC(974) User=0.00s Sys=0.00s Real=0.00s
[454.663s][info][gc,start       ] GC(975) Pause Young (Allocation Failure)
[454.663s][info][gc,heap        ] GC(975) DefNew: 279862K(314560K)->232K(314560K) Eden: 279616K(279616K)->0K(279616K) From: 246K(34944K)->232K(34944K)
[454.663s][info][gc,heap        ] GC(975) Tenured: 6334K(699072K)->6334K(699072K)
[454.663s][info][gc,metaspace   ] GC(975) Metaspace: 16611K(16960K)->16611K(16960K) NonClass: 14280K(14464K)->14280K(14464K) Class: 2330K(2496K)->2330K(2496K)
[454.663s][info][gc             ] GC(975) Pause Young (Allocation Failure) 279M->6M(989M) 0.833ms
[454.664s][info][gc,cpu         ] GC(975) User=0.00s Sys=0.00s Real=0.00s
[454.708s][info][gc,start       ] GC(976) Pause Young (Allocation Failure)
[454.709s][info][gc,heap        ] GC(976) DefNew: 279848K(314560K)->209K(314560K) Eden: 279616K(279616K)->0K(279616K) From: 232K(34944K)->209K(34944K)
[454.709s][info][gc,heap        ] GC(976) Tenured: 6334K(699072K)->6334K(699072K)
[454.709s][info][gc,metaspace   ] GC(976) Metaspace: 16611K(16960K)->16611K(16960K) NonClass: 14280K(14464K)->14280K(14464K) Class: 2330K(2496K)->2330K(2496K)
[454.709s][info][gc             ] GC(976) Pause Young (Allocation Failure) 279M->6M(989M) 0.969ms
[454.709s][info][gc,cpu         ] GC(976) User=0.00s Sys=0.00s Real=0.00s
[454.792s][info][gc,start       ] GC(977) Pause Young (Allocation Failure)
[454.993s][info][gc,heap        ] GC(977) DefNew: 279825K(314560K)->34943K(314560K) Eden: 279616K(279616K)->0K(279616K) From: 209K(34944K)->34943K(34944K)
[454.993s][info][gc,heap        ] GC(977) Tenured: 6334K(699072K)->52524K(699072K)
[454.993s][info][gc,metaspace   ] GC(977) Metaspace: 16611K(16960K)->16611K(16960K) NonClass: 14280K(14464K)->14280K(14464K) Class: 2330K(2496K)->2330K(2496K)
[454.993s][info][gc             ] GC(977) Pause Young (Allocation Failure) 279M->85M(989M) 201.301ms
[454.993s][info][gc,cpu         ] GC(977) User=0.19s Sys=0.00s Real=0.20s
[455.165s][info][gc,start       ] GC(978) Pause Young (Allocation Failure)
[455.761s][info][gc,heap        ] GC(978) DefNew: 314559K(314560K)->34944K(314560K) Eden: 279616K(279616K)->0K(279616K) From: 34943K(34944K)->34944K(34944K)
[455.761s][info][gc,heap        ] GC(978) Tenured: 52524K(699072K)->236549K(699072K)
[455.761s][info][gc,metaspace   ] GC(978) Metaspace: 16611K(16960K)->16611K(16960K) NonClass: 14280K(14464K)->14280K(14464K) Class: 2330K(2496K)->2330K(2496K)
[455.761s][info][gc             ] GC(978) Pause Young (Allocation Failure) 358M->265M(989M) 596.455ms
[455.761s][info][gc,cpu         ] GC(978) User=0.59s Sys=0.00s Real=0.60s
[455.974s][info][gc,start       ] GC(979) Pause Young (Allocation Failure)
[456.515s][info][gc,heap        ] GC(979) DefNew: 314560K(314560K)->34944K(314560K) Eden: 279616K(279616K)->0K(279616K) From: 34944K(34944K)->34944K(34944K)
[456.515s][info][gc,heap        ] GC(979) Tenured: 236549K(699072K)->407994K(699072K)
[456.515s][info][gc,metaspace   ] GC(979) Metaspace: 16611K(16960K)->16611K(16960K) NonClass: 14280K(14464K)->14280K(14464K) Class: 2330K(2496K)->2330K(2496K)
[456.515s][info][gc             ] GC(979) Pause Young (Allocation Failure) 538M->432M(989M) 540.903ms
[456.515s][info][gc,cpu         ] GC(979) User=0.56s Sys=0.00s Real=0.55s
[458.847s][info][gc,start       ] GC(980) Pause Young (Allocation Failure)
[459.222s][info][gc,heap        ] GC(980) DefNew: 314560K(314560K)->34944K(314560K) Eden: 279616K(279616K)->0K(279616K) From: 34944K(34944K)->34944K(34944K)
[459.222s][info][gc,heap        ] GC(980) Tenured: 407994K(699072K)->495941K(699072K)
[459.222s][info][gc,metaspace   ] GC(980) Metaspace: 16611K(16960K)->16611K(16960K) NonClass: 14280K(14464K)->14280K(14464K) Class: 2330K(2496K)->2330K(2496K)
[459.222s][info][gc             ] GC(980) Pause Young (Allocation Failure) 705M->518M(989M) 375.022ms
[459.222s][info][gc,cpu         ] GC(980) User=0.33s Sys=0.00s Real=0.37s
[459.361s][info][gc,start       ] GC(981) Pause Young (Allocation Failure)
[459.361s][info][gc             ] GC(981) Pause Young (Allocation Failure) 791M->791M(989M) 0.117ms
[459.361s][info][gc,cpu         ] GC(981) User=0.00s Sys=0.00s Real=0.00s
[459.361s][info][gc,start       ] GC(982) Pause Full (Allocation Failure)
[459.361s][info][gc,phases,start] GC(982) Phase 1: Mark live objects
[459.596s][info][gc,phases      ] GC(982) Phase 1: Mark live objects 234.722ms
[459.596s][info][gc,phases,start] GC(982) Phase 2: Compute new object addresses
[459.723s][info][gc,phases      ] GC(982) Phase 2: Compute new object addresses 126.793ms
[459.723s][info][gc,phases,start] GC(982) Phase 3: Adjust pointers
[459.841s][info][gc,phases      ] GC(982) Phase 3: Adjust pointers 118.413ms
[459.841s][info][gc,phases,start] GC(982) Phase 4: Move objects
[459.922s][info][gc,phases      ] GC(982) Phase 4: Move objects 81.022ms
[459.923s][info][gc,heap        ] GC(982) DefNew: 314560K(314560K)->0K(314560K) Eden: 279616K(279616K)->0K(279616K) From: 34944K(34944K)->0K(34944K)
[459.923s][info][gc,heap        ] GC(982) Tenured: 495941K(699072K)->211792K(699072K)
[459.923s][info][gc,metaspace   ] GC(982) Metaspace: 16611K(16960K)->16611K(16960K) NonClass: 14280K(14464K)->14280K(14464K) Class: 2330K(2496K)->2330K(2496K)
[459.923s][info][gc             ] GC(982) Pause Full (Allocation Failure) 791M->206M(989M) 561.381ms
[459.923s][info][gc,cpu         ] GC(982) User=0.56s Sys=0.00s Real=0.56s
[460.063s][info][gc,start       ] GC(983) Pause Young (Allocation Failure)
[460.352s][info][gc,heap        ] GC(983) DefNew: 279616K(314560K)->34944K(314560K) Eden: 279616K(279616K)->0K(279616K) From: 0K(34944K)->34944K(34944K)
[460.352s][info][gc,heap        ] GC(983) Tenured: 211792K(699072K)->294475K(699072K)
[460.352s][info][gc,metaspace   ] GC(983) Metaspace: 16611K(16960K)->16611K(16960K) NonClass: 14280K(14464K)->14280K(14464K) Class: 2330K(2496K)->2330K(2496K)
[460.352s][info][gc             ] GC(983) Pause Young (Allocation Failure) 479M->321M(989M) 288.175ms
[460.352s][info][gc,cpu         ] GC(983) User=0.28s Sys=0.00s Real=0.29s
[460.511s][info][gc,start       ] GC(984) Pause Young (Allocation Failure)
[460.979s][info][gc,heap        ] GC(984) DefNew: 314560K(314560K)->34943K(314560K) Eden: 279616K(279616K)->0K(279616K) From: 34944K(34944K)->34943K(34944K)
[460.979s][info][gc,heap        ] GC(984) Tenured: 294475K(699072K)->422602K(699072K)
[460.979s][info][gc,metaspace   ] GC(984) Metaspace: 16611K(16960K)->16611K(16960K) NonClass: 14280K(14464K)->14280K(14464K) Class: 2330K(2496K)->2330K(2496K)
[460.979s][info][gc             ] GC(984) Pause Young (Allocation Failure) 594M->446M(989M) 467.819ms
[460.979s][info][gc,cpu         ] GC(984) User=0.47s Sys=0.00s Real=0.47s
[461.440s][info][gc,start       ] GC(985) Pause Young (Allocation Failure)
[461.645s][info][gc,heap        ] GC(985) DefNew: 314559K(314560K)->25710K(314560K) Eden: 279616K(279616K)->0K(279616K) From: 34943K(34944K)->25710K(34944K)
[461.645s][info][gc,heap        ] GC(985) Tenured: 422602K(699072K)->447494K(699072K)
[461.645s][info][gc,metaspace   ] GC(985) Metaspace: 16611K(16960K)->16611K(16960K) NonClass: 14280K(14464K)->14280K(14464K) Class: 2330K(2496K)->2330K(2496K)
[461.645s][info][gc             ] GC(985) Pause Young (Allocation Failure) 719M->462M(989M) 205.133ms
[461.645s][info][gc,cpu         ] GC(985) User=0.20s Sys=0.00s Real=0.20s
[462.007s][info][gc,start       ] GC(986) Pause Young (Allocation Failure)
[462.036s][info][gc,heap        ] GC(986) DefNew: 305326K(314560K)->133K(314560K) Eden: 279616K(279616K)->0K(279616K) From: 25710K(34944K)->133K(34944K)
[462.036s][info][gc,heap        ] GC(986) Tenured: 447494K(699072K)->450148K(699072K)
[462.036s][info][gc,metaspace   ] GC(986) Metaspace: 16611K(16960K)->16611K(16960K) NonClass: 14280K(14464K)->14280K(14464K) Class: 2330K(2496K)->2330K(2496K)
[462.036s][info][gc             ] GC(986) Pause Young (Allocation Failure) 735M->439M(989M) 28.957ms
[462.036s][info][gc,cpu         ] GC(986) User=0.03s Sys=0.00s Real=0.03s
[462.704s][info][gc,start       ] GC(987) Pause Full (System.gc())
[462.704s][info][gc,phases,start] GC(987) Phase 1: Mark live objects
[462.711s][info][gc,phases      ] GC(987) Phase 1: Mark live objects 7.106ms
[462.711s][info][gc,phases,start] GC(987) Phase 2: Compute new object addresses
[462.793s][info][gc,phases      ] GC(987) Phase 2: Compute new object addresses 81.224ms
[462.793s][info][gc,phases,start] GC(987) Phase 3: Adjust pointers
[462.797s][info][gc,phases      ] GC(987) Phase 3: Adjust pointers 4.059ms
[462.797s][info][gc,phases,start] GC(987) Phase 4: Move objects
[462.797s][info][gc,phases      ] GC(987) Phase 4: Move objects 0.010ms
[462.797s][info][gc,heap        ] GC(987) DefNew: 90795K(314560K)->0K(314560K) Eden: 90662K(279616K)->0K(279616K) From: 133K(34944K)->0K(34944K)
[462.797s][info][gc,heap        ] GC(987) Tenured: 450148K(699072K)->6334K(699072K)
[462.797s][info][gc,metaspace   ] GC(987) Metaspace: 16611K(16960K)->16611K(16960K) NonClass: 14280K(14464K)->14280K(14464K) Class: 2330K(2496K)->2330K(2496K)
[462.797s][info][gc             ] GC(987) Pause Full (System.gc()) 528M->6M(989M) 92.758ms
[462.797s][info][gc,cpu         ] GC(987) User=0.09s Sys=0.00s Real=0.09s
[464.073s][info][gc,start       ] GC(988) Pause Young (Allocation Failure)
[464.074s][info][gc,heap        ] GC(988) DefNew: 279616K(314560K)->246K(314560K) Eden: 279616K(279616K)->0K(279616K) From: 0K(34944K)->246K(34944K)
[464.074s][info][gc,heap        ] GC(988) Tenured: 6334K(699072K)->6334K(699072K)
[464.074s][info][gc,metaspace   ] GC(988) Metaspace: 16611K(16960K)->16611K(16960K) NonClass: 14280K(14464K)->14280K(14464K) Class: 2330K(2496K)->2330K(2496K)
[464.074s][info][gc             ] GC(988) Pause Young (Allocation Failure) 279M->6M(989M) 1.209ms
[464.074s][info][gc,cpu         ] GC(988) User=0.00s Sys=0.00s Real=0.00s
[464.118s][info][gc,start       ] GC(989) Pause Young (Allocation Failure)
[464.119s][info][gc,heap        ] GC(989) DefNew: 279862K(314560K)->253K(314560K) Eden: 279616K(279616K)->0K(279616K) From: 246K(34944K)->253K(34944K)
[464.119s][info][gc,heap        ] GC(989) Tenured: 6334K(699072K)->6334K(699072K)
[464.119s][info][gc,metaspace   ] GC(989) Metaspace: 16611K(16960K)->16611K(16960K) NonClass: 14280K(14464K)->14280K(14464K) Class: 2330K(2496K)->2330K(2496K)
[464.119s][info][gc             ] GC(989) Pause Young (Allocation Failure) 279M->6M(989M) 0.815ms
[464.119s][info][gc,cpu         ] GC(989) User=0.00s Sys=0.00s Real=0.00s
[464.163s][info][gc,start       ] GC(990) Pause Young (Allocation Failure)
[464.164s][info][gc,heap        ] GC(990) DefNew: 279869K(314560K)->250K(314560K) Eden: 279616K(279616K)->0K(279616K) From: 253K(34944K)->250K(34944K)
[464.164s][info][gc,heap        ] GC(990) Tenured: 6334K(699072K)->6334K(699072K)
[464.164s][info][gc,metaspace   ] GC(990) Metaspace: 16611K(16960K)->16611K(16960K) NonClass: 14280K(14464K)->14280K(14464K) Class: 2330K(2496K)->2330K(2496K)
[464.164s][info][gc             ] GC(990) Pause Young (Allocation Failure) 279M->6M(989M) 0.931ms
[464.164s][info][gc,cpu         ] GC(990) User=0.00s Sys=0.00s Real=0.00s
[464.209s][info][gc,start       ] GC(991) Pause Young (Allocation Failure)
[464.210s][info][gc,heap        ] GC(991) DefNew: 279866K(314560K)->230K(314560K) Eden: 279616K(279616K)->0K(279616K) From: 250K(34944K)->230K(34944K)
[464.210s][info][gc,heap        ] GC(991) Tenured: 6334K(699072K)->6334K(699072K)
[464.210s][info][gc,metaspace   ] GC(991) Metaspace: 16611K(16960K)->16611K(16960K) NonClass: 14280K(14464K)->14280K(14464K) Class: 2330K(2496K)->2330K(2496K)
[464.210s][info][gc             ] GC(991) Pause Young (Allocation Failure) 279M->6M(989M) 0.791ms
[464.210s][info][gc,cpu         ] GC(991) User=0.00s Sys=0.00s Real=0.00s
[464.253s][info][gc,start       ] GC(992) Pause Young (Allocation Failure)
[464.254s][info][gc,heap        ] GC(992) DefNew: 279846K(314560K)->250K(314560K) Eden: 279616K(279616K)->0K(279616K) From: 230K(34944K)->250K(34944K)
[464.254s][info][gc,heap        ] GC(992) Tenured: 6334K(699072K)->6334K(699072K)
[464.254s][info][gc,metaspace   ] GC(992) Metaspace: 16611K(16960K)->16611K(16960K) NonClass: 14280K(14464K)->14280K(14464K) Class: 2330K(2496K)->2330K(2496K)
[464.254s][info][gc             ] GC(992) Pause Young (Allocation Failure) 279M->6M(989M) 0.861ms
[464.254s][info][gc,cpu         ] GC(992) User=0.00s Sys=0.00s Real=0.00s
[464.298s][info][gc,start       ] GC(993) Pause Young (Allocation Failure)
[464.299s][info][gc,heap        ] GC(993) DefNew: 279866K(314560K)->249K(314560K) Eden: 279616K(279616K)->0K(279616K) From: 250K(34944K)->249K(34944K)
[464.299s][info][gc,heap        ] GC(993) Tenured: 6334K(699072K)->6334K(699072K)
[464.299s][info][gc,metaspace   ] GC(993) Metaspace: 16611K(16960K)->16611K(16960K) NonClass: 14280K(14464K)->14280K(14464K) Class: 2330K(2496K)->2330K(2496K)
[464.299s][info][gc             ] GC(993) Pause Young (Allocation Failure) 279M->6M(989M) 0.816ms
[464.299s][info][gc,cpu         ] GC(993) User=0.00s Sys=0.00s Real=0.00s
[464.344s][info][gc,start       ] GC(994) Pause Young (Allocation Failure)
[464.345s][info][gc,heap        ] GC(994) DefNew: 279865K(314560K)->251K(314560K) Eden: 279616K(279616K)->0K(279616K) From: 249K(34944K)->251K(34944K)
[464.345s][info][gc,heap        ] GC(994) Tenured: 6334K(699072K)->6334K(699072K)
[464.345s][info][gc,metaspace   ] GC(994) Metaspace: 16611K(16960K)->16611K(16960K) NonClass: 14280K(14464K)->14280K(14464K) Class: 2330K(2496K)->2330K(2496K)
[464.345s][info][gc             ] GC(994) Pause Young (Allocation Failure) 279M->6M(989M) 1.046ms
[464.345s][info][gc,cpu         ] GC(994) User=0.00s Sys=0.00s Real=0.00s
[464.394s][info][gc,start       ] GC(995) Pause Young (Allocation Failure)
[464.395s][info][gc,heap        ] GC(995) DefNew: 279867K(314560K)->262K(314560K) Eden: 279616K(279616K)->0K(279616K) From: 251K(34944K)->262K(34944K)
[464.395s][info][gc,heap        ] GC(995) Tenured: 6334K(699072K)->6334K(699072K)
[464.395s][info][gc,metaspace   ] GC(995) Metaspace: 16611K(16960K)->16611K(16960K) NonClass: 14280K(14464K)->14280K(14464K) Class: 2330K(2496K)->2330K(2496K)
[464.395s][info][gc             ] GC(995) Pause Young (Allocation Failure) 279M->6M(989M) 0.971ms
[464.395s][info][gc,cpu         ] GC(995) User=0.02s Sys=0.00s Real=0.00s
[464.441s][info][gc,start       ] GC(996) Pause Young (Allocation Failure)
[464.442s][info][gc,heap        ] GC(996) DefNew: 279878K(314560K)->245K(314560K) Eden: 279616K(279616K)->0K(279616K) From: 262K(34944K)->245K(34944K)
[464.442s][info][gc,heap        ] GC(996) Tenured: 6334K(699072K)->6334K(699072K)
[464.442s][info][gc,metaspace   ] GC(996) Metaspace: 16611K(16960K)->16611K(16960K) NonClass: 14280K(14464K)->14280K(14464K) Class: 2330K(2496K)->2330K(2496K)
[464.442s][info][gc             ] GC(996) Pause Young (Allocation Failure) 279M->6M(989M) 0.872ms
[464.442s][info][gc,cpu         ] GC(996) User=0.00s Sys=0.00s Real=0.00s
[464.489s][info][gc,start       ] GC(997) Pause Young (Allocation Failure)
[464.490s][info][gc,heap        ] GC(997) DefNew: 279861K(314560K)->206K(314560K) Eden: 279616K(279616K)->0K(279616K) From: 245K(34944K)->206K(34944K)
[464.490s][info][gc,heap        ] GC(997) Tenured: 6334K(699072K)->6334K(699072K)
[464.490s][info][gc,metaspace   ] GC(997) Metaspace: 16611K(16960K)->16611K(16960K) NonClass: 14280K(14464K)->14280K(14464K) Class: 2330K(2496K)->2330K(2496K)
[464.490s][info][gc             ] GC(997) Pause Young (Allocation Failure) 279M->6M(989M) 0.788ms
[464.490s][info][gc,cpu         ] GC(997) User=0.00s Sys=0.00s Real=0.00s
[464.569s][info][gc,start       ] GC(998) Pause Young (Allocation Failure)
[464.766s][info][gc,heap        ] GC(998) DefNew: 279822K(314560K)->34944K(314560K) Eden: 279616K(279616K)->0K(279616K) From: 206K(34944K)->34944K(34944K)
[464.766s][info][gc,heap        ] GC(998) Tenured: 6334K(699072K)->50956K(699072K)
[464.766s][info][gc,metaspace   ] GC(998) Metaspace: 16611K(16960K)->16611K(16960K) NonClass: 14280K(14464K)->14280K(14464K) Class: 2330K(2496K)->2330K(2496K)
[464.766s][info][gc             ] GC(998) Pause Young (Allocation Failure) 279M->83M(989M) 197.357ms
[464.766s][info][gc,cpu         ] GC(998) User=0.19s Sys=0.00s Real=0.20s
[464.937s][info][gc,start       ] GC(999) Pause Young (Allocation Failure)
[465.534s][info][gc,heap        ] GC(999) DefNew: 314560K(314560K)->34944K(314560K) Eden: 279616K(279616K)->0K(279616K) From: 34944K(34944K)->34944K(34944K)
[465.534s][info][gc,heap        ] GC(999) Tenured: 50956K(699072K)->235454K(699072K)
[465.534s][info][gc,metaspace   ] GC(999) Metaspace: 16611K(16960K)->16611K(16960K) NonClass: 14280K(14464K)->14280K(14464K) Class: 2330K(2496K)->2330K(2496K)
[465.534s][info][gc             ] GC(999) Pause Young (Allocation Failure) 356M->264M(989M) 596.680ms
[465.534s][info][gc,cpu         ] GC(999) User=0.56s Sys=0.00s Real=0.60s
[465.742s][info][gc,start       ] GC(1000) Pause Young (Allocation Failure)
[466.288s][info][gc,heap        ] GC(1000) DefNew: 314560K(314560K)->34944K(314560K) Eden: 279616K(279616K)->0K(279616K) From: 34944K(34944K)->34944K(34944K)
[466.288s][info][gc,heap        ] GC(1000) Tenured: 235454K(699072K)->408017K(699072K)
[466.288s][info][gc,metaspace   ] GC(1000) Metaspace: 16611K(16960K)->16611K(16960K) NonClass: 14280K(14464K)->14280K(14464K) Class: 2330K(2496K)->2330K(2496K)
[466.288s][info][gc             ] GC(1000) Pause Young (Allocation Failure) 537M->432M(989M) 545.948ms
[466.288s][info][gc,cpu         ] GC(1000) User=0.56s Sys=0.00s Real=0.54s
[468.689s][info][gc,start       ] GC(1001) Pause Young (Allocation Failure)
[469.066s][info][gc,heap        ] GC(1001) DefNew: 314560K(314560K)->34944K(314560K) Eden: 279616K(279616K)->0K(279616K) From: 34944K(34944K)->34944K(34944K)
[469.066s][info][gc,heap        ] GC(1001) Tenured: 408017K(699072K)->496030K(699072K)
[469.066s][info][gc,metaspace   ] GC(1001) Metaspace: 16611K(16960K)->16611K(16960K) NonClass: 14280K(14464K)->14280K(14464K) Class: 2330K(2496K)->2330K(2496K)
[469.066s][info][gc             ] GC(1001) Pause Young (Allocation Failure) 705M->518M(989M) 376.354ms
[469.066s][info][gc,cpu         ] GC(1001) User=0.38s Sys=0.00s Real=0.38s
[469.204s][info][gc,start       ] GC(1002) Pause Young (Allocation Failure)
[469.204s][info][gc             ] GC(1002) Pause Young (Allocation Failure) 791M->791M(989M) 0.140ms
[469.204s][info][gc,cpu         ] GC(1002) User=0.00s Sys=0.00s Real=0.00s
[469.204s][info][gc,start       ] GC(1003) Pause Full (Allocation Failure)
[469.204s][info][gc,phases,start] GC(1003) Phase 1: Mark live objects
[469.441s][info][gc,phases      ] GC(1003) Phase 1: Mark live objects 237.245ms
[469.441s][info][gc,phases,start] GC(1003) Phase 2: Compute new object addresses
[469.567s][info][gc,phases      ] GC(1003) Phase 2: Compute new object addresses 125.445ms
[469.567s][info][gc,phases,start] GC(1003) Phase 3: Adjust pointers
[469.686s][info][gc,phases      ] GC(1003) Phase 3: Adjust pointers 119.138ms
[469.686s][info][gc,phases,start] GC(1003) Phase 4: Move objects
[469.767s][info][gc,phases      ] GC(1003) Phase 4: Move objects 81.626ms
[469.768s][info][gc,heap        ] GC(1003) DefNew: 314560K(314560K)->0K(314560K) Eden: 279616K(279616K)->0K(279616K) From: 34944K(34944K)->0K(34944K)
[469.768s][info][gc,heap        ] GC(1003) Tenured: 496030K(699072K)->211850K(699072K)
[469.768s][info][gc,metaspace   ] GC(1003) Metaspace: 16611K(16960K)->16611K(16960K) NonClass: 14280K(14464K)->14280K(14464K) Class: 2330K(2496K)->2330K(2496K)
[469.768s][info][gc             ] GC(1003) Pause Full (Allocation Failure) 791M->206M(989M) 563.929ms
[469.768s][info][gc,cpu         ] GC(1003) User=0.58s Sys=0.00s Real=0.56s
[469.909s][info][gc,start       ] GC(1004) Pause Young (Allocation Failure)
[470.193s][info][gc,heap        ] GC(1004) DefNew: 279616K(314560K)->34944K(314560K) Eden: 279616K(279616K)->0K(279616K) From: 0K(34944K)->34944K(34944K)
[470.193s][info][gc,heap        ] GC(1004) Tenured: 211850K(699072K)->294533K(699072K)
[470.193s][info][gc,metaspace   ] GC(1004) Metaspace: 16611K(16960K)->16611K(16960K) NonClass: 14280K(14464K)->14280K(14464K) Class: 2330K(2496K)->2330K(2496K)
[470.193s][info][gc             ] GC(1004) Pause Young (Allocation Failure) 479M->321M(989M) 284.714ms
[470.193s][info][gc,cpu         ] GC(1004) User=0.28s Sys=0.00s Real=0.28s
[470.354s][info][gc,start       ] GC(1005) Pause Young (Allocation Failure)
[470.821s][info][gc,heap        ] GC(1005) DefNew: 314560K(314560K)->34944K(314560K) Eden: 279616K(279616K)->0K(279616K) From: 34944K(34944K)->34944K(34944K)
[470.821s][info][gc,heap        ] GC(1005) Tenured: 294533K(699072K)->422702K(699072K)
[470.821s][info][gc,metaspace   ] GC(1005) Metaspace: 16611K(16960K)->16611K(16960K) NonClass: 14280K(14464K)->14280K(14464K) Class: 2330K(2496K)->2330K(2496K)
[470.821s][info][gc             ] GC(1005) Pause Young (Allocation Failure) 594M->446M(989M) 467.036ms
[470.821s][info][gc,cpu         ] GC(1005) User=0.47s Sys=0.00s Real=0.47s
[471.283s][info][gc,start       ] GC(1006) Pause Young (Allocation Failure)
[471.487s][info][gc,heap        ] GC(1006) DefNew: 314560K(314560K)->25611K(314560K) Eden: 279616K(279616K)->0K(279616K) From: 34944K(34944K)->25611K(34944K)
[471.487s][info][gc,heap        ] GC(1006) Tenured: 422702K(699072K)->447588K(699072K)
[471.487s][info][gc,metaspace   ] GC(1006) Metaspace: 16611K(16960K)->16611K(16960K) NonClass: 14280K(14464K)->14280K(14464K) Class: 2330K(2496K)->2330K(2496K)
[471.487s][info][gc             ] GC(1006) Pause Young (Allocation Failure) 719M->462M(989M) 204.660ms
[471.487s][info][gc,cpu         ] GC(1006) User=0.20s Sys=0.00s Real=0.20s
[471.850s][info][gc,start       ] GC(1007) Pause Young (Allocation Failure)
[471.878s][info][gc,heap        ] GC(1007) DefNew: 305227K(314560K)->130K(314560K) Eden: 279616K(279616K)->0K(279616K) From: 25611K(34944K)->130K(34944K)
[471.878s][info][gc,heap        ] GC(1007) Tenured: 447588K(699072K)->450226K(699072K)
[471.878s][info][gc,metaspace   ] GC(1007) Metaspace: 16611K(16960K)->16611K(16960K) NonClass: 14280K(14464K)->14280K(14464K) Class: 2330K(2496K)->2330K(2496K)
[471.878s][info][gc             ] GC(1007) Pause Young (Allocation Failure) 735M->439M(989M) 28.620ms
[471.878s][info][gc,cpu         ] GC(1007) User=0.03s Sys=0.00s Real=0.03s
[472.551s][info][gc,start       ] GC(1008) Pause Full (System.gc())
[472.551s][info][gc,phases,start] GC(1008) Phase 1: Mark live objects
[472.558s][info][gc,phases      ] GC(1008) Phase 1: Mark live objects 7.058ms
[472.558s][info][gc,phases,start] GC(1008) Phase 2: Compute new object addresses
[472.639s][info][gc,phases      ] GC(1008) Phase 2: Compute new object addresses 80.938ms
[472.639s][info][gc,phases,start] GC(1008) Phase 3: Adjust pointers
[472.643s][info][gc,phases      ] GC(1008) Phase 3: Adjust pointers 4.088ms
[472.643s][info][gc,phases,start] GC(1008) Phase 4: Move objects
[472.643s][info][gc,phases      ] GC(1008) Phase 4: Move objects 0.010ms
[472.643s][info][gc,heap        ] GC(1008) DefNew: 94209K(314560K)->0K(314560K) Eden: 94079K(279616K)->0K(279616K) From: 130K(34944K)->0K(34944K)
[472.643s][info][gc,heap        ] GC(1008) Tenured: 450226K(699072K)->6334K(699072K)
[472.643s][info][gc,metaspace   ] GC(1008) Metaspace: 16619K(16960K)->16619K(16960K) NonClass: 14288K(14464K)->14288K(14464K) Class: 2330K(2496K)->2330K(2496K)
[472.643s][info][gc             ] GC(1008) Pause Full (System.gc()) 531M->6M(989M) 92.436ms
[472.643s][info][gc,cpu         ] GC(1008) User=0.09s Sys=0.00s Real=0.09s
[473.920s][info][gc,start       ] GC(1009) Pause Young (Allocation Failure)
[473.921s][info][gc,heap        ] GC(1009) DefNew: 279616K(314560K)->248K(314560K) Eden: 279616K(279616K)->0K(279616K) From: 0K(34944K)->248K(34944K)
[473.921s][info][gc,heap        ] GC(1009) Tenured: 6334K(699072K)->6334K(699072K)
[473.921s][info][gc,metaspace   ] GC(1009) Metaspace: 16619K(16960K)->16619K(16960K) NonClass: 14288K(14464K)->14288K(14464K) Class: 2330K(2496K)->2330K(2496K)
[473.921s][info][gc             ] GC(1009) Pause Young (Allocation Failure) 279M->6M(989M) 1.119ms
[473.921s][info][gc,cpu         ] GC(1009) User=0.00s Sys=0.00s Real=0.00s
[473.965s][info][gc,start       ] GC(1010) Pause Young (Allocation Failure)
[473.966s][info][gc,heap        ] GC(1010) DefNew: 279864K(314560K)->251K(314560K) Eden: 279616K(279616K)->0K(279616K) From: 248K(34944K)->251K(34944K)
[473.966s][info][gc,heap        ] GC(1010) Tenured: 6334K(699072K)->6334K(699072K)
[473.966s][info][gc,metaspace   ] GC(1010) Metaspace: 16619K(16960K)->16619K(16960K) NonClass: 14288K(14464K)->14288K(14464K) Class: 2330K(2496K)->2330K(2496K)
[473.966s][info][gc             ] GC(1010) Pause Young (Allocation Failure) 279M->6M(989M) 0.901ms
[473.966s][info][gc,cpu         ] GC(1010) User=0.00s Sys=0.00s Real=0.00s
[474.010s][info][gc,start       ] GC(1011) Pause Young (Allocation Failure)
[474.010s][info][gc,heap        ] GC(1011) DefNew: 279867K(314560K)->246K(314560K) Eden: 279616K(279616K)->0K(279616K) From: 251K(34944K)->246K(34944K)
[474.010s][info][gc,heap        ] GC(1011) Tenured: 6334K(699072K)->6334K(699072K)
[474.010s][info][gc,metaspace   ] GC(1011) Metaspace: 16619K(16960K)->16619K(16960K) NonClass: 14288K(14464K)->14288K(14464K) Class: 2330K(2496K)->2330K(2496K)
[474.010s][info][gc             ] GC(1011) Pause Young (Allocation Failure) 279M->6M(989M) 0.882ms
[474.010s][info][gc,cpu         ] GC(1011) User=0.00s Sys=0.00s Real=0.00s
[474.054s][info][gc,start       ] GC(1012) Pause Young (Allocation Failure)
[474.055s][info][gc,heap        ] GC(1012) DefNew: 279862K(314560K)->248K(314560K) Eden: 279616K(279616K)->0K(279616K) From: 246K(34944K)->248K(34944K)
[474.055s][info][gc,heap        ] GC(1012) Tenured: 6334K(699072K)->6334K(699072K)
[474.055s][info][gc,metaspace   ] GC(1012) Metaspace: 16619K(16960K)->16619K(16960K) NonClass: 14288K(14464K)->14288K(14464K) Class: 2330K(2496K)->2330K(2496K)
[474.055s][info][gc             ] GC(1012) Pause Young (Allocation Failure) 279M->6M(989M) 0.960ms
[474.055s][info][gc,cpu         ] GC(1012) User=0.00s Sys=0.00s Real=0.02s
[474.098s][info][gc,start       ] GC(1013) Pause Young (Allocation Failure)
[474.099s][info][gc,heap        ] GC(1013) DefNew: 279864K(314560K)->257K(314560K) Eden: 279616K(279616K)->0K(279616K) From: 248K(34944K)->257K(34944K)
[474.099s][info][gc,heap        ] GC(1013) Tenured: 6334K(699072K)->6334K(699072K)
[474.099s][info][gc,metaspace   ] GC(1013) Metaspace: 16619K(16960K)->16619K(16960K) NonClass: 14288K(14464K)->14288K(14464K) Class: 2330K(2496K)->2330K(2496K)
[474.099s][info][gc             ] GC(1013) Pause Young (Allocation Failure) 279M->6M(989M) 0.843ms
[474.099s][info][gc,cpu         ] GC(1013) User=0.00s Sys=0.00s Real=0.00s
[474.142s][info][gc,start       ] GC(1014) Pause Young (Allocation Failure)
[474.143s][info][gc,heap        ] GC(1014) DefNew: 279873K(314560K)->238K(314560K) Eden: 279616K(279616K)->0K(279616K) From: 257K(34944K)->238K(34944K)
[474.143s][info][gc,heap        ] GC(1014) Tenured: 6334K(699072K)->6334K(699072K)
[474.143s][info][gc,metaspace   ] GC(1014) Metaspace: 16619K(16960K)->16619K(16960K) NonClass: 14288K(14464K)->14288K(14464K) Class: 2330K(2496K)->2330K(2496K)
[474.143s][info][gc             ] GC(1014) Pause Young (Allocation Failure) 279M->6M(989M) 0.869ms
[474.143s][info][gc,cpu         ] GC(1014) User=0.00s Sys=0.00s Real=0.00s
[474.188s][info][gc,start       ] GC(1015) Pause Young (Allocation Failure)
[474.188s][info][gc,heap        ] GC(1015) DefNew: 279854K(314560K)->253K(314560K) Eden: 279616K(279616K)->0K(279616K) From: 238K(34944K)->253K(34944K)
[474.188s][info][gc,heap        ] GC(1015) Tenured: 6334K(699072K)->6334K(699072K)
[474.188s][info][gc,metaspace   ] GC(1015) Metaspace: 16619K(16960K)->16619K(16960K) NonClass: 14288K(14464K)->14288K(14464K) Class: 2330K(2496K)->2330K(2496K)
[474.189s][info][gc             ] GC(1015) Pause Young (Allocation Failure) 279M->6M(989M) 0.848ms
[474.189s][info][gc,cpu         ] GC(1015) User=0.00s Sys=0.00s Real=0.00s
[474.233s][info][gc,start       ] GC(1016) Pause Young (Allocation Failure)
[474.234s][info][gc,heap        ] GC(1016) DefNew: 279869K(314560K)->242K(314560K) Eden: 279616K(279616K)->0K(279616K) From: 253K(34944K)->242K(34944K)
[474.234s][info][gc,heap        ] GC(1016) Tenured: 6334K(699072K)->6334K(699072K)
[474.234s][info][gc,metaspace   ] GC(1016) Metaspace: 16619K(16960K)->16619K(16960K) NonClass: 14288K(14464K)->14288K(14464K) Class: 2330K(2496K)->2330K(2496K)
[474.234s][info][gc             ] GC(1016) Pause Young (Allocation Failure) 279M->6M(989M) 0.867ms
[474.234s][info][gc,cpu         ] GC(1016) User=0.00s Sys=0.00s Real=0.00s
[474.278s][info][gc,start       ] GC(1017) Pause Young (Allocation Failure)
[474.279s][info][gc,heap        ] GC(1017) DefNew: 279858K(314560K)->263K(314560K) Eden: 279616K(279616K)->0K(279616K) From: 242K(34944K)->263K(34944K)
[474.279s][info][gc,heap        ] GC(1017) Tenured: 6334K(699072K)->6334K(699072K)
[474.279s][info][gc,metaspace   ] GC(1017) Metaspace: 16619K(16960K)->16619K(16960K) NonClass: 14288K(14464K)->14288K(14464K) Class: 2330K(2496K)->2330K(2496K)
[474.279s][info][gc             ] GC(1017) Pause Young (Allocation Failure) 279M->6M(989M) 0.862ms
[474.279s][info][gc,cpu         ] GC(1017) User=0.00s Sys=0.00s Real=0.00s
[474.326s][info][gc,start       ] GC(1018) Pause Young (Allocation Failure)
[474.327s][info][gc,heap        ] GC(1018) DefNew: 279879K(314560K)->210K(314560K) Eden: 279616K(279616K)->0K(279616K) From: 263K(34944K)->210K(34944K)
[474.327s][info][gc,heap        ] GC(1018) Tenured: 6334K(699072K)->6334K(699072K)
[474.327s][info][gc,metaspace   ] GC(1018) Metaspace: 16619K(16960K)->16619K(16960K) NonClass: 14288K(14464K)->14288K(14464K) Class: 2330K(2496K)->2330K(2496K)
[474.327s][info][gc             ] GC(1018) Pause Young (Allocation Failure) 279M->6M(989M) 0.969ms
[474.327s][info][gc,cpu         ] GC(1018) User=0.00s Sys=0.00s Real=0.00s
[474.419s][info][gc,start       ] GC(1019) Pause Young (Allocation Failure)
[474.624s][info][gc,heap        ] GC(1019) DefNew: 279826K(314560K)->34944K(314560K) Eden: 279616K(279616K)->0K(279616K) From: 210K(34944K)->34944K(34944K)
[474.624s][info][gc,heap        ] GC(1019) Tenured: 6334K(699072K)->53917K(699072K)
[474.624s][info][gc,metaspace   ] GC(1019) Metaspace: 16619K(16960K)->16619K(16960K) NonClass: 14288K(14464K)->14288K(14464K) Class: 2330K(2496K)->2330K(2496K)
[474.624s][info][gc             ] GC(1019) Pause Young (Allocation Failure) 279M->86M(989M) 205.109ms
[474.624s][info][gc,cpu         ] GC(1019) User=0.20s Sys=0.00s Real=0.20s
[474.798s][info][gc,start       ] GC(1020) Pause Young (Allocation Failure)
[475.400s][info][gc,heap        ] GC(1020) DefNew: 314560K(314560K)->34944K(314560K) Eden: 279616K(279616K)->0K(279616K) From: 34944K(34944K)->34944K(34944K)
[475.400s][info][gc,heap        ] GC(1020) Tenured: 53917K(699072K)->238690K(699072K)
[475.400s][info][gc,metaspace   ] GC(1020) Metaspace: 16619K(16960K)->16619K(16960K) NonClass: 14288K(14464K)->14288K(14464K) Class: 2330K(2496K)->2330K(2496K)
[475.400s][info][gc             ] GC(1020) Pause Young (Allocation Failure) 359M->267M(989M) 602.590ms
[475.400s][info][gc,cpu         ] GC(1020) User=0.61s Sys=0.00s Real=0.61s
[475.615s][info][gc,start       ] GC(1021) Pause Young (Allocation Failure)
[476.153s][info][gc,heap        ] GC(1021) DefNew: 314560K(314560K)->34944K(314560K) Eden: 279616K(279616K)->0K(279616K) From: 34944K(34944K)->34944K(34944K)
[476.153s][info][gc,heap        ] GC(1021) Tenured: 238690K(699072K)->407528K(699072K)
[476.153s][info][gc,metaspace   ] GC(1021) Metaspace: 16619K(16960K)->16619K(16960K) NonClass: 14288K(14464K)->14288K(14464K) Class: 2330K(2496K)->2330K(2496K)
[476.153s][info][gc             ] GC(1021) Pause Young (Allocation Failure) 540M->432M(989M) 538.196ms
[476.153s][info][gc,cpu         ] GC(1021) User=0.55s Sys=0.00s Real=0.55s
[478.543s][info][gc,start       ] GC(1022) Pause Young (Allocation Failure)
[478.921s][info][gc,heap        ] GC(1022) DefNew: 314560K(314560K)->34944K(314560K) Eden: 279616K(279616K)->0K(279616K) From: 34944K(34944K)->34944K(34944K)
[478.921s][info][gc,heap        ] GC(1022) Tenured: 407528K(699072K)->496483K(699072K)
[478.921s][info][gc,metaspace   ] GC(1022) Metaspace: 16619K(16960K)->16619K(16960K) NonClass: 14288K(14464K)->14288K(14464K) Class: 2330K(2496K)->2330K(2496K)
[478.921s][info][gc             ] GC(1022) Pause Young (Allocation Failure) 705M->518M(989M) 377.412ms
[478.921s][info][gc,cpu         ] GC(1022) User=0.34s Sys=0.00s Real=0.38s
[479.058s][info][gc,start       ] GC(1023) Pause Young (Allocation Failure)
[479.058s][info][gc             ] GC(1023) Pause Young (Allocation Failure) 792M->792M(989M) 0.146ms
[479.058s][info][gc,cpu         ] GC(1023) User=0.00s Sys=0.00s Real=0.00s
[479.058s][info][gc,start       ] GC(1024) Pause Full (Allocation Failure)
[479.058s][info][gc,phases,start] GC(1024) Phase 1: Mark live objects
[479.294s][info][gc,phases      ] GC(1024) Phase 1: Mark live objects 235.754ms
[479.294s][info][gc,phases,start] GC(1024) Phase 2: Compute new object addresses
[479.421s][info][gc,phases      ] GC(1024) Phase 2: Compute new object addresses 126.516ms
[479.421s][info][gc,phases,start] GC(1024) Phase 3: Adjust pointers
[479.540s][info][gc,phases      ] GC(1024) Phase 3: Adjust pointers 118.900ms
[479.540s][info][gc,phases,start] GC(1024) Phase 4: Move objects
[479.621s][info][gc,phases      ] GC(1024) Phase 4: Move objects 81.238ms
[479.621s][info][gc,heap        ] GC(1024) DefNew: 314560K(314560K)->0K(314560K) Eden: 279616K(279616K)->0K(279616K) From: 34944K(34944K)->0K(34944K)
[479.621s][info][gc,heap        ] GC(1024) Tenured: 496483K(699072K)->212886K(699072K)
[479.621s][info][gc,metaspace   ] GC(1024) Metaspace: 16619K(16960K)->16619K(16960K) NonClass: 14288K(14464K)->14288K(14464K) Class: 2330K(2496K)->2330K(2496K)
[479.621s][info][gc             ] GC(1024) Pause Full (Allocation Failure) 792M->207M(989M) 562.872ms
[479.621s][info][gc,cpu         ] GC(1024) User=0.58s Sys=0.00s Real=0.57s
[479.762s][info][gc,start       ] GC(1025) Pause Young (Allocation Failure)
[480.046s][info][gc,heap        ] GC(1025) DefNew: 279616K(314560K)->34943K(314560K) Eden: 279616K(279616K)->0K(279616K) From: 0K(34944K)->34943K(34944K)
[480.046s][info][gc,heap        ] GC(1025) Tenured: 212886K(699072K)->295567K(699072K)
[480.046s][info][gc,metaspace   ] GC(1025) Metaspace: 16619K(16960K)->16619K(16960K) NonClass: 14288K(14464K)->14288K(14464K) Class: 2330K(2496K)->2330K(2496K)
[480.046s][info][gc             ] GC(1025) Pause Young (Allocation Failure) 480M->322M(989M) 284.742ms
[480.046s][info][gc,cpu         ] GC(1025) User=0.27s Sys=0.00s Real=0.28s
[480.206s][info][gc,start       ] GC(1026) Pause Young (Allocation Failure)
[480.676s][info][gc,heap        ] GC(1026) DefNew: 314559K(314560K)->34943K(314560K) Eden: 279616K(279616K)->0K(279616K) From: 34943K(34944K)->34943K(34944K)
[480.676s][info][gc,heap        ] GC(1026) Tenured: 295567K(699072K)->424418K(699072K)
[480.676s][info][gc,metaspace   ] GC(1026) Metaspace: 16619K(16960K)->16619K(16960K) NonClass: 14288K(14464K)->14288K(14464K) Class: 2330K(2496K)->2330K(2496K)
[480.676s][info][gc             ] GC(1026) Pause Young (Allocation Failure) 595M->448M(989M) 470.818ms
[480.676s][info][gc,cpu         ] GC(1026) User=0.41s Sys=0.00s Real=0.47s
[481.135s][info][gc,start       ] GC(1027) Pause Young (Allocation Failure)
[481.336s][info][gc,heap        ] GC(1027) DefNew: 314559K(314560K)->23835K(314560K) Eden: 279616K(279616K)->0K(279616K) From: 34943K(34944K)->23835K(34944K)
[481.336s][info][gc,heap        ] GC(1027) Tenured: 424418K(699072K)->449192K(699072K)
[481.336s][info][gc,metaspace   ] GC(1027) Metaspace: 16619K(16960K)->16619K(16960K) NonClass: 14288K(14464K)->14288K(14464K) Class: 2330K(2496K)->2330K(2496K)
[481.336s][info][gc             ] GC(1027) Pause Young (Allocation Failure) 721M->461M(989M) 201.265ms
[481.336s][info][gc,cpu         ] GC(1027) User=0.19s Sys=0.00s Real=0.19s
[481.700s][info][gc,start       ] GC(1028) Pause Young (Allocation Failure)
[481.725s][info][gc,heap        ] GC(1028) DefNew: 303451K(314560K)->71K(314560K) Eden: 279616K(279616K)->0K(279616K) From: 23835K(34944K)->71K(34944K)
[481.725s][info][gc,heap        ] GC(1028) Tenured: 449192K(699072K)->451562K(699072K)
[481.725s][info][gc,metaspace   ] GC(1028) Metaspace: 16619K(16960K)->16619K(16960K) NonClass: 14288K(14464K)->14288K(14464K) Class: 2330K(2496K)->2330K(2496K)
[481.725s][info][gc             ] GC(1028) Pause Young (Allocation Failure) 735M->441M(989M) 25.694ms
[481.725s][info][gc,cpu         ] GC(1028) User=0.02s Sys=0.00s Real=0.02s
[482.401s][info][gc,start       ] GC(1029) Pause Full (System.gc())
[482.401s][info][gc,phases,start] GC(1029) Phase 1: Mark live objects
[482.409s][info][gc,phases      ] GC(1029) Phase 1: Mark live objects 7.121ms
[482.409s][info][gc,phases,start] GC(1029) Phase 2: Compute new object addresses
[482.490s][info][gc,phases      ] GC(1029) Phase 2: Compute new object addresses 81.705ms
[482.490s][info][gc,phases,start] GC(1029) Phase 3: Adjust pointers
[482.494s][info][gc,phases      ] GC(1029) Phase 3: Adjust pointers 4.028ms
[482.494s][info][gc,phases,start] GC(1029) Phase 4: Move objects
[482.494s][info][gc,phases      ] GC(1029) Phase 4: Move objects 0.009ms
[482.494s][info][gc,heap        ] GC(1029) DefNew: 88373K(314560K)->0K(314560K) Eden: 88301K(279616K)->0K(279616K) From: 71K(34944K)->0K(34944K)
[482.494s][info][gc,heap        ] GC(1029) Tenured: 451562K(699072K)->6335K(699072K)
[482.494s][info][gc,metaspace   ] GC(1029) Metaspace: 16619K(16960K)->16619K(16960K) NonClass: 14288K(14464K)->14288K(14464K) Class: 2330K(2496K)->2330K(2496K)
[482.495s][info][gc             ] GC(1029) Pause Full (System.gc()) 527M->6M(989M) 93.258ms
[482.495s][info][gc,cpu         ] GC(1029) User=0.06s Sys=0.00s Real=0.10s
[483.768s][info][gc,start       ] GC(1030) Pause Young (Allocation Failure)
[483.769s][info][gc,heap        ] GC(1030) DefNew: 279616K(314560K)->253K(314560K) Eden: 279616K(279616K)->0K(279616K) From: 0K(34944K)->253K(34944K)
[483.769s][info][gc,heap        ] GC(1030) Tenured: 6335K(699072K)->6335K(699072K)
[483.769s][info][gc,metaspace   ] GC(1030) Metaspace: 16619K(16960K)->16619K(16960K) NonClass: 14288K(14464K)->14288K(14464K) Class: 2330K(2496K)->2330K(2496K)
[483.769s][info][gc             ] GC(1030) Pause Young (Allocation Failure) 279M->6M(989M) 1.203ms
[483.769s][info][gc,cpu         ] GC(1030) User=0.00s Sys=0.00s Real=0.00s
[483.814s][info][gc,start       ] GC(1031) Pause Young (Allocation Failure)
[483.815s][info][gc,heap        ] GC(1031) DefNew: 279869K(314560K)->254K(314560K) Eden: 279616K(279616K)->0K(279616K) From: 253K(34944K)->254K(34944K)
[483.815s][info][gc,heap        ] GC(1031) Tenured: 6335K(699072K)->6335K(699072K)
[483.815s][info][gc,metaspace   ] GC(1031) Metaspace: 16619K(16960K)->16619K(16960K) NonClass: 14288K(14464K)->14288K(14464K) Class: 2330K(2496K)->2330K(2496K)
[483.815s][info][gc             ] GC(1031) Pause Young (Allocation Failure) 279M->6M(989M) 0.884ms
[483.815s][info][gc,cpu         ] GC(1031) User=0.00s Sys=0.00s Real=0.00s
[483.858s][info][gc,start       ] GC(1032) Pause Young (Allocation Failure)
[483.859s][info][gc,heap        ] GC(1032) DefNew: 279870K(314560K)->242K(314560K) Eden: 279616K(279616K)->0K(279616K) From: 254K(34944K)->242K(34944K)
[483.859s][info][gc,heap        ] GC(1032) Tenured: 6335K(699072K)->6335K(699072K)
[483.859s][info][gc,metaspace   ] GC(1032) Metaspace: 16619K(16960K)->16619K(16960K) NonClass: 14288K(14464K)->14288K(14464K) Class: 2330K(2496K)->2330K(2496K)
[483.859s][info][gc             ] GC(1032) Pause Young (Allocation Failure) 279M->6M(989M) 0.746ms
[483.859s][info][gc,cpu         ] GC(1032) User=0.00s Sys=0.00s Real=0.00s
[483.903s][info][gc,start       ] GC(1033) Pause Young (Allocation Failure)
[483.904s][info][gc,heap        ] GC(1033) DefNew: 279858K(314560K)->253K(314560K) Eden: 279616K(279616K)->0K(279616K) From: 242K(34944K)->253K(34944K)
[483.904s][info][gc,heap        ] GC(1033) Tenured: 6335K(699072K)->6335K(699072K)
[483.904s][info][gc,metaspace   ] GC(1033) Metaspace: 16619K(16960K)->16619K(16960K) NonClass: 14288K(14464K)->14288K(14464K) Class: 2330K(2496K)->2330K(2496K)
[483.904s][info][gc             ] GC(1033) Pause Young (Allocation Failure) 279M->6M(989M) 0.797ms
[483.904s][info][gc,cpu         ] GC(1033) User=0.00s Sys=0.00s Real=0.00s
[483.948s][info][gc,start       ] GC(1034) Pause Young (Allocation Failure)
[483.949s][info][gc,heap        ] GC(1034) DefNew: 279869K(314560K)->246K(314560K) Eden: 279616K(279616K)->0K(279616K) From: 253K(34944K)->246K(34944K)
[483.949s][info][gc,heap        ] GC(1034) Tenured: 6335K(699072K)->6335K(699072K)
[483.949s][info][gc,metaspace   ] GC(1034) Metaspace: 16619K(16960K)->16619K(16960K) NonClass: 14288K(14464K)->14288K(14464K) Class: 2330K(2496K)->2330K(2496K)
[483.949s][info][gc             ] GC(1034) Pause Young (Allocation Failure) 279M->6M(989M) 0.857ms
[483.949s][info][gc,cpu         ] GC(1034) User=0.00s Sys=0.00s Real=0.00s
[483.994s][info][gc,start       ] GC(1035) Pause Young (Allocation Failure)
[483.995s][info][gc,heap        ] GC(1035) DefNew: 279862K(314560K)->237K(314560K) Eden: 279616K(279616K)->0K(279616K) From: 246K(34944K)->237K(34944K)
[483.995s][info][gc,heap        ] GC(1035) Tenured: 6335K(699072K)->6335K(699072K)
[483.995s][info][gc,metaspace   ] GC(1035) Metaspace: 16619K(16960K)->16619K(16960K) NonClass: 14288K(14464K)->14288K(14464K) Class: 2330K(2496K)->2330K(2496K)
[483.995s][info][gc             ] GC(1035) Pause Young (Allocation Failure) 279M->6M(989M) 0.912ms
[483.995s][info][gc,cpu         ] GC(1035) User=0.00s Sys=0.00s Real=0.01s
[484.040s][info][gc,start       ] GC(1036) Pause Young (Allocation Failure)
[484.041s][info][gc,heap        ] GC(1036) DefNew: 279853K(314560K)->231K(314560K) Eden: 279616K(279616K)->0K(279616K) From: 237K(34944K)->231K(34944K)
[484.041s][info][gc,heap        ] GC(1036) Tenured: 6335K(699072K)->6335K(699072K)
[484.041s][info][gc,metaspace   ] GC(1036) Metaspace: 16619K(16960K)->16619K(16960K) NonClass: 14288K(14464K)->14288K(14464K) Class: 2330K(2496K)->2330K(2496K)
[484.041s][info][gc             ] GC(1036) Pause Young (Allocation Failure) 279M->6M(989M) 0.820ms
[484.041s][info][gc,cpu         ] GC(1036) User=0.00s Sys=0.00s Real=0.00s
[484.087s][info][gc,start       ] GC(1037) Pause Young (Allocation Failure)
[484.087s][info][gc,heap        ] GC(1037) DefNew: 279847K(314560K)->214K(314560K) Eden: 279616K(279616K)->0K(279616K) From: 231K(34944K)->214K(34944K)
[484.087s][info][gc,heap        ] GC(1037) Tenured: 6335K(699072K)->6335K(699072K)
[484.087s][info][gc,metaspace   ] GC(1037) Metaspace: 16619K(16960K)->16619K(16960K) NonClass: 14288K(14464K)->14288K(14464K) Class: 2330K(2496K)->2330K(2496K)
[484.087s][info][gc             ] GC(1037) Pause Young (Allocation Failure) 279M->6M(989M) 0.774ms
[484.087s][info][gc,cpu         ] GC(1037) User=0.00s Sys=0.00s Real=0.00s
[484.133s][info][gc,start       ] GC(1038) Pause Young (Allocation Failure)
[484.134s][info][gc,heap        ] GC(1038) DefNew: 279830K(314560K)->227K(314560K) Eden: 279616K(279616K)->0K(279616K) From: 214K(34944K)->227K(34944K)
[484.134s][info][gc,heap        ] GC(1038) Tenured: 6335K(699072K)->6335K(699072K)
[484.134s][info][gc,metaspace   ] GC(1038) Metaspace: 16619K(16960K)->16619K(16960K) NonClass: 14288K(14464K)->14288K(14464K) Class: 2330K(2496K)->2330K(2496K)
[484.134s][info][gc             ] GC(1038) Pause Young (Allocation Failure) 279M->6M(989M) 0.766ms
[484.134s][info][gc,cpu         ] GC(1038) User=0.00s Sys=0.00s Real=0.00s
[484.178s][info][gc,start       ] GC(1039) Pause Young (Allocation Failure)
[484.179s][info][gc,heap        ] GC(1039) DefNew: 279843K(314560K)->220K(314560K) Eden: 279616K(279616K)->0K(279616K) From: 227K(34944K)->220K(34944K)
[484.179s][info][gc,heap        ] GC(1039) Tenured: 6335K(699072K)->6335K(699072K)
[484.179s][info][gc,metaspace   ] GC(1039) Metaspace: 16619K(16960K)->16619K(16960K) NonClass: 14288K(14464K)->14288K(14464K) Class: 2330K(2496K)->2330K(2496K)
[484.179s][info][gc             ] GC(1039) Pause Young (Allocation Failure) 279M->6M(989M) 0.754ms
[484.179s][info][gc,cpu         ] GC(1039) User=0.00s Sys=0.00s Real=0.00s
[484.258s][info][gc,start       ] GC(1040) Pause Young (Allocation Failure)
[484.451s][info][gc,heap        ] GC(1040) DefNew: 279836K(314560K)->34943K(314560K) Eden: 279616K(279616K)->0K(279616K) From: 220K(34944K)->34943K(34944K)
[484.451s][info][gc,heap        ] GC(1040) Tenured: 6335K(699072K)->49085K(699072K)
[484.451s][info][gc,metaspace   ] GC(1040) Metaspace: 16619K(16960K)->16619K(16960K) NonClass: 14288K(14464K)->14288K(14464K) Class: 2330K(2496K)->2330K(2496K)
[484.451s][info][gc             ] GC(1040) Pause Young (Allocation Failure) 279M->82M(989M) 193.308ms
[484.451s][info][gc,cpu         ] GC(1040) User=0.19s Sys=0.00s Real=0.20s
[484.619s][info][gc,start       ] GC(1041) Pause Young (Allocation Failure)
[485.208s][info][gc,heap        ] GC(1041) DefNew: 314559K(314560K)->34943K(314560K) Eden: 279616K(279616K)->0K(279616K) From: 34943K(34944K)->34943K(34944K)
[485.208s][info][gc,heap        ] GC(1041) Tenured: 49085K(699072K)->232730K(699072K)
[485.208s][info][gc,metaspace   ] GC(1041) Metaspace: 16619K(16960K)->16619K(16960K) NonClass: 14288K(14464K)->14288K(14464K) Class: 2330K(2496K)->2330K(2496K)
[485.208s][info][gc             ] GC(1041) Pause Young (Allocation Failure) 355M->261M(989M) 588.310ms
[485.208s][info][gc,cpu         ] GC(1041) User=0.56s Sys=0.00s Real=0.60s
[485.421s][info][gc,start       ] GC(1042) Pause Young (Allocation Failure)
[485.970s][info][gc,heap        ] GC(1042) DefNew: 314559K(314560K)->34943K(314560K) Eden: 279616K(279616K)->0K(279616K) From: 34943K(34944K)->34943K(34944K)
[485.971s][info][gc,heap        ] GC(1042) Tenured: 232730K(699072K)->408514K(699072K)
[485.971s][info][gc,metaspace   ] GC(1042) Metaspace: 16619K(16960K)->16619K(16960K) NonClass: 14288K(14464K)->14288K(14464K) Class: 2330K(2496K)->2330K(2496K)
[485.971s][info][gc             ] GC(1042) Pause Young (Allocation Failure) 534M->433M(989M) 549.198ms
[485.971s][info][gc,cpu         ] GC(1042) User=0.56s Sys=0.00s Real=0.54s
[489.283s][info][gc,start       ] GC(1043) Pause Young (Allocation Failure)
[489.659s][info][gc,heap        ] GC(1043) DefNew: 314559K(314560K)->34944K(314560K) Eden: 279616K(279616K)->0K(279616K) From: 34943K(34944K)->34944K(34944K)
[489.659s][info][gc,heap        ] GC(1043) Tenured: 408514K(699072K)->494877K(699072K)
[489.659s][info][gc,metaspace   ] GC(1043) Metaspace: 16619K(16960K)->16619K(16960K) NonClass: 14288K(14464K)->14288K(14464K) Class: 2330K(2496K)->2330K(2496K)
[489.659s][info][gc             ] GC(1043) Pause Young (Allocation Failure) 706M->517M(989M) 375.991ms
[489.659s][info][gc,cpu         ] GC(1043) User=0.38s Sys=0.00s Real=0.38s
[489.797s][info][gc,start       ] GC(1044) Pause Young (Allocation Failure)
[489.797s][info][gc             ] GC(1044) Pause Young (Allocation Failure) 790M->790M(989M) 0.134ms
[489.797s][info][gc,cpu         ] GC(1044) User=0.00s Sys=0.00s Real=0.00s
[489.797s][info][gc,start       ] GC(1045) Pause Full (Allocation Failure)
[489.797s][info][gc,phases,start] GC(1045) Phase 1: Mark live objects
[490.029s][info][gc,phases      ] GC(1045) Phase 1: Mark live objects 231.846ms
[490.029s][info][gc,phases,start] GC(1045) Phase 2: Compute new object addresses
[490.155s][info][gc,phases      ] GC(1045) Phase 2: Compute new object addresses 126.520ms
[490.155s][info][gc,phases,start] GC(1045) Phase 3: Adjust pointers
[490.272s][info][gc,phases      ] GC(1045) Phase 3: Adjust pointers 116.909ms
[490.272s][info][gc,phases,start] GC(1045) Phase 4: Move objects
[490.356s][info][gc,phases      ] GC(1045) Phase 4: Move objects 83.394ms
[490.356s][info][gc,heap        ] GC(1045) DefNew: 314560K(314560K)->0K(314560K) Eden: 279616K(279616K)->0K(279616K) From: 34944K(34944K)->0K(34944K)
[490.356s][info][gc,heap        ] GC(1045) Tenured: 494877K(699072K)->210073K(699072K)
[490.356s][info][gc,metaspace   ] GC(1045) Metaspace: 16619K(16960K)->16619K(16960K) NonClass: 14288K(14464K)->14288K(14464K) Class: 2330K(2496K)->2330K(2496K)
[490.356s][info][gc             ] GC(1045) Pause Full (Allocation Failure) 790M->205M(989M) 559.155ms
[490.356s][info][gc,cpu         ] GC(1045) User=0.53s Sys=0.00s Real=0.57s
[490.498s][info][gc,start       ] GC(1046) Pause Young (Allocation Failure)
[490.783s][info][gc,heap        ] GC(1046) DefNew: 279616K(314560K)->34943K(314560K) Eden: 279616K(279616K)->0K(279616K) From: 0K(34944K)->34943K(34944K)
[490.783s][info][gc,heap        ] GC(1046) Tenured: 210073K(699072K)->292761K(699072K)
[490.783s][info][gc,metaspace   ] GC(1046) Metaspace: 16619K(16960K)->16619K(16960K) NonClass: 14288K(14464K)->14288K(14464K) Class: 2330K(2496K)->2330K(2496K)
[490.783s][info][gc             ] GC(1046) Pause Young (Allocation Failure) 478M->320M(989M) 284.695ms
[490.783s][info][gc,cpu         ] GC(1046) User=0.28s Sys=0.00s Real=0.28s
[490.942s][info][gc,start       ] GC(1047) Pause Young (Allocation Failure)
[491.399s][info][gc,heap        ] GC(1047) DefNew: 314559K(314560K)->34943K(314560K) Eden: 279616K(279616K)->0K(279616K) From: 34943K(34944K)->34943K(34944K)
[491.399s][info][gc,heap        ] GC(1047) Tenured: 292761K(699072K)->419609K(699072K)
[491.399s][info][gc,metaspace   ] GC(1047) Metaspace: 16619K(16960K)->16619K(16960K) NonClass: 14288K(14464K)->14288K(14464K) Class: 2330K(2496K)->2330K(2496K)
[491.399s][info][gc             ] GC(1047) Pause Young (Allocation Failure) 593M->443M(989M) 456.709ms
[491.399s][info][gc,cpu         ] GC(1047) User=0.44s Sys=0.00s Real=0.46s
[491.859s][info][gc,start       ] GC(1048) Pause Young (Allocation Failure)
[492.073s][info][gc,heap        ] GC(1048) DefNew: 314559K(314560K)->28657K(314560K) Eden: 279616K(279616K)->0K(279616K) From: 34943K(34944K)->28657K(34944K)
[492.073s][info][gc,heap        ] GC(1048) Tenured: 419609K(699072K)->444687K(699072K)
[492.073s][info][gc,metaspace   ] GC(1048) Metaspace: 16619K(16960K)->16619K(16960K) NonClass: 14288K(14464K)->14288K(14464K) Class: 2330K(2496K)->2330K(2496K)
[492.073s][info][gc             ] GC(1048) Pause Young (Allocation Failure) 716M->462M(989M) 213.673ms
[492.073s][info][gc,cpu         ] GC(1048) User=0.20s Sys=0.00s Real=0.22s
[492.440s][info][gc,start       ] GC(1049) Pause Young (Allocation Failure)
[492.481s][info][gc,heap        ] GC(1049) DefNew: 308273K(314560K)->253K(314560K) Eden: 279616K(279616K)->0K(279616K) From: 28657K(34944K)->253K(34944K)
[492.481s][info][gc,heap        ] GC(1049) Tenured: 444687K(699072K)->447766K(699072K)
[492.481s][info][gc,metaspace   ] GC(1049) Metaspace: 16619K(16960K)->16619K(16960K) NonClass: 14288K(14464K)->14288K(14464K) Class: 2330K(2496K)->2330K(2496K)
[492.481s][info][gc             ] GC(1049) Pause Young (Allocation Failure) 735M->437M(989M) 41.756ms
[492.481s][info][gc,cpu         ] GC(1049) User=0.05s Sys=0.00s Real=0.05s
[493.138s][info][gc,start       ] GC(1050) Pause Full (System.gc())
[493.138s][info][gc,phases,start] GC(1050) Phase 1: Mark live objects
[493.145s][info][gc,phases      ] GC(1050) Phase 1: Mark live objects 7.521ms
[493.145s][info][gc,phases,start] GC(1050) Phase 2: Compute new object addresses
[493.227s][info][gc,phases      ] GC(1050) Phase 2: Compute new object addresses 81.072ms
[493.227s][info][gc,phases,start] GC(1050) Phase 3: Adjust pointers
[493.231s][info][gc,phases      ] GC(1050) Phase 3: Adjust pointers 4.023ms
[493.231s][info][gc,phases,start] GC(1050) Phase 4: Move objects
[493.231s][info][gc,phases      ] GC(1050) Phase 4: Move objects 0.009ms
[493.231s][info][gc,heap        ] GC(1050) DefNew: 98307K(314560K)->0K(314560K) Eden: 98053K(279616K)->0K(279616K) From: 253K(34944K)->0K(34944K)
[493.231s][info][gc,heap        ] GC(1050) Tenured: 447766K(699072K)->6334K(699072K)
[493.231s][info][gc,metaspace   ] GC(1050) Metaspace: 16619K(16960K)->16619K(16960K) NonClass: 14288K(14464K)->14288K(14464K) Class: 2330K(2496K)->2330K(2496K)
[493.231s][info][gc             ] GC(1050) Pause Full (System.gc()) 533M->6M(989M) 92.971ms
[493.231s][info][gc,cpu         ] GC(1050) User=0.08s Sys=0.00s Real=0.09s
[494.500s][info][gc,start       ] GC(1051) Pause Young (Allocation Failure)
[494.502s][info][gc,heap        ] GC(1051) DefNew: 279616K(314560K)->253K(314560K) Eden: 279616K(279616K)->0K(279616K) From: 0K(34944K)->253K(34944K)
[494.502s][info][gc,heap        ] GC(1051) Tenured: 6334K(699072K)->6334K(699072K)
[494.502s][info][gc,metaspace   ] GC(1051) Metaspace: 16619K(16960K)->16619K(16960K) NonClass: 14288K(14464K)->14288K(14464K) Class: 2330K(2496K)->2330K(2496K)
[494.502s][info][gc             ] GC(1051) Pause Young (Allocation Failure) 279M->6M(989M) 1.260ms
[494.502s][info][gc,cpu         ] GC(1051) User=0.00s Sys=0.00s Real=0.00s
[494.546s][info][gc,start       ] GC(1052) Pause Young (Allocation Failure)
[494.547s][info][gc,heap        ] GC(1052) DefNew: 279869K(314560K)->255K(314560K) Eden: 279616K(279616K)->0K(279616K) From: 253K(34944K)->255K(34944K)
[494.547s][info][gc,heap        ] GC(1052) Tenured: 6334K(699072K)->6334K(699072K)
[494.547s][info][gc,metaspace   ] GC(1052) Metaspace: 16619K(16960K)->16619K(16960K) NonClass: 14288K(14464K)->14288K(14464K) Class: 2330K(2496K)->2330K(2496K)
[494.547s][info][gc             ] GC(1052) Pause Young (Allocation Failure) 279M->6M(989M) 0.866ms
[494.547s][info][gc,cpu         ] GC(1052) User=0.00s Sys=0.00s Real=0.00s
[494.590s][info][gc,start       ] GC(1053) Pause Young (Allocation Failure)
[494.591s][info][gc,heap        ] GC(1053) DefNew: 279871K(314560K)->256K(314560K) Eden: 279616K(279616K)->0K(279616K) From: 255K(34944K)->256K(34944K)
[494.591s][info][gc,heap        ] GC(1053) Tenured: 6334K(699072K)->6334K(699072K)
[494.591s][info][gc,metaspace   ] GC(1053) Metaspace: 16619K(16960K)->16619K(16960K) NonClass: 14288K(14464K)->14288K(14464K) Class: 2330K(2496K)->2330K(2496K)
[494.591s][info][gc             ] GC(1053) Pause Young (Allocation Failure) 279M->6M(989M) 0.795ms
[494.591s][info][gc,cpu         ] GC(1053) User=0.00s Sys=0.00s Real=0.00s
[494.635s][info][gc,start       ] GC(1054) Pause Young (Allocation Failure)
[494.636s][info][gc,heap        ] GC(1054) DefNew: 279872K(314560K)->236K(314560K) Eden: 279616K(279616K)->0K(279616K) From: 256K(34944K)->236K(34944K)
[494.636s][info][gc,heap        ] GC(1054) Tenured: 6334K(699072K)->6334K(699072K)
[494.636s][info][gc,metaspace   ] GC(1054) Metaspace: 16619K(16960K)->16619K(16960K) NonClass: 14288K(14464K)->14288K(14464K) Class: 2330K(2496K)->2330K(2496K)
[494.636s][info][gc             ] GC(1054) Pause Young (Allocation Failure) 279M->6M(989M) 0.742ms
[494.636s][info][gc,cpu         ] GC(1054) User=0.00s Sys=0.00s Real=0.00s
[494.680s][info][gc,start       ] GC(1055) Pause Young (Allocation Failure)
[494.681s][info][gc,heap        ] GC(1055) DefNew: 279852K(314560K)->252K(314560K) Eden: 279616K(279616K)->0K(279616K) From: 236K(34944K)->252K(34944K)
[494.681s][info][gc,heap        ] GC(1055) Tenured: 6334K(699072K)->6334K(699072K)
[494.681s][info][gc,metaspace   ] GC(1055) Metaspace: 16619K(16960K)->16619K(16960K) NonClass: 14288K(14464K)->14288K(14464K) Class: 2330K(2496K)->2330K(2496K)
[494.681s][info][gc             ] GC(1055) Pause Young (Allocation Failure) 279M->6M(989M) 0.938ms
[494.681s][info][gc,cpu         ] GC(1055) User=0.00s Sys=0.00s Real=0.00s
[494.725s][info][gc,start       ] GC(1056) Pause Young (Allocation Failure)
[494.725s][info][gc,heap        ] GC(1056) DefNew: 279868K(314560K)->243K(314560K) Eden: 279616K(279616K)->0K(279616K) From: 252K(34944K)->243K(34944K)
[494.726s][info][gc,heap        ] GC(1056) Tenured: 6334K(699072K)->6334K(699072K)
[494.726s][info][gc,metaspace   ] GC(1056) Metaspace: 16619K(16960K)->16619K(16960K) NonClass: 14288K(14464K)->14288K(14464K) Class: 2330K(2496K)->2330K(2496K)
[494.726s][info][gc             ] GC(1056) Pause Young (Allocation Failure) 279M->6M(989M) 1.017ms
[494.726s][info][gc,cpu         ] GC(1056) User=0.00s Sys=0.00s Real=0.00s
[494.770s][info][gc,start       ] GC(1057) Pause Young (Allocation Failure)
[494.771s][info][gc,heap        ] GC(1057) DefNew: 279859K(314560K)->240K(314560K) Eden: 279616K(279616K)->0K(279616K) From: 243K(34944K)->240K(34944K)
[494.771s][info][gc,heap        ] GC(1057) Tenured: 6334K(699072K)->6334K(699072K)
[494.771s][info][gc,metaspace   ] GC(1057) Metaspace: 16619K(16960K)->16619K(16960K) NonClass: 14288K(14464K)->14288K(14464K) Class: 2330K(2496K)->2330K(2496K)
[494.771s][info][gc             ] GC(1057) Pause Young (Allocation Failure) 279M->6M(989M) 0.907ms
[494.771s][info][gc,cpu         ] GC(1057) User=0.00s Sys=0.00s Real=0.00s
[494.816s][info][gc,start       ] GC(1058) Pause Young (Allocation Failure)
[494.817s][info][gc,heap        ] GC(1058) DefNew: 279856K(314560K)->242K(314560K) Eden: 279616K(279616K)->0K(279616K) From: 240K(34944K)->242K(34944K)
[494.817s][info][gc,heap        ] GC(1058) Tenured: 6334K(699072K)->6334K(699072K)
[494.817s][info][gc,metaspace   ] GC(1058) Metaspace: 16619K(16960K)->16619K(16960K) NonClass: 14288K(14464K)->14288K(14464K) Class: 2330K(2496K)->2330K(2496K)
[494.817s][info][gc             ] GC(1058) Pause Young (Allocation Failure) 279M->6M(989M) 0.954ms
[494.817s][info][gc,cpu         ] GC(1058) User=0.00s Sys=0.00s Real=0.00s
[494.862s][info][gc,start       ] GC(1059) Pause Young (Allocation Failure)
[494.863s][info][gc,heap        ] GC(1059) DefNew: 279858K(314560K)->249K(314560K) Eden: 279616K(279616K)->0K(279616K) From: 242K(34944K)->249K(34944K)
[494.863s][info][gc,heap        ] GC(1059) Tenured: 6334K(699072K)->6334K(699072K)
[494.863s][info][gc,metaspace   ] GC(1059) Metaspace: 16619K(16960K)->16619K(16960K) NonClass: 14288K(14464K)->14288K(14464K) Class: 2330K(2496K)->2330K(2496K)
[494.863s][info][gc             ] GC(1059) Pause Young (Allocation Failure) 279M->6M(989M) 0.893ms
[494.863s][info][gc,cpu         ] GC(1059) User=0.00s Sys=0.00s Real=0.00s
[494.908s][info][gc,start       ] GC(1060) Pause Young (Allocation Failure)
[494.909s][info][gc,heap        ] GC(1060) DefNew: 279865K(314560K)->224K(314560K) Eden: 279616K(279616K)->0K(279616K) From: 249K(34944K)->224K(34944K)
[494.909s][info][gc,heap        ] GC(1060) Tenured: 6334K(699072K)->6334K(699072K)
[494.909s][info][gc,metaspace   ] GC(1060) Metaspace: 16619K(16960K)->16619K(16960K) NonClass: 14288K(14464K)->14288K(14464K) Class: 2330K(2496K)->2330K(2496K)
[494.909s][info][gc             ] GC(1060) Pause Young (Allocation Failure) 279M->6M(989M) 0.894ms
[494.909s][info][gc,cpu         ] GC(1060) User=0.00s Sys=0.00s Real=0.00s
[494.991s][info][gc,start       ] GC(1061) Pause Young (Allocation Failure)
[495.192s][info][gc,heap        ] GC(1061) DefNew: 279840K(314560K)->34943K(314560K) Eden: 279616K(279616K)->0K(279616K) From: 224K(34944K)->34943K(34944K)
[495.192s][info][gc,heap        ] GC(1061) Tenured: 6334K(699072K)->52795K(699072K)
[495.192s][info][gc,metaspace   ] GC(1061) Metaspace: 16619K(16960K)->16619K(16960K) NonClass: 14288K(14464K)->14288K(14464K) Class: 2330K(2496K)->2330K(2496K)
[495.192s][info][gc             ] GC(1061) Pause Young (Allocation Failure) 279M->85M(989M) 201.340ms
[495.192s][info][gc,cpu         ] GC(1061) User=0.19s Sys=0.00s Real=0.20s
[495.371s][info][gc,start       ] GC(1062) Pause Young (Allocation Failure)
[495.982s][info][gc,heap        ] GC(1062) DefNew: 314559K(314560K)->34943K(314560K) Eden: 279616K(279616K)->0K(279616K) From: 34943K(34944K)->34943K(34944K)
[495.982s][info][gc,heap        ] GC(1062) Tenured: 52795K(699072K)->237221K(699072K)
[495.982s][info][gc,metaspace   ] GC(1062) Metaspace: 16619K(16960K)->16619K(16960K) NonClass: 14288K(14464K)->14288K(14464K) Class: 2330K(2496K)->2330K(2496K)
[495.982s][info][gc             ] GC(1062) Pause Young (Allocation Failure) 358M->265M(989M) 611.138ms
[495.982s][info][gc,cpu         ] GC(1062) User=0.61s Sys=0.00s Real=0.61s
[496.197s][info][gc,start       ] GC(1063) Pause Young (Allocation Failure)
[496.742s][info][gc,heap        ] GC(1063) DefNew: 314559K(314560K)->34943K(314560K) Eden: 279616K(279616K)->0K(279616K) From: 34943K(34944K)->34943K(34944K)
[496.742s][info][gc,heap        ] GC(1063) Tenured: 237221K(699072K)->407790K(699072K)
[496.742s][info][gc,metaspace   ] GC(1063) Metaspace: 16619K(16960K)->16619K(16960K) NonClass: 14288K(14464K)->14288K(14464K) Class: 2330K(2496K)->2330K(2496K)
[496.742s][info][gc             ] GC(1063) Pause Young (Allocation Failure) 538M->432M(989M) 544.749ms
[496.742s][info][gc,cpu         ] GC(1063) User=0.55s Sys=0.00s Real=0.55s
[498.869s][info][gc,start       ] GC(1064) Pause Young (Allocation Failure)
[499.246s][info][gc,heap        ] GC(1064) DefNew: 314559K(314560K)->34943K(314560K) Eden: 279616K(279616K)->0K(279616K) From: 34943K(34944K)->34943K(34944K)
[499.246s][info][gc,heap        ] GC(1064) Tenured: 407790K(699072K)->496743K(699072K)
[499.246s][info][gc,metaspace   ] GC(1064) Metaspace: 16619K(16960K)->16619K(16960K) NonClass: 14288K(14464K)->14288K(14464K) Class: 2330K(2496K)->2330K(2496K)
[499.246s][info][gc             ] GC(1064) Pause Young (Allocation Failure) 705M->519M(989M) 377.235ms
[499.246s][info][gc,cpu         ] GC(1064) User=0.36s Sys=0.00s Real=0.38s
[499.387s][info][gc,start       ] GC(1065) Pause Young (Allocation Failure)
[499.387s][info][gc             ] GC(1065) Pause Young (Allocation Failure) 792M->792M(989M) 0.076ms
[499.387s][info][gc,cpu         ] GC(1065) User=0.00s Sys=0.00s Real=0.00s
[499.387s][info][gc,start       ] GC(1066) Pause Full (Allocation Failure)
[499.387s][info][gc,phases,start] GC(1066) Phase 1: Mark live objects
[499.623s][info][gc,phases      ] GC(1066) Phase 1: Mark live objects 235.694ms
[499.623s][info][gc,phases,start] GC(1066) Phase 2: Compute new object addresses
[499.749s][info][gc,phases      ] GC(1066) Phase 2: Compute new object addresses 126.245ms
[499.750s][info][gc,phases,start] GC(1066) Phase 3: Adjust pointers
[499.869s][info][gc,phases      ] GC(1066) Phase 3: Adjust pointers 118.455ms
[499.869s][info][gc,phases,start] GC(1066) Phase 4: Move objects
[499.950s][info][gc,phases      ] GC(1066) Phase 4: Move objects 81.312ms
[499.950s][info][gc,heap        ] GC(1066) DefNew: 314559K(314560K)->0K(314560K) Eden: 279616K(279616K)->0K(279616K) From: 34943K(34944K)->0K(34944K)
[499.950s][info][gc,heap        ] GC(1066) Tenured: 496743K(699072K)->212878K(699072K)
[499.950s][info][gc,metaspace   ] GC(1066) Metaspace: 16619K(16960K)->16619K(16960K) NonClass: 14288K(14464K)->14288K(14464K) Class: 2330K(2496K)->2330K(2496K)
[499.950s][info][gc             ] GC(1066) Pause Full (Allocation Failure) 792M->207M(989M) 563.159ms
[499.950s][info][gc,cpu         ] GC(1066) User=0.55s Sys=0.00s Real=0.57s
[500.091s][info][gc,start       ] GC(1067) Pause Young (Allocation Failure)
[500.378s][info][gc,heap        ] GC(1067) DefNew: 279616K(314560K)->34944K(314560K) Eden: 279616K(279616K)->0K(279616K) From: 0K(34944K)->34944K(34944K)
[500.378s][info][gc,heap        ] GC(1067) Tenured: 212878K(699072K)->295559K(699072K)
[500.378s][info][gc,metaspace   ] GC(1067) Metaspace: 16619K(16960K)->16619K(16960K) NonClass: 14288K(14464K)->14288K(14464K) Class: 2330K(2496K)->2330K(2496K)
[500.378s][info][gc             ] GC(1067) Pause Young (Allocation Failure) 480M->322M(989M) 287.684ms
[500.378s][info][gc,cpu         ] GC(1067) User=0.28s Sys=0.00s Real=0.30s
[500.538s][info][gc,start       ] GC(1068) Pause Young (Allocation Failure)
[501.008s][info][gc,heap        ] GC(1068) DefNew: 314560K(314560K)->34944K(314560K) Eden: 279616K(279616K)->0K(279616K) From: 34944K(34944K)->34944K(34944K)
[501.008s][info][gc,heap        ] GC(1068) Tenured: 295559K(699072K)->424459K(699072K)
[501.008s][info][gc,metaspace   ] GC(1068) Metaspace: 16619K(16960K)->16619K(16960K) NonClass: 14288K(14464K)->14288K(14464K) Class: 2330K(2496K)->2330K(2496K)
[501.008s][info][gc             ] GC(1068) Pause Young (Allocation Failure) 595M->448M(989M) 470.122ms
[501.008s][info][gc,cpu         ] GC(1068) User=0.45s Sys=0.00s Real=0.47s
[501.469s][info][gc,start       ] GC(1069) Pause Young (Allocation Failure)
[501.669s][info][gc,heap        ] GC(1069) DefNew: 314560K(314560K)->23850K(314560K) Eden: 279616K(279616K)->0K(279616K) From: 34944K(34944K)->23850K(34944K)
[501.669s][info][gc,heap        ] GC(1069) Tenured: 424459K(699072K)->449234K(699072K)
[501.669s][info][gc,metaspace   ] GC(1069) Metaspace: 16619K(16960K)->16619K(16960K) NonClass: 14289K(14464K)->14289K(14464K) Class: 2330K(2496K)->2330K(2496K)
[501.669s][info][gc             ] GC(1069) Pause Young (Allocation Failure) 721M->461M(989M) 200.137ms
[501.670s][info][gc,cpu         ] GC(1069) User=0.20s Sys=0.00s Real=0.20s
[502.031s][info][gc,start       ] GC(1070) Pause Young (Allocation Failure)
[502.057s][info][gc,heap        ] GC(1070) DefNew: 303466K(314560K)->72K(314560K) Eden: 279616K(279616K)->0K(279616K) From: 23850K(34944K)->72K(34944K)
[502.057s][info][gc,heap        ] GC(1070) Tenured: 449234K(699072K)->451606K(699072K)
[502.057s][info][gc,metaspace   ] GC(1070) Metaspace: 16619K(16960K)->16619K(16960K) NonClass: 14289K(14464K)->14289K(14464K) Class: 2330K(2496K)->2330K(2496K)
[502.057s][info][gc             ] GC(1070) Pause Young (Allocation Failure) 735M->441M(989M) 25.885ms
[502.057s][info][gc,cpu         ] GC(1070) User=0.02s Sys=0.00s Real=0.02s
[502.713s][info][gc,start       ] GC(1071) Pause Full (System.gc())
[502.713s][info][gc,phases,start] GC(1071) Phase 1: Mark live objects
[502.720s][info][gc,phases      ] GC(1071) Phase 1: Mark live objects 6.964ms
[502.720s][info][gc,phases,start] GC(1071) Phase 2: Compute new object addresses
[502.801s][info][gc,phases      ] GC(1071) Phase 2: Compute new object addresses 81.001ms
[502.802s][info][gc,phases,start] GC(1071) Phase 3: Adjust pointers
[502.806s][info][gc,phases      ] GC(1071) Phase 3: Adjust pointers 4.056ms
[502.806s][info][gc,phases,start] GC(1071) Phase 4: Move objects
[502.806s][info][gc,phases      ] GC(1071) Phase 4: Move objects 0.010ms
[502.806s][info][gc,heap        ] GC(1071) DefNew: 89260K(314560K)->0K(314560K) Eden: 89188K(279616K)->0K(279616K) From: 72K(34944K)->0K(34944K)
[502.806s][info][gc,heap        ] GC(1071) Tenured: 451606K(699072K)->6336K(699072K)
[502.806s][info][gc,metaspace   ] GC(1071) Metaspace: 16619K(16960K)->16619K(16960K) NonClass: 14289K(14464K)->14289K(14464K) Class: 2330K(2496K)->2330K(2496K)
[502.806s][info][gc             ] GC(1071) Pause Full (System.gc()) 528M->6M(989M) 92.385ms
[502.806s][info][gc,cpu         ] GC(1071) User=0.08s Sys=0.00s Real=0.09s
[504.093s][info][gc,start       ] GC(1072) Pause Young (Allocation Failure)
[504.094s][info][gc,heap        ] GC(1072) DefNew: 279616K(314560K)->251K(314560K) Eden: 279616K(279616K)->0K(279616K) From: 0K(34944K)->251K(34944K)
[504.094s][info][gc,heap        ] GC(1072) Tenured: 6336K(699072K)->6336K(699072K)
[504.094s][info][gc,metaspace   ] GC(1072) Metaspace: 16619K(16960K)->16619K(16960K) NonClass: 14289K(14464K)->14289K(14464K) Class: 2330K(2496K)->2330K(2496K)
[504.094s][info][gc             ] GC(1072) Pause Young (Allocation Failure) 279M->6M(989M) 1.112ms
[504.094s][info][gc,cpu         ] GC(1072) User=0.00s Sys=0.00s Real=0.00s
[504.138s][info][gc,start       ] GC(1073) Pause Young (Allocation Failure)
[504.139s][info][gc,heap        ] GC(1073) DefNew: 279867K(314560K)->250K(314560K) Eden: 279616K(279616K)->0K(279616K) From: 251K(34944K)->250K(34944K)
[504.139s][info][gc,heap        ] GC(1073) Tenured: 6336K(699072K)->6336K(699072K)
[504.139s][info][gc,metaspace   ] GC(1073) Metaspace: 16619K(16960K)->16619K(16960K) NonClass: 14289K(14464K)->14289K(14464K) Class: 2330K(2496K)->2330K(2496K)
[504.139s][info][gc             ] GC(1073) Pause Young (Allocation Failure) 279M->6M(989M) 1.016ms
[504.139s][info][gc,cpu         ] GC(1073) User=0.00s Sys=0.00s Real=0.00s
[504.183s][info][gc,start       ] GC(1074) Pause Young (Allocation Failure)
[504.183s][info][gc,heap        ] GC(1074) DefNew: 279866K(314560K)->245K(314560K) Eden: 279616K(279616K)->0K(279616K) From: 250K(34944K)->245K(34944K)
[504.183s][info][gc,heap        ] GC(1074) Tenured: 6336K(699072K)->6336K(699072K)
[504.183s][info][gc,metaspace   ] GC(1074) Metaspace: 16619K(16960K)->16619K(16960K) NonClass: 14289K(14464K)->14289K(14464K) Class: 2330K(2496K)->2330K(2496K)
[504.183s][info][gc             ] GC(1074) Pause Young (Allocation Failure) 279M->6M(989M) 0.790ms
[504.183s][info][gc,cpu         ] GC(1074) User=0.00s Sys=0.00s Real=0.00s
[504.228s][info][gc,start       ] GC(1075) Pause Young (Allocation Failure)
[504.228s][info][gc,heap        ] GC(1075) DefNew: 279861K(314560K)->236K(314560K) Eden: 279616K(279616K)->0K(279616K) From: 245K(34944K)->236K(34944K)
[504.228s][info][gc,heap        ] GC(1075) Tenured: 6336K(699072K)->6336K(699072K)
[504.228s][info][gc,metaspace   ] GC(1075) Metaspace: 16619K(16960K)->16619K(16960K) NonClass: 14289K(14464K)->14289K(14464K) Class: 2330K(2496K)->2330K(2496K)
[504.228s][info][gc             ] GC(1075) Pause Young (Allocation Failure) 279M->6M(989M) 0.773ms
[504.228s][info][gc,cpu         ] GC(1075) User=0.00s Sys=0.00s Real=0.00s
[504.273s][info][gc,start       ] GC(1076) Pause Young (Allocation Failure)
[504.273s][info][gc,heap        ] GC(1076) DefNew: 279852K(314560K)->242K(314560K) Eden: 279616K(279616K)->0K(279616K) From: 236K(34944K)->242K(34944K)
[504.273s][info][gc,heap        ] GC(1076) Tenured: 6336K(699072K)->6336K(699072K)
[504.273s][info][gc,metaspace   ] GC(1076) Metaspace: 16619K(16960K)->16619K(16960K) NonClass: 14289K(14464K)->14289K(14464K) Class: 2330K(2496K)->2330K(2496K)
[504.273s][info][gc             ] GC(1076) Pause Young (Allocation Failure) 279M->6M(989M) 0.854ms
[504.273s][info][gc,cpu         ] GC(1076) User=0.00s Sys=0.00s Real=0.00s
[504.318s][info][gc,start       ] GC(1077) Pause Young (Allocation Failure)
[504.319s][info][gc,heap        ] GC(1077) DefNew: 279858K(314560K)->218K(314560K) Eden: 279616K(279616K)->0K(279616K) From: 242K(34944K)->218K(34944K)
[504.319s][info][gc,heap        ] GC(1077) Tenured: 6336K(699072K)->6336K(699072K)
[504.319s][info][gc,metaspace   ] GC(1077) Metaspace: 16619K(16960K)->16619K(16960K) NonClass: 14289K(14464K)->14289K(14464K) Class: 2330K(2496K)->2330K(2496K)
[504.319s][info][gc             ] GC(1077) Pause Young (Allocation Failure) 279M->6M(989M) 0.759ms
[504.319s][info][gc,cpu         ] GC(1077) User=0.00s Sys=0.00s Real=0.00s
[504.366s][info][gc,start       ] GC(1078) Pause Young (Allocation Failure)
[504.367s][info][gc,heap        ] GC(1078) DefNew: 279834K(314560K)->220K(314560K) Eden: 279616K(279616K)->0K(279616K) From: 218K(34944K)->220K(34944K)
[504.367s][info][gc,heap        ] GC(1078) Tenured: 6336K(699072K)->6336K(699072K)
[504.367s][info][gc,metaspace   ] GC(1078) Metaspace: 16619K(16960K)->16619K(16960K) NonClass: 14289K(14464K)->14289K(14464K) Class: 2330K(2496K)->2330K(2496K)
[504.367s][info][gc             ] GC(1078) Pause Young (Allocation Failure) 279M->6M(989M) 0.970ms
[504.367s][info][gc,cpu         ] GC(1078) User=0.00s Sys=0.00s Real=0.00s
[504.416s][info][gc,start       ] GC(1079) Pause Young (Allocation Failure)
[504.417s][info][gc,heap        ] GC(1079) DefNew: 279836K(314560K)->218K(314560K) Eden: 279616K(279616K)->0K(279616K) From: 220K(34944K)->218K(34944K)
[504.417s][info][gc,heap        ] GC(1079) Tenured: 6336K(699072K)->6336K(699072K)
[504.417s][info][gc,metaspace   ] GC(1079) Metaspace: 16619K(16960K)->16619K(16960K) NonClass: 14289K(14464K)->14289K(14464K) Class: 2330K(2496K)->2330K(2496K)
[504.417s][info][gc             ] GC(1079) Pause Young (Allocation Failure) 279M->6M(989M) 0.860ms
[504.417s][info][gc,cpu         ] GC(1079) User=0.00s Sys=0.00s Real=0.00s
[504.463s][info][gc,start       ] GC(1080) Pause Young (Allocation Failure)
[504.463s][info][gc,heap        ] GC(1080) DefNew: 279834K(314560K)->201K(314560K) Eden: 279616K(279616K)->0K(279616K) From: 218K(34944K)->201K(34944K)
[504.463s][info][gc,heap        ] GC(1080) Tenured: 6336K(699072K)->6336K(699072K)
[504.463s][info][gc,metaspace   ] GC(1080) Metaspace: 16619K(16960K)->16619K(16960K) NonClass: 14289K(14464K)->14289K(14464K) Class: 2330K(2496K)->2330K(2496K)
[504.463s][info][gc             ] GC(1080) Pause Young (Allocation Failure) 279M->6M(989M) 0.718ms
[504.463s][info][gc,cpu         ] GC(1080) User=0.00s Sys=0.00s Real=0.00s
[504.509s][info][gc,start       ] GC(1081) Pause Young (Allocation Failure)
[504.509s][info][gc,heap        ] GC(1081) DefNew: 279817K(314560K)->223K(314560K) Eden: 279616K(279616K)->0K(279616K) From: 201K(34944K)->223K(34944K)
[504.509s][info][gc,heap        ] GC(1081) Tenured: 6336K(699072K)->6336K(699072K)
[504.509s][info][gc,metaspace   ] GC(1081) Metaspace: 16619K(16960K)->16619K(16960K) NonClass: 14289K(14464K)->14289K(14464K) Class: 2330K(2496K)->2330K(2496K)
[504.509s][info][gc             ] GC(1081) Pause Young (Allocation Failure) 279M->6M(989M) 0.820ms
[504.509s][info][gc,cpu         ] GC(1081) User=0.00s Sys=0.00s Real=0.00s
[504.590s][info][gc,start       ] GC(1082) Pause Young (Allocation Failure)
[504.779s][info][gc,heap        ] GC(1082) DefNew: 279839K(314560K)->34944K(314560K) Eden: 279616K(279616K)->0K(279616K) From: 223K(34944K)->34944K(34944K)
[504.779s][info][gc,heap        ] GC(1082) Tenured: 6336K(699072K)->48175K(699072K)
[504.779s][info][gc,metaspace   ] GC(1082) Metaspace: 16620K(16960K)->16620K(16960K) NonClass: 14290K(14464K)->14290K(14464K) Class: 2330K(2496K)->2330K(2496K)
[504.779s][info][gc             ] GC(1082) Pause Young (Allocation Failure) 279M->81M(989M) 189.142ms
[504.779s][info][gc,cpu         ] GC(1082) User=0.19s Sys=0.00s Real=0.19s
[504.949s][info][gc,start       ] GC(1083) Pause Young (Allocation Failure)
[505.539s][info][gc,heap        ] GC(1083) DefNew: 314560K(314560K)->34944K(314560K) Eden: 279616K(279616K)->0K(279616K) From: 34944K(34944K)->34944K(34944K)
[505.539s][info][gc,heap        ] GC(1083) Tenured: 48175K(699072K)->232335K(699072K)
[505.539s][info][gc,metaspace   ] GC(1083) Metaspace: 16620K(16960K)->16620K(16960K) NonClass: 14290K(14464K)->14290K(14464K) Class: 2330K(2496K)->2330K(2496K)
[505.539s][info][gc             ] GC(1083) Pause Young (Allocation Failure) 354M->261M(989M) 590.778ms
[505.539s][info][gc,cpu         ] GC(1083) User=0.56s Sys=0.00s Real=0.60s
[505.737s][info][gc,start       ] GC(1084) Pause Young (Allocation Failure)
[506.281s][info][gc,heap        ] GC(1084) DefNew: 314560K(314560K)->34944K(314560K) Eden: 279616K(279616K)->0K(279616K) From: 34944K(34944K)->34944K(34944K)
[506.281s][info][gc,heap        ] GC(1084) Tenured: 232335K(699072K)->407573K(699072K)
[506.281s][info][gc,metaspace   ] GC(1084) Metaspace: 16620K(16960K)->16620K(16960K) NonClass: 14290K(14464K)->14290K(14464K) Class: 2330K(2496K)->2330K(2496K)
[506.281s][info][gc             ] GC(1084) Pause Young (Allocation Failure) 534M->432M(989M) 543.383ms
[506.281s][info][gc,cpu         ] GC(1084) User=0.50s Sys=0.00s Real=0.53s
[508.395s][info][gc,start       ] GC(1085) Pause Young (Allocation Failure)
[508.768s][info][gc,heap        ] GC(1085) DefNew: 314560K(314560K)->34944K(314560K) Eden: 279616K(279616K)->0K(279616K) From: 34944K(34944K)->34944K(34944K)
[508.768s][info][gc,heap        ] GC(1085) Tenured: 407573K(699072K)->494088K(699072K)
[508.768s][info][gc,metaspace   ] GC(1085) Metaspace: 16620K(16960K)->16620K(16960K) NonClass: 14290K(14464K)->14290K(14464K) Class: 2330K(2496K)->2330K(2496K)
[508.768s][info][gc             ] GC(1085) Pause Young (Allocation Failure) 705M->516M(989M) 373.446ms
[508.768s][info][gc,cpu         ] GC(1085) User=0.38s Sys=0.00s Real=0.38s
[508.906s][info][gc,start       ] GC(1086) Pause Young (Allocation Failure)
[508.906s][info][gc             ] GC(1086) Pause Young (Allocation Failure) 789M->789M(989M) 0.137ms
[508.906s][info][gc,cpu         ] GC(1086) User=0.00s Sys=0.00s Real=0.00s
[508.906s][info][gc,start       ] GC(1087) Pause Full (Allocation Failure)
[508.906s][info][gc,phases,start] GC(1087) Phase 1: Mark live objects
[509.138s][info][gc,phases      ] GC(1087) Phase 1: Mark live objects 231.574ms
[509.138s][info][gc,phases,start] GC(1087) Phase 2: Compute new object addresses
[509.264s][info][gc,phases      ] GC(1087) Phase 2: Compute new object addresses 125.790ms
[509.264s][info][gc,phases,start] GC(1087) Phase 3: Adjust pointers
[509.385s][info][gc,phases      ] GC(1087) Phase 3: Adjust pointers 121.224ms
[509.385s][info][gc,phases,start] GC(1087) Phase 4: Move objects
[509.467s][info][gc,phases      ] GC(1087) Phase 4: Move objects 82.040ms
[509.467s][info][gc,heap        ] GC(1087) DefNew: 314560K(314560K)->0K(314560K) Eden: 279616K(279616K)->0K(279616K) From: 34944K(34944K)->0K(34944K)
[509.467s][info][gc,heap        ] GC(1087) Tenured: 494088K(699072K)->210269K(699072K)
[509.467s][info][gc,metaspace   ] GC(1087) Metaspace: 16620K(16960K)->16620K(16960K) NonClass: 14290K(14464K)->14290K(14464K) Class: 2330K(2496K)->2330K(2496K)
[509.467s][info][gc             ] GC(1087) Pause Full (Allocation Failure) 789M->205M(989M) 561.111ms
[509.467s][info][gc,cpu         ] GC(1087) User=0.45s Sys=0.00s Real=0.55s
[509.608s][info][gc,start       ] GC(1088) Pause Young (Allocation Failure)
[509.892s][info][gc,heap        ] GC(1088) DefNew: 279616K(314560K)->34943K(314560K) Eden: 279616K(279616K)->0K(279616K) From: 0K(34944K)->34943K(34944K)
[509.892s][info][gc,heap        ] GC(1088) Tenured: 210269K(699072K)->292956K(699072K)
[509.892s][info][gc,metaspace   ] GC(1088) Metaspace: 16620K(16960K)->16620K(16960K) NonClass: 14290K(14464K)->14290K(14464K) Class: 2330K(2496K)->2330K(2496K)
[509.892s][info][gc             ] GC(1088) Pause Young (Allocation Failure) 478M->320M(989M) 284.105ms
[509.892s][info][gc,cpu         ] GC(1088) User=0.28s Sys=0.00s Real=0.28s
[510.051s][info][gc,start       ] GC(1089) Pause Young (Allocation Failure)
[510.510s][info][gc,heap        ] GC(1089) DefNew: 314559K(314560K)->34944K(314560K) Eden: 279616K(279616K)->0K(279616K) From: 34943K(34944K)->34944K(34944K)
[510.510s][info][gc,heap        ] GC(1089) Tenured: 292956K(699072K)->420000K(699072K)
[510.510s][info][gc,metaspace   ] GC(1089) Metaspace: 16620K(16960K)->16620K(16960K) NonClass: 14290K(14464K)->14290K(14464K) Class: 2330K(2496K)->2330K(2496K)
[510.510s][info][gc             ] GC(1089) Pause Young (Allocation Failure) 593M->444M(989M) 458.964ms
[510.510s][info][gc,cpu         ] GC(1089) User=0.44s Sys=0.00s Real=0.46s
[510.972s][info][gc,start       ] GC(1090) Pause Young (Allocation Failure)
[511.181s][info][gc,heap        ] GC(1090) DefNew: 314560K(314560K)->28319K(314560K) Eden: 279616K(279616K)->0K(279616K) From: 34944K(34944K)->28319K(34944K)
[511.181s][info][gc,heap        ] GC(1090) Tenured: 420000K(699072K)->445057K(699072K)
[511.181s][info][gc,metaspace   ] GC(1090) Metaspace: 16620K(16960K)->16620K(16960K) NonClass: 14290K(14464K)->14290K(14464K) Class: 2330K(2496K)->2330K(2496K)
[511.181s][info][gc             ] GC(1090) Pause Young (Allocation Failure) 717M->462M(989M) 209.008ms
[511.181s][info][gc,cpu         ] GC(1090) User=0.19s Sys=0.00s Real=0.20s
[511.547s][info][gc,start       ] GC(1091) Pause Young (Allocation Failure)
[511.586s][info][gc,heap        ] GC(1091) DefNew: 307935K(314560K)->238K(314560K) Eden: 279616K(279616K)->0K(279616K) From: 28319K(34944K)->238K(34944K)
[511.586s][info][gc,heap        ] GC(1091) Tenured: 445057K(699072K)->448088K(699072K)
[511.586s][info][gc,metaspace   ] GC(1091) Metaspace: 16620K(16960K)->16620K(16960K) NonClass: 14290K(14464K)->14290K(14464K) Class: 2330K(2496K)->2330K(2496K)
[511.586s][info][gc             ] GC(1091) Pause Young (Allocation Failure) 735M->437M(989M) 38.622ms
[511.586s][info][gc,cpu         ] GC(1091) User=0.03s Sys=0.00s Real=0.03s
[512.270s][info][gc,start       ] GC(1092) Pause Full (System.gc())
[512.270s][info][gc,phases,start] GC(1092) Phase 1: Mark live objects
[512.277s][info][gc,phases      ] GC(1092) Phase 1: Mark live objects 6.929ms
[512.277s][info][gc,phases,start] GC(1092) Phase 2: Compute new object addresses
[512.358s][info][gc,phases      ] GC(1092) Phase 2: Compute new object addresses 81.586ms
[512.358s][info][gc,phases,start] GC(1092) Phase 3: Adjust pointers
[512.363s][info][gc,phases      ] GC(1092) Phase 3: Adjust pointers 4.432ms
[512.363s][info][gc,phases,start] GC(1092) Phase 4: Move objects
[512.363s][info][gc,phases      ] GC(1092) Phase 4: Move objects 0.009ms
[512.363s][info][gc,heap        ] GC(1092) DefNew: 94818K(314560K)->0K(314560K) Eden: 94579K(279616K)->0K(279616K) From: 238K(34944K)->0K(34944K)
[512.363s][info][gc,heap        ] GC(1092) Tenured: 448088K(699072K)->6334K(699072K)
[512.363s][info][gc,metaspace   ] GC(1092) Metaspace: 16620K(16960K)->16620K(16960K) NonClass: 14290K(14464K)->14290K(14464K) Class: 2330K(2496K)->2330K(2496K)
[512.363s][info][gc             ] GC(1092) Pause Full (System.gc()) 530M->6M(989M) 93.310ms
[512.363s][info][gc,cpu         ] GC(1092) User=0.06s Sys=0.00s Real=0.09s
[513.628s][info][gc,start       ] GC(1093) Pause Young (Allocation Failure)
[513.629s][info][gc,heap        ] GC(1093) DefNew: 279616K(314560K)->250K(314560K) Eden: 279616K(279616K)->0K(279616K) From: 0K(34944K)->250K(34944K)
[513.629s][info][gc,heap        ] GC(1093) Tenured: 6334K(699072K)->6334K(699072K)
[513.629s][info][gc,metaspace   ] GC(1093) Metaspace: 16620K(16960K)->16620K(16960K) NonClass: 14290K(14464K)->14290K(14464K) Class: 2330K(2496K)->2330K(2496K)
[513.629s][info][gc             ] GC(1093) Pause Young (Allocation Failure) 279M->6M(989M) 1.198ms
[513.629s][info][gc,cpu         ] GC(1093) User=0.00s Sys=0.00s Real=0.00s
[513.673s][info][gc,start       ] GC(1094) Pause Young (Allocation Failure)
[513.674s][info][gc,heap        ] GC(1094) DefNew: 279866K(314560K)->241K(314560K) Eden: 279616K(279616K)->0K(279616K) From: 250K(34944K)->241K(34944K)
[513.674s][info][gc,heap        ] GC(1094) Tenured: 6334K(699072K)->6334K(699072K)
[513.674s][info][gc,metaspace   ] GC(1094) Metaspace: 16620K(16960K)->16620K(16960K) NonClass: 14290K(14464K)->14290K(14464K) Class: 2330K(2496K)->2330K(2496K)
[513.674s][info][gc             ] GC(1094) Pause Young (Allocation Failure) 279M->6M(989M) 0.815ms
[513.674s][info][gc,cpu         ] GC(1094) User=0.00s Sys=0.00s Real=0.00s
[513.718s][info][gc,start       ] GC(1095) Pause Young (Allocation Failure)
[513.718s][info][gc,heap        ] GC(1095) DefNew: 279857K(314560K)->236K(314560K) Eden: 279616K(279616K)->0K(279616K) From: 241K(34944K)->236K(34944K)
[513.718s][info][gc,heap        ] GC(1095) Tenured: 6334K(699072K)->6334K(699072K)
[513.718s][info][gc,metaspace   ] GC(1095) Metaspace: 16620K(16960K)->16620K(16960K) NonClass: 14290K(14464K)->14290K(14464K) Class: 2330K(2496K)->2330K(2496K)
[513.718s][info][gc             ] GC(1095) Pause Young (Allocation Failure) 279M->6M(989M) 0.825ms
[513.718s][info][gc,cpu         ] GC(1095) User=0.00s Sys=0.00s Real=0.00s
[513.763s][info][gc,start       ] GC(1096) Pause Young (Allocation Failure)
[513.763s][info][gc,heap        ] GC(1096) DefNew: 279852K(314560K)->241K(314560K) Eden: 279616K(279616K)->0K(279616K) From: 236K(34944K)->241K(34944K)
[513.763s][info][gc,heap        ] GC(1096) Tenured: 6334K(699072K)->6334K(699072K)
[513.763s][info][gc,metaspace   ] GC(1096) Metaspace: 16620K(16960K)->16620K(16960K) NonClass: 14290K(14464K)->14290K(14464K) Class: 2330K(2496K)->2330K(2496K)
[513.763s][info][gc             ] GC(1096) Pause Young (Allocation Failure) 279M->6M(989M) 0.858ms
[513.763s][info][gc,cpu         ] GC(1096) User=0.00s Sys=0.00s Real=0.00s
[513.808s][info][gc,start       ] GC(1097) Pause Young (Allocation Failure)
[513.809s][info][gc,heap        ] GC(1097) DefNew: 279857K(314560K)->250K(314560K) Eden: 279616K(279616K)->0K(279616K) From: 241K(34944K)->250K(34944K)
[513.809s][info][gc,heap        ] GC(1097) Tenured: 6334K(699072K)->6334K(699072K)
[513.809s][info][gc,metaspace   ] GC(1097) Metaspace: 16620K(16960K)->16620K(16960K) NonClass: 14290K(14464K)->14290K(14464K) Class: 2330K(2496K)->2330K(2496K)
[513.809s][info][gc             ] GC(1097) Pause Young (Allocation Failure) 279M->6M(989M) 0.884ms
[513.809s][info][gc,cpu         ] GC(1097) User=0.00s Sys=0.00s Real=0.00s
[513.853s][info][gc,start       ] GC(1098) Pause Young (Allocation Failure)
[513.854s][info][gc,heap        ] GC(1098) DefNew: 279866K(314560K)->221K(314560K) Eden: 279616K(279616K)->0K(279616K) From: 250K(34944K)->221K(34944K)
[513.854s][info][gc,heap        ] GC(1098) Tenured: 6334K(699072K)->6334K(699072K)
[513.854s][info][gc,metaspace   ] GC(1098) Metaspace: 16620K(16960K)->16620K(16960K) NonClass: 14290K(14464K)->14290K(14464K) Class: 2330K(2496K)->2330K(2496K)
[513.854s][info][gc             ] GC(1098) Pause Young (Allocation Failure) 279M->6M(989M) 0.809ms
[513.854s][info][gc,cpu         ] GC(1098) User=0.00s Sys=0.00s Real=0.00s
[513.898s][info][gc,start       ] GC(1099) Pause Young (Allocation Failure)
[513.899s][info][gc,heap        ] GC(1099) DefNew: 279837K(314560K)->238K(314560K) Eden: 279616K(279616K)->0K(279616K) From: 221K(34944K)->238K(34944K)
[513.899s][info][gc,heap        ] GC(1099) Tenured: 6334K(699072K)->6334K(699072K)
[513.899s][info][gc,metaspace   ] GC(1099) Metaspace: 16620K(16960K)->16620K(16960K) NonClass: 14290K(14464K)->14290K(14464K) Class: 2330K(2496K)->2330K(2496K)
[513.899s][info][gc             ] GC(1099) Pause Young (Allocation Failure) 279M->6M(989M) 0.807ms
[513.899s][info][gc,cpu         ] GC(1099) User=0.00s Sys=0.00s Real=0.00s
[513.944s][info][gc,start       ] GC(1100) Pause Young (Allocation Failure)
[513.945s][info][gc,heap        ] GC(1100) DefNew: 279854K(314560K)->243K(314560K) Eden: 279616K(279616K)->0K(279616K) From: 238K(34944K)->243K(34944K)
[513.945s][info][gc,heap        ] GC(1100) Tenured: 6334K(699072K)->6334K(699072K)
[513.945s][info][gc,metaspace   ] GC(1100) Metaspace: 16620K(16960K)->16620K(16960K) NonClass: 14290K(14464K)->14290K(14464K) Class: 2330K(2496K)->2330K(2496K)
[513.945s][info][gc             ] GC(1100) Pause Young (Allocation Failure) 279M->6M(989M) 0.835ms
[513.945s][info][gc,cpu         ] GC(1100) User=0.00s Sys=0.00s Real=0.00s
[513.990s][info][gc,start       ] GC(1101) Pause Young (Allocation Failure)
[513.990s][info][gc,heap        ] GC(1101) DefNew: 279859K(314560K)->223K(314560K) Eden: 279616K(279616K)->0K(279616K) From: 243K(34944K)->223K(34944K)
[513.990s][info][gc,heap        ] GC(1101) Tenured: 6334K(699072K)->6334K(699072K)
[513.990s][info][gc,metaspace   ] GC(1101) Metaspace: 16620K(16960K)->16620K(16960K) NonClass: 14290K(14464K)->14290K(14464K) Class: 2330K(2496K)->2330K(2496K)
[513.991s][info][gc             ] GC(1101) Pause Young (Allocation Failure) 279M->6M(989M) 0.757ms
[513.991s][info][gc,cpu         ] GC(1101) User=0.00s Sys=0.00s Real=0.00s
[514.035s][info][gc,start       ] GC(1102) Pause Young (Allocation Failure)
[514.035s][info][gc,heap        ] GC(1102) DefNew: 279839K(314560K)->201K(314560K) Eden: 279616K(279616K)->0K(279616K) From: 223K(34944K)->201K(34944K)
[514.035s][info][gc,heap        ] GC(1102) Tenured: 6334K(699072K)->6334K(699072K)
[514.035s][info][gc,metaspace   ] GC(1102) Metaspace: 16620K(16960K)->16620K(16960K) NonClass: 14290K(14464K)->14290K(14464K) Class: 2330K(2496K)->2330K(2496K)
[514.035s][info][gc             ] GC(1102) Pause Young (Allocation Failure) 279M->6M(989M) 0.777ms
[514.035s][info][gc,cpu         ] GC(1102) User=0.00s Sys=0.00s Real=0.00s
[514.120s][info][gc,start       ] GC(1103) Pause Young (Allocation Failure)
[514.320s][info][gc,heap        ] GC(1103) DefNew: 279817K(314560K)->34944K(314560K) Eden: 279616K(279616K)->0K(279616K) From: 201K(34944K)->34944K(34944K)
[514.320s][info][gc,heap        ] GC(1103) Tenured: 6334K(699072K)->52147K(699072K)
[514.320s][info][gc,metaspace   ] GC(1103) Metaspace: 16620K(16960K)->16620K(16960K) NonClass: 14290K(14464K)->14290K(14464K) Class: 2330K(2496K)->2330K(2496K)
[514.320s][info][gc             ] GC(1103) Pause Young (Allocation Failure) 279M->85M(989M) 199.790ms
[514.320s][info][gc,cpu         ] GC(1103) User=0.17s Sys=0.00s Real=0.19s
[514.498s][info][gc,start       ] GC(1104) Pause Young (Allocation Failure)
[515.089s][info][gc,heap        ] GC(1104) DefNew: 314560K(314560K)->34943K(314560K) Eden: 279616K(279616K)->0K(279616K) From: 34944K(34944K)->34943K(34944K)
[515.089s][info][gc,heap        ] GC(1104) Tenured: 52147K(699072K)->235541K(699072K)
[515.089s][info][gc,metaspace   ] GC(1104) Metaspace: 16620K(16960K)->16620K(16960K) NonClass: 14290K(14464K)->14290K(14464K) Class: 2330K(2496K)->2330K(2496K)
[515.089s][info][gc             ] GC(1104) Pause Young (Allocation Failure) 358M->264M(989M) 591.302ms
[515.089s][info][gc,cpu         ] GC(1104) User=0.56s Sys=0.00s Real=0.58s
[515.302s][info][gc,start       ] GC(1105) Pause Young (Allocation Failure)
[515.851s][info][gc,heap        ] GC(1105) DefNew: 314559K(314560K)->34944K(314560K) Eden: 279616K(279616K)->0K(279616K) From: 34943K(34944K)->34944K(34944K)
[515.851s][info][gc,heap        ] GC(1105) Tenured: 235541K(699072K)->408148K(699072K)
[515.851s][info][gc,metaspace   ] GC(1105) Metaspace: 16620K(16960K)->16620K(16960K) NonClass: 14290K(14464K)->14290K(14464K) Class: 2330K(2496K)->2330K(2496K)
[515.851s][info][gc             ] GC(1105) Pause Young (Allocation Failure) 537M->432M(989M) 549.770ms
[515.851s][info][gc,cpu         ] GC(1105) User=0.53s Sys=0.00s Real=0.55s
[517.915s][info][gc,start       ] GC(1106) Pause Young (Allocation Failure)
[518.311s][info][gc,heap        ] GC(1106) DefNew: 314560K(314560K)->34944K(314560K) Eden: 279616K(279616K)->0K(279616K) From: 34944K(34944K)->34944K(34944K)
[518.311s][info][gc,heap        ] GC(1106) Tenured: 408148K(699072K)->496115K(699072K)
[518.311s][info][gc,metaspace   ] GC(1106) Metaspace: 16620K(16960K)->16620K(16960K) NonClass: 14290K(14464K)->14290K(14464K) Class: 2330K(2496K)->2330K(2496K)
[518.311s][info][gc             ] GC(1106) Pause Young (Allocation Failure) 705M->518M(989M) 395.960ms
[518.311s][info][gc,cpu         ] GC(1106) User=0.39s Sys=0.00s Real=0.40s
[518.451s][info][gc,start       ] GC(1107) Pause Young (Allocation Failure)
[518.451s][info][gc             ] GC(1107) Pause Young (Allocation Failure) 791M->791M(989M) 0.145ms
[518.451s][info][gc,cpu         ] GC(1107) User=0.00s Sys=0.00s Real=0.00s
[518.451s][info][gc,start       ] GC(1108) Pause Full (Allocation Failure)
[518.451s][info][gc,phases,start] GC(1108) Phase 1: Mark live objects
[518.696s][info][gc,phases      ] GC(1108) Phase 1: Mark live objects 244.721ms
[518.696s][info][gc,phases,start] GC(1108) Phase 2: Compute new object addresses
[518.822s][info][gc,phases      ] GC(1108) Phase 2: Compute new object addresses 126.403ms
[518.822s][info][gc,phases,start] GC(1108) Phase 3: Adjust pointers
[518.949s][info][gc,phases      ] GC(1108) Phase 3: Adjust pointers 126.959ms
[518.949s][info][gc,phases,start] GC(1108) Phase 4: Move objects
[519.030s][info][gc,phases      ] GC(1108) Phase 4: Move objects 81.202ms
[519.031s][info][gc,heap        ] GC(1108) DefNew: 314560K(314560K)->0K(314560K) Eden: 279616K(279616K)->0K(279616K) From: 34944K(34944K)->0K(34944K)
[519.031s][info][gc,heap        ] GC(1108) Tenured: 496115K(699072K)->211832K(699072K)
[519.031s][info][gc,metaspace   ] GC(1108) Metaspace: 16620K(16960K)->16620K(16960K) NonClass: 14290K(14464K)->14290K(14464K) Class: 2330K(2496K)->2330K(2496K)
[519.031s][info][gc             ] GC(1108) Pause Full (Allocation Failure) 791M->206M(989M) 579.773ms
[519.031s][info][gc,cpu         ] GC(1108) User=0.56s Sys=0.00s Real=0.58s
[519.172s][info][gc,start       ] GC(1109) Pause Young (Allocation Failure)
[519.461s][info][gc,heap        ] GC(1109) DefNew: 279616K(314560K)->34944K(314560K) Eden: 279616K(279616K)->0K(279616K) From: 0K(34944K)->34944K(34944K)
[519.462s][info][gc,heap        ] GC(1109) Tenured: 211832K(699072K)->294516K(699072K)
[519.462s][info][gc,metaspace   ] GC(1109) Metaspace: 16620K(16960K)->16620K(16960K) NonClass: 14290K(14464K)->14290K(14464K) Class: 2330K(2496K)->2330K(2496K)
[519.462s][info][gc             ] GC(1109) Pause Young (Allocation Failure) 479M->321M(989M) 289.365ms
[519.462s][info][gc,cpu         ] GC(1109) User=0.23s Sys=0.00s Real=0.28s
[519.620s][info][gc,start       ] GC(1110) Pause Young (Allocation Failure)
[520.087s][info][gc,heap        ] GC(1110) DefNew: 314560K(314560K)->34944K(314560K) Eden: 279616K(279616K)->0K(279616K) From: 34944K(34944K)->34944K(34944K)
[520.087s][info][gc,heap        ] GC(1110) Tenured: 294516K(699072K)->422547K(699072K)
[520.087s][info][gc,metaspace   ] GC(1110) Metaspace: 16620K(16960K)->16620K(16960K) NonClass: 14290K(14464K)->14290K(14464K) Class: 2330K(2496K)->2330K(2496K)
[520.087s][info][gc             ] GC(1110) Pause Young (Allocation Failure) 594M->446M(989M) 467.290ms
[520.087s][info][gc,cpu         ] GC(1110) User=0.41s Sys=0.00s Real=0.47s
[520.564s][info][gc,start       ] GC(1111) Pause Young (Allocation Failure)
[520.770s][info][gc,heap        ] GC(1111) DefNew: 314560K(314560K)->25641K(314560K) Eden: 279616K(279616K)->0K(279616K) From: 34944K(34944K)->25641K(34944K)
[520.770s][info][gc,heap        ] GC(1111) Tenured: 422547K(699072K)->447435K(699072K)
[520.770s][info][gc,metaspace   ] GC(1111) Metaspace: 16620K(16960K)->16620K(16960K) NonClass: 14290K(14464K)->14290K(14464K) Class: 2330K(2496K)->2330K(2496K)
[520.770s][info][gc             ] GC(1111) Pause Young (Allocation Failure) 719M->461M(989M) 206.085ms
[520.770s][info][gc,cpu         ] GC(1111) User=0.20s Sys=0.00s Real=0.21s
[521.137s][info][gc,start       ] GC(1112) Pause Young (Allocation Failure)
[521.166s][info][gc,heap        ] GC(1112) DefNew: 305257K(314560K)->131K(314560K) Eden: 279616K(279616K)->0K(279616K) From: 25641K(34944K)->131K(34944K)
[521.166s][info][gc,heap        ] GC(1112) Tenured: 447435K(699072K)->450078K(699072K)
[521.166s][info][gc,metaspace   ] GC(1112) Metaspace: 16620K(16960K)->16620K(16960K) NonClass: 14290K(14464K)->14290K(14464K) Class: 2330K(2496K)->2330K(2496K)
[521.166s][info][gc             ] GC(1112) Pause Young (Allocation Failure) 735M->439M(989M) 28.816ms
[521.166s][info][gc,cpu         ] GC(1112) User=0.02s Sys=0.00s Real=0.02s
[521.821s][info][gc,start       ] GC(1113) Pause Full (System.gc())
[521.821s][info][gc,phases,start] GC(1113) Phase 1: Mark live objects
[521.828s][info][gc,phases      ] GC(1113) Phase 1: Mark live objects 7.273ms
[521.828s][info][gc,phases,start] GC(1113) Phase 2: Compute new object addresses
[521.910s][info][gc,phases      ] GC(1113) Phase 2: Compute new object addresses 81.378ms
[521.910s][info][gc,phases,start] GC(1113) Phase 3: Adjust pointers
[521.914s][info][gc,phases      ] GC(1113) Phase 3: Adjust pointers 4.077ms
[521.914s][info][gc,phases,start] GC(1113) Phase 4: Move objects
[521.914s][info][gc,phases      ] GC(1113) Phase 4: Move objects 0.009ms
[521.914s][info][gc,heap        ] GC(1113) DefNew: 93566K(314560K)->0K(314560K) Eden: 93434K(279616K)->0K(279616K) From: 131K(34944K)->0K(34944K)
[521.914s][info][gc,heap        ] GC(1113) Tenured: 450078K(699072K)->6334K(699072K)
[521.914s][info][gc,metaspace   ] GC(1113) Metaspace: 16620K(16960K)->16620K(16960K) NonClass: 14290K(14464K)->14290K(14464K) Class: 2330K(2496K)->2330K(2496K)
[521.914s][info][gc             ] GC(1113) Pause Full (System.gc()) 530M->6M(989M) 93.125ms
[521.914s][info][gc,cpu         ] GC(1113) User=0.08s Sys=0.00s Real=0.09s
[523.376s][info][gc,start       ] GC(1114) Pause Young (Allocation Failure)
[523.377s][info][gc,heap        ] GC(1114) DefNew: 279616K(314560K)->243K(314560K) Eden: 279616K(279616K)->0K(279616K) From: 0K(34944K)->243K(34944K)
[523.377s][info][gc,heap        ] GC(1114) Tenured: 6334K(699072K)->6334K(699072K)
[523.377s][info][gc,metaspace   ] GC(1114) Metaspace: 16620K(16960K)->16620K(16960K) NonClass: 14290K(14464K)->14290K(14464K) Class: 2330K(2496K)->2330K(2496K)
[523.377s][info][gc             ] GC(1114) Pause Young (Allocation Failure) 279M->6M(989M) 1.099ms
[523.377s][info][gc,cpu         ] GC(1114) User=0.00s Sys=0.00s Real=0.00s
[523.423s][info][gc,start       ] GC(1115) Pause Young (Allocation Failure)
[523.424s][info][gc,heap        ] GC(1115) DefNew: 279859K(314560K)->254K(314560K) Eden: 279616K(279616K)->0K(279616K) From: 243K(34944K)->254K(34944K)
[523.424s][info][gc,heap        ] GC(1115) Tenured: 6334K(699072K)->6334K(699072K)
[523.424s][info][gc,metaspace   ] GC(1115) Metaspace: 16620K(16960K)->16620K(16960K) NonClass: 14290K(14464K)->14290K(14464K) Class: 2330K(2496K)->2330K(2496K)
[523.424s][info][gc             ] GC(1115) Pause Young (Allocation Failure) 279M->6M(989M) 0.800ms
[523.424s][info][gc,cpu         ] GC(1115) User=0.00s Sys=0.00s Real=0.00s
[523.469s][info][gc,start       ] GC(1116) Pause Young (Allocation Failure)
[523.469s][info][gc,heap        ] GC(1116) DefNew: 279870K(314560K)->253K(314560K) Eden: 279616K(279616K)->0K(279616K) From: 254K(34944K)->253K(34944K)
[523.469s][info][gc,heap        ] GC(1116) Tenured: 6334K(699072K)->6334K(699072K)
[523.469s][info][gc,metaspace   ] GC(1116) Metaspace: 16620K(16960K)->16620K(16960K) NonClass: 14290K(14464K)->14290K(14464K) Class: 2330K(2496K)->2330K(2496K)
[523.469s][info][gc             ] GC(1116) Pause Young (Allocation Failure) 279M->6M(989M) 0.844ms
[523.469s][info][gc,cpu         ] GC(1116) User=0.00s Sys=0.00s Real=0.01s
[523.513s][info][gc,start       ] GC(1117) Pause Young (Allocation Failure)
[523.514s][info][gc,heap        ] GC(1117) DefNew: 279869K(314560K)->246K(314560K) Eden: 279616K(279616K)->0K(279616K) From: 253K(34944K)->246K(34944K)
[523.514s][info][gc,heap        ] GC(1117) Tenured: 6334K(699072K)->6334K(699072K)
[523.514s][info][gc,metaspace   ] GC(1117) Metaspace: 16620K(16960K)->16620K(16960K) NonClass: 14290K(14464K)->14290K(14464K) Class: 2330K(2496K)->2330K(2496K)
[523.514s][info][gc             ] GC(1117) Pause Young (Allocation Failure) 279M->6M(989M) 0.884ms
[523.514s][info][gc,cpu         ] GC(1117) User=0.00s Sys=0.00s Real=0.00s
[523.557s][info][gc,start       ] GC(1118) Pause Young (Allocation Failure)
[523.558s][info][gc,heap        ] GC(1118) DefNew: 279862K(314560K)->249K(314560K) Eden: 279616K(279616K)->0K(279616K) From: 246K(34944K)->249K(34944K)
[523.558s][info][gc,heap        ] GC(1118) Tenured: 6334K(699072K)->6334K(699072K)
[523.558s][info][gc,metaspace   ] GC(1118) Metaspace: 16620K(16960K)->16620K(16960K) NonClass: 14290K(14464K)->14290K(14464K) Class: 2330K(2496K)->2330K(2496K)
[523.558s][info][gc             ] GC(1118) Pause Young (Allocation Failure) 279M->6M(989M) 0.860ms
[523.558s][info][gc,cpu         ] GC(1118) User=0.00s Sys=0.00s Real=0.00s
[523.604s][info][gc,start       ] GC(1119) Pause Young (Allocation Failure)
[523.604s][info][gc,heap        ] GC(1119) DefNew: 279865K(314560K)->240K(314560K) Eden: 279616K(279616K)->0K(279616K) From: 249K(34944K)->240K(34944K)
[523.604s][info][gc,heap        ] GC(1119) Tenured: 6334K(699072K)->6334K(699072K)
[523.604s][info][gc,metaspace   ] GC(1119) Metaspace: 16620K(16960K)->16620K(16960K) NonClass: 14290K(14464K)->14290K(14464K) Class: 2330K(2496K)->2330K(2496K)
[523.604s][info][gc             ] GC(1119) Pause Young (Allocation Failure) 279M->6M(989M) 0.802ms
[523.604s][info][gc,cpu         ] GC(1119) User=0.00s Sys=0.00s Real=0.00s
[523.648s][info][gc,start       ] GC(1120) Pause Young (Allocation Failure)
[523.649s][info][gc,heap        ] GC(1120) DefNew: 279856K(314560K)->229K(314560K) Eden: 279616K(279616K)->0K(279616K) From: 240K(34944K)->229K(34944K)
[523.649s][info][gc,heap        ] GC(1120) Tenured: 6334K(699072K)->6334K(699072K)
[523.649s][info][gc,metaspace   ] GC(1120) Metaspace: 16620K(16960K)->16620K(16960K) NonClass: 14290K(14464K)->14290K(14464K) Class: 2330K(2496K)->2330K(2496K)
[523.649s][info][gc             ] GC(1120) Pause Young (Allocation Failure) 279M->6M(989M) 0.966ms
[523.649s][info][gc,cpu         ] GC(1120) User=0.00s Sys=0.00s Real=0.00s
[523.694s][info][gc,start       ] GC(1121) Pause Young (Allocation Failure)
[523.694s][info][gc,heap        ] GC(1121) DefNew: 279845K(314560K)->234K(314560K) Eden: 279616K(279616K)->0K(279616K) From: 229K(34944K)->234K(34944K)
[523.694s][info][gc,heap        ] GC(1121) Tenured: 6334K(699072K)->6334K(699072K)
[523.694s][info][gc,metaspace   ] GC(1121) Metaspace: 16620K(16960K)->16620K(16960K) NonClass: 14290K(14464K)->14290K(14464K) Class: 2330K(2496K)->2330K(2496K)
[523.694s][info][gc             ] GC(1121) Pause Young (Allocation Failure) 279M->6M(989M) 0.820ms
[523.694s][info][gc,cpu         ] GC(1121) User=0.00s Sys=0.00s Real=0.00s
[523.739s][info][gc,start       ] GC(1122) Pause Young (Allocation Failure)
[523.740s][info][gc,heap        ] GC(1122) DefNew: 279850K(314560K)->246K(314560K) Eden: 279616K(279616K)->0K(279616K) From: 234K(34944K)->246K(34944K)
[523.740s][info][gc,heap        ] GC(1122) Tenured: 6334K(699072K)->6334K(699072K)
[523.740s][info][gc,metaspace   ] GC(1122) Metaspace: 16620K(16960K)->16620K(16960K) NonClass: 14290K(14464K)->14290K(14464K) Class: 2330K(2496K)->2330K(2496K)
[523.740s][info][gc             ] GC(1122) Pause Young (Allocation Failure) 279M->6M(989M) 0.815ms
[523.740s][info][gc,cpu         ] GC(1122) User=0.00s Sys=0.00s Real=0.00s
[523.786s][info][gc,start       ] GC(1123) Pause Young (Allocation Failure)
[523.786s][info][gc,heap        ] GC(1123) DefNew: 279862K(314560K)->202K(314560K) Eden: 279616K(279616K)->0K(279616K) From: 246K(34944K)->202K(34944K)
[523.786s][info][gc,heap        ] GC(1123) Tenured: 6334K(699072K)->6334K(699072K)
[523.786s][info][gc,metaspace   ] GC(1123) Metaspace: 16620K(16960K)->16620K(16960K) NonClass: 14290K(14464K)->14290K(14464K) Class: 2330K(2496K)->2330K(2496K)
[523.786s][info][gc             ] GC(1123) Pause Young (Allocation Failure) 279M->6M(989M) 0.780ms
[523.786s][info][gc,cpu         ] GC(1123) User=0.00s Sys=0.00s Real=0.00s
[523.864s][info][gc,start       ] GC(1124) Pause Young (Allocation Failure)
[524.042s][info][gc,heap        ] GC(1124) DefNew: 279818K(314560K)->34944K(314560K) Eden: 279616K(279616K)->0K(279616K) From: 202K(34944K)->34944K(34944K)
[524.042s][info][gc,heap        ] GC(1124) Tenured: 6334K(699072K)->43930K(699072K)
[524.042s][info][gc,metaspace   ] GC(1124) Metaspace: 16620K(16960K)->16620K(16960K) NonClass: 14290K(14464K)->14290K(14464K) Class: 2330K(2496K)->2330K(2496K)
[524.042s][info][gc             ] GC(1124) Pause Young (Allocation Failure) 279M->77M(989M) 178.687ms
[524.042s][info][gc,cpu         ] GC(1124) User=0.16s Sys=0.00s Real=0.19s
[524.209s][info][gc,start       ] GC(1125) Pause Young (Allocation Failure)
[524.782s][info][gc,heap        ] GC(1125) DefNew: 314560K(314560K)->34944K(314560K) Eden: 279616K(279616K)->0K(279616K) From: 34944K(34944K)->34944K(34944K)
[524.782s][info][gc,heap        ] GC(1125) Tenured: 43930K(699072K)->228604K(699072K)
[524.782s][info][gc,metaspace   ] GC(1125) Metaspace: 16620K(16960K)->16620K(16960K) NonClass: 14290K(14464K)->14290K(14464K) Class: 2330K(2496K)->2330K(2496K)
[524.782s][info][gc             ] GC(1125) Pause Young (Allocation Failure) 350M->257M(989M) 572.628ms
[524.782s][info][gc,cpu         ] GC(1125) User=0.53s Sys=0.00s Real=0.58s
[524.984s][info][gc,start       ] GC(1126) Pause Young (Allocation Failure)
[525.587s][info][gc,heap        ] GC(1126) DefNew: 314560K(314560K)->34944K(314560K) Eden: 279616K(279616K)->0K(279616K) From: 34944K(34944K)->34944K(34944K)
[525.587s][info][gc,heap        ] GC(1126) Tenured: 228604K(699072K)->408210K(699072K)
[525.587s][info][gc,metaspace   ] GC(1126) Metaspace: 16620K(16960K)->16620K(16960K) NonClass: 14290K(14464K)->14290K(14464K) Class: 2330K(2496K)->2330K(2496K)
[525.587s][info][gc             ] GC(1126) Pause Young (Allocation Failure) 530M->432M(989M) 603.620ms
[525.587s][info][gc,cpu         ] GC(1126) User=0.62s Sys=0.00s Real=0.60s
[527.811s][info][gc,start       ] GC(1127) Pause Young (Allocation Failure)
[528.187s][info][gc,heap        ] GC(1127) DefNew: 314560K(314560K)->34944K(314560K) Eden: 279616K(279616K)->0K(279616K) From: 34944K(34944K)->34944K(34944K)
[528.187s][info][gc,heap        ] GC(1127) Tenured: 408210K(699072K)->496071K(699072K)
[528.187s][info][gc,metaspace   ] GC(1127) Metaspace: 16620K(16960K)->16620K(16960K) NonClass: 14290K(14464K)->14290K(14464K) Class: 2330K(2496K)->2330K(2496K)
[528.187s][info][gc             ] GC(1127) Pause Young (Allocation Failure) 705M->518M(989M) 375.689ms
[528.187s][info][gc,cpu         ] GC(1127) User=0.31s Sys=0.00s Real=0.38s
[528.324s][info][gc,start       ] GC(1128) Pause Young (Allocation Failure)
[528.324s][info][gc             ] GC(1128) Pause Young (Allocation Failure) 791M->791M(989M) 0.079ms
[528.324s][info][gc,cpu         ] GC(1128) User=0.00s Sys=0.00s Real=0.00s
[528.324s][info][gc,start       ] GC(1129) Pause Full (Allocation Failure)
[528.324s][info][gc,phases,start] GC(1129) Phase 1: Mark live objects
[528.555s][info][gc,phases      ] GC(1129) Phase 1: Mark live objects 231.114ms
[528.555s][info][gc,phases,start] GC(1129) Phase 2: Compute new object addresses
[528.682s][info][gc,phases      ] GC(1129) Phase 2: Compute new object addresses 126.360ms
[528.682s][info][gc,phases,start] GC(1129) Phase 3: Adjust pointers
[528.798s][info][gc,phases      ] GC(1129) Phase 3: Adjust pointers 116.354ms
[528.798s][info][gc,phases,start] GC(1129) Phase 4: Move objects
[528.879s][info][gc,phases      ] GC(1129) Phase 4: Move objects 80.302ms
[528.879s][info][gc,heap        ] GC(1129) DefNew: 314560K(314560K)->0K(314560K) Eden: 279616K(279616K)->0K(279616K) From: 34944K(34944K)->0K(34944K)
[528.879s][info][gc,heap        ] GC(1129) Tenured: 496071K(699072K)->208447K(699072K)
[528.879s][info][gc,metaspace   ] GC(1129) Metaspace: 16620K(16960K)->16620K(16960K) NonClass: 14290K(14464K)->14290K(14464K) Class: 2330K(2496K)->2330K(2496K)
[528.879s][info][gc             ] GC(1129) Pause Full (Allocation Failure) 791M->203M(989M) 554.557ms
[528.879s][info][gc,cpu         ] GC(1129) User=0.55s Sys=0.00s Real=0.55s
[529.019s][info][gc,start       ] GC(1130) Pause Young (Allocation Failure)
[529.306s][info][gc,heap        ] GC(1130) DefNew: 279616K(314560K)->34944K(314560K) Eden: 279616K(279616K)->0K(279616K) From: 0K(34944K)->34944K(34944K)
[529.306s][info][gc,heap        ] GC(1130) Tenured: 208447K(699072K)->291140K(699072K)
[529.306s][info][gc,metaspace   ] GC(1130) Metaspace: 16620K(16960K)->16620K(16960K) NonClass: 14290K(14464K)->14290K(14464K) Class: 2330K(2496K)->2330K(2496K)
[529.306s][info][gc             ] GC(1130) Pause Young (Allocation Failure) 476M->318M(989M) 286.720ms
[529.306s][info][gc,cpu         ] GC(1130) User=0.28s Sys=0.00s Real=0.28s
[529.465s][info][gc,start       ] GC(1131) Pause Young (Allocation Failure)
[529.902s][info][gc,heap        ] GC(1131) DefNew: 314560K(314560K)->34944K(314560K) Eden: 279616K(279616K)->0K(279616K) From: 34944K(34944K)->34944K(34944K)
[529.902s][info][gc,heap        ] GC(1131) Tenured: 291140K(699072K)->416695K(699072K)
[529.902s][info][gc,metaspace   ] GC(1131) Metaspace: 16620K(16960K)->16620K(16960K) NonClass: 14290K(14464K)->14290K(14464K) Class: 2330K(2496K)->2330K(2496K)
[529.902s][info][gc             ] GC(1131) Pause Young (Allocation Failure) 591M->441M(989M) 436.958ms
[529.902s][info][gc,cpu         ] GC(1131) User=0.41s Sys=0.00s Real=0.44s
[530.364s][info][gc,start       ] GC(1132) Pause Young (Allocation Failure)
[530.582s][info][gc,heap        ] GC(1132) DefNew: 314560K(314560K)->29975K(314560K) Eden: 279616K(279616K)->0K(279616K) From: 34944K(34944K)->29975K(34944K)
[530.582s][info][gc,heap        ] GC(1132) Tenured: 416695K(699072K)->442786K(699072K)
[530.582s][info][gc,metaspace   ] GC(1132) Metaspace: 16620K(16960K)->16620K(16960K) NonClass: 14290K(14464K)->14290K(14464K) Class: 2330K(2496K)->2330K(2496K)
[530.582s][info][gc             ] GC(1132) Pause Young (Allocation Failure) 714M->461M(989M) 217.562ms
[530.582s][info][gc,cpu         ] GC(1132) User=0.22s Sys=0.00s Real=0.22s
[530.946s][info][gc,start       ] GC(1133) Pause Young (Allocation Failure)
[530.994s][info][gc,heap        ] GC(1133) DefNew: 309591K(314560K)->390K(314560K) Eden: 279616K(279616K)->0K(279616K) From: 29975K(34944K)->390K(34944K)
[530.994s][info][gc,heap        ] GC(1133) Tenured: 442786K(699072K)->446251K(699072K)
[530.994s][info][gc,metaspace   ] GC(1133) Metaspace: 16620K(16960K)->16620K(16960K) NonClass: 14290K(14464K)->14290K(14464K) Class: 2330K(2496K)->2330K(2496K)
[530.994s][info][gc             ] GC(1133) Pause Young (Allocation Failure) 734M->436M(989M) 47.581ms
[530.994s][info][gc,cpu         ] GC(1133) User=0.05s Sys=0.00s Real=0.04s
[531.662s][info][gc,start       ] GC(1134) Pause Full (System.gc())
[531.662s][info][gc,phases,start] GC(1134) Phase 1: Mark live objects
[531.670s][info][gc,phases      ] GC(1134) Phase 1: Mark live objects 7.183ms
[531.670s][info][gc,phases,start] GC(1134) Phase 2: Compute new object addresses
[531.751s][info][gc,phases      ] GC(1134) Phase 2: Compute new object addresses 81.397ms
[531.751s][info][gc,phases,start] GC(1134) Phase 3: Adjust pointers
[531.755s][info][gc,phases      ] GC(1134) Phase 3: Adjust pointers 4.092ms
[531.755s][info][gc,phases,start] GC(1134) Phase 4: Move objects
[531.755s][info][gc,phases      ] GC(1134) Phase 4: Move objects 0.010ms
[531.755s][info][gc,heap        ] GC(1134) DefNew: 102534K(314560K)->0K(314560K) Eden: 102144K(279616K)->0K(279616K) From: 390K(34944K)->0K(34944K)
[531.755s][info][gc,heap        ] GC(1134) Tenured: 446251K(699072K)->6334K(699072K)
[531.755s][info][gc,metaspace   ] GC(1134) Metaspace: 16620K(16960K)->16620K(16960K) NonClass: 14290K(14464K)->14290K(14464K) Class: 2330K(2496K)->2330K(2496K)
[531.755s][info][gc             ] GC(1134) Pause Full (System.gc()) 535M->6M(989M) 93.053ms
[531.755s][info][gc,cpu         ] GC(1134) User=0.08s Sys=0.00s Real=0.09s
[533.023s][info][gc,start       ] GC(1135) Pause Young (Allocation Failure)
[533.024s][info][gc,heap        ] GC(1135) DefNew: 279616K(314560K)->250K(314560K) Eden: 279616K(279616K)->0K(279616K) From: 0K(34944K)->250K(34944K)
[533.024s][info][gc,heap        ] GC(1135) Tenured: 6334K(699072K)->6334K(699072K)
[533.025s][info][gc,metaspace   ] GC(1135) Metaspace: 16620K(16960K)->16620K(16960K) NonClass: 14290K(14464K)->14290K(14464K) Class: 2330K(2496K)->2330K(2496K)
[533.025s][info][gc             ] GC(1135) Pause Young (Allocation Failure) 279M->6M(989M) 1.225ms
[533.025s][info][gc,cpu         ] GC(1135) User=0.00s Sys=0.00s Real=0.00s
[533.068s][info][gc,start       ] GC(1136) Pause Young (Allocation Failure)
[533.069s][info][gc,heap        ] GC(1136) DefNew: 279866K(314560K)->255K(314560K) Eden: 279616K(279616K)->0K(279616K) From: 250K(34944K)->255K(34944K)
[533.069s][info][gc,heap        ] GC(1136) Tenured: 6334K(699072K)->6334K(699072K)
[533.069s][info][gc,metaspace   ] GC(1136) Metaspace: 16620K(16960K)->16620K(16960K) NonClass: 14290K(14464K)->14290K(14464K) Class: 2330K(2496K)->2330K(2496K)
[533.069s][info][gc             ] GC(1136) Pause Young (Allocation Failure) 279M->6M(989M) 0.833ms
[533.069s][info][gc,cpu         ] GC(1136) User=0.00s Sys=0.00s Real=0.00s
[533.113s][info][gc,start       ] GC(1137) Pause Young (Allocation Failure)
[533.114s][info][gc,heap        ] GC(1137) DefNew: 279871K(314560K)->237K(314560K) Eden: 279616K(279616K)->0K(279616K) From: 255K(34944K)->237K(34944K)
[533.114s][info][gc,heap        ] GC(1137) Tenured: 6334K(699072K)->6334K(699072K)
[533.114s][info][gc,metaspace   ] GC(1137) Metaspace: 16620K(16960K)->16620K(16960K) NonClass: 14290K(14464K)->14290K(14464K) Class: 2330K(2496K)->2330K(2496K)
[533.114s][info][gc             ] GC(1137) Pause Young (Allocation Failure) 279M->6M(989M) 0.893ms
[533.114s][info][gc,cpu         ] GC(1137) User=0.00s Sys=0.00s Real=0.00s
[533.158s][info][gc,start       ] GC(1138) Pause Young (Allocation Failure)
[533.159s][info][gc,heap        ] GC(1138) DefNew: 279853K(314560K)->249K(314560K) Eden: 279616K(279616K)->0K(279616K) From: 237K(34944K)->249K(34944K)
[533.159s][info][gc,heap        ] GC(1138) Tenured: 6334K(699072K)->6334K(699072K)
[533.159s][info][gc,metaspace   ] GC(1138) Metaspace: 16620K(16960K)->16620K(16960K) NonClass: 14290K(14464K)->14290K(14464K) Class: 2330K(2496K)->2330K(2496K)
[533.159s][info][gc             ] GC(1138) Pause Young (Allocation Failure) 279M->6M(989M) 0.845ms
[533.159s][info][gc,cpu         ] GC(1138) User=0.00s Sys=0.00s Real=0.00s
[533.202s][info][gc,start       ] GC(1139) Pause Young (Allocation Failure)
[533.203s][info][gc,heap        ] GC(1139) DefNew: 279865K(314560K)->257K(314560K) Eden: 279616K(279616K)->0K(279616K) From: 249K(34944K)->257K(34944K)
[533.203s][info][gc,heap        ] GC(1139) Tenured: 6334K(699072K)->6334K(699072K)
[533.203s][info][gc,metaspace   ] GC(1139) Metaspace: 16620K(16960K)->16620K(16960K) NonClass: 14290K(14464K)->14290K(14464K) Class: 2330K(2496K)->2330K(2496K)
[533.203s][info][gc             ] GC(1139) Pause Young (Allocation Failure) 279M->6M(989M) 0.897ms
[533.203s][info][gc,cpu         ] GC(1139) User=0.00s Sys=0.00s Real=0.00s
[533.247s][info][gc,start       ] GC(1140) Pause Young (Allocation Failure)
[533.247s][info][gc,heap        ] GC(1140) DefNew: 279873K(314560K)->249K(314560K) Eden: 279616K(279616K)->0K(279616K) From: 257K(34944K)->249K(34944K)
[533.247s][info][gc,heap        ] GC(1140) Tenured: 6334K(699072K)->6334K(699072K)
[533.247s][info][gc,metaspace   ] GC(1140) Metaspace: 16620K(16960K)->16620K(16960K) NonClass: 14290K(14464K)->14290K(14464K) Class: 2330K(2496K)->2330K(2496K)
[533.247s][info][gc             ] GC(1140) Pause Young (Allocation Failure) 279M->6M(989M) 0.904ms
[533.247s][info][gc,cpu         ] GC(1140) User=0.00s Sys=0.00s Real=0.00s
[533.291s][info][gc,start       ] GC(1141) Pause Young (Allocation Failure)
[533.292s][info][gc,heap        ] GC(1141) DefNew: 279865K(314560K)->252K(314560K) Eden: 279616K(279616K)->0K(279616K) From: 249K(34944K)->252K(34944K)
[533.292s][info][gc,heap        ] GC(1141) Tenured: 6334K(699072K)->6334K(699072K)
[533.292s][info][gc,metaspace   ] GC(1141) Metaspace: 16620K(16960K)->16620K(16960K) NonClass: 14290K(14464K)->14290K(14464K) Class: 2330K(2496K)->2330K(2496K)
[533.292s][info][gc             ] GC(1141) Pause Young (Allocation Failure) 279M->6M(989M) 0.912ms
[533.292s][info][gc,cpu         ] GC(1141) User=0.00s Sys=0.00s Real=0.00s
[533.337s][info][gc,start       ] GC(1142) Pause Young (Allocation Failure)
[533.338s][info][gc,heap        ] GC(1142) DefNew: 279868K(314560K)->234K(314560K) Eden: 279616K(279616K)->0K(279616K) From: 252K(34944K)->234K(34944K)
[533.338s][info][gc,heap        ] GC(1142) Tenured: 6334K(699072K)->6334K(699072K)
[533.338s][info][gc,metaspace   ] GC(1142) Metaspace: 16620K(16960K)->16620K(16960K) NonClass: 14290K(14464K)->14290K(14464K) Class: 2330K(2496K)->2330K(2496K)
[533.338s][info][gc             ] GC(1142) Pause Young (Allocation Failure) 279M->6M(989M) 1.080ms
[533.338s][info][gc,cpu         ] GC(1142) User=0.00s Sys=0.00s Real=0.00s
[533.384s][info][gc,start       ] GC(1143) Pause Young (Allocation Failure)
[533.385s][info][gc,heap        ] GC(1143) DefNew: 279850K(314560K)->247K(314560K) Eden: 279616K(279616K)->0K(279616K) From: 234K(34944K)->247K(34944K)
[533.385s][info][gc,heap        ] GC(1143) Tenured: 6334K(699072K)->6334K(699072K)
[533.385s][info][gc,metaspace   ] GC(1143) Metaspace: 16620K(16960K)->16620K(16960K) NonClass: 14290K(14464K)->14290K(14464K) Class: 2330K(2496K)->2330K(2496K)
[533.385s][info][gc             ] GC(1143) Pause Young (Allocation Failure) 279M->6M(989M) 0.972ms
[533.385s][info][gc,cpu         ] GC(1143) User=0.00s Sys=0.00s Real=0.00s
[533.433s][info][gc,start       ] GC(1144) Pause Young (Allocation Failure)
[533.434s][info][gc,heap        ] GC(1144) DefNew: 279863K(314560K)->207K(314560K) Eden: 279616K(279616K)->0K(279616K) From: 247K(34944K)->207K(34944K)
[533.434s][info][gc,heap        ] GC(1144) Tenured: 6334K(699072K)->6334K(699072K)
[533.434s][info][gc,metaspace   ] GC(1144) Metaspace: 16620K(16960K)->16620K(16960K) NonClass: 14290K(14464K)->14290K(14464K) Class: 2330K(2496K)->2330K(2496K)
[533.434s][info][gc             ] GC(1144) Pause Young (Allocation Failure) 279M->6M(989M) 0.977ms
[533.434s][info][gc,cpu         ] GC(1144) User=0.00s Sys=0.00s Real=0.00s
[533.517s][info][gc,start       ] GC(1145) Pause Young (Allocation Failure)
[533.722s][info][gc,heap        ] GC(1145) DefNew: 279823K(314560K)->34943K(314560K) Eden: 279616K(279616K)->0K(279616K) From: 207K(34944K)->34943K(34944K)
[533.722s][info][gc,heap        ] GC(1145) Tenured: 6334K(699072K)->53919K(699072K)
[533.722s][info][gc,metaspace   ] GC(1145) Metaspace: 16620K(16960K)->16620K(16960K) NonClass: 14290K(14464K)->14290K(14464K) Class: 2330K(2496K)->2330K(2496K)
[533.722s][info][gc             ] GC(1145) Pause Young (Allocation Failure) 279M->86M(989M) 204.884ms
[533.722s][info][gc,cpu         ] GC(1145) User=0.19s Sys=0.00s Real=0.20s
[533.893s][info][gc,start       ] GC(1146) Pause Young (Allocation Failure)
[534.495s][info][gc,heap        ] GC(1146) DefNew: 314559K(314560K)->34943K(314560K) Eden: 279616K(279616K)->0K(279616K) From: 34943K(34944K)->34943K(34944K)
[534.495s][info][gc,heap        ] GC(1146) Tenured: 53919K(699072K)->238814K(699072K)
[534.495s][info][gc,metaspace   ] GC(1146) Metaspace: 16620K(16960K)->16620K(16960K) NonClass: 14290K(14464K)->14290K(14464K) Class: 2330K(2496K)->2330K(2496K)
[534.495s][info][gc             ] GC(1146) Pause Young (Allocation Failure) 359M->267M(989M) 602.361ms
[534.495s][info][gc,cpu         ] GC(1146) User=0.58s Sys=0.00s Real=0.60s
[534.708s][info][gc,start       ] GC(1147) Pause Young (Allocation Failure)
[535.242s][info][gc,heap        ] GC(1147) DefNew: 314559K(314560K)->34943K(314560K) Eden: 279616K(279616K)->0K(279616K) From: 34943K(34944K)->34943K(34944K)
[535.242s][info][gc,heap        ] GC(1147) Tenured: 238814K(699072K)->406809K(699072K)
[535.242s][info][gc,metaspace   ] GC(1147) Metaspace: 16620K(16960K)->16620K(16960K) NonClass: 14290K(14464K)->14290K(14464K) Class: 2330K(2496K)->2330K(2496K)
[535.242s][info][gc             ] GC(1147) Pause Young (Allocation Failure) 540M->431M(989M) 534.657ms
[535.242s][info][gc,cpu         ] GC(1147) User=0.56s Sys=0.00s Real=0.53s
[537.409s][info][gc,start       ] GC(1148) Pause Young (Allocation Failure)
[537.788s][info][gc,heap        ] GC(1148) DefNew: 314559K(314560K)->34944K(314560K) Eden: 279616K(279616K)->0K(279616K) From: 34943K(34944K)->34944K(34944K)
[537.788s][info][gc,heap        ] GC(1148) Tenured: 406809K(699072K)->497248K(699072K)
[537.788s][info][gc,metaspace   ] GC(1148) Metaspace: 16620K(16960K)->16620K(16960K) NonClass: 14290K(14464K)->14290K(14464K) Class: 2330K(2496K)->2330K(2496K)
[537.788s][info][gc             ] GC(1148) Pause Young (Allocation Failure) 704M->519M(989M) 379.365ms
[537.788s][info][gc,cpu         ] GC(1148) User=0.36s Sys=0.00s Real=0.38s
[537.926s][info][gc,start       ] GC(1149) Pause Young (Allocation Failure)
[537.926s][info][gc             ] GC(1149) Pause Young (Allocation Failure) 792M->792M(989M) 0.146ms
[537.926s][info][gc,cpu         ] GC(1149) User=0.00s Sys=0.00s Real=0.00s
[537.926s][info][gc,start       ] GC(1150) Pause Full (Allocation Failure)
[537.926s][info][gc,phases,start] GC(1150) Phase 1: Mark live objects
[538.164s][info][gc,phases      ] GC(1150) Phase 1: Mark live objects 238.177ms
[538.164s][info][gc,phases,start] GC(1150) Phase 2: Compute new object addresses
[538.291s][info][gc,phases      ] GC(1150) Phase 2: Compute new object addresses 126.169ms
[538.291s][info][gc,phases,start] GC(1150) Phase 3: Adjust pointers
[538.413s][info][gc,phases      ] GC(1150) Phase 3: Adjust pointers 122.021ms
[538.413s][info][gc,phases,start] GC(1150) Phase 4: Move objects
[538.494s][info][gc,phases      ] GC(1150) Phase 4: Move objects 81.224ms
[538.494s][info][gc,heap        ] GC(1150) DefNew: 314560K(314560K)->0K(314560K) Eden: 279616K(279616K)->0K(279616K) From: 34944K(34944K)->0K(34944K)
[538.494s][info][gc,heap        ] GC(1150) Tenured: 497248K(699072K)->214356K(699072K)
[538.494s][info][gc,metaspace   ] GC(1150) Metaspace: 16620K(16960K)->16620K(16960K) NonClass: 14290K(14464K)->14290K(14464K) Class: 2330K(2496K)->2330K(2496K)
[538.494s][info][gc             ] GC(1150) Pause Full (Allocation Failure) 792M->209M(989M) 568.058ms
[538.494s][info][gc,cpu         ] GC(1150) User=0.55s Sys=0.00s Real=0.57s
[538.635s][info][gc,start       ] GC(1151) Pause Young (Allocation Failure)
[538.921s][info][gc,heap        ] GC(1151) DefNew: 279616K(314560K)->34944K(314560K) Eden: 279616K(279616K)->0K(279616K) From: 0K(34944K)->34944K(34944K)
[538.921s][info][gc,heap        ] GC(1151) Tenured: 214356K(699072K)->297035K(699072K)
[538.921s][info][gc,metaspace   ] GC(1151) Metaspace: 16620K(16960K)->16620K(16960K) NonClass: 14290K(14464K)->14290K(14464K) Class: 2330K(2496K)->2330K(2496K)
[538.921s][info][gc             ] GC(1151) Pause Young (Allocation Failure) 482M->324M(989M) 285.633ms
[538.921s][info][gc,cpu         ] GC(1151) User=0.27s Sys=0.00s Real=0.28s
[539.080s][info][gc,start       ] GC(1152) Pause Young (Allocation Failure)
[539.554s][info][gc,heap        ] GC(1152) DefNew: 314560K(314560K)->34943K(314560K) Eden: 279616K(279616K)->0K(279616K) From: 34944K(34944K)->34943K(34944K)
[539.554s][info][gc,heap        ] GC(1152) Tenured: 297035K(699072K)->426861K(699072K)
[539.554s][info][gc,metaspace   ] GC(1152) Metaspace: 16620K(16960K)->16620K(16960K) NonClass: 14290K(14464K)->14290K(14464K) Class: 2330K(2496K)->2330K(2496K)
[539.554s][info][gc             ] GC(1152) Pause Young (Allocation Failure) 597M->450M(989M) 473.975ms
[539.554s][info][gc,cpu         ] GC(1152) User=0.45s Sys=0.00s Real=0.47s
[540.009s][info][gc,start       ] GC(1153) Pause Young (Allocation Failure)
[540.207s][info][gc,heap        ] GC(1153) DefNew: 314559K(314560K)->21314K(314560K) Eden: 279616K(279616K)->0K(279616K) From: 34943K(34944K)->21314K(34944K)
[540.207s][info][gc,heap        ] GC(1153) Tenured: 426861K(699072K)->451476K(699072K)
[540.207s][info][gc,metaspace   ] GC(1153) Metaspace: 16620K(16960K)->16620K(16960K) NonClass: 14290K(14464K)->14290K(14464K) Class: 2330K(2496K)->2330K(2496K)
[540.207s][info][gc             ] GC(1153) Pause Young (Allocation Failure) 724M->461M(989M) 197.686ms
[540.207s][info][gc,cpu         ] GC(1153) User=0.19s Sys=0.00s Real=0.20s
[540.570s][info][gc,start       ] GC(1154) Pause Young (Allocation Failure)
[540.593s][info][gc,heap        ] GC(1154) DefNew: 300930K(314560K)->0K(314560K) Eden: 279616K(279616K)->0K(279616K) From: 21314K(34944K)->0K(34944K)
[540.593s][info][gc,heap        ] GC(1154) Tenured: 451476K(699072K)->453612K(699072K)
[540.593s][info][gc,metaspace   ] GC(1154) Metaspace: 16620K(16960K)->16620K(16960K) NonClass: 14290K(14464K)->14290K(14464K) Class: 2330K(2496K)->2330K(2496K)
[540.593s][info][gc             ] GC(1154) Pause Young (Allocation Failure) 734M->442M(989M) 22.194ms
[540.593s][info][gc,cpu         ] GC(1154) User=0.00s Sys=0.00s Real=0.03s
[541.259s][info][gc,start       ] GC(1155) Pause Full (System.gc())
[541.259s][info][gc,phases,start] GC(1155) Phase 1: Mark live objects
[541.266s][info][gc,phases      ] GC(1155) Phase 1: Mark live objects 7.046ms
[541.266s][info][gc,phases,start] GC(1155) Phase 2: Compute new object addresses
[541.348s][info][gc,phases      ] GC(1155) Phase 2: Compute new object addresses 81.607ms
[541.348s][info][gc,phases,start] GC(1155) Phase 3: Adjust pointers
[541.352s][info][gc,phases      ] GC(1155) Phase 3: Adjust pointers 4.087ms
[541.352s][info][gc,phases,start] GC(1155) Phase 4: Move objects
[541.352s][info][gc,phases      ] GC(1155) Phase 4: Move objects 0.017ms
[541.352s][info][gc,heap        ] GC(1155) DefNew: 90179K(314560K)->0K(314560K) Eden: 90179K(279616K)->0K(279616K) From: 0K(34944K)->0K(34944K)
[541.352s][info][gc,heap        ] GC(1155) Tenured: 453612K(699072K)->6334K(699072K)
[541.352s][info][gc,metaspace   ] GC(1155) Metaspace: 16620K(16960K)->16620K(16960K) NonClass: 14290K(14464K)->14290K(14464K) Class: 2330K(2496K)->2330K(2496K)
[541.352s][info][gc             ] GC(1155) Pause Full (System.gc()) 531M->6M(989M) 93.146ms
[541.352s][info][gc,cpu         ] GC(1155) User=0.08s Sys=0.00s Real=0.09s
[542.958s][info][gc,start       ] GC(1156) Pause Young (Allocation Failure)
[542.959s][info][gc,heap        ] GC(1156) DefNew: 279616K(314560K)->246K(314560K) Eden: 279616K(279616K)->0K(279616K) From: 0K(34944K)->246K(34944K)
[542.959s][info][gc,heap        ] GC(1156) Tenured: 6334K(699072K)->6334K(699072K)
[542.959s][info][gc,metaspace   ] GC(1156) Metaspace: 16620K(16960K)->16620K(16960K) NonClass: 14290K(14464K)->14290K(14464K) Class: 2330K(2496K)->2330K(2496K)
[542.959s][info][gc             ] GC(1156) Pause Young (Allocation Failure) 279M->6M(989M) 1.075ms
[542.959s][info][gc,cpu         ] GC(1156) User=0.00s Sys=0.00s Real=0.02s
[543.005s][info][gc,start       ] GC(1157) Pause Young (Allocation Failure)
[543.005s][info][gc,heap        ] GC(1157) DefNew: 279862K(314560K)->248K(314560K) Eden: 279616K(279616K)->0K(279616K) From: 246K(34944K)->248K(34944K)
[543.005s][info][gc,heap        ] GC(1157) Tenured: 6334K(699072K)->6334K(699072K)
[543.005s][info][gc,metaspace   ] GC(1157) Metaspace: 16620K(16960K)->16620K(16960K) NonClass: 14290K(14464K)->14290K(14464K) Class: 2330K(2496K)->2330K(2496K)
[543.006s][info][gc             ] GC(1157) Pause Young (Allocation Failure) 279M->6M(989M) 0.822ms
[543.006s][info][gc,cpu         ] GC(1157) User=0.00s Sys=0.00s Real=0.00s
[543.049s][info][gc,start       ] GC(1158) Pause Young (Allocation Failure)
[543.050s][info][gc,heap        ] GC(1158) DefNew: 279864K(314560K)->248K(314560K) Eden: 279616K(279616K)->0K(279616K) From: 248K(34944K)->248K(34944K)
[543.050s][info][gc,heap        ] GC(1158) Tenured: 6334K(699072K)->6334K(699072K)
[543.050s][info][gc,metaspace   ] GC(1158) Metaspace: 16620K(16960K)->16620K(16960K) NonClass: 14290K(14464K)->14290K(14464K) Class: 2330K(2496K)->2330K(2496K)
[543.050s][info][gc             ] GC(1158) Pause Young (Allocation Failure) 279M->6M(989M) 0.776ms
[543.050s][info][gc,cpu         ] GC(1158) User=0.00s Sys=0.00s Real=0.00s
[543.094s][info][gc,start       ] GC(1159) Pause Young (Allocation Failure)
[543.095s][info][gc,heap        ] GC(1159) DefNew: 279864K(314560K)->239K(314560K) Eden: 279616K(279616K)->0K(279616K) From: 248K(34944K)->239K(34944K)
[543.095s][info][gc,heap        ] GC(1159) Tenured: 6334K(699072K)->6334K(699072K)
[543.095s][info][gc,metaspace   ] GC(1159) Metaspace: 16620K(16960K)->16620K(16960K) NonClass: 14290K(14464K)->14290K(14464K) Class: 2330K(2496K)->2330K(2496K)
[543.095s][info][gc             ] GC(1159) Pause Young (Allocation Failure) 279M->6M(989M) 0.781ms
[543.095s][info][gc,cpu         ] GC(1159) User=0.00s Sys=0.00s Real=0.00s
[543.139s][info][gc,start       ] GC(1160) Pause Young (Allocation Failure)
[543.140s][info][gc,heap        ] GC(1160) DefNew: 279855K(314560K)->231K(314560K) Eden: 279616K(279616K)->0K(279616K) From: 239K(34944K)->231K(34944K)
[543.140s][info][gc,heap        ] GC(1160) Tenured: 6334K(699072K)->6334K(699072K)
[543.140s][info][gc,metaspace   ] GC(1160) Metaspace: 16620K(16960K)->16620K(16960K) NonClass: 14290K(14464K)->14290K(14464K) Class: 2330K(2496K)->2330K(2496K)
[543.140s][info][gc             ] GC(1160) Pause Young (Allocation Failure) 279M->6M(989M) 0.808ms
[543.140s][info][gc,cpu         ] GC(1160) User=0.00s Sys=0.00s Real=0.00s
[543.185s][info][gc,start       ] GC(1161) Pause Young (Allocation Failure)
[543.186s][info][gc,heap        ] GC(1161) DefNew: 279847K(314560K)->198K(314560K) Eden: 279616K(279616K)->0K(279616K) From: 231K(34944K)->198K(34944K)
[543.186s][info][gc,heap        ] GC(1161) Tenured: 6334K(699072K)->6334K(699072K)
[543.186s][info][gc,metaspace   ] GC(1161) Metaspace: 16620K(16960K)->16620K(16960K) NonClass: 14290K(14464K)->14290K(14464K) Class: 2330K(2496K)->2330K(2496K)
[543.186s][info][gc             ] GC(1161) Pause Young (Allocation Failure) 279M->6M(989M) 0.728ms
[543.186s][info][gc,cpu         ] GC(1161) User=0.00s Sys=0.00s Real=0.00s
[543.231s][info][gc,start       ] GC(1162) Pause Young (Allocation Failure)
[543.232s][info][gc,heap        ] GC(1162) DefNew: 279814K(314560K)->210K(314560K) Eden: 279616K(279616K)->0K(279616K) From: 198K(34944K)->210K(34944K)
[543.232s][info][gc,heap        ] GC(1162) Tenured: 6334K(699072K)->6334K(699072K)
[543.232s][info][gc,metaspace   ] GC(1162) Metaspace: 16620K(16960K)->16620K(16960K) NonClass: 14290K(14464K)->14290K(14464K) Class: 2330K(2496K)->2330K(2496K)
[543.232s][info][gc             ] GC(1162) Pause Young (Allocation Failure) 279M->6M(989M) 0.774ms
[543.232s][info][gc,cpu         ] GC(1162) User=0.00s Sys=0.00s Real=0.00s
[543.277s][info][gc,start       ] GC(1163) Pause Young (Allocation Failure)
[543.278s][info][gc,heap        ] GC(1163) DefNew: 279826K(314560K)->236K(314560K) Eden: 279616K(279616K)->0K(279616K) From: 210K(34944K)->236K(34944K)
[543.278s][info][gc,heap        ] GC(1163) Tenured: 6334K(699072K)->6334K(699072K)
[543.278s][info][gc,metaspace   ] GC(1163) Metaspace: 16620K(16960K)->16620K(16960K) NonClass: 14290K(14464K)->14290K(14464K) Class: 2330K(2496K)->2330K(2496K)
[543.278s][info][gc             ] GC(1163) Pause Young (Allocation Failure) 279M->6M(989M) 0.801ms
[543.278s][info][gc,cpu         ] GC(1163) User=0.00s Sys=0.00s Real=0.00s
[543.323s][info][gc,start       ] GC(1164) Pause Young (Allocation Failure)
[543.324s][info][gc,heap        ] GC(1164) DefNew: 279852K(314560K)->232K(314560K) Eden: 279616K(279616K)->0K(279616K) From: 236K(34944K)->232K(34944K)
[543.324s][info][gc,heap        ] GC(1164) Tenured: 6334K(699072K)->6334K(699072K)
[543.324s][info][gc,metaspace   ] GC(1164) Metaspace: 16620K(16960K)->16620K(16960K) NonClass: 14290K(14464K)->14290K(14464K) Class: 2330K(2496K)->2330K(2496K)
[543.324s][info][gc             ] GC(1164) Pause Young (Allocation Failure) 279M->6M(989M) 0.943ms
[543.324s][info][gc,cpu         ] GC(1164) User=0.00s Sys=0.00s Real=0.00s
[543.375s][info][gc,start       ] GC(1165) Pause Young (Allocation Failure)
[543.376s][info][gc,heap        ] GC(1165) DefNew: 279848K(314560K)->217K(314560K) Eden: 279616K(279616K)->0K(279616K) From: 232K(34944K)->217K(34944K)
[543.376s][info][gc,heap        ] GC(1165) Tenured: 6334K(699072K)->6334K(699072K)
[543.376s][info][gc,metaspace   ] GC(1165) Metaspace: 16620K(16960K)->16620K(16960K) NonClass: 14290K(14464K)->14290K(14464K) Class: 2330K(2496K)->2330K(2496K)
[543.376s][info][gc             ] GC(1165) Pause Young (Allocation Failure) 279M->6M(989M) 0.718ms
[543.376s][info][gc,cpu         ] GC(1165) User=0.00s Sys=0.00s Real=0.00s
[543.455s][info][gc,start       ] GC(1166) Pause Young (Allocation Failure)
[543.649s][info][gc,heap        ] GC(1166) DefNew: 279833K(314560K)->34944K(314560K) Eden: 279616K(279616K)->0K(279616K) From: 217K(34944K)->34944K(34944K)
[543.649s][info][gc,heap        ] GC(1166) Tenured: 6334K(699072K)->50091K(699072K)
[543.649s][info][gc,metaspace   ] GC(1166) Metaspace: 16620K(16960K)->16620K(16960K) NonClass: 14290K(14464K)->14290K(14464K) Class: 2330K(2496K)->2330K(2496K)
[543.649s][info][gc             ] GC(1166) Pause Young (Allocation Failure) 279M->83M(989M) 194.314ms
[543.650s][info][gc,cpu         ] GC(1166) User=0.19s Sys=0.00s Real=0.19s
[543.820s][info][gc,start       ] GC(1167) Pause Young (Allocation Failure)
[544.418s][info][gc,heap        ] GC(1167) DefNew: 314560K(314560K)->34944K(314560K) Eden: 279616K(279616K)->0K(279616K) From: 34944K(34944K)->34944K(34944K)
[544.418s][info][gc,heap        ] GC(1167) Tenured: 50091K(699072K)->235237K(699072K)
[544.418s][info][gc,metaspace   ] GC(1167) Metaspace: 16620K(16960K)->16620K(16960K) NonClass: 14290K(14464K)->14290K(14464K) Class: 2330K(2496K)->2330K(2496K)
[544.418s][info][gc             ] GC(1167) Pause Young (Allocation Failure) 356M->263M(989M) 597.450ms
[544.418s][info][gc,cpu         ] GC(1167) User=0.58s Sys=0.00s Real=0.60s
[544.628s][info][gc,start       ] GC(1168) Pause Young (Allocation Failure)
[545.167s][info][gc,heap        ] GC(1168) DefNew: 314560K(314560K)->34943K(314560K) Eden: 279616K(279616K)->0K(279616K) From: 34944K(34944K)->34943K(34944K)
[545.167s][info][gc,heap        ] GC(1168) Tenured: 235237K(699072K)->407544K(699072K)
[545.167s][info][gc,metaspace   ] GC(1168) Metaspace: 16620K(16960K)->16620K(16960K) NonClass: 14290K(14464K)->14290K(14464K) Class: 2330K(2496K)->2330K(2496K)
[545.167s][info][gc             ] GC(1168) Pause Young (Allocation Failure) 536M->432M(989M) 538.439ms
[545.167s][info][gc,cpu         ] GC(1168) User=0.56s Sys=0.00s Real=0.55s
[547.521s][info][gc,start       ] GC(1169) Pause Young (Allocation Failure)
[547.898s][info][gc,heap        ] GC(1169) DefNew: 314559K(314560K)->34944K(314560K) Eden: 279616K(279616K)->0K(279616K) From: 34943K(34944K)->34944K(34944K)
[547.899s][info][gc,heap        ] GC(1169) Tenured: 407544K(699072K)->495438K(699072K)
[547.899s][info][gc,metaspace   ] GC(1169) Metaspace: 16620K(16960K)->16620K(16960K) NonClass: 14290K(14464K)->14290K(14464K) Class: 2330K(2496K)->2330K(2496K)
[547.899s][info][gc             ] GC(1169) Pause Young (Allocation Failure) 705M->517M(989M) 377.887ms
[547.899s][info][gc,cpu         ] GC(1169) User=0.34s Sys=0.00s Real=0.37s
[548.038s][info][gc,start       ] GC(1170) Pause Young (Allocation Failure)
[548.039s][info][gc             ] GC(1170) Pause Young (Allocation Failure) 791M->791M(989M) 0.117ms
[548.039s][info][gc,cpu         ] GC(1170) User=0.00s Sys=0.00s Real=0.00s
[548.039s][info][gc,start       ] GC(1171) Pause Full (Allocation Failure)
[548.039s][info][gc,phases,start] GC(1171) Phase 1: Mark live objects
[548.273s][info][gc,phases      ] GC(1171) Phase 1: Mark live objects 234.222ms
[548.273s][info][gc,phases,start] GC(1171) Phase 2: Compute new object addresses
[548.403s][info][gc,phases      ] GC(1171) Phase 2: Compute new object addresses 129.855ms
[548.403s][info][gc,phases,start] GC(1171) Phase 3: Adjust pointers
[548.521s][info][gc,phases      ] GC(1171) Phase 3: Adjust pointers 118.191ms
[548.521s][info][gc,phases,start] GC(1171) Phase 4: Move objects
[548.602s][info][gc,phases      ] GC(1171) Phase 4: Move objects 81.171ms
[548.602s][info][gc,heap        ] GC(1171) DefNew: 314560K(314560K)->0K(314560K) Eden: 279616K(279616K)->0K(279616K) From: 34944K(34944K)->0K(34944K)
[548.602s][info][gc,heap        ] GC(1171) Tenured: 495438K(699072K)->211687K(699072K)
[548.602s][info][gc,metaspace   ] GC(1171) Metaspace: 16620K(16960K)->16620K(16960K) NonClass: 14290K(14464K)->14290K(14464K) Class: 2330K(2496K)->2330K(2496K)
[548.602s][info][gc             ] GC(1171) Pause Full (Allocation Failure) 791M->206M(989M) 563.886ms
[548.602s][info][gc,cpu         ] GC(1171) User=0.52s Sys=0.00s Real=0.57s
[548.743s][info][gc,start       ] GC(1172) Pause Young (Allocation Failure)
[549.028s][info][gc,heap        ] GC(1172) DefNew: 279616K(314560K)->34944K(314560K) Eden: 279616K(279616K)->0K(279616K) From: 0K(34944K)->34944K(34944K)
[549.028s][info][gc,heap        ] GC(1172) Tenured: 211687K(699072K)->294370K(699072K)
[549.028s][info][gc,metaspace   ] GC(1172) Metaspace: 16620K(16960K)->16620K(16960K) NonClass: 14290K(14464K)->14290K(14464K) Class: 2330K(2496K)->2330K(2496K)
[549.028s][info][gc             ] GC(1172) Pause Young (Allocation Failure) 479M->321M(989M) 284.954ms
[549.028s][info][gc,cpu         ] GC(1172) User=0.19s Sys=0.00s Real=0.28s
[549.188s][info][gc,start       ] GC(1173) Pause Young (Allocation Failure)
[549.656s][info][gc,heap        ] GC(1173) DefNew: 314560K(314560K)->34944K(314560K) Eden: 279616K(279616K)->0K(279616K) From: 34944K(34944K)->34944K(34944K)
[549.656s][info][gc,heap        ] GC(1173) Tenured: 294370K(699072K)->422423K(699072K)
[549.656s][info][gc,metaspace   ] GC(1173) Metaspace: 16620K(16960K)->16620K(16960K) NonClass: 14290K(14464K)->14290K(14464K) Class: 2330K(2496K)->2330K(2496K)
[549.656s][info][gc             ] GC(1173) Pause Young (Allocation Failure) 594M->446M(989M) 468.376ms
[549.656s][info][gc,cpu         ] GC(1173) User=0.45s Sys=0.00s Real=0.47s
[550.115s][info][gc,start       ] GC(1174) Pause Young (Allocation Failure)
[550.319s][info][gc,heap        ] GC(1174) DefNew: 314560K(314560K)->25890K(314560K) Eden: 279616K(279616K)->0K(279616K) From: 34944K(34944K)->25890K(34944K)
[550.319s][info][gc,heap        ] GC(1174) Tenured: 422423K(699072K)->447327K(699072K)
[550.319s][info][gc,metaspace   ] GC(1174) Metaspace: 16620K(16960K)->16620K(16960K) NonClass: 14290K(14464K)->14290K(14464K) Class: 2330K(2496K)->2330K(2496K)
[550.319s][info][gc             ] GC(1174) Pause Young (Allocation Failure) 719M->462M(989M) 204.169ms
[550.319s][info][gc,cpu         ] GC(1174) User=0.20s Sys=0.00s Real=0.21s
[550.683s][info][gc,start       ] GC(1175) Pause Young (Allocation Failure)
[550.712s][info][gc,heap        ] GC(1175) DefNew: 305506K(314560K)->139K(314560K) Eden: 279616K(279616K)->0K(279616K) From: 25890K(34944K)->139K(34944K)
[550.712s][info][gc,heap        ] GC(1175) Tenured: 447327K(699072K)->450006K(699072K)
[550.712s][info][gc,metaspace   ] GC(1175) Metaspace: 16620K(16960K)->16620K(16960K) NonClass: 14290K(14464K)->14290K(14464K) Class: 2330K(2496K)->2330K(2496K)
[550.712s][info][gc             ] GC(1175) Pause Young (Allocation Failure) 735M->439M(989M) 29.159ms
[550.712s][info][gc,cpu         ] GC(1175) User=0.02s Sys=0.00s Real=0.03s
[551.379s][info][gc,start       ] GC(1176) Pause Full (System.gc())
[551.379s][info][gc,phases,start] GC(1176) Phase 1: Mark live objects
[551.386s][info][gc,phases      ] GC(1176) Phase 1: Mark live objects 7.051ms
[551.386s][info][gc,phases,start] GC(1176) Phase 2: Compute new object addresses
[551.467s][info][gc,phases      ] GC(1176) Phase 2: Compute new object addresses 80.929ms
[551.467s][info][gc,phases,start] GC(1176) Phase 3: Adjust pointers
[551.471s][info][gc,phases      ] GC(1176) Phase 3: Adjust pointers 4.033ms
[551.471s][info][gc,phases,start] GC(1176) Phase 4: Move objects
[551.471s][info][gc,phases      ] GC(1176) Phase 4: Move objects 0.009ms
[551.471s][info][gc,heap        ] GC(1176) DefNew: 93468K(314560K)->0K(314560K) Eden: 93329K(279616K)->0K(279616K) From: 139K(34944K)->0K(34944K)
[551.471s][info][gc,heap        ] GC(1176) Tenured: 450006K(699072K)->6334K(699072K)
[551.471s][info][gc,metaspace   ] GC(1176) Metaspace: 16620K(16960K)->16620K(16960K) NonClass: 14290K(14464K)->14290K(14464K) Class: 2330K(2496K)->2330K(2496K)
[551.471s][info][gc             ] GC(1176) Pause Full (System.gc()) 530M->6M(989M) 92.355ms
[551.471s][info][gc,cpu         ] GC(1176) User=0.08s Sys=0.00s Real=0.09s
[552.747s][info][gc,start       ] GC(1177) Pause Young (Allocation Failure)
[552.748s][info][gc,heap        ] GC(1177) DefNew: 279616K(314560K)->233K(314560K) Eden: 279616K(279616K)->0K(279616K) From: 0K(34944K)->233K(34944K)
[552.748s][info][gc,heap        ] GC(1177) Tenured: 6334K(699072K)->6334K(699072K)
[552.748s][info][gc,metaspace   ] GC(1177) Metaspace: 16620K(16960K)->16620K(16960K) NonClass: 14290K(14464K)->14290K(14464K) Class: 2330K(2496K)->2330K(2496K)
[552.748s][info][gc             ] GC(1177) Pause Young (Allocation Failure) 279M->6M(989M) 1.068ms
[552.748s][info][gc,cpu         ] GC(1177) User=0.00s Sys=0.00s Real=0.00s
[552.792s][info][gc,start       ] GC(1178) Pause Young (Allocation Failure)
[552.793s][info][gc,heap        ] GC(1178) DefNew: 279849K(314560K)->246K(314560K) Eden: 279616K(279616K)->0K(279616K) From: 233K(34944K)->246K(34944K)
[552.793s][info][gc,heap        ] GC(1178) Tenured: 6334K(699072K)->6334K(699072K)
[552.793s][info][gc,metaspace   ] GC(1178) Metaspace: 16620K(16960K)->16620K(16960K) NonClass: 14290K(14464K)->14290K(14464K) Class: 2330K(2496K)->2330K(2496K)
[552.793s][info][gc             ] GC(1178) Pause Young (Allocation Failure) 279M->6M(989M) 0.832ms
[552.793s][info][gc,cpu         ] GC(1178) User=0.00s Sys=0.00s Real=0.00s
[552.836s][info][gc,start       ] GC(1179) Pause Young (Allocation Failure)
[552.837s][info][gc,heap        ] GC(1179) DefNew: 279862K(314560K)->226K(314560K) Eden: 279616K(279616K)->0K(279616K) From: 246K(34944K)->226K(34944K)
[552.837s][info][gc,heap        ] GC(1179) Tenured: 6334K(699072K)->6334K(699072K)
[552.837s][info][gc,metaspace   ] GC(1179) Metaspace: 16620K(16960K)->16620K(16960K) NonClass: 14290K(14464K)->14290K(14464K) Class: 2330K(2496K)->2330K(2496K)
[552.837s][info][gc             ] GC(1179) Pause Young (Allocation Failure) 279M->6M(989M) 0.758ms
[552.837s][info][gc,cpu         ] GC(1179) User=0.00s Sys=0.00s Real=0.00s
[552.882s][info][gc,start       ] GC(1180) Pause Young (Allocation Failure)
[552.883s][info][gc,heap        ] GC(1180) DefNew: 279842K(314560K)->227K(314560K) Eden: 279616K(279616K)->0K(279616K) From: 226K(34944K)->227K(34944K)
[552.883s][info][gc,heap        ] GC(1180) Tenured: 6334K(699072K)->6334K(699072K)
[552.883s][info][gc,metaspace   ] GC(1180) Metaspace: 16620K(16960K)->16620K(16960K) NonClass: 14290K(14464K)->14290K(14464K) Class: 2330K(2496K)->2330K(2496K)
[552.883s][info][gc             ] GC(1180) Pause Young (Allocation Failure) 279M->6M(989M) 0.760ms
[552.883s][info][gc,cpu         ] GC(1180) User=0.00s Sys=0.00s Real=0.00s
[552.927s][info][gc,start       ] GC(1181) Pause Young (Allocation Failure)
[552.928s][info][gc,heap        ] GC(1181) DefNew: 279843K(314560K)->246K(314560K) Eden: 279616K(279616K)->0K(279616K) From: 227K(34944K)->246K(34944K)
[552.928s][info][gc,heap        ] GC(1181) Tenured: 6334K(699072K)->6334K(699072K)
[552.928s][info][gc,metaspace   ] GC(1181) Metaspace: 16620K(16960K)->16620K(16960K) NonClass: 14290K(14464K)->14290K(14464K) Class: 2330K(2496K)->2330K(2496K)
[552.928s][info][gc             ] GC(1181) Pause Young (Allocation Failure) 279M->6M(989M) 0.781ms
[552.928s][info][gc,cpu         ] GC(1181) User=0.00s Sys=0.00s Real=0.00s
[552.972s][info][gc,start       ] GC(1182) Pause Young (Allocation Failure)
[552.973s][info][gc,heap        ] GC(1182) DefNew: 279862K(314560K)->230K(314560K) Eden: 279616K(279616K)->0K(279616K) From: 246K(34944K)->230K(34944K)
[552.973s][info][gc,heap        ] GC(1182) Tenured: 6334K(699072K)->6334K(699072K)
[552.973s][info][gc,metaspace   ] GC(1182) Metaspace: 16620K(16960K)->16620K(16960K) NonClass: 14290K(14464K)->14290K(14464K) Class: 2330K(2496K)->2330K(2496K)
[552.973s][info][gc             ] GC(1182) Pause Young (Allocation Failure) 279M->6M(989M) 0.797ms
[552.973s][info][gc,cpu         ] GC(1182) User=0.00s Sys=0.00s Real=0.00s
[553.017s][info][gc,start       ] GC(1183) Pause Young (Allocation Failure)
[553.018s][info][gc,heap        ] GC(1183) DefNew: 279846K(314560K)->236K(314560K) Eden: 279616K(279616K)->0K(279616K) From: 230K(34944K)->236K(34944K)
[553.018s][info][gc,heap        ] GC(1183) Tenured: 6334K(699072K)->6334K(699072K)
[553.018s][info][gc,metaspace   ] GC(1183) Metaspace: 16620K(16960K)->16620K(16960K) NonClass: 14290K(14464K)->14290K(14464K) Class: 2330K(2496K)->2330K(2496K)
[553.018s][info][gc             ] GC(1183) Pause Young (Allocation Failure) 279M->6M(989M) 0.727ms
[553.018s][info][gc,cpu         ] GC(1183) User=0.00s Sys=0.00s Real=0.00s
[553.062s][info][gc,start       ] GC(1184) Pause Young (Allocation Failure)
[553.063s][info][gc,heap        ] GC(1184) DefNew: 279852K(314560K)->233K(314560K) Eden: 279616K(279616K)->0K(279616K) From: 236K(34944K)->233K(34944K)
[553.063s][info][gc,heap        ] GC(1184) Tenured: 6334K(699072K)->6334K(699072K)
[553.063s][info][gc,metaspace   ] GC(1184) Metaspace: 16620K(16960K)->16620K(16960K) NonClass: 14290K(14464K)->14290K(14464K) Class: 2330K(2496K)->2330K(2496K)
[553.063s][info][gc             ] GC(1184) Pause Young (Allocation Failure) 279M->6M(989M) 0.810ms
[553.063s][info][gc,cpu         ] GC(1184) User=0.00s Sys=0.00s Real=0.00s
[553.108s][info][gc,start       ] GC(1185) Pause Young (Allocation Failure)
[553.109s][info][gc,heap        ] GC(1185) DefNew: 279849K(314560K)->223K(314560K) Eden: 279616K(279616K)->0K(279616K) From: 233K(34944K)->223K(34944K)
[553.109s][info][gc,heap        ] GC(1185) Tenured: 6334K(699072K)->6334K(699072K)
[553.109s][info][gc,metaspace   ] GC(1185) Metaspace: 16620K(16960K)->16620K(16960K) NonClass: 14290K(14464K)->14290K(14464K) Class: 2330K(2496K)->2330K(2496K)
[553.109s][info][gc             ] GC(1185) Pause Young (Allocation Failure) 279M->6M(989M) 0.826ms
[553.109s][info][gc,cpu         ] GC(1185) User=0.00s Sys=0.00s Real=0.00s
[553.154s][info][gc,start       ] GC(1186) Pause Young (Allocation Failure)
[553.154s][info][gc,heap        ] GC(1186) DefNew: 279839K(314560K)->196K(314560K) Eden: 279616K(279616K)->0K(279616K) From: 223K(34944K)->196K(34944K)
[553.154s][info][gc,heap        ] GC(1186) Tenured: 6334K(699072K)->6334K(699072K)
[553.154s][info][gc,metaspace   ] GC(1186) Metaspace: 16620K(16960K)->16620K(16960K) NonClass: 14290K(14464K)->14290K(14464K) Class: 2330K(2496K)->2330K(2496K)
[553.154s][info][gc             ] GC(1186) Pause Young (Allocation Failure) 279M->6M(989M) 0.741ms
[553.154s][info][gc,cpu         ] GC(1186) User=0.00s Sys=0.00s Real=0.00s
[553.238s][info][gc,start       ] GC(1187) Pause Young (Allocation Failure)
[553.434s][info][gc,heap        ] GC(1187) DefNew: 279812K(314560K)->34944K(314560K) Eden: 279616K(279616K)->0K(279616K) From: 196K(34944K)->34944K(34944K)
[553.434s][info][gc,heap        ] GC(1187) Tenured: 6334K(699072K)->49773K(699072K)
[553.434s][info][gc,metaspace   ] GC(1187) Metaspace: 16620K(16960K)->16620K(16960K) NonClass: 14290K(14464K)->14290K(14464K) Class: 2330K(2496K)->2330K(2496K)
[553.434s][info][gc             ] GC(1187) Pause Young (Allocation Failure) 279M->82M(989M) 195.424ms
[553.434s][info][gc,cpu         ] GC(1187) User=0.19s Sys=0.00s Real=0.19s
[553.604s][info][gc,start       ] GC(1188) Pause Young (Allocation Failure)
[554.196s][info][gc,heap        ] GC(1188) DefNew: 314560K(314560K)->34944K(314560K) Eden: 279616K(279616K)->0K(279616K) From: 34944K(34944K)->34944K(34944K)
[554.196s][info][gc,heap        ] GC(1188) Tenured: 49773K(699072K)->234037K(699072K)
[554.196s][info][gc,metaspace   ] GC(1188) Metaspace: 16620K(16960K)->16620K(16960K) NonClass: 14290K(14464K)->14290K(14464K) Class: 2330K(2496K)->2330K(2496K)
[554.196s][info][gc             ] GC(1188) Pause Young (Allocation Failure) 355M->262M(989M) 592.231ms
[554.196s][info][gc,cpu         ] GC(1188) User=0.58s Sys=0.00s Real=0.60s
[554.412s][info][gc,start       ] GC(1189) Pause Young (Allocation Failure)
[554.958s][info][gc,heap        ] GC(1189) DefNew: 314560K(314560K)->34943K(314560K) Eden: 279616K(279616K)->0K(279616K) From: 34944K(34944K)->34943K(34944K)
[554.958s][info][gc,heap        ] GC(1189) Tenured: 234037K(699072K)->407761K(699072K)
[554.958s][info][gc,metaspace   ] GC(1189) Metaspace: 16620K(16960K)->16620K(16960K) NonClass: 14290K(14464K)->14290K(14464K) Class: 2330K(2496K)->2330K(2496K)
[554.958s][info][gc             ] GC(1189) Pause Young (Allocation Failure) 535M->432M(989M) 545.949ms
[554.958s][info][gc,cpu         ] GC(1189) User=0.56s Sys=0.00s Real=0.55s
[557.202s][info][gc,start       ] GC(1190) Pause Young (Allocation Failure)
[557.581s][info][gc,heap        ] GC(1190) DefNew: 314559K(314560K)->34943K(314560K) Eden: 279616K(279616K)->0K(279616K) From: 34943K(34944K)->34943K(34944K)
[557.581s][info][gc,heap        ] GC(1190) Tenured: 407761K(699072K)->495512K(699072K)
[557.581s][info][gc,metaspace   ] GC(1190) Metaspace: 16620K(16960K)->16620K(16960K) NonClass: 14290K(14464K)->14290K(14464K) Class: 2330K(2496K)->2330K(2496K)
[557.581s][info][gc             ] GC(1190) Pause Young (Allocation Failure) 705M->518M(989M) 378.931ms
[557.581s][info][gc,cpu         ] GC(1190) User=0.34s Sys=0.00s Real=0.38s
[557.718s][info][gc,start       ] GC(1191) Pause Young (Allocation Failure)
[557.718s][info][gc             ] GC(1191) Pause Young (Allocation Failure) 791M->791M(989M) 0.144ms
[557.718s][info][gc,cpu         ] GC(1191) User=0.00s Sys=0.00s Real=0.00s
[557.718s][info][gc,start       ] GC(1192) Pause Full (Allocation Failure)
[557.718s][info][gc,phases,start] GC(1192) Phase 1: Mark live objects
[557.953s][info][gc,phases      ] GC(1192) Phase 1: Mark live objects 234.844ms
[557.953s][info][gc,phases,start] GC(1192) Phase 2: Compute new object addresses
[558.079s][info][gc,phases      ] GC(1192) Phase 2: Compute new object addresses 125.619ms
[558.079s][info][gc,phases,start] GC(1192) Phase 3: Adjust pointers
[558.197s][info][gc,phases      ] GC(1192) Phase 3: Adjust pointers 118.066ms
[558.197s][info][gc,phases,start] GC(1192) Phase 4: Move objects
[558.278s][info][gc,phases      ] GC(1192) Phase 4: Move objects 81.076ms
[558.278s][info][gc,heap        ] GC(1192) DefNew: 314559K(314560K)->0K(314560K) Eden: 279616K(279616K)->0K(279616K) From: 34943K(34944K)->0K(34944K)
[558.278s][info][gc,heap        ] GC(1192) Tenured: 495512K(699072K)->211553K(699072K)
[558.278s][info][gc,metaspace   ] GC(1192) Metaspace: 16620K(16960K)->16620K(16960K) NonClass: 14290K(14464K)->14290K(14464K) Class: 2330K(2496K)->2330K(2496K)
[558.278s][info][gc             ] GC(1192) Pause Full (Allocation Failure) 791M->206M(989M) 560.120ms
[558.278s][info][gc,cpu         ] GC(1192) User=0.56s Sys=0.00s Real=0.57s
[558.423s][info][gc,start       ] GC(1193) Pause Young (Allocation Failure)
[558.708s][info][gc,heap        ] GC(1193) DefNew: 279616K(314560K)->34944K(314560K) Eden: 279616K(279616K)->0K(279616K) From: 0K(34944K)->34944K(34944K)
[558.708s][info][gc,heap        ] GC(1193) Tenured: 211553K(699072K)->294236K(699072K)
[558.708s][info][gc,metaspace   ] GC(1193) Metaspace: 16620K(16960K)->16620K(16960K) NonClass: 14290K(14464K)->14290K(14464K) Class: 2330K(2496K)->2330K(2496K)
[558.708s][info][gc             ] GC(1193) Pause Young (Allocation Failure) 479M->321M(989M) 285.265ms
[558.708s][info][gc,cpu         ] GC(1193) User=0.27s Sys=0.00s Real=0.30s
[558.868s][info][gc,start       ] GC(1194) Pause Young (Allocation Failure)
[559.336s][info][gc,heap        ] GC(1194) DefNew: 314560K(314560K)->34944K(314560K) Eden: 279616K(279616K)->0K(279616K) From: 34944K(34944K)->34944K(34944K)
[559.336s][info][gc,heap        ] GC(1194) Tenured: 294236K(699072K)->422194K(699072K)
[559.336s][info][gc,metaspace   ] GC(1194) Metaspace: 16620K(16960K)->16620K(16960K) NonClass: 14290K(14464K)->14290K(14464K) Class: 2330K(2496K)->2330K(2496K)
[559.336s][info][gc             ] GC(1194) Pause Young (Allocation Failure) 594M->446M(989M) 468.839ms
[559.336s][info][gc,cpu         ] GC(1194) User=0.45s Sys=0.00s Real=0.47s
[559.797s][info][gc,start       ] GC(1195) Pause Young (Allocation Failure)
[560.002s][info][gc,heap        ] GC(1195) DefNew: 314560K(314560K)->26119K(314560K) Eden: 279616K(279616K)->0K(279616K) From: 34944K(34944K)->26119K(34944K)
[560.002s][info][gc,heap        ] GC(1195) Tenured: 422194K(699072K)->447112K(699072K)
[560.002s][info][gc,metaspace   ] GC(1195) Metaspace: 16620K(16960K)->16620K(16960K) NonClass: 14290K(14464K)->14290K(14464K) Class: 2330K(2496K)->2330K(2496K)
[560.002s][info][gc             ] GC(1195) Pause Young (Allocation Failure) 719M->462M(989M) 205.390ms
[560.002s][info][gc,cpu         ] GC(1195) User=0.19s Sys=0.00s Real=0.20s
[560.368s][info][gc,start       ] GC(1196) Pause Young (Allocation Failure)
[560.398s][info][gc,heap        ] GC(1196) DefNew: 305735K(314560K)->147K(314560K) Eden: 279616K(279616K)->0K(279616K) From: 26119K(34944K)->147K(34944K)
[560.398s][info][gc,heap        ] GC(1196) Tenured: 447112K(699072K)->449826K(699072K)
[560.398s][info][gc,metaspace   ] GC(1196) Metaspace: 16620K(16960K)->16620K(16960K) NonClass: 14290K(14464K)->14290K(14464K) Class: 2330K(2496K)->2330K(2496K)
[560.398s][info][gc             ] GC(1196) Pause Young (Allocation Failure) 735M->439M(989M) 29.768ms
[560.398s][info][gc,cpu         ] GC(1196) User=0.02s Sys=0.00s Real=0.03s
[561.069s][info][gc,start       ] GC(1197) Pause Full (System.gc())
[561.069s][info][gc,phases,start] GC(1197) Phase 1: Mark live objects
[561.076s][info][gc,phases      ] GC(1197) Phase 1: Mark live objects 6.918ms
[561.076s][info][gc,phases,start] GC(1197) Phase 2: Compute new object addresses
[561.156s][info][gc,phases      ] GC(1197) Phase 2: Compute new object addresses 80.702ms
[561.156s][info][gc,phases,start] GC(1197) Phase 3: Adjust pointers
[561.160s][info][gc,phases      ] GC(1197) Phase 3: Adjust pointers 4.042ms
[561.160s][info][gc,phases,start] GC(1197) Phase 4: Move objects
[561.160s][info][gc,phases      ] GC(1197) Phase 4: Move objects 0.009ms
[561.161s][info][gc,heap        ] GC(1197) DefNew: 93129K(314560K)->0K(314560K) Eden: 92981K(279616K)->0K(279616K) From: 147K(34944K)->0K(34944K)
[561.161s][info][gc,heap        ] GC(1197) Tenured: 449826K(699072K)->6334K(699072K)
[561.161s][info][gc,metaspace   ] GC(1197) Metaspace: 16620K(16960K)->16620K(16960K) NonClass: 14290K(14464K)->14290K(14464K) Class: 2330K(2496K)->2330K(2496K)
[561.161s][info][gc             ] GC(1197) Pause Full (System.gc()) 530M->6M(989M) 92.043ms
[561.161s][info][gc,cpu         ] GC(1197) User=0.08s Sys=0.00s Real=0.08s
[562.433s][info][gc,start       ] GC(1198) Pause Young (Allocation Failure)
[562.434s][info][gc,heap        ] GC(1198) DefNew: 279616K(314560K)->249K(314560K) Eden: 279616K(279616K)->0K(279616K) From: 0K(34944K)->249K(34944K)
[562.434s][info][gc,heap        ] GC(1198) Tenured: 6334K(699072K)->6334K(699072K)
[562.434s][info][gc,metaspace   ] GC(1198) Metaspace: 16620K(16960K)->16620K(16960K) NonClass: 14290K(14464K)->14290K(14464K) Class: 2330K(2496K)->2330K(2496K)
[562.434s][info][gc             ] GC(1198) Pause Young (Allocation Failure) 279M->6M(989M) 1.158ms
[562.434s][info][gc,cpu         ] GC(1198) User=0.00s Sys=0.00s Real=0.00s
[562.480s][info][gc,start       ] GC(1199) Pause Young (Allocation Failure)
[562.481s][info][gc,heap        ] GC(1199) DefNew: 279865K(314560K)->251K(314560K) Eden: 279616K(279616K)->0K(279616K) From: 249K(34944K)->251K(34944K)
[562.481s][info][gc,heap        ] GC(1199) Tenured: 6334K(699072K)->6334K(699072K)
[562.481s][info][gc,metaspace   ] GC(1199) Metaspace: 16620K(16960K)->16620K(16960K) NonClass: 14290K(14464K)->14290K(14464K) Class: 2330K(2496K)->2330K(2496K)
[562.481s][info][gc             ] GC(1199) Pause Young (Allocation Failure) 279M->6M(989M) 0.909ms
[562.481s][info][gc,cpu         ] GC(1199) User=0.00s Sys=0.00s Real=0.00s
[562.525s][info][gc,start       ] GC(1200) Pause Young (Allocation Failure)
[562.526s][info][gc,heap        ] GC(1200) DefNew: 279867K(314560K)->251K(314560K) Eden: 279616K(279616K)->0K(279616K) From: 251K(34944K)->251K(34944K)
[562.526s][info][gc,heap        ] GC(1200) Tenured: 6334K(699072K)->6334K(699072K)
[562.526s][info][gc,metaspace   ] GC(1200) Metaspace: 16620K(16960K)->16620K(16960K) NonClass: 14290K(14464K)->14290K(14464K) Class: 2330K(2496K)->2330K(2496K)
[562.526s][info][gc             ] GC(1200) Pause Young (Allocation Failure) 279M->6M(989M) 0.811ms
[562.526s][info][gc,cpu         ] GC(1200) User=0.00s Sys=0.00s Real=0.00s
[562.572s][info][gc,start       ] GC(1201) Pause Young (Allocation Failure)
[562.573s][info][gc,heap        ] GC(1201) DefNew: 279867K(314560K)->250K(314560K) Eden: 279616K(279616K)->0K(279616K) From: 251K(34944K)->250K(34944K)
[562.573s][info][gc,heap        ] GC(1201) Tenured: 6334K(699072K)->6334K(699072K)
[562.573s][info][gc,metaspace   ] GC(1201) Metaspace: 16620K(16960K)->16620K(16960K) NonClass: 14290K(14464K)->14290K(14464K) Class: 2330K(2496K)->2330K(2496K)
[562.573s][info][gc             ] GC(1201) Pause Young (Allocation Failure) 279M->6M(989M) 0.848ms
[562.573s][info][gc,cpu         ] GC(1201) User=0.00s Sys=0.00s Real=0.00s
[562.617s][info][gc,start       ] GC(1202) Pause Young (Allocation Failure)
[562.618s][info][gc,heap        ] GC(1202) DefNew: 279866K(314560K)->249K(314560K) Eden: 279616K(279616K)->0K(279616K) From: 250K(34944K)->249K(34944K)
[562.618s][info][gc,heap        ] GC(1202) Tenured: 6334K(699072K)->6334K(699072K)
[562.618s][info][gc,metaspace   ] GC(1202) Metaspace: 16620K(16960K)->16620K(16960K) NonClass: 14290K(14464K)->14290K(14464K) Class: 2330K(2496K)->2330K(2496K)
[562.618s][info][gc             ] GC(1202) Pause Young (Allocation Failure) 279M->6M(989M) 0.853ms
[562.618s][info][gc,cpu         ] GC(1202) User=0.00s Sys=0.00s Real=0.00s
[562.662s][info][gc,start       ] GC(1203) Pause Young (Allocation Failure)
[562.663s][info][gc,heap        ] GC(1203) DefNew: 279865K(314560K)->245K(314560K) Eden: 279616K(279616K)->0K(279616K) From: 249K(34944K)->245K(34944K)
[562.663s][info][gc,heap        ] GC(1203) Tenured: 6334K(699072K)->6334K(699072K)
[562.663s][info][gc,metaspace   ] GC(1203) Metaspace: 16620K(16960K)->16620K(16960K) NonClass: 14290K(14464K)->14290K(14464K) Class: 2330K(2496K)->2330K(2496K)
[562.663s][info][gc             ] GC(1203) Pause Young (Allocation Failure) 279M->6M(989M) 0.827ms
[562.663s][info][gc,cpu         ] GC(1203) User=0.00s Sys=0.00s Real=0.00s
[562.707s][info][gc,start       ] GC(1204) Pause Young (Allocation Failure)
[562.708s][info][gc,heap        ] GC(1204) DefNew: 279861K(314560K)->225K(314560K) Eden: 279616K(279616K)->0K(279616K) From: 245K(34944K)->225K(34944K)
[562.708s][info][gc,heap        ] GC(1204) Tenured: 6334K(699072K)->6334K(699072K)
[562.708s][info][gc,metaspace   ] GC(1204) Metaspace: 16620K(16960K)->16620K(16960K) NonClass: 14290K(14464K)->14290K(14464K) Class: 2330K(2496K)->2330K(2496K)
[562.708s][info][gc             ] GC(1204) Pause Young (Allocation Failure) 279M->6M(989M) 0.763ms
[562.708s][info][gc,cpu         ] GC(1204) User=0.00s Sys=0.00s Real=0.00s
[562.752s][info][gc,start       ] GC(1205) Pause Young (Allocation Failure)
[562.753s][info][gc,heap        ] GC(1205) DefNew: 279841K(314560K)->254K(314560K) Eden: 279616K(279616K)->0K(279616K) From: 225K(34944K)->254K(34944K)
[562.753s][info][gc,heap        ] GC(1205) Tenured: 6334K(699072K)->6334K(699072K)
[562.753s][info][gc,metaspace   ] GC(1205) Metaspace: 16620K(16960K)->16620K(16960K) NonClass: 14290K(14464K)->14290K(14464K) Class: 2330K(2496K)->2330K(2496K)
[562.753s][info][gc             ] GC(1205) Pause Young (Allocation Failure) 279M->6M(989M) 0.778ms
[562.753s][info][gc,cpu         ] GC(1205) User=0.00s Sys=0.00s Real=0.00s
[562.798s][info][gc,start       ] GC(1206) Pause Young (Allocation Failure)
[562.799s][info][gc,heap        ] GC(1206) DefNew: 279870K(314560K)->247K(314560K) Eden: 279616K(279616K)->0K(279616K) From: 254K(34944K)->247K(34944K)
[562.799s][info][gc,heap        ] GC(1206) Tenured: 6334K(699072K)->6334K(699072K)
[562.799s][info][gc,metaspace   ] GC(1206) Metaspace: 16620K(16960K)->16620K(16960K) NonClass: 14290K(14464K)->14290K(14464K) Class: 2330K(2496K)->2330K(2496K)
[562.799s][info][gc             ] GC(1206) Pause Young (Allocation Failure) 279M->6M(989M) 0.785ms
[562.799s][info][gc,cpu         ] GC(1206) User=0.00s Sys=0.00s Real=0.00s
[562.845s][info][gc,start       ] GC(1207) Pause Young (Allocation Failure)
[562.845s][info][gc,heap        ] GC(1207) DefNew: 279863K(314560K)->227K(314560K) Eden: 279616K(279616K)->0K(279616K) From: 247K(34944K)->227K(34944K)
[562.845s][info][gc,heap        ] GC(1207) Tenured: 6334K(699072K)->6334K(699072K)
[562.845s][info][gc,metaspace   ] GC(1207) Metaspace: 16620K(16960K)->16620K(16960K) NonClass: 14290K(14464K)->14290K(14464K) Class: 2330K(2496K)->2330K(2496K)
[562.845s][info][gc             ] GC(1207) Pause Young (Allocation Failure) 279M->6M(989M) 0.764ms
[562.846s][info][gc,cpu         ] GC(1207) User=0.00s Sys=0.00s Real=0.00s
[562.923s][info][gc,start       ] GC(1208) Pause Young (Allocation Failure)
[563.111s][info][gc,heap        ] GC(1208) DefNew: 279843K(314560K)->34943K(314560K) Eden: 279616K(279616K)->0K(279616K) From: 227K(34944K)->34943K(34944K)
[563.111s][info][gc,heap        ] GC(1208) Tenured: 6334K(699072K)->47693K(699072K)
[563.111s][info][gc,metaspace   ] GC(1208) Metaspace: 16620K(16960K)->16620K(16960K) NonClass: 14290K(14464K)->14290K(14464K) Class: 2330K(2496K)->2330K(2496K)
[563.111s][info][gc             ] GC(1208) Pause Young (Allocation Failure) 279M->80M(989M) 187.821ms
[563.111s][info][gc,cpu         ] GC(1208) User=0.19s Sys=0.00s Real=0.19s
[563.287s][info][gc,start       ] GC(1209) Pause Young (Allocation Failure)
[563.883s][info][gc,heap        ] GC(1209) DefNew: 314559K(314560K)->34944K(314560K) Eden: 279616K(279616K)->0K(279616K) From: 34943K(34944K)->34944K(34944K)
[563.883s][info][gc,heap        ] GC(1209) Tenured: 47693K(699072K)->232416K(699072K)
[563.883s][info][gc,metaspace   ] GC(1209) Metaspace: 16620K(16960K)->16620K(16960K) NonClass: 14290K(14464K)->14290K(14464K) Class: 2330K(2496K)->2330K(2496K)
[563.883s][info][gc             ] GC(1209) Pause Young (Allocation Failure) 353M->261M(989M) 596.098ms
[563.883s][info][gc,cpu         ] GC(1209) User=0.58s Sys=0.00s Real=0.60s
[564.086s][info][gc,start       ] GC(1210) Pause Young (Allocation Failure)
[564.635s][info][gc,heap        ] GC(1210) DefNew: 314560K(314560K)->34943K(314560K) Eden: 279616K(279616K)->0K(279616K) From: 34944K(34944K)->34943K(34944K)
[564.635s][info][gc,heap        ] GC(1210) Tenured: 232416K(699072K)->408471K(699072K)
[564.635s][info][gc,metaspace   ] GC(1210) Metaspace: 16620K(16960K)->16620K(16960K) NonClass: 14290K(14464K)->14290K(14464K) Class: 2330K(2496K)->2330K(2496K)
[564.635s][info][gc             ] GC(1210) Pause Young (Allocation Failure) 534M->433M(989M) 548.768ms
[564.635s][info][gc,cpu         ] GC(1210) User=0.55s Sys=0.00s Real=0.55s
[566.897s][info][gc,start       ] GC(1211) Pause Young (Allocation Failure)
[567.271s][info][gc,heap        ] GC(1211) DefNew: 314559K(314560K)->34943K(314560K) Eden: 279616K(279616K)->0K(279616K) From: 34943K(34944K)->34943K(34944K)
[567.271s][info][gc,heap        ] GC(1211) Tenured: 408471K(699072K)->494559K(699072K)
[567.271s][info][gc,metaspace   ] GC(1211) Metaspace: 16620K(16960K)->16620K(16960K) NonClass: 14290K(14464K)->14290K(14464K) Class: 2330K(2496K)->2330K(2496K)
[567.271s][info][gc             ] GC(1211) Pause Young (Allocation Failure) 706M->517M(989M) 374.186ms
[567.271s][info][gc,cpu         ] GC(1211) User=0.38s Sys=0.00s Real=0.38s
[567.411s][info][gc,start       ] GC(1212) Pause Young (Allocation Failure)
[567.411s][info][gc             ] GC(1212) Pause Young (Allocation Failure) 790M->790M(989M) 0.117ms
[567.411s][info][gc,cpu         ] GC(1212) User=0.00s Sys=0.00s Real=0.00s
[567.411s][info][gc,start       ] GC(1213) Pause Full (Allocation Failure)
[567.411s][info][gc,phases,start] GC(1213) Phase 1: Mark live objects
[567.642s][info][gc,phases      ] GC(1213) Phase 1: Mark live objects 231.083ms
[567.642s][info][gc,phases,start] GC(1213) Phase 2: Compute new object addresses
[567.770s][info][gc,phases      ] GC(1213) Phase 2: Compute new object addresses 127.091ms
[567.770s][info][gc,phases,start] GC(1213) Phase 3: Adjust pointers
[567.887s][info][gc,phases      ] GC(1213) Phase 3: Adjust pointers 116.998ms
[567.887s][info][gc,phases,start] GC(1213) Phase 4: Move objects
[567.968s][info][gc,phases      ] GC(1213) Phase 4: Move objects 81.758ms
[567.969s][info][gc,heap        ] GC(1213) DefNew: 314559K(314560K)->0K(314560K) Eden: 279616K(279616K)->0K(279616K) From: 34943K(34944K)->0K(34944K)
[567.969s][info][gc,heap        ] GC(1213) Tenured: 494559K(699072K)->209713K(699072K)
[567.969s][info][gc,metaspace   ] GC(1213) Metaspace: 16620K(16960K)->16620K(16960K) NonClass: 14290K(14464K)->14290K(14464K) Class: 2330K(2496K)->2330K(2496K)
[567.969s][info][gc             ] GC(1213) Pause Full (Allocation Failure) 790M->204M(989M) 557.427ms
[567.969s][info][gc,cpu         ] GC(1213) User=0.53s Sys=0.00s Real=0.56s
[568.110s][info][gc,start       ] GC(1214) Pause Young (Allocation Failure)
[568.397s][info][gc,heap        ] GC(1214) DefNew: 279616K(314560K)->34943K(314560K) Eden: 279616K(279616K)->0K(279616K) From: 0K(34944K)->34943K(34944K)
[568.397s][info][gc,heap        ] GC(1214) Tenured: 209713K(699072K)->292402K(699072K)
[568.397s][info][gc,metaspace   ] GC(1214) Metaspace: 16620K(16960K)->16620K(16960K) NonClass: 14290K(14464K)->14290K(14464K) Class: 2330K(2496K)->2330K(2496K)
[568.397s][info][gc             ] GC(1214) Pause Young (Allocation Failure) 477M->319M(989M) 287.549ms
[568.397s][info][gc,cpu         ] GC(1214) User=0.30s Sys=0.00s Real=0.28s
[568.556s][info][gc,start       ] GC(1215) Pause Young (Allocation Failure)
[569.006s][info][gc,heap        ] GC(1215) DefNew: 314559K(314560K)->34943K(314560K) Eden: 279616K(279616K)->0K(279616K) From: 34943K(34944K)->34943K(34944K)
[569.006s][info][gc,heap        ] GC(1215) Tenured: 292402K(699072K)->418995K(699072K)
[569.006s][info][gc,metaspace   ] GC(1215) Metaspace: 16620K(16960K)->16620K(16960K) NonClass: 14290K(14464K)->14290K(14464K) Class: 2330K(2496K)->2330K(2496K)
[569.006s][info][gc             ] GC(1215) Pause Young (Allocation Failure) 592M->443M(989M) 450.759ms
[569.006s][info][gc,cpu         ] GC(1215) User=0.44s Sys=0.00s Real=0.45s
[569.470s][info][gc,start       ] GC(1216) Pause Young (Allocation Failure)
[569.683s][info][gc,heap        ] GC(1216) DefNew: 314559K(314560K)->29271K(314560K) Eden: 279616K(279616K)->0K(279616K) From: 34943K(34944K)->29271K(34944K)
[569.683s][info][gc,heap        ] GC(1216) Tenured: 418995K(699072K)->444112K(699072K)
[569.683s][info][gc,metaspace   ] GC(1216) Metaspace: 16620K(16960K)->16620K(16960K) NonClass: 14290K(14464K)->14290K(14464K) Class: 2330K(2496K)->2330K(2496K)
[569.683s][info][gc             ] GC(1216) Pause Young (Allocation Failure) 716M->462M(989M) 213.071ms
[569.683s][info][gc,cpu         ] GC(1216) User=0.20s Sys=0.00s Real=0.22s
[570.048s][info][gc,start       ] GC(1217) Pause Young (Allocation Failure)
[570.091s][info][gc,heap        ] GC(1217) DefNew: 308887K(314560K)->283K(314560K) Eden: 279616K(279616K)->0K(279616K) From: 29271K(34944K)->283K(34944K)
[570.091s][info][gc,heap        ] GC(1217) Tenured: 444112K(699072K)->447277K(699072K)
[570.091s][info][gc,metaspace   ] GC(1217) Metaspace: 16620K(16960K)->16620K(16960K) NonClass: 14290K(14464K)->14290K(14464K) Class: 2330K(2496K)->2330K(2496K)
[570.091s][info][gc             ] GC(1217) Pause Young (Allocation Failure) 735M->437M(989M) 43.649ms
[570.091s][info][gc,cpu         ] GC(1217) User=0.03s Sys=0.00s Real=0.05s
[570.778s][info][gc,start       ] GC(1218) Pause Full (System.gc())
[570.778s][info][gc,phases,start] GC(1218) Phase 1: Mark live objects
[570.785s][info][gc,phases      ] GC(1218) Phase 1: Mark live objects 7.110ms
[570.785s][info][gc,phases,start] GC(1218) Phase 2: Compute new object addresses
[570.866s][info][gc,phases      ] GC(1218) Phase 2: Compute new object addresses 81.427ms
[570.866s][info][gc,phases,start] GC(1218) Phase 3: Adjust pointers
[570.870s][info][gc,phases      ] GC(1218) Phase 3: Adjust pointers 4.070ms
[570.870s][info][gc,phases,start] GC(1218) Phase 4: Move objects
[570.870s][info][gc,phases      ] GC(1218) Phase 4: Move objects 0.010ms
[570.870s][info][gc,heap        ] GC(1218) DefNew: 97156K(314560K)->0K(314560K) Eden: 96873K(279616K)->0K(279616K) From: 283K(34944K)->0K(34944K)
[570.870s][info][gc,heap        ] GC(1218) Tenured: 447277K(699072K)->6334K(699072K)
[570.870s][info][gc,metaspace   ] GC(1218) Metaspace: 16620K(16960K)->16620K(16960K) NonClass: 14290K(14464K)->14290K(14464K) Class: 2330K(2496K)->2330K(2496K)
[570.870s][info][gc             ] GC(1218) Pause Full (System.gc()) 531M->6M(989M) 92.950ms
[570.870s][info][gc,cpu         ] GC(1218) User=0.08s Sys=0.00s Real=0.10s
[572.154s][info][gc,start       ] GC(1219) Pause Young (Allocation Failure)
[572.155s][info][gc,heap        ] GC(1219) DefNew: 279616K(314560K)->227K(314560K) Eden: 279616K(279616K)->0K(279616K) From: 0K(34944K)->227K(34944K)
[572.155s][info][gc,heap        ] GC(1219) Tenured: 6334K(699072K)->6334K(699072K)
[572.155s][info][gc,metaspace   ] GC(1219) Metaspace: 16620K(16960K)->16620K(16960K) NonClass: 14290K(14464K)->14290K(14464K) Class: 2330K(2496K)->2330K(2496K)
[572.155s][info][gc             ] GC(1219) Pause Young (Allocation Failure) 279M->6M(989M) 1.050ms
[572.155s][info][gc,cpu         ] GC(1219) User=0.00s Sys=0.00s Real=0.00s
[572.198s][info][gc,start       ] GC(1220) Pause Young (Allocation Failure)
[572.199s][info][gc,heap        ] GC(1220) DefNew: 279843K(314560K)->243K(314560K) Eden: 279616K(279616K)->0K(279616K) From: 227K(34944K)->243K(34944K)
[572.199s][info][gc,heap        ] GC(1220) Tenured: 6334K(699072K)->6334K(699072K)
[572.199s][info][gc,metaspace   ] GC(1220) Metaspace: 16620K(16960K)->16620K(16960K) NonClass: 14290K(14464K)->14290K(14464K) Class: 2330K(2496K)->2330K(2496K)
[572.199s][info][gc             ] GC(1220) Pause Young (Allocation Failure) 279M->6M(989M) 0.857ms
[572.199s][info][gc,cpu         ] GC(1220) User=0.00s Sys=0.00s Real=0.00s
[572.243s][info][gc,start       ] GC(1221) Pause Young (Allocation Failure)
[572.244s][info][gc,heap        ] GC(1221) DefNew: 279859K(314560K)->243K(314560K) Eden: 279616K(279616K)->0K(279616K) From: 243K(34944K)->243K(34944K)
[572.244s][info][gc,heap        ] GC(1221) Tenured: 6334K(699072K)->6334K(699072K)
[572.244s][info][gc,metaspace   ] GC(1221) Metaspace: 16620K(16960K)->16620K(16960K) NonClass: 14290K(14464K)->14290K(14464K) Class: 2330K(2496K)->2330K(2496K)
[572.244s][info][gc             ] GC(1221) Pause Young (Allocation Failure) 279M->6M(989M) 0.939ms
[572.244s][info][gc,cpu         ] GC(1221) User=0.00s Sys=0.00s Real=0.00s
[572.290s][info][gc,start       ] GC(1222) Pause Young (Allocation Failure)
[572.291s][info][gc,heap        ] GC(1222) DefNew: 279859K(314560K)->240K(314560K) Eden: 279616K(279616K)->0K(279616K) From: 243K(34944K)->240K(34944K)
[572.291s][info][gc,heap        ] GC(1222) Tenured: 6334K(699072K)->6334K(699072K)
[572.291s][info][gc,metaspace   ] GC(1222) Metaspace: 16620K(16960K)->16620K(16960K) NonClass: 14290K(14464K)->14290K(14464K) Class: 2330K(2496K)->2330K(2496K)
[572.291s][info][gc             ] GC(1222) Pause Young (Allocation Failure) 279M->6M(989M) 0.822ms
[572.291s][info][gc,cpu         ] GC(1222) User=0.00s Sys=0.00s Real=0.00s
[572.335s][info][gc,start       ] GC(1223) Pause Young (Allocation Failure)
[572.336s][info][gc,heap        ] GC(1223) DefNew: 279856K(314560K)->249K(314560K) Eden: 279616K(279616K)->0K(279616K) From: 240K(34944K)->249K(34944K)
[572.336s][info][gc,heap        ] GC(1223) Tenured: 6334K(699072K)->6334K(699072K)
[572.336s][info][gc,metaspace   ] GC(1223) Metaspace: 16620K(16960K)->16620K(16960K) NonClass: 14290K(14464K)->14290K(14464K) Class: 2330K(2496K)->2330K(2496K)
[572.336s][info][gc             ] GC(1223) Pause Young (Allocation Failure) 279M->6M(989M) 1.014ms
[572.336s][info][gc,cpu         ] GC(1223) User=0.00s Sys=0.00s Real=0.00s
[572.385s][info][gc,start       ] GC(1224) Pause Young (Allocation Failure)
[572.386s][info][gc,heap        ] GC(1224) DefNew: 279865K(314560K)->226K(314560K) Eden: 279616K(279616K)->0K(279616K) From: 249K(34944K)->226K(34944K)
[572.386s][info][gc,heap        ] GC(1224) Tenured: 6334K(699072K)->6334K(699072K)
[572.386s][info][gc,metaspace   ] GC(1224) Metaspace: 16620K(16960K)->16620K(16960K) NonClass: 14290K(14464K)->14290K(14464K) Class: 2330K(2496K)->2330K(2496K)
[572.386s][info][gc             ] GC(1224) Pause Young (Allocation Failure) 279M->6M(989M) 0.822ms
[572.386s][info][gc,cpu         ] GC(1224) User=0.00s Sys=0.00s Real=0.00s
[572.431s][info][gc,start       ] GC(1225) Pause Young (Allocation Failure)
[572.432s][info][gc,heap        ] GC(1225) DefNew: 279842K(314560K)->241K(314560K) Eden: 279616K(279616K)->0K(279616K) From: 226K(34944K)->241K(34944K)
[572.432s][info][gc,heap        ] GC(1225) Tenured: 6334K(699072K)->6334K(699072K)
[572.432s][info][gc,metaspace   ] GC(1225) Metaspace: 16620K(16960K)->16620K(16960K) NonClass: 14290K(14464K)->14290K(14464K) Class: 2330K(2496K)->2330K(2496K)
[572.432s][info][gc             ] GC(1225) Pause Young (Allocation Failure) 279M->6M(989M) 0.781ms
[572.432s][info][gc,cpu         ] GC(1225) User=0.00s Sys=0.00s Real=0.00s
[572.477s][info][gc,start       ] GC(1226) Pause Young (Allocation Failure)
[572.478s][info][gc,heap        ] GC(1226) DefNew: 279857K(314560K)->238K(314560K) Eden: 279616K(279616K)->0K(279616K) From: 241K(34944K)->238K(34944K)
[572.478s][info][gc,heap        ] GC(1226) Tenured: 6334K(699072K)->6334K(699072K)
[572.478s][info][gc,metaspace   ] GC(1226) Metaspace: 16620K(16960K)->16620K(16960K) NonClass: 14290K(14464K)->14290K(14464K) Class: 2330K(2496K)->2330K(2496K)
[572.478s][info][gc             ] GC(1226) Pause Young (Allocation Failure) 279M->6M(989M) 0.907ms
[572.478s][info][gc,cpu         ] GC(1226) User=0.00s Sys=0.00s Real=0.00s
[572.523s][info][gc,start       ] GC(1227) Pause Young (Allocation Failure)
[572.523s][info][gc,heap        ] GC(1227) DefNew: 279854K(314560K)->206K(314560K) Eden: 279616K(279616K)->0K(279616K) From: 238K(34944K)->206K(34944K)
[572.523s][info][gc,heap        ] GC(1227) Tenured: 6334K(699072K)->6334K(699072K)
[572.523s][info][gc,metaspace   ] GC(1227) Metaspace: 16620K(16960K)->16620K(16960K) NonClass: 14290K(14464K)->14290K(14464K) Class: 2330K(2496K)->2330K(2496K)
[572.523s][info][gc             ] GC(1227) Pause Young (Allocation Failure) 279M->6M(989M) 0.812ms
[572.523s][info][gc,cpu         ] GC(1227) User=0.00s Sys=0.00s Real=0.00s
[572.570s][info][gc,start       ] GC(1228) Pause Young (Allocation Failure)
[572.570s][info][gc,heap        ] GC(1228) DefNew: 279822K(314560K)->213K(314560K) Eden: 279616K(279616K)->0K(279616K) From: 206K(34944K)->213K(34944K)
[572.570s][info][gc,heap        ] GC(1228) Tenured: 6334K(699072K)->6334K(699072K)
[572.570s][info][gc,metaspace   ] GC(1228) Metaspace: 16620K(16960K)->16620K(16960K) NonClass: 14290K(14464K)->14290K(14464K) Class: 2330K(2496K)->2330K(2496K)
[572.570s][info][gc             ] GC(1228) Pause Young (Allocation Failure) 279M->6M(989M) 0.822ms
[572.570s][info][gc,cpu         ] GC(1228) User=0.00s Sys=0.00s Real=0.01s
[572.651s][info][gc,start       ] GC(1229) Pause Young (Allocation Failure)
[572.840s][info][gc,heap        ] GC(1229) DefNew: 279829K(314560K)->34943K(314560K) Eden: 279616K(279616K)->0K(279616K) From: 213K(34944K)->34943K(34944K)
[572.840s][info][gc,heap        ] GC(1229) Tenured: 6334K(699072K)->48312K(699072K)
[572.840s][info][gc,metaspace   ] GC(1229) Metaspace: 16620K(16960K)->16620K(16960K) NonClass: 14290K(14464K)->14290K(14464K) Class: 2330K(2496K)->2330K(2496K)
[572.840s][info][gc             ] GC(1229) Pause Young (Allocation Failure) 279M->81M(989M) 189.287ms
[572.840s][info][gc,cpu         ] GC(1229) User=0.17s Sys=0.00s Real=0.19s
[573.015s][info][gc,start       ] GC(1230) Pause Young (Allocation Failure)
[573.609s][info][gc,heap        ] GC(1230) DefNew: 314559K(314560K)->34944K(314560K) Eden: 279616K(279616K)->0K(279616K) From: 34943K(34944K)->34944K(34944K)
[573.609s][info][gc,heap        ] GC(1230) Tenured: 48312K(699072K)->232758K(699072K)
[573.609s][info][gc,metaspace   ] GC(1230) Metaspace: 16620K(16960K)->16620K(16960K) NonClass: 14290K(14464K)->14290K(14464K) Class: 2330K(2496K)->2330K(2496K)
[573.609s][info][gc             ] GC(1230) Pause Young (Allocation Failure) 354M->261M(989M) 594.711ms
[573.609s][info][gc,cpu         ] GC(1230) User=0.58s Sys=0.00s Real=0.60s
[573.803s][info][gc,start       ] GC(1231) Pause Young (Allocation Failure)
[574.345s][info][gc,heap        ] GC(1231) DefNew: 314560K(314560K)->34944K(314560K) Eden: 279616K(279616K)->0K(279616K) From: 34944K(34944K)->34944K(34944K)
[574.345s][info][gc,heap        ] GC(1231) Tenured: 232758K(699072K)->407640K(699072K)
[574.345s][info][gc,metaspace   ] GC(1231) Metaspace: 16620K(16960K)->16620K(16960K) NonClass: 14290K(14464K)->14290K(14464K) Class: 2330K(2496K)->2330K(2496K)
[574.345s][info][gc             ] GC(1231) Pause Young (Allocation Failure) 534M->432M(989M) 541.728ms
[574.345s][info][gc,cpu         ] GC(1231) User=0.55s Sys=0.00s Real=0.55s
[576.677s][info][gc,start       ] GC(1232) Pause Young (Allocation Failure)
[577.053s][info][gc,heap        ] GC(1232) DefNew: 314560K(314560K)->34943K(314560K) Eden: 279616K(279616K)->0K(279616K) From: 34944K(34944K)->34943K(34944K)
[577.053s][info][gc,heap        ] GC(1232) Tenured: 407640K(699072K)->494596K(699072K)
[577.053s][info][gc,metaspace   ] GC(1232) Metaspace: 16620K(16960K)->16620K(16960K) NonClass: 14290K(14464K)->14290K(14464K) Class: 2330K(2496K)->2330K(2496K)
[577.053s][info][gc             ] GC(1232) Pause Young (Allocation Failure) 705M->517M(989M) 375.640ms
[577.053s][info][gc,cpu         ] GC(1232) User=0.34s Sys=0.00s Real=0.38s
[577.190s][info][gc,start       ] GC(1233) Pause Young (Allocation Failure)
[577.190s][info][gc             ] GC(1233) Pause Young (Allocation Failure) 790M->790M(989M) 0.145ms
[577.190s][info][gc,cpu         ] GC(1233) User=0.00s Sys=0.00s Real=0.00s
[577.190s][info][gc,start       ] GC(1234) Pause Full (Allocation Failure)
[577.190s][info][gc,phases,start] GC(1234) Phase 1: Mark live objects
[577.424s][info][gc,phases      ] GC(1234) Phase 1: Mark live objects 234.292ms
[577.424s][info][gc,phases,start] GC(1234) Phase 2: Compute new object addresses
[577.552s][info][gc,phases      ] GC(1234) Phase 2: Compute new object addresses 127.126ms
[577.552s][info][gc,phases,start] GC(1234) Phase 3: Adjust pointers
[577.669s][info][gc,phases      ] GC(1234) Phase 3: Adjust pointers 117.425ms
[577.669s][info][gc,phases,start] GC(1234) Phase 4: Move objects
[577.750s][info][gc,phases      ] GC(1234) Phase 4: Move objects 80.970ms
[577.750s][info][gc,heap        ] GC(1234) DefNew: 314559K(314560K)->0K(314560K) Eden: 279616K(279616K)->0K(279616K) From: 34943K(34944K)->0K(34944K)
[577.750s][info][gc,heap        ] GC(1234) Tenured: 494596K(699072K)->210661K(699072K)
[577.750s][info][gc,metaspace   ] GC(1234) Metaspace: 16620K(16960K)->16620K(16960K) NonClass: 14290K(14464K)->14290K(14464K) Class: 2330K(2496K)->2330K(2496K)
[577.750s][info][gc             ] GC(1234) Pause Full (Allocation Failure) 790M->205M(989M) 560.278ms
[577.750s][info][gc,cpu         ] GC(1234) User=0.55s Sys=0.00s Real=0.57s
[577.893s][info][gc,start       ] GC(1235) Pause Young (Allocation Failure)
[578.177s][info][gc,heap        ] GC(1235) DefNew: 279616K(314560K)->34944K(314560K) Eden: 279616K(279616K)->0K(279616K) From: 0K(34944K)->34944K(34944K)
[578.177s][info][gc,heap        ] GC(1235) Tenured: 210661K(699072K)->293346K(699072K)
[578.177s][info][gc,metaspace   ] GC(1235) Metaspace: 16620K(16960K)->16620K(16960K) NonClass: 14290K(14464K)->14290K(14464K) Class: 2330K(2496K)->2330K(2496K)
[578.177s][info][gc             ] GC(1235) Pause Young (Allocation Failure) 478M->320M(989M) 283.844ms
[578.177s][info][gc,cpu         ] GC(1235) User=0.28s Sys=0.00s Real=0.28s
[578.336s][info][gc,start       ] GC(1236) Pause Young (Allocation Failure)
[578.798s][info][gc,heap        ] GC(1236) DefNew: 314560K(314560K)->34943K(314560K) Eden: 279616K(279616K)->0K(279616K) From: 34944K(34944K)->34943K(34944K)
[578.798s][info][gc,heap        ] GC(1236) Tenured: 293346K(699072K)->420668K(699072K)
[578.798s][info][gc,metaspace   ] GC(1236) Metaspace: 16620K(16960K)->16620K(16960K) NonClass: 14290K(14464K)->14290K(14464K) Class: 2330K(2496K)->2330K(2496K)
[578.798s][info][gc             ] GC(1236) Pause Young (Allocation Failure) 593M->444M(989M) 461.320ms
[578.798s][info][gc,cpu         ] GC(1236) User=0.45s Sys=0.00s Real=0.47s
[579.260s][info][gc,start       ] GC(1237) Pause Young (Allocation Failure)
[579.469s][info][gc,heap        ] GC(1237) DefNew: 314559K(314560K)->27648K(314560K) Eden: 279616K(279616K)->0K(279616K) From: 34943K(34944K)->27648K(34944K)
[579.469s][info][gc,heap        ] GC(1237) Tenured: 420668K(699072K)->445683K(699072K)
[579.469s][info][gc,metaspace   ] GC(1237) Metaspace: 16620K(16960K)->16620K(16960K) NonClass: 14290K(14464K)->14290K(14464K) Class: 2330K(2496K)->2330K(2496K)
[579.469s][info][gc             ] GC(1237) Pause Young (Allocation Failure) 717M->462M(989M) 208.960ms
[579.469s][info][gc,cpu         ] GC(1237) User=0.20s Sys=0.00s Real=0.20s
[579.832s][info][gc,start       ] GC(1238) Pause Young (Allocation Failure)
[579.867s][info][gc,heap        ] GC(1238) DefNew: 307264K(314560K)->209K(314560K) Eden: 279616K(279616K)->0K(279616K) From: 27648K(34944K)->209K(34944K)
[579.867s][info][gc,heap        ] GC(1238) Tenured: 445683K(699072K)->448618K(699072K)
[579.867s][info][gc,metaspace   ] GC(1238) Metaspace: 16620K(16960K)->16620K(16960K) NonClass: 14290K(14464K)->14290K(14464K) Class: 2330K(2496K)->2330K(2496K)
[579.867s][info][gc             ] GC(1238) Pause Young (Allocation Failure) 735M->438M(989M) 35.301ms
[579.867s][info][gc,cpu         ] GC(1238) User=0.03s Sys=0.00s Real=0.03s
[580.530s][info][gc,start       ] GC(1239) Pause Full (System.gc())
[580.530s][info][gc,phases,start] GC(1239) Phase 1: Mark live objects
[580.537s][info][gc,phases      ] GC(1239) Phase 1: Mark live objects 7.352ms
[580.537s][info][gc,phases,start] GC(1239) Phase 2: Compute new object addresses
[580.618s][info][gc,phases      ] GC(1239) Phase 2: Compute new object addresses 80.925ms
[580.618s][info][gc,phases,start] GC(1239) Phase 3: Adjust pointers
[580.622s][info][gc,phases      ] GC(1239) Phase 3: Adjust pointers 4.082ms
[580.622s][info][gc,phases,start] GC(1239) Phase 4: Move objects
[580.623s][info][gc,phases      ] GC(1239) Phase 4: Move objects 0.010ms
[580.623s][info][gc,heap        ] GC(1239) DefNew: 96648K(314560K)->0K(314560K) Eden: 96439K(279616K)->0K(279616K) From: 209K(34944K)->0K(34944K)
[580.623s][info][gc,heap        ] GC(1239) Tenured: 448618K(699072K)->6335K(699072K)
[580.623s][info][gc,metaspace   ] GC(1239) Metaspace: 16620K(16960K)->16620K(16960K) NonClass: 14290K(14464K)->14290K(14464K) Class: 2330K(2496K)->2330K(2496K)
[580.623s][info][gc             ] GC(1239) Pause Full (System.gc()) 532M->6M(989M) 92.701ms
[580.623s][info][gc,cpu         ] GC(1239) User=0.08s Sys=0.00s Real=0.09s
[582.457s][info][gc,start       ] GC(1240) Pause Young (Allocation Failure)
[582.458s][info][gc,heap        ] GC(1240) DefNew: 279616K(314560K)->236K(314560K) Eden: 279616K(279616K)->0K(279616K) From: 0K(34944K)->236K(34944K)
[582.458s][info][gc,heap        ] GC(1240) Tenured: 6335K(699072K)->6335K(699072K)
[582.458s][info][gc,metaspace   ] GC(1240) Metaspace: 16620K(16960K)->16620K(16960K) NonClass: 14290K(14464K)->14290K(14464K) Class: 2330K(2496K)->2330K(2496K)
[582.458s][info][gc             ] GC(1240) Pause Young (Allocation Failure) 279M->6M(989M) 1.117ms
[582.458s][info][gc,cpu         ] GC(1240) User=0.00s Sys=0.00s Real=0.00s
[582.503s][info][gc,start       ] GC(1241) Pause Young (Allocation Failure)
[582.504s][info][gc,heap        ] GC(1241) DefNew: 279852K(314560K)->240K(314560K) Eden: 279616K(279616K)->0K(279616K) From: 236K(34944K)->240K(34944K)
[582.504s][info][gc,heap        ] GC(1241) Tenured: 6335K(699072K)->6335K(699072K)
[582.504s][info][gc,metaspace   ] GC(1241) Metaspace: 16620K(16960K)->16620K(16960K) NonClass: 14290K(14464K)->14290K(14464K) Class: 2330K(2496K)->2330K(2496K)
[582.504s][info][gc             ] GC(1241) Pause Young (Allocation Failure) 279M->6M(989M) 0.836ms
[582.504s][info][gc,cpu         ] GC(1241) User=0.00s Sys=0.00s Real=0.00s
[582.547s][info][gc,start       ] GC(1242) Pause Young (Allocation Failure)
[582.548s][info][gc,heap        ] GC(1242) DefNew: 279856K(314560K)->242K(314560K) Eden: 279616K(279616K)->0K(279616K) From: 240K(34944K)->242K(34944K)
[582.548s][info][gc,heap        ] GC(1242) Tenured: 6335K(699072K)->6335K(699072K)
[582.548s][info][gc,metaspace   ] GC(1242) Metaspace: 16620K(16960K)->16620K(16960K) NonClass: 14290K(14464K)->14290K(14464K) Class: 2330K(2496K)->2330K(2496K)
[582.548s][info][gc             ] GC(1242) Pause Young (Allocation Failure) 279M->6M(989M) 0.802ms
[582.548s][info][gc,cpu         ] GC(1242) User=0.00s Sys=0.00s Real=0.00s
[582.594s][info][gc,start       ] GC(1243) Pause Young (Allocation Failure)
[582.594s][info][gc,heap        ] GC(1243) DefNew: 279858K(314560K)->228K(314560K) Eden: 279616K(279616K)->0K(279616K) From: 242K(34944K)->228K(34944K)
[582.594s][info][gc,heap        ] GC(1243) Tenured: 6335K(699072K)->6335K(699072K)
[582.594s][info][gc,metaspace   ] GC(1243) Metaspace: 16620K(16960K)->16620K(16960K) NonClass: 14290K(14464K)->14290K(14464K) Class: 2330K(2496K)->2330K(2496K)
[582.594s][info][gc             ] GC(1243) Pause Young (Allocation Failure) 279M->6M(989M) 0.781ms
[582.594s][info][gc,cpu         ] GC(1243) User=0.00s Sys=0.00s Real=0.00s
[582.638s][info][gc,start       ] GC(1244) Pause Young (Allocation Failure)
[582.639s][info][gc,heap        ] GC(1244) DefNew: 279844K(314560K)->234K(314560K) Eden: 279616K(279616K)->0K(279616K) From: 228K(34944K)->234K(34944K)
[582.639s][info][gc,heap        ] GC(1244) Tenured: 6335K(699072K)->6335K(699072K)
[582.639s][info][gc,metaspace   ] GC(1244) Metaspace: 16620K(16960K)->16620K(16960K) NonClass: 14290K(14464K)->14290K(14464K) Class: 2330K(2496K)->2330K(2496K)
[582.639s][info][gc             ] GC(1244) Pause Young (Allocation Failure) 279M->6M(989M) 0.770ms
[582.639s][info][gc,cpu         ] GC(1244) User=0.00s Sys=0.00s Real=0.00s
[582.683s][info][gc,start       ] GC(1245) Pause Young (Allocation Failure)
[582.684s][info][gc,heap        ] GC(1245) DefNew: 279850K(314560K)->240K(314560K) Eden: 279616K(279616K)->0K(279616K) From: 234K(34944K)->240K(34944K)
[582.684s][info][gc,heap        ] GC(1245) Tenured: 6335K(699072K)->6335K(699072K)
[582.684s][info][gc,metaspace   ] GC(1245) Metaspace: 16620K(16960K)->16620K(16960K) NonClass: 14290K(14464K)->14290K(14464K) Class: 2330K(2496K)->2330K(2496K)
[582.684s][info][gc             ] GC(1245) Pause Young (Allocation Failure) 279M->6M(989M) 0.941ms
[582.684s][info][gc,cpu         ] GC(1245) User=0.00s Sys=0.00s Real=0.02s
[582.728s][info][gc,start       ] GC(1246) Pause Young (Allocation Failure)
[582.729s][info][gc,heap        ] GC(1246) DefNew: 279856K(314560K)->247K(314560K) Eden: 279616K(279616K)->0K(279616K) From: 240K(34944K)->247K(34944K)
[582.729s][info][gc,heap        ] GC(1246) Tenured: 6335K(699072K)->6335K(699072K)
[582.729s][info][gc,metaspace   ] GC(1246) Metaspace: 16620K(16960K)->16620K(16960K) NonClass: 14290K(14464K)->14290K(14464K) Class: 2330K(2496K)->2330K(2496K)
[582.729s][info][gc             ] GC(1246) Pause Young (Allocation Failure) 279M->6M(989M) 0.859ms
[582.729s][info][gc,cpu         ] GC(1246) User=0.00s Sys=0.00s Real=0.00s
[582.772s][info][gc,start       ] GC(1247) Pause Young (Allocation Failure)
[582.773s][info][gc,heap        ] GC(1247) DefNew: 279863K(314560K)->230K(314560K) Eden: 279616K(279616K)->0K(279616K) From: 247K(34944K)->230K(34944K)
[582.773s][info][gc,heap        ] GC(1247) Tenured: 6335K(699072K)->6335K(699072K)
[582.773s][info][gc,metaspace   ] GC(1247) Metaspace: 16620K(16960K)->16620K(16960K) NonClass: 14290K(14464K)->14290K(14464K) Class: 2330K(2496K)->2330K(2496K)
[582.773s][info][gc             ] GC(1247) Pause Young (Allocation Failure) 279M->6M(989M) 0.791ms
[582.773s][info][gc,cpu         ] GC(1247) User=0.00s Sys=0.00s Real=0.00s
[582.816s][info][gc,start       ] GC(1248) Pause Young (Allocation Failure)
[582.817s][info][gc,heap        ] GC(1248) DefNew: 279846K(314560K)->223K(314560K) Eden: 279616K(279616K)->0K(279616K) From: 230K(34944K)->223K(34944K)
[582.817s][info][gc,heap        ] GC(1248) Tenured: 6335K(699072K)->6335K(699072K)
[582.817s][info][gc,metaspace   ] GC(1248) Metaspace: 16620K(16960K)->16620K(16960K) NonClass: 14290K(14464K)->14290K(14464K) Class: 2330K(2496K)->2330K(2496K)
[582.817s][info][gc             ] GC(1248) Pause Young (Allocation Failure) 279M->6M(989M) 0.777ms
[582.817s][info][gc,cpu         ] GC(1248) User=0.00s Sys=0.00s Real=0.00s
[582.862s][info][gc,start       ] GC(1249) Pause Young (Allocation Failure)
[582.863s][info][gc,heap        ] GC(1249) DefNew: 279839K(314560K)->232K(314560K) Eden: 279616K(279616K)->0K(279616K) From: 223K(34944K)->232K(34944K)
[582.863s][info][gc,heap        ] GC(1249) Tenured: 6335K(699072K)->6335K(699072K)
[582.863s][info][gc,metaspace   ] GC(1249) Metaspace: 16620K(16960K)->16620K(16960K) NonClass: 14290K(14464K)->14290K(14464K) Class: 2330K(2496K)->2330K(2496K)
[582.863s][info][gc             ] GC(1249) Pause Young (Allocation Failure) 279M->6M(989M) 0.789ms
[582.863s][info][gc,cpu         ] GC(1249) User=0.00s Sys=0.00s Real=0.00s
[582.949s][info][gc,start       ] GC(1250) Pause Young (Allocation Failure)
[583.154s][info][gc,heap        ] GC(1250) DefNew: 279848K(314560K)->34944K(314560K) Eden: 279616K(279616K)->0K(279616K) From: 232K(34944K)->34944K(34944K)
[583.155s][info][gc,heap        ] GC(1250) Tenured: 6335K(699072K)->54113K(699072K)
[583.155s][info][gc,metaspace   ] GC(1250) Metaspace: 16620K(16960K)->16620K(16960K) NonClass: 14290K(14464K)->14290K(14464K) Class: 2330K(2496K)->2330K(2496K)
[583.155s][info][gc             ] GC(1250) Pause Young (Allocation Failure) 279M->86M(989M) 205.519ms
[583.155s][info][gc,cpu         ] GC(1250) User=0.20s Sys=0.00s Real=0.20s
[583.334s][info][gc,start       ] GC(1251) Pause Young (Allocation Failure)
[583.935s][info][gc,heap        ] GC(1251) DefNew: 314560K(314560K)->34944K(314560K) Eden: 279616K(279616K)->0K(279616K) From: 34944K(34944K)->34944K(34944K)
[583.935s][info][gc,heap        ] GC(1251) Tenured: 54113K(699072K)->238930K(699072K)
[583.935s][info][gc,metaspace   ] GC(1251) Metaspace: 16620K(16960K)->16620K(16960K) NonClass: 14290K(14464K)->14290K(14464K) Class: 2330K(2496K)->2330K(2496K)
[583.935s][info][gc             ] GC(1251) Pause Young (Allocation Failure) 360M->267M(989M) 601.027ms
[583.935s][info][gc,cpu         ] GC(1251) User=0.59s Sys=0.00s Real=0.61s
[584.151s][info][gc,start       ] GC(1252) Pause Young (Allocation Failure)
[584.691s][info][gc,heap        ] GC(1252) DefNew: 314560K(314560K)->34944K(314560K) Eden: 279616K(279616K)->0K(279616K) From: 34944K(34944K)->34944K(34944K)
[584.691s][info][gc,heap        ] GC(1252) Tenured: 238930K(699072K)->407385K(699072K)
[584.691s][info][gc,metaspace   ] GC(1252) Metaspace: 16620K(16960K)->16620K(16960K) NonClass: 14290K(14464K)->14290K(14464K) Class: 2330K(2496K)->2330K(2496K)
[584.691s][info][gc             ] GC(1252) Pause Young (Allocation Failure) 540M->431M(989M) 539.981ms
[584.691s][info][gc,cpu         ] GC(1252) User=0.50s Sys=0.00s Real=0.53s
[586.764s][info][gc,start       ] GC(1253) Pause Young (Allocation Failure)
[587.140s][info][gc,heap        ] GC(1253) DefNew: 314560K(314560K)->34943K(314560K) Eden: 279616K(279616K)->0K(279616K) From: 34944K(34944K)->34943K(34944K)
[587.140s][info][gc,heap        ] GC(1253) Tenured: 407385K(699072K)->496874K(699072K)
[587.140s][info][gc,metaspace   ] GC(1253) Metaspace: 16620K(16960K)->16620K(16960K) NonClass: 14290K(14464K)->14290K(14464K) Class: 2330K(2496K)->2330K(2496K)
[587.140s][info][gc             ] GC(1253) Pause Young (Allocation Failure) 705M->519M(989M) 376.365ms
[587.140s][info][gc,cpu         ] GC(1253) User=0.38s Sys=0.00s Real=0.38s
[587.277s][info][gc,start       ] GC(1254) Pause Young (Allocation Failure)
[587.277s][info][gc             ] GC(1254) Pause Young (Allocation Failure) 792M->792M(989M) 0.144ms
[587.277s][info][gc,cpu         ] GC(1254) User=0.00s Sys=0.00s Real=0.00s
[587.277s][info][gc,start       ] GC(1255) Pause Full (Allocation Failure)
[587.278s][info][gc,phases,start] GC(1255) Phase 1: Mark live objects
[587.517s][info][gc,phases      ] GC(1255) Phase 1: Mark live objects 239.712ms
[587.517s][info][gc,phases,start] GC(1255) Phase 2: Compute new object addresses
[587.643s][info][gc,phases      ] GC(1255) Phase 2: Compute new object addresses 125.715ms
[587.643s][info][gc,phases,start] GC(1255) Phase 3: Adjust pointers
[587.762s][info][gc,phases      ] GC(1255) Phase 3: Adjust pointers 119.101ms
[587.762s][info][gc,phases,start] GC(1255) Phase 4: Move objects
[587.844s][info][gc,phases      ] GC(1255) Phase 4: Move objects 81.594ms
[587.844s][info][gc,heap        ] GC(1255) DefNew: 314559K(314560K)->0K(314560K) Eden: 279616K(279616K)->0K(279616K) From: 34943K(34944K)->0K(34944K)
[587.844s][info][gc,heap        ] GC(1255) Tenured: 496874K(699072K)->213375K(699072K)
[587.844s][info][gc,metaspace   ] GC(1255) Metaspace: 16620K(16960K)->16620K(16960K) NonClass: 14290K(14464K)->14290K(14464K) Class: 2330K(2496K)->2330K(2496K)
[587.844s][info][gc             ] GC(1255) Pause Full (Allocation Failure) 792M->208M(989M) 566.628ms
[587.844s][info][gc,cpu         ] GC(1255) User=0.52s Sys=0.00s Real=0.57s
[587.985s][info][gc,start       ] GC(1256) Pause Young (Allocation Failure)
[588.269s][info][gc,heap        ] GC(1256) DefNew: 279616K(314560K)->34943K(314560K) Eden: 279616K(279616K)->0K(279616K) From: 0K(34944K)->34943K(34944K)
[588.269s][info][gc,heap        ] GC(1256) Tenured: 213375K(699072K)->296055K(699072K)
[588.269s][info][gc,metaspace   ] GC(1256) Metaspace: 16620K(16960K)->16620K(16960K) NonClass: 14290K(14464K)->14290K(14464K) Class: 2330K(2496K)->2330K(2496K)
[588.269s][info][gc             ] GC(1256) Pause Young (Allocation Failure) 481M->323M(989M) 284.424ms
[588.269s][info][gc,cpu         ] GC(1256) User=0.28s Sys=0.00s Real=0.30s
[588.430s][info][gc,start       ] GC(1257) Pause Young (Allocation Failure)
[588.902s][info][gc,heap        ] GC(1257) DefNew: 314559K(314560K)->34943K(314560K) Eden: 279616K(279616K)->0K(279616K) From: 34943K(34944K)->34943K(34944K)
[588.902s][info][gc,heap        ] GC(1257) Tenured: 296055K(699072K)->425308K(699072K)
[588.902s][info][gc,metaspace   ] GC(1257) Metaspace: 16620K(16960K)->16620K(16960K) NonClass: 14290K(14464K)->14290K(14464K) Class: 2330K(2496K)->2330K(2496K)
[588.902s][info][gc             ] GC(1257) Pause Young (Allocation Failure) 596M->449M(989M) 471.800ms
[588.902s][info][gc,cpu         ] GC(1257) User=0.41s Sys=0.00s Real=0.48s
[589.359s][info][gc,start       ] GC(1258) Pause Young (Allocation Failure)
[589.559s][info][gc,heap        ] GC(1258) DefNew: 314559K(314560K)->22997K(314560K) Eden: 279616K(279616K)->0K(279616K) From: 34943K(34944K)->22997K(34944K)
[589.559s][info][gc,heap        ] GC(1258) Tenured: 425308K(699072K)->450029K(699072K)
[589.559s][info][gc,metaspace   ] GC(1258) Metaspace: 16620K(16960K)->16620K(16960K) NonClass: 14290K(14464K)->14290K(14464K) Class: 2330K(2496K)->2330K(2496K)
[589.559s][info][gc             ] GC(1258) Pause Young (Allocation Failure) 722M->461M(989M) 200.017ms
[589.559s][info][gc,cpu         ] GC(1258) User=0.19s Sys=0.00s Real=0.20s
[589.922s][info][gc,start       ] GC(1259) Pause Young (Allocation Failure)
[589.947s][info][gc,heap        ] GC(1259) DefNew: 302613K(314560K)->35K(314560K) Eden: 279616K(279616K)->0K(279616K) From: 22997K(34944K)->35K(34944K)
[589.947s][info][gc,heap        ] GC(1259) Tenured: 450029K(699072K)->452266K(699072K)
[589.947s][info][gc,metaspace   ] GC(1259) Metaspace: 16620K(16960K)->16620K(16960K) NonClass: 14290K(14464K)->14290K(14464K) Class: 2330K(2496K)->2330K(2496K)
[589.947s][info][gc             ] GC(1259) Pause Young (Allocation Failure) 735M->441M(989M) 24.977ms
[589.947s][info][gc,cpu         ] GC(1259) User=0.02s Sys=0.00s Real=0.02s
[590.611s][info][gc,start       ] GC(1260) Pause Full (System.gc())
[590.611s][info][gc,phases,start] GC(1260) Phase 1: Mark live objects
[590.618s][info][gc,phases      ] GC(1260) Phase 1: Mark live objects 6.875ms
[590.618s][info][gc,phases,start] GC(1260) Phase 2: Compute new object addresses
[590.699s][info][gc,phases      ] GC(1260) Phase 2: Compute new object addresses 80.774ms
[590.699s][info][gc,phases,start] GC(1260) Phase 3: Adjust pointers
[590.703s][info][gc,phases      ] GC(1260) Phase 3: Adjust pointers 4.130ms
[590.703s][info][gc,phases,start] GC(1260) Phase 4: Move objects
[590.703s][info][gc,phases      ] GC(1260) Phase 4: Move objects 0.010ms
[590.703s][info][gc,heap        ] GC(1260) DefNew: 90613K(314560K)->0K(314560K) Eden: 90577K(279616K)->0K(279616K) From: 35K(34944K)->0K(34944K)
[590.703s][info][gc,heap        ] GC(1260) Tenured: 452266K(699072K)->6334K(699072K)
[590.703s][info][gc,metaspace   ] GC(1260) Metaspace: 16620K(16960K)->16620K(16960K) NonClass: 14290K(14464K)->14290K(14464K) Class: 2330K(2496K)->2330K(2496K)
[590.703s][info][gc             ] GC(1260) Pause Full (System.gc()) 530M->6M(989M) 92.134ms
[590.703s][info][gc,cpu         ] GC(1260) User=0.08s Sys=0.00s Real=0.09s
[591.979s][info][gc,start       ] GC(1261) Pause Young (Allocation Failure)
[591.980s][info][gc,heap        ] GC(1261) DefNew: 279616K(314560K)->233K(314560K) Eden: 279616K(279616K)->0K(279616K) From: 0K(34944K)->233K(34944K)
[591.980s][info][gc,heap        ] GC(1261) Tenured: 6334K(699072K)->6334K(699072K)
[591.981s][info][gc,metaspace   ] GC(1261) Metaspace: 16620K(16960K)->16620K(16960K) NonClass: 14290K(14464K)->14290K(14464K) Class: 2330K(2496K)->2330K(2496K)
[591.981s][info][gc             ] GC(1261) Pause Young (Allocation Failure) 279M->6M(989M) 1.153ms
[591.981s][info][gc,cpu         ] GC(1261) User=0.00s Sys=0.00s Real=0.00s
[592.025s][info][gc,start       ] GC(1262) Pause Young (Allocation Failure)
[592.026s][info][gc,heap        ] GC(1262) DefNew: 279849K(314560K)->237K(314560K) Eden: 279616K(279616K)->0K(279616K) From: 233K(34944K)->237K(34944K)
[592.026s][info][gc,heap        ] GC(1262) Tenured: 6334K(699072K)->6334K(699072K)
[592.026s][info][gc,metaspace   ] GC(1262) Metaspace: 16620K(16960K)->16620K(16960K) NonClass: 14290K(14464K)->14290K(14464K) Class: 2330K(2496K)->2330K(2496K)
[592.026s][info][gc             ] GC(1262) Pause Young (Allocation Failure) 279M->6M(989M) 0.876ms
[592.026s][info][gc,cpu         ] GC(1262) User=0.00s Sys=0.00s Real=0.00s
[592.069s][info][gc,start       ] GC(1263) Pause Young (Allocation Failure)
[592.070s][info][gc,heap        ] GC(1263) DefNew: 279853K(314560K)->245K(314560K) Eden: 279616K(279616K)->0K(279616K) From: 237K(34944K)->245K(34944K)
[592.070s][info][gc,heap        ] GC(1263) Tenured: 6334K(699072K)->6334K(699072K)
[592.070s][info][gc,metaspace   ] GC(1263) Metaspace: 16620K(16960K)->16620K(16960K) NonClass: 14290K(14464K)->14290K(14464K) Class: 2330K(2496K)->2330K(2496K)
[592.070s][info][gc             ] GC(1263) Pause Young (Allocation Failure) 279M->6M(989M) 0.852ms
[592.070s][info][gc,cpu         ] GC(1263) User=0.00s Sys=0.00s Real=0.00s
[592.115s][info][gc,start       ] GC(1264) Pause Young (Allocation Failure)
[592.115s][info][gc,heap        ] GC(1264) DefNew: 279861K(314560K)->252K(314560K) Eden: 279616K(279616K)->0K(279616K) From: 245K(34944K)->252K(34944K)
[592.115s][info][gc,heap        ] GC(1264) Tenured: 6334K(699072K)->6334K(699072K)
[592.116s][info][gc,metaspace   ] GC(1264) Metaspace: 16620K(16960K)->16620K(16960K) NonClass: 14290K(14464K)->14290K(14464K) Class: 2330K(2496K)->2330K(2496K)
[592.116s][info][gc             ] GC(1264) Pause Young (Allocation Failure) 279M->6M(989M) 0.818ms
[592.116s][info][gc,cpu         ] GC(1264) User=0.00s Sys=0.00s Real=0.00s
[592.160s][info][gc,start       ] GC(1265) Pause Young (Allocation Failure)
[592.161s][info][gc,heap        ] GC(1265) DefNew: 279868K(314560K)->252K(314560K) Eden: 279616K(279616K)->0K(279616K) From: 252K(34944K)->252K(34944K)
[592.161s][info][gc,heap        ] GC(1265) Tenured: 6334K(699072K)->6334K(699072K)
[592.161s][info][gc,metaspace   ] GC(1265) Metaspace: 16620K(16960K)->16620K(16960K) NonClass: 14290K(14464K)->14290K(14464K) Class: 2330K(2496K)->2330K(2496K)
[592.161s][info][gc             ] GC(1265) Pause Young (Allocation Failure) 279M->6M(989M) 0.866ms
[592.161s][info][gc,cpu         ] GC(1265) User=0.00s Sys=0.00s Real=0.00s
[592.205s][info][gc,start       ] GC(1266) Pause Young (Allocation Failure)
[592.206s][info][gc,heap        ] GC(1266) DefNew: 279868K(314560K)->245K(314560K) Eden: 279616K(279616K)->0K(279616K) From: 252K(34944K)->245K(34944K)
[592.206s][info][gc,heap        ] GC(1266) Tenured: 6334K(699072K)->6334K(699072K)
[592.206s][info][gc,metaspace   ] GC(1266) Metaspace: 16620K(16960K)->16620K(16960K) NonClass: 14290K(14464K)->14290K(14464K) Class: 2330K(2496K)->2330K(2496K)
[592.206s][info][gc             ] GC(1266) Pause Young (Allocation Failure) 279M->6M(989M) 0.824ms
[592.206s][info][gc,cpu         ] GC(1266) User=0.00s Sys=0.00s Real=0.00s
[592.251s][info][gc,start       ] GC(1267) Pause Young (Allocation Failure)
[592.252s][info][gc,heap        ] GC(1267) DefNew: 279861K(314560K)->232K(314560K) Eden: 279616K(279616K)->0K(279616K) From: 245K(34944K)->232K(34944K)
[592.252s][info][gc,heap        ] GC(1267) Tenured: 6334K(699072K)->6334K(699072K)
[592.252s][info][gc,metaspace   ] GC(1267) Metaspace: 16620K(16960K)->16620K(16960K) NonClass: 14290K(14464K)->14290K(14464K) Class: 2330K(2496K)->2330K(2496K)
[592.252s][info][gc             ] GC(1267) Pause Young (Allocation Failure) 279M->6M(989M) 0.819ms
[592.252s][info][gc,cpu         ] GC(1267) User=0.00s Sys=0.00s Real=0.00s
[592.298s][info][gc,start       ] GC(1268) Pause Young (Allocation Failure)
[592.299s][info][gc,heap        ] GC(1268) DefNew: 279848K(314560K)->231K(314560K) Eden: 279616K(279616K)->0K(279616K) From: 232K(34944K)->231K(34944K)
[592.299s][info][gc,heap        ] GC(1268) Tenured: 6334K(699072K)->6334K(699072K)
[592.299s][info][gc,metaspace   ] GC(1268) Metaspace: 16620K(16960K)->16620K(16960K) NonClass: 14290K(14464K)->14290K(14464K) Class: 2330K(2496K)->2330K(2496K)
[592.299s][info][gc             ] GC(1268) Pause Young (Allocation Failure) 279M->6M(989M) 0.826ms
[592.299s][info][gc,cpu         ] GC(1268) User=0.00s Sys=0.00s Real=0.00s
[592.345s][info][gc,start       ] GC(1269) Pause Young (Allocation Failure)
[592.346s][info][gc,heap        ] GC(1269) DefNew: 279847K(314560K)->230K(314560K) Eden: 279616K(279616K)->0K(279616K) From: 231K(34944K)->230K(34944K)
[592.346s][info][gc,heap        ] GC(1269) Tenured: 6334K(699072K)->6334K(699072K)
[592.346s][info][gc,metaspace   ] GC(1269) Metaspace: 16620K(16960K)->16620K(16960K) NonClass: 14290K(14464K)->14290K(14464K) Class: 2330K(2496K)->2330K(2496K)
[592.346s][info][gc             ] GC(1269) Pause Young (Allocation Failure) 279M->6M(989M) 1.038ms
[592.346s][info][gc,cpu         ] GC(1269) User=0.00s Sys=0.00s Real=0.00s
[592.396s][info][gc,start       ] GC(1270) Pause Young (Allocation Failure)
[592.397s][info][gc,heap        ] GC(1270) DefNew: 279846K(314560K)->219K(314560K) Eden: 279616K(279616K)->0K(279616K) From: 230K(34944K)->219K(34944K)
[592.397s][info][gc,heap        ] GC(1270) Tenured: 6334K(699072K)->6334K(699072K)
[592.397s][info][gc,metaspace   ] GC(1270) Metaspace: 16620K(16960K)->16620K(16960K) NonClass: 14290K(14464K)->14290K(14464K) Class: 2330K(2496K)->2330K(2496K)
[592.397s][info][gc             ] GC(1270) Pause Young (Allocation Failure) 279M->6M(989M) 0.989ms
[592.397s][info][gc,cpu         ] GC(1270) User=0.02s Sys=0.00s Real=0.02s
[592.477s][info][gc,start       ] GC(1271) Pause Young (Allocation Failure)
[592.667s][info][gc,heap        ] GC(1271) DefNew: 279835K(314560K)->34943K(314560K) Eden: 279616K(279616K)->0K(279616K) From: 219K(34944K)->34943K(34944K)
[592.667s][info][gc,heap        ] GC(1271) Tenured: 6334K(699072K)->48388K(699072K)
[592.667s][info][gc,metaspace   ] GC(1271) Metaspace: 16620K(16960K)->16620K(16960K) NonClass: 14290K(14464K)->14290K(14464K) Class: 2330K(2496K)->2330K(2496K)
[592.667s][info][gc             ] GC(1271) Pause Young (Allocation Failure) 279M->81M(989M) 189.706ms
[592.667s][info][gc,cpu         ] GC(1271) User=0.17s Sys=0.00s Real=0.19s
[592.836s][info][gc,start       ] GC(1272) Pause Young (Allocation Failure)
[593.428s][info][gc,heap        ] GC(1272) DefNew: 314559K(314560K)->34943K(314560K) Eden: 279616K(279616K)->0K(279616K) From: 34943K(34944K)->34943K(34944K)
[593.428s][info][gc,heap        ] GC(1272) Tenured: 48388K(699072K)->232721K(699072K)
[593.428s][info][gc,metaspace   ] GC(1272) Metaspace: 16620K(16960K)->16620K(16960K) NonClass: 14290K(14464K)->14290K(14464K) Class: 2330K(2496K)->2330K(2496K)
[593.428s][info][gc             ] GC(1272) Pause Young (Allocation Failure) 354M->261M(989M) 591.752ms
[593.428s][info][gc,cpu         ] GC(1272) User=0.56s Sys=0.00s Real=0.58s
[593.633s][info][gc,start       ] GC(1273) Pause Young (Allocation Failure)
[594.183s][info][gc,heap        ] GC(1273) DefNew: 314559K(314560K)->34943K(314560K) Eden: 279616K(279616K)->0K(279616K) From: 34943K(34944K)->34943K(34944K)
[594.183s][info][gc,heap        ] GC(1273) Tenured: 232721K(699072K)->408547K(699072K)
[594.183s][info][gc,metaspace   ] GC(1273) Metaspace: 16620K(16960K)->16620K(16960K) NonClass: 14290K(14464K)->14290K(14464K) Class: 2330K(2496K)->2330K(2496K)
[594.183s][info][gc             ] GC(1273) Pause Young (Allocation Failure) 534M->433M(989M) 550.153ms
[594.183s][info][gc,cpu         ] GC(1273) User=0.56s Sys=0.00s Real=0.55s
[597.030s][info][gc,start       ] GC(1274) Pause Young (Allocation Failure)
[597.407s][info][gc,heap        ] GC(1274) DefNew: 314559K(314560K)->34943K(314560K) Eden: 279616K(279616K)->0K(279616K) From: 34943K(34944K)->34943K(34944K)
[597.407s][info][gc,heap        ] GC(1274) Tenured: 408547K(699072K)->494788K(699072K)
[597.407s][info][gc,metaspace   ] GC(1274) Metaspace: 16620K(16960K)->16620K(16960K) NonClass: 14290K(14464K)->14290K(14464K) Class: 2330K(2496K)->2330K(2496K)
[597.407s][info][gc             ] GC(1274) Pause Young (Allocation Failure) 706M->517M(989M) 376.527ms
[597.407s][info][gc,cpu         ] GC(1274) User=0.38s Sys=0.00s Real=0.38s
[597.544s][info][gc,start       ] GC(1275) Pause Young (Allocation Failure)
[597.544s][info][gc             ] GC(1275) Pause Young (Allocation Failure) 790M->790M(989M) 0.131ms
[597.544s][info][gc,cpu         ] GC(1275) User=0.00s Sys=0.00s Real=0.00s
[597.544s][info][gc,start       ] GC(1276) Pause Full (Allocation Failure)
[597.544s][info][gc,phases,start] GC(1276) Phase 1: Mark live objects
[597.776s][info][gc,phases      ] GC(1276) Phase 1: Mark live objects 231.341ms
[597.776s][info][gc,phases,start] GC(1276) Phase 2: Compute new object addresses
[597.903s][info][gc,phases      ] GC(1276) Phase 2: Compute new object addresses 127.090ms
[597.903s][info][gc,phases,start] GC(1276) Phase 3: Adjust pointers
[598.020s][info][gc,phases      ] GC(1276) Phase 3: Adjust pointers 116.865ms
[598.020s][info][gc,phases,start] GC(1276) Phase 4: Move objects
[598.100s][info][gc,phases      ] GC(1276) Phase 4: Move objects 80.419ms
[598.100s][info][gc,heap        ] GC(1276) DefNew: 314559K(314560K)->0K(314560K) Eden: 279616K(279616K)->0K(279616K) From: 34943K(34944K)->0K(34944K)
[598.101s][info][gc,heap        ] GC(1276) Tenured: 494788K(699072K)->209924K(699072K)
[598.101s][info][gc,metaspace   ] GC(1276) Metaspace: 16620K(16960K)->16620K(16960K) NonClass: 14290K(14464K)->14290K(14464K) Class: 2330K(2496K)->2330K(2496K)
[598.101s][info][gc             ] GC(1276) Pause Full (Allocation Failure) 790M->205M(989M) 556.186ms
[598.101s][info][gc,cpu         ] GC(1276) User=0.53s Sys=0.00s Real=0.55s
[598.241s][info][gc,start       ] GC(1277) Pause Young (Allocation Failure)
[598.528s][info][gc,heap        ] GC(1277) DefNew: 279616K(314560K)->34944K(314560K) Eden: 279616K(279616K)->0K(279616K) From: 0K(34944K)->34944K(34944K)
[598.528s][info][gc,heap        ] GC(1277) Tenured: 209924K(699072K)->292611K(699072K)
[598.528s][info][gc,metaspace   ] GC(1277) Metaspace: 16620K(16960K)->16620K(16960K) NonClass: 14290K(14464K)->14290K(14464K) Class: 2330K(2496K)->2330K(2496K)
[598.528s][info][gc             ] GC(1277) Pause Young (Allocation Failure) 478M->319M(989M) 287.023ms
[598.528s][info][gc,cpu         ] GC(1277) User=0.30s Sys=0.00s Real=0.30s
[598.686s][info][gc,start       ] GC(1278) Pause Young (Allocation Failure)
[599.139s][info][gc,heap        ] GC(1278) DefNew: 314560K(314560K)->34943K(314560K) Eden: 279616K(279616K)->0K(279616K) From: 34944K(34944K)->34943K(34944K)
[599.139s][info][gc,heap        ] GC(1278) Tenured: 292611K(699072K)->419352K(699072K)
[599.139s][info][gc,metaspace   ] GC(1278) Metaspace: 16620K(16960K)->16620K(16960K) NonClass: 14290K(14464K)->14290K(14464K) Class: 2330K(2496K)->2330K(2496K)
[599.139s][info][gc             ] GC(1278) Pause Young (Allocation Failure) 592M->443M(989M) 452.495ms
[599.139s][info][gc,cpu         ] GC(1278) User=0.44s Sys=0.00s Real=0.46s
[599.601s][info][gc,start       ] GC(1279) Pause Young (Allocation Failure)
[599.814s][info][gc,heap        ] GC(1279) DefNew: 314559K(314560K)->28913K(314560K) Eden: 279616K(279616K)->0K(279616K) From: 34943K(34944K)->28913K(34944K)
[599.814s][info][gc,heap        ] GC(1279) Tenured: 419352K(699072K)->444447K(699072K)
[599.814s][info][gc,metaspace   ] GC(1279) Metaspace: 16620K(16960K)->16620K(16960K) NonClass: 14290K(14464K)->14290K(14464K) Class: 2330K(2496K)->2330K(2496K)
[599.814s][info][gc             ] GC(1279) Pause Young (Allocation Failure) 716M->462M(989M) 212.950ms
[599.814s][info][gc,cpu         ] GC(1279) User=0.19s Sys=0.00s Real=0.22s
[600.177s][info][gc,start       ] GC(1280) Pause Young (Allocation Failure)
[600.219s][info][gc,heap        ] GC(1280) DefNew: 308529K(314560K)->265K(314560K) Eden: 279616K(279616K)->0K(279616K) From: 28913K(34944K)->265K(34944K)
[600.219s][info][gc,heap        ] GC(1280) Tenured: 444447K(699072K)->447562K(699072K)
[600.219s][info][gc,metaspace   ] GC(1280) Metaspace: 16620K(16960K)->16620K(16960K) NonClass: 14290K(14464K)->14290K(14464K) Class: 2330K(2496K)->2330K(2496K)
[600.219s][info][gc             ] GC(1280) Pause Young (Allocation Failure) 735M->437M(989M) 41.664ms
[600.219s][info][gc,cpu         ] GC(1280) User=0.03s Sys=0.00s Real=0.03s
[600.902s][info][gc,start       ] GC(1281) Pause Full (System.gc())
[600.902s][info][gc,phases,start] GC(1281) Phase 1: Mark live objects
[600.909s][info][gc,phases      ] GC(1281) Phase 1: Mark live objects 7.176ms
[600.909s][info][gc,phases,start] GC(1281) Phase 2: Compute new object addresses
[600.990s][info][gc,phases      ] GC(1281) Phase 2: Compute new object addresses 81.177ms
[600.990s][info][gc,phases,start] GC(1281) Phase 3: Adjust pointers
[600.994s][info][gc,phases      ] GC(1281) Phase 3: Adjust pointers 4.136ms
[600.994s][info][gc,phases,start] GC(1281) Phase 4: Move objects
[600.994s][info][gc,phases      ] GC(1281) Phase 4: Move objects 0.010ms
[600.994s][info][gc,heap        ] GC(1281) DefNew: 95411K(314560K)->0K(314560K) Eden: 95145K(279616K)->0K(279616K) From: 265K(34944K)->0K(34944K)
[600.994s][info][gc,heap        ] GC(1281) Tenured: 447562K(699072K)->6334K(699072K)
[600.994s][info][gc,metaspace   ] GC(1281) Metaspace: 16623K(16960K)->16623K(16960K) NonClass: 14292K(14464K)->14292K(14464K) Class: 2330K(2496K)->2330K(2496K)
[600.995s][info][gc             ] GC(1281) Pause Full (System.gc()) 530M->6M(989M) 92.853ms
[600.995s][info][gc,cpu         ] GC(1281) User=0.09s Sys=0.00s Real=0.09s
[602.268s][info][gc,start       ] GC(1282) Pause Young (Allocation Failure)
[602.269s][info][gc,heap        ] GC(1282) DefNew: 279616K(314560K)->252K(314560K) Eden: 279616K(279616K)->0K(279616K) From: 0K(34944K)->252K(34944K)
[602.269s][info][gc,heap        ] GC(1282) Tenured: 6334K(699072K)->6334K(699072K)
[602.269s][info][gc,metaspace   ] GC(1282) Metaspace: 16625K(16960K)->16625K(16960K) NonClass: 14295K(14464K)->14295K(14464K) Class: 2330K(2496K)->2330K(2496K)
[602.269s][info][gc             ] GC(1282) Pause Young (Allocation Failure) 279M->6M(989M) 1.048ms
[602.269s][info][gc,cpu         ] GC(1282) User=0.00s Sys=0.00s Real=0.00s
[602.313s][info][gc,start       ] GC(1283) Pause Young (Allocation Failure)
[602.314s][info][gc,heap        ] GC(1283) DefNew: 279868K(314560K)->258K(314560K) Eden: 279616K(279616K)->0K(279616K) From: 252K(34944K)->258K(34944K)
[602.314s][info][gc,heap        ] GC(1283) Tenured: 6334K(699072K)->6334K(699072K)
[602.314s][info][gc,metaspace   ] GC(1283) Metaspace: 16625K(16960K)->16625K(16960K) NonClass: 14295K(14464K)->14295K(14464K) Class: 2330K(2496K)->2330K(2496K)
[602.314s][info][gc             ] GC(1283) Pause Young (Allocation Failure) 279M->6M(989M) 0.816ms
[602.314s][info][gc,cpu         ] GC(1283) User=0.00s Sys=0.00s Real=0.00s
[602.361s][info][gc,start       ] GC(1284) Pause Young (Allocation Failure)
[602.362s][info][gc,heap        ] GC(1284) DefNew: 279874K(314560K)->235K(314560K) Eden: 279616K(279616K)->0K(279616K) From: 258K(34944K)->235K(34944K)
[602.362s][info][gc,heap        ] GC(1284) Tenured: 6334K(699072K)->6334K(699072K)
[602.362s][info][gc,metaspace   ] GC(1284) Metaspace: 16625K(16960K)->16625K(16960K) NonClass: 14295K(14464K)->14295K(14464K) Class: 2330K(2496K)->2330K(2496K)
[602.362s][info][gc             ] GC(1284) Pause Young (Allocation Failure) 279M->6M(989M) 0.848ms
[602.362s][info][gc,cpu         ] GC(1284) User=0.00s Sys=0.00s Real=0.00s
[602.410s][info][gc,start       ] GC(1285) Pause Young (Allocation Failure)
[602.410s][info][gc,heap        ] GC(1285) DefNew: 279851K(314560K)->231K(314560K) Eden: 279616K(279616K)->0K(279616K) From: 235K(34944K)->231K(34944K)
[602.410s][info][gc,heap        ] GC(1285) Tenured: 6334K(699072K)->6334K(699072K)
[602.410s][info][gc,metaspace   ] GC(1285) Metaspace: 16625K(16960K)->16625K(16960K) NonClass: 14295K(14464K)->14295K(14464K) Class: 2330K(2496K)->2330K(2496K)
[602.410s][info][gc             ] GC(1285) Pause Young (Allocation Failure) 279M->6M(989M) 0.773ms
[602.411s][info][gc,cpu         ] GC(1285) User=0.00s Sys=0.00s Real=0.00s
[602.456s][info][gc,start       ] GC(1286) Pause Young (Allocation Failure)
[602.457s][info][gc,heap        ] GC(1286) DefNew: 279847K(314560K)->237K(314560K) Eden: 279616K(279616K)->0K(279616K) From: 231K(34944K)->237K(34944K)
[602.457s][info][gc,heap        ] GC(1286) Tenured: 6334K(699072K)->6334K(699072K)
[602.457s][info][gc,metaspace   ] GC(1286) Metaspace: 16625K(16960K)->16625K(16960K) NonClass: 14295K(14464K)->14295K(14464K) Class: 2330K(2496K)->2330K(2496K)
[602.457s][info][gc             ] GC(1286) Pause Young (Allocation Failure) 279M->6M(989M) 0.746ms
[602.457s][info][gc,cpu         ] GC(1286) User=0.00s Sys=0.00s Real=0.00s
[602.503s][info][gc,start       ] GC(1287) Pause Young (Allocation Failure)
[602.504s][info][gc,heap        ] GC(1287) DefNew: 279853K(314560K)->203K(314560K) Eden: 279616K(279616K)->0K(279616K) From: 237K(34944K)->203K(34944K)
[602.504s][info][gc,heap        ] GC(1287) Tenured: 6334K(699072K)->6334K(699072K)
[602.504s][info][gc,metaspace   ] GC(1287) Metaspace: 16625K(16960K)->16625K(16960K) NonClass: 14295K(14464K)->14295K(14464K) Class: 2330K(2496K)->2330K(2496K)
[602.504s][info][gc             ] GC(1287) Pause Young (Allocation Failure) 279M->6M(989M) 0.730ms
[602.504s][info][gc,cpu         ] GC(1287) User=0.00s Sys=0.00s Real=0.00s
[602.548s][info][gc,start       ] GC(1288) Pause Young (Allocation Failure)
[602.548s][info][gc,heap        ] GC(1288) DefNew: 279819K(314560K)->222K(314560K) Eden: 279616K(279616K)->0K(279616K) From: 203K(34944K)->222K(34944K)
[602.548s][info][gc,heap        ] GC(1288) Tenured: 6334K(699072K)->6334K(699072K)
[602.548s][info][gc,metaspace   ] GC(1288) Metaspace: 16625K(16960K)->16625K(16960K) NonClass: 14295K(14464K)->14295K(14464K) Class: 2330K(2496K)->2330K(2496K)
[602.548s][info][gc             ] GC(1288) Pause Young (Allocation Failure) 279M->6M(989M) 0.758ms
[602.548s][info][gc,cpu         ] GC(1288) User=0.00s Sys=0.00s Real=0.00s
[602.593s][info][gc,start       ] GC(1289) Pause Young (Allocation Failure)
[602.594s][info][gc,heap        ] GC(1289) DefNew: 279838K(314560K)->239K(314560K) Eden: 279616K(279616K)->0K(279616K) From: 222K(34944K)->239K(34944K)
[602.594s][info][gc,heap        ] GC(1289) Tenured: 6334K(699072K)->6334K(699072K)
[602.594s][info][gc,metaspace   ] GC(1289) Metaspace: 16625K(16960K)->16625K(16960K) NonClass: 14295K(14464K)->14295K(14464K) Class: 2330K(2496K)->2330K(2496K)
[602.594s][info][gc             ] GC(1289) Pause Young (Allocation Failure) 279M->6M(989M) 0.797ms
[602.594s][info][gc,cpu         ] GC(1289) User=0.00s Sys=0.00s Real=0.00s
[602.638s][info][gc,start       ] GC(1290) Pause Young (Allocation Failure)
[602.639s][info][gc,heap        ] GC(1290) DefNew: 279855K(314560K)->233K(314560K) Eden: 279616K(279616K)->0K(279616K) From: 239K(34944K)->233K(34944K)
[602.639s][info][gc,heap        ] GC(1290) Tenured: 6334K(699072K)->6334K(699072K)
[602.639s][info][gc,metaspace   ] GC(1290) Metaspace: 16625K(16960K)->16625K(16960K) NonClass: 14295K(14464K)->14295K(14464K) Class: 2330K(2496K)->2330K(2496K)
[602.639s][info][gc             ] GC(1290) Pause Young (Allocation Failure) 279M->6M(989M) 0.847ms
[602.639s][info][gc,cpu         ] GC(1290) User=0.00s Sys=0.00s Real=0.00s
[602.684s][info][gc,start       ] GC(1291) Pause Young (Allocation Failure)
[602.685s][info][gc,heap        ] GC(1291) DefNew: 279849K(314560K)->207K(314560K) Eden: 279616K(279616K)->0K(279616K) From: 233K(34944K)->207K(34944K)
[602.685s][info][gc,heap        ] GC(1291) Tenured: 6334K(699072K)->6334K(699072K)
[602.685s][info][gc,metaspace   ] GC(1291) Metaspace: 16625K(16960K)->16625K(16960K) NonClass: 14295K(14464K)->14295K(14464K) Class: 2330K(2496K)->2330K(2496K)
[602.685s][info][gc             ] GC(1291) Pause Young (Allocation Failure) 279M->6M(989M) 1.030ms
[602.685s][info][gc,cpu         ] GC(1291) User=0.00s Sys=0.00s Real=0.00s
[602.766s][info][gc,start       ] GC(1292) Pause Young (Allocation Failure)
[602.959s][info][gc,heap        ] GC(1292) DefNew: 279823K(314560K)->34943K(314560K) Eden: 279616K(279616K)->0K(279616K) From: 207K(34944K)->34943K(34944K)
[602.959s][info][gc,heap        ] GC(1292) Tenured: 6334K(699072K)->49353K(699072K)
[602.959s][info][gc,metaspace   ] GC(1292) Metaspace: 16625K(16960K)->16625K(16960K) NonClass: 14295K(14464K)->14295K(14464K) Class: 2330K(2496K)->2330K(2496K)
[602.959s][info][gc             ] GC(1292) Pause Young (Allocation Failure) 279M->82M(989M) 192.359ms
[602.959s][info][gc,cpu         ] GC(1292) User=0.17s Sys=0.00s Real=0.19s
[603.131s][info][gc,start       ] GC(1293) Pause Young (Allocation Failure)
[603.725s][info][gc,heap        ] GC(1293) DefNew: 314559K(314560K)->34943K(314560K) Eden: 279616K(279616K)->0K(279616K) From: 34943K(34944K)->34943K(34944K)
[603.725s][info][gc,heap        ] GC(1293) Tenured: 49353K(699072K)->233613K(699072K)
[603.725s][info][gc,metaspace   ] GC(1293) Metaspace: 16625K(16960K)->16625K(16960K) NonClass: 14295K(14464K)->14295K(14464K) Class: 2330K(2496K)->2330K(2496K)
[603.725s][info][gc             ] GC(1293) Pause Young (Allocation Failure) 355M->262M(989M) 593.944ms
[603.725s][info][gc,cpu         ] GC(1293) User=0.58s Sys=0.00s Real=0.60s
[603.930s][info][gc,start       ] GC(1294) Pause Young (Allocation Failure)
[604.477s][info][gc,heap        ] GC(1294) DefNew: 314559K(314560K)->34943K(314560K) Eden: 279616K(279616K)->0K(279616K) From: 34943K(34944K)->34943K(34944K)
[604.477s][info][gc,heap        ] GC(1294) Tenured: 233613K(699072K)->407772K(699072K)
[604.477s][info][gc,metaspace   ] GC(1294) Metaspace: 16625K(16960K)->16625K(16960K) NonClass: 14295K(14464K)->14295K(14464K) Class: 2330K(2496K)->2330K(2496K)
[604.477s][info][gc             ] GC(1294) Pause Young (Allocation Failure) 535M->432M(989M) 547.402ms
[604.477s][info][gc,cpu         ] GC(1294) User=0.53s Sys=0.00s Real=0.55s
[606.756s][info][gc,start       ] GC(1295) Pause Young (Allocation Failure)
[607.133s][info][gc,heap        ] GC(1295) DefNew: 314559K(314560K)->34944K(314560K) Eden: 279616K(279616K)->0K(279616K) From: 34943K(34944K)->34944K(34944K)
[607.133s][info][gc,heap        ] GC(1295) Tenured: 407772K(699072K)->495849K(699072K)
[607.133s][info][gc,metaspace   ] GC(1295) Metaspace: 16626K(16960K)->16626K(16960K) NonClass: 14296K(14464K)->14296K(14464K) Class: 2330K(2496K)->2330K(2496K)
[607.133s][info][gc             ] GC(1295) Pause Young (Allocation Failure) 705M->518M(989M) 377.322ms
[607.133s][info][gc,cpu         ] GC(1295) User=0.38s Sys=0.00s Real=0.38s
[607.272s][info][gc,start       ] GC(1296) Pause Young (Allocation Failure)
[607.272s][info][gc             ] GC(1296) Pause Young (Allocation Failure) 791M->791M(989M) 0.116ms
[607.272s][info][gc,cpu         ] GC(1296) User=0.00s Sys=0.00s Real=0.00s
[607.272s][info][gc,start       ] GC(1297) Pause Full (Allocation Failure)
[607.272s][info][gc,phases,start] GC(1297) Phase 1: Mark live objects
[607.509s][info][gc,phases      ] GC(1297) Phase 1: Mark live objects 237.159ms
[607.509s][info][gc,phases,start] GC(1297) Phase 2: Compute new object addresses
[607.634s][info][gc,phases      ] GC(1297) Phase 2: Compute new object addresses 124.751ms
[607.634s][info][gc,phases,start] GC(1297) Phase 3: Adjust pointers
[607.752s][info][gc,phases      ] GC(1297) Phase 3: Adjust pointers 117.753ms
[607.752s][info][gc,phases,start] GC(1297) Phase 4: Move objects
[607.832s][info][gc,phases      ] GC(1297) Phase 4: Move objects 80.605ms
[607.833s][info][gc,heap        ] GC(1297) DefNew: 314560K(314560K)->0K(314560K) Eden: 279616K(279616K)->0K(279616K) From: 34944K(34944K)->0K(34944K)
[607.833s][info][gc,heap        ] GC(1297) Tenured: 495849K(699072K)->211941K(699072K)
[607.833s][info][gc,metaspace   ] GC(1297) Metaspace: 16626K(16960K)->16626K(16960K) NonClass: 14296K(14464K)->14296K(14464K) Class: 2330K(2496K)->2330K(2496K)
[607.833s][info][gc             ] GC(1297) Pause Full (Allocation Failure) 791M->206M(989M) 560.719ms
[607.833s][info][gc,cpu         ] GC(1297) User=0.53s Sys=0.00s Real=0.55s
[607.974s][info][gc,start       ] GC(1298) Pause Young (Allocation Failure)
[608.259s][info][gc,heap        ] GC(1298) DefNew: 279616K(314560K)->34944K(314560K) Eden: 279616K(279616K)->0K(279616K) From: 0K(34944K)->34944K(34944K)
[608.259s][info][gc,heap        ] GC(1298) Tenured: 211941K(699072K)->294624K(699072K)
[608.259s][info][gc,metaspace   ] GC(1298) Metaspace: 16626K(16960K)->16626K(16960K) NonClass: 14296K(14464K)->14296K(14464K) Class: 2330K(2496K)->2330K(2496K)
[608.259s][info][gc             ] GC(1298) Pause Young (Allocation Failure) 480M->321M(989M) 285.166ms
[608.259s][info][gc,cpu         ] GC(1298) User=0.25s Sys=0.00s Real=0.28s
[608.422s][info][gc,start       ] GC(1299) Pause Young (Allocation Failure)
[608.888s][info][gc,heap        ] GC(1299) DefNew: 314560K(314560K)->34944K(314560K) Eden: 279616K(279616K)->0K(279616K) From: 34944K(34944K)->34944K(34944K)
[608.888s][info][gc,heap        ] GC(1299) Tenured: 294624K(699072K)->422858K(699072K)
[608.888s][info][gc,metaspace   ] GC(1299) Metaspace: 16626K(16960K)->16626K(16960K) NonClass: 14296K(14464K)->14296K(14464K) Class: 2330K(2496K)->2330K(2496K)
[608.888s][info][gc             ] GC(1299) Pause Young (Allocation Failure) 594M->447M(989M) 466.182ms
[608.888s][info][gc,cpu         ] GC(1299) User=0.47s Sys=0.00s Real=0.45s
[609.350s][info][gc,start       ] GC(1300) Pause Young (Allocation Failure)
[609.554s][info][gc,heap        ] GC(1300) DefNew: 314560K(314560K)->25454K(314560K) Eden: 279616K(279616K)->0K(279616K) From: 34944K(34944K)->25454K(34944K)
[609.554s][info][gc,heap        ] GC(1300) Tenured: 422858K(699072K)->447734K(699072K)
[609.554s][info][gc,metaspace   ] GC(1300) Metaspace: 16626K(16960K)->16626K(16960K) NonClass: 14296K(14464K)->14296K(14464K) Class: 2330K(2496K)->2330K(2496K)
[609.554s][info][gc             ] GC(1300) Pause Young (Allocation Failure) 720M->462M(989M) 203.646ms
[609.554s][info][gc,cpu         ] GC(1300) User=0.19s Sys=0.02s Real=0.20s
[609.916s][info][gc,start       ] GC(1301) Pause Young (Allocation Failure)
[609.945s][info][gc,heap        ] GC(1301) DefNew: 305070K(314560K)->124K(314560K) Eden: 279616K(279616K)->0K(279616K) From: 25454K(34944K)->124K(34944K)
[609.945s][info][gc,heap        ] GC(1301) Tenured: 447734K(699072K)->450349K(699072K)
[609.945s][info][gc,metaspace   ] GC(1301) Metaspace: 16626K(16960K)->16626K(16960K) NonClass: 14296K(14464K)->14296K(14464K) Class: 2330K(2496K)->2330K(2496K)
[609.945s][info][gc             ] GC(1301) Pause Young (Allocation Failure) 735M->439M(989M) 28.624ms
[609.945s][info][gc,cpu         ] GC(1301) User=0.02s Sys=0.00s Real=0.03s
[610.623s][info][gc,start       ] GC(1302) Pause Full (System.gc())
[610.623s][info][gc,phases,start] GC(1302) Phase 1: Mark live objects
[610.630s][info][gc,phases      ] GC(1302) Phase 1: Mark live objects 6.931ms
[610.630s][info][gc,phases,start] GC(1302) Phase 2: Compute new object addresses
[610.711s][info][gc,phases      ] GC(1302) Phase 2: Compute new object addresses 80.985ms
[610.711s][info][gc,phases,start] GC(1302) Phase 3: Adjust pointers
[610.715s][info][gc,phases      ] GC(1302) Phase 3: Adjust pointers 4.116ms
[610.715s][info][gc,phases,start] GC(1302) Phase 4: Move objects
[610.715s][info][gc,phases      ] GC(1302) Phase 4: Move objects 0.009ms
[610.716s][info][gc,heap        ] GC(1302) DefNew: 91548K(314560K)->0K(314560K) Eden: 91423K(279616K)->0K(279616K) From: 124K(34944K)->0K(34944K)
[610.716s][info][gc,heap        ] GC(1302) Tenured: 450349K(699072K)->6334K(699072K)
[610.716s][info][gc,metaspace   ] GC(1302) Metaspace: 16638K(16960K)->16638K(16960K) NonClass: 14308K(14464K)->14308K(14464K) Class: 2330K(2496K)->2330K(2496K)
[610.716s][info][gc             ] GC(1302) Pause Full (System.gc()) 529M->6M(989M) 92.394ms
[610.716s][info][gc,cpu         ] GC(1302) User=0.08s Sys=0.00s Real=0.09s
[611.996s][info][gc,start       ] GC(1303) Pause Young (Allocation Failure)
[611.997s][info][gc,heap        ] GC(1303) DefNew: 279616K(314560K)->221K(314560K) Eden: 279616K(279616K)->0K(279616K) From: 0K(34944K)->221K(34944K)
[611.997s][info][gc,heap        ] GC(1303) Tenured: 6334K(699072K)->6334K(699072K)
[611.997s][info][gc,metaspace   ] GC(1303) Metaspace: 16638K(16960K)->16638K(16960K) NonClass: 14308K(14464K)->14308K(14464K) Class: 2330K(2496K)->2330K(2496K)
[611.997s][info][gc             ] GC(1303) Pause Young (Allocation Failure) 279M->6M(989M) 1.090ms
[611.997s][info][gc,cpu         ] GC(1303) User=0.00s Sys=0.00s Real=0.00s
[612.042s][info][gc,start       ] GC(1304) Pause Young (Allocation Failure)
[612.042s][info][gc,heap        ] GC(1304) DefNew: 279837K(314560K)->242K(314560K) Eden: 279616K(279616K)->0K(279616K) From: 221K(34944K)->242K(34944K)
[612.042s][info][gc,heap        ] GC(1304) Tenured: 6334K(699072K)->6334K(699072K)
[612.042s][info][gc,metaspace   ] GC(1304) Metaspace: 16638K(16960K)->16638K(16960K) NonClass: 14308K(14464K)->14308K(14464K) Class: 2330K(2496K)->2330K(2496K)
[612.042s][info][gc             ] GC(1304) Pause Young (Allocation Failure) 279M->6M(989M) 0.818ms
[612.042s][info][gc,cpu         ] GC(1304) User=0.00s Sys=0.00s Real=0.00s
[612.086s][info][gc,start       ] GC(1305) Pause Young (Allocation Failure)
[612.087s][info][gc,heap        ] GC(1305) DefNew: 279858K(314560K)->240K(314560K) Eden: 279616K(279616K)->0K(279616K) From: 242K(34944K)->240K(34944K)
[612.087s][info][gc,heap        ] GC(1305) Tenured: 6334K(699072K)->6334K(699072K)
[612.087s][info][gc,metaspace   ] GC(1305) Metaspace: 16638K(16960K)->16638K(16960K) NonClass: 14308K(14464K)->14308K(14464K) Class: 2330K(2496K)->2330K(2496K)
[612.087s][info][gc             ] GC(1305) Pause Young (Allocation Failure) 279M->6M(989M) 0.809ms
[612.087s][info][gc,cpu         ] GC(1305) User=0.00s Sys=0.00s Real=0.00s
[612.132s][info][gc,start       ] GC(1306) Pause Young (Allocation Failure)
[612.133s][info][gc,heap        ] GC(1306) DefNew: 279856K(314560K)->233K(314560K) Eden: 279616K(279616K)->0K(279616K) From: 240K(34944K)->233K(34944K)
[612.133s][info][gc,heap        ] GC(1306) Tenured: 6334K(699072K)->6334K(699072K)
[612.133s][info][gc,metaspace   ] GC(1306) Metaspace: 16638K(16960K)->16638K(16960K) NonClass: 14308K(14464K)->14308K(14464K) Class: 2330K(2496K)->2330K(2496K)
[612.133s][info][gc             ] GC(1306) Pause Young (Allocation Failure) 279M->6M(989M) 0.753ms
[612.133s][info][gc,cpu         ] GC(1306) User=0.00s Sys=0.00s Real=0.00s
[612.177s][info][gc,start       ] GC(1307) Pause Young (Allocation Failure)
[612.178s][info][gc,heap        ] GC(1307) DefNew: 279849K(314560K)->244K(314560K) Eden: 279616K(279616K)->0K(279616K) From: 233K(34944K)->244K(34944K)
[612.178s][info][gc,heap        ] GC(1307) Tenured: 6334K(699072K)->6334K(699072K)
[612.178s][info][gc,metaspace   ] GC(1307) Metaspace: 16638K(16960K)->16638K(16960K) NonClass: 14308K(14464K)->14308K(14464K) Class: 2330K(2496K)->2330K(2496K)
[612.178s][info][gc             ] GC(1307) Pause Young (Allocation Failure) 279M->6M(989M) 0.782ms
[612.178s][info][gc,cpu         ] GC(1307) User=0.00s Sys=0.00s Real=0.00s
[612.221s][info][gc,start       ] GC(1308) Pause Young (Allocation Failure)
[612.222s][info][gc,heap        ] GC(1308) DefNew: 279860K(314560K)->232K(314560K) Eden: 279616K(279616K)->0K(279616K) From: 244K(34944K)->232K(34944K)
[612.222s][info][gc,heap        ] GC(1308) Tenured: 6334K(699072K)->6334K(699072K)
[612.222s][info][gc,metaspace   ] GC(1308) Metaspace: 16638K(16960K)->16638K(16960K) NonClass: 14308K(14464K)->14308K(14464K) Class: 2330K(2496K)->2330K(2496K)
[612.222s][info][gc             ] GC(1308) Pause Young (Allocation Failure) 279M->6M(989M) 0.779ms
[612.222s][info][gc,cpu         ] GC(1308) User=0.00s Sys=0.00s Real=0.00s
[612.266s][info][gc,start       ] GC(1309) Pause Young (Allocation Failure)
[612.267s][info][gc,heap        ] GC(1309) DefNew: 279848K(314560K)->233K(314560K) Eden: 279616K(279616K)->0K(279616K) From: 232K(34944K)->233K(34944K)
[612.267s][info][gc,heap        ] GC(1309) Tenured: 6334K(699072K)->6334K(699072K)
[612.267s][info][gc,metaspace   ] GC(1309) Metaspace: 16638K(16960K)->16638K(16960K) NonClass: 14308K(14464K)->14308K(14464K) Class: 2330K(2496K)->2330K(2496K)
[612.267s][info][gc             ] GC(1309) Pause Young (Allocation Failure) 279M->6M(989M) 0.858ms
[612.267s][info][gc,cpu         ] GC(1309) User=0.00s Sys=0.00s Real=0.00s
[612.312s][info][gc,start       ] GC(1310) Pause Young (Allocation Failure)
[612.313s][info][gc,heap        ] GC(1310) DefNew: 279849K(314560K)->234K(314560K) Eden: 279616K(279616K)->0K(279616K) From: 233K(34944K)->234K(34944K)
[612.313s][info][gc,heap        ] GC(1310) Tenured: 6334K(699072K)->6334K(699072K)
[612.313s][info][gc,metaspace   ] GC(1310) Metaspace: 16638K(16960K)->16638K(16960K) NonClass: 14308K(14464K)->14308K(14464K) Class: 2330K(2496K)->2330K(2496K)
[612.313s][info][gc             ] GC(1310) Pause Young (Allocation Failure) 279M->6M(989M) 0.785ms
[612.313s][info][gc,cpu         ] GC(1310) User=0.00s Sys=0.00s Real=0.00s
[612.359s][info][gc,start       ] GC(1311) Pause Young (Allocation Failure)
[612.360s][info][gc,heap        ] GC(1311) DefNew: 279850K(314560K)->210K(314560K) Eden: 279616K(279616K)->0K(279616K) From: 234K(34944K)->210K(34944K)
[612.360s][info][gc,heap        ] GC(1311) Tenured: 6334K(699072K)->6334K(699072K)
[612.360s][info][gc,metaspace   ] GC(1311) Metaspace: 16638K(16960K)->16638K(16960K) NonClass: 14308K(14464K)->14308K(14464K) Class: 2330K(2496K)->2330K(2496K)
[612.360s][info][gc             ] GC(1311) Pause Young (Allocation Failure) 279M->6M(989M) 0.877ms
[612.360s][info][gc,cpu         ] GC(1311) User=0.00s Sys=0.00s Real=0.00s
[612.410s][info][gc,start       ] GC(1312) Pause Young (Allocation Failure)
[612.410s][info][gc,heap        ] GC(1312) DefNew: 279826K(314560K)->228K(314560K) Eden: 279616K(279616K)->0K(279616K) From: 210K(34944K)->228K(34944K)
[612.410s][info][gc,heap        ] GC(1312) Tenured: 6334K(699072K)->6334K(699072K)
[612.410s][info][gc,metaspace   ] GC(1312) Metaspace: 16638K(16960K)->16638K(16960K) NonClass: 14308K(14464K)->14308K(14464K) Class: 2330K(2496K)->2330K(2496K)
[612.410s][info][gc             ] GC(1312) Pause Young (Allocation Failure) 279M->6M(989M) 0.874ms
[612.410s][info][gc,cpu         ] GC(1312) User=0.00s Sys=0.00s Real=0.00s
[612.494s][info][gc,start       ] GC(1313) Pause Young (Allocation Failure)
[612.694s][info][gc,heap        ] GC(1313) DefNew: 279844K(314560K)->34943K(314560K) Eden: 279616K(279616K)->0K(279616K) From: 228K(34944K)->34943K(34944K)
[612.694s][info][gc,heap        ] GC(1313) Tenured: 6334K(699072K)->52352K(699072K)
[612.694s][info][gc,metaspace   ] GC(1313) Metaspace: 16640K(16960K)->16640K(16960K) NonClass: 14310K(14464K)->14310K(14464K) Class: 2330K(2496K)->2330K(2496K)
[612.694s][info][gc             ] GC(1313) Pause Young (Allocation Failure) 279M->85M(989M) 199.952ms
[612.694s][info][gc,cpu         ] GC(1313) User=0.19s Sys=0.00s Real=0.20s
[612.862s][info][gc,start       ] GC(1314) Pause Young (Allocation Failure)
[613.469s][info][gc,heap        ] GC(1314) DefNew: 314559K(314560K)->34943K(314560K) Eden: 279616K(279616K)->0K(279616K) From: 34943K(34944K)->34943K(34944K)
[613.469s][info][gc,heap        ] GC(1314) Tenured: 52352K(699072K)->236272K(699072K)
[613.469s][info][gc,metaspace   ] GC(1314) Metaspace: 16640K(16960K)->16640K(16960K) NonClass: 14310K(14464K)->14310K(14464K) Class: 2330K(2496K)->2330K(2496K)
[613.469s][info][gc             ] GC(1314) Pause Young (Allocation Failure) 358M->264M(989M) 606.789ms
[613.469s][info][gc,cpu         ] GC(1314) User=0.61s Sys=0.00s Real=0.61s
[613.676s][info][gc,start       ] GC(1315) Pause Young (Allocation Failure)
[614.214s][info][gc,heap        ] GC(1315) DefNew: 314559K(314560K)->34943K(314560K) Eden: 279616K(279616K)->0K(279616K) From: 34943K(34944K)->34943K(34944K)
[614.214s][info][gc,heap        ] GC(1315) Tenured: 236272K(699072K)->407943K(699072K)
[614.214s][info][gc,metaspace   ] GC(1315) Metaspace: 16640K(16960K)->16640K(16960K) NonClass: 14310K(14464K)->14310K(14464K) Class: 2330K(2496K)->2330K(2496K)
[614.214s][info][gc             ] GC(1315) Pause Young (Allocation Failure) 537M->432M(989M) 537.976ms
[614.214s][info][gc,cpu         ] GC(1315) User=0.50s Sys=0.00s Real=0.53s
[616.538s][info][gc,start       ] GC(1316) Pause Young (Allocation Failure)
[616.917s][info][gc,heap        ] GC(1316) DefNew: 314559K(314560K)->34944K(314560K) Eden: 279616K(279616K)->0K(279616K) From: 34943K(34944K)->34944K(34944K)
[616.917s][info][gc,heap        ] GC(1316) Tenured: 407943K(699072K)->496335K(699072K)
[616.917s][info][gc,metaspace   ] GC(1316) Metaspace: 16640K(16960K)->16640K(16960K) NonClass: 14310K(14464K)->14310K(14464K) Class: 2330K(2496K)->2330K(2496K)
[616.917s][info][gc             ] GC(1316) Pause Young (Allocation Failure) 705M->518M(989M) 378.846ms
[616.917s][info][gc,cpu         ] GC(1316) User=0.36s Sys=0.00s Real=0.38s
[617.054s][info][gc,start       ] GC(1317) Pause Young (Allocation Failure)
[617.054s][info][gc             ] GC(1317) Pause Young (Allocation Failure) 791M->791M(989M) 0.137ms
[617.054s][info][gc,cpu         ] GC(1317) User=0.00s Sys=0.00s Real=0.00s
[617.054s][info][gc,start       ] GC(1318) Pause Full (Allocation Failure)
[617.054s][info][gc,phases,start] GC(1318) Phase 1: Mark live objects
[617.288s][info][gc,phases      ] GC(1318) Phase 1: Mark live objects 233.916ms
[617.288s][info][gc,phases,start] GC(1318) Phase 2: Compute new object addresses
[617.415s][info][gc,phases      ] GC(1318) Phase 2: Compute new object addresses 127.152ms
[617.415s][info][gc,phases,start] GC(1318) Phase 3: Adjust pointers
[617.534s][info][gc,phases      ] GC(1318) Phase 3: Adjust pointers 118.716ms
[617.534s][info][gc,phases,start] GC(1318) Phase 4: Move objects
[617.616s][info][gc,phases      ] GC(1318) Phase 4: Move objects 81.775ms
[617.616s][info][gc,heap        ] GC(1318) DefNew: 314560K(314560K)->0K(314560K) Eden: 279616K(279616K)->0K(279616K) From: 34944K(34944K)->0K(34944K)
[617.616s][info][gc,heap        ] GC(1318) Tenured: 496335K(699072K)->212001K(699072K)
[617.616s][info][gc,metaspace   ] GC(1318) Metaspace: 16640K(16960K)->16640K(16960K) NonClass: 14310K(14464K)->14310K(14464K) Class: 2330K(2496K)->2330K(2496K)
[617.616s][info][gc             ] GC(1318) Pause Full (Allocation Failure) 791M->207M(989M) 562.017ms
[617.616s][info][gc,cpu         ] GC(1318) User=0.53s Sys=0.00s Real=0.55s
[617.758s][info][gc,start       ] GC(1319) Pause Young (Allocation Failure)
[618.042s][info][gc,heap        ] GC(1319) DefNew: 279616K(314560K)->34944K(314560K) Eden: 279616K(279616K)->0K(279616K) From: 0K(34944K)->34944K(34944K)
[618.042s][info][gc,heap        ] GC(1319) Tenured: 212001K(699072K)->294684K(699072K)
[618.042s][info][gc,metaspace   ] GC(1319) Metaspace: 16640K(16960K)->16640K(16960K) NonClass: 14310K(14464K)->14310K(14464K) Class: 2330K(2496K)->2330K(2496K)
[618.042s][info][gc             ] GC(1319) Pause Young (Allocation Failure) 480M->321M(989M) 283.784ms
[618.042s][info][gc,cpu         ] GC(1319) User=0.27s Sys=0.00s Real=0.28s
[618.201s][info][gc,start       ] GC(1320) Pause Young (Allocation Failure)
[618.671s][info][gc,heap        ] GC(1320) DefNew: 314560K(314560K)->34944K(314560K) Eden: 279616K(279616K)->0K(279616K) From: 34944K(34944K)->34944K(34944K)
[618.671s][info][gc,heap        ] GC(1320) Tenured: 294684K(699072K)->422960K(699072K)
[618.671s][info][gc,metaspace   ] GC(1320) Metaspace: 16640K(16960K)->16640K(16960K) NonClass: 14310K(14464K)->14310K(14464K) Class: 2330K(2496K)->2330K(2496K)
[618.671s][info][gc             ] GC(1320) Pause Young (Allocation Failure) 594M->447M(989M) 470.235ms
[618.671s][info][gc,cpu         ] GC(1320) User=0.47s Sys=0.00s Real=0.47s
[619.132s][info][gc,start       ] GC(1321) Pause Young (Allocation Failure)
[619.339s][info][gc,heap        ] GC(1321) DefNew: 314560K(314560K)->25351K(314560K) Eden: 279616K(279616K)->0K(279616K) From: 34944K(34944K)->25351K(34944K)
[619.339s][info][gc,heap        ] GC(1321) Tenured: 422960K(699072K)->447830K(699072K)
[619.339s][info][gc,metaspace   ] GC(1321) Metaspace: 16640K(16960K)->16640K(16960K) NonClass: 14310K(14464K)->14310K(14464K) Class: 2330K(2496K)->2330K(2496K)
[619.339s][info][gc             ] GC(1321) Pause Young (Allocation Failure) 720M->462M(989M) 207.286ms
[619.339s][info][gc,cpu         ] GC(1321) User=0.20s Sys=0.00s Real=0.20s
[619.705s][info][gc,start       ] GC(1322) Pause Young (Allocation Failure)
[619.733s][info][gc,heap        ] GC(1322) DefNew: 304967K(314560K)->121K(314560K) Eden: 279616K(279616K)->0K(279616K) From: 25351K(34944K)->121K(34944K)
[619.734s][info][gc,heap        ] GC(1322) Tenured: 447830K(699072K)->450430K(699072K)
[619.734s][info][gc,metaspace   ] GC(1322) Metaspace: 16640K(16960K)->16640K(16960K) NonClass: 14310K(14464K)->14310K(14464K) Class: 2330K(2496K)->2330K(2496K)
[619.734s][info][gc             ] GC(1322) Pause Young (Allocation Failure) 735M->439M(989M) 28.876ms
[619.734s][info][gc,cpu         ] GC(1322) User=0.02s Sys=0.00s Real=0.03s
[620.396s][info][gc,start       ] GC(1323) Pause Full (System.gc())
[620.396s][info][gc,phases,start] GC(1323) Phase 1: Mark live objects
[620.403s][info][gc,phases      ] GC(1323) Phase 1: Mark live objects 6.909ms
[620.403s][info][gc,phases,start] GC(1323) Phase 2: Compute new object addresses
[620.485s][info][gc,phases      ] GC(1323) Phase 2: Compute new object addresses 81.429ms
[620.485s][info][gc,phases,start] GC(1323) Phase 3: Adjust pointers
[620.489s][info][gc,phases      ] GC(1323) Phase 3: Adjust pointers 4.051ms
[620.489s][info][gc,phases,start] GC(1323) Phase 4: Move objects
[620.489s][info][gc,phases      ] GC(1323) Phase 4: Move objects 0.009ms
[620.489s][info][gc,heap        ] GC(1323) DefNew: 89704K(314560K)->0K(314560K) Eden: 89582K(279616K)->0K(279616K) From: 121K(34944K)->0K(34944K)
[620.489s][info][gc,heap        ] GC(1323) Tenured: 450430K(699072K)->6335K(699072K)
[620.489s][info][gc,metaspace   ] GC(1323) Metaspace: 16640K(16960K)->16640K(16960K) NonClass: 14310K(14464K)->14310K(14464K) Class: 2330K(2496K)->2330K(2496K)
[620.489s][info][gc             ] GC(1323) Pause Full (System.gc()) 527M->6M(989M) 92.760ms
[620.489s][info][gc,cpu         ] GC(1323) User=0.08s Sys=0.00s Real=0.09s
[621.763s][info][gc,start       ] GC(1324) Pause Young (Allocation Failure)
[621.764s][info][gc,heap        ] GC(1324) DefNew: 279616K(314560K)->255K(314560K) Eden: 279616K(279616K)->0K(279616K) From: 0K(34944K)->255K(34944K)
[621.764s][info][gc,heap        ] GC(1324) Tenured: 6335K(699072K)->6335K(699072K)
[621.764s][info][gc,metaspace   ] GC(1324) Metaspace: 16640K(16960K)->16640K(16960K) NonClass: 14310K(14464K)->14310K(14464K) Class: 2330K(2496K)->2330K(2496K)
[621.764s][info][gc             ] GC(1324) Pause Young (Allocation Failure) 279M->6M(989M) 1.141ms
[621.764s][info][gc,cpu         ] GC(1324) User=0.00s Sys=0.00s Real=0.00s
[621.808s][info][gc,start       ] GC(1325) Pause Young (Allocation Failure)
[621.809s][info][gc,heap        ] GC(1325) DefNew: 279871K(314560K)->248K(314560K) Eden: 279616K(279616K)->0K(279616K) From: 255K(34944K)->248K(34944K)
[621.809s][info][gc,heap        ] GC(1325) Tenured: 6335K(699072K)->6335K(699072K)
[621.809s][info][gc,metaspace   ] GC(1325) Metaspace: 16640K(16960K)->16640K(16960K) NonClass: 14310K(14464K)->14310K(14464K) Class: 2330K(2496K)->2330K(2496K)
[621.809s][info][gc             ] GC(1325) Pause Young (Allocation Failure) 279M->6M(989M) 0.855ms
[621.809s][info][gc,cpu         ] GC(1325) User=0.00s Sys=0.00s Real=0.00s
[621.853s][info][gc,start       ] GC(1326) Pause Young (Allocation Failure)
[621.854s][info][gc,heap        ] GC(1326) DefNew: 279864K(314560K)->227K(314560K) Eden: 279616K(279616K)->0K(279616K) From: 248K(34944K)->227K(34944K)
[621.854s][info][gc,heap        ] GC(1326) Tenured: 6335K(699072K)->6335K(699072K)
[621.854s][info][gc,metaspace   ] GC(1326) Metaspace: 16640K(16960K)->16640K(16960K) NonClass: 14310K(14464K)->14310K(14464K) Class: 2330K(2496K)->2330K(2496K)
[621.854s][info][gc             ] GC(1326) Pause Young (Allocation Failure) 279M->6M(989M) 0.758ms
[621.854s][info][gc,cpu         ] GC(1326) User=0.00s Sys=0.00s Real=0.00s
[621.899s][info][gc,start       ] GC(1327) Pause Young (Allocation Failure)
[621.900s][info][gc,heap        ] GC(1327) DefNew: 279843K(314560K)->247K(314560K) Eden: 279616K(279616K)->0K(279616K) From: 227K(34944K)->247K(34944K)
[621.900s][info][gc,heap        ] GC(1327) Tenured: 6335K(699072K)->6335K(699072K)
[621.900s][info][gc,metaspace   ] GC(1327) Metaspace: 16640K(16960K)->16640K(16960K) NonClass: 14310K(14464K)->14310K(14464K) Class: 2330K(2496K)->2330K(2496K)
[621.900s][info][gc             ] GC(1327) Pause Young (Allocation Failure) 279M->6M(989M) 0.779ms
[621.900s][info][gc,cpu         ] GC(1327) User=0.00s Sys=0.00s Real=0.00s
[621.943s][info][gc,start       ] GC(1328) Pause Young (Allocation Failure)
[621.944s][info][gc,heap        ] GC(1328) DefNew: 279863K(314560K)->254K(314560K) Eden: 279616K(279616K)->0K(279616K) From: 247K(34944K)->254K(34944K)
[621.944s][info][gc,heap        ] GC(1328) Tenured: 6335K(699072K)->6335K(699072K)
[621.944s][info][gc,metaspace   ] GC(1328) Metaspace: 16640K(16960K)->16640K(16960K) NonClass: 14310K(14464K)->14310K(14464K) Class: 2330K(2496K)->2330K(2496K)
[621.944s][info][gc             ] GC(1328) Pause Young (Allocation Failure) 279M->6M(989M) 0.786ms
[621.944s][info][gc,cpu         ] GC(1328) User=0.00s Sys=0.00s Real=0.00s
[621.988s][info][gc,start       ] GC(1329) Pause Young (Allocation Failure)
[621.989s][info][gc,heap        ] GC(1329) DefNew: 279870K(314560K)->241K(314560K) Eden: 279616K(279616K)->0K(279616K) From: 254K(34944K)->241K(34944K)
[621.989s][info][gc,heap        ] GC(1329) Tenured: 6335K(699072K)->6335K(699072K)
[621.989s][info][gc,metaspace   ] GC(1329) Metaspace: 16640K(16960K)->16640K(16960K) NonClass: 14310K(14464K)->14310K(14464K) Class: 2330K(2496K)->2330K(2496K)
[621.989s][info][gc             ] GC(1329) Pause Young (Allocation Failure) 279M->6M(989M) 0.840ms
[621.989s][info][gc,cpu         ] GC(1329) User=0.00s Sys=0.00s Real=0.00s
[622.033s][info][gc,start       ] GC(1330) Pause Young (Allocation Failure)
[622.033s][info][gc,heap        ] GC(1330) DefNew: 279857K(314560K)->247K(314560K) Eden: 279616K(279616K)->0K(279616K) From: 241K(34944K)->247K(34944K)
[622.033s][info][gc,heap        ] GC(1330) Tenured: 6335K(699072K)->6335K(699072K)
[622.033s][info][gc,metaspace   ] GC(1330) Metaspace: 16640K(16960K)->16640K(16960K) NonClass: 14310K(14464K)->14310K(14464K) Class: 2330K(2496K)->2330K(2496K)
[622.033s][info][gc             ] GC(1330) Pause Young (Allocation Failure) 279M->6M(989M) 0.774ms
[622.033s][info][gc,cpu         ] GC(1330) User=0.00s Sys=0.00s Real=0.00s
[622.077s][info][gc,start       ] GC(1331) Pause Young (Allocation Failure)
[622.078s][info][gc,heap        ] GC(1331) DefNew: 279863K(314560K)->219K(314560K) Eden: 279616K(279616K)->0K(279616K) From: 247K(34944K)->219K(34944K)
[622.078s][info][gc,heap        ] GC(1331) Tenured: 6335K(699072K)->6335K(699072K)
[622.078s][info][gc,metaspace   ] GC(1331) Metaspace: 16640K(16960K)->16640K(16960K) NonClass: 14310K(14464K)->14310K(14464K) Class: 2330K(2496K)->2330K(2496K)
[622.078s][info][gc             ] GC(1331) Pause Young (Allocation Failure) 279M->6M(989M) 0.810ms
[622.078s][info][gc,cpu         ] GC(1331) User=0.00s Sys=0.00s Real=0.00s
[622.123s][info][gc,start       ] GC(1332) Pause Young (Allocation Failure)
[622.124s][info][gc,heap        ] GC(1332) DefNew: 279835K(314560K)->234K(314560K) Eden: 279616K(279616K)->0K(279616K) From: 219K(34944K)->234K(34944K)
[622.124s][info][gc,heap        ] GC(1332) Tenured: 6335K(699072K)->6335K(699072K)
[622.124s][info][gc,metaspace   ] GC(1332) Metaspace: 16640K(16960K)->16640K(16960K) NonClass: 14310K(14464K)->14310K(14464K) Class: 2330K(2496K)->2330K(2496K)
[622.124s][info][gc             ] GC(1332) Pause Young (Allocation Failure) 279M->6M(989M) 1.003ms
[622.124s][info][gc,cpu         ] GC(1332) User=0.00s Sys=0.00s Real=0.02s
[622.169s][info][gc,start       ] GC(1333) Pause Young (Allocation Failure)
[622.169s][info][gc,heap        ] GC(1333) DefNew: 279850K(314560K)->190K(314560K) Eden: 279616K(279616K)->0K(279616K) From: 234K(34944K)->190K(34944K)
[622.169s][info][gc,heap        ] GC(1333) Tenured: 6335K(699072K)->6335K(699072K)
[622.169s][info][gc,metaspace   ] GC(1333) Metaspace: 16640K(16960K)->16640K(16960K) NonClass: 14310K(14464K)->14310K(14464K) Class: 2330K(2496K)->2330K(2496K)
[622.169s][info][gc             ] GC(1333) Pause Young (Allocation Failure) 279M->6M(989M) 0.707ms
[622.169s][info][gc,cpu         ] GC(1333) User=0.00s Sys=0.00s Real=0.00s
[622.251s][info][gc,start       ] GC(1334) Pause Young (Allocation Failure)
[622.451s][info][gc,heap        ] GC(1334) DefNew: 279806K(314560K)->34943K(314560K) Eden: 279616K(279616K)->0K(279616K) From: 190K(34944K)->34943K(34944K)
[622.452s][info][gc,heap        ] GC(1334) Tenured: 6335K(699072K)->51557K(699072K)
[622.452s][info][gc,metaspace   ] GC(1334) Metaspace: 16640K(16960K)->16640K(16960K) NonClass: 14310K(14464K)->14310K(14464K) Class: 2330K(2496K)->2330K(2496K)
[622.452s][info][gc             ] GC(1334) Pause Young (Allocation Failure) 279M->84M(989M) 200.447ms
[622.452s][info][gc,cpu         ] GC(1334) User=0.19s Sys=0.00s Real=0.19s
[622.627s][info][gc,start       ] GC(1335) Pause Young (Allocation Failure)
[623.229s][info][gc,heap        ] GC(1335) DefNew: 314559K(314560K)->34943K(314560K) Eden: 279616K(279616K)->0K(279616K) From: 34943K(34944K)->34943K(34944K)
[623.229s][info][gc,heap        ] GC(1335) Tenured: 51557K(699072K)->235582K(699072K)
[623.229s][info][gc,metaspace   ] GC(1335) Metaspace: 16640K(16960K)->16640K(16960K) NonClass: 14310K(14464K)->14310K(14464K) Class: 2330K(2496K)->2330K(2496K)
[623.229s][info][gc             ] GC(1335) Pause Young (Allocation Failure) 357M->264M(989M) 601.785ms
[623.229s][info][gc,cpu         ] GC(1335) User=0.58s Sys=0.00s Real=0.60s
[623.447s][info][gc,start       ] GC(1336) Pause Young (Allocation Failure)
[623.991s][info][gc,heap        ] GC(1336) DefNew: 314559K(314560K)->34944K(314560K) Eden: 279616K(279616K)->0K(279616K) From: 34943K(34944K)->34944K(34944K)
[623.991s][info][gc,heap        ] GC(1336) Tenured: 235582K(699072K)->407911K(699072K)
[623.991s][info][gc,metaspace   ] GC(1336) Metaspace: 16640K(16960K)->16640K(16960K) NonClass: 14310K(14464K)->14310K(14464K) Class: 2330K(2496K)->2330K(2496K)
[623.991s][info][gc             ] GC(1336) Pause Young (Allocation Failure) 537M->432M(989M) 543.853ms
[623.991s][info][gc,cpu         ] GC(1336) User=0.52s Sys=0.00s Real=0.55s
[626.590s][info][gc,start       ] GC(1337) Pause Young (Allocation Failure)
[626.968s][info][gc,heap        ] GC(1337) DefNew: 314560K(314560K)->34944K(314560K) Eden: 279616K(279616K)->0K(279616K) From: 34944K(34944K)->34944K(34944K)
[626.968s][info][gc,heap        ] GC(1337) Tenured: 407911K(699072K)->495766K(699072K)
[626.968s][info][gc,metaspace   ] GC(1337) Metaspace: 16640K(16960K)->16640K(16960K) NonClass: 14310K(14464K)->14310K(14464K) Class: 2330K(2496K)->2330K(2496K)
[626.968s][info][gc             ] GC(1337) Pause Young (Allocation Failure) 705M->518M(989M) 377.869ms
[626.968s][info][gc,cpu         ] GC(1337) User=0.34s Sys=0.00s Real=0.38s
[627.106s][info][gc,start       ] GC(1338) Pause Young (Allocation Failure)
[627.106s][info][gc             ] GC(1338) Pause Young (Allocation Failure) 791M->791M(989M) 0.131ms
[627.106s][info][gc,cpu         ] GC(1338) User=0.00s Sys=0.00s Real=0.00s
[627.106s][info][gc,start       ] GC(1339) Pause Full (Allocation Failure)
[627.106s][info][gc,phases,start] GC(1339) Phase 1: Mark live objects
[627.342s][info][gc,phases      ] GC(1339) Phase 1: Mark live objects 236.043ms
[627.342s][info][gc,phases,start] GC(1339) Phase 2: Compute new object addresses
[627.469s][info][gc,phases      ] GC(1339) Phase 2: Compute new object addresses 126.899ms
[627.469s][info][gc,phases,start] GC(1339) Phase 3: Adjust pointers
[627.588s][info][gc,phases      ] GC(1339) Phase 3: Adjust pointers 118.726ms
[627.588s][info][gc,phases,start] GC(1339) Phase 4: Move objects
[627.669s][info][gc,phases      ] GC(1339) Phase 4: Move objects 81.125ms
[627.669s][info][gc,heap        ] GC(1339) DefNew: 314560K(314560K)->0K(314560K) Eden: 279616K(279616K)->0K(279616K) From: 34944K(34944K)->0K(34944K)
[627.669s][info][gc,heap        ] GC(1339) Tenured: 495766K(699072K)->211448K(699072K)
[627.669s][info][gc,metaspace   ] GC(1339) Metaspace: 16640K(16960K)->16640K(16960K) NonClass: 14310K(14464K)->14310K(14464K) Class: 2330K(2496K)->2330K(2496K)
[627.669s][info][gc             ] GC(1339) Pause Full (Allocation Failure) 791M->206M(989M) 563.235ms
[627.669s][info][gc,cpu         ] GC(1339) User=0.55s Sys=0.02s Real=0.57s
[627.811s][info][gc,start       ] GC(1340) Pause Young (Allocation Failure)
[628.095s][info][gc,heap        ] GC(1340) DefNew: 279616K(314560K)->34944K(314560K) Eden: 279616K(279616K)->0K(279616K) From: 0K(34944K)->34944K(34944K)
[628.095s][info][gc,heap        ] GC(1340) Tenured: 211448K(699072K)->294131K(699072K)
[628.095s][info][gc,metaspace   ] GC(1340) Metaspace: 16640K(16960K)->16640K(16960K) NonClass: 14310K(14464K)->14310K(14464K) Class: 2330K(2496K)->2330K(2496K)
[628.095s][info][gc             ] GC(1340) Pause Young (Allocation Failure) 479M->321M(989M) 284.035ms
[628.095s][info][gc,cpu         ] GC(1340) User=0.27s Sys=0.00s Real=0.28s
[628.253s][info][gc,start       ] GC(1341) Pause Young (Allocation Failure)
[628.720s][info][gc,heap        ] GC(1341) DefNew: 314560K(314560K)->34944K(314560K) Eden: 279616K(279616K)->0K(279616K) From: 34944K(34944K)->34944K(34944K)
[628.720s][info][gc,heap        ] GC(1341) Tenured: 294131K(699072K)->422014K(699072K)
[628.720s][info][gc,metaspace   ] GC(1341) Metaspace: 16640K(16960K)->16640K(16960K) NonClass: 14310K(14464K)->14310K(14464K) Class: 2330K(2496K)->2330K(2496K)
[628.720s][info][gc             ] GC(1341) Pause Young (Allocation Failure) 594M->446M(989M) 466.973ms
[628.720s][info][gc,cpu         ] GC(1341) User=0.45s Sys=0.00s Real=0.47s
[629.182s][info][gc,start       ] GC(1342) Pause Young (Allocation Failure)
[629.391s][info][gc,heap        ] GC(1342) DefNew: 314560K(314560K)->26301K(314560K) Eden: 279616K(279616K)->0K(279616K) From: 34944K(34944K)->26301K(34944K)
[629.391s][info][gc,heap        ] GC(1342) Tenured: 422014K(699072K)->446943K(699072K)
[629.391s][info][gc,metaspace   ] GC(1342) Metaspace: 16640K(16960K)->16640K(16960K) NonClass: 14310K(14464K)->14310K(14464K) Class: 2330K(2496K)->2330K(2496K)
[629.391s][info][gc             ] GC(1342) Pause Young (Allocation Failure) 719M->462M(989M) 209.204ms
[629.391s][info][gc,cpu         ] GC(1342) User=0.19s Sys=0.00s Real=0.21s
[629.757s][info][gc,start       ] GC(1343) Pause Young (Allocation Failure)
[629.786s][info][gc,heap        ] GC(1343) DefNew: 305917K(314560K)->154K(314560K) Eden: 279616K(279616K)->0K(279616K) From: 26301K(34944K)->154K(34944K)
[629.787s][info][gc,heap        ] GC(1343) Tenured: 446943K(699072K)->449684K(699072K)
[629.787s][info][gc,metaspace   ] GC(1343) Metaspace: 16640K(16960K)->16640K(16960K) NonClass: 14310K(14464K)->14310K(14464K) Class: 2330K(2496K)->2330K(2496K)
[629.787s][info][gc             ] GC(1343) Pause Young (Allocation Failure) 735M->439M(989M) 29.877ms
[629.787s][info][gc,cpu         ] GC(1343) User=0.02s Sys=0.00s Real=0.02s
[630.449s][info][gc,start       ] GC(1344) Pause Full (System.gc())
[630.449s][info][gc,phases,start] GC(1344) Phase 1: Mark live objects
[630.456s][info][gc,phases      ] GC(1344) Phase 1: Mark live objects 6.957ms
[630.456s][info][gc,phases,start] GC(1344) Phase 2: Compute new object addresses
[630.537s][info][gc,phases      ] GC(1344) Phase 2: Compute new object addresses 80.670ms
[630.537s][info][gc,phases,start] GC(1344) Phase 3: Adjust pointers
[630.541s][info][gc,phases      ] GC(1344) Phase 3: Adjust pointers 4.084ms
[630.541s][info][gc,phases,start] GC(1344) Phase 4: Move objects
[630.541s][info][gc,phases      ] GC(1344) Phase 4: Move objects 0.014ms
[630.541s][info][gc,heap        ] GC(1344) DefNew: 95642K(314560K)->0K(314560K) Eden: 95488K(279616K)->0K(279616K) From: 154K(34944K)->0K(34944K)
[630.541s][info][gc,heap        ] GC(1344) Tenured: 449684K(699072K)->6334K(699072K)
[630.541s][info][gc,metaspace   ] GC(1344) Metaspace: 16655K(16960K)->16655K(16960K) NonClass: 14325K(14464K)->14325K(14464K) Class: 2330K(2496K)->2330K(2496K)
[630.541s][info][gc             ] GC(1344) Pause Full (System.gc()) 532M->6M(989M) 92.058ms
[630.541s][info][gc,cpu         ] GC(1344) User=0.08s Sys=0.00s Real=0.08s
[632.048s][info][gc,start       ] GC(1345) Pause Young (Allocation Failure)
[632.049s][info][gc,heap        ] GC(1345) DefNew: 279616K(314560K)->247K(314560K) Eden: 279616K(279616K)->0K(279616K) From: 0K(34944K)->247K(34944K)
[632.049s][info][gc,heap        ] GC(1345) Tenured: 6334K(699072K)->6334K(699072K)
[632.049s][info][gc,metaspace   ] GC(1345) Metaspace: 16655K(16960K)->16655K(16960K) NonClass: 14325K(14464K)->14325K(14464K) Class: 2330K(2496K)->2330K(2496K)
[632.049s][info][gc             ] GC(1345) Pause Young (Allocation Failure) 279M->6M(989M) 1.073ms
[632.049s][info][gc,cpu         ] GC(1345) User=0.00s Sys=0.00s Real=0.00s
[632.093s][info][gc,start       ] GC(1346) Pause Young (Allocation Failure)
[632.094s][info][gc,heap        ] GC(1346) DefNew: 279863K(314560K)->239K(314560K) Eden: 279616K(279616K)->0K(279616K) From: 247K(34944K)->239K(34944K)
[632.094s][info][gc,heap        ] GC(1346) Tenured: 6334K(699072K)->6334K(699072K)
[632.094s][info][gc,metaspace   ] GC(1346) Metaspace: 16655K(16960K)->16655K(16960K) NonClass: 14325K(14464K)->14325K(14464K) Class: 2330K(2496K)->2330K(2496K)
[632.094s][info][gc             ] GC(1346) Pause Young (Allocation Failure) 279M->6M(989M) 0.804ms
[632.094s][info][gc,cpu         ] GC(1346) User=0.00s Sys=0.00s Real=0.00s
[632.138s][info][gc,start       ] GC(1347) Pause Young (Allocation Failure)
[632.139s][info][gc,heap        ] GC(1347) DefNew: 279855K(314560K)->251K(314560K) Eden: 279616K(279616K)->0K(279616K) From: 239K(34944K)->251K(34944K)
[632.139s][info][gc,heap        ] GC(1347) Tenured: 6334K(699072K)->6334K(699072K)
[632.139s][info][gc,metaspace   ] GC(1347) Metaspace: 16655K(16960K)->16655K(16960K) NonClass: 14325K(14464K)->14325K(14464K) Class: 2330K(2496K)->2330K(2496K)
[632.139s][info][gc             ] GC(1347) Pause Young (Allocation Failure) 279M->6M(989M) 0.800ms
[632.139s][info][gc,cpu         ] GC(1347) User=0.00s Sys=0.00s Real=0.00s
[632.184s][info][gc,start       ] GC(1348) Pause Young (Allocation Failure)
[632.185s][info][gc,heap        ] GC(1348) DefNew: 279867K(314560K)->227K(314560K) Eden: 279616K(279616K)->0K(279616K) From: 251K(34944K)->227K(34944K)
[632.185s][info][gc,heap        ] GC(1348) Tenured: 6334K(699072K)->6334K(699072K)
[632.185s][info][gc,metaspace   ] GC(1348) Metaspace: 16655K(16960K)->16655K(16960K) NonClass: 14325K(14464K)->14325K(14464K) Class: 2330K(2496K)->2330K(2496K)
[632.185s][info][gc             ] GC(1348) Pause Young (Allocation Failure) 279M->6M(989M) 0.792ms
[632.185s][info][gc,cpu         ] GC(1348) User=0.00s Sys=0.00s Real=0.00s
[632.230s][info][gc,start       ] GC(1349) Pause Young (Allocation Failure)
[632.231s][info][gc,heap        ] GC(1349) DefNew: 279843K(314560K)->230K(314560K) Eden: 279616K(279616K)->0K(279616K) From: 227K(34944K)->230K(34944K)
[632.231s][info][gc,heap        ] GC(1349) Tenured: 6334K(699072K)->6334K(699072K)
[632.231s][info][gc,metaspace   ] GC(1349) Metaspace: 16655K(16960K)->16655K(16960K) NonClass: 14325K(14464K)->14325K(14464K) Class: 2330K(2496K)->2330K(2496K)
[632.231s][info][gc             ] GC(1349) Pause Young (Allocation Failure) 279M->6M(989M) 0.841ms
[632.231s][info][gc,cpu         ] GC(1349) User=0.00s Sys=0.00s Real=0.00s
[632.276s][info][gc,start       ] GC(1350) Pause Young (Allocation Failure)
[632.277s][info][gc,heap        ] GC(1350) DefNew: 279846K(314560K)->224K(314560K) Eden: 279616K(279616K)->0K(279616K) From: 230K(34944K)->224K(34944K)
[632.277s][info][gc,heap        ] GC(1350) Tenured: 6334K(699072K)->6334K(699072K)
[632.277s][info][gc,metaspace   ] GC(1350) Metaspace: 16655K(16960K)->16655K(16960K) NonClass: 14325K(14464K)->14325K(14464K) Class: 2330K(2496K)->2330K(2496K)
[632.277s][info][gc             ] GC(1350) Pause Young (Allocation Failure) 279M->6M(989M) 0.891ms
[632.277s][info][gc,cpu         ] GC(1350) User=0.00s Sys=0.00s Real=0.00s
[632.324s][info][gc,start       ] GC(1351) Pause Young (Allocation Failure)
[632.324s][info][gc,heap        ] GC(1351) DefNew: 279840K(314560K)->235K(314560K) Eden: 279616K(279616K)->0K(279616K) From: 224K(34944K)->235K(34944K)
[632.324s][info][gc,heap        ] GC(1351) Tenured: 6334K(699072K)->6334K(699072K)
[632.325s][info][gc,metaspace   ] GC(1351) Metaspace: 16655K(16960K)->16655K(16960K) NonClass: 14325K(14464K)->14325K(14464K) Class: 2330K(2496K)->2330K(2496K)
[632.325s][info][gc             ] GC(1351) Pause Young (Allocation Failure) 279M->6M(989M) 0.883ms
[632.325s][info][gc,cpu         ] GC(1351) User=0.00s Sys=0.00s Real=0.00s
[632.374s][info][gc,start       ] GC(1352) Pause Young (Allocation Failure)
[632.375s][info][gc,heap        ] GC(1352) DefNew: 279851K(314560K)->233K(314560K) Eden: 279616K(279616K)->0K(279616K) From: 235K(34944K)->233K(34944K)
[632.375s][info][gc,heap        ] GC(1352) Tenured: 6334K(699072K)->6334K(699072K)
[632.375s][info][gc,metaspace   ] GC(1352) Metaspace: 16655K(16960K)->16655K(16960K) NonClass: 14325K(14464K)->14325K(14464K) Class: 2330K(2496K)->2330K(2496K)
[632.375s][info][gc             ] GC(1352) Pause Young (Allocation Failure) 279M->6M(989M) 0.801ms
[632.375s][info][gc,cpu         ] GC(1352) User=0.02s Sys=0.00s Real=0.00s
[632.421s][info][gc,start       ] GC(1353) Pause Young (Allocation Failure)
[632.421s][info][gc,heap        ] GC(1353) DefNew: 279849K(314560K)->235K(314560K) Eden: 279616K(279616K)->0K(279616K) From: 233K(34944K)->235K(34944K)
[632.421s][info][gc,heap        ] GC(1353) Tenured: 6334K(699072K)->6334K(699072K)
[632.421s][info][gc,metaspace   ] GC(1353) Metaspace: 16655K(16960K)->16655K(16960K) NonClass: 14325K(14464K)->14325K(14464K) Class: 2330K(2496K)->2330K(2496K)
[632.421s][info][gc             ] GC(1353) Pause Young (Allocation Failure) 279M->6M(989M) 0.782ms
[632.421s][info][gc,cpu         ] GC(1353) User=0.00s Sys=0.00s Real=0.00s
[632.466s][info][gc,start       ] GC(1354) Pause Young (Allocation Failure)
[632.467s][info][gc,heap        ] GC(1354) DefNew: 279851K(314560K)->215K(314560K) Eden: 279616K(279616K)->0K(279616K) From: 235K(34944K)->215K(34944K)
[632.467s][info][gc,heap        ] GC(1354) Tenured: 6334K(699072K)->6334K(699072K)
[632.467s][info][gc,metaspace   ] GC(1354) Metaspace: 16655K(16960K)->16655K(16960K) NonClass: 14325K(14464K)->14325K(14464K) Class: 2330K(2496K)->2330K(2496K)
[632.467s][info][gc             ] GC(1354) Pause Young (Allocation Failure) 279M->6M(989M) 0.793ms
[632.467s][info][gc,cpu         ] GC(1354) User=0.00s Sys=0.00s Real=0.00s
[632.545s][info][gc,start       ] GC(1355) Pause Young (Allocation Failure)
[632.731s][info][gc,heap        ] GC(1355) DefNew: 279831K(314560K)->34943K(314560K) Eden: 279616K(279616K)->0K(279616K) From: 215K(34944K)->34943K(34944K)
[632.731s][info][gc,heap        ] GC(1355) Tenured: 6334K(699072K)->46842K(699072K)
[632.731s][info][gc,metaspace   ] GC(1355) Metaspace: 16655K(16960K)->16655K(16960K) NonClass: 14325K(14464K)->14325K(14464K) Class: 2330K(2496K)->2330K(2496K)
[632.731s][info][gc             ] GC(1355) Pause Young (Allocation Failure) 279M->79M(989M) 185.977ms
[632.731s][info][gc,cpu         ] GC(1355) User=0.17s Sys=0.00s Real=0.17s
[632.898s][info][gc,start       ] GC(1356) Pause Young (Allocation Failure)
[633.490s][info][gc,heap        ] GC(1356) DefNew: 314559K(314560K)->34943K(314560K) Eden: 279616K(279616K)->0K(279616K) From: 34943K(34944K)->34943K(34944K)
[633.490s][info][gc,heap        ] GC(1356) Tenured: 46842K(699072K)->230949K(699072K)
[633.490s][info][gc,metaspace   ] GC(1356) Metaspace: 16655K(16960K)->16655K(16960K) NonClass: 14325K(14464K)->14325K(14464K) Class: 2330K(2496K)->2330K(2496K)
[633.490s][info][gc             ] GC(1356) Pause Young (Allocation Failure) 352M->259M(989M) 591.445ms
[633.490s][info][gc,cpu         ] GC(1356) User=0.53s Sys=0.00s Real=0.60s
[633.689s][info][gc,start       ] GC(1357) Pause Young (Allocation Failure)
[634.239s][info][gc,heap        ] GC(1357) DefNew: 314559K(314560K)->34944K(314560K) Eden: 279616K(279616K)->0K(279616K) From: 34943K(34944K)->34944K(34944K)
[634.239s][info][gc,heap        ] GC(1357) Tenured: 230949K(699072K)->408293K(699072K)
[634.239s][info][gc,metaspace   ] GC(1357) Metaspace: 16655K(16960K)->16655K(16960K) NonClass: 14325K(14464K)->14325K(14464K) Class: 2330K(2496K)->2330K(2496K)
[634.239s][info][gc             ] GC(1357) Pause Young (Allocation Failure) 532M->432M(989M) 549.998ms
[634.239s][info][gc,cpu         ] GC(1357) User=0.52s Sys=0.00s Real=0.55s
[637.460s][info][gc,start       ] GC(1358) Pause Young (Allocation Failure)
[637.834s][info][gc,heap        ] GC(1358) DefNew: 314560K(314560K)->34944K(314560K) Eden: 279616K(279616K)->0K(279616K) From: 34944K(34944K)->34944K(34944K)
[637.834s][info][gc,heap        ] GC(1358) Tenured: 408293K(699072K)->493489K(699072K)
[637.834s][info][gc,metaspace   ] GC(1358) Metaspace: 16655K(16960K)->16655K(16960K) NonClass: 14325K(14464K)->14325K(14464K) Class: 2330K(2496K)->2330K(2496K)
[637.834s][info][gc             ] GC(1358) Pause Young (Allocation Failure) 705M->516M(989M) 373.492ms
[637.834s][info][gc,cpu         ] GC(1358) User=0.36s Sys=0.00s Real=0.38s
[637.971s][info][gc,start       ] GC(1359) Pause Young (Allocation Failure)
[637.971s][info][gc             ] GC(1359) Pause Young (Allocation Failure) 789M->789M(989M) 0.122ms
[637.971s][info][gc,cpu         ] GC(1359) User=0.00s Sys=0.00s Real=0.00s
[637.971s][info][gc,start       ] GC(1360) Pause Full (Allocation Failure)
[637.971s][info][gc,phases,start] GC(1360) Phase 1: Mark live objects
[638.202s][info][gc,phases      ] GC(1360) Phase 1: Mark live objects 230.965ms
[638.202s][info][gc,phases,start] GC(1360) Phase 2: Compute new object addresses
[638.332s][info][gc,phases      ] GC(1360) Phase 2: Compute new object addresses 129.194ms
[638.332s][info][gc,phases,start] GC(1360) Phase 3: Adjust pointers
[638.449s][info][gc,phases      ] GC(1360) Phase 3: Adjust pointers 117.552ms
[638.449s][info][gc,phases,start] GC(1360) Phase 4: Move objects
[638.530s][info][gc,phases      ] GC(1360) Phase 4: Move objects 80.233ms
[638.530s][info][gc,heap        ] GC(1360) DefNew: 314560K(314560K)->0K(314560K) Eden: 279616K(279616K)->0K(279616K) From: 34944K(34944K)->0K(34944K)
[638.530s][info][gc,heap        ] GC(1360) Tenured: 493489K(699072K)->208707K(699072K)
[638.530s][info][gc,metaspace   ] GC(1360) Metaspace: 16655K(16960K)->16655K(16960K) NonClass: 14325K(14464K)->14325K(14464K) Class: 2330K(2496K)->2330K(2496K)
[638.530s][info][gc             ] GC(1360) Pause Full (Allocation Failure) 789M->203M(989M) 558.434ms
[638.530s][info][gc,cpu         ] GC(1360) User=0.48s Sys=0.02s Real=0.55s
[638.671s][info][gc,start       ] GC(1361) Pause Young (Allocation Failure)
[638.954s][info][gc,heap        ] GC(1361) DefNew: 279616K(314560K)->34944K(314560K) Eden: 279616K(279616K)->0K(279616K) From: 0K(34944K)->34944K(34944K)
[638.955s][info][gc,heap        ] GC(1361) Tenured: 208707K(699072K)->291398K(699072K)
[638.955s][info][gc,metaspace   ] GC(1361) Metaspace: 16655K(16960K)->16655K(16960K) NonClass: 14325K(14464K)->14325K(14464K) Class: 2330K(2496K)->2330K(2496K)
[638.955s][info][gc             ] GC(1361) Pause Young (Allocation Failure) 476M->318M(989M) 283.798ms
[638.955s][info][gc,cpu         ] GC(1361) User=0.28s Sys=0.00s Real=0.30s
[639.111s][info][gc,start       ] GC(1362) Pause Young (Allocation Failure)
[639.555s][info][gc,heap        ] GC(1362) DefNew: 314560K(314560K)->34944K(314560K) Eden: 279616K(279616K)->0K(279616K) From: 34944K(34944K)->34944K(34944K)
[639.555s][info][gc,heap        ] GC(1362) Tenured: 291398K(699072K)->417330K(699072K)
[639.555s][info][gc,metaspace   ] GC(1362) Metaspace: 16655K(16960K)->16655K(16960K) NonClass: 14325K(14464K)->14325K(14464K) Class: 2330K(2496K)->2330K(2496K)
[639.555s][info][gc             ] GC(1362) Pause Young (Allocation Failure) 591M->441M(989M) 443.339ms
[639.555s][info][gc,cpu         ] GC(1362) User=0.41s Sys=0.00s Real=0.45s
[640.016s][info][gc,start       ] GC(1363) Pause Young (Allocation Failure)
[640.232s][info][gc,heap        ] GC(1363) DefNew: 314560K(314560K)->29923K(314560K) Eden: 279616K(279616K)->0K(279616K) From: 34944K(34944K)->29923K(34944K)
[640.232s][info][gc,heap        ] GC(1363) Tenured: 417330K(699072K)->443169K(699072K)
[640.232s][info][gc,metaspace   ] GC(1363) Metaspace: 16655K(16960K)->16655K(16960K) NonClass: 14325K(14464K)->14325K(14464K) Class: 2330K(2496K)->2330K(2496K)
[640.232s][info][gc             ] GC(1363) Pause Young (Allocation Failure) 714M->462M(989M) 216.316ms
[640.232s][info][gc,cpu         ] GC(1363) User=0.20s Sys=0.00s Real=0.22s
[640.601s][info][gc,start       ] GC(1364) Pause Young (Allocation Failure)
[640.647s][info][gc,heap        ] GC(1364) DefNew: 309539K(314560K)->367K(314560K) Eden: 279616K(279616K)->0K(279616K) From: 29923K(34944K)->367K(34944K)
[640.647s][info][gc,heap        ] GC(1364) Tenured: 443169K(699072K)->446573K(699072K)
[640.647s][info][gc,metaspace   ] GC(1364) Metaspace: 16655K(16960K)->16655K(16960K) NonClass: 14325K(14464K)->14325K(14464K) Class: 2330K(2496K)->2330K(2496K)
[640.647s][info][gc             ] GC(1364) Pause Young (Allocation Failure) 735M->436M(989M) 46.758ms
[640.647s][info][gc,cpu         ] GC(1364) User=0.05s Sys=0.00s Real=0.05s
[641.308s][info][gc,start       ] GC(1365) Pause Full (System.gc())
[641.308s][info][gc,phases,start] GC(1365) Phase 1: Mark live objects
[641.315s][info][gc,phases      ] GC(1365) Phase 1: Mark live objects 7.130ms
[641.315s][info][gc,phases,start] GC(1365) Phase 2: Compute new object addresses
[641.397s][info][gc,phases      ] GC(1365) Phase 2: Compute new object addresses 81.678ms
[641.397s][info][gc,phases,start] GC(1365) Phase 3: Adjust pointers
[641.401s][info][gc,phases      ] GC(1365) Phase 3: Adjust pointers 4.087ms
[641.401s][info][gc,phases,start] GC(1365) Phase 4: Move objects
[641.401s][info][gc,phases      ] GC(1365) Phase 4: Move objects 0.009ms
[641.401s][info][gc,heap        ] GC(1365) DefNew: 101943K(314560K)->0K(314560K) Eden: 101575K(279616K)->0K(279616K) From: 367K(34944K)->0K(34944K)
[641.401s][info][gc,heap        ] GC(1365) Tenured: 446573K(699072K)->6336K(699072K)
[641.401s][info][gc,metaspace   ] GC(1365) Metaspace: 16655K(16960K)->16655K(16960K) NonClass: 14325K(14464K)->14325K(14464K) Class: 2330K(2496K)->2330K(2496K)
[641.401s][info][gc             ] GC(1365) Pause Full (System.gc()) 535M->6M(989M) 93.248ms
[641.401s][info][gc,cpu         ] GC(1365) User=0.08s Sys=0.00s Real=0.09s
[642.670s][info][gc,start       ] GC(1366) Pause Young (Allocation Failure)
[642.671s][info][gc,heap        ] GC(1366) DefNew: 279616K(314560K)->255K(314560K) Eden: 279616K(279616K)->0K(279616K) From: 0K(34944K)->255K(34944K)
[642.671s][info][gc,heap        ] GC(1366) Tenured: 6336K(699072K)->6336K(699072K)
[642.671s][info][gc,metaspace   ] GC(1366) Metaspace: 16655K(16960K)->16655K(16960K) NonClass: 14325K(14464K)->14325K(14464K) Class: 2330K(2496K)->2330K(2496K)
[642.671s][info][gc             ] GC(1366) Pause Young (Allocation Failure) 279M->6M(989M) 1.114ms
[642.671s][info][gc,cpu         ] GC(1366) User=0.00s Sys=0.00s Real=0.02s
[642.715s][info][gc,start       ] GC(1367) Pause Young (Allocation Failure)
[642.716s][info][gc,heap        ] GC(1367) DefNew: 279871K(314560K)->239K(314560K) Eden: 279616K(279616K)->0K(279616K) From: 255K(34944K)->239K(34944K)
[642.716s][info][gc,heap        ] GC(1367) Tenured: 6336K(699072K)->6336K(699072K)
[642.716s][info][gc,metaspace   ] GC(1367) Metaspace: 16655K(16960K)->16655K(16960K) NonClass: 14325K(14464K)->14325K(14464K) Class: 2330K(2496K)->2330K(2496K)
[642.716s][info][gc             ] GC(1367) Pause Young (Allocation Failure) 279M->6M(989M) 0.890ms
[642.716s][info][gc,cpu         ] GC(1367) User=0.00s Sys=0.00s Real=0.00s
[642.760s][info][gc,start       ] GC(1368) Pause Young (Allocation Failure)
[642.761s][info][gc,heap        ] GC(1368) DefNew: 279855K(314560K)->247K(314560K) Eden: 279616K(279616K)->0K(279616K) From: 239K(34944K)->247K(34944K)
[642.761s][info][gc,heap        ] GC(1368) Tenured: 6336K(699072K)->6336K(699072K)
[642.761s][info][gc,metaspace   ] GC(1368) Metaspace: 16655K(16960K)->16655K(16960K) NonClass: 14325K(14464K)->14325K(14464K) Class: 2330K(2496K)->2330K(2496K)
[642.761s][info][gc             ] GC(1368) Pause Young (Allocation Failure) 279M->6M(989M) 0.891ms
[642.761s][info][gc,cpu         ] GC(1368) User=0.00s Sys=0.00s Real=0.00s
[642.805s][info][gc,start       ] GC(1369) Pause Young (Allocation Failure)
[642.806s][info][gc,heap        ] GC(1369) DefNew: 279863K(314560K)->246K(314560K) Eden: 279616K(279616K)->0K(279616K) From: 247K(34944K)->246K(34944K)
[642.806s][info][gc,heap        ] GC(1369) Tenured: 6336K(699072K)->6336K(699072K)
[642.806s][info][gc,metaspace   ] GC(1369) Metaspace: 16655K(16960K)->16655K(16960K) NonClass: 14325K(14464K)->14325K(14464K) Class: 2330K(2496K)->2330K(2496K)
[642.806s][info][gc             ] GC(1369) Pause Young (Allocation Failure) 279M->6M(989M) 0.828ms
[642.806s][info][gc,cpu         ] GC(1369) User=0.00s Sys=0.00s Real=0.00s
[642.850s][info][gc,start       ] GC(1370) Pause Young (Allocation Failure)
[642.851s][info][gc,heap        ] GC(1370) DefNew: 279862K(314560K)->245K(314560K) Eden: 279616K(279616K)->0K(279616K) From: 246K(34944K)->245K(34944K)
[642.851s][info][gc,heap        ] GC(1370) Tenured: 6336K(699072K)->6336K(699072K)
[642.851s][info][gc,metaspace   ] GC(1370) Metaspace: 16655K(16960K)->16655K(16960K) NonClass: 14325K(14464K)->14325K(14464K) Class: 2330K(2496K)->2330K(2496K)
[642.851s][info][gc             ] GC(1370) Pause Young (Allocation Failure) 279M->6M(989M) 0.832ms
[642.851s][info][gc,cpu         ] GC(1370) User=0.00s Sys=0.00s Real=0.00s
[642.895s][info][gc,start       ] GC(1371) Pause Young (Allocation Failure)
[642.896s][info][gc,heap        ] GC(1371) DefNew: 279861K(314560K)->232K(314560K) Eden: 279616K(279616K)->0K(279616K) From: 245K(34944K)->232K(34944K)
[642.896s][info][gc,heap        ] GC(1371) Tenured: 6336K(699072K)->6336K(699072K)
[642.896s][info][gc,metaspace   ] GC(1371) Metaspace: 16655K(16960K)->16655K(16960K) NonClass: 14325K(14464K)->14325K(14464K) Class: 2330K(2496K)->2330K(2496K)
[642.896s][info][gc             ] GC(1371) Pause Young (Allocation Failure) 279M->6M(989M) 0.845ms
[642.896s][info][gc,cpu         ] GC(1371) User=0.00s Sys=0.00s Real=0.00s
[642.940s][info][gc,start       ] GC(1372) Pause Young (Allocation Failure)
[642.941s][info][gc,heap        ] GC(1372) DefNew: 279848K(314560K)->221K(314560K) Eden: 279616K(279616K)->0K(279616K) From: 232K(34944K)->221K(34944K)
[642.941s][info][gc,heap        ] GC(1372) Tenured: 6336K(699072K)->6336K(699072K)
[642.941s][info][gc,metaspace   ] GC(1372) Metaspace: 16655K(16960K)->16655K(16960K) NonClass: 14325K(14464K)->14325K(14464K) Class: 2330K(2496K)->2330K(2496K)
[642.941s][info][gc             ] GC(1372) Pause Young (Allocation Failure) 279M->6M(989M) 0.872ms
[642.941s][info][gc,cpu         ] GC(1372) User=0.00s Sys=0.00s Real=0.00s
[642.986s][info][gc,start       ] GC(1373) Pause Young (Allocation Failure)
[642.986s][info][gc,heap        ] GC(1373) DefNew: 279837K(314560K)->252K(314560K) Eden: 279616K(279616K)->0K(279616K) From: 221K(34944K)->252K(34944K)
[642.987s][info][gc,heap        ] GC(1373) Tenured: 6336K(699072K)->6336K(699072K)
[642.987s][info][gc,metaspace   ] GC(1373) Metaspace: 16655K(16960K)->16655K(16960K) NonClass: 14325K(14464K)->14325K(14464K) Class: 2330K(2496K)->2330K(2496K)
[642.987s][info][gc             ] GC(1373) Pause Young (Allocation Failure) 279M->6M(989M) 0.852ms
[642.987s][info][gc,cpu         ] GC(1373) User=0.00s Sys=0.00s Real=0.00s
[643.032s][info][gc,start       ] GC(1374) Pause Young (Allocation Failure)
[643.032s][info][gc,heap        ] GC(1374) DefNew: 279868K(314560K)->236K(314560K) Eden: 279616K(279616K)->0K(279616K) From: 252K(34944K)->236K(34944K)
[643.032s][info][gc,heap        ] GC(1374) Tenured: 6336K(699072K)->6336K(699072K)
[643.032s][info][gc,metaspace   ] GC(1374) Metaspace: 16655K(16960K)->16655K(16960K) NonClass: 14325K(14464K)->14325K(14464K) Class: 2330K(2496K)->2330K(2496K)
[643.033s][info][gc             ] GC(1374) Pause Young (Allocation Failure) 279M->6M(989M) 0.801ms
[643.033s][info][gc,cpu         ] GC(1374) User=0.00s Sys=0.00s Real=0.00s
[643.078s][info][gc,start       ] GC(1375) Pause Young (Allocation Failure)
[643.078s][info][gc,heap        ] GC(1375) DefNew: 279852K(314560K)->207K(314560K) Eden: 279616K(279616K)->0K(279616K) From: 236K(34944K)->207K(34944K)
[643.078s][info][gc,heap        ] GC(1375) Tenured: 6336K(699072K)->6336K(699072K)
[643.078s][info][gc,metaspace   ] GC(1375) Metaspace: 16655K(16960K)->16655K(16960K) NonClass: 14325K(14464K)->14325K(14464K) Class: 2330K(2496K)->2330K(2496K)
[643.078s][info][gc             ] GC(1375) Pause Young (Allocation Failure) 279M->6M(989M) 0.780ms
[643.078s][info][gc,cpu         ] GC(1375) User=0.00s Sys=0.00s Real=0.00s
[643.156s][info][gc,start       ] GC(1376) Pause Young (Allocation Failure)
[643.340s][info][gc,heap        ] GC(1376) DefNew: 279823K(314560K)->34944K(314560K) Eden: 279616K(279616K)->0K(279616K) From: 207K(34944K)->34944K(34944K)
[643.340s][info][gc,heap        ] GC(1376) Tenured: 6336K(699072K)->46202K(699072K)
[643.340s][info][gc,metaspace   ] GC(1376) Metaspace: 16655K(16960K)->16655K(16960K) NonClass: 14325K(14464K)->14325K(14464K) Class: 2330K(2496K)->2330K(2496K)
[643.340s][info][gc             ] GC(1376) Pause Young (Allocation Failure) 279M->79M(989M) 183.935ms
[643.340s][info][gc,cpu         ] GC(1376) User=0.17s Sys=0.00s Real=0.17s
[643.516s][info][gc,start       ] GC(1377) Pause Young (Allocation Failure)
[644.114s][info][gc,heap        ] GC(1377) DefNew: 314560K(314560K)->34944K(314560K) Eden: 279616K(279616K)->0K(279616K) From: 34944K(34944K)->34944K(34944K)
[644.114s][info][gc,heap        ] GC(1377) Tenured: 46202K(699072K)->230073K(699072K)
[644.114s][info][gc,metaspace   ] GC(1377) Metaspace: 16655K(16960K)->16655K(16960K) NonClass: 14325K(14464K)->14325K(14464K) Class: 2330K(2496K)->2330K(2496K)
[644.114s][info][gc             ] GC(1377) Pause Young (Allocation Failure) 352M->258M(989M) 598.105ms
[644.114s][info][gc,cpu         ] GC(1377) User=0.59s Sys=0.00s Real=0.60s
[644.314s][info][gc,start       ] GC(1378) Pause Young (Allocation Failure)
[644.861s][info][gc,heap        ] GC(1378) DefNew: 314560K(314560K)->34944K(314560K) Eden: 279616K(279616K)->0K(279616K) From: 34944K(34944K)->34944K(34944K)
[644.861s][info][gc,heap        ] GC(1378) Tenured: 230073K(699072K)->407730K(699072K)
[644.861s][info][gc,metaspace   ] GC(1378) Metaspace: 16655K(16960K)->16655K(16960K) NonClass: 14325K(14464K)->14325K(14464K) Class: 2330K(2496K)->2330K(2496K)
[644.862s][info][gc             ] GC(1378) Pause Young (Allocation Failure) 531M->432M(989M) 547.756ms
[644.862s][info][gc,cpu         ] GC(1378) User=0.47s Sys=0.00s Real=0.54s
[647.829s][info][gc,start       ] GC(1379) Pause Young (Allocation Failure)
[648.205s][info][gc,heap        ] GC(1379) DefNew: 314560K(314560K)->34944K(314560K) Eden: 279616K(279616K)->0K(279616K) From: 34944K(34944K)->34944K(34944K)
[648.205s][info][gc,heap        ] GC(1379) Tenured: 407730K(699072K)->493996K(699072K)
[648.205s][info][gc,metaspace   ] GC(1379) Metaspace: 16655K(16960K)->16655K(16960K) NonClass: 14325K(14464K)->14325K(14464K) Class: 2330K(2496K)->2330K(2496K)
[648.205s][info][gc             ] GC(1379) Pause Young (Allocation Failure) 705M->516M(989M) 376.454ms
[648.205s][info][gc,cpu         ] GC(1379) User=0.36s Sys=0.00s Real=0.37s
[648.342s][info][gc,start       ] GC(1380) Pause Young (Allocation Failure)
[648.342s][info][gc             ] GC(1380) Pause Young (Allocation Failure) 789M->789M(989M) 0.142ms
[648.342s][info][gc,cpu         ] GC(1380) User=0.00s Sys=0.00s Real=0.00s
[648.342s][info][gc,start       ] GC(1381) Pause Full (Allocation Failure)
[648.342s][info][gc,phases,start] GC(1381) Phase 1: Mark live objects
[648.577s][info][gc,phases      ] GC(1381) Phase 1: Mark live objects 234.047ms
[648.577s][info][gc,phases,start] GC(1381) Phase 2: Compute new object addresses
[648.703s][info][gc,phases      ] GC(1381) Phase 2: Compute new object addresses 125.885ms
[648.703s][info][gc,phases,start] GC(1381) Phase 3: Adjust pointers
[648.819s][info][gc,phases      ] GC(1381) Phase 3: Adjust pointers 116.802ms
[648.819s][info][gc,phases,start] GC(1381) Phase 4: Move objects
[648.900s][info][gc,phases      ] GC(1381) Phase 4: Move objects 80.885ms
[648.901s][info][gc,heap        ] GC(1381) DefNew: 314560K(314560K)->0K(314560K) Eden: 279616K(279616K)->0K(279616K) From: 34944K(34944K)->0K(34944K)
[648.901s][info][gc,heap        ] GC(1381) Tenured: 493996K(699072K)->209621K(699072K)
[648.901s][info][gc,metaspace   ] GC(1381) Metaspace: 16655K(16960K)->16655K(16960K) NonClass: 14325K(14464K)->14325K(14464K) Class: 2330K(2496K)->2330K(2496K)
[648.901s][info][gc             ] GC(1381) Pause Full (Allocation Failure) 789M->204M(989M) 558.106ms
[648.901s][info][gc,cpu         ] GC(1381) User=0.53s Sys=0.00s Real=0.57s
[649.041s][info][gc,start       ] GC(1382) Pause Young (Allocation Failure)
[649.325s][info][gc,heap        ] GC(1382) DefNew: 279616K(314560K)->34943K(314560K) Eden: 279616K(279616K)->0K(279616K) From: 0K(34944K)->34943K(34944K)
[649.325s][info][gc,heap        ] GC(1382) Tenured: 209621K(699072K)->292310K(699072K)
[649.325s][info][gc,metaspace   ] GC(1382) Metaspace: 16655K(16960K)->16655K(16960K) NonClass: 14325K(14464K)->14325K(14464K) Class: 2330K(2496K)->2330K(2496K)
[649.325s][info][gc             ] GC(1382) Pause Young (Allocation Failure) 477M->319M(989M) 283.749ms
[649.325s][info][gc,cpu         ] GC(1382) User=0.28s Sys=0.00s Real=0.28s
[649.485s][info][gc,start       ] GC(1383) Pause Young (Allocation Failure)
[649.934s][info][gc,heap        ] GC(1383) DefNew: 314559K(314560K)->34943K(314560K) Eden: 279616K(279616K)->0K(279616K) From: 34943K(34944K)->34943K(34944K)
[649.934s][info][gc,heap        ] GC(1383) Tenured: 292310K(699072K)->418892K(699072K)
[649.934s][info][gc,metaspace   ] GC(1383) Metaspace: 16655K(16960K)->16655K(16960K) NonClass: 14325K(14464K)->14325K(14464K) Class: 2330K(2496K)->2330K(2496K)
[649.934s][info][gc             ] GC(1383) Pause Young (Allocation Failure) 592M->443M(989M) 449.625ms
[649.934s][info][gc,cpu         ] GC(1383) User=0.41s Sys=0.00s Real=0.45s
[650.397s][info][gc,start       ] GC(1384) Pause Young (Allocation Failure)
[650.612s][info][gc,heap        ] GC(1384) DefNew: 314559K(314560K)->29430K(314560K) Eden: 279616K(279616K)->0K(279616K) From: 34943K(34944K)->29430K(34944K)
[650.612s][info][gc,heap        ] GC(1384) Tenured: 418892K(699072K)->444019K(699072K)
[650.612s][info][gc,metaspace   ] GC(1384) Metaspace: 16655K(16960K)->16655K(16960K) NonClass: 14325K(14464K)->14325K(14464K) Class: 2330K(2496K)->2330K(2496K)
[650.612s][info][gc             ] GC(1384) Pause Young (Allocation Failure) 716M->462M(989M) 215.322ms
[650.612s][info][gc,cpu         ] GC(1384) User=0.20s Sys=0.00s Real=0.22s
[650.977s][info][gc,start       ] GC(1385) Pause Young (Allocation Failure)
[651.022s][info][gc,heap        ] GC(1385) DefNew: 309046K(314560K)->290K(314560K) Eden: 279616K(279616K)->0K(279616K) From: 29430K(34944K)->290K(34944K)
[651.022s][info][gc,heap        ] GC(1385) Tenured: 444019K(699072K)->447206K(699072K)
[651.022s][info][gc,metaspace   ] GC(1385) Metaspace: 16655K(16960K)->16655K(16960K) NonClass: 14325K(14464K)->14325K(14464K) Class: 2330K(2496K)->2330K(2496K)
[651.022s][info][gc             ] GC(1385) Pause Young (Allocation Failure) 735M->437M(989M) 44.693ms
[651.022s][info][gc,cpu         ] GC(1385) User=0.03s Sys=0.00s Real=0.05s
[651.693s][info][gc,start       ] GC(1386) Pause Full (System.gc())
[651.693s][info][gc,phases,start] GC(1386) Phase 1: Mark live objects
[651.700s][info][gc,phases      ] GC(1386) Phase 1: Mark live objects 7.391ms
[651.700s][info][gc,phases,start] GC(1386) Phase 2: Compute new object addresses
[651.781s][info][gc,phases      ] GC(1386) Phase 2: Compute new object addresses 80.879ms
[651.781s][info][gc,phases,start] GC(1386) Phase 3: Adjust pointers
[651.785s][info][gc,phases      ] GC(1386) Phase 3: Adjust pointers 4.109ms
[651.785s][info][gc,phases,start] GC(1386) Phase 4: Move objects
[651.785s][info][gc,phases      ] GC(1386) Phase 4: Move objects 0.010ms
[651.785s][info][gc,heap        ] GC(1386) DefNew: 95813K(314560K)->0K(314560K) Eden: 95522K(279616K)->0K(279616K) From: 290K(34944K)->0K(34944K)
[651.785s][info][gc,heap        ] GC(1386) Tenured: 447206K(699072K)->6334K(699072K)
[651.785s][info][gc,metaspace   ] GC(1386) Metaspace: 16655K(16960K)->16655K(16960K) NonClass: 14325K(14464K)->14325K(14464K) Class: 2330K(2496K)->2330K(2496K)
[651.785s][info][gc             ] GC(1386) Pause Full (System.gc()) 530M->6M(989M) 92.709ms
[651.785s][info][gc,cpu         ] GC(1386) User=0.08s Sys=0.00s Real=0.10s
[653.064s][info][gc,start       ] GC(1387) Pause Young (Allocation Failure)
[653.065s][info][gc,heap        ] GC(1387) DefNew: 279616K(314560K)->247K(314560K) Eden: 279616K(279616K)->0K(279616K) From: 0K(34944K)->247K(34944K)
[653.065s][info][gc,heap        ] GC(1387) Tenured: 6334K(699072K)->6334K(699072K)
[653.065s][info][gc,metaspace   ] GC(1387) Metaspace: 16655K(16960K)->16655K(16960K) NonClass: 14325K(14464K)->14325K(14464K) Class: 2330K(2496K)->2330K(2496K)
[653.065s][info][gc             ] GC(1387) Pause Young (Allocation Failure) 279M->6M(989M) 1.172ms
[653.065s][info][gc,cpu         ] GC(1387) User=0.00s Sys=0.00s Real=0.00s
[653.109s][info][gc,start       ] GC(1388) Pause Young (Allocation Failure)
[653.110s][info][gc,heap        ] GC(1388) DefNew: 279863K(314560K)->236K(314560K) Eden: 279616K(279616K)->0K(279616K) From: 247K(34944K)->236K(34944K)
[653.110s][info][gc,heap        ] GC(1388) Tenured: 6334K(699072K)->6334K(699072K)
[653.110s][info][gc,metaspace   ] GC(1388) Metaspace: 16655K(16960K)->16655K(16960K) NonClass: 14325K(14464K)->14325K(14464K) Class: 2330K(2496K)->2330K(2496K)
[653.110s][info][gc             ] GC(1388) Pause Young (Allocation Failure) 279M->6M(989M) 0.884ms
[653.110s][info][gc,cpu         ] GC(1388) User=0.00s Sys=0.00s Real=0.00s
[653.153s][info][gc,start       ] GC(1389) Pause Young (Allocation Failure)
[653.154s][info][gc,heap        ] GC(1389) DefNew: 279852K(314560K)->249K(314560K) Eden: 279616K(279616K)->0K(279616K) From: 236K(34944K)->249K(34944K)
[653.154s][info][gc,heap        ] GC(1389) Tenured: 6334K(699072K)->6334K(699072K)
[653.154s][info][gc,metaspace   ] GC(1389) Metaspace: 16655K(16960K)->16655K(16960K) NonClass: 14325K(14464K)->14325K(14464K) Class: 2330K(2496K)->2330K(2496K)
[653.154s][info][gc             ] GC(1389) Pause Young (Allocation Failure) 279M->6M(989M) 0.835ms
[653.154s][info][gc,cpu         ] GC(1389) User=0.00s Sys=0.00s Real=0.00s
[653.199s][info][gc,start       ] GC(1390) Pause Young (Allocation Failure)
[653.199s][info][gc,heap        ] GC(1390) DefNew: 279865K(314560K)->236K(314560K) Eden: 279616K(279616K)->0K(279616K) From: 249K(34944K)->236K(34944K)
[653.199s][info][gc,heap        ] GC(1390) Tenured: 6334K(699072K)->6334K(699072K)
[653.199s][info][gc,metaspace   ] GC(1390) Metaspace: 16655K(16960K)->16655K(16960K) NonClass: 14325K(14464K)->14325K(14464K) Class: 2330K(2496K)->2330K(2496K)
[653.200s][info][gc             ] GC(1390) Pause Young (Allocation Failure) 279M->6M(989M) 0.795ms
[653.200s][info][gc,cpu         ] GC(1390) User=0.00s Sys=0.00s Real=0.00s
[653.242s][info][gc,start       ] GC(1391) Pause Young (Allocation Failure)
[653.243s][info][gc,heap        ] GC(1391) DefNew: 279852K(314560K)->256K(314560K) Eden: 279616K(279616K)->0K(279616K) From: 236K(34944K)->256K(34944K)
[653.243s][info][gc,heap        ] GC(1391) Tenured: 6334K(699072K)->6334K(699072K)
[653.243s][info][gc,metaspace   ] GC(1391) Metaspace: 16655K(16960K)->16655K(16960K) NonClass: 14325K(14464K)->14325K(14464K) Class: 2330K(2496K)->2330K(2496K)
[653.243s][info][gc             ] GC(1391) Pause Young (Allocation Failure) 279M->6M(989M) 0.852ms
[653.243s][info][gc,cpu         ] GC(1391) User=0.00s Sys=0.00s Real=0.00s
[653.288s][info][gc,start       ] GC(1392) Pause Young (Allocation Failure)
[653.289s][info][gc,heap        ] GC(1392) DefNew: 279872K(314560K)->232K(314560K) Eden: 279616K(279616K)->0K(279616K) From: 256K(34944K)->232K(34944K)
[653.289s][info][gc,heap        ] GC(1392) Tenured: 6334K(699072K)->6334K(699072K)
[653.289s][info][gc,metaspace   ] GC(1392) Metaspace: 16655K(16960K)->16655K(16960K) NonClass: 14325K(14464K)->14325K(14464K) Class: 2330K(2496K)->2330K(2496K)
[653.289s][info][gc             ] GC(1392) Pause Young (Allocation Failure) 279M->6M(989M) 0.828ms
[653.289s][info][gc,cpu         ] GC(1392) User=0.00s Sys=0.00s Real=0.00s
[653.333s][info][gc,start       ] GC(1393) Pause Young (Allocation Failure)
[653.334s][info][gc,heap        ] GC(1393) DefNew: 279848K(314560K)->238K(314560K) Eden: 279616K(279616K)->0K(279616K) From: 232K(34944K)->238K(34944K)
[653.334s][info][gc,heap        ] GC(1393) Tenured: 6334K(699072K)->6334K(699072K)
[653.334s][info][gc,metaspace   ] GC(1393) Metaspace: 16655K(16960K)->16655K(16960K) NonClass: 14325K(14464K)->14325K(14464K) Class: 2330K(2496K)->2330K(2496K)
[653.334s][info][gc             ] GC(1393) Pause Young (Allocation Failure) 279M->6M(989M) 0.904ms
[653.334s][info][gc,cpu         ] GC(1393) User=0.00s Sys=0.00s Real=0.00s
[653.382s][info][gc,start       ] GC(1394) Pause Young (Allocation Failure)
[653.383s][info][gc,heap        ] GC(1394) DefNew: 279854K(314560K)->237K(314560K) Eden: 279616K(279616K)->0K(279616K) From: 238K(34944K)->237K(34944K)
[653.383s][info][gc,heap        ] GC(1394) Tenured: 6334K(699072K)->6334K(699072K)
[653.383s][info][gc,metaspace   ] GC(1394) Metaspace: 16655K(16960K)->16655K(16960K) NonClass: 14325K(14464K)->14325K(14464K) Class: 2330K(2496K)->2330K(2496K)
[653.383s][info][gc             ] GC(1394) Pause Young (Allocation Failure) 279M->6M(989M) 0.878ms
[653.383s][info][gc,cpu         ] GC(1394) User=0.00s Sys=0.00s Real=0.02s
[653.431s][info][gc,start       ] GC(1395) Pause Young (Allocation Failure)
[653.431s][info][gc,heap        ] GC(1395) DefNew: 279853K(314560K)->231K(314560K) Eden: 279616K(279616K)->0K(279616K) From: 237K(34944K)->231K(34944K)
[653.431s][info][gc,heap        ] GC(1395) Tenured: 6334K(699072K)->6334K(699072K)
[653.431s][info][gc,metaspace   ] GC(1395) Metaspace: 16655K(16960K)->16655K(16960K) NonClass: 14325K(14464K)->14325K(14464K) Class: 2330K(2496K)->2330K(2496K)
[653.431s][info][gc             ] GC(1395) Pause Young (Allocation Failure) 279M->6M(989M) 0.787ms
[653.431s][info][gc,cpu         ] GC(1395) User=0.02s Sys=0.00s Real=0.00s
[653.477s][info][gc,start       ] GC(1396) Pause Young (Allocation Failure)
[653.478s][info][gc,heap        ] GC(1396) DefNew: 279847K(314560K)->207K(314560K) Eden: 279616K(279616K)->0K(279616K) From: 231K(34944K)->207K(34944K)
[653.478s][info][gc,heap        ] GC(1396) Tenured: 6334K(699072K)->6334K(699072K)
[653.478s][info][gc,metaspace   ] GC(1396) Metaspace: 16655K(16960K)->16655K(16960K) NonClass: 14325K(14464K)->14325K(14464K) Class: 2330K(2496K)->2330K(2496K)
[653.478s][info][gc             ] GC(1396) Pause Young (Allocation Failure) 279M->6M(989M) 0.836ms
[653.478s][info][gc,cpu         ] GC(1396) User=0.00s Sys=0.00s Real=0.00s
[653.559s][info][gc,start       ] GC(1397) Pause Young (Allocation Failure)
[653.752s][info][gc,heap        ] GC(1397) DefNew: 279823K(314560K)->34944K(314560K) Eden: 279616K(279616K)->0K(279616K) From: 207K(34944K)->34944K(34944K)
[653.753s][info][gc,heap        ] GC(1397) Tenured: 6334K(699072K)->49810K(699072K)
[653.753s][info][gc,metaspace   ] GC(1397) Metaspace: 16655K(16960K)->16655K(16960K) NonClass: 14325K(14464K)->14325K(14464K) Class: 2330K(2496K)->2330K(2496K)
[653.753s][info][gc             ] GC(1397) Pause Young (Allocation Failure) 279M->82M(989M) 193.851ms
[653.753s][info][gc,cpu         ] GC(1397) User=0.17s Sys=0.00s Real=0.19s
[653.922s][info][gc,start       ] GC(1398) Pause Young (Allocation Failure)
[654.525s][info][gc,heap        ] GC(1398) DefNew: 314560K(314560K)->34944K(314560K) Eden: 279616K(279616K)->0K(279616K) From: 34944K(34944K)->34944K(34944K)
[654.525s][info][gc,heap        ] GC(1398) Tenured: 49810K(699072K)->233661K(699072K)
[654.525s][info][gc,metaspace   ] GC(1398) Metaspace: 16655K(16960K)->16655K(16960K) NonClass: 14325K(14464K)->14325K(14464K) Class: 2330K(2496K)->2330K(2496K)
[654.525s][info][gc             ] GC(1398) Pause Young (Allocation Failure) 355M->262M(989M) 602.977ms
[654.525s][info][gc,cpu         ] GC(1398) User=0.61s Sys=0.00s Real=0.60s
[654.729s][info][gc,start       ] GC(1399) Pause Young (Allocation Failure)
[655.269s][info][gc,heap        ] GC(1399) DefNew: 314560K(314560K)->34944K(314560K) Eden: 279616K(279616K)->0K(279616K) From: 34944K(34944K)->34944K(34944K)
[655.269s][info][gc,heap        ] GC(1399) Tenured: 233661K(699072K)->407605K(699072K)
[655.269s][info][gc,metaspace   ] GC(1399) Metaspace: 16655K(16960K)->16655K(16960K) NonClass: 14325K(14464K)->14325K(14464K) Class: 2330K(2496K)->2330K(2496K)
[655.270s][info][gc             ] GC(1399) Pause Young (Allocation Failure) 535M->432M(989M) 540.816ms
[655.270s][info][gc,cpu         ] GC(1399) User=0.50s Sys=0.00s Real=0.55s
[657.504s][info][gc,start       ] GC(1400) Pause Young (Allocation Failure)
[657.882s][info][gc,heap        ] GC(1400) DefNew: 314560K(314560K)->34943K(314560K) Eden: 279616K(279616K)->0K(279616K) From: 34944K(34944K)->34943K(34944K)
[657.882s][info][gc,heap        ] GC(1400) Tenured: 407605K(699072K)->494674K(699072K)
[657.882s][info][gc,metaspace   ] GC(1400) Metaspace: 16655K(16960K)->16655K(16960K) NonClass: 14325K(14464K)->14325K(14464K) Class: 2330K(2496K)->2330K(2496K)
[657.882s][info][gc             ] GC(1400) Pause Young (Allocation Failure) 705M->517M(989M) 377.855ms
[657.882s][info][gc,cpu         ] GC(1400) User=0.36s Sys=0.00s Real=0.38s
[658.019s][info][gc,start       ] GC(1401) Pause Young (Allocation Failure)
[658.019s][info][gc             ] GC(1401) Pause Young (Allocation Failure) 790M->790M(989M) 0.122ms
[658.019s][info][gc,cpu         ] GC(1401) User=0.00s Sys=0.00s Real=0.00s
[658.019s][info][gc,start       ] GC(1402) Pause Full (Allocation Failure)
[658.019s][info][gc,phases,start] GC(1402) Phase 1: Mark live objects
[658.252s][info][gc,phases      ] GC(1402) Phase 1: Mark live objects 232.897ms
[658.252s][info][gc,phases,start] GC(1402) Phase 2: Compute new object addresses
[658.380s][info][gc,phases      ] GC(1402) Phase 2: Compute new object addresses 128.373ms
[658.380s][info][gc,phases,start] GC(1402) Phase 3: Adjust pointers
[658.500s][info][gc,phases      ] GC(1402) Phase 3: Adjust pointers 119.087ms
[658.500s][info][gc,phases,start] GC(1402) Phase 4: Move objects
[658.580s][info][gc,phases      ] GC(1402) Phase 4: Move objects 80.749ms
[658.581s][info][gc,heap        ] GC(1402) DefNew: 314559K(314560K)->0K(314560K) Eden: 279616K(279616K)->0K(279616K) From: 34943K(34944K)->0K(34944K)
[658.581s][info][gc,heap        ] GC(1402) Tenured: 494674K(699072K)->210592K(699072K)
[658.581s][info][gc,metaspace   ] GC(1402) Metaspace: 16655K(16960K)->16655K(16960K) NonClass: 14325K(14464K)->14325K(14464K) Class: 2330K(2496K)->2330K(2496K)
[658.581s][info][gc             ] GC(1402) Pause Full (Allocation Failure) 790M->205M(989M) 561.603ms
[658.581s][info][gc,cpu         ] GC(1402) User=0.52s Sys=0.00s Real=0.57s
[658.721s][info][gc,start       ] GC(1403) Pause Young (Allocation Failure)
[659.006s][info][gc,heap        ] GC(1403) DefNew: 279616K(314560K)->34943K(314560K) Eden: 279616K(279616K)->0K(279616K) From: 0K(34944K)->34943K(34944K)
[659.006s][info][gc,heap        ] GC(1403) Tenured: 210592K(699072K)->293278K(699072K)
[659.007s][info][gc,metaspace   ] GC(1403) Metaspace: 16655K(16960K)->16655K(16960K) NonClass: 14325K(14464K)->14325K(14464K) Class: 2330K(2496K)->2330K(2496K)
[659.007s][info][gc             ] GC(1403) Pause Young (Allocation Failure) 478M->320M(989M) 285.275ms
[659.007s][info][gc,cpu         ] GC(1403) User=0.28s Sys=0.00s Real=0.28s
[659.166s][info][gc,start       ] GC(1404) Pause Young (Allocation Failure)
[659.626s][info][gc,heap        ] GC(1404) DefNew: 314559K(314560K)->34944K(314560K) Eden: 279616K(279616K)->0K(279616K) From: 34943K(34944K)->34944K(34944K)
[659.626s][info][gc,heap        ] GC(1404) Tenured: 293278K(699072K)->420359K(699072K)
[659.626s][info][gc,metaspace   ] GC(1404) Metaspace: 16655K(16960K)->16655K(16960K) NonClass: 14325K(14464K)->14325K(14464K) Class: 2330K(2496K)->2330K(2496K)
[659.626s][info][gc             ] GC(1404) Pause Young (Allocation Failure) 593M->444M(989M) 460.232ms
[659.626s][info][gc,cpu         ] GC(1404) User=0.45s Sys=0.00s Real=0.47s
[660.086s][info][gc,start       ] GC(1405) Pause Young (Allocation Failure)
[660.295s][info][gc,heap        ] GC(1405) DefNew: 314560K(314560K)->27767K(314560K) Eden: 279616K(279616K)->0K(279616K) From: 34944K(34944K)->27767K(34944K)
[660.295s][info][gc,heap        ] GC(1405) Tenured: 420359K(699072K)->445381K(699072K)
[660.295s][info][gc,metaspace   ] GC(1405) Metaspace: 16655K(16960K)->16655K(16960K) NonClass: 14325K(14464K)->14325K(14464K) Class: 2330K(2496K)->2330K(2496K)
[660.295s][info][gc             ] GC(1405) Pause Young (Allocation Failure) 717M->462M(989M) 209.314ms
[660.295s][info][gc,cpu         ] GC(1405) User=0.20s Sys=0.00s Real=0.20s
[660.663s][info][gc,start       ] GC(1406) Pause Young (Allocation Failure)
[660.700s][info][gc,heap        ] GC(1406) DefNew: 307383K(314560K)->214K(314560K) Eden: 279616K(279616K)->0K(279616K) From: 27767K(34944K)->214K(34944K)
[660.700s][info][gc,heap        ] GC(1406) Tenured: 445381K(699072K)->448333K(699072K)
[660.700s][info][gc,metaspace   ] GC(1406) Metaspace: 16655K(16960K)->16655K(16960K) NonClass: 14325K(14464K)->14325K(14464K) Class: 2330K(2496K)->2330K(2496K)
[660.700s][info][gc             ] GC(1406) Pause Young (Allocation Failure) 735M->438M(989M) 36.304ms
[660.700s][info][gc,cpu         ] GC(1406) User=0.03s Sys=0.00s Real=0.03s
[661.368s][info][gc,start       ] GC(1407) Pause Full (System.gc())
[661.368s][info][gc,phases,start] GC(1407) Phase 1: Mark live objects
[661.375s][info][gc,phases      ] GC(1407) Phase 1: Mark live objects 6.813ms
[661.375s][info][gc,phases,start] GC(1407) Phase 2: Compute new object addresses
[661.458s][info][gc,phases      ] GC(1407) Phase 2: Compute new object addresses 82.795ms
[661.458s][info][gc,phases,start] GC(1407) Phase 3: Adjust pointers
[661.462s][info][gc,phases      ] GC(1407) Phase 3: Adjust pointers 4.093ms
[661.462s][info][gc,phases,start] GC(1407) Phase 4: Move objects
[661.462s][info][gc,phases      ] GC(1407) Phase 4: Move objects 0.010ms
[661.462s][info][gc,heap        ] GC(1407) DefNew: 93686K(314560K)->0K(314560K) Eden: 93472K(279616K)->0K(279616K) From: 214K(34944K)->0K(34944K)
[661.462s][info][gc,heap        ] GC(1407) Tenured: 448333K(699072K)->6335K(699072K)
[661.462s][info][gc,metaspace   ] GC(1407) Metaspace: 16655K(16960K)->16655K(16960K) NonClass: 14325K(14464K)->14325K(14464K) Class: 2330K(2496K)->2330K(2496K)
[661.462s][info][gc             ] GC(1407) Pause Full (System.gc()) 529M->6M(989M) 94.073ms
[661.462s][info][gc,cpu         ] GC(1407) User=0.09s Sys=0.00s Real=0.09s
[662.734s][info][gc,start       ] GC(1408) Pause Young (Allocation Failure)
[662.735s][info][gc,heap        ] GC(1408) DefNew: 279616K(314560K)->229K(314560K) Eden: 279616K(279616K)->0K(279616K) From: 0K(34944K)->229K(34944K)
[662.735s][info][gc,heap        ] GC(1408) Tenured: 6335K(699072K)->6335K(699072K)
[662.735s][info][gc,metaspace   ] GC(1408) Metaspace: 16655K(16960K)->16655K(16960K) NonClass: 14325K(14464K)->14325K(14464K) Class: 2330K(2496K)->2330K(2496K)
[662.735s][info][gc             ] GC(1408) Pause Young (Allocation Failure) 279M->6M(989M) 0.961ms
[662.735s][info][gc,cpu         ] GC(1408) User=0.00s Sys=0.00s Real=0.00s
[662.780s][info][gc,start       ] GC(1409) Pause Young (Allocation Failure)
[662.781s][info][gc,heap        ] GC(1409) DefNew: 279845K(314560K)->243K(314560K) Eden: 279616K(279616K)->0K(279616K) From: 229K(34944K)->243K(34944K)
[662.781s][info][gc,heap        ] GC(1409) Tenured: 6335K(699072K)->6335K(699072K)
[662.781s][info][gc,metaspace   ] GC(1409) Metaspace: 16655K(16960K)->16655K(16960K) NonClass: 14325K(14464K)->14325K(14464K) Class: 2330K(2496K)->2330K(2496K)
[662.781s][info][gc             ] GC(1409) Pause Young (Allocation Failure) 279M->6M(989M) 0.864ms
[662.781s][info][gc,cpu         ] GC(1409) User=0.00s Sys=0.00s Real=0.00s
[662.825s][info][gc,start       ] GC(1410) Pause Young (Allocation Failure)
[662.826s][info][gc,heap        ] GC(1410) DefNew: 279859K(314560K)->254K(314560K) Eden: 279616K(279616K)->0K(279616K) From: 243K(34944K)->254K(34944K)
[662.826s][info][gc,heap        ] GC(1410) Tenured: 6335K(699072K)->6335K(699072K)
[662.826s][info][gc,metaspace   ] GC(1410) Metaspace: 16655K(16960K)->16655K(16960K) NonClass: 14325K(14464K)->14325K(14464K) Class: 2330K(2496K)->2330K(2496K)
[662.826s][info][gc             ] GC(1410) Pause Young (Allocation Failure) 279M->6M(989M) 0.963ms
[662.826s][info][gc,cpu         ] GC(1410) User=0.00s Sys=0.00s Real=0.00s
[662.871s][info][gc,start       ] GC(1411) Pause Young (Allocation Failure)
[662.871s][info][gc,heap        ] GC(1411) DefNew: 279870K(314560K)->254K(314560K) Eden: 279616K(279616K)->0K(279616K) From: 254K(34944K)->254K(34944K)
[662.871s][info][gc,heap        ] GC(1411) Tenured: 6335K(699072K)->6335K(699072K)
[662.871s][info][gc,metaspace   ] GC(1411) Metaspace: 16655K(16960K)->16655K(16960K) NonClass: 14325K(14464K)->14325K(14464K) Class: 2330K(2496K)->2330K(2496K)
[662.871s][info][gc             ] GC(1411) Pause Young (Allocation Failure) 279M->6M(989M) 0.911ms
[662.871s][info][gc,cpu         ] GC(1411) User=0.00s Sys=0.00s Real=0.00s
[662.916s][info][gc,start       ] GC(1412) Pause Young (Allocation Failure)
[662.917s][info][gc,heap        ] GC(1412) DefNew: 279870K(314560K)->253K(314560K) Eden: 279616K(279616K)->0K(279616K) From: 254K(34944K)->253K(34944K)
[662.917s][info][gc,heap        ] GC(1412) Tenured: 6335K(699072K)->6335K(699072K)
[662.917s][info][gc,metaspace   ] GC(1412) Metaspace: 16655K(16960K)->16655K(16960K) NonClass: 14325K(14464K)->14325K(14464K) Class: 2330K(2496K)->2330K(2496K)
[662.917s][info][gc             ] GC(1412) Pause Young (Allocation Failure) 279M->6M(989M) 1.002ms
[662.917s][info][gc,cpu         ] GC(1412) User=0.00s Sys=0.00s Real=0.00s
[662.964s][info][gc,start       ] GC(1413) Pause Young (Allocation Failure)
[662.965s][info][gc,heap        ] GC(1413) DefNew: 279869K(314560K)->229K(314560K) Eden: 279616K(279616K)->0K(279616K) From: 253K(34944K)->229K(34944K)
[662.965s][info][gc,heap        ] GC(1413) Tenured: 6335K(699072K)->6335K(699072K)
[662.965s][info][gc,metaspace   ] GC(1413) Metaspace: 16655K(16960K)->16655K(16960K) NonClass: 14325K(14464K)->14325K(14464K) Class: 2330K(2496K)->2330K(2496K)
[662.965s][info][gc             ] GC(1413) Pause Young (Allocation Failure) 279M->6M(989M) 0.782ms
[662.965s][info][gc,cpu         ] GC(1413) User=0.00s Sys=0.00s Real=0.00s
[663.009s][info][gc,start       ] GC(1414) Pause Young (Allocation Failure)
[663.009s][info][gc,heap        ] GC(1414) DefNew: 279845K(314560K)->243K(314560K) Eden: 279616K(279616K)->0K(279616K) From: 229K(34944K)->243K(34944K)
[663.009s][info][gc,heap        ] GC(1414) Tenured: 6335K(699072K)->6335K(699072K)
[663.009s][info][gc,metaspace   ] GC(1414) Metaspace: 16655K(16960K)->16655K(16960K) NonClass: 14325K(14464K)->14325K(14464K) Class: 2330K(2496K)->2330K(2496K)
[663.009s][info][gc             ] GC(1414) Pause Young (Allocation Failure) 279M->6M(989M) 0.748ms
[663.010s][info][gc,cpu         ] GC(1414) User=0.00s Sys=0.00s Real=0.00s
[663.053s][info][gc,start       ] GC(1415) Pause Young (Allocation Failure)
[663.053s][info][gc,heap        ] GC(1415) DefNew: 279859K(314560K)->226K(314560K) Eden: 279616K(279616K)->0K(279616K) From: 243K(34944K)->226K(34944K)
[663.053s][info][gc,heap        ] GC(1415) Tenured: 6335K(699072K)->6335K(699072K)
[663.053s][info][gc,metaspace   ] GC(1415) Metaspace: 16655K(16960K)->16655K(16960K) NonClass: 14325K(14464K)->14325K(14464K) Class: 2330K(2496K)->2330K(2496K)
[663.053s][info][gc             ] GC(1415) Pause Young (Allocation Failure) 279M->6M(989M) 0.740ms
[663.053s][info][gc,cpu         ] GC(1415) User=0.00s Sys=0.00s Real=0.00s
[663.097s][info][gc,start       ] GC(1416) Pause Young (Allocation Failure)
[663.098s][info][gc,heap        ] GC(1416) DefNew: 279842K(314560K)->241K(314560K) Eden: 279616K(279616K)->0K(279616K) From: 226K(34944K)->241K(34944K)
[663.098s][info][gc,heap        ] GC(1416) Tenured: 6335K(699072K)->6335K(699072K)
[663.098s][info][gc,metaspace   ] GC(1416) Metaspace: 16655K(16960K)->16655K(16960K) NonClass: 14325K(14464K)->14325K(14464K) Class: 2330K(2496K)->2330K(2496K)
[663.098s][info][gc             ] GC(1416) Pause Young (Allocation Failure) 279M->6M(989M) 0.769ms
[663.098s][info][gc,cpu         ] GC(1416) User=0.00s Sys=0.00s Real=0.00s
[663.143s][info][gc,start       ] GC(1417) Pause Young (Allocation Failure)
[663.144s][info][gc,heap        ] GC(1417) DefNew: 279857K(314560K)->213K(314560K) Eden: 279616K(279616K)->0K(279616K) From: 241K(34944K)->213K(34944K)
[663.144s][info][gc,heap        ] GC(1417) Tenured: 6335K(699072K)->6335K(699072K)
[663.144s][info][gc,metaspace   ] GC(1417) Metaspace: 16655K(16960K)->16655K(16960K) NonClass: 14325K(14464K)->14325K(14464K) Class: 2330K(2496K)->2330K(2496K)
[663.144s][info][gc             ] GC(1417) Pause Young (Allocation Failure) 279M->6M(989M) 0.745ms
[663.144s][info][gc,cpu         ] GC(1417) User=0.00s Sys=0.00s Real=0.00s
[663.223s][info][gc,start       ] GC(1418) Pause Young (Allocation Failure)
[663.419s][info][gc,heap        ] GC(1418) DefNew: 279829K(314560K)->34943K(314560K) Eden: 279616K(279616K)->0K(279616K) From: 213K(34944K)->34943K(34944K)
[663.419s][info][gc,heap        ] GC(1418) Tenured: 6335K(699072K)->49941K(699072K)
[663.419s][info][gc,metaspace   ] GC(1418) Metaspace: 16655K(16960K)->16655K(16960K) NonClass: 14325K(14464K)->14325K(14464K) Class: 2330K(2496K)->2330K(2496K)
[663.419s][info][gc             ] GC(1418) Pause Young (Allocation Failure) 279M->82M(989M) 195.785ms
[663.419s][info][gc,cpu         ] GC(1418) User=0.17s Sys=0.00s Real=0.19s
[663.592s][info][gc,start       ] GC(1419) Pause Young (Allocation Failure)
[664.185s][info][gc,heap        ] GC(1419) DefNew: 314559K(314560K)->34944K(314560K) Eden: 279616K(279616K)->0K(279616K) From: 34943K(34944K)->34944K(34944K)
[664.185s][info][gc,heap        ] GC(1419) Tenured: 49941K(699072K)->234314K(699072K)
[664.185s][info][gc,metaspace   ] GC(1419) Metaspace: 16655K(16960K)->16655K(16960K) NonClass: 14325K(14464K)->14325K(14464K) Class: 2330K(2496K)->2330K(2496K)
[664.185s][info][gc             ] GC(1419) Pause Young (Allocation Failure) 355M->262M(989M) 592.461ms
[664.185s][info][gc,cpu         ] GC(1419) User=0.56s Sys=0.00s Real=0.60s
[664.396s][info][gc,start       ] GC(1420) Pause Young (Allocation Failure)
[664.940s][info][gc,heap        ] GC(1420) DefNew: 314560K(314560K)->34943K(314560K) Eden: 279616K(279616K)->0K(279616K) From: 34944K(34944K)->34943K(34944K)
[664.941s][info][gc,heap        ] GC(1420) Tenured: 234314K(699072K)->408082K(699072K)
[664.941s][info][gc,metaspace   ] GC(1420) Metaspace: 16655K(16960K)->16655K(16960K) NonClass: 14325K(14464K)->14325K(14464K) Class: 2330K(2496K)->2330K(2496K)
[664.941s][info][gc             ] GC(1420) Pause Young (Allocation Failure) 536M->432M(989M) 544.905ms
[664.941s][info][gc,cpu         ] GC(1420) User=0.56s Sys=0.00s Real=0.55s
[667.416s][info][gc,start       ] GC(1421) Pause Young (Allocation Failure)
[667.791s][info][gc,heap        ] GC(1421) DefNew: 314559K(314560K)->34944K(314560K) Eden: 279616K(279616K)->0K(279616K) From: 34943K(34944K)->34944K(34944K)
[667.791s][info][gc,heap        ] GC(1421) Tenured: 408082K(699072K)->495175K(699072K)
[667.791s][info][gc,metaspace   ] GC(1421) Metaspace: 16655K(16960K)->16655K(16960K) NonClass: 14325K(14464K)->14325K(14464K) Class: 2330K(2496K)->2330K(2496K)
[667.791s][info][gc             ] GC(1421) Pause Young (Allocation Failure) 705M->517M(989M) 375.061ms
[667.791s][info][gc,cpu         ] GC(1421) User=0.38s Sys=0.00s Real=0.38s
[667.929s][info][gc,start       ] GC(1422) Pause Young (Allocation Failure)
[667.929s][info][gc             ] GC(1422) Pause Young (Allocation Failure) 790M->790M(989M) 0.115ms
[667.929s][info][gc,cpu         ] GC(1422) User=0.00s Sys=0.00s Real=0.00s
[667.929s][info][gc,start       ] GC(1423) Pause Full (Allocation Failure)
[667.929s][info][gc,phases,start] GC(1423) Phase 1: Mark live objects
[668.162s][info][gc,phases      ] GC(1423) Phase 1: Mark live objects 233.048ms
[668.162s][info][gc,phases,start] GC(1423) Phase 2: Compute new object addresses
[668.289s][info][gc,phases      ] GC(1423) Phase 2: Compute new object addresses 127.281ms
[668.289s][info][gc,phases,start] GC(1423) Phase 3: Adjust pointers
[668.410s][info][gc,phases      ] GC(1423) Phase 3: Adjust pointers 120.615ms
[668.410s][info][gc,phases,start] GC(1423) Phase 4: Move objects
[668.491s][info][gc,phases      ] GC(1423) Phase 4: Move objects 81.074ms
[668.491s][info][gc,heap        ] GC(1423) DefNew: 314560K(314560K)->0K(314560K) Eden: 279616K(279616K)->0K(279616K) From: 34944K(34944K)->0K(34944K)
[668.491s][info][gc,heap        ] GC(1423) Tenured: 495175K(699072K)->210980K(699072K)
[668.491s][info][gc,metaspace   ] GC(1423) Metaspace: 16655K(16960K)->16655K(16960K) NonClass: 14325K(14464K)->14325K(14464K) Class: 2330K(2496K)->2330K(2496K)
[668.491s][info][gc             ] GC(1423) Pause Full (Allocation Failure) 790M->206M(989M) 562.466ms
[668.491s][info][gc,cpu         ] GC(1423) User=0.53s Sys=0.00s Real=0.57s
[668.633s][info][gc,start       ] GC(1424) Pause Young (Allocation Failure)
[668.917s][info][gc,heap        ] GC(1424) DefNew: 279616K(314560K)->34943K(314560K) Eden: 279616K(279616K)->0K(279616K) From: 0K(34944K)->34943K(34944K)
[668.917s][info][gc,heap        ] GC(1424) Tenured: 210980K(699072K)->293665K(699072K)
[668.917s][info][gc,metaspace   ] GC(1424) Metaspace: 16655K(16960K)->16655K(16960K) NonClass: 14325K(14464K)->14325K(14464K) Class: 2330K(2496K)->2330K(2496K)
[668.917s][info][gc             ] GC(1424) Pause Young (Allocation Failure) 479M->320M(989M) 284.362ms
[668.917s][info][gc,cpu         ] GC(1424) User=0.28s Sys=0.00s Real=0.28s
[669.077s][info][gc,start       ] GC(1425) Pause Young (Allocation Failure)
[669.541s][info][gc,heap        ] GC(1425) DefNew: 314559K(314560K)->34944K(314560K) Eden: 279616K(279616K)->0K(279616K) From: 34943K(34944K)->34944K(34944K)
[669.541s][info][gc,heap        ] GC(1425) Tenured: 293665K(699072K)->421160K(699072K)
[669.541s][info][gc,metaspace   ] GC(1425) Metaspace: 16655K(16960K)->16655K(16960K) NonClass: 14325K(14464K)->14325K(14464K) Class: 2330K(2496K)->2330K(2496K)
[669.541s][info][gc             ] GC(1425) Pause Young (Allocation Failure) 593M->445M(989M) 464.356ms
[669.541s][info][gc,cpu         ] GC(1425) User=0.42s Sys=0.00s Real=0.46s
[670.003s][info][gc,start       ] GC(1426) Pause Young (Allocation Failure)
[670.210s][info][gc,heap        ] GC(1426) DefNew: 314560K(314560K)->27102K(314560K) Eden: 279616K(279616K)->0K(279616K) From: 34944K(34944K)->27102K(34944K)
[670.210s][info][gc,heap        ] GC(1426) Tenured: 421160K(699072K)->446140K(699072K)
[670.210s][info][gc,metaspace   ] GC(1426) Metaspace: 16655K(16960K)->16655K(16960K) NonClass: 14325K(14464K)->14325K(14464K) Class: 2330K(2496K)->2330K(2496K)
[670.210s][info][gc             ] GC(1426) Pause Young (Allocation Failure) 718M->462M(989M) 207.192ms
[670.210s][info][gc,cpu         ] GC(1426) User=0.20s Sys=0.00s Real=0.20s
[670.577s][info][gc,start       ] GC(1427) Pause Young (Allocation Failure)
[670.610s][info][gc,heap        ] GC(1427) DefNew: 306718K(314560K)->185K(314560K) Eden: 279616K(279616K)->0K(279616K) From: 27102K(34944K)->185K(34944K)
[670.610s][info][gc,heap        ] GC(1427) Tenured: 446140K(699072K)->448997K(699072K)
[670.610s][info][gc,metaspace   ] GC(1427) Metaspace: 16655K(16960K)->16655K(16960K) NonClass: 14325K(14464K)->14325K(14464K) Class: 2330K(2496K)->2330K(2496K)
[670.610s][info][gc             ] GC(1427) Pause Young (Allocation Failure) 735M->438M(989M) 33.340ms
[670.610s][info][gc,cpu         ] GC(1427) User=0.03s Sys=0.00s Real=0.03s
[671.267s][info][gc,start       ] GC(1428) Pause Full (System.gc())
[671.267s][info][gc,phases,start] GC(1428) Phase 1: Mark live objects
[671.274s][info][gc,phases      ] GC(1428) Phase 1: Mark live objects 7.356ms
[671.274s][info][gc,phases,start] GC(1428) Phase 2: Compute new object addresses
[671.355s][info][gc,phases      ] GC(1428) Phase 2: Compute new object addresses 80.558ms
[671.355s][info][gc,phases,start] GC(1428) Phase 3: Adjust pointers
[671.359s][info][gc,phases      ] GC(1428) Phase 3: Adjust pointers 4.067ms
[671.359s][info][gc,phases,start] GC(1428) Phase 4: Move objects
[671.359s][info][gc,phases      ] GC(1428) Phase 4: Move objects 0.010ms
[671.359s][info][gc,heap        ] GC(1428) DefNew: 97432K(314560K)->0K(314560K) Eden: 97247K(279616K)->0K(279616K) From: 185K(34944K)->0K(34944K)
[671.359s][info][gc,heap        ] GC(1428) Tenured: 448997K(699072K)->6334K(699072K)
[671.359s][info][gc,metaspace   ] GC(1428) Metaspace: 16655K(16960K)->16655K(16960K) NonClass: 14325K(14464K)->14325K(14464K) Class: 2330K(2496K)->2330K(2496K)
[671.359s][info][gc             ] GC(1428) Pause Full (System.gc()) 533M->6M(989M) 92.307ms
[671.359s][info][gc,cpu         ] GC(1428) User=0.08s Sys=0.00s Real=0.10s
[672.855s][info][gc,start       ] GC(1429) Pause Young (Allocation Failure)
[672.856s][info][gc,heap        ] GC(1429) DefNew: 279616K(314560K)->245K(314560K) Eden: 279616K(279616K)->0K(279616K) From: 0K(34944K)->245K(34944K)
[672.856s][info][gc,heap        ] GC(1429) Tenured: 6334K(699072K)->6334K(699072K)
[672.856s][info][gc,metaspace   ] GC(1429) Metaspace: 16655K(16960K)->16655K(16960K) NonClass: 14325K(14464K)->14325K(14464K) Class: 2330K(2496K)->2330K(2496K)
[672.856s][info][gc             ] GC(1429) Pause Young (Allocation Failure) 279M->6M(989M) 1.053ms
[672.856s][info][gc,cpu         ] GC(1429) User=0.00s Sys=0.00s Real=0.00s
[672.900s][info][gc,start       ] GC(1430) Pause Young (Allocation Failure)
[672.901s][info][gc,heap        ] GC(1430) DefNew: 279861K(314560K)->247K(314560K) Eden: 279616K(279616K)->0K(279616K) From: 245K(34944K)->247K(34944K)
[672.901s][info][gc,heap        ] GC(1430) Tenured: 6334K(699072K)->6334K(699072K)
[672.901s][info][gc,metaspace   ] GC(1430) Metaspace: 16655K(16960K)->16655K(16960K) NonClass: 14325K(14464K)->14325K(14464K) Class: 2330K(2496K)->2330K(2496K)
[672.901s][info][gc             ] GC(1430) Pause Young (Allocation Failure) 279M->6M(989M) 0.891ms
[672.901s][info][gc,cpu         ] GC(1430) User=0.00s Sys=0.00s Real=0.02s
[672.945s][info][gc,start       ] GC(1431) Pause Young (Allocation Failure)
[672.945s][info][gc,heap        ] GC(1431) DefNew: 279863K(314560K)->233K(314560K) Eden: 279616K(279616K)->0K(279616K) From: 247K(34944K)->233K(34944K)
[672.945s][info][gc,heap        ] GC(1431) Tenured: 6334K(699072K)->6334K(699072K)
[672.945s][info][gc,metaspace   ] GC(1431) Metaspace: 16655K(16960K)->16655K(16960K) NonClass: 14325K(14464K)->14325K(14464K) Class: 2330K(2496K)->2330K(2496K)
[672.945s][info][gc             ] GC(1431) Pause Young (Allocation Failure) 279M->6M(989M) 0.794ms
[672.945s][info][gc,cpu         ] GC(1431) User=0.00s Sys=0.00s Real=0.00s
[672.989s][info][gc,start       ] GC(1432) Pause Young (Allocation Failure)
[672.989s][info][gc,heap        ] GC(1432) DefNew: 279849K(314560K)->252K(314560K) Eden: 279616K(279616K)->0K(279616K) From: 233K(34944K)->252K(34944K)
[672.989s][info][gc,heap        ] GC(1432) Tenured: 6334K(699072K)->6334K(699072K)
[672.989s][info][gc,metaspace   ] GC(1432) Metaspace: 16655K(16960K)->16655K(16960K) NonClass: 14325K(14464K)->14325K(14464K) Class: 2330K(2496K)->2330K(2496K)
[672.990s][info][gc             ] GC(1432) Pause Young (Allocation Failure) 279M->6M(989M) 0.910ms
[672.990s][info][gc,cpu         ] GC(1432) User=0.00s Sys=0.00s Real=0.00s
[673.035s][info][gc,start       ] GC(1433) Pause Young (Allocation Failure)
[673.035s][info][gc,heap        ] GC(1433) DefNew: 279868K(314560K)->258K(314560K) Eden: 279616K(279616K)->0K(279616K) From: 252K(34944K)->258K(34944K)
[673.035s][info][gc,heap        ] GC(1433) Tenured: 6334K(699072K)->6334K(699072K)
[673.035s][info][gc,metaspace   ] GC(1433) Metaspace: 16655K(16960K)->16655K(16960K) NonClass: 14325K(14464K)->14325K(14464K) Class: 2330K(2496K)->2330K(2496K)
[673.035s][info][gc             ] GC(1433) Pause Young (Allocation Failure) 279M->6M(989M) 0.815ms
[673.035s][info][gc,cpu         ] GC(1433) User=0.00s Sys=0.00s Real=0.00s
[673.080s][info][gc,start       ] GC(1434) Pause Young (Allocation Failure)
[673.081s][info][gc,heap        ] GC(1434) DefNew: 279874K(314560K)->189K(314560K) Eden: 279616K(279616K)->0K(279616K) From: 258K(34944K)->189K(34944K)
[673.081s][info][gc,heap        ] GC(1434) Tenured: 6334K(699072K)->6334K(699072K)
[673.081s][info][gc,metaspace   ] GC(1434) Metaspace: 16655K(16960K)->16655K(16960K) NonClass: 14325K(14464K)->14325K(14464K) Class: 2330K(2496K)->2330K(2496K)
[673.081s][info][gc             ] GC(1434) Pause Young (Allocation Failure) 279M->6M(989M) 0.738ms
[673.081s][info][gc,cpu         ] GC(1434) User=0.00s Sys=0.00s Real=0.00s
[673.124s][info][gc,start       ] GC(1435) Pause Young (Allocation Failure)
[673.125s][info][gc,heap        ] GC(1435) DefNew: 279805K(314560K)->244K(314560K) Eden: 279616K(279616K)->0K(279616K) From: 189K(34944K)->244K(34944K)
[673.125s][info][gc,heap        ] GC(1435) Tenured: 6334K(699072K)->6334K(699072K)
[673.125s][info][gc,metaspace   ] GC(1435) Metaspace: 16655K(16960K)->16655K(16960K) NonClass: 14325K(14464K)->14325K(14464K) Class: 2330K(2496K)->2330K(2496K)
[673.125s][info][gc             ] GC(1435) Pause Young (Allocation Failure) 279M->6M(989M) 0.850ms
[673.125s][info][gc,cpu         ] GC(1435) User=0.00s Sys=0.00s Real=0.00s
[673.167s][info][gc,start       ] GC(1436) Pause Young (Allocation Failure)
[673.168s][info][gc,heap        ] GC(1436) DefNew: 279860K(314560K)->243K(314560K) Eden: 279616K(279616K)->0K(279616K) From: 244K(34944K)->243K(34944K)
[673.168s][info][gc,heap        ] GC(1436) Tenured: 6334K(699072K)->6334K(699072K)
[673.168s][info][gc,metaspace   ] GC(1436) Metaspace: 16655K(16960K)->16655K(16960K) NonClass: 14325K(14464K)->14325K(14464K) Class: 2330K(2496K)->2330K(2496K)
[673.168s][info][gc             ] GC(1436) Pause Young (Allocation Failure) 279M->6M(989M) 0.788ms
[673.168s][info][gc,cpu         ] GC(1436) User=0.00s Sys=0.00s Real=0.00s
[673.212s][info][gc,start       ] GC(1437) Pause Young (Allocation Failure)
[673.213s][info][gc,heap        ] GC(1437) DefNew: 279859K(314560K)->233K(314560K) Eden: 279616K(279616K)->0K(279616K) From: 243K(34944K)->233K(34944K)
[673.213s][info][gc,heap        ] GC(1437) Tenured: 6334K(699072K)->6334K(699072K)
[673.213s][info][gc,metaspace   ] GC(1437) Metaspace: 16655K(16960K)->16655K(16960K) NonClass: 14325K(14464K)->14325K(14464K) Class: 2330K(2496K)->2330K(2496K)
[673.213s][info][gc             ] GC(1437) Pause Young (Allocation Failure) 279M->6M(989M) 0.774ms
[673.213s][info][gc,cpu         ] GC(1437) User=0.00s Sys=0.00s Real=0.00s
[673.257s][info][gc,start       ] GC(1438) Pause Young (Allocation Failure)
[673.258s][info][gc,heap        ] GC(1438) DefNew: 279849K(314560K)->214K(314560K) Eden: 279616K(279616K)->0K(279616K) From: 233K(34944K)->214K(34944K)
[673.258s][info][gc,heap        ] GC(1438) Tenured: 6334K(699072K)->6334K(699072K)
[673.258s][info][gc,metaspace   ] GC(1438) Metaspace: 16655K(16960K)->16655K(16960K) NonClass: 14325K(14464K)->14325K(14464K) Class: 2330K(2496K)->2330K(2496K)
[673.258s][info][gc             ] GC(1438) Pause Young (Allocation Failure) 279M->6M(989M) 0.727ms
[673.258s][info][gc,cpu         ] GC(1438) User=0.00s Sys=0.00s Real=0.00s
[673.339s][info][gc,start       ] GC(1439) Pause Young (Allocation Failure)
[673.545s][info][gc,heap        ] GC(1439) DefNew: 279830K(314560K)->34944K(314560K) Eden: 279616K(279616K)->0K(279616K) From: 214K(34944K)->34944K(34944K)
[673.545s][info][gc,heap        ] GC(1439) Tenured: 6334K(699072K)->53540K(699072K)
[673.545s][info][gc,metaspace   ] GC(1439) Metaspace: 16655K(16960K)->16655K(16960K) NonClass: 14325K(14464K)->14325K(14464K) Class: 2330K(2496K)->2330K(2496K)
[673.545s][info][gc             ] GC(1439) Pause Young (Allocation Failure) 279M->86M(989M) 205.796ms
[673.545s][info][gc,cpu         ] GC(1439) User=0.19s Sys=0.00s Real=0.20s
[673.718s][info][gc,start       ] GC(1440) Pause Young (Allocation Failure)
[674.315s][info][gc,heap        ] GC(1440) DefNew: 314560K(314560K)->34944K(314560K) Eden: 279616K(279616K)->0K(279616K) From: 34944K(34944K)->34944K(34944K)
[674.315s][info][gc,heap        ] GC(1440) Tenured: 53540K(699072K)->237687K(699072K)
[674.315s][info][gc,metaspace   ] GC(1440) Metaspace: 16655K(16960K)->16655K(16960K) NonClass: 14325K(14464K)->14325K(14464K) Class: 2330K(2496K)->2330K(2496K)
[674.315s][info][gc             ] GC(1440) Pause Young (Allocation Failure) 359M->266M(989M) 597.177ms
[674.315s][info][gc,cpu         ] GC(1440) User=0.56s Sys=0.00s Real=0.60s
[674.530s][info][gc,start       ] GC(1441) Pause Young (Allocation Failure)
[675.066s][info][gc,heap        ] GC(1441) DefNew: 314560K(314560K)->34944K(314560K) Eden: 279616K(279616K)->0K(279616K) From: 34944K(34944K)->34944K(34944K)
[675.066s][info][gc,heap        ] GC(1441) Tenured: 237687K(699072K)->407015K(699072K)
[675.066s][info][gc,metaspace   ] GC(1441) Metaspace: 16655K(16960K)->16655K(16960K) NonClass: 14325K(14464K)->14325K(14464K) Class: 2330K(2496K)->2330K(2496K)
[675.066s][info][gc             ] GC(1441) Pause Young (Allocation Failure) 539M->431M(989M) 536.505ms
[675.066s][info][gc,cpu         ] GC(1441) User=0.56s Sys=0.00s Real=0.53s
[678.291s][info][gc,start       ] GC(1442) Pause Young (Allocation Failure)
[678.671s][info][gc,heap        ] GC(1442) DefNew: 314560K(314560K)->34944K(314560K) Eden: 279616K(279616K)->0K(279616K) From: 34944K(34944K)->34944K(34944K)
[678.671s][info][gc,heap        ] GC(1442) Tenured: 407015K(699072K)->496674K(699072K)
[678.671s][info][gc,metaspace   ] GC(1442) Metaspace: 16655K(16960K)->16655K(16960K) NonClass: 14325K(14464K)->14325K(14464K) Class: 2330K(2496K)->2330K(2496K)
[678.671s][info][gc             ] GC(1442) Pause Young (Allocation Failure) 704M->519M(989M) 379.853ms
[678.671s][info][gc,cpu         ] GC(1442) User=0.38s Sys=0.00s Real=0.38s
[678.809s][info][gc,start       ] GC(1443) Pause Young (Allocation Failure)
[678.809s][info][gc             ] GC(1443) Pause Young (Allocation Failure) 792M->792M(989M) 0.108ms
[678.809s][info][gc,cpu         ] GC(1443) User=0.00s Sys=0.00s Real=0.00s
[678.809s][info][gc,start       ] GC(1444) Pause Full (Allocation Failure)
[678.809s][info][gc,phases,start] GC(1444) Phase 1: Mark live objects
[679.046s][info][gc,phases      ] GC(1444) Phase 1: Mark live objects 237.048ms
[679.046s][info][gc,phases,start] GC(1444) Phase 2: Compute new object addresses
[679.173s][info][gc,phases      ] GC(1444) Phase 2: Compute new object addresses 126.824ms
[679.173s][info][gc,phases,start] GC(1444) Phase 3: Adjust pointers
[679.292s][info][gc,phases      ] GC(1444) Phase 3: Adjust pointers 118.887ms
[679.292s][info][gc,phases,start] GC(1444) Phase 4: Move objects
[679.375s][info][gc,phases      ] GC(1444) Phase 4: Move objects 82.881ms
[679.375s][info][gc,heap        ] GC(1444) DefNew: 314560K(314560K)->0K(314560K) Eden: 279616K(279616K)->0K(279616K) From: 34944K(34944K)->0K(34944K)
[679.375s][info][gc,heap        ] GC(1444) Tenured: 496674K(699072K)->213577K(699072K)
[679.375s][info][gc,metaspace   ] GC(1444) Metaspace: 16655K(16960K)->16655K(16960K) NonClass: 14325K(14464K)->14325K(14464K) Class: 2330K(2496K)->2330K(2496K)
[679.375s][info][gc             ] GC(1444) Pause Full (Allocation Failure) 792M->208M(989M) 566.073ms
[679.375s][info][gc,cpu         ] GC(1444) User=0.58s Sys=0.00s Real=0.57s
[679.517s][info][gc,start       ] GC(1445) Pause Young (Allocation Failure)
[679.803s][info][gc,heap        ] GC(1445) DefNew: 279616K(314560K)->34944K(314560K) Eden: 279616K(279616K)->0K(279616K) From: 0K(34944K)->34944K(34944K)
[679.803s][info][gc,heap        ] GC(1445) Tenured: 213577K(699072K)->296256K(699072K)
[679.803s][info][gc,metaspace   ] GC(1445) Metaspace: 16655K(16960K)->16655K(16960K) NonClass: 14325K(14464K)->14325K(14464K) Class: 2330K(2496K)->2330K(2496K)
[679.803s][info][gc             ] GC(1445) Pause Young (Allocation Failure) 481M->323M(989M) 285.507ms
[679.803s][info][gc,cpu         ] GC(1445) User=0.28s Sys=0.00s Real=0.28s
[679.961s][info][gc,start       ] GC(1446) Pause Young (Allocation Failure)
[680.433s][info][gc,heap        ] GC(1446) DefNew: 314560K(314560K)->34943K(314560K) Eden: 279616K(279616K)->0K(279616K) From: 34944K(34944K)->34943K(34944K)
[680.433s][info][gc,heap        ] GC(1446) Tenured: 296256K(699072K)->425599K(699072K)
[680.433s][info][gc,metaspace   ] GC(1446) Metaspace: 16655K(16960K)->16655K(16960K) NonClass: 14325K(14464K)->14325K(14464K) Class: 2330K(2496K)->2330K(2496K)
[680.433s][info][gc             ] GC(1446) Pause Young (Allocation Failure) 596M->449M(989M) 471.985ms
[680.433s][info][gc,cpu         ] GC(1446) User=0.47s Sys=0.00s Real=0.47s
[680.892s][info][gc,start       ] GC(1447) Pause Young (Allocation Failure)
[681.091s][info][gc,heap        ] GC(1447) DefNew: 314559K(314560K)->22650K(314560K) Eden: 279616K(279616K)->0K(279616K) From: 34943K(34944K)->22650K(34944K)
[681.091s][info][gc,heap        ] GC(1447) Tenured: 425599K(699072K)->450298K(699072K)
[681.091s][info][gc,metaspace   ] GC(1447) Metaspace: 16655K(16960K)->16655K(16960K) NonClass: 14325K(14464K)->14325K(14464K) Class: 2330K(2496K)->2330K(2496K)
[681.091s][info][gc             ] GC(1447) Pause Young (Allocation Failure) 722M->461M(989M) 199.578ms
[681.091s][info][gc,cpu         ] GC(1447) User=0.20s Sys=0.00s Real=0.20s
[681.454s][info][gc,start       ] GC(1448) Pause Young (Allocation Failure)
[681.478s][info][gc,heap        ] GC(1448) DefNew: 302266K(314560K)->11K(314560K) Eden: 279616K(279616K)->0K(279616K) From: 22650K(34944K)->11K(34944K)
[681.478s][info][gc,heap        ] GC(1448) Tenured: 450298K(699072K)->452474K(699072K)
[681.478s][info][gc,metaspace   ] GC(1448) Metaspace: 16655K(16960K)->16655K(16960K) NonClass: 14325K(14464K)->14325K(14464K) Class: 2330K(2496K)->2330K(2496K)
[681.478s][info][gc             ] GC(1448) Pause Young (Allocation Failure) 734M->441M(989M) 23.633ms
[681.478s][info][gc,cpu         ] GC(1448) User=0.02s Sys=0.00s Real=0.02s
[682.137s][info][gc,start       ] GC(1449) Pause Full (System.gc())
[682.137s][info][gc,phases,start] GC(1449) Phase 1: Mark live objects
[682.145s][info][gc,phases      ] GC(1449) Phase 1: Mark live objects 7.232ms
[682.145s][info][gc,phases,start] GC(1449) Phase 2: Compute new object addresses
[682.225s][info][gc,phases      ] GC(1449) Phase 2: Compute new object addresses 80.883ms
[682.226s][info][gc,phases,start] GC(1449) Phase 3: Adjust pointers
[682.230s][info][gc,phases      ] GC(1449) Phase 3: Adjust pointers 4.064ms
[682.230s][info][gc,phases,start] GC(1449) Phase 4: Move objects
[682.230s][info][gc,phases      ] GC(1449) Phase 4: Move objects 0.010ms
[682.230s][info][gc,heap        ] GC(1449) DefNew: 88353K(314560K)->0K(314560K) Eden: 88342K(279616K)->0K(279616K) From: 11K(34944K)->0K(34944K)
[682.230s][info][gc,heap        ] GC(1449) Tenured: 452474K(699072K)->6334K(699072K)
[682.230s][info][gc,metaspace   ] GC(1449) Metaspace: 16655K(16960K)->16655K(16960K) NonClass: 14325K(14464K)->14325K(14464K) Class: 2330K(2496K)->2330K(2496K)
[682.230s][info][gc             ] GC(1449) Pause Full (System.gc()) 528M->6M(989M) 92.541ms
[682.230s][info][gc,cpu         ] GC(1449) User=0.08s Sys=0.00s Real=0.09s
[683.669s][info][gc,start       ] GC(1450) Pause Young (Allocation Failure)
[683.670s][info][gc,heap        ] GC(1450) DefNew: 279616K(314560K)->247K(314560K) Eden: 279616K(279616K)->0K(279616K) From: 0K(34944K)->247K(34944K)
[683.670s][info][gc,heap        ] GC(1450) Tenured: 6334K(699072K)->6334K(699072K)
[683.670s][info][gc,metaspace   ] GC(1450) Metaspace: 16655K(16960K)->16655K(16960K) NonClass: 14325K(14464K)->14325K(14464K) Class: 2330K(2496K)->2330K(2496K)
[683.670s][info][gc             ] GC(1450) Pause Young (Allocation Failure) 279M->6M(989M) 1.139ms
[683.670s][info][gc,cpu         ] GC(1450) User=0.00s Sys=0.00s Real=0.00s
[683.716s][info][gc,start       ] GC(1451) Pause Young (Allocation Failure)
[683.717s][info][gc,heap        ] GC(1451) DefNew: 279863K(314560K)->248K(314560K) Eden: 279616K(279616K)->0K(279616K) From: 247K(34944K)->248K(34944K)
[683.717s][info][gc,heap        ] GC(1451) Tenured: 6334K(699072K)->6334K(699072K)
[683.717s][info][gc,metaspace   ] GC(1451) Metaspace: 16655K(16960K)->16655K(16960K) NonClass: 14325K(14464K)->14325K(14464K) Class: 2330K(2496K)->2330K(2496K)
[683.717s][info][gc             ] GC(1451) Pause Young (Allocation Failure) 279M->6M(989M) 0.848ms
[683.717s][info][gc,cpu         ] GC(1451) User=0.02s Sys=0.00s Real=0.00s
[683.761s][info][gc,start       ] GC(1452) Pause Young (Allocation Failure)
[683.762s][info][gc,heap        ] GC(1452) DefNew: 279864K(314560K)->241K(314560K) Eden: 279616K(279616K)->0K(279616K) From: 248K(34944K)->241K(34944K)
[683.762s][info][gc,heap        ] GC(1452) Tenured: 6334K(699072K)->6334K(699072K)
[683.762s][info][gc,metaspace   ] GC(1452) Metaspace: 16655K(16960K)->16655K(16960K) NonClass: 14325K(14464K)->14325K(14464K) Class: 2330K(2496K)->2330K(2496K)
[683.762s][info][gc             ] GC(1452) Pause Young (Allocation Failure) 279M->6M(989M) 0.748ms
[683.762s][info][gc,cpu         ] GC(1452) User=0.00s Sys=0.00s Real=0.00s
[683.806s][info][gc,start       ] GC(1453) Pause Young (Allocation Failure)
[683.807s][info][gc,heap        ] GC(1453) DefNew: 279857K(314560K)->249K(314560K) Eden: 279616K(279616K)->0K(279616K) From: 241K(34944K)->249K(34944K)
[683.807s][info][gc,heap        ] GC(1453) Tenured: 6334K(699072K)->6334K(699072K)
[683.807s][info][gc,metaspace   ] GC(1453) Metaspace: 16655K(16960K)->16655K(16960K) NonClass: 14325K(14464K)->14325K(14464K) Class: 2330K(2496K)->2330K(2496K)
[683.807s][info][gc             ] GC(1453) Pause Young (Allocation Failure) 279M->6M(989M) 0.952ms
[683.807s][info][gc,cpu         ] GC(1453) User=0.00s Sys=0.00s Real=0.00s
[683.852s][info][gc,start       ] GC(1454) Pause Young (Allocation Failure)
[683.853s][info][gc,heap        ] GC(1454) DefNew: 279865K(314560K)->276K(314560K) Eden: 279616K(279616K)->0K(279616K) From: 249K(34944K)->276K(34944K)
[683.853s][info][gc,heap        ] GC(1454) Tenured: 6334K(699072K)->6334K(699072K)
[683.853s][info][gc,metaspace   ] GC(1454) Metaspace: 16655K(16960K)->16655K(16960K) NonClass: 14325K(14464K)->14325K(14464K) Class: 2330K(2496K)->2330K(2496K)
[683.853s][info][gc             ] GC(1454) Pause Young (Allocation Failure) 279M->6M(989M) 0.891ms
[683.853s][info][gc,cpu         ] GC(1454) User=0.00s Sys=0.00s Real=0.00s
[683.898s][info][gc,start       ] GC(1455) Pause Young (Allocation Failure)
[683.899s][info][gc,heap        ] GC(1455) DefNew: 279892K(314560K)->243K(314560K) Eden: 279616K(279616K)->0K(279616K) From: 276K(34944K)->243K(34944K)
[683.899s][info][gc,heap        ] GC(1455) Tenured: 6334K(699072K)->6334K(699072K)
[683.899s][info][gc,metaspace   ] GC(1455) Metaspace: 16655K(16960K)->16655K(16960K) NonClass: 14325K(14464K)->14325K(14464K) Class: 2330K(2496K)->2330K(2496K)
[683.899s][info][gc             ] GC(1455) Pause Young (Allocation Failure) 279M->6M(989M) 0.925ms
[683.899s][info][gc,cpu         ] GC(1455) User=0.00s Sys=0.00s Real=0.00s
[683.944s][info][gc,start       ] GC(1456) Pause Young (Allocation Failure)
[683.945s][info][gc,heap        ] GC(1456) DefNew: 279859K(314560K)->231K(314560K) Eden: 279616K(279616K)->0K(279616K) From: 243K(34944K)->231K(34944K)
[683.945s][info][gc,heap        ] GC(1456) Tenured: 6334K(699072K)->6334K(699072K)
[683.945s][info][gc,metaspace   ] GC(1456) Metaspace: 16655K(16960K)->16655K(16960K) NonClass: 14325K(14464K)->14325K(14464K) Class: 2330K(2496K)->2330K(2496K)
[683.945s][info][gc             ] GC(1456) Pause Young (Allocation Failure) 279M->6M(989M) 0.948ms
[683.945s][info][gc,cpu         ] GC(1456) User=0.00s Sys=0.00s Real=0.00s
[683.990s][info][gc,start       ] GC(1457) Pause Young (Allocation Failure)
[683.991s][info][gc,heap        ] GC(1457) DefNew: 279847K(314560K)->228K(314560K) Eden: 279616K(279616K)->0K(279616K) From: 231K(34944K)->228K(34944K)
[683.991s][info][gc,heap        ] GC(1457) Tenured: 6334K(699072K)->6334K(699072K)
[683.991s][info][gc,metaspace   ] GC(1457) Metaspace: 16655K(16960K)->16655K(16960K) NonClass: 14325K(14464K)->14325K(14464K) Class: 2330K(2496K)->2330K(2496K)
[683.991s][info][gc             ] GC(1457) Pause Young (Allocation Failure) 279M->6M(989M) 0.774ms
[683.991s][info][gc,cpu         ] GC(1457) User=0.00s Sys=0.00s Real=0.00s
[684.035s][info][gc,start       ] GC(1458) Pause Young (Allocation Failure)
[684.035s][info][gc,heap        ] GC(1458) DefNew: 279844K(314560K)->247K(314560K) Eden: 279616K(279616K)->0K(279616K) From: 228K(34944K)->247K(34944K)
[684.035s][info][gc,heap        ] GC(1458) Tenured: 6334K(699072K)->6334K(699072K)
[684.035s][info][gc,metaspace   ] GC(1458) Metaspace: 16655K(16960K)->16655K(16960K) NonClass: 14325K(14464K)->14325K(14464K) Class: 2330K(2496K)->2330K(2496K)
[684.035s][info][gc             ] GC(1458) Pause Young (Allocation Failure) 279M->6M(989M) 0.828ms
[684.035s][info][gc,cpu         ] GC(1458) User=0.00s Sys=0.00s Real=0.00s
[684.081s][info][gc,start       ] GC(1459) Pause Young (Allocation Failure)
[684.082s][info][gc,heap        ] GC(1459) DefNew: 279863K(314560K)->194K(314560K) Eden: 279616K(279616K)->0K(279616K) From: 247K(34944K)->194K(34944K)
[684.082s][info][gc,heap        ] GC(1459) Tenured: 6334K(699072K)->6334K(699072K)
[684.082s][info][gc,metaspace   ] GC(1459) Metaspace: 16655K(16960K)->16655K(16960K) NonClass: 14325K(14464K)->14325K(14464K) Class: 2330K(2496K)->2330K(2496K)
[684.082s][info][gc             ] GC(1459) Pause Young (Allocation Failure) 279M->6M(989M) 0.797ms
[684.082s][info][gc,cpu         ] GC(1459) User=0.00s Sys=0.00s Real=0.00s
[684.159s][info][gc,start       ] GC(1460) Pause Young (Allocation Failure)
[684.343s][info][gc,heap        ] GC(1460) DefNew: 279810K(314560K)->34944K(314560K) Eden: 279616K(279616K)->0K(279616K) From: 194K(34944K)->34944K(34944K)
[684.343s][info][gc,heap        ] GC(1460) Tenured: 6334K(699072K)->46410K(699072K)
[684.343s][info][gc,metaspace   ] GC(1460) Metaspace: 16655K(16960K)->16655K(16960K) NonClass: 14325K(14464K)->14325K(14464K) Class: 2330K(2496K)->2330K(2496K)
[684.343s][info][gc             ] GC(1460) Pause Young (Allocation Failure) 279M->79M(989M) 183.901ms
[684.343s][info][gc,cpu         ] GC(1460) User=0.17s Sys=0.00s Real=0.19s
[684.517s][info][gc,start       ] GC(1461) Pause Young (Allocation Failure)
[685.106s][info][gc,heap        ] GC(1461) DefNew: 314560K(314560K)->34944K(314560K) Eden: 279616K(279616K)->0K(279616K) From: 34944K(34944K)->34944K(34944K)
[685.106s][info][gc,heap        ] GC(1461) Tenured: 46410K(699072K)->230967K(699072K)
[685.106s][info][gc,metaspace   ] GC(1461) Metaspace: 16655K(16960K)->16655K(16960K) NonClass: 14325K(14464K)->14325K(14464K) Class: 2330K(2496K)->2330K(2496K)
[685.106s][info][gc             ] GC(1461) Pause Young (Allocation Failure) 352M->259M(989M) 588.924ms
[685.106s][info][gc,cpu         ] GC(1461) User=0.58s Sys=0.00s Real=0.59s
[685.309s][info][gc,start       ] GC(1462) Pause Young (Allocation Failure)
[685.862s][info][gc,heap        ] GC(1462) DefNew: 314560K(314560K)->34944K(314560K) Eden: 279616K(279616K)->0K(279616K) From: 34944K(34944K)->34944K(34944K)
[685.862s][info][gc,heap        ] GC(1462) Tenured: 230967K(699072K)->408730K(699072K)
[685.862s][info][gc,metaspace   ] GC(1462) Metaspace: 16655K(16960K)->16655K(16960K) NonClass: 14325K(14464K)->14325K(14464K) Class: 2330K(2496K)->2330K(2496K)
[685.862s][info][gc             ] GC(1462) Pause Young (Allocation Failure) 532M->433M(989M) 552.973ms
[685.862s][info][gc,cpu         ] GC(1462) User=0.56s Sys=0.00s Real=0.57s
[688.779s][info][gc,start       ] GC(1463) Pause Young (Allocation Failure)
[689.153s][info][gc,heap        ] GC(1463) DefNew: 314560K(314560K)->34943K(314560K) Eden: 279616K(279616K)->0K(279616K) From: 34944K(34944K)->34943K(34944K)
[689.153s][info][gc,heap        ] GC(1463) Tenured: 408730K(699072K)->493831K(699072K)
[689.153s][info][gc,metaspace   ] GC(1463) Metaspace: 16655K(16960K)->16655K(16960K) NonClass: 14325K(14464K)->14325K(14464K) Class: 2330K(2496K)->2330K(2496K)
[689.153s][info][gc             ] GC(1463) Pause Young (Allocation Failure) 706M->516M(989M) 373.797ms
[689.153s][info][gc,cpu         ] GC(1463) User=0.36s Sys=0.00s Real=0.38s
[689.291s][info][gc,start       ] GC(1464) Pause Young (Allocation Failure)
[689.291s][info][gc             ] GC(1464) Pause Young (Allocation Failure) 789M->789M(989M) 0.141ms
[689.291s][info][gc,cpu         ] GC(1464) User=0.00s Sys=0.00s Real=0.00s
[689.291s][info][gc,start       ] GC(1465) Pause Full (Allocation Failure)
[689.291s][info][gc,phases,start] GC(1465) Phase 1: Mark live objects
[689.524s][info][gc,phases      ] GC(1465) Phase 1: Mark live objects 232.823ms
[689.524s][info][gc,phases,start] GC(1465) Phase 2: Compute new object addresses
[689.649s][info][gc,phases      ] GC(1465) Phase 2: Compute new object addresses 124.920ms
[689.649s][info][gc,phases,start] GC(1465) Phase 3: Adjust pointers
[689.765s][info][gc,phases      ] GC(1465) Phase 3: Adjust pointers 116.453ms
[689.765s][info][gc,phases,start] GC(1465) Phase 4: Move objects
[689.846s][info][gc,phases      ] GC(1465) Phase 4: Move objects 80.314ms
[689.846s][info][gc,heap        ] GC(1465) DefNew: 314559K(314560K)->0K(314560K) Eden: 279616K(279616K)->0K(279616K) From: 34943K(34944K)->0K(34944K)
[689.846s][info][gc,heap        ] GC(1465) Tenured: 493831K(699072K)->208683K(699072K)
[689.846s][info][gc,metaspace   ] GC(1465) Metaspace: 16655K(16960K)->16655K(16960K) NonClass: 14325K(14464K)->14325K(14464K) Class: 2330K(2496K)->2330K(2496K)
[689.846s][info][gc             ] GC(1465) Pause Full (Allocation Failure) 789M->203M(989M) 554.955ms
[689.846s][info][gc,cpu         ] GC(1465) User=0.55s Sys=0.00s Real=0.55s
[689.987s][info][gc,start       ] GC(1466) Pause Young (Allocation Failure)
[690.272s][info][gc,heap        ] GC(1466) DefNew: 279616K(314560K)->34944K(314560K) Eden: 279616K(279616K)->0K(279616K) From: 0K(34944K)->34944K(34944K)
[690.272s][info][gc,heap        ] GC(1466) Tenured: 208683K(699072K)->291375K(699072K)
[690.272s][info][gc,metaspace   ] GC(1466) Metaspace: 16655K(16960K)->16655K(16960K) NonClass: 14325K(14464K)->14325K(14464K) Class: 2330K(2496K)->2330K(2496K)
[690.272s][info][gc             ] GC(1466) Pause Young (Allocation Failure) 476M->318M(989M) 284.802ms
[690.272s][info][gc,cpu         ] GC(1466) User=0.28s Sys=0.00s Real=0.28s
[690.432s][info][gc,start       ] GC(1467) Pause Young (Allocation Failure)
[690.874s][info][gc,heap        ] GC(1467) DefNew: 314560K(314560K)->34944K(314560K) Eden: 279616K(279616K)->0K(279616K) From: 34944K(34944K)->34944K(34944K)
[690.874s][info][gc,heap        ] GC(1467) Tenured: 291375K(699072K)->417235K(699072K)
[690.874s][info][gc,metaspace   ] GC(1467) Metaspace: 16655K(16960K)->16655K(16960K) NonClass: 14325K(14464K)->14325K(14464K) Class: 2330K(2496K)->2330K(2496K)
[690.874s][info][gc             ] GC(1467) Pause Young (Allocation Failure) 591M->441M(989M) 441.339ms
[690.874s][info][gc,cpu         ] GC(1467) User=0.45s Sys=0.00s Real=0.44s
[691.334s][info][gc,start       ] GC(1468) Pause Young (Allocation Failure)
[691.551s][info][gc,heap        ] GC(1468) DefNew: 314560K(314560K)->29927K(314560K) Eden: 279616K(279616K)->0K(279616K) From: 34944K(34944K)->29927K(34944K)
[691.551s][info][gc,heap        ] GC(1468) Tenured: 417235K(699072K)->443096K(699072K)
[691.551s][info][gc,metaspace   ] GC(1468) Metaspace: 16655K(16960K)->16655K(16960K) NonClass: 14325K(14464K)->14325K(14464K) Class: 2330K(2496K)->2330K(2496K)
[691.551s][info][gc             ] GC(1468) Pause Young (Allocation Failure) 714M->461M(989M) 216.940ms
[691.551s][info][gc,cpu         ] GC(1468) User=0.20s Sys=0.00s Real=0.22s
[691.915s][info][gc,start       ] GC(1469) Pause Young (Allocation Failure)
[691.962s][info][gc,heap        ] GC(1469) DefNew: 309543K(314560K)->369K(314560K) Eden: 279616K(279616K)->0K(279616K) From: 29927K(34944K)->369K(34944K)
[691.962s][info][gc,heap        ] GC(1469) Tenured: 443096K(699072K)->446506K(699072K)
[691.962s][info][gc,metaspace   ] GC(1469) Metaspace: 16655K(16960K)->16655K(16960K) NonClass: 14325K(14464K)->14325K(14464K) Class: 2330K(2496K)->2330K(2496K)
[691.962s][info][gc             ] GC(1469) Pause Young (Allocation Failure) 735M->436M(989M) 46.532ms
[691.962s][info][gc,cpu         ] GC(1469) User=0.03s Sys=0.00s Real=0.05s
[692.616s][info][gc,start       ] GC(1470) Pause Full (System.gc())
[692.616s][info][gc,phases,start] GC(1470) Phase 1: Mark live objects
[692.623s][info][gc,phases      ] GC(1470) Phase 1: Mark live objects 7.019ms
[692.623s][info][gc,phases,start] GC(1470) Phase 2: Compute new object addresses
[692.704s][info][gc,phases      ] GC(1470) Phase 2: Compute new object addresses 81.401ms
[692.704s][info][gc,phases,start] GC(1470) Phase 3: Adjust pointers
[692.708s][info][gc,phases      ] GC(1470) Phase 3: Adjust pointers 4.075ms
[692.708s][info][gc,phases,start] GC(1470) Phase 4: Move objects
[692.708s][info][gc,phases      ] GC(1470) Phase 4: Move objects 0.009ms
[692.709s][info][gc,heap        ] GC(1470) DefNew: 99435K(314560K)->0K(314560K) Eden: 99066K(279616K)->0K(279616K) From: 369K(34944K)->0K(34944K)
[692.709s][info][gc,heap        ] GC(1470) Tenured: 446506K(699072K)->6334K(699072K)
[692.709s][info][gc,metaspace   ] GC(1470) Metaspace: 16655K(16960K)->16655K(16960K) NonClass: 14325K(14464K)->14325K(14464K) Class: 2330K(2496K)->2330K(2496K)
[692.709s][info][gc             ] GC(1470) Pause Full (System.gc()) 533M->6M(989M) 92.848ms
[692.709s][info][gc,cpu         ] GC(1470) User=0.08s Sys=0.00s Real=0.09s
[693.982s][info][gc,start       ] GC(1471) Pause Young (Allocation Failure)
[693.983s][info][gc,heap        ] GC(1471) DefNew: 279616K(314560K)->240K(314560K) Eden: 279616K(279616K)->0K(279616K) From: 0K(34944K)->240K(34944K)
[693.983s][info][gc,heap        ] GC(1471) Tenured: 6334K(699072K)->6334K(699072K)
[693.983s][info][gc,metaspace   ] GC(1471) Metaspace: 16655K(16960K)->16655K(16960K) NonClass: 14325K(14464K)->14325K(14464K) Class: 2330K(2496K)->2330K(2496K)
[693.983s][info][gc             ] GC(1471) Pause Young (Allocation Failure) 279M->6M(989M) 1.176ms
[693.983s][info][gc,cpu         ] GC(1471) User=0.00s Sys=0.00s Real=0.00s
[694.027s][info][gc,start       ] GC(1472) Pause Young (Allocation Failure)
[694.028s][info][gc,heap        ] GC(1472) DefNew: 279856K(314560K)->249K(314560K) Eden: 279616K(279616K)->0K(279616K) From: 240K(34944K)->249K(34944K)
[694.028s][info][gc,heap        ] GC(1472) Tenured: 6334K(699072K)->6334K(699072K)
[694.028s][info][gc,metaspace   ] GC(1472) Metaspace: 16655K(16960K)->16655K(16960K) NonClass: 14325K(14464K)->14325K(14464K) Class: 2330K(2496K)->2330K(2496K)
[694.028s][info][gc             ] GC(1472) Pause Young (Allocation Failure) 279M->6M(989M) 0.884ms
[694.028s][info][gc,cpu         ] GC(1472) User=0.00s Sys=0.00s Real=0.00s
[694.071s][info][gc,start       ] GC(1473) Pause Young (Allocation Failure)
[694.071s][info][gc,heap        ] GC(1473) DefNew: 279865K(314560K)->254K(314560K) Eden: 279616K(279616K)->0K(279616K) From: 249K(34944K)->254K(34944K)
[694.071s][info][gc,heap        ] GC(1473) Tenured: 6334K(699072K)->6334K(699072K)
[694.071s][info][gc,metaspace   ] GC(1473) Metaspace: 16655K(16960K)->16655K(16960K) NonClass: 14325K(14464K)->14325K(14464K) Class: 2330K(2496K)->2330K(2496K)
[694.071s][info][gc             ] GC(1473) Pause Young (Allocation Failure) 279M->6M(989M) 0.783ms
[694.072s][info][gc,cpu         ] GC(1473) User=0.00s Sys=0.00s Real=0.00s
[694.115s][info][gc,start       ] GC(1474) Pause Young (Allocation Failure)
[694.116s][info][gc,heap        ] GC(1474) DefNew: 279870K(314560K)->228K(314560K) Eden: 279616K(279616K)->0K(279616K) From: 254K(34944K)->228K(34944K)
[694.116s][info][gc,heap        ] GC(1474) Tenured: 6334K(699072K)->6334K(699072K)
[694.116s][info][gc,metaspace   ] GC(1474) Metaspace: 16655K(16960K)->16655K(16960K) NonClass: 14325K(14464K)->14325K(14464K) Class: 2330K(2496K)->2330K(2496K)
[694.116s][info][gc             ] GC(1474) Pause Young (Allocation Failure) 279M->6M(989M) 0.802ms
[694.116s][info][gc,cpu         ] GC(1474) User=0.00s Sys=0.00s Real=0.00s
[694.160s][info][gc,start       ] GC(1475) Pause Young (Allocation Failure)
[694.161s][info][gc,heap        ] GC(1475) DefNew: 279844K(314560K)->245K(314560K) Eden: 279616K(279616K)->0K(279616K) From: 228K(34944K)->245K(34944K)
[694.161s][info][gc,heap        ] GC(1475) Tenured: 6334K(699072K)->6334K(699072K)
[694.161s][info][gc,metaspace   ] GC(1475) Metaspace: 16655K(16960K)->16655K(16960K) NonClass: 14325K(14464K)->14325K(14464K) Class: 2330K(2496K)->2330K(2496K)
[694.161s][info][gc             ] GC(1475) Pause Young (Allocation Failure) 279M->6M(989M) 0.856ms
[694.161s][info][gc,cpu         ] GC(1475) User=0.00s Sys=0.00s Real=0.00s
[694.205s][info][gc,start       ] GC(1476) Pause Young (Allocation Failure)
[694.206s][info][gc,heap        ] GC(1476) DefNew: 279861K(314560K)->226K(314560K) Eden: 279616K(279616K)->0K(279616K) From: 245K(34944K)->226K(34944K)
[694.206s][info][gc,heap        ] GC(1476) Tenured: 6334K(699072K)->6334K(699072K)
[694.206s][info][gc,metaspace   ] GC(1476) Metaspace: 16655K(16960K)->16655K(16960K) NonClass: 14325K(14464K)->14325K(14464K) Class: 2330K(2496K)->2330K(2496K)
[694.206s][info][gc             ] GC(1476) Pause Young (Allocation Failure) 279M->6M(989M) 0.768ms
[694.206s][info][gc,cpu         ] GC(1476) User=0.00s Sys=0.00s Real=0.00s
[694.250s][info][gc,start       ] GC(1477) Pause Young (Allocation Failure)
[694.251s][info][gc,heap        ] GC(1477) DefNew: 279842K(314560K)->243K(314560K) Eden: 279616K(279616K)->0K(279616K) From: 226K(34944K)->243K(34944K)
[694.251s][info][gc,heap        ] GC(1477) Tenured: 6334K(699072K)->6334K(699072K)
[694.251s][info][gc,metaspace   ] GC(1477) Metaspace: 16655K(16960K)->16655K(16960K) NonClass: 14325K(14464K)->14325K(14464K) Class: 2330K(2496K)->2330K(2496K)
[694.251s][info][gc             ] GC(1477) Pause Young (Allocation Failure) 279M->6M(989M) 0.870ms
[694.251s][info][gc,cpu         ] GC(1477) User=0.00s Sys=0.00s Real=0.00s
[694.295s][info][gc,start       ] GC(1478) Pause Young (Allocation Failure)
[694.295s][info][gc,heap        ] GC(1478) DefNew: 279859K(314560K)->258K(314560K) Eden: 279616K(279616K)->0K(279616K) From: 243K(34944K)->258K(34944K)
[694.295s][info][gc,heap        ] GC(1478) Tenured: 6334K(699072K)->6334K(699072K)
[694.295s][info][gc,metaspace   ] GC(1478) Metaspace: 16655K(16960K)->16655K(16960K) NonClass: 14325K(14464K)->14325K(14464K) Class: 2330K(2496K)->2330K(2496K)
[694.295s][info][gc             ] GC(1478) Pause Young (Allocation Failure) 279M->6M(989M) 0.916ms
[694.295s][info][gc,cpu         ] GC(1478) User=0.00s Sys=0.00s Real=0.00s
[694.339s][info][gc,start       ] GC(1479) Pause Young (Allocation Failure)
[694.340s][info][gc,heap        ] GC(1479) DefNew: 279874K(314560K)->252K(314560K) Eden: 279616K(279616K)->0K(279616K) From: 258K(34944K)->252K(34944K)
[694.340s][info][gc,heap        ] GC(1479) Tenured: 6334K(699072K)->6334K(699072K)
[694.340s][info][gc,metaspace   ] GC(1479) Metaspace: 16655K(16960K)->16655K(16960K) NonClass: 14325K(14464K)->14325K(14464K) Class: 2330K(2496K)->2330K(2496K)
[694.340s][info][gc             ] GC(1479) Pause Young (Allocation Failure) 279M->6M(989M) 0.819ms
[694.340s][info][gc,cpu         ] GC(1479) User=0.00s Sys=0.00s Real=0.00s
[694.387s][info][gc,start       ] GC(1480) Pause Young (Allocation Failure)
[694.388s][info][gc,heap        ] GC(1480) DefNew: 279868K(314560K)->230K(314560K) Eden: 279616K(279616K)->0K(279616K) From: 252K(34944K)->230K(34944K)
[694.388s][info][gc,heap        ] GC(1480) Tenured: 6334K(699072K)->6334K(699072K)
[694.388s][info][gc,metaspace   ] GC(1480) Metaspace: 16655K(16960K)->16655K(16960K) NonClass: 14325K(14464K)->14325K(14464K) Class: 2330K(2496K)->2330K(2496K)
[694.388s][info][gc             ] GC(1480) Pause Young (Allocation Failure) 279M->6M(989M) 1.093ms
[694.388s][info][gc,cpu         ] GC(1480) User=0.00s Sys=0.00s Real=0.00s
[694.478s][info][gc,start       ] GC(1481) Pause Young (Allocation Failure)
[694.690s][info][gc,heap        ] GC(1481) DefNew: 279846K(314560K)->34943K(314560K) Eden: 279616K(279616K)->0K(279616K) From: 230K(34944K)->34943K(34944K)
[694.690s][info][gc,heap        ] GC(1481) Tenured: 6334K(699072K)->56457K(699072K)
[694.690s][info][gc,metaspace   ] GC(1481) Metaspace: 16655K(16960K)->16655K(16960K) NonClass: 14325K(14464K)->14325K(14464K) Class: 2330K(2496K)->2330K(2496K)
[694.690s][info][gc             ] GC(1481) Pause Young (Allocation Failure) 279M->89M(989M) 211.829ms
[694.690s][info][gc,cpu         ] GC(1481) User=0.20s Sys=0.00s Real=0.22s
[694.860s][info][gc,start       ] GC(1482) Pause Young (Allocation Failure)
[695.463s][info][gc,heap        ] GC(1482) DefNew: 314559K(314560K)->34944K(314560K) Eden: 279616K(279616K)->0K(279616K) From: 34943K(34944K)->34944K(34944K)
[695.464s][info][gc,heap        ] GC(1482) Tenured: 56457K(699072K)->240925K(699072K)
[695.464s][info][gc,metaspace   ] GC(1482) Metaspace: 16655K(16960K)->16655K(16960K) NonClass: 14325K(14464K)->14325K(14464K) Class: 2330K(2496K)->2330K(2496K)
[695.464s][info][gc             ] GC(1482) Pause Young (Allocation Failure) 362M->269M(989M) 603.462ms
[695.464s][info][gc,cpu         ] GC(1482) User=0.58s Sys=0.00s Real=0.60s
[695.680s][info][gc,start       ] GC(1483) Pause Young (Allocation Failure)
[696.212s][info][gc,heap        ] GC(1483) DefNew: 314560K(314560K)->34943K(314560K) Eden: 279616K(279616K)->0K(279616K) From: 34944K(34944K)->34943K(34944K)
[696.212s][info][gc,heap        ] GC(1483) Tenured: 240925K(699072K)->406959K(699072K)
[696.212s][info][gc,metaspace   ] GC(1483) Metaspace: 16655K(16960K)->16655K(16960K) NonClass: 14325K(14464K)->14325K(14464K) Class: 2330K(2496K)->2330K(2496K)
[696.212s][info][gc             ] GC(1483) Pause Young (Allocation Failure) 542M->431M(989M) 531.698ms
[696.212s][info][gc,cpu         ] GC(1483) User=0.53s Sys=0.00s Real=0.52s
[699.280s][info][gc,start       ] GC(1484) Pause Young (Allocation Failure)
[699.662s][info][gc,heap        ] GC(1484) DefNew: 314559K(314560K)->34944K(314560K) Eden: 279616K(279616K)->0K(279616K) From: 34943K(34944K)->34944K(34944K)
[699.662s][info][gc,heap        ] GC(1484) Tenured: 406959K(699072K)->497854K(699072K)
[699.662s][info][gc,metaspace   ] GC(1484) Metaspace: 16655K(16960K)->16655K(16960K) NonClass: 14325K(14464K)->14325K(14464K) Class: 2330K(2496K)->2330K(2496K)
[699.662s][info][gc             ] GC(1484) Pause Young (Allocation Failure) 704M->520M(989M) 382.529ms
[699.663s][info][gc,cpu         ] GC(1484) User=0.34s Sys=0.00s Real=0.38s
[699.800s][info][gc,start       ] GC(1485) Pause Young (Allocation Failure)
[699.800s][info][gc             ] GC(1485) Pause Young (Allocation Failure) 793M->793M(989M) 0.116ms
[699.800s][info][gc,cpu         ] GC(1485) User=0.00s Sys=0.00s Real=0.00s
[699.800s][info][gc,start       ] GC(1486) Pause Full (Allocation Failure)
[699.800s][info][gc,phases,start] GC(1486) Phase 1: Mark live objects
[700.039s][info][gc,phases      ] GC(1486) Phase 1: Mark live objects 239.205ms
[700.039s][info][gc,phases,start] GC(1486) Phase 2: Compute new object addresses
[700.165s][info][gc,phases      ] GC(1486) Phase 2: Compute new object addresses 125.732ms
[700.165s][info][gc,phases,start] GC(1486) Phase 3: Adjust pointers
[700.285s][info][gc,phases      ] GC(1486) Phase 3: Adjust pointers 119.362ms
[700.285s][info][gc,phases,start] GC(1486) Phase 4: Move objects
[700.367s][info][gc,phases      ] GC(1486) Phase 4: Move objects 82.093ms
[700.367s][info][gc,heap        ] GC(1486) DefNew: 314560K(314560K)->0K(314560K) Eden: 279616K(279616K)->0K(279616K) From: 34944K(34944K)->0K(34944K)
[700.367s][info][gc,heap        ] GC(1486) Tenured: 497854K(699072K)->214912K(699072K)
[700.367s][info][gc,metaspace   ] GC(1486) Metaspace: 16655K(16960K)->16655K(16960K) NonClass: 14325K(14464K)->14325K(14464K) Class: 2330K(2496K)->2330K(2496K)
[700.367s][info][gc             ] GC(1486) Pause Full (Allocation Failure) 793M->209M(989M) 566.906ms
[700.367s][info][gc,cpu         ] GC(1486) User=0.58s Sys=0.00s Real=0.57s
[700.509s][info][gc,start       ] GC(1487) Pause Young (Allocation Failure)
[700.793s][info][gc,heap        ] GC(1487) DefNew: 279616K(314560K)->34944K(314560K) Eden: 279616K(279616K)->0K(279616K) From: 0K(34944K)->34944K(34944K)
[700.793s][info][gc,heap        ] GC(1487) Tenured: 214912K(699072K)->297590K(699072K)
[700.793s][info][gc,metaspace   ] GC(1487) Metaspace: 16655K(16960K)->16655K(16960K) NonClass: 14325K(14464K)->14325K(14464K) Class: 2330K(2496K)->2330K(2496K)
[700.793s][info][gc             ] GC(1487) Pause Young (Allocation Failure) 482M->324M(989M) 284.020ms
[700.793s][info][gc,cpu         ] GC(1487) User=0.25s Sys=0.00s Real=0.28s
[700.952s][info][gc,start       ] GC(1488) Pause Young (Allocation Failure)
[701.426s][info][gc,heap        ] GC(1488) DefNew: 314560K(314560K)->34944K(314560K) Eden: 279616K(279616K)->0K(279616K) From: 34944K(34944K)->34944K(34944K)
[701.426s][info][gc,heap        ] GC(1488) Tenured: 297590K(699072K)->427936K(699072K)
[701.426s][info][gc,metaspace   ] GC(1488) Metaspace: 16655K(16960K)->16655K(16960K) NonClass: 14325K(14464K)->14325K(14464K) Class: 2330K(2496K)->2330K(2496K)
[701.426s][info][gc             ] GC(1488) Pause Young (Allocation Failure) 597M->452M(989M) 474.237ms
[701.426s][info][gc,cpu         ] GC(1488) User=0.47s Sys=0.00s Real=0.49s
[701.881s][info][gc,start       ] GC(1489) Pause Young (Allocation Failure)
[702.078s][info][gc,heap        ] GC(1489) DefNew: 314560K(314560K)->20362K(314560K) Eden: 279616K(279616K)->0K(279616K) From: 34944K(34944K)->20362K(34944K)
[702.079s][info][gc,heap        ] GC(1489) Tenured: 427936K(699072K)->452491K(699072K)
[702.079s][info][gc,metaspace   ] GC(1489) Metaspace: 16655K(16960K)->16655K(16960K) NonClass: 14325K(14464K)->14325K(14464K) Class: 2330K(2496K)->2330K(2496K)
[702.079s][info][gc             ] GC(1489) Pause Young (Allocation Failure) 725M->461M(989M) 197.202ms
[702.079s][info][gc,cpu         ] GC(1489) User=0.19s Sys=0.00s Real=0.19s
[702.443s][info][gc,start       ] GC(1490) Pause Young (Allocation Failure)
[702.463s][info][gc,heap        ] GC(1490) DefNew: 299978K(314560K)->0K(314560K) Eden: 279616K(279616K)->0K(279616K) From: 20362K(34944K)->0K(34944K)
[702.463s][info][gc,heap        ] GC(1490) Tenured: 452491K(699072K)->454627K(699072K)
[702.463s][info][gc,metaspace   ] GC(1490) Metaspace: 16655K(16960K)->16655K(16960K) NonClass: 14325K(14464K)->14325K(14464K) Class: 2330K(2496K)->2330K(2496K)
[702.463s][info][gc             ] GC(1490) Pause Young (Allocation Failure) 734M->443M(989M) 20.550ms
[702.463s][info][gc,cpu         ] GC(1490) User=0.02s Sys=0.00s Real=0.02s
[703.113s][info][gc,start       ] GC(1491) Pause Full (System.gc())
[703.113s][info][gc,phases,start] GC(1491) Phase 1: Mark live objects
[703.121s][info][gc,phases      ] GC(1491) Phase 1: Mark live objects 7.891ms
[703.121s][info][gc,phases,start] GC(1491) Phase 2: Compute new object addresses
[703.202s][info][gc,phases      ] GC(1491) Phase 2: Compute new object addresses 80.872ms
[703.202s][info][gc,phases,start] GC(1491) Phase 3: Adjust pointers
[703.206s][info][gc,phases      ] GC(1491) Phase 3: Adjust pointers 4.086ms
[703.206s][info][gc,phases,start] GC(1491) Phase 4: Move objects
[703.206s][info][gc,phases      ] GC(1491) Phase 4: Move objects 0.010ms
[703.206s][info][gc,heap        ] GC(1491) DefNew: 88442K(314560K)->0K(314560K) Eden: 88442K(279616K)->0K(279616K) From: 0K(34944K)->0K(34944K)
[703.206s][info][gc,heap        ] GC(1491) Tenured: 454627K(699072K)->6334K(699072K)
[703.206s][info][gc,metaspace   ] GC(1491) Metaspace: 16655K(16960K)->16655K(16960K) NonClass: 14325K(14464K)->14325K(14464K) Class: 2330K(2496K)->2330K(2496K)
[703.206s][info][gc             ] GC(1491) Pause Full (System.gc()) 530M->6M(989M) 93.301ms
[703.206s][info][gc,cpu         ] GC(1491) User=0.08s Sys=0.00s Real=0.09s
[704.553s][info][gc,start       ] GC(1492) Pause Young (Allocation Failure)
[704.554s][info][gc,heap        ] GC(1492) DefNew: 279616K(314560K)->252K(314560K) Eden: 279616K(279616K)->0K(279616K) From: 0K(34944K)->252K(34944K)
[704.554s][info][gc,heap        ] GC(1492) Tenured: 6334K(699072K)->6334K(699072K)
[704.554s][info][gc,metaspace   ] GC(1492) Metaspace: 16655K(16960K)->16655K(16960K) NonClass: 14325K(14464K)->14325K(14464K) Class: 2330K(2496K)->2330K(2496K)
[704.554s][info][gc             ] GC(1492) Pause Young (Allocation Failure) 279M->6M(989M) 1.200ms
[704.554s][info][gc,cpu         ] GC(1492) User=0.00s Sys=0.00s Real=0.00s
[704.600s][info][gc,start       ] GC(1493) Pause Young (Allocation Failure)
[704.600s][info][gc,heap        ] GC(1493) DefNew: 279868K(314560K)->261K(314560K) Eden: 279616K(279616K)->0K(279616K) From: 252K(34944K)->261K(34944K)
[704.600s][info][gc,heap        ] GC(1493) Tenured: 6334K(699072K)->6334K(699072K)
[704.600s][info][gc,metaspace   ] GC(1493) Metaspace: 16655K(16960K)->16655K(16960K) NonClass: 14325K(14464K)->14325K(14464K) Class: 2330K(2496K)->2330K(2496K)
[704.600s][info][gc             ] GC(1493) Pause Young (Allocation Failure) 279M->6M(989M) 0.902ms
[704.600s][info][gc,cpu         ] GC(1493) User=0.00s Sys=0.00s Real=0.00s
[704.644s][info][gc,start       ] GC(1494) Pause Young (Allocation Failure)
[704.645s][info][gc,heap        ] GC(1494) DefNew: 279877K(314560K)->245K(314560K) Eden: 279616K(279616K)->0K(279616K) From: 261K(34944K)->245K(34944K)
[704.645s][info][gc,heap        ] GC(1494) Tenured: 6334K(699072K)->6334K(699072K)
[704.645s][info][gc,metaspace   ] GC(1494) Metaspace: 16655K(16960K)->16655K(16960K) NonClass: 14325K(14464K)->14325K(14464K) Class: 2330K(2496K)->2330K(2496K)
[704.645s][info][gc             ] GC(1494) Pause Young (Allocation Failure) 279M->6M(989M) 0.848ms
[704.645s][info][gc,cpu         ] GC(1494) User=0.00s Sys=0.00s Real=0.00s
[704.689s][info][gc,start       ] GC(1495) Pause Young (Allocation Failure)
[704.690s][info][gc,heap        ] GC(1495) DefNew: 279861K(314560K)->250K(314560K) Eden: 279616K(279616K)->0K(279616K) From: 245K(34944K)->250K(34944K)
[704.690s][info][gc,heap        ] GC(1495) Tenured: 6334K(699072K)->6334K(699072K)
[704.690s][info][gc,metaspace   ] GC(1495) Metaspace: 16655K(16960K)->16655K(16960K) NonClass: 14325K(14464K)->14325K(14464K) Class: 2330K(2496K)->2330K(2496K)
[704.690s][info][gc             ] GC(1495) Pause Young (Allocation Failure) 279M->6M(989M) 0.808ms
[704.690s][info][gc,cpu         ] GC(1495) User=0.00s Sys=0.00s Real=0.00s
[704.733s][info][gc,start       ] GC(1496) Pause Young (Allocation Failure)
[704.734s][info][gc,heap        ] GC(1496) DefNew: 279866K(314560K)->251K(314560K) Eden: 279616K(279616K)->0K(279616K) From: 250K(34944K)->251K(34944K)
[704.734s][info][gc,heap        ] GC(1496) Tenured: 6334K(699072K)->6334K(699072K)
[704.734s][info][gc,metaspace   ] GC(1496) Metaspace: 16655K(16960K)->16655K(16960K) NonClass: 14325K(14464K)->14325K(14464K) Class: 2330K(2496K)->2330K(2496K)
[704.734s][info][gc             ] GC(1496) Pause Young (Allocation Failure) 279M->6M(989M) 0.792ms
[704.734s][info][gc,cpu         ] GC(1496) User=0.00s Sys=0.00s Real=0.00s
[704.778s][info][gc,start       ] GC(1497) Pause Young (Allocation Failure)
[704.779s][info][gc,heap        ] GC(1497) DefNew: 279867K(314560K)->249K(314560K) Eden: 279616K(279616K)->0K(279616K) From: 251K(34944K)->249K(34944K)
[704.779s][info][gc,heap        ] GC(1497) Tenured: 6334K(699072K)->6334K(699072K)
[704.779s][info][gc,metaspace   ] GC(1497) Metaspace: 16655K(16960K)->16655K(16960K) NonClass: 14325K(14464K)->14325K(14464K) Class: 2330K(2496K)->2330K(2496K)
[704.779s][info][gc             ] GC(1497) Pause Young (Allocation Failure) 279M->6M(989M) 0.864ms
[704.779s][info][gc,cpu         ] GC(1497) User=0.00s Sys=0.00s Real=0.00s
[704.823s][info][gc,start       ] GC(1498) Pause Young (Allocation Failure)
[704.824s][info][gc,heap        ] GC(1498) DefNew: 279865K(314560K)->279K(314560K) Eden: 279616K(279616K)->0K(279616K) From: 249K(34944K)->279K(34944K)
[704.824s][info][gc,heap        ] GC(1498) Tenured: 6334K(699072K)->6334K(699072K)
[704.824s][info][gc,metaspace   ] GC(1498) Metaspace: 16655K(16960K)->16655K(16960K) NonClass: 14325K(14464K)->14325K(14464K) Class: 2330K(2496K)->2330K(2496K)
[704.824s][info][gc             ] GC(1498) Pause Young (Allocation Failure) 279M->6M(989M) 0.872ms
[704.824s][info][gc,cpu         ] GC(1498) User=0.00s Sys=0.00s Real=0.00s
[704.868s][info][gc,start       ] GC(1499) Pause Young (Allocation Failure)
[704.868s][info][gc,heap        ] GC(1499) DefNew: 279895K(314560K)->239K(314560K) Eden: 279616K(279616K)->0K(279616K) From: 279K(34944K)->239K(34944K)
[704.868s][info][gc,heap        ] GC(1499) Tenured: 6334K(699072K)->6334K(699072K)
[704.868s][info][gc,metaspace   ] GC(1499) Metaspace: 16655K(16960K)->16655K(16960K) NonClass: 14325K(14464K)->14325K(14464K) Class: 2330K(2496K)->2330K(2496K)
[704.868s][info][gc             ] GC(1499) Pause Young (Allocation Failure) 279M->6M(989M) 0.879ms
[704.868s][info][gc,cpu         ] GC(1499) User=0.00s Sys=0.00s Real=0.00s
[704.912s][info][gc,start       ] GC(1500) Pause Young (Allocation Failure)
[704.912s][info][gc,heap        ] GC(1500) DefNew: 279855K(314560K)->249K(314560K) Eden: 279616K(279616K)->0K(279616K) From: 239K(34944K)->249K(34944K)
[704.912s][info][gc,heap        ] GC(1500) Tenured: 6334K(699072K)->6334K(699072K)
[704.912s][info][gc,metaspace   ] GC(1500) Metaspace: 16655K(16960K)->16655K(16960K) NonClass: 14325K(14464K)->14325K(14464K) Class: 2330K(2496K)->2330K(2496K)
[704.912s][info][gc             ] GC(1500) Pause Young (Allocation Failure) 279M->6M(989M) 0.875ms
[704.912s][info][gc,cpu         ] GC(1500) User=0.00s Sys=0.00s Real=0.00s
[704.959s][info][gc,start       ] GC(1501) Pause Young (Allocation Failure)
[704.960s][info][gc,heap        ] GC(1501) DefNew: 279865K(314560K)->202K(314560K) Eden: 279616K(279616K)->0K(279616K) From: 249K(34944K)->202K(34944K)
[704.960s][info][gc,heap        ] GC(1501) Tenured: 6334K(699072K)->6334K(699072K)
[704.960s][info][gc,metaspace   ] GC(1501) Metaspace: 16655K(16960K)->16655K(16960K) NonClass: 14325K(14464K)->14325K(14464K) Class: 2330K(2496K)->2330K(2496K)
[704.960s][info][gc             ] GC(1501) Pause Young (Allocation Failure) 279M->6M(989M) 0.757ms
[704.960s][info][gc,cpu         ] GC(1501) User=0.00s Sys=0.00s Real=0.00s
[705.040s][info][gc,start       ] GC(1502) Pause Young (Allocation Failure)
[705.232s][info][gc,heap        ] GC(1502) DefNew: 279818K(314560K)->34943K(314560K) Eden: 279616K(279616K)->0K(279616K) From: 202K(34944K)->34943K(34944K)
[705.232s][info][gc,heap        ] GC(1502) Tenured: 6334K(699072K)->49194K(699072K)
[705.232s][info][gc,metaspace   ] GC(1502) Metaspace: 16655K(16960K)->16655K(16960K) NonClass: 14325K(14464K)->14325K(14464K) Class: 2330K(2496K)->2330K(2496K)
[705.232s][info][gc             ] GC(1502) Pause Young (Allocation Failure) 279M->82M(989M) 191.837ms
[705.232s][info][gc,cpu         ] GC(1502) User=0.19s Sys=0.00s Real=0.19s
[705.405s][info][gc,start       ] GC(1503) Pause Young (Allocation Failure)
[705.997s][info][gc,heap        ] GC(1503) DefNew: 314559K(314560K)->34943K(314560K) Eden: 279616K(279616K)->0K(279616K) From: 34943K(34944K)->34943K(34944K)
[705.997s][info][gc,heap        ] GC(1503) Tenured: 49194K(699072K)->233476K(699072K)
[705.997s][info][gc,metaspace   ] GC(1503) Metaspace: 16655K(16960K)->16655K(16960K) NonClass: 14325K(14464K)->14325K(14464K) Class: 2330K(2496K)->2330K(2496K)
[705.997s][info][gc             ] GC(1503) Pause Young (Allocation Failure) 355M->262M(989M) 591.919ms
[705.997s][info][gc,cpu         ] GC(1503) User=0.58s Sys=0.00s Real=0.60s
[706.198s][info][gc,start       ] GC(1504) Pause Young (Allocation Failure)
[706.746s][info][gc,heap        ] GC(1504) DefNew: 314559K(314560K)->34944K(314560K) Eden: 279616K(279616K)->0K(279616K) From: 34943K(34944K)->34944K(34944K)
[706.747s][info][gc,heap        ] GC(1504) Tenured: 233476K(699072K)->408591K(699072K)
[706.747s][info][gc,metaspace   ] GC(1504) Metaspace: 16655K(16960K)->16655K(16960K) NonClass: 14325K(14464K)->14325K(14464K) Class: 2330K(2496K)->2330K(2496K)
[706.747s][info][gc             ] GC(1504) Pause Young (Allocation Failure) 535M->433M(989M) 548.470ms
[706.747s][info][gc,cpu         ] GC(1504) User=0.55s Sys=0.00s Real=0.55s
[709.205s][info][gc,start       ] GC(1505) Pause Young (Allocation Failure)
[709.582s][info][gc,heap        ] GC(1505) DefNew: 314560K(314560K)->34943K(314560K) Eden: 279616K(279616K)->0K(279616K) From: 34944K(34944K)->34943K(34944K)
[709.582s][info][gc,heap        ] GC(1505) Tenured: 408591K(699072K)->495241K(699072K)
[709.582s][info][gc,metaspace   ] GC(1505) Metaspace: 16655K(16960K)->16655K(16960K) NonClass: 14325K(14464K)->14325K(14464K) Class: 2330K(2496K)->2330K(2496K)
[709.583s][info][gc             ] GC(1505) Pause Young (Allocation Failure) 706M->517M(989M) 377.618ms
[709.583s][info][gc,cpu         ] GC(1505) User=0.38s Sys=0.00s Real=0.38s
[709.719s][info][gc,start       ] GC(1506) Pause Young (Allocation Failure)
[709.720s][info][gc             ] GC(1506) Pause Young (Allocation Failure) 790M->790M(989M) 0.124ms
[709.720s][info][gc,cpu         ] GC(1506) User=0.00s Sys=0.00s Real=0.00s
[709.720s][info][gc,start       ] GC(1507) Pause Full (Allocation Failure)
[709.720s][info][gc,phases,start] GC(1507) Phase 1: Mark live objects
[709.953s][info][gc,phases      ] GC(1507) Phase 1: Mark live objects 233.420ms
[709.953s][info][gc,phases,start] GC(1507) Phase 2: Compute new object addresses
[710.079s][info][gc,phases      ] GC(1507) Phase 2: Compute new object addresses 125.612ms
[710.079s][info][gc,phases,start] GC(1507) Phase 3: Adjust pointers
[710.196s][info][gc,phases      ] GC(1507) Phase 3: Adjust pointers 117.542ms
[710.196s][info][gc,phases,start] GC(1507) Phase 4: Move objects
[710.278s][info][gc,phases      ] GC(1507) Phase 4: Move objects 81.274ms
[710.278s][info][gc,heap        ] GC(1507) DefNew: 314559K(314560K)->0K(314560K) Eden: 279616K(279616K)->0K(279616K) From: 34943K(34944K)->0K(34944K)
[710.278s][info][gc,heap        ] GC(1507) Tenured: 495241K(699072K)->210387K(699072K)
[710.278s][info][gc,metaspace   ] GC(1507) Metaspace: 16655K(16960K)->16655K(16960K) NonClass: 14325K(14464K)->14325K(14464K) Class: 2330K(2496K)->2330K(2496K)
[710.278s][info][gc             ] GC(1507) Pause Full (Allocation Failure) 790M->205M(989M) 558.330ms
[710.278s][info][gc,cpu         ] GC(1507) User=0.53s Sys=0.00s Real=0.57s
[710.422s][info][gc,start       ] GC(1508) Pause Young (Allocation Failure)
[710.706s][info][gc,heap        ] GC(1508) DefNew: 279616K(314560K)->34944K(314560K) Eden: 279616K(279616K)->0K(279616K) From: 0K(34944K)->34944K(34944K)
[710.706s][info][gc,heap        ] GC(1508) Tenured: 210387K(699072K)->293073K(699072K)
[710.706s][info][gc,metaspace   ] GC(1508) Metaspace: 16655K(16960K)->16655K(16960K) NonClass: 14325K(14464K)->14325K(14464K) Class: 2330K(2496K)->2330K(2496K)
[710.706s][info][gc             ] GC(1508) Pause Young (Allocation Failure) 478M->320M(989M) 283.820ms
[710.706s][info][gc,cpu         ] GC(1508) User=0.28s Sys=0.00s Real=0.28s
[710.864s][info][gc,start       ] GC(1509) Pause Young (Allocation Failure)
[711.323s][info][gc,heap        ] GC(1509) DefNew: 314560K(314560K)->34944K(314560K) Eden: 279616K(279616K)->0K(279616K) From: 34944K(34944K)->34944K(34944K)
[711.323s][info][gc,heap        ] GC(1509) Tenured: 293073K(699072K)->420200K(699072K)
[711.323s][info][gc,metaspace   ] GC(1509) Metaspace: 16655K(16960K)->16655K(16960K) NonClass: 14325K(14464K)->14325K(14464K) Class: 2330K(2496K)->2330K(2496K)
[711.323s][info][gc             ] GC(1509) Pause Young (Allocation Failure) 593M->444M(989M) 458.229ms
[711.323s][info][gc,cpu         ] GC(1509) User=0.44s Sys=0.00s Real=0.46s
[711.784s][info][gc,start       ] GC(1510) Pause Young (Allocation Failure)
[711.994s][info][gc,heap        ] GC(1510) DefNew: 314560K(314560K)->28118K(314560K) Eden: 279616K(279616K)->0K(279616K) From: 34944K(34944K)->28118K(34944K)
[711.994s][info][gc,heap        ] GC(1510) Tenured: 420200K(699072K)->445244K(699072K)
[711.994s][info][gc,metaspace   ] GC(1510) Metaspace: 16655K(16960K)->16655K(16960K) NonClass: 14325K(14464K)->14325K(14464K) Class: 2330K(2496K)->2330K(2496K)
[711.994s][info][gc             ] GC(1510) Pause Young (Allocation Failure) 717M->462M(989M) 210.210ms
[711.994s][info][gc,cpu         ] GC(1510) User=0.16s Sys=0.00s Real=0.20s
[712.358s][info][gc,start       ] GC(1511) Pause Young (Allocation Failure)
[712.396s][info][gc,heap        ] GC(1511) DefNew: 307734K(314560K)->229K(314560K) Eden: 279616K(279616K)->0K(279616K) From: 28118K(34944K)->229K(34944K)
[712.396s][info][gc,heap        ] GC(1511) Tenured: 445244K(699072K)->448246K(699072K)
[712.396s][info][gc,metaspace   ] GC(1511) Metaspace: 16655K(16960K)->16655K(16960K) NonClass: 14325K(14464K)->14325K(14464K) Class: 2330K(2496K)->2330K(2496K)
[712.397s][info][gc             ] GC(1511) Pause Young (Allocation Failure) 735M->437M(989M) 38.107ms
[712.397s][info][gc,cpu         ] GC(1511) User=0.03s Sys=0.00s Real=0.03s
[713.053s][info][gc,start       ] GC(1512) Pause Full (System.gc())
[713.054s][info][gc,phases,start] GC(1512) Phase 1: Mark live objects
[713.061s][info][gc,phases      ] GC(1512) Phase 1: Mark live objects 7.172ms
[713.061s][info][gc,phases,start] GC(1512) Phase 2: Compute new object addresses
[713.142s][info][gc,phases      ] GC(1512) Phase 2: Compute new object addresses 80.944ms
[713.142s][info][gc,phases,start] GC(1512) Phase 3: Adjust pointers
[713.146s][info][gc,phases      ] GC(1512) Phase 3: Adjust pointers 4.109ms
[713.146s][info][gc,phases,start] GC(1512) Phase 4: Move objects
[713.146s][info][gc,phases      ] GC(1512) Phase 4: Move objects 0.010ms
[713.146s][info][gc,heap        ] GC(1512) DefNew: 95048K(314560K)->0K(314560K) Eden: 94818K(279616K)->0K(279616K) From: 229K(34944K)->0K(34944K)
[713.146s][info][gc,heap        ] GC(1512) Tenured: 448246K(699072K)->6334K(699072K)
[713.146s][info][gc,metaspace   ] GC(1512) Metaspace: 16655K(16960K)->16655K(16960K) NonClass: 14325K(14464K)->14325K(14464K) Class: 2330K(2496K)->2330K(2496K)
[713.146s][info][gc             ] GC(1512) Pause Full (System.gc()) 530M->6M(989M) 92.593ms
[713.146s][info][gc,cpu         ] GC(1512) User=0.08s Sys=0.00s Real=0.09s
[714.410s][info][gc,start       ] GC(1513) Pause Young (Allocation Failure)
[714.411s][info][gc,heap        ] GC(1513) DefNew: 279616K(314560K)->231K(314560K) Eden: 279616K(279616K)->0K(279616K) From: 0K(34944K)->231K(34944K)
[714.411s][info][gc,heap        ] GC(1513) Tenured: 6334K(699072K)->6334K(699072K)
[714.411s][info][gc,metaspace   ] GC(1513) Metaspace: 16655K(16960K)->16655K(16960K) NonClass: 14325K(14464K)->14325K(14464K) Class: 2330K(2496K)->2330K(2496K)
[714.411s][info][gc             ] GC(1513) Pause Young (Allocation Failure) 279M->6M(989M) 1.126ms
[714.411s][info][gc,cpu         ] GC(1513) User=0.00s Sys=0.00s Real=0.00s
[714.458s][info][gc,start       ] GC(1514) Pause Young (Allocation Failure)
[714.459s][info][gc,heap        ] GC(1514) DefNew: 279847K(314560K)->237K(314560K) Eden: 279616K(279616K)->0K(279616K) From: 231K(34944K)->237K(34944K)
[714.459s][info][gc,heap        ] GC(1514) Tenured: 6334K(699072K)->6334K(699072K)
[714.459s][info][gc,metaspace   ] GC(1514) Metaspace: 16655K(16960K)->16655K(16960K) NonClass: 14325K(14464K)->14325K(14464K) Class: 2330K(2496K)->2330K(2496K)
[714.459s][info][gc             ] GC(1514) Pause Young (Allocation Failure) 279M->6M(989M) 0.847ms
[714.459s][info][gc,cpu         ] GC(1514) User=0.00s Sys=0.00s Real=0.01s
[714.503s][info][gc,start       ] GC(1515) Pause Young (Allocation Failure)
[714.504s][info][gc,heap        ] GC(1515) DefNew: 279853K(314560K)->233K(314560K) Eden: 279616K(279616K)->0K(279616K) From: 237K(34944K)->233K(34944K)
[714.504s][info][gc,heap        ] GC(1515) Tenured: 6334K(699072K)->6334K(699072K)
[714.504s][info][gc,metaspace   ] GC(1515) Metaspace: 16655K(16960K)->16655K(16960K) NonClass: 14325K(14464K)->14325K(14464K) Class: 2330K(2496K)->2330K(2496K)
[714.504s][info][gc             ] GC(1515) Pause Young (Allocation Failure) 279M->6M(989M) 0.805ms
[714.504s][info][gc,cpu         ] GC(1515) User=0.00s Sys=0.00s Real=0.00s
[714.549s][info][gc,start       ] GC(1516) Pause Young (Allocation Failure)
[714.549s][info][gc,heap        ] GC(1516) DefNew: 279849K(314560K)->228K(314560K) Eden: 279616K(279616K)->0K(279616K) From: 233K(34944K)->228K(34944K)
[714.549s][info][gc,heap        ] GC(1516) Tenured: 6334K(699072K)->6334K(699072K)
[714.549s][info][gc,metaspace   ] GC(1516) Metaspace: 16655K(16960K)->16655K(16960K) NonClass: 14325K(14464K)->14325K(14464K) Class: 2330K(2496K)->2330K(2496K)
[714.550s][info][gc             ] GC(1516) Pause Young (Allocation Failure) 279M->6M(989M) 0.826ms
[714.550s][info][gc,cpu         ] GC(1516) User=0.00s Sys=0.00s Real=0.00s
[714.594s][info][gc,start       ] GC(1517) Pause Young (Allocation Failure)
[714.595s][info][gc,heap        ] GC(1517) DefNew: 279844K(314560K)->229K(314560K) Eden: 279616K(279616K)->0K(279616K) From: 228K(34944K)->229K(34944K)
[714.595s][info][gc,heap        ] GC(1517) Tenured: 6334K(699072K)->6334K(699072K)
[714.595s][info][gc,metaspace   ] GC(1517) Metaspace: 16655K(16960K)->16655K(16960K) NonClass: 14325K(14464K)->14325K(14464K) Class: 2330K(2496K)->2330K(2496K)
[714.595s][info][gc             ] GC(1517) Pause Young (Allocation Failure) 279M->6M(989M) 0.789ms
[714.595s][info][gc,cpu         ] GC(1517) User=0.00s Sys=0.00s Real=0.00s
[714.639s][info][gc,start       ] GC(1518) Pause Young (Allocation Failure)
[714.640s][info][gc,heap        ] GC(1518) DefNew: 279845K(314560K)->245K(314560K) Eden: 279616K(279616K)->0K(279616K) From: 229K(34944K)->245K(34944K)
[714.640s][info][gc,heap        ] GC(1518) Tenured: 6334K(699072K)->6334K(699072K)
[714.640s][info][gc,metaspace   ] GC(1518) Metaspace: 16655K(16960K)->16655K(16960K) NonClass: 14325K(14464K)->14325K(14464K) Class: 2330K(2496K)->2330K(2496K)
[714.640s][info][gc             ] GC(1518) Pause Young (Allocation Failure) 279M->6M(989M) 0.830ms
[714.640s][info][gc,cpu         ] GC(1518) User=0.00s Sys=0.00s Real=0.00s
[714.685s][info][gc,start       ] GC(1519) Pause Young (Allocation Failure)
[714.686s][info][gc,heap        ] GC(1519) DefNew: 279861K(314560K)->241K(314560K) Eden: 279616K(279616K)->0K(279616K) From: 245K(34944K)->241K(34944K)
[714.686s][info][gc,heap        ] GC(1519) Tenured: 6334K(699072K)->6334K(699072K)
[714.686s][info][gc,metaspace   ] GC(1519) Metaspace: 16655K(16960K)->16655K(16960K) NonClass: 14325K(14464K)->14325K(14464K) Class: 2330K(2496K)->2330K(2496K)
[714.686s][info][gc             ] GC(1519) Pause Young (Allocation Failure) 279M->6M(989M) 0.855ms
[714.686s][info][gc,cpu         ] GC(1519) User=0.00s Sys=0.00s Real=0.00s
[714.730s][info][gc,start       ] GC(1520) Pause Young (Allocation Failure)
[714.731s][info][gc,heap        ] GC(1520) DefNew: 279857K(314560K)->239K(314560K) Eden: 279616K(279616K)->0K(279616K) From: 241K(34944K)->239K(34944K)
[714.731s][info][gc,heap        ] GC(1520) Tenured: 6334K(699072K)->6334K(699072K)
[714.731s][info][gc,metaspace   ] GC(1520) Metaspace: 16655K(16960K)->16655K(16960K) NonClass: 14325K(14464K)->14325K(14464K) Class: 2330K(2496K)->2330K(2496K)
[714.731s][info][gc             ] GC(1520) Pause Young (Allocation Failure) 279M->6M(989M) 0.861ms
[714.731s][info][gc,cpu         ] GC(1520) User=0.00s Sys=0.00s Real=0.00s
[714.776s][info][gc,start       ] GC(1521) Pause Young (Allocation Failure)
[714.776s][info][gc,heap        ] GC(1521) DefNew: 279855K(314560K)->237K(314560K) Eden: 279616K(279616K)->0K(279616K) From: 239K(34944K)->237K(34944K)
[714.776s][info][gc,heap        ] GC(1521) Tenured: 6334K(699072K)->6334K(699072K)
[714.777s][info][gc,metaspace   ] GC(1521) Metaspace: 16655K(16960K)->16655K(16960K) NonClass: 14325K(14464K)->14325K(14464K) Class: 2330K(2496K)->2330K(2496K)
[714.777s][info][gc             ] GC(1521) Pause Young (Allocation Failure) 279M->6M(989M) 0.945ms
[714.777s][info][gc,cpu         ] GC(1521) User=0.00s Sys=0.00s Real=0.00s
[714.821s][info][gc,start       ] GC(1522) Pause Young (Allocation Failure)
[714.822s][info][gc,heap        ] GC(1522) DefNew: 279853K(314560K)->239K(314560K) Eden: 279616K(279616K)->0K(279616K) From: 237K(34944K)->239K(34944K)
[714.822s][info][gc,heap        ] GC(1522) Tenured: 6334K(699072K)->6334K(699072K)
[714.822s][info][gc,metaspace   ] GC(1522) Metaspace: 16655K(16960K)->16655K(16960K) NonClass: 14325K(14464K)->14325K(14464K) Class: 2330K(2496K)->2330K(2496K)
[714.822s][info][gc             ] GC(1522) Pause Young (Allocation Failure) 279M->6M(989M) 0.821ms
[714.822s][info][gc,cpu         ] GC(1522) User=0.00s Sys=0.00s Real=0.00s
[714.901s][info][gc,start       ] GC(1523) Pause Young (Allocation Failure)
[715.089s][info][gc,heap        ] GC(1523) DefNew: 279855K(314560K)->34944K(314560K) Eden: 279616K(279616K)->0K(279616K) From: 239K(34944K)->34944K(34944K)
[715.089s][info][gc,heap        ] GC(1523) Tenured: 6334K(699072K)->48008K(699072K)
[715.089s][info][gc,metaspace   ] GC(1523) Metaspace: 16655K(16960K)->16655K(16960K) NonClass: 14325K(14464K)->14325K(14464K) Class: 2330K(2496K)->2330K(2496K)
[715.089s][info][gc             ] GC(1523) Pause Young (Allocation Failure) 279M->81M(989M) 188.190ms
[715.089s][info][gc,cpu         ] GC(1523) User=0.17s Sys=0.00s Real=0.19s
[715.262s][info][gc,start       ] GC(1524) Pause Young (Allocation Failure)
[715.865s][info][gc,heap        ] GC(1524) DefNew: 314560K(314560K)->34943K(314560K) Eden: 279616K(279616K)->0K(279616K) From: 34944K(34944K)->34943K(34944K)
[715.865s][info][gc,heap        ] GC(1524) Tenured: 48008K(699072K)->231951K(699072K)
[715.865s][info][gc,metaspace   ] GC(1524) Metaspace: 16655K(16960K)->16655K(16960K) NonClass: 14325K(14464K)->14325K(14464K) Class: 2330K(2496K)->2330K(2496K)
[715.865s][info][gc             ] GC(1524) Pause Young (Allocation Failure) 354M->260M(989M) 603.592ms
[715.865s][info][gc,cpu         ] GC(1524) User=0.56s Sys=0.00s Real=0.61s
[716.068s][info][gc,start       ] GC(1525) Pause Young (Allocation Failure)
[716.618s][info][gc,heap        ] GC(1525) DefNew: 314559K(314560K)->34944K(314560K) Eden: 279616K(279616K)->0K(279616K) From: 34943K(34944K)->34944K(34944K)
[716.618s][info][gc,heap        ] GC(1525) Tenured: 231951K(699072K)->408305K(699072K)
[716.618s][info][gc,metaspace   ] GC(1525) Metaspace: 16655K(16960K)->16655K(16960K) NonClass: 14325K(14464K)->14325K(14464K) Class: 2330K(2496K)->2330K(2496K)
[716.618s][info][gc             ] GC(1525) Pause Young (Allocation Failure) 533M->432M(989M) 549.408ms
[716.618s][info][gc,cpu         ] GC(1525) User=0.55s Sys=0.00s Real=0.55s
[719.540s][info][gc,start       ] GC(1526) Pause Young (Allocation Failure)
[719.915s][info][gc,heap        ] GC(1526) DefNew: 314560K(314560K)->34943K(314560K) Eden: 279616K(279616K)->0K(279616K) From: 34944K(34944K)->34943K(34944K)
[719.915s][info][gc,heap        ] GC(1526) Tenured: 408305K(699072K)->495022K(699072K)
[719.915s][info][gc,metaspace   ] GC(1526) Metaspace: 16655K(16960K)->16655K(16960K) NonClass: 14325K(14464K)->14325K(14464K) Class: 2330K(2496K)->2330K(2496K)
[719.915s][info][gc             ] GC(1526) Pause Young (Allocation Failure) 705M->517M(989M) 374.851ms
[719.915s][info][gc,cpu         ] GC(1526) User=0.36s Sys=0.00s Real=0.38s
[720.052s][info][gc,start       ] GC(1527) Pause Young (Allocation Failure)
[720.052s][info][gc             ] GC(1527) Pause Young (Allocation Failure) 790M->790M(989M) 0.114ms
[720.052s][info][gc,cpu         ] GC(1527) User=0.00s Sys=0.00s Real=0.00s
[720.052s][info][gc,start       ] GC(1528) Pause Full (Allocation Failure)
[720.052s][info][gc,phases,start] GC(1528) Phase 1: Mark live objects
[720.284s][info][gc,phases      ] GC(1528) Phase 1: Mark live objects 232.646ms
[720.285s][info][gc,phases,start] GC(1528) Phase 2: Compute new object addresses
[720.411s][info][gc,phases      ] GC(1528) Phase 2: Compute new object addresses 126.691ms
[720.411s][info][gc,phases,start] GC(1528) Phase 3: Adjust pointers
[720.529s][info][gc,phases      ] GC(1528) Phase 3: Adjust pointers 118.082ms
[720.529s][info][gc,phases,start] GC(1528) Phase 4: Move objects
[720.610s][info][gc,phases      ] GC(1528) Phase 4: Move objects 80.665ms
[720.610s][info][gc,heap        ] GC(1528) DefNew: 314559K(314560K)->0K(314560K) Eden: 279616K(279616K)->0K(279616K) From: 34943K(34944K)->0K(34944K)
[720.610s][info][gc,heap        ] GC(1528) Tenured: 495022K(699072K)->210208K(699072K)
[720.610s][info][gc,metaspace   ] GC(1528) Metaspace: 16655K(16960K)->16655K(16960K) NonClass: 14325K(14464K)->14325K(14464K) Class: 2330K(2496K)->2330K(2496K)
[720.610s][info][gc             ] GC(1528) Pause Full (Allocation Failure) 790M->205M(989M) 558.564ms
[720.610s][info][gc,cpu         ] GC(1528) User=0.55s Sys=0.00s Real=0.57s
[720.752s][info][gc,start       ] GC(1529) Pause Young (Allocation Failure)
[721.037s][info][gc,heap        ] GC(1529) DefNew: 279616K(314560K)->34943K(314560K) Eden: 279616K(279616K)->0K(279616K) From: 0K(34944K)->34943K(34944K)
[721.037s][info][gc,heap        ] GC(1529) Tenured: 210208K(699072K)->292896K(699072K)
[721.037s][info][gc,metaspace   ] GC(1529) Metaspace: 16655K(16960K)->16655K(16960K) NonClass: 14325K(14464K)->14325K(14464K) Class: 2330K(2496K)->2330K(2496K)
[721.037s][info][gc             ] GC(1529) Pause Young (Allocation Failure) 478M->320M(989M) 285.009ms
[721.037s][info][gc,cpu         ] GC(1529) User=0.28s Sys=0.00s Real=0.28s
[721.196s][info][gc,start       ] GC(1530) Pause Young (Allocation Failure)
[721.652s][info][gc,heap        ] GC(1530) DefNew: 314559K(314560K)->34944K(314560K) Eden: 279616K(279616K)->0K(279616K) From: 34943K(34944K)->34944K(34944K)
[721.652s][info][gc,heap        ] GC(1530) Tenured: 292896K(699072K)->419703K(699072K)
[721.652s][info][gc,metaspace   ] GC(1530) Metaspace: 16655K(16960K)->16655K(16960K) NonClass: 14325K(14464K)->14325K(14464K) Class: 2330K(2496K)->2330K(2496K)
[721.652s][info][gc             ] GC(1530) Pause Young (Allocation Failure) 593M->443M(989M) 456.184ms
[721.652s][info][gc,cpu         ] GC(1530) User=0.44s Sys=0.00s Real=0.46s
[722.113s][info][gc,start       ] GC(1531) Pause Young (Allocation Failure)
[722.326s][info][gc,heap        ] GC(1531) DefNew: 314560K(314560K)->28425K(314560K) Eden: 279616K(279616K)->0K(279616K) From: 34944K(34944K)->28425K(34944K)
[722.326s][info][gc,heap        ] GC(1531) Tenured: 419703K(699072K)->444767K(699072K)
[722.326s][info][gc,metaspace   ] GC(1531) Metaspace: 16655K(16960K)->16655K(16960K) NonClass: 14325K(14464K)->14325K(14464K) Class: 2330K(2496K)->2330K(2496K)
[722.326s][info][gc             ] GC(1531) Pause Young (Allocation Failure) 717M->462M(989M) 212.142ms
[722.326s][info][gc,cpu         ] GC(1531) User=0.20s Sys=0.00s Real=0.22s
[722.692s][info][gc,start       ] GC(1532) Pause Young (Allocation Failure)
[722.731s][info][gc,heap        ] GC(1532) DefNew: 308041K(314560K)->243K(314560K) Eden: 279616K(279616K)->0K(279616K) From: 28425K(34944K)->243K(34944K)
[722.731s][info][gc,heap        ] GC(1532) Tenured: 444767K(699072K)->447813K(699072K)
[722.731s][info][gc,metaspace   ] GC(1532) Metaspace: 16655K(16960K)->16655K(16960K) NonClass: 14325K(14464K)->14325K(14464K) Class: 2330K(2496K)->2330K(2496K)
[722.731s][info][gc             ] GC(1532) Pause Young (Allocation Failure) 735M->437M(989M) 39.795ms
[722.731s][info][gc,cpu         ] GC(1532) User=0.03s Sys=0.00s Real=0.03s
[723.404s][info][gc,start       ] GC(1533) Pause Full (System.gc())
[723.404s][info][gc,phases,start] GC(1533) Phase 1: Mark live objects
[723.411s][info][gc,phases      ] GC(1533) Phase 1: Mark live objects 7.014ms
[723.411s][info][gc,phases,start] GC(1533) Phase 2: Compute new object addresses
[723.493s][info][gc,phases      ] GC(1533) Phase 2: Compute new object addresses 81.646ms
[723.493s][info][gc,phases,start] GC(1533) Phase 3: Adjust pointers
[723.497s][info][gc,phases      ] GC(1533) Phase 3: Adjust pointers 4.054ms
[723.497s][info][gc,phases,start] GC(1533) Phase 4: Move objects
[723.497s][info][gc,phases      ] GC(1533) Phase 4: Move objects 0.010ms
[723.497s][info][gc,heap        ] GC(1533) DefNew: 96150K(314560K)->0K(314560K) Eden: 95906K(279616K)->0K(279616K) From: 243K(34944K)->0K(34944K)
[723.497s][info][gc,heap        ] GC(1533) Tenured: 447813K(699072K)->6334K(699072K)
[723.497s][info][gc,metaspace   ] GC(1533) Metaspace: 16655K(16960K)->16655K(16960K) NonClass: 14325K(14464K)->14325K(14464K) Class: 2330K(2496K)->2330K(2496K)
[723.497s][info][gc             ] GC(1533) Pause Full (System.gc()) 531M->6M(989M) 93.063ms
[723.497s][info][gc,cpu         ] GC(1533) User=0.09s Sys=0.00s Real=0.09s
[724.772s][info][gc,start       ] GC(1534) Pause Young (Allocation Failure)
[724.773s][info][gc,heap        ] GC(1534) DefNew: 279616K(314560K)->236K(314560K) Eden: 279616K(279616K)->0K(279616K) From: 0K(34944K)->236K(34944K)
[724.773s][info][gc,heap        ] GC(1534) Tenured: 6334K(699072K)->6334K(699072K)
[724.773s][info][gc,metaspace   ] GC(1534) Metaspace: 16655K(16960K)->16655K(16960K) NonClass: 14325K(14464K)->14325K(14464K) Class: 2330K(2496K)->2330K(2496K)
[724.773s][info][gc             ] GC(1534) Pause Young (Allocation Failure) 279M->6M(989M) 1.119ms
[724.773s][info][gc,cpu         ] GC(1534) User=0.00s Sys=0.00s Real=0.00s
[724.818s][info][gc,start       ] GC(1535) Pause Young (Allocation Failure)
[724.818s][info][gc,heap        ] GC(1535) DefNew: 279852K(314560K)->231K(314560K) Eden: 279616K(279616K)->0K(279616K) From: 236K(34944K)->231K(34944K)
[724.818s][info][gc,heap        ] GC(1535) Tenured: 6334K(699072K)->6334K(699072K)
[724.818s][info][gc,metaspace   ] GC(1535) Metaspace: 16655K(16960K)->16655K(16960K) NonClass: 14325K(14464K)->14325K(14464K) Class: 2330K(2496K)->2330K(2496K)
[724.818s][info][gc             ] GC(1535) Pause Young (Allocation Failure) 279M->6M(989M) 0.731ms
[724.818s][info][gc,cpu         ] GC(1535) User=0.00s Sys=0.00s Real=0.00s
[724.863s][info][gc,start       ] GC(1536) Pause Young (Allocation Failure)
[724.864s][info][gc,heap        ] GC(1536) DefNew: 279847K(314560K)->240K(314560K) Eden: 279616K(279616K)->0K(279616K) From: 231K(34944K)->240K(34944K)
[724.864s][info][gc,heap        ] GC(1536) Tenured: 6334K(699072K)->6334K(699072K)
[724.864s][info][gc,metaspace   ] GC(1536) Metaspace: 16655K(16960K)->16655K(16960K) NonClass: 14325K(14464K)->14325K(14464K) Class: 2330K(2496K)->2330K(2496K)
[724.864s][info][gc             ] GC(1536) Pause Young (Allocation Failure) 279M->6M(989M) 0.770ms
[724.864s][info][gc,cpu         ] GC(1536) User=0.00s Sys=0.00s Real=0.00s
[724.910s][info][gc,start       ] GC(1537) Pause Young (Allocation Failure)
[724.910s][info][gc,heap        ] GC(1537) DefNew: 279856K(314560K)->226K(314560K) Eden: 279616K(279616K)->0K(279616K) From: 240K(34944K)->226K(34944K)
[724.910s][info][gc,heap        ] GC(1537) Tenured: 6334K(699072K)->6334K(699072K)
[724.910s][info][gc,metaspace   ] GC(1537) Metaspace: 16655K(16960K)->16655K(16960K) NonClass: 14325K(14464K)->14325K(14464K) Class: 2330K(2496K)->2330K(2496K)
[724.910s][info][gc             ] GC(1537) Pause Young (Allocation Failure) 279M->6M(989M) 0.793ms
[724.910s][info][gc,cpu         ] GC(1537) User=0.00s Sys=0.00s Real=0.00s
[724.955s][info][gc,start       ] GC(1538) Pause Young (Allocation Failure)
[724.956s][info][gc,heap        ] GC(1538) DefNew: 279842K(314560K)->251K(314560K) Eden: 279616K(279616K)->0K(279616K) From: 226K(34944K)->251K(34944K)
[724.956s][info][gc,heap        ] GC(1538) Tenured: 6334K(699072K)->6334K(699072K)
[724.956s][info][gc,metaspace   ] GC(1538) Metaspace: 16655K(16960K)->16655K(16960K) NonClass: 14325K(14464K)->14325K(14464K) Class: 2330K(2496K)->2330K(2496K)
[724.956s][info][gc             ] GC(1538) Pause Young (Allocation Failure) 279M->6M(989M) 0.882ms
[724.956s][info][gc,cpu         ] GC(1538) User=0.00s Sys=0.00s Real=0.00s
[725.001s][info][gc,start       ] GC(1539) Pause Young (Allocation Failure)
[725.002s][info][gc,heap        ] GC(1539) DefNew: 279867K(314560K)->254K(314560K) Eden: 279616K(279616K)->0K(279616K) From: 251K(34944K)->254K(34944K)
[725.002s][info][gc,heap        ] GC(1539) Tenured: 6334K(699072K)->6334K(699072K)
[725.002s][info][gc,metaspace   ] GC(1539) Metaspace: 16655K(16960K)->16655K(16960K) NonClass: 14325K(14464K)->14325K(14464K) Class: 2330K(2496K)->2330K(2496K)
[725.002s][info][gc             ] GC(1539) Pause Young (Allocation Failure) 279M->6M(989M) 0.833ms
[725.002s][info][gc,cpu         ] GC(1539) User=0.00s Sys=0.00s Real=0.00s
[725.047s][info][gc,start       ] GC(1540) Pause Young (Allocation Failure)
[725.048s][info][gc,heap        ] GC(1540) DefNew: 279870K(314560K)->252K(314560K) Eden: 279616K(279616K)->0K(279616K) From: 254K(34944K)->252K(34944K)
[725.048s][info][gc,heap        ] GC(1540) Tenured: 6334K(699072K)->6334K(699072K)
[725.048s][info][gc,metaspace   ] GC(1540) Metaspace: 16655K(16960K)->16655K(16960K) NonClass: 14325K(14464K)->14325K(14464K) Class: 2330K(2496K)->2330K(2496K)
[725.048s][info][gc             ] GC(1540) Pause Young (Allocation Failure) 279M->6M(989M) 0.831ms
[725.048s][info][gc,cpu         ] GC(1540) User=0.00s Sys=0.00s Real=0.00s
[725.093s][info][gc,start       ] GC(1541) Pause Young (Allocation Failure)
[725.094s][info][gc,heap        ] GC(1541) DefNew: 279868K(314560K)->247K(314560K) Eden: 279616K(279616K)->0K(279616K) From: 252K(34944K)->247K(34944K)
[725.094s][info][gc,heap        ] GC(1541) Tenured: 6334K(699072K)->6334K(699072K)
[725.094s][info][gc,metaspace   ] GC(1541) Metaspace: 16655K(16960K)->16655K(16960K) NonClass: 14325K(14464K)->14325K(14464K) Class: 2330K(2496K)->2330K(2496K)
[725.094s][info][gc             ] GC(1541) Pause Young (Allocation Failure) 279M->6M(989M) 0.850ms
[725.094s][info][gc,cpu         ] GC(1541) User=0.00s Sys=0.00s Real=0.00s
[725.138s][info][gc,start       ] GC(1542) Pause Young (Allocation Failure)
[725.139s][info][gc,heap        ] GC(1542) DefNew: 279863K(314560K)->238K(314560K) Eden: 279616K(279616K)->0K(279616K) From: 247K(34944K)->238K(34944K)
[725.139s][info][gc,heap        ] GC(1542) Tenured: 6334K(699072K)->6334K(699072K)
[725.139s][info][gc,metaspace   ] GC(1542) Metaspace: 16655K(16960K)->16655K(16960K) NonClass: 14325K(14464K)->14325K(14464K) Class: 2330K(2496K)->2330K(2496K)
[725.139s][info][gc             ] GC(1542) Pause Young (Allocation Failure) 279M->6M(989M) 0.789ms
[725.139s][info][gc,cpu         ] GC(1542) User=0.00s Sys=0.00s Real=0.00s
[725.183s][info][gc,start       ] GC(1543) Pause Young (Allocation Failure)
[725.184s][info][gc,heap        ] GC(1543) DefNew: 279854K(314560K)->227K(314560K) Eden: 279616K(279616K)->0K(279616K) From: 238K(34944K)->227K(34944K)
[725.184s][info][gc,heap        ] GC(1543) Tenured: 6334K(699072K)->6334K(699072K)
[725.184s][info][gc,metaspace   ] GC(1543) Metaspace: 16655K(16960K)->16655K(16960K) NonClass: 14325K(14464K)->14325K(14464K) Class: 2330K(2496K)->2330K(2496K)
[725.184s][info][gc             ] GC(1543) Pause Young (Allocation Failure) 279M->6M(989M) 0.822ms
[725.184s][info][gc,cpu         ] GC(1543) User=0.00s Sys=0.00s Real=0.00s
[725.264s][info][gc,start       ] GC(1544) Pause Young (Allocation Failure)
[725.455s][info][gc,heap        ] GC(1544) DefNew: 279843K(314560K)->34944K(314560K) Eden: 279616K(279616K)->0K(279616K) From: 227K(34944K)->34944K(34944K)
[725.455s][info][gc,heap        ] GC(1544) Tenured: 6334K(699072K)->48264K(699072K)
[725.455s][info][gc,metaspace   ] GC(1544) Metaspace: 16655K(16960K)->16655K(16960K) NonClass: 14325K(14464K)->14325K(14464K) Class: 2330K(2496K)->2330K(2496K)
[725.455s][info][gc             ] GC(1544) Pause Young (Allocation Failure) 279M->81M(989M) 191.453ms
[725.455s][info][gc,cpu         ] GC(1544) User=0.19s Sys=0.00s Real=0.20s
[725.621s][info][gc,start       ] GC(1545) Pause Young (Allocation Failure)
[726.208s][info][gc,heap        ] GC(1545) DefNew: 314560K(314560K)->34944K(314560K) Eden: 279616K(279616K)->0K(279616K) From: 34944K(34944K)->34944K(34944K)
[726.208s][info][gc,heap        ] GC(1545) Tenured: 48264K(699072K)->231909K(699072K)
[726.208s][info][gc,metaspace   ] GC(1545) Metaspace: 16655K(16960K)->16655K(16960K) NonClass: 14325K(14464K)->14325K(14464K) Class: 2330K(2496K)->2330K(2496K)
[726.208s][info][gc             ] GC(1545) Pause Young (Allocation Failure) 354M->260M(989M) 587.011ms
[726.208s][info][gc,cpu         ] GC(1545) User=0.56s Sys=0.00s Real=0.60s
[726.419s][info][gc,start       ] GC(1546) Pause Young (Allocation Failure)
[726.968s][info][gc,heap        ] GC(1546) DefNew: 314560K(314560K)->34943K(314560K) Eden: 279616K(279616K)->0K(279616K) From: 34944K(34944K)->34943K(34944K)
[726.968s][info][gc,heap        ] GC(1546) Tenured: 231909K(699072K)->408448K(699072K)
[726.968s][info][gc,metaspace   ] GC(1546) Metaspace: 16655K(16960K)->16655K(16960K) NonClass: 14325K(14464K)->14325K(14464K) Class: 2330K(2496K)->2330K(2496K)
[726.968s][info][gc             ] GC(1546) Pause Young (Allocation Failure) 533M->433M(989M) 549.083ms
[726.968s][info][gc,cpu         ] GC(1546) User=0.55s Sys=0.00s Real=0.55s
[729.402s][info][gc,start       ] GC(1547) Pause Young (Allocation Failure)
[729.781s][info][gc,heap        ] GC(1547) DefNew: 314559K(314560K)->34944K(314560K) Eden: 279616K(279616K)->0K(279616K) From: 34943K(34944K)->34944K(34944K)
[729.781s][info][gc,heap        ] GC(1547) Tenured: 408448K(699072K)->495405K(699072K)
[729.781s][info][gc,metaspace   ] GC(1547) Metaspace: 16655K(16960K)->16655K(16960K) NonClass: 14325K(14464K)->14325K(14464K) Class: 2330K(2496K)->2330K(2496K)
[729.781s][info][gc             ] GC(1547) Pause Young (Allocation Failure) 706M->517M(989M) 378.521ms
[729.781s][info][gc,cpu         ] GC(1547) User=0.38s Sys=0.00s Real=0.38s
[729.919s][info][gc,start       ] GC(1548) Pause Young (Allocation Failure)
[729.919s][info][gc             ] GC(1548) Pause Young (Allocation Failure) 790M->790M(989M) 0.110ms
[729.919s][info][gc,cpu         ] GC(1548) User=0.00s Sys=0.00s Real=0.00s
[729.919s][info][gc,start       ] GC(1549) Pause Full (Allocation Failure)
[729.919s][info][gc,phases,start] GC(1549) Phase 1: Mark live objects
[730.152s][info][gc,phases      ] GC(1549) Phase 1: Mark live objects 232.763ms
[730.152s][info][gc,phases,start] GC(1549) Phase 2: Compute new object addresses
[730.279s][info][gc,phases      ] GC(1549) Phase 2: Compute new object addresses 126.610ms
[730.279s][info][gc,phases,start] GC(1549) Phase 3: Adjust pointers
[730.398s][info][gc,phases      ] GC(1549) Phase 3: Adjust pointers 119.675ms
[730.398s][info][gc,phases,start] GC(1549) Phase 4: Move objects
[730.480s][info][gc,phases      ] GC(1549) Phase 4: Move objects 81.529ms
[730.480s][info][gc,heap        ] GC(1549) DefNew: 314560K(314560K)->0K(314560K) Eden: 279616K(279616K)->0K(279616K) From: 34944K(34944K)->0K(34944K)
[730.480s][info][gc,heap        ] GC(1549) Tenured: 495405K(699072K)->210500K(699072K)
[730.480s][info][gc,metaspace   ] GC(1549) Metaspace: 16655K(16960K)->16655K(16960K) NonClass: 14325K(14464K)->14325K(14464K) Class: 2330K(2496K)->2330K(2496K)
[730.480s][info][gc             ] GC(1549) Pause Full (Allocation Failure) 790M->205M(989M) 561.005ms
[730.480s][info][gc,cpu         ] GC(1549) User=0.55s Sys=0.00s Real=0.55s
[730.621s][info][gc,start       ] GC(1550) Pause Young (Allocation Failure)
[730.907s][info][gc,heap        ] GC(1550) DefNew: 279616K(314560K)->34944K(314560K) Eden: 279616K(279616K)->0K(279616K) From: 0K(34944K)->34944K(34944K)
[730.907s][info][gc,heap        ] GC(1550) Tenured: 210500K(699072K)->293186K(699072K)
[730.907s][info][gc,metaspace   ] GC(1550) Metaspace: 16655K(16960K)->16655K(16960K) NonClass: 14325K(14464K)->14325K(14464K) Class: 2330K(2496K)->2330K(2496K)
[730.907s][info][gc             ] GC(1550) Pause Young (Allocation Failure) 478M->320M(989M) 285.681ms
[730.907s][info][gc,cpu         ] GC(1550) User=0.25s Sys=0.00s Real=0.28s
[731.066s][info][gc,start       ] GC(1551) Pause Young (Allocation Failure)
[731.525s][info][gc,heap        ] GC(1551) DefNew: 314560K(314560K)->34944K(314560K) Eden: 279616K(279616K)->0K(279616K) From: 34944K(34944K)->34944K(34944K)
[731.525s][info][gc,heap        ] GC(1551) Tenured: 293186K(699072K)->420339K(699072K)
[731.525s][info][gc,metaspace   ] GC(1551) Metaspace: 16655K(16960K)->16655K(16960K) NonClass: 14325K(14464K)->14325K(14464K) Class: 2330K(2496K)->2330K(2496K)
[731.525s][info][gc             ] GC(1551) Pause Young (Allocation Failure) 593M->444M(989M) 458.657ms
[731.525s][info][gc,cpu         ] GC(1551) User=0.44s Sys=0.00s Real=0.46s
[731.987s][info][gc,start       ] GC(1552) Pause Young (Allocation Failure)
[732.199s][info][gc,heap        ] GC(1552) DefNew: 314560K(314560K)->27924K(314560K) Eden: 279616K(279616K)->0K(279616K) From: 34944K(34944K)->27924K(34944K)
[732.199s][info][gc,heap        ] GC(1552) Tenured: 420339K(699072K)->445371K(699072K)
[732.199s][info][gc,metaspace   ] GC(1552) Metaspace: 16655K(16960K)->16655K(16960K) NonClass: 14325K(14464K)->14325K(14464K) Class: 2330K(2496K)->2330K(2496K)
[732.199s][info][gc             ] GC(1552) Pause Young (Allocation Failure) 717M->462M(989M) 211.630ms
[732.199s][info][gc,cpu         ] GC(1552) User=0.20s Sys=0.00s Real=0.21s
[732.565s][info][gc,start       ] GC(1553) Pause Young (Allocation Failure)
[732.602s][info][gc,heap        ] GC(1553) DefNew: 307540K(314560K)->220K(314560K) Eden: 279616K(279616K)->0K(279616K) From: 27924K(34944K)->220K(34944K)
[732.602s][info][gc,heap        ] GC(1553) Tenured: 445371K(699072K)->448345K(699072K)
[732.602s][info][gc,metaspace   ] GC(1553) Metaspace: 16655K(16960K)->16655K(16960K) NonClass: 14325K(14464K)->14325K(14464K) Class: 2330K(2496K)->2330K(2496K)
[732.602s][info][gc             ] GC(1553) Pause Young (Allocation Failure) 735M->438M(989M) 37.286ms
[732.602s][info][gc,cpu         ] GC(1553) User=0.03s Sys=0.00s Real=0.03s
[733.265s][info][gc,start       ] GC(1554) Pause Full (System.gc())
[733.265s][info][gc,phases,start] GC(1554) Phase 1: Mark live objects
[733.272s][info][gc,phases      ] GC(1554) Phase 1: Mark live objects 7.168ms
[733.272s][info][gc,phases,start] GC(1554) Phase 2: Compute new object addresses
[733.354s][info][gc,phases      ] GC(1554) Phase 2: Compute new object addresses 81.293ms
[733.354s][info][gc,phases,start] GC(1554) Phase 3: Adjust pointers
[733.358s][info][gc,phases      ] GC(1554) Phase 3: Adjust pointers 4.069ms
[733.358s][info][gc,phases,start] GC(1554) Phase 4: Move objects
[733.358s][info][gc,phases      ] GC(1554) Phase 4: Move objects 0.009ms
[733.358s][info][gc,heap        ] GC(1554) DefNew: 95767K(314560K)->0K(314560K) Eden: 95546K(279616K)->0K(279616K) From: 220K(34944K)->0K(34944K)
[733.358s][info][gc,heap        ] GC(1554) Tenured: 448345K(699072K)->6334K(699072K)
[733.358s][info][gc,metaspace   ] GC(1554) Metaspace: 16655K(16960K)->16655K(16960K) NonClass: 14325K(14464K)->14325K(14464K) Class: 2330K(2496K)->2330K(2496K)
[733.358s][info][gc             ] GC(1554) Pause Full (System.gc()) 531M->6M(989M) 92.868ms
[733.358s][info][gc,cpu         ] GC(1554) User=0.06s Sys=0.00s Real=0.08s
[734.630s][info][gc,start       ] GC(1555) Pause Young (Allocation Failure)
[734.631s][info][gc,heap        ] GC(1555) DefNew: 279616K(314560K)->247K(314560K) Eden: 279616K(279616K)->0K(279616K) From: 0K(34944K)->247K(34944K)
[734.631s][info][gc,heap        ] GC(1555) Tenured: 6334K(699072K)->6334K(699072K)
[734.631s][info][gc,metaspace   ] GC(1555) Metaspace: 16655K(16960K)->16655K(16960K) NonClass: 14325K(14464K)->14325K(14464K) Class: 2330K(2496K)->2330K(2496K)
[734.631s][info][gc             ] GC(1555) Pause Young (Allocation Failure) 279M->6M(989M) 1.040ms
[734.631s][info][gc,cpu         ] GC(1555) User=0.00s Sys=0.00s Real=0.00s
[734.676s][info][gc,start       ] GC(1556) Pause Young (Allocation Failure)
[734.676s][info][gc,heap        ] GC(1556) DefNew: 279863K(314560K)->216K(314560K) Eden: 279616K(279616K)->0K(279616K) From: 247K(34944K)->216K(34944K)
[734.676s][info][gc,heap        ] GC(1556) Tenured: 6334K(699072K)->6334K(699072K)
[734.676s][info][gc,metaspace   ] GC(1556) Metaspace: 16655K(16960K)->16655K(16960K) NonClass: 14325K(14464K)->14325K(14464K) Class: 2330K(2496K)->2330K(2496K)
[734.676s][info][gc             ] GC(1556) Pause Young (Allocation Failure) 279M->6M(989M) 0.850ms
[734.676s][info][gc,cpu         ] GC(1556) User=0.00s Sys=0.00s Real=0.00s
[734.721s][info][gc,start       ] GC(1557) Pause Young (Allocation Failure)
[734.721s][info][gc,heap        ] GC(1557) DefNew: 279832K(314560K)->227K(314560K) Eden: 279616K(279616K)->0K(279616K) From: 216K(34944K)->227K(34944K)
[734.721s][info][gc,heap        ] GC(1557) Tenured: 6334K(699072K)->6334K(699072K)
[734.721s][info][gc,metaspace   ] GC(1557) Metaspace: 16655K(16960K)->16655K(16960K) NonClass: 14325K(14464K)->14325K(14464K) Class: 2330K(2496K)->2330K(2496K)
[734.721s][info][gc             ] GC(1557) Pause Young (Allocation Failure) 279M->6M(989M) 0.753ms
[734.721s][info][gc,cpu         ] GC(1557) User=0.00s Sys=0.00s Real=0.00s
[734.765s][info][gc,start       ] GC(1558) Pause Young (Allocation Failure)
[734.766s][info][gc,heap        ] GC(1558) DefNew: 279843K(314560K)->235K(314560K) Eden: 279616K(279616K)->0K(279616K) From: 227K(34944K)->235K(34944K)
[734.766s][info][gc,heap        ] GC(1558) Tenured: 6334K(699072K)->6334K(699072K)
[734.766s][info][gc,metaspace   ] GC(1558) Metaspace: 16655K(16960K)->16655K(16960K) NonClass: 14325K(14464K)->14325K(14464K) Class: 2330K(2496K)->2330K(2496K)
[734.766s][info][gc             ] GC(1558) Pause Young (Allocation Failure) 279M->6M(989M) 0.754ms
[734.766s][info][gc,cpu         ] GC(1558) User=0.00s Sys=0.00s Real=0.00s
[734.811s][info][gc,start       ] GC(1559) Pause Young (Allocation Failure)
[734.812s][info][gc,heap        ] GC(1559) DefNew: 279851K(314560K)->210K(314560K) Eden: 279616K(279616K)->0K(279616K) From: 235K(34944K)->210K(34944K)
[734.812s][info][gc,heap        ] GC(1559) Tenured: 6334K(699072K)->6334K(699072K)
[734.812s][info][gc,metaspace   ] GC(1559) Metaspace: 16655K(16960K)->16655K(16960K) NonClass: 14325K(14464K)->14325K(14464K) Class: 2330K(2496K)->2330K(2496K)
[734.812s][info][gc             ] GC(1559) Pause Young (Allocation Failure) 279M->6M(989M) 0.732ms
[734.812s][info][gc,cpu         ] GC(1559) User=0.00s Sys=0.00s Real=0.00s
[734.856s][info][gc,start       ] GC(1560) Pause Young (Allocation Failure)
[734.857s][info][gc,heap        ] GC(1560) DefNew: 279826K(314560K)->233K(314560K) Eden: 279616K(279616K)->0K(279616K) From: 210K(34944K)->233K(34944K)
[734.857s][info][gc,heap        ] GC(1560) Tenured: 6334K(699072K)->6334K(699072K)
[734.857s][info][gc,metaspace   ] GC(1560) Metaspace: 16655K(16960K)->16655K(16960K) NonClass: 14325K(14464K)->14325K(14464K) Class: 2330K(2496K)->2330K(2496K)
[734.857s][info][gc             ] GC(1560) Pause Young (Allocation Failure) 279M->6M(989M) 0.809ms
[734.857s][info][gc,cpu         ] GC(1560) User=0.00s Sys=0.00s Real=0.00s
[734.901s][info][gc,start       ] GC(1561) Pause Young (Allocation Failure)
[734.902s][info][gc,heap        ] GC(1561) DefNew: 279849K(314560K)->220K(314560K) Eden: 279616K(279616K)->0K(279616K) From: 233K(34944K)->220K(34944K)
[734.902s][info][gc,heap        ] GC(1561) Tenured: 6334K(699072K)->6334K(699072K)
[734.902s][info][gc,metaspace   ] GC(1561) Metaspace: 16655K(16960K)->16655K(16960K) NonClass: 14325K(14464K)->14325K(14464K) Class: 2330K(2496K)->2330K(2496K)
[734.902s][info][gc             ] GC(1561) Pause Young (Allocation Failure) 279M->6M(989M) 0.803ms
[734.902s][info][gc,cpu         ] GC(1561) User=0.00s Sys=0.00s Real=0.00s
[734.946s][info][gc,start       ] GC(1562) Pause Young (Allocation Failure)
[734.946s][info][gc,heap        ] GC(1562) DefNew: 279836K(314560K)->232K(314560K) Eden: 279616K(279616K)->0K(279616K) From: 220K(34944K)->232K(34944K)
[734.946s][info][gc,heap        ] GC(1562) Tenured: 6334K(699072K)->6334K(699072K)
[734.946s][info][gc,metaspace   ] GC(1562) Metaspace: 16655K(16960K)->16655K(16960K) NonClass: 14325K(14464K)->14325K(14464K) Class: 2330K(2496K)->2330K(2496K)
[734.946s][info][gc             ] GC(1562) Pause Young (Allocation Failure) 279M->6M(989M) 0.850ms
[734.946s][info][gc,cpu         ] GC(1562) User=0.00s Sys=0.00s Real=0.00s
[734.990s][info][gc,start       ] GC(1563) Pause Young (Allocation Failure)
[734.991s][info][gc,heap        ] GC(1563) DefNew: 279848K(314560K)->212K(314560K) Eden: 279616K(279616K)->0K(279616K) From: 232K(34944K)->212K(34944K)
[734.991s][info][gc,heap        ] GC(1563) Tenured: 6334K(699072K)->6334K(699072K)
[734.991s][info][gc,metaspace   ] GC(1563) Metaspace: 16655K(16960K)->16655K(16960K) NonClass: 14325K(14464K)->14325K(14464K) Class: 2330K(2496K)->2330K(2496K)
[734.991s][info][gc             ] GC(1563) Pause Young (Allocation Failure) 279M->6M(989M) 0.759ms
[734.991s][info][gc,cpu         ] GC(1563) User=0.00s Sys=0.00s Real=0.00s
[735.035s][info][gc,start       ] GC(1564) Pause Young (Allocation Failure)
[735.036s][info][gc,heap        ] GC(1564) DefNew: 279828K(314560K)->201K(314560K) Eden: 279616K(279616K)->0K(279616K) From: 212K(34944K)->201K(34944K)
[735.036s][info][gc,heap        ] GC(1564) Tenured: 6334K(699072K)->6334K(699072K)
[735.036s][info][gc,metaspace   ] GC(1564) Metaspace: 16655K(16960K)->16655K(16960K) NonClass: 14325K(14464K)->14325K(14464K) Class: 2330K(2496K)->2330K(2496K)
[735.036s][info][gc             ] GC(1564) Pause Young (Allocation Failure) 279M->6M(989M) 0.755ms
[735.036s][info][gc,cpu         ] GC(1564) User=0.00s Sys=0.00s Real=0.00s
[735.116s][info][gc,start       ] GC(1565) Pause Young (Allocation Failure)
[735.307s][info][gc,heap        ] GC(1565) DefNew: 279817K(314560K)->34944K(314560K) Eden: 279616K(279616K)->0K(279616K) From: 201K(34944K)->34944K(34944K)
[735.307s][info][gc,heap        ] GC(1565) Tenured: 6334K(699072K)->48769K(699072K)
[735.307s][info][gc,metaspace   ] GC(1565) Metaspace: 16655K(16960K)->16655K(16960K) NonClass: 14325K(14464K)->14325K(14464K) Class: 2330K(2496K)->2330K(2496K)
[735.307s][info][gc             ] GC(1565) Pause Young (Allocation Failure) 279M->81M(989M) 191.338ms
[735.307s][info][gc,cpu         ] GC(1565) User=0.17s Sys=0.00s Real=0.19s
[735.488s][info][gc,start       ] GC(1566) Pause Young (Allocation Failure)
[736.077s][info][gc,heap        ] GC(1566) DefNew: 314560K(314560K)->34944K(314560K) Eden: 279616K(279616K)->0K(279616K) From: 34944K(34944K)->34944K(34944K)
[736.077s][info][gc,heap        ] GC(1566) Tenured: 48769K(699072K)->232598K(699072K)
[736.077s][info][gc,metaspace   ] GC(1566) Metaspace: 16655K(16960K)->16655K(16960K) NonClass: 14325K(14464K)->14325K(14464K) Class: 2330K(2496K)->2330K(2496K)
[736.077s][info][gc             ] GC(1566) Pause Young (Allocation Failure) 354M->261M(989M) 589.325ms
[736.077s][info][gc,cpu         ] GC(1566) User=0.59s Sys=0.00s Real=0.60s
[736.296s][info][gc,start       ] GC(1567) Pause Young (Allocation Failure)
[736.855s][info][gc,heap        ] GC(1567) DefNew: 314560K(314560K)->34944K(314560K) Eden: 279616K(279616K)->0K(279616K) From: 34944K(34944K)->34944K(34944K)
[736.855s][info][gc,heap        ] GC(1567) Tenured: 232598K(699072K)->408367K(699072K)
[736.856s][info][gc,metaspace   ] GC(1567) Metaspace: 16655K(16960K)->16655K(16960K) NonClass: 14325K(14464K)->14325K(14464K) Class: 2330K(2496K)->2330K(2496K)
[736.856s][info][gc             ] GC(1567) Pause Young (Allocation Failure) 534M->432M(989M) 559.274ms
[736.856s][info][gc,cpu         ] GC(1567) User=0.52s Sys=0.00s Real=0.55s
[739.428s][info][gc,start       ] GC(1568) Pause Young (Allocation Failure)
[739.803s][info][gc,heap        ] GC(1568) DefNew: 314560K(314560K)->34943K(314560K) Eden: 279616K(279616K)->0K(279616K) From: 34944K(34944K)->34943K(34944K)
[739.803s][info][gc,heap        ] GC(1568) Tenured: 408367K(699072K)->494676K(699072K)
[739.803s][info][gc,metaspace   ] GC(1568) Metaspace: 16655K(16960K)->16655K(16960K) NonClass: 14325K(14464K)->14325K(14464K) Class: 2330K(2496K)->2330K(2496K)
[739.803s][info][gc             ] GC(1568) Pause Young (Allocation Failure) 705M->517M(989M) 375.163ms
[739.803s][info][gc,cpu         ] GC(1568) User=0.36s Sys=0.00s Real=0.38s
[739.940s][info][gc,start       ] GC(1569) Pause Young (Allocation Failure)
[739.940s][info][gc             ] GC(1569) Pause Young (Allocation Failure) 790M->790M(989M) 0.124ms
[739.940s][info][gc,cpu         ] GC(1569) User=0.00s Sys=0.00s Real=0.00s
[739.940s][info][gc,start       ] GC(1570) Pause Full (Allocation Failure)
[739.940s][info][gc,phases,start] GC(1570) Phase 1: Mark live objects
[740.172s][info][gc,phases      ] GC(1570) Phase 1: Mark live objects 231.917ms
[740.172s][info][gc,phases,start] GC(1570) Phase 2: Compute new object addresses
[740.299s][info][gc,phases      ] GC(1570) Phase 2: Compute new object addresses 127.110ms
[740.299s][info][gc,phases,start] GC(1570) Phase 3: Adjust pointers
[740.419s][info][gc,phases      ] GC(1570) Phase 3: Adjust pointers 119.230ms
[740.419s][info][gc,phases,start] GC(1570) Phase 4: Move objects
[740.499s][info][gc,phases      ] GC(1570) Phase 4: Move objects 80.566ms
[740.499s][info][gc,heap        ] GC(1570) DefNew: 314559K(314560K)->0K(314560K) Eden: 279616K(279616K)->0K(279616K) From: 34943K(34944K)->0K(34944K)
[740.499s][info][gc,heap        ] GC(1570) Tenured: 494676K(699072K)->209870K(699072K)
[740.499s][info][gc,metaspace   ] GC(1570) Metaspace: 16655K(16960K)->16655K(16960K) NonClass: 14325K(14464K)->14325K(14464K) Class: 2330K(2496K)->2330K(2496K)
[740.499s][info][gc             ] GC(1570) Pause Full (Allocation Failure) 790M->204M(989M) 559.295ms
[740.499s][info][gc,cpu         ] GC(1570) User=0.55s Sys=0.00s Real=0.57s
[740.641s][info][gc,start       ] GC(1571) Pause Young (Allocation Failure)
[740.925s][info][gc,heap        ] GC(1571) DefNew: 279616K(314560K)->34944K(314560K) Eden: 279616K(279616K)->0K(279616K) From: 0K(34944K)->34944K(34944K)
[740.925s][info][gc,heap        ] GC(1571) Tenured: 209870K(699072K)->292558K(699072K)
[740.925s][info][gc,metaspace   ] GC(1571) Metaspace: 16655K(16960K)->16655K(16960K) NonClass: 14325K(14464K)->14325K(14464K) Class: 2330K(2496K)->2330K(2496K)
[740.925s][info][gc             ] GC(1571) Pause Young (Allocation Failure) 478M->319M(989M) 283.740ms
[740.925s][info][gc,cpu         ] GC(1571) User=0.28s Sys=0.00s Real=0.28s
[741.083s][info][gc,start       ] GC(1572) Pause Young (Allocation Failure)
[741.537s][info][gc,heap        ] GC(1572) DefNew: 314560K(314560K)->34944K(314560K) Eden: 279616K(279616K)->0K(279616K) From: 34944K(34944K)->34944K(34944K)
[741.537s][info][gc,heap        ] GC(1572) Tenured: 292558K(699072K)->419317K(699072K)
[741.537s][info][gc,metaspace   ] GC(1572) Metaspace: 16655K(16960K)->16655K(16960K) NonClass: 14325K(14464K)->14325K(14464K) Class: 2330K(2496K)->2330K(2496K)
[741.537s][info][gc             ] GC(1572) Pause Young (Allocation Failure) 592M->443M(989M) 453.755ms
[741.537s][info][gc,cpu         ] GC(1572) User=0.45s Sys=0.00s Real=0.46s
[741.999s][info][gc,start       ] GC(1573) Pause Young (Allocation Failure)
[742.212s][info][gc,heap        ] GC(1573) DefNew: 314560K(314560K)->29004K(314560K) Eden: 279616K(279616K)->0K(279616K) From: 34944K(34944K)->29004K(34944K)
[742.212s][info][gc,heap        ] GC(1573) Tenured: 419317K(699072K)->444417K(699072K)
[742.212s][info][gc,metaspace   ] GC(1573) Metaspace: 16655K(16960K)->16655K(16960K) NonClass: 14325K(14464K)->14325K(14464K) Class: 2330K(2496K)->2330K(2496K)
[742.212s][info][gc             ] GC(1573) Pause Young (Allocation Failure) 716M->462M(989M) 212.596ms
[742.212s][info][gc,cpu         ] GC(1573) User=0.20s Sys=0.00s Real=0.22s
[742.578s][info][gc,start       ] GC(1574) Pause Young (Allocation Failure)
[742.620s][info][gc,heap        ] GC(1574) DefNew: 308620K(314560K)->270K(314560K) Eden: 279616K(279616K)->0K(279616K) From: 29004K(34944K)->270K(34944K)
[742.620s][info][gc,heap        ] GC(1574) Tenured: 444417K(699072K)->447545K(699072K)
[742.620s][info][gc,metaspace   ] GC(1574) Metaspace: 16655K(16960K)->16655K(16960K) NonClass: 14325K(14464K)->14325K(14464K) Class: 2330K(2496K)->2330K(2496K)
[742.621s][info][gc             ] GC(1574) Pause Young (Allocation Failure) 735M->437M(989M) 42.445ms
[742.621s][info][gc,cpu         ] GC(1574) User=0.05s Sys=0.00s Real=0.05s
[743.272s][info][gc,start       ] GC(1575) Pause Full (System.gc())
[743.272s][info][gc,phases,start] GC(1575) Phase 1: Mark live objects
[743.279s][info][gc,phases      ] GC(1575) Phase 1: Mark live objects 7.207ms
[743.280s][info][gc,phases,start] GC(1575) Phase 2: Compute new object addresses
[743.361s][info][gc,phases      ] GC(1575) Phase 2: Compute new object addresses 81.162ms
[743.361s][info][gc,phases,start] GC(1575) Phase 3: Adjust pointers
[743.365s][info][gc,phases      ] GC(1575) Phase 3: Adjust pointers 4.076ms
[743.365s][info][gc,phases,start] GC(1575) Phase 4: Move objects
[743.365s][info][gc,phases      ] GC(1575) Phase 4: Move objects 0.009ms
[743.365s][info][gc,heap        ] GC(1575) DefNew: 98944K(314560K)->0K(314560K) Eden: 98673K(279616K)->0K(279616K) From: 270K(34944K)->0K(34944K)
[743.365s][info][gc,heap        ] GC(1575) Tenured: 447545K(699072K)->6334K(699072K)
[743.365s][info][gc,metaspace   ] GC(1575) Metaspace: 16655K(16960K)->16655K(16960K) NonClass: 14325K(14464K)->14325K(14464K) Class: 2330K(2496K)->2330K(2496K)
[743.365s][info][gc             ] GC(1575) Pause Full (System.gc()) 533M->6M(989M) 92.817ms
[743.365s][info][gc,cpu         ] GC(1575) User=0.08s Sys=0.00s Real=0.09s
[744.869s][info][gc,start       ] GC(1576) Pause Young (Allocation Failure)
[744.870s][info][gc,heap        ] GC(1576) DefNew: 279616K(314560K)->250K(314560K) Eden: 279616K(279616K)->0K(279616K) From: 0K(34944K)->250K(34944K)
[744.870s][info][gc,heap        ] GC(1576) Tenured: 6334K(699072K)->6334K(699072K)
[744.870s][info][gc,metaspace   ] GC(1576) Metaspace: 16655K(16960K)->16655K(16960K) NonClass: 14325K(14464K)->14325K(14464K) Class: 2330K(2496K)->2330K(2496K)
[744.870s][info][gc             ] GC(1576) Pause Young (Allocation Failure) 279M->6M(989M) 1.152ms
[744.870s][info][gc,cpu         ] GC(1576) User=0.00s Sys=0.00s Real=0.00s
[744.914s][info][gc,start       ] GC(1577) Pause Young (Allocation Failure)
[744.915s][info][gc,heap        ] GC(1577) DefNew: 279866K(314560K)->250K(314560K) Eden: 279616K(279616K)->0K(279616K) From: 250K(34944K)->250K(34944K)
[744.915s][info][gc,heap        ] GC(1577) Tenured: 6334K(699072K)->6334K(699072K)
[744.915s][info][gc,metaspace   ] GC(1577) Metaspace: 16655K(16960K)->16655K(16960K) NonClass: 14325K(14464K)->14325K(14464K) Class: 2330K(2496K)->2330K(2496K)
[744.915s][info][gc             ] GC(1577) Pause Young (Allocation Failure) 279M->6M(989M) 0.798ms
[744.915s][info][gc,cpu         ] GC(1577) User=0.00s Sys=0.00s Real=0.00s
[744.959s][info][gc,start       ] GC(1578) Pause Young (Allocation Failure)
[744.960s][info][gc,heap        ] GC(1578) DefNew: 279866K(314560K)->235K(314560K) Eden: 279616K(279616K)->0K(279616K) From: 250K(34944K)->235K(34944K)
[744.960s][info][gc,heap        ] GC(1578) Tenured: 6334K(699072K)->6334K(699072K)
[744.960s][info][gc,metaspace   ] GC(1578) Metaspace: 16655K(16960K)->16655K(16960K) NonClass: 14325K(14464K)->14325K(14464K) Class: 2330K(2496K)->2330K(2496K)
[744.960s][info][gc             ] GC(1578) Pause Young (Allocation Failure) 279M->6M(989M) 0.782ms
[744.960s][info][gc,cpu         ] GC(1578) User=0.00s Sys=0.00s Real=0.00s
[745.004s][info][gc,start       ] GC(1579) Pause Young (Allocation Failure)
[745.004s][info][gc,heap        ] GC(1579) DefNew: 279851K(314560K)->237K(314560K) Eden: 279616K(279616K)->0K(279616K) From: 235K(34944K)->237K(34944K)
[745.004s][info][gc,heap        ] GC(1579) Tenured: 6334K(699072K)->6334K(699072K)
[745.004s][info][gc,metaspace   ] GC(1579) Metaspace: 16655K(16960K)->16655K(16960K) NonClass: 14325K(14464K)->14325K(14464K) Class: 2330K(2496K)->2330K(2496K)
[745.004s][info][gc             ] GC(1579) Pause Young (Allocation Failure) 279M->6M(989M) 0.845ms
[745.004s][info][gc,cpu         ] GC(1579) User=0.00s Sys=0.00s Real=0.00s
[745.049s][info][gc,start       ] GC(1580) Pause Young (Allocation Failure)
[745.049s][info][gc,heap        ] GC(1580) DefNew: 279853K(314560K)->224K(314560K) Eden: 279616K(279616K)->0K(279616K) From: 237K(34944K)->224K(34944K)
[745.049s][info][gc,heap        ] GC(1580) Tenured: 6334K(699072K)->6334K(699072K)
[745.049s][info][gc,metaspace   ] GC(1580) Metaspace: 16655K(16960K)->16655K(16960K) NonClass: 14325K(14464K)->14325K(14464K) Class: 2330K(2496K)->2330K(2496K)
[745.049s][info][gc             ] GC(1580) Pause Young (Allocation Failure) 279M->6M(989M) 0.839ms
[745.049s][info][gc,cpu         ] GC(1580) User=0.00s Sys=0.00s Real=0.00s
[745.093s][info][gc,start       ] GC(1581) Pause Young (Allocation Failure)
[745.094s][info][gc,heap        ] GC(1581) DefNew: 279840K(314560K)->237K(314560K) Eden: 279616K(279616K)->0K(279616K) From: 224K(34944K)->237K(34944K)
[745.094s][info][gc,heap        ] GC(1581) Tenured: 6334K(699072K)->6334K(699072K)
[745.094s][info][gc,metaspace   ] GC(1581) Metaspace: 16655K(16960K)->16655K(16960K) NonClass: 14325K(14464K)->14325K(14464K) Class: 2330K(2496K)->2330K(2496K)
[745.094s][info][gc             ] GC(1581) Pause Young (Allocation Failure) 279M->6M(989M) 0.788ms
[745.094s][info][gc,cpu         ] GC(1581) User=0.00s Sys=0.00s Real=0.00s
[745.137s][info][gc,start       ] GC(1582) Pause Young (Allocation Failure)
[745.138s][info][gc,heap        ] GC(1582) DefNew: 279853K(314560K)->223K(314560K) Eden: 279616K(279616K)->0K(279616K) From: 237K(34944K)->223K(34944K)
[745.138s][info][gc,heap        ] GC(1582) Tenured: 6334K(699072K)->6334K(699072K)
[745.138s][info][gc,metaspace   ] GC(1582) Metaspace: 16655K(16960K)->16655K(16960K) NonClass: 14325K(14464K)->14325K(14464K) Class: 2330K(2496K)->2330K(2496K)
[745.138s][info][gc             ] GC(1582) Pause Young (Allocation Failure) 279M->6M(989M) 0.808ms
[745.138s][info][gc,cpu         ] GC(1582) User=0.00s Sys=0.00s Real=0.00s
[745.183s][info][gc,start       ] GC(1583) Pause Young (Allocation Failure)
[745.184s][info][gc,heap        ] GC(1583) DefNew: 279839K(314560K)->236K(314560K) Eden: 279616K(279616K)->0K(279616K) From: 223K(34944K)->236K(34944K)
[745.184s][info][gc,heap        ] GC(1583) Tenured: 6334K(699072K)->6334K(699072K)
[745.184s][info][gc,metaspace   ] GC(1583) Metaspace: 16655K(16960K)->16655K(16960K) NonClass: 14325K(14464K)->14325K(14464K) Class: 2330K(2496K)->2330K(2496K)
[745.184s][info][gc             ] GC(1583) Pause Young (Allocation Failure) 279M->6M(989M) 0.838ms
[745.184s][info][gc,cpu         ] GC(1583) User=0.00s Sys=0.00s Real=0.00s
[745.229s][info][gc,start       ] GC(1584) Pause Young (Allocation Failure)
[745.230s][info][gc,heap        ] GC(1584) DefNew: 279852K(314560K)->214K(314560K) Eden: 279616K(279616K)->0K(279616K) From: 236K(34944K)->214K(34944K)
[745.230s][info][gc,heap        ] GC(1584) Tenured: 6334K(699072K)->6334K(699072K)
[745.230s][info][gc,metaspace   ] GC(1584) Metaspace: 16655K(16960K)->16655K(16960K) NonClass: 14325K(14464K)->14325K(14464K) Class: 2330K(2496K)->2330K(2496K)
[745.230s][info][gc             ] GC(1584) Pause Young (Allocation Failure) 279M->6M(989M) 0.824ms
[745.230s][info][gc,cpu         ] GC(1584) User=0.00s Sys=0.00s Real=0.00s
[745.275s][info][gc,start       ] GC(1585) Pause Young (Allocation Failure)
[745.276s][info][gc,heap        ] GC(1585) DefNew: 279830K(314560K)->194K(314560K) Eden: 279616K(279616K)->0K(279616K) From: 214K(34944K)->194K(34944K)
[745.276s][info][gc,heap        ] GC(1585) Tenured: 6334K(699072K)->6334K(699072K)
[745.276s][info][gc,metaspace   ] GC(1585) Metaspace: 16655K(16960K)->16655K(16960K) NonClass: 14325K(14464K)->14325K(14464K) Class: 2330K(2496K)->2330K(2496K)
[745.276s][info][gc             ] GC(1585) Pause Young (Allocation Failure) 279M->6M(989M) 0.800ms
[745.276s][info][gc,cpu         ] GC(1585) User=0.00s Sys=0.00s Real=0.00s
[745.359s][info][gc,start       ] GC(1586) Pause Young (Allocation Failure)
[745.560s][info][gc,heap        ] GC(1586) DefNew: 279810K(314560K)->34944K(314560K) Eden: 279616K(279616K)->0K(279616K) From: 194K(34944K)->34944K(34944K)
[745.560s][info][gc,heap        ] GC(1586) Tenured: 6334K(699072K)->51753K(699072K)
[745.560s][info][gc,metaspace   ] GC(1586) Metaspace: 16655K(16960K)->16655K(16960K) NonClass: 14325K(14464K)->14325K(14464K) Class: 2330K(2496K)->2330K(2496K)
[745.560s][info][gc             ] GC(1586) Pause Young (Allocation Failure) 279M->84M(989M) 200.724ms
[745.560s][info][gc,cpu         ] GC(1586) User=0.20s Sys=0.00s Real=0.20s
[745.733s][info][gc,start       ] GC(1587) Pause Young (Allocation Failure)
[746.325s][info][gc,heap        ] GC(1587) DefNew: 314560K(314560K)->34944K(314560K) Eden: 279616K(279616K)->0K(279616K) From: 34944K(34944K)->34944K(34944K)
[746.325s][info][gc,heap        ] GC(1587) Tenured: 51753K(699072K)->235808K(699072K)
[746.325s][info][gc,metaspace   ] GC(1587) Metaspace: 16655K(16960K)->16655K(16960K) NonClass: 14325K(14464K)->14325K(14464K) Class: 2330K(2496K)->2330K(2496K)
[746.325s][info][gc             ] GC(1587) Pause Young (Allocation Failure) 357M->264M(989M) 592.150ms
[746.325s][info][gc,cpu         ] GC(1587) User=0.58s Sys=0.00s Real=0.58s
[746.541s][info][gc,start       ] GC(1588) Pause Young (Allocation Failure)
[747.078s][info][gc,heap        ] GC(1588) DefNew: 314560K(314560K)->34943K(314560K) Eden: 279616K(279616K)->0K(279616K) From: 34944K(34944K)->34943K(34944K)
[747.078s][info][gc,heap        ] GC(1588) Tenured: 235808K(699072K)->407076K(699072K)
[747.078s][info][gc,metaspace   ] GC(1588) Metaspace: 16655K(16960K)->16655K(16960K) NonClass: 14325K(14464K)->14325K(14464K) Class: 2330K(2496K)->2330K(2496K)
[747.078s][info][gc             ] GC(1588) Pause Young (Allocation Failure) 537M->431M(989M) 537.173ms
[747.078s][info][gc,cpu         ] GC(1588) User=0.50s Sys=0.00s Real=0.53s
[749.642s][info][gc,start       ] GC(1589) Pause Young (Allocation Failure)
[750.018s][info][gc,heap        ] GC(1589) DefNew: 314559K(314560K)->34944K(314560K) Eden: 279616K(279616K)->0K(279616K) From: 34943K(34944K)->34944K(34944K)
[750.018s][info][gc,heap        ] GC(1589) Tenured: 407076K(699072K)->495724K(699072K)
[750.018s][info][gc,metaspace   ] GC(1589) Metaspace: 16655K(16960K)->16655K(16960K) NonClass: 14325K(14464K)->14325K(14464K) Class: 2330K(2496K)->2330K(2496K)
[750.018s][info][gc             ] GC(1589) Pause Young (Allocation Failure) 704M->518M(989M) 376.449ms
[750.018s][info][gc,cpu         ] GC(1589) User=0.39s Sys=0.00s Real=0.38s
[750.156s][info][gc,start       ] GC(1590) Pause Young (Allocation Failure)
[750.156s][info][gc             ] GC(1590) Pause Young (Allocation Failure) 791M->791M(989M) 0.112ms
[750.156s][info][gc,cpu         ] GC(1590) User=0.00s Sys=0.00s Real=0.00s
[750.156s][info][gc,start       ] GC(1591) Pause Full (Allocation Failure)
[750.156s][info][gc,phases,start] GC(1591) Phase 1: Mark live objects
[750.393s][info][gc,phases      ] GC(1591) Phase 1: Mark live objects 236.508ms
[750.393s][info][gc,phases,start] GC(1591) Phase 2: Compute new object addresses
[750.518s][info][gc,phases      ] GC(1591) Phase 2: Compute new object addresses 125.048ms
[750.518s][info][gc,phases,start] GC(1591) Phase 3: Adjust pointers
[750.636s][info][gc,phases      ] GC(1591) Phase 3: Adjust pointers 117.908ms
[750.636s][info][gc,phases,start] GC(1591) Phase 4: Move objects
[750.717s][info][gc,phases      ] GC(1591) Phase 4: Move objects 81.153ms
[750.717s][info][gc,heap        ] GC(1591) DefNew: 314560K(314560K)->0K(314560K) Eden: 279616K(279616K)->0K(279616K) From: 34944K(34944K)->0K(34944K)
[750.717s][info][gc,heap        ] GC(1591) Tenured: 495724K(699072K)->212462K(699072K)
[750.717s][info][gc,metaspace   ] GC(1591) Metaspace: 16655K(16960K)->16655K(16960K) NonClass: 14325K(14464K)->14325K(14464K) Class: 2330K(2496K)->2330K(2496K)
[750.717s][info][gc             ] GC(1591) Pause Full (Allocation Failure) 791M->207M(989M) 561.048ms
[750.717s][info][gc,cpu         ] GC(1591) User=0.53s Sys=0.00s Real=0.55s
[750.860s][info][gc,start       ] GC(1592) Pause Young (Allocation Failure)
[751.144s][info][gc,heap        ] GC(1592) DefNew: 279616K(314560K)->34944K(314560K) Eden: 279616K(279616K)->0K(279616K) From: 0K(34944K)->34944K(34944K)
[751.144s][info][gc,heap        ] GC(1592) Tenured: 212462K(699072K)->295143K(699072K)
[751.144s][info][gc,metaspace   ] GC(1592) Metaspace: 16655K(16960K)->16655K(16960K) NonClass: 14325K(14464K)->14325K(14464K) Class: 2330K(2496K)->2330K(2496K)
[751.144s][info][gc             ] GC(1592) Pause Young (Allocation Failure) 480M->322M(989M) 284.207ms
[751.144s][info][gc,cpu         ] GC(1592) User=0.27s Sys=0.00s Real=0.28s
[751.304s][info][gc,start       ] GC(1593) Pause Young (Allocation Failure)
[751.772s][info][gc,heap        ] GC(1593) DefNew: 314560K(314560K)->34944K(314560K) Eden: 279616K(279616K)->0K(279616K) From: 34944K(34944K)->34944K(34944K)
[751.772s][info][gc,heap        ] GC(1593) Tenured: 295143K(699072K)->423747K(699072K)
[751.772s][info][gc,metaspace   ] GC(1593) Metaspace: 16655K(16960K)->16655K(16960K) NonClass: 14325K(14464K)->14325K(14464K) Class: 2330K(2496K)->2330K(2496K)
[751.772s][info][gc             ] GC(1593) Pause Young (Allocation Failure) 595M->447M(989M) 468.050ms
[751.772s][info][gc,cpu         ] GC(1593) User=0.45s Sys=0.00s Real=0.45s
[752.230s][info][gc,start       ] GC(1594) Pause Young (Allocation Failure)
[752.435s][info][gc,heap        ] GC(1594) DefNew: 314560K(314560K)->24562K(314560K) Eden: 279616K(279616K)->0K(279616K) From: 34944K(34944K)->24562K(34944K)
[752.435s][info][gc,heap        ] GC(1594) Tenured: 423747K(699072K)->448567K(699072K)
[752.435s][info][gc,metaspace   ] GC(1594) Metaspace: 16655K(16960K)->16655K(16960K) NonClass: 14325K(14464K)->14325K(14464K) Class: 2330K(2496K)->2330K(2496K)
[752.435s][info][gc             ] GC(1594) Pause Young (Allocation Failure) 721M->462M(989M) 205.036ms
[752.435s][info][gc,cpu         ] GC(1594) User=0.20s Sys=0.00s Real=0.20s
[752.797s][info][gc,start       ] GC(1595) Pause Young (Allocation Failure)
[752.824s][info][gc,heap        ] GC(1595) DefNew: 304178K(314560K)->95K(314560K) Eden: 279616K(279616K)->0K(279616K) From: 24562K(34944K)->95K(34944K)
[752.824s][info][gc,heap        ] GC(1595) Tenured: 448567K(699072K)->451049K(699072K)
[752.824s][info][gc,metaspace   ] GC(1595) Metaspace: 16655K(16960K)->16655K(16960K) NonClass: 14325K(14464K)->14325K(14464K) Class: 2330K(2496K)->2330K(2496K)
[752.824s][info][gc             ] GC(1595) Pause Young (Allocation Failure) 735M->440M(989M) 27.096ms
[752.824s][info][gc,cpu         ] GC(1595) User=0.02s Sys=0.00s Real=0.03s
[753.490s][info][gc,start       ] GC(1596) Pause Full (System.gc())
[753.490s][info][gc,phases,start] GC(1596) Phase 1: Mark live objects
[753.497s][info][gc,phases      ] GC(1596) Phase 1: Mark live objects 7.118ms
[753.497s][info][gc,phases,start] GC(1596) Phase 2: Compute new object addresses
[753.578s][info][gc,phases      ] GC(1596) Phase 2: Compute new object addresses 81.051ms
[753.578s][info][gc,phases,start] GC(1596) Phase 3: Adjust pointers
[753.582s][info][gc,phases      ] GC(1596) Phase 3: Adjust pointers 4.154ms
[753.582s][info][gc,phases,start] GC(1596) Phase 4: Move objects
[753.582s][info][gc,phases      ] GC(1596) Phase 4: Move objects 0.010ms
[753.582s][info][gc,heap        ] GC(1596) DefNew: 90590K(314560K)->0K(314560K) Eden: 90494K(279616K)->0K(279616K) From: 95K(34944K)->0K(34944K)
[753.582s][info][gc,heap        ] GC(1596) Tenured: 451049K(699072K)->6334K(699072K)
[753.582s][info][gc,metaspace   ] GC(1596) Metaspace: 16655K(16960K)->16655K(16960K) NonClass: 14325K(14464K)->14325K(14464K) Class: 2330K(2496K)->2330K(2496K)
[753.582s][info][gc             ] GC(1596) Pause Full (System.gc()) 528M->6M(989M) 92.691ms
[753.582s][info][gc,cpu         ] GC(1596) User=0.08s Sys=0.00s Real=0.09s
[754.854s][info][gc,start       ] GC(1597) Pause Young (Allocation Failure)
[754.855s][info][gc,heap        ] GC(1597) DefNew: 279616K(314560K)->244K(314560K) Eden: 279616K(279616K)->0K(279616K) From: 0K(34944K)->244K(34944K)
[754.855s][info][gc,heap        ] GC(1597) Tenured: 6334K(699072K)->6334K(699072K)
[754.855s][info][gc,metaspace   ] GC(1597) Metaspace: 16656K(16960K)->16656K(16960K) NonClass: 14325K(14464K)->14325K(14464K) Class: 2330K(2496K)->2330K(2496K)
[754.855s][info][gc             ] GC(1597) Pause Young (Allocation Failure) 279M->6M(989M) 1.172ms
[754.855s][info][gc,cpu         ] GC(1597) User=0.00s Sys=0.00s Real=0.00s
[754.900s][info][gc,start       ] GC(1598) Pause Young (Allocation Failure)
[754.901s][info][gc,heap        ] GC(1598) DefNew: 279860K(314560K)->234K(314560K) Eden: 279616K(279616K)->0K(279616K) From: 244K(34944K)->234K(34944K)
[754.901s][info][gc,heap        ] GC(1598) Tenured: 6334K(699072K)->6334K(699072K)
[754.901s][info][gc,metaspace   ] GC(1598) Metaspace: 16656K(16960K)->16656K(16960K) NonClass: 14325K(14464K)->14325K(14464K) Class: 2330K(2496K)->2330K(2496K)
[754.901s][info][gc             ] GC(1598) Pause Young (Allocation Failure) 279M->6M(989M) 0.899ms
[754.901s][info][gc,cpu         ] GC(1598) User=0.00s Sys=0.00s Real=0.00s
[754.944s][info][gc,start       ] GC(1599) Pause Young (Allocation Failure)
[754.945s][info][gc,heap        ] GC(1599) DefNew: 279850K(314560K)->250K(314560K) Eden: 279616K(279616K)->0K(279616K) From: 234K(34944K)->250K(34944K)
[754.945s][info][gc,heap        ] GC(1599) Tenured: 6334K(699072K)->6334K(699072K)
[754.945s][info][gc,metaspace   ] GC(1599) Metaspace: 16656K(16960K)->16656K(16960K) NonClass: 14325K(14464K)->14325K(14464K) Class: 2330K(2496K)->2330K(2496K)
[754.945s][info][gc             ] GC(1599) Pause Young (Allocation Failure) 279M->6M(989M) 0.852ms
[754.945s][info][gc,cpu         ] GC(1599) User=0.00s Sys=0.00s Real=0.00s
[754.989s][info][gc,start       ] GC(1600) Pause Young (Allocation Failure)
[754.990s][info][gc,heap        ] GC(1600) DefNew: 279866K(314560K)->231K(314560K) Eden: 279616K(279616K)->0K(279616K) From: 250K(34944K)->231K(34944K)
[754.990s][info][gc,heap        ] GC(1600) Tenured: 6334K(699072K)->6334K(699072K)
[754.990s][info][gc,metaspace   ] GC(1600) Metaspace: 16656K(16960K)->16656K(16960K) NonClass: 14325K(14464K)->14325K(14464K) Class: 2330K(2496K)->2330K(2496K)
[754.990s][info][gc             ] GC(1600) Pause Young (Allocation Failure) 279M->6M(989M) 0.757ms
[754.990s][info][gc,cpu         ] GC(1600) User=0.00s Sys=0.00s Real=0.00s
[755.034s][info][gc,start       ] GC(1601) Pause Young (Allocation Failure)
[755.035s][info][gc,heap        ] GC(1601) DefNew: 279847K(314560K)->248K(314560K) Eden: 279616K(279616K)->0K(279616K) From: 231K(34944K)->248K(34944K)
[755.035s][info][gc,heap        ] GC(1601) Tenured: 6334K(699072K)->6334K(699072K)
[755.035s][info][gc,metaspace   ] GC(1601) Metaspace: 16656K(16960K)->16656K(16960K) NonClass: 14325K(14464K)->14325K(14464K) Class: 2330K(2496K)->2330K(2496K)
[755.035s][info][gc             ] GC(1601) Pause Young (Allocation Failure) 279M->6M(989M) 0.805ms
[755.035s][info][gc,cpu         ] GC(1601) User=0.00s Sys=0.00s Real=0.00s
[755.078s][info][gc,start       ] GC(1602) Pause Young (Allocation Failure)
[755.079s][info][gc,heap        ] GC(1602) DefNew: 279864K(314560K)->230K(314560K) Eden: 279616K(279616K)->0K(279616K) From: 248K(34944K)->230K(34944K)
[755.079s][info][gc,heap        ] GC(1602) Tenured: 6334K(699072K)->6334K(699072K)
[755.079s][info][gc,metaspace   ] GC(1602) Metaspace: 16656K(16960K)->16656K(16960K) NonClass: 14325K(14464K)->14325K(14464K) Class: 2330K(2496K)->2330K(2496K)
[755.079s][info][gc             ] GC(1602) Pause Young (Allocation Failure) 279M->6M(989M) 0.776ms
[755.079s][info][gc,cpu         ] GC(1602) User=0.00s Sys=0.00s Real=0.00s
[755.123s][info][gc,start       ] GC(1603) Pause Young (Allocation Failure)
[755.124s][info][gc,heap        ] GC(1603) DefNew: 279846K(314560K)->233K(314560K) Eden: 279616K(279616K)->0K(279616K) From: 230K(34944K)->233K(34944K)
[755.124s][info][gc,heap        ] GC(1603) Tenured: 6334K(699072K)->6334K(699072K)
[755.124s][info][gc,metaspace   ] GC(1603) Metaspace: 16656K(16960K)->16656K(16960K) NonClass: 14325K(14464K)->14325K(14464K) Class: 2330K(2496K)->2330K(2496K)
[755.124s][info][gc             ] GC(1603) Pause Young (Allocation Failure) 279M->6M(989M) 0.789ms
[755.124s][info][gc,cpu         ] GC(1603) User=0.00s Sys=0.00s Real=0.00s
[755.169s][info][gc,start       ] GC(1604) Pause Young (Allocation Failure)
[755.170s][info][gc,heap        ] GC(1604) DefNew: 279849K(314560K)->233K(314560K) Eden: 279616K(279616K)->0K(279616K) From: 233K(34944K)->233K(34944K)
[755.170s][info][gc,heap        ] GC(1604) Tenured: 6334K(699072K)->6334K(699072K)
[755.170s][info][gc,metaspace   ] GC(1604) Metaspace: 16656K(16960K)->16656K(16960K) NonClass: 14325K(14464K)->14325K(14464K) Class: 2330K(2496K)->2330K(2496K)
[755.170s][info][gc             ] GC(1604) Pause Young (Allocation Failure) 279M->6M(989M) 0.788ms
[755.170s][info][gc,cpu         ] GC(1604) User=0.00s Sys=0.00s Real=0.00s
[755.214s][info][gc,start       ] GC(1605) Pause Young (Allocation Failure)
[755.214s][info][gc,heap        ] GC(1605) DefNew: 279849K(314560K)->231K(314560K) Eden: 279616K(279616K)->0K(279616K) From: 233K(34944K)->231K(34944K)
[755.215s][info][gc,heap        ] GC(1605) Tenured: 6334K(699072K)->6334K(699072K)
[755.215s][info][gc,metaspace   ] GC(1605) Metaspace: 16656K(16960K)->16656K(16960K) NonClass: 14325K(14464K)->14325K(14464K) Class: 2330K(2496K)->2330K(2496K)
[755.215s][info][gc             ] GC(1605) Pause Young (Allocation Failure) 279M->6M(989M) 0.852ms
[755.215s][info][gc,cpu         ] GC(1605) User=0.00s Sys=0.00s Real=0.00s
[755.259s][info][gc,start       ] GC(1606) Pause Young (Allocation Failure)
[755.260s][info][gc,heap        ] GC(1606) DefNew: 279847K(314560K)->213K(314560K) Eden: 279616K(279616K)->0K(279616K) From: 231K(34944K)->213K(34944K)
[755.260s][info][gc,heap        ] GC(1606) Tenured: 6334K(699072K)->6334K(699072K)
[755.260s][info][gc,metaspace   ] GC(1606) Metaspace: 16656K(16960K)->16656K(16960K) NonClass: 14325K(14464K)->14325K(14464K) Class: 2330K(2496K)->2330K(2496K)
[755.260s][info][gc             ] GC(1606) Pause Young (Allocation Failure) 279M->6M(989M) 0.768ms
[755.260s][info][gc,cpu         ] GC(1606) User=0.00s Sys=0.00s Real=0.00s
[755.337s][info][gc,start       ] GC(1607) Pause Young (Allocation Failure)
[755.523s][info][gc,heap        ] GC(1607) DefNew: 279829K(314560K)->34944K(314560K) Eden: 279616K(279616K)->0K(279616K) From: 213K(34944K)->34944K(34944K)
[755.523s][info][gc,heap        ] GC(1607) Tenured: 6334K(699072K)->45766K(699072K)
[755.523s][info][gc,metaspace   ] GC(1607) Metaspace: 16656K(16960K)->16656K(16960K) NonClass: 14325K(14464K)->14325K(14464K) Class: 2330K(2496K)->2330K(2496K)
[755.523s][info][gc             ] GC(1607) Pause Young (Allocation Failure) 279M->78M(989M) 185.308ms
[755.523s][info][gc,cpu         ] GC(1607) User=0.19s Sys=0.00s Real=0.18s
[755.695s][info][gc,start       ] GC(1608) Pause Young (Allocation Failure)
[756.286s][info][gc,heap        ] GC(1608) DefNew: 314560K(314560K)->34944K(314560K) Eden: 279616K(279616K)->0K(279616K) From: 34944K(34944K)->34944K(34944K)
[756.286s][info][gc,heap        ] GC(1608) Tenured: 45766K(699072K)->230147K(699072K)
[756.286s][info][gc,metaspace   ] GC(1608) Metaspace: 16656K(16960K)->16656K(16960K) NonClass: 14325K(14464K)->14325K(14464K) Class: 2330K(2496K)->2330K(2496K)
[756.286s][info][gc             ] GC(1608) Pause Young (Allocation Failure) 351M->258M(989M) 591.032ms
[756.286s][info][gc,cpu         ] GC(1608) User=0.59s Sys=0.00s Real=0.60s
[756.494s][info][gc,start       ] GC(1609) Pause Young (Allocation Failure)
[757.042s][info][gc,heap        ] GC(1609) DefNew: 314560K(314560K)->34944K(314560K) Eden: 279616K(279616K)->0K(279616K) From: 34944K(34944K)->34944K(34944K)
[757.042s][info][gc,heap        ] GC(1609) Tenured: 230147K(699072K)->408221K(699072K)
[757.042s][info][gc,metaspace   ] GC(1609) Metaspace: 16656K(16960K)->16656K(16960K) NonClass: 14325K(14464K)->14325K(14464K) Class: 2330K(2496K)->2330K(2496K)
[757.042s][info][gc             ] GC(1609) Pause Young (Allocation Failure) 531M->432M(989M) 547.975ms
[757.042s][info][gc,cpu         ] GC(1609) User=0.55s Sys=0.00s Real=0.55s
[759.936s][info][gc,start       ] GC(1610) Pause Young (Allocation Failure)
[760.312s][info][gc,heap        ] GC(1610) DefNew: 314560K(314560K)->34944K(314560K) Eden: 279616K(279616K)->0K(279616K) From: 34944K(34944K)->34944K(34944K)
[760.312s][info][gc,heap        ] GC(1610) Tenured: 408221K(699072K)->492922K(699072K)
[760.312s][info][gc,metaspace   ] GC(1610) Metaspace: 16656K(16960K)->16656K(16960K) NonClass: 14325K(14464K)->14325K(14464K) Class: 2330K(2496K)->2330K(2496K)
[760.312s][info][gc             ] GC(1610) Pause Young (Allocation Failure) 705M->515M(989M) 376.201ms
[760.312s][info][gc,cpu         ] GC(1610) User=0.38s Sys=0.00s Real=0.38s
[760.454s][info][gc,start       ] GC(1611) Pause Young (Allocation Failure)
[760.454s][info][gc             ] GC(1611) Pause Young (Allocation Failure) 788M->788M(989M) 0.144ms
[760.454s][info][gc,cpu         ] GC(1611) User=0.00s Sys=0.00s Real=0.00s
[760.454s][info][gc,start       ] GC(1612) Pause Full (Allocation Failure)
[760.454s][info][gc,phases,start] GC(1612) Phase 1: Mark live objects
[760.685s][info][gc,phases      ] GC(1612) Phase 1: Mark live objects 230.264ms
[760.685s][info][gc,phases,start] GC(1612) Phase 2: Compute new object addresses
[760.810s][info][gc,phases      ] GC(1612) Phase 2: Compute new object addresses 125.157ms
[760.810s][info][gc,phases,start] GC(1612) Phase 3: Adjust pointers
[760.927s][info][gc,phases      ] GC(1612) Phase 3: Adjust pointers 116.865ms
[760.927s][info][gc,phases,start] GC(1612) Phase 4: Move objects
[761.008s][info][gc,phases      ] GC(1612) Phase 4: Move objects 80.718ms
[761.008s][info][gc,heap        ] GC(1612) DefNew: 314560K(314560K)->0K(314560K) Eden: 279616K(279616K)->0K(279616K) From: 34944K(34944K)->0K(34944K)
[761.008s][info][gc,heap        ] GC(1612) Tenured: 492922K(699072K)->208170K(699072K)
[761.008s][info][gc,metaspace   ] GC(1612) Metaspace: 16656K(16960K)->16656K(16960K) NonClass: 14325K(14464K)->14325K(14464K) Class: 2330K(2496K)->2330K(2496K)
[761.008s][info][gc             ] GC(1612) Pause Full (Allocation Failure) 788M->203M(989M) 553.450ms
[761.008s][info][gc,cpu         ] GC(1612) User=0.55s Sys=0.00s Real=0.55s
[761.149s][info][gc,start       ] GC(1613) Pause Young (Allocation Failure)
[761.437s][info][gc,heap        ] GC(1613) DefNew: 279616K(314560K)->34943K(314560K) Eden: 279616K(279616K)->0K(279616K) From: 0K(34944K)->34943K(34944K)
[761.437s][info][gc,heap        ] GC(1613) Tenured: 208170K(699072K)->290863K(699072K)
[761.437s][info][gc,metaspace   ] GC(1613) Metaspace: 16656K(16960K)->16656K(16960K) NonClass: 14325K(14464K)->14325K(14464K) Class: 2330K(2496K)->2330K(2496K)
[761.437s][info][gc             ] GC(1613) Pause Young (Allocation Failure) 476M->318M(989M) 287.872ms
[761.437s][info][gc,cpu         ] GC(1613) User=0.27s Sys=0.00s Real=0.28s
[761.596s][info][gc,start       ] GC(1614) Pause Young (Allocation Failure)
[762.032s][info][gc,heap        ] GC(1614) DefNew: 314559K(314560K)->34944K(314560K) Eden: 279616K(279616K)->0K(279616K) From: 34943K(34944K)->34944K(34944K)
[762.032s][info][gc,heap        ] GC(1614) Tenured: 290863K(699072K)->416358K(699072K)
[762.032s][info][gc,metaspace   ] GC(1614) Metaspace: 16656K(16960K)->16656K(16960K) NonClass: 14325K(14464K)->14325K(14464K) Class: 2330K(2496K)->2330K(2496K)
[762.032s][info][gc             ] GC(1614) Pause Young (Allocation Failure) 591M->440M(989M) 436.444ms
[762.032s][info][gc,cpu         ] GC(1614) User=0.39s Sys=0.02s Real=0.44s
[762.495s][info][gc,start       ] GC(1615) Pause Young (Allocation Failure)
[762.713s][info][gc,heap        ] GC(1615) DefNew: 314560K(314560K)->30030K(314560K) Eden: 279616K(279616K)->0K(279616K) From: 34944K(34944K)->30030K(34944K)
[762.713s][info][gc,heap        ] GC(1615) Tenured: 416358K(699072K)->442718K(699072K)
[762.713s][info][gc,metaspace   ] GC(1615) Metaspace: 16656K(16960K)->16656K(16960K) NonClass: 14325K(14464K)->14325K(14464K) Class: 2330K(2496K)->2330K(2496K)
[762.713s][info][gc             ] GC(1615) Pause Young (Allocation Failure) 713M->461M(989M) 218.260ms
[762.713s][info][gc,cpu         ] GC(1615) User=0.22s Sys=0.00s Real=0.22s
[763.079s][info][gc,start       ] GC(1616) Pause Young (Allocation Failure)
[763.127s][info][gc,heap        ] GC(1616) DefNew: 309646K(314560K)->413K(314560K) Eden: 279616K(279616K)->0K(279616K) From: 30030K(34944K)->413K(34944K)
[763.127s][info][gc,heap        ] GC(1616) Tenured: 442718K(699072K)->446248K(699072K)
[763.127s][info][gc,metaspace   ] GC(1616) Metaspace: 16656K(16960K)->16656K(16960K) NonClass: 14325K(14464K)->14325K(14464K) Class: 2330K(2496K)->2330K(2496K)
[763.127s][info][gc             ] GC(1616) Pause Young (Allocation Failure) 734M->436M(989M) 47.819ms
[763.127s][info][gc,cpu         ] GC(1616) User=0.05s Sys=0.00s Real=0.05s
[763.817s][info][gc,start       ] GC(1617) Pause Full (System.gc())
[763.817s][info][gc,phases,start] GC(1617) Phase 1: Mark live objects
[763.825s][info][gc,phases      ] GC(1617) Phase 1: Mark live objects 7.368ms
[763.825s][info][gc,phases,start] GC(1617) Phase 2: Compute new object addresses
[763.906s][info][gc,phases      ] GC(1617) Phase 2: Compute new object addresses 81.254ms
[763.906s][info][gc,phases,start] GC(1617) Phase 3: Adjust pointers
[763.911s][info][gc,phases      ] GC(1617) Phase 3: Adjust pointers 4.670ms
[763.911s][info][gc,phases,start] GC(1617) Phase 4: Move objects
[763.911s][info][gc,phases      ] GC(1617) Phase 4: Move objects 0.011ms
[763.911s][info][gc,heap        ] GC(1617) DefNew: 99909K(314560K)->0K(314560K) Eden: 99495K(279616K)->0K(279616K) From: 413K(34944K)->0K(34944K)
[763.911s][info][gc,heap        ] GC(1617) Tenured: 446248K(699072K)->6335K(699072K)
[763.911s][info][gc,metaspace   ] GC(1617) Metaspace: 16656K(16960K)->16656K(16960K) NonClass: 14325K(14464K)->14325K(14464K) Class: 2330K(2496K)->2330K(2496K)
[763.911s][info][gc             ] GC(1617) Pause Full (System.gc()) 533M->6M(989M) 93.651ms
[763.911s][info][gc,cpu         ] GC(1617) User=0.08s Sys=0.00s Real=0.09s
[765.193s][info][gc,start       ] GC(1618) Pause Young (Allocation Failure)
[765.194s][info][gc,heap        ] GC(1618) DefNew: 279616K(314560K)->240K(314560K) Eden: 279616K(279616K)->0K(279616K) From: 0K(34944K)->240K(34944K)
[765.194s][info][gc,heap        ] GC(1618) Tenured: 6335K(699072K)->6335K(699072K)
[765.194s][info][gc,metaspace   ] GC(1618) Metaspace: 16657K(16960K)->16657K(16960K) NonClass: 14327K(14464K)->14327K(14464K) Class: 2330K(2496K)->2330K(2496K)
[765.194s][info][gc             ] GC(1618) Pause Young (Allocation Failure) 279M->6M(989M) 1.186ms
[765.194s][info][gc,cpu         ] GC(1618) User=0.00s Sys=0.00s Real=0.02s
[765.238s][info][gc,start       ] GC(1619) Pause Young (Allocation Failure)
[765.239s][info][gc,heap        ] GC(1619) DefNew: 279856K(314560K)->242K(314560K) Eden: 279616K(279616K)->0K(279616K) From: 240K(34944K)->242K(34944K)
[765.239s][info][gc,heap        ] GC(1619) Tenured: 6335K(699072K)->6335K(699072K)
[765.239s][info][gc,metaspace   ] GC(1619) Metaspace: 16657K(16960K)->16657K(16960K) NonClass: 14327K(14464K)->14327K(14464K) Class: 2330K(2496K)->2330K(2496K)
[765.239s][info][gc             ] GC(1619) Pause Young (Allocation Failure) 279M->6M(989M) 0.851ms
[765.239s][info][gc,cpu         ] GC(1619) User=0.00s Sys=0.00s Real=0.00s
[765.283s][info][gc,start       ] GC(1620) Pause Young (Allocation Failure)
[765.284s][info][gc,heap        ] GC(1620) DefNew: 279858K(314560K)->258K(314560K) Eden: 279616K(279616K)->0K(279616K) From: 242K(34944K)->258K(34944K)
[765.284s][info][gc,heap        ] GC(1620) Tenured: 6335K(699072K)->6335K(699072K)
[765.284s][info][gc,metaspace   ] GC(1620) Metaspace: 16657K(16960K)->16657K(16960K) NonClass: 14327K(14464K)->14327K(14464K) Class: 2330K(2496K)->2330K(2496K)
[765.284s][info][gc             ] GC(1620) Pause Young (Allocation Failure) 279M->6M(989M) 0.830ms
[765.284s][info][gc,cpu         ] GC(1620) User=0.00s Sys=0.00s Real=0.00s
[765.327s][info][gc,start       ] GC(1621) Pause Young (Allocation Failure)
[765.328s][info][gc,heap        ] GC(1621) DefNew: 279874K(314560K)->249K(314560K) Eden: 279616K(279616K)->0K(279616K) From: 258K(34944K)->249K(34944K)
[765.328s][info][gc,heap        ] GC(1621) Tenured: 6335K(699072K)->6335K(699072K)
[765.328s][info][gc,metaspace   ] GC(1621) Metaspace: 16657K(16960K)->16657K(16960K) NonClass: 14327K(14464K)->14327K(14464K) Class: 2330K(2496K)->2330K(2496K)
[765.328s][info][gc             ] GC(1621) Pause Young (Allocation Failure) 279M->6M(989M) 0.878ms
[765.328s][info][gc,cpu         ] GC(1621) User=0.02s Sys=0.00s Real=0.00s
[765.373s][info][gc,start       ] GC(1622) Pause Young (Allocation Failure)
[765.373s][info][gc,heap        ] GC(1622) DefNew: 279865K(314560K)->257K(314560K) Eden: 279616K(279616K)->0K(279616K) From: 249K(34944K)->257K(34944K)
[765.373s][info][gc,heap        ] GC(1622) Tenured: 6335K(699072K)->6335K(699072K)
[765.374s][info][gc,metaspace   ] GC(1622) Metaspace: 16657K(16960K)->16657K(16960K) NonClass: 14327K(14464K)->14327K(14464K) Class: 2330K(2496K)->2330K(2496K)
[765.374s][info][gc             ] GC(1622) Pause Young (Allocation Failure) 279M->6M(989M) 0.812ms
[765.374s][info][gc,cpu         ] GC(1622) User=0.00s Sys=0.00s Real=0.00s
[765.424s][info][gc,start       ] GC(1623) Pause Young (Allocation Failure)
[765.425s][info][gc,heap        ] GC(1623) DefNew: 279873K(314560K)->273K(314560K) Eden: 279616K(279616K)->0K(279616K) From: 257K(34944K)->273K(34944K)
[765.425s][info][gc,heap        ] GC(1623) Tenured: 6335K(699072K)->6335K(699072K)
[765.425s][info][gc,metaspace   ] GC(1623) Metaspace: 16657K(16960K)->16657K(16960K) NonClass: 14327K(14464K)->14327K(14464K) Class: 2330K(2496K)->2330K(2496K)
[765.425s][info][gc             ] GC(1623) Pause Young (Allocation Failure) 279M->6M(989M) 0.973ms
[765.425s][info][gc,cpu         ] GC(1623) User=0.00s Sys=0.00s Real=0.00s
[765.471s][info][gc,start       ] GC(1624) Pause Young (Allocation Failure)
[765.472s][info][gc,heap        ] GC(1624) DefNew: 279889K(314560K)->256K(314560K) Eden: 279616K(279616K)->0K(279616K) From: 273K(34944K)->256K(34944K)
[765.472s][info][gc,heap        ] GC(1624) Tenured: 6335K(699072K)->6335K(699072K)
[765.472s][info][gc,metaspace   ] GC(1624) Metaspace: 16657K(16960K)->16657K(16960K) NonClass: 14327K(14464K)->14327K(14464K) Class: 2330K(2496K)->2330K(2496K)
[765.472s][info][gc             ] GC(1624) Pause Young (Allocation Failure) 279M->6M(989M) 0.887ms
[765.472s][info][gc,cpu         ] GC(1624) User=0.00s Sys=0.00s Real=0.00s
[765.515s][info][gc,start       ] GC(1625) Pause Young (Allocation Failure)
[765.516s][info][gc,heap        ] GC(1625) DefNew: 279872K(314560K)->237K(314560K) Eden: 279616K(279616K)->0K(279616K) From: 256K(34944K)->237K(34944K)
[765.516s][info][gc,heap        ] GC(1625) Tenured: 6335K(699072K)->6335K(699072K)
[765.516s][info][gc,metaspace   ] GC(1625) Metaspace: 16657K(16960K)->16657K(16960K) NonClass: 14327K(14464K)->14327K(14464K) Class: 2330K(2496K)->2330K(2496K)
[765.516s][info][gc             ] GC(1625) Pause Young (Allocation Failure) 279M->6M(989M) 0.872ms
[765.516s][info][gc,cpu         ] GC(1625) User=0.00s Sys=0.00s Real=0.00s
[765.559s][info][gc,start       ] GC(1626) Pause Young (Allocation Failure)
[765.560s][info][gc,heap        ] GC(1626) DefNew: 279853K(314560K)->263K(314560K) Eden: 279616K(279616K)->0K(279616K) From: 237K(34944K)->263K(34944K)
[765.560s][info][gc,heap        ] GC(1626) Tenured: 6335K(699072K)->6335K(699072K)
[765.560s][info][gc,metaspace   ] GC(1626) Metaspace: 16657K(16960K)->16657K(16960K) NonClass: 14327K(14464K)->14327K(14464K) Class: 2330K(2496K)->2330K(2496K)
[765.560s][info][gc             ] GC(1626) Pause Young (Allocation Failure) 279M->6M(989M) 0.827ms
[765.560s][info][gc,cpu         ] GC(1626) User=0.00s Sys=0.00s Real=0.00s
[765.605s][info][gc,start       ] GC(1627) Pause Young (Allocation Failure)
[765.606s][info][gc,heap        ] GC(1627) DefNew: 279879K(314560K)->211K(314560K) Eden: 279616K(279616K)->0K(279616K) From: 263K(34944K)->211K(34944K)
[765.606s][info][gc,heap        ] GC(1627) Tenured: 6335K(699072K)->6335K(699072K)
[765.606s][info][gc,metaspace   ] GC(1627) Metaspace: 16657K(16960K)->16657K(16960K) NonClass: 14327K(14464K)->14327K(14464K) Class: 2330K(2496K)->2330K(2496K)
[765.606s][info][gc             ] GC(1627) Pause Young (Allocation Failure) 279M->6M(989M) 0.887ms
[765.606s][info][gc,cpu         ] GC(1627) User=0.00s Sys=0.00s Real=0.00s
[765.678s][info][gc,start       ] GC(1628) Pause Young (Allocation Failure)
[765.822s][info][gc,heap        ] GC(1628) DefNew: 279827K(314560K)->34943K(314560K) Eden: 279616K(279616K)->0K(279616K) From: 211K(34944K)->34943K(34944K)
[765.822s][info][gc,heap        ] GC(1628) Tenured: 6335K(699072K)->31751K(699072K)
[765.822s][info][gc,metaspace   ] GC(1628) Metaspace: 16657K(16960K)->16657K(16960K) NonClass: 14327K(14464K)->14327K(14464K) Class: 2330K(2496K)->2330K(2496K)
[765.822s][info][gc             ] GC(1628) Pause Young (Allocation Failure) 279M->65M(989M) 144.722ms
[765.822s][info][gc,cpu         ] GC(1628) User=0.12s Sys=0.00s Real=0.14s
[765.992s][info][gc,start       ] GC(1629) Pause Young (Allocation Failure)
[766.564s][info][gc,heap        ] GC(1629) DefNew: 314559K(314560K)->34944K(314560K) Eden: 279616K(279616K)->0K(279616K) From: 34943K(34944K)->34944K(34944K)
[766.564s][info][gc,heap        ] GC(1629) Tenured: 31751K(699072K)->212221K(699072K)
[766.564s][info][gc,metaspace   ] GC(1629) Metaspace: 16657K(16960K)->16657K(16960K) NonClass: 14327K(14464K)->14327K(14464K) Class: 2330K(2496K)->2330K(2496K)
[766.564s][info][gc             ] GC(1629) Pause Young (Allocation Failure) 338M->241M(989M) 572.084ms
[766.564s][info][gc,cpu         ] GC(1629) User=0.55s Sys=0.00s Real=0.58s
[766.745s][info][gc,start       ] GC(1630) Pause Young (Allocation Failure)
[767.335s][info][gc,heap        ] GC(1630) DefNew: 314560K(314560K)->34944K(314560K) Eden: 279616K(279616K)->0K(279616K) From: 34944K(34944K)->34944K(34944K)
[767.335s][info][gc,heap        ] GC(1630) Tenured: 212221K(699072K)->395230K(699072K)
[767.335s][info][gc,metaspace   ] GC(1630) Metaspace: 16657K(16960K)->16657K(16960K) NonClass: 14327K(14464K)->14327K(14464K) Class: 2330K(2496K)->2330K(2496K)
[767.335s][info][gc             ] GC(1630) Pause Young (Allocation Failure) 514M->420M(989M) 590.648ms
[767.335s][info][gc,cpu         ] GC(1630) User=0.58s Sys=0.00s Real=0.60s
[770.528s][info][gc,start       ] GC(1631) Pause Young (Allocation Failure)
[770.893s][info][gc,heap        ] GC(1631) DefNew: 314560K(314560K)->34944K(314560K) Eden: 279616K(279616K)->0K(279616K) From: 34944K(34944K)->34944K(34944K)
[770.893s][info][gc,heap        ] GC(1631) Tenured: 395230K(699072K)->477417K(699072K)
[770.893s][info][gc,metaspace   ] GC(1631) Metaspace: 16657K(16960K)->16657K(16960K) NonClass: 14327K(14464K)->14327K(14464K) Class: 2330K(2496K)->2330K(2496K)
[770.893s][info][gc             ] GC(1631) Pause Young (Allocation Failure) 693M->500M(989M) 365.470ms
[770.893s][info][gc,cpu         ] GC(1631) User=0.36s Sys=0.00s Real=0.38s
[771.031s][info][gc,start       ] GC(1632) Pause Young (Allocation Failure)
[771.031s][info][gc             ] GC(1632) Pause Young (Allocation Failure) 773M->773M(989M) 0.145ms
[771.031s][info][gc,cpu         ] GC(1632) User=0.00s Sys=0.00s Real=0.00s
[771.031s][info][gc,start       ] GC(1633) Pause Full (Allocation Failure)
[771.031s][info][gc,phases,start] GC(1633) Phase 1: Mark live objects
[771.242s][info][gc,phases      ] GC(1633) Phase 1: Mark live objects 210.913ms
[771.242s][info][gc,phases,start] GC(1633) Phase 2: Compute new object addresses
[771.363s][info][gc,phases      ] GC(1633) Phase 2: Compute new object addresses 120.849ms
[771.363s][info][gc,phases,start] GC(1633) Phase 3: Adjust pointers
[771.477s][info][gc,phases      ] GC(1633) Phase 3: Adjust pointers 113.602ms
[771.477s][info][gc,phases,start] GC(1633) Phase 4: Move objects
[771.555s][info][gc,phases      ] GC(1633) Phase 4: Move objects 77.777ms
[771.555s][info][gc,heap        ] GC(1633) DefNew: 314560K(314560K)->0K(314560K) Eden: 279616K(279616K)->0K(279616K) From: 34944K(34944K)->0K(34944K)
[771.555s][info][gc,heap        ] GC(1633) Tenured: 477417K(699072K)->194649K(699072K)
[771.555s][info][gc,metaspace   ] GC(1633) Metaspace: 16657K(16960K)->16657K(16960K) NonClass: 14327K(14464K)->14327K(14464K) Class: 2330K(2496K)->2330K(2496K)
[771.555s][info][gc             ] GC(1633) Pause Full (Allocation Failure) 773M->190M(989M) 523.666ms
[771.555s][info][gc,cpu         ] GC(1633) User=0.52s Sys=0.00s Real=0.53s
[771.695s][info][gc,start       ] GC(1634) Pause Young (Allocation Failure)
[771.979s][info][gc,heap        ] GC(1634) DefNew: 279616K(314560K)->34944K(314560K) Eden: 279616K(279616K)->0K(279616K) From: 0K(34944K)->34944K(34944K)
[771.979s][info][gc,heap        ] GC(1634) Tenured: 194649K(699072K)->277359K(699072K)
[771.979s][info][gc,metaspace   ] GC(1634) Metaspace: 16657K(16960K)->16657K(16960K) NonClass: 14327K(14464K)->14327K(14464K) Class: 2330K(2496K)->2330K(2496K)
[771.979s][info][gc             ] GC(1634) Pause Young (Allocation Failure) 463M->304M(989M) 283.635ms
[771.979s][info][gc,cpu         ] GC(1634) User=0.23s Sys=0.00s Real=0.28s
[772.126s][info][gc,start       ] GC(1635) Pause Young (Allocation Failure)
[772.527s][info][gc,heap        ] GC(1635) DefNew: 314560K(314560K)->34944K(314560K) Eden: 279616K(279616K)->0K(279616K) From: 34944K(34944K)->34944K(34944K)
[772.527s][info][gc,heap        ] GC(1635) Tenured: 277359K(699072K)->394841K(699072K)
[772.527s][info][gc,metaspace   ] GC(1635) Metaspace: 16657K(16960K)->16657K(16960K) NonClass: 14327K(14464K)->14327K(14464K) Class: 2330K(2496K)->2330K(2496K)
[772.527s][info][gc             ] GC(1635) Pause Young (Allocation Failure) 578M->419M(989M) 400.862ms
[772.527s][info][gc,cpu         ] GC(1635) User=0.39s Sys=0.00s Real=0.41s
[772.990s][info][gc,start       ] GC(1636) Pause Young (Allocation Failure)
[773.243s][info][gc,heap        ] GC(1636) DefNew: 314560K(314560K)->34944K(314560K) Eden: 279616K(279616K)->0K(279616K) From: 34944K(34944K)->34944K(34944K)
[773.243s][info][gc,heap        ] GC(1636) Tenured: 394841K(699072K)->432847K(699072K)
[773.243s][info][gc,metaspace   ] GC(1636) Metaspace: 16657K(16960K)->16657K(16960K) NonClass: 14327K(14464K)->14327K(14464K) Class: 2330K(2496K)->2330K(2496K)
[773.243s][info][gc             ] GC(1636) Pause Young (Allocation Failure) 692M->456M(989M) 253.899ms
[773.244s][info][gc,cpu         ] GC(1636) User=0.22s Sys=0.00s Real=0.25s
[773.613s][info][gc,start       ] GC(1637) Pause Young (Allocation Failure)
[773.683s][info][gc,heap        ] GC(1637) DefNew: 314560K(314560K)->1399K(314560K) Eden: 279616K(279616K)->0K(279616K) From: 34944K(34944K)->1399K(34944K)
[773.683s][info][gc,heap        ] GC(1637) Tenured: 432847K(699072K)->443003K(699072K)
[773.683s][info][gc,metaspace   ] GC(1637) Metaspace: 16657K(16960K)->16657K(16960K) NonClass: 14327K(14464K)->14327K(14464K) Class: 2330K(2496K)->2330K(2496K)
[773.683s][info][gc             ] GC(1637) Pause Young (Allocation Failure) 729M->433M(989M) 69.952ms
[773.683s][info][gc,cpu         ] GC(1637) User=0.06s Sys=0.00s Real=0.06s
[774.406s][info][gc,start       ] GC(1638) Pause Full (System.gc())
[774.406s][info][gc,phases,start] GC(1638) Phase 1: Mark live objects
[774.413s][info][gc,phases      ] GC(1638) Phase 1: Mark live objects 6.729ms
[774.413s][info][gc,phases,start] GC(1638) Phase 2: Compute new object addresses
[774.499s][info][gc,phases      ] GC(1638) Phase 2: Compute new object addresses 85.917ms
[774.499s][info][gc,phases,start] GC(1638) Phase 3: Adjust pointers
[774.503s][info][gc,phases      ] GC(1638) Phase 3: Adjust pointers 4.121ms
[774.503s][info][gc,phases,start] GC(1638) Phase 4: Move objects
[774.503s][info][gc,phases      ] GC(1638) Phase 4: Move objects 0.009ms
[774.503s][info][gc,heap        ] GC(1638) DefNew: 134196K(314560K)->0K(314560K) Eden: 132796K(279616K)->0K(279616K) From: 1399K(34944K)->0K(34944K)
[774.503s][info][gc,heap        ] GC(1638) Tenured: 443003K(699072K)->6334K(699072K)
[774.504s][info][gc,metaspace   ] GC(1638) Metaspace: 16658K(16960K)->16658K(16960K) NonClass: 14328K(14464K)->14328K(14464K) Class: 2330K(2496K)->2330K(2496K)
[774.504s][info][gc             ] GC(1638) Pause Full (System.gc()) 563M->6M(989M) 97.153ms
[774.504s][info][gc,cpu         ] GC(1638) User=0.11s Sys=0.00s Real=0.09s
[775.809s][info][gc,start       ] GC(1639) Pause Young (Allocation Failure)
[775.810s][info][gc,heap        ] GC(1639) DefNew: 279616K(314560K)->230K(314560K) Eden: 279616K(279616K)->0K(279616K) From: 0K(34944K)->230K(34944K)
[775.810s][info][gc,heap        ] GC(1639) Tenured: 6334K(699072K)->6334K(699072K)
[775.810s][info][gc,metaspace   ] GC(1639) Metaspace: 16658K(16960K)->16658K(16960K) NonClass: 14328K(14464K)->14328K(14464K) Class: 2330K(2496K)->2330K(2496K)
[775.810s][info][gc             ] GC(1639) Pause Young (Allocation Failure) 279M->6M(989M) 1.107ms
[775.810s][info][gc,cpu         ] GC(1639) User=0.00s Sys=0.00s Real=0.00s
[775.853s][info][gc,start       ] GC(1640) Pause Young (Allocation Failure)
[775.853s][info][gc,heap        ] GC(1640) DefNew: 279846K(314560K)->251K(314560K) Eden: 279616K(279616K)->0K(279616K) From: 230K(34944K)->251K(34944K)
[775.853s][info][gc,heap        ] GC(1640) Tenured: 6334K(699072K)->6334K(699072K)
[775.853s][info][gc,metaspace   ] GC(1640) Metaspace: 16658K(16960K)->16658K(16960K) NonClass: 14328K(14464K)->14328K(14464K) Class: 2330K(2496K)->2330K(2496K)
[775.853s][info][gc             ] GC(1640) Pause Young (Allocation Failure) 279M->6M(989M) 0.891ms
[775.853s][info][gc,cpu         ] GC(1640) User=0.00s Sys=0.00s Real=0.00s
[775.897s][info][gc,start       ] GC(1641) Pause Young (Allocation Failure)
[775.897s][info][gc,heap        ] GC(1641) DefNew: 279867K(314560K)->214K(314560K) Eden: 279616K(279616K)->0K(279616K) From: 251K(34944K)->214K(34944K)
[775.897s][info][gc,heap        ] GC(1641) Tenured: 6334K(699072K)->6334K(699072K)
[775.897s][info][gc,metaspace   ] GC(1641) Metaspace: 16658K(16960K)->16658K(16960K) NonClass: 14328K(14464K)->14328K(14464K) Class: 2330K(2496K)->2330K(2496K)
[775.897s][info][gc             ] GC(1641) Pause Young (Allocation Failure) 279M->6M(989M) 0.851ms
[775.897s][info][gc,cpu         ] GC(1641) User=0.00s Sys=0.00s Real=0.00s
[775.942s][info][gc,start       ] GC(1642) Pause Young (Allocation Failure)
[775.942s][info][gc,heap        ] GC(1642) DefNew: 279830K(314560K)->242K(314560K) Eden: 279616K(279616K)->0K(279616K) From: 214K(34944K)->242K(34944K)
[775.942s][info][gc,heap        ] GC(1642) Tenured: 6334K(699072K)->6334K(699072K)
[775.942s][info][gc,metaspace   ] GC(1642) Metaspace: 16658K(16960K)->16658K(16960K) NonClass: 14328K(14464K)->14328K(14464K) Class: 2330K(2496K)->2330K(2496K)
[775.942s][info][gc             ] GC(1642) Pause Young (Allocation Failure) 279M->6M(989M) 0.824ms
[775.942s][info][gc,cpu         ] GC(1642) User=0.00s Sys=0.00s Real=0.00s
[775.986s][info][gc,start       ] GC(1643) Pause Young (Allocation Failure)
[775.987s][info][gc,heap        ] GC(1643) DefNew: 279858K(314560K)->238K(314560K) Eden: 279616K(279616K)->0K(279616K) From: 242K(34944K)->238K(34944K)
[775.987s][info][gc,heap        ] GC(1643) Tenured: 6334K(699072K)->6334K(699072K)
[775.987s][info][gc,metaspace   ] GC(1643) Metaspace: 16658K(16960K)->16658K(16960K) NonClass: 14328K(14464K)->14328K(14464K) Class: 2330K(2496K)->2330K(2496K)
[775.987s][info][gc             ] GC(1643) Pause Young (Allocation Failure) 279M->6M(989M) 0.809ms
[775.987s][info][gc,cpu         ] GC(1643) User=0.00s Sys=0.00s Real=0.00s
[776.030s][info][gc,start       ] GC(1644) Pause Young (Allocation Failure)
[776.031s][info][gc,heap        ] GC(1644) DefNew: 279854K(314560K)->219K(314560K) Eden: 279616K(279616K)->0K(279616K) From: 238K(34944K)->219K(34944K)
[776.031s][info][gc,heap        ] GC(1644) Tenured: 6334K(699072K)->6334K(699072K)
[776.031s][info][gc,metaspace   ] GC(1644) Metaspace: 16658K(16960K)->16658K(16960K) NonClass: 14328K(14464K)->14328K(14464K) Class: 2330K(2496K)->2330K(2496K)
[776.031s][info][gc             ] GC(1644) Pause Young (Allocation Failure) 279M->6M(989M) 0.810ms
[776.031s][info][gc,cpu         ] GC(1644) User=0.00s Sys=0.00s Real=0.00s
[776.076s][info][gc,start       ] GC(1645) Pause Young (Allocation Failure)
[776.077s][info][gc,heap        ] GC(1645) DefNew: 279835K(314560K)->217K(314560K) Eden: 279616K(279616K)->0K(279616K) From: 219K(34944K)->217K(34944K)
[776.077s][info][gc,heap        ] GC(1645) Tenured: 6334K(699072K)->6334K(699072K)
[776.077s][info][gc,metaspace   ] GC(1645) Metaspace: 16658K(16960K)->16658K(16960K) NonClass: 14328K(14464K)->14328K(14464K) Class: 2330K(2496K)->2330K(2496K)
[776.077s][info][gc             ] GC(1645) Pause Young (Allocation Failure) 279M->6M(989M) 0.937ms
[776.077s][info][gc,cpu         ] GC(1645) User=0.00s Sys=0.00s Real=0.00s
[776.121s][info][gc,start       ] GC(1646) Pause Young (Allocation Failure)
[776.122s][info][gc,heap        ] GC(1646) DefNew: 279833K(314560K)->211K(314560K) Eden: 279616K(279616K)->0K(279616K) From: 217K(34944K)->211K(34944K)
[776.122s][info][gc,heap        ] GC(1646) Tenured: 6334K(699072K)->6334K(699072K)
[776.122s][info][gc,metaspace   ] GC(1646) Metaspace: 16658K(16960K)->16658K(16960K) NonClass: 14328K(14464K)->14328K(14464K) Class: 2330K(2496K)->2330K(2496K)
[776.122s][info][gc             ] GC(1646) Pause Young (Allocation Failure) 279M->6M(989M) 0.789ms
[776.122s][info][gc,cpu         ] GC(1646) User=0.00s Sys=0.00s Real=0.00s
[776.166s][info][gc,start       ] GC(1647) Pause Young (Allocation Failure)
[776.167s][info][gc,heap        ] GC(1647) DefNew: 279827K(314560K)->223K(314560K) Eden: 279616K(279616K)->0K(279616K) From: 211K(34944K)->223K(34944K)
[776.167s][info][gc,heap        ] GC(1647) Tenured: 6334K(699072K)->6334K(699072K)
[776.167s][info][gc,metaspace   ] GC(1647) Metaspace: 16658K(16960K)->16658K(16960K) NonClass: 14328K(14464K)->14328K(14464K) Class: 2330K(2496K)->2330K(2496K)
[776.167s][info][gc             ] GC(1647) Pause Young (Allocation Failure) 279M->6M(989M) 0.866ms
[776.167s][info][gc,cpu         ] GC(1647) User=0.00s Sys=0.00s Real=0.00s
[776.211s][info][gc,start       ] GC(1648) Pause Young (Allocation Failure)
[776.212s][info][gc,heap        ] GC(1648) DefNew: 279839K(314560K)->208K(314560K) Eden: 279616K(279616K)->0K(279616K) From: 223K(34944K)->208K(34944K)
[776.212s][info][gc,heap        ] GC(1648) Tenured: 6334K(699072K)->6334K(699072K)
[776.212s][info][gc,metaspace   ] GC(1648) Metaspace: 16658K(16960K)->16658K(16960K) NonClass: 14328K(14464K)->14328K(14464K) Class: 2330K(2496K)->2330K(2496K)
[776.212s][info][gc             ] GC(1648) Pause Young (Allocation Failure) 279M->6M(989M) 0.798ms
[776.212s][info][gc,cpu         ] GC(1648) User=0.00s Sys=0.00s Real=0.00s
[776.273s][info][gc,start       ] GC(1649) Pause Young (Allocation Failure)
[776.354s][info][gc,heap        ] GC(1649) DefNew: 279824K(314560K)->34944K(314560K) Eden: 279616K(279616K)->0K(279616K) From: 208K(34944K)->34944K(34944K)
[776.354s][info][gc,heap        ] GC(1649) Tenured: 6334K(699072K)->7663K(699072K)
[776.354s][info][gc,metaspace   ] GC(1649) Metaspace: 16658K(16960K)->16658K(16960K) NonClass: 14328K(14464K)->14328K(14464K) Class: 2330K(2496K)->2330K(2496K)
[776.354s][info][gc             ] GC(1649) Pause Young (Allocation Failure) 279M->41M(989M) 81.333ms
[776.354s][info][gc,cpu         ] GC(1649) User=0.06s Sys=0.00s Real=0.08s
[776.523s][info][gc,start       ] GC(1650) Pause Young (Allocation Failure)
[777.060s][info][gc,heap        ] GC(1650) DefNew: 314560K(314560K)->34943K(314560K) Eden: 279616K(279616K)->0K(279616K) From: 34944K(34944K)->34943K(34944K)
[777.060s][info][gc,heap        ] GC(1650) Tenured: 7663K(699072K)->187089K(699072K)
[777.060s][info][gc,metaspace   ] GC(1650) Metaspace: 16658K(16960K)->16658K(16960K) NonClass: 14328K(14464K)->14328K(14464K) Class: 2330K(2496K)->2330K(2496K)
[777.060s][info][gc             ] GC(1650) Pause Young (Allocation Failure) 314M->216M(989M) 536.933ms
[777.060s][info][gc,cpu         ] GC(1650) User=0.52s Sys=0.00s Real=0.53s
[777.246s][info][gc,start       ] GC(1651) Pause Young (Allocation Failure)
[777.886s][info][gc,heap        ] GC(1651) DefNew: 314559K(314560K)->34944K(314560K) Eden: 279616K(279616K)->0K(279616K) From: 34943K(34944K)->34944K(34944K)
[777.886s][info][gc,heap        ] GC(1651) Tenured: 187089K(699072K)->369915K(699072K)
[777.886s][info][gc,metaspace   ] GC(1651) Metaspace: 16658K(16960K)->16658K(16960K) NonClass: 14328K(14464K)->14328K(14464K) Class: 2330K(2496K)->2330K(2496K)
[777.886s][info][gc             ] GC(1651) Pause Young (Allocation Failure) 489M->395M(989M) 639.492ms
[777.886s][info][gc,cpu         ] GC(1651) User=0.59s Sys=0.00s Real=0.64s
[781.211s][info][gc,start       ] GC(1652) Pause Young (Allocation Failure)
[781.605s][info][gc,heap        ] GC(1652) DefNew: 314560K(314560K)->34944K(314560K) Eden: 279616K(279616K)->0K(279616K) From: 34944K(34944K)->34944K(34944K)
[781.605s][info][gc,heap        ] GC(1652) Tenured: 369915K(699072K)->464493K(699072K)
[781.605s][info][gc,metaspace   ] GC(1652) Metaspace: 16658K(16960K)->16658K(16960K) NonClass: 14328K(14464K)->14328K(14464K) Class: 2330K(2496K)->2330K(2496K)
[781.605s][info][gc             ] GC(1652) Pause Young (Allocation Failure) 668M->487M(989M) 393.418ms
[781.605s][info][gc,cpu         ] GC(1652) User=0.39s Sys=0.00s Real=0.39s
[781.740s][info][gc,start       ] GC(1653) Pause Young (Allocation Failure)
[781.740s][info][gc             ] GC(1653) Pause Young (Allocation Failure) 760M->760M(989M) 0.133ms
[781.740s][info][gc,cpu         ] GC(1653) User=0.00s Sys=0.00s Real=0.00s
[781.741s][info][gc,start       ] GC(1654) Pause Full (Allocation Failure)
[781.741s][info][gc,phases,start] GC(1654) Phase 1: Mark live objects
[781.930s][info][gc,phases      ] GC(1654) Phase 1: Mark live objects 189.356ms
[781.930s][info][gc,phases,start] GC(1654) Phase 2: Compute new object addresses
[782.049s][info][gc,phases      ] GC(1654) Phase 2: Compute new object addresses 119.303ms
[782.049s][info][gc,phases,start] GC(1654) Phase 3: Adjust pointers
[782.152s][info][gc,phases      ] GC(1654) Phase 3: Adjust pointers 102.574ms
[782.152s][info][gc,phases,start] GC(1654) Phase 4: Move objects
[782.226s][info][gc,phases      ] GC(1654) Phase 4: Move objects 74.394ms
[782.227s][info][gc,heap        ] GC(1654) DefNew: 314560K(314560K)->0K(314560K) Eden: 279616K(279616K)->0K(279616K) From: 34944K(34944K)->0K(34944K)
[782.227s][info][gc,heap        ] GC(1654) Tenured: 464493K(699072K)->194887K(699072K)
[782.227s][info][gc,metaspace   ] GC(1654) Metaspace: 16658K(16960K)->16658K(16960K) NonClass: 14328K(14464K)->14328K(14464K) Class: 2330K(2496K)->2330K(2496K)
[782.227s][info][gc             ] GC(1654) Pause Full (Allocation Failure) 760M->190M(989M) 486.090ms
[782.227s][info][gc,cpu         ] GC(1654) User=0.45s Sys=0.00s Real=0.49s
[782.368s][info][gc,start       ] GC(1655) Pause Young (Allocation Failure)
[782.653s][info][gc,heap        ] GC(1655) DefNew: 279616K(314560K)->34944K(314560K) Eden: 279616K(279616K)->0K(279616K) From: 0K(34944K)->34944K(34944K)
[782.653s][info][gc,heap        ] GC(1655) Tenured: 194887K(699072K)->277613K(699072K)
[782.653s][info][gc,metaspace   ] GC(1655) Metaspace: 16658K(16960K)->16658K(16960K) NonClass: 14328K(14464K)->14328K(14464K) Class: 2330K(2496K)->2330K(2496K)
[782.653s][info][gc             ] GC(1655) Pause Young (Allocation Failure) 463M->305M(989M) 285.526ms
[782.653s][info][gc,cpu         ] GC(1655) User=0.27s Sys=0.00s Real=0.28s
[782.799s][info][gc,start       ] GC(1656) Pause Young (Allocation Failure)
[783.196s][info][gc,heap        ] GC(1656) DefNew: 314560K(314560K)->34943K(314560K) Eden: 279616K(279616K)->0K(279616K) From: 34944K(34944K)->34943K(34944K)
[783.196s][info][gc,heap        ] GC(1656) Tenured: 277613K(699072K)->395159K(699072K)
[783.196s][info][gc,metaspace   ] GC(1656) Metaspace: 16658K(16960K)->16658K(16960K) NonClass: 14328K(14464K)->14328K(14464K) Class: 2330K(2496K)->2330K(2496K)
[783.196s][info][gc             ] GC(1656) Pause Young (Allocation Failure) 578M->420M(989M) 397.258ms
[783.196s][info][gc,cpu         ] GC(1656) User=0.41s Sys=0.00s Real=0.40s
[783.645s][info][gc,start       ] GC(1657) Pause Young (Allocation Failure)
[783.942s][info][gc,heap        ] GC(1657) DefNew: 314559K(314560K)->34943K(314560K) Eden: 279616K(279616K)->0K(279616K) From: 34943K(34944K)->34943K(34944K)
[783.942s][info][gc,heap        ] GC(1657) Tenured: 395159K(699072K)->453250K(699072K)
[783.942s][info][gc,metaspace   ] GC(1657) Metaspace: 16658K(16960K)->16658K(16960K) NonClass: 14328K(14464K)->14328K(14464K) Class: 2330K(2496K)->2330K(2496K)
[783.942s][info][gc             ] GC(1657) Pause Young (Allocation Failure) 693M->476M(989M) 297.040ms
[783.942s][info][gc,cpu         ] GC(1657) User=0.30s Sys=0.00s Real=0.30s
[784.302s][info][gc,start       ] GC(1658) Pause Young (Allocation Failure)
[784.393s][info][gc,heap        ] GC(1658) DefNew: 314559K(314560K)->2092K(314560K) Eden: 279616K(279616K)->0K(279616K) From: 34943K(34944K)->2092K(34944K)
[784.393s][info][gc,heap        ] GC(1658) Tenured: 453250K(699072K)->468281K(699072K)
[784.393s][info][gc,metaspace   ] GC(1658) Metaspace: 16658K(16960K)->16658K(16960K) NonClass: 14328K(14464K)->14328K(14464K) Class: 2330K(2496K)->2330K(2496K)
[784.393s][info][gc             ] GC(1658) Pause Young (Allocation Failure) 749M->459M(989M) 91.025ms
[784.393s][info][gc,cpu         ] GC(1658) User=0.09s Sys=0.00s Real=0.09s
[785.178s][info][gc,start       ] GC(1659) Pause Full (System.gc())
[785.178s][info][gc,phases,start] GC(1659) Phase 1: Mark live objects
[785.185s][info][gc,phases      ] GC(1659) Phase 1: Mark live objects 7.093ms
[785.185s][info][gc,phases,start] GC(1659) Phase 2: Compute new object addresses
[785.275s][info][gc,phases      ] GC(1659) Phase 2: Compute new object addresses 90.606ms
[785.275s][info][gc,phases,start] GC(1659) Phase 3: Adjust pointers
[785.280s][info][gc,phases      ] GC(1659) Phase 3: Adjust pointers 4.069ms
[785.280s][info][gc,phases,start] GC(1659) Phase 4: Move objects
[785.280s][info][gc,phases      ] GC(1659) Phase 4: Move objects 0.009ms
[785.280s][info][gc,heap        ] GC(1659) DefNew: 180899K(314560K)->0K(314560K) Eden: 178807K(279616K)->0K(279616K) From: 2092K(34944K)->0K(34944K)
[785.280s][info][gc,heap        ] GC(1659) Tenured: 468281K(699072K)->22905K(699072K)
[785.280s][info][gc,metaspace   ] GC(1659) Metaspace: 16658K(16960K)->16658K(16960K) NonClass: 14328K(14464K)->14328K(14464K) Class: 2330K(2496K)->2330K(2496K)
[785.280s][info][gc             ] GC(1659) Pause Full (System.gc()) 633M->22M(989M) 102.128ms
[785.280s][info][gc,cpu         ] GC(1659) User=0.11s Sys=0.00s Real=0.11s
[786.547s][info][gc,start       ] GC(1660) Pause Young (Allocation Failure)
[786.548s][info][gc,heap        ] GC(1660) DefNew: 279616K(314560K)->258K(314560K) Eden: 279616K(279616K)->0K(279616K) From: 0K(34944K)->258K(34944K)
[786.548s][info][gc,heap        ] GC(1660) Tenured: 22905K(699072K)->22905K(699072K)
[786.548s][info][gc,metaspace   ] GC(1660) Metaspace: 16658K(16960K)->16658K(16960K) NonClass: 14328K(14464K)->14328K(14464K) Class: 2330K(2496K)->2330K(2496K)
[786.548s][info][gc             ] GC(1660) Pause Young (Allocation Failure) 295M->22M(989M) 1.068ms
[786.548s][info][gc,cpu         ] GC(1660) User=0.00s Sys=0.00s Real=0.00s
[786.592s][info][gc,start       ] GC(1661) Pause Young (Allocation Failure)
[786.593s][info][gc,heap        ] GC(1661) DefNew: 279874K(314560K)->247K(314560K) Eden: 279616K(279616K)->0K(279616K) From: 258K(34944K)->247K(34944K)
[786.593s][info][gc,heap        ] GC(1661) Tenured: 22905K(699072K)->22905K(699072K)
[786.593s][info][gc,metaspace   ] GC(1661) Metaspace: 16658K(16960K)->16658K(16960K) NonClass: 14328K(14464K)->14328K(14464K) Class: 2330K(2496K)->2330K(2496K)
[786.593s][info][gc             ] GC(1661) Pause Young (Allocation Failure) 295M->22M(989M) 0.797ms
[786.593s][info][gc,cpu         ] GC(1661) User=0.00s Sys=0.00s Real=0.00s
[786.636s][info][gc,start       ] GC(1662) Pause Young (Allocation Failure)
[786.637s][info][gc,heap        ] GC(1662) DefNew: 279863K(314560K)->256K(314560K) Eden: 279616K(279616K)->0K(279616K) From: 247K(34944K)->256K(34944K)
[786.637s][info][gc,heap        ] GC(1662) Tenured: 22905K(699072K)->22905K(699072K)
[786.637s][info][gc,metaspace   ] GC(1662) Metaspace: 16658K(16960K)->16658K(16960K) NonClass: 14328K(14464K)->14328K(14464K) Class: 2330K(2496K)->2330K(2496K)
[786.637s][info][gc             ] GC(1662) Pause Young (Allocation Failure) 295M->22M(989M) 0.789ms
[786.637s][info][gc,cpu         ] GC(1662) User=0.00s Sys=0.00s Real=0.00s
[786.680s][info][gc,start       ] GC(1663) Pause Young (Allocation Failure)
[786.681s][info][gc,heap        ] GC(1663) DefNew: 279872K(314560K)->242K(314560K) Eden: 279616K(279616K)->0K(279616K) From: 256K(34944K)->242K(34944K)
[786.681s][info][gc,heap        ] GC(1663) Tenured: 22905K(699072K)->22905K(699072K)
[786.681s][info][gc,metaspace   ] GC(1663) Metaspace: 16658K(16960K)->16658K(16960K) NonClass: 14328K(14464K)->14328K(14464K) Class: 2330K(2496K)->2330K(2496K)
[786.681s][info][gc             ] GC(1663) Pause Young (Allocation Failure) 295M->22M(989M) 0.855ms
[786.681s][info][gc,cpu         ] GC(1663) User=0.00s Sys=0.00s Real=0.00s
[786.725s][info][gc,start       ] GC(1664) Pause Young (Allocation Failure)
[786.726s][info][gc,heap        ] GC(1664) DefNew: 279858K(314560K)->249K(314560K) Eden: 279616K(279616K)->0K(279616K) From: 242K(34944K)->249K(34944K)
[786.726s][info][gc,heap        ] GC(1664) Tenured: 22905K(699072K)->22905K(699072K)
[786.726s][info][gc,metaspace   ] GC(1664) Metaspace: 16658K(16960K)->16658K(16960K) NonClass: 14328K(14464K)->14328K(14464K) Class: 2330K(2496K)->2330K(2496K)
[786.726s][info][gc             ] GC(1664) Pause Young (Allocation Failure) 295M->22M(989M) 0.827ms
[786.726s][info][gc,cpu         ] GC(1664) User=0.00s Sys=0.00s Real=0.02s
[786.769s][info][gc,start       ] GC(1665) Pause Young (Allocation Failure)
[786.770s][info][gc,heap        ] GC(1665) DefNew: 279865K(314560K)->251K(314560K) Eden: 279616K(279616K)->0K(279616K) From: 249K(34944K)->251K(34944K)
[786.770s][info][gc,heap        ] GC(1665) Tenured: 22905K(699072K)->22905K(699072K)
[786.770s][info][gc,metaspace   ] GC(1665) Metaspace: 16658K(16960K)->16658K(16960K) NonClass: 14328K(14464K)->14328K(14464K) Class: 2330K(2496K)->2330K(2496K)
[786.770s][info][gc             ] GC(1665) Pause Young (Allocation Failure) 295M->22M(989M) 0.830ms
[786.770s][info][gc,cpu         ] GC(1665) User=0.00s Sys=0.00s Real=0.00s
[786.812s][info][gc,start       ] GC(1666) Pause Young (Allocation Failure)
[786.813s][info][gc,heap        ] GC(1666) DefNew: 279867K(314560K)->275K(314560K) Eden: 279616K(279616K)->0K(279616K) From: 251K(34944K)->275K(34944K)
[786.813s][info][gc,heap        ] GC(1666) Tenured: 22905K(699072K)->22905K(699072K)
[786.813s][info][gc,metaspace   ] GC(1666) Metaspace: 16658K(16960K)->16658K(16960K) NonClass: 14328K(14464K)->14328K(14464K) Class: 2330K(2496K)->2330K(2496K)
[786.813s][info][gc             ] GC(1666) Pause Young (Allocation Failure) 295M->22M(989M) 0.856ms
[786.813s][info][gc,cpu         ] GC(1666) User=0.00s Sys=0.00s Real=0.00s
[786.856s][info][gc,start       ] GC(1667) Pause Young (Allocation Failure)
[786.856s][info][gc,heap        ] GC(1667) DefNew: 279891K(314560K)->253K(314560K) Eden: 279616K(279616K)->0K(279616K) From: 275K(34944K)->253K(34944K)
[786.856s][info][gc,heap        ] GC(1667) Tenured: 22905K(699072K)->22905K(699072K)
[786.856s][info][gc,metaspace   ] GC(1667) Metaspace: 16658K(16960K)->16658K(16960K) NonClass: 14328K(14464K)->14328K(14464K) Class: 2330K(2496K)->2330K(2496K)
[786.857s][info][gc             ] GC(1667) Pause Young (Allocation Failure) 295M->22M(989M) 0.795ms
[786.857s][info][gc,cpu         ] GC(1667) User=0.00s Sys=0.00s Real=0.00s
[786.900s][info][gc,start       ] GC(1668) Pause Young (Allocation Failure)
[786.900s][info][gc,heap        ] GC(1668) DefNew: 279869K(314560K)->250K(314560K) Eden: 279616K(279616K)->0K(279616K) From: 253K(34944K)->250K(34944K)
[786.900s][info][gc,heap        ] GC(1668) Tenured: 22905K(699072K)->22905K(699072K)
[786.900s][info][gc,metaspace   ] GC(1668) Metaspace: 16658K(16960K)->16658K(16960K) NonClass: 14328K(14464K)->14328K(14464K) Class: 2330K(2496K)->2330K(2496K)
[786.900s][info][gc             ] GC(1668) Pause Young (Allocation Failure) 295M->22M(989M) 0.857ms
[786.900s][info][gc,cpu         ] GC(1668) User=0.00s Sys=0.00s Real=0.00s
[786.946s][info][gc,start       ] GC(1669) Pause Young (Allocation Failure)
[786.946s][info][gc,heap        ] GC(1669) DefNew: 279866K(314560K)->203K(314560K) Eden: 279616K(279616K)->0K(279616K) From: 250K(34944K)->203K(34944K)
[786.946s][info][gc,heap        ] GC(1669) Tenured: 22905K(699072K)->22905K(699072K)
[786.946s][info][gc,metaspace   ] GC(1669) Metaspace: 16658K(16960K)->16658K(16960K) NonClass: 14328K(14464K)->14328K(14464K) Class: 2330K(2496K)->2330K(2496K)
[786.946s][info][gc             ] GC(1669) Pause Young (Allocation Failure) 295M->22M(989M) 0.785ms
[786.946s][info][gc,cpu         ] GC(1669) User=0.00s Sys=0.00s Real=0.00s
[787.007s][info][gc,start       ] GC(1670) Pause Young (Allocation Failure)
[787.091s][info][gc,heap        ] GC(1670) DefNew: 279819K(314560K)->34944K(314560K) Eden: 279616K(279616K)->0K(279616K) From: 203K(34944K)->34944K(34944K)
[787.091s][info][gc,heap        ] GC(1670) Tenured: 22905K(699072K)->25704K(699072K)
[787.091s][info][gc,metaspace   ] GC(1670) Metaspace: 16658K(16960K)->16658K(16960K) NonClass: 14328K(14464K)->14328K(14464K) Class: 2330K(2496K)->2330K(2496K)
[787.091s][info][gc             ] GC(1670) Pause Young (Allocation Failure) 295M->59M(989M) 84.891ms
[787.091s][info][gc,cpu         ] GC(1670) User=0.08s Sys=0.00s Real=0.08s
[787.252s][info][gc,start       ] GC(1671) Pause Young (Allocation Failure)
[787.793s][info][gc,heap        ] GC(1671) DefNew: 314560K(314560K)->34944K(314560K) Eden: 279616K(279616K)->0K(279616K) From: 34944K(34944K)->34944K(34944K)
[787.793s][info][gc,heap        ] GC(1671) Tenured: 25704K(699072K)->204538K(699072K)
[787.793s][info][gc,metaspace   ] GC(1671) Metaspace: 16658K(16960K)->16658K(16960K) NonClass: 14328K(14464K)->14328K(14464K) Class: 2330K(2496K)->2330K(2496K)
[787.793s][info][gc             ] GC(1671) Pause Young (Allocation Failure) 332M->233M(989M) 541.330ms
[787.793s][info][gc,cpu         ] GC(1671) User=0.52s Sys=0.00s Real=0.53s
[787.978s][info][gc,start       ] GC(1672) Pause Young (Allocation Failure)
[788.613s][info][gc,heap        ] GC(1672) DefNew: 314560K(314560K)->34944K(314560K) Eden: 279616K(279616K)->0K(279616K) From: 34944K(34944K)->34944K(34944K)
[788.613s][info][gc,heap        ] GC(1672) Tenured: 204538K(699072K)->387048K(699072K)
[788.613s][info][gc,metaspace   ] GC(1672) Metaspace: 16658K(16960K)->16658K(16960K) NonClass: 14328K(14464K)->14328K(14464K) Class: 2330K(2496K)->2330K(2496K)
[788.613s][info][gc             ] GC(1672) Pause Young (Allocation Failure) 506M->412M(989M) 635.354ms
[788.613s][info][gc,cpu         ] GC(1672) User=0.62s Sys=0.00s Real=0.63s
[791.185s][info][gc,start       ] GC(1673) Pause Young (Allocation Failure)
[791.583s][info][gc,heap        ] GC(1673) DefNew: 314560K(314560K)->34944K(314560K) Eden: 279616K(279616K)->0K(279616K) From: 34944K(34944K)->34944K(34944K)
[791.583s][info][gc,heap        ] GC(1673) Tenured: 387048K(699072K)->482430K(699072K)
[791.583s][info][gc,metaspace   ] GC(1673) Metaspace: 16658K(16960K)->16658K(16960K) NonClass: 14328K(14464K)->14328K(14464K) Class: 2330K(2496K)->2330K(2496K)
[791.583s][info][gc             ] GC(1673) Pause Young (Allocation Failure) 685M->505M(989M) 397.444ms
[791.583s][info][gc,cpu         ] GC(1673) User=0.39s Sys=0.00s Real=0.39s
[791.719s][info][gc,start       ] GC(1674) Pause Young (Allocation Failure)
[791.719s][info][gc             ] GC(1674) Pause Young (Allocation Failure) 778M->778M(989M) 0.133ms
[791.719s][info][gc,cpu         ] GC(1674) User=0.00s Sys=0.00s Real=0.00s
[791.719s][info][gc,start       ] GC(1675) Pause Full (Allocation Failure)
[791.719s][info][gc,phases,start] GC(1675) Phase 1: Mark live objects
[791.910s][info][gc,phases      ] GC(1675) Phase 1: Mark live objects 190.746ms
[791.910s][info][gc,phases,start] GC(1675) Phase 2: Compute new object addresses
[792.030s][info][gc,phases      ] GC(1675) Phase 2: Compute new object addresses 120.343ms
[792.031s][info][gc,phases,start] GC(1675) Phase 3: Adjust pointers
[792.133s][info][gc,phases      ] GC(1675) Phase 3: Adjust pointers 102.818ms
[792.133s][info][gc,phases,start] GC(1675) Phase 4: Move objects
[792.208s][info][gc,phases      ] GC(1675) Phase 4: Move objects 74.732ms
[792.208s][info][gc,heap        ] GC(1675) DefNew: 314560K(314560K)->0K(314560K) Eden: 279616K(279616K)->0K(279616K) From: 34944K(34944K)->0K(34944K)
[792.208s][info][gc,heap        ] GC(1675) Tenured: 482430K(699072K)->179556K(699072K)
[792.208s][info][gc,metaspace   ] GC(1675) Metaspace: 16658K(16960K)->16658K(16960K) NonClass: 14328K(14464K)->14328K(14464K) Class: 2330K(2496K)->2330K(2496K)
[792.208s][info][gc             ] GC(1675) Pause Full (Allocation Failure) 778M->175M(989M) 489.107ms
[792.208s][info][gc,cpu         ] GC(1675) User=0.45s Sys=0.00s Real=0.49s
[792.349s][info][gc,start       ] GC(1676) Pause Young (Allocation Failure)
[792.636s][info][gc,heap        ] GC(1676) DefNew: 279616K(314560K)->34944K(314560K) Eden: 279616K(279616K)->0K(279616K) From: 0K(34944K)->34944K(34944K)
[792.636s][info][gc,heap        ] GC(1676) Tenured: 179556K(699072K)->262282K(699072K)
[792.636s][info][gc,metaspace   ] GC(1676) Metaspace: 16658K(16960K)->16658K(16960K) NonClass: 14328K(14464K)->14328K(14464K) Class: 2330K(2496K)->2330K(2496K)
[792.636s][info][gc             ] GC(1676) Pause Young (Allocation Failure) 448M->290M(989M) 286.753ms
[792.636s][info][gc,cpu         ] GC(1676) User=0.28s Sys=0.00s Real=0.28s
[792.781s][info][gc,start       ] GC(1677) Pause Young (Allocation Failure)
[793.174s][info][gc,heap        ] GC(1677) DefNew: 314560K(314560K)->34944K(314560K) Eden: 279616K(279616K)->0K(279616K) From: 34944K(34944K)->34944K(34944K)
[793.174s][info][gc,heap        ] GC(1677) Tenured: 262282K(699072K)->379702K(699072K)
[793.174s][info][gc,metaspace   ] GC(1677) Metaspace: 16658K(16960K)->16658K(16960K) NonClass: 14328K(14464K)->14328K(14464K) Class: 2330K(2496K)->2330K(2496K)
[793.174s][info][gc             ] GC(1677) Pause Young (Allocation Failure) 563M->404M(989M) 393.111ms
[793.174s][info][gc,cpu         ] GC(1677) User=0.36s Sys=0.00s Real=0.39s
[793.629s][info][gc,start       ] GC(1678) Pause Young (Allocation Failure)
[793.920s][info][gc,heap        ] GC(1678) DefNew: 314560K(314560K)->34944K(314560K) Eden: 279616K(279616K)->0K(279616K) From: 34944K(34944K)->34944K(34944K)
[793.920s][info][gc,heap        ] GC(1678) Tenured: 379702K(699072K)->436327K(699072K)
[793.920s][info][gc,metaspace   ] GC(1678) Metaspace: 16658K(16960K)->16658K(16960K) NonClass: 14328K(14464K)->14328K(14464K) Class: 2330K(2496K)->2330K(2496K)
[793.920s][info][gc             ] GC(1678) Pause Young (Allocation Failure) 677M->460M(989M) 291.531ms
[793.920s][info][gc,cpu         ] GC(1678) User=0.30s Sys=0.00s Real=0.30s
[794.284s][info][gc,start       ] GC(1679) Pause Young (Allocation Failure)
[794.369s][info][gc,heap        ] GC(1679) DefNew: 314560K(314560K)->2005K(314560K) Eden: 279616K(279616K)->0K(279616K) From: 34944K(34944K)->2005K(34944K)
[794.369s][info][gc,heap        ] GC(1679) Tenured: 436327K(699072K)->450497K(699072K)
[794.369s][info][gc,metaspace   ] GC(1679) Metaspace: 16658K(16960K)->16658K(16960K) NonClass: 14328K(14464K)->14328K(14464K) Class: 2330K(2496K)->2330K(2496K)
[794.369s][info][gc             ] GC(1679) Pause Young (Allocation Failure) 733M->441M(989M) 84.664ms
[794.369s][info][gc,cpu         ] GC(1679) User=0.08s Sys=0.00s Real=0.08s
[795.124s][info][gc,start       ] GC(1680) Pause Full (System.gc())
[795.124s][info][gc,phases,start] GC(1680) Phase 1: Mark live objects
[795.131s][info][gc,phases      ] GC(1680) Phase 1: Mark live objects 7.160ms
[795.131s][info][gc,phases,start] GC(1680) Phase 2: Compute new object addresses
[795.221s][info][gc,phases      ] GC(1680) Phase 2: Compute new object addresses 89.626ms
[795.221s][info][gc,phases,start] GC(1680) Phase 3: Adjust pointers
[795.225s][info][gc,phases      ] GC(1680) Phase 3: Adjust pointers 4.075ms
[795.225s][info][gc,phases,start] GC(1680) Phase 4: Move objects
[795.225s][info][gc,phases      ] GC(1680) Phase 4: Move objects 0.009ms
[795.225s][info][gc,heap        ] GC(1680) DefNew: 171650K(314560K)->0K(314560K) Eden: 169644K(279616K)->0K(279616K) From: 2005K(34944K)->0K(34944K)
[795.225s][info][gc,heap        ] GC(1680) Tenured: 450497K(699072K)->6334K(699072K)
[795.225s][info][gc,metaspace   ] GC(1680) Metaspace: 16658K(16960K)->16658K(16960K) NonClass: 14328K(14464K)->14328K(14464K) Class: 2330K(2496K)->2330K(2496K)
[795.225s][info][gc             ] GC(1680) Pause Full (System.gc()) 607M->6M(989M) 101.244ms
[795.225s][info][gc,cpu         ] GC(1680) User=0.09s Sys=0.00s Real=0.09s
[796.496s][info][gc,start       ] GC(1681) Pause Young (Allocation Failure)
[796.497s][info][gc,heap        ] GC(1681) DefNew: 279616K(314560K)->237K(314560K) Eden: 279616K(279616K)->0K(279616K) From: 0K(34944K)->237K(34944K)
[796.497s][info][gc,heap        ] GC(1681) Tenured: 6334K(699072K)->6334K(699072K)
[796.497s][info][gc,metaspace   ] GC(1681) Metaspace: 16658K(16960K)->16658K(16960K) NonClass: 14328K(14464K)->14328K(14464K) Class: 2330K(2496K)->2330K(2496K)
[796.497s][info][gc             ] GC(1681) Pause Young (Allocation Failure) 279M->6M(989M) 1.019ms
[796.497s][info][gc,cpu         ] GC(1681) User=0.00s Sys=0.00s Real=0.00s
[796.540s][info][gc,start       ] GC(1682) Pause Young (Allocation Failure)
[796.541s][info][gc,heap        ] GC(1682) DefNew: 279853K(314560K)->252K(314560K) Eden: 279616K(279616K)->0K(279616K) From: 237K(34944K)->252K(34944K)
[796.541s][info][gc,heap        ] GC(1682) Tenured: 6334K(699072K)->6334K(699072K)
[796.541s][info][gc,metaspace   ] GC(1682) Metaspace: 16658K(16960K)->16658K(16960K) NonClass: 14328K(14464K)->14328K(14464K) Class: 2330K(2496K)->2330K(2496K)
[796.541s][info][gc             ] GC(1682) Pause Young (Allocation Failure) 279M->6M(989M) 0.869ms
[796.541s][info][gc,cpu         ] GC(1682) User=0.00s Sys=0.00s Real=0.02s
[796.586s][info][gc,start       ] GC(1683) Pause Young (Allocation Failure)
[796.587s][info][gc,heap        ] GC(1683) DefNew: 279868K(314560K)->257K(314560K) Eden: 279616K(279616K)->0K(279616K) From: 252K(34944K)->257K(34944K)
[796.587s][info][gc,heap        ] GC(1683) Tenured: 6334K(699072K)->6334K(699072K)
[796.587s][info][gc,metaspace   ] GC(1683) Metaspace: 16658K(16960K)->16658K(16960K) NonClass: 14328K(14464K)->14328K(14464K) Class: 2330K(2496K)->2330K(2496K)
[796.587s][info][gc             ] GC(1683) Pause Young (Allocation Failure) 279M->6M(989M) 0.873ms
[796.587s][info][gc,cpu         ] GC(1683) User=0.00s Sys=0.00s Real=0.00s
[796.633s][info][gc,start       ] GC(1684) Pause Young (Allocation Failure)
[796.634s][info][gc,heap        ] GC(1684) DefNew: 279873K(314560K)->239K(314560K) Eden: 279616K(279616K)->0K(279616K) From: 257K(34944K)->239K(34944K)
[796.634s][info][gc,heap        ] GC(1684) Tenured: 6334K(699072K)->6334K(699072K)
[796.634s][info][gc,metaspace   ] GC(1684) Metaspace: 16658K(16960K)->16658K(16960K) NonClass: 14328K(14464K)->14328K(14464K) Class: 2330K(2496K)->2330K(2496K)
[796.634s][info][gc             ] GC(1684) Pause Young (Allocation Failure) 279M->6M(989M) 0.820ms
[796.634s][info][gc,cpu         ] GC(1684) User=0.00s Sys=0.00s Real=0.00s
[796.681s][info][gc,start       ] GC(1685) Pause Young (Allocation Failure)
[796.682s][info][gc,heap        ] GC(1685) DefNew: 279855K(314560K)->244K(314560K) Eden: 279616K(279616K)->0K(279616K) From: 239K(34944K)->244K(34944K)
[796.682s][info][gc,heap        ] GC(1685) Tenured: 6334K(699072K)->6334K(699072K)
[796.682s][info][gc,metaspace   ] GC(1685) Metaspace: 16658K(16960K)->16658K(16960K) NonClass: 14328K(14464K)->14328K(14464K) Class: 2330K(2496K)->2330K(2496K)
[796.682s][info][gc             ] GC(1685) Pause Young (Allocation Failure) 279M->6M(989M) 1.179ms
[796.682s][info][gc,cpu         ] GC(1685) User=0.00s Sys=0.00s Real=0.00s
[796.726s][info][gc,start       ] GC(1686) Pause Young (Allocation Failure)
[796.727s][info][gc,heap        ] GC(1686) DefNew: 279860K(314560K)->234K(314560K) Eden: 279616K(279616K)->0K(279616K) From: 244K(34944K)->234K(34944K)
[796.727s][info][gc,heap        ] GC(1686) Tenured: 6334K(699072K)->6334K(699072K)
[796.727s][info][gc,metaspace   ] GC(1686) Metaspace: 16658K(16960K)->16658K(16960K) NonClass: 14328K(14464K)->14328K(14464K) Class: 2330K(2496K)->2330K(2496K)
[796.727s][info][gc             ] GC(1686) Pause Young (Allocation Failure) 279M->6M(989M) 0.975ms
[796.727s][info][gc,cpu         ] GC(1686) User=0.00s Sys=0.00s Real=0.00s
[796.774s][info][gc,start       ] GC(1687) Pause Young (Allocation Failure)
[796.775s][info][gc,heap        ] GC(1687) DefNew: 279850K(314560K)->268K(314560K) Eden: 279616K(279616K)->0K(279616K) From: 234K(34944K)->268K(34944K)
[796.775s][info][gc,heap        ] GC(1687) Tenured: 6334K(699072K)->6334K(699072K)
[796.775s][info][gc,metaspace   ] GC(1687) Metaspace: 16658K(16960K)->16658K(16960K) NonClass: 14328K(14464K)->14328K(14464K) Class: 2330K(2496K)->2330K(2496K)
[796.775s][info][gc             ] GC(1687) Pause Young (Allocation Failure) 279M->6M(989M) 1.245ms
[796.775s][info][gc,cpu         ] GC(1687) User=0.00s Sys=0.00s Real=0.00s
[796.819s][info][gc,start       ] GC(1688) Pause Young (Allocation Failure)
[796.820s][info][gc,heap        ] GC(1688) DefNew: 279884K(314560K)->241K(314560K) Eden: 279616K(279616K)->0K(279616K) From: 268K(34944K)->241K(34944K)
[796.820s][info][gc,heap        ] GC(1688) Tenured: 6334K(699072K)->6334K(699072K)
[796.820s][info][gc,metaspace   ] GC(1688) Metaspace: 16658K(16960K)->16658K(16960K) NonClass: 14328K(14464K)->14328K(14464K) Class: 2330K(2496K)->2330K(2496K)
[796.820s][info][gc             ] GC(1688) Pause Young (Allocation Failure) 279M->6M(989M) 0.986ms
[796.820s][info][gc,cpu         ] GC(1688) User=0.00s Sys=0.00s Real=0.00s
[796.865s][info][gc,start       ] GC(1689) Pause Young (Allocation Failure)
[796.866s][info][gc,heap        ] GC(1689) DefNew: 279857K(314560K)->221K(314560K) Eden: 279616K(279616K)->0K(279616K) From: 241K(34944K)->221K(34944K)
[796.866s][info][gc,heap        ] GC(1689) Tenured: 6334K(699072K)->6334K(699072K)
[796.866s][info][gc,metaspace   ] GC(1689) Metaspace: 16658K(16960K)->16658K(16960K) NonClass: 14328K(14464K)->14328K(14464K) Class: 2330K(2496K)->2330K(2496K)
[796.866s][info][gc             ] GC(1689) Pause Young (Allocation Failure) 279M->6M(989M) 1.117ms
[796.866s][info][gc,cpu         ] GC(1689) User=0.00s Sys=0.00s Real=0.00s
[796.919s][info][gc,start       ] GC(1690) Pause Young (Allocation Failure)
[796.920s][info][gc,heap        ] GC(1690) DefNew: 279837K(314560K)->246K(314560K) Eden: 279616K(279616K)->0K(279616K) From: 221K(34944K)->246K(34944K)
[796.920s][info][gc,heap        ] GC(1690) Tenured: 6334K(699072K)->6334K(699072K)
[796.920s][info][gc,metaspace   ] GC(1690) Metaspace: 16658K(16960K)->16658K(16960K) NonClass: 14328K(14464K)->14328K(14464K) Class: 2330K(2496K)->2330K(2496K)
[796.920s][info][gc             ] GC(1690) Pause Young (Allocation Failure) 279M->6M(989M) 0.861ms
[796.920s][info][gc,cpu         ] GC(1690) User=0.00s Sys=0.00s Real=0.00s
[796.986s][info][gc,start       ] GC(1691) Pause Young (Allocation Failure)
[797.072s][info][gc,heap        ] GC(1691) DefNew: 279862K(314560K)->34944K(314560K) Eden: 279616K(279616K)->0K(279616K) From: 246K(34944K)->34944K(34944K)
[797.072s][info][gc,heap        ] GC(1691) Tenured: 6334K(699072K)->8066K(699072K)
[797.072s][info][gc,metaspace   ] GC(1691) Metaspace: 16658K(16960K)->16658K(16960K) NonClass: 14328K(14464K)->14328K(14464K) Class: 2330K(2496K)->2330K(2496K)
[797.072s][info][gc             ] GC(1691) Pause Young (Allocation Failure) 279M->42M(989M) 85.958ms
[797.072s][info][gc,cpu         ] GC(1691) User=0.08s Sys=0.00s Real=0.08s
[797.228s][info][gc,start       ] GC(1692) Pause Young (Allocation Failure)
[797.764s][info][gc,heap        ] GC(1692) DefNew: 314560K(314560K)->34944K(314560K) Eden: 279616K(279616K)->0K(279616K) From: 34944K(34944K)->34944K(34944K)
[797.764s][info][gc,heap        ] GC(1692) Tenured: 8066K(699072K)->185630K(699072K)
[797.764s][info][gc,metaspace   ] GC(1692) Metaspace: 16658K(16960K)->16658K(16960K) NonClass: 14328K(14464K)->14328K(14464K) Class: 2330K(2496K)->2330K(2496K)
[797.764s][info][gc             ] GC(1692) Pause Young (Allocation Failure) 315M->215M(989M) 536.101ms
[797.764s][info][gc,cpu         ] GC(1692) User=0.48s Sys=0.00s Real=0.53s
[797.948s][info][gc,start       ] GC(1693) Pause Young (Allocation Failure)
[798.590s][info][gc,heap        ] GC(1693) DefNew: 314560K(314560K)->34944K(314560K) Eden: 279616K(279616K)->0K(279616K) From: 34944K(34944K)->34944K(34944K)
[798.590s][info][gc,heap        ] GC(1693) Tenured: 185630K(699072K)->368313K(699072K)
[798.590s][info][gc,metaspace   ] GC(1693) Metaspace: 16658K(16960K)->16658K(16960K) NonClass: 14328K(14464K)->14328K(14464K) Class: 2330K(2496K)->2330K(2496K)
[798.590s][info][gc             ] GC(1693) Pause Young (Allocation Failure) 488M->393M(989M) 641.381ms
[798.590s][info][gc,cpu         ] GC(1693) User=0.64s Sys=0.00s Real=0.64s
[801.671s][info][gc,start       ] GC(1694) Pause Young (Allocation Failure)
[802.066s][info][gc,heap        ] GC(1694) DefNew: 314560K(314560K)->34943K(314560K) Eden: 279616K(279616K)->0K(279616K) From: 34944K(34944K)->34943K(34944K)
[802.066s][info][gc,heap        ] GC(1694) Tenured: 368313K(699072K)->464320K(699072K)
[802.066s][info][gc,metaspace   ] GC(1694) Metaspace: 16658K(16960K)->16658K(16960K) NonClass: 14328K(14464K)->14328K(14464K) Class: 2330K(2496K)->2330K(2496K)
[802.066s][info][gc             ] GC(1694) Pause Young (Allocation Failure) 666M->487M(989M) 395.068ms
[802.066s][info][gc,cpu         ] GC(1694) User=0.41s Sys=0.00s Real=0.41s
[802.202s][info][gc,start       ] GC(1695) Pause Young (Allocation Failure)
[802.202s][info][gc             ] GC(1695) Pause Young (Allocation Failure) 760M->760M(989M) 0.117ms
[802.202s][info][gc,cpu         ] GC(1695) User=0.00s Sys=0.00s Real=0.00s
[802.202s][info][gc,start       ] GC(1696) Pause Full (Allocation Failure)
[802.202s][info][gc,phases,start] GC(1696) Phase 1: Mark live objects
[802.391s][info][gc,phases      ] GC(1696) Phase 1: Mark live objects 188.663ms
[802.391s][info][gc,phases,start] GC(1696) Phase 2: Compute new object addresses
[802.510s][info][gc,phases      ] GC(1696) Phase 2: Compute new object addresses 119.175ms
[802.510s][info][gc,phases,start] GC(1696) Phase 3: Adjust pointers
[802.613s][info][gc,phases      ] GC(1696) Phase 3: Adjust pointers 102.694ms
[802.613s][info][gc,phases,start] GC(1696) Phase 4: Move objects
[802.687s][info][gc,phases      ] GC(1696) Phase 4: Move objects 73.703ms
[802.687s][info][gc,heap        ] GC(1696) DefNew: 314559K(314560K)->0K(314560K) Eden: 279616K(279616K)->0K(279616K) From: 34943K(34944K)->0K(34944K)
[802.687s][info][gc,heap        ] GC(1696) Tenured: 464320K(699072K)->195352K(699072K)
[802.687s][info][gc,metaspace   ] GC(1696) Metaspace: 16658K(16960K)->16658K(16960K) NonClass: 14328K(14464K)->14328K(14464K) Class: 2330K(2496K)->2330K(2496K)
[802.687s][info][gc             ] GC(1696) Pause Full (Allocation Failure) 760M->190M(989M) 484.667ms
[802.687s][info][gc,cpu         ] GC(1696) User=0.47s Sys=0.00s Real=0.49s
[802.827s][info][gc,start       ] GC(1697) Pause Young (Allocation Failure)
[803.110s][info][gc,heap        ] GC(1697) DefNew: 279616K(314560K)->34943K(314560K) Eden: 279616K(279616K)->0K(279616K) From: 0K(34944K)->34943K(34944K)
[803.110s][info][gc,heap        ] GC(1697) Tenured: 195352K(699072K)->278079K(699072K)
[803.110s][info][gc,metaspace   ] GC(1697) Metaspace: 16658K(16960K)->16658K(16960K) NonClass: 14328K(14464K)->14328K(14464K) Class: 2330K(2496K)->2330K(2496K)
[803.110s][info][gc             ] GC(1697) Pause Young (Allocation Failure) 463M->305M(989M) 282.855ms
[803.110s][info][gc,cpu         ] GC(1697) User=0.28s Sys=0.00s Real=0.28s
[803.256s][info][gc,start       ] GC(1698) Pause Young (Allocation Failure)
[803.652s][info][gc,heap        ] GC(1698) DefNew: 314559K(314560K)->34944K(314560K) Eden: 279616K(279616K)->0K(279616K) From: 34943K(34944K)->34944K(34944K)
[803.652s][info][gc,heap        ] GC(1698) Tenured: 278079K(699072K)->395563K(699072K)
[803.652s][info][gc,metaspace   ] GC(1698) Metaspace: 16658K(16960K)->16658K(16960K) NonClass: 14328K(14464K)->14328K(14464K) Class: 2330K(2496K)->2330K(2496K)
[803.652s][info][gc             ] GC(1698) Pause Young (Allocation Failure) 578M->420M(989M) 396.400ms
[803.652s][info][gc,cpu         ] GC(1698) User=0.39s Sys=0.00s Real=0.39s
[804.103s][info][gc,start       ] GC(1699) Pause Young (Allocation Failure)
[804.399s][info][gc,heap        ] GC(1699) DefNew: 314560K(314560K)->34944K(314560K) Eden: 279616K(279616K)->0K(279616K) From: 34944K(34944K)->34944K(34944K)
[804.399s][info][gc,heap        ] GC(1699) Tenured: 395563K(699072K)->453890K(699072K)
[804.399s][info][gc,metaspace   ] GC(1699) Metaspace: 16659K(16960K)->16659K(16960K) NonClass: 14328K(14464K)->14328K(14464K) Class: 2330K(2496K)->2330K(2496K)
[804.399s][info][gc             ] GC(1699) Pause Young (Allocation Failure) 693M->477M(989M) 296.771ms
[804.399s][info][gc,cpu         ] GC(1699) User=0.28s Sys=0.00s Real=0.30s
[804.761s][info][gc,start       ] GC(1700) Pause Young (Allocation Failure)
[804.851s][info][gc,heap        ] GC(1700) DefNew: 314560K(314560K)->2090K(314560K) Eden: 279616K(279616K)->0K(279616K) From: 34944K(34944K)->2090K(34944K)
[804.851s][info][gc,heap        ] GC(1700) Tenured: 453890K(699072K)->468912K(699072K)
[804.851s][info][gc,metaspace   ] GC(1700) Metaspace: 16659K(16960K)->16659K(16960K) NonClass: 14328K(14464K)->14328K(14464K) Class: 2330K(2496K)->2330K(2496K)
[804.851s][info][gc             ] GC(1700) Pause Young (Allocation Failure) 750M->459M(989M) 89.623ms
[804.851s][info][gc,cpu         ] GC(1700) User=0.08s Sys=0.00s Real=0.08s
[805.636s][info][gc,start       ] GC(1701) Pause Full (System.gc())
[805.636s][info][gc,phases,start] GC(1701) Phase 1: Mark live objects
[805.643s][info][gc,phases      ] GC(1701) Phase 1: Mark live objects 7.024ms
[805.643s][info][gc,phases,start] GC(1701) Phase 2: Compute new object addresses
[805.734s][info][gc,phases      ] GC(1701) Phase 2: Compute new object addresses 90.859ms
[805.734s][info][gc,phases,start] GC(1701) Phase 3: Adjust pointers
[805.738s][info][gc,phases      ] GC(1701) Phase 3: Adjust pointers 4.080ms
[805.738s][info][gc,phases,start] GC(1701) Phase 4: Move objects
[805.738s][info][gc,phases      ] GC(1701) Phase 4: Move objects 0.009ms
[805.738s][info][gc,heap        ] GC(1701) DefNew: 178830K(314560K)->0K(314560K) Eden: 176740K(279616K)->0K(279616K) From: 2090K(34944K)->0K(34944K)
[805.738s][info][gc,heap        ] GC(1701) Tenured: 468912K(699072K)->23371K(699072K)
[805.738s][info][gc,metaspace   ] GC(1701) Metaspace: 16659K(16960K)->16659K(16960K) NonClass: 14328K(14464K)->14328K(14464K) Class: 2330K(2496K)->2330K(2496K)
[805.738s][info][gc             ] GC(1701) Pause Full (System.gc()) 632M->22M(989M) 102.338ms
[805.739s][info][gc,cpu         ] GC(1701) User=0.11s Sys=0.00s Real=0.10s
[807.015s][info][gc,start       ] GC(1702) Pause Young (Allocation Failure)
[807.016s][info][gc,heap        ] GC(1702) DefNew: 279616K(314560K)->246K(314560K) Eden: 279616K(279616K)->0K(279616K) From: 0K(34944K)->246K(34944K)
[807.016s][info][gc,heap        ] GC(1702) Tenured: 23371K(699072K)->23371K(699072K)
[807.016s][info][gc,metaspace   ] GC(1702) Metaspace: 16659K(16960K)->16659K(16960K) NonClass: 14328K(14464K)->14328K(14464K) Class: 2330K(2496K)->2330K(2496K)
[807.016s][info][gc             ] GC(1702) Pause Young (Allocation Failure) 295M->23M(989M) 1.228ms
[807.016s][info][gc,cpu         ] GC(1702) User=0.00s Sys=0.00s Real=0.00s
[807.060s][info][gc,start       ] GC(1703) Pause Young (Allocation Failure)
[807.061s][info][gc,heap        ] GC(1703) DefNew: 279862K(314560K)->233K(314560K) Eden: 279616K(279616K)->0K(279616K) From: 246K(34944K)->233K(34944K)
[807.061s][info][gc,heap        ] GC(1703) Tenured: 23371K(699072K)->23371K(699072K)
[807.061s][info][gc,metaspace   ] GC(1703) Metaspace: 16659K(16960K)->16659K(16960K) NonClass: 14328K(14464K)->14328K(14464K) Class: 2330K(2496K)->2330K(2496K)
[807.061s][info][gc             ] GC(1703) Pause Young (Allocation Failure) 296M->23M(989M) 0.979ms
[807.061s][info][gc,cpu         ] GC(1703) User=0.00s Sys=0.00s Real=0.00s
[807.105s][info][gc,start       ] GC(1704) Pause Young (Allocation Failure)
[807.106s][info][gc,heap        ] GC(1704) DefNew: 279849K(314560K)->243K(314560K) Eden: 279616K(279616K)->0K(279616K) From: 233K(34944K)->243K(34944K)
[807.106s][info][gc,heap        ] GC(1704) Tenured: 23371K(699072K)->23371K(699072K)
[807.106s][info][gc,metaspace   ] GC(1704) Metaspace: 16659K(16960K)->16659K(16960K) NonClass: 14328K(14464K)->14328K(14464K) Class: 2330K(2496K)->2330K(2496K)
[807.106s][info][gc             ] GC(1704) Pause Young (Allocation Failure) 296M->23M(989M) 0.945ms
[807.106s][info][gc,cpu         ] GC(1704) User=0.00s Sys=0.02s Real=0.00s
[807.150s][info][gc,start       ] GC(1705) Pause Young (Allocation Failure)
[807.151s][info][gc,heap        ] GC(1705) DefNew: 279859K(314560K)->208K(314560K) Eden: 279616K(279616K)->0K(279616K) From: 243K(34944K)->208K(34944K)
[807.151s][info][gc,heap        ] GC(1705) Tenured: 23371K(699072K)->23371K(699072K)
[807.151s][info][gc,metaspace   ] GC(1705) Metaspace: 16659K(16960K)->16659K(16960K) NonClass: 14328K(14464K)->14328K(14464K) Class: 2330K(2496K)->2330K(2496K)
[807.151s][info][gc             ] GC(1705) Pause Young (Allocation Failure) 296M->23M(989M) 0.922ms
[807.151s][info][gc,cpu         ] GC(1705) User=0.00s Sys=0.00s Real=0.00s
[807.196s][info][gc,start       ] GC(1706) Pause Young (Allocation Failure)
[807.197s][info][gc,heap        ] GC(1706) DefNew: 279824K(314560K)->188K(314560K) Eden: 279616K(279616K)->0K(279616K) From: 208K(34944K)->188K(34944K)
[807.197s][info][gc,heap        ] GC(1706) Tenured: 23371K(699072K)->23371K(699072K)
[807.197s][info][gc,metaspace   ] GC(1706) Metaspace: 16659K(16960K)->16659K(16960K) NonClass: 14328K(14464K)->14328K(14464K) Class: 2330K(2496K)->2330K(2496K)
[807.197s][info][gc             ] GC(1706) Pause Young (Allocation Failure) 296M->23M(989M) 0.798ms
[807.197s][info][gc,cpu         ] GC(1706) User=0.00s Sys=0.00s Real=0.00s
[807.240s][info][gc,start       ] GC(1707) Pause Young (Allocation Failure)
[807.241s][info][gc,heap        ] GC(1707) DefNew: 279804K(314560K)->243K(314560K) Eden: 279616K(279616K)->0K(279616K) From: 188K(34944K)->243K(34944K)
[807.241s][info][gc,heap        ] GC(1707) Tenured: 23371K(699072K)->23371K(699072K)
[807.241s][info][gc,metaspace   ] GC(1707) Metaspace: 16659K(16960K)->16659K(16960K) NonClass: 14328K(14464K)->14328K(14464K) Class: 2330K(2496K)->2330K(2496K)
[807.241s][info][gc             ] GC(1707) Pause Young (Allocation Failure) 296M->23M(989M) 0.874ms
[807.241s][info][gc,cpu         ] GC(1707) User=0.00s Sys=0.00s Real=0.00s
[807.285s][info][gc,start       ] GC(1708) Pause Young (Allocation Failure)
[807.286s][info][gc,heap        ] GC(1708) DefNew: 279859K(314560K)->242K(314560K) Eden: 279616K(279616K)->0K(279616K) From: 243K(34944K)->242K(34944K)
[807.286s][info][gc,heap        ] GC(1708) Tenured: 23371K(699072K)->23371K(699072K)
[807.286s][info][gc,metaspace   ] GC(1708) Metaspace: 16659K(16960K)->16659K(16960K) NonClass: 14328K(14464K)->14328K(14464K) Class: 2330K(2496K)->2330K(2496K)
[807.286s][info][gc             ] GC(1708) Pause Young (Allocation Failure) 296M->23M(989M) 0.804ms
[807.286s][info][gc,cpu         ] GC(1708) User=0.00s Sys=0.00s Real=0.00s
[807.330s][info][gc,start       ] GC(1709) Pause Young (Allocation Failure)
[807.331s][info][gc,heap        ] GC(1709) DefNew: 279858K(314560K)->229K(314560K) Eden: 279616K(279616K)->0K(279616K) From: 242K(34944K)->229K(34944K)
[807.331s][info][gc,heap        ] GC(1709) Tenured: 23371K(699072K)->23371K(699072K)
[807.331s][info][gc,metaspace   ] GC(1709) Metaspace: 16659K(16960K)->16659K(16960K) NonClass: 14328K(14464K)->14328K(14464K) Class: 2330K(2496K)->2330K(2496K)
[807.331s][info][gc             ] GC(1709) Pause Young (Allocation Failure) 296M->23M(989M) 0.813ms
[807.331s][info][gc,cpu         ] GC(1709) User=0.00s Sys=0.00s Real=0.00s
[807.375s][info][gc,start       ] GC(1710) Pause Young (Allocation Failure)
[807.376s][info][gc,heap        ] GC(1710) DefNew: 279845K(314560K)->226K(314560K) Eden: 279616K(279616K)->0K(279616K) From: 229K(34944K)->226K(34944K)
[807.376s][info][gc,heap        ] GC(1710) Tenured: 23371K(699072K)->23371K(699072K)
[807.376s][info][gc,metaspace   ] GC(1710) Metaspace: 16659K(16960K)->16659K(16960K) NonClass: 14328K(14464K)->14328K(14464K) Class: 2330K(2496K)->2330K(2496K)
[807.376s][info][gc             ] GC(1710) Pause Young (Allocation Failure) 296M->23M(989M) 0.781ms
[807.376s][info][gc,cpu         ] GC(1710) User=0.00s Sys=0.00s Real=0.00s
[807.423s][info][gc,start       ] GC(1711) Pause Young (Allocation Failure)
[807.424s][info][gc,heap        ] GC(1711) DefNew: 279842K(314560K)->232K(314560K) Eden: 279616K(279616K)->0K(279616K) From: 226K(34944K)->232K(34944K)
[807.424s][info][gc,heap        ] GC(1711) Tenured: 23371K(699072K)->23371K(699072K)
[807.424s][info][gc,metaspace   ] GC(1711) Metaspace: 16659K(16960K)->16659K(16960K) NonClass: 14328K(14464K)->14328K(14464K) Class: 2330K(2496K)->2330K(2496K)
[807.424s][info][gc             ] GC(1711) Pause Young (Allocation Failure) 296M->23M(989M) 1.008ms
[807.424s][info][gc,cpu         ] GC(1711) User=0.00s Sys=0.00s Real=0.00s
[807.487s][info][gc,start       ] GC(1712) Pause Young (Allocation Failure)
[807.563s][info][gc,heap        ] GC(1712) DefNew: 279848K(314560K)->34157K(314560K) Eden: 279616K(279616K)->0K(279616K) From: 232K(34944K)->34157K(34944K)
[807.563s][info][gc,heap        ] GC(1712) Tenured: 23371K(699072K)->23371K(699072K)
[807.563s][info][gc,metaspace   ] GC(1712) Metaspace: 16659K(16960K)->16659K(16960K) NonClass: 14328K(14464K)->14328K(14464K) Class: 2330K(2496K)->2330K(2496K)
[807.563s][info][gc             ] GC(1712) Pause Young (Allocation Failure) 296M->56M(989M) 76.106ms
[807.563s][info][gc,cpu         ] GC(1712) User=0.06s Sys=0.00s Real=0.08s
[807.723s][info][gc,start       ] GC(1713) Pause Young (Allocation Failure)
[808.260s][info][gc,heap        ] GC(1713) DefNew: 313773K(314560K)->34943K(314560K) Eden: 279616K(279616K)->0K(279616K) From: 34157K(34944K)->34943K(34944K)
[808.260s][info][gc,heap        ] GC(1713) Tenured: 23371K(699072K)->200944K(699072K)
[808.260s][info][gc,metaspace   ] GC(1713) Metaspace: 16659K(16960K)->16659K(16960K) NonClass: 14328K(14464K)->14328K(14464K) Class: 2330K(2496K)->2330K(2496K)
[808.260s][info][gc             ] GC(1713) Pause Young (Allocation Failure) 329M->230M(989M) 536.815ms
[808.260s][info][gc,cpu         ] GC(1713) User=0.53s Sys=0.00s Real=0.54s
[808.445s][info][gc,start       ] GC(1714) Pause Young (Allocation Failure)
[809.085s][info][gc,heap        ] GC(1714) DefNew: 314559K(314560K)->34944K(314560K) Eden: 279616K(279616K)->0K(279616K) From: 34943K(34944K)->34944K(34944K)
[809.086s][info][gc,heap        ] GC(1714) Tenured: 200944K(699072K)->383416K(699072K)
[809.086s][info][gc,metaspace   ] GC(1714) Metaspace: 16659K(16960K)->16659K(16960K) NonClass: 14328K(14464K)->14328K(14464K) Class: 2330K(2496K)->2330K(2496K)
[809.086s][info][gc             ] GC(1714) Pause Young (Allocation Failure) 503M->408M(989M) 640.371ms
[809.086s][info][gc,cpu         ] GC(1714) User=0.62s Sys=0.00s Real=0.64s
[811.987s][info][gc,start       ] GC(1715) Pause Young (Allocation Failure)
[812.383s][info][gc,heap        ] GC(1715) DefNew: 314560K(314560K)->34944K(314560K) Eden: 279616K(279616K)->0K(279616K) From: 34944K(34944K)->34944K(34944K)
[812.383s][info][gc,heap        ] GC(1715) Tenured: 383416K(699072K)->479523K(699072K)
[812.383s][info][gc,metaspace   ] GC(1715) Metaspace: 16659K(16960K)->16659K(16960K) NonClass: 14328K(14464K)->14328K(14464K) Class: 2330K(2496K)->2330K(2496K)
[812.383s][info][gc             ] GC(1715) Pause Young (Allocation Failure) 681M->502M(989M) 396.274ms
[812.383s][info][gc,cpu         ] GC(1715) User=0.41s Sys=0.00s Real=0.39s
[812.523s][info][gc,start       ] GC(1716) Pause Young (Allocation Failure)
[812.523s][info][gc             ] GC(1716) Pause Young (Allocation Failure) 775M->775M(989M) 0.146ms
[812.523s][info][gc,cpu         ] GC(1716) User=0.00s Sys=0.00s Real=0.00s
[812.523s][info][gc,start       ] GC(1717) Pause Full (Allocation Failure)
[812.523s][info][gc,phases,start] GC(1717) Phase 1: Mark live objects
[812.710s][info][gc,phases      ] GC(1717) Phase 1: Mark live objects 187.450ms
[812.711s][info][gc,phases,start] GC(1717) Phase 2: Compute new object addresses
[812.828s][info][gc,phases      ] GC(1717) Phase 2: Compute new object addresses 117.442ms
[812.828s][info][gc,phases,start] GC(1717) Phase 3: Adjust pointers
[812.930s][info][gc,phases      ] GC(1717) Phase 3: Adjust pointers 101.812ms
[812.930s][info][gc,phases,start] GC(1717) Phase 4: Move objects
[813.004s][info][gc,phases      ] GC(1717) Phase 4: Move objects 74.166ms
[813.004s][info][gc,heap        ] GC(1717) DefNew: 314560K(314560K)->0K(314560K) Eden: 279616K(279616K)->0K(279616K) From: 34944K(34944K)->0K(34944K)
[813.004s][info][gc,heap        ] GC(1717) Tenured: 479523K(699072K)->176699K(699072K)
[813.004s][info][gc,metaspace   ] GC(1717) Metaspace: 16659K(16960K)->16659K(16960K) NonClass: 14328K(14464K)->14328K(14464K) Class: 2330K(2496K)->2330K(2496K)
[813.004s][info][gc             ] GC(1717) Pause Full (Allocation Failure) 775M->172M(989M) 481.299ms
[813.004s][info][gc,cpu         ] GC(1717) User=0.47s Sys=0.00s Real=0.49s
[813.144s][info][gc,start       ] GC(1718) Pause Young (Allocation Failure)
[813.431s][info][gc,heap        ] GC(1718) DefNew: 279616K(314560K)->34944K(314560K) Eden: 279616K(279616K)->0K(279616K) From: 0K(34944K)->34944K(34944K)
[813.431s][info][gc,heap        ] GC(1718) Tenured: 176699K(699072K)->259427K(699072K)
[813.431s][info][gc,metaspace   ] GC(1718) Metaspace: 16659K(16960K)->16659K(16960K) NonClass: 14328K(14464K)->14328K(14464K) Class: 2330K(2496K)->2330K(2496K)
[813.431s][info][gc             ] GC(1718) Pause Young (Allocation Failure) 445M->287M(989M) 286.555ms
[813.431s][info][gc,cpu         ] GC(1718) User=0.28s Sys=0.00s Real=0.28s
[813.578s][info][gc,start       ] GC(1719) Pause Young (Allocation Failure)
[813.973s][info][gc,heap        ] GC(1719) DefNew: 314560K(314560K)->34943K(314560K) Eden: 279616K(279616K)->0K(279616K) From: 34944K(34944K)->34943K(34944K)
[813.973s][info][gc,heap        ] GC(1719) Tenured: 259427K(699072K)->376915K(699072K)
[813.973s][info][gc,metaspace   ] GC(1719) Metaspace: 16659K(16960K)->16659K(16960K) NonClass: 14328K(14464K)->14328K(14464K) Class: 2330K(2496K)->2330K(2496K)
[813.973s][info][gc             ] GC(1719) Pause Young (Allocation Failure) 560M->402M(989M) 394.998ms
[813.973s][info][gc,cpu         ] GC(1719) User=0.39s Sys=0.00s Real=0.41s
[814.421s][info][gc,start       ] GC(1720) Pause Young (Allocation Failure)
[814.723s][info][gc,heap        ] GC(1720) DefNew: 314559K(314560K)->34944K(314560K) Eden: 279616K(279616K)->0K(279616K) From: 34943K(34944K)->34944K(34944K)
[814.723s][info][gc,heap        ] GC(1720) Tenured: 376915K(699072K)->436924K(699072K)
[814.723s][info][gc,metaspace   ] GC(1720) Metaspace: 16659K(16960K)->16659K(16960K) NonClass: 14328K(14464K)->14328K(14464K) Class: 2330K(2496K)->2330K(2496K)
[814.723s][info][gc             ] GC(1720) Pause Young (Allocation Failure) 675M->460M(989M) 302.127ms
[814.723s][info][gc,cpu         ] GC(1720) User=0.27s Sys=0.00s Real=0.30s
[815.082s][info][gc,start       ] GC(1721) Pause Young (Allocation Failure)
[815.174s][info][gc,heap        ] GC(1721) DefNew: 314560K(314560K)->2140K(314560K) Eden: 279616K(279616K)->0K(279616K) From: 34944K(34944K)->2140K(34944K)
[815.174s][info][gc,heap        ] GC(1721) Tenured: 436924K(699072K)->452676K(699072K)
[815.174s][info][gc,metaspace   ] GC(1721) Metaspace: 16659K(16960K)->16659K(16960K) NonClass: 14328K(14464K)->14328K(14464K) Class: 2330K(2496K)->2330K(2496K)
[815.174s][info][gc             ] GC(1721) Pause Young (Allocation Failure) 733M->444M(989M) 92.169ms
[815.174s][info][gc,cpu         ] GC(1721) User=0.08s Sys=0.00s Real=0.08s
[815.948s][info][gc,start       ] GC(1722) Pause Full (System.gc())
[815.949s][info][gc,phases,start] GC(1722) Phase 1: Mark live objects
[815.956s][info][gc,phases      ] GC(1722) Phase 1: Mark live objects 7.092ms
[815.956s][info][gc,phases,start] GC(1722) Phase 2: Compute new object addresses
[816.047s][info][gc,phases      ] GC(1722) Phase 2: Compute new object addresses 91.385ms
[816.047s][info][gc,phases,start] GC(1722) Phase 3: Adjust pointers
[816.051s][info][gc,phases      ] GC(1722) Phase 3: Adjust pointers 4.107ms
[816.051s][info][gc,phases,start] GC(1722) Phase 4: Move objects
[816.051s][info][gc,phases      ] GC(1722) Phase 4: Move objects 0.009ms
[816.051s][info][gc,heap        ] GC(1722) DefNew: 180711K(314560K)->0K(314560K) Eden: 178571K(279616K)->0K(279616K) From: 2140K(34944K)->0K(34944K)
[816.051s][info][gc,heap        ] GC(1722) Tenured: 452676K(699072K)->6334K(699072K)
[816.051s][info][gc,metaspace   ] GC(1722) Metaspace: 16659K(16960K)->16659K(16960K) NonClass: 14328K(14464K)->14328K(14464K) Class: 2330K(2496K)->2330K(2496K)
[816.051s][info][gc             ] GC(1722) Pause Full (System.gc()) 618M->6M(989M) 102.924ms
[816.051s][info][gc,cpu         ] GC(1722) User=0.09s Sys=0.00s Real=0.09s
[817.326s][info][gc,start       ] GC(1723) Pause Young (Allocation Failure)
[817.327s][info][gc,heap        ] GC(1723) DefNew: 279616K(314560K)->239K(314560K) Eden: 279616K(279616K)->0K(279616K) From: 0K(34944K)->239K(34944K)
[817.327s][info][gc,heap        ] GC(1723) Tenured: 6334K(699072K)->6334K(699072K)
[817.327s][info][gc,metaspace   ] GC(1723) Metaspace: 16659K(16960K)->16659K(16960K) NonClass: 14328K(14464K)->14328K(14464K) Class: 2330K(2496K)->2330K(2496K)
[817.327s][info][gc             ] GC(1723) Pause Young (Allocation Failure) 279M->6M(989M) 1.131ms
[817.327s][info][gc,cpu         ] GC(1723) User=0.00s Sys=0.00s Real=0.00s
[817.370s][info][gc,start       ] GC(1724) Pause Young (Allocation Failure)
[817.371s][info][gc,heap        ] GC(1724) DefNew: 279855K(314560K)->277K(314560K) Eden: 279616K(279616K)->0K(279616K) From: 239K(34944K)->277K(34944K)
[817.371s][info][gc,heap        ] GC(1724) Tenured: 6334K(699072K)->6334K(699072K)
[817.371s][info][gc,metaspace   ] GC(1724) Metaspace: 16659K(16960K)->16659K(16960K) NonClass: 14328K(14464K)->14328K(14464K) Class: 2330K(2496K)->2330K(2496K)
[817.371s][info][gc             ] GC(1724) Pause Young (Allocation Failure) 279M->6M(989M) 0.840ms
[817.371s][info][gc,cpu         ] GC(1724) User=0.00s Sys=0.00s Real=0.00s
[817.415s][info][gc,start       ] GC(1725) Pause Young (Allocation Failure)
[817.416s][info][gc,heap        ] GC(1725) DefNew: 279893K(314560K)->246K(314560K) Eden: 279616K(279616K)->0K(279616K) From: 277K(34944K)->246K(34944K)
[817.416s][info][gc,heap        ] GC(1725) Tenured: 6334K(699072K)->6334K(699072K)
[817.416s][info][gc,metaspace   ] GC(1725) Metaspace: 16659K(16960K)->16659K(16960K) NonClass: 14328K(14464K)->14328K(14464K) Class: 2330K(2496K)->2330K(2496K)
[817.416s][info][gc             ] GC(1725) Pause Young (Allocation Failure) 279M->6M(989M) 0.904ms
[817.416s][info][gc,cpu         ] GC(1725) User=0.00s Sys=0.00s Real=0.00s
[817.465s][info][gc,start       ] GC(1726) Pause Young (Allocation Failure)
[817.466s][info][gc,heap        ] GC(1726) DefNew: 279862K(314560K)->270K(314560K) Eden: 279616K(279616K)->0K(279616K) From: 246K(34944K)->270K(34944K)
[817.466s][info][gc,heap        ] GC(1726) Tenured: 6334K(699072K)->6334K(699072K)
[817.466s][info][gc,metaspace   ] GC(1726) Metaspace: 16659K(16960K)->16659K(16960K) NonClass: 14328K(14464K)->14328K(14464K) Class: 2330K(2496K)->2330K(2496K)
[817.466s][info][gc             ] GC(1726) Pause Young (Allocation Failure) 279M->6M(989M) 1.040ms
[817.466s][info][gc,cpu         ] GC(1726) User=0.00s Sys=0.00s Real=0.00s
[817.511s][info][gc,start       ] GC(1727) Pause Young (Allocation Failure)
[817.512s][info][gc,heap        ] GC(1727) DefNew: 279886K(314560K)->251K(314560K) Eden: 279616K(279616K)->0K(279616K) From: 270K(34944K)->251K(34944K)
[817.512s][info][gc,heap        ] GC(1727) Tenured: 6334K(699072K)->6334K(699072K)
[817.512s][info][gc,metaspace   ] GC(1727) Metaspace: 16659K(16960K)->16659K(16960K) NonClass: 14328K(14464K)->14328K(14464K) Class: 2330K(2496K)->2330K(2496K)
[817.512s][info][gc             ] GC(1727) Pause Young (Allocation Failure) 279M->6M(989M) 0.834ms
[817.512s][info][gc,cpu         ] GC(1727) User=0.00s Sys=0.00s Real=0.00s
[817.557s][info][gc,start       ] GC(1728) Pause Young (Allocation Failure)
[817.557s][info][gc,heap        ] GC(1728) DefNew: 279867K(314560K)->226K(314560K) Eden: 279616K(279616K)->0K(279616K) From: 251K(34944K)->226K(34944K)
[817.558s][info][gc,heap        ] GC(1728) Tenured: 6334K(699072K)->6334K(699072K)
[817.558s][info][gc,metaspace   ] GC(1728) Metaspace: 16659K(16960K)->16659K(16960K) NonClass: 14328K(14464K)->14328K(14464K) Class: 2330K(2496K)->2330K(2496K)
[817.558s][info][gc             ] GC(1728) Pause Young (Allocation Failure) 279M->6M(989M) 0.835ms
[817.558s][info][gc,cpu         ] GC(1728) User=0.00s Sys=0.00s Real=0.00s
[817.602s][info][gc,start       ] GC(1729) Pause Young (Allocation Failure)
[817.603s][info][gc,heap        ] GC(1729) DefNew: 279842K(314560K)->222K(314560K) Eden: 279616K(279616K)->0K(279616K) From: 226K(34944K)->222K(34944K)
[817.603s][info][gc,heap        ] GC(1729) Tenured: 6334K(699072K)->6334K(699072K)
[817.603s][info][gc,metaspace   ] GC(1729) Metaspace: 16659K(16960K)->16659K(16960K) NonClass: 14328K(14464K)->14328K(14464K) Class: 2330K(2496K)->2330K(2496K)
[817.603s][info][gc             ] GC(1729) Pause Young (Allocation Failure) 279M->6M(989M) 0.771ms
[817.603s][info][gc,cpu         ] GC(1729) User=0.00s Sys=0.00s Real=0.00s
[817.647s][info][gc,start       ] GC(1730) Pause Young (Allocation Failure)
[817.648s][info][gc,heap        ] GC(1730) DefNew: 279838K(314560K)->223K(314560K) Eden: 279616K(279616K)->0K(279616K) From: 222K(34944K)->223K(34944K)
[817.648s][info][gc,heap        ] GC(1730) Tenured: 6334K(699072K)->6334K(699072K)
[817.648s][info][gc,metaspace   ] GC(1730) Metaspace: 16659K(16960K)->16659K(16960K) NonClass: 14328K(14464K)->14328K(14464K) Class: 2330K(2496K)->2330K(2496K)
[817.648s][info][gc             ] GC(1730) Pause Young (Allocation Failure) 279M->6M(989M) 0.908ms
[817.648s][info][gc,cpu         ] GC(1730) User=0.00s Sys=0.00s Real=0.02s
[817.693s][info][gc,start       ] GC(1731) Pause Young (Allocation Failure)
[817.694s][info][gc,heap        ] GC(1731) DefNew: 279839K(314560K)->222K(314560K) Eden: 279616K(279616K)->0K(279616K) From: 223K(34944K)->222K(34944K)
[817.694s][info][gc,heap        ] GC(1731) Tenured: 6334K(699072K)->6334K(699072K)
[817.694s][info][gc,metaspace   ] GC(1731) Metaspace: 16659K(16960K)->16659K(16960K) NonClass: 14328K(14464K)->14328K(14464K) Class: 2330K(2496K)->2330K(2496K)
[817.694s][info][gc             ] GC(1731) Pause Young (Allocation Failure) 279M->6M(989M) 0.790ms
[817.694s][info][gc,cpu         ] GC(1731) User=0.00s Sys=0.00s Real=0.00s
[817.739s][info][gc,start       ] GC(1732) Pause Young (Allocation Failure)
[817.740s][info][gc,heap        ] GC(1732) DefNew: 279838K(314560K)->221K(314560K) Eden: 279616K(279616K)->0K(279616K) From: 222K(34944K)->221K(34944K)
[817.740s][info][gc,heap        ] GC(1732) Tenured: 6334K(699072K)->6334K(699072K)
[817.740s][info][gc,metaspace   ] GC(1732) Metaspace: 16659K(16960K)->16659K(16960K) NonClass: 14328K(14464K)->14328K(14464K) Class: 2330K(2496K)->2330K(2496K)
[817.740s][info][gc             ] GC(1732) Pause Young (Allocation Failure) 279M->6M(989M) 0.827ms
[817.740s][info][gc,cpu         ] GC(1732) User=0.00s Sys=0.00s Real=0.00s
[817.799s][info][gc,start       ] GC(1733) Pause Young (Allocation Failure)
[817.873s][info][gc,heap        ] GC(1733) DefNew: 279837K(314560K)->33576K(314560K) Eden: 279616K(279616K)->0K(279616K) From: 221K(34944K)->33576K(34944K)
[817.873s][info][gc,heap        ] GC(1733) Tenured: 6334K(699072K)->6334K(699072K)
[817.873s][info][gc,metaspace   ] GC(1733) Metaspace: 16659K(16960K)->16659K(16960K) NonClass: 14328K(14464K)->14328K(14464K) Class: 2330K(2496K)->2330K(2496K)
[817.874s][info][gc             ] GC(1733) Pause Young (Allocation Failure) 279M->38M(989M) 74.022ms
[817.874s][info][gc,cpu         ] GC(1733) User=0.08s Sys=0.00s Real=0.08s
[818.033s][info][gc,start       ] GC(1734) Pause Young (Allocation Failure)
[818.570s][info][gc,heap        ] GC(1734) DefNew: 313192K(314560K)->34944K(314560K) Eden: 279616K(279616K)->0K(279616K) From: 33576K(34944K)->34944K(34944K)
[818.570s][info][gc,heap        ] GC(1734) Tenured: 6334K(699072K)->183438K(699072K)
[818.570s][info][gc,metaspace   ] GC(1734) Metaspace: 16659K(16960K)->16659K(16960K) NonClass: 14328K(14464K)->14328K(14464K) Class: 2330K(2496K)->2330K(2496K)
[818.570s][info][gc             ] GC(1734) Pause Young (Allocation Failure) 312M->213M(989M) 537.119ms
[818.570s][info][gc,cpu         ] GC(1734) User=0.50s Sys=0.00s Real=0.54s
[818.746s][info][gc,start       ] GC(1735) Pause Young (Allocation Failure)
[819.382s][info][gc,heap        ] GC(1735) DefNew: 314560K(314560K)->34944K(314560K) Eden: 279616K(279616K)->0K(279616K) From: 34944K(34944K)->34944K(34944K)
[819.382s][info][gc,heap        ] GC(1735) Tenured: 183438K(699072K)->365257K(699072K)
[819.382s][info][gc,metaspace   ] GC(1735) Metaspace: 16659K(16960K)->16659K(16960K) NonClass: 14328K(14464K)->14328K(14464K) Class: 2330K(2496K)->2330K(2496K)
[819.382s][info][gc             ] GC(1735) Pause Young (Allocation Failure) 486M->390M(989M) 636.093ms
[819.382s][info][gc,cpu         ] GC(1735) User=0.59s Sys=0.00s Real=0.63s
[823.175s][info][gc,start       ] GC(1736) Pause Young (Allocation Failure)
[823.578s][info][gc,heap        ] GC(1736) DefNew: 314560K(314560K)->34943K(314560K) Eden: 279616K(279616K)->0K(279616K) From: 34944K(34944K)->34943K(34944K)
[823.578s][info][gc,heap        ] GC(1736) Tenured: 365257K(699072K)->461837K(699072K)
[823.578s][info][gc,metaspace   ] GC(1736) Metaspace: 16659K(16960K)->16659K(16960K) NonClass: 14328K(14464K)->14328K(14464K) Class: 2330K(2496K)->2330K(2496K)
[823.578s][info][gc             ] GC(1736) Pause Young (Allocation Failure) 663M->485M(989M) 402.561ms
[823.578s][info][gc,cpu         ] GC(1736) User=0.39s Sys=0.00s Real=0.41s
[823.714s][info][gc,start       ] GC(1737) Pause Young (Allocation Failure)
[823.714s][info][gc             ] GC(1737) Pause Young (Allocation Failure) 758M->758M(989M) 0.082ms
[823.714s][info][gc,cpu         ] GC(1737) User=0.00s Sys=0.00s Real=0.00s
[823.714s][info][gc,start       ] GC(1738) Pause Full (Allocation Failure)
[823.714s][info][gc,phases,start] GC(1738) Phase 1: Mark live objects
[823.907s][info][gc,phases      ] GC(1738) Phase 1: Mark live objects 193.445ms
[823.907s][info][gc,phases,start] GC(1738) Phase 2: Compute new object addresses
[824.025s][info][gc,phases      ] GC(1738) Phase 2: Compute new object addresses 117.829ms
[824.025s][info][gc,phases,start] GC(1738) Phase 3: Adjust pointers
[824.131s][info][gc,phases      ] GC(1738) Phase 3: Adjust pointers 106.098ms
[824.131s][info][gc,phases,start] GC(1738) Phase 4: Move objects
[824.205s][info][gc,phases      ] GC(1738) Phase 4: Move objects 74.020ms
[824.205s][info][gc,heap        ] GC(1738) DefNew: 314559K(314560K)->0K(314560K) Eden: 279616K(279616K)->0K(279616K) From: 34943K(34944K)->0K(34944K)
[824.205s][info][gc,heap        ] GC(1738) Tenured: 461837K(699072K)->182346K(699072K)
[824.205s][info][gc,metaspace   ] GC(1738) Metaspace: 16659K(16960K)->16659K(16960K) NonClass: 14328K(14464K)->14328K(14464K) Class: 2330K(2496K)->2330K(2496K)
[824.205s][info][gc             ] GC(1738) Pause Full (Allocation Failure) 758M->178M(989M) 491.810ms
[824.205s][info][gc,cpu         ] GC(1738) User=0.48s Sys=0.00s Real=0.49s
[824.346s][info][gc,start       ] GC(1739) Pause Young (Allocation Failure)
[824.632s][info][gc,heap        ] GC(1739) DefNew: 279616K(314560K)->34944K(314560K) Eden: 279616K(279616K)->0K(279616K) From: 0K(34944K)->34944K(34944K)
[824.632s][info][gc,heap        ] GC(1739) Tenured: 182346K(699072K)->265075K(699072K)
[824.632s][info][gc,metaspace   ] GC(1739) Metaspace: 16659K(16960K)->16659K(16960K) NonClass: 14328K(14464K)->14328K(14464K) Class: 2330K(2496K)->2330K(2496K)
[824.632s][info][gc             ] GC(1739) Pause Young (Allocation Failure) 451M->292M(989M) 285.862ms
[824.632s][info][gc,cpu         ] GC(1739) User=0.28s Sys=0.00s Real=0.28s
[824.779s][info][gc,start       ] GC(1740) Pause Young (Allocation Failure)
[825.174s][info][gc,heap        ] GC(1740) DefNew: 314560K(314560K)->34944K(314560K) Eden: 279616K(279616K)->0K(279616K) From: 34944K(34944K)->34944K(34944K)
[825.174s][info][gc,heap        ] GC(1740) Tenured: 265075K(699072K)->382496K(699072K)
[825.174s][info][gc,metaspace   ] GC(1740) Metaspace: 16659K(16960K)->16659K(16960K) NonClass: 14328K(14464K)->14328K(14464K) Class: 2330K(2496K)->2330K(2496K)
[825.174s][info][gc             ] GC(1740) Pause Young (Allocation Failure) 566M->407M(989M) 394.676ms
[825.174s][info][gc,cpu         ] GC(1740) User=0.39s Sys=0.00s Real=0.39s
[825.631s][info][gc,start       ] GC(1741) Pause Young (Allocation Failure)
[825.928s][info][gc,heap        ] GC(1741) DefNew: 314560K(314560K)->34944K(314560K) Eden: 279616K(279616K)->0K(279616K) From: 34944K(34944K)->34944K(34944K)
[825.928s][info][gc,heap        ] GC(1741) Tenured: 382496K(699072K)->441528K(699072K)
[825.928s][info][gc,metaspace   ] GC(1741) Metaspace: 16659K(16960K)->16659K(16960K) NonClass: 14328K(14464K)->14328K(14464K) Class: 2330K(2496K)->2330K(2496K)
[825.928s][info][gc             ] GC(1741) Pause Young (Allocation Failure) 680M->465M(989M) 296.847ms
[825.928s][info][gc,cpu         ] GC(1741) User=0.27s Sys=0.00s Real=0.30s
[826.288s][info][gc,start       ] GC(1742) Pause Young (Allocation Failure)
[826.375s][info][gc,heap        ] GC(1742) DefNew: 314560K(314560K)->2071K(314560K) Eden: 279616K(279616K)->0K(279616K) From: 34944K(34944K)->2071K(34944K)
[826.375s][info][gc,heap        ] GC(1742) Tenured: 441528K(699072K)->456606K(699072K)
[826.375s][info][gc,metaspace   ] GC(1742) Metaspace: 16659K(16960K)->16659K(16960K) NonClass: 14328K(14464K)->14328K(14464K) Class: 2330K(2496K)->2330K(2496K)
[826.375s][info][gc             ] GC(1742) Pause Young (Allocation Failure) 738M->447M(989M) 87.251ms
[826.375s][info][gc,cpu         ] GC(1742) User=0.08s Sys=0.00s Real=0.09s
[827.144s][info][gc,start       ] GC(1743) Pause Full (System.gc())
[827.144s][info][gc,phases,start] GC(1743) Phase 1: Mark live objects
[827.152s][info][gc,phases      ] GC(1743) Phase 1: Mark live objects 7.282ms
[827.152s][info][gc,phases,start] GC(1743) Phase 2: Compute new object addresses
[827.242s][info][gc,phases      ] GC(1743) Phase 2: Compute new object addresses 90.672ms
[827.242s][info][gc,phases,start] GC(1743) Phase 3: Adjust pointers
[827.247s][info][gc,phases      ] GC(1743) Phase 3: Adjust pointers 4.107ms
[827.247s][info][gc,phases,start] GC(1743) Phase 4: Move objects
[827.247s][info][gc,phases      ] GC(1743) Phase 4: Move objects 0.009ms
[827.247s][info][gc,heap        ] GC(1743) DefNew: 179289K(314560K)->0K(314560K) Eden: 177218K(279616K)->0K(279616K) From: 2071K(34944K)->0K(34944K)
[827.247s][info][gc,heap        ] GC(1743) Tenured: 456606K(699072K)->11219K(699072K)
[827.247s][info][gc,metaspace   ] GC(1743) Metaspace: 16659K(16960K)->16659K(16960K) NonClass: 14328K(14464K)->14328K(14464K) Class: 2330K(2496K)->2330K(2496K)
[827.247s][info][gc             ] GC(1743) Pause Full (System.gc()) 620M->10M(989M) 102.487ms
[827.247s][info][gc,cpu         ] GC(1743) User=0.09s Sys=0.00s Real=0.09s
[828.517s][info][gc,start       ] GC(1744) Pause Young (Allocation Failure)
[828.518s][info][gc,heap        ] GC(1744) DefNew: 279616K(314560K)->247K(314560K) Eden: 279616K(279616K)->0K(279616K) From: 0K(34944K)->247K(34944K)
[828.518s][info][gc,heap        ] GC(1744) Tenured: 11219K(699072K)->11219K(699072K)
[828.518s][info][gc,metaspace   ] GC(1744) Metaspace: 16659K(16960K)->16659K(16960K) NonClass: 14328K(14464K)->14328K(14464K) Class: 2330K(2496K)->2330K(2496K)
[828.518s][info][gc             ] GC(1744) Pause Young (Allocation Failure) 284M->11M(989M) 1.104ms
[828.518s][info][gc,cpu         ] GC(1744) User=0.00s Sys=0.00s Real=0.00s
[828.561s][info][gc,start       ] GC(1745) Pause Young (Allocation Failure)
[828.561s][info][gc,heap        ] GC(1745) DefNew: 279863K(314560K)->251K(314560K) Eden: 279616K(279616K)->0K(279616K) From: 247K(34944K)->251K(34944K)
[828.561s][info][gc,heap        ] GC(1745) Tenured: 11219K(699072K)->11219K(699072K)
[828.561s][info][gc,metaspace   ] GC(1745) Metaspace: 16659K(16960K)->16659K(16960K) NonClass: 14328K(14464K)->14328K(14464K) Class: 2330K(2496K)->2330K(2496K)
[828.561s][info][gc             ] GC(1745) Pause Young (Allocation Failure) 284M->11M(989M) 0.835ms
[828.562s][info][gc,cpu         ] GC(1745) User=0.00s Sys=0.00s Real=0.00s
[828.605s][info][gc,start       ] GC(1746) Pause Young (Allocation Failure)
[828.606s][info][gc,heap        ] GC(1746) DefNew: 279867K(314560K)->223K(314560K) Eden: 279616K(279616K)->0K(279616K) From: 251K(34944K)->223K(34944K)
[828.606s][info][gc,heap        ] GC(1746) Tenured: 11219K(699072K)->11219K(699072K)
[828.606s][info][gc,metaspace   ] GC(1746) Metaspace: 16659K(16960K)->16659K(16960K) NonClass: 14328K(14464K)->14328K(14464K) Class: 2330K(2496K)->2330K(2496K)
[828.606s][info][gc             ] GC(1746) Pause Young (Allocation Failure) 284M->11M(989M) 0.841ms
[828.606s][info][gc,cpu         ] GC(1746) User=0.02s Sys=0.00s Real=0.00s
[828.650s][info][gc,start       ] GC(1747) Pause Young (Allocation Failure)
[828.651s][info][gc,heap        ] GC(1747) DefNew: 279839K(314560K)->249K(314560K) Eden: 279616K(279616K)->0K(279616K) From: 223K(34944K)->249K(34944K)
[828.651s][info][gc,heap        ] GC(1747) Tenured: 11219K(699072K)->11219K(699072K)
[828.651s][info][gc,metaspace   ] GC(1747) Metaspace: 16659K(16960K)->16659K(16960K) NonClass: 14328K(14464K)->14328K(14464K) Class: 2330K(2496K)->2330K(2496K)
[828.651s][info][gc             ] GC(1747) Pause Young (Allocation Failure) 284M->11M(989M) 0.830ms
[828.651s][info][gc,cpu         ] GC(1747) User=0.00s Sys=0.00s Real=0.00s
[828.696s][info][gc,start       ] GC(1748) Pause Young (Allocation Failure)
[828.697s][info][gc,heap        ] GC(1748) DefNew: 279865K(314560K)->241K(314560K) Eden: 279616K(279616K)->0K(279616K) From: 249K(34944K)->241K(34944K)
[828.697s][info][gc,heap        ] GC(1748) Tenured: 11219K(699072K)->11219K(699072K)
[828.697s][info][gc,metaspace   ] GC(1748) Metaspace: 16659K(16960K)->16659K(16960K) NonClass: 14328K(14464K)->14328K(14464K) Class: 2330K(2496K)->2330K(2496K)
[828.697s][info][gc             ] GC(1748) Pause Young (Allocation Failure) 284M->11M(989M) 0.870ms
[828.697s][info][gc,cpu         ] GC(1748) User=0.00s Sys=0.00s Real=0.00s
[828.741s][info][gc,start       ] GC(1749) Pause Young (Allocation Failure)
[828.742s][info][gc,heap        ] GC(1749) DefNew: 279857K(314560K)->223K(314560K) Eden: 279616K(279616K)->0K(279616K) From: 241K(34944K)->223K(34944K)
[828.742s][info][gc,heap        ] GC(1749) Tenured: 11219K(699072K)->11219K(699072K)
[828.742s][info][gc,metaspace   ] GC(1749) Metaspace: 16659K(16960K)->16659K(16960K) NonClass: 14328K(14464K)->14328K(14464K) Class: 2330K(2496K)->2330K(2496K)
[828.742s][info][gc             ] GC(1749) Pause Young (Allocation Failure) 284M->11M(989M) 0.832ms
[828.742s][info][gc,cpu         ] GC(1749) User=0.00s Sys=0.00s Real=0.00s
[828.785s][info][gc,start       ] GC(1750) Pause Young (Allocation Failure)
[828.785s][info][gc,heap        ] GC(1750) DefNew: 279839K(314560K)->247K(314560K) Eden: 279616K(279616K)->0K(279616K) From: 223K(34944K)->247K(34944K)
[828.785s][info][gc,heap        ] GC(1750) Tenured: 11219K(699072K)->11219K(699072K)
[828.785s][info][gc,metaspace   ] GC(1750) Metaspace: 16659K(16960K)->16659K(16960K) NonClass: 14328K(14464K)->14328K(14464K) Class: 2330K(2496K)->2330K(2496K)
[828.785s][info][gc             ] GC(1750) Pause Young (Allocation Failure) 284M->11M(989M) 0.883ms
[828.785s][info][gc,cpu         ] GC(1750) User=0.00s Sys=0.00s Real=0.00s
[828.829s][info][gc,start       ] GC(1751) Pause Young (Allocation Failure)
[828.830s][info][gc,heap        ] GC(1751) DefNew: 279863K(314560K)->249K(314560K) Eden: 279616K(279616K)->0K(279616K) From: 247K(34944K)->249K(34944K)
[828.830s][info][gc,heap        ] GC(1751) Tenured: 11219K(699072K)->11219K(699072K)
[828.830s][info][gc,metaspace   ] GC(1751) Metaspace: 16659K(16960K)->16659K(16960K) NonClass: 14328K(14464K)->14328K(14464K) Class: 2330K(2496K)->2330K(2496K)
[828.830s][info][gc             ] GC(1751) Pause Young (Allocation Failure) 284M->11M(989M) 0.849ms
[828.830s][info][gc,cpu         ] GC(1751) User=0.00s Sys=0.00s Real=0.00s
[828.873s][info][gc,start       ] GC(1752) Pause Young (Allocation Failure)
[828.874s][info][gc,heap        ] GC(1752) DefNew: 279865K(314560K)->243K(314560K) Eden: 279616K(279616K)->0K(279616K) From: 249K(34944K)->243K(34944K)
[828.874s][info][gc,heap        ] GC(1752) Tenured: 11219K(699072K)->11219K(699072K)
[828.874s][info][gc,metaspace   ] GC(1752) Metaspace: 16659K(16960K)->16659K(16960K) NonClass: 14328K(14464K)->14328K(14464K) Class: 2330K(2496K)->2330K(2496K)
[828.874s][info][gc             ] GC(1752) Pause Young (Allocation Failure) 284M->11M(989M) 0.865ms
[828.874s][info][gc,cpu         ] GC(1752) User=0.00s Sys=0.00s Real=0.00s
[828.919s][info][gc,start       ] GC(1753) Pause Young (Allocation Failure)
[828.920s][info][gc,heap        ] GC(1753) DefNew: 279859K(314560K)->186K(314560K) Eden: 279616K(279616K)->0K(279616K) From: 243K(34944K)->186K(34944K)
[828.920s][info][gc,heap        ] GC(1753) Tenured: 11219K(699072K)->11219K(699072K)
[828.920s][info][gc,metaspace   ] GC(1753) Metaspace: 16659K(16960K)->16659K(16960K) NonClass: 14328K(14464K)->14328K(14464K) Class: 2330K(2496K)->2330K(2496K)
[828.920s][info][gc             ] GC(1753) Pause Young (Allocation Failure) 284M->11M(989M) 0.842ms
[828.920s][info][gc,cpu         ] GC(1753) User=0.00s Sys=0.00s Real=0.00s
[828.981s][info][gc,start       ] GC(1754) Pause Young (Allocation Failure)
[829.060s][info][gc,heap        ] GC(1754) DefNew: 279802K(314560K)->34943K(314560K) Eden: 279616K(279616K)->0K(279616K) From: 186K(34944K)->34943K(34944K)
[829.060s][info][gc,heap        ] GC(1754) Tenured: 11219K(699072K)->11955K(699072K)
[829.060s][info][gc,metaspace   ] GC(1754) Metaspace: 16659K(16960K)->16659K(16960K) NonClass: 14328K(14464K)->14328K(14464K) Class: 2330K(2496K)->2330K(2496K)
[829.061s][info][gc             ] GC(1754) Pause Young (Allocation Failure) 284M->45M(989M) 79.870ms
[829.061s][info][gc,cpu         ] GC(1754) User=0.06s Sys=0.00s Real=0.07s
[829.220s][info][gc,start       ] GC(1755) Pause Young (Allocation Failure)
[829.755s][info][gc,heap        ] GC(1755) DefNew: 314559K(314560K)->34944K(314560K) Eden: 279616K(279616K)->0K(279616K) From: 34943K(34944K)->34944K(34944K)
[829.755s][info][gc,heap        ] GC(1755) Tenured: 11955K(699072K)->190724K(699072K)
[829.755s][info][gc,metaspace   ] GC(1755) Metaspace: 16659K(16960K)->16659K(16960K) NonClass: 14328K(14464K)->14328K(14464K) Class: 2330K(2496K)->2330K(2496K)
[829.755s][info][gc             ] GC(1755) Pause Young (Allocation Failure) 318M->220M(989M) 535.078ms
[829.755s][info][gc,cpu         ] GC(1755) User=0.52s Sys=0.00s Real=0.53s
[829.938s][info][gc,start       ] GC(1756) Pause Young (Allocation Failure)
[830.576s][info][gc,heap        ] GC(1756) DefNew: 314560K(314560K)->34943K(314560K) Eden: 279616K(279616K)->0K(279616K) From: 34944K(34944K)->34943K(34944K)
[830.576s][info][gc,heap        ] GC(1756) Tenured: 190724K(699072K)->372685K(699072K)
[830.576s][info][gc,metaspace   ] GC(1756) Metaspace: 16659K(16960K)->16659K(16960K) NonClass: 14328K(14464K)->14328K(14464K) Class: 2330K(2496K)->2330K(2496K)
[830.576s][info][gc             ] GC(1756) Pause Young (Allocation Failure) 493M->398M(989M) 637.750ms
[830.576s][info][gc,cpu         ] GC(1756) User=0.58s Sys=0.00s Real=0.64s
[834.121s][info][gc,start       ] GC(1757) Pause Young (Allocation Failure)
[834.528s][info][gc,heap        ] GC(1757) DefNew: 314559K(314560K)->34944K(314560K) Eden: 279616K(279616K)->0K(279616K) From: 34943K(34944K)->34944K(34944K)
[834.528s][info][gc,heap        ] GC(1757) Tenured: 372685K(699072K)->468962K(699072K)
[834.528s][info][gc,metaspace   ] GC(1757) Metaspace: 16659K(16960K)->16659K(16960K) NonClass: 14328K(14464K)->14328K(14464K) Class: 2330K(2496K)->2330K(2496K)
[834.528s][info][gc             ] GC(1757) Pause Young (Allocation Failure) 671M->492M(989M) 406.869ms
[834.528s][info][gc,cpu         ] GC(1757) User=0.39s Sys=0.00s Real=0.41s
[834.664s][info][gc,start       ] GC(1758) Pause Young (Allocation Failure)
[834.664s][info][gc             ] GC(1758) Pause Young (Allocation Failure) 765M->765M(989M) 0.118ms
[834.664s][info][gc,cpu         ] GC(1758) User=0.00s Sys=0.00s Real=0.00s
[834.664s][info][gc,start       ] GC(1759) Pause Full (Allocation Failure)
[834.664s][info][gc,phases,start] GC(1759) Phase 1: Mark live objects
[834.862s][info][gc,phases      ] GC(1759) Phase 1: Mark live objects 198.100ms
[834.862s][info][gc,phases,start] GC(1759) Phase 2: Compute new object addresses
[834.980s][info][gc,phases      ] GC(1759) Phase 2: Compute new object addresses 117.947ms
[834.980s][info][gc,phases,start] GC(1759) Phase 3: Adjust pointers
[835.089s][info][gc,phases      ] GC(1759) Phase 3: Adjust pointers 108.038ms
[835.089s][info][gc,phases,start] GC(1759) Phase 4: Move objects
[835.162s][info][gc,phases      ] GC(1759) Phase 4: Move objects 73.623ms
[835.162s][info][gc,heap        ] GC(1759) DefNew: 314560K(314560K)->0K(314560K) Eden: 279616K(279616K)->0K(279616K) From: 34944K(34944K)->0K(34944K)
[835.162s][info][gc,heap        ] GC(1759) Tenured: 468962K(699072K)->178546K(699072K)
[835.162s][info][gc,metaspace   ] GC(1759) Metaspace: 16659K(16960K)->16659K(16960K) NonClass: 14328K(14464K)->14328K(14464K) Class: 2330K(2496K)->2330K(2496K)
[835.162s][info][gc             ] GC(1759) Pause Full (Allocation Failure) 765M->174M(989M) 498.116ms
[835.162s][info][gc,cpu         ] GC(1759) User=0.48s Sys=0.00s Real=0.50s
[835.303s][info][gc,start       ] GC(1760) Pause Young (Allocation Failure)
[835.588s][info][gc,heap        ] GC(1760) DefNew: 279616K(314560K)->34944K(314560K) Eden: 279616K(279616K)->0K(279616K) From: 0K(34944K)->34944K(34944K)
[835.588s][info][gc,heap        ] GC(1760) Tenured: 178546K(699072K)->261274K(699072K)
[835.588s][info][gc,metaspace   ] GC(1760) Metaspace: 16659K(16960K)->16659K(16960K) NonClass: 14328K(14464K)->14328K(14464K) Class: 2330K(2496K)->2330K(2496K)
[835.588s][info][gc             ] GC(1760) Pause Young (Allocation Failure) 447M->289M(989M) 284.649ms
[835.588s][info][gc,cpu         ] GC(1760) User=0.28s Sys=0.00s Real=0.28s
[835.735s][info][gc,start       ] GC(1761) Pause Young (Allocation Failure)
[836.129s][info][gc,heap        ] GC(1761) DefNew: 314560K(314560K)->34944K(314560K) Eden: 279616K(279616K)->0K(279616K) From: 34944K(34944K)->34944K(34944K)
[836.129s][info][gc,heap        ] GC(1761) Tenured: 261274K(699072K)->378816K(699072K)
[836.129s][info][gc,metaspace   ] GC(1761) Metaspace: 16659K(16960K)->16659K(16960K) NonClass: 14328K(14464K)->14328K(14464K) Class: 2330K(2496K)->2330K(2496K)
[836.129s][info][gc             ] GC(1761) Pause Young (Allocation Failure) 562M->404M(989M) 394.128ms
[836.129s][info][gc,cpu         ] GC(1761) User=0.39s Sys=0.00s Real=0.39s
[836.594s][info][gc,start       ] GC(1762) Pause Young (Allocation Failure)
[836.888s][info][gc,heap        ] GC(1762) DefNew: 314560K(314560K)->34944K(314560K) Eden: 279616K(279616K)->0K(279616K) From: 34944K(34944K)->34944K(34944K)
[836.888s][info][gc,heap        ] GC(1762) Tenured: 378816K(699072K)->436355K(699072K)
[836.888s][info][gc,metaspace   ] GC(1762) Metaspace: 16659K(16960K)->16659K(16960K) NonClass: 14328K(14464K)->14328K(14464K) Class: 2330K(2496K)->2330K(2496K)
[836.888s][info][gc             ] GC(1762) Pause Young (Allocation Failure) 677M->460M(989M) 294.284ms
[836.888s][info][gc,cpu         ] GC(1762) User=0.25s Sys=0.00s Real=0.29s
[837.248s][info][gc,start       ] GC(1763) Pause Young (Allocation Failure)
[837.334s][info][gc,heap        ] GC(1763) DefNew: 314560K(314560K)->2041K(314560K) Eden: 279616K(279616K)->0K(279616K) From: 34944K(34944K)->2041K(34944K)
[837.334s][info][gc,heap        ] GC(1763) Tenured: 436355K(699072K)->451012K(699072K)
[837.334s][info][gc,metaspace   ] GC(1763) Metaspace: 16659K(16960K)->16659K(16960K) NonClass: 14328K(14464K)->14328K(14464K) Class: 2330K(2496K)->2330K(2496K)
[837.334s][info][gc             ] GC(1763) Pause Young (Allocation Failure) 733M->442M(989M) 85.474ms
[837.334s][info][gc,cpu         ] GC(1763) User=0.08s Sys=0.00s Real=0.08s
[838.114s][info][gc,start       ] GC(1764) Pause Full (System.gc())
[838.114s][info][gc,phases,start] GC(1764) Phase 1: Mark live objects
[838.121s][info][gc,phases      ] GC(1764) Phase 1: Mark live objects 7.056ms
[838.122s][info][gc,phases,start] GC(1764) Phase 2: Compute new object addresses
[838.212s][info][gc,phases      ] GC(1764) Phase 2: Compute new object addresses 90.027ms
[838.213s][info][gc,phases,start] GC(1764) Phase 3: Adjust pointers
[838.217s][info][gc,phases      ] GC(1764) Phase 3: Adjust pointers 4.178ms
[838.217s][info][gc,phases,start] GC(1764) Phase 4: Move objects
[838.217s][info][gc,phases      ] GC(1764) Phase 4: Move objects 0.009ms
[838.217s][info][gc,heap        ] GC(1764) DefNew: 174719K(314560K)->0K(314560K) Eden: 172678K(279616K)->0K(279616K) From: 2041K(34944K)->0K(34944K)
[838.217s][info][gc,heap        ] GC(1764) Tenured: 451012K(699072K)->6334K(699072K)
[838.217s][info][gc,metaspace   ] GC(1764) Metaspace: 16659K(16960K)->16659K(16960K) NonClass: 14328K(14464K)->14328K(14464K) Class: 2330K(2496K)->2330K(2496K)
[838.217s][info][gc             ] GC(1764) Pause Full (System.gc()) 611M->6M(989M) 102.656ms
[838.217s][info][gc,cpu         ] GC(1764) User=0.11s Sys=0.00s Real=0.11s
[839.488s][info][gc,start       ] GC(1765) Pause Young (Allocation Failure)
[839.489s][info][gc,heap        ] GC(1765) DefNew: 279616K(314560K)->251K(314560K) Eden: 279616K(279616K)->0K(279616K) From: 0K(34944K)->251K(34944K)
[839.489s][info][gc,heap        ] GC(1765) Tenured: 6334K(699072K)->6334K(699072K)
[839.489s][info][gc,metaspace   ] GC(1765) Metaspace: 16659K(16960K)->16659K(16960K) NonClass: 14328K(14464K)->14328K(14464K) Class: 2330K(2496K)->2330K(2496K)
[839.489s][info][gc             ] GC(1765) Pause Young (Allocation Failure) 279M->6M(989M) 1.071ms
[839.489s][info][gc,cpu         ] GC(1765) User=0.00s Sys=0.00s Real=0.00s
[839.533s][info][gc,start       ] GC(1766) Pause Young (Allocation Failure)
[839.534s][info][gc,heap        ] GC(1766) DefNew: 279867K(314560K)->252K(314560K) Eden: 279616K(279616K)->0K(279616K) From: 251K(34944K)->252K(34944K)
[839.534s][info][gc,heap        ] GC(1766) Tenured: 6334K(699072K)->6334K(699072K)
[839.534s][info][gc,metaspace   ] GC(1766) Metaspace: 16659K(16960K)->16659K(16960K) NonClass: 14328K(14464K)->14328K(14464K) Class: 2330K(2496K)->2330K(2496K)
[839.534s][info][gc             ] GC(1766) Pause Young (Allocation Failure) 279M->6M(989M) 0.821ms
[839.534s][info][gc,cpu         ] GC(1766) User=0.00s Sys=0.00s Real=0.00s
[839.579s][info][gc,start       ] GC(1767) Pause Young (Allocation Failure)
[839.580s][info][gc,heap        ] GC(1767) DefNew: 279868K(314560K)->241K(314560K) Eden: 279616K(279616K)->0K(279616K) From: 252K(34944K)->241K(34944K)
[839.580s][info][gc,heap        ] GC(1767) Tenured: 6334K(699072K)->6334K(699072K)
[839.580s][info][gc,metaspace   ] GC(1767) Metaspace: 16659K(16960K)->16659K(16960K) NonClass: 14328K(14464K)->14328K(14464K) Class: 2330K(2496K)->2330K(2496K)
[839.580s][info][gc             ] GC(1767) Pause Young (Allocation Failure) 279M->6M(989M) 0.848ms
[839.580s][info][gc,cpu         ] GC(1767) User=0.00s Sys=0.00s Real=0.00s
[839.626s][info][gc,start       ] GC(1768) Pause Young (Allocation Failure)
[839.626s][info][gc,heap        ] GC(1768) DefNew: 279857K(314560K)->239K(314560K) Eden: 279616K(279616K)->0K(279616K) From: 241K(34944K)->239K(34944K)
[839.626s][info][gc,heap        ] GC(1768) Tenured: 6334K(699072K)->6334K(699072K)
[839.626s][info][gc,metaspace   ] GC(1768) Metaspace: 16659K(16960K)->16659K(16960K) NonClass: 14328K(14464K)->14328K(14464K) Class: 2330K(2496K)->2330K(2496K)
[839.626s][info][gc             ] GC(1768) Pause Young (Allocation Failure) 279M->6M(989M) 0.812ms
[839.626s][info][gc,cpu         ] GC(1768) User=0.00s Sys=0.00s Real=0.00s
[839.669s][info][gc,start       ] GC(1769) Pause Young (Allocation Failure)
[839.670s][info][gc,heap        ] GC(1769) DefNew: 279855K(314560K)->261K(314560K) Eden: 279616K(279616K)->0K(279616K) From: 239K(34944K)->261K(34944K)
[839.670s][info][gc,heap        ] GC(1769) Tenured: 6334K(699072K)->6334K(699072K)
[839.670s][info][gc,metaspace   ] GC(1769) Metaspace: 16659K(16960K)->16659K(16960K) NonClass: 14328K(14464K)->14328K(14464K) Class: 2330K(2496K)->2330K(2496K)
[839.670s][info][gc             ] GC(1769) Pause Young (Allocation Failure) 279M->6M(989M) 0.836ms
[839.670s][info][gc,cpu         ] GC(1769) User=0.00s Sys=0.00s Real=0.00s
[839.714s][info][gc,start       ] GC(1770) Pause Young (Allocation Failure)
[839.715s][info][gc,heap        ] GC(1770) DefNew: 279877K(314560K)->256K(314560K) Eden: 279616K(279616K)->0K(279616K) From: 261K(34944K)->256K(34944K)
[839.715s][info][gc,heap        ] GC(1770) Tenured: 6334K(699072K)->6334K(699072K)
[839.715s][info][gc,metaspace   ] GC(1770) Metaspace: 16659K(16960K)->16659K(16960K) NonClass: 14328K(14464K)->14328K(14464K) Class: 2330K(2496K)->2330K(2496K)
[839.715s][info][gc             ] GC(1770) Pause Young (Allocation Failure) 279M->6M(989M) 0.929ms
[839.715s][info][gc,cpu         ] GC(1770) User=0.00s Sys=0.00s Real=0.00s
[839.758s][info][gc,start       ] GC(1771) Pause Young (Allocation Failure)
[839.759s][info][gc,heap        ] GC(1771) DefNew: 279872K(314560K)->228K(314560K) Eden: 279616K(279616K)->0K(279616K) From: 256K(34944K)->228K(34944K)
[839.759s][info][gc,heap        ] GC(1771) Tenured: 6334K(699072K)->6334K(699072K)
[839.759s][info][gc,metaspace   ] GC(1771) Metaspace: 16659K(16960K)->16659K(16960K) NonClass: 14328K(14464K)->14328K(14464K) Class: 2330K(2496K)->2330K(2496K)
[839.759s][info][gc             ] GC(1771) Pause Young (Allocation Failure) 279M->6M(989M) 0.794ms
[839.759s][info][gc,cpu         ] GC(1771) User=0.00s Sys=0.00s Real=0.00s
[839.803s][info][gc,start       ] GC(1772) Pause Young (Allocation Failure)
[839.804s][info][gc,heap        ] GC(1772) DefNew: 279844K(314560K)->232K(314560K) Eden: 279616K(279616K)->0K(279616K) From: 228K(34944K)->232K(34944K)
[839.804s][info][gc,heap        ] GC(1772) Tenured: 6334K(699072K)->6334K(699072K)
[839.804s][info][gc,metaspace   ] GC(1772) Metaspace: 16659K(16960K)->16659K(16960K) NonClass: 14328K(14464K)->14328K(14464K) Class: 2330K(2496K)->2330K(2496K)
[839.804s][info][gc             ] GC(1772) Pause Young (Allocation Failure) 279M->6M(989M) 0.851ms
[839.804s][info][gc,cpu         ] GC(1772) User=0.00s Sys=0.00s Real=0.00s
[839.848s][info][gc,start       ] GC(1773) Pause Young (Allocation Failure)
[839.849s][info][gc,heap        ] GC(1773) DefNew: 279848K(314560K)->230K(314560K) Eden: 279616K(279616K)->0K(279616K) From: 232K(34944K)->230K(34944K)
[839.849s][info][gc,heap        ] GC(1773) Tenured: 6334K(699072K)->6334K(699072K)
[839.849s][info][gc,metaspace   ] GC(1773) Metaspace: 16659K(16960K)->16659K(16960K) NonClass: 14328K(14464K)->14328K(14464K) Class: 2330K(2496K)->2330K(2496K)
[839.849s][info][gc             ] GC(1773) Pause Young (Allocation Failure) 279M->6M(989M) 0.817ms
[839.849s][info][gc,cpu         ] GC(1773) User=0.00s Sys=0.00s Real=0.00s
[839.893s][info][gc,start       ] GC(1774) Pause Young (Allocation Failure)
[839.893s][info][gc,heap        ] GC(1774) DefNew: 279846K(314560K)->229K(314560K) Eden: 279616K(279616K)->0K(279616K) From: 230K(34944K)->229K(34944K)
[839.893s][info][gc,heap        ] GC(1774) Tenured: 6334K(699072K)->6334K(699072K)
[839.893s][info][gc,metaspace   ] GC(1774) Metaspace: 16659K(16960K)->16659K(16960K) NonClass: 14328K(14464K)->14328K(14464K) Class: 2330K(2496K)->2330K(2496K)
[839.893s][info][gc             ] GC(1774) Pause Young (Allocation Failure) 279M->6M(989M) 0.778ms
[839.893s][info][gc,cpu         ] GC(1774) User=0.00s Sys=0.00s Real=0.00s
[839.954s][info][gc,start       ] GC(1775) Pause Young (Allocation Failure)
[840.031s][info][gc,heap        ] GC(1775) DefNew: 279845K(314560K)->34514K(314560K) Eden: 279616K(279616K)->0K(279616K) From: 229K(34944K)->34514K(34944K)
[840.031s][info][gc,heap        ] GC(1775) Tenured: 6334K(699072K)->6334K(699072K)
[840.031s][info][gc,metaspace   ] GC(1775) Metaspace: 16659K(16960K)->16659K(16960K) NonClass: 14328K(14464K)->14328K(14464K) Class: 2330K(2496K)->2330K(2496K)
[840.031s][info][gc             ] GC(1775) Pause Young (Allocation Failure) 279M->39M(989M) 77.332ms
[840.031s][info][gc,cpu         ] GC(1775) User=0.06s Sys=0.00s Real=0.06s
[840.191s][info][gc,start       ] GC(1776) Pause Young (Allocation Failure)
[840.727s][info][gc,heap        ] GC(1776) DefNew: 314130K(314560K)->34943K(314560K) Eden: 279616K(279616K)->0K(279616K) From: 34514K(34944K)->34943K(34944K)
[840.727s][info][gc,heap        ] GC(1776) Tenured: 6334K(699072K)->184626K(699072K)
[840.728s][info][gc,metaspace   ] GC(1776) Metaspace: 16659K(16960K)->16659K(16960K) NonClass: 14328K(14464K)->14328K(14464K) Class: 2330K(2496K)->2330K(2496K)
[840.728s][info][gc             ] GC(1776) Pause Young (Allocation Failure) 312M->214M(989M) 536.446ms
[840.728s][info][gc,cpu         ] GC(1776) User=0.50s Sys=0.00s Real=0.53s
[840.906s][info][gc,start       ] GC(1777) Pause Young (Allocation Failure)
[841.545s][info][gc,heap        ] GC(1777) DefNew: 314559K(314560K)->34943K(314560K) Eden: 279616K(279616K)->0K(279616K) From: 34943K(34944K)->34943K(34944K)
[841.545s][info][gc,heap        ] GC(1777) Tenured: 184626K(699072K)->366951K(699072K)
[841.545s][info][gc,metaspace   ] GC(1777) Metaspace: 16659K(16960K)->16659K(16960K) NonClass: 14328K(14464K)->14328K(14464K) Class: 2330K(2496K)->2330K(2496K)
[841.545s][info][gc             ] GC(1777) Pause Young (Allocation Failure) 487M->392M(989M) 638.588ms
[841.545s][info][gc,cpu         ] GC(1777) User=0.61s Sys=0.00s Real=0.63s
[844.851s][info][gc,start       ] GC(1778) Pause Young (Allocation Failure)
[845.242s][info][gc,heap        ] GC(1778) DefNew: 314559K(314560K)->34943K(314560K) Eden: 279616K(279616K)->0K(279616K) From: 34943K(34944K)->34943K(34944K)
[845.242s][info][gc,heap        ] GC(1778) Tenured: 366951K(699072K)->462938K(699072K)
[845.242s][info][gc,metaspace   ] GC(1778) Metaspace: 16659K(16960K)->16659K(16960K) NonClass: 14328K(14464K)->14328K(14464K) Class: 2330K(2496K)->2330K(2496K)
[845.242s][info][gc             ] GC(1778) Pause Young (Allocation Failure) 665M->486M(989M) 390.703ms
[845.242s][info][gc,cpu         ] GC(1778) User=0.38s Sys=0.00s Real=0.39s
[845.378s][info][gc,start       ] GC(1779) Pause Young (Allocation Failure)
[845.378s][info][gc             ] GC(1779) Pause Young (Allocation Failure) 759M->759M(989M) 0.116ms
[845.378s][info][gc,cpu         ] GC(1779) User=0.00s Sys=0.00s Real=0.00s
[845.378s][info][gc,start       ] GC(1780) Pause Full (Allocation Failure)
[845.378s][info][gc,phases,start] GC(1780) Phase 1: Mark live objects
[845.568s][info][gc,phases      ] GC(1780) Phase 1: Mark live objects 190.255ms
[845.568s][info][gc,phases,start] GC(1780) Phase 2: Compute new object addresses
[845.685s][info][gc,phases      ] GC(1780) Phase 2: Compute new object addresses 117.070ms
[845.685s][info][gc,phases,start] GC(1780) Phase 3: Adjust pointers
[845.788s][info][gc,phases      ] GC(1780) Phase 3: Adjust pointers 102.135ms
[845.788s][info][gc,phases,start] GC(1780) Phase 4: Move objects
[845.862s][info][gc,phases      ] GC(1780) Phase 4: Move objects 74.380ms
[845.862s][info][gc,heap        ] GC(1780) DefNew: 314559K(314560K)->0K(314560K) Eden: 279616K(279616K)->0K(279616K) From: 34943K(34944K)->0K(34944K)
[845.862s][info][gc,heap        ] GC(1780) Tenured: 462938K(699072K)->182860K(699072K)
[845.862s][info][gc,metaspace   ] GC(1780) Metaspace: 16659K(16960K)->16659K(16960K) NonClass: 14328K(14464K)->14328K(14464K) Class: 2330K(2496K)->2330K(2496K)
[845.862s][info][gc             ] GC(1780) Pause Full (Allocation Failure) 759M->178M(989M) 484.259ms
[845.862s][info][gc,cpu         ] GC(1780) User=0.47s Sys=0.00s Real=0.49s
[846.002s][info][gc,start       ] GC(1781) Pause Young (Allocation Failure)
[846.285s][info][gc,heap        ] GC(1781) DefNew: 279616K(314560K)->34944K(314560K) Eden: 279616K(279616K)->0K(279616K) From: 0K(34944K)->34944K(34944K)
[846.285s][info][gc,heap        ] GC(1781) Tenured: 182860K(699072K)->265590K(699072K)
[846.285s][info][gc,metaspace   ] GC(1781) Metaspace: 16659K(16960K)->16659K(16960K) NonClass: 14328K(14464K)->14328K(14464K) Class: 2330K(2496K)->2330K(2496K)
[846.285s][info][gc             ] GC(1781) Pause Young (Allocation Failure) 451M->293M(989M) 282.702ms
[846.285s][info][gc,cpu         ] GC(1781) User=0.28s Sys=0.00s Real=0.28s
[846.434s][info][gc,start       ] GC(1782) Pause Young (Allocation Failure)
[846.828s][info][gc,heap        ] GC(1782) DefNew: 314560K(314560K)->34943K(314560K) Eden: 279616K(279616K)->0K(279616K) From: 34944K(34944K)->34943K(34944K)
[846.828s][info][gc,heap        ] GC(1782) Tenured: 265590K(699072K)->383131K(699072K)
[846.828s][info][gc,metaspace   ] GC(1782) Metaspace: 16659K(16960K)->16659K(16960K) NonClass: 14328K(14464K)->14328K(14464K) Class: 2330K(2496K)->2330K(2496K)
[846.828s][info][gc             ] GC(1782) Pause Young (Allocation Failure) 566M->408M(989M) 394.319ms
[846.828s][info][gc,cpu         ] GC(1782) User=0.39s Sys=0.00s Real=0.39s
[847.276s][info][gc,start       ] GC(1783) Pause Young (Allocation Failure)
[847.574s][info][gc,heap        ] GC(1783) DefNew: 314559K(314560K)->34943K(314560K) Eden: 279616K(279616K)->0K(279616K) From: 34943K(34944K)->34943K(34944K)
[847.574s][info][gc,heap        ] GC(1783) Tenured: 383131K(699072K)->441538K(699072K)
[847.574s][info][gc,metaspace   ] GC(1783) Metaspace: 16659K(16960K)->16659K(16960K) NonClass: 14328K(14464K)->14328K(14464K) Class: 2330K(2496K)->2330K(2496K)
[847.574s][info][gc             ] GC(1783) Pause Young (Allocation Failure) 681M->465M(989M) 297.865ms
[847.574s][info][gc,cpu         ] GC(1783) User=0.23s Sys=0.00s Real=0.30s
[847.933s][info][gc,start       ] GC(1784) Pause Young (Allocation Failure)
[848.020s][info][gc,heap        ] GC(1784) DefNew: 314559K(314560K)->2058K(314560K) Eden: 279616K(279616K)->0K(279616K) From: 34943K(34944K)->2058K(34944K)
[848.020s][info][gc,heap        ] GC(1784) Tenured: 441538K(699072K)->456424K(699072K)
[848.020s][info][gc,metaspace   ] GC(1784) Metaspace: 16659K(16960K)->16659K(16960K) NonClass: 14328K(14464K)->14328K(14464K) Class: 2330K(2496K)->2330K(2496K)
[848.020s][info][gc             ] GC(1784) Pause Young (Allocation Failure) 738M->447M(989M) 87.133ms
[848.020s][info][gc,cpu         ] GC(1784) User=0.08s Sys=0.00s Real=0.08s
[848.821s][info][gc,start       ] GC(1785) Pause Full (System.gc())
[848.821s][info][gc,phases,start] GC(1785) Phase 1: Mark live objects
[848.830s][info][gc,phases      ] GC(1785) Phase 1: Mark live objects 8.301ms
[848.830s][info][gc,phases,start] GC(1785) Phase 2: Compute new object addresses
[848.920s][info][gc,phases      ] GC(1785) Phase 2: Compute new object addresses 90.519ms
[848.920s][info][gc,phases,start] GC(1785) Phase 3: Adjust pointers
[848.924s][info][gc,phases      ] GC(1785) Phase 3: Adjust pointers 3.798ms
[848.924s][info][gc,phases,start] GC(1785) Phase 4: Move objects
[848.924s][info][gc,phases      ] GC(1785) Phase 4: Move objects 0.009ms
[848.924s][info][gc,heap        ] GC(1785) DefNew: 176536K(314560K)->0K(314560K) Eden: 174477K(279616K)->0K(279616K) From: 2058K(34944K)->0K(34944K)
[848.924s][info][gc,heap        ] GC(1785) Tenured: 456424K(699072K)->11219K(699072K)
[848.924s][info][gc,metaspace   ] GC(1785) Metaspace: 16659K(16960K)->16650K(16960K) NonClass: 14328K(14464K)->14323K(14464K) Class: 2330K(2496K)->2327K(2496K)
[848.924s][info][gc             ] GC(1785) Pause Full (System.gc()) 618M->10M(989M) 103.009ms
[848.924s][info][gc,cpu         ] GC(1785) User=0.09s Sys=0.00s Real=0.09s
[850.217s][info][gc,start       ] GC(1786) Pause Young (Allocation Failure)
[850.218s][info][gc,heap        ] GC(1786) DefNew: 279616K(314560K)->227K(314560K) Eden: 279616K(279616K)->0K(279616K) From: 0K(34944K)->227K(34944K)
[850.218s][info][gc,heap        ] GC(1786) Tenured: 11219K(699072K)->11219K(699072K)
[850.218s][info][gc,metaspace   ] GC(1786) Metaspace: 16650K(16960K)->16650K(16960K) NonClass: 14323K(14464K)->14323K(14464K) Class: 2327K(2496K)->2327K(2496K)
[850.218s][info][gc             ] GC(1786) Pause Young (Allocation Failure) 284M->11M(989M) 1.127ms
[850.218s][info][gc,cpu         ] GC(1786) User=0.00s Sys=0.00s Real=0.00s
[850.263s][info][gc,start       ] GC(1787) Pause Young (Allocation Failure)
[850.263s][info][gc,heap        ] GC(1787) DefNew: 279843K(314560K)->249K(314560K) Eden: 279616K(279616K)->0K(279616K) From: 227K(34944K)->249K(34944K)
[850.263s][info][gc,heap        ] GC(1787) Tenured: 11219K(699072K)->11219K(699072K)
[850.263s][info][gc,metaspace   ] GC(1787) Metaspace: 16650K(16960K)->16650K(16960K) NonClass: 14323K(14464K)->14323K(14464K) Class: 2327K(2496K)->2327K(2496K)
[850.263s][info][gc             ] GC(1787) Pause Young (Allocation Failure) 284M->11M(989M) 0.820ms
[850.263s][info][gc,cpu         ] GC(1787) User=0.00s Sys=0.00s Real=0.00s
[850.307s][info][gc,start       ] GC(1788) Pause Young (Allocation Failure)
[850.308s][info][gc,heap        ] GC(1788) DefNew: 279865K(314560K)->254K(314560K) Eden: 279616K(279616K)->0K(279616K) From: 249K(34944K)->254K(34944K)
[850.308s][info][gc,heap        ] GC(1788) Tenured: 11219K(699072K)->11219K(699072K)
[850.308s][info][gc,metaspace   ] GC(1788) Metaspace: 16650K(16960K)->16650K(16960K) NonClass: 14323K(14464K)->14323K(14464K) Class: 2327K(2496K)->2327K(2496K)
[850.308s][info][gc             ] GC(1788) Pause Young (Allocation Failure) 284M->11M(989M) 0.768ms
[850.308s][info][gc,cpu         ] GC(1788) User=0.00s Sys=0.00s Real=0.00s
[850.351s][info][gc,start       ] GC(1789) Pause Young (Allocation Failure)
[850.352s][info][gc,heap        ] GC(1789) DefNew: 279870K(314560K)->255K(314560K) Eden: 279616K(279616K)->0K(279616K) From: 254K(34944K)->255K(34944K)
[850.352s][info][gc,heap        ] GC(1789) Tenured: 11219K(699072K)->11219K(699072K)
[850.352s][info][gc,metaspace   ] GC(1789) Metaspace: 16650K(16960K)->16650K(16960K) NonClass: 14323K(14464K)->14323K(14464K) Class: 2327K(2496K)->2327K(2496K)
[850.352s][info][gc             ] GC(1789) Pause Young (Allocation Failure) 284M->11M(989M) 0.810ms
[850.352s][info][gc,cpu         ] GC(1789) User=0.00s Sys=0.00s Real=0.00s
[850.395s][info][gc,start       ] GC(1790) Pause Young (Allocation Failure)
[850.396s][info][gc,heap        ] GC(1790) DefNew: 279871K(314560K)->230K(314560K) Eden: 279616K(279616K)->0K(279616K) From: 255K(34944K)->230K(34944K)
[850.396s][info][gc,heap        ] GC(1790) Tenured: 11219K(699072K)->11219K(699072K)
[850.396s][info][gc,metaspace   ] GC(1790) Metaspace: 16650K(16960K)->16650K(16960K) NonClass: 14323K(14464K)->14323K(14464K) Class: 2327K(2496K)->2327K(2496K)
[850.396s][info][gc             ] GC(1790) Pause Young (Allocation Failure) 284M->11M(989M) 0.856ms
[850.396s][info][gc,cpu         ] GC(1790) User=0.00s Sys=0.00s Real=0.00s
[850.444s][info][gc,start       ] GC(1791) Pause Young (Allocation Failure)
[850.445s][info][gc,heap        ] GC(1791) DefNew: 279846K(314560K)->234K(314560K) Eden: 279616K(279616K)->0K(279616K) From: 230K(34944K)->234K(34944K)
[850.445s][info][gc,heap        ] GC(1791) Tenured: 11219K(699072K)->11219K(699072K)
[850.445s][info][gc,metaspace   ] GC(1791) Metaspace: 16650K(16960K)->16650K(16960K) NonClass: 14323K(14464K)->14323K(14464K) Class: 2327K(2496K)->2327K(2496K)
[850.445s][info][gc             ] GC(1791) Pause Young (Allocation Failure) 284M->11M(989M) 0.865ms
[850.445s][info][gc,cpu         ] GC(1791) User=0.00s Sys=0.00s Real=0.00s
[850.492s][info][gc,start       ] GC(1792) Pause Young (Allocation Failure)
[850.492s][info][gc,heap        ] GC(1792) DefNew: 279850K(314560K)->225K(314560K) Eden: 279616K(279616K)->0K(279616K) From: 234K(34944K)->225K(34944K)
[850.492s][info][gc,heap        ] GC(1792) Tenured: 11219K(699072K)->11219K(699072K)
[850.492s][info][gc,metaspace   ] GC(1792) Metaspace: 16650K(16960K)->16650K(16960K) NonClass: 14323K(14464K)->14323K(14464K) Class: 2327K(2496K)->2327K(2496K)
[850.492s][info][gc             ] GC(1792) Pause Young (Allocation Failure) 284M->11M(989M) 0.787ms
[850.492s][info][gc,cpu         ] GC(1792) User=0.00s Sys=0.00s Real=0.00s
[850.537s][info][gc,start       ] GC(1793) Pause Young (Allocation Failure)
[850.538s][info][gc,heap        ] GC(1793) DefNew: 279841K(314560K)->241K(314560K) Eden: 279616K(279616K)->0K(279616K) From: 225K(34944K)->241K(34944K)
[850.538s][info][gc,heap        ] GC(1793) Tenured: 11219K(699072K)->11219K(699072K)
[850.538s][info][gc,metaspace   ] GC(1793) Metaspace: 16650K(16960K)->16650K(16960K) NonClass: 14323K(14464K)->14323K(14464K) Class: 2327K(2496K)->2327K(2496K)
[850.538s][info][gc             ] GC(1793) Pause Young (Allocation Failure) 284M->11M(989M) 0.850ms
[850.538s][info][gc,cpu         ] GC(1793) User=0.00s Sys=0.00s Real=0.00s
[850.582s][info][gc,start       ] GC(1794) Pause Young (Allocation Failure)
[850.583s][info][gc,heap        ] GC(1794) DefNew: 279857K(314560K)->244K(314560K) Eden: 279616K(279616K)->0K(279616K) From: 241K(34944K)->244K(34944K)
[850.583s][info][gc,heap        ] GC(1794) Tenured: 11219K(699072K)->11219K(699072K)
[850.583s][info][gc,metaspace   ] GC(1794) Metaspace: 16650K(16960K)->16650K(16960K) NonClass: 14323K(14464K)->14323K(14464K) Class: 2327K(2496K)->2327K(2496K)
[850.583s][info][gc             ] GC(1794) Pause Young (Allocation Failure) 284M->11M(989M) 0.817ms
[850.583s][info][gc,cpu         ] GC(1794) User=0.00s Sys=0.00s Real=0.00s
[850.628s][info][gc,start       ] GC(1795) Pause Young (Allocation Failure)
[850.629s][info][gc,heap        ] GC(1795) DefNew: 279860K(314560K)->229K(314560K) Eden: 279616K(279616K)->0K(279616K) From: 244K(34944K)->229K(34944K)
[850.629s][info][gc,heap        ] GC(1795) Tenured: 11219K(699072K)->11219K(699072K)
[850.629s][info][gc,metaspace   ] GC(1795) Metaspace: 16650K(16960K)->16650K(16960K) NonClass: 14323K(14464K)->14323K(14464K) Class: 2327K(2496K)->2327K(2496K)
[850.629s][info][gc             ] GC(1795) Pause Young (Allocation Failure) 284M->11M(989M) 0.948ms
[850.629s][info][gc,cpu         ] GC(1795) User=0.00s Sys=0.00s Real=0.00s
[850.689s][info][gc,start       ] GC(1796) Pause Young (Allocation Failure)
[850.772s][info][gc,heap        ] GC(1796) DefNew: 279845K(314560K)->34944K(314560K) Eden: 279616K(279616K)->0K(279616K) From: 229K(34944K)->34944K(34944K)
[850.772s][info][gc,heap        ] GC(1796) Tenured: 11219K(699072K)->13067K(699072K)
[850.772s][info][gc,metaspace   ] GC(1796) Metaspace: 16650K(16960K)->16650K(16960K) NonClass: 14323K(14464K)->14323K(14464K) Class: 2327K(2496K)->2327K(2496K)
[850.772s][info][gc             ] GC(1796) Pause Young (Allocation Failure) 284M->46M(989M) 82.977ms
[850.772s][info][gc,cpu         ] GC(1796) User=0.06s Sys=0.00s Real=0.08s
[850.932s][info][gc,start       ] GC(1797) Pause Young (Allocation Failure)
[851.468s][info][gc,heap        ] GC(1797) DefNew: 314560K(314560K)->34943K(314560K) Eden: 279616K(279616K)->0K(279616K) From: 34944K(34944K)->34943K(34944K)
[851.468s][info][gc,heap        ] GC(1797) Tenured: 13067K(699072K)->191842K(699072K)
[851.468s][info][gc,metaspace   ] GC(1797) Metaspace: 16650K(16960K)->16650K(16960K) NonClass: 14323K(14464K)->14323K(14464K) Class: 2327K(2496K)->2327K(2496K)
[851.468s][info][gc             ] GC(1797) Pause Young (Allocation Failure) 319M->221M(989M) 535.938ms
[851.468s][info][gc,cpu         ] GC(1797) User=0.52s Sys=0.00s Real=0.53s
[851.646s][info][gc,start       ] GC(1798) Pause Young (Allocation Failure)
[852.279s][info][gc,heap        ] GC(1798) DefNew: 314559K(314560K)->34943K(314560K) Eden: 279616K(279616K)->0K(279616K) From: 34943K(34944K)->34943K(34944K)
[852.279s][info][gc,heap        ] GC(1798) Tenured: 191842K(699072K)->373479K(699072K)
[852.279s][info][gc,metaspace   ] GC(1798) Metaspace: 16650K(16960K)->16650K(16960K) NonClass: 14323K(14464K)->14323K(14464K) Class: 2327K(2496K)->2327K(2496K)
[852.279s][info][gc             ] GC(1798) Pause Young (Allocation Failure) 494M->398M(989M) 633.029ms
[852.279s][info][gc,cpu         ] GC(1798) User=0.61s Sys=0.00s Real=0.63s
[855.365s][info][gc,start       ] GC(1799) Pause Young (Allocation Failure)
[855.750s][info][gc,heap        ] GC(1799) DefNew: 314559K(314560K)->34944K(314560K) Eden: 279616K(279616K)->0K(279616K) From: 34943K(34944K)->34944K(34944K)
[855.750s][info][gc,heap        ] GC(1799) Tenured: 373479K(699072K)->469449K(699072K)
[855.750s][info][gc,metaspace   ] GC(1799) Metaspace: 16650K(16960K)->16650K(16960K) NonClass: 14323K(14464K)->14323K(14464K) Class: 2327K(2496K)->2327K(2496K)
[855.750s][info][gc             ] GC(1799) Pause Young (Allocation Failure) 671M->492M(989M) 385.290ms
[855.750s][info][gc,cpu         ] GC(1799) User=0.38s Sys=0.00s Real=0.38s
[855.887s][info][gc,start       ] GC(1800) Pause Young (Allocation Failure)
[855.887s][info][gc             ] GC(1800) Pause Young (Allocation Failure) 765M->765M(989M) 0.144ms
[855.887s][info][gc,cpu         ] GC(1800) User=0.00s Sys=0.00s Real=0.00s
[855.887s][info][gc,start       ] GC(1801) Pause Full (Allocation Failure)
[855.887s][info][gc,phases,start] GC(1801) Phase 1: Mark live objects
[856.078s][info][gc,phases      ] GC(1801) Phase 1: Mark live objects 190.508ms
[856.078s][info][gc,phases,start] GC(1801) Phase 2: Compute new object addresses
[856.196s][info][gc,phases      ] GC(1801) Phase 2: Compute new object addresses 118.364ms
[856.196s][info][gc,phases,start] GC(1801) Phase 3: Adjust pointers
[856.300s][info][gc,phases      ] GC(1801) Phase 3: Adjust pointers 103.606ms
[856.300s][info][gc,phases,start] GC(1801) Phase 4: Move objects
[856.376s][info][gc,phases      ] GC(1801) Phase 4: Move objects 75.686ms
[856.376s][info][gc,heap        ] GC(1801) DefNew: 314560K(314560K)->0K(314560K) Eden: 279616K(279616K)->0K(279616K) From: 34944K(34944K)->0K(34944K)
[856.376s][info][gc,heap        ] GC(1801) Tenured: 469449K(699072K)->178968K(699072K)
[856.376s][info][gc,metaspace   ] GC(1801) Metaspace: 16650K(16960K)->16650K(16960K) NonClass: 14323K(14464K)->14323K(14464K) Class: 2327K(2496K)->2327K(2496K)
[856.376s][info][gc             ] GC(1801) Pause Full (Allocation Failure) 765M->174M(989M) 488.607ms
[856.376s][info][gc,cpu         ] GC(1801) User=0.47s Sys=0.00s Real=0.49s
[856.519s][info][gc,start       ] GC(1802) Pause Young (Allocation Failure)
[856.801s][info][gc,heap        ] GC(1802) DefNew: 279616K(314560K)->34944K(314560K) Eden: 279616K(279616K)->0K(279616K) From: 0K(34944K)->34944K(34944K)
[856.801s][info][gc,heap        ] GC(1802) Tenured: 178968K(699072K)->261694K(699072K)
[856.801s][info][gc,metaspace   ] GC(1802) Metaspace: 16650K(16960K)->16650K(16960K) NonClass: 14323K(14464K)->14323K(14464K) Class: 2327K(2496K)->2327K(2496K)
[856.801s][info][gc             ] GC(1802) Pause Young (Allocation Failure) 447M->289M(989M) 282.320ms
[856.801s][info][gc,cpu         ] GC(1802) User=0.28s Sys=0.00s Real=0.28s
[856.947s][info][gc,start       ] GC(1803) Pause Young (Allocation Failure)
[857.354s][info][gc,heap        ] GC(1803) DefNew: 314560K(314560K)->34943K(314560K) Eden: 279616K(279616K)->0K(279616K) From: 34944K(34944K)->34943K(34944K)
[857.354s][info][gc,heap        ] GC(1803) Tenured: 261694K(699072K)->379236K(699072K)
[857.354s][info][gc,metaspace   ] GC(1803) Metaspace: 16650K(16960K)->16650K(16960K) NonClass: 14323K(14464K)->14323K(14464K) Class: 2327K(2496K)->2327K(2496K)
[857.354s][info][gc             ] GC(1803) Pause Young (Allocation Failure) 562M->404M(989M) 406.912ms
[857.354s][info][gc,cpu         ] GC(1803) User=0.41s Sys=0.00s Real=0.41s
[857.810s][info][gc,start       ] GC(1804) Pause Young (Allocation Failure)
[858.103s][info][gc,heap        ] GC(1804) DefNew: 314559K(314560K)->34944K(314560K) Eden: 279616K(279616K)->0K(279616K) From: 34943K(34944K)->34944K(34944K)
[858.103s][info][gc,heap        ] GC(1804) Tenured: 379236K(699072K)->435749K(699072K)
[858.103s][info][gc,metaspace   ] GC(1804) Metaspace: 16650K(16960K)->16650K(16960K) NonClass: 14323K(14464K)->14323K(14464K) Class: 2327K(2496K)->2327K(2496K)
[858.103s][info][gc             ] GC(1804) Pause Young (Allocation Failure) 677M->459M(989M) 292.773ms
[858.103s][info][gc,cpu         ] GC(1804) User=0.28s Sys=0.00s Real=0.30s
[858.464s][info][gc,start       ] GC(1805) Pause Young (Allocation Failure)
[858.552s][info][gc,heap        ] GC(1805) DefNew: 314560K(314560K)->2054K(314560K) Eden: 279616K(279616K)->0K(279616K) From: 34944K(34944K)->2054K(34944K)
[858.552s][info][gc,heap        ] GC(1805) Tenured: 435749K(699072K)->450276K(699072K)
[858.552s][info][gc,metaspace   ] GC(1805) Metaspace: 16650K(16960K)->16650K(16960K) NonClass: 14323K(14464K)->14323K(14464K) Class: 2327K(2496K)->2327K(2496K)
[858.552s][info][gc             ] GC(1805) Pause Young (Allocation Failure) 732M->441M(989M) 87.938ms
[858.552s][info][gc,cpu         ] GC(1805) User=0.08s Sys=0.00s Real=0.08s
[859.323s][info][gc,start       ] GC(1806) Pause Full (System.gc())
[859.323s][info][gc,phases,start] GC(1806) Phase 1: Mark live objects
[859.329s][info][gc,phases      ] GC(1806) Phase 1: Mark live objects 6.163ms
[859.329s][info][gc,phases,start] GC(1806) Phase 2: Compute new object addresses
[859.419s][info][gc,phases      ] GC(1806) Phase 2: Compute new object addresses 89.958ms
[859.419s][info][gc,phases,start] GC(1806) Phase 3: Adjust pointers
[859.423s][info][gc,phases      ] GC(1806) Phase 3: Adjust pointers 3.692ms
[859.423s][info][gc,phases,start] GC(1806) Phase 4: Move objects
[859.423s][info][gc,phases      ] GC(1806) Phase 4: Move objects 0.010ms
[859.423s][info][gc,heap        ] GC(1806) DefNew: 174488K(314560K)->0K(314560K) Eden: 172433K(279616K)->0K(279616K) From: 2054K(34944K)->0K(34944K)
[859.423s][info][gc,heap        ] GC(1806) Tenured: 450276K(699072K)->5656K(699072K)
[859.423s][info][gc,metaspace   ] GC(1806) Metaspace: 16650K(16960K)->16650K(16960K) NonClass: 14323K(14464K)->14323K(14464K) Class: 2327K(2496K)->2327K(2496K)
[859.423s][info][gc             ] GC(1806) Pause Full (System.gc()) 610M->5M(989M) 100.203ms
[859.423s][info][gc,cpu         ] GC(1806) User=0.09s Sys=0.00s Real=0.10s
[860.693s][info][gc,start       ] GC(1807) Pause Young (Allocation Failure)
[860.694s][info][gc,heap        ] GC(1807) DefNew: 279616K(314560K)->248K(314560K) Eden: 279616K(279616K)->0K(279616K) From: 0K(34944K)->248K(34944K)
[860.694s][info][gc,heap        ] GC(1807) Tenured: 5656K(699072K)->5656K(699072K)
[860.694s][info][gc,metaspace   ] GC(1807) Metaspace: 16650K(16960K)->16650K(16960K) NonClass: 14323K(14464K)->14323K(14464K) Class: 2327K(2496K)->2327K(2496K)
[860.694s][info][gc             ] GC(1807) Pause Young (Allocation Failure) 278M->5M(989M) 1.119ms
[860.695s][info][gc,cpu         ] GC(1807) User=0.00s Sys=0.00s Real=0.00s
[860.739s][info][gc,start       ] GC(1808) Pause Young (Allocation Failure)
[860.740s][info][gc,heap        ] GC(1808) DefNew: 279864K(314560K)->228K(314560K) Eden: 279616K(279616K)->0K(279616K) From: 248K(34944K)->228K(34944K)
[860.740s][info][gc,heap        ] GC(1808) Tenured: 5656K(699072K)->5656K(699072K)
[860.740s][info][gc,metaspace   ] GC(1808) Metaspace: 16650K(16960K)->16650K(16960K) NonClass: 14323K(14464K)->14323K(14464K) Class: 2327K(2496K)->2327K(2496K)
[860.740s][info][gc             ] GC(1808) Pause Young (Allocation Failure) 278M->5M(989M) 0.792ms
[860.740s][info][gc,cpu         ] GC(1808) User=0.00s Sys=0.00s Real=0.00s
[860.782s][info][gc,start       ] GC(1809) Pause Young (Allocation Failure)
[860.783s][info][gc,heap        ] GC(1809) DefNew: 279844K(314560K)->235K(314560K) Eden: 279616K(279616K)->0K(279616K) From: 228K(34944K)->235K(34944K)
[860.783s][info][gc,heap        ] GC(1809) Tenured: 5656K(699072K)->5656K(699072K)
[860.783s][info][gc,metaspace   ] GC(1809) Metaspace: 16650K(16960K)->16650K(16960K) NonClass: 14323K(14464K)->14323K(14464K) Class: 2327K(2496K)->2327K(2496K)
[860.783s][info][gc             ] GC(1809) Pause Young (Allocation Failure) 278M->5M(989M) 0.788ms
[860.783s][info][gc,cpu         ] GC(1809) User=0.00s Sys=0.00s Real=0.00s
[860.826s][info][gc,start       ] GC(1810) Pause Young (Allocation Failure)
[860.827s][info][gc,heap        ] GC(1810) DefNew: 279851K(314560K)->240K(314560K) Eden: 279616K(279616K)->0K(279616K) From: 235K(34944K)->240K(34944K)
[860.827s][info][gc,heap        ] GC(1810) Tenured: 5656K(699072K)->5656K(699072K)
[860.827s][info][gc,metaspace   ] GC(1810) Metaspace: 16650K(16960K)->16650K(16960K) NonClass: 14323K(14464K)->14323K(14464K) Class: 2327K(2496K)->2327K(2496K)
[860.827s][info][gc             ] GC(1810) Pause Young (Allocation Failure) 278M->5M(989M) 0.766ms
[860.827s][info][gc,cpu         ] GC(1810) User=0.00s Sys=0.00s Real=0.00s
[860.870s][info][gc,start       ] GC(1811) Pause Young (Allocation Failure)
[860.871s][info][gc,heap        ] GC(1811) DefNew: 279856K(314560K)->253K(314560K) Eden: 279616K(279616K)->0K(279616K) From: 240K(34944K)->253K(34944K)
[860.871s][info][gc,heap        ] GC(1811) Tenured: 5656K(699072K)->5656K(699072K)
[860.871s][info][gc,metaspace   ] GC(1811) Metaspace: 16650K(16960K)->16650K(16960K) NonClass: 14323K(14464K)->14323K(14464K) Class: 2327K(2496K)->2327K(2496K)
[860.871s][info][gc             ] GC(1811) Pause Young (Allocation Failure) 278M->5M(989M) 0.846ms
[860.871s][info][gc,cpu         ] GC(1811) User=0.00s Sys=0.00s Real=0.00s
[860.914s][info][gc,start       ] GC(1812) Pause Young (Allocation Failure)
[860.915s][info][gc,heap        ] GC(1812) DefNew: 279869K(314560K)->263K(314560K) Eden: 279616K(279616K)->0K(279616K) From: 253K(34944K)->263K(34944K)
[860.915s][info][gc,heap        ] GC(1812) Tenured: 5656K(699072K)->5656K(699072K)
[860.915s][info][gc,metaspace   ] GC(1812) Metaspace: 16650K(16960K)->16650K(16960K) NonClass: 14323K(14464K)->14323K(14464K) Class: 2327K(2496K)->2327K(2496K)
[860.915s][info][gc             ] GC(1812) Pause Young (Allocation Failure) 278M->5M(989M) 0.846ms
[860.915s][info][gc,cpu         ] GC(1812) User=0.00s Sys=0.00s Real=0.00s
[860.958s][info][gc,start       ] GC(1813) Pause Young (Allocation Failure)
[860.959s][info][gc,heap        ] GC(1813) DefNew: 279879K(314560K)->240K(314560K) Eden: 279616K(279616K)->0K(279616K) From: 263K(34944K)->240K(34944K)
[860.959s][info][gc,heap        ] GC(1813) Tenured: 5656K(699072K)->5656K(699072K)
[860.959s][info][gc,metaspace   ] GC(1813) Metaspace: 16650K(16960K)->16650K(16960K) NonClass: 14323K(14464K)->14323K(14464K) Class: 2327K(2496K)->2327K(2496K)
[860.959s][info][gc             ] GC(1813) Pause Young (Allocation Failure) 278M->5M(989M) 0.796ms
[860.959s][info][gc,cpu         ] GC(1813) User=0.00s Sys=0.00s Real=0.00s
[861.004s][info][gc,start       ] GC(1814) Pause Young (Allocation Failure)
[861.005s][info][gc,heap        ] GC(1814) DefNew: 279856K(314560K)->191K(314560K) Eden: 279616K(279616K)->0K(279616K) From: 240K(34944K)->191K(34944K)
[861.005s][info][gc,heap        ] GC(1814) Tenured: 5656K(699072K)->5656K(699072K)
[861.005s][info][gc,metaspace   ] GC(1814) Metaspace: 16650K(16960K)->16650K(16960K) NonClass: 14323K(14464K)->14323K(14464K) Class: 2327K(2496K)->2327K(2496K)
[861.005s][info][gc             ] GC(1814) Pause Young (Allocation Failure) 278M->5M(989M) 0.826ms
[861.005s][info][gc,cpu         ] GC(1814) User=0.00s Sys=0.00s Real=0.00s
[861.048s][info][gc,start       ] GC(1815) Pause Young (Allocation Failure)
[861.048s][info][gc,heap        ] GC(1815) DefNew: 279807K(314560K)->244K(314560K) Eden: 279616K(279616K)->0K(279616K) From: 191K(34944K)->244K(34944K)
[861.048s][info][gc,heap        ] GC(1815) Tenured: 5656K(699072K)->5656K(699072K)
[861.048s][info][gc,metaspace   ] GC(1815) Metaspace: 16650K(16960K)->16650K(16960K) NonClass: 14323K(14464K)->14323K(14464K) Class: 2327K(2496K)->2327K(2496K)
[861.048s][info][gc             ] GC(1815) Pause Young (Allocation Failure) 278M->5M(989M) 0.790ms
[861.048s][info][gc,cpu         ] GC(1815) User=0.00s Sys=0.00s Real=0.00s
[861.093s][info][gc,start       ] GC(1816) Pause Young (Allocation Failure)
[861.094s][info][gc,heap        ] GC(1816) DefNew: 279860K(314560K)->220K(314560K) Eden: 279616K(279616K)->0K(279616K) From: 244K(34944K)->220K(34944K)
[861.094s][info][gc,heap        ] GC(1816) Tenured: 5656K(699072K)->5656K(699072K)
[861.094s][info][gc,metaspace   ] GC(1816) Metaspace: 16650K(16960K)->16650K(16960K) NonClass: 14323K(14464K)->14323K(14464K) Class: 2327K(2496K)->2327K(2496K)
[861.094s][info][gc             ] GC(1816) Pause Young (Allocation Failure) 278M->5M(989M) 0.952ms
[861.094s][info][gc,cpu         ] GC(1816) User=0.00s Sys=0.00s Real=0.00s
[861.154s][info][gc,start       ] GC(1817) Pause Young (Allocation Failure)
[861.235s][info][gc,heap        ] GC(1817) DefNew: 279836K(314560K)->34944K(314560K) Eden: 279616K(279616K)->0K(279616K) From: 220K(34944K)->34944K(34944K)
[861.235s][info][gc,heap        ] GC(1817) Tenured: 5656K(699072K)->6854K(699072K)
[861.235s][info][gc,metaspace   ] GC(1817) Metaspace: 16650K(16960K)->16650K(16960K) NonClass: 14323K(14464K)->14323K(14464K) Class: 2327K(2496K)->2327K(2496K)
[861.235s][info][gc             ] GC(1817) Pause Young (Allocation Failure) 278M->40M(989M) 81.330ms
[861.235s][info][gc,cpu         ] GC(1817) User=0.06s Sys=0.00s Real=0.09s
[861.394s][info][gc,start       ] GC(1818) Pause Young (Allocation Failure)
[861.932s][info][gc,heap        ] GC(1818) DefNew: 314560K(314560K)->34944K(314560K) Eden: 279616K(279616K)->0K(279616K) From: 34944K(34944K)->34944K(34944K)
[861.932s][info][gc,heap        ] GC(1818) Tenured: 6854K(699072K)->185730K(699072K)
[861.932s][info][gc,metaspace   ] GC(1818) Metaspace: 16650K(16960K)->16650K(16960K) NonClass: 14323K(14464K)->14323K(14464K) Class: 2327K(2496K)->2327K(2496K)
[861.932s][info][gc             ] GC(1818) Pause Young (Allocation Failure) 313M->215M(989M) 538.305ms
[861.932s][info][gc,cpu         ] GC(1818) User=0.52s Sys=0.00s Real=0.53s
[862.114s][info][gc,start       ] GC(1819) Pause Young (Allocation Failure)
[862.749s][info][gc,heap        ] GC(1819) DefNew: 314560K(314560K)->34943K(314560K) Eden: 279616K(279616K)->0K(279616K) From: 34944K(34944K)->34943K(34944K)
[862.749s][info][gc,heap        ] GC(1819) Tenured: 185730K(699072K)->367198K(699072K)
[862.749s][info][gc,metaspace   ] GC(1819) Metaspace: 16650K(16960K)->16650K(16960K) NonClass: 14323K(14464K)->14323K(14464K) Class: 2327K(2496K)->2327K(2496K)
[862.749s][info][gc             ] GC(1819) Pause Young (Allocation Failure) 488M->392M(989M) 635.291ms
[862.749s][info][gc,cpu         ] GC(1819) User=0.61s Sys=0.00s Real=0.64s
[865.216s][info][gc,start       ] GC(1820) Pause Young (Allocation Failure)
[865.616s][info][gc,heap        ] GC(1820) DefNew: 314559K(314560K)->34944K(314560K) Eden: 279616K(279616K)->0K(279616K) From: 34943K(34944K)->34944K(34944K)
[865.616s][info][gc,heap        ] GC(1820) Tenured: 367198K(699072K)->463208K(699072K)
[865.616s][info][gc,metaspace   ] GC(1820) Metaspace: 16650K(16960K)->16650K(16960K) NonClass: 14323K(14464K)->14323K(14464K) Class: 2327K(2496K)->2327K(2496K)
[865.616s][info][gc             ] GC(1820) Pause Young (Allocation Failure) 665M->486M(989M) 400.700ms
[865.616s][info][gc,cpu         ] GC(1820) User=0.38s Sys=0.00s Real=0.41s
[865.752s][info][gc,start       ] GC(1821) Pause Young (Allocation Failure)
[865.752s][info][gc             ] GC(1821) Pause Young (Allocation Failure) 759M->759M(989M) 0.131ms
[865.752s][info][gc,cpu         ] GC(1821) User=0.00s Sys=0.00s Real=0.00s
[865.752s][info][gc,start       ] GC(1822) Pause Full (Allocation Failure)
[865.753s][info][gc,phases,start] GC(1822) Phase 1: Mark live objects
[865.949s][info][gc,phases      ] GC(1822) Phase 1: Mark live objects 196.623ms
[865.949s][info][gc,phases,start] GC(1822) Phase 2: Compute new object addresses
[866.067s][info][gc,phases      ] GC(1822) Phase 2: Compute new object addresses 118.285ms
[866.068s][info][gc,phases,start] GC(1822) Phase 3: Adjust pointers
[866.175s][info][gc,phases      ] GC(1822) Phase 3: Adjust pointers 107.059ms
[866.175s][info][gc,phases,start] GC(1822) Phase 4: Move objects
[866.249s][info][gc,phases      ] GC(1822) Phase 4: Move objects 74.080ms
[866.249s][info][gc,heap        ] GC(1822) DefNew: 314560K(314560K)->0K(314560K) Eden: 279616K(279616K)->0K(279616K) From: 34944K(34944K)->0K(34944K)
[866.249s][info][gc,heap        ] GC(1822) Tenured: 463208K(699072K)->194338K(699072K)
[866.249s][info][gc,metaspace   ] GC(1822) Metaspace: 16650K(16960K)->16650K(16960K) NonClass: 14323K(14464K)->14323K(14464K) Class: 2327K(2496K)->2327K(2496K)
[866.249s][info][gc             ] GC(1822) Pause Full (Allocation Failure) 759M->189M(989M) 496.478ms
[866.249s][info][gc,cpu         ] GC(1822) User=0.48s Sys=0.00s Real=0.50s
[866.389s][info][gc,start       ] GC(1823) Pause Young (Allocation Failure)
[866.674s][info][gc,heap        ] GC(1823) DefNew: 279616K(314560K)->34943K(314560K) Eden: 279616K(279616K)->0K(279616K) From: 0K(34944K)->34943K(34944K)
[866.674s][info][gc,heap        ] GC(1823) Tenured: 194338K(699072K)->277067K(699072K)
[866.674s][info][gc,metaspace   ] GC(1823) Metaspace: 16650K(16960K)->16650K(16960K) NonClass: 14323K(14464K)->14323K(14464K) Class: 2327K(2496K)->2327K(2496K)
[866.674s][info][gc             ] GC(1823) Pause Young (Allocation Failure) 462M->304M(989M) 285.118ms
[866.674s][info][gc,cpu         ] GC(1823) User=0.27s Sys=0.00s Real=0.28s
[866.819s][info][gc,start       ] GC(1824) Pause Young (Allocation Failure)
[867.214s][info][gc,heap        ] GC(1824) DefNew: 314559K(314560K)->34943K(314560K) Eden: 279616K(279616K)->0K(279616K) From: 34943K(34944K)->34943K(34944K)
[867.214s][info][gc,heap        ] GC(1824) Tenured: 277067K(699072K)->394608K(699072K)
[867.214s][info][gc,metaspace   ] GC(1824) Metaspace: 16650K(16960K)->16650K(16960K) NonClass: 14323K(14464K)->14323K(14464K) Class: 2327K(2496K)->2327K(2496K)
[867.214s][info][gc             ] GC(1824) Pause Young (Allocation Failure) 577M->419M(989M) 394.282ms
[867.214s][info][gc,cpu         ] GC(1824) User=0.39s Sys=0.00s Real=0.39s
[867.676s][info][gc,start       ] GC(1825) Pause Young (Allocation Failure)
[867.969s][info][gc,heap        ] GC(1825) DefNew: 314559K(314560K)->34944K(314560K) Eden: 279616K(279616K)->0K(279616K) From: 34943K(34944K)->34944K(34944K)
[867.969s][info][gc,heap        ] GC(1825) Tenured: 394608K(699072K)->452070K(699072K)
[867.969s][info][gc,metaspace   ] GC(1825) Metaspace: 16650K(16960K)->16650K(16960K) NonClass: 14323K(14464K)->14323K(14464K) Class: 2327K(2496K)->2327K(2496K)
[867.969s][info][gc             ] GC(1825) Pause Young (Allocation Failure) 692M->475M(989M) 293.170ms
[867.969s][info][gc,cpu         ] GC(1825) User=0.27s Sys=0.00s Real=0.29s
[868.330s][info][gc,start       ] GC(1826) Pause Young (Allocation Failure)
[868.416s][info][gc,heap        ] GC(1826) DefNew: 314560K(314560K)->2041K(314560K) Eden: 279616K(279616K)->0K(279616K) From: 34944K(34944K)->2041K(34944K)
[868.416s][info][gc,heap        ] GC(1826) Tenured: 452070K(699072K)->466710K(699072K)
[868.416s][info][gc,metaspace   ] GC(1826) Metaspace: 16650K(16960K)->16650K(16960K) NonClass: 14323K(14464K)->14323K(14464K) Class: 2327K(2496K)->2327K(2496K)
[868.416s][info][gc             ] GC(1826) Pause Young (Allocation Failure) 748M->457M(989M) 85.998ms
[868.416s][info][gc,cpu         ] GC(1826) User=0.08s Sys=0.00s Real=0.08s
[869.200s][info][gc,start       ] GC(1827) Pause Full (System.gc())
[869.200s][info][gc,phases,start] GC(1827) Phase 1: Mark live objects
[869.206s][info][gc,phases      ] GC(1827) Phase 1: Mark live objects 6.402ms
[869.206s][info][gc,phases,start] GC(1827) Phase 2: Compute new object addresses
[869.296s][info][gc,phases      ] GC(1827) Phase 2: Compute new object addresses 89.617ms
[869.296s][info][gc,phases,start] GC(1827) Phase 3: Adjust pointers
[869.299s][info][gc,phases      ] GC(1827) Phase 3: Adjust pointers 3.644ms
[869.299s][info][gc,phases,start] GC(1827) Phase 4: Move objects
[869.299s][info][gc,phases      ] GC(1827) Phase 4: Move objects 0.009ms
[869.300s][info][gc,heap        ] GC(1827) DefNew: 174603K(314560K)->0K(314560K) Eden: 172562K(279616K)->0K(279616K) From: 2041K(34944K)->0K(34944K)
[869.300s][info][gc,heap        ] GC(1827) Tenured: 466710K(699072K)->22070K(699072K)
[869.300s][info][gc,metaspace   ] GC(1827) Metaspace: 16650K(16960K)->16650K(16960K) NonClass: 14323K(14464K)->14323K(14464K) Class: 2327K(2496K)->2327K(2496K)
[869.300s][info][gc             ] GC(1827) Pause Full (System.gc()) 626M->21M(989M) 100.020ms
[869.300s][info][gc,cpu         ] GC(1827) User=0.09s Sys=0.00s Real=0.09s
[870.567s][info][gc,start       ] GC(1828) Pause Young (Allocation Failure)
[870.568s][info][gc,heap        ] GC(1828) DefNew: 279616K(314560K)->232K(314560K) Eden: 279616K(279616K)->0K(279616K) From: 0K(34944K)->232K(34944K)
[870.568s][info][gc,heap        ] GC(1828) Tenured: 22070K(699072K)->22070K(699072K)
[870.568s][info][gc,metaspace   ] GC(1828) Metaspace: 16650K(16960K)->16650K(16960K) NonClass: 14323K(14464K)->14323K(14464K) Class: 2327K(2496K)->2327K(2496K)
[870.568s][info][gc             ] GC(1828) Pause Young (Allocation Failure) 294M->21M(989M) 1.125ms
[870.568s][info][gc,cpu         ] GC(1828) User=0.00s Sys=0.00s Real=0.00s
[870.611s][info][gc,start       ] GC(1829) Pause Young (Allocation Failure)
[870.612s][info][gc,heap        ] GC(1829) DefNew: 279848K(314560K)->232K(314560K) Eden: 279616K(279616K)->0K(279616K) From: 232K(34944K)->232K(34944K)
[870.612s][info][gc,heap        ] GC(1829) Tenured: 22070K(699072K)->22070K(699072K)
[870.612s][info][gc,metaspace   ] GC(1829) Metaspace: 16650K(16960K)->16650K(16960K) NonClass: 14323K(14464K)->14323K(14464K) Class: 2327K(2496K)->2327K(2496K)
[870.612s][info][gc             ] GC(1829) Pause Young (Allocation Failure) 294M->21M(989M) 0.981ms
[870.612s][info][gc,cpu         ] GC(1829) User=0.00s Sys=0.00s Real=0.00s
[870.656s][info][gc,start       ] GC(1830) Pause Young (Allocation Failure)
[870.656s][info][gc,heap        ] GC(1830) DefNew: 279848K(314560K)->239K(314560K) Eden: 279616K(279616K)->0K(279616K) From: 232K(34944K)->239K(34944K)
[870.656s][info][gc,heap        ] GC(1830) Tenured: 22070K(699072K)->22070K(699072K)
[870.656s][info][gc,metaspace   ] GC(1830) Metaspace: 16650K(16960K)->16650K(16960K) NonClass: 14323K(14464K)->14323K(14464K) Class: 2327K(2496K)->2327K(2496K)
[870.656s][info][gc             ] GC(1830) Pause Young (Allocation Failure) 294M->21M(989M) 0.861ms
[870.656s][info][gc,cpu         ] GC(1830) User=0.00s Sys=0.00s Real=0.00s
[870.700s][info][gc,start       ] GC(1831) Pause Young (Allocation Failure)
[870.701s][info][gc,heap        ] GC(1831) DefNew: 279855K(314560K)->251K(314560K) Eden: 279616K(279616K)->0K(279616K) From: 239K(34944K)->251K(34944K)
[870.701s][info][gc,heap        ] GC(1831) Tenured: 22070K(699072K)->22070K(699072K)
[870.701s][info][gc,metaspace   ] GC(1831) Metaspace: 16650K(16960K)->16650K(16960K) NonClass: 14323K(14464K)->14323K(14464K) Class: 2327K(2496K)->2327K(2496K)
[870.701s][info][gc             ] GC(1831) Pause Young (Allocation Failure) 294M->21M(989M) 1.035ms
[870.701s][info][gc,cpu         ] GC(1831) User=0.00s Sys=0.00s Real=0.00s
[870.744s][info][gc,start       ] GC(1832) Pause Young (Allocation Failure)
[870.745s][info][gc,heap        ] GC(1832) DefNew: 279867K(314560K)->242K(314560K) Eden: 279616K(279616K)->0K(279616K) From: 251K(34944K)->242K(34944K)
[870.745s][info][gc,heap        ] GC(1832) Tenured: 22070K(699072K)->22070K(699072K)
[870.745s][info][gc,metaspace   ] GC(1832) Metaspace: 16650K(16960K)->16650K(16960K) NonClass: 14323K(14464K)->14323K(14464K) Class: 2327K(2496K)->2327K(2496K)
[870.745s][info][gc             ] GC(1832) Pause Young (Allocation Failure) 294M->21M(989M) 0.827ms
[870.745s][info][gc,cpu         ] GC(1832) User=0.00s Sys=0.00s Real=0.00s
[870.788s][info][gc,start       ] GC(1833) Pause Young (Allocation Failure)
[870.789s][info][gc,heap        ] GC(1833) DefNew: 279858K(314560K)->248K(314560K) Eden: 279616K(279616K)->0K(279616K) From: 242K(34944K)->248K(34944K)
[870.789s][info][gc,heap        ] GC(1833) Tenured: 22070K(699072K)->22070K(699072K)
[870.789s][info][gc,metaspace   ] GC(1833) Metaspace: 16650K(16960K)->16650K(16960K) NonClass: 14323K(14464K)->14323K(14464K) Class: 2327K(2496K)->2327K(2496K)
[870.789s][info][gc             ] GC(1833) Pause Young (Allocation Failure) 294M->21M(989M) 0.794ms
[870.789s][info][gc,cpu         ] GC(1833) User=0.00s Sys=0.00s Real=0.00s
[870.831s][info][gc,start       ] GC(1834) Pause Young (Allocation Failure)
[870.832s][info][gc,heap        ] GC(1834) DefNew: 279864K(314560K)->242K(314560K) Eden: 279616K(279616K)->0K(279616K) From: 248K(34944K)->242K(34944K)
[870.832s][info][gc,heap        ] GC(1834) Tenured: 22070K(699072K)->22070K(699072K)
[870.832s][info][gc,metaspace   ] GC(1834) Metaspace: 16650K(16960K)->16650K(16960K) NonClass: 14323K(14464K)->14323K(14464K) Class: 2327K(2496K)->2327K(2496K)
[870.832s][info][gc             ] GC(1834) Pause Young (Allocation Failure) 294M->21M(989M) 0.808ms
[870.832s][info][gc,cpu         ] GC(1834) User=0.00s Sys=0.00s Real=0.00s
[870.875s][info][gc,start       ] GC(1835) Pause Young (Allocation Failure)
[870.876s][info][gc,heap        ] GC(1835) DefNew: 279858K(314560K)->242K(314560K) Eden: 279616K(279616K)->0K(279616K) From: 242K(34944K)->242K(34944K)
[870.876s][info][gc,heap        ] GC(1835) Tenured: 22070K(699072K)->22070K(699072K)
[870.876s][info][gc,metaspace   ] GC(1835) Metaspace: 16650K(16960K)->16650K(16960K) NonClass: 14323K(14464K)->14323K(14464K) Class: 2327K(2496K)->2327K(2496K)
[870.876s][info][gc             ] GC(1835) Pause Young (Allocation Failure) 294M->21M(989M) 0.788ms
[870.876s][info][gc,cpu         ] GC(1835) User=0.00s Sys=0.00s Real=0.00s
[870.920s][info][gc,start       ] GC(1836) Pause Young (Allocation Failure)
[870.921s][info][gc,heap        ] GC(1836) DefNew: 279858K(314560K)->242K(314560K) Eden: 279616K(279616K)->0K(279616K) From: 242K(34944K)->242K(34944K)
[870.921s][info][gc,heap        ] GC(1836) Tenured: 22070K(699072K)->22070K(699072K)
[870.921s][info][gc,metaspace   ] GC(1836) Metaspace: 16650K(16960K)->16650K(16960K) NonClass: 14323K(14464K)->14323K(14464K) Class: 2327K(2496K)->2327K(2496K)
[870.921s][info][gc             ] GC(1836) Pause Young (Allocation Failure) 294M->21M(989M) 0.825ms
[870.921s][info][gc,cpu         ] GC(1836) User=0.00s Sys=0.00s Real=0.00s
[870.964s][info][gc,start       ] GC(1837) Pause Young (Allocation Failure)
[870.965s][info][gc,heap        ] GC(1837) DefNew: 279858K(314560K)->210K(314560K) Eden: 279616K(279616K)->0K(279616K) From: 242K(34944K)->210K(34944K)
[870.965s][info][gc,heap        ] GC(1837) Tenured: 22070K(699072K)->22070K(699072K)
[870.965s][info][gc,metaspace   ] GC(1837) Metaspace: 16650K(16960K)->16650K(16960K) NonClass: 14323K(14464K)->14323K(14464K) Class: 2327K(2496K)->2327K(2496K)
[870.965s][info][gc             ] GC(1837) Pause Young (Allocation Failure) 294M->21M(989M) 0.789ms
[870.965s][info][gc,cpu         ] GC(1837) User=0.00s Sys=0.00s Real=0.00s
[871.026s][info][gc,start       ] GC(1838) Pause Young (Allocation Failure)
[871.115s][info][gc,heap        ] GC(1838) DefNew: 279826K(314560K)->34944K(314560K) Eden: 279616K(279616K)->0K(279616K) From: 210K(34944K)->34944K(34944K)
[871.115s][info][gc,heap        ] GC(1838) Tenured: 22070K(699072K)->26495K(699072K)
[871.115s][info][gc,metaspace   ] GC(1838) Metaspace: 16650K(16960K)->16650K(16960K) NonClass: 14323K(14464K)->14323K(14464K) Class: 2327K(2496K)->2327K(2496K)
[871.115s][info][gc             ] GC(1838) Pause Young (Allocation Failure) 294M->59M(989M) 89.434ms
[871.115s][info][gc,cpu         ] GC(1838) User=0.08s Sys=0.00s Real=0.09s
[871.277s][info][gc,start       ] GC(1839) Pause Young (Allocation Failure)
[871.825s][info][gc,heap        ] GC(1839) DefNew: 314560K(314560K)->34944K(314560K) Eden: 279616K(279616K)->0K(279616K) From: 34944K(34944K)->34944K(34944K)
[871.825s][info][gc,heap        ] GC(1839) Tenured: 26495K(699072K)->205720K(699072K)
[871.825s][info][gc,metaspace   ] GC(1839) Metaspace: 16650K(16960K)->16650K(16960K) NonClass: 14323K(14464K)->14323K(14464K) Class: 2327K(2496K)->2327K(2496K)
[871.825s][info][gc             ] GC(1839) Pause Young (Allocation Failure) 333M->235M(989M) 548.536ms
[871.825s][info][gc,cpu         ] GC(1839) User=0.53s Sys=0.00s Real=0.55s
[872.004s][info][gc,start       ] GC(1840) Pause Young (Allocation Failure)
[872.649s][info][gc,heap        ] GC(1840) DefNew: 314560K(314560K)->34944K(314560K) Eden: 279616K(279616K)->0K(279616K) From: 34944K(34944K)->34944K(34944K)
[872.649s][info][gc,heap        ] GC(1840) Tenured: 205720K(699072K)->388392K(699072K)
[872.649s][info][gc,metaspace   ] GC(1840) Metaspace: 16650K(16960K)->16650K(16960K) NonClass: 14323K(14464K)->14323K(14464K) Class: 2327K(2496K)->2327K(2496K)
[872.649s][info][gc             ] GC(1840) Pause Young (Allocation Failure) 508M->413M(989M) 645.476ms
[872.649s][info][gc,cpu         ] GC(1840) User=0.61s Sys=0.02s Real=0.64s
[875.232s][info][gc,start       ] GC(1841) Pause Young (Allocation Failure)
[875.601s][info][gc,heap        ] GC(1841) DefNew: 314560K(314560K)->34944K(314560K) Eden: 279616K(279616K)->0K(279616K) From: 34944K(34944K)->34944K(34944K)
[875.601s][info][gc,heap        ] GC(1841) Tenured: 388392K(699072K)->482096K(699072K)
[875.601s][info][gc,metaspace   ] GC(1841) Metaspace: 16650K(16960K)->16650K(16960K) NonClass: 14323K(14464K)->14323K(14464K) Class: 2327K(2496K)->2327K(2496K)
[875.601s][info][gc             ] GC(1841) Pause Young (Allocation Failure) 686M->504M(989M) 368.691ms
[875.601s][info][gc,cpu         ] GC(1841) User=0.34s Sys=0.02s Real=0.36s
[875.737s][info][gc,start       ] GC(1842) Pause Young (Allocation Failure)
[875.737s][info][gc             ] GC(1842) Pause Young (Allocation Failure) 777M->777M(989M) 0.140ms
[875.737s][info][gc,cpu         ] GC(1842) User=0.00s Sys=0.00s Real=0.00s
[875.737s][info][gc,start       ] GC(1843) Pause Full (Allocation Failure)
[875.737s][info][gc,phases,start] GC(1843) Phase 1: Mark live objects
[875.938s][info][gc,phases      ] GC(1843) Phase 1: Mark live objects 200.083ms
[875.938s][info][gc,phases,start] GC(1843) Phase 2: Compute new object addresses
[876.057s][info][gc,phases      ] GC(1843) Phase 2: Compute new object addresses 119.900ms
[876.058s][info][gc,phases,start] GC(1843) Phase 3: Adjust pointers
[876.167s][info][gc,phases      ] GC(1843) Phase 3: Adjust pointers 109.237ms
[876.167s][info][gc,phases,start] GC(1843) Phase 4: Move objects
[876.243s][info][gc,phases      ] GC(1843) Phase 4: Move objects 75.993ms
[876.243s][info][gc,heap        ] GC(1843) DefNew: 314560K(314560K)->0K(314560K) Eden: 279616K(279616K)->0K(279616K) From: 34944K(34944K)->0K(34944K)
[876.243s][info][gc,heap        ] GC(1843) Tenured: 482096K(699072K)->180101K(699072K)
[876.243s][info][gc,metaspace   ] GC(1843) Metaspace: 16650K(16960K)->16650K(16960K) NonClass: 14323K(14464K)->14323K(14464K) Class: 2327K(2496K)->2327K(2496K)
[876.243s][info][gc             ] GC(1843) Pause Full (Allocation Failure) 777M->175M(989M) 505.684ms
[876.243s][info][gc,cpu         ] GC(1843) User=0.45s Sys=0.00s Real=0.50s
[876.384s][info][gc,start       ] GC(1844) Pause Young (Allocation Failure)
[876.669s][info][gc,heap        ] GC(1844) DefNew: 279616K(314560K)->34944K(314560K) Eden: 279616K(279616K)->0K(279616K) From: 0K(34944K)->34944K(34944K)
[876.669s][info][gc,heap        ] GC(1844) Tenured: 180101K(699072K)->262827K(699072K)
[876.669s][info][gc,metaspace   ] GC(1844) Metaspace: 16650K(16960K)->16650K(16960K) NonClass: 14323K(14464K)->14323K(14464K) Class: 2327K(2496K)->2327K(2496K)
[876.669s][info][gc             ] GC(1844) Pause Young (Allocation Failure) 448M->290M(989M) 285.063ms
[876.669s][info][gc,cpu         ] GC(1844) User=0.27s Sys=0.00s Real=0.29s
[876.815s][info][gc,start       ] GC(1845) Pause Young (Allocation Failure)
[877.207s][info][gc,heap        ] GC(1845) DefNew: 314560K(314560K)->34944K(314560K) Eden: 279616K(279616K)->0K(279616K) From: 34944K(34944K)->34944K(34944K)
[877.207s][info][gc,heap        ] GC(1845) Tenured: 262827K(699072K)->380369K(699072K)
[877.207s][info][gc,metaspace   ] GC(1845) Metaspace: 16650K(16960K)->16650K(16960K) NonClass: 14323K(14464K)->14323K(14464K) Class: 2327K(2496K)->2327K(2496K)
[877.207s][info][gc             ] GC(1845) Pause Young (Allocation Failure) 563M->405M(989M) 392.704ms
[877.207s][info][gc,cpu         ] GC(1845) User=0.38s Sys=0.00s Real=0.39s
[877.673s][info][gc,start       ] GC(1846) Pause Young (Allocation Failure)
[877.961s][info][gc,heap        ] GC(1846) DefNew: 314560K(314560K)->34944K(314560K) Eden: 279616K(279616K)->0K(279616K) From: 34944K(34944K)->34944K(34944K)
[877.961s][info][gc,heap        ] GC(1846) Tenured: 380369K(699072K)->434948K(699072K)
[877.961s][info][gc,metaspace   ] GC(1846) Metaspace: 16650K(16960K)->16650K(16960K) NonClass: 14323K(14464K)->14323K(14464K) Class: 2327K(2496K)->2327K(2496K)
[877.961s][info][gc             ] GC(1846) Pause Young (Allocation Failure) 678M->458M(989M) 287.775ms
[877.961s][info][gc,cpu         ] GC(1846) User=0.27s Sys=0.00s Real=0.28s
[878.323s][info][gc,start       ] GC(1847) Pause Young (Allocation Failure)
[878.406s][info][gc,heap        ] GC(1847) DefNew: 314560K(314560K)->1950K(314560K) Eden: 279616K(279616K)->0K(279616K) From: 34944K(34944K)->1950K(34944K)
[878.406s][info][gc,heap        ] GC(1847) Tenured: 434948K(699072K)->448412K(699072K)
[878.406s][info][gc,metaspace   ] GC(1847) Metaspace: 16650K(16960K)->16650K(16960K) NonClass: 14323K(14464K)->14323K(14464K) Class: 2327K(2496K)->2327K(2496K)
[878.406s][info][gc             ] GC(1847) Pause Young (Allocation Failure) 731M->439M(989M) 83.017ms
[878.406s][info][gc,cpu         ] GC(1847) User=0.08s Sys=0.00s Real=0.08s
[879.175s][info][gc,start       ] GC(1848) Pause Full (System.gc())
[879.175s][info][gc,phases,start] GC(1848) Phase 1: Mark live objects
[879.181s][info][gc,phases      ] GC(1848) Phase 1: Mark live objects 6.106ms
[879.181s][info][gc,phases,start] GC(1848) Phase 2: Compute new object addresses
[879.270s][info][gc,phases      ] GC(1848) Phase 2: Compute new object addresses 89.118ms
[879.270s][info][gc,phases,start] GC(1848) Phase 3: Adjust pointers
[879.274s][info][gc,phases      ] GC(1848) Phase 3: Adjust pointers 3.638ms
[879.274s][info][gc,phases,start] GC(1848) Phase 4: Move objects
[879.274s][info][gc,phases      ] GC(1848) Phase 4: Move objects 0.009ms
[879.274s][info][gc,heap        ] GC(1848) DefNew: 165607K(314560K)->0K(314560K) Eden: 163656K(279616K)->0K(279616K) From: 1950K(34944K)->0K(34944K)
[879.274s][info][gc,heap        ] GC(1848) Tenured: 448412K(699072K)->5130K(699072K)
[879.274s][info][gc,metaspace   ] GC(1848) Metaspace: 16650K(16960K)->16650K(16960K) NonClass: 14323K(14464K)->14323K(14464K) Class: 2327K(2496K)->2327K(2496K)
[879.274s][info][gc             ] GC(1848) Pause Full (System.gc()) 599M->5M(989M) 99.209ms
[879.274s][info][gc,cpu         ] GC(1848) User=0.09s Sys=0.00s Real=0.10s
[880.542s][info][gc,start       ] GC(1849) Pause Young (Allocation Failure)
[880.543s][info][gc,heap        ] GC(1849) DefNew: 279616K(314560K)->238K(314560K) Eden: 279616K(279616K)->0K(279616K) From: 0K(34944K)->238K(34944K)
[880.543s][info][gc,heap        ] GC(1849) Tenured: 5130K(699072K)->5130K(699072K)
[880.543s][info][gc,metaspace   ] GC(1849) Metaspace: 16650K(16960K)->16650K(16960K) NonClass: 14323K(14464K)->14323K(14464K) Class: 2327K(2496K)->2327K(2496K)
[880.543s][info][gc             ] GC(1849) Pause Young (Allocation Failure) 278M->5M(989M) 1.086ms
[880.543s][info][gc,cpu         ] GC(1849) User=0.00s Sys=0.00s Real=0.00s
[880.587s][info][gc,start       ] GC(1850) Pause Young (Allocation Failure)
[880.588s][info][gc,heap        ] GC(1850) DefNew: 279854K(314560K)->255K(314560K) Eden: 279616K(279616K)->0K(279616K) From: 238K(34944K)->255K(34944K)
[880.588s][info][gc,heap        ] GC(1850) Tenured: 5130K(699072K)->5130K(699072K)
[880.588s][info][gc,metaspace   ] GC(1850) Metaspace: 16650K(16960K)->16650K(16960K) NonClass: 14323K(14464K)->14323K(14464K) Class: 2327K(2496K)->2327K(2496K)
[880.588s][info][gc             ] GC(1850) Pause Young (Allocation Failure) 278M->5M(989M) 0.876ms
[880.588s][info][gc,cpu         ] GC(1850) User=0.00s Sys=0.00s Real=0.00s
[880.631s][info][gc,start       ] GC(1851) Pause Young (Allocation Failure)
[880.632s][info][gc,heap        ] GC(1851) DefNew: 279871K(314560K)->259K(314560K) Eden: 279616K(279616K)->0K(279616K) From: 255K(34944K)->259K(34944K)
[880.632s][info][gc,heap        ] GC(1851) Tenured: 5130K(699072K)->5130K(699072K)
[880.632s][info][gc,metaspace   ] GC(1851) Metaspace: 16650K(16960K)->16650K(16960K) NonClass: 14323K(14464K)->14323K(14464K) Class: 2327K(2496K)->2327K(2496K)
[880.632s][info][gc             ] GC(1851) Pause Young (Allocation Failure) 278M->5M(989M) 0.908ms
[880.632s][info][gc,cpu         ] GC(1851) User=0.00s Sys=0.00s Real=0.00s
[880.677s][info][gc,start       ] GC(1852) Pause Young (Allocation Failure)
[880.677s][info][gc,heap        ] GC(1852) DefNew: 279875K(314560K)->251K(314560K) Eden: 279616K(279616K)->0K(279616K) From: 259K(34944K)->251K(34944K)
[880.677s][info][gc,heap        ] GC(1852) Tenured: 5130K(699072K)->5130K(699072K)
[880.677s][info][gc,metaspace   ] GC(1852) Metaspace: 16650K(16960K)->16650K(16960K) NonClass: 14323K(14464K)->14323K(14464K) Class: 2327K(2496K)->2327K(2496K)
[880.677s][info][gc             ] GC(1852) Pause Young (Allocation Failure) 278M->5M(989M) 0.795ms
[880.677s][info][gc,cpu         ] GC(1852) User=0.00s Sys=0.00s Real=0.00s
[880.721s][info][gc,start       ] GC(1853) Pause Young (Allocation Failure)
[880.721s][info][gc,heap        ] GC(1853) DefNew: 279867K(314560K)->248K(314560K) Eden: 279616K(279616K)->0K(279616K) From: 251K(34944K)->248K(34944K)
[880.721s][info][gc,heap        ] GC(1853) Tenured: 5130K(699072K)->5130K(699072K)
[880.721s][info][gc,metaspace   ] GC(1853) Metaspace: 16650K(16960K)->16650K(16960K) NonClass: 14323K(14464K)->14323K(14464K) Class: 2327K(2496K)->2327K(2496K)
[880.721s][info][gc             ] GC(1853) Pause Young (Allocation Failure) 278M->5M(989M) 0.850ms
[880.721s][info][gc,cpu         ] GC(1853) User=0.00s Sys=0.00s Real=0.00s
[880.765s][info][gc,start       ] GC(1854) Pause Young (Allocation Failure)
[880.766s][info][gc,heap        ] GC(1854) DefNew: 279864K(314560K)->240K(314560K) Eden: 279616K(279616K)->0K(279616K) From: 248K(34944K)->240K(34944K)
[880.766s][info][gc,heap        ] GC(1854) Tenured: 5130K(699072K)->5130K(699072K)
[880.766s][info][gc,metaspace   ] GC(1854) Metaspace: 16650K(16960K)->16650K(16960K) NonClass: 14323K(14464K)->14323K(14464K) Class: 2327K(2496K)->2327K(2496K)
[880.766s][info][gc             ] GC(1854) Pause Young (Allocation Failure) 278M->5M(989M) 0.820ms
[880.766s][info][gc,cpu         ] GC(1854) User=0.00s Sys=0.00s Real=0.00s
[880.809s][info][gc,start       ] GC(1855) Pause Young (Allocation Failure)
[880.810s][info][gc,heap        ] GC(1855) DefNew: 279856K(314560K)->251K(314560K) Eden: 279616K(279616K)->0K(279616K) From: 240K(34944K)->251K(34944K)
[880.810s][info][gc,heap        ] GC(1855) Tenured: 5130K(699072K)->5130K(699072K)
[880.810s][info][gc,metaspace   ] GC(1855) Metaspace: 16650K(16960K)->16650K(16960K) NonClass: 14323K(14464K)->14323K(14464K) Class: 2327K(2496K)->2327K(2496K)
[880.810s][info][gc             ] GC(1855) Pause Young (Allocation Failure) 278M->5M(989M) 0.836ms
[880.810s][info][gc,cpu         ] GC(1855) User=0.00s Sys=0.00s Real=0.00s
[880.853s][info][gc,start       ] GC(1856) Pause Young (Allocation Failure)
[880.854s][info][gc,heap        ] GC(1856) DefNew: 279867K(314560K)->256K(314560K) Eden: 279616K(279616K)->0K(279616K) From: 251K(34944K)->256K(34944K)
[880.854s][info][gc,heap        ] GC(1856) Tenured: 5130K(699072K)->5130K(699072K)
[880.854s][info][gc,metaspace   ] GC(1856) Metaspace: 16650K(16960K)->16650K(16960K) NonClass: 14323K(14464K)->14323K(14464K) Class: 2327K(2496K)->2327K(2496K)
[880.854s][info][gc             ] GC(1856) Pause Young (Allocation Failure) 278M->5M(989M) 0.868ms
[880.854s][info][gc,cpu         ] GC(1856) User=0.00s Sys=0.00s Real=0.00s
[880.898s][info][gc,start       ] GC(1857) Pause Young (Allocation Failure)
[880.899s][info][gc,heap        ] GC(1857) DefNew: 279872K(314560K)->247K(314560K) Eden: 279616K(279616K)->0K(279616K) From: 256K(34944K)->247K(34944K)
[880.899s][info][gc,heap        ] GC(1857) Tenured: 5130K(699072K)->5130K(699072K)
[880.899s][info][gc,metaspace   ] GC(1857) Metaspace: 16650K(16960K)->16650K(16960K) NonClass: 14323K(14464K)->14323K(14464K) Class: 2327K(2496K)->2327K(2496K)
[880.899s][info][gc             ] GC(1857) Pause Young (Allocation Failure) 278M->5M(989M) 0.811ms
[880.899s][info][gc,cpu         ] GC(1857) User=0.00s Sys=0.00s Real=0.00s
[880.943s][info][gc,start       ] GC(1858) Pause Young (Allocation Failure)
[880.943s][info][gc,heap        ] GC(1858) DefNew: 279863K(314560K)->220K(314560K) Eden: 279616K(279616K)->0K(279616K) From: 247K(34944K)->220K(34944K)
[880.943s][info][gc,heap        ] GC(1858) Tenured: 5130K(699072K)->5130K(699072K)
[880.943s][info][gc,metaspace   ] GC(1858) Metaspace: 16650K(16960K)->16650K(16960K) NonClass: 14323K(14464K)->14323K(14464K) Class: 2327K(2496K)->2327K(2496K)
[880.943s][info][gc             ] GC(1858) Pause Young (Allocation Failure) 278M->5M(989M) 0.779ms
[880.943s][info][gc,cpu         ] GC(1858) User=0.00s Sys=0.00s Real=0.00s
[881.004s][info][gc,start       ] GC(1859) Pause Young (Allocation Failure)
[881.093s][info][gc,heap        ] GC(1859) DefNew: 279836K(314560K)->34944K(314560K) Eden: 279616K(279616K)->0K(279616K) From: 220K(34944K)->34944K(34944K)
[881.093s][info][gc,heap        ] GC(1859) Tenured: 5130K(699072K)->9113K(699072K)
[881.093s][info][gc,metaspace   ] GC(1859) Metaspace: 16650K(16960K)->16650K(16960K) NonClass: 14323K(14464K)->14323K(14464K) Class: 2327K(2496K)->2327K(2496K)
[881.093s][info][gc             ] GC(1859) Pause Young (Allocation Failure) 278M->43M(989M) 88.597ms
[881.093s][info][gc,cpu         ] GC(1859) User=0.09s Sys=0.00s Real=0.10s
[881.252s][info][gc,start       ] GC(1860) Pause Young (Allocation Failure)
[881.801s][info][gc,heap        ] GC(1860) DefNew: 314560K(314560K)->34944K(314560K) Eden: 279616K(279616K)->0K(279616K) From: 34944K(34944K)->34944K(34944K)
[881.801s][info][gc,heap        ] GC(1860) Tenured: 9113K(699072K)->187694K(699072K)
[881.801s][info][gc,metaspace   ] GC(1860) Metaspace: 16650K(16960K)->16650K(16960K) NonClass: 14323K(14464K)->14323K(14464K) Class: 2327K(2496K)->2327K(2496K)
[881.801s][info][gc             ] GC(1860) Pause Young (Allocation Failure) 316M->217M(989M) 548.148ms
[881.801s][info][gc,cpu         ] GC(1860) User=0.48s Sys=0.00s Real=0.55s
[881.980s][info][gc,start       ] GC(1861) Pause Young (Allocation Failure)
[882.615s][info][gc,heap        ] GC(1861) DefNew: 314560K(314560K)->34944K(314560K) Eden: 279616K(279616K)->0K(279616K) From: 34944K(34944K)->34944K(34944K)
[882.615s][info][gc,heap        ] GC(1861) Tenured: 187694K(699072K)->369955K(699072K)
[882.615s][info][gc,metaspace   ] GC(1861) Metaspace: 16650K(16960K)->16650K(16960K) NonClass: 14323K(14464K)->14323K(14464K) Class: 2327K(2496K)->2327K(2496K)
[882.615s][info][gc             ] GC(1861) Pause Young (Allocation Failure) 490M->395M(989M) 634.647ms
[882.615s][info][gc,cpu         ] GC(1861) User=0.61s Sys=0.00s Real=0.64s
[885.855s][info][gc,start       ] GC(1862) Pause Young (Allocation Failure)
[886.243s][info][gc,heap        ] GC(1862) DefNew: 314560K(314560K)->34944K(314560K) Eden: 279616K(279616K)->0K(279616K) From: 34944K(34944K)->34944K(34944K)
[886.243s][info][gc,heap        ] GC(1862) Tenured: 369955K(699072K)->464897K(699072K)
[886.243s][info][gc,metaspace   ] GC(1862) Metaspace: 16650K(16960K)->16650K(16960K) NonClass: 14323K(14464K)->14323K(14464K) Class: 2327K(2496K)->2327K(2496K)
[886.243s][info][gc             ] GC(1862) Pause Young (Allocation Failure) 668M->488M(989M) 388.638ms
[886.243s][info][gc,cpu         ] GC(1862) User=0.38s Sys=0.00s Real=0.39s
[886.379s][info][gc,start       ] GC(1863) Pause Young (Allocation Failure)
[886.379s][info][gc             ] GC(1863) Pause Young (Allocation Failure) 761M->761M(989M) 0.126ms
[886.379s][info][gc,cpu         ] GC(1863) User=0.00s Sys=0.00s Real=0.00s
[886.379s][info][gc,start       ] GC(1864) Pause Full (Allocation Failure)
[886.380s][info][gc,phases,start] GC(1864) Phase 1: Mark live objects
[886.572s][info][gc,phases      ] GC(1864) Phase 1: Mark live objects 192.891ms
[886.572s][info][gc,phases,start] GC(1864) Phase 2: Compute new object addresses
[886.691s][info][gc,phases      ] GC(1864) Phase 2: Compute new object addresses 118.227ms
[886.691s][info][gc,phases,start] GC(1864) Phase 3: Adjust pointers
[886.793s][info][gc,phases      ] GC(1864) Phase 3: Adjust pointers 102.548ms
[886.793s][info][gc,phases,start] GC(1864) Phase 4: Move objects
[886.868s][info][gc,phases      ] GC(1864) Phase 4: Move objects 74.870ms
[886.868s][info][gc,heap        ] GC(1864) DefNew: 314560K(314560K)->0K(314560K) Eden: 279616K(279616K)->0K(279616K) From: 34944K(34944K)->0K(34944K)
[886.868s][info][gc,heap        ] GC(1864) Tenured: 464897K(699072K)->202022K(699072K)
[886.868s][info][gc,metaspace   ] GC(1864) Metaspace: 16650K(16960K)->16650K(16960K) NonClass: 14323K(14464K)->14323K(14464K) Class: 2327K(2496K)->2327K(2496K)
[886.868s][info][gc             ] GC(1864) Pause Full (Allocation Failure) 761M->197M(989M) 488.971ms
[886.868s][info][gc,cpu         ] GC(1864) User=0.47s Sys=0.00s Real=0.49s
[887.009s][info][gc,start       ] GC(1865) Pause Young (Allocation Failure)
[887.292s][info][gc,heap        ] GC(1865) DefNew: 279616K(314560K)->34944K(314560K) Eden: 279616K(279616K)->0K(279616K) From: 0K(34944K)->34944K(34944K)
[887.292s][info][gc,heap        ] GC(1865) Tenured: 202022K(699072K)->284747K(699072K)
[887.292s][info][gc,metaspace   ] GC(1865) Metaspace: 16650K(16960K)->16650K(16960K) NonClass: 14323K(14464K)->14323K(14464K) Class: 2327K(2496K)->2327K(2496K)
[887.292s][info][gc             ] GC(1865) Pause Young (Allocation Failure) 470M->312M(989M) 282.774ms
[887.292s][info][gc,cpu         ] GC(1865) User=0.28s Sys=0.00s Real=0.28s
[887.439s][info][gc,start       ] GC(1866) Pause Young (Allocation Failure)
[887.837s][info][gc,heap        ] GC(1866) DefNew: 314560K(314560K)->34943K(314560K) Eden: 279616K(279616K)->0K(279616K) From: 34944K(34944K)->34943K(34944K)
[887.837s][info][gc,heap        ] GC(1866) Tenured: 284747K(699072K)->402290K(699072K)
[887.837s][info][gc,metaspace   ] GC(1866) Metaspace: 16650K(16960K)->16650K(16960K) NonClass: 14323K(14464K)->14323K(14464K) Class: 2327K(2496K)->2327K(2496K)
[887.837s][info][gc             ] GC(1866) Pause Young (Allocation Failure) 585M->426M(989M) 397.409ms
[887.837s][info][gc,cpu         ] GC(1866) User=0.38s Sys=0.00s Real=0.39s
[888.284s][info][gc,start       ] GC(1867) Pause Young (Allocation Failure)
[888.578s][info][gc,heap        ] GC(1867) DefNew: 314559K(314560K)->34943K(314560K) Eden: 279616K(279616K)->0K(279616K) From: 34943K(34944K)->34943K(34944K)
[888.578s][info][gc,heap        ] GC(1867) Tenured: 402290K(699072K)->458098K(699072K)
[888.578s][info][gc,metaspace   ] GC(1867) Metaspace: 16650K(16960K)->16650K(16960K) NonClass: 14323K(14464K)->14323K(14464K) Class: 2327K(2496K)->2327K(2496K)
[888.579s][info][gc             ] GC(1867) Pause Young (Allocation Failure) 700M->481M(989M) 294.187ms
[888.579s][info][gc,cpu         ] GC(1867) User=0.27s Sys=0.00s Real=0.30s
[888.938s][info][gc,start       ] GC(1868) Pause Young (Allocation Failure)
[889.025s][info][gc,heap        ] GC(1868) DefNew: 314559K(314560K)->2040K(314560K) Eden: 279616K(279616K)->0K(279616K) From: 34943K(34944K)->2040K(34944K)
[889.025s][info][gc,heap        ] GC(1868) Tenured: 458098K(699072K)->472391K(699072K)
[889.025s][info][gc,metaspace   ] GC(1868) Metaspace: 16650K(16960K)->16650K(16960K) NonClass: 14323K(14464K)->14323K(14464K) Class: 2327K(2496K)->2327K(2496K)
[889.025s][info][gc             ] GC(1868) Pause Young (Allocation Failure) 754M->463M(989M) 86.643ms
[889.025s][info][gc,cpu         ] GC(1868) User=0.08s Sys=0.00s Real=0.08s
[889.801s][info][gc,start       ] GC(1869) Pause Full (System.gc())
[889.801s][info][gc,phases,start] GC(1869) Phase 1: Mark live objects
[889.808s][info][gc,phases      ] GC(1869) Phase 1: Mark live objects 6.294ms
[889.808s][info][gc,phases,start] GC(1869) Phase 2: Compute new object addresses
[889.898s][info][gc,phases      ] GC(1869) Phase 2: Compute new object addresses 90.078ms
[889.898s][info][gc,phases,start] GC(1869) Phase 3: Adjust pointers
[889.901s][info][gc,phases      ] GC(1869) Phase 3: Adjust pointers 3.702ms
[889.901s][info][gc,phases,start] GC(1869) Phase 4: Move objects
[889.901s][info][gc,phases      ] GC(1869) Phase 4: Move objects 0.010ms
[889.902s][info][gc,heap        ] GC(1869) DefNew: 176174K(314560K)->0K(314560K) Eden: 174133K(279616K)->0K(279616K) From: 2040K(34944K)->0K(34944K)
[889.902s][info][gc,heap        ] GC(1869) Tenured: 472391K(699072K)->28244K(699072K)
[889.902s][info][gc,metaspace   ] GC(1869) Metaspace: 16650K(16960K)->16650K(16960K) NonClass: 14323K(14464K)->14323K(14464K) Class: 2327K(2496K)->2327K(2496K)
[889.902s][info][gc             ] GC(1869) Pause Full (System.gc()) 633M->27M(989M) 100.470ms
[889.902s][info][gc,cpu         ] GC(1869) User=0.11s Sys=0.00s Real=0.11s
[891.183s][info][gc,start       ] GC(1870) Pause Young (Allocation Failure)
[891.184s][info][gc,heap        ] GC(1870) DefNew: 279616K(314560K)->245K(314560K) Eden: 279616K(279616K)->0K(279616K) From: 0K(34944K)->245K(34944K)
[891.184s][info][gc,heap        ] GC(1870) Tenured: 28244K(699072K)->28244K(699072K)
[891.184s][info][gc,metaspace   ] GC(1870) Metaspace: 16650K(16960K)->16650K(16960K) NonClass: 14323K(14464K)->14323K(14464K) Class: 2327K(2496K)->2327K(2496K)
[891.184s][info][gc             ] GC(1870) Pause Young (Allocation Failure) 300M->27M(989M) 1.163ms
[891.184s][info][gc,cpu         ] GC(1870) User=0.00s Sys=0.00s Real=0.00s
[891.229s][info][gc,start       ] GC(1871) Pause Young (Allocation Failure)
[891.230s][info][gc,heap        ] GC(1871) DefNew: 279861K(314560K)->236K(314560K) Eden: 279616K(279616K)->0K(279616K) From: 245K(34944K)->236K(34944K)
[891.230s][info][gc,heap        ] GC(1871) Tenured: 28244K(699072K)->28244K(699072K)
[891.230s][info][gc,metaspace   ] GC(1871) Metaspace: 16650K(16960K)->16650K(16960K) NonClass: 14323K(14464K)->14323K(14464K) Class: 2327K(2496K)->2327K(2496K)
[891.230s][info][gc             ] GC(1871) Pause Young (Allocation Failure) 300M->27M(989M) 0.878ms
[891.230s][info][gc,cpu         ] GC(1871) User=0.00s Sys=0.00s Real=0.00s
[891.273s][info][gc,start       ] GC(1872) Pause Young (Allocation Failure)
[891.274s][info][gc,heap        ] GC(1872) DefNew: 279852K(314560K)->259K(314560K) Eden: 279616K(279616K)->0K(279616K) From: 236K(34944K)->259K(34944K)
[891.274s][info][gc,heap        ] GC(1872) Tenured: 28244K(699072K)->28244K(699072K)
[891.274s][info][gc,metaspace   ] GC(1872) Metaspace: 16650K(16960K)->16650K(16960K) NonClass: 14323K(14464K)->14323K(14464K) Class: 2327K(2496K)->2327K(2496K)
[891.274s][info][gc             ] GC(1872) Pause Young (Allocation Failure) 300M->27M(989M) 0.915ms
[891.274s][info][gc,cpu         ] GC(1872) User=0.00s Sys=0.00s Real=0.00s
[891.318s][info][gc,start       ] GC(1873) Pause Young (Allocation Failure)
[891.319s][info][gc,heap        ] GC(1873) DefNew: 279875K(314560K)->235K(314560K) Eden: 279616K(279616K)->0K(279616K) From: 259K(34944K)->235K(34944K)
[891.319s][info][gc,heap        ] GC(1873) Tenured: 28244K(699072K)->28244K(699072K)
[891.319s][info][gc,metaspace   ] GC(1873) Metaspace: 16650K(16960K)->16650K(16960K) NonClass: 14323K(14464K)->14323K(14464K) Class: 2327K(2496K)->2327K(2496K)
[891.319s][info][gc             ] GC(1873) Pause Young (Allocation Failure) 300M->27M(989M) 0.823ms
[891.319s][info][gc,cpu         ] GC(1873) User=0.00s Sys=0.00s Real=0.00s
[891.363s][info][gc,start       ] GC(1874) Pause Young (Allocation Failure)
[891.363s][info][gc,heap        ] GC(1874) DefNew: 279851K(314560K)->245K(314560K) Eden: 279616K(279616K)->0K(279616K) From: 235K(34944K)->245K(34944K)
[891.363s][info][gc,heap        ] GC(1874) Tenured: 28244K(699072K)->28244K(699072K)
[891.363s][info][gc,metaspace   ] GC(1874) Metaspace: 16650K(16960K)->16650K(16960K) NonClass: 14323K(14464K)->14323K(14464K) Class: 2327K(2496K)->2327K(2496K)
[891.363s][info][gc             ] GC(1874) Pause Young (Allocation Failure) 300M->27M(989M) 0.830ms
[891.363s][info][gc,cpu         ] GC(1874) User=0.00s Sys=0.00s Real=0.00s
[891.409s][info][gc,start       ] GC(1875) Pause Young (Allocation Failure)
[891.409s][info][gc,heap        ] GC(1875) DefNew: 279861K(314560K)->250K(314560K) Eden: 279616K(279616K)->0K(279616K) From: 245K(34944K)->250K(34944K)
[891.409s][info][gc,heap        ] GC(1875) Tenured: 28244K(699072K)->28244K(699072K)
[891.409s][info][gc,metaspace   ] GC(1875) Metaspace: 16650K(16960K)->16650K(16960K) NonClass: 14323K(14464K)->14323K(14464K) Class: 2327K(2496K)->2327K(2496K)
[891.409s][info][gc             ] GC(1875) Pause Young (Allocation Failure) 300M->27M(989M) 0.845ms
[891.409s][info][gc,cpu         ] GC(1875) User=0.00s Sys=0.00s Real=0.00s
[891.459s][info][gc,start       ] GC(1876) Pause Young (Allocation Failure)
[891.460s][info][gc,heap        ] GC(1876) DefNew: 279866K(314560K)->216K(314560K) Eden: 279616K(279616K)->0K(279616K) From: 250K(34944K)->216K(34944K)
[891.460s][info][gc,heap        ] GC(1876) Tenured: 28244K(699072K)->28244K(699072K)
[891.460s][info][gc,metaspace   ] GC(1876) Metaspace: 16650K(16960K)->16650K(16960K) NonClass: 14323K(14464K)->14323K(14464K) Class: 2327K(2496K)->2327K(2496K)
[891.460s][info][gc             ] GC(1876) Pause Young (Allocation Failure) 300M->27M(989M) 0.941ms
[891.460s][info][gc,cpu         ] GC(1876) User=0.00s Sys=0.00s Real=0.00s
[891.506s][info][gc,start       ] GC(1877) Pause Young (Allocation Failure)
[891.506s][info][gc,heap        ] GC(1877) DefNew: 279832K(314560K)->200K(314560K) Eden: 279616K(279616K)->0K(279616K) From: 216K(34944K)->200K(34944K)
[891.507s][info][gc,heap        ] GC(1877) Tenured: 28244K(699072K)->28244K(699072K)
[891.507s][info][gc,metaspace   ] GC(1877) Metaspace: 16650K(16960K)->16650K(16960K) NonClass: 14323K(14464K)->14323K(14464K) Class: 2327K(2496K)->2327K(2496K)
[891.507s][info][gc             ] GC(1877) Pause Young (Allocation Failure) 300M->27M(989M) 0.881ms
[891.507s][info][gc,cpu         ] GC(1877) User=0.00s Sys=0.00s Real=0.00s
[891.550s][info][gc,start       ] GC(1878) Pause Young (Allocation Failure)
[891.551s][info][gc,heap        ] GC(1878) DefNew: 279816K(314560K)->219K(314560K) Eden: 279616K(279616K)->0K(279616K) From: 200K(34944K)->219K(34944K)
[891.551s][info][gc,heap        ] GC(1878) Tenured: 28244K(699072K)->28244K(699072K)
[891.551s][info][gc,metaspace   ] GC(1878) Metaspace: 16650K(16960K)->16650K(16960K) NonClass: 14323K(14464K)->14323K(14464K) Class: 2327K(2496K)->2327K(2496K)
[891.551s][info][gc             ] GC(1878) Pause Young (Allocation Failure) 300M->27M(989M) 0.829ms
[891.551s][info][gc,cpu         ] GC(1878) User=0.00s Sys=0.00s Real=0.00s
[891.594s][info][gc,start       ] GC(1879) Pause Young (Allocation Failure)
[891.595s][info][gc,heap        ] GC(1879) DefNew: 279835K(314560K)->219K(314560K) Eden: 279616K(279616K)->0K(279616K) From: 219K(34944K)->219K(34944K)
[891.595s][info][gc,heap        ] GC(1879) Tenured: 28244K(699072K)->28244K(699072K)
[891.595s][info][gc,metaspace   ] GC(1879) Metaspace: 16650K(16960K)->16650K(16960K) NonClass: 14323K(14464K)->14323K(14464K) Class: 2327K(2496K)->2327K(2496K)
[891.595s][info][gc             ] GC(1879) Pause Young (Allocation Failure) 300M->27M(989M) 0.785ms
[891.595s][info][gc,cpu         ] GC(1879) User=0.00s Sys=0.00s Real=0.00s
[891.655s][info][gc,start       ] GC(1880) Pause Young (Allocation Failure)
[891.735s][info][gc,heap        ] GC(1880) DefNew: 279835K(314560K)->34944K(314560K) Eden: 279616K(279616K)->0K(279616K) From: 219K(34944K)->34944K(34944K)
[891.735s][info][gc,heap        ] GC(1880) Tenured: 28244K(699072K)->28651K(699072K)
[891.735s][info][gc,metaspace   ] GC(1880) Metaspace: 16650K(16960K)->16650K(16960K) NonClass: 14323K(14464K)->14323K(14464K) Class: 2327K(2496K)->2327K(2496K)
[891.735s][info][gc             ] GC(1880) Pause Young (Allocation Failure) 300M->62M(989M) 79.529ms
[891.735s][info][gc,cpu         ] GC(1880) User=0.06s Sys=0.00s Real=0.08s
[891.898s][info][gc,start       ] GC(1881) Pause Young (Allocation Failure)
[892.446s][info][gc,heap        ] GC(1881) DefNew: 314560K(314560K)->34943K(314560K) Eden: 279616K(279616K)->0K(279616K) From: 34944K(34944K)->34943K(34944K)
[892.446s][info][gc,heap        ] GC(1881) Tenured: 28651K(699072K)->207420K(699072K)
[892.446s][info][gc,metaspace   ] GC(1881) Metaspace: 16650K(16960K)->16650K(16960K) NonClass: 14323K(14464K)->14323K(14464K) Class: 2327K(2496K)->2327K(2496K)
[892.446s][info][gc             ] GC(1881) Pause Young (Allocation Failure) 335M->236M(989M) 547.899ms
[892.446s][info][gc,cpu         ] GC(1881) User=0.55s Sys=0.00s Real=0.55s
[892.621s][info][gc,start       ] GC(1882) Pause Young (Allocation Failure)
[893.251s][info][gc,heap        ] GC(1882) DefNew: 314559K(314560K)->34944K(314560K) Eden: 279616K(279616K)->0K(279616K) From: 34943K(34944K)->34944K(34944K)
[893.251s][info][gc,heap        ] GC(1882) Tenured: 207420K(699072K)->388635K(699072K)
[893.251s][info][gc,metaspace   ] GC(1882) Metaspace: 16650K(16960K)->16650K(16960K) NonClass: 14323K(14464K)->14323K(14464K) Class: 2327K(2496K)->2327K(2496K)
[893.251s][info][gc             ] GC(1882) Pause Young (Allocation Failure) 509M->413M(989M) 630.676ms
[893.251s][info][gc,cpu         ] GC(1882) User=0.58s Sys=0.00s Real=0.63s
[895.898s][info][gc,start       ] GC(1883) Pause Young (Allocation Failure)
[896.289s][info][gc,heap        ] GC(1883) DefNew: 314560K(314560K)->34944K(314560K) Eden: 279616K(279616K)->0K(279616K) From: 34944K(34944K)->34944K(34944K)
[896.290s][info][gc,heap        ] GC(1883) Tenured: 388635K(699072K)->485976K(699072K)
[896.290s][info][gc,metaspace   ] GC(1883) Metaspace: 16650K(16960K)->16650K(16960K) NonClass: 14323K(14464K)->14323K(14464K) Class: 2327K(2496K)->2327K(2496K)
[896.290s][info][gc             ] GC(1883) Pause Young (Allocation Failure) 686M->508M(989M) 391.452ms
[896.290s][info][gc,cpu         ] GC(1883) User=0.38s Sys=0.00s Real=0.39s
[896.426s][info][gc,start       ] GC(1884) Pause Young (Allocation Failure)
[896.426s][info][gc             ] GC(1884) Pause Young (Allocation Failure) 781M->781M(989M) 0.146ms
[896.426s][info][gc,cpu         ] GC(1884) User=0.00s Sys=0.00s Real=0.00s
[896.426s][info][gc,start       ] GC(1885) Pause Full (Allocation Failure)
[896.426s][info][gc,phases,start] GC(1885) Phase 1: Mark live objects
[896.620s][info][gc,phases      ] GC(1885) Phase 1: Mark live objects 193.921ms
[896.620s][info][gc,phases,start] GC(1885) Phase 2: Compute new object addresses
[896.738s][info][gc,phases      ] GC(1885) Phase 2: Compute new object addresses 117.796ms
[896.738s][info][gc,phases,start] GC(1885) Phase 3: Adjust pointers
[896.840s][info][gc,phases      ] GC(1885) Phase 3: Adjust pointers 102.730ms
[896.840s][info][gc,phases,start] GC(1885) Phase 4: Move objects
[896.915s][info][gc,phases      ] GC(1885) Phase 4: Move objects 74.214ms
[896.915s][info][gc,heap        ] GC(1885) DefNew: 314560K(314560K)->0K(314560K) Eden: 279616K(279616K)->0K(279616K) From: 34944K(34944K)->0K(34944K)
[896.915s][info][gc,heap        ] GC(1885) Tenured: 485976K(699072K)->178230K(699072K)
[896.915s][info][gc,metaspace   ] GC(1885) Metaspace: 16650K(16960K)->16650K(16960K) NonClass: 14323K(14464K)->14323K(14464K) Class: 2327K(2496K)->2327K(2496K)
[896.915s][info][gc             ] GC(1885) Pause Full (Allocation Failure) 781M->174M(989M) 489.082ms
[896.915s][info][gc,cpu         ] GC(1885) User=0.48s Sys=0.00s Real=0.49s
[897.055s][info][gc,start       ] GC(1886) Pause Young (Allocation Failure)
[897.337s][info][gc,heap        ] GC(1886) DefNew: 279616K(314560K)->34944K(314560K) Eden: 279616K(279616K)->0K(279616K) From: 0K(34944K)->34944K(34944K)
[897.337s][info][gc,heap        ] GC(1886) Tenured: 178230K(699072K)->260956K(699072K)
[897.337s][info][gc,metaspace   ] GC(1886) Metaspace: 16650K(16960K)->16650K(16960K) NonClass: 14323K(14464K)->14323K(14464K) Class: 2327K(2496K)->2327K(2496K)
[897.337s][info][gc             ] GC(1886) Pause Young (Allocation Failure) 447M->288M(989M) 282.644ms
[897.337s][info][gc,cpu         ] GC(1886) User=0.30s Sys=0.00s Real=0.28s
[897.489s][info][gc,start       ] GC(1887) Pause Young (Allocation Failure)
[897.882s][info][gc,heap        ] GC(1887) DefNew: 314560K(314560K)->34944K(314560K) Eden: 279616K(279616K)->0K(279616K) From: 34944K(34944K)->34944K(34944K)
[897.882s][info][gc,heap        ] GC(1887) Tenured: 260956K(699072K)->378503K(699072K)
[897.882s][info][gc,metaspace   ] GC(1887) Metaspace: 16650K(16960K)->16650K(16960K) NonClass: 14323K(14464K)->14323K(14464K) Class: 2327K(2496K)->2327K(2496K)
[897.882s][info][gc             ] GC(1887) Pause Young (Allocation Failure) 562M->403M(989M) 393.399ms
[897.882s][info][gc,cpu         ] GC(1887) User=0.39s Sys=0.00s Real=0.39s
[898.330s][info][gc,start       ] GC(1888) Pause Young (Allocation Failure)
[898.626s][info][gc,heap        ] GC(1888) DefNew: 314560K(314560K)->34944K(314560K) Eden: 279616K(279616K)->0K(279616K) From: 34944K(34944K)->34944K(34944K)
[898.626s][info][gc,heap        ] GC(1888) Tenured: 378503K(699072K)->435563K(699072K)
[898.626s][info][gc,metaspace   ] GC(1888) Metaspace: 16650K(16960K)->16650K(16960K) NonClass: 14323K(14464K)->14323K(14464K) Class: 2327K(2496K)->2327K(2496K)
[898.626s][info][gc             ] GC(1888) Pause Young (Allocation Failure) 676M->459M(989M) 295.127ms
[898.626s][info][gc,cpu         ] GC(1888) User=0.28s Sys=0.00s Real=0.30s
[898.988s][info][gc,start       ] GC(1889) Pause Young (Allocation Failure)
[899.077s][info][gc,heap        ] GC(1889) DefNew: 314560K(314560K)->2057K(314560K) Eden: 279616K(279616K)->0K(279616K) From: 34944K(34944K)->2057K(34944K)
[899.077s][info][gc,heap        ] GC(1889) Tenured: 435563K(699072K)->450124K(699072K)
[899.077s][info][gc,metaspace   ] GC(1889) Metaspace: 16650K(16960K)->16650K(16960K) NonClass: 14323K(14464K)->14323K(14464K) Class: 2327K(2496K)->2327K(2496K)
[899.077s][info][gc             ] GC(1889) Pause Young (Allocation Failure) 732M->441M(989M) 89.118ms
[899.077s][info][gc,cpu         ] GC(1889) User=0.08s Sys=0.00s Real=0.08s
[899.857s][info][gc,start       ] GC(1890) Pause Full (System.gc())
[899.857s][info][gc,phases,start] GC(1890) Phase 1: Mark live objects
[899.864s][info][gc,phases      ] GC(1890) Phase 1: Mark live objects 6.477ms
[899.864s][info][gc,phases,start] GC(1890) Phase 2: Compute new object addresses
[899.954s][info][gc,phases      ] GC(1890) Phase 2: Compute new object addresses 89.554ms
[899.954s][info][gc,phases,start] GC(1890) Phase 3: Adjust pointers
[899.957s][info][gc,phases      ] GC(1890) Phase 3: Adjust pointers 3.737ms
[899.957s][info][gc,phases,start] GC(1890) Phase 4: Move objects
[899.957s][info][gc,phases      ] GC(1890) Phase 4: Move objects 0.009ms
[899.957s][info][gc,heap        ] GC(1890) DefNew: 176680K(314560K)->0K(314560K) Eden: 174622K(279616K)->0K(279616K) From: 2057K(34944K)->0K(34944K)
[899.957s][info][gc,heap        ] GC(1890) Tenured: 450124K(699072K)->5129K(699072K)
[899.957s][info][gc,metaspace   ] GC(1890) Metaspace: 16650K(16960K)->16650K(16960K) NonClass: 14323K(14464K)->14323K(14464K) Class: 2327K(2496K)->2327K(2496K)
[899.957s][info][gc             ] GC(1890) Pause Full (System.gc()) 612M->5M(989M) 100.182ms
[899.957s][info][gc,cpu         ] GC(1890) User=0.11s Sys=0.00s Real=0.11s
[901.226s][info][gc,start       ] GC(1891) Pause Young (Allocation Failure)
[901.228s][info][gc,heap        ] GC(1891) DefNew: 279616K(314560K)->243K(314560K) Eden: 279616K(279616K)->0K(279616K) From: 0K(34944K)->243K(34944K)
[901.228s][info][gc,heap        ] GC(1891) Tenured: 5129K(699072K)->5129K(699072K)
[901.228s][info][gc,metaspace   ] GC(1891) Metaspace: 16650K(16960K)->16650K(16960K) NonClass: 14323K(14464K)->14323K(14464K) Class: 2327K(2496K)->2327K(2496K)
[901.228s][info][gc             ] GC(1891) Pause Young (Allocation Failure) 278M->5M(989M) 1.156ms
[901.228s][info][gc,cpu         ] GC(1891) User=0.00s Sys=0.00s Real=0.00s
[901.271s][info][gc,start       ] GC(1892) Pause Young (Allocation Failure)
[901.272s][info][gc,heap        ] GC(1892) DefNew: 279859K(314560K)->252K(314560K) Eden: 279616K(279616K)->0K(279616K) From: 243K(34944K)->252K(34944K)
[901.272s][info][gc,heap        ] GC(1892) Tenured: 5129K(699072K)->5129K(699072K)
[901.272s][info][gc,metaspace   ] GC(1892) Metaspace: 16650K(16960K)->16650K(16960K) NonClass: 14323K(14464K)->14323K(14464K) Class: 2327K(2496K)->2327K(2496K)
[901.272s][info][gc             ] GC(1892) Pause Young (Allocation Failure) 278M->5M(989M) 0.861ms
[901.272s][info][gc,cpu         ] GC(1892) User=0.00s Sys=0.00s Real=0.00s
[901.315s][info][gc,start       ] GC(1893) Pause Young (Allocation Failure)
[901.315s][info][gc,heap        ] GC(1893) DefNew: 279868K(314560K)->261K(314560K) Eden: 279616K(279616K)->0K(279616K) From: 252K(34944K)->261K(34944K)
[901.315s][info][gc,heap        ] GC(1893) Tenured: 5129K(699072K)->5129K(699072K)
[901.315s][info][gc,metaspace   ] GC(1893) Metaspace: 16650K(16960K)->16650K(16960K) NonClass: 14323K(14464K)->14323K(14464K) Class: 2327K(2496K)->2327K(2496K)
[901.315s][info][gc             ] GC(1893) Pause Young (Allocation Failure) 278M->5M(989M) 0.842ms
[901.315s][info][gc,cpu         ] GC(1893) User=0.00s Sys=0.00s Real=0.00s
[901.359s][info][gc,start       ] GC(1894) Pause Young (Allocation Failure)
[901.360s][info][gc,heap        ] GC(1894) DefNew: 279877K(314560K)->241K(314560K) Eden: 279616K(279616K)->0K(279616K) From: 261K(34944K)->241K(34944K)
[901.360s][info][gc,heap        ] GC(1894) Tenured: 5129K(699072K)->5129K(699072K)
[901.360s][info][gc,metaspace   ] GC(1894) Metaspace: 16650K(16960K)->16650K(16960K) NonClass: 14323K(14464K)->14323K(14464K) Class: 2327K(2496K)->2327K(2496K)
[901.360s][info][gc             ] GC(1894) Pause Young (Allocation Failure) 278M->5M(989M) 0.809ms
[901.360s][info][gc,cpu         ] GC(1894) User=0.00s Sys=0.00s Real=0.00s
[901.405s][info][gc,start       ] GC(1895) Pause Young (Allocation Failure)
[901.406s][info][gc,heap        ] GC(1895) DefNew: 279857K(314560K)->245K(314560K) Eden: 279616K(279616K)->0K(279616K) From: 241K(34944K)->245K(34944K)
[901.406s][info][gc,heap        ] GC(1895) Tenured: 5129K(699072K)->5129K(699072K)
[901.406s][info][gc,metaspace   ] GC(1895) Metaspace: 16650K(16960K)->16650K(16960K) NonClass: 14323K(14464K)->14323K(14464K) Class: 2327K(2496K)->2327K(2496K)
[901.406s][info][gc             ] GC(1895) Pause Young (Allocation Failure) 278M->5M(989M) 0.819ms
[901.406s][info][gc,cpu         ] GC(1895) User=0.00s Sys=0.00s Real=0.00s
[901.451s][info][gc,start       ] GC(1896) Pause Young (Allocation Failure)
[901.452s][info][gc,heap        ] GC(1896) DefNew: 279861K(314560K)->240K(314560K) Eden: 279616K(279616K)->0K(279616K) From: 245K(34944K)->240K(34944K)
[901.452s][info][gc,heap        ] GC(1896) Tenured: 5129K(699072K)->5129K(699072K)
[901.452s][info][gc,metaspace   ] GC(1896) Metaspace: 16650K(16960K)->16650K(16960K) NonClass: 14323K(14464K)->14323K(14464K) Class: 2327K(2496K)->2327K(2496K)
[901.452s][info][gc             ] GC(1896) Pause Young (Allocation Failure) 278M->5M(989M) 1.002ms
[901.452s][info][gc,cpu         ] GC(1896) User=0.00s Sys=0.00s Real=0.00s
[901.501s][info][gc,start       ] GC(1897) Pause Young (Allocation Failure)
[901.502s][info][gc,heap        ] GC(1897) DefNew: 279856K(314560K)->244K(314560K) Eden: 279616K(279616K)->0K(279616K) From: 240K(34944K)->244K(34944K)
[901.502s][info][gc,heap        ] GC(1897) Tenured: 5129K(699072K)->5129K(699072K)
[901.502s][info][gc,metaspace   ] GC(1897) Metaspace: 16650K(16960K)->16650K(16960K) NonClass: 14323K(14464K)->14323K(14464K) Class: 2327K(2496K)->2327K(2496K)
[901.502s][info][gc             ] GC(1897) Pause Young (Allocation Failure) 278M->5M(989M) 0.920ms
[901.502s][info][gc,cpu         ] GC(1897) User=0.06s Sys=0.00s Real=0.00s
[901.547s][info][gc,start       ] GC(1898) Pause Young (Allocation Failure)
[901.547s][info][gc,heap        ] GC(1898) DefNew: 279860K(314560K)->243K(314560K) Eden: 279616K(279616K)->0K(279616K) From: 244K(34944K)->243K(34944K)
[901.547s][info][gc,heap        ] GC(1898) Tenured: 5129K(699072K)->5129K(699072K)
[901.547s][info][gc,metaspace   ] GC(1898) Metaspace: 16650K(16960K)->16650K(16960K) NonClass: 14323K(14464K)->14323K(14464K) Class: 2327K(2496K)->2327K(2496K)
[901.547s][info][gc             ] GC(1898) Pause Young (Allocation Failure) 278M->5M(989M) 0.892ms
[901.548s][info][gc,cpu         ] GC(1898) User=0.00s Sys=0.00s Real=0.00s
[901.590s][info][gc,start       ] GC(1899) Pause Young (Allocation Failure)
[901.591s][info][gc,heap        ] GC(1899) DefNew: 279859K(314560K)->244K(314560K) Eden: 279616K(279616K)->0K(279616K) From: 243K(34944K)->244K(34944K)
[901.591s][info][gc,heap        ] GC(1899) Tenured: 5129K(699072K)->5129K(699072K)
[901.591s][info][gc,metaspace   ] GC(1899) Metaspace: 16650K(16960K)->16650K(16960K) NonClass: 14323K(14464K)->14323K(14464K) Class: 2327K(2496K)->2327K(2496K)
[901.591s][info][gc             ] GC(1899) Pause Young (Allocation Failure) 278M->5M(989M) 0.890ms
[901.591s][info][gc,cpu         ] GC(1899) User=0.00s Sys=0.00s Real=0.00s
[901.636s][info][gc,start       ] GC(1900) Pause Young (Allocation Failure)
[901.637s][info][gc,heap        ] GC(1900) DefNew: 279860K(314560K)->211K(314560K) Eden: 279616K(279616K)->0K(279616K) From: 244K(34944K)->211K(34944K)
[901.637s][info][gc,heap        ] GC(1900) Tenured: 5129K(699072K)->5129K(699072K)
[901.637s][info][gc,metaspace   ] GC(1900) Metaspace: 16650K(16960K)->16650K(16960K) NonClass: 14323K(14464K)->14323K(14464K) Class: 2327K(2496K)->2327K(2496K)
[901.637s][info][gc             ] GC(1900) Pause Young (Allocation Failure) 278M->5M(989M) 0.865ms
[901.637s][info][gc,cpu         ] GC(1900) User=0.00s Sys=0.00s Real=0.00s
[901.696s][info][gc,start       ] GC(1901) Pause Young (Allocation Failure)
[901.776s][info][gc,heap        ] GC(1901) DefNew: 279827K(314560K)->34944K(314560K) Eden: 279616K(279616K)->0K(279616K) From: 211K(34944K)->34944K(34944K)
[901.776s][info][gc,heap        ] GC(1901) Tenured: 5129K(699072K)->5412K(699072K)
[901.776s][info][gc,metaspace   ] GC(1901) Metaspace: 16650K(16960K)->16650K(16960K) NonClass: 14323K(14464K)->14323K(14464K) Class: 2327K(2496K)->2327K(2496K)
[901.776s][info][gc             ] GC(1901) Pause Young (Allocation Failure) 278M->39M(989M) 79.252ms
[901.776s][info][gc,cpu         ] GC(1901) User=0.06s Sys=0.00s Real=0.08s
[901.934s][info][gc,start       ] GC(1902) Pause Young (Allocation Failure)
[902.485s][info][gc,heap        ] GC(1902) DefNew: 314560K(314560K)->34944K(314560K) Eden: 279616K(279616K)->0K(279616K) From: 34944K(34944K)->34944K(34944K)
[902.485s][info][gc,heap        ] GC(1902) Tenured: 5412K(699072K)->184285K(699072K)
[902.485s][info][gc,metaspace   ] GC(1902) Metaspace: 16650K(16960K)->16650K(16960K) NonClass: 14323K(14464K)->14323K(14464K) Class: 2327K(2496K)->2327K(2496K)
[902.485s][info][gc             ] GC(1902) Pause Young (Allocation Failure) 312M->214M(989M) 551.679ms
[902.485s][info][gc,cpu         ] GC(1902) User=0.55s Sys=0.00s Real=0.55s
[902.669s][info][gc,start       ] GC(1903) Pause Young (Allocation Failure)
[903.305s][info][gc,heap        ] GC(1903) DefNew: 314560K(314560K)->34944K(314560K) Eden: 279616K(279616K)->0K(279616K) From: 34944K(34944K)->34944K(34944K)
[903.305s][info][gc,heap        ] GC(1903) Tenured: 184285K(699072K)->366434K(699072K)
[903.305s][info][gc,metaspace   ] GC(1903) Metaspace: 16650K(16960K)->16650K(16960K) NonClass: 14323K(14464K)->14323K(14464K) Class: 2327K(2496K)->2327K(2496K)
[903.306s][info][gc             ] GC(1903) Pause Young (Allocation Failure) 487M->391M(989M) 636.869ms
[903.306s][info][gc,cpu         ] GC(1903) User=0.59s Sys=0.00s Real=0.63s
[905.384s][info][gc,start       ] GC(1904) Pause Young (Allocation Failure)
[905.804s][info][gc,heap        ] GC(1904) DefNew: 314560K(314560K)->34943K(314560K) Eden: 279616K(279616K)->0K(279616K) From: 34944K(34944K)->34943K(34944K)
[905.804s][info][gc,heap        ] GC(1904) Tenured: 366434K(699072K)->461676K(699072K)
[905.804s][info][gc,metaspace   ] GC(1904) Metaspace: 16650K(16960K)->16650K(16960K) NonClass: 14323K(14464K)->14323K(14464K) Class: 2327K(2496K)->2327K(2496K)
[905.804s][info][gc             ] GC(1904) Pause Young (Allocation Failure) 665M->484M(989M) 419.479ms
[905.804s][info][gc,cpu         ] GC(1904) User=0.41s Sys=0.00s Real=0.42s
[905.942s][info][gc,start       ] GC(1905) Pause Young (Allocation Failure)
[905.942s][info][gc             ] GC(1905) Pause Young (Allocation Failure) 758M->758M(989M) 0.115ms
[905.942s][info][gc,cpu         ] GC(1905) User=0.00s Sys=0.00s Real=0.00s
[905.942s][info][gc,start       ] GC(1906) Pause Full (Allocation Failure)
[905.942s][info][gc,phases,start] GC(1906) Phase 1: Mark live objects
[906.135s][info][gc,phases      ] GC(1906) Phase 1: Mark live objects 193.324ms
[906.135s][info][gc,phases,start] GC(1906) Phase 2: Compute new object addresses
[906.254s][info][gc,phases      ] GC(1906) Phase 2: Compute new object addresses 118.582ms
[906.254s][info][gc,phases,start] GC(1906) Phase 3: Adjust pointers
[906.361s][info][gc,phases      ] GC(1906) Phase 3: Adjust pointers 106.714ms
[906.361s][info][gc,phases,start] GC(1906) Phase 4: Move objects
[906.439s][info][gc,phases      ] GC(1906) Phase 4: Move objects 78.535ms
[906.440s][info][gc,heap        ] GC(1906) DefNew: 314559K(314560K)->0K(314560K) Eden: 279616K(279616K)->0K(279616K) From: 34943K(34944K)->0K(34944K)
[906.440s][info][gc,heap        ] GC(1906) Tenured: 461676K(699072K)->184947K(699072K)
[906.440s][info][gc,metaspace   ] GC(1906) Metaspace: 16650K(16960K)->16650K(16960K) NonClass: 14323K(14464K)->14323K(14464K) Class: 2327K(2496K)->2327K(2496K)
[906.440s][info][gc             ] GC(1906) Pause Full (Allocation Failure) 758M->180M(989M) 497.705ms
[906.440s][info][gc,cpu         ] GC(1906) User=0.47s Sys=0.00s Real=0.50s
[906.587s][info][gc,start       ] GC(1907) Pause Young (Allocation Failure)
[906.883s][info][gc,heap        ] GC(1907) DefNew: 279616K(314560K)->34944K(314560K) Eden: 279616K(279616K)->0K(279616K) From: 0K(34944K)->34944K(34944K)
[906.883s][info][gc,heap        ] GC(1907) Tenured: 184947K(699072K)->267675K(699072K)
[906.883s][info][gc,metaspace   ] GC(1907) Metaspace: 16650K(16960K)->16650K(16960K) NonClass: 14323K(14464K)->14323K(14464K) Class: 2327K(2496K)->2327K(2496K)
[906.883s][info][gc             ] GC(1907) Pause Young (Allocation Failure) 453M->295M(989M) 295.551ms
[906.883s][info][gc,cpu         ] GC(1907) User=0.28s Sys=0.00s Real=0.30s
[907.035s][info][gc,start       ] GC(1908) Pause Young (Allocation Failure)
[907.444s][info][gc,heap        ] GC(1908) DefNew: 314560K(314560K)->34944K(314560K) Eden: 279616K(279616K)->0K(279616K) From: 34944K(34944K)->34944K(34944K)
[907.444s][info][gc,heap        ] GC(1908) Tenured: 267675K(699072K)->385099K(699072K)
[907.444s][info][gc,metaspace   ] GC(1908) Metaspace: 16650K(16960K)->16650K(16960K) NonClass: 14323K(14464K)->14323K(14464K) Class: 2327K(2496K)->2327K(2496K)
[907.444s][info][gc             ] GC(1908) Pause Young (Allocation Failure) 568M->410M(989M) 409.609ms
[907.444s][info][gc,cpu         ] GC(1908) User=0.41s Sys=0.00s Real=0.41s
[907.906s][info][gc,start       ] GC(1909) Pause Young (Allocation Failure)
[908.211s][info][gc,heap        ] GC(1909) DefNew: 314560K(314560K)->34944K(314560K) Eden: 279616K(279616K)->0K(279616K) From: 34944K(34944K)->34944K(34944K)
[908.211s][info][gc,heap        ] GC(1909) Tenured: 385099K(699072K)->443582K(699072K)
[908.211s][info][gc,metaspace   ] GC(1909) Metaspace: 16650K(16960K)->16650K(16960K) NonClass: 14323K(14464K)->14323K(14464K) Class: 2327K(2496K)->2327K(2496K)
[908.211s][info][gc             ] GC(1909) Pause Young (Allocation Failure) 683M->467M(989M) 305.422ms
[908.211s][info][gc,cpu         ] GC(1909) User=0.28s Sys=0.00s Real=0.30s
[908.587s][info][gc,start       ] GC(1910) Pause Young (Allocation Failure)
[908.679s][info][gc,heap        ] GC(1910) DefNew: 314560K(314560K)->2087K(314560K) Eden: 279616K(279616K)->0K(279616K) From: 34944K(34944K)->2087K(34944K)
[908.679s][info][gc,heap        ] GC(1910) Tenured: 443582K(699072K)->458872K(699072K)
[908.679s][info][gc,metaspace   ] GC(1910) Metaspace: 16650K(16960K)->16650K(16960K) NonClass: 14323K(14464K)->14323K(14464K) Class: 2327K(2496K)->2327K(2496K)
[908.679s][info][gc             ] GC(1910) Pause Young (Allocation Failure) 740M->450M(989M) 92.952ms
[908.679s][info][gc,cpu         ] GC(1910) User=0.08s Sys=0.00s Real=0.08s
[909.499s][info][gc,start       ] GC(1911) Pause Full (System.gc())
[909.499s][info][gc,phases,start] GC(1911) Phase 1: Mark live objects
[909.505s][info][gc,phases      ] GC(1911) Phase 1: Mark live objects 5.890ms
[909.505s][info][gc,phases,start] GC(1911) Phase 2: Compute new object addresses
[909.596s][info][gc,phases      ] GC(1911) Phase 2: Compute new object addresses 90.675ms
[909.596s][info][gc,phases,start] GC(1911) Phase 3: Adjust pointers
[909.599s][info][gc,phases      ] GC(1911) Phase 3: Adjust pointers 3.612ms
[909.599s][info][gc,phases,start] GC(1911) Phase 4: Move objects
[909.599s][info][gc,phases      ] GC(1911) Phase 4: Move objects 0.010ms
[909.599s][info][gc,heap        ] GC(1911) DefNew: 177762K(314560K)->0K(314560K) Eden: 175675K(279616K)->0K(279616K) From: 2087K(34944K)->0K(34944K)
[909.599s][info][gc,heap        ] GC(1911) Tenured: 458872K(699072K)->14342K(699072K)
[909.599s][info][gc,metaspace   ] GC(1911) Metaspace: 16650K(16960K)->16650K(16960K) NonClass: 14323K(14464K)->14323K(14464K) Class: 2327K(2496K)->2327K(2496K)
[909.599s][info][gc             ] GC(1911) Pause Full (System.gc()) 621M->14M(989M) 100.511ms
[909.599s][info][gc,cpu         ] GC(1911) User=0.09s Sys=0.00s Real=0.09s
[910.911s][info][gc,start       ] GC(1912) Pause Young (Allocation Failure)
[910.912s][info][gc,heap        ] GC(1912) DefNew: 279616K(314560K)->235K(314560K) Eden: 279616K(279616K)->0K(279616K) From: 0K(34944K)->235K(34944K)
[910.912s][info][gc,heap        ] GC(1912) Tenured: 14342K(699072K)->14342K(699072K)
[910.912s][info][gc,metaspace   ] GC(1912) Metaspace: 16650K(16960K)->16650K(16960K) NonClass: 14323K(14464K)->14323K(14464K) Class: 2327K(2496K)->2327K(2496K)
[910.912s][info][gc             ] GC(1912) Pause Young (Allocation Failure) 287M->14M(989M) 1.149ms
[910.912s][info][gc,cpu         ] GC(1912) User=0.00s Sys=0.00s Real=0.00s
[910.956s][info][gc,start       ] GC(1913) Pause Young (Allocation Failure)
[910.957s][info][gc,heap        ] GC(1913) DefNew: 279851K(314560K)->244K(314560K) Eden: 279616K(279616K)->0K(279616K) From: 235K(34944K)->244K(34944K)
[910.957s][info][gc,heap        ] GC(1913) Tenured: 14342K(699072K)->14342K(699072K)
[910.957s][info][gc,metaspace   ] GC(1913) Metaspace: 16650K(16960K)->16650K(16960K) NonClass: 14323K(14464K)->14323K(14464K) Class: 2327K(2496K)->2327K(2496K)
[910.957s][info][gc             ] GC(1913) Pause Young (Allocation Failure) 287M->14M(989M) 1.022ms
[910.957s][info][gc,cpu         ] GC(1913) User=0.00s Sys=0.00s Real=0.00s
[911.002s][info][gc,start       ] GC(1914) Pause Young (Allocation Failure)
[911.003s][info][gc,heap        ] GC(1914) DefNew: 279860K(314560K)->235K(314560K) Eden: 279616K(279616K)->0K(279616K) From: 244K(34944K)->235K(34944K)
[911.003s][info][gc,heap        ] GC(1914) Tenured: 14342K(699072K)->14342K(699072K)
[911.003s][info][gc,metaspace   ] GC(1914) Metaspace: 16650K(16960K)->16650K(16960K) NonClass: 14323K(14464K)->14323K(14464K) Class: 2327K(2496K)->2327K(2496K)
[911.003s][info][gc             ] GC(1914) Pause Young (Allocation Failure) 287M->14M(989M) 0.874ms
[911.003s][info][gc,cpu         ] GC(1914) User=0.00s Sys=0.00s Real=0.00s
[911.048s][info][gc,start       ] GC(1915) Pause Young (Allocation Failure)
[911.049s][info][gc,heap        ] GC(1915) DefNew: 279851K(314560K)->255K(314560K) Eden: 279616K(279616K)->0K(279616K) From: 235K(34944K)->255K(34944K)
[911.049s][info][gc,heap        ] GC(1915) Tenured: 14342K(699072K)->14342K(699072K)
[911.049s][info][gc,metaspace   ] GC(1915) Metaspace: 16650K(16960K)->16650K(16960K) NonClass: 14323K(14464K)->14323K(14464K) Class: 2327K(2496K)->2327K(2496K)
[911.049s][info][gc             ] GC(1915) Pause Young (Allocation Failure) 287M->14M(989M) 0.865ms
[911.049s][info][gc,cpu         ] GC(1915) User=0.00s Sys=0.00s Real=0.00s
[911.092s][info][gc,start       ] GC(1916) Pause Young (Allocation Failure)
[911.093s][info][gc,heap        ] GC(1916) DefNew: 279871K(314560K)->248K(314560K) Eden: 279616K(279616K)->0K(279616K) From: 255K(34944K)->248K(34944K)
[911.093s][info][gc,heap        ] GC(1916) Tenured: 14342K(699072K)->14342K(699072K)
[911.093s][info][gc,metaspace   ] GC(1916) Metaspace: 16650K(16960K)->16650K(16960K) NonClass: 14323K(14464K)->14323K(14464K) Class: 2327K(2496K)->2327K(2496K)
[911.093s][info][gc             ] GC(1916) Pause Young (Allocation Failure) 287M->14M(989M) 0.983ms
[911.093s][info][gc,cpu         ] GC(1916) User=0.00s Sys=0.00s Real=0.00s
[911.138s][info][gc,start       ] GC(1917) Pause Young (Allocation Failure)
[911.139s][info][gc,heap        ] GC(1917) DefNew: 279864K(314560K)->222K(314560K) Eden: 279616K(279616K)->0K(279616K) From: 248K(34944K)->222K(34944K)
[911.139s][info][gc,heap        ] GC(1917) Tenured: 14342K(699072K)->14342K(699072K)
[911.139s][info][gc,metaspace   ] GC(1917) Metaspace: 16650K(16960K)->16650K(16960K) NonClass: 14323K(14464K)->14323K(14464K) Class: 2327K(2496K)->2327K(2496K)
[911.139s][info][gc             ] GC(1917) Pause Young (Allocation Failure) 287M->14M(989M) 0.947ms
[911.139s][info][gc,cpu         ] GC(1917) User=0.00s Sys=0.00s Real=0.00s
[911.187s][info][gc,start       ] GC(1918) Pause Young (Allocation Failure)
[911.187s][info][gc,heap        ] GC(1918) DefNew: 279838K(314560K)->241K(314560K) Eden: 279616K(279616K)->0K(279616K) From: 222K(34944K)->241K(34944K)
[911.187s][info][gc,heap        ] GC(1918) Tenured: 14342K(699072K)->14342K(699072K)
[911.187s][info][gc,metaspace   ] GC(1918) Metaspace: 16650K(16960K)->16650K(16960K) NonClass: 14323K(14464K)->14323K(14464K) Class: 2327K(2496K)->2327K(2496K)
[911.187s][info][gc             ] GC(1918) Pause Young (Allocation Failure) 287M->14M(989M) 0.982ms
[911.188s][info][gc,cpu         ] GC(1918) User=0.00s Sys=0.00s Real=0.00s
[911.232s][info][gc,start       ] GC(1919) Pause Young (Allocation Failure)
[911.232s][info][gc,heap        ] GC(1919) DefNew: 279857K(314560K)->241K(314560K) Eden: 279616K(279616K)->0K(279616K) From: 241K(34944K)->241K(34944K)
[911.232s][info][gc,heap        ] GC(1919) Tenured: 14342K(699072K)->14342K(699072K)
[911.232s][info][gc,metaspace   ] GC(1919) Metaspace: 16650K(16960K)->16650K(16960K) NonClass: 14323K(14464K)->14323K(14464K) Class: 2327K(2496K)->2327K(2496K)
[911.232s][info][gc             ] GC(1919) Pause Young (Allocation Failure) 287M->14M(989M) 0.966ms
[911.233s][info][gc,cpu         ] GC(1919) User=0.00s Sys=0.00s Real=0.00s
[911.277s][info][gc,start       ] GC(1920) Pause Young (Allocation Failure)
[911.278s][info][gc,heap        ] GC(1920) DefNew: 279857K(314560K)->228K(314560K) Eden: 279616K(279616K)->0K(279616K) From: 241K(34944K)->228K(34944K)
[911.278s][info][gc,heap        ] GC(1920) Tenured: 14342K(699072K)->14342K(699072K)
[911.278s][info][gc,metaspace   ] GC(1920) Metaspace: 16650K(16960K)->16650K(16960K) NonClass: 14323K(14464K)->14323K(14464K) Class: 2327K(2496K)->2327K(2496K)
[911.278s][info][gc             ] GC(1920) Pause Young (Allocation Failure) 287M->14M(989M) 0.826ms
[911.278s][info][gc,cpu         ] GC(1920) User=0.00s Sys=0.00s Real=0.00s
[911.324s][info][gc,start       ] GC(1921) Pause Young (Allocation Failure)
[911.324s][info][gc,heap        ] GC(1921) DefNew: 279844K(314560K)->214K(314560K) Eden: 279616K(279616K)->0K(279616K) From: 228K(34944K)->214K(34944K)
[911.324s][info][gc,heap        ] GC(1921) Tenured: 14342K(699072K)->14342K(699072K)
[911.324s][info][gc,metaspace   ] GC(1921) Metaspace: 16650K(16960K)->16650K(16960K) NonClass: 14323K(14464K)->14323K(14464K) Class: 2327K(2496K)->2327K(2496K)
[911.324s][info][gc             ] GC(1921) Pause Young (Allocation Failure) 287M->14M(989M) 0.825ms
[911.324s][info][gc,cpu         ] GC(1921) User=0.00s Sys=0.00s Real=0.00s
[911.384s][info][gc,start       ] GC(1922) Pause Young (Allocation Failure)
[911.456s][info][gc,heap        ] GC(1922) DefNew: 279830K(314560K)->31524K(314560K) Eden: 279616K(279616K)->0K(279616K) From: 214K(34944K)->31524K(34944K)
[911.456s][info][gc,heap        ] GC(1922) Tenured: 14342K(699072K)->14342K(699072K)
[911.456s][info][gc,metaspace   ] GC(1922) Metaspace: 16650K(16960K)->16650K(16960K) NonClass: 14323K(14464K)->14323K(14464K) Class: 2327K(2496K)->2327K(2496K)
[911.456s][info][gc             ] GC(1922) Pause Young (Allocation Failure) 287M->44M(989M) 72.219ms
[911.456s][info][gc,cpu         ] GC(1922) User=0.06s Sys=0.00s Real=0.08s
[911.618s][info][gc,start       ] GC(1923) Pause Young (Allocation Failure)
[912.156s][info][gc,heap        ] GC(1923) DefNew: 311140K(314560K)->34943K(314560K) Eden: 279616K(279616K)->0K(279616K) From: 31524K(34944K)->34943K(34944K)
[912.156s][info][gc,heap        ] GC(1923) Tenured: 14342K(699072K)->189486K(699072K)
[912.156s][info][gc,metaspace   ] GC(1923) Metaspace: 16650K(16960K)->16650K(16960K) NonClass: 14323K(14464K)->14323K(14464K) Class: 2327K(2496K)->2327K(2496K)
[912.156s][info][gc             ] GC(1923) Pause Young (Allocation Failure) 317M->219M(989M) 538.249ms
[912.156s][info][gc,cpu         ] GC(1923) User=0.53s Sys=0.00s Real=0.53s
[912.338s][info][gc,start       ] GC(1924) Pause Young (Allocation Failure)
[912.982s][info][gc,heap        ] GC(1924) DefNew: 314559K(314560K)->34944K(314560K) Eden: 279616K(279616K)->0K(279616K) From: 34943K(34944K)->34944K(34944K)
[912.982s][info][gc,heap        ] GC(1924) Tenured: 189486K(699072K)->371523K(699072K)
[912.982s][info][gc,metaspace   ] GC(1924) Metaspace: 16650K(16960K)->16650K(16960K) NonClass: 14323K(14464K)->14323K(14464K) Class: 2327K(2496K)->2327K(2496K)
[912.982s][info][gc             ] GC(1924) Pause Young (Allocation Failure) 492M->396M(989M) 644.256ms
[912.982s][info][gc,cpu         ] GC(1924) User=0.53s Sys=0.00s Real=0.64s
[915.160s][info][gc,start       ] GC(1925) Pause Young (Allocation Failure)
[915.561s][info][gc,heap        ] GC(1925) DefNew: 314560K(314560K)->34944K(314560K) Eden: 279616K(279616K)->0K(279616K) From: 34944K(34944K)->34944K(34944K)
[915.561s][info][gc,heap        ] GC(1925) Tenured: 371523K(699072K)->469114K(699072K)
[915.561s][info][gc,metaspace   ] GC(1925) Metaspace: 16650K(16960K)->16650K(16960K) NonClass: 14323K(14464K)->14323K(14464K) Class: 2327K(2496K)->2327K(2496K)
[915.561s][info][gc             ] GC(1925) Pause Young (Allocation Failure) 670M->492M(989M) 401.668ms
[915.561s][info][gc,cpu         ] GC(1925) User=0.39s Sys=0.00s Real=0.41s
[915.697s][info][gc,start       ] GC(1926) Pause Young (Allocation Failure)
[915.697s][info][gc             ] GC(1926) Pause Young (Allocation Failure) 765M->765M(989M) 0.146ms
[915.697s][info][gc,cpu         ] GC(1926) User=0.00s Sys=0.00s Real=0.00s
[915.697s][info][gc,start       ] GC(1927) Pause Full (Allocation Failure)
[915.697s][info][gc,phases,start] GC(1927) Phase 1: Mark live objects
[915.881s][info][gc,phases      ] GC(1927) Phase 1: Mark live objects 184.434ms
[915.881s][info][gc,phases,start] GC(1927) Phase 2: Compute new object addresses
[916.000s][info][gc,phases      ] GC(1927) Phase 2: Compute new object addresses 118.292ms
[916.000s][info][gc,phases,start] GC(1927) Phase 3: Adjust pointers
[916.100s][info][gc,phases      ] GC(1927) Phase 3: Adjust pointers 100.533ms
[916.100s][info][gc,phases,start] GC(1927) Phase 4: Move objects
[916.174s][info][gc,phases      ] GC(1927) Phase 4: Move objects 73.743ms
[916.174s][info][gc,heap        ] GC(1927) DefNew: 314560K(314560K)->0K(314560K) Eden: 279616K(279616K)->0K(279616K) From: 34944K(34944K)->0K(34944K)
[916.174s][info][gc,heap        ] GC(1927) Tenured: 469114K(699072K)->174294K(699072K)
[916.174s][info][gc,metaspace   ] GC(1927) Metaspace: 16650K(16960K)->16650K(16960K) NonClass: 14323K(14464K)->14323K(14464K) Class: 2327K(2496K)->2327K(2496K)
[916.174s][info][gc             ] GC(1927) Pause Full (Allocation Failure) 765M->170M(989M) 477.452ms
[916.174s][info][gc,cpu         ] GC(1927) User=0.45s Sys=0.00s Real=0.49s
[916.314s][info][gc,start       ] GC(1928) Pause Young (Allocation Failure)
[916.600s][info][gc,heap        ] GC(1928) DefNew: 279616K(314560K)->34943K(314560K) Eden: 279616K(279616K)->0K(279616K) From: 0K(34944K)->34943K(34944K)
[916.600s][info][gc,heap        ] GC(1928) Tenured: 174294K(699072K)->257024K(699072K)
[916.600s][info][gc,metaspace   ] GC(1928) Metaspace: 16650K(16960K)->16650K(16960K) NonClass: 14323K(14464K)->14323K(14464K) Class: 2327K(2496K)->2327K(2496K)
[916.600s][info][gc             ] GC(1928) Pause Young (Allocation Failure) 443M->285M(989M) 285.926ms
[916.600s][info][gc,cpu         ] GC(1928) User=0.27s Sys=0.00s Real=0.30s
[916.745s][info][gc,start       ] GC(1929) Pause Young (Allocation Failure)
[917.141s][info][gc,heap        ] GC(1929) DefNew: 314559K(314560K)->34944K(314560K) Eden: 279616K(279616K)->0K(279616K) From: 34943K(34944K)->34944K(34944K)
[917.141s][info][gc,heap        ] GC(1929) Tenured: 257024K(699072K)->374568K(699072K)
[917.141s][info][gc,metaspace   ] GC(1929) Metaspace: 16650K(16960K)->16650K(16960K) NonClass: 14323K(14464K)->14323K(14464K) Class: 2327K(2496K)->2327K(2496K)
[917.141s][info][gc             ] GC(1929) Pause Young (Allocation Failure) 558M->399M(989M) 395.798ms
[917.141s][info][gc,cpu         ] GC(1929) User=0.38s Sys=0.00s Real=0.39s
[917.597s][info][gc,start       ] GC(1930) Pause Young (Allocation Failure)
[917.901s][info][gc,heap        ] GC(1930) DefNew: 314560K(314560K)->34943K(314560K) Eden: 279616K(279616K)->0K(279616K) From: 34944K(34944K)->34943K(34944K)
[917.901s][info][gc,heap        ] GC(1930) Tenured: 374568K(699072K)->436064K(699072K)
[917.901s][info][gc,metaspace   ] GC(1930) Metaspace: 16650K(16960K)->16650K(16960K) NonClass: 14323K(14464K)->14323K(14464K) Class: 2327K(2496K)->2327K(2496K)
[917.901s][info][gc             ] GC(1930) Pause Young (Allocation Failure) 672M->459M(989M) 303.853ms
[917.901s][info][gc,cpu         ] GC(1930) User=0.27s Sys=0.00s Real=0.30s
[918.260s][info][gc,start       ] GC(1931) Pause Young (Allocation Failure)
[918.352s][info][gc,heap        ] GC(1931) DefNew: 314559K(314560K)->2166K(314560K) Eden: 279616K(279616K)->0K(279616K) From: 34943K(34944K)->2166K(34944K)
[918.352s][info][gc,heap        ] GC(1931) Tenured: 436064K(699072K)->452164K(699072K)
[918.352s][info][gc,metaspace   ] GC(1931) Metaspace: 16650K(16960K)->16650K(16960K) NonClass: 14323K(14464K)->14323K(14464K) Class: 2327K(2496K)->2327K(2496K)
[918.352s][info][gc             ] GC(1931) Pause Young (Allocation Failure) 733M->443M(989M) 92.706ms
[918.352s][info][gc,cpu         ] GC(1931) User=0.08s Sys=0.00s Real=0.09s
[919.149s][info][gc,start       ] GC(1932) Pause Full (System.gc())
[919.149s][info][gc,phases,start] GC(1932) Phase 1: Mark live objects
[919.155s][info][gc,phases      ] GC(1932) Phase 1: Mark live objects 6.070ms
[919.155s][info][gc,phases,start] GC(1932) Phase 2: Compute new object addresses
[919.247s][info][gc,phases      ] GC(1932) Phase 2: Compute new object addresses 91.470ms
[919.247s][info][gc,phases,start] GC(1932) Phase 3: Adjust pointers
[919.251s][info][gc,phases      ] GC(1932) Phase 3: Adjust pointers 3.707ms
[919.251s][info][gc,phases,start] GC(1932) Phase 4: Move objects
[919.251s][info][gc,phases      ] GC(1932) Phase 4: Move objects 0.009ms
[919.251s][info][gc,heap        ] GC(1932) DefNew: 184962K(314560K)->0K(314560K) Eden: 182795K(279616K)->0K(279616K) From: 2166K(34944K)->0K(34944K)
[919.251s][info][gc,heap        ] GC(1932) Tenured: 452164K(699072K)->5129K(699072K)
[919.251s][info][gc,metaspace   ] GC(1932) Metaspace: 16650K(16960K)->16650K(16960K) NonClass: 14323K(14464K)->14323K(14464K) Class: 2327K(2496K)->2327K(2496K)
[919.251s][info][gc             ] GC(1932) Pause Full (System.gc()) 622M->5M(989M) 101.609ms
[919.251s][info][gc,cpu         ] GC(1932) User=0.09s Sys=0.00s Real=0.10s
[920.527s][info][gc,start       ] GC(1933) Pause Young (Allocation Failure)
[920.528s][info][gc,heap        ] GC(1933) DefNew: 279616K(314560K)->252K(314560K) Eden: 279616K(279616K)->0K(279616K) From: 0K(34944K)->252K(34944K)
[920.528s][info][gc,heap        ] GC(1933) Tenured: 5129K(699072K)->5129K(699072K)
[920.528s][info][gc,metaspace   ] GC(1933) Metaspace: 16650K(16960K)->16650K(16960K) NonClass: 14323K(14464K)->14323K(14464K) Class: 2327K(2496K)->2327K(2496K)
[920.528s][info][gc             ] GC(1933) Pause Young (Allocation Failure) 278M->5M(989M) 1.167ms
[920.528s][info][gc,cpu         ] GC(1933) User=0.00s Sys=0.00s Real=0.00s
[920.572s][info][gc,start       ] GC(1934) Pause Young (Allocation Failure)
[920.573s][info][gc,heap        ] GC(1934) DefNew: 279868K(314560K)->262K(314560K) Eden: 279616K(279616K)->0K(279616K) From: 252K(34944K)->262K(34944K)
[920.573s][info][gc,heap        ] GC(1934) Tenured: 5129K(699072K)->5129K(699072K)
[920.573s][info][gc,metaspace   ] GC(1934) Metaspace: 16650K(16960K)->16650K(16960K) NonClass: 14323K(14464K)->14323K(14464K) Class: 2327K(2496K)->2327K(2496K)
[920.573s][info][gc             ] GC(1934) Pause Young (Allocation Failure) 278M->5M(989M) 0.809ms
[920.573s][info][gc,cpu         ] GC(1934) User=0.00s Sys=0.00s Real=0.00s
[920.617s][info][gc,start       ] GC(1935) Pause Young (Allocation Failure)
[920.617s][info][gc,heap        ] GC(1935) DefNew: 279878K(314560K)->245K(314560K) Eden: 279616K(279616K)->0K(279616K) From: 262K(34944K)->245K(34944K)
[920.617s][info][gc,heap        ] GC(1935) Tenured: 5129K(699072K)->5129K(699072K)
[920.617s][info][gc,metaspace   ] GC(1935) Metaspace: 16650K(16960K)->16650K(16960K) NonClass: 14323K(14464K)->14323K(14464K) Class: 2327K(2496K)->2327K(2496K)
[920.617s][info][gc             ] GC(1935) Pause Young (Allocation Failure) 278M->5M(989M) 0.829ms
[920.617s][info][gc,cpu         ] GC(1935) User=0.00s Sys=0.00s Real=0.00s
[920.661s][info][gc,start       ] GC(1936) Pause Young (Allocation Failure)
[920.662s][info][gc,heap        ] GC(1936) DefNew: 279861K(314560K)->251K(314560K) Eden: 279616K(279616K)->0K(279616K) From: 245K(34944K)->251K(34944K)
[920.662s][info][gc,heap        ] GC(1936) Tenured: 5129K(699072K)->5129K(699072K)
[920.662s][info][gc,metaspace   ] GC(1936) Metaspace: 16650K(16960K)->16650K(16960K) NonClass: 14323K(14464K)->14323K(14464K) Class: 2327K(2496K)->2327K(2496K)
[920.662s][info][gc             ] GC(1936) Pause Young (Allocation Failure) 278M->5M(989M) 0.809ms
[920.662s][info][gc,cpu         ] GC(1936) User=0.00s Sys=0.00s Real=0.00s
[920.706s][info][gc,start       ] GC(1937) Pause Young (Allocation Failure)
[920.707s][info][gc,heap        ] GC(1937) DefNew: 279867K(314560K)->257K(314560K) Eden: 279616K(279616K)->0K(279616K) From: 251K(34944K)->257K(34944K)
[920.707s][info][gc,heap        ] GC(1937) Tenured: 5129K(699072K)->5129K(699072K)
[920.707s][info][gc,metaspace   ] GC(1937) Metaspace: 16650K(16960K)->16650K(16960K) NonClass: 14323K(14464K)->14323K(14464K) Class: 2327K(2496K)->2327K(2496K)
[920.707s][info][gc             ] GC(1937) Pause Young (Allocation Failure) 278M->5M(989M) 0.845ms
[920.707s][info][gc,cpu         ] GC(1937) User=0.00s Sys=0.00s Real=0.00s
[920.751s][info][gc,start       ] GC(1938) Pause Young (Allocation Failure)
[920.751s][info][gc,heap        ] GC(1938) DefNew: 279873K(314560K)->218K(314560K) Eden: 279616K(279616K)->0K(279616K) From: 257K(34944K)->218K(34944K)
[920.751s][info][gc,heap        ] GC(1938) Tenured: 5129K(699072K)->5129K(699072K)
[920.751s][info][gc,metaspace   ] GC(1938) Metaspace: 16650K(16960K)->16650K(16960K) NonClass: 14323K(14464K)->14323K(14464K) Class: 2327K(2496K)->2327K(2496K)
[920.751s][info][gc             ] GC(1938) Pause Young (Allocation Failure) 278M->5M(989M) 0.795ms
[920.751s][info][gc,cpu         ] GC(1938) User=0.00s Sys=0.00s Real=0.00s
[920.796s][info][gc,start       ] GC(1939) Pause Young (Allocation Failure)
[920.796s][info][gc,heap        ] GC(1939) DefNew: 279834K(314560K)->215K(314560K) Eden: 279616K(279616K)->0K(279616K) From: 218K(34944K)->215K(34944K)
[920.796s][info][gc,heap        ] GC(1939) Tenured: 5129K(699072K)->5129K(699072K)
[920.796s][info][gc,metaspace   ] GC(1939) Metaspace: 16650K(16960K)->16650K(16960K) NonClass: 14323K(14464K)->14323K(14464K) Class: 2327K(2496K)->2327K(2496K)
[920.797s][info][gc             ] GC(1939) Pause Young (Allocation Failure) 278M->5M(989M) 0.711ms
[920.797s][info][gc,cpu         ] GC(1939) User=0.00s Sys=0.00s Real=0.00s
[920.842s][info][gc,start       ] GC(1940) Pause Young (Allocation Failure)
[920.842s][info][gc,heap        ] GC(1940) DefNew: 279831K(314560K)->242K(314560K) Eden: 279616K(279616K)->0K(279616K) From: 215K(34944K)->242K(34944K)
[920.843s][info][gc,heap        ] GC(1940) Tenured: 5129K(699072K)->5129K(699072K)
[920.843s][info][gc,metaspace   ] GC(1940) Metaspace: 16650K(16960K)->16650K(16960K) NonClass: 14323K(14464K)->14323K(14464K) Class: 2327K(2496K)->2327K(2496K)
[920.843s][info][gc             ] GC(1940) Pause Young (Allocation Failure) 278M->5M(989M) 0.844ms
[920.843s][info][gc,cpu         ] GC(1940) User=0.00s Sys=0.00s Real=0.00s
[920.887s][info][gc,start       ] GC(1941) Pause Young (Allocation Failure)
[920.888s][info][gc,heap        ] GC(1941) DefNew: 279858K(314560K)->210K(314560K) Eden: 279616K(279616K)->0K(279616K) From: 242K(34944K)->210K(34944K)
[920.888s][info][gc,heap        ] GC(1941) Tenured: 5129K(699072K)->5129K(699072K)
[920.888s][info][gc,metaspace   ] GC(1941) Metaspace: 16650K(16960K)->16650K(16960K) NonClass: 14323K(14464K)->14323K(14464K) Class: 2327K(2496K)->2327K(2496K)
[920.888s][info][gc             ] GC(1941) Pause Young (Allocation Failure) 278M->5M(989M) 0.716ms
[920.888s][info][gc,cpu         ] GC(1941) User=0.00s Sys=0.00s Real=0.00s
[920.932s][info][gc,start       ] GC(1942) Pause Young (Allocation Failure)
[920.933s][info][gc,heap        ] GC(1942) DefNew: 279826K(314560K)->198K(314560K) Eden: 279616K(279616K)->0K(279616K) From: 210K(34944K)->198K(34944K)
[920.933s][info][gc,heap        ] GC(1942) Tenured: 5129K(699072K)->5129K(699072K)
[920.933s][info][gc,metaspace   ] GC(1942) Metaspace: 16650K(16960K)->16650K(16960K) NonClass: 14323K(14464K)->14323K(14464K) Class: 2327K(2496K)->2327K(2496K)
[920.933s][info][gc             ] GC(1942) Pause Young (Allocation Failure) 278M->5M(989M) 0.908ms
[920.933s][info][gc,cpu         ] GC(1942) User=0.00s Sys=0.00s Real=0.00s
[920.993s][info][gc,start       ] GC(1943) Pause Young (Allocation Failure)
[921.074s][info][gc,heap        ] GC(1943) DefNew: 279814K(314560K)->34944K(314560K) Eden: 279616K(279616K)->0K(279616K) From: 198K(34944K)->34944K(34944K)
[921.074s][info][gc,heap        ] GC(1943) Tenured: 5129K(699072K)->6157K(699072K)
[921.074s][info][gc,metaspace   ] GC(1943) Metaspace: 16650K(16960K)->16650K(16960K) NonClass: 14323K(14464K)->14323K(14464K) Class: 2327K(2496K)->2327K(2496K)
[921.074s][info][gc             ] GC(1943) Pause Young (Allocation Failure) 278M->40M(989M) 80.651ms
[921.074s][info][gc,cpu         ] GC(1943) User=0.06s Sys=0.00s Real=0.08s
[921.233s][info][gc,start       ] GC(1944) Pause Young (Allocation Failure)
[921.768s][info][gc,heap        ] GC(1944) DefNew: 314560K(314560K)->34943K(314560K) Eden: 279616K(279616K)->0K(279616K) From: 34944K(34944K)->34943K(34944K)
[921.768s][info][gc,heap        ] GC(1944) Tenured: 6157K(699072K)->184321K(699072K)
[921.768s][info][gc,metaspace   ] GC(1944) Metaspace: 16650K(16960K)->16650K(16960K) NonClass: 14323K(14464K)->14323K(14464K) Class: 2327K(2496K)->2327K(2496K)
[921.768s][info][gc             ] GC(1944) Pause Young (Allocation Failure) 313M->214M(989M) 535.844ms
[921.768s][info][gc,cpu         ] GC(1944) User=0.53s Sys=0.00s Real=0.55s
[921.944s][info][gc,start       ] GC(1945) Pause Young (Allocation Failure)
[922.580s][info][gc,heap        ] GC(1945) DefNew: 314559K(314560K)->34944K(314560K) Eden: 279616K(279616K)->0K(279616K) From: 34943K(34944K)->34944K(34944K)
[922.580s][info][gc,heap        ] GC(1945) Tenured: 184321K(699072K)->365752K(699072K)
[922.580s][info][gc,metaspace   ] GC(1945) Metaspace: 16650K(16960K)->16650K(16960K) NonClass: 14323K(14464K)->14323K(14464K) Class: 2327K(2496K)->2327K(2496K)
[922.580s][info][gc             ] GC(1945) Pause Young (Allocation Failure) 487M->391M(989M) 636.616ms
[922.580s][info][gc,cpu         ] GC(1945) User=0.59s Sys=0.00s Real=0.63s
[924.715s][info][gc,start       ] GC(1946) Pause Young (Allocation Failure)
[925.096s][info][gc,heap        ] GC(1946) DefNew: 314560K(314560K)->34944K(314560K) Eden: 279616K(279616K)->0K(279616K) From: 34944K(34944K)->34944K(34944K)
[925.096s][info][gc,heap        ] GC(1946) Tenured: 365752K(699072K)->462720K(699072K)
[925.096s][info][gc,metaspace   ] GC(1946) Metaspace: 16650K(16960K)->16650K(16960K) NonClass: 14323K(14464K)->14323K(14464K) Class: 2327K(2496K)->2327K(2496K)
[925.096s][info][gc             ] GC(1946) Pause Young (Allocation Failure) 664M->486M(989M) 381.392ms
[925.096s][info][gc,cpu         ] GC(1946) User=0.38s Sys=0.00s Real=0.38s
[925.232s][info][gc,start       ] GC(1947) Pause Young (Allocation Failure)
[925.232s][info][gc             ] GC(1947) Pause Young (Allocation Failure) 759M->759M(989M) 0.138ms
[925.232s][info][gc,cpu         ] GC(1947) User=0.00s Sys=0.00s Real=0.00s
[925.232s][info][gc,start       ] GC(1948) Pause Full (Allocation Failure)
[925.232s][info][gc,phases,start] GC(1948) Phase 1: Mark live objects
[925.422s][info][gc,phases      ] GC(1948) Phase 1: Mark live objects 189.725ms
[925.422s][info][gc,phases,start] GC(1948) Phase 2: Compute new object addresses
[925.541s][info][gc,phases      ] GC(1948) Phase 2: Compute new object addresses 119.093ms
[925.541s][info][gc,phases,start] GC(1948) Phase 3: Adjust pointers
[925.644s][info][gc,phases      ] GC(1948) Phase 3: Adjust pointers 102.314ms
[925.644s][info][gc,phases,start] GC(1948) Phase 4: Move objects
[925.719s][info][gc,phases      ] GC(1948) Phase 4: Move objects 75.383ms
[925.719s][info][gc,heap        ] GC(1948) DefNew: 314560K(314560K)->0K(314560K) Eden: 279616K(279616K)->0K(279616K) From: 34944K(34944K)->0K(34944K)
[925.719s][info][gc,heap        ] GC(1948) Tenured: 462720K(699072K)->194184K(699072K)
[925.719s][info][gc,metaspace   ] GC(1948) Metaspace: 16650K(16960K)->16650K(16960K) NonClass: 14323K(14464K)->14323K(14464K) Class: 2327K(2496K)->2327K(2496K)
[925.719s][info][gc             ] GC(1948) Pause Full (Allocation Failure) 759M->189M(989M) 486.986ms
[925.719s][info][gc,cpu         ] GC(1948) User=0.47s Sys=0.00s Real=0.49s
[925.859s][info][gc,start       ] GC(1949) Pause Young (Allocation Failure)
[926.142s][info][gc,heap        ] GC(1949) DefNew: 279616K(314560K)->34943K(314560K) Eden: 279616K(279616K)->0K(279616K) From: 0K(34944K)->34943K(34944K)
[926.142s][info][gc,heap        ] GC(1949) Tenured: 194184K(699072K)->276911K(699072K)
[926.142s][info][gc,metaspace   ] GC(1949) Metaspace: 16650K(16960K)->16650K(16960K) NonClass: 14323K(14464K)->14323K(14464K) Class: 2327K(2496K)->2327K(2496K)
[926.142s][info][gc             ] GC(1949) Pause Young (Allocation Failure) 462M->304M(989M) 283.381ms
[926.142s][info][gc,cpu         ] GC(1949) User=0.27s Sys=0.00s Real=0.28s
[926.289s][info][gc,start       ] GC(1950) Pause Young (Allocation Failure)
[926.684s][info][gc,heap        ] GC(1950) DefNew: 314559K(314560K)->34944K(314560K) Eden: 279616K(279616K)->0K(279616K) From: 34943K(34944K)->34944K(34944K)
[926.684s][info][gc,heap        ] GC(1950) Tenured: 276911K(699072K)->394397K(699072K)
[926.684s][info][gc,metaspace   ] GC(1950) Metaspace: 16650K(16960K)->16650K(16960K) NonClass: 14323K(14464K)->14323K(14464K) Class: 2327K(2496K)->2327K(2496K)
[926.684s][info][gc             ] GC(1950) Pause Young (Allocation Failure) 577M->419M(989M) 395.235ms
[926.684s][info][gc,cpu         ] GC(1950) User=0.39s Sys=0.00s Real=0.39s
[927.135s][info][gc,start       ] GC(1951) Pause Young (Allocation Failure)
[927.428s][info][gc,heap        ] GC(1951) DefNew: 314560K(314560K)->34944K(314560K) Eden: 279616K(279616K)->0K(279616K) From: 34944K(34944K)->34944K(34944K)
[927.428s][info][gc,heap        ] GC(1951) Tenured: 394397K(699072K)->451221K(699072K)
[927.428s][info][gc,metaspace   ] GC(1951) Metaspace: 16650K(16960K)->16650K(16960K) NonClass: 14323K(14464K)->14323K(14464K) Class: 2327K(2496K)->2327K(2496K)
[927.428s][info][gc             ] GC(1951) Pause Young (Allocation Failure) 692M->474M(989M) 293.664ms
[927.428s][info][gc,cpu         ] GC(1951) User=0.30s Sys=0.00s Real=0.31s
[927.792s][info][gc,start       ] GC(1952) Pause Young (Allocation Failure)
[927.878s][info][gc,heap        ] GC(1952) DefNew: 314560K(314560K)->2022K(314560K) Eden: 279616K(279616K)->0K(279616K) From: 34944K(34944K)->2022K(34944K)
[927.878s][info][gc,heap        ] GC(1952) Tenured: 451221K(699072K)->465628K(699072K)
[927.878s][info][gc,metaspace   ] GC(1952) Metaspace: 16650K(16960K)->16650K(16960K) NonClass: 14323K(14464K)->14323K(14464K) Class: 2327K(2496K)->2327K(2496K)
[927.878s][info][gc             ] GC(1952) Pause Young (Allocation Failure) 747M->456M(989M) 85.930ms
[927.878s][info][gc,cpu         ] GC(1952) User=0.08s Sys=0.00s Real=0.09s
[928.659s][info][gc,start       ] GC(1953) Pause Full (System.gc())
[928.659s][info][gc,phases,start] GC(1953) Phase 1: Mark live objects
[928.665s][info][gc,phases      ] GC(1953) Phase 1: Mark live objects 6.023ms
[928.665s][info][gc,phases,start] GC(1953) Phase 2: Compute new object addresses
[928.755s][info][gc,phases      ] GC(1953) Phase 2: Compute new object addresses 90.109ms
[928.755s][info][gc,phases,start] GC(1953) Phase 3: Adjust pointers
[928.759s][info][gc,phases      ] GC(1953) Phase 3: Adjust pointers 3.653ms
[928.759s][info][gc,phases,start] GC(1953) Phase 4: Move objects
[928.759s][info][gc,phases      ] GC(1953) Phase 4: Move objects 0.010ms
[928.759s][info][gc,heap        ] GC(1953) DefNew: 171864K(314560K)->0K(314560K) Eden: 169841K(279616K)->0K(279616K) From: 2022K(34944K)->0K(34944K)
[928.759s][info][gc,heap        ] GC(1953) Tenured: 465628K(699072K)->21367K(699072K)
[928.759s][info][gc,metaspace   ] GC(1953) Metaspace: 16654K(16960K)->16654K(16960K) NonClass: 14326K(14464K)->14326K(14464K) Class: 2327K(2496K)->2327K(2496K)
[928.759s][info][gc             ] GC(1953) Pause Full (System.gc()) 622M->20M(989M) 100.151ms
[928.759s][info][gc,cpu         ] GC(1953) User=0.09s Sys=0.00s Real=0.11s
[930.037s][info][gc,start       ] GC(1954) Pause Young (Allocation Failure)
[930.038s][info][gc,heap        ] GC(1954) DefNew: 279616K(314560K)->255K(314560K) Eden: 279616K(279616K)->0K(279616K) From: 0K(34944K)->255K(34944K)
[930.038s][info][gc,heap        ] GC(1954) Tenured: 21367K(699072K)->21367K(699072K)
[930.038s][info][gc,metaspace   ] GC(1954) Metaspace: 16655K(16960K)->16655K(16960K) NonClass: 14327K(14464K)->14327K(14464K) Class: 2327K(2496K)->2327K(2496K)
[930.038s][info][gc             ] GC(1954) Pause Young (Allocation Failure) 293M->21M(989M) 1.111ms
[930.038s][info][gc,cpu         ] GC(1954) User=0.00s Sys=0.00s Real=0.00s
[930.083s][info][gc,start       ] GC(1955) Pause Young (Allocation Failure)
[930.083s][info][gc,heap        ] GC(1955) DefNew: 279871K(314560K)->255K(314560K) Eden: 279616K(279616K)->0K(279616K) From: 255K(34944K)->255K(34944K)
[930.083s][info][gc,heap        ] GC(1955) Tenured: 21367K(699072K)->21367K(699072K)
[930.083s][info][gc,metaspace   ] GC(1955) Metaspace: 16655K(16960K)->16655K(16960K) NonClass: 14327K(14464K)->14327K(14464K) Class: 2327K(2496K)->2327K(2496K)
[930.083s][info][gc             ] GC(1955) Pause Young (Allocation Failure) 294M->21M(989M) 0.801ms
[930.083s][info][gc,cpu         ] GC(1955) User=0.00s Sys=0.00s Real=0.00s
[930.126s][info][gc,start       ] GC(1956) Pause Young (Allocation Failure)
[930.127s][info][gc,heap        ] GC(1956) DefNew: 279871K(314560K)->255K(314560K) Eden: 279616K(279616K)->0K(279616K) From: 255K(34944K)->255K(34944K)
[930.127s][info][gc,heap        ] GC(1956) Tenured: 21367K(699072K)->21367K(699072K)
[930.127s][info][gc,metaspace   ] GC(1956) Metaspace: 16655K(16960K)->16655K(16960K) NonClass: 14327K(14464K)->14327K(14464K) Class: 2327K(2496K)->2327K(2496K)
[930.127s][info][gc             ] GC(1956) Pause Young (Allocation Failure) 294M->21M(989M) 0.944ms
[930.127s][info][gc,cpu         ] GC(1956) User=0.00s Sys=0.00s Real=0.02s
[930.171s][info][gc,start       ] GC(1957) Pause Young (Allocation Failure)
[930.171s][info][gc,heap        ] GC(1957) DefNew: 279871K(314560K)->252K(314560K) Eden: 279616K(279616K)->0K(279616K) From: 255K(34944K)->252K(34944K)
[930.171s][info][gc,heap        ] GC(1957) Tenured: 21367K(699072K)->21367K(699072K)
[930.171s][info][gc,metaspace   ] GC(1957) Metaspace: 16655K(16960K)->16655K(16960K) NonClass: 14327K(14464K)->14327K(14464K) Class: 2327K(2496K)->2327K(2496K)
[930.171s][info][gc             ] GC(1957) Pause Young (Allocation Failure) 294M->21M(989M) 0.884ms
[930.171s][info][gc,cpu         ] GC(1957) User=0.00s Sys=0.00s Real=0.00s
[930.215s][info][gc,start       ] GC(1958) Pause Young (Allocation Failure)
[930.215s][info][gc,heap        ] GC(1958) DefNew: 279868K(314560K)->247K(314560K) Eden: 279616K(279616K)->0K(279616K) From: 252K(34944K)->247K(34944K)
[930.215s][info][gc,heap        ] GC(1958) Tenured: 21367K(699072K)->21367K(699072K)
[930.215s][info][gc,metaspace   ] GC(1958) Metaspace: 16655K(16960K)->16655K(16960K) NonClass: 14327K(14464K)->14327K(14464K) Class: 2327K(2496K)->2327K(2496K)
[930.215s][info][gc             ] GC(1958) Pause Young (Allocation Failure) 294M->21M(989M) 0.795ms
[930.215s][info][gc,cpu         ] GC(1958) User=0.00s Sys=0.00s Real=0.00s
[930.259s][info][gc,start       ] GC(1959) Pause Young (Allocation Failure)
[930.260s][info][gc,heap        ] GC(1959) DefNew: 279863K(314560K)->239K(314560K) Eden: 279616K(279616K)->0K(279616K) From: 247K(34944K)->239K(34944K)
[930.260s][info][gc,heap        ] GC(1959) Tenured: 21367K(699072K)->21367K(699072K)
[930.260s][info][gc,metaspace   ] GC(1959) Metaspace: 16655K(16960K)->16655K(16960K) NonClass: 14327K(14464K)->14327K(14464K) Class: 2327K(2496K)->2327K(2496K)
[930.260s][info][gc             ] GC(1959) Pause Young (Allocation Failure) 294M->21M(989M) 0.940ms
[930.260s][info][gc,cpu         ] GC(1959) User=0.00s Sys=0.00s Real=0.00s
[930.304s][info][gc,start       ] GC(1960) Pause Young (Allocation Failure)
[930.305s][info][gc,heap        ] GC(1960) DefNew: 279855K(314560K)->255K(314560K) Eden: 279616K(279616K)->0K(279616K) From: 239K(34944K)->255K(34944K)
[930.305s][info][gc,heap        ] GC(1960) Tenured: 21367K(699072K)->21367K(699072K)
[930.305s][info][gc,metaspace   ] GC(1960) Metaspace: 16655K(16960K)->16655K(16960K) NonClass: 14327K(14464K)->14327K(14464K) Class: 2327K(2496K)->2327K(2496K)
[930.305s][info][gc             ] GC(1960) Pause Young (Allocation Failure) 294M->21M(989M) 0.808ms
[930.305s][info][gc,cpu         ] GC(1960) User=0.00s Sys=0.00s Real=0.00s
[930.349s][info][gc,start       ] GC(1961) Pause Young (Allocation Failure)
[930.350s][info][gc,heap        ] GC(1961) DefNew: 279871K(314560K)->258K(314560K) Eden: 279616K(279616K)->0K(279616K) From: 255K(34944K)->258K(34944K)
[930.350s][info][gc,heap        ] GC(1961) Tenured: 21367K(699072K)->21367K(699072K)
[930.350s][info][gc,metaspace   ] GC(1961) Metaspace: 16655K(16960K)->16655K(16960K) NonClass: 14327K(14464K)->14327K(14464K) Class: 2327K(2496K)->2327K(2496K)
[930.350s][info][gc             ] GC(1961) Pause Young (Allocation Failure) 294M->21M(989M) 0.881ms
[930.350s][info][gc,cpu         ] GC(1961) User=0.00s Sys=0.00s Real=0.00s
[930.394s][info][gc,start       ] GC(1962) Pause Young (Allocation Failure)
[930.395s][info][gc,heap        ] GC(1962) DefNew: 279874K(314560K)->250K(314560K) Eden: 279616K(279616K)->0K(279616K) From: 258K(34944K)->250K(34944K)
[930.395s][info][gc,heap        ] GC(1962) Tenured: 21367K(699072K)->21367K(699072K)
[930.395s][info][gc,metaspace   ] GC(1962) Metaspace: 16655K(16960K)->16655K(16960K) NonClass: 14327K(14464K)->14327K(14464K) Class: 2327K(2496K)->2327K(2496K)
[930.395s][info][gc             ] GC(1962) Pause Young (Allocation Failure) 294M->21M(989M) 0.846ms
[930.395s][info][gc,cpu         ] GC(1962) User=0.00s Sys=0.00s Real=0.00s
[930.439s][info][gc,start       ] GC(1963) Pause Young (Allocation Failure)
[930.440s][info][gc,heap        ] GC(1963) DefNew: 279866K(314560K)->220K(314560K) Eden: 279616K(279616K)->0K(279616K) From: 250K(34944K)->220K(34944K)
[930.440s][info][gc,heap        ] GC(1963) Tenured: 21367K(699072K)->21367K(699072K)
[930.440s][info][gc,metaspace   ] GC(1963) Metaspace: 16655K(16960K)->16655K(16960K) NonClass: 14327K(14464K)->14327K(14464K) Class: 2327K(2496K)->2327K(2496K)
[930.440s][info][gc             ] GC(1963) Pause Young (Allocation Failure) 294M->21M(989M) 0.779ms
[930.440s][info][gc,cpu         ] GC(1963) User=0.00s Sys=0.00s Real=0.00s
[930.505s][info][gc,start       ] GC(1964) Pause Young (Allocation Failure)
[930.592s][info][gc,heap        ] GC(1964) DefNew: 279836K(314560K)->34944K(314560K) Eden: 279616K(279616K)->0K(279616K) From: 220K(34944K)->34944K(34944K)
[930.592s][info][gc,heap        ] GC(1964) Tenured: 21367K(699072K)->24664K(699072K)
[930.592s][info][gc,metaspace   ] GC(1964) Metaspace: 16655K(16960K)->16655K(16960K) NonClass: 14327K(14464K)->14327K(14464K) Class: 2327K(2496K)->2327K(2496K)
[930.592s][info][gc             ] GC(1964) Pause Young (Allocation Failure) 294M->58M(989M) 87.047ms
[930.592s][info][gc,cpu         ] GC(1964) User=0.08s Sys=0.00s Real=0.08s
[930.755s][info][gc,start       ] GC(1965) Pause Young (Allocation Failure)
[931.296s][info][gc,heap        ] GC(1965) DefNew: 314560K(314560K)->34943K(314560K) Eden: 279616K(279616K)->0K(279616K) From: 34944K(34944K)->34943K(34944K)
[931.296s][info][gc,heap        ] GC(1965) Tenured: 24664K(699072K)->202706K(699072K)
[931.296s][info][gc,metaspace   ] GC(1965) Metaspace: 16655K(16960K)->16655K(16960K) NonClass: 14327K(14464K)->14327K(14464K) Class: 2327K(2496K)->2327K(2496K)
[931.296s][info][gc             ] GC(1965) Pause Young (Allocation Failure) 331M->232M(989M) 541.462ms
[931.297s][info][gc,cpu         ] GC(1965) User=0.52s Sys=0.00s Real=0.55s
[931.484s][info][gc,start       ] GC(1966) Pause Young (Allocation Failure)
[932.120s][info][gc,heap        ] GC(1966) DefNew: 314559K(314560K)->34944K(314560K) Eden: 279616K(279616K)->0K(279616K) From: 34943K(34944K)->34944K(34944K)
[932.120s][info][gc,heap        ] GC(1966) Tenured: 202706K(699072K)->384875K(699072K)
[932.120s][info][gc,metaspace   ] GC(1966) Metaspace: 16655K(16960K)->16655K(16960K) NonClass: 14327K(14464K)->14327K(14464K) Class: 2327K(2496K)->2327K(2496K)
[932.120s][info][gc             ] GC(1966) Pause Young (Allocation Failure) 505M->409M(989M) 636.092ms
[932.120s][info][gc,cpu         ] GC(1966) User=0.61s Sys=0.00s Real=0.63s
[934.504s][info][gc,start       ] GC(1967) Pause Young (Allocation Failure)
[934.906s][info][gc,heap        ] GC(1967) DefNew: 314560K(314560K)->34944K(314560K) Eden: 279616K(279616K)->0K(279616K) From: 34944K(34944K)->34944K(34944K)
[934.906s][info][gc,heap        ] GC(1967) Tenured: 384875K(699072K)->479136K(699072K)
[934.906s][info][gc,metaspace   ] GC(1967) Metaspace: 16655K(16960K)->16655K(16960K) NonClass: 14327K(14464K)->14327K(14464K) Class: 2327K(2496K)->2327K(2496K)
[934.906s][info][gc             ] GC(1967) Pause Young (Allocation Failure) 683M->502M(989M) 401.363ms
[934.906s][info][gc,cpu         ] GC(1967) User=0.38s Sys=0.00s Real=0.41s
[935.042s][info][gc,start       ] GC(1968) Pause Young (Allocation Failure)
[935.042s][info][gc             ] GC(1968) Pause Young (Allocation Failure) 775M->775M(989M) 0.124ms
[935.042s][info][gc,cpu         ] GC(1968) User=0.00s Sys=0.00s Real=0.00s
[935.042s][info][gc,start       ] GC(1969) Pause Full (Allocation Failure)
[935.042s][info][gc,phases,start] GC(1969) Phase 1: Mark live objects
[935.238s][info][gc,phases      ] GC(1969) Phase 1: Mark live objects 196.075ms
[935.238s][info][gc,phases,start] GC(1969) Phase 2: Compute new object addresses
[935.357s][info][gc,phases      ] GC(1969) Phase 2: Compute new object addresses 119.002ms
[935.357s][info][gc,phases,start] GC(1969) Phase 3: Adjust pointers
[935.467s][info][gc,phases      ] GC(1969) Phase 3: Adjust pointers 109.758ms
[935.467s][info][gc,phases,start] GC(1969) Phase 4: Move objects
[935.542s][info][gc,phases      ] GC(1969) Phase 4: Move objects 74.672ms
[935.542s][info][gc,heap        ] GC(1969) DefNew: 314560K(314560K)->0K(314560K) Eden: 279616K(279616K)->0K(279616K) From: 34944K(34944K)->0K(34944K)
[935.542s][info][gc,heap        ] GC(1969) Tenured: 479136K(699072K)->176995K(699072K)
[935.542s][info][gc,metaspace   ] GC(1969) Metaspace: 16655K(16960K)->16655K(16960K) NonClass: 14327K(14464K)->14327K(14464K) Class: 2327K(2496K)->2327K(2496K)
[935.542s][info][gc             ] GC(1969) Pause Full (Allocation Failure) 775M->172M(989M) 499.947ms
[935.542s][info][gc,cpu         ] GC(1969) User=0.50s Sys=0.00s Real=0.50s
[935.683s][info][gc,start       ] GC(1970) Pause Young (Allocation Failure)
[935.967s][info][gc,heap        ] GC(1970) DefNew: 279616K(314560K)->34943K(314560K) Eden: 279616K(279616K)->0K(279616K) From: 0K(34944K)->34943K(34944K)
[935.967s][info][gc,heap        ] GC(1970) Tenured: 176995K(699072K)->259724K(699072K)
[935.967s][info][gc,metaspace   ] GC(1970) Metaspace: 16655K(16960K)->16655K(16960K) NonClass: 14327K(14464K)->14327K(14464K) Class: 2327K(2496K)->2327K(2496K)
[935.967s][info][gc             ] GC(1970) Pause Young (Allocation Failure) 445M->287M(989M) 283.821ms
[935.967s][info][gc,cpu         ] GC(1970) User=0.27s Sys=0.00s Real=0.28s
[936.113s][info][gc,start       ] GC(1971) Pause Young (Allocation Failure)
[936.511s][info][gc,heap        ] GC(1971) DefNew: 314559K(314560K)->34943K(314560K) Eden: 279616K(279616K)->0K(279616K) From: 34943K(34944K)->34943K(34944K)
[936.511s][info][gc,heap        ] GC(1971) Tenured: 259724K(699072K)->377265K(699072K)
[936.511s][info][gc,metaspace   ] GC(1971) Metaspace: 16655K(16960K)->16655K(16960K) NonClass: 14327K(14464K)->14327K(14464K) Class: 2327K(2496K)->2327K(2496K)
[936.511s][info][gc             ] GC(1971) Pause Young (Allocation Failure) 560M->402M(989M) 397.990ms
[936.511s][info][gc,cpu         ] GC(1971) User=0.38s Sys=0.00s Real=0.39s
[936.968s][info][gc,start       ] GC(1972) Pause Young (Allocation Failure)
[937.264s][info][gc,heap        ] GC(1972) DefNew: 314559K(314560K)->34944K(314560K) Eden: 279616K(279616K)->0K(279616K) From: 34943K(34944K)->34944K(34944K)
[937.265s][info][gc,heap        ] GC(1972) Tenured: 377265K(699072K)->435429K(699072K)
[937.265s][info][gc,metaspace   ] GC(1972) Metaspace: 16655K(16960K)->16655K(16960K) NonClass: 14327K(14464K)->14327K(14464K) Class: 2327K(2496K)->2327K(2496K)
[937.265s][info][gc             ] GC(1972) Pause Young (Allocation Failure) 675M->459M(989M) 296.572ms
[937.265s][info][gc,cpu         ] GC(1972) User=0.30s Sys=0.00s Real=0.30s
[937.630s][info][gc,start       ] GC(1973) Pause Young (Allocation Failure)
[937.719s][info][gc,heap        ] GC(1973) DefNew: 314560K(314560K)->2090K(314560K) Eden: 279616K(279616K)->0K(279616K) From: 34944K(34944K)->2090K(34944K)
[937.719s][info][gc,heap        ] GC(1973) Tenured: 435429K(699072K)->450481K(699072K)
[937.719s][info][gc,metaspace   ] GC(1973) Metaspace: 16655K(16960K)->16655K(16960K) NonClass: 14327K(14464K)->14327K(14464K) Class: 2327K(2496K)->2327K(2496K)
[937.719s][info][gc             ] GC(1973) Pause Young (Allocation Failure) 732M->441M(989M) 89.164ms
[937.719s][info][gc,cpu         ] GC(1973) User=0.08s Sys=0.00s Real=0.08s
[938.500s][info][gc,start       ] GC(1974) Pause Full (System.gc())
[938.500s][info][gc,phases,start] GC(1974) Phase 1: Mark live objects
[938.506s][info][gc,phases      ] GC(1974) Phase 1: Mark live objects 6.061ms
[938.506s][info][gc,phases,start] GC(1974) Phase 2: Compute new object addresses
[938.596s][info][gc,phases      ] GC(1974) Phase 2: Compute new object addresses 90.314ms
[938.596s][info][gc,phases,start] GC(1974) Phase 3: Adjust pointers
[938.600s][info][gc,phases      ] GC(1974) Phase 3: Adjust pointers 3.703ms
[938.600s][info][gc,phases,start] GC(1974) Phase 4: Move objects
[938.600s][info][gc,phases      ] GC(1974) Phase 4: Move objects 0.010ms
[938.600s][info][gc,heap        ] GC(1974) DefNew: 178623K(314560K)->0K(314560K) Eden: 176533K(279616K)->0K(279616K) From: 2090K(34944K)->0K(34944K)
[938.600s][info][gc,heap        ] GC(1974) Tenured: 450481K(699072K)->5130K(699072K)
[938.600s][info][gc,metaspace   ] GC(1974) Metaspace: 16656K(16960K)->16656K(16960K) NonClass: 14328K(14464K)->14328K(14464K) Class: 2327K(2496K)->2327K(2496K)
[938.600s][info][gc             ] GC(1974) Pause Full (System.gc()) 614M->5M(989M) 100.439ms
[938.600s][info][gc,cpu         ] GC(1974) User=0.09s Sys=0.00s Real=0.11s
[939.867s][info][gc,start       ] GC(1975) Pause Young (Allocation Failure)
[939.868s][info][gc,heap        ] GC(1975) DefNew: 279616K(314560K)->251K(314560K) Eden: 279616K(279616K)->0K(279616K) From: 0K(34944K)->251K(34944K)
[939.868s][info][gc,heap        ] GC(1975) Tenured: 5130K(699072K)->5130K(699072K)
[939.868s][info][gc,metaspace   ] GC(1975) Metaspace: 16656K(16960K)->16656K(16960K) NonClass: 14328K(14464K)->14328K(14464K) Class: 2327K(2496K)->2327K(2496K)
[939.868s][info][gc             ] GC(1975) Pause Young (Allocation Failure) 278M->5M(989M) 1.227ms
[939.868s][info][gc,cpu         ] GC(1975) User=0.00s Sys=0.00s Real=0.00s
[939.912s][info][gc,start       ] GC(1976) Pause Young (Allocation Failure)
[939.912s][info][gc,heap        ] GC(1976) DefNew: 279867K(314560K)->247K(314560K) Eden: 279616K(279616K)->0K(279616K) From: 251K(34944K)->247K(34944K)
[939.912s][info][gc,heap        ] GC(1976) Tenured: 5130K(699072K)->5130K(699072K)
[939.912s][info][gc,metaspace   ] GC(1976) Metaspace: 16656K(16960K)->16656K(16960K) NonClass: 14328K(14464K)->14328K(14464K) Class: 2327K(2496K)->2327K(2496K)
[939.912s][info][gc             ] GC(1976) Pause Young (Allocation Failure) 278M->5M(989M) 0.837ms
[939.912s][info][gc,cpu         ] GC(1976) User=0.00s Sys=0.00s Real=0.00s
[939.956s][info][gc,start       ] GC(1977) Pause Young (Allocation Failure)
[939.957s][info][gc,heap        ] GC(1977) DefNew: 279863K(314560K)->257K(314560K) Eden: 279616K(279616K)->0K(279616K) From: 247K(34944K)->257K(34944K)
[939.957s][info][gc,heap        ] GC(1977) Tenured: 5130K(699072K)->5130K(699072K)
[939.957s][info][gc,metaspace   ] GC(1977) Metaspace: 16656K(16960K)->16656K(16960K) NonClass: 14328K(14464K)->14328K(14464K) Class: 2327K(2496K)->2327K(2496K)
[939.957s][info][gc             ] GC(1977) Pause Young (Allocation Failure) 278M->5M(989M) 0.905ms
[939.957s][info][gc,cpu         ] GC(1977) User=0.00s Sys=0.00s Real=0.02s
[940.001s][info][gc,start       ] GC(1978) Pause Young (Allocation Failure)
[940.002s][info][gc,heap        ] GC(1978) DefNew: 279873K(314560K)->274K(314560K) Eden: 279616K(279616K)->0K(279616K) From: 257K(34944K)->274K(34944K)
[940.002s][info][gc,heap        ] GC(1978) Tenured: 5130K(699072K)->5130K(699072K)
[940.002s][info][gc,metaspace   ] GC(1978) Metaspace: 16656K(16960K)->16656K(16960K) NonClass: 14328K(14464K)->14328K(14464K) Class: 2327K(2496K)->2327K(2496K)
[940.002s][info][gc             ] GC(1978) Pause Young (Allocation Failure) 278M->5M(989M) 1.045ms
[940.002s][info][gc,cpu         ] GC(1978) User=0.00s Sys=0.00s Real=0.00s
[940.046s][info][gc,start       ] GC(1979) Pause Young (Allocation Failure)
[940.047s][info][gc,heap        ] GC(1979) DefNew: 279890K(314560K)->250K(314560K) Eden: 279616K(279616K)->0K(279616K) From: 274K(34944K)->250K(34944K)
[940.047s][info][gc,heap        ] GC(1979) Tenured: 5130K(699072K)->5130K(699072K)
[940.047s][info][gc,metaspace   ] GC(1979) Metaspace: 16656K(16960K)->16656K(16960K) NonClass: 14328K(14464K)->14328K(14464K) Class: 2327K(2496K)->2327K(2496K)
[940.047s][info][gc             ] GC(1979) Pause Young (Allocation Failure) 278M->5M(989M) 0.841ms
[940.047s][info][gc,cpu         ] GC(1979) User=0.00s Sys=0.00s Real=0.00s
[940.091s][info][gc,start       ] GC(1980) Pause Young (Allocation Failure)
[940.092s][info][gc,heap        ] GC(1980) DefNew: 279866K(314560K)->240K(314560K) Eden: 279616K(279616K)->0K(279616K) From: 250K(34944K)->240K(34944K)
[940.092s][info][gc,heap        ] GC(1980) Tenured: 5130K(699072K)->5130K(699072K)
[940.092s][info][gc,metaspace   ] GC(1980) Metaspace: 16656K(16960K)->16656K(16960K) NonClass: 14328K(14464K)->14328K(14464K) Class: 2327K(2496K)->2327K(2496K)
[940.092s][info][gc             ] GC(1980) Pause Young (Allocation Failure) 278M->5M(989M) 0.837ms
[940.092s][info][gc,cpu         ] GC(1980) User=0.00s Sys=0.00s Real=0.00s
[940.135s][info][gc,start       ] GC(1981) Pause Young (Allocation Failure)
[940.136s][info][gc,heap        ] GC(1981) DefNew: 279856K(314560K)->261K(314560K) Eden: 279616K(279616K)->0K(279616K) From: 240K(34944K)->261K(34944K)
[940.136s][info][gc,heap        ] GC(1981) Tenured: 5130K(699072K)->5130K(699072K)
[940.136s][info][gc,metaspace   ] GC(1981) Metaspace: 16656K(16960K)->16656K(16960K) NonClass: 14328K(14464K)->14328K(14464K) Class: 2327K(2496K)->2327K(2496K)
[940.136s][info][gc             ] GC(1981) Pause Young (Allocation Failure) 278M->5M(989M) 0.910ms
[940.136s][info][gc,cpu         ] GC(1981) User=0.00s Sys=0.00s Real=0.00s
[940.180s][info][gc,start       ] GC(1982) Pause Young (Allocation Failure)
[940.181s][info][gc,heap        ] GC(1982) DefNew: 279877K(314560K)->249K(314560K) Eden: 279616K(279616K)->0K(279616K) From: 261K(34944K)->249K(34944K)
[940.181s][info][gc,heap        ] GC(1982) Tenured: 5130K(699072K)->5130K(699072K)
[940.181s][info][gc,metaspace   ] GC(1982) Metaspace: 16656K(16960K)->16656K(16960K) NonClass: 14328K(14464K)->14328K(14464K) Class: 2327K(2496K)->2327K(2496K)
[940.181s][info][gc             ] GC(1982) Pause Young (Allocation Failure) 278M->5M(989M) 0.835ms
[940.181s][info][gc,cpu         ] GC(1982) User=0.00s Sys=0.00s Real=0.00s
[940.225s][info][gc,start       ] GC(1983) Pause Young (Allocation Failure)
[940.226s][info][gc,heap        ] GC(1983) DefNew: 279865K(314560K)->236K(314560K) Eden: 279616K(279616K)->0K(279616K) From: 249K(34944K)->236K(34944K)
[940.226s][info][gc,heap        ] GC(1983) Tenured: 5130K(699072K)->5130K(699072K)
[940.226s][info][gc,metaspace   ] GC(1983) Metaspace: 16656K(16960K)->16656K(16960K) NonClass: 14328K(14464K)->14328K(14464K) Class: 2327K(2496K)->2327K(2496K)
[940.226s][info][gc             ] GC(1983) Pause Young (Allocation Failure) 278M->5M(989M) 0.824ms
[940.226s][info][gc,cpu         ] GC(1983) User=0.00s Sys=0.00s Real=0.00s
[940.270s][info][gc,start       ] GC(1984) Pause Young (Allocation Failure)
[940.271s][info][gc,heap        ] GC(1984) DefNew: 279852K(314560K)->222K(314560K) Eden: 279616K(279616K)->0K(279616K) From: 236K(34944K)->222K(34944K)
[940.271s][info][gc,heap        ] GC(1984) Tenured: 5130K(699072K)->5130K(699072K)
[940.271s][info][gc,metaspace   ] GC(1984) Metaspace: 16656K(16960K)->16656K(16960K) NonClass: 14328K(14464K)->14328K(14464K) Class: 2327K(2496K)->2327K(2496K)
[940.271s][info][gc             ] GC(1984) Pause Young (Allocation Failure) 278M->5M(989M) 0.780ms
[940.271s][info][gc,cpu         ] GC(1984) User=0.00s Sys=0.00s Real=0.00s
[940.332s][info][gc,start       ] GC(1985) Pause Young (Allocation Failure)
[940.425s][info][gc,heap        ] GC(1985) DefNew: 279838K(314560K)->34944K(314560K) Eden: 279616K(279616K)->0K(279616K) From: 222K(34944K)->34944K(34944K)
[940.425s][info][gc,heap        ] GC(1985) Tenured: 5130K(699072K)->10564K(699072K)
[940.425s][info][gc,metaspace   ] GC(1985) Metaspace: 16656K(16960K)->16656K(16960K) NonClass: 14328K(14464K)->14328K(14464K) Class: 2327K(2496K)->2327K(2496K)
[940.425s][info][gc             ] GC(1985) Pause Young (Allocation Failure) 278M->44M(989M) 92.792ms
[940.425s][info][gc,cpu         ] GC(1985) User=0.09s Sys=0.00s Real=0.09s
[940.589s][info][gc,start       ] GC(1986) Pause Young (Allocation Failure)
[941.134s][info][gc,heap        ] GC(1986) DefNew: 314560K(314560K)->34944K(314560K) Eden: 279616K(279616K)->0K(279616K) From: 34944K(34944K)->34944K(34944K)
[941.134s][info][gc,heap        ] GC(1986) Tenured: 10564K(699072K)->189778K(699072K)
[941.134s][info][gc,metaspace   ] GC(1986) Metaspace: 16656K(16960K)->16656K(16960K) NonClass: 14328K(14464K)->14328K(14464K) Class: 2327K(2496K)->2327K(2496K)
[941.134s][info][gc             ] GC(1986) Pause Young (Allocation Failure) 317M->219M(989M) 545.112ms
[941.134s][info][gc,cpu         ] GC(1986) User=0.52s Sys=0.00s Real=0.55s
[941.315s][info][gc,start       ] GC(1987) Pause Young (Allocation Failure)
[941.961s][info][gc,heap        ] GC(1987) DefNew: 314560K(314560K)->34944K(314560K) Eden: 279616K(279616K)->0K(279616K) From: 34944K(34944K)->34944K(34944K)
[941.961s][info][gc,heap        ] GC(1987) Tenured: 189778K(699072K)->371991K(699072K)
[941.961s][info][gc,metaspace   ] GC(1987) Metaspace: 16656K(16960K)->16656K(16960K) NonClass: 14328K(14464K)->14328K(14464K) Class: 2327K(2496K)->2327K(2496K)
[941.961s][info][gc             ] GC(1987) Pause Young (Allocation Failure) 492M->397M(989M) 646.306ms
[941.961s][info][gc,cpu         ] GC(1987) User=0.64s Sys=0.00s Real=0.64s
[944.183s][info][gc,start       ] GC(1988) Pause Young (Allocation Failure)
[944.558s][info][gc,heap        ] GC(1988) DefNew: 314560K(314560K)->34943K(314560K) Eden: 279616K(279616K)->0K(279616K) From: 34944K(34944K)->34943K(34944K)
[944.558s][info][gc,heap        ] GC(1988) Tenured: 371991K(699072K)->465372K(699072K)
[944.558s][info][gc,metaspace   ] GC(1988) Metaspace: 16656K(16960K)->16656K(16960K) NonClass: 14328K(14464K)->14328K(14464K) Class: 2327K(2496K)->2327K(2496K)
[944.558s][info][gc             ] GC(1988) Pause Young (Allocation Failure) 670M->488M(989M) 374.600ms
[944.558s][info][gc,cpu         ] GC(1988) User=0.36s Sys=0.00s Real=0.38s
[944.694s][info][gc,start       ] GC(1989) Pause Young (Allocation Failure)
[944.694s][info][gc             ] GC(1989) Pause Young (Allocation Failure) 761M->761M(989M) 0.124ms
[944.694s][info][gc,cpu         ] GC(1989) User=0.00s Sys=0.00s Real=0.00s
[944.694s][info][gc,start       ] GC(1990) Pause Full (Allocation Failure)
[944.694s][info][gc,phases,start] GC(1990) Phase 1: Mark live objects
[944.895s][info][gc,phases      ] GC(1990) Phase 1: Mark live objects 200.633ms
[944.895s][info][gc,phases,start] GC(1990) Phase 2: Compute new object addresses
[945.013s][info][gc,phases      ] GC(1990) Phase 2: Compute new object addresses 118.065ms
[945.013s][info][gc,phases,start] GC(1990) Phase 3: Adjust pointers
[945.121s][info][gc,phases      ] GC(1990) Phase 3: Adjust pointers 108.278ms
[945.121s][info][gc,phases,start] GC(1990) Phase 4: Move objects
[945.196s][info][gc,phases      ] GC(1990) Phase 4: Move objects 74.667ms
[945.196s][info][gc,heap        ] GC(1990) DefNew: 314559K(314560K)->0K(314560K) Eden: 279616K(279616K)->0K(279616K) From: 34943K(34944K)->0K(34944K)
[945.196s][info][gc,heap        ] GC(1990) Tenured: 465372K(699072K)->205505K(699072K)
[945.196s][info][gc,metaspace   ] GC(1990) Metaspace: 16656K(16960K)->16656K(16960K) NonClass: 14328K(14464K)->14328K(14464K) Class: 2327K(2496K)->2327K(2496K)
[945.196s][info][gc             ] GC(1990) Pause Full (Allocation Failure) 761M->200M(989M) 502.077ms
[945.196s][info][gc,cpu         ] GC(1990) User=0.48s Sys=0.00s Real=0.50s
[945.336s][info][gc,start       ] GC(1991) Pause Young (Allocation Failure)
[945.623s][info][gc,heap        ] GC(1991) DefNew: 279616K(314560K)->34944K(314560K) Eden: 279616K(279616K)->0K(279616K) From: 0K(34944K)->34944K(34944K)
[945.623s][info][gc,heap        ] GC(1991) Tenured: 205505K(699072K)->288231K(699072K)
[945.623s][info][gc,metaspace   ] GC(1991) Metaspace: 16656K(16960K)->16656K(16960K) NonClass: 14328K(14464K)->14328K(14464K) Class: 2327K(2496K)->2327K(2496K)
[945.623s][info][gc             ] GC(1991) Pause Young (Allocation Failure) 473M->315M(989M) 286.487ms
[945.623s][info][gc,cpu         ] GC(1991) User=0.27s Sys=0.00s Real=0.28s
[945.768s][info][gc,start       ] GC(1992) Pause Young (Allocation Failure)
[946.161s][info][gc,heap        ] GC(1992) DefNew: 314560K(314560K)->34944K(314560K) Eden: 279616K(279616K)->0K(279616K) From: 34944K(34944K)->34944K(34944K)
[946.161s][info][gc,heap        ] GC(1992) Tenured: 288231K(699072K)->405653K(699072K)
[946.161s][info][gc,metaspace   ] GC(1992) Metaspace: 16656K(16960K)->16656K(16960K) NonClass: 14328K(14464K)->14328K(14464K) Class: 2327K(2496K)->2327K(2496K)
[946.161s][info][gc             ] GC(1992) Pause Young (Allocation Failure) 588M->430M(989M) 392.860ms
[946.161s][info][gc,cpu         ] GC(1992) User=0.39s Sys=0.00s Real=0.39s
[946.627s][info][gc,start       ] GC(1993) Pause Young (Allocation Failure)
[946.914s][info][gc,heap        ] GC(1993) DefNew: 314560K(314560K)->34943K(314560K) Eden: 279616K(279616K)->0K(279616K) From: 34944K(34944K)->34943K(34944K)
[946.914s][info][gc,heap        ] GC(1993) Tenured: 405653K(699072K)->459812K(699072K)
[946.914s][info][gc,metaspace   ] GC(1993) Metaspace: 16656K(16960K)->16656K(16960K) NonClass: 14328K(14464K)->14328K(14464K) Class: 2327K(2496K)->2327K(2496K)
[946.915s][info][gc             ] GC(1993) Pause Young (Allocation Failure) 703M->483M(989M) 287.467ms
[946.915s][info][gc,cpu         ] GC(1993) User=0.28s Sys=0.00s Real=0.30s
[947.277s][info][gc,start       ] GC(1994) Pause Young (Allocation Failure)
[947.360s][info][gc,heap        ] GC(1994) DefNew: 314559K(314560K)->1944K(314560K) Eden: 279616K(279616K)->0K(279616K) From: 34943K(34944K)->1944K(34944K)
[947.360s][info][gc,heap        ] GC(1994) Tenured: 459812K(699072K)->473098K(699072K)
[947.360s][info][gc,metaspace   ] GC(1994) Metaspace: 16656K(16960K)->16656K(16960K) NonClass: 14328K(14464K)->14328K(14464K) Class: 2327K(2496K)->2327K(2496K)
[947.360s][info][gc             ] GC(1994) Pause Young (Allocation Failure) 756M->463M(989M) 83.524ms
[947.360s][info][gc,cpu         ] GC(1994) User=0.08s Sys=0.00s Real=0.08s
[948.133s][info][gc,start       ] GC(1995) Pause Full (System.gc())
[948.134s][info][gc,phases,start] GC(1995) Phase 1: Mark live objects
[948.140s][info][gc,phases      ] GC(1995) Phase 1: Mark live objects 6.270ms
[948.140s][info][gc,phases,start] GC(1995) Phase 2: Compute new object addresses
[948.229s][info][gc,phases      ] GC(1995) Phase 2: Compute new object addresses 88.807ms
[948.229s][info][gc,phases,start] GC(1995) Phase 3: Adjust pointers
[948.232s][info][gc,phases      ] GC(1995) Phase 3: Adjust pointers 3.665ms
[948.232s][info][gc,phases,start] GC(1995) Phase 4: Move objects
[948.232s][info][gc,phases      ] GC(1995) Phase 4: Move objects 0.010ms
[948.233s][info][gc,heap        ] GC(1995) DefNew: 164457K(314560K)->0K(314560K) Eden: 162512K(279616K)->0K(279616K) From: 1944K(34944K)->0K(34944K)
[948.233s][info][gc,heap        ] GC(1995) Tenured: 473098K(699072K)->30318K(699072K)
[948.233s][info][gc,metaspace   ] GC(1995) Metaspace: 16656K(16960K)->16656K(16960K) NonClass: 14328K(14464K)->14328K(14464K) Class: 2327K(2496K)->2327K(2496K)
[948.233s][info][gc             ] GC(1995) Pause Full (System.gc()) 622M->29M(989M) 99.104ms
[948.233s][info][gc,cpu         ] GC(1995) User=0.09s Sys=0.00s Real=0.09s
[949.506s][info][gc,start       ] GC(1996) Pause Young (Allocation Failure)
[949.507s][info][gc,heap        ] GC(1996) DefNew: 279616K(314560K)->254K(314560K) Eden: 279616K(279616K)->0K(279616K) From: 0K(34944K)->254K(34944K)
[949.507s][info][gc,heap        ] GC(1996) Tenured: 30318K(699072K)->30318K(699072K)
[949.507s][info][gc,metaspace   ] GC(1996) Metaspace: 16656K(16960K)->16656K(16960K) NonClass: 14328K(14464K)->14328K(14464K) Class: 2327K(2496K)->2327K(2496K)
[949.507s][info][gc             ] GC(1996) Pause Young (Allocation Failure) 302M->29M(989M) 1.191ms
[949.507s][info][gc,cpu         ] GC(1996) User=0.00s Sys=0.00s Real=0.00s
[949.552s][info][gc,start       ] GC(1997) Pause Young (Allocation Failure)
[949.553s][info][gc,heap        ] GC(1997) DefNew: 279870K(314560K)->256K(314560K) Eden: 279616K(279616K)->0K(279616K) From: 254K(34944K)->256K(34944K)
[949.553s][info][gc,heap        ] GC(1997) Tenured: 30318K(699072K)->30318K(699072K)
[949.553s][info][gc,metaspace   ] GC(1997) Metaspace: 16656K(16960K)->16656K(16960K) NonClass: 14328K(14464K)->14328K(14464K) Class: 2327K(2496K)->2327K(2496K)
[949.553s][info][gc             ] GC(1997) Pause Young (Allocation Failure) 302M->29M(989M) 0.925ms
[949.553s][info][gc,cpu         ] GC(1997) User=0.00s Sys=0.00s Real=0.00s
[949.597s][info][gc,start       ] GC(1998) Pause Young (Allocation Failure)
[949.597s][info][gc,heap        ] GC(1998) DefNew: 279872K(314560K)->252K(314560K) Eden: 279616K(279616K)->0K(279616K) From: 256K(34944K)->252K(34944K)
[949.597s][info][gc,heap        ] GC(1998) Tenured: 30318K(699072K)->30318K(699072K)
[949.597s][info][gc,metaspace   ] GC(1998) Metaspace: 16656K(16960K)->16656K(16960K) NonClass: 14328K(14464K)->14328K(14464K) Class: 2327K(2496K)->2327K(2496K)
[949.597s][info][gc             ] GC(1998) Pause Young (Allocation Failure) 302M->29M(989M) 0.853ms
[949.597s][info][gc,cpu         ] GC(1998) User=0.00s Sys=0.00s Real=0.00s
[949.642s][info][gc,start       ] GC(1999) Pause Young (Allocation Failure)
[949.643s][info][gc,heap        ] GC(1999) DefNew: 279868K(314560K)->252K(314560K) Eden: 279616K(279616K)->0K(279616K) From: 252K(34944K)->252K(34944K)
[949.643s][info][gc,heap        ] GC(1999) Tenured: 30318K(699072K)->30318K(699072K)
[949.643s][info][gc,metaspace   ] GC(1999) Metaspace: 16656K(16960K)->16656K(16960K) NonClass: 14328K(14464K)->14328K(14464K) Class: 2327K(2496K)->2327K(2496K)
[949.643s][info][gc             ] GC(1999) Pause Young (Allocation Failure) 302M->29M(989M) 0.851ms
[949.643s][info][gc,cpu         ] GC(1999) User=0.00s Sys=0.00s Real=0.00s
[949.687s][info][gc,start       ] GC(2000) Pause Young (Allocation Failure)
[949.688s][info][gc,heap        ] GC(2000) DefNew: 279868K(314560K)->249K(314560K) Eden: 279616K(279616K)->0K(279616K) From: 252K(34944K)->249K(34944K)
[949.688s][info][gc,heap        ] GC(2000) Tenured: 30318K(699072K)->30318K(699072K)
[949.688s][info][gc,metaspace   ] GC(2000) Metaspace: 16656K(16960K)->16656K(16960K) NonClass: 14328K(14464K)->14328K(14464K) Class: 2327K(2496K)->2327K(2496K)
[949.688s][info][gc             ] GC(2000) Pause Young (Allocation Failure) 302M->29M(989M) 0.828ms
[949.688s][info][gc,cpu         ] GC(2000) User=0.00s Sys=0.00s Real=0.00s
[949.732s][info][gc,start       ] GC(2001) Pause Young (Allocation Failure)
[949.733s][info][gc,heap        ] GC(2001) DefNew: 279865K(314560K)->238K(314560K) Eden: 279616K(279616K)->0K(279616K) From: 249K(34944K)->238K(34944K)
[949.733s][info][gc,heap        ] GC(2001) Tenured: 30318K(699072K)->30318K(699072K)
[949.733s][info][gc,metaspace   ] GC(2001) Metaspace: 16656K(16960K)->16656K(16960K) NonClass: 14328K(14464K)->14328K(14464K) Class: 2327K(2496K)->2327K(2496K)
[949.733s][info][gc             ] GC(2001) Pause Young (Allocation Failure) 302M->29M(989M) 0.832ms
[949.733s][info][gc,cpu         ] GC(2001) User=0.00s Sys=0.00s Real=0.00s
[949.778s][info][gc,start       ] GC(2002) Pause Young (Allocation Failure)
[949.779s][info][gc,heap        ] GC(2002) DefNew: 279854K(314560K)->240K(314560K) Eden: 279616K(279616K)->0K(279616K) From: 238K(34944K)->240K(34944K)
[949.779s][info][gc,heap        ] GC(2002) Tenured: 30318K(699072K)->30318K(699072K)
[949.779s][info][gc,metaspace   ] GC(2002) Metaspace: 16656K(16960K)->16656K(16960K) NonClass: 14328K(14464K)->14328K(14464K) Class: 2327K(2496K)->2327K(2496K)
[949.779s][info][gc             ] GC(2002) Pause Young (Allocation Failure) 302M->29M(989M) 0.836ms
[949.779s][info][gc,cpu         ] GC(2002) User=0.00s Sys=0.00s Real=0.00s
[949.822s][info][gc,start       ] GC(2003) Pause Young (Allocation Failure)
[949.823s][info][gc,heap        ] GC(2003) DefNew: 279856K(314560K)->248K(314560K) Eden: 279616K(279616K)->0K(279616K) From: 240K(34944K)->248K(34944K)
[949.823s][info][gc,heap        ] GC(2003) Tenured: 30318K(699072K)->30318K(699072K)
[949.823s][info][gc,metaspace   ] GC(2003) Metaspace: 16656K(16960K)->16656K(16960K) NonClass: 14328K(14464K)->14328K(14464K) Class: 2327K(2496K)->2327K(2496K)
[949.823s][info][gc             ] GC(2003) Pause Young (Allocation Failure) 302M->29M(989M) 0.874ms
[949.823s][info][gc,cpu         ] GC(2003) User=0.00s Sys=0.00s Real=0.00s
[949.866s][info][gc,start       ] GC(2004) Pause Young (Allocation Failure)
[949.867s][info][gc,heap        ] GC(2004) DefNew: 279864K(314560K)->243K(314560K) Eden: 279616K(279616K)->0K(279616K) From: 248K(34944K)->243K(34944K)
[949.867s][info][gc,heap        ] GC(2004) Tenured: 30318K(699072K)->30318K(699072K)
[949.867s][info][gc,metaspace   ] GC(2004) Metaspace: 16656K(16960K)->16656K(16960K) NonClass: 14328K(14464K)->14328K(14464K) Class: 2327K(2496K)->2327K(2496K)
[949.867s][info][gc             ] GC(2004) Pause Young (Allocation Failure) 302M->29M(989M) 0.963ms
[949.867s][info][gc,cpu         ] GC(2004) User=0.00s Sys=0.00s Real=0.00s
[949.912s][info][gc,start       ] GC(2005) Pause Young (Allocation Failure)
[949.913s][info][gc,heap        ] GC(2005) DefNew: 279859K(314560K)->221K(314560K) Eden: 279616K(279616K)->0K(279616K) From: 243K(34944K)->221K(34944K)
[949.913s][info][gc,heap        ] GC(2005) Tenured: 30318K(699072K)->30318K(699072K)
[949.913s][info][gc,metaspace   ] GC(2005) Metaspace: 16656K(16960K)->16656K(16960K) NonClass: 14328K(14464K)->14328K(14464K) Class: 2327K(2496K)->2327K(2496K)
[949.913s][info][gc             ] GC(2005) Pause Young (Allocation Failure) 302M->29M(989M) 0.953ms
[949.913s][info][gc,cpu         ] GC(2005) User=0.00s Sys=0.00s Real=0.01s
[949.975s][info][gc,start       ] GC(2006) Pause Young (Allocation Failure)
[950.061s][info][gc,heap        ] GC(2006) DefNew: 279837K(314560K)->34944K(314560K) Eden: 279616K(279616K)->0K(279616K) From: 221K(34944K)->34944K(34944K)
[950.061s][info][gc,heap        ] GC(2006) Tenured: 30318K(699072K)->33241K(699072K)
[950.061s][info][gc,metaspace   ] GC(2006) Metaspace: 16656K(16960K)->16656K(16960K) NonClass: 14328K(14464K)->14328K(14464K) Class: 2327K(2496K)->2327K(2496K)
[950.061s][info][gc             ] GC(2006) Pause Young (Allocation Failure) 302M->66M(989M) 85.892ms
[950.061s][info][gc,cpu         ] GC(2006) User=0.08s Sys=0.00s Real=0.08s
[950.221s][info][gc,start       ] GC(2007) Pause Young (Allocation Failure)
[950.763s][info][gc,heap        ] GC(2007) DefNew: 314560K(314560K)->34944K(314560K) Eden: 279616K(279616K)->0K(279616K) From: 34944K(34944K)->34944K(34944K)
[950.763s][info][gc,heap        ] GC(2007) Tenured: 33241K(699072K)->211509K(699072K)
[950.763s][info][gc,metaspace   ] GC(2007) Metaspace: 16656K(16960K)->16656K(16960K) NonClass: 14328K(14464K)->14328K(14464K) Class: 2327K(2496K)->2327K(2496K)
[950.763s][info][gc             ] GC(2007) Pause Young (Allocation Failure) 339M->240M(989M) 541.908ms
[950.763s][info][gc,cpu         ] GC(2007) User=0.48s Sys=0.00s Real=0.55s
[950.944s][info][gc,start       ] GC(2008) Pause Young (Allocation Failure)
[951.578s][info][gc,heap        ] GC(2008) DefNew: 314560K(314560K)->34943K(314560K) Eden: 279616K(279616K)->0K(279616K) From: 34944K(34944K)->34943K(34944K)
[951.578s][info][gc,heap        ] GC(2008) Tenured: 211509K(699072K)->393574K(699072K)
[951.578s][info][gc,metaspace   ] GC(2008) Metaspace: 16656K(16960K)->16656K(16960K) NonClass: 14328K(14464K)->14328K(14464K) Class: 2327K(2496K)->2327K(2496K)
[951.578s][info][gc             ] GC(2008) Pause Young (Allocation Failure) 513M->418M(989M) 634.182ms
[951.578s][info][gc,cpu         ] GC(2008) User=0.62s Sys=0.00s Real=0.64s
[953.861s][info][gc,start       ] GC(2009) Pause Young (Allocation Failure)
[954.250s][info][gc,heap        ] GC(2009) DefNew: 314559K(314560K)->34944K(314560K) Eden: 279616K(279616K)->0K(279616K) From: 34943K(34944K)->34944K(34944K)
[954.250s][info][gc,heap        ] GC(2009) Tenured: 393574K(699072K)->488307K(699072K)
[954.250s][info][gc,metaspace   ] GC(2009) Metaspace: 16656K(16960K)->16656K(16960K) NonClass: 14328K(14464K)->14328K(14464K) Class: 2327K(2496K)->2327K(2496K)
[954.250s][info][gc             ] GC(2009) Pause Young (Allocation Failure) 691M->510M(989M) 388.765ms
[954.250s][info][gc,cpu         ] GC(2009) User=0.38s Sys=0.00s Real=0.39s
[954.387s][info][gc,start       ] GC(2010) Pause Young (Allocation Failure)
[954.387s][info][gc             ] GC(2010) Pause Young (Allocation Failure) 784M->784M(989M) 0.076ms
[954.387s][info][gc,cpu         ] GC(2010) User=0.00s Sys=0.00s Real=0.00s
[954.387s][info][gc,start       ] GC(2011) Pause Full (Allocation Failure)
[954.387s][info][gc,phases,start] GC(2011) Phase 1: Mark live objects
[954.578s][info][gc,phases      ] GC(2011) Phase 1: Mark live objects 191.161ms
[954.578s][info][gc,phases,start] GC(2011) Phase 2: Compute new object addresses
[954.697s][info][gc,phases      ] GC(2011) Phase 2: Compute new object addresses 118.303ms
[954.697s][info][gc,phases,start] GC(2011) Phase 3: Adjust pointers
[954.800s][info][gc,phases      ] GC(2011) Phase 3: Adjust pointers 103.216ms
[954.800s][info][gc,phases,start] GC(2011) Phase 4: Move objects
[954.874s][info][gc,phases      ] GC(2011) Phase 4: Move objects 74.242ms
[954.874s][info][gc,heap        ] GC(2011) DefNew: 314560K(314560K)->0K(314560K) Eden: 279616K(279616K)->0K(279616K) From: 34944K(34944K)->0K(34944K)
[954.874s][info][gc,heap        ] GC(2011) Tenured: 488307K(699072K)->177690K(699072K)
[954.874s][info][gc,metaspace   ] GC(2011) Metaspace: 16656K(16960K)->16656K(16960K) NonClass: 14328K(14464K)->14328K(14464K) Class: 2327K(2496K)->2327K(2496K)
[954.874s][info][gc             ] GC(2011) Pause Full (Allocation Failure) 784M->173M(989M) 487.356ms
[954.874s][info][gc,cpu         ] GC(2011) User=0.41s Sys=0.00s Real=0.49s
[955.015s][info][gc,start       ] GC(2012) Pause Young (Allocation Failure)
[955.297s][info][gc,heap        ] GC(2012) DefNew: 279616K(314560K)->34944K(314560K) Eden: 279616K(279616K)->0K(279616K) From: 0K(34944K)->34944K(34944K)
[955.297s][info][gc,heap        ] GC(2012) Tenured: 177690K(699072K)->260417K(699072K)
[955.297s][info][gc,metaspace   ] GC(2012) Metaspace: 16656K(16960K)->16656K(16960K) NonClass: 14328K(14464K)->14328K(14464K) Class: 2327K(2496K)->2327K(2496K)
[955.297s][info][gc             ] GC(2012) Pause Young (Allocation Failure) 446M->288M(989M) 282.504ms
[955.297s][info][gc,cpu         ] GC(2012) User=0.30s Sys=0.00s Real=0.28s
[955.446s][info][gc,start       ] GC(2013) Pause Young (Allocation Failure)
[955.844s][info][gc,heap        ] GC(2013) DefNew: 314560K(314560K)->34944K(314560K) Eden: 279616K(279616K)->0K(279616K) From: 34944K(34944K)->34944K(34944K)
[955.844s][info][gc,heap        ] GC(2013) Tenured: 260417K(699072K)->377960K(699072K)
[955.844s][info][gc,metaspace   ] GC(2013) Metaspace: 16656K(16960K)->16656K(16960K) NonClass: 14328K(14464K)->14328K(14464K) Class: 2327K(2496K)->2327K(2496K)
[955.844s][info][gc             ] GC(2013) Pause Young (Allocation Failure) 561M->403M(989M) 397.948ms
[955.844s][info][gc,cpu         ] GC(2013) User=0.38s Sys=0.00s Real=0.41s
[956.293s][info][gc,start       ] GC(2014) Pause Young (Allocation Failure)
[956.591s][info][gc,heap        ] GC(2014) DefNew: 314560K(314560K)->34943K(314560K) Eden: 279616K(279616K)->0K(279616K) From: 34944K(34944K)->34943K(34944K)
[956.591s][info][gc,heap        ] GC(2014) Tenured: 377960K(699072K)->434785K(699072K)
[956.591s][info][gc,metaspace   ] GC(2014) Metaspace: 16656K(16960K)->16656K(16960K) NonClass: 14328K(14464K)->14328K(14464K) Class: 2327K(2496K)->2327K(2496K)
[956.592s][info][gc             ] GC(2014) Pause Young (Allocation Failure) 676M->458M(989M) 298.178ms
[956.592s][info][gc,cpu         ] GC(2014) User=0.27s Sys=0.00s Real=0.30s
[956.953s][info][gc,start       ] GC(2015) Pause Young (Allocation Failure)
[957.043s][info][gc,heap        ] GC(2015) DefNew: 314559K(314560K)->2073K(314560K) Eden: 279616K(279616K)->0K(279616K) From: 34943K(34944K)->2073K(34944K)
[957.043s][info][gc,heap        ] GC(2015) Tenured: 434785K(699072K)->449563K(699072K)
[957.043s][info][gc,metaspace   ] GC(2015) Metaspace: 16656K(16960K)->16656K(16960K) NonClass: 14328K(14464K)->14328K(14464K) Class: 2327K(2496K)->2327K(2496K)
[957.043s][info][gc             ] GC(2015) Pause Young (Allocation Failure) 731M->441M(989M) 90.171ms
[957.043s][info][gc,cpu         ] GC(2015) User=0.09s Sys=0.00s Real=0.08s
[957.819s][info][gc,start       ] GC(2016) Pause Full (System.gc())
[957.819s][info][gc,phases,start] GC(2016) Phase 1: Mark live objects
[957.825s][info][gc,phases      ] GC(2016) Phase 1: Mark live objects 6.012ms
[957.825s][info][gc,phases,start] GC(2016) Phase 2: Compute new object addresses
[957.915s][info][gc,phases      ] GC(2016) Phase 2: Compute new object addresses 90.198ms
[957.915s][info][gc,phases,start] GC(2016) Phase 3: Adjust pointers
[957.919s][info][gc,phases      ] GC(2016) Phase 3: Adjust pointers 3.702ms
[957.919s][info][gc,phases,start] GC(2016) Phase 4: Move objects
[957.919s][info][gc,phases      ] GC(2016) Phase 4: Move objects 0.015ms
[957.919s][info][gc,heap        ] GC(2016) DefNew: 179035K(314560K)->0K(314560K) Eden: 176961K(279616K)->0K(279616K) From: 2073K(34944K)->0K(34944K)
[957.919s][info][gc,heap        ] GC(2016) Tenured: 449563K(699072K)->5130K(699072K)
[957.919s][info][gc,metaspace   ] GC(2016) Metaspace: 16672K(16960K)->16672K(16960K) NonClass: 14344K(14464K)->14344K(14464K) Class: 2327K(2496K)->2327K(2496K)
[957.919s][info][gc             ] GC(2016) Pause Full (System.gc()) 613M->5M(989M) 100.265ms
[957.919s][info][gc,cpu         ] GC(2016) User=0.09s Sys=0.00s Real=0.09s
[959.198s][info][gc,start       ] GC(2017) Pause Young (Allocation Failure)
[959.199s][info][gc,heap        ] GC(2017) DefNew: 279616K(314560K)->254K(314560K) Eden: 279616K(279616K)->0K(279616K) From: 0K(34944K)->254K(34944K)
[959.199s][info][gc,heap        ] GC(2017) Tenured: 5130K(699072K)->5130K(699072K)
[959.199s][info][gc,metaspace   ] GC(2017) Metaspace: 16676K(16960K)->16676K(16960K) NonClass: 14348K(14464K)->14348K(14464K) Class: 2327K(2496K)->2327K(2496K)
[959.199s][info][gc             ] GC(2017) Pause Young (Allocation Failure) 278M->5M(989M) 1.147ms
[959.199s][info][gc,cpu         ] GC(2017) User=0.00s Sys=0.00s Real=0.00s
[959.243s][info][gc,start       ] GC(2018) Pause Young (Allocation Failure)
[959.244s][info][gc,heap        ] GC(2018) DefNew: 279870K(314560K)->249K(314560K) Eden: 279616K(279616K)->0K(279616K) From: 254K(34944K)->249K(34944K)
[959.244s][info][gc,heap        ] GC(2018) Tenured: 5130K(699072K)->5130K(699072K)
[959.244s][info][gc,metaspace   ] GC(2018) Metaspace: 16676K(16960K)->16676K(16960K) NonClass: 14348K(14464K)->14348K(14464K) Class: 2327K(2496K)->2327K(2496K)
[959.244s][info][gc             ] GC(2018) Pause Young (Allocation Failure) 278M->5M(989M) 0.885ms
[959.244s][info][gc,cpu         ] GC(2018) User=0.00s Sys=0.00s Real=0.00s
[959.287s][info][gc,start       ] GC(2019) Pause Young (Allocation Failure)
[959.288s][info][gc,heap        ] GC(2019) DefNew: 279865K(314560K)->258K(314560K) Eden: 279616K(279616K)->0K(279616K) From: 249K(34944K)->258K(34944K)
[959.288s][info][gc,heap        ] GC(2019) Tenured: 5130K(699072K)->5130K(699072K)
[959.288s][info][gc,metaspace   ] GC(2019) Metaspace: 16676K(16960K)->16676K(16960K) NonClass: 14348K(14464K)->14348K(14464K) Class: 2327K(2496K)->2327K(2496K)
[959.288s][info][gc             ] GC(2019) Pause Young (Allocation Failure) 278M->5M(989M) 0.812ms
[959.288s][info][gc,cpu         ] GC(2019) User=0.00s Sys=0.00s Real=0.00s
[959.332s][info][gc,start       ] GC(2020) Pause Young (Allocation Failure)
[959.333s][info][gc,heap        ] GC(2020) DefNew: 279874K(314560K)->233K(314560K) Eden: 279616K(279616K)->0K(279616K) From: 258K(34944K)->233K(34944K)
[959.333s][info][gc,heap        ] GC(2020) Tenured: 5130K(699072K)->5130K(699072K)
[959.333s][info][gc,metaspace   ] GC(2020) Metaspace: 16676K(16960K)->16676K(16960K) NonClass: 14348K(14464K)->14348K(14464K) Class: 2327K(2496K)->2327K(2496K)
[959.333s][info][gc             ] GC(2020) Pause Young (Allocation Failure) 278M->5M(989M) 0.981ms
[959.333s][info][gc,cpu         ] GC(2020) User=0.00s Sys=0.00s Real=0.01s
[959.376s][info][gc,start       ] GC(2021) Pause Young (Allocation Failure)
[959.377s][info][gc,heap        ] GC(2021) DefNew: 279849K(314560K)->231K(314560K) Eden: 279616K(279616K)->0K(279616K) From: 233K(34944K)->231K(34944K)
[959.377s][info][gc,heap        ] GC(2021) Tenured: 5130K(699072K)->5130K(699072K)
[959.377s][info][gc,metaspace   ] GC(2021) Metaspace: 16676K(16960K)->16676K(16960K) NonClass: 14348K(14464K)->14348K(14464K) Class: 2327K(2496K)->2327K(2496K)
[959.377s][info][gc             ] GC(2021) Pause Young (Allocation Failure) 278M->5M(989M) 0.851ms
[959.377s][info][gc,cpu         ] GC(2021) User=0.00s Sys=0.00s Real=0.00s
[959.422s][info][gc,start       ] GC(2022) Pause Young (Allocation Failure)
[959.423s][info][gc,heap        ] GC(2022) DefNew: 279847K(314560K)->256K(314560K) Eden: 279616K(279616K)->0K(279616K) From: 231K(34944K)->256K(34944K)
[959.423s][info][gc,heap        ] GC(2022) Tenured: 5130K(699072K)->5130K(699072K)
[959.423s][info][gc,metaspace   ] GC(2022) Metaspace: 16676K(16960K)->16676K(16960K) NonClass: 14348K(14464K)->14348K(14464K) Class: 2327K(2496K)->2327K(2496K)
[959.423s][info][gc             ] GC(2022) Pause Young (Allocation Failure) 278M->5M(989M) 0.996ms
[959.423s][info][gc,cpu         ] GC(2022) User=0.00s Sys=0.00s Real=0.00s
[959.470s][info][gc,start       ] GC(2023) Pause Young (Allocation Failure)
[959.471s][info][gc,heap        ] GC(2023) DefNew: 279872K(314560K)->240K(314560K) Eden: 279616K(279616K)->0K(279616K) From: 256K(34944K)->240K(34944K)
[959.471s][info][gc,heap        ] GC(2023) Tenured: 5130K(699072K)->5130K(699072K)
[959.471s][info][gc,metaspace   ] GC(2023) Metaspace: 16676K(16960K)->16676K(16960K) NonClass: 14348K(14464K)->14348K(14464K) Class: 2327K(2496K)->2327K(2496K)
[959.471s][info][gc             ] GC(2023) Pause Young (Allocation Failure) 278M->5M(989M) 0.908ms
[959.471s][info][gc,cpu         ] GC(2023) User=0.00s Sys=0.00s Real=0.00s
[959.516s][info][gc,start       ] GC(2024) Pause Young (Allocation Failure)
[959.517s][info][gc,heap        ] GC(2024) DefNew: 279856K(314560K)->251K(314560K) Eden: 279616K(279616K)->0K(279616K) From: 240K(34944K)->251K(34944K)
[959.517s][info][gc,heap        ] GC(2024) Tenured: 5130K(699072K)->5130K(699072K)
[959.517s][info][gc,metaspace   ] GC(2024) Metaspace: 16676K(16960K)->16676K(16960K) NonClass: 14348K(14464K)->14348K(14464K) Class: 2327K(2496K)->2327K(2496K)
[959.517s][info][gc             ] GC(2024) Pause Young (Allocation Failure) 278M->5M(989M) 0.877ms
[959.517s][info][gc,cpu         ] GC(2024) User=0.00s Sys=0.00s Real=0.00s
[959.561s][info][gc,start       ] GC(2025) Pause Young (Allocation Failure)
[959.561s][info][gc,heap        ] GC(2025) DefNew: 279867K(314560K)->238K(314560K) Eden: 279616K(279616K)->0K(279616K) From: 251K(34944K)->238K(34944K)
[959.561s][info][gc,heap        ] GC(2025) Tenured: 5130K(699072K)->5130K(699072K)
[959.561s][info][gc,metaspace   ] GC(2025) Metaspace: 16676K(16960K)->16676K(16960K) NonClass: 14348K(14464K)->14348K(14464K) Class: 2327K(2496K)->2327K(2496K)
[959.561s][info][gc             ] GC(2025) Pause Young (Allocation Failure) 278M->5M(989M) 0.849ms
[959.561s][info][gc,cpu         ] GC(2025) User=0.00s Sys=0.00s Real=0.00s
[959.605s][info][gc,start       ] GC(2026) Pause Young (Allocation Failure)
[959.606s][info][gc,heap        ] GC(2026) DefNew: 279854K(314560K)->229K(314560K) Eden: 279616K(279616K)->0K(279616K) From: 238K(34944K)->229K(34944K)
[959.606s][info][gc,heap        ] GC(2026) Tenured: 5130K(699072K)->5130K(699072K)
[959.606s][info][gc,metaspace   ] GC(2026) Metaspace: 16676K(16960K)->16676K(16960K) NonClass: 14348K(14464K)->14348K(14464K) Class: 2327K(2496K)->2327K(2496K)
[959.606s][info][gc             ] GC(2026) Pause Young (Allocation Failure) 278M->5M(989M) 0.834ms
[959.606s][info][gc,cpu         ] GC(2026) User=0.00s Sys=0.00s Real=0.00s
[959.667s][info][gc,start       ] GC(2027) Pause Young (Allocation Failure)
[959.762s][info][gc,heap        ] GC(2027) DefNew: 279845K(314560K)->34944K(314560K) Eden: 279616K(279616K)->0K(279616K) From: 229K(34944K)->34944K(34944K)
[959.762s][info][gc,heap        ] GC(2027) Tenured: 5130K(699072K)->11614K(699072K)
[959.762s][info][gc,metaspace   ] GC(2027) Metaspace: 16676K(16960K)->16676K(16960K) NonClass: 14348K(14464K)->14348K(14464K) Class: 2327K(2496K)->2327K(2496K)
[959.762s][info][gc             ] GC(2027) Pause Young (Allocation Failure) 278M->45M(989M) 95.002ms
[959.762s][info][gc,cpu         ] GC(2027) User=0.08s Sys=0.00s Real=0.09s
[959.925s][info][gc,start       ] GC(2028) Pause Young (Allocation Failure)
[960.473s][info][gc,heap        ] GC(2028) DefNew: 314560K(314560K)->34944K(314560K) Eden: 279616K(279616K)->0K(279616K) From: 34944K(34944K)->34944K(34944K)
[960.473s][info][gc,heap        ] GC(2028) Tenured: 11614K(699072K)->190466K(699072K)
[960.473s][info][gc,metaspace   ] GC(2028) Metaspace: 16676K(16960K)->16676K(16960K) NonClass: 14348K(14464K)->14348K(14464K) Class: 2327K(2496K)->2327K(2496K)
[960.473s][info][gc             ] GC(2028) Pause Young (Allocation Failure) 318M->220M(989M) 548.386ms
[960.473s][info][gc,cpu         ] GC(2028) User=0.53s Sys=0.00s Real=0.54s
[960.655s][info][gc,start       ] GC(2029) Pause Young (Allocation Failure)
[961.296s][info][gc,heap        ] GC(2029) DefNew: 314560K(314560K)->34944K(314560K) Eden: 279616K(279616K)->0K(279616K) From: 34944K(34944K)->34944K(34944K)
[961.296s][info][gc,heap        ] GC(2029) Tenured: 190466K(699072K)->372519K(699072K)
[961.296s][info][gc,metaspace   ] GC(2029) Metaspace: 16676K(16960K)->16676K(16960K) NonClass: 14348K(14464K)->14348K(14464K) Class: 2327K(2496K)->2327K(2496K)
[961.296s][info][gc             ] GC(2029) Pause Young (Allocation Failure) 493M->397M(989M) 641.367ms
[961.296s][info][gc,cpu         ] GC(2029) User=0.59s Sys=0.00s Real=0.64s
[963.724s][info][gc,start       ] GC(2030) Pause Young (Allocation Failure)
[964.069s][info][gc,heap        ] GC(2030) DefNew: 314560K(314560K)->34944K(314560K) Eden: 279616K(279616K)->0K(279616K) From: 34944K(34944K)->34944K(34944K)
[964.069s][info][gc,heap        ] GC(2030) Tenured: 372519K(699072K)->466325K(699072K)
[964.069s][info][gc,metaspace   ] GC(2030) Metaspace: 16676K(16960K)->16676K(16960K) NonClass: 14348K(14464K)->14348K(14464K) Class: 2327K(2496K)->2327K(2496K)
[964.069s][info][gc             ] GC(2030) Pause Young (Allocation Failure) 670M->489M(989M) 344.608ms
[964.069s][info][gc,cpu         ] GC(2030) User=0.34s Sys=0.00s Real=0.35s
[964.205s][info][gc,start       ] GC(2031) Pause Young (Allocation Failure)
[964.205s][info][gc             ] GC(2031) Pause Young (Allocation Failure) 762M->762M(989M) 0.144ms
[964.205s][info][gc,cpu         ] GC(2031) User=0.00s Sys=0.00s Real=0.00s
[964.205s][info][gc,start       ] GC(2032) Pause Full (Allocation Failure)
[964.205s][info][gc,phases,start] GC(2032) Phase 1: Mark live objects
[964.400s][info][gc,phases      ] GC(2032) Phase 1: Mark live objects 194.584ms
[964.400s][info][gc,phases,start] GC(2032) Phase 2: Compute new object addresses
[964.520s][info][gc,phases      ] GC(2032) Phase 2: Compute new object addresses 120.152ms
[964.520s][info][gc,phases,start] GC(2032) Phase 3: Adjust pointers
[964.624s][info][gc,phases      ] GC(2032) Phase 3: Adjust pointers 104.010ms
[964.624s][info][gc,phases,start] GC(2032) Phase 4: Move objects
[964.699s][info][gc,phases      ] GC(2032) Phase 4: Move objects 75.415ms
[964.699s][info][gc,heap        ] GC(2032) DefNew: 314560K(314560K)->0K(314560K) Eden: 279616K(279616K)->0K(279616K) From: 34944K(34944K)->0K(34944K)
[964.699s][info][gc,heap        ] GC(2032) Tenured: 466325K(699072K)->208106K(699072K)
[964.699s][info][gc,metaspace   ] GC(2032) Metaspace: 16676K(16960K)->16676K(16960K) NonClass: 14348K(14464K)->14348K(14464K) Class: 2327K(2496K)->2327K(2496K)
[964.699s][info][gc             ] GC(2032) Pause Full (Allocation Failure) 762M->203M(989M) 494.592ms
[964.699s][info][gc,cpu         ] GC(2032) User=0.48s Sys=0.00s Real=0.50s
[964.839s][info][gc,start       ] GC(2033) Pause Young (Allocation Failure)
[965.124s][info][gc,heap        ] GC(2033) DefNew: 279616K(314560K)->34944K(314560K) Eden: 279616K(279616K)->0K(279616K) From: 0K(34944K)->34944K(34944K)
[965.124s][info][gc,heap        ] GC(2033) Tenured: 208106K(699072K)->290831K(699072K)
[965.124s][info][gc,metaspace   ] GC(2033) Metaspace: 16676K(16960K)->16676K(16960K) NonClass: 14348K(14464K)->14348K(14464K) Class: 2327K(2496K)->2327K(2496K)
[965.124s][info][gc             ] GC(2033) Pause Young (Allocation Failure) 476M->318M(989M) 284.537ms
[965.124s][info][gc,cpu         ] GC(2033) User=0.28s Sys=0.00s Real=0.29s
[965.271s][info][gc,start       ] GC(2034) Pause Young (Allocation Failure)
[965.665s][info][gc,heap        ] GC(2034) DefNew: 314560K(314560K)->34944K(314560K) Eden: 279616K(279616K)->0K(279616K) From: 34944K(34944K)->34944K(34944K)
[965.665s][info][gc,heap        ] GC(2034) Tenured: 290831K(699072K)->408253K(699072K)
[965.665s][info][gc,metaspace   ] GC(2034) Metaspace: 16676K(16960K)->16676K(16960K) NonClass: 14348K(14464K)->14348K(14464K) Class: 2327K(2496K)->2327K(2496K)
[965.665s][info][gc             ] GC(2034) Pause Young (Allocation Failure) 591M->432M(989M) 393.259ms
[965.665s][info][gc,cpu         ] GC(2034) User=0.36s Sys=0.00s Real=0.39s
[966.118s][info][gc,start       ] GC(2035) Pause Young (Allocation Failure)
[966.403s][info][gc,heap        ] GC(2035) DefNew: 314560K(314560K)->34943K(314560K) Eden: 279616K(279616K)->0K(279616K) From: 34944K(34944K)->34943K(34944K)
[966.403s][info][gc,heap        ] GC(2035) Tenured: 408253K(699072K)->461115K(699072K)
[966.403s][info][gc,metaspace   ] GC(2035) Metaspace: 16676K(16960K)->16676K(16960K) NonClass: 14348K(14464K)->14348K(14464K) Class: 2327K(2496K)->2327K(2496K)
[966.403s][info][gc             ] GC(2035) Pause Young (Allocation Failure) 705M->484M(989M) 285.693ms
[966.403s][info][gc,cpu         ] GC(2035) User=0.27s Sys=0.00s Real=0.30s
[966.768s][info][gc,start       ] GC(2036) Pause Young (Allocation Failure)
[966.848s][info][gc,heap        ] GC(2036) DefNew: 314559K(314560K)->1908K(314560K) Eden: 279616K(279616K)->0K(279616K) From: 34943K(34944K)->1908K(34944K)
[966.848s][info][gc,heap        ] GC(2036) Tenured: 461115K(699072K)->473959K(699072K)
[966.848s][info][gc,metaspace   ] GC(2036) Metaspace: 16676K(16960K)->16676K(16960K) NonClass: 14348K(14464K)->14348K(14464K) Class: 2327K(2496K)->2327K(2496K)
[966.848s][info][gc             ] GC(2036) Pause Young (Allocation Failure) 757M->464M(989M) 80.478ms
[966.848s][info][gc,cpu         ] GC(2036) User=0.08s Sys=0.00s Real=0.08s
[967.612s][info][gc,start       ] GC(2037) Pause Full (System.gc())
[967.612s][info][gc,phases,start] GC(2037) Phase 1: Mark live objects
[967.619s][info][gc,phases      ] GC(2037) Phase 1: Mark live objects 6.730ms
[967.619s][info][gc,phases,start] GC(2037) Phase 2: Compute new object addresses
[967.708s][info][gc,phases      ] GC(2037) Phase 2: Compute new object addresses 89.122ms
[967.708s][info][gc,phases,start] GC(2037) Phase 3: Adjust pointers
[967.712s][info][gc,phases      ] GC(2037) Phase 3: Adjust pointers 3.703ms
[967.712s][info][gc,phases,start] GC(2037) Phase 4: Move objects
[967.712s][info][gc,phases      ] GC(2037) Phase 4: Move objects 0.009ms
[967.712s][info][gc,heap        ] GC(2037) DefNew: 163524K(314560K)->0K(314560K) Eden: 161616K(279616K)->0K(279616K) From: 1908K(34944K)->0K(34944K)
[967.712s][info][gc,heap        ] GC(2037) Tenured: 473959K(699072K)->31809K(699072K)
[967.712s][info][gc,metaspace   ] GC(2037) Metaspace: 16676K(16960K)->16676K(16960K) NonClass: 14348K(14464K)->14348K(14464K) Class: 2327K(2496K)->2327K(2496K)
[967.712s][info][gc             ] GC(2037) Pause Full (System.gc()) 622M->31M(989M) 99.891ms
[967.712s][info][gc,cpu         ] GC(2037) User=0.11s Sys=0.00s Real=0.11s
[968.989s][info][gc,start       ] GC(2038) Pause Young (Allocation Failure)
[968.990s][info][gc,heap        ] GC(2038) DefNew: 279616K(314560K)->228K(314560K) Eden: 279616K(279616K)->0K(279616K) From: 0K(34944K)->228K(34944K)
[968.990s][info][gc,heap        ] GC(2038) Tenured: 31809K(699072K)->31809K(699072K)
[968.990s][info][gc,metaspace   ] GC(2038) Metaspace: 16676K(16960K)->16676K(16960K) NonClass: 14348K(14464K)->14348K(14464K) Class: 2327K(2496K)->2327K(2496K)
[968.990s][info][gc             ] GC(2038) Pause Young (Allocation Failure) 304M->31M(989M) 1.121ms
[968.990s][info][gc,cpu         ] GC(2038) User=0.00s Sys=0.00s Real=0.00s
[969.035s][info][gc,start       ] GC(2039) Pause Young (Allocation Failure)
[969.036s][info][gc,heap        ] GC(2039) DefNew: 279844K(314560K)->247K(314560K) Eden: 279616K(279616K)->0K(279616K) From: 228K(34944K)->247K(34944K)
[969.036s][info][gc,heap        ] GC(2039) Tenured: 31809K(699072K)->31809K(699072K)
[969.036s][info][gc,metaspace   ] GC(2039) Metaspace: 16676K(16960K)->16676K(16960K) NonClass: 14348K(14464K)->14348K(14464K) Class: 2327K(2496K)->2327K(2496K)
[969.036s][info][gc             ] GC(2039) Pause Young (Allocation Failure) 304M->31M(989M) 1.051ms
[969.036s][info][gc,cpu         ] GC(2039) User=0.00s Sys=0.00s Real=0.00s
[969.079s][info][gc,start       ] GC(2040) Pause Young (Allocation Failure)
[969.080s][info][gc,heap        ] GC(2040) DefNew: 279863K(314560K)->248K(314560K) Eden: 279616K(279616K)->0K(279616K) From: 247K(34944K)->248K(34944K)
[969.080s][info][gc,heap        ] GC(2040) Tenured: 31809K(699072K)->31809K(699072K)
[969.080s][info][gc,metaspace   ] GC(2040) Metaspace: 16676K(16960K)->16676K(16960K) NonClass: 14348K(14464K)->14348K(14464K) Class: 2327K(2496K)->2327K(2496K)
[969.080s][info][gc             ] GC(2040) Pause Young (Allocation Failure) 304M->31M(989M) 0.818ms
[969.080s][info][gc,cpu         ] GC(2040) User=0.00s Sys=0.00s Real=0.00s
[969.124s][info][gc,start       ] GC(2041) Pause Young (Allocation Failure)
[969.125s][info][gc,heap        ] GC(2041) DefNew: 279864K(314560K)->227K(314560K) Eden: 279616K(279616K)->0K(279616K) From: 248K(34944K)->227K(34944K)
[969.125s][info][gc,heap        ] GC(2041) Tenured: 31809K(699072K)->31809K(699072K)
[969.125s][info][gc,metaspace   ] GC(2041) Metaspace: 16676K(16960K)->16676K(16960K) NonClass: 14348K(14464K)->14348K(14464K) Class: 2327K(2496K)->2327K(2496K)
[969.125s][info][gc             ] GC(2041) Pause Young (Allocation Failure) 304M->31M(989M) 0.933ms
[969.125s][info][gc,cpu         ] GC(2041) User=0.00s Sys=0.00s Real=0.00s
[969.168s][info][gc,start       ] GC(2042) Pause Young (Allocation Failure)
[969.169s][info][gc,heap        ] GC(2042) DefNew: 279843K(314560K)->249K(314560K) Eden: 279616K(279616K)->0K(279616K) From: 227K(34944K)->249K(34944K)
[969.169s][info][gc,heap        ] GC(2042) Tenured: 31809K(699072K)->31809K(699072K)
[969.169s][info][gc,metaspace   ] GC(2042) Metaspace: 16676K(16960K)->16676K(16960K) NonClass: 14348K(14464K)->14348K(14464K) Class: 2327K(2496K)->2327K(2496K)
[969.169s][info][gc             ] GC(2042) Pause Young (Allocation Failure) 304M->31M(989M) 0.853ms
[969.169s][info][gc,cpu         ] GC(2042) User=0.00s Sys=0.00s Real=0.00s
[969.214s][info][gc,start       ] GC(2043) Pause Young (Allocation Failure)
[969.215s][info][gc,heap        ] GC(2043) DefNew: 279865K(314560K)->247K(314560K) Eden: 279616K(279616K)->0K(279616K) From: 249K(34944K)->247K(34944K)
[969.215s][info][gc,heap        ] GC(2043) Tenured: 31809K(699072K)->31809K(699072K)
[969.215s][info][gc,metaspace   ] GC(2043) Metaspace: 16676K(16960K)->16676K(16960K) NonClass: 14348K(14464K)->14348K(14464K) Class: 2327K(2496K)->2327K(2496K)
[969.215s][info][gc             ] GC(2043) Pause Young (Allocation Failure) 304M->31M(989M) 0.845ms
[969.215s][info][gc,cpu         ] GC(2043) User=0.00s Sys=0.00s Real=0.00s
[969.259s][info][gc,start       ] GC(2044) Pause Young (Allocation Failure)
[969.260s][info][gc,heap        ] GC(2044) DefNew: 279863K(314560K)->235K(314560K) Eden: 279616K(279616K)->0K(279616K) From: 247K(34944K)->235K(34944K)
[969.260s][info][gc,heap        ] GC(2044) Tenured: 31809K(699072K)->31809K(699072K)
[969.260s][info][gc,metaspace   ] GC(2044) Metaspace: 16676K(16960K)->16676K(16960K) NonClass: 14348K(14464K)->14348K(14464K) Class: 2327K(2496K)->2327K(2496K)
[969.260s][info][gc             ] GC(2044) Pause Young (Allocation Failure) 304M->31M(989M) 0.786ms
[969.260s][info][gc,cpu         ] GC(2044) User=0.00s Sys=0.00s Real=0.00s
[969.305s][info][gc,start       ] GC(2045) Pause Young (Allocation Failure)
[969.306s][info][gc,heap        ] GC(2045) DefNew: 279851K(314560K)->190K(314560K) Eden: 279616K(279616K)->0K(279616K) From: 235K(34944K)->190K(34944K)
[969.306s][info][gc,heap        ] GC(2045) Tenured: 31809K(699072K)->31809K(699072K)
[969.306s][info][gc,metaspace   ] GC(2045) Metaspace: 16676K(16960K)->16676K(16960K) NonClass: 14348K(14464K)->14348K(14464K) Class: 2327K(2496K)->2327K(2496K)
[969.306s][info][gc             ] GC(2045) Pause Young (Allocation Failure) 304M->31M(989M) 0.707ms
[969.306s][info][gc,cpu         ] GC(2045) User=0.00s Sys=0.00s Real=0.00s
[969.349s][info][gc,start       ] GC(2046) Pause Young (Allocation Failure)
[969.350s][info][gc,heap        ] GC(2046) DefNew: 279806K(314560K)->235K(314560K) Eden: 279616K(279616K)->0K(279616K) From: 190K(34944K)->235K(34944K)
[969.350s][info][gc,heap        ] GC(2046) Tenured: 31809K(699072K)->31809K(699072K)
[969.350s][info][gc,metaspace   ] GC(2046) Metaspace: 16676K(16960K)->16676K(16960K) NonClass: 14348K(14464K)->14348K(14464K) Class: 2327K(2496K)->2327K(2496K)
[969.350s][info][gc             ] GC(2046) Pause Young (Allocation Failure) 304M->31M(989M) 0.863ms
[969.350s][info][gc,cpu         ] GC(2046) User=0.00s Sys=0.00s Real=0.00s
[969.395s][info][gc,start       ] GC(2047) Pause Young (Allocation Failure)
[969.396s][info][gc,heap        ] GC(2047) DefNew: 279851K(314560K)->214K(314560K) Eden: 279616K(279616K)->0K(279616K) From: 235K(34944K)->214K(34944K)
[969.396s][info][gc,heap        ] GC(2047) Tenured: 31809K(699072K)->31809K(699072K)
[969.396s][info][gc,metaspace   ] GC(2047) Metaspace: 16676K(16960K)->16676K(16960K) NonClass: 14348K(14464K)->14348K(14464K) Class: 2327K(2496K)->2327K(2496K)
[969.396s][info][gc             ] GC(2047) Pause Young (Allocation Failure) 304M->31M(989M) 0.935ms
[969.396s][info][gc,cpu         ] GC(2047) User=0.00s Sys=0.00s Real=0.00s
[969.461s][info][gc,start       ] GC(2048) Pause Young (Allocation Failure)
[969.557s][info][gc,heap        ] GC(2048) DefNew: 279830K(314560K)->34943K(314560K) Eden: 279616K(279616K)->0K(279616K) From: 214K(34944K)->34943K(34944K)
[969.557s][info][gc,heap        ] GC(2048) Tenured: 31809K(699072K)->38698K(699072K)
[969.557s][info][gc,metaspace   ] GC(2048) Metaspace: 16676K(16960K)->16676K(16960K) NonClass: 14348K(14464K)->14348K(14464K) Class: 2327K(2496K)->2327K(2496K)
[969.557s][info][gc             ] GC(2048) Pause Young (Allocation Failure) 304M->71M(989M) 96.561ms
[969.557s][info][gc,cpu         ] GC(2048) User=0.08s Sys=0.00s Real=0.09s
[969.721s][info][gc,start       ] GC(2049) Pause Young (Allocation Failure)
[970.271s][info][gc,heap        ] GC(2049) DefNew: 314559K(314560K)->34944K(314560K) Eden: 279616K(279616K)->0K(279616K) From: 34943K(34944K)->34944K(34944K)
[970.271s][info][gc,heap        ] GC(2049) Tenured: 38698K(699072K)->217853K(699072K)
[970.271s][info][gc,metaspace   ] GC(2049) Metaspace: 16676K(16960K)->16676K(16960K) NonClass: 14348K(14464K)->14348K(14464K) Class: 2327K(2496K)->2327K(2496K)
[970.271s][info][gc             ] GC(2049) Pause Young (Allocation Failure) 344M->246M(989M) 550.733ms
[970.271s][info][gc,cpu         ] GC(2049) User=0.52s Sys=0.00s Real=0.55s
[970.456s][info][gc,start       ] GC(2050) Pause Young (Allocation Failure)
[971.100s][info][gc,heap        ] GC(2050) DefNew: 314560K(314560K)->34943K(314560K) Eden: 279616K(279616K)->0K(279616K) From: 34944K(34944K)->34943K(34944K)
[971.100s][info][gc,heap        ] GC(2050) Tenured: 217853K(699072K)->400234K(699072K)
[971.100s][info][gc,metaspace   ] GC(2050) Metaspace: 16676K(16960K)->16676K(16960K) NonClass: 14348K(14464K)->14348K(14464K) Class: 2327K(2496K)->2327K(2496K)
[971.100s][info][gc             ] GC(2050) Pause Young (Allocation Failure) 519M->424M(989M) 643.888ms
[971.100s][info][gc,cpu         ] GC(2050) User=0.64s Sys=0.00s Real=0.64s
[973.392s][info][gc,start       ] GC(2051) Pause Young (Allocation Failure)
[973.740s][info][gc,heap        ] GC(2051) DefNew: 314559K(314560K)->34944K(314560K) Eden: 279616K(279616K)->0K(279616K) From: 34943K(34944K)->34944K(34944K)
[973.740s][info][gc,heap        ] GC(2051) Tenured: 400234K(699072K)->493688K(699072K)
[973.740s][info][gc,metaspace   ] GC(2051) Metaspace: 16676K(16960K)->16676K(16960K) NonClass: 14348K(14464K)->14348K(14464K) Class: 2327K(2496K)->2327K(2496K)
[973.740s][info][gc             ] GC(2051) Pause Young (Allocation Failure) 698M->516M(989M) 348.317ms
[973.740s][info][gc,cpu         ] GC(2051) User=0.33s Sys=0.00s Real=0.35s
[973.877s][info][gc,start       ] GC(2052) Pause Young (Allocation Failure)
[973.877s][info][gc             ] GC(2052) Pause Young (Allocation Failure) 789M->789M(989M) 0.116ms
[973.877s][info][gc,cpu         ] GC(2052) User=0.00s Sys=0.00s Real=0.00s
[973.877s][info][gc,start       ] GC(2053) Pause Full (Allocation Failure)
[973.877s][info][gc,phases,start] GC(2053) Phase 1: Mark live objects
[974.071s][info][gc,phases      ] GC(2053) Phase 1: Mark live objects 194.623ms
[974.071s][info][gc,phases,start] GC(2053) Phase 2: Compute new object addresses
[974.190s][info][gc,phases      ] GC(2053) Phase 2: Compute new object addresses 118.434ms
[974.190s][info][gc,phases,start] GC(2053) Phase 3: Adjust pointers
[974.294s][info][gc,phases      ] GC(2053) Phase 3: Adjust pointers 104.264ms
[974.294s][info][gc,phases,start] GC(2053) Phase 4: Move objects
[974.370s][info][gc,phases      ] GC(2053) Phase 4: Move objects 75.331ms
[974.370s][info][gc,heap        ] GC(2053) DefNew: 314560K(314560K)->0K(314560K) Eden: 279616K(279616K)->0K(279616K) From: 34944K(34944K)->0K(34944K)
[974.370s][info][gc,heap        ] GC(2053) Tenured: 493688K(699072K)->181755K(699072K)
[974.370s][info][gc,metaspace   ] GC(2053) Metaspace: 16676K(16960K)->16676K(16960K) NonClass: 14348K(14464K)->14348K(14464K) Class: 2327K(2496K)->2327K(2496K)
[974.370s][info][gc             ] GC(2053) Pause Full (Allocation Failure) 789M->177M(989M) 493.097ms
[974.370s][info][gc,cpu         ] GC(2053) User=0.47s Sys=0.00s Real=0.49s
[974.513s][info][gc,start       ] GC(2054) Pause Young (Allocation Failure)
[974.795s][info][gc,heap        ] GC(2054) DefNew: 279616K(314560K)->34944K(314560K) Eden: 279616K(279616K)->0K(279616K) From: 0K(34944K)->34944K(34944K)
[974.795s][info][gc,heap        ] GC(2054) Tenured: 181755K(699072K)->264478K(699072K)
[974.795s][info][gc,metaspace   ] GC(2054) Metaspace: 16676K(16960K)->16676K(16960K) NonClass: 14348K(14464K)->14348K(14464K) Class: 2327K(2496K)->2327K(2496K)
[974.795s][info][gc             ] GC(2054) Pause Young (Allocation Failure) 450M->292M(989M) 282.294ms
[974.795s][info][gc,cpu         ] GC(2054) User=0.28s Sys=0.00s Real=0.28s
[974.943s][info][gc,start       ] GC(2055) Pause Young (Allocation Failure)
[975.335s][info][gc,heap        ] GC(2055) DefNew: 314560K(314560K)->34944K(314560K) Eden: 279616K(279616K)->0K(279616K) From: 34944K(34944K)->34944K(34944K)
[975.335s][info][gc,heap        ] GC(2055) Tenured: 264478K(699072K)->382027K(699072K)
[975.335s][info][gc,metaspace   ] GC(2055) Metaspace: 16676K(16960K)->16676K(16960K) NonClass: 14348K(14464K)->14348K(14464K) Class: 2327K(2496K)->2327K(2496K)
[975.335s][info][gc             ] GC(2055) Pause Young (Allocation Failure) 565M->407M(989M) 391.443ms
[975.335s][info][gc,cpu         ] GC(2055) User=0.36s Sys=0.00s Real=0.39s
[975.791s][info][gc,start       ] GC(2056) Pause Young (Allocation Failure)
[976.076s][info][gc,heap        ] GC(2056) DefNew: 314560K(314560K)->34943K(314560K) Eden: 279616K(279616K)->0K(279616K) From: 34944K(34944K)->34943K(34944K)
[976.076s][info][gc,heap        ] GC(2056) Tenured: 382027K(699072K)->434698K(699072K)
[976.076s][info][gc,metaspace   ] GC(2056) Metaspace: 16676K(16960K)->16676K(16960K) NonClass: 14348K(14464K)->14348K(14464K) Class: 2327K(2496K)->2327K(2496K)
[976.076s][info][gc             ] GC(2056) Pause Young (Allocation Failure) 680M->458M(989M) 285.377ms
[976.076s][info][gc,cpu         ] GC(2056) User=0.25s Sys=0.00s Real=0.28s
[976.439s][info][gc,start       ] GC(2057) Pause Young (Allocation Failure)
[976.520s][info][gc,heap        ] GC(2057) DefNew: 314559K(314560K)->1897K(314560K) Eden: 279616K(279616K)->0K(279616K) From: 34943K(34944K)->1897K(34944K)
[976.520s][info][gc,heap        ] GC(2057) Tenured: 434698K(699072K)->447469K(699072K)
[976.520s][info][gc,metaspace   ] GC(2057) Metaspace: 16676K(16960K)->16676K(16960K) NonClass: 14348K(14464K)->14348K(14464K) Class: 2327K(2496K)->2327K(2496K)
[976.520s][info][gc             ] GC(2057) Pause Young (Allocation Failure) 731M->438M(989M) 81.543ms
[976.520s][info][gc,cpu         ] GC(2057) User=0.08s Sys=0.00s Real=0.08s
[977.297s][info][gc,start       ] GC(2058) Pause Full (System.gc())
[977.297s][info][gc,phases,start] GC(2058) Phase 1: Mark live objects
[977.303s][info][gc,phases      ] GC(2058) Phase 1: Mark live objects 6.175ms
[977.303s][info][gc,phases,start] GC(2058) Phase 2: Compute new object addresses
[977.392s][info][gc,phases      ] GC(2058) Phase 2: Compute new object addresses 88.486ms
[977.392s][info][gc,phases,start] GC(2058) Phase 3: Adjust pointers
[977.395s][info][gc,phases      ] GC(2058) Phase 3: Adjust pointers 3.651ms
[977.395s][info][gc,phases,start] GC(2058) Phase 4: Move objects
[977.395s][info][gc,phases      ] GC(2058) Phase 4: Move objects 0.009ms
[977.395s][info][gc,heap        ] GC(2058) DefNew: 161304K(314560K)->0K(314560K) Eden: 159407K(279616K)->0K(279616K) From: 1897K(34944K)->0K(34944K)
[977.395s][info][gc,heap        ] GC(2058) Tenured: 447469K(699072K)->5129K(699072K)
[977.395s][info][gc,metaspace   ] GC(2058) Metaspace: 16676K(16960K)->16676K(16960K) NonClass: 14348K(14464K)->14348K(14464K) Class: 2327K(2496K)->2327K(2496K)
[977.395s][info][gc             ] GC(2058) Pause Full (System.gc()) 594M->5M(989M) 98.650ms
[977.395s][info][gc,cpu         ] GC(2058) User=0.09s Sys=0.00s Real=0.09s
[978.675s][info][gc,start       ] GC(2059) Pause Young (Allocation Failure)
[978.676s][info][gc,heap        ] GC(2059) DefNew: 279616K(314560K)->260K(314560K) Eden: 279616K(279616K)->0K(279616K) From: 0K(34944K)->260K(34944K)
[978.676s][info][gc,heap        ] GC(2059) Tenured: 5129K(699072K)->5129K(699072K)
[978.676s][info][gc,metaspace   ] GC(2059) Metaspace: 16676K(16960K)->16676K(16960K) NonClass: 14348K(14464K)->14348K(14464K) Class: 2327K(2496K)->2327K(2496K)
[978.676s][info][gc             ] GC(2059) Pause Young (Allocation Failure) 278M->5M(989M) 1.117ms
[978.676s][info][gc,cpu         ] GC(2059) User=0.00s Sys=0.00s Real=0.00s
[978.721s][info][gc,start       ] GC(2060) Pause Young (Allocation Failure)
[978.721s][info][gc,heap        ] GC(2060) DefNew: 279876K(314560K)->231K(314560K) Eden: 279616K(279616K)->0K(279616K) From: 260K(34944K)->231K(34944K)
[978.722s][info][gc,heap        ] GC(2060) Tenured: 5129K(699072K)->5129K(699072K)
[978.722s][info][gc,metaspace   ] GC(2060) Metaspace: 16676K(16960K)->16676K(16960K) NonClass: 14348K(14464K)->14348K(14464K) Class: 2327K(2496K)->2327K(2496K)
[978.722s][info][gc             ] GC(2060) Pause Young (Allocation Failure) 278M->5M(989M) 0.797ms
[978.722s][info][gc,cpu         ] GC(2060) User=0.00s Sys=0.00s Real=0.00s
[978.766s][info][gc,start       ] GC(2061) Pause Young (Allocation Failure)
[978.767s][info][gc,heap        ] GC(2061) DefNew: 279847K(314560K)->256K(314560K) Eden: 279616K(279616K)->0K(279616K) From: 231K(34944K)->256K(34944K)
[978.767s][info][gc,heap        ] GC(2061) Tenured: 5129K(699072K)->5129K(699072K)
[978.767s][info][gc,metaspace   ] GC(2061) Metaspace: 16676K(16960K)->16676K(16960K) NonClass: 14348K(14464K)->14348K(14464K) Class: 2327K(2496K)->2327K(2496K)
[978.767s][info][gc             ] GC(2061) Pause Young (Allocation Failure) 278M->5M(989M) 0.796ms
[978.767s][info][gc,cpu         ] GC(2061) User=0.00s Sys=0.00s Real=0.00s
[978.810s][info][gc,start       ] GC(2062) Pause Young (Allocation Failure)
[978.811s][info][gc,heap        ] GC(2062) DefNew: 279872K(314560K)->252K(314560K) Eden: 279616K(279616K)->0K(279616K) From: 256K(34944K)->252K(34944K)
[978.811s][info][gc,heap        ] GC(2062) Tenured: 5129K(699072K)->5129K(699072K)
[978.811s][info][gc,metaspace   ] GC(2062) Metaspace: 16676K(16960K)->16676K(16960K) NonClass: 14348K(14464K)->14348K(14464K) Class: 2327K(2496K)->2327K(2496K)
[978.811s][info][gc             ] GC(2062) Pause Young (Allocation Failure) 278M->5M(989M) 0.831ms
[978.811s][info][gc,cpu         ] GC(2062) User=0.00s Sys=0.00s Real=0.00s
[978.854s][info][gc,start       ] GC(2063) Pause Young (Allocation Failure)
[978.855s][info][gc,heap        ] GC(2063) DefNew: 279868K(314560K)->260K(314560K) Eden: 279616K(279616K)->0K(279616K) From: 252K(34944K)->260K(34944K)
[978.855s][info][gc,heap        ] GC(2063) Tenured: 5129K(699072K)->5129K(699072K)
[978.855s][info][gc,metaspace   ] GC(2063) Metaspace: 16676K(16960K)->16676K(16960K) NonClass: 14348K(14464K)->14348K(14464K) Class: 2327K(2496K)->2327K(2496K)
[978.855s][info][gc             ] GC(2063) Pause Young (Allocation Failure) 278M->5M(989M) 0.794ms
[978.855s][info][gc,cpu         ] GC(2063) User=0.00s Sys=0.00s Real=0.00s
[978.900s][info][gc,start       ] GC(2064) Pause Young (Allocation Failure)
[978.900s][info][gc,heap        ] GC(2064) DefNew: 279876K(314560K)->239K(314560K) Eden: 279616K(279616K)->0K(279616K) From: 260K(34944K)->239K(34944K)
[978.900s][info][gc,heap        ] GC(2064) Tenured: 5129K(699072K)->5129K(699072K)
[978.900s][info][gc,metaspace   ] GC(2064) Metaspace: 16676K(16960K)->16676K(16960K) NonClass: 14348K(14464K)->14348K(14464K) Class: 2327K(2496K)->2327K(2496K)
[978.900s][info][gc             ] GC(2064) Pause Young (Allocation Failure) 278M->5M(989M) 0.842ms
[978.900s][info][gc,cpu         ] GC(2064) User=0.00s Sys=0.00s Real=0.00s
[978.944s][info][gc,start       ] GC(2065) Pause Young (Allocation Failure)
[978.944s][info][gc,heap        ] GC(2065) DefNew: 279855K(314560K)->258K(314560K) Eden: 279616K(279616K)->0K(279616K) From: 239K(34944K)->258K(34944K)
[978.944s][info][gc,heap        ] GC(2065) Tenured: 5129K(699072K)->5129K(699072K)
[978.944s][info][gc,metaspace   ] GC(2065) Metaspace: 16676K(16960K)->16676K(16960K) NonClass: 14348K(14464K)->14348K(14464K) Class: 2327K(2496K)->2327K(2496K)
[978.944s][info][gc             ] GC(2065) Pause Young (Allocation Failure) 278M->5M(989M) 0.840ms
[978.944s][info][gc,cpu         ] GC(2065) User=0.00s Sys=0.00s Real=0.00s
[978.988s][info][gc,start       ] GC(2066) Pause Young (Allocation Failure)
[978.989s][info][gc,heap        ] GC(2066) DefNew: 279874K(314560K)->241K(314560K) Eden: 279616K(279616K)->0K(279616K) From: 258K(34944K)->241K(34944K)
[978.989s][info][gc,heap        ] GC(2066) Tenured: 5129K(699072K)->5129K(699072K)
[978.989s][info][gc,metaspace   ] GC(2066) Metaspace: 16676K(16960K)->16676K(16960K) NonClass: 14348K(14464K)->14348K(14464K) Class: 2327K(2496K)->2327K(2496K)
[978.989s][info][gc             ] GC(2066) Pause Young (Allocation Failure) 278M->5M(989M) 0.825ms
[978.989s][info][gc,cpu         ] GC(2066) User=0.02s Sys=0.00s Real=0.00s
[979.035s][info][gc,start       ] GC(2067) Pause Young (Allocation Failure)
[979.035s][info][gc,heap        ] GC(2067) DefNew: 279857K(314560K)->208K(314560K) Eden: 279616K(279616K)->0K(279616K) From: 241K(34944K)->208K(34944K)
[979.035s][info][gc,heap        ] GC(2067) Tenured: 5129K(699072K)->5129K(699072K)
[979.035s][info][gc,metaspace   ] GC(2067) Metaspace: 16676K(16960K)->16676K(16960K) NonClass: 14348K(14464K)->14348K(14464K) Class: 2327K(2496K)->2327K(2496K)
[979.035s][info][gc             ] GC(2067) Pause Young (Allocation Failure) 278M->5M(989M) 0.797ms
[979.035s][info][gc,cpu         ] GC(2067) User=0.00s Sys=0.00s Real=0.00s
[979.080s][info][gc,start       ] GC(2068) Pause Young (Allocation Failure)
[979.081s][info][gc,heap        ] GC(2068) DefNew: 279824K(314560K)->214K(314560K) Eden: 279616K(279616K)->0K(279616K) From: 208K(34944K)->214K(34944K)
[979.081s][info][gc,heap        ] GC(2068) Tenured: 5129K(699072K)->5129K(699072K)
[979.081s][info][gc,metaspace   ] GC(2068) Metaspace: 16676K(16960K)->16676K(16960K) NonClass: 14348K(14464K)->14348K(14464K) Class: 2327K(2496K)->2327K(2496K)
[979.081s][info][gc             ] GC(2068) Pause Young (Allocation Failure) 278M->5M(989M) 0.871ms
[979.081s][info][gc,cpu         ] GC(2068) User=0.00s Sys=0.00s Real=0.00s
[979.142s][info][gc,start       ] GC(2069) Pause Young (Allocation Failure)
[979.219s][info][gc,heap        ] GC(2069) DefNew: 279830K(314560K)->34826K(314560K) Eden: 279616K(279616K)->0K(279616K) From: 214K(34944K)->34826K(34944K)
[979.219s][info][gc,heap        ] GC(2069) Tenured: 5129K(699072K)->5129K(699072K)
[979.219s][info][gc,metaspace   ] GC(2069) Metaspace: 16676K(16960K)->16676K(16960K) NonClass: 14348K(14464K)->14348K(14464K) Class: 2327K(2496K)->2327K(2496K)
[979.219s][info][gc             ] GC(2069) Pause Young (Allocation Failure) 278M->39M(989M) 77.487ms
[979.219s][info][gc,cpu         ] GC(2069) User=0.06s Sys=0.00s Real=0.08s
[979.382s][info][gc,start       ] GC(2070) Pause Young (Allocation Failure)
[979.927s][info][gc,heap        ] GC(2070) DefNew: 314442K(314560K)->34943K(314560K) Eden: 279616K(279616K)->0K(279616K) From: 34826K(34944K)->34943K(34944K)
[979.927s][info][gc,heap        ] GC(2070) Tenured: 5129K(699072K)->184447K(699072K)
[979.927s][info][gc,metaspace   ] GC(2070) Metaspace: 16676K(16960K)->16676K(16960K) NonClass: 14348K(14464K)->14348K(14464K) Class: 2327K(2496K)->2327K(2496K)
[979.927s][info][gc             ] GC(2070) Pause Young (Allocation Failure) 312M->214M(989M) 545.057ms
[979.927s][info][gc,cpu         ] GC(2070) User=0.55s Sys=0.00s Real=0.55s
[980.107s][info][gc,start       ] GC(2071) Pause Young (Allocation Failure)
[980.745s][info][gc,heap        ] GC(2071) DefNew: 314559K(314560K)->34944K(314560K) Eden: 279616K(279616K)->0K(279616K) From: 34943K(34944K)->34944K(34944K)
[980.745s][info][gc,heap        ] GC(2071) Tenured: 184447K(699072K)->366686K(699072K)
[980.745s][info][gc,metaspace   ] GC(2071) Metaspace: 16676K(16960K)->16676K(16960K) NonClass: 14348K(14464K)->14348K(14464K) Class: 2327K(2496K)->2327K(2496K)
[980.745s][info][gc             ] GC(2071) Pause Young (Allocation Failure) 487M->392M(989M) 637.772ms
[980.745s][info][gc,cpu         ] GC(2071) User=0.62s Sys=0.00s Real=0.64s
[983.138s][info][gc,start       ] GC(2072) Pause Young (Allocation Failure)
[983.532s][info][gc,heap        ] GC(2072) DefNew: 314560K(314560K)->34944K(314560K) Eden: 279616K(279616K)->0K(279616K) From: 34944K(34944K)->34944K(34944K)
[983.533s][info][gc,heap        ] GC(2072) Tenured: 366686K(699072K)->463022K(699072K)
[983.533s][info][gc,metaspace   ] GC(2072) Metaspace: 16676K(16960K)->16676K(16960K) NonClass: 14348K(14464K)->14348K(14464K) Class: 2327K(2496K)->2327K(2496K)
[983.533s][info][gc             ] GC(2072) Pause Young (Allocation Failure) 665M->486M(989M) 394.886ms
[983.533s][info][gc,cpu         ] GC(2072) User=0.38s Sys=0.00s Real=0.39s
[983.668s][info][gc,start       ] GC(2073) Pause Young (Allocation Failure)
[983.668s][info][gc             ] GC(2073) Pause Young (Allocation Failure) 759M->759M(989M) 0.120ms
[983.669s][info][gc,cpu         ] GC(2073) User=0.00s Sys=0.00s Real=0.00s
[983.669s][info][gc,start       ] GC(2074) Pause Full (Allocation Failure)
[983.669s][info][gc,phases,start] GC(2074) Phase 1: Mark live objects
[983.858s][info][gc,phases      ] GC(2074) Phase 1: Mark live objects 188.954ms
[983.858s][info][gc,phases,start] GC(2074) Phase 2: Compute new object addresses
[983.977s][info][gc,phases      ] GC(2074) Phase 2: Compute new object addresses 119.607ms
[983.977s][info][gc,phases,start] GC(2074) Phase 3: Adjust pointers
[984.079s][info][gc,phases      ] GC(2074) Phase 3: Adjust pointers 102.204ms
[984.080s][info][gc,phases,start] GC(2074) Phase 4: Move objects
[984.154s][info][gc,phases      ] GC(2074) Phase 4: Move objects 74.959ms
[984.155s][info][gc,heap        ] GC(2074) DefNew: 314560K(314560K)->0K(314560K) Eden: 279616K(279616K)->0K(279616K) From: 34944K(34944K)->0K(34944K)
[984.155s][info][gc,heap        ] GC(2074) Tenured: 463022K(699072K)->182509K(699072K)
[984.155s][info][gc,metaspace   ] GC(2074) Metaspace: 16676K(16960K)->16676K(16960K) NonClass: 14348K(14464K)->14348K(14464K) Class: 2327K(2496K)->2327K(2496K)
[984.155s][info][gc             ] GC(2074) Pause Full (Allocation Failure) 759M->178M(989M) 486.193ms
[984.155s][info][gc,cpu         ] GC(2074) User=0.41s Sys=0.02s Real=0.48s
[984.295s][info][gc,start       ] GC(2075) Pause Young (Allocation Failure)
[984.581s][info][gc,heap        ] GC(2075) DefNew: 279616K(314560K)->34944K(314560K) Eden: 279616K(279616K)->0K(279616K) From: 0K(34944K)->34944K(34944K)
[984.581s][info][gc,heap        ] GC(2075) Tenured: 182509K(699072K)->265237K(699072K)
[984.581s][info][gc,metaspace   ] GC(2075) Metaspace: 16676K(16960K)->16676K(16960K) NonClass: 14348K(14464K)->14348K(14464K) Class: 2327K(2496K)->2327K(2496K)
[984.581s][info][gc             ] GC(2075) Pause Young (Allocation Failure) 451M->293M(989M) 285.570ms
[984.581s][info][gc,cpu         ] GC(2075) User=0.28s Sys=0.00s Real=0.28s
[984.727s][info][gc,start       ] GC(2076) Pause Young (Allocation Failure)
[985.120s][info][gc,heap        ] GC(2076) DefNew: 314560K(314560K)->34943K(314560K) Eden: 279616K(279616K)->0K(279616K) From: 34944K(34944K)->34943K(34944K)
[985.121s][info][gc,heap        ] GC(2076) Tenured: 265237K(699072K)->382779K(699072K)
[985.121s][info][gc,metaspace   ] GC(2076) Metaspace: 16676K(16960K)->16676K(16960K) NonClass: 14348K(14464K)->14348K(14464K) Class: 2327K(2496K)->2327K(2496K)
[985.121s][info][gc             ] GC(2076) Pause Young (Allocation Failure) 566M->407M(989M) 393.889ms
[985.121s][info][gc,cpu         ] GC(2076) User=0.41s Sys=0.00s Real=0.39s
[985.570s][info][gc,start       ] GC(2077) Pause Young (Allocation Failure)
[985.866s][info][gc,heap        ] GC(2077) DefNew: 314559K(314560K)->34944K(314560K) Eden: 279616K(279616K)->0K(279616K) From: 34943K(34944K)->34944K(34944K)
[985.866s][info][gc,heap        ] GC(2077) Tenured: 382779K(699072K)->440494K(699072K)
[985.866s][info][gc,metaspace   ] GC(2077) Metaspace: 16676K(16960K)->16676K(16960K) NonClass: 14348K(14464K)->14348K(14464K) Class: 2327K(2496K)->2327K(2496K)
[985.866s][info][gc             ] GC(2077) Pause Young (Allocation Failure) 680M->464M(989M) 295.491ms
[985.866s][info][gc,cpu         ] GC(2077) User=0.30s Sys=0.00s Real=0.30s
[986.226s][info][gc,start       ] GC(2078) Pause Young (Allocation Failure)
[986.314s][info][gc,heap        ] GC(2078) DefNew: 314560K(314560K)->2074K(314560K) Eden: 279616K(279616K)->0K(279616K) From: 34944K(34944K)->2074K(34944K)
[986.314s][info][gc,heap        ] GC(2078) Tenured: 440494K(699072K)->455296K(699072K)
[986.315s][info][gc,metaspace   ] GC(2078) Metaspace: 16676K(16960K)->16676K(16960K) NonClass: 14348K(14464K)->14348K(14464K) Class: 2327K(2496K)->2327K(2496K)
[986.315s][info][gc             ] GC(2078) Pause Young (Allocation Failure) 737M->446M(989M) 88.239ms
[986.315s][info][gc,cpu         ] GC(2078) User=0.08s Sys=0.00s Real=0.08s
[987.104s][info][gc,start       ] GC(2079) Pause Full (System.gc())
[987.104s][info][gc,phases,start] GC(2079) Phase 1: Mark live objects
[987.110s][info][gc,phases      ] GC(2079) Phase 1: Mark live objects 6.008ms
[987.110s][info][gc,phases,start] GC(2079) Phase 2: Compute new object addresses
[987.201s][info][gc,phases      ] GC(2079) Phase 2: Compute new object addresses 91.343ms
[987.201s][info][gc,phases,start] GC(2079) Phase 3: Adjust pointers
[987.205s][info][gc,phases      ] GC(2079) Phase 3: Adjust pointers 3.659ms
[987.205s][info][gc,phases,start] GC(2079) Phase 4: Move objects
[987.205s][info][gc,phases      ] GC(2079) Phase 4: Move objects 0.009ms
[987.205s][info][gc,heap        ] GC(2079) DefNew: 177714K(314560K)->0K(314560K) Eden: 175639K(279616K)->0K(279616K) From: 2074K(34944K)->0K(34944K)
[987.205s][info][gc,heap        ] GC(2079) Tenured: 455296K(699072K)->10014K(699072K)
[987.205s][info][gc,metaspace   ] GC(2079) Metaspace: 16676K(16960K)->16676K(16960K) NonClass: 14348K(14464K)->14348K(14464K) Class: 2327K(2496K)->2327K(2496K)
[987.205s][info][gc             ] GC(2079) Pause Full (System.gc()) 618M->9M(989M) 101.372ms
[987.205s][info][gc,cpu         ] GC(2079) User=0.08s Sys=0.00s Real=0.09s
[988.484s][info][gc,start       ] GC(2080) Pause Young (Allocation Failure)
[988.485s][info][gc,heap        ] GC(2080) DefNew: 279616K(314560K)->236K(314560K) Eden: 279616K(279616K)->0K(279616K) From: 0K(34944K)->236K(34944K)
[988.485s][info][gc,heap        ] GC(2080) Tenured: 10014K(699072K)->10014K(699072K)
[988.485s][info][gc,metaspace   ] GC(2080) Metaspace: 16677K(16960K)->16677K(16960K) NonClass: 14349K(14464K)->14349K(14464K) Class: 2327K(2496K)->2327K(2496K)
[988.485s][info][gc             ] GC(2080) Pause Young (Allocation Failure) 282M->10M(989M) 1.143ms
[988.485s][info][gc,cpu         ] GC(2080) User=0.00s Sys=0.00s Real=0.00s
[988.531s][info][gc,start       ] GC(2081) Pause Young (Allocation Failure)
[988.532s][info][gc,heap        ] GC(2081) DefNew: 279852K(314560K)->236K(314560K) Eden: 279616K(279616K)->0K(279616K) From: 236K(34944K)->236K(34944K)
[988.532s][info][gc,heap        ] GC(2081) Tenured: 10014K(699072K)->10014K(699072K)
[988.532s][info][gc,metaspace   ] GC(2081) Metaspace: 16677K(16960K)->16677K(16960K) NonClass: 14349K(14464K)->14349K(14464K) Class: 2327K(2496K)->2327K(2496K)
[988.532s][info][gc             ] GC(2081) Pause Young (Allocation Failure) 283M->10M(989M) 0.874ms
[988.532s][info][gc,cpu         ] GC(2081) User=0.00s Sys=0.00s Real=0.00s
[988.575s][info][gc,start       ] GC(2082) Pause Young (Allocation Failure)
[988.576s][info][gc,heap        ] GC(2082) DefNew: 279852K(314560K)->240K(314560K) Eden: 279616K(279616K)->0K(279616K) From: 236K(34944K)->240K(34944K)
[988.576s][info][gc,heap        ] GC(2082) Tenured: 10014K(699072K)->10014K(699072K)
[988.576s][info][gc,metaspace   ] GC(2082) Metaspace: 16677K(16960K)->16677K(16960K) NonClass: 14349K(14464K)->14349K(14464K) Class: 2327K(2496K)->2327K(2496K)
[988.576s][info][gc             ] GC(2082) Pause Young (Allocation Failure) 283M->10M(989M) 0.803ms
[988.576s][info][gc,cpu         ] GC(2082) User=0.00s Sys=0.00s Real=0.00s
[988.620s][info][gc,start       ] GC(2083) Pause Young (Allocation Failure)
[988.621s][info][gc,heap        ] GC(2083) DefNew: 279856K(314560K)->250K(314560K) Eden: 279616K(279616K)->0K(279616K) From: 240K(34944K)->250K(34944K)
[988.621s][info][gc,heap        ] GC(2083) Tenured: 10014K(699072K)->10014K(699072K)
[988.621s][info][gc,metaspace   ] GC(2083) Metaspace: 16677K(16960K)->16677K(16960K) NonClass: 14349K(14464K)->14349K(14464K) Class: 2327K(2496K)->2327K(2496K)
[988.621s][info][gc             ] GC(2083) Pause Young (Allocation Failure) 283M->10M(989M) 0.833ms
[988.621s][info][gc,cpu         ] GC(2083) User=0.00s Sys=0.00s Real=0.00s
[988.665s][info][gc,start       ] GC(2084) Pause Young (Allocation Failure)
[988.666s][info][gc,heap        ] GC(2084) DefNew: 279866K(314560K)->250K(314560K) Eden: 279616K(279616K)->0K(279616K) From: 250K(34944K)->250K(34944K)
[988.666s][info][gc,heap        ] GC(2084) Tenured: 10014K(699072K)->10014K(699072K)
[988.666s][info][gc,metaspace   ] GC(2084) Metaspace: 16677K(16960K)->16677K(16960K) NonClass: 14349K(14464K)->14349K(14464K) Class: 2327K(2496K)->2327K(2496K)
[988.666s][info][gc             ] GC(2084) Pause Young (Allocation Failure) 283M->10M(989M) 0.804ms
[988.666s][info][gc,cpu         ] GC(2084) User=0.00s Sys=0.00s Real=0.00s
[988.710s][info][gc,start       ] GC(2085) Pause Young (Allocation Failure)
[988.711s][info][gc,heap        ] GC(2085) DefNew: 279866K(314560K)->220K(314560K) Eden: 279616K(279616K)->0K(279616K) From: 250K(34944K)->220K(34944K)
[988.711s][info][gc,heap        ] GC(2085) Tenured: 10014K(699072K)->10014K(699072K)
[988.711s][info][gc,metaspace   ] GC(2085) Metaspace: 16677K(16960K)->16677K(16960K) NonClass: 14349K(14464K)->14349K(14464K) Class: 2327K(2496K)->2327K(2496K)
[988.711s][info][gc             ] GC(2085) Pause Young (Allocation Failure) 283M->9M(989M) 0.812ms
[988.711s][info][gc,cpu         ] GC(2085) User=0.00s Sys=0.00s Real=0.00s
[988.754s][info][gc,start       ] GC(2086) Pause Young (Allocation Failure)
[988.755s][info][gc,heap        ] GC(2086) DefNew: 279836K(314560K)->237K(314560K) Eden: 279616K(279616K)->0K(279616K) From: 220K(34944K)->237K(34944K)
[988.755s][info][gc,heap        ] GC(2086) Tenured: 10014K(699072K)->10014K(699072K)
[988.755s][info][gc,metaspace   ] GC(2086) Metaspace: 16677K(16960K)->16677K(16960K) NonClass: 14349K(14464K)->14349K(14464K) Class: 2327K(2496K)->2327K(2496K)
[988.755s][info][gc             ] GC(2086) Pause Young (Allocation Failure) 283M->10M(989M) 0.767ms
[988.755s][info][gc,cpu         ] GC(2086) User=0.00s Sys=0.00s Real=0.00s
[988.799s][info][gc,start       ] GC(2087) Pause Young (Allocation Failure)
[988.800s][info][gc,heap        ] GC(2087) DefNew: 279853K(314560K)->245K(314560K) Eden: 279616K(279616K)->0K(279616K) From: 237K(34944K)->245K(34944K)
[988.800s][info][gc,heap        ] GC(2087) Tenured: 10014K(699072K)->10014K(699072K)
[988.800s][info][gc,metaspace   ] GC(2087) Metaspace: 16677K(16960K)->16677K(16960K) NonClass: 14349K(14464K)->14349K(14464K) Class: 2327K(2496K)->2327K(2496K)
[988.800s][info][gc             ] GC(2087) Pause Young (Allocation Failure) 283M->10M(989M) 0.833ms
[988.800s][info][gc,cpu         ] GC(2087) User=0.00s Sys=0.00s Real=0.00s
[988.844s][info][gc,start       ] GC(2088) Pause Young (Allocation Failure)
[988.845s][info][gc,heap        ] GC(2088) DefNew: 279861K(314560K)->242K(314560K) Eden: 279616K(279616K)->0K(279616K) From: 245K(34944K)->242K(34944K)
[988.845s][info][gc,heap        ] GC(2088) Tenured: 10014K(699072K)->10014K(699072K)
[988.845s][info][gc,metaspace   ] GC(2088) Metaspace: 16677K(16960K)->16677K(16960K) NonClass: 14349K(14464K)->14349K(14464K) Class: 2327K(2496K)->2327K(2496K)
[988.845s][info][gc             ] GC(2088) Pause Young (Allocation Failure) 283M->10M(989M) 0.852ms
[988.845s][info][gc,cpu         ] GC(2088) User=0.00s Sys=0.00s Real=0.00s
[988.889s][info][gc,start       ] GC(2089) Pause Young (Allocation Failure)
[988.890s][info][gc,heap        ] GC(2089) DefNew: 279858K(314560K)->223K(314560K) Eden: 279616K(279616K)->0K(279616K) From: 242K(34944K)->223K(34944K)
[988.890s][info][gc,heap        ] GC(2089) Tenured: 10014K(699072K)->10014K(699072K)
[988.890s][info][gc,metaspace   ] GC(2089) Metaspace: 16677K(16960K)->16677K(16960K) NonClass: 14349K(14464K)->14349K(14464K) Class: 2327K(2496K)->2327K(2496K)
[988.890s][info][gc             ] GC(2089) Pause Young (Allocation Failure) 283M->9M(989M) 0.823ms
[988.890s][info][gc,cpu         ] GC(2089) User=0.00s Sys=0.00s Real=0.00s
[988.952s][info][gc,start       ] GC(2090) Pause Young (Allocation Failure)
[989.043s][info][gc,heap        ] GC(2090) DefNew: 279839K(314560K)->34944K(314560K) Eden: 279616K(279616K)->0K(279616K) From: 223K(34944K)->34944K(34944K)
[989.043s][info][gc,heap        ] GC(2090) Tenured: 10014K(699072K)->14855K(699072K)
[989.043s][info][gc,metaspace   ] GC(2090) Metaspace: 16677K(16960K)->16677K(16960K) NonClass: 14349K(14464K)->14349K(14464K) Class: 2327K(2496K)->2327K(2496K)
[989.043s][info][gc             ] GC(2090) Pause Young (Allocation Failure) 283M->48M(989M) 90.850ms
[989.043s][info][gc,cpu         ] GC(2090) User=0.09s Sys=0.00s Real=0.09s
[989.205s][info][gc,start       ] GC(2091) Pause Young (Allocation Failure)
[989.754s][info][gc,heap        ] GC(2091) DefNew: 314560K(314560K)->34943K(314560K) Eden: 279616K(279616K)->0K(279616K) From: 34944K(34944K)->34943K(34944K)
[989.754s][info][gc,heap        ] GC(2091) Tenured: 14855K(699072K)->194185K(699072K)
[989.754s][info][gc,metaspace   ] GC(2091) Metaspace: 16677K(16960K)->16677K(16960K) NonClass: 14349K(14464K)->14349K(14464K) Class: 2327K(2496K)->2327K(2496K)
[989.754s][info][gc             ] GC(2091) Pause Young (Allocation Failure) 321M->223M(989M) 549.468ms
[989.754s][info][gc,cpu         ] GC(2091) User=0.48s Sys=0.02s Real=0.54s
[989.932s][info][gc,start       ] GC(2092) Pause Young (Allocation Failure)
[990.558s][info][gc,heap        ] GC(2092) DefNew: 314559K(314560K)->34944K(314560K) Eden: 279616K(279616K)->0K(279616K) From: 34943K(34944K)->34944K(34944K)
[990.558s][info][gc,heap        ] GC(2092) Tenured: 194185K(699072K)->373773K(699072K)
[990.558s][info][gc,metaspace   ] GC(2092) Metaspace: 16677K(16960K)->16677K(16960K) NonClass: 14349K(14464K)->14349K(14464K) Class: 2327K(2496K)->2327K(2496K)
[990.558s][info][gc             ] GC(2092) Pause Young (Allocation Failure) 496M->399M(989M) 626.000ms
[990.558s][info][gc,cpu         ] GC(2092) User=0.61s Sys=0.00s Real=0.63s
[992.685s][info][gc,start       ] GC(2093) Pause Young (Allocation Failure)
[993.067s][info][gc,heap        ] GC(2093) DefNew: 314560K(314560K)->34943K(314560K) Eden: 279616K(279616K)->0K(279616K) From: 34944K(34944K)->34943K(34944K)
[993.067s][info][gc,heap        ] GC(2093) Tenured: 373773K(699072K)->468630K(699072K)
[993.067s][info][gc,metaspace   ] GC(2093) Metaspace: 16677K(16960K)->16677K(16960K) NonClass: 14349K(14464K)->14349K(14464K) Class: 2327K(2496K)->2327K(2496K)
[993.067s][info][gc             ] GC(2093) Pause Young (Allocation Failure) 672M->491M(989M) 382.585ms
[993.067s][info][gc,cpu         ] GC(2093) User=0.31s Sys=0.02s Real=0.39s
[993.203s][info][gc,start       ] GC(2094) Pause Young (Allocation Failure)
[993.203s][info][gc             ] GC(2094) Pause Young (Allocation Failure) 764M->764M(989M) 0.142ms
[993.203s][info][gc,cpu         ] GC(2094) User=0.00s Sys=0.00s Real=0.00s
[993.203s][info][gc,start       ] GC(2095) Pause Full (Allocation Failure)
[993.203s][info][gc,phases,start] GC(2095) Phase 1: Mark live objects
[993.394s][info][gc,phases      ] GC(2095) Phase 1: Mark live objects 191.032ms
[993.394s][info][gc,phases,start] GC(2095) Phase 2: Compute new object addresses
[993.515s][info][gc,phases      ] GC(2095) Phase 2: Compute new object addresses 121.147ms
[993.515s][info][gc,phases,start] GC(2095) Phase 3: Adjust pointers
[993.618s][info][gc,phases      ] GC(2095) Phase 3: Adjust pointers 102.847ms
[993.618s][info][gc,phases,start] GC(2095) Phase 4: Move objects
[993.693s][info][gc,phases      ] GC(2095) Phase 4: Move objects 75.243ms
[993.693s][info][gc,heap        ] GC(2095) DefNew: 314559K(314560K)->0K(314560K) Eden: 279616K(279616K)->0K(279616K) From: 34943K(34944K)->0K(34944K)
[993.693s][info][gc,heap        ] GC(2095) Tenured: 468630K(699072K)->179025K(699072K)
[993.693s][info][gc,metaspace   ] GC(2095) Metaspace: 16677K(16960K)->16677K(16960K) NonClass: 14349K(14464K)->14349K(14464K) Class: 2327K(2496K)->2327K(2496K)
[993.693s][info][gc             ] GC(2095) Pause Full (Allocation Failure) 764M->174M(989M) 490.734ms
[993.693s][info][gc,cpu         ] GC(2095) User=0.47s Sys=0.00s Real=0.50s
[993.834s][info][gc,start       ] GC(2096) Pause Young (Allocation Failure)
[994.116s][info][gc,heap        ] GC(2096) DefNew: 279616K(314560K)->34944K(314560K) Eden: 279616K(279616K)->0K(279616K) From: 0K(34944K)->34944K(34944K)
[994.117s][info][gc,heap        ] GC(2096) Tenured: 179025K(699072K)->261751K(699072K)
[994.117s][info][gc,metaspace   ] GC(2096) Metaspace: 16677K(16960K)->16677K(16960K) NonClass: 14349K(14464K)->14349K(14464K) Class: 2327K(2496K)->2327K(2496K)
[994.117s][info][gc             ] GC(2096) Pause Young (Allocation Failure) 447M->289M(989M) 282.595ms
[994.117s][info][gc,cpu         ] GC(2096) User=0.27s Sys=0.00s Real=0.28s
[994.262s][info][gc,start       ] GC(2097) Pause Young (Allocation Failure)
[994.659s][info][gc,heap        ] GC(2097) DefNew: 314560K(314560K)->34944K(314560K) Eden: 279616K(279616K)->0K(279616K) From: 34944K(34944K)->34944K(34944K)
[994.659s][info][gc,heap        ] GC(2097) Tenured: 261751K(699072K)->379293K(699072K)
[994.659s][info][gc,metaspace   ] GC(2097) Metaspace: 16677K(16960K)->16677K(16960K) NonClass: 14349K(14464K)->14349K(14464K) Class: 2327K(2496K)->2327K(2496K)
[994.659s][info][gc             ] GC(2097) Pause Young (Allocation Failure) 562M->404M(989M) 396.725ms
[994.659s][info][gc,cpu         ] GC(2097) User=0.36s Sys=0.00s Real=0.39s
[995.108s][info][gc,start       ] GC(2098) Pause Young (Allocation Failure)
[995.400s][info][gc,heap        ] GC(2098) DefNew: 314560K(314560K)->34943K(314560K) Eden: 279616K(279616K)->0K(279616K) From: 34944K(34944K)->34943K(34944K)
[995.400s][info][gc,heap        ] GC(2098) Tenured: 379293K(699072K)->435478K(699072K)
[995.400s][info][gc,metaspace   ] GC(2098) Metaspace: 16677K(16960K)->16677K(16960K) NonClass: 14349K(14464K)->14349K(14464K) Class: 2327K(2496K)->2327K(2496K)
[995.400s][info][gc             ] GC(2098) Pause Young (Allocation Failure) 677M->459M(989M) 292.259ms
[995.400s][info][gc,cpu         ] GC(2098) User=0.28s Sys=0.00s Real=0.30s
[995.763s][info][gc,start       ] GC(2099) Pause Young (Allocation Failure)
[995.849s][info][gc,heap        ] GC(2099) DefNew: 314559K(314560K)->2042K(314560K) Eden: 279616K(279616K)->0K(279616K) From: 34943K(34944K)->2042K(34944K)
[995.849s][info][gc,heap        ] GC(2099) Tenured: 435478K(699072K)->449807K(699072K)
[995.849s][info][gc,metaspace   ] GC(2099) Metaspace: 16677K(16960K)->16677K(16960K) NonClass: 14349K(14464K)->14349K(14464K) Class: 2327K(2496K)->2327K(2496K)
[995.849s][info][gc             ] GC(2099) Pause Young (Allocation Failure) 732M->441M(989M) 86.489ms
[995.849s][info][gc,cpu         ] GC(2099) User=0.06s Sys=0.00s Real=0.08s
[996.612s][info][gc,heap,exit   ] Heap
[996.612s][info][gc,heap,exit   ]  def new generation   total 314560K, used 188205K [0x00000000c0000000, 0x00000000d5550000, 0x00000000d5550000)
[996.612s][info][gc,heap,exit   ]   eden space 279616K,  66% used [0x00000000c0000000, 0x00000000cb5ccf70, 0x00000000d1110000)
[996.612s][info][gc,heap,exit   ]   from space 34944K,   5% used [0x00000000d1110000, 0x00000000d130e810, 0x00000000d3330000)
[996.612s][info][gc,heap,exit   ]   to   space 34944K,   0% used [0x00000000d3330000, 0x00000000d3330000, 0x00000000d5550000)
[996.612s][info][gc,heap,exit   ]  tenured generation   total 699072K, used 449807K [0x00000000d5550000, 0x0000000100000000, 0x0000000100000000)
[996.612s][info][gc,heap,exit   ]    the space 699072K,  64% used [0x00000000d5550000, 0x00000000f0c93f08, 0x00000000f0c94000, 0x0000000100000000)
[996.613s][info][gc,heap,exit   ]  Metaspace       used 16784K, committed 17024K, reserved 1114112K
[996.613s][info][gc,heap,exit   ]   class space    used 2345K, committed 2496K, reserved 1048576K
