[0.011s][info][gc] Using Parallel
[0.013s][info][gc,init] Version: 17.0.12+7-adhoc..jdk17u (release)
[0.013s][info][gc,init] CPUs: 6 total, 6 available
[0.013s][info][gc,init] Memory: 15591M
[0.013s][info][gc,init] Large Page Support: Disabled
[0.013s][info][gc,init] NUMA Support: Disabled
[0.013s][info][gc,init] Compressed Oops: Enabled (32-bit)
[0.014s][info][gc,init] Alignments: Space 512K, Generation 512K, Heap 2M
[0.014s][info][gc,init] Heap Min Capacity: 1G
[0.014s][info][gc,init] Heap Initial Capacity: 1G
[0.014s][info][gc,init] Heap Max Capacity: 1G
[0.014s][info][gc,init] Pre-touch: Disabled
[0.014s][info][gc,init] Parallel Workers: 6
[0.021s][info][gc,metaspace] CDS archive(s) mapped at: [0x000001ef00000000-0x000001ef00bc0000-0x000001ef00bc0000), size 12320768, SharedBaseAddress: 0x000001ef00000000, ArchiveRelocationMode: 1.
[0.021s][info][gc,metaspace] Compressed class space mapped at: 0x000001ef01000000-0x000001ef41000000, reserved size: 1073741824
[0.021s][info][gc,metaspace] Narrow klass base: 0x000001ef00000000, Narrow klass shift: 0, Narrow klass range: 0x100000000
[0.880s][info][gc,start    ] GC(0) Pause Young (System.gc())
[0.883s][info][gc,heap     ] GC(0) PSYoungGen: 36735K(305664K)->3721K(305664K) Eden: 36735K(262144K)->0K(262144K) From: 0K(43520K)->3721K(43520K)
[0.883s][info][gc,heap     ] GC(0) ParOldGen: 0K(699392K)->16K(699392K)
[0.883s][info][gc,metaspace] GC(0) Metaspace: 8490K(8704K)->8490K(8704K) NonClass: 7362K(7488K)->7362K(7488K) Class: 1127K(1216K)->1127K(1216K)
[0.883s][info][gc          ] GC(0) Pause Young (System.gc()) 35M->3M(981M) 3.565ms
[0.883s][info][gc,cpu      ] GC(0) User=0.00s Sys=0.00s Real=0.01s
[0.883s][info][gc,start    ] GC(1) Pause Full (System.gc())
[0.883s][info][gc,phases,start] GC(1) Marking Phase
[0.886s][info][gc,phases      ] GC(1) Marking Phase 2.640ms
[0.886s][info][gc,phases,start] GC(1) Summary Phase
[0.886s][info][gc,phases      ] GC(1) Summary Phase 0.022ms
[0.886s][info][gc,phases,start] GC(1) Adjust Roots
[0.887s][info][gc,phases      ] GC(1) Adjust Roots 0.899ms
[0.887s][info][gc,phases,start] GC(1) Compaction Phase
[0.890s][info][gc,phases      ] GC(1) Compaction Phase 2.523ms
[0.890s][info][gc,phases,start] GC(1) Post Compact
[0.890s][info][gc,phases      ] GC(1) Post Compact 0.610ms
[0.890s][info][gc,heap        ] GC(1) PSYoungGen: 3721K(305664K)->0K(305664K) Eden: 0K(262144K)->0K(262144K) From: 3721K(43520K)->0K(43520K)
[0.890s][info][gc,heap        ] GC(1) ParOldGen: 16K(699392K)->3618K(699392K)
[0.890s][info][gc,metaspace   ] GC(1) Metaspace: 8490K(8704K)->8490K(8704K) NonClass: 7362K(7488K)->7362K(7488K) Class: 1127K(1216K)->1127K(1216K)
[0.890s][info][gc             ] GC(1) Pause Full (System.gc()) 3M->3M(981M) 6.913ms
[0.890s][info][gc,cpu         ] GC(1) User=0.00s Sys=0.02s Real=0.00s
[1.952s][info][gc,start       ] GC(2) Pause Young (Allocation Failure)
[2.012s][info][gc,heap        ] GC(2) PSYoungGen: 262144K(305664K)->43506K(305664K) Eden: 262144K(262144K)->0K(262144K) From: 0K(43520K)->43506K(43520K)
[2.012s][info][gc,heap        ] GC(2) ParOldGen: 3618K(699392K)->41418K(699392K)
[2.012s][info][gc,metaspace   ] GC(2) Metaspace: 14805K(15040K)->14805K(15040K) NonClass: 12733K(12864K)->12733K(12864K) Class: 2072K(2176K)->2072K(2176K)
[2.012s][info][gc             ] GC(2) Pause Young (Allocation Failure) 259M->82M(981M) 60.498ms
[2.012s][info][gc,cpu         ] GC(2) User=0.23s Sys=0.14s Real=0.07s
[2.283s][info][gc,start       ] GC(3) Pause Young (Allocation Failure)
[2.395s][info][gc,heap        ] GC(3) PSYoungGen: 305341K(305664K)->43507K(305664K) Eden: 261834K(262144K)->0K(262144K) From: 43506K(43520K)->43507K(43520K)
[2.395s][info][gc,heap        ] GC(3) ParOldGen: 41418K(699392K)->134562K(699392K)
[2.395s][info][gc,metaspace   ] GC(3) Metaspace: 14809K(15040K)->14809K(15040K) NonClass: 12737K(12864K)->12737K(12864K) Class: 2072K(2176K)->2072K(2176K)
[2.395s][info][gc             ] GC(3) Pause Young (Allocation Failure) 338M->173M(981M) 112.093ms
[2.395s][info][gc,cpu         ] GC(3) User=0.59s Sys=0.06s Real=0.12s
[2.786s][info][gc,start       ] GC(4) Pause Young (Allocation Failure)
[2.846s][info][gc,heap        ] GC(4) PSYoungGen: 305651K(305664K)->43514K(305664K) Eden: 262144K(262144K)->0K(262144K) From: 43507K(43520K)->43514K(43520K)
[2.846s][info][gc,heap        ] GC(4) ParOldGen: 134562K(699392K)->150331K(699392K)
[2.846s][info][gc,metaspace   ] GC(4) Metaspace: 15639K(15872K)->15639K(15872K) NonClass: 13463K(13568K)->13463K(13568K) Class: 2175K(2304K)->2175K(2304K)
[2.846s][info][gc             ] GC(4) Pause Young (Allocation Failure) 429M->189M(981M) 60.076ms
[2.846s][info][gc,cpu         ] GC(4) User=0.38s Sys=0.00s Real=0.06s
[3.001s][info][gc,start       ] GC(5) Pause Young (System.gc())
[3.024s][info][gc,heap        ] GC(5) PSYoungGen: 280475K(305664K)->38551K(305664K) Eden: 236960K(262144K)->0K(262144K) From: 43514K(43520K)->38551K(43520K)
[3.024s][info][gc,heap        ] GC(5) ParOldGen: 150331K(699392K)->150339K(699392K)
[3.024s][info][gc,metaspace   ] GC(5) Metaspace: 15682K(15936K)->15682K(15936K) NonClass: 13504K(13632K)->13504K(13632K) Class: 2178K(2304K)->2178K(2304K)
[3.024s][info][gc             ] GC(5) Pause Young (System.gc()) 420M->184M(981M) 22.569ms
[3.024s][info][gc,cpu         ] GC(5) User=0.08s Sys=0.02s Real=0.03s
[3.024s][info][gc,start       ] GC(6) Pause Full (System.gc())
[3.024s][info][gc,phases,start] GC(6) Marking Phase
[3.029s][info][gc,phases      ] GC(6) Marking Phase 5.056ms
[3.029s][info][gc,phases,start] GC(6) Summary Phase
[3.029s][info][gc,phases      ] GC(6) Summary Phase 0.020ms
[3.029s][info][gc,phases,start] GC(6) Adjust Roots
[3.031s][info][gc,phases      ] GC(6) Adjust Roots 2.222ms
[3.031s][info][gc,phases,start] GC(6) Compaction Phase
[3.034s][info][gc,phases      ] GC(6) Compaction Phase 2.943ms
[3.034s][info][gc,phases,start] GC(6) Post Compact
[3.036s][info][gc,phases      ] GC(6) Post Compact 1.943ms
[3.036s][info][gc,heap        ] GC(6) PSYoungGen: 38551K(305664K)->0K(305664K) Eden: 0K(262144K)->0K(262144K) From: 38551K(43520K)->0K(43520K)
[3.036s][info][gc,heap        ] GC(6) ParOldGen: 150339K(699392K)->5594K(699392K)
[3.036s][info][gc,metaspace   ] GC(6) Metaspace: 15682K(15936K)->15651K(15936K) NonClass: 13504K(13632K)->13482K(13632K) Class: 2178K(2304K)->2169K(2304K)
[3.036s][info][gc             ] GC(6) Pause Full (System.gc()) 184M->5M(981M) 12.458ms
[3.036s][info][gc,cpu         ] GC(6) User=0.02s Sys=0.00s Real=0.01s
[3.285s][info][gc,start       ] GC(7) Pause Young (Allocation Failure)
[3.352s][info][gc,heap        ] GC(7) PSYoungGen: 262144K(305664K)->43504K(305664K) Eden: 262144K(262144K)->0K(262144K) From: 0K(43520K)->43504K(43520K)
[3.352s][info][gc,heap        ] GC(7) ParOldGen: 5594K(699392K)->63018K(699392K)
[3.352s][info][gc,metaspace   ] GC(7) Metaspace: 15655K(15936K)->15655K(15936K) NonClass: 13485K(13632K)->13485K(13632K) Class: 2169K(2304K)->2169K(2304K)
[3.352s][info][gc             ] GC(7) Pause Young (Allocation Failure) 261M->104M(981M) 67.419ms
[3.352s][info][gc,cpu         ] GC(7) User=0.38s Sys=0.00s Real=0.07s
[3.589s][info][gc,start       ] GC(8) Pause Young (Allocation Failure)
[3.692s][info][gc,heap        ] GC(8) PSYoungGen: 305648K(305664K)->43497K(305664K) Eden: 262144K(262144K)->0K(262144K) From: 43504K(43520K)->43497K(43520K)
[3.692s][info][gc,heap        ] GC(8) ParOldGen: 63018K(699392K)->160346K(699392K)
[3.692s][info][gc,metaspace   ] GC(8) Metaspace: 15655K(15936K)->15655K(15936K) NonClass: 13485K(13632K)->13485K(13632K) Class: 2169K(2304K)->2169K(2304K)
[3.692s][info][gc             ] GC(8) Pause Young (Allocation Failure) 360M->199M(981M) 102.331ms
[3.692s][info][gc,cpu         ] GC(8) User=0.56s Sys=0.00s Real=0.11s
[3.917s][info][gc,start       ] GC(9) Pause Young (Allocation Failure)
[3.946s][info][gc,heap        ] GC(9) PSYoungGen: 305641K(305664K)->42321K(160256K) Eden: 262144K(262144K)->0K(116736K) From: 43497K(43520K)->42321K(43520K)
[3.946s][info][gc,heap        ] GC(9) ParOldGen: 160346K(699392K)->178786K(699392K)
[3.946s][info][gc,metaspace   ] GC(9) Metaspace: 15674K(15936K)->15674K(15936K) NonClass: 13505K(13632K)->13505K(13632K) Class: 2169K(2304K)->2169K(2304K)
[3.946s][info][gc             ] GC(9) Pause Young (Allocation Failure) 455M->215M(839M) 28.944ms
[3.946s][info][gc,cpu         ] GC(9) User=0.09s Sys=0.00s Real=0.03s
[4.011s][info][gc,start       ] GC(10) Pause Young (Allocation Failure)
[4.039s][info][gc,heap        ] GC(10) PSYoungGen: 159057K(160256K)->53404K(232960K) Eden: 116736K(116736K)->0K(116736K) From: 42321K(43520K)->53404K(116224K)
[4.039s][info][gc,heap        ] GC(10) ParOldGen: 178786K(699392K)->178786K(699392K)
[4.039s][info][gc,metaspace   ] GC(10) Metaspace: 15674K(15936K)->15674K(15936K) NonClass: 13505K(13632K)->13505K(13632K) Class: 2169K(2304K)->2169K(2304K)
[4.039s][info][gc             ] GC(10) Pause Young (Allocation Failure) 329M->226M(910M) 28.213ms
[4.039s][info][gc,cpu         ] GC(10) User=0.09s Sys=0.00s Real=0.03s
[4.105s][info][gc,start       ] GC(11) Pause Young (System.gc())
[4.131s][info][gc,heap        ] GC(11) PSYoungGen: 101504K(232960K)->12478K(232960K) Eden: 48099K(116736K)->0K(116736K) From: 53404K(116224K)->12478K(116224K)
[4.131s][info][gc,heap        ] GC(11) ParOldGen: 178786K(699392K)->197587K(699392K)
[4.131s][info][gc,metaspace   ] GC(11) Metaspace: 15712K(16000K)->15712K(16000K) NonClass: 13543K(13696K)->13543K(13696K) Class: 2169K(2304K)->2169K(2304K)
[4.131s][info][gc             ] GC(11) Pause Young (System.gc()) 273M->205M(910M) 26.102ms
[4.131s][info][gc,cpu         ] GC(11) User=0.09s Sys=0.00s Real=0.03s
[4.131s][info][gc,start       ] GC(12) Pause Full (System.gc())
[4.131s][info][gc,phases,start] GC(12) Marking Phase
[4.135s][info][gc,phases      ] GC(12) Marking Phase 3.893ms
[4.135s][info][gc,phases,start] GC(12) Summary Phase
[4.135s][info][gc,phases      ] GC(12) Summary Phase 0.020ms
[4.135s][info][gc,phases,start] GC(12) Adjust Roots
[4.137s][info][gc,phases      ] GC(12) Adjust Roots 1.542ms
[4.137s][info][gc,phases,start] GC(12) Compaction Phase
[4.139s][info][gc,phases      ] GC(12) Compaction Phase 2.067ms
[4.139s][info][gc,phases,start] GC(12) Post Compact
[4.140s][info][gc,phases      ] GC(12) Post Compact 0.962ms
[4.140s][info][gc,heap        ] GC(12) PSYoungGen: 12478K(232960K)->0K(232960K) Eden: 0K(116736K)->0K(116736K) From: 12478K(116224K)->0K(116224K)
[4.140s][info][gc,heap        ] GC(12) ParOldGen: 197587K(699392K)->5595K(699392K)
[4.140s][info][gc,metaspace   ] GC(12) Metaspace: 15712K(16000K)->15712K(16000K) NonClass: 13543K(13696K)->13543K(13696K) Class: 2169K(2304K)->2169K(2304K)
[4.140s][info][gc             ] GC(12) Pause Full (System.gc()) 205M->5M(910M) 8.699ms
[4.140s][info][gc,cpu         ] GC(12) User=0.06s Sys=0.02s Real=0.01s
[4.235s][info][gc,start       ] GC(13) Pause Young (Allocation Failure)
[4.262s][info][gc,heap        ] GC(13) PSYoungGen: 116736K(232960K)->46088K(232960K) Eden: 116736K(116736K)->0K(116736K) From: 0K(116224K)->46088K(116224K)
[4.262s][info][gc,heap        ] GC(13) ParOldGen: 5595K(699392K)->5603K(699392K)
[4.262s][info][gc,metaspace   ] GC(13) Metaspace: 15714K(16000K)->15714K(16000K) NonClass: 13544K(13696K)->13544K(13696K) Class: 2169K(2304K)->2169K(2304K)
[4.262s][info][gc             ] GC(13) Pause Young (Allocation Failure) 119M->50M(910M) 26.592ms
[4.262s][info][gc,cpu         ] GC(13) User=0.17s Sys=0.02s Real=0.03s
[4.358s][info][gc,start       ] GC(14) Pause Young (Allocation Failure)
[4.400s][info][gc,heap        ] GC(14) PSYoungGen: 161899K(232960K)->90422K(232960K) Eden: 115811K(116736K)->0K(116736K) From: 46088K(116224K)->90422K(116224K)
[4.400s][info][gc,heap        ] GC(14) ParOldGen: 5603K(699392K)->5603K(699392K)
[4.400s][info][gc,metaspace   ] GC(14) Metaspace: 15714K(16000K)->15714K(16000K) NonClass: 13544K(13696K)->13544K(13696K) Class: 2169K(2304K)->2169K(2304K)
[4.400s][info][gc             ] GC(14) Pause Young (Allocation Failure) 163M->93M(910M) 42.179ms
[4.400s][info][gc,cpu         ] GC(14) User=0.19s Sys=0.00s Real=0.05s
[4.505s][info][gc,start       ] GC(15) Pause Young (Allocation Failure)
[4.580s][info][gc,heap        ] GC(15) PSYoungGen: 207158K(232960K)->49200K(232960K) Eden: 116736K(116736K)->0K(116736K) From: 90422K(116224K)->49200K(116224K)
[4.580s][info][gc,heap        ] GC(15) ParOldGen: 5603K(699392K)->88053K(699392K)
[4.580s][info][gc,metaspace   ] GC(15) Metaspace: 15714K(16000K)->15714K(16000K) NonClass: 13544K(13696K)->13544K(13696K) Class: 2169K(2304K)->2169K(2304K)
[4.580s][info][gc             ] GC(15) Pause Young (Allocation Failure) 207M->134M(910M) 75.120ms
[4.580s][info][gc,cpu         ] GC(15) User=0.47s Sys=0.00s Real=0.08s
[4.689s][info][gc,start       ] GC(16) Pause Young (Allocation Failure)
[4.736s][info][gc,heap        ] GC(16) PSYoungGen: 165936K(232960K)->41432K(232960K) Eden: 116736K(116736K)->0K(116736K) From: 49200K(116224K)->41432K(116224K)
[4.736s][info][gc,heap        ] GC(16) ParOldGen: 88053K(699392K)->136147K(699392K)
[4.736s][info][gc,metaspace   ] GC(16) Metaspace: 15714K(16000K)->15714K(16000K) NonClass: 13544K(13696K)->13544K(13696K) Class: 2169K(2304K)->2169K(2304K)
[4.736s][info][gc             ] GC(16) Pause Young (Allocation Failure) 248M->173M(910M) 47.784ms
[4.736s][info][gc,cpu         ] GC(16) User=0.28s Sys=0.00s Real=0.06s
[4.873s][info][gc,start       ] GC(17) Pause Young (Allocation Failure)
[4.910s][info][gc,heap        ] GC(17) PSYoungGen: 158168K(232960K)->21247K(232960K) Eden: 116736K(116736K)->0K(116736K) From: 41432K(116224K)->21247K(116224K)
[4.910s][info][gc,heap        ] GC(17) ParOldGen: 136147K(699392K)->177465K(699392K)
[4.910s][info][gc,metaspace   ] GC(17) Metaspace: 15873K(16128K)->15873K(16128K) NonClass: 13678K(13824K)->13678K(13824K) Class: 2194K(2304K)->2194K(2304K)
[4.910s][info][gc             ] GC(17) Pause Young (Allocation Failure) 287M->194M(910M) 36.926ms
[4.910s][info][gc,cpu         ] GC(17) User=0.19s Sys=0.00s Real=0.04s
[4.973s][info][gc,start       ] GC(18) Pause Young (Allocation Failure)
[4.984s][info][gc,heap        ] GC(18) PSYoungGen: 137983K(232960K)->17088K(232960K) Eden: 116736K(116736K)->0K(116736K) From: 21247K(116224K)->17088K(116224K)
[4.984s][info][gc,heap        ] GC(18) ParOldGen: 177465K(699392K)->195138K(699392K)
[4.984s][info][gc,metaspace   ] GC(18) Metaspace: 15873K(16128K)->15873K(16128K) NonClass: 13678K(13824K)->13678K(13824K) Class: 2194K(2304K)->2194K(2304K)
[4.984s][info][gc             ] GC(18) Pause Young (Allocation Failure) 308M->207M(910M) 11.093ms
[4.984s][info][gc,cpu         ] GC(18) User=0.09s Sys=0.00s Real=0.01s
[5.046s][info][gc,start       ] GC(19) Pause Young (Allocation Failure)
[5.051s][info][gc,heap        ] GC(19) PSYoungGen: 130202K(232960K)->29888K(232960K) Eden: 113114K(116736K)->0K(116736K) From: 17088K(116224K)->29888K(116224K)
[5.051s][info][gc,heap        ] GC(19) ParOldGen: 195138K(699392K)->199266K(699392K)
[5.051s][info][gc,metaspace   ] GC(19) Metaspace: 15873K(16128K)->15873K(16128K) NonClass: 13678K(13824K)->13678K(13824K) Class: 2194K(2304K)->2194K(2304K)
[5.051s][info][gc             ] GC(19) Pause Young (Allocation Failure) 317M->223M(910M) 5.374ms
[5.051s][info][gc,cpu         ] GC(19) User=0.00s Sys=0.00s Real=0.00s
[5.125s][info][gc,start       ] GC(20) Pause Young (Allocation Failure)
[5.131s][info][gc,heap        ] GC(20) PSYoungGen: 146624K(232960K)->10432K(232960K) Eden: 116736K(116736K)->0K(116736K) From: 29888K(116224K)->10432K(116224K)
[5.131s][info][gc,heap        ] GC(20) ParOldGen: 199266K(699392K)->225898K(699392K)
[5.131s][info][gc,metaspace   ] GC(20) Metaspace: 15873K(16128K)->15873K(16128K) NonClass: 13678K(13824K)->13678K(13824K) Class: 2194K(2304K)->2194K(2304K)
[5.131s][info][gc             ] GC(20) Pause Young (Allocation Failure) 337M->230M(910M) 5.539ms
[5.131s][info][gc,cpu         ] GC(20) User=0.00s Sys=0.00s Real=0.00s
[5.171s][info][gc,start       ] GC(21) Pause Young (System.gc())
[5.172s][info][gc,heap        ] GC(21) PSYoungGen: 32373K(232960K)->128K(232960K) Eden: 21941K(116736K)->0K(116736K) From: 10432K(116224K)->128K(116224K)
[5.172s][info][gc,heap        ] GC(21) ParOldGen: 225898K(699392K)->225898K(699392K)
[5.172s][info][gc,metaspace   ] GC(21) Metaspace: 15901K(16128K)->15901K(16128K) NonClass: 13707K(13824K)->13707K(13824K) Class: 2194K(2304K)->2194K(2304K)
[5.172s][info][gc             ] GC(21) Pause Young (System.gc()) 252M->220M(910M) 0.690ms
[5.172s][info][gc,cpu         ] GC(21) User=0.00s Sys=0.00s Real=0.00s
[5.172s][info][gc,start       ] GC(22) Pause Full (System.gc())
[5.172s][info][gc,phases,start] GC(22) Marking Phase
[5.176s][info][gc,phases      ] GC(22) Marking Phase 3.957ms
[5.176s][info][gc,phases,start] GC(22) Summary Phase
[5.176s][info][gc,phases      ] GC(22) Summary Phase 0.021ms
[5.176s][info][gc,phases,start] GC(22) Adjust Roots
[5.178s][info][gc,phases      ] GC(22) Adjust Roots 2.395ms
[5.178s][info][gc,phases,start] GC(22) Compaction Phase
[5.180s][info][gc,phases      ] GC(22) Compaction Phase 1.327ms
[5.180s][info][gc,phases,start] GC(22) Post Compact
[5.181s][info][gc,phases      ] GC(22) Post Compact 0.884ms
[5.181s][info][gc,heap        ] GC(22) PSYoungGen: 128K(232960K)->0K(232960K) Eden: 0K(116736K)->0K(116736K) From: 128K(116224K)->0K(116224K)
[5.181s][info][gc,heap        ] GC(22) ParOldGen: 225898K(699392K)->5649K(699392K)
[5.181s][info][gc,metaspace   ] GC(22) Metaspace: 15901K(16128K)->15901K(16128K) NonClass: 13707K(13824K)->13707K(13824K) Class: 2194K(2304K)->2194K(2304K)
[5.181s][info][gc             ] GC(22) Pause Full (System.gc()) 220M->5M(910M) 8.807ms
[5.181s][info][gc,cpu         ] GC(22) User=0.00s Sys=0.00s Real=0.02s
[5.278s][info][gc,start       ] GC(23) Pause Young (Allocation Failure)
[5.305s][info][gc,heap        ] GC(23) PSYoungGen: 116736K(232960K)->46164K(232960K) Eden: 116736K(116736K)->0K(116736K) From: 0K(116224K)->46164K(116224K)
[5.305s][info][gc,heap        ] GC(23) ParOldGen: 5649K(699392K)->5649K(699392K)
[5.305s][info][gc,metaspace   ] GC(23) Metaspace: 15901K(16128K)->15901K(16128K) NonClass: 13707K(13824K)->13707K(13824K) Class: 2194K(2304K)->2194K(2304K)
[5.305s][info][gc             ] GC(23) Pause Young (Allocation Failure) 119M->50M(910M) 26.724ms
[5.305s][info][gc,cpu         ] GC(23) User=0.08s Sys=0.02s Real=0.03s
[5.400s][info][gc,start       ] GC(24) Pause Young (Allocation Failure)
[5.451s][info][gc,heap        ] GC(24) PSYoungGen: 161049K(232960K)->48699K(232960K) Eden: 114884K(116736K)->0K(116736K) From: 46164K(116224K)->48699K(116224K)
[5.452s][info][gc,heap        ] GC(24) ParOldGen: 5649K(699392K)->47515K(699392K)
[5.452s][info][gc,metaspace   ] GC(24) Metaspace: 15901K(16128K)->15901K(16128K) NonClass: 13707K(13824K)->13707K(13824K) Class: 2194K(2304K)->2194K(2304K)
[5.452s][info][gc             ] GC(24) Pause Young (Allocation Failure) 162M->93M(910M) 52.073ms
[5.452s][info][gc,cpu         ] GC(24) User=0.38s Sys=0.00s Real=0.05s
[5.557s][info][gc,start       ] GC(25) Pause Young (Allocation Failure)
[5.614s][info][gc,heap        ] GC(25) PSYoungGen: 165435K(232960K)->49148K(232960K) Eden: 116736K(116736K)->0K(116736K) From: 48699K(116224K)->49148K(116224K)
[5.614s][info][gc,heap        ] GC(25) ParOldGen: 47515K(699392K)->88214K(699392K)
[5.614s][info][gc,metaspace   ] GC(25) Metaspace: 15901K(16128K)->15901K(16128K) NonClass: 13707K(13824K)->13707K(13824K) Class: 2194K(2304K)->2194K(2304K)
[5.614s][info][gc             ] GC(25) Pause Young (Allocation Failure) 207M->134M(910M) 57.414ms
[5.614s][info][gc,cpu         ] GC(25) User=0.31s Sys=0.02s Real=0.06s
[5.723s][info][gc,start       ] GC(26) Pause Young (Allocation Failure)
[5.772s][info][gc,heap        ] GC(26) PSYoungGen: 165527K(232960K)->41196K(232960K) Eden: 116378K(116736K)->0K(116736K) From: 49148K(116224K)->41196K(116224K)
[5.772s][info][gc,heap        ] GC(26) ParOldGen: 88214K(699392K)->136309K(699392K)
[5.772s][info][gc,metaspace   ] GC(26) Metaspace: 15901K(16128K)->15901K(16128K) NonClass: 13707K(13824K)->13707K(13824K) Class: 2194K(2304K)->2194K(2304K)
[5.772s][info][gc             ] GC(26) Pause Young (Allocation Failure) 247M->173M(910M) 48.544ms
[5.772s][info][gc,cpu         ] GC(26) User=0.27s Sys=0.02s Real=0.05s
[5.897s][info][gc,start       ] GC(27) Pause Young (Allocation Failure)
[5.934s][info][gc,heap        ] GC(27) PSYoungGen: 157932K(232960K)->21777K(241152K) Eden: 116736K(116736K)->0K(130560K) From: 41196K(116224K)->21777K(110592K)
[5.934s][info][gc,heap        ] GC(27) ParOldGen: 136309K(699392K)->177412K(699392K)
[5.934s][info][gc,metaspace   ] GC(27) Metaspace: 15901K(16128K)->15901K(16128K) NonClass: 13707K(13824K)->13707K(13824K) Class: 2194K(2304K)->2194K(2304K)
[5.934s][info][gc             ] GC(27) Pause Young (Allocation Failure) 287M->194M(918M) 36.776ms
[5.934s][info][gc,cpu         ] GC(27) User=0.28s Sys=0.00s Real=0.04s
[6.001s][info][gc,start       ] GC(28) Pause Young (Allocation Failure)
[6.013s][info][gc,heap        ] GC(28) PSYoungGen: 152337K(241152K)->18624K(238592K) Eden: 130560K(130560K)->0K(130560K) From: 21777K(110592K)->18624K(108032K)
[6.013s][info][gc,heap        ] GC(28) ParOldGen: 177412K(699392K)->195251K(699392K)
[6.013s][info][gc,metaspace   ] GC(28) Metaspace: 15901K(16128K)->15901K(16128K) NonClass: 13707K(13824K)->13707K(13824K) Class: 2194K(2304K)->2194K(2304K)
[6.013s][info][gc             ] GC(28) Pause Young (Allocation Failure) 322M->208M(916M) 11.960ms
[6.013s][info][gc,cpu         ] GC(28) User=0.08s Sys=0.00s Real=0.01s
[6.077s][info][gc,start       ] GC(29) Pause Young (Allocation Failure)
[6.082s][info][gc,heap        ] GC(29) PSYoungGen: 149184K(238592K)->37056K(249856K) Eden: 130560K(130560K)->0K(144384K) From: 18624K(108032K)->37056K(105472K)
[6.082s][info][gc,heap        ] GC(29) ParOldGen: 195251K(699392K)->195275K(699392K)
[6.082s][info][gc,metaspace   ] GC(29) Metaspace: 15901K(16128K)->15901K(16128K) NonClass: 13707K(13824K)->13707K(13824K) Class: 2194K(2304K)->2194K(2304K)
[6.082s][info][gc             ] GC(29) Pause Young (Allocation Failure) 336M->226M(927M) 5.020ms
[6.082s][info][gc,cpu         ] GC(29) User=0.00s Sys=0.00s Real=0.00s
[6.169s][info][gc,start       ] GC(30) Pause Young (System.gc())
[6.170s][info][gc,heap        ] GC(30) PSYoungGen: 143518K(249856K)->160K(243712K) Eden: 106462K(144384K)->0K(144384K) From: 37056K(105472K)->160K(99328K)
[6.170s][info][gc,heap        ] GC(30) ParOldGen: 195275K(699392K)->195275K(699392K)
[6.170s][info][gc,metaspace   ] GC(30) Metaspace: 15906K(16128K)->15906K(16128K) NonClass: 13711K(13824K)->13711K(13824K) Class: 2194K(2304K)->2194K(2304K)
[6.170s][info][gc             ] GC(30) Pause Young (System.gc()) 330M->190M(921M) 0.590ms
[6.170s][info][gc,cpu         ] GC(30) User=0.00s Sys=0.00s Real=0.00s
[6.170s][info][gc,start       ] GC(31) Pause Full (System.gc())
[6.170s][info][gc,phases,start] GC(31) Marking Phase
[6.174s][info][gc,phases      ] GC(31) Marking Phase 3.976ms
[6.174s][info][gc,phases,start] GC(31) Summary Phase
[6.174s][info][gc,phases      ] GC(31) Summary Phase 0.009ms
[6.174s][info][gc,phases,start] GC(31) Adjust Roots
[6.177s][info][gc,phases      ] GC(31) Adjust Roots 2.734ms
[6.177s][info][gc,phases,start] GC(31) Compaction Phase
[6.179s][info][gc,phases      ] GC(31) Compaction Phase 1.643ms
[6.179s][info][gc,phases,start] GC(31) Post Compact
[6.179s][info][gc,phases      ] GC(31) Post Compact 0.675ms
[6.179s][info][gc,heap        ] GC(31) PSYoungGen: 160K(243712K)->0K(243712K) Eden: 0K(144384K)->0K(144384K) From: 160K(99328K)->0K(99328K)
[6.179s][info][gc,heap        ] GC(31) ParOldGen: 195275K(699392K)->5650K(699392K)
[6.179s][info][gc,metaspace   ] GC(31) Metaspace: 15906K(16128K)->15906K(16128K) NonClass: 13711K(13824K)->13711K(13824K) Class: 2194K(2304K)->2194K(2304K)
[6.179s][info][gc             ] GC(31) Pause Full (System.gc()) 190M->5M(921M) 9.267ms
[6.179s][info][gc,cpu         ] GC(31) User=0.00s Sys=0.00s Real=0.00s
[6.300s][info][gc,start       ] GC(32) Pause Young (Allocation Failure)
[6.332s][info][gc,heap        ] GC(32) PSYoungGen: 144384K(243712K)->57282K(245248K) Eden: 144384K(144384K)->0K(145408K) From: 0K(99328K)->57282K(99840K)
[6.332s][info][gc,heap        ] GC(32) ParOldGen: 5650K(699392K)->5650K(699392K)
[6.332s][info][gc,metaspace   ] GC(32) Metaspace: 15906K(16128K)->15906K(16128K) NonClass: 13711K(13824K)->13711K(13824K) Class: 2194K(2304K)->2194K(2304K)
[6.332s][info][gc             ] GC(32) Pause Young (Allocation Failure) 146M->61M(922M) 31.845ms
[6.332s][info][gc,cpu         ] GC(32) User=0.19s Sys=0.00s Real=0.04s
[6.459s][info][gc,start       ] GC(33) Pause Young (Allocation Failure)
[6.521s][info][gc,heap        ] GC(33) PSYoungGen: 202690K(245248K)->62468K(208384K) Eden: 145408K(145408K)->0K(145408K) From: 57282K(99840K)->62468K(62976K)
[6.521s][info][gc,heap        ] GC(33) ParOldGen: 5650K(699392K)->54485K(699392K)
[6.521s][info][gc,metaspace   ] GC(33) Metaspace: 15906K(16128K)->15906K(16128K) NonClass: 13711K(13824K)->13711K(13824K) Class: 2194K(2304K)->2194K(2304K)
[6.521s][info][gc             ] GC(33) Pause Young (Allocation Failure) 203M->114M(886M) 61.951ms
[6.521s][info][gc,cpu         ] GC(33) User=0.38s Sys=0.00s Real=0.06s
[6.655s][info][gc,start       ] GC(34) Pause Young (Allocation Failure)
[6.719s][info][gc,heap        ] GC(34) PSYoungGen: 207876K(208384K)->51829K(246784K) Eden: 145408K(145408K)->0K(142336K) From: 62468K(62976K)->51829K(104448K)
[6.719s][info][gc,heap        ] GC(34) ParOldGen: 54485K(699392K)->115807K(699392K)
[6.719s][info][gc,metaspace   ] GC(34) Metaspace: 15906K(16128K)->15906K(16128K) NonClass: 13711K(13824K)->13711K(13824K) Class: 2194K(2304K)->2194K(2304K)
[6.719s][info][gc             ] GC(34) Pause Young (Allocation Failure) 256M->163M(924M) 63.910ms
[6.719s][info][gc,cpu         ] GC(34) User=0.36s Sys=0.00s Real=0.07s
[6.870s][info][gc,start       ] GC(35) Pause Young (Allocation Failure)
[6.925s][info][gc,heap        ] GC(35) PSYoungGen: 194165K(246784K)->31041K(244736K) Eden: 142336K(142336K)->0K(142336K) From: 51829K(104448K)->31041K(102400K)
[6.925s][info][gc,heap        ] GC(35) ParOldGen: 115807K(699392K)->167017K(699392K)
[6.925s][info][gc,metaspace   ] GC(35) Metaspace: 15907K(16128K)->15907K(16128K) NonClass: 13713K(13824K)->13713K(13824K) Class: 2194K(2304K)->2194K(2304K)
[6.925s][info][gc             ] GC(35) Pause Young (Allocation Failure) 302M->193M(922M) 54.943ms
[6.925s][info][gc,cpu         ] GC(35) User=0.28s Sys=0.00s Real=0.06s
[6.992s][info][gc,start       ] GC(36) Pause Young (Allocation Failure)
[7.009s][info][gc,heap        ] GC(36) PSYoungGen: 173377K(244736K)->18592K(253440K) Eden: 142336K(142336K)->0K(155648K) From: 31041K(102400K)->18592K(97792K)
[7.009s][info][gc,heap        ] GC(36) ParOldGen: 167017K(699392K)->194932K(699392K)
[7.009s][info][gc,metaspace   ] GC(36) Metaspace: 15907K(16128K)->15907K(16128K) NonClass: 13713K(13824K)->13713K(13824K) Class: 2194K(2304K)->2194K(2304K)
[7.009s][info][gc             ] GC(36) Pause Young (Allocation Failure) 332M->208M(930M) 17.625ms
[7.009s][info][gc,cpu         ] GC(36) User=0.09s Sys=0.00s Real=0.02s
[7.087s][info][gc,start       ] GC(37) Pause Young (Allocation Failure)
[7.092s][info][gc,heap        ] GC(37) PSYoungGen: 174240K(253440K)->37056K(251392K) Eden: 155648K(155648K)->0K(155648K) From: 18592K(97792K)->37056K(95744K)
[7.092s][info][gc,heap        ] GC(37) ParOldGen: 194932K(699392K)->194932K(699392K)
[7.092s][info][gc,metaspace   ] GC(37) Metaspace: 15907K(16128K)->15907K(16128K) NonClass: 13713K(13824K)->13713K(13824K) Class: 2194K(2304K)->2194K(2304K)
[7.092s][info][gc             ] GC(37) Pause Young (Allocation Failure) 360M->226M(928M) 5.098ms
[7.092s][info][gc,cpu         ] GC(37) User=0.09s Sys=0.00s Real=0.00s
[7.158s][info][gc,start       ] GC(38) Pause Young (System.gc())
[7.158s][info][gc,heap        ] GC(38) PSYoungGen: 110270K(251392K)->160K(256512K) Eden: 73213K(155648K)->0K(165888K) From: 37056K(95744K)->160K(90624K)
[7.158s][info][gc,heap        ] GC(38) ParOldGen: 194932K(699392K)->194932K(699392K)
[7.158s][info][gc,metaspace   ] GC(38) Metaspace: 15931K(16192K)->15931K(16192K) NonClass: 13737K(13888K)->13737K(13888K) Class: 2194K(2304K)->2194K(2304K)
[7.158s][info][gc             ] GC(38) Pause Young (System.gc()) 298M->190M(933M) 0.530ms
[7.158s][info][gc,cpu         ] GC(38) User=0.00s Sys=0.00s Real=0.00s
[7.158s][info][gc,start       ] GC(39) Pause Full (System.gc())
[7.158s][info][gc,phases,start] GC(39) Marking Phase
[7.162s][info][gc,phases      ] GC(39) Marking Phase 4.081ms
[7.162s][info][gc,phases,start] GC(39) Summary Phase
[7.162s][info][gc,phases      ] GC(39) Summary Phase 0.010ms
[7.162s][info][gc,phases,start] GC(39) Adjust Roots
[7.165s][info][gc,phases      ] GC(39) Adjust Roots 2.240ms
[7.165s][info][gc,phases,start] GC(39) Compaction Phase
[7.166s][info][gc,phases      ] GC(39) Compaction Phase 1.391ms
[7.166s][info][gc,phases,start] GC(39) Post Compact
[7.167s][info][gc,phases      ] GC(39) Post Compact 0.701ms
[7.167s][info][gc,heap        ] GC(39) PSYoungGen: 160K(256512K)->0K(256512K) Eden: 0K(165888K)->0K(165888K) From: 160K(90624K)->0K(90624K)
[7.167s][info][gc,heap        ] GC(39) ParOldGen: 194932K(699392K)->5650K(699392K)
[7.167s][info][gc,metaspace   ] GC(39) Metaspace: 15931K(16192K)->15931K(16192K) NonClass: 13737K(13888K)->13737K(13888K) Class: 2194K(2304K)->2194K(2304K)
[7.167s][info][gc             ] GC(39) Pause Full (System.gc()) 190M->5M(933M) 8.656ms
[7.167s][info][gc,cpu         ] GC(39) User=0.00s Sys=0.00s Real=0.01s
[7.304s][info][gc,start       ] GC(40) Pause Young (Allocation Failure)
[7.340s][info][gc,heap        ] GC(40) PSYoungGen: 165888K(256512K)->64988K(230912K) Eden: 165888K(165888K)->0K(165888K) From: 0K(90624K)->64988K(65024K)
[7.340s][info][gc,heap        ] GC(40) ParOldGen: 5650K(699392K)->5658K(699392K)
[7.340s][info][gc,metaspace   ] GC(40) Metaspace: 15952K(16192K)->15952K(16192K) NonClass: 13758K(13888K)->13758K(13888K) Class: 2194K(2304K)->2194K(2304K)
[7.340s][info][gc             ] GC(40) Pause Young (Allocation Failure) 167M->68M(908M) 36.392ms
[7.340s][info][gc,cpu         ] GC(40) User=0.28s Sys=0.00s Real=0.04s
[7.485s][info][gc,start       ] GC(41) Pause Young (Allocation Failure)
[7.554s][info][gc,heap        ] GC(41) PSYoungGen: 230876K(230912K)->69554K(239616K) Eden: 165888K(165888K)->0K(142336K) From: 64988K(65024K)->69554K(97280K)
[7.554s][info][gc,heap        ] GC(41) ParOldGen: 5658K(699392K)->61982K(699392K)
[7.554s][info][gc,metaspace   ] GC(41) Metaspace: 15952K(16192K)->15952K(16192K) NonClass: 13758K(13888K)->13758K(13888K) Class: 2194K(2304K)->2194K(2304K)
[7.554s][info][gc             ] GC(41) Pause Young (Allocation Failure) 230M->128M(917M) 69.209ms
[7.554s][info][gc,cpu         ] GC(41) User=0.36s Sys=0.00s Real=0.07s
[7.677s][info][gc,start       ] GC(42) Pause Young (Allocation Failure)
[7.749s][info][gc,heap        ] GC(42) PSYoungGen: 210673K(239616K)->56150K(245760K) Eden: 141118K(142336K)->0K(142336K) From: 69554K(97280K)->56150K(103424K)
[7.749s][info][gc,heap        ] GC(42) ParOldGen: 61982K(699392K)->128822K(699392K)
[7.749s][info][gc,metaspace   ] GC(42) Metaspace: 15952K(16192K)->15952K(16192K) NonClass: 13758K(13888K)->13758K(13888K) Class: 2194K(2304K)->2194K(2304K)
[7.749s][info][gc             ] GC(42) Pause Young (Allocation Failure) 266M->180M(923M) 72.331ms
[7.749s][info][gc,cpu         ] GC(42) User=0.41s Sys=0.00s Real=0.08s
[7.895s][info][gc,start       ] GC(43) Pause Young (Allocation Failure)
[7.931s][info][gc,heap        ] GC(43) PSYoungGen: 198486K(245760K)->25662K(249856K) Eden: 142336K(142336K)->0K(146944K) From: 56150K(103424K)->25662K(102912K)
[7.931s][info][gc,heap        ] GC(43) ParOldGen: 128822K(699392K)->174916K(699392K)
[7.931s][info][gc,metaspace   ] GC(43) Metaspace: 15953K(16192K)->15953K(16192K) NonClass: 13759K(13888K)->13759K(13888K) Class: 2194K(2304K)->2194K(2304K)
[7.931s][info][gc             ] GC(43) Pause Young (Allocation Failure) 319M->195M(927M) 35.868ms
[7.931s][info][gc,cpu         ] GC(43) User=0.19s Sys=0.00s Real=0.04s
[8.012s][info][gc,start       ] GC(44) Pause Young (Allocation Failure)
[8.023s][info][gc,heap        ] GC(44) PSYoungGen: 171433K(249856K)->18656K(246272K) Eden: 145770K(146944K)->0K(146944K) From: 25662K(102912K)->18656K(99328K)
[8.023s][info][gc,heap        ] GC(44) ParOldGen: 174916K(699392K)->192803K(699392K)
[8.023s][info][gc,metaspace   ] GC(44) Metaspace: 15953K(16192K)->15953K(16192K) NonClass: 13759K(13888K)->13759K(13888K) Class: 2194K(2304K)->2194K(2304K)
[8.023s][info][gc             ] GC(44) Pause Young (Allocation Failure) 338M->206M(923M) 11.488ms
[8.023s][info][gc,cpu         ] GC(44) User=0.00s Sys=0.00s Real=0.01s
[8.106s][info][gc,start       ] GC(45) Pause Young (Allocation Failure)
[8.111s][info][gc,heap        ] GC(45) PSYoungGen: 165600K(246272K)->37056K(257536K) Eden: 146944K(146944K)->0K(160256K) From: 18656K(99328K)->37056K(97280K)
[8.111s][info][gc,heap        ] GC(45) ParOldGen: 192803K(699392K)->192803K(699392K)
[8.111s][info][gc,metaspace   ] GC(45) Metaspace: 15953K(16192K)->15953K(16192K) NonClass: 13759K(13888K)->13759K(13888K) Class: 2194K(2304K)->2194K(2304K)
[8.111s][info][gc             ] GC(45) Pause Young (Allocation Failure) 350M->224M(934M) 5.063ms
[8.111s][info][gc,cpu         ] GC(45) User=0.00s Sys=0.00s Real=0.00s
[8.155s][info][gc,start       ] GC(46) Pause Young (System.gc())
[8.156s][info][gc,heap        ] GC(46) PSYoungGen: 76043K(257536K)->128K(251904K) Eden: 38987K(160256K)->0K(160256K) From: 37056K(97280K)->128K(91648K)
[8.156s][info][gc,heap        ] GC(46) ParOldGen: 192803K(699392K)->192803K(699392K)
[8.156s][info][gc,metaspace   ] GC(46) Metaspace: 15968K(16192K)->15968K(16192K) NonClass: 13774K(13888K)->13774K(13888K) Class: 2194K(2304K)->2194K(2304K)
[8.156s][info][gc             ] GC(46) Pause Young (System.gc()) 262M->188M(929M) 0.609ms
[8.156s][info][gc,cpu         ] GC(46) User=0.00s Sys=0.00s Real=0.00s
[8.156s][info][gc,start       ] GC(47) Pause Full (System.gc())
[8.156s][info][gc,phases,start] GC(47) Marking Phase
[8.160s][info][gc,phases      ] GC(47) Marking Phase 4.136ms
[8.160s][info][gc,phases,start] GC(47) Summary Phase
[8.160s][info][gc,phases      ] GC(47) Summary Phase 0.010ms
[8.160s][info][gc,phases,start] GC(47) Adjust Roots
[8.162s][info][gc,phases      ] GC(47) Adjust Roots 1.637ms
[8.162s][info][gc,phases,start] GC(47) Compaction Phase
[8.163s][info][gc,phases      ] GC(47) Compaction Phase 1.247ms
[8.163s][info][gc,phases,start] GC(47) Post Compact
[8.164s][info][gc,phases      ] GC(47) Post Compact 0.748ms
[8.164s][info][gc,heap        ] GC(47) PSYoungGen: 128K(251904K)->0K(251904K) Eden: 0K(160256K)->0K(160256K) From: 128K(91648K)->0K(91648K)
[8.164s][info][gc,heap        ] GC(47) ParOldGen: 192803K(699392K)->5650K(699392K)
[8.164s][info][gc,metaspace   ] GC(47) Metaspace: 15968K(16192K)->15968K(16192K) NonClass: 13774K(13888K)->13774K(13888K) Class: 2194K(2304K)->2194K(2304K)
[8.164s][info][gc             ] GC(47) Pause Full (System.gc()) 188M->5M(929M) 8.018ms
[8.164s][info][gc,cpu         ] GC(47) User=0.00s Sys=0.00s Real=0.01s
[8.300s][info][gc,start       ] GC(48) Pause Young (Allocation Failure)
[8.335s][info][gc,heap        ] GC(48) PSYoungGen: 160256K(251904K)->62970K(246272K) Eden: 160256K(160256K)->0K(153600K) From: 0K(91648K)->62970K(92672K)
[8.335s][info][gc,heap        ] GC(48) ParOldGen: 5650K(699392K)->5650K(699392K)
[8.335s][info][gc,metaspace   ] GC(48) Metaspace: 15968K(16192K)->15968K(16192K) NonClass: 13774K(13888K)->13774K(13888K) Class: 2194K(2304K)->2194K(2304K)
[8.335s][info][gc             ] GC(48) Pause Young (Allocation Failure) 162M->67M(923M) 34.360ms
[8.335s][info][gc,cpu         ] GC(48) User=0.19s Sys=0.00s Real=0.04s
[8.469s][info][gc,start       ] GC(49) Pause Young (Allocation Failure)
[8.534s][info][gc,heap        ] GC(49) PSYoungGen: 216570K(246272K)->65300K(219136K) Eden: 153600K(153600K)->0K(153600K) From: 62970K(92672K)->65300K(65536K)
[8.534s][info][gc,heap        ] GC(49) ParOldGen: 5650K(699392K)->60045K(699392K)
[8.534s][info][gc,metaspace   ] GC(49) Metaspace: 15968K(16192K)->15968K(16192K) NonClass: 13774K(13888K)->13774K(13888K) Class: 2194K(2304K)->2194K(2304K)
[8.534s][info][gc             ] GC(49) Pause Young (Allocation Failure) 217M->122M(897M) 65.252ms
[8.534s][info][gc,cpu         ] GC(49) User=0.38s Sys=0.00s Real=0.08s
[8.673s][info][gc,start       ] GC(50) Pause Young (Allocation Failure)
[8.748s][info][gc,heap        ] GC(50) PSYoungGen: 216795K(219136K)->53284K(248320K) Eden: 151495K(153600K)->0K(146432K) From: 65300K(65536K)->53284K(101888K)
[8.748s][info][gc,heap        ] GC(50) ParOldGen: 60045K(699392K)->128775K(699392K)
[8.748s][info][gc,metaspace   ] GC(50) Metaspace: 15968K(16192K)->15968K(16192K) NonClass: 13774K(13888K)->13774K(13888K) Class: 2194K(2304K)->2194K(2304K)
[8.748s][info][gc             ] GC(50) Pause Young (Allocation Failure) 270M->177M(925M) 74.870ms
[8.748s][info][gc,cpu         ] GC(50) User=0.41s Sys=0.00s Real=0.09s
[8.872s][info][gc,start       ] GC(51) Pause Young (Allocation Failure)
[8.920s][info][gc,heap        ] GC(51) PSYoungGen: 199716K(248320K)->25430K(247296K) Eden: 146432K(146432K)->0K(146432K) From: 53284K(101888K)->25430K(100864K)
[8.920s][info][gc,heap        ] GC(51) ParOldGen: 128775K(699392K)->181897K(699392K)
[8.920s][info][gc,metaspace   ] GC(51) Metaspace: 15969K(16192K)->15969K(16192K) NonClass: 13775K(13888K)->13775K(13888K) Class: 2194K(2304K)->2194K(2304K)
[8.920s][info][gc             ] GC(51) Pause Young (Allocation Failure) 320M->202M(924M) 47.935ms
[8.920s][info][gc,cpu         ] GC(51) User=0.28s Sys=0.00s Real=0.05s
[8.994s][info][gc,start       ] GC(52) Pause Young (Allocation Failure)
[9.006s][info][gc,heap        ] GC(52) PSYoungGen: 171862K(247296K)->18592K(253952K) Eden: 146432K(146432K)->0K(156672K) From: 25430K(100864K)->18592K(97280K)
[9.006s][info][gc,heap        ] GC(52) ParOldGen: 181897K(699392K)->199568K(699392K)
[9.006s][info][gc,metaspace   ] GC(52) Metaspace: 15969K(16192K)->15969K(16192K) NonClass: 13775K(13888K)->13775K(13888K) Class: 2194K(2304K)->2194K(2304K)
[9.006s][info][gc             ] GC(52) Pause Young (Allocation Failure) 345M->213M(931M) 11.151ms
[9.006s][info][gc,cpu         ] GC(52) User=0.09s Sys=0.00s Real=0.01s
[9.084s][info][gc,start       ] GC(53) Pause Young (Allocation Failure)
[9.090s][info][gc,heap        ] GC(53) PSYoungGen: 175264K(253952K)->37056K(251904K) Eden: 156672K(156672K)->0K(156672K) From: 18592K(97280K)->37056K(95232K)
[9.090s][info][gc,heap        ] GC(53) ParOldGen: 199568K(699392K)->199568K(699392K)
[9.090s][info][gc,metaspace   ] GC(53) Metaspace: 15969K(16192K)->15969K(16192K) NonClass: 13775K(13888K)->13775K(13888K) Class: 2194K(2304K)->2194K(2304K)
[9.090s][info][gc             ] GC(53) Pause Young (Allocation Failure) 366M->231M(929M) 5.419ms
[9.090s][info][gc,cpu         ] GC(53) User=0.09s Sys=0.00s Real=0.01s
[9.122s][info][gc,start       ] GC(54) Pause Young (System.gc())
[9.122s][info][gc,heap        ] GC(54) PSYoungGen: 72258K(251904K)->192K(257536K) Eden: 35202K(156672K)->0K(167936K) From: 37056K(95232K)->192K(89600K)
[9.122s][info][gc,heap        ] GC(54) ParOldGen: 199568K(699392K)->199568K(699392K)
[9.122s][info][gc,metaspace   ] GC(54) Metaspace: 15980K(16192K)->15980K(16192K) NonClass: 13786K(13888K)->13786K(13888K) Class: 2194K(2304K)->2194K(2304K)
[9.122s][info][gc             ] GC(54) Pause Young (System.gc()) 265M->195M(934M) 0.619ms
[9.122s][info][gc,cpu         ] GC(54) User=0.00s Sys=0.00s Real=0.00s
[9.122s][info][gc,start       ] GC(55) Pause Full (System.gc())
[9.122s][info][gc,phases,start] GC(55) Marking Phase
[9.127s][info][gc,phases      ] GC(55) Marking Phase 4.284ms
[9.127s][info][gc,phases,start] GC(55) Summary Phase
[9.127s][info][gc,phases      ] GC(55) Summary Phase 0.010ms
[9.127s][info][gc,phases,start] GC(55) Adjust Roots
[9.128s][info][gc,phases      ] GC(55) Adjust Roots 1.676ms
[9.128s][info][gc,phases,start] GC(55) Compaction Phase
[9.130s][info][gc,phases      ] GC(55) Compaction Phase 1.381ms
[9.130s][info][gc,phases,start] GC(55) Post Compact
[9.131s][info][gc,phases      ] GC(55) Post Compact 0.738ms
[9.131s][info][gc,heap        ] GC(55) PSYoungGen: 192K(257536K)->0K(257536K) Eden: 0K(167936K)->0K(167936K) From: 192K(89600K)->0K(89600K)
[9.131s][info][gc,heap        ] GC(55) ParOldGen: 199568K(699392K)->5651K(699392K)
[9.131s][info][gc,metaspace   ] GC(55) Metaspace: 15980K(16192K)->15980K(16192K) NonClass: 13786K(13888K)->13786K(13888K) Class: 2194K(2304K)->2194K(2304K)
[9.131s][info][gc             ] GC(55) Pause Full (System.gc()) 195M->5M(934M) 8.452ms
[9.131s][info][gc,cpu         ] GC(55) User=0.00s Sys=0.00s Real=0.01s
[9.271s][info][gc,start       ] GC(56) Pause Young (Allocation Failure)
[9.308s][info][gc,heap        ] GC(56) PSYoungGen: 167936K(257536K)->65738K(233984K) Eden: 167936K(167936K)->0K(167936K) From: 0K(89600K)->65738K(66048K)
[9.308s][info][gc,heap        ] GC(56) ParOldGen: 5651K(699392K)->5651K(699392K)
[9.308s][info][gc,metaspace   ] GC(56) Metaspace: 15981K(16256K)->15981K(16256K) NonClass: 13787K(13952K)->13787K(13952K) Class: 2194K(2304K)->2194K(2304K)
[9.308s][info][gc             ] GC(56) Pause Young (Allocation Failure) 169M->69M(911M) 37.765ms
[9.308s][info][gc,cpu         ] GC(56) User=0.28s Sys=0.00s Real=0.05s
[9.458s][info][gc,start       ] GC(57) Pause Young (Allocation Failure)
[9.530s][info][gc,heap        ] GC(57) PSYoungGen: 233674K(233984K)->70226K(239104K) Eden: 167936K(167936K)->0K(142336K) From: 65738K(66048K)->70226K(96768K)
[9.530s][info][gc,heap        ] GC(57) ParOldGen: 5651K(699392K)->62739K(699392K)
[9.530s][info][gc,metaspace   ] GC(57) Metaspace: 15981K(16256K)->15981K(16256K) NonClass: 13787K(13952K)->13787K(13952K) Class: 2194K(2304K)->2194K(2304K)
[9.530s][info][gc             ] GC(57) Pause Young (Allocation Failure) 233M->129M(916M) 72.362ms
[9.530s][info][gc,cpu         ] GC(57) User=0.45s Sys=0.00s Real=0.08s
[9.650s][info][gc,start       ] GC(58) Pause Young (Allocation Failure)
[9.719s][info][gc,heap        ] GC(58) PSYoungGen: 207115K(239104K)->54838K(245760K) Eden: 136888K(142336K)->0K(142336K) From: 70226K(96768K)->54838K(103424K)
[9.719s][info][gc,heap        ] GC(58) ParOldGen: 62739K(699392K)->130257K(699392K)
[9.719s][info][gc,metaspace   ] GC(58) Metaspace: 15981K(16256K)->15981K(16256K) NonClass: 13787K(13952K)->13787K(13952K) Class: 2194K(2304K)->2194K(2304K)
[9.719s][info][gc             ] GC(58) Pause Young (Allocation Failure) 263M->180M(923M) 69.274ms
[9.719s][info][gc,cpu         ] GC(58) User=0.41s Sys=0.00s Real=0.08s
[9.859s][info][gc,start       ] GC(59) Pause Young (Allocation Failure)
[9.893s][info][gc,heap        ] GC(59) PSYoungGen: 197174K(245760K)->24629K(249856K) Eden: 142336K(142336K)->0K(147456K) From: 54838K(103424K)->24629K(102400K)
[9.893s][info][gc,heap        ] GC(59) ParOldGen: 130257K(699392K)->175057K(699392K)
[9.893s][info][gc,metaspace   ] GC(59) Metaspace: 15981K(16256K)->15981K(16256K) NonClass: 13787K(13952K)->13787K(13952K) Class: 2194K(2304K)->2194K(2304K)
[9.893s][info][gc             ] GC(59) Pause Young (Allocation Failure) 319M->195M(927M) 34.726ms
[9.893s][info][gc,cpu         ] GC(59) User=0.19s Sys=0.00s Real=0.04s
[9.973s][info][gc,start       ] GC(60) Pause Young (Allocation Failure)
[9.985s][info][gc,heap        ] GC(60) PSYoungGen: 170430K(249856K)->18624K(246784K) Eden: 145801K(147456K)->0K(147456K) From: 24629K(102400K)->18624K(99328K)
[9.985s][info][gc,heap        ] GC(60) ParOldGen: 175057K(699392K)->192709K(699392K)
[9.985s][info][gc,metaspace   ] GC(60) Metaspace: 15981K(16256K)->15981K(16256K) NonClass: 13787K(13952K)->13787K(13952K) Class: 2194K(2304K)->2194K(2304K)
[9.985s][info][gc             ] GC(60) Pause Young (Allocation Failure) 337M->206M(924M) 11.436ms
[9.985s][info][gc,cpu         ] GC(60) User=0.08s Sys=0.00s Real=0.01s
[10.061s][info][gc,start       ] GC(61) Pause Young (Allocation Failure)
[10.066s][info][gc,heap        ] GC(61) PSYoungGen: 166080K(246784K)->37056K(258048K) Eden: 147456K(147456K)->0K(160768K) From: 18624K(99328K)->37056K(97280K)
[10.067s][info][gc,heap        ] GC(61) ParOldGen: 192709K(699392K)->192709K(699392K)
[10.067s][info][gc,metaspace   ] GC(61) Metaspace: 15981K(16256K)->15981K(16256K) NonClass: 13787K(13952K)->13787K(13952K) Class: 2194K(2304K)->2194K(2304K)
[10.067s][info][gc             ] GC(61) Pause Young (Allocation Failure) 350M->224M(935M) 5.780ms
[10.067s][info][gc,cpu         ] GC(61) User=0.00s Sys=0.00s Real=0.01s
[10.111s][info][gc,start       ] GC(62) Pause Young (System.gc())
[10.112s][info][gc,heap        ] GC(62) PSYoungGen: 76803K(258048K)->96K(251904K) Eden: 39747K(160768K)->0K(160768K) From: 37056K(97280K)->96K(91136K)
[10.112s][info][gc,heap        ] GC(62) ParOldGen: 192709K(699392K)->192709K(699392K)
[10.112s][info][gc,metaspace   ] GC(62) Metaspace: 15987K(16256K)->15987K(16256K) NonClass: 13793K(13952K)->13793K(13952K) Class: 2194K(2304K)->2194K(2304K)
[10.112s][info][gc             ] GC(62) Pause Young (System.gc()) 263M->188M(929M) 0.568ms
[10.112s][info][gc,cpu         ] GC(62) User=0.00s Sys=0.00s Real=0.00s
[10.112s][info][gc,start       ] GC(63) Pause Full (System.gc())
[10.112s][info][gc,phases,start] GC(63) Marking Phase
[10.116s][info][gc,phases      ] GC(63) Marking Phase 4.117ms
[10.116s][info][gc,phases,start] GC(63) Summary Phase
[10.116s][info][gc,phases      ] GC(63) Summary Phase 0.011ms
[10.116s][info][gc,phases,start] GC(63) Adjust Roots
[10.119s][info][gc,phases      ] GC(63) Adjust Roots 2.669ms
[10.119s][info][gc,phases,start] GC(63) Compaction Phase
[10.120s][info][gc,phases      ] GC(63) Compaction Phase 1.257ms
[10.120s][info][gc,phases,start] GC(63) Post Compact
[10.121s][info][gc,phases      ] GC(63) Post Compact 0.690ms
[10.121s][info][gc,heap        ] GC(63) PSYoungGen: 96K(251904K)->0K(251904K) Eden: 0K(160768K)->0K(160768K) From: 96K(91136K)->0K(91136K)
[10.121s][info][gc,heap        ] GC(63) ParOldGen: 192709K(699392K)->5651K(699392K)
[10.121s][info][gc,metaspace   ] GC(63) Metaspace: 15987K(16256K)->15987K(16256K) NonClass: 13793K(13952K)->13793K(13952K) Class: 2194K(2304K)->2194K(2304K)
[10.121s][info][gc             ] GC(63) Pause Full (System.gc()) 188M->5M(929M) 8.994ms
[10.121s][info][gc,cpu         ] GC(63) User=0.03s Sys=0.00s Real=0.01s
[10.253s][info][gc,start       ] GC(64) Pause Young (Allocation Failure)
[10.289s][info][gc,heap        ] GC(64) PSYoungGen: 160768K(251904K)->63175K(246784K) Eden: 160768K(160768K)->0K(154624K) From: 0K(91136K)->63175K(92160K)
[10.289s][info][gc,heap        ] GC(64) ParOldGen: 5651K(699392K)->5651K(699392K)
[10.289s][info][gc,metaspace   ] GC(64) Metaspace: 15987K(16256K)->15987K(16256K) NonClass: 13793K(13952K)->13793K(13952K) Class: 2194K(2304K)->2194K(2304K)
[10.289s][info][gc             ] GC(64) Pause Young (Allocation Failure) 162M->67M(924M) 35.295ms
[10.289s][info][gc,cpu         ] GC(64) User=0.19s Sys=0.00s Real=0.03s
[10.424s][info][gc,start       ] GC(65) Pause Young (Allocation Failure)
[10.492s][info][gc,heap        ] GC(65) PSYoungGen: 217799K(246784K)->65639K(220672K) Eden: 154624K(154624K)->0K(154624K) From: 63175K(92160K)->65639K(66048K)
[10.492s][info][gc,heap        ] GC(65) ParOldGen: 5651K(699392K)->60251K(699392K)
[10.492s][info][gc,metaspace   ] GC(65) Metaspace: 15987K(16256K)->15987K(16256K) NonClass: 13793K(13952K)->13793K(13952K) Class: 2194K(2304K)->2194K(2304K)
[10.492s][info][gc             ] GC(65) Pause Young (Allocation Failure) 218M->122M(898M) 67.966ms
[10.492s][info][gc,cpu         ] GC(65) User=0.38s Sys=0.00s Real=0.07s
[10.629s][info][gc,start       ] GC(66) Pause Young (Allocation Failure)
[10.699s][info][gc,heap        ] GC(66) PSYoungGen: 213518K(220672K)->52553K(248832K) Eden: 147878K(154624K)->0K(146944K) From: 65639K(66048K)->52553K(101888K)
[10.699s][info][gc,heap        ] GC(66) ParOldGen: 60251K(699392K)->129288K(699392K)
[10.699s][info][gc,metaspace   ] GC(66) Metaspace: 15987K(16256K)->15987K(16256K) NonClass: 13793K(13952K)->13793K(13952K) Class: 2194K(2304K)->2194K(2304K)
[10.699s][info][gc             ] GC(66) Pause Young (Allocation Failure) 267M->177M(926M) 70.292ms
[10.699s][info][gc,cpu         ] GC(66) User=0.45s Sys=0.00s Real=0.08s
[10.828s][info][gc,start       ] GC(67) Pause Young (Allocation Failure)
[10.879s][info][gc,heap        ] GC(67) PSYoungGen: 199497K(248832K)->25671K(247296K) Eden: 146944K(146944K)->0K(146944K) From: 52553K(101888K)->25671K(100352K)
[10.879s][info][gc,heap        ] GC(67) ParOldGen: 129288K(699392K)->181742K(699392K)
[10.879s][info][gc,metaspace   ] GC(67) Metaspace: 15989K(16256K)->15989K(16256K) NonClass: 13795K(13952K)->13795K(13952K) Class: 2194K(2304K)->2194K(2304K)
[10.879s][info][gc             ] GC(67) Pause Young (Allocation Failure) 321M->202M(924M) 51.105ms
[10.879s][info][gc,cpu         ] GC(67) User=0.28s Sys=0.00s Real=0.05s
[10.957s][info][gc,start       ] GC(68) Pause Young (Allocation Failure)
[10.968s][info][gc,heap        ] GC(68) PSYoungGen: 172615K(247296K)->18592K(253952K) Eden: 146944K(146944K)->0K(156672K) From: 25671K(100352K)->18592K(97280K)
[10.968s][info][gc,heap        ] GC(68) ParOldGen: 181742K(699392K)->199624K(699392K)
[10.968s][info][gc,metaspace   ] GC(68) Metaspace: 15989K(16256K)->15989K(16256K) NonClass: 13795K(13952K)->13795K(13952K) Class: 2194K(2304K)->2194K(2304K)
[10.968s][info][gc             ] GC(68) Pause Young (Allocation Failure) 346M->213M(931M) 11.609ms
[10.969s][info][gc,cpu         ] GC(68) User=0.09s Sys=0.00s Real=0.01s
[11.049s][info][gc,start       ] GC(69) Pause Young (Allocation Failure)
[11.055s][info][gc,heap        ] GC(69) PSYoungGen: 175264K(253952K)->37056K(251904K) Eden: 156672K(156672K)->0K(156672K) From: 18592K(97280K)->37056K(95232K)
[11.055s][info][gc,heap        ] GC(69) ParOldGen: 199624K(699392K)->199624K(699392K)
[11.055s][info][gc,metaspace   ] GC(69) Metaspace: 15989K(16256K)->15989K(16256K) NonClass: 13795K(13952K)->13795K(13952K) Class: 2194K(2304K)->2194K(2304K)
[11.055s][info][gc             ] GC(69) Pause Young (Allocation Failure) 366M->231M(929M) 5.643ms
[11.055s][info][gc,cpu         ] GC(69) User=0.00s Sys=0.00s Real=0.01s
[11.099s][info][gc,start       ] GC(70) Pause Young (System.gc())
[11.099s][info][gc,heap        ] GC(70) PSYoungGen: 70528K(251904K)->128K(257536K) Eden: 33472K(156672K)->0K(167936K) From: 37056K(95232K)->128K(89600K)
[11.099s][info][gc,heap        ] GC(70) ParOldGen: 199624K(699392K)->199624K(699392K)
[11.099s][info][gc,metaspace   ] GC(70) Metaspace: 15989K(16256K)->15989K(16256K) NonClass: 13795K(13952K)->13795K(13952K) Class: 2194K(2304K)->2194K(2304K)
[11.099s][info][gc             ] GC(70) Pause Young (System.gc()) 263M->195M(934M) 0.498ms
[11.099s][info][gc,cpu         ] GC(70) User=0.00s Sys=0.00s Real=0.00s
[11.100s][info][gc,start       ] GC(71) Pause Full (System.gc())
[11.100s][info][gc,phases,start] GC(71) Marking Phase
[11.104s][info][gc,phases      ] GC(71) Marking Phase 4.127ms
[11.104s][info][gc,phases,start] GC(71) Summary Phase
[11.104s][info][gc,phases      ] GC(71) Summary Phase 0.010ms
[11.104s][info][gc,phases,start] GC(71) Adjust Roots
[11.106s][info][gc,phases      ] GC(71) Adjust Roots 2.656ms
[11.106s][info][gc,phases,start] GC(71) Compaction Phase
[11.109s][info][gc,phases      ] GC(71) Compaction Phase 2.286ms
[11.109s][info][gc,phases,start] GC(71) Post Compact
[11.110s][info][gc,phases      ] GC(71) Post Compact 0.729ms
[11.110s][info][gc,heap        ] GC(71) PSYoungGen: 128K(257536K)->0K(257536K) Eden: 0K(167936K)->0K(167936K) From: 128K(89600K)->0K(89600K)
[11.110s][info][gc,heap        ] GC(71) ParOldGen: 199624K(699392K)->5652K(699392K)
[11.110s][info][gc,metaspace   ] GC(71) Metaspace: 15989K(16256K)->15989K(16256K) NonClass: 13795K(13952K)->13795K(13952K) Class: 2194K(2304K)->2194K(2304K)
[11.110s][info][gc             ] GC(71) Pause Full (System.gc()) 195M->5M(934M) 10.096ms
[11.110s][info][gc,cpu         ] GC(71) User=0.02s Sys=0.00s Real=0.02s
[11.250s][info][gc,start       ] GC(72) Pause Young (Allocation Failure)
[11.287s][info][gc,heap        ] GC(72) PSYoungGen: 167936K(257536K)->65738K(233984K) Eden: 167936K(167936K)->0K(167936K) From: 0K(89600K)->65738K(66048K)
[11.287s][info][gc,heap        ] GC(72) ParOldGen: 5652K(699392K)->5652K(699392K)
[11.287s][info][gc,metaspace   ] GC(72) Metaspace: 15989K(16256K)->15989K(16256K) NonClass: 13795K(13952K)->13795K(13952K) Class: 2194K(2304K)->2194K(2304K)
[11.287s][info][gc             ] GC(72) Pause Young (Allocation Failure) 169M->69M(911M) 37.217ms
[11.288s][info][gc,cpu         ] GC(72) User=0.19s Sys=0.00s Real=0.04s
[11.435s][info][gc,start       ] GC(73) Pause Young (Allocation Failure)
[11.507s][info][gc,heap        ] GC(73) PSYoungGen: 233674K(233984K)->70297K(240128K) Eden: 167936K(167936K)->0K(143360K) From: 65738K(66048K)->70297K(96768K)
[11.507s][info][gc,heap        ] GC(73) ParOldGen: 5652K(699392K)->62747K(699392K)
[11.507s][info][gc,metaspace   ] GC(73) Metaspace: 15989K(16256K)->15989K(16256K) NonClass: 13795K(13952K)->13795K(13952K) Class: 2194K(2304K)->2194K(2304K)
[11.507s][info][gc             ] GC(73) Pause Young (Allocation Failure) 233M->129M(917M) 72.518ms
[11.507s][info][gc,cpu         ] GC(73) User=0.36s Sys=0.02s Real=0.08s
[11.628s][info][gc,start       ] GC(74) Pause Young (Allocation Failure)
[11.704s][info][gc,heap        ] GC(74) PSYoungGen: 208165K(240128K)->54806K(246272K) Eden: 137868K(143360K)->0K(143360K) From: 70297K(96768K)->54806K(102912K)
[11.704s][info][gc,heap        ] GC(74) ParOldGen: 62747K(699392K)->130282K(699392K)
[11.704s][info][gc,metaspace   ] GC(74) Metaspace: 15989K(16256K)->15989K(16256K) NonClass: 13795K(13952K)->13795K(13952K) Class: 2194K(2304K)->2194K(2304K)
[11.704s][info][gc             ] GC(74) Pause Young (Allocation Failure) 264M->180M(923M) 76.339ms
[11.704s][info][gc,cpu         ] GC(74) User=0.36s Sys=0.00s Real=0.08s
[11.837s][info][gc,start       ] GC(75) Pause Young (Allocation Failure)
[11.875s][info][gc,heap        ] GC(75) PSYoungGen: 198166K(246272K)->25440K(250368K) Eden: 143360K(143360K)->0K(147968K) From: 54806K(102912K)->25440K(102400K)
[11.875s][info][gc,heap        ] GC(75) ParOldGen: 130282K(699392K)->175030K(699392K)
[11.875s][info][gc,metaspace   ] GC(75) Metaspace: 15990K(16256K)->15990K(16256K) NonClass: 13796K(13952K)->13796K(13952K) Class: 2194K(2304K)->2194K(2304K)
[11.875s][info][gc             ] GC(75) Pause Young (Allocation Failure) 320M->195M(927M) 37.690ms
[11.875s][info][gc,cpu         ] GC(75) User=0.27s Sys=0.02s Real=0.04s
[11.958s][info][gc,start       ] GC(76) Pause Young (Allocation Failure)
[11.972s][info][gc,heap        ] GC(76) PSYoungGen: 172271K(250368K)->20672K(246784K) Eden: 146830K(147968K)->0K(147968K) From: 25440K(102400K)->20672K(98816K)
[11.972s][info][gc,heap        ] GC(76) ParOldGen: 175030K(699392K)->192725K(699392K)
[11.972s][info][gc,metaspace   ] GC(76) Metaspace: 15990K(16256K)->15990K(16256K) NonClass: 13796K(13952K)->13796K(13952K) Class: 2194K(2304K)->2194K(2304K)
[11.972s][info][gc             ] GC(76) Pause Young (Allocation Failure) 339M->208M(924M) 14.247ms
[11.972s][info][gc,cpu         ] GC(76) User=0.09s Sys=0.00s Real=0.01s
[12.052s][info][gc,start       ] GC(77) Pause Young (Allocation Failure)
[12.057s][info][gc,heap        ] GC(77) PSYoungGen: 168640K(246784K)->35008K(258048K) Eden: 147968K(147968K)->0K(161792K) From: 20672K(98816K)->35008K(96256K)
[12.058s][info][gc,heap        ] GC(77) ParOldGen: 192725K(699392K)->194773K(699392K)
[12.058s][info][gc,metaspace   ] GC(77) Metaspace: 15990K(16256K)->15990K(16256K) NonClass: 13796K(13952K)->13796K(13952K) Class: 2194K(2304K)->2194K(2304K)
[12.058s][info][gc             ] GC(77) Pause Young (Allocation Failure) 352M->224M(935M) 5.363ms
[12.058s][info][gc,cpu         ] GC(77) User=0.03s Sys=0.00s Real=0.00s
[12.099s][info][gc,start       ] GC(78) Pause Young (System.gc())
[12.099s][info][gc,heap        ] GC(78) PSYoungGen: 73543K(258048K)->128K(252928K) Eden: 38535K(161792K)->0K(161792K) From: 35008K(96256K)->128K(91136K)
[12.099s][info][gc,heap        ] GC(78) ParOldGen: 194773K(699392K)->194773K(699392K)
[12.099s][info][gc,metaspace   ] GC(78) Metaspace: 16001K(16256K)->16001K(16256K) NonClass: 13806K(13952K)->13806K(13952K) Class: 2194K(2304K)->2194K(2304K)
[12.099s][info][gc             ] GC(78) Pause Young (System.gc()) 262M->190M(930M) 0.582ms
[12.099s][info][gc,cpu         ] GC(78) User=0.00s Sys=0.00s Real=0.00s
[12.099s][info][gc,start       ] GC(79) Pause Full (System.gc())
[12.099s][info][gc,phases,start] GC(79) Marking Phase
[12.104s][info][gc,phases      ] GC(79) Marking Phase 4.256ms
[12.104s][info][gc,phases,start] GC(79) Summary Phase
[12.104s][info][gc,phases      ] GC(79) Summary Phase 0.010ms
[12.104s][info][gc,phases,start] GC(79) Adjust Roots
[12.107s][info][gc,phases      ] GC(79) Adjust Roots 3.158ms
[12.107s][info][gc,phases,start] GC(79) Compaction Phase
[12.108s][info][gc,phases      ] GC(79) Compaction Phase 1.224ms
[12.108s][info][gc,phases,start] GC(79) Post Compact
[12.109s][info][gc,phases      ] GC(79) Post Compact 0.810ms
[12.109s][info][gc,heap        ] GC(79) PSYoungGen: 128K(252928K)->0K(252928K) Eden: 0K(161792K)->0K(161792K) From: 128K(91136K)->0K(91136K)
[12.109s][info][gc,heap        ] GC(79) ParOldGen: 194773K(699392K)->5652K(699392K)
[12.109s][info][gc,metaspace   ] GC(79) Metaspace: 16001K(16256K)->16001K(16256K) NonClass: 13806K(13952K)->13806K(13952K) Class: 2194K(2304K)->2194K(2304K)
[12.109s][info][gc             ] GC(79) Pause Full (System.gc()) 190M->5M(930M) 9.711ms
[12.109s][info][gc,cpu         ] GC(79) User=0.02s Sys=0.00s Real=0.02s
[12.244s][info][gc,start       ] GC(80) Pause Young (Allocation Failure)
[12.279s][info][gc,heap        ] GC(80) PSYoungGen: 161792K(252928K)->63514K(246784K) Eden: 161792K(161792K)->0K(154624K) From: 0K(91136K)->63514K(92160K)
[12.280s][info][gc,heap        ] GC(80) ParOldGen: 5652K(699392K)->5660K(699392K)
[12.280s][info][gc,metaspace   ] GC(80) Metaspace: 16026K(16256K)->16026K(16256K) NonClass: 13832K(13952K)->13832K(13952K) Class: 2194K(2304K)->2194K(2304K)
[12.280s][info][gc             ] GC(80) Pause Young (Allocation Failure) 163M->67M(924M) 35.629ms
[12.280s][info][gc,cpu         ] GC(80) User=0.28s Sys=0.00s Real=0.04s
[12.416s][info][gc,start       ] GC(81) Pause Young (Allocation Failure)
[12.483s][info][gc,heap        ] GC(81) PSYoungGen: 218138K(246784K)->65639K(220672K) Eden: 154624K(154624K)->0K(154624K) From: 63514K(92160K)->65639K(66048K)
[12.483s][info][gc,heap        ] GC(81) ParOldGen: 5660K(699392K)->60610K(699392K)
[12.483s][info][gc,metaspace   ] GC(81) Metaspace: 16026K(16256K)->16026K(16256K) NonClass: 13832K(13952K)->13832K(13952K) Class: 2194K(2304K)->2194K(2304K)
[12.483s][info][gc             ] GC(81) Pause Young (Allocation Failure) 218M->123M(898M) 67.550ms
[12.483s][info][gc,cpu         ] GC(81) User=0.47s Sys=0.00s Real=0.07s
[12.621s][info][gc,start       ] GC(82) Pause Young (Allocation Failure)
[12.691s][info][gc,heap        ] GC(82) PSYoungGen: 213516K(220672K)->52252K(248832K) Eden: 147876K(154624K)->0K(146944K) From: 65639K(66048K)->52252K(101888K)
[12.691s][info][gc,heap        ] GC(82) ParOldGen: 60610K(699392K)->129672K(699392K)
[12.691s][info][gc,metaspace   ] GC(82) Metaspace: 16026K(16256K)->16026K(16256K) NonClass: 13832K(13952K)->13832K(13952K) Class: 2194K(2304K)->2194K(2304K)
[12.691s][info][gc             ] GC(82) Pause Young (Allocation Failure) 267M->177M(926M) 70.636ms
[12.691s][info][gc,cpu         ] GC(82) User=0.36s Sys=0.02s Real=0.06s
[12.822s][info][gc,start       ] GC(83) Pause Young (Allocation Failure)
[12.868s][info][gc,heap        ] GC(83) PSYoungGen: 199196K(248832K)->25634K(247296K) Eden: 146944K(146944K)->0K(146944K) From: 52252K(101888K)->25634K(100352K)
[12.868s][info][gc,heap        ] GC(83) ParOldGen: 129672K(699392K)->181818K(699392K)
[12.868s][info][gc,metaspace   ] GC(83) Metaspace: 16026K(16256K)->16026K(16256K) NonClass: 13832K(13952K)->13832K(13952K) Class: 2194K(2304K)->2194K(2304K)
[12.868s][info][gc             ] GC(83) Pause Young (Allocation Failure) 321M->202M(924M) 45.741ms
[12.868s][info][gc,cpu         ] GC(83) User=0.28s Sys=0.00s Real=0.05s
[12.948s][info][gc,start       ] GC(84) Pause Young (Allocation Failure)
[12.960s][info][gc,heap        ] GC(84) PSYoungGen: 172578K(247296K)->18592K(254464K) Eden: 146944K(146944K)->0K(157184K) From: 25634K(100352K)->18592K(97280K)
[12.960s][info][gc,heap        ] GC(84) ParOldGen: 181818K(699392K)->199677K(699392K)
[12.960s][info][gc,metaspace   ] GC(84) Metaspace: 16026K(16256K)->16026K(16256K) NonClass: 13832K(13952K)->13832K(13952K) Class: 2194K(2304K)->2194K(2304K)
[12.960s][info][gc             ] GC(84) Pause Young (Allocation Failure) 346M->213M(931M) 11.551ms
[12.960s][info][gc,cpu         ] GC(84) User=0.00s Sys=0.00s Real=0.01s
[13.042s][info][gc,start       ] GC(85) Pause Young (Allocation Failure)
[13.047s][info][gc,heap        ] GC(85) PSYoungGen: 175776K(254464K)->37056K(251904K) Eden: 157184K(157184K)->0K(157184K) From: 18592K(97280K)->37056K(94720K)
[13.047s][info][gc,heap        ] GC(85) ParOldGen: 199677K(699392K)->199677K(699392K)
[13.047s][info][gc,metaspace   ] GC(85) Metaspace: 16026K(16256K)->16026K(16256K) NonClass: 13832K(13952K)->13832K(13952K) Class: 2194K(2304K)->2194K(2304K)
[13.047s][info][gc             ] GC(85) Pause Young (Allocation Failure) 366M->231M(929M) 5.113ms
[13.047s][info][gc,cpu         ] GC(85) User=0.00s Sys=0.00s Real=0.00s
[13.087s][info][gc,start       ] GC(86) Pause Young (System.gc())
[13.088s][info][gc,heap        ] GC(86) PSYoungGen: 70068K(251904K)->128K(257024K) Eden: 33012K(157184K)->0K(167936K) From: 37056K(94720K)->128K(89088K)
[13.088s][info][gc,heap        ] GC(86) ParOldGen: 199677K(699392K)->199677K(699392K)
[13.088s][info][gc,metaspace   ] GC(86) Metaspace: 16027K(16256K)->16027K(16256K) NonClass: 13833K(13952K)->13833K(13952K) Class: 2194K(2304K)->2194K(2304K)
[13.088s][info][gc             ] GC(86) Pause Young (System.gc()) 263M->195M(934M) 0.723ms
[13.088s][info][gc,cpu         ] GC(86) User=0.00s Sys=0.00s Real=0.00s
[13.088s][info][gc,start       ] GC(87) Pause Full (System.gc())
[13.088s][info][gc,phases,start] GC(87) Marking Phase
[13.093s][info][gc,phases      ] GC(87) Marking Phase 4.322ms
[13.093s][info][gc,phases,start] GC(87) Summary Phase
[13.093s][info][gc,phases      ] GC(87) Summary Phase 0.010ms
[13.093s][info][gc,phases,start] GC(87) Adjust Roots
[13.094s][info][gc,phases      ] GC(87) Adjust Roots 1.776ms
[13.095s][info][gc,phases,start] GC(87) Compaction Phase
[13.096s][info][gc,phases      ] GC(87) Compaction Phase 1.718ms
[13.096s][info][gc,phases,start] GC(87) Post Compact
[13.097s][info][gc,phases      ] GC(87) Post Compact 0.645ms
[13.097s][info][gc,heap        ] GC(87) PSYoungGen: 128K(257024K)->0K(257024K) Eden: 0K(167936K)->0K(167936K) From: 128K(89088K)->0K(89088K)
[13.097s][info][gc,heap        ] GC(87) ParOldGen: 199677K(699392K)->5652K(699392K)
[13.097s][info][gc,metaspace   ] GC(87) Metaspace: 16027K(16256K)->16027K(16256K) NonClass: 13833K(13952K)->13833K(13952K) Class: 2194K(2304K)->2194K(2304K)
[13.097s][info][gc             ] GC(87) Pause Full (System.gc()) 195M->5M(934M) 8.708ms
[13.097s][info][gc,cpu         ] GC(87) User=0.09s Sys=0.00s Real=0.01s
[13.235s][info][gc,start       ] GC(88) Pause Young (Allocation Failure)
[13.272s][info][gc,heap        ] GC(88) PSYoungGen: 167936K(257024K)->65815K(233984K) Eden: 167936K(167936K)->0K(167936K) From: 0K(89088K)->65815K(66048K)
[13.272s][info][gc,heap        ] GC(88) ParOldGen: 5652K(699392K)->5652K(699392K)
[13.272s][info][gc,metaspace   ] GC(88) Metaspace: 16027K(16256K)->16027K(16256K) NonClass: 13833K(13952K)->13833K(13952K) Class: 2194K(2304K)->2194K(2304K)
[13.272s][info][gc             ] GC(88) Pause Young (Allocation Failure) 169M->69M(911M) 37.297ms
[13.272s][info][gc,cpu         ] GC(88) User=0.19s Sys=0.00s Real=0.04s
[13.420s][info][gc,start       ] GC(89) Pause Young (Allocation Failure)
[13.491s][info][gc,heap        ] GC(89) PSYoungGen: 233751K(233984K)->70277K(240128K) Eden: 167936K(167936K)->0K(143360K) From: 65815K(66048K)->70277K(96768K)
[13.491s][info][gc,heap        ] GC(89) ParOldGen: 5652K(699392K)->62759K(699392K)
[13.491s][info][gc,metaspace   ] GC(89) Metaspace: 16027K(16256K)->16027K(16256K) NonClass: 13833K(13952K)->13833K(13952K) Class: 2194K(2304K)->2194K(2304K)
[13.491s][info][gc             ] GC(89) Pause Young (Allocation Failure) 233M->129M(917M) 70.818ms
[13.491s][info][gc,cpu         ] GC(89) User=0.38s Sys=0.00s Real=0.07s
[13.610s][info][gc,start       ] GC(90) Pause Young (Allocation Failure)
[13.680s][info][gc,heap        ] GC(90) PSYoungGen: 208164K(240128K)->54627K(246272K) Eden: 137886K(143360K)->0K(143360K) From: 70277K(96768K)->54627K(102912K)
[13.680s][info][gc,heap        ] GC(90) ParOldGen: 62759K(699392K)->130302K(699392K)
[13.680s][info][gc,metaspace   ] GC(90) Metaspace: 16027K(16256K)->16027K(16256K) NonClass: 13833K(13952K)->13833K(13952K) Class: 2194K(2304K)->2194K(2304K)
[13.680s][info][gc             ] GC(90) Pause Young (Allocation Failure) 264M->180M(923M) 70.512ms
[13.680s][info][gc,cpu         ] GC(90) User=0.38s Sys=0.00s Real=0.06s
[13.813s][info][gc,start       ] GC(91) Pause Young (Allocation Failure)
[13.848s][info][gc,heap        ] GC(91) PSYoungGen: 197987K(246272K)->25604K(250368K) Eden: 143360K(143360K)->0K(148480K) From: 54627K(102912K)->25604K(101888K)
[13.848s][info][gc,heap        ] GC(91) ParOldGen: 130302K(699392K)->174905K(699392K)
[13.848s][info][gc,metaspace   ] GC(91) Metaspace: 16027K(16256K)->16027K(16256K) NonClass: 13833K(13952K)->13833K(13952K) Class: 2194K(2304K)->2194K(2304K)
[13.848s][info][gc             ] GC(91) Pause Young (Allocation Failure) 320M->195M(927M) 35.347ms
[13.848s][info][gc,cpu         ] GC(91) User=0.19s Sys=0.00s Real=0.04s
[13.948s][info][gc,start       ] GC(92) Pause Young (Allocation Failure)
[13.962s][info][gc,heap        ] GC(92) PSYoungGen: 174084K(250368K)->24704K(247296K) Eden: 148480K(148480K)->0K(148480K) From: 25604K(101888K)->24704K(98816K)
[13.962s][info][gc,heap        ] GC(92) ParOldGen: 174905K(699392K)->192749K(699392K)
[13.962s][info][gc,metaspace   ] GC(92) Metaspace: 16027K(16256K)->16027K(16256K) NonClass: 13833K(13952K)->13833K(13952K) Class: 2194K(2304K)->2194K(2304K)
[13.962s][info][gc             ] GC(92) Pause Young (Allocation Failure) 340M->212M(924M) 13.643ms
[13.962s][info][gc,cpu         ] GC(92) User=0.02s Sys=0.00s Real=0.01s
[14.065s][info][gc,start       ] GC(93) Pause Young (Allocation Failure)
[14.069s][info][gc,heap        ] GC(93) PSYoungGen: 173184K(247296K)->24736K(257024K) Eden: 148480K(148480K)->0K(161280K) From: 24704K(98816K)->24736K(95744K)
[14.069s][info][gc,heap        ] GC(93) ParOldGen: 192749K(699392K)->198893K(699392K)
[14.069s][info][gc,metaspace   ] GC(93) Metaspace: 16027K(16256K)->16027K(16256K) NonClass: 13833K(13952K)->13833K(13952K) Class: 2194K(2304K)->2194K(2304K)
[14.069s][info][gc             ] GC(93) Pause Young (Allocation Failure) 357M->218M(934M) 4.709ms
[14.069s][info][gc,cpu         ] GC(93) User=0.00s Sys=0.00s Real=0.01s
[14.121s][info][gc,start       ] GC(94) Pause Young (System.gc())
[14.122s][info][gc,heap        ] GC(94) PSYoungGen: 60102K(257024K)->160K(253440K) Eden: 35366K(161280K)->0K(161280K) From: 24736K(95744K)->160K(92160K)
[14.122s][info][gc,heap        ] GC(94) ParOldGen: 198893K(699392K)->198905K(699392K)
[14.122s][info][gc,metaspace   ] GC(94) Metaspace: 16027K(16256K)->16027K(16256K) NonClass: 13833K(13952K)->13833K(13952K) Class: 2194K(2304K)->2194K(2304K)
[14.122s][info][gc             ] GC(94) Pause Young (System.gc()) 252M->194M(930M) 0.563ms
[14.122s][info][gc,cpu         ] GC(94) User=0.00s Sys=0.00s Real=0.00s
[14.122s][info][gc,start       ] GC(95) Pause Full (System.gc())
[14.122s][info][gc,phases,start] GC(95) Marking Phase
[14.126s][info][gc,phases      ] GC(95) Marking Phase 4.158ms
[14.126s][info][gc,phases,start] GC(95) Summary Phase
[14.126s][info][gc,phases      ] GC(95) Summary Phase 0.010ms
[14.126s][info][gc,phases,start] GC(95) Adjust Roots
[14.128s][info][gc,phases      ] GC(95) Adjust Roots 1.806ms
[14.128s][info][gc,phases,start] GC(95) Compaction Phase
[14.129s][info][gc,phases      ] GC(95) Compaction Phase 1.242ms
[14.129s][info][gc,phases,start] GC(95) Post Compact
[14.130s][info][gc,phases      ] GC(95) Post Compact 0.644ms
[14.130s][info][gc,heap        ] GC(95) PSYoungGen: 160K(253440K)->0K(253440K) Eden: 0K(161280K)->0K(161280K) From: 160K(92160K)->0K(92160K)
[14.130s][info][gc,heap        ] GC(95) ParOldGen: 198905K(699392K)->5652K(699392K)
[14.130s][info][gc,metaspace   ] GC(95) Metaspace: 16027K(16256K)->16027K(16256K) NonClass: 13833K(13952K)->13833K(13952K) Class: 2194K(2304K)->2194K(2304K)
[14.130s][info][gc             ] GC(95) Pause Full (System.gc()) 194M->5M(930M) 8.130ms
[14.130s][info][gc,cpu         ] GC(95) User=0.00s Sys=0.00s Real=0.01s
[14.262s][info][gc,start       ] GC(96) Pause Young (Allocation Failure)
[14.297s][info][gc,heap        ] GC(96) PSYoungGen: 161280K(253440K)->63381K(245760K) Eden: 161280K(161280K)->0K(152576K) From: 0K(92160K)->63381K(93184K)
[14.297s][info][gc,heap        ] GC(96) ParOldGen: 5652K(699392K)->5652K(699392K)
[14.297s][info][gc,metaspace   ] GC(96) Metaspace: 16027K(16256K)->16027K(16256K) NonClass: 13833K(13952K)->13833K(13952K) Class: 2194K(2304K)->2194K(2304K)
[14.297s][info][gc             ] GC(96) Pause Young (Allocation Failure) 163M->67M(923M) 35.498ms
[14.297s][info][gc,cpu         ] GC(96) User=0.19s Sys=0.00s Real=0.04s
[14.435s][info][gc,start       ] GC(97) Pause Young (Allocation Failure)
[14.501s][info][gc,heap        ] GC(97) PSYoungGen: 215957K(245760K)->64928K(217600K) Eden: 152576K(152576K)->0K(152576K) From: 63381K(93184K)->64928K(65024K)
[14.501s][info][gc,heap        ] GC(97) ParOldGen: 5652K(699392K)->60447K(699392K)
[14.501s][info][gc,metaspace   ] GC(97) Metaspace: 16027K(16256K)->16027K(16256K) NonClass: 13833K(13952K)->13833K(13952K) Class: 2194K(2304K)->2194K(2304K)
[14.501s][info][gc             ] GC(97) Pause Young (Allocation Failure) 216M->122M(895M) 66.519ms
[14.501s][info][gc,cpu         ] GC(97) User=0.36s Sys=0.02s Real=0.07s
[14.640s][info][gc,start       ] GC(98) Pause Young (Allocation Failure)
[14.713s][info][gc,heap        ] GC(98) PSYoungGen: 216329K(217600K)->53232K(247808K) Eden: 151400K(152576K)->0K(145408K) From: 64928K(65024K)->53232K(102400K)
[14.713s][info][gc,heap        ] GC(98) ParOldGen: 60447K(699392K)->128813K(699392K)
[14.713s][info][gc,metaspace   ] GC(98) Metaspace: 16027K(16256K)->16027K(16256K) NonClass: 13833K(13952K)->13833K(13952K) Class: 2194K(2304K)->2194K(2304K)
[14.713s][info][gc             ] GC(98) Pause Young (Allocation Failure) 270M->177M(925M) 73.636ms
[14.713s][info][gc,cpu         ] GC(98) User=0.38s Sys=0.00s Real=0.09s
[14.833s][info][gc,start       ] GC(99) Pause Young (Allocation Failure)
[14.883s][info][gc,heap        ] GC(99) PSYoungGen: 198640K(247808K)->25467K(246784K) Eden: 145408K(145408K)->0K(145408K) From: 53232K(102400K)->25467K(101376K)
[14.883s][info][gc,heap        ] GC(99) ParOldGen: 128813K(699392K)->181926K(699392K)
[14.883s][info][gc,metaspace   ] GC(99) Metaspace: 16028K(16256K)->16028K(16256K) NonClass: 13834K(13952K)->13834K(13952K) Class: 2194K(2304K)->2194K(2304K)
[14.883s][info][gc             ] GC(99) Pause Young (Allocation Failure) 319M->202M(924M) 49.997ms
[14.883s][info][gc,cpu         ] GC(99) User=0.28s Sys=0.00s Real=0.05s
[14.958s][info][gc,start       ] GC(100) Pause Young (Allocation Failure)
[14.969s][info][gc,heap        ] GC(100) PSYoungGen: 170875K(246784K)->18592K(253440K) Eden: 145408K(145408K)->0K(155648K) From: 25467K(101376K)->18592K(97792K)
[14.969s][info][gc,heap        ] GC(100) ParOldGen: 181926K(699392K)->199617K(699392K)
[14.969s][info][gc,metaspace   ] GC(100) Metaspace: 16028K(16256K)->16028K(16256K) NonClass: 13834K(13952K)->13834K(13952K) Class: 2194K(2304K)->2194K(2304K)
[14.969s][info][gc             ] GC(100) Pause Young (Allocation Failure) 344M->213M(930M) 11.567ms
[14.969s][info][gc,cpu         ] GC(100) User=0.09s Sys=0.00s Real=0.01s
[15.050s][info][gc,start       ] GC(101) Pause Young (Allocation Failure)
[15.055s][info][gc,heap        ] GC(101) PSYoungGen: 174240K(253440K)->37056K(251392K) Eden: 155648K(155648K)->0K(155648K) From: 18592K(97792K)->37056K(95744K)
[15.055s][info][gc,heap        ] GC(101) ParOldGen: 199617K(699392K)->199617K(699392K)
[15.055s][info][gc,metaspace   ] GC(101) Metaspace: 16028K(16256K)->16028K(16256K) NonClass: 13834K(13952K)->13834K(13952K) Class: 2194K(2304K)->2194K(2304K)
[15.055s][info][gc             ] GC(101) Pause Young (Allocation Failure) 365M->231M(928M) 5.039ms
[15.055s][info][gc,cpu         ] GC(101) User=0.00s Sys=0.00s Real=0.00s
[15.095s][info][gc,start       ] GC(102) Pause Young (System.gc())
[15.096s][info][gc,heap        ] GC(102) PSYoungGen: 74555K(251392K)->160K(257536K) Eden: 37499K(155648K)->0K(167936K) From: 37056K(95744K)->160K(89600K)
[15.096s][info][gc,heap        ] GC(102) ParOldGen: 199617K(699392K)->199617K(699392K)
[15.096s][info][gc,metaspace   ] GC(102) Metaspace: 16030K(16256K)->16030K(16256K) NonClass: 13836K(13952K)->13836K(13952K) Class: 2194K(2304K)->2194K(2304K)
[15.096s][info][gc             ] GC(102) Pause Young (System.gc()) 267M->195M(934M) 0.504ms
[15.096s][info][gc,cpu         ] GC(102) User=0.00s Sys=0.00s Real=0.00s
[15.096s][info][gc,start       ] GC(103) Pause Full (System.gc())
[15.096s][info][gc,phases,start] GC(103) Marking Phase
[15.100s][info][gc,phases      ] GC(103) Marking Phase 4.399ms
[15.101s][info][gc,phases,start] GC(103) Summary Phase
[15.101s][info][gc,phases      ] GC(103) Summary Phase 0.010ms
[15.101s][info][gc,phases,start] GC(103) Adjust Roots
[15.103s][info][gc,phases      ] GC(103) Adjust Roots 2.238ms
[15.103s][info][gc,phases,start] GC(103) Compaction Phase
[15.104s][info][gc,phases      ] GC(103) Compaction Phase 1.556ms
[15.104s][info][gc,phases,start] GC(103) Post Compact
[15.105s][info][gc,phases      ] GC(103) Post Compact 0.628ms
[15.105s][info][gc,heap        ] GC(103) PSYoungGen: 160K(257536K)->0K(257536K) Eden: 0K(167936K)->0K(167936K) From: 160K(89600K)->0K(89600K)
[15.105s][info][gc,heap        ] GC(103) ParOldGen: 199617K(699392K)->5653K(699392K)
[15.105s][info][gc,metaspace   ] GC(103) Metaspace: 16030K(16256K)->16030K(16256K) NonClass: 13836K(13952K)->13836K(13952K) Class: 2194K(2304K)->2194K(2304K)
[15.105s][info][gc             ] GC(103) Pause Full (System.gc()) 195M->5M(934M) 9.057ms
[15.105s][info][gc,cpu         ] GC(103) User=0.03s Sys=0.00s Real=0.02s
[15.244s][info][gc,start       ] GC(104) Pause Young (Allocation Failure)
[15.281s][info][gc,heap        ] GC(104) PSYoungGen: 167936K(257536K)->65807K(233984K) Eden: 167936K(167936K)->0K(167936K) From: 0K(89600K)->65807K(66048K)
[15.283s][info][gc,heap        ] GC(104) ParOldGen: 5653K(699392K)->5653K(699392K)
[15.283s][info][gc,metaspace   ] GC(104) Metaspace: 16034K(16256K)->16034K(16256K) NonClass: 13840K(13952K)->13840K(13952K) Class: 2194K(2304K)->2194K(2304K)
[15.283s][info][gc             ] GC(104) Pause Young (Allocation Failure) 169M->69M(911M) 39.273ms
[15.284s][info][gc,cpu         ] GC(104) User=0.27s Sys=0.02s Real=0.04s
[15.434s][info][gc,start       ] GC(105) Pause Young (Allocation Failure)
[15.506s][info][gc,heap        ] GC(105) PSYoungGen: 233743K(233984K)->70297K(239616K) Eden: 167936K(167936K)->0K(142336K) From: 65807K(66048K)->70297K(97280K)
[15.507s][info][gc,heap        ] GC(105) ParOldGen: 5653K(699392K)->62773K(699392K)
[15.507s][info][gc,metaspace   ] GC(105) Metaspace: 16034K(16256K)->16034K(16256K) NonClass: 13840K(13952K)->13840K(13952K) Class: 2194K(2304K)->2194K(2304K)
[15.507s][info][gc             ] GC(105) Pause Young (Allocation Failure) 233M->129M(917M) 72.571ms
[15.507s][info][gc,cpu         ] GC(105) User=0.38s Sys=0.00s Real=0.08s
[15.627s][info][gc,start       ] GC(106) Pause Young (Allocation Failure)
[15.699s][info][gc,heap        ] GC(106) PSYoungGen: 207188K(239616K)->54710K(245760K) Eden: 136891K(142336K)->0K(142336K) From: 70297K(97280K)->54710K(103424K)
[15.699s][info][gc,heap        ] GC(106) ParOldGen: 62773K(699392K)->130315K(699392K)
[15.699s][info][gc,metaspace   ] GC(106) Metaspace: 16034K(16256K)->16034K(16256K) NonClass: 13840K(13952K)->13840K(13952K) Class: 2194K(2304K)->2194K(2304K)
[15.699s][info][gc             ] GC(106) Pause Young (Allocation Failure) 263M->180M(923M) 71.471ms
[15.699s][info][gc,cpu         ] GC(106) User=0.41s Sys=0.00s Real=0.07s
[15.824s][info][gc,start       ] GC(107) Pause Young (Allocation Failure)
[15.859s][info][gc,heap        ] GC(107) PSYoungGen: 197046K(245760K)->25675K(249856K) Eden: 142336K(142336K)->0K(146944K) From: 54710K(103424K)->25675K(102912K)
[15.859s][info][gc,heap        ] GC(107) ParOldGen: 130315K(699392K)->174955K(699392K)
[15.859s][info][gc,metaspace   ] GC(107) Metaspace: 16036K(16256K)->16036K(16256K) NonClass: 13842K(13952K)->13842K(13952K) Class: 2194K(2304K)->2194K(2304K)
[15.859s][info][gc             ] GC(107) Pause Young (Allocation Failure) 319M->195M(927M) 35.027ms
[15.859s][info][gc,cpu         ] GC(107) User=0.19s Sys=0.00s Real=0.03s
[15.934s][info][gc,start       ] GC(108) Pause Young (Allocation Failure)
[15.945s][info][gc,heap        ] GC(108) PSYoungGen: 172619K(249856K)->18624K(246272K) Eden: 146944K(146944K)->0K(146944K) From: 25675K(102912K)->18624K(99328K)
[15.945s][info][gc,heap        ] GC(108) ParOldGen: 174955K(699392K)->192827K(699392K)
[15.945s][info][gc,metaspace   ] GC(108) Metaspace: 16036K(16256K)->16036K(16256K) NonClass: 13842K(13952K)->13842K(13952K) Class: 2194K(2304K)->2194K(2304K)
[15.945s][info][gc             ] GC(108) Pause Young (Allocation Failure) 339M->206M(923M) 11.376ms
[15.946s][info][gc,cpu         ] GC(108) User=0.00s Sys=0.00s Real=0.01s
[16.012s][info][gc,start       ] GC(109) Pause Young (Allocation Failure)
[16.016s][info][gc,heap        ] GC(109) PSYoungGen: 165568K(246272K)->37056K(258048K) Eden: 146944K(146944K)->0K(161280K) From: 18624K(99328K)->37056K(96768K)
[16.016s][info][gc,heap        ] GC(109) ParOldGen: 192827K(699392K)->192827K(699392K)
[16.016s][info][gc,metaspace   ] GC(109) Metaspace: 16036K(16256K)->16036K(16256K) NonClass: 13842K(13952K)->13842K(13952K) Class: 2194K(2304K)->2194K(2304K)
[16.016s][info][gc             ] GC(109) Pause Young (Allocation Failure) 349M->224M(935M) 4.510ms
[16.016s][info][gc,cpu         ] GC(109) User=0.00s Sys=0.00s Real=0.00s
[16.059s][info][gc,start       ] GC(110) Pause Young (System.gc())
[16.059s][info][gc,heap        ] GC(110) PSYoungGen: 75468K(258048K)->96K(252416K) Eden: 38412K(161280K)->0K(161280K) From: 37056K(96768K)->96K(91136K)
[16.059s][info][gc,heap        ] GC(110) ParOldGen: 192827K(699392K)->192827K(699392K)
[16.059s][info][gc,metaspace   ] GC(110) Metaspace: 16036K(16256K)->16036K(16256K) NonClass: 13842K(13952K)->13842K(13952K) Class: 2194K(2304K)->2194K(2304K)
[16.059s][info][gc             ] GC(110) Pause Young (System.gc()) 262M->188M(929M) 0.468ms
[16.059s][info][gc,cpu         ] GC(110) User=0.00s Sys=0.00s Real=0.00s
[16.059s][info][gc,start       ] GC(111) Pause Full (System.gc())
[16.059s][info][gc,phases,start] GC(111) Marking Phase
[16.064s][info][gc,phases      ] GC(111) Marking Phase 4.442ms
[16.064s][info][gc,phases,start] GC(111) Summary Phase
[16.064s][info][gc,phases      ] GC(111) Summary Phase 0.009ms
[16.064s][info][gc,phases,start] GC(111) Adjust Roots
[16.065s][info][gc,phases      ] GC(111) Adjust Roots 1.829ms
[16.066s][info][gc,phases,start] GC(111) Compaction Phase
[16.067s][info][gc,phases      ] GC(111) Compaction Phase 1.255ms
[16.067s][info][gc,phases,start] GC(111) Post Compact
[16.068s][info][gc,phases      ] GC(111) Post Compact 0.726ms
[16.068s][info][gc,heap        ] GC(111) PSYoungGen: 96K(252416K)->0K(252416K) Eden: 0K(161280K)->0K(161280K) From: 96K(91136K)->0K(91136K)
[16.068s][info][gc,heap        ] GC(111) ParOldGen: 192827K(699392K)->5653K(699392K)
[16.068s][info][gc,metaspace   ] GC(111) Metaspace: 16036K(16256K)->16036K(16256K) NonClass: 13842K(13952K)->13842K(13952K) Class: 2194K(2304K)->2194K(2304K)
[16.068s][info][gc             ] GC(111) Pause Full (System.gc()) 188M->5M(929M) 8.483ms
[16.068s][info][gc,cpu         ] GC(111) User=0.00s Sys=0.00s Real=0.02s
[16.201s][info][gc,start       ] GC(112) Pause Young (Allocation Failure)
[16.236s][info][gc,heap        ] GC(112) PSYoungGen: 161280K(252416K)->63450K(246784K) Eden: 161280K(161280K)->0K(154624K) From: 0K(91136K)->63450K(92160K)
[16.236s][info][gc,heap        ] GC(112) ParOldGen: 5653K(699392K)->5653K(699392K)
[16.236s][info][gc,metaspace   ] GC(112) Metaspace: 16036K(16256K)->16036K(16256K) NonClass: 13842K(13952K)->13842K(13952K) Class: 2194K(2304K)->2194K(2304K)
[16.236s][info][gc             ] GC(112) Pause Young (Allocation Failure) 163M->67M(924M) 35.681ms
[16.236s][info][gc,cpu         ] GC(112) User=0.19s Sys=0.00s Real=0.05s
[16.372s][info][gc,start       ] GC(113) Pause Young (Allocation Failure)
[16.440s][info][gc,heap        ] GC(113) PSYoungGen: 218074K(246784K)->65671K(220672K) Eden: 154624K(154624K)->0K(154624K) From: 63450K(92160K)->65671K(66048K)
[16.441s][info][gc,heap        ] GC(113) ParOldGen: 5653K(699392K)->60428K(699392K)
[16.441s][info][gc,metaspace   ] GC(113) Metaspace: 16036K(16256K)->16036K(16256K) NonClass: 13842K(13952K)->13842K(13952K) Class: 2194K(2304K)->2194K(2304K)
[16.441s][info][gc             ] GC(113) Pause Young (Allocation Failure) 218M->123M(898M) 68.466ms
[16.441s][info][gc,cpu         ] GC(113) User=0.38s Sys=0.00s Real=0.08s
[16.577s][info][gc,start       ] GC(114) Pause Young (Allocation Failure)
[16.648s][info][gc,heap        ] GC(114) PSYoungGen: 213551K(220672K)->52437K(248832K) Eden: 147880K(154624K)->0K(146944K) From: 65671K(66048K)->52437K(101888K)
[16.648s][info][gc,heap        ] GC(114) ParOldGen: 60428K(699392K)->124881K(699392K)
[16.648s][info][gc,metaspace   ] GC(114) Metaspace: 16036K(16256K)->16036K(16256K) NonClass: 13842K(13952K)->13842K(13952K) Class: 2194K(2304K)->2194K(2304K)
[16.648s][info][gc             ] GC(114) Pause Young (Allocation Failure) 267M->173M(926M) 71.189ms
[16.648s][info][gc,cpu         ] GC(114) User=0.38s Sys=0.00s Real=0.07s
[16.776s][info][gc,start       ] GC(115) Pause Young (Allocation Failure)
[16.824s][info][gc,heap        ] GC(115) PSYoungGen: 199381K(248832K)->24866K(247296K) Eden: 146944K(146944K)->0K(146944K) From: 52437K(101888K)->24866K(100352K)
[16.824s][info][gc,heap        ] GC(115) ParOldGen: 124881K(699392K)->177155K(699392K)
[16.824s][info][gc,metaspace   ] GC(115) Metaspace: 16036K(16256K)->16036K(16256K) NonClass: 13842K(13952K)->13842K(13952K) Class: 2194K(2304K)->2194K(2304K)
[16.824s][info][gc             ] GC(115) Pause Young (Allocation Failure) 316M->197M(924M) 48.322ms
[16.824s][info][gc,cpu         ] GC(115) User=0.38s Sys=0.00s Real=0.05s
[16.902s][info][gc,start       ] GC(116) Pause Young (Allocation Failure)
[16.914s][info][gc,heap        ] GC(116) PSYoungGen: 171810K(247296K)->18592K(253952K) Eden: 146944K(146944K)->0K(156672K) From: 24866K(100352K)->18592K(97280K)
[16.914s][info][gc,heap        ] GC(116) ParOldGen: 177155K(699392K)->195003K(699392K)
[16.914s][info][gc,metaspace   ] GC(116) Metaspace: 16036K(16256K)->16036K(16256K) NonClass: 13842K(13952K)->13842K(13952K) Class: 2194K(2304K)->2194K(2304K)
[16.914s][info][gc             ] GC(116) Pause Young (Allocation Failure) 340M->208M(931M) 11.718ms
[16.914s][info][gc,cpu         ] GC(116) User=0.00s Sys=0.00s Real=0.01s
[16.997s][info][gc,start       ] GC(117) Pause Young (Allocation Failure)
[17.002s][info][gc,heap        ] GC(117) PSYoungGen: 175264K(253952K)->37056K(251904K) Eden: 156672K(156672K)->0K(156672K) From: 18592K(97280K)->37056K(95232K)
[17.003s][info][gc,heap        ] GC(117) ParOldGen: 195003K(699392K)->195003K(699392K)
[17.003s][info][gc,metaspace   ] GC(117) Metaspace: 16036K(16256K)->16036K(16256K) NonClass: 13842K(13952K)->13842K(13952K) Class: 2194K(2304K)->2194K(2304K)
[17.003s][info][gc             ] GC(117) Pause Young (Allocation Failure) 361M->226M(929M) 5.359ms
[17.003s][info][gc,cpu         ] GC(117) User=0.00s Sys=0.00s Real=0.01s
[17.045s][info][gc,start       ] GC(118) Pause Young (System.gc())
[17.045s][info][gc,heap        ] GC(118) PSYoungGen: 73673K(251904K)->192K(257536K) Eden: 36617K(156672K)->0K(167936K) From: 37056K(95232K)->192K(89600K)
[17.045s][info][gc,heap        ] GC(118) ParOldGen: 195003K(699392K)->195003K(699392K)
[17.045s][info][gc,metaspace   ] GC(118) Metaspace: 16037K(16256K)->16037K(16256K) NonClass: 13843K(13952K)->13843K(13952K) Class: 2194K(2304K)->2194K(2304K)
[17.045s][info][gc             ] GC(118) Pause Young (System.gc()) 262M->190M(934M) 0.507ms
[17.045s][info][gc,cpu         ] GC(118) User=0.00s Sys=0.00s Real=0.00s
[17.045s][info][gc,start       ] GC(119) Pause Full (System.gc())
[17.045s][info][gc,phases,start] GC(119) Marking Phase
[17.050s][info][gc,phases      ] GC(119) Marking Phase 4.259ms
[17.050s][info][gc,phases,start] GC(119) Summary Phase
[17.050s][info][gc,phases      ] GC(119) Summary Phase 0.011ms
[17.050s][info][gc,phases,start] GC(119) Adjust Roots
[17.052s][info][gc,phases      ] GC(119) Adjust Roots 2.661ms
[17.052s][info][gc,phases,start] GC(119) Compaction Phase
[17.054s][info][gc,phases      ] GC(119) Compaction Phase 1.224ms
[17.054s][info][gc,phases,start] GC(119) Post Compact
[17.055s][info][gc,phases      ] GC(119) Post Compact 1.122ms
[17.055s][info][gc,heap        ] GC(119) PSYoungGen: 192K(257536K)->0K(257536K) Eden: 0K(167936K)->0K(167936K) From: 192K(89600K)->0K(89600K)
[17.055s][info][gc,heap        ] GC(119) ParOldGen: 195003K(699392K)->5653K(699392K)
[17.055s][info][gc,metaspace   ] GC(119) Metaspace: 16037K(16256K)->16037K(16256K) NonClass: 13843K(13952K)->13843K(13952K) Class: 2194K(2304K)->2194K(2304K)
[17.055s][info][gc             ] GC(119) Pause Full (System.gc()) 190M->5M(934M) 9.540ms
[17.055s][info][gc,cpu         ] GC(119) User=0.00s Sys=0.00s Real=0.02s
[17.194s][info][gc,start       ] GC(120) Pause Young (Allocation Failure)
[17.231s][info][gc,heap        ] GC(120) PSYoungGen: 167936K(257536K)->65719K(233984K) Eden: 167936K(167936K)->0K(167936K) From: 0K(89600K)->65719K(66048K)
[17.231s][info][gc,heap        ] GC(120) ParOldGen: 5653K(699392K)->5653K(699392K)
[17.231s][info][gc,metaspace   ] GC(120) Metaspace: 16041K(16256K)->16041K(16256K) NonClass: 13846K(13952K)->13846K(13952K) Class: 2194K(2304K)->2194K(2304K)
[17.231s][info][gc             ] GC(120) Pause Young (Allocation Failure) 169M->69M(911M) 37.258ms
[17.231s][info][gc,cpu         ] GC(120) User=0.28s Sys=0.00s Real=0.05s
[17.378s][info][gc,start       ] GC(121) Pause Young (Allocation Failure)
[17.451s][info][gc,heap        ] GC(121) PSYoungGen: 233655K(233984K)->70245K(240128K) Eden: 167936K(167936K)->0K(143360K) From: 65719K(66048K)->70245K(96768K)
[17.451s][info][gc,heap        ] GC(121) ParOldGen: 5653K(699392K)->62725K(699392K)
[17.451s][info][gc,metaspace   ] GC(121) Metaspace: 16041K(16256K)->16041K(16256K) NonClass: 13846K(13952K)->13846K(13952K) Class: 2194K(2304K)->2194K(2304K)
[17.451s][info][gc             ] GC(121) Pause Young (Allocation Failure) 233M->129M(917M) 72.930ms
[17.451s][info][gc,cpu         ] GC(121) User=0.47s Sys=0.00s Real=0.07s
[17.571s][info][gc,start       ] GC(122) Pause Young (Allocation Failure)
[17.642s][info][gc,heap        ] GC(122) PSYoungGen: 208090K(240128K)->54856K(246272K) Eden: 137844K(143360K)->0K(143360K) From: 70245K(96768K)->54856K(102912K)
[17.642s][info][gc,heap        ] GC(122) ParOldGen: 62725K(699392K)->130275K(699392K)
[17.643s][info][gc,metaspace   ] GC(122) Metaspace: 16041K(16256K)->16041K(16256K) NonClass: 13846K(13952K)->13846K(13952K) Class: 2194K(2304K)->2194K(2304K)
[17.643s][info][gc             ] GC(122) Pause Young (Allocation Failure) 264M->180M(923M) 71.456ms
[17.643s][info][gc,cpu         ] GC(122) User=0.39s Sys=0.00s Real=0.08s
[17.768s][info][gc,start       ] GC(123) Pause Young (Allocation Failure)
[17.803s][info][gc,heap        ] GC(123) PSYoungGen: 198216K(246272K)->26220K(250368K) Eden: 143360K(143360K)->0K(147968K) From: 54856K(102912K)->26220K(102400K)
[17.803s][info][gc,heap        ] GC(123) ParOldGen: 130275K(699392K)->175083K(699392K)
[17.803s][info][gc,metaspace   ] GC(123) Metaspace: 16043K(16256K)->16043K(16256K) NonClass: 13848K(13952K)->13848K(13952K) Class: 2194K(2304K)->2194K(2304K)
[17.803s][info][gc             ] GC(123) Pause Young (Allocation Failure) 320M->196M(927M) 35.258ms
[17.803s][info][gc,cpu         ] GC(123) User=0.19s Sys=0.00s Real=0.03s
[17.884s][info][gc,start       ] GC(124) Pause Young (Allocation Failure)
[17.896s][info][gc,heap        ] GC(124) PSYoungGen: 174188K(250368K)->18592K(246784K) Eden: 147968K(147968K)->0K(147968K) From: 26220K(102400K)->18592K(98816K)
[17.896s][info][gc,heap        ] GC(124) ParOldGen: 175083K(699392K)->192767K(699392K)
[17.896s][info][gc,metaspace   ] GC(124) Metaspace: 16043K(16256K)->16043K(16256K) NonClass: 13848K(13952K)->13848K(13952K) Class: 2194K(2304K)->2194K(2304K)
[17.896s][info][gc             ] GC(124) Pause Young (Allocation Failure) 341M->206M(924M) 11.436ms
[17.896s][info][gc,cpu         ] GC(124) User=0.08s Sys=0.02s Real=0.01s
[17.972s][info][gc,start       ] GC(125) Pause Young (Allocation Failure)
[17.977s][info][gc,heap        ] GC(125) PSYoungGen: 166560K(246784K)->37056K(258048K) Eden: 147968K(147968K)->0K(161280K) From: 18592K(98816K)->37056K(96768K)
[17.977s][info][gc,heap        ] GC(125) ParOldGen: 192767K(699392K)->192767K(699392K)
[17.977s][info][gc,metaspace   ] GC(125) Metaspace: 16043K(16256K)->16043K(16256K) NonClass: 13848K(13952K)->13848K(13952K) Class: 2194K(2304K)->2194K(2304K)
[17.977s][info][gc             ] GC(125) Pause Young (Allocation Failure) 350M->224M(935M) 5.130ms
[17.977s][info][gc,cpu         ] GC(125) User=0.00s Sys=0.00s Real=0.00s
[18.020s][info][gc,start       ] GC(126) Pause Young (System.gc())
[18.020s][info][gc,heap        ] GC(126) PSYoungGen: 73372K(258048K)->128K(252416K) Eden: 36316K(161280K)->0K(161280K) From: 37056K(96768K)->128K(91136K)
[18.020s][info][gc,heap        ] GC(126) ParOldGen: 192767K(699392K)->192767K(699392K)
[18.020s][info][gc,metaspace   ] GC(126) Metaspace: 16043K(16256K)->16043K(16256K) NonClass: 13849K(13952K)->13849K(13952K) Class: 2194K(2304K)->2194K(2304K)
[18.021s][info][gc             ] GC(126) Pause Young (System.gc()) 259M->188M(929M) 0.461ms
[18.021s][info][gc,cpu         ] GC(126) User=0.00s Sys=0.00s Real=0.00s
[18.021s][info][gc,start       ] GC(127) Pause Full (System.gc())
[18.021s][info][gc,phases,start] GC(127) Marking Phase
[18.025s][info][gc,phases      ] GC(127) Marking Phase 4.463ms
[18.025s][info][gc,phases,start] GC(127) Summary Phase
[18.025s][info][gc,phases      ] GC(127) Summary Phase 0.012ms
[18.025s][info][gc,phases,start] GC(127) Adjust Roots
[18.027s][info][gc,phases      ] GC(127) Adjust Roots 1.925ms
[18.027s][info][gc,phases,start] GC(127) Compaction Phase
[18.028s][info][gc,phases      ] GC(127) Compaction Phase 1.297ms
[18.028s][info][gc,phases,start] GC(127) Post Compact
[18.029s][info][gc,phases      ] GC(127) Post Compact 0.836ms
[18.029s][info][gc,heap        ] GC(127) PSYoungGen: 128K(252416K)->0K(252416K) Eden: 0K(161280K)->0K(161280K) From: 128K(91136K)->0K(91136K)
[18.029s][info][gc,heap        ] GC(127) ParOldGen: 192767K(699392K)->5654K(699392K)
[18.029s][info][gc,metaspace   ] GC(127) Metaspace: 16043K(16256K)->16043K(16256K) NonClass: 13849K(13952K)->13849K(13952K) Class: 2194K(2304K)->2194K(2304K)
[18.029s][info][gc             ] GC(127) Pause Full (System.gc()) 188M->5M(929M) 8.798ms
[18.029s][info][gc,cpu         ] GC(127) User=0.02s Sys=0.00s Real=0.01s
[18.163s][info][gc,start       ] GC(128) Pause Young (Allocation Failure)
[18.199s][info][gc,heap        ] GC(128) PSYoungGen: 161280K(252416K)->63342K(246784K) Eden: 161280K(161280K)->0K(154624K) From: 0K(91136K)->63342K(92160K)
[18.199s][info][gc,heap        ] GC(128) ParOldGen: 5654K(699392K)->5654K(699392K)
[18.199s][info][gc,metaspace   ] GC(128) Metaspace: 16044K(16256K)->16044K(16256K) NonClass: 13849K(13952K)->13849K(13952K) Class: 2194K(2304K)->2194K(2304K)
[18.199s][info][gc             ] GC(128) Pause Young (Allocation Failure) 163M->67M(924M) 35.703ms
[18.199s][info][gc,cpu         ] GC(128) User=0.28s Sys=0.00s Real=0.05s
[18.335s][info][gc,start       ] GC(129) Pause Young (Allocation Failure)
[18.403s][info][gc,heap        ] GC(129) PSYoungGen: 217966K(246784K)->65671K(220672K) Eden: 154624K(154624K)->0K(154624K) From: 63342K(92160K)->65671K(66048K)
[18.403s][info][gc,heap        ] GC(129) ParOldGen: 5654K(699392K)->60437K(699392K)
[18.403s][info][gc,metaspace   ] GC(129) Metaspace: 16044K(16256K)->16044K(16256K) NonClass: 13849K(13952K)->13849K(13952K) Class: 2194K(2304K)->2194K(2304K)
[18.403s][info][gc             ] GC(129) Pause Young (Allocation Failure) 218M->123M(898M) 67.679ms
[18.403s][info][gc,cpu         ] GC(129) User=0.45s Sys=0.00s Real=0.07s
[18.543s][info][gc,start       ] GC(130) Pause Young (Allocation Failure)
[18.613s][info][gc,heap        ] GC(130) PSYoungGen: 213644K(220672K)->52348K(248832K) Eden: 147972K(154624K)->0K(146944K) From: 65671K(66048K)->52348K(101888K)
[18.613s][info][gc,heap        ] GC(130) ParOldGen: 60437K(699392K)->129538K(699392K)
[18.613s][info][gc,metaspace   ] GC(130) Metaspace: 16044K(16256K)->16044K(16256K) NonClass: 13849K(13952K)->13849K(13952K) Class: 2194K(2304K)->2194K(2304K)
[18.613s][info][gc             ] GC(130) Pause Young (Allocation Failure) 267M->177M(926M) 69.888ms
[18.613s][info][gc,cpu         ] GC(130) User=0.36s Sys=0.00s Real=0.08s
[18.741s][info][gc,start       ] GC(131) Pause Young (Allocation Failure)
[18.788s][info][gc,heap        ] GC(131) PSYoungGen: 199292K(248832K)->25595K(247296K) Eden: 146944K(146944K)->0K(146944K) From: 52348K(101888K)->25595K(100352K)
[18.788s][info][gc,heap        ] GC(131) ParOldGen: 129538K(699392K)->181808K(699392K)
[18.788s][info][gc,metaspace   ] GC(131) Metaspace: 16044K(16256K)->16044K(16256K) NonClass: 13849K(13952K)->13849K(13952K) Class: 2194K(2304K)->2194K(2304K)
[18.788s][info][gc             ] GC(131) Pause Young (Allocation Failure) 321M->202M(924M) 47.067ms
[18.788s][info][gc,cpu         ] GC(131) User=0.28s Sys=0.00s Real=0.05s
[18.870s][info][gc,start       ] GC(132) Pause Young (Allocation Failure)
[18.882s][info][gc,heap        ] GC(132) PSYoungGen: 172539K(247296K)->18592K(254464K) Eden: 146944K(146944K)->0K(157696K) From: 25595K(100352K)->18592K(96768K)
[18.882s][info][gc,heap        ] GC(132) ParOldGen: 181808K(699392K)->199621K(699392K)
[18.882s][info][gc,metaspace   ] GC(132) Metaspace: 16044K(16256K)->16044K(16256K) NonClass: 13849K(13952K)->13849K(13952K) Class: 2194K(2304K)->2194K(2304K)
[18.882s][info][gc             ] GC(132) Pause Young (Allocation Failure) 346M->213M(931M) 11.617ms
[18.882s][info][gc,cpu         ] GC(132) User=0.00s Sys=0.00s Real=0.01s
[18.963s][info][gc,start       ] GC(133) Pause Young (Allocation Failure)
[18.968s][info][gc,heap        ] GC(133) PSYoungGen: 176288K(254464K)->37056K(252416K) Eden: 157696K(157696K)->0K(157696K) From: 18592K(96768K)->37056K(94720K)
[18.968s][info][gc,heap        ] GC(133) ParOldGen: 199621K(699392K)->199621K(699392K)
[18.968s][info][gc,metaspace   ] GC(133) Metaspace: 16044K(16256K)->16044K(16256K) NonClass: 13849K(13952K)->13849K(13952K) Class: 2194K(2304K)->2194K(2304K)
[18.968s][info][gc             ] GC(133) Pause Young (Allocation Failure) 367M->231M(929M) 5.018ms
[18.968s][info][gc,cpu         ] GC(133) User=0.08s Sys=0.02s Real=0.00s
[19.012s][info][gc,start       ] GC(134) Pause Young (System.gc())
[19.013s][info][gc,heap        ] GC(134) PSYoungGen: 69454K(252416K)->192K(257024K) Eden: 32398K(157696K)->0K(167936K) From: 37056K(94720K)->192K(89088K)
[19.013s][info][gc,heap        ] GC(134) ParOldGen: 199621K(699392K)->199621K(699392K)
[19.013s][info][gc,metaspace   ] GC(134) Metaspace: 16044K(16256K)->16044K(16256K) NonClass: 13849K(13952K)->13849K(13952K) Class: 2194K(2304K)->2194K(2304K)
[19.013s][info][gc             ] GC(134) Pause Young (System.gc()) 262M->195M(934M) 0.584ms
[19.013s][info][gc,cpu         ] GC(134) User=0.00s Sys=0.00s Real=0.00s
[19.013s][info][gc,start       ] GC(135) Pause Full (System.gc())
[19.013s][info][gc,phases,start] GC(135) Marking Phase
[19.018s][info][gc,phases      ] GC(135) Marking Phase 4.660ms
[19.018s][info][gc,phases,start] GC(135) Summary Phase
[19.018s][info][gc,phases      ] GC(135) Summary Phase 0.010ms
[19.018s][info][gc,phases,start] GC(135) Adjust Roots
[19.020s][info][gc,phases      ] GC(135) Adjust Roots 1.921ms
[19.020s][info][gc,phases,start] GC(135) Compaction Phase
[19.021s][info][gc,phases      ] GC(135) Compaction Phase 1.313ms
[19.021s][info][gc,phases,start] GC(135) Post Compact
[19.022s][info][gc,phases      ] GC(135) Post Compact 0.715ms
[19.022s][info][gc,heap        ] GC(135) PSYoungGen: 192K(257024K)->0K(257024K) Eden: 0K(167936K)->0K(167936K) From: 192K(89088K)->0K(89088K)
[19.022s][info][gc,heap        ] GC(135) ParOldGen: 199621K(699392K)->5654K(699392K)
[19.022s][info][gc,metaspace   ] GC(135) Metaspace: 16044K(16256K)->16044K(16256K) NonClass: 13849K(13952K)->13849K(13952K) Class: 2194K(2304K)->2194K(2304K)
[19.022s][info][gc             ] GC(135) Pause Full (System.gc()) 195M->5M(934M) 8.942ms
[19.022s][info][gc,cpu         ] GC(135) User=0.00s Sys=0.00s Real=0.00s
[19.160s][info][gc,start       ] GC(136) Pause Young (Allocation Failure)
[19.197s][info][gc,heap        ] GC(136) PSYoungGen: 167936K(257024K)->65751K(233984K) Eden: 167936K(167936K)->0K(167936K) From: 0K(89088K)->65751K(66048K)
[19.197s][info][gc,heap        ] GC(136) ParOldGen: 5654K(699392K)->5654K(699392K)
[19.197s][info][gc,metaspace   ] GC(136) Metaspace: 16044K(16256K)->16044K(16256K) NonClass: 13849K(13952K)->13849K(13952K) Class: 2194K(2304K)->2194K(2304K)
[19.197s][info][gc             ] GC(136) Pause Young (Allocation Failure) 169M->69M(911M) 37.117ms
[19.197s][info][gc,cpu         ] GC(136) User=0.16s Sys=0.02s Real=0.04s
[19.343s][info][gc,start       ] GC(137) Pause Young (Allocation Failure)
[19.415s][info][gc,heap        ] GC(137) PSYoungGen: 233687K(233984K)->70309K(240128K) Eden: 167936K(167936K)->0K(143360K) From: 65751K(66048K)->70309K(96768K)
[19.415s][info][gc,heap        ] GC(137) ParOldGen: 5654K(699392K)->62762K(699392K)
[19.415s][info][gc,metaspace   ] GC(137) Metaspace: 16044K(16256K)->16044K(16256K) NonClass: 13849K(13952K)->13849K(13952K) Class: 2194K(2304K)->2194K(2304K)
[19.415s][info][gc             ] GC(137) Pause Young (Allocation Failure) 233M->129M(917M) 71.707ms
[19.415s][info][gc,cpu         ] GC(137) User=0.38s Sys=0.00s Real=0.07s
[19.537s][info][gc,start       ] GC(138) Pause Young (Allocation Failure)
[19.607s][info][gc,heap        ] GC(138) PSYoungGen: 208215K(240128K)->54671K(246272K) Eden: 137905K(143360K)->0K(143360K) From: 70309K(96768K)->54671K(102912K)
[19.607s][info][gc,heap        ] GC(138) ParOldGen: 62762K(699392K)->127240K(699392K)
[19.607s][info][gc,metaspace   ] GC(138) Metaspace: 16044K(16256K)->16044K(16256K) NonClass: 13849K(13952K)->13849K(13952K) Class: 2194K(2304K)->2194K(2304K)
[19.607s][info][gc             ] GC(138) Pause Young (Allocation Failure) 264M->177M(923M) 70.004ms
[19.607s][info][gc,cpu         ] GC(138) User=0.41s Sys=0.00s Real=0.06s
[19.737s][info][gc,start       ] GC(139) Pause Young (Allocation Failure)
[19.774s][info][gc,heap        ] GC(139) PSYoungGen: 198031K(246272K)->25631K(250368K) Eden: 143360K(143360K)->0K(148480K) From: 54671K(102912K)->25631K(101888K)
[19.774s][info][gc,heap        ] GC(139) ParOldGen: 127240K(699392K)->171832K(699392K)
[19.774s][info][gc,metaspace   ] GC(139) Metaspace: 16044K(16256K)->16044K(16256K) NonClass: 13849K(13952K)->13849K(13952K) Class: 2194K(2304K)->2194K(2304K)
[19.774s][info][gc             ] GC(139) Pause Young (Allocation Failure) 317M->192M(927M) 36.958ms
[19.774s][info][gc,cpu         ] GC(139) User=0.17s Sys=0.00s Real=0.04s
[19.854s][info][gc,start       ] GC(140) Pause Young (Allocation Failure)
[19.868s][info][gc,heap        ] GC(140) PSYoungGen: 172086K(250368K)->20672K(247296K) Eden: 146455K(148480K)->0K(148480K) From: 25631K(101888K)->20672K(98816K)
[19.868s][info][gc,heap        ] GC(140) ParOldGen: 171832K(699392K)->189677K(699392K)
[19.868s][info][gc,metaspace   ] GC(140) Metaspace: 16044K(16256K)->16044K(16256K) NonClass: 13849K(13952K)->13849K(13952K) Class: 2194K(2304K)->2194K(2304K)
[19.868s][info][gc             ] GC(140) Pause Young (Allocation Failure) 335M->205M(924M) 13.472ms
[19.868s][info][gc,cpu         ] GC(140) User=0.00s Sys=0.02s Real=0.01s
[19.947s][info][gc,start       ] GC(141) Pause Young (Allocation Failure)
[19.952s][info][gc,heap        ] GC(141) PSYoungGen: 169152K(247296K)->35008K(258048K) Eden: 148480K(148480K)->0K(161792K) From: 20672K(98816K)->35008K(96256K)
[19.952s][info][gc,heap        ] GC(141) ParOldGen: 189677K(699392K)->191725K(699392K)
[19.952s][info][gc,metaspace   ] GC(141) Metaspace: 16044K(16256K)->16044K(16256K) NonClass: 13849K(13952K)->13849K(13952K) Class: 2194K(2304K)->2194K(2304K)
[19.952s][info][gc             ] GC(141) Pause Young (Allocation Failure) 350M->221M(935M) 5.108ms
[19.952s][info][gc,cpu         ] GC(141) User=0.09s Sys=0.00s Real=0.00s
[19.990s][info][gc,start       ] GC(142) Pause Young (System.gc())
[19.991s][info][gc,heap        ] GC(142) PSYoungGen: 73491K(258048K)->160K(252928K) Eden: 38483K(161792K)->0K(161792K) From: 35008K(96256K)->160K(91136K)
[19.991s][info][gc,heap        ] GC(142) ParOldGen: 191725K(699392K)->191725K(699392K)
[19.991s][info][gc,metaspace   ] GC(142) Metaspace: 16044K(16256K)->16044K(16256K) NonClass: 13849K(13952K)->13849K(13952K) Class: 2194K(2304K)->2194K(2304K)
[19.991s][info][gc             ] GC(142) Pause Young (System.gc()) 259M->187M(930M) 0.504ms
[19.991s][info][gc,cpu         ] GC(142) User=0.00s Sys=0.00s Real=0.00s
[19.991s][info][gc,start       ] GC(143) Pause Full (System.gc())
[19.991s][info][gc,phases,start] GC(143) Marking Phase
[19.995s][info][gc,phases      ] GC(143) Marking Phase 4.474ms
[19.995s][info][gc,phases,start] GC(143) Summary Phase
[19.995s][info][gc,phases      ] GC(143) Summary Phase 0.010ms
[19.995s][info][gc,phases,start] GC(143) Adjust Roots
[19.997s][info][gc,phases      ] GC(143) Adjust Roots 1.867ms
[19.997s][info][gc,phases,start] GC(143) Compaction Phase
[19.999s][info][gc,phases      ] GC(143) Compaction Phase 1.470ms
[19.999s][info][gc,phases,start] GC(143) Post Compact
[20.000s][info][gc,phases      ] GC(143) Post Compact 0.864ms
[20.000s][info][gc,heap        ] GC(143) PSYoungGen: 160K(252928K)->0K(252928K) Eden: 0K(161792K)->0K(161792K) From: 160K(91136K)->0K(91136K)
[20.000s][info][gc,heap        ] GC(143) ParOldGen: 191725K(699392K)->5654K(699392K)
[20.000s][info][gc,metaspace   ] GC(143) Metaspace: 16044K(16256K)->16044K(16256K) NonClass: 13849K(13952K)->13849K(13952K) Class: 2194K(2304K)->2194K(2304K)
[20.000s][info][gc             ] GC(143) Pause Full (System.gc()) 187M->5M(930M) 8.912ms
[20.000s][info][gc,cpu         ] GC(143) User=0.02s Sys=0.00s Real=0.00s
[20.136s][info][gc,start       ] GC(144) Pause Young (Allocation Failure)
[20.177s][info][gc,heap        ] GC(144) PSYoungGen: 161792K(252928K)->63541K(246784K) Eden: 161792K(161792K)->0K(154624K) From: 0K(91136K)->63541K(92160K)
[20.178s][info][gc,heap        ] GC(144) ParOldGen: 5654K(699392K)->5654K(699392K)
[20.178s][info][gc,metaspace   ] GC(144) Metaspace: 16044K(16256K)->16044K(16256K) NonClass: 13849K(13952K)->13849K(13952K) Class: 2194K(2304K)->2194K(2304K)
[20.178s][info][gc             ] GC(144) Pause Young (Allocation Failure) 163M->67M(924M) 41.196ms
[20.178s][info][gc,cpu         ] GC(144) User=0.19s Sys=0.00s Real=0.04s
[20.316s][info][gc,start       ] GC(145) Pause Young (Allocation Failure)
[20.384s][info][gc,heap        ] GC(145) PSYoungGen: 218165K(246784K)->65620K(220672K) Eden: 154624K(154624K)->0K(154624K) From: 63541K(92160K)->65620K(66048K)
[20.384s][info][gc,heap        ] GC(145) ParOldGen: 5654K(699392K)->60637K(699392K)
[20.384s][info][gc,metaspace   ] GC(145) Metaspace: 16044K(16256K)->16044K(16256K) NonClass: 13849K(13952K)->13849K(13952K) Class: 2194K(2304K)->2194K(2304K)
[20.384s][info][gc             ] GC(145) Pause Young (Allocation Failure) 218M->123M(898M) 67.902ms
[20.384s][info][gc,cpu         ] GC(145) User=0.38s Sys=0.00s Real=0.08s
[20.521s][info][gc,start       ] GC(146) Pause Young (Allocation Failure)
[20.594s][info][gc,heap        ] GC(146) PSYoungGen: 213557K(220672K)->52176K(248832K) Eden: 147937K(154624K)->0K(146944K) From: 65620K(66048K)->52176K(101888K)
[20.594s][info][gc,heap        ] GC(146) ParOldGen: 60637K(699392K)->129711K(699392K)
[20.594s][info][gc,metaspace   ] GC(146) Metaspace: 16044K(16256K)->16044K(16256K) NonClass: 13849K(13952K)->13849K(13952K) Class: 2194K(2304K)->2194K(2304K)
[20.594s][info][gc             ] GC(146) Pause Young (Allocation Failure) 267M->177M(926M) 72.272ms
[20.594s][info][gc,cpu         ] GC(146) User=0.41s Sys=0.00s Real=0.07s
[20.715s][info][gc,start       ] GC(147) Pause Young (Allocation Failure)
[20.762s][info][gc,heap        ] GC(147) PSYoungGen: 198973K(248832K)->25116K(247296K) Eden: 146797K(146944K)->0K(146944K) From: 52176K(101888K)->25116K(100352K)
[20.764s][info][gc,heap        ] GC(147) ParOldGen: 129711K(699392K)->181812K(699392K)
[20.764s][info][gc,metaspace   ] GC(147) Metaspace: 16044K(16256K)->16044K(16256K) NonClass: 13849K(13952K)->13849K(13952K) Class: 2194K(2304K)->2194K(2304K)
[20.764s][info][gc             ] GC(147) Pause Young (Allocation Failure) 320M->202M(924M) 49.052ms
[20.764s][info][gc,cpu         ] GC(147) User=0.28s Sys=0.00s Real=0.05s
[20.848s][info][gc,start       ] GC(148) Pause Young (Allocation Failure)
[20.860s][info][gc,heap        ] GC(148) PSYoungGen: 172060K(247296K)->18592K(254464K) Eden: 146944K(146944K)->0K(157184K) From: 25116K(100352K)->18592K(97280K)
[20.860s][info][gc,heap        ] GC(148) ParOldGen: 181812K(699392K)->199691K(699392K)
[20.860s][info][gc,metaspace   ] GC(148) Metaspace: 16044K(16256K)->16044K(16256K) NonClass: 13849K(13952K)->13849K(13952K) Class: 2194K(2304K)->2194K(2304K)
[20.860s][info][gc             ] GC(148) Pause Young (Allocation Failure) 345M->213M(931M) 11.641ms
[20.860s][info][gc,cpu         ] GC(148) User=0.09s Sys=0.00s Real=0.01s
[20.943s][info][gc,start       ] GC(149) Pause Young (Allocation Failure)
[20.948s][info][gc,heap        ] GC(149) PSYoungGen: 175776K(254464K)->37056K(251904K) Eden: 157184K(157184K)->0K(157184K) From: 18592K(97280K)->37056K(94720K)
[20.948s][info][gc,heap        ] GC(149) ParOldGen: 199691K(699392K)->199691K(699392K)
[20.948s][info][gc,metaspace   ] GC(149) Metaspace: 16044K(16256K)->16044K(16256K) NonClass: 13849K(13952K)->13849K(13952K) Class: 2194K(2304K)->2194K(2304K)
[20.948s][info][gc             ] GC(149) Pause Young (Allocation Failure) 366M->231M(929M) 4.944ms
[20.948s][info][gc,cpu         ] GC(149) User=0.02s Sys=0.00s Real=0.01s
[20.986s][info][gc,start       ] GC(150) Pause Young (System.gc())
[20.986s][info][gc,heap        ] GC(150) PSYoungGen: 73499K(251904K)->192K(257024K) Eden: 36443K(157184K)->0K(167936K) From: 37056K(94720K)->192K(89088K)
[20.986s][info][gc,heap        ] GC(150) ParOldGen: 199691K(699392K)->199691K(699392K)
[20.986s][info][gc,metaspace   ] GC(150) Metaspace: 16044K(16256K)->16044K(16256K) NonClass: 13849K(13952K)->13849K(13952K) Class: 2194K(2304K)->2194K(2304K)
[20.986s][info][gc             ] GC(150) Pause Young (System.gc()) 266M->195M(934M) 0.519ms
[20.986s][info][gc,cpu         ] GC(150) User=0.00s Sys=0.00s Real=0.00s
[20.986s][info][gc,start       ] GC(151) Pause Full (System.gc())
[20.986s][info][gc,phases,start] GC(151) Marking Phase
[20.991s][info][gc,phases      ] GC(151) Marking Phase 4.765ms
[20.991s][info][gc,phases,start] GC(151) Summary Phase
[20.991s][info][gc,phases      ] GC(151) Summary Phase 0.011ms
[20.991s][info][gc,phases,start] GC(151) Adjust Roots
[20.993s][info][gc,phases      ] GC(151) Adjust Roots 1.932ms
[20.993s][info][gc,phases,start] GC(151) Compaction Phase
[20.995s][info][gc,phases      ] GC(151) Compaction Phase 1.868ms
[20.995s][info][gc,phases,start] GC(151) Post Compact
[20.996s][info][gc,phases      ] GC(151) Post Compact 0.714ms
[20.996s][info][gc,heap        ] GC(151) PSYoungGen: 192K(257024K)->0K(257024K) Eden: 0K(167936K)->0K(167936K) From: 192K(89088K)->0K(89088K)
[20.996s][info][gc,heap        ] GC(151) ParOldGen: 199691K(699392K)->5659K(699392K)
[20.996s][info][gc,metaspace   ] GC(151) Metaspace: 16044K(16256K)->16044K(16256K) NonClass: 13849K(13952K)->13849K(13952K) Class: 2194K(2304K)->2194K(2304K)
[20.996s][info][gc             ] GC(151) Pause Full (System.gc()) 195M->5M(934M) 9.531ms
[20.996s][info][gc,cpu         ] GC(151) User=0.03s Sys=0.00s Real=0.00s
[21.134s][info][gc,start       ] GC(152) Pause Young (Allocation Failure)
[21.171s][info][gc,heap        ] GC(152) PSYoungGen: 167936K(257024K)->65770K(233984K) Eden: 167936K(167936K)->0K(167936K) From: 0K(89088K)->65770K(66048K)
[21.171s][info][gc,heap        ] GC(152) ParOldGen: 5659K(699392K)->5659K(699392K)
[21.171s][info][gc,metaspace   ] GC(152) Metaspace: 16044K(16256K)->16044K(16256K) NonClass: 13849K(13952K)->13849K(13952K) Class: 2194K(2304K)->2194K(2304K)
[21.171s][info][gc             ] GC(152) Pause Young (Allocation Failure) 169M->69M(911M) 36.976ms
[21.171s][info][gc,cpu         ] GC(152) User=0.27s Sys=0.00s Real=0.04s
[21.318s][info][gc,start       ] GC(153) Pause Young (Allocation Failure)
[21.389s][info][gc,heap        ] GC(153) PSYoungGen: 233706K(233984K)->70297K(240128K) Eden: 167936K(167936K)->0K(143360K) From: 65770K(66048K)->70297K(96768K)
[21.389s][info][gc,heap        ] GC(153) ParOldGen: 5659K(699392K)->62779K(699392K)
[21.389s][info][gc,metaspace   ] GC(153) Metaspace: 16044K(16256K)->16044K(16256K) NonClass: 13849K(13952K)->13849K(13952K) Class: 2194K(2304K)->2194K(2304K)
[21.389s][info][gc             ] GC(153) Pause Young (Allocation Failure) 233M->129M(917M) 71.951ms
[21.389s][info][gc,cpu         ] GC(153) User=0.47s Sys=0.00s Real=0.07s
[21.511s][info][gc,start       ] GC(154) Pause Young (Allocation Failure)
[21.582s][info][gc,heap        ] GC(154) PSYoungGen: 208181K(240128K)->54659K(246272K) Eden: 137884K(143360K)->0K(143360K) From: 70297K(96768K)->54659K(102912K)
[21.582s][info][gc,heap        ] GC(154) ParOldGen: 62779K(699392K)->130321K(699392K)
[21.582s][info][gc,metaspace   ] GC(154) Metaspace: 16044K(16256K)->16044K(16256K) NonClass: 13849K(13952K)->13849K(13952K) Class: 2194K(2304K)->2194K(2304K)
[21.582s][info][gc             ] GC(154) Pause Young (Allocation Failure) 264M->180M(923M) 70.742ms
[21.582s][info][gc,cpu         ] GC(154) User=0.31s Sys=0.00s Real=0.07s
[21.705s][info][gc,start       ] GC(155) Pause Young (Allocation Failure)
[21.740s][info][gc,heap        ] GC(155) PSYoungGen: 197759K(246272K)->26067K(250368K) Eden: 143100K(143360K)->0K(148480K) From: 54659K(102912K)->26067K(101888K)
[21.740s][info][gc,heap        ] GC(155) ParOldGen: 130321K(699392K)->174949K(699392K)
[21.740s][info][gc,metaspace   ] GC(155) Metaspace: 16045K(16256K)->16045K(16256K) NonClass: 13851K(13952K)->13851K(13952K) Class: 2194K(2304K)->2194K(2304K)
[21.740s][info][gc             ] GC(155) Pause Young (Allocation Failure) 320M->196M(927M) 35.788ms
[21.740s][info][gc,cpu         ] GC(155) User=0.17s Sys=0.00s Real=0.04s
[21.820s][info][gc,start       ] GC(156) Pause Young (Allocation Failure)
[21.831s][info][gc,heap        ] GC(156) PSYoungGen: 174547K(250368K)->18624K(247296K) Eden: 148480K(148480K)->0K(148480K) From: 26067K(101888K)->18624K(98816K)
[21.831s][info][gc,heap        ] GC(156) ParOldGen: 174949K(699392K)->192805K(699392K)
[21.831s][info][gc,metaspace   ] GC(156) Metaspace: 16045K(16256K)->16045K(16256K) NonClass: 13851K(13952K)->13851K(13952K) Class: 2194K(2304K)->2194K(2304K)
[21.831s][info][gc             ] GC(156) Pause Young (Allocation Failure) 341M->206M(924M) 11.735ms
[21.831s][info][gc,cpu         ] GC(156) User=0.09s Sys=0.00s Real=0.01s
[21.903s][info][gc,start       ] GC(157) Pause Young (Allocation Failure)
[21.909s][info][gc,heap        ] GC(157) PSYoungGen: 167104K(247296K)->37056K(258560K) Eden: 148480K(148480K)->0K(161792K) From: 18624K(98816K)->37056K(96768K)
[21.909s][info][gc,heap        ] GC(157) ParOldGen: 192805K(699392K)->192805K(699392K)
[21.909s][info][gc,metaspace   ] GC(157) Metaspace: 16045K(16256K)->16045K(16256K) NonClass: 13851K(13952K)->13851K(13952K) Class: 2194K(2304K)->2194K(2304K)
[21.909s][info][gc             ] GC(157) Pause Young (Allocation Failure) 351M->224M(935M) 5.422ms
[21.909s][info][gc,cpu         ] GC(157) User=0.00s Sys=0.00s Real=0.01s
[21.956s][info][gc,start       ] GC(158) Pause Young (System.gc())
[21.956s][info][gc,heap        ] GC(158) PSYoungGen: 74047K(258560K)->160K(252416K) Eden: 36991K(161792K)->0K(161792K) From: 37056K(96768K)->160K(90624K)
[21.956s][info][gc,heap        ] GC(158) ParOldGen: 192805K(699392K)->192805K(699392K)
[21.956s][info][gc,metaspace   ] GC(158) Metaspace: 16045K(16256K)->16045K(16256K) NonClass: 13851K(13952K)->13851K(13952K) Class: 2194K(2304K)->2194K(2304K)
[21.956s][info][gc             ] GC(158) Pause Young (System.gc()) 260M->188M(929M) 0.503ms
[21.956s][info][gc,cpu         ] GC(158) User=0.00s Sys=0.00s Real=0.00s
[21.956s][info][gc,start       ] GC(159) Pause Full (System.gc())
[21.956s][info][gc,phases,start] GC(159) Marking Phase
[21.961s][info][gc,phases      ] GC(159) Marking Phase 4.605ms
[21.961s][info][gc,phases,start] GC(159) Summary Phase
[21.961s][info][gc,phases      ] GC(159) Summary Phase 0.011ms
[21.961s][info][gc,phases,start] GC(159) Adjust Roots
[21.963s][info][gc,phases      ] GC(159) Adjust Roots 1.873ms
[21.963s][info][gc,phases,start] GC(159) Compaction Phase
[21.964s][info][gc,phases      ] GC(159) Compaction Phase 1.196ms
[21.964s][info][gc,phases,start] GC(159) Post Compact
[21.965s][info][gc,phases      ] GC(159) Post Compact 0.824ms
[21.965s][info][gc,heap        ] GC(159) PSYoungGen: 160K(252416K)->0K(252416K) Eden: 0K(161792K)->0K(161792K) From: 160K(90624K)->0K(90624K)
[21.965s][info][gc,heap        ] GC(159) ParOldGen: 192805K(699392K)->5660K(699392K)
[21.965s][info][gc,metaspace   ] GC(159) Metaspace: 16045K(16256K)->16045K(16256K) NonClass: 13851K(13952K)->13851K(13952K) Class: 2194K(2304K)->2194K(2304K)
[21.965s][info][gc             ] GC(159) Pause Full (System.gc()) 188M->5M(929M) 8.726ms
[21.965s][info][gc,cpu         ] GC(159) User=0.06s Sys=0.00s Real=0.02s
[22.098s][info][gc,start       ] GC(160) Pause Young (Allocation Failure)
[22.133s][info][gc,heap        ] GC(160) PSYoungGen: 161792K(252416K)->63546K(246784K) Eden: 161792K(161792K)->0K(154624K) From: 0K(90624K)->63546K(92160K)
[22.133s][info][gc,heap        ] GC(160) ParOldGen: 5660K(699392K)->5660K(699392K)
[22.133s][info][gc,metaspace   ] GC(160) Metaspace: 16046K(16256K)->16046K(16256K) NonClass: 13851K(13952K)->13851K(13952K) Class: 2194K(2304K)->2194K(2304K)
[22.133s][info][gc             ] GC(160) Pause Young (Allocation Failure) 163M->67M(924M) 35.739ms
[22.133s][info][gc,cpu         ] GC(160) User=0.19s Sys=0.00s Real=0.04s
[22.268s][info][gc,start       ] GC(161) Pause Young (Allocation Failure)
[22.335s][info][gc,heap        ] GC(161) PSYoungGen: 218170K(246784K)->65620K(220672K) Eden: 154624K(154624K)->0K(154624K) From: 63546K(92160K)->65620K(66048K)
[22.335s][info][gc,heap        ] GC(161) ParOldGen: 5660K(699392K)->60631K(699392K)
[22.335s][info][gc,metaspace   ] GC(161) Metaspace: 16046K(16256K)->16046K(16256K) NonClass: 13851K(13952K)->13851K(13952K) Class: 2194K(2304K)->2194K(2304K)
[22.335s][info][gc             ] GC(161) Pause Young (Allocation Failure) 218M->123M(898M) 67.053ms
[22.335s][info][gc,cpu         ] GC(161) User=0.38s Sys=0.00s Real=0.07s
[22.473s][info][gc,start       ] GC(162) Pause Young (Allocation Failure)
[22.545s][info][gc,heap        ] GC(162) PSYoungGen: 213531K(220672K)->52233K(248832K) Eden: 147911K(154624K)->0K(146944K) From: 65620K(66048K)->52233K(101888K)
[22.545s][info][gc,heap        ] GC(162) ParOldGen: 60631K(699392K)->129684K(699392K)
[22.545s][info][gc,metaspace   ] GC(162) Metaspace: 16046K(16256K)->16046K(16256K) NonClass: 13851K(13952K)->13851K(13952K) Class: 2194K(2304K)->2194K(2304K)
[22.545s][info][gc             ] GC(162) Pause Young (Allocation Failure) 267M->177M(926M) 71.862ms
[22.545s][info][gc,cpu         ] GC(162) User=0.31s Sys=0.02s Real=0.07s
[22.664s][info][gc,start       ] GC(163) Pause Young (Allocation Failure)
[22.715s][info][gc,heap        ] GC(163) PSYoungGen: 199177K(248832K)->25623K(247296K) Eden: 146944K(146944K)->0K(146944K) From: 52233K(101888K)->25623K(100352K)
[22.715s][info][gc,heap        ] GC(163) ParOldGen: 129684K(699392K)->181738K(699392K)
[22.715s][info][gc,metaspace   ] GC(163) Metaspace: 16046K(16256K)->16046K(16256K) NonClass: 13851K(13952K)->13851K(13952K) Class: 2194K(2304K)->2194K(2304K)
[22.715s][info][gc             ] GC(163) Pause Young (Allocation Failure) 321M->202M(924M) 51.196ms
[22.715s][info][gc,cpu         ] GC(163) User=0.34s Sys=0.00s Real=0.05s
[22.797s][info][gc,start       ] GC(164) Pause Young (Allocation Failure)
[22.808s][info][gc,heap        ] GC(164) PSYoungGen: 172567K(247296K)->18624K(254464K) Eden: 146944K(146944K)->0K(157696K) From: 25623K(100352K)->18624K(96768K)
[22.808s][info][gc,heap        ] GC(164) ParOldGen: 181738K(699392K)->199582K(699392K)
[22.808s][info][gc,metaspace   ] GC(164) Metaspace: 16046K(16256K)->16046K(16256K) NonClass: 13851K(13952K)->13851K(13952K) Class: 2194K(2304K)->2194K(2304K)
[22.808s][info][gc             ] GC(164) Pause Young (Allocation Failure) 346M->213M(931M) 11.515ms
[22.808s][info][gc,cpu         ] GC(164) User=0.09s Sys=0.00s Real=0.01s
[22.890s][info][gc,start       ] GC(165) Pause Young (Allocation Failure)
[22.895s][info][gc,heap        ] GC(165) PSYoungGen: 176320K(254464K)->37056K(252416K) Eden: 157696K(157696K)->0K(157696K) From: 18624K(96768K)->37056K(94720K)
[22.895s][info][gc,heap        ] GC(165) ParOldGen: 199582K(699392K)->199582K(699392K)
[22.895s][info][gc,metaspace   ] GC(165) Metaspace: 16046K(16256K)->16046K(16256K) NonClass: 13851K(13952K)->13851K(13952K) Class: 2194K(2304K)->2194K(2304K)
[22.895s][info][gc             ] GC(165) Pause Young (Allocation Failure) 367M->231M(929M) 5.144ms
[22.895s][info][gc,cpu         ] GC(165) User=0.00s Sys=0.00s Real=0.01s
[22.932s][info][gc,start       ] GC(166) Pause Young (System.gc())
[22.932s][info][gc,heap        ] GC(166) PSYoungGen: 70946K(252416K)->128K(258048K) Eden: 33889K(157696K)->0K(168960K) From: 37056K(94720K)->128K(89088K)
[22.932s][info][gc,heap        ] GC(166) ParOldGen: 199582K(699392K)->199582K(699392K)
[22.932s][info][gc,metaspace   ] GC(166) Metaspace: 16046K(16256K)->16046K(16256K) NonClass: 13851K(13952K)->13851K(13952K) Class: 2194K(2304K)->2194K(2304K)
[22.932s][info][gc             ] GC(166) Pause Young (System.gc()) 264M->195M(935M) 0.363ms
[22.932s][info][gc,cpu         ] GC(166) User=0.00s Sys=0.00s Real=0.00s
[22.932s][info][gc,start       ] GC(167) Pause Full (System.gc())
[22.932s][info][gc,phases,start] GC(167) Marking Phase
[22.937s][info][gc,phases      ] GC(167) Marking Phase 4.454ms
[22.937s][info][gc,phases,start] GC(167) Summary Phase
[22.937s][info][gc,phases      ] GC(167) Summary Phase 0.010ms
[22.937s][info][gc,phases,start] GC(167) Adjust Roots
[22.940s][info][gc,phases      ] GC(167) Adjust Roots 2.856ms
[22.940s][info][gc,phases,start] GC(167) Compaction Phase
[22.942s][info][gc,phases      ] GC(167) Compaction Phase 2.329ms
[22.942s][info][gc,phases,start] GC(167) Post Compact
[22.943s][info][gc,phases      ] GC(167) Post Compact 0.710ms
[22.943s][info][gc,heap        ] GC(167) PSYoungGen: 128K(258048K)->0K(258048K) Eden: 0K(168960K)->0K(168960K) From: 128K(89088K)->0K(89088K)
[22.943s][info][gc,heap        ] GC(167) ParOldGen: 199582K(699392K)->5660K(699392K)
[22.943s][info][gc,metaspace   ] GC(167) Metaspace: 16046K(16256K)->16046K(16256K) NonClass: 13851K(13952K)->13851K(13952K) Class: 2194K(2304K)->2194K(2304K)
[22.943s][info][gc             ] GC(167) Pause Full (System.gc()) 195M->5M(935M) 10.557ms
[22.943s][info][gc,cpu         ] GC(167) User=0.09s Sys=0.00s Real=0.02s
[23.086s][info][gc,start       ] GC(168) Pause Young (Allocation Failure)
[23.123s][info][gc,heap        ] GC(168) PSYoungGen: 168960K(258048K)->66142K(235520K) Eden: 168960K(168960K)->0K(168960K) From: 0K(89088K)->66142K(66560K)
[23.123s][info][gc,heap        ] GC(168) ParOldGen: 5660K(699392K)->5660K(699392K)
[23.123s][info][gc,metaspace   ] GC(168) Metaspace: 16046K(16256K)->16046K(16256K) NonClass: 13851K(13952K)->13851K(13952K) Class: 2194K(2304K)->2194K(2304K)
[23.123s][info][gc             ] GC(168) Pause Young (Allocation Failure) 170M->70M(913M) 37.599ms
[23.123s][info][gc,cpu         ] GC(168) User=0.28s Sys=0.00s Real=0.04s
[23.271s][info][gc,start       ] GC(169) Pause Young (Allocation Failure)
[23.342s][info][gc,heap        ] GC(169) PSYoungGen: 235102K(235520K)->70604K(239104K) Eden: 168960K(168960K)->0K(142336K) From: 66142K(66560K)->70604K(96768K)
[23.342s][info][gc,heap        ] GC(169) ParOldGen: 5660K(699392K)->63119K(699392K)
[23.342s][info][gc,metaspace   ] GC(169) Metaspace: 16046K(16256K)->16046K(16256K) NonClass: 13851K(13952K)->13851K(13952K) Class: 2194K(2304K)->2194K(2304K)
[23.342s][info][gc             ] GC(169) Pause Young (Allocation Failure) 235M->130M(916M) 71.000ms
[23.342s][info][gc,cpu         ] GC(169) User=0.47s Sys=0.00s Real=0.07s
[23.461s][info][gc,start       ] GC(170) Pause Young (Allocation Failure)
[23.533s][info][gc,heap        ] GC(170) PSYoungGen: 211613K(239104K)->60129K(202752K) Eden: 141008K(142336K)->0K(142336K) From: 70604K(96768K)->60129K(60416K)
[23.533s][info][gc,heap        ] GC(170) ParOldGen: 63119K(699392K)->124881K(699392K)
[23.533s][info][gc,metaspace   ] GC(170) Metaspace: 16046K(16256K)->16046K(16256K) NonClass: 13851K(13952K)->13851K(13952K) Class: 2194K(2304K)->2194K(2304K)
[23.533s][info][gc             ] GC(170) Pause Young (Allocation Failure) 268M->180M(881M) 71.250ms
[23.533s][info][gc,cpu         ] GC(170) User=0.38s Sys=0.00s Real=0.07s
[23.656s][info][gc,start       ] GC(171) Pause Young (Allocation Failure)
[23.690s][info][gc,heap        ] GC(171) PSYoungGen: 202465K(202752K)->27116K(248320K) Eden: 142336K(142336K)->0K(143872K) From: 60129K(60416K)->27116K(104448K)
[23.690s][info][gc,heap        ] GC(171) ParOldGen: 124881K(699392K)->168846K(699392K)
[23.690s][info][gc,metaspace   ] GC(171) Metaspace: 16047K(16256K)->16047K(16256K) NonClass: 13852K(13952K)->13852K(13952K) Class: 2194K(2304K)->2194K(2304K)
[23.690s][info][gc             ] GC(171) Pause Young (Allocation Failure) 319M->191M(925M) 34.731ms
[23.690s][info][gc,cpu         ] GC(171) User=0.19s Sys=0.00s Real=0.04s
[23.772s][info][gc,start       ] GC(172) Pause Young (Allocation Failure)
[23.786s][info][gc,heap        ] GC(172) PSYoungGen: 170634K(248320K)->20672K(244736K) Eden: 143517K(143872K)->0K(143872K) From: 27116K(104448K)->20672K(100864K)
[23.786s][info][gc,heap        ] GC(172) ParOldGen: 168846K(699392K)->186714K(699392K)
[23.786s][info][gc,metaspace   ] GC(172) Metaspace: 16047K(16256K)->16047K(16256K) NonClass: 13852K(13952K)->13852K(13952K) Class: 2194K(2304K)->2194K(2304K)
[23.786s][info][gc             ] GC(172) Pause Young (Allocation Failure) 331M->202M(922M) 14.289ms
[23.786s][info][gc,cpu         ] GC(172) User=0.09s Sys=0.00s Real=0.01s
[23.860s][info][gc,start       ] GC(173) Pause Young (Allocation Failure)
[23.865s][info][gc,heap        ] GC(173) PSYoungGen: 164544K(244736K)->35008K(256512K) Eden: 143872K(143872K)->0K(158208K) From: 20672K(100864K)->35008K(98304K)
[23.865s][info][gc,heap        ] GC(173) ParOldGen: 186714K(699392K)->188762K(699392K)
[23.865s][info][gc,metaspace   ] GC(173) Metaspace: 16047K(16256K)->16047K(16256K) NonClass: 13852K(13952K)->13852K(13952K) Class: 2194K(2304K)->2194K(2304K)
[23.865s][info][gc             ] GC(173) Pause Young (Allocation Failure) 343M->218M(933M) 4.944ms
[23.865s][info][gc,cpu         ] GC(173) User=0.00s Sys=0.00s Real=0.01s
[23.906s][info][gc,start       ] GC(174) Pause Young (System.gc())
[23.907s][info][gc,heap        ] GC(174) PSYoungGen: 75745K(256512K)->128K(250880K) Eden: 40736K(158208K)->0K(158208K) From: 35008K(98304K)->128K(92672K)
[23.907s][info][gc,heap        ] GC(174) ParOldGen: 188762K(699392K)->188762K(699392K)
[23.907s][info][gc,metaspace   ] GC(174) Metaspace: 16047K(16256K)->16047K(16256K) NonClass: 13852K(13952K)->13852K(13952K) Class: 2194K(2304K)->2194K(2304K)
[23.907s][info][gc             ] GC(174) Pause Young (System.gc()) 258M->184M(928M) 0.666ms
[23.907s][info][gc,cpu         ] GC(174) User=0.00s Sys=0.00s Real=0.00s
[23.907s][info][gc,start       ] GC(175) Pause Full (System.gc())
[23.907s][info][gc,phases,start] GC(175) Marking Phase
[23.912s][info][gc,phases      ] GC(175) Marking Phase 4.677ms
[23.912s][info][gc,phases,start] GC(175) Summary Phase
[23.912s][info][gc,phases      ] GC(175) Summary Phase 0.010ms
[23.912s][info][gc,phases,start] GC(175) Adjust Roots
[23.914s][info][gc,phases      ] GC(175) Adjust Roots 2.418ms
[23.914s][info][gc,phases,start] GC(175) Compaction Phase
[23.917s][info][gc,phases      ] GC(175) Compaction Phase 2.265ms
[23.917s][info][gc,phases,start] GC(175) Post Compact
[23.917s][info][gc,phases      ] GC(175) Post Compact 0.670ms
[23.917s][info][gc,heap        ] GC(175) PSYoungGen: 128K(250880K)->0K(250880K) Eden: 0K(158208K)->0K(158208K) From: 128K(92672K)->0K(92672K)
[23.917s][info][gc,heap        ] GC(175) ParOldGen: 188762K(699392K)->5661K(699392K)
[23.917s][info][gc,metaspace   ] GC(175) Metaspace: 16047K(16256K)->16047K(16256K) NonClass: 13852K(13952K)->13852K(13952K) Class: 2194K(2304K)->2194K(2304K)
[23.917s][info][gc             ] GC(175) Pause Full (System.gc()) 184M->5M(928M) 10.291ms
[23.918s][info][gc,cpu         ] GC(175) User=0.02s Sys=0.00s Real=0.02s
[24.050s][info][gc,start       ] GC(176) Pause Young (Allocation Failure)
[24.085s][info][gc,heap        ] GC(176) PSYoungGen: 158208K(250880K)->62259K(246272K) Eden: 158208K(158208K)->0K(152576K) From: 0K(92672K)->62259K(93696K)
[24.085s][info][gc,heap        ] GC(176) ParOldGen: 5661K(699392K)->5661K(699392K)
[24.085s][info][gc,metaspace   ] GC(176) Metaspace: 16047K(16256K)->16047K(16256K) NonClass: 13852K(13952K)->13852K(13952K) Class: 2194K(2304K)->2194K(2304K)
[24.085s][info][gc             ] GC(176) Pause Young (Allocation Failure) 160M->66M(923M) 35.017ms
[24.085s][info][gc,cpu         ] GC(176) User=0.19s Sys=0.00s Real=0.05s
[24.219s][info][gc,start       ] GC(177) Pause Young (Allocation Failure)
[24.283s][info][gc,heap        ] GC(177) PSYoungGen: 214835K(246272K)->64941K(217600K) Eden: 152576K(152576K)->0K(152576K) From: 62259K(93696K)->64941K(65024K)
[24.283s][info][gc,heap        ] GC(177) ParOldGen: 5661K(699392K)->59377K(699392K)
[24.283s][info][gc,metaspace   ] GC(177) Metaspace: 16047K(16256K)->16047K(16256K) NonClass: 13852K(13952K)->13852K(13952K) Class: 2194K(2304K)->2194K(2304K)
[24.283s][info][gc             ] GC(177) Pause Young (Allocation Failure) 215M->121M(895M) 64.807ms
[24.283s][info][gc,cpu         ] GC(177) User=0.38s Sys=0.00s Real=0.07s
[24.425s][info][gc,start       ] GC(178) Pause Young (Allocation Failure)
[24.498s][info][gc,heap        ] GC(178) PSYoungGen: 217517K(217600K)->54142K(247808K) Eden: 152576K(152576K)->0K(145408K) From: 64941K(65024K)->54142K(102400K)
[24.498s][info][gc,heap        ] GC(178) ParOldGen: 59377K(699392K)->127743K(699392K)
[24.498s][info][gc,metaspace   ] GC(178) Metaspace: 16047K(16256K)->16047K(16256K) NonClass: 13852K(13952K)->13852K(13952K) Class: 2194K(2304K)->2194K(2304K)
[24.498s][info][gc             ] GC(178) Pause Young (Allocation Failure) 270M->177M(925M) 72.941ms
[24.498s][info][gc,cpu         ] GC(178) User=0.41s Sys=0.00s Real=0.07s
[24.617s][info][gc,start       ] GC(179) Pause Young (Allocation Failure)
[24.666s][info][gc,heap        ] GC(179) PSYoungGen: 199550K(247808K)->25634K(246784K) Eden: 145408K(145408K)->0K(145408K) From: 54142K(102400K)->25634K(101376K)
[24.666s][info][gc,heap        ] GC(179) ParOldGen: 127743K(699392K)->181703K(699392K)
[24.666s][info][gc,metaspace   ] GC(179) Metaspace: 16047K(16256K)->16047K(16256K) NonClass: 13852K(13952K)->13852K(13952K) Class: 2194K(2304K)->2194K(2304K)
[24.666s][info][gc             ] GC(179) Pause Young (Allocation Failure) 319M->202M(924M) 49.654ms
[24.666s][info][gc,cpu         ] GC(179) User=0.28s Sys=0.00s Real=0.05s
[24.745s][info][gc,start       ] GC(180) Pause Young (Allocation Failure)
[24.757s][info][gc,heap        ] GC(180) PSYoungGen: 171042K(246784K)->18592K(253440K) Eden: 145408K(145408K)->0K(155136K) From: 25634K(101376K)->18592K(98304K)
[24.757s][info][gc,heap        ] GC(180) ParOldGen: 181703K(699392K)->199566K(699392K)
[24.757s][info][gc,metaspace   ] GC(180) Metaspace: 16047K(16256K)->16047K(16256K) NonClass: 13852K(13952K)->13852K(13952K) Class: 2194K(2304K)->2194K(2304K)
[24.757s][info][gc             ] GC(180) Pause Young (Allocation Failure) 344M->213M(930M) 12.033ms
[24.757s][info][gc,cpu         ] GC(180) User=0.00s Sys=0.00s Real=0.01s
[24.835s][info][gc,start       ] GC(181) Pause Young (Allocation Failure)
[24.841s][info][gc,heap        ] GC(181) PSYoungGen: 173728K(253440K)->37056K(250880K) Eden: 155136K(155136K)->0K(155136K) From: 18592K(98304K)->37056K(95744K)
[24.841s][info][gc,heap        ] GC(181) ParOldGen: 199566K(699392K)->199566K(699392K)
[24.841s][info][gc,metaspace   ] GC(181) Metaspace: 16047K(16256K)->16047K(16256K) NonClass: 13852K(13952K)->13852K(13952K) Class: 2194K(2304K)->2194K(2304K)
[24.841s][info][gc             ] GC(181) Pause Young (Allocation Failure) 364M->231M(928M) 5.334ms
[24.841s][info][gc,cpu         ] GC(181) User=0.09s Sys=0.00s Real=0.01s
[24.891s][info][gc,start       ] GC(182) Pause Young (System.gc())
[24.892s][info][gc,heap        ] GC(182) PSYoungGen: 75442K(250880K)->160K(256000K) Eden: 38386K(155136K)->0K(165888K) From: 37056K(95744K)->160K(90112K)
[24.892s][info][gc,heap        ] GC(182) ParOldGen: 199566K(699392K)->199566K(699392K)
[24.892s][info][gc,metaspace   ] GC(182) Metaspace: 16047K(16256K)->16047K(16256K) NonClass: 13852K(13952K)->13852K(13952K) Class: 2194K(2304K)->2194K(2304K)
[24.892s][info][gc             ] GC(182) Pause Young (System.gc()) 268M->195M(933M) 0.677ms
[24.892s][info][gc,cpu         ] GC(182) User=0.00s Sys=0.00s Real=0.00s
[24.892s][info][gc,start       ] GC(183) Pause Full (System.gc())
[24.892s][info][gc,phases,start] GC(183) Marking Phase
[24.897s][info][gc,phases      ] GC(183) Marking Phase 4.885ms
[24.897s][info][gc,phases,start] GC(183) Summary Phase
[24.897s][info][gc,phases      ] GC(183) Summary Phase 0.011ms
[24.897s][info][gc,phases,start] GC(183) Adjust Roots
[24.900s][info][gc,phases      ] GC(183) Adjust Roots 2.537ms
[24.900s][info][gc,phases,start] GC(183) Compaction Phase
[24.901s][info][gc,phases      ] GC(183) Compaction Phase 1.395ms
[24.901s][info][gc,phases,start] GC(183) Post Compact
[24.902s][info][gc,phases      ] GC(183) Post Compact 0.769ms
[24.902s][info][gc,heap        ] GC(183) PSYoungGen: 160K(256000K)->0K(256000K) Eden: 0K(165888K)->0K(165888K) From: 160K(90112K)->0K(90112K)
[24.902s][info][gc,heap        ] GC(183) ParOldGen: 199566K(699392K)->5660K(699392K)
[24.902s][info][gc,metaspace   ] GC(183) Metaspace: 16047K(16256K)->16047K(16256K) NonClass: 13852K(13952K)->13852K(13952K) Class: 2194K(2304K)->2194K(2304K)
[24.902s][info][gc             ] GC(183) Pause Full (System.gc()) 195M->5M(933M) 9.842ms
[24.902s][info][gc,cpu         ] GC(183) User=0.03s Sys=0.00s Real=0.01s
[25.039s][info][gc,start       ] GC(184) Pause Young (Allocation Failure)
[25.075s][info][gc,heap        ] GC(184) PSYoungGen: 165888K(256000K)->64988K(230912K) Eden: 165888K(165888K)->0K(165888K) From: 0K(90112K)->64988K(65024K)
[25.075s][info][gc,heap        ] GC(184) ParOldGen: 5660K(699392K)->5660K(699392K)
[25.075s][info][gc,metaspace   ] GC(184) Metaspace: 16047K(16256K)->16047K(16256K) NonClass: 13852K(13952K)->13852K(13952K) Class: 2194K(2304K)->2194K(2304K)
[25.075s][info][gc             ] GC(184) Pause Young (Allocation Failure) 167M->68M(908M) 36.614ms
[25.075s][info][gc,cpu         ] GC(184) User=0.28s Sys=0.00s Real=0.04s
[25.220s][info][gc,start       ] GC(185) Pause Young (Allocation Failure)
[25.289s][info][gc,heap        ] GC(185) PSYoungGen: 230876K(230912K)->69522K(239616K) Eden: 165888K(165888K)->0K(142336K) From: 64988K(65024K)->69522K(97280K)
[25.289s][info][gc,heap        ] GC(185) ParOldGen: 5660K(699392K)->62037K(699392K)
[25.289s][info][gc,metaspace   ] GC(185) Metaspace: 16047K(16256K)->16047K(16256K) NonClass: 13852K(13952K)->13852K(13952K) Class: 2194K(2304K)->2194K(2304K)
[25.289s][info][gc             ] GC(185) Pause Young (Allocation Failure) 230M->128M(917M) 69.256ms
[25.289s][info][gc,cpu         ] GC(185) User=0.38s Sys=0.00s Real=0.08s
[25.413s][info][gc,start       ] GC(186) Pause Young (Allocation Failure)
[25.484s][info][gc,heap        ] GC(186) PSYoungGen: 210678K(239616K)->56068K(245760K) Eden: 141156K(142336K)->0K(142336K) From: 69522K(97280K)->56068K(103424K)
[25.484s][info][gc,heap        ] GC(186) ParOldGen: 62037K(699392K)->128860K(699392K)
[25.484s][info][gc,metaspace   ] GC(186) Metaspace: 16047K(16256K)->16047K(16256K) NonClass: 13852K(13952K)->13852K(13952K) Class: 2194K(2304K)->2194K(2304K)
[25.484s][info][gc             ] GC(186) Pause Young (Allocation Failure) 266M->180M(923M) 71.407ms
[25.484s][info][gc,cpu         ] GC(186) User=0.36s Sys=0.00s Real=0.08s
[25.615s][info][gc,start       ] GC(187) Pause Young (Allocation Failure)
[25.651s][info][gc,heap        ] GC(187) PSYoungGen: 198404K(245760K)->24816K(249344K) Eden: 142336K(142336K)->0K(146432K) From: 56068K(103424K)->24816K(102912K)
[25.651s][info][gc,heap        ] GC(187) ParOldGen: 128860K(699392K)->174858K(699392K)
[25.651s][info][gc,metaspace   ] GC(187) Metaspace: 16047K(16256K)->16047K(16256K) NonClass: 13852K(13952K)->13852K(13952K) Class: 2194K(2304K)->2194K(2304K)
[25.651s][info][gc             ] GC(187) Pause Young (Allocation Failure) 319M->194M(926M) 36.808ms
[25.651s][info][gc,cpu         ] GC(187) User=0.28s Sys=0.00s Real=0.04s
[25.738s][info][gc,start       ] GC(188) Pause Young (Allocation Failure)
[25.750s][info][gc,heap        ] GC(188) PSYoungGen: 171248K(249344K)->21664K(246272K) Eden: 146432K(146432K)->0K(146432K) From: 24816K(102912K)->21664K(99840K)
[25.750s][info][gc,heap        ] GC(188) ParOldGen: 174858K(699392K)->192706K(699392K)
[25.750s][info][gc,metaspace   ] GC(188) Metaspace: 16047K(16256K)->16047K(16256K) NonClass: 13852K(13952K)->13852K(13952K) Class: 2194K(2304K)->2194K(2304K)
[25.750s][info][gc             ] GC(188) Pause Young (Allocation Failure) 337M->209M(923M) 11.997ms
[25.750s][info][gc,cpu         ] GC(188) User=0.09s Sys=0.00s Real=0.01s
[25.830s][info][gc,start       ] GC(189) Pause Young (Allocation Failure)
[25.835s][info][gc,heap        ] GC(189) PSYoungGen: 168096K(246272K)->30880K(257024K) Eden: 146432K(146432K)->0K(160256K) From: 21664K(99840K)->30880K(96768K)
[25.835s][info][gc,heap        ] GC(189) ParOldGen: 192706K(699392K)->198850K(699392K)
[25.835s][info][gc,metaspace   ] GC(189) Metaspace: 16047K(16256K)->16047K(16256K) NonClass: 13852K(13952K)->13852K(13952K) Class: 2194K(2304K)->2194K(2304K)
[25.835s][info][gc             ] GC(189) Pause Young (Allocation Failure) 352M->224M(934M) 5.329ms
[25.835s][info][gc,cpu         ] GC(189) User=0.00s Sys=0.00s Real=0.00s
[25.879s][info][gc,start       ] GC(190) Pause Young (System.gc())
[25.879s][info][gc,heap        ] GC(190) PSYoungGen: 71991K(257024K)->160K(252416K) Eden: 41111K(160256K)->0K(160256K) From: 30880K(96768K)->160K(92160K)
[25.879s][info][gc,heap        ] GC(190) ParOldGen: 198850K(699392K)->198850K(699392K)
[25.879s][info][gc,metaspace   ] GC(190) Metaspace: 16047K(16256K)->16047K(16256K) NonClass: 13852K(13952K)->13852K(13952K) Class: 2194K(2304K)->2194K(2304K)
[25.879s][info][gc             ] GC(190) Pause Young (System.gc()) 264M->194M(929M) 0.380ms
[25.879s][info][gc,cpu         ] GC(190) User=0.00s Sys=0.00s Real=0.00s
[25.879s][info][gc,start       ] GC(191) Pause Full (System.gc())
[25.879s][info][gc,phases,start] GC(191) Marking Phase
[25.884s][info][gc,phases      ] GC(191) Marking Phase 4.363ms
[25.884s][info][gc,phases,start] GC(191) Summary Phase
[25.884s][info][gc,phases      ] GC(191) Summary Phase 0.010ms
[25.884s][info][gc,phases,start] GC(191) Adjust Roots
[25.886s][info][gc,phases      ] GC(191) Adjust Roots 1.970ms
[25.886s][info][gc,phases,start] GC(191) Compaction Phase
[25.887s][info][gc,phases      ] GC(191) Compaction Phase 1.267ms
[25.887s][info][gc,phases,start] GC(191) Post Compact
[25.888s][info][gc,phases      ] GC(191) Post Compact 0.640ms
[25.888s][info][gc,heap        ] GC(191) PSYoungGen: 160K(252416K)->0K(252416K) Eden: 0K(160256K)->0K(160256K) From: 160K(92160K)->0K(92160K)
[25.888s][info][gc,heap        ] GC(191) ParOldGen: 198850K(699392K)->5661K(699392K)
[25.888s][info][gc,metaspace   ] GC(191) Metaspace: 16047K(16256K)->16047K(16256K) NonClass: 13852K(13952K)->13852K(13952K) Class: 2194K(2304K)->2194K(2304K)
[25.888s][info][gc             ] GC(191) Pause Full (System.gc()) 194M->5M(929M) 8.520ms
[25.888s][info][gc,cpu         ] GC(191) User=0.02s Sys=0.00s Real=0.01s
[26.020s][info][gc,start       ] GC(192) Pause Young (Allocation Failure)
[26.055s][info][gc,heap        ] GC(192) PSYoungGen: 160256K(252416K)->62977K(245760K) Eden: 160256K(160256K)->0K(152576K) From: 0K(92160K)->62977K(93184K)
[26.055s][info][gc,heap        ] GC(192) ParOldGen: 5661K(699392K)->5661K(699392K)
[26.055s][info][gc,metaspace   ] GC(192) Metaspace: 16047K(16256K)->16047K(16256K) NonClass: 13852K(13952K)->13852K(13952K) Class: 2194K(2304K)->2194K(2304K)
[26.055s][info][gc             ] GC(192) Pause Young (Allocation Failure) 162M->67M(923M) 35.352ms
[26.055s][info][gc,cpu         ] GC(192) User=0.19s Sys=0.00s Real=0.03s
[26.188s][info][gc,start       ] GC(193) Pause Young (Allocation Failure)
[26.253s][info][gc,heap        ] GC(193) PSYoungGen: 215553K(245760K)->64960K(217600K) Eden: 152576K(152576K)->0K(152576K) From: 62977K(93184K)->64960K(65024K)
[26.256s][info][gc,heap        ] GC(193) ParOldGen: 5661K(699392K)->60072K(699392K)
[26.256s][info][gc,metaspace   ] GC(193) Metaspace: 16047K(16256K)->16047K(16256K) NonClass: 13852K(13952K)->13852K(13952K) Class: 2194K(2304K)->2194K(2304K)
[26.256s][info][gc             ] GC(193) Pause Young (Allocation Failure) 216M->122M(895M) 67.859ms
[26.256s][info][gc,cpu         ] GC(193) User=0.38s Sys=0.00s Real=0.07s
[26.394s][info][gc,start       ] GC(194) Pause Young (Allocation Failure)
[26.467s][info][gc,heap        ] GC(194) PSYoungGen: 215483K(217600K)->53431K(247808K) Eden: 150522K(152576K)->0K(145408K) From: 64960K(65024K)->53431K(102400K)
[26.467s][info][gc,heap        ] GC(194) ParOldGen: 60072K(699392K)->128454K(699392K)
[26.467s][info][gc,metaspace   ] GC(194) Metaspace: 16047K(16256K)->16047K(16256K) NonClass: 13852K(13952K)->13852K(13952K) Class: 2194K(2304K)->2194K(2304K)
[26.467s][info][gc             ] GC(194) Pause Young (Allocation Failure) 269M->177M(925M) 72.210ms
[26.467s][info][gc,cpu         ] GC(194) User=0.41s Sys=0.00s Real=0.06s
[26.590s][info][gc,start       ] GC(195) Pause Young (Allocation Failure)
[26.637s][info][gc,heap        ] GC(195) PSYoungGen: 198839K(247808K)->25672K(246784K) Eden: 145408K(145408K)->0K(145408K) From: 53431K(102400K)->25672K(101376K)
[26.637s][info][gc,heap        ] GC(195) ParOldGen: 128454K(699392K)->181763K(699392K)
[26.637s][info][gc,metaspace   ] GC(195) Metaspace: 16047K(16256K)->16047K(16256K) NonClass: 13852K(13952K)->13852K(13952K) Class: 2194K(2304K)->2194K(2304K)
[26.637s][info][gc             ] GC(195) Pause Young (Allocation Failure) 319M->202M(924M) 46.955ms
[26.637s][info][gc,cpu         ] GC(195) User=0.28s Sys=0.00s Real=0.05s
[26.715s][info][gc,start       ] GC(196) Pause Young (Allocation Failure)
[26.727s][info][gc,heap        ] GC(196) PSYoungGen: 171080K(246784K)->18592K(253440K) Eden: 145408K(145408K)->0K(155648K) From: 25672K(101376K)->18592K(97792K)
[26.727s][info][gc,heap        ] GC(196) ParOldGen: 181763K(699392K)->199626K(699392K)
[26.727s][info][gc,metaspace   ] GC(196) Metaspace: 16047K(16256K)->16047K(16256K) NonClass: 13852K(13952K)->13852K(13952K) Class: 2194K(2304K)->2194K(2304K)
[26.727s][info][gc             ] GC(196) Pause Young (Allocation Failure) 344M->213M(930M) 11.865ms
[26.727s][info][gc,cpu         ] GC(196) User=0.00s Sys=0.00s Real=0.01s
[26.808s][info][gc,start       ] GC(197) Pause Young (Allocation Failure)
[26.813s][info][gc,heap        ] GC(197) PSYoungGen: 174240K(253440K)->37024K(251392K) Eden: 155648K(155648K)->0K(155648K) From: 18592K(97792K)->37024K(95744K)
[26.813s][info][gc,heap        ] GC(197) ParOldGen: 199626K(699392K)->199626K(699392K)
[26.813s][info][gc,metaspace   ] GC(197) Metaspace: 16047K(16256K)->16047K(16256K) NonClass: 13852K(13952K)->13852K(13952K) Class: 2194K(2304K)->2194K(2304K)
[26.814s][info][gc             ] GC(197) Pause Young (Allocation Failure) 365M->231M(928M) 5.782ms
[26.814s][info][gc,cpu         ] GC(197) User=0.00s Sys=0.00s Real=0.01s
[26.859s][info][gc,start       ] GC(198) Pause Young (System.gc())
[26.859s][info][gc,heap        ] GC(198) PSYoungGen: 76314K(251392K)->192K(256512K) Eden: 39290K(155648K)->0K(166912K) From: 37024K(95744K)->192K(89600K)
[26.859s][info][gc,heap        ] GC(198) ParOldGen: 199626K(699392K)->199626K(699392K)
[26.859s][info][gc,metaspace   ] GC(198) Metaspace: 16047K(16256K)->16047K(16256K) NonClass: 13852K(13952K)->13852K(13952K) Class: 2194K(2304K)->2194K(2304K)
[26.859s][info][gc             ] GC(198) Pause Young (System.gc()) 269M->195M(933M) 0.533ms
[26.859s][info][gc,cpu         ] GC(198) User=0.00s Sys=0.00s Real=0.00s
[26.859s][info][gc,start       ] GC(199) Pause Full (System.gc())
[26.859s][info][gc,phases,start] GC(199) Marking Phase
[26.864s][info][gc,phases      ] GC(199) Marking Phase 4.734ms
[26.864s][info][gc,phases,start] GC(199) Summary Phase
[26.864s][info][gc,phases      ] GC(199) Summary Phase 0.010ms
[26.864s][info][gc,phases,start] GC(199) Adjust Roots
[26.866s][info][gc,phases      ] GC(199) Adjust Roots 1.950ms
[26.866s][info][gc,phases,start] GC(199) Compaction Phase
[26.867s][info][gc,phases      ] GC(199) Compaction Phase 1.383ms
[26.867s][info][gc,phases,start] GC(199) Post Compact
[26.868s][info][gc,phases      ] GC(199) Post Compact 0.645ms
[26.868s][info][gc,heap        ] GC(199) PSYoungGen: 192K(256512K)->0K(256512K) Eden: 0K(166912K)->0K(166912K) From: 192K(89600K)->0K(89600K)
[26.868s][info][gc,heap        ] GC(199) ParOldGen: 199626K(699392K)->5661K(699392K)
[26.868s][info][gc,metaspace   ] GC(199) Metaspace: 16047K(16256K)->16047K(16256K) NonClass: 13852K(13952K)->13852K(13952K) Class: 2194K(2304K)->2194K(2304K)
[26.868s][info][gc             ] GC(199) Pause Full (System.gc()) 195M->5M(933M) 8.992ms
[26.868s][info][gc,cpu         ] GC(199) User=0.00s Sys=0.00s Real=0.01s
[27.006s][info][gc,start       ] GC(200) Pause Young (Allocation Failure)
[27.043s][info][gc,heap        ] GC(200) PSYoungGen: 166912K(256512K)->65347K(232448K) Eden: 166912K(166912K)->0K(166912K) From: 0K(89600K)->65347K(65536K)
[27.043s][info][gc,heap        ] GC(200) ParOldGen: 5661K(699392K)->5661K(699392K)
[27.043s][info][gc,metaspace   ] GC(200) Metaspace: 16048K(16256K)->16048K(16256K) NonClass: 13853K(13952K)->13853K(13952K) Class: 2194K(2304K)->2194K(2304K)
[27.043s][info][gc             ] GC(200) Pause Young (Allocation Failure) 168M->69M(910M) 37.241ms
[27.043s][info][gc,cpu         ] GC(200) User=0.23s Sys=0.00s Real=0.04s
[27.189s][info][gc,start       ] GC(201) Pause Young (Allocation Failure)
[27.260s][info][gc,heap        ] GC(201) PSYoungGen: 232259K(232448K)->69906K(239104K) Eden: 166912K(166912K)->0K(142336K) From: 65347K(65536K)->69906K(96768K)
[27.260s][info][gc,heap        ] GC(201) ParOldGen: 5661K(699392K)->62385K(699392K)
[27.260s][info][gc,metaspace   ] GC(201) Metaspace: 16048K(16256K)->16048K(16256K) NonClass: 13853K(13952K)->13853K(13952K) Class: 2194K(2304K)->2194K(2304K)
[27.260s][info][gc             ] GC(201) Pause Young (Allocation Failure) 232M->129M(916M) 70.638ms
[27.260s][info][gc,cpu         ] GC(201) User=0.38s Sys=0.00s Real=0.07s
[27.383s][info][gc,start       ] GC(202) Pause Young (Allocation Failure)
[27.454s][info][gc,heap        ] GC(202) PSYoungGen: 208916K(239104K)->55581K(245760K) Eden: 139010K(142336K)->0K(142336K) From: 69906K(96768K)->55581K(103424K)
[27.454s][info][gc,heap        ] GC(202) ParOldGen: 62385K(699392K)->129564K(699392K)
[27.454s][info][gc,metaspace   ] GC(202) Metaspace: 16048K(16256K)->16048K(16256K) NonClass: 13853K(13952K)->13853K(13952K) Class: 2194K(2304K)->2194K(2304K)
[27.454s][info][gc             ] GC(202) Pause Young (Allocation Failure) 264M->180M(923M) 71.517ms
[27.454s][info][gc,cpu         ] GC(202) User=0.42s Sys=0.00s Real=0.07s
[27.585s][info][gc,start       ] GC(203) Pause Young (Allocation Failure)
[27.621s][info][gc,heap        ] GC(203) PSYoungGen: 197917K(245760K)->25387K(249856K) Eden: 142336K(142336K)->0K(146944K) From: 55581K(103424K)->25387K(102912K)
[27.623s][info][gc,heap        ] GC(203) ParOldGen: 129564K(699392K)->175110K(699392K)
[27.623s][info][gc,metaspace   ] GC(203) Metaspace: 16048K(16256K)->16048K(16256K) NonClass: 13854K(13952K)->13854K(13952K) Class: 2194K(2304K)->2194K(2304K)
[27.623s][info][gc             ] GC(203) Pause Young (Allocation Failure) 319M->195M(927M) 38.657ms
[27.623s][info][gc,cpu         ] GC(203) User=0.28s Sys=0.00s Real=0.03s
[27.710s][info][gc,start       ] GC(204) Pause Young (Allocation Failure)
[27.724s][info][gc,heap        ] GC(204) PSYoungGen: 168725K(249856K)->19616K(246272K) Eden: 143337K(146944K)->0K(146944K) From: 25387K(102912K)->19616K(99328K)
[27.724s][info][gc,heap        ] GC(204) ParOldGen: 175110K(699392K)->192774K(699392K)
[27.724s][info][gc,metaspace   ] GC(204) Metaspace: 16048K(16256K)->16048K(16256K) NonClass: 13854K(13952K)->13854K(13952K) Class: 2194K(2304K)->2194K(2304K)
[27.724s][info][gc             ] GC(204) Pause Young (Allocation Failure) 335M->207M(923M) 13.584ms
[27.724s][info][gc,cpu         ] GC(204) User=0.09s Sys=0.00s Real=0.01s
[27.804s][info][gc,start       ] GC(205) Pause Young (Allocation Failure)
[27.809s][info][gc,heap        ] GC(205) PSYoungGen: 166560K(246272K)->35008K(257536K) Eden: 146944K(146944K)->0K(160768K) From: 19616K(99328K)->35008K(96768K)
[27.809s][info][gc,heap        ] GC(205) ParOldGen: 192774K(699392K)->194822K(699392K)
[27.809s][info][gc,metaspace   ] GC(205) Metaspace: 16048K(16256K)->16048K(16256K) NonClass: 13854K(13952K)->13854K(13952K) Class: 2194K(2304K)->2194K(2304K)
[27.809s][info][gc             ] GC(205) Pause Young (Allocation Failure) 350M->224M(934M) 4.909ms
[27.809s][info][gc,cpu         ] GC(205) User=0.09s Sys=0.00s Real=0.00s
[27.856s][info][gc,start       ] GC(206) Pause Young (System.gc())
[27.857s][info][gc,heap        ] GC(206) PSYoungGen: 79115K(257536K)->160K(252416K) Eden: 44107K(160768K)->0K(160768K) From: 35008K(96768K)->160K(91648K)
[27.857s][info][gc,heap        ] GC(206) ParOldGen: 194822K(699392K)->194822K(699392K)
[27.857s][info][gc,metaspace   ] GC(206) Metaspace: 16049K(16320K)->16049K(16320K) NonClass: 13854K(14016K)->13854K(14016K) Class: 2194K(2304K)->2194K(2304K)
[27.857s][info][gc             ] GC(206) Pause Young (System.gc()) 267M->190M(929M) 0.402ms
[27.857s][info][gc,cpu         ] GC(206) User=0.00s Sys=0.00s Real=0.00s
[27.857s][info][gc,start       ] GC(207) Pause Full (System.gc())
[27.857s][info][gc,phases,start] GC(207) Marking Phase
[27.861s][info][gc,phases      ] GC(207) Marking Phase 4.593ms
[27.861s][info][gc,phases,start] GC(207) Summary Phase
[27.861s][info][gc,phases      ] GC(207) Summary Phase 0.010ms
[27.861s][info][gc,phases,start] GC(207) Adjust Roots
[27.864s][info][gc,phases      ] GC(207) Adjust Roots 2.380ms
[27.864s][info][gc,phases,start] GC(207) Compaction Phase
[27.866s][info][gc,phases      ] GC(207) Compaction Phase 1.886ms
[27.866s][info][gc,phases,start] GC(207) Post Compact
[27.867s][info][gc,phases      ] GC(207) Post Compact 0.773ms
[27.867s][info][gc,heap        ] GC(207) PSYoungGen: 160K(252416K)->0K(252416K) Eden: 0K(160768K)->0K(160768K) From: 160K(91648K)->0K(91648K)
[27.867s][info][gc,heap        ] GC(207) ParOldGen: 194822K(699392K)->5660K(699392K)
[27.867s][info][gc,metaspace   ] GC(207) Metaspace: 16049K(16320K)->16049K(16320K) NonClass: 13854K(14016K)->13854K(14016K) Class: 2194K(2304K)->2194K(2304K)
[27.867s][info][gc             ] GC(207) Pause Full (System.gc()) 190M->5M(929M) 9.857ms
[27.867s][info][gc,cpu         ] GC(207) User=0.00s Sys=0.00s Real=0.02s
[27.999s][info][gc,start       ] GC(208) Pause Young (Allocation Failure)
[28.034s][info][gc,heap        ] GC(208) PSYoungGen: 160768K(252416K)->63182K(246272K) Eden: 160768K(160768K)->0K(153600K) From: 0K(91648K)->63182K(92672K)
[28.035s][info][gc,heap        ] GC(208) ParOldGen: 5660K(699392K)->5660K(699392K)
[28.035s][info][gc,metaspace   ] GC(208) Metaspace: 16049K(16320K)->16049K(16320K) NonClass: 13854K(14016K)->13854K(14016K) Class: 2194K(2304K)->2194K(2304K)
[28.035s][info][gc             ] GC(208) Pause Young (Allocation Failure) 162M->67M(923M) 35.601ms
[28.035s][info][gc,cpu         ] GC(208) User=0.19s Sys=0.00s Real=0.04s
[28.169s][info][gc,start       ] GC(209) Pause Young (Allocation Failure)
[28.236s][info][gc,heap        ] GC(209) PSYoungGen: 216782K(246272K)->65268K(219136K) Eden: 153600K(153600K)->0K(153600K) From: 63182K(92672K)->65268K(65536K)
[28.236s][info][gc,heap        ] GC(209) ParOldGen: 5660K(699392K)->60276K(699392K)
[28.236s][info][gc,metaspace   ] GC(209) Metaspace: 16049K(16320K)->16049K(16320K) NonClass: 13854K(14016K)->13854K(14016K) Class: 2194K(2304K)->2194K(2304K)
[28.236s][info][gc             ] GC(209) Pause Young (Allocation Failure) 217M->122M(897M) 66.976ms
[28.236s][info][gc,cpu         ] GC(209) User=0.38s Sys=0.00s Real=0.07s
[28.374s][info][gc,start       ] GC(210) Pause Young (Allocation Failure)
[28.446s][info][gc,heap        ] GC(210) PSYoungGen: 214502K(219136K)->52944K(248320K) Eden: 149234K(153600K)->0K(146432K) From: 65268K(65536K)->52944K(101888K)
[28.446s][info][gc,heap        ] GC(210) ParOldGen: 60276K(699392K)->128981K(699392K)
[28.446s][info][gc,metaspace   ] GC(210) Metaspace: 16049K(16320K)->16049K(16320K) NonClass: 13854K(14016K)->13854K(14016K) Class: 2194K(2304K)->2194K(2304K)
[28.446s][info][gc             ] GC(210) Pause Young (Allocation Failure) 268M->177M(925M) 72.063ms
[28.446s][info][gc,cpu         ] GC(210) User=0.38s Sys=0.00s Real=0.07s
[28.563s][info][gc,start       ] GC(211) Pause Young (Allocation Failure)
[28.611s][info][gc,heap        ] GC(211) PSYoungGen: 198785K(248320K)->27159K(247296K) Eden: 145841K(146432K)->0K(146432K) From: 52944K(101888K)->27159K(100864K)
[28.611s][info][gc,heap        ] GC(211) ParOldGen: 128981K(699392K)->181798K(699392K)
[28.611s][info][gc,metaspace   ] GC(211) Metaspace: 16049K(16320K)->16049K(16320K) NonClass: 13854K(14016K)->13854K(14016K) Class: 2194K(2304K)->2194K(2304K)
[28.611s][info][gc             ] GC(211) Pause Young (Allocation Failure) 320M->204M(924M) 48.072ms
[28.611s][info][gc,cpu         ] GC(211) User=0.28s Sys=0.00s Real=0.05s
[28.681s][info][gc,start       ] GC(212) Pause Young (Allocation Failure)
[28.693s][info][gc,heap        ] GC(212) PSYoungGen: 173591K(247296K)->18624K(253952K) Eden: 146432K(146432K)->0K(156672K) From: 27159K(100864K)->18624K(97280K)
[28.693s][info][gc,heap        ] GC(212) ParOldGen: 181798K(699392K)->199661K(699392K)
[28.693s][info][gc,metaspace   ] GC(212) Metaspace: 16049K(16320K)->16049K(16320K) NonClass: 13854K(14016K)->13854K(14016K) Class: 2194K(2304K)->2194K(2304K)
[28.693s][info][gc             ] GC(212) Pause Young (Allocation Failure) 347M->213M(931M) 11.948ms
[28.693s][info][gc,cpu         ] GC(212) User=0.09s Sys=0.00s Real=0.01s
[28.773s][info][gc,start       ] GC(213) Pause Young (Allocation Failure)
[28.778s][info][gc,heap        ] GC(213) PSYoungGen: 175296K(253952K)->37056K(251904K) Eden: 156672K(156672K)->0K(156672K) From: 18624K(97280K)->37056K(95232K)
[28.778s][info][gc,heap        ] GC(213) ParOldGen: 199661K(699392K)->199661K(699392K)
[28.778s][info][gc,metaspace   ] GC(213) Metaspace: 16049K(16320K)->16049K(16320K) NonClass: 13854K(14016K)->13854K(14016K) Class: 2194K(2304K)->2194K(2304K)
[28.778s][info][gc             ] GC(213) Pause Young (Allocation Failure) 366M->231M(929M) 4.881ms
[28.778s][info][gc,cpu         ] GC(213) User=0.09s Sys=0.00s Real=0.00s
[28.806s][info][gc,start       ] GC(214) Pause Young (System.gc())
[28.807s][info][gc,heap        ] GC(214) PSYoungGen: 69644K(251904K)->160K(257024K) Eden: 32588K(156672K)->0K(167936K) From: 37056K(95232K)->160K(89088K)
[28.807s][info][gc,heap        ] GC(214) ParOldGen: 199661K(699392K)->199661K(699392K)
[28.807s][info][gc,metaspace   ] GC(214) Metaspace: 16049K(16320K)->16049K(16320K) NonClass: 13854K(14016K)->13854K(14016K) Class: 2194K(2304K)->2194K(2304K)
[28.807s][info][gc             ] GC(214) Pause Young (System.gc()) 262M->195M(934M) 0.509ms
[28.807s][info][gc,cpu         ] GC(214) User=0.00s Sys=0.00s Real=0.00s
[28.807s][info][gc,start       ] GC(215) Pause Full (System.gc())
[28.807s][info][gc,phases,start] GC(215) Marking Phase
[28.811s][info][gc,phases      ] GC(215) Marking Phase 4.634ms
[28.811s][info][gc,phases,start] GC(215) Summary Phase
[28.811s][info][gc,phases      ] GC(215) Summary Phase 0.010ms
[28.811s][info][gc,phases,start] GC(215) Adjust Roots
[28.814s][info][gc,phases      ] GC(215) Adjust Roots 2.504ms
[28.814s][info][gc,phases,start] GC(215) Compaction Phase
[28.815s][info][gc,phases      ] GC(215) Compaction Phase 1.246ms
[28.815s][info][gc,phases,start] GC(215) Post Compact
[28.816s][info][gc,phases      ] GC(215) Post Compact 0.888ms
[28.816s][info][gc,heap        ] GC(215) PSYoungGen: 160K(257024K)->0K(257024K) Eden: 0K(167936K)->0K(167936K) From: 160K(89088K)->0K(89088K)
[28.816s][info][gc,heap        ] GC(215) ParOldGen: 199661K(699392K)->5661K(699392K)
[28.816s][info][gc,metaspace   ] GC(215) Metaspace: 16049K(16320K)->16049K(16320K) NonClass: 13854K(14016K)->13854K(14016K) Class: 2194K(2304K)->2194K(2304K)
[28.816s][info][gc             ] GC(215) Pause Full (System.gc()) 195M->5M(934M) 9.473ms
[28.816s][info][gc,cpu         ] GC(215) User=0.09s Sys=0.00s Real=0.01s
[28.954s][info][gc,start       ] GC(216) Pause Young (Allocation Failure)
[28.991s][info][gc,heap        ] GC(216) PSYoungGen: 167936K(257024K)->65751K(233984K) Eden: 167936K(167936K)->0K(167936K) From: 0K(89088K)->65751K(66048K)
[28.993s][info][gc,heap        ] GC(216) ParOldGen: 5661K(699392K)->5661K(699392K)
[28.993s][info][gc,metaspace   ] GC(216) Metaspace: 16049K(16320K)->16049K(16320K) NonClass: 13854K(14016K)->13854K(14016K) Class: 2194K(2304K)->2194K(2304K)
[28.993s][info][gc             ] GC(216) Pause Young (Allocation Failure) 169M->69M(911M) 39.249ms
[28.993s][info][gc,cpu         ] GC(216) User=0.19s Sys=0.00s Real=0.05s
[29.139s][info][gc,start       ] GC(217) Pause Young (Allocation Failure)
[29.211s][info][gc,heap        ] GC(217) PSYoungGen: 233687K(233984K)->70245K(240128K) Eden: 167936K(167936K)->0K(143360K) From: 65751K(66048K)->70245K(96768K)
[29.211s][info][gc,heap        ] GC(217) ParOldGen: 5661K(699392K)->62748K(699392K)
[29.211s][info][gc,metaspace   ] GC(217) Metaspace: 16049K(16320K)->16049K(16320K) NonClass: 13854K(14016K)->13854K(14016K) Class: 2194K(2304K)->2194K(2304K)
[29.211s][info][gc             ] GC(217) Pause Young (Allocation Failure) 233M->129M(917M) 71.910ms
[29.211s][info][gc,cpu         ] GC(217) User=0.38s Sys=0.00s Real=0.08s
[29.330s][info][gc,start       ] GC(218) Pause Young (Allocation Failure)
[29.402s][info][gc,heap        ] GC(218) PSYoungGen: 208115K(240128K)->54671K(246272K) Eden: 137869K(143360K)->0K(143360K) From: 70245K(96768K)->54671K(102912K)
[29.402s][info][gc,heap        ] GC(218) ParOldGen: 62748K(699392K)->130283K(699392K)
[29.402s][info][gc,metaspace   ] GC(218) Metaspace: 16049K(16320K)->16049K(16320K) NonClass: 13854K(14016K)->13854K(14016K) Class: 2194K(2304K)->2194K(2304K)
[29.402s][info][gc             ] GC(218) Pause Young (Allocation Failure) 264M->180M(923M) 71.500ms
[29.402s][info][gc,cpu         ] GC(218) User=0.39s Sys=0.00s Real=0.08s
[29.518s][info][gc,start       ] GC(219) Pause Young (Allocation Failure)
[29.555s][info][gc,heap        ] GC(219) PSYoungGen: 198031K(246272K)->26376K(250368K) Eden: 143360K(143360K)->0K(147968K) From: 54671K(102912K)->26376K(102400K)
[29.555s][info][gc,heap        ] GC(219) ParOldGen: 130283K(699392K)->174899K(699392K)
[29.555s][info][gc,metaspace   ] GC(219) Metaspace: 16052K(16320K)->16052K(16320K) NonClass: 13857K(14016K)->13857K(14016K) Class: 2194K(2304K)->2194K(2304K)
[29.555s][info][gc             ] GC(219) Pause Young (Allocation Failure) 320M->196M(927M) 36.353ms
[29.555s][info][gc,cpu         ] GC(219) User=0.19s Sys=0.00s Real=0.04s
[29.628s][info][gc,start       ] GC(220) Pause Young (Allocation Failure)
[29.640s][info][gc,heap        ] GC(220) PSYoungGen: 174344K(250368K)->18592K(246784K) Eden: 147968K(147968K)->0K(147968K) From: 26376K(102400K)->18592K(98816K)
[29.640s][info][gc,heap        ] GC(220) ParOldGen: 174899K(699392K)->192766K(699392K)
[29.640s][info][gc,metaspace   ] GC(220) Metaspace: 16052K(16320K)->16052K(16320K) NonClass: 13857K(14016K)->13857K(14016K) Class: 2194K(2304K)->2194K(2304K)
[29.640s][info][gc             ] GC(220) Pause Young (Allocation Failure) 341M->206M(924M) 11.754ms
[29.640s][info][gc,cpu         ] GC(220) User=0.09s Sys=0.00s Real=0.01s
[29.712s][info][gc,start       ] GC(221) Pause Young (Allocation Failure)
[29.717s][info][gc,heap        ] GC(221) PSYoungGen: 166560K(246784K)->37024K(258048K) Eden: 147968K(147968K)->0K(161280K) From: 18592K(98816K)->37024K(96768K)
[29.717s][info][gc,heap        ] GC(221) ParOldGen: 192766K(699392K)->192766K(699392K)
[29.717s][info][gc,metaspace   ] GC(221) Metaspace: 16052K(16320K)->16052K(16320K) NonClass: 13857K(14016K)->13857K(14016K) Class: 2194K(2304K)->2194K(2304K)
[29.717s][info][gc             ] GC(221) Pause Young (Allocation Failure) 350M->224M(935M) 5.292ms
[29.717s][info][gc,cpu         ] GC(221) User=0.09s Sys=0.00s Real=0.01s
[29.763s][info][gc,start       ] GC(222) Pause Young (System.gc())
[29.764s][info][gc,heap        ] GC(222) PSYoungGen: 75506K(258048K)->128K(252416K) Eden: 38482K(161280K)->0K(161280K) From: 37024K(96768K)->128K(91136K)
[29.764s][info][gc,heap        ] GC(222) ParOldGen: 192766K(699392K)->192766K(699392K)
[29.764s][info][gc,metaspace   ] GC(222) Metaspace: 16052K(16320K)->16052K(16320K) NonClass: 13857K(14016K)->13857K(14016K) Class: 2194K(2304K)->2194K(2304K)
[29.764s][info][gc             ] GC(222) Pause Young (System.gc()) 261M->188M(929M) 0.544ms
[29.764s][info][gc,cpu         ] GC(222) User=0.00s Sys=0.00s Real=0.00s
[29.764s][info][gc,start       ] GC(223) Pause Full (System.gc())
[29.764s][info][gc,phases,start] GC(223) Marking Phase
[29.768s][info][gc,phases      ] GC(223) Marking Phase 4.564ms
[29.768s][info][gc,phases,start] GC(223) Summary Phase
[29.768s][info][gc,phases      ] GC(223) Summary Phase 0.011ms
[29.768s][info][gc,phases,start] GC(223) Adjust Roots
[29.770s][info][gc,phases      ] GC(223) Adjust Roots 1.943ms
[29.771s][info][gc,phases,start] GC(223) Compaction Phase
[29.773s][info][gc,phases      ] GC(223) Compaction Phase 1.993ms
[29.773s][info][gc,phases,start] GC(223) Post Compact
[29.773s][info][gc,phases      ] GC(223) Post Compact 0.620ms
[29.773s][info][gc,heap        ] GC(223) PSYoungGen: 128K(252416K)->0K(252416K) Eden: 0K(161280K)->0K(161280K) From: 128K(91136K)->0K(91136K)
[29.773s][info][gc,heap        ] GC(223) ParOldGen: 192766K(699392K)->5661K(699392K)
[29.773s][info][gc,metaspace   ] GC(223) Metaspace: 16052K(16320K)->16052K(16320K) NonClass: 13857K(14016K)->13857K(14016K) Class: 2194K(2304K)->2194K(2304K)
[29.773s][info][gc             ] GC(223) Pause Full (System.gc()) 188M->5M(929M) 9.390ms
[29.773s][info][gc,cpu         ] GC(223) User=0.00s Sys=0.00s Real=0.02s
[29.907s][info][gc,start       ] GC(224) Pause Young (Allocation Failure)
[29.942s][info][gc,heap        ] GC(224) PSYoungGen: 161280K(252416K)->63445K(246784K) Eden: 161280K(161280K)->0K(154624K) From: 0K(91136K)->63445K(92160K)
[29.942s][info][gc,heap        ] GC(224) ParOldGen: 5661K(699392K)->5661K(699392K)
[29.942s][info][gc,metaspace   ] GC(224) Metaspace: 16052K(16320K)->16052K(16320K) NonClass: 13857K(14016K)->13857K(14016K) Class: 2194K(2304K)->2194K(2304K)
[29.942s][info][gc             ] GC(224) Pause Young (Allocation Failure) 163M->67M(924M) 35.433ms
[29.943s][info][gc,cpu         ] GC(224) User=0.17s Sys=0.02s Real=0.05s
[30.079s][info][gc,start       ] GC(225) Pause Young (Allocation Failure)
[30.147s][info][gc,heap        ] GC(225) PSYoungGen: 218069K(246784K)->65652K(220672K) Eden: 154624K(154624K)->0K(154624K) From: 63445K(92160K)->65652K(66048K)
[30.147s][info][gc,heap        ] GC(225) ParOldGen: 5661K(699392K)->60460K(699392K)
[30.147s][info][gc,metaspace   ] GC(225) Metaspace: 16052K(16320K)->16052K(16320K) NonClass: 13857K(14016K)->13857K(14016K) Class: 2194K(2304K)->2194K(2304K)
[30.147s][info][gc             ] GC(225) Pause Young (Allocation Failure) 218M->123M(898M) 68.343ms
[30.147s][info][gc,cpu         ] GC(225) User=0.38s Sys=0.00s Real=0.08s
[30.284s][info][gc,start       ] GC(226) Pause Young (Allocation Failure)
[30.355s][info][gc,heap        ] GC(226) PSYoungGen: 213585K(220672K)->52540K(248832K) Eden: 147933K(154624K)->0K(146944K) From: 65652K(66048K)->52540K(101888K)
[30.357s][info][gc,heap        ] GC(226) ParOldGen: 60460K(699392K)->129537K(699392K)
[30.357s][info][gc,metaspace   ] GC(226) Metaspace: 16052K(16320K)->16052K(16320K) NonClass: 13857K(14016K)->13857K(14016K) Class: 2194K(2304K)->2194K(2304K)
[30.357s][info][gc             ] GC(226) Pause Young (Allocation Failure) 267M->177M(926M) 72.920ms
[30.357s][info][gc,cpu         ] GC(226) User=0.47s Sys=0.00s Real=0.08s
[30.477s][info][gc,start       ] GC(227) Pause Young (Allocation Failure)
[30.524s][info][gc,heap        ] GC(227) PSYoungGen: 199484K(248832K)->25427K(247296K) Eden: 146944K(146944K)->0K(146944K) From: 52540K(101888K)->25427K(100352K)
[30.524s][info][gc,heap        ] GC(227) ParOldGen: 129537K(699392K)->181916K(699392K)
[30.524s][info][gc,metaspace   ] GC(227) Metaspace: 16052K(16320K)->16052K(16320K) NonClass: 13857K(14016K)->13857K(14016K) Class: 2194K(2304K)->2194K(2304K)
[30.524s][info][gc             ] GC(227) Pause Young (Allocation Failure) 321M->202M(924M) 46.988ms
[30.524s][info][gc,cpu         ] GC(227) User=0.28s Sys=0.00s Real=0.05s
[30.603s][info][gc,start       ] GC(228) Pause Young (Allocation Failure)
[30.614s][info][gc,heap        ] GC(228) PSYoungGen: 172371K(247296K)->18624K(254464K) Eden: 146944K(146944K)->0K(157184K) From: 25427K(100352K)->18624K(97280K)
[30.614s][info][gc,heap        ] GC(228) ParOldGen: 181916K(699392K)->199579K(699392K)
[30.614s][info][gc,metaspace   ] GC(228) Metaspace: 16052K(16320K)->16052K(16320K) NonClass: 13857K(14016K)->13857K(14016K) Class: 2194K(2304K)->2194K(2304K)
[30.614s][info][gc             ] GC(228) Pause Young (Allocation Failure) 345M->213M(931M) 11.417ms
[30.614s][info][gc,cpu         ] GC(228) User=0.09s Sys=0.00s Real=0.01s
[30.694s][info][gc,start       ] GC(229) Pause Young (Allocation Failure)
[30.699s][info][gc,heap        ] GC(229) PSYoungGen: 175808K(254464K)->37056K(251904K) Eden: 157184K(157184K)->0K(157184K) From: 18624K(97280K)->37056K(94720K)
[30.699s][info][gc,heap        ] GC(229) ParOldGen: 199579K(699392K)->199579K(699392K)
[30.699s][info][gc,metaspace   ] GC(229) Metaspace: 16052K(16320K)->16052K(16320K) NonClass: 13857K(14016K)->13857K(14016K) Class: 2194K(2304K)->2194K(2304K)
[30.699s][info][gc             ] GC(229) Pause Young (Allocation Failure) 366M->231M(929M) 4.998ms
[30.699s][info][gc,cpu         ] GC(229) User=0.09s Sys=0.00s Real=0.01s
[30.739s][info][gc,start       ] GC(230) Pause Young (System.gc())
[30.740s][info][gc,heap        ] GC(230) PSYoungGen: 72273K(251904K)->160K(257024K) Eden: 35217K(157184K)->0K(167936K) From: 37056K(94720K)->160K(89088K)
[30.740s][info][gc,heap        ] GC(230) ParOldGen: 199579K(699392K)->199579K(699392K)
[30.740s][info][gc,metaspace   ] GC(230) Metaspace: 16052K(16320K)->16052K(16320K) NonClass: 13857K(14016K)->13857K(14016K) Class: 2194K(2304K)->2194K(2304K)
[30.740s][info][gc             ] GC(230) Pause Young (System.gc()) 265M->195M(934M) 0.649ms
[30.740s][info][gc,cpu         ] GC(230) User=0.00s Sys=0.00s Real=0.00s
[30.740s][info][gc,start       ] GC(231) Pause Full (System.gc())
[30.740s][info][gc,phases,start] GC(231) Marking Phase
[30.745s][info][gc,phases      ] GC(231) Marking Phase 4.625ms
[30.745s][info][gc,phases,start] GC(231) Summary Phase
[30.745s][info][gc,phases      ] GC(231) Summary Phase 0.009ms
[30.745s][info][gc,phases,start] GC(231) Adjust Roots
[30.747s][info][gc,phases      ] GC(231) Adjust Roots 2.438ms
[30.747s][info][gc,phases,start] GC(231) Compaction Phase
[30.749s][info][gc,phases      ] GC(231) Compaction Phase 1.753ms
[30.749s][info][gc,phases,start] GC(231) Post Compact
[30.750s][info][gc,phases      ] GC(231) Post Compact 0.639ms
[30.750s][info][gc,heap        ] GC(231) PSYoungGen: 160K(257024K)->0K(257024K) Eden: 0K(167936K)->0K(167936K) From: 160K(89088K)->0K(89088K)
[30.750s][info][gc,heap        ] GC(231) ParOldGen: 199579K(699392K)->5661K(699392K)
[30.750s][info][gc,metaspace   ] GC(231) Metaspace: 16052K(16320K)->16052K(16320K) NonClass: 13857K(14016K)->13857K(14016K) Class: 2194K(2304K)->2194K(2304K)
[30.750s][info][gc             ] GC(231) Pause Full (System.gc()) 195M->5M(934M) 9.722ms
[30.750s][info][gc,cpu         ] GC(231) User=0.02s Sys=0.00s Real=0.02s
[30.891s][info][gc,start       ] GC(232) Pause Young (Allocation Failure)
[30.929s][info][gc,heap        ] GC(232) PSYoungGen: 167936K(257024K)->65783K(233984K) Eden: 167936K(167936K)->0K(167936K) From: 0K(89088K)->65783K(66048K)
[30.929s][info][gc,heap        ] GC(232) ParOldGen: 5661K(699392K)->5661K(699392K)
[30.929s][info][gc,metaspace   ] GC(232) Metaspace: 16055K(16320K)->16055K(16320K) NonClass: 13860K(14016K)->13860K(14016K) Class: 2194K(2304K)->2194K(2304K)
[30.929s][info][gc             ] GC(232) Pause Young (Allocation Failure) 169M->69M(911M) 37.598ms
[30.929s][info][gc,cpu         ] GC(232) User=0.19s Sys=0.00s Real=0.04s
[31.076s][info][gc,start       ] GC(233) Pause Young (Allocation Failure)
[31.148s][info][gc,heap        ] GC(233) PSYoungGen: 233719K(233984K)->70233K(240128K) Eden: 167936K(167936K)->0K(143360K) From: 65783K(66048K)->70233K(96768K)
[31.148s][info][gc,heap        ] GC(233) ParOldGen: 5661K(699392K)->62748K(699392K)
[31.148s][info][gc,metaspace   ] GC(233) Metaspace: 16055K(16320K)->16055K(16320K) NonClass: 13860K(14016K)->13860K(14016K) Class: 2194K(2304K)->2194K(2304K)
[31.148s][info][gc             ] GC(233) Pause Young (Allocation Failure) 233M->129M(917M) 72.484ms
[31.148s][info][gc,cpu         ] GC(233) User=0.38s Sys=0.00s Real=0.07s
[31.268s][info][gc,start       ] GC(234) Pause Young (Allocation Failure)
[31.339s][info][gc,heap        ] GC(234) PSYoungGen: 208096K(240128K)->54838K(246272K) Eden: 137862K(143360K)->0K(143360K) From: 70233K(96768K)->54838K(102912K)
[31.339s][info][gc,heap        ] GC(234) ParOldGen: 62748K(699392K)->130275K(699392K)
[31.339s][info][gc,metaspace   ] GC(234) Metaspace: 16055K(16320K)->16055K(16320K) NonClass: 13860K(14016K)->13860K(14016K) Class: 2194K(2304K)->2194K(2304K)
[31.339s][info][gc             ] GC(234) Pause Young (Allocation Failure) 264M->180M(923M) 71.082ms
[31.339s][info][gc,cpu         ] GC(234) User=0.41s Sys=0.00s Real=0.07s
[31.459s][info][gc,start       ] GC(235) Pause Young (Allocation Failure)
[31.493s][info][gc,heap        ] GC(235) PSYoungGen: 198064K(246272K)->25984K(250368K) Eden: 143226K(143360K)->0K(147968K) From: 54838K(102912K)->25984K(102400K)
[31.493s][info][gc,heap        ] GC(235) ParOldGen: 130275K(699392K)->175062K(699392K)
[31.494s][info][gc,metaspace   ] GC(235) Metaspace: 16060K(16320K)->16060K(16320K) NonClass: 13865K(14016K)->13865K(14016K) Class: 2194K(2304K)->2194K(2304K)
[31.494s][info][gc             ] GC(235) Pause Young (Allocation Failure) 320M->196M(927M) 34.779ms
[31.494s][info][gc,cpu         ] GC(235) User=0.19s Sys=0.00s Real=0.03s
[31.567s][info][gc,start       ] GC(236) Pause Young (Allocation Failure)
[31.578s][info][gc,heap        ] GC(236) PSYoungGen: 173952K(250368K)->18624K(246784K) Eden: 147968K(147968K)->0K(147968K) From: 25984K(102400K)->18624K(98816K)
[31.578s][info][gc,heap        ] GC(236) ParOldGen: 175062K(699392K)->192734K(699392K)
[31.578s][info][gc,metaspace   ] GC(236) Metaspace: 16060K(16320K)->16060K(16320K) NonClass: 13865K(14016K)->13865K(14016K) Class: 2194K(2304K)->2194K(2304K)
[31.578s][info][gc             ] GC(236) Pause Young (Allocation Failure) 340M->206M(924M) 11.259ms
[31.578s][info][gc,cpu         ] GC(236) User=0.09s Sys=0.00s Real=0.01s
[31.643s][info][gc,start       ] GC(237) Pause Young (Allocation Failure)
[31.649s][info][gc,heap        ] GC(237) PSYoungGen: 166592K(246784K)->37056K(258048K) Eden: 147968K(147968K)->0K(161280K) From: 18624K(98816K)->37056K(96768K)
[31.649s][info][gc,heap        ] GC(237) ParOldGen: 192734K(699392K)->192734K(699392K)
[31.649s][info][gc,metaspace   ] GC(237) Metaspace: 16060K(16320K)->16060K(16320K) NonClass: 13865K(14016K)->13865K(14016K) Class: 2194K(2304K)->2194K(2304K)
[31.649s][info][gc             ] GC(237) Pause Young (Allocation Failure) 350M->224M(935M) 5.226ms
[31.649s][info][gc,cpu         ] GC(237) User=0.00s Sys=0.00s Real=0.01s
[31.675s][info][gc,start       ] GC(238) Pause Young (System.gc())
[31.675s][info][gc,heap        ] GC(238) PSYoungGen: 75084K(258048K)->160K(252416K) Eden: 38028K(161280K)->0K(161280K) From: 37056K(96768K)->160K(91136K)
[31.675s][info][gc,heap        ] GC(238) ParOldGen: 192734K(699392K)->192734K(699392K)
[31.675s][info][gc,metaspace   ] GC(238) Metaspace: 16060K(16320K)->16060K(16320K) NonClass: 13865K(14016K)->13865K(14016K) Class: 2194K(2304K)->2194K(2304K)
[31.675s][info][gc             ] GC(238) Pause Young (System.gc()) 261M->188M(929M) 0.369ms
[31.675s][info][gc,cpu         ] GC(238) User=0.00s Sys=0.00s Real=0.00s
[31.675s][info][gc,start       ] GC(239) Pause Full (System.gc())
[31.675s][info][gc,phases,start] GC(239) Marking Phase
[31.680s][info][gc,phases      ] GC(239) Marking Phase 4.241ms
[31.680s][info][gc,phases,start] GC(239) Summary Phase
[31.680s][info][gc,phases      ] GC(239) Summary Phase 0.010ms
[31.680s][info][gc,phases,start] GC(239) Adjust Roots
[31.683s][info][gc,phases      ] GC(239) Adjust Roots 3.066ms
[31.683s][info][gc,phases,start] GC(239) Compaction Phase
[31.684s][info][gc,phases      ] GC(239) Compaction Phase 1.357ms
[31.684s][info][gc,phases,start] GC(239) Post Compact
[31.685s][info][gc,phases      ] GC(239) Post Compact 0.630ms
[31.685s][info][gc,heap        ] GC(239) PSYoungGen: 160K(252416K)->0K(252416K) Eden: 0K(161280K)->0K(161280K) From: 160K(91136K)->0K(91136K)
[31.685s][info][gc,heap        ] GC(239) ParOldGen: 192734K(699392K)->5661K(699392K)
[31.685s][info][gc,metaspace   ] GC(239) Metaspace: 16060K(16320K)->16060K(16320K) NonClass: 13865K(14016K)->13865K(14016K) Class: 2194K(2304K)->2194K(2304K)
[31.685s][info][gc             ] GC(239) Pause Full (System.gc()) 188M->5M(929M) 9.557ms
[31.685s][info][gc,cpu         ] GC(239) User=0.02s Sys=0.00s Real=0.00s
[31.819s][info][gc,start       ] GC(240) Pause Young (Allocation Failure)
[31.855s][info][gc,heap        ] GC(240) PSYoungGen: 161280K(252416K)->63413K(246784K) Eden: 161280K(161280K)->0K(154624K) From: 0K(91136K)->63413K(92160K)
[31.855s][info][gc,heap        ] GC(240) ParOldGen: 5661K(699392K)->5661K(699392K)
[31.855s][info][gc,metaspace   ] GC(240) Metaspace: 16062K(16320K)->16062K(16320K) NonClass: 13868K(14016K)->13868K(14016K) Class: 2194K(2304K)->2194K(2304K)
[31.855s][info][gc             ] GC(240) Pause Young (Allocation Failure) 163M->67M(924M) 35.571ms
[31.855s][info][gc,cpu         ] GC(240) User=0.28s Sys=0.00s Real=0.04s
[31.991s][info][gc,start       ] GC(241) Pause Young (Allocation Failure)
[32.058s][info][gc,heap        ] GC(241) PSYoungGen: 218037K(246784K)->65671K(220672K) Eden: 154624K(154624K)->0K(154624K) From: 63413K(92160K)->65671K(66048K)
[32.058s][info][gc,heap        ] GC(241) ParOldGen: 5661K(699392K)->60456K(699392K)
[32.058s][info][gc,metaspace   ] GC(241) Metaspace: 16062K(16320K)->16062K(16320K) NonClass: 13868K(14016K)->13868K(14016K) Class: 2194K(2304K)->2194K(2304K)
[32.058s][info][gc             ] GC(241) Pause Young (Allocation Failure) 218M->123M(898M) 67.016ms
[32.058s][info][gc,cpu         ] GC(241) User=0.47s Sys=0.00s Real=0.07s
[32.195s][info][gc,start       ] GC(242) Pause Young (Allocation Failure)
[32.268s][info][gc,heap        ] GC(242) PSYoungGen: 213598K(220672K)->52380K(248832K) Eden: 147926K(154624K)->0K(146944K) From: 65671K(66048K)->52380K(101888K)
[32.268s][info][gc,heap        ] GC(242) ParOldGen: 60456K(699392K)->129533K(699392K)
[32.268s][info][gc,metaspace   ] GC(242) Metaspace: 16062K(16320K)->16062K(16320K) NonClass: 13868K(14016K)->13868K(14016K) Class: 2194K(2304K)->2194K(2304K)
[32.268s][info][gc             ] GC(242) Pause Young (Allocation Failure) 267M->177M(926M) 72.465ms
[32.268s][info][gc,cpu         ] GC(242) User=0.41s Sys=0.00s Real=0.06s
[32.387s][info][gc,start       ] GC(243) Pause Young (Allocation Failure)
[32.436s][info][gc,heap        ] GC(243) PSYoungGen: 199324K(248832K)->25602K(247296K) Eden: 146944K(146944K)->0K(146944K) From: 52380K(101888K)->25602K(100352K)
[32.436s][info][gc,heap        ] GC(243) ParOldGen: 129533K(699392K)->181783K(699392K)
[32.436s][info][gc,metaspace   ] GC(243) Metaspace: 16080K(16320K)->16080K(16320K) NonClass: 13886K(14016K)->13886K(14016K) Class: 2194K(2304K)->2194K(2304K)
[32.436s][info][gc             ] GC(243) Pause Young (Allocation Failure) 321M->202M(924M) 48.841ms
[32.436s][info][gc,cpu         ] GC(243) User=0.28s Sys=0.00s Real=0.05s
[32.511s][info][gc,start       ] GC(244) Pause Young (Allocation Failure)
[32.522s][info][gc,heap        ] GC(244) PSYoungGen: 172546K(247296K)->18592K(254464K) Eden: 146944K(146944K)->0K(157696K) From: 25602K(100352K)->18592K(96768K)
[32.522s][info][gc,heap        ] GC(244) ParOldGen: 181783K(699392K)->199635K(699392K)
[32.522s][info][gc,metaspace   ] GC(244) Metaspace: 16080K(16320K)->16080K(16320K) NonClass: 13886K(14016K)->13886K(14016K) Class: 2194K(2304K)->2194K(2304K)
[32.522s][info][gc             ] GC(244) Pause Young (Allocation Failure) 346M->213M(931M) 11.551ms
[32.522s][info][gc,cpu         ] GC(244) User=0.00s Sys=0.00s Real=0.01s
[32.601s][info][gc,start       ] GC(245) Pause Young (Allocation Failure)
[32.606s][info][gc,heap        ] GC(245) PSYoungGen: 176288K(254464K)->37056K(252416K) Eden: 157696K(157696K)->0K(157696K) From: 18592K(96768K)->37056K(94720K)
[32.606s][info][gc,heap        ] GC(245) ParOldGen: 199635K(699392K)->199635K(699392K)
[32.606s][info][gc,metaspace   ] GC(245) Metaspace: 16080K(16320K)->16080K(16320K) NonClass: 13886K(14016K)->13886K(14016K) Class: 2194K(2304K)->2194K(2304K)
[32.606s][info][gc             ] GC(245) Pause Young (Allocation Failure) 367M->231M(929M) 5.155ms
[32.606s][info][gc,cpu         ] GC(245) User=0.09s Sys=0.00s Real=0.01s
[32.643s][info][gc,start       ] GC(246) Pause Young (System.gc())
[32.643s][info][gc,heap        ] GC(246) PSYoungGen: 71631K(252416K)->160K(257024K) Eden: 34575K(157696K)->0K(167936K) From: 37056K(94720K)->160K(89088K)
[32.643s][info][gc,heap        ] GC(246) ParOldGen: 199635K(699392K)->199635K(699392K)
[32.643s][info][gc,metaspace   ] GC(246) Metaspace: 16081K(16320K)->16081K(16320K) NonClass: 13887K(14016K)->13887K(14016K) Class: 2194K(2304K)->2194K(2304K)
[32.643s][info][gc             ] GC(246) Pause Young (System.gc()) 264M->195M(934M) 0.588ms
[32.643s][info][gc,cpu         ] GC(246) User=0.00s Sys=0.00s Real=0.00s
[32.643s][info][gc,start       ] GC(247) Pause Full (System.gc())
[32.643s][info][gc,phases,start] GC(247) Marking Phase
[32.648s][info][gc,phases      ] GC(247) Marking Phase 4.703ms
[32.648s][info][gc,phases,start] GC(247) Summary Phase
[32.648s][info][gc,phases      ] GC(247) Summary Phase 0.011ms
[32.648s][info][gc,phases,start] GC(247) Adjust Roots
[32.650s][info][gc,phases      ] GC(247) Adjust Roots 1.998ms
[32.650s][info][gc,phases,start] GC(247) Compaction Phase
[32.652s][info][gc,phases      ] GC(247) Compaction Phase 1.715ms
[32.652s][info][gc,phases,start] GC(247) Post Compact
[32.653s][info][gc,phases      ] GC(247) Post Compact 0.709ms
[32.653s][info][gc,heap        ] GC(247) PSYoungGen: 160K(257024K)->0K(257024K) Eden: 0K(167936K)->0K(167936K) From: 160K(89088K)->0K(89088K)
[32.653s][info][gc,heap        ] GC(247) ParOldGen: 199635K(699392K)->5661K(699392K)
[32.653s][info][gc,metaspace   ] GC(247) Metaspace: 16081K(16320K)->16081K(16320K) NonClass: 13887K(14016K)->13887K(14016K) Class: 2194K(2304K)->2194K(2304K)
[32.653s][info][gc             ] GC(247) Pause Full (System.gc()) 195M->5M(934M) 9.371ms
[32.653s][info][gc,cpu         ] GC(247) User=0.03s Sys=0.00s Real=0.01s
[32.793s][info][gc,start       ] GC(248) Pause Young (Allocation Failure)
[32.830s][info][gc,heap        ] GC(248) PSYoungGen: 167936K(257024K)->65763K(233984K) Eden: 167936K(167936K)->0K(167936K) From: 0K(89088K)->65763K(66048K)
[32.830s][info][gc,heap        ] GC(248) ParOldGen: 5661K(699392K)->5661K(699392K)
[32.830s][info][gc,metaspace   ] GC(248) Metaspace: 16081K(16320K)->16081K(16320K) NonClass: 13887K(14016K)->13887K(14016K) Class: 2194K(2304K)->2194K(2304K)
[32.830s][info][gc             ] GC(248) Pause Young (Allocation Failure) 169M->69M(911M) 36.895ms
[32.830s][info][gc,cpu         ] GC(248) User=0.19s Sys=0.00s Real=0.04s
[32.978s][info][gc,start       ] GC(249) Pause Young (Allocation Failure)
[33.049s][info][gc,heap        ] GC(249) PSYoungGen: 233699K(233984K)->70277K(240128K) Eden: 167936K(167936K)->0K(143360K) From: 65763K(66048K)->70277K(96768K)
[33.049s][info][gc,heap        ] GC(249) ParOldGen: 5661K(699392K)->62752K(699392K)
[33.049s][info][gc,metaspace   ] GC(249) Metaspace: 16081K(16320K)->16081K(16320K) NonClass: 13887K(14016K)->13887K(14016K) Class: 2194K(2304K)->2194K(2304K)
[33.049s][info][gc             ] GC(249) Pause Young (Allocation Failure) 233M->129M(917M) 71.190ms
[33.049s][info][gc,cpu         ] GC(249) User=0.45s Sys=0.00s Real=0.08s
[33.169s][info][gc,start       ] GC(250) Pause Young (Allocation Failure)
[33.239s][info][gc,heap        ] GC(250) PSYoungGen: 208137K(240128K)->54659K(246272K) Eden: 137859K(143360K)->0K(143360K) From: 70277K(96768K)->54659K(102912K)
[33.239s][info][gc,heap        ] GC(250) ParOldGen: 62752K(699392K)->130303K(699392K)
[33.239s][info][gc,metaspace   ] GC(250) Metaspace: 16081K(16320K)->16081K(16320K) NonClass: 13887K(14016K)->13887K(14016K) Class: 2194K(2304K)->2194K(2304K)
[33.239s][info][gc             ] GC(250) Pause Young (Allocation Failure) 264M->180M(923M) 70.062ms
[33.239s][info][gc,cpu         ] GC(250) User=0.38s Sys=0.00s Real=0.08s
[33.356s][info][gc,start       ] GC(251) Pause Young (Allocation Failure)
[33.391s][info][gc,heap        ] GC(251) PSYoungGen: 197732K(246272K)->26380K(250368K) Eden: 143072K(143360K)->0K(148480K) From: 54659K(102912K)->26380K(101888K)
[33.391s][info][gc,heap        ] GC(251) ParOldGen: 130303K(699392K)->174871K(699392K)
[33.391s][info][gc,metaspace   ] GC(251) Metaspace: 16082K(16320K)->16082K(16320K) NonClass: 13887K(14016K)->13887K(14016K) Class: 2194K(2304K)->2194K(2304K)
[33.391s][info][gc             ] GC(251) Pause Young (Allocation Failure) 320M->196M(927M) 35.040ms
[33.391s][info][gc,cpu         ] GC(251) User=0.19s Sys=0.00s Real=0.04s
[33.462s][info][gc,start       ] GC(252) Pause Young (Allocation Failure)
[33.474s][info][gc,heap        ] GC(252) PSYoungGen: 174860K(250368K)->18624K(247296K) Eden: 148480K(148480K)->0K(148480K) From: 26380K(101888K)->18624K(98816K)
[33.474s][info][gc,heap        ] GC(252) ParOldGen: 174871K(699392K)->192683K(699392K)
[33.474s][info][gc,metaspace   ] GC(252) Metaspace: 16082K(16320K)->16082K(16320K) NonClass: 13887K(14016K)->13887K(14016K) Class: 2194K(2304K)->2194K(2304K)
[33.474s][info][gc             ] GC(252) Pause Young (Allocation Failure) 341M->206M(924M) 11.364ms
[33.474s][info][gc,cpu         ] GC(252) User=0.09s Sys=0.00s Real=0.01s
[33.539s][info][gc,start       ] GC(253) Pause Young (Allocation Failure)
[33.544s][info][gc,heap        ] GC(253) PSYoungGen: 167104K(247296K)->37056K(258560K) Eden: 148480K(148480K)->0K(161792K) From: 18624K(98816K)->37056K(96768K)
[33.545s][info][gc,heap        ] GC(253) ParOldGen: 192683K(699392K)->192683K(699392K)
[33.545s][info][gc,metaspace   ] GC(253) Metaspace: 16082K(16320K)->16082K(16320K) NonClass: 13887K(14016K)->13887K(14016K) Class: 2194K(2304K)->2194K(2304K)
[33.545s][info][gc             ] GC(253) Pause Young (Allocation Failure) 351M->224M(935M) 5.173ms
[33.545s][info][gc,cpu         ] GC(253) User=0.09s Sys=0.00s Real=0.01s
[33.568s][info][gc,start       ] GC(254) Pause Young (System.gc())
[33.569s][info][gc,heap        ] GC(254) PSYoungGen: 75311K(258560K)->160K(252416K) Eden: 38255K(161792K)->0K(161792K) From: 37056K(96768K)->160K(90624K)
[33.569s][info][gc,heap        ] GC(254) ParOldGen: 192683K(699392K)->192691K(699392K)
[33.569s][info][gc,metaspace   ] GC(254) Metaspace: 16086K(16320K)->16086K(16320K) NonClass: 13891K(14016K)->13891K(14016K) Class: 2194K(2304K)->2194K(2304K)
[33.569s][info][gc             ] GC(254) Pause Young (System.gc()) 261M->188M(929M) 0.527ms
[33.569s][info][gc,cpu         ] GC(254) User=0.00s Sys=0.00s Real=0.00s
[33.569s][info][gc,start       ] GC(255) Pause Full (System.gc())
[33.569s][info][gc,phases,start] GC(255) Marking Phase
[33.574s][info][gc,phases      ] GC(255) Marking Phase 4.586ms
[33.574s][info][gc,phases,start] GC(255) Summary Phase
[33.574s][info][gc,phases      ] GC(255) Summary Phase 0.009ms
[33.574s][info][gc,phases,start] GC(255) Adjust Roots
[33.576s][info][gc,phases      ] GC(255) Adjust Roots 1.987ms
[33.576s][info][gc,phases,start] GC(255) Compaction Phase
[33.578s][info][gc,phases      ] GC(255) Compaction Phase 1.901ms
[33.578s][info][gc,phases,start] GC(255) Post Compact
[33.578s][info][gc,phases      ] GC(255) Post Compact 0.621ms
[33.578s][info][gc,heap        ] GC(255) PSYoungGen: 160K(252416K)->0K(252416K) Eden: 0K(161792K)->0K(161792K) From: 160K(90624K)->0K(90624K)
[33.578s][info][gc,heap        ] GC(255) ParOldGen: 192691K(699392K)->5661K(699392K)
[33.578s][info][gc,metaspace   ] GC(255) Metaspace: 16086K(16320K)->16086K(16320K) NonClass: 13891K(14016K)->13891K(14016K) Class: 2194K(2304K)->2194K(2304K)
[33.578s][info][gc             ] GC(255) Pause Full (System.gc()) 188M->5M(929M) 9.349ms
[33.578s][info][gc,cpu         ] GC(255) User=0.02s Sys=0.00s Real=0.01s
[33.714s][info][gc,start       ] GC(256) Pause Young (Allocation Failure)
[33.750s][info][gc,heap        ] GC(256) PSYoungGen: 161792K(252416K)->63559K(246784K) Eden: 161792K(161792K)->0K(154624K) From: 0K(90624K)->63559K(92160K)
[33.750s][info][gc,heap        ] GC(256) ParOldGen: 5661K(699392K)->5661K(699392K)
[33.750s][info][gc,metaspace   ] GC(256) Metaspace: 16086K(16320K)->16086K(16320K) NonClass: 13891K(14016K)->13891K(14016K) Class: 2194K(2304K)->2194K(2304K)
[33.750s][info][gc             ] GC(256) Pause Young (Allocation Failure) 163M->67M(924M) 36.233ms
[33.750s][info][gc,cpu         ] GC(256) User=0.19s Sys=0.00s Real=0.04s
[33.885s][info][gc,start       ] GC(257) Pause Young (Allocation Failure)
[33.950s][info][gc,heap        ] GC(257) PSYoungGen: 218183K(246784K)->65639K(220672K) Eden: 154624K(154624K)->0K(154624K) From: 63559K(92160K)->65639K(66048K)
[33.950s][info][gc,heap        ] GC(257) ParOldGen: 5661K(699392K)->60616K(699392K)
[33.950s][info][gc,metaspace   ] GC(257) Metaspace: 16086K(16320K)->16086K(16320K) NonClass: 13891K(14016K)->13891K(14016K) Class: 2194K(2304K)->2194K(2304K)
[33.950s][info][gc             ] GC(257) Pause Young (Allocation Failure) 218M->123M(898M) 64.827ms
[33.950s][info][gc,cpu         ] GC(257) User=0.41s Sys=0.00s Real=0.07s
[34.088s][info][gc,start       ] GC(258) Pause Young (Allocation Failure)
[34.163s][info][gc,heap        ] GC(258) PSYoungGen: 213585K(220672K)->52226K(248832K) Eden: 147946K(154624K)->0K(146944K) From: 65639K(66048K)->52226K(101888K)
[34.163s][info][gc,heap        ] GC(258) ParOldGen: 60616K(699392K)->125077K(699392K)
[34.163s][info][gc,metaspace   ] GC(258) Metaspace: 16086K(16320K)->16086K(16320K) NonClass: 13891K(14016K)->13891K(14016K) Class: 2194K(2304K)->2194K(2304K)
[34.163s][info][gc             ] GC(258) Pause Young (Allocation Failure) 267M->173M(926M) 74.818ms
[34.163s][info][gc,cpu         ] GC(258) User=0.45s Sys=0.00s Real=0.07s
[34.281s][info][gc,start       ] GC(259) Pause Young (Allocation Failure)
[34.330s][info][gc,heap        ] GC(259) PSYoungGen: 199170K(248832K)->26405K(247296K) Eden: 146944K(146944K)->0K(146944K) From: 52226K(101888K)->26405K(100352K)
[34.330s][info][gc,heap        ] GC(259) ParOldGen: 125077K(699392K)->177155K(699392K)
[34.330s][info][gc,metaspace   ] GC(259) Metaspace: 16086K(16320K)->16086K(16320K) NonClass: 13891K(14016K)->13891K(14016K) Class: 2194K(2304K)->2194K(2304K)
[34.330s][info][gc             ] GC(259) Pause Young (Allocation Failure) 316M->198M(924M) 49.079ms
[34.330s][info][gc,cpu         ] GC(259) User=0.28s Sys=0.00s Real=0.05s
[34.402s][info][gc,start       ] GC(260) Pause Young (Allocation Failure)
[34.414s][info][gc,heap        ] GC(260) PSYoungGen: 173349K(247296K)->18624K(254464K) Eden: 146944K(146944K)->0K(157696K) From: 26405K(100352K)->18624K(96768K)
[34.414s][info][gc,heap        ] GC(260) ParOldGen: 177155K(699392K)->195022K(699392K)
[34.414s][info][gc,metaspace   ] GC(260) Metaspace: 16086K(16320K)->16086K(16320K) NonClass: 13891K(14016K)->13891K(14016K) Class: 2194K(2304K)->2194K(2304K)
[34.414s][info][gc             ] GC(260) Pause Young (Allocation Failure) 342M->208M(931M) 11.450ms
[34.414s][info][gc,cpu         ] GC(260) User=0.00s Sys=0.00s Real=0.01s
[34.484s][info][gc,start       ] GC(261) Pause Young (Allocation Failure)
[34.489s][info][gc,heap        ] GC(261) PSYoungGen: 176320K(254464K)->37056K(252416K) Eden: 157696K(157696K)->0K(157696K) From: 18624K(96768K)->37056K(94720K)
[34.489s][info][gc,heap        ] GC(261) ParOldGen: 195022K(699392K)->195022K(699392K)
[34.489s][info][gc,metaspace   ] GC(261) Metaspace: 16086K(16320K)->16086K(16320K) NonClass: 13891K(14016K)->13891K(14016K) Class: 2194K(2304K)->2194K(2304K)
[34.489s][info][gc             ] GC(261) Pause Young (Allocation Failure) 362M->226M(929M) 4.807ms
[34.489s][info][gc,cpu         ] GC(261) User=0.00s Sys=0.00s Real=0.00s
[34.540s][info][gc,start       ] GC(262) Pause Young (System.gc())
[34.540s][info][gc,heap        ] GC(262) PSYoungGen: 71318K(252416K)->160K(258048K) Eden: 34262K(157696K)->0K(168960K) From: 37056K(94720K)->160K(89088K)
[34.540s][info][gc,heap        ] GC(262) ParOldGen: 195022K(699392K)->195022K(699392K)
[34.540s][info][gc,metaspace   ] GC(262) Metaspace: 16086K(16320K)->16086K(16320K) NonClass: 13891K(14016K)->13891K(14016K) Class: 2194K(2304K)->2194K(2304K)
[34.540s][info][gc             ] GC(262) Pause Young (System.gc()) 260M->190M(935M) 0.539ms
[34.540s][info][gc,cpu         ] GC(262) User=0.00s Sys=0.00s Real=0.00s
[34.541s][info][gc,start       ] GC(263) Pause Full (System.gc())
[34.541s][info][gc,phases,start] GC(263) Marking Phase
[34.545s][info][gc,phases      ] GC(263) Marking Phase 4.689ms
[34.545s][info][gc,phases,start] GC(263) Summary Phase
[34.545s][info][gc,phases      ] GC(263) Summary Phase 0.009ms
[34.545s][info][gc,phases,start] GC(263) Adjust Roots
[34.547s][info][gc,phases      ] GC(263) Adjust Roots 1.993ms
[34.547s][info][gc,phases,start] GC(263) Compaction Phase
[34.549s][info][gc,phases      ] GC(263) Compaction Phase 1.851ms
[34.549s][info][gc,phases,start] GC(263) Post Compact
[34.550s][info][gc,phases      ] GC(263) Post Compact 0.812ms
[34.550s][info][gc,heap        ] GC(263) PSYoungGen: 160K(258048K)->0K(258048K) Eden: 0K(168960K)->0K(168960K) From: 160K(89088K)->0K(89088K)
[34.550s][info][gc,heap        ] GC(263) ParOldGen: 195022K(699392K)->5661K(699392K)
[34.550s][info][gc,metaspace   ] GC(263) Metaspace: 16086K(16320K)->16086K(16320K) NonClass: 13891K(14016K)->13891K(14016K) Class: 2194K(2304K)->2194K(2304K)
[34.550s][info][gc             ] GC(263) Pause Full (System.gc()) 190M->5M(935M) 9.601ms
[34.550s][info][gc,cpu         ] GC(263) User=0.09s Sys=0.00s Real=0.02s
[34.691s][info][gc,start       ] GC(264) Pause Young (Allocation Failure)
[34.728s][info][gc,heap        ] GC(264) PSYoungGen: 168960K(258048K)->66090K(235520K) Eden: 168960K(168960K)->0K(168960K) From: 0K(89088K)->66090K(66560K)
[34.728s][info][gc,heap        ] GC(264) ParOldGen: 5661K(699392K)->5661K(699392K)
[34.728s][info][gc,metaspace   ] GC(264) Metaspace: 16086K(16320K)->16086K(16320K) NonClass: 13891K(14016K)->13891K(14016K) Class: 2194K(2304K)->2194K(2304K)
[34.728s][info][gc             ] GC(264) Pause Young (Allocation Failure) 170M->70M(913M) 37.967ms
[34.729s][info][gc,cpu         ] GC(264) User=0.19s Sys=0.00s Real=0.05s
[34.878s][info][gc,start       ] GC(265) Pause Young (Allocation Failure)
[34.951s][info][gc,heap        ] GC(265) PSYoungGen: 235050K(235520K)->70617K(240128K) Eden: 168960K(168960K)->0K(143360K) From: 66090K(66560K)->70617K(96768K)
[34.951s][info][gc,heap        ] GC(265) ParOldGen: 5661K(699392K)->63092K(699392K)
[34.951s][info][gc,metaspace   ] GC(265) Metaspace: 16086K(16320K)->16086K(16320K) NonClass: 13891K(14016K)->13891K(14016K) Class: 2194K(2304K)->2194K(2304K)
[34.951s][info][gc             ] GC(265) Pause Young (Allocation Failure) 235M->130M(917M) 72.999ms
[34.951s][info][gc,cpu         ] GC(265) User=0.47s Sys=0.00s Real=0.08s
[35.071s][info][gc,start       ] GC(266) Pause Young (Allocation Failure)
[35.140s][info][gc,heap        ] GC(266) PSYoungGen: 212445K(240128K)->60124K(203776K) Eden: 141828K(143360K)->0K(143360K) From: 70617K(96768K)->60124K(60416K)
[35.140s][info][gc,heap        ] GC(266) ParOldGen: 63092K(699392K)->124846K(699392K)
[35.140s][info][gc,metaspace   ] GC(266) Metaspace: 16086K(16320K)->16086K(16320K) NonClass: 13891K(14016K)->13891K(14016K) Class: 2194K(2304K)->2194K(2304K)
[35.140s][info][gc             ] GC(266) Pause Young (Allocation Failure) 269M->180M(882M) 69.202ms
[35.140s][info][gc,cpu         ] GC(266) User=0.41s Sys=0.00s Real=0.08s
[35.261s][info][gc,start       ] GC(267) Pause Young (Allocation Failure)
[35.296s][info][gc,heap        ] GC(267) PSYoungGen: 203484K(203776K)->27137K(248832K) Eden: 143360K(143360K)->0K(144896K) From: 60124K(60416K)->27137K(103936K)
[35.296s][info][gc,heap        ] GC(267) ParOldGen: 124846K(699392K)->168759K(699392K)
[35.296s][info][gc,metaspace   ] GC(267) Metaspace: 16087K(16320K)->16087K(16320K) NonClass: 13893K(14016K)->13893K(14016K) Class: 2194K(2304K)->2194K(2304K)
[35.296s][info][gc             ] GC(267) Pause Young (Allocation Failure) 320M->191M(926M) 34.440ms
[35.296s][info][gc,cpu         ] GC(267) User=0.19s Sys=0.00s Real=0.03s
[35.368s][info][gc,start       ] GC(268) Pause Young (Allocation Failure)
[35.379s][info][gc,heap        ] GC(268) PSYoungGen: 172033K(248832K)->18592K(245248K) Eden: 144896K(144896K)->0K(144896K) From: 27137K(103936K)->18592K(100352K)
[35.379s][info][gc,heap        ] GC(268) ParOldGen: 168759K(699392K)->186634K(699392K)
[35.379s][info][gc,metaspace   ] GC(268) Metaspace: 16087K(16320K)->16087K(16320K) NonClass: 13893K(14016K)->13893K(14016K) Class: 2194K(2304K)->2194K(2304K)
[35.379s][info][gc             ] GC(268) Pause Young (Allocation Failure) 332M->200M(922M) 11.450ms
[35.379s][info][gc,cpu         ] GC(268) User=0.09s Sys=0.00s Real=0.01s
[35.447s][info][gc,start       ] GC(269) Pause Young (Allocation Failure)
[35.452s][info][gc,heap        ] GC(269) PSYoungGen: 163488K(245248K)->37056K(256512K) Eden: 144896K(144896K)->0K(158208K) From: 18592K(100352K)->37056K(98304K)
[35.452s][info][gc,heap        ] GC(269) ParOldGen: 186634K(699392K)->186634K(699392K)
[35.452s][info][gc,metaspace   ] GC(269) Metaspace: 16087K(16320K)->16087K(16320K) NonClass: 13893K(14016K)->13893K(14016K) Class: 2194K(2304K)->2194K(2304K)
[35.452s][info][gc             ] GC(269) Pause Young (Allocation Failure) 341M->218M(933M) 5.249ms
[35.452s][info][gc,cpu         ] GC(269) User=0.09s Sys=0.00s Real=0.00s
[35.496s][info][gc,start       ] GC(270) Pause Young (System.gc())
[35.497s][info][gc,heap        ] GC(270) PSYoungGen: 75055K(256512K)->128K(250880K) Eden: 37999K(158208K)->0K(158208K) From: 37056K(98304K)->128K(92672K)
[35.497s][info][gc,heap        ] GC(270) ParOldGen: 186634K(699392K)->186634K(699392K)
[35.497s][info][gc,metaspace   ] GC(270) Metaspace: 16087K(16320K)->16087K(16320K) NonClass: 13893K(14016K)->13893K(14016K) Class: 2194K(2304K)->2194K(2304K)
[35.497s][info][gc             ] GC(270) Pause Young (System.gc()) 255M->182M(928M) 0.529ms
[35.497s][info][gc,cpu         ] GC(270) User=0.00s Sys=0.00s Real=0.00s
[35.497s][info][gc,start       ] GC(271) Pause Full (System.gc())
[35.497s][info][gc,phases,start] GC(271) Marking Phase
[35.502s][info][gc,phases      ] GC(271) Marking Phase 4.639ms
[35.502s][info][gc,phases,start] GC(271) Summary Phase
[35.502s][info][gc,phases      ] GC(271) Summary Phase 0.010ms
[35.502s][info][gc,phases,start] GC(271) Adjust Roots
[35.504s][info][gc,phases      ] GC(271) Adjust Roots 2.218ms
[35.504s][info][gc,phases,start] GC(271) Compaction Phase
[35.505s][info][gc,phases      ] GC(271) Compaction Phase 1.234ms
[35.505s][info][gc,phases,start] GC(271) Post Compact
[35.506s][info][gc,phases      ] GC(271) Post Compact 0.597ms
[35.506s][info][gc,heap        ] GC(271) PSYoungGen: 128K(250880K)->0K(250880K) Eden: 0K(158208K)->0K(158208K) From: 128K(92672K)->0K(92672K)
[35.506s][info][gc,heap        ] GC(271) ParOldGen: 186634K(699392K)->5661K(699392K)
[35.506s][info][gc,metaspace   ] GC(271) Metaspace: 16087K(16320K)->16087K(16320K) NonClass: 13893K(14016K)->13893K(14016K) Class: 2194K(2304K)->2194K(2304K)
[35.506s][info][gc             ] GC(271) Pause Full (System.gc()) 182M->5M(928M) 8.984ms
[35.506s][info][gc,cpu         ] GC(271) User=0.00s Sys=0.00s Real=0.02s
[35.635s][info][gc,start       ] GC(272) Pause Young (Allocation Failure)
[35.668s][info][gc,heap        ] GC(272) PSYoungGen: 158208K(250880K)->62279K(246272K) Eden: 158208K(158208K)->0K(152576K) From: 0K(92672K)->62279K(93696K)
[35.668s][info][gc,heap        ] GC(272) ParOldGen: 5661K(699392K)->5661K(699392K)
[35.668s][info][gc,metaspace   ] GC(272) Metaspace: 16088K(16320K)->16088K(16320K) NonClass: 13893K(14016K)->13893K(14016K) Class: 2194K(2304K)->2194K(2304K)
[35.668s][info][gc             ] GC(272) Pause Young (Allocation Failure) 160M->66M(923M) 33.739ms
[35.668s][info][gc,cpu         ] GC(272) User=0.28s Sys=0.00s Real=0.04s
[35.805s][info][gc,start       ] GC(273) Pause Young (Allocation Failure)
[35.872s][info][gc,heap        ] GC(273) PSYoungGen: 214855K(246272K)->64960K(217600K) Eden: 152576K(152576K)->0K(152576K) From: 62279K(93696K)->64960K(65024K)
[35.874s][info][gc,heap        ] GC(273) ParOldGen: 5661K(699392K)->59373K(699392K)
[35.875s][info][gc,metaspace   ] GC(273) Metaspace: 16088K(16320K)->16088K(16320K) NonClass: 13893K(14016K)->13893K(14016K) Class: 2194K(2304K)->2194K(2304K)
[35.875s][info][gc             ] GC(273) Pause Young (Allocation Failure) 215M->121M(895M) 69.540ms
[35.875s][info][gc,cpu         ] GC(273) User=0.47s Sys=0.00s Real=0.07s
[36.018s][info][gc,start       ] GC(274) Pause Young (Allocation Failure)
[36.092s][info][gc,heap        ] GC(274) PSYoungGen: 217536K(217600K)->54174K(247808K) Eden: 152576K(152576K)->0K(145408K) From: 64960K(65024K)->54174K(102400K)
[36.092s][info][gc,heap        ] GC(274) ParOldGen: 59373K(699392K)->127771K(699392K)
[36.092s][info][gc,metaspace   ] GC(274) Metaspace: 16088K(16320K)->16088K(16320K) NonClass: 13893K(14016K)->13893K(14016K) Class: 2194K(2304K)->2194K(2304K)
[36.092s][info][gc             ] GC(274) Pause Young (Allocation Failure) 270M->177M(925M) 74.207ms
[36.092s][info][gc,cpu         ] GC(274) User=0.41s Sys=0.00s Real=0.09s
[36.222s][info][gc,start       ] GC(275) Pause Young (Allocation Failure)
[36.273s][info][gc,heap        ] GC(275) PSYoungGen: 199582K(247808K)->25405K(246784K) Eden: 145408K(145408K)->0K(145408K) From: 54174K(102400K)->25405K(101376K)
[36.273s][info][gc,heap        ] GC(275) ParOldGen: 127771K(699392K)->181772K(699392K)
[36.273s][info][gc,metaspace   ] GC(275) Metaspace: 16089K(16320K)->16089K(16320K) NonClass: 13894K(14016K)->13894K(14016K) Class: 2194K(2304K)->2194K(2304K)
[36.273s][info][gc             ] GC(275) Pause Young (Allocation Failure) 319M->202M(924M) 50.611ms
[36.273s][info][gc,cpu         ] GC(275) User=0.28s Sys=0.00s Real=0.05s
[36.351s][info][gc,start       ] GC(276) Pause Young (Allocation Failure)
[36.363s][info][gc,heap        ] GC(276) PSYoungGen: 170813K(246784K)->18624K(253440K) Eden: 145408K(145408K)->0K(155136K) From: 25405K(101376K)->18624K(98304K)
[36.363s][info][gc,heap        ] GC(276) ParOldGen: 181772K(699392K)->199650K(699392K)
[36.363s][info][gc,metaspace   ] GC(276) Metaspace: 16089K(16320K)->16089K(16320K) NonClass: 13894K(14016K)->13894K(14016K) Class: 2194K(2304K)->2194K(2304K)
[36.363s][info][gc             ] GC(276) Pause Young (Allocation Failure) 344M->213M(930M) 11.804ms
[36.363s][info][gc,cpu         ] GC(276) User=0.09s Sys=0.00s Real=0.01s
[36.455s][info][gc,start       ] GC(277) Pause Young (Allocation Failure)
[36.460s][info][gc,heap        ] GC(277) PSYoungGen: 173760K(253440K)->37056K(250880K) Eden: 155136K(155136K)->0K(155136K) From: 18624K(98304K)->37056K(95744K)
[36.460s][info][gc,heap        ] GC(277) ParOldGen: 199650K(699392K)->199650K(699392K)
[36.460s][info][gc,metaspace   ] GC(277) Metaspace: 16089K(16320K)->16089K(16320K) NonClass: 13894K(14016K)->13894K(14016K) Class: 2194K(2304K)->2194K(2304K)
[36.460s][info][gc             ] GC(277) Pause Young (Allocation Failure) 364M->231M(928M) 4.766ms
[36.460s][info][gc,cpu         ] GC(277) User=0.00s Sys=0.00s Real=0.01s
[36.520s][info][gc,start       ] GC(278) Pause Young (System.gc())
[36.520s][info][gc,heap        ] GC(278) PSYoungGen: 73108K(250880K)->128K(256000K) Eden: 36052K(155136K)->0K(165888K) From: 37056K(95744K)->128K(90112K)
[36.520s][info][gc,heap        ] GC(278) ParOldGen: 199650K(699392K)->199650K(699392K)
[36.520s][info][gc,metaspace   ] GC(278) Metaspace: 16089K(16320K)->16089K(16320K) NonClass: 13894K(14016K)->13894K(14016K) Class: 2194K(2304K)->2194K(2304K)
[36.520s][info][gc             ] GC(278) Pause Young (System.gc()) 266M->195M(933M) 0.609ms
[36.520s][info][gc,cpu         ] GC(278) User=0.00s Sys=0.00s Real=0.00s
[36.520s][info][gc,start       ] GC(279) Pause Full (System.gc())
[36.520s][info][gc,phases,start] GC(279) Marking Phase
[36.525s][info][gc,phases      ] GC(279) Marking Phase 4.431ms
[36.525s][info][gc,phases,start] GC(279) Summary Phase
[36.525s][info][gc,phases      ] GC(279) Summary Phase 0.011ms
[36.525s][info][gc,phases,start] GC(279) Adjust Roots
[36.527s][info][gc,phases      ] GC(279) Adjust Roots 2.041ms
[36.527s][info][gc,phases,start] GC(279) Compaction Phase
[36.529s][info][gc,phases      ] GC(279) Compaction Phase 1.759ms
[36.529s][info][gc,phases,start] GC(279) Post Compact
[36.529s][info][gc,phases      ] GC(279) Post Compact 0.690ms
[36.529s][info][gc,heap        ] GC(279) PSYoungGen: 128K(256000K)->0K(256000K) Eden: 0K(165888K)->0K(165888K) From: 128K(90112K)->0K(90112K)
[36.529s][info][gc,heap        ] GC(279) ParOldGen: 199650K(699392K)->5661K(699392K)
[36.529s][info][gc,metaspace   ] GC(279) Metaspace: 16089K(16320K)->16089K(16320K) NonClass: 13894K(14016K)->13894K(14016K) Class: 2194K(2304K)->2194K(2304K)
[36.529s][info][gc             ] GC(279) Pause Full (System.gc()) 195M->5M(933M) 9.178ms
[36.529s][info][gc,cpu         ] GC(279) User=0.02s Sys=0.00s Real=0.02s
[36.679s][info][gc,start       ] GC(280) Pause Young (Allocation Failure)
[36.716s][info][gc,heap        ] GC(280) PSYoungGen: 165888K(256000K)->65008K(230912K) Eden: 165888K(165888K)->0K(165888K) From: 0K(90112K)->65008K(65024K)
[36.716s][info][gc,heap        ] GC(280) ParOldGen: 5661K(699392K)->5661K(699392K)
[36.716s][info][gc,metaspace   ] GC(280) Metaspace: 16089K(16320K)->16089K(16320K) NonClass: 13894K(14016K)->13894K(14016K) Class: 2194K(2304K)->2194K(2304K)
[36.716s][info][gc             ] GC(280) Pause Young (Allocation Failure) 167M->69M(908M) 37.292ms
[36.716s][info][gc,cpu         ] GC(280) User=0.27s Sys=0.00s Real=0.05s
[36.862s][info][gc,start       ] GC(281) Pause Young (Allocation Failure)
[36.933s][info][gc,heap        ] GC(281) PSYoungGen: 230896K(230912K)->69586K(239616K) Eden: 165888K(165888K)->0K(142336K) From: 65008K(65024K)->69586K(97280K)
[36.933s][info][gc,heap        ] GC(281) ParOldGen: 5661K(699392K)->62053K(699392K)
[36.933s][info][gc,metaspace   ] GC(281) Metaspace: 16089K(16320K)->16089K(16320K) NonClass: 13894K(14016K)->13894K(14016K) Class: 2194K(2304K)->2194K(2304K)
[36.933s][info][gc             ] GC(281) Pause Young (Allocation Failure) 231M->128M(917M) 71.262ms
[36.933s][info][gc,cpu         ] GC(281) User=0.45s Sys=0.00s Real=0.07s
[37.058s][info][gc,start       ] GC(282) Pause Young (Allocation Failure)
[37.129s][info][gc,heap        ] GC(282) PSYoungGen: 210832K(239616K)->56177K(245760K) Eden: 141246K(142336K)->0K(142336K) From: 69586K(97280K)->56177K(103424K)
[37.129s][info][gc,heap        ] GC(282) ParOldGen: 62053K(699392K)->125845K(699392K)
[37.129s][info][gc,metaspace   ] GC(282) Metaspace: 16089K(16320K)->16089K(16320K) NonClass: 13894K(14016K)->13894K(14016K) Class: 2194K(2304K)->2194K(2304K)
[37.129s][info][gc             ] GC(282) Pause Young (Allocation Failure) 266M->177M(923M) 71.845ms
[37.129s][info][gc,cpu         ] GC(282) User=0.38s Sys=0.00s Real=0.07s
[37.260s][info][gc,start       ] GC(283) Pause Young (Allocation Failure)
[37.296s][info][gc,heap        ] GC(283) PSYoungGen: 198513K(245760K)->25646K(249856K) Eden: 142336K(142336K)->0K(146944K) From: 56177K(103424K)->25646K(102912K)
[37.296s][info][gc,heap        ] GC(283) ParOldGen: 125845K(699392K)->171840K(699392K)
[37.296s][info][gc,metaspace   ] GC(283) Metaspace: 16104K(16320K)->16104K(16320K) NonClass: 13910K(14016K)->13910K(14016K) Class: 2194K(2304K)->2194K(2304K)
[37.296s][info][gc             ] GC(283) Pause Young (Allocation Failure) 316M->192M(927M) 36.085ms
[37.296s][info][gc,cpu         ] GC(283) User=0.27s Sys=0.02s Real=0.04s
[37.387s][info][gc,start       ] GC(284) Pause Young (Allocation Failure)
[37.400s][info][gc,heap        ] GC(284) PSYoungGen: 171171K(249856K)->19648K(246272K) Eden: 145524K(146944K)->0K(146944K) From: 25646K(102912K)->19648K(99328K)
[37.400s][info][gc,heap        ] GC(284) ParOldGen: 171840K(699392K)->189696K(699392K)
[37.400s][info][gc,metaspace   ] GC(284) Metaspace: 16104K(16320K)->16104K(16320K) NonClass: 13910K(14016K)->13910K(14016K) Class: 2194K(2304K)->2194K(2304K)
[37.400s][info][gc             ] GC(284) Pause Young (Allocation Failure) 334M->204M(923M) 12.481ms
[37.400s][info][gc,cpu         ] GC(284) User=0.00s Sys=0.00s Real=0.01s
[37.479s][info][gc,start       ] GC(285) Pause Young (Allocation Failure)
[37.485s][info][gc,heap        ] GC(285) PSYoungGen: 166592K(246272K)->35008K(257536K) Eden: 146944K(146944K)->0K(160256K) From: 19648K(99328K)->35008K(97280K)
[37.485s][info][gc,heap        ] GC(285) ParOldGen: 189696K(699392K)->191744K(699392K)
[37.485s][info][gc,metaspace   ] GC(285) Metaspace: 16104K(16320K)->16104K(16320K) NonClass: 13910K(14016K)->13910K(14016K) Class: 2194K(2304K)->2194K(2304K)
[37.485s][info][gc             ] GC(285) Pause Young (Allocation Failure) 347M->221M(934M) 5.252ms
[37.485s][info][gc,cpu         ] GC(285) User=0.00s Sys=0.00s Real=0.00s
[37.531s][info][gc,start       ] GC(286) Pause Young (System.gc())
[37.531s][info][gc,heap        ] GC(286) PSYoungGen: 76006K(257536K)->160K(251904K) Eden: 40998K(160256K)->0K(160256K) From: 35008K(97280K)->160K(91648K)
[37.531s][info][gc,heap        ] GC(286) ParOldGen: 191744K(699392K)->191744K(699392K)
[37.531s][info][gc,metaspace   ] GC(286) Metaspace: 16104K(16320K)->16104K(16320K) NonClass: 13910K(14016K)->13910K(14016K) Class: 2194K(2304K)->2194K(2304K)
[37.531s][info][gc             ] GC(286) Pause Young (System.gc()) 261M->187M(929M) 0.395ms
[37.531s][info][gc,cpu         ] GC(286) User=0.00s Sys=0.00s Real=0.00s
[37.531s][info][gc,start       ] GC(287) Pause Full (System.gc())
[37.531s][info][gc,phases,start] GC(287) Marking Phase
[37.536s][info][gc,phases      ] GC(287) Marking Phase 4.618ms
[37.536s][info][gc,phases,start] GC(287) Summary Phase
[37.536s][info][gc,phases      ] GC(287) Summary Phase 0.010ms
[37.536s][info][gc,phases,start] GC(287) Adjust Roots
[37.538s][info][gc,phases      ] GC(287) Adjust Roots 2.057ms
[37.538s][info][gc,phases,start] GC(287) Compaction Phase
[37.539s][info][gc,phases      ] GC(287) Compaction Phase 1.190ms
[37.539s][info][gc,phases,start] GC(287) Post Compact
[37.540s][info][gc,phases      ] GC(287) Post Compact 0.791ms
[37.540s][info][gc,heap        ] GC(287) PSYoungGen: 160K(251904K)->0K(251904K) Eden: 0K(160256K)->0K(160256K) From: 160K(91648K)->0K(91648K)
[37.540s][info][gc,heap        ] GC(287) ParOldGen: 191744K(699392K)->5661K(699392K)
[37.540s][info][gc,metaspace   ] GC(287) Metaspace: 16104K(16320K)->16104K(16320K) NonClass: 13910K(14016K)->13910K(14016K) Class: 2194K(2304K)->2194K(2304K)
[37.540s][info][gc             ] GC(287) Pause Full (System.gc()) 187M->5M(929M) 8.924ms
[37.540s][info][gc,cpu         ] GC(287) User=0.00s Sys=0.00s Real=0.00s
[37.673s][info][gc,start       ] GC(288) Pause Young (Allocation Failure)
[37.709s][info][gc,heap        ] GC(288) PSYoungGen: 160256K(251904K)->63008K(246272K) Eden: 160256K(160256K)->0K(153600K) From: 0K(91648K)->63008K(92672K)
[37.709s][info][gc,heap        ] GC(288) ParOldGen: 5661K(699392K)->5661K(699392K)
[37.709s][info][gc,metaspace   ] GC(288) Metaspace: 16105K(16320K)->16105K(16320K) NonClass: 13910K(14016K)->13910K(14016K) Class: 2194K(2304K)->2194K(2304K)
[37.709s][info][gc             ] GC(288) Pause Young (Allocation Failure) 162M->67M(923M) 35.835ms
[37.709s][info][gc,cpu         ] GC(288) User=0.19s Sys=0.00s Real=0.04s
[37.844s][info][gc,start       ] GC(289) Pause Young (Allocation Failure)
[37.911s][info][gc,heap        ] GC(289) PSYoungGen: 216608K(246272K)->65280K(219136K) Eden: 153600K(153600K)->0K(153600K) From: 63008K(92672K)->65280K(65536K)
[37.911s][info][gc,heap        ] GC(289) ParOldGen: 5661K(699392K)->60097K(699392K)
[37.911s][info][gc,metaspace   ] GC(289) Metaspace: 16105K(16320K)->16105K(16320K) NonClass: 13910K(14016K)->13910K(14016K) Class: 2194K(2304K)->2194K(2304K)
[37.911s][info][gc             ] GC(289) Pause Young (Allocation Failure) 217M->122M(897M) 66.453ms
[37.911s][info][gc,cpu         ] GC(289) User=0.38s Sys=0.00s Real=0.08s
[38.051s][info][gc,start       ] GC(290) Pause Young (Allocation Failure)
[38.123s][info][gc,heap        ] GC(290) PSYoungGen: 216788K(219136K)->53276K(248320K) Eden: 151507K(153600K)->0K(146432K) From: 65280K(65536K)->53276K(101888K)
[38.123s][info][gc,heap        ] GC(290) ParOldGen: 60097K(699392K)->124210K(699392K)
[38.123s][info][gc,metaspace   ] GC(290) Metaspace: 16105K(16320K)->16105K(16320K) NonClass: 13910K(14016K)->13910K(14016K) Class: 2194K(2304K)->2194K(2304K)
[38.123s][info][gc             ] GC(290) Pause Young (Allocation Failure) 270M->173M(925M) 71.828ms
[38.123s][info][gc,cpu         ] GC(290) User=0.36s Sys=0.05s Real=0.06s
[38.243s][info][gc,start       ] GC(291) Pause Young (Allocation Failure)
[38.291s][info][gc,heap        ] GC(291) PSYoungGen: 199673K(248320K)->28471K(247296K) Eden: 146396K(146432K)->0K(146432K) From: 53276K(101888K)->28471K(100864K)
[38.291s][info][gc,heap        ] GC(291) ParOldGen: 124210K(699392K)->177375K(699392K)
[38.291s][info][gc,metaspace   ] GC(291) Metaspace: 16106K(16320K)->16106K(16320K) NonClass: 13911K(14016K)->13911K(14016K) Class: 2194K(2304K)->2194K(2304K)
[38.291s][info][gc             ] GC(291) Pause Young (Allocation Failure) 316M->201M(924M) 48.728ms
[38.291s][info][gc,cpu         ] GC(291) User=0.28s Sys=0.00s Real=0.05s
[38.362s][info][gc,start       ] GC(292) Pause Young (Allocation Failure)
[38.374s][info][gc,heap        ] GC(292) PSYoungGen: 174903K(247296K)->18592K(253952K) Eden: 146432K(146432K)->0K(156672K) From: 28471K(100864K)->18592K(97280K)
[38.374s][info][gc,heap        ] GC(292) ParOldGen: 177375K(699392K)->195062K(699392K)
[38.374s][info][gc,metaspace   ] GC(292) Metaspace: 16106K(16320K)->16106K(16320K) NonClass: 13911K(14016K)->13911K(14016K) Class: 2194K(2304K)->2194K(2304K)
[38.374s][info][gc             ] GC(292) Pause Young (Allocation Failure) 344M->208M(931M) 11.946ms
[38.374s][info][gc,cpu         ] GC(292) User=0.09s Sys=0.00s Real=0.01s
[38.445s][info][gc,start       ] GC(293) Pause Young (Allocation Failure)
[38.450s][info][gc,heap        ] GC(293) PSYoungGen: 175264K(253952K)->37056K(251904K) Eden: 156672K(156672K)->0K(156672K) From: 18592K(97280K)->37056K(95232K)
[38.450s][info][gc,heap        ] GC(293) ParOldGen: 195062K(699392K)->195062K(699392K)
[38.450s][info][gc,metaspace   ] GC(293) Metaspace: 16106K(16320K)->16106K(16320K) NonClass: 13911K(14016K)->13911K(14016K) Class: 2194K(2304K)->2194K(2304K)
[38.450s][info][gc             ] GC(293) Pause Young (Allocation Failure) 361M->226M(929M) 5.098ms
[38.450s][info][gc,cpu         ] GC(293) User=0.09s Sys=0.00s Real=0.01s
[38.488s][info][gc,start       ] GC(294) Pause Young (System.gc())
[38.489s][info][gc,heap        ] GC(294) PSYoungGen: 70898K(251904K)->192K(257536K) Eden: 33842K(156672K)->0K(167936K) From: 37056K(95232K)->192K(89600K)
[38.489s][info][gc,heap        ] GC(294) ParOldGen: 195062K(699392K)->195062K(699392K)
[38.489s][info][gc,metaspace   ] GC(294) Metaspace: 16106K(16320K)->16106K(16320K) NonClass: 13911K(14016K)->13911K(14016K) Class: 2194K(2304K)->2194K(2304K)
[38.489s][info][gc             ] GC(294) Pause Young (System.gc()) 259M->190M(934M) 0.549ms
[38.489s][info][gc,cpu         ] GC(294) User=0.00s Sys=0.00s Real=0.00s
[38.489s][info][gc,start       ] GC(295) Pause Full (System.gc())
[38.489s][info][gc,phases,start] GC(295) Marking Phase
[38.494s][info][gc,phases      ] GC(295) Marking Phase 4.597ms
[38.494s][info][gc,phases,start] GC(295) Summary Phase
[38.494s][info][gc,phases      ] GC(295) Summary Phase 0.011ms
[38.494s][info][gc,phases,start] GC(295) Adjust Roots
[38.497s][info][gc,phases      ] GC(295) Adjust Roots 3.224ms
[38.497s][info][gc,phases,start] GC(295) Compaction Phase
[38.498s][info][gc,phases      ] GC(295) Compaction Phase 1.256ms
[38.498s][info][gc,phases,start] GC(295) Post Compact
[38.499s][info][gc,phases      ] GC(295) Post Compact 0.629ms
[38.499s][info][gc,heap        ] GC(295) PSYoungGen: 192K(257536K)->0K(257536K) Eden: 0K(167936K)->0K(167936K) From: 192K(89600K)->0K(89600K)
[38.499s][info][gc,heap        ] GC(295) ParOldGen: 195062K(699392K)->5662K(699392K)
[38.499s][info][gc,metaspace   ] GC(295) Metaspace: 16106K(16320K)->16106K(16320K) NonClass: 13911K(14016K)->13911K(14016K) Class: 2194K(2304K)->2194K(2304K)
[38.499s][info][gc             ] GC(295) Pause Full (System.gc()) 190M->5M(934M) 9.964ms
[38.499s][info][gc,cpu         ] GC(295) User=0.02s Sys=0.00s Real=0.01s
[38.636s][info][gc,start       ] GC(296) Pause Young (Allocation Failure)
[38.674s][info][gc,heap        ] GC(296) PSYoungGen: 167936K(257536K)->65763K(233984K) Eden: 167936K(167936K)->0K(167936K) From: 0K(89600K)->65763K(66048K)
[38.674s][info][gc,heap        ] GC(296) ParOldGen: 5662K(699392K)->5662K(699392K)
[38.674s][info][gc,metaspace   ] GC(296) Metaspace: 16106K(16320K)->16106K(16320K) NonClass: 13911K(14016K)->13911K(14016K) Class: 2194K(2304K)->2194K(2304K)
[38.674s][info][gc             ] GC(296) Pause Young (Allocation Failure) 169M->69M(911M) 37.426ms
[38.674s][info][gc,cpu         ] GC(296) User=0.17s Sys=0.00s Real=0.05s
[38.823s][info][gc,start       ] GC(297) Pause Young (Allocation Failure)
[38.895s][info][gc,heap        ] GC(297) PSYoungGen: 233699K(233984K)->70265K(240128K) Eden: 167936K(167936K)->0K(143360K) From: 65763K(66048K)->70265K(96768K)
[38.895s][info][gc,heap        ] GC(297) ParOldGen: 5662K(699392K)->62753K(699392K)
[38.895s][info][gc,metaspace   ] GC(297) Metaspace: 16106K(16320K)->16106K(16320K) NonClass: 13911K(14016K)->13911K(14016K) Class: 2194K(2304K)->2194K(2304K)
[38.895s][info][gc             ] GC(297) Pause Young (Allocation Failure) 233M->129M(917M) 71.509ms
[38.895s][info][gc,cpu         ] GC(297) User=0.38s Sys=0.00s Real=0.08s
[39.015s][info][gc,start       ] GC(298) Pause Young (Allocation Failure)
[39.084s][info][gc,heap        ] GC(298) PSYoungGen: 208128K(240128K)->54819K(246272K) Eden: 137863K(143360K)->0K(143360K) From: 70265K(96768K)->54819K(102912K)
[39.084s][info][gc,heap        ] GC(298) ParOldGen: 62753K(699392K)->130312K(699392K)
[39.084s][info][gc,metaspace   ] GC(298) Metaspace: 16106K(16320K)->16106K(16320K) NonClass: 13911K(14016K)->13911K(14016K) Class: 2194K(2304K)->2194K(2304K)
[39.084s][info][gc             ] GC(298) Pause Young (Allocation Failure) 264M->180M(923M) 69.752ms
[39.084s][info][gc,cpu         ] GC(298) User=0.38s Sys=0.00s Real=0.08s
[39.217s][info][gc,start       ] GC(299) Pause Young (Allocation Failure)
[39.252s][info][gc,heap        ] GC(299) PSYoungGen: 198179K(246272K)->25435K(250368K) Eden: 143360K(143360K)->0K(147968K) From: 54819K(102912K)->25435K(102400K)
[39.252s][info][gc,heap        ] GC(299) ParOldGen: 130312K(699392K)->175096K(699392K)
[39.252s][info][gc,metaspace   ] GC(299) Metaspace: 16113K(16384K)->16113K(16384K) NonClass: 13919K(14080K)->13919K(14080K) Class: 2194K(2304K)->2194K(2304K)
[39.252s][info][gc             ] GC(299) Pause Young (Allocation Failure) 320M->195M(927M) 34.838ms
[39.252s][info][gc,cpu         ] GC(299) User=0.19s Sys=0.00s Real=0.03s
[39.336s][info][gc,start       ] GC(300) Pause Young (Allocation Failure)
[39.347s][info][gc,heap        ] GC(300) PSYoungGen: 172678K(250368K)->18624K(246784K) Eden: 147242K(147968K)->0K(147968K) From: 25435K(102400K)->18624K(98816K)
[39.347s][info][gc,heap        ] GC(300) ParOldGen: 175096K(699392K)->192727K(699392K)
[39.347s][info][gc,metaspace   ] GC(300) Metaspace: 16113K(16384K)->16113K(16384K) NonClass: 13919K(14080K)->13919K(14080K) Class: 2194K(2304K)->2194K(2304K)
[39.347s][info][gc             ] GC(300) Pause Young (Allocation Failure) 339M->206M(924M) 11.426ms
[39.347s][info][gc,cpu         ] GC(300) User=0.09s Sys=0.00s Real=0.01s
[39.423s][info][gc,start       ] GC(301) Pause Young (Allocation Failure)
[39.428s][info][gc,heap        ] GC(301) PSYoungGen: 166592K(246784K)->37056K(258048K) Eden: 147968K(147968K)->0K(161280K) From: 18624K(98816K)->37056K(96768K)
[39.428s][info][gc,heap        ] GC(301) ParOldGen: 192727K(699392K)->192727K(699392K)
[39.428s][info][gc,metaspace   ] GC(301) Metaspace: 16113K(16384K)->16113K(16384K) NonClass: 13919K(14080K)->13919K(14080K) Class: 2194K(2304K)->2194K(2304K)
[39.428s][info][gc             ] GC(301) Pause Young (Allocation Failure) 350M->224M(935M) 5.373ms
[39.428s][info][gc,cpu         ] GC(301) User=0.00s Sys=0.00s Real=0.01s
[39.470s][info][gc,start       ] GC(302) Pause Young (System.gc())
[39.471s][info][gc,heap        ] GC(302) PSYoungGen: 74739K(258048K)->160K(252416K) Eden: 37682K(161280K)->0K(161280K) From: 37056K(96768K)->160K(91136K)
[39.471s][info][gc,heap        ] GC(302) ParOldGen: 192727K(699392K)->192727K(699392K)
[39.471s][info][gc,metaspace   ] GC(302) Metaspace: 16113K(16384K)->16113K(16384K) NonClass: 13919K(14080K)->13919K(14080K) Class: 2194K(2304K)->2194K(2304K)
[39.471s][info][gc             ] GC(302) Pause Young (System.gc()) 261M->188M(929M) 0.493ms
[39.471s][info][gc,cpu         ] GC(302) User=0.00s Sys=0.00s Real=0.00s
[39.471s][info][gc,start       ] GC(303) Pause Full (System.gc())
[39.471s][info][gc,phases,start] GC(303) Marking Phase
[39.475s][info][gc,phases      ] GC(303) Marking Phase 4.570ms
[39.475s][info][gc,phases,start] GC(303) Summary Phase
[39.475s][info][gc,phases      ] GC(303) Summary Phase 0.010ms
[39.475s][info][gc,phases,start] GC(303) Adjust Roots
[39.478s][info][gc,phases      ] GC(303) Adjust Roots 2.676ms
[39.478s][info][gc,phases,start] GC(303) Compaction Phase
[39.479s][info][gc,phases      ] GC(303) Compaction Phase 1.366ms
[39.479s][info][gc,phases,start] GC(303) Post Compact
[39.480s][info][gc,phases      ] GC(303) Post Compact 0.634ms
[39.480s][info][gc,heap        ] GC(303) PSYoungGen: 160K(252416K)->0K(252416K) Eden: 0K(161280K)->0K(161280K) From: 160K(91136K)->0K(91136K)
[39.480s][info][gc,heap        ] GC(303) ParOldGen: 192727K(699392K)->5662K(699392K)
[39.480s][info][gc,metaspace   ] GC(303) Metaspace: 16113K(16384K)->16113K(16384K) NonClass: 13919K(14080K)->13919K(14080K) Class: 2194K(2304K)->2194K(2304K)
[39.480s][info][gc             ] GC(303) Pause Full (System.gc()) 188M->5M(929M) 9.482ms
[39.480s][info][gc,cpu         ] GC(303) User=0.03s Sys=0.00s Real=0.00s
[39.612s][info][gc,start       ] GC(304) Pause Young (Allocation Failure)
[39.648s][info][gc,heap        ] GC(304) PSYoungGen: 161280K(252416K)->63354K(246784K) Eden: 161280K(161280K)->0K(154624K) From: 0K(91136K)->63354K(92160K)
[39.648s][info][gc,heap        ] GC(304) ParOldGen: 5662K(699392K)->5662K(699392K)
[39.648s][info][gc,metaspace   ] GC(304) Metaspace: 16118K(16384K)->16118K(16384K) NonClass: 13922K(14080K)->13922K(14080K) Class: 2195K(2304K)->2195K(2304K)
[39.648s][info][gc             ] GC(304) Pause Young (Allocation Failure) 163M->67M(924M) 36.047ms
[39.648s][info][gc,cpu         ] GC(304) User=0.19s Sys=0.00s Real=0.05s
[39.786s][info][gc,start       ] GC(305) Pause Young (Allocation Failure)
[39.854s][info][gc,heap        ] GC(305) PSYoungGen: 217978K(246784K)->65671K(220672K) Eden: 154624K(154624K)->0K(154624K) From: 63354K(92160K)->65671K(66048K)
[39.854s][info][gc,heap        ] GC(305) ParOldGen: 5662K(699392K)->60405K(699392K)
[39.854s][info][gc,metaspace   ] GC(305) Metaspace: 16118K(16384K)->16118K(16384K) NonClass: 13922K(14080K)->13922K(14080K) Class: 2195K(2304K)->2195K(2304K)
[39.854s][info][gc             ] GC(305) Pause Young (Allocation Failure) 218M->123M(898M) 67.691ms
[39.854s][info][gc,cpu         ] GC(305) User=0.38s Sys=0.00s Real=0.08s
[39.991s][info][gc,start       ] GC(306) Pause Young (Allocation Failure)
[40.064s][info][gc,heap        ] GC(306) PSYoungGen: 213584K(220672K)->52553K(248832K) Eden: 147912K(154624K)->0K(146944K) From: 65671K(66048K)->52553K(101888K)
[40.064s][info][gc,heap        ] GC(306) ParOldGen: 60405K(699392K)->129474K(699392K)
[40.064s][info][gc,metaspace   ] GC(306) Metaspace: 16118K(16384K)->16118K(16384K) NonClass: 13922K(14080K)->13922K(14080K) Class: 2195K(2304K)->2195K(2304K)
[40.064s][info][gc             ] GC(306) Pause Young (Allocation Failure) 267M->177M(926M) 73.299ms
[40.064s][info][gc,cpu         ] GC(306) User=0.41s Sys=0.00s Real=0.08s
[40.184s][info][gc,start       ] GC(307) Pause Young (Allocation Failure)
[40.232s][info][gc,heap        ] GC(307) PSYoungGen: 199160K(248832K)->27719K(247296K) Eden: 146607K(146944K)->0K(146944K) From: 52553K(101888K)->27719K(100352K)
[40.232s][info][gc,heap        ] GC(307) ParOldGen: 129474K(699392K)->181885K(699392K)
[40.232s][info][gc,metaspace   ] GC(307) Metaspace: 16118K(16384K)->16118K(16384K) NonClass: 13922K(14080K)->13922K(14080K) Class: 2195K(2304K)->2195K(2304K)
[40.232s][info][gc             ] GC(307) Pause Young (Allocation Failure) 320M->204M(924M) 48.609ms
[40.232s][info][gc,cpu         ] GC(307) User=0.28s Sys=0.00s Real=0.05s
[40.303s][info][gc,start       ] GC(308) Pause Young (Allocation Failure)
[40.314s][info][gc,heap        ] GC(308) PSYoungGen: 174663K(247296K)->18624K(254464K) Eden: 146944K(146944K)->0K(157696K) From: 27719K(100352K)->18624K(96768K)
[40.314s][info][gc,heap        ] GC(308) ParOldGen: 181885K(699392K)->199596K(699392K)
[40.314s][info][gc,metaspace   ] GC(308) Metaspace: 16118K(16384K)->16118K(16384K) NonClass: 13922K(14080K)->13922K(14080K) Class: 2195K(2304K)->2195K(2304K)
[40.314s][info][gc             ] GC(308) Pause Young (Allocation Failure) 348M->213M(931M) 11.652ms
[40.314s][info][gc,cpu         ] GC(308) User=0.09s Sys=0.00s Real=0.01s
[40.385s][info][gc,start       ] GC(309) Pause Young (Allocation Failure)
[40.390s][info][gc,heap        ] GC(309) PSYoungGen: 176320K(254464K)->37056K(252416K) Eden: 157696K(157696K)->0K(157696K) From: 18624K(96768K)->37056K(94720K)
[40.390s][info][gc,heap        ] GC(309) ParOldGen: 199596K(699392K)->199596K(699392K)
[40.390s][info][gc,metaspace   ] GC(309) Metaspace: 16118K(16384K)->16118K(16384K) NonClass: 13922K(14080K)->13922K(14080K) Class: 2195K(2304K)->2195K(2304K)
[40.390s][info][gc             ] GC(309) Pause Young (Allocation Failure) 367M->231M(929M) 4.743ms
[40.390s][info][gc,cpu         ] GC(309) User=0.09s Sys=0.00s Real=0.00s
[40.410s][info][gc,start       ] GC(310) Pause Young (System.gc())
[40.410s][info][gc,heap        ] GC(310) PSYoungGen: 70050K(252416K)->192K(257024K) Eden: 32994K(157696K)->0K(167936K) From: 37056K(94720K)->192K(89088K)
[40.410s][info][gc,heap        ] GC(310) ParOldGen: 199596K(699392K)->199596K(699392K)
[40.410s][info][gc,metaspace   ] GC(310) Metaspace: 16118K(16384K)->16118K(16384K) NonClass: 13922K(14080K)->13922K(14080K) Class: 2195K(2304K)->2195K(2304K)
[40.410s][info][gc             ] GC(310) Pause Young (System.gc()) 263M->195M(934M) 0.510ms
[40.411s][info][gc,cpu         ] GC(310) User=0.00s Sys=0.00s Real=0.00s
[40.411s][info][gc,start       ] GC(311) Pause Full (System.gc())
[40.411s][info][gc,phases,start] GC(311) Marking Phase
[40.415s][info][gc,phases      ] GC(311) Marking Phase 4.723ms
[40.415s][info][gc,phases,start] GC(311) Summary Phase
[40.415s][info][gc,phases      ] GC(311) Summary Phase 0.010ms
[40.415s][info][gc,phases,start] GC(311) Adjust Roots
[40.419s][info][gc,phases      ] GC(311) Adjust Roots 3.128ms
[40.419s][info][gc,phases,start] GC(311) Compaction Phase
[40.420s][info][gc,phases      ] GC(311) Compaction Phase 1.198ms
[40.420s][info][gc,phases,start] GC(311) Post Compact
[40.421s][info][gc,phases      ] GC(311) Post Compact 0.887ms
[40.421s][info][gc,heap        ] GC(311) PSYoungGen: 192K(257024K)->0K(257024K) Eden: 0K(167936K)->0K(167936K) From: 192K(89088K)->0K(89088K)
[40.421s][info][gc,heap        ] GC(311) ParOldGen: 199596K(699392K)->5662K(699392K)
[40.421s][info][gc,metaspace   ] GC(311) Metaspace: 16118K(16384K)->16118K(16384K) NonClass: 13922K(14080K)->13922K(14080K) Class: 2195K(2304K)->2195K(2304K)
[40.421s][info][gc             ] GC(311) Pause Full (System.gc()) 195M->5M(934M) 10.223ms
[40.421s][info][gc,cpu         ] GC(311) User=0.02s Sys=0.00s Real=0.02s
[40.561s][info][gc,start       ] GC(312) Pause Young (Allocation Failure)
[40.598s][info][gc,heap        ] GC(312) PSYoungGen: 167936K(257024K)->65751K(233984K) Eden: 167936K(167936K)->0K(167936K) From: 0K(89088K)->65751K(66048K)
[40.598s][info][gc,heap        ] GC(312) ParOldGen: 5662K(699392K)->5662K(699392K)
[40.598s][info][gc,metaspace   ] GC(312) Metaspace: 16118K(16384K)->16118K(16384K) NonClass: 13922K(14080K)->13922K(14080K) Class: 2195K(2304K)->2195K(2304K)
[40.598s][info][gc             ] GC(312) Pause Young (Allocation Failure) 169M->69M(911M) 37.088ms
[40.598s][info][gc,cpu         ] GC(312) User=0.19s Sys=0.00s Real=0.04s
[40.747s][info][gc,start       ] GC(313) Pause Young (Allocation Failure)
[40.819s][info][gc,heap        ] GC(313) PSYoungGen: 233687K(233984K)->70309K(240128K) Eden: 167936K(167936K)->0K(143360K) From: 65751K(66048K)->70309K(96768K)
[40.819s][info][gc,heap        ] GC(313) ParOldGen: 5662K(699392K)->62757K(699392K)
[40.819s][info][gc,metaspace   ] GC(313) Metaspace: 16118K(16384K)->16118K(16384K) NonClass: 13922K(14080K)->13922K(14080K) Class: 2195K(2304K)->2195K(2304K)
[40.819s][info][gc             ] GC(313) Pause Young (Allocation Failure) 233M->129M(917M) 72.439ms
[40.819s][info][gc,cpu         ] GC(313) User=0.38s Sys=0.00s Real=0.08s
[40.939s][info][gc,start       ] GC(314) Pause Young (Allocation Failure)
[41.010s][info][gc,heap        ] GC(314) PSYoungGen: 208146K(240128K)->54715K(246272K) Eden: 137837K(143360K)->0K(143360K) From: 70309K(96768K)->54715K(102912K)
[41.010s][info][gc,heap        ] GC(314) ParOldGen: 62757K(699392K)->130308K(699392K)
[41.010s][info][gc,metaspace   ] GC(314) Metaspace: 16118K(16384K)->16118K(16384K) NonClass: 13922K(14080K)->13922K(14080K) Class: 2195K(2304K)->2195K(2304K)
[41.010s][info][gc             ] GC(314) Pause Young (Allocation Failure) 264M->180M(923M) 70.842ms
[41.010s][info][gc,cpu         ] GC(314) User=0.38s Sys=0.00s Real=0.08s
[41.129s][info][gc,start       ] GC(315) Pause Young (Allocation Failure)
[41.164s][info][gc,heap        ] GC(315) PSYoungGen: 198075K(246272K)->27091K(250880K) Eden: 143360K(143360K)->0K(148992K) From: 54715K(102912K)->27091K(101888K)
[41.164s][info][gc,heap        ] GC(315) ParOldGen: 130308K(699392K)->174951K(699392K)
[41.164s][info][gc,metaspace   ] GC(315) Metaspace: 16118K(16384K)->16118K(16384K) NonClass: 13922K(14080K)->13922K(14080K) Class: 2195K(2304K)->2195K(2304K)
[41.164s][info][gc             ] GC(315) Pause Young (Allocation Failure) 320M->197M(928M) 35.193ms
[41.164s][info][gc,cpu         ] GC(315) User=0.19s Sys=0.00s Real=0.04s
[41.238s][info][gc,start       ] GC(316) Pause Young (Allocation Failure)
[41.249s][info][gc,heap        ] GC(316) PSYoungGen: 176083K(250880K)->18592K(247296K) Eden: 148992K(148992K)->0K(148992K) From: 27091K(101888K)->18592K(98304K)
[41.249s][info][gc,heap        ] GC(316) ParOldGen: 174951K(699392K)->192780K(699392K)
[41.249s][info][gc,metaspace   ] GC(316) Metaspace: 16118K(16384K)->16118K(16384K) NonClass: 13922K(14080K)->13922K(14080K) Class: 2195K(2304K)->2195K(2304K)
[41.249s][info][gc             ] GC(316) Pause Young (Allocation Failure) 342M->206M(924M) 11.551ms
[41.249s][info][gc,cpu         ] GC(316) User=0.09s Sys=0.00s Real=0.01s
[41.319s][info][gc,start       ] GC(317) Pause Young (Allocation Failure)
[41.325s][info][gc,heap        ] GC(317) PSYoungGen: 167584K(247296K)->37056K(258560K) Eden: 148992K(148992K)->0K(162304K) From: 18592K(98304K)->37056K(96256K)
[41.326s][info][gc,heap        ] GC(317) ParOldGen: 192780K(699392K)->192780K(699392K)
[41.326s][info][gc,metaspace   ] GC(317) Metaspace: 16118K(16384K)->16118K(16384K) NonClass: 13922K(14080K)->13922K(14080K) Class: 2195K(2304K)->2195K(2304K)
[41.326s][info][gc             ] GC(317) Pause Young (Allocation Failure) 351M->224M(935M) 6.513ms
[41.326s][info][gc,cpu         ] GC(317) User=0.06s Sys=0.00s Real=0.00s
[41.355s][info][gc,start       ] GC(318) Pause Young (System.gc())
[41.356s][info][gc,heap        ] GC(318) PSYoungGen: 72338K(258560K)->192K(252928K) Eden: 35281K(162304K)->0K(162304K) From: 37056K(96256K)->192K(90624K)
[41.356s][info][gc,heap        ] GC(318) ParOldGen: 192780K(699392K)->192780K(699392K)
[41.356s][info][gc,metaspace   ] GC(318) Metaspace: 16118K(16384K)->16118K(16384K) NonClass: 13922K(14080K)->13922K(14080K) Class: 2195K(2304K)->2195K(2304K)
[41.356s][info][gc             ] GC(318) Pause Young (System.gc()) 258M->188M(930M) 0.493ms
[41.356s][info][gc,cpu         ] GC(318) User=0.00s Sys=0.00s Real=0.00s
[41.356s][info][gc,start       ] GC(319) Pause Full (System.gc())
[41.356s][info][gc,phases,start] GC(319) Marking Phase
[41.361s][info][gc,phases      ] GC(319) Marking Phase 4.952ms
[41.361s][info][gc,phases,start] GC(319) Summary Phase
[41.361s][info][gc,phases      ] GC(319) Summary Phase 0.010ms
[41.361s][info][gc,phases,start] GC(319) Adjust Roots
[41.363s][info][gc,phases      ] GC(319) Adjust Roots 2.081ms
[41.363s][info][gc,phases,start] GC(319) Compaction Phase
[41.364s][info][gc,phases      ] GC(319) Compaction Phase 1.251ms
[41.364s][info][gc,phases,start] GC(319) Post Compact
[41.365s][info][gc,phases      ] GC(319) Post Compact 0.825ms
[41.365s][info][gc,heap        ] GC(319) PSYoungGen: 192K(252928K)->0K(252928K) Eden: 0K(162304K)->0K(162304K) From: 192K(90624K)->0K(90624K)
[41.365s][info][gc,heap        ] GC(319) ParOldGen: 192780K(699392K)->5662K(699392K)
[41.365s][info][gc,metaspace   ] GC(319) Metaspace: 16118K(16384K)->16118K(16384K) NonClass: 13922K(14080K)->13922K(14080K) Class: 2195K(2304K)->2195K(2304K)
[41.365s][info][gc             ] GC(319) Pause Full (System.gc()) 188M->5M(930M) 9.436ms
[41.365s][info][gc,cpu         ] GC(319) User=0.00s Sys=0.00s Real=0.01s
[41.499s][info][gc,start       ] GC(320) Pause Young (Allocation Failure)
[41.535s][info][gc,heap        ] GC(320) PSYoungGen: 162304K(252928K)->63758K(246784K) Eden: 162304K(162304K)->0K(154624K) From: 0K(90624K)->63758K(92160K)
[41.535s][info][gc,heap        ] GC(320) ParOldGen: 5662K(699392K)->5662K(699392K)
[41.535s][info][gc,metaspace   ] GC(320) Metaspace: 16118K(16384K)->16118K(16384K) NonClass: 13922K(14080K)->13922K(14080K) Class: 2195K(2304K)->2195K(2304K)
[41.535s][info][gc             ] GC(320) Pause Young (Allocation Failure) 164M->67M(924M) 36.100ms
[41.535s][info][gc,cpu         ] GC(320) User=0.19s Sys=0.00s Real=0.04s
[41.671s][info][gc,start       ] GC(321) Pause Young (Allocation Failure)
[41.739s][info][gc,heap        ] GC(321) PSYoungGen: 218382K(246784K)->65652K(220672K) Eden: 154624K(154624K)->0K(154624K) From: 63758K(92160K)->65652K(66048K)
[41.739s][info][gc,heap        ] GC(321) ParOldGen: 5662K(699392K)->60796K(699392K)
[41.739s][info][gc,metaspace   ] GC(321) Metaspace: 16118K(16384K)->16118K(16384K) NonClass: 13922K(14080K)->13922K(14080K) Class: 2195K(2304K)->2195K(2304K)
[41.739s][info][gc             ] GC(321) Pause Young (Allocation Failure) 218M->123M(898M) 68.905ms
[41.739s][info][gc,cpu         ] GC(321) User=0.38s Sys=0.00s Real=0.07s
[41.877s][info][gc,start       ] GC(322) Pause Young (Allocation Failure)
[41.949s][info][gc,heap        ] GC(322) PSYoungGen: 213617K(220672K)->52169K(249344K) Eden: 147965K(154624K)->0K(147456K) From: 65652K(66048K)->52169K(101888K)
[41.949s][info][gc,heap        ] GC(322) ParOldGen: 60796K(699392K)->129857K(699392K)
[41.949s][info][gc,metaspace   ] GC(322) Metaspace: 16118K(16384K)->16118K(16384K) NonClass: 13922K(14080K)->13922K(14080K) Class: 2195K(2304K)->2195K(2304K)
[41.949s][info][gc             ] GC(322) Pause Young (Allocation Failure) 267M->177M(926M) 72.525ms
[41.949s][info][gc,cpu         ] GC(322) User=0.41s Sys=0.00s Real=0.07s
[42.079s][info][gc,start       ] GC(323) Pause Young (Allocation Failure)
[42.124s][info][gc,heap        ] GC(323) PSYoungGen: 199625K(249344K)->25364K(247296K) Eden: 147456K(147456K)->0K(147456K) From: 52169K(101888K)->25364K(99840K)
[42.124s][info][gc,heap        ] GC(323) ParOldGen: 129857K(699392K)->181896K(699392K)
[42.124s][info][gc,metaspace   ] GC(323) Metaspace: 16118K(16384K)->16118K(16384K) NonClass: 13922K(14080K)->13922K(14080K) Class: 2195K(2304K)->2195K(2304K)
[42.124s][info][gc             ] GC(323) Pause Young (Allocation Failure) 321M->202M(924M) 45.709ms
[42.124s][info][gc,cpu         ] GC(323) User=0.28s Sys=0.00s Real=0.05s
[42.204s][info][gc,start       ] GC(324) Pause Young (Allocation Failure)
[42.216s][info][gc,heap        ] GC(324) PSYoungGen: 172820K(247296K)->18624K(254464K) Eden: 147456K(147456K)->0K(157696K) From: 25364K(99840K)->18624K(96768K)
[42.216s][info][gc,heap        ] GC(324) ParOldGen: 181896K(699392K)->199531K(699392K)
[42.216s][info][gc,metaspace   ] GC(324) Metaspace: 16118K(16384K)->16118K(16384K) NonClass: 13922K(14080K)->13922K(14080K) Class: 2195K(2304K)->2195K(2304K)
[42.216s][info][gc             ] GC(324) Pause Young (Allocation Failure) 346M->213M(931M) 11.538ms
[42.216s][info][gc,cpu         ] GC(324) User=0.09s Sys=0.00s Real=0.01s
[42.296s][info][gc,start       ] GC(325) Pause Young (Allocation Failure)
[42.301s][info][gc,heap        ] GC(325) PSYoungGen: 176320K(254464K)->37056K(252416K) Eden: 157696K(157696K)->0K(157696K) From: 18624K(96768K)->37056K(94720K)
[42.301s][info][gc,heap        ] GC(325) ParOldGen: 199531K(699392K)->199531K(699392K)
[42.301s][info][gc,metaspace   ] GC(325) Metaspace: 16118K(16384K)->16118K(16384K) NonClass: 13922K(14080K)->13922K(14080K) Class: 2195K(2304K)->2195K(2304K)
[42.301s][info][gc             ] GC(325) Pause Young (Allocation Failure) 367M->231M(929M) 5.201ms
[42.301s][info][gc,cpu         ] GC(325) User=0.00s Sys=0.00s Real=0.01s
[42.342s][info][gc,start       ] GC(326) Pause Young (System.gc())
[42.342s][info][gc,heap        ] GC(326) PSYoungGen: 67805K(252416K)->160K(257024K) Eden: 30748K(157696K)->0K(167936K) From: 37056K(94720K)->160K(89088K)
[42.342s][info][gc,heap        ] GC(326) ParOldGen: 199531K(699392K)->199531K(699392K)
[42.342s][info][gc,metaspace   ] GC(326) Metaspace: 16118K(16384K)->16118K(16384K) NonClass: 13922K(14080K)->13922K(14080K) Class: 2195K(2304K)->2195K(2304K)
[42.342s][info][gc             ] GC(326) Pause Young (System.gc()) 261M->195M(934M) 0.505ms
[42.342s][info][gc,cpu         ] GC(326) User=0.00s Sys=0.00s Real=0.00s
[42.342s][info][gc,start       ] GC(327) Pause Full (System.gc())
[42.342s][info][gc,phases,start] GC(327) Marking Phase
[42.347s][info][gc,phases      ] GC(327) Marking Phase 4.908ms
[42.347s][info][gc,phases,start] GC(327) Summary Phase
[42.347s][info][gc,phases      ] GC(327) Summary Phase 0.010ms
[42.347s][info][gc,phases,start] GC(327) Adjust Roots
[42.350s][info][gc,phases      ] GC(327) Adjust Roots 2.245ms
[42.350s][info][gc,phases,start] GC(327) Compaction Phase
[42.351s][info][gc,phases      ] GC(327) Compaction Phase 1.231ms
[42.351s][info][gc,phases,start] GC(327) Post Compact
[42.352s][info][gc,phases      ] GC(327) Post Compact 0.799ms
[42.352s][info][gc,heap        ] GC(327) PSYoungGen: 160K(257024K)->0K(257024K) Eden: 0K(167936K)->0K(167936K) From: 160K(89088K)->0K(89088K)
[42.352s][info][gc,heap        ] GC(327) ParOldGen: 199531K(699392K)->5662K(699392K)
[42.352s][info][gc,metaspace   ] GC(327) Metaspace: 16118K(16384K)->16118K(16384K) NonClass: 13922K(14080K)->13922K(14080K) Class: 2195K(2304K)->2195K(2304K)
[42.352s][info][gc             ] GC(327) Pause Full (System.gc()) 195M->5M(934M) 9.506ms
[42.352s][info][gc,cpu         ] GC(327) User=0.00s Sys=0.00s Real=0.02s
[42.490s][info][gc,start       ] GC(328) Pause Young (Allocation Failure)
[42.527s][info][gc,heap        ] GC(328) PSYoungGen: 167936K(257024K)->65731K(233984K) Eden: 167936K(167936K)->0K(167936K) From: 0K(89088K)->65731K(66048K)
[42.527s][info][gc,heap        ] GC(328) ParOldGen: 5662K(699392K)->5662K(699392K)
[42.527s][info][gc,metaspace   ] GC(328) Metaspace: 16118K(16384K)->16118K(16384K) NonClass: 13922K(14080K)->13922K(14080K) Class: 2195K(2304K)->2195K(2304K)
[42.527s][info][gc             ] GC(328) Pause Young (Allocation Failure) 169M->69M(911M) 37.202ms
[42.527s][info][gc,cpu         ] GC(328) User=0.27s Sys=0.00s Real=0.04s
[42.675s][info][gc,start       ] GC(329) Pause Young (Allocation Failure)
[42.748s][info][gc,heap        ] GC(329) PSYoungGen: 233667K(233984K)->70277K(240128K) Eden: 167936K(167936K)->0K(143360K) From: 65731K(66048K)->70277K(96768K)
[42.750s][info][gc,heap        ] GC(329) ParOldGen: 5662K(699392K)->62717K(699392K)
[42.750s][info][gc,metaspace   ] GC(329) Metaspace: 16118K(16384K)->16118K(16384K) NonClass: 13922K(14080K)->13922K(14080K) Class: 2195K(2304K)->2195K(2304K)
[42.750s][info][gc             ] GC(329) Pause Young (Allocation Failure) 233M->129M(917M) 75.520ms
[42.750s][info][gc,cpu         ] GC(329) User=0.45s Sys=0.00s Real=0.07s
[42.870s][info][gc,start       ] GC(330) Pause Young (Allocation Failure)
[42.939s][info][gc,heap        ] GC(330) PSYoungGen: 208110K(240128K)->54678K(246272K) Eden: 137832K(143360K)->0K(143360K) From: 70277K(96768K)->54678K(102912K)
[42.939s][info][gc,heap        ] GC(330) ParOldGen: 62717K(699392K)->130284K(699392K)
[42.939s][info][gc,metaspace   ] GC(330) Metaspace: 16118K(16384K)->16118K(16384K) NonClass: 13922K(14080K)->13922K(14080K) Class: 2195K(2304K)->2195K(2304K)
[42.939s][info][gc             ] GC(330) Pause Young (Allocation Failure) 264M->180M(923M) 69.148ms
[42.939s][info][gc,cpu         ] GC(330) User=0.33s Sys=0.00s Real=0.08s
[43.064s][info][gc,start       ] GC(331) Pause Young (Allocation Failure)
[43.099s][info][gc,heap        ] GC(331) PSYoungGen: 198038K(246272K)->25610K(250368K) Eden: 143360K(143360K)->0K(148480K) From: 54678K(102912K)->25610K(101888K)
[43.099s][info][gc,heap        ] GC(331) ParOldGen: 130284K(699392K)->174892K(699392K)
[43.099s][info][gc,metaspace   ] GC(331) Metaspace: 16118K(16384K)->16118K(16384K) NonClass: 13922K(14080K)->13922K(14080K) Class: 2195K(2304K)->2195K(2304K)
[43.099s][info][gc             ] GC(331) Pause Young (Allocation Failure) 320M->195M(927M) 35.045ms
[43.099s][info][gc,cpu         ] GC(331) User=0.19s Sys=0.00s Real=0.04s
[43.175s][info][gc,start       ] GC(332) Pause Young (Allocation Failure)
[43.186s][info][gc,heap        ] GC(332) PSYoungGen: 174090K(250368K)->18624K(247296K) Eden: 148480K(148480K)->0K(148480K) From: 25610K(101888K)->18624K(98816K)
[43.186s][info][gc,heap        ] GC(332) ParOldGen: 174892K(699392K)->192767K(699392K)
[43.186s][info][gc,metaspace   ] GC(332) Metaspace: 16118K(16384K)->16118K(16384K) NonClass: 13922K(14080K)->13922K(14080K) Class: 2195K(2304K)->2195K(2304K)
[43.186s][info][gc             ] GC(332) Pause Young (Allocation Failure) 340M->206M(924M) 11.514ms
[43.186s][info][gc,cpu         ] GC(332) User=0.09s Sys=0.00s Real=0.01s
[43.259s][info][gc,start       ] GC(333) Pause Young (Allocation Failure)
[43.265s][info][gc,heap        ] GC(333) PSYoungGen: 167104K(247296K)->37056K(258048K) Eden: 148480K(148480K)->0K(161280K) From: 18624K(98816K)->37056K(96768K)
[43.265s][info][gc,heap        ] GC(333) ParOldGen: 192767K(699392K)->192767K(699392K)
[43.265s][info][gc,metaspace   ] GC(333) Metaspace: 16118K(16384K)->16118K(16384K) NonClass: 13922K(14080K)->13922K(14080K) Class: 2195K(2304K)->2195K(2304K)
[43.265s][info][gc             ] GC(333) Pause Young (Allocation Failure) 351M->224M(935M) 5.476ms
[43.265s][info][gc,cpu         ] GC(333) User=0.09s Sys=0.00s Real=0.01s
[43.310s][info][gc,start       ] GC(334) Pause Young (System.gc())
[43.310s][info][gc,heap        ] GC(334) PSYoungGen: 73959K(258048K)->128K(252416K) Eden: 36903K(161280K)->0K(161280K) From: 37056K(96768K)->128K(91136K)
[43.310s][info][gc,heap        ] GC(334) ParOldGen: 192767K(699392K)->192767K(699392K)
[43.310s][info][gc,metaspace   ] GC(334) Metaspace: 16118K(16384K)->16118K(16384K) NonClass: 13922K(14080K)->13922K(14080K) Class: 2195K(2304K)->2195K(2304K)
[43.310s][info][gc             ] GC(334) Pause Young (System.gc()) 260M->188M(929M) 0.493ms
[43.310s][info][gc,cpu         ] GC(334) User=0.00s Sys=0.00s Real=0.00s
[43.310s][info][gc,start       ] GC(335) Pause Full (System.gc())
[43.310s][info][gc,phases,start] GC(335) Marking Phase
[43.315s][info][gc,phases      ] GC(335) Marking Phase 4.947ms
[43.315s][info][gc,phases,start] GC(335) Summary Phase
[43.315s][info][gc,phases      ] GC(335) Summary Phase 0.011ms
[43.315s][info][gc,phases,start] GC(335) Adjust Roots
[43.318s][info][gc,phases      ] GC(335) Adjust Roots 2.531ms
[43.318s][info][gc,phases,start] GC(335) Compaction Phase
[43.319s][info][gc,phases      ] GC(335) Compaction Phase 1.770ms
[43.319s][info][gc,phases,start] GC(335) Post Compact
[43.320s][info][gc,phases      ] GC(335) Post Compact 0.646ms
[43.320s][info][gc,heap        ] GC(335) PSYoungGen: 128K(252416K)->0K(252416K) Eden: 0K(161280K)->0K(161280K) From: 128K(91136K)->0K(91136K)
[43.320s][info][gc,heap        ] GC(335) ParOldGen: 192767K(699392K)->5662K(699392K)
[43.320s][info][gc,metaspace   ] GC(335) Metaspace: 16118K(16384K)->16118K(16384K) NonClass: 13922K(14080K)->13922K(14080K) Class: 2195K(2304K)->2195K(2304K)
[43.320s][info][gc             ] GC(335) Pause Full (System.gc()) 188M->5M(929M) 10.125ms
[43.320s][info][gc,cpu         ] GC(335) User=0.00s Sys=0.00s Real=0.02s
[43.453s][info][gc,start       ] GC(336) Pause Young (Allocation Failure)
[43.489s][info][gc,heap        ] GC(336) PSYoungGen: 161280K(252416K)->63386K(246784K) Eden: 161280K(161280K)->0K(154624K) From: 0K(91136K)->63386K(92160K)
[43.489s][info][gc,heap        ] GC(336) ParOldGen: 5662K(699392K)->5662K(699392K)
[43.489s][info][gc,metaspace   ] GC(336) Metaspace: 16118K(16384K)->16118K(16384K) NonClass: 13922K(14080K)->13922K(14080K) Class: 2195K(2304K)->2195K(2304K)
[43.489s][info][gc             ] GC(336) Pause Young (Allocation Failure) 163M->67M(924M) 35.664ms
[43.489s][info][gc,cpu         ] GC(336) User=0.19s Sys=0.00s Real=0.03s
[43.625s][info][gc,start       ] GC(337) Pause Young (Allocation Failure)
[43.693s][info][gc,heap        ] GC(337) PSYoungGen: 218010K(246784K)->65659K(220672K) Eden: 154624K(154624K)->0K(154624K) From: 63386K(92160K)->65659K(66048K)
[43.693s][info][gc,heap        ] GC(337) ParOldGen: 5662K(699392K)->60445K(699392K)
[43.693s][info][gc,metaspace   ] GC(337) Metaspace: 16118K(16384K)->16118K(16384K) NonClass: 13922K(14080K)->13922K(14080K) Class: 2195K(2304K)->2195K(2304K)
[43.693s][info][gc             ] GC(337) Pause Young (Allocation Failure) 218M->123M(898M) 68.007ms
[43.693s][info][gc,cpu         ] GC(337) User=0.38s Sys=0.00s Real=0.07s
[43.833s][info][gc,start       ] GC(338) Pause Young (Allocation Failure)
[43.905s][info][gc,heap        ] GC(338) PSYoungGen: 213617K(220672K)->52284K(248832K) Eden: 147957K(154624K)->0K(146944K) From: 65659K(66048K)->52284K(101888K)
[43.905s][info][gc,heap        ] GC(338) ParOldGen: 60445K(699392K)->129506K(699392K)
[43.905s][info][gc,metaspace   ] GC(338) Metaspace: 16118K(16384K)->16118K(16384K) NonClass: 13922K(14080K)->13922K(14080K) Class: 2195K(2304K)->2195K(2304K)
[43.905s][info][gc             ] GC(338) Pause Young (Allocation Failure) 267M->177M(926M) 72.223ms
[43.905s][info][gc,cpu         ] GC(338) User=0.39s Sys=0.00s Real=0.07s
[44.028s][info][gc,start       ] GC(339) Pause Young (Allocation Failure)
[44.074s][info][gc,heap        ] GC(339) PSYoungGen: 199228K(248832K)->24937K(247296K) Eden: 146944K(146944K)->0K(146944K) From: 52284K(101888K)->24937K(100352K)
[44.074s][info][gc,heap        ] GC(339) ParOldGen: 129506K(699392K)->181751K(699392K)
[44.074s][info][gc,metaspace   ] GC(339) Metaspace: 16119K(16384K)->16119K(16384K) NonClass: 13924K(14080K)->13924K(14080K) Class: 2195K(2304K)->2195K(2304K)
[44.074s][info][gc             ] GC(339) Pause Young (Allocation Failure) 321M->201M(924M) 45.681ms
[44.074s][info][gc,cpu         ] GC(339) User=0.17s Sys=0.02s Real=0.05s
[44.145s][info][gc,start       ] GC(340) Pause Young (Allocation Failure)
[44.156s][info][gc,heap        ] GC(340) PSYoungGen: 171881K(247296K)->18592K(254464K) Eden: 146944K(146944K)->0K(157184K) From: 24937K(100352K)->18592K(97280K)
[44.156s][info][gc,heap        ] GC(340) ParOldGen: 181751K(699392K)->199627K(699392K)
[44.156s][info][gc,metaspace   ] GC(340) Metaspace: 16119K(16384K)->16119K(16384K) NonClass: 13924K(14080K)->13924K(14080K) Class: 2195K(2304K)->2195K(2304K)
[44.156s][info][gc             ] GC(340) Pause Young (Allocation Failure) 345M->213M(931M) 11.675ms
[44.156s][info][gc,cpu         ] GC(340) User=0.09s Sys=0.00s Real=0.01s
[44.226s][info][gc,start       ] GC(341) Pause Young (Allocation Failure)
[44.231s][info][gc,heap        ] GC(341) PSYoungGen: 175776K(254464K)->37056K(251904K) Eden: 157184K(157184K)->0K(157184K) From: 18592K(97280K)->37056K(94720K)
[44.231s][info][gc,heap        ] GC(341) ParOldGen: 199627K(699392K)->199627K(699392K)
[44.231s][info][gc,metaspace   ] GC(341) Metaspace: 16119K(16384K)->16119K(16384K) NonClass: 13924K(14080K)->13924K(14080K) Class: 2195K(2304K)->2195K(2304K)
[44.231s][info][gc             ] GC(341) Pause Young (Allocation Failure) 366M->231M(929M) 5.057ms
[44.231s][info][gc,cpu         ] GC(341) User=0.09s Sys=0.00s Real=0.01s
[44.256s][info][gc,start       ] GC(342) Pause Young (System.gc())
[44.257s][info][gc,heap        ] GC(342) PSYoungGen: 73759K(251904K)->128K(257024K) Eden: 36703K(157184K)->0K(167936K) From: 37056K(94720K)->128K(89088K)
[44.257s][info][gc,heap        ] GC(342) ParOldGen: 199627K(699392K)->199627K(699392K)
[44.257s][info][gc,metaspace   ] GC(342) Metaspace: 16119K(16384K)->16119K(16384K) NonClass: 13924K(14080K)->13924K(14080K) Class: 2195K(2304K)->2195K(2304K)
[44.257s][info][gc             ] GC(342) Pause Young (System.gc()) 266M->195M(934M) 0.470ms
[44.257s][info][gc,cpu         ] GC(342) User=0.00s Sys=0.00s Real=0.00s
[44.257s][info][gc,start       ] GC(343) Pause Full (System.gc())
[44.257s][info][gc,phases,start] GC(343) Marking Phase
[44.262s][info][gc,phases      ] GC(343) Marking Phase 4.864ms
[44.262s][info][gc,phases,start] GC(343) Summary Phase
[44.262s][info][gc,phases      ] GC(343) Summary Phase 0.010ms
[44.262s][info][gc,phases,start] GC(343) Adjust Roots
[44.264s][info][gc,phases      ] GC(343) Adjust Roots 2.116ms
[44.264s][info][gc,phases,start] GC(343) Compaction Phase
[44.266s][info][gc,phases      ] GC(343) Compaction Phase 1.508ms
[44.266s][info][gc,phases,start] GC(343) Post Compact
[44.266s][info][gc,phases      ] GC(343) Post Compact 0.666ms
[44.266s][info][gc,heap        ] GC(343) PSYoungGen: 128K(257024K)->0K(257024K) Eden: 0K(167936K)->0K(167936K) From: 128K(89088K)->0K(89088K)
[44.266s][info][gc,heap        ] GC(343) ParOldGen: 199627K(699392K)->5662K(699392K)
[44.266s][info][gc,metaspace   ] GC(343) Metaspace: 16119K(16384K)->16119K(16384K) NonClass: 13924K(14080K)->13924K(14080K) Class: 2195K(2304K)->2195K(2304K)
[44.266s][info][gc             ] GC(343) Pause Full (System.gc()) 195M->5M(934M) 9.429ms
[44.266s][info][gc,cpu         ] GC(343) User=0.02s Sys=0.00s Real=0.02s
[44.405s][info][gc,start       ] GC(344) Pause Young (Allocation Failure)
[44.442s][info][gc,heap        ] GC(344) PSYoungGen: 167936K(257024K)->65800K(233984K) Eden: 167936K(167936K)->0K(167936K) From: 0K(89088K)->65800K(66048K)
[44.442s][info][gc,heap        ] GC(344) ParOldGen: 5662K(699392K)->5662K(699392K)
[44.442s][info][gc,metaspace   ] GC(344) Metaspace: 16119K(16384K)->16119K(16384K) NonClass: 13924K(14080K)->13924K(14080K) Class: 2195K(2304K)->2195K(2304K)
[44.442s][info][gc             ] GC(344) Pause Young (Allocation Failure) 169M->69M(911M) 37.112ms
[44.442s][info][gc,cpu         ] GC(344) User=0.19s Sys=0.00s Real=0.05s
[44.589s][info][gc,start       ] GC(345) Pause Young (Allocation Failure)
[44.661s][info][gc,heap        ] GC(345) PSYoungGen: 233736K(233984K)->70297K(240128K) Eden: 167936K(167936K)->0K(143360K) From: 65800K(66048K)->70297K(96768K)
[44.661s][info][gc,heap        ] GC(345) ParOldGen: 5662K(699392K)->62757K(699392K)
[44.661s][info][gc,metaspace   ] GC(345) Metaspace: 16119K(16384K)->16119K(16384K) NonClass: 13924K(14080K)->13924K(14080K) Class: 2195K(2304K)->2195K(2304K)
[44.661s][info][gc             ] GC(345) Pause Young (Allocation Failure) 233M->129M(917M) 72.026ms
[44.661s][info][gc,cpu         ] GC(345) User=0.38s Sys=0.00s Real=0.08s
[44.782s][info][gc,start       ] GC(346) Pause Young (Allocation Failure)
[44.853s][info][gc,heap        ] GC(346) PSYoungGen: 208175K(240128K)->54659K(246272K) Eden: 137878K(143360K)->0K(143360K) From: 70297K(96768K)->54659K(102912K)
[44.853s][info][gc,heap        ] GC(346) ParOldGen: 62757K(699392K)->127236K(699392K)
[44.853s][info][gc,metaspace   ] GC(346) Metaspace: 16119K(16384K)->16119K(16384K) NonClass: 13924K(14080K)->13924K(14080K) Class: 2195K(2304K)->2195K(2304K)
[44.853s][info][gc             ] GC(346) Pause Young (Allocation Failure) 264M->177M(923M) 70.908ms
[44.853s][info][gc,cpu         ] GC(346) User=0.33s Sys=0.00s Real=0.08s
[44.978s][info][gc,start       ] GC(347) Pause Young (Allocation Failure)
[45.013s][info][gc,heap        ] GC(347) PSYoungGen: 198019K(246272K)->25631K(250368K) Eden: 143360K(143360K)->0K(148480K) From: 54659K(102912K)->25631K(101888K)
[45.013s][info][gc,heap        ] GC(347) ParOldGen: 127236K(699392K)->171868K(699392K)
[45.013s][info][gc,metaspace   ] GC(347) Metaspace: 16119K(16384K)->16119K(16384K) NonClass: 13924K(14080K)->13924K(14080K) Class: 2195K(2304K)->2195K(2304K)
[45.014s][info][gc             ] GC(347) Pause Young (Allocation Failure) 317M->192M(927M) 35.297ms
[45.014s][info][gc,cpu         ] GC(347) User=0.28s Sys=0.00s Real=0.04s
[45.096s][info][gc,start       ] GC(348) Pause Young (Allocation Failure)
[45.107s][info][gc,heap        ] GC(348) PSYoungGen: 174111K(250368K)->18624K(247296K) Eden: 148480K(148480K)->0K(148480K) From: 25631K(101888K)->18624K(98816K)
[45.107s][info][gc,heap        ] GC(348) ParOldGen: 171868K(699392K)->189704K(699392K)
[45.107s][info][gc,metaspace   ] GC(348) Metaspace: 16119K(16384K)->16119K(16384K) NonClass: 13924K(14080K)->13924K(14080K) Class: 2195K(2304K)->2195K(2304K)
[45.107s][info][gc             ] GC(348) Pause Young (Allocation Failure) 337M->203M(924M) 11.464ms
[45.107s][info][gc,cpu         ] GC(348) User=0.09s Sys=0.00s Real=0.01s
[45.180s][info][gc,start       ] GC(349) Pause Young (Allocation Failure)
[45.185s][info][gc,heap        ] GC(349) PSYoungGen: 167104K(247296K)->37056K(258048K) Eden: 148480K(148480K)->0K(161280K) From: 18624K(98816K)->37056K(96768K)
[45.185s][info][gc,heap        ] GC(349) ParOldGen: 189704K(699392K)->189704K(699392K)
[45.185s][info][gc,metaspace   ] GC(349) Metaspace: 16119K(16384K)->16119K(16384K) NonClass: 13924K(14080K)->13924K(14080K) Class: 2195K(2304K)->2195K(2304K)
[45.185s][info][gc             ] GC(349) Pause Young (Allocation Failure) 348M->221M(935M) 5.551ms
[45.185s][info][gc,cpu         ] GC(349) User=0.09s Sys=0.00s Real=0.00s
[45.230s][info][gc,start       ] GC(350) Pause Young (System.gc())
[45.230s][info][gc,heap        ] GC(350) PSYoungGen: 74088K(258048K)->160K(252416K) Eden: 37031K(161280K)->0K(161280K) From: 37056K(96768K)->160K(91136K)
[45.230s][info][gc,heap        ] GC(350) ParOldGen: 189704K(699392K)->189704K(699392K)
[45.230s][info][gc,metaspace   ] GC(350) Metaspace: 16119K(16384K)->16119K(16384K) NonClass: 13924K(14080K)->13924K(14080K) Class: 2195K(2304K)->2195K(2304K)
[45.230s][info][gc             ] GC(350) Pause Young (System.gc()) 257M->185M(929M) 0.387ms
[45.230s][info][gc,cpu         ] GC(350) User=0.00s Sys=0.00s Real=0.00s
[45.230s][info][gc,start       ] GC(351) Pause Full (System.gc())
[45.230s][info][gc,phases,start] GC(351) Marking Phase
[45.235s][info][gc,phases      ] GC(351) Marking Phase 4.588ms
[45.235s][info][gc,phases,start] GC(351) Summary Phase
[45.235s][info][gc,phases      ] GC(351) Summary Phase 0.011ms
[45.235s][info][gc,phases,start] GC(351) Adjust Roots
[45.238s][info][gc,phases      ] GC(351) Adjust Roots 2.980ms
[45.238s][info][gc,phases,start] GC(351) Compaction Phase
[45.239s][info][gc,phases      ] GC(351) Compaction Phase 1.394ms
[45.240s][info][gc,phases,start] GC(351) Post Compact
[45.240s][info][gc,phases      ] GC(351) Post Compact 0.776ms
[45.240s][info][gc,heap        ] GC(351) PSYoungGen: 160K(252416K)->0K(252416K) Eden: 0K(161280K)->0K(161280K) From: 160K(91136K)->0K(91136K)
[45.240s][info][gc,heap        ] GC(351) ParOldGen: 189704K(699392K)->5662K(699392K)
[45.240s][info][gc,metaspace   ] GC(351) Metaspace: 16119K(16384K)->16119K(16384K) NonClass: 13924K(14080K)->13924K(14080K) Class: 2195K(2304K)->2195K(2304K)
[45.240s][info][gc             ] GC(351) Pause Full (System.gc()) 185M->5M(929M) 9.978ms
[45.240s][info][gc,cpu         ] GC(351) User=0.00s Sys=0.00s Real=0.02s
[45.373s][info][gc,start       ] GC(352) Pause Young (Allocation Failure)
[45.409s][info][gc,heap        ] GC(352) PSYoungGen: 161280K(252416K)->63349K(246784K) Eden: 161280K(161280K)->0K(154624K) From: 0K(91136K)->63349K(92160K)
[45.409s][info][gc,heap        ] GC(352) ParOldGen: 5662K(699392K)->5662K(699392K)
[45.409s][info][gc,metaspace   ] GC(352) Metaspace: 16119K(16384K)->16119K(16384K) NonClass: 13924K(14080K)->13924K(14080K) Class: 2195K(2304K)->2195K(2304K)
[45.409s][info][gc             ] GC(352) Pause Young (Allocation Failure) 163M->67M(924M) 35.788ms
[45.409s][info][gc,cpu         ] GC(352) User=0.19s Sys=0.00s Real=0.04s
[45.544s][info][gc,start       ] GC(353) Pause Young (Allocation Failure)
[45.612s][info][gc,heap        ] GC(353) PSYoungGen: 217973K(246784K)->65671K(220672K) Eden: 154624K(154624K)->0K(154624K) From: 63349K(92160K)->65671K(66048K)
[45.612s][info][gc,heap        ] GC(353) ParOldGen: 5662K(699392K)->60421K(699392K)
[45.612s][info][gc,metaspace   ] GC(353) Metaspace: 16119K(16384K)->16119K(16384K) NonClass: 13924K(14080K)->13924K(14080K) Class: 2195K(2304K)->2195K(2304K)
[45.612s][info][gc             ] GC(353) Pause Young (Allocation Failure) 218M->123M(898M) 67.919ms
[45.612s][info][gc,cpu         ] GC(353) User=0.38s Sys=0.00s Real=0.07s
[45.750s][info][gc,start       ] GC(354) Pause Young (Allocation Failure)
[45.823s][info][gc,heap        ] GC(354) PSYoungGen: 213613K(220672K)->52585K(248832K) Eden: 147941K(154624K)->0K(146944K) From: 65671K(66048K)->52585K(101888K)
[45.823s][info][gc,heap        ] GC(354) ParOldGen: 60421K(699392K)->129506K(699392K)
[45.823s][info][gc,metaspace   ] GC(354) Metaspace: 16119K(16384K)->16119K(16384K) NonClass: 13924K(14080K)->13924K(14080K) Class: 2195K(2304K)->2195K(2304K)
[45.823s][info][gc             ] GC(354) Pause Young (Allocation Failure) 267M->177M(926M) 72.101ms
[45.823s][info][gc,cpu         ] GC(354) User=0.38s Sys=0.00s Real=0.08s
[45.941s][info][gc,start       ] GC(355) Pause Young (Allocation Failure)
[45.990s][info][gc,heap        ] GC(355) PSYoungGen: 198930K(248832K)->27984K(247296K) Eden: 146344K(146944K)->0K(146944K) From: 52585K(101888K)->27984K(100352K)
[45.990s][info][gc,heap        ] GC(355) ParOldGen: 129506K(699392K)->181916K(699392K)
[45.990s][info][gc,metaspace   ] GC(355) Metaspace: 16120K(16384K)->16120K(16384K) NonClass: 13925K(14080K)->13925K(14080K) Class: 2195K(2304K)->2195K(2304K)
[45.990s][info][gc             ] GC(355) Pause Young (Allocation Failure) 320M->204M(924M) 49.072ms
[45.991s][info][gc,cpu         ] GC(355) User=0.27s Sys=0.02s Real=0.05s
[46.066s][info][gc,start       ] GC(356) Pause Young (Allocation Failure)
[46.077s][info][gc,heap        ] GC(356) PSYoungGen: 174928K(247296K)->18592K(254464K) Eden: 146944K(146944K)->0K(157696K) From: 27984K(100352K)->18592K(96768K)
[46.077s][info][gc,heap        ] GC(356) ParOldGen: 181916K(699392K)->199615K(699392K)
[46.077s][info][gc,metaspace   ] GC(356) Metaspace: 16120K(16384K)->16120K(16384K) NonClass: 13925K(14080K)->13925K(14080K) Class: 2195K(2304K)->2195K(2304K)
[46.077s][info][gc             ] GC(356) Pause Young (Allocation Failure) 348M->213M(931M) 11.392ms
[46.077s][info][gc,cpu         ] GC(356) User=0.09s Sys=0.00s Real=0.01s
[46.153s][info][gc,start       ] GC(357) Pause Young (Allocation Failure)
[46.159s][info][gc,heap        ] GC(357) PSYoungGen: 176288K(254464K)->37056K(252416K) Eden: 157696K(157696K)->0K(157696K) From: 18592K(96768K)->37056K(94720K)
[46.159s][info][gc,heap        ] GC(357) ParOldGen: 199615K(699392K)->199615K(699392K)
[46.159s][info][gc,metaspace   ] GC(357) Metaspace: 16120K(16384K)->16120K(16384K) NonClass: 13925K(14080K)->13925K(14080K) Class: 2195K(2304K)->2195K(2304K)
[46.159s][info][gc             ] GC(357) Pause Young (Allocation Failure) 367M->231M(929M) 5.597ms
[46.159s][info][gc,cpu         ] GC(357) User=0.00s Sys=0.00s Real=0.01s
[46.192s][info][gc,start       ] GC(358) Pause Young (System.gc())
[46.192s][info][gc,heap        ] GC(358) PSYoungGen: 68229K(252416K)->96K(258048K) Eden: 31172K(157696K)->0K(168960K) From: 37056K(94720K)->96K(89088K)
[46.192s][info][gc,heap        ] GC(358) ParOldGen: 199615K(699392K)->199615K(699392K)
[46.192s][info][gc,metaspace   ] GC(358) Metaspace: 16120K(16384K)->16120K(16384K) NonClass: 13925K(14080K)->13925K(14080K) Class: 2195K(2304K)->2195K(2304K)
[46.192s][info][gc             ] GC(358) Pause Young (System.gc()) 261M->195M(935M) 0.502ms
[46.192s][info][gc,cpu         ] GC(358) User=0.00s Sys=0.00s Real=0.00s
[46.192s][info][gc,start       ] GC(359) Pause Full (System.gc())
[46.193s][info][gc,phases,start] GC(359) Marking Phase
[46.197s][info][gc,phases      ] GC(359) Marking Phase 4.954ms
[46.198s][info][gc,phases,start] GC(359) Summary Phase
[46.198s][info][gc,phases      ] GC(359) Summary Phase 0.010ms
[46.198s][info][gc,phases,start] GC(359) Adjust Roots
[46.201s][info][gc,phases      ] GC(359) Adjust Roots 3.301ms
[46.201s][info][gc,phases,start] GC(359) Compaction Phase
[46.202s][info][gc,phases      ] GC(359) Compaction Phase 1.389ms
[46.202s][info][gc,phases,start] GC(359) Post Compact
[46.203s][info][gc,phases      ] GC(359) Post Compact 0.816ms
[46.203s][info][gc,heap        ] GC(359) PSYoungGen: 96K(258048K)->0K(258048K) Eden: 0K(168960K)->0K(168960K) From: 96K(89088K)->0K(89088K)
[46.203s][info][gc,heap        ] GC(359) ParOldGen: 199615K(699392K)->5662K(699392K)
[46.203s][info][gc,metaspace   ] GC(359) Metaspace: 16120K(16384K)->16120K(16384K) NonClass: 13925K(14080K)->13925K(14080K) Class: 2195K(2304K)->2195K(2304K)
[46.203s][info][gc             ] GC(359) Pause Full (System.gc()) 195M->5M(935M) 10.687ms
[46.203s][info][gc,cpu         ] GC(359) User=0.02s Sys=0.00s Real=0.02s
[46.344s][info][gc,start       ] GC(360) Pause Young (Allocation Failure)
[46.381s][info][gc,heap        ] GC(360) PSYoungGen: 168960K(258048K)->66103K(235520K) Eden: 168960K(168960K)->0K(168960K) From: 0K(89088K)->66103K(66560K)
[46.381s][info][gc,heap        ] GC(360) ParOldGen: 5662K(699392K)->5662K(699392K)
[46.381s][info][gc,metaspace   ] GC(360) Metaspace: 16120K(16384K)->16120K(16384K) NonClass: 13925K(14080K)->13925K(14080K) Class: 2195K(2304K)->2195K(2304K)
[46.381s][info][gc             ] GC(360) Pause Young (Allocation Failure) 170M->70M(913M) 37.371ms
[46.381s][info][gc,cpu         ] GC(360) User=0.19s Sys=0.00s Real=0.04s
[46.530s][info][gc,start       ] GC(361) Pause Young (Allocation Failure)
[46.601s][info][gc,heap        ] GC(361) PSYoungGen: 235063K(235520K)->70617K(240128K) Eden: 168960K(168960K)->0K(143360K) From: 66103K(66560K)->70617K(96768K)
[46.602s][info][gc,heap        ] GC(361) ParOldGen: 5662K(699392K)->63089K(699392K)
[46.602s][info][gc,metaspace   ] GC(361) Metaspace: 16120K(16384K)->16120K(16384K) NonClass: 13925K(14080K)->13925K(14080K) Class: 2195K(2304K)->2195K(2304K)
[46.602s][info][gc             ] GC(361) Pause Young (Allocation Failure) 235M->130M(917M) 72.069ms
[46.602s][info][gc,cpu         ] GC(361) User=0.38s Sys=0.00s Real=0.08s
[46.722s][info][gc,start       ] GC(362) Pause Young (Allocation Failure)
[46.792s][info][gc,heap        ] GC(362) PSYoungGen: 212506K(240128K)->60079K(203776K) Eden: 141889K(143360K)->0K(143360K) From: 70617K(96768K)->60079K(60416K)
[46.793s][info][gc,heap        ] GC(362) ParOldGen: 63089K(699392K)->124843K(699392K)
[46.793s][info][gc,metaspace   ] GC(362) Metaspace: 16120K(16384K)->16120K(16384K) NonClass: 13925K(14080K)->13925K(14080K) Class: 2195K(2304K)->2195K(2304K)
[46.793s][info][gc             ] GC(362) Pause Young (Allocation Failure) 269M->180M(882M) 70.442ms
[46.793s][info][gc,cpu         ] GC(362) User=0.44s Sys=0.00s Real=0.07s
[46.916s][info][gc,start       ] GC(363) Pause Young (Allocation Failure)
[46.951s][info][gc,heap        ] GC(363) PSYoungGen: 203439K(203776K)->27657K(248832K) Eden: 143360K(143360K)->0K(144896K) From: 60079K(60416K)->27657K(103936K)
[46.951s][info][gc,heap        ] GC(363) ParOldGen: 124843K(699392K)->168701K(699392K)
[46.951s][info][gc,metaspace   ] GC(363) Metaspace: 16122K(16384K)->16122K(16384K) NonClass: 13927K(14080K)->13927K(14080K) Class: 2195K(2304K)->2195K(2304K)
[46.951s][info][gc             ] GC(363) Pause Young (Allocation Failure) 320M->191M(926M) 35.134ms
[46.951s][info][gc,cpu         ] GC(363) User=0.28s Sys=0.00s Real=0.04s
[47.030s][info][gc,start       ] GC(364) Pause Young (Allocation Failure)
[47.041s][info][gc,heap        ] GC(364) PSYoungGen: 172553K(248832K)->18592K(245248K) Eden: 144896K(144896K)->0K(144896K) From: 27657K(103936K)->18592K(100352K)
[47.041s][info][gc,heap        ] GC(364) ParOldGen: 168701K(699392K)->186552K(699392K)
[47.041s][info][gc,metaspace   ] GC(364) Metaspace: 16122K(16384K)->16122K(16384K) NonClass: 13927K(14080K)->13927K(14080K) Class: 2195K(2304K)->2195K(2304K)
[47.041s][info][gc             ] GC(364) Pause Young (Allocation Failure) 333M->200M(922M) 11.640ms
[47.041s][info][gc,cpu         ] GC(364) User=0.00s Sys=0.00s Real=0.01s
[47.116s][info][gc,start       ] GC(365) Pause Young (Allocation Failure)
[47.121s][info][gc,heap        ] GC(365) PSYoungGen: 163488K(245248K)->37056K(256512K) Eden: 144896K(144896K)->0K(158208K) From: 18592K(100352K)->37056K(98304K)
[47.121s][info][gc,heap        ] GC(365) ParOldGen: 186552K(699392K)->186552K(699392K)
[47.121s][info][gc,metaspace   ] GC(365) Metaspace: 16122K(16384K)->16122K(16384K) NonClass: 13927K(14080K)->13927K(14080K) Class: 2195K(2304K)->2195K(2304K)
[47.121s][info][gc             ] GC(365) Pause Young (Allocation Failure) 341M->218M(933M) 5.215ms
[47.121s][info][gc,cpu         ] GC(365) User=0.09s Sys=0.00s Real=0.00s
[47.159s][info][gc,start       ] GC(366) Pause Young (System.gc())
[47.160s][info][gc,heap        ] GC(366) PSYoungGen: 75803K(256512K)->160K(250880K) Eden: 38746K(158208K)->0K(158208K) From: 37056K(98304K)->160K(92672K)
[47.160s][info][gc,heap        ] GC(366) ParOldGen: 186552K(699392K)->186552K(699392K)
[47.160s][info][gc,metaspace   ] GC(366) Metaspace: 16122K(16384K)->16122K(16384K) NonClass: 13927K(14080K)->13927K(14080K) Class: 2195K(2304K)->2195K(2304K)
[47.160s][info][gc             ] GC(366) Pause Young (System.gc()) 256M->182M(928M) 0.585ms
[47.160s][info][gc,cpu         ] GC(366) User=0.00s Sys=0.00s Real=0.00s
[47.160s][info][gc,start       ] GC(367) Pause Full (System.gc())
[47.160s][info][gc,phases,start] GC(367) Marking Phase
[47.165s][info][gc,phases      ] GC(367) Marking Phase 4.836ms
[47.165s][info][gc,phases,start] GC(367) Summary Phase
[47.165s][info][gc,phases      ] GC(367) Summary Phase 0.010ms
[47.165s][info][gc,phases,start] GC(367) Adjust Roots
[47.167s][info][gc,phases      ] GC(367) Adjust Roots 2.098ms
[47.167s][info][gc,phases,start] GC(367) Compaction Phase
[47.168s][info][gc,phases      ] GC(367) Compaction Phase 1.199ms
[47.168s][info][gc,phases,start] GC(367) Post Compact
[47.169s][info][gc,phases      ] GC(367) Post Compact 0.596ms
[47.169s][info][gc,heap        ] GC(367) PSYoungGen: 160K(250880K)->0K(250880K) Eden: 0K(158208K)->0K(158208K) From: 160K(92672K)->0K(92672K)
[47.169s][info][gc,heap        ] GC(367) ParOldGen: 186552K(699392K)->5662K(699392K)
[47.169s][info][gc,metaspace   ] GC(367) Metaspace: 16122K(16384K)->16122K(16384K) NonClass: 13927K(14080K)->13927K(14080K) Class: 2195K(2304K)->2195K(2304K)
[47.169s][info][gc             ] GC(367) Pause Full (System.gc()) 182M->5M(928M) 8.982ms
[47.169s][info][gc,cpu         ] GC(367) User=0.02s Sys=0.00s Real=0.02s
[47.298s][info][gc,start       ] GC(368) Pause Young (Allocation Failure)
[47.332s][info][gc,heap        ] GC(368) PSYoungGen: 158208K(250880K)->62272K(246272K) Eden: 158208K(158208K)->0K(152576K) From: 0K(92672K)->62272K(93696K)
[47.332s][info][gc,heap        ] GC(368) ParOldGen: 5662K(699392K)->5662K(699392K)
[47.332s][info][gc,metaspace   ] GC(368) Metaspace: 16122K(16384K)->16122K(16384K) NonClass: 13927K(14080K)->13927K(14080K) Class: 2195K(2304K)->2195K(2304K)
[47.332s][info][gc             ] GC(368) Pause Young (Allocation Failure) 160M->66M(923M) 34.827ms
[47.332s][info][gc,cpu         ] GC(368) User=0.19s Sys=0.00s Real=0.04s
[47.466s][info][gc,start       ] GC(369) Pause Young (Allocation Failure)
[47.531s][info][gc,heap        ] GC(369) PSYoungGen: 214848K(246272K)->64960K(217600K) Eden: 152576K(152576K)->0K(152576K) From: 62272K(93696K)->64960K(65024K)
[47.531s][info][gc,heap        ] GC(369) ParOldGen: 5662K(699392K)->59386K(699392K)
[47.531s][info][gc,metaspace   ] GC(369) Metaspace: 16122K(16384K)->16122K(16384K) NonClass: 13927K(14080K)->13927K(14080K) Class: 2195K(2304K)->2195K(2304K)
[47.531s][info][gc             ] GC(369) Pause Young (Allocation Failure) 215M->121M(895M) 64.854ms
[47.531s][info][gc,cpu         ] GC(369) User=0.36s Sys=0.00s Real=0.08s
[47.671s][info][gc,start       ] GC(370) Pause Young (Allocation Failure)
[47.742s][info][gc,heap        ] GC(370) PSYoungGen: 217536K(217600K)->54084K(247808K) Eden: 152576K(152576K)->0K(145408K) From: 64960K(65024K)->54084K(102400K)
[47.742s][info][gc,heap        ] GC(370) ParOldGen: 59386K(699392K)->127784K(699392K)
[47.742s][info][gc,metaspace   ] GC(370) Metaspace: 16122K(16384K)->16122K(16384K) NonClass: 13927K(14080K)->13927K(14080K) Class: 2195K(2304K)->2195K(2304K)
[47.742s][info][gc             ] GC(370) Pause Young (Allocation Failure) 270M->177M(925M) 71.756ms
[47.742s][info][gc,cpu         ] GC(370) User=0.38s Sys=0.00s Real=0.07s
[47.861s][info][gc,start       ] GC(371) Pause Young (Allocation Failure)
[47.912s][info][gc,heap        ] GC(371) PSYoungGen: 199492K(247808K)->25971K(246784K) Eden: 145408K(145408K)->0K(145408K) From: 54084K(102400K)->25971K(101376K)
[47.912s][info][gc,heap        ] GC(371) ParOldGen: 127784K(699392K)->181748K(699392K)
[47.912s][info][gc,metaspace   ] GC(371) Metaspace: 16122K(16384K)->16122K(16384K) NonClass: 13927K(14080K)->13927K(14080K) Class: 2195K(2304K)->2195K(2304K)
[47.912s][info][gc             ] GC(371) Pause Young (Allocation Failure) 319M->202M(924M) 50.697ms
[47.912s][info][gc,cpu         ] GC(371) User=0.28s Sys=0.00s Real=0.05s
[47.982s][info][gc,start       ] GC(372) Pause Young (Allocation Failure)
[47.993s][info][gc,heap        ] GC(372) PSYoungGen: 171379K(246784K)->18592K(253440K) Eden: 145408K(145408K)->0K(155648K) From: 25971K(101376K)->18592K(97792K)
[47.993s][info][gc,heap        ] GC(372) ParOldGen: 181748K(699392K)->199615K(699392K)
[47.993s][info][gc,metaspace   ] GC(372) Metaspace: 16122K(16384K)->16122K(16384K) NonClass: 13927K(14080K)->13927K(14080K) Class: 2195K(2304K)->2195K(2304K)
[47.993s][info][gc             ] GC(372) Pause Young (Allocation Failure) 344M->213M(930M) 11.420ms
[47.994s][info][gc,cpu         ] GC(372) User=0.00s Sys=0.00s Real=0.01s
[48.070s][info][gc,start       ] GC(373) Pause Young (Allocation Failure)
[48.075s][info][gc,heap        ] GC(373) PSYoungGen: 174240K(253440K)->37056K(251392K) Eden: 155648K(155648K)->0K(155648K) From: 18592K(97792K)->37056K(95744K)
[48.075s][info][gc,heap        ] GC(373) ParOldGen: 199615K(699392K)->199615K(699392K)
[48.075s][info][gc,metaspace   ] GC(373) Metaspace: 16122K(16384K)->16122K(16384K) NonClass: 13927K(14080K)->13927K(14080K) Class: 2195K(2304K)->2195K(2304K)
[48.075s][info][gc             ] GC(373) Pause Young (Allocation Failure) 365M->231M(928M) 5.439ms
[48.075s][info][gc,cpu         ] GC(373) User=0.09s Sys=0.00s Real=0.01s
[48.127s][info][gc,start       ] GC(374) Pause Young (System.gc())
[48.127s][info][gc,heap        ] GC(374) PSYoungGen: 76181K(251392K)->160K(257024K) Eden: 39125K(155648K)->0K(166912K) From: 37056K(95744K)->160K(90112K)
[48.127s][info][gc,heap        ] GC(374) ParOldGen: 199615K(699392K)->199615K(699392K)
[48.127s][info][gc,metaspace   ] GC(374) Metaspace: 16122K(16384K)->16122K(16384K) NonClass: 13927K(14080K)->13927K(14080K) Class: 2195K(2304K)->2195K(2304K)
[48.127s][info][gc             ] GC(374) Pause Young (System.gc()) 269M->195M(934M) 0.764ms
[48.127s][info][gc,cpu         ] GC(374) User=0.00s Sys=0.00s Real=0.00s
[48.127s][info][gc,start       ] GC(375) Pause Full (System.gc())
[48.127s][info][gc,phases,start] GC(375) Marking Phase
[48.132s][info][gc,phases      ] GC(375) Marking Phase 4.639ms
[48.132s][info][gc,phases,start] GC(375) Summary Phase
[48.132s][info][gc,phases      ] GC(375) Summary Phase 0.010ms
[48.132s][info][gc,phases,start] GC(375) Adjust Roots
[48.135s][info][gc,phases      ] GC(375) Adjust Roots 3.315ms
[48.136s][info][gc,phases,start] GC(375) Compaction Phase
[48.137s][info][gc,phases      ] GC(375) Compaction Phase 1.421ms
[48.137s][info][gc,phases,start] GC(375) Post Compact
[48.138s][info][gc,phases      ] GC(375) Post Compact 0.703ms
[48.138s][info][gc,heap        ] GC(375) PSYoungGen: 160K(257024K)->0K(257024K) Eden: 0K(166912K)->0K(166912K) From: 160K(90112K)->0K(90112K)
[48.138s][info][gc,heap        ] GC(375) ParOldGen: 199615K(699392K)->5662K(699392K)
[48.138s][info][gc,metaspace   ] GC(375) Metaspace: 16122K(16384K)->16122K(16384K) NonClass: 13927K(14080K)->13927K(14080K) Class: 2195K(2304K)->2195K(2304K)
[48.138s][info][gc             ] GC(375) Pause Full (System.gc()) 195M->5M(934M) 10.331ms
[48.138s][info][gc,cpu         ] GC(375) User=0.02s Sys=0.00s Real=0.01s
[48.276s][info][gc,start       ] GC(376) Pause Young (Allocation Failure)
[48.313s][info][gc,heap        ] GC(376) PSYoungGen: 166912K(257024K)->65360K(232448K) Eden: 166912K(166912K)->0K(166912K) From: 0K(90112K)->65360K(65536K)
[48.313s][info][gc,heap        ] GC(376) ParOldGen: 5662K(699392K)->5662K(699392K)
[48.313s][info][gc,metaspace   ] GC(376) Metaspace: 16122K(16384K)->16122K(16384K) NonClass: 13927K(14080K)->13927K(14080K) Class: 2195K(2304K)->2195K(2304K)
[48.313s][info][gc             ] GC(376) Pause Young (Allocation Failure) 168M->69M(910M) 37.042ms
[48.313s][info][gc,cpu         ] GC(376) User=0.20s Sys=0.00s Real=0.04s
[48.461s][info][gc,start       ] GC(377) Pause Young (Allocation Failure)
[48.533s][info][gc,heap        ] GC(377) PSYoungGen: 232272K(232448K)->69938K(239616K) Eden: 166912K(166912K)->0K(142336K) From: 65360K(65536K)->69938K(97280K)
[48.533s][info][gc,heap        ] GC(377) ParOldGen: 5662K(699392K)->62394K(699392K)
[48.533s][info][gc,metaspace   ] GC(377) Metaspace: 16122K(16384K)->16122K(16384K) NonClass: 13927K(14080K)->13927K(14080K) Class: 2195K(2304K)->2195K(2304K)
[48.533s][info][gc             ] GC(377) Pause Young (Allocation Failure) 232M->129M(917M) 71.395ms
[48.533s][info][gc,cpu         ] GC(377) User=0.47s Sys=0.00s Real=0.07s
[48.654s][info][gc,start       ] GC(378) Pause Young (Allocation Failure)
[48.725s][info][gc,heap        ] GC(378) PSYoungGen: 209029K(239616K)->55395K(245760K) Eden: 139091K(142336K)->0K(142336K) From: 69938K(97280K)->55395K(103424K)
[48.725s][info][gc,heap        ] GC(378) ParOldGen: 62394K(699392K)->129597K(699392K)
[48.725s][info][gc,metaspace   ] GC(378) Metaspace: 16122K(16384K)->16122K(16384K) NonClass: 13927K(14080K)->13927K(14080K) Class: 2195K(2304K)->2195K(2304K)
[48.725s][info][gc             ] GC(378) Pause Young (Allocation Failure) 265M->180M(923M) 70.754ms
[48.725s][info][gc,cpu         ] GC(378) User=0.38s Sys=0.00s Real=0.08s
[48.846s][info][gc,start       ] GC(379) Pause Young (Allocation Failure)
[48.882s][info][gc,heap        ] GC(379) PSYoungGen: 197731K(245760K)->27185K(249856K) Eden: 142336K(142336K)->0K(146944K) From: 55395K(103424K)->27185K(102912K)
[48.882s][info][gc,heap        ] GC(379) ParOldGen: 129597K(699392K)->174916K(699392K)
[48.882s][info][gc,metaspace   ] GC(379) Metaspace: 16126K(16384K)->16126K(16384K) NonClass: 13931K(14080K)->13931K(14080K) Class: 2195K(2304K)->2195K(2304K)
[48.882s][info][gc             ] GC(379) Pause Young (Allocation Failure) 319M->197M(927M) 35.784ms
[48.882s][info][gc,cpu         ] GC(379) User=0.19s Sys=0.00s Real=0.04s
[48.953s][info][gc,start       ] GC(380) Pause Young (Allocation Failure)
[48.965s][info][gc,heap        ] GC(380) PSYoungGen: 174129K(249856K)->18624K(246272K) Eden: 146944K(146944K)->0K(146944K) From: 27185K(102912K)->18624K(99328K)
[48.965s][info][gc,heap        ] GC(380) ParOldGen: 174916K(699392K)->192748K(699392K)
[48.965s][info][gc,metaspace   ] GC(380) Metaspace: 16126K(16384K)->16126K(16384K) NonClass: 13931K(14080K)->13931K(14080K) Class: 2195K(2304K)->2195K(2304K)
[48.965s][info][gc             ] GC(380) Pause Young (Allocation Failure) 340M->206M(923M) 11.628ms
[48.965s][info][gc,cpu         ] GC(380) User=0.09s Sys=0.00s Real=0.01s
[49.038s][info][gc,start       ] GC(381) Pause Young (Allocation Failure)
[49.043s][info][gc,heap        ] GC(381) PSYoungGen: 165568K(246272K)->36992K(258048K) Eden: 146944K(146944K)->0K(161280K) From: 18624K(99328K)->36992K(96768K)
[49.043s][info][gc,heap        ] GC(381) ParOldGen: 192748K(699392K)->192748K(699392K)
[49.043s][info][gc,metaspace   ] GC(381) Metaspace: 16126K(16384K)->16126K(16384K) NonClass: 13931K(14080K)->13931K(14080K) Class: 2195K(2304K)->2195K(2304K)
[49.043s][info][gc             ] GC(381) Pause Young (Allocation Failure) 349M->224M(935M) 5.478ms
[49.043s][info][gc,cpu         ] GC(381) User=0.09s Sys=0.00s Real=0.00s
[49.079s][info][gc,start       ] GC(382) Pause Young (System.gc())
[49.079s][info][gc,heap        ] GC(382) PSYoungGen: 75722K(258048K)->160K(252416K) Eden: 38730K(161280K)->0K(161280K) From: 36992K(96768K)->160K(91136K)
[49.079s][info][gc,heap        ] GC(382) ParOldGen: 192748K(699392K)->192748K(699392K)
[49.079s][info][gc,metaspace   ] GC(382) Metaspace: 16127K(16384K)->16127K(16384K) NonClass: 13932K(14080K)->13932K(14080K) Class: 2195K(2304K)->2195K(2304K)
[49.079s][info][gc             ] GC(382) Pause Young (System.gc()) 262M->188M(929M) 0.344ms
[49.079s][info][gc,cpu         ] GC(382) User=0.00s Sys=0.00s Real=0.00s
[49.079s][info][gc,start       ] GC(383) Pause Full (System.gc())
[49.079s][info][gc,phases,start] GC(383) Marking Phase
[49.084s][info][gc,phases      ] GC(383) Marking Phase 4.779ms
[49.084s][info][gc,phases,start] GC(383) Summary Phase
[49.084s][info][gc,phases      ] GC(383) Summary Phase 0.010ms
[49.084s][info][gc,phases,start] GC(383) Adjust Roots
[49.086s][info][gc,phases      ] GC(383) Adjust Roots 2.106ms
[49.086s][info][gc,phases,start] GC(383) Compaction Phase
[49.088s][info][gc,phases      ] GC(383) Compaction Phase 1.356ms
[49.088s][info][gc,phases,start] GC(383) Post Compact
[49.089s][info][gc,phases      ] GC(383) Post Compact 0.746ms
[49.089s][info][gc,heap        ] GC(383) PSYoungGen: 160K(252416K)->0K(252416K) Eden: 0K(161280K)->0K(161280K) From: 160K(91136K)->0K(91136K)
[49.089s][info][gc,heap        ] GC(383) ParOldGen: 192748K(699392K)->5662K(699392K)
[49.089s][info][gc,metaspace   ] GC(383) Metaspace: 16127K(16384K)->16127K(16384K) NonClass: 13932K(14080K)->13932K(14080K) Class: 2195K(2304K)->2195K(2304K)
[49.089s][info][gc             ] GC(383) Pause Full (System.gc()) 188M->5M(929M) 9.240ms
[49.089s][info][gc,cpu         ] GC(383) User=0.00s Sys=0.00s Real=0.01s
[49.237s][info][gc,start       ] GC(384) Pause Young (Allocation Failure)
[49.272s][info][gc,heap        ] GC(384) PSYoungGen: 161280K(252416K)->63374K(247296K) Eden: 161280K(161280K)->0K(154624K) From: 0K(91136K)->63374K(92672K)
[49.272s][info][gc,heap        ] GC(384) ParOldGen: 5662K(699392K)->5662K(699392K)
[49.272s][info][gc,metaspace   ] GC(384) Metaspace: 16127K(16384K)->16127K(16384K) NonClass: 13932K(14080K)->13932K(14080K) Class: 2195K(2304K)->2195K(2304K)
[49.272s][info][gc             ] GC(384) Pause Young (Allocation Failure) 163M->67M(924M) 35.320ms
[49.272s][info][gc,cpu         ] GC(384) User=0.19s Sys=0.00s Real=0.04s
[49.420s][info][gc,start       ] GC(385) Pause Young (Allocation Failure)
[49.487s][info][gc,heap        ] GC(385) PSYoungGen: 217998K(247296K)->65691K(220672K) Eden: 154624K(154624K)->0K(154624K) From: 63374K(92672K)->65691K(66048K)
[49.487s][info][gc,heap        ] GC(385) ParOldGen: 5662K(699392K)->60425K(699392K)
[49.487s][info][gc,metaspace   ] GC(385) Metaspace: 16127K(16384K)->16127K(16384K) NonClass: 13932K(14080K)->13932K(14080K) Class: 2195K(2304K)->2195K(2304K)
[49.487s][info][gc             ] GC(385) Pause Young (Allocation Failure) 218M->123M(898M) 66.865ms
[49.487s][info][gc,cpu         ] GC(385) User=0.38s Sys=0.00s Real=0.07s
[49.625s][info][gc,start       ] GC(386) Pause Young (Allocation Failure)
[49.699s][info][gc,heap        ] GC(386) PSYoungGen: 213615K(220672K)->52418K(248832K) Eden: 147923K(154624K)->0K(146944K) From: 65691K(66048K)->52418K(101888K)
[49.699s][info][gc,heap        ] GC(386) ParOldGen: 60425K(699392K)->129494K(699392K)
[49.699s][info][gc,metaspace   ] GC(386) Metaspace: 16127K(16384K)->16127K(16384K) NonClass: 13932K(14080K)->13932K(14080K) Class: 2195K(2304K)->2195K(2304K)
[49.699s][info][gc             ] GC(386) Pause Young (Allocation Failure) 267M->177M(926M) 73.468ms
[49.699s][info][gc,cpu         ] GC(386) User=0.41s Sys=0.00s Real=0.08s
[49.828s][info][gc,start       ] GC(387) Pause Young (Allocation Failure)
[49.875s][info][gc,heap        ] GC(387) PSYoungGen: 199362K(248832K)->25177K(247296K) Eden: 146944K(146944K)->0K(146944K) From: 52418K(101888K)->25177K(100352K)
[49.875s][info][gc,heap        ] GC(387) ParOldGen: 129494K(699392K)->181741K(699392K)
[49.875s][info][gc,metaspace   ] GC(387) Metaspace: 16127K(16384K)->16127K(16384K) NonClass: 13932K(14080K)->13932K(14080K) Class: 2195K(2304K)->2195K(2304K)
[49.875s][info][gc             ] GC(387) Pause Young (Allocation Failure) 321M->202M(924M) 47.577ms
[49.875s][info][gc,cpu         ] GC(387) User=0.25s Sys=0.00s Real=0.05s
[49.960s][info][gc,start       ] GC(388) Pause Young (Allocation Failure)
[49.972s][info][gc,heap        ] GC(388) PSYoungGen: 172121K(247296K)->18624K(253952K) Eden: 146944K(146944K)->0K(156672K) From: 25177K(100352K)->18624K(97280K)
[49.972s][info][gc,heap        ] GC(388) ParOldGen: 181741K(699392K)->199596K(699392K)
[49.972s][info][gc,metaspace   ] GC(388) Metaspace: 16127K(16384K)->16127K(16384K) NonClass: 13932K(14080K)->13932K(14080K) Class: 2195K(2304K)->2195K(2304K)
[49.972s][info][gc             ] GC(388) Pause Young (Allocation Failure) 345M->213M(931M) 12.014ms
[49.972s][info][gc,cpu         ] GC(388) User=0.08s Sys=0.02s Real=0.01s
[50.070s][info][gc,start       ] GC(389) Pause Young (Allocation Failure)
[50.075s][info][gc,heap        ] GC(389) PSYoungGen: 175296K(253952K)->37056K(251904K) Eden: 156672K(156672K)->0K(156672K) From: 18624K(97280K)->37056K(95232K)
[50.075s][info][gc,heap        ] GC(389) ParOldGen: 199596K(699392K)->199596K(699392K)
[50.075s][info][gc,metaspace   ] GC(389) Metaspace: 16127K(16384K)->16127K(16384K) NonClass: 13932K(14080K)->13932K(14080K) Class: 2195K(2304K)->2195K(2304K)
[50.075s][info][gc             ] GC(389) Pause Young (Allocation Failure) 366M->231M(929M) 5.345ms
[50.075s][info][gc,cpu         ] GC(389) User=0.09s Sys=0.00s Real=0.00s
[50.116s][info][gc,start       ] GC(390) Pause Young (System.gc())
[50.117s][info][gc,heap        ] GC(390) PSYoungGen: 71523K(251904K)->160K(257536K) Eden: 34467K(156672K)->0K(167936K) From: 37056K(95232K)->160K(89600K)
[50.117s][info][gc,heap        ] GC(390) ParOldGen: 199596K(699392K)->199596K(699392K)
[50.117s][info][gc,metaspace   ] GC(390) Metaspace: 16127K(16384K)->16127K(16384K) NonClass: 13932K(14080K)->13932K(14080K) Class: 2195K(2304K)->2195K(2304K)
[50.117s][info][gc             ] GC(390) Pause Young (System.gc()) 264M->195M(934M) 0.368ms
[50.117s][info][gc,cpu         ] GC(390) User=0.00s Sys=0.00s Real=0.00s
[50.117s][info][gc,start       ] GC(391) Pause Full (System.gc())
[50.117s][info][gc,phases,start] GC(391) Marking Phase
[50.122s][info][gc,phases      ] GC(391) Marking Phase 4.814ms
[50.122s][info][gc,phases,start] GC(391) Summary Phase
[50.122s][info][gc,phases      ] GC(391) Summary Phase 0.010ms
[50.122s][info][gc,phases,start] GC(391) Adjust Roots
[50.124s][info][gc,phases      ] GC(391) Adjust Roots 2.105ms
[50.124s][info][gc,phases,start] GC(391) Compaction Phase
[50.125s][info][gc,phases      ] GC(391) Compaction Phase 1.247ms
[50.125s][info][gc,phases,start] GC(391) Post Compact
[50.126s][info][gc,phases      ] GC(391) Post Compact 0.955ms
[50.126s][info][gc,heap        ] GC(391) PSYoungGen: 160K(257536K)->0K(257536K) Eden: 0K(167936K)->0K(167936K) From: 160K(89600K)->0K(89600K)
[50.126s][info][gc,heap        ] GC(391) ParOldGen: 199596K(699392K)->5662K(699392K)
[50.126s][info][gc,metaspace   ] GC(391) Metaspace: 16127K(16384K)->16127K(16384K) NonClass: 13932K(14080K)->13932K(14080K) Class: 2195K(2304K)->2195K(2304K)
[50.126s][info][gc             ] GC(391) Pause Full (System.gc()) 195M->5M(934M) 9.402ms
[50.126s][info][gc,cpu         ] GC(391) User=0.02s Sys=0.00s Real=0.01s
[50.269s][info][gc,start       ] GC(392) Pause Young (Allocation Failure)
[50.306s][info][gc,heap        ] GC(392) PSYoungGen: 167936K(257536K)->65731K(233984K) Eden: 167936K(167936K)->0K(167936K) From: 0K(89600K)->65731K(66048K)
[50.306s][info][gc,heap        ] GC(392) ParOldGen: 5662K(699392K)->5662K(699392K)
[50.306s][info][gc,metaspace   ] GC(392) Metaspace: 16127K(16384K)->16127K(16384K) NonClass: 13932K(14080K)->13932K(14080K) Class: 2195K(2304K)->2195K(2304K)
[50.306s][info][gc             ] GC(392) Pause Young (Allocation Failure) 169M->69M(911M) 37.269ms
[50.306s][info][gc,cpu         ] GC(392) User=0.19s Sys=0.00s Real=0.04s
[50.455s][info][gc,start       ] GC(393) Pause Young (Allocation Failure)
[50.526s][info][gc,heap        ] GC(393) PSYoungGen: 233667K(233984K)->70265K(239104K) Eden: 167936K(167936K)->0K(142336K) From: 65731K(66048K)->70265K(96768K)
[50.526s][info][gc,heap        ] GC(393) ParOldGen: 5662K(699392K)->62749K(699392K)
[50.526s][info][gc,metaspace   ] GC(393) Metaspace: 16127K(16384K)->16127K(16384K) NonClass: 13932K(14080K)->13932K(14080K) Class: 2195K(2304K)->2195K(2304K)
[50.526s][info][gc             ] GC(393) Pause Young (Allocation Failure) 233M->129M(916M) 71.937ms
[50.526s][info][gc,cpu         ] GC(393) User=0.47s Sys=0.00s Real=0.08s
[50.646s][info][gc,start       ] GC(394) Pause Young (Allocation Failure)
[50.717s][info][gc,heap        ] GC(394) PSYoungGen: 207222K(239104K)->54614K(245760K) Eden: 136957K(142336K)->0K(142336K) From: 70265K(96768K)->54614K(103424K)
[50.717s][info][gc,heap        ] GC(394) ParOldGen: 62749K(699392K)->130284K(699392K)
[50.717s][info][gc,metaspace   ] GC(394) Metaspace: 16127K(16384K)->16127K(16384K) NonClass: 13932K(14080K)->13932K(14080K) Class: 2195K(2304K)->2195K(2304K)
[50.717s][info][gc             ] GC(394) Pause Young (Allocation Failure) 263M->180M(923M) 70.937ms
[50.717s][info][gc,cpu         ] GC(394) User=0.41s Sys=0.00s Real=0.08s
[50.839s][info][gc,start       ] GC(395) Pause Young (Allocation Failure)
[50.874s][info][gc,heap        ] GC(395) PSYoungGen: 196950K(245760K)->26396K(250368K) Eden: 142336K(142336K)->0K(147968K) From: 54614K(103424K)->26396K(102400K)
[50.874s][info][gc,heap        ] GC(395) ParOldGen: 130284K(699392K)->174880K(699392K)
[50.874s][info][gc,metaspace   ] GC(395) Metaspace: 16128K(16384K)->16128K(16384K) NonClass: 13933K(14080K)->13933K(14080K) Class: 2195K(2304K)->2195K(2304K)
[50.874s][info][gc             ] GC(395) Pause Young (Allocation Failure) 319M->196M(927M) 35.207ms
[50.874s][info][gc,cpu         ] GC(395) User=0.19s Sys=0.00s Real=0.03s
[50.948s][info][gc,start       ] GC(396) Pause Young (Allocation Failure)
[50.959s][info][gc,heap        ] GC(396) PSYoungGen: 174364K(250368K)->18624K(246784K) Eden: 147968K(147968K)->0K(147968K) From: 26396K(102400K)->18624K(98816K)
[50.960s][info][gc,heap        ] GC(396) ParOldGen: 174880K(699392K)->192727K(699392K)
[50.960s][info][gc,metaspace   ] GC(396) Metaspace: 16128K(16384K)->16128K(16384K) NonClass: 13933K(14080K)->13933K(14080K) Class: 2195K(2304K)->2195K(2304K)
[50.960s][info][gc             ] GC(396) Pause Young (Allocation Failure) 341M->206M(924M) 11.466ms
[50.960s][info][gc,cpu         ] GC(396) User=0.00s Sys=0.00s Real=0.01s
[51.033s][info][gc,start       ] GC(397) Pause Young (Allocation Failure)
[51.038s][info][gc,heap        ] GC(397) PSYoungGen: 166592K(246784K)->37056K(258048K) Eden: 147968K(147968K)->0K(161280K) From: 18624K(98816K)->37056K(96768K)
[51.038s][info][gc,heap        ] GC(397) ParOldGen: 192727K(699392K)->192727K(699392K)
[51.038s][info][gc,metaspace   ] GC(397) Metaspace: 16128K(16384K)->16128K(16384K) NonClass: 13933K(14080K)->13933K(14080K) Class: 2195K(2304K)->2195K(2304K)
[51.038s][info][gc             ] GC(397) Pause Young (Allocation Failure) 350M->224M(935M) 5.318ms
[51.038s][info][gc,cpu         ] GC(397) User=0.00s Sys=0.00s Real=0.00s
[51.088s][info][gc,start       ] GC(398) Pause Young (System.gc())
[51.088s][info][gc,heap        ] GC(398) PSYoungGen: 77226K(258048K)->128K(252416K) Eden: 40170K(161280K)->0K(161280K) From: 37056K(96768K)->128K(91136K)
[51.088s][info][gc,heap        ] GC(398) ParOldGen: 192727K(699392K)->192727K(699392K)
[51.088s][info][gc,metaspace   ] GC(398) Metaspace: 16128K(16384K)->16128K(16384K) NonClass: 13933K(14080K)->13933K(14080K) Class: 2195K(2304K)->2195K(2304K)
[51.088s][info][gc             ] GC(398) Pause Young (System.gc()) 263M->188M(929M) 0.486ms
[51.088s][info][gc,cpu         ] GC(398) User=0.00s Sys=0.00s Real=0.00s
[51.088s][info][gc,start       ] GC(399) Pause Full (System.gc())
[51.088s][info][gc,phases,start] GC(399) Marking Phase
[51.093s][info][gc,phases      ] GC(399) Marking Phase 4.839ms
[51.093s][info][gc,phases,start] GC(399) Summary Phase
[51.093s][info][gc,phases      ] GC(399) Summary Phase 0.010ms
[51.093s][info][gc,phases,start] GC(399) Adjust Roots
[51.096s][info][gc,phases      ] GC(399) Adjust Roots 2.119ms
[51.096s][info][gc,phases,start] GC(399) Compaction Phase
[51.097s][info][gc,phases      ] GC(399) Compaction Phase 1.275ms
[51.097s][info][gc,phases,start] GC(399) Post Compact
[51.098s][info][gc,phases      ] GC(399) Post Compact 0.766ms
[51.098s][info][gc,heap        ] GC(399) PSYoungGen: 128K(252416K)->0K(252416K) Eden: 0K(161280K)->0K(161280K) From: 128K(91136K)->0K(91136K)
[51.098s][info][gc,heap        ] GC(399) ParOldGen: 192727K(699392K)->5662K(699392K)
[51.098s][info][gc,metaspace   ] GC(399) Metaspace: 16128K(16384K)->16128K(16384K) NonClass: 13933K(14080K)->13933K(14080K) Class: 2195K(2304K)->2195K(2304K)
[51.098s][info][gc             ] GC(399) Pause Full (System.gc()) 188M->5M(929M) 9.270ms
[51.098s][info][gc,cpu         ] GC(399) User=0.09s Sys=0.00s Real=0.00s
[51.230s][info][gc,start       ] GC(400) Pause Young (Allocation Failure)
[51.265s][info][gc,heap        ] GC(400) PSYoungGen: 161280K(252416K)->63393K(246784K) Eden: 161280K(161280K)->0K(154624K) From: 0K(91136K)->63393K(92160K)
[51.265s][info][gc,heap        ] GC(400) ParOldGen: 5662K(699392K)->5662K(699392K)
[51.265s][info][gc,metaspace   ] GC(400) Metaspace: 16128K(16384K)->16128K(16384K) NonClass: 13933K(14080K)->13933K(14080K) Class: 2195K(2304K)->2195K(2304K)
[51.265s][info][gc             ] GC(400) Pause Young (Allocation Failure) 163M->67M(924M) 35.690ms
[51.265s][info][gc,cpu         ] GC(400) User=0.19s Sys=0.00s Real=0.04s
[51.403s][info][gc,start       ] GC(401) Pause Young (Allocation Failure)
[51.470s][info][gc,heap        ] GC(401) PSYoungGen: 218017K(246784K)->65639K(220672K) Eden: 154624K(154624K)->0K(154624K) From: 63393K(92160K)->65639K(66048K)
[51.471s][info][gc,heap        ] GC(401) ParOldGen: 5662K(699392K)->60453K(699392K)
[51.471s][info][gc,metaspace   ] GC(401) Metaspace: 16128K(16384K)->16128K(16384K) NonClass: 13933K(14080K)->13933K(14080K) Class: 2195K(2304K)->2195K(2304K)
[51.471s][info][gc             ] GC(401) Pause Young (Allocation Failure) 218M->123M(898M) 67.757ms
[51.471s][info][gc,cpu         ] GC(401) User=0.38s Sys=0.00s Real=0.07s
[51.609s][info][gc,start       ] GC(402) Pause Young (Allocation Failure)
[51.681s][info][gc,heap        ] GC(402) PSYoungGen: 213601K(220672K)->52380K(248832K) Eden: 147961K(154624K)->0K(146944K) From: 65639K(66048K)->52380K(101888K)
[51.681s][info][gc,heap        ] GC(402) ParOldGen: 60453K(699392K)->129530K(699392K)
[51.681s][info][gc,metaspace   ] GC(402) Metaspace: 16128K(16384K)->16128K(16384K) NonClass: 13933K(14080K)->13933K(14080K) Class: 2195K(2304K)->2195K(2304K)
[51.681s][info][gc             ] GC(402) Pause Young (Allocation Failure) 267M->177M(926M) 72.822ms
[51.681s][info][gc,cpu         ] GC(402) User=0.38s Sys=0.00s Real=0.07s
[51.803s][info][gc,start       ] GC(403) Pause Young (Allocation Failure)
[51.853s][info][gc,heap        ] GC(403) PSYoungGen: 199324K(248832K)->25630K(247296K) Eden: 146944K(146944K)->0K(146944K) From: 52380K(101888K)->25630K(100352K)
[51.853s][info][gc,heap        ] GC(403) ParOldGen: 129530K(699392K)->181761K(699392K)
[51.853s][info][gc,metaspace   ] GC(403) Metaspace: 16128K(16384K)->16128K(16384K) NonClass: 13933K(14080K)->13933K(14080K) Class: 2195K(2304K)->2195K(2304K)
[51.853s][info][gc             ] GC(403) Pause Young (Allocation Failure) 321M->202M(924M) 49.745ms
[51.853s][info][gc,cpu         ] GC(403) User=0.23s Sys=0.00s Real=0.05s
[51.933s][info][gc,start       ] GC(404) Pause Young (Allocation Failure)
[51.945s][info][gc,heap        ] GC(404) PSYoungGen: 172574K(247296K)->18624K(254464K) Eden: 146944K(146944K)->0K(157696K) From: 25630K(100352K)->18624K(96768K)
[51.945s][info][gc,heap        ] GC(404) ParOldGen: 181761K(699392K)->199648K(699392K)
[51.945s][info][gc,metaspace   ] GC(404) Metaspace: 16128K(16384K)->16128K(16384K) NonClass: 13933K(14080K)->13933K(14080K) Class: 2195K(2304K)->2195K(2304K)
[51.945s][info][gc             ] GC(404) Pause Young (Allocation Failure) 346M->213M(931M) 11.794ms
[51.945s][info][gc,cpu         ] GC(404) User=0.00s Sys=0.00s Real=0.01s
[52.030s][info][gc,start       ] GC(405) Pause Young (Allocation Failure)
[52.036s][info][gc,heap        ] GC(405) PSYoungGen: 176320K(254464K)->37056K(252416K) Eden: 157696K(157696K)->0K(157696K) From: 18624K(96768K)->37056K(94720K)
[52.036s][info][gc,heap        ] GC(405) ParOldGen: 199648K(699392K)->199648K(699392K)
[52.036s][info][gc,metaspace   ] GC(405) Metaspace: 16128K(16384K)->16128K(16384K) NonClass: 13933K(14080K)->13933K(14080K) Class: 2195K(2304K)->2195K(2304K)
[52.036s][info][gc             ] GC(405) Pause Young (Allocation Failure) 367M->231M(929M) 5.367ms
[52.036s][info][gc,cpu         ] GC(405) User=0.00s Sys=0.00s Real=0.01s
[52.074s][info][gc,start       ] GC(406) Pause Young (System.gc())
[52.074s][info][gc,heap        ] GC(406) PSYoungGen: 69945K(252416K)->160K(257024K) Eden: 32889K(157696K)->0K(167936K) From: 37056K(94720K)->160K(89088K)
[52.074s][info][gc,heap        ] GC(406) ParOldGen: 199648K(699392K)->199648K(699392K)
[52.074s][info][gc,metaspace   ] GC(406) Metaspace: 16128K(16384K)->16128K(16384K) NonClass: 13933K(14080K)->13933K(14080K) Class: 2195K(2304K)->2195K(2304K)
[52.074s][info][gc             ] GC(406) Pause Young (System.gc()) 263M->195M(934M) 0.515ms
[52.074s][info][gc,cpu         ] GC(406) User=0.00s Sys=0.00s Real=0.00s
[52.074s][info][gc,start       ] GC(407) Pause Full (System.gc())
[52.074s][info][gc,phases,start] GC(407) Marking Phase
[52.079s][info][gc,phases      ] GC(407) Marking Phase 4.470ms
[52.079s][info][gc,phases,start] GC(407) Summary Phase
[52.079s][info][gc,phases      ] GC(407) Summary Phase 0.011ms
[52.079s][info][gc,phases,start] GC(407) Adjust Roots
[52.081s][info][gc,phases      ] GC(407) Adjust Roots 2.127ms
[52.081s][info][gc,phases,start] GC(407) Compaction Phase
[52.083s][info][gc,phases      ] GC(407) Compaction Phase 1.524ms
[52.083s][info][gc,phases,start] GC(407) Post Compact
[52.083s][info][gc,phases      ] GC(407) Post Compact 0.722ms
[52.084s][info][gc,heap        ] GC(407) PSYoungGen: 160K(257024K)->0K(257024K) Eden: 0K(167936K)->0K(167936K) From: 160K(89088K)->0K(89088K)
[52.084s][info][gc,heap        ] GC(407) ParOldGen: 199648K(699392K)->5662K(699392K)
[52.084s][info][gc,metaspace   ] GC(407) Metaspace: 16128K(16384K)->16128K(16384K) NonClass: 13933K(14080K)->13933K(14080K) Class: 2195K(2304K)->2195K(2304K)
[52.084s][info][gc             ] GC(407) Pause Full (System.gc()) 195M->5M(934M) 9.108ms
[52.084s][info][gc,cpu         ] GC(407) User=0.00s Sys=0.00s Real=0.00s
[52.224s][info][gc,start       ] GC(408) Pause Young (Allocation Failure)
[52.261s][info][gc,heap        ] GC(408) PSYoungGen: 167936K(257024K)->65776K(233984K) Eden: 167936K(167936K)->0K(167936K) From: 0K(89088K)->65776K(66048K)
[52.261s][info][gc,heap        ] GC(408) ParOldGen: 5662K(699392K)->5662K(699392K)
[52.261s][info][gc,metaspace   ] GC(408) Metaspace: 16128K(16384K)->16128K(16384K) NonClass: 13933K(14080K)->13933K(14080K) Class: 2195K(2304K)->2195K(2304K)
[52.261s][info][gc             ] GC(408) Pause Young (Allocation Failure) 169M->69M(911M) 37.319ms
[52.261s][info][gc,cpu         ] GC(408) User=0.28s Sys=0.00s Real=0.04s
[52.410s][info][gc,start       ] GC(409) Pause Young (Allocation Failure)
[52.482s][info][gc,heap        ] GC(409) PSYoungGen: 233712K(233984K)->70290K(240128K) Eden: 167936K(167936K)->0K(143360K) From: 65776K(66048K)->70290K(96768K)
[52.482s][info][gc,heap        ] GC(409) ParOldGen: 5662K(699392K)->62749K(699392K)
[52.482s][info][gc,metaspace   ] GC(409) Metaspace: 16128K(16384K)->16128K(16384K) NonClass: 13933K(14080K)->13933K(14080K) Class: 2195K(2304K)->2195K(2304K)
[52.482s][info][gc             ] GC(409) Pause Young (Allocation Failure) 233M->129M(917M) 72.220ms
[52.482s][info][gc,cpu         ] GC(409) User=0.47s Sys=0.00s Real=0.07s
[52.604s][info][gc,start       ] GC(410) Pause Young (Allocation Failure)
[52.674s][info][gc,heap        ] GC(410) PSYoungGen: 208164K(240128K)->54691K(246272K) Eden: 137874K(143360K)->0K(143360K) From: 70290K(96768K)->54691K(102912K)
[52.674s][info][gc,heap        ] GC(410) ParOldGen: 62749K(699392K)->127244K(699392K)
[52.674s][info][gc,metaspace   ] GC(410) Metaspace: 16128K(16384K)->16128K(16384K) NonClass: 13933K(14080K)->13933K(14080K) Class: 2195K(2304K)->2195K(2304K)
[52.674s][info][gc             ] GC(410) Pause Young (Allocation Failure) 264M->177M(923M) 70.776ms
[52.674s][info][gc,cpu         ] GC(410) User=0.39s Sys=0.02s Real=0.07s
[52.798s][info][gc,start       ] GC(411) Pause Young (Allocation Failure)
[52.833s][info][gc,heap        ] GC(411) PSYoungGen: 197556K(246272K)->25681K(250368K) Eden: 142865K(143360K)->0K(148480K) From: 54691K(102912K)->25681K(101888K)
[52.833s][info][gc,heap        ] GC(411) ParOldGen: 127244K(699392K)->171848K(699392K)
[52.833s][info][gc,metaspace   ] GC(411) Metaspace: 16128K(16384K)->16128K(16384K) NonClass: 13933K(14080K)->13933K(14080K) Class: 2195K(2304K)->2195K(2304K)
[52.833s][info][gc             ] GC(411) Pause Young (Allocation Failure) 317M->192M(927M) 35.064ms
[52.834s][info][gc,cpu         ] GC(411) User=0.19s Sys=0.00s Real=0.04s
[52.913s][info][gc,start       ] GC(412) Pause Young (Allocation Failure)
[52.924s][info][gc,heap        ] GC(412) PSYoungGen: 174161K(250368K)->18624K(247296K) Eden: 148480K(148480K)->0K(148480K) From: 25681K(101888K)->18624K(98816K)
[52.924s][info][gc,heap        ] GC(412) ParOldGen: 171848K(699392K)->189696K(699392K)
[52.924s][info][gc,metaspace   ] GC(412) Metaspace: 16128K(16384K)->16128K(16384K) NonClass: 13933K(14080K)->13933K(14080K) Class: 2195K(2304K)->2195K(2304K)
[52.924s][info][gc             ] GC(412) Pause Young (Allocation Failure) 337M->203M(924M) 11.574ms
[52.924s][info][gc,cpu         ] GC(412) User=0.09s Sys=0.00s Real=0.01s
[52.999s][info][gc,start       ] GC(413) Pause Young (Allocation Failure)
[53.006s][info][gc,heap        ] GC(413) PSYoungGen: 167104K(247296K)->37024K(258048K) Eden: 148480K(148480K)->0K(161280K) From: 18624K(98816K)->37024K(96768K)
[53.006s][info][gc,heap        ] GC(413) ParOldGen: 189696K(699392K)->189696K(699392K)
[53.006s][info][gc,metaspace   ] GC(413) Metaspace: 16128K(16384K)->16128K(16384K) NonClass: 13933K(14080K)->13933K(14080K) Class: 2195K(2304K)->2195K(2304K)
[53.006s][info][gc             ] GC(413) Pause Young (Allocation Failure) 348M->221M(935M) 6.723ms
[53.006s][info][gc,cpu         ] GC(413) User=0.00s Sys=0.00s Real=0.01s
[53.047s][info][gc,start       ] GC(414) Pause Young (System.gc())
[53.048s][info][gc,heap        ] GC(414) PSYoungGen: 75364K(258048K)->160K(252416K) Eden: 38340K(161280K)->0K(161280K) From: 37024K(96768K)->160K(91136K)
[53.048s][info][gc,heap        ] GC(414) ParOldGen: 189696K(699392K)->189696K(699392K)
[53.048s][info][gc,metaspace   ] GC(414) Metaspace: 16128K(16384K)->16128K(16384K) NonClass: 13933K(14080K)->13933K(14080K) Class: 2195K(2304K)->2195K(2304K)
[53.048s][info][gc             ] GC(414) Pause Young (System.gc()) 258M->185M(929M) 0.527ms
[53.048s][info][gc,cpu         ] GC(414) User=0.00s Sys=0.00s Real=0.00s
[53.048s][info][gc,start       ] GC(415) Pause Full (System.gc())
[53.048s][info][gc,phases,start] GC(415) Marking Phase
[53.053s][info][gc,phases      ] GC(415) Marking Phase 4.721ms
[53.053s][info][gc,phases,start] GC(415) Summary Phase
[53.053s][info][gc,phases      ] GC(415) Summary Phase 0.010ms
[53.053s][info][gc,phases,start] GC(415) Adjust Roots
[53.056s][info][gc,phases      ] GC(415) Adjust Roots 3.009ms
[53.056s][info][gc,phases,start] GC(415) Compaction Phase
[53.057s][info][gc,phases      ] GC(415) Compaction Phase 1.465ms
[53.057s][info][gc,phases,start] GC(415) Post Compact
[53.058s][info][gc,phases      ] GC(415) Post Compact 0.594ms
[53.058s][info][gc,heap        ] GC(415) PSYoungGen: 160K(252416K)->0K(252416K) Eden: 0K(161280K)->0K(161280K) From: 160K(91136K)->0K(91136K)
[53.058s][info][gc,heap        ] GC(415) ParOldGen: 189696K(699392K)->5662K(699392K)
[53.058s][info][gc,metaspace   ] GC(415) Metaspace: 16128K(16384K)->16128K(16384K) NonClass: 13933K(14080K)->13933K(14080K) Class: 2195K(2304K)->2195K(2304K)
[53.058s][info][gc             ] GC(415) Pause Full (System.gc()) 185M->5M(929M) 10.081ms
[53.058s][info][gc,cpu         ] GC(415) User=0.03s Sys=0.02s Real=0.01s
[53.190s][info][gc,start       ] GC(416) Pause Young (Allocation Failure)
[53.226s][info][gc,heap        ] GC(416) PSYoungGen: 161280K(252416K)->63342K(246784K) Eden: 161280K(161280K)->0K(154624K) From: 0K(91136K)->63342K(92160K)
[53.226s][info][gc,heap        ] GC(416) ParOldGen: 5662K(699392K)->5662K(699392K)
[53.226s][info][gc,metaspace   ] GC(416) Metaspace: 16128K(16384K)->16128K(16384K) NonClass: 13933K(14080K)->13933K(14080K) Class: 2195K(2304K)->2195K(2304K)
[53.226s][info][gc             ] GC(416) Pause Young (Allocation Failure) 163M->67M(924M) 35.368ms
[53.226s][info][gc,cpu         ] GC(416) User=0.19s Sys=0.00s Real=0.05s
[53.362s][info][gc,start       ] GC(417) Pause Young (Allocation Failure)
[53.429s][info][gc,heap        ] GC(417) PSYoungGen: 217966K(246784K)->65639K(220672K) Eden: 154624K(154624K)->0K(154624K) From: 63342K(92160K)->65639K(66048K)
[53.429s][info][gc,heap        ] GC(417) ParOldGen: 5662K(699392K)->60457K(699392K)
[53.429s][info][gc,metaspace   ] GC(417) Metaspace: 16128K(16384K)->16128K(16384K) NonClass: 13933K(14080K)->13933K(14080K) Class: 2195K(2304K)->2195K(2304K)
[53.429s][info][gc             ] GC(417) Pause Young (Allocation Failure) 218M->123M(898M) 67.290ms
[53.429s][info][gc,cpu         ] GC(417) User=0.38s Sys=0.00s Real=0.08s
[53.569s][info][gc,start       ] GC(418) Pause Young (Allocation Failure)
[53.639s][info][gc,heap        ] GC(418) PSYoungGen: 213534K(220672K)->52412K(248832K) Eden: 147894K(154624K)->0K(146944K) From: 65639K(66048K)->52412K(101888K)
[53.641s][info][gc,heap        ] GC(418) ParOldGen: 60457K(699392K)->129510K(699392K)
[53.641s][info][gc,metaspace   ] GC(418) Metaspace: 16128K(16384K)->16128K(16384K) NonClass: 13933K(14080K)->13933K(14080K) Class: 2195K(2304K)->2195K(2304K)
[53.641s][info][gc             ] GC(418) Pause Young (Allocation Failure) 267M->177M(926M) 72.395ms
[53.641s][info][gc,cpu         ] GC(418) User=0.41s Sys=0.00s Real=0.07s
[53.765s][info][gc,start       ] GC(419) Pause Young (Allocation Failure)
[53.814s][info][gc,heap        ] GC(419) PSYoungGen: 199356K(248832K)->25586K(247296K) Eden: 146944K(146944K)->0K(146944K) From: 52412K(101888K)->25586K(100352K)
[53.814s][info][gc,heap        ] GC(419) ParOldGen: 129510K(699392K)->181820K(699392K)
[53.814s][info][gc,metaspace   ] GC(419) Metaspace: 16128K(16384K)->16128K(16384K) NonClass: 13933K(14080K)->13933K(14080K) Class: 2195K(2304K)->2195K(2304K)
[53.814s][info][gc             ] GC(419) Pause Young (Allocation Failure) 321M->202M(924M) 48.657ms
[53.814s][info][gc,cpu         ] GC(419) User=0.28s Sys=0.00s Real=0.05s
[53.890s][info][gc,start       ] GC(420) Pause Young (Allocation Failure)
[53.901s][info][gc,heap        ] GC(420) PSYoungGen: 172530K(247296K)->18592K(254464K) Eden: 146944K(146944K)->0K(157696K) From: 25586K(100352K)->18592K(96768K)
[53.901s][info][gc,heap        ] GC(420) ParOldGen: 181820K(699392K)->199644K(699392K)
[53.901s][info][gc,metaspace   ] GC(420) Metaspace: 16128K(16384K)->16128K(16384K) NonClass: 13933K(14080K)->13933K(14080K) Class: 2195K(2304K)->2195K(2304K)
[53.901s][info][gc             ] GC(420) Pause Young (Allocation Failure) 346M->213M(931M) 11.470ms
[53.901s][info][gc,cpu         ] GC(420) User=0.09s Sys=0.00s Real=0.01s
[53.976s][info][gc,start       ] GC(421) Pause Young (Allocation Failure)
[53.981s][info][gc,heap        ] GC(421) PSYoungGen: 176288K(254464K)->37056K(252416K) Eden: 157696K(157696K)->0K(157696K) From: 18592K(96768K)->37056K(94720K)
[53.981s][info][gc,heap        ] GC(421) ParOldGen: 199644K(699392K)->199644K(699392K)
[53.981s][info][gc,metaspace   ] GC(421) Metaspace: 16128K(16384K)->16128K(16384K) NonClass: 13933K(14080K)->13933K(14080K) Class: 2195K(2304K)->2195K(2304K)
[53.981s][info][gc             ] GC(421) Pause Young (Allocation Failure) 367M->231M(929M) 5.205ms
[53.981s][info][gc,cpu         ] GC(421) User=0.09s Sys=0.00s Real=0.00s
[54.017s][info][gc,start       ] GC(422) Pause Young (System.gc())
[54.017s][info][gc,heap        ] GC(422) PSYoungGen: 69551K(252416K)->128K(257024K) Eden: 32495K(157696K)->0K(167936K) From: 37056K(94720K)->128K(89088K)
[54.017s][info][gc,heap        ] GC(422) ParOldGen: 199644K(699392K)->199644K(699392K)
[54.017s][info][gc,metaspace   ] GC(422) Metaspace: 16128K(16384K)->16128K(16384K) NonClass: 13933K(14080K)->13933K(14080K) Class: 2195K(2304K)->2195K(2304K)
[54.017s][info][gc             ] GC(422) Pause Young (System.gc()) 262M->195M(934M) 0.518ms
[54.017s][info][gc,cpu         ] GC(422) User=0.00s Sys=0.00s Real=0.00s
[54.017s][info][gc,start       ] GC(423) Pause Full (System.gc())
[54.017s][info][gc,phases,start] GC(423) Marking Phase
[54.022s][info][gc,phases      ] GC(423) Marking Phase 4.647ms
[54.022s][info][gc,phases,start] GC(423) Summary Phase
[54.022s][info][gc,phases      ] GC(423) Summary Phase 0.010ms
[54.022s][info][gc,phases,start] GC(423) Adjust Roots
[54.025s][info][gc,phases      ] GC(423) Adjust Roots 3.227ms
[54.025s][info][gc,phases,start] GC(423) Compaction Phase
[54.027s][info][gc,phases      ] GC(423) Compaction Phase 1.685ms
[54.027s][info][gc,phases,start] GC(423) Post Compact
[54.028s][info][gc,phases      ] GC(423) Post Compact 0.666ms
[54.028s][info][gc,heap        ] GC(423) PSYoungGen: 128K(257024K)->0K(257024K) Eden: 0K(167936K)->0K(167936K) From: 128K(89088K)->0K(89088K)
[54.028s][info][gc,heap        ] GC(423) ParOldGen: 199644K(699392K)->5662K(699392K)
[54.028s][info][gc,metaspace   ] GC(423) Metaspace: 16128K(16384K)->16128K(16384K) NonClass: 13933K(14080K)->13933K(14080K) Class: 2195K(2304K)->2195K(2304K)
[54.028s][info][gc             ] GC(423) Pause Full (System.gc()) 195M->5M(934M) 10.526ms
[54.028s][info][gc,cpu         ] GC(423) User=0.08s Sys=0.00s Real=0.02s
[54.165s][info][gc,start       ] GC(424) Pause Young (Allocation Failure)
[54.202s][info][gc,heap        ] GC(424) PSYoungGen: 167936K(257024K)->65776K(233984K) Eden: 167936K(167936K)->0K(167936K) From: 0K(89088K)->65776K(66048K)
[54.202s][info][gc,heap        ] GC(424) ParOldGen: 5662K(699392K)->5662K(699392K)
[54.202s][info][gc,metaspace   ] GC(424) Metaspace: 16128K(16384K)->16128K(16384K) NonClass: 13933K(14080K)->13933K(14080K) Class: 2195K(2304K)->2195K(2304K)
[54.202s][info][gc             ] GC(424) Pause Young (Allocation Failure) 169M->69M(911M) 36.980ms
[54.202s][info][gc,cpu         ] GC(424) User=0.28s Sys=0.00s Real=0.05s
[54.348s][info][gc,start       ] GC(425) Pause Young (Allocation Failure)
[54.419s][info][gc,heap        ] GC(425) PSYoungGen: 233712K(233984K)->70277K(240128K) Eden: 167936K(167936K)->0K(143360K) From: 65776K(66048K)->70277K(96768K)
[54.419s][info][gc,heap        ] GC(425) ParOldGen: 5662K(699392K)->62745K(699392K)
[54.419s][info][gc,metaspace   ] GC(425) Metaspace: 16128K(16384K)->16128K(16384K) NonClass: 13933K(14080K)->13933K(14080K) Class: 2195K(2304K)->2195K(2304K)
[54.419s][info][gc             ] GC(425) Pause Young (Allocation Failure) 233M->129M(917M) 71.451ms
[54.419s][info][gc,cpu         ] GC(425) User=0.47s Sys=0.00s Real=0.07s
[54.540s][info][gc,start       ] GC(426) Pause Young (Allocation Failure)
[54.610s][info][gc,heap        ] GC(426) PSYoungGen: 208159K(240128K)->54831K(246272K) Eden: 137881K(143360K)->0K(143360K) From: 70277K(96768K)->54831K(102912K)
[54.610s][info][gc,heap        ] GC(426) ParOldGen: 62745K(699392K)->130304K(699392K)
[54.610s][info][gc,metaspace   ] GC(426) Metaspace: 16128K(16384K)->16128K(16384K) NonClass: 13933K(14080K)->13933K(14080K) Class: 2195K(2304K)->2195K(2304K)
[54.610s][info][gc             ] GC(426) Pause Young (Allocation Failure) 264M->180M(923M) 69.912ms
[54.610s][info][gc,cpu         ] GC(426) User=0.41s Sys=0.00s Real=0.08s
[54.734s][info][gc,start       ] GC(427) Pause Young (Allocation Failure)
[54.770s][info][gc,heap        ] GC(427) PSYoungGen: 198191K(246272K)->26230K(250368K) Eden: 143360K(143360K)->0K(147968K) From: 54831K(102912K)->26230K(102400K)
[54.770s][info][gc,heap        ] GC(427) ParOldGen: 130304K(699392K)->175076K(699392K)
[54.770s][info][gc,metaspace   ] GC(427) Metaspace: 16139K(16384K)->16139K(16384K) NonClass: 13944K(14080K)->13944K(14080K) Class: 2195K(2304K)->2195K(2304K)
[54.770s][info][gc             ] GC(427) Pause Young (Allocation Failure) 320M->196M(927M) 36.120ms
[54.770s][info][gc,cpu         ] GC(427) User=0.19s Sys=0.00s Real=0.04s
[54.848s][info][gc,start       ] GC(428) Pause Young (Allocation Failure)
[54.859s][info][gc,heap        ] GC(428) PSYoungGen: 174198K(250368K)->18592K(246784K) Eden: 147968K(147968K)->0K(147968K) From: 26230K(102400K)->18592K(98816K)
[54.859s][info][gc,heap        ] GC(428) ParOldGen: 175076K(699392K)->192752K(699392K)
[54.859s][info][gc,metaspace   ] GC(428) Metaspace: 16139K(16384K)->16139K(16384K) NonClass: 13944K(14080K)->13944K(14080K) Class: 2195K(2304K)->2195K(2304K)
[54.859s][info][gc             ] GC(428) Pause Young (Allocation Failure) 341M->206M(924M) 11.530ms
[54.859s][info][gc,cpu         ] GC(428) User=0.09s Sys=0.00s Real=0.01s
[54.940s][info][gc,start       ] GC(429) Pause Young (Allocation Failure)
[54.944s][info][gc,heap        ] GC(429) PSYoungGen: 166560K(246784K)->37056K(258048K) Eden: 147968K(147968K)->0K(161280K) From: 18592K(98816K)->37056K(96768K)
[54.944s][info][gc,heap        ] GC(429) ParOldGen: 192752K(699392K)->192752K(699392K)
[54.944s][info][gc,metaspace   ] GC(429) Metaspace: 16139K(16384K)->16139K(16384K) NonClass: 13944K(14080K)->13944K(14080K) Class: 2195K(2304K)->2195K(2304K)
[54.945s][info][gc             ] GC(429) Pause Young (Allocation Failure) 350M->224M(935M) 4.947ms
[54.945s][info][gc,cpu         ] GC(429) User=0.00s Sys=0.00s Real=0.01s
[54.985s][info][gc,start       ] GC(430) Pause Young (System.gc())
[54.986s][info][gc,heap        ] GC(430) PSYoungGen: 71500K(258048K)->128K(252416K) Eden: 34444K(161280K)->0K(161280K) From: 37056K(96768K)->128K(91136K)
[54.986s][info][gc,heap        ] GC(430) ParOldGen: 192752K(699392K)->192752K(699392K)
[54.986s][info][gc,metaspace   ] GC(430) Metaspace: 16139K(16384K)->16139K(16384K) NonClass: 13944K(14080K)->13944K(14080K) Class: 2195K(2304K)->2195K(2304K)
[54.986s][info][gc             ] GC(430) Pause Young (System.gc()) 258M->188M(929M) 0.469ms
[54.986s][info][gc,cpu         ] GC(430) User=0.00s Sys=0.00s Real=0.00s
[54.986s][info][gc,start       ] GC(431) Pause Full (System.gc())
[54.986s][info][gc,phases,start] GC(431) Marking Phase
[54.991s][info][gc,phases      ] GC(431) Marking Phase 4.998ms
[54.991s][info][gc,phases,start] GC(431) Summary Phase
[54.991s][info][gc,phases      ] GC(431) Summary Phase 0.010ms
[54.991s][info][gc,phases,start] GC(431) Adjust Roots
[54.994s][info][gc,phases      ] GC(431) Adjust Roots 3.023ms
[54.994s][info][gc,phases,start] GC(431) Compaction Phase
[54.995s][info][gc,phases      ] GC(431) Compaction Phase 1.195ms
[54.995s][info][gc,phases,start] GC(431) Post Compact
[54.996s][info][gc,phases      ] GC(431) Post Compact 0.911ms
[54.998s][info][gc,heap        ] GC(431) PSYoungGen: 128K(252416K)->0K(252416K) Eden: 0K(161280K)->0K(161280K) From: 128K(91136K)->0K(91136K)
[54.998s][info][gc,heap        ] GC(431) ParOldGen: 192752K(699392K)->5662K(699392K)
[54.998s][info][gc,metaspace   ] GC(431) Metaspace: 16139K(16384K)->16139K(16384K) NonClass: 13944K(14080K)->13944K(14080K) Class: 2195K(2304K)->2195K(2304K)
[54.998s][info][gc             ] GC(431) Pause Full (System.gc()) 188M->5M(929M) 12.318ms
[54.998s][info][gc,cpu         ] GC(431) User=0.05s Sys=0.00s Real=0.02s
[55.130s][info][gc,start       ] GC(432) Pause Young (Allocation Failure)
[55.166s][info][gc,heap        ] GC(432) PSYoungGen: 161280K(252416K)->63413K(246784K) Eden: 161280K(161280K)->0K(154624K) From: 0K(91136K)->63413K(92160K)
[55.166s][info][gc,heap        ] GC(432) ParOldGen: 5662K(699392K)->5662K(699392K)
[55.166s][info][gc,metaspace   ] GC(432) Metaspace: 16139K(16384K)->16139K(16384K) NonClass: 13944K(14080K)->13944K(14080K) Class: 2195K(2304K)->2195K(2304K)
[55.166s][info][gc             ] GC(432) Pause Young (Allocation Failure) 163M->67M(924M) 35.607ms
[55.166s][info][gc,cpu         ] GC(432) User=0.19s Sys=0.00s Real=0.04s
[55.301s][info][gc,start       ] GC(433) Pause Young (Allocation Failure)
[55.368s][info][gc,heap        ] GC(433) PSYoungGen: 218037K(246784K)->65652K(220672K) Eden: 154624K(154624K)->0K(154624K) From: 63413K(92160K)->65652K(66048K)
[55.368s][info][gc,heap        ] GC(433) ParOldGen: 5662K(699392K)->60441K(699392K)
[55.368s][info][gc,metaspace   ] GC(433) Metaspace: 16139K(16384K)->16139K(16384K) NonClass: 13944K(14080K)->13944K(14080K) Class: 2195K(2304K)->2195K(2304K)
[55.369s][info][gc             ] GC(433) Pause Young (Allocation Failure) 218M->123M(898M) 67.034ms
[55.369s][info][gc,cpu         ] GC(433) User=0.38s Sys=0.00s Real=0.07s
[55.506s][info][gc,start       ] GC(434) Pause Young (Allocation Failure)
[55.580s][info][gc,heap        ] GC(434) PSYoungGen: 213621K(220672K)->52425K(248832K) Eden: 147969K(154624K)->0K(146944K) From: 65652K(66048K)->52425K(101888K)
[55.580s][info][gc,heap        ] GC(434) ParOldGen: 60441K(699392K)->129502K(699392K)
[55.580s][info][gc,metaspace   ] GC(434) Metaspace: 16139K(16384K)->16139K(16384K) NonClass: 13944K(14080K)->13944K(14080K) Class: 2195K(2304K)->2195K(2304K)
[55.580s][info][gc             ] GC(434) Pause Young (Allocation Failure) 267M->177M(926M) 73.467ms
[55.580s][info][gc,cpu         ] GC(434) User=0.41s Sys=0.00s Real=0.08s
[55.703s][info][gc,start       ] GC(435) Pause Young (Allocation Failure)
[55.753s][info][gc,heap        ] GC(435) PSYoungGen: 199369K(248832K)->25633K(247296K) Eden: 146944K(146944K)->0K(146944K) From: 52425K(101888K)->25633K(100352K)
[55.753s][info][gc,heap        ] GC(435) ParOldGen: 129502K(699392K)->181776K(699392K)
[55.753s][info][gc,metaspace   ] GC(435) Metaspace: 16141K(16384K)->16141K(16384K) NonClass: 13945K(14080K)->13945K(14080K) Class: 2195K(2304K)->2195K(2304K)
[55.753s][info][gc             ] GC(435) Pause Young (Allocation Failure) 321M->202M(924M) 49.616ms
[55.753s][info][gc,cpu         ] GC(435) User=0.28s Sys=0.00s Real=0.05s
[55.831s][info][gc,start       ] GC(436) Pause Young (Allocation Failure)
[55.843s][info][gc,heap        ] GC(436) PSYoungGen: 172577K(247296K)->18624K(254464K) Eden: 146944K(146944K)->0K(157696K) From: 25633K(100352K)->18624K(96768K)
[55.843s][info][gc,heap        ] GC(436) ParOldGen: 181776K(699392K)->199671K(699392K)
[55.843s][info][gc,metaspace   ] GC(436) Metaspace: 16141K(16384K)->16141K(16384K) NonClass: 13945K(14080K)->13945K(14080K) Class: 2195K(2304K)->2195K(2304K)
[55.843s][info][gc             ] GC(436) Pause Young (Allocation Failure) 346M->213M(931M) 11.487ms
[55.843s][info][gc,cpu         ] GC(436) User=0.09s Sys=0.00s Real=0.01s
[55.926s][info][gc,start       ] GC(437) Pause Young (Allocation Failure)
[55.931s][info][gc,heap        ] GC(437) PSYoungGen: 176320K(254464K)->37024K(252416K) Eden: 157696K(157696K)->0K(157696K) From: 18624K(96768K)->37024K(94720K)
[55.931s][info][gc,heap        ] GC(437) ParOldGen: 199671K(699392K)->199671K(699392K)
[55.931s][info][gc,metaspace   ] GC(437) Metaspace: 16141K(16384K)->16141K(16384K) NonClass: 13945K(14080K)->13945K(14080K) Class: 2195K(2304K)->2195K(2304K)
[55.931s][info][gc             ] GC(437) Pause Young (Allocation Failure) 367M->231M(929M) 5.261ms
[55.931s][info][gc,cpu         ] GC(437) User=0.00s Sys=0.00s Real=0.00s
[55.976s][info][gc,start       ] GC(438) Pause Young (System.gc())
[55.976s][info][gc,heap        ] GC(438) PSYoungGen: 70427K(252416K)->128K(257024K) Eden: 33403K(157696K)->0K(167936K) From: 37024K(94720K)->128K(89088K)
[55.976s][info][gc,heap        ] GC(438) ParOldGen: 199671K(699392K)->199671K(699392K)
[55.976s][info][gc,metaspace   ] GC(438) Metaspace: 16141K(16384K)->16141K(16384K) NonClass: 13945K(14080K)->13945K(14080K) Class: 2195K(2304K)->2195K(2304K)
[55.976s][info][gc             ] GC(438) Pause Young (System.gc()) 263M->195M(934M) 0.492ms
[55.976s][info][gc,cpu         ] GC(438) User=0.00s Sys=0.00s Real=0.00s
[55.976s][info][gc,start       ] GC(439) Pause Full (System.gc())
[55.976s][info][gc,phases,start] GC(439) Marking Phase
[55.981s][info][gc,phases      ] GC(439) Marking Phase 4.830ms
[55.981s][info][gc,phases,start] GC(439) Summary Phase
[55.981s][info][gc,phases      ] GC(439) Summary Phase 0.010ms
[55.981s][info][gc,phases,start] GC(439) Adjust Roots
[55.984s][info][gc,phases      ] GC(439) Adjust Roots 2.381ms
[55.984s][info][gc,phases,start] GC(439) Compaction Phase
[55.985s][info][gc,phases      ] GC(439) Compaction Phase 1.389ms
[55.985s][info][gc,phases,start] GC(439) Post Compact
[55.986s][info][gc,phases      ] GC(439) Post Compact 0.714ms
[55.986s][info][gc,heap        ] GC(439) PSYoungGen: 128K(257024K)->0K(257024K) Eden: 0K(167936K)->0K(167936K) From: 128K(89088K)->0K(89088K)
[55.986s][info][gc,heap        ] GC(439) ParOldGen: 199671K(699392K)->5662K(699392K)
[55.986s][info][gc,metaspace   ] GC(439) Metaspace: 16141K(16384K)->16141K(16384K) NonClass: 13945K(14080K)->13945K(14080K) Class: 2195K(2304K)->2195K(2304K)
[55.986s][info][gc             ] GC(439) Pause Full (System.gc()) 195M->5M(934M) 9.577ms
[55.986s][info][gc,cpu         ] GC(439) User=0.02s Sys=0.00s Real=0.00s
[56.129s][info][gc,start       ] GC(440) Pause Young (Allocation Failure)
[56.166s][info][gc,heap        ] GC(440) PSYoungGen: 167936K(257024K)->65770K(233984K) Eden: 167936K(167936K)->0K(167936K) From: 0K(89088K)->65770K(66048K)
[56.166s][info][gc,heap        ] GC(440) ParOldGen: 5662K(699392K)->5670K(699392K)
[56.166s][info][gc,metaspace   ] GC(440) Metaspace: 16141K(16384K)->16141K(16384K) NonClass: 13945K(14080K)->13945K(14080K) Class: 2195K(2304K)->2195K(2304K)
[56.166s][info][gc             ] GC(440) Pause Young (Allocation Failure) 169M->69M(911M) 36.992ms
[56.166s][info][gc,cpu         ] GC(440) User=0.19s Sys=0.00s Real=0.05s
[56.312s][info][gc,start       ] GC(441) Pause Young (Allocation Failure)
[56.384s][info][gc,heap        ] GC(441) PSYoungGen: 233706K(233984K)->70245K(240128K) Eden: 167936K(167936K)->0K(143360K) From: 65770K(66048K)->70245K(96768K)
[56.386s][info][gc,heap        ] GC(441) ParOldGen: 5670K(699392K)->62778K(699392K)
[56.386s][info][gc,metaspace   ] GC(441) Metaspace: 16141K(16384K)->16141K(16384K) NonClass: 13945K(14080K)->13945K(14080K) Class: 2195K(2304K)->2195K(2304K)
[56.386s][info][gc             ] GC(441) Pause Young (Allocation Failure) 233M->129M(917M) 73.858ms
[56.386s][info][gc,cpu         ] GC(441) User=0.38s Sys=0.00s Real=0.08s
[56.506s][info][gc,start       ] GC(442) Pause Young (Allocation Failure)
[56.577s][info][gc,heap        ] GC(442) PSYoungGen: 208128K(240128K)->54723K(246272K) Eden: 137882K(143360K)->0K(143360K) From: 70245K(96768K)->54723K(102912K)
[56.577s][info][gc,heap        ] GC(442) ParOldGen: 62778K(699392K)->127240K(699392K)
[56.577s][info][gc,metaspace   ] GC(442) Metaspace: 16141K(16384K)->16141K(16384K) NonClass: 13945K(14080K)->13945K(14080K) Class: 2195K(2304K)->2195K(2304K)
[56.577s][info][gc             ] GC(442) Pause Young (Allocation Failure) 264M->177M(923M) 70.993ms
[56.577s][info][gc,cpu         ] GC(442) User=0.38s Sys=0.00s Real=0.08s
[56.699s][info][gc,start       ] GC(443) Pause Young (Allocation Failure)
[56.737s][info][gc,heap        ] GC(443) PSYoungGen: 197669K(246272K)->26672K(250368K) Eden: 142946K(143360K)->0K(148480K) From: 54723K(102912K)->26672K(101888K)
[56.738s][info][gc,heap        ] GC(443) ParOldGen: 127240K(699392K)->171840K(699392K)
[56.738s][info][gc,metaspace   ] GC(443) Metaspace: 16141K(16384K)->16141K(16384K) NonClass: 13946K(14080K)->13946K(14080K) Class: 2195K(2304K)->2195K(2304K)
[56.738s][info][gc             ] GC(443) Pause Young (Allocation Failure) 317M->193M(927M) 38.794ms
[56.738s][info][gc,cpu         ] GC(443) User=0.19s Sys=0.00s Real=0.04s
[56.815s][info][gc,start       ] GC(444) Pause Young (Allocation Failure)
[56.826s][info][gc,heap        ] GC(444) PSYoungGen: 175152K(250368K)->18656K(247296K) Eden: 148480K(148480K)->0K(148480K) From: 26672K(101888K)->18656K(98816K)
[56.826s][info][gc,heap        ] GC(444) ParOldGen: 171840K(699392K)->189731K(699392K)
[56.826s][info][gc,metaspace   ] GC(444) Metaspace: 16141K(16384K)->16141K(16384K) NonClass: 13946K(14080K)->13946K(14080K) Class: 2195K(2304K)->2195K(2304K)
[56.826s][info][gc             ] GC(444) Pause Young (Allocation Failure) 338M->203M(924M) 11.518ms
[56.826s][info][gc,cpu         ] GC(444) User=0.09s Sys=0.00s Real=0.01s
[56.900s][info][gc,start       ] GC(445) Pause Young (Allocation Failure)
[56.905s][info][gc,heap        ] GC(445) PSYoungGen: 167136K(247296K)->37056K(258560K) Eden: 148480K(148480K)->0K(162304K) From: 18656K(98816K)->37056K(96256K)
[56.905s][info][gc,heap        ] GC(445) ParOldGen: 189731K(699392K)->189731K(699392K)
[56.905s][info][gc,metaspace   ] GC(445) Metaspace: 16141K(16384K)->16141K(16384K) NonClass: 13946K(14080K)->13946K(14080K) Class: 2195K(2304K)->2195K(2304K)
[56.905s][info][gc             ] GC(445) Pause Young (Allocation Failure) 348M->221M(935M) 5.329ms
[56.905s][info][gc,cpu         ] GC(445) User=0.08s Sys=0.00s Real=0.01s
[56.937s][info][gc,start       ] GC(446) Pause Young (System.gc())
[56.937s][info][gc,heap        ] GC(446) PSYoungGen: 72452K(258560K)->128K(252928K) Eden: 35396K(162304K)->0K(162304K) From: 37056K(96256K)->128K(90624K)
[56.937s][info][gc,heap        ] GC(446) ParOldGen: 189731K(699392K)->189731K(699392K)
[56.937s][info][gc,metaspace   ] GC(446) Metaspace: 16141K(16384K)->16141K(16384K) NonClass: 13946K(14080K)->13946K(14080K) Class: 2195K(2304K)->2195K(2304K)
[56.937s][info][gc             ] GC(446) Pause Young (System.gc()) 256M->185M(930M) 0.626ms
[56.937s][info][gc,cpu         ] GC(446) User=0.00s Sys=0.00s Real=0.00s
[56.937s][info][gc,start       ] GC(447) Pause Full (System.gc())
[56.937s][info][gc,phases,start] GC(447) Marking Phase
[56.942s][info][gc,phases      ] GC(447) Marking Phase 4.604ms
[56.942s][info][gc,phases,start] GC(447) Summary Phase
[56.942s][info][gc,phases      ] GC(447) Summary Phase 0.011ms
[56.942s][info][gc,phases,start] GC(447) Adjust Roots
[56.944s][info][gc,phases      ] GC(447) Adjust Roots 2.151ms
[56.944s][info][gc,phases,start] GC(447) Compaction Phase
[56.947s][info][gc,phases      ] GC(447) Compaction Phase 2.409ms
[56.947s][info][gc,phases,start] GC(447) Post Compact
[56.948s][info][gc,phases      ] GC(447) Post Compact 0.811ms
[56.948s][info][gc,heap        ] GC(447) PSYoungGen: 128K(252928K)->0K(252928K) Eden: 0K(162304K)->0K(162304K) From: 128K(90624K)->0K(90624K)
[56.948s][info][gc,heap        ] GC(447) ParOldGen: 189731K(699392K)->5666K(699392K)
[56.948s][info][gc,metaspace   ] GC(447) Metaspace: 16141K(16384K)->16141K(16384K) NonClass: 13946K(14080K)->13946K(14080K) Class: 2195K(2304K)->2195K(2304K)
[56.948s][info][gc             ] GC(447) Pause Full (System.gc()) 185M->5M(930M) 10.215ms
[56.948s][info][gc,cpu         ] GC(447) User=0.00s Sys=0.00s Real=0.01s
[57.085s][info][gc,start       ] GC(448) Pause Young (Allocation Failure)
[57.123s][info][gc,heap        ] GC(448) PSYoungGen: 162304K(252928K)->63701K(246784K) Eden: 162304K(162304K)->0K(154624K) From: 0K(90624K)->63701K(92160K)
[57.123s][info][gc,heap        ] GC(448) ParOldGen: 5666K(699392K)->5666K(699392K)
[57.123s][info][gc,metaspace   ] GC(448) Metaspace: 16141K(16384K)->16141K(16384K) NonClass: 13946K(14080K)->13946K(14080K) Class: 2195K(2304K)->2195K(2304K)
[57.123s][info][gc             ] GC(448) Pause Young (Allocation Failure) 164M->67M(924M) 37.695ms
[57.123s][info][gc,cpu         ] GC(448) User=0.27s Sys=0.00s Real=0.04s
[57.258s][info][gc,start       ] GC(449) Pause Young (Allocation Failure)
[57.326s][info][gc,heap        ] GC(449) PSYoungGen: 218325K(246784K)->65652K(220672K) Eden: 154624K(154624K)->0K(154624K) From: 63701K(92160K)->65652K(66048K)
[57.326s][info][gc,heap        ] GC(449) ParOldGen: 5666K(699392K)->60780K(699392K)
[57.326s][info][gc,metaspace   ] GC(449) Metaspace: 16141K(16384K)->16141K(16384K) NonClass: 13946K(14080K)->13946K(14080K) Class: 2195K(2304K)->2195K(2304K)
[57.326s][info][gc             ] GC(449) Pause Young (Allocation Failure) 218M->123M(898M) 67.790ms
[57.326s][info][gc,cpu         ] GC(449) User=0.39s Sys=0.00s Real=0.07s
[57.462s][info][gc,start       ] GC(450) Pause Young (Allocation Failure)
[57.535s][info][gc,heap        ] GC(450) PSYoungGen: 213588K(220672K)->52002K(249344K) Eden: 147936K(154624K)->0K(147456K) From: 65652K(66048K)->52002K(101888K)
[57.535s][info][gc,heap        ] GC(450) ParOldGen: 60780K(699392K)->125249K(699392K)
[57.535s][info][gc,metaspace   ] GC(450) Metaspace: 16141K(16384K)->16141K(16384K) NonClass: 13946K(14080K)->13946K(14080K) Class: 2195K(2304K)->2195K(2304K)
[57.535s][info][gc             ] GC(450) Pause Young (Allocation Failure) 267M->173M(926M) 72.466ms
[57.535s][info][gc,cpu         ] GC(450) User=0.41s Sys=0.00s Real=0.08s
[57.655s][info][gc,start       ] GC(451) Pause Young (Allocation Failure)
[57.703s][info][gc,heap        ] GC(451) PSYoungGen: 199458K(249344K)->26456K(247296K) Eden: 147456K(147456K)->0K(147456K) From: 52002K(101888K)->26456K(99840K)
[57.703s][info][gc,heap        ] GC(451) ParOldGen: 125249K(699392K)->177152K(699392K)
[57.703s][info][gc,metaspace   ] GC(451) Metaspace: 16141K(16384K)->16141K(16384K) NonClass: 13946K(14080K)->13946K(14080K) Class: 2195K(2304K)->2195K(2304K)
[57.703s][info][gc             ] GC(451) Pause Young (Allocation Failure) 317M->198M(924M) 48.347ms
[57.703s][info][gc,cpu         ] GC(451) User=0.28s Sys=0.00s Real=0.05s
[57.788s][info][gc,start       ] GC(452) Pause Young (Allocation Failure)
[57.800s][info][gc,heap        ] GC(452) PSYoungGen: 173912K(247296K)->18624K(254464K) Eden: 147456K(147456K)->0K(157696K) From: 26456K(99840K)->18624K(96768K)
[57.800s][info][gc,heap        ] GC(452) ParOldGen: 177152K(699392K)->195035K(699392K)
[57.800s][info][gc,metaspace   ] GC(452) Metaspace: 16141K(16384K)->16141K(16384K) NonClass: 13946K(14080K)->13946K(14080K) Class: 2195K(2304K)->2195K(2304K)
[57.800s][info][gc             ] GC(452) Pause Young (Allocation Failure) 342M->208M(931M) 11.766ms
[57.800s][info][gc,cpu         ] GC(452) User=0.09s Sys=0.00s Real=0.01s
[57.882s][info][gc,start       ] GC(453) Pause Young (Allocation Failure)
[57.888s][info][gc,heap        ] GC(453) PSYoungGen: 176320K(254464K)->37056K(252416K) Eden: 157696K(157696K)->0K(157696K) From: 18624K(96768K)->37056K(94720K)
[57.888s][info][gc,heap        ] GC(453) ParOldGen: 195035K(699392K)->195035K(699392K)
[57.888s][info][gc,metaspace   ] GC(453) Metaspace: 16141K(16384K)->16141K(16384K) NonClass: 13946K(14080K)->13946K(14080K) Class: 2195K(2304K)->2195K(2304K)
[57.888s][info][gc             ] GC(453) Pause Young (Allocation Failure) 362M->226M(929M) 5.687ms
[57.888s][info][gc,cpu         ] GC(453) User=0.09s Sys=0.00s Real=0.00s
[57.931s][info][gc,start       ] GC(454) Pause Young (System.gc())
[57.932s][info][gc,heap        ] GC(454) PSYoungGen: 72148K(252416K)->160K(258048K) Eden: 35092K(157696K)->0K(168960K) From: 37056K(94720K)->160K(89088K)
[57.932s][info][gc,heap        ] GC(454) ParOldGen: 195035K(699392K)->195035K(699392K)
[57.932s][info][gc,metaspace   ] GC(454) Metaspace: 16141K(16384K)->16141K(16384K) NonClass: 13946K(14080K)->13946K(14080K) Class: 2195K(2304K)->2195K(2304K)
[57.932s][info][gc             ] GC(454) Pause Young (System.gc()) 260M->190M(935M) 0.409ms
[57.932s][info][gc,cpu         ] GC(454) User=0.00s Sys=0.00s Real=0.00s
[57.932s][info][gc,start       ] GC(455) Pause Full (System.gc())
[57.932s][info][gc,phases,start] GC(455) Marking Phase
[57.936s][info][gc,phases      ] GC(455) Marking Phase 4.713ms
[57.936s][info][gc,phases,start] GC(455) Summary Phase
[57.936s][info][gc,phases      ] GC(455) Summary Phase 0.010ms
[57.936s][info][gc,phases,start] GC(455) Adjust Roots
[57.939s][info][gc,phases      ] GC(455) Adjust Roots 2.237ms
[57.939s][info][gc,phases,start] GC(455) Compaction Phase
[57.940s][info][gc,phases      ] GC(455) Compaction Phase 1.188ms
[57.940s][info][gc,phases,start] GC(455) Post Compact
[57.941s][info][gc,phases      ] GC(455) Post Compact 0.631ms
[57.941s][info][gc,heap        ] GC(455) PSYoungGen: 160K(258048K)->0K(258048K) Eden: 0K(168960K)->0K(168960K) From: 160K(89088K)->0K(89088K)
[57.941s][info][gc,heap        ] GC(455) ParOldGen: 195035K(699392K)->5666K(699392K)
[57.941s][info][gc,metaspace   ] GC(455) Metaspace: 16141K(16384K)->16141K(16384K) NonClass: 13946K(14080K)->13946K(14080K) Class: 2195K(2304K)->2195K(2304K)
[57.941s][info][gc             ] GC(455) Pause Full (System.gc()) 190M->5M(935M) 8.987ms
[57.941s][info][gc,cpu         ] GC(455) User=0.08s Sys=0.02s Real=0.00s
[58.082s][info][gc,start       ] GC(456) Pause Young (Allocation Failure)
[58.120s][info][gc,heap        ] GC(456) PSYoungGen: 168960K(258048K)->66147K(235520K) Eden: 168960K(168960K)->0K(168960K) From: 0K(89088K)->66147K(66560K)
[58.120s][info][gc,heap        ] GC(456) ParOldGen: 5666K(699392K)->5666K(699392K)
[58.120s][info][gc,metaspace   ] GC(456) Metaspace: 16141K(16384K)->16141K(16384K) NonClass: 13946K(14080K)->13946K(14080K) Class: 2195K(2304K)->2195K(2304K)
[58.120s][info][gc             ] GC(456) Pause Young (Allocation Failure) 170M->70M(913M) 37.335ms
[58.120s][info][gc,cpu         ] GC(456) User=0.19s Sys=0.00s Real=0.04s
[58.268s][info][gc,start       ] GC(457) Pause Young (Allocation Failure)
[58.340s][info][gc,heap        ] GC(457) PSYoungGen: 235107K(235520K)->70604K(240128K) Eden: 168960K(168960K)->0K(143360K) From: 66147K(66560K)->70604K(96768K)
[58.340s][info][gc,heap        ] GC(457) ParOldGen: 5666K(699392K)->63133K(699392K)
[58.340s][info][gc,metaspace   ] GC(457) Metaspace: 16141K(16384K)->16141K(16384K) NonClass: 13946K(14080K)->13946K(14080K) Class: 2195K(2304K)->2195K(2304K)
[58.340s][info][gc             ] GC(457) Pause Young (Allocation Failure) 235M->130M(917M) 72.713ms
[58.340s][info][gc,cpu         ] GC(457) User=0.45s Sys=0.00s Real=0.08s
[58.459s][info][gc,start       ] GC(458) Pause Young (Allocation Failure)
[58.529s][info][gc,heap        ] GC(458) PSYoungGen: 212442K(240128K)->60124K(203776K) Eden: 141837K(143360K)->0K(143360K) From: 70604K(96768K)->60124K(60416K)
[58.529s][info][gc,heap        ] GC(458) ParOldGen: 63133K(699392K)->124887K(699392K)
[58.529s][info][gc,metaspace   ] GC(458) Metaspace: 16141K(16384K)->16141K(16384K) NonClass: 13946K(14080K)->13946K(14080K) Class: 2195K(2304K)->2195K(2304K)
[58.529s][info][gc             ] GC(458) Pause Young (Allocation Failure) 269M->180M(882M) 69.959ms
[58.529s][info][gc,cpu         ] GC(458) User=0.41s Sys=0.00s Real=0.08s
[58.650s][info][gc,start       ] GC(459) Pause Young (Allocation Failure)
[58.685s][info][gc,heap        ] GC(459) PSYoungGen: 203484K(203776K)->27178K(248832K) Eden: 143360K(143360K)->0K(144896K) From: 60124K(60416K)->27178K(103936K)
[58.685s][info][gc,heap        ] GC(459) ParOldGen: 124887K(699392K)->168788K(699392K)
[58.685s][info][gc,metaspace   ] GC(459) Metaspace: 16141K(16384K)->16141K(16384K) NonClass: 13946K(14080K)->13946K(14080K) Class: 2195K(2304K)->2195K(2304K)
[58.685s][info][gc             ] GC(459) Pause Young (Allocation Failure) 320M->191M(926M) 35.033ms
[58.685s][info][gc,cpu         ] GC(459) User=0.27s Sys=0.00s Real=0.04s
[58.765s][info][gc,start       ] GC(460) Pause Young (Allocation Failure)
[58.777s][info][gc,heap        ] GC(460) PSYoungGen: 172074K(248832K)->18624K(245248K) Eden: 144896K(144896K)->0K(144896K) From: 27178K(103936K)->18624K(100352K)
[58.777s][info][gc,heap        ] GC(460) ParOldGen: 168788K(699392K)->186687K(699392K)
[58.777s][info][gc,metaspace   ] GC(460) Metaspace: 16141K(16384K)->16141K(16384K) NonClass: 13946K(14080K)->13946K(14080K) Class: 2195K(2304K)->2195K(2304K)
[58.777s][info][gc             ] GC(460) Pause Young (Allocation Failure) 332M->200M(922M) 11.684ms
[58.777s][info][gc,cpu         ] GC(460) User=0.09s Sys=0.00s Real=0.01s
[58.852s][info][gc,start       ] GC(461) Pause Young (Allocation Failure)
[58.859s][info][gc,heap        ] GC(461) PSYoungGen: 163518K(245248K)->37024K(256512K) Eden: 144894K(144896K)->0K(158208K) From: 18624K(100352K)->37024K(98304K)
[58.859s][info][gc,heap        ] GC(461) ParOldGen: 186687K(699392K)->186687K(699392K)
[58.859s][info][gc,metaspace   ] GC(461) Metaspace: 16141K(16384K)->16141K(16384K) NonClass: 13946K(14080K)->13946K(14080K) Class: 2195K(2304K)->2195K(2304K)
[58.859s][info][gc             ] GC(461) Pause Young (Allocation Failure) 341M->218M(933M) 6.675ms
[58.859s][info][gc,cpu         ] GC(461) User=0.06s Sys=0.00s Real=0.00s
[58.897s][info][gc,start       ] GC(462) Pause Young (System.gc())
[58.898s][info][gc,heap        ] GC(462) PSYoungGen: 73749K(256512K)->96K(250880K) Eden: 36725K(158208K)->0K(158208K) From: 37024K(98304K)->96K(92672K)
[58.898s][info][gc,heap        ] GC(462) ParOldGen: 186687K(699392K)->186687K(699392K)
[58.898s][info][gc,metaspace   ] GC(462) Metaspace: 16141K(16384K)->16141K(16384K) NonClass: 13946K(14080K)->13946K(14080K) Class: 2195K(2304K)->2195K(2304K)
[58.898s][info][gc             ] GC(462) Pause Young (System.gc()) 254M->182M(928M) 0.449ms
[58.898s][info][gc,cpu         ] GC(462) User=0.00s Sys=0.00s Real=0.00s
[58.898s][info][gc,start       ] GC(463) Pause Full (System.gc())
[58.898s][info][gc,phases,start] GC(463) Marking Phase
[58.903s][info][gc,phases      ] GC(463) Marking Phase 5.056ms
[58.903s][info][gc,phases,start] GC(463) Summary Phase
[58.903s][info][gc,phases      ] GC(463) Summary Phase 0.011ms
[58.903s][info][gc,phases,start] GC(463) Adjust Roots
[58.905s][info][gc,phases      ] GC(463) Adjust Roots 2.142ms
[58.905s][info][gc,phases,start] GC(463) Compaction Phase
[58.906s][info][gc,phases      ] GC(463) Compaction Phase 1.300ms
[58.906s][info][gc,phases,start] GC(463) Post Compact
[58.907s][info][gc,phases      ] GC(463) Post Compact 0.692ms
[58.907s][info][gc,heap        ] GC(463) PSYoungGen: 96K(250880K)->0K(250880K) Eden: 0K(158208K)->0K(158208K) From: 96K(92672K)->0K(92672K)
[58.907s][info][gc,heap        ] GC(463) ParOldGen: 186687K(699392K)->5665K(699392K)
[58.907s][info][gc,metaspace   ] GC(463) Metaspace: 16141K(16384K)->16141K(16384K) NonClass: 13946K(14080K)->13946K(14080K) Class: 2195K(2304K)->2195K(2304K)
[58.907s][info][gc             ] GC(463) Pause Full (System.gc()) 182M->5M(928M) 9.497ms
[58.907s][info][gc,cpu         ] GC(463) User=0.02s Sys=0.00s Real=0.00s
[59.038s][info][gc,start       ] GC(464) Pause Young (Allocation Failure)
[59.072s][info][gc,heap        ] GC(464) PSYoungGen: 158208K(250880K)->62247K(246272K) Eden: 158208K(158208K)->0K(152576K) From: 0K(92672K)->62247K(93696K)
[59.072s][info][gc,heap        ] GC(464) ParOldGen: 5665K(699392K)->5665K(699392K)
[59.072s][info][gc,metaspace   ] GC(464) Metaspace: 16141K(16384K)->16141K(16384K) NonClass: 13946K(14080K)->13946K(14080K) Class: 2195K(2304K)->2195K(2304K)
[59.072s][info][gc             ] GC(464) Pause Young (Allocation Failure) 160M->66M(923M) 33.917ms
[59.072s][info][gc,cpu         ] GC(464) User=0.19s Sys=0.00s Real=0.03s
[59.205s][info][gc,start       ] GC(465) Pause Young (Allocation Failure)
[59.272s][info][gc,heap        ] GC(465) PSYoungGen: 214823K(246272K)->64953K(217600K) Eden: 152576K(152576K)->0K(152576K) From: 62247K(93696K)->64953K(65024K)
[59.272s][info][gc,heap        ] GC(465) ParOldGen: 5665K(699392K)->59366K(699392K)
[59.272s][info][gc,metaspace   ] GC(465) Metaspace: 16141K(16384K)->16141K(16384K) NonClass: 13946K(14080K)->13946K(14080K) Class: 2195K(2304K)->2195K(2304K)
[59.272s][info][gc             ] GC(465) Pause Young (Allocation Failure) 215M->121M(895M) 67.239ms
[59.272s][info][gc,cpu         ] GC(465) User=0.38s Sys=0.00s Real=0.08s
[59.414s][info][gc,start       ] GC(466) Pause Young (Allocation Failure)
[59.487s][info][gc,heap        ] GC(466) PSYoungGen: 217529K(217600K)->54327K(247808K) Eden: 152576K(152576K)->0K(145408K) From: 64953K(65024K)->54327K(102400K)
[59.487s][info][gc,heap        ] GC(466) ParOldGen: 59366K(699392K)->123164K(699392K)
[59.487s][info][gc,metaspace   ] GC(466) Metaspace: 16141K(16384K)->16141K(16384K) NonClass: 13946K(14080K)->13946K(14080K) Class: 2195K(2304K)->2195K(2304K)
[59.487s][info][gc             ] GC(466) Pause Young (Allocation Failure) 270M->173M(925M) 73.335ms
[59.487s][info][gc,cpu         ] GC(466) User=0.41s Sys=0.00s Real=0.09s
[59.603s][info][gc,start       ] GC(467) Pause Young (Allocation Failure)
[59.654s][info][gc,heap        ] GC(467) PSYoungGen: 199380K(247808K)->26420K(246784K) Eden: 145053K(145408K)->0K(145408K) From: 54327K(102400K)->26420K(101376K)
[59.655s][info][gc,heap        ] GC(467) ParOldGen: 123164K(699392K)->177300K(699392K)
[59.655s][info][gc,metaspace   ] GC(467) Metaspace: 16141K(16384K)->16141K(16384K) NonClass: 13946K(14080K)->13946K(14080K) Class: 2195K(2304K)->2195K(2304K)
[59.655s][info][gc             ] GC(467) Pause Young (Allocation Failure) 314M->198M(924M) 51.235ms
[59.655s][info][gc,cpu         ] GC(467) User=0.38s Sys=0.00s Real=0.05s
[59.730s][info][gc,start       ] GC(468) Pause Young (Allocation Failure)
[59.742s][info][gc,heap        ] GC(468) PSYoungGen: 171828K(246784K)->18592K(253440K) Eden: 145408K(145408K)->0K(155648K) From: 26420K(101376K)->18592K(97792K)
[59.742s][info][gc,heap        ] GC(468) ParOldGen: 177300K(699392K)->194976K(699392K)
[59.742s][info][gc,metaspace   ] GC(468) Metaspace: 16141K(16384K)->16141K(16384K) NonClass: 13946K(14080K)->13946K(14080K) Class: 2195K(2304K)->2195K(2304K)
[59.742s][info][gc             ] GC(468) Pause Young (Allocation Failure) 340M->208M(930M) 11.805ms
[59.742s][info][gc,cpu         ] GC(468) User=0.00s Sys=0.00s Real=0.01s
[59.824s][info][gc,start       ] GC(469) Pause Young (Allocation Failure)
[59.829s][info][gc,heap        ] GC(469) PSYoungGen: 174240K(253440K)->37024K(251392K) Eden: 155648K(155648K)->0K(155648K) From: 18592K(97792K)->37024K(95744K)
[59.829s][info][gc,heap        ] GC(469) ParOldGen: 194976K(699392K)->194976K(699392K)
[59.829s][info][gc,metaspace   ] GC(469) Metaspace: 16141K(16384K)->16141K(16384K) NonClass: 13946K(14080K)->13946K(14080K) Class: 2195K(2304K)->2195K(2304K)
[59.829s][info][gc             ] GC(469) Pause Young (Allocation Failure) 360M->226M(928M) 5.133ms
[59.829s][info][gc,cpu         ] GC(469) User=0.00s Sys=0.00s Real=0.00s
[59.867s][info][gc,start       ] GC(470) Pause Young (System.gc())
[59.868s][info][gc,heap        ] GC(470) PSYoungGen: 75331K(251392K)->128K(256000K) Eden: 38307K(155648K)->0K(165888K) From: 37024K(95744K)->128K(90112K)
[59.868s][info][gc,heap        ] GC(470) ParOldGen: 194976K(699392K)->194976K(699392K)
[59.868s][info][gc,metaspace   ] GC(470) Metaspace: 16141K(16384K)->16141K(16384K) NonClass: 13946K(14080K)->13946K(14080K) Class: 2195K(2304K)->2195K(2304K)
[59.868s][info][gc             ] GC(470) Pause Young (System.gc()) 263M->190M(933M) 0.651ms
[59.868s][info][gc,cpu         ] GC(470) User=0.00s Sys=0.00s Real=0.00s
[59.868s][info][gc,start       ] GC(471) Pause Full (System.gc())
[59.868s][info][gc,phases,start] GC(471) Marking Phase
[59.873s][info][gc,phases      ] GC(471) Marking Phase 4.813ms
[59.873s][info][gc,phases,start] GC(471) Summary Phase
[59.873s][info][gc,phases      ] GC(471) Summary Phase 0.011ms
[59.873s][info][gc,phases,start] GC(471) Adjust Roots
[59.875s][info][gc,phases      ] GC(471) Adjust Roots 2.147ms
[59.875s][info][gc,phases,start] GC(471) Compaction Phase
[59.877s][info][gc,phases      ] GC(471) Compaction Phase 1.752ms
[59.877s][info][gc,phases,start] GC(471) Post Compact
[59.877s][info][gc,phases      ] GC(471) Post Compact 0.707ms
[59.877s][info][gc,heap        ] GC(471) PSYoungGen: 128K(256000K)->0K(256000K) Eden: 0K(165888K)->0K(165888K) From: 128K(90112K)->0K(90112K)
[59.878s][info][gc,heap        ] GC(471) ParOldGen: 194976K(699392K)->5665K(699392K)
[59.878s][info][gc,metaspace   ] GC(471) Metaspace: 16141K(16384K)->16141K(16384K) NonClass: 13946K(14080K)->13946K(14080K) Class: 2195K(2304K)->2195K(2304K)
[59.878s][info][gc             ] GC(471) Pause Full (System.gc()) 190M->5M(933M) 9.784ms
[59.878s][info][gc,cpu         ] GC(471) User=0.02s Sys=0.00s Real=0.02s
[60.016s][info][gc,start       ] GC(472) Pause Young (Allocation Failure)
[60.052s][info][gc,heap        ] GC(472) PSYoungGen: 165888K(256000K)->65047K(231424K) Eden: 165888K(165888K)->0K(165888K) From: 0K(90112K)->65047K(65536K)
[60.053s][info][gc,heap        ] GC(472) ParOldGen: 5665K(699392K)->5665K(699392K)
[60.053s][info][gc,metaspace   ] GC(472) Metaspace: 16141K(16384K)->16141K(16384K) NonClass: 13946K(14080K)->13946K(14080K) Class: 2195K(2304K)->2195K(2304K)
[60.053s][info][gc             ] GC(472) Pause Young (Allocation Failure) 167M->69M(909M) 36.924ms
[60.053s][info][gc,cpu         ] GC(472) User=0.19s Sys=0.00s Real=0.04s
[60.199s][info][gc,start       ] GC(473) Pause Young (Allocation Failure)
[60.267s][info][gc,heap        ] GC(473) PSYoungGen: 230935K(231424K)->69554K(239616K) Eden: 165888K(165888K)->0K(142336K) From: 65047K(65536K)->69554K(97280K)
[60.267s][info][gc,heap        ] GC(473) ParOldGen: 5665K(699392K)->62058K(699392K)
[60.267s][info][gc,metaspace   ] GC(473) Metaspace: 16141K(16384K)->16141K(16384K) NonClass: 13946K(14080K)->13946K(14080K) Class: 2195K(2304K)->2195K(2304K)
[60.267s][info][gc             ] GC(473) Pause Young (Allocation Failure) 231M->128M(917M) 68.622ms
[60.267s][info][gc,cpu         ] GC(473) User=0.38s Sys=0.00s Real=0.07s
[60.392s][info][gc,start       ] GC(474) Pause Young (Allocation Failure)
[60.463s][info][gc,heap        ] GC(474) PSYoungGen: 210719K(239616K)->56029K(245760K) Eden: 141165K(142336K)->0K(142336K) From: 69554K(97280K)->56029K(103424K)
[60.463s][info][gc,heap        ] GC(474) ParOldGen: 62058K(699392K)->128889K(699392K)
[60.463s][info][gc,metaspace   ] GC(474) Metaspace: 16141K(16384K)->16141K(16384K) NonClass: 13946K(14080K)->13946K(14080K) Class: 2195K(2304K)->2195K(2304K)
[60.463s][info][gc             ] GC(474) Pause Young (Allocation Failure) 266M->180M(923M) 70.634ms
[60.463s][info][gc,cpu         ] GC(474) User=0.38s Sys=0.00s Real=0.08s
[60.581s][info][gc,start       ] GC(475) Pause Young (Allocation Failure)
[60.617s][info][gc,heap        ] GC(475) PSYoungGen: 198365K(245760K)->27204K(249856K) Eden: 142336K(142336K)->0K(146944K) From: 56029K(103424K)->27204K(102912K)
[60.617s][info][gc,heap        ] GC(475) ParOldGen: 128889K(699392K)->174888K(699392K)
[60.617s][info][gc,metaspace   ] GC(475) Metaspace: 16141K(16384K)->16141K(16384K) NonClass: 13946K(14080K)->13946K(14080K) Class: 2195K(2304K)->2195K(2304K)
[60.617s][info][gc             ] GC(475) Pause Young (Allocation Failure) 319M->197M(927M) 35.603ms
[60.617s][info][gc,cpu         ] GC(475) User=0.19s Sys=0.00s Real=0.04s
[60.689s][info][gc,start       ] GC(476) Pause Young (Allocation Failure)
[60.700s][info][gc,heap        ] GC(476) PSYoungGen: 174148K(249856K)->18656K(246272K) Eden: 146944K(146944K)->0K(146944K) From: 27204K(102912K)->18656K(99328K)
[60.700s][info][gc,heap        ] GC(476) ParOldGen: 174888K(699392K)->192770K(699392K)
[60.700s][info][gc,metaspace   ] GC(476) Metaspace: 16141K(16384K)->16141K(16384K) NonClass: 13946K(14080K)->13946K(14080K) Class: 2195K(2304K)->2195K(2304K)
[60.700s][info][gc             ] GC(476) Pause Young (Allocation Failure) 340M->206M(923M) 11.212ms
[60.700s][info][gc,cpu         ] GC(476) User=0.09s Sys=0.00s Real=0.01s
[60.777s][info][gc,start       ] GC(477) Pause Young (Allocation Failure)
[60.781s][info][gc,heap        ] GC(477) PSYoungGen: 165600K(246272K)->37056K(257536K) Eden: 146944K(146944K)->0K(160256K) From: 18656K(99328K)->37056K(97280K)
[60.781s][info][gc,heap        ] GC(477) ParOldGen: 192770K(699392K)->192770K(699392K)
[60.781s][info][gc,metaspace   ] GC(477) Metaspace: 16141K(16384K)->16141K(16384K) NonClass: 13946K(14080K)->13946K(14080K) Class: 2195K(2304K)->2195K(2304K)
[60.781s][info][gc             ] GC(477) Pause Young (Allocation Failure) 349M->224M(934M) 4.778ms
[60.781s][info][gc,cpu         ] GC(477) User=0.00s Sys=0.00s Real=0.01s
[60.824s][info][gc,start       ] GC(478) Pause Young (System.gc())
[60.824s][info][gc,heap        ] GC(478) PSYoungGen: 75293K(257536K)->128K(251904K) Eden: 38237K(160256K)->0K(160256K) From: 37056K(97280K)->128K(91648K)
[60.824s][info][gc,heap        ] GC(478) ParOldGen: 192770K(699392K)->192770K(699392K)
[60.824s][info][gc,metaspace   ] GC(478) Metaspace: 16141K(16384K)->16141K(16384K) NonClass: 13946K(14080K)->13946K(14080K) Class: 2195K(2304K)->2195K(2304K)
[60.824s][info][gc             ] GC(478) Pause Young (System.gc()) 261M->188M(929M) 0.453ms
[60.824s][info][gc,cpu         ] GC(478) User=0.00s Sys=0.00s Real=0.00s
[60.825s][info][gc,start       ] GC(479) Pause Full (System.gc())
[60.825s][info][gc,phases,start] GC(479) Marking Phase
[60.830s][info][gc,phases      ] GC(479) Marking Phase 4.965ms
[60.830s][info][gc,phases,start] GC(479) Summary Phase
[60.830s][info][gc,phases      ] GC(479) Summary Phase 0.010ms
[60.830s][info][gc,phases,start] GC(479) Adjust Roots
[60.832s][info][gc,phases      ] GC(479) Adjust Roots 2.846ms
[60.832s][info][gc,phases,start] GC(479) Compaction Phase
[60.834s][info][gc,phases      ] GC(479) Compaction Phase 1.543ms
[60.834s][info][gc,phases,start] GC(479) Post Compact
[60.835s][info][gc,phases      ] GC(479) Post Compact 0.825ms
[60.835s][info][gc,heap        ] GC(479) PSYoungGen: 128K(251904K)->0K(251904K) Eden: 0K(160256K)->0K(160256K) From: 128K(91648K)->0K(91648K)
[60.835s][info][gc,heap        ] GC(479) ParOldGen: 192770K(699392K)->5665K(699392K)
[60.835s][info][gc,metaspace   ] GC(479) Metaspace: 16141K(16384K)->16141K(16384K) NonClass: 13946K(14080K)->13946K(14080K) Class: 2195K(2304K)->2195K(2304K)
[60.835s][info][gc             ] GC(479) Pause Full (System.gc()) 188M->5M(929M) 10.461ms
[60.835s][info][gc,cpu         ] GC(479) User=0.00s Sys=0.00s Real=0.02s
[60.970s][info][gc,start       ] GC(480) Pause Young (Allocation Failure)
[61.006s][info][gc,heap        ] GC(480) PSYoungGen: 160256K(251904K)->63009K(247296K) Eden: 160256K(160256K)->0K(154624K) From: 0K(91648K)->63009K(92672K)
[61.006s][info][gc,heap        ] GC(480) ParOldGen: 5665K(699392K)->5665K(699392K)
[61.006s][info][gc,metaspace   ] GC(480) Metaspace: 16141K(16384K)->16141K(16384K) NonClass: 13946K(14080K)->13946K(14080K) Class: 2195K(2304K)->2195K(2304K)
[61.006s][info][gc             ] GC(480) Pause Young (Allocation Failure) 162M->67M(924M) 35.531ms
[61.006s][info][gc,cpu         ] GC(480) User=0.19s Sys=0.00s Real=0.05s
[61.143s][info][gc,start       ] GC(481) Pause Young (Allocation Failure)
[61.210s][info][gc,heap        ] GC(481) PSYoungGen: 217633K(247296K)->65684K(220672K) Eden: 154624K(154624K)->0K(154624K) From: 63009K(92672K)->65684K(66048K)
[61.210s][info][gc,heap        ] GC(481) ParOldGen: 5665K(699392K)->60065K(699392K)
[61.210s][info][gc,metaspace   ] GC(481) Metaspace: 16141K(16384K)->16141K(16384K) NonClass: 13946K(14080K)->13946K(14080K) Class: 2195K(2304K)->2195K(2304K)
[61.210s][info][gc             ] GC(481) Pause Young (Allocation Failure) 218M->122M(898M) 67.268ms
[61.210s][info][gc,cpu         ] GC(481) User=0.38s Sys=0.00s Real=0.07s
[61.349s][info][gc,start       ] GC(482) Pause Young (Allocation Failure)
[61.422s][info][gc,heap        ] GC(482) PSYoungGen: 215899K(220672K)->52757K(248832K) Eden: 150214K(154624K)->0K(146944K) From: 65684K(66048K)->52757K(101888K)
[61.422s][info][gc,heap        ] GC(482) ParOldGen: 60065K(699392K)->129142K(699392K)
[61.422s][info][gc,metaspace   ] GC(482) Metaspace: 16141K(16384K)->16141K(16384K) NonClass: 13946K(14080K)->13946K(14080K) Class: 2195K(2304K)->2195K(2304K)
[61.422s][info][gc             ] GC(482) Pause Young (Allocation Failure) 269M->177M(926M) 73.068ms
[61.422s][info][gc,cpu         ] GC(482) User=0.41s Sys=0.00s Real=0.07s
[61.538s][info][gc,start       ] GC(483) Pause Young (Allocation Failure)
[61.588s][info][gc,heap        ] GC(483) PSYoungGen: 199218K(248832K)->28668K(247296K) Eden: 146460K(146944K)->0K(146944K) From: 52757K(101888K)->28668K(100352K)
[61.588s][info][gc,heap        ] GC(483) ParOldGen: 129142K(699392K)->181772K(699392K)
[61.588s][info][gc,metaspace   ] GC(483) Metaspace: 16141K(16384K)->16141K(16384K) NonClass: 13946K(14080K)->13946K(14080K) Class: 2195K(2304K)->2195K(2304K)
[61.588s][info][gc             ] GC(483) Pause Young (Allocation Failure) 320M->205M(924M) 49.353ms
[61.588s][info][gc,cpu         ] GC(483) User=0.28s Sys=0.00s Real=0.05s
[61.658s][info][gc,start       ] GC(484) Pause Young (Allocation Failure)
[61.670s][info][gc,heap        ] GC(484) PSYoungGen: 175612K(247296K)->18592K(254464K) Eden: 146944K(146944K)->0K(157696K) From: 28668K(100352K)->18592K(96768K)
[61.670s][info][gc,heap        ] GC(484) ParOldGen: 181772K(699392K)->199647K(699392K)
[61.670s][info][gc,metaspace   ] GC(484) Metaspace: 16141K(16384K)->16141K(16384K) NonClass: 13946K(14080K)->13946K(14080K) Class: 2195K(2304K)->2195K(2304K)
[61.670s][info][gc             ] GC(484) Pause Young (Allocation Failure) 349M->213M(931M) 11.449ms
[61.670s][info][gc,cpu         ] GC(484) User=0.08s Sys=0.00s Real=0.01s
[61.749s][info][gc,start       ] GC(485) Pause Young (Allocation Failure)
[61.755s][info][gc,heap        ] GC(485) PSYoungGen: 176288K(254464K)->37024K(252416K) Eden: 157696K(157696K)->0K(157696K) From: 18592K(96768K)->37024K(94720K)
[61.755s][info][gc,heap        ] GC(485) ParOldGen: 199647K(699392K)->199647K(699392K)
[61.755s][info][gc,metaspace   ] GC(485) Metaspace: 16141K(16384K)->16141K(16384K) NonClass: 13946K(14080K)->13946K(14080K) Class: 2195K(2304K)->2195K(2304K)
[61.755s][info][gc             ] GC(485) Pause Young (Allocation Failure) 367M->231M(929M) 6.253ms
[61.755s][info][gc,cpu         ] GC(485) User=0.00s Sys=0.00s Real=0.01s
[61.784s][info][gc,start       ] GC(486) Pause Young (System.gc())
[61.784s][info][gc,heap        ] GC(486) PSYoungGen: 66487K(252416K)->192K(257024K) Eden: 29463K(157696K)->0K(167936K) From: 37024K(94720K)->192K(89088K)
[61.784s][info][gc,heap        ] GC(486) ParOldGen: 199647K(699392K)->199647K(699392K)
[61.784s][info][gc,metaspace   ] GC(486) Metaspace: 16141K(16384K)->16141K(16384K) NonClass: 13946K(14080K)->13946K(14080K) Class: 2195K(2304K)->2195K(2304K)
[61.784s][info][gc             ] GC(486) Pause Young (System.gc()) 259M->195M(934M) 0.366ms
[61.784s][info][gc,cpu         ] GC(486) User=0.00s Sys=0.00s Real=0.00s
[61.784s][info][gc,start       ] GC(487) Pause Full (System.gc())
[61.784s][info][gc,phases,start] GC(487) Marking Phase
[61.789s][info][gc,phases      ] GC(487) Marking Phase 4.939ms
[61.789s][info][gc,phases,start] GC(487) Summary Phase
[61.789s][info][gc,phases      ] GC(487) Summary Phase 0.011ms
[61.789s][info][gc,phases,start] GC(487) Adjust Roots
[61.792s][info][gc,phases      ] GC(487) Adjust Roots 2.975ms
[61.792s][info][gc,phases,start] GC(487) Compaction Phase
[61.794s][info][gc,phases      ] GC(487) Compaction Phase 1.354ms
[61.794s][info][gc,phases,start] GC(487) Post Compact
[61.794s][info][gc,phases      ] GC(487) Post Compact 0.650ms
[61.795s][info][gc,heap        ] GC(487) PSYoungGen: 192K(257024K)->0K(257024K) Eden: 0K(167936K)->0K(167936K) From: 192K(89088K)->0K(89088K)
[61.795s][info][gc,heap        ] GC(487) ParOldGen: 199647K(699392K)->5665K(699392K)
[61.795s][info][gc,metaspace   ] GC(487) Metaspace: 16141K(16384K)->16141K(16384K) NonClass: 13946K(14080K)->13946K(14080K) Class: 2195K(2304K)->2195K(2304K)
[61.795s][info][gc             ] GC(487) Pause Full (System.gc()) 195M->5M(934M) 10.168ms
[61.795s][info][gc,cpu         ] GC(487) User=0.02s Sys=0.00s Real=0.01s
[61.933s][info][gc,start       ] GC(488) Pause Young (Allocation Failure)
[61.970s][info][gc,heap        ] GC(488) PSYoungGen: 167936K(257024K)->65758K(233984K) Eden: 167936K(167936K)->0K(167936K) From: 0K(89088K)->65758K(66048K)
[61.970s][info][gc,heap        ] GC(488) ParOldGen: 5665K(699392K)->5665K(699392K)
[61.970s][info][gc,metaspace   ] GC(488) Metaspace: 16141K(16384K)->16141K(16384K) NonClass: 13946K(14080K)->13946K(14080K) Class: 2195K(2304K)->2195K(2304K)
[61.970s][info][gc             ] GC(488) Pause Young (Allocation Failure) 169M->69M(911M) 37.471ms
[61.970s][info][gc,cpu         ] GC(488) User=0.19s Sys=0.00s Real=0.04s
[62.117s][info][gc,start       ] GC(489) Pause Young (Allocation Failure)
[62.188s][info][gc,heap        ] GC(489) PSYoungGen: 233694K(233984K)->70290K(240128K) Eden: 167936K(167936K)->0K(143360K) From: 65758K(66048K)->70290K(96768K)
[62.188s][info][gc,heap        ] GC(489) ParOldGen: 5665K(699392K)->62745K(699392K)
[62.188s][info][gc,metaspace   ] GC(489) Metaspace: 16141K(16384K)->16141K(16384K) NonClass: 13946K(14080K)->13946K(14080K) Class: 2195K(2304K)->2195K(2304K)
[62.188s][info][gc             ] GC(489) Pause Young (Allocation Failure) 233M->129M(917M) 71.280ms
[62.188s][info][gc,cpu         ] GC(489) User=0.45s Sys=0.00s Real=0.08s
[62.308s][info][gc,start       ] GC(490) Pause Young (Allocation Failure)
[62.380s][info][gc,heap        ] GC(490) PSYoungGen: 208111K(240128K)->54723K(246272K) Eden: 137820K(143360K)->0K(143360K) From: 70290K(96768K)->54723K(102912K)
[62.380s][info][gc,heap        ] GC(490) ParOldGen: 62745K(699392K)->130271K(699392K)
[62.380s][info][gc,metaspace   ] GC(490) Metaspace: 16141K(16384K)->16141K(16384K) NonClass: 13946K(14080K)->13946K(14080K) Class: 2195K(2304K)->2195K(2304K)
[62.380s][info][gc             ] GC(490) Pause Young (Allocation Failure) 264M->180M(923M) 72.330ms
[62.380s][info][gc,cpu         ] GC(490) User=0.34s Sys=0.00s Real=0.08s
[62.545s][info][gc,start       ] GC(491) Pause Young (Allocation Failure)
[62.580s][info][gc,heap        ] GC(491) PSYoungGen: 198083K(246272K)->25608K(250368K) Eden: 143360K(143360K)->0K(148480K) From: 54723K(102912K)->25608K(101888K)
[62.580s][info][gc,heap        ] GC(491) ParOldGen: 130271K(699392K)->174928K(699392K)
[62.580s][info][gc,metaspace   ] GC(491) Metaspace: 16141K(16384K)->16141K(16384K) NonClass: 13946K(14080K)->13946K(14080K) Class: 2195K(2304K)->2195K(2304K)
[62.580s][info][gc             ] GC(491) Pause Young (Allocation Failure) 320M->195M(927M) 34.623ms
[62.580s][info][gc,cpu         ] GC(491) User=0.19s Sys=0.00s Real=0.03s
[62.664s][info][gc,start       ] GC(492) Pause Young (Allocation Failure)
[62.676s][info][gc,heap        ] GC(492) PSYoungGen: 174088K(250368K)->18592K(247296K) Eden: 148480K(148480K)->0K(148480K) From: 25608K(101888K)->18592K(98816K)
[62.676s][info][gc,heap        ] GC(492) ParOldGen: 174928K(699392K)->192779K(699392K)
[62.676s][info][gc,metaspace   ] GC(492) Metaspace: 16141K(16384K)->16141K(16384K) NonClass: 13946K(14080K)->13946K(14080K) Class: 2195K(2304K)->2195K(2304K)
[62.676s][info][gc             ] GC(492) Pause Young (Allocation Failure) 340M->206M(924M) 11.559ms
[62.676s][info][gc,cpu         ] GC(492) User=0.09s Sys=0.00s Real=0.01s
[62.759s][info][gc,start       ] GC(493) Pause Young (Allocation Failure)
[62.764s][info][gc,heap        ] GC(493) PSYoungGen: 167072K(247296K)->37024K(258048K) Eden: 148480K(148480K)->0K(161280K) From: 18592K(98816K)->37024K(96768K)
[62.764s][info][gc,heap        ] GC(493) ParOldGen: 192779K(699392K)->192779K(699392K)
[62.764s][info][gc,metaspace   ] GC(493) Metaspace: 16141K(16384K)->16141K(16384K) NonClass: 13946K(14080K)->13946K(14080K) Class: 2195K(2304K)->2195K(2304K)
[62.764s][info][gc             ] GC(493) Pause Young (Allocation Failure) 351M->224M(935M) 5.471ms
[62.764s][info][gc,cpu         ] GC(493) User=0.09s Sys=0.00s Real=0.01s
[62.803s][info][gc,start       ] GC(494) Pause Young (System.gc())
[62.803s][info][gc,heap        ] GC(494) PSYoungGen: 74209K(258048K)->160K(252416K) Eden: 37185K(161280K)->0K(161280K) From: 37024K(96768K)->160K(91136K)
[62.803s][info][gc,heap        ] GC(494) ParOldGen: 192779K(699392K)->192779K(699392K)
[62.803s][info][gc,metaspace   ] GC(494) Metaspace: 16141K(16384K)->16141K(16384K) NonClass: 13946K(14080K)->13946K(14080K) Class: 2195K(2304K)->2195K(2304K)
[62.803s][info][gc             ] GC(494) Pause Young (System.gc()) 260M->188M(929M) 0.493ms
[62.803s][info][gc,cpu         ] GC(494) User=0.00s Sys=0.00s Real=0.00s
[62.803s][info][gc,start       ] GC(495) Pause Full (System.gc())
[62.803s][info][gc,phases,start] GC(495) Marking Phase
[62.808s][info][gc,phases      ] GC(495) Marking Phase 4.639ms
[62.808s][info][gc,phases,start] GC(495) Summary Phase
[62.808s][info][gc,phases      ] GC(495) Summary Phase 0.010ms
[62.808s][info][gc,phases,start] GC(495) Adjust Roots
[62.810s][info][gc,phases      ] GC(495) Adjust Roots 2.201ms
[62.810s][info][gc,phases,start] GC(495) Compaction Phase
[62.812s][info][gc,phases      ] GC(495) Compaction Phase 1.590ms
[62.812s][info][gc,phases,start] GC(495) Post Compact
[62.812s][info][gc,phases      ] GC(495) Post Compact 0.736ms
[62.813s][info][gc,heap        ] GC(495) PSYoungGen: 160K(252416K)->0K(252416K) Eden: 0K(161280K)->0K(161280K) From: 160K(91136K)->0K(91136K)
[62.813s][info][gc,heap        ] GC(495) ParOldGen: 192779K(699392K)->5666K(699392K)
[62.813s][info][gc,metaspace   ] GC(495) Metaspace: 16141K(16384K)->16141K(16384K) NonClass: 13946K(14080K)->13946K(14080K) Class: 2195K(2304K)->2195K(2304K)
[62.813s][info][gc             ] GC(495) Pause Full (System.gc()) 188M->5M(929M) 9.444ms
[62.813s][info][gc,cpu         ] GC(495) User=0.02s Sys=0.00s Real=0.00s
[62.946s][info][gc,start       ] GC(496) Pause Young (Allocation Failure)
[62.981s][info][gc,heap        ] GC(496) PSYoungGen: 161280K(252416K)->63342K(246784K) Eden: 161280K(161280K)->0K(154624K) From: 0K(91136K)->63342K(92160K)
[62.981s][info][gc,heap        ] GC(496) ParOldGen: 5666K(699392K)->5666K(699392K)
[62.981s][info][gc,metaspace   ] GC(496) Metaspace: 16141K(16384K)->16141K(16384K) NonClass: 13946K(14080K)->13946K(14080K) Class: 2195K(2304K)->2195K(2304K)
[62.981s][info][gc             ] GC(496) Pause Young (Allocation Failure) 163M->67M(924M) 35.920ms
[62.981s][info][gc,cpu         ] GC(496) User=0.27s Sys=0.00s Real=0.04s
[63.118s][info][gc,start       ] GC(497) Pause Young (Allocation Failure)
[63.185s][info][gc,heap        ] GC(497) PSYoungGen: 217966K(246784K)->65671K(220672K) Eden: 154624K(154624K)->0K(154624K) From: 63342K(92160K)->65671K(66048K)
[63.185s][info][gc,heap        ] GC(497) ParOldGen: 5666K(699392K)->60457K(699392K)
[63.185s][info][gc,metaspace   ] GC(497) Metaspace: 16141K(16384K)->16141K(16384K) NonClass: 13946K(14080K)->13946K(14080K) Class: 2195K(2304K)->2195K(2304K)
[63.185s][info][gc             ] GC(497) Pause Young (Allocation Failure) 218M->123M(898M) 66.564ms
[63.185s][info][gc,cpu         ] GC(497) User=0.47s Sys=0.00s Real=0.06s
[63.320s][info][gc,start       ] GC(498) Pause Young (Allocation Failure)
[63.393s][info][gc,heap        ] GC(498) PSYoungGen: 213611K(220672K)->52380K(248832K) Eden: 147939K(154624K)->0K(146944K) From: 65671K(66048K)->52380K(101888K)
[63.393s][info][gc,heap        ] GC(498) ParOldGen: 60457K(699392K)->129526K(699392K)
[63.393s][info][gc,metaspace   ] GC(498) Metaspace: 16141K(16384K)->16141K(16384K) NonClass: 13946K(14080K)->13946K(14080K) Class: 2195K(2304K)->2195K(2304K)
[63.393s][info][gc             ] GC(498) Pause Young (Allocation Failure) 267M->177M(926M) 72.474ms
[63.393s][info][gc,cpu         ] GC(498) User=0.41s Sys=0.00s Real=0.08s
[63.512s][info][gc,start       ] GC(499) Pause Young (Allocation Failure)
[63.561s][info][gc,heap        ] GC(499) PSYoungGen: 198859K(248832K)->28077K(247296K) Eden: 146478K(146944K)->0K(146944K) From: 52380K(101888K)->28077K(100352K)
[63.561s][info][gc,heap        ] GC(499) ParOldGen: 129526K(699392K)->181768K(699392K)
[63.561s][info][gc,metaspace   ] GC(499) Metaspace: 16141K(16384K)->16141K(16384K) NonClass: 13946K(14080K)->13946K(14080K) Class: 2195K(2304K)->2195K(2304K)
[63.561s][info][gc             ] GC(499) Pause Young (Allocation Failure) 320M->204M(924M) 48.465ms
[63.561s][info][gc,cpu         ] GC(499) User=0.28s Sys=0.00s Real=0.05s
[63.636s][info][gc,start       ] GC(500) Pause Young (Allocation Failure)
[63.648s][info][gc,heap        ] GC(500) PSYoungGen: 175021K(247296K)->18624K(254464K) Eden: 146944K(146944K)->0K(157696K) From: 28077K(100352K)->18624K(96768K)
[63.648s][info][gc,heap        ] GC(500) ParOldGen: 181768K(699392K)->199600K(699392K)
[63.648s][info][gc,metaspace   ] GC(500) Metaspace: 16141K(16384K)->16141K(16384K) NonClass: 13946K(14080K)->13946K(14080K) Class: 2195K(2304K)->2195K(2304K)
[63.648s][info][gc             ] GC(500) Pause Young (Allocation Failure) 348M->213M(931M) 11.833ms
[63.648s][info][gc,cpu         ] GC(500) User=0.00s Sys=0.00s Real=0.01s
[63.728s][info][gc,start       ] GC(501) Pause Young (Allocation Failure)
[63.735s][info][gc,heap        ] GC(501) PSYoungGen: 176320K(254464K)->36992K(252416K) Eden: 157696K(157696K)->0K(157696K) From: 18624K(96768K)->36992K(94720K)
[63.735s][info][gc,heap        ] GC(501) ParOldGen: 199600K(699392K)->199600K(699392K)
[63.735s][info][gc,metaspace   ] GC(501) Metaspace: 16141K(16384K)->16141K(16384K) NonClass: 13946K(14080K)->13946K(14080K) Class: 2195K(2304K)->2195K(2304K)
[63.735s][info][gc             ] GC(501) Pause Young (Allocation Failure) 367M->231M(929M) 6.866ms
[63.735s][info][gc,cpu         ] GC(501) User=0.08s Sys=0.00s Real=0.01s
[63.765s][info][gc,start       ] GC(502) Pause Young (System.gc())
[63.766s][info][gc,heap        ] GC(502) PSYoungGen: 66440K(252416K)->96K(258048K) Eden: 29448K(157696K)->0K(168960K) From: 36992K(94720K)->96K(89088K)
[63.766s][info][gc,heap        ] GC(502) ParOldGen: 199600K(699392K)->199600K(699392K)
[63.766s][info][gc,metaspace   ] GC(502) Metaspace: 16141K(16384K)->16141K(16384K) NonClass: 13946K(14080K)->13946K(14080K) Class: 2195K(2304K)->2195K(2304K)
[63.766s][info][gc             ] GC(502) Pause Young (System.gc()) 259M->195M(935M) 0.620ms
[63.766s][info][gc,cpu         ] GC(502) User=0.00s Sys=0.00s Real=0.00s
[63.766s][info][gc,start       ] GC(503) Pause Full (System.gc())
[63.766s][info][gc,phases,start] GC(503) Marking Phase
[63.770s][info][gc,phases      ] GC(503) Marking Phase 4.616ms
[63.770s][info][gc,phases,start] GC(503) Summary Phase
[63.770s][info][gc,phases      ] GC(503) Summary Phase 0.022ms
[63.770s][info][gc,phases,start] GC(503) Adjust Roots
[63.773s][info][gc,phases      ] GC(503) Adjust Roots 3.015ms
[63.774s][info][gc,phases,start] GC(503) Compaction Phase
[63.775s][info][gc,phases      ] GC(503) Compaction Phase 1.225ms
[63.775s][info][gc,phases,start] GC(503) Post Compact
[63.776s][info][gc,phases      ] GC(503) Post Compact 0.752ms
[63.776s][info][gc,heap        ] GC(503) PSYoungGen: 96K(258048K)->0K(258048K) Eden: 0K(168960K)->0K(168960K) From: 96K(89088K)->0K(89088K)
[63.776s][info][gc,heap        ] GC(503) ParOldGen: 199600K(699392K)->5665K(699392K)
[63.776s][info][gc,metaspace   ] GC(503) Metaspace: 16141K(16384K)->16141K(16384K) NonClass: 13946K(14080K)->13946K(14080K) Class: 2195K(2304K)->2195K(2304K)
[63.776s][info][gc             ] GC(503) Pause Full (System.gc()) 195M->5M(935M) 9.866ms
[63.776s][info][gc,cpu         ] GC(503) User=0.00s Sys=0.00s Real=0.02s
[63.917s][info][gc,start       ] GC(504) Pause Young (Allocation Failure)
[63.955s][info][gc,heap        ] GC(504) PSYoungGen: 168960K(258048K)->66122K(235520K) Eden: 168960K(168960K)->0K(168960K) From: 0K(89088K)->66122K(66560K)
[63.955s][info][gc,heap        ] GC(504) ParOldGen: 5665K(699392K)->5665K(699392K)
[63.955s][info][gc,metaspace   ] GC(504) Metaspace: 16141K(16384K)->16141K(16384K) NonClass: 13946K(14080K)->13946K(14080K) Class: 2195K(2304K)->2195K(2304K)
[63.955s][info][gc             ] GC(504) Pause Young (Allocation Failure) 170M->70M(913M) 37.356ms
[63.955s][info][gc,cpu         ] GC(504) User=0.19s Sys=0.00s Real=0.04s
[64.104s][info][gc,start       ] GC(505) Pause Young (Allocation Failure)
[64.177s][info][gc,heap        ] GC(505) PSYoungGen: 235082K(235520K)->70636K(240128K) Eden: 168960K(168960K)->0K(143360K) From: 66122K(66560K)->70636K(96768K)
[64.177s][info][gc,heap        ] GC(505) ParOldGen: 5665K(699392K)->63093K(699392K)
[64.177s][info][gc,metaspace   ] GC(505) Metaspace: 16141K(16384K)->16141K(16384K) NonClass: 13946K(14080K)->13946K(14080K) Class: 2195K(2304K)->2195K(2304K)
[64.177s][info][gc             ] GC(505) Pause Young (Allocation Failure) 235M->130M(917M) 72.908ms
[64.177s][info][gc,cpu         ] GC(505) User=0.47s Sys=0.00s Real=0.09s
[64.295s][info][gc,start       ] GC(506) Pause Young (Allocation Failure)
[64.366s][info][gc,heap        ] GC(506) PSYoungGen: 212481K(240128K)->60111K(203776K) Eden: 141844K(143360K)->0K(143360K) From: 70636K(96768K)->60111K(60416K)
[64.366s][info][gc,heap        ] GC(506) ParOldGen: 63093K(699392K)->124838K(699392K)
[64.366s][info][gc,metaspace   ] GC(506) Metaspace: 16141K(16384K)->16141K(16384K) NonClass: 13946K(14080K)->13946K(14080K) Class: 2195K(2304K)->2195K(2304K)
[64.366s][info][gc             ] GC(506) Pause Young (Allocation Failure) 269M->180M(882M) 71.643ms
[64.366s][info][gc,cpu         ] GC(506) User=0.36s Sys=0.02s Real=0.07s
[64.491s][info][gc,start       ] GC(507) Pause Young (Allocation Failure)
[64.525s][info][gc,heap        ] GC(507) PSYoungGen: 203471K(203776K)->26419K(248320K) Eden: 143360K(143360K)->0K(144384K) From: 60111K(60416K)->26419K(103936K)
[64.525s][info][gc,heap        ] GC(507) ParOldGen: 124838K(699392K)->168740K(699392K)
[64.525s][info][gc,metaspace   ] GC(507) Metaspace: 16141K(16384K)->16141K(16384K) NonClass: 13946K(14080K)->13946K(14080K) Class: 2195K(2304K)->2195K(2304K)
[64.525s][info][gc             ] GC(507) Pause Young (Allocation Failure) 320M->190M(925M) 34.844ms
[64.525s][info][gc,cpu         ] GC(507) User=0.19s Sys=0.00s Real=0.03s
[64.604s][info][gc,start       ] GC(508) Pause Young (Allocation Failure)
[64.616s][info][gc,heap        ] GC(508) PSYoungGen: 170803K(248320K)->18624K(245248K) Eden: 144384K(144384K)->0K(144384K) From: 26419K(103936K)->18624K(100864K)
[64.616s][info][gc,heap        ] GC(508) ParOldGen: 168740K(699392K)->186600K(699392K)
[64.616s][info][gc,metaspace   ] GC(508) Metaspace: 16141K(16384K)->16141K(16384K) NonClass: 13946K(14080K)->13946K(14080K) Class: 2195K(2304K)->2195K(2304K)
[64.616s][info][gc             ] GC(508) Pause Young (Allocation Failure) 331M->200M(922M) 11.597ms
[64.616s][info][gc,cpu         ] GC(508) User=0.00s Sys=0.00s Real=0.01s
[64.687s][info][gc,start       ] GC(509) Pause Young (Allocation Failure)
[64.692s][info][gc,heap        ] GC(509) PSYoungGen: 163008K(245248K)->37024K(256512K) Eden: 144384K(144384K)->0K(158208K) From: 18624K(100864K)->37024K(98304K)
[64.692s][info][gc,heap        ] GC(509) ParOldGen: 186600K(699392K)->186600K(699392K)
[64.692s][info][gc,metaspace   ] GC(509) Metaspace: 16141K(16384K)->16141K(16384K) NonClass: 13946K(14080K)->13946K(14080K) Class: 2195K(2304K)->2195K(2304K)
[64.692s][info][gc             ] GC(509) Pause Young (Allocation Failure) 341M->218M(933M) 5.245ms
[64.692s][info][gc,cpu         ] GC(509) User=0.00s Sys=0.00s Real=0.01s
[64.749s][info][gc,start       ] GC(510) Pause Young (System.gc())
[64.749s][info][gc,heap        ] GC(510) PSYoungGen: 77297K(256512K)->128K(250880K) Eden: 40273K(158208K)->0K(158208K) From: 37024K(98304K)->128K(92672K)
[64.749s][info][gc,heap        ] GC(510) ParOldGen: 186600K(699392K)->186600K(699392K)
[64.749s][info][gc,metaspace   ] GC(510) Metaspace: 16141K(16384K)->16141K(16384K) NonClass: 13946K(14080K)->13946K(14080K) Class: 2195K(2304K)->2195K(2304K)
[64.749s][info][gc             ] GC(510) Pause Young (System.gc()) 257M->182M(928M) 0.488ms
[64.749s][info][gc,cpu         ] GC(510) User=0.00s Sys=0.00s Real=0.00s
[64.749s][info][gc,start       ] GC(511) Pause Full (System.gc())
[64.749s][info][gc,phases,start] GC(511) Marking Phase
[64.754s][info][gc,phases      ] GC(511) Marking Phase 4.957ms
[64.754s][info][gc,phases,start] GC(511) Summary Phase
[64.754s][info][gc,phases      ] GC(511) Summary Phase 0.009ms
[64.754s][info][gc,phases,start] GC(511) Adjust Roots
[64.756s][info][gc,phases      ] GC(511) Adjust Roots 2.177ms
[64.756s][info][gc,phases,start] GC(511) Compaction Phase
[64.758s][info][gc,phases      ] GC(511) Compaction Phase 1.993ms
[64.759s][info][gc,phases,start] GC(511) Post Compact
[64.759s][info][gc,phases      ] GC(511) Post Compact 0.608ms
[64.759s][info][gc,heap        ] GC(511) PSYoungGen: 128K(250880K)->0K(250880K) Eden: 0K(158208K)->0K(158208K) From: 128K(92672K)->0K(92672K)
[64.759s][info][gc,heap        ] GC(511) ParOldGen: 186600K(699392K)->5665K(699392K)
[64.759s][info][gc,metaspace   ] GC(511) Metaspace: 16141K(16384K)->16141K(16384K) NonClass: 13946K(14080K)->13946K(14080K) Class: 2195K(2304K)->2195K(2304K)
[64.759s][info][gc             ] GC(511) Pause Full (System.gc()) 182M->5M(928M) 10.000ms
[64.759s][info][gc,cpu         ] GC(511) User=0.00s Sys=0.00s Real=0.01s
[64.891s][info][gc,start       ] GC(512) Pause Young (Allocation Failure)
[64.925s][info][gc,heap        ] GC(512) PSYoungGen: 158208K(250880K)->62291K(246272K) Eden: 158208K(158208K)->0K(152576K) From: 0K(92672K)->62291K(93696K)
[64.925s][info][gc,heap        ] GC(512) ParOldGen: 5665K(699392K)->5665K(699392K)
[64.925s][info][gc,metaspace   ] GC(512) Metaspace: 16141K(16384K)->16141K(16384K) NonClass: 13946K(14080K)->13946K(14080K) Class: 2195K(2304K)->2195K(2304K)
[64.925s][info][gc             ] GC(512) Pause Young (Allocation Failure) 160M->66M(923M) 34.831ms
[64.925s][info][gc,cpu         ] GC(512) User=0.19s Sys=0.00s Real=0.04s
[65.061s][info][gc,start       ] GC(513) Pause Young (Allocation Failure)
[65.128s][info][gc,heap        ] GC(513) PSYoungGen: 214867K(246272K)->64973K(217600K) Eden: 152576K(152576K)->0K(152576K) From: 62291K(93696K)->64973K(65024K)
[65.128s][info][gc,heap        ] GC(513) ParOldGen: 5665K(699392K)->59382K(699392K)
[65.128s][info][gc,metaspace   ] GC(513) Metaspace: 16141K(16384K)->16141K(16384K) NonClass: 13946K(14080K)->13946K(14080K) Class: 2195K(2304K)->2195K(2304K)
[65.128s][info][gc             ] GC(513) Pause Young (Allocation Failure) 215M->121M(895M) 66.624ms
[65.128s][info][gc,cpu         ] GC(513) User=0.38s Sys=0.00s Real=0.07s
[65.269s][info][gc,start       ] GC(514) Pause Young (Allocation Failure)
[65.341s][info][gc,heap        ] GC(514) PSYoungGen: 217549K(217600K)->54174K(247808K) Eden: 152576K(152576K)->0K(145408K) From: 64973K(65024K)->54174K(102400K)
[65.341s][info][gc,heap        ] GC(514) ParOldGen: 59382K(699392K)->127760K(699392K)
[65.342s][info][gc,metaspace   ] GC(514) Metaspace: 16141K(16384K)->16141K(16384K) NonClass: 13946K(14080K)->13946K(14080K) Class: 2195K(2304K)->2195K(2304K)
[65.342s][info][gc             ] GC(514) Pause Young (Allocation Failure) 270M->177M(925M) 72.697ms
[65.342s][info][gc,cpu         ] GC(514) User=0.41s Sys=0.00s Real=0.08s
[65.467s][info][gc,start       ] GC(515) Pause Young (Allocation Failure)
[65.517s][info][gc,heap        ] GC(515) PSYoungGen: 199275K(247808K)->25094K(246784K) Eden: 145100K(145408K)->0K(145408K) From: 54174K(102400K)->25094K(101376K)
[65.517s][info][gc,heap        ] GC(515) ParOldGen: 127760K(699392K)->181796K(699392K)
[65.517s][info][gc,metaspace   ] GC(515) Metaspace: 16141K(16384K)->16141K(16384K) NonClass: 13946K(14080K)->13946K(14080K) Class: 2195K(2304K)->2195K(2304K)
[65.517s][info][gc             ] GC(515) Pause Young (Allocation Failure) 319M->202M(924M) 49.835ms
[65.517s][info][gc,cpu         ] GC(515) User=0.27s Sys=0.00s Real=0.05s
[65.601s][info][gc,start       ] GC(516) Pause Young (Allocation Failure)
[65.613s][info][gc,heap        ] GC(516) PSYoungGen: 170502K(246784K)->18592K(252928K) Eden: 145408K(145408K)->0K(154624K) From: 25094K(101376K)->18592K(98304K)
[65.613s][info][gc,heap        ] GC(516) ParOldGen: 181796K(699392K)->199655K(699392K)
[65.613s][info][gc,metaspace   ] GC(516) Metaspace: 16141K(16384K)->16141K(16384K) NonClass: 13946K(14080K)->13946K(14080K) Class: 2195K(2304K)->2195K(2304K)
[65.613s][info][gc             ] GC(516) Pause Young (Allocation Failure) 344M->213M(930M) 12.076ms
[65.613s][info][gc,cpu         ] GC(516) User=0.09s Sys=0.00s Real=0.01s
[65.696s][info][gc,start       ] GC(517) Pause Young (Allocation Failure)
[65.702s][info][gc,heap        ] GC(517) PSYoungGen: 173216K(252928K)->37024K(250880K) Eden: 154624K(154624K)->0K(154624K) From: 18592K(98304K)->37024K(96256K)
[65.702s][info][gc,heap        ] GC(517) ParOldGen: 199655K(699392K)->199655K(699392K)
[65.702s][info][gc,metaspace   ] GC(517) Metaspace: 16141K(16384K)->16141K(16384K) NonClass: 13946K(14080K)->13946K(14080K) Class: 2195K(2304K)->2195K(2304K)
[65.702s][info][gc             ] GC(517) Pause Young (Allocation Failure) 364M->231M(928M) 5.646ms
[65.702s][info][gc,cpu         ] GC(517) User=0.09s Sys=0.00s Real=0.01s
[65.751s][info][gc,start       ] GC(518) Pause Young (System.gc())
[65.752s][info][gc,heap        ] GC(518) PSYoungGen: 79384K(250880K)->160K(256512K) Eden: 42360K(154624K)->0K(165888K) From: 37024K(96256K)->160K(90624K)
[65.752s][info][gc,heap        ] GC(518) ParOldGen: 199655K(699392K)->199655K(699392K)
[65.752s][info][gc,metaspace   ] GC(518) Metaspace: 16141K(16384K)->16141K(16384K) NonClass: 13946K(14080K)->13946K(14080K) Class: 2195K(2304K)->2195K(2304K)
[65.752s][info][gc             ] GC(518) Pause Young (System.gc()) 272M->195M(933M) 0.513ms
[65.752s][info][gc,cpu         ] GC(518) User=0.00s Sys=0.00s Real=0.00s
[65.752s][info][gc,start       ] GC(519) Pause Full (System.gc())
[65.752s][info][gc,phases,start] GC(519) Marking Phase
[65.757s][info][gc,phases      ] GC(519) Marking Phase 4.918ms
[65.757s][info][gc,phases,start] GC(519) Summary Phase
[65.757s][info][gc,phases      ] GC(519) Summary Phase 0.010ms
[65.757s][info][gc,phases,start] GC(519) Adjust Roots
[65.759s][info][gc,phases      ] GC(519) Adjust Roots 2.163ms
[65.759s][info][gc,phases,start] GC(519) Compaction Phase
[65.761s][info][gc,phases      ] GC(519) Compaction Phase 1.896ms
[65.761s][info][gc,phases,start] GC(519) Post Compact
[65.762s][info][gc,phases      ] GC(519) Post Compact 0.844ms
[65.762s][info][gc,heap        ] GC(519) PSYoungGen: 160K(256512K)->0K(256512K) Eden: 0K(165888K)->0K(165888K) From: 160K(90624K)->0K(90624K)
[65.762s][info][gc,heap        ] GC(519) ParOldGen: 199655K(699392K)->5665K(699392K)
[65.762s][info][gc,metaspace   ] GC(519) Metaspace: 16141K(16384K)->16141K(16384K) NonClass: 13946K(14080K)->13946K(14080K) Class: 2195K(2304K)->2195K(2304K)
[65.762s][info][gc             ] GC(519) Pause Full (System.gc()) 195M->5M(933M) 10.130ms
[65.762s][info][gc,cpu         ] GC(519) User=0.03s Sys=0.00s Real=0.01s
[65.901s][info][gc,start       ] GC(520) Pause Young (Allocation Failure)
[65.938s][info][gc,heap        ] GC(520) PSYoungGen: 165888K(256512K)->65020K(230912K) Eden: 165888K(165888K)->0K(165888K) From: 0K(90624K)->65020K(65024K)
[65.940s][info][gc,heap        ] GC(520) ParOldGen: 5665K(699392K)->5665K(699392K)
[65.940s][info][gc,metaspace   ] GC(520) Metaspace: 16141K(16384K)->16141K(16384K) NonClass: 13946K(14080K)->13946K(14080K) Class: 2195K(2304K)->2195K(2304K)
[65.940s][info][gc             ] GC(520) Pause Young (Allocation Failure) 167M->69M(908M) 39.329ms
[65.940s][info][gc,cpu         ] GC(520) User=0.20s Sys=0.00s Real=0.05s
[66.087s][info][gc,start       ] GC(521) Pause Young (Allocation Failure)
[66.157s][info][gc,heap        ] GC(521) PSYoungGen: 230908K(230912K)->69483K(239616K) Eden: 165888K(165888K)->0K(142336K) From: 65020K(65024K)->69483K(97280K)
[66.157s][info][gc,heap        ] GC(521) ParOldGen: 5665K(699392K)->62022K(699392K)
[66.157s][info][gc,metaspace   ] GC(521) Metaspace: 16141K(16384K)->16141K(16384K) NonClass: 13946K(14080K)->13946K(14080K) Class: 2195K(2304K)->2195K(2304K)
[66.157s][info][gc             ] GC(521) Pause Young (Allocation Failure) 231M->128M(917M) 70.659ms
[66.157s][info][gc,cpu         ] GC(521) User=0.42s Sys=0.05s Real=0.07s
[66.281s][info][gc,start       ] GC(522) Pause Young (Allocation Failure)
[66.351s][info][gc,heap        ] GC(522) PSYoungGen: 210621K(239616K)->56061K(245760K) Eden: 141138K(142336K)->0K(142336K) From: 69483K(97280K)->56061K(103424K)
[66.351s][info][gc,heap        ] GC(522) ParOldGen: 62022K(699392K)->125757K(699392K)
[66.351s][info][gc,metaspace   ] GC(522) Metaspace: 16141K(16384K)->16141K(16384K) NonClass: 13946K(14080K)->13946K(14080K) Class: 2195K(2304K)->2195K(2304K)
[66.351s][info][gc             ] GC(522) Pause Young (Allocation Failure) 266M->177M(923M) 69.844ms
[66.351s][info][gc,cpu         ] GC(522) User=0.38s Sys=0.00s Real=0.08s
[66.476s][info][gc,start       ] GC(523) Pause Young (Allocation Failure)
[66.511s][info][gc,heap        ] GC(523) PSYoungGen: 198397K(245760K)->25822K(249856K) Eden: 142336K(142336K)->0K(146944K) From: 56061K(103424K)->25822K(102912K)
[66.511s][info][gc,heap        ] GC(523) ParOldGen: 125757K(699392K)->171767K(699392K)
[66.511s][info][gc,metaspace   ] GC(523) Metaspace: 16141K(16384K)->16141K(16384K) NonClass: 13946K(14080K)->13946K(14080K) Class: 2195K(2304K)->2195K(2304K)
[66.511s][info][gc             ] GC(523) Pause Young (Allocation Failure) 316M->192M(927M) 35.530ms
[66.511s][info][gc,cpu         ] GC(523) User=0.27s Sys=0.00s Real=0.04s
[66.592s][info][gc,start       ] GC(524) Pause Young (Allocation Failure)
[66.604s][info][gc,heap        ] GC(524) PSYoungGen: 172766K(249856K)->18624K(246272K) Eden: 146944K(146944K)->0K(146944K) From: 25822K(102912K)->18624K(99328K)
[66.604s][info][gc,heap        ] GC(524) ParOldGen: 171767K(699392K)->189630K(699392K)
[66.604s][info][gc,metaspace   ] GC(524) Metaspace: 16141K(16384K)->16141K(16384K) NonClass: 13946K(14080K)->13946K(14080K) Class: 2195K(2304K)->2195K(2304K)
[66.604s][info][gc             ] GC(524) Pause Young (Allocation Failure) 336M->203M(923M) 11.666ms
[66.604s][info][gc,cpu         ] GC(524) User=0.00s Sys=0.00s Real=0.01s
[66.681s][info][gc,start       ] GC(525) Pause Young (Allocation Failure)
[66.686s][info][gc,heap        ] GC(525) PSYoungGen: 165568K(246272K)->37024K(257536K) Eden: 146944K(146944K)->0K(160256K) From: 18624K(99328K)->37024K(97280K)
[66.686s][info][gc,heap        ] GC(525) ParOldGen: 189630K(699392K)->189630K(699392K)
[66.686s][info][gc,metaspace   ] GC(525) Metaspace: 16141K(16384K)->16141K(16384K) NonClass: 13946K(14080K)->13946K(14080K) Class: 2195K(2304K)->2195K(2304K)
[66.686s][info][gc             ] GC(525) Pause Young (Allocation Failure) 346M->221M(934M) 5.181ms
[66.686s][info][gc,cpu         ] GC(525) User=0.09s Sys=0.00s Real=0.01s
[66.734s][info][gc,start       ] GC(526) Pause Young (System.gc())
[66.735s][info][gc,heap        ] GC(526) PSYoungGen: 76362K(257536K)->128K(251904K) Eden: 39338K(160256K)->0K(160256K) From: 37024K(97280K)->128K(91648K)
[66.735s][info][gc,heap        ] GC(526) ParOldGen: 189630K(699392K)->189630K(699392K)
[66.735s][info][gc,metaspace   ] GC(526) Metaspace: 16141K(16384K)->16141K(16384K) NonClass: 13946K(14080K)->13946K(14080K) Class: 2195K(2304K)->2195K(2304K)
[66.735s][info][gc             ] GC(526) Pause Young (System.gc()) 259M->185M(929M) 0.396ms
[66.735s][info][gc,cpu         ] GC(526) User=0.00s Sys=0.00s Real=0.00s
[66.735s][info][gc,start       ] GC(527) Pause Full (System.gc())
[66.735s][info][gc,phases,start] GC(527) Marking Phase
[66.739s][info][gc,phases      ] GC(527) Marking Phase 4.616ms
[66.739s][info][gc,phases,start] GC(527) Summary Phase
[66.739s][info][gc,phases      ] GC(527) Summary Phase 0.010ms
[66.739s][info][gc,phases,start] GC(527) Adjust Roots
[66.743s][info][gc,phases      ] GC(527) Adjust Roots 3.270ms
[66.743s][info][gc,phases,start] GC(527) Compaction Phase
[66.744s][info][gc,phases      ] GC(527) Compaction Phase 1.245ms
[66.744s][info][gc,phases,start] GC(527) Post Compact
[66.745s][info][gc,phases      ] GC(527) Post Compact 0.834ms
[66.745s][info][gc,heap        ] GC(527) PSYoungGen: 128K(251904K)->0K(251904K) Eden: 0K(160256K)->0K(160256K) From: 128K(91648K)->0K(91648K)
[66.745s][info][gc,heap        ] GC(527) ParOldGen: 189630K(699392K)->5666K(699392K)
[66.745s][info][gc,metaspace   ] GC(527) Metaspace: 16141K(16384K)->16141K(16384K) NonClass: 13946K(14080K)->13946K(14080K) Class: 2195K(2304K)->2195K(2304K)
[66.745s][info][gc             ] GC(527) Pause Full (System.gc()) 185M->5M(929M) 10.232ms
[66.745s][info][gc,cpu         ] GC(527) User=0.00s Sys=0.00s Real=0.01s
[66.878s][info][gc,start       ] GC(528) Pause Young (Allocation Failure)
[66.913s][info][gc,heap        ] GC(528) PSYoungGen: 160256K(251904K)->63009K(247296K) Eden: 160256K(160256K)->0K(154624K) From: 0K(91648K)->63009K(92672K)
[66.913s][info][gc,heap        ] GC(528) ParOldGen: 5666K(699392K)->5666K(699392K)
[66.913s][info][gc,metaspace   ] GC(528) Metaspace: 16141K(16384K)->16141K(16384K) NonClass: 13946K(14080K)->13946K(14080K) Class: 2195K(2304K)->2195K(2304K)
[66.913s][info][gc             ] GC(528) Pause Young (Allocation Failure) 162M->67M(924M) 35.531ms
[66.913s][info][gc,cpu         ] GC(528) User=0.19s Sys=0.00s Real=0.03s
[67.052s][info][gc,start       ] GC(529) Pause Young (Allocation Failure)
[67.119s][info][gc,heap        ] GC(529) PSYoungGen: 217633K(247296K)->65620K(220672K) Eden: 154624K(154624K)->0K(154624K) From: 63009K(92672K)->65620K(66048K)
[67.119s][info][gc,heap        ] GC(529) ParOldGen: 5666K(699392K)->60081K(699392K)
[67.119s][info][gc,metaspace   ] GC(529) Metaspace: 16141K(16384K)->16141K(16384K) NonClass: 13946K(14080K)->13946K(14080K) Class: 2195K(2304K)->2195K(2304K)
[67.119s][info][gc             ] GC(529) Pause Young (Allocation Failure) 218M->122M(898M) 66.870ms
[67.119s][info][gc,cpu         ] GC(529) User=0.38s Sys=0.00s Real=0.07s
[67.260s][info][gc,start       ] GC(530) Pause Young (Allocation Failure)
[67.331s][info][gc,heap        ] GC(530) PSYoungGen: 215822K(220672K)->52745K(248832K) Eden: 150201K(154624K)->0K(146944K) From: 65620K(66048K)->52745K(101888K)
[67.332s][info][gc,heap        ] GC(530) ParOldGen: 60081K(699392K)->124574K(699392K)
[67.332s][info][gc,metaspace   ] GC(530) Metaspace: 16141K(16384K)->16141K(16384K) NonClass: 13946K(14080K)->13946K(14080K) Class: 2195K(2304K)->2195K(2304K)
[67.332s][info][gc             ] GC(530) Pause Young (Allocation Failure) 269M->173M(926M) 71.965ms
[67.332s][info][gc,cpu         ] GC(530) User=0.41s Sys=0.00s Real=0.08s
[67.455s][info][gc,start       ] GC(531) Pause Young (Allocation Failure)
[67.502s][info][gc,heap        ] GC(531) PSYoungGen: 199689K(248832K)->26342K(247296K) Eden: 146944K(146944K)->0K(146944K) From: 52745K(101888K)->26342K(100352K)
[67.502s][info][gc,heap        ] GC(531) ParOldGen: 124574K(699392K)->177172K(699392K)
[67.502s][info][gc,metaspace   ] GC(531) Metaspace: 16146K(16384K)->16146K(16384K) NonClass: 13950K(14080K)->13950K(14080K) Class: 2195K(2304K)->2195K(2304K)
[67.502s][info][gc             ] GC(531) Pause Young (Allocation Failure) 316M->198M(924M) 47.532ms
[67.502s][info][gc,cpu         ] GC(531) User=0.28s Sys=0.00s Real=0.05s
[67.581s][info][gc,start       ] GC(532) Pause Young (Allocation Failure)
[67.592s][info][gc,heap        ] GC(532) PSYoungGen: 173286K(247296K)->18624K(253952K) Eden: 146944K(146944K)->0K(156672K) From: 26342K(100352K)->18624K(97280K)
[67.592s][info][gc,heap        ] GC(532) ParOldGen: 177172K(699392K)->195020K(699392K)
[67.592s][info][gc,metaspace   ] GC(532) Metaspace: 16146K(16384K)->16146K(16384K) NonClass: 13950K(14080K)->13950K(14080K) Class: 2195K(2304K)->2195K(2304K)
[67.592s][info][gc             ] GC(532) Pause Young (Allocation Failure) 342M->208M(931M) 11.607ms
[67.592s][info][gc,cpu         ] GC(532) User=0.09s Sys=0.00s Real=0.01s
[67.672s][info][gc,start       ] GC(533) Pause Young (Allocation Failure)
[67.677s][info][gc,heap        ] GC(533) PSYoungGen: 175296K(253952K)->37056K(251904K) Eden: 156672K(156672K)->0K(156672K) From: 18624K(97280K)->37056K(95232K)
[67.677s][info][gc,heap        ] GC(533) ParOldGen: 195020K(699392K)->195020K(699392K)
[67.677s][info][gc,metaspace   ] GC(533) Metaspace: 16146K(16384K)->16146K(16384K) NonClass: 13950K(14080K)->13950K(14080K) Class: 2195K(2304K)->2195K(2304K)
[67.677s][info][gc             ] GC(533) Pause Young (Allocation Failure) 361M->226M(929M) 5.022ms
[67.677s][info][gc,cpu         ] GC(533) User=0.00s Sys=0.00s Real=0.01s
[67.719s][info][gc,start       ] GC(534) Pause Young (System.gc())
[67.719s][info][gc,heap        ] GC(534) PSYoungGen: 68077K(251904K)->192K(257536K) Eden: 31021K(156672K)->0K(167936K) From: 37056K(95232K)->192K(89600K)
[67.719s][info][gc,heap        ] GC(534) ParOldGen: 195020K(699392K)->195020K(699392K)
[67.719s][info][gc,metaspace   ] GC(534) Metaspace: 16146K(16384K)->16146K(16384K) NonClass: 13950K(14080K)->13950K(14080K) Class: 2195K(2304K)->2195K(2304K)
[67.719s][info][gc             ] GC(534) Pause Young (System.gc()) 256M->190M(934M) 0.694ms
[67.719s][info][gc,cpu         ] GC(534) User=0.00s Sys=0.00s Real=0.00s
[67.719s][info][gc,start       ] GC(535) Pause Full (System.gc())
[67.719s][info][gc,phases,start] GC(535) Marking Phase
[67.724s][info][gc,phases      ] GC(535) Marking Phase 5.034ms
[67.724s][info][gc,phases,start] GC(535) Summary Phase
[67.724s][info][gc,phases      ] GC(535) Summary Phase 0.010ms
[67.724s][info][gc,phases,start] GC(535) Adjust Roots
[67.727s][info][gc,phases      ] GC(535) Adjust Roots 2.707ms
[67.727s][info][gc,phases,start] GC(535) Compaction Phase
[67.729s][info][gc,phases      ] GC(535) Compaction Phase 1.432ms
[67.729s][info][gc,phases,start] GC(535) Post Compact
[67.729s][info][gc,phases      ] GC(535) Post Compact 0.631ms
[67.729s][info][gc,heap        ] GC(535) PSYoungGen: 192K(257536K)->0K(257536K) Eden: 0K(167936K)->0K(167936K) From: 192K(89600K)->0K(89600K)
[67.729s][info][gc,heap        ] GC(535) ParOldGen: 195020K(699392K)->5665K(699392K)
[67.729s][info][gc,metaspace   ] GC(535) Metaspace: 16146K(16384K)->16146K(16384K) NonClass: 13950K(14080K)->13950K(14080K) Class: 2195K(2304K)->2195K(2304K)
[67.729s][info][gc             ] GC(535) Pause Full (System.gc()) 190M->5M(934M) 10.100ms
[67.729s][info][gc,cpu         ] GC(535) User=0.00s Sys=0.00s Real=0.01s
[67.867s][info][gc,start       ] GC(536) Pause Young (Allocation Failure)
[67.904s][info][gc,heap        ] GC(536) PSYoungGen: 167936K(257536K)->65770K(233984K) Eden: 167936K(167936K)->0K(167936K) From: 0K(89600K)->65770K(66048K)
[67.904s][info][gc,heap        ] GC(536) ParOldGen: 5665K(699392K)->5665K(699392K)
[67.904s][info][gc,metaspace   ] GC(536) Metaspace: 16146K(16384K)->16146K(16384K) NonClass: 13950K(14080K)->13950K(14080K) Class: 2195K(2304K)->2195K(2304K)
[67.904s][info][gc             ] GC(536) Pause Young (Allocation Failure) 169M->69M(911M) 37.009ms
[67.904s][info][gc,cpu         ] GC(536) User=0.28s Sys=0.00s Real=0.04s
[68.058s][info][gc,start       ] GC(537) Pause Young (Allocation Failure)
[68.129s][info][gc,heap        ] GC(537) PSYoungGen: 233706K(233984K)->70245K(240128K) Eden: 167936K(167936K)->0K(143360K) From: 65770K(66048K)->70245K(96768K)
[68.129s][info][gc,heap        ] GC(537) ParOldGen: 5665K(699392K)->62753K(699392K)
[68.129s][info][gc,metaspace   ] GC(537) Metaspace: 16146K(16384K)->16146K(16384K) NonClass: 13950K(14080K)->13950K(14080K) Class: 2195K(2304K)->2195K(2304K)
[68.129s][info][gc             ] GC(537) Pause Young (Allocation Failure) 233M->129M(917M) 71.402ms
[68.129s][info][gc,cpu         ] GC(537) User=0.38s Sys=0.00s Real=0.07s
[68.251s][info][gc,start       ] GC(538) Pause Young (Allocation Failure)
[68.322s][info][gc,heap        ] GC(538) PSYoungGen: 208079K(240128K)->54627K(246272K) Eden: 137833K(143360K)->0K(143360K) From: 70245K(96768K)->54627K(102912K)
[68.322s][info][gc,heap        ] GC(538) ParOldGen: 62753K(699392K)->130303K(699392K)
[68.322s][info][gc,metaspace   ] GC(538) Metaspace: 16146K(16384K)->16146K(16384K) NonClass: 13950K(14080K)->13950K(14080K) Class: 2195K(2304K)->2195K(2304K)
[68.322s][info][gc             ] GC(538) Pause Young (Allocation Failure) 264M->180M(923M) 70.293ms
[68.322s][info][gc,cpu         ] GC(538) User=0.36s Sys=0.02s Real=0.07s
[68.444s][info][gc,start       ] GC(539) Pause Young (Allocation Failure)
[68.479s][info][gc,heap        ] GC(539) PSYoungGen: 197987K(246272K)->26391K(250368K) Eden: 143360K(143360K)->0K(147968K) From: 54627K(102912K)->26391K(102400K)
[68.479s][info][gc,heap        ] GC(539) ParOldGen: 130303K(699392K)->174880K(699392K)
[68.479s][info][gc,metaspace   ] GC(539) Metaspace: 16146K(16384K)->16146K(16384K) NonClass: 13950K(14080K)->13950K(14080K) Class: 2195K(2304K)->2195K(2304K)
[68.479s][info][gc             ] GC(539) Pause Young (Allocation Failure) 320M->196M(927M) 34.632ms
[68.479s][info][gc,cpu         ] GC(539) User=0.19s Sys=0.00s Real=0.03s
[68.556s][info][gc,start       ] GC(540) Pause Young (Allocation Failure)
[68.568s][info][gc,heap        ] GC(540) PSYoungGen: 174359K(250368K)->18592K(246784K) Eden: 147968K(147968K)->0K(147968K) From: 26391K(102400K)->18592K(98816K)
[68.568s][info][gc,heap        ] GC(540) ParOldGen: 174880K(699392K)->192739K(699392K)
[68.568s][info][gc,metaspace   ] GC(540) Metaspace: 16146K(16384K)->16146K(16384K) NonClass: 13950K(14080K)->13950K(14080K) Class: 2195K(2304K)->2195K(2304K)
[68.568s][info][gc             ] GC(540) Pause Young (Allocation Failure) 341M->206M(924M) 11.342ms
[68.568s][info][gc,cpu         ] GC(540) User=0.09s Sys=0.00s Real=0.01s
[68.640s][info][gc,start       ] GC(541) Pause Young (Allocation Failure)
[68.645s][info][gc,heap        ] GC(541) PSYoungGen: 166560K(246784K)->37056K(258048K) Eden: 147968K(147968K)->0K(161280K) From: 18592K(98816K)->37056K(96768K)
[68.646s][info][gc,heap        ] GC(541) ParOldGen: 192739K(699392K)->192739K(699392K)
[68.646s][info][gc,metaspace   ] GC(541) Metaspace: 16146K(16384K)->16146K(16384K) NonClass: 13950K(14080K)->13950K(14080K) Class: 2195K(2304K)->2195K(2304K)
[68.646s][info][gc             ] GC(541) Pause Young (Allocation Failure) 350M->224M(935M) 5.865ms
[68.646s][info][gc,cpu         ] GC(541) User=0.00s Sys=0.00s Real=0.01s
[68.696s][info][gc,start       ] GC(542) Pause Young (System.gc())
[68.696s][info][gc,heap        ] GC(542) PSYoungGen: 73941K(258048K)->128K(252416K) Eden: 36885K(161280K)->0K(161280K) From: 37056K(96768K)->128K(91136K)
[68.696s][info][gc,heap        ] GC(542) ParOldGen: 192739K(699392K)->192739K(699392K)
[68.696s][info][gc,metaspace   ] GC(542) Metaspace: 16146K(16384K)->16146K(16384K) NonClass: 13950K(14080K)->13950K(14080K) Class: 2195K(2304K)->2195K(2304K)
[68.696s][info][gc             ] GC(542) Pause Young (System.gc()) 260M->188M(929M) 0.347ms
[68.696s][info][gc,cpu         ] GC(542) User=0.00s Sys=0.00s Real=0.00s
[68.696s][info][gc,start       ] GC(543) Pause Full (System.gc())
[68.696s][info][gc,phases,start] GC(543) Marking Phase
[68.701s][info][gc,phases      ] GC(543) Marking Phase 4.721ms
[68.701s][info][gc,phases,start] GC(543) Summary Phase
[68.701s][info][gc,phases      ] GC(543) Summary Phase 0.010ms
[68.701s][info][gc,phases,start] GC(543) Adjust Roots
[68.703s][info][gc,phases      ] GC(543) Adjust Roots 2.169ms
[68.703s][info][gc,phases,start] GC(543) Compaction Phase
[68.704s][info][gc,phases      ] GC(543) Compaction Phase 1.247ms
[68.704s][info][gc,phases,start] GC(543) Post Compact
[68.705s][info][gc,phases      ] GC(543) Post Compact 0.631ms
[68.705s][info][gc,heap        ] GC(543) PSYoungGen: 128K(252416K)->0K(252416K) Eden: 0K(161280K)->0K(161280K) From: 128K(91136K)->0K(91136K)
[68.705s][info][gc,heap        ] GC(543) ParOldGen: 192739K(699392K)->5665K(699392K)
[68.705s][info][gc,metaspace   ] GC(543) Metaspace: 16146K(16384K)->16146K(16384K) NonClass: 13950K(14080K)->13950K(14080K) Class: 2195K(2304K)->2195K(2304K)
[68.705s][info][gc             ] GC(543) Pause Full (System.gc()) 188M->5M(929M) 9.029ms
[68.705s][info][gc,cpu         ] GC(543) User=0.02s Sys=0.00s Real=0.00s
[68.839s][info][gc,start       ] GC(544) Pause Young (Allocation Failure)
[68.875s][info][gc,heap        ] GC(544) PSYoungGen: 161280K(252416K)->63356K(246784K) Eden: 161280K(161280K)->0K(154624K) From: 0K(91136K)->63356K(92160K)
[68.875s][info][gc,heap        ] GC(544) ParOldGen: 5665K(699392K)->5665K(699392K)
[68.875s][info][gc,metaspace   ] GC(544) Metaspace: 16146K(16384K)->16146K(16384K) NonClass: 13950K(14080K)->13950K(14080K) Class: 2195K(2304K)->2195K(2304K)
[68.875s][info][gc             ] GC(544) Pause Young (Allocation Failure) 163M->67M(924M) 35.633ms
[68.875s][info][gc,cpu         ] GC(544) User=0.19s Sys=0.00s Real=0.03s
[69.014s][info][gc,start       ] GC(545) Pause Young (Allocation Failure)
[69.081s][info][gc,heap        ] GC(545) PSYoungGen: 217980K(246784K)->65671K(220672K) Eden: 154624K(154624K)->0K(154624K) From: 63356K(92160K)->65671K(66048K)
[69.081s][info][gc,heap        ] GC(545) ParOldGen: 5665K(699392K)->60424K(699392K)
[69.081s][info][gc,metaspace   ] GC(545) Metaspace: 16146K(16384K)->16146K(16384K) NonClass: 13950K(14080K)->13950K(14080K) Class: 2195K(2304K)->2195K(2304K)
[69.081s][info][gc             ] GC(545) Pause Young (Allocation Failure) 218M->123M(898M) 67.587ms
[69.081s][info][gc,cpu         ] GC(545) User=0.34s Sys=0.00s Real=0.07s
[69.220s][info][gc,start       ] GC(546) Pause Young (Allocation Failure)
[69.292s][info][gc,heap        ] GC(546) PSYoungGen: 213637K(220672K)->52501K(248832K) Eden: 147965K(154624K)->0K(146944K) From: 65671K(66048K)->52501K(101888K)
[69.292s][info][gc,heap        ] GC(546) ParOldGen: 60424K(699392K)->124885K(699392K)
[69.292s][info][gc,metaspace   ] GC(546) Metaspace: 16146K(16384K)->16146K(16384K) NonClass: 13950K(14080K)->13950K(14080K) Class: 2195K(2304K)->2195K(2304K)
[69.292s][info][gc             ] GC(546) Pause Young (Allocation Failure) 267M->173M(926M) 72.650ms
[69.292s][info][gc,cpu         ] GC(546) User=0.41s Sys=0.00s Real=0.08s
[69.413s][info][gc,start       ] GC(547) Pause Young (Allocation Failure)
[69.460s][info][gc,heap        ] GC(547) PSYoungGen: 199445K(248832K)->25416K(247296K) Eden: 146944K(146944K)->0K(146944K) From: 52501K(101888K)->25416K(100352K)
[69.460s][info][gc,heap        ] GC(547) ParOldGen: 124885K(699392K)->177331K(699392K)
[69.460s][info][gc,metaspace   ] GC(547) Metaspace: 16146K(16384K)->16146K(16384K) NonClass: 13950K(14080K)->13950K(14080K) Class: 2195K(2304K)->2195K(2304K)
[69.460s][info][gc             ] GC(547) Pause Young (Allocation Failure) 316M->197M(924M) 46.529ms
[69.460s][info][gc,cpu         ] GC(547) User=0.28s Sys=0.00s Real=0.05s
[69.539s][info][gc,start       ] GC(548) Pause Young (Allocation Failure)
[69.550s][info][gc,heap        ] GC(548) PSYoungGen: 172360K(247296K)->18624K(254464K) Eden: 146944K(146944K)->0K(157184K) From: 25416K(100352K)->18624K(97280K)
[69.550s][info][gc,heap        ] GC(548) ParOldGen: 177331K(699392K)->195003K(699392K)
[69.550s][info][gc,metaspace   ] GC(548) Metaspace: 16146K(16384K)->16146K(16384K) NonClass: 13950K(14080K)->13950K(14080K) Class: 2195K(2304K)->2195K(2304K)
[69.550s][info][gc             ] GC(548) Pause Young (Allocation Failure) 341M->208M(931M) 11.521ms
[69.550s][info][gc,cpu         ] GC(548) User=0.09s Sys=0.00s Real=0.01s
[69.631s][info][gc,start       ] GC(549) Pause Young (Allocation Failure)
[69.636s][info][gc,heap        ] GC(549) PSYoungGen: 175808K(254464K)->37056K(251904K) Eden: 157184K(157184K)->0K(157184K) From: 18624K(97280K)->37056K(94720K)
[69.636s][info][gc,heap        ] GC(549) ParOldGen: 195003K(699392K)->195003K(699392K)
[69.636s][info][gc,metaspace   ] GC(549) Metaspace: 16146K(16384K)->16146K(16384K) NonClass: 13950K(14080K)->13950K(14080K) Class: 2195K(2304K)->2195K(2304K)
[69.636s][info][gc             ] GC(549) Pause Young (Allocation Failure) 362M->226M(929M) 5.466ms
[69.636s][info][gc,cpu         ] GC(549) User=0.03s Sys=0.00s Real=0.01s
[69.666s][info][gc,start       ] GC(550) Pause Young (System.gc())
[69.667s][info][gc,heap        ] GC(550) PSYoungGen: 70997K(251904K)->160K(257024K) Eden: 33941K(157184K)->0K(167936K) From: 37056K(94720K)->160K(89088K)
[69.667s][info][gc,heap        ] GC(550) ParOldGen: 195003K(699392K)->195003K(699392K)
[69.667s][info][gc,metaspace   ] GC(550) Metaspace: 16146K(16384K)->16146K(16384K) NonClass: 13950K(14080K)->13950K(14080K) Class: 2195K(2304K)->2195K(2304K)
[69.667s][info][gc             ] GC(550) Pause Young (System.gc()) 259M->190M(934M) 0.498ms
[69.667s][info][gc,cpu         ] GC(550) User=0.09s Sys=0.00s Real=0.00s
[69.667s][info][gc,start       ] GC(551) Pause Full (System.gc())
[69.667s][info][gc,phases,start] GC(551) Marking Phase
[69.672s][info][gc,phases      ] GC(551) Marking Phase 4.941ms
[69.672s][info][gc,phases,start] GC(551) Summary Phase
[69.672s][info][gc,phases      ] GC(551) Summary Phase 0.011ms
[69.672s][info][gc,phases,start] GC(551) Adjust Roots
[69.674s][info][gc,phases      ] GC(551) Adjust Roots 2.177ms
[69.674s][info][gc,phases,start] GC(551) Compaction Phase
[69.676s][info][gc,phases      ] GC(551) Compaction Phase 1.385ms
[69.676s][info][gc,phases,start] GC(551) Post Compact
[69.677s][info][gc,phases      ] GC(551) Post Compact 0.841ms
[69.677s][info][gc,heap        ] GC(551) PSYoungGen: 160K(257024K)->0K(257024K) Eden: 0K(167936K)->0K(167936K) From: 160K(89088K)->0K(89088K)
[69.677s][info][gc,heap        ] GC(551) ParOldGen: 195003K(699392K)->5665K(699392K)
[69.677s][info][gc,metaspace   ] GC(551) Metaspace: 16146K(16384K)->16146K(16384K) NonClass: 13950K(14080K)->13950K(14080K) Class: 2195K(2304K)->2195K(2304K)
[69.677s][info][gc             ] GC(551) Pause Full (System.gc()) 190M->5M(934M) 9.617ms
[69.677s][info][gc,cpu         ] GC(551) User=0.00s Sys=0.00s Real=0.01s
[69.818s][info][gc,start       ] GC(552) Pause Young (Allocation Failure)
[69.855s][info][gc,heap        ] GC(552) PSYoungGen: 167936K(257024K)->65776K(233984K) Eden: 167936K(167936K)->0K(167936K) From: 0K(89088K)->65776K(66048K)
[69.855s][info][gc,heap        ] GC(552) ParOldGen: 5665K(699392K)->5665K(699392K)
[69.855s][info][gc,metaspace   ] GC(552) Metaspace: 16146K(16384K)->16146K(16384K) NonClass: 13950K(14080K)->13950K(14080K) Class: 2195K(2304K)->2195K(2304K)
[69.855s][info][gc             ] GC(552) Pause Young (Allocation Failure) 169M->69M(911M) 37.357ms
[69.855s][info][gc,cpu         ] GC(552) User=0.27s Sys=0.02s Real=0.05s
[70.004s][info][gc,start       ] GC(553) Pause Young (Allocation Failure)
[70.076s][info][gc,heap        ] GC(553) PSYoungGen: 233712K(233984K)->70297K(240128K) Eden: 167936K(167936K)->0K(143360K) From: 65776K(66048K)->70297K(96768K)
[70.079s][info][gc,heap        ] GC(553) ParOldGen: 5665K(699392K)->62749K(699392K)
[70.079s][info][gc,metaspace   ] GC(553) Metaspace: 16146K(16384K)->16146K(16384K) NonClass: 13950K(14080K)->13950K(14080K) Class: 2195K(2304K)->2195K(2304K)
[70.079s][info][gc             ] GC(553) Pause Young (Allocation Failure) 233M->129M(917M) 74.594ms
[70.079s][info][gc,cpu         ] GC(553) User=0.45s Sys=0.00s Real=0.08s
[70.200s][info][gc,start       ] GC(554) Pause Young (Allocation Failure)
[70.271s][info][gc,heap        ] GC(554) PSYoungGen: 208166K(240128K)->54838K(246272K) Eden: 137869K(143360K)->0K(143360K) From: 70297K(96768K)->54838K(102912K)
[70.271s][info][gc,heap        ] GC(554) ParOldGen: 62749K(699392K)->127219K(699392K)
[70.271s][info][gc,metaspace   ] GC(554) Metaspace: 16146K(16384K)->16146K(16384K) NonClass: 13950K(14080K)->13950K(14080K) Class: 2195K(2304K)->2195K(2304K)
[70.271s][info][gc             ] GC(554) Pause Young (Allocation Failure) 264M->177M(923M) 71.337ms
[70.271s][info][gc,cpu         ] GC(554) User=0.38s Sys=0.00s Real=0.08s
[70.391s][info][gc,start       ] GC(555) Pause Young (Allocation Failure)
[70.426s][info][gc,heap        ] GC(555) PSYoungGen: 198198K(246272K)->26990K(250368K) Eden: 143360K(143360K)->0K(147968K) From: 54838K(102912K)->26990K(102400K)
[70.426s][info][gc,heap        ] GC(555) ParOldGen: 127219K(699392K)->172036K(699392K)
[70.426s][info][gc,metaspace   ] GC(555) Metaspace: 16146K(16384K)->16146K(16384K) NonClass: 13950K(14080K)->13950K(14080K) Class: 2195K(2304K)->2195K(2304K)
[70.426s][info][gc             ] GC(555) Pause Young (Allocation Failure) 317M->194M(927M) 35.112ms
[70.426s][info][gc,cpu         ] GC(555) User=0.19s Sys=0.00s Real=0.03s
[70.504s][info][gc,start       ] GC(556) Pause Young (Allocation Failure)
[70.515s][info][gc,heap        ] GC(556) PSYoungGen: 174958K(250368K)->18624K(246784K) Eden: 147968K(147968K)->0K(147968K) From: 26990K(102400K)->18624K(98816K)
[70.515s][info][gc,heap        ] GC(556) ParOldGen: 172036K(699392K)->189723K(699392K)
[70.515s][info][gc,metaspace   ] GC(556) Metaspace: 16146K(16384K)->16146K(16384K) NonClass: 13950K(14080K)->13950K(14080K) Class: 2195K(2304K)->2195K(2304K)
[70.515s][info][gc             ] GC(556) Pause Young (Allocation Failure) 338M->203M(924M) 11.289ms
[70.515s][info][gc,cpu         ] GC(556) User=0.09s Sys=0.00s Real=0.01s
[70.584s][info][gc,start       ] GC(557) Pause Young (Allocation Failure)
[70.590s][info][gc,heap        ] GC(557) PSYoungGen: 166592K(246784K)->37056K(258048K) Eden: 147968K(147968K)->0K(161280K) From: 18624K(98816K)->37056K(96768K)
[70.590s][info][gc,heap        ] GC(557) ParOldGen: 189723K(699392K)->189723K(699392K)
[70.590s][info][gc,metaspace   ] GC(557) Metaspace: 16146K(16384K)->16146K(16384K) NonClass: 13950K(14080K)->13950K(14080K) Class: 2195K(2304K)->2195K(2304K)
[70.590s][info][gc             ] GC(557) Pause Young (Allocation Failure) 347M->221M(935M) 6.181ms
[70.590s][info][gc,cpu         ] GC(557) User=0.03s Sys=0.00s Real=0.00s
[70.621s][info][gc,start       ] GC(558) Pause Young (System.gc())
[70.621s][info][gc,heap        ] GC(558) PSYoungGen: 71676K(258048K)->192K(252416K) Eden: 34620K(161280K)->0K(161280K) From: 37056K(96768K)->192K(91136K)
[70.621s][info][gc,heap        ] GC(558) ParOldGen: 189723K(699392K)->189723K(699392K)
[70.621s][info][gc,metaspace   ] GC(558) Metaspace: 16146K(16384K)->16146K(16384K) NonClass: 13950K(14080K)->13950K(14080K) Class: 2195K(2304K)->2195K(2304K)
[70.621s][info][gc             ] GC(558) Pause Young (System.gc()) 255M->185M(929M) 0.494ms
[70.621s][info][gc,cpu         ] GC(558) User=0.00s Sys=0.00s Real=0.00s
[70.621s][info][gc,start       ] GC(559) Pause Full (System.gc())
[70.621s][info][gc,phases,start] GC(559) Marking Phase
[70.626s][info][gc,phases      ] GC(559) Marking Phase 5.034ms
[70.626s][info][gc,phases,start] GC(559) Summary Phase
[70.626s][info][gc,phases      ] GC(559) Summary Phase 0.010ms
[70.626s][info][gc,phases,start] GC(559) Adjust Roots
[70.628s][info][gc,phases      ] GC(559) Adjust Roots 2.221ms
[70.628s][info][gc,phases,start] GC(559) Compaction Phase
[70.630s][info][gc,phases      ] GC(559) Compaction Phase 1.194ms
[70.630s][info][gc,phases,start] GC(559) Post Compact
[70.630s][info][gc,phases      ] GC(559) Post Compact 0.714ms
[70.630s][info][gc,heap        ] GC(559) PSYoungGen: 192K(252416K)->0K(252416K) Eden: 0K(161280K)->0K(161280K) From: 192K(91136K)->0K(91136K)
[70.630s][info][gc,heap        ] GC(559) ParOldGen: 189723K(699392K)->5665K(699392K)
[70.630s][info][gc,metaspace   ] GC(559) Metaspace: 16146K(16384K)->16146K(16384K) NonClass: 13950K(14080K)->13950K(14080K) Class: 2195K(2304K)->2195K(2304K)
[70.630s][info][gc             ] GC(559) Pause Full (System.gc()) 185M->5M(929M) 9.425ms
[70.631s][info][gc,cpu         ] GC(559) User=0.00s Sys=0.00s Real=0.01s
[70.765s][info][gc,start       ] GC(560) Pause Young (Allocation Failure)
[70.801s][info][gc,heap        ] GC(560) PSYoungGen: 161280K(252416K)->63386K(246784K) Eden: 161280K(161280K)->0K(154624K) From: 0K(91136K)->63386K(92160K)
[70.801s][info][gc,heap        ] GC(560) ParOldGen: 5665K(699392K)->5665K(699392K)
[70.801s][info][gc,metaspace   ] GC(560) Metaspace: 16146K(16384K)->16146K(16384K) NonClass: 13950K(14080K)->13950K(14080K) Class: 2195K(2304K)->2195K(2304K)
[70.801s][info][gc             ] GC(560) Pause Young (Allocation Failure) 163M->67M(924M) 35.595ms
[70.801s][info][gc,cpu         ] GC(560) User=0.19s Sys=0.00s Real=0.05s
[70.936s][info][gc,start       ] GC(561) Pause Young (Allocation Failure)
[71.004s][info][gc,heap        ] GC(561) PSYoungGen: 218010K(246784K)->65703K(220672K) Eden: 154624K(154624K)->0K(154624K) From: 63386K(92160K)->65703K(66048K)
[71.004s][info][gc,heap        ] GC(561) ParOldGen: 5665K(699392K)->60436K(699392K)
[71.004s][info][gc,metaspace   ] GC(561) Metaspace: 16146K(16384K)->16146K(16384K) NonClass: 13950K(14080K)->13950K(14080K) Class: 2195K(2304K)->2195K(2304K)
[71.005s][info][gc             ] GC(561) Pause Young (Allocation Failure) 218M->123M(898M) 68.087ms
[71.005s][info][gc,cpu         ] GC(561) User=0.38s Sys=0.00s Real=0.08s
[71.143s][info][gc,start       ] GC(562) Pause Young (Allocation Failure)
[71.215s][info][gc,heap        ] GC(562) PSYoungGen: 213603K(220672K)->52604K(248832K) Eden: 147900K(154624K)->0K(146944K) From: 65703K(66048K)->52604K(101888K)
[71.215s][info][gc,heap        ] GC(562) ParOldGen: 60436K(699392K)->129514K(699392K)
[71.215s][info][gc,metaspace   ] GC(562) Metaspace: 16146K(16384K)->16146K(16384K) NonClass: 13950K(14080K)->13950K(14080K) Class: 2195K(2304K)->2195K(2304K)
[71.215s][info][gc             ] GC(562) Pause Young (Allocation Failure) 267M->177M(926M) 72.375ms
[71.215s][info][gc,cpu         ] GC(562) User=0.39s Sys=0.00s Real=0.08s
[71.335s][info][gc,start       ] GC(563) Pause Young (Allocation Failure)
[71.382s][info][gc,heap        ] GC(563) PSYoungGen: 198959K(248832K)->28485K(247296K) Eden: 146354K(146944K)->0K(146944K) From: 52604K(101888K)->28485K(100352K)
[71.382s][info][gc,heap        ] GC(563) ParOldGen: 129514K(699392K)->181975K(699392K)
[71.382s][info][gc,metaspace   ] GC(563) Metaspace: 16146K(16384K)->16146K(16384K) NonClass: 13950K(14080K)->13950K(14080K) Class: 2195K(2304K)->2195K(2304K)
[71.382s][info][gc             ] GC(563) Pause Young (Allocation Failure) 320M->205M(924M) 47.192ms
[71.382s][info][gc,cpu         ] GC(563) User=0.28s Sys=0.00s Real=0.05s
[71.458s][info][gc,start       ] GC(564) Pause Young (Allocation Failure)
[71.470s][info][gc,heap        ] GC(564) PSYoungGen: 175429K(247296K)->18592K(254464K) Eden: 146944K(146944K)->0K(157696K) From: 28485K(100352K)->18592K(96768K)
[71.470s][info][gc,heap        ] GC(564) ParOldGen: 181975K(699392K)->199631K(699392K)
[71.470s][info][gc,metaspace   ] GC(564) Metaspace: 16146K(16384K)->16146K(16384K) NonClass: 13950K(14080K)->13950K(14080K) Class: 2195K(2304K)->2195K(2304K)
[71.470s][info][gc             ] GC(564) Pause Young (Allocation Failure) 349M->213M(931M) 11.531ms
[71.470s][info][gc,cpu         ] GC(564) User=0.09s Sys=0.00s Real=0.01s
[71.546s][info][gc,start       ] GC(565) Pause Young (Allocation Failure)
[71.551s][info][gc,heap        ] GC(565) PSYoungGen: 176288K(254464K)->37056K(252416K) Eden: 157696K(157696K)->0K(157696K) From: 18592K(96768K)->37056K(94720K)
[71.551s][info][gc,heap        ] GC(565) ParOldGen: 199631K(699392K)->199631K(699392K)
[71.551s][info][gc,metaspace   ] GC(565) Metaspace: 16146K(16384K)->16146K(16384K) NonClass: 13950K(14080K)->13950K(14080K) Class: 2195K(2304K)->2195K(2304K)
[71.551s][info][gc             ] GC(565) Pause Young (Allocation Failure) 367M->231M(929M) 5.011ms
[71.551s][info][gc,cpu         ] GC(565) User=0.00s Sys=0.00s Real=0.00s
[71.585s][info][gc,start       ] GC(566) Pause Young (System.gc())
[71.586s][info][gc,heap        ] GC(566) PSYoungGen: 69175K(252416K)->128K(258048K) Eden: 32118K(157696K)->0K(168960K) From: 37056K(94720K)->128K(89088K)
[71.586s][info][gc,heap        ] GC(566) ParOldGen: 199631K(699392K)->199631K(699392K)
[71.586s][info][gc,metaspace   ] GC(566) Metaspace: 16146K(16384K)->16146K(16384K) NonClass: 13950K(14080K)->13950K(14080K) Class: 2195K(2304K)->2195K(2304K)
[71.586s][info][gc             ] GC(566) Pause Young (System.gc()) 262M->195M(935M) 0.621ms
[71.586s][info][gc,cpu         ] GC(566) User=0.00s Sys=0.00s Real=0.00s
[71.586s][info][gc,start       ] GC(567) Pause Full (System.gc())
[71.586s][info][gc,phases,start] GC(567) Marking Phase
[71.591s][info][gc,phases      ] GC(567) Marking Phase 5.045ms
[71.591s][info][gc,phases,start] GC(567) Summary Phase
[71.591s][info][gc,phases      ] GC(567) Summary Phase 0.010ms
[71.591s][info][gc,phases,start] GC(567) Adjust Roots
[71.594s][info][gc,phases      ] GC(567) Adjust Roots 2.894ms
[71.594s][info][gc,phases,start] GC(567) Compaction Phase
[71.596s][info][gc,phases      ] GC(567) Compaction Phase 2.371ms
[71.596s][info][gc,phases,start] GC(567) Post Compact
[71.597s][info][gc,phases      ] GC(567) Post Compact 0.639ms
[71.597s][info][gc,heap        ] GC(567) PSYoungGen: 128K(258048K)->0K(258048K) Eden: 0K(168960K)->0K(168960K) From: 128K(89088K)->0K(89088K)
[71.597s][info][gc,heap        ] GC(567) ParOldGen: 199631K(699392K)->5666K(699392K)
[71.597s][info][gc,metaspace   ] GC(567) Metaspace: 16146K(16384K)->16146K(16384K) NonClass: 13950K(14080K)->13950K(14080K) Class: 2195K(2304K)->2195K(2304K)
[71.597s][info][gc             ] GC(567) Pause Full (System.gc()) 195M->5M(935M) 11.184ms
[71.597s][info][gc,cpu         ] GC(567) User=0.00s Sys=0.02s Real=0.01s
[71.741s][info][gc,start       ] GC(568) Pause Young (Allocation Failure)
[71.779s][info][gc,heap        ] GC(568) PSYoungGen: 168960K(258048K)->66083K(235520K) Eden: 168960K(168960K)->0K(168960K) From: 0K(89088K)->66083K(66560K)
[71.779s][info][gc,heap        ] GC(568) ParOldGen: 5666K(699392K)->5666K(699392K)
[71.779s][info][gc,metaspace   ] GC(568) Metaspace: 16146K(16384K)->16146K(16384K) NonClass: 13950K(14080K)->13950K(14080K) Class: 2195K(2304K)->2195K(2304K)
[71.779s][info][gc             ] GC(568) Pause Young (Allocation Failure) 170M->70M(913M) 37.254ms
[71.779s][info][gc,cpu         ] GC(568) User=0.28s Sys=0.00s Real=0.04s
[71.926s][info][gc,start       ] GC(569) Pause Young (Allocation Failure)
[71.999s][info][gc,heap        ] GC(569) PSYoungGen: 235043K(235520K)->70681K(240128K) Eden: 168960K(168960K)->0K(143360K) From: 66083K(66560K)->70681K(96768K)
[71.999s][info][gc,heap        ] GC(569) ParOldGen: 5666K(699392K)->63069K(699392K)
[71.999s][info][gc,metaspace   ] GC(569) Metaspace: 16146K(16384K)->16146K(16384K) NonClass: 13950K(14080K)->13950K(14080K) Class: 2195K(2304K)->2195K(2304K)
[71.999s][info][gc             ] GC(569) Pause Young (Allocation Failure) 235M->130M(917M) 72.494ms
[71.999s][info][gc,cpu         ] GC(569) User=0.47s Sys=0.00s Real=0.07s
[72.119s][info][gc,start       ] GC(570) Pause Young (Allocation Failure)
[72.189s][info][gc,heap        ] GC(570) PSYoungGen: 212533K(240128K)->60111K(203776K) Eden: 141851K(143360K)->0K(143360K) From: 70681K(96768K)->60111K(60416K)
[72.189s][info][gc,heap        ] GC(570) ParOldGen: 63069K(699392K)->124839K(699392K)
[72.189s][info][gc,metaspace   ] GC(570) Metaspace: 16146K(16384K)->16146K(16384K) NonClass: 13950K(14080K)->13950K(14080K) Class: 2195K(2304K)->2195K(2304K)
[72.189s][info][gc             ] GC(570) Pause Young (Allocation Failure) 269M->180M(882M) 70.435ms
[72.189s][info][gc,cpu         ] GC(570) User=0.41s Sys=0.00s Real=0.07s
[72.313s][info][gc,start       ] GC(571) Pause Young (Allocation Failure)
[72.347s][info][gc,heap        ] GC(571) PSYoungGen: 203471K(203776K)->27150K(248832K) Eden: 143360K(143360K)->0K(144896K) From: 60111K(60416K)->27150K(103936K)
[72.347s][info][gc,heap        ] GC(571) ParOldGen: 124839K(699392K)->168744K(699392K)
[72.347s][info][gc,metaspace   ] GC(571) Metaspace: 16146K(16384K)->16146K(16384K) NonClass: 13950K(14080K)->13950K(14080K) Class: 2195K(2304K)->2195K(2304K)
[72.347s][info][gc             ] GC(571) Pause Young (Allocation Failure) 320M->191M(926M) 34.391ms
[72.347s][info][gc,cpu         ] GC(571) User=0.19s Sys=0.00s Real=0.03s
[72.421s][info][gc,start       ] GC(572) Pause Young (Allocation Failure)
[72.432s][info][gc,heap        ] GC(572) PSYoungGen: 172046K(248832K)->18624K(245248K) Eden: 144896K(144896K)->0K(144896K) From: 27150K(103936K)->18624K(100352K)
[72.432s][info][gc,heap        ] GC(572) ParOldGen: 168744K(699392K)->186588K(699392K)
[72.432s][info][gc,metaspace   ] GC(572) Metaspace: 16146K(16384K)->16146K(16384K) NonClass: 13950K(14080K)->13950K(14080K) Class: 2195K(2304K)->2195K(2304K)
[72.432s][info][gc             ] GC(572) Pause Young (Allocation Failure) 332M->200M(922M) 11.525ms
[72.432s][info][gc,cpu         ] GC(572) User=0.00s Sys=0.00s Real=0.01s
[72.504s][info][gc,start       ] GC(573) Pause Young (Allocation Failure)
[72.509s][info][gc,heap        ] GC(573) PSYoungGen: 163520K(245248K)->37056K(256512K) Eden: 144896K(144896K)->0K(158208K) From: 18624K(100352K)->37056K(98304K)
[72.509s][info][gc,heap        ] GC(573) ParOldGen: 186588K(699392K)->186588K(699392K)
[72.509s][info][gc,metaspace   ] GC(573) Metaspace: 16146K(16384K)->16146K(16384K) NonClass: 13950K(14080K)->13950K(14080K) Class: 2195K(2304K)->2195K(2304K)
[72.509s][info][gc             ] GC(573) Pause Young (Allocation Failure) 341M->218M(933M) 5.003ms
[72.509s][info][gc,cpu         ] GC(573) User=0.00s Sys=0.00s Real=0.01s
[72.545s][info][gc,start       ] GC(574) Pause Young (System.gc())
[72.546s][info][gc,heap        ] GC(574) PSYoungGen: 74540K(256512K)->128K(250880K) Eden: 37483K(158208K)->0K(158208K) From: 37056K(98304K)->128K(92672K)
[72.546s][info][gc,heap        ] GC(574) ParOldGen: 186588K(699392K)->186588K(699392K)
[72.546s][info][gc,metaspace   ] GC(574) Metaspace: 16146K(16384K)->16146K(16384K) NonClass: 13950K(14080K)->13950K(14080K) Class: 2195K(2304K)->2195K(2304K)
[72.546s][info][gc             ] GC(574) Pause Young (System.gc()) 255M->182M(928M) 0.526ms
[72.546s][info][gc,cpu         ] GC(574) User=0.00s Sys=0.00s Real=0.00s
[72.546s][info][gc,start       ] GC(575) Pause Full (System.gc())
[72.546s][info][gc,phases,start] GC(575) Marking Phase
[72.550s][info][gc,phases      ] GC(575) Marking Phase 4.714ms
[72.550s][info][gc,phases,start] GC(575) Summary Phase
[72.550s][info][gc,phases      ] GC(575) Summary Phase 0.011ms
[72.550s][info][gc,phases,start] GC(575) Adjust Roots
[72.553s][info][gc,phases      ] GC(575) Adjust Roots 2.416ms
[72.553s][info][gc,phases,start] GC(575) Compaction Phase
[72.554s][info][gc,phases      ] GC(575) Compaction Phase 1.398ms
[72.554s][info][gc,phases,start] GC(575) Post Compact
[72.555s][info][gc,phases      ] GC(575) Post Compact 0.785ms
[72.555s][info][gc,heap        ] GC(575) PSYoungGen: 128K(250880K)->0K(250880K) Eden: 0K(158208K)->0K(158208K) From: 128K(92672K)->0K(92672K)
[72.555s][info][gc,heap        ] GC(575) ParOldGen: 186588K(699392K)->5665K(699392K)
[72.555s][info][gc,metaspace   ] GC(575) Metaspace: 16146K(16384K)->16146K(16384K) NonClass: 13950K(14080K)->13950K(14080K) Class: 2195K(2304K)->2195K(2304K)
[72.555s][info][gc             ] GC(575) Pause Full (System.gc()) 182M->5M(928M) 9.571ms
[72.555s][info][gc,cpu         ] GC(575) User=0.00s Sys=0.00s Real=0.00s
[72.685s][info][gc,start       ] GC(576) Pause Young (Allocation Failure)
[72.719s][info][gc,heap        ] GC(576) PSYoungGen: 158208K(250880K)->62247K(246272K) Eden: 158208K(158208K)->0K(152576K) From: 0K(92672K)->62247K(93696K)
[72.719s][info][gc,heap        ] GC(576) ParOldGen: 5665K(699392K)->5665K(699392K)
[72.719s][info][gc,metaspace   ] GC(576) Metaspace: 16146K(16384K)->16146K(16384K) NonClass: 13950K(14080K)->13950K(14080K) Class: 2195K(2304K)->2195K(2304K)
[72.719s][info][gc             ] GC(576) Pause Young (Allocation Failure) 160M->66M(923M) 34.250ms
[72.719s][info][gc,cpu         ] GC(576) User=0.19s Sys=0.00s Real=0.05s
[72.855s][info][gc,start       ] GC(577) Pause Young (Allocation Failure)
[72.922s][info][gc,heap        ] GC(577) PSYoungGen: 214823K(246272K)->64953K(217600K) Eden: 152576K(152576K)->0K(152576K) From: 62247K(93696K)->64953K(65024K)
[72.922s][info][gc,heap        ] GC(577) ParOldGen: 5665K(699392K)->59370K(699392K)
[72.922s][info][gc,metaspace   ] GC(577) Metaspace: 16146K(16384K)->16146K(16384K) NonClass: 13950K(14080K)->13950K(14080K) Class: 2195K(2304K)->2195K(2304K)
[72.922s][info][gc             ] GC(577) Pause Young (Allocation Failure) 215M->121M(895M) 67.275ms
[72.922s][info][gc,cpu         ] GC(577) User=0.33s Sys=0.00s Real=0.07s
[73.066s][info][gc,start       ] GC(578) Pause Young (Allocation Failure)
[73.135s][info][gc,heap        ] GC(578) PSYoungGen: 217529K(217600K)->54135K(247808K) Eden: 152576K(152576K)->0K(145408K) From: 64953K(65024K)->54135K(102400K)
[73.135s][info][gc,heap        ] GC(578) ParOldGen: 59370K(699392K)->127744K(699392K)
[73.135s][info][gc,metaspace   ] GC(578) Metaspace: 16146K(16384K)->16146K(16384K) NonClass: 13950K(14080K)->13950K(14080K) Class: 2195K(2304K)->2195K(2304K)
[73.135s][info][gc             ] GC(578) Pause Young (Allocation Failure) 270M->177M(925M) 69.870ms
[73.136s][info][gc,cpu         ] GC(578) User=0.36s Sys=0.00s Real=0.08s
[73.257s][info][gc,start       ] GC(579) Pause Young (Allocation Failure)
[73.308s][info][gc,heap        ] GC(579) PSYoungGen: 198942K(247808K)->26408K(246784K) Eden: 144807K(145408K)->0K(145408K) From: 54135K(102400K)->26408K(101376K)
[73.308s][info][gc,heap        ] GC(579) ParOldGen: 127744K(699392K)->181681K(699392K)
[73.308s][info][gc,metaspace   ] GC(579) Metaspace: 16146K(16384K)->16146K(16384K) NonClass: 13950K(14080K)->13950K(14080K) Class: 2195K(2304K)->2195K(2304K)
[73.308s][info][gc             ] GC(579) Pause Young (Allocation Failure) 319M->203M(924M) 50.916ms
[73.308s][info][gc,cpu         ] GC(579) User=0.27s Sys=0.00s Real=0.05s
[73.384s][info][gc,start       ] GC(580) Pause Young (Allocation Failure)
[73.395s][info][gc,heap        ] GC(580) PSYoungGen: 171816K(246784K)->18592K(253440K) Eden: 145408K(145408K)->0K(155648K) From: 26408K(101376K)->18592K(97792K)
[73.395s][info][gc,heap        ] GC(580) ParOldGen: 181681K(699392K)->199552K(699392K)
[73.395s][info][gc,metaspace   ] GC(580) Metaspace: 16146K(16384K)->16146K(16384K) NonClass: 13950K(14080K)->13950K(14080K) Class: 2195K(2304K)->2195K(2304K)
[73.395s][info][gc             ] GC(580) Pause Young (Allocation Failure) 345M->213M(930M) 11.715ms
[73.395s][info][gc,cpu         ] GC(580) User=0.08s Sys=0.00s Real=0.01s
[73.473s][info][gc,start       ] GC(581) Pause Young (Allocation Failure)
[73.478s][info][gc,heap        ] GC(581) PSYoungGen: 174240K(253440K)->37056K(251392K) Eden: 155648K(155648K)->0K(155648K) From: 18592K(97792K)->37056K(95744K)
[73.478s][info][gc,heap        ] GC(581) ParOldGen: 199552K(699392K)->199552K(699392K)
[73.478s][info][gc,metaspace   ] GC(581) Metaspace: 16146K(16384K)->16146K(16384K) NonClass: 13950K(14080K)->13950K(14080K) Class: 2195K(2304K)->2195K(2304K)
[73.478s][info][gc             ] GC(581) Pause Young (Allocation Failure) 365M->231M(928M) 4.983ms
[73.478s][info][gc,cpu         ] GC(581) User=0.00s Sys=0.00s Real=0.00s
[73.524s][info][gc,start       ] GC(582) Pause Young (System.gc())
[73.524s][info][gc,heap        ] GC(582) PSYoungGen: 73856K(251392K)->160K(256000K) Eden: 36800K(155648K)->0K(165888K) From: 37056K(95744K)->160K(90112K)
[73.524s][info][gc,heap        ] GC(582) ParOldGen: 199552K(699392K)->199552K(699392K)
[73.524s][info][gc,metaspace   ] GC(582) Metaspace: 16146K(16384K)->16146K(16384K) NonClass: 13950K(14080K)->13950K(14080K) Class: 2195K(2304K)->2195K(2304K)
[73.524s][info][gc             ] GC(582) Pause Young (System.gc()) 267M->195M(933M) 0.379ms
[73.525s][info][gc,cpu         ] GC(582) User=0.00s Sys=0.00s Real=0.00s
[73.525s][info][gc,start       ] GC(583) Pause Full (System.gc())
[73.525s][info][gc,phases,start] GC(583) Marking Phase
[73.529s][info][gc,phases      ] GC(583) Marking Phase 4.838ms
[73.529s][info][gc,phases,start] GC(583) Summary Phase
[73.529s][info][gc,phases      ] GC(583) Summary Phase 0.011ms
[73.529s][info][gc,phases,start] GC(583) Adjust Roots
[73.532s][info][gc,phases      ] GC(583) Adjust Roots 2.199ms
[73.532s][info][gc,phases,start] GC(583) Compaction Phase
[73.533s][info][gc,phases      ] GC(583) Compaction Phase 1.229ms
[73.533s][info][gc,phases,start] GC(583) Post Compact
[73.534s][info][gc,phases      ] GC(583) Post Compact 0.658ms
[73.534s][info][gc,heap        ] GC(583) PSYoungGen: 160K(256000K)->0K(256000K) Eden: 0K(165888K)->0K(165888K) From: 160K(90112K)->0K(90112K)
[73.534s][info][gc,heap        ] GC(583) ParOldGen: 199552K(699392K)->5665K(699392K)
[73.534s][info][gc,metaspace   ] GC(583) Metaspace: 16146K(16384K)->16146K(16384K) NonClass: 13950K(14080K)->13950K(14080K) Class: 2195K(2304K)->2195K(2304K)
[73.534s][info][gc             ] GC(583) Pause Full (System.gc()) 195M->5M(933M) 9.180ms
[73.534s][info][gc,cpu         ] GC(583) User=0.09s Sys=0.00s Real=0.02s
[73.671s][info][gc,start       ] GC(584) Pause Young (Allocation Failure)
[73.707s][info][gc,heap        ] GC(584) PSYoungGen: 165888K(256000K)->65057K(231424K) Eden: 165888K(165888K)->0K(165888K) From: 0K(90112K)->65057K(65536K)
[73.707s][info][gc,heap        ] GC(584) ParOldGen: 5665K(699392K)->5665K(699392K)
[73.707s][info][gc,metaspace   ] GC(584) Metaspace: 16146K(16384K)->16146K(16384K) NonClass: 13950K(14080K)->13950K(14080K) Class: 2195K(2304K)->2195K(2304K)
[73.707s][info][gc             ] GC(584) Pause Young (Allocation Failure) 167M->69M(909M) 36.523ms
[73.707s][info][gc,cpu         ] GC(584) User=0.17s Sys=0.00s Real=0.04s
[73.857s][info][gc,start       ] GC(585) Pause Young (Allocation Failure)
[73.927s][info][gc,heap        ] GC(585) PSYoungGen: 230945K(231424K)->69490K(240640K) Eden: 165888K(165888K)->0K(143360K) From: 65057K(65536K)->69490K(97280K)
[73.927s][info][gc,heap        ] GC(585) ParOldGen: 5665K(699392K)->62042K(699392K)
[73.927s][info][gc,metaspace   ] GC(585) Metaspace: 16146K(16384K)->16146K(16384K) NonClass: 13950K(14080K)->13950K(14080K) Class: 2195K(2304K)->2195K(2304K)
[73.927s][info][gc             ] GC(585) Pause Young (Allocation Failure) 231M->128M(918M) 70.497ms
[73.927s][info][gc,cpu         ] GC(585) User=0.38s Sys=0.00s Real=0.08s
[74.051s][info][gc,start       ] GC(586) Pause Young (Allocation Failure)
[74.124s][info][gc,heap        ] GC(586) PSYoungGen: 211606K(240640K)->56253K(246272K) Eden: 142116K(143360K)->0K(143360K) From: 69490K(97280K)->56253K(102912K)
[74.124s][info][gc,heap        ] GC(586) ParOldGen: 62042K(699392K)->128865K(699392K)
[74.124s][info][gc,metaspace   ] GC(586) Metaspace: 16146K(16384K)->16146K(16384K) NonClass: 13950K(14080K)->13950K(14080K) Class: 2195K(2304K)->2195K(2304K)
[74.125s][info][gc             ] GC(586) Pause Young (Allocation Failure) 267M->180M(923M) 73.031ms
[74.125s][info][gc,cpu         ] GC(586) User=0.41s Sys=0.00s Real=0.08s
[74.245s][info][gc,start       ] GC(587) Pause Young (Allocation Failure)
[74.280s][info][gc,heap        ] GC(587) PSYoungGen: 199613K(246272K)->26961K(249856K) Eden: 143360K(143360K)->0K(146944K) From: 56253K(102912K)->26961K(102912K)
[74.280s][info][gc,heap        ] GC(587) ParOldGen: 128865K(699392K)->175096K(699392K)
[74.280s][info][gc,metaspace   ] GC(587) Metaspace: 16146K(16384K)->16146K(16384K) NonClass: 13950K(14080K)->13950K(14080K) Class: 2195K(2304K)->2195K(2304K)
[74.280s][info][gc             ] GC(587) Pause Young (Allocation Failure) 320M->197M(927M) 35.391ms
[74.280s][info][gc,cpu         ] GC(587) User=0.28s Sys=0.00s Real=0.04s
[74.355s][info][gc,start       ] GC(588) Pause Young (Allocation Failure)
[74.366s][info][gc,heap        ] GC(588) PSYoungGen: 173905K(249856K)->18592K(246272K) Eden: 146944K(146944K)->0K(146944K) From: 26961K(102912K)->18592K(99328K)
[74.366s][info][gc,heap        ] GC(588) ParOldGen: 175096K(699392K)->192791K(699392K)
[74.366s][info][gc,metaspace   ] GC(588) Metaspace: 16146K(16384K)->16146K(16384K) NonClass: 13950K(14080K)->13950K(14080K) Class: 2195K(2304K)->2195K(2304K)
[74.366s][info][gc             ] GC(588) Pause Young (Allocation Failure) 340M->206M(923M) 11.335ms
[74.366s][info][gc,cpu         ] GC(588) User=0.00s Sys=0.00s Real=0.01s
[74.435s][info][gc,start       ] GC(589) Pause Young (Allocation Failure)
[74.440s][info][gc,heap        ] GC(589) PSYoungGen: 165536K(246272K)->37056K(257536K) Eden: 146944K(146944K)->0K(160256K) From: 18592K(99328K)->37056K(97280K)
[74.440s][info][gc,heap        ] GC(589) ParOldGen: 192791K(699392K)->192791K(699392K)
[74.440s][info][gc,metaspace   ] GC(589) Metaspace: 16146K(16384K)->16146K(16384K) NonClass: 13950K(14080K)->13950K(14080K) Class: 2195K(2304K)->2195K(2304K)
[74.440s][info][gc             ] GC(589) Pause Young (Allocation Failure) 349M->224M(934M) 5.301ms
[74.440s][info][gc,cpu         ] GC(589) User=0.00s Sys=0.00s Real=0.01s
[74.467s][info][gc,start       ] GC(590) Pause Young (System.gc())
[74.468s][info][gc,heap        ] GC(590) PSYoungGen: 78971K(257536K)->160K(251904K) Eden: 41915K(160256K)->0K(160256K) From: 37056K(97280K)->160K(91648K)
[74.468s][info][gc,heap        ] GC(590) ParOldGen: 192791K(699392K)->192791K(699392K)
[74.468s][info][gc,metaspace   ] GC(590) Metaspace: 16146K(16384K)->16146K(16384K) NonClass: 13950K(14080K)->13950K(14080K) Class: 2195K(2304K)->2195K(2304K)
[74.468s][info][gc             ] GC(590) Pause Young (System.gc()) 265M->188M(929M) 0.589ms
[74.468s][info][gc,cpu         ] GC(590) User=0.00s Sys=0.00s Real=0.00s
[74.468s][info][gc,start       ] GC(591) Pause Full (System.gc())
[74.468s][info][gc,phases,start] GC(591) Marking Phase
[74.472s][info][gc,phases      ] GC(591) Marking Phase 4.729ms
[74.472s][info][gc,phases,start] GC(591) Summary Phase
[74.472s][info][gc,phases      ] GC(591) Summary Phase 0.011ms
[74.472s][info][gc,phases,start] GC(591) Adjust Roots
[74.475s][info][gc,phases      ] GC(591) Adjust Roots 2.274ms
[74.475s][info][gc,phases,start] GC(591) Compaction Phase
[74.476s][info][gc,phases      ] GC(591) Compaction Phase 1.444ms
[74.476s][info][gc,phases,start] GC(591) Post Compact
[74.477s][info][gc,phases      ] GC(591) Post Compact 0.619ms
[74.477s][info][gc,heap        ] GC(591) PSYoungGen: 160K(251904K)->0K(251904K) Eden: 0K(160256K)->0K(160256K) From: 160K(91648K)->0K(91648K)
[74.477s][info][gc,heap        ] GC(591) ParOldGen: 192791K(699392K)->5666K(699392K)
[74.477s][info][gc,metaspace   ] GC(591) Metaspace: 16146K(16384K)->16146K(16384K) NonClass: 13950K(14080K)->13950K(14080K) Class: 2195K(2304K)->2195K(2304K)
[74.477s][info][gc             ] GC(591) Pause Full (System.gc()) 188M->5M(929M) 9.320ms
[74.477s][info][gc,cpu         ] GC(591) User=0.00s Sys=0.00s Real=0.01s
[74.609s][info][gc,start       ] GC(592) Pause Young (Allocation Failure)
[74.644s][info][gc,heap        ] GC(592) PSYoungGen: 160256K(251904K)->63034K(247296K) Eden: 160256K(160256K)->0K(154624K) From: 0K(91648K)->63034K(92672K)
[74.644s][info][gc,heap        ] GC(592) ParOldGen: 5666K(699392K)->5666K(699392K)
[74.644s][info][gc,metaspace   ] GC(592) Metaspace: 16146K(16384K)->16146K(16384K) NonClass: 13950K(14080K)->13950K(14080K) Class: 2195K(2304K)->2195K(2304K)
[74.644s][info][gc             ] GC(592) Pause Young (Allocation Failure) 162M->67M(924M) 35.459ms
[74.644s][info][gc,cpu         ] GC(592) User=0.17s Sys=0.00s Real=0.04s
[74.781s][info][gc,start       ] GC(593) Pause Young (Allocation Failure)
[74.848s][info][gc,heap        ] GC(593) PSYoungGen: 217658K(247296K)->65639K(220672K) Eden: 154624K(154624K)->0K(154624K) From: 63034K(92672K)->65639K(66048K)
[74.848s][info][gc,heap        ] GC(593) ParOldGen: 5666K(699392K)->60073K(699392K)
[74.849s][info][gc,metaspace   ] GC(593) Metaspace: 16146K(16384K)->16146K(16384K) NonClass: 13950K(14080K)->13950K(14080K) Class: 2195K(2304K)->2195K(2304K)
[74.849s][info][gc             ] GC(593) Pause Young (Allocation Failure) 218M->122M(898M) 67.149ms
[74.849s][info][gc,cpu         ] GC(593) User=0.38s Sys=0.00s Real=0.07s
[74.986s][info][gc,start       ] GC(594) Pause Young (Allocation Failure)
[75.059s][info][gc,heap        ] GC(594) PSYoungGen: 215887K(220672K)->52732K(248832K) Eden: 150247K(154624K)->0K(146944K) From: 65639K(66048K)->52732K(101888K)
[75.059s][info][gc,heap        ] GC(594) ParOldGen: 60073K(699392K)->129158K(699392K)
[75.059s][info][gc,metaspace   ] GC(594) Metaspace: 16146K(16384K)->16146K(16384K) NonClass: 13950K(14080K)->13950K(14080K) Class: 2195K(2304K)->2195K(2304K)
[75.059s][info][gc             ] GC(594) Pause Young (Allocation Failure) 269M->177M(926M) 72.979ms
[75.059s][info][gc,cpu         ] GC(594) User=0.41s Sys=0.00s Real=0.07s
[75.187s][info][gc,start       ] GC(595) Pause Young (Allocation Failure)
[75.236s][info][gc,heap        ] GC(595) PSYoungGen: 199676K(248832K)->25620K(247296K) Eden: 146944K(146944K)->0K(146944K) From: 52732K(101888K)->25620K(100352K)
[75.236s][info][gc,heap        ] GC(595) ParOldGen: 129158K(699392K)->181824K(699392K)
[75.236s][info][gc,metaspace   ] GC(595) Metaspace: 16146K(16384K)->16146K(16384K) NonClass: 13950K(14080K)->13950K(14080K) Class: 2195K(2304K)->2195K(2304K)
[75.236s][info][gc             ] GC(595) Pause Young (Allocation Failure) 321M->202M(924M) 48.718ms
[75.236s][info][gc,cpu         ] GC(595) User=0.27s Sys=0.02s Real=0.05s
[75.316s][info][gc,start       ] GC(596) Pause Young (Allocation Failure)
[75.328s][info][gc,heap        ] GC(596) PSYoungGen: 172564K(247296K)->18592K(253952K) Eden: 146944K(146944K)->0K(156672K) From: 25620K(100352K)->18592K(97280K)
[75.328s][info][gc,heap        ] GC(596) ParOldGen: 181824K(699392K)->199667K(699392K)
[75.328s][info][gc,metaspace   ] GC(596) Metaspace: 16146K(16384K)->16146K(16384K) NonClass: 13950K(14080K)->13950K(14080K) Class: 2195K(2304K)->2195K(2304K)
[75.328s][info][gc             ] GC(596) Pause Young (Allocation Failure) 346M->213M(931M) 11.682ms
[75.328s][info][gc,cpu         ] GC(596) User=0.09s Sys=0.00s Real=0.01s
[75.411s][info][gc,start       ] GC(597) Pause Young (Allocation Failure)
[75.417s][info][gc,heap        ] GC(597) PSYoungGen: 175264K(253952K)->37056K(251904K) Eden: 156672K(156672K)->0K(156672K) From: 18592K(97280K)->37056K(95232K)
[75.417s][info][gc,heap        ] GC(597) ParOldGen: 199667K(699392K)->199667K(699392K)
[75.417s][info][gc,metaspace   ] GC(597) Metaspace: 16146K(16384K)->16146K(16384K) NonClass: 13950K(14080K)->13950K(14080K) Class: 2195K(2304K)->2195K(2304K)
[75.417s][info][gc             ] GC(597) Pause Young (Allocation Failure) 366M->231M(929M) 5.493ms
[75.417s][info][gc,cpu         ] GC(597) User=0.00s Sys=0.00s Real=0.00s
[75.461s][info][gc,start       ] GC(598) Pause Young (System.gc())
[75.462s][info][gc,heap        ] GC(598) PSYoungGen: 70516K(251904K)->128K(257536K) Eden: 33459K(156672K)->0K(167936K) From: 37056K(95232K)->128K(89600K)
[75.462s][info][gc,heap        ] GC(598) ParOldGen: 199667K(699392K)->199667K(699392K)
[75.462s][info][gc,metaspace   ] GC(598) Metaspace: 16146K(16384K)->16146K(16384K) NonClass: 13950K(14080K)->13950K(14080K) Class: 2195K(2304K)->2195K(2304K)
[75.462s][info][gc             ] GC(598) Pause Young (System.gc()) 263M->195M(934M) 0.642ms
[75.462s][info][gc,cpu         ] GC(598) User=0.00s Sys=0.00s Real=0.00s
[75.462s][info][gc,start       ] GC(599) Pause Full (System.gc())
[75.462s][info][gc,phases,start] GC(599) Marking Phase
[75.467s][info][gc,phases      ] GC(599) Marking Phase 4.954ms
[75.467s][info][gc,phases,start] GC(599) Summary Phase
[75.467s][info][gc,phases      ] GC(599) Summary Phase 0.010ms
[75.467s][info][gc,phases,start] GC(599) Adjust Roots
[75.469s][info][gc,phases      ] GC(599) Adjust Roots 2.258ms
[75.469s][info][gc,phases,start] GC(599) Compaction Phase
[75.471s][info][gc,phases      ] GC(599) Compaction Phase 1.753ms
[75.471s][info][gc,phases,start] GC(599) Post Compact
[75.472s][info][gc,phases      ] GC(599) Post Compact 0.908ms
[75.472s][info][gc,heap        ] GC(599) PSYoungGen: 128K(257536K)->0K(257536K) Eden: 0K(167936K)->0K(167936K) From: 128K(89600K)->0K(89600K)
[75.472s][info][gc,heap        ] GC(599) ParOldGen: 199667K(699392K)->5665K(699392K)
[75.472s][info][gc,metaspace   ] GC(599) Metaspace: 16146K(16384K)->16146K(16384K) NonClass: 13950K(14080K)->13950K(14080K) Class: 2195K(2304K)->2195K(2304K)
[75.472s][info][gc             ] GC(599) Pause Full (System.gc()) 195M->5M(934M) 10.176ms
[75.472s][info][gc,cpu         ] GC(599) User=0.02s Sys=0.00s Real=0.01s
[75.612s][info][gc,start       ] GC(600) Pause Young (Allocation Failure)
[75.649s][info][gc,heap        ] GC(600) PSYoungGen: 167936K(257536K)->65731K(233984K) Eden: 167936K(167936K)->0K(167936K) From: 0K(89600K)->65731K(66048K)
[75.650s][info][gc,heap        ] GC(600) ParOldGen: 5665K(699392K)->5665K(699392K)
[75.650s][info][gc,metaspace   ] GC(600) Metaspace: 16146K(16384K)->16146K(16384K) NonClass: 13950K(14080K)->13950K(14080K) Class: 2195K(2304K)->2195K(2304K)
[75.650s][info][gc             ] GC(600) Pause Young (Allocation Failure) 169M->69M(911M) 37.187ms
[75.650s][info][gc,cpu         ] GC(600) User=0.19s Sys=0.00s Real=0.05s
[75.803s][info][gc,start       ] GC(601) Pause Young (Allocation Failure)
[75.876s][info][gc,heap        ] GC(601) PSYoungGen: 233667K(233984K)->70245K(239104K) Eden: 167936K(167936K)->0K(142336K) From: 65731K(66048K)->70245K(96768K)
[75.876s][info][gc,heap        ] GC(601) ParOldGen: 5665K(699392K)->62741K(699392K)
[75.876s][info][gc,metaspace   ] GC(601) Metaspace: 16146K(16384K)->16146K(16384K) NonClass: 13950K(14080K)->13950K(14080K) Class: 2195K(2304K)->2195K(2304K)
[75.876s][info][gc             ] GC(601) Pause Young (Allocation Failure) 233M->129M(916M) 72.187ms
[75.876s][info][gc,cpu         ] GC(601) User=0.47s Sys=0.00s Real=0.07s
[75.996s][info][gc,start       ] GC(602) Pause Young (Allocation Failure)
[76.066s][info][gc,heap        ] GC(602) PSYoungGen: 207222K(239104K)->54659K(245760K) Eden: 136976K(142336K)->0K(142336K) From: 70245K(96768K)->54659K(103424K)
[76.066s][info][gc,heap        ] GC(602) ParOldGen: 62741K(699392K)->127219K(699392K)
[76.066s][info][gc,metaspace   ] GC(602) Metaspace: 16146K(16384K)->16146K(16384K) NonClass: 13950K(14080K)->13950K(14080K) Class: 2195K(2304K)->2195K(2304K)
[76.066s][info][gc             ] GC(602) Pause Young (Allocation Failure) 263M->177M(923M) 69.265ms
[76.066s][info][gc,cpu         ] GC(602) User=0.38s Sys=0.00s Real=0.08s
[76.188s][info][gc,start       ] GC(603) Pause Young (Allocation Failure)
[76.223s][info][gc,heap        ] GC(603) PSYoungGen: 196995K(245760K)->26447K(250368K) Eden: 142336K(142336K)->0K(147968K) From: 54659K(103424K)->26447K(102400K)
[76.223s][info][gc,heap        ] GC(603) ParOldGen: 127219K(699392K)->171792K(699392K)
[76.223s][info][gc,metaspace   ] GC(603) Metaspace: 16146K(16384K)->16146K(16384K) NonClass: 13950K(14080K)->13950K(14080K) Class: 2195K(2304K)->2195K(2304K)
[76.223s][info][gc             ] GC(603) Pause Young (Allocation Failure) 316M->193M(927M) 34.942ms
[76.223s][info][gc,cpu         ] GC(603) User=0.19s Sys=0.00s Real=0.03s
[76.302s][info][gc,start       ] GC(604) Pause Young (Allocation Failure)
[76.314s][info][gc,heap        ] GC(604) PSYoungGen: 174415K(250368K)->18592K(246784K) Eden: 147968K(147968K)->0K(147968K) From: 26447K(102400K)->18592K(98816K)
[76.314s][info][gc,heap        ] GC(604) ParOldGen: 171792K(699392K)->189690K(699392K)
[76.314s][info][gc,metaspace   ] GC(604) Metaspace: 16146K(16384K)->16146K(16384K) NonClass: 13950K(14080K)->13950K(14080K) Class: 2195K(2304K)->2195K(2304K)
[76.314s][info][gc             ] GC(604) Pause Young (Allocation Failure) 338M->203M(924M) 11.759ms
[76.314s][info][gc,cpu         ] GC(604) User=0.09s Sys=0.00s Real=0.01s
[76.384s][info][gc,start       ] GC(605) Pause Young (Allocation Failure)
[76.390s][info][gc,heap        ] GC(605) PSYoungGen: 166560K(246784K)->37056K(258048K) Eden: 147968K(147968K)->0K(161280K) From: 18592K(98816K)->37056K(96768K)
[76.390s][info][gc,heap        ] GC(605) ParOldGen: 189690K(699392K)->189690K(699392K)
[76.390s][info][gc,metaspace   ] GC(605) Metaspace: 16146K(16384K)->16146K(16384K) NonClass: 13950K(14080K)->13950K(14080K) Class: 2195K(2304K)->2195K(2304K)
[76.390s][info][gc             ] GC(605) Pause Young (Allocation Failure) 347M->221M(935M) 5.463ms
[76.390s][info][gc,cpu         ] GC(605) User=0.09s Sys=0.00s Real=0.00s
[76.438s][info][gc,start       ] GC(606) Pause Young (System.gc())
[76.438s][info][gc,heap        ] GC(606) PSYoungGen: 77573K(258048K)->128K(252416K) Eden: 40517K(161280K)->0K(161280K) From: 37056K(96768K)->128K(91136K)
[76.438s][info][gc,heap        ] GC(606) ParOldGen: 189690K(699392K)->189690K(699392K)
[76.438s][info][gc,metaspace   ] GC(606) Metaspace: 16146K(16384K)->16146K(16384K) NonClass: 13950K(14080K)->13950K(14080K) Class: 2195K(2304K)->2195K(2304K)
[76.438s][info][gc             ] GC(606) Pause Young (System.gc()) 261M->185M(929M) 0.477ms
[76.438s][info][gc,cpu         ] GC(606) User=0.00s Sys=0.00s Real=0.00s
[76.438s][info][gc,start       ] GC(607) Pause Full (System.gc())
[76.438s][info][gc,phases,start] GC(607) Marking Phase
[76.443s][info][gc,phases      ] GC(607) Marking Phase 4.718ms
[76.443s][info][gc,phases,start] GC(607) Summary Phase
[76.443s][info][gc,phases      ] GC(607) Summary Phase 0.010ms
[76.443s][info][gc,phases,start] GC(607) Adjust Roots
[76.445s][info][gc,phases      ] GC(607) Adjust Roots 2.201ms
[76.445s][info][gc,phases,start] GC(607) Compaction Phase
[76.447s][info][gc,phases      ] GC(607) Compaction Phase 1.205ms
[76.447s][info][gc,phases,start] GC(607) Post Compact
[76.447s][info][gc,phases      ] GC(607) Post Compact 0.719ms
[76.447s][info][gc,heap        ] GC(607) PSYoungGen: 128K(252416K)->0K(252416K) Eden: 0K(161280K)->0K(161280K) From: 128K(91136K)->0K(91136K)
[76.448s][info][gc,heap        ] GC(607) ParOldGen: 189690K(699392K)->5666K(699392K)
[76.448s][info][gc,metaspace   ] GC(607) Metaspace: 16146K(16384K)->16146K(16384K) NonClass: 13950K(14080K)->13950K(14080K) Class: 2195K(2304K)->2195K(2304K)
[76.448s][info][gc             ] GC(607) Pause Full (System.gc()) 185M->5M(929M) 9.131ms
[76.448s][info][gc,cpu         ] GC(607) User=0.00s Sys=0.00s Real=0.01s
[76.579s][info][gc,start       ] GC(608) Pause Young (Allocation Failure)
[76.615s][info][gc,heap        ] GC(608) PSYoungGen: 161280K(252416K)->63349K(246784K) Eden: 161280K(161280K)->0K(154624K) From: 0K(91136K)->63349K(92160K)
[76.615s][info][gc,heap        ] GC(608) ParOldGen: 5666K(699392K)->5666K(699392K)
[76.615s][info][gc,metaspace   ] GC(608) Metaspace: 16146K(16384K)->16146K(16384K) NonClass: 13950K(14080K)->13950K(14080K) Class: 2195K(2304K)->2195K(2304K)
[76.615s][info][gc             ] GC(608) Pause Young (Allocation Failure) 163M->67M(924M) 35.636ms
[76.615s][info][gc,cpu         ] GC(608) User=0.19s Sys=0.00s Real=0.05s
[76.753s][info][gc,start       ] GC(609) Pause Young (Allocation Failure)
[76.824s][info][gc,heap        ] GC(609) PSYoungGen: 217973K(246784K)->65691K(220672K) Eden: 154624K(154624K)->0K(154624K) From: 63349K(92160K)->65691K(66048K)
[76.824s][info][gc,heap        ] GC(609) ParOldGen: 5666K(699392K)->60405K(699392K)
[76.824s][info][gc,metaspace   ] GC(609) Metaspace: 16146K(16384K)->16146K(16384K) NonClass: 13950K(14080K)->13950K(14080K) Class: 2195K(2304K)->2195K(2304K)
[76.824s][info][gc             ] GC(609) Pause Young (Allocation Failure) 218M->123M(898M) 70.842ms
[76.824s][info][gc,cpu         ] GC(609) User=0.44s Sys=0.00s Real=0.08s
[76.961s][info][gc,start       ] GC(610) Pause Young (Allocation Failure)
[77.031s][info][gc,heap        ] GC(610) PSYoungGen: 213583K(220672K)->52348K(248832K) Eden: 147892K(154624K)->0K(146944K) From: 65691K(66048K)->52348K(101888K)
[77.031s][info][gc,heap        ] GC(610) ParOldGen: 60405K(699392K)->129490K(699392K)
[77.031s][info][gc,metaspace   ] GC(610) Metaspace: 16146K(16384K)->16146K(16384K) NonClass: 13950K(14080K)->13950K(14080K) Class: 2195K(2304K)->2195K(2304K)
[77.031s][info][gc             ] GC(610) Pause Young (Allocation Failure) 267M->177M(926M) 69.754ms
[77.031s][info][gc,cpu         ] GC(610) User=0.41s Sys=0.00s Real=0.08s
[77.159s][info][gc,start       ] GC(611) Pause Young (Allocation Failure)
[77.206s][info][gc,heap        ] GC(611) PSYoungGen: 199270K(248832K)->25130K(247296K) Eden: 146922K(146944K)->0K(146944K) From: 52348K(101888K)->25130K(100352K)
[77.207s][info][gc,heap        ] GC(611) ParOldGen: 129490K(699392K)->181737K(699392K)
[77.207s][info][gc,metaspace   ] GC(611) Metaspace: 16146K(16384K)->16146K(16384K) NonClass: 13950K(14080K)->13950K(14080K) Class: 2195K(2304K)->2195K(2304K)
[77.207s][info][gc             ] GC(611) Pause Young (Allocation Failure) 321M->202M(924M) 47.669ms
[77.207s][info][gc,cpu         ] GC(611) User=0.28s Sys=0.00s Real=0.05s
[77.290s][info][gc,start       ] GC(612) Pause Young (Allocation Failure)
[77.301s][info][gc,heap        ] GC(612) PSYoungGen: 172074K(247296K)->18624K(254464K) Eden: 146944K(146944K)->0K(157184K) From: 25130K(100352K)->18624K(97280K)
[77.301s][info][gc,heap        ] GC(612) ParOldGen: 181737K(699392K)->199580K(699392K)
[77.301s][info][gc,metaspace   ] GC(612) Metaspace: 16146K(16384K)->16146K(16384K) NonClass: 13950K(14080K)->13950K(14080K) Class: 2195K(2304K)->2195K(2304K)
[77.301s][info][gc             ] GC(612) Pause Young (Allocation Failure) 345M->213M(931M) 11.593ms
[77.301s][info][gc,cpu         ] GC(612) User=0.06s Sys=0.00s Real=0.01s
[77.388s][info][gc,start       ] GC(613) Pause Young (Allocation Failure)
[77.394s][info][gc,heap        ] GC(613) PSYoungGen: 175808K(254464K)->36992K(251904K) Eden: 157184K(157184K)->0K(157184K) From: 18624K(97280K)->36992K(94720K)
[77.394s][info][gc,heap        ] GC(613) ParOldGen: 199580K(699392K)->199580K(699392K)
[77.394s][info][gc,metaspace   ] GC(613) Metaspace: 16146K(16384K)->16146K(16384K) NonClass: 13950K(14080K)->13950K(14080K) Class: 2195K(2304K)->2195K(2304K)
[77.394s][info][gc             ] GC(613) Pause Young (Allocation Failure) 366M->231M(929M) 5.955ms
[77.394s][info][gc,cpu         ] GC(613) User=0.00s Sys=0.00s Real=0.00s
[77.438s][info][gc,start       ] GC(614) Pause Young (System.gc())
[77.439s][info][gc,heap        ] GC(614) PSYoungGen: 71114K(251904K)->128K(257024K) Eden: 34121K(157184K)->0K(167936K) From: 36992K(94720K)->128K(89088K)
[77.439s][info][gc,heap        ] GC(614) ParOldGen: 199580K(699392K)->199580K(699392K)
[77.439s][info][gc,metaspace   ] GC(614) Metaspace: 16146K(16384K)->16146K(16384K) NonClass: 13950K(14080K)->13950K(14080K) Class: 2195K(2304K)->2195K(2304K)
[77.439s][info][gc             ] GC(614) Pause Young (System.gc()) 264M->195M(934M) 0.409ms
[77.439s][info][gc,cpu         ] GC(614) User=0.00s Sys=0.00s Real=0.00s
[77.439s][info][gc,start       ] GC(615) Pause Full (System.gc())
[77.439s][info][gc,phases,start] GC(615) Marking Phase
[77.443s][info][gc,phases      ] GC(615) Marking Phase 4.797ms
[77.443s][info][gc,phases,start] GC(615) Summary Phase
[77.443s][info][gc,phases      ] GC(615) Summary Phase 0.010ms
[77.444s][info][gc,phases,start] GC(615) Adjust Roots
[77.446s][info][gc,phases      ] GC(615) Adjust Roots 2.707ms
[77.446s][info][gc,phases,start] GC(615) Compaction Phase
[77.448s][info][gc,phases      ] GC(615) Compaction Phase 1.886ms
[77.448s][info][gc,phases,start] GC(615) Post Compact
[77.449s][info][gc,phases      ] GC(615) Post Compact 0.720ms
[77.449s][info][gc,heap        ] GC(615) PSYoungGen: 128K(257024K)->0K(257024K) Eden: 0K(167936K)->0K(167936K) From: 128K(89088K)->0K(89088K)
[77.449s][info][gc,heap        ] GC(615) ParOldGen: 199580K(699392K)->5665K(699392K)
[77.449s][info][gc,metaspace   ] GC(615) Metaspace: 16146K(16384K)->16146K(16384K) NonClass: 13950K(14080K)->13950K(14080K) Class: 2195K(2304K)->2195K(2304K)
[77.449s][info][gc             ] GC(615) Pause Full (System.gc()) 195M->5M(934M) 10.396ms
[77.449s][info][gc,cpu         ] GC(615) User=0.03s Sys=0.00s Real=0.02s
[77.588s][info][gc,start       ] GC(616) Pause Young (Allocation Failure)
[77.625s][info][gc,heap        ] GC(616) PSYoungGen: 167936K(257024K)->65751K(233984K) Eden: 167936K(167936K)->0K(167936K) From: 0K(89088K)->65751K(66048K)
[77.625s][info][gc,heap        ] GC(616) ParOldGen: 5665K(699392K)->5665K(699392K)
[77.625s][info][gc,metaspace   ] GC(616) Metaspace: 16146K(16384K)->16146K(16384K) NonClass: 13951K(14080K)->13951K(14080K) Class: 2195K(2304K)->2195K(2304K)
[77.625s][info][gc             ] GC(616) Pause Young (Allocation Failure) 169M->69M(911M) 37.053ms
[77.625s][info][gc,cpu         ] GC(616) User=0.28s Sys=0.00s Real=0.05s
[77.775s][info][gc,start       ] GC(617) Pause Young (Allocation Failure)
[77.846s][info][gc,heap        ] GC(617) PSYoungGen: 233687K(233984K)->70297K(240128K) Eden: 167936K(167936K)->0K(143360K) From: 65751K(66048K)->70297K(96768K)
[77.846s][info][gc,heap        ] GC(617) ParOldGen: 5665K(699392K)->62761K(699392K)
[77.846s][info][gc,metaspace   ] GC(617) Metaspace: 16146K(16384K)->16146K(16384K) NonClass: 13951K(14080K)->13951K(14080K) Class: 2195K(2304K)->2195K(2304K)
[77.846s][info][gc             ] GC(617) Pause Young (Allocation Failure) 233M->129M(917M) 71.411ms
[77.846s][info][gc,cpu         ] GC(617) User=0.47s Sys=0.00s Real=0.08s
[77.966s][info][gc,start       ] GC(618) Pause Young (Allocation Failure)
[78.036s][info][gc,heap        ] GC(618) PSYoungGen: 208126K(240128K)->54742K(246272K) Eden: 137829K(143360K)->0K(143360K) From: 70297K(96768K)->54742K(102912K)
[78.036s][info][gc,heap        ] GC(618) ParOldGen: 62761K(699392K)->130327K(699392K)
[78.036s][info][gc,metaspace   ] GC(618) Metaspace: 16146K(16384K)->16146K(16384K) NonClass: 13951K(14080K)->13951K(14080K) Class: 2195K(2304K)->2195K(2304K)
[78.036s][info][gc             ] GC(618) Pause Young (Allocation Failure) 264M->180M(923M) 70.248ms
[78.036s][info][gc,cpu         ] GC(618) User=0.38s Sys=0.00s Real=0.07s
[78.160s][info][gc,start       ] GC(619) Pause Young (Allocation Failure)
[78.197s][info][gc,heap        ] GC(619) PSYoungGen: 197716K(246272K)->25802K(250368K) Eden: 142974K(143360K)->0K(147968K) From: 54742K(102912K)->25802K(102400K)
[78.197s][info][gc,heap        ] GC(619) ParOldGen: 130327K(699392K)->174964K(699392K)
[78.197s][info][gc,metaspace   ] GC(619) Metaspace: 16146K(16384K)->16146K(16384K) NonClass: 13951K(14080K)->13951K(14080K) Class: 2195K(2304K)->2195K(2304K)
[78.197s][info][gc             ] GC(619) Pause Young (Allocation Failure) 320M->196M(927M) 36.224ms
[78.197s][info][gc,cpu         ] GC(619) User=0.19s Sys=0.00s Real=0.03s
[78.279s][info][gc,start       ] GC(620) Pause Young (Allocation Failure)
[78.291s][info][gc,heap        ] GC(620) PSYoungGen: 173770K(250368K)->18592K(246784K) Eden: 147968K(147968K)->0K(147968K) From: 25802K(102400K)->18592K(98816K)
[78.291s][info][gc,heap        ] GC(620) ParOldGen: 174964K(699392K)->192800K(699392K)
[78.291s][info][gc,metaspace   ] GC(620) Metaspace: 16146K(16384K)->16146K(16384K) NonClass: 13951K(14080K)->13951K(14080K) Class: 2195K(2304K)->2195K(2304K)
[78.291s][info][gc             ] GC(620) Pause Young (Allocation Failure) 340M->206M(924M) 11.726ms
[78.291s][info][gc,cpu         ] GC(620) User=0.00s Sys=0.00s Real=0.01s
[78.364s][info][gc,start       ] GC(621) Pause Young (Allocation Failure)
[78.369s][info][gc,heap        ] GC(621) PSYoungGen: 166560K(246784K)->37024K(258048K) Eden: 147968K(147968K)->0K(161280K) From: 18592K(98816K)->37024K(96768K)
[78.369s][info][gc,heap        ] GC(621) ParOldGen: 192800K(699392K)->192800K(699392K)
[78.369s][info][gc,metaspace   ] GC(621) Metaspace: 16146K(16384K)->16146K(16384K) NonClass: 13951K(14080K)->13951K(14080K) Class: 2195K(2304K)->2195K(2304K)
[78.369s][info][gc             ] GC(621) Pause Young (Allocation Failure) 350M->224M(935M) 5.414ms
[78.369s][info][gc,cpu         ] GC(621) User=0.00s Sys=0.00s Real=0.00s
[78.396s][info][gc,start       ] GC(622) Pause Young (System.gc())
[78.397s][info][gc,heap        ] GC(622) PSYoungGen: 73751K(258048K)->128K(252416K) Eden: 36727K(161280K)->0K(161280K) From: 37024K(96768K)->128K(91136K)
[78.397s][info][gc,heap        ] GC(622) ParOldGen: 192800K(699392K)->192800K(699392K)
[78.397s][info][gc,metaspace   ] GC(622) Metaspace: 16146K(16384K)->16146K(16384K) NonClass: 13951K(14080K)->13951K(14080K) Class: 2195K(2304K)->2195K(2304K)
[78.397s][info][gc             ] GC(622) Pause Young (System.gc()) 260M->188M(929M) 0.639ms
[78.397s][info][gc,cpu         ] GC(622) User=0.00s Sys=0.00s Real=0.00s
[78.397s][info][gc,start       ] GC(623) Pause Full (System.gc())
[78.397s][info][gc,phases,start] GC(623) Marking Phase
[78.402s][info][gc,phases      ] GC(623) Marking Phase 5.041ms
[78.402s][info][gc,phases,start] GC(623) Summary Phase
[78.402s][info][gc,phases      ] GC(623) Summary Phase 0.011ms
[78.402s][info][gc,phases,start] GC(623) Adjust Roots
[78.405s][info][gc,phases      ] GC(623) Adjust Roots 2.546ms
[78.405s][info][gc,phases,start] GC(623) Compaction Phase
[78.407s][info][gc,phases      ] GC(623) Compaction Phase 1.953ms
[78.407s][info][gc,phases,start] GC(623) Post Compact
[78.407s][info][gc,phases      ] GC(623) Post Compact 0.609ms
[78.408s][info][gc,heap        ] GC(623) PSYoungGen: 128K(252416K)->0K(252416K) Eden: 0K(161280K)->0K(161280K) From: 128K(91136K)->0K(91136K)
[78.408s][info][gc,heap        ] GC(623) ParOldGen: 192800K(699392K)->5665K(699392K)
[78.408s][info][gc,metaspace   ] GC(623) Metaspace: 16146K(16384K)->16146K(16384K) NonClass: 13951K(14080K)->13951K(14080K) Class: 2195K(2304K)->2195K(2304K)
[78.408s][info][gc             ] GC(623) Pause Full (System.gc()) 188M->5M(929M) 10.435ms
[78.408s][info][gc,cpu         ] GC(623) User=0.02s Sys=0.00s Real=0.02s
[78.541s][info][gc,start       ] GC(624) Pause Young (Allocation Failure)
[78.576s][info][gc,heap        ] GC(624) PSYoungGen: 161280K(252416K)->63381K(246784K) Eden: 161280K(161280K)->0K(154624K) From: 0K(91136K)->63381K(92160K)
[78.576s][info][gc,heap        ] GC(624) ParOldGen: 5665K(699392K)->5665K(699392K)
[78.576s][info][gc,metaspace   ] GC(624) Metaspace: 16146K(16384K)->16146K(16384K) NonClass: 13951K(14080K)->13951K(14080K) Class: 2195K(2304K)->2195K(2304K)
[78.577s][info][gc             ] GC(624) Pause Young (Allocation Failure) 163M->67M(924M) 35.783ms
[78.577s][info][gc,cpu         ] GC(624) User=0.28s Sys=0.00s Real=0.04s
[78.713s][info][gc,start       ] GC(625) Pause Young (Allocation Failure)
[78.782s][info][gc,heap        ] GC(625) PSYoungGen: 218005K(246784K)->65652K(220672K) Eden: 154624K(154624K)->0K(154624K) From: 63381K(92160K)->65652K(66048K)
[78.782s][info][gc,heap        ] GC(625) ParOldGen: 5665K(699392K)->60460K(699392K)
[78.782s][info][gc,metaspace   ] GC(625) Metaspace: 16146K(16384K)->16146K(16384K) NonClass: 13951K(14080K)->13951K(14080K) Class: 2195K(2304K)->2195K(2304K)
[78.782s][info][gc             ] GC(625) Pause Young (Allocation Failure) 218M->123M(898M) 69.211ms
[78.782s][info][gc,cpu         ] GC(625) User=0.44s Sys=0.00s Real=0.07s
[78.921s][info][gc,start       ] GC(626) Pause Young (Allocation Failure)
[78.993s][info][gc,heap        ] GC(626) PSYoungGen: 213591K(220672K)->52354K(248832K) Eden: 147938K(154624K)->0K(146944K) From: 65652K(66048K)->52354K(101888K)
[78.993s][info][gc,heap        ] GC(626) ParOldGen: 60460K(699392K)->129538K(699392K)
[78.993s][info][gc,metaspace   ] GC(626) Metaspace: 16146K(16384K)->16146K(16384K) NonClass: 13951K(14080K)->13951K(14080K) Class: 2195K(2304K)->2195K(2304K)
[78.993s][info][gc             ] GC(626) Pause Young (Allocation Failure) 267M->177M(926M) 71.668ms
[78.993s][info][gc,cpu         ] GC(626) User=0.38s Sys=0.00s Real=0.07s
[79.113s][info][gc,start       ] GC(627) Pause Young (Allocation Failure)
[79.158s][info][gc,heap        ] GC(627) PSYoungGen: 198891K(248832K)->29178K(247296K) Eden: 146536K(146944K)->0K(146944K) From: 52354K(101888K)->29178K(100352K)
[79.158s][info][gc,heap        ] GC(627) ParOldGen: 129538K(699392K)->181728K(699392K)
[79.158s][info][gc,metaspace   ] GC(627) Metaspace: 16146K(16384K)->16146K(16384K) NonClass: 13951K(14080K)->13951K(14080K) Class: 2195K(2304K)->2195K(2304K)
[79.158s][info][gc             ] GC(627) Pause Young (Allocation Failure) 320M->205M(924M) 45.037ms
[79.158s][info][gc,cpu         ] GC(627) User=0.27s Sys=0.00s Real=0.04s
[79.237s][info][gc,start       ] GC(628) Pause Young (Allocation Failure)
[79.249s][info][gc,heap        ] GC(628) PSYoungGen: 176122K(247296K)->18592K(254976K) Eden: 146944K(146944K)->0K(158720K) From: 29178K(100352K)->18592K(96256K)
[79.249s][info][gc,heap        ] GC(628) ParOldGen: 181728K(699392K)->199579K(699392K)
[79.249s][info][gc,metaspace   ] GC(628) Metaspace: 16146K(16384K)->16146K(16384K) NonClass: 13951K(14080K)->13951K(14080K) Class: 2195K(2304K)->2195K(2304K)
[79.249s][info][gc             ] GC(628) Pause Young (Allocation Failure) 349M->213M(932M) 11.646ms
[79.249s][info][gc,cpu         ] GC(628) User=0.09s Sys=0.00s Real=0.01s
[79.330s][info][gc,start       ] GC(629) Pause Young (Allocation Failure)
[79.335s][info][gc,heap        ] GC(629) PSYoungGen: 177312K(254976K)->37024K(252928K) Eden: 158720K(158720K)->0K(158720K) From: 18592K(96256K)->37024K(94208K)
[79.335s][info][gc,heap        ] GC(629) ParOldGen: 199579K(699392K)->199579K(699392K)
[79.335s][info][gc,metaspace   ] GC(629) Metaspace: 16146K(16384K)->16146K(16384K) NonClass: 13951K(14080K)->13951K(14080K) Class: 2195K(2304K)->2195K(2304K)
[79.335s][info][gc             ] GC(629) Pause Young (Allocation Failure) 368M->231M(930M) 5.230ms
[79.335s][info][gc,cpu         ] GC(629) User=0.00s Sys=0.00s Real=0.00s
[79.368s][info][gc,start       ] GC(630) Pause Young (System.gc())
[79.368s][info][gc,heap        ] GC(630) PSYoungGen: 65306K(252928K)->192K(258048K) Eden: 28282K(158720K)->0K(168960K) From: 37024K(94208K)->192K(89088K)
[79.368s][info][gc,heap        ] GC(630) ParOldGen: 199579K(699392K)->199579K(699392K)
[79.368s][info][gc,metaspace   ] GC(630) Metaspace: 16146K(16384K)->16146K(16384K) NonClass: 13951K(14080K)->13951K(14080K) Class: 2195K(2304K)->2195K(2304K)
[79.368s][info][gc             ] GC(630) Pause Young (System.gc()) 258M->195M(935M) 0.799ms
[79.368s][info][gc,cpu         ] GC(630) User=0.00s Sys=0.00s Real=0.00s
[79.368s][info][gc,start       ] GC(631) Pause Full (System.gc())
[79.368s][info][gc,phases,start] GC(631) Marking Phase
[79.374s][info][gc,phases      ] GC(631) Marking Phase 5.018ms
[79.374s][info][gc,phases,start] GC(631) Summary Phase
[79.374s][info][gc,phases      ] GC(631) Summary Phase 0.010ms
[79.374s][info][gc,phases,start] GC(631) Adjust Roots
[79.377s][info][gc,phases      ] GC(631) Adjust Roots 3.131ms
[79.377s][info][gc,phases,start] GC(631) Compaction Phase
[79.378s][info][gc,phases      ] GC(631) Compaction Phase 1.412ms
[79.378s][info][gc,phases,start] GC(631) Post Compact
[79.379s][info][gc,phases      ] GC(631) Post Compact 0.692ms
[79.379s][info][gc,heap        ] GC(631) PSYoungGen: 192K(258048K)->0K(258048K) Eden: 0K(168960K)->0K(168960K) From: 192K(89088K)->0K(89088K)
[79.379s][info][gc,heap        ] GC(631) ParOldGen: 199579K(699392K)->5665K(699392K)
[79.379s][info][gc,metaspace   ] GC(631) Metaspace: 16146K(16384K)->16146K(16384K) NonClass: 13951K(14080K)->13951K(14080K) Class: 2195K(2304K)->2195K(2304K)
[79.379s][info][gc             ] GC(631) Pause Full (System.gc()) 195M->5M(935M) 10.496ms
[79.379s][info][gc,cpu         ] GC(631) User=0.09s Sys=0.00s Real=0.02s
[79.521s][info][gc,start       ] GC(632) Pause Young (Allocation Failure)
[79.558s][info][gc,heap        ] GC(632) PSYoungGen: 168960K(258048K)->66129K(235520K) Eden: 168960K(168960K)->0K(168960K) From: 0K(89088K)->66129K(66560K)
[79.558s][info][gc,heap        ] GC(632) ParOldGen: 5665K(699392K)->5665K(699392K)
[79.558s][info][gc,metaspace   ] GC(632) Metaspace: 16146K(16384K)->16146K(16384K) NonClass: 13951K(14080K)->13951K(14080K) Class: 2195K(2304K)->2195K(2304K)
[79.558s][info][gc             ] GC(632) Pause Young (Allocation Failure) 170M->70M(913M) 37.040ms
[79.558s][info][gc,cpu         ] GC(632) User=0.20s Sys=0.06s Real=0.04s
[79.705s][info][gc,start       ] GC(633) Pause Young (Allocation Failure)
[79.779s][info][gc,heap        ] GC(633) PSYoungGen: 235089K(235520K)->70649K(239616K) Eden: 168960K(168960K)->0K(143360K) From: 66129K(66560K)->70649K(96256K)
[79.779s][info][gc,heap        ] GC(633) ParOldGen: 5665K(699392K)->63101K(699392K)
[79.779s][info][gc,metaspace   ] GC(633) Metaspace: 16146K(16384K)->16146K(16384K) NonClass: 13951K(14080K)->13951K(14080K) Class: 2195K(2304K)->2195K(2304K)
[79.779s][info][gc             ] GC(633) Pause Young (Allocation Failure) 235M->130M(917M) 73.535ms
[79.779s][info][gc,cpu         ] GC(633) User=0.47s Sys=0.00s Real=0.08s
[79.899s][info][gc,start       ] GC(634) Pause Young (Allocation Failure)
[79.970s][info][gc,heap        ] GC(634) PSYoungGen: 212541K(239616K)->60207K(203776K) Eden: 141891K(143360K)->0K(143360K) From: 70649K(96256K)->60207K(60416K)
[79.971s][info][gc,heap        ] GC(634) ParOldGen: 63101K(699392K)->124854K(699392K)
[79.971s][info][gc,metaspace   ] GC(634) Metaspace: 16146K(16384K)->16146K(16384K) NonClass: 13951K(14080K)->13951K(14080K) Class: 2195K(2304K)->2195K(2304K)
[79.971s][info][gc             ] GC(634) Pause Young (Allocation Failure) 269M->180M(882M) 71.404ms
[79.971s][info][gc,cpu         ] GC(634) User=0.39s Sys=0.00s Real=0.08s
[80.093s][info][gc,start       ] GC(635) Pause Young (Allocation Failure)
[80.127s][info][gc,heap        ] GC(635) PSYoungGen: 203567K(203776K)->26986K(248832K) Eden: 143360K(143360K)->0K(144896K) From: 60207K(60416K)->26986K(103936K)
[80.127s][info][gc,heap        ] GC(635) ParOldGen: 124854K(699392K)->168928K(699392K)
[80.127s][info][gc,metaspace   ] GC(635) Metaspace: 16146K(16384K)->16146K(16384K) NonClass: 13951K(14080K)->13951K(14080K) Class: 2195K(2304K)->2195K(2304K)
[80.127s][info][gc             ] GC(635) Pause Young (Allocation Failure) 320M->191M(926M) 33.917ms
[80.127s][info][gc,cpu         ] GC(635) User=0.19s Sys=0.00s Real=0.03s
[80.201s][info][gc,start       ] GC(636) Pause Young (Allocation Failure)
[80.212s][info][gc,heap        ] GC(636) PSYoungGen: 171882K(248832K)->18624K(245248K) Eden: 144896K(144896K)->0K(144896K) From: 26986K(103936K)->18624K(100352K)
[80.212s][info][gc,heap        ] GC(636) ParOldGen: 168928K(699392K)->186611K(699392K)
[80.212s][info][gc,metaspace   ] GC(636) Metaspace: 16146K(16384K)->16146K(16384K) NonClass: 13951K(14080K)->13951K(14080K) Class: 2195K(2304K)->2195K(2304K)
[80.213s][info][gc             ] GC(636) Pause Young (Allocation Failure) 332M->200M(922M) 11.270ms
[80.213s][info][gc,cpu         ] GC(636) User=0.00s Sys=0.00s Real=0.01s
[80.282s][info][gc,start       ] GC(637) Pause Young (Allocation Failure)
[80.288s][info][gc,heap        ] GC(637) PSYoungGen: 163520K(245248K)->37024K(256512K) Eden: 144896K(144896K)->0K(158208K) From: 18624K(100352K)->37024K(98304K)
[80.288s][info][gc,heap        ] GC(637) ParOldGen: 186611K(699392K)->186611K(699392K)
[80.288s][info][gc,metaspace   ] GC(637) Metaspace: 16146K(16384K)->16146K(16384K) NonClass: 13951K(14080K)->13951K(14080K) Class: 2195K(2304K)->2195K(2304K)
[80.288s][info][gc             ] GC(637) Pause Young (Allocation Failure) 341M->218M(933M) 5.964ms
[80.288s][info][gc,cpu         ] GC(637) User=0.00s Sys=0.00s Real=0.00s
[80.325s][info][gc,start       ] GC(638) Pause Young (System.gc())
[80.326s][info][gc,heap        ] GC(638) PSYoungGen: 73815K(256512K)->160K(250880K) Eden: 36791K(158208K)->0K(158208K) From: 37024K(98304K)->160K(92672K)
[80.326s][info][gc,heap        ] GC(638) ParOldGen: 186611K(699392K)->186611K(699392K)
[80.326s][info][gc,metaspace   ] GC(638) Metaspace: 16146K(16384K)->16146K(16384K) NonClass: 13951K(14080K)->13951K(14080K) Class: 2195K(2304K)->2195K(2304K)
[80.326s][info][gc             ] GC(638) Pause Young (System.gc()) 254M->182M(928M) 0.348ms
[80.326s][info][gc,cpu         ] GC(638) User=0.00s Sys=0.00s Real=0.00s
[80.326s][info][gc,start       ] GC(639) Pause Full (System.gc())
[80.326s][info][gc,phases,start] GC(639) Marking Phase
[80.331s][info][gc,phases      ] GC(639) Marking Phase 4.899ms
[80.331s][info][gc,phases,start] GC(639) Summary Phase
[80.331s][info][gc,phases      ] GC(639) Summary Phase 0.011ms
[80.331s][info][gc,phases,start] GC(639) Adjust Roots
[80.333s][info][gc,phases      ] GC(639) Adjust Roots 2.197ms
[80.333s][info][gc,phases,start] GC(639) Compaction Phase
[80.335s][info][gc,phases      ] GC(639) Compaction Phase 1.788ms
[80.335s][info][gc,phases,start] GC(639) Post Compact
[80.336s][info][gc,phases      ] GC(639) Post Compact 0.748ms
[80.336s][info][gc,heap        ] GC(639) PSYoungGen: 160K(250880K)->0K(250880K) Eden: 0K(158208K)->0K(158208K) From: 160K(92672K)->0K(92672K)
[80.336s][info][gc,heap        ] GC(639) ParOldGen: 186611K(699392K)->5665K(699392K)
[80.336s][info][gc,metaspace   ] GC(639) Metaspace: 16146K(16384K)->16146K(16384K) NonClass: 13951K(14080K)->13951K(14080K) Class: 2195K(2304K)->2195K(2304K)
[80.336s][info][gc             ] GC(639) Pause Full (System.gc()) 182M->5M(928M) 9.912ms
[80.336s][info][gc,cpu         ] GC(639) User=0.00s Sys=0.00s Real=0.00s
[80.467s][info][gc,start       ] GC(640) Pause Young (Allocation Failure)
[80.501s][info][gc,heap        ] GC(640) PSYoungGen: 158208K(250880K)->62279K(246272K) Eden: 158208K(158208K)->0K(152576K) From: 0K(92672K)->62279K(93696K)
[80.501s][info][gc,heap        ] GC(640) ParOldGen: 5665K(699392K)->5665K(699392K)
[80.501s][info][gc,metaspace   ] GC(640) Metaspace: 16146K(16384K)->16146K(16384K) NonClass: 13951K(14080K)->13951K(14080K) Class: 2195K(2304K)->2195K(2304K)
[80.501s][info][gc             ] GC(640) Pause Young (Allocation Failure) 160M->66M(923M) 33.767ms
[80.501s][info][gc,cpu         ] GC(640) User=0.19s Sys=0.00s Real=0.03s
[80.635s][info][gc,start       ] GC(641) Pause Young (Allocation Failure)
[80.699s][info][gc,heap        ] GC(641) PSYoungGen: 214855K(246272K)->64928K(217600K) Eden: 152576K(152576K)->0K(152576K) From: 62279K(93696K)->64928K(65024K)
[80.699s][info][gc,heap        ] GC(641) ParOldGen: 5665K(699392K)->59358K(699392K)
[80.699s][info][gc,metaspace   ] GC(641) Metaspace: 16146K(16384K)->16146K(16384K) NonClass: 13951K(14080K)->13951K(14080K) Class: 2195K(2304K)->2195K(2304K)
[80.699s][info][gc             ] GC(641) Pause Young (Allocation Failure) 215M->121M(895M) 64.596ms
[80.699s][info][gc,cpu         ] GC(641) User=0.47s Sys=0.00s Real=0.07s
[80.843s][info][gc,start       ] GC(642) Pause Young (Allocation Failure)
[80.917s][info][gc,heap        ] GC(642) PSYoungGen: 217504K(217600K)->54334K(247808K) Eden: 152576K(152576K)->0K(145408K) From: 64928K(65024K)->54334K(102400K)
[80.917s][info][gc,heap        ] GC(642) ParOldGen: 59358K(699392K)->123124K(699392K)
[80.917s][info][gc,metaspace   ] GC(642) Metaspace: 16146K(16384K)->16146K(16384K) NonClass: 13951K(14080K)->13951K(14080K) Class: 2195K(2304K)->2195K(2304K)
[80.917s][info][gc             ] GC(642) Pause Young (Allocation Failure) 270M->173M(925M) 73.806ms
[80.917s][info][gc,cpu         ] GC(642) User=0.42s Sys=0.02s Real=0.08s
[81.038s][info][gc,start       ] GC(643) Pause Young (Allocation Failure)
[81.087s][info][gc,heap        ] GC(643) PSYoungGen: 199742K(247808K)->26144K(246784K) Eden: 145408K(145408K)->0K(145408K) From: 54334K(102400K)->26144K(101376K)
[81.087s][info][gc,heap        ] GC(643) ParOldGen: 123124K(699392K)->177288K(699392K)
[81.087s][info][gc,metaspace   ] GC(643) Metaspace: 16146K(16384K)->16146K(16384K) NonClass: 13951K(14080K)->13951K(14080K) Class: 2195K(2304K)->2195K(2304K)
[81.087s][info][gc             ] GC(643) Pause Young (Allocation Failure) 315M->198M(924M) 49.055ms
[81.087s][info][gc,cpu         ] GC(643) User=0.28s Sys=0.00s Real=0.05s
[81.162s][info][gc,start       ] GC(644) Pause Young (Allocation Failure)
[81.173s][info][gc,heap        ] GC(644) PSYoungGen: 171552K(246784K)->18624K(253440K) Eden: 145408K(145408K)->0K(155648K) From: 26144K(101376K)->18624K(97792K)
[81.173s][info][gc,heap        ] GC(644) ParOldGen: 177288K(699392K)->194928K(699392K)
[81.173s][info][gc,metaspace   ] GC(644) Metaspace: 16146K(16384K)->16146K(16384K) NonClass: 13951K(14080K)->13951K(14080K) Class: 2195K(2304K)->2195K(2304K)
[81.173s][info][gc             ] GC(644) Pause Young (Allocation Failure) 340M->208M(930M) 11.087ms
[81.173s][info][gc,cpu         ] GC(644) User=0.09s Sys=0.00s Real=0.01s
[81.249s][info][gc,start       ] GC(645) Pause Young (Allocation Failure)
[81.254s][info][gc,heap        ] GC(645) PSYoungGen: 174272K(253440K)->37056K(251392K) Eden: 155648K(155648K)->0K(155648K) From: 18624K(97792K)->37056K(95744K)
[81.254s][info][gc,heap        ] GC(645) ParOldGen: 194928K(699392K)->194928K(699392K)
[81.254s][info][gc,metaspace   ] GC(645) Metaspace: 16146K(16384K)->16146K(16384K) NonClass: 13951K(14080K)->13951K(14080K) Class: 2195K(2304K)->2195K(2304K)
[81.254s][info][gc             ] GC(645) Pause Young (Allocation Failure) 360M->226M(928M) 5.210ms
[81.254s][info][gc,cpu         ] GC(645) User=0.00s Sys=0.00s Real=0.01s
[81.299s][info][gc,start       ] GC(646) Pause Young (System.gc())
[81.299s][info][gc,heap        ] GC(646) PSYoungGen: 73260K(251392K)->128K(256000K) Eden: 36204K(155648K)->0K(165888K) From: 37056K(95744K)->128K(90112K)
[81.299s][info][gc,heap        ] GC(646) ParOldGen: 194928K(699392K)->194928K(699392K)
[81.299s][info][gc,metaspace   ] GC(646) Metaspace: 16146K(16384K)->16146K(16384K) NonClass: 13951K(14080K)->13951K(14080K) Class: 2195K(2304K)->2195K(2304K)
[81.299s][info][gc             ] GC(646) Pause Young (System.gc()) 261M->190M(933M) 0.506ms
[81.299s][info][gc,cpu         ] GC(646) User=0.00s Sys=0.00s Real=0.00s
[81.299s][info][gc,start       ] GC(647) Pause Full (System.gc())
[81.299s][info][gc,phases,start] GC(647) Marking Phase
[81.304s][info][gc,phases      ] GC(647) Marking Phase 5.183ms
[81.305s][info][gc,phases,start] GC(647) Summary Phase
[81.305s][info][gc,phases      ] GC(647) Summary Phase 0.010ms
[81.305s][info][gc,phases,start] GC(647) Adjust Roots
[81.307s][info][gc,phases      ] GC(647) Adjust Roots 2.225ms
[81.307s][info][gc,phases,start] GC(647) Compaction Phase
[81.309s][info][gc,phases      ] GC(647) Compaction Phase 1.821ms
[81.309s][info][gc,phases,start] GC(647) Post Compact
[81.309s][info][gc,phases      ] GC(647) Post Compact 0.628ms
[81.309s][info][gc,heap        ] GC(647) PSYoungGen: 128K(256000K)->0K(256000K) Eden: 0K(165888K)->0K(165888K) From: 128K(90112K)->0K(90112K)
[81.309s][info][gc,heap        ] GC(647) ParOldGen: 194928K(699392K)->5665K(699392K)
[81.309s][info][gc,metaspace   ] GC(647) Metaspace: 16146K(16384K)->16146K(16384K) NonClass: 13951K(14080K)->13951K(14080K) Class: 2195K(2304K)->2195K(2304K)
[81.309s][info][gc             ] GC(647) Pause Full (System.gc()) 190M->5M(933M) 10.120ms
[81.309s][info][gc,cpu         ] GC(647) User=0.08s Sys=0.02s Real=0.02s
[81.449s][info][gc,start       ] GC(648) Pause Young (Allocation Failure)
[81.486s][info][gc,heap        ] GC(648) PSYoungGen: 165888K(256000K)->65032K(231424K) Eden: 165888K(165888K)->0K(165888K) From: 0K(90112K)->65032K(65536K)
[81.486s][info][gc,heap        ] GC(648) ParOldGen: 5665K(699392K)->5665K(699392K)
[81.486s][info][gc,metaspace   ] GC(648) Metaspace: 16146K(16384K)->16146K(16384K) NonClass: 13951K(14080K)->13951K(14080K) Class: 2195K(2304K)->2195K(2304K)
[81.486s][info][gc             ] GC(648) Pause Young (Allocation Failure) 167M->69M(909M) 36.622ms
[81.486s][info][gc,cpu         ] GC(648) User=0.19s Sys=0.00s Real=0.04s
[81.631s][info][gc,start       ] GC(649) Pause Young (Allocation Failure)
[81.700s][info][gc,heap        ] GC(649) PSYoungGen: 230920K(231424K)->69554K(239616K) Eden: 165888K(165888K)->0K(142336K) From: 65032K(65536K)->69554K(97280K)
[81.700s][info][gc,heap        ] GC(649) ParOldGen: 5665K(699392K)->62034K(699392K)
[81.700s][info][gc,metaspace   ] GC(649) Metaspace: 16146K(16384K)->16146K(16384K) NonClass: 13951K(14080K)->13951K(14080K) Class: 2195K(2304K)->2195K(2304K)
[81.700s][info][gc             ] GC(649) Pause Young (Allocation Failure) 231M->128M(917M) 68.757ms
[81.700s][info][gc,cpu         ] GC(649) User=0.47s Sys=0.00s Real=0.08s
[81.825s][info][gc,start       ] GC(650) Pause Young (Allocation Failure)
[81.898s][info][gc,heap        ] GC(650) PSYoungGen: 210720K(239616K)->56273K(245760K) Eden: 141166K(142336K)->0K(142336K) From: 69554K(97280K)->56273K(103424K)
[81.898s][info][gc,heap        ] GC(650) ParOldGen: 62034K(699392K)->128865K(699392K)
[81.898s][info][gc,metaspace   ] GC(650) Metaspace: 16146K(16384K)->16146K(16384K) NonClass: 13951K(14080K)->13951K(14080K) Class: 2195K(2304K)->2195K(2304K)
[81.898s][info][gc             ] GC(650) Pause Young (Allocation Failure) 266M->180M(923M) 72.341ms
[81.898s][info][gc,cpu         ] GC(650) User=0.38s Sys=0.00s Real=0.08s
[82.018s][info][gc,start       ] GC(651) Pause Young (Allocation Failure)
[82.054s][info][gc,heap        ] GC(651) PSYoungGen: 198609K(245760K)->26192K(249856K) Eden: 142336K(142336K)->0K(146944K) From: 56273K(103424K)->26192K(102912K)
[82.054s][info][gc,heap        ] GC(651) ParOldGen: 128865K(699392K)->175080K(699392K)
[82.054s][info][gc,metaspace   ] GC(651) Metaspace: 16146K(16384K)->16146K(16384K) NonClass: 13951K(14080K)->13951K(14080K) Class: 2195K(2304K)->2195K(2304K)
[82.054s][info][gc             ] GC(651) Pause Young (Allocation Failure) 319M->196M(927M) 35.439ms
[82.054s][info][gc,cpu         ] GC(651) User=0.19s Sys=0.00s Real=0.04s
[82.131s][info][gc,start       ] GC(652) Pause Young (Allocation Failure)
[82.142s][info][gc,heap        ] GC(652) PSYoungGen: 173136K(249856K)->18624K(246272K) Eden: 146944K(146944K)->0K(146944K) From: 26192K(102912K)->18624K(99328K)
[82.142s][info][gc,heap        ] GC(652) ParOldGen: 175080K(699392K)->192731K(699392K)
[82.142s][info][gc,metaspace   ] GC(652) Metaspace: 16146K(16384K)->16146K(16384K) NonClass: 13951K(14080K)->13951K(14080K) Class: 2195K(2304K)->2195K(2304K)
[82.142s][info][gc             ] GC(652) Pause Young (Allocation Failure) 340M->206M(923M) 11.069ms
[82.142s][info][gc,cpu         ] GC(652) User=0.09s Sys=0.00s Real=0.01s
[82.211s][info][gc,start       ] GC(653) Pause Young (Allocation Failure)
[82.216s][info][gc,heap        ] GC(653) PSYoungGen: 165568K(246272K)->37056K(257536K) Eden: 146944K(146944K)->0K(160256K) From: 18624K(99328K)->37056K(97280K)
[82.217s][info][gc,heap        ] GC(653) ParOldGen: 192731K(699392K)->192731K(699392K)
[82.217s][info][gc,metaspace   ] GC(653) Metaspace: 16146K(16384K)->16146K(16384K) NonClass: 13951K(14080K)->13951K(14080K) Class: 2195K(2304K)->2195K(2304K)
[82.217s][info][gc             ] GC(653) Pause Young (Allocation Failure) 349M->224M(934M) 5.151ms
[82.217s][info][gc,cpu         ] GC(653) User=0.09s Sys=0.00s Real=0.00s
[82.265s][info][gc,start       ] GC(654) Pause Young (System.gc())
[82.265s][info][gc,heap        ] GC(654) PSYoungGen: 77352K(257536K)->128K(251904K) Eden: 40296K(160256K)->0K(160256K) From: 37056K(97280K)->128K(91648K)
[82.266s][info][gc,heap        ] GC(654) ParOldGen: 192731K(699392K)->192731K(699392K)
[82.266s][info][gc,metaspace   ] GC(654) Metaspace: 16146K(16384K)->16146K(16384K) NonClass: 13951K(14080K)->13951K(14080K) Class: 2195K(2304K)->2195K(2304K)
[82.266s][info][gc             ] GC(654) Pause Young (System.gc()) 263M->188M(929M) 0.655ms
[82.266s][info][gc,cpu         ] GC(654) User=0.00s Sys=0.00s Real=0.00s
[82.266s][info][gc,start       ] GC(655) Pause Full (System.gc())
[82.266s][info][gc,phases,start] GC(655) Marking Phase
[82.271s][info][gc,phases      ] GC(655) Marking Phase 5.186ms
[82.271s][info][gc,phases,start] GC(655) Summary Phase
[82.271s][info][gc,phases      ] GC(655) Summary Phase 0.011ms
[82.271s][info][gc,phases,start] GC(655) Adjust Roots
[82.274s][info][gc,phases      ] GC(655) Adjust Roots 2.672ms
[82.274s][info][gc,phases,start] GC(655) Compaction Phase
[82.276s][info][gc,phases      ] GC(655) Compaction Phase 2.204ms
[82.276s][info][gc,phases,start] GC(655) Post Compact
[82.277s][info][gc,phases      ] GC(655) Post Compact 0.623ms
[82.277s][info][gc,heap        ] GC(655) PSYoungGen: 128K(251904K)->0K(251904K) Eden: 0K(160256K)->0K(160256K) From: 128K(91648K)->0K(91648K)
[82.277s][info][gc,heap        ] GC(655) ParOldGen: 192731K(699392K)->5665K(699392K)
[82.277s][info][gc,metaspace   ] GC(655) Metaspace: 16146K(16384K)->16146K(16384K) NonClass: 13951K(14080K)->13951K(14080K) Class: 2195K(2304K)->2195K(2304K)
[82.277s][info][gc             ] GC(655) Pause Full (System.gc()) 188M->5M(929M) 10.970ms
[82.277s][info][gc,cpu         ] GC(655) User=0.00s Sys=0.00s Real=0.02s
[82.411s][info][gc,start       ] GC(656) Pause Young (Allocation Failure)
[82.446s][info][gc,heap        ] GC(656) PSYoungGen: 160256K(251904K)->63015K(246272K) Eden: 160256K(160256K)->0K(153600K) From: 0K(91648K)->63015K(92672K)
[82.446s][info][gc,heap        ] GC(656) ParOldGen: 5665K(699392K)->5665K(699392K)
[82.446s][info][gc,metaspace   ] GC(656) Metaspace: 16146K(16384K)->16146K(16384K) NonClass: 13951K(14080K)->13951K(14080K) Class: 2195K(2304K)->2195K(2304K)
[82.446s][info][gc             ] GC(656) Pause Young (Allocation Failure) 162M->67M(923M) 35.532ms
[82.446s][info][gc,cpu         ] GC(656) User=0.19s Sys=0.00s Real=0.03s
[82.580s][info][gc,start       ] GC(657) Pause Young (Allocation Failure)
[82.646s][info][gc,heap        ] GC(657) PSYoungGen: 216615K(246272K)->65236K(219136K) Eden: 153600K(153600K)->0K(153600K) From: 63015K(92672K)->65236K(65536K)
[82.647s][info][gc,heap        ] GC(657) ParOldGen: 5665K(699392K)->60085K(699392K)
[82.647s][info][gc,metaspace   ] GC(657) Metaspace: 16146K(16384K)->16146K(16384K) NonClass: 13951K(14080K)->13951K(14080K) Class: 2195K(2304K)->2195K(2304K)
[82.647s][info][gc             ] GC(657) Pause Young (Allocation Failure) 217M->122M(897M) 66.545ms
[82.647s][info][gc,cpu         ] GC(657) User=0.38s Sys=0.00s Real=0.08s
[82.787s][info][gc,start       ] GC(658) Pause Young (Allocation Failure)
[82.858s][info][gc,heap        ] GC(658) PSYoungGen: 214531K(219136K)->53122K(248832K) Eden: 149295K(153600K)->0K(146944K) From: 65236K(65536K)->53122K(101888K)
[82.858s][info][gc,heap        ] GC(658) ParOldGen: 60085K(699392K)->124198K(699392K)
[82.858s][info][gc,metaspace   ] GC(658) Metaspace: 16146K(16384K)->16146K(16384K) NonClass: 13951K(14080K)->13951K(14080K) Class: 2195K(2304K)->2195K(2304K)
[82.858s][info][gc             ] GC(658) Pause Young (Allocation Failure) 268M->173M(926M) 70.768ms
[82.858s][info][gc,cpu         ] GC(658) User=0.41s Sys=0.00s Real=0.08s
[82.979s][info][gc,start       ] GC(659) Pause Young (Allocation Failure)
[83.025s][info][gc,heap        ] GC(659) PSYoungGen: 199648K(248832K)->29193K(247296K) Eden: 146525K(146944K)->0K(146944K) From: 53122K(101888K)->29193K(100352K)
[83.025s][info][gc,heap        ] GC(659) ParOldGen: 124198K(699392K)->177116K(699392K)
[83.025s][info][gc,metaspace   ] GC(659) Metaspace: 16146K(16384K)->16146K(16384K) NonClass: 13951K(14080K)->13951K(14080K) Class: 2195K(2304K)->2195K(2304K)
[83.025s][info][gc             ] GC(659) Pause Young (Allocation Failure) 316M->201M(924M) 46.328ms
[83.025s][info][gc,cpu         ] GC(659) User=0.27s Sys=0.02s Real=0.05s
[83.104s][info][gc,start       ] GC(660) Pause Young (Allocation Failure)
[83.117s][info][gc,heap        ] GC(660) PSYoungGen: 176137K(247296K)->18624K(254464K) Eden: 146944K(146944K)->0K(157696K) From: 29193K(100352K)->18624K(96768K)
[83.117s][info][gc,heap        ] GC(660) ParOldGen: 177116K(699392K)->195000K(699392K)
[83.117s][info][gc,metaspace   ] GC(660) Metaspace: 16146K(16384K)->16146K(16384K) NonClass: 13951K(14080K)->13951K(14080K) Class: 2195K(2304K)->2195K(2304K)
[83.117s][info][gc             ] GC(660) Pause Young (Allocation Failure) 344M->208M(931M) 13.092ms
[83.117s][info][gc,cpu         ] GC(660) User=0.00s Sys=0.00s Real=0.01s
[83.193s][info][gc,start       ] GC(661) Pause Young (Allocation Failure)
[83.198s][info][gc,heap        ] GC(661) PSYoungGen: 176320K(254464K)->37056K(252416K) Eden: 157696K(157696K)->0K(157696K) From: 18624K(96768K)->37056K(94720K)
[83.198s][info][gc,heap        ] GC(661) ParOldGen: 195000K(699392K)->195000K(699392K)
[83.198s][info][gc,metaspace   ] GC(661) Metaspace: 16146K(16384K)->16146K(16384K) NonClass: 13951K(14080K)->13951K(14080K) Class: 2195K(2304K)->2195K(2304K)
[83.198s][info][gc             ] GC(661) Pause Young (Allocation Failure) 362M->226M(929M) 5.208ms
[83.198s][info][gc,cpu         ] GC(661) User=0.03s Sys=0.00s Real=0.00s
[83.237s][info][gc,start       ] GC(662) Pause Young (System.gc())
[83.237s][info][gc,heap        ] GC(662) PSYoungGen: 67064K(252416K)->160K(257024K) Eden: 30008K(157696K)->0K(167936K) From: 37056K(94720K)->160K(89088K)
[83.237s][info][gc,heap        ] GC(662) ParOldGen: 195000K(699392K)->195000K(699392K)
[83.237s][info][gc,metaspace   ] GC(662) Metaspace: 16146K(16384K)->16146K(16384K) NonClass: 13951K(14080K)->13951K(14080K) Class: 2195K(2304K)->2195K(2304K)
[83.237s][info][gc             ] GC(662) Pause Young (System.gc()) 255M->190M(934M) 0.477ms
[83.237s][info][gc,cpu         ] GC(662) User=0.00s Sys=0.00s Real=0.00s
[83.237s][info][gc,start       ] GC(663) Pause Full (System.gc())
[83.237s][info][gc,phases,start] GC(663) Marking Phase
[83.243s][info][gc,phases      ] GC(663) Marking Phase 5.134ms
[83.243s][info][gc,phases,start] GC(663) Summary Phase
[83.243s][info][gc,phases      ] GC(663) Summary Phase 0.011ms
[83.243s][info][gc,phases,start] GC(663) Adjust Roots
[83.246s][info][gc,phases      ] GC(663) Adjust Roots 2.899ms
[83.246s][info][gc,phases,start] GC(663) Compaction Phase
[83.247s][info][gc,phases      ] GC(663) Compaction Phase 1.447ms
[83.247s][info][gc,phases,start] GC(663) Post Compact
[83.248s][info][gc,phases      ] GC(663) Post Compact 0.689ms
[83.248s][info][gc,heap        ] GC(663) PSYoungGen: 160K(257024K)->0K(257024K) Eden: 0K(167936K)->0K(167936K) From: 160K(89088K)->0K(89088K)
[83.248s][info][gc,heap        ] GC(663) ParOldGen: 195000K(699392K)->5666K(699392K)
[83.248s][info][gc,metaspace   ] GC(663) Metaspace: 16146K(16384K)->16146K(16384K) NonClass: 13951K(14080K)->13951K(14080K) Class: 2195K(2304K)->2195K(2304K)
[83.248s][info][gc             ] GC(663) Pause Full (System.gc()) 190M->5M(934M) 10.460ms
[83.248s][info][gc,cpu         ] GC(663) User=0.02s Sys=0.00s Real=0.02s
[83.386s][info][gc,start       ] GC(664) Pause Young (Allocation Failure)
[83.423s][info][gc,heap        ] GC(664) PSYoungGen: 167936K(257024K)->65763K(233984K) Eden: 167936K(167936K)->0K(167936K) From: 0K(89088K)->65763K(66048K)
[83.423s][info][gc,heap        ] GC(664) ParOldGen: 5666K(699392K)->5666K(699392K)
[83.423s][info][gc,metaspace   ] GC(664) Metaspace: 16146K(16384K)->16146K(16384K) NonClass: 13951K(14080K)->13951K(14080K) Class: 2195K(2304K)->2195K(2304K)
[83.423s][info][gc             ] GC(664) Pause Young (Allocation Failure) 169M->69M(911M) 37.305ms
[83.423s][info][gc,cpu         ] GC(664) User=0.19s Sys=0.00s Real=0.05s
[83.575s][info][gc,start       ] GC(665) Pause Young (Allocation Failure)
[83.647s][info][gc,heap        ] GC(665) PSYoungGen: 233699K(233984K)->70277K(240128K) Eden: 167936K(167936K)->0K(143360K) From: 65763K(66048K)->70277K(96768K)
[83.647s][info][gc,heap        ] GC(665) ParOldGen: 5666K(699392K)->62762K(699392K)
[83.647s][info][gc,metaspace   ] GC(665) Metaspace: 16146K(16384K)->16146K(16384K) NonClass: 13951K(14080K)->13951K(14080K) Class: 2195K(2304K)->2195K(2304K)
[83.647s][info][gc             ] GC(665) Pause Young (Allocation Failure) 233M->129M(917M) 71.411ms
[83.647s][info][gc,cpu         ] GC(665) User=0.36s Sys=0.02s Real=0.08s
[83.770s][info][gc,start       ] GC(666) Pause Young (Allocation Failure)
[83.840s][info][gc,heap        ] GC(666) PSYoungGen: 208110K(240128K)->54659K(246272K) Eden: 137832K(143360K)->0K(143360K) From: 70277K(96768K)->54659K(102912K)
[83.840s][info][gc,heap        ] GC(666) ParOldGen: 62762K(699392K)->127248K(699392K)
[83.840s][info][gc,metaspace   ] GC(666) Metaspace: 16146K(16384K)->16146K(16384K) NonClass: 13951K(14080K)->13951K(14080K) Class: 2195K(2304K)->2195K(2304K)
[83.840s][info][gc             ] GC(666) Pause Young (Allocation Failure) 264M->177M(923M) 70.096ms
[83.840s][info][gc,cpu         ] GC(666) User=0.41s Sys=0.00s Real=0.06s
[83.963s][info][gc,start       ] GC(667) Pause Young (Allocation Failure)
[83.998s][info][gc,heap        ] GC(667) PSYoungGen: 197757K(246272K)->25929K(250368K) Eden: 143098K(143360K)->0K(148480K) From: 54659K(102912K)->25929K(101888K)
[83.998s][info][gc,heap        ] GC(667) ParOldGen: 127248K(699392K)->171872K(699392K)
[83.998s][info][gc,metaspace   ] GC(667) Metaspace: 16146K(16384K)->16146K(16384K) NonClass: 13951K(14080K)->13951K(14080K) Class: 2195K(2304K)->2195K(2304K)
[83.998s][info][gc             ] GC(667) Pause Young (Allocation Failure) 317M->193M(927M) 34.757ms
[83.998s][info][gc,cpu         ] GC(667) User=0.28s Sys=0.00s Real=0.03s
[84.081s][info][gc,start       ] GC(668) Pause Young (Allocation Failure)
[84.093s][info][gc,heap        ] GC(668) PSYoungGen: 174409K(250368K)->18624K(247296K) Eden: 148480K(148480K)->0K(148480K) From: 25929K(101888K)->18624K(98816K)
[84.093s][info][gc,heap        ] GC(668) ParOldGen: 171872K(699392K)->189771K(699392K)
[84.093s][info][gc,metaspace   ] GC(668) Metaspace: 16146K(16384K)->16146K(16384K) NonClass: 13951K(14080K)->13951K(14080K) Class: 2195K(2304K)->2195K(2304K)
[84.093s][info][gc             ] GC(668) Pause Young (Allocation Failure) 338M->203M(924M) 11.503ms
[84.093s][info][gc,cpu         ] GC(668) User=0.09s Sys=0.00s Real=0.01s
[84.174s][info][gc,start       ] GC(669) Pause Young (Allocation Failure)
[84.179s][info][gc,heap        ] GC(669) PSYoungGen: 167104K(247296K)->37056K(258048K) Eden: 148480K(148480K)->0K(161280K) From: 18624K(98816K)->37056K(96768K)
[84.179s][info][gc,heap        ] GC(669) ParOldGen: 189771K(699392K)->189771K(699392K)
[84.179s][info][gc,metaspace   ] GC(669) Metaspace: 16146K(16384K)->16146K(16384K) NonClass: 13951K(14080K)->13951K(14080K) Class: 2195K(2304K)->2195K(2304K)
[84.179s][info][gc             ] GC(669) Pause Young (Allocation Failure) 348M->221M(935M) 5.087ms
[84.179s][info][gc,cpu         ] GC(669) User=0.00s Sys=0.00s Real=0.01s
[84.224s][info][gc,start       ] GC(670) Pause Young (System.gc())
[84.224s][info][gc,heap        ] GC(670) PSYoungGen: 74037K(258048K)->160K(252416K) Eden: 36981K(161280K)->0K(161280K) From: 37056K(96768K)->160K(91136K)
[84.224s][info][gc,heap        ] GC(670) ParOldGen: 189771K(699392K)->189771K(699392K)
[84.224s][info][gc,metaspace   ] GC(670) Metaspace: 16146K(16384K)->16146K(16384K) NonClass: 13951K(14080K)->13951K(14080K) Class: 2195K(2304K)->2195K(2304K)
[84.224s][info][gc             ] GC(670) Pause Young (System.gc()) 257M->185M(929M) 0.446ms
[84.224s][info][gc,cpu         ] GC(670) User=0.00s Sys=0.00s Real=0.00s
[84.224s][info][gc,start       ] GC(671) Pause Full (System.gc())
[84.224s][info][gc,phases,start] GC(671) Marking Phase
[84.229s][info][gc,phases      ] GC(671) Marking Phase 4.682ms
[84.229s][info][gc,phases,start] GC(671) Summary Phase
[84.229s][info][gc,phases      ] GC(671) Summary Phase 0.011ms
[84.229s][info][gc,phases,start] GC(671) Adjust Roots
[84.231s][info][gc,phases      ] GC(671) Adjust Roots 2.284ms
[84.231s][info][gc,phases,start] GC(671) Compaction Phase
[84.233s][info][gc,phases      ] GC(671) Compaction Phase 1.824ms
[84.233s][info][gc,phases,start] GC(671) Post Compact
[84.234s][info][gc,phases      ] GC(671) Post Compact 0.642ms
[84.234s][info][gc,heap        ] GC(671) PSYoungGen: 160K(252416K)->0K(252416K) Eden: 0K(161280K)->0K(161280K) From: 160K(91136K)->0K(91136K)
[84.234s][info][gc,heap        ] GC(671) ParOldGen: 189771K(699392K)->5666K(699392K)
[84.234s][info][gc,metaspace   ] GC(671) Metaspace: 16146K(16384K)->16146K(16384K) NonClass: 13951K(14080K)->13951K(14080K) Class: 2195K(2304K)->2195K(2304K)
[84.234s][info][gc             ] GC(671) Pause Full (System.gc()) 185M->5M(929M) 9.680ms
[84.234s][info][gc,cpu         ] GC(671) User=0.02s Sys=0.00s Real=0.00s
[84.368s][info][gc,start       ] GC(672) Pause Young (Allocation Failure)
[84.404s][info][gc,heap        ] GC(672) PSYoungGen: 161280K(252416K)->63425K(246784K) Eden: 161280K(161280K)->0K(154624K) From: 0K(91136K)->63425K(92160K)
[84.404s][info][gc,heap        ] GC(672) ParOldGen: 5666K(699392K)->5666K(699392K)
[84.404s][info][gc,metaspace   ] GC(672) Metaspace: 16146K(16384K)->16146K(16384K) NonClass: 13951K(14080K)->13951K(14080K) Class: 2195K(2304K)->2195K(2304K)
[84.404s][info][gc             ] GC(672) Pause Young (Allocation Failure) 163M->67M(924M) 35.413ms
[84.404s][info][gc,cpu         ] GC(672) User=0.28s Sys=0.00s Real=0.04s
[84.539s][info][gc,start       ] GC(673) Pause Young (Allocation Failure)
[84.609s][info][gc,heap        ] GC(673) PSYoungGen: 218049K(246784K)->65709K(220672K) Eden: 154624K(154624K)->0K(154624K) From: 63425K(92160K)->65709K(66048K)
[84.609s][info][gc,heap        ] GC(673) ParOldGen: 5666K(699392K)->60433K(699392K)
[84.609s][info][gc,metaspace   ] GC(673) Metaspace: 16146K(16384K)->16146K(16384K) NonClass: 13951K(14080K)->13951K(14080K) Class: 2195K(2304K)->2195K(2304K)
[84.609s][info][gc             ] GC(673) Pause Young (Allocation Failure) 218M->123M(898M) 70.042ms
[84.609s][info][gc,cpu         ] GC(673) User=0.44s Sys=0.00s Real=0.08s
[84.750s][info][gc,start       ] GC(674) Pause Young (Allocation Failure)
[84.824s][info][gc,heap        ] GC(674) PSYoungGen: 213630K(220672K)->52412K(248832K) Eden: 147920K(154624K)->0K(146944K) From: 65709K(66048K)->52412K(101888K)
[84.824s][info][gc,heap        ] GC(674) ParOldGen: 60433K(699392K)->129518K(699392K)
[84.824s][info][gc,metaspace   ] GC(674) Metaspace: 16146K(16384K)->16146K(16384K) NonClass: 13951K(14080K)->13951K(14080K) Class: 2195K(2304K)->2195K(2304K)
[84.824s][info][gc             ] GC(674) Pause Young (Allocation Failure) 267M->177M(926M) 73.206ms
[84.824s][info][gc,cpu         ] GC(674) User=0.41s Sys=0.00s Real=0.07s
[84.957s][info][gc,start       ] GC(675) Pause Young (Allocation Failure)
[85.002s][info][gc,heap        ] GC(675) PSYoungGen: 199356K(248832K)->24816K(247296K) Eden: 146944K(146944K)->0K(146944K) From: 52412K(101888K)->24816K(100352K)
[85.002s][info][gc,heap        ] GC(675) ParOldGen: 129518K(699392K)->181788K(699392K)
[85.002s][info][gc,metaspace   ] GC(675) Metaspace: 16146K(16384K)->16146K(16384K) NonClass: 13951K(14080K)->13951K(14080K) Class: 2195K(2304K)->2195K(2304K)
[85.002s][info][gc             ] GC(675) Pause Young (Allocation Failure) 321M->201M(924M) 45.219ms
[85.002s][info][gc,cpu         ] GC(675) User=0.27s Sys=0.02s Real=0.05s
[85.083s][info][gc,start       ] GC(676) Pause Young (Allocation Failure)
[85.095s][info][gc,heap        ] GC(676) PSYoungGen: 171177K(247296K)->29856K(256000K) Eden: 146361K(146944K)->0K(158720K) From: 24816K(100352K)->29856K(97280K)
[85.095s][info][gc,heap        ] GC(676) ParOldGen: 181788K(699392K)->199647K(699392K)
[85.095s][info][gc,metaspace   ] GC(676) Metaspace: 16146K(16384K)->16146K(16384K) NonClass: 13951K(14080K)->13951K(14080K) Class: 2195K(2304K)->2195K(2304K)
[85.095s][info][gc             ] GC(676) Pause Young (Allocation Failure) 344M->224M(933M) 12.417ms
[85.095s][info][gc,cpu         ] GC(676) User=0.09s Sys=0.00s Real=0.01s
[85.192s][info][gc,start       ] GC(677) Pause Young (Allocation Failure)
[85.196s][info][gc,heap        ] GC(677) PSYoungGen: 188576K(256000K)->18560K(251904K) Eden: 158720K(158720K)->0K(158720K) From: 29856K(97280K)->18560K(93184K)
[85.196s][info][gc,heap        ] GC(677) ParOldGen: 199647K(699392K)->199647K(699392K)
[85.196s][info][gc,metaspace   ] GC(677) Metaspace: 16146K(16384K)->16146K(16384K) NonClass: 13951K(14080K)->13951K(14080K) Class: 2195K(2304K)->2195K(2304K)
[85.196s][info][gc             ] GC(677) Pause Young (Allocation Failure) 379M->213M(929M) 3.606ms
[85.196s][info][gc,cpu         ] GC(677) User=0.00s Sys=0.00s Real=0.00s
[85.241s][info][gc,start       ] GC(678) Pause Young (System.gc())
[85.242s][info][gc,heap        ] GC(678) PSYoungGen: 48334K(251904K)->160K(257024K) Eden: 29774K(158720K)->0K(165888K) From: 18560K(93184K)->160K(91136K)
[85.242s][info][gc,heap        ] GC(678) ParOldGen: 199647K(699392K)->199684K(699392K)
[85.242s][info][gc,metaspace   ] GC(678) Metaspace: 16146K(16384K)->16146K(16384K) NonClass: 13951K(14080K)->13951K(14080K) Class: 2195K(2304K)->2195K(2304K)
[85.242s][info][gc             ] GC(678) Pause Young (System.gc()) 242M->195M(934M) 0.543ms
[85.242s][info][gc,cpu         ] GC(678) User=0.00s Sys=0.00s Real=0.00s
[85.242s][info][gc,start       ] GC(679) Pause Full (System.gc())
[85.242s][info][gc,phases,start] GC(679) Marking Phase
[85.247s][info][gc,phases      ] GC(679) Marking Phase 4.723ms
[85.247s][info][gc,phases,start] GC(679) Summary Phase
[85.247s][info][gc,phases      ] GC(679) Summary Phase 0.010ms
[85.247s][info][gc,phases,start] GC(679) Adjust Roots
[85.249s][info][gc,phases      ] GC(679) Adjust Roots 2.316ms
[85.249s][info][gc,phases,start] GC(679) Compaction Phase
[85.250s][info][gc,phases      ] GC(679) Compaction Phase 1.234ms
[85.250s][info][gc,phases,start] GC(679) Post Compact
[85.251s][info][gc,phases      ] GC(679) Post Compact 0.653ms
[85.251s][info][gc,heap        ] GC(679) PSYoungGen: 160K(257024K)->0K(257024K) Eden: 0K(165888K)->0K(165888K) From: 160K(91136K)->0K(91136K)
[85.251s][info][gc,heap        ] GC(679) ParOldGen: 199684K(699392K)->5666K(699392K)
[85.251s][info][gc,metaspace   ] GC(679) Metaspace: 16146K(16384K)->16146K(16384K) NonClass: 13951K(14080K)->13951K(14080K) Class: 2195K(2304K)->2195K(2304K)
[85.251s][info][gc             ] GC(679) Pause Full (System.gc()) 195M->5M(934M) 9.201ms
[85.251s][info][gc,cpu         ] GC(679) User=0.00s Sys=0.02s Real=0.00s
[85.387s][info][gc,start       ] GC(680) Pause Young (Allocation Failure)
[85.424s][info][gc,heap        ] GC(680) PSYoungGen: 165888K(257024K)->65008K(230912K) Eden: 165888K(165888K)->0K(165888K) From: 0K(91136K)->65008K(65024K)
[85.424s][info][gc,heap        ] GC(680) ParOldGen: 5666K(699392K)->5666K(699392K)
[85.424s][info][gc,metaspace   ] GC(680) Metaspace: 16146K(16384K)->16146K(16384K) NonClass: 13951K(14080K)->13951K(14080K) Class: 2195K(2304K)->2195K(2304K)
[85.424s][info][gc             ] GC(680) Pause Young (Allocation Failure) 167M->69M(908M) 36.472ms
[85.424s][info][gc,cpu         ] GC(680) User=0.19s Sys=0.00s Real=0.04s
[85.570s][info][gc,start       ] GC(681) Pause Young (Allocation Failure)
[85.640s][info][gc,heap        ] GC(681) PSYoungGen: 230896K(230912K)->69515K(239104K) Eden: 165888K(165888K)->0K(141312K) From: 65008K(65024K)->69515K(97792K)
[85.640s][info][gc,heap        ] GC(681) ParOldGen: 5666K(699392K)->62051K(699392K)
[85.640s][info][gc,metaspace   ] GC(681) Metaspace: 16146K(16384K)->16146K(16384K) NonClass: 13951K(14080K)->13951K(14080K) Class: 2195K(2304K)->2195K(2304K)
[85.640s][info][gc             ] GC(681) Pause Young (Allocation Failure) 231M->128M(916M) 70.904ms
[85.640s][info][gc,cpu         ] GC(681) User=0.45s Sys=0.02s Real=0.08s
[85.765s][info][gc,start       ] GC(682) Pause Young (Allocation Failure)
[85.838s][info][gc,heap        ] GC(682) PSYoungGen: 210105K(239104K)->56081K(245248K) Eden: 140590K(141312K)->0K(141312K) From: 69515K(97792K)->56081K(103936K)
[85.838s][info][gc,heap        ] GC(682) ParOldGen: 62051K(699392K)->128898K(699392K)
[85.838s][info][gc,metaspace   ] GC(682) Metaspace: 16146K(16384K)->16146K(16384K) NonClass: 13951K(14080K)->13951K(14080K) Class: 2195K(2304K)->2195K(2304K)
[85.838s][info][gc             ] GC(682) Pause Young (Allocation Failure) 265M->180M(922M) 72.637ms
[85.838s][info][gc,cpu         ] GC(682) User=0.38s Sys=0.00s Real=0.07s
[85.958s][info][gc,start       ] GC(683) Pause Young (Allocation Failure)
[85.993s][info][gc,heap        ] GC(683) PSYoungGen: 197393K(245248K)->27111K(249344K) Eden: 141312K(141312K)->0K(145408K) From: 56081K(103936K)->27111K(103936K)
[85.994s][info][gc,heap        ] GC(683) ParOldGen: 128898K(699392K)->174904K(699392K)
[85.994s][info][gc,metaspace   ] GC(683) Metaspace: 16146K(16384K)->16146K(16384K) NonClass: 13951K(14080K)->13951K(14080K) Class: 2195K(2304K)->2195K(2304K)
[85.994s][info][gc             ] GC(683) Pause Young (Allocation Failure) 318M->197M(926M) 35.534ms
[85.994s][info][gc,cpu         ] GC(683) User=0.19s Sys=0.00s Real=0.04s
[86.074s][info][gc,start       ] GC(684) Pause Young (Allocation Failure)
[86.085s][info][gc,heap        ] GC(684) PSYoungGen: 172519K(249344K)->18624K(245248K) Eden: 145408K(145408K)->0K(145408K) From: 27111K(103936K)->18624K(99840K)
[86.085s][info][gc,heap        ] GC(684) ParOldGen: 174904K(699392K)->192767K(699392K)
[86.085s][info][gc,metaspace   ] GC(684) Metaspace: 16146K(16384K)->16146K(16384K) NonClass: 13951K(14080K)->13951K(14080K) Class: 2195K(2304K)->2195K(2304K)
[86.085s][info][gc             ] GC(684) Pause Young (Allocation Failure) 339M->206M(922M) 11.687ms
[86.086s][info][gc,cpu         ] GC(684) User=0.00s Sys=0.00s Real=0.01s
[86.157s][info][gc,start       ] GC(685) Pause Young (Allocation Failure)
[86.162s][info][gc,heap        ] GC(685) PSYoungGen: 164032K(245248K)->37056K(257536K) Eden: 145408K(145408K)->0K(160256K) From: 18624K(99840K)->37056K(97280K)
[86.162s][info][gc,heap        ] GC(685) ParOldGen: 192767K(699392K)->192767K(699392K)
[86.162s][info][gc,metaspace   ] GC(685) Metaspace: 16146K(16384K)->16146K(16384K) NonClass: 13951K(14080K)->13951K(14080K) Class: 2195K(2304K)->2195K(2304K)
[86.162s][info][gc             ] GC(685) Pause Young (Allocation Failure) 348M->224M(934M) 5.097ms
[86.162s][info][gc,cpu         ] GC(685) User=0.00s Sys=0.00s Real=0.00s
[86.202s][info][gc,start       ] GC(686) Pause Young (System.gc())
[86.202s][info][gc,heap        ] GC(686) PSYoungGen: 78326K(257536K)->160K(251904K) Eden: 41270K(160256K)->0K(160256K) From: 37056K(97280K)->160K(91648K)
[86.202s][info][gc,heap        ] GC(686) ParOldGen: 192767K(699392K)->192767K(699392K)
[86.202s][info][gc,metaspace   ] GC(686) Metaspace: 16146K(16384K)->16146K(16384K) NonClass: 13951K(14080K)->13951K(14080K) Class: 2195K(2304K)->2195K(2304K)
[86.203s][info][gc             ] GC(686) Pause Young (System.gc()) 264M->188M(929M) 0.575ms
[86.203s][info][gc,cpu         ] GC(686) User=0.00s Sys=0.00s Real=0.00s
[86.203s][info][gc,start       ] GC(687) Pause Full (System.gc())
[86.203s][info][gc,phases,start] GC(687) Marking Phase
[86.208s][info][gc,phases      ] GC(687) Marking Phase 4.890ms
[86.208s][info][gc,phases,start] GC(687) Summary Phase
[86.208s][info][gc,phases      ] GC(687) Summary Phase 0.010ms
[86.208s][info][gc,phases,start] GC(687) Adjust Roots
[86.210s][info][gc,phases      ] GC(687) Adjust Roots 2.634ms
[86.210s][info][gc,phases,start] GC(687) Compaction Phase
[86.212s][info][gc,phases      ] GC(687) Compaction Phase 1.404ms
[86.212s][info][gc,phases,start] GC(687) Post Compact
[86.212s][info][gc,phases      ] GC(687) Post Compact 0.675ms
[86.212s][info][gc,heap        ] GC(687) PSYoungGen: 160K(251904K)->0K(251904K) Eden: 0K(160256K)->0K(160256K) From: 160K(91648K)->0K(91648K)
[86.212s][info][gc,heap        ] GC(687) ParOldGen: 192767K(699392K)->5666K(699392K)
[86.212s][info][gc,metaspace   ] GC(687) Metaspace: 16146K(16384K)->16146K(16384K) NonClass: 13951K(14080K)->13951K(14080K) Class: 2195K(2304K)->2195K(2304K)
[86.212s][info][gc             ] GC(687) Pause Full (System.gc()) 188M->5M(929M) 9.871ms
[86.212s][info][gc,cpu         ] GC(687) User=0.00s Sys=0.00s Real=0.01s
[86.347s][info][gc,start       ] GC(688) Pause Young (Allocation Failure)
[86.382s][info][gc,heap        ] GC(688) PSYoungGen: 160256K(251904K)->62983K(246272K) Eden: 160256K(160256K)->0K(153600K) From: 0K(91648K)->62983K(92672K)
[86.382s][info][gc,heap        ] GC(688) ParOldGen: 5666K(699392K)->5666K(699392K)
[86.382s][info][gc,metaspace   ] GC(688) Metaspace: 16146K(16384K)->16146K(16384K) NonClass: 13951K(14080K)->13951K(14080K) Class: 2195K(2304K)->2195K(2304K)
[86.382s][info][gc             ] GC(688) Pause Young (Allocation Failure) 162M->67M(923M) 35.258ms
[86.382s][info][gc,cpu         ] GC(688) User=0.19s Sys=0.00s Real=0.03s
[86.518s][info][gc,start       ] GC(689) Pause Young (Allocation Failure)
[86.585s][info][gc,heap        ] GC(689) PSYoungGen: 216583K(246272K)->65236K(219136K) Eden: 153600K(153600K)->0K(153600K) From: 62983K(92672K)->65236K(65536K)
[86.585s][info][gc,heap        ] GC(689) ParOldGen: 5666K(699392K)->60086K(699392K)
[86.585s][info][gc,metaspace   ] GC(689) Metaspace: 16146K(16384K)->16146K(16384K) NonClass: 13951K(14080K)->13951K(14080K) Class: 2195K(2304K)->2195K(2304K)
[86.585s][info][gc             ] GC(689) Pause Young (Allocation Failure) 217M->122M(897M) 66.856ms
[86.585s][info][gc,cpu         ] GC(689) User=0.38s Sys=0.00s Real=0.07s
[86.725s][info][gc,start       ] GC(690) Pause Young (Allocation Failure)
[86.796s][info][gc,heap        ] GC(690) PSYoungGen: 214439K(219136K)->53116K(248320K) Eden: 149202K(153600K)->0K(146432K) From: 65236K(65536K)->53116K(101888K)
[86.796s][info][gc,heap        ] GC(690) ParOldGen: 60086K(699392K)->124207K(699392K)
[86.796s][info][gc,metaspace   ] GC(690) Metaspace: 16146K(16384K)->16146K(16384K) NonClass: 13951K(14080K)->13951K(14080K) Class: 2195K(2304K)->2195K(2304K)
[86.796s][info][gc             ] GC(690) Pause Young (Allocation Failure) 268M->173M(925M) 71.846ms
[86.796s][info][gc,cpu         ] GC(690) User=0.39s Sys=0.00s Real=0.08s
[86.917s][info][gc,start       ] GC(691) Pause Young (Allocation Failure)
[86.968s][info][gc,heap        ] GC(691) PSYoungGen: 199548K(248320K)->26437K(247296K) Eden: 146432K(146432K)->0K(146432K) From: 53116K(101888K)->26437K(100864K)
[86.968s][info][gc,heap        ] GC(691) ParOldGen: 124207K(699392K)->177181K(699392K)
[86.968s][info][gc,metaspace   ] GC(691) Metaspace: 16146K(16384K)->16146K(16384K) NonClass: 13951K(14080K)->13951K(14080K) Class: 2195K(2304K)->2195K(2304K)
[86.968s][info][gc             ] GC(691) Pause Young (Allocation Failure) 316M->198M(924M) 50.703ms
[86.968s][info][gc,cpu         ] GC(691) User=0.28s Sys=0.00s Real=0.05s
[87.048s][info][gc,start       ] GC(692) Pause Young (Allocation Failure)
[87.060s][info][gc,heap        ] GC(692) PSYoungGen: 172869K(247296K)->18592K(253952K) Eden: 146432K(146432K)->0K(156672K) From: 26437K(100864K)->18592K(97280K)
[87.060s][info][gc,heap        ] GC(692) ParOldGen: 177181K(699392K)->195068K(699392K)
[87.060s][info][gc,metaspace   ] GC(692) Metaspace: 16146K(16384K)->16146K(16384K) NonClass: 13951K(14080K)->13951K(14080K) Class: 2195K(2304K)->2195K(2304K)
[87.060s][info][gc             ] GC(692) Pause Young (Allocation Failure) 341M->208M(931M) 11.803ms
[87.060s][info][gc,cpu         ] GC(692) User=0.09s Sys=0.00s Real=0.01s
[87.139s][info][gc,start       ] GC(693) Pause Young (Allocation Failure)
[87.144s][info][gc,heap        ] GC(693) PSYoungGen: 175264K(253952K)->37056K(251904K) Eden: 156672K(156672K)->0K(156672K) From: 18592K(97280K)->37056K(95232K)
[87.144s][info][gc,heap        ] GC(693) ParOldGen: 195068K(699392K)->195068K(699392K)
[87.144s][info][gc,metaspace   ] GC(693) Metaspace: 16146K(16384K)->16146K(16384K) NonClass: 13951K(14080K)->13951K(14080K) Class: 2195K(2304K)->2195K(2304K)
[87.144s][info][gc             ] GC(693) Pause Young (Allocation Failure) 361M->226M(929M) 5.066ms
[87.144s][info][gc,cpu         ] GC(693) User=0.00s Sys=0.00s Real=0.00s
[87.184s][info][gc,start       ] GC(694) Pause Young (System.gc())
[87.185s][info][gc,heap        ] GC(694) PSYoungGen: 71497K(251904K)->128K(257536K) Eden: 34441K(156672K)->0K(167936K) From: 37056K(95232K)->128K(89600K)
[87.185s][info][gc,heap        ] GC(694) ParOldGen: 195068K(699392K)->195068K(699392K)
[87.185s][info][gc,metaspace   ] GC(694) Metaspace: 16146K(16384K)->16146K(16384K) NonClass: 13951K(14080K)->13951K(14080K) Class: 2195K(2304K)->2195K(2304K)
[87.185s][info][gc             ] GC(694) Pause Young (System.gc()) 260M->190M(934M) 0.491ms
[87.185s][info][gc,cpu         ] GC(694) User=0.00s Sys=0.00s Real=0.00s
[87.185s][info][gc,start       ] GC(695) Pause Full (System.gc())
[87.185s][info][gc,phases,start] GC(695) Marking Phase
[87.190s][info][gc,phases      ] GC(695) Marking Phase 4.851ms
[87.190s][info][gc,phases,start] GC(695) Summary Phase
[87.190s][info][gc,phases      ] GC(695) Summary Phase 0.010ms
[87.190s][info][gc,phases,start] GC(695) Adjust Roots
[87.192s][info][gc,phases      ] GC(695) Adjust Roots 2.236ms
[87.192s][info][gc,phases,start] GC(695) Compaction Phase
[87.194s][info][gc,phases      ] GC(695) Compaction Phase 1.367ms
[87.194s][info][gc,phases,start] GC(695) Post Compact
[87.194s][info][gc,phases      ] GC(695) Post Compact 0.696ms
[87.194s][info][gc,heap        ] GC(695) PSYoungGen: 128K(257536K)->0K(257536K) Eden: 0K(167936K)->0K(167936K) From: 128K(89600K)->0K(89600K)
[87.194s][info][gc,heap        ] GC(695) ParOldGen: 195068K(699392K)->5666K(699392K)
[87.194s][info][gc,metaspace   ] GC(695) Metaspace: 16146K(16384K)->16146K(16384K) NonClass: 13951K(14080K)->13951K(14080K) Class: 2195K(2304K)->2195K(2304K)
[87.194s][info][gc             ] GC(695) Pause Full (System.gc()) 190M->5M(934M) 9.359ms
[87.194s][info][gc,cpu         ] GC(695) User=0.00s Sys=0.00s Real=0.01s
[87.333s][info][gc,start       ] GC(696) Pause Young (Allocation Failure)
[87.370s][info][gc,heap        ] GC(696) PSYoungGen: 167936K(257536K)->65738K(233984K) Eden: 167936K(167936K)->0K(167936K) From: 0K(89600K)->65738K(66048K)
[87.370s][info][gc,heap        ] GC(696) ParOldGen: 5666K(699392K)->5666K(699392K)
[87.370s][info][gc,metaspace   ] GC(696) Metaspace: 16146K(16384K)->16146K(16384K) NonClass: 13951K(14080K)->13951K(14080K) Class: 2195K(2304K)->2195K(2304K)
[87.370s][info][gc             ] GC(696) Pause Young (Allocation Failure) 169M->69M(911M) 37.040ms
[87.370s][info][gc,cpu         ] GC(696) User=0.28s Sys=0.00s Real=0.04s
[87.519s][info][gc,start       ] GC(697) Pause Young (Allocation Failure)
[87.590s][info][gc,heap        ] GC(697) PSYoungGen: 233674K(233984K)->70284K(239104K) Eden: 167936K(167936K)->0K(142336K) From: 65738K(66048K)->70284K(96768K)
[87.591s][info][gc,heap        ] GC(697) ParOldGen: 5666K(699392K)->62738K(699392K)
[87.591s][info][gc,metaspace   ] GC(697) Metaspace: 16146K(16384K)->16146K(16384K) NonClass: 13951K(14080K)->13951K(14080K) Class: 2195K(2304K)->2195K(2304K)
[87.591s][info][gc             ] GC(697) Pause Young (Allocation Failure) 233M->129M(916M) 71.341ms
[87.591s][info][gc,cpu         ] GC(697) User=0.47s Sys=0.00s Real=0.07s
[87.711s][info][gc,start       ] GC(698) Pause Young (Allocation Failure)
[87.782s][info][gc,heap        ] GC(698) PSYoungGen: 207171K(239104K)->54843K(245760K) Eden: 136886K(142336K)->0K(142336K) From: 70284K(96768K)->54843K(103424K)
[87.782s][info][gc,heap        ] GC(698) ParOldGen: 62738K(699392K)->130288K(699392K)
[87.782s][info][gc,metaspace   ] GC(698) Metaspace: 16146K(16384K)->16146K(16384K) NonClass: 13951K(14080K)->13951K(14080K) Class: 2195K(2304K)->2195K(2304K)
[87.782s][info][gc             ] GC(698) Pause Young (Allocation Failure) 263M->180M(923M) 71.143ms
[87.782s][info][gc,cpu         ] GC(698) User=0.39s Sys=0.00s Real=0.09s
[87.912s][info][gc,start       ] GC(699) Pause Young (Allocation Failure)
[87.946s][info][gc,heap        ] GC(699) PSYoungGen: 197179K(245760K)->25447K(250368K) Eden: 142336K(142336K)->0K(147968K) From: 54843K(103424K)->25447K(102400K)
[87.946s][info][gc,heap        ] GC(699) ParOldGen: 130288K(699392K)->175112K(699392K)
[87.946s][info][gc,metaspace   ] GC(699) Metaspace: 16173K(16448K)->16173K(16448K) NonClass: 13978K(14144K)->13978K(14144K) Class: 2195K(2304K)->2195K(2304K)
[87.946s][info][gc             ] GC(699) Pause Young (Allocation Failure) 319M->195M(927M) 34.551ms
[87.946s][info][gc,cpu         ] GC(699) User=0.19s Sys=0.00s Real=0.03s
[88.030s][info][gc,start       ] GC(700) Pause Young (Allocation Failure)
[88.041s][info][gc,heap        ] GC(700) PSYoungGen: 173301K(250368K)->18624K(246784K) Eden: 147854K(147968K)->0K(147968K) From: 25447K(102400K)->18624K(98816K)
[88.041s][info][gc,heap        ] GC(700) ParOldGen: 175112K(699392K)->192784K(699392K)
[88.041s][info][gc,metaspace   ] GC(700) Metaspace: 16173K(16448K)->16173K(16448K) NonClass: 13978K(14144K)->13978K(14144K) Class: 2195K(2304K)->2195K(2304K)
[88.041s][info][gc             ] GC(700) Pause Young (Allocation Failure) 340M->206M(924M) 11.402ms
[88.041s][info][gc,cpu         ] GC(700) User=0.00s Sys=0.00s Real=0.01s
[88.123s][info][gc,start       ] GC(701) Pause Young (Allocation Failure)
[88.128s][info][gc,heap        ] GC(701) PSYoungGen: 166592K(246784K)->37024K(258048K) Eden: 147968K(147968K)->0K(161280K) From: 18624K(98816K)->37024K(96768K)
[88.128s][info][gc,heap        ] GC(701) ParOldGen: 192784K(699392K)->192784K(699392K)
[88.128s][info][gc,metaspace   ] GC(701) Metaspace: 16173K(16448K)->16173K(16448K) NonClass: 13978K(14144K)->13978K(14144K) Class: 2195K(2304K)->2195K(2304K)
[88.128s][info][gc             ] GC(701) Pause Young (Allocation Failure) 350M->224M(935M) 5.430ms
[88.128s][info][gc,cpu         ] GC(701) User=0.00s Sys=0.00s Real=0.01s
[88.175s][info][gc,start       ] GC(702) Pause Young (System.gc())
[88.175s][info][gc,heap        ] GC(702) PSYoungGen: 77281K(258048K)->160K(252416K) Eden: 40257K(161280K)->0K(161280K) From: 37024K(96768K)->160K(91136K)
[88.175s][info][gc,heap        ] GC(702) ParOldGen: 192784K(699392K)->192784K(699392K)
[88.175s][info][gc,metaspace   ] GC(702) Metaspace: 16173K(16448K)->16173K(16448K) NonClass: 13978K(14144K)->13978K(14144K) Class: 2195K(2304K)->2195K(2304K)
[88.175s][info][gc             ] GC(702) Pause Young (System.gc()) 263M->188M(929M) 0.629ms
[88.175s][info][gc,cpu         ] GC(702) User=0.00s Sys=0.00s Real=0.00s
[88.175s][info][gc,start       ] GC(703) Pause Full (System.gc())
[88.175s][info][gc,phases,start] GC(703) Marking Phase
[88.180s][info][gc,phases      ] GC(703) Marking Phase 5.145ms
[88.180s][info][gc,phases,start] GC(703) Summary Phase
[88.180s][info][gc,phases      ] GC(703) Summary Phase 0.010ms
[88.180s][info][gc,phases,start] GC(703) Adjust Roots
[88.183s][info][gc,phases      ] GC(703) Adjust Roots 2.232ms
[88.183s][info][gc,phases,start] GC(703) Compaction Phase
[88.184s][info][gc,phases      ] GC(703) Compaction Phase 1.245ms
[88.184s][info][gc,phases,start] GC(703) Post Compact
[88.185s][info][gc,phases      ] GC(703) Post Compact 0.634ms
[88.185s][info][gc,heap        ] GC(703) PSYoungGen: 160K(252416K)->0K(252416K) Eden: 0K(161280K)->0K(161280K) From: 160K(91136K)->0K(91136K)
[88.185s][info][gc,heap        ] GC(703) ParOldGen: 192784K(699392K)->5666K(699392K)
[88.185s][info][gc,metaspace   ] GC(703) Metaspace: 16173K(16448K)->16173K(16448K) NonClass: 13978K(14144K)->13978K(14144K) Class: 2195K(2304K)->2195K(2304K)
[88.185s][info][gc             ] GC(703) Pause Full (System.gc()) 188M->5M(929M) 9.530ms
[88.185s][info][gc,cpu         ] GC(703) User=0.02s Sys=0.00s Real=0.00s
[88.317s][info][gc,start       ] GC(704) Pause Young (Allocation Failure)
[88.352s][info][gc,heap        ] GC(704) PSYoungGen: 161280K(252416K)->63418K(246784K) Eden: 161280K(161280K)->0K(154624K) From: 0K(91136K)->63418K(92160K)
[88.352s][info][gc,heap        ] GC(704) ParOldGen: 5666K(699392K)->5666K(699392K)
[88.352s][info][gc,metaspace   ] GC(704) Metaspace: 16173K(16448K)->16173K(16448K) NonClass: 13978K(14144K)->13978K(14144K) Class: 2195K(2304K)->2195K(2304K)
[88.352s][info][gc             ] GC(704) Pause Young (Allocation Failure) 163M->67M(924M) 35.775ms
[88.352s][info][gc,cpu         ] GC(704) User=0.19s Sys=0.00s Real=0.04s
[88.488s][info][gc,start       ] GC(705) Pause Young (Allocation Failure)
[88.556s][info][gc,heap        ] GC(705) PSYoungGen: 218042K(246784K)->65652K(220672K) Eden: 154624K(154624K)->0K(154624K) From: 63418K(92160K)->65652K(66048K)
[88.556s][info][gc,heap        ] GC(705) ParOldGen: 5666K(699392K)->60441K(699392K)
[88.556s][info][gc,metaspace   ] GC(705) Metaspace: 16173K(16448K)->16173K(16448K) NonClass: 13978K(14144K)->13978K(14144K) Class: 2195K(2304K)->2195K(2304K)
[88.556s][info][gc             ] GC(705) Pause Young (Allocation Failure) 218M->123M(898M) 68.807ms
[88.556s][info][gc,cpu         ] GC(705) User=0.34s Sys=0.00s Real=0.07s
[88.697s][info][gc,start       ] GC(706) Pause Young (Allocation Failure)
[88.770s][info][gc,heap        ] GC(706) PSYoungGen: 213577K(220672K)->52348K(248832K) Eden: 147925K(154624K)->0K(146944K) From: 65652K(66048K)->52348K(101888K)
[88.770s][info][gc,heap        ] GC(706) ParOldGen: 60441K(699392K)->129526K(699392K)
[88.770s][info][gc,metaspace   ] GC(706) Metaspace: 16173K(16448K)->16173K(16448K) NonClass: 13978K(14144K)->13978K(14144K) Class: 2195K(2304K)->2195K(2304K)
[88.770s][info][gc             ] GC(706) Pause Young (Allocation Failure) 267M->177M(926M) 72.882ms
[88.770s][info][gc,cpu         ] GC(706) User=0.44s Sys=0.00s Real=0.07s
[88.892s][info][gc,start       ] GC(707) Pause Young (Allocation Failure)
[88.939s][info][gc,heap        ] GC(707) PSYoungGen: 199292K(248832K)->26355K(247296K) Eden: 146944K(146944K)->0K(146944K) From: 52348K(101888K)->26355K(100352K)
[88.939s][info][gc,heap        ] GC(707) ParOldGen: 129526K(699392K)->181788K(699392K)
[88.939s][info][gc,metaspace   ] GC(707) Metaspace: 16173K(16448K)->16173K(16448K) NonClass: 13978K(14144K)->13978K(14144K) Class: 2195K(2304K)->2195K(2304K)
[88.939s][info][gc             ] GC(707) Pause Young (Allocation Failure) 321M->203M(924M) 46.809ms
[88.939s][info][gc,cpu         ] GC(707) User=0.28s Sys=0.00s Real=0.05s
[89.020s][info][gc,start       ] GC(708) Pause Young (Allocation Failure)
[89.032s][info][gc,heap        ] GC(708) PSYoungGen: 173299K(247296K)->18624K(254464K) Eden: 146944K(146944K)->0K(157696K) From: 26355K(100352K)->18624K(96768K)
[89.032s][info][gc,heap        ] GC(708) ParOldGen: 181788K(699392K)->199635K(699392K)
[89.032s][info][gc,metaspace   ] GC(708) Metaspace: 16173K(16448K)->16173K(16448K) NonClass: 13978K(14144K)->13978K(14144K) Class: 2195K(2304K)->2195K(2304K)
[89.032s][info][gc             ] GC(708) Pause Young (Allocation Failure) 346M->213M(931M) 12.028ms
[89.032s][info][gc,cpu         ] GC(708) User=0.09s Sys=0.00s Real=0.01s
[89.115s][info][gc,start       ] GC(709) Pause Young (Allocation Failure)
[89.120s][info][gc,heap        ] GC(709) PSYoungGen: 176320K(254464K)->37056K(252416K) Eden: 157696K(157696K)->0K(157696K) From: 18624K(96768K)->37056K(94720K)
[89.120s][info][gc,heap        ] GC(709) ParOldGen: 199635K(699392K)->199635K(699392K)
[89.120s][info][gc,metaspace   ] GC(709) Metaspace: 16173K(16448K)->16173K(16448K) NonClass: 13978K(14144K)->13978K(14144K) Class: 2195K(2304K)->2195K(2304K)
[89.120s][info][gc             ] GC(709) Pause Young (Allocation Failure) 367M->231M(929M) 5.147ms
[89.120s][info][gc,cpu         ] GC(709) User=0.09s Sys=0.00s Real=0.00s
[89.159s][info][gc,start       ] GC(710) Pause Young (System.gc())
[89.160s][info][gc,heap        ] GC(710) PSYoungGen: 67625K(252416K)->192K(257024K) Eden: 30569K(157696K)->0K(167936K) From: 37056K(94720K)->192K(89088K)
[89.160s][info][gc,heap        ] GC(710) ParOldGen: 199635K(699392K)->199635K(699392K)
[89.160s][info][gc,metaspace   ] GC(710) Metaspace: 16173K(16448K)->16173K(16448K) NonClass: 13978K(14144K)->13978K(14144K) Class: 2195K(2304K)->2195K(2304K)
[89.160s][info][gc             ] GC(710) Pause Young (System.gc()) 260M->195M(934M) 0.712ms
[89.160s][info][gc,cpu         ] GC(710) User=0.00s Sys=0.00s Real=0.00s
[89.160s][info][gc,start       ] GC(711) Pause Full (System.gc())
[89.160s][info][gc,phases,start] GC(711) Marking Phase
[89.165s][info][gc,phases      ] GC(711) Marking Phase 5.216ms
[89.165s][info][gc,phases,start] GC(711) Summary Phase
[89.166s][info][gc,phases      ] GC(711) Summary Phase 0.010ms
[89.166s][info][gc,phases,start] GC(711) Adjust Roots
[89.168s][info][gc,phases      ] GC(711) Adjust Roots 2.191ms
[89.168s][info][gc,phases,start] GC(711) Compaction Phase
[89.170s][info][gc,phases      ] GC(711) Compaction Phase 1.752ms
[89.170s][info][gc,phases,start] GC(711) Post Compact
[89.170s][info][gc,phases      ] GC(711) Post Compact 0.705ms
[89.170s][info][gc,heap        ] GC(711) PSYoungGen: 192K(257024K)->0K(257024K) Eden: 0K(167936K)->0K(167936K) From: 192K(89088K)->0K(89088K)
[89.170s][info][gc,heap        ] GC(711) ParOldGen: 199635K(699392K)->5666K(699392K)
[89.170s][info][gc,metaspace   ] GC(711) Metaspace: 16173K(16448K)->16173K(16448K) NonClass: 13978K(14144K)->13978K(14144K) Class: 2195K(2304K)->2195K(2304K)
[89.170s][info][gc             ] GC(711) Pause Full (System.gc()) 195M->5M(934M) 10.114ms
[89.170s][info][gc,cpu         ] GC(711) User=0.02s Sys=0.00s Real=0.02s
[89.308s][info][gc,start       ] GC(712) Pause Young (Allocation Failure)
[89.346s][info][gc,heap        ] GC(712) PSYoungGen: 167936K(257024K)->65776K(233984K) Eden: 167936K(167936K)->0K(167936K) From: 0K(89088K)->65776K(66048K)
[89.346s][info][gc,heap        ] GC(712) ParOldGen: 5666K(699392K)->5666K(699392K)
[89.346s][info][gc,metaspace   ] GC(712) Metaspace: 16173K(16448K)->16173K(16448K) NonClass: 13978K(14144K)->13978K(14144K) Class: 2195K(2304K)->2195K(2304K)
[89.346s][info][gc             ] GC(712) Pause Young (Allocation Failure) 169M->69M(911M) 37.821ms
[89.346s][info][gc,cpu         ] GC(712) User=0.19s Sys=0.00s Real=0.04s
[89.494s][info][gc,start       ] GC(713) Pause Young (Allocation Failure)
[89.566s][info][gc,heap        ] GC(713) PSYoungGen: 233712K(233984K)->70258K(240128K) Eden: 167936K(167936K)->0K(143360K) From: 65776K(66048K)->70258K(96768K)
[89.566s][info][gc,heap        ] GC(713) ParOldGen: 5666K(699392K)->62746K(699392K)
[89.566s][info][gc,metaspace   ] GC(713) Metaspace: 16173K(16448K)->16173K(16448K) NonClass: 13978K(14144K)->13978K(14144K) Class: 2195K(2304K)->2195K(2304K)
[89.566s][info][gc             ] GC(713) Pause Young (Allocation Failure) 233M->129M(917M) 71.798ms
[89.566s][info][gc,cpu         ] GC(713) User=0.45s Sys=0.00s Real=0.09s
[89.687s][info][gc,start       ] GC(714) Pause Young (Allocation Failure)
[89.758s][info][gc,heap        ] GC(714) PSYoungGen: 208162K(240128K)->54659K(246272K) Eden: 137904K(143360K)->0K(143360K) From: 70258K(96768K)->54659K(102912K)
[89.758s][info][gc,heap        ] GC(714) ParOldGen: 62746K(699392K)->130328K(699392K)
[89.758s][info][gc,metaspace   ] GC(714) Metaspace: 16173K(16448K)->16173K(16448K) NonClass: 13978K(14144K)->13978K(14144K) Class: 2195K(2304K)->2195K(2304K)
[89.758s][info][gc             ] GC(714) Pause Young (Allocation Failure) 264M->180M(923M) 71.054ms
[89.758s][info][gc,cpu         ] GC(714) User=0.31s Sys=0.00s Real=0.07s
[89.882s][info][gc,start       ] GC(715) Pause Young (Allocation Failure)
[89.917s][info][gc,heap        ] GC(715) PSYoungGen: 198019K(246272K)->26354K(250368K) Eden: 143360K(143360K)->0K(148480K) From: 54659K(102912K)->26354K(101888K)
[89.917s][info][gc,heap        ] GC(715) ParOldGen: 130328K(699392K)->174940K(699392K)
[89.917s][info][gc,metaspace   ] GC(715) Metaspace: 16173K(16448K)->16173K(16448K) NonClass: 13978K(14144K)->13978K(14144K) Class: 2195K(2304K)->2195K(2304K)
[89.917s][info][gc             ] GC(715) Pause Young (Allocation Failure) 320M->196M(927M) 34.856ms
[89.917s][info][gc,cpu         ] GC(715) User=0.27s Sys=0.00s Real=0.03s
[89.999s][info][gc,start       ] GC(716) Pause Young (Allocation Failure)
[90.010s][info][gc,heap        ] GC(716) PSYoungGen: 174834K(250368K)->18624K(247296K) Eden: 148480K(148480K)->0K(148480K) From: 26354K(101888K)->18624K(98816K)
[90.010s][info][gc,heap        ] GC(716) ParOldGen: 174940K(699392K)->192775K(699392K)
[90.010s][info][gc,metaspace   ] GC(716) Metaspace: 16173K(16448K)->16173K(16448K) NonClass: 13978K(14144K)->13978K(14144K) Class: 2195K(2304K)->2195K(2304K)
[90.010s][info][gc             ] GC(716) Pause Young (Allocation Failure) 341M->206M(924M) 11.729ms
[90.010s][info][gc,cpu         ] GC(716) User=0.00s Sys=0.00s Real=0.01s
[90.087s][info][gc,start       ] GC(717) Pause Young (Allocation Failure)
[90.092s][info][gc,heap        ] GC(717) PSYoungGen: 167104K(247296K)->37024K(258560K) Eden: 148480K(148480K)->0K(162304K) From: 18624K(98816K)->37024K(96256K)
[90.093s][info][gc,heap        ] GC(717) ParOldGen: 192775K(699392K)->192775K(699392K)
[90.093s][info][gc,metaspace   ] GC(717) Metaspace: 16173K(16448K)->16173K(16448K) NonClass: 13978K(14144K)->13978K(14144K) Class: 2195K(2304K)->2195K(2304K)
[90.093s][info][gc             ] GC(717) Pause Young (Allocation Failure) 351M->224M(935M) 5.098ms
[90.093s][info][gc,cpu         ] GC(717) User=0.09s Sys=0.00s Real=0.00s
[90.135s][info][gc,start       ] GC(718) Pause Young (System.gc())
[90.136s][info][gc,heap        ] GC(718) PSYoungGen: 75699K(258560K)->128K(252928K) Eden: 38675K(162304K)->0K(162304K) From: 37024K(96256K)->128K(90624K)
[90.136s][info][gc,heap        ] GC(718) ParOldGen: 192775K(699392K)->192775K(699392K)
[90.136s][info][gc,metaspace   ] GC(718) Metaspace: 16173K(16448K)->16173K(16448K) NonClass: 13978K(14144K)->13978K(14144K) Class: 2195K(2304K)->2195K(2304K)
[90.136s][info][gc             ] GC(718) Pause Young (System.gc()) 262M->188M(930M) 0.499ms
[90.136s][info][gc,cpu         ] GC(718) User=0.02s Sys=0.00s Real=0.00s
[90.136s][info][gc,start       ] GC(719) Pause Full (System.gc())
[90.136s][info][gc,phases,start] GC(719) Marking Phase
[90.141s][info][gc,phases      ] GC(719) Marking Phase 5.182ms
[90.141s][info][gc,phases,start] GC(719) Summary Phase
[90.141s][info][gc,phases      ] GC(719) Summary Phase 0.011ms
[90.141s][info][gc,phases,start] GC(719) Adjust Roots
[90.144s][info][gc,phases      ] GC(719) Adjust Roots 2.267ms
[90.144s][info][gc,phases,start] GC(719) Compaction Phase
[90.145s][info][gc,phases      ] GC(719) Compaction Phase 1.253ms
[90.145s][info][gc,phases,start] GC(719) Post Compact
[90.146s][info][gc,phases      ] GC(719) Post Compact 0.655ms
[90.146s][info][gc,heap        ] GC(719) PSYoungGen: 128K(252928K)->0K(252928K) Eden: 0K(162304K)->0K(162304K) From: 128K(90624K)->0K(90624K)
[90.146s][info][gc,heap        ] GC(719) ParOldGen: 192775K(699392K)->5666K(699392K)
[90.146s][info][gc,metaspace   ] GC(719) Metaspace: 16173K(16448K)->16173K(16448K) NonClass: 13978K(14144K)->13978K(14144K) Class: 2195K(2304K)->2195K(2304K)
[90.146s][info][gc             ] GC(719) Pause Full (System.gc()) 188M->5M(930M) 9.631ms
[90.146s][info][gc,cpu         ] GC(719) User=0.00s Sys=0.00s Real=0.02s
[90.280s][info][gc,start       ] GC(720) Pause Young (Allocation Failure)
[90.316s][info][gc,heap        ] GC(720) PSYoungGen: 162304K(252928K)->63745K(246784K) Eden: 162304K(162304K)->0K(154624K) From: 0K(90624K)->63745K(92160K)
[90.316s][info][gc,heap        ] GC(720) ParOldGen: 5666K(699392K)->5666K(699392K)
[90.316s][info][gc,metaspace   ] GC(720) Metaspace: 16173K(16448K)->16173K(16448K) NonClass: 13978K(14144K)->13978K(14144K) Class: 2195K(2304K)->2195K(2304K)
[90.316s][info][gc             ] GC(720) Pause Young (Allocation Failure) 164M->67M(924M) 35.794ms
[90.316s][info][gc,cpu         ] GC(720) User=0.19s Sys=0.00s Real=0.05s
[90.452s][info][gc,start       ] GC(721) Pause Young (Allocation Failure)
[90.519s][info][gc,heap        ] GC(721) PSYoungGen: 218369K(246784K)->65703K(220672K) Eden: 154624K(154624K)->0K(154624K) From: 63745K(92160K)->65703K(66048K)
[90.519s][info][gc,heap        ] GC(721) ParOldGen: 5666K(699392K)->60800K(699392K)
[90.519s][info][gc,metaspace   ] GC(721) Metaspace: 16173K(16448K)->16173K(16448K) NonClass: 13978K(14144K)->13978K(14144K) Class: 2195K(2304K)->2195K(2304K)
[90.519s][info][gc             ] GC(721) Pause Young (Allocation Failure) 218M->123M(898M) 67.023ms
[90.519s][info][gc,cpu         ] GC(721) User=0.36s Sys=0.00s Real=0.08s
[90.661s][info][gc,start       ] GC(722) Pause Young (Allocation Failure)
[90.734s][info][gc,heap        ] GC(722) PSYoungGen: 213687K(220672K)->52073K(248832K) Eden: 147983K(154624K)->0K(146944K) From: 65703K(66048K)->52073K(101888K)
[90.734s][info][gc,heap        ] GC(722) ParOldGen: 60800K(699392K)->129854K(699392K)
[90.734s][info][gc,metaspace   ] GC(722) Metaspace: 16173K(16448K)->16173K(16448K) NonClass: 13978K(14144K)->13978K(14144K) Class: 2195K(2304K)->2195K(2304K)
[90.734s][info][gc             ] GC(722) Pause Young (Allocation Failure) 268M->177M(926M) 72.618ms
[90.734s][info][gc,cpu         ] GC(722) User=0.41s Sys=0.00s Real=0.09s
[90.856s][info][gc,start       ] GC(723) Pause Young (Allocation Failure)
[90.904s][info][gc,heap        ] GC(723) PSYoungGen: 198456K(248832K)->27879K(247296K) Eden: 146383K(146944K)->0K(146944K) From: 52073K(101888K)->27879K(100352K)
[90.904s][info][gc,heap        ] GC(723) ParOldGen: 129854K(699392K)->181772K(699392K)
[90.904s][info][gc,metaspace   ] GC(723) Metaspace: 16173K(16448K)->16173K(16448K) NonClass: 13978K(14144K)->13978K(14144K) Class: 2195K(2304K)->2195K(2304K)
[90.904s][info][gc             ] GC(723) Pause Young (Allocation Failure) 320M->204M(924M) 48.271ms
[90.904s][info][gc,cpu         ] GC(723) User=0.28s Sys=0.00s Real=0.05s
[90.980s][info][gc,start       ] GC(724) Pause Young (Allocation Failure)
[90.992s][info][gc,heap        ] GC(724) PSYoungGen: 174823K(247296K)->18592K(254464K) Eden: 146944K(146944K)->0K(158208K) From: 27879K(100352K)->18592K(96256K)
[90.992s][info][gc,heap        ] GC(724) ParOldGen: 181772K(699392K)->199604K(699392K)
[90.992s][info][gc,metaspace   ] GC(724) Metaspace: 16173K(16448K)->16173K(16448K) NonClass: 13978K(14144K)->13978K(14144K) Class: 2195K(2304K)->2195K(2304K)
[90.992s][info][gc             ] GC(724) Pause Young (Allocation Failure) 348M->213M(931M) 11.768ms
[90.992s][info][gc,cpu         ] GC(724) User=0.00s Sys=0.00s Real=0.01s
[91.072s][info][gc,start       ] GC(725) Pause Young (Allocation Failure)
[91.077s][info][gc,heap        ] GC(725) PSYoungGen: 176800K(254464K)->37024K(252928K) Eden: 158208K(158208K)->0K(158208K) From: 18592K(96256K)->37024K(94720K)
[91.078s][info][gc,heap        ] GC(725) ParOldGen: 199604K(699392K)->199604K(699392K)
[91.078s][info][gc,metaspace   ] GC(725) Metaspace: 16173K(16448K)->16173K(16448K) NonClass: 13978K(14144K)->13978K(14144K) Class: 2195K(2304K)->2195K(2304K)
[91.078s][info][gc             ] GC(725) Pause Young (Allocation Failure) 367M->231M(930M) 5.363ms
[91.078s][info][gc,cpu         ] GC(725) User=0.09s Sys=0.00s Real=0.01s
[91.104s][info][gc,start       ] GC(726) Pause Young (System.gc())
[91.105s][info][gc,heap        ] GC(726) PSYoungGen: 68673K(252928K)->128K(258048K) Eden: 31648K(158208K)->0K(168960K) From: 37024K(94720K)->128K(89088K)
[91.105s][info][gc,heap        ] GC(726) ParOldGen: 199604K(699392K)->199604K(699392K)
[91.105s][info][gc,metaspace   ] GC(726) Metaspace: 16173K(16448K)->16173K(16448K) NonClass: 13978K(14144K)->13978K(14144K) Class: 2195K(2304K)->2195K(2304K)
[91.105s][info][gc             ] GC(726) Pause Young (System.gc()) 261M->195M(935M) 0.518ms
[91.105s][info][gc,cpu         ] GC(726) User=0.02s Sys=0.00s Real=0.00s
[91.105s][info][gc,start       ] GC(727) Pause Full (System.gc())
[91.105s][info][gc,phases,start] GC(727) Marking Phase
[91.110s][info][gc,phases      ] GC(727) Marking Phase 5.294ms
[91.110s][info][gc,phases,start] GC(727) Summary Phase
[91.110s][info][gc,phases      ] GC(727) Summary Phase 0.010ms
[91.110s][info][gc,phases,start] GC(727) Adjust Roots
[91.112s][info][gc,phases      ] GC(727) Adjust Roots 2.255ms
[91.112s][info][gc,phases,start] GC(727) Compaction Phase
[91.114s][info][gc,phases      ] GC(727) Compaction Phase 1.738ms
[91.114s][info][gc,phases,start] GC(727) Post Compact
[91.115s][info][gc,phases      ] GC(727) Post Compact 0.716ms
[91.115s][info][gc,heap        ] GC(727) PSYoungGen: 128K(258048K)->0K(258048K) Eden: 0K(168960K)->0K(168960K) From: 128K(89088K)->0K(89088K)
[91.115s][info][gc,heap        ] GC(727) ParOldGen: 199604K(699392K)->5666K(699392K)
[91.115s][info][gc,metaspace   ] GC(727) Metaspace: 16173K(16448K)->16173K(16448K) NonClass: 13978K(14144K)->13978K(14144K) Class: 2195K(2304K)->2195K(2304K)
[91.115s][info][gc             ] GC(727) Pause Full (System.gc()) 195M->5M(935M) 10.265ms
[91.115s][info][gc,cpu         ] GC(727) User=0.00s Sys=0.00s Real=0.02s
[91.253s][info][gc,start       ] GC(728) Pause Young (Allocation Failure)
[91.290s][info][gc,heap        ] GC(728) PSYoungGen: 168960K(258048K)->66115K(235520K) Eden: 168960K(168960K)->0K(168960K) From: 0K(89088K)->66115K(66560K)
[91.290s][info][gc,heap        ] GC(728) ParOldGen: 5666K(699392K)->5666K(699392K)
[91.290s][info][gc,metaspace   ] GC(728) Metaspace: 16173K(16448K)->16173K(16448K) NonClass: 13978K(14144K)->13978K(14144K) Class: 2195K(2304K)->2195K(2304K)
[91.290s][info][gc             ] GC(728) Pause Young (Allocation Failure) 170M->70M(913M) 37.229ms
[91.290s][info][gc,cpu         ] GC(728) User=0.19s Sys=0.00s Real=0.05s
[91.438s][info][gc,start       ] GC(729) Pause Young (Allocation Failure)
[91.510s][info][gc,heap        ] GC(729) PSYoungGen: 235075K(235520K)->70572K(240128K) Eden: 168960K(168960K)->0K(143360K) From: 66115K(66560K)->70572K(96768K)
[91.510s][info][gc,heap        ] GC(729) ParOldGen: 5666K(699392K)->63113K(699392K)
[91.510s][info][gc,metaspace   ] GC(729) Metaspace: 16173K(16448K)->16173K(16448K) NonClass: 13978K(14144K)->13978K(14144K) Class: 2195K(2304K)->2195K(2304K)
[91.510s][info][gc             ] GC(729) Pause Young (Allocation Failure) 235M->130M(917M) 71.482ms
[91.510s][info][gc,cpu         ] GC(729) User=0.38s Sys=0.00s Real=0.08s
[91.628s][info][gc,start       ] GC(730) Pause Young (Allocation Failure)
[91.700s][info][gc,heap        ] GC(730) PSYoungGen: 212455K(240128K)->60124K(203776K) Eden: 141882K(143360K)->0K(143360K) From: 70572K(96768K)->60124K(60416K)
[91.700s][info][gc,heap        ] GC(730) ParOldGen: 63113K(699392K)->124859K(699392K)
[91.700s][info][gc,metaspace   ] GC(730) Metaspace: 16173K(16448K)->16173K(16448K) NonClass: 13978K(14144K)->13978K(14144K) Class: 2195K(2304K)->2195K(2304K)
[91.700s][info][gc             ] GC(730) Pause Young (Allocation Failure) 269M->180M(882M) 71.537ms
[91.700s][info][gc,cpu         ] GC(730) User=0.41s Sys=0.00s Real=0.07s
[91.826s][info][gc,start       ] GC(731) Pause Young (Allocation Failure)
[91.861s][info][gc,heap        ] GC(731) PSYoungGen: 203484K(203776K)->27139K(248832K) Eden: 143360K(143360K)->0K(144896K) From: 60124K(60416K)->27139K(103936K)
[91.861s][info][gc,heap        ] GC(731) ParOldGen: 124859K(699392K)->168740K(699392K)
[91.861s][info][gc,metaspace   ] GC(731) Metaspace: 16173K(16448K)->16173K(16448K) NonClass: 13978K(14144K)->13978K(14144K) Class: 2195K(2304K)->2195K(2304K)
[91.861s][info][gc             ] GC(731) Pause Young (Allocation Failure) 320M->191M(926M) 34.648ms
[91.861s][info][gc,cpu         ] GC(731) User=0.19s Sys=0.00s Real=0.03s
[91.941s][info][gc,start       ] GC(732) Pause Young (Allocation Failure)
[91.953s][info][gc,heap        ] GC(732) PSYoungGen: 172035K(248832K)->18624K(245248K) Eden: 144896K(144896K)->0K(144896K) From: 27139K(103936K)->18624K(100352K)
[91.953s][info][gc,heap        ] GC(732) ParOldGen: 168740K(699392K)->186592K(699392K)
[91.953s][info][gc,metaspace   ] GC(732) Metaspace: 16173K(16448K)->16173K(16448K) NonClass: 13978K(14144K)->13978K(14144K) Class: 2195K(2304K)->2195K(2304K)
[91.953s][info][gc             ] GC(732) Pause Young (Allocation Failure) 332M->200M(922M) 11.642ms
[91.953s][info][gc,cpu         ] GC(732) User=0.09s Sys=0.00s Real=0.01s
[92.027s][info][gc,start       ] GC(733) Pause Young (Allocation Failure)
[92.032s][info][gc,heap        ] GC(733) PSYoungGen: 163520K(245248K)->37056K(256512K) Eden: 144896K(144896K)->0K(158208K) From: 18624K(100352K)->37056K(98304K)
[92.033s][info][gc,heap        ] GC(733) ParOldGen: 186592K(699392K)->186592K(699392K)
[92.033s][info][gc,metaspace   ] GC(733) Metaspace: 16173K(16448K)->16173K(16448K) NonClass: 13978K(14144K)->13978K(14144K) Class: 2195K(2304K)->2195K(2304K)
[92.033s][info][gc             ] GC(733) Pause Young (Allocation Failure) 341M->218M(933M) 5.267ms
[92.033s][info][gc,cpu         ] GC(733) User=0.00s Sys=0.00s Real=0.01s
[92.073s][info][gc,start       ] GC(734) Pause Young (System.gc())
[92.073s][info][gc,heap        ] GC(734) PSYoungGen: 71694K(256512K)->128K(250880K) Eden: 34638K(158208K)->0K(158208K) From: 37056K(98304K)->128K(92672K)
[92.073s][info][gc,heap        ] GC(734) ParOldGen: 186592K(699392K)->186592K(699392K)
[92.073s][info][gc,metaspace   ] GC(734) Metaspace: 16173K(16448K)->16173K(16448K) NonClass: 13978K(14144K)->13978K(14144K) Class: 2195K(2304K)->2195K(2304K)
[92.073s][info][gc             ] GC(734) Pause Young (System.gc()) 252M->182M(928M) 0.571ms
[92.073s][info][gc,cpu         ] GC(734) User=0.06s Sys=0.00s Real=0.00s
[92.073s][info][gc,start       ] GC(735) Pause Full (System.gc())
[92.073s][info][gc,phases,start] GC(735) Marking Phase
[92.078s][info][gc,phases      ] GC(735) Marking Phase 5.179ms
[92.078s][info][gc,phases,start] GC(735) Summary Phase
[92.078s][info][gc,phases      ] GC(735) Summary Phase 0.011ms
[92.078s][info][gc,phases,start] GC(735) Adjust Roots
[92.081s][info][gc,phases      ] GC(735) Adjust Roots 2.921ms
[92.081s][info][gc,phases,start] GC(735) Compaction Phase
[92.083s][info][gc,phases      ] GC(735) Compaction Phase 1.741ms
[92.083s][info][gc,phases,start] GC(735) Post Compact
[92.084s][info][gc,phases      ] GC(735) Post Compact 0.659ms
[92.084s][info][gc,heap        ] GC(735) PSYoungGen: 128K(250880K)->0K(250880K) Eden: 0K(158208K)->0K(158208K) From: 128K(92672K)->0K(92672K)
[92.084s][info][gc,heap        ] GC(735) ParOldGen: 186592K(699392K)->5666K(699392K)
[92.084s][info][gc,metaspace   ] GC(735) Metaspace: 16173K(16448K)->16173K(16448K) NonClass: 13978K(14144K)->13978K(14144K) Class: 2195K(2304K)->2195K(2304K)
[92.084s][info][gc             ] GC(735) Pause Full (System.gc()) 182M->5M(928M) 10.741ms
[92.084s][info][gc,cpu         ] GC(735) User=0.02s Sys=0.00s Real=0.02s
[92.212s][info][gc,start       ] GC(736) Pause Young (Allocation Failure)
[92.247s][info][gc,heap        ] GC(736) PSYoungGen: 158208K(250880K)->62259K(246272K) Eden: 158208K(158208K)->0K(152576K) From: 0K(92672K)->62259K(93696K)
[92.247s][info][gc,heap        ] GC(736) ParOldGen: 5666K(699392K)->5666K(699392K)
[92.247s][info][gc,metaspace   ] GC(736) Metaspace: 16173K(16448K)->16173K(16448K) NonClass: 13978K(14144K)->13978K(14144K) Class: 2195K(2304K)->2195K(2304K)
[92.247s][info][gc             ] GC(736) Pause Young (Allocation Failure) 160M->66M(923M) 34.663ms
[92.247s][info][gc,cpu         ] GC(736) User=0.28s Sys=0.00s Real=0.04s
[92.380s][info][gc,start       ] GC(737) Pause Young (Allocation Failure)
[92.445s][info][gc,heap        ] GC(737) PSYoungGen: 214835K(246272K)->64953K(217600K) Eden: 152576K(152576K)->0K(152576K) From: 62259K(93696K)->64953K(65024K)
[92.446s][info][gc,heap        ] GC(737) ParOldGen: 5666K(699392K)->59383K(699392K)
[92.446s][info][gc,metaspace   ] GC(737) Metaspace: 16173K(16448K)->16173K(16448K) NonClass: 13978K(14144K)->13978K(14144K) Class: 2195K(2304K)->2195K(2304K)
[92.446s][info][gc             ] GC(737) Pause Young (Allocation Failure) 215M->121M(895M) 65.872ms
[92.446s][info][gc,cpu         ] GC(737) User=0.38s Sys=0.00s Real=0.08s
[92.587s][info][gc,start       ] GC(738) Pause Young (Allocation Failure)
[92.660s][info][gc,heap        ] GC(738) PSYoungGen: 217529K(217600K)->54327K(247808K) Eden: 152576K(152576K)->0K(145408K) From: 64953K(65024K)->54327K(102400K)
[92.660s][info][gc,heap        ] GC(738) ParOldGen: 59383K(699392K)->127749K(699392K)
[92.660s][info][gc,metaspace   ] GC(738) Metaspace: 16173K(16448K)->16173K(16448K) NonClass: 13978K(14144K)->13978K(14144K) Class: 2195K(2304K)->2195K(2304K)
[92.660s][info][gc             ] GC(738) Pause Young (Allocation Failure) 270M->177M(925M) 72.927ms
[92.660s][info][gc,cpu         ] GC(738) User=0.39s Sys=0.00s Real=0.09s
[92.785s][info][gc,start       ] GC(739) Pause Young (Allocation Failure)
[92.834s][info][gc,heap        ] GC(739) PSYoungGen: 199735K(247808K)->25369K(246784K) Eden: 145408K(145408K)->0K(145408K) From: 54327K(102400K)->25369K(101376K)
[92.834s][info][gc,heap        ] GC(739) ParOldGen: 127749K(699392K)->181925K(699392K)
[92.834s][info][gc,metaspace   ] GC(739) Metaspace: 16173K(16448K)->16173K(16448K) NonClass: 13978K(14144K)->13978K(14144K) Class: 2195K(2304K)->2195K(2304K)
[92.834s][info][gc             ] GC(739) Pause Young (Allocation Failure) 319M->202M(924M) 49.373ms
[92.834s][info][gc,cpu         ] GC(739) User=0.28s Sys=0.00s Real=0.05s
[92.916s][info][gc,start       ] GC(740) Pause Young (Allocation Failure)
[92.927s][info][gc,heap        ] GC(740) PSYoungGen: 170777K(246784K)->18624K(253440K) Eden: 145408K(145408K)->0K(155136K) From: 25369K(101376K)->18624K(98304K)
[92.927s][info][gc,heap        ] GC(740) ParOldGen: 181925K(699392K)->199565K(699392K)
[92.927s][info][gc,metaspace   ] GC(740) Metaspace: 16173K(16448K)->16173K(16448K) NonClass: 13978K(14144K)->13978K(14144K) Class: 2195K(2304K)->2195K(2304K)
[92.927s][info][gc             ] GC(740) Pause Young (Allocation Failure) 344M->213M(930M) 11.445ms
[92.927s][info][gc,cpu         ] GC(740) User=0.09s Sys=0.00s Real=0.01s
[93.011s][info][gc,start       ] GC(741) Pause Young (Allocation Failure)
[93.016s][info][gc,heap        ] GC(741) PSYoungGen: 173760K(253440K)->37056K(250880K) Eden: 155136K(155136K)->0K(155136K) From: 18624K(98304K)->37056K(95744K)
[93.016s][info][gc,heap        ] GC(741) ParOldGen: 199565K(699392K)->199565K(699392K)
[93.016s][info][gc,metaspace   ] GC(741) Metaspace: 16173K(16448K)->16173K(16448K) NonClass: 13978K(14144K)->13978K(14144K) Class: 2195K(2304K)->2195K(2304K)
[93.016s][info][gc             ] GC(741) Pause Young (Allocation Failure) 364M->231M(928M) 5.038ms
[93.016s][info][gc,cpu         ] GC(741) User=0.00s Sys=0.00s Real=0.01s
[93.062s][info][gc,start       ] GC(742) Pause Young (System.gc())
[93.063s][info][gc,heap        ] GC(742) PSYoungGen: 75567K(250880K)->160K(256000K) Eden: 38511K(155136K)->0K(165888K) From: 37056K(95744K)->160K(90112K)
[93.063s][info][gc,heap        ] GC(742) ParOldGen: 199565K(699392K)->199565K(699392K)
[93.063s][info][gc,metaspace   ] GC(742) Metaspace: 16173K(16448K)->16173K(16448K) NonClass: 13978K(14144K)->13978K(14144K) Class: 2195K(2304K)->2195K(2304K)
[93.063s][info][gc             ] GC(742) Pause Young (System.gc()) 268M->195M(933M) 0.553ms
[93.063s][info][gc,cpu         ] GC(742) User=0.00s Sys=0.00s Real=0.00s
[93.063s][info][gc,start       ] GC(743) Pause Full (System.gc())
[93.063s][info][gc,phases,start] GC(743) Marking Phase
[93.068s][info][gc,phases      ] GC(743) Marking Phase 5.223ms
[93.068s][info][gc,phases,start] GC(743) Summary Phase
[93.068s][info][gc,phases      ] GC(743) Summary Phase 0.010ms
[93.068s][info][gc,phases,start] GC(743) Adjust Roots
[93.070s][info][gc,phases      ] GC(743) Adjust Roots 2.276ms
[93.070s][info][gc,phases,start] GC(743) Compaction Phase
[93.072s][info][gc,phases      ] GC(743) Compaction Phase 1.258ms
[93.072s][info][gc,phases,start] GC(743) Post Compact
[93.072s][info][gc,phases      ] GC(743) Post Compact 0.693ms
[93.073s][info][gc,heap        ] GC(743) PSYoungGen: 160K(256000K)->0K(256000K) Eden: 0K(165888K)->0K(165888K) From: 160K(90112K)->0K(90112K)
[93.073s][info][gc,heap        ] GC(743) ParOldGen: 199565K(699392K)->5669K(699392K)
[93.073s][info][gc,metaspace   ] GC(743) Metaspace: 16173K(16448K)->16173K(16448K) NonClass: 13978K(14144K)->13978K(14144K) Class: 2195K(2304K)->2195K(2304K)
[93.073s][info][gc             ] GC(743) Pause Full (System.gc()) 195M->5M(933M) 9.761ms
[93.073s][info][gc,cpu         ] GC(743) User=0.00s Sys=0.00s Real=0.01s
[93.210s][info][gc,start       ] GC(744) Pause Young (Allocation Failure)
[93.246s][info][gc,heap        ] GC(744) PSYoungGen: 165888K(256000K)->65052K(231424K) Eden: 165888K(165888K)->0K(165888K) From: 0K(90112K)->65052K(65536K)
[93.246s][info][gc,heap        ] GC(744) ParOldGen: 5669K(699392K)->5669K(699392K)
[93.246s][info][gc,metaspace   ] GC(744) Metaspace: 16173K(16448K)->16173K(16448K) NonClass: 13978K(14144K)->13978K(14144K) Class: 2195K(2304K)->2195K(2304K)
[93.246s][info][gc             ] GC(744) Pause Young (Allocation Failure) 167M->69M(909M) 36.380ms
[93.246s][info][gc,cpu         ] GC(744) User=0.28s Sys=0.00s Real=0.04s
[93.392s][info][gc,start       ] GC(745) Pause Young (Allocation Failure)
[93.462s][info][gc,heap        ] GC(745) PSYoungGen: 230940K(231424K)->69554K(239616K) Eden: 165888K(165888K)->0K(142336K) From: 65052K(65536K)->69554K(97280K)
[93.462s][info][gc,heap        ] GC(745) ParOldGen: 5669K(699392K)->62050K(699392K)
[93.462s][info][gc,metaspace   ] GC(745) Metaspace: 16173K(16448K)->16173K(16448K) NonClass: 13978K(14144K)->13978K(14144K) Class: 2195K(2304K)->2195K(2304K)
[93.462s][info][gc             ] GC(745) Pause Young (Allocation Failure) 231M->128M(917M) 70.026ms
[93.462s][info][gc,cpu         ] GC(745) User=0.36s Sys=0.00s Real=0.08s
[93.587s][info][gc,start       ] GC(746) Pause Young (Allocation Failure)
[93.659s][info][gc,heap        ] GC(746) PSYoungGen: 210773K(239616K)->56093K(245760K) Eden: 141219K(142336K)->0K(142336K) From: 69554K(97280K)->56093K(103424K)
[93.659s][info][gc,heap        ] GC(746) ParOldGen: 62050K(699392K)->125809K(699392K)
[93.659s][info][gc,metaspace   ] GC(746) Metaspace: 16173K(16448K)->16173K(16448K) NonClass: 13978K(14144K)->13978K(14144K) Class: 2195K(2304K)->2195K(2304K)
[93.659s][info][gc             ] GC(746) Pause Young (Allocation Failure) 266M->177M(923M) 72.886ms
[93.659s][info][gc,cpu         ] GC(746) User=0.41s Sys=0.00s Real=0.07s
[93.821s][info][gc,start       ] GC(747) Pause Young (Allocation Failure)
[93.858s][info][gc,heap        ] GC(747) PSYoungGen: 198429K(245760K)->26386K(249856K) Eden: 142336K(142336K)->0K(146944K) From: 56093K(103424K)->26386K(102912K)
[93.858s][info][gc,heap        ] GC(747) ParOldGen: 125809K(699392K)->171812K(699392K)
[93.858s][info][gc,metaspace   ] GC(747) Metaspace: 16173K(16448K)->16173K(16448K) NonClass: 13978K(14144K)->13978K(14144K) Class: 2195K(2304K)->2195K(2304K)
[93.858s][info][gc             ] GC(747) Pause Young (Allocation Failure) 316M->193M(927M) 36.417ms
[93.858s][info][gc,cpu         ] GC(747) User=0.28s Sys=0.00s Real=0.04s
[93.937s][info][gc,start       ] GC(748) Pause Young (Allocation Failure)
[93.948s][info][gc,heap        ] GC(748) PSYoungGen: 173330K(249856K)->18624K(246272K) Eden: 146944K(146944K)->0K(146944K) From: 26386K(102912K)->18624K(99328K)
[93.948s][info][gc,heap        ] GC(748) ParOldGen: 171812K(699392K)->189691K(699392K)
[93.948s][info][gc,metaspace   ] GC(748) Metaspace: 16173K(16448K)->16173K(16448K) NonClass: 13978K(14144K)->13978K(14144K) Class: 2195K(2304K)->2195K(2304K)
[93.948s][info][gc             ] GC(748) Pause Young (Allocation Failure) 337M->203M(923M) 11.344ms
[93.948s][info][gc,cpu         ] GC(748) User=0.03s Sys=0.00s Real=0.01s
[94.023s][info][gc,start       ] GC(749) Pause Young (Allocation Failure)
[94.028s][info][gc,heap        ] GC(749) PSYoungGen: 165568K(246272K)->37024K(257536K) Eden: 146944K(146944K)->0K(160256K) From: 18624K(99328K)->37024K(97280K)
[94.028s][info][gc,heap        ] GC(749) ParOldGen: 189691K(699392K)->189691K(699392K)
[94.028s][info][gc,metaspace   ] GC(749) Metaspace: 16173K(16448K)->16173K(16448K) NonClass: 13978K(14144K)->13978K(14144K) Class: 2195K(2304K)->2195K(2304K)
[94.028s][info][gc             ] GC(749) Pause Young (Allocation Failure) 346M->221M(934M) 4.948ms
[94.028s][info][gc,cpu         ] GC(749) User=0.09s Sys=0.00s Real=0.00s
[94.071s][info][gc,start       ] GC(750) Pause Young (System.gc())
[94.071s][info][gc,heap        ] GC(750) PSYoungGen: 78018K(257536K)->160K(251904K) Eden: 40993K(160256K)->0K(160256K) From: 37024K(97280K)->160K(91648K)
[94.071s][info][gc,heap        ] GC(750) ParOldGen: 189691K(699392K)->189691K(699392K)
[94.071s][info][gc,metaspace   ] GC(750) Metaspace: 16173K(16448K)->16173K(16448K) NonClass: 13978K(14144K)->13978K(14144K) Class: 2195K(2304K)->2195K(2304K)
[94.071s][info][gc             ] GC(750) Pause Young (System.gc()) 261M->185M(929M) 0.491ms
[94.071s][info][gc,cpu         ] GC(750) User=0.00s Sys=0.00s Real=0.00s
[94.071s][info][gc,start       ] GC(751) Pause Full (System.gc())
[94.071s][info][gc,phases,start] GC(751) Marking Phase
[94.076s][info][gc,phases      ] GC(751) Marking Phase 5.318ms
[94.076s][info][gc,phases,start] GC(751) Summary Phase
[94.076s][info][gc,phases      ] GC(751) Summary Phase 0.010ms
[94.076s][info][gc,phases,start] GC(751) Adjust Roots
[94.079s][info][gc,phases      ] GC(751) Adjust Roots 2.977ms
[94.080s][info][gc,phases,start] GC(751) Compaction Phase
[94.082s][info][gc,phases      ] GC(751) Compaction Phase 2.382ms
[94.082s][info][gc,phases,start] GC(751) Post Compact
[94.083s][info][gc,phases      ] GC(751) Post Compact 0.788ms
[94.083s][info][gc,heap        ] GC(751) PSYoungGen: 160K(251904K)->0K(251904K) Eden: 0K(160256K)->0K(160256K) From: 160K(91648K)->0K(91648K)
[94.083s][info][gc,heap        ] GC(751) ParOldGen: 189691K(699392K)->5669K(699392K)
[94.083s][info][gc,metaspace   ] GC(751) Metaspace: 16173K(16448K)->16173K(16448K) NonClass: 13978K(14144K)->13978K(14144K) Class: 2195K(2304K)->2195K(2304K)
[94.083s][info][gc             ] GC(751) Pause Full (System.gc()) 185M->5M(929M) 11.789ms
[94.083s][info][gc,cpu         ] GC(751) User=0.00s Sys=0.00s Real=0.02s
[94.213s][info][gc,start       ] GC(752) Pause Young (Allocation Failure)
[94.248s][info][gc,heap        ] GC(752) PSYoungGen: 160256K(251904K)->62995K(247296K) Eden: 160256K(160256K)->0K(154624K) From: 0K(91648K)->62995K(92672K)
[94.248s][info][gc,heap        ] GC(752) ParOldGen: 5669K(699392K)->5669K(699392K)
[94.248s][info][gc,metaspace   ] GC(752) Metaspace: 16173K(16448K)->16173K(16448K) NonClass: 13978K(14144K)->13978K(14144K) Class: 2195K(2304K)->2195K(2304K)
[94.248s][info][gc             ] GC(752) Pause Young (Allocation Failure) 162M->67M(924M) 35.352ms
[94.248s][info][gc,cpu         ] GC(752) User=0.28s Sys=0.00s Real=0.04s
[94.383s][info][gc,start       ] GC(753) Pause Young (Allocation Failure)
[94.450s][info][gc,heap        ] GC(753) PSYoungGen: 217619K(247296K)->65639K(220672K) Eden: 154624K(154624K)->0K(154624K) From: 62995K(92672K)->65639K(66048K)
[94.450s][info][gc,heap        ] GC(753) ParOldGen: 5669K(699392K)->60080K(699392K)
[94.450s][info][gc,metaspace   ] GC(753) Metaspace: 16173K(16448K)->16173K(16448K) NonClass: 13978K(14144K)->13978K(14144K) Class: 2195K(2304K)->2195K(2304K)
[94.450s][info][gc             ] GC(753) Pause Young (Allocation Failure) 218M->122M(898M) 66.812ms
[94.450s][info][gc,cpu         ] GC(753) User=0.45s Sys=0.00s Real=0.07s
[94.587s][info][gc,start       ] GC(754) Pause Young (Allocation Failure)
[94.660s][info][gc,heap        ] GC(754) PSYoungGen: 215837K(220672K)->52912K(248320K) Eden: 150197K(154624K)->0K(146432K) From: 65639K(66048K)->52912K(101888K)
[94.660s][info][gc,heap        ] GC(754) ParOldGen: 60080K(699392K)->129141K(699392K)
[94.660s][info][gc,metaspace   ] GC(754) Metaspace: 16173K(16448K)->16173K(16448K) NonClass: 13978K(14144K)->13978K(14144K) Class: 2195K(2304K)->2195K(2304K)
[94.660s][info][gc             ] GC(754) Pause Young (Allocation Failure) 269M->177M(925M) 72.511ms
[94.660s][info][gc,cpu         ] GC(754) User=0.41s Sys=0.00s Real=0.07s
[94.782s][info][gc,start       ] GC(755) Pause Young (Allocation Failure)
[94.831s][info][gc,heap        ] GC(755) PSYoungGen: 199344K(248320K)->26213K(247296K) Eden: 146432K(146432K)->0K(146432K) From: 52912K(101888K)->26213K(100864K)
[94.831s][info][gc,heap        ] GC(755) ParOldGen: 129141K(699392K)->181907K(699392K)
[94.831s][info][gc,metaspace   ] GC(755) Metaspace: 16173K(16448K)->16173K(16448K) NonClass: 13978K(14144K)->13978K(14144K) Class: 2195K(2304K)->2195K(2304K)
[94.831s][info][gc             ] GC(755) Pause Young (Allocation Failure) 320M->203M(924M) 48.774ms
[94.831s][info][gc,cpu         ] GC(755) User=0.28s Sys=0.00s Real=0.05s
[94.910s][info][gc,start       ] GC(756) Pause Young (Allocation Failure)
[94.921s][info][gc,heap        ] GC(756) PSYoungGen: 172645K(247296K)->18624K(253952K) Eden: 146432K(146432K)->0K(156672K) From: 26213K(100864K)->18624K(97280K)
[94.921s][info][gc,heap        ] GC(756) ParOldGen: 181907K(699392K)->199570K(699392K)
[94.921s][info][gc,metaspace   ] GC(756) Metaspace: 16173K(16448K)->16173K(16448K) NonClass: 13978K(14144K)->13978K(14144K) Class: 2195K(2304K)->2195K(2304K)
[94.921s][info][gc             ] GC(756) Pause Young (Allocation Failure) 346M->213M(931M) 11.466ms
[94.921s][info][gc,cpu         ] GC(756) User=0.09s Sys=0.00s Real=0.01s
[95.001s][info][gc,start       ] GC(757) Pause Young (Allocation Failure)
[95.006s][info][gc,heap        ] GC(757) PSYoungGen: 175296K(253952K)->37024K(251904K) Eden: 156672K(156672K)->0K(156672K) From: 18624K(97280K)->37024K(95232K)
[95.006s][info][gc,heap        ] GC(757) ParOldGen: 199570K(699392K)->199570K(699392K)
[95.006s][info][gc,metaspace   ] GC(757) Metaspace: 16173K(16448K)->16173K(16448K) NonClass: 13978K(14144K)->13978K(14144K) Class: 2195K(2304K)->2195K(2304K)
[95.006s][info][gc             ] GC(757) Pause Young (Allocation Failure) 366M->231M(929M) 4.996ms
[95.006s][info][gc,cpu         ] GC(757) User=0.00s Sys=0.00s Real=0.00s
[95.046s][info][gc,start       ] GC(758) Pause Young (System.gc())
[95.047s][info][gc,heap        ] GC(758) PSYoungGen: 68182K(251904K)->128K(257536K) Eden: 31158K(156672K)->0K(167936K) From: 37024K(95232K)->128K(89600K)
[95.047s][info][gc,heap        ] GC(758) ParOldGen: 199570K(699392K)->199570K(699392K)
[95.047s][info][gc,metaspace   ] GC(758) Metaspace: 16173K(16448K)->16173K(16448K) NonClass: 13978K(14144K)->13978K(14144K) Class: 2195K(2304K)->2195K(2304K)
[95.047s][info][gc             ] GC(758) Pause Young (System.gc()) 261M->195M(934M) 0.564ms
[95.047s][info][gc,cpu         ] GC(758) User=0.00s Sys=0.00s Real=0.00s
[95.047s][info][gc,start       ] GC(759) Pause Full (System.gc())
[95.047s][info][gc,phases,start] GC(759) Marking Phase
[95.052s][info][gc,phases      ] GC(759) Marking Phase 4.927ms
[95.052s][info][gc,phases,start] GC(759) Summary Phase
[95.052s][info][gc,phases      ] GC(759) Summary Phase 0.009ms
[95.052s][info][gc,phases,start] GC(759) Adjust Roots
[95.055s][info][gc,phases      ] GC(759) Adjust Roots 2.674ms
[95.055s][info][gc,phases,start] GC(759) Compaction Phase
[95.056s][info][gc,phases      ] GC(759) Compaction Phase 1.730ms
[95.057s][info][gc,phases,start] GC(759) Post Compact
[95.057s][info][gc,phases      ] GC(759) Post Compact 0.798ms
[95.057s][info][gc,heap        ] GC(759) PSYoungGen: 128K(257536K)->0K(257536K) Eden: 0K(167936K)->0K(167936K) From: 128K(89600K)->0K(89600K)
[95.057s][info][gc,heap        ] GC(759) ParOldGen: 199570K(699392K)->5669K(699392K)
[95.057s][info][gc,metaspace   ] GC(759) Metaspace: 16173K(16448K)->16173K(16448K) NonClass: 13978K(14144K)->13978K(14144K) Class: 2195K(2304K)->2195K(2304K)
[95.057s][info][gc             ] GC(759) Pause Full (System.gc()) 195M->5M(934M) 10.369ms
[95.057s][info][gc,cpu         ] GC(759) User=0.00s Sys=0.00s Real=0.01s
[95.210s][info][gc,start       ] GC(760) Pause Young (Allocation Failure)
[95.247s][info][gc,heap        ] GC(760) PSYoungGen: 167936K(257536K)->65783K(233984K) Eden: 167936K(167936K)->0K(167936K) From: 0K(89600K)->65783K(66048K)
[95.247s][info][gc,heap        ] GC(760) ParOldGen: 5669K(699392K)->5669K(699392K)
[95.247s][info][gc,metaspace   ] GC(760) Metaspace: 16173K(16448K)->16173K(16448K) NonClass: 13978K(14144K)->13978K(14144K) Class: 2195K(2304K)->2195K(2304K)
[95.247s][info][gc             ] GC(760) Pause Young (Allocation Failure) 169M->69M(911M) 37.291ms
[95.247s][info][gc,cpu         ] GC(760) User=0.27s Sys=0.02s Real=0.04s
[95.397s][info][gc,start       ] GC(761) Pause Young (Allocation Failure)
[95.469s][info][gc,heap        ] GC(761) PSYoungGen: 233719K(233984K)->70258K(239104K) Eden: 167936K(167936K)->0K(142336K) From: 65783K(66048K)->70258K(96768K)
[95.469s][info][gc,heap        ] GC(761) ParOldGen: 5669K(699392K)->62753K(699392K)
[95.469s][info][gc,metaspace   ] GC(761) Metaspace: 16173K(16448K)->16173K(16448K) NonClass: 13978K(14144K)->13978K(14144K) Class: 2195K(2304K)->2195K(2304K)
[95.469s][info][gc             ] GC(761) Pause Young (Allocation Failure) 233M->129M(916M) 71.846ms
[95.469s][info][gc,cpu         ] GC(761) User=0.45s Sys=0.00s Real=0.08s
[95.588s][info][gc,start       ] GC(762) Pause Young (Allocation Failure)
[95.658s][info][gc,heap        ] GC(762) PSYoungGen: 207169K(239104K)->54678K(245760K) Eden: 136911K(142336K)->0K(142336K) From: 70258K(96768K)->54678K(103424K)
[95.658s][info][gc,heap        ] GC(762) ParOldGen: 62753K(699392K)->130311K(699392K)
[95.658s][info][gc,metaspace   ] GC(762) Metaspace: 16173K(16448K)->16173K(16448K) NonClass: 13978K(14144K)->13978K(14144K) Class: 2195K(2304K)->2195K(2304K)
[95.658s][info][gc             ] GC(762) Pause Young (Allocation Failure) 263M->180M(923M) 69.761ms
[95.658s][info][gc,cpu         ] GC(762) User=0.31s Sys=0.00s Real=0.07s
[95.788s][info][gc,start       ] GC(763) Pause Young (Allocation Failure)
[95.823s][info][gc,heap        ] GC(763) PSYoungGen: 197014K(245760K)->26411K(250368K) Eden: 142336K(142336K)->0K(147968K) From: 54678K(103424K)->26411K(102400K)
[95.823s][info][gc,heap        ] GC(763) ParOldGen: 130311K(699392K)->174900K(699392K)
[95.823s][info][gc,metaspace   ] GC(763) Metaspace: 16173K(16448K)->16173K(16448K) NonClass: 13978K(14144K)->13978K(14144K) Class: 2195K(2304K)->2195K(2304K)
[95.823s][info][gc             ] GC(763) Pause Young (Allocation Failure) 319M->196M(927M) 35.277ms
[95.823s][info][gc,cpu         ] GC(763) User=0.19s Sys=0.00s Real=0.03s
[95.904s][info][gc,start       ] GC(764) Pause Young (Allocation Failure)
[95.915s][info][gc,heap        ] GC(764) PSYoungGen: 174379K(250368K)->18624K(246784K) Eden: 147968K(147968K)->0K(147968K) From: 26411K(102400K)->18624K(98816K)
[95.915s][info][gc,heap        ] GC(764) ParOldGen: 174900K(699392K)->192748K(699392K)
[95.915s][info][gc,metaspace   ] GC(764) Metaspace: 16173K(16448K)->16173K(16448K) NonClass: 13978K(14144K)->13978K(14144K) Class: 2195K(2304K)->2195K(2304K)
[95.916s][info][gc             ] GC(764) Pause Young (Allocation Failure) 341M->206M(924M) 11.850ms
[95.916s][info][gc,cpu         ] GC(764) User=0.00s Sys=0.00s Real=0.01s
[95.991s][info][gc,start       ] GC(765) Pause Young (Allocation Failure)
[95.997s][info][gc,heap        ] GC(765) PSYoungGen: 166592K(246784K)->37056K(258048K) Eden: 147968K(147968K)->0K(161280K) From: 18624K(98816K)->37056K(96768K)
[95.997s][info][gc,heap        ] GC(765) ParOldGen: 192748K(699392K)->192748K(699392K)
[95.997s][info][gc,metaspace   ] GC(765) Metaspace: 16173K(16448K)->16173K(16448K) NonClass: 13978K(14144K)->13978K(14144K) Class: 2195K(2304K)->2195K(2304K)
[95.997s][info][gc             ] GC(765) Pause Young (Allocation Failure) 350M->224M(935M) 5.708ms
[95.997s][info][gc,cpu         ] GC(765) User=0.09s Sys=0.00s Real=0.01s
[96.041s][info][gc,start       ] GC(766) Pause Young (System.gc())
[96.041s][info][gc,heap        ] GC(766) PSYoungGen: 75581K(258048K)->128K(252416K) Eden: 38525K(161280K)->0K(161280K) From: 37056K(96768K)->128K(91136K)
[96.041s][info][gc,heap        ] GC(766) ParOldGen: 192748K(699392K)->192748K(699392K)
[96.041s][info][gc,metaspace   ] GC(766) Metaspace: 16173K(16448K)->16173K(16448K) NonClass: 13978K(14144K)->13978K(14144K) Class: 2195K(2304K)->2195K(2304K)
[96.041s][info][gc             ] GC(766) Pause Young (System.gc()) 262M->188M(929M) 0.395ms
[96.041s][info][gc,cpu         ] GC(766) User=0.00s Sys=0.00s Real=0.00s
[96.041s][info][gc,start       ] GC(767) Pause Full (System.gc())
[96.041s][info][gc,phases,start] GC(767) Marking Phase
[96.049s][info][gc,phases      ] GC(767) Marking Phase 8.126ms
[96.049s][info][gc,phases,start] GC(767) Summary Phase
[96.049s][info][gc,phases      ] GC(767) Summary Phase 0.019ms
[96.049s][info][gc,phases,start] GC(767) Adjust Roots
[96.053s][info][gc,phases      ] GC(767) Adjust Roots 3.470ms
[96.053s][info][gc,phases,start] GC(767) Compaction Phase
[96.054s][info][gc,phases      ] GC(767) Compaction Phase 1.345ms
[96.054s][info][gc,phases,start] GC(767) Post Compact
[96.055s][info][gc,phases      ] GC(767) Post Compact 0.912ms
[96.055s][info][gc,heap        ] GC(767) PSYoungGen: 128K(252416K)->0K(252416K) Eden: 0K(161280K)->0K(161280K) From: 128K(91136K)->0K(91136K)
[96.055s][info][gc,heap        ] GC(767) ParOldGen: 192748K(699392K)->5669K(699392K)
[96.055s][info][gc,metaspace   ] GC(767) Metaspace: 16173K(16448K)->16173K(16448K) NonClass: 13978K(14144K)->13978K(14144K) Class: 2195K(2304K)->2195K(2304K)
[96.055s][info][gc             ] GC(767) Pause Full (System.gc()) 188M->5M(929M) 14.131ms
[96.055s][info][gc,cpu         ] GC(767) User=0.09s Sys=0.00s Real=0.01s
[96.188s][info][gc,start       ] GC(768) Pause Young (Allocation Failure)
[96.224s][info][gc,heap        ] GC(768) PSYoungGen: 161280K(252416K)->63406K(246784K) Eden: 161280K(161280K)->0K(154624K) From: 0K(91136K)->63406K(92160K)
[96.224s][info][gc,heap        ] GC(768) ParOldGen: 5669K(699392K)->5669K(699392K)
[96.224s][info][gc,metaspace   ] GC(768) Metaspace: 16173K(16448K)->16173K(16448K) NonClass: 13978K(14144K)->13978K(14144K) Class: 2195K(2304K)->2195K(2304K)
[96.224s][info][gc             ] GC(768) Pause Young (Allocation Failure) 163M->67M(924M) 35.923ms
[96.224s][info][gc,cpu         ] GC(768) User=0.19s Sys=0.00s Real=0.05s
[96.360s][info][gc,start       ] GC(769) Pause Young (Allocation Failure)
[96.427s][info][gc,heap        ] GC(769) PSYoungGen: 218030K(246784K)->65627K(220672K) Eden: 154624K(154624K)->0K(154624K) From: 63406K(92160K)->65627K(66048K)
[96.427s][info][gc,heap        ] GC(769) ParOldGen: 5669K(699392K)->60436K(699392K)
[96.427s][info][gc,metaspace   ] GC(769) Metaspace: 16173K(16448K)->16173K(16448K) NonClass: 13978K(14144K)->13978K(14144K) Class: 2195K(2304K)->2195K(2304K)
[96.427s][info][gc             ] GC(769) Pause Young (Allocation Failure) 218M->123M(898M) 67.719ms
[96.427s][info][gc,cpu         ] GC(769) User=0.38s Sys=0.00s Real=0.08s
[96.563s][info][gc,start       ] GC(770) Pause Young (Allocation Failure)
[96.635s][info][gc,heap        ] GC(770) PSYoungGen: 213547K(220672K)->52411K(248832K) Eden: 147920K(154624K)->0K(146944K) From: 65627K(66048K)->52411K(101888K)
[96.635s][info][gc,heap        ] GC(770) ParOldGen: 60436K(699392K)->129505K(699392K)
[96.635s][info][gc,metaspace   ] GC(770) Metaspace: 16173K(16448K)->16173K(16448K) NonClass: 13978K(14144K)->13978K(14144K) Class: 2195K(2304K)->2195K(2304K)
[96.635s][info][gc             ] GC(770) Pause Young (Allocation Failure) 267M->177M(926M) 71.428ms
[96.635s][info][gc,cpu         ] GC(770) User=0.38s Sys=0.00s Real=0.08s
[96.776s][info][gc,start       ] GC(771) Pause Young (Allocation Failure)
[96.824s][info][gc,heap        ] GC(771) PSYoungGen: 199355K(248832K)->24818K(247296K) Eden: 146944K(146944K)->0K(146944K) From: 52411K(101888K)->24818K(100352K)
[96.824s][info][gc,heap        ] GC(771) ParOldGen: 129505K(699392K)->181771K(699392K)
[96.824s][info][gc,metaspace   ] GC(771) Metaspace: 16173K(16448K)->16173K(16448K) NonClass: 13978K(14144K)->13978K(14144K) Class: 2195K(2304K)->2195K(2304K)
[96.824s][info][gc             ] GC(771) Pause Young (Allocation Failure) 321M->201M(924M) 47.879ms
[96.824s][info][gc,cpu         ] GC(771) User=0.31s Sys=0.00s Real=0.05s
[96.908s][info][gc,start       ] GC(772) Pause Young (Allocation Failure)
[96.920s][info][gc,heap        ] GC(772) PSYoungGen: 171762K(247296K)->18592K(253952K) Eden: 146944K(146944K)->0K(156672K) From: 24818K(100352K)->18592K(97280K)
[96.920s][info][gc,heap        ] GC(772) ParOldGen: 181771K(699392K)->199591K(699392K)
[96.920s][info][gc,metaspace   ] GC(772) Metaspace: 16173K(16448K)->16173K(16448K) NonClass: 13978K(14144K)->13978K(14144K) Class: 2195K(2304K)->2195K(2304K)
[96.920s][info][gc             ] GC(772) Pause Young (Allocation Failure) 345M->213M(931M) 11.301ms
[96.920s][info][gc,cpu         ] GC(772) User=0.09s Sys=0.00s Real=0.01s
[97.007s][info][gc,start       ] GC(773) Pause Young (Allocation Failure)
[97.012s][info][gc,heap        ] GC(773) PSYoungGen: 175264K(253952K)->37024K(251904K) Eden: 156672K(156672K)->0K(156672K) From: 18592K(97280K)->37024K(95232K)
[97.012s][info][gc,heap        ] GC(773) ParOldGen: 199591K(699392K)->199591K(699392K)
[97.012s][info][gc,metaspace   ] GC(773) Metaspace: 16173K(16448K)->16173K(16448K) NonClass: 13978K(14144K)->13978K(14144K) Class: 2195K(2304K)->2195K(2304K)
[97.012s][info][gc             ] GC(773) Pause Young (Allocation Failure) 366M->231M(929M) 5.128ms
[97.012s][info][gc,cpu         ] GC(773) User=0.09s Sys=0.00s Real=0.00s
[97.055s][info][gc,start       ] GC(774) Pause Young (System.gc())
[97.055s][info][gc,heap        ] GC(774) PSYoungGen: 71507K(251904K)->128K(257024K) Eden: 34483K(156672K)->0K(167936K) From: 37024K(95232K)->128K(89088K)
[97.055s][info][gc,heap        ] GC(774) ParOldGen: 199591K(699392K)->199591K(699392K)
[97.055s][info][gc,metaspace   ] GC(774) Metaspace: 16173K(16448K)->16173K(16448K) NonClass: 13978K(14144K)->13978K(14144K) Class: 2195K(2304K)->2195K(2304K)
[97.055s][info][gc             ] GC(774) Pause Young (System.gc()) 264M->195M(934M) 0.413ms
[97.055s][info][gc,cpu         ] GC(774) User=0.00s Sys=0.00s Real=0.00s
[97.056s][info][gc,start       ] GC(775) Pause Full (System.gc())
[97.056s][info][gc,phases,start] GC(775) Marking Phase
[97.060s][info][gc,phases      ] GC(775) Marking Phase 4.963ms
[97.061s][info][gc,phases,start] GC(775) Summary Phase
[97.061s][info][gc,phases      ] GC(775) Summary Phase 0.010ms
[97.061s][info][gc,phases,start] GC(775) Adjust Roots
[97.063s][info][gc,phases      ] GC(775) Adjust Roots 2.252ms
[97.063s][info][gc,phases,start] GC(775) Compaction Phase
[97.064s][info][gc,phases      ] GC(775) Compaction Phase 1.206ms
[97.064s][info][gc,phases,start] GC(775) Post Compact
[97.065s][info][gc,phases      ] GC(775) Post Compact 0.764ms
[97.065s][info][gc,heap        ] GC(775) PSYoungGen: 128K(257024K)->0K(257024K) Eden: 0K(167936K)->0K(167936K) From: 128K(89088K)->0K(89088K)
[97.065s][info][gc,heap        ] GC(775) ParOldGen: 199591K(699392K)->5669K(699392K)
[97.065s][info][gc,metaspace   ] GC(775) Metaspace: 16173K(16448K)->16173K(16448K) NonClass: 13978K(14144K)->13978K(14144K) Class: 2195K(2304K)->2195K(2304K)
[97.065s][info][gc             ] GC(775) Pause Full (System.gc()) 195M->5M(934M) 9.444ms
[97.065s][info][gc,cpu         ] GC(775) User=0.02s Sys=0.00s Real=0.00s
[97.213s][info][gc,start       ] GC(776) Pause Young (Allocation Failure)
[97.250s][info][gc,heap        ] GC(776) PSYoungGen: 167936K(257024K)->65783K(233984K) Eden: 167936K(167936K)->0K(167936K) From: 0K(89088K)->65783K(66048K)
[97.250s][info][gc,heap        ] GC(776) ParOldGen: 5669K(699392K)->5669K(699392K)
[97.250s][info][gc,metaspace   ] GC(776) Metaspace: 16173K(16448K)->16173K(16448K) NonClass: 13978K(14144K)->13978K(14144K) Class: 2195K(2304K)->2195K(2304K)
[97.250s][info][gc             ] GC(776) Pause Young (Allocation Failure) 169M->69M(911M) 37.006ms
[97.251s][info][gc,cpu         ] GC(776) User=0.19s Sys=0.02s Real=0.04s
[97.397s][info][gc,start       ] GC(777) Pause Young (Allocation Failure)
[97.468s][info][gc,heap        ] GC(777) PSYoungGen: 233719K(233984K)->70283K(240128K) Eden: 167936K(167936K)->0K(143360K) From: 65783K(66048K)->70283K(96768K)
[97.468s][info][gc,heap        ] GC(777) ParOldGen: 5669K(699392K)->62776K(699392K)
[97.468s][info][gc,metaspace   ] GC(777) Metaspace: 16173K(16448K)->16173K(16448K) NonClass: 13978K(14144K)->13978K(14144K) Class: 2195K(2304K)->2195K(2304K)
[97.468s][info][gc             ] GC(777) Pause Young (Allocation Failure) 233M->129M(917M) 71.587ms
[97.468s][info][gc,cpu         ] GC(777) User=0.45s Sys=0.00s Real=0.08s
[97.588s][info][gc,start       ] GC(778) Pause Young (Allocation Failure)
[97.659s][info][gc,heap        ] GC(778) PSYoungGen: 208146K(240128K)->54870K(246272K) Eden: 137863K(143360K)->0K(143360K) From: 70283K(96768K)->54870K(102912K)
[97.659s][info][gc,heap        ] GC(778) ParOldGen: 62776K(699392K)->130319K(699392K)
[97.659s][info][gc,metaspace   ] GC(778) Metaspace: 16173K(16448K)->16173K(16448K) NonClass: 13978K(14144K)->13978K(14144K) Class: 2195K(2304K)->2195K(2304K)
[97.659s][info][gc             ] GC(778) Pause Young (Allocation Failure) 264M->180M(923M) 70.677ms
[97.659s][info][gc,cpu         ] GC(778) User=0.41s Sys=0.00s Real=0.07s
[97.786s][info][gc,start       ] GC(779) Pause Young (Allocation Failure)
[97.822s][info][gc,heap        ] GC(779) PSYoungGen: 198204K(246272K)->25708K(250368K) Eden: 143333K(143360K)->0K(147968K) From: 54870K(102912K)->25708K(102400K)
[97.822s][info][gc,heap        ] GC(779) ParOldGen: 130319K(699392K)->175154K(699392K)
[97.822s][info][gc,metaspace   ] GC(779) Metaspace: 16173K(16448K)->16173K(16448K) NonClass: 13978K(14144K)->13978K(14144K) Class: 2195K(2304K)->2195K(2304K)
[97.822s][info][gc             ] GC(779) Pause Young (Allocation Failure) 320M->196M(927M) 35.557ms
[97.822s][info][gc,cpu         ] GC(779) User=0.19s Sys=0.00s Real=0.03s
[97.905s][info][gc,start       ] GC(780) Pause Young (Allocation Failure)
[97.917s][info][gc,heap        ] GC(780) PSYoungGen: 173676K(250368K)->18656K(246784K) Eden: 147968K(147968K)->0K(147968K) From: 25708K(102400K)->18656K(98816K)
[97.917s][info][gc,heap        ] GC(780) ParOldGen: 175154K(699392K)->192814K(699392K)
[97.917s][info][gc,metaspace   ] GC(780) Metaspace: 16173K(16448K)->16173K(16448K) NonClass: 13978K(14144K)->13978K(14144K) Class: 2195K(2304K)->2195K(2304K)
[97.917s][info][gc             ] GC(780) Pause Young (Allocation Failure) 340M->206M(924M) 11.690ms
[97.917s][info][gc,cpu         ] GC(780) User=0.00s Sys=0.00s Real=0.01s
[97.995s][info][gc,start       ] GC(781) Pause Young (Allocation Failure)
[97.999s][info][gc,heap        ] GC(781) PSYoungGen: 166624K(246784K)->37056K(258048K) Eden: 147968K(147968K)->0K(161280K) From: 18656K(98816K)->37056K(96768K)
[97.999s][info][gc,heap        ] GC(781) ParOldGen: 192814K(699392K)->192814K(699392K)
[97.999s][info][gc,metaspace   ] GC(781) Metaspace: 16173K(16448K)->16173K(16448K) NonClass: 13978K(14144K)->13978K(14144K) Class: 2195K(2304K)->2195K(2304K)
[97.999s][info][gc             ] GC(781) Pause Young (Allocation Failure) 351M->224M(935M) 4.424ms
[97.999s][info][gc,cpu         ] GC(781) User=0.00s Sys=0.00s Real=0.00s
[98.036s][info][gc,start       ] GC(782) Pause Young (System.gc())
[98.037s][info][gc,heap        ] GC(782) PSYoungGen: 73423K(258048K)->96K(252416K) Eden: 36366K(161280K)->0K(161280K) From: 37056K(96768K)->96K(91136K)
[98.037s][info][gc,heap        ] GC(782) ParOldGen: 192814K(699392K)->192814K(699392K)
[98.037s][info][gc,metaspace   ] GC(782) Metaspace: 16173K(16448K)->16173K(16448K) NonClass: 13978K(14144K)->13978K(14144K) Class: 2195K(2304K)->2195K(2304K)
[98.037s][info][gc             ] GC(782) Pause Young (System.gc()) 259M->188M(929M) 0.825ms
[98.037s][info][gc,cpu         ] GC(782) User=0.00s Sys=0.00s Real=0.00s
[98.037s][info][gc,start       ] GC(783) Pause Full (System.gc())
[98.037s][info][gc,phases,start] GC(783) Marking Phase
[98.042s][info][gc,phases      ] GC(783) Marking Phase 4.841ms
[98.042s][info][gc,phases,start] GC(783) Summary Phase
[98.042s][info][gc,phases      ] GC(783) Summary Phase 0.010ms
[98.042s][info][gc,phases,start] GC(783) Adjust Roots
[98.045s][info][gc,phases      ] GC(783) Adjust Roots 2.341ms
[98.045s][info][gc,phases,start] GC(783) Compaction Phase
[98.046s][info][gc,phases      ] GC(783) Compaction Phase 1.583ms
[98.046s][info][gc,phases,start] GC(783) Post Compact
[98.047s][info][gc,phases      ] GC(783) Post Compact 0.684ms
[98.047s][info][gc,heap        ] GC(783) PSYoungGen: 96K(252416K)->0K(252416K) Eden: 0K(161280K)->0K(161280K) From: 96K(91136K)->0K(91136K)
[98.047s][info][gc,heap        ] GC(783) ParOldGen: 192814K(699392K)->5669K(699392K)
[98.047s][info][gc,metaspace   ] GC(783) Metaspace: 16173K(16448K)->16173K(16448K) NonClass: 13978K(14144K)->13978K(14144K) Class: 2195K(2304K)->2195K(2304K)
[98.047s][info][gc             ] GC(783) Pause Full (System.gc()) 188M->5M(929M) 9.747ms
[98.047s][info][gc,cpu         ] GC(783) User=0.02s Sys=0.00s Real=0.01s
[98.180s][info][gc,start       ] GC(784) Pause Young (Allocation Failure)
[98.215s][info][gc,heap        ] GC(784) PSYoungGen: 161280K(252416K)->63431K(246784K) Eden: 161280K(161280K)->0K(154624K) From: 0K(91136K)->63431K(92160K)
[98.215s][info][gc,heap        ] GC(784) ParOldGen: 5669K(699392K)->5669K(699392K)
[98.215s][info][gc,metaspace   ] GC(784) Metaspace: 16173K(16448K)->16173K(16448K) NonClass: 13978K(14144K)->13978K(14144K) Class: 2195K(2304K)->2195K(2304K)
[98.215s][info][gc             ] GC(784) Pause Young (Allocation Failure) 163M->67M(924M) 35.490ms
[98.215s][info][gc,cpu         ] GC(784) User=0.28s Sys=0.00s Real=0.05s
[98.350s][info][gc,start       ] GC(785) Pause Young (Allocation Failure)
[98.418s][info][gc,heap        ] GC(785) PSYoungGen: 218055K(246784K)->65716K(220672K) Eden: 154624K(154624K)->0K(154624K) From: 63431K(92160K)->65716K(66048K)
[98.418s][info][gc,heap        ] GC(785) ParOldGen: 5669K(699392K)->60444K(699392K)
[98.418s][info][gc,metaspace   ] GC(785) Metaspace: 16173K(16448K)->16173K(16448K) NonClass: 13978K(14144K)->13978K(14144K) Class: 2195K(2304K)->2195K(2304K)
[98.418s][info][gc             ] GC(785) Pause Young (Allocation Failure) 218M->123M(898M) 68.140ms
[98.418s][info][gc,cpu         ] GC(785) User=0.47s Sys=0.00s Real=0.07s
[98.556s][info][gc,start       ] GC(786) Pause Young (Allocation Failure)
[98.628s][info][gc,heap        ] GC(786) PSYoungGen: 213675K(220672K)->52425K(248832K) Eden: 147958K(154624K)->0K(146944K) From: 65716K(66048K)->52425K(101888K)
[98.628s][info][gc,heap        ] GC(786) ParOldGen: 60444K(699392K)->129537K(699392K)
[98.628s][info][gc,metaspace   ] GC(786) Metaspace: 16173K(16448K)->16173K(16448K) NonClass: 13978K(14144K)->13978K(14144K) Class: 2195K(2304K)->2195K(2304K)
[98.628s][info][gc             ] GC(786) Pause Young (Allocation Failure) 267M->177M(926M) 71.455ms
[98.628s][info][gc,cpu         ] GC(786) User=0.41s Sys=0.00s Real=0.07s
[98.754s][info][gc,start       ] GC(787) Pause Young (Allocation Failure)
[98.802s][info][gc,heap        ] GC(787) PSYoungGen: 198356K(248832K)->25648K(247296K) Eden: 145931K(146944K)->0K(146944K) From: 52425K(101888K)->25648K(100352K)
[98.802s][info][gc,heap        ] GC(787) ParOldGen: 129537K(699392K)->181803K(699392K)
[98.802s][info][gc,metaspace   ] GC(787) Metaspace: 16173K(16448K)->16173K(16448K) NonClass: 13978K(14144K)->13978K(14144K) Class: 2195K(2304K)->2195K(2304K)
[98.802s][info][gc             ] GC(787) Pause Young (Allocation Failure) 320M->202M(924M) 48.058ms
[98.802s][info][gc,cpu         ] GC(787) User=0.28s Sys=0.00s Real=0.05s
[98.883s][info][gc,start       ] GC(788) Pause Young (Allocation Failure)
[98.895s][info][gc,heap        ] GC(788) PSYoungGen: 172592K(247296K)->18624K(254464K) Eden: 146944K(146944K)->0K(157184K) From: 25648K(100352K)->18624K(97280K)
[98.895s][info][gc,heap        ] GC(788) ParOldGen: 181803K(699392K)->199682K(699392K)
[98.895s][info][gc,metaspace   ] GC(788) Metaspace: 16173K(16448K)->16173K(16448K) NonClass: 13978K(14144K)->13978K(14144K) Class: 2195K(2304K)->2195K(2304K)
[98.895s][info][gc             ] GC(788) Pause Young (Allocation Failure) 346M->213M(931M) 11.509ms
[98.895s][info][gc,cpu         ] GC(788) User=0.08s Sys=0.00s Real=0.01s
[98.980s][info][gc,start       ] GC(789) Pause Young (Allocation Failure)
[98.985s][info][gc,heap        ] GC(789) PSYoungGen: 175808K(254464K)->37024K(251904K) Eden: 157184K(157184K)->0K(157184K) From: 18624K(97280K)->37024K(94720K)
[98.985s][info][gc,heap        ] GC(789) ParOldGen: 199682K(699392K)->199682K(699392K)
[98.985s][info][gc,metaspace   ] GC(789) Metaspace: 16173K(16448K)->16173K(16448K) NonClass: 13978K(14144K)->13978K(14144K) Class: 2195K(2304K)->2195K(2304K)
[98.985s][info][gc             ] GC(789) Pause Young (Allocation Failure) 366M->231M(929M) 4.908ms
[98.985s][info][gc,cpu         ] GC(789) User=0.00s Sys=0.00s Real=0.00s
[99.018s][info][gc,start       ] GC(790) Pause Young (System.gc())
[99.019s][info][gc,heap        ] GC(790) PSYoungGen: 72205K(251904K)->160K(257024K) Eden: 35181K(157184K)->0K(167936K) From: 37024K(94720K)->160K(89088K)
[99.019s][info][gc,heap        ] GC(790) ParOldGen: 199682K(699392K)->199682K(699392K)
[99.019s][info][gc,metaspace   ] GC(790) Metaspace: 16173K(16448K)->16173K(16448K) NonClass: 13978K(14144K)->13978K(14144K) Class: 2195K(2304K)->2195K(2304K)
[99.019s][info][gc             ] GC(790) Pause Young (System.gc()) 265M->195M(934M) 0.620ms
[99.019s][info][gc,cpu         ] GC(790) User=0.00s Sys=0.00s Real=0.00s
[99.019s][info][gc,start       ] GC(791) Pause Full (System.gc())
[99.019s][info][gc,phases,start] GC(791) Marking Phase
[99.024s][info][gc,phases      ] GC(791) Marking Phase 5.128ms
[99.024s][info][gc,phases,start] GC(791) Summary Phase
[99.024s][info][gc,phases      ] GC(791) Summary Phase 0.010ms
[99.024s][info][gc,phases,start] GC(791) Adjust Roots
[99.026s][info][gc,phases      ] GC(791) Adjust Roots 2.250ms
[99.026s][info][gc,phases,start] GC(791) Compaction Phase
[99.028s][info][gc,phases      ] GC(791) Compaction Phase 1.374ms
[99.028s][info][gc,phases,start] GC(791) Post Compact
[99.028s][info][gc,phases      ] GC(791) Post Compact 0.643ms
[99.028s][info][gc,heap        ] GC(791) PSYoungGen: 160K(257024K)->0K(257024K) Eden: 0K(167936K)->0K(167936K) From: 160K(89088K)->0K(89088K)
[99.028s][info][gc,heap        ] GC(791) ParOldGen: 199682K(699392K)->5669K(699392K)
[99.028s][info][gc,metaspace   ] GC(791) Metaspace: 16173K(16448K)->16173K(16448K) NonClass: 13978K(14144K)->13978K(14144K) Class: 2195K(2304K)->2195K(2304K)
[99.028s][info][gc             ] GC(791) Pause Full (System.gc()) 195M->5M(934M) 9.662ms
[99.028s][info][gc,cpu         ] GC(791) User=0.02s Sys=0.00s Real=0.01s
[99.172s][info][gc,start       ] GC(792) Pause Young (Allocation Failure)
[99.209s][info][gc,heap        ] GC(792) PSYoungGen: 167936K(257024K)->65687K(233984K) Eden: 167936K(167936K)->0K(167936K) From: 0K(89088K)->65687K(66048K)
[99.209s][info][gc,heap        ] GC(792) ParOldGen: 5669K(699392K)->5669K(699392K)
[99.209s][info][gc,metaspace   ] GC(792) Metaspace: 16173K(16448K)->16173K(16448K) NonClass: 13978K(14144K)->13978K(14144K) Class: 2195K(2304K)->2195K(2304K)
[99.209s][info][gc             ] GC(792) Pause Young (Allocation Failure) 169M->69M(911M) 36.957ms
[99.209s][info][gc,cpu         ] GC(792) User=0.19s Sys=0.00s Real=0.05s
[99.357s][info][gc,start       ] GC(793) Pause Young (Allocation Failure)
[99.429s][info][gc,heap        ] GC(793) PSYoungGen: 233623K(233984K)->70277K(240128K) Eden: 167936K(167936K)->0K(143360K) From: 65687K(66048K)->70277K(96768K)
[99.429s][info][gc,heap        ] GC(793) ParOldGen: 5669K(699392K)->62748K(699392K)
[99.429s][info][gc,metaspace   ] GC(793) Metaspace: 16173K(16448K)->16173K(16448K) NonClass: 13978K(14144K)->13978K(14144K) Class: 2195K(2304K)->2195K(2304K)
[99.429s][info][gc             ] GC(793) Pause Young (Allocation Failure) 233M->129M(917M) 72.132ms
[99.429s][info][gc,cpu         ] GC(793) User=0.38s Sys=0.00s Real=0.08s
[99.550s][info][gc,start       ] GC(794) Pause Young (Allocation Failure)
[99.620s][info][gc,heap        ] GC(794) PSYoungGen: 208149K(240128K)->54888K(246272K) Eden: 137871K(143360K)->0K(143360K) From: 70277K(96768K)->54888K(102912K)
[99.620s][info][gc,heap        ] GC(794) ParOldGen: 62748K(699392K)->130299K(699392K)
[99.620s][info][gc,metaspace   ] GC(794) Metaspace: 16173K(16448K)->16173K(16448K) NonClass: 13978K(14144K)->13978K(14144K) Class: 2195K(2304K)->2195K(2304K)
[99.620s][info][gc             ] GC(794) Pause Young (Allocation Failure) 264M->180M(923M) 70.031ms
[99.620s][info][gc,cpu         ] GC(794) User=0.36s Sys=0.02s Real=0.08s
[99.745s][info][gc,start       ] GC(795) Pause Young (Allocation Failure)
[99.781s][info][gc,heap        ] GC(795) PSYoungGen: 198238K(246272K)->25444K(250368K) Eden: 143350K(143360K)->0K(147968K) From: 54888K(102912K)->25444K(102400K)
[99.781s][info][gc,heap        ] GC(795) ParOldGen: 130299K(699392K)->175055K(699392K)
[99.781s][info][gc,metaspace   ] GC(795) Metaspace: 16173K(16448K)->16173K(16448K) NonClass: 13978K(14144K)->13978K(14144K) Class: 2195K(2304K)->2195K(2304K)
[99.782s][info][gc             ] GC(795) Pause Young (Allocation Failure) 320M->195M(927M) 36.056ms
[99.782s][info][gc,cpu         ] GC(795) User=0.19s Sys=0.00s Real=0.03s
[99.865s][info][gc,start       ] GC(796) Pause Young (Allocation Failure)
[99.876s][info][gc,heap        ] GC(796) PSYoungGen: 173412K(250368K)->18592K(246784K) Eden: 147968K(147968K)->0K(147968K) From: 25444K(102400K)->18592K(98816K)
[99.876s][info][gc,heap        ] GC(796) ParOldGen: 175055K(699392K)->192767K(699392K)
[99.876s][info][gc,metaspace   ] GC(796) Metaspace: 16173K(16448K)->16173K(16448K) NonClass: 13978K(14144K)->13978K(14144K) Class: 2195K(2304K)->2195K(2304K)
[99.876s][info][gc             ] GC(796) Pause Young (Allocation Failure) 340M->206M(924M) 11.136ms
[99.876s][info][gc,cpu         ] GC(796) User=0.09s Sys=0.00s Real=0.01s
[99.954s][info][gc,start       ] GC(797) Pause Young (Allocation Failure)
[99.959s][info][gc,heap        ] GC(797) PSYoungGen: 166560K(246784K)->36992K(258048K) Eden: 147968K(147968K)->0K(161280K) From: 18592K(98816K)->36992K(96768K)
[99.959s][info][gc,heap        ] GC(797) ParOldGen: 192767K(699392K)->192767K(699392K)
[99.959s][info][gc,metaspace   ] GC(797) Metaspace: 16173K(16448K)->16173K(16448K) NonClass: 13978K(14144K)->13978K(14144K) Class: 2195K(2304K)->2195K(2304K)
[99.959s][info][gc             ] GC(797) Pause Young (Allocation Failure) 350M->224M(935M) 5.022ms
[99.959s][info][gc,cpu         ] GC(797) User=0.00s Sys=0.00s Real=0.00s
[100.007s][info][gc,heap,exit   ] Heap
[100.007s][info][gc,heap,exit   ]  PSYoungGen      total 258048K, used 78597K [0x00000000eab00000, 0x0000000100000000, 0x0000000100000000)
[100.007s][info][gc,heap,exit   ]   eden space 161280K, 25% used [0x00000000eab00000,0x00000000ed3a13f0,0x00000000f4880000)
[100.007s][info][gc,heap,exit   ]   from space 96768K, 38% used [0x00000000fa180000,0x00000000fc5a00c0,0x0000000100000000)
[100.007s][info][gc,heap,exit   ]   to   space 91136K, 0% used [0x00000000f4880000,0x00000000f4880000,0x00000000fa180000)
[100.007s][info][gc,heap,exit   ]  ParOldGen       total 699392K, used 192767K [0x00000000c0000000, 0x00000000eab00000, 0x00000000eab00000)
[100.007s][info][gc,heap,exit   ]   object space 699392K, 27% used [0x00000000c0000000,0x00000000cbc3fc68,0x00000000eab00000)
[100.007s][info][gc,heap,exit   ]  Metaspace       used 16234K, committed 16512K, reserved 1114112K
[100.007s][info][gc,heap,exit   ]   class space    used 2204K, committed 2304K, reserved 1048576K
