[0.010s][info][gc,init] Initializing The Z Garbage Collector
[0.010s][info][gc,init] Version: 17.0.12+7-adhoc..jdk17u (release)
[0.010s][info][gc,init] NUMA Support: Disabled
[0.010s][info][gc,init] CPUs: 6 total, 6 available
[0.010s][info][gc,init] Memory: 15591M
[0.010s][info][gc,init] Large Page Support: Disabled
[0.010s][info][gc,init] GC Workers: 2 (dynamic)
[0.010s][info][gc,init] Address Space Type: Contiguous/Unrestricted/Complete
[0.010s][info][gc,init] Address Space Size: 131072M x 3 = 393216M
[0.010s][info][gc,init] Min Capacity: 8192M
[0.010s][info][gc,init] Initial Capacity: 8192M
[0.010s][info][gc,init] Max Capacity: 8192M
[0.011s][info][gc,init] Medium Page Size: 32M
[0.011s][info][gc,init] Pre-touch: Disabled
[0.011s][info][gc,init] Uncommit: Implicitly Disabled (-Xms equals -Xmx)
[0.250s][info][gc,init] Runtime Workers: 4
[0.251s][info][gc     ] Using The Z Garbage Collector
[0.257s][info][gc,metaspace] CDS archive(s) mapped at: [0x00000211a9000000-0x00000211a9bc0000-0x00000211a9bc0000), size 12320768, SharedBaseAddress: 0x00000211a9000000, ArchiveRelocationMode: 1.
[0.257s][info][gc,metaspace] Compressed class space mapped at: 0x00000211aa000000-0x00000211ea000000, reserved size: 1073741824
[0.257s][info][gc,metaspace] Narrow klass base: 0x00000211a9000000, Narrow klass shift: 0, Narrow klass range: 0x100000000
[4.804s][info][gc,start    ] GC(0) Garbage Collection (System.gc())
[4.804s][info][gc,task     ] GC(0) Using 2 workers
[4.804s][info][gc,phases   ] GC(0) Pause Mark Start 0.007ms
[4.815s][info][gc,phases   ] GC(0) Concurrent Mark 11.304ms
[4.815s][info][gc,phases   ] GC(0) Pause Mark End 0.054ms
[4.816s][info][gc,phases   ] GC(0) Concurrent Mark Free 0.004ms
[4.817s][info][gc,phases   ] GC(0) Concurrent Process Non-Strong References 1.329ms
[4.817s][info][gc,phases   ] GC(0) Concurrent Reset Relocation Set 0.002ms
[4.820s][info][gc,phases   ] GC(0) Concurrent Select Relocation Set 3.396ms
[4.821s][info][gc,phases   ] GC(0) Pause Relocate Start 0.010ms
[4.823s][info][gc,phases   ] GC(0) Concurrent Relocate 2.287ms
[4.823s][info][gc,load     ] GC(0) Load: 0.00/0.00/0.00
[4.823s][info][gc,mmu      ] GC(0) MMU: 2ms/97.3%, 5ms/98.9%, 10ms/99.4%, 20ms/99.6%, 50ms/99.9%, 100ms/99.9%
[4.823s][info][gc,marking  ] GC(0) Mark: 2 stripe(s), 1 proactive flush(es), 1 terminate flush(es), 0 completion(s), 0 continuation(s) 
[4.823s][info][gc,marking  ] GC(0) Mark Stack Usage: 32M
[4.823s][info][gc,nmethod  ] GC(0) NMethods: 754 registered, 0 unregistered
[4.823s][info][gc,metaspace] GC(0) Metaspace: 2M used, 3M committed, 1088M reserved
[4.823s][info][gc,ref      ] GC(0) Soft: 137 encountered, 0 discovered, 0 enqueued
[4.823s][info][gc,ref      ] GC(0) Weak: 364 encountered, 65 discovered, 65 enqueued
[4.823s][info][gc,ref      ] GC(0) Final: 3 encountered, 0 discovered, 0 enqueued
[4.823s][info][gc,ref      ] GC(0) Phantom: 69 encountered, 63 discovered, 50 enqueued
[4.823s][info][gc,reloc    ] GC(0) Small Pages: 12 / 24M, Empty: 0M, Relocated: 2M, In-Place: 0
[4.823s][info][gc,reloc    ] GC(0) Medium Pages: 1 / 32M, Empty: 0M, Relocated: 0M, In-Place: 0
[4.823s][info][gc,reloc    ] GC(0) Large Pages: 0 / 0M, Empty: 0M, Relocated: 0M, In-Place: 0
[4.823s][info][gc,reloc    ] GC(0) Forwarding Usage: 1M
[4.823s][info][gc,heap     ] GC(0) Min Capacity: 8192M(100%)
[4.823s][info][gc,heap     ] GC(0) Max Capacity: 8192M(100%)
[4.823s][info][gc,heap     ] GC(0) Soft Max Capacity: 8192M(100%)
[4.823s][info][gc,heap     ] GC(0)                Mark Start          Mark End        Relocate Start      Relocate End           High               Low         
[4.823s][info][gc,heap     ] GC(0)  Capacity:     8192M (100%)       8192M (100%)       8192M (100%)       8192M (100%)       8192M (100%)       8192M (100%)   
[4.823s][info][gc,heap     ] GC(0)      Free:     8136M (99%)        8136M (99%)        8136M (99%)        8156M (100%)       8156M (100%)       8132M (99%)    
[4.823s][info][gc,heap     ] GC(0)      Used:       56M (1%)           56M (1%)           56M (1%)           36M (0%)           60M (1%)           36M (0%)     
[4.823s][info][gc,heap     ] GC(0)      Live:         -                 4M (0%)            4M (0%)            4M (0%)             -                  -          
[4.823s][info][gc,heap     ] GC(0) Allocated:         -                 0M (0%)            0M (0%)            0M (0%)             -                  -          
[4.823s][info][gc,heap     ] GC(0)   Garbage:         -                51M (1%)           51M (1%)           31M (0%)             -                  -          
[4.823s][info][gc,heap     ] GC(0) Reclaimed:         -                  -                 0M (0%)           20M (0%)             -                  -          
[4.823s][info][gc          ] GC(0) Garbage Collection (System.gc()) 56M(1%)->36M(0%)
[5.682s][info][gc,start    ] GC(1) Garbage Collection (Warmup)
[5.682s][info][gc,task     ] GC(1) Using 2 workers
[5.683s][info][gc,phases   ] GC(1) Pause Mark Start 0.010ms
[5.745s][info][gc,phases   ] GC(1) Concurrent Mark 58.937ms
[5.746s][info][gc,phases   ] GC(1) Pause Mark End 0.028ms
[5.748s][info][gc,phases   ] GC(1) Concurrent Mark Free 0.001ms
[5.752s][info][gc,phases   ] GC(1) Concurrent Process Non-Strong References 4.181ms
[5.752s][info][gc,phases   ] GC(1) Concurrent Reset Relocation Set 0.004ms
[5.754s][info][gc,phases   ] GC(1) Concurrent Select Relocation Set 2.296ms
[5.754s][info][gc,phases   ] GC(1) Pause Relocate Start 0.011ms
[5.760s][info][gc,phases   ] GC(1) Concurrent Relocate 5.819ms
[5.760s][info][gc,load     ] GC(1) Load: 0.00/0.00/0.00
[5.760s][info][gc,mmu      ] GC(1) MMU: 2ms/97.3%, 5ms/98.9%, 10ms/99.4%, 20ms/99.6%, 50ms/99.9%, 100ms/99.9%
[5.760s][info][gc,marking  ] GC(1) Mark: 2 stripe(s), 2 proactive flush(es), 1 terminate flush(es), 0 completion(s), 0 continuation(s) 
[5.760s][info][gc,marking  ] GC(1) Mark Stack Usage: 32M
[5.760s][info][gc,nmethod  ] GC(1) NMethods: 1243 registered, 0 unregistered
[5.760s][info][gc,metaspace] GC(1) Metaspace: 5M used, 5M committed, 1088M reserved
[5.760s][info][gc,ref      ] GC(1) Soft: 351 encountered, 0 discovered, 0 enqueued
[5.760s][info][gc,ref      ] GC(1) Weak: 835 encountered, 340 discovered, 65 enqueued
[5.760s][info][gc,ref      ] GC(1) Final: 5 encountered, 4 discovered, 0 enqueued
[5.760s][info][gc,ref      ] GC(1) Phantom: 82 encountered, 78 discovered, 63 enqueued
[5.760s][info][gc,reloc    ] GC(1) Small Pages: 373 / 746M, Empty: 670M, Relocated: 1M, In-Place: 0
[5.760s][info][gc,reloc    ] GC(1) Medium Pages: 2 / 64M, Empty: 0M, Relocated: 15M, In-Place: 0
[5.760s][info][gc,reloc    ] GC(1) Large Pages: 1 / 130M, Empty: 0M, Relocated: 0M, In-Place: 0
[5.760s][info][gc,reloc    ] GC(1) Forwarding Usage: 0M
[5.760s][info][gc,heap     ] GC(1) Min Capacity: 8192M(100%)
[5.760s][info][gc,heap     ] GC(1) Max Capacity: 8192M(100%)
[5.760s][info][gc,heap     ] GC(1) Soft Max Capacity: 8192M(100%)
[5.761s][info][gc,heap     ] GC(1)                Mark Start          Mark End        Relocate Start      Relocate End           High               Low         
[5.761s][info][gc,heap     ] GC(1)  Capacity:     8192M (100%)       8192M (100%)       8192M (100%)       8192M (100%)       8192M (100%)       8192M (100%)   
[5.761s][info][gc,heap     ] GC(1)      Free:     7252M (89%)        6996M (85%)        7636M (93%)        7672M (94%)        7672M (94%)        6970M (85%)    
[5.761s][info][gc,heap     ] GC(1)      Used:      940M (11%)        1196M (15%)         556M (7%)          520M (6%)         1222M (15%)         520M (6%)     
[5.761s][info][gc,heap     ] GC(1)      Live:         -               170M (2%)          170M (2%)          170M (2%)             -                  -          
[5.761s][info][gc,heap     ] GC(1) Allocated:         -               256M (3%)          286M (3%)          318M (4%)             -                  -          
[5.761s][info][gc,heap     ] GC(1)   Garbage:         -               769M (9%)           99M (1%)           31M (0%)             -                  -          
[5.761s][info][gc,heap     ] GC(1) Reclaimed:         -                  -               670M (8%)          738M (9%)             -                  -          
[5.761s][info][gc          ] GC(1) Garbage Collection (Warmup) 940M(11%)->520M(6%)
[6.583s][info][gc,start    ] GC(2) Garbage Collection (Warmup)
[6.583s][info][gc,task     ] GC(2) Using 2 workers
[6.583s][info][gc,phases   ] GC(2) Pause Mark Start 0.010ms
[6.614s][info][gc,phases   ] GC(2) Concurrent Mark 31.153ms
[6.615s][info][gc,phases   ] GC(2) Pause Mark End 0.038ms
[6.632s][info][gc,phases   ] GC(2) Concurrent Mark Free 0.002ms
[6.641s][info][gc,phases   ] GC(2) Concurrent Process Non-Strong References 8.227ms
[6.641s][info][gc,phases   ] GC(2) Concurrent Reset Relocation Set 0.005ms
[6.644s][info][gc,phases   ] GC(2) Concurrent Select Relocation Set 3.218ms
[6.644s][info][gc,phases   ] GC(2) Pause Relocate Start 0.009ms
[6.672s][info][gc,phases   ] GC(2) Concurrent Relocate 6.574ms
[6.672s][info][gc,load     ] GC(2) Load: 0.00/0.00/0.00
[6.672s][info][gc,mmu      ] GC(2) MMU: 2ms/97.3%, 5ms/98.9%, 10ms/99.4%, 20ms/99.6%, 50ms/99.9%, 100ms/99.9%
[6.672s][info][gc,marking  ] GC(2) Mark: 2 stripe(s), 2 proactive flush(es), 1 terminate flush(es), 0 completion(s), 0 continuation(s) 
[6.672s][info][gc,marking  ] GC(2) Mark Stack Usage: 32M
[6.672s][info][gc,nmethod  ] GC(2) NMethods: 1279 registered, 0 unregistered
[6.672s][info][gc,metaspace] GC(2) Metaspace: 5M used, 5M committed, 1088M reserved
[6.672s][info][gc,ref      ] GC(2) Soft: 351 encountered, 0 discovered, 0 enqueued
[6.672s][info][gc,ref      ] GC(2) Weak: 770 encountered, 88 discovered, 0 enqueued
[6.672s][info][gc,ref      ] GC(2) Final: 5 encountered, 3 discovered, 0 enqueued
[6.672s][info][gc,ref      ] GC(2) Phantom: 21 encountered, 9 discovered, 2 enqueued
[6.672s][info][gc,reloc    ] GC(2) Small Pages: 732 / 1464M, Empty: 1402M, Relocated: 3M, In-Place: 0
[6.672s][info][gc,reloc    ] GC(2) Medium Pages: 3 / 96M, Empty: 0M, Relocated: 15M, In-Place: 0
[6.672s][info][gc,reloc    ] GC(2) Large Pages: 1 / 130M, Empty: 0M, Relocated: 0M, In-Place: 0
[6.672s][info][gc,reloc    ] GC(2) Forwarding Usage: 1M
[6.672s][info][gc,heap     ] GC(2) Min Capacity: 8192M(100%)
[6.672s][info][gc,heap     ] GC(2) Max Capacity: 8192M(100%)
[6.672s][info][gc,heap     ] GC(2) Soft Max Capacity: 8192M(100%)
[6.672s][info][gc,heap     ] GC(2)                Mark Start          Mark End        Relocate Start      Relocate End           High               Low         
[6.672s][info][gc,heap     ] GC(2)  Capacity:     8192M (100%)       8192M (100%)       8192M (100%)       8192M (100%)       8192M (100%)       8192M (100%)   
[6.672s][info][gc,heap     ] GC(2)      Free:     6502M (79%)        6440M (79%)        7726M (94%)        7654M (93%)        7730M (94%)        6336M (77%)    
[6.672s][info][gc,heap     ] GC(2)      Used:     1690M (21%)        1752M (21%)         466M (6%)          538M (7%)         1856M (23%)         462M (6%)     
[6.672s][info][gc,heap     ] GC(2)      Live:         -               170M (2%)          170M (2%)          170M (2%)             -                  -          
[6.672s][info][gc,heap     ] GC(2) Allocated:         -                62M (1%)          178M (2%)          329M (4%)             -                  -          
[6.672s][info][gc,heap     ] GC(2)   Garbage:         -              1519M (19%)         117M (1%)           38M (0%)             -                  -          
[6.672s][info][gc,heap     ] GC(2) Reclaimed:         -                  -              1402M (17%)        1481M (18%)            -                  -          
[6.672s][info][gc          ] GC(2) Garbage Collection (Warmup) 1690M(21%)->538M(7%)
[7.675s][info][gc,start    ] GC(3) Garbage Collection (Warmup)
[7.675s][info][gc,task     ] GC(3) Using 2 workers
[7.676s][info][gc,phases   ] GC(3) Pause Mark Start 0.013ms
[7.723s][info][gc,phases   ] GC(3) Concurrent Mark 43.291ms
[7.723s][info][gc,phases   ] GC(3) Pause Mark End 0.028ms
[7.730s][info][gc,phases   ] GC(3) Concurrent Mark Free 0.003ms
[7.741s][info][gc,phases   ] GC(3) Concurrent Process Non-Strong References 11.319ms
[7.741s][info][gc,phases   ] GC(3) Concurrent Reset Relocation Set 0.006ms
[7.744s][info][gc,phases   ] GC(3) Concurrent Select Relocation Set 2.301ms
[7.744s][info][gc,phases   ] GC(3) Pause Relocate Start 0.012ms
[7.774s][info][gc,phases   ] GC(3) Concurrent Relocate 3.340ms
[7.774s][info][gc,load     ] GC(3) Load: 0.00/0.00/0.00
[7.774s][info][gc,mmu      ] GC(3) MMU: 2ms/97.3%, 5ms/98.9%, 10ms/99.4%, 20ms/99.6%, 50ms/99.9%, 100ms/99.9%
[7.774s][info][gc,marking  ] GC(3) Mark: 2 stripe(s), 2 proactive flush(es), 1 terminate flush(es), 0 completion(s), 0 continuation(s) 
[7.774s][info][gc,marking  ] GC(3) Mark Stack Usage: 32M
[7.774s][info][gc,nmethod  ] GC(3) NMethods: 1317 registered, 0 unregistered
[7.774s][info][gc,metaspace] GC(3) Metaspace: 5M used, 5M committed, 1088M reserved
[7.774s][info][gc,ref      ] GC(3) Soft: 351 encountered, 0 discovered, 0 enqueued
[7.774s][info][gc,ref      ] GC(3) Weak: 770 encountered, 298 discovered, 0 enqueued
[7.774s][info][gc,ref      ] GC(3) Final: 5 encountered, 2 discovered, 0 enqueued
[7.774s][info][gc,ref      ] GC(3) Phantom: 21 encountered, 12 discovered, 2 enqueued
[7.774s][info][gc,reloc    ] GC(3) Small Pages: 1281 / 2562M, Empty: 2472M, Relocated: 1M, In-Place: 0
[7.774s][info][gc,reloc    ] GC(3) Medium Pages: 3 / 96M, Empty: 32M, Relocated: 15M, In-Place: 0
[7.774s][info][gc,reloc    ] GC(3) Large Pages: 1 / 130M, Empty: 0M, Relocated: 0M, In-Place: 0
[7.774s][info][gc,reloc    ] GC(3) Forwarding Usage: 0M
[7.774s][info][gc,heap     ] GC(3) Min Capacity: 8192M(100%)
[7.774s][info][gc,heap     ] GC(3) Max Capacity: 8192M(100%)
[7.774s][info][gc,heap     ] GC(3) Soft Max Capacity: 8192M(100%)
[7.774s][info][gc,heap     ] GC(3)                Mark Start          Mark End        Relocate Start      Relocate End           High               Low         
[7.774s][info][gc,heap     ] GC(3)  Capacity:     8192M (100%)       8192M (100%)       8192M (100%)       8192M (100%)       8192M (100%)       8192M (100%)   
[7.774s][info][gc,heap     ] GC(3)      Free:     5404M (66%)        5218M (64%)        7640M (93%)        7476M (91%)        7642M (93%)        5146M (63%)    
[7.774s][info][gc,heap     ] GC(3)      Used:     2788M (34%)        2974M (36%)         552M (7%)          716M (9%)         3046M (37%)         550M (7%)     
[7.774s][info][gc,heap     ] GC(3)      Live:         -               170M (2%)          170M (2%)          170M (2%)             -                  -          
[7.774s][info][gc,heap     ] GC(3) Allocated:         -               186M (2%)          268M (3%)          508M (6%)             -                  -          
[7.774s][info][gc,heap     ] GC(3)   Garbage:         -              2617M (32%)         113M (1%)           37M (0%)             -                  -          
[7.774s][info][gc,heap     ] GC(3) Reclaimed:         -                  -              2504M (31%)        2580M (31%)            -                  -          
[7.774s][info][gc          ] GC(3) Garbage Collection (Warmup) 2788M(34%)->716M(9%)
[10.273s][info][gc,stats    ] === Garbage Collection Statistics =======================================================================================================================
[10.273s][info][gc,stats    ]                                                              Last 10s              Last 10m              Last 10h                Total
[10.273s][info][gc,stats    ]                                                              Avg / Max             Avg / Max             Avg / Max             Avg / Max
[10.273s][info][gc,stats    ]   Collector: Garbage Collection Cycle                     71.500 / 98.982       71.500 / 98.982       71.500 / 98.982       71.500 / 98.982      ms
[10.273s][info][gc,stats    ]  Contention: Mark Segment Reset Contention                     0 / 2                 0 / 2                 0 / 2                 0 / 2           ops/s
[10.273s][info][gc,stats    ]  Contention: Mark SeqNum Reset Contention                      0 / 0                 0 / 0                 0 / 0                 0 / 0           ops/s
[10.273s][info][gc,stats    ]    Critical: Allocation Stall                                  0 / 0                 0 / 0                 0 / 0                 0 / 0           ops/s
[10.273s][info][gc,stats    ]    Critical: Allocation Stall                              0.000 / 0.000         0.000 / 0.000         0.000 / 0.000         0.000 / 0.000       ms
[10.273s][info][gc,stats    ]    Critical: GC Locker Stall                                   0 / 0                 0 / 0                 0 / 0                 0 / 0           ops/s
[10.273s][info][gc,stats    ]    Critical: GC Locker Stall                               0.000 / 0.000         0.000 / 0.000         0.000 / 0.000         0.000 / 0.000       ms
[10.273s][info][gc,stats    ]    Critical: Relocation Stall                                  0 / 0                 0 / 0                 0 / 0                 0 / 0           ops/s
[10.273s][info][gc,stats    ]    Critical: Relocation Stall                              0.000 / 0.000         0.000 / 0.000         0.000 / 0.000         0.000 / 0.000       ms
[10.273s][info][gc,stats    ]      Memory: Allocation Rate                                1019 / 2292           1019 / 2292           1019 / 2292           1019 / 2292        MB/s
[10.273s][info][gc,stats    ]      Memory: Out Of Memory                                     0 / 0                 0 / 0                 0 / 0                 0 / 0           ops/s
[10.274s][info][gc,stats    ]      Memory: Page Cache Flush                                  0 / 0                 0 / 0                 0 / 0                 0 / 0           MB/s
[10.274s][info][gc,stats    ]      Memory: Page Cache Hit L1                               236 / 725             236 / 725             236 / 725             236 / 725         ops/s
[10.274s][info][gc,stats    ]      Memory: Page Cache Hit L2                                 0 / 0                 0 / 0                 0 / 0                 0 / 0           ops/s
[10.274s][info][gc,stats    ]      Memory: Page Cache Hit L3                               251 / 602             251 / 602             251 / 602             251 / 602         ops/s
[10.274s][info][gc,stats    ]      Memory: Page Cache Miss                                   0 / 1                 0 / 1                 0 / 1                 0 / 1           ops/s
[10.274s][info][gc,stats    ]      Memory: Uncommit                                          0 / 0                 0 / 0                 0 / 0                 0 / 0           MB/s
[10.274s][info][gc,stats    ]      Memory: Undo Object Allocation Failed                     2 / 9                 2 / 9                 2 / 9                 2 / 9           ops/s
[10.274s][info][gc,stats    ]      Memory: Undo Object Allocation Succeeded                  1 / 10                1 / 10                1 / 10                1 / 10          ops/s
[10.274s][info][gc,stats    ]      Memory: Undo Page Allocation                              0 / 1                 0 / 1                 0 / 1                 0 / 1           ops/s
[10.274s][info][gc,stats    ]       Phase: Concurrent Mark                              36.171 / 58.937       36.171 / 58.937       36.171 / 58.937       36.171 / 58.937      ms
[10.274s][info][gc,stats    ]       Phase: Concurrent Mark Continue                      0.000 / 0.000         0.000 / 0.000         0.000 / 0.000         0.000 / 0.000       ms
[10.274s][info][gc,stats    ]       Phase: Concurrent Mark Free                          0.002 / 0.004         0.002 / 0.004         0.002 / 0.004         0.002 / 0.004       ms
[10.274s][info][gc,stats    ]       Phase: Concurrent Process Non-Strong References      6.264 / 11.319        6.264 / 11.319        6.264 / 11.319        6.264 / 11.319      ms
[10.274s][info][gc,stats    ]       Phase: Concurrent Relocate                           4.505 / 6.574         4.505 / 6.574         4.505 / 6.574         4.505 / 6.574       ms
[10.274s][info][gc,stats    ]       Phase: Concurrent Reset Relocation Set               0.004 / 0.006         0.004 / 0.006         0.004 / 0.006         0.004 / 0.006       ms
[10.274s][info][gc,stats    ]       Phase: Concurrent Select Relocation Set              2.803 / 3.396         2.803 / 3.396         2.803 / 3.396         2.803 / 3.396       ms
[10.274s][info][gc,stats    ]       Phase: Pause Mark End                                0.037 / 0.054         0.037 / 0.054         0.037 / 0.054         0.037 / 0.054       ms
[10.274s][info][gc,stats    ]       Phase: Pause Mark Start                              0.010 / 0.013         0.010 / 0.013         0.010 / 0.013         0.010 / 0.013       ms
[10.274s][info][gc,stats    ]       Phase: Pause Relocate Start                          0.011 / 0.012         0.011 / 0.012         0.011 / 0.012         0.011 / 0.012       ms
[10.274s][info][gc,stats    ]    Subphase: Concurrent Classes Purge                      0.100 / 0.113         0.100 / 0.113         0.100 / 0.113         0.100 / 0.113       ms
[10.274s][info][gc,stats    ]    Subphase: Concurrent Classes Unlink                     0.971 / 1.034         0.971 / 1.034         0.971 / 1.034         0.971 / 1.034       ms
[10.274s][info][gc,stats    ]    Subphase: Concurrent Mark                              28.494 / 58.013       28.494 / 58.013       28.494 / 58.013       28.494 / 58.013      ms
[10.274s][info][gc,stats    ]    Subphase: Concurrent Mark Try Flush                     2.948 / 15.825        2.948 / 15.825        2.948 / 15.825        2.948 / 15.825      ms
[10.274s][info][gc,stats    ]    Subphase: Concurrent Mark Try Terminate                 6.891 / 15.848        6.891 / 15.848        6.891 / 15.848        6.891 / 15.848      ms
[10.274s][info][gc,stats    ]    Subphase: Concurrent References Enqueue                 0.005 / 0.006         0.005 / 0.006         0.005 / 0.006         0.005 / 0.006       ms
[10.274s][info][gc,stats    ]    Subphase: Concurrent References Process                 0.097 / 0.139         0.097 / 0.139         0.097 / 0.139         0.097 / 0.139       ms
[10.274s][info][gc,stats    ]    Subphase: Concurrent Roots ClassLoaderDataGraph         0.104 / 0.360         0.104 / 0.360         0.104 / 0.360         0.104 / 0.360       ms
[10.274s][info][gc,stats    ]    Subphase: Concurrent Roots CodeCache                    0.000 / 0.000         0.000 / 0.000         0.000 / 0.000         0.000 / 0.000       ms
[10.274s][info][gc,stats    ]    Subphase: Concurrent Roots JavaThreads                  0.612 / 1.320         0.612 / 1.320         0.612 / 1.320         0.612 / 1.320       ms
[10.274s][info][gc,stats    ]    Subphase: Concurrent Roots OopStorageSet                0.036 / 0.053         0.036 / 0.053         0.036 / 0.053         0.036 / 0.053       ms
[10.274s][info][gc,stats    ]    Subphase: Concurrent Weak Roots OopStorageSet           0.215 / 0.330         0.215 / 0.330         0.215 / 0.330         0.215 / 0.330       ms
[10.274s][info][gc,stats    ]    Subphase: Pause Mark Try Complete                       0.000 / 0.000         0.000 / 0.000         0.000 / 0.000         0.000 / 0.000       ms
[10.274s][info][gc,stats    ]      System: Java Threads                                     20 / 24               20 / 24               20 / 24               20 / 24          threads
[10.274s][info][gc,stats    ] =========================================================================================================================================================
[11.151s][info][gc,start    ] GC(4) Garbage Collection (System.gc())
[11.151s][info][gc,task     ] GC(4) Using 2 workers
[11.151s][info][gc,phases   ] GC(4) Pause Mark Start 0.008ms
[11.165s][info][gc,phases   ] GC(4) Concurrent Mark 13.609ms
[11.165s][info][gc,phases   ] GC(4) Pause Mark End 0.019ms
[11.165s][info][gc,phases   ] GC(4) Concurrent Mark Free 0.002ms
[11.167s][info][gc,phases   ] GC(4) Concurrent Process Non-Strong References 1.746ms
[11.167s][info][gc,phases   ] GC(4) Concurrent Reset Relocation Set 0.003ms
[11.169s][info][gc,phases   ] GC(4) Concurrent Select Relocation Set 1.894ms
[11.169s][info][gc,phases   ] GC(4) Pause Relocate Start 0.007ms
[11.170s][info][gc,phases   ] GC(4) Concurrent Relocate 1.214ms
[11.170s][info][gc,load     ] GC(4) Load: 0.00/0.00/0.00
[11.170s][info][gc,mmu      ] GC(4) MMU: 2ms/97.3%, 5ms/98.9%, 10ms/99.4%, 20ms/99.6%, 50ms/99.9%, 100ms/99.9%
[11.170s][info][gc,marking  ] GC(4) Mark: 2 stripe(s), 1 proactive flush(es), 1 terminate flush(es), 0 completion(s), 0 continuation(s) 
[11.170s][info][gc,marking  ] GC(4) Mark Stack Usage: 32M
[11.170s][info][gc,nmethod  ] GC(4) NMethods: 1375 registered, 0 unregistered
[11.170s][info][gc,metaspace] GC(4) Metaspace: 5M used, 6M committed, 1088M reserved
[11.170s][info][gc,ref      ] GC(4) Soft: 352 encountered, 0 discovered, 0 enqueued
[11.170s][info][gc,ref      ] GC(4) Weak: 772 encountered, 282 discovered, 1 enqueued
[11.170s][info][gc,ref      ] GC(4) Final: 5 encountered, 2 discovered, 2 enqueued
[11.170s][info][gc,ref      ] GC(4) Phantom: 21 encountered, 12 discovered, 6 enqueued
[11.170s][info][gc,reloc    ] GC(4) Small Pages: 3117 / 6234M, Empty: 6192M, Relocated: 1M, In-Place: 0
[11.170s][info][gc,reloc    ] GC(4) Medium Pages: 4 / 128M, Empty: 96M, Relocated: 0M, In-Place: 0
[11.170s][info][gc,reloc    ] GC(4) Large Pages: 1 / 130M, Empty: 130M, Relocated: 0M, In-Place: 0
[11.170s][info][gc,reloc    ] GC(4) Forwarding Usage: 0M
[11.170s][info][gc,heap     ] GC(4) Min Capacity: 8192M(100%)
[11.170s][info][gc,heap     ] GC(4) Max Capacity: 8192M(100%)
[11.170s][info][gc,heap     ] GC(4) Soft Max Capacity: 8192M(100%)
[11.170s][info][gc,heap     ] GC(4)                Mark Start          Mark End        Relocate Start      Relocate End           High               Low         
[11.170s][info][gc,heap     ] GC(4)  Capacity:     8192M (100%)       8192M (100%)       8192M (100%)       8192M (100%)       8192M (100%)       8192M (100%)   
[11.170s][info][gc,heap     ] GC(4)      Free:     1700M (21%)        1700M (21%)        8116M (99%)        8150M (99%)        8150M (99%)        1700M (21%)    
[11.170s][info][gc,heap     ] GC(4)      Used:     6492M (79%)        6492M (79%)          76M (1%)           42M (1%)         6492M (79%)          42M (1%)     
[11.170s][info][gc,heap     ] GC(4)      Live:         -                 5M (0%)            5M (0%)            5M (0%)             -                  -          
[11.170s][info][gc,heap     ] GC(4) Allocated:         -                 0M (0%)            2M (0%)            2M (0%)             -                  -          
[11.170s][info][gc,heap     ] GC(4)   Garbage:         -              6486M (79%)          68M (1%)           34M (0%)             -                  -          
[11.170s][info][gc,heap     ] GC(4) Reclaimed:         -                  -              6418M (78%)        6452M (79%)            -                  -          
[11.170s][info][gc          ] GC(4) Garbage Collection (System.gc()) 6492M(79%)->42M(1%)
[14.381s][info][gc,start    ] GC(5) Garbage Collection (Allocation Rate)
[14.381s][info][gc,task     ] GC(5) Using 1 workers
[14.381s][info][gc,phases   ] GC(5) Pause Mark Start 0.015ms
[14.417s][info][gc,phases   ] GC(5) Concurrent Mark 35.816ms
[14.417s][info][gc,phases   ] GC(5) Pause Mark End 0.018ms
[14.429s][info][gc,phases   ] GC(5) Concurrent Mark Free 0.002ms
[14.433s][info][gc,phases   ] GC(5) Concurrent Process Non-Strong References 3.874ms
[14.433s][info][gc,phases   ] GC(5) Concurrent Reset Relocation Set 0.003ms
[14.437s][info][gc,phases   ] GC(5) Concurrent Select Relocation Set 4.232ms
[14.438s][info][gc,phases   ] GC(5) Pause Relocate Start 0.013ms
[14.454s][info][gc,phases   ] GC(5) Concurrent Relocate 10.174ms
[14.454s][info][gc,load     ] GC(5) Load: 0.00/0.00/0.00
[14.454s][info][gc,mmu      ] GC(5) MMU: 2ms/97.3%, 5ms/98.9%, 10ms/99.4%, 20ms/99.6%, 50ms/99.9%, 100ms/99.9%
[14.454s][info][gc,marking  ] GC(5) Mark: 1 stripe(s), 2 proactive flush(es), 1 terminate flush(es), 0 completion(s), 0 continuation(s) 
[14.454s][info][gc,marking  ] GC(5) Mark Stack Usage: 32M
[14.454s][info][gc,nmethod  ] GC(5) NMethods: 1413 registered, 0 unregistered
[14.454s][info][gc,metaspace] GC(5) Metaspace: 5M used, 6M committed, 1088M reserved
[14.454s][info][gc,ref      ] GC(5) Soft: 352 encountered, 0 discovered, 0 enqueued
[14.454s][info][gc,ref      ] GC(5) Weak: 771 encountered, 306 discovered, 0 enqueued
[14.454s][info][gc,ref      ] GC(5) Final: 5 encountered, 3 discovered, 0 enqueued
[14.454s][info][gc,ref      ] GC(5) Phantom: 27 encountered, 20 discovered, 8 enqueued
[14.454s][info][gc,reloc    ] GC(5) Small Pages: 3471 / 6942M, Empty: 6858M, Relocated: 5M, In-Place: 0
[14.454s][info][gc,reloc    ] GC(5) Medium Pages: 5 / 160M, Empty: 64M, Relocated: 15M, In-Place: 0
[14.454s][info][gc,reloc    ] GC(5) Large Pages: 1 / 130M, Empty: 0M, Relocated: 0M, In-Place: 0
[14.454s][info][gc,reloc    ] GC(5) Forwarding Usage: 1M
[14.454s][info][gc,heap     ] GC(5) Min Capacity: 8192M(100%)
[14.454s][info][gc,heap     ] GC(5) Max Capacity: 8192M(100%)
[14.454s][info][gc,heap     ] GC(5) Soft Max Capacity: 8192M(100%)
[14.454s][info][gc,heap     ] GC(5)                Mark Start          Mark End        Relocate Start      Relocate End           High               Low         
[14.454s][info][gc,heap     ] GC(5)  Capacity:     8192M (100%)       8192M (100%)       8192M (100%)       8192M (100%)       8192M (100%)       8192M (100%)   
[14.454s][info][gc,heap     ] GC(5)      Free:      960M (12%)         860M (10%)        7722M (94%)        7728M (94%)        7756M (95%)         816M (10%)    
[14.454s][info][gc,heap     ] GC(5)      Used:     7232M (88%)        7332M (90%)         470M (6%)          464M (6%)         7376M (90%)         436M (5%)     
[14.454s][info][gc,heap     ] GC(5)      Live:         -               170M (2%)          170M (2%)          170M (2%)             -                  -          
[14.454s][info][gc,heap     ] GC(5) Allocated:         -               100M (1%)          160M (2%)          253M (3%)             -                  -          
[14.454s][info][gc,heap     ] GC(5)   Garbage:         -              7061M (86%)         139M (2%)           40M (0%)             -                  -          
[14.454s][info][gc,heap     ] GC(5) Reclaimed:         -                  -              6922M (84%)        7021M (86%)            -                  -          
[14.454s][info][gc          ] GC(5) Garbage Collection (Allocation Rate) 7232M(88%)->464M(6%)
[16.176s][info][gc,start    ] GC(6) Garbage Collection (System.gc())
[16.176s][info][gc,task     ] GC(6) Using 2 workers
[16.177s][info][gc,phases   ] GC(6) Pause Mark Start 0.005ms
[16.194s][info][gc,phases   ] GC(6) Concurrent Mark 17.241ms
[16.194s][info][gc,phases   ] GC(6) Pause Mark End 0.028ms
[16.194s][info][gc,phases   ] GC(6) Concurrent Mark Free 0.002ms
[16.196s][info][gc,phases   ] GC(6) Concurrent Process Non-Strong References 2.199ms
[16.196s][info][gc,phases   ] GC(6) Concurrent Reset Relocation Set 0.003ms
[16.198s][info][gc,phases   ] GC(6) Concurrent Select Relocation Set 1.809ms
[16.198s][info][gc,phases   ] GC(6) Pause Relocate Start 0.008ms
[16.200s][info][gc,phases   ] GC(6) Concurrent Relocate 1.692ms
[16.200s][info][gc,load     ] GC(6) Load: 0.00/0.00/0.00
[16.200s][info][gc,mmu      ] GC(6) MMU: 2ms/97.3%, 5ms/98.9%, 10ms/99.4%, 20ms/99.6%, 50ms/99.9%, 100ms/99.9%
[16.200s][info][gc,marking  ] GC(6) Mark: 2 stripe(s), 2 proactive flush(es), 1 terminate flush(es), 0 completion(s), 0 continuation(s) 
[16.200s][info][gc,marking  ] GC(6) Mark Stack Usage: 32M
[16.200s][info][gc,nmethod  ] GC(6) NMethods: 1428 registered, 0 unregistered
[16.200s][info][gc,metaspace] GC(6) Metaspace: 5M used, 6M committed, 1088M reserved
[16.200s][info][gc,ref      ] GC(6) Soft: 352 encountered, 0 discovered, 0 enqueued
[16.200s][info][gc,ref      ] GC(6) Weak: 771 encountered, 57 discovered, 0 enqueued
[16.200s][info][gc,ref      ] GC(6) Final: 5 encountered, 2 discovered, 2 enqueued
[16.200s][info][gc,ref      ] GC(6) Phantom: 19 encountered, 13 discovered, 4 enqueued
[16.200s][info][gc,reloc    ] GC(6) Small Pages: 1986 / 3972M, Empty: 3944M, Relocated: 1M, In-Place: 0
[16.200s][info][gc,reloc    ] GC(6) Medium Pages: 4 / 128M, Empty: 96M, Relocated: 0M, In-Place: 0
[16.200s][info][gc,reloc    ] GC(6) Large Pages: 1 / 130M, Empty: 130M, Relocated: 0M, In-Place: 0
[16.200s][info][gc,reloc    ] GC(6) Forwarding Usage: 0M
[16.200s][info][gc,heap     ] GC(6) Min Capacity: 8192M(100%)
[16.200s][info][gc,heap     ] GC(6) Max Capacity: 8192M(100%)
[16.200s][info][gc,heap     ] GC(6) Soft Max Capacity: 8192M(100%)
[16.200s][info][gc,heap     ] GC(6)                Mark Start          Mark End        Relocate Start      Relocate End           High               Low         
[16.200s][info][gc,heap     ] GC(6)  Capacity:     8192M (100%)       8192M (100%)       8192M (100%)       8192M (100%)       8192M (100%)       8192M (100%)   
[16.200s][info][gc,heap     ] GC(6)      Free:     3962M (48%)        3962M (48%)        8130M (99%)        8150M (99%)        8150M (99%)        3962M (48%)    
[16.200s][info][gc,heap     ] GC(6)      Used:     4230M (52%)        4230M (52%)          62M (1%)           42M (1%)         4230M (52%)          42M (1%)     
[16.201s][info][gc,heap     ] GC(6)      Live:         -                 5M (0%)            5M (0%)            5M (0%)             -                  -          
[16.201s][info][gc,heap     ] GC(6) Allocated:         -                 0M (0%)            2M (0%)            2M (0%)             -                  -          
[16.201s][info][gc,heap     ] GC(6)   Garbage:         -              4224M (52%)          54M (1%)           34M (0%)             -                  -          
[16.201s][info][gc,heap     ] GC(6) Reclaimed:         -                  -              4170M (51%)        4190M (51%)            -                  -          
[16.201s][info][gc          ] GC(6) Garbage Collection (System.gc()) 4230M(52%)->42M(1%)
[19.283s][info][gc,start    ] GC(7) Garbage Collection (Allocation Rate)
[19.283s][info][gc,task     ] GC(7) Using 1 workers
[19.283s][info][gc,phases   ] GC(7) Pause Mark Start 0.016ms
[19.319s][info][gc,phases   ] GC(7) Concurrent Mark 36.023ms
[19.319s][info][gc,phases   ] GC(7) Pause Mark End 0.023ms
[19.328s][info][gc,phases   ] GC(7) Concurrent Mark Free 0.003ms
[19.333s][info][gc,phases   ] GC(7) Concurrent Process Non-Strong References 5.205ms
[19.333s][info][gc,phases   ] GC(7) Concurrent Reset Relocation Set 0.003ms
[19.336s][info][gc,phases   ] GC(7) Concurrent Select Relocation Set 3.108ms
[19.336s][info][gc,phases   ] GC(7) Pause Relocate Start 0.028ms
[19.348s][info][gc,phases   ] GC(7) Concurrent Relocate 7.366ms
[19.348s][info][gc,load     ] GC(7) Load: 0.00/0.00/0.00
[19.348s][info][gc,mmu      ] GC(7) MMU: 2ms/97.3%, 5ms/98.9%, 10ms/99.4%, 20ms/99.6%, 50ms/99.9%, 100ms/99.9%
[19.348s][info][gc,marking  ] GC(7) Mark: 1 stripe(s), 2 proactive flush(es), 1 terminate flush(es), 0 completion(s), 0 continuation(s) 
[19.348s][info][gc,marking  ] GC(7) Mark Stack Usage: 32M
[19.348s][info][gc,nmethod  ] GC(7) NMethods: 1450 registered, 0 unregistered
[19.348s][info][gc,metaspace] GC(7) Metaspace: 5M used, 6M committed, 1088M reserved
[19.348s][info][gc,ref      ] GC(7) Soft: 352 encountered, 0 discovered, 0 enqueued
[19.348s][info][gc,ref      ] GC(7) Weak: 771 encountered, 306 discovered, 0 enqueued
[19.348s][info][gc,ref      ] GC(7) Final: 5 encountered, 3 discovered, 0 enqueued
[19.348s][info][gc,ref      ] GC(7) Phantom: 27 encountered, 20 discovered, 8 enqueued
[19.348s][info][gc,reloc    ] GC(7) Small Pages: 3607 / 7214M, Empty: 7136M, Relocated: 3M, In-Place: 0
[19.348s][info][gc,reloc    ] GC(7) Medium Pages: 5 / 160M, Empty: 64M, Relocated: 15M, In-Place: 0
[19.348s][info][gc,reloc    ] GC(7) Large Pages: 1 / 130M, Empty: 0M, Relocated: 0M, In-Place: 0
[19.348s][info][gc,reloc    ] GC(7) Forwarding Usage: 0M
[19.348s][info][gc,heap     ] GC(7) Min Capacity: 8192M(100%)
[19.348s][info][gc,heap     ] GC(7) Max Capacity: 8192M(100%)
[19.348s][info][gc,heap     ] GC(7) Soft Max Capacity: 8192M(100%)
[19.348s][info][gc,heap     ] GC(7)                Mark Start          Mark End        Relocate Start      Relocate End           High               Low         
[19.348s][info][gc,heap     ] GC(7)  Capacity:     8192M (100%)       8192M (100%)       8192M (100%)       8192M (100%)       8192M (100%)       8192M (100%)   
[19.348s][info][gc,heap     ] GC(7)      Free:      688M (8%)          586M (7%)         7732M (94%)        7758M (95%)        7772M (95%)         546M (7%)     
[19.348s][info][gc,heap     ] GC(7)      Used:     7504M (92%)        7606M (93%)         460M (6%)          434M (5%)         7646M (93%)         420M (5%)     
[19.348s][info][gc,heap     ] GC(7)      Live:         -               170M (2%)          170M (2%)          170M (2%)             -                  -          
[19.348s][info][gc,heap     ] GC(7) Allocated:         -               102M (1%)          156M (2%)          226M (3%)             -                  -          
[19.348s][info][gc,heap     ] GC(7)   Garbage:         -              7333M (90%)         133M (2%)           37M (0%)             -                  -          
[19.348s][info][gc,heap     ] GC(7) Reclaimed:         -                  -              7200M (88%)        7296M (89%)            -                  -          
[19.348s][info][gc          ] GC(7) Garbage Collection (Allocation Rate) 7504M(92%)->434M(5%)
[20.285s][info][gc,stats    ] === Garbage Collection Statistics =======================================================================================================================
[20.285s][info][gc,stats    ]                                                              Last 10s              Last 10m              Last 10h                Total
[20.285s][info][gc,stats    ]                                                              Avg / Max             Avg / Max             Avg / Max             Avg / Max
[20.285s][info][gc,stats    ]   Collector: Garbage Collection Cycle                     45.387 / 73.389       58.443 / 98.982       58.443 / 98.982       58.443 / 98.982      ms
[20.285s][info][gc,stats    ]  Contention: Mark Segment Reset Contention                     0 / 1                 0 / 2                 0 / 2                 0 / 2           ops/s
[20.285s][info][gc,stats    ]  Contention: Mark SeqNum Reset Contention                      0 / 0                 0 / 0                 0 / 0                 0 / 0           ops/s
[20.286s][info][gc,stats    ]    Critical: Allocation Stall                                  0 / 0                 0 / 0                 0 / 0                 0 / 0           ops/s
[20.286s][info][gc,stats    ]    Critical: Allocation Stall                              0.000 / 0.000         0.000 / 0.000         0.000 / 0.000         0.000 / 0.000       ms
[20.286s][info][gc,stats    ]    Critical: GC Locker Stall                                   0 / 0                 0 / 0                 0 / 0                 0 / 0           ops/s
[20.286s][info][gc,stats    ]    Critical: GC Locker Stall                               0.000 / 0.000         0.000 / 0.000         0.000 / 0.000         0.000 / 0.000       ms
[20.286s][info][gc,stats    ]    Critical: Relocation Stall                                  0 / 0                 0 / 0                 0 / 0                 0 / 0           ops/s
[20.286s][info][gc,stats    ]    Critical: Relocation Stall                              0.000 / 0.000         0.000 / 0.000         0.000 / 0.000         0.000 / 0.000       ms
[20.286s][info][gc,stats    ]      Memory: Allocation Rate                                2240 / 2656           1629 / 2656           1629 / 2656           1629 / 2656        MB/s
[20.286s][info][gc,stats    ]      Memory: Out Of Memory                                     0 / 0                 0 / 0                 0 / 0                 0 / 0           ops/s
[20.286s][info][gc,stats    ]      Memory: Page Cache Flush                                  0 / 0                 0 / 0                 0 / 0                 0 / 0           MB/s
[20.286s][info][gc,stats    ]      Memory: Page Cache Hit L1                               970 / 1249            603 / 1249            603 / 1249            603 / 1249        ops/s
[20.286s][info][gc,stats    ]      Memory: Page Cache Hit L2                                 0 / 0                 0 / 0                 0 / 0                 0 / 0           ops/s
[20.286s][info][gc,stats    ]      Memory: Page Cache Hit L3                               117 / 612             184 / 612             184 / 612             184 / 612         ops/s
[20.286s][info][gc,stats    ]      Memory: Page Cache Miss                                   0 / 0                 0 / 1                 0 / 1                 0 / 1           ops/s
[20.286s][info][gc,stats    ]      Memory: Uncommit                                          0 / 0                 0 / 0                 0 / 0                 0 / 0           MB/s
[20.286s][info][gc,stats    ]      Memory: Undo Object Allocation Failed                     1 / 11                1 / 11                1 / 11                1 / 11          ops/s
[20.286s][info][gc,stats    ]      Memory: Undo Object Allocation Succeeded                  0 / 4                 1 / 10                1 / 10                1 / 10          ops/s
[20.286s][info][gc,stats    ]      Memory: Undo Page Allocation                              0 / 4                 0 / 4                 0 / 4                 0 / 4           ops/s
[20.286s][info][gc,stats    ]       Phase: Concurrent Mark                              25.672 / 36.023       30.922 / 58.937       30.922 / 58.937       30.922 / 58.937      ms
[20.286s][info][gc,stats    ]       Phase: Concurrent Mark Continue                      0.000 / 0.000         0.000 / 0.000         0.000 / 0.000         0.000 / 0.000       ms
[20.286s][info][gc,stats    ]       Phase: Concurrent Mark Free                          0.002 / 0.003         0.002 / 0.004         0.002 / 0.004         0.002 / 0.004       ms
[20.286s][info][gc,stats    ]       Phase: Concurrent Process Non-Strong References      3.256 / 5.205         4.760 / 11.319        4.760 / 11.319        4.760 / 11.319      ms
[20.286s][info][gc,stats    ]       Phase: Concurrent Relocate                           5.112 / 10.174        4.808 / 10.174        4.808 / 10.174        4.808 / 10.174      ms
[20.286s][info][gc,stats    ]       Phase: Concurrent Reset Relocation Set               0.003 / 0.003         0.003 / 0.006         0.003 / 0.006         0.003 / 0.006       ms
[20.286s][info][gc,stats    ]       Phase: Concurrent Select Relocation Set              2.761 / 4.232         2.782 / 4.232         2.782 / 4.232         2.782 / 4.232       ms
[20.286s][info][gc,stats    ]       Phase: Pause Mark End                                0.022 / 0.028         0.029 / 0.054         0.029 / 0.054         0.029 / 0.054       ms
[20.286s][info][gc,stats    ]       Phase: Pause Mark Start                              0.011 / 0.016         0.010 / 0.016         0.010 / 0.016         0.010 / 0.016       ms
[20.286s][info][gc,stats    ]       Phase: Pause Relocate Start                          0.014 / 0.028         0.012 / 0.028         0.012 / 0.028         0.012 / 0.028       ms
[20.286s][info][gc,stats    ]    Subphase: Concurrent Classes Purge                      0.089 / 0.132         0.094 / 0.132         0.094 / 0.132         0.094 / 0.132       ms
[20.286s][info][gc,stats    ]    Subphase: Concurrent Classes Unlink                     1.822 / 2.425         1.396 / 2.425         1.396 / 2.425         1.396 / 2.425       ms
[20.286s][info][gc,stats    ]    Subphase: Concurrent Mark                              17.746 / 34.755       23.888 / 58.013       23.888 / 58.013       23.888 / 58.013      ms
[20.286s][info][gc,stats    ]    Subphase: Concurrent Mark Try Flush                     0.629 / 2.293         1.788 / 15.825        1.788 / 15.825        1.788 / 15.825      ms
[20.286s][info][gc,stats    ]    Subphase: Concurrent Mark Try Terminate                 2.575 / 12.897        5.231 / 15.848        5.231 / 15.848        5.231 / 15.848      ms
[20.286s][info][gc,stats    ]    Subphase: Concurrent References Enqueue                 0.004 / 0.005         0.004 / 0.006         0.004 / 0.006         0.004 / 0.006       ms
[20.286s][info][gc,stats    ]    Subphase: Concurrent References Process                 0.113 / 0.134         0.105 / 0.139         0.105 / 0.139         0.105 / 0.139       ms
[20.286s][info][gc,stats    ]    Subphase: Concurrent Roots ClassLoaderDataGraph         0.107 / 0.207         0.105 / 0.360         0.105 / 0.360         0.105 / 0.360       ms
[20.286s][info][gc,stats    ]    Subphase: Concurrent Roots CodeCache                    0.000 / 0.000         0.000 / 0.000         0.000 / 0.000         0.000 / 0.000       ms
[20.286s][info][gc,stats    ]    Subphase: Concurrent Roots JavaThreads                  0.525 / 0.977         0.575 / 1.320         0.575 / 1.320         0.575 / 1.320       ms
[20.286s][info][gc,stats    ]    Subphase: Concurrent Roots OopStorageSet                0.025 / 0.055         0.031 / 0.055         0.031 / 0.055         0.031 / 0.055       ms
[20.286s][info][gc,stats    ]    Subphase: Concurrent Weak Roots OopStorageSet           0.275 / 0.446         0.241 / 0.446         0.241 / 0.446         0.241 / 0.446       ms
[20.286s][info][gc,stats    ]    Subphase: Pause Mark Try Complete                       0.000 / 0.000         0.000 / 0.000         0.000 / 0.000         0.000 / 0.000       ms
[20.286s][info][gc,stats    ]      System: Java Threads                                     19 / 24               19 / 24               19 / 24               19 / 24          threads
[20.286s][info][gc,stats    ] =========================================================================================================================================================
[21.034s][info][gc,start    ] GC(8) Garbage Collection (System.gc())
[21.034s][info][gc,task     ] GC(8) Using 2 workers
[21.034s][info][gc,phases   ] GC(8) Pause Mark Start 0.007ms
[21.051s][info][gc,phases   ] GC(8) Concurrent Mark 16.705ms
[21.051s][info][gc,phases   ] GC(8) Pause Mark End 0.023ms
[21.051s][info][gc,phases   ] GC(8) Concurrent Mark Free 0.002ms
[21.053s][info][gc,phases   ] GC(8) Concurrent Process Non-Strong References 1.890ms
[21.053s][info][gc,phases   ] GC(8) Concurrent Reset Relocation Set 0.003ms
[21.055s][info][gc,phases   ] GC(8) Concurrent Select Relocation Set 1.574ms
[21.055s][info][gc,phases   ] GC(8) Pause Relocate Start 0.008ms
[21.056s][info][gc,phases   ] GC(8) Concurrent Relocate 0.836ms
[21.056s][info][gc,load     ] GC(8) Load: 0.00/0.00/0.00
[21.056s][info][gc,mmu      ] GC(8) MMU: 2ms/97.3%, 5ms/98.9%, 10ms/99.4%, 20ms/99.6%, 50ms/99.9%, 100ms/99.9%
[21.056s][info][gc,marking  ] GC(8) Mark: 2 stripe(s), 1 proactive flush(es), 1 terminate flush(es), 0 completion(s), 0 continuation(s) 
[21.056s][info][gc,marking  ] GC(8) Mark Stack Usage: 32M
[21.056s][info][gc,nmethod  ] GC(8) NMethods: 1466 registered, 0 unregistered
[21.056s][info][gc,metaspace] GC(8) Metaspace: 5M used, 6M committed, 1088M reserved
[21.056s][info][gc,ref      ] GC(8) Soft: 352 encountered, 0 discovered, 0 enqueued
[21.056s][info][gc,ref      ] GC(8) Weak: 771 encountered, 41 discovered, 0 enqueued
[21.056s][info][gc,ref      ] GC(8) Final: 5 encountered, 3 discovered, 2 enqueued
[21.056s][info][gc,ref      ] GC(8) Phantom: 19 encountered, 14 discovered, 4 enqueued
[21.056s][info][gc,reloc    ] GC(8) Small Pages: 1848 / 3696M, Empty: 3668M, Relocated: 1M, In-Place: 0
[21.056s][info][gc,reloc    ] GC(8) Medium Pages: 4 / 128M, Empty: 96M, Relocated: 0M, In-Place: 0
[21.056s][info][gc,reloc    ] GC(8) Large Pages: 1 / 130M, Empty: 130M, Relocated: 0M, In-Place: 0
[21.056s][info][gc,reloc    ] GC(8) Forwarding Usage: 0M
[21.056s][info][gc,heap     ] GC(8) Min Capacity: 8192M(100%)
[21.056s][info][gc,heap     ] GC(8) Max Capacity: 8192M(100%)
[21.056s][info][gc,heap     ] GC(8) Soft Max Capacity: 8192M(100%)
[21.056s][info][gc,heap     ] GC(8)                Mark Start          Mark End        Relocate Start      Relocate End           High               Low         
[21.056s][info][gc,heap     ] GC(8)  Capacity:     8192M (100%)       8192M (100%)       8192M (100%)       8192M (100%)       8192M (100%)       8192M (100%)   
[21.056s][info][gc,heap     ] GC(8)      Free:     4238M (52%)        4238M (52%)        8130M (99%)        8150M (99%)        8150M (99%)        4238M (52%)    
[21.056s][info][gc,heap     ] GC(8)      Used:     3954M (48%)        3954M (48%)          62M (1%)           42M (1%)         3954M (48%)          42M (1%)     
[21.056s][info][gc,heap     ] GC(8)      Live:         -                 5M (0%)            5M (0%)            5M (0%)             -                  -          
[21.056s][info][gc,heap     ] GC(8) Allocated:         -                 0M (0%)            2M (0%)            2M (0%)             -                  -          
[21.056s][info][gc,heap     ] GC(8)   Garbage:         -              3948M (48%)          54M (1%)           34M (0%)             -                  -          
[21.056s][info][gc,heap     ] GC(8) Reclaimed:         -                  -              3894M (48%)        3914M (48%)            -                  -          
[21.056s][info][gc          ] GC(8) Garbage Collection (System.gc()) 3954M(48%)->42M(1%)
[23.983s][info][gc,start    ] GC(9) Garbage Collection (Proactive)
[23.983s][info][gc,task     ] GC(9) Using 2 workers
[23.983s][info][gc,phases   ] GC(9) Pause Mark Start 0.015ms
[24.031s][info][gc,phases   ] GC(9) Concurrent Mark 35.235ms
[24.031s][info][gc,phases   ] GC(9) Pause Mark End 0.047ms
[24.033s][info][gc,phases   ] GC(9) Concurrent Mark Free 0.003ms
[24.045s][info][gc,phases   ] GC(9) Concurrent Process Non-Strong References 12.149ms
[24.045s][info][gc,phases   ] GC(9) Concurrent Reset Relocation Set 0.004ms
[24.050s][info][gc,phases   ] GC(9) Concurrent Select Relocation Set 4.417ms
[24.050s][info][gc,phases   ] GC(9) Pause Relocate Start 0.028ms
[24.066s][info][gc,phases   ] GC(9) Concurrent Relocate 6.040ms
[24.066s][info][gc,load     ] GC(9) Load: 0.00/0.00/0.00
[24.066s][info][gc,mmu      ] GC(9) MMU: 2ms/97.3%, 5ms/98.9%, 10ms/99.4%, 20ms/99.6%, 50ms/99.9%, 100ms/99.9%
[24.066s][info][gc,marking  ] GC(9) Mark: 2 stripe(s), 2 proactive flush(es), 1 terminate flush(es), 0 completion(s), 0 continuation(s) 
[24.066s][info][gc,marking  ] GC(9) Mark Stack Usage: 32M
[24.066s][info][gc,nmethod  ] GC(9) NMethods: 1485 registered, 0 unregistered
[24.066s][info][gc,metaspace] GC(9) Metaspace: 5M used, 6M committed, 1088M reserved
[24.066s][info][gc,ref      ] GC(9) Soft: 352 encountered, 0 discovered, 0 enqueued
[24.066s][info][gc,ref      ] GC(9) Weak: 771 encountered, 55 discovered, 0 enqueued
[24.066s][info][gc,ref      ] GC(9) Final: 5 encountered, 2 discovered, 0 enqueued
[24.066s][info][gc,ref      ] GC(9) Phantom: 27 encountered, 22 discovered, 8 enqueued
[24.066s][info][gc,reloc    ] GC(9) Small Pages: 3321 / 6642M, Empty: 6560M, Relocated: 5M, In-Place: 0
[24.066s][info][gc,reloc    ] GC(9) Medium Pages: 5 / 160M, Empty: 64M, Relocated: 15M, In-Place: 0
[24.066s][info][gc,reloc    ] GC(9) Large Pages: 1 / 130M, Empty: 0M, Relocated: 0M, In-Place: 0
[24.066s][info][gc,reloc    ] GC(9) Forwarding Usage: 1M
[24.066s][info][gc,heap     ] GC(9) Min Capacity: 8192M(100%)
[24.066s][info][gc,heap     ] GC(9) Max Capacity: 8192M(100%)
[24.066s][info][gc,heap     ] GC(9) Soft Max Capacity: 8192M(100%)
[24.066s][info][gc,heap     ] GC(9)                Mark Start          Mark End        Relocate Start      Relocate End           High               Low         
[24.066s][info][gc,heap     ] GC(9)  Capacity:     8192M (100%)       8192M (100%)       8192M (100%)       8192M (100%)       8192M (100%)       8192M (100%)   
[24.066s][info][gc,heap     ] GC(9)      Free:     1260M (15%)        1042M (13%)        7574M (92%)        7578M (93%)        7592M (93%)         972M (12%)    
[24.066s][info][gc,heap     ] GC(9)      Used:     6932M (85%)        7150M (87%)         618M (8%)          614M (7%)         7220M (88%)         600M (7%)     
[24.066s][info][gc,heap     ] GC(9)      Live:         -               170M (2%)          170M (2%)          170M (2%)             -                  -          
[24.066s][info][gc,heap     ] GC(9) Allocated:         -               218M (3%)          310M (4%)          413M (5%)             -                  -          
[24.066s][info][gc,heap     ] GC(9)   Garbage:         -              6761M (83%)         137M (2%)           30M (0%)             -                  -          
[24.066s][info][gc,heap     ] GC(9) Reclaimed:         -                  -              6624M (81%)        6731M (82%)            -                  -          
[24.066s][info][gc          ] GC(9) Garbage Collection (Proactive) 6932M(85%)->614M(7%)
[25.780s][info][gc,start    ] GC(10) Garbage Collection (System.gc())
[25.781s][info][gc,task     ] GC(10) Using 2 workers
[25.781s][info][gc,phases   ] GC(10) Pause Mark Start 0.005ms
[25.796s][info][gc,phases   ] GC(10) Concurrent Mark 15.123ms
[25.796s][info][gc,phases   ] GC(10) Pause Mark End 0.021ms
[25.796s][info][gc,phases   ] GC(10) Concurrent Mark Free 0.002ms
[25.798s][info][gc,phases   ] GC(10) Concurrent Process Non-Strong References 1.667ms
[25.798s][info][gc,phases   ] GC(10) Concurrent Reset Relocation Set 0.003ms
[25.799s][info][gc,phases   ] GC(10) Concurrent Select Relocation Set 1.323ms
[25.799s][info][gc,phases   ] GC(10) Pause Relocate Start 0.008ms
[25.800s][info][gc,phases   ] GC(10) Concurrent Relocate 1.134ms
[25.800s][info][gc,load     ] GC(10) Load: 0.00/0.00/0.00
[25.800s][info][gc,mmu      ] GC(10) MMU: 2ms/97.3%, 5ms/98.9%, 10ms/99.4%, 20ms/99.6%, 50ms/99.9%, 100ms/99.9%
[25.800s][info][gc,marking  ] GC(10) Mark: 2 stripe(s), 1 proactive flush(es), 1 terminate flush(es), 0 completion(s), 0 continuation(s) 
[25.800s][info][gc,marking  ] GC(10) Mark Stack Usage: 32M
[25.800s][info][gc,nmethod  ] GC(10) NMethods: 1501 registered, 0 unregistered
[25.801s][info][gc,metaspace] GC(10) Metaspace: 5M used, 6M committed, 1088M reserved
[25.801s][info][gc,ref      ] GC(10) Soft: 352 encountered, 0 discovered, 0 enqueued
[25.801s][info][gc,ref      ] GC(10) Weak: 771 encountered, 61 discovered, 0 enqueued
[25.801s][info][gc,ref      ] GC(10) Final: 5 encountered, 3 discovered, 2 enqueued
[25.801s][info][gc,ref      ] GC(10) Phantom: 19 encountered, 12 discovered, 4 enqueued
[25.801s][info][gc,reloc    ] GC(10) Small Pages: 2134 / 4268M, Empty: 4236M, Relocated: 1M, In-Place: 0
[25.801s][info][gc,reloc    ] GC(10) Medium Pages: 3 / 96M, Empty: 64M, Relocated: 0M, In-Place: 0
[25.801s][info][gc,reloc    ] GC(10) Large Pages: 1 / 130M, Empty: 130M, Relocated: 0M, In-Place: 0
[25.801s][info][gc,reloc    ] GC(10) Forwarding Usage: 0M
[25.801s][info][gc,heap     ] GC(10) Min Capacity: 8192M(100%)
[25.801s][info][gc,heap     ] GC(10) Max Capacity: 8192M(100%)
[25.801s][info][gc,heap     ] GC(10) Soft Max Capacity: 8192M(100%)
[25.801s][info][gc,heap     ] GC(10)                Mark Start          Mark End        Relocate Start      Relocate End           High               Low         
[25.801s][info][gc,heap     ] GC(10)  Capacity:     8192M (100%)       8192M (100%)       8192M (100%)       8192M (100%)       8192M (100%)       8192M (100%)   
[25.801s][info][gc,heap     ] GC(10)      Free:     3698M (45%)        3698M (45%)        8126M (99%)        8150M (99%)        8150M (99%)        3698M (45%)    
[25.801s][info][gc,heap     ] GC(10)      Used:     4494M (55%)        4494M (55%)          66M (1%)           42M (1%)         4494M (55%)          42M (1%)     
[25.801s][info][gc,heap     ] GC(10)      Live:         -                 5M (0%)            5M (0%)            5M (0%)             -                  -          
[25.801s][info][gc,heap     ] GC(10) Allocated:         -                 0M (0%)            2M (0%)            2M (0%)             -                  -          
[25.801s][info][gc,heap     ] GC(10)   Garbage:         -              4488M (55%)          58M (1%)           34M (0%)             -                  -          
[25.801s][info][gc,heap     ] GC(10) Reclaimed:         -                  -              4430M (54%)        4454M (54%)            -                  -          
[25.801s][info][gc          ] GC(10) Garbage Collection (System.gc()) 4494M(55%)->42M(1%)
[28.781s][info][gc,start    ] GC(11) Garbage Collection (Allocation Rate)
[28.781s][info][gc,task     ] GC(11) Using 1 workers
[28.782s][info][gc,phases   ] GC(11) Pause Mark Start 0.013ms
[28.845s][info][gc,phases   ] GC(11) Concurrent Mark 50.647ms
[28.845s][info][gc,phases   ] GC(11) Pause Mark End 0.017ms
[28.845s][info][gc,phases   ] GC(11) Concurrent Mark Free 0.002ms
[28.848s][info][gc,phases   ] GC(11) Concurrent Process Non-Strong References 2.830ms
[28.848s][info][gc,phases   ] GC(11) Concurrent Reset Relocation Set 0.002ms
[28.851s][info][gc,phases   ] GC(11) Concurrent Select Relocation Set 2.832ms
[28.851s][info][gc,phases   ] GC(11) Pause Relocate Start 0.009ms
[28.858s][info][gc,phases   ] GC(11) Concurrent Relocate 6.568ms
[28.858s][info][gc,load     ] GC(11) Load: 0.00/0.00/0.00
[28.858s][info][gc,mmu      ] GC(11) MMU: 2ms/97.3%, 5ms/98.9%, 10ms/99.4%, 20ms/99.6%, 50ms/99.9%, 100ms/99.9%
[28.858s][info][gc,marking  ] GC(11) Mark: 1 stripe(s), 2 proactive flush(es), 1 terminate flush(es), 0 completion(s), 0 continuation(s) 
[28.858s][info][gc,marking  ] GC(11) Mark Stack Usage: 32M
[28.858s][info][gc,nmethod  ] GC(11) NMethods: 1526 registered, 0 unregistered
[28.858s][info][gc,metaspace] GC(11) Metaspace: 5M used, 6M committed, 1088M reserved
[28.858s][info][gc,ref      ] GC(11) Soft: 352 encountered, 0 discovered, 0 enqueued
[28.858s][info][gc,ref      ] GC(11) Weak: 771 encountered, 306 discovered, 0 enqueued
[28.858s][info][gc,ref      ] GC(11) Final: 5 encountered, 3 discovered, 0 enqueued
[28.858s][info][gc,ref      ] GC(11) Phantom: 27 encountered, 20 discovered, 8 enqueued
[28.858s][info][gc,reloc    ] GC(11) Small Pages: 3585 / 7170M, Empty: 7088M, Relocated: 5M, In-Place: 0
[28.858s][info][gc,reloc    ] GC(11) Medium Pages: 5 / 160M, Empty: 64M, Relocated: 15M, In-Place: 0
[28.858s][info][gc,reloc    ] GC(11) Large Pages: 1 / 130M, Empty: 0M, Relocated: 0M, In-Place: 0
[28.858s][info][gc,reloc    ] GC(11) Forwarding Usage: 1M
[28.858s][info][gc,heap     ] GC(11) Min Capacity: 8192M(100%)
[28.858s][info][gc,heap     ] GC(11) Max Capacity: 8192M(100%)
[28.858s][info][gc,heap     ] GC(11) Soft Max Capacity: 8192M(100%)
[28.858s][info][gc,heap     ] GC(11)                Mark Start          Mark End        Relocate Start      Relocate End           High               Low         
[28.858s][info][gc,heap     ] GC(11)  Capacity:     8192M (100%)       8192M (100%)       8192M (100%)       8192M (100%)       8192M (100%)       8192M (100%)   
[28.858s][info][gc,heap     ] GC(11)      Free:      732M (9%)          480M (6%)         7620M (93%)        7700M (94%)        7700M (94%)         474M (6%)     
[28.858s][info][gc,heap     ] GC(11)      Used:     7460M (91%)        7712M (94%)         572M (7%)          492M (6%)         7718M (94%)         492M (6%)     
[28.858s][info][gc,heap     ] GC(11)      Live:         -               170M (2%)          170M (2%)          170M (2%)             -                  -          
[28.858s][info][gc,heap     ] GC(11) Allocated:         -               252M (3%)          264M (3%)          293M (4%)             -                  -          
[28.858s][info][gc,heap     ] GC(11)   Garbage:         -              7289M (89%)         137M (2%)           27M (0%)             -                  -          
[28.858s][info][gc,heap     ] GC(11) Reclaimed:         -                  -              7152M (87%)        7261M (89%)            -                  -          
[28.858s][info][gc          ] GC(11) Garbage Collection (Allocation Rate) 7460M(91%)->492M(6%)
[30.283s][info][gc,stats    ] === Garbage Collection Statistics =======================================================================================================================
[30.284s][info][gc,stats    ]                                                              Last 10s              Last 10m              Last 10h                Total
[30.284s][info][gc,stats    ]                                                              Avg / Max             Avg / Max             Avg / Max             Avg / Max
[30.284s][info][gc,stats    ]   Collector: Garbage Collection Cycle                     50.234 / 82.802       55.707 / 98.982       55.707 / 98.982       55.707 / 98.982      ms
[30.284s][info][gc,stats    ]  Contention: Mark Segment Reset Contention                     0 / 0                 0 / 2                 0 / 2                 0 / 2           ops/s
[30.284s][info][gc,stats    ]  Contention: Mark SeqNum Reset Contention                      0 / 1                 0 / 1                 0 / 1                 0 / 1           ops/s
[30.284s][info][gc,stats    ]    Critical: Allocation Stall                                  0 / 0                 0 / 0                 0 / 0                 0 / 0           ops/s
[30.284s][info][gc,stats    ]    Critical: Allocation Stall                              0.000 / 0.000         0.000 / 0.000         0.000 / 0.000         0.000 / 0.000       ms
[30.284s][info][gc,stats    ]    Critical: GC Locker Stall                                   0 / 0                 0 / 0                 0 / 0                 0 / 0           ops/s
[30.284s][info][gc,stats    ]    Critical: GC Locker Stall                               0.000 / 0.000         0.000 / 0.000         0.000 / 0.000         0.000 / 0.000       ms
[30.284s][info][gc,stats    ]    Critical: Relocation Stall                                  0 / 0                 0 / 0                 0 / 0                 0 / 0           ops/s
[30.284s][info][gc,stats    ]    Critical: Relocation Stall                              0.000 / 0.000         0.000 / 0.000         0.000 / 0.000         0.000 / 0.000       ms
[30.284s][info][gc,stats    ]      Memory: Allocation Rate                                2368 / 2824           1875 / 2824           1875 / 2824           1875 / 2824        MB/s
[30.284s][info][gc,stats    ]      Memory: Out Of Memory                                     0 / 0                 0 / 0                 0 / 0                 0 / 0           ops/s
[30.284s][info][gc,stats    ]      Memory: Page Cache Flush                                  0 / 0                 0 / 0                 0 / 0                 0 / 0           MB/s
[30.284s][info][gc,stats    ]      Memory: Page Cache Hit L1                              1146 / 1397            784 / 1397            784 / 1397            784 / 1397        ops/s
[30.284s][info][gc,stats    ]      Memory: Page Cache Hit L2                                 0 / 0                 0 / 0                 0 / 0                 0 / 0           ops/s
[30.284s][info][gc,stats    ]      Memory: Page Cache Hit L3                                 3 / 37              124 / 612             124 / 612             124 / 612         ops/s
[30.284s][info][gc,stats    ]      Memory: Page Cache Miss                                   0 / 0                 0 / 1                 0 / 1                 0 / 1           ops/s
[30.284s][info][gc,stats    ]      Memory: Uncommit                                          0 / 0                 0 / 0                 0 / 0                 0 / 0           MB/s
[30.284s][info][gc,stats    ]      Memory: Undo Object Allocation Failed                     0 / 5                 1 / 11                1 / 11                1 / 11          ops/s
[30.284s][info][gc,stats    ]      Memory: Undo Object Allocation Succeeded                  0 / 3                 0 / 10                0 / 10                0 / 10          ops/s
[30.284s][info][gc,stats    ]      Memory: Undo Page Allocation                              0 / 2                 0 / 4                 0 / 4                 0 / 4           ops/s
[30.284s][info][gc,stats    ]       Phase: Concurrent Mark                              29.427 / 50.647       30.424 / 58.937       30.424 / 58.937       30.424 / 58.937      ms
[30.284s][info][gc,stats    ]       Phase: Concurrent Mark Continue                      0.000 / 0.000         0.000 / 0.000         0.000 / 0.000         0.000 / 0.000       ms
[30.284s][info][gc,stats    ]       Phase: Concurrent Mark Free                          0.002 / 0.003         0.002 / 0.004         0.002 / 0.004         0.002 / 0.004       ms
[30.284s][info][gc,stats    ]       Phase: Concurrent Process Non-Strong References      4.634 / 12.149        4.718 / 12.149        4.718 / 12.149        4.718 / 12.149      ms
[30.284s][info][gc,stats    ]       Phase: Concurrent Relocate                           3.644 / 6.568         4.420 / 10.174        4.420 / 10.174        4.420 / 10.174      ms
[30.284s][info][gc,stats    ]       Phase: Concurrent Reset Relocation Set               0.003 / 0.004         0.003 / 0.006         0.003 / 0.006         0.003 / 0.006       ms
[30.284s][info][gc,stats    ]       Phase: Concurrent Select Relocation Set              2.536 / 4.417         2.700 / 4.417         2.700 / 4.417         2.700 / 4.417       ms
[30.284s][info][gc,stats    ]       Phase: Pause Mark End                                0.027 / 0.047         0.029 / 0.054         0.029 / 0.054         0.029 / 0.054       ms
[30.284s][info][gc,stats    ]       Phase: Pause Mark Start                              0.010 / 0.015         0.010 / 0.016         0.010 / 0.016         0.010 / 0.016       ms
[30.284s][info][gc,stats    ]       Phase: Pause Relocate Start                          0.013 / 0.028         0.013 / 0.028         0.013 / 0.028         0.013 / 0.028       ms
[30.284s][info][gc,stats    ]    Subphase: Concurrent Classes Purge                      0.105 / 0.153         0.098 / 0.153         0.098 / 0.153         0.098 / 0.153       ms
[30.284s][info][gc,stats    ]    Subphase: Concurrent Classes Unlink                     1.455 / 2.223         1.416 / 2.425         1.416 / 2.425         1.416 / 2.425       ms
[30.284s][info][gc,stats    ]    Subphase: Concurrent Mark                              20.177 / 49.465       22.651 / 58.013       22.651 / 58.013       22.651 / 58.013      ms
[30.284s][info][gc,stats    ]    Subphase: Concurrent Mark Try Flush                     2.567 / 14.396        2.032 / 15.825        2.032 / 15.825        2.032 / 15.825      ms
[30.284s][info][gc,stats    ]    Subphase: Concurrent Mark Try Terminate                 5.159 / 15.824        5.208 / 15.848        5.208 / 15.848        5.208 / 15.848      ms
[30.284s][info][gc,stats    ]    Subphase: Concurrent References Enqueue                 0.004 / 0.006         0.004 / 0.006         0.004 / 0.006         0.004 / 0.006       ms
[30.284s][info][gc,stats    ]    Subphase: Concurrent References Process                 0.081 / 0.100         0.097 / 0.139         0.097 / 0.139         0.097 / 0.139       ms
[30.284s][info][gc,stats    ]    Subphase: Concurrent Roots ClassLoaderDataGraph         0.123 / 0.324         0.111 / 0.360         0.111 / 0.360         0.111 / 0.360       ms
[30.285s][info][gc,stats    ]    Subphase: Concurrent Roots CodeCache                    0.000 / 0.000         0.000 / 0.000         0.000 / 0.000         0.000 / 0.000       ms
[30.285s][info][gc,stats    ]    Subphase: Concurrent Roots JavaThreads                  0.419 / 0.801         0.523 / 1.320         0.523 / 1.320         0.523 / 1.320       ms
[30.285s][info][gc,stats    ]    Subphase: Concurrent Roots OopStorageSet                0.032 / 0.044         0.032 / 0.055         0.032 / 0.055         0.032 / 0.055       ms
[30.285s][info][gc,stats    ]    Subphase: Concurrent Weak Roots OopStorageSet           0.237 / 0.310         0.240 / 0.446         0.240 / 0.446         0.240 / 0.446       ms
[30.285s][info][gc,stats    ]    Subphase: Pause Mark Try Complete                       0.000 / 0.000         0.000 / 0.000         0.000 / 0.000         0.000 / 0.000       ms
[30.285s][info][gc,stats    ]      System: Java Threads                                     19 / 24               19 / 24               19 / 24               19 / 24          threads
[30.285s][info][gc,stats    ] =========================================================================================================================================================
[30.515s][info][gc,start    ] GC(12) Garbage Collection (System.gc())
[30.515s][info][gc,task     ] GC(12) Using 2 workers
[30.515s][info][gc,phases   ] GC(12) Pause Mark Start 0.007ms
[30.522s][info][gc,phases   ] GC(12) Concurrent Mark 7.200ms
[30.522s][info][gc,phases   ] GC(12) Pause Mark End 0.015ms
[30.522s][info][gc,phases   ] GC(12) Concurrent Mark Free 0.001ms
[30.524s][info][gc,phases   ] GC(12) Concurrent Process Non-Strong References 1.650ms
[30.524s][info][gc,phases   ] GC(12) Concurrent Reset Relocation Set 0.003ms
[30.526s][info][gc,phases   ] GC(12) Concurrent Select Relocation Set 1.833ms
[30.526s][info][gc,phases   ] GC(12) Pause Relocate Start 0.010ms
[30.527s][info][gc,phases   ] GC(12) Concurrent Relocate 1.157ms
[30.527s][info][gc,load     ] GC(12) Load: 0.00/0.00/0.00
[30.527s][info][gc,mmu      ] GC(12) MMU: 2ms/97.3%, 5ms/98.9%, 10ms/99.4%, 20ms/99.6%, 50ms/99.9%, 100ms/99.9%
[30.527s][info][gc,marking  ] GC(12) Mark: 2 stripe(s), 1 proactive flush(es), 1 terminate flush(es), 0 completion(s), 0 continuation(s) 
[30.527s][info][gc,marking  ] GC(12) Mark Stack Usage: 32M
[30.527s][info][gc,nmethod  ] GC(12) NMethods: 1528 registered, 0 unregistered
[30.527s][info][gc,metaspace] GC(12) Metaspace: 5M used, 6M committed, 1088M reserved
[30.527s][info][gc,ref      ] GC(12) Soft: 352 encountered, 0 discovered, 0 enqueued
[30.527s][info][gc,ref      ] GC(12) Weak: 771 encountered, 108 discovered, 0 enqueued
[30.527s][info][gc,ref      ] GC(12) Final: 5 encountered, 2 discovered, 2 enqueued
[30.527s][info][gc,ref      ] GC(12) Phantom: 19 encountered, 11 discovered, 4 enqueued
[30.527s][info][gc,reloc    ] GC(12) Small Pages: 1871 / 3742M, Empty: 3712M, Relocated: 1M, In-Place: 0
[30.527s][info][gc,reloc    ] GC(12) Medium Pages: 3 / 96M, Empty: 64M, Relocated: 0M, In-Place: 0
[30.527s][info][gc,reloc    ] GC(12) Large Pages: 1 / 130M, Empty: 130M, Relocated: 0M, In-Place: 0
[30.528s][info][gc,reloc    ] GC(12) Forwarding Usage: 0M
[30.528s][info][gc,heap     ] GC(12) Min Capacity: 8192M(100%)
[30.528s][info][gc,heap     ] GC(12) Max Capacity: 8192M(100%)
[30.528s][info][gc,heap     ] GC(12) Soft Max Capacity: 8192M(100%)
[30.528s][info][gc,heap     ] GC(12)                Mark Start          Mark End        Relocate Start      Relocate End           High               Low         
[30.528s][info][gc,heap     ] GC(12)  Capacity:     8192M (100%)       8192M (100%)       8192M (100%)       8192M (100%)       8192M (100%)       8192M (100%)   
[30.528s][info][gc,heap     ] GC(12)      Free:     4224M (52%)        4224M (52%)        8128M (99%)        8150M (99%)        8150M (99%)        4224M (52%)    
[30.528s][info][gc,heap     ] GC(12)      Used:     3968M (48%)        3968M (48%)          64M (1%)           42M (1%)         3968M (48%)          42M (1%)     
[30.528s][info][gc,heap     ] GC(12)      Live:         -                 5M (0%)            5M (0%)            5M (0%)             -                  -          
[30.528s][info][gc,heap     ] GC(12) Allocated:         -                 0M (0%)            2M (0%)            2M (0%)             -                  -          
[30.528s][info][gc,heap     ] GC(12)   Garbage:         -              3962M (48%)          56M (1%)           34M (0%)             -                  -          
[30.528s][info][gc,heap     ] GC(12) Reclaimed:         -                  -              3906M (48%)        3928M (48%)            -                  -          
[30.528s][info][gc          ] GC(12) Garbage Collection (System.gc()) 3968M(48%)->42M(1%)
[33.577s][info][gc,start    ] GC(13) Garbage Collection (Allocation Rate)
[33.577s][info][gc,task     ] GC(13) Using 2 workers
[33.577s][info][gc,phases   ] GC(13) Pause Mark Start 0.011ms
[33.609s][info][gc,phases   ] GC(13) Concurrent Mark 31.627ms
[33.609s][info][gc,phases   ] GC(13) Pause Mark End 0.017ms
[33.609s][info][gc,phases   ] GC(13) Concurrent Mark Free 0.002ms
[33.611s][info][gc,phases   ] GC(13) Concurrent Process Non-Strong References 1.716ms
[33.611s][info][gc,phases   ] GC(13) Concurrent Reset Relocation Set 0.001ms
[33.613s][info][gc,phases   ] GC(13) Concurrent Select Relocation Set 1.908ms
[33.613s][info][gc,phases   ] GC(13) Pause Relocate Start 0.009ms
[33.616s][info][gc,phases   ] GC(13) Concurrent Relocate 3.419ms
[33.616s][info][gc,load     ] GC(13) Load: 0.00/0.00/0.00
[33.616s][info][gc,mmu      ] GC(13) MMU: 2ms/97.3%, 5ms/98.9%, 10ms/99.4%, 20ms/99.6%, 50ms/99.9%, 100ms/99.9%
[33.616s][info][gc,marking  ] GC(13) Mark: 2 stripe(s), 3 proactive flush(es), 1 terminate flush(es), 0 completion(s), 0 continuation(s) 
[33.616s][info][gc,marking  ] GC(13) Mark Stack Usage: 32M
[33.617s][info][gc,nmethod  ] GC(13) NMethods: 1545 registered, 0 unregistered
[33.617s][info][gc,metaspace] GC(13) Metaspace: 5M used, 6M committed, 1088M reserved
[33.617s][info][gc,ref      ] GC(13) Soft: 352 encountered, 0 discovered, 0 enqueued
[33.617s][info][gc,ref      ] GC(13) Weak: 771 encountered, 287 discovered, 0 enqueued
[33.617s][info][gc,ref      ] GC(13) Final: 5 encountered, 3 discovered, 0 enqueued
[33.617s][info][gc,ref      ] GC(13) Phantom: 27 encountered, 23 discovered, 8 enqueued
[33.617s][info][gc,reloc    ] GC(13) Small Pages: 3718 / 7436M, Empty: 7368M, Relocated: 3M, In-Place: 0
[33.617s][info][gc,reloc    ] GC(13) Medium Pages: 5 / 160M, Empty: 64M, Relocated: 15M, In-Place: 0
[33.617s][info][gc,reloc    ] GC(13) Large Pages: 1 / 130M, Empty: 0M, Relocated: 0M, In-Place: 0
[33.617s][info][gc,reloc    ] GC(13) Forwarding Usage: 0M
[33.617s][info][gc,heap     ] GC(13) Min Capacity: 8192M(100%)
[33.617s][info][gc,heap     ] GC(13) Max Capacity: 8192M(100%)
[33.617s][info][gc,heap     ] GC(13) Soft Max Capacity: 8192M(100%)
[33.617s][info][gc,heap     ] GC(13)                Mark Start          Mark End        Relocate Start      Relocate End           High               Low         
[33.617s][info][gc,heap     ] GC(13)  Capacity:     8192M (100%)       8192M (100%)       8192M (100%)       8192M (100%)       8192M (100%)       8192M (100%)   
[33.617s][info][gc,heap     ] GC(13)      Free:      466M (6%)          462M (6%)         7894M (96%)        7966M (97%)        7966M (97%)         462M (6%)     
[33.617s][info][gc,heap     ] GC(13)      Used:     7726M (94%)        7730M (94%)         298M (4%)          226M (3%)         7730M (94%)         226M (3%)     
[33.617s][info][gc,heap     ] GC(13)      Live:         -               170M (2%)          170M (2%)          170M (2%)             -                  -          
[33.617s][info][gc,heap     ] GC(13) Allocated:         -                 4M (0%)            4M (0%)           33M (0%)             -                  -          
[33.617s][info][gc,heap     ] GC(13)   Garbage:         -              7555M (92%)         123M (2%)           22M (0%)             -                  -          
[33.617s][info][gc,heap     ] GC(13) Reclaimed:         -                  -              7432M (91%)        7533M (92%)            -                  -          
[33.617s][info][gc          ] GC(13) Garbage Collection (Allocation Rate) 7726M(94%)->226M(3%)
[35.242s][info][gc,start    ] GC(14) Garbage Collection (System.gc())
[35.242s][info][gc,task     ] GC(14) Using 2 workers
[35.242s][info][gc,phases   ] GC(14) Pause Mark Start 0.005ms
[35.253s][info][gc,phases   ] GC(14) Concurrent Mark 10.286ms
[35.253s][info][gc,phases   ] GC(14) Pause Mark End 0.011ms
[35.253s][info][gc,phases   ] GC(14) Concurrent Mark Free 0.001ms
[35.255s][info][gc,phases   ] GC(14) Concurrent Process Non-Strong References 1.821ms
[35.255s][info][gc,phases   ] GC(14) Concurrent Reset Relocation Set 0.003ms
[35.256s][info][gc,phases   ] GC(14) Concurrent Select Relocation Set 1.523ms
[35.256s][info][gc,phases   ] GC(14) Pause Relocate Start 0.007ms
[35.257s][info][gc,phases   ] GC(14) Concurrent Relocate 0.719ms
[35.257s][info][gc,load     ] GC(14) Load: 0.00/0.00/0.00
[35.257s][info][gc,mmu      ] GC(14) MMU: 2ms/97.3%, 5ms/98.9%, 10ms/99.4%, 20ms/99.6%, 50ms/99.9%, 100ms/99.9%
[35.257s][info][gc,marking  ] GC(14) Mark: 2 stripe(s), 1 proactive flush(es), 1 terminate flush(es), 0 completion(s), 0 continuation(s) 
[35.257s][info][gc,marking  ] GC(14) Mark Stack Usage: 32M
[35.257s][info][gc,nmethod  ] GC(14) NMethods: 1556 registered, 0 unregistered
[35.257s][info][gc,metaspace] GC(14) Metaspace: 6M used, 6M committed, 1088M reserved
[35.257s][info][gc,ref      ] GC(14) Soft: 352 encountered, 0 discovered, 0 enqueued
[35.257s][info][gc,ref      ] GC(14) Weak: 771 encountered, 88 discovered, 0 enqueued
[35.257s][info][gc,ref      ] GC(14) Final: 5 encountered, 2 discovered, 2 enqueued
[35.257s][info][gc,ref      ] GC(14) Phantom: 19 encountered, 13 discovered, 4 enqueued
[35.257s][info][gc,reloc    ] GC(14) Small Pages: 1738 / 3476M, Empty: 3448M, Relocated: 1M, In-Place: 0
[35.257s][info][gc,reloc    ] GC(14) Medium Pages: 3 / 96M, Empty: 64M, Relocated: 0M, In-Place: 0
[35.257s][info][gc,reloc    ] GC(14) Large Pages: 1 / 130M, Empty: 130M, Relocated: 0M, In-Place: 0
[35.257s][info][gc,reloc    ] GC(14) Forwarding Usage: 0M
[35.257s][info][gc,heap     ] GC(14) Min Capacity: 8192M(100%)
[35.257s][info][gc,heap     ] GC(14) Max Capacity: 8192M(100%)
[35.257s][info][gc,heap     ] GC(14) Soft Max Capacity: 8192M(100%)
[35.257s][info][gc,heap     ] GC(14)                Mark Start          Mark End        Relocate Start      Relocate End           High               Low         
[35.257s][info][gc,heap     ] GC(14)  Capacity:     8192M (100%)       8192M (100%)       8192M (100%)       8192M (100%)       8192M (100%)       8192M (100%)   
[35.257s][info][gc,heap     ] GC(14)      Free:     4490M (55%)        4490M (55%)        8130M (99%)        8150M (99%)        8150M (99%)        4490M (55%)    
[35.257s][info][gc,heap     ] GC(14)      Used:     3702M (45%)        3702M (45%)          62M (1%)           42M (1%)         3702M (45%)          42M (1%)     
[35.257s][info][gc,heap     ] GC(14)      Live:         -                 5M (0%)            5M (0%)            5M (0%)             -                  -          
[35.257s][info][gc,heap     ] GC(14) Allocated:         -                 0M (0%)            2M (0%)            2M (0%)             -                  -          
[35.257s][info][gc,heap     ] GC(14)   Garbage:         -              3696M (45%)          54M (1%)           34M (0%)             -                  -          
[35.257s][info][gc,heap     ] GC(14) Reclaimed:         -                  -              3642M (44%)        3662M (45%)            -                  -          
[35.257s][info][gc          ] GC(14) Garbage Collection (System.gc()) 3702M(45%)->42M(1%)
[38.271s][info][gc,start    ] GC(15) Garbage Collection (Allocation Rate)
[38.271s][info][gc,task     ] GC(15) Using 2 workers
[38.271s][info][gc,phases   ] GC(15) Pause Mark Start 0.018ms
[38.302s][info][gc,phases   ] GC(15) Concurrent Mark 30.757ms
[38.302s][info][gc,phases   ] GC(15) Pause Mark End 0.015ms
[38.302s][info][gc,phases   ] GC(15) Concurrent Mark Free 0.001ms
[38.304s][info][gc,phases   ] GC(15) Concurrent Process Non-Strong References 1.761ms
[38.304s][info][gc,phases   ] GC(15) Concurrent Reset Relocation Set 0.002ms
[38.306s][info][gc,phases   ] GC(15) Concurrent Select Relocation Set 1.614ms
[38.306s][info][gc,phases   ] GC(15) Pause Relocate Start 0.007ms
[38.308s][info][gc,phases   ] GC(15) Concurrent Relocate 2.495ms
[38.308s][info][gc,load     ] GC(15) Load: 0.00/0.00/0.00
[38.308s][info][gc,mmu      ] GC(15) MMU: 2ms/97.3%, 5ms/98.9%, 10ms/99.4%, 20ms/99.6%, 50ms/99.9%, 100ms/99.9%
[38.308s][info][gc,marking  ] GC(15) Mark: 2 stripe(s), 2 proactive flush(es), 1 terminate flush(es), 0 completion(s), 0 continuation(s) 
[38.308s][info][gc,marking  ] GC(15) Mark Stack Usage: 32M
[38.308s][info][gc,nmethod  ] GC(15) NMethods: 1567 registered, 0 unregistered
[38.308s][info][gc,metaspace] GC(15) Metaspace: 6M used, 6M committed, 1088M reserved
[38.308s][info][gc,ref      ] GC(15) Soft: 352 encountered, 0 discovered, 0 enqueued
[38.308s][info][gc,ref      ] GC(15) Weak: 771 encountered, 55 discovered, 0 enqueued
[38.308s][info][gc,ref      ] GC(15) Final: 5 encountered, 0 discovered, 0 enqueued
[38.308s][info][gc,ref      ] GC(15) Phantom: 27 encountered, 21 discovered, 8 enqueued
[38.308s][info][gc,reloc    ] GC(15) Small Pages: 3719 / 7438M, Empty: 7366M, Relocated: 1M, In-Place: 0
[38.308s][info][gc,reloc    ] GC(15) Medium Pages: 5 / 160M, Empty: 64M, Relocated: 15M, In-Place: 0
[38.308s][info][gc,reloc    ] GC(15) Large Pages: 1 / 130M, Empty: 0M, Relocated: 0M, In-Place: 0
[38.308s][info][gc,reloc    ] GC(15) Forwarding Usage: 0M
[38.308s][info][gc,heap     ] GC(15) Min Capacity: 8192M(100%)
[38.309s][info][gc,heap     ] GC(15) Max Capacity: 8192M(100%)
[38.309s][info][gc,heap     ] GC(15) Soft Max Capacity: 8192M(100%)
[38.309s][info][gc,heap     ] GC(15)                Mark Start          Mark End        Relocate Start      Relocate End           High               Low         
[38.309s][info][gc,heap     ] GC(15)  Capacity:     8192M (100%)       8192M (100%)       8192M (100%)       8192M (100%)       8192M (100%)       8192M (100%)   
[38.309s][info][gc,heap     ] GC(15)      Free:      464M (6%)          460M (6%)         7888M (96%)        7964M (97%)        7964M (97%)         458M (6%)     
[38.309s][info][gc,heap     ] GC(15)      Used:     7728M (94%)        7732M (94%)         304M (4%)          228M (3%)         7734M (94%)         228M (3%)     
[38.309s][info][gc,heap     ] GC(15)      Live:         -               170M (2%)          170M (2%)          170M (2%)             -                  -          
[38.309s][info][gc,heap     ] GC(15) Allocated:         -                 4M (0%)            6M (0%)           35M (0%)             -                  -          
[38.309s][info][gc,heap     ] GC(15)   Garbage:         -              7557M (92%)         127M (2%)           22M (0%)             -                  -          
[38.309s][info][gc,heap     ] GC(15) Reclaimed:         -                  -              7430M (91%)        7535M (92%)            -                  -          
[38.309s][info][gc          ] GC(15) Garbage Collection (Allocation Rate) 7728M(94%)->228M(3%)
[39.929s][info][gc,start    ] GC(16) Garbage Collection (System.gc())
[39.929s][info][gc,task     ] GC(16) Using 2 workers
[39.929s][info][gc,phases   ] GC(16) Pause Mark Start 0.005ms
[39.946s][info][gc,phases   ] GC(16) Concurrent Mark 16.851ms
[39.947s][info][gc,phases   ] GC(16) Pause Mark End 0.022ms
[39.947s][info][gc,phases   ] GC(16) Concurrent Mark Free 0.001ms
[39.949s][info][gc,phases   ] GC(16) Concurrent Process Non-Strong References 2.188ms
[39.949s][info][gc,phases   ] GC(16) Concurrent Reset Relocation Set 0.005ms
[39.951s][info][gc,phases   ] GC(16) Concurrent Select Relocation Set 1.994ms
[39.951s][info][gc,phases   ] GC(16) Pause Relocate Start 0.010ms
[39.952s][info][gc,phases   ] GC(16) Concurrent Relocate 0.904ms
[39.952s][info][gc,load     ] GC(16) Load: 0.00/0.00/0.00
[39.952s][info][gc,mmu      ] GC(16) MMU: 2ms/97.3%, 5ms/98.9%, 10ms/99.4%, 20ms/99.6%, 50ms/99.9%, 100ms/99.9%
[39.952s][info][gc,marking  ] GC(16) Mark: 2 stripe(s), 2 proactive flush(es), 1 terminate flush(es), 0 completion(s), 0 continuation(s) 
[39.952s][info][gc,marking  ] GC(16) Mark Stack Usage: 32M
[39.952s][info][gc,nmethod  ] GC(16) NMethods: 1572 registered, 0 unregistered
[39.952s][info][gc,metaspace] GC(16) Metaspace: 6M used, 6M committed, 1088M reserved
[39.952s][info][gc,ref      ] GC(16) Soft: 352 encountered, 0 discovered, 0 enqueued
[39.952s][info][gc,ref      ] GC(16) Weak: 771 encountered, 64 discovered, 0 enqueued
[39.952s][info][gc,ref      ] GC(16) Final: 5 encountered, 2 discovered, 2 enqueued
[39.952s][info][gc,ref      ] GC(16) Phantom: 19 encountered, 13 discovered, 4 enqueued
[39.952s][info][gc,reloc    ] GC(16) Small Pages: 1738 / 3476M, Empty: 3452M, Relocated: 1M, In-Place: 0
[39.952s][info][gc,reloc    ] GC(16) Medium Pages: 3 / 96M, Empty: 64M, Relocated: 0M, In-Place: 0
[39.952s][info][gc,reloc    ] GC(16) Large Pages: 1 / 130M, Empty: 130M, Relocated: 0M, In-Place: 0
[39.952s][info][gc,reloc    ] GC(16) Forwarding Usage: 0M
[39.952s][info][gc,heap     ] GC(16) Min Capacity: 8192M(100%)
[39.952s][info][gc,heap     ] GC(16) Max Capacity: 8192M(100%)
[39.952s][info][gc,heap     ] GC(16) Soft Max Capacity: 8192M(100%)
[39.952s][info][gc,heap     ] GC(16)                Mark Start          Mark End        Relocate Start      Relocate End           High               Low         
[39.952s][info][gc,heap     ] GC(16)  Capacity:     8192M (100%)       8192M (100%)       8192M (100%)       8192M (100%)       8192M (100%)       8192M (100%)   
[39.952s][info][gc,heap     ] GC(16)      Free:     4490M (55%)        4486M (55%)        8130M (99%)        8146M (99%)        8146M (99%)        4486M (55%)    
[39.952s][info][gc,heap     ] GC(16)      Used:     3702M (45%)        3706M (45%)          62M (1%)           46M (1%)         3706M (45%)          46M (1%)     
[39.952s][info][gc,heap     ] GC(16)      Live:         -                 5M (0%)            5M (0%)            5M (0%)             -                  -          
[39.952s][info][gc,heap     ] GC(16) Allocated:         -                 4M (0%)            6M (0%)            6M (0%)             -                  -          
[39.952s][info][gc,heap     ] GC(16)   Garbage:         -              3696M (45%)          50M (1%)           34M (0%)             -                  -          
[39.952s][info][gc,heap     ] GC(16) Reclaimed:         -                  -              3646M (45%)        3662M (45%)            -                  -          
[39.952s][info][gc          ] GC(16) Garbage Collection (System.gc()) 3702M(45%)->46M(1%)
[40.279s][info][gc,stats    ] === Garbage Collection Statistics =======================================================================================================================
[40.279s][info][gc,stats    ]                                                              Last 10s              Last 10m              Last 10h                Total
[40.279s][info][gc,stats    ]                                                              Avg / Max             Avg / Max             Avg / Max             Avg / Max
[40.279s][info][gc,stats    ]   Collector: Garbage Collection Cycle                     25.490 / 39.721       46.819 / 98.982       46.819 / 98.982       46.819 / 98.982      ms
[40.279s][info][gc,stats    ]  Contention: Mark Segment Reset Contention                     0 / 1                 0 / 2                 0 / 2                 0 / 2           ops/s
[40.279s][info][gc,stats    ]  Contention: Mark SeqNum Reset Contention                      0 / 0                 0 / 1                 0 / 1                 0 / 1           ops/s
[40.279s][info][gc,stats    ]    Critical: Allocation Stall                                  0 / 0                 0 / 0                 0 / 0                 0 / 0           ops/s
[40.279s][info][gc,stats    ]    Critical: Allocation Stall                              0.000 / 0.000         0.000 / 0.000         0.000 / 0.000         0.000 / 0.000       ms
[40.279s][info][gc,stats    ]    Critical: GC Locker Stall                                   0 / 0                 0 / 0                 0 / 0                 0 / 0           ops/s
[40.279s][info][gc,stats    ]    Critical: GC Locker Stall                               0.000 / 0.000         0.000 / 0.000         0.000 / 0.000         0.000 / 0.000       ms
[40.279s][info][gc,stats    ]    Critical: Relocation Stall                                  0 / 0                 0 / 0                 0 / 0                 0 / 0           ops/s
[40.279s][info][gc,stats    ]    Critical: Relocation Stall                              0.000 / 0.000         0.000 / 0.000         0.000 / 0.000         0.000 / 0.000       ms
[40.279s][info][gc,stats    ]      Memory: Allocation Rate                                2330 / 2998           1989 / 2998           1989 / 2998           1989 / 2998        MB/s
[40.279s][info][gc,stats    ]      Memory: Out Of Memory                                     0 / 0                 0 / 0                 0 / 0                 0 / 0           ops/s
[40.279s][info][gc,stats    ]      Memory: Page Cache Flush                                  0 / 0                 0 / 0                 0 / 0                 0 / 0           MB/s
[40.279s][info][gc,stats    ]      Memory: Page Cache Hit L1                              1127 / 1484            870 / 1484            870 / 1484            870 / 1484        ops/s
[40.279s][info][gc,stats    ]      Memory: Page Cache Hit L2                                 0 / 0                 0 / 0                 0 / 0                 0 / 0           ops/s
[40.279s][info][gc,stats    ]      Memory: Page Cache Hit L3                                 0 / 6                93 / 612              93 / 612              93 / 612         ops/s
[40.279s][info][gc,stats    ]      Memory: Page Cache Miss                                   0 / 0                 0 / 1                 0 / 1                 0 / 1           ops/s
[40.279s][info][gc,stats    ]      Memory: Uncommit                                          0 / 0                 0 / 0                 0 / 0                 0 / 0           MB/s
[40.279s][info][gc,stats    ]      Memory: Undo Object Allocation Failed                     0 / 0                 1 / 11                1 / 11                1 / 11          ops/s
[40.279s][info][gc,stats    ]      Memory: Undo Object Allocation Succeeded                  0 / 1                 0 / 10                0 / 10                0 / 10          ops/s
[40.279s][info][gc,stats    ]      Memory: Undo Page Allocation                              0 / 1                 0 / 4                 0 / 4                 0 / 4           ops/s
[40.279s][info][gc,stats    ]       Phase: Concurrent Mark                              19.344 / 31.627       27.165 / 58.937       27.165 / 58.937       27.165 / 58.937      ms
[40.279s][info][gc,stats    ]       Phase: Concurrent Mark Continue                      0.000 / 0.000         0.000 / 0.000         0.000 / 0.000         0.000 / 0.000       ms
[40.279s][info][gc,stats    ]       Phase: Concurrent Mark Free                          0.001 / 0.002         0.002 / 0.004         0.002 / 0.004         0.002 / 0.004       ms
[40.279s][info][gc,stats    ]       Phase: Concurrent Process Non-Strong References      1.827 / 2.188         3.867 / 12.149        3.867 / 12.149        3.867 / 12.149      ms
[40.279s][info][gc,stats    ]       Phase: Concurrent Relocate                           1.739 / 3.419         3.632 / 10.174        3.632 / 10.174        3.632 / 10.174      ms
[40.279s][info][gc,stats    ]       Phase: Concurrent Reset Relocation Set               0.003 / 0.005         0.003 / 0.006         0.003 / 0.006         0.003 / 0.006       ms
[40.279s][info][gc,stats    ]       Phase: Concurrent Select Relocation Set              1.775 / 1.994         2.428 / 4.417         2.428 / 4.417         2.428 / 4.417       ms
[40.279s][info][gc,stats    ]       Phase: Pause Mark End                                0.016 / 0.022         0.025 / 0.054         0.025 / 0.054         0.025 / 0.054       ms
[40.279s][info][gc,stats    ]       Phase: Pause Mark Start                              0.009 / 0.018         0.010 / 0.018         0.010 / 0.018         0.010 / 0.018       ms
[40.279s][info][gc,stats    ]       Phase: Pause Relocate Start                          0.009 / 0.010         0.011 / 0.028         0.011 / 0.028         0.011 / 0.028       ms
[40.279s][info][gc,stats    ]    Subphase: Concurrent Classes Purge                      0.074 / 0.087         0.091 / 0.153         0.091 / 0.153         0.091 / 0.153       ms
[40.279s][info][gc,stats    ]    Subphase: Concurrent Classes Unlink                     1.241 / 1.559         1.364 / 2.425         1.364 / 2.425         1.364 / 2.425       ms
[40.279s][info][gc,stats    ]    Subphase: Concurrent Mark                              13.389 / 30.608       19.663 / 58.013       19.663 / 58.013       19.663 / 58.013      ms
[40.279s][info][gc,stats    ]    Subphase: Concurrent Mark Try Flush                     0.093 / 0.328         1.442 / 15.825        1.442 / 15.825        1.442 / 15.825      ms
[40.279s][info][gc,stats    ]    Subphase: Concurrent Mark Try Terminate                 3.571 / 15.973        4.745 / 15.973        4.745 / 15.973        4.745 / 15.973      ms
[40.279s][info][gc,stats    ]    Subphase: Concurrent References Enqueue                 0.005 / 0.007         0.005 / 0.007         0.005 / 0.007         0.005 / 0.007       ms
[40.279s][info][gc,stats    ]    Subphase: Concurrent References Process                 0.098 / 0.132         0.097 / 0.139         0.097 / 0.139         0.097 / 0.139       ms
[40.279s][info][gc,stats    ]    Subphase: Concurrent Roots ClassLoaderDataGraph         0.076 / 0.186         0.100 / 0.360         0.100 / 0.360         0.100 / 0.360       ms
[40.279s][info][gc,stats    ]    Subphase: Concurrent Roots CodeCache                    0.000 / 0.000         0.000 / 0.000         0.000 / 0.000         0.000 / 0.000       ms
[40.279s][info][gc,stats    ]    Subphase: Concurrent Roots JavaThreads                  0.442 / 0.842         0.497 / 1.320         0.497 / 1.320         0.497 / 1.320       ms
[40.279s][info][gc,stats    ]    Subphase: Concurrent Roots OopStorageSet                0.023 / 0.043         0.029 / 0.055         0.029 / 0.055         0.029 / 0.055       ms
[40.279s][info][gc,stats    ]    Subphase: Concurrent Weak Roots OopStorageSet           0.259 / 0.383         0.246 / 0.446         0.246 / 0.446         0.246 / 0.446       ms
[40.279s][info][gc,stats    ]    Subphase: Pause Mark Try Complete                       0.000 / 0.000         0.000 / 0.000         0.000 / 0.000         0.000 / 0.000       ms
[40.279s][info][gc,stats    ]      System: Java Threads                                     18 / 24               18 / 24               18 / 24               18 / 24          threads
[40.279s][info][gc,stats    ] =========================================================================================================================================================
[42.482s][info][gc,start    ] GC(17) Garbage Collection (Proactive)
[42.482s][info][gc,task     ] GC(17) Using 2 workers
[42.482s][info][gc,phases   ] GC(17) Pause Mark Start 0.020ms
[42.513s][info][gc,phases   ] GC(17) Concurrent Mark 25.408ms
[42.514s][info][gc,phases   ] GC(17) Pause Mark End 0.028ms
[42.520s][info][gc,phases   ] GC(17) Concurrent Mark Free 0.002ms
[42.524s][info][gc,phases   ] GC(17) Concurrent Process Non-Strong References 3.263ms
[42.524s][info][gc,phases   ] GC(17) Concurrent Reset Relocation Set 0.004ms
[42.527s][info][gc,phases   ] GC(17) Concurrent Select Relocation Set 3.076ms
[42.527s][info][gc,phases   ] GC(17) Pause Relocate Start 0.026ms
[42.534s][info][gc,phases   ] GC(17) Concurrent Relocate 4.361ms
[42.534s][info][gc,load     ] GC(17) Load: 0.00/0.00/0.00
[42.534s][info][gc,mmu      ] GC(17) MMU: 2ms/97.3%, 5ms/98.9%, 10ms/99.4%, 20ms/99.6%, 50ms/99.9%, 100ms/99.9%
[42.534s][info][gc,marking  ] GC(17) Mark: 2 stripe(s), 2 proactive flush(es), 1 terminate flush(es), 0 completion(s), 0 continuation(s) 
[42.534s][info][gc,marking  ] GC(17) Mark Stack Usage: 32M
[42.534s][info][gc,nmethod  ] GC(17) NMethods: 1578 registered, 0 unregistered
[42.534s][info][gc,metaspace] GC(17) Metaspace: 6M used, 6M committed, 1088M reserved
[42.534s][info][gc,ref      ] GC(17) Soft: 352 encountered, 0 discovered, 0 enqueued
[42.534s][info][gc,ref      ] GC(17) Weak: 771 encountered, 255 discovered, 0 enqueued
[42.534s][info][gc,ref      ] GC(17) Final: 5 encountered, 2 discovered, 0 enqueued
[42.534s][info][gc,ref      ] GC(17) Phantom: 27 encountered, 23 discovered, 7 enqueued
[42.534s][info][gc,reloc    ] GC(17) Small Pages: 2813 / 5626M, Empty: 5548M, Relocated: 1M, In-Place: 0
[42.534s][info][gc,reloc    ] GC(17) Medium Pages: 4 / 128M, Empty: 32M, Relocated: 13M, In-Place: 0
[42.534s][info][gc,reloc    ] GC(17) Large Pages: 1 / 130M, Empty: 0M, Relocated: 0M, In-Place: 0
[42.534s][info][gc,reloc    ] GC(17) Forwarding Usage: 0M
[42.534s][info][gc,heap     ] GC(17) Min Capacity: 8192M(100%)
[42.534s][info][gc,heap     ] GC(17) Max Capacity: 8192M(100%)
[42.534s][info][gc,heap     ] GC(17) Soft Max Capacity: 8192M(100%)
[42.534s][info][gc,heap     ] GC(17)                Mark Start          Mark End        Relocate Start      Relocate End           High               Low         
[42.534s][info][gc,heap     ] GC(17)  Capacity:     8192M (100%)       8192M (100%)       8192M (100%)       8192M (100%)       8192M (100%)       8192M (100%)   
[42.534s][info][gc,heap     ] GC(17)      Free:     2308M (28%)        2176M (27%)        7692M (94%)        7746M (95%)        7746M (95%)        2132M (26%)    
[42.534s][info][gc,heap     ] GC(17)      Used:     5884M (72%)        6016M (73%)         500M (6%)          446M (5%)         6060M (74%)         446M (5%)     
[42.534s][info][gc,heap     ] GC(17)      Live:         -               168M (2%)          168M (2%)          168M (2%)             -                  -          
[42.534s][info][gc,heap     ] GC(17) Allocated:         -               132M (2%)          196M (2%)          239M (3%)             -                  -          
[42.534s][info][gc,heap     ] GC(17)   Garbage:         -              5715M (70%)         135M (2%)           38M (0%)             -                  -          
[42.534s][info][gc,heap     ] GC(17) Reclaimed:         -                  -              5580M (68%)        5677M (69%)            -                  -          
[42.534s][info][gc          ] GC(17) Garbage Collection (Proactive) 5884M(72%)->446M(5%)
[44.665s][info][gc,start    ] GC(18) Garbage Collection (System.gc())
[44.665s][info][gc,task     ] GC(18) Using 2 workers
[44.665s][info][gc,phases   ] GC(18) Pause Mark Start 0.005ms
[44.684s][info][gc,phases   ] GC(18) Concurrent Mark 19.133ms
[44.685s][info][gc,phases   ] GC(18) Pause Mark End 0.020ms
[44.685s][info][gc,phases   ] GC(18) Concurrent Mark Free 0.002ms
[44.687s][info][gc,phases   ] GC(18) Concurrent Process Non-Strong References 1.811ms
[44.687s][info][gc,phases   ] GC(18) Concurrent Reset Relocation Set 0.003ms
[44.688s][info][gc,phases   ] GC(18) Concurrent Select Relocation Set 1.315ms
[44.688s][info][gc,phases   ] GC(18) Pause Relocate Start 0.008ms
[44.689s][info][gc,phases   ] GC(18) Concurrent Relocate 0.662ms
[44.689s][info][gc,load     ] GC(18) Load: 0.00/0.00/0.00
[44.689s][info][gc,mmu      ] GC(18) MMU: 2ms/97.3%, 5ms/98.9%, 10ms/99.4%, 20ms/99.6%, 50ms/99.9%, 100ms/99.9%
[44.689s][info][gc,marking  ] GC(18) Mark: 2 stripe(s), 1 proactive flush(es), 1 terminate flush(es), 0 completion(s), 0 continuation(s) 
[44.689s][info][gc,marking  ] GC(18) Mark Stack Usage: 32M
[44.689s][info][gc,nmethod  ] GC(18) NMethods: 1598 registered, 0 unregistered
[44.689s][info][gc,metaspace] GC(18) Metaspace: 6M used, 6M committed, 1088M reserved
[44.689s][info][gc,ref      ] GC(18) Soft: 353 encountered, 0 discovered, 0 enqueued
[44.689s][info][gc,ref      ] GC(18) Weak: 772 encountered, 29 discovered, 0 enqueued
[44.689s][info][gc,ref      ] GC(18) Final: 5 encountered, 2 discovered, 2 enqueued
[44.689s][info][gc,ref      ] GC(18) Phantom: 20 encountered, 15 discovered, 5 enqueued
[44.689s][info][gc,reloc    ] GC(18) Small Pages: 2643 / 5286M, Empty: 5256M, Relocated: 1M, In-Place: 0
[44.689s][info][gc,reloc    ] GC(18) Medium Pages: 4 / 128M, Empty: 96M, Relocated: 0M, In-Place: 0
[44.689s][info][gc,reloc    ] GC(18) Large Pages: 1 / 130M, Empty: 130M, Relocated: 0M, In-Place: 0
[44.689s][info][gc,reloc    ] GC(18) Forwarding Usage: 0M
[44.689s][info][gc,heap     ] GC(18) Min Capacity: 8192M(100%)
[44.689s][info][gc,heap     ] GC(18) Max Capacity: 8192M(100%)
[44.689s][info][gc,heap     ] GC(18) Soft Max Capacity: 8192M(100%)
[44.689s][info][gc,heap     ] GC(18)                Mark Start          Mark End        Relocate Start      Relocate End           High               Low         
[44.689s][info][gc,heap     ] GC(18)  Capacity:     8192M (100%)       8192M (100%)       8192M (100%)       8192M (100%)       8192M (100%)       8192M (100%)   
[44.689s][info][gc,heap     ] GC(18)      Free:     2648M (32%)        2648M (32%)        8128M (99%)        8150M (99%)        8150M (99%)        2648M (32%)    
[44.689s][info][gc,heap     ] GC(18)      Used:     5544M (68%)        5544M (68%)          64M (1%)           42M (1%)         5544M (68%)          42M (1%)     
[44.689s][info][gc,heap     ] GC(18)      Live:         -                 5M (0%)            5M (0%)            5M (0%)             -                  -          
[44.689s][info][gc,heap     ] GC(18) Allocated:         -                 0M (0%)            2M (0%)            2M (0%)             -                  -          
[44.689s][info][gc,heap     ] GC(18)   Garbage:         -              5538M (68%)          56M (1%)           34M (0%)             -                  -          
[44.689s][info][gc,heap     ] GC(18) Reclaimed:         -                  -              5482M (67%)        5504M (67%)            -                  -          
[44.689s][info][gc          ] GC(18) Garbage Collection (System.gc()) 5544M(68%)->42M(1%)
[47.675s][info][gc,start    ] GC(19) Garbage Collection (Allocation Rate)
[47.675s][info][gc,task     ] GC(19) Using 1 workers
[47.675s][info][gc,phases   ] GC(19) Pause Mark Start 0.025ms
[47.710s][info][gc,phases   ] GC(19) Concurrent Mark 33.833ms
[47.711s][info][gc,phases   ] GC(19) Pause Mark End 0.017ms
[47.711s][info][gc,phases   ] GC(19) Concurrent Mark Free 0.001ms
[47.714s][info][gc,phases   ] GC(19) Concurrent Process Non-Strong References 3.003ms
[47.714s][info][gc,phases   ] GC(19) Concurrent Reset Relocation Set 0.002ms
[47.717s][info][gc,phases   ] GC(19) Concurrent Select Relocation Set 2.917ms
[47.717s][info][gc,phases   ] GC(19) Pause Relocate Start 0.009ms
[47.721s][info][gc,phases   ] GC(19) Concurrent Relocate 4.578ms
[47.721s][info][gc,load     ] GC(19) Load: 0.00/0.00/0.00
[47.721s][info][gc,mmu      ] GC(19) MMU: 2ms/97.3%, 5ms/98.9%, 10ms/99.4%, 20ms/99.6%, 50ms/99.9%, 100ms/99.9%
[47.721s][info][gc,marking  ] GC(19) Mark: 1 stripe(s), 2 proactive flush(es), 1 terminate flush(es), 0 completion(s), 0 continuation(s) 
[47.721s][info][gc,marking  ] GC(19) Mark Stack Usage: 32M
[47.721s][info][gc,nmethod  ] GC(19) NMethods: 1629 registered, 0 unregistered
[47.721s][info][gc,metaspace] GC(19) Metaspace: 6M used, 6M committed, 1088M reserved
[47.721s][info][gc,ref      ] GC(19) Soft: 353 encountered, 0 discovered, 0 enqueued
[47.721s][info][gc,ref      ] GC(19) Weak: 772 encountered, 306 discovered, 0 enqueued
[47.721s][info][gc,ref      ] GC(19) Final: 5 encountered, 3 discovered, 0 enqueued
[47.722s][info][gc,ref      ] GC(19) Phantom: 27 encountered, 20 discovered, 8 enqueued
[47.722s][info][gc,reloc    ] GC(19) Small Pages: 3603 / 7206M, Empty: 7116M, Relocated: 3M, In-Place: 0
[47.722s][info][gc,reloc    ] GC(19) Medium Pages: 5 / 160M, Empty: 64M, Relocated: 15M, In-Place: 0
[47.722s][info][gc,reloc    ] GC(19) Large Pages: 1 / 130M, Empty: 0M, Relocated: 0M, In-Place: 0
[47.722s][info][gc,reloc    ] GC(19) Forwarding Usage: 1M
[47.722s][info][gc,heap     ] GC(19) Min Capacity: 8192M(100%)
[47.722s][info][gc,heap     ] GC(19) Max Capacity: 8192M(100%)
[47.722s][info][gc,heap     ] GC(19) Soft Max Capacity: 8192M(100%)
[47.722s][info][gc,heap     ] GC(19)                Mark Start          Mark End        Relocate Start      Relocate End           High               Low         
[47.722s][info][gc,heap     ] GC(19)  Capacity:     8192M (100%)       8192M (100%)       8192M (100%)       8192M (100%)       8192M (100%)       8192M (100%)   
[47.722s][info][gc,heap     ] GC(19)      Free:      696M (8%)          478M (6%)         7640M (93%)        7734M (94%)        7734M (94%)         466M (6%)     
[47.722s][info][gc,heap     ] GC(19)      Used:     7496M (92%)        7714M (94%)         552M (7%)          458M (6%)         7726M (94%)         458M (6%)     
[47.722s][info][gc,heap     ] GC(19)      Live:         -               170M (2%)          170M (2%)          170M (2%)             -                  -          
[47.722s][info][gc,heap     ] GC(19) Allocated:         -               218M (3%)          236M (3%)          267M (3%)             -                  -          
[47.722s][info][gc,heap     ] GC(19)   Garbage:         -              7325M (89%)         145M (2%)           20M (0%)             -                  -          
[47.722s][info][gc,heap     ] GC(19) Reclaimed:         -                  -              7180M (88%)        7305M (89%)            -                  -          
[47.722s][info][gc          ] GC(19) Garbage Collection (Allocation Rate) 7496M(92%)->458M(6%)
[49.378s][info][gc,start    ] GC(20) Garbage Collection (System.gc())
[49.378s][info][gc,task     ] GC(20) Using 2 workers
[49.378s][info][gc,phases   ] GC(20) Pause Mark Start 0.008ms
[49.389s][info][gc,phases   ] GC(20) Concurrent Mark 11.062ms
[49.389s][info][gc,phases   ] GC(20) Pause Mark End 0.014ms
[49.389s][info][gc,phases   ] GC(20) Concurrent Mark Free 0.003ms
[49.392s][info][gc,phases   ] GC(20) Concurrent Process Non-Strong References 2.271ms
[49.392s][info][gc,phases   ] GC(20) Concurrent Reset Relocation Set 0.003ms
[49.394s][info][gc,phases   ] GC(20) Concurrent Select Relocation Set 1.747ms
[49.394s][info][gc,phases   ] GC(20) Pause Relocate Start 0.010ms
[49.395s][info][gc,phases   ] GC(20) Concurrent Relocate 1.222ms
[49.395s][info][gc,load     ] GC(20) Load: 0.00/0.00/0.00
[49.395s][info][gc,mmu      ] GC(20) MMU: 2ms/97.3%, 5ms/98.9%, 10ms/99.4%, 20ms/99.6%, 50ms/99.9%, 100ms/99.9%
[49.395s][info][gc,marking  ] GC(20) Mark: 2 stripe(s), 1 proactive flush(es), 1 terminate flush(es), 0 completion(s), 0 continuation(s) 
[49.395s][info][gc,marking  ] GC(20) Mark Stack Usage: 32M
[49.395s][info][gc,nmethod  ] GC(20) NMethods: 1632 registered, 0 unregistered
[49.395s][info][gc,metaspace] GC(20) Metaspace: 6M used, 6M committed, 1088M reserved
[49.395s][info][gc,ref      ] GC(20) Soft: 353 encountered, 0 discovered, 0 enqueued
[49.395s][info][gc,ref      ] GC(20) Weak: 772 encountered, 131 discovered, 0 enqueued
[49.395s][info][gc,ref      ] GC(20) Final: 5 encountered, 4 discovered, 2 enqueued
[49.395s][info][gc,ref      ] GC(20) Phantom: 19 encountered, 15 discovered, 4 enqueued
[49.395s][info][gc,reloc    ] GC(20) Small Pages: 1852 / 3704M, Empty: 3680M, Relocated: 1M, In-Place: 0
[49.395s][info][gc,reloc    ] GC(20) Medium Pages: 3 / 96M, Empty: 64M, Relocated: 0M, In-Place: 0
[49.395s][info][gc,reloc    ] GC(20) Large Pages: 1 / 130M, Empty: 130M, Relocated: 0M, In-Place: 0
[49.395s][info][gc,reloc    ] GC(20) Forwarding Usage: 0M
[49.395s][info][gc,heap     ] GC(20) Min Capacity: 8192M(100%)
[49.395s][info][gc,heap     ] GC(20) Max Capacity: 8192M(100%)
[49.395s][info][gc,heap     ] GC(20) Soft Max Capacity: 8192M(100%)
[49.395s][info][gc,heap     ] GC(20)                Mark Start          Mark End        Relocate Start      Relocate End           High               Low         
[49.395s][info][gc,heap     ] GC(20)  Capacity:     8192M (100%)       8192M (100%)       8192M (100%)       8192M (100%)       8192M (100%)       8192M (100%)   
[49.395s][info][gc,heap     ] GC(20)      Free:     4262M (52%)        4262M (52%)        8134M (99%)        8150M (99%)        8150M (99%)        4262M (52%)    
[49.395s][info][gc,heap     ] GC(20)      Used:     3930M (48%)        3930M (48%)          58M (1%)           42M (1%)         3930M (48%)          42M (1%)     
[49.395s][info][gc,heap     ] GC(20)      Live:         -                 5M (0%)            5M (0%)            5M (0%)             -                  -          
[49.395s][info][gc,heap     ] GC(20) Allocated:         -                 0M (0%)            2M (0%)            2M (0%)             -                  -          
[49.395s][info][gc,heap     ] GC(20)   Garbage:         -              3924M (48%)          50M (1%)           34M (0%)             -                  -          
[49.395s][info][gc,heap     ] GC(20) Reclaimed:         -                  -              3874M (47%)        3890M (47%)            -                  -          
[49.395s][info][gc          ] GC(20) Garbage Collection (System.gc()) 3930M(48%)->42M(1%)
[50.274s][info][gc,stats    ] === Garbage Collection Statistics =======================================================================================================================
[50.274s][info][gc,stats    ]                                                              Last 10s              Last 10m              Last 10h                Total
[50.274s][info][gc,stats    ]                                                              Avg / Max             Avg / Max             Avg / Max             Avg / Max
[50.274s][info][gc,stats    ]   Collector: Garbage Collection Cycle                     34.934 / 52.172       44.556 / 98.982       44.556 / 98.982       44.556 / 98.982      ms
[50.274s][info][gc,stats    ]  Contention: Mark Segment Reset Contention                     0 / 1                 0 / 2                 0 / 2                 0 / 2           ops/s
[50.274s][info][gc,stats    ]  Contention: Mark SeqNum Reset Contention                      0 / 1                 0 / 1                 0 / 1                 0 / 1           ops/s
[50.274s][info][gc,stats    ]    Critical: Allocation Stall                                  0 / 0                 0 / 0                 0 / 0                 0 / 0           ops/s
[50.274s][info][gc,stats    ]    Critical: Allocation Stall                              0.000 / 0.000         0.000 / 0.000         0.000 / 0.000         0.000 / 0.000       ms
[50.274s][info][gc,stats    ]    Critical: GC Locker Stall                                   0 / 0                 0 / 0                 0 / 0                 0 / 0           ops/s
[50.274s][info][gc,stats    ]    Critical: GC Locker Stall                               0.000 / 0.000         0.000 / 0.000         0.000 / 0.000         0.000 / 0.000       ms
[50.274s][info][gc,stats    ]    Critical: Relocation Stall                                  0 / 0                 0 / 0                 0 / 0                 0 / 0           ops/s
[50.274s][info][gc,stats    ]    Critical: Relocation Stall                              0.000 / 0.000         0.000 / 0.000         0.000 / 0.000         0.000 / 0.000       ms
[50.274s][info][gc,stats    ]      Memory: Allocation Rate                                2398 / 2888           2071 / 2998           2071 / 2998           2071 / 2998        MB/s
[50.274s][info][gc,stats    ]      Memory: Out Of Memory                                     0 / 0                 0 / 0                 0 / 0                 0 / 0           ops/s
[50.274s][info][gc,stats    ]      Memory: Page Cache Flush                                  0 / 0                 0 / 0                 0 / 0                 0 / 0           MB/s
[50.274s][info][gc,stats    ]      Memory: Page Cache Hit L1                              1164 / 1429            928 / 1484            928 / 1484            928 / 1484        ops/s
[50.274s][info][gc,stats    ]      Memory: Page Cache Hit L2                                 0 / 0                 0 / 0                 0 / 0                 0 / 0           ops/s
[50.274s][info][gc,stats    ]      Memory: Page Cache Hit L3                                 0 / 1                74 / 612              74 / 612              74 / 612         ops/s
[50.274s][info][gc,stats    ]      Memory: Page Cache Miss                                   0 / 0                 0 / 1                 0 / 1                 0 / 1           ops/s
[50.274s][info][gc,stats    ]      Memory: Uncommit                                          0 / 0                 0 / 0                 0 / 0                 0 / 0           MB/s
[50.274s][info][gc,stats    ]      Memory: Undo Object Allocation Failed                     0 / 8                 1 / 11                1 / 11                1 / 11          ops/s
[50.274s][info][gc,stats    ]      Memory: Undo Object Allocation Succeeded                  0 / 5                 0 / 10                0 / 10                0 / 10          ops/s
[50.274s][info][gc,stats    ]      Memory: Undo Page Allocation                              0 / 3                 0 / 4                 0 / 4                 0 / 4           ops/s
[50.274s][info][gc,stats    ]       Phase: Concurrent Mark                              22.359 / 33.833       26.249 / 58.937       26.249 / 58.937       26.249 / 58.937      ms
[50.274s][info][gc,stats    ]       Phase: Concurrent Mark Continue                      0.000 / 0.000         0.000 / 0.000         0.000 / 0.000         0.000 / 0.000       ms
[50.274s][info][gc,stats    ]       Phase: Concurrent Mark Free                          0.002 / 0.003         0.002 / 0.004         0.002 / 0.004         0.002 / 0.004       ms
[50.274s][info][gc,stats    ]       Phase: Concurrent Process Non-Strong References      2.587 / 3.263         3.623 / 12.149        3.623 / 12.149        3.623 / 12.149      ms
[50.274s][info][gc,stats    ]       Phase: Concurrent Relocate                           2.706 / 4.578         3.455 / 10.174        3.455 / 10.174        3.455 / 10.174      ms
[50.274s][info][gc,stats    ]       Phase: Concurrent Reset Relocation Set               0.003 / 0.004         0.003 / 0.006         0.003 / 0.006         0.003 / 0.006       ms
[50.274s][info][gc,stats    ]       Phase: Concurrent Select Relocation Set              2.264 / 3.076         2.397 / 4.417         2.397 / 4.417         2.397 / 4.417       ms
[50.274s][info][gc,stats    ]       Phase: Pause Mark End                                0.020 / 0.028         0.024 / 0.054         0.024 / 0.054         0.024 / 0.054       ms
[50.274s][info][gc,stats    ]       Phase: Pause Mark Start                              0.014 / 0.025         0.011 / 0.025         0.011 / 0.025         0.011 / 0.025       ms
[50.274s][info][gc,stats    ]       Phase: Pause Relocate Start                          0.013 / 0.026         0.012 / 0.028         0.012 / 0.028         0.012 / 0.028       ms
[50.274s][info][gc,stats    ]    Subphase: Concurrent Classes Purge                      0.088 / 0.105         0.090 / 0.153         0.090 / 0.153         0.090 / 0.153       ms
[50.274s][info][gc,stats    ]    Subphase: Concurrent Classes Unlink                     1.572 / 2.422         1.404 / 2.425         1.404 / 2.425         1.404 / 2.425       ms
[50.274s][info][gc,stats    ]    Subphase: Concurrent Mark                              16.515 / 32.810       19.083 / 58.013       19.083 / 58.013       19.083 / 58.013      ms
[50.275s][info][gc,stats    ]    Subphase: Concurrent Mark Try Flush                     0.742 / 4.284         1.317 / 15.825        1.317 / 15.825        1.317 / 15.825      ms
[50.275s][info][gc,stats    ]    Subphase: Concurrent Mark Try Terminate                 3.443 / 16.410        4.521 / 16.410        4.521 / 16.410        4.521 / 16.410      ms
[50.275s][info][gc,stats    ]    Subphase: Concurrent References Enqueue                 0.004 / 0.006         0.005 / 0.007         0.005 / 0.007         0.005 / 0.007       ms
[50.275s][info][gc,stats    ]    Subphase: Concurrent References Process                 0.130 / 0.166         0.104 / 0.166         0.104 / 0.166         0.104 / 0.166       ms
[50.275s][info][gc,stats    ]    Subphase: Concurrent Roots ClassLoaderDataGraph         0.074 / 0.194         0.095 / 0.360         0.095 / 0.360         0.095 / 0.360       ms
[50.275s][info][gc,stats    ]    Subphase: Concurrent Roots CodeCache                    0.000 / 0.000         0.000 / 0.000         0.000 / 0.000         0.000 / 0.000       ms
[50.275s][info][gc,stats    ]    Subphase: Concurrent Roots JavaThreads                  0.379 / 0.774         0.475 / 1.320         0.475 / 1.320         0.475 / 1.320       ms
[50.275s][info][gc,stats    ]    Subphase: Concurrent Roots OopStorageSet                0.017 / 0.029         0.027 / 0.055         0.027 / 0.055         0.027 / 0.055       ms
[50.275s][info][gc,stats    ]    Subphase: Concurrent Weak Roots OopStorageSet           0.273 / 0.442         0.251 / 0.446         0.251 / 0.446         0.251 / 0.446       ms
[50.275s][info][gc,stats    ]    Subphase: Pause Mark Try Complete                       0.000 / 0.000         0.000 / 0.000         0.000 / 0.000         0.000 / 0.000       ms
[50.275s][info][gc,stats    ]      System: Java Threads                                     19 / 24               18 / 24               18 / 24               18 / 24          threads
[50.275s][info][gc,stats    ] =========================================================================================================================================================
[51.383s][info][gc,start    ] GC(21) Garbage Collection (Proactive)
[51.383s][info][gc,task     ] GC(21) Using 2 workers
[51.383s][info][gc,phases   ] GC(21) Pause Mark Start 0.008ms
[51.399s][info][gc,phases   ] GC(21) Concurrent Mark 15.412ms
[51.399s][info][gc,phases   ] GC(21) Pause Mark End 0.013ms
[51.414s][info][gc,phases   ] GC(21) Concurrent Mark Free 0.003ms
[51.430s][info][gc,phases   ] GC(21) Concurrent Process Non-Strong References 15.860ms
[51.430s][info][gc,phases   ] GC(21) Concurrent Reset Relocation Set 0.006ms
[51.434s][info][gc,phases   ] GC(21) Concurrent Select Relocation Set 3.054ms
[51.434s][info][gc,phases   ] GC(21) Pause Relocate Start 0.020ms
[51.453s][info][gc,phases   ] GC(21) Concurrent Relocate 5.646ms
[51.453s][info][gc,load     ] GC(21) Load: 0.00/0.00/0.00
[51.453s][info][gc,mmu      ] GC(21) MMU: 2ms/97.3%, 5ms/98.9%, 10ms/99.4%, 20ms/99.6%, 50ms/99.9%, 100ms/99.9%
[51.453s][info][gc,marking  ] GC(21) Mark: 2 stripe(s), 2 proactive flush(es), 1 terminate flush(es), 0 completion(s), 0 continuation(s) 
[51.453s][info][gc,marking  ] GC(21) Mark Stack Usage: 32M
[51.453s][info][gc,nmethod  ] GC(21) NMethods: 1641 registered, 0 unregistered
[51.453s][info][gc,metaspace] GC(21) Metaspace: 6M used, 6M committed, 1088M reserved
[51.453s][info][gc,ref      ] GC(21) Soft: 353 encountered, 0 discovered, 0 enqueued
[51.453s][info][gc,ref      ] GC(21) Weak: 772 encountered, 63 discovered, 0 enqueued
[51.453s][info][gc,ref      ] GC(21) Final: 5 encountered, 1 discovered, 0 enqueued
[51.453s][info][gc,ref      ] GC(21) Phantom: 25 encountered, 19 discovered, 6 enqueued
[51.453s][info][gc,reloc    ] GC(21) Small Pages: 2146 / 4292M, Empty: 4230M, Relocated: 5M, In-Place: 0
[51.453s][info][gc,reloc    ] GC(21) Medium Pages: 4 / 128M, Empty: 32M, Relocated: 15M, In-Place: 0
[51.453s][info][gc,reloc    ] GC(21) Large Pages: 1 / 130M, Empty: 0M, Relocated: 0M, In-Place: 0
[51.453s][info][gc,reloc    ] GC(21) Forwarding Usage: 1M
[51.453s][info][gc,heap     ] GC(21) Min Capacity: 8192M(100%)
[51.453s][info][gc,heap     ] GC(21) Max Capacity: 8192M(100%)
[51.454s][info][gc,heap     ] GC(21) Soft Max Capacity: 8192M(100%)
[51.454s][info][gc,heap     ] GC(21)                Mark Start          Mark End        Relocate Start      Relocate End           High               Low         
[51.454s][info][gc,heap     ] GC(21)  Capacity:     8192M (100%)       8192M (100%)       8192M (100%)       8192M (100%)       8192M (100%)       8192M (100%)   
[51.454s][info][gc,heap     ] GC(21)      Free:     3642M (44%)        3630M (44%)        7748M (95%)        7720M (94%)        7752M (95%)        3496M (43%)    
[51.454s][info][gc,heap     ] GC(21)      Used:     4550M (56%)        4562M (56%)         444M (5%)          472M (6%)         4696M (57%)         440M (5%)     
[51.454s][info][gc,heap     ] GC(21)      Live:         -               170M (2%)          170M (2%)          170M (2%)             -                  -          
[51.454s][info][gc,heap     ] GC(21) Allocated:         -                12M (0%)          156M (2%)          268M (3%)             -                  -          
[51.454s][info][gc,heap     ] GC(21)   Garbage:         -              4379M (53%)         117M (1%)           33M (0%)             -                  -          
[51.454s][info][gc,heap     ] GC(21) Reclaimed:         -                  -              4262M (52%)        4346M (53%)            -                  -          
[51.454s][info][gc          ] GC(21) Garbage Collection (Proactive) 4550M(56%)->472M(6%)
[54.098s][info][gc,heap,exit] Heap
[54.098s][info][gc,heap,exit]  ZHeap           used 6878M, capacity 8192M, max capacity 8192M
[54.098s][info][gc,heap,exit]  Metaspace       used 6243K, committed 6464K, reserved 1114112K
[54.098s][info][gc,heap,exit]   class space    used 648K, committed 768K, reserved 1048576K
