[0.014s][info][gc] Using Parallel
[0.015s][info][gc,heap,coops] Heap address: 0x0000000080000000, size: 2048 MB, Compressed Oops mode: 32-bit
[1.328s][info][gc,start     ] GC(0) Pause Young (Metadata GC Threshold)
[1.332s][info][gc,heap      ] GC(0) PSYoungGen: 63082K->5071K(611840K)
[1.332s][info][gc,heap      ] GC(0) PSOldGen: 0K->16K(1398272K)
[1.332s][info][gc,metaspace ] GC(0) Metaspace: 20736K(21296K)->20736K(21296K) NonClass: 18276K(18608K)->18276K(18608K) Class: 2460K(2688K)->2460K(2688K)
[1.332s][info][gc           ] GC(0) Pause Young (Metadata GC Threshold) 61M->4M(1963M) 4.303ms
[1.333s][info][gc,cpu       ] GC(0) User=0.00s Sys=0.00s Real=0.00s
[1.335s][info][gc,start     ] GC(1) Pause Full (Metadata GC Threshold)
[1.335s][info][gc,phases,start] GC(1) Phase 1: Mark live objects
[1.340s][info][gc,phases      ] GC(1) Phase 1: Mark live objects 4.895ms
[1.340s][info][gc,phases,start] GC(1) Phase 2: Compute new object addresses
[1.341s][info][gc,phases      ] GC(1) Phase 2: Compute new object addresses 1.005ms
[1.341s][info][gc,phases,start] GC(1) Phase 3: Adjust pointers
[1.344s][info][gc,phases      ] GC(1) Phase 3: Adjust pointers 2.557ms
[1.344s][info][gc,phases,start] GC(1) Phase 4: Move objects
[1.345s][info][gc,phases      ] GC(1) Phase 4: Move objects 1.739ms
[1.346s][info][gc,heap        ] GC(1) PSYoungGen: 5071K->0K(611840K)
[1.346s][info][gc,heap        ] GC(1) PSOldGen: 16K->4979K(1398272K)
[1.346s][info][gc,metaspace   ] GC(1) Metaspace: 20736K(21296K)->20736K(21296K) NonClass: 18276K(18608K)->18276K(18608K) Class: 2460K(2688K)->2460K(2688K)
[1.346s][info][gc             ] GC(1) Pause Full (Metadata GC Threshold) 4M->4M(1963M) 10.963ms
[1.346s][info][gc,cpu         ] GC(1) User=0.00s Sys=0.02s Real=0.00s
[1.417s][info][gc,start       ] GC(2) Pause Young (System.gc())
[1.417s][info][gc,heap        ] GC(2) PSYoungGen: 20992K->452K(611840K)
[1.417s][info][gc,heap        ] GC(2) PSOldGen: 4979K->4987K(1398272K)
[1.417s][info][gc,metaspace   ] GC(2) Metaspace: 21102K(21936K)->21102K(21936K) NonClass: 18578K(19120K)->18578K(19120K) Class: 2523K(2816K)->2523K(2816K)
[1.417s][info][gc             ] GC(2) Pause Young (System.gc()) 25M->5M(1963M) 0.593ms
[1.417s][info][gc,cpu         ] GC(2) User=0.00s Sys=0.00s Real=0.00s
[1.417s][info][gc,start       ] GC(3) Pause Full (System.gc())
[1.417s][info][gc,phases,start] GC(3) Phase 1: Mark live objects
[1.422s][info][gc,phases      ] GC(3) Phase 1: Mark live objects 5.047ms
[1.422s][info][gc,phases,start] GC(3) Phase 2: Compute new object addresses
[1.424s][info][gc,phases      ] GC(3) Phase 2: Compute new object addresses 1.090ms
[1.424s][info][gc,phases,start] GC(3) Phase 3: Adjust pointers
[1.426s][info][gc,phases      ] GC(3) Phase 3: Adjust pointers 2.851ms
[1.426s][info][gc,phases,start] GC(3) Phase 4: Move objects
[1.427s][info][gc,phases      ] GC(3) Phase 4: Move objects 0.133ms
[1.427s][info][gc,heap        ] GC(3) PSYoungGen: 452K->0K(611840K)
[1.427s][info][gc,heap        ] GC(3) PSOldGen: 4987K->5359K(1398272K)
[1.427s][info][gc,metaspace   ] GC(3) Metaspace: 21102K(21936K)->21102K(21936K) NonClass: 18578K(19120K)->18578K(19120K) Class: 2523K(2816K)->2523K(2816K)
[1.427s][info][gc             ] GC(3) Pause Full (System.gc()) 5M->5M(1963M) 9.585ms
[1.427s][info][gc,cpu         ] GC(3) User=0.00s Sys=0.00s Real=0.01s
[2.318s][info][gc,start       ] GC(4) Pause Young (Allocation Failure)
[2.384s][info][gc,heap        ] GC(4) PSYoungGen: 524800K->84832K(611840K)
[2.384s][info][gc,heap        ] GC(4) PSOldGen: 5359K->5367K(1398272K)
[2.384s][info][gc,metaspace   ] GC(4) Metaspace: 29217K(30000K)->29217K(30000K) NonClass: 25640K(26032K)->25640K(26032K) Class: 3577K(3968K)->3577K(3968K)
[2.384s][info][gc             ] GC(4) Pause Young (Allocation Failure) 517M->88M(1963M) 65.770ms
[2.384s][info][gc,cpu         ] GC(4) User=0.31s Sys=0.09s Real=0.07s
[3.177s][info][gc,start       ] GC(5) Pause Young (Allocation Failure)
[3.272s][info][gc,heap        ] GC(5) PSYoungGen: 609632K->87008K(611840K)
[3.272s][info][gc,heap        ] GC(5) PSOldGen: 5367K->28839K(1398272K)
[3.272s][info][gc,metaspace   ] GC(5) Metaspace: 29494K(30512K)->29494K(30512K) NonClass: 25880K(26544K)->25880K(26544K) Class: 3613K(3968K)->3613K(3968K)
[3.272s][info][gc             ] GC(5) Pause Young (Allocation Failure) 600M->113M(1963M) 94.676ms
[3.272s][info][gc,cpu         ] GC(5) User=0.47s Sys=0.03s Real=0.09s
[3.783s][info][gc,start       ] GC(6) Pause Young (Allocation Failure)
[3.891s][info][gc,heap        ] GC(6) PSYoungGen: 611808K->87009K(611840K)
[3.891s][info][gc,heap        ] GC(6) PSOldGen: 28839K->96507K(1398272K)
[3.891s][info][gc,metaspace   ] GC(6) Metaspace: 30093K(31280K)->30093K(31280K) NonClass: 26377K(27056K)->26377K(27056K) Class: 3715K(4224K)->3715K(4224K)
[3.891s][info][gc             ] GC(6) Pause Young (Allocation Failure) 625M->179M(1963M) 108.062ms
[3.891s][info][gc,cpu         ] GC(6) User=0.61s Sys=0.05s Real=0.11s
[4.387s][info][gc,start       ] GC(7) Pause Young (Allocation Failure)
[4.482s][info][gc,heap        ] GC(7) PSYoungGen: 611809K->87009K(380416K)
[4.482s][info][gc,heap        ] GC(7) PSOldGen: 96507K->133931K(1398272K)
[4.482s][info][gc,metaspace   ] GC(7) Metaspace: 30096K(31280K)->30096K(31280K) NonClass: 26380K(27056K)->26380K(27056K) Class: 3715K(4224K)->3715K(4224K)
[4.483s][info][gc             ] GC(7) Pause Young (Allocation Failure) 691M->215M(1737M) 95.031ms
[4.483s][info][gc,cpu         ] GC(7) User=0.56s Sys=0.00s Real=0.11s
[5.064s][info][gc,start       ] GC(8) Pause Young (Allocation Failure)
[5.146s][info][gc,heap        ] GC(8) PSYoungGen: 380385K->115233K(409088K)
[5.146s][info][gc,heap        ] GC(8) PSOldGen: 133931K->133939K(1398272K)
[5.146s][info][gc,metaspace   ] GC(8) Metaspace: 30421K(31280K)->30421K(31280K) NonClass: 26650K(27056K)->26650K(27056K) Class: 3771K(4224K)->3771K(4224K)
[5.146s][info][gc             ] GC(8) Pause Young (Allocation Failure) 502M->243M(1765M) 82.247ms
[5.146s][info][gc,cpu         ] GC(8) User=0.45s Sys=0.02s Real=0.08s
[5.239s][info][gc,start       ] GC(9) Pause Young (Allocation Failure)
[5.322s][info][gc,heap        ] GC(9) PSYoungGen: 408609K->141728K(474112K)
[5.322s][info][gc,heap        ] GC(9) PSOldGen: 133939K->147363K(1398272K)
[5.322s][info][gc,metaspace   ] GC(9) Metaspace: 30421K(31280K)->30421K(31280K) NonClass: 26650K(27056K)->26650K(27056K) Class: 3771K(4224K)->3771K(4224K)
[5.322s][info][gc             ] GC(9) Pause Young (Allocation Failure) 529M->282M(1828M) 82.971ms
[5.322s][info][gc,cpu         ] GC(9) User=0.48s Sys=0.02s Real=0.08s
[5.402s][info][gc,start       ] GC(10) Pause Young (Allocation Failure)
[5.483s][info][gc,heap        ] GC(10) PSYoungGen: 412576K->143008K(414208K)
[5.483s][info][gc,heap        ] GC(10) PSOldGen: 147363K->176443K(1398272K)
[5.483s][info][gc,metaspace   ] GC(10) Metaspace: 30422K(31280K)->30422K(31280K) NonClass: 26650K(27056K)->26650K(27056K) Class: 3771K(4224K)->3771K(4224K)
[5.483s][info][gc             ] GC(10) Pause Young (Allocation Failure) 546M->311M(1770M) 81.501ms
[5.483s][info][gc,cpu         ] GC(10) User=0.47s Sys=0.00s Real=0.08s
[5.549s][info][gc,start       ] GC(11) Pause Young (Allocation Failure)
[5.633s][info][gc,heap        ] GC(11) PSYoungGen: 413856K->115488K(482816K)
[5.633s][info][gc,heap        ] GC(11) PSOldGen: 176443K->233060K(1398272K)
[5.633s][info][gc,metaspace   ] GC(11) Metaspace: 30422K(31280K)->30422K(31280K) NonClass: 26650K(27056K)->26650K(27056K) Class: 3771K(4224K)->3771K(4224K)
[5.633s][info][gc             ] GC(11) Pause Young (Allocation Failure) 576M->340M(1837M) 84.380ms
[5.633s][info][gc,cpu         ] GC(11) User=0.53s Sys=0.02s Real=0.09s
[6.018s][info][gc,start       ] GC(12) Pause Young (Allocation Failure)
[6.080s][info][gc,heap        ] GC(12) PSYoungGen: 376608K->49952K(477184K)
[6.080s][info][gc,heap        ] GC(12) PSOldGen: 233060K->271588K(1398272K)
[6.080s][info][gc,metaspace   ] GC(12) Metaspace: 30422K(31280K)->30422K(31280K) NonClass: 26651K(27056K)->26651K(27056K) Class: 3771K(4224K)->3771K(4224K)
[6.080s][info][gc             ] GC(12) Pause Young (Allocation Failure) 595M->314M(1831M) 61.947ms
[6.080s][info][gc,cpu         ] GC(12) User=0.36s Sys=0.02s Real=0.08s
[6.332s][info][gc,start       ] GC(13) Pause Young (Allocation Failure)
[6.377s][info][gc,heap        ] GC(13) PSYoungGen: 311072K->41536K(489472K)
[6.377s][info][gc,heap        ] GC(13) PSOldGen: 271588K->307180K(1398272K)
[6.377s][info][gc,metaspace   ] GC(13) Metaspace: 30445K(31536K)->30445K(31536K) NonClass: 26674K(27312K)->26674K(27312K) Class: 3771K(4224K)->3771K(4224K)
[6.377s][info][gc             ] GC(13) Pause Young (Allocation Failure) 569M->340M(1843M) 45.091ms
[6.377s][info][gc,cpu         ] GC(13) User=0.27s Sys=0.02s Real=0.06s
[6.470s][info][gc,start       ] GC(14) Pause Young (Allocation Failure)
[6.515s][info][gc,heap        ] GC(14) PSYoungGen: 318528K->52096K(486400K)
[6.515s][info][gc,heap        ] GC(14) PSOldGen: 307180K->333796K(1398272K)
[6.515s][info][gc,metaspace   ] GC(14) Metaspace: 30445K(31536K)->30445K(31536K) NonClass: 26674K(27312K)->26674K(27312K) Class: 3771K(4224K)->3771K(4224K)
[6.515s][info][gc             ] GC(14) Pause Young (Allocation Failure) 611M->376M(1840M) 45.056ms
[6.515s][info][gc,cpu         ] GC(14) User=0.22s Sys=0.05s Real=0.05s
[6.589s][info][gc,start       ] GC(15) Pause Young (Allocation Failure)
[6.636s][info][gc,heap        ] GC(15) PSYoungGen: 329088K->40448K(499200K)
[6.636s][info][gc,heap        ] GC(15) PSOldGen: 333796K->376188K(1398272K)
[6.636s][info][gc,metaspace   ] GC(15) Metaspace: 30446K(31536K)->30446K(31536K) NonClass: 26675K(27312K)->26675K(27312K) Class: 3771K(4224K)->3771K(4224K)
[6.636s][info][gc             ] GC(15) Pause Young (Allocation Failure) 647M->406M(1853M) 46.444ms
[6.636s][info][gc,cpu         ] GC(15) User=0.28s Sys=0.00s Real=0.05s
[6.712s][info][gc,start       ] GC(16) Pause Young (Allocation Failure)
[6.767s][info][gc,heap        ] GC(16) PSYoungGen: 335872K->42240K(495104K)
[6.767s][info][gc,heap        ] GC(16) PSOldGen: 376188K->414540K(1398272K)
[6.767s][info][gc,metaspace   ] GC(16) Metaspace: 30446K(31536K)->30446K(31536K) NonClass: 26675K(27312K)->26675K(27312K) Class: 3771K(4224K)->3771K(4224K)
[6.767s][info][gc             ] GC(16) Pause Young (Allocation Failure) 695M->446M(1849M) 55.058ms
[6.767s][info][gc,cpu         ] GC(16) User=0.27s Sys=0.02s Real=0.06s
[7.142s][info][gc,start       ] GC(17) Pause Young (Allocation Failure)
[7.188s][info][gc,heap        ] GC(17) PSYoungGen: 337664K->27744K(507904K)
[7.188s][info][gc,heap        ] GC(17) PSOldGen: 414540K->432404K(1398272K)
[7.188s][info][gc,metaspace   ] GC(17) Metaspace: 30458K(31536K)->30458K(31536K) NonClass: 26687K(27312K)->26687K(27312K) Class: 3771K(4224K)->3771K(4224K)
[7.188s][info][gc             ] GC(17) Pause Young (Allocation Failure) 734M->449M(1861M) 46.624ms
[7.188s][info][gc,cpu         ] GC(17) User=0.28s Sys=0.00s Real=0.05s
[7.354s][info][gc,start       ] GC(18) Pause Young (Allocation Failure)
[7.401s][info][gc,heap        ] GC(18) PSYoungGen: 341600K->52768K(504832K)
[7.401s][info][gc,heap        ] GC(18) PSOldGen: 432404K->458548K(1398272K)
[7.401s][info][gc,metaspace   ] GC(18) Metaspace: 30480K(31536K)->30480K(31536K) NonClass: 26709K(27312K)->26709K(27312K) Class: 3771K(4224K)->3771K(4224K)
[7.401s][info][gc             ] GC(18) Pause Young (Allocation Failure) 755M->499M(1858M) 47.194ms
[7.401s][info][gc,cpu         ] GC(18) User=0.25s Sys=0.02s Real=0.06s
[7.499s][info][gc,start       ] GC(19) Pause Young (Allocation Failure)
[7.557s][info][gc,heap        ] GC(19) PSYoungGen: 366624K->60960K(526336K)
[7.557s][info][gc,heap        ] GC(19) PSOldGen: 458548K->494309K(1398272K)
[7.557s][info][gc,metaspace   ] GC(19) Metaspace: 30480K(31536K)->30480K(31536K) NonClass: 26709K(27312K)->26709K(27312K) Class: 3771K(4224K)->3771K(4224K)
[7.557s][info][gc             ] GC(19) Pause Young (Allocation Failure) 805M->542M(1879M) 57.817ms
[7.557s][info][gc,cpu         ] GC(19) User=0.33s Sys=0.05s Real=0.06s
[7.648s][info][gc,start       ] GC(20) Pause Young (Allocation Failure)
[7.718s][info][gc,heap        ] GC(20) PSYoungGen: 405024K->48736K(516608K)
[7.718s][info][gc,heap        ] GC(20) PSOldGen: 494309K->546669K(1398272K)
[7.718s][info][gc,metaspace   ] GC(20) Metaspace: 30480K(31536K)->30480K(31536K) NonClass: 26709K(27312K)->26709K(27312K) Class: 3771K(4224K)->3771K(4224K)
[7.718s][info][gc             ] GC(20) Pause Young (Allocation Failure) 878M->581M(1870M) 70.474ms
[7.718s][info][gc,cpu         ] GC(20) User=0.45s Sys=0.02s Real=0.07s
[8.129s][info][gc,start       ] GC(21) Pause Young (Allocation Failure)
[8.180s][info][gc,heap        ] GC(21) PSYoungGen: 392800K->35168K(537600K)
[8.180s][info][gc,heap        ] GC(21) PSOldGen: 546669K->572597K(1398272K)
[8.180s][info][gc,metaspace   ] GC(21) Metaspace: 30480K(31536K)->30480K(31536K) NonClass: 26709K(27312K)->26709K(27312K) Class: 3771K(4224K)->3771K(4224K)
[8.180s][info][gc             ] GC(21) Pause Young (Allocation Failure) 917M->593M(1890M) 51.118ms
[8.180s][info][gc,cpu         ] GC(21) User=0.27s Sys=0.00s Real=0.06s
[8.472s][info][gc,start       ] GC(22) Pause Young (Allocation Failure)
[8.521s][info][gc,heap        ] GC(22) PSYoungGen: 406880K->56672K(532992K)
[8.521s][info][gc,heap        ] GC(22) PSOldGen: 572597K->596197K(1398272K)
[8.521s][info][gc,metaspace   ] GC(22) Metaspace: 30512K(31536K)->30512K(31536K) NonClass: 26740K(27312K)->26740K(27312K) Class: 3771K(4224K)->3771K(4224K)
[8.521s][info][gc             ] GC(22) Pause Young (Allocation Failure) 956M->637M(1886M) 48.664ms
[8.521s][info][gc,cpu         ] GC(22) User=0.25s Sys=0.00s Real=0.05s
[8.624s][info][gc,start       ] GC(23) Pause Young (Allocation Failure)
[8.678s][info][gc,heap        ] GC(23) PSYoungGen: 428384K->56928K(553984K)
[8.678s][info][gc,heap        ] GC(23) PSOldGen: 596197K->638709K(1398272K)
[8.678s][info][gc,metaspace   ] GC(23) Metaspace: 30512K(31536K)->30512K(31536K) NonClass: 26740K(27312K)->26740K(27312K) Class: 3771K(4224K)->3771K(4224K)
[8.678s][info][gc             ] GC(23) Pause Young (Allocation Failure) 1000M->679M(1906M) 53.503ms
[8.678s][info][gc,cpu         ] GC(23) User=0.27s Sys=0.00s Real=0.05s
[8.781s][info][gc,start       ] GC(24) Pause Young (Allocation Failure)
[8.841s][info][gc,heap        ] GC(24) PSYoungGen: 458336K->55072K(546304K)
[8.841s][info][gc,heap        ] GC(24) PSOldGen: 638709K->686245K(1398272K)
[8.841s][info][gc,metaspace   ] GC(24) Metaspace: 30512K(31536K)->30512K(31536K) NonClass: 26741K(27312K)->26741K(27312K) Class: 3771K(4224K)->3771K(4224K)
[8.841s][info][gc             ] GC(24) Pause Young (Allocation Failure) 1071M->723M(1899M) 60.080ms
[8.841s][info][gc,cpu         ] GC(24) User=0.38s Sys=0.00s Real=0.06s
[9.377s][info][gc,start       ] GC(25) Pause Young (Allocation Failure)
[9.429s][info][gc,heap        ] GC(25) PSYoungGen: 456480K->42976K(565248K)
[9.429s][info][gc,heap        ] GC(25) PSOldGen: 686245K->709541K(1398272K)
[9.429s][info][gc,metaspace   ] GC(25) Metaspace: 30538K(31536K)->30538K(31536K) NonClass: 26767K(27312K)->26767K(27312K) Class: 3771K(4224K)->3771K(4224K)
[9.429s][info][gc             ] GC(25) Pause Young (Allocation Failure) 1115M->734M(1917M) 52.016ms
[9.429s][info][gc,cpu         ] GC(25) User=0.27s Sys=0.02s Real=0.05s
[9.546s][info][gc,start       ] GC(26) Pause Young (Allocation Failure)
[9.605s][info][gc,heap        ] GC(26) PSYoungGen: 470496K->57568K(561152K)
[9.605s][info][gc,heap        ] GC(26) PSOldGen: 709541K->747358K(1398272K)
[9.605s][info][gc,metaspace   ] GC(26) Metaspace: 30538K(31536K)->30538K(31536K) NonClass: 26767K(27312K)->26767K(27312K) Class: 3771K(4224K)->3771K(4224K)
[9.605s][info][gc             ] GC(26) Pause Young (Allocation Failure) 1152M->786M(1913M) 59.125ms
[9.605s][info][gc,cpu         ] GC(26) User=0.36s Sys=0.00s Real=0.06s
[9.719s][info][gc,start       ] GC(27) Pause Young (Allocation Failure)
[9.786s][info][gc,heap        ] GC(27) PSYoungGen: 485088K->63232K(577536K)
[9.786s][info][gc,heap        ] GC(27) PSOldGen: 747358K->790574K(1398272K)
[9.786s][info][gc,metaspace   ] GC(27) Metaspace: 30538K(31536K)->30538K(31536K) NonClass: 26767K(27312K)->26767K(27312K) Class: 3771K(4224K)->3771K(4224K)
[9.786s][info][gc             ] GC(27) Pause Young (Allocation Failure) 1203M->833M(1929M) 66.849ms
[9.786s][info][gc,cpu         ] GC(27) User=0.38s Sys=0.00s Real=0.07s
[10.211s][info][gc,start       ] GC(28) Pause Young (Allocation Failure)
[10.264s][info][gc,heap        ] GC(28) PSYoungGen: 514304K->45696K(572416K)
[10.265s][info][gc,heap        ] GC(28) PSOldGen: 790574K->817614K(1398272K)
[10.265s][info][gc,metaspace   ] GC(28) Metaspace: 30545K(31536K)->30545K(31536K) NonClass: 26774K(27312K)->26774K(27312K) Class: 3771K(4224K)->3771K(4224K)
[10.265s][info][gc             ] GC(28) Pause Young (Allocation Failure) 1274M->843M(1924M) 53.200ms
[10.265s][info][gc,cpu         ] GC(28) User=0.27s Sys=0.00s Real=0.06s
[10.538s][info][gc,start       ] GC(29) Pause Young (Allocation Failure)
[10.593s][info][gc,heap        ] GC(29) PSYoungGen: 496768K->62144K(585728K)
[10.593s][info][gc,heap        ] GC(29) PSOldGen: 817614K->848014K(1398272K)
[10.593s][info][gc,metaspace   ] GC(29) Metaspace: 30669K(31792K)->30669K(31792K) NonClass: 26889K(27568K)->26889K(27568K) Class: 3780K(4224K)->3780K(4224K)
[10.593s][info][gc             ] GC(29) Pause Young (Allocation Failure) 1283M->888M(1937M) 54.710ms
[10.593s][info][gc,cpu         ] GC(29) User=0.38s Sys=0.00s Real=0.06s
[10.716s][info][gc,start       ] GC(30) Pause Young (Allocation Failure)
[10.778s][info][gc,heap        ] GC(30) PSYoungGen: 530112K->68224K(581120K)
[10.778s][info][gc,heap        ] GC(30) PSOldGen: 848014K->896314K(1398272K)
[10.778s][info][gc,metaspace   ] GC(30) Metaspace: 30669K(31792K)->30669K(31792K) NonClass: 26889K(27568K)->26889K(27568K) Class: 3780K(4224K)->3780K(4224K)
[10.778s][info][gc             ] GC(30) Pause Young (Allocation Failure) 1345M->941M(1933M) 62.686ms
[10.778s][info][gc,cpu         ] GC(30) User=0.34s Sys=0.03s Real=0.06s
[11.091s][info][gc,start       ] GC(31) Pause Young (Allocation Failure)
[11.147s][info][gc,heap        ] GC(31) PSYoungGen: 536192K->54496K(591872K)
[11.147s][info][gc,heap        ] GC(31) PSOldGen: 896314K->926154K(1398272K)
[11.147s][info][gc,metaspace   ] GC(31) Metaspace: 30670K(31792K)->30670K(31792K) NonClass: 26890K(27568K)->26890K(27568K) Class: 3780K(4224K)->3780K(4224K)
[11.148s][info][gc             ] GC(31) Pause Young (Allocation Failure) 1398M->957M(1943M) 56.277ms
[11.148s][info][gc,cpu         ] GC(31) User=0.22s Sys=0.06s Real=0.07s
[11.513s][info][gc,start       ] GC(32) Pause Young (Allocation Failure)
[11.569s][info][gc,heap        ] GC(32) PSYoungGen: 535264K->61088K(587776K)
[11.569s][info][gc,heap        ] GC(32) PSOldGen: 926154K->958122K(1398272K)
[11.569s][info][gc,metaspace   ] GC(32) Metaspace: 30686K(31792K)->30686K(31792K) NonClass: 26906K(27568K)->26906K(27568K) Class: 3780K(4224K)->3780K(4224K)
[11.569s][info][gc             ] GC(32) Pause Young (Allocation Failure) 1427M->995M(1939M) 56.313ms
[11.569s][info][gc,cpu         ] GC(32) User=0.25s Sys=0.03s Real=0.06s
[11.696s][info][gc,start       ] GC(33) Pause Young (Allocation Failure)
[11.760s][info][gc,heap        ] GC(33) PSYoungGen: 541856K->69760K(596480K)
[11.760s][info][gc,heap        ] GC(33) PSOldGen: 958122K->1003674K(1398272K)
[11.760s][info][gc,metaspace   ] GC(33) Metaspace: 30686K(31792K)->30686K(31792K) NonClass: 26906K(27568K)->26906K(27568K) Class: 3780K(4224K)->3780K(4224K)
[11.760s][info][gc             ] GC(33) Pause Young (Allocation Failure) 1464M->1048M(1948M) 63.480ms
[11.760s][info][gc,cpu         ] GC(33) User=0.38s Sys=0.00s Real=0.06s
[12.090s][info][gc,start       ] GC(34) Pause Young (Allocation Failure)
[12.157s][info][gc,heap        ] GC(34) PSYoungGen: 563328K->56448K(595968K)
[12.157s][info][gc,heap        ] GC(34) PSOldGen: 1003674K->1037082K(1398272K)
[12.157s][info][gc,metaspace   ] GC(34) Metaspace: 30686K(31792K)->30686K(31792K) NonClass: 26906K(27568K)->26906K(27568K) Class: 3780K(4224K)->3780K(4224K)
[12.157s][info][gc             ] GC(34) Pause Young (Allocation Failure) 1530M->1067M(1947M) 67.527ms
[12.157s][info][gc,cpu         ] GC(34) User=0.33s Sys=0.05s Real=0.07s
[12.558s][info][gc,start       ] GC(35) Pause Young (Allocation Failure)
[12.617s][info][gc,heap        ] GC(35) PSYoungGen: 550016K->63680K(602624K)
[12.617s][info][gc,heap        ] GC(35) PSOldGen: 1037082K->1068738K(1398272K)
[12.617s][info][gc,metaspace   ] GC(35) Metaspace: 30708K(31792K)->30708K(31792K) NonClass: 26928K(27568K)->26928K(27568K) Class: 3780K(4224K)->3780K(4224K)
[12.617s][info][gc             ] GC(35) Pause Young (Allocation Failure) 1549M->1105M(1954M) 58.602ms
[12.617s][info][gc,cpu         ] GC(35) User=0.23s Sys=0.05s Real=0.06s
[12.748s][info][gc,start       ] GC(36) Pause Young (Allocation Failure)
[12.815s][info][gc,heap        ] GC(36) PSYoungGen: 567488K->71424K(600064K)
[12.815s][info][gc,heap        ] GC(36) PSOldGen: 1068738K->1118459K(1398272K)
[12.815s][info][gc,metaspace   ] GC(36) Metaspace: 30709K(31792K)->30709K(31792K) NonClass: 26929K(27568K)->26929K(27568K) Class: 3780K(4224K)->3780K(4224K)
[12.815s][info][gc             ] GC(36) Pause Young (Allocation Failure) 1597M->1161M(1951M) 66.728ms
[12.815s][info][gc,cpu         ] GC(36) User=0.38s Sys=0.00s Real=0.07s
[13.206s][info][gc,start       ] GC(37) Pause Young (Allocation Failure)
[13.268s][info][gc,heap        ] GC(37) PSYoungGen: 575232K->52384K(604160K)
[13.268s][info][gc,heap        ] GC(37) PSOldGen: 1118459K->1153987K(1398272K)
[13.268s][info][gc,metaspace   ] GC(37) Metaspace: 30722K(31792K)->30722K(31792K) NonClass: 26939K(27568K)->26939K(27568K) Class: 3782K(4224K)->3782K(4224K)
[13.268s][info][gc             ] GC(37) Pause Young (Allocation Failure) 1653M->1178M(1955M) 62.009ms
[13.268s][info][gc,cpu         ] GC(37) User=0.34s Sys=0.00s Real=0.06s
[13.532s][info][gc,start       ] GC(38) Pause Young (System.gc())
[13.571s][info][gc,heap        ] GC(38) PSYoungGen: 105864K->8800K(515072K)
[13.571s][info][gc,heap        ] GC(38) PSOldGen: 1153987K->1185907K(1398272K)
[13.571s][info][gc,metaspace   ] GC(38) Metaspace: 30746K(31792K)->30746K(31792K) NonClass: 26960K(27568K)->26960K(27568K) Class: 3785K(4224K)->3785K(4224K)
[13.571s][info][gc             ] GC(38) Pause Young (System.gc()) 1230M->1166M(1868M) 39.191ms
[13.571s][info][gc,cpu         ] GC(38) User=0.27s Sys=0.02s Real=0.05s
[13.571s][info][gc,start       ] GC(39) Pause Full (System.gc())
[13.572s][info][gc,phases,start] GC(39) Phase 1: Mark live objects
[13.721s][info][gc,phases      ] GC(39) Phase 1: Mark live objects 149.383ms
[13.721s][info][gc,phases,start] GC(39) Phase 2: Compute new object addresses
[13.889s][info][gc,phases      ] GC(39) Phase 2: Compute new object addresses 168.062ms
[13.889s][info][gc,phases,start] GC(39) Phase 3: Adjust pointers
[13.969s][info][gc,phases      ] GC(39) Phase 3: Adjust pointers 79.895ms
[13.969s][info][gc,phases,start] GC(39) Phase 4: Move objects
[13.993s][info][gc,phases      ] GC(39) Phase 4: Move objects 23.601ms
[13.993s][info][gc,heap        ] GC(39) PSYoungGen: 8800K->0K(515072K)
[13.993s][info][gc,heap        ] GC(39) PSOldGen: 1185907K->127583K(1398272K)
[13.993s][info][gc,metaspace   ] GC(39) Metaspace: 30746K(31792K)->30710K(31792K) NonClass: 26960K(27568K)->26942K(27568K) Class: 3785K(4224K)->3768K(4224K)
[13.993s][info][gc             ] GC(39) Pause Full (System.gc()) 1166M->124M(1868M) 421.750ms
[13.993s][info][gc,cpu         ] GC(39) User=0.38s Sys=0.03s Real=0.41s
[14.243s][info][gc,start       ] GC(40) Pause Young (Allocation Failure)
[14.287s][info][gc,heap        ] GC(40) PSYoungGen: 505856K->79232K(590336K)
[14.287s][info][gc,heap        ] GC(40) PSOldGen: 127583K->127591K(1398272K)
[14.287s][info][gc,metaspace   ] GC(40) Metaspace: 30729K(31792K)->30729K(31792K) NonClass: 26961K(27568K)->26961K(27568K) Class: 3768K(4224K)->3768K(4224K)
[14.287s][info][gc             ] GC(40) Pause Young (Allocation Failure) 618M->201M(1942M) 44.114ms
[14.287s][info][gc,cpu         ] GC(40) User=0.11s Sys=0.02s Real=0.04s
[14.426s][info][gc,start       ] GC(41) Pause Young (Allocation Failure)
[14.513s][info][gc,heap        ] GC(41) PSYoungGen: 569216K->73824K(564224K)
[14.513s][info][gc,heap        ] GC(41) PSOldGen: 127591K->190804K(1398272K)
[14.513s][info][gc,metaspace   ] GC(41) Metaspace: 30729K(31792K)->30729K(31792K) NonClass: 26961K(27568K)->26961K(27568K) Class: 3768K(4224K)->3768K(4224K)
[14.513s][info][gc             ] GC(41) Pause Young (Allocation Failure) 680M->258M(1916M) 87.735ms
[14.513s][info][gc,cpu         ] GC(41) User=0.56s Sys=0.00s Real=0.09s
[15.114s][info][gc,start       ] GC(42) Pause Young (Allocation Failure)
[15.174s][info][gc,heap        ] GC(42) PSYoungGen: 563808K->56192K(596992K)
[15.174s][info][gc,heap        ] GC(42) PSOldGen: 190804K->221916K(1398272K)
[15.174s][info][gc,metaspace   ] GC(42) Metaspace: 30750K(31792K)->30750K(31792K) NonClass: 26982K(27568K)->26982K(27568K) Class: 3768K(4224K)->3768K(4224K)
[15.174s][info][gc             ] GC(42) Pause Young (Allocation Failure) 736M->271M(1948M) 59.529ms
[15.174s][info][gc,cpu         ] GC(42) User=0.34s Sys=0.00s Real=0.06s
[15.324s][info][gc,start       ] GC(43) Pause Young (Allocation Failure)
[15.386s][info][gc,heap        ] GC(43) PSYoungGen: 547200K->72192K(592896K)
[15.386s][info][gc,heap        ] GC(43) PSOldGen: 221916K->266504K(1398272K)
[15.386s][info][gc,metaspace   ] GC(43) Metaspace: 30750K(31792K)->30750K(31792K) NonClass: 26982K(27568K)->26982K(27568K) Class: 3768K(4224K)->3768K(4224K)
[15.387s][info][gc             ] GC(43) Pause Young (Allocation Failure) 751M->330M(1944M) 62.751ms
[15.387s][info][gc,cpu         ] GC(43) User=0.38s Sys=0.00s Real=0.06s
[15.523s][info][gc,start       ] GC(44) Pause Young (Allocation Failure)
[15.588s][info][gc,heap        ] GC(44) PSYoungGen: 563200K->68448K(597504K)
[15.588s][info][gc,heap        ] GC(44) PSOldGen: 266504K->322576K(1398272K)
[15.588s][info][gc,metaspace   ] GC(44) Metaspace: 30750K(31792K)->30750K(31792K) NonClass: 26982K(27568K)->26982K(27568K) Class: 3768K(4224K)->3768K(4224K)
[15.588s][info][gc             ] GC(44) Pause Young (Allocation Failure) 810M->381M(1949M) 65.440ms
[15.588s][info][gc,cpu         ] GC(44) User=0.42s Sys=0.00s Real=0.07s
[16.162s][info][gc,start       ] GC(45) Pause Young (Allocation Failure)
[16.220s][info][gc,heap        ] GC(45) PSYoungGen: 563552K->59488K(596480K)
[16.220s][info][gc,heap        ] GC(45) PSOldGen: 322576K->352624K(1398272K)
[16.220s][info][gc,metaspace   ] GC(45) Metaspace: 30777K(31792K)->30777K(31792K) NonClass: 27009K(27568K)->27009K(27568K) Class: 3768K(4224K)->3768K(4224K)
[16.220s][info][gc             ] GC(45) Pause Young (Allocation Failure) 865M->402M(1948M) 58.524ms
[16.220s][info][gc,cpu         ] GC(45) User=0.36s Sys=0.00s Real=0.06s
[16.370s][info][gc,start       ] GC(46) Pause Young (Allocation Failure)
[16.441s][info][gc,heap        ] GC(46) PSYoungGen: 554592K->79360K(594432K)
[16.441s][info][gc,heap        ] GC(46) PSOldGen: 352624K->395132K(1398272K)
[16.441s][info][gc,metaspace   ] GC(46) Metaspace: 30777K(31792K)->30777K(31792K) NonClass: 27009K(27568K)->27009K(27568K) Class: 3768K(4224K)->3768K(4224K)
[16.441s][info][gc             ] GC(46) Pause Young (Allocation Failure) 885M->463M(1946M) 70.839ms
[16.441s][info][gc,cpu         ] GC(46) User=0.38s Sys=0.00s Real=0.07s
[16.700s][info][gc,start       ] GC(47) Pause Young (Allocation Failure)
[16.768s][info][gc,heap        ] GC(47) PSYoungGen: 576512K->62048K(598016K)
[16.768s][info][gc,heap        ] GC(47) PSOldGen: 395132K->433220K(1398272K)
[16.768s][info][gc,metaspace   ] GC(47) Metaspace: 30777K(31792K)->30777K(31792K) NonClass: 27009K(27568K)->27009K(27568K) Class: 3768K(4224K)->3768K(4224K)
[16.768s][info][gc             ] GC(47) Pause Young (Allocation Failure) 948M->483M(1949M) 68.195ms
[16.768s][info][gc,cpu         ] GC(47) User=0.38s Sys=0.00s Real=0.07s
[17.261s][info][gc,start       ] GC(48) Pause Young (Allocation Failure)
[17.322s][info][gc,heap        ] GC(48) PSYoungGen: 559200K->67904K(603136K)
[17.322s][info][gc,heap        ] GC(48) PSOldGen: 433220K->466324K(1398272K)
[17.322s][info][gc,metaspace   ] GC(48) Metaspace: 30796K(31792K)->30796K(31792K) NonClass: 27028K(27568K)->27028K(27568K) Class: 3768K(4224K)->3768K(4224K)
[17.323s][info][gc             ] GC(48) Pause Young (Allocation Failure) 969M->521M(1954M) 61.882ms
[17.323s][info][gc,cpu         ] GC(48) User=0.36s Sys=0.00s Real=0.07s
[17.462s][info][gc,start       ] GC(49) Pause Young (Allocation Failure)
[17.527s][info][gc,heap        ] GC(49) PSYoungGen: 573760K->74688K(601600K)
[17.527s][info][gc,heap        ] GC(49) PSOldGen: 466324K->518645K(1398272K)
[17.527s][info][gc,metaspace   ] GC(49) Metaspace: 30796K(31792K)->30796K(31792K) NonClass: 27028K(27568K)->27028K(27568K) Class: 3768K(4224K)->3768K(4224K)
[17.527s][info][gc             ] GC(49) Pause Young (Allocation Failure) 1015M->579M(1953M) 65.581ms
[17.527s][info][gc,cpu         ] GC(49) User=0.38s Sys=0.00s Real=0.07s
[18.195s][info][gc,start       ] GC(50) Pause Young (Allocation Failure)
[18.249s][info][gc,heap        ] GC(50) PSYoungGen: 580544K->38656K(600064K)
[18.249s][info][gc,heap        ] GC(50) PSOldGen: 518645K->550141K(1398272K)
[18.249s][info][gc,metaspace   ] GC(50) Metaspace: 30801K(31792K)->30801K(31792K) NonClass: 27033K(27568K)->27033K(27568K) Class: 3768K(4224K)->3768K(4224K)
[18.249s][info][gc             ] GC(50) Pause Young (Allocation Failure) 1073M->574M(1951M) 54.434ms
[18.249s][info][gc,cpu         ] GC(50) User=0.34s Sys=0.00s Real=0.06s
[18.399s][info][gc,start       ] GC(51) Pause Young (Allocation Failure)
[18.456s][info][gc,heap        ] GC(51) PSYoungGen: 541952K->68352K(601088K)
[18.456s][info][gc,heap        ] GC(51) PSOldGen: 550141K->586557K(1398272K)
[18.456s][info][gc,metaspace   ] GC(51) Metaspace: 30802K(31792K)->30802K(31792K) NonClass: 27033K(27568K)->27033K(27568K) Class: 3768K(4224K)->3768K(4224K)
[18.456s][info][gc             ] GC(51) Pause Young (Allocation Failure) 1066M->639M(1952M) 56.676ms
[18.456s][info][gc,cpu         ] GC(51) User=0.25s Sys=0.00s Real=0.06s
[18.595s][info][gc,start       ] GC(52) Pause Young (Allocation Failure)
[18.658s][info][gc,heap        ] GC(52) PSYoungGen: 571648K->70464K(602624K)
[18.658s][info][gc,heap        ] GC(52) PSOldGen: 586557K->641149K(1398272K)
[18.658s][info][gc,metaspace   ] GC(52) Metaspace: 30802K(31792K)->30802K(31792K) NonClass: 27033K(27568K)->27033K(27568K) Class: 3768K(4224K)->3768K(4224K)
[18.658s][info][gc             ] GC(52) Pause Young (Allocation Failure) 1131M->694M(1954M) 63.373ms
[18.658s][info][gc,cpu         ] GC(52) User=0.36s Sys=0.00s Real=0.06s
[19.268s][info][gc,start       ] GC(53) Pause Young (Allocation Failure)
[19.318s][info][gc,heap        ] GC(53) PSYoungGen: 576320K->47424K(602112K)
[19.318s][info][gc,heap        ] GC(53) PSOldGen: 641149K->671053K(1398272K)
[19.318s][info][gc,metaspace   ] GC(53) Metaspace: 30894K(31792K)->30894K(31792K) NonClass: 27116K(27568K)->27116K(27568K) Class: 3778K(4224K)->3778K(4224K)
[19.318s][info][gc             ] GC(53) Pause Young (Allocation Failure) 1188M->701M(1953M) 49.963ms
[19.318s][info][gc,cpu         ] GC(53) User=0.28s Sys=0.00s Real=0.06s
[19.475s][info][gc,start       ] GC(54) Pause Young (Allocation Failure)
[19.544s][info][gc,heap        ] GC(54) PSYoungGen: 553280K->74976K(600064K)
[19.544s][info][gc,heap        ] GC(54) PSOldGen: 671053K->710278K(1398272K)
[19.544s][info][gc,metaspace   ] GC(54) Metaspace: 30894K(31792K)->30894K(31792K) NonClass: 27116K(27568K)->27116K(27568K) Class: 3778K(4224K)->3778K(4224K)
[19.544s][info][gc             ] GC(54) Pause Young (Allocation Failure) 1195M->766M(1951M) 68.888ms
[19.544s][info][gc,cpu         ] GC(54) User=0.47s Sys=0.00s Real=0.07s
[19.673s][info][gc,start       ] GC(55) Pause Young (Allocation Failure)
[19.752s][info][gc,heap        ] GC(55) PSYoungGen: 579296K->70144K(601600K)
[19.752s][info][gc,heap        ] GC(55) PSOldGen: 710278K->771014K(1398272K)
[19.752s][info][gc,metaspace   ] GC(55) Metaspace: 30895K(31792K)->30895K(31792K) NonClass: 27117K(27568K)->27117K(27568K) Class: 3778K(4224K)->3778K(4224K)
[19.752s][info][gc             ] GC(55) Pause Young (Allocation Failure) 1259M->821M(1953M) 79.527ms
[19.752s][info][gc,cpu         ] GC(55) User=0.47s Sys=0.00s Real=0.08s
[20.296s][info][gc,start       ] GC(56) Pause Young (Allocation Failure)
[20.350s][info][gc,heap        ] GC(56) PSYoungGen: 574464K->52672K(603648K)
[20.350s][info][gc,heap        ] GC(56) PSOldGen: 771014K->800462K(1398272K)
[20.351s][info][gc,metaspace   ] GC(56) Metaspace: 30913K(31792K)->30913K(31792K) NonClass: 27135K(27568K)->27135K(27568K) Class: 3778K(4224K)->3778K(4224K)
[20.351s][info][gc             ] GC(56) Pause Young (Allocation Failure) 1313M->833M(1955M) 54.047ms
[20.351s][info][gc,cpu         ] GC(56) User=0.28s Sys=0.00s Real=0.05s
[20.477s][info][gc,start       ] GC(57) Pause Young (Allocation Failure)
[20.539s][info][gc,heap        ] GC(57) PSYoungGen: 560064K->67200K(602624K)
[20.539s][info][gc,heap        ] GC(57) PSOldGen: 800462K->843690K(1398272K)
[20.539s][info][gc,metaspace   ] GC(57) Metaspace: 30913K(31792K)->30913K(31792K) NonClass: 27135K(27568K)->27135K(27568K) Class: 3778K(4224K)->3778K(4224K)
[20.539s][info][gc             ] GC(57) Pause Young (Allocation Failure) 1328M->889M(1954M) 61.722ms
[20.539s][info][gc,cpu         ] GC(57) User=0.28s Sys=0.00s Real=0.06s
[20.669s][info][gc,start       ] GC(58) Pause Young (Allocation Failure)
[20.738s][info][gc,heap        ] GC(58) PSYoungGen: 574592K->67680K(606720K)
[20.738s][info][gc,heap        ] GC(58) PSOldGen: 843690K->899514K(1398272K)
[20.738s][info][gc,metaspace   ] GC(58) Metaspace: 30913K(31792K)->30913K(31792K) NonClass: 27135K(27568K)->27135K(27568K) Class: 3778K(4224K)->3778K(4224K)
[20.738s][info][gc             ] GC(58) Pause Young (Allocation Failure) 1385M->944M(1958M) 69.715ms
[20.738s][info][gc,cpu         ] GC(58) User=0.38s Sys=0.00s Real=0.07s
[21.492s][info][gc,start       ] GC(59) Pause Young (Allocation Failure)
[21.549s][info][gc,heap        ] GC(59) PSYoungGen: 580704K->58144K(605184K)
[21.549s][info][gc,heap        ] GC(59) PSOldGen: 899514K->929394K(1398272K)
[21.549s][info][gc,metaspace   ] GC(59) Metaspace: 30923K(31792K)->30923K(31792K) NonClass: 27145K(27568K)->27145K(27568K) Class: 3778K(4224K)->3778K(4224K)
[21.549s][info][gc             ] GC(59) Pause Young (Allocation Failure) 1445M->964M(1956M) 57.146ms
[21.549s][info][gc,cpu         ] GC(59) User=0.30s Sys=0.00s Real=0.06s
[21.689s][info][gc,start       ] GC(60) Pause Young (Allocation Failure)
[21.754s][info][gc,heap        ] GC(60) PSYoungGen: 571168K->73472K(605696K)
[21.754s][info][gc,heap        ] GC(60) PSOldGen: 929394K->974255K(1398272K)
[21.754s][info][gc,metaspace   ] GC(60) Metaspace: 30923K(31792K)->30923K(31792K) NonClass: 27145K(27568K)->27145K(27568K) Class: 3778K(4224K)->3778K(4224K)
[21.754s][info][gc             ] GC(60) Pause Young (Allocation Failure) 1465M->1023M(1957M) 65.173ms
[21.754s][info][gc,cpu         ] GC(60) User=0.38s Sys=0.00s Real=0.07s
[21.918s][info][gc,start       ] GC(61) Pause Young (Allocation Failure)
[21.992s][info][gc,heap        ] GC(61) PSYoungGen: 589056K->72800K(588800K)
[21.992s][info][gc,heap        ] GC(61) PSOldGen: 974255K->1020255K(1398272K)
[21.992s][info][gc,metaspace   ] GC(61) Metaspace: 30923K(31792K)->30923K(31792K) NonClass: 27145K(27568K)->27145K(27568K) Class: 3778K(4224K)->3778K(4224K)
[21.992s][info][gc             ] GC(61) Pause Young (Allocation Failure) 1526M->1067M(1940M) 74.369ms
[21.993s][info][gc,cpu         ] GC(61) User=0.47s Sys=0.00s Real=0.07s
[22.579s][info][gc,start       ] GC(62) Pause Young (Allocation Failure)
[22.642s][info][gc,heap        ] GC(62) PSYoungGen: 588384K->65920K(609280K)
[22.642s][info][gc,heap        ] GC(62) PSOldGen: 1020255K->1052719K(1398272K)
[22.642s][info][gc,metaspace   ] GC(62) Metaspace: 30936K(32048K)->30936K(32048K) NonClass: 27158K(27824K)->27158K(27824K) Class: 3778K(4224K)->3778K(4224K)
[22.642s][info][gc             ] GC(62) Pause Young (Allocation Failure) 1570M->1092M(1960M) 62.451ms
[22.642s][info][gc,cpu         ] GC(62) User=0.36s Sys=0.00s Real=0.07s
[22.781s][info][gc,start       ] GC(63) Pause Young (Allocation Failure)
[22.849s][info][gc,heap        ] GC(63) PSYoungGen: 583040K->74080K(606720K)
[22.849s][info][gc,heap        ] GC(63) PSOldGen: 1052719K->1104375K(1398272K)
[22.849s][info][gc,metaspace   ] GC(63) Metaspace: 30936K(32048K)->30936K(32048K) NonClass: 27158K(27824K)->27158K(27824K) Class: 3778K(4224K)->3778K(4224K)
[22.849s][info][gc             ] GC(63) Pause Young (Allocation Failure) 1597M->1150M(1958M) 68.345ms
[22.849s][info][gc,cpu         ] GC(63) User=0.38s Sys=0.00s Real=0.07s
[23.304s][info][gc,start       ] GC(64) Pause Young (Allocation Failure)
[23.363s][info][gc,heap        ] GC(64) PSYoungGen: 591200K->52384K(608256K)
[23.363s][info][gc,heap        ] GC(64) PSOldGen: 1104375K->1137167K(1398272K)
[23.363s][info][gc,metaspace   ] GC(64) Metaspace: 30937K(32048K)->30937K(32048K) NonClass: 27159K(27824K)->27159K(27824K) Class: 3778K(4224K)->3778K(4224K)
[23.363s][info][gc             ] GC(64) Pause Young (Allocation Failure) 1655M->1161M(1959M) 58.664ms
[23.363s][info][gc,cpu         ] GC(64) User=0.38s Sys=0.00s Real=0.07s
[23.768s][info][gc,start       ] GC(65) Pause Young (Allocation Failure)
[23.832s][info][gc,heap        ] GC(65) PSYoungGen: 570016K->80512K(598528K)
[23.832s][info][gc,heap        ] GC(65) PSOldGen: 1137167K->1169607K(1398272K)
[23.832s][info][gc,metaspace   ] GC(65) Metaspace: 30944K(32048K)->30944K(32048K) NonClass: 27166K(27824K)->27166K(27824K) Class: 3778K(4224K)->3778K(4224K)
[23.832s][info][gc             ] GC(65) Pause Young (Allocation Failure) 1667M->1220M(1950M) 64.113ms
[23.832s][info][gc,cpu         ] GC(65) User=0.38s Sys=0.00s Real=0.08s
[23.979s][info][gc,start       ] GC(66) Pause Young (Allocation Failure)
[24.054s][info][gc,heap        ] GC(66) PSYoungGen: 598144K->75232K(604160K)
[24.054s][info][gc,heap        ] GC(66) PSOldGen: 1169607K->1235492K(1398272K)
[24.054s][info][gc,metaspace   ] GC(66) Metaspace: 30944K(32048K)->30944K(32048K) NonClass: 27166K(27824K)->27166K(27824K) Class: 3778K(4224K)->3778K(4224K)
[24.054s][info][gc             ] GC(66) Pause Young (Allocation Failure) 1726M->1280M(1955M) 75.768ms
[24.054s][info][gc,cpu         ] GC(66) User=0.38s Sys=0.00s Real=0.08s
[24.715s][info][gc,start       ] GC(67) Pause Young (System.gc())
[24.766s][info][gc,heap        ] GC(67) PSYoungGen: 404686K->27584K(538112K)
[24.766s][info][gc,heap        ] GC(67) PSOldGen: 1235492K->1268748K(1398272K)
[24.766s][info][gc,metaspace   ] GC(67) Metaspace: 30950K(32048K)->30950K(32048K) NonClass: 27172K(27824K)->27172K(27824K) Class: 3778K(4224K)->3778K(4224K)
[24.766s][info][gc             ] GC(67) Pause Young (System.gc()) 1601M->1265M(1891M) 50.974ms
[24.766s][info][gc,cpu         ] GC(67) User=0.25s Sys=0.03s Real=0.05s
[24.766s][info][gc,start       ] GC(68) Pause Full (System.gc())
[24.766s][info][gc,phases,start] GC(68) Phase 1: Mark live objects
[24.882s][info][gc,phases      ] GC(68) Phase 1: Mark live objects 115.486ms
[24.882s][info][gc,phases,start] GC(68) Phase 2: Compute new object addresses
[25.060s][info][gc,phases      ] GC(68) Phase 2: Compute new object addresses 178.366ms
[25.060s][info][gc,phases,start] GC(68) Phase 3: Adjust pointers
[25.143s][info][gc,phases      ] GC(68) Phase 3: Adjust pointers 82.110ms
[25.143s][info][gc,phases,start] GC(68) Phase 4: Move objects
[25.168s][info][gc,phases      ] GC(68) Phase 4: Move objects 25.750ms
[25.169s][info][gc,heap        ] GC(68) PSYoungGen: 27584K->0K(538112K)
[25.169s][info][gc,heap        ] GC(68) PSOldGen: 1268748K->104008K(1398272K)
[25.169s][info][gc,metaspace   ] GC(68) Metaspace: 30950K(32048K)->30950K(32048K) NonClass: 27172K(27824K)->27172K(27824K) Class: 3778K(4224K)->3778K(4224K)
[25.169s][info][gc             ] GC(68) Pause Full (System.gc()) 1265M->101M(1891M) 402.560ms
[25.169s][info][gc,cpu         ] GC(68) User=0.39s Sys=0.02s Real=0.40s
[25.423s][info][gc,start       ] GC(69) Pause Young (Allocation Failure)
[25.466s][info][gc,heap        ] GC(69) PSYoungGen: 510464K->81920K(593408K)
[25.466s][info][gc,heap        ] GC(69) PSOldGen: 104008K->104016K(1398272K)
[25.466s][info][gc,metaspace   ] GC(69) Metaspace: 30960K(32048K)->30960K(32048K) NonClass: 27182K(27824K)->27182K(27824K) Class: 3778K(4224K)->3778K(4224K)
[25.467s][info][gc             ] GC(69) Pause Young (Allocation Failure) 600M->181M(1945M) 43.617ms
[25.467s][info][gc,cpu         ] GC(69) User=0.28s Sys=0.00s Real=0.04s
[25.606s][info][gc,start       ] GC(70) Pause Young (Allocation Failure)
[25.676s][info][gc,heap        ] GC(70) PSYoungGen: 577024K->72608K(596992K)
[25.676s][info][gc,heap        ] GC(70) PSOldGen: 104016K->169532K(1398272K)
[25.676s][info][gc,metaspace   ] GC(70) Metaspace: 30960K(32048K)->30960K(32048K) NonClass: 27182K(27824K)->27182K(27824K) Class: 3778K(4224K)->3778K(4224K)
[25.677s][info][gc             ] GC(70) Pause Young (Allocation Failure) 665M->236M(1948M) 70.073ms
[25.677s][info][gc,cpu         ] GC(70) User=0.34s Sys=0.00s Real=0.07s
[26.402s][info][gc,start       ] GC(71) Pause Young (Allocation Failure)
[26.465s][info][gc,heap        ] GC(71) PSYoungGen: 567712K->59360K(600064K)
[26.465s][info][gc,heap        ] GC(71) PSOldGen: 169532K->200060K(1398272K)
[26.465s][info][gc,metaspace   ] GC(71) Metaspace: 30972K(32048K)->30972K(32048K) NonClass: 27194K(27824K)->27194K(27824K) Class: 3778K(4224K)->3778K(4224K)
[26.465s][info][gc             ] GC(71) Pause Young (Allocation Failure) 719M->253M(1951M) 63.385ms
[26.465s][info][gc,cpu         ] GC(71) User=0.31s Sys=0.00s Real=0.07s
[26.604s][info][gc,start       ] GC(72) Pause Young (Allocation Failure)
[26.669s][info][gc,heap        ] GC(72) PSYoungGen: 558560K->76640K(598016K)
[26.669s][info][gc,heap        ] GC(72) PSOldGen: 200060K->244208K(1398272K)
[26.670s][info][gc,metaspace   ] GC(72) Metaspace: 30972K(32048K)->30972K(32048K) NonClass: 27194K(27824K)->27194K(27824K) Class: 3778K(4224K)->3778K(4224K)
[26.670s][info][gc             ] GC(72) Pause Young (Allocation Failure) 740M->313M(1949M) 65.209ms
[26.670s][info][gc,cpu         ] GC(72) User=0.38s Sys=0.00s Real=0.06s
[26.868s][info][gc,start       ] GC(73) Pause Young (Allocation Failure)
[26.933s][info][gc,heap        ] GC(73) PSYoungGen: 575840K->70688K(601088K)
[26.933s][info][gc,heap        ] GC(73) PSOldGen: 244208K->281176K(1398272K)
[26.933s][info][gc,metaspace   ] GC(73) Metaspace: 30974K(32048K)->30974K(32048K) NonClass: 27196K(27824K)->27196K(27824K) Class: 3778K(4224K)->3778K(4224K)
[26.933s][info][gc             ] GC(73) Pause Young (Allocation Failure) 800M->343M(1952M) 65.743ms
[26.933s][info][gc,cpu         ] GC(73) User=0.38s Sys=0.00s Real=0.07s
[27.381s][info][gc,start       ] GC(74) Pause Young (Allocation Failure)
[27.444s][info][gc,heap        ] GC(74) PSYoungGen: 572448K->69440K(599552K)
[27.444s][info][gc,heap        ] GC(74) PSOldGen: 281176K->316537K(1398272K)
[27.444s][info][gc,metaspace   ] GC(74) Metaspace: 30987K(32048K)->30987K(32048K) NonClass: 27209K(27824K)->27209K(27824K) Class: 3778K(4224K)->3778K(4224K)
[27.444s][info][gc             ] GC(74) Pause Young (Allocation Failure) 833M->376M(1951M) 62.663ms
[27.444s][info][gc,cpu         ] GC(74) User=0.34s Sys=0.00s Real=0.07s
[27.583s][info][gc,start       ] GC(75) Pause Young (Allocation Failure)
[27.651s][info][gc,heap        ] GC(75) PSYoungGen: 571200K->74976K(603136K)
[27.651s][info][gc,heap        ] GC(75) PSOldGen: 316537K->369769K(1398272K)
[27.651s][info][gc,metaspace   ] GC(75) Metaspace: 30989K(32048K)->30989K(32048K) NonClass: 27211K(27824K)->27211K(27824K) Class: 3778K(4224K)->3778K(4224K)
[27.651s][info][gc             ] GC(75) Pause Young (Allocation Failure) 866M->434M(1954M) 68.603ms
[27.651s][info][gc,cpu         ] GC(75) User=0.42s Sys=0.00s Real=0.07s
[28.312s][info][gc,start       ] GC(76) Pause Young (Allocation Failure)
[28.362s][info][gc,heap        ] GC(76) PSYoungGen: 582368K->39264K(546816K)
[28.362s][info][gc,heap        ] GC(76) PSOldGen: 369769K->401633K(1398272K)
[28.362s][info][gc,metaspace   ] GC(76) Metaspace: 31001K(32048K)->31001K(32048K) NonClass: 27223K(27824K)->27223K(27824K) Class: 3778K(4224K)->3778K(4224K)
[28.362s][info][gc             ] GC(76) Pause Young (Allocation Failure) 929M->430M(1899M) 50.134ms
[28.362s][info][gc,cpu         ] GC(76) User=0.28s Sys=0.00s Real=0.06s
[28.521s][info][gc,start       ] GC(77) Pause Young (Allocation Failure)
[28.579s][info][gc,heap        ] GC(77) PSYoungGen: 546656K->70400K(602112K)
[28.579s][info][gc,heap        ] GC(77) PSOldGen: 401633K->438709K(1398272K)
[28.579s][info][gc,metaspace   ] GC(77) Metaspace: 31001K(32048K)->31001K(32048K) NonClass: 27223K(27824K)->27223K(27824K) Class: 3778K(4224K)->3778K(4224K)
[28.579s][info][gc             ] GC(77) Pause Young (Allocation Failure) 926M->497M(1953M) 57.849ms
[28.579s][info][gc,cpu         ] GC(77) User=0.38s Sys=0.00s Real=0.06s
[28.707s][info][gc,start       ] GC(78) Pause Young (Allocation Failure)
[28.770s][info][gc,heap        ] GC(78) PSYoungGen: 574720K->66144K(601088K)
[28.770s][info][gc,heap        ] GC(78) PSOldGen: 438709K->497701K(1398272K)
[28.770s][info][gc,metaspace   ] GC(78) Metaspace: 31001K(32048K)->31001K(32048K) NonClass: 27223K(27824K)->27223K(27824K) Class: 3778K(4224K)->3778K(4224K)
[28.770s][info][gc             ] GC(78) Pause Young (Allocation Failure) 989M->550M(1952M) 63.596ms
[28.770s][info][gc,cpu         ] GC(78) User=0.38s Sys=0.00s Real=0.06s
[29.406s][info][gc,start       ] GC(79) Pause Young (Allocation Failure)
[29.459s][info][gc,heap        ] GC(79) PSYoungGen: 570464K->48224K(604160K)
[29.459s][info][gc,heap        ] GC(79) PSOldGen: 497701K->527189K(1398272K)
[29.459s][info][gc,metaspace   ] GC(79) Metaspace: 31012K(32048K)->31012K(32048K) NonClass: 27234K(27824K)->27234K(27824K) Class: 3778K(4224K)->3778K(4224K)
[29.459s][info][gc             ] GC(79) Pause Young (Allocation Failure) 1043M->561M(1955M) 53.190ms
[29.459s][info][gc,cpu         ] GC(79) User=0.28s Sys=0.00s Real=0.07s
[29.608s][info][gc,start       ] GC(80) Pause Young (Allocation Failure)
[29.671s][info][gc,heap        ] GC(80) PSYoungGen: 558688K->72544K(604672K)
[29.671s][info][gc,heap        ] GC(80) PSOldGen: 527189K->567026K(1398272K)
[29.671s][info][gc,metaspace   ] GC(80) Metaspace: 31012K(32048K)->31012K(32048K) NonClass: 27234K(27824K)->27234K(27824K) Class: 3778K(4224K)->3778K(4224K)
[29.671s][info][gc             ] GC(80) Pause Young (Allocation Failure) 1060M->624M(1956M) 62.351ms
[29.671s][info][gc,cpu         ] GC(80) User=0.38s Sys=0.00s Real=0.06s
[29.819s][info][gc,start       ] GC(81) Pause Young (Allocation Failure)
[29.888s][info][gc,heap        ] GC(81) PSYoungGen: 583008K->77568K(600576K)
[29.888s][info][gc,heap        ] GC(81) PSOldGen: 567026K->622194K(1398272K)
[29.888s][info][gc,metaspace   ] GC(81) Metaspace: 31012K(32048K)->31012K(32048K) NonClass: 27234K(27824K)->27234K(27824K) Class: 3778K(4224K)->3778K(4224K)
[29.888s][info][gc             ] GC(81) Pause Young (Allocation Failure) 1123M->683M(1952M) 68.807ms
[29.888s][info][gc,cpu         ] GC(81) User=0.44s Sys=0.03s Real=0.07s
[30.404s][info][gc,start       ] GC(82) Pause Young (Allocation Failure)
[30.480s][info][gc,heap        ] GC(82) PSYoungGen: 583936K->59840K(602624K)
[30.480s][info][gc,heap        ] GC(82) PSOldGen: 622194K->654386K(1398272K)
[30.480s][info][gc,metaspace   ] GC(82) Metaspace: 31024K(32048K)->31024K(32048K) NonClass: 27246K(27824K)->27246K(27824K) Class: 3778K(4224K)->3778K(4224K)
[30.480s][info][gc             ] GC(82) Pause Young (Allocation Failure) 1177M->697M(1954M) 76.868ms
[30.481s][info][gc,cpu         ] GC(82) User=0.45s Sys=0.00s Real=0.08s
[30.664s][info][gc,start       ] GC(83) Pause Young (Allocation Failure)
[30.735s][info][gc,heap        ] GC(83) PSYoungGen: 566208K->84096K(596480K)
[30.735s][info][gc,heap        ] GC(83) PSOldGen: 654386K->698562K(1398272K)
[30.735s][info][gc,metaspace   ] GC(83) Metaspace: 31024K(32048K)->31024K(32048K) NonClass: 27246K(27824K)->27246K(27824K) Class: 3778K(4224K)->3778K(4224K)
[30.735s][info][gc             ] GC(83) Pause Young (Allocation Failure) 1191M->764M(1948M) 71.218ms
[30.735s][info][gc,cpu         ] GC(83) User=0.45s Sys=0.00s Real=0.07s
[31.060s][info][gc,start       ] GC(84) Pause Young (Allocation Failure)
[31.125s][info][gc,heap        ] GC(84) PSYoungGen: 586368K->58432K(600576K)
[31.125s][info][gc,heap        ] GC(84) PSOldGen: 698562K->738794K(1398272K)
[31.125s][info][gc,metaspace   ] GC(84) Metaspace: 31026K(32048K)->31026K(32048K) NonClass: 27248K(27824K)->27248K(27824K) Class: 3778K(4224K)->3778K(4224K)
[31.125s][info][gc             ] GC(84) Pause Young (Allocation Failure) 1254M->778M(1952M) 65.309ms
[31.125s][info][gc,cpu         ] GC(84) User=0.38s Sys=0.00s Real=0.06s
[31.525s][info][gc,start       ] GC(85) Pause Young (Allocation Failure)
[31.584s][info][gc,heap        ] GC(85) PSYoungGen: 560704K->64192K(604672K)
[31.584s][info][gc,heap        ] GC(85) PSOldGen: 738794K->771314K(1398272K)
[31.584s][info][gc,metaspace   ] GC(85) Metaspace: 31031K(32048K)->31031K(32048K) NonClass: 27253K(27824K)->27253K(27824K) Class: 3778K(4224K)->3778K(4224K)
[31.584s][info][gc             ] GC(85) Pause Young (Allocation Failure) 1269M->815M(1956M) 58.621ms
[31.584s][info][gc,cpu         ] GC(85) User=0.28s Sys=0.00s Real=0.06s
[31.729s][info][gc,start       ] GC(86) Pause Young (Allocation Failure)
[31.797s][info][gc,heap        ] GC(86) PSYoungGen: 572096K->81696K(602112K)
[31.797s][info][gc,heap        ] GC(86) PSOldGen: 771314K->816615K(1398272K)
[31.797s][info][gc,metaspace   ] GC(86) Metaspace: 31031K(32048K)->31031K(32048K) NonClass: 27253K(27824K)->27253K(27824K) Class: 3778K(4224K)->3778K(4224K)
[31.798s][info][gc             ] GC(86) Pause Young (Allocation Failure) 1311M->877M(1953M) 68.754ms
[31.798s][info][gc,cpu         ] GC(86) User=0.36s Sys=0.02s Real=0.07s
[32.392s][info][gc,start       ] GC(87) Pause Young (Allocation Failure)
[32.438s][info][gc,heap        ] GC(87) PSYoungGen: 589600K->39072K(598016K)
[32.438s][info][gc,heap        ] GC(87) PSOldGen: 816615K->849903K(1398272K)
[32.438s][info][gc,metaspace   ] GC(87) Metaspace: 31042K(32048K)->31042K(32048K) NonClass: 27264K(27824K)->27264K(27824K) Class: 3778K(4224K)->3778K(4224K)
[32.438s][info][gc             ] GC(87) Pause Young (Allocation Failure) 1373M->868M(1949M) 46.725ms
[32.439s][info][gc,cpu         ] GC(87) User=0.28s Sys=0.00s Real=0.05s
[32.568s][info][gc,start       ] GC(88) Pause Young (Allocation Failure)
[32.624s][info][gc,heap        ] GC(88) PSYoungGen: 540320K->64544K(600064K)
[32.624s][info][gc,heap        ] GC(88) PSOldGen: 849903K->886611K(1398272K)
[32.624s][info][gc,metaspace   ] GC(88) Metaspace: 31042K(32048K)->31042K(32048K) NonClass: 27264K(27824K)->27264K(27824K) Class: 3778K(4224K)->3778K(4224K)
[32.625s][info][gc             ] GC(88) Pause Young (Allocation Failure) 1357M->928M(1951M) 56.596ms
[32.625s][info][gc,cpu         ] GC(88) User=0.36s Sys=0.00s Real=0.06s
[32.774s][info][gc,start       ] GC(89) Pause Young (Allocation Failure)
[32.851s][info][gc,heap        ] GC(89) PSYoungGen: 565792K->83136K(595968K)
[32.851s][info][gc,heap        ] GC(89) PSOldGen: 886611K->929731K(1398272K)
[32.851s][info][gc,metaspace   ] GC(89) Metaspace: 31042K(32048K)->31042K(32048K) NonClass: 27264K(27824K)->27264K(27824K) Class: 3778K(4224K)->3778K(4224K)
[32.851s][info][gc             ] GC(89) Pause Young (Allocation Failure) 1418M->989M(1947M) 77.100ms
[32.851s][info][gc,cpu         ] GC(89) User=0.39s Sys=0.00s Real=0.08s
[33.423s][info][gc,start       ] GC(90) Pause Young (Allocation Failure)
[33.477s][info][gc,heap        ] GC(90) PSYoungGen: 583360K->46048K(546304K)
[33.477s][info][gc,heap        ] GC(90) PSOldGen: 929731K->963419K(1398272K)
[33.477s][info][gc,metaspace   ] GC(90) Metaspace: 31054K(32048K)->31054K(32048K) NonClass: 27276K(27824K)->27276K(27824K) Class: 3778K(4224K)->3778K(4224K)
[33.477s][info][gc             ] GC(90) Pause Young (Allocation Failure) 1477M->985M(1899M) 54.704ms
[33.477s][info][gc,cpu         ] GC(90) User=0.38s Sys=0.00s Real=0.06s
[33.618s][info][gc,start       ] GC(91) Pause Young (Allocation Failure)
[33.681s][info][gc,heap        ] GC(91) PSYoungGen: 546272K->70656K(600576K)
[33.681s][info][gc,heap        ] GC(91) PSOldGen: 963419K->1001504K(1398272K)
[33.681s][info][gc,metaspace   ] GC(91) Metaspace: 31054K(32048K)->31054K(32048K) NonClass: 27276K(27824K)->27276K(27824K) Class: 3778K(4224K)->3778K(4224K)
[33.681s][info][gc             ] GC(91) Pause Young (Allocation Failure) 1474M->1047M(1952M) 62.999ms
[33.681s][info][gc,cpu         ] GC(91) User=0.38s Sys=0.00s Real=0.06s
[33.823s][info][gc,start       ] GC(92) Pause Young (Allocation Failure)
[33.903s][info][gc,heap        ] GC(92) PSYoungGen: 571392K->77728K(599040K)
[33.903s][info][gc,heap        ] GC(92) PSOldGen: 1001504K->1054328K(1398272K)
[33.903s][info][gc,metaspace   ] GC(92) Metaspace: 31054K(32048K)->31054K(32048K) NonClass: 27276K(27824K)->27276K(27824K) Class: 3778K(4224K)->3778K(4224K)
[33.903s][info][gc             ] GC(92) Pause Young (Allocation Failure) 1536M->1105M(1950M) 80.170ms
[33.903s][info][gc,cpu         ] GC(92) User=0.47s Sys=0.00s Real=0.08s
[34.408s][info][gc,start       ] GC(93) Pause Young (Allocation Failure)
[34.472s][info][gc,heap        ] GC(93) PSYoungGen: 578464K->51296K(600064K)
[34.472s][info][gc,heap        ] GC(93) PSOldGen: 1054328K->1086168K(1398272K)
[34.472s][info][gc,metaspace   ] GC(93) Metaspace: 31063K(32048K)->31063K(32048K) NonClass: 27285K(27824K)->27285K(27824K) Class: 3778K(4224K)->3778K(4224K)
[34.472s][info][gc             ] GC(93) Pause Young (Allocation Failure) 1594M->1110M(1951M) 63.957ms
[34.472s][info][gc,cpu         ] GC(93) User=0.38s Sys=0.00s Real=0.06s
[34.601s][info][gc,start       ] GC(94) Pause Young (Allocation Failure)
[34.669s][info][gc,heap        ] GC(94) PSYoungGen: 551520K->66624K(599040K)
[34.669s][info][gc,heap        ] GC(94) PSOldGen: 1086168K->1128892K(1398272K)
[34.669s][info][gc,metaspace   ] GC(94) Metaspace: 31063K(32048K)->31063K(32048K) NonClass: 27285K(27824K)->27285K(27824K) Class: 3778K(4224K)->3778K(4224K)
[34.669s][info][gc             ] GC(94) Pause Young (Allocation Failure) 1599M->1167M(1950M) 68.478ms
[34.669s][info][gc,cpu         ] GC(94) User=0.45s Sys=0.00s Real=0.07s
[34.808s][info][gc,start       ] GC(95) Pause Young (Allocation Failure)
[34.876s][info][gc,heap        ] GC(95) PSYoungGen: 566848K->74112K(602624K)
[34.876s][info][gc,heap        ] GC(95) PSOldGen: 1128892K->1179796K(1398272K)
[34.876s][info][gc,metaspace   ] GC(95) Metaspace: 31063K(32048K)->31063K(32048K) NonClass: 27285K(27824K)->27285K(27824K) Class: 3778K(4224K)->3778K(4224K)
[34.876s][info][gc             ] GC(95) Pause Young (Allocation Failure) 1655M->1224M(1954M) 67.542ms
[34.876s][info][gc,cpu         ] GC(95) User=0.36s Sys=0.00s Real=0.07s
[35.427s][info][gc,start       ] GC(96) Pause Young (System.gc())
[35.471s][info][gc,heap        ] GC(96) PSYoungGen: 359507K->23840K(527872K)
[35.471s][info][gc,heap        ] GC(96) PSOldGen: 1179796K->1211164K(1398272K)
[35.471s][info][gc,metaspace   ] GC(96) Metaspace: 31070K(32048K)->31070K(32048K) NonClass: 27292K(27824K)->27292K(27824K) Class: 3778K(4224K)->3778K(4224K)
[35.471s][info][gc             ] GC(96) Pause Young (System.gc()) 1503M->1206M(1881M) 44.870ms
[35.472s][info][gc,cpu         ] GC(96) User=0.28s Sys=0.00s Real=0.06s
[35.472s][info][gc,start       ] GC(97) Pause Full (System.gc())
[35.472s][info][gc,phases,start] GC(97) Phase 1: Mark live objects
[35.581s][info][gc,phases      ] GC(97) Phase 1: Mark live objects 108.725ms
[35.581s][info][gc,phases,start] GC(97) Phase 2: Compute new object addresses
[35.753s][info][gc,phases      ] GC(97) Phase 2: Compute new object addresses 172.820ms
[35.754s][info][gc,phases,start] GC(97) Phase 3: Adjust pointers
[35.835s][info][gc,phases      ] GC(97) Phase 3: Adjust pointers 81.227ms
[35.835s][info][gc,phases,start] GC(97) Phase 4: Move objects
[35.859s][info][gc,phases      ] GC(97) Phase 4: Move objects 23.865ms
[35.859s][info][gc,heap        ] GC(97) PSYoungGen: 23840K->0K(527872K)
[35.859s][info][gc,heap        ] GC(97) PSOldGen: 1211164K->105116K(1398272K)
[35.859s][info][gc,metaspace   ] GC(97) Metaspace: 31070K(32048K)->31070K(32048K) NonClass: 27292K(27824K)->27292K(27824K) Class: 3778K(4224K)->3778K(4224K)
[35.859s][info][gc             ] GC(97) Pause Full (System.gc()) 1206M->102M(1881M) 387.636ms
[35.859s][info][gc,cpu         ] GC(97) User=0.39s Sys=0.00s Real=0.37s
[36.101s][info][gc,start       ] GC(98) Pause Young (Allocation Failure)
[36.144s][info][gc,heap        ] GC(98) PSYoungGen: 503808K->79616K(592896K)
[36.144s][info][gc,heap        ] GC(98) PSOldGen: 105116K->105116K(1398272K)
[36.144s][info][gc,metaspace   ] GC(98) Metaspace: 31079K(32048K)->31079K(32048K) NonClass: 27301K(27824K)->27301K(27824K) Class: 3778K(4224K)->3778K(4224K)
[36.144s][info][gc             ] GC(98) Pause Young (Allocation Failure) 594M->180M(1944M) 43.178ms
[36.144s][info][gc,cpu         ] GC(98) User=0.28s Sys=0.00s Real=0.05s
[36.283s][info][gc,start       ] GC(99) Pause Young (Allocation Failure)
[36.357s][info][gc,heap        ] GC(99) PSYoungGen: 571648K->72320K(595456K)
[36.357s][info][gc,heap        ] GC(99) PSOldGen: 105116K->168337K(1398272K)
[36.357s][info][gc,metaspace   ] GC(99) Metaspace: 31079K(32048K)->31079K(32048K) NonClass: 27301K(27824K)->27301K(27824K) Class: 3778K(4224K)->3778K(4224K)
[36.357s][info][gc             ] GC(99) Pause Young (Allocation Failure) 660M->235M(1947M) 73.862ms
[36.357s][info][gc,cpu         ] GC(99) User=0.45s Sys=0.00s Real=0.08s
[37.038s][info][gc,start       ] GC(100) Pause Young (Allocation Failure)
[37.101s][info][gc,heap        ] GC(100) PSYoungGen: 564352K->53056K(598016K)
[37.101s][info][gc,heap        ] GC(100) PSOldGen: 168337K->199057K(1398272K)
[37.101s][info][gc,metaspace   ] GC(100) Metaspace: 31090K(32048K)->31090K(32048K) NonClass: 27312K(27824K)->27312K(27824K) Class: 3778K(4224K)->3778K(4224K)
[37.101s][info][gc             ] GC(100) Pause Young (Allocation Failure) 715M->246M(1949M) 63.476ms
[37.101s][info][gc,cpu         ] GC(100) User=0.34s Sys=0.00s Real=0.06s
[37.240s][info][gc,start       ] GC(101) Pause Young (Allocation Failure)
[37.299s][info][gc,heap        ] GC(101) PSYoungGen: 548672K->68544K(596480K)
[37.299s][info][gc,heap        ] GC(101) PSOldGen: 199057K->241901K(1398272K)
[37.299s][info][gc,metaspace   ] GC(101) Metaspace: 31090K(32048K)->31090K(32048K) NonClass: 27312K(27824K)->27312K(27824K) Class: 3778K(4224K)->3778K(4224K)
[37.299s][info][gc             ] GC(101) Pause Young (Allocation Failure) 730M->303M(1948M) 59.463ms
[37.299s][info][gc,cpu         ] GC(101) User=0.36s Sys=0.00s Real=0.06s
[37.439s][info][gc,start       ] GC(102) Pause Young (Allocation Failure)
[37.520s][info][gc,heap        ] GC(102) PSYoungGen: 564160K->75424K(598016K)
[37.520s][info][gc,heap        ] GC(102) PSOldGen: 241901K->293733K(1398272K)
[37.520s][info][gc,metaspace   ] GC(102) Metaspace: 31090K(32048K)->31090K(32048K) NonClass: 27312K(27824K)->27312K(27824K) Class: 3778K(4224K)->3778K(4224K)
[37.520s][info][gc             ] GC(102) Pause Young (Allocation Failure) 787M->360M(1949M) 81.291ms
[37.520s][info][gc,cpu         ] GC(102) User=0.45s Sys=0.00s Real=0.08s
[38.092s][info][gc,start       ] GC(103) Pause Young (Allocation Failure)
[38.155s][info][gc,heap        ] GC(103) PSYoungGen: 574624K->57984K(599040K)
[38.155s][info][gc,heap        ] GC(103) PSOldGen: 293733K->324725K(1398272K)
[38.155s][info][gc,metaspace   ] GC(103) Metaspace: 31123K(32048K)->31123K(32048K) NonClass: 27345K(27824K)->27345K(27824K) Class: 3778K(4224K)->3778K(4224K)
[38.155s][info][gc             ] GC(103) Pause Young (Allocation Failure) 848M->373M(1950M) 62.870ms
[38.155s][info][gc,cpu         ] GC(103) User=0.38s Sys=0.00s Real=0.06s
[38.284s][info][gc,start       ] GC(104) Pause Young (Allocation Failure)
[38.345s][info][gc,heap        ] GC(104) PSYoungGen: 557184K->65312K(604160K)
[38.345s][info][gc,heap        ] GC(104) PSOldGen: 324725K->374141K(1398272K)
[38.345s][info][gc,metaspace   ] GC(104) Metaspace: 31123K(32048K)->31123K(32048K) NonClass: 27345K(27824K)->27345K(27824K) Class: 3778K(4224K)->3778K(4224K)
[38.345s][info][gc             ] GC(104) Pause Young (Allocation Failure) 861M->429M(1955M) 61.198ms
[38.345s][info][gc,cpu         ] GC(104) User=0.38s Sys=0.00s Real=0.06s
[38.533s][info][gc,start       ] GC(105) Pause Young (Allocation Failure)
[38.598s][info][gc,heap        ] GC(105) PSYoungGen: 571680K->73120K(601088K)
[38.598s][info][gc,heap        ] GC(105) PSOldGen: 374141K->413885K(1398272K)
[38.598s][info][gc,metaspace   ] GC(105) Metaspace: 31123K(32048K)->31123K(32048K) NonClass: 27345K(27824K)->27345K(27824K) Class: 3778K(4224K)->3778K(4224K)
[38.598s][info][gc             ] GC(105) Pause Young (Allocation Failure) 923M->475M(1952M) 65.110ms
[38.598s][info][gc,cpu         ] GC(105) User=0.36s Sys=0.00s Real=0.06s
[39.074s][info][gc,start       ] GC(106) Pause Young (Allocation Failure)
[39.131s][info][gc,heap        ] GC(106) PSYoungGen: 579488K->59008K(605696K)
[39.131s][info][gc,heap        ] GC(106) PSOldGen: 413885K->449613K(1398272K)
[39.131s][info][gc,metaspace   ] GC(106) Metaspace: 31139K(32048K)->31139K(32048K) NonClass: 27361K(27824K)->27361K(27824K) Class: 3778K(4224K)->3778K(4224K)
[39.131s][info][gc             ] GC(106) Pause Young (Allocation Failure) 970M->496M(1957M) 56.431ms
[39.131s][info][gc,cpu         ] GC(106) User=0.28s Sys=0.00s Real=0.06s
[39.278s][info][gc,start       ] GC(107) Pause Young (Allocation Failure)
[39.343s][info][gc,heap        ] GC(107) PSYoungGen: 569984K->79520K(590848K)
[39.343s][info][gc,heap        ] GC(107) PSOldGen: 449613K->491590K(1398272K)
[39.343s][info][gc,metaspace   ] GC(107) Metaspace: 31139K(32048K)->31139K(32048K) NonClass: 27361K(27824K)->27361K(27824K) Class: 3778K(4224K)->3778K(4224K)
[39.343s][info][gc             ] GC(107) Pause Young (Allocation Failure) 995M->557M(1942M) 64.727ms
[39.343s][info][gc,cpu         ] GC(107) User=0.38s Sys=0.00s Real=0.06s
[39.704s][info][gc,start       ] GC(108) Pause Young (Allocation Failure)
[39.765s][info][gc,heap        ] GC(108) PSYoungGen: 590496K->55904K(604160K)
[39.765s][info][gc,heap        ] GC(108) PSOldGen: 491590K->529646K(1398272K)
[39.765s][info][gc,metaspace   ] GC(108) Metaspace: 31139K(32048K)->31139K(32048K) NonClass: 27361K(27824K)->27361K(27824K) Class: 3778K(4224K)->3778K(4224K)
[39.765s][info][gc             ] GC(108) Pause Young (Allocation Failure) 1056M->571M(1955M) 61.807ms
[39.765s][info][gc,cpu         ] GC(108) User=0.36s Sys=0.00s Real=0.07s
[40.196s][info][gc,start       ] GC(109) Pause Young (Allocation Failure)
[40.258s][info][gc,heap        ] GC(109) PSYoungGen: 564320K->69664K(603136K)
[40.258s][info][gc,heap        ] GC(109) PSOldGen: 529646K->560350K(1398272K)
[40.258s][info][gc,metaspace   ] GC(109) Metaspace: 31153K(32048K)->31153K(32048K) NonClass: 27375K(27824K)->27375K(27824K) Class: 3778K(4224K)->3778K(4224K)
[40.258s][info][gc             ] GC(109) Pause Young (Allocation Failure) 1068M->615M(1954M) 61.403ms
[40.258s][info][gc,cpu         ] GC(109) User=0.27s Sys=0.02s Real=0.06s
[40.386s][info][gc,start       ] GC(110) Pause Young (Allocation Failure)
[40.451s][info][gc,heap        ] GC(110) PSYoungGen: 578080K->66528K(608256K)
[40.451s][info][gc,heap        ] GC(110) PSOldGen: 560350K->618514K(1398272K)
[40.451s][info][gc,metaspace   ] GC(110) Metaspace: 31153K(32048K)->31153K(32048K) NonClass: 27375K(27824K)->27375K(27824K) Class: 3778K(4224K)->3778K(4224K)
[40.452s][info][gc             ] GC(110) Pause Young (Allocation Failure) 1111M->668M(1959M) 65.723ms
[40.452s][info][gc,cpu         ] GC(110) User=0.36s Sys=0.02s Real=0.07s
[41.116s][info][gc,start       ] GC(111) Pause Young (Allocation Failure)
[41.171s][info][gc,heap        ] GC(111) PSYoungGen: 581600K->42336K(605696K)
[41.171s][info][gc,heap        ] GC(111) PSOldGen: 618514K->648210K(1398272K)
[41.171s][info][gc,metaspace   ] GC(111) Metaspace: 31166K(32304K)->31166K(32304K) NonClass: 27388K(28080K)->27388K(28080K) Class: 3778K(4224K)->3778K(4224K)
[41.171s][info][gc             ] GC(111) Pause Young (Allocation Failure) 1171M->674M(1957M) 55.238ms
[41.171s][info][gc,cpu         ] GC(111) User=0.38s Sys=0.00s Real=0.05s
[41.325s][info][gc,start       ] GC(112) Pause Young (Allocation Failure)
[41.390s][info][gc,heap        ] GC(112) PSYoungGen: 557408K->70240K(606720K)
[41.390s][info][gc,heap        ] GC(112) PSOldGen: 648210K->687263K(1398272K)
[41.390s][info][gc,metaspace   ] GC(112) Metaspace: 31166K(32304K)->31166K(32304K) NonClass: 27388K(28080K)->27388K(28080K) Class: 3778K(4224K)->3778K(4224K)
[41.390s][info][gc             ] GC(112) Pause Young (Allocation Failure) 1177M->739M(1958M) 64.700ms
[41.390s][info][gc,cpu         ] GC(112) User=0.36s Sys=0.00s Real=0.06s
[41.527s][info][gc,start       ] GC(113) Pause Young (Allocation Failure)
[41.593s][info][gc,heap        ] GC(113) PSYoungGen: 584800K->72448K(606720K)
[41.593s][info][gc,heap        ] GC(113) PSOldGen: 687263K->743335K(1398272K)
[41.593s][info][gc,metaspace   ] GC(113) Metaspace: 31166K(32304K)->31166K(32304K) NonClass: 27388K(28080K)->27388K(28080K) Class: 3778K(4224K)->3778K(4224K)
[41.593s][info][gc             ] GC(113) Pause Young (Allocation Failure) 1242M->796M(1958M) 66.288ms
[41.593s][info][gc,cpu         ] GC(113) User=0.38s Sys=0.00s Real=0.07s
[42.236s][info][gc,start       ] GC(114) Pause Young (Allocation Failure)
[42.294s][info][gc,heap        ] GC(114) PSYoungGen: 587008K->55712K(607744K)
[42.294s][info][gc,heap        ] GC(114) PSOldGen: 743335K->774711K(1398272K)
[42.294s][info][gc,metaspace   ] GC(114) Metaspace: 31178K(32304K)->31178K(32304K) NonClass: 27400K(28080K)->27400K(28080K) Class: 3778K(4224K)->3778K(4224K)
[42.294s][info][gc             ] GC(114) Pause Young (Allocation Failure) 1299M->810M(1959M) 58.030ms
[42.294s][info][gc,cpu         ] GC(114) User=0.34s Sys=0.02s Real=0.07s
[42.440s][info][gc,start       ] GC(115) Pause Young (Allocation Failure)
[42.512s][info][gc,heap        ] GC(115) PSYoungGen: 571296K->75008K(590848K)
[42.512s][info][gc,heap        ] GC(115) PSOldGen: 774711K->818087K(1398272K)
[42.512s][info][gc,metaspace   ] GC(115) Metaspace: 31178K(32304K)->31178K(32304K) NonClass: 27400K(28080K)->27400K(28080K) Class: 3778K(4224K)->3778K(4224K)
[42.512s][info][gc             ] GC(115) Pause Young (Allocation Failure) 1314M->872M(1942M) 71.949ms
[42.512s][info][gc,cpu         ] GC(115) User=0.47s Sys=0.00s Real=0.07s
[42.657s][info][gc,start       ] GC(116) Pause Young (Allocation Failure)
[42.729s][info][gc,heap        ] GC(116) PSYoungGen: 590592K->76000K(604160K)
[42.729s][info][gc,heap        ] GC(116) PSOldGen: 818087K->873503K(1398272K)
[42.729s][info][gc,metaspace   ] GC(116) Metaspace: 31178K(32304K)->31178K(32304K) NonClass: 27400K(28080K)->27400K(28080K) Class: 3778K(4224K)->3778K(4224K)
[42.729s][info][gc             ] GC(116) Pause Young (Allocation Failure) 1375M->927M(1955M) 72.012ms
[42.729s][info][gc,cpu         ] GC(116) User=0.47s Sys=0.00s Real=0.07s
[43.298s][info][gc,start       ] GC(117) Pause Young (Allocation Failure)
[43.355s][info][gc,heap        ] GC(117) PSYoungGen: 587488K->57280K(605184K)
[43.355s][info][gc,heap        ] GC(117) PSOldGen: 873503K->905175K(1398272K)
[43.355s][info][gc,metaspace   ] GC(117) Metaspace: 31189K(32304K)->31189K(32304K) NonClass: 27411K(28080K)->27411K(28080K) Class: 3778K(4224K)->3778K(4224K)
[43.355s][info][gc             ] GC(117) Pause Young (Allocation Failure) 1426M->939M(1956M) 57.357ms
[43.355s][info][gc,cpu         ] GC(117) User=0.38s Sys=0.00s Real=0.06s
[43.497s][info][gc,start       ] GC(118) Pause Young (Allocation Failure)
[43.561s][info][gc,heap        ] GC(118) PSYoungGen: 568768K->74112K(605184K)
[43.561s][info][gc,heap        ] GC(118) PSOldGen: 905175K->948520K(1398272K)
[43.561s][info][gc,metaspace   ] GC(118) Metaspace: 31189K(32304K)->31189K(32304K) NonClass: 27411K(28080K)->27411K(28080K) Class: 3778K(4224K)->3778K(4224K)
[43.561s][info][gc             ] GC(118) Pause Young (Allocation Failure) 1439M->998M(1956M) 63.823ms
[43.561s][info][gc,cpu         ] GC(118) User=0.38s Sys=0.00s Real=0.06s
[43.761s][info][gc,start       ] GC(119) Pause Young (Allocation Failure)
[43.828s][info][gc,heap        ] GC(119) PSYoungGen: 586624K->65568K(605696K)
[43.828s][info][gc,heap        ] GC(119) PSOldGen: 948520K->988512K(1398272K)
[43.828s][info][gc,metaspace   ] GC(119) Metaspace: 31189K(32304K)->31189K(32304K) NonClass: 27411K(28080K)->27411K(28080K) Class: 3778K(4224K)->3778K(4224K)
[43.828s][info][gc             ] GC(119) Pause Young (Allocation Failure) 1499M->1029M(1957M) 66.512ms
[43.828s][info][gc,cpu         ] GC(119) User=0.36s Sys=0.00s Real=0.07s
[44.302s][info][gc,start       ] GC(120) Pause Young (Allocation Failure)
[44.358s][info][gc,heap        ] GC(120) PSYoungGen: 578080K->58400K(609280K)
[44.358s][info][gc,heap        ] GC(120) PSOldGen: 988512K->1021896K(1398272K)
[44.358s][info][gc,metaspace   ] GC(120) Metaspace: 31198K(32304K)->31198K(32304K) NonClass: 27420K(28080K)->27420K(28080K) Class: 3778K(4224K)->3778K(4224K)
[44.358s][info][gc             ] GC(120) Pause Young (Allocation Failure) 1529M->1054M(1960M) 56.711ms
[44.358s][info][gc,cpu         ] GC(120) User=0.38s Sys=0.00s Real=0.06s
[44.491s][info][gc,start       ] GC(121) Pause Young (Allocation Failure)
[44.553s][info][gc,heap        ] GC(121) PSYoungGen: 577056K->70464K(608256K)
[44.553s][info][gc,heap        ] GC(121) PSOldGen: 1021896K->1067508K(1398272K)
[44.553s][info][gc,metaspace   ] GC(121) Metaspace: 31198K(32304K)->31198K(32304K) NonClass: 27420K(28080K)->27420K(28080K) Class: 3778K(4224K)->3778K(4224K)
[44.553s][info][gc             ] GC(121) Pause Young (Allocation Failure) 1561M->1111M(1959M) 61.919ms
[44.553s][info][gc,cpu         ] GC(121) User=0.38s Sys=0.00s Real=0.06s
[44.876s][info][gc,start       ] GC(122) Pause Young (Allocation Failure)
[44.942s][info][gc,heap        ] GC(122) PSYoungGen: 589120K->59552K(611328K)
[44.942s][info][gc,heap        ] GC(122) PSOldGen: 1067508K->1105348K(1398272K)
[44.942s][info][gc,metaspace   ] GC(122) Metaspace: 31198K(32304K)->31198K(32304K) NonClass: 27420K(28080K)->27420K(28080K) Class: 3778K(4224K)->3778K(4224K)
[44.943s][info][gc             ] GC(122) Pause Young (Allocation Failure) 1617M->1137M(1962M) 66.155ms
[44.943s][info][gc,cpu         ] GC(122) User=0.38s Sys=0.00s Real=0.07s
[45.507s][info][gc,start       ] GC(123) Pause Young (Allocation Failure)
[45.572s][info][gc,heap        ] GC(123) PSYoungGen: 581792K->75392K(609792K)
[45.572s][info][gc,heap        ] GC(123) PSOldGen: 1105348K->1137460K(1398272K)
[45.572s][info][gc,metaspace   ] GC(123) Metaspace: 31211K(32304K)->31211K(32304K) NonClass: 27433K(28080K)->27433K(28080K) Class: 3778K(4224K)->3778K(4224K)
[45.572s][info][gc             ] GC(123) Pause Young (Allocation Failure) 1647M->1184M(1961M) 65.364ms
[45.572s][info][gc,cpu         ] GC(123) User=0.47s Sys=0.00s Real=0.07s
[45.724s][info][gc,start       ] GC(124) Pause Young (Allocation Failure)
[45.800s][info][gc,heap        ] GC(124) PSYoungGen: 597632K->82048K(602624K)
[45.800s][info][gc,heap        ] GC(124) PSOldGen: 1137460K->1194145K(1398272K)
[45.801s][info][gc,metaspace   ] GC(124) Metaspace: 31211K(32304K)->31211K(32304K) NonClass: 27433K(28080K)->27433K(28080K) Class: 3778K(4224K)->3778K(4224K)
[45.801s][info][gc             ] GC(124) Pause Young (Allocation Failure) 1694M->1246M(1954M) 76.773ms
[45.801s][info][gc,cpu         ] GC(124) User=0.41s Sys=0.00s Real=0.08s
[46.435s][info][gc,start       ] GC(125) Pause Young (System.gc())
[46.485s][info][gc,heap        ] GC(125) PSYoungGen: 484310K->31360K(545280K)
[46.485s][info][gc,heap        ] GC(125) PSOldGen: 1194145K->1228417K(1398272K)
[46.485s][info][gc,metaspace   ] GC(125) Metaspace: 31214K(32304K)->31214K(32304K) NonClass: 27436K(28080K)->27436K(28080K) Class: 3778K(4224K)->3778K(4224K)
[46.485s][info][gc             ] GC(125) Pause Young (System.gc()) 1639M->1230M(1898M) 49.634ms
[46.485s][info][gc,cpu         ] GC(125) User=0.28s Sys=0.00s Real=0.05s
[46.485s][info][gc,start       ] GC(126) Pause Full (System.gc())
[46.485s][info][gc,phases,start] GC(126) Phase 1: Mark live objects
[46.600s][info][gc,phases      ] GC(126) Phase 1: Mark live objects 114.968ms
[46.600s][info][gc,phases,start] GC(126) Phase 2: Compute new object addresses
[46.775s][info][gc,phases      ] GC(126) Phase 2: Compute new object addresses 174.730ms
[46.775s][info][gc,phases,start] GC(126) Phase 3: Adjust pointers
[46.853s][info][gc,phases      ] GC(126) Phase 3: Adjust pointers 78.086ms
[46.853s][info][gc,phases,start] GC(126) Phase 4: Move objects
[46.877s][info][gc,phases      ] GC(126) Phase 4: Move objects 23.472ms
[46.877s][info][gc,heap        ] GC(126) PSYoungGen: 31360K->0K(545280K)
[46.877s][info][gc,heap        ] GC(126) PSOldGen: 1228417K->117623K(1398272K)
[46.877s][info][gc,metaspace   ] GC(126) Metaspace: 31214K(32304K)->31214K(32304K) NonClass: 27436K(28080K)->27436K(28080K) Class: 3778K(4224K)->3778K(4224K)
[46.877s][info][gc             ] GC(126) Pause Full (System.gc()) 1230M->114M(1898M) 392.039ms
[46.877s][info][gc,cpu         ] GC(126) User=0.39s Sys=0.00s Real=0.39s
[47.021s][info][gc,start       ] GC(127) Pause Young (Allocation Failure)
[47.057s][info][gc,heap        ] GC(127) PSYoungGen: 513536K->66432K(604672K)
[47.057s][info][gc,heap        ] GC(127) PSOldGen: 117623K->117623K(1398272K)
[47.057s][info][gc,metaspace   ] GC(127) Metaspace: 31215K(32304K)->31215K(32304K) NonClass: 27437K(28080K)->27437K(28080K) Class: 3778K(4224K)->3778K(4224K)
[47.057s][info][gc             ] GC(127) Pause Young (Allocation Failure) 616M->179M(1956M) 35.942ms
[47.057s][info][gc,cpu         ] GC(127) User=0.28s Sys=0.00s Real=0.03s
[47.197s][info][gc,start       ] GC(128) Pause Young (Allocation Failure)
[47.265s][info][gc,heap        ] GC(128) PSYoungGen: 574336K->76480K(602112K)
[47.265s][info][gc,heap        ] GC(128) PSOldGen: 117623K->166192K(1398272K)
[47.265s][info][gc,metaspace   ] GC(128) Metaspace: 31215K(32304K)->31215K(32304K) NonClass: 27437K(28080K)->27437K(28080K) Class: 3778K(4224K)->3778K(4224K)
[47.265s][info][gc             ] GC(128) Pause Young (Allocation Failure) 675M->236M(1953M) 67.884ms
[47.265s][info][gc,cpu         ] GC(128) User=0.36s Sys=0.00s Real=0.07s
[47.810s][info][gc,start       ] GC(129) Pause Young (Allocation Failure)
[47.861s][info][gc,heap        ] GC(129) PSYoungGen: 584384K->49952K(603648K)
[47.861s][info][gc,heap        ] GC(129) PSOldGen: 166192K->198176K(1398272K)
[47.861s][info][gc,metaspace   ] GC(129) Metaspace: 31220K(32304K)->31220K(32304K) NonClass: 27442K(28080K)->27442K(28080K) Class: 3778K(4224K)->3778K(4224K)
[47.861s][info][gc             ] GC(129) Pause Young (Allocation Failure) 732M->242M(1955M) 50.797ms
[47.861s][info][gc,cpu         ] GC(129) User=0.27s Sys=0.02s Real=0.05s
[47.993s][info][gc,start       ] GC(130) Pause Young (Allocation Failure)
[48.051s][info][gc,heap        ] GC(130) PSYoungGen: 557856K->64544K(603136K)
[48.051s][info][gc,heap        ] GC(130) PSOldGen: 198176K->242628K(1398272K)
[48.051s][info][gc,metaspace   ] GC(130) Metaspace: 31220K(32304K)->31220K(32304K) NonClass: 27442K(28080K)->27442K(28080K) Class: 3778K(4224K)->3778K(4224K)
[48.051s][info][gc             ] GC(130) Pause Young (Allocation Failure) 738M->299M(1954M) 58.394ms
[48.051s][info][gc,cpu         ] GC(130) User=0.28s Sys=0.00s Real=0.06s
[48.183s][info][gc,start       ] GC(131) Pause Young (Allocation Failure)
[48.250s][info][gc,heap        ] GC(131) PSYoungGen: 572448K->69280K(607232K)
[48.250s][info][gc,heap        ] GC(131) PSOldGen: 242628K->294500K(1398272K)
[48.250s][info][gc,metaspace   ] GC(131) Metaspace: 31220K(32304K)->31220K(32304K) NonClass: 27442K(28080K)->27442K(28080K) Class: 3778K(4224K)->3778K(4224K)
[48.250s][info][gc             ] GC(131) Pause Young (Allocation Failure) 795M->355M(1958M) 66.685ms
[48.250s][info][gc,cpu         ] GC(131) User=0.34s Sys=0.00s Real=0.07s
[48.932s][info][gc,start       ] GC(132) Pause Young (Allocation Failure)
[48.986s][info][gc,heap        ] GC(132) PSYoungGen: 583840K->47712K(606208K)
[48.986s][info][gc,heap        ] GC(132) PSOldGen: 294500K->324596K(1398272K)
[48.986s][info][gc,metaspace   ] GC(132) Metaspace: 31240K(32304K)->31240K(32304K) NonClass: 27462K(28080K)->27462K(28080K) Class: 3778K(4224K)->3778K(4224K)
[48.987s][info][gc             ] GC(132) Pause Young (Allocation Failure) 857M->363M(1957M) 54.911ms
[48.987s][info][gc,cpu         ] GC(132) User=0.28s Sys=0.00s Real=0.06s
[49.130s][info][gc,start       ] GC(133) Pause Young (Allocation Failure)
[49.191s][info][gc,heap        ] GC(133) PSYoungGen: 562272K->72960K(605184K)
[49.191s][info][gc,heap        ] GC(133) PSOldGen: 324596K->363133K(1398272K)
[49.191s][info][gc,metaspace   ] GC(133) Metaspace: 31240K(32304K)->31240K(32304K) NonClass: 27462K(28080K)->27462K(28080K) Class: 3778K(4224K)->3778K(4224K)
[49.191s][info][gc             ] GC(133) Pause Young (Allocation Failure) 866M->425M(1956M) 61.362ms
[49.191s][info][gc,cpu         ] GC(133) User=0.38s Sys=0.00s Real=0.06s
[49.329s][info][gc,start       ] GC(134) Pause Young (Allocation Failure)
[49.398s][info][gc,heap        ] GC(134) PSYoungGen: 586496K->70560K(606208K)
[49.398s][info][gc,heap        ] GC(134) PSOldGen: 363133K->421525K(1398272K)
[49.398s][info][gc,metaspace   ] GC(134) Metaspace: 31240K(32304K)->31240K(32304K) NonClass: 27462K(28080K)->27462K(28080K) Class: 3778K(4224K)->3778K(4224K)
[49.398s][info][gc             ] GC(134) Pause Young (Allocation Failure) 927M->480M(1957M) 69.514ms
[49.398s][info][gc,cpu         ] GC(134) User=0.38s Sys=0.00s Real=0.07s
[50.120s][info][gc,start       ] GC(135) Pause Young (Allocation Failure)
[50.176s][info][gc,heap        ] GC(135) PSYoungGen: 584096K->56416K(607744K)
[50.176s][info][gc,heap        ] GC(135) PSOldGen: 421525K->452085K(1398272K)
[50.176s][info][gc,metaspace   ] GC(135) Metaspace: 31257K(32304K)->31257K(32304K) NonClass: 27479K(28080K)->27479K(28080K) Class: 3778K(4224K)->3778K(4224K)
[50.176s][info][gc             ] GC(135) Pause Young (Allocation Failure) 982M->496M(1959M) 55.250ms
[50.176s][info][gc,cpu         ] GC(135) User=0.28s Sys=0.00s Real=0.06s
[50.322s][info][gc,start       ] GC(136) Pause Young (Allocation Failure)
[50.389s][info][gc,heap        ] GC(136) PSYoungGen: 572000K->77056K(592896K)
[50.389s][info][gc,heap        ] GC(136) PSOldGen: 452085K->494473K(1398272K)
[50.389s][info][gc,metaspace   ] GC(136) Metaspace: 31257K(32304K)->31257K(32304K) NonClass: 27479K(28080K)->27479K(28080K) Class: 3778K(4224K)->3778K(4224K)
[50.389s][info][gc             ] GC(136) Pause Young (Allocation Failure) 1000M->558M(1944M) 66.124ms
[50.389s][info][gc,cpu         ] GC(136) User=0.38s Sys=0.00s Real=0.07s
[50.600s][info][gc,start       ] GC(137) Pause Young (Allocation Failure)
[50.668s][info][gc,heap        ] GC(137) PSYoungGen: 592640K->68096K(607232K)
[50.668s][info][gc,heap        ] GC(137) PSOldGen: 494473K->534321K(1398272K)
[50.668s][info][gc,metaspace   ] GC(137) Metaspace: 31257K(32304K)->31257K(32304K) NonClass: 27479K(28080K)->27479K(28080K) Class: 3778K(4224K)->3778K(4224K)
[50.668s][info][gc             ] GC(137) Pause Young (Allocation Failure) 1061M->588M(1958M) 68.156ms
[50.668s][info][gc,cpu         ] GC(137) User=0.42s Sys=0.02s Real=0.08s
[51.194s][info][gc,start       ] GC(138) Pause Young (Allocation Failure)
[51.254s][info][gc,heap        ] GC(138) PSYoungGen: 582144K->58656K(605696K)
[51.254s][info][gc,heap        ] GC(138) PSOldGen: 534321K->569385K(1398272K)
[51.254s][info][gc,metaspace   ] GC(138) Metaspace: 31265K(32304K)->31265K(32304K) NonClass: 27487K(28080K)->27487K(28080K) Class: 3778K(4224K)->3778K(4224K)
[51.254s][info][gc             ] GC(138) Pause Young (Allocation Failure) 1090M->613M(1957M) 60.004ms
[51.254s][info][gc,cpu         ] GC(138) User=0.34s Sys=0.00s Real=0.06s
[51.389s][info][gc,start       ] GC(139) Pause Young (Allocation Failure)
[51.455s][info][gc,heap        ] GC(139) PSYoungGen: 572704K->72256K(608768K)
[51.455s][info][gc,heap        ] GC(139) PSOldGen: 569385K->612997K(1398272K)
[51.455s][info][gc,metaspace   ] GC(139) Metaspace: 31265K(32304K)->31265K(32304K) NonClass: 27487K(28080K)->27487K(28080K) Class: 3778K(4224K)->3778K(4224K)
[51.455s][info][gc             ] GC(139) Pause Young (Allocation Failure) 1115M->669M(1960M) 65.872ms
[51.455s][info][gc,cpu         ] GC(139) User=0.36s Sys=0.00s Real=0.07s
[51.746s][info][gc,start       ] GC(140) Pause Young (Allocation Failure)
[51.807s][info][gc,heap        ] GC(140) PSYoungGen: 590912K->60544K(608768K)
[51.807s][info][gc,heap        ] GC(140) PSOldGen: 612997K->649397K(1398272K)
[51.808s][info][gc,metaspace   ] GC(140) Metaspace: 31265K(32304K)->31265K(32304K) NonClass: 27487K(28080K)->27487K(28080K) Class: 3778K(4224K)->3778K(4224K)
[51.808s][info][gc             ] GC(140) Pause Young (Allocation Failure) 1175M->693M(1960M) 61.579ms
[51.808s][info][gc,cpu         ] GC(140) User=0.36s Sys=0.02s Real=0.07s
[52.246s][info][gc,start       ] GC(141) Pause Young (Allocation Failure)
[52.303s][info][gc,heap        ] GC(141) PSYoungGen: 579200K->62880K(612352K)
[52.303s][info][gc,heap        ] GC(141) PSOldGen: 649397K->682309K(1398272K)
[52.303s][info][gc,metaspace   ] GC(141) Metaspace: 31267K(32304K)->31267K(32304K) NonClass: 27489K(28080K)->27489K(28080K) Class: 3778K(4224K)->3778K(4224K)
[52.303s][info][gc             ] GC(141) Pause Young (Allocation Failure) 1199M->727M(1963M) 57.155ms
[52.303s][info][gc,cpu         ] GC(141) User=0.28s Sys=0.00s Real=0.06s
[52.446s][info][gc,start       ] GC(142) Pause Young (Allocation Failure)
[52.512s][info][gc,heap        ] GC(142) PSYoungGen: 586656K->76352K(610304K)
[52.512s][info][gc,heap        ] GC(142) PSOldGen: 682309K->730362K(1398272K)
[52.512s][info][gc,metaspace   ] GC(142) Metaspace: 31267K(32304K)->31267K(32304K) NonClass: 27489K(28080K)->27489K(28080K) Class: 3778K(4224K)->3778K(4224K)
[52.512s][info][gc             ] GC(142) Pause Young (Allocation Failure) 1239M->787M(1961M) 66.050ms
[52.512s][info][gc,cpu         ] GC(142) User=0.38s Sys=0.00s Real=0.07s
[53.057s][info][gc,start       ] GC(143) Pause Young (Allocation Failure)
[53.111s][info][gc,heap        ] GC(143) PSYoungGen: 600128K->47360K(608256K)
[53.111s][info][gc,heap        ] GC(143) PSOldGen: 730362K->763962K(1398272K)
[53.111s][info][gc,metaspace   ] GC(143) Metaspace: 31267K(32304K)->31267K(32304K) NonClass: 27489K(28080K)->27489K(28080K) Class: 3778K(4224K)->3778K(4224K)
[53.111s][info][gc             ] GC(143) Pause Young (Allocation Failure) 1299M->792M(1959M) 54.305ms
[53.111s][info][gc,cpu         ] GC(143) User=0.28s Sys=0.00s Real=0.05s
[53.490s][info][gc,start       ] GC(144) Pause Young (Allocation Failure)
[53.553s][info][gc,heap        ] GC(144) PSYoungGen: 567040K->81760K(601600K)
[53.553s][info][gc,heap        ] GC(144) PSOldGen: 763962K->796058K(1398272K)
[53.553s][info][gc,metaspace   ] GC(144) Metaspace: 31267K(32304K)->31267K(32304K) NonClass: 27489K(28080K)->27489K(28080K) Class: 3778K(4224K)->3778K(4224K)
[53.553s][info][gc             ] GC(144) Pause Young (Allocation Failure) 1299M->857M(1953M) 63.344ms
[53.553s][info][gc,cpu         ] GC(144) User=0.38s Sys=0.00s Real=0.07s
[53.702s][info][gc,start       ] GC(145) Pause Young (Allocation Failure)
[53.776s][info][gc,heap        ] GC(145) PSYoungGen: 601440K->74624K(604160K)
[53.776s][info][gc,heap        ] GC(145) PSOldGen: 796058K->862546K(1398272K)
[53.776s][info][gc,metaspace   ] GC(145) Metaspace: 31267K(32304K)->31267K(32304K) NonClass: 27489K(28080K)->27489K(28080K) Class: 3778K(4224K)->3778K(4224K)
[53.776s][info][gc             ] GC(145) Pause Young (Allocation Failure) 1364M->915M(1955M) 74.228ms
[53.776s][info][gc,cpu         ] GC(145) User=0.45s Sys=0.00s Real=0.07s
[54.492s][info][gc,start       ] GC(146) Pause Young (Allocation Failure)
[54.552s][info][gc,heap        ] GC(146) PSYoungGen: 585088K->54368K(604672K)
[54.552s][info][gc,heap        ] GC(146) PSOldGen: 862546K->894810K(1398272K)
[54.552s][info][gc,metaspace   ] GC(146) Metaspace: 31275K(32304K)->31275K(32304K) NonClass: 27497K(28080K)->27497K(28080K) Class: 3778K(4224K)->3778K(4224K)
[54.553s][info][gc             ] GC(146) Pause Young (Allocation Failure) 1413M->926M(1956M) 60.070ms
[54.553s][info][gc,cpu         ] GC(146) User=0.28s Sys=0.00s Real=0.06s
[54.698s][info][gc,start       ] GC(147) Pause Young (Allocation Failure)
[54.761s][info][gc,heap        ] GC(147) PSYoungGen: 564832K->72320K(605696K)
[54.761s][info][gc,heap        ] GC(147) PSOldGen: 894810K->938483K(1398272K)
[54.761s][info][gc,metaspace   ] GC(147) Metaspace: 31275K(32304K)->31275K(32304K) NonClass: 27497K(28080K)->27497K(28080K) Class: 3778K(4224K)->3778K(4224K)
[54.761s][info][gc             ] GC(147) Pause Young (Allocation Failure) 1425M->987M(1957M) 63.312ms
[54.761s][info][gc,cpu         ] GC(147) User=0.38s Sys=0.00s Real=0.06s
[54.931s][info][gc,start       ] GC(148) Pause Young (Allocation Failure)
[55.003s][info][gc,heap        ] GC(148) PSYoungGen: 584320K->77984K(590336K)
[55.003s][info][gc,heap        ] GC(148) PSOldGen: 938483K->982227K(1398272K)
[55.003s][info][gc,metaspace   ] GC(148) Metaspace: 31275K(32304K)->31275K(32304K) NonClass: 27497K(28080K)->27497K(28080K) Class: 3778K(4224K)->3778K(4224K)
[55.003s][info][gc             ] GC(148) Pause Young (Allocation Failure) 1487M->1035M(1942M) 72.432ms
[55.003s][info][gc,cpu         ] GC(148) User=0.38s Sys=0.00s Real=0.07s
[55.557s][info][gc,start       ] GC(149) Pause Young (Allocation Failure)
[55.618s][info][gc,heap        ] GC(149) PSYoungGen: 589984K->67680K(606720K)
[55.618s][info][gc,heap        ] GC(149) PSOldGen: 982227K->1017011K(1398272K)
[55.618s][info][gc,metaspace   ] GC(149) Metaspace: 31282K(32304K)->31282K(32304K) NonClass: 27504K(28080K)->27504K(28080K) Class: 3778K(4224K)->3778K(4224K)
[55.619s][info][gc             ] GC(149) Pause Young (Allocation Failure) 1535M->1059M(1958M) 61.720ms
[55.619s][info][gc,cpu         ] GC(149) User=0.38s Sys=0.00s Real=0.06s
[55.758s][info][gc,start       ] GC(150) Pause Young (Allocation Failure)
[55.825s][info][gc,heap        ] GC(150) PSYoungGen: 579168K->75456K(603648K)
[55.826s][info][gc,heap        ] GC(150) PSOldGen: 1017011K->1069011K(1398272K)
[55.826s][info][gc,metaspace   ] GC(150) Metaspace: 31282K(32304K)->31282K(32304K) NonClass: 27504K(28080K)->27504K(28080K) Class: 3778K(4224K)->3778K(4224K)
[55.826s][info][gc             ] GC(150) Pause Young (Allocation Failure) 1558M->1117M(1955M) 67.756ms
[55.826s][info][gc,cpu         ] GC(150) User=0.39s Sys=0.00s Real=0.07s
[56.407s][info][gc,start       ] GC(151) Pause Young (Allocation Failure)
[56.469s][info][gc,heap        ] GC(151) PSYoungGen: 586944K->44640K(603136K)
[56.469s][info][gc,heap        ] GC(151) PSOldGen: 1069011K->1101851K(1398272K)
[56.469s][info][gc,metaspace   ] GC(151) Metaspace: 31282K(32304K)->31282K(32304K) NonClass: 27504K(28080K)->27504K(28080K) Class: 3778K(4224K)->3778K(4224K)
[56.469s][info][gc             ] GC(151) Pause Young (Allocation Failure) 1617M->1119M(1954M) 61.490ms
[56.469s][info][gc,cpu         ] GC(151) User=0.38s Sys=0.00s Real=0.06s
[56.698s][info][gc,start       ] GC(152) Pause Young (Allocation Failure)
[56.755s][info][gc,heap        ] GC(152) PSYoungGen: 555104K->67456K(604672K)
[56.755s][info][gc,heap        ] GC(152) PSOldGen: 1101851K->1136867K(1398272K)
[56.755s][info][gc,metaspace   ] GC(152) Metaspace: 31282K(32304K)->31282K(32304K) NonClass: 27504K(28080K)->27504K(28080K) Class: 3778K(4224K)->3778K(4224K)
[56.755s][info][gc             ] GC(152) Pause Young (Allocation Failure) 1618M->1176M(1956M) 56.711ms
[56.755s][info][gc,cpu         ] GC(152) User=0.25s Sys=0.02s Real=0.06s
[56.888s][info][gc,start       ] GC(153) Pause Young (Allocation Failure)
[56.954s][info][gc,heap        ] GC(153) PSYoungGen: 577920K->72896K(606720K)
[56.954s][info][gc,heap        ] GC(153) PSOldGen: 1136867K->1189888K(1398272K)
[56.954s][info][gc,metaspace   ] GC(153) Metaspace: 31282K(32304K)->31282K(32304K) NonClass: 27504K(28080K)->27504K(28080K) Class: 3778K(4224K)->3778K(4224K)
[56.954s][info][gc             ] GC(153) Pause Young (Allocation Failure) 1674M->1233M(1958M) 66.706ms
[56.955s][info][gc,cpu         ] GC(153) User=0.36s Sys=0.02s Real=0.07s
[57.702s][info][gc,start       ] GC(154) Pause Young (System.gc())
[57.749s][info][gc,heap        ] GC(154) PSYoungGen: 534170K->35264K(547840K)
[57.750s][info][gc,heap        ] GC(154) PSOldGen: 1189888K->1220968K(1398272K)
[57.750s][info][gc,metaspace   ] GC(154) Metaspace: 31283K(32304K)->31283K(32304K) NonClass: 27505K(28080K)->27505K(28080K) Class: 3778K(4224K)->3778K(4224K)
[57.750s][info][gc             ] GC(154) Pause Young (System.gc()) 1683M->1226M(1900M) 47.882ms
[57.750s][info][gc,cpu         ] GC(154) User=0.28s Sys=0.00s Real=0.05s
[57.750s][info][gc,start       ] GC(155) Pause Full (System.gc())
[57.750s][info][gc,phases,start] GC(155) Phase 1: Mark live objects
[57.859s][info][gc,phases      ] GC(155) Phase 1: Mark live objects 108.922ms
[57.859s][info][gc,phases,start] GC(155) Phase 2: Compute new object addresses
[58.032s][info][gc,phases      ] GC(155) Phase 2: Compute new object addresses 172.937ms
[58.032s][info][gc,phases,start] GC(155) Phase 3: Adjust pointers
[58.111s][info][gc,phases      ] GC(155) Phase 3: Adjust pointers 79.024ms
[58.111s][info][gc,phases,start] GC(155) Phase 4: Move objects
[58.135s][info][gc,phases      ] GC(155) Phase 4: Move objects 23.764ms
[58.135s][info][gc,heap        ] GC(155) PSYoungGen: 35264K->0K(547840K)
[58.135s][info][gc,heap        ] GC(155) PSOldGen: 1220968K->117649K(1398272K)
[58.135s][info][gc,metaspace   ] GC(155) Metaspace: 31283K(32304K)->31283K(32304K) NonClass: 27505K(28080K)->27505K(28080K) Class: 3778K(4224K)->3778K(4224K)
[58.135s][info][gc             ] GC(155) Pause Full (System.gc()) 1226M->114M(1900M) 385.438ms
[58.135s][info][gc,cpu         ] GC(155) User=0.38s Sys=0.02s Real=0.38s
[58.285s][info][gc,start       ] GC(156) Pause Young (Allocation Failure)
[58.330s][info][gc,heap        ] GC(156) PSYoungGen: 512512K->68960K(605184K)
[58.330s][info][gc,heap        ] GC(156) PSOldGen: 117649K->117649K(1398272K)
[58.330s][info][gc,metaspace   ] GC(156) Metaspace: 31295K(32304K)->31295K(32304K) NonClass: 27517K(28080K)->27517K(28080K) Class: 3778K(4224K)->3778K(4224K)
[58.330s][info][gc             ] GC(156) Pause Young (Allocation Failure) 615M->182M(1956M) 44.665ms
[58.330s][info][gc,cpu         ] GC(156) User=0.28s Sys=0.00s Real=0.04s
[58.473s][info][gc,start       ] GC(157) Pause Young (Allocation Failure)
[58.539s][info][gc,heap        ] GC(157) PSYoungGen: 578912K->76352K(603648K)
[58.539s][info][gc,heap        ] GC(157) PSOldGen: 117649K->168657K(1398272K)
[58.539s][info][gc,metaspace   ] GC(157) Metaspace: 31296K(32304K)->31296K(32304K) NonClass: 27518K(28080K)->27518K(28080K) Class: 3778K(4224K)->3778K(4224K)
[58.539s][info][gc             ] GC(157) Pause Young (Allocation Failure) 680M->239M(1955M) 65.483ms
[58.539s][info][gc,cpu         ] GC(157) User=0.36s Sys=0.02s Real=0.07s
[59.179s][info][gc,start       ] GC(158) Pause Young (Allocation Failure)
[59.232s][info][gc,heap        ] GC(158) PSYoungGen: 586304K->45056K(602624K)
[59.232s][info][gc,heap        ] GC(158) PSOldGen: 168657K->201001K(1398272K)
[59.232s][info][gc,metaspace   ] GC(158) Metaspace: 31311K(32304K)->31311K(32304K) NonClass: 27533K(28080K)->27533K(28080K) Class: 3778K(4224K)->3778K(4224K)
[59.232s][info][gc             ] GC(158) Pause Young (Allocation Failure) 737M->240M(1954M) 53.814ms
[59.232s][info][gc,cpu         ] GC(158) User=0.33s Sys=0.00s Real=0.06s
[59.370s][info][gc,start       ] GC(159) Pause Young (Allocation Failure)
[59.437s][info][gc,heap        ] GC(159) PSYoungGen: 552448K->68832K(603136K)
[59.438s][info][gc,heap        ] GC(159) PSOldGen: 201001K->238954K(1398272K)
[59.438s][info][gc,metaspace   ] GC(159) Metaspace: 31311K(32304K)->31311K(32304K) NonClass: 27533K(28080K)->27533K(28080K) Class: 3778K(4224K)->3778K(4224K)
[59.438s][info][gc             ] GC(159) Pause Young (Allocation Failure) 735M->300M(1954M) 67.229ms
[59.438s][info][gc,cpu         ] GC(159) User=0.34s Sys=0.00s Real=0.07s
[59.574s][info][gc,start       ] GC(160) Pause Young (Allocation Failure)
[59.646s][info][gc,heap        ] GC(160) PSYoungGen: 576224K->74240K(602112K)
[59.646s][info][gc,heap        ] GC(160) PSOldGen: 238954K->291346K(1398272K)
[59.646s][info][gc,metaspace   ] GC(160) Metaspace: 31311K(32304K)->31311K(32304K) NonClass: 27533K(28080K)->27533K(28080K) Class: 3778K(4224K)->3778K(4224K)
[59.646s][info][gc             ] GC(160) Pause Young (Allocation Failure) 796M->357M(1953M) 72.299ms
[59.646s][info][gc,cpu         ] GC(160) User=0.36s Sys=0.02s Real=0.07s
[60.326s][info][gc,start       ] GC(161) Pause Young (Allocation Failure)
[60.391s][info][gc,heap        ] GC(161) PSYoungGen: 581632K->48608K(603136K)
[60.391s][info][gc,heap        ] GC(161) PSOldGen: 291346K->322178K(1398272K)
[60.391s][info][gc,metaspace   ] GC(161) Metaspace: 31322K(32304K)->31322K(32304K) NonClass: 27544K(28080K)->27544K(28080K) Class: 3778K(4224K)->3778K(4224K)
[60.391s][info][gc             ] GC(161) Pause Young (Allocation Failure) 852M->362M(1954M) 64.203ms
[60.391s][info][gc,cpu         ] GC(161) User=0.38s Sys=0.00s Real=0.06s
[60.530s][info][gc,start       ] GC(162) Pause Young (Allocation Failure)
[60.588s][info][gc,heap        ] GC(162) PSYoungGen: 556000K->66944K(605696K)
[60.588s][info][gc,heap        ] GC(162) PSOldGen: 322178K->363670K(1398272K)
[60.588s][info][gc,metaspace   ] GC(162) Metaspace: 31322K(32304K)->31322K(32304K) NonClass: 27544K(28080K)->27544K(28080K) Class: 3778K(4224K)->3778K(4224K)
[60.588s][info][gc             ] GC(162) Pause Young (Allocation Failure) 857M->420M(1957M) 58.163ms
[60.588s][info][gc,cpu         ] GC(162) User=0.34s Sys=0.00s Real=0.06s
[60.721s][info][gc,start       ] GC(163) Pause Young (Allocation Failure)
[60.799s][info][gc,heap        ] GC(163) PSYoungGen: 577408K->70304K(603648K)
[60.799s][info][gc,heap        ] GC(163) PSOldGen: 363670K->418550K(1398272K)
[60.799s][info][gc,metaspace   ] GC(163) Metaspace: 31322K(32304K)->31322K(32304K) NonClass: 27544K(28080K)->27544K(28080K) Class: 3778K(4224K)->3778K(4224K)
[60.799s][info][gc             ] GC(163) Pause Young (Allocation Failure) 919M->477M(1955M) 78.714ms
[60.799s][info][gc,cpu         ] GC(163) User=0.47s Sys=0.00s Real=0.08s
[61.387s][info][gc,start       ] GC(164) Pause Young (Allocation Failure)
[61.439s][info][gc,heap        ] GC(164) PSYoungGen: 580768K->49920K(606208K)
[61.439s][info][gc,heap        ] GC(164) PSOldGen: 418550K->448766K(1398272K)
[61.439s][info][gc,metaspace   ] GC(164) Metaspace: 31326K(32304K)->31326K(32304K) NonClass: 27548K(28080K)->27548K(28080K) Class: 3778K(4224K)->3778K(4224K)
[61.439s][info][gc             ] GC(164) Pause Young (Allocation Failure) 975M->486M(1957M) 51.454ms
[61.439s][info][gc,cpu         ] GC(164) User=0.28s Sys=0.00s Real=0.05s
[61.587s][info][gc,start       ] GC(165) Pause Young (Allocation Failure)
[61.648s][info][gc,heap        ] GC(165) PSYoungGen: 562944K->72640K(605696K)
[61.648s][info][gc,heap        ] GC(165) PSOldGen: 448766K->489063K(1398272K)
[61.648s][info][gc,metaspace   ] GC(165) Metaspace: 31326K(32304K)->31326K(32304K) NonClass: 27548K(28080K)->27548K(28080K) Class: 3778K(4224K)->3778K(4224K)
[61.648s][info][gc             ] GC(165) Pause Young (Allocation Failure) 987M->548M(1957M) 60.828ms
[61.648s][info][gc,cpu         ] GC(165) User=0.27s Sys=0.00s Real=0.06s
[61.787s][info][gc,start       ] GC(166) Pause Young (Allocation Failure)
[61.864s][info][gc,heap        ] GC(166) PSYoungGen: 585664K->75104K(602624K)
[61.864s][info][gc,heap        ] GC(166) PSOldGen: 489063K->545519K(1398272K)
[61.864s][info][gc,metaspace   ] GC(166) Metaspace: 31326K(32304K)->31326K(32304K) NonClass: 27548K(28080K)->27548K(28080K) Class: 3778K(4224K)->3778K(4224K)
[61.864s][info][gc             ] GC(166) Pause Young (Allocation Failure) 1049M->606M(1954M) 77.038ms
[61.864s][info][gc,cpu         ] GC(166) User=0.45s Sys=0.02s Real=0.08s
[62.360s][info][gc,start       ] GC(167) Pause Young (Allocation Failure)
[62.425s][info][gc,heap        ] GC(167) PSYoungGen: 584544K->57888K(604160K)
[62.425s][info][gc,heap        ] GC(167) PSOldGen: 545519K->577103K(1398272K)
[62.425s][info][gc,metaspace   ] GC(167) Metaspace: 31337K(32304K)->31337K(32304K) NonClass: 27559K(28080K)->27559K(28080K) Class: 3778K(4224K)->3778K(4224K)
[62.425s][info][gc             ] GC(167) Pause Young (Allocation Failure) 1103M->620M(1955M) 65.518ms
[62.425s][info][gc,cpu         ] GC(167) User=0.38s Sys=0.00s Real=0.07s
[62.571s][info][gc,start       ] GC(168) Pause Young (Allocation Failure)
[62.635s][info][gc,heap        ] GC(168) PSYoungGen: 567328K->73120K(605184K)
[62.635s][info][gc,heap        ] GC(168) PSOldGen: 577103K->622063K(1398272K)
[62.635s][info][gc,metaspace   ] GC(168) Metaspace: 31337K(32304K)->31337K(32304K) NonClass: 27559K(28080K)->27559K(28080K) Class: 3778K(4224K)->3778K(4224K)
[62.635s][info][gc             ] GC(168) Pause Young (Allocation Failure) 1117M->678M(1956M) 63.386ms
[62.635s][info][gc,cpu         ] GC(168) User=0.38s Sys=0.00s Real=0.06s
[62.858s][info][gc,start       ] GC(169) Pause Young (Allocation Failure)
[62.923s][info][gc,heap        ] GC(169) PSYoungGen: 585632K->65792K(605696K)
[62.923s][info][gc,heap        ] GC(169) PSOldGen: 622063K->661615K(1398272K)
[62.923s][info][gc,metaspace   ] GC(169) Metaspace: 31337K(32304K)->31337K(32304K) NonClass: 27559K(28080K)->27559K(28080K) Class: 3778K(4224K)->3778K(4224K)
[62.923s][info][gc             ] GC(169) Pause Young (Allocation Failure) 1179M->710M(1957M) 65.669ms
[62.923s][info][gc,cpu         ] GC(169) User=0.38s Sys=0.00s Real=0.08s
[63.419s][info][gc,start       ] GC(170) Pause Young (Allocation Failure)
[63.475s][info][gc,heap        ] GC(170) PSYoungGen: 578304K->58272K(609792K)
[63.475s][info][gc,heap        ] GC(170) PSOldGen: 661615K->695367K(1398272K)
[63.475s][info][gc,metaspace   ] GC(170) Metaspace: 31347K(32304K)->31347K(32304K) NonClass: 27569K(28080K)->27569K(28080K) Class: 3778K(4224K)->3778K(4224K)
[63.475s][info][gc             ] GC(170) Pause Young (Allocation Failure) 1210M->735M(1961M) 56.375ms
[63.475s][info][gc,cpu         ] GC(170) User=0.28s Sys=0.00s Real=0.06s
[63.630s][info][gc,start       ] GC(171) Pause Young (Allocation Failure)
[63.695s][info][gc,heap        ] GC(171) PSYoungGen: 577440K->82272K(601600K)
[63.695s][info][gc,heap        ] GC(171) PSOldGen: 695367K->735560K(1398272K)
[63.695s][info][gc,metaspace   ] GC(171) Metaspace: 31347K(32304K)->31347K(32304K) NonClass: 27569K(28080K)->27569K(28080K) Class: 3778K(4224K)->3778K(4224K)
[63.695s][info][gc             ] GC(171) Pause Young (Allocation Failure) 1242M->798M(1953M) 64.411ms
[63.695s][info][gc,cpu         ] GC(171) User=0.38s Sys=0.00s Real=0.06s
[64.061s][info][gc,start       ] GC(172) Pause Young (Allocation Failure)
[64.121s][info][gc,heap        ] GC(172) PSYoungGen: 601440K->54816K(606208K)
[64.121s][info][gc,heap        ] GC(172) PSOldGen: 735560K->772352K(1398272K)
[64.121s][info][gc,metaspace   ] GC(172) Metaspace: 31347K(32304K)->31347K(32304K) NonClass: 27569K(28080K)->27569K(28080K) Class: 3778K(4224K)->3778K(4224K)
[64.121s][info][gc             ] GC(172) Pause Young (Allocation Failure) 1305M->807M(1957M) 60.088ms
[64.121s][info][gc,cpu         ] GC(172) User=0.38s Sys=0.00s Real=0.06s
[64.593s][info][gc,start       ] GC(173) Pause Young (Allocation Failure)
[64.657s][info][gc,heap        ] GC(173) PSYoungGen: 567328K->77728K(590336K)
[64.657s][info][gc,heap        ] GC(173) PSOldGen: 772352K->802976K(1398272K)
[64.657s][info][gc,metaspace   ] GC(173) Metaspace: 31349K(32304K)->31349K(32304K) NonClass: 27571K(28080K)->27571K(28080K) Class: 3778K(4224K)->3778K(4224K)
[64.657s][info][gc             ] GC(173) Pause Young (Allocation Failure) 1308M->860M(1942M) 63.794ms
[64.657s][info][gc,cpu         ] GC(173) User=0.33s Sys=0.00s Real=0.06s
[64.786s][info][gc,start       ] GC(174) Pause Young (Allocation Failure)
[64.861s][info][gc,heap        ] GC(174) PSYoungGen: 590240K->68128K(606208K)
[64.861s][info][gc,heap        ] GC(174) PSOldGen: 802976K->869156K(1398272K)
[64.861s][info][gc,metaspace   ] GC(174) Metaspace: 31349K(32304K)->31349K(32304K) NonClass: 27571K(28080K)->27571K(28080K) Class: 3778K(4224K)->3778K(4224K)
[64.861s][info][gc             ] GC(174) Pause Young (Allocation Failure) 1360M->915M(1957M) 75.137ms
[64.861s][info][gc,cpu         ] GC(174) User=0.41s Sys=0.00s Real=0.08s
[65.691s][info][gc,start       ] GC(175) Pause Young (Allocation Failure)
[65.743s][info][gc,heap        ] GC(175) PSYoungGen: 579616K->48608K(604160K)
[65.743s][info][gc,heap        ] GC(175) PSOldGen: 869156K->898780K(1398272K)
[65.743s][info][gc,metaspace   ] GC(175) Metaspace: 31351K(32304K)->31351K(32304K) NonClass: 27573K(28080K)->27573K(28080K) Class: 3778K(4224K)->3778K(4224K)
[65.743s][info][gc             ] GC(175) Pause Young (Allocation Failure) 1414M->925M(1955M) 51.974ms
[65.743s][info][gc,cpu         ] GC(175) User=0.38s Sys=0.00s Real=0.05s
[65.895s][info][gc,start       ] GC(176) Pause Young (Allocation Failure)
[65.957s][info][gc,heap        ] GC(176) PSYoungGen: 560096K->72864K(605696K)
[65.957s][info][gc,heap        ] GC(176) PSOldGen: 898780K->939393K(1398272K)
[65.957s][info][gc,metaspace   ] GC(176) Metaspace: 31351K(32304K)->31351K(32304K) NonClass: 27573K(28080K)->27573K(28080K) Class: 3778K(4224K)->3778K(4224K)
[65.957s][info][gc             ] GC(176) Pause Young (Allocation Failure) 1424M->988M(1957M) 61.788ms
[65.957s][info][gc,cpu         ] GC(176) User=0.38s Sys=0.00s Real=0.06s
[66.097s][info][gc,start       ] GC(177) Pause Young (Allocation Failure)
[66.175s][info][gc,heap        ] GC(177) PSYoungGen: 585376K->73376K(605696K)
[66.175s][info][gc,heap        ] GC(177) PSOldGen: 939393K->996713K(1398272K)
[66.175s][info][gc,metaspace   ] GC(177) Metaspace: 31351K(32304K)->31351K(32304K) NonClass: 27573K(28080K)->27573K(28080K) Class: 3778K(4224K)->3778K(4224K)
[66.175s][info][gc             ] GC(177) Pause Young (Allocation Failure) 1489M->1045M(1957M) 77.822ms
[66.175s][info][gc,cpu         ] GC(177) User=0.47s Sys=0.00s Real=0.08s
[66.717s][info][gc,start       ] GC(178) Pause Young (Allocation Failure)
[66.783s][info][gc,heap        ] GC(178) PSYoungGen: 585888K->53440K(606208K)
[66.783s][info][gc,heap        ] GC(178) PSOldGen: 996713K->1028017K(1398272K)
[66.783s][info][gc,metaspace   ] GC(178) Metaspace: 31352K(32304K)->31352K(32304K) NonClass: 27574K(28080K)->27574K(28080K) Class: 3778K(4224K)->3778K(4224K)
[66.783s][info][gc             ] GC(178) Pause Young (Allocation Failure) 1545M->1056M(1957M) 65.751ms
[66.783s][info][gc,cpu         ] GC(178) User=0.38s Sys=0.00s Real=0.07s
[66.926s][info][gc,start       ] GC(179) Pause Young (Allocation Failure)
[66.994s][info][gc,heap        ] GC(179) PSYoungGen: 566464K->73600K(605696K)
[66.994s][info][gc,heap        ] GC(179) PSOldGen: 1028017K->1069689K(1398272K)
[66.994s][info][gc,metaspace   ] GC(179) Metaspace: 31352K(32304K)->31352K(32304K) NonClass: 27574K(28080K)->27574K(28080K) Class: 3778K(4224K)->3778K(4224K)
[66.994s][info][gc             ] GC(179) Pause Young (Allocation Failure) 1557M->1116M(1957M) 68.019ms
[66.995s][info][gc,cpu         ] GC(179) User=0.45s Sys=0.02s Real=0.07s
[67.171s][info][gc,start       ] GC(180) Pause Young (Allocation Failure)
[67.248s][info][gc,heap        ] GC(180) PSYoungGen: 586624K->76832K(602624K)
[67.248s][info][gc,heap        ] GC(180) PSOldGen: 1069689K->1112425K(1398272K)
[67.248s][info][gc,metaspace   ] GC(180) Metaspace: 31352K(32304K)->31352K(32304K) NonClass: 27574K(28080K)->27574K(28080K) Class: 3778K(4224K)->3778K(4224K)
[67.248s][info][gc             ] GC(180) Pause Young (Allocation Failure) 1617M->1161M(1954M) 76.912ms
[67.248s][info][gc,cpu         ] GC(180) User=0.45s Sys=0.00s Real=0.08s
[67.804s][info][gc,start       ] GC(181) Pause Young (Allocation Failure)
[67.865s][info][gc,heap        ] GC(181) PSYoungGen: 586272K->64128K(604160K)
[67.865s][info][gc,heap        ] GC(181) PSOldGen: 1112425K->1146801K(1398272K)
[67.865s][info][gc,metaspace   ] GC(181) Metaspace: 31355K(32304K)->31355K(32304K) NonClass: 27577K(28080K)->27577K(28080K) Class: 3778K(4224K)->3778K(4224K)
[67.865s][info][gc             ] GC(181) Pause Young (Allocation Failure) 1658M->1182M(1955M) 60.982ms
[67.865s][info][gc,cpu         ] GC(181) User=0.38s Sys=0.00s Real=0.06s
[68.003s][info][gc,start       ] GC(182) Pause Young (Allocation Failure)
[68.069s][info][gc,heap        ] GC(182) PSYoungGen: 573568K->73568K(606720K)
[68.069s][info][gc,heap        ] GC(182) PSOldGen: 1146801K->1196942K(1398272K)
[68.069s][info][gc,metaspace   ] GC(182) Metaspace: 31355K(32304K)->31355K(32304K) NonClass: 27577K(28080K)->27577K(28080K) Class: 3778K(4224K)->3778K(4224K)
[68.069s][info][gc             ] GC(182) Pause Young (Allocation Failure) 1680M->1240M(1958M) 65.920ms
[68.069s][info][gc,cpu         ] GC(182) User=0.33s Sys=0.00s Real=0.07s
[68.479s][info][gc,start       ] GC(183) Pause Young (Allocation Failure)
[68.541s][info][gc,heap        ] GC(183) PSYoungGen: 588128K->54304K(606720K)
[68.541s][info][gc,heap        ] GC(183) PSOldGen: 1196942K->1234710K(1398272K)
[68.541s][info][gc,metaspace   ] GC(183) Metaspace: 31355K(32304K)->31355K(32304K) NonClass: 27577K(28080K)->27577K(28080K) Class: 3778K(4224K)->3778K(4224K)
[68.541s][info][gc             ] GC(183) Pause Young (Allocation Failure) 1743M->1258M(1958M) 62.093ms
[68.541s][info][gc,cpu         ] GC(183) User=0.38s Sys=0.00s Real=0.06s
[68.833s][info][gc,start       ] GC(184) Pause Young (System.gc())
[68.865s][info][gc,heap        ] GC(184) PSYoungGen: 115830K->9408K(592384K)
[68.865s][info][gc,heap        ] GC(184) PSOldGen: 1234710K->1267334K(1398272K)
[68.865s][info][gc,metaspace   ] GC(184) Metaspace: 31355K(32304K)->31355K(32304K) NonClass: 27577K(28080K)->27577K(28080K) Class: 3778K(4224K)->3778K(4224K)
[68.865s][info][gc             ] GC(184) Pause Young (System.gc()) 1318M->1246M(1944M) 32.289ms
[68.865s][info][gc,cpu         ] GC(184) User=0.19s Sys=0.00s Real=0.04s
[68.865s][info][gc,start       ] GC(185) Pause Full (System.gc())
[68.866s][info][gc,phases,start] GC(185) Phase 1: Mark live objects
[68.981s][info][gc,phases      ] GC(185) Phase 1: Mark live objects 115.281ms
[68.981s][info][gc,phases,start] GC(185) Phase 2: Compute new object addresses
[69.157s][info][gc,phases      ] GC(185) Phase 2: Compute new object addresses 176.306ms
[69.157s][info][gc,phases,start] GC(185) Phase 3: Adjust pointers
[69.241s][info][gc,phases      ] GC(185) Phase 3: Adjust pointers 83.884ms
[69.241s][info][gc,phases,start] GC(185) Phase 4: Move objects
[69.265s][info][gc,phases      ] GC(185) Phase 4: Move objects 23.855ms
[69.266s][info][gc,heap        ] GC(185) PSYoungGen: 9408K->0K(592384K)
[69.266s][info][gc,heap        ] GC(185) PSOldGen: 1267334K->104353K(1398272K)
[69.266s][info][gc,metaspace   ] GC(185) Metaspace: 31355K(32304K)->31355K(32304K) NonClass: 27577K(28080K)->27577K(28080K) Class: 3778K(4224K)->3778K(4224K)
[69.266s][info][gc             ] GC(185) Pause Full (System.gc()) 1246M->101M(1944M) 400.163ms
[69.266s][info][gc,cpu         ] GC(185) User=0.38s Sys=0.03s Real=0.40s
[69.402s][info][gc,start       ] GC(186) Pause Young (Allocation Failure)
[69.442s][info][gc,heap        ] GC(186) PSYoungGen: 500224K->64480K(599552K)
[69.442s][info][gc,heap        ] GC(186) PSOldGen: 104353K->104353K(1398272K)
[69.442s][info][gc,metaspace   ] GC(186) Metaspace: 31357K(32304K)->31357K(32304K) NonClass: 27579K(28080K)->27579K(28080K) Class: 3778K(4224K)->3778K(4224K)
[69.442s][info][gc             ] GC(186) Pause Young (Allocation Failure) 590M->164M(1951M) 39.826ms
[69.442s][info][gc,cpu         ] GC(186) User=0.19s Sys=0.00s Real=0.04s
[69.581s][info][gc,start       ] GC(187) Pause Young (Allocation Failure)
[69.645s][info][gc,heap        ] GC(187) PSYoungGen: 564704K->75712K(598016K)
[69.645s][info][gc,heap        ] GC(187) PSOldGen: 104353K->151789K(1398272K)
[69.645s][info][gc,metaspace   ] GC(187) Metaspace: 31357K(32304K)->31357K(32304K) NonClass: 27579K(28080K)->27579K(28080K) Class: 3778K(4224K)->3778K(4224K)
[69.645s][info][gc             ] GC(187) Pause Young (Allocation Failure) 653M->222M(1949M) 64.162ms
[69.645s][info][gc,cpu         ] GC(187) User=0.36s Sys=0.02s Real=0.07s
[70.259s][info][gc,start       ] GC(188) Pause Young (Allocation Failure)
[70.309s][info][gc,heap        ] GC(188) PSYoungGen: 576960K->44000K(600064K)
[70.309s][info][gc,heap        ] GC(188) PSOldGen: 151789K->183493K(1398272K)
[70.309s][info][gc,metaspace   ] GC(188) Metaspace: 31358K(32304K)->31358K(32304K) NonClass: 27580K(28080K)->27580K(28080K) Class: 3778K(4224K)->3778K(4224K)
[70.309s][info][gc             ] GC(188) Pause Young (Allocation Failure) 711M->222M(1951M) 49.352ms
[70.309s][info][gc,cpu         ] GC(188) User=0.28s Sys=0.00s Real=0.05s
[70.449s][info][gc,start       ] GC(189) Pause Young (Allocation Failure)
[70.508s][info][gc,heap        ] GC(189) PSYoungGen: 545248K->68032K(601600K)
[70.508s][info][gc,heap        ] GC(189) PSOldGen: 183493K->223834K(1398272K)
[70.508s][info][gc,metaspace   ] GC(189) Metaspace: 31358K(32304K)->31358K(32304K) NonClass: 27580K(28080K)->27580K(28080K) Class: 3778K(4224K)->3778K(4224K)
[70.508s][info][gc             ] GC(189) Pause Young (Allocation Failure) 711M->285M(1953M) 58.562ms
[70.508s][info][gc,cpu         ] GC(189) User=0.30s Sys=0.00s Real=0.06s
[70.650s][info][gc,start       ] GC(190) Pause Young (Allocation Failure)
[70.727s][info][gc,heap        ] GC(190) PSYoungGen: 571328K->80224K(583680K)
[70.727s][info][gc,heap        ] GC(190) PSOldGen: 223834K->272930K(1398272K)
[70.727s][info][gc,metaspace   ] GC(190) Metaspace: 31358K(32304K)->31358K(32304K) NonClass: 27580K(28080K)->27580K(28080K) Class: 3778K(4224K)->3778K(4224K)
[70.727s][info][gc             ] GC(190) Pause Young (Allocation Failure) 776M->344M(1935M) 76.991ms
[70.727s][info][gc,cpu         ] GC(190) User=0.45s Sys=0.00s Real=0.08s
[71.247s][info][gc,start       ] GC(191) Pause Young (Allocation Failure)
[71.303s][info][gc,heap        ] GC(191) PSYoungGen: 583520K->50176K(599552K)
[71.303s][info][gc,heap        ] GC(191) PSOldGen: 272930K->304778K(1398272K)
[71.303s][info][gc,metaspace   ] GC(191) Metaspace: 31362K(32304K)->31362K(32304K) NonClass: 27584K(28080K)->27584K(28080K) Class: 3778K(4224K)->3778K(4224K)
[71.303s][info][gc             ] GC(191) Pause Young (Allocation Failure) 836M->346M(1951M) 56.254ms
[71.303s][info][gc,cpu         ] GC(191) User=0.28s Sys=0.00s Real=0.07s
[71.447s][info][gc,start       ] GC(192) Pause Young (Allocation Failure)
[71.510s][info][gc,heap        ] GC(192) PSYoungGen: 548864K->72800K(598016K)
[71.510s][info][gc,heap        ] GC(192) PSOldGen: 304778K->344310K(1398272K)
[71.510s][info][gc,metaspace   ] GC(192) Metaspace: 31362K(32304K)->31362K(32304K) NonClass: 27584K(28080K)->27584K(28080K) Class: 3778K(4224K)->3778K(4224K)
[71.510s][info][gc             ] GC(192) Pause Young (Allocation Failure) 833M->407M(1949M) 62.737ms
[71.510s][info][gc,cpu         ] GC(192) User=0.36s Sys=0.02s Real=0.06s
[71.645s][info][gc,start       ] GC(193) Pause Young (Allocation Failure)
[71.712s][info][gc,heap        ] GC(193) PSYoungGen: 571488K->70496K(600064K)
[71.712s][info][gc,heap        ] GC(193) PSOldGen: 344310K->401734K(1398272K)
[71.712s][info][gc,metaspace   ] GC(193) Metaspace: 31362K(32304K)->31362K(32304K) NonClass: 27584K(28080K)->27584K(28080K) Class: 3778K(4224K)->3778K(4224K)
[71.712s][info][gc             ] GC(193) Pause Young (Allocation Failure) 894M->461M(1951M) 66.867ms
[71.712s][info][gc,cpu         ] GC(193) User=0.47s Sys=0.00s Real=0.07s
[72.345s][info][gc,start       ] GC(194) Pause Young (Allocation Failure)
[72.405s][info][gc,heap        ] GC(194) PSYoungGen: 571232K->54624K(599552K)
[72.405s][info][gc,heap        ] GC(194) PSOldGen: 401734K->432118K(1398272K)
[72.405s][info][gc,metaspace   ] GC(194) Metaspace: 31370K(32304K)->31370K(32304K) NonClass: 27592K(28080K)->27592K(28080K) Class: 3778K(4224K)->3778K(4224K)
[72.405s][info][gc             ] GC(194) Pause Young (Allocation Failure) 950M->475M(1951M) 60.432ms
[72.405s][info][gc,cpu         ] GC(194) User=0.34s Sys=0.00s Real=0.06s
[72.552s][info][gc,start       ] GC(195) Pause Young (Allocation Failure)
[72.614s][info][gc,heap        ] GC(195) PSYoungGen: 555360K->74080K(600064K)
[72.614s][info][gc,heap        ] GC(195) PSOldGen: 432118K->473159K(1398272K)
[72.614s][info][gc,metaspace   ] GC(195) Metaspace: 31370K(32304K)->31370K(32304K) NonClass: 27592K(28080K)->27592K(28080K) Class: 3778K(4224K)->3778K(4224K)
[72.614s][info][gc             ] GC(195) Pause Young (Allocation Failure) 964M->534M(1951M) 61.852ms
[72.614s][info][gc,cpu         ] GC(195) User=0.38s Sys=0.00s Real=0.06s
[72.766s][info][gc,start       ] GC(196) Pause Young (Allocation Failure)
[72.837s][info][gc,heap        ] GC(196) PSYoungGen: 577376K->78272K(581632K)
[72.837s][info][gc,heap        ] GC(196) PSOldGen: 473159K->521263K(1398272K)
[72.837s][info][gc,metaspace   ] GC(196) Metaspace: 31370K(32304K)->31370K(32304K) NonClass: 27592K(28080K)->27592K(28080K) Class: 3778K(4224K)->3778K(4224K)
[72.837s][info][gc             ] GC(196) Pause Young (Allocation Failure) 1025M->585M(1933M) 71.671ms
[72.837s][info][gc,cpu         ] GC(196) User=0.47s Sys=0.00s Real=0.07s
[73.319s][info][gc,start       ] GC(197) Pause Young (Allocation Failure)
[73.376s][info][gc,heap        ] GC(197) PSYoungGen: 581568K->57024K(601088K)
[73.376s][info][gc,heap        ] GC(197) PSOldGen: 521263K->554319K(1398272K)
[73.376s][info][gc,metaspace   ] GC(197) Metaspace: 31384K(32304K)->31384K(32304K) NonClass: 27606K(28080K)->27606K(28080K) Class: 3778K(4224K)->3778K(4224K)
[73.376s][info][gc             ] GC(197) Pause Young (Allocation Failure) 1076M->597M(1952M) 56.431ms
[73.376s][info][gc,cpu         ] GC(197) User=0.36s Sys=0.00s Real=0.06s
[73.507s][info][gc,start       ] GC(198) Pause Young (Allocation Failure)
[73.569s][info][gc,heap        ] GC(198) PSYoungGen: 558784K->70048K(599552K)
[73.569s][info][gc,heap        ] GC(198) PSOldGen: 554319K->598363K(1398272K)
[73.569s][info][gc,metaspace   ] GC(198) Metaspace: 31384K(32304K)->31384K(32304K) NonClass: 27606K(28080K)->27606K(28080K) Class: 3778K(4224K)->3778K(4224K)
[73.569s][info][gc             ] GC(198) Pause Young (Allocation Failure) 1087M->652M(1951M) 61.936ms
[73.569s][info][gc,cpu         ] GC(198) User=0.34s Sys=0.00s Real=0.06s
[73.771s][info][gc,start       ] GC(199) Pause Young (Allocation Failure)
[73.839s][info][gc,heap        ] GC(199) PSYoungGen: 571808K->65344K(605696K)
[73.840s][info][gc,heap        ] GC(199) PSOldGen: 598363K->640555K(1398272K)
[73.840s][info][gc,metaspace   ] GC(199) Metaspace: 31385K(32304K)->31385K(32304K) NonClass: 27607K(28080K)->27607K(28080K) Class: 3778K(4224K)->3778K(4224K)
[73.840s][info][gc             ] GC(199) Pause Young (Allocation Failure) 1142M->689M(1957M) 68.951ms
[73.840s][info][gc,cpu         ] GC(199) User=0.47s Sys=0.00s Real=0.08s
[74.427s][info][gc,start       ] GC(200) Pause Young (Allocation Failure)
[74.486s][info][gc,heap        ] GC(200) PSYoungGen: 574784K->63360K(602624K)
[74.486s][info][gc,heap        ] GC(200) PSOldGen: 640555K->672611K(1398272K)
[74.486s][info][gc,metaspace   ] GC(200) Metaspace: 31398K(32304K)->31398K(32304K) NonClass: 27620K(28080K)->27620K(28080K) Class: 3778K(4224K)->3778K(4224K)
[74.486s][info][gc             ] GC(200) Pause Young (Allocation Failure) 1186M->718M(1954M) 59.129ms
[74.486s][info][gc,cpu         ] GC(200) User=0.38s Sys=0.00s Real=0.06s
[74.626s][info][gc,start       ] GC(201) Pause Young (Allocation Failure)
[74.690s][info][gc,heap        ] GC(201) PSYoungGen: 572800K->73856K(606208K)
[74.690s][info][gc,heap        ] GC(201) PSOldGen: 672611K->721355K(1398272K)
[74.690s][info][gc,metaspace   ] GC(201) Metaspace: 31398K(32304K)->31398K(32304K) NonClass: 27620K(28080K)->27620K(28080K) Class: 3778K(4224K)->3778K(4224K)
[74.690s][info][gc             ] GC(201) Pause Young (Allocation Failure) 1216M->776M(1957M) 64.154ms
[74.690s][info][gc,cpu         ] GC(201) User=0.36s Sys=0.00s Real=0.06s
[75.006s][info][gc,start       ] GC(202) Pause Young (Allocation Failure)
[75.066s][info][gc,heap        ] GC(202) PSYoungGen: 589440K->55904K(607232K)
[75.066s][info][gc,heap        ] GC(202) PSOldGen: 721355K->758691K(1398272K)
[75.066s][info][gc,metaspace   ] GC(202) Metaspace: 31403K(32560K)->31403K(32560K) NonClass: 27625K(28336K)->27625K(28336K) Class: 3778K(4224K)->3778K(4224K)
[75.066s][info][gc             ] GC(202) Pause Young (Allocation Failure) 1280M->795M(1958M) 59.508ms
[75.066s][info][gc,cpu         ] GC(202) User=0.34s Sys=0.00s Real=0.06s
[75.474s][info][gc,start       ] GC(203) Pause Young (Allocation Failure)
[75.538s][info][gc,heap        ] GC(203) PSYoungGen: 571488K->68320K(609280K)
[75.538s][info][gc,heap        ] GC(203) PSOldGen: 758691K->789307K(1398272K)
[75.538s][info][gc,metaspace   ] GC(203) Metaspace: 31415K(32560K)->31415K(32560K) NonClass: 27637K(28336K)->27637K(28336K) Class: 3778K(4224K)->3778K(4224K)
[75.538s][info][gc             ] GC(203) Pause Young (Allocation Failure) 1299M->837M(1960M) 63.480ms
[75.538s][info][gc,cpu         ] GC(203) User=0.36s Sys=0.00s Real=0.06s
[75.675s][info][gc,start       ] GC(204) Pause Young (Allocation Failure)
[75.741s][info][gc,heap        ] GC(204) PSYoungGen: 586976K->72992K(608256K)
[75.741s][info][gc,heap        ] GC(204) PSOldGen: 789307K->842368K(1398272K)
[75.741s][info][gc,metaspace   ] GC(204) Metaspace: 31415K(32560K)->31415K(32560K) NonClass: 27637K(28336K)->27637K(28336K) Class: 3778K(4224K)->3778K(4224K)
[75.741s][info][gc             ] GC(204) Pause Young (Allocation Failure) 1344M->893M(1959M) 65.718ms
[75.741s][info][gc,cpu         ] GC(204) User=0.36s Sys=0.00s Real=0.07s
[76.452s][info][gc,start       ] GC(205) Pause Young (Allocation Failure)
[76.498s][info][gc,heap        ] GC(205) PSYoungGen: 591648K->37664K(604672K)
[76.498s][info][gc,heap        ] GC(205) PSOldGen: 842368K->874544K(1398272K)
[76.498s][info][gc,metaspace   ] GC(205) Metaspace: 31416K(32560K)->31416K(32560K) NonClass: 27638K(28336K)->27638K(28336K) Class: 3778K(4224K)->3778K(4224K)
[76.498s][info][gc             ] GC(205) Pause Young (Allocation Failure) 1400M->890M(1956M) 46.398ms
[76.498s][info][gc,cpu         ] GC(205) User=0.28s Sys=0.00s Real=0.05s
[76.649s][info][gc,start       ] GC(206) Pause Young (Allocation Failure)
[76.705s][info][gc,heap        ] GC(206) PSYoungGen: 552224K->69088K(606720K)
[76.705s][info][gc,heap        ] GC(206) PSOldGen: 874544K->910256K(1398272K)
[76.705s][info][gc,metaspace   ] GC(206) Metaspace: 31418K(32560K)->31418K(32560K) NonClass: 27640K(28336K)->27640K(28336K) Class: 3778K(4224K)->3778K(4224K)
[76.705s][info][gc             ] GC(206) Pause Young (Allocation Failure) 1393M->956M(1958M) 55.673ms
[76.705s][info][gc,cpu         ] GC(206) User=0.28s Sys=0.00s Real=0.06s
[76.847s][info][gc,start       ] GC(207) Pause Young (Allocation Failure)
[76.921s][info][gc,heap        ] GC(207) PSYoungGen: 583648K->77440K(602112K)
[76.921s][info][gc,heap        ] GC(207) PSOldGen: 910256K->962832K(1398272K)
[76.921s][info][gc,metaspace   ] GC(207) Metaspace: 31418K(32560K)->31418K(32560K) NonClass: 27640K(28336K)->27640K(28336K) Class: 3778K(4224K)->3778K(4224K)
[76.921s][info][gc             ] GC(207) Pause Young (Allocation Failure) 1458M->1015M(1953M) 74.391ms
[76.921s][info][gc,cpu         ] GC(207) User=0.47s Sys=0.00s Real=0.07s
[77.543s][info][gc,start       ] GC(208) Pause Young (Allocation Failure)
[77.597s][info][gc,heap        ] GC(208) PSYoungGen: 587904K->47040K(604672K)
[77.597s][info][gc,heap        ] GC(208) PSOldGen: 962832K->995456K(1398272K)
[77.597s][info][gc,metaspace   ] GC(208) Metaspace: 31418K(32560K)->31418K(32560K) NonClass: 27640K(28336K)->27640K(28336K) Class: 3778K(4224K)->3778K(4224K)
[77.597s][info][gc             ] GC(208) Pause Young (Allocation Failure) 1514M->1018M(1956M) 53.838ms
[77.597s][info][gc,cpu         ] GC(208) User=0.22s Sys=0.00s Real=0.06s
[77.738s][info][gc,start       ] GC(209) Pause Young (Allocation Failure)
[77.801s][info][gc,heap        ] GC(209) PSYoungGen: 557504K->72704K(603648K)
[77.801s][info][gc,heap        ] GC(209) PSOldGen: 995456K->1034181K(1398272K)
[77.801s][info][gc,metaspace   ] GC(209) Metaspace: 31418K(32560K)->31418K(32560K) NonClass: 27640K(28336K)->27640K(28336K) Class: 3778K(4224K)->3778K(4224K)
[77.801s][info][gc             ] GC(209) Pause Young (Allocation Failure) 1516M->1080M(1955M) 62.826ms
[77.801s][info][gc,cpu         ] GC(209) User=0.38s Sys=0.00s Real=0.06s
[77.945s][info][gc,start       ] GC(210) Pause Young (Allocation Failure)
[78.021s][info][gc,heap        ] GC(210) PSYoungGen: 582144K->78176K(587776K)
[78.021s][info][gc,heap        ] GC(210) PSOldGen: 1034181K->1086749K(1398272K)
[78.021s][info][gc,metaspace   ] GC(210) Metaspace: 31418K(32560K)->31418K(32560K) NonClass: 27640K(28336K)->27640K(28336K) Class: 3778K(4224K)->3778K(4224K)
[78.021s][info][gc             ] GC(210) Pause Young (Allocation Failure) 1578M->1137M(1939M) 76.438ms
[78.021s][info][gc,cpu         ] GC(210) User=0.38s Sys=0.00s Real=0.08s
[78.678s][info][gc,start       ] GC(211) Pause Young (Allocation Failure)
[78.736s][info][gc,heap        ] GC(211) PSYoungGen: 587616K->56672K(603648K)
[78.736s][info][gc,heap        ] GC(211) PSOldGen: 1086749K->1118989K(1398272K)
[78.736s][info][gc,metaspace   ] GC(211) Metaspace: 31418K(32560K)->31418K(32560K) NonClass: 27640K(28336K)->27640K(28336K) Class: 3778K(4224K)->3778K(4224K)
[78.736s][info][gc             ] GC(211) Pause Young (Allocation Failure) 1635M->1148M(1955M) 57.312ms
[78.736s][info][gc,cpu         ] GC(211) User=0.38s Sys=0.00s Real=0.06s
[78.877s][info][gc,start       ] GC(212) Pause Young (Allocation Failure)
[78.943s][info][gc,heap        ] GC(212) PSYoungGen: 563552K->76288K(602112K)
[78.943s][info][gc,heap        ] GC(212) PSOldGen: 1118989K->1161017K(1398272K)
[78.943s][info][gc,metaspace   ] GC(212) Metaspace: 31418K(32560K)->31418K(32560K) NonClass: 27640K(28336K)->27640K(28336K) Class: 3778K(4224K)->3778K(4224K)
[78.943s][info][gc             ] GC(212) Pause Young (Allocation Failure) 1643M->1208M(1953M) 65.907ms
[78.943s][info][gc,cpu         ] GC(212) User=0.38s Sys=0.00s Real=0.07s
[79.124s][info][gc,start       ] GC(213) Pause Young (Allocation Failure)
[79.199s][info][gc,heap        ] GC(213) PSYoungGen: 583168K->68448K(604672K)
[79.199s][info][gc,heap        ] GC(213) PSOldGen: 1161017K->1202985K(1398272K)
[79.199s][info][gc,metaspace   ] GC(213) Metaspace: 31418K(32560K)->31418K(32560K) NonClass: 27640K(28336K)->27640K(28336K) Class: 3778K(4224K)->3778K(4224K)
[79.199s][info][gc             ] GC(213) Pause Young (Allocation Failure) 1703M->1241M(1956M) 74.890ms
[79.199s][info][gc,cpu         ] GC(213) User=0.47s Sys=0.00s Real=0.08s
[79.692s][info][gc,start       ] GC(214) Pause Young (System.gc())
[79.730s][info][gc,heap        ] GC(214) PSYoungGen: 263480K->13792K(521216K)
[79.730s][info][gc,heap        ] GC(214) PSOldGen: 1202985K->1238273K(1398272K)
[79.730s][info][gc,metaspace   ] GC(214) Metaspace: 31418K(32560K)->31418K(32560K) NonClass: 27640K(28336K)->27640K(28336K) Class: 3778K(4224K)->3778K(4224K)
[79.730s][info][gc             ] GC(214) Pause Young (System.gc()) 1432M->1222M(1874M) 37.918ms
[79.730s][info][gc,cpu         ] GC(214) User=0.28s Sys=0.00s Real=0.05s
[79.730s][info][gc,start       ] GC(215) Pause Full (System.gc())
[79.730s][info][gc,phases,start] GC(215) Phase 1: Mark live objects
[79.848s][info][gc,phases      ] GC(215) Phase 1: Mark live objects 117.666ms
[79.848s][info][gc,phases,start] GC(215) Phase 2: Compute new object addresses
[80.021s][info][gc,phases      ] GC(215) Phase 2: Compute new object addresses 173.497ms
[80.021s][info][gc,phases,start] GC(215) Phase 3: Adjust pointers
[80.102s][info][gc,phases      ] GC(215) Phase 3: Adjust pointers 80.717ms
[80.102s][info][gc,phases,start] GC(215) Phase 4: Move objects
[80.125s][info][gc,phases      ] GC(215) Phase 4: Move objects 22.838ms
[80.125s][info][gc,heap        ] GC(215) PSYoungGen: 13792K->0K(521216K)
[80.125s][info][gc,heap        ] GC(215) PSOldGen: 1238273K->104239K(1398272K)
[80.125s][info][gc,metaspace   ] GC(215) Metaspace: 31418K(32560K)->31418K(32560K) NonClass: 27640K(28336K)->27640K(28336K) Class: 3778K(4224K)->3778K(4224K)
[80.125s][info][gc             ] GC(215) Pause Full (System.gc()) 1222M->101M(1874M) 395.580ms
[80.125s][info][gc,cpu         ] GC(215) User=0.39s Sys=0.00s Real=0.38s
[80.272s][info][gc,start       ] GC(216) Pause Young (Allocation Failure)
[80.308s][info][gc,heap        ] GC(216) PSYoungGen: 507392K->66080K(600576K)
[80.308s][info][gc,heap        ] GC(216) PSOldGen: 104239K->104239K(1398272K)
[80.308s][info][gc,metaspace   ] GC(216) Metaspace: 31418K(32560K)->31418K(32560K) NonClass: 27640K(28336K)->27640K(28336K) Class: 3778K(4224K)->3778K(4224K)
[80.308s][info][gc             ] GC(216) Pause Young (Allocation Failure) 597M->166M(1952M) 36.356ms
[80.308s][info][gc,cpu         ] GC(216) User=0.28s Sys=0.00s Real=0.04s
[80.445s][info][gc,start       ] GC(217) Pause Young (Allocation Failure)
[80.507s][info][gc,heap        ] GC(217) PSYoungGen: 566304K->69664K(598528K)
[80.507s][info][gc,heap        ] GC(217) PSOldGen: 104239K->157495K(1398272K)
[80.507s][info][gc,metaspace   ] GC(217) Metaspace: 31418K(32560K)->31418K(32560K) NonClass: 27640K(28336K)->27640K(28336K) Class: 3778K(4224K)->3778K(4224K)
[80.507s][info][gc             ] GC(217) Pause Young (Allocation Failure) 654M->221M(1950M) 61.990ms
[80.507s][info][gc,cpu         ] GC(217) User=0.30s Sys=0.00s Real=0.06s
[81.270s][info][gc,start       ] GC(218) Pause Young (Allocation Failure)
[81.318s][info][gc,heap        ] GC(218) PSYoungGen: 569888K->41856K(601088K)
[81.318s][info][gc,heap        ] GC(218) PSOldGen: 157495K->188231K(1398272K)
[81.318s][info][gc,metaspace   ] GC(218) Metaspace: 31418K(32560K)->31418K(32560K) NonClass: 27640K(28336K)->27640K(28336K) Class: 3778K(4224K)->3778K(4224K)
[81.318s][info][gc             ] GC(218) Pause Young (Allocation Failure) 710M->224M(1952M) 47.560ms
[81.318s][info][gc,cpu         ] GC(218) User=0.27s Sys=0.00s Real=0.05s
[81.463s][info][gc,start       ] GC(219) Pause Young (Allocation Failure)
[81.521s][info][gc,heap        ] GC(219) PSYoungGen: 545152K->69152K(601088K)
[81.521s][info][gc,heap        ] GC(219) PSOldGen: 188231K->225484K(1398272K)
[81.521s][info][gc,metaspace   ] GC(219) Metaspace: 31418K(32560K)->31418K(32560K) NonClass: 27640K(28336K)->27640K(28336K) Class: 3778K(4224K)->3778K(4224K)
[81.521s][info][gc             ] GC(219) Pause Young (Allocation Failure) 716M->287M(1952M) 58.150ms
[81.521s][info][gc,cpu         ] GC(219) User=0.28s Sys=0.00s Real=0.06s
[81.654s][info][gc,start       ] GC(220) Pause Young (Allocation Failure)
[81.730s][info][gc,heap        ] GC(220) PSYoungGen: 572448K->70048K(601600K)
[81.730s][info][gc,heap        ] GC(220) PSOldGen: 225484K->280388K(1398272K)
[81.730s][info][gc,metaspace   ] GC(220) Metaspace: 31418K(32560K)->31418K(32560K) NonClass: 27640K(28336K)->27640K(28336K) Class: 3778K(4224K)->3778K(4224K)
[81.730s][info][gc             ] GC(220) Pause Young (Allocation Failure) 779M->342M(1953M) 76.025ms
[81.730s][info][gc,cpu         ] GC(220) User=0.45s Sys=0.02s Real=0.08s
[82.325s][info][gc,start       ] GC(221) Pause Young (Allocation Failure)
[82.379s][info][gc,heap        ] GC(221) PSYoungGen: 574368K->47584K(601600K)
[82.379s][info][gc,heap        ] GC(221) PSOldGen: 280388K->310580K(1398272K)
[82.379s][info][gc,metaspace   ] GC(221) Metaspace: 31421K(32560K)->31421K(32560K) NonClass: 27643K(28336K)->27643K(28336K) Class: 3778K(4224K)->3778K(4224K)
[82.379s][info][gc             ] GC(221) Pause Young (Allocation Failure) 834M->349M(1953M) 53.885ms
[82.379s][info][gc,cpu         ] GC(221) User=0.25s Sys=0.00s Real=0.05s
[82.512s][info][gc,start       ] GC(222) Pause Young (Allocation Failure)
[82.571s][info][gc,heap        ] GC(222) PSYoungGen: 551904K->65312K(604672K)
[82.571s][info][gc,heap        ] GC(222) PSOldGen: 310580K->352552K(1398272K)
[82.571s][info][gc,metaspace   ] GC(222) Metaspace: 31421K(32560K)->31421K(32560K) NonClass: 27643K(28336K)->27643K(28336K) Class: 3778K(4224K)->3778K(4224K)
[82.571s][info][gc             ] GC(222) Pause Young (Allocation Failure) 842M->408M(1956M) 58.419ms
[82.571s][info][gc,cpu         ] GC(222) User=0.38s Sys=0.00s Real=0.06s
[82.713s][info][gc,start       ] GC(223) Pause Young (Allocation Failure)
[82.784s][info][gc,heap        ] GC(223) PSYoungGen: 573728K->71872K(602624K)
[82.784s][info][gc,heap        ] GC(223) PSOldGen: 352552K->405616K(1398272K)
[82.784s][info][gc,metaspace   ] GC(223) Metaspace: 31421K(32560K)->31421K(32560K) NonClass: 27643K(28336K)->27643K(28336K) Class: 3778K(4224K)->3778K(4224K)
[82.784s][info][gc             ] GC(223) Pause Young (Allocation Failure) 904M->466M(1954M) 71.836ms
[82.784s][info][gc,cpu         ] GC(223) User=0.38s Sys=0.00s Real=0.07s
[83.480s][info][gc,start       ] GC(224) Pause Young (Allocation Failure)
[83.533s][info][gc,heap        ] GC(224) PSYoungGen: 580288K->49472K(605184K)
[83.533s][info][gc,heap        ] GC(224) PSOldGen: 405616K->436176K(1398272K)
[83.533s][info][gc,metaspace   ] GC(224) Metaspace: 31426K(32560K)->31426K(32560K) NonClass: 27648K(28336K)->27648K(28336K) Class: 3778K(4224K)->3778K(4224K)
[83.533s][info][gc             ] GC(224) Pause Young (Allocation Failure) 962M->474M(1956M) 52.515ms
[83.533s][info][gc,cpu         ] GC(224) User=0.27s Sys=0.02s Real=0.05s
[83.665s][info][gc,start       ] GC(225) Pause Young (Allocation Failure)
[83.727s][info][gc,heap        ] GC(225) PSYoungGen: 559936K->68256K(604160K)
[83.728s][info][gc,heap        ] GC(225) PSOldGen: 436176K->478381K(1398272K)
[83.728s][info][gc,metaspace   ] GC(225) Metaspace: 31426K(32560K)->31426K(32560K) NonClass: 27648K(28336K)->27648K(28336K) Class: 3778K(4224K)->3778K(4224K)
[83.728s][info][gc             ] GC(225) Pause Young (Allocation Failure) 972M->533M(1955M) 62.984ms
[83.728s][info][gc,cpu         ] GC(225) User=0.38s Sys=0.00s Real=0.06s
[83.874s][info][gc,start       ] GC(226) Pause Young (Allocation Failure)
[83.954s][info][gc,heap        ] GC(226) PSYoungGen: 578720K->80256K(597504K)
[83.954s][info][gc,heap        ] GC(226) PSOldGen: 478381K->526333K(1398272K)
[83.954s][info][gc,metaspace   ] GC(226) Metaspace: 31426K(32560K)->31426K(32560K) NonClass: 27648K(28336K)->27648K(28336K) Class: 3778K(4224K)->3778K(4224K)
[83.954s][info][gc             ] GC(226) Pause Young (Allocation Failure) 1032M->592M(1949M) 80.440ms
[83.954s][info][gc,cpu         ] GC(226) User=0.47s Sys=0.00s Real=0.08s
[84.551s][info][gc,start       ] GC(227) Pause Young (Allocation Failure)
[84.615s][info][gc,heap        ] GC(227) PSYoungGen: 584576K->56832K(601600K)
[84.615s][info][gc,heap        ] GC(227) PSOldGen: 526333K->559533K(1398272K)
[84.615s][info][gc,metaspace   ] GC(227) Metaspace: 31429K(32560K)->31429K(32560K) NonClass: 27651K(28336K)->27651K(28336K) Class: 3778K(4224K)->3778K(4224K)
[84.615s][info][gc             ] GC(227) Pause Young (Allocation Failure) 1084M->601M(1953M) 64.343ms
[84.615s][info][gc,cpu         ] GC(227) User=0.38s Sys=0.00s Real=0.08s
[84.751s][info][gc,start       ] GC(228) Pause Young (Allocation Failure)
[84.821s][info][gc,heap        ] GC(228) PSYoungGen: 561152K->74464K(601088K)
[84.821s][info][gc,heap        ] GC(228) PSOldGen: 559533K->601589K(1398272K)
[84.821s][info][gc,metaspace   ] GC(228) Metaspace: 31429K(32560K)->31429K(32560K) NonClass: 27651K(28336K)->27651K(28336K) Class: 3778K(4224K)->3778K(4224K)
[84.821s][info][gc             ] GC(228) Pause Young (Allocation Failure) 1094M->660M(1952M) 70.108ms
[84.821s][info][gc,cpu         ] GC(228) User=0.45s Sys=0.00s Real=0.07s
[84.989s][info][gc,start       ] GC(229) Pause Young (Allocation Failure)
[85.063s][info][gc,heap        ] GC(229) PSYoungGen: 580832K->72320K(602624K)
[85.064s][info][gc,heap        ] GC(229) PSOldGen: 601589K->645013K(1398272K)
[85.064s][info][gc,metaspace   ] GC(229) Metaspace: 31429K(32560K)->31429K(32560K) NonClass: 27651K(28336K)->27651K(28336K) Class: 3778K(4224K)->3778K(4224K)
[85.064s][info][gc             ] GC(229) Pause Young (Allocation Failure) 1154M->700M(1954M) 74.308ms
[85.064s][info][gc,cpu         ] GC(229) User=0.45s Sys=0.00s Real=0.08s
[85.665s][info][gc,start       ] GC(230) Pause Young (Allocation Failure)
[85.722s][info][gc,heap        ] GC(230) PSYoungGen: 578688K->57536K(604672K)
[85.722s][info][gc,heap        ] GC(230) PSOldGen: 645013K->677429K(1398272K)
[85.722s][info][gc,metaspace   ] GC(230) Metaspace: 31430K(32560K)->31430K(32560K) NonClass: 27652K(28336K)->27652K(28336K) Class: 3778K(4224K)->3778K(4224K)
[85.722s][info][gc             ] GC(230) Pause Young (Allocation Failure) 1195M->717M(1956M) 56.490ms
[85.722s][info][gc,cpu         ] GC(230) User=0.28s Sys=0.00s Real=0.06s
[85.859s][info][gc,start       ] GC(231) Pause Young (Allocation Failure)
[85.923s][info][gc,heap        ] GC(231) PSYoungGen: 566464K->73600K(603136K)
[85.923s][info][gc,heap        ] GC(231) PSOldGen: 677429K->721938K(1398272K)
[85.923s][info][gc,metaspace   ] GC(231) Metaspace: 31430K(32560K)->31430K(32560K) NonClass: 27652K(28336K)->27652K(28336K) Class: 3778K(4224K)->3778K(4224K)
[85.923s][info][gc             ] GC(231) Pause Young (Allocation Failure) 1214M->776M(1954M) 64.165ms
[85.923s][info][gc,cpu         ] GC(231) User=0.38s Sys=0.00s Real=0.06s
[86.193s][info][gc,start       ] GC(232) Pause Young (Allocation Failure)
[86.258s][info][gc,heap        ] GC(232) PSYoungGen: 582528K->62816K(606720K)
[86.258s][info][gc,heap        ] GC(232) PSOldGen: 721938K->757442K(1398272K)
[86.258s][info][gc,metaspace   ] GC(232) Metaspace: 31430K(32560K)->31430K(32560K) NonClass: 27652K(28336K)->27652K(28336K) Class: 3778K(4224K)->3778K(4224K)
[86.258s][info][gc             ] GC(232) Pause Young (Allocation Failure) 1273M->801M(1958M) 65.016ms
[86.258s][info][gc,cpu         ] GC(232) User=0.38s Sys=0.00s Real=0.08s
[86.761s][info][gc,start       ] GC(233) Pause Young (Allocation Failure)
[86.821s][info][gc,heap        ] GC(233) PSYoungGen: 574816K->68832K(604160K)
[86.821s][info][gc,heap        ] GC(233) PSOldGen: 757442K->791322K(1398272K)
[86.821s][info][gc,metaspace   ] GC(233) Metaspace: 31435K(32560K)->31435K(32560K) NonClass: 27657K(28336K)->27657K(28336K) Class: 3778K(4224K)->3778K(4224K)
[86.821s][info][gc             ] GC(233) Pause Young (Allocation Failure) 1301M->839M(1955M) 60.362ms
[86.821s][info][gc,cpu         ] GC(233) User=0.38s Sys=0.00s Real=0.06s
[86.974s][info][gc,start       ] GC(234) Pause Young (Allocation Failure)
[87.045s][info][gc,heap        ] GC(234) PSYoungGen: 580832K->82592K(600064K)
[87.045s][info][gc,heap        ] GC(234) PSOldGen: 791322K->840726K(1398272K)
[87.045s][info][gc,metaspace   ] GC(234) Metaspace: 31435K(32560K)->31435K(32560K) NonClass: 27657K(28336K)->27657K(28336K) Class: 3778K(4224K)->3778K(4224K)
[87.045s][info][gc             ] GC(234) Pause Young (Allocation Failure) 1339M->901M(1951M) 70.666ms
[87.045s][info][gc,cpu         ] GC(234) User=0.47s Sys=0.00s Real=0.07s
[87.693s][info][gc,start       ] GC(235) Pause Young (Allocation Failure)
[87.748s][info][gc,heap        ] GC(235) PSYoungGen: 592032K->43200K(552960K)
[87.748s][info][gc,heap        ] GC(235) PSOldGen: 840726K->874750K(1398272K)
[87.748s][info][gc,metaspace   ] GC(235) Metaspace: 31446K(32560K)->31446K(32560K) NonClass: 27668K(28336K)->27668K(28336K) Class: 3778K(4224K)->3778K(4224K)
[87.748s][info][gc             ] GC(235) Pause Young (Allocation Failure) 1399M->896M(1905M) 54.647ms
[87.748s][info][gc,cpu         ] GC(235) User=0.38s Sys=0.00s Real=0.06s
[87.890s][info][gc,start       ] GC(236) Pause Young (Allocation Failure)
[87.948s][info][gc,heap        ] GC(236) PSYoungGen: 552640K->67552K(604672K)
[87.948s][info][gc,heap        ] GC(236) PSOldGen: 874750K->913198K(1398272K)
[87.948s][info][gc,metaspace   ] GC(236) Metaspace: 31446K(32560K)->31446K(32560K) NonClass: 27668K(28336K)->27668K(28336K) Class: 3778K(4224K)->3778K(4224K)
[87.948s][info][gc             ] GC(236) Pause Young (Allocation Failure) 1393M->957M(1956M) 57.881ms
[87.948s][info][gc,cpu         ] GC(236) User=0.36s Sys=0.00s Real=0.06s
[88.091s][info][gc,start       ] GC(237) Pause Young (Allocation Failure)
[88.157s][info][gc,heap        ] GC(237) PSYoungGen: 575968K->75744K(602624K)
[88.157s][info][gc,heap        ] GC(237) PSOldGen: 913198K->963567K(1398272K)
[88.157s][info][gc,metaspace   ] GC(237) Metaspace: 31446K(32560K)->31446K(32560K) NonClass: 27668K(28336K)->27668K(28336K) Class: 3778K(4224K)->3778K(4224K)
[88.157s][info][gc             ] GC(237) Pause Young (Allocation Failure) 1454M->1014M(1954M) 66.116ms
[88.157s][info][gc,cpu         ] GC(237) User=0.36s Sys=0.00s Real=0.07s
[88.808s][info][gc,start       ] GC(238) Pause Young (Allocation Failure)
[88.863s][info][gc,heap        ] GC(238) PSYoungGen: 584160K->52160K(604160K)
[88.863s][info][gc,heap        ] GC(238) PSOldGen: 963567K->995223K(1398272K)
[88.863s][info][gc,metaspace   ] GC(238) Metaspace: 31457K(32560K)->31457K(32560K) NonClass: 27679K(28336K)->27679K(28336K) Class: 3778K(4224K)->3778K(4224K)
[88.863s][info][gc             ] GC(238) Pause Young (Allocation Failure) 1511M->1022M(1955M) 54.357ms
[88.863s][info][gc,cpu         ] GC(238) User=0.28s Sys=0.00s Real=0.06s
[89.004s][info][gc,start       ] GC(239) Pause Young (Allocation Failure)
[89.068s][info][gc,heap        ] GC(239) PSYoungGen: 561088K->73248K(603648K)
[89.068s][info][gc,heap        ] GC(239) PSOldGen: 995223K->1036015K(1398272K)
[89.068s][info][gc,metaspace   ] GC(239) Metaspace: 31457K(32560K)->31457K(32560K) NonClass: 27679K(28336K)->27679K(28336K) Class: 3778K(4224K)->3778K(4224K)
[89.068s][info][gc             ] GC(239) Pause Young (Allocation Failure) 1519M->1083M(1955M) 63.702ms
[89.068s][info][gc,cpu         ] GC(239) User=0.36s Sys=0.02s Real=0.06s
[89.196s][info][gc,start       ] GC(240) Pause Young (Allocation Failure)
[89.272s][info][gc,heap        ] GC(240) PSYoungGen: 582176K->68128K(606208K)
[89.272s][info][gc,heap        ] GC(240) PSOldGen: 1036015K->1095767K(1398272K)
[89.272s][info][gc,metaspace   ] GC(240) Metaspace: 31457K(32560K)->31457K(32560K) NonClass: 27679K(28336K)->27679K(28336K) Class: 3778K(4224K)->3778K(4224K)
[89.272s][info][gc             ] GC(240) Pause Young (Allocation Failure) 1580M->1136M(1957M) 75.898ms
[89.272s][info][gc,cpu         ] GC(240) User=0.38s Sys=0.00s Real=0.08s
[89.918s][info][gc,start       ] GC(241) Pause Young (Allocation Failure)
[89.976s][info][gc,heap        ] GC(241) PSYoungGen: 579616K->61312K(604160K)
[89.976s][info][gc,heap        ] GC(241) PSOldGen: 1095767K->1125615K(1398272K)
[89.976s][info][gc,metaspace   ] GC(241) Metaspace: 31459K(32560K)->31459K(32560K) NonClass: 27681K(28336K)->27681K(28336K) Class: 3778K(4224K)->3778K(4224K)
[89.976s][info][gc             ] GC(241) Pause Young (Allocation Failure) 1636M->1159M(1955M) 57.948ms
[89.976s][info][gc,cpu         ] GC(241) User=0.28s Sys=0.00s Real=0.06s
[90.122s][info][gc,start       ] GC(242) Pause Young (Allocation Failure)
[90.190s][info][gc,heap        ] GC(242) PSYoungGen: 572800K->79360K(602624K)
[90.190s][info][gc,heap        ] GC(242) PSOldGen: 1125615K->1170639K(1398272K)
[90.190s][info][gc,metaspace   ] GC(242) Metaspace: 31459K(32560K)->31459K(32560K) NonClass: 27681K(28336K)->27681K(28336K) Class: 3778K(4224K)->3778K(4224K)
[90.190s][info][gc             ] GC(242) Pause Young (Allocation Failure) 1658M->1220M(1954M) 68.015ms
[90.190s][info][gc,cpu         ] GC(242) User=0.38s Sys=0.00s Real=0.07s
[90.412s][info][gc,start       ] GC(243) Pause Young (Allocation Failure)
[90.482s][info][gc,heap        ] GC(243) PSYoungGen: 590848K->62752K(605184K)
[90.482s][info][gc,heap        ] GC(243) PSOldGen: 1170639K->1209279K(1398272K)
[90.482s][info][gc,metaspace   ] GC(243) Metaspace: 31459K(32560K)->31459K(32560K) NonClass: 27681K(28336K)->27681K(28336K) Class: 3778K(4224K)->3778K(4224K)
[90.482s][info][gc             ] GC(243) Pause Young (Allocation Failure) 1720M->1242M(1956M) 70.310ms
[90.482s][info][gc,cpu         ] GC(243) User=0.44s Sys=0.00s Real=0.08s
[90.830s][info][gc,start       ] GC(244) Pause Young (System.gc())
[90.863s][info][gc,heap        ] GC(244) PSYoungGen: 222054K->10656K(592896K)
[90.863s][info][gc,heap        ] GC(244) PSOldGen: 1209279K->1243903K(1398272K)
[90.863s][info][gc,metaspace   ] GC(244) Metaspace: 31459K(32560K)->31459K(32560K) NonClass: 27681K(28336K)->27681K(28336K) Class: 3778K(4224K)->3778K(4224K)
[90.863s][info][gc             ] GC(244) Pause Young (System.gc()) 1397M->1225M(1944M) 32.901ms
[90.863s][info][gc,cpu         ] GC(244) User=0.19s Sys=0.00s Real=0.04s
[90.863s][info][gc,start       ] GC(245) Pause Full (System.gc())
[90.864s][info][gc,phases,start] GC(245) Phase 1: Mark live objects
[90.981s][info][gc,phases      ] GC(245) Phase 1: Mark live objects 117.518ms
[90.981s][info][gc,phases,start] GC(245) Phase 2: Compute new object addresses
[91.156s][info][gc,phases      ] GC(245) Phase 2: Compute new object addresses 174.742ms
[91.156s][info][gc,phases,start] GC(245) Phase 3: Adjust pointers
[91.239s][info][gc,phases      ] GC(245) Phase 3: Adjust pointers 82.892ms
[91.239s][info][gc,phases,start] GC(245) Phase 4: Move objects
[91.261s][info][gc,phases      ] GC(245) Phase 4: Move objects 21.691ms
[91.261s][info][gc,heap        ] GC(245) PSYoungGen: 10656K->0K(592896K)
[91.261s][info][gc,heap        ] GC(245) PSOldGen: 1243903K->104390K(1398272K)
[91.261s][info][gc,metaspace   ] GC(245) Metaspace: 31459K(32560K)->31459K(32560K) NonClass: 27681K(28336K)->27681K(28336K) Class: 3778K(4224K)->3778K(4224K)
[91.261s][info][gc             ] GC(245) Pause Full (System.gc()) 1225M->101M(1944M) 397.622ms
[91.261s][info][gc,cpu         ] GC(245) User=0.41s Sys=0.00s Real=0.39s
[91.405s][info][gc,start       ] GC(246) Pause Young (Allocation Failure)
[91.447s][info][gc,heap        ] GC(246) PSYoungGen: 501248K->67552K(600064K)
[91.447s][info][gc,heap        ] GC(246) PSOldGen: 104390K->104390K(1398272K)
[91.447s][info][gc,metaspace   ] GC(246) Metaspace: 31462K(32560K)->31462K(32560K) NonClass: 27684K(28336K)->27684K(28336K) Class: 3778K(4224K)->3778K(4224K)
[91.447s][info][gc             ] GC(246) Pause Young (Allocation Failure) 591M->167M(1951M) 41.524ms
[91.447s][info][gc,cpu         ] GC(246) User=0.28s Sys=0.00s Real=0.04s
[91.584s][info][gc,start       ] GC(247) Pause Young (Allocation Failure)
[91.647s][info][gc,heap        ] GC(247) PSYoungGen: 568800K->72960K(599552K)
[91.647s][info][gc,heap        ] GC(247) PSOldGen: 104390K->156283K(1398272K)
[91.647s][info][gc,metaspace   ] GC(247) Metaspace: 31462K(32560K)->31462K(32560K) NonClass: 27684K(28336K)->27684K(28336K) Class: 3778K(4224K)->3778K(4224K)
[91.647s][info][gc             ] GC(247) Pause Young (Allocation Failure) 657M->223M(1951M) 62.889ms
[91.647s][info][gc,cpu         ] GC(247) User=0.36s Sys=0.00s Real=0.06s
[92.314s][info][gc,start       ] GC(248) Pause Young (Allocation Failure)
[92.365s][info][gc,heap        ] GC(248) PSYoungGen: 575232K->42592K(600576K)
[92.365s][info][gc,heap        ] GC(248) PSOldGen: 156283K->187315K(1398272K)
[92.365s][info][gc,metaspace   ] GC(248) Metaspace: 31462K(32560K)->31462K(32560K) NonClass: 27684K(28336K)->27684K(28336K) Class: 3778K(4224K)->3778K(4224K)
[92.365s][info][gc             ] GC(248) Pause Young (Allocation Failure) 714M->224M(1952M) 50.463ms
[92.365s][info][gc,cpu         ] GC(248) User=0.28s Sys=0.00s Real=0.05s
[92.502s][info][gc,start       ] GC(249) Pause Young (Allocation Failure)
[92.559s][info][gc,heap        ] GC(249) PSYoungGen: 544864K->66944K(602112K)
[92.560s][info][gc,heap        ] GC(249) PSOldGen: 187315K->226679K(1398272K)
[92.560s][info][gc,metaspace   ] GC(249) Metaspace: 31462K(32560K)->31462K(32560K) NonClass: 27684K(28336K)->27684K(28336K) Class: 3778K(4224K)->3778K(4224K)
[92.560s][info][gc             ] GC(249) Pause Young (Allocation Failure) 715M->286M(1953M) 57.972ms
[92.560s][info][gc,cpu         ] GC(249) User=0.36s Sys=0.02s Real=0.06s
[92.691s][info][gc,start       ] GC(250) Pause Young (Allocation Failure)
[92.757s][info][gc,heap        ] GC(250) PSYoungGen: 571264K->71328K(601088K)
[92.757s][info][gc,heap        ] GC(250) PSOldGen: 226679K->277919K(1398272K)
[92.757s][info][gc,metaspace   ] GC(250) Metaspace: 31462K(32560K)->31462K(32560K) NonClass: 27684K(28336K)->27684K(28336K) Class: 3778K(4224K)->3778K(4224K)
[92.757s][info][gc             ] GC(250) Pause Young (Allocation Failure) 779M->341M(1952M) 65.699ms
[92.757s][info][gc,cpu         ] GC(250) User=0.38s Sys=0.00s Real=0.06s
[93.440s][info][gc,start       ] GC(251) Pause Young (Allocation Failure)
[93.490s][info][gc,heap        ] GC(251) PSYoungGen: 575648K->44864K(602624K)
[93.491s][info][gc,heap        ] GC(251) PSOldGen: 277919K->308527K(1398272K)
[93.491s][info][gc,metaspace   ] GC(251) Metaspace: 31462K(32560K)->31462K(32560K) NonClass: 27684K(28336K)->27684K(28336K) Class: 3778K(4224K)->3778K(4224K)
[93.491s][info][gc             ] GC(251) Pause Young (Allocation Failure) 833M->345M(1954M) 50.750ms
[93.491s][info][gc,cpu         ] GC(251) User=0.27s Sys=0.00s Real=0.05s
[93.636s][info][gc,start       ] GC(252) Pause Young (Allocation Failure)
[93.696s][info][gc,heap        ] GC(252) PSYoungGen: 550720K->71104K(602112K)
[93.696s][info][gc,heap        ] GC(252) PSOldGen: 308527K->345960K(1398272K)
[93.696s][info][gc,metaspace   ] GC(252) Metaspace: 31462K(32560K)->31462K(32560K) NonClass: 27684K(28336K)->27684K(28336K) Class: 3778K(4224K)->3778K(4224K)
[93.696s][info][gc             ] GC(252) Pause Young (Allocation Failure) 839M->407M(1953M) 60.582ms
[93.696s][info][gc,cpu         ] GC(252) User=0.38s Sys=0.00s Real=0.06s
[93.827s][info][gc,start       ] GC(253) Pause Young (Allocation Failure)
[93.896s][info][gc,heap        ] GC(253) PSYoungGen: 576960K->68480K(603136K)
[93.896s][info][gc,heap        ] GC(253) PSOldGen: 345960K->403944K(1398272K)
[93.896s][info][gc,metaspace   ] GC(253) Metaspace: 31462K(32560K)->31462K(32560K) NonClass: 27684K(28336K)->27684K(28336K) Class: 3778K(4224K)->3778K(4224K)
[93.896s][info][gc             ] GC(253) Pause Young (Allocation Failure) 901M->461M(1954M) 69.515ms
[93.896s][info][gc,cpu         ] GC(253) User=0.38s Sys=0.00s Real=0.07s
[94.479s][info][gc,start       ] GC(254) Pause Young (Allocation Failure)
[94.530s][info][gc,heap        ] GC(254) PSYoungGen: 574848K->49568K(602112K)
[94.531s][info][gc,heap        ] GC(254) PSOldGen: 403944K->434056K(1398272K)
[94.531s][info][gc,metaspace   ] GC(254) Metaspace: 31462K(32560K)->31462K(32560K) NonClass: 27684K(28336K)->27684K(28336K) Class: 3778K(4224K)->3778K(4224K)
[94.531s][info][gc             ] GC(254) Pause Young (Allocation Failure) 955M->472M(1953M) 51.261ms
[94.531s][info][gc,cpu         ] GC(254) User=0.28s Sys=0.00s Real=0.05s
[94.672s][info][gc,start       ] GC(255) Pause Young (Allocation Failure)
[94.731s][info][gc,heap        ] GC(255) PSYoungGen: 555936K->70368K(604160K)
[94.731s][info][gc,heap        ] GC(255) PSOldGen: 434056K->474756K(1398272K)
[94.731s][info][gc,metaspace   ] GC(255) Metaspace: 31462K(32560K)->31462K(32560K) NonClass: 27684K(28336K)->27684K(28336K) Class: 3778K(4224K)->3778K(4224K)
[94.731s][info][gc             ] GC(255) Pause Young (Allocation Failure) 966M->532M(1955M) 59.229ms
[94.731s][info][gc,cpu         ] GC(255) User=0.38s Sys=0.00s Real=0.06s
[94.859s][info][gc,start       ] GC(256) Pause Young (Allocation Failure)
[94.929s][info][gc,heap        ] GC(256) PSYoungGen: 579808K->65856K(604160K)
[94.929s][info][gc,heap        ] GC(256) PSOldGen: 474756K->535764K(1398272K)
[94.929s][info][gc,metaspace   ] GC(256) Metaspace: 31462K(32560K)->31462K(32560K) NonClass: 27684K(28336K)->27684K(28336K) Class: 3778K(4224K)->3778K(4224K)
[94.929s][info][gc             ] GC(256) Pause Young (Allocation Failure) 1029M->587M(1955M) 69.216ms
[94.929s][info][gc,cpu         ] GC(256) User=0.38s Sys=0.00s Real=0.07s
[95.595s][info][gc,start       ] GC(257) Pause Young (Allocation Failure)
[95.652s][info][gc,heap        ] GC(257) PSYoungGen: 575296K->60576K(608768K)
[95.653s][info][gc,heap        ] GC(257) PSOldGen: 535764K->564588K(1398272K)
[95.653s][info][gc,metaspace   ] GC(257) Metaspace: 31467K(32560K)->31467K(32560K) NonClass: 27689K(28336K)->27689K(28336K) Class: 3778K(4224K)->3778K(4224K)
[95.653s][info][gc             ] GC(257) Pause Young (Allocation Failure) 1085M->610M(1960M) 57.626ms
[95.653s][info][gc,cpu         ] GC(257) User=0.38s Sys=0.00s Real=0.07s
[95.813s][info][gc,start       ] GC(258) Pause Young (Allocation Failure)
[95.879s][info][gc,heap        ] GC(258) PSYoungGen: 576160K->79136K(594944K)
[95.879s][info][gc,heap        ] GC(258) PSOldGen: 564588K->609192K(1398272K)
[95.879s][info][gc,metaspace   ] GC(258) Metaspace: 31467K(32560K)->31467K(32560K) NonClass: 27689K(28336K)->27689K(28336K) Class: 3778K(4224K)->3778K(4224K)
[95.880s][info][gc             ] GC(258) Pause Young (Allocation Failure) 1114M->672M(1946M) 66.844ms
[95.880s][info][gc,cpu         ] GC(258) User=0.38s Sys=0.00s Real=0.07s
[96.085s][info][gc,start       ] GC(259) Pause Young (Allocation Failure)
[96.155s][info][gc,heap        ] GC(259) PSYoungGen: 594720K->63616K(608256K)
[96.155s][info][gc,heap        ] GC(259) PSOldGen: 609192K->649145K(1398272K)
[96.155s][info][gc,metaspace   ] GC(259) Metaspace: 31467K(32560K)->31467K(32560K) NonClass: 27689K(28336K)->27689K(28336K) Class: 3778K(4224K)->3778K(4224K)
[96.155s][info][gc             ] GC(259) Pause Young (Allocation Failure) 1175M->696M(1959M) 70.134ms
[96.155s][info][gc,cpu         ] GC(259) User=0.45s Sys=0.02s Real=0.08s
[96.624s][info][gc,start       ] GC(260) Pause Young (Allocation Failure)
[96.680s][info][gc,heap        ] GC(260) PSYoungGen: 578176K->61632K(605184K)
[96.681s][info][gc,heap        ] GC(260) PSOldGen: 649145K->682425K(1398272K)
[96.681s][info][gc,metaspace   ] GC(260) Metaspace: 31488K(32560K)->31488K(32560K) NonClass: 27710K(28336K)->27710K(28336K) Class: 3778K(4224K)->3778K(4224K)
[96.681s][info][gc             ] GC(260) Pause Young (Allocation Failure) 1198M->726M(1956M) 56.754ms
[96.681s][info][gc,cpu         ] GC(260) User=0.38s Sys=0.00s Real=0.06s
[96.831s][info][gc,start       ] GC(261) Pause Young (Allocation Failure)
[96.896s][info][gc,heap        ] GC(261) PSYoungGen: 576192K->78400K(604160K)
[96.896s][info][gc,heap        ] GC(261) PSOldGen: 682425K->727237K(1398272K)
[96.896s][info][gc,metaspace   ] GC(261) Metaspace: 31488K(32560K)->31488K(32560K) NonClass: 27710K(28336K)->27710K(28336K) Class: 3778K(4224K)->3778K(4224K)
[96.896s][info][gc             ] GC(261) Pause Young (Allocation Failure) 1229M->786M(1955M) 64.323ms
[96.896s][info][gc,cpu         ] GC(261) User=0.38s Sys=0.00s Real=0.07s
[97.352s][info][gc,start       ] GC(262) Pause Young (Allocation Failure)
[97.407s][info][gc,heap        ] GC(262) PSYoungGen: 593984K->48480K(607232K)
[97.407s][info][gc,heap        ] GC(262) PSOldGen: 727237K->761117K(1398272K)
[97.407s][info][gc,metaspace   ] GC(262) Metaspace: 31490K(32560K)->31490K(32560K) NonClass: 27712K(28336K)->27712K(28336K) Class: 3778K(4224K)->3778K(4224K)
[97.407s][info][gc             ] GC(262) Pause Young (Allocation Failure) 1290M->790M(1958M) 54.971ms
[97.407s][info][gc,cpu         ] GC(262) User=0.28s Sys=0.00s Real=0.05s
[97.689s][info][gc,start       ] GC(263) Pause Young (Allocation Failure)
[97.750s][info][gc,heap        ] GC(263) PSYoungGen: 564064K->69216K(607744K)
[97.750s][info][gc,heap        ] GC(263) PSOldGen: 761117K->794085K(1398272K)
[97.750s][info][gc,metaspace   ] GC(263) Metaspace: 31492K(32560K)->31492K(32560K) NonClass: 27714K(28336K)->27714K(28336K) Class: 3778K(4224K)->3778K(4224K)
[97.750s][info][gc             ] GC(263) Pause Young (Allocation Failure) 1294M->843M(1959M) 60.680ms
[97.750s][info][gc,cpu         ] GC(263) User=0.38s Sys=0.00s Real=0.06s
[97.892s][info][gc,start       ] GC(264) Pause Young (Allocation Failure)
[97.959s][info][gc,heap        ] GC(264) PSYoungGen: 585312K->76800K(592896K)
[97.959s][info][gc,heap        ] GC(264) PSOldGen: 794085K->846121K(1398272K)
[97.959s][info][gc,metaspace   ] GC(264) Metaspace: 31492K(32560K)->31492K(32560K) NonClass: 27714K(28336K)->27714K(28336K) Class: 3778K(4224K)->3778K(4224K)
[97.959s][info][gc             ] GC(264) Pause Young (Allocation Failure) 1347M->901M(1944M) 67.764ms
[97.960s][info][gc,cpu         ] GC(264) User=0.38s Sys=0.00s Real=0.07s
[98.529s][info][gc,start       ] GC(265) Pause Young (Allocation Failure)
[98.584s][info][gc,heap        ] GC(265) PSYoungGen: 592896K->45088K(604672K)
[98.584s][info][gc,heap        ] GC(265) PSOldGen: 846121K->878233K(1398272K)
[98.584s][info][gc,metaspace   ] GC(265) Metaspace: 31498K(32560K)->31498K(32560K) NonClass: 27720K(28336K)->27720K(28336K) Class: 3778K(4224K)->3778K(4224K)
[98.584s][info][gc             ] GC(265) Pause Young (Allocation Failure) 1405M->901M(1956M) 55.533ms
[98.584s][info][gc,cpu         ] GC(265) User=0.27s Sys=0.00s Real=0.06s
[98.729s][info][gc,start       ] GC(266) Pause Young (Allocation Failure)
[98.787s][info][gc,heap        ] GC(266) PSYoungGen: 556576K->68224K(605184K)
[98.787s][info][gc,heap        ] GC(266) PSOldGen: 878233K->918026K(1398272K)
[98.787s][info][gc,metaspace   ] GC(266) Metaspace: 31498K(32560K)->31498K(32560K) NonClass: 27720K(28336K)->27720K(28336K) Class: 3778K(4224K)->3778K(4224K)
[98.787s][info][gc             ] GC(266) Pause Young (Allocation Failure) 1401M->963M(1956M) 58.239ms
[98.787s][info][gc,cpu         ] GC(266) User=0.28s Sys=0.00s Real=0.06s
[98.916s][info][gc,start       ] GC(267) Pause Young (Allocation Failure)
[98.996s][info][gc,heap        ] GC(267) PSYoungGen: 579712K->68384K(607232K)
[98.996s][info][gc,heap        ] GC(267) PSOldGen: 918026K->974690K(1398272K)
[98.996s][info][gc,metaspace   ] GC(267) Metaspace: 31498K(32560K)->31498K(32560K) NonClass: 27720K(28336K)->27720K(28336K) Class: 3778K(4224K)->3778K(4224K)
[98.996s][info][gc             ] GC(267) Pause Young (Allocation Failure) 1462M->1018M(1958M) 80.671ms
[98.996s][info][gc,cpu         ] GC(267) User=0.45s Sys=0.00s Real=0.08s
[99.692s][info][gc,start       ] GC(268) Pause Young (Allocation Failure)
[99.750s][info][gc,heap        ] GC(268) PSYoungGen: 582944K->48960K(606208K)
[99.750s][info][gc,heap        ] GC(268) PSOldGen: 974690K->1003922K(1398272K)
[99.750s][info][gc,metaspace   ] GC(268) Metaspace: 31498K(32560K)->31498K(32560K) NonClass: 27720K(28336K)->27720K(28336K) Class: 3778K(4224K)->3778K(4224K)
[99.751s][info][gc             ] GC(268) Pause Young (Allocation Failure) 1521M->1028M(1957M) 58.923ms
[99.751s][info][gc,cpu         ] GC(268) User=0.38s Sys=0.00s Real=0.06s
[99.896s][info][gc,start       ] GC(269) Pause Young (Allocation Failure)
[99.958s][info][gc,heap        ] GC(269) PSYoungGen: 563520K->71264K(606720K)
[99.958s][info][gc,heap        ] GC(269) PSOldGen: 1003922K->1043762K(1398272K)
[99.958s][info][gc,metaspace   ] GC(269) Metaspace: 31498K(32560K)->31498K(32560K) NonClass: 27720K(28336K)->27720K(28336K) Class: 3778K(4224K)->3778K(4224K)
[99.958s][info][gc             ] GC(269) Pause Young (Allocation Failure) 1530M->1088M(1958M) 61.993ms
[99.958s][info][gc,cpu         ] GC(269) User=0.36s Sys=0.00s Real=0.06s
[100.093s][info][gc,start       ] GC(270) Pause Young (Allocation Failure)
[100.165s][info][gc,heap        ] GC(270) PSYoungGen: 586848K->69216K(607232K)
[100.165s][info][gc,heap        ] GC(270) PSOldGen: 1043762K->1102082K(1398272K)
[100.165s][info][gc,metaspace   ] GC(270) Metaspace: 31498K(32560K)->31498K(32560K) NonClass: 27720K(28336K)->27720K(28336K) Class: 3778K(4224K)->3778K(4224K)
[100.165s][info][gc             ] GC(270) Pause Young (Allocation Failure) 1592M->1143M(1958M) 72.099ms
[100.165s][info][gc,cpu         ] GC(270) User=0.47s Sys=0.00s Real=0.07s
[100.757s][info][gc,start       ] GC(271) Pause Young (Allocation Failure)
[100.816s][info][gc,heap        ] GC(271) PSYoungGen: 584800K->58144K(609792K)
[100.816s][info][gc,heap        ] GC(271) PSOldGen: 1102082K->1132010K(1398272K)
[100.816s][info][gc,metaspace   ] GC(271) Metaspace: 31508K(32560K)->31508K(32560K) NonClass: 27730K(28336K)->27730K(28336K) Class: 3778K(4224K)->3778K(4224K)
[100.816s][info][gc             ] GC(271) Pause Young (Allocation Failure) 1647M->1162M(1961M) 58.852ms
[100.816s][info][gc,cpu         ] GC(271) User=0.38s Sys=0.00s Real=0.06s
[100.941s][info][gc,start       ] GC(272) Pause Young (Allocation Failure)
[101.006s][info][gc,heap        ] GC(272) PSYoungGen: 576800K->68064K(607744K)
[101.007s][info][gc,heap        ] GC(272) PSOldGen: 1132010K->1180367K(1398272K)
[101.007s][info][gc,metaspace   ] GC(272) Metaspace: 31508K(32560K)->31508K(32560K) NonClass: 27730K(28336K)->27730K(28336K) Class: 3778K(4224K)->3778K(4224K)
[101.007s][info][gc             ] GC(272) Pause Young (Allocation Failure) 1668M->1219M(1959M) 65.158ms
[101.007s][info][gc,cpu         ] GC(272) User=0.38s Sys=0.00s Real=0.07s
[101.182s][info][gc,start       ] GC(273) Pause Young (Allocation Failure)
[101.263s][info][gc,heap        ] GC(273) PSYoungGen: 586720K->75680K(606208K)
[101.263s][info][gc,heap        ] GC(273) PSOldGen: 1180367K->1226023K(1398272K)
[101.263s][info][gc,metaspace   ] GC(273) Metaspace: 31508K(32560K)->31508K(32560K) NonClass: 27730K(28336K)->27730K(28336K) Class: 3778K(4224K)->3778K(4224K)
[101.263s][info][gc             ] GC(273) Pause Young (Allocation Failure) 1725M->1271M(1957M) 81.341ms
[101.263s][info][gc,cpu         ] GC(273) User=0.47s Sys=0.00s Real=0.08s
[101.797s][info][gc,start       ] GC(274) Pause Young (System.gc())
[101.838s][info][gc,heap        ] GC(274) PSYoungGen: 299500K->17760K(535552K)
[101.838s][info][gc,heap        ] GC(274) PSOldGen: 1226023K->1260855K(1398272K)
[101.838s][info][gc,metaspace   ] GC(274) Metaspace: 31510K(32560K)->31510K(32560K) NonClass: 27732K(28336K)->27732K(28336K) Class: 3778K(4224K)->3778K(4224K)
[101.838s][info][gc             ] GC(274) Pause Young (System.gc()) 1489M->1248M(1888M) 41.326ms
[101.838s][info][gc,cpu         ] GC(274) User=0.25s Sys=0.00s Real=0.04s
[101.838s][info][gc,start       ] GC(275) Pause Full (System.gc())
[101.839s][info][gc,phases,start] GC(275) Phase 1: Mark live objects
[101.955s][info][gc,phases      ] GC(275) Phase 1: Mark live objects 116.362ms
[101.955s][info][gc,phases,start] GC(275) Phase 2: Compute new object addresses
[102.133s][info][gc,phases      ] GC(275) Phase 2: Compute new object addresses 177.938ms
[102.133s][info][gc,phases,start] GC(275) Phase 3: Adjust pointers
[102.217s][info][gc,phases      ] GC(275) Phase 3: Adjust pointers 84.299ms
[102.217s][info][gc,phases,start] GC(275) Phase 4: Move objects
[102.242s][info][gc,phases      ] GC(275) Phase 4: Move objects 24.200ms
[102.242s][info][gc,heap        ] GC(275) PSYoungGen: 17760K->0K(535552K)
[102.242s][info][gc,heap        ] GC(275) PSOldGen: 1260855K->104433K(1398272K)
[102.242s][info][gc,metaspace   ] GC(275) Metaspace: 31510K(32560K)->31510K(32560K) NonClass: 27732K(28336K)->27732K(28336K) Class: 3778K(4224K)->3778K(4224K)
[102.242s][info][gc             ] GC(275) Pause Full (System.gc()) 1248M->101M(1888M) 403.790ms
[102.242s][info][gc,cpu         ] GC(275) User=0.39s Sys=0.00s Real=0.40s
[102.410s][info][gc,start       ] GC(276) Pause Young (Allocation Failure)
[102.447s][info][gc,heap        ] GC(276) PSYoungGen: 517632K->68352K(603648K)
[102.447s][info][gc,heap        ] GC(276) PSOldGen: 104433K->104433K(1398272K)
[102.447s][info][gc,metaspace   ] GC(276) Metaspace: 31510K(32560K)->31510K(32560K) NonClass: 27732K(28336K)->27732K(28336K) Class: 3778K(4224K)->3778K(4224K)
[102.447s][info][gc             ] GC(276) Pause Young (Allocation Failure) 607M->168M(1955M) 37.069ms
[102.447s][info][gc,cpu         ] GC(276) User=0.28s Sys=0.00s Real=0.04s
[102.581s][info][gc,start       ] GC(277) Pause Young (Allocation Failure)
[102.657s][info][gc,heap        ] GC(277) PSYoungGen: 576256K->70560K(603136K)
[102.657s][info][gc,heap        ] GC(277) PSOldGen: 104433K->158981K(1398272K)
[102.657s][info][gc,metaspace   ] GC(277) Metaspace: 31510K(32560K)->31510K(32560K) NonClass: 27732K(28336K)->27732K(28336K) Class: 3778K(4224K)->3778K(4224K)
[102.657s][info][gc             ] GC(277) Pause Young (Allocation Failure) 664M->224M(1954M) 75.299ms
[102.657s][info][gc,cpu         ] GC(277) User=0.45s Sys=0.00s Real=0.08s
[103.304s][info][gc,start       ] GC(278) Pause Young (Allocation Failure)
[103.359s][info][gc,heap        ] GC(278) PSYoungGen: 578464K->43872K(603648K)
[103.359s][info][gc,heap        ] GC(278) PSOldGen: 158981K->189509K(1398272K)
[103.359s][info][gc,metaspace   ] GC(278) Metaspace: 31510K(32560K)->31510K(32560K) NonClass: 27732K(28336K)->27732K(28336K) Class: 3778K(4224K)->3778K(4224K)
[103.359s][info][gc             ] GC(278) Pause Young (Allocation Failure) 720M->227M(1955M) 55.399ms
[103.360s][info][gc,cpu         ] GC(278) User=0.38s Sys=0.00s Real=0.06s
[103.498s][info][gc,start       ] GC(279) Pause Young (Allocation Failure)
[103.564s][info][gc,heap        ] GC(279) PSYoungGen: 552288K->68832K(603648K)
[103.564s][info][gc,heap        ] GC(279) PSOldGen: 189509K->227510K(1398272K)
[103.564s][info][gc,metaspace   ] GC(279) Metaspace: 31510K(32560K)->31510K(32560K) NonClass: 27732K(28336K)->27732K(28336K) Class: 3778K(4224K)->3778K(4224K)
[103.564s][info][gc             ] GC(279) Pause Young (Allocation Failure) 724M->289M(1955M) 66.046ms
[103.564s][info][gc,cpu         ] GC(279) User=0.38s Sys=0.00s Real=0.07s
[103.702s][info][gc,start       ] GC(280) Pause Young (Allocation Failure)
[103.767s][info][gc,heap        ] GC(280) PSYoungGen: 577248K->74048K(601088K)
[103.767s][info][gc,heap        ] GC(280) PSOldGen: 227510K->280486K(1398272K)
[103.767s][info][gc,metaspace   ] GC(280) Metaspace: 31510K(32560K)->31510K(32560K) NonClass: 27732K(28336K)->27732K(28336K) Class: 3778K(4224K)->3778K(4224K)
[103.767s][info][gc             ] GC(280) Pause Young (Allocation Failure) 785M->346M(1952M) 64.899ms
[103.767s][info][gc,cpu         ] GC(280) User=0.38s Sys=0.00s Real=0.07s
[104.398s][info][gc,start       ] GC(281) Pause Young (Allocation Failure)
[104.454s][info][gc,heap        ] GC(281) PSYoungGen: 580416K->49728K(602624K)
[104.454s][info][gc,heap        ] GC(281) PSOldGen: 280486K->311870K(1398272K)
[104.454s][info][gc,metaspace   ] GC(281) Metaspace: 31510K(32560K)->31510K(32560K) NonClass: 27732K(28336K)->27732K(28336K) Class: 3778K(4224K)->3778K(4224K)
[104.454s][info][gc             ] GC(281) Pause Young (Allocation Failure) 840M->353M(1954M) 56.257ms
[104.454s][info][gc,cpu         ] GC(281) User=0.30s Sys=0.00s Real=0.05s
[104.594s][info][gc,start       ] GC(282) Pause Young (Allocation Failure)
[104.654s][info][gc,heap        ] GC(282) PSYoungGen: 556096K->69440K(604160K)
[104.654s][info][gc,heap        ] GC(282) PSOldGen: 311870K->353314K(1398272K)
[104.654s][info][gc,metaspace   ] GC(282) Metaspace: 31510K(32560K)->31510K(32560K) NonClass: 27732K(28336K)->27732K(28336K) Class: 3778K(4224K)->3778K(4224K)
[104.654s][info][gc             ] GC(282) Pause Young (Allocation Failure) 847M->412M(1955M) 60.777ms
[104.654s][info][gc,cpu         ] GC(282) User=0.38s Sys=0.00s Real=0.06s
[104.796s][info][gc,start       ] GC(283) Pause Young (Allocation Failure)
[104.871s][info][gc,heap        ] GC(283) PSYoungGen: 578368K->76256K(585216K)
[104.871s][info][gc,heap        ] GC(283) PSOldGen: 353314K->405354K(1398272K)
[104.871s][info][gc,metaspace   ] GC(283) Metaspace: 31510K(32560K)->31510K(32560K) NonClass: 27732K(28336K)->27732K(28336K) Class: 3778K(4224K)->3778K(4224K)
[104.871s][info][gc             ] GC(283) Pause Young (Allocation Failure) 909M->470M(1937M) 75.878ms
[104.871s][info][gc,cpu         ] GC(283) User=0.47s Sys=0.00s Real=0.08s
[105.419s][info][gc,start       ] GC(284) Pause Young (Allocation Failure)
[105.483s][info][gc,heap        ] GC(284) PSYoungGen: 585184K->60288K(604672K)
[105.483s][info][gc,heap        ] GC(284) PSOldGen: 405354K->437074K(1398272K)
[105.483s][info][gc,metaspace   ] GC(284) Metaspace: 31513K(32560K)->31513K(32560K) NonClass: 27735K(28336K)->27735K(28336K) Class: 3778K(4224K)->3778K(4224K)
[105.483s][info][gc             ] GC(284) Pause Young (Allocation Failure) 967M->485M(1956M) 64.350ms
[105.483s][info][gc,cpu         ] GC(284) User=0.38s Sys=0.00s Real=0.08s
[105.624s][info][gc,start       ] GC(285) Pause Young (Allocation Failure)
[105.696s][info][gc,heap        ] GC(285) PSYoungGen: 568192K->78720K(602112K)
[105.696s][info][gc,heap        ] GC(285) PSOldGen: 437074K->481087K(1398272K)
[105.696s][info][gc,metaspace   ] GC(285) Metaspace: 31513K(32560K)->31513K(32560K) NonClass: 27735K(28336K)->27735K(28336K) Class: 3778K(4224K)->3778K(4224K)
[105.696s][info][gc             ] GC(285) Pause Young (Allocation Failure) 981M->546M(1953M) 71.827ms
[105.696s][info][gc,cpu         ] GC(285) User=0.47s Sys=0.00s Real=0.07s
[105.932s][info][gc,start       ] GC(286) Pause Young (Allocation Failure)
[106.000s][info][gc,heap        ] GC(286) PSYoungGen: 586624K->64736K(605184K)
[106.000s][info][gc,heap        ] GC(286) PSOldGen: 481087K->520831K(1398272K)
[106.000s][info][gc,metaspace   ] GC(286) Metaspace: 31513K(32560K)->31513K(32560K) NonClass: 27735K(28336K)->27735K(28336K) Class: 3778K(4224K)->3778K(4224K)
[106.000s][info][gc             ] GC(286) Pause Young (Allocation Failure) 1042M->571M(1956M) 68.908ms
[106.001s][info][gc,cpu         ] GC(286) User=0.33s Sys=0.00s Real=0.07s
[106.517s][info][gc,start       ] GC(287) Pause Young (Allocation Failure)
[106.571s][info][gc,heap        ] GC(287) PSYoungGen: 573152K->57760K(602112K)
[106.571s][info][gc,heap        ] GC(287) PSOldGen: 520831K->554071K(1398272K)
[106.571s][info][gc,metaspace   ] GC(287) Metaspace: 31513K(32560K)->31513K(32560K) NonClass: 27735K(28336K)->27735K(28336K) Class: 3778K(4224K)->3778K(4224K)
[106.572s][info][gc             ] GC(287) Pause Young (Allocation Failure) 1068M->597M(1953M) 54.669ms
[106.572s][info][gc,cpu         ] GC(287) User=0.38s Sys=0.00s Real=0.06s
[106.707s][info][gc,start       ] GC(288) Pause Young (Allocation Failure)
[106.769s][info][gc,heap        ] GC(288) PSYoungGen: 566176K->73248K(605696K)
[106.769s][info][gc,heap        ] GC(288) PSOldGen: 554071K->598087K(1398272K)
[106.769s][info][gc,metaspace   ] GC(288) Metaspace: 31513K(32560K)->31513K(32560K) NonClass: 27735K(28336K)->27735K(28336K) Class: 3778K(4224K)->3778K(4224K)
[106.769s][info][gc             ] GC(288) Pause Young (Allocation Failure) 1093M->655M(1957M) 62.645ms
[106.769s][info][gc,cpu         ] GC(288) User=0.36s Sys=0.00s Real=0.06s
[107.069s][info][gc,start       ] GC(289) Pause Young (Allocation Failure)
[107.131s][info][gc,heap        ] GC(289) PSYoungGen: 586784K->58784K(606208K)
[107.131s][info][gc,heap        ] GC(289) PSOldGen: 598087K->639535K(1398272K)
[107.131s][info][gc,metaspace   ] GC(289) Metaspace: 31513K(32560K)->31513K(32560K) NonClass: 27735K(28336K)->27735K(28336K) Class: 3778K(4224K)->3778K(4224K)
[107.131s][info][gc             ] GC(289) Pause Young (Allocation Failure) 1157M->681M(1957M) 62.261ms
[107.131s][info][gc,cpu         ] GC(289) User=0.38s Sys=0.00s Real=0.07s
[107.717s][info][gc,start       ] GC(290) Pause Young (Allocation Failure)
[107.779s][info][gc,heap        ] GC(290) PSYoungGen: 572320K->72256K(607232K)
[107.779s][info][gc,heap        ] GC(290) PSOldGen: 639535K->669759K(1398272K)
[107.779s][info][gc,metaspace   ] GC(290) Metaspace: 31524K(32560K)->31524K(32560K) NonClass: 27746K(28336K)->27746K(28336K) Class: 3778K(4224K)->3778K(4224K)
[107.779s][info][gc             ] GC(290) Pause Young (Allocation Failure) 1183M->724M(1958M) 61.706ms
[107.779s][info][gc,cpu         ] GC(290) User=0.38s Sys=0.00s Real=0.07s
[107.912s][info][gc,start       ] GC(291) Pause Young (Allocation Failure)
[107.982s][info][gc,heap        ] GC(291) PSYoungGen: 588864K->71616K(607744K)
[107.982s][info][gc,heap        ] GC(291) PSOldGen: 669759K->729400K(1398272K)
[107.982s][info][gc,metaspace   ] GC(291) Metaspace: 31524K(32560K)->31524K(32560K) NonClass: 27746K(28336K)->27746K(28336K) Class: 3778K(4224K)->3778K(4224K)
[107.982s][info][gc             ] GC(291) Pause Young (Allocation Failure) 1229M->782M(1959M) 70.288ms
[107.982s][info][gc,cpu         ] GC(291) User=0.44s Sys=0.02s Real=0.07s
[108.723s][info][gc,start       ] GC(292) Pause Young (Allocation Failure)
[108.776s][info][gc,heap        ] GC(292) PSYoungGen: 588224K->41984K(604672K)
[108.776s][info][gc,heap        ] GC(292) PSOldGen: 729400K->760672K(1398272K)
[108.776s][info][gc,metaspace   ] GC(292) Metaspace: 31543K(32560K)->31543K(32560K) NonClass: 27765K(28336K)->27765K(28336K) Class: 3778K(4224K)->3778K(4224K)
[108.776s][info][gc             ] GC(292) Pause Young (Allocation Failure) 1286M->783M(1956M) 52.691ms
[108.776s][info][gc,cpu         ] GC(292) User=0.38s Sys=0.00s Real=0.05s
[108.909s][info][gc,start       ] GC(293) Pause Young (Allocation Failure)
[108.968s][info][gc,heap        ] GC(293) PSYoungGen: 555520K->65600K(606208K)
[108.968s][info][gc,heap        ] GC(293) PSOldGen: 760672K->800348K(1398272K)
[108.968s][info][gc,metaspace   ] GC(293) Metaspace: 31543K(32560K)->31543K(32560K) NonClass: 27765K(28336K)->27765K(28336K) Class: 3778K(4224K)->3778K(4224K)
[108.968s][info][gc             ] GC(293) Pause Young (Allocation Failure) 1285M->845M(1957M) 59.242ms
[108.968s][info][gc,cpu         ] GC(293) User=0.38s Sys=0.00s Real=0.06s
[109.112s][info][gc,start       ] GC(294) Pause Young (Allocation Failure)
[109.178s][info][gc,heap        ] GC(294) PSYoungGen: 579136K->75840K(605184K)
[109.178s][info][gc,heap        ] GC(294) PSOldGen: 800348K->849924K(1398272K)
[109.178s][info][gc,metaspace   ] GC(294) Metaspace: 31543K(32560K)->31543K(32560K) NonClass: 27765K(28336K)->27765K(28336K) Class: 3778K(4224K)->3778K(4224K)
[109.178s][info][gc             ] GC(294) Pause Young (Allocation Failure) 1347M->904M(1956M) 66.142ms
[109.178s][info][gc,cpu         ] GC(294) User=0.38s Sys=0.00s Real=0.07s
[109.783s][info][gc,start       ] GC(295) Pause Young (Allocation Failure)
[109.838s][info][gc,heap        ] GC(295) PSYoungGen: 590400K->52896K(606720K)
[109.838s][info][gc,heap        ] GC(295) PSOldGen: 849924K->881876K(1398272K)
[109.838s][info][gc,metaspace   ] GC(295) Metaspace: 31545K(32560K)->31545K(32560K) NonClass: 27767K(28336K)->27767K(28336K) Class: 3778K(4224K)->3778K(4224K)
[109.838s][info][gc             ] GC(295) Pause Young (Allocation Failure) 1406M->912M(1958M) 55.312ms
[109.838s][info][gc,cpu         ] GC(295) User=0.38s Sys=0.00s Real=0.06s
[109.973s][info][gc,start       ] GC(296) Pause Young (Allocation Failure)
[110.036s][info][gc,heap        ] GC(296) PSYoungGen: 567456K->65312K(609280K)
[110.036s][info][gc,heap        ] GC(296) PSOldGen: 881876K->930369K(1398272K)
[110.036s][info][gc,metaspace   ] GC(296) Metaspace: 31545K(32560K)->31545K(32560K) NonClass: 27767K(28336K)->27767K(28336K) Class: 3778K(4224K)->3778K(4224K)
[110.036s][info][gc             ] GC(296) Pause Young (Allocation Failure) 1415M->972M(1960M) 63.006ms
[110.036s][info][gc,cpu         ] GC(296) User=0.38s Sys=0.00s Real=0.06s
[110.167s][info][gc,start       ] GC(297) Pause Young (Allocation Failure)
[110.236s][info][gc,heap        ] GC(297) PSYoungGen: 582944K->68096K(607232K)
[110.236s][info][gc,heap        ] GC(297) PSOldGen: 930369K->983337K(1398272K)
[110.236s][info][gc,metaspace   ] GC(297) Metaspace: 31545K(32560K)->31545K(32560K) NonClass: 27767K(28336K)->27767K(28336K) Class: 3778K(4224K)->3778K(4224K)
[110.236s][info][gc             ] GC(297) Pause Young (Allocation Failure) 1477M->1026M(1958M) 68.642ms
[110.236s][info][gc,cpu         ] GC(297) User=0.38s Sys=0.00s Real=0.07s
[110.847s][info][gc,start       ] GC(298) Pause Young (Allocation Failure)
[110.903s][info][gc,heap        ] GC(298) PSYoungGen: 585728K->56288K(611328K)
[110.903s][info][gc,heap        ] GC(298) PSOldGen: 983337K->1013105K(1398272K)
[110.903s][info][gc,metaspace   ] GC(298) Metaspace: 31545K(32560K)->31545K(32560K) NonClass: 27767K(28336K)->27767K(28336K) Class: 3778K(4224K)->3778K(4224K)
[110.903s][info][gc             ] GC(298) Pause Young (Allocation Failure) 1532M->1044M(1962M) 56.122ms
[110.903s][info][gc,cpu         ] GC(298) User=0.33s Sys=0.00s Real=0.06s
[111.045s][info][gc,start       ] GC(299) Pause Young (Allocation Failure)
[111.111s][info][gc,heap        ] GC(299) PSYoungGen: 579040K->74976K(598016K)
[111.111s][info][gc,heap        ] GC(299) PSOldGen: 1013105K->1056937K(1398272K)
[111.111s][info][gc,metaspace   ] GC(299) Metaspace: 31545K(32560K)->31545K(32560K) NonClass: 27767K(28336K)->27767K(28336K) Class: 3778K(4224K)->3778K(4224K)
[111.111s][info][gc             ] GC(299) Pause Young (Allocation Failure) 1554M->1105M(1949M) 65.995ms
[111.111s][info][gc,cpu         ] GC(299) User=0.38s Sys=0.00s Real=0.07s
[111.299s][info][gc,start       ] GC(300) Pause Young (Allocation Failure)
[111.371s][info][gc,heap        ] GC(300) PSYoungGen: 597728K->70720K(609792K)
[111.371s][info][gc,heap        ] GC(300) PSOldGen: 1056937K->1101817K(1398272K)
[111.371s][info][gc,metaspace   ] GC(300) Metaspace: 31545K(32560K)->31545K(32560K) NonClass: 27767K(28336K)->27767K(28336K) Class: 3778K(4224K)->3778K(4224K)
[111.371s][info][gc             ] GC(300) Pause Young (Allocation Failure) 1615M->1145M(1961M) 71.879ms
[111.371s][info][gc,cpu         ] GC(300) User=0.45s Sys=0.00s Real=0.07s
[111.950s][info][gc,start       ] GC(301) Pause Young (Allocation Failure)
[112.013s][info][gc,heap        ] GC(301) PSYoungGen: 590912K->66784K(609280K)
[112.013s][info][gc,heap        ] GC(301) PSOldGen: 1101817K->1136081K(1398272K)
[112.013s][info][gc,metaspace   ] GC(301) Metaspace: 31547K(32560K)->31547K(32560K) NonClass: 27769K(28336K)->27769K(28336K) Class: 3778K(4224K)->3778K(4224K)
[112.013s][info][gc             ] GC(301) Pause Young (Allocation Failure) 1653M->1174M(1960M) 62.537ms
[112.013s][info][gc,cpu         ] GC(301) User=0.38s Sys=0.00s Real=0.06s
[112.155s][info][gc,start       ] GC(302) Pause Young (Allocation Failure)
[112.228s][info][gc,heap        ] GC(302) PSYoungGen: 586976K->74304K(609280K)
[112.228s][info][gc,heap        ] GC(302) PSOldGen: 1136081K->1189513K(1398272K)
[112.228s][info][gc,metaspace   ] GC(302) Metaspace: 31547K(32560K)->31547K(32560K) NonClass: 27769K(28336K)->27769K(28336K) Class: 3778K(4224K)->3778K(4224K)
[112.228s][info][gc             ] GC(302) Pause Young (Allocation Failure) 1682M->1234M(1960M) 72.282ms
[112.228s][info][gc,cpu         ] GC(302) User=0.45s Sys=0.00s Real=0.07s
[112.966s][info][gc,start       ] GC(303) Pause Young (Allocation Failure)
[113.018s][info][gc,heap        ] GC(303) PSYoungGen: 596032K->41504K(563712K)
[113.018s][info][gc,heap        ] GC(303) PSOldGen: 1189513K->1222265K(1398272K)
[113.018s][info][gc,metaspace   ] GC(303) Metaspace: 31547K(32560K)->31547K(32560K) NonClass: 27769K(28336K)->27769K(28336K) Class: 3778K(4224K)->3778K(4224K)
[113.018s][info][gc             ] GC(303) Pause Young (Allocation Failure) 1743M->1234M(1916M) 51.626ms
[113.018s][info][gc,cpu         ] GC(303) User=0.28s Sys=0.00s Real=0.06s
[113.049s][info][gc,start       ] GC(304) Pause Young (System.gc())
[113.077s][info][gc,heap        ] GC(304) PSYoungGen: 51050K->1184K(592896K)
[113.077s][info][gc,heap        ] GC(304) PSOldGen: 1222265K->1261002K(1398272K)
[113.077s][info][gc,metaspace   ] GC(304) Metaspace: 31547K(32560K)->31547K(32560K) NonClass: 27769K(28336K)->27769K(28336K) Class: 3778K(4224K)->3778K(4224K)
[113.077s][info][gc             ] GC(304) Pause Young (System.gc()) 1243M->1232M(1944M) 27.692ms
[113.077s][info][gc,cpu         ] GC(304) User=0.19s Sys=0.00s Real=0.03s
[113.077s][info][gc,start       ] GC(305) Pause Full (System.gc())
[113.077s][info][gc,phases,start] GC(305) Phase 1: Mark live objects
[113.189s][info][gc,phases      ] GC(305) Phase 1: Mark live objects 112.219ms
[113.189s][info][gc,phases,start] GC(305) Phase 2: Compute new object addresses
[113.367s][info][gc,phases      ] GC(305) Phase 2: Compute new object addresses 177.692ms
[113.367s][info][gc,phases,start] GC(305) Phase 3: Adjust pointers
[113.448s][info][gc,phases      ] GC(305) Phase 3: Adjust pointers 80.536ms
[113.448s][info][gc,phases,start] GC(305) Phase 4: Move objects
[113.471s][info][gc,phases      ] GC(305) Phase 4: Move objects 23.615ms
[113.472s][info][gc,heap        ] GC(305) PSYoungGen: 1184K->0K(592896K)
[113.472s][info][gc,heap        ] GC(305) PSOldGen: 1261002K->104297K(1398272K)
[113.472s][info][gc,metaspace   ] GC(305) Metaspace: 31547K(32560K)->31547K(32560K) NonClass: 27769K(28336K)->27769K(28336K) Class: 3778K(4224K)->3778K(4224K)
[113.472s][info][gc             ] GC(305) Pause Full (System.gc()) 1232M->101M(1944M) 395.079ms
[113.472s][info][gc,cpu         ] GC(305) User=0.39s Sys=0.00s Real=0.39s
[113.612s][info][gc,start       ] GC(306) Pause Young (Allocation Failure)
[113.654s][info][gc,heap        ] GC(306) PSYoungGen: 502272K->65216K(600576K)
[113.654s][info][gc,heap        ] GC(306) PSOldGen: 104297K->104297K(1398272K)
[113.654s][info][gc,metaspace   ] GC(306) Metaspace: 31548K(32560K)->31548K(32560K) NonClass: 27770K(28336K)->27770K(28336K) Class: 3778K(4224K)->3778K(4224K)
[113.654s][info][gc             ] GC(306) Pause Young (Allocation Failure) 592M->165M(1952M) 41.439ms
[113.654s][info][gc,cpu         ] GC(306) User=0.27s Sys=0.00s Real=0.04s
[113.801s][info][gc,start       ] GC(307) Pause Young (Allocation Failure)
[113.871s][info][gc,heap        ] GC(307) PSYoungGen: 567488K->78560K(594432K)
[113.871s][info][gc,heap        ] GC(307) PSOldGen: 104297K->151606K(1398272K)
[113.871s][info][gc,metaspace   ] GC(307) Metaspace: 31548K(32560K)->31548K(32560K) NonClass: 27770K(28336K)->27770K(28336K) Class: 3778K(4224K)->3778K(4224K)
[113.871s][info][gc             ] GC(307) Pause Young (Allocation Failure) 656M->224M(1946M) 70.636ms
[113.871s][info][gc,cpu         ] GC(307) User=0.42s Sys=0.02s Real=0.07s
[114.639s][info][gc,start       ] GC(308) Pause Young (Allocation Failure)
[114.699s][info][gc,heap        ] GC(308) PSYoungGen: 575712K->41216K(598016K)
[114.699s][info][gc,heap        ] GC(308) PSOldGen: 151606K->184814K(1398272K)
[114.699s][info][gc,metaspace   ] GC(308) Metaspace: 31548K(32560K)->31548K(32560K) NonClass: 27770K(28336K)->27770K(28336K) Class: 3778K(4224K)->3778K(4224K)
[114.699s][info][gc             ] GC(308) Pause Young (Allocation Failure) 710M->220M(1949M) 59.754ms
[114.699s][info][gc,cpu         ] GC(308) User=0.31s Sys=0.00s Real=0.06s
[114.848s][info][gc,start       ] GC(309) Pause Young (Allocation Failure)
[114.905s][info][gc,heap        ] GC(309) PSYoungGen: 538368K->70048K(598528K)
[114.905s][info][gc,heap        ] GC(309) PSOldGen: 184814K->221010K(1398272K)
[114.905s][info][gc,metaspace   ] GC(309) Metaspace: 31548K(32560K)->31548K(32560K) NonClass: 27770K(28336K)->27770K(28336K) Class: 3778K(4224K)->3778K(4224K)
[114.905s][info][gc             ] GC(309) Pause Young (Allocation Failure) 706M->284M(1950M) 56.630ms
[114.905s][info][gc,cpu         ] GC(309) User=0.36s Sys=0.02s Real=0.06s
[115.045s][info][gc,start       ] GC(310) Pause Young (Allocation Failure)
[115.114s][info][gc,heap        ] GC(310) PSYoungGen: 568224K->74208K(572416K)
[115.114s][info][gc,heap        ] GC(310) PSOldGen: 221010K->274082K(1398272K)
[115.114s][info][gc,metaspace   ] GC(310) Metaspace: 31548K(32560K)->31548K(32560K) NonClass: 27770K(28336K)->27770K(28336K) Class: 3778K(4224K)->3778K(4224K)
[115.114s][info][gc             ] GC(310) Pause Young (Allocation Failure) 770M->340M(1924M) 69.383ms
[115.114s][info][gc,cpu         ] GC(310) User=0.36s Sys=0.00s Real=0.07s
[115.712s][info][gc,start       ] GC(311) Pause Young (Allocation Failure)
[115.766s][info][gc,heap        ] GC(311) PSYoungGen: 572384K->45760K(598528K)
[115.766s][info][gc,heap        ] GC(311) PSOldGen: 274082K->304954K(1398272K)
[115.766s][info][gc,metaspace   ] GC(311) Metaspace: 31548K(32560K)->31548K(32560K) NonClass: 27770K(28336K)->27770K(28336K) Class: 3778K(4224K)->3778K(4224K)
[115.767s][info][gc             ] GC(311) Pause Young (Allocation Failure) 826M->342M(1950M) 54.208ms
[115.767s][info][gc,cpu         ] GC(311) User=0.28s Sys=0.00s Real=0.07s
[115.914s][info][gc,start       ] GC(312) Pause Young (Allocation Failure)
[115.977s][info][gc,heap        ] GC(312) PSYoungGen: 542400K->72928K(596992K)
[115.977s][info][gc,heap        ] GC(312) PSOldGen: 304954K->342095K(1398272K)
[115.977s][info][gc,metaspace   ] GC(312) Metaspace: 31548K(32560K)->31548K(32560K) NonClass: 27770K(28336K)->27770K(28336K) Class: 3778K(4224K)->3778K(4224K)
[115.977s][info][gc             ] GC(312) Pause Young (Allocation Failure) 827M->405M(1948M) 62.844ms
[115.977s][info][gc,cpu         ] GC(312) User=0.38s Sys=0.00s Real=0.06s
[116.124s][info][gc,start       ] GC(313) Pause Young (Allocation Failure)
[116.194s][info][gc,heap        ] GC(313) PSYoungGen: 569568K->75776K(594432K)
[116.194s][info][gc,heap        ] GC(313) PSOldGen: 342095K->395775K(1398272K)
[116.194s][info][gc,metaspace   ] GC(313) Metaspace: 31548K(32560K)->31548K(32560K) NonClass: 27770K(28336K)->27770K(28336K) Class: 3778K(4224K)->3778K(4224K)
[116.194s][info][gc             ] GC(313) Pause Young (Allocation Failure) 890M->460M(1946M) 70.526ms
[116.194s][info][gc,cpu         ] GC(313) User=0.38s Sys=0.00s Real=0.07s
[116.801s][info][gc,start       ] GC(314) Pause Young (Allocation Failure)
[116.863s][info][gc,heap        ] GC(314) PSYoungGen: 568832K->49600K(595968K)
[116.863s][info][gc,heap        ] GC(314) PSOldGen: 395775K->426607K(1398272K)
[116.863s][info][gc,metaspace   ] GC(314) Metaspace: 31548K(32560K)->31548K(32560K) NonClass: 27770K(28336K)->27770K(28336K) Class: 3778K(4224K)->3778K(4224K)
[116.863s][info][gc             ] GC(314) Pause Young (Allocation Failure) 941M->465M(1947M) 62.120ms
[116.863s][info][gc,cpu         ] GC(314) User=0.38s Sys=0.00s Real=0.06s
[116.994s][info][gc,start       ] GC(315) Pause Young (Allocation Failure)
[117.053s][info][gc,heap        ] GC(315) PSYoungGen: 542656K->65120K(600576K)
[117.053s][info][gc,heap        ] GC(315) PSOldGen: 426607K->468231K(1398272K)
[117.053s][info][gc,metaspace   ] GC(315) Metaspace: 31548K(32560K)->31548K(32560K) NonClass: 27770K(28336K)->27770K(28336K) Class: 3778K(4224K)->3778K(4224K)
[117.053s][info][gc             ] GC(315) Pause Young (Allocation Failure) 946M->520M(1952M) 59.082ms
[117.053s][info][gc,cpu         ] GC(315) User=0.25s Sys=0.00s Real=0.06s
[117.186s][info][gc,start       ] GC(316) Pause Young (Allocation Failure)
[117.260s][info][gc,heap        ] GC(316) PSYoungGen: 564832K->70240K(598016K)
[117.260s][info][gc,heap        ] GC(316) PSOldGen: 468231K->519999K(1398272K)
[117.260s][info][gc,metaspace   ] GC(316) Metaspace: 31548K(32560K)->31548K(32560K) NonClass: 27770K(28336K)->27770K(28336K) Class: 3778K(4224K)->3778K(4224K)
[117.260s][info][gc             ] GC(316) Pause Young (Allocation Failure) 1008M->576M(1949M) 74.269ms
[117.260s][info][gc,cpu         ] GC(316) User=0.41s Sys=0.00s Real=0.08s
[117.913s][info][gc,start       ] GC(317) Pause Young (Allocation Failure)
[117.967s][info][gc,heap        ] GC(317) PSYoungGen: 569952K->53408K(603136K)
[117.967s][info][gc,heap        ] GC(317) PSOldGen: 519999K->550215K(1398272K)
[117.967s][info][gc,metaspace   ] GC(317) Metaspace: 31548K(32560K)->31548K(32560K) NonClass: 27770K(28336K)->27770K(28336K) Class: 3778K(4224K)->3778K(4224K)
[117.967s][info][gc             ] GC(317) Pause Young (Allocation Failure) 1064M->589M(1954M) 53.453ms
[117.967s][info][gc,cpu         ] GC(317) User=0.38s Sys=0.00s Real=0.05s
[118.101s][info][gc,start       ] GC(318) Pause Young (Allocation Failure)
[118.162s][info][gc,heap        ] GC(318) PSYoungGen: 558752K->70400K(601088K)
[118.162s][info][gc,heap        ] GC(318) PSOldGen: 550215K->592452K(1398272K)
[118.162s][info][gc,metaspace   ] GC(318) Metaspace: 31548K(32560K)->31548K(32560K) NonClass: 27770K(28336K)->27770K(28336K) Class: 3778K(4224K)->3778K(4224K)
[118.162s][info][gc             ] GC(318) Pause Young (Allocation Failure) 1082M->647M(1952M) 61.281ms
[118.162s][info][gc,cpu         ] GC(318) User=0.38s Sys=0.00s Real=0.06s
[118.296s][info][gc,start       ] GC(319) Pause Young (Allocation Failure)
[118.377s][info][gc,heap        ] GC(319) PSYoungGen: 575744K->71040K(603136K)
[118.377s][info][gc,heap        ] GC(319) PSOldGen: 592452K->649348K(1398272K)
[118.377s][info][gc,metaspace   ] GC(319) Metaspace: 31548K(32560K)->31548K(32560K) NonClass: 27770K(28336K)->27770K(28336K) Class: 3778K(4224K)->3778K(4224K)
[118.377s][info][gc             ] GC(319) Pause Young (Allocation Failure) 1140M->703M(1954M) 80.703ms
[118.377s][info][gc,cpu         ] GC(319) User=0.44s Sys=0.00s Real=0.08s
[118.983s][info][gc,start       ] GC(320) Pause Young (Allocation Failure)
[119.048s][info][gc,heap        ] GC(320) PSYoungGen: 578432K->58336K(603136K)
[119.048s][info][gc,heap        ] GC(320) PSOldGen: 649348K->679556K(1398272K)
[119.048s][info][gc,metaspace   ] GC(320) Metaspace: 31548K(32560K)->31548K(32560K) NonClass: 27770K(28336K)->27770K(28336K) Class: 3778K(4224K)->3778K(4224K)
[119.048s][info][gc             ] GC(320) Pause Young (Allocation Failure) 1199M->720M(1954M) 64.925ms
[119.048s][info][gc,cpu         ] GC(320) User=0.38s Sys=0.00s Real=0.07s
[119.201s][info][gc,start       ] GC(321) Pause Young (Allocation Failure)
[119.271s][info][gc,heap        ] GC(321) PSYoungGen: 565728K->79200K(599552K)
[119.271s][info][gc,heap        ] GC(321) PSOldGen: 679556K->721812K(1398272K)
[119.271s][info][gc,metaspace   ] GC(321) Metaspace: 31548K(32560K)->31548K(32560K) NonClass: 27770K(28336K)->27770K(28336K) Class: 3778K(4224K)->3778K(4224K)
[119.271s][info][gc             ] GC(321) Pause Young (Allocation Failure) 1216M->782M(1951M) 70.123ms
[119.271s][info][gc,cpu         ] GC(321) User=0.36s Sys=0.00s Real=0.07s
[119.456s][info][gc,start       ] GC(322) Pause Young (Allocation Failure)
[119.526s][info][gc,heap        ] GC(322) PSYoungGen: 585568K->63776K(602624K)
[119.526s][info][gc,heap        ] GC(322) PSOldGen: 721812K->764532K(1398272K)
[119.526s][info][gc,metaspace   ] GC(322) Metaspace: 31548K(32560K)->31548K(32560K) NonClass: 27770K(28336K)->27770K(28336K) Class: 3778K(4224K)->3778K(4224K)
[119.526s][info][gc             ] GC(322) Pause Young (Allocation Failure) 1276M->808M(1954M) 70.084ms
[119.526s][info][gc,cpu         ] GC(322) User=0.47s Sys=0.00s Real=0.07s
[120.102s][info][gc,start       ] GC(323) Pause Young (Allocation Failure)
[120.163s][info][gc,heap        ] GC(323) PSYoungGen: 570144K->65472K(608256K)
[120.163s][info][gc,heap        ] GC(323) PSOldGen: 764532K->796548K(1398272K)
[120.163s][info][gc,metaspace   ] GC(323) Metaspace: 31555K(32560K)->31555K(32560K) NonClass: 27776K(28336K)->27776K(28336K) Class: 3778K(4224K)->3778K(4224K)
[120.163s][info][gc             ] GC(323) Pause Young (Allocation Failure) 1303M->841M(1959M) 61.818ms
[120.164s][info][gc,cpu         ] GC(323) User=0.28s Sys=0.00s Real=0.07s
[120.303s][info][gc,start       ] GC(324) Pause Young (Allocation Failure)
[120.372s][info][gc,heap        ] GC(324) PSYoungGen: 580544K->72864K(605696K)
[120.372s][info][gc,heap        ] GC(324) PSOldGen: 796548K->849253K(1398272K)
[120.372s][info][gc,metaspace   ] GC(324) Metaspace: 31555K(32560K)->31555K(32560K) NonClass: 27776K(28336K)->27776K(28336K) Class: 3778K(4224K)->3778K(4224K)
[120.372s][info][gc             ] GC(324) Pause Young (Allocation Failure) 1344M->900M(1957M) 69.138ms
[120.373s][info][gc,cpu         ] GC(324) User=0.42s Sys=0.00s Real=0.07s
[121.028s][info][gc,start       ] GC(325) Pause Young (Allocation Failure)
[121.081s][info][gc,heap        ] GC(325) PSYoungGen: 587936K->43744K(604672K)
[121.081s][info][gc,heap        ] GC(325) PSOldGen: 849253K->881797K(1398272K)
[121.081s][info][gc,metaspace   ] GC(325) Metaspace: 31555K(32560K)->31555K(32560K) NonClass: 27776K(28336K)->27776K(28336K) Class: 3778K(4224K)->3778K(4224K)
[121.081s][info][gc             ] GC(325) Pause Young (Allocation Failure) 1403M->903M(1956M) 52.544ms
[121.081s][info][gc,cpu         ] GC(325) User=0.28s Sys=0.00s Real=0.06s
[121.297s][info][gc,start       ] GC(326) Pause Young (Allocation Failure)
[121.359s][info][gc,heap        ] GC(326) PSYoungGen: 557280K->69344K(606208K)
[121.359s][info][gc,heap        ] GC(326) PSOldGen: 881797K->917341K(1398272K)
[121.359s][info][gc,metaspace   ] GC(326) Metaspace: 31555K(32560K)->31555K(32560K) NonClass: 27777K(28336K)->27777K(28336K) Class: 3778K(4224K)->3778K(4224K)
[121.359s][info][gc             ] GC(326) Pause Young (Allocation Failure) 1405M->963M(1957M) 61.732ms
[121.359s][info][gc,cpu         ] GC(326) User=0.38s Sys=0.00s Real=0.06s
[121.506s][info][gc,start       ] GC(327) Pause Young (Allocation Failure)
[121.573s][info][gc,heap        ] GC(327) PSYoungGen: 582880K->75616K(603136K)
[121.573s][info][gc,heap        ] GC(327) PSOldGen: 917341K->969597K(1398272K)
[121.573s][info][gc,metaspace   ] GC(327) Metaspace: 31555K(32560K)->31555K(32560K) NonClass: 27777K(28336K)->27777K(28336K) Class: 3778K(4224K)->3778K(4224K)
[121.573s][info][gc             ] GC(327) Pause Young (Allocation Failure) 1465M->1020M(1954M) 67.146ms
[121.573s][info][gc,cpu         ] GC(327) User=0.47s Sys=0.00s Real=0.07s
[122.216s][info][gc,start       ] GC(328) Pause Young (Allocation Failure)
[122.268s][info][gc,heap        ] GC(328) PSYoungGen: 587104K->45376K(605184K)
[122.268s][info][gc,heap        ] GC(328) PSOldGen: 969597K->1002053K(1398272K)
[122.268s][info][gc,metaspace   ] GC(328) Metaspace: 31555K(32560K)->31555K(32560K) NonClass: 27777K(28336K)->27777K(28336K) Class: 3778K(4224K)->3778K(4224K)
[122.268s][info][gc             ] GC(328) Pause Young (Allocation Failure) 1520M->1022M(1956M) 51.982ms
[122.268s][info][gc,cpu         ] GC(328) User=0.28s Sys=0.00s Real=0.05s
[122.396s][info][gc,start       ] GC(329) Pause Young (Allocation Failure)
[122.460s][info][gc,heap        ] GC(329) PSYoungGen: 556864K->64288K(607744K)
[122.460s][info][gc,heap        ] GC(329) PSOldGen: 1002053K->1042957K(1398272K)
[122.460s][info][gc,metaspace   ] GC(329) Metaspace: 31555K(32560K)->31555K(32560K) NonClass: 27777K(28336K)->27777K(28336K) Class: 3778K(4224K)->3778K(4224K)
[122.460s][info][gc             ] GC(329) Pause Young (Allocation Failure) 1522M->1081M(1959M) 63.697ms
[122.460s][info][gc,cpu         ] GC(329) User=0.36s Sys=0.00s Real=0.06s
[122.596s][info][gc,start       ] GC(330) Pause Young (Allocation Failure)
[122.670s][info][gc,heap        ] GC(330) PSYoungGen: 578336K->71264K(605184K)
[122.670s][info][gc,heap        ] GC(330) PSOldGen: 1042957K->1092997K(1398272K)
[122.670s][info][gc,metaspace   ] GC(330) Metaspace: 31555K(32560K)->31555K(32560K) NonClass: 27777K(28336K)->27777K(28336K) Class: 3778K(4224K)->3778K(4224K)
[122.670s][info][gc             ] GC(330) Pause Young (Allocation Failure) 1583M->1136M(1956M) 73.831ms
[122.670s][info][gc,cpu         ] GC(330) User=0.45s Sys=0.00s Real=0.07s
[123.444s][info][gc,start       ] GC(331) Pause Young (Allocation Failure)
[123.498s][info][gc,heap        ] GC(331) PSYoungGen: 585312K->47040K(607232K)
[123.498s][info][gc,heap        ] GC(331) PSOldGen: 1092997K->1123781K(1398272K)
[123.498s][info][gc,metaspace   ] GC(331) Metaspace: 31555K(32560K)->31555K(32560K) NonClass: 27777K(28336K)->27777K(28336K) Class: 3778K(4224K)->3778K(4224K)
[123.498s][info][gc             ] GC(331) Pause Young (Allocation Failure) 1638M->1143M(1958M) 53.704ms
[123.498s][info][gc,cpu         ] GC(331) User=0.36s Sys=0.00s Real=0.06s
[123.635s][info][gc,start       ] GC(332) Pause Young (Allocation Failure)
[123.695s][info][gc,heap        ] GC(332) PSYoungGen: 562624K->69760K(607232K)
[123.695s][info][gc,heap        ] GC(332) PSOldGen: 1123781K->1162842K(1398272K)
[123.695s][info][gc,metaspace   ] GC(332) Metaspace: 31555K(32560K)->31555K(32560K) NonClass: 27777K(28336K)->27777K(28336K) Class: 3778K(4224K)->3778K(4224K)
[123.695s][info][gc             ] GC(332) Pause Young (Allocation Failure) 1646M->1203M(1958M) 60.547ms
[123.695s][info][gc,cpu         ] GC(332) User=0.28s Sys=0.00s Real=0.06s
[123.836s][info][gc,start       ] GC(333) Pause Young (Allocation Failure)
[123.904s][info][gc,heap        ] GC(333) PSYoungGen: 585344K->76288K(603136K)
[123.904s][info][gc,heap        ] GC(333) PSOldGen: 1162842K->1215234K(1398272K)
[123.904s][info][gc,metaspace   ] GC(333) Metaspace: 31555K(32560K)->31555K(32560K) NonClass: 27777K(28336K)->27777K(28336K) Class: 3778K(4224K)->3778K(4224K)
[123.904s][info][gc             ] GC(333) Pause Young (Allocation Failure) 1707M->1261M(1954M) 68.190ms
[123.904s][info][gc,cpu         ] GC(333) User=0.39s Sys=0.00s Real=0.07s
[124.478s][info][gc,start       ] GC(334) Pause Young (System.gc())
[124.522s][info][gc,heap        ] GC(334) PSYoungGen: 389565K->25568K(537088K)
[124.522s][info][gc,heap        ] GC(334) PSOldGen: 1215234K->1247442K(1398272K)
[124.522s][info][gc,metaspace   ] GC(334) Metaspace: 31555K(32560K)->31555K(32560K) NonClass: 27777K(28336K)->27777K(28336K) Class: 3778K(4224K)->3778K(4224K)
[124.522s][info][gc             ] GC(334) Pause Young (System.gc()) 1567M->1243M(1890M) 44.170ms
[124.522s][info][gc,cpu         ] GC(334) User=0.17s Sys=0.02s Real=0.05s
[124.522s][info][gc,start       ] GC(335) Pause Full (System.gc())
[124.522s][info][gc,phases,start] GC(335) Phase 1: Mark live objects
[124.633s][info][gc,phases      ] GC(335) Phase 1: Mark live objects 110.783ms
[124.633s][info][gc,phases,start] GC(335) Phase 2: Compute new object addresses
[124.812s][info][gc,phases      ] GC(335) Phase 2: Compute new object addresses 178.709ms
[124.812s][info][gc,phases,start] GC(335) Phase 3: Adjust pointers
[124.895s][info][gc,phases      ] GC(335) Phase 3: Adjust pointers 83.272ms
[124.895s][info][gc,phases,start] GC(335) Phase 4: Move objects
[124.918s][info][gc,phases      ] GC(335) Phase 4: Move objects 22.922ms
[124.919s][info][gc,heap        ] GC(335) PSYoungGen: 25568K->0K(537088K)
[124.919s][info][gc,heap        ] GC(335) PSOldGen: 1247442K->104295K(1398272K)
[124.919s][info][gc,metaspace   ] GC(335) Metaspace: 31555K(32560K)->31555K(32560K) NonClass: 27777K(28336K)->27777K(28336K) Class: 3778K(4224K)->3778K(4224K)
[124.919s][info][gc             ] GC(335) Pause Full (System.gc()) 1243M->101M(1890M) 396.474ms
[124.919s][info][gc,cpu         ] GC(335) User=0.41s Sys=0.00s Real=0.40s
[125.095s][info][gc,start       ] GC(336) Pause Young (Allocation Failure)
[125.139s][info][gc,heap        ] GC(336) PSYoungGen: 511488K->76064K(597504K)
[125.139s][info][gc,heap        ] GC(336) PSOldGen: 104295K->104303K(1398272K)
[125.139s][info][gc,metaspace   ] GC(336) Metaspace: 31556K(32560K)->31556K(32560K) NonClass: 27778K(28336K)->27778K(28336K) Class: 3778K(4224K)->3778K(4224K)
[125.139s][info][gc             ] GC(336) Pause Young (Allocation Failure) 601M->176M(1949M) 43.873ms
[125.139s][info][gc,cpu         ] GC(336) User=0.25s Sys=0.00s Real=0.05s
[125.284s][info][gc,start       ] GC(337) Pause Young (Allocation Failure)
[125.355s][info][gc,heap        ] GC(337) PSYoungGen: 576288K->77120K(577536K)
[125.355s][info][gc,heap        ] GC(337) PSOldGen: 104303K->161411K(1398272K)
[125.355s][info][gc,metaspace   ] GC(337) Metaspace: 31556K(32560K)->31556K(32560K) NonClass: 27778K(28336K)->27778K(28336K) Class: 3778K(4224K)->3778K(4224K)
[125.355s][info][gc             ] GC(337) Pause Young (Allocation Failure) 664M->232M(1929M) 71.608ms
[125.355s][info][gc,cpu         ] GC(337) User=0.45s Sys=0.00s Real=0.07s
[126.059s][info][gc,start       ] GC(338) Pause Young (Allocation Failure)
[126.126s][info][gc,heap        ] GC(338) PSYoungGen: 577344K->51104K(599040K)
[126.126s][info][gc,heap        ] GC(338) PSOldGen: 161411K->193491K(1398272K)
[126.126s][info][gc,metaspace   ] GC(338) Metaspace: 31556K(32560K)->31556K(32560K) NonClass: 27778K(28336K)->27778K(28336K) Class: 3778K(4224K)->3778K(4224K)
[126.126s][info][gc             ] GC(338) Pause Young (Allocation Failure) 721M->238M(1950M) 66.738ms
[126.126s][info][gc,cpu         ] GC(338) User=0.34s Sys=0.03s Real=0.07s
[126.262s][info][gc,start       ] GC(339) Pause Young (Allocation Failure)
[126.331s][info][gc,heap        ] GC(339) PSYoungGen: 548768K->71872K(597504K)
[126.331s][info][gc,heap        ] GC(339) PSOldGen: 193491K->234408K(1398272K)
[126.331s][info][gc,metaspace   ] GC(339) Metaspace: 31556K(32560K)->31556K(32560K) NonClass: 27778K(28336K)->27778K(28336K) Class: 3778K(4224K)->3778K(4224K)
[126.331s][info][gc             ] GC(339) Pause Young (Allocation Failure) 724M->299M(1949M) 68.311ms
[126.331s][info][gc,cpu         ] GC(339) User=0.36s Sys=0.00s Real=0.07s
[126.477s][info][gc,start       ] GC(340) Pause Young (Allocation Failure)
[126.559s][info][gc,heap        ] GC(340) PSYoungGen: 569536K->75008K(597504K)
[126.559s][info][gc,heap        ] GC(340) PSOldGen: 234408K->287280K(1398272K)
[126.559s][info][gc,metaspace   ] GC(340) Metaspace: 31556K(32560K)->31556K(32560K) NonClass: 27778K(28336K)->27778K(28336K) Class: 3778K(4224K)->3778K(4224K)
[126.559s][info][gc             ] GC(340) Pause Young (Allocation Failure) 785M->353M(1949M) 81.934ms
[126.559s][info][gc,cpu         ] GC(340) User=0.47s Sys=0.00s Real=0.08s
[127.205s][info][gc,start       ] GC(341) Pause Young (Allocation Failure)
[127.263s][info][gc,heap        ] GC(341) PSYoungGen: 573184K->53440K(598528K)
[127.263s][info][gc,heap        ] GC(341) PSOldGen: 287280K->318544K(1398272K)
[127.263s][info][gc,metaspace   ] GC(341) Metaspace: 31556K(32560K)->31556K(32560K) NonClass: 27778K(28336K)->27778K(28336K) Class: 3778K(4224K)->3778K(4224K)
[127.263s][info][gc             ] GC(341) Pause Young (Allocation Failure) 840M->363M(1950M) 58.093ms
[127.263s][info][gc,cpu         ] GC(341) User=0.36s Sys=0.00s Real=0.06s
[127.410s][info][gc,start       ] GC(342) Pause Young (Allocation Failure)
[127.473s][info][gc,heap        ] GC(342) PSYoungGen: 551616K->74944K(599040K)
[127.473s][info][gc,heap        ] GC(342) PSOldGen: 318544K->358512K(1398272K)
[127.473s][info][gc,metaspace   ] GC(342) Metaspace: 31556K(32560K)->31556K(32560K) NonClass: 27778K(28336K)->27778K(28336K) Class: 3778K(4224K)->3778K(4224K)
[127.473s][info][gc             ] GC(342) Pause Young (Allocation Failure) 849M->423M(1950M) 63.221ms
[127.473s][info][gc,cpu         ] GC(342) User=0.36s Sys=0.00s Real=0.06s
[127.601s][info][gc,start       ] GC(343) Pause Young (Allocation Failure)
[127.670s][info][gc,heap        ] GC(343) PSYoungGen: 575168K->65024K(599552K)
[127.670s][info][gc,heap        ] GC(343) PSOldGen: 358512K->420544K(1398272K)
[127.670s][info][gc,metaspace   ] GC(343) Metaspace: 31556K(32560K)->31556K(32560K) NonClass: 27778K(28336K)->27778K(28336K) Class: 3778K(4224K)->3778K(4224K)
[127.670s][info][gc             ] GC(343) Pause Young (Allocation Failure) 911M->474M(1951M) 68.747ms
[127.670s][info][gc,cpu         ] GC(343) User=0.38s Sys=0.00s Real=0.07s
[128.330s][info][gc,start       ] GC(344) Pause Young (Allocation Failure)
[128.387s][info][gc,heap        ] GC(344) PSYoungGen: 565248K->60544K(605184K)
[128.387s][info][gc,heap        ] GC(344) PSOldGen: 420544K->449576K(1398272K)
[128.387s][info][gc,metaspace   ] GC(344) Metaspace: 31556K(32560K)->31556K(32560K) NonClass: 27778K(28336K)->27778K(28336K) Class: 3778K(4224K)->3778K(4224K)
[128.387s][info][gc             ] GC(344) Pause Young (Allocation Failure) 962M->498M(1956M) 57.416ms
[128.387s][info][gc,cpu         ] GC(344) User=0.38s Sys=0.00s Real=0.06s
[128.531s][info][gc,start       ] GC(345) Pause Young (Allocation Failure)
[128.598s][info][gc,heap        ] GC(345) PSYoungGen: 569472K->78112K(602624K)
[128.598s][info][gc,heap        ] GC(345) PSOldGen: 449576K->493516K(1398272K)
[128.598s][info][gc,metaspace   ] GC(345) Metaspace: 31556K(32560K)->31556K(32560K) NonClass: 27778K(28336K)->27778K(28336K) Class: 3778K(4224K)->3778K(4224K)
[128.598s][info][gc             ] GC(345) Pause Young (Allocation Failure) 995M->558M(1954M) 66.537ms
[128.598s][info][gc,cpu         ] GC(345) User=0.38s Sys=0.00s Real=0.07s
[128.844s][info][gc,start       ] GC(346) Pause Young (Allocation Failure)
[128.912s][info][gc,heap        ] GC(346) PSYoungGen: 587040K->62720K(605696K)
[128.912s][info][gc,heap        ] GC(346) PSOldGen: 493516K->533044K(1398272K)
[128.912s][info][gc,metaspace   ] GC(346) Metaspace: 31556K(32560K)->31556K(32560K) NonClass: 27778K(28336K)->27778K(28336K) Class: 3778K(4224K)->3778K(4224K)
[128.912s][info][gc             ] GC(346) Pause Young (Allocation Failure) 1055M->581M(1957M) 67.800ms
[128.912s][info][gc,cpu         ] GC(346) User=0.38s Sys=0.00s Real=0.08s
[129.390s][info][gc,start       ] GC(347) Pause Young (Allocation Failure)
[129.449s][info][gc,heap        ] GC(347) PSYoungGen: 572672K->62560K(603136K)
[129.449s][info][gc,heap        ] GC(347) PSOldGen: 533044K->566052K(1398272K)
[129.449s][info][gc,metaspace   ] GC(347) Metaspace: 31559K(32560K)->31559K(32560K) NonClass: 27781K(28336K)->27781K(28336K) Class: 3778K(4224K)->3778K(4224K)
[129.449s][info][gc             ] GC(347) Pause Young (Allocation Failure) 1079M->613M(1954M) 58.927ms
[129.449s][info][gc,cpu         ] GC(347) User=0.33s Sys=0.00s Real=0.06s
[129.583s][info][gc,start       ] GC(348) Pause Young (Allocation Failure)
[129.646s][info][gc,heap        ] GC(348) PSYoungGen: 572512K->71680K(607744K)
[129.646s][info][gc,heap        ] GC(348) PSOldGen: 566052K->613593K(1398272K)
[129.646s][info][gc,metaspace   ] GC(348) Metaspace: 31559K(32560K)->31559K(32560K) NonClass: 27781K(28336K)->27781K(28336K) Class: 3778K(4224K)->3778K(4224K)
[129.646s][info][gc             ] GC(348) Pause Young (Allocation Failure) 1111M->669M(1959M) 62.646ms
[129.646s][info][gc,cpu         ] GC(348) User=0.38s Sys=0.00s Real=0.06s
[130.004s][info][gc,start       ] GC(349) Pause Young (Allocation Failure)
[130.062s][info][gc,heap        ] GC(349) PSYoungGen: 588288K->56960K(607744K)
[130.062s][info][gc,heap        ] GC(349) PSOldGen: 613593K->645329K(1398272K)
[130.062s][info][gc,metaspace   ] GC(349) Metaspace: 31559K(32560K)->31559K(32560K) NonClass: 27781K(28336K)->27781K(28336K) Class: 3778K(4224K)->3778K(4224K)
[130.062s][info][gc             ] GC(349) Pause Young (Allocation Failure) 1173M->685M(1959M) 57.599ms
[130.062s][info][gc,cpu         ] GC(349) User=0.38s Sys=0.00s Real=0.07s
[130.488s][info][gc,start       ] GC(350) Pause Young (Allocation Failure)
[130.549s][info][gc,heap        ] GC(350) PSYoungGen: 573568K->74784K(606720K)
[130.549s][info][gc,heap        ] GC(350) PSOldGen: 645329K->678257K(1398272K)
[130.549s][info][gc,metaspace   ] GC(350) Metaspace: 31559K(32560K)->31559K(32560K) NonClass: 27781K(28336K)->27781K(28336K) Class: 3778K(4224K)->3778K(4224K)
[130.549s][info][gc             ] GC(350) Pause Young (Allocation Failure) 1190M->735M(1958M) 60.460ms
[130.549s][info][gc,cpu         ] GC(350) User=0.38s Sys=0.00s Real=0.07s
[130.704s][info][gc,start       ] GC(351) Pause Young (Allocation Failure)
[130.774s][info][gc,heap        ] GC(351) PSYoungGen: 591392K->80864K(597504K)
[130.774s][info][gc,heap        ] GC(351) PSOldGen: 678257K->734137K(1398272K)
[130.774s][info][gc,metaspace   ] GC(351) Metaspace: 31559K(32560K)->31559K(32560K) NonClass: 27781K(28336K)->27781K(28336K) Class: 3778K(4224K)->3778K(4224K)
[130.774s][info][gc             ] GC(351) Pause Young (Allocation Failure) 1239M->795M(1949M) 70.323ms
[130.774s][info][gc,cpu         ] GC(351) User=0.47s Sys=0.00s Real=0.07s
[131.386s][info][gc,start       ] GC(352) Pause Young (Allocation Failure)
[131.441s][info][gc,heap        ] GC(352) PSYoungGen: 597472K->52160K(604672K)
[131.441s][info][gc,heap        ] GC(352) PSOldGen: 734137K->767881K(1398272K)
[131.441s][info][gc,metaspace   ] GC(352) Metaspace: 31559K(32560K)->31559K(32560K) NonClass: 27781K(28336K)->27781K(28336K) Class: 3778K(4224K)->3778K(4224K)
[131.442s][info][gc             ] GC(352) Pause Young (Allocation Failure) 1300M->800M(1956M) 55.173ms
[131.442s][info][gc,cpu         ] GC(352) User=0.28s Sys=0.00s Real=0.06s
[131.574s][info][gc,start       ] GC(353) Pause Young (Allocation Failure)
[131.638s][info][gc,heap        ] GC(353) PSYoungGen: 562624K->66176K(604672K)
[131.638s][info][gc,heap        ] GC(353) PSOldGen: 767881K->814266K(1398272K)
[131.638s][info][gc,metaspace   ] GC(353) Metaspace: 31559K(32560K)->31559K(32560K) NonClass: 27781K(28336K)->27781K(28336K) Class: 3778K(4224K)->3778K(4224K)
[131.638s][info][gc             ] GC(353) Pause Young (Allocation Failure) 1299M->859M(1956M) 63.289ms
[131.638s][info][gc,cpu         ] GC(353) User=0.38s Sys=0.00s Real=0.06s
[131.772s][info][gc,start       ] GC(354) Pause Young (Allocation Failure)
[131.842s][info][gc,heap        ] GC(354) PSYoungGen: 576640K->68256K(609280K)
[131.842s][info][gc,heap        ] GC(354) PSOldGen: 814266K->867874K(1398272K)
[131.842s][info][gc,metaspace   ] GC(354) Metaspace: 31559K(32560K)->31559K(32560K) NonClass: 27781K(28336K)->27781K(28336K) Class: 3778K(4224K)->3778K(4224K)
[131.843s][info][gc             ] GC(354) Pause Young (Allocation Failure) 1358M->914M(1960M) 70.123ms
[131.843s][info][gc,cpu         ] GC(354) User=0.47s Sys=0.00s Real=0.07s
[132.512s][info][gc,start       ] GC(355) Pause Young (Allocation Failure)
[132.567s][info][gc,heap        ] GC(355) PSYoungGen: 585888K->54976K(607232K)
[132.567s][info][gc,heap        ] GC(355) PSOldGen: 867874K->897794K(1398272K)
[132.567s][info][gc,metaspace   ] GC(355) Metaspace: 31561K(32560K)->31561K(32560K) NonClass: 27783K(28336K)->27783K(28336K) Class: 3778K(4224K)->3778K(4224K)
[132.567s][info][gc             ] GC(355) Pause Young (Allocation Failure) 1419M->930M(1958M) 55.220ms
[132.567s][info][gc,cpu         ] GC(355) User=0.28s Sys=0.00s Real=0.06s
[132.721s][info][gc,start       ] GC(356) Pause Young (Allocation Failure)
[132.786s][info][gc,heap        ] GC(356) PSYoungGen: 572608K->75424K(607232K)
[132.786s][info][gc,heap        ] GC(356) PSOldGen: 897794K->941510K(1398272K)
[132.786s][info][gc,metaspace   ] GC(356) Metaspace: 31561K(32560K)->31561K(32560K) NonClass: 27783K(28336K)->27783K(28336K) Class: 3778K(4224K)->3778K(4224K)
[132.786s][info][gc             ] GC(356) Pause Young (Allocation Failure) 1435M->993M(1958M) 64.699ms
[132.786s][info][gc,cpu         ] GC(356) User=0.38s Sys=0.00s Real=0.07s
[132.948s][info][gc,start       ] GC(357) Pause Young (Allocation Failure)
[133.024s][info][gc,heap        ] GC(357) PSYoungGen: 593056K->72032K(608256K)
[133.024s][info][gc,heap        ] GC(357) PSOldGen: 941510K->984118K(1398272K)
[133.024s][info][gc,metaspace   ] GC(357) Metaspace: 31561K(32560K)->31561K(32560K) NonClass: 27783K(28336K)->27783K(28336K) Class: 3778K(4224K)->3778K(4224K)
[133.024s][info][gc             ] GC(357) Pause Young (Allocation Failure) 1498M->1031M(1959M) 75.902ms
[133.024s][info][gc,cpu         ] GC(357) User=0.47s Sys=0.00s Real=0.08s
[133.537s][info][gc,start       ] GC(358) Pause Young (Allocation Failure)
[133.599s][info][gc,heap        ] GC(358) PSYoungGen: 589664K->64800K(610304K)
[133.599s][info][gc,heap        ] GC(358) PSOldGen: 984118K->1017638K(1398272K)
[133.599s][info][gc,metaspace   ] GC(358) Metaspace: 31561K(32560K)->31561K(32560K) NonClass: 27783K(28336K)->27783K(28336K) Class: 3778K(4224K)->3778K(4224K)
[133.599s][info][gc             ] GC(358) Pause Young (Allocation Failure) 1536M->1057M(1961M) 62.313ms
[133.599s][info][gc,cpu         ] GC(358) User=0.36s Sys=0.00s Real=0.08s
[133.747s][info][gc,start       ] GC(359) Pause Young (Allocation Failure)
[133.817s][info][gc,heap        ] GC(359) PSYoungGen: 584480K->78304K(608256K)
[133.817s][info][gc,heap        ] GC(359) PSOldGen: 1017638K->1066743K(1398272K)
[133.817s][info][gc,metaspace   ] GC(359) Metaspace: 31561K(32560K)->31561K(32560K) NonClass: 27783K(28336K)->27783K(28336K) Class: 3778K(4224K)->3778K(4224K)
[133.817s][info][gc             ] GC(359) Pause Young (Allocation Failure) 1564M->1118M(1959M) 69.708ms
[133.817s][info][gc,cpu         ] GC(359) User=0.38s Sys=0.00s Real=0.07s
[134.485s][info][gc,start       ] GC(360) Pause Young (Allocation Failure)
[134.540s][info][gc,heap        ] GC(360) PSYoungGen: 597984K->42560K(604160K)
[134.540s][info][gc,heap        ] GC(360) PSOldGen: 1066743K->1100679K(1398272K)
[134.540s][info][gc,metaspace   ] GC(360) Metaspace: 31561K(32560K)->31561K(32560K) NonClass: 27783K(28336K)->27783K(28336K) Class: 3778K(4224K)->3778K(4224K)
[134.540s][info][gc             ] GC(360) Pause Young (Allocation Failure) 1625M->1116M(1955M) 55.025ms
[134.540s][info][gc,cpu         ] GC(360) User=0.38s Sys=0.00s Real=0.06s
[134.836s][info][gc,start       ] GC(361) Pause Young (Allocation Failure)
[134.899s][info][gc,heap        ] GC(361) PSYoungGen: 556096K->80352K(593920K)
[134.899s][info][gc,heap        ] GC(361) PSOldGen: 1100679K->1135143K(1398272K)
[134.899s][info][gc,metaspace   ] GC(361) Metaspace: 31561K(32560K)->31561K(32560K) NonClass: 27783K(28336K)->27783K(28336K) Class: 3778K(4224K)->3778K(4224K)
[134.899s][info][gc             ] GC(361) Pause Young (Allocation Failure) 1617M->1187M(1945M) 62.886ms
[134.899s][info][gc,cpu         ] GC(361) User=0.39s Sys=0.00s Real=0.07s
[135.045s][info][gc,start       ] GC(362) Pause Young (Allocation Failure)
[135.119s][info][gc,heap        ] GC(362) PSYoungGen: 593888K->75456K(602112K)
[135.119s][info][gc,heap        ] GC(362) PSOldGen: 1135143K->1199959K(1398272K)
[135.119s][info][gc,metaspace   ] GC(362) Metaspace: 31561K(32560K)->31561K(32560K) NonClass: 27783K(28336K)->27783K(28336K) Class: 3778K(4224K)->3778K(4224K)
[135.119s][info][gc             ] GC(362) Pause Young (Allocation Failure) 1688M->1245M(1953M) 73.547ms
[135.119s][info][gc,cpu         ] GC(362) User=0.47s Sys=0.00s Real=0.08s
[135.786s][info][gc,start       ] GC(363) Pause Young (System.gc())
[135.836s][info][gc,heap        ] GC(363) PSYoungGen: 396652K->26784K(533504K)
[135.836s][info][gc,heap        ] GC(363) PSOldGen: 1199959K->1231983K(1398272K)
[135.836s][info][gc,metaspace   ] GC(363) Metaspace: 31561K(32560K)->31561K(32560K) NonClass: 27783K(28336K)->27783K(28336K) Class: 3778K(4224K)->3778K(4224K)
[135.836s][info][gc             ] GC(363) Pause Young (System.gc()) 1559M->1229M(1886M) 49.775ms
[135.836s][info][gc,cpu         ] GC(363) User=0.27s Sys=0.00s Real=0.06s
[135.836s][info][gc,start       ] GC(364) Pause Full (System.gc())
[135.836s][info][gc,phases,start] GC(364) Phase 1: Mark live objects
[135.952s][info][gc,phases      ] GC(364) Phase 1: Mark live objects 116.042ms
[135.952s][info][gc,phases,start] GC(364) Phase 2: Compute new object addresses
[136.127s][info][gc,phases      ] GC(364) Phase 2: Compute new object addresses 174.723ms
[136.127s][info][gc,phases,start] GC(364) Phase 3: Adjust pointers
[136.211s][info][gc,phases      ] GC(364) Phase 3: Adjust pointers 83.734ms
[136.211s][info][gc,phases,start] GC(364) Phase 4: Move objects
[136.234s][info][gc,phases      ] GC(364) Phase 4: Move objects 23.210ms
[136.234s][info][gc,heap        ] GC(364) PSYoungGen: 26784K->0K(533504K)
[136.234s][info][gc,heap        ] GC(364) PSOldGen: 1231983K->104338K(1398272K)
[136.234s][info][gc,metaspace   ] GC(364) Metaspace: 31561K(32560K)->31561K(32560K) NonClass: 27783K(28336K)->27783K(28336K) Class: 3778K(4224K)->3778K(4224K)
[136.234s][info][gc             ] GC(364) Pause Full (System.gc()) 1229M->101M(1886M) 398.486ms
[136.234s][info][gc,cpu         ] GC(364) User=0.38s Sys=0.03s Real=0.38s
[136.470s][info][gc,start       ] GC(365) Pause Young (Allocation Failure)
[136.514s][info][gc,heap        ] GC(365) PSYoungGen: 506368K->78592K(595456K)
[136.514s][info][gc,heap        ] GC(365) PSOldGen: 104338K->104338K(1398272K)
[136.514s][info][gc,metaspace   ] GC(365) Metaspace: 31561K(32560K)->31561K(32560K) NonClass: 27783K(28336K)->27783K(28336K) Class: 3778K(4224K)->3778K(4224K)
[136.514s][info][gc             ] GC(365) Pause Young (Allocation Failure) 596M->178M(1947M) 43.342ms
[136.514s][info][gc,cpu         ] GC(365) User=0.28s Sys=0.00s Real=0.05s
[136.653s][info][gc,start       ] GC(366) Pause Young (Allocation Failure)
[136.724s][info][gc,heap        ] GC(366) PSYoungGen: 573696K->68800K(596992K)
[136.724s][info][gc,heap        ] GC(366) PSOldGen: 104338K->169910K(1398272K)
[136.724s][info][gc,metaspace   ] GC(366) Metaspace: 31561K(32560K)->31561K(32560K) NonClass: 27783K(28336K)->27783K(28336K) Class: 3778K(4224K)->3778K(4224K)
[136.724s][info][gc             ] GC(366) Pause Young (Allocation Failure) 662M->233M(1948M) 71.134ms
[136.724s][info][gc,cpu         ] GC(366) User=0.38s Sys=0.00s Real=0.07s
[137.478s][info][gc,start       ] GC(367) Pause Young (Allocation Failure)
[137.535s][info][gc,heap        ] GC(367) PSYoungGen: 563904K->53344K(600576K)
[137.535s][info][gc,heap        ] GC(367) PSOldGen: 169910K->200230K(1398272K)
[137.535s][info][gc,metaspace   ] GC(367) Metaspace: 31563K(32560K)->31563K(32560K) NonClass: 27785K(28336K)->27785K(28336K) Class: 3778K(4224K)->3778K(4224K)
[137.536s][info][gc             ] GC(367) Pause Young (Allocation Failure) 716M->247M(1952M) 57.101ms
[137.536s][info][gc,cpu         ] GC(367) User=0.27s Sys=0.00s Real=0.07s
[137.682s][info][gc,start       ] GC(368) Pause Young (Allocation Failure)
[137.747s][info][gc,heap        ] GC(368) PSYoungGen: 554080K->77056K(599040K)
[137.747s][info][gc,heap        ] GC(368) PSOldGen: 200230K->241659K(1398272K)
[137.747s][info][gc,metaspace   ] GC(368) Metaspace: 31563K(32560K)->31563K(32560K) NonClass: 27785K(28336K)->27785K(28336K) Class: 3778K(4224K)->3778K(4224K)
[137.747s][info][gc             ] GC(368) Pause Young (Allocation Failure) 736M->311M(1950M) 65.869ms
[137.747s][info][gc,cpu         ] GC(368) User=0.38s Sys=0.00s Real=0.07s
[137.879s][info][gc,start       ] GC(369) Pause Young (Allocation Failure)
[137.963s][info][gc,heap        ] GC(369) PSYoungGen: 577792K->71136K(600576K)
[137.963s][info][gc,heap        ] GC(369) PSOldGen: 241659K->303675K(1398272K)
[137.963s][info][gc,metaspace   ] GC(369) Metaspace: 31563K(32560K)->31563K(32560K) NonClass: 27785K(28336K)->27785K(28336K) Class: 3778K(4224K)->3778K(4224K)
[137.963s][info][gc             ] GC(369) Pause Young (Allocation Failure) 800M->366M(1952M) 84.354ms
[137.963s][info][gc,cpu         ] GC(369) User=0.56s Sys=0.00s Real=0.09s
[138.585s][info][gc,start       ] GC(370) Pause Young (Allocation Failure)
[138.643s][info][gc,heap        ] GC(370) PSYoungGen: 571872K->62624K(599040K)
[138.643s][info][gc,heap        ] GC(370) PSOldGen: 303675K->333427K(1398272K)
[138.643s][info][gc,metaspace   ] GC(370) Metaspace: 31563K(32560K)->31563K(32560K) NonClass: 27785K(28336K)->27785K(28336K) Class: 3778K(4224K)->3778K(4224K)
[138.643s][info][gc             ] GC(370) Pause Young (Allocation Failure) 855M->386M(1950M) 58.015ms
[138.643s][info][gc,cpu         ] GC(370) User=0.38s Sys=0.00s Real=0.06s
[138.793s][info][gc,start       ] GC(371) Pause Young (Allocation Failure)
[138.860s][info][gc,heap        ] GC(371) PSYoungGen: 563360K->79424K(599040K)
[138.860s][info][gc,heap        ] GC(371) PSOldGen: 333427K->378067K(1398272K)
[138.860s][info][gc,metaspace   ] GC(371) Metaspace: 31563K(32560K)->31563K(32560K) NonClass: 27785K(28336K)->27785K(28336K) Class: 3778K(4224K)->3778K(4224K)
[138.860s][info][gc             ] GC(371) Pause Young (Allocation Failure) 875M->446M(1950M) 66.621ms
[138.860s][info][gc,cpu         ] GC(371) User=0.38s Sys=0.00s Real=0.07s
[139.159s][info][gc,start       ] GC(372) Pause Young (Allocation Failure)
[139.223s][info][gc,heap        ] GC(372) PSYoungGen: 582720K->60384K(601088K)
[139.223s][info][gc,heap        ] GC(372) PSOldGen: 378067K->413763K(1398272K)
[139.223s][info][gc,metaspace   ] GC(372) Metaspace: 31563K(32560K)->31563K(32560K) NonClass: 27785K(28336K)->27785K(28336K) Class: 3778K(4224K)->3778K(4224K)
[139.223s][info][gc             ] GC(372) Pause Young (Allocation Failure) 938M->463M(1952M) 63.775ms
[139.223s][info][gc,cpu         ] GC(372) User=0.34s Sys=0.00s Real=0.07s
[139.661s][info][gc,start       ] GC(373) Pause Young (Allocation Failure)
[139.720s][info][gc,heap        ] GC(373) PSYoungGen: 563680K->70112K(604672K)
[139.720s][info][gc,heap        ] GC(373) PSOldGen: 413763K->447131K(1398272K)
[139.720s][info][gc,metaspace   ] GC(373) Metaspace: 31566K(32560K)->31566K(32560K) NonClass: 27788K(28336K)->27788K(28336K) Class: 3778K(4224K)->3778K(4224K)
[139.720s][info][gc             ] GC(373) Pause Young (Allocation Failure) 954M->505M(1956M) 58.804ms
[139.720s][info][gc,cpu         ] GC(373) User=0.38s Sys=0.00s Real=0.07s
[139.851s][info][gc,start       ] GC(374) Pause Young (Allocation Failure)
[139.923s][info][gc,heap        ] GC(374) PSYoungGen: 578528K->72480K(602624K)
[139.923s][info][gc,heap        ] GC(374) PSOldGen: 447131K->504688K(1398272K)
[139.923s][info][gc,metaspace   ] GC(374) Metaspace: 31566K(32560K)->31566K(32560K) NonClass: 27788K(28336K)->27788K(28336K) Class: 3778K(4224K)->3778K(4224K)
[139.924s][info][gc             ] GC(374) Pause Young (Allocation Failure) 1001M->563M(1954M) 72.152ms
[139.924s][info][gc,cpu         ] GC(374) User=0.47s Sys=0.00s Real=0.07s
[140.691s][info][gc,start       ] GC(375) Pause Young (Allocation Failure)
[140.741s][info][gc,heap        ] GC(375) PSYoungGen: 580896K->38304K(600064K)
[140.741s][info][gc,heap        ] GC(375) PSOldGen: 504688K->535536K(1398272K)
[140.741s][info][gc,metaspace   ] GC(375) Metaspace: 31566K(32560K)->31566K(32560K) NonClass: 27788K(28336K)->27788K(28336K) Class: 3778K(4224K)->3778K(4224K)
[140.741s][info][gc             ] GC(375) Pause Young (Allocation Failure) 1060M->560M(1951M) 50.592ms
[140.741s][info][gc,cpu         ] GC(375) User=0.28s Sys=0.00s Real=0.05s
[140.889s][info][gc,start       ] GC(376) Pause Young (Allocation Failure)
[140.952s][info][gc,heap        ] GC(376) PSYoungGen: 544672K->68128K(602624K)
[140.952s][info][gc,heap        ] GC(376) PSOldGen: 535536K->571612K(1398272K)
[140.952s][info][gc,metaspace   ] GC(376) Metaspace: 31566K(32560K)->31566K(32560K) NonClass: 27788K(28336K)->27788K(28336K) Class: 3778K(4224K)->3778K(4224K)
[140.952s][info][gc             ] GC(376) Pause Young (Allocation Failure) 1054M->624M(1954M) 62.277ms
[140.952s][info][gc,cpu         ] GC(376) User=0.33s Sys=0.00s Real=0.06s
[141.083s][info][gc,start       ] GC(377) Pause Young (Allocation Failure)
[141.147s][info][gc,heap        ] GC(377) PSYoungGen: 574496K->69216K(605696K)
[141.147s][info][gc,heap        ] GC(377) PSOldGen: 571612K->626692K(1398272K)
[141.147s][info][gc,metaspace   ] GC(377) Metaspace: 31566K(32560K)->31566K(32560K) NonClass: 27788K(28336K)->27788K(28336K) Class: 3778K(4224K)->3778K(4224K)
[141.147s][info][gc             ] GC(377) Pause Young (Allocation Failure) 1119M->679M(1957M) 64.010ms
[141.147s][info][gc,cpu         ] GC(377) User=0.34s Sys=0.00s Real=0.06s
[141.803s][info][gc,start       ] GC(378) Pause Young (Allocation Failure)
[141.852s][info][gc,heap        ] GC(378) PSYoungGen: 580704K->43104K(604672K)
[141.852s][info][gc,heap        ] GC(378) PSOldGen: 626692K->657348K(1398272K)
[141.852s][info][gc,metaspace   ] GC(378) Metaspace: 31568K(32560K)->31568K(32560K) NonClass: 27790K(28336K)->27790K(28336K) Class: 3778K(4224K)->3778K(4224K)
[141.852s][info][gc             ] GC(378) Pause Young (Allocation Failure) 1179M->684M(1956M) 48.973ms
[141.852s][info][gc,cpu         ] GC(378) User=0.38s Sys=0.00s Real=0.05s
[141.995s][info][gc,start       ] GC(379) Pause Young (Allocation Failure)
[142.056s][info][gc,heap        ] GC(379) PSYoungGen: 554592K->67200K(606208K)
[142.056s][info][gc,heap        ] GC(379) PSOldGen: 657348K->695517K(1398272K)
[142.056s][info][gc,metaspace   ] GC(379) Metaspace: 31568K(32560K)->31568K(32560K) NonClass: 27790K(28336K)->27790K(28336K) Class: 3778K(4224K)->3778K(4224K)
[142.056s][info][gc             ] GC(379) Pause Young (Allocation Failure) 1183M->744M(1957M) 60.777ms
[142.056s][info][gc,cpu         ] GC(379) User=0.38s Sys=0.00s Real=0.06s
[142.187s][info][gc,start       ] GC(380) Pause Young (Allocation Failure)
[142.262s][info][gc,heap        ] GC(380) PSYoungGen: 579200K->68416K(604672K)
[142.262s][info][gc,heap        ] GC(380) PSOldGen: 695517K->751149K(1398272K)
[142.262s][info][gc,metaspace   ] GC(380) Metaspace: 31568K(32560K)->31568K(32560K) NonClass: 27790K(28336K)->27790K(28336K) Class: 3778K(4224K)->3778K(4224K)
[142.262s][info][gc             ] GC(380) Pause Young (Allocation Failure) 1244M->800M(1956M) 75.207ms
[142.262s][info][gc,cpu         ] GC(380) User=0.44s Sys=0.00s Real=0.07s
[142.898s][info][gc,start       ] GC(381) Pause Young (Allocation Failure)
[142.950s][info][gc,heap        ] GC(381) PSYoungGen: 580416K->49120K(607744K)
[142.950s][info][gc,heap        ] GC(381) PSOldGen: 751149K->781309K(1398272K)
[142.950s][info][gc,metaspace   ] GC(381) Metaspace: 31587K(32560K)->31587K(32560K) NonClass: 27809K(28336K)->27809K(28336K) Class: 3778K(4224K)->3778K(4224K)
[142.950s][info][gc             ] GC(381) Pause Young (Allocation Failure) 1300M->810M(1959M) 52.184ms
[142.950s][info][gc,cpu         ] GC(381) User=0.36s Sys=0.00s Real=0.05s
[143.097s][info][gc,start       ] GC(382) Pause Young (Allocation Failure)
[143.161s][info][gc,heap        ] GC(382) PSYoungGen: 565216K->74176K(590336K)
[143.161s][info][gc,heap        ] GC(382) PSOldGen: 781309K->821117K(1398272K)
[143.161s][info][gc,metaspace   ] GC(382) Metaspace: 31587K(32560K)->31587K(32560K) NonClass: 27809K(28336K)->27809K(28336K) Class: 3778K(4224K)->3778K(4224K)
[143.161s][info][gc             ] GC(382) Pause Young (Allocation Failure) 1314M->874M(1942M) 63.329ms
[143.161s][info][gc,cpu         ] GC(382) User=0.38s Sys=0.00s Real=0.06s
[143.312s][info][gc,start       ] GC(383) Pause Young (Allocation Failure)
[143.384s][info][gc,heap        ] GC(383) PSYoungGen: 590272K->78400K(601088K)
[143.384s][info][gc,heap        ] GC(383) PSOldGen: 821117K->877821K(1398272K)
[143.384s][info][gc,metaspace   ] GC(383) Metaspace: 31587K(32560K)->31587K(32560K) NonClass: 27809K(28336K)->27809K(28336K) Class: 3778K(4224K)->3778K(4224K)
[143.384s][info][gc             ] GC(383) Pause Young (Allocation Failure) 1378M->933M(1952M) 72.823ms
[143.384s][info][gc,cpu         ] GC(383) User=0.45s Sys=0.00s Real=0.07s
[143.985s][info][gc,start       ] GC(384) Pause Young (Allocation Failure)
[144.044s][info][gc,heap        ] GC(384) PSYoungGen: 586816K->61984K(603648K)
[144.044s][info][gc,heap        ] GC(384) PSOldGen: 877821K->909965K(1398272K)
[144.044s][info][gc,metaspace   ] GC(384) Metaspace: 31603K(32560K)->31603K(32560K) NonClass: 27825K(28336K)->27825K(28336K) Class: 3778K(4224K)->3778K(4224K)
[144.044s][info][gc             ] GC(384) Pause Young (Allocation Failure) 1430M->949M(1955M) 59.378ms
[144.044s][info][gc,cpu         ] GC(384) User=0.36s Sys=0.02s Real=0.06s
[144.181s][info][gc,start       ] GC(385) Pause Young (Allocation Failure)
[144.252s][info][gc,heap        ] GC(385) PSYoungGen: 570400K->72832K(605184K)
[144.252s][info][gc,heap        ] GC(385) PSOldGen: 909965K->958865K(1398272K)
[144.252s][info][gc,metaspace   ] GC(385) Metaspace: 31603K(32560K)->31603K(32560K) NonClass: 27825K(28336K)->27825K(28336K) Class: 3778K(4224K)->3778K(4224K)
[144.252s][info][gc             ] GC(385) Pause Young (Allocation Failure) 1445M->1007M(1956M) 70.189ms
[144.252s][info][gc,cpu         ] GC(385) User=0.38s Sys=0.00s Real=0.07s
[144.539s][info][gc,start       ] GC(386) Pause Young (Allocation Failure)
[144.609s][info][gc,heap        ] GC(386) PSYoungGen: 585344K->61632K(605696K)
[144.609s][info][gc,heap        ] GC(386) PSOldGen: 958865K->1001961K(1398272K)
[144.609s][info][gc,metaspace   ] GC(386) Metaspace: 31603K(32560K)->31603K(32560K) NonClass: 27825K(28336K)->27825K(28336K) Class: 3778K(4224K)->3778K(4224K)
[144.609s][info][gc             ] GC(386) Pause Young (Allocation Failure) 1508M->1038M(1957M) 70.606ms
[144.609s][info][gc,cpu         ] GC(386) User=0.45s Sys=0.02s Real=0.07s
[145.171s][info][gc,start       ] GC(387) Pause Young (Allocation Failure)
[145.236s][info][gc,heap        ] GC(387) PSYoungGen: 574144K->63616K(610304K)
[145.236s][info][gc,heap        ] GC(387) PSOldGen: 1001961K->1033529K(1398272K)
[145.236s][info][gc,metaspace   ] GC(387) Metaspace: 31627K(32560K)->31627K(32560K) NonClass: 27849K(28336K)->27849K(28336K) Class: 3778K(4224K)->3778K(4224K)
[145.236s][info][gc             ] GC(387) Pause Young (Allocation Failure) 1539M->1071M(1961M) 64.304ms
[145.236s][info][gc,cpu         ] GC(387) User=0.34s Sys=0.00s Real=0.07s
[145.388s][info][gc,start       ] GC(388) Pause Young (Allocation Failure)
[145.460s][info][gc,heap        ] GC(388) PSYoungGen: 582784K->81440K(601088K)
[145.460s][info][gc,heap        ] GC(388) PSOldGen: 1033529K->1079730K(1398272K)
[145.461s][info][gc,metaspace   ] GC(388) Metaspace: 31627K(32560K)->31627K(32560K) NonClass: 27849K(28336K)->27849K(28336K) Class: 3778K(4224K)->3778K(4224K)
[145.461s][info][gc             ] GC(388) Pause Young (Allocation Failure) 1578M->1133M(1952M) 72.624ms
[145.461s][info][gc,cpu         ] GC(388) User=0.38s Sys=0.00s Real=0.07s
[145.872s][info][gc,start       ] GC(389) Pause Young (Allocation Failure)
[145.930s][info][gc,heap        ] GC(389) PSYoungGen: 600608K->51040K(606208K)
[145.930s][info][gc,heap        ] GC(389) PSOldGen: 1079730K->1114890K(1398272K)
[145.930s][info][gc,metaspace   ] GC(389) Metaspace: 31636K(32560K)->31636K(32560K) NonClass: 27858K(28336K)->27858K(28336K) Class: 3778K(4224K)->3778K(4224K)
[145.930s][info][gc             ] GC(389) Pause Young (Allocation Failure) 1640M->1138M(1957M) 57.413ms
[145.930s][info][gc,cpu         ] GC(389) User=0.28s Sys=0.00s Real=0.07s
[146.293s][info][gc,start       ] GC(390) Pause Young (Allocation Failure)
[146.355s][info][gc,heap        ] GC(390) PSYoungGen: 564576K->71584K(606208K)
[146.355s][info][gc,heap        ] GC(390) PSOldGen: 1114890K->1144914K(1398272K)
[146.355s][info][gc,metaspace   ] GC(390) Metaspace: 31637K(32560K)->31637K(32560K) NonClass: 27859K(28336K)->27859K(28336K) Class: 3778K(4224K)->3778K(4224K)
[146.355s][info][gc             ] GC(390) Pause Young (Allocation Failure) 1640M->1187M(1957M) 62.086ms
[146.355s][info][gc,cpu         ] GC(390) User=0.36s Sys=0.00s Real=0.06s
[146.498s][info][gc,start       ] GC(391) Pause Young (Allocation Failure)
[146.566s][info][gc,heap        ] GC(391) PSYoungGen: 585120K->69888K(607744K)
[146.566s][info][gc,heap        ] GC(391) PSOldGen: 1144914K->1205550K(1398272K)
[146.566s][info][gc,metaspace   ] GC(391) Metaspace: 31637K(32560K)->31637K(32560K) NonClass: 27859K(28336K)->27859K(28336K) Class: 3778K(4224K)->3778K(4224K)
[146.566s][info][gc             ] GC(391) Pause Young (Allocation Failure) 1689M->1245M(1959M) 68.380ms
[146.566s][info][gc,cpu         ] GC(391) User=0.38s Sys=0.00s Real=0.07s
[147.254s][info][gc,start       ] GC(392) Pause Young (System.gc())
[147.302s][info][gc,heap        ] GC(392) PSYoungGen: 501647K->34464K(548864K)
[147.302s][info][gc,heap        ] GC(392) PSOldGen: 1205550K->1237766K(1398272K)
[147.302s][info][gc,metaspace   ] GC(392) Metaspace: 31642K(32816K)->31642K(32816K) NonClass: 27864K(28592K)->27864K(28592K) Class: 3778K(4224K)->3778K(4224K)
[147.302s][info][gc             ] GC(392) Pause Young (System.gc()) 1667M->1242M(1901M) 48.099ms
[147.302s][info][gc,cpu         ] GC(392) User=0.28s Sys=0.00s Real=0.06s
[147.302s][info][gc,start       ] GC(393) Pause Full (System.gc())
[147.302s][info][gc,phases,start] GC(393) Phase 1: Mark live objects
[147.414s][info][gc,phases      ] GC(393) Phase 1: Mark live objects 111.550ms
[147.414s][info][gc,phases,start] GC(393) Phase 2: Compute new object addresses
[147.592s][info][gc,phases      ] GC(393) Phase 2: Compute new object addresses 178.382ms
[147.593s][info][gc,phases,start] GC(393) Phase 3: Adjust pointers
[147.674s][info][gc,phases      ] GC(393) Phase 3: Adjust pointers 81.923ms
[147.675s][info][gc,phases,start] GC(393) Phase 4: Move objects
[147.699s][info][gc,phases      ] GC(393) Phase 4: Move objects 24.221ms
[147.699s][info][gc,heap        ] GC(393) PSYoungGen: 34464K->0K(548864K)
[147.699s][info][gc,heap        ] GC(393) PSOldGen: 1237766K->104291K(1398272K)
[147.699s][info][gc,metaspace   ] GC(393) Metaspace: 31642K(32816K)->31642K(32816K) NonClass: 27864K(28592K)->27864K(28592K) Class: 3778K(4224K)->3778K(4224K)
[147.699s][info][gc             ] GC(393) Pause Full (System.gc()) 1242M->101M(1901M) 396.877ms
[147.699s][info][gc,cpu         ] GC(393) User=0.41s Sys=0.00s Real=0.40s
[147.939s][info][gc,start       ] GC(394) Pause Young (Allocation Failure)
[147.983s][info][gc,heap        ] GC(394) PSYoungGen: 514048K->82048K(597504K)
[147.983s][info][gc,heap        ] GC(394) PSOldGen: 104291K->104291K(1398272K)
[147.983s][info][gc,metaspace   ] GC(394) Metaspace: 31667K(32816K)->31667K(32816K) NonClass: 27889K(28592K)->27889K(28592K) Class: 3778K(4224K)->3778K(4224K)
[147.983s][info][gc             ] GC(394) Pause Young (Allocation Failure) 603M->181M(1949M) 44.187ms
[147.983s][info][gc,cpu         ] GC(394) User=0.28s Sys=0.00s Real=0.06s
[148.120s][info][gc,start       ] GC(395) Pause Young (Allocation Failure)
[148.203s][info][gc,heap        ] GC(395) PSYoungGen: 585344K->69280K(601088K)
[148.203s][info][gc,heap        ] GC(395) PSOldGen: 104291K->173832K(1398272K)
[148.203s][info][gc,metaspace   ] GC(395) Metaspace: 31667K(32816K)->31667K(32816K) NonClass: 27889K(28592K)->27889K(28592K) Class: 3778K(4224K)->3778K(4224K)
[148.203s][info][gc             ] GC(395) Pause Young (Allocation Failure) 673M->237M(1952M) 82.992ms
[148.203s][info][gc,cpu         ] GC(395) User=0.44s Sys=0.03s Real=0.08s
[148.938s][info][gc,start       ] GC(396) Pause Young (Allocation Failure)
[148.999s][info][gc,heap        ] GC(396) PSYoungGen: 572576K->61280K(604672K)
[148.999s][info][gc,heap        ] GC(396) PSOldGen: 173832K->204000K(1398272K)
[148.999s][info][gc,metaspace   ] GC(396) Metaspace: 31669K(32816K)->31669K(32816K) NonClass: 27891K(28592K)->27891K(28592K) Class: 3778K(4224K)->3778K(4224K)
[148.999s][info][gc             ] GC(396) Pause Young (Allocation Failure) 728M->259M(1956M) 60.929ms
[148.999s][info][gc,cpu         ] GC(396) User=0.38s Sys=0.00s Real=0.07s
[149.141s][info][gc,start       ] GC(397) Pause Young (Allocation Failure)
[149.207s][info][gc,heap        ] GC(397) PSYoungGen: 569696K->77152K(602624K)
[149.207s][info][gc,heap        ] GC(397) PSOldGen: 204000K->249636K(1398272K)
[149.207s][info][gc,metaspace   ] GC(397) Metaspace: 31669K(32816K)->31669K(32816K) NonClass: 27891K(28592K)->27891K(28592K) Class: 3778K(4224K)->3778K(4224K)
[149.207s][info][gc             ] GC(397) Pause Young (Allocation Failure) 755M->319M(1954M) 65.773ms
[149.207s][info][gc,cpu         ] GC(397) User=0.38s Sys=0.00s Real=0.07s
[149.444s][info][gc,start       ] GC(398) Pause Young (Allocation Failure)
[149.524s][info][gc,heap        ] GC(398) PSYoungGen: 585568K->64416K(605696K)
[149.524s][info][gc,heap        ] GC(398) PSOldGen: 249636K->294332K(1398272K)
[149.524s][info][gc,metaspace   ] GC(398) Metaspace: 31669K(32816K)->31669K(32816K) NonClass: 27891K(28592K)->27891K(28592K) Class: 3778K(4224K)->3778K(4224K)
[149.524s][info][gc             ] GC(398) Pause Young (Allocation Failure) 815M->350M(1957M) 80.023ms
[149.524s][info][gc,cpu         ] GC(398) User=0.45s Sys=0.00s Real=0.09s
[150.117s][info][gc,start       ] GC(399) Pause Young (Allocation Failure)
[150.174s][info][gc,heap        ] GC(399) PSYoungGen: 574368K->58048K(603136K)
[150.174s][info][gc,heap        ] GC(399) PSOldGen: 294332K->326100K(1398272K)
[150.174s][info][gc,metaspace   ] GC(399) Metaspace: 31669K(32816K)->31669K(32816K) NonClass: 27891K(28592K)->27891K(28592K) Class: 3778K(4224K)->3778K(4224K)
[150.174s][info][gc             ] GC(399) Pause Young (Allocation Failure) 848M->375M(1954M) 56.640ms
[150.174s][info][gc,cpu         ] GC(399) User=0.27s Sys=0.00s Real=0.06s
[150.313s][info][gc,start       ] GC(400) Pause Young (Allocation Failure)
[150.377s][info][gc,heap        ] GC(400) PSYoungGen: 568000K->72672K(607232K)
[150.377s][info][gc,heap        ] GC(400) PSOldGen: 326100K->371321K(1398272K)
[150.377s][info][gc,metaspace   ] GC(400) Metaspace: 31669K(32816K)->31669K(32816K) NonClass: 27891K(28592K)->27891K(28592K) Class: 3778K(4224K)->3778K(4224K)
[150.377s][info][gc             ] GC(400) Pause Young (Allocation Failure) 873M->433M(1958M) 63.714ms
[150.377s][info][gc,cpu         ] GC(400) User=0.38s Sys=0.00s Real=0.06s
[150.731s][info][gc,start       ] GC(401) Pause Young (Allocation Failure)
[150.795s][info][gc,heap        ] GC(401) PSYoungGen: 588256K->58560K(607232K)
[150.795s][info][gc,heap        ] GC(401) PSOldGen: 371321K->404057K(1398272K)
[150.795s][info][gc,metaspace   ] GC(401) Metaspace: 31669K(32816K)->31669K(32816K) NonClass: 27891K(28592K)->27891K(28592K) Class: 3778K(4224K)->3778K(4224K)
[150.795s][info][gc             ] GC(401) Pause Young (Allocation Failure) 937M->451M(1958M) 63.508ms
[150.795s][info][gc,cpu         ] GC(401) User=0.34s Sys=0.02s Real=0.06s
[151.258s][info][gc,start       ] GC(402) Pause Young (Allocation Failure)
[151.323s][info][gc,heap        ] GC(402) PSYoungGen: 574144K->77888K(604160K)
[151.323s][info][gc,heap        ] GC(402) PSOldGen: 404057K->439145K(1398272K)
[151.323s][info][gc,metaspace   ] GC(402) Metaspace: 31669K(32816K)->31669K(32816K) NonClass: 27891K(28592K)->27891K(28592K) Class: 3778K(4224K)->3778K(4224K)
[151.323s][info][gc             ] GC(402) Pause Young (Allocation Failure) 955M->504M(1955M) 64.105ms
[151.323s][info][gc,cpu         ] GC(402) User=0.38s Sys=0.00s Real=0.07s
[151.459s][info][gc,start       ] GC(403) Pause Young (Allocation Failure)
[151.528s][info][gc,heap        ] GC(403) PSYoungGen: 591424K->70144K(606208K)
[151.528s][info][gc,heap        ] GC(403) PSOldGen: 439145K->504625K(1398272K)
[151.528s][info][gc,metaspace   ] GC(403) Metaspace: 31669K(32816K)->31669K(32816K) NonClass: 27891K(28592K)->27891K(28592K) Class: 3778K(4224K)->3778K(4224K)
[151.528s][info][gc             ] GC(403) Pause Young (Allocation Failure) 1006M->561M(1957M) 68.636ms
[151.528s][info][gc,cpu         ] GC(403) User=0.45s Sys=0.00s Real=0.07s
[152.344s][info][gc,start       ] GC(404) Pause Young (Allocation Failure)
[152.402s][info][gc,heap        ] GC(404) PSYoungGen: 583680K->52832K(607232K)
[152.402s][info][gc,heap        ] GC(404) PSOldGen: 504625K->535601K(1398272K)
[152.402s][info][gc,metaspace   ] GC(404) Metaspace: 31669K(32816K)->31669K(32816K) NonClass: 27891K(28592K)->27891K(28592K) Class: 3778K(4224K)->3778K(4224K)
[152.402s][info][gc             ] GC(404) Pause Young (Allocation Failure) 1062M->574M(1958M) 57.747ms
[152.402s][info][gc,cpu         ] GC(404) User=0.38s Sys=0.00s Real=0.06s
[152.541s][info][gc,start       ] GC(405) Pause Young (Allocation Failure)
[152.604s][info][gc,heap        ] GC(405) PSYoungGen: 568416K->69376K(607232K)
[152.604s][info][gc,heap        ] GC(405) PSOldGen: 535601K->580721K(1398272K)
[152.604s][info][gc,metaspace   ] GC(405) Metaspace: 31669K(32816K)->31669K(32816K) NonClass: 27891K(28592K)->27891K(28592K) Class: 3778K(4224K)->3778K(4224K)
[152.604s][info][gc             ] GC(405) Pause Young (Allocation Failure) 1078M->634M(1958M) 63.717ms
[152.604s][info][gc,cpu         ] GC(405) User=0.38s Sys=0.00s Real=0.06s
[152.739s][info][gc,start       ] GC(406) Pause Young (Allocation Failure)
[152.819s][info][gc,heap        ] GC(406) PSYoungGen: 584960K->71360K(608768K)
[152.819s][info][gc,heap        ] GC(406) PSOldGen: 580721K->636033K(1398272K)
[152.819s][info][gc,metaspace   ] GC(406) Metaspace: 31669K(32816K)->31669K(32816K) NonClass: 27891K(28592K)->27891K(28592K) Class: 3778K(4224K)->3778K(4224K)
[152.819s][info][gc             ] GC(406) Pause Young (Allocation Failure) 1138M->690M(1960M) 80.210ms
[152.819s][info][gc,cpu         ] GC(406) User=0.47s Sys=0.00s Real=0.08s
[153.492s][info][gc,start       ] GC(407) Pause Young (Allocation Failure)
[153.549s][info][gc,heap        ] GC(407) PSYoungGen: 590016K->57376K(608768K)
[153.549s][info][gc,heap        ] GC(407) PSOldGen: 636033K->666433K(1398272K)
[153.549s][info][gc,metaspace   ] GC(407) Metaspace: 31670K(32816K)->31670K(32816K) NonClass: 27892K(28592K)->27892K(28592K) Class: 3778K(4224K)->3778K(4224K)
[153.549s][info][gc             ] GC(407) Pause Young (Allocation Failure) 1197M->706M(1960M) 57.044ms
[153.549s][info][gc,cpu         ] GC(407) User=0.38s Sys=0.00s Real=0.06s
[153.696s][info][gc,start       ] GC(408) Pause Young (Allocation Failure)
[153.761s][info][gc,heap        ] GC(408) PSYoungGen: 576032K->74464K(607744K)
[153.761s][info][gc,heap        ] GC(408) PSOldGen: 666433K->711418K(1398272K)
[153.761s][info][gc,metaspace   ] GC(408) Metaspace: 31670K(32816K)->31670K(32816K) NonClass: 27892K(28592K)->27892K(28592K) Class: 3778K(4224K)->3778K(4224K)
[153.761s][info][gc             ] GC(408) Pause Young (Allocation Failure) 1213M->767M(1959M) 65.025ms
[153.761s][info][gc,cpu         ] GC(408) User=0.38s Sys=0.00s Real=0.07s
[153.964s][info][gc,start       ] GC(409) Pause Young (Allocation Failure)
[154.032s][info][gc,heap        ] GC(409) PSYoungGen: 593120K->66976K(608768K)
[154.033s][info][gc,heap        ] GC(409) PSOldGen: 711418K->755714K(1398272K)
[154.033s][info][gc,metaspace   ] GC(409) Metaspace: 31670K(32816K)->31670K(32816K) NonClass: 27892K(28592K)->27892K(28592K) Class: 3778K(4224K)->3778K(4224K)
[154.033s][info][gc             ] GC(409) Pause Young (Allocation Failure) 1273M->803M(1960M) 68.754ms
[154.033s][info][gc,cpu         ] GC(409) User=0.38s Sys=0.00s Real=0.08s
[154.663s][info][gc,start       ] GC(410) Pause Young (Allocation Failure)
[154.723s][info][gc,heap        ] GC(410) PSYoungGen: 585632K->66336K(612864K)
[154.723s][info][gc,heap        ] GC(410) PSOldGen: 755714K->788234K(1398272K)
[154.723s][info][gc,metaspace   ] GC(410) Metaspace: 31671K(32816K)->31671K(32816K) NonClass: 27893K(28592K)->27893K(28592K) Class: 3778K(4224K)->3778K(4224K)
[154.723s][info][gc             ] GC(410) Pause Young (Allocation Failure) 1309M->834M(1964M) 60.449ms
[154.723s][info][gc,cpu         ] GC(410) User=0.38s Sys=0.00s Real=0.06s
[154.859s][info][gc,start       ] GC(411) Pause Young (Allocation Failure)
[154.927s][info][gc,heap        ] GC(411) PSYoungGen: 591136K->74080K(610816K)
[154.927s][info][gc,heap        ] GC(411) PSOldGen: 788234K->841598K(1398272K)
[154.927s][info][gc,metaspace   ] GC(411) Metaspace: 31671K(32816K)->31671K(32816K) NonClass: 27893K(28592K)->27893K(28592K) Class: 3778K(4224K)->3778K(4224K)
[154.927s][info][gc             ] GC(411) Pause Young (Allocation Failure) 1347M->894M(1962M) 68.185ms
[154.927s][info][gc,cpu         ] GC(411) User=0.38s Sys=0.00s Real=0.07s
[155.436s][info][gc,start       ] GC(412) Pause Young (Allocation Failure)
[155.502s][info][gc,heap        ] GC(412) PSYoungGen: 598880K->52032K(610304K)
[155.502s][info][gc,heap        ] GC(412) PSOldGen: 841598K->876302K(1398272K)
[155.502s][info][gc,metaspace   ] GC(412) Metaspace: 31671K(32816K)->31671K(32816K) NonClass: 27893K(28592K)->27893K(28592K) Class: 3778K(4224K)->3778K(4224K)
[155.502s][info][gc             ] GC(412) Pause Young (Allocation Failure) 1406M->906M(1961M) 66.484ms
[155.502s][info][gc,cpu         ] GC(412) User=0.38s Sys=0.00s Real=0.07s
[155.994s][info][gc,start       ] GC(413) Pause Young (Allocation Failure)
[156.059s][info][gc,heap        ] GC(413) PSYoungGen: 575808K->82784K(606720K)
[156.059s][info][gc,heap        ] GC(413) PSOldGen: 876302K->907350K(1398272K)
[156.059s][info][gc,metaspace   ] GC(413) Metaspace: 31671K(32816K)->31671K(32816K) NonClass: 27893K(28592K)->27893K(28592K) Class: 3778K(4224K)->3778K(4224K)
[156.059s][info][gc             ] GC(413) Pause Young (Allocation Failure) 1418M->966M(1958M) 65.318ms
[156.059s][info][gc,cpu         ] GC(413) User=0.36s Sys=0.00s Real=0.07s
[156.200s][info][gc,start       ] GC(414) Pause Young (Allocation Failure)
[156.279s][info][gc,heap        ] GC(414) PSYoungGen: 606560K->73664K(607232K)
[156.279s][info][gc,heap        ] GC(414) PSOldGen: 907350K->975371K(1398272K)
[156.279s][info][gc,metaspace   ] GC(414) Metaspace: 31671K(32816K)->31671K(32816K) NonClass: 27893K(28592K)->27893K(28592K) Class: 3778K(4224K)->3778K(4224K)
[156.279s][info][gc             ] GC(414) Pause Young (Allocation Failure) 1478M->1024M(1958M) 78.951ms
[156.279s][info][gc,cpu         ] GC(414) User=0.44s Sys=0.00s Real=0.08s
[156.986s][info][gc,start       ] GC(415) Pause Young (Allocation Failure)
[157.047s][info][gc,heap        ] GC(415) PSYoungGen: 589248K->56672K(607232K)
[157.047s][info][gc,heap        ] GC(415) PSOldGen: 975371K->1007187K(1398272K)
[157.047s][info][gc,metaspace   ] GC(415) Metaspace: 31671K(32816K)->31671K(32816K) NonClass: 27893K(28592K)->27893K(28592K) Class: 3778K(4224K)->3778K(4224K)
[157.047s][info][gc             ] GC(415) Pause Young (Allocation Failure) 1527M->1038M(1958M) 61.153ms
[157.047s][info][gc,cpu         ] GC(415) User=0.36s Sys=0.00s Real=0.06s
[157.199s][info][gc,start       ] GC(416) Pause Young (Allocation Failure)
[157.269s][info][gc,heap        ] GC(416) PSYoungGen: 572256K->76960K(604672K)
[157.269s][info][gc,heap        ] GC(416) PSOldGen: 1007187K->1050339K(1398272K)
[157.269s][info][gc,metaspace   ] GC(416) Metaspace: 31671K(32816K)->31671K(32816K) NonClass: 27893K(28592K)->27893K(28592K) Class: 3778K(4224K)->3778K(4224K)
[157.269s][info][gc             ] GC(416) Pause Young (Allocation Failure) 1542M->1100M(1956M) 69.587ms
[157.269s][info][gc,cpu         ] GC(416) User=0.33s Sys=0.00s Real=0.07s
[157.440s][info][gc,start       ] GC(417) Pause Young (Allocation Failure)
[157.514s][info][gc,heap        ] GC(417) PSYoungGen: 590496K->70016K(606208K)
[157.514s][info][gc,heap        ] GC(417) PSOldGen: 1050339K->1093651K(1398272K)
[157.514s][info][gc,metaspace   ] GC(417) Metaspace: 31671K(32816K)->31671K(32816K) NonClass: 27893K(28592K)->27893K(28592K) Class: 3778K(4224K)->3778K(4224K)
[157.514s][info][gc             ] GC(417) Pause Young (Allocation Failure) 1602M->1136M(1957M) 74.334ms
[157.514s][info][gc,cpu         ] GC(417) User=0.41s Sys=0.00s Real=0.08s
[158.078s][info][gc,start       ] GC(418) Pause Young (Allocation Failure)
[158.136s][info][gc,heap        ] GC(418) PSYoungGen: 583552K->59968K(608768K)
[158.136s][info][gc,heap        ] GC(418) PSOldGen: 1093651K->1127091K(1398272K)
[158.136s][info][gc,metaspace   ] GC(418) Metaspace: 31671K(32816K)->31671K(32816K) NonClass: 27893K(28592K)->27893K(28592K) Class: 3778K(4224K)->3778K(4224K)
[158.136s][info][gc             ] GC(418) Pause Young (Allocation Failure) 1637M->1159M(1960M) 58.137ms
[158.136s][info][gc,cpu         ] GC(418) User=0.33s Sys=0.05s Real=0.06s
[158.283s][info][gc,start       ] GC(419) Pause Young (Allocation Failure)
[158.351s][info][gc,heap        ] GC(419) PSYoungGen: 578112K->74912K(608256K)
[158.351s][info][gc,heap        ] GC(419) PSOldGen: 1127091K->1175268K(1398272K)
[158.351s][info][gc,metaspace   ] GC(419) Metaspace: 31671K(32816K)->31671K(32816K) NonClass: 27893K(28592K)->27893K(28592K) Class: 3778K(4224K)->3778K(4224K)
[158.351s][info][gc             ] GC(419) Pause Young (Allocation Failure) 1665M->1220M(1959M) 68.281ms
[158.351s][info][gc,cpu         ] GC(419) User=0.38s Sys=0.00s Real=0.07s
[158.662s][info][gc,start       ] GC(420) Pause Young (Allocation Failure)
[158.724s][info][gc,heap        ] GC(420) PSYoungGen: 593056K->56768K(608768K)
[158.724s][info][gc,heap        ] GC(420) PSOldGen: 1175268K->1209116K(1398272K)
[158.724s][info][gc,metaspace   ] GC(420) Metaspace: 31671K(32816K)->31671K(32816K) NonClass: 27893K(28592K)->27893K(28592K) Class: 3778K(4224K)->3778K(4224K)
[158.724s][info][gc             ] GC(420) Pause Young (Allocation Failure) 1726M->1236M(1960M) 61.898ms
[158.724s][info][gc,cpu         ] GC(420) User=0.38s Sys=0.00s Real=0.08s
[158.953s][info][gc,start       ] GC(421) Pause Young (System.gc())
[158.983s][info][gc,heap        ] GC(421) PSYoungGen: 143643K->7040K(525312K)
[158.983s][info][gc,heap        ] GC(421) PSOldGen: 1209116K->1244572K(1398272K)
[158.983s][info][gc,metaspace   ] GC(421) Metaspace: 31674K(32816K)->31674K(32816K) NonClass: 27896K(28592K)->27896K(28592K) Class: 3778K(4224K)->3778K(4224K)
[158.983s][info][gc             ] GC(421) Pause Young (System.gc()) 1321M->1222M(1878M) 29.641ms
[158.983s][info][gc,cpu         ] GC(421) User=0.19s Sys=0.00s Real=0.04s
[158.983s][info][gc,start       ] GC(422) Pause Full (System.gc())
[158.983s][info][gc,phases,start] GC(422) Phase 1: Mark live objects
[159.139s][info][gc,phases      ] GC(422) Phase 1: Mark live objects 155.671ms
[159.139s][info][gc,phases,start] GC(422) Phase 2: Compute new object addresses
[159.315s][info][gc,phases      ] GC(422) Phase 2: Compute new object addresses 175.581ms
[159.315s][info][gc,phases,start] GC(422) Phase 3: Adjust pointers
[159.394s][info][gc,phases      ] GC(422) Phase 3: Adjust pointers 78.860ms
[159.394s][info][gc,phases,start] GC(422) Phase 4: Move objects
[159.415s][info][gc,phases      ] GC(422) Phase 4: Move objects 21.713ms
[159.416s][info][gc,heap        ] GC(422) PSYoungGen: 7040K->0K(525312K)
[159.416s][info][gc,heap        ] GC(422) PSOldGen: 1244572K->104480K(1398272K)
[159.416s][info][gc,metaspace   ] GC(422) Metaspace: 31674K(32816K)->31674K(32816K) NonClass: 27896K(28592K)->27896K(28592K) Class: 3778K(4224K)->3778K(4224K)
[159.416s][info][gc             ] GC(422) Pause Full (System.gc()) 1222M->102M(1878M) 432.625ms
[159.416s][info][gc,cpu         ] GC(422) User=0.44s Sys=0.00s Real=0.42s
[159.643s][info][gc,start       ] GC(423) Pause Young (Allocation Failure)
[159.687s][info][gc,heap        ] GC(423) PSYoungGen: 518144K->79904K(594432K)
[159.687s][info][gc,heap        ] GC(423) PSOldGen: 104480K->104480K(1398272K)
[159.687s][info][gc,metaspace   ] GC(423) Metaspace: 31674K(32816K)->31674K(32816K) NonClass: 27896K(28592K)->27896K(28592K) Class: 3778K(4224K)->3778K(4224K)
[159.687s][info][gc             ] GC(423) Pause Young (Allocation Failure) 608M->180M(1946M) 43.350ms
[159.687s][info][gc,cpu         ] GC(423) User=0.27s Sys=0.00s Real=0.04s
[159.815s][info][gc,start       ] GC(424) Pause Young (Allocation Failure)
[159.883s][info][gc,heap        ] GC(424) PSYoungGen: 576032K->66432K(597504K)
[159.883s][info][gc,heap        ] GC(424) PSOldGen: 104480K->172520K(1398272K)
[159.883s][info][gc,metaspace   ] GC(424) Metaspace: 31674K(32816K)->31674K(32816K) NonClass: 27896K(28592K)->27896K(28592K) Class: 3778K(4224K)->3778K(4224K)
[159.883s][info][gc             ] GC(424) Pause Young (Allocation Failure) 664M->233M(1949M) 68.643ms
[159.883s][info][gc,cpu         ] GC(424) User=0.47s Sys=0.00s Real=0.07s
[160.623s][info][gc,start       ] GC(425) Pause Young (Allocation Failure)
[160.679s][info][gc,heap        ] GC(425) PSYoungGen: 562560K->55840K(602112K)
[160.679s][info][gc,heap        ] GC(425) PSOldGen: 172520K->201656K(1398272K)
[160.679s][info][gc,metaspace   ] GC(425) Metaspace: 31674K(32816K)->31674K(32816K) NonClass: 27896K(28592K)->27896K(28592K) Class: 3778K(4224K)->3778K(4224K)
[160.679s][info][gc             ] GC(425) Pause Young (Allocation Failure) 717M->251M(1953M) 55.906ms
[160.679s][info][gc,cpu         ] GC(425) User=0.28s Sys=0.00s Real=0.06s
[160.821s][info][gc,start       ] GC(426) Pause Young (Allocation Failure)
[160.885s][info][gc,heap        ] GC(426) PSYoungGen: 559136K->73920K(600064K)
[160.885s][info][gc,heap        ] GC(426) PSOldGen: 201656K->244981K(1398272K)
[160.885s][info][gc,metaspace   ] GC(426) Metaspace: 31674K(32816K)->31674K(32816K) NonClass: 27896K(28592K)->27896K(28592K) Class: 3778K(4224K)->3778K(4224K)
[160.885s][info][gc             ] GC(426) Pause Young (Allocation Failure) 742M->311M(1951M) 63.485ms
[160.885s][info][gc,cpu         ] GC(426) User=0.38s Sys=0.00s Real=0.06s
[161.039s][info][gc,start       ] GC(427) Pause Young (Allocation Failure)
[161.112s][info][gc,heap        ] GC(427) PSYoungGen: 577216K->78336K(597504K)
[161.112s][info][gc,heap        ] GC(427) PSOldGen: 244981K->296509K(1398272K)
[161.112s][info][gc,metaspace   ] GC(427) Metaspace: 31674K(32816K)->31674K(32816K) NonClass: 27896K(28592K)->27896K(28592K) Class: 3778K(4224K)->3778K(4224K)
[161.112s][info][gc             ] GC(427) Pause Young (Allocation Failure) 802M->366M(1949M) 72.153ms
[161.112s][info][gc,cpu         ] GC(427) User=0.38s Sys=0.00s Real=0.07s
[161.690s][info][gc,start       ] GC(428) Pause Young (Allocation Failure)
[161.750s][info][gc,heap        ] GC(428) PSYoungGen: 578560K->64384K(599552K)
[161.750s][info][gc,heap        ] GC(428) PSOldGen: 296509K->328109K(1398272K)
[161.750s][info][gc,metaspace   ] GC(428) Metaspace: 31674K(32816K)->31674K(32816K) NonClass: 27896K(28592K)->27896K(28592K) Class: 3778K(4224K)->3778K(4224K)
[161.750s][info][gc             ] GC(428) Pause Young (Allocation Failure) 854M->383M(1951M) 59.534ms
[161.750s][info][gc,cpu         ] GC(428) User=0.38s Sys=0.00s Real=0.06s
[161.895s][info][gc,start       ] GC(429) Pause Young (Allocation Failure)
[161.962s][info][gc,heap        ] GC(429) PSYoungGen: 564608K->77344K(599552K)
[161.962s][info][gc,heap        ] GC(429) PSOldGen: 328109K->375389K(1398272K)
[161.962s][info][gc,metaspace   ] GC(429) Metaspace: 31674K(32816K)->31674K(32816K) NonClass: 27896K(28592K)->27896K(28592K) Class: 3778K(4224K)->3778K(4224K)
[161.962s][info][gc             ] GC(429) Pause Young (Allocation Failure) 871M->442M(1951M) 67.549ms
[161.963s][info][gc,cpu         ] GC(429) User=0.47s Sys=0.00s Real=0.07s
[162.266s][info][gc,start       ] GC(430) Pause Young (Allocation Failure)
[162.330s][info][gc,heap        ] GC(430) PSYoungGen: 580640K->58048K(601088K)
[162.330s][info][gc,heap        ] GC(430) PSOldGen: 375389K->416717K(1398272K)
[162.330s][info][gc,metaspace   ] GC(430) Metaspace: 31674K(32816K)->31674K(32816K) NonClass: 27896K(28592K)->27896K(28592K) Class: 3778K(4224K)->3778K(4224K)
[162.330s][info][gc             ] GC(430) Pause Young (Allocation Failure) 933M->463M(1952M) 63.341ms
[162.330s][info][gc,cpu         ] GC(430) User=0.38s Sys=0.00s Real=0.07s
[162.825s][info][gc,start       ] GC(431) Pause Young (Allocation Failure)
[162.880s][info][gc,heap        ] GC(431) PSYoungGen: 561344K->61408K(605184K)
[162.880s][info][gc,heap        ] GC(431) PSOldGen: 416717K->446837K(1398272K)
[162.880s][info][gc,metaspace   ] GC(431) Metaspace: 31674K(32816K)->31674K(32816K) NonClass: 27896K(28592K)->27896K(28592K) Class: 3778K(4224K)->3778K(4224K)
[162.880s][info][gc             ] GC(431) Pause Young (Allocation Failure) 955M->496M(1956M) 54.736ms
[162.880s][info][gc,cpu         ] GC(431) User=0.28s Sys=0.00s Real=0.06s
[163.010s][info][gc,start       ] GC(432) Pause Young (Allocation Failure)
[163.076s][info][gc,heap        ] GC(432) PSYoungGen: 570848K->69856K(603136K)
[163.076s][info][gc,heap        ] GC(432) PSOldGen: 446837K->496466K(1398272K)
[163.076s][info][gc,metaspace   ] GC(432) Metaspace: 31674K(32816K)->31674K(32816K) NonClass: 27896K(28592K)->27896K(28592K) Class: 3778K(4224K)->3778K(4224K)
[163.076s][info][gc             ] GC(432) Pause Young (Allocation Failure) 993M->553M(1954M) 65.805ms
[163.076s][info][gc,cpu         ] GC(432) User=0.38s Sys=0.00s Real=0.07s
[163.415s][info][gc,start       ] GC(433) Pause Young (Allocation Failure)
[163.477s][info][gc,heap        ] GC(433) PSYoungGen: 579296K->56192K(607232K)
[163.477s][info][gc,heap        ] GC(433) PSOldGen: 496466K->535010K(1398272K)
[163.477s][info][gc,metaspace   ] GC(433) Metaspace: 31674K(32816K)->31674K(32816K) NonClass: 27896K(28592K)->27896K(28592K) Class: 3778K(4224K)->3778K(4224K)
[163.477s][info][gc             ] GC(433) Pause Young (Allocation Failure) 1050M->577M(1958M) 62.489ms
[163.477s][info][gc,cpu         ] GC(433) User=0.38s Sys=0.00s Real=0.07s
[163.942s][info][gc,start       ] GC(434) Pause Young (Allocation Failure)
[164.000s][info][gc,heap        ] GC(434) PSYoungGen: 570752K->68512K(606208K)
[164.000s][info][gc,heap        ] GC(434) PSOldGen: 535010K->565570K(1398272K)
[164.000s][info][gc,metaspace   ] GC(434) Metaspace: 31674K(32816K)->31674K(32816K) NonClass: 27896K(28592K)->27896K(28592K) Class: 3778K(4224K)->3778K(4224K)
[164.000s][info][gc             ] GC(434) Pause Young (Allocation Failure) 1079M->619M(1957M) 58.663ms
[164.000s][info][gc,cpu         ] GC(434) User=0.38s Sys=0.00s Real=0.06s
[164.134s][info][gc,start       ] GC(435) Pause Young (Allocation Failure)
[164.198s][info][gc,heap        ] GC(435) PSYoungGen: 583072K->69824K(609280K)
[164.198s][info][gc,heap        ] GC(435) PSOldGen: 565570K->621502K(1398272K)
[164.198s][info][gc,metaspace   ] GC(435) Metaspace: 31674K(32816K)->31674K(32816K) NonClass: 27896K(28592K)->27896K(28592K) Class: 3778K(4224K)->3778K(4224K)
[164.198s][info][gc             ] GC(435) Pause Young (Allocation Failure) 1121M->675M(1960M) 64.472ms
[164.198s][info][gc,cpu         ] GC(435) User=0.33s Sys=0.02s Real=0.07s
[164.905s][info][gc,start       ] GC(436) Pause Young (Allocation Failure)
[164.959s][info][gc,heap        ] GC(436) PSYoungGen: 588992K->39104K(558592K)
[164.959s][info][gc,heap        ] GC(436) PSOldGen: 621502K->652822K(1398272K)
[164.959s][info][gc,metaspace   ] GC(436) Metaspace: 31674K(32816K)->31674K(32816K) NonClass: 27896K(28592K)->27896K(28592K) Class: 3778K(4224K)->3778K(4224K)
[164.959s][info][gc             ] GC(436) Pause Young (Allocation Failure) 1182M->675M(1911M) 53.912ms
[164.959s][info][gc,cpu         ] GC(436) User=0.28s Sys=0.00s Real=0.06s
[165.216s][info][gc,start       ] GC(437) Pause Young (Allocation Failure)
[165.285s][info][gc,heap        ] GC(437) PSYoungGen: 558272K->79104K(601088K)
[165.286s][info][gc,heap        ] GC(437) PSOldGen: 652822K->687942K(1398272K)
[165.286s][info][gc,metaspace   ] GC(437) Metaspace: 31674K(32816K)->31674K(32816K) NonClass: 27896K(28592K)->27896K(28592K) Class: 3778K(4224K)->3778K(4224K)
[165.286s][info][gc             ] GC(437) Pause Young (Allocation Failure) 1182M->749M(1952M) 69.735ms
[165.286s][info][gc,cpu         ] GC(437) User=0.33s Sys=0.02s Real=0.07s
[165.431s][info][gc,start       ] GC(438) Pause Young (Allocation Failure)
[165.504s][info][gc,heap        ] GC(438) PSYoungGen: 588544K->74208K(583680K)
[165.504s][info][gc,heap        ] GC(438) PSOldGen: 687942K->751995K(1398272K)
[165.504s][info][gc,metaspace   ] GC(438) Metaspace: 31674K(32816K)->31674K(32816K) NonClass: 27896K(28592K)->27896K(28592K) Class: 3778K(4224K)->3778K(4224K)
[165.504s][info][gc             ] GC(438) Pause Young (Allocation Failure) 1246M->806M(1935M) 73.129ms
[165.504s][info][gc,cpu         ] GC(438) User=0.38s Sys=0.00s Real=0.07s
[166.232s][info][gc,start       ] GC(439) Pause Young (Allocation Failure)
[166.295s][info][gc,heap        ] GC(439) PSYoungGen: 583648K->62688K(606208K)
[166.295s][info][gc,heap        ] GC(439) PSOldGen: 751995K->783899K(1398272K)
[166.295s][info][gc,metaspace   ] GC(439) Metaspace: 31674K(32816K)->31674K(32816K) NonClass: 27896K(28592K)->27896K(28592K) Class: 3778K(4224K)->3778K(4224K)
[166.295s][info][gc             ] GC(439) Pause Young (Allocation Failure) 1304M->826M(1957M) 62.481ms
[166.295s][info][gc,cpu         ] GC(439) User=0.38s Sys=0.00s Real=0.07s
[166.440s][info][gc,start       ] GC(440) Pause Young (Allocation Failure)
[166.509s][info][gc,heap        ] GC(440) PSYoungGen: 573664K->78336K(603648K)
[166.509s][info][gc,heap        ] GC(440) PSOldGen: 783899K->830023K(1398272K)
[166.509s][info][gc,metaspace   ] GC(440) Metaspace: 31674K(32816K)->31674K(32816K) NonClass: 27896K(28592K)->27896K(28592K) Class: 3778K(4224K)->3778K(4224K)
[166.509s][info][gc             ] GC(440) Pause Young (Allocation Failure) 1325M->887M(1955M) 68.587ms
[166.509s][info][gc,cpu         ] GC(440) User=0.47s Sys=0.00s Real=0.07s
[166.747s][info][gc,start       ] GC(441) Pause Young (Allocation Failure)
[166.819s][info][gc,heap        ] GC(441) PSYoungGen: 589312K->62880K(606208K)
[166.819s][info][gc,heap        ] GC(441) PSOldGen: 830023K->875127K(1398272K)
[166.819s][info][gc,metaspace   ] GC(441) Metaspace: 31674K(32816K)->31674K(32816K) NonClass: 27896K(28592K)->27896K(28592K) Class: 3778K(4224K)->3778K(4224K)
[166.819s][info][gc             ] GC(441) Pause Young (Allocation Failure) 1386M->916M(1957M) 71.349ms
[166.819s][info][gc,cpu         ] GC(441) User=0.38s Sys=0.00s Real=0.07s
[167.467s][info][gc,start       ] GC(442) Pause Young (Allocation Failure)
[167.530s][info][gc,heap        ] GC(442) PSYoungGen: 573856K->70880K(603648K)
[167.530s][info][gc,heap        ] GC(442) PSOldGen: 875127K->905911K(1398272K)
[167.530s][info][gc,metaspace   ] GC(442) Metaspace: 31674K(32816K)->31674K(32816K) NonClass: 27896K(28592K)->27896K(28592K) Class: 3778K(4224K)->3778K(4224K)
[167.530s][info][gc             ] GC(442) Pause Young (Allocation Failure) 1415M->953M(1955M) 63.065ms
[167.530s][info][gc,cpu         ] GC(442) User=0.38s Sys=0.00s Real=0.08s
[167.682s][info][gc,start       ] GC(443) Pause Young (Allocation Failure)
[167.753s][info][gc,heap        ] GC(443) PSYoungGen: 581856K->84704K(598528K)
[167.753s][info][gc,heap        ] GC(443) PSOldGen: 905911K->955183K(1398272K)
[167.753s][info][gc,metaspace   ] GC(443) Metaspace: 31674K(32816K)->31674K(32816K) NonClass: 27896K(28592K)->27896K(28592K) Class: 3778K(4224K)->3778K(4224K)
[167.753s][info][gc             ] GC(443) Pause Young (Allocation Failure) 1452M->1015M(1950M) 70.626ms
[167.753s][info][gc,cpu         ] GC(443) User=0.33s Sys=0.00s Real=0.07s
[168.397s][info][gc,start       ] GC(444) Pause Young (Allocation Failure)
[168.448s][info][gc,heap        ] GC(444) PSYoungGen: 591072K->38752K(545280K)
[168.448s][info][gc,heap        ] GC(444) PSOldGen: 955183K->989551K(1398272K)
[168.448s][info][gc,metaspace   ] GC(444) Metaspace: 31674K(32816K)->31674K(32816K) NonClass: 27896K(28592K)->27896K(28592K) Class: 3778K(4224K)->3778K(4224K)
[168.448s][info][gc             ] GC(444) Pause Young (Allocation Failure) 1510M->1004M(1898M) 51.143ms
[168.448s][info][gc,cpu         ] GC(444) User=0.38s Sys=0.00s Real=0.05s
[168.580s][info][gc,start       ] GC(445) Pause Young (Allocation Failure)
[168.638s][info][gc,heap        ] GC(445) PSYoungGen: 545120K->65920K(603648K)
[168.638s][info][gc,heap        ] GC(445) PSOldGen: 989551K->1025784K(1398272K)
[168.638s][info][gc,metaspace   ] GC(445) Metaspace: 31674K(32816K)->31674K(32816K) NonClass: 27896K(28592K)->27896K(28592K) Class: 3778K(4224K)->3778K(4224K)
[168.638s][info][gc             ] GC(445) Pause Young (Allocation Failure) 1498M->1066M(1955M) 57.496ms
[168.638s][info][gc,cpu         ] GC(445) User=0.34s Sys=0.02s Real=0.06s
[168.771s][info][gc,start       ] GC(446) Pause Young (Allocation Failure)
[168.844s][info][gc,heap        ] GC(446) PSYoungGen: 571264K->69728K(600576K)
[168.844s][info][gc,heap        ] GC(446) PSOldGen: 1025784K->1077128K(1398272K)
[168.844s][info][gc,metaspace   ] GC(446) Metaspace: 31674K(32816K)->31674K(32816K) NonClass: 27896K(28592K)->27896K(28592K) Class: 3778K(4224K)->3778K(4224K)
[168.844s][info][gc             ] GC(446) Pause Young (Allocation Failure) 1559M->1119M(1952M) 72.717ms
[168.844s][info][gc,cpu         ] GC(446) User=0.45s Sys=0.00s Real=0.07s
[169.553s][info][gc,start       ] GC(447) Pause Young (Allocation Failure)
[169.603s][info][gc,heap        ] GC(447) PSYoungGen: 575072K->41152K(602112K)
[169.603s][info][gc,heap        ] GC(447) PSOldGen: 1077128K->1107072K(1398272K)
[169.603s][info][gc,metaspace   ] GC(447) Metaspace: 31674K(32816K)->31674K(32816K) NonClass: 27896K(28592K)->27896K(28592K) Class: 3778K(4224K)->3778K(4224K)
[169.603s][info][gc             ] GC(447) Pause Young (Allocation Failure) 1613M->1121M(1953M) 50.389ms
[169.603s][info][gc,cpu         ] GC(447) User=0.38s Sys=0.00s Real=0.05s
[169.734s][info][gc,start       ] GC(448) Pause Young (Allocation Failure)
[169.795s][info][gc,heap        ] GC(448) PSYoungGen: 549568K->64800K(603648K)
[169.795s][info][gc,heap        ] GC(448) PSOldGen: 1107072K->1145160K(1398272K)
[169.795s][info][gc,metaspace   ] GC(448) Metaspace: 31674K(32816K)->31674K(32816K) NonClass: 27896K(28592K)->27896K(28592K) Class: 3778K(4224K)->3778K(4224K)
[169.795s][info][gc             ] GC(448) Pause Young (Allocation Failure) 1617M->1181M(1955M) 60.803ms
[169.795s][info][gc,cpu         ] GC(448) User=0.38s Sys=0.00s Real=0.06s
[169.925s][info][gc,start       ] GC(449) Pause Young (Allocation Failure)
[169.994s][info][gc,heap        ] GC(449) PSYoungGen: 573216K->67392K(607744K)
[169.994s][info][gc,heap        ] GC(449) PSOldGen: 1145160K->1198704K(1398272K)
[169.994s][info][gc,metaspace   ] GC(449) Metaspace: 31674K(32816K)->31674K(32816K) NonClass: 27896K(28592K)->27896K(28592K) Class: 3778K(4224K)->3778K(4224K)
[169.994s][info][gc             ] GC(449) Pause Young (Allocation Failure) 1678M->1236M(1959M) 68.677ms
[169.994s][info][gc,cpu         ] GC(449) User=0.47s Sys=0.00s Real=0.07s
[170.762s][info][gc,start       ] GC(450) Pause Young (System.gc())
[170.809s][info][gc,heap        ] GC(450) PSYoungGen: 498793K->33856K(549376K)
[170.809s][info][gc,heap        ] GC(450) PSOldGen: 1198704K->1228728K(1398272K)
[170.809s][info][gc,metaspace   ] GC(450) Metaspace: 31675K(32816K)->31675K(32816K) NonClass: 27897K(28592K)->27897K(28592K) Class: 3778K(4224K)->3778K(4224K)
[170.809s][info][gc             ] GC(450) Pause Young (System.gc()) 1657M->1232M(1902M) 46.779ms
[170.809s][info][gc,cpu         ] GC(450) User=0.28s Sys=0.00s Real=0.05s
[170.809s][info][gc,start       ] GC(451) Pause Full (System.gc())
[170.809s][info][gc,phases,start] GC(451) Phase 1: Mark live objects
[170.924s][info][gc,phases      ] GC(451) Phase 1: Mark live objects 115.270ms
[170.924s][info][gc,phases,start] GC(451) Phase 2: Compute new object addresses
[171.101s][info][gc,phases      ] GC(451) Phase 2: Compute new object addresses 176.975ms
[171.101s][info][gc,phases,start] GC(451) Phase 3: Adjust pointers
[171.183s][info][gc,phases      ] GC(451) Phase 3: Adjust pointers 82.244ms
[171.183s][info][gc,phases,start] GC(451) Phase 4: Move objects
[171.208s][info][gc,phases      ] GC(451) Phase 4: Move objects 24.360ms
[171.208s][info][gc,heap        ] GC(451) PSYoungGen: 33856K->0K(549376K)
[171.208s][info][gc,heap        ] GC(451) PSOldGen: 1228728K->104346K(1398272K)
[171.208s][info][gc,metaspace   ] GC(451) Metaspace: 31675K(32816K)->31675K(32816K) NonClass: 27897K(28592K)->27897K(28592K) Class: 3778K(4224K)->3778K(4224K)
[171.208s][info][gc             ] GC(451) Pause Full (System.gc()) 1232M->101M(1902M) 399.658ms
[171.208s][info][gc,cpu         ] GC(451) User=0.39s Sys=0.00s Real=0.39s
[171.362s][info][gc,start       ] GC(452) Pause Young (Allocation Failure)
[171.401s][info][gc,heap        ] GC(452) PSYoungGen: 515072K->70624K(604160K)
[171.402s][info][gc,heap        ] GC(452) PSOldGen: 104346K->104346K(1398272K)
[171.402s][info][gc,metaspace   ] GC(452) Metaspace: 31675K(32816K)->31675K(32816K) NonClass: 27897K(28592K)->27897K(28592K) Class: 3778K(4224K)->3778K(4224K)
[171.402s][info][gc             ] GC(452) Pause Young (Allocation Failure) 604M->170M(1955M) 39.202ms
[171.402s][info][gc,cpu         ] GC(452) User=0.27s Sys=0.00s Real=0.04s
[171.546s][info][gc,start       ] GC(453) Pause Young (Allocation Failure)
[171.625s][info][gc,heap        ] GC(453) PSYoungGen: 581088K->79904K(590848K)
[171.625s][info][gc,heap        ] GC(453) PSOldGen: 104346K->156978K(1398272K)
[171.625s][info][gc,metaspace   ] GC(453) Metaspace: 31675K(32816K)->31675K(32816K) NonClass: 27897K(28592K)->27897K(28592K) Class: 3778K(4224K)->3778K(4224K)
[171.625s][info][gc             ] GC(453) Pause Young (Allocation Failure) 669M->231M(1942M) 79.117ms
[171.625s][info][gc,cpu         ] GC(453) User=0.47s Sys=0.00s Real=0.08s
[172.196s][info][gc,start       ] GC(454) Pause Young (Allocation Failure)
[172.254s][info][gc,heap        ] GC(454) PSYoungGen: 590368K->48448K(602112K)
[172.254s][info][gc,heap        ] GC(454) PSOldGen: 156978K->190042K(1398272K)
[172.254s][info][gc,metaspace   ] GC(454) Metaspace: 31676K(32816K)->31676K(32816K) NonClass: 27898K(28592K)->27898K(28592K) Class: 3778K(4224K)->3778K(4224K)
[172.254s][info][gc             ] GC(454) Pause Young (Allocation Failure) 729M->232M(1953M) 57.939ms
[172.254s][info][gc,cpu         ] GC(454) User=0.28s Sys=0.00s Real=0.06s
[172.408s][info][gc,start       ] GC(455) Pause Young (Allocation Failure)
[172.473s][info][gc,heap        ] GC(455) PSYoungGen: 553280K->74240K(579584K)
[172.473s][info][gc,heap        ] GC(455) PSOldGen: 190042K->229303K(1398272K)
[172.473s][info][gc,metaspace   ] GC(455) Metaspace: 31676K(32816K)->31676K(32816K) NonClass: 27898K(28592K)->27898K(28592K) Class: 3778K(4224K)->3778K(4224K)
[172.473s][info][gc             ] GC(455) Pause Young (Allocation Failure) 725M->296M(1931M) 64.684ms
[172.473s][info][gc,cpu         ] GC(455) User=0.31s Sys=0.00s Real=0.06s
[172.607s][info][gc,start       ] GC(456) Pause Young (Allocation Failure)
[172.687s][info][gc,heap        ] GC(456) PSYoungGen: 579072K->70208K(602112K)
[172.687s][info][gc,heap        ] GC(456) PSOldGen: 229303K->289743K(1398272K)
[172.687s][info][gc,metaspace   ] GC(456) Metaspace: 31676K(32816K)->31676K(32816K) NonClass: 27898K(28592K)->27898K(28592K) Class: 3778K(4224K)->3778K(4224K)
[172.687s][info][gc             ] GC(456) Pause Young (Allocation Failure) 789M->351M(1953M) 80.230ms
[172.687s][info][gc,cpu         ] GC(456) User=0.47s Sys=0.00s Real=0.08s
[173.319s][info][gc,start       ] GC(457) Pause Young (Allocation Failure)
[173.375s][info][gc,heap        ] GC(457) PSYoungGen: 574528K->53344K(601088K)
[173.375s][info][gc,heap        ] GC(457) PSOldGen: 289743K->319519K(1398272K)
[173.375s][info][gc,metaspace   ] GC(457) Metaspace: 31676K(32816K)->31676K(32816K) NonClass: 27898K(28592K)->27898K(28592K) Class: 3778K(4224K)->3778K(4224K)
[173.375s][info][gc             ] GC(457) Pause Young (Allocation Failure) 844M->364M(1952M) 55.818ms
[173.375s][info][gc,cpu         ] GC(457) User=0.38s Sys=0.00s Real=0.06s
[173.527s][info][gc,start       ] GC(458) Pause Young (Allocation Failure)
[173.590s][info][gc,heap        ] GC(458) PSYoungGen: 557664K->74336K(601600K)
[173.590s][info][gc,heap        ] GC(458) PSOldGen: 319519K->361591K(1398272K)
[173.590s][info][gc,metaspace   ] GC(458) Metaspace: 31676K(32816K)->31676K(32816K) NonClass: 27898K(28592K)->27898K(28592K) Class: 3778K(4224K)->3778K(4224K)
[173.590s][info][gc             ] GC(458) Pause Young (Allocation Failure) 856M->425M(1953M) 63.098ms
[173.590s][info][gc,cpu         ] GC(458) User=0.38s Sys=0.00s Real=0.06s
[173.731s][info][gc,start       ] GC(459) Pause Young (Allocation Failure)
[173.802s][info][gc,heap        ] GC(459) PSYoungGen: 580704K->72736K(602624K)
[173.802s][info][gc,heap        ] GC(459) PSOldGen: 361591K->419399K(1398272K)
[173.802s][info][gc,metaspace   ] GC(459) Metaspace: 31676K(32816K)->31676K(32816K) NonClass: 27898K(28592K)->27898K(28592K) Class: 3778K(4224K)->3778K(4224K)
[173.802s][info][gc             ] GC(459) Pause Young (Allocation Failure) 920M->480M(1954M) 70.944ms
[173.802s][info][gc,cpu         ] GC(459) User=0.38s Sys=0.00s Real=0.07s
[174.411s][info][gc,start       ] GC(460) Pause Young (Allocation Failure)
[174.467s][info][gc,heap        ] GC(460) PSYoungGen: 579104K->58272K(604672K)
[174.467s][info][gc,heap        ] GC(460) PSOldGen: 419399K->449911K(1398272K)
[174.467s][info][gc,metaspace   ] GC(460) Metaspace: 31676K(32816K)->31676K(32816K) NonClass: 27898K(28592K)->27898K(28592K) Class: 3778K(4224K)->3778K(4224K)
[174.467s][info][gc             ] GC(460) Pause Young (Allocation Failure) 975M->496M(1956M) 55.985ms
[174.467s][info][gc,cpu         ] GC(460) User=0.36s Sys=0.00s Real=0.06s
[174.614s][info][gc,start       ] GC(461) Pause Young (Allocation Failure)
[174.678s][info][gc,heap        ] GC(461) PSYoungGen: 566688K->73408K(602624K)
[174.678s][info][gc,heap        ] GC(461) PSOldGen: 449911K->494967K(1398272K)
[174.678s][info][gc,metaspace   ] GC(461) Metaspace: 31676K(32816K)->31676K(32816K) NonClass: 27898K(28592K)->27898K(28592K) Class: 3778K(4224K)->3778K(4224K)
[174.678s][info][gc             ] GC(461) Pause Young (Allocation Failure) 992M->555M(1954M) 64.528ms
[174.678s][info][gc,cpu         ] GC(461) User=0.36s Sys=0.00s Real=0.06s
[174.917s][info][gc,start       ] GC(462) Pause Young (Allocation Failure)
[174.982s][info][gc,heap        ] GC(462) PSYoungGen: 581824K->63840K(606720K)
[174.982s][info][gc,heap        ] GC(462) PSOldGen: 494967K->533239K(1398272K)
[174.982s][info][gc,metaspace   ] GC(462) Metaspace: 31676K(32816K)->31676K(32816K) NonClass: 27898K(28592K)->27898K(28592K) Class: 3778K(4224K)->3778K(4224K)
[174.982s][info][gc             ] GC(462) Pause Young (Allocation Failure) 1051M->583M(1958M) 65.553ms
[174.982s][info][gc,cpu         ] GC(462) User=0.36s Sys=0.00s Real=0.08s
[175.494s][info][gc,start       ] GC(463) Pause Young (Allocation Failure)
[175.553s][info][gc,heap        ] GC(463) PSYoungGen: 575840K->63264K(604160K)
[175.554s][info][gc,heap        ] GC(463) PSOldGen: 533239K->566487K(1398272K)
[175.554s][info][gc,metaspace   ] GC(463) Metaspace: 31676K(32816K)->31676K(32816K) NonClass: 27898K(28592K)->27898K(28592K) Class: 3778K(4224K)->3778K(4224K)
[175.554s][info][gc             ] GC(463) Pause Young (Allocation Failure) 1083M->614M(1955M) 59.500ms
[175.554s][info][gc,cpu         ] GC(463) User=0.28s Sys=0.00s Real=0.06s
[175.693s][info][gc,start       ] GC(464) Pause Young (Allocation Failure)
[175.756s][info][gc,heap        ] GC(464) PSYoungGen: 575264K->73984K(607232K)
[175.756s][info][gc,heap        ] GC(464) PSOldGen: 566487K->613704K(1398272K)
[175.756s][info][gc,metaspace   ] GC(464) Metaspace: 31676K(32816K)->31676K(32816K) NonClass: 27898K(28592K)->27898K(28592K) Class: 3778K(4224K)->3778K(4224K)
[175.756s][info][gc             ] GC(464) Pause Young (Allocation Failure) 1114M->671M(1958M) 63.221ms
[175.756s][info][gc,cpu         ] GC(464) User=0.33s Sys=0.00s Real=0.06s
[176.134s][info][gc,start       ] GC(465) Pause Young (Allocation Failure)
[176.195s][info][gc,heap        ] GC(465) PSYoungGen: 591616K->54496K(608256K)
[176.195s][info][gc,heap        ] GC(465) PSOldGen: 613704K->649544K(1398272K)
[176.195s][info][gc,metaspace   ] GC(465) Metaspace: 31676K(32816K)->31676K(32816K) NonClass: 27898K(28592K)->27898K(28592K) Class: 3778K(4224K)->3778K(4224K)
[176.195s][info][gc             ] GC(465) Pause Young (Allocation Failure) 1177M->687M(1959M) 61.102ms
[176.195s][info][gc,cpu         ] GC(465) User=0.28s Sys=0.00s Real=0.08s
[176.622s][info][gc,start       ] GC(466) Pause Young (Allocation Failure)
[176.680s][info][gc,heap        ] GC(466) PSYoungGen: 572128K->67488K(610304K)
[176.680s][info][gc,heap        ] GC(466) PSOldGen: 649544K->680656K(1398272K)
[176.680s][info][gc,metaspace   ] GC(466) Metaspace: 31676K(32816K)->31676K(32816K) NonClass: 27898K(28592K)->27898K(28592K) Class: 3778K(4224K)->3778K(4224K)
[176.680s][info][gc             ] GC(466) Pause Young (Allocation Failure) 1193M->730M(1961M) 58.516ms
[176.680s][info][gc,cpu         ] GC(466) User=0.36s Sys=0.00s Real=0.06s
[176.818s][info][gc,start       ] GC(467) Pause Young (Allocation Failure)
[176.884s][info][gc,heap        ] GC(467) PSYoungGen: 587680K->73152K(608768K)
[176.885s][info][gc,heap        ] GC(467) PSOldGen: 680656K->734760K(1398272K)
[176.885s][info][gc,metaspace   ] GC(467) Metaspace: 31676K(32816K)->31676K(32816K) NonClass: 27898K(28592K)->27898K(28592K) Class: 3778K(4224K)->3778K(4224K)
[176.885s][info][gc             ] GC(467) Pause Young (Allocation Failure) 1238M->788M(1960M) 66.777ms
[176.885s][info][gc,cpu         ] GC(467) User=0.44s Sys=0.00s Real=0.07s
[177.580s][info][gc,start       ] GC(468) Pause Young (Allocation Failure)
[177.634s][info][gc,heap        ] GC(468) PSYoungGen: 593344K->38368K(604672K)
[177.634s][info][gc,heap        ] GC(468) PSOldGen: 734760K->766728K(1398272K)
[177.634s][info][gc,metaspace   ] GC(468) Metaspace: 31676K(32816K)->31676K(32816K) NonClass: 27898K(28592K)->27898K(28592K) Class: 3778K(4224K)->3778K(4224K)
[177.634s][info][gc             ] GC(468) Pause Young (Allocation Failure) 1296M->786M(1956M) 54.183ms
[177.634s][info][gc,cpu         ] GC(468) User=0.38s Sys=0.00s Real=0.06s
[177.771s][info][gc,start       ] GC(469) Pause Young (Allocation Failure)
[177.828s][info][gc,heap        ] GC(469) PSYoungGen: 553952K->65824K(607232K)
[177.828s][info][gc,heap        ] GC(469) PSOldGen: 766728K->803021K(1398272K)
[177.828s][info][gc,metaspace   ] GC(469) Metaspace: 31676K(32816K)->31676K(32816K) NonClass: 27898K(28592K)->27898K(28592K) Class: 3778K(4224K)->3778K(4224K)
[177.829s][info][gc             ] GC(469) Pause Young (Allocation Failure) 1289M->848M(1958M) 57.406ms
[177.829s][info][gc,cpu         ] GC(469) User=0.38s Sys=0.00s Real=0.06s
[177.972s][info][gc,start       ] GC(470) Pause Young (Allocation Failure)
[178.047s][info][gc,heap        ] GC(470) PSYoungGen: 581408K->76864K(604160K)
[178.047s][info][gc,heap        ] GC(470) PSOldGen: 803021K->853573K(1398272K)
[178.047s][info][gc,metaspace   ] GC(470) Metaspace: 31676K(32816K)->31676K(32816K) NonClass: 27898K(28592K)->27898K(28592K) Class: 3778K(4224K)->3778K(4224K)
[178.047s][info][gc             ] GC(470) Pause Young (Allocation Failure) 1351M->908M(1955M) 75.453ms
[178.047s][info][gc,cpu         ] GC(470) User=0.47s Sys=0.00s Real=0.08s
[178.689s][info][gc,start       ] GC(471) Pause Young (Allocation Failure)
[178.741s][info][gc,heap        ] GC(471) PSYoungGen: 591424K->46688K(561664K)
[178.741s][info][gc,heap        ] GC(471) PSOldGen: 853573K->885597K(1398272K)
[178.741s][info][gc,metaspace   ] GC(471) Metaspace: 31676K(32816K)->31676K(32816K) NonClass: 27898K(28592K)->27898K(28592K) Class: 3778K(4224K)->3778K(4224K)
[178.741s][info][gc             ] GC(471) Pause Young (Allocation Failure) 1411M->910M(1914M) 51.834ms
[178.741s][info][gc,cpu         ] GC(471) User=0.28s Sys=0.00s Real=0.05s
[178.877s][info][gc,start       ] GC(472) Pause Young (Allocation Failure)
[178.936s][info][gc,heap        ] GC(472) PSYoungGen: 561248K->65024K(608256K)
[178.936s][info][gc,heap        ] GC(472) PSOldGen: 885597K->927825K(1398272K)
[178.936s][info][gc,metaspace   ] GC(472) Metaspace: 31676K(32816K)->31676K(32816K) NonClass: 27898K(28592K)->27898K(28592K) Class: 3778K(4224K)->3778K(4224K)
[178.936s][info][gc             ] GC(472) Pause Young (Allocation Failure) 1412M->969M(1959M) 59.237ms
[178.936s][info][gc,cpu         ] GC(472) User=0.38s Sys=0.00s Real=0.06s
[179.079s][info][gc,start       ] GC(473) Pause Young (Allocation Failure)
[179.159s][info][gc,heap        ] GC(473) PSYoungGen: 580608K->79072K(594944K)
[179.159s][info][gc,heap        ] GC(473) PSOldGen: 927825K->975697K(1398272K)
[179.159s][info][gc,metaspace   ] GC(473) Metaspace: 31676K(32816K)->31676K(32816K) NonClass: 27898K(28592K)->27898K(28592K) Class: 3778K(4224K)->3778K(4224K)
[179.159s][info][gc             ] GC(473) Pause Young (Allocation Failure) 1473M->1030M(1946M) 80.030ms
[179.159s][info][gc,cpu         ] GC(473) User=0.47s Sys=0.00s Real=0.08s
[179.800s][info][gc,start       ] GC(474) Pause Young (Allocation Failure)
[179.863s][info][gc,heap        ] GC(474) PSYoungGen: 594656K->52896K(606208K)
[179.863s][info][gc,heap        ] GC(474) PSOldGen: 975697K->1008041K(1398272K)
[179.863s][info][gc,metaspace   ] GC(474) Metaspace: 31676K(32816K)->31676K(32816K) NonClass: 27898K(28592K)->27898K(28592K) Class: 3778K(4224K)->3778K(4224K)
[179.863s][info][gc             ] GC(474) Pause Young (Allocation Failure) 1533M->1036M(1957M) 63.342ms
[179.863s][info][gc,cpu         ] GC(474) User=0.38s Sys=0.00s Real=0.06s
[180.021s][info][gc,start       ] GC(475) Pause Young (Allocation Failure)
[180.092s][info][gc,heap        ] GC(475) PSYoungGen: 565408K->78464K(591360K)
[180.092s][info][gc,heap        ] GC(475) PSOldGen: 1008041K->1047990K(1398272K)
[180.092s][info][gc,metaspace   ] GC(475) Metaspace: 31676K(32816K)->31676K(32816K) NonClass: 27898K(28592K)->27898K(28592K) Class: 3778K(4224K)->3778K(4224K)
[180.092s][info][gc             ] GC(475) Pause Young (Allocation Failure) 1536M->1100M(1943M) 70.787ms
[180.092s][info][gc,cpu         ] GC(475) User=0.41s Sys=0.00s Real=0.07s
[180.251s][info][gc,start       ] GC(476) Pause Young (Allocation Failure)
[180.326s][info][gc,heap        ] GC(476) PSYoungGen: 590976K->75072K(601600K)
[180.326s][info][gc,heap        ] GC(476) PSOldGen: 1047990K->1105806K(1398272K)
[180.326s][info][gc,metaspace   ] GC(476) Metaspace: 31676K(32816K)->31676K(32816K) NonClass: 27898K(28592K)->27898K(28592K) Class: 3778K(4224K)->3778K(4224K)
[180.326s][info][gc             ] GC(476) Pause Young (Allocation Failure) 1600M->1153M(1953M) 74.360ms
[180.326s][info][gc,cpu         ] GC(476) User=0.41s Sys=0.00s Real=0.07s
[180.795s][info][gc,start       ] GC(477) Pause Young (Allocation Failure)
[180.856s][info][gc,heap        ] GC(477) PSYoungGen: 581440K->64672K(602624K)
[180.856s][info][gc,heap        ] GC(477) PSOldGen: 1105806K->1137038K(1398272K)
[180.856s][info][gc,metaspace   ] GC(477) Metaspace: 31676K(32816K)->31676K(32816K) NonClass: 27898K(28592K)->27898K(28592K) Class: 3778K(4224K)->3778K(4224K)
[180.856s][info][gc             ] GC(477) Pause Young (Allocation Failure) 1647M->1173M(1954M) 60.851ms
[180.856s][info][gc,cpu         ] GC(477) User=0.38s Sys=0.00s Real=0.06s
[180.992s][info][gc,start       ] GC(478) Pause Young (Allocation Failure)
[181.061s][info][gc,heap        ] GC(478) PSYoungGen: 571040K->74656K(604672K)
[181.061s][info][gc,heap        ] GC(478) PSOldGen: 1137038K->1187286K(1398272K)
[181.061s][info][gc,metaspace   ] GC(478) Metaspace: 31676K(32816K)->31676K(32816K) NonClass: 27898K(28592K)->27898K(28592K) Class: 3778K(4224K)->3778K(4224K)
[181.061s][info][gc             ] GC(478) Pause Young (Allocation Failure) 1668M->1232M(1956M) 69.218ms
[181.061s][info][gc,cpu         ] GC(478) User=0.42s Sys=0.00s Real=0.07s
[181.393s][info][gc,start       ] GC(479) Pause Young (Allocation Failure)
[181.465s][info][gc,heap        ] GC(479) PSYoungGen: 586144K->59360K(605184K)
[181.465s][info][gc,heap        ] GC(479) PSOldGen: 1187286K->1221182K(1398272K)
[181.465s][info][gc,metaspace   ] GC(479) Metaspace: 31676K(32816K)->31676K(32816K) NonClass: 27898K(28592K)->27898K(28592K) Class: 3778K(4224K)->3778K(4224K)
[181.465s][info][gc             ] GC(479) Pause Young (Allocation Failure) 1731M->1250M(1956M) 71.830ms
[181.465s][info][gc,cpu         ] GC(479) User=0.47s Sys=0.00s Real=0.09s
[181.769s][info][gc,start       ] GC(480) Pause Young (System.gc())
[181.801s][info][gc,heap        ] GC(480) PSYoungGen: 161955K->8544K(591872K)
[181.801s][info][gc,heap        ] GC(480) PSOldGen: 1221182K->1256510K(1398272K)
[181.801s][info][gc,metaspace   ] GC(480) Metaspace: 31676K(32816K)->31676K(32816K) NonClass: 27898K(28592K)->27898K(28592K) Class: 3778K(4224K)->3778K(4224K)
[181.801s][info][gc             ] GC(480) Pause Young (System.gc()) 1350M->1235M(1943M) 32.278ms
[181.801s][info][gc,cpu         ] GC(480) User=0.14s Sys=0.00s Real=0.05s
[181.802s][info][gc,start       ] GC(481) Pause Full (System.gc())
[181.802s][info][gc,phases,start] GC(481) Phase 1: Mark live objects
[181.920s][info][gc,phases      ] GC(481) Phase 1: Mark live objects 118.053ms
[181.920s][info][gc,phases,start] GC(481) Phase 2: Compute new object addresses
[182.095s][info][gc,phases      ] GC(481) Phase 2: Compute new object addresses 175.579ms
[182.095s][info][gc,phases,start] GC(481) Phase 3: Adjust pointers
[182.176s][info][gc,phases      ] GC(481) Phase 3: Adjust pointers 80.959ms
[182.176s][info][gc,phases,start] GC(481) Phase 4: Move objects
[182.200s][info][gc,phases      ] GC(481) Phase 4: Move objects 23.106ms
[182.200s][info][gc,heap        ] GC(481) PSYoungGen: 8544K->0K(591872K)
[182.200s][info][gc,heap        ] GC(481) PSOldGen: 1256510K->104459K(1398272K)
[182.200s][info][gc,metaspace   ] GC(481) Metaspace: 31676K(32816K)->31676K(32816K) NonClass: 27898K(28592K)->27898K(28592K) Class: 3778K(4224K)->3778K(4224K)
[182.200s][info][gc             ] GC(481) Pause Full (System.gc()) 1235M->102M(1943M) 398.455ms
[182.200s][info][gc,cpu         ] GC(481) User=0.41s Sys=0.00s Real=0.40s
[182.399s][info][gc,start       ] GC(482) Pause Young (Allocation Failure)
[182.443s][info][gc,heap        ] GC(482) PSYoungGen: 499200K->73728K(573440K)
[182.443s][info][gc,heap        ] GC(482) PSOldGen: 104459K->104467K(1398272K)
[182.443s][info][gc,metaspace   ] GC(482) Metaspace: 31678K(32816K)->31678K(32816K) NonClass: 27900K(28592K)->27900K(28592K) Class: 3778K(4224K)->3778K(4224K)
[182.443s][info][gc             ] GC(482) Pause Young (Allocation Failure) 589M->174M(1925M) 43.731ms
[182.443s][info][gc,cpu         ] GC(482) User=0.19s Sys=0.00s Real=0.04s
[182.578s][info][gc,start       ] GC(483) Pause Young (Allocation Failure)
[182.655s][info][gc,heap        ] GC(483) PSYoungGen: 572928K->74240K(596992K)
[182.655s][info][gc,heap        ] GC(483) PSOldGen: 104467K->160579K(1398272K)
[182.655s][info][gc,metaspace   ] GC(483) Metaspace: 31678K(32816K)->31678K(32816K) NonClass: 27900K(28592K)->27900K(28592K) Class: 3778K(4224K)->3778K(4224K)
[182.655s][info][gc             ] GC(483) Pause Young (Allocation Failure) 661M->229M(1948M) 77.046ms
[182.655s][info][gc,cpu         ] GC(483) User=0.47s Sys=0.00s Real=0.08s
[183.279s][info][gc,start       ] GC(484) Pause Young (Allocation Failure)
[183.336s][info][gc,heap        ] GC(484) PSYoungGen: 570368K->47072K(597504K)
[183.336s][info][gc,heap        ] GC(484) PSOldGen: 160579K->191411K(1398272K)
[183.336s][info][gc,metaspace   ] GC(484) Metaspace: 31678K(32816K)->31678K(32816K) NonClass: 27900K(28592K)->27900K(28592K) Class: 3778K(4224K)->3778K(4224K)
[183.336s][info][gc             ] GC(484) Pause Young (Allocation Failure) 713M->232M(1949M) 57.849ms
[183.336s][info][gc,cpu         ] GC(484) User=0.38s Sys=0.00s Real=0.06s
[183.466s][info][gc,start       ] GC(485) Pause Young (Allocation Failure)
[183.530s][info][gc,heap        ] GC(485) PSYoungGen: 543200K->64032K(601600K)
[183.530s][info][gc,heap        ] GC(485) PSOldGen: 191411K->232696K(1398272K)
[183.530s][info][gc,metaspace   ] GC(485) Metaspace: 31678K(32816K)->31678K(32816K) NonClass: 27900K(28592K)->27900K(28592K) Class: 3778K(4224K)->3778K(4224K)
[183.530s][info][gc             ] GC(485) Pause Young (Allocation Failure) 717M->289M(1953M) 63.936ms
[183.530s][info][gc,cpu         ] GC(485) User=0.38s Sys=0.00s Real=0.06s
[183.660s][info][gc,start       ] GC(486) Pause Young (Allocation Failure)
[183.735s][info][gc,heap        ] GC(486) PSYoungGen: 565280K->72160K(598528K)
[183.735s][info][gc,heap        ] GC(486) PSOldGen: 232696K->283568K(1398272K)
[183.735s][info][gc,metaspace   ] GC(486) Metaspace: 31678K(32816K)->31678K(32816K) NonClass: 27900K(28592K)->27900K(28592K) Class: 3778K(4224K)->3778K(4224K)
[183.735s][info][gc             ] GC(486) Pause Young (Allocation Failure) 779M->347M(1950M) 74.260ms
[183.735s][info][gc,cpu         ] GC(486) User=0.45s Sys=0.02s Real=0.08s
[184.388s][info][gc,start       ] GC(487) Pause Young (Allocation Failure)
[184.445s][info][gc,heap        ] GC(487) PSYoungGen: 573408K->49440K(602112K)
[184.445s][info][gc,heap        ] GC(487) PSOldGen: 283568K->313680K(1398272K)
[184.445s][info][gc,metaspace   ] GC(487) Metaspace: 31679K(32816K)->31679K(32816K) NonClass: 27901K(28592K)->27901K(28592K) Class: 3778K(4224K)->3778K(4224K)
[184.445s][info][gc             ] GC(487) Pause Young (Allocation Failure) 836M->354M(1953M) 56.435ms
[184.445s][info][gc,cpu         ] GC(487) User=0.28s Sys=0.00s Real=0.06s
[184.576s][info][gc,start       ] GC(488) Pause Young (Allocation Failure)
[184.635s][info][gc,heap        ] GC(488) PSYoungGen: 553760K->65728K(601088K)
[184.635s][info][gc,heap        ] GC(488) PSOldGen: 313680K->356716K(1398272K)
[184.635s][info][gc,metaspace   ] GC(488) Metaspace: 31679K(32816K)->31679K(32816K) NonClass: 27901K(28592K)->27901K(28592K) Class: 3778K(4224K)->3778K(4224K)
[184.635s][info][gc             ] GC(488) Pause Young (Allocation Failure) 847M->412M(1952M) 58.648ms
[184.635s][info][gc,cpu         ] GC(488) User=0.38s Sys=0.00s Real=0.06s
[184.763s][info][gc,start       ] GC(489) Pause Young (Allocation Failure)
[184.828s][info][gc,heap        ] GC(489) PSYoungGen: 570048K->69088K(604672K)
[184.828s][info][gc,heap        ] GC(489) PSOldGen: 356716K->409564K(1398272K)
[184.828s][info][gc,metaspace   ] GC(489) Metaspace: 31679K(32816K)->31679K(32816K) NonClass: 27901K(28592K)->27901K(28592K) Class: 3778K(4224K)->3778K(4224K)
[184.828s][info][gc             ] GC(489) Pause Young (Allocation Failure) 905M->467M(1956M) 65.291ms
[184.828s][info][gc,cpu         ] GC(489) User=0.36s Sys=0.02s Real=0.07s
[185.513s][info][gc,start       ] GC(490) Pause Young (Allocation Failure)
[185.569s][info][gc,heap        ] GC(490) PSYoungGen: 579040K->57952K(604160K)
[185.569s][info][gc,heap        ] GC(490) PSOldGen: 409564K->439244K(1398272K)
[185.569s][info][gc,metaspace   ] GC(490) Metaspace: 31679K(32816K)->31679K(32816K) NonClass: 27901K(28592K)->27901K(28592K) Class: 3778K(4224K)->3778K(4224K)
[185.569s][info][gc             ] GC(490) Pause Young (Allocation Failure) 965M->485M(1955M) 55.830ms
[185.569s][info][gc,cpu         ] GC(490) User=0.28s Sys=0.00s Real=0.06s
[185.713s][info][gc,start       ] GC(491) Pause Young (Allocation Failure)
[185.778s][info][gc,heap        ] GC(491) PSYoungGen: 567904K->75392K(603136K)
[185.778s][info][gc,heap        ] GC(491) PSOldGen: 439244K->482880K(1398272K)
[185.778s][info][gc,metaspace   ] GC(491) Metaspace: 31679K(32816K)->31679K(32816K) NonClass: 27901K(28592K)->27901K(28592K) Class: 3778K(4224K)->3778K(4224K)
[185.778s][info][gc             ] GC(491) Pause Young (Allocation Failure) 983M->545M(1954M) 64.701ms
[185.778s][info][gc,cpu         ] GC(491) User=0.36s Sys=0.02s Real=0.06s
[185.954s][info][gc,start       ] GC(492) Pause Young (Allocation Failure)
[186.033s][info][gc,heap        ] GC(492) PSYoungGen: 586880K->71136K(605184K)
[186.033s][info][gc,heap        ] GC(492) PSOldGen: 482880K->527824K(1398272K)
[186.033s][info][gc,metaspace   ] GC(492) Metaspace: 31679K(32816K)->31679K(32816K) NonClass: 27901K(28592K)->27901K(28592K) Class: 3778K(4224K)->3778K(4224K)
[186.033s][info][gc             ] GC(492) Pause Young (Allocation Failure) 1044M->584M(1956M) 78.140ms
[186.033s][info][gc,cpu         ] GC(492) User=0.42s Sys=0.00s Real=0.08s
[186.709s][info][gc,start       ] GC(493) Pause Young (Allocation Failure)
[186.770s][info][gc,heap        ] GC(493) PSYoungGen: 582624K->65472K(607744K)
[186.770s][info][gc,heap        ] GC(493) PSOldGen: 527824K->560752K(1398272K)
[186.770s][info][gc,metaspace   ] GC(493) Metaspace: 31679K(32816K)->31679K(32816K) NonClass: 27901K(28592K)->27901K(28592K) Class: 3778K(4224K)->3778K(4224K)
[186.770s][info][gc             ] GC(493) Pause Young (Allocation Failure) 1084M->611M(1959M) 61.070ms
[186.770s][info][gc,cpu         ] GC(493) User=0.38s Sys=0.00s Real=0.06s
[186.921s][info][gc,start       ] GC(494) Pause Young (Allocation Failure)
[186.989s][info][gc,heap        ] GC(494) PSYoungGen: 579520K->82560K(596992K)
[186.989s][info][gc,heap        ] GC(494) PSOldGen: 560752K->606961K(1398272K)
[186.989s][info][gc,metaspace   ] GC(494) Metaspace: 31679K(32816K)->31679K(32816K) NonClass: 27901K(28592K)->27901K(28592K) Class: 3778K(4224K)->3778K(4224K)
[186.989s][info][gc             ] GC(494) Pause Young (Allocation Failure) 1113M->673M(1948M) 68.405ms
[186.989s][info][gc,cpu         ] GC(494) User=0.33s Sys=0.00s Real=0.07s
[187.560s][info][gc,start       ] GC(495) Pause Young (Allocation Failure)
[187.621s][info][gc,heap        ] GC(495) PSYoungGen: 596608K->44224K(601600K)
[187.621s][info][gc,heap        ] GC(495) PSOldGen: 606961K->641345K(1398272K)
[187.621s][info][gc,metaspace   ] GC(495) Metaspace: 31679K(32816K)->31679K(32816K) NonClass: 27901K(28592K)->27901K(28592K) Class: 3778K(4224K)->3778K(4224K)
[187.621s][info][gc             ] GC(495) Pause Young (Allocation Failure) 1175M->669M(1953M) 60.322ms
[187.621s][info][gc,cpu         ] GC(495) User=0.38s Sys=0.00s Real=0.06s
[187.939s][info][gc,start       ] GC(496) Pause Young (Allocation Failure)
[188.001s][info][gc,heap        ] GC(496) PSYoungGen: 550592K->79648K(586240K)
[188.001s][info][gc,heap        ] GC(496) PSOldGen: 641345K->675065K(1398272K)
[188.001s][info][gc,metaspace   ] GC(496) Metaspace: 31679K(32816K)->31679K(32816K) NonClass: 27901K(28592K)->27901K(28592K) Class: 3778K(4224K)->3778K(4224K)
[188.001s][info][gc             ] GC(496) Pause Young (Allocation Failure) 1164M->737M(1938M) 62.133ms
[188.001s][info][gc,cpu         ] GC(496) User=0.38s Sys=0.00s Real=0.06s
[188.135s][info][gc,start       ] GC(497) Pause Young (Allocation Failure)
[188.211s][info][gc,heap        ] GC(497) PSYoungGen: 586016K->68672K(602112K)
[188.211s][info][gc,heap        ] GC(497) PSOldGen: 675065K->744017K(1398272K)
[188.211s][info][gc,metaspace   ] GC(497) Metaspace: 31679K(32816K)->31679K(32816K) NonClass: 27901K(28592K)->27901K(28592K) Class: 3778K(4224K)->3778K(4224K)
[188.211s][info][gc             ] GC(497) Pause Young (Allocation Failure) 1231M->793M(1953M) 75.523ms
[188.211s][info][gc,cpu         ] GC(497) User=0.38s Sys=0.00s Real=0.08s
[188.959s][info][gc,start       ] GC(498) Pause Young (Allocation Failure)
[189.016s][info][gc,heap        ] GC(498) PSYoungGen: 571968K->54976K(600064K)
[189.016s][info][gc,heap        ] GC(498) PSOldGen: 744017K->774321K(1398272K)
[189.016s][info][gc,metaspace   ] GC(498) Metaspace: 31679K(32816K)->31679K(32816K) NonClass: 27901K(28592K)->27901K(28592K) Class: 3778K(4224K)->3778K(4224K)
[189.016s][info][gc             ] GC(498) Pause Young (Allocation Failure) 1285M->809M(1951M) 56.630ms
[189.016s][info][gc,cpu         ] GC(498) User=0.34s Sys=0.00s Real=0.06s
[189.146s][info][gc,start       ] GC(499) Pause Young (Allocation Failure)
[189.207s][info][gc,heap        ] GC(499) PSYoungGen: 558272K->66784K(605696K)
[189.207s][info][gc,heap        ] GC(499) PSOldGen: 774321K->819354K(1398272K)
[189.207s][info][gc,metaspace   ] GC(499) Metaspace: 31679K(32816K)->31679K(32816K) NonClass: 27901K(28592K)->27901K(28592K) Class: 3778K(4224K)->3778K(4224K)
[189.207s][info][gc             ] GC(499) Pause Young (Allocation Failure) 1301M->865M(1957M) 60.439ms
[189.207s][info][gc,cpu         ] GC(499) User=0.34s Sys=0.02s Real=0.06s
[189.341s][info][gc,start       ] GC(500) Pause Young (Allocation Failure)
[189.409s][info][gc,heap        ] GC(500) PSYoungGen: 577248K->69280K(603648K)
[189.409s][info][gc,heap        ] GC(500) PSOldGen: 819354K->873994K(1398272K)
[189.409s][info][gc,metaspace   ] GC(500) Metaspace: 31679K(32816K)->31679K(32816K) NonClass: 27901K(28592K)->27901K(28592K) Class: 3778K(4224K)->3778K(4224K)
[189.409s][info][gc             ] GC(500) Pause Young (Allocation Failure) 1363M->921M(1955M) 68.151ms
[189.409s][info][gc,cpu         ] GC(500) User=0.31s Sys=0.00s Real=0.07s
[190.048s][info][gc,start       ] GC(501) Pause Young (Allocation Failure)
[190.105s][info][gc,heap        ] GC(501) PSYoungGen: 579744K->58176K(608256K)
[190.105s][info][gc,heap        ] GC(501) PSOldGen: 873994K->904178K(1398272K)
[190.105s][info][gc,metaspace   ] GC(501) Metaspace: 31679K(32816K)->31679K(32816K) NonClass: 27901K(28592K)->27901K(28592K) Class: 3778K(4224K)->3778K(4224K)
[190.105s][info][gc             ] GC(501) Pause Young (Allocation Failure) 1419M->939M(1959M) 57.038ms
[190.105s][info][gc,cpu         ] GC(501) User=0.38s Sys=0.00s Real=0.06s
[190.252s][info][gc,start       ] GC(502) Pause Young (Allocation Failure)
[190.323s][info][gc,heap        ] GC(502) PSYoungGen: 574272K->78496K(594944K)
[190.323s][info][gc,heap        ] GC(502) PSOldGen: 904178K->947754K(1398272K)
[190.323s][info][gc,metaspace   ] GC(502) Metaspace: 31679K(32816K)->31679K(32816K) NonClass: 27901K(28592K)->27901K(28592K) Class: 3778K(4224K)->3778K(4224K)
[190.323s][info][gc             ] GC(502) Pause Young (Allocation Failure) 1443M->1002M(1946M) 71.117ms
[190.323s][info][gc,cpu         ] GC(502) User=0.44s Sys=0.00s Real=0.07s
[190.546s][info][gc,start       ] GC(503) Pause Young (Allocation Failure)
[190.618s][info][gc,heap        ] GC(503) PSYoungGen: 594592K->65024K(608256K)
[190.618s][info][gc,heap        ] GC(503) PSOldGen: 947754K->988194K(1398272K)
[190.618s][info][gc,metaspace   ] GC(503) Metaspace: 31679K(32816K)->31679K(32816K) NonClass: 27901K(28592K)->27901K(28592K) Class: 3778K(4224K)->3778K(4224K)
[190.618s][info][gc             ] GC(503) Pause Young (Allocation Failure) 1506M->1028M(1959M) 72.117ms
[190.618s][info][gc,cpu         ] GC(503) User=0.44s Sys=0.03s Real=0.07s
[191.160s][info][gc,start       ] GC(504) Pause Young (Allocation Failure)
[191.222s][info][gc,heap        ] GC(504) PSYoungGen: 580096K->66816K(605696K)
[191.222s][info][gc,heap        ] GC(504) PSOldGen: 988194K->1022122K(1398272K)
[191.222s][info][gc,metaspace   ] GC(504) Metaspace: 31679K(32816K)->31679K(32816K) NonClass: 27901K(28592K)->27901K(28592K) Class: 3778K(4224K)->3778K(4224K)
[191.222s][info][gc             ] GC(504) Pause Young (Allocation Failure) 1531M->1063M(1957M) 62.361ms
[191.222s][info][gc,cpu         ] GC(504) User=0.36s Sys=0.00s Real=0.07s
[191.365s][info][gc,start       ] GC(505) Pause Young (Allocation Failure)
[191.439s][info][gc,heap        ] GC(505) PSYoungGen: 581888K->78400K(606208K)
[191.439s][info][gc,heap        ] GC(505) PSOldGen: 1022122K->1072498K(1398272K)
[191.439s][info][gc,metaspace   ] GC(505) Metaspace: 31679K(32816K)->31679K(32816K) NonClass: 27901K(28592K)->27901K(28592K) Class: 3778K(4224K)->3778K(4224K)
[191.439s][info][gc             ] GC(505) Pause Young (Allocation Failure) 1566M->1123M(1957M) 73.928ms
[191.439s][info][gc,cpu         ] GC(505) User=0.42s Sys=0.00s Real=0.08s
[192.032s][info][gc,start       ] GC(506) Pause Young (Allocation Failure)
[192.084s][info][gc,heap        ] GC(506) PSYoungGen: 596032K->40800K(558592K)
[192.084s][info][gc,heap        ] GC(506) PSOldGen: 1072498K->1105410K(1398272K)
[192.084s][info][gc,metaspace   ] GC(506) Metaspace: 31679K(32816K)->31679K(32816K) NonClass: 27901K(28592K)->27901K(28592K) Class: 3778K(4224K)->3778K(4224K)
[192.084s][info][gc             ] GC(506) Pause Young (Allocation Failure) 1629M->1119M(1911M) 51.872ms
[192.084s][info][gc,cpu         ] GC(506) User=0.28s Sys=0.00s Real=0.05s
[192.216s][info][gc,start       ] GC(507) Pause Young (Allocation Failure)
[192.280s][info][gc,heap        ] GC(507) PSYoungGen: 558432K->67200K(607744K)
[192.280s][info][gc,heap        ] GC(507) PSOldGen: 1105410K->1143835K(1398272K)
[192.280s][info][gc,metaspace   ] GC(507) Metaspace: 31679K(32816K)->31679K(32816K) NonClass: 27901K(28592K)->27901K(28592K) Class: 3778K(4224K)->3778K(4224K)
[192.280s][info][gc             ] GC(507) Pause Young (Allocation Failure) 1624M->1182M(1959M) 63.542ms
[192.280s][info][gc,cpu         ] GC(507) User=0.31s Sys=0.02s Real=0.06s
[192.434s][info][gc,start       ] GC(508) Pause Young (Allocation Failure)
[192.511s][info][gc,heap        ] GC(508) PSYoungGen: 581760K->84096K(599040K)
[192.511s][info][gc,heap        ] GC(508) PSOldGen: 1143835K->1189411K(1398272K)
[192.511s][info][gc,metaspace   ] GC(508) Metaspace: 31679K(32816K)->31679K(32816K) NonClass: 27901K(28592K)->27901K(28592K) Class: 3778K(4224K)->3778K(4224K)
[192.511s][info][gc             ] GC(508) Pause Young (Allocation Failure) 1685M->1243M(1950M) 77.339ms
[192.511s][info][gc,cpu         ] GC(508) User=0.44s Sys=0.02s Real=0.08s
[193.035s][info][gc,start       ] GC(509) Pause Young (System.gc())
[193.088s][info][gc,heap        ] GC(509) PSYoungGen: 475968K->29568K(595968K)
[193.088s][info][gc,heap        ] GC(509) PSOldGen: 1189411K->1223659K(1398272K)
[193.088s][info][gc,metaspace   ] GC(509) Metaspace: 31679K(32816K)->31679K(32816K) NonClass: 27901K(28592K)->27901K(28592K) Class: 3778K(4224K)->3778K(4224K)
[193.088s][info][gc             ] GC(509) Pause Young (System.gc()) 1626M->1223M(1947M) 53.710ms
[193.088s][info][gc,cpu         ] GC(509) User=0.38s Sys=0.00s Real=0.06s
[193.088s][info][gc,start       ] GC(510) Pause Full (System.gc())
[193.089s][info][gc,phases,start] GC(510) Phase 1: Mark live objects
[193.193s][info][gc,phases      ] GC(510) Phase 1: Mark live objects 104.476ms
[193.193s][info][gc,phases,start] GC(510) Phase 2: Compute new object addresses
[193.369s][info][gc,phases      ] GC(510) Phase 2: Compute new object addresses 175.788ms
[193.369s][info][gc,phases,start] GC(510) Phase 3: Adjust pointers
[193.449s][info][gc,phases      ] GC(510) Phase 3: Adjust pointers 79.871ms
[193.449s][info][gc,phases,start] GC(510) Phase 4: Move objects
[193.472s][info][gc,phases      ] GC(510) Phase 4: Move objects 23.253ms
[193.473s][info][gc,heap        ] GC(510) PSYoungGen: 29568K->0K(595968K)
[193.473s][info][gc,heap        ] GC(510) PSOldGen: 1223659K->104403K(1398272K)
[193.473s][info][gc,metaspace   ] GC(510) Metaspace: 31679K(32816K)->31679K(32816K) NonClass: 27901K(28592K)->27901K(28592K) Class: 3778K(4224K)->3778K(4224K)
[193.473s][info][gc             ] GC(510) Pause Full (System.gc()) 1223M->101M(1947M) 384.156ms
[193.473s][info][gc,cpu         ] GC(510) User=0.38s Sys=0.00s Real=0.38s
[193.623s][info][gc,start       ] GC(511) Pause Young (Allocation Failure)
[193.667s][info][gc,heap        ] GC(511) PSYoungGen: 500224K->68512K(599552K)
[193.667s][info][gc,heap        ] GC(511) PSOldGen: 104403K->104411K(1398272K)
[193.667s][info][gc,metaspace   ] GC(511) Metaspace: 31705K(32816K)->31705K(32816K) NonClass: 27927K(28592K)->27927K(28592K) Class: 3778K(4224K)->3778K(4224K)
[193.667s][info][gc             ] GC(511) Pause Young (Allocation Failure) 590M->168M(1951M) 43.912ms
[193.667s][info][gc,cpu         ] GC(511) User=0.28s Sys=0.00s Real=0.04s
[193.798s][info][gc,start       ] GC(512) Pause Young (Allocation Failure)
[193.873s][info][gc,heap        ] GC(512) PSYoungGen: 568736K->72032K(601600K)
[193.873s][info][gc,heap        ] GC(512) PSOldGen: 104411K->156919K(1398272K)
[193.873s][info][gc,metaspace   ] GC(512) Metaspace: 31705K(32816K)->31705K(32816K) NonClass: 27927K(28592K)->27927K(28592K) Class: 3778K(4224K)->3778K(4224K)
[193.873s][info][gc             ] GC(512) Pause Young (Allocation Failure) 657M->223M(1953M) 75.308ms
[193.873s][info][gc,cpu         ] GC(512) User=0.47s Sys=0.00s Real=0.08s
[194.441s][info][gc,start       ] GC(513) Pause Young (Allocation Failure)
[194.495s][info][gc,heap        ] GC(513) PSYoungGen: 575840K->45632K(601088K)
[194.495s][info][gc,heap        ] GC(513) PSOldGen: 156919K->187655K(1398272K)
[194.495s][info][gc,metaspace   ] GC(513) Metaspace: 31713K(32816K)->31713K(32816K) NonClass: 27935K(28592K)->27935K(28592K) Class: 3778K(4224K)->3778K(4224K)
[194.495s][info][gc             ] GC(513) Pause Young (Allocation Failure) 715M->227M(1952M) 54.140ms
[194.495s][info][gc,cpu         ] GC(513) User=0.36s Sys=0.00s Real=0.05s
[194.637s][info][gc,start       ] GC(514) Pause Young (Allocation Failure)
[194.695s][info][gc,heap        ] GC(514) PSYoungGen: 549440K->67840K(603136K)
[194.695s][info][gc,heap        ] GC(514) PSOldGen: 187655K->228915K(1398272K)
[194.695s][info][gc,metaspace   ] GC(514) Metaspace: 31713K(32816K)->31713K(32816K) NonClass: 27935K(28592K)->27935K(28592K) Class: 3778K(4224K)->3778K(4224K)
[194.695s][info][gc             ] GC(514) Pause Young (Allocation Failure) 719M->289M(1954M) 57.492ms
[194.695s][info][gc,cpu         ] GC(514) User=0.28s Sys=0.00s Real=0.06s
[194.827s][info][gc,start       ] GC(515) Pause Young (Allocation Failure)
[194.905s][info][gc,heap        ] GC(515) PSYoungGen: 573696K->71776K(601600K)
[194.905s][info][gc,heap        ] GC(515) PSOldGen: 228915K->283219K(1398272K)
[194.905s][info][gc,metaspace   ] GC(515) Metaspace: 31713K(32816K)->31713K(32816K) NonClass: 27935K(28592K)->27935K(28592K) Class: 3778K(4224K)->3778K(4224K)
[194.905s][info][gc             ] GC(515) Pause Young (Allocation Failure) 783M->346M(1953M) 78.687ms
[194.905s][info][gc,cpu         ] GC(515) User=0.47s Sys=0.00s Real=0.08s
[195.523s][info][gc,start       ] GC(516) Pause Young (Allocation Failure)
[195.582s][info][gc,heap        ] GC(516) PSYoungGen: 577632K->48192K(603648K)
[195.582s][info][gc,heap        ] GC(516) PSOldGen: 283219K->313723K(1398272K)
[195.582s][info][gc,metaspace   ] GC(516) Metaspace: 31726K(32816K)->31726K(32816K) NonClass: 27948K(28592K)->27948K(28592K) Class: 3778K(4224K)->3778K(4224K)
[195.582s][info][gc             ] GC(516) Pause Young (Allocation Failure) 840M->353M(1955M) 58.261ms
[195.582s][info][gc,cpu         ] GC(516) User=0.27s Sys=0.00s Real=0.06s
[195.717s][info][gc,start       ] GC(517) Pause Young (Allocation Failure)
[195.777s][info][gc,heap        ] GC(517) PSYoungGen: 556096K->70560K(603136K)
[195.777s][info][gc,heap        ] GC(517) PSOldGen: 313723K->353188K(1398272K)
[195.777s][info][gc,metaspace   ] GC(517) Metaspace: 31726K(32816K)->31726K(32816K) NonClass: 27948K(28592K)->27948K(28592K) Class: 3778K(4224K)->3778K(4224K)
[195.777s][info][gc             ] GC(517) Pause Young (Allocation Failure) 849M->413M(1954M) 60.729ms
[195.777s][info][gc,cpu         ] GC(517) User=0.38s Sys=0.00s Real=0.06s
[195.910s][info][gc,start       ] GC(518) Pause Young (Allocation Failure)
[195.987s][info][gc,heap        ] GC(518) PSYoungGen: 578464K->70176K(604672K)
[195.987s][info][gc,heap        ] GC(518) PSOldGen: 353188K->410668K(1398272K)
[195.987s][info][gc,metaspace   ] GC(518) Metaspace: 31726K(32816K)->31726K(32816K) NonClass: 27948K(28592K)->27948K(28592K) Class: 3778K(4224K)->3778K(4224K)
[195.987s][info][gc             ] GC(518) Pause Young (Allocation Failure) 909M->469M(1956M) 77.608ms
[195.987s][info][gc,cpu         ] GC(518) User=0.47s Sys=0.00s Real=0.08s
[196.705s][info][gc,start       ] GC(519) Pause Young (Allocation Failure)
[196.760s][info][gc,heap        ] GC(519) PSYoungGen: 579616K->53792K(603648K)
[196.760s][info][gc,heap        ] GC(519) PSOldGen: 410668K->440508K(1398272K)
[196.760s][info][gc,metaspace   ] GC(519) Metaspace: 31726K(32816K)->31726K(32816K) NonClass: 27948K(28592K)->27948K(28592K) Class: 3778K(4224K)->3778K(4224K)
[196.760s][info][gc             ] GC(519) Pause Young (Allocation Failure) 967M->482M(1955M) 54.445ms
[196.760s][info][gc,cpu         ] GC(519) User=0.38s Sys=0.00s Real=0.06s
[196.903s][info][gc,start       ] GC(520) Pause Young (Allocation Failure)
[196.965s][info][gc,heap        ] GC(520) PSYoungGen: 563232K->74976K(602624K)
[196.966s][info][gc,heap        ] GC(520) PSOldGen: 440508K->481748K(1398272K)
[196.966s][info][gc,metaspace   ] GC(520) Metaspace: 31726K(32816K)->31726K(32816K) NonClass: 27948K(28592K)->27948K(28592K) Class: 3778K(4224K)->3778K(4224K)
[196.966s][info][gc             ] GC(520) Pause Young (Allocation Failure) 980M->543M(1954M) 62.431ms
[196.966s][info][gc,cpu         ] GC(520) User=0.38s Sys=0.00s Real=0.06s
[197.112s][info][gc,start       ] GC(521) Pause Young (Allocation Failure)
[197.180s][info][gc,heap        ] GC(521) PSYoungGen: 584416K->70144K(604160K)
[197.180s][info][gc,heap        ] GC(521) PSOldGen: 481748K->539068K(1398272K)
[197.180s][info][gc,metaspace   ] GC(521) Metaspace: 31726K(32816K)->31726K(32816K) NonClass: 27948K(28592K)->27948K(28592K) Class: 3778K(4224K)->3778K(4224K)
[197.180s][info][gc             ] GC(521) Pause Young (Allocation Failure) 1041M->594M(1955M) 68.425ms
[197.180s][info][gc,cpu         ] GC(521) User=0.44s Sys=0.03s Real=0.07s
[197.681s][info][gc,start       ] GC(522) Pause Young (Allocation Failure)
[197.737s][info][gc,heap        ] GC(522) PSYoungGen: 579584K->58880K(606720K)
[197.737s][info][gc,heap        ] GC(522) PSOldGen: 539068K->569836K(1398272K)
[197.737s][info][gc,metaspace   ] GC(522) Metaspace: 31727K(32816K)->31727K(32816K) NonClass: 27949K(28592K)->27949K(28592K) Class: 3778K(4224K)->3778K(4224K)
[197.737s][info][gc             ] GC(522) Pause Young (Allocation Failure) 1092M->613M(1958M) 56.527ms
[197.737s][info][gc,cpu         ] GC(522) User=0.28s Sys=0.00s Real=0.06s
[197.875s][info][gc,start       ] GC(523) Pause Young (Allocation Failure)
[197.939s][info][gc,heap        ] GC(523) PSYoungGen: 571904K->71680K(605184K)
[197.939s][info][gc,heap        ] GC(523) PSOldGen: 569836K->615637K(1398272K)
[197.939s][info][gc,metaspace   ] GC(523) Metaspace: 31727K(32816K)->31727K(32816K) NonClass: 27949K(28592K)->27949K(28592K) Class: 3778K(4224K)->3778K(4224K)
[197.939s][info][gc             ] GC(523) Pause Young (Allocation Failure) 1114M->671M(1956M) 63.392ms
[197.939s][info][gc,cpu         ] GC(523) User=0.38s Sys=0.00s Real=0.06s
[198.165s][info][gc,start       ] GC(524) Pause Young (Allocation Failure)
[198.240s][info][gc,heap        ] GC(524) PSYoungGen: 584704K->64672K(609792K)
[198.240s][info][gc,heap        ] GC(524) PSOldGen: 615637K->661621K(1398272K)
[198.240s][info][gc,metaspace   ] GC(524) Metaspace: 31727K(32816K)->31727K(32816K) NonClass: 27949K(28592K)->27949K(28592K) Class: 3778K(4224K)->3778K(4224K)
[198.240s][info][gc             ] GC(524) Pause Young (Allocation Failure) 1172M->709M(1961M) 75.217ms
[198.240s][info][gc,cpu         ] GC(524) User=0.34s Sys=0.00s Real=0.08s
[198.864s][info][gc,start       ] GC(525) Pause Young (Allocation Failure)
[198.931s][info][gc,heap        ] GC(525) PSYoungGen: 582304K->61248K(606720K)
[198.931s][info][gc,heap        ] GC(525) PSOldGen: 661621K->692653K(1398272K)
[198.931s][info][gc,metaspace   ] GC(525) Metaspace: 31727K(32816K)->31727K(32816K) NonClass: 27949K(28592K)->27949K(28592K) Class: 3778K(4224K)->3778K(4224K)
[198.931s][info][gc             ] GC(525) Pause Young (Allocation Failure) 1214M->736M(1958M) 67.256ms
[198.931s][info][gc,cpu         ] GC(525) User=0.47s Sys=0.00s Real=0.07s
[199.072s][info][gc,start       ] GC(526) Pause Young (Allocation Failure)
[199.137s][info][gc,heap        ] GC(526) PSYoungGen: 578880K->76320K(607232K)
[199.137s][info][gc,heap        ] GC(526) PSOldGen: 692653K->737569K(1398272K)
[199.137s][info][gc,metaspace   ] GC(526) Metaspace: 31727K(32816K)->31727K(32816K) NonClass: 27949K(28592K)->27949K(28592K) Class: 3778K(4224K)->3778K(4224K)
[199.137s][info][gc             ] GC(526) Pause Young (Allocation Failure) 1241M->794M(1958M) 64.262ms
[199.137s][info][gc,cpu         ] GC(526) User=0.38s Sys=0.00s Real=0.06s
[199.497s][info][gc,start       ] GC(527) Pause Young (Allocation Failure)
[199.560s][info][gc,heap        ] GC(527) PSYoungGen: 596000K->58144K(609280K)
[199.560s][info][gc,heap        ] GC(527) PSOldGen: 737569K->774057K(1398272K)
[199.560s][info][gc,metaspace   ] GC(527) Metaspace: 31727K(32816K)->31727K(32816K) NonClass: 27949K(28592K)->27949K(28592K) Class: 3778K(4224K)->3778K(4224K)
[199.560s][info][gc             ] GC(527) Pause Young (Allocation Failure) 1302M->812M(1960M) 62.693ms
[199.560s][info][gc,cpu         ] GC(527) User=0.38s Sys=0.00s Real=0.06s
[199.973s][info][gc,start       ] GC(528) Pause Young (Allocation Failure)
[200.034s][info][gc,heap        ] GC(528) PSYoungGen: 577824K->69824K(610816K)
[200.035s][info][gc,heap        ] GC(528) PSOldGen: 774057K->806449K(1398272K)
[200.035s][info][gc,metaspace   ] GC(528) Metaspace: 31727K(32816K)->31727K(32816K) NonClass: 27949K(28592K)->27949K(28592K) Class: 3778K(4224K)->3778K(4224K)
[200.035s][info][gc             ] GC(528) Pause Young (Allocation Failure) 1320M->855M(1962M) 61.724ms
[200.035s][info][gc,cpu         ] GC(528) User=0.38s Sys=0.00s Real=0.06s
[200.182s][info][gc,start       ] GC(529) Pause Young (Allocation Failure)
[200.253s][info][gc,heap        ] GC(529) PSYoungGen: 592064K->77504K(600064K)
[200.253s][info][gc,heap        ] GC(529) PSOldGen: 806449K->858338K(1398272K)
[200.253s][info][gc,metaspace   ] GC(529) Metaspace: 31727K(32816K)->31727K(32816K) NonClass: 27949K(28592K)->27949K(28592K) Class: 3778K(4224K)->3778K(4224K)
[200.253s][info][gc             ] GC(529) Pause Young (Allocation Failure) 1365M->913M(1951M) 70.296ms
[200.253s][info][gc,cpu         ] GC(529) User=0.34s Sys=0.00s Real=0.07s
[200.819s][info][gc,start       ] GC(530) Pause Young (Allocation Failure)
[200.872s][info][gc,heap        ] GC(530) PSYoungGen: 599744K->43072K(604672K)
[200.872s][info][gc,heap        ] GC(530) PSOldGen: 858338K->891402K(1398272K)
[200.872s][info][gc,metaspace   ] GC(530) Metaspace: 31727K(32816K)->31727K(32816K) NonClass: 27949K(28592K)->27949K(28592K) Class: 3778K(4224K)->3778K(4224K)
[200.872s][info][gc             ] GC(530) Pause Young (Allocation Failure) 1423M->912M(1956M) 52.747ms
[200.872s][info][gc,cpu         ] GC(530) User=0.38s Sys=0.00s Real=0.05s
[201.006s][info][gc,start       ] GC(531) Pause Young (Allocation Failure)
[201.066s][info][gc,heap        ] GC(531) PSYoungGen: 557632K->65664K(606720K)
[201.066s][info][gc,heap        ] GC(531) PSOldGen: 891402K->930974K(1398272K)
[201.066s][info][gc,metaspace   ] GC(531) Metaspace: 31727K(32816K)->31727K(32816K) NonClass: 27949K(28592K)->27949K(28592K) Class: 3778K(4224K)->3778K(4224K)
[201.066s][info][gc             ] GC(531) Pause Young (Allocation Failure) 1415M->973M(1958M) 60.400ms
[201.066s][info][gc,cpu         ] GC(531) User=0.34s Sys=0.02s Real=0.06s
[201.200s][info][gc,start       ] GC(532) Pause Young (Allocation Failure)
[201.270s][info][gc,heap        ] GC(532) PSYoungGen: 580224K->71616K(609280K)
[201.270s][info][gc,heap        ] GC(532) PSOldGen: 930974K->983350K(1398272K)
[201.270s][info][gc,metaspace   ] GC(532) Metaspace: 31727K(32816K)->31727K(32816K) NonClass: 27949K(28592K)->27949K(28592K) Class: 3778K(4224K)->3778K(4224K)
[201.270s][info][gc             ] GC(532) Pause Young (Allocation Failure) 1475M->1030M(1960M) 69.817ms
[201.270s][info][gc,cpu         ] GC(532) User=0.36s Sys=0.00s Real=0.07s
[201.978s][info][gc,start       ] GC(533) Pause Young (Allocation Failure)
[202.033s][info][gc,heap        ] GC(533) PSYoungGen: 591296K->51968K(609280K)
[202.033s][info][gc,heap        ] GC(533) PSOldGen: 983350K->1014206K(1398272K)
[202.033s][info][gc,metaspace   ] GC(533) Metaspace: 31727K(32816K)->31727K(32816K) NonClass: 27949K(28592K)->27949K(28592K) Class: 3778K(4224K)->3778K(4224K)
[202.033s][info][gc             ] GC(533) Pause Young (Allocation Failure) 1537M->1041M(1960M) 54.403ms
[202.033s][info][gc,cpu         ] GC(533) User=0.28s Sys=0.00s Real=0.05s
[202.205s][info][gc,start       ] GC(534) Pause Young (Allocation Failure)
[202.275s][info][gc,heap        ] GC(534) PSYoungGen: 571648K->78496K(603136K)
[202.275s][info][gc,heap        ] GC(534) PSOldGen: 1014206K->1055371K(1398272K)
[202.275s][info][gc,metaspace   ] GC(534) Metaspace: 31727K(32816K)->31727K(32816K) NonClass: 27949K(28592K)->27949K(28592K) Class: 3778K(4224K)->3778K(4224K)
[202.275s][info][gc             ] GC(534) Pause Young (Allocation Failure) 1548M->1107M(1954M) 69.693ms
[202.275s][info][gc,cpu         ] GC(534) User=0.39s Sys=0.00s Real=0.07s
[202.427s][info][gc,start       ] GC(535) Pause Young (Allocation Failure)
[202.501s][info][gc,heap        ] GC(535) PSYoungGen: 592032K->74464K(588288K)
[202.501s][info][gc,heap        ] GC(535) PSOldGen: 1055371K->1114187K(1398272K)
[202.501s][info][gc,metaspace   ] GC(535) Metaspace: 31727K(32816K)->31727K(32816K) NonClass: 27949K(28592K)->27949K(28592K) Class: 3778K(4224K)->3778K(4224K)
[202.501s][info][gc             ] GC(535) Pause Young (Allocation Failure) 1608M->1160M(1940M) 73.597ms
[202.501s][info][gc,cpu         ] GC(535) User=0.45s Sys=0.00s Real=0.07s
[203.007s][info][gc,start       ] GC(536) Pause Young (Allocation Failure)
[203.068s][info][gc,heap        ] GC(536) PSYoungGen: 588000K->61472K(607744K)
[203.068s][info][gc,heap        ] GC(536) PSOldGen: 1114187K->1146003K(1398272K)
[203.068s][info][gc,metaspace   ] GC(536) Metaspace: 31727K(32816K)->31727K(32816K) NonClass: 27949K(28592K)->27949K(28592K) Class: 3778K(4224K)->3778K(4224K)
[203.068s][info][gc             ] GC(536) Pause Young (Allocation Failure) 1662M->1179M(1959M) 61.161ms
[203.068s][info][gc,cpu         ] GC(536) User=0.38s Sys=0.00s Real=0.06s
[203.207s][info][gc,start       ] GC(537) Pause Young (Allocation Failure)
[203.279s][info][gc,heap        ] GC(537) PSYoungGen: 576032K->73824K(605696K)
[203.279s][info][gc,heap        ] GC(537) PSOldGen: 1146003K->1192795K(1398272K)
[203.279s][info][gc,metaspace   ] GC(537) Metaspace: 31727K(32816K)->31727K(32816K) NonClass: 27949K(28592K)->27949K(28592K) Class: 3778K(4224K)->3778K(4224K)
[203.279s][info][gc             ] GC(537) Pause Young (Allocation Failure) 1681M->1236M(1957M) 71.949ms
[203.279s][info][gc,cpu         ] GC(537) User=0.41s Sys=0.00s Real=0.07s
[203.564s][info][gc,start       ] GC(538) Pause Young (Allocation Failure)
[203.628s][info][gc,heap        ] GC(538) PSYoungGen: 588384K->61568K(608768K)
[203.628s][info][gc,heap        ] GC(538) PSOldGen: 1192795K->1226291K(1398272K)
[203.628s][info][gc,metaspace   ] GC(538) Metaspace: 31727K(32816K)->31727K(32816K) NonClass: 27949K(28592K)->27949K(28592K) Class: 3778K(4224K)->3778K(4224K)
[203.628s][info][gc             ] GC(538) Pause Young (Allocation Failure) 1739M->1257M(1960M) 64.399ms
[203.628s][info][gc,cpu         ] GC(538) User=0.38s Sys=0.00s Real=0.07s
[203.915s][info][gc,start       ] GC(539) Pause Young (System.gc())
[203.948s][info][gc,heap        ] GC(539) PSYoungGen: 166187K->8800K(525312K)
[203.948s][info][gc,heap        ] GC(539) PSOldGen: 1226291K->1262475K(1398272K)
[203.948s][info][gc,metaspace   ] GC(539) Metaspace: 31727K(32816K)->31727K(32816K) NonClass: 27949K(28592K)->27949K(28592K) Class: 3778K(4224K)->3778K(4224K)
[203.948s][info][gc             ] GC(539) Pause Young (System.gc()) 1359M->1241M(1878M) 33.081ms
[203.948s][info][gc,cpu         ] GC(539) User=0.19s Sys=0.00s Real=0.05s
[203.948s][info][gc,start       ] GC(540) Pause Full (System.gc())
[203.948s][info][gc,phases,start] GC(540) Phase 1: Mark live objects
[204.064s][info][gc,phases      ] GC(540) Phase 1: Mark live objects 115.938ms
[204.064s][info][gc,phases,start] GC(540) Phase 2: Compute new object addresses
[204.241s][info][gc,phases      ] GC(540) Phase 2: Compute new object addresses 177.089ms
[204.241s][info][gc,phases,start] GC(540) Phase 3: Adjust pointers
[204.322s][info][gc,phases      ] GC(540) Phase 3: Adjust pointers 80.826ms
[204.322s][info][gc,phases,start] GC(540) Phase 4: Move objects
[204.345s][info][gc,phases      ] GC(540) Phase 4: Move objects 22.695ms
[204.345s][info][gc,heap        ] GC(540) PSYoungGen: 8800K->0K(525312K)
[204.346s][info][gc,heap        ] GC(540) PSOldGen: 1262475K->104228K(1398272K)
[204.346s][info][gc,metaspace   ] GC(540) Metaspace: 31727K(32816K)->31727K(32816K) NonClass: 27949K(28592K)->27949K(28592K) Class: 3778K(4224K)->3778K(4224K)
[204.346s][info][gc             ] GC(540) Pause Full (System.gc()) 1241M->101M(1878M) 397.367ms
[204.346s][info][gc,cpu         ] GC(540) User=0.39s Sys=0.00s Real=0.40s
[204.567s][info][gc,start       ] GC(541) Pause Young (Allocation Failure)
[204.608s][info][gc,heap        ] GC(541) PSYoungGen: 516096K->76832K(596480K)
[204.608s][info][gc,heap        ] GC(541) PSOldGen: 104228K->104228K(1398272K)
[204.608s][info][gc,metaspace   ] GC(541) Metaspace: 31729K(32816K)->31729K(32816K) NonClass: 27951K(28592K)->27951K(28592K) Class: 3778K(4224K)->3778K(4224K)
[204.609s][info][gc             ] GC(541) Pause Young (Allocation Failure) 605M->176M(1948M) 41.474ms
[204.609s][info][gc,cpu         ] GC(541) User=0.28s Sys=0.00s Real=0.04s
[204.755s][info][gc,start       ] GC(542) Pause Young (Allocation Failure)
[204.834s][info][gc,heap        ] GC(542) PSYoungGen: 576032K->78848K(578048K)
[204.834s][info][gc,heap        ] GC(542) PSOldGen: 104228K->162264K(1398272K)
[204.834s][info][gc,metaspace   ] GC(542) Metaspace: 31729K(32816K)->31729K(32816K) NonClass: 27951K(28592K)->27951K(28592K) Class: 3778K(4224K)->3778K(4224K)
[204.834s][info][gc             ] GC(542) Pause Young (Allocation Failure) 664M->235M(1930M) 78.957ms
[204.834s][info][gc,cpu         ] GC(542) User=0.47s Sys=0.00s Real=0.08s
[205.487s][info][gc,start       ] GC(543) Pause Young (Allocation Failure)
[205.544s][info][gc,heap        ] GC(543) PSYoungGen: 578048K->53504K(598528K)
[205.544s][info][gc,heap        ] GC(543) PSOldGen: 162264K->194640K(1398272K)
[205.544s][info][gc,metaspace   ] GC(543) Metaspace: 31729K(32816K)->31729K(32816K) NonClass: 27951K(28592K)->27951K(28592K) Class: 3778K(4224K)->3778K(4224K)
[205.544s][info][gc             ] GC(543) Pause Young (Allocation Failure) 722M->242M(1950M) 57.780ms
[205.544s][info][gc,cpu         ] GC(543) User=0.38s Sys=0.00s Real=0.06s
[205.682s][info][gc,start       ] GC(544) Pause Young (Allocation Failure)
[205.751s][info][gc,heap        ] GC(544) PSYoungGen: 549632K->73888K(596480K)
[205.751s][info][gc,heap        ] GC(544) PSOldGen: 194640K->235796K(1398272K)
[205.751s][info][gc,metaspace   ] GC(544) Metaspace: 31729K(32816K)->31729K(32816K) NonClass: 27951K(28592K)->27951K(28592K) Class: 3778K(4224K)->3778K(4224K)
[205.751s][info][gc             ] GC(544) Pause Young (Allocation Failure) 726M->302M(1948M) 69.339ms
[205.751s][info][gc,cpu         ] GC(544) User=0.38s Sys=0.00s Real=0.07s
[205.904s][info][gc,start       ] GC(545) Pause Young (Allocation Failure)
[205.980s][info][gc,heap        ] GC(545) PSYoungGen: 570016K->76672K(595968K)
[205.980s][info][gc,heap        ] GC(545) PSOldGen: 235796K->287820K(1398272K)
[205.980s][info][gc,metaspace   ] GC(545) Metaspace: 31729K(32816K)->31729K(32816K) NonClass: 27951K(28592K)->27951K(28592K) Class: 3778K(4224K)->3778K(4224K)
[205.980s][info][gc             ] GC(545) Pause Young (Allocation Failure) 786M->355M(1947M) 75.875ms
[205.980s][info][gc,cpu         ] GC(545) User=0.47s Sys=0.00s Real=0.07s
[206.566s][info][gc,start       ] GC(546) Pause Young (Allocation Failure)
[206.631s][info][gc,heap        ] GC(546) PSYoungGen: 571776K->60608K(596992K)
[206.631s][info][gc,heap        ] GC(546) PSOldGen: 287820K->319252K(1398272K)
[206.631s][info][gc,metaspace   ] GC(546) Metaspace: 31729K(32816K)->31729K(32816K) NonClass: 27951K(28592K)->27951K(28592K) Class: 3778K(4224K)->3778K(4224K)
[206.631s][info][gc             ] GC(546) Pause Young (Allocation Failure) 839M->370M(1948M) 65.130ms
[206.631s][info][gc,cpu         ] GC(546) User=0.38s Sys=0.00s Real=0.08s
[206.787s][info][gc,start       ] GC(547) Pause Young (Allocation Failure)
[206.853s][info][gc,heap        ] GC(547) PSYoungGen: 555712K->79968K(594944K)
[206.853s][info][gc,heap        ] GC(547) PSOldGen: 319252K->362469K(1398272K)
[206.853s][info][gc,metaspace   ] GC(547) Metaspace: 31729K(32816K)->31729K(32816K) NonClass: 27951K(28592K)->27951K(28592K) Class: 3778K(4224K)->3778K(4224K)
[206.853s][info][gc             ] GC(547) Pause Young (Allocation Failure) 854M->432M(1946M) 65.652ms
[206.853s][info][gc,cpu         ] GC(547) User=0.47s Sys=0.00s Real=0.07s
[207.073s][info][gc,start       ] GC(548) Pause Young (Allocation Failure)
[207.137s][info][gc,heap        ] GC(548) PSYoungGen: 576096K->60288K(597504K)
[207.137s][info][gc,heap        ] GC(548) PSOldGen: 362469K->397381K(1398272K)
[207.137s][info][gc,metaspace   ] GC(548) Metaspace: 31729K(32816K)->31729K(32816K) NonClass: 27951K(28592K)->27951K(28592K) Class: 3778K(4224K)->3778K(4224K)
[207.138s][info][gc             ] GC(548) Pause Young (Allocation Failure) 916M->446M(1949M) 64.032ms
[207.138s][info][gc,cpu         ] GC(548) User=0.38s Sys=0.00s Real=0.08s
[207.530s][info][gc,start       ] GC(549) Pause Young (Allocation Failure)
[207.582s][info][gc,heap        ] GC(549) PSYoungGen: 556416K->57728K(602112K)
[207.582s][info][gc,heap        ] GC(549) PSOldGen: 397381K->431693K(1398272K)
[207.582s][info][gc,metaspace   ] GC(549) Metaspace: 31729K(32816K)->31729K(32816K) NonClass: 27951K(28592K)->27951K(28592K) Class: 3778K(4224K)->3778K(4224K)
[207.582s][info][gc             ] GC(549) Pause Young (Allocation Failure) 931M->477M(1953M) 52.508ms
[207.582s][info][gc,cpu         ] GC(549) User=0.28s Sys=0.00s Real=0.05s
[207.709s][info][gc,start       ] GC(550) Pause Young (Allocation Failure)
[207.768s][info][gc,heap        ] GC(550) PSYoungGen: 561024K->66592K(600064K)
[207.768s][info][gc,heap        ] GC(550) PSOldGen: 431693K->478725K(1398272K)
[207.768s][info][gc,metaspace   ] GC(550) Metaspace: 31729K(32816K)->31729K(32816K) NonClass: 27951K(28592K)->27951K(28592K) Class: 3778K(4224K)->3778K(4224K)
[207.768s][info][gc             ] GC(550) Pause Young (Allocation Failure) 969M->532M(1951M) 58.808ms
[207.768s][info][gc,cpu         ] GC(550) User=0.36s Sys=0.02s Real=0.06s
[208.115s][info][gc,start       ] GC(551) Pause Young (Allocation Failure)
[208.173s][info][gc,heap        ] GC(551) PSYoungGen: 569888K->58944K(606720K)
[208.173s][info][gc,heap        ] GC(551) PSOldGen: 478725K->508917K(1398272K)
[208.173s][info][gc,metaspace   ] GC(551) Metaspace: 31729K(32816K)->31729K(32816K) NonClass: 27951K(28592K)->27951K(28592K) Class: 3778K(4224K)->3778K(4224K)
[208.173s][info][gc             ] GC(551) Pause Young (Allocation Failure) 1024M->554M(1958M) 57.697ms
[208.173s][info][gc,cpu         ] GC(551) User=0.36s Sys=0.02s Real=0.06s
[208.592s][info][gc,start       ] GC(552) Pause Young (Allocation Failure)
[208.654s][info][gc,heap        ] GC(552) PSYoungGen: 571456K->72512K(604672K)
[208.654s][info][gc,heap        ] GC(552) PSOldGen: 508917K->543701K(1398272K)
[208.654s][info][gc,metaspace   ] GC(552) Metaspace: 31729K(32816K)->31729K(32816K) NonClass: 27951K(28592K)->27951K(28592K) Class: 3778K(4224K)->3778K(4224K)
[208.654s][info][gc             ] GC(552) Pause Young (Allocation Failure) 1055M->601M(1956M) 61.248ms
[208.654s][info][gc,cpu         ] GC(552) User=0.38s Sys=0.00s Real=0.07s
[208.797s][info][gc,start       ] GC(553) Pause Young (Allocation Failure)
[208.869s][info][gc,heap        ] GC(553) PSYoungGen: 585024K->77248K(603136K)
[208.869s][info][gc,heap        ] GC(553) PSOldGen: 543701K->600478K(1398272K)
[208.869s][info][gc,metaspace   ] GC(553) Metaspace: 31729K(32816K)->31729K(32816K) NonClass: 27951K(28592K)->27951K(28592K) Class: 3778K(4224K)->3778K(4224K)
[208.869s][info][gc             ] GC(553) Pause Young (Allocation Failure) 1102M->661M(1954M) 72.015ms
[208.869s][info][gc,cpu         ] GC(553) User=0.45s Sys=0.00s Real=0.07s
[209.570s][info][gc,start       ] GC(554) Pause Young (Allocation Failure)
[209.625s][info][gc,heap        ] GC(554) PSYoungGen: 587712K->45248K(556032K)
[209.625s][info][gc,heap        ] GC(554) PSOldGen: 600478K->632846K(1398272K)
[209.625s][info][gc,metaspace   ] GC(554) Metaspace: 31729K(32816K)->31729K(32816K) NonClass: 27951K(28592K)->27951K(28592K) Class: 3778K(4224K)->3778K(4224K)
[209.625s][info][gc             ] GC(554) Pause Young (Allocation Failure) 1160M->662M(1908M) 55.036ms
[209.625s][info][gc,cpu         ] GC(554) User=0.34s Sys=0.00s Real=0.06s
[209.767s][info][gc,start       ] GC(555) Pause Young (Allocation Failure)
[209.830s][info][gc,heap        ] GC(555) PSYoungGen: 555712K->70752K(604160K)
[209.830s][info][gc,heap        ] GC(555) PSOldGen: 632846K->671266K(1398272K)
[209.830s][info][gc,metaspace   ] GC(555) Metaspace: 31729K(32816K)->31729K(32816K) NonClass: 27951K(28592K)->27951K(28592K) Class: 3778K(4224K)->3778K(4224K)
[209.830s][info][gc             ] GC(555) Pause Young (Allocation Failure) 1160M->724M(1955M) 63.366ms
[209.830s][info][gc,cpu         ] GC(555) User=0.38s Sys=0.00s Real=0.06s
[209.965s][info][gc,start       ] GC(556) Pause Young (Allocation Failure)
[210.040s][info][gc,heap        ] GC(556) PSYoungGen: 579680K->70464K(603648K)
[210.040s][info][gc,heap        ] GC(556) PSOldGen: 671266K->728034K(1398272K)
[210.040s][info][gc,metaspace   ] GC(556) Metaspace: 31729K(32816K)->31729K(32816K) NonClass: 27951K(28592K)->27951K(28592K) Class: 3778K(4224K)->3778K(4224K)
[210.040s][info][gc             ] GC(556) Pause Young (Allocation Failure) 1221M->779M(1955M) 74.839ms
[210.040s][info][gc,cpu         ] GC(556) User=0.47s Sys=0.00s Real=0.07s
[210.631s][info][gc,start       ] GC(557) Pause Young (Allocation Failure)
[210.690s][info][gc,heap        ] GC(557) PSYoungGen: 579392K->50848K(605696K)
[210.690s][info][gc,heap        ] GC(557) PSOldGen: 728034K->758186K(1398272K)
[210.690s][info][gc,metaspace   ] GC(557) Metaspace: 31729K(32816K)->31729K(32816K) NonClass: 27951K(28592K)->27951K(28592K) Class: 3778K(4224K)->3778K(4224K)
[210.690s][info][gc             ] GC(557) Pause Young (Allocation Failure) 1276M->790M(1957M) 58.747ms
[210.690s][info][gc,cpu         ] GC(557) User=0.36s Sys=0.00s Real=0.06s
[210.832s][info][gc,start       ] GC(558) Pause Young (Allocation Failure)
[210.894s][info][gc,heap        ] GC(558) PSYoungGen: 562848K->71040K(605184K)
[210.894s][info][gc,heap        ] GC(558) PSOldGen: 758186K->799695K(1398272K)
[210.894s][info][gc,metaspace   ] GC(558) Metaspace: 31729K(32816K)->31729K(32816K) NonClass: 27951K(28592K)->27951K(28592K) Class: 3778K(4224K)->3778K(4224K)
[210.894s][info][gc             ] GC(558) Pause Young (Allocation Failure) 1290M->850M(1956M) 61.514ms
[210.894s][info][gc,cpu         ] GC(558) User=0.38s Sys=0.00s Real=0.06s
[211.023s][info][gc,start       ] GC(559) Pause Young (Allocation Failure)
[211.097s][info][gc,heap        ] GC(559) PSYoungGen: 583040K->66304K(608256K)
[211.097s][info][gc,heap        ] GC(559) PSOldGen: 799695K->861063K(1398272K)
[211.097s][info][gc,metaspace   ] GC(559) Metaspace: 31729K(32816K)->31729K(32816K) NonClass: 27951K(28592K)->27951K(28592K) Class: 3778K(4224K)->3778K(4224K)
[211.097s][info][gc             ] GC(559) Pause Young (Allocation Failure) 1350M->905M(1959M) 74.419ms
[211.097s][info][gc,cpu         ] GC(559) User=0.47s Sys=0.00s Real=0.08s
[211.755s][info][gc,start       ] GC(560) Pause Young (Allocation Failure)
[211.812s][info][gc,heap        ] GC(560) PSYoungGen: 581376K->58816K(605696K)
[211.812s][info][gc,heap        ] GC(560) PSOldGen: 861063K->890527K(1398272K)
[211.812s][info][gc,metaspace   ] GC(560) Metaspace: 31735K(32816K)->31735K(32816K) NonClass: 27957K(28592K)->27957K(28592K) Class: 3778K(4224K)->3778K(4224K)
[211.812s][info][gc             ] GC(560) Pause Young (Allocation Failure) 1408M->927M(1957M) 56.975ms
[211.812s][info][gc,cpu         ] GC(560) User=0.36s Sys=0.00s Real=0.06s
[211.955s][info][gc,start       ] GC(561) Pause Young (Allocation Failure)
[212.024s][info][gc,heap        ] GC(561) PSYoungGen: 573888K->77792K(604672K)
[212.024s][info][gc,heap        ] GC(561) PSOldGen: 890527K->934443K(1398272K)
[212.024s][info][gc,metaspace   ] GC(561) Metaspace: 31735K(32816K)->31735K(32816K) NonClass: 27957K(28592K)->27957K(28592K) Class: 3778K(4224K)->3778K(4224K)
[212.024s][info][gc             ] GC(561) Pause Young (Allocation Failure) 1430M->988M(1956M) 68.425ms
[212.024s][info][gc,cpu         ] GC(561) User=0.38s Sys=0.00s Real=0.07s
[212.253s][info][gc,start       ] GC(562) Pause Young (Allocation Failure)
[212.326s][info][gc,heap        ] GC(562) PSYoungGen: 593376K->66912K(607232K)
[212.326s][info][gc,heap        ] GC(562) PSOldGen: 934443K->974275K(1398272K)
[212.326s][info][gc,metaspace   ] GC(562) Metaspace: 31735K(32816K)->31735K(32816K) NonClass: 27957K(28592K)->27957K(28592K) Class: 3778K(4224K)->3778K(4224K)
[212.326s][info][gc             ] GC(562) Pause Young (Allocation Failure) 1492M->1016M(1958M) 72.560ms
[212.326s][info][gc,cpu         ] GC(562) User=0.42s Sys=0.00s Real=0.08s
[212.924s][info][gc,start       ] GC(563) Pause Young (Allocation Failure)
[212.987s][info][gc,heap        ] GC(563) PSYoungGen: 582496K->69472K(610304K)
[212.987s][info][gc,heap        ] GC(563) PSOldGen: 974275K->1008371K(1398272K)
[212.987s][info][gc,metaspace   ] GC(563) Metaspace: 31735K(32816K)->31735K(32816K) NonClass: 27957K(28592K)->27957K(28592K) Class: 3778K(4224K)->3778K(4224K)
[212.987s][info][gc             ] GC(563) Pause Young (Allocation Failure) 1520M->1052M(1961M) 62.949ms
[212.987s][info][gc,cpu         ] GC(563) User=0.38s Sys=0.00s Real=0.07s
[213.143s][info][gc,start       ] GC(564) Pause Young (Allocation Failure)
[213.213s][info][gc,heap        ] GC(564) PSYoungGen: 590176K->81856K(602624K)
[213.213s][info][gc,heap        ] GC(564) PSOldGen: 1008371K->1058895K(1398272K)
[213.213s][info][gc,metaspace   ] GC(564) Metaspace: 31735K(32816K)->31735K(32816K) NonClass: 27957K(28592K)->27957K(28592K) Class: 3778K(4224K)->3778K(4224K)
[213.213s][info][gc             ] GC(564) Pause Young (Allocation Failure) 1561M->1114M(1954M) 70.232ms
[213.213s][info][gc,cpu         ] GC(564) User=0.47s Sys=0.00s Real=0.07s
[213.945s][info][gc,start       ] GC(565) Pause Young (Allocation Failure)
[213.998s][info][gc,heap        ] GC(565) PSYoungGen: 602560K->41536K(602624K)
[213.998s][info][gc,heap        ] GC(565) PSOldGen: 1058895K->1092751K(1398272K)
[213.998s][info][gc,metaspace   ] GC(565) Metaspace: 31735K(32816K)->31735K(32816K) NonClass: 27957K(28592K)->27957K(28592K) Class: 3778K(4224K)->3778K(4224K)
[213.998s][info][gc             ] GC(565) Pause Young (Allocation Failure) 1622M->1107M(1954M) 53.327ms
[213.998s][info][gc,cpu         ] GC(565) User=0.38s Sys=0.00s Real=0.06s
[214.155s][info][gc,start       ] GC(566) Pause Young (Allocation Failure)
[214.222s][info][gc,heap        ] GC(566) PSYoungGen: 552000K->75040K(585728K)
[214.223s][info][gc,heap        ] GC(566) PSOldGen: 1092751K->1129772K(1398272K)
[214.223s][info][gc,metaspace   ] GC(566) Metaspace: 31735K(32816K)->31735K(32816K) NonClass: 27957K(28592K)->27957K(28592K) Class: 3778K(4224K)->3778K(4224K)
[214.223s][info][gc             ] GC(566) Pause Young (Allocation Failure) 1606M->1176M(1937M) 67.273ms
[214.223s][info][gc,cpu         ] GC(566) User=0.36s Sys=0.00s Real=0.07s
[214.366s][info][gc,start       ] GC(567) Pause Young (Allocation Failure)
[214.448s][info][gc,heap        ] GC(567) PSYoungGen: 585504K->77856K(600576K)
[214.448s][info][gc,heap        ] GC(567) PSOldGen: 1129772K->1187692K(1398272K)
[214.448s][info][gc,metaspace   ] GC(567) Metaspace: 31735K(32816K)->31735K(32816K) NonClass: 27957K(28592K)->27957K(28592K) Class: 3778K(4224K)->3778K(4224K)
[214.448s][info][gc             ] GC(567) Pause Young (Allocation Failure) 1675M->1235M(1952M) 82.205ms
[214.448s][info][gc,cpu         ] GC(567) User=0.47s Sys=0.00s Real=0.08s
[214.859s][info][gc,start       ] GC(568) Pause Young (System.gc())
[214.913s][info][gc,heap        ] GC(568) PSYoungGen: 410668K->26848K(532480K)
[214.913s][info][gc,heap        ] GC(568) PSOldGen: 1187692K->1220516K(1398272K)
[214.913s][info][gc,metaspace   ] GC(568) Metaspace: 31737K(32816K)->31737K(32816K) NonClass: 27959K(28592K)->27959K(28592K) Class: 3778K(4224K)->3778K(4224K)
[214.913s][info][gc             ] GC(568) Pause Young (System.gc()) 1560M->1218M(1885M) 54.320ms
[214.913s][info][gc,cpu         ] GC(568) User=0.25s Sys=0.03s Real=0.06s
[214.913s][info][gc,start       ] GC(569) Pause Full (System.gc())
[214.913s][info][gc,phases,start] GC(569) Phase 1: Mark live objects
[215.033s][info][gc,phases      ] GC(569) Phase 1: Mark live objects 119.764ms
[215.033s][info][gc,phases,start] GC(569) Phase 2: Compute new object addresses
[215.207s][info][gc,phases      ] GC(569) Phase 2: Compute new object addresses 173.942ms
[215.207s][info][gc,phases,start] GC(569) Phase 3: Adjust pointers
[215.289s][info][gc,phases      ] GC(569) Phase 3: Adjust pointers 81.779ms
[215.289s][info][gc,phases,start] GC(569) Phase 4: Move objects
[215.312s][info][gc,phases      ] GC(569) Phase 4: Move objects 22.744ms
[215.312s][info][gc,heap        ] GC(569) PSYoungGen: 26848K->0K(532480K)
[215.312s][info][gc,heap        ] GC(569) PSOldGen: 1220516K->125948K(1398272K)
[215.312s][info][gc,metaspace   ] GC(569) Metaspace: 31737K(32816K)->31737K(32816K) NonClass: 27959K(28592K)->27959K(28592K) Class: 3778K(4224K)->3778K(4224K)
[215.312s][info][gc             ] GC(569) Pause Full (System.gc()) 1218M->122M(1885M) 399.132ms
[215.312s][info][gc,cpu         ] GC(569) User=0.39s Sys=0.02s Real=0.39s
[215.460s][info][gc,start       ] GC(570) Pause Young (Allocation Failure)
[215.497s][info][gc,heap        ] GC(570) PSYoungGen: 505344K->68224K(600064K)
[215.497s][info][gc,heap        ] GC(570) PSOldGen: 125948K->125956K(1398272K)
[215.497s][info][gc,metaspace   ] GC(570) Metaspace: 31739K(32816K)->31739K(32816K) NonClass: 27961K(28592K)->27961K(28592K) Class: 3778K(4224K)->3778K(4224K)
[215.497s][info][gc             ] GC(570) Pause Young (Allocation Failure) 616M->189M(1951M) 37.011ms
[215.497s][info][gc,cpu         ] GC(570) User=0.27s Sys=0.00s Real=0.04s
[215.630s][info][gc,start       ] GC(571) Pause Young (Allocation Failure)
[215.693s][info][gc,heap        ] GC(571) PSYoungGen: 567936K->70912K(598528K)
[215.694s][info][gc,heap        ] GC(571) PSOldGen: 125956K->179740K(1398272K)
[215.694s][info][gc,metaspace   ] GC(571) Metaspace: 31739K(32816K)->31739K(32816K) NonClass: 27961K(28592K)->27961K(28592K) Class: 3778K(4224K)->3778K(4224K)
[215.694s][info][gc             ] GC(571) Pause Young (Allocation Failure) 677M->244M(1950M) 63.742ms
[215.694s][info][gc,cpu         ] GC(571) User=0.38s Sys=0.00s Real=0.06s
[216.361s][info][gc,start       ] GC(572) Pause Young (Allocation Failure)
[216.418s][info][gc,heap        ] GC(572) PSYoungGen: 570624K->44096K(601088K)
[216.418s][info][gc,heap        ] GC(572) PSOldGen: 179740K->210004K(1398272K)
[216.418s][info][gc,metaspace   ] GC(572) Metaspace: 31758K(32816K)->31758K(32816K) NonClass: 27980K(28592K)->27980K(28592K) Class: 3778K(4224K)->3778K(4224K)
[216.418s][info][gc             ] GC(572) Pause Young (Allocation Failure) 732M->248M(1952M) 56.904ms
[216.418s][info][gc,cpu         ] GC(572) User=0.36s Sys=0.00s Real=0.06s
[216.559s][info][gc,start       ] GC(573) Pause Young (Allocation Failure)
[216.622s][info][gc,heap        ] GC(573) PSYoungGen: 547392K->68800K(601088K)
[216.622s][info][gc,heap        ] GC(573) PSOldGen: 210004K->248133K(1398272K)
[216.622s][info][gc,metaspace   ] GC(573) Metaspace: 31758K(32816K)->31758K(32816K) NonClass: 27980K(28592K)->27980K(28592K) Class: 3778K(4224K)->3778K(4224K)
[216.622s][info][gc             ] GC(573) Pause Young (Allocation Failure) 739M->309M(1952M) 62.999ms
[216.622s][info][gc,cpu         ] GC(573) User=0.38s Sys=0.00s Real=0.06s
[216.768s][info][gc,start       ] GC(574) Pause Young (Allocation Failure)
[216.844s][info][gc,heap        ] GC(574) PSYoungGen: 572096K->77600K(598016K)
[216.844s][info][gc,heap        ] GC(574) PSOldGen: 248133K->298925K(1398272K)
[216.844s][info][gc,metaspace   ] GC(574) Metaspace: 31758K(32816K)->31758K(32816K) NonClass: 27980K(28592K)->27980K(28592K) Class: 3778K(4224K)->3778K(4224K)
[216.844s][info][gc             ] GC(574) Pause Young (Allocation Failure) 801M->367M(1949M) 76.489ms
[216.844s][info][gc,cpu         ] GC(574) User=0.42s Sys=0.00s Real=0.08s
[217.378s][info][gc,start       ] GC(575) Pause Young (Allocation Failure)
[217.443s][info][gc,heap        ] GC(575) PSYoungGen: 578848K->52864K(600064K)
[217.443s][info][gc,heap        ] GC(575) PSOldGen: 298925K->330701K(1398272K)
[217.443s][info][gc,metaspace   ] GC(575) Metaspace: 31776K(32816K)->31776K(32816K) NonClass: 27998K(28592K)->27998K(28592K) Class: 3778K(4224K)->3778K(4224K)
[217.443s][info][gc             ] GC(575) Pause Young (Allocation Failure) 857M->374M(1951M) 64.816ms
[217.443s][info][gc,cpu         ] GC(575) User=0.36s Sys=0.00s Real=0.06s
[217.573s][info][gc,start       ] GC(576) Pause Young (Allocation Failure)
[217.636s][info][gc,heap        ] GC(576) PSYoungGen: 554112K->70496K(602112K)
[217.636s][info][gc,heap        ] GC(576) PSOldGen: 330701K->372185K(1398272K)
[217.636s][info][gc,metaspace   ] GC(576) Metaspace: 31776K(32816K)->31776K(32816K) NonClass: 27998K(28592K)->27998K(28592K) Class: 3778K(4224K)->3778K(4224K)
[217.636s][info][gc             ] GC(576) Pause Young (Allocation Failure) 864M->432M(1953M) 63.437ms
[217.636s][info][gc,cpu         ] GC(576) User=0.36s Sys=0.02s Real=0.06s
[217.762s][info][gc,start       ] GC(577) Pause Young (Allocation Failure)
[217.842s][info][gc,heap        ] GC(577) PSYoungGen: 575328K->66496K(601600K)
[217.842s][info][gc,heap        ] GC(577) PSOldGen: 372185K->430497K(1398272K)
[217.842s][info][gc,metaspace   ] GC(577) Metaspace: 31776K(32816K)->31776K(32816K) NonClass: 27998K(28592K)->27998K(28592K) Class: 3778K(4224K)->3778K(4224K)
[217.842s][info][gc             ] GC(577) Pause Young (Allocation Failure) 925M->485M(1953M) 79.432ms
[217.842s][info][gc,cpu         ] GC(577) User=0.44s Sys=0.00s Real=0.08s
[218.472s][info][gc,start       ] GC(578) Pause Young (Allocation Failure)
[218.527s][info][gc,heap        ] GC(578) PSYoungGen: 571328K->55008K(605696K)
[218.527s][info][gc,heap        ] GC(578) PSOldGen: 430497K->459385K(1398272K)
[218.527s][info][gc,metaspace   ] GC(578) Metaspace: 31784K(32816K)->31784K(32816K) NonClass: 28006K(28592K)->28006K(28592K) Class: 3778K(4224K)->3778K(4224K)
[218.528s][info][gc             ] GC(578) Pause Young (Allocation Failure) 978M->502M(1957M) 55.152ms
[218.528s][info][gc,cpu         ] GC(578) User=0.38s Sys=0.00s Real=0.06s
[218.670s][info][gc,start       ] GC(579) Pause Young (Allocation Failure)
[218.733s][info][gc,heap        ] GC(579) PSYoungGen: 566496K->74048K(604672K)
[218.733s][info][gc,heap        ] GC(579) PSOldGen: 459385K->501514K(1398272K)
[218.733s][info][gc,metaspace   ] GC(579) Metaspace: 31784K(32816K)->31784K(32816K) NonClass: 28006K(28592K)->28006K(28592K) Class: 3778K(4224K)->3778K(4224K)
[218.733s][info][gc             ] GC(579) Pause Young (Allocation Failure) 1001M->562M(1956M) 63.721ms
[218.733s][info][gc,cpu         ] GC(579) User=0.38s Sys=0.00s Real=0.06s
[218.895s][info][gc,start       ] GC(580) Pause Young (Allocation Failure)
[218.967s][info][gc,heap        ] GC(580) PSYoungGen: 585536K->75840K(602624K)
[218.967s][info][gc,heap        ] GC(580) PSOldGen: 501514K->551946K(1398272K)
[218.967s][info][gc,metaspace   ] GC(580) Metaspace: 31784K(32816K)->31784K(32816K) NonClass: 28006K(28592K)->28006K(28592K) Class: 3778K(4224K)->3778K(4224K)
[218.967s][info][gc             ] GC(580) Pause Young (Allocation Failure) 1061M->613M(1954M) 72.023ms
[218.967s][info][gc,cpu         ] GC(580) User=0.47s Sys=0.00s Real=0.07s
[219.601s][info][gc,start       ] GC(581) Pause Young (Allocation Failure)
[219.659s][info][gc,heap        ] GC(581) PSYoungGen: 584256K->63040K(603648K)
[219.659s][info][gc,heap        ] GC(581) PSOldGen: 551946K->584010K(1398272K)
[219.659s][info][gc,metaspace   ] GC(581) Metaspace: 31787K(32816K)->31787K(32816K) NonClass: 28009K(28592K)->28009K(28592K) Class: 3778K(4224K)->3778K(4224K)
[219.659s][info][gc             ] GC(581) Pause Young (Allocation Failure) 1109M->631M(1955M) 58.193ms
[219.659s][info][gc,cpu         ] GC(581) User=0.36s Sys=0.00s Real=0.06s
[219.799s][info][gc,start       ] GC(582) Pause Young (Allocation Failure)
[219.866s][info][gc,heap        ] GC(582) PSYoungGen: 571456K->76352K(603136K)
[219.866s][info][gc,heap        ] GC(582) PSOldGen: 584010K->631786K(1398272K)
[219.866s][info][gc,metaspace   ] GC(582) Metaspace: 31787K(32816K)->31787K(32816K) NonClass: 28009K(28592K)->28009K(28592K) Class: 3778K(4224K)->3778K(4224K)
[219.866s][info][gc             ] GC(582) Pause Young (Allocation Failure) 1128M->691M(1954M) 67.101ms
[219.866s][info][gc,cpu         ] GC(582) User=0.38s Sys=0.00s Real=0.07s
[220.189s][info][gc,start       ] GC(583) Pause Young (Allocation Failure)
[220.259s][info][gc,heap        ] GC(583) PSYoungGen: 586816K->57152K(604672K)
[220.259s][info][gc,heap        ] GC(583) PSOldGen: 631786K->673970K(1398272K)
[220.259s][info][gc,metaspace   ] GC(583) Metaspace: 31787K(32816K)->31787K(32816K) NonClass: 28009K(28592K)->28009K(28592K) Class: 3778K(4224K)->3778K(4224K)
[220.259s][info][gc             ] GC(583) Pause Young (Allocation Failure) 1190M->713M(1956M) 70.336ms
[220.259s][info][gc,cpu         ] GC(583) User=0.45s Sys=0.00s Real=0.08s
[220.751s][info][gc,start       ] GC(584) Pause Young (Allocation Failure)
[220.813s][info][gc,heap        ] GC(584) PSYoungGen: 567616K->66976K(608256K)
[220.813s][info][gc,heap        ] GC(584) PSOldGen: 673970K->703722K(1398272K)
[220.813s][info][gc,metaspace   ] GC(584) Metaspace: 31792K(32816K)->31792K(32816K) NonClass: 28014K(28592K)->28014K(28592K) Class: 3778K(4224K)->3778K(4224K)
[220.813s][info][gc             ] GC(584) Pause Young (Allocation Failure) 1212M->752M(1959M) 61.605ms
[220.813s][info][gc,cpu         ] GC(584) User=0.38s Sys=0.00s Real=0.06s
[220.951s][info][gc,start       ] GC(585) Pause Young (Allocation Failure)
[221.017s][info][gc,heap        ] GC(585) PSYoungGen: 582048K->73440K(605696K)
[221.017s][info][gc,heap        ] GC(585) PSOldGen: 703722K->754883K(1398272K)
[221.017s][info][gc,metaspace   ] GC(585) Metaspace: 31792K(32816K)->31792K(32816K) NonClass: 28014K(28592K)->28014K(28592K) Class: 3778K(4224K)->3778K(4224K)
[221.017s][info][gc             ] GC(585) Pause Young (Allocation Failure) 1255M->808M(1957M) 66.093ms
[221.017s][info][gc,cpu         ] GC(585) User=0.38s Sys=0.00s Real=0.07s
[221.452s][info][gc,start       ] GC(586) Pause Young (Allocation Failure)
[221.508s][info][gc,heap        ] GC(586) PSYoungGen: 588512K->50144K(606720K)
[221.508s][info][gc,heap        ] GC(586) PSOldGen: 754883K->787131K(1398272K)
[221.508s][info][gc,metaspace   ] GC(586) Metaspace: 31792K(32816K)->31792K(32816K) NonClass: 28014K(28592K)->28014K(28592K) Class: 3778K(4224K)->3778K(4224K)
[221.508s][info][gc             ] GC(586) Pause Young (Allocation Failure) 1311M->817M(1958M) 55.719ms
[221.508s][info][gc,cpu         ] GC(586) User=0.30s Sys=0.00s Real=0.06s
[221.891s][info][gc,start       ] GC(587) Pause Young (Allocation Failure)
[221.955s][info][gc,heap        ] GC(587) PSYoungGen: 565728K->79680K(595456K)
[221.955s][info][gc,heap        ] GC(587) PSOldGen: 787131K->818859K(1398272K)
[221.955s][info][gc,metaspace   ] GC(587) Metaspace: 31792K(32816K)->31792K(32816K) NonClass: 28014K(28592K)->28014K(28592K) Class: 3778K(4224K)->3778K(4224K)
[221.955s][info][gc             ] GC(587) Pause Young (Allocation Failure) 1321M->877M(1947M) 63.377ms
[221.955s][info][gc,cpu         ] GC(587) User=0.36s Sys=0.00s Real=0.07s
[222.091s][info][gc,start       ] GC(588) Pause Young (Allocation Failure)
[222.165s][info][gc,heap        ] GC(588) PSYoungGen: 595264K->72576K(605184K)
[222.165s][info][gc,heap        ] GC(588) PSOldGen: 818859K->884695K(1398272K)
[222.165s][info][gc,metaspace   ] GC(588) Metaspace: 31792K(32816K)->31792K(32816K) NonClass: 28014K(28592K)->28014K(28592K) Class: 3778K(4224K)->3778K(4224K)
[222.166s][info][gc             ] GC(588) Pause Young (Allocation Failure) 1380M->934M(1956M) 74.619ms
[222.166s][info][gc,cpu         ] GC(588) User=0.47s Sys=0.00s Real=0.07s
[222.821s][info][gc,start       ] GC(589) Pause Young (Allocation Failure)
[222.883s][info][gc,heap        ] GC(589) PSYoungGen: 583552K->54784K(604672K)
[222.883s][info][gc,heap        ] GC(589) PSOldGen: 884695K->915767K(1398272K)
[222.883s][info][gc,metaspace   ] GC(589) Metaspace: 31792K(32816K)->31792K(32816K) NonClass: 28014K(28592K)->28014K(28592K) Class: 3778K(4224K)->3778K(4224K)
[222.883s][info][gc             ] GC(589) Pause Young (Allocation Failure) 1433M->947M(1956M) 61.156ms
[222.883s][info][gc,cpu         ] GC(589) User=0.27s Sys=0.02s Real=0.06s
[223.016s][info][gc,start       ] GC(590) Pause Young (Allocation Failure)
[223.078s][info][gc,heap        ] GC(590) PSYoungGen: 565760K->70176K(606720K)
[223.078s][info][gc,heap        ] GC(590) PSOldGen: 915767K->960259K(1398272K)
[223.078s][info][gc,metaspace   ] GC(590) Metaspace: 31792K(32816K)->31792K(32816K) NonClass: 28014K(28592K)->28014K(28592K) Class: 3778K(4224K)->3778K(4224K)
[223.078s][info][gc             ] GC(590) Pause Young (Allocation Failure) 1446M->1006M(1958M) 62.267ms
[223.078s][info][gc,cpu         ] GC(590) User=0.38s Sys=0.00s Real=0.06s
[223.205s][info][gc,start       ] GC(591) Pause Young (Allocation Failure)
[223.285s][info][gc,heap        ] GC(591) PSYoungGen: 583712K->66144K(605696K)
[223.285s][info][gc,heap        ] GC(591) PSOldGen: 960259K->1019755K(1398272K)
[223.285s][info][gc,metaspace   ] GC(591) Metaspace: 31792K(32816K)->31792K(32816K) NonClass: 28014K(28592K)->28014K(28592K) Class: 3778K(4224K)->3778K(4224K)
[223.285s][info][gc             ] GC(591) Pause Young (Allocation Failure) 1507M->1060M(1957M) 80.221ms
[223.285s][info][gc,cpu         ] GC(591) User=0.44s Sys=0.00s Real=0.08s
[223.984s][info][gc,start       ] GC(592) Pause Young (Allocation Failure)
[224.043s][info][gc,heap        ] GC(592) PSYoungGen: 579680K->61280K(610816K)
[224.043s][info][gc,heap        ] GC(592) PSOldGen: 1019755K->1049059K(1398272K)
[224.043s][info][gc,metaspace   ] GC(592) Metaspace: 31792K(32816K)->31792K(32816K) NonClass: 28014K(28592K)->28014K(28592K) Class: 3778K(4224K)->3778K(4224K)
[224.043s][info][gc             ] GC(592) Pause Young (Allocation Failure) 1561M->1084M(1962M) 59.232ms
[224.043s][info][gc,cpu         ] GC(592) User=0.38s Sys=0.00s Real=0.07s
[224.196s][info][gc,start       ] GC(593) Pause Young (Allocation Failure)
[224.267s][info][gc,heap        ] GC(593) PSYoungGen: 582496K->79616K(601088K)
[224.267s][info][gc,heap        ] GC(593) PSOldGen: 1049059K->1094300K(1398272K)
[224.268s][info][gc,metaspace   ] GC(593) Metaspace: 31792K(32816K)->31792K(32816K) NonClass: 28014K(28592K)->28014K(28592K) Class: 3778K(4224K)->3778K(4224K)
[224.268s][info][gc             ] GC(593) Pause Young (Allocation Failure) 1593M->1146M(1952M) 71.977ms
[224.268s][info][gc,cpu         ] GC(593) User=0.34s Sys=0.00s Real=0.07s
[224.524s][info][gc,start       ] GC(594) Pause Young (Allocation Failure)
[224.595s][info][gc,heap        ] GC(594) PSYoungGen: 600832K->63040K(609280K)
[224.595s][info][gc,heap        ] GC(594) PSOldGen: 1094300K->1132828K(1398272K)
[224.595s][info][gc,metaspace   ] GC(594) Metaspace: 31792K(32816K)->31792K(32816K) NonClass: 28014K(28592K)->28014K(28592K) Class: 3778K(4224K)->3778K(4224K)
[224.595s][info][gc             ] GC(594) Pause Young (Allocation Failure) 1655M->1167M(1960M) 70.812ms
[224.595s][info][gc,cpu         ] GC(594) User=0.36s Sys=0.00s Real=0.08s
[225.059s][info][gc,start       ] GC(595) Pause Young (Allocation Failure)
[225.120s][info][gc,heap        ] GC(595) PSYoungGen: 581184K->65536K(607744K)
[225.120s][info][gc,heap        ] GC(595) PSOldGen: 1132828K->1166372K(1398272K)
[225.120s][info][gc,metaspace   ] GC(595) Metaspace: 31792K(32816K)->31792K(32816K) NonClass: 28014K(28592K)->28014K(28592K) Class: 3778K(4224K)->3778K(4224K)
[225.120s][info][gc             ] GC(595) Pause Young (Allocation Failure) 1673M->1203M(1959M) 60.754ms
[225.120s][info][gc,cpu         ] GC(595) User=0.38s Sys=0.00s Real=0.06s
[225.260s][info][gc,start       ] GC(596) Pause Young (Allocation Failure)
[225.329s][info][gc,heap        ] GC(596) PSYoungGen: 583680K->74080K(610304K)
[225.329s][info][gc,heap        ] GC(596) PSOldGen: 1166372K->1217216K(1398272K)
[225.329s][info][gc,metaspace   ] GC(596) Metaspace: 31792K(32816K)->31792K(32816K) NonClass: 28014K(28592K)->28014K(28592K) Class: 3778K(4224K)->3778K(4224K)
[225.329s][info][gc             ] GC(596) Pause Young (Allocation Failure) 1709M->1261M(1961M) 68.389ms
[225.329s][info][gc,cpu         ] GC(596) User=0.34s Sys=0.00s Real=0.07s
[225.991s][info][gc,start       ] GC(597) Pause Young (Allocation Failure)
[226.041s][info][gc,heap        ] GC(597) PSYoungGen: 596832K->41792K(564736K)
[226.041s][info][gc,heap        ] GC(597) PSOldGen: 1217216K->1250168K(1398272K)
[226.041s][info][gc,metaspace   ] GC(597) Metaspace: 31792K(32816K)->31792K(32816K) NonClass: 28014K(28592K)->28014K(28592K) Class: 3778K(4224K)->3778K(4224K)
[226.041s][info][gc             ] GC(597) Pause Young (Allocation Failure) 1771M->1261M(1917M) 49.896ms
[226.041s][info][gc,cpu         ] GC(597) User=0.38s Sys=0.00s Real=0.06s
[226.097s][info][gc,start       ] GC(598) Pause Young (System.gc())
[226.126s][info][gc,heap        ] GC(598) PSYoungGen: 56575K->1984K(592384K)
[226.126s][info][gc,heap        ] GC(598) PSOldGen: 1250168K->1286800K(1398272K)
[226.126s][info][gc,metaspace   ] GC(598) Metaspace: 31792K(32816K)->31792K(32816K) NonClass: 28014K(28592K)->28014K(28592K) Class: 3778K(4224K)->3778K(4224K)
[226.126s][info][gc             ] GC(598) Pause Young (System.gc()) 1276M->1258M(1944M) 28.721ms
[226.126s][info][gc,cpu         ] GC(598) User=0.19s Sys=0.00s Real=0.04s
[226.126s][info][gc,start       ] GC(599) Pause Full (System.gc())
[226.126s][info][gc,phases,start] GC(599) Phase 1: Mark live objects
[226.239s][info][gc,phases      ] GC(599) Phase 1: Mark live objects 113.231ms
[226.239s][info][gc,phases,start] GC(599) Phase 2: Compute new object addresses
[226.417s][info][gc,phases      ] GC(599) Phase 2: Compute new object addresses 177.213ms
[226.417s][info][gc,phases,start] GC(599) Phase 3: Adjust pointers
[226.496s][info][gc,phases      ] GC(599) Phase 3: Adjust pointers 79.123ms
[226.496s][info][gc,phases,start] GC(599) Phase 4: Move objects
[226.519s][info][gc,phases      ] GC(599) Phase 4: Move objects 23.415ms
[226.520s][info][gc,heap        ] GC(599) PSYoungGen: 1984K->0K(592384K)
[226.520s][info][gc,heap        ] GC(599) PSOldGen: 1286800K->128812K(1398272K)
[226.520s][info][gc,metaspace   ] GC(599) Metaspace: 31792K(32816K)->31792K(32816K) NonClass: 28014K(28592K)->28014K(28592K) Class: 3778K(4224K)->3778K(4224K)
[226.520s][info][gc             ] GC(599) Pause Full (System.gc()) 1258M->125M(1944M) 393.755ms
[226.520s][info][gc,cpu         ] GC(599) User=0.39s Sys=0.00s Real=0.39s
[226.770s][info][gc,start       ] GC(600) Pause Young (Allocation Failure)
[226.812s][info][gc,heap        ] GC(600) PSYoungGen: 502272K->78304K(580608K)
[226.812s][info][gc,heap        ] GC(600) PSOldGen: 128812K->128812K(1398272K)
[226.812s][info][gc,metaspace   ] GC(600) Metaspace: 31792K(32816K)->31792K(32816K) NonClass: 28014K(28592K)->28014K(28592K) Class: 3778K(4224K)->3778K(4224K)
[226.812s][info][gc             ] GC(600) Pause Young (Allocation Failure) 616M->202M(1932M) 42.029ms
[226.812s][info][gc,cpu         ] GC(600) User=0.27s Sys=0.02s Real=0.04s
[226.950s][info][gc,start       ] GC(601) Pause Young (Allocation Failure)
[227.032s][info][gc,heap        ] GC(601) PSYoungGen: 580576K->73536K(595968K)
[227.032s][info][gc,heap        ] GC(601) PSOldGen: 128812K->191541K(1398272K)
[227.032s][info][gc,metaspace   ] GC(601) Metaspace: 31792K(32816K)->31792K(32816K) NonClass: 28014K(28592K)->28014K(28592K) Class: 3778K(4224K)->3778K(4224K)
[227.032s][info][gc             ] GC(601) Pause Young (Allocation Failure) 692M->258M(1947M) 82.635ms
[227.032s][info][gc,cpu         ] GC(601) User=0.45s Sys=0.02s Real=0.08s
[227.772s][info][gc,start       ] GC(602) Pause Young (Allocation Failure)
[227.831s][info][gc,heap        ] GC(602) PSYoungGen: 567616K->56160K(596480K)
[227.832s][info][gc,heap        ] GC(602) PSOldGen: 191541K->222781K(1398272K)
[227.832s][info][gc,metaspace   ] GC(602) Metaspace: 31792K(32816K)->31792K(32816K) NonClass: 28014K(28592K)->28014K(28592K) Class: 3778K(4224K)->3778K(4224K)
[227.832s][info][gc             ] GC(602) Pause Young (Allocation Failure) 741M->272M(1948M) 59.904ms
[227.832s][info][gc,cpu         ] GC(602) User=0.38s Sys=0.00s Real=0.07s
[227.971s][info][gc,start       ] GC(603) Pause Young (Allocation Failure)
[228.035s][info][gc,heap        ] GC(603) PSYoungGen: 550240K->75360K(596480K)
[228.035s][info][gc,heap        ] GC(603) PSOldGen: 222781K->265417K(1398272K)
[228.035s][info][gc,metaspace   ] GC(603) Metaspace: 31792K(32816K)->31792K(32816K) NonClass: 28014K(28592K)->28014K(28592K) Class: 3778K(4224K)->3778K(4224K)
[228.035s][info][gc             ] GC(603) Pause Young (Allocation Failure) 754M->332M(1948M) 64.011ms
[228.035s][info][gc,cpu         ] GC(603) User=0.36s Sys=0.00s Real=0.06s
[228.179s][info][gc,start       ] GC(604) Pause Young (Allocation Failure)
[228.249s][info][gc,heap        ] GC(604) PSYoungGen: 572512K->70176K(598016K)
[228.250s][info][gc,heap        ] GC(604) PSOldGen: 265417K->323369K(1398272K)
[228.250s][info][gc,metaspace   ] GC(604) Metaspace: 31792K(32816K)->31792K(32816K) NonClass: 28014K(28592K)->28014K(28592K) Class: 3778K(4224K)->3778K(4224K)
[228.250s][info][gc             ] GC(604) Pause Young (Allocation Failure) 818M->384M(1949M) 70.328ms
[228.250s][info][gc,cpu         ] GC(604) User=0.45s Sys=0.00s Real=0.07s
[228.797s][info][gc,start       ] GC(605) Pause Young (Allocation Failure)
[228.861s][info][gc,heap        ] GC(605) PSYoungGen: 567328K->63168K(602624K)
[228.861s][info][gc,heap        ] GC(605) PSOldGen: 323369K->353561K(1398272K)
[228.861s][info][gc,metaspace   ] GC(605) Metaspace: 31792K(32816K)->31792K(32816K) NonClass: 28014K(28592K)->28014K(28592K) Class: 3778K(4224K)->3778K(4224K)
[228.861s][info][gc             ] GC(605) Pause Young (Allocation Failure) 869M->406M(1954M) 63.744ms
[228.861s][info][gc,cpu         ] GC(605) User=0.36s Sys=0.00s Real=0.08s
[228.999s][info][gc,start       ] GC(606) Pause Young (Allocation Failure)
[229.063s][info][gc,heap        ] GC(606) PSYoungGen: 565952K->74048K(599040K)
[229.063s][info][gc,heap        ] GC(606) PSOldGen: 353561K->400313K(1398272K)
[229.063s][info][gc,metaspace   ] GC(606) Metaspace: 31792K(32816K)->31792K(32816K) NonClass: 28014K(28592K)->28014K(28592K) Class: 3778K(4224K)->3778K(4224K)
[229.063s][info][gc             ] GC(606) Pause Young (Allocation Failure) 897M->463M(1950M) 64.281ms
[229.063s][info][gc,cpu         ] GC(606) User=0.33s Sys=0.00s Real=0.06s
[229.316s][info][gc,start       ] GC(607) Pause Young (Allocation Failure)
[229.381s][info][gc,heap        ] GC(607) PSYoungGen: 576832K->61824K(604672K)
[229.381s][info][gc,heap        ] GC(607) PSOldGen: 400313K->438361K(1398272K)
[229.381s][info][gc,metaspace   ] GC(607) Metaspace: 31792K(32816K)->31792K(32816K) NonClass: 28014K(28592K)->28014K(28592K) Class: 3778K(4224K)->3778K(4224K)
[229.381s][info][gc             ] GC(607) Pause Young (Allocation Failure) 954M->488M(1956M) 64.744ms
[229.381s][info][gc,cpu         ] GC(607) User=0.36s Sys=0.00s Real=0.07s
[229.866s][info][gc,start       ] GC(608) Pause Young (Allocation Failure)
[229.923s][info][gc,heap        ] GC(608) PSYoungGen: 569728K->63552K(602112K)
[229.923s][info][gc,heap        ] GC(608) PSOldGen: 438361K->471002K(1398272K)
[229.923s][info][gc,metaspace   ] GC(608) Metaspace: 31792K(32816K)->31792K(32816K) NonClass: 28014K(28592K)->28014K(28592K) Class: 3778K(4224K)->3778K(4224K)
[229.923s][info][gc             ] GC(608) Pause Young (Allocation Failure) 984M->522M(1953M) 57.039ms
[229.923s][info][gc,cpu         ] GC(608) User=0.36s Sys=0.00s Real=0.06s
[230.067s][info][gc,start       ] GC(609) Pause Young (Allocation Failure)
[230.132s][info][gc,heap        ] GC(609) PSYoungGen: 571456K->75648K(604672K)
[230.132s][info][gc,heap        ] GC(609) PSOldGen: 471002K->519578K(1398272K)
[230.132s][info][gc,metaspace   ] GC(609) Metaspace: 31792K(32816K)->31792K(32816K) NonClass: 28014K(28592K)->28014K(28592K) Class: 3778K(4224K)->3778K(4224K)
[230.132s][info][gc             ] GC(609) Pause Young (Allocation Failure) 1018M->581M(1956M) 64.582ms
[230.132s][info][gc,cpu         ] GC(609) User=0.38s Sys=0.00s Real=0.07s
[230.511s][info][gc,start       ] GC(610) Pause Young (Allocation Failure)
[230.570s][info][gc,heap        ] GC(610) PSYoungGen: 589184K->51872K(606208K)
[230.570s][info][gc,heap        ] GC(610) PSOldGen: 519578K->552482K(1398272K)
[230.570s][info][gc,metaspace   ] GC(610) Metaspace: 31792K(32816K)->31792K(32816K) NonClass: 28014K(28592K)->28014K(28592K) Class: 3778K(4224K)->3778K(4224K)
[230.570s][info][gc             ] GC(610) Pause Young (Allocation Failure) 1082M->590M(1957M) 58.795ms
[230.570s][info][gc,cpu         ] GC(610) User=0.27s Sys=0.00s Real=0.07s
[230.962s][info][gc,start       ] GC(611) Pause Young (Allocation Failure)
[231.023s][info][gc,heap        ] GC(611) PSYoungGen: 565408K->78112K(602112K)
[231.023s][info][gc,heap        ] GC(611) PSOldGen: 552482K->584282K(1398272K)
[231.023s][info][gc,metaspace   ] GC(611) Metaspace: 31792K(32816K)->31792K(32816K) NonClass: 28014K(28592K)->28014K(28592K) Class: 3778K(4224K)->3778K(4224K)
[231.023s][info][gc             ] GC(611) Pause Young (Allocation Failure) 1091M->646M(1953M) 61.552ms
[231.023s][info][gc,cpu         ] GC(611) User=0.25s Sys=0.00s Real=0.06s
[231.174s][info][gc,start       ] GC(612) Pause Young (Allocation Failure)
[231.249s][info][gc,heap        ] GC(612) PSYoungGen: 587552K->77696K(587264K)
[231.249s][info][gc,heap        ] GC(612) PSOldGen: 584282K->645426K(1398272K)
[231.249s][info][gc,metaspace   ] GC(612) Metaspace: 31792K(32816K)->31792K(32816K) NonClass: 28014K(28592K)->28014K(28592K) Class: 3778K(4224K)->3778K(4224K)
[231.249s][info][gc             ] GC(612) Pause Young (Allocation Failure) 1144M->706M(1939M) 75.044ms
[231.249s][info][gc,cpu         ] GC(612) User=0.45s Sys=0.00s Real=0.07s
[231.895s][info][gc,start       ] GC(613) Pause Young (Allocation Failure)
[231.956s][info][gc,heap        ] GC(613) PSYoungGen: 587136K->54464K(603136K)
[231.956s][info][gc,heap        ] GC(613) PSOldGen: 645426K->678098K(1398272K)
[231.956s][info][gc,metaspace   ] GC(613) Metaspace: 31794K(32816K)->31794K(32816K) NonClass: 28016K(28592K)->28016K(28592K) Class: 3778K(4224K)->3778K(4224K)
[231.956s][info][gc             ] GC(613) Pause Young (Allocation Failure) 1203M->715M(1954M) 60.467ms
[231.956s][info][gc,cpu         ] GC(613) User=0.36s Sys=0.00s Real=0.06s
[232.088s][info][gc,start       ] GC(614) Pause Young (Allocation Failure)
[232.148s][info][gc,heap        ] GC(614) PSYoungGen: 560832K->67584K(602112K)
[232.148s][info][gc,heap        ] GC(614) PSOldGen: 678098K->723307K(1398272K)
[232.148s][info][gc,metaspace   ] GC(614) Metaspace: 31794K(32816K)->31794K(32816K) NonClass: 28016K(28592K)->28016K(28592K) Class: 3778K(4224K)->3778K(4224K)
[232.148s][info][gc             ] GC(614) Pause Young (Allocation Failure) 1209M->772M(1953M) 60.696ms
[232.148s][info][gc,cpu         ] GC(614) User=0.28s Sys=0.00s Real=0.06s
[232.286s][info][gc,start       ] GC(615) Pause Young (Allocation Failure)
[232.361s][info][gc,heap        ] GC(615) PSYoungGen: 573952K->70656K(606208K)
[232.361s][info][gc,heap        ] GC(615) PSOldGen: 723307K->777843K(1398272K)
[232.361s][info][gc,metaspace   ] GC(615) Metaspace: 31794K(32816K)->31794K(32816K) NonClass: 28016K(28592K)->28016K(28592K) Class: 3778K(4224K)->3778K(4224K)
[232.361s][info][gc             ] GC(615) Pause Young (Allocation Failure) 1266M->828M(1957M) 75.004ms
[232.361s][info][gc,cpu         ] GC(615) User=0.45s Sys=0.00s Real=0.08s
[232.975s][info][gc,start       ] GC(616) Pause Young (Allocation Failure)
[233.031s][info][gc,heap        ] GC(616) PSYoungGen: 583680K->56864K(605696K)
[233.031s][info][gc,heap        ] GC(616) PSOldGen: 777843K->808675K(1398272K)
[233.031s][info][gc,metaspace   ] GC(616) Metaspace: 31794K(32816K)->31794K(32816K) NonClass: 28016K(28592K)->28016K(28592K) Class: 3778K(4224K)->3778K(4224K)
[233.031s][info][gc             ] GC(616) Pause Young (Allocation Failure) 1329M->845M(1957M) 56.107ms
[233.031s][info][gc,cpu         ] GC(616) User=0.38s Sys=0.00s Real=0.06s
[233.188s][info][gc,start       ] GC(617) Pause Young (Allocation Failure)
[233.255s][info][gc,heap        ] GC(617) PSYoungGen: 569888K->73568K(606208K)
[233.255s][info][gc,heap        ] GC(617) PSOldGen: 808675K->854379K(1398272K)
[233.255s][info][gc,metaspace   ] GC(617) Metaspace: 31794K(32816K)->31794K(32816K) NonClass: 28016K(28592K)->28016K(28592K) Class: 3778K(4224K)->3778K(4224K)
[233.255s][info][gc             ] GC(617) Pause Young (Allocation Failure) 1346M->906M(1957M) 67.221ms
[233.255s][info][gc,cpu         ] GC(617) User=0.34s Sys=0.00s Real=0.07s
[233.430s][info][gc,start       ] GC(618) Pause Young (Allocation Failure)
[233.499s][info][gc,heap        ] GC(618) PSYoungGen: 588128K->67264K(606720K)
[233.499s][info][gc,heap        ] GC(618) PSOldGen: 854379K->895307K(1398272K)
[233.499s][info][gc,metaspace   ] GC(618) Metaspace: 31794K(32816K)->31794K(32816K) NonClass: 28016K(28592K)->28016K(28592K) Class: 3778K(4224K)->3778K(4224K)
[233.500s][info][gc             ] GC(618) Pause Young (Allocation Failure) 1408M->940M(1958M) 69.889ms
[233.500s][info][gc,cpu         ] GC(618) User=0.39s Sys=0.00s Real=0.07s
[234.037s][info][gc,start       ] GC(619) Pause Young (Allocation Failure)
[234.095s][info][gc,heap        ] GC(619) PSYoungGen: 581824K->59840K(610304K)
[234.095s][info][gc,heap        ] GC(619) PSOldGen: 895307K->928699K(1398272K)
[234.095s][info][gc,metaspace   ] GC(619) Metaspace: 31794K(32816K)->31794K(32816K) NonClass: 28016K(28592K)->28016K(28592K) Class: 3778K(4224K)->3778K(4224K)
[234.095s][info][gc             ] GC(619) Pause Young (Allocation Failure) 1442M->965M(1961M) 58.042ms
[234.095s][info][gc,cpu         ] GC(619) User=0.33s Sys=0.00s Real=0.06s
[234.233s][info][gc,start       ] GC(620) Pause Young (Allocation Failure)
[234.299s][info][gc,heap        ] GC(620) PSYoungGen: 580032K->70816K(608768K)
[234.299s][info][gc,heap        ] GC(620) PSOldGen: 928699K->975600K(1398272K)
[234.299s][info][gc,metaspace   ] GC(620) Metaspace: 31794K(32816K)->31794K(32816K) NonClass: 28016K(28592K)->28016K(28592K) Class: 3778K(4224K)->3778K(4224K)
[234.299s][info][gc             ] GC(620) Pause Young (Allocation Failure) 1473M->1021M(1960M) 65.462ms
[234.299s][info][gc,cpu         ] GC(620) User=0.36s Sys=0.00s Real=0.07s
[234.672s][info][gc,start       ] GC(621) Pause Young (Allocation Failure)
[234.731s][info][gc,heap        ] GC(621) PSYoungGen: 591008K->56192K(611328K)
[234.731s][info][gc,heap        ] GC(621) PSOldGen: 975600K->1007640K(1398272K)
[234.731s][info][gc,metaspace   ] GC(621) Metaspace: 31794K(32816K)->31794K(32816K) NonClass: 28016K(28592K)->28016K(28592K) Class: 3778K(4224K)->3778K(4224K)
[234.731s][info][gc             ] GC(621) Pause Young (Allocation Failure) 1529M->1038M(1962M) 58.824ms
[234.731s][info][gc,cpu         ] GC(621) User=0.38s Sys=0.00s Real=0.07s
[235.156s][info][gc,start       ] GC(622) Pause Young (Allocation Failure)
[235.223s][info][gc,heap        ] GC(622) PSYoungGen: 579456K->81152K(604672K)
[235.223s][info][gc,heap        ] GC(622) PSOldGen: 1007640K->1043072K(1398272K)
[235.223s][info][gc,metaspace   ] GC(622) Metaspace: 31794K(32816K)->31794K(32816K) NonClass: 28016K(28592K)->28016K(28592K) Class: 3778K(4224K)->3778K(4224K)
[235.223s][info][gc             ] GC(622) Pause Young (Allocation Failure) 1549M->1097M(1956M) 67.794ms
[235.223s][info][gc,cpu         ] GC(622) User=0.38s Sys=0.00s Real=0.07s
[235.369s][info][gc,start       ] GC(623) Pause Young (Allocation Failure)
[235.452s][info][gc,heap        ] GC(623) PSYoungGen: 604416K->72960K(607744K)
[235.452s][info][gc,heap        ] GC(623) PSOldGen: 1043072K->1111384K(1398272K)
[235.452s][info][gc,metaspace   ] GC(623) Metaspace: 31794K(32816K)->31794K(32816K) NonClass: 28016K(28592K)->28016K(28592K) Class: 3778K(4224K)->3778K(4224K)
[235.452s][info][gc             ] GC(623) Pause Young (Allocation Failure) 1608M->1156M(1959M) 83.348ms
[235.452s][info][gc,cpu         ] GC(623) User=0.45s Sys=0.00s Real=0.08s
[236.163s][info][gc,start       ] GC(624) Pause Young (Allocation Failure)
[236.222s][info][gc,heap        ] GC(624) PSYoungGen: 589056K->51936K(607232K)
[236.223s][info][gc,heap        ] GC(624) PSOldGen: 1111384K->1143040K(1398272K)
[236.223s][info][gc,metaspace   ] GC(624) Metaspace: 31794K(32816K)->31794K(32816K) NonClass: 28016K(28592K)->28016K(28592K) Class: 3778K(4224K)->3778K(4224K)
[236.223s][info][gc             ] GC(624) Pause Young (Allocation Failure) 1660M->1166M(1958M) 59.957ms
[236.223s][info][gc,cpu         ] GC(624) User=0.34s Sys=0.00s Real=0.06s
[236.372s][info][gc,start       ] GC(625) Pause Young (Allocation Failure)
[236.438s][info][gc,heap        ] GC(625) PSYoungGen: 568032K->71264K(607744K)
[236.438s][info][gc,heap        ] GC(625) PSOldGen: 1143040K->1184853K(1398272K)
[236.438s][info][gc,metaspace   ] GC(625) Metaspace: 31794K(32816K)->31794K(32816K) NonClass: 28016K(28592K)->28016K(28592K) Class: 3778K(4224K)->3778K(4224K)
[236.438s][info][gc             ] GC(625) Pause Young (Allocation Failure) 1670M->1226M(1959M) 66.395ms
[236.438s][info][gc,cpu         ] GC(625) User=0.30s Sys=0.00s Real=0.06s
[236.594s][info][gc,start       ] GC(626) Pause Young (Allocation Failure)
[236.667s][info][gc,heap        ] GC(626) PSYoungGen: 587360K->79872K(596480K)
[236.667s][info][gc,heap        ] GC(626) PSOldGen: 1184853K->1237605K(1398272K)
[236.667s][info][gc,metaspace   ] GC(626) Metaspace: 31794K(32816K)->31794K(32816K) NonClass: 28016K(28592K)->28016K(28592K) Class: 3778K(4224K)->3778K(4224K)
[236.667s][info][gc             ] GC(626) Pause Young (Allocation Failure) 1730M->1286M(1948M) 73.280ms
[236.667s][info][gc,cpu         ] GC(626) User=0.44s Sys=0.00s Real=0.08s
[237.061s][info][gc,start       ] GC(627) Pause Young (System.gc())
[237.104s][info][gc,heap        ] GC(627) PSYoungGen: 300953K->20320K(593920K)
[237.104s][info][gc,heap        ] GC(627) PSOldGen: 1237605K->1271581K(1398272K)
[237.104s][info][gc,metaspace   ] GC(627) Metaspace: 31794K(32816K)->31794K(32816K) NonClass: 28016K(28592K)->28016K(28592K) Class: 3778K(4224K)->3778K(4224K)
[237.104s][info][gc             ] GC(627) Pause Young (System.gc()) 1502M->1261M(1945M) 42.912ms
[237.104s][info][gc,cpu         ] GC(627) User=0.28s Sys=0.00s Real=0.04s
[237.104s][info][gc,start       ] GC(628) Pause Full (System.gc())
[237.104s][info][gc,phases,start] GC(628) Phase 1: Mark live objects
[237.215s][info][gc,phases      ] GC(628) Phase 1: Mark live objects 111.214ms
[237.215s][info][gc,phases,start] GC(628) Phase 2: Compute new object addresses
[237.395s][info][gc,phases      ] GC(628) Phase 2: Compute new object addresses 179.512ms
[237.395s][info][gc,phases,start] GC(628) Phase 3: Adjust pointers
[237.478s][info][gc,phases      ] GC(628) Phase 3: Adjust pointers 83.241ms
[237.478s][info][gc,phases,start] GC(628) Phase 4: Move objects
[237.502s][info][gc,phases      ] GC(628) Phase 4: Move objects 23.635ms
[237.502s][info][gc,heap        ] GC(628) PSYoungGen: 20320K->0K(593920K)
[237.502s][info][gc,heap        ] GC(628) PSOldGen: 1271581K->133931K(1398272K)
[237.502s][info][gc,metaspace   ] GC(628) Metaspace: 31794K(32816K)->31794K(32816K) NonClass: 28016K(28592K)->28016K(28592K) Class: 3778K(4224K)->3778K(4224K)
[237.502s][info][gc             ] GC(628) Pause Full (System.gc()) 1261M->130M(1945M) 398.410ms
[237.502s][info][gc,cpu         ] GC(628) User=0.39s Sys=0.00s Real=0.38s
[237.643s][info][gc,start       ] GC(629) Pause Young (Allocation Failure)
[237.686s][info][gc,heap        ] GC(629) PSYoungGen: 500224K->66048K(599552K)
[237.686s][info][gc,heap        ] GC(629) PSOldGen: 133931K->133931K(1398272K)
[237.686s][info][gc,metaspace   ] GC(629) Metaspace: 31794K(32816K)->31794K(32816K) NonClass: 28016K(28592K)->28016K(28592K) Class: 3778K(4224K)->3778K(4224K)
[237.686s][info][gc             ] GC(629) Pause Young (Allocation Failure) 619M->195M(1951M) 43.653ms
[237.686s][info][gc,cpu         ] GC(629) User=0.25s Sys=0.02s Real=0.04s
[237.818s][info][gc,start       ] GC(630) Pause Young (Allocation Failure)
[237.882s][info][gc,heap        ] GC(630) PSYoungGen: 566272K->72640K(602112K)
[237.882s][info][gc,heap        ] GC(630) PSOldGen: 133931K->184688K(1398272K)
[237.882s][info][gc,metaspace   ] GC(630) Metaspace: 31794K(32816K)->31794K(32816K) NonClass: 28016K(28592K)->28016K(28592K) Class: 3778K(4224K)->3778K(4224K)
[237.882s][info][gc             ] GC(630) Pause Young (Allocation Failure) 683M->251M(1953M) 63.182ms
[237.882s][info][gc,cpu         ] GC(630) User=0.36s Sys=0.00s Real=0.06s
[238.519s][info][gc,start       ] GC(631) Pause Young (Allocation Failure)
[238.574s][info][gc,heap        ] GC(631) PSYoungGen: 577984K->42528K(548352K)
[238.574s][info][gc,heap        ] GC(631) PSOldGen: 184688K->215560K(1398272K)
[238.574s][info][gc,metaspace   ] GC(631) Metaspace: 31794K(32816K)->31794K(32816K) NonClass: 28016K(28592K)->28016K(28592K) Class: 3778K(4224K)->3778K(4224K)
[238.574s][info][gc             ] GC(631) Pause Young (Allocation Failure) 744M->252M(1901M) 55.473ms
[238.574s][info][gc,cpu         ] GC(631) User=0.36s Sys=0.00s Real=0.05s
[238.717s][info][gc,start       ] GC(632) Pause Young (Allocation Failure)
[238.775s][info][gc,heap        ] GC(632) PSYoungGen: 547872K->68128K(602624K)
[238.775s][info][gc,heap        ] GC(632) PSOldGen: 215560K->253912K(1398272K)
[238.775s][info][gc,metaspace   ] GC(632) Metaspace: 31794K(32816K)->31794K(32816K) NonClass: 28016K(28592K)->28016K(28592K) Class: 3778K(4224K)->3778K(4224K)
[238.775s][info][gc             ] GC(632) Pause Young (Allocation Failure) 745M->314M(1954M) 57.639ms
[238.775s][info][gc,cpu         ] GC(632) User=0.36s Sys=0.02s Real=0.06s
[238.910s][info][gc,start       ] GC(633) Pause Young (Allocation Failure)
[238.988s][info][gc,heap        ] GC(633) PSYoungGen: 573472K->71360K(601600K)
[238.988s][info][gc,heap        ] GC(633) PSOldGen: 253912K->307592K(1398272K)
[238.988s][info][gc,metaspace   ] GC(633) Metaspace: 31794K(32816K)->31794K(32816K) NonClass: 28016K(28592K)->28016K(28592K) Class: 3778K(4224K)->3778K(4224K)
[238.988s][info][gc             ] GC(633) Pause Young (Allocation Failure) 807M->370M(1953M) 78.324ms
[238.988s][info][gc,cpu         ] GC(633) User=0.44s Sys=0.00s Real=0.08s
[239.584s][info][gc,start       ] GC(634) Pause Young (Allocation Failure)
[239.635s][info][gc,heap        ] GC(634) PSYoungGen: 576704K->48256K(603648K)
[239.635s][info][gc,heap        ] GC(634) PSOldGen: 307592K->338312K(1398272K)
[239.635s][info][gc,metaspace   ] GC(634) Metaspace: 31794K(32816K)->31794K(32816K) NonClass: 28016K(28592K)->28016K(28592K) Class: 3778K(4224K)->3778K(4224K)
[239.635s][info][gc             ] GC(634) Pause Young (Allocation Failure) 863M->377M(1955M) 51.771ms
[239.635s][info][gc,cpu         ] GC(634) User=0.36s Sys=0.00s Real=0.05s
[239.782s][info][gc,start       ] GC(635) Pause Young (Allocation Failure)
[239.844s][info][gc,heap        ] GC(635) PSYoungGen: 556160K->72256K(603136K)
[239.844s][info][gc,heap        ] GC(635) PSOldGen: 338312K->377665K(1398272K)
[239.844s][info][gc,metaspace   ] GC(635) Metaspace: 31794K(32816K)->31794K(32816K) NonClass: 28016K(28592K)->28016K(28592K) Class: 3778K(4224K)->3778K(4224K)
[239.844s][info][gc             ] GC(635) Pause Young (Allocation Failure) 873M->439M(1954M) 61.289ms
[239.844s][info][gc,cpu         ] GC(635) User=0.38s Sys=0.00s Real=0.06s
[239.978s][info][gc,start       ] GC(636) Pause Young (Allocation Failure)
[240.046s][info][gc,heap        ] GC(636) PSYoungGen: 580160K->70720K(603648K)
[240.046s][info][gc,heap        ] GC(636) PSOldGen: 377665K->436449K(1398272K)
[240.046s][info][gc,metaspace   ] GC(636) Metaspace: 31794K(32816K)->31794K(32816K) NonClass: 28016K(28592K)->28016K(28592K) Class: 3778K(4224K)->3778K(4224K)
[240.046s][info][gc             ] GC(636) Pause Young (Allocation Failure) 935M->495M(1955M) 67.659ms
[240.046s][info][gc,cpu         ] GC(636) User=0.38s Sys=0.00s Real=0.07s
[240.678s][info][gc,start       ] GC(637) Pause Young (Allocation Failure)
[240.733s][info][gc,heap        ] GC(637) PSYoungGen: 578624K->53376K(603136K)
[240.733s][info][gc,heap        ] GC(637) PSOldGen: 436449K->466617K(1398272K)
[240.733s][info][gc,metaspace   ] GC(637) Metaspace: 31794K(32816K)->31794K(32816K) NonClass: 28016K(28592K)->28016K(28592K) Class: 3778K(4224K)->3778K(4224K)
[240.733s][info][gc             ] GC(637) Pause Young (Allocation Failure) 991M->507M(1954M) 55.449ms
[240.733s][info][gc,cpu         ] GC(637) User=0.38s Sys=0.00s Real=0.06s
[240.880s][info][gc,start       ] GC(638) Pause Young (Allocation Failure)
[240.943s][info][gc,heap        ] GC(638) PSYoungGen: 561280K->75328K(601600K)
[240.943s][info][gc,heap        ] GC(638) PSOldGen: 466617K->507061K(1398272K)
[240.943s][info][gc,metaspace   ] GC(638) Metaspace: 31794K(32816K)->31794K(32816K) NonClass: 28016K(28592K)->28016K(28592K) Class: 3778K(4224K)->3778K(4224K)
[240.943s][info][gc             ] GC(638) Pause Young (Allocation Failure) 1003M->568M(1953M) 63.664ms
[240.943s][info][gc,cpu         ] GC(638) User=0.38s Sys=0.00s Real=0.06s
[241.085s][info][gc,start       ] GC(639) Pause Young (Allocation Failure)
[241.157s][info][gc,heap        ] GC(639) PSYoungGen: 582720K->73120K(603136K)
[241.157s][info][gc,heap        ] GC(639) PSOldGen: 507061K->563477K(1398272K)
[241.157s][info][gc,metaspace   ] GC(639) Metaspace: 31794K(32816K)->31794K(32816K) NonClass: 28016K(28592K)->28016K(28592K) Class: 3778K(4224K)->3778K(4224K)
[241.157s][info][gc             ] GC(639) Pause Young (Allocation Failure) 1064M->621M(1954M) 71.915ms
[241.157s][info][gc,cpu         ] GC(639) User=0.45s Sys=0.00s Real=0.07s
[241.772s][info][gc,start       ] GC(640) Pause Young (Allocation Failure)
[241.830s][info][gc,heap        ] GC(640) PSYoungGen: 580512K->60832K(605184K)
[241.831s][info][gc,heap        ] GC(640) PSOldGen: 563477K->593997K(1398272K)
[241.831s][info][gc,metaspace   ] GC(640) Metaspace: 31795K(32816K)->31795K(32816K) NonClass: 28017K(28592K)->28017K(28592K) Class: 3778K(4224K)->3778K(4224K)
[241.831s][info][gc             ] GC(640) Pause Young (Allocation Failure) 1117M->639M(1956M) 58.324ms
[241.831s][info][gc,cpu         ] GC(640) User=0.30s Sys=0.00s Real=0.06s
[241.964s][info][gc,start       ] GC(641) Pause Young (Allocation Failure)
[242.028s][info][gc,heap        ] GC(641) PSYoungGen: 570272K->70848K(603136K)
[242.028s][info][gc,heap        ] GC(641) PSOldGen: 593997K->642558K(1398272K)
[242.028s][info][gc,metaspace   ] GC(641) Metaspace: 31795K(32816K)->31795K(32816K) NonClass: 28017K(28592K)->28017K(28592K) Class: 3778K(4224K)->3778K(4224K)
[242.028s][info][gc             ] GC(641) Pause Young (Allocation Failure) 1136M->696M(1954M) 64.320ms
[242.028s][info][gc,cpu         ] GC(641) User=0.38s Sys=0.00s Real=0.06s
[242.267s][info][gc,start       ] GC(642) Pause Young (Allocation Failure)
[242.333s][info][gc,heap        ] GC(642) PSYoungGen: 580288K->63520K(608256K)
[242.333s][info][gc,heap        ] GC(642) PSOldGen: 642558K->681502K(1398272K)
[242.333s][info][gc,metaspace   ] GC(642) Metaspace: 31795K(32816K)->31795K(32816K) NonClass: 28017K(28592K)->28017K(28592K) Class: 3778K(4224K)->3778K(4224K)
[242.333s][info][gc             ] GC(642) Pause Young (Allocation Failure) 1194M->727M(1959M) 66.435ms
[242.333s][info][gc,cpu         ] GC(642) User=0.38s Sys=0.00s Real=0.07s
[242.877s][info][gc,start       ] GC(643) Pause Young (Allocation Failure)
[242.939s][info][gc,heap        ] GC(643) PSYoungGen: 578592K->69856K(605696K)
[242.939s][info][gc,heap        ] GC(643) PSOldGen: 681502K->714422K(1398272K)
[242.939s][info][gc,metaspace   ] GC(643) Metaspace: 31795K(32816K)->31795K(32816K) NonClass: 28017K(28592K)->28017K(28592K) Class: 3778K(4224K)->3778K(4224K)
[242.939s][info][gc             ] GC(643) Pause Young (Allocation Failure) 1230M->765M(1957M) 61.998ms
[242.939s][info][gc,cpu         ] GC(643) User=0.36s Sys=0.00s Real=0.06s
[243.086s][info][gc,start       ] GC(644) Pause Young (Allocation Failure)
[243.157s][info][gc,heap        ] GC(644) PSYoungGen: 584928K->81024K(602112K)
[243.157s][info][gc,heap        ] GC(644) PSOldGen: 714422K->766650K(1398272K)
[243.157s][info][gc,metaspace   ] GC(644) Metaspace: 31795K(32816K)->31795K(32816K) NonClass: 28017K(28592K)->28017K(28592K) Class: 3778K(4224K)->3778K(4224K)
[243.157s][info][gc             ] GC(644) Pause Young (Allocation Failure) 1268M->827M(1953M) 71.433ms
[243.157s][info][gc,cpu         ] GC(644) User=0.39s Sys=0.00s Real=0.07s
[243.879s][info][gc,start       ] GC(645) Pause Young (Allocation Failure)
[243.934s][info][gc,heap        ] GC(645) PSYoungGen: 593536K->45152K(558080K)
[243.934s][info][gc,heap        ] GC(645) PSOldGen: 766650K->799994K(1398272K)
[243.934s][info][gc,metaspace   ] GC(645) Metaspace: 31795K(32816K)->31795K(32816K) NonClass: 28017K(28592K)->28017K(28592K) Class: 3778K(4224K)->3778K(4224K)
[243.934s][info][gc             ] GC(645) Pause Young (Allocation Failure) 1328M->825M(1910M) 54.721ms
[243.934s][info][gc,cpu         ] GC(645) User=0.36s Sys=0.00s Real=0.06s
[244.071s][info][gc,start       ] GC(646) Pause Young (Allocation Failure)
[244.136s][info][gc,heap        ] GC(646) PSYoungGen: 557664K->68832K(606208K)
[244.136s][info][gc,heap        ] GC(646) PSOldGen: 799994K->839830K(1398272K)
[244.136s][info][gc,metaspace   ] GC(646) Metaspace: 31795K(32816K)->31795K(32816K) NonClass: 28017K(28592K)->28017K(28592K) Class: 3778K(4224K)->3778K(4224K)
[244.136s][info][gc             ] GC(646) Pause Young (Allocation Failure) 1325M->887M(1957M) 65.101ms
[244.136s][info][gc,cpu         ] GC(646) User=0.38s Sys=0.00s Real=0.07s
[244.282s][info][gc,start       ] GC(647) Pause Young (Allocation Failure)
[244.349s][info][gc,heap        ] GC(647) PSYoungGen: 580832K->74944K(604672K)
[244.349s][info][gc,heap        ] GC(647) PSOldGen: 839830K->891302K(1398272K)
[244.349s][info][gc,metaspace   ] GC(647) Metaspace: 31795K(32816K)->31795K(32816K) NonClass: 28017K(28592K)->28017K(28592K) Class: 3778K(4224K)->3778K(4224K)
[244.349s][info][gc             ] GC(647) Pause Young (Allocation Failure) 1387M->943M(1956M) 67.488ms
[244.349s][info][gc,cpu         ] GC(647) User=0.38s Sys=0.00s Real=0.07s
[245.016s][info][gc,start       ] GC(648) Pause Young (Allocation Failure)
[245.071s][info][gc,heap        ] GC(648) PSYoungGen: 586944K->51648K(605696K)
[245.071s][info][gc,heap        ] GC(648) PSOldGen: 891302K->923254K(1398272K)
[245.071s][info][gc,metaspace   ] GC(648) Metaspace: 31795K(32816K)->31795K(32816K) NonClass: 28017K(28592K)->28017K(28592K) Class: 3778K(4224K)->3778K(4224K)
[245.071s][info][gc             ] GC(648) Pause Young (Allocation Failure) 1443M->952M(1957M) 54.924ms
[245.071s][info][gc,cpu         ] GC(648) User=0.28s Sys=0.00s Real=0.07s
[245.206s][info][gc,start       ] GC(649) Pause Young (Allocation Failure)
[245.271s][info][gc,heap        ] GC(649) PSYoungGen: 563648K->71136K(605184K)
[245.271s][info][gc,heap        ] GC(649) PSOldGen: 923254K->964271K(1398272K)
[245.271s][info][gc,metaspace   ] GC(649) Metaspace: 31795K(32816K)->31795K(32816K) NonClass: 28017K(28592K)->28017K(28592K) Class: 3778K(4224K)->3778K(4224K)
[245.271s][info][gc             ] GC(649) Pause Young (Allocation Failure) 1452M->1011M(1956M) 65.717ms
[245.271s][info][gc,cpu         ] GC(649) User=0.31s Sys=0.00s Real=0.07s
[245.419s][info][gc,start       ] GC(650) Pause Young (Allocation Failure)
[245.489s][info][gc,heap        ] GC(650) PSYoungGen: 583136K->76672K(603648K)
[245.489s][info][gc,heap        ] GC(650) PSOldGen: 964271K->1017839K(1398272K)
[245.489s][info][gc,metaspace   ] GC(650) Metaspace: 31795K(32816K)->31795K(32816K) NonClass: 28017K(28592K)->28017K(28592K) Class: 3778K(4224K)->3778K(4224K)
[245.489s][info][gc             ] GC(650) Pause Young (Allocation Failure) 1511M->1068M(1955M) 70.020ms
[245.489s][info][gc,cpu         ] GC(650) User=0.36s Sys=0.00s Real=0.07s
[246.107s][info][gc,start       ] GC(651) Pause Young (Allocation Failure)
[246.172s][info][gc,heap        ] GC(651) PSYoungGen: 587136K->57856K(604672K)
[246.172s][info][gc,heap        ] GC(651) PSOldGen: 1017839K->1049583K(1398272K)
[246.172s][info][gc,metaspace   ] GC(651) Metaspace: 31795K(32816K)->31795K(32816K) NonClass: 28017K(28592K)->28017K(28592K) Class: 3778K(4224K)->3778K(4224K)
[246.172s][info][gc             ] GC(651) Pause Young (Allocation Failure) 1567M->1081M(1956M) 64.375ms
[246.172s][info][gc,cpu         ] GC(651) User=0.38s Sys=0.00s Real=0.07s
[246.310s][info][gc,start       ] GC(652) Pause Young (Allocation Failure)
[246.376s][info][gc,heap        ] GC(652) PSYoungGen: 568320K->70528K(606720K)
[246.376s][info][gc,heap        ] GC(652) PSOldGen: 1049583K->1096227K(1398272K)
[246.376s][info][gc,metaspace   ] GC(652) Metaspace: 31795K(32816K)->31795K(32816K) NonClass: 28017K(28592K)->28017K(28592K) Class: 3778K(4224K)->3778K(4224K)
[246.376s][info][gc             ] GC(652) Pause Young (Allocation Failure) 1579M->1139M(1958M) 65.816ms
[246.376s][info][gc,cpu         ] GC(652) User=0.38s Sys=0.00s Real=0.07s
[246.548s][info][gc,start       ] GC(653) Pause Young (Allocation Failure)
[246.626s][info][gc,heap        ] GC(653) PSYoungGen: 584064K->69280K(605696K)
[246.626s][info][gc,heap        ] GC(653) PSOldGen: 1096227K->1139987K(1398272K)
[246.626s][info][gc,metaspace   ] GC(653) Metaspace: 31795K(32816K)->31795K(32816K) NonClass: 28017K(28592K)->28017K(28592K) Class: 3778K(4224K)->3778K(4224K)
[246.626s][info][gc             ] GC(653) Pause Young (Allocation Failure) 1640M->1180M(1957M) 78.297ms
[246.626s][info][gc,cpu         ] GC(653) User=0.41s Sys=0.00s Real=0.08s
[247.253s][info][gc,start       ] GC(654) Pause Young (Allocation Failure)
[247.312s][info][gc,heap        ] GC(654) PSYoungGen: 582816K->57440K(608768K)
[247.312s][info][gc,heap        ] GC(654) PSOldGen: 1139987K->1172699K(1398272K)
[247.312s][info][gc,metaspace   ] GC(654) Metaspace: 31795K(32816K)->31795K(32816K) NonClass: 28017K(28592K)->28017K(28592K) Class: 3778K(4224K)->3778K(4224K)
[247.312s][info][gc             ] GC(654) Pause Young (Allocation Failure) 1682M->1201M(1960M) 59.583ms
[247.312s][info][gc,cpu         ] GC(654) User=0.36s Sys=0.00s Real=0.06s
[247.444s][info][gc,start       ] GC(655) Pause Young (Allocation Failure)
[247.511s][info][gc,heap        ] GC(655) PSYoungGen: 575584K->70112K(608256K)
[247.511s][info][gc,heap        ] GC(655) PSOldGen: 1172699K->1220012K(1398272K)
[247.511s][info][gc,metaspace   ] GC(655) Metaspace: 31795K(32816K)->31795K(32816K) NonClass: 28017K(28592K)->28017K(28592K) Class: 3778K(4224K)->3778K(4224K)
[247.511s][info][gc             ] GC(655) Pause Young (Allocation Failure) 1707M->1259M(1959M) 67.096ms
[247.511s][info][gc,cpu         ] GC(655) User=0.44s Sys=0.02s Real=0.07s
[247.813s][info][gc,start       ] GC(656) Pause Young (Allocation Failure)
[247.880s][info][gc,heap        ] GC(656) PSYoungGen: 588256K->61632K(611328K)
[247.880s][info][gc,heap        ] GC(656) PSOldGen: 1220012K->1259348K(1398272K)
[247.880s][info][gc,metaspace   ] GC(656) Metaspace: 31795K(32816K)->31795K(32816K) NonClass: 28017K(28592K)->28017K(28592K) Class: 3778K(4224K)->3778K(4224K)
[247.880s][info][gc             ] GC(656) Pause Young (Allocation Failure) 1765M->1290M(1962M) 67.264ms
[247.880s][info][gc,cpu         ] GC(656) User=0.38s Sys=0.00s Real=0.07s
[248.259s][info][gc,start       ] GC(657) Pause Young (System.gc())
[248.303s][info][gc,heap        ] GC(657) PSYoungGen: 178405K->11616K(531456K)
[248.304s][info][gc,heap        ] GC(657) PSOldGen: 1259348K->1294052K(1398272K)
[248.304s][info][gc,metaspace   ] GC(657) Metaspace: 31795K(32816K)->31795K(32816K) NonClass: 28017K(28592K)->28017K(28592K) Class: 3778K(4224K)->3778K(4224K)
[248.304s][info][gc             ] GC(657) Pause Young (System.gc()) 1404M->1275M(1884M) 44.549ms
[248.304s][info][gc,cpu         ] GC(657) User=0.17s Sys=0.02s Real=0.05s
[248.304s][info][gc,start       ] GC(658) Pause Full (System.gc())
[248.304s][info][gc,phases,start] GC(658) Phase 1: Mark live objects
[248.418s][info][gc,phases      ] GC(658) Phase 1: Mark live objects 114.050ms
[248.418s][info][gc,phases,start] GC(658) Phase 2: Compute new object addresses
[248.596s][info][gc,phases      ] GC(658) Phase 2: Compute new object addresses 178.438ms
[248.596s][info][gc,phases,start] GC(658) Phase 3: Adjust pointers
[248.680s][info][gc,phases      ] GC(658) Phase 3: Adjust pointers 83.167ms
[248.680s][info][gc,phases,start] GC(658) Phase 4: Move objects
[248.703s][info][gc,phases      ] GC(658) Phase 4: Move objects 23.680ms
[248.704s][info][gc,heap        ] GC(658) PSYoungGen: 11616K->0K(531456K)
[248.704s][info][gc,heap        ] GC(658) PSOldGen: 1294052K->104476K(1398272K)
[248.704s][info][gc,metaspace   ] GC(658) Metaspace: 31795K(32816K)->31795K(32816K) NonClass: 28017K(28592K)->28017K(28592K) Class: 3778K(4224K)->3778K(4224K)
[248.704s][info][gc             ] GC(658) Pause Full (System.gc()) 1275M->102M(1884M) 400.164ms
[248.704s][info][gc,cpu         ] GC(658) User=0.41s Sys=0.00s Real=0.39s
[248.943s][info][gc,start       ] GC(659) Pause Young (Allocation Failure)
[248.986s][info][gc,heap        ] GC(659) PSYoungGen: 519680K->81376K(595968K)
[248.986s][info][gc,heap        ] GC(659) PSOldGen: 104476K->104476K(1398272K)
[248.986s][info][gc,metaspace   ] GC(659) Metaspace: 31796K(32816K)->31796K(32816K) NonClass: 28018K(28592K)->28018K(28592K) Class: 3778K(4224K)->3778K(4224K)
[248.986s][info][gc             ] GC(659) Pause Young (Allocation Failure) 609M->181M(1947M) 43.586ms
[248.986s][info][gc,cpu         ] GC(659) User=0.28s Sys=0.00s Real=0.05s
[249.124s][info][gc,start       ] GC(660) Pause Young (Allocation Failure)
[249.199s][info][gc,heap        ] GC(660) PSYoungGen: 582624K->72896K(574464K)
[249.200s][info][gc,heap        ] GC(660) PSOldGen: 104476K->170981K(1398272K)
[249.200s][info][gc,metaspace   ] GC(660) Metaspace: 31796K(32816K)->31796K(32816K) NonClass: 28018K(28592K)->28018K(28592K) Class: 3778K(4224K)->3778K(4224K)
[249.200s][info][gc             ] GC(660) Pause Young (Allocation Failure) 670M->238M(1926M) 75.077ms
[249.200s][info][gc,cpu         ] GC(660) User=0.47s Sys=0.00s Real=0.07s
[249.904s][info][gc,start       ] GC(661) Pause Young (Allocation Failure)
[249.973s][info][gc,heap        ] GC(661) PSYoungGen: 574144K->58336K(602112K)
[249.973s][info][gc,heap        ] GC(661) PSOldGen: 170981K->201957K(1398272K)
[249.973s][info][gc,metaspace   ] GC(661) Metaspace: 31796K(32816K)->31796K(32816K) NonClass: 28018K(28592K)->28018K(28592K) Class: 3778K(4224K)->3778K(4224K)
[249.973s][info][gc             ] GC(661) Pause Young (Allocation Failure) 727M->254M(1953M) 68.312ms
[249.973s][info][gc,cpu         ] GC(661) User=0.38s Sys=0.00s Real=0.07s
[250.136s][info][gc,start       ] GC(662) Pause Young (Allocation Failure)
[250.201s][info][gc,heap        ] GC(662) PSYoungGen: 561120K->79008K(599552K)
[250.201s][info][gc,heap        ] GC(662) PSOldGen: 201957K->246505K(1398272K)
[250.201s][info][gc,metaspace   ] GC(662) Metaspace: 31796K(32816K)->31796K(32816K) NonClass: 28018K(28592K)->28018K(28592K) Class: 3778K(4224K)->3778K(4224K)
[250.201s][info][gc             ] GC(662) Pause Young (Allocation Failure) 745M->317M(1951M) 65.534ms
[250.201s][info][gc,cpu         ] GC(662) User=0.38s Sys=0.00s Real=0.07s
[250.381s][info][gc,start       ] GC(663) Pause Young (Allocation Failure)
[250.453s][info][gc,heap        ] GC(663) PSYoungGen: 581792K->72064K(600064K)
[250.453s][info][gc,heap        ] GC(663) PSOldGen: 246505K->293977K(1398272K)
[250.453s][info][gc,metaspace   ] GC(663) Metaspace: 31796K(32816K)->31796K(32816K) NonClass: 28018K(28592K)->28018K(28592K) Class: 3778K(4224K)->3778K(4224K)
[250.453s][info][gc             ] GC(663) Pause Young (Allocation Failure) 808M->357M(1951M) 72.462ms
[250.453s][info][gc,cpu         ] GC(663) User=0.44s Sys=0.02s Real=0.07s
[250.889s][info][gc,start       ] GC(664) Pause Young (Allocation Failure)
[250.944s][info][gc,heap        ] GC(664) PSYoungGen: 572800K->58368K(599552K)
[250.944s][info][gc,heap        ] GC(664) PSOldGen: 293977K->325785K(1398272K)
[250.944s][info][gc,metaspace   ] GC(664) Metaspace: 31796K(32816K)->31796K(32816K) NonClass: 28018K(28592K)->28018K(28592K) Class: 3778K(4224K)->3778K(4224K)
[250.944s][info][gc             ] GC(664) Pause Young (Allocation Failure) 846M->375M(1951M) 55.235ms
[250.944s][info][gc,cpu         ] GC(664) User=0.28s Sys=0.00s Real=0.06s
[251.074s][info][gc,start       ] GC(665) Pause Young (Allocation Failure)
[251.136s][info][gc,heap        ] GC(665) PSYoungGen: 559104K->69312K(603648K)
[251.136s][info][gc,heap        ] GC(665) PSOldGen: 325785K->371906K(1398272K)
[251.136s][info][gc,metaspace   ] GC(665) Metaspace: 31796K(32816K)->31796K(32816K) NonClass: 28018K(28592K)->28018K(28592K) Class: 3778K(4224K)->3778K(4224K)
[251.136s][info][gc             ] GC(665) Pause Young (Allocation Failure) 864M->430M(1955M) 61.391ms
[251.136s][info][gc,cpu         ] GC(665) User=0.38s Sys=0.00s Real=0.06s
[251.382s][info][gc,start       ] GC(666) Pause Young (Allocation Failure)
[251.442s][info][gc,heap        ] GC(666) PSYoungGen: 576704K->63168K(602624K)
[251.442s][info][gc,heap        ] GC(666) PSOldGen: 371906K->408034K(1398272K)
[251.442s][info][gc,metaspace   ] GC(666) Metaspace: 31796K(32816K)->31796K(32816K) NonClass: 28018K(28592K)->28018K(28592K) Class: 3778K(4224K)->3778K(4224K)
[251.442s][info][gc             ] GC(666) Pause Young (Allocation Failure) 926M->460M(1954M) 59.994ms
[251.442s][info][gc,cpu         ] GC(666) User=0.38s Sys=0.00s Real=0.06s
[251.972s][info][gc,start       ] GC(667) Pause Young (Allocation Failure)
[252.030s][info][gc,heap        ] GC(667) PSYoungGen: 570560K->67776K(608256K)
[252.030s][info][gc,heap        ] GC(667) PSOldGen: 408034K->441050K(1398272K)
[252.030s][info][gc,metaspace   ] GC(667) Metaspace: 31796K(32816K)->31796K(32816K) NonClass: 28018K(28592K)->28018K(28592K) Class: 3778K(4224K)->3778K(4224K)
[252.030s][info][gc             ] GC(667) Pause Young (Allocation Failure) 955M->496M(1959M) 57.913ms
[252.030s][info][gc,cpu         ] GC(667) User=0.38s Sys=0.00s Real=0.07s
[252.174s][info][gc,start       ] GC(668) Pause Young (Allocation Failure)
[252.244s][info][gc,heap        ] GC(668) PSYoungGen: 583872K->75040K(606720K)
[252.244s][info][gc,heap        ] GC(668) PSOldGen: 441050K->493470K(1398272K)
[252.244s][info][gc,metaspace   ] GC(668) Metaspace: 31796K(32816K)->31796K(32816K) NonClass: 28018K(28592K)->28018K(28592K) Class: 3778K(4224K)->3778K(4224K)
[252.244s][info][gc             ] GC(668) Pause Young (Allocation Failure) 1000M->555M(1958M) 70.360ms
[252.244s][info][gc,cpu         ] GC(668) User=0.42s Sys=0.00s Real=0.07s
[252.877s][info][gc,start       ] GC(669) Pause Young (Allocation Failure)
[252.926s][info][gc,heap        ] GC(669) PSYoungGen: 591135K->41440K(603136K)
[252.926s][info][gc,heap        ] GC(669) PSOldGen: 493470K->525958K(1398272K)
[252.926s][info][gc,metaspace   ] GC(669) Metaspace: 31797K(32816K)->31797K(32816K) NonClass: 28019K(28592K)->28019K(28592K) Class: 3778K(4224K)->3778K(4224K)
[252.926s][info][gc             ] GC(669) Pause Young (Allocation Failure) 1059M->554M(1954M) 49.659ms
[252.926s][info][gc,cpu         ] GC(669) User=0.28s Sys=0.00s Real=0.05s
[253.061s][info][gc,start       ] GC(670) Pause Young (Allocation Failure)
[253.121s][info][gc,heap        ] GC(670) PSYoungGen: 552928K->65824K(605184K)
[253.121s][info][gc,heap        ] GC(670) PSOldGen: 525958K->565007K(1398272K)
[253.121s][info][gc,metaspace   ] GC(670) Metaspace: 31797K(32816K)->31797K(32816K) NonClass: 28019K(28592K)->28019K(28592K) Class: 3778K(4224K)->3778K(4224K)
[253.121s][info][gc             ] GC(670) Pause Young (Allocation Failure) 1053M->616M(1956M) 59.736ms
[253.121s][info][gc,cpu         ] GC(670) User=0.36s Sys=0.00s Real=0.06s
[253.253s][info][gc,start       ] GC(671) Pause Young (Allocation Failure)
[253.319s][info][gc,heap        ] GC(671) PSYoungGen: 577312K->68800K(608256K)
[253.319s][info][gc,heap        ] GC(671) PSOldGen: 565007K->619263K(1398272K)
[253.319s][info][gc,metaspace   ] GC(671) Metaspace: 31797K(32816K)->31797K(32816K) NonClass: 28019K(28592K)->28019K(28592K) Class: 3778K(4224K)->3778K(4224K)
[253.319s][info][gc             ] GC(671) Pause Young (Allocation Failure) 1115M->671M(1959M) 66.092ms
[253.319s][info][gc,cpu         ] GC(671) User=0.36s Sys=0.00s Real=0.07s
[254.018s][info][gc,start       ] GC(672) Pause Young (Allocation Failure)
[254.071s][info][gc,heap        ] GC(672) PSYoungGen: 585920K->48288K(607744K)
[254.071s][info][gc,heap        ] GC(672) PSOldGen: 619263K->649911K(1398272K)
[254.071s][info][gc,metaspace   ] GC(672) Metaspace: 31797K(32816K)->31797K(32816K) NonClass: 28019K(28592K)->28019K(28592K) Class: 3778K(4224K)->3778K(4224K)
[254.071s][info][gc             ] GC(672) Pause Young (Allocation Failure) 1176M->681M(1959M) 53.050ms
[254.071s][info][gc,cpu         ] GC(672) User=0.38s Sys=0.00s Real=0.05s
[254.252s][info][gc,start       ] GC(673) Pause Young (Allocation Failure)
[254.319s][info][gc,heap        ] GC(673) PSYoungGen: 565408K->79744K(601088K)
[254.319s][info][gc,heap        ] GC(673) PSOldGen: 649911K->690959K(1398272K)
[254.319s][info][gc,metaspace   ] GC(673) Metaspace: 31797K(32816K)->31797K(32816K) NonClass: 28019K(28592K)->28019K(28592K) Class: 3778K(4224K)->3778K(4224K)
[254.319s][info][gc             ] GC(673) Pause Young (Allocation Failure) 1186M->752M(1952M) 67.700ms
[254.319s][info][gc,cpu         ] GC(673) User=0.38s Sys=0.00s Real=0.07s
[254.455s][info][gc,start       ] GC(674) Pause Young (Allocation Failure)
[254.528s][info][gc,heap        ] GC(674) PSYoungGen: 590208K->69152K(604672K)
[254.528s][info][gc,heap        ] GC(674) PSOldGen: 690959K->755663K(1398272K)
[254.528s][info][gc,metaspace   ] GC(674) Metaspace: 31797K(32816K)->31797K(32816K) NonClass: 28019K(28592K)->28019K(28592K) Class: 3778K(4224K)->3778K(4224K)
[254.528s][info][gc             ] GC(674) Pause Young (Allocation Failure) 1251M->805M(1956M) 72.534ms
[254.528s][info][gc,cpu         ] GC(674) User=0.45s Sys=0.00s Real=0.07s
[255.064s][info][gc,start       ] GC(675) Pause Young (Allocation Failure)
[255.126s][info][gc,heap        ] GC(675) PSYoungGen: 579616K->56896K(607232K)
[255.126s][info][gc,heap        ] GC(675) PSOldGen: 755663K->785823K(1398272K)
[255.126s][info][gc,metaspace   ] GC(675) Metaspace: 31797K(32816K)->31797K(32816K) NonClass: 28019K(28592K)->28019K(28592K) Class: 3778K(4224K)->3778K(4224K)
[255.126s][info][gc             ] GC(675) Pause Young (Allocation Failure) 1303M->822M(1958M) 62.059ms
[255.126s][info][gc,cpu         ] GC(675) User=0.38s Sys=0.00s Real=0.06s
[255.261s][info][gc,start       ] GC(676) Pause Young (Allocation Failure)
[255.325s][info][gc,heap        ] GC(676) PSYoungGen: 570944K->70464K(605696K)
[255.325s][info][gc,heap        ] GC(676) PSOldGen: 785823K->831824K(1398272K)
[255.325s][info][gc,metaspace   ] GC(676) Metaspace: 31797K(32816K)->31797K(32816K) NonClass: 28019K(28592K)->28019K(28592K) Class: 3778K(4224K)->3778K(4224K)
[255.325s][info][gc             ] GC(676) Pause Young (Allocation Failure) 1324M->881M(1957M) 63.898ms
[255.325s][info][gc,cpu         ] GC(676) User=0.38s Sys=0.00s Real=0.07s
[255.526s][info][gc,start       ] GC(677) Pause Young (Allocation Failure)
[255.597s][info][gc,heap        ] GC(677) PSYoungGen: 584512K->68384K(608768K)
[255.597s][info][gc,heap        ] GC(677) PSOldGen: 831824K->873800K(1398272K)
[255.597s][info][gc,metaspace   ] GC(677) Metaspace: 31797K(32816K)->31797K(32816K) NonClass: 28019K(28592K)->28019K(28592K) Class: 3778K(4224K)->3778K(4224K)
[255.597s][info][gc             ] GC(677) Pause Young (Allocation Failure) 1383M->920M(1960M) 71.111ms
[255.597s][info][gc,cpu         ] GC(677) User=0.38s Sys=0.00s Real=0.08s
[256.185s][info][gc,start       ] GC(678) Pause Young (Allocation Failure)
[256.250s][info][gc,heap        ] GC(678) PSYoungGen: 586016K->63264K(607744K)
[256.250s][info][gc,heap        ] GC(678) PSOldGen: 873800K->907680K(1398272K)
[256.250s][info][gc,metaspace   ] GC(678) Metaspace: 31797K(32816K)->31797K(32816K) NonClass: 28019K(28592K)->28019K(28592K) Class: 3778K(4224K)->3778K(4224K)
[256.250s][info][gc             ] GC(678) Pause Young (Allocation Failure) 1425M->948M(1959M) 65.074ms
[256.250s][info][gc,cpu         ] GC(678) User=0.36s Sys=0.00s Real=0.06s
[256.399s][info][gc,start       ] GC(679) Pause Young (Allocation Failure)
[256.467s][info][gc,heap        ] GC(679) PSYoungGen: 580896K->72032K(610304K)
[256.467s][info][gc,heap        ] GC(679) PSOldGen: 907680K->961624K(1398272K)
[256.467s][info][gc,metaspace   ] GC(679) Metaspace: 31797K(32816K)->31797K(32816K) NonClass: 28019K(28592K)->28019K(28592K) Class: 3778K(4224K)->3778K(4224K)
[256.467s][info][gc             ] GC(679) Pause Young (Allocation Failure) 1453M->1009M(1961M) 67.598ms
[256.467s][info][gc,cpu         ] GC(679) User=0.38s Sys=0.00s Real=0.07s
[256.827s][info][gc,start       ] GC(680) Pause Young (Allocation Failure)
[256.885s][info][gc,heap        ] GC(680) PSYoungGen: 594784K->53504K(610816K)
[256.885s][info][gc,heap        ] GC(680) PSOldGen: 961624K->995752K(1398272K)
[256.885s][info][gc,metaspace   ] GC(680) Metaspace: 31797K(32816K)->31797K(32816K) NonClass: 28019K(28592K)->28019K(28592K) Class: 3778K(4224K)->3778K(4224K)
[256.885s][info][gc             ] GC(680) Pause Young (Allocation Failure) 1519M->1024M(1962M) 57.236ms
[256.885s][info][gc,cpu         ] GC(680) User=0.34s Sys=0.00s Real=0.06s
[257.309s][info][gc,start       ] GC(681) Pause Young (Allocation Failure)
[257.373s][info][gc,heap        ] GC(681) PSYoungGen: 576256K->79968K(604672K)
[257.373s][info][gc,heap        ] GC(681) PSOldGen: 995752K->1027360K(1398272K)
[257.373s][info][gc,metaspace   ] GC(681) Metaspace: 31797K(32816K)->31797K(32816K) NonClass: 28019K(28592K)->28019K(28592K) Class: 3778K(4224K)->3778K(4224K)
[257.373s][info][gc             ] GC(681) Pause Young (Allocation Failure) 1535M->1081M(1956M) 63.879ms
[257.373s][info][gc,cpu         ] GC(681) User=0.38s Sys=0.00s Real=0.08s
[257.519s][info][gc,start       ] GC(682) Pause Young (Allocation Failure)
[257.592s][info][gc,heap        ] GC(682) PSYoungGen: 596576K->75648K(592384K)
[257.592s][info][gc,heap        ] GC(682) PSOldGen: 1027360K->1091576K(1398272K)
[257.592s][info][gc,metaspace   ] GC(682) Metaspace: 31797K(32816K)->31797K(32816K) NonClass: 28019K(28592K)->28019K(28592K) Class: 3778K(4224K)->3778K(4224K)
[257.592s][info][gc             ] GC(682) Pause Young (Allocation Failure) 1585M->1139M(1944M) 72.876ms
[257.592s][info][gc,cpu         ] GC(682) User=0.47s Sys=0.00s Real=0.07s
[258.312s][info][gc,start       ] GC(683) Pause Young (Allocation Failure)
[258.371s][info][gc,heap        ] GC(683) PSYoungGen: 592256K->53472K(606720K)
[258.371s][info][gc,heap        ] GC(683) PSOldGen: 1091576K->1123728K(1398272K)
[258.371s][info][gc,metaspace   ] GC(683) Metaspace: 31797K(32816K)->31797K(32816K) NonClass: 28019K(28592K)->28019K(28592K) Class: 3778K(4224K)->3778K(4224K)
[258.371s][info][gc             ] GC(683) Pause Young (Allocation Failure) 1644M->1149M(1958M) 58.468ms
[258.371s][info][gc,cpu         ] GC(683) User=0.38s Sys=0.00s Real=0.06s
[258.506s][info][gc,start       ] GC(684) Pause Young (Allocation Failure)
[258.572s][info][gc,heap        ] GC(684) PSYoungGen: 567520K->69792K(606208K)
[258.572s][info][gc,heap        ] GC(684) PSOldGen: 1123728K->1167605K(1398272K)
[258.572s][info][gc,metaspace   ] GC(684) Metaspace: 31797K(32816K)->31797K(32816K) NonClass: 28019K(28592K)->28019K(28592K) Class: 3778K(4224K)->3778K(4224K)
[258.572s][info][gc             ] GC(684) Pause Young (Allocation Failure) 1651M->1208M(1957M) 65.456ms
[258.572s][info][gc,cpu         ] GC(684) User=0.47s Sys=0.00s Real=0.07s
[258.726s][info][gc,start       ] GC(685) Pause Young (Allocation Failure)
[258.798s][info][gc,heap        ] GC(685) PSYoungGen: 583840K->79648K(602624K)
[258.798s][info][gc,heap        ] GC(685) PSOldGen: 1167605K->1216245K(1398272K)
[258.798s][info][gc,metaspace   ] GC(685) Metaspace: 31797K(32816K)->31797K(32816K) NonClass: 28019K(28592K)->28019K(28592K) Class: 3778K(4224K)->3778K(4224K)
[258.798s][info][gc             ] GC(685) Pause Young (Allocation Failure) 1710M->1265M(1954M) 71.904ms
[258.798s][info][gc,cpu         ] GC(685) User=0.47s Sys=0.00s Real=0.07s
[259.216s][info][gc,start       ] GC(686) Pause Young (System.gc())
[259.260s][info][gc,heap        ] GC(686) PSYoungGen: 318948K->21184K(532992K)
[259.260s][info][gc,heap        ] GC(686) PSOldGen: 1216245K->1250117K(1398272K)
[259.260s][info][gc,metaspace   ] GC(686) Metaspace: 31797K(32816K)->31797K(32816K) NonClass: 28019K(28592K)->28019K(28592K) Class: 3778K(4224K)->3778K(4224K)
[259.260s][info][gc             ] GC(686) Pause Young (System.gc()) 1499M->1241M(1886M) 44.338ms
[259.260s][info][gc,cpu         ] GC(686) User=0.22s Sys=0.02s Real=0.06s
[259.260s][info][gc,start       ] GC(687) Pause Full (System.gc())
[259.261s][info][gc,phases,start] GC(687) Phase 1: Mark live objects
[259.370s][info][gc,phases      ] GC(687) Phase 1: Mark live objects 108.946ms
[259.370s][info][gc,phases,start] GC(687) Phase 2: Compute new object addresses
[259.548s][info][gc,phases      ] GC(687) Phase 2: Compute new object addresses 178.026ms
[259.548s][info][gc,phases,start] GC(687) Phase 3: Adjust pointers
[259.630s][info][gc,phases      ] GC(687) Phase 3: Adjust pointers 82.358ms
[259.630s][info][gc,phases,start] GC(687) Phase 4: Move objects
[259.654s][info][gc,phases      ] GC(687) Phase 4: Move objects 23.440ms
[259.654s][info][gc,heap        ] GC(687) PSYoungGen: 21184K->0K(532992K)
[259.654s][info][gc,heap        ] GC(687) PSOldGen: 1250117K->104310K(1398272K)
[259.654s][info][gc,metaspace   ] GC(687) Metaspace: 31797K(32816K)->31797K(32816K) NonClass: 28019K(28592K)->28019K(28592K) Class: 3778K(4224K)->3778K(4224K)
[259.654s][info][gc             ] GC(687) Pause Full (System.gc()) 1241M->101M(1886M) 393.593ms
[259.654s][info][gc,cpu         ] GC(687) User=0.39s Sys=0.00s Real=0.39s
[259.797s][info][gc,start       ] GC(688) Pause Young (Allocation Failure)
[259.838s][info][gc,heap        ] GC(688) PSYoungGen: 511488K->66400K(602112K)
[259.838s][info][gc,heap        ] GC(688) PSOldGen: 104310K->104310K(1398272K)
[259.838s][info][gc,metaspace   ] GC(688) Metaspace: 31797K(32816K)->31797K(32816K) NonClass: 28019K(28592K)->28019K(28592K) Class: 3778K(4224K)->3778K(4224K)
[259.838s][info][gc             ] GC(688) Pause Young (Allocation Failure) 601M->166M(1953M) 40.798ms
[259.838s][info][gc,cpu         ] GC(688) User=0.28s Sys=0.00s Real=0.04s
[259.982s][info][gc,start       ] GC(689) Pause Young (Allocation Failure)
[260.047s][info][gc,heap        ] GC(689) PSYoungGen: 569696K->78144K(600064K)
[260.047s][info][gc,heap        ] GC(689) PSOldGen: 104310K->152099K(1398272K)
[260.047s][info][gc,metaspace   ] GC(689) Metaspace: 31797K(32816K)->31797K(32816K) NonClass: 28019K(28592K)->28019K(28592K) Class: 3778K(4224K)->3778K(4224K)
[260.047s][info][gc             ] GC(689) Pause Young (Allocation Failure) 658M->224M(1951M) 64.896ms
[260.047s][info][gc,cpu         ] GC(689) User=0.38s Sys=0.00s Real=0.06s
[260.685s][info][gc,start       ] GC(690) Pause Young (Allocation Failure)
[260.742s][info][gc,heap        ] GC(690) PSYoungGen: 581440K->45024K(600064K)
[260.742s][info][gc,heap        ] GC(690) PSOldGen: 152099K->184555K(1398272K)
[260.742s][info][gc,metaspace   ] GC(690) Metaspace: 31797K(32816K)->31797K(32816K) NonClass: 28019K(28592K)->28019K(28592K) Class: 3778K(4224K)->3778K(4224K)
[260.742s][info][gc             ] GC(690) Pause Young (Allocation Failure) 716M->224M(1951M) 57.508ms
[260.742s][info][gc,cpu         ] GC(690) User=0.28s Sys=0.00s Real=0.07s
[260.878s][info][gc,start       ] GC(691) Pause Young (Allocation Failure)
[260.947s][info][gc,heap        ] GC(691) PSYoungGen: 546272K->69792K(600064K)
[260.947s][info][gc,heap        ] GC(691) PSOldGen: 184555K->223091K(1398272K)
[260.947s][info][gc,metaspace   ] GC(691) Metaspace: 31797K(32816K)->31797K(32816K) NonClass: 28019K(28592K)->28019K(28592K) Class: 3778K(4224K)->3778K(4224K)
[260.947s][info][gc             ] GC(691) Pause Young (Allocation Failure) 713M->286M(1951M) 69.050ms
[260.948s][info][gc,cpu         ] GC(691) User=0.47s Sys=0.00s Real=0.07s
[261.089s][info][gc,start       ] GC(692) Pause Young (Allocation Failure)
[261.163s][info][gc,heap        ] GC(692) PSYoungGen: 571040K->77696K(596992K)
[261.163s][info][gc,heap        ] GC(692) PSOldGen: 223091K->274435K(1398272K)
[261.163s][info][gc,metaspace   ] GC(692) Metaspace: 31797K(32816K)->31797K(32816K) NonClass: 28019K(28592K)->28019K(28592K) Class: 3778K(4224K)->3778K(4224K)
[261.163s][info][gc             ] GC(692) Pause Young (Allocation Failure) 775M->343M(1948M) 74.011ms
[261.163s][info][gc,cpu         ] GC(692) User=0.38s Sys=0.00s Real=0.07s
[261.699s][info][gc,start       ] GC(693) Pause Young (Allocation Failure)
[261.760s][info][gc,heap        ] GC(693) PSYoungGen: 576896K->48480K(599040K)
[261.760s][info][gc,heap        ] GC(693) PSOldGen: 274435K->306251K(1398272K)
[261.760s][info][gc,metaspace   ] GC(693) Metaspace: 31797K(32816K)->31797K(32816K) NonClass: 28019K(28592K)->28019K(28592K) Class: 3778K(4224K)->3778K(4224K)
[261.760s][info][gc             ] GC(693) Pause Young (Allocation Failure) 831M->346M(1950M) 61.140ms
[261.760s][info][gc,cpu         ] GC(693) User=0.38s Sys=0.00s Real=0.06s
[261.902s][info][gc,start       ] GC(694) Pause Young (Allocation Failure)
[261.962s][info][gc,heap        ] GC(694) PSYoungGen: 547680K->69152K(601088K)
[261.962s][info][gc,heap        ] GC(694) PSOldGen: 306251K->346924K(1398272K)
[261.962s][info][gc,metaspace   ] GC(694) Metaspace: 31797K(32816K)->31797K(32816K) NonClass: 28019K(28592K)->28019K(28592K) Class: 3778K(4224K)->3778K(4224K)
[261.962s][info][gc             ] GC(694) Pause Young (Allocation Failure) 833M->406M(1952M) 59.556ms
[261.962s][info][gc,cpu         ] GC(694) User=0.38s Sys=0.00s Real=0.06s
[262.091s][info][gc,start       ] GC(695) Pause Young (Allocation Failure)
[262.165s][info][gc,heap        ] GC(695) PSYoungGen: 571424K->68704K(600064K)
[262.165s][info][gc,heap        ] GC(695) PSOldGen: 346924K->403164K(1398272K)
[262.165s][info][gc,metaspace   ] GC(695) Metaspace: 31797K(32816K)->31797K(32816K) NonClass: 28019K(28592K)->28019K(28592K) Class: 3778K(4224K)->3778K(4224K)
[262.165s][info][gc             ] GC(695) Pause Young (Allocation Failure) 896M->460M(1951M) 74.377ms
[262.165s][info][gc,cpu         ] GC(695) User=0.47s Sys=0.00s Real=0.07s
[262.830s][info][gc,start       ] GC(696) Pause Young (Allocation Failure)
[262.889s][info][gc,heap        ] GC(696) PSYoungGen: 570976K->54304K(604160K)
[262.889s][info][gc,heap        ] GC(696) PSOldGen: 403164K->433012K(1398272K)
[262.889s][info][gc,metaspace   ] GC(696) Metaspace: 31797K(32816K)->31797K(32816K) NonClass: 28019K(28592K)->28019K(28592K) Class: 3778K(4224K)->3778K(4224K)
[262.889s][info][gc             ] GC(696) Pause Young (Allocation Failure) 951M->475M(1955M) 59.508ms
[262.889s][info][gc,cpu         ] GC(696) User=0.38s Sys=0.00s Real=0.07s
[263.032s][info][gc,start       ] GC(697) Pause Young (Allocation Failure)
[263.097s][info][gc,heap        ] GC(697) PSYoungGen: 562208K->74784K(602624K)
[263.097s][info][gc,heap        ] GC(697) PSOldGen: 433012K->474072K(1398272K)
[263.097s][info][gc,metaspace   ] GC(697) Metaspace: 31797K(32816K)->31797K(32816K) NonClass: 28019K(28592K)->28019K(28592K) Class: 3778K(4224K)->3778K(4224K)
[263.097s][info][gc             ] GC(697) Pause Young (Allocation Failure) 971M->535M(1954M) 65.281ms
[263.097s][info][gc,cpu         ] GC(697) User=0.38s Sys=0.00s Real=0.07s
[263.252s][info][gc,start       ] GC(698) Pause Young (Allocation Failure)
[263.323s][info][gc,heap        ] GC(698) PSYoungGen: 582688K->72512K(603136K)
[263.323s][info][gc,heap        ] GC(698) PSOldGen: 474072K->528736K(1398272K)
[263.323s][info][gc,metaspace   ] GC(698) Metaspace: 31797K(32816K)->31797K(32816K) NonClass: 28019K(28592K)->28019K(28592K) Class: 3778K(4224K)->3778K(4224K)
[263.323s][info][gc             ] GC(698) Pause Young (Allocation Failure) 1031M->587M(1954M) 71.334ms
[263.323s][info][gc,cpu         ] GC(698) User=0.42s Sys=0.00s Real=0.07s
[263.839s][info][gc,start       ] GC(699) Pause Young (Allocation Failure)
[263.897s][info][gc,heap        ] GC(699) PSYoungGen: 579904K->61888K(603136K)
[263.897s][info][gc,heap        ] GC(699) PSOldGen: 528736K->559840K(1398272K)
[263.897s][info][gc,metaspace   ] GC(699) Metaspace: 31797K(32816K)->31797K(32816K) NonClass: 28019K(28592K)->28019K(28592K) Class: 3778K(4224K)->3778K(4224K)
[263.897s][info][gc             ] GC(699) Pause Young (Allocation Failure) 1082M->607M(1954M) 57.788ms
[263.897s][info][gc,cpu         ] GC(699) User=0.28s Sys=0.00s Real=0.06s
[264.035s][info][gc,start       ] GC(700) Pause Young (Allocation Failure)
[264.098s][info][gc,heap        ] GC(700) PSYoungGen: 569280K->69504K(606720K)
[264.098s][info][gc,heap        ] GC(700) PSOldGen: 559840K->609913K(1398272K)
[264.098s][info][gc,metaspace   ] GC(700) Metaspace: 31797K(32816K)->31797K(32816K) NonClass: 28019K(28592K)->28019K(28592K) Class: 3778K(4224K)->3778K(4224K)
[264.099s][info][gc             ] GC(700) Pause Young (Allocation Failure) 1102M->663M(1958M) 63.691ms
[264.099s][info][gc,cpu         ] GC(700) User=0.38s Sys=0.00s Real=0.06s
[264.291s][info][gc,start       ] GC(701) Pause Young (Allocation Failure)
[264.354s][info][gc,heap        ] GC(701) PSYoungGen: 583040K->64032K(605696K)
[264.354s][info][gc,heap        ] GC(701) PSOldGen: 609913K->647025K(1398272K)
[264.354s][info][gc,metaspace   ] GC(701) Metaspace: 31797K(32816K)->31797K(32816K) NonClass: 28019K(28592K)->28019K(28592K) Class: 3778K(4224K)->3778K(4224K)
[264.354s][info][gc             ] GC(701) Pause Young (Allocation Failure) 1164M->694M(1957M) 63.911ms
[264.355s][info][gc,cpu         ] GC(701) User=0.38s Sys=0.00s Real=0.06s
[264.881s][info][gc,start       ] GC(702) Pause Young (Allocation Failure)
[264.940s][info][gc,heap        ] GC(702) PSYoungGen: 577568K->67424K(610816K)
[264.940s][info][gc,heap        ] GC(702) PSOldGen: 647025K->680353K(1398272K)
[264.940s][info][gc,metaspace   ] GC(702) Metaspace: 31797K(32816K)->31797K(32816K) NonClass: 28019K(28592K)->28019K(28592K) Class: 3778K(4224K)->3778K(4224K)
[264.940s][info][gc             ] GC(702) Pause Young (Allocation Failure) 1195M->730M(1962M) 58.475ms
[264.940s][info][gc,cpu         ] GC(702) User=0.34s Sys=0.00s Real=0.06s
[265.082s][info][gc,start       ] GC(703) Pause Young (Allocation Failure)
[265.149s][info][gc,heap        ] GC(703) PSYoungGen: 588640K->76064K(609280K)
[265.149s][info][gc,heap        ] GC(703) PSOldGen: 680353K->732333K(1398272K)
[265.149s][info][gc,metaspace   ] GC(703) Metaspace: 31797K(32816K)->31797K(32816K) NonClass: 28019K(28592K)->28019K(28592K) Class: 3778K(4224K)->3778K(4224K)
[265.149s][info][gc             ] GC(703) Pause Young (Allocation Failure) 1239M->789M(1960M) 67.221ms
[265.149s][info][gc,cpu         ] GC(703) User=0.44s Sys=0.00s Real=0.07s
[265.894s][info][gc,start       ] GC(704) Pause Young (Allocation Failure)
[265.944s][info][gc,heap        ] GC(704) PSYoungGen: 597280K->38112K(604160K)
[265.944s][info][gc,heap        ] GC(704) PSOldGen: 732333K->765229K(1398272K)
[265.944s][info][gc,metaspace   ] GC(704) Metaspace: 31797K(32816K)->31797K(32816K) NonClass: 28019K(28592K)->28019K(28592K) Class: 3778K(4224K)->3778K(4224K)
[265.944s][info][gc             ] GC(704) Pause Young (Allocation Failure) 1298M->784M(1955M) 50.228ms
[265.944s][info][gc,cpu         ] GC(704) User=0.28s Sys=0.00s Real=0.05s
[266.092s][info][gc,start       ] GC(705) Pause Young (Allocation Failure)
[266.154s][info][gc,heap        ] GC(705) PSYoungGen: 552672K->70464K(606720K)
[266.154s][info][gc,heap        ] GC(705) PSOldGen: 765229K->801277K(1398272K)
[266.154s][info][gc,metaspace   ] GC(705) Metaspace: 31797K(32816K)->31797K(32816K) NonClass: 28019K(28592K)->28019K(28592K) Class: 3778K(4224K)->3778K(4224K)
[266.154s][info][gc             ] GC(705) Pause Young (Allocation Failure) 1287M->851M(1958M) 61.681ms
[266.154s][info][gc,cpu         ] GC(705) User=0.38s Sys=0.00s Real=0.06s
[266.293s][info][gc,start       ] GC(706) Pause Young (Allocation Failure)
[266.360s][info][gc,heap        ] GC(706) PSYoungGen: 585024K->72416K(606720K)
[266.360s][info][gc,heap        ] GC(706) PSOldGen: 801277K->857390K(1398272K)
[266.360s][info][gc,metaspace   ] GC(706) Metaspace: 31797K(32816K)->31797K(32816K) NonClass: 28019K(28592K)->28019K(28592K) Class: 3778K(4224K)->3778K(4224K)
[266.360s][info][gc             ] GC(706) Pause Young (Allocation Failure) 1353M->908M(1958M) 67.170ms
[266.360s][info][gc,cpu         ] GC(706) User=0.36s Sys=0.00s Real=0.07s
[266.938s][info][gc,start       ] GC(707) Pause Young (Allocation Failure)
[266.998s][info][gc,heap        ] GC(707) PSYoungGen: 586976K->49696K(606720K)
[266.998s][info][gc,heap        ] GC(707) PSOldGen: 857390K->888638K(1398272K)
[266.998s][info][gc,metaspace   ] GC(707) Metaspace: 31797K(32816K)->31797K(32816K) NonClass: 28019K(28592K)->28019K(28592K) Class: 3778K(4224K)->3778K(4224K)
[266.998s][info][gc             ] GC(707) Pause Young (Allocation Failure) 1410M->916M(1958M) 59.159ms
[266.998s][info][gc,cpu         ] GC(707) User=0.36s Sys=0.02s Real=0.06s
[267.143s][info][gc,start       ] GC(708) Pause Young (Allocation Failure)
[267.208s][info][gc,heap        ] GC(708) PSYoungGen: 564256K->74336K(604672K)
[267.208s][info][gc,heap        ] GC(708) PSOldGen: 888638K->929386K(1398272K)
[267.208s][info][gc,metaspace   ] GC(708) Metaspace: 31797K(32816K)->31797K(32816K) NonClass: 28019K(28592K)->28019K(28592K) Class: 3778K(4224K)->3778K(4224K)
[267.208s][info][gc             ] GC(708) Pause Young (Allocation Failure) 1418M->980M(1956M) 64.949ms
[267.208s][info][gc,cpu         ] GC(708) User=0.38s Sys=0.00s Real=0.07s
[267.356s][info][gc,start       ] GC(709) Pause Young (Allocation Failure)
[267.435s][info][gc,heap        ] GC(709) PSYoungGen: 586848K->77632K(590336K)
[267.435s][info][gc,heap        ] GC(709) PSOldGen: 929386K->985554K(1398272K)
[267.435s][info][gc,metaspace   ] GC(709) Metaspace: 31797K(32816K)->31797K(32816K) NonClass: 28019K(28592K)->28019K(28592K) Class: 3778K(4224K)->3778K(4224K)
[267.435s][info][gc             ] GC(709) Pause Young (Allocation Failure) 1480M->1038M(1942M) 78.993ms
[267.435s][info][gc,cpu         ] GC(709) User=0.44s Sys=0.00s Real=0.08s
[267.978s][info][gc,start       ] GC(710) Pause Young (Allocation Failure)
[268.035s][info][gc,heap        ] GC(710) PSYoungGen: 590144K->58624K(605184K)
[268.035s][info][gc,heap        ] GC(710) PSOldGen: 985554K->1017962K(1398272K)
[268.035s][info][gc,metaspace   ] GC(710) Metaspace: 31798K(32816K)->31798K(32816K) NonClass: 28020K(28592K)->28020K(28592K) Class: 3778K(4224K)->3778K(4224K)
[268.035s][info][gc             ] GC(710) Pause Young (Allocation Failure) 1538M->1051M(1956M) 57.298ms
[268.035s][info][gc,cpu         ] GC(710) User=0.27s Sys=0.02s Real=0.06s
[268.162s][info][gc,start       ] GC(711) Pause Young (Allocation Failure)
[268.230s][info][gc,heap        ] GC(711) PSYoungGen: 568576K->67072K(603648K)
[268.230s][info][gc,heap        ] GC(711) PSOldGen: 1017962K->1067726K(1398272K)
[268.230s][info][gc,metaspace   ] GC(711) Metaspace: 31798K(32816K)->31798K(32816K) NonClass: 28020K(28592K)->28020K(28592K) Class: 3778K(4224K)->3778K(4224K)
[268.230s][info][gc             ] GC(711) Pause Young (Allocation Failure) 1549M->1108M(1955M) 68.056ms
[268.230s][info][gc,cpu         ] GC(711) User=0.42s Sys=0.00s Real=0.07s
[268.438s][info][gc,start       ] GC(712) Pause Young (Allocation Failure)
[268.506s][info][gc,heap        ] GC(712) PSYoungGen: 577024K->80544K(601088K)
[268.506s][info][gc,heap        ] GC(712) PSOldGen: 1067726K->1100998K(1398272K)
[268.506s][info][gc,metaspace   ] GC(712) Metaspace: 31798K(32816K)->31798K(32816K) NonClass: 28020K(28592K)->28020K(28592K) Class: 3778K(4224K)->3778K(4224K)
[268.506s][info][gc             ] GC(712) Pause Young (Allocation Failure) 1606M->1153M(1952M) 68.204ms
[268.506s][info][gc,cpu         ] GC(712) User=0.38s Sys=0.00s Real=0.07s
[268.904s][info][gc,start       ] GC(713) Pause Young (Allocation Failure)
[268.964s][info][gc,heap        ] GC(713) PSYoungGen: 589984K->62336K(604160K)
[268.964s][info][gc,heap        ] GC(713) PSOldGen: 1100998K->1137254K(1398272K)
[268.964s][info][gc,metaspace   ] GC(713) Metaspace: 31798K(32816K)->31798K(32816K) NonClass: 28020K(28592K)->28020K(28592K) Class: 3778K(4224K)->3778K(4224K)
[268.964s][info][gc             ] GC(713) Pause Young (Allocation Failure) 1651M->1171M(1955M) 59.314ms
[268.964s][info][gc,cpu         ] GC(713) User=0.38s Sys=0.00s Real=0.06s
[269.095s][info][gc,start       ] GC(714) Pause Young (Allocation Failure)
[269.164s][info][gc,heap        ] GC(714) PSYoungGen: 571776K->71808K(606720K)
[269.164s][info][gc,heap        ] GC(714) PSOldGen: 1137254K->1186911K(1398272K)
[269.164s][info][gc,metaspace   ] GC(714) Metaspace: 31798K(32816K)->31798K(32816K) NonClass: 28020K(28592K)->28020K(28592K) Class: 3778K(4224K)->3778K(4224K)
[269.164s][info][gc             ] GC(714) Pause Young (Allocation Failure) 1668M->1229M(1958M) 68.462ms
[269.164s][info][gc,cpu         ] GC(714) User=0.38s Sys=0.00s Real=0.07s
[269.508s][info][gc,start       ] GC(715) Pause Young (Allocation Failure)
[269.564s][info][gc,heap        ] GC(715) PSYoungGen: 585856K->54912K(606208K)
[269.564s][info][gc,heap        ] GC(715) PSOldGen: 1186911K->1218375K(1398272K)
[269.564s][info][gc,metaspace   ] GC(715) Metaspace: 31798K(32816K)->31798K(32816K) NonClass: 28020K(28592K)->28020K(28592K) Class: 3778K(4224K)->3778K(4224K)
[269.564s][info][gc             ] GC(715) Pause Young (Allocation Failure) 1731M->1243M(1957M) 56.903ms
[269.564s][info][gc,cpu         ] GC(715) User=0.38s Sys=0.00s Real=0.06s
[269.760s][info][gc,start       ] GC(716) Pause Young (System.gc())
[269.790s][info][gc,heap        ] GC(716) PSYoungGen: 103444K->6400K(591872K)
[269.790s][info][gc,heap        ] GC(716) PSOldGen: 1218375K->1254519K(1398272K)
[269.790s][info][gc,metaspace   ] GC(716) Metaspace: 31798K(32816K)->31798K(32816K) NonClass: 28020K(28592K)->28020K(28592K) Class: 3778K(4224K)->3778K(4224K)
[269.790s][info][gc             ] GC(716) Pause Young (System.gc()) 1290M->1231M(1943M) 29.869ms
[269.790s][info][gc,cpu         ] GC(716) User=0.19s Sys=0.00s Real=0.04s
[269.790s][info][gc,start       ] GC(717) Pause Full (System.gc())
[269.790s][info][gc,phases,start] GC(717) Phase 1: Mark live objects
[269.904s][info][gc,phases      ] GC(717) Phase 1: Mark live objects 113.218ms
[269.904s][info][gc,phases,start] GC(717) Phase 2: Compute new object addresses
[270.078s][info][gc,phases      ] GC(717) Phase 2: Compute new object addresses 174.076ms
[270.078s][info][gc,phases,start] GC(717) Phase 3: Adjust pointers
[270.157s][info][gc,phases      ] GC(717) Phase 3: Adjust pointers 78.832ms
[270.157s][info][gc,phases,start] GC(717) Phase 4: Move objects
[270.179s][info][gc,phases      ] GC(717) Phase 4: Move objects 22.798ms
[270.180s][info][gc,heap        ] GC(717) PSYoungGen: 6400K->0K(591872K)
[270.180s][info][gc,heap        ] GC(717) PSOldGen: 1254519K->104604K(1398272K)
[270.180s][info][gc,metaspace   ] GC(717) Metaspace: 31798K(32816K)->31798K(32816K) NonClass: 28020K(28592K)->28020K(28592K) Class: 3778K(4224K)->3778K(4224K)
[270.180s][info][gc             ] GC(717) Pause Full (System.gc()) 1231M->102M(1943M) 389.731ms
[270.180s][info][gc,cpu         ] GC(717) User=0.38s Sys=0.00s Real=0.38s
[270.320s][info][gc,start       ] GC(718) Pause Young (Allocation Failure)
[270.363s][info][gc,heap        ] GC(718) PSYoungGen: 500224K->66976K(599552K)
[270.363s][info][gc,heap        ] GC(718) PSOldGen: 104604K->104604K(1398272K)
[270.363s][info][gc,metaspace   ] GC(718) Metaspace: 31804K(32816K)->31804K(32816K) NonClass: 28026K(28592K)->28026K(28592K) Class: 3778K(4224K)->3778K(4224K)
[270.363s][info][gc             ] GC(718) Pause Young (Allocation Failure) 590M->167M(1951M) 43.679ms
[270.363s][info][gc,cpu         ] GC(718) User=0.27s Sys=0.00s Real=0.04s
[270.489s][info][gc,start       ] GC(719) Pause Young (Allocation Failure)
[270.558s][info][gc,heap        ] GC(719) PSYoungGen: 567200K->65024K(603136K)
[270.558s][info][gc,heap        ] GC(719) PSOldGen: 104604K->161004K(1398272K)
[270.558s][info][gc,metaspace   ] GC(719) Metaspace: 31804K(32816K)->31804K(32816K) NonClass: 28026K(28592K)->28026K(28592K) Class: 3778K(4224K)->3778K(4224K)
[270.558s][info][gc             ] GC(719) Pause Young (Allocation Failure) 656M->220M(1954M) 69.407ms
[270.558s][info][gc,cpu         ] GC(719) User=0.45s Sys=0.00s Real=0.07s
[271.312s][info][gc,start       ] GC(720) Pause Young (Allocation Failure)
[271.360s][info][gc,heap        ] GC(720) PSYoungGen: 570368K->43136K(601088K)
[271.360s][info][gc,heap        ] GC(720) PSOldGen: 161004K->190180K(1398272K)
[271.360s][info][gc,metaspace   ] GC(720) Metaspace: 31805K(32816K)->31805K(32816K) NonClass: 28027K(28592K)->28027K(28592K) Class: 3778K(4224K)->3778K(4224K)
[271.360s][info][gc             ] GC(720) Pause Young (Allocation Failure) 714M->227M(1952M) 48.735ms
[271.361s][info][gc,cpu         ] GC(720) User=0.28s Sys=0.00s Real=0.05s
[271.489s][info][gc,start       ] GC(721) Pause Young (Allocation Failure)
[271.549s][info][gc,heap        ] GC(721) PSYoungGen: 548480K->64288K(605184K)
[271.549s][info][gc,heap        ] GC(721) PSOldGen: 190180K->230541K(1398272K)
[271.549s][info][gc,metaspace   ] GC(721) Metaspace: 31805K(32816K)->31805K(32816K) NonClass: 28027K(28592K)->28027K(28592K) Class: 3778K(4224K)->3778K(4224K)
[271.549s][info][gc             ] GC(721) Pause Young (Allocation Failure) 721M->287M(1956M) 60.381ms
[271.549s][info][gc,cpu         ] GC(721) User=0.36s Sys=0.00s Real=0.06s
[271.691s][info][gc,start       ] GC(722) Pause Young (Allocation Failure)
[271.754s][info][gc,heap        ] GC(722) PSYoungGen: 574240K->74656K(584704K)
[271.754s][info][gc,heap        ] GC(722) PSOldGen: 230541K->278845K(1398272K)
[271.754s][info][gc,metaspace   ] GC(722) Metaspace: 31805K(32816K)->31805K(32816K) NonClass: 28027K(28592K)->28027K(28592K) Class: 3778K(4224K)->3778K(4224K)
[271.754s][info][gc             ] GC(722) Pause Young (Allocation Failure) 785M->345M(1936M) 63.647ms
[271.754s][info][gc,cpu         ] GC(722) User=0.38s Sys=0.00s Real=0.06s
[272.357s][info][gc,start       ] GC(723) Pause Young (Allocation Failure)
[272.409s][info][gc,heap        ] GC(723) PSYoungGen: 584608K->47456K(604160K)
[272.409s][info][gc,heap        ] GC(723) PSOldGen: 278845K->310533K(1398272K)
[272.409s][info][gc,metaspace   ] GC(723) Metaspace: 31807K(32816K)->31807K(32816K) NonClass: 28029K(28592K)->28029K(28592K) Class: 3778K(4224K)->3778K(4224K)
[272.409s][info][gc             ] GC(723) Pause Young (Allocation Failure) 843M->349M(1955M) 51.853ms
[272.409s][info][gc,cpu         ] GC(723) User=0.28s Sys=0.00s Real=0.05s
[272.553s][info][gc,start       ] GC(724) Pause Young (Allocation Failure)
[272.614s][info][gc,heap        ] GC(724) PSYoungGen: 555872K->66880K(603136K)
[272.614s][info][gc,heap        ] GC(724) PSOldGen: 310533K->353809K(1398272K)
[272.614s][info][gc,metaspace   ] GC(724) Metaspace: 31807K(32816K)->31807K(32816K) NonClass: 28029K(28592K)->28029K(28592K) Class: 3778K(4224K)->3778K(4224K)
[272.614s][info][gc             ] GC(724) Pause Young (Allocation Failure) 846M->410M(1954M) 60.929ms
[272.614s][info][gc,cpu         ] GC(724) User=0.36s Sys=0.00s Real=0.06s
[272.746s][info][gc,start       ] GC(725) Pause Young (Allocation Failure)
[272.809s][info][gc,heap        ] GC(725) PSYoungGen: 575296K->67520K(605696K)
[272.809s][info][gc,heap        ] GC(725) PSOldGen: 353809K->407505K(1398272K)
[272.809s][info][gc,metaspace   ] GC(725) Metaspace: 31807K(32816K)->31807K(32816K) NonClass: 28029K(28592K)->28029K(28592K) Class: 3778K(4224K)->3778K(4224K)
[272.809s][info][gc             ] GC(725) Pause Young (Allocation Failure) 907M->463M(1957M) 62.769ms
[272.809s][info][gc,cpu         ] GC(725) User=0.38s Sys=0.00s Real=0.06s
[273.406s][info][gc,start       ] GC(726) Pause Young (Allocation Failure)
[273.457s][info][gc,heap        ] GC(726) PSYoungGen: 579520K->51232K(605184K)
[273.457s][info][gc,heap        ] GC(726) PSOldGen: 407505K->437225K(1398272K)
[273.457s][info][gc,metaspace   ] GC(726) Metaspace: 31807K(32816K)->31807K(32816K) NonClass: 28029K(28592K)->28029K(28592K) Class: 3778K(4224K)->3778K(4224K)
[273.457s][info][gc             ] GC(726) Pause Young (Allocation Failure) 963M->477M(1956M) 51.476ms
[273.457s][info][gc,cpu         ] GC(726) User=0.28s Sys=0.00s Real=0.06s
[273.598s][info][gc,start       ] GC(727) Pause Young (Allocation Failure)
[273.661s][info][gc,heap        ] GC(727) PSYoungGen: 563232K->73376K(604160K)
[273.662s][info][gc,heap        ] GC(727) PSOldGen: 437225K->477574K(1398272K)
[273.662s][info][gc,metaspace   ] GC(727) Metaspace: 31807K(32816K)->31807K(32816K) NonClass: 28029K(28592K)->28029K(28592K) Class: 3778K(4224K)->3778K(4224K)
[273.662s][info][gc             ] GC(727) Pause Young (Allocation Failure) 977M->538M(1955M) 63.089ms
[273.662s][info][gc,cpu         ] GC(727) User=0.33s Sys=0.00s Real=0.06s
[273.804s][info][gc,start       ] GC(728) Pause Young (Allocation Failure)
[273.872s][info][gc,heap        ] GC(728) PSYoungGen: 585888K->73024K(585728K)
[273.872s][info][gc,heap        ] GC(728) PSOldGen: 477574K->533870K(1398272K)
[273.872s][info][gc,metaspace   ] GC(728) Metaspace: 31807K(32816K)->31807K(32816K) NonClass: 28029K(28592K)->28029K(28592K) Class: 3778K(4224K)->3778K(4224K)
[273.873s][info][gc             ] GC(728) Pause Young (Allocation Failure) 1038M->592M(1937M) 68.371ms
[273.873s][info][gc,cpu         ] GC(728) User=0.45s Sys=0.00s Real=0.07s
[274.376s][info][gc,start       ] GC(729) Pause Young (Allocation Failure)
[274.432s][info][gc,heap        ] GC(729) PSYoungGen: 585536K->56832K(606720K)
[274.432s][info][gc,heap        ] GC(729) PSOldGen: 533870K->565382K(1398272K)
[274.432s][info][gc,metaspace   ] GC(729) Metaspace: 31807K(32816K)->31807K(32816K) NonClass: 28029K(28592K)->28029K(28592K) Class: 3778K(4224K)->3778K(4224K)
[274.433s][info][gc             ] GC(729) Pause Young (Allocation Failure) 1093M->607M(1958M) 56.599ms
[274.433s][info][gc,cpu         ] GC(729) User=0.34s Sys=0.00s Real=0.06s
[274.567s][info][gc,start       ] GC(730) Pause Young (Allocation Failure)
[274.631s][info][gc,heap        ] GC(730) PSYoungGen: 568832K->73024K(604160K)
[274.631s][info][gc,heap        ] GC(730) PSOldGen: 565382K->607918K(1398272K)
[274.631s][info][gc,metaspace   ] GC(730) Metaspace: 31807K(32816K)->31807K(32816K) NonClass: 28029K(28592K)->28029K(28592K) Class: 3778K(4224K)->3778K(4224K)
[274.631s][info][gc             ] GC(730) Pause Young (Allocation Failure) 1107M->664M(1955M) 64.350ms
[274.631s][info][gc,cpu         ] GC(730) User=0.27s Sys=0.00s Real=0.07s
[274.791s][info][gc,start       ] GC(731) Pause Young (Allocation Failure)
[274.864s][info][gc,heap        ] GC(731) PSYoungGen: 585024K->70368K(605696K)
[274.864s][info][gc,heap        ] GC(731) PSOldGen: 607918K->655038K(1398272K)
[274.864s][info][gc,metaspace   ] GC(731) Metaspace: 31807K(32816K)->31807K(32816K) NonClass: 28029K(28592K)->28029K(28592K) Class: 3778K(4224K)->3778K(4224K)
[274.864s][info][gc             ] GC(731) Pause Young (Allocation Failure) 1164M->708M(1957M) 72.209ms
[274.864s][info][gc,cpu         ] GC(731) User=0.38s Sys=0.00s Real=0.07s
[275.515s][info][gc,start       ] GC(732) Pause Young (Allocation Failure)
[275.573s][info][gc,heap        ] GC(732) PSYoungGen: 582880K->61824K(605696K)
[275.573s][info][gc,heap        ] GC(732) PSOldGen: 655038K->686702K(1398272K)
[275.573s][info][gc,metaspace   ] GC(732) Metaspace: 31808K(32816K)->31808K(32816K) NonClass: 28030K(28592K)->28030K(28592K) Class: 3778K(4224K)->3778K(4224K)
[275.573s][info][gc             ] GC(732) Pause Young (Allocation Failure) 1208M->730M(1957M) 58.475ms
[275.573s][info][gc,cpu         ] GC(732) User=0.36s Sys=0.02s Real=0.06s
[275.726s][info][gc,start       ] GC(733) Pause Young (Allocation Failure)
[275.792s][info][gc,heap        ] GC(733) PSYoungGen: 574336K->80512K(601088K)
[275.793s][info][gc,heap        ] GC(733) PSOldGen: 686702K->730699K(1398272K)
[275.793s][info][gc,metaspace   ] GC(733) Metaspace: 31808K(32816K)->31808K(32816K) NonClass: 28030K(28592K)->28030K(28592K) Class: 3778K(4224K)->3778K(4224K)
[275.793s][info][gc             ] GC(733) Pause Young (Allocation Failure) 1231M->792M(1952M) 66.365ms
[275.793s][info][gc,cpu         ] GC(733) User=0.41s Sys=0.00s Real=0.07s
[276.118s][info][gc,start       ] GC(734) Pause Young (Allocation Failure)
[276.180s][info][gc,heap        ] GC(734) PSYoungGen: 590976K->57312K(604672K)
[276.180s][info][gc,heap        ] GC(734) PSOldGen: 730699K->764891K(1398272K)
[276.180s][info][gc,metaspace   ] GC(734) Metaspace: 31808K(32816K)->31808K(32816K) NonClass: 28030K(28592K)->28030K(28592K) Class: 3778K(4224K)->3778K(4224K)
[276.180s][info][gc             ] GC(734) Pause Young (Allocation Failure) 1290M->802M(1956M) 62.111ms
[276.180s][info][gc,cpu         ] GC(734) User=0.28s Sys=0.00s Real=0.07s
[276.546s][info][gc,start       ] GC(735) Pause Young (Allocation Failure)
[276.601s][info][gc,heap        ] GC(735) PSYoungGen: 567776K->63104K(608768K)
[276.601s][info][gc,heap        ] GC(735) PSOldGen: 764891K->797715K(1398272K)
[276.601s][info][gc,metaspace   ] GC(735) Metaspace: 31808K(32816K)->31808K(32816K) NonClass: 28030K(28592K)->28030K(28592K) Class: 3778K(4224K)->3778K(4224K)
[276.602s][info][gc             ] GC(735) Pause Young (Allocation Failure) 1301M->840M(1960M) 55.612ms
[276.602s][info][gc,cpu         ] GC(735) User=0.28s Sys=0.00s Real=0.06s
[276.747s][info][gc,start       ] GC(736) Pause Young (Allocation Failure)
[276.813s][info][gc,heap        ] GC(736) PSYoungGen: 579200K->77024K(606208K)
[276.813s][info][gc,heap        ] GC(736) PSOldGen: 797715K->844763K(1398272K)
[276.813s][info][gc,metaspace   ] GC(736) Metaspace: 31808K(32816K)->31808K(32816K) NonClass: 28030K(28592K)->28030K(28592K) Class: 3778K(4224K)->3778K(4224K)
[276.813s][info][gc             ] GC(736) Pause Young (Allocation Failure) 1344M->900M(1957M) 66.095ms
[276.813s][info][gc,cpu         ] GC(736) User=0.34s Sys=0.03s Real=0.07s
[277.468s][info][gc,start       ] GC(737) Pause Young (Allocation Failure)
[277.516s][info][gc,heap        ] GC(737) PSYoungGen: 593120K->37888K(602624K)
[277.516s][info][gc,heap        ] GC(737) PSOldGen: 844763K->877891K(1398272K)
[277.516s][info][gc,metaspace   ] GC(737) Metaspace: 31810K(32816K)->31810K(32816K) NonClass: 28032K(28592K)->28032K(28592K) Class: 3778K(4224K)->3778K(4224K)
[277.516s][info][gc             ] GC(737) Pause Young (Allocation Failure) 1404M->894M(1954M) 47.691ms
[277.516s][info][gc,cpu         ] GC(737) User=0.28s Sys=0.00s Real=0.05s
[277.660s][info][gc,start       ] GC(738) Pause Young (Allocation Failure)
[277.722s][info][gc,heap        ] GC(738) PSYoungGen: 548352K->67424K(604672K)
[277.722s][info][gc,heap        ] GC(738) PSOldGen: 877891K->913771K(1398272K)
[277.722s][info][gc,metaspace   ] GC(738) Metaspace: 31810K(32816K)->31810K(32816K) NonClass: 28032K(28592K)->28032K(28592K) Class: 3778K(4224K)->3778K(4224K)
[277.722s][info][gc             ] GC(738) Pause Young (Allocation Failure) 1392M->958M(1956M) 61.830ms
[277.722s][info][gc,cpu         ] GC(738) User=0.36s Sys=0.00s Real=0.06s
[277.853s][info][gc,start       ] GC(739) Pause Young (Allocation Failure)
[277.917s][info][gc,heap        ] GC(739) PSYoungGen: 577888K->69120K(606720K)
[277.917s][info][gc,heap        ] GC(739) PSOldGen: 913771K->967507K(1398272K)
[277.917s][info][gc,metaspace   ] GC(739) Metaspace: 31810K(32816K)->31810K(32816K) NonClass: 28032K(28592K)->28032K(28592K) Class: 3778K(4224K)->3778K(4224K)
[277.917s][info][gc             ] GC(739) Pause Young (Allocation Failure) 1456M->1012M(1958M) 64.145ms
[277.917s][info][gc,cpu         ] GC(739) User=0.38s Sys=0.00s Real=0.06s
[278.605s][info][gc,start       ] GC(740) Pause Young (Allocation Failure)
[278.662s][info][gc,heap        ] GC(740) PSYoungGen: 583168K->42272K(556544K)
[278.662s][info][gc,heap        ] GC(740) PSOldGen: 967507K->997587K(1398272K)
[278.662s][info][gc,metaspace   ] GC(740) Metaspace: 31810K(32816K)->31810K(32816K) NonClass: 28032K(28592K)->28032K(28592K) Class: 3778K(4224K)->3778K(4224K)
[278.662s][info][gc             ] GC(740) Pause Young (Allocation Failure) 1514M->1015M(1909M) 56.488ms
[278.662s][info][gc,cpu         ] GC(740) User=0.28s Sys=0.00s Real=0.06s
[278.802s][info][gc,start       ] GC(741) Pause Young (Allocation Failure)
[278.861s][info][gc,heap        ] GC(741) PSYoungGen: 556320K->68384K(606720K)
[278.861s][info][gc,heap        ] GC(741) PSOldGen: 997587K->1035000K(1398272K)
[278.861s][info][gc,metaspace   ] GC(741) Metaspace: 31810K(32816K)->31810K(32816K) NonClass: 28032K(28592K)->28032K(28592K) Class: 3778K(4224K)->3778K(4224K)
[278.861s][info][gc             ] GC(741) Pause Young (Allocation Failure) 1517M->1077M(1958M) 59.285ms
[278.861s][info][gc,cpu         ] GC(741) User=0.38s Sys=0.00s Real=0.06s
[279.010s][info][gc,start       ] GC(742) Pause Young (Allocation Failure)
[279.087s][info][gc,heap        ] GC(742) PSYoungGen: 581920K->78752K(592384K)
[279.087s][info][gc,heap        ] GC(742) PSOldGen: 1035000K->1085576K(1398272K)
[279.087s][info][gc,metaspace   ] GC(742) Metaspace: 31810K(32816K)->31810K(32816K) NonClass: 28032K(28592K)->28032K(28592K) Class: 3778K(4224K)->3778K(4224K)
[279.087s][info][gc             ] GC(742) Pause Young (Allocation Failure) 1579M->1137M(1944M) 77.674ms
[279.087s][info][gc,cpu         ] GC(742) User=0.47s Sys=0.00s Real=0.08s
[279.732s][info][gc,start       ] GC(743) Pause Young (Allocation Failure)
[279.792s][info][gc,heap        ] GC(743) PSYoungGen: 592288K->50048K(604160K)
[279.792s][info][gc,heap        ] GC(743) PSOldGen: 1085576K->1118000K(1398272K)
[279.792s][info][gc,metaspace   ] GC(743) Metaspace: 31812K(32816K)->31812K(32816K) NonClass: 28034K(28592K)->28034K(28592K) Class: 3778K(4224K)->3778K(4224K)
[279.792s][info][gc             ] GC(743) Pause Young (Allocation Failure) 1638M->1140M(1955M) 60.347ms
[279.792s][info][gc,cpu         ] GC(743) User=0.38s Sys=0.00s Real=0.06s
[279.938s][info][gc,start       ] GC(744) Pause Young (Allocation Failure)
[280.000s][info][gc,heap        ] GC(744) PSYoungGen: 558976K->70560K(603648K)
[280.000s][info][gc,heap        ] GC(744) PSOldGen: 1118000K->1159732K(1398272K)
[280.000s][info][gc,metaspace   ] GC(744) Metaspace: 31812K(32816K)->31812K(32816K) NonClass: 28034K(28592K)->28034K(28592K) Class: 3778K(4224K)->3778K(4224K)
[280.000s][info][gc             ] GC(744) Pause Young (Allocation Failure) 1637M->1201M(1955M) 62.678ms
[280.000s][info][gc,cpu         ] GC(744) User=0.38s Sys=0.00s Real=0.06s
[280.123s][info][gc,start       ] GC(745) Pause Young (Allocation Failure)
[280.192s][info][gc,heap        ] GC(745) PSYoungGen: 579488K->63840K(607232K)
[280.192s][info][gc,heap        ] GC(745) PSOldGen: 1159732K->1219732K(1398272K)
[280.192s][info][gc,metaspace   ] GC(745) Metaspace: 31812K(32816K)->31812K(32816K) NonClass: 28034K(28592K)->28034K(28592K) Class: 3778K(4224K)->3778K(4224K)
[280.192s][info][gc             ] GC(745) Pause Young (Allocation Failure) 1698M->1253M(1958M) 69.596ms
[280.192s][info][gc,cpu         ] GC(745) User=0.38s Sys=0.00s Real=0.07s
[280.776s][info][gc,start       ] GC(746) Pause Young (System.gc())
[280.828s][info][gc,heap        ] GC(746) PSYoungGen: 395805K->26880K(537088K)
[280.828s][info][gc,heap        ] GC(746) PSOldGen: 1219732K->1248612K(1398272K)
[280.828s][info][gc,metaspace   ] GC(746) Metaspace: 31812K(32816K)->31812K(32816K) NonClass: 28034K(28592K)->28034K(28592K) Class: 3778K(4224K)->3778K(4224K)
[280.828s][info][gc             ] GC(746) Pause Young (System.gc()) 1577M->1245M(1890M) 52.377ms
[280.828s][info][gc,cpu         ] GC(746) User=0.28s Sys=0.00s Real=0.05s
[280.828s][info][gc,start       ] GC(747) Pause Full (System.gc())
[280.829s][info][gc,phases,start] GC(747) Phase 1: Mark live objects
[280.946s][info][gc,phases      ] GC(747) Phase 1: Mark live objects 117.215ms
[280.946s][info][gc,phases,start] GC(747) Phase 2: Compute new object addresses
[281.124s][info][gc,phases      ] GC(747) Phase 2: Compute new object addresses 177.518ms
[281.124s][info][gc,phases,start] GC(747) Phase 3: Adjust pointers
[281.208s][info][gc,phases      ] GC(747) Phase 3: Adjust pointers 84.137ms
[281.208s][info][gc,phases,start] GC(747) Phase 4: Move objects
[281.232s][info][gc,phases      ] GC(747) Phase 4: Move objects 24.637ms
[281.233s][info][gc,heap        ] GC(747) PSYoungGen: 26880K->0K(537088K)
[281.233s][info][gc,heap        ] GC(747) PSOldGen: 1248612K->104416K(1398272K)
[281.233s][info][gc,metaspace   ] GC(747) Metaspace: 31812K(32816K)->31812K(32816K) NonClass: 28034K(28592K)->28034K(28592K) Class: 3778K(4224K)->3778K(4224K)
[281.233s][info][gc             ] GC(747) Pause Full (System.gc()) 1245M->101M(1890M) 404.532ms
[281.233s][info][gc,cpu         ] GC(747) User=0.41s Sys=0.00s Real=0.41s
[281.372s][info][gc,start       ] GC(748) Pause Young (Allocation Failure)
[281.410s][info][gc,heap        ] GC(748) PSYoungGen: 509952K->64800K(605696K)
[281.410s][info][gc,heap        ] GC(748) PSOldGen: 104416K->104416K(1398272K)
[281.410s][info][gc,metaspace   ] GC(748) Metaspace: 31816K(32816K)->31816K(32816K) NonClass: 28038K(28592K)->28038K(28592K) Class: 3778K(4224K)->3778K(4224K)
[281.410s][info][gc             ] GC(748) Pause Young (Allocation Failure) 599M->165M(1957M) 37.420ms
[281.410s][info][gc,cpu         ] GC(748) User=0.19s Sys=0.00s Real=0.04s
[281.543s][info][gc,start       ] GC(749) Pause Young (Allocation Failure)
[281.612s][info][gc,heap        ] GC(749) PSYoungGen: 575776K->72480K(604160K)
[281.612s][info][gc,heap        ] GC(749) PSOldGen: 104416K->155248K(1398272K)
[281.612s][info][gc,metaspace   ] GC(749) Metaspace: 31816K(32816K)->31816K(32816K) NonClass: 28038K(28592K)->28038K(28592K) Class: 3778K(4224K)->3778K(4224K)
[281.612s][info][gc             ] GC(749) Pause Young (Allocation Failure) 664M->222M(1955M) 69.753ms
[281.613s][info][gc,cpu         ] GC(749) User=0.38s Sys=0.00s Real=0.07s
[282.359s][info][gc,start       ] GC(750) Pause Young (Allocation Failure)
[282.408s][info][gc,heap        ] GC(750) PSYoungGen: 583456K->44160K(604672K)
[282.408s][info][gc,heap        ] GC(750) PSOldGen: 155248K->185912K(1398272K)
[282.408s][info][gc,metaspace   ] GC(750) Metaspace: 31818K(32816K)->31818K(32816K) NonClass: 28040K(28592K)->28040K(28592K) Class: 3778K(4224K)->3778K(4224K)
[282.408s][info][gc             ] GC(750) Pause Young (Allocation Failure) 721M->224M(1956M) 49.119ms
[282.408s][info][gc,cpu         ] GC(750) User=0.27s Sys=0.00s Real=0.05s
[282.559s][info][gc,start       ] GC(751) Pause Young (Allocation Failure)
[282.617s][info][gc,heap        ] GC(751) PSYoungGen: 554112K->67552K(604160K)
[282.617s][info][gc,heap        ] GC(751) PSOldGen: 185912K->225821K(1398272K)
[282.617s][info][gc,metaspace   ] GC(751) Metaspace: 31818K(32816K)->31818K(32816K) NonClass: 28040K(28592K)->28040K(28592K) Class: 3778K(4224K)->3778K(4224K)
[282.617s][info][gc             ] GC(751) Pause Young (Allocation Failure) 722M->286M(1955M) 57.718ms
[282.617s][info][gc,cpu         ] GC(751) User=0.28s Sys=0.00s Real=0.06s
[282.779s][info][gc,start       ] GC(752) Pause Young (Allocation Failure)
[282.848s][info][gc,heap        ] GC(752) PSYoungGen: 577504K->78912K(598016K)
[282.848s][info][gc,heap        ] GC(752) PSOldGen: 225821K->274837K(1398272K)
[282.848s][info][gc,metaspace   ] GC(752) Metaspace: 31818K(32816K)->31818K(32816K) NonClass: 28040K(28592K)->28040K(28592K) Class: 3778K(4224K)->3778K(4224K)
[282.848s][info][gc             ] GC(752) Pause Young (Allocation Failure) 784M->345M(1949M) 69.213ms
[282.848s][info][gc,cpu         ] GC(752) User=0.38s Sys=0.00s Real=0.07s
[283.355s][info][gc,start       ] GC(753) Pause Young (Allocation Failure)
[283.406s][info][gc,heap        ] GC(753) PSYoungGen: 583232K->46272K(601600K)
[283.406s][info][gc,heap        ] GC(753) PSOldGen: 274837K->306853K(1398272K)
[283.406s][info][gc,metaspace   ] GC(753) Metaspace: 31822K(32816K)->31822K(32816K) NonClass: 28044K(28592K)->28044K(28592K) Class: 3778K(4224K)->3778K(4224K)
[283.406s][info][gc             ] GC(753) Pause Young (Allocation Failure) 837M->344M(1953M) 50.531ms
[283.406s][info][gc,cpu         ] GC(753) User=0.28s Sys=0.00s Real=0.06s
[283.564s][info][gc,start       ] GC(754) Pause Young (Allocation Failure)
[283.626s][info][gc,heap        ] GC(754) PSYoungGen: 550592K->76608K(597504K)
[283.626s][info][gc,heap        ] GC(754) PSOldGen: 306853K->343193K(1398272K)
[283.626s][info][gc,metaspace   ] GC(754) Metaspace: 31822K(32816K)->31822K(32816K) NonClass: 28044K(28592K)->28044K(28592K) Class: 3778K(4224K)->3778K(4224K)
[283.626s][info][gc             ] GC(754) Pause Young (Allocation Failure) 837M->409M(1949M) 62.469ms
[283.627s][info][gc,cpu         ] GC(754) User=0.38s Sys=0.00s Real=0.06s
[283.742s][info][gc,start       ] GC(755) Pause Young (Allocation Failure)
[283.809s][info][gc,heap        ] GC(755) PSYoungGen: 577856K->59584K(600064K)
[283.809s][info][gc,heap        ] GC(755) PSOldGen: 343193K->412097K(1398272K)
[283.809s][info][gc,metaspace   ] GC(755) Metaspace: 31822K(32816K)->31822K(32816K) NonClass: 28044K(28592K)->28044K(28592K) Class: 3778K(4224K)->3778K(4224K)
[283.809s][info][gc             ] GC(755) Pause Young (Allocation Failure) 899M->460M(1951M) 67.373ms
[283.809s][info][gc,cpu         ] GC(755) User=0.45s Sys=0.00s Real=0.07s
[284.372s][info][gc,start       ] GC(756) Pause Young (Allocation Failure)
[284.431s][info][gc,heap        ] GC(756) PSYoungGen: 560832K->57216K(605696K)
[284.431s][info][gc,heap        ] GC(756) PSOldGen: 412097K->439665K(1398272K)
[284.431s][info][gc,metaspace   ] GC(756) Metaspace: 31826K(32816K)->31826K(32816K) NonClass: 28048K(28592K)->28048K(28592K) Class: 3778K(4224K)->3778K(4224K)
[284.431s][info][gc             ] GC(756) Pause Young (Allocation Failure) 950M->485M(1957M) 59.160ms
[284.431s][info][gc,cpu         ] GC(756) User=0.38s Sys=0.00s Real=0.06s
[284.564s][info][gc,start       ] GC(757) Pause Young (Allocation Failure)
[284.630s][info][gc,heap        ] GC(757) PSYoungGen: 567168K->72960K(603136K)
[284.630s][info][gc,heap        ] GC(757) PSOldGen: 439665K->483438K(1398272K)
[284.630s][info][gc,metaspace   ] GC(757) Metaspace: 31826K(32816K)->31826K(32816K) NonClass: 28048K(28592K)->28048K(28592K) Class: 3778K(4224K)->3778K(4224K)
[284.630s][info][gc             ] GC(757) Pause Young (Allocation Failure) 983M->543M(1954M) 65.611ms
[284.630s][info][gc,cpu         ] GC(757) User=0.38s Sys=0.00s Real=0.07s
[284.778s][info][gc,start       ] GC(758) Pause Young (Allocation Failure)
[284.851s][info][gc,heap        ] GC(758) PSYoungGen: 582912K->70784K(604672K)
[284.851s][info][gc,heap        ] GC(758) PSOldGen: 483438K->538294K(1398272K)
[284.851s][info][gc,metaspace   ] GC(758) Metaspace: 31826K(32816K)->31826K(32816K) NonClass: 28048K(28592K)->28048K(28592K) Class: 3778K(4224K)->3778K(4224K)
[284.851s][info][gc             ] GC(758) Pause Young (Allocation Failure) 1041M->594M(1956M) 73.041ms
[284.851s][info][gc,cpu         ] GC(758) User=0.34s Sys=0.00s Real=0.07s
[285.521s][info][gc,start       ] GC(759) Pause Young (Allocation Failure)
[285.578s][info][gc,heap        ] GC(759) PSYoungGen: 581248K->59840K(604672K)
[285.578s][info][gc,heap        ] GC(759) PSOldGen: 538294K->568678K(1398272K)
[285.578s][info][gc,metaspace   ] GC(759) Metaspace: 31829K(32816K)->31829K(32816K) NonClass: 28051K(28592K)->28051K(28592K) Class: 3778K(4224K)->3778K(4224K)
[285.578s][info][gc             ] GC(759) Pause Young (Allocation Failure) 1093M->613M(1956M) 56.946ms
[285.578s][info][gc,cpu         ] GC(759) User=0.36s Sys=0.02s Real=0.06s
[285.729s][info][gc,start       ] GC(760) Pause Young (Allocation Failure)
[285.794s][info][gc,heap        ] GC(760) PSYoungGen: 570304K->73664K(605184K)
[285.794s][info][gc,heap        ] GC(760) PSOldGen: 568678K->617894K(1398272K)
[285.794s][info][gc,metaspace   ] GC(760) Metaspace: 31829K(32816K)->31829K(32816K) NonClass: 28051K(28592K)->28051K(28592K) Class: 3778K(4224K)->3778K(4224K)
[285.794s][info][gc             ] GC(760) Pause Young (Allocation Failure) 1112M->675M(1956M) 64.881ms
[285.794s][info][gc,cpu         ] GC(760) User=0.34s Sys=0.02s Real=0.07s
[286.040s][info][gc,start       ] GC(761) Pause Young (Allocation Failure)
[286.101s][info][gc,heap        ] GC(761) PSYoungGen: 587200K->60768K(606208K)
[286.102s][info][gc,heap        ] GC(761) PSOldGen: 617894K->652734K(1398272K)
[286.102s][info][gc,metaspace   ] GC(761) Metaspace: 31829K(32816K)->31829K(32816K) NonClass: 28051K(28592K)->28051K(28592K) Class: 3778K(4224K)->3778K(4224K)
[286.102s][info][gc             ] GC(761) Pause Young (Allocation Failure) 1176M->696M(1957M) 61.967ms
[286.102s][info][gc,cpu         ] GC(761) User=0.28s Sys=0.00s Real=0.07s
[286.490s][info][gc,start       ] GC(762) Pause Young (Allocation Failure)
[286.546s][info][gc,heap        ] GC(762) PSYoungGen: 574304K->63072K(610816K)
[286.546s][info][gc,heap        ] GC(762) PSOldGen: 652734K->687910K(1398272K)
[286.547s][info][gc,metaspace   ] GC(762) Metaspace: 31900K(33072K)->31900K(33072K) NonClass: 28122K(28848K)->28122K(28848K) Class: 3778K(4224K)->3778K(4224K)
[286.547s][info][gc             ] GC(762) Pause Young (Allocation Failure) 1198M->733M(1962M) 56.975ms
[286.547s][info][gc,cpu         ] GC(762) User=0.38s Sys=0.00s Real=0.06s
[286.701s][info][gc,start       ] GC(763) Pause Young (Allocation Failure)
[286.766s][info][gc,heap        ] GC(763) PSYoungGen: 583264K->80992K(601600K)
[286.766s][info][gc,heap        ] GC(763) PSOldGen: 687910K->733051K(1398272K)
[286.766s][info][gc,metaspace   ] GC(763) Metaspace: 31900K(33072K)->31900K(33072K) NonClass: 28122K(28848K)->28122K(28848K) Class: 3778K(4224K)->3778K(4224K)
[286.766s][info][gc             ] GC(763) Pause Young (Allocation Failure) 1241M->794M(1953M) 65.065ms
[286.766s][info][gc,cpu         ] GC(763) User=0.38s Sys=0.00s Real=0.06s
[287.399s][info][gc,start       ] GC(764) Pause Young (Allocation Failure)
[287.448s][info][gc,heap        ] GC(764) PSYoungGen: 601184K->36384K(602624K)
[287.448s][info][gc,heap        ] GC(764) PSOldGen: 733051K->767683K(1398272K)
[287.448s][info][gc,metaspace   ] GC(764) Metaspace: 31926K(33072K)->31926K(33072K) NonClass: 28148K(28848K)->28148K(28848K) Class: 3778K(4224K)->3778K(4224K)
[287.448s][info][gc             ] GC(764) Pause Young (Allocation Failure) 1302M->785M(1954M) 49.843ms
[287.448s][info][gc,cpu         ] GC(764) User=0.28s Sys=0.00s Real=0.05s
[287.593s][info][gc,start       ] GC(765) Pause Young (Allocation Failure)
[287.651s][info][gc,heap        ] GC(765) PSYoungGen: 546848K->68928K(604672K)
[287.651s][info][gc,heap        ] GC(765) PSOldGen: 767683K->801867K(1398272K)
[287.651s][info][gc,metaspace   ] GC(765) Metaspace: 31937K(33072K)->31937K(33072K) NonClass: 28159K(28848K)->28159K(28848K) Class: 3778K(4224K)->3778K(4224K)
[287.651s][info][gc             ] GC(765) Pause Young (Allocation Failure) 1283M->850M(1956M) 57.721ms
[287.651s][info][gc,cpu         ] GC(765) User=0.33s Sys=0.00s Real=0.06s
[287.793s][info][gc,start       ] GC(766) Pause Young (Allocation Failure)
[287.866s][info][gc,heap        ] GC(766) PSYoungGen: 579392K->76448K(602112K)
[287.866s][info][gc,heap        ] GC(766) PSOldGen: 801867K->852215K(1398272K)
[287.866s][info][gc,metaspace   ] GC(766) Metaspace: 31937K(33072K)->31937K(33072K) NonClass: 28159K(28848K)->28159K(28848K) Class: 3778K(4224K)->3778K(4224K)
[287.866s][info][gc             ] GC(766) Pause Young (Allocation Failure) 1348M->906M(1953M) 72.610ms
[287.866s][info][gc,cpu         ] GC(766) User=0.38s Sys=0.00s Real=0.07s
[288.484s][info][gc,start       ] GC(767) Pause Young (Allocation Failure)
[288.542s][info][gc,heap        ] GC(767) PSYoungGen: 584864K->44608K(553472K)
[288.542s][info][gc,heap        ] GC(767) PSOldGen: 852215K->884447K(1398272K)
[288.542s][info][gc,metaspace   ] GC(767) Metaspace: 31965K(33072K)->31965K(33072K) NonClass: 28187K(28848K)->28187K(28848K) Class: 3778K(4224K)->3778K(4224K)
[288.542s][info][gc             ] GC(767) Pause Young (Allocation Failure) 1403M->907M(1906M) 58.704ms
[288.542s][info][gc,cpu         ] GC(767) User=0.38s Sys=0.00s Real=0.06s
[288.674s][info][gc,start       ] GC(768) Pause Young (Allocation Failure)
[288.733s][info][gc,heap        ] GC(768) PSYoungGen: 553024K->64384K(605696K)
[288.733s][info][gc,heap        ] GC(768) PSOldGen: 884447K->925264K(1398272K)
[288.733s][info][gc,metaspace   ] GC(768) Metaspace: 31965K(33072K)->31965K(33072K) NonClass: 28187K(28848K)->28187K(28848K) Class: 3778K(4224K)->3778K(4224K)
[288.733s][info][gc             ] GC(768) Pause Young (Allocation Failure) 1403M->966M(1957M) 58.785ms
[288.733s][info][gc,cpu         ] GC(768) User=0.38s Sys=0.00s Real=0.06s
[288.869s][info][gc,start       ] GC(769) Pause Young (Allocation Failure)
[288.937s][info][gc,heap        ] GC(769) PSYoungGen: 574336K->70240K(603136K)
[288.937s][info][gc,heap        ] GC(769) PSOldGen: 925264K->975664K(1398272K)
[288.937s][info][gc,metaspace   ] GC(769) Metaspace: 31965K(33072K)->31965K(33072K) NonClass: 28187K(28848K)->28187K(28848K) Class: 3778K(4224K)->3778K(4224K)
[288.937s][info][gc             ] GC(769) Pause Young (Allocation Failure) 1464M->1021M(1954M) 68.394ms
[288.937s][info][gc,cpu         ] GC(769) User=0.38s Sys=0.00s Real=0.07s
[289.580s][info][gc,start       ] GC(770) Pause Young (Allocation Failure)
[289.636s][info][gc,heap        ] GC(770) PSYoungGen: 580192K->47008K(606208K)
[289.636s][info][gc,heap        ] GC(770) PSOldGen: 975664K->1006232K(1398272K)
[289.636s][info][gc,metaspace   ] GC(770) Metaspace: 31966K(33072K)->31966K(33072K) NonClass: 28188K(28848K)->28188K(28848K) Class: 3778K(4224K)->3778K(4224K)
[289.636s][info][gc             ] GC(770) Pause Young (Allocation Failure) 1519M->1028M(1957M) 56.397ms
[289.636s][info][gc,cpu         ] GC(770) User=0.34s Sys=0.02s Real=0.06s
[289.788s][info][gc,start       ] GC(771) Pause Young (Allocation Failure)
[289.857s][info][gc,heap        ] GC(771) PSYoungGen: 560544K->75104K(588800K)
[289.857s][info][gc,heap        ] GC(771) PSOldGen: 1006232K->1044548K(1398272K)
[289.857s][info][gc,metaspace   ] GC(771) Metaspace: 31966K(33072K)->31966K(33072K) NonClass: 28188K(28848K)->28188K(28848K) Class: 3778K(4224K)->3778K(4224K)
[289.857s][info][gc             ] GC(771) Pause Young (Allocation Failure) 1530M->1093M(1940M) 69.127ms
[289.857s][info][gc,cpu         ] GC(771) User=0.44s Sys=0.00s Real=0.07s
[289.993s][info][gc,start       ] GC(772) Pause Young (Allocation Failure)
[290.061s][info][gc,heap        ] GC(772) PSYoungGen: 588640K->69280K(605184K)
[290.061s][info][gc,heap        ] GC(772) PSOldGen: 1044548K->1105036K(1398272K)
[290.061s][info][gc,metaspace   ] GC(772) Metaspace: 31966K(33072K)->31966K(33072K) NonClass: 28188K(28848K)->28188K(28848K) Class: 3778K(4224K)->3778K(4224K)
[290.061s][info][gc             ] GC(772) Pause Young (Allocation Failure) 1594M->1146M(1956M) 68.346ms
[290.061s][info][gc,cpu         ] GC(772) User=0.38s Sys=0.00s Real=0.07s
[290.657s][info][gc,start       ] GC(773) Pause Young (Allocation Failure)
[290.723s][info][gc,heap        ] GC(773) PSYoungGen: 579744K->60576K(604160K)
[290.724s][info][gc,heap        ] GC(773) PSOldGen: 1105036K->1135516K(1398272K)
[290.724s][info][gc,metaspace   ] GC(773) Metaspace: 31971K(33072K)->31971K(33072K) NonClass: 28193K(28848K)->28193K(28848K) Class: 3778K(4224K)->3778K(4224K)
[290.724s][info][gc             ] GC(773) Pause Young (Allocation Failure) 1645M->1168M(1955M) 66.481ms
[290.724s][info][gc,cpu         ] GC(773) User=0.38s Sys=0.00s Real=0.07s
[290.871s][info][gc,start       ] GC(774) Pause Young (Allocation Failure)
[290.939s][info][gc,heap        ] GC(774) PSYoungGen: 571040K->75872K(603648K)
[290.939s][info][gc,heap        ] GC(774) PSOldGen: 1135516K->1180200K(1398272K)
[290.939s][info][gc,metaspace   ] GC(774) Metaspace: 31971K(33072K)->31971K(33072K) NonClass: 28193K(28848K)->28193K(28848K) Class: 3778K(4224K)->3778K(4224K)
[290.939s][info][gc             ] GC(774) Pause Young (Allocation Failure) 1666M->1226M(1955M) 67.933ms
[290.939s][info][gc,cpu         ] GC(774) User=0.36s Sys=0.00s Real=0.07s
[291.160s][info][gc,start       ] GC(775) Pause Young (Allocation Failure)
[291.226s][info][gc,heap        ] GC(775) PSYoungGen: 588384K->66496K(605696K)
[291.226s][info][gc,heap        ] GC(775) PSOldGen: 1180200K->1213536K(1398272K)
[291.226s][info][gc,metaspace   ] GC(775) Metaspace: 31971K(33072K)->31971K(33072K) NonClass: 28193K(28848K)->28193K(28848K) Class: 3778K(4224K)->3778K(4224K)
[291.226s][info][gc             ] GC(775) Pause Young (Allocation Failure) 1727M->1250M(1957M) 66.063ms
[291.226s][info][gc,cpu         ] GC(775) User=0.31s Sys=0.00s Real=0.07s
[291.541s][info][gc,start       ] GC(776) Pause Young (System.gc())
[291.577s][info][gc,heap        ] GC(776) PSYoungGen: 203797K->9248K(594432K)
[291.577s][info][gc,heap        ] GC(776) PSOldGen: 1213536K->1251537K(1398272K)
[291.577s][info][gc,metaspace   ] GC(776) Metaspace: 31974K(33072K)->31974K(33072K) NonClass: 28196K(28848K)->28196K(28848K) Class: 3778K(4224K)->3778K(4224K)
[291.577s][info][gc             ] GC(776) Pause Young (System.gc()) 1384M->1231M(1946M) 36.753ms
[291.577s][info][gc,cpu         ] GC(776) User=0.19s Sys=0.00s Real=0.05s
[291.577s][info][gc,start       ] GC(777) Pause Full (System.gc())
[291.577s][info][gc,phases,start] GC(777) Phase 1: Mark live objects
[291.693s][info][gc,phases      ] GC(777) Phase 1: Mark live objects 115.892ms
[291.693s][info][gc,phases,start] GC(777) Phase 2: Compute new object addresses
[291.868s][info][gc,phases      ] GC(777) Phase 2: Compute new object addresses 174.679ms
[291.868s][info][gc,phases,start] GC(777) Phase 3: Adjust pointers
[291.947s][info][gc,phases      ] GC(777) Phase 3: Adjust pointers 79.281ms
[291.947s][info][gc,phases,start] GC(777) Phase 4: Move objects
[291.970s][info][gc,phases      ] GC(777) Phase 4: Move objects 22.428ms
[291.970s][info][gc,heap        ] GC(777) PSYoungGen: 9248K->0K(594432K)
[291.970s][info][gc,heap        ] GC(777) PSOldGen: 1251537K->104350K(1398272K)
[291.970s][info][gc,metaspace   ] GC(777) Metaspace: 31974K(33072K)->31974K(33072K) NonClass: 28196K(28848K)->28196K(28848K) Class: 3778K(4224K)->3778K(4224K)
[291.970s][info][gc             ] GC(777) Pause Full (System.gc()) 1231M->101M(1946M) 393.024ms
[291.970s][info][gc,cpu         ] GC(777) User=0.39s Sys=0.00s Real=0.39s
[292.113s][info][gc,start       ] GC(778) Pause Young (Allocation Failure)
[292.157s][info][gc,heap        ] GC(778) PSYoungGen: 503296K->65984K(601088K)
[292.157s][info][gc,heap        ] GC(778) PSOldGen: 104350K->104350K(1398272K)
[292.157s][info][gc,metaspace   ] GC(778) Metaspace: 31974K(33072K)->31974K(33072K) NonClass: 28196K(28848K)->28196K(28848K) Class: 3778K(4224K)->3778K(4224K)
[292.157s][info][gc             ] GC(778) Pause Young (Allocation Failure) 593M->166M(1952M) 43.832ms
[292.157s][info][gc,cpu         ] GC(778) User=0.28s Sys=0.00s Real=0.04s
[292.290s][info][gc,start       ] GC(779) Pause Young (Allocation Failure)
[292.353s][info][gc,heap        ] GC(779) PSYoungGen: 569280K->69504K(602624K)
[292.353s][info][gc,heap        ] GC(779) PSOldGen: 104350K->156539K(1398272K)
[292.353s][info][gc,metaspace   ] GC(779) Metaspace: 31974K(33072K)->31974K(33072K) NonClass: 28196K(28848K)->28196K(28848K) Class: 3778K(4224K)->3778K(4224K)
[292.353s][info][gc             ] GC(779) Pause Young (Allocation Failure) 657M->220M(1954M) 62.975ms
[292.353s][info][gc,cpu         ] GC(779) User=0.38s Sys=0.00s Real=0.06s
[293.044s][info][gc,start       ] GC(780) Pause Young (Allocation Failure)
[293.095s][info][gc,heap        ] GC(780) PSYoungGen: 575872K->42848K(602624K)
[293.095s][info][gc,heap        ] GC(780) PSOldGen: 156539K->187011K(1398272K)
[293.095s][info][gc,metaspace   ] GC(780) Metaspace: 31974K(33072K)->31974K(33072K) NonClass: 28196K(28848K)->28196K(28848K) Class: 3778K(4224K)->3778K(4224K)
[293.095s][info][gc             ] GC(780) Pause Young (Allocation Failure) 715M->224M(1954M) 50.471ms
[293.095s][info][gc,cpu         ] GC(780) User=0.28s Sys=0.00s Real=0.05s
[293.242s][info][gc,start       ] GC(781) Pause Young (Allocation Failure)
[293.304s][info][gc,heap        ] GC(781) PSYoungGen: 549216K->67264K(603648K)
[293.304s][info][gc,heap        ] GC(781) PSOldGen: 187011K->225215K(1398272K)
[293.304s][info][gc,metaspace   ] GC(781) Metaspace: 31974K(33072K)->31974K(33072K) NonClass: 28196K(28848K)->28196K(28848K) Class: 3778K(4224K)->3778K(4224K)
[293.304s][info][gc             ] GC(781) Pause Young (Allocation Failure) 718M->285M(1955M) 61.961ms
[293.304s][info][gc,cpu         ] GC(781) User=0.33s Sys=0.00s Real=0.06s
[293.432s][info][gc,start       ] GC(782) Pause Young (Allocation Failure)
[293.499s][info][gc,heap        ] GC(782) PSYoungGen: 575168K->65344K(603136K)
[293.499s][info][gc,heap        ] GC(782) PSOldGen: 225215K->281951K(1398272K)
[293.499s][info][gc,metaspace   ] GC(782) Metaspace: 31974K(33072K)->31974K(33072K) NonClass: 28196K(28848K)->28196K(28848K) Class: 3778K(4224K)->3778K(4224K)
[293.499s][info][gc             ] GC(782) Pause Young (Allocation Failure) 781M->339M(1954M) 66.677ms
[293.499s][info][gc,cpu         ] GC(782) User=0.38s Sys=0.00s Real=0.07s
[294.182s][info][gc,start       ] GC(783) Pause Young (Allocation Failure)
[294.234s][info][gc,heap        ] GC(783) PSYoungGen: 573248K->45504K(605696K)
[294.234s][info][gc,heap        ] GC(783) PSOldGen: 281951K->311631K(1398272K)
[294.234s][info][gc,metaspace   ] GC(783) Metaspace: 31974K(33072K)->31974K(33072K) NonClass: 28196K(28848K)->28196K(28848K) Class: 3778K(4224K)->3778K(4224K)
[294.234s][info][gc             ] GC(783) Pause Young (Allocation Failure) 835M->348M(1957M) 52.256ms
[294.234s][info][gc,cpu         ] GC(783) User=0.25s Sys=0.00s Real=0.06s
[294.369s][info][gc,start       ] GC(784) Pause Young (Allocation Failure)
[294.430s][info][gc,heap        ] GC(784) PSYoungGen: 557504K->68224K(605184K)
[294.430s][info][gc,heap        ] GC(784) PSOldGen: 311631K->350316K(1398272K)
[294.430s][info][gc,metaspace   ] GC(784) Metaspace: 31974K(33072K)->31974K(33072K) NonClass: 28196K(28848K)->28196K(28848K) Class: 3778K(4224K)->3778K(4224K)
[294.430s][info][gc             ] GC(784) Pause Young (Allocation Failure) 848M->408M(1956M) 61.115ms
[294.430s][info][gc,cpu         ] GC(784) User=0.34s Sys=0.00s Real=0.06s
[294.557s][info][gc,start       ] GC(785) Pause Young (Allocation Failure)
[294.629s][info][gc,heap        ] GC(785) PSYoungGen: 580224K->65632K(607232K)
[294.629s][info][gc,heap        ] GC(785) PSOldGen: 350316K->407924K(1398272K)
[294.629s][info][gc,metaspace   ] GC(785) Metaspace: 31974K(33072K)->31974K(33072K) NonClass: 28196K(28848K)->28196K(28848K) Class: 3778K(4224K)->3778K(4224K)
[294.629s][info][gc             ] GC(785) Pause Young (Allocation Failure) 908M->462M(1958M) 72.190ms
[294.629s][info][gc,cpu         ] GC(785) User=0.33s Sys=0.00s Real=0.07s
[295.355s][info][gc,start       ] GC(786) Pause Young (Allocation Failure)
[295.411s][info][gc,heap        ] GC(786) PSYoungGen: 579680K->54176K(605696K)
[295.411s][info][gc,heap        ] GC(786) PSOldGen: 407924K->436884K(1398272K)
[295.411s][info][gc,metaspace   ] GC(786) Metaspace: 31974K(33072K)->31974K(33072K) NonClass: 28196K(28848K)->28196K(28848K) Class: 3778K(4224K)->3778K(4224K)
[295.411s][info][gc             ] GC(786) Pause Young (Allocation Failure) 964M->479M(1957M) 55.885ms
[295.411s][info][gc,cpu         ] GC(786) User=0.25s Sys=0.02s Real=0.07s
[295.553s][info][gc,start       ] GC(787) Pause Young (Allocation Failure)
[295.618s][info][gc,heap        ] GC(787) PSYoungGen: 568224K->73760K(604160K)
[295.618s][info][gc,heap        ] GC(787) PSOldGen: 436884K->479920K(1398272K)
[295.618s][info][gc,metaspace   ] GC(787) Metaspace: 31974K(33072K)->31974K(33072K) NonClass: 28196K(28848K)->28196K(28848K) Class: 3778K(4224K)->3778K(4224K)
[295.618s][info][gc             ] GC(787) Pause Young (Allocation Failure) 981M->540M(1955M) 65.044ms
[295.618s][info][gc,cpu         ] GC(787) User=0.47s Sys=0.00s Real=0.07s
[295.749s][info][gc,start       ] GC(788) Pause Young (Allocation Failure)
[295.820s][info][gc,heap        ] GC(788) PSYoungGen: 588320K->68096K(606720K)
[295.821s][info][gc,heap        ] GC(788) PSOldGen: 479920K->541088K(1398272K)
[295.821s][info][gc,metaspace   ] GC(788) Metaspace: 31974K(33072K)->31974K(33072K) NonClass: 28196K(28848K)->28196K(28848K) Class: 3778K(4224K)->3778K(4224K)
[295.821s][info][gc             ] GC(788) Pause Young (Allocation Failure) 1043M->594M(1958M) 71.468ms
[295.821s][info][gc,cpu         ] GC(788) User=0.38s Sys=0.00s Real=0.07s
[296.478s][info][gc,start       ] GC(789) Pause Young (Allocation Failure)
[296.535s][info][gc,heap        ] GC(789) PSYoungGen: 582656K->61280K(610304K)
[296.535s][info][gc,heap        ] GC(789) PSOldGen: 541088K->570920K(1398272K)
[296.535s][info][gc,metaspace   ] GC(789) Metaspace: 31974K(33072K)->31974K(33072K) NonClass: 28196K(28848K)->28196K(28848K) Class: 3778K(4224K)->3778K(4224K)
[296.535s][info][gc             ] GC(789) Pause Young (Allocation Failure) 1097M->617M(1961M) 57.091ms
[296.535s][info][gc,cpu         ] GC(789) User=0.25s Sys=0.00s Real=0.06s
[296.669s][info][gc,start       ] GC(790) Pause Young (Allocation Failure)
[296.734s][info][gc,heap        ] GC(790) PSYoungGen: 579936K->70304K(607232K)
[296.734s][info][gc,heap        ] GC(790) PSOldGen: 570920K->621148K(1398272K)
[296.734s][info][gc,metaspace   ] GC(790) Metaspace: 31974K(33072K)->31974K(33072K) NonClass: 28196K(28848K)->28196K(28848K) Class: 3778K(4224K)->3778K(4224K)
[296.734s][info][gc             ] GC(790) Pause Young (Allocation Failure) 1123M->675M(1958M) 65.309ms
[296.734s][info][gc,cpu         ] GC(790) User=0.38s Sys=0.00s Real=0.07s
[296.942s][info][gc,start       ] GC(791) Pause Young (Allocation Failure)
[297.009s][info][gc,heap        ] GC(791) PSYoungGen: 588960K->68032K(610304K)
[297.009s][info][gc,heap        ] GC(791) PSOldGen: 621148K->658068K(1398272K)
[297.009s][info][gc,metaspace   ] GC(791) Metaspace: 31974K(33072K)->31974K(33072K) NonClass: 28196K(28848K)->28196K(28848K) Class: 3778K(4224K)->3778K(4224K)
[297.009s][info][gc             ] GC(791) Pause Young (Allocation Failure) 1181M->709M(1961M) 67.136ms
[297.009s][info][gc,cpu         ] GC(791) User=0.47s Sys=0.00s Real=0.07s
[297.447s][info][gc,start       ] GC(792) Pause Young (Allocation Failure)
[297.509s][info][gc,heap        ] GC(792) PSYoungGen: 589248K->60672K(609792K)
[297.509s][info][gc,heap        ] GC(792) PSOldGen: 658068K->693549K(1398272K)
[297.509s][info][gc,metaspace   ] GC(792) Metaspace: 31974K(33072K)->31974K(33072K) NonClass: 28196K(28848K)->28196K(28848K) Class: 3778K(4224K)->3778K(4224K)
[297.509s][info][gc             ] GC(792) Pause Young (Allocation Failure) 1218M->736M(1961M) 61.819ms
[297.509s][info][gc,cpu         ] GC(792) User=0.38s Sys=0.00s Real=0.06s
[297.651s][info][gc,start       ] GC(793) Pause Young (Allocation Failure)
[297.715s][info][gc,heap        ] GC(793) PSYoungGen: 581888K->76832K(607232K)
[297.716s][info][gc,heap        ] GC(793) PSOldGen: 693549K->738601K(1398272K)
[297.716s][info][gc,metaspace   ] GC(793) Metaspace: 31974K(33072K)->31974K(33072K) NonClass: 28196K(28848K)->28196K(28848K) Class: 3778K(4224K)->3778K(4224K)
[297.716s][info][gc             ] GC(793) Pause Young (Allocation Failure) 1245M->796M(1958M) 64.334ms
[297.716s][info][gc,cpu         ] GC(793) User=0.38s Sys=0.00s Real=0.07s
[298.087s][info][gc,start       ] GC(794) Pause Young (Allocation Failure)
[298.143s][info][gc,heap        ] GC(794) PSYoungGen: 597536K->52256K(609792K)
[298.143s][info][gc,heap        ] GC(794) PSOldGen: 738601K->771905K(1398272K)
[298.143s][info][gc,metaspace   ] GC(794) Metaspace: 31974K(33072K)->31974K(33072K) NonClass: 28196K(28848K)->28196K(28848K) Class: 3778K(4224K)->3778K(4224K)
[298.144s][info][gc             ] GC(794) Pause Young (Allocation Failure) 1304M->804M(1961M) 56.812ms
[298.144s][info][gc,cpu         ] GC(794) User=0.25s Sys=0.02s Real=0.06s
[298.480s][info][gc,start       ] GC(795) Pause Young (Allocation Failure)
[298.540s][info][gc,heap        ] GC(795) PSYoungGen: 572960K->72352K(608768K)
[298.540s][info][gc,heap        ] GC(795) PSOldGen: 771905K->804785K(1398272K)
[298.540s][info][gc,metaspace   ] GC(795) Metaspace: 31974K(33072K)->31974K(33072K) NonClass: 28196K(28848K)->28196K(28848K) Class: 3778K(4224K)->3778K(4224K)
[298.541s][info][gc             ] GC(795) Pause Young (Allocation Failure) 1313M->856M(1960M) 60.739ms
[298.541s][info][gc,cpu         ] GC(795) User=0.34s Sys=0.03s Real=0.06s
[298.671s][info][gc,start       ] GC(796) Pause Young (Allocation Failure)
[298.739s][info][gc,heap        ] GC(796) PSYoungGen: 592032K->69344K(609280K)
[298.739s][info][gc,heap        ] GC(796) PSOldGen: 804785K->864973K(1398272K)
[298.740s][info][gc,metaspace   ] GC(796) Metaspace: 31974K(33072K)->31974K(33072K) NonClass: 28196K(28848K)->28196K(28848K) Class: 3778K(4224K)->3778K(4224K)
[298.740s][info][gc             ] GC(796) Pause Young (Allocation Failure) 1364M->912M(1960M) 69.011ms
[298.740s][info][gc,cpu         ] GC(796) User=0.38s Sys=0.00s Real=0.07s
[299.435s][info][gc,start       ] GC(797) Pause Young (Allocation Failure)
[299.491s][info][gc,heap        ] GC(797) PSYoungGen: 589024K->43840K(607744K)
[299.491s][info][gc,heap        ] GC(797) PSOldGen: 864973K->895597K(1398272K)
[299.491s][info][gc,metaspace   ] GC(797) Metaspace: 31974K(33072K)->31974K(33072K) NonClass: 28196K(28848K)->28196K(28848K) Class: 3778K(4224K)->3778K(4224K)
[299.491s][info][gc             ] GC(797) Pause Young (Allocation Failure) 1419M->917M(1959M) 56.492ms
[299.491s][info][gc,cpu         ] GC(797) User=0.23s Sys=0.00s Real=0.06s
[299.625s][info][gc,start       ] GC(798) Pause Young (Allocation Failure)
[299.687s][info][gc,heap        ] GC(798) PSYoungGen: 562496K->68064K(608768K)
[299.687s][info][gc,heap        ] GC(798) PSOldGen: 895597K->935394K(1398272K)
[299.687s][info][gc,metaspace   ] GC(798) Metaspace: 31974K(33072K)->31974K(33072K) NonClass: 28196K(28848K)->28196K(28848K) Class: 3778K(4224K)->3778K(4224K)
[299.687s][info][gc             ] GC(798) Pause Young (Allocation Failure) 1423M->979M(1960M) 61.577ms
[299.687s][info][gc,cpu         ] GC(798) User=0.38s Sys=0.00s Real=0.06s
[299.822s][info][gc,start       ] GC(799) Pause Young (Allocation Failure)
[299.888s][info][gc,heap        ] GC(799) PSYoungGen: 586720K->69408K(609792K)
[299.888s][info][gc,heap        ] GC(799) PSOldGen: 935394K->991210K(1398272K)
[299.888s][info][gc,metaspace   ] GC(799) Metaspace: 31974K(33072K)->31974K(33072K) NonClass: 28196K(28848K)->28196K(28848K) Class: 3778K(4224K)->3778K(4224K)
[299.888s][info][gc             ] GC(799) Pause Young (Allocation Failure) 1486M->1035M(1961M) 66.533ms
[299.888s][info][gc,cpu         ] GC(799) User=0.34s Sys=0.00s Real=0.07s
[300.631s][info][gc,start       ] GC(800) Pause Young (Allocation Failure)
[300.696s][info][gc,heap        ] GC(800) PSYoungGen: 589600K->53536K(609280K)
[300.696s][info][gc,heap        ] GC(800) PSOldGen: 991210K->1021610K(1398272K)
[300.696s][info][gc,metaspace   ] GC(800) Metaspace: 31974K(33072K)->31974K(33072K) NonClass: 28196K(28848K)->28196K(28848K) Class: 3778K(4224K)->3778K(4224K)
[300.696s][info][gc             ] GC(800) Pause Young (Allocation Failure) 1543M->1049M(1960M) 64.981ms
[300.696s][info][gc,cpu         ] GC(800) User=0.38s Sys=0.00s Real=0.07s
[300.848s][info][gc,start       ] GC(801) Pause Young (Allocation Failure)
[300.924s][info][gc,heap        ] GC(801) PSYoungGen: 573728K->76448K(605184K)
[300.924s][info][gc,heap        ] GC(801) PSOldGen: 1021610K->1063946K(1398272K)
[300.924s][info][gc,metaspace   ] GC(801) Metaspace: 31974K(33072K)->31974K(33072K) NonClass: 28196K(28848K)->28196K(28848K) Class: 3778K(4224K)->3778K(4224K)
[300.924s][info][gc             ] GC(801) Pause Young (Allocation Failure) 1557M->1113M(1956M) 76.489ms
[300.924s][info][gc,cpu         ] GC(801) User=0.39s Sys=0.00s Real=0.07s
[301.077s][info][gc,start       ] GC(802) Pause Young (Allocation Failure)
[301.153s][info][gc,heap        ] GC(802) PSYoungGen: 593056K->75520K(592384K)
[301.153s][info][gc,heap        ] GC(802) PSOldGen: 1063946K->1116194K(1398272K)
[301.154s][info][gc,metaspace   ] GC(802) Metaspace: 31974K(33072K)->31974K(33072K) NonClass: 28196K(28848K)->28196K(28848K) Class: 3778K(4224K)->3778K(4224K)
[301.154s][info][gc             ] GC(802) Pause Young (Allocation Failure) 1618M->1163M(1944M) 76.438ms
[301.154s][info][gc,cpu         ] GC(802) User=0.44s Sys=0.02s Real=0.08s
[301.765s][info][gc,start       ] GC(803) Pause Young (Allocation Failure)
[301.822s][info][gc,heap        ] GC(803) PSYoungGen: 592128K->57152K(607744K)
[301.822s][info][gc,heap        ] GC(803) PSOldGen: 1116194K->1148794K(1398272K)
[301.822s][info][gc,metaspace   ] GC(803) Metaspace: 31974K(33072K)->31974K(33072K) NonClass: 28196K(28848K)->28196K(28848K) Class: 3778K(4224K)->3778K(4224K)
[301.822s][info][gc             ] GC(803) Pause Young (Allocation Failure) 1668M->1177M(1959M) 57.722ms
[301.822s][info][gc,cpu         ] GC(803) User=0.36s Sys=0.00s Real=0.06s
[301.959s][info][gc,start       ] GC(804) Pause Young (Allocation Failure)
[302.025s][info][gc,heap        ] GC(804) PSYoungGen: 572224K->72704K(606208K)
[302.025s][info][gc,heap        ] GC(804) PSOldGen: 1148794K->1194271K(1398272K)
[302.025s][info][gc,metaspace   ] GC(804) Metaspace: 31974K(33072K)->31974K(33072K) NonClass: 28196K(28848K)->28196K(28848K) Class: 3778K(4224K)->3778K(4224K)
[302.025s][info][gc             ] GC(804) Pause Young (Allocation Failure) 1680M->1237M(1957M) 65.882ms
[302.025s][info][gc,cpu         ] GC(804) User=0.45s Sys=0.02s Real=0.07s
[302.298s][info][gc,start       ] GC(805) Pause Young (Allocation Failure)
[302.376s][info][gc,heap        ] GC(805) PSYoungGen: 587776K->63040K(609280K)
[302.376s][info][gc,heap        ] GC(805) PSOldGen: 1194271K->1237191K(1398272K)
[302.376s][info][gc,metaspace   ] GC(805) Metaspace: 31974K(33072K)->31974K(33072K) NonClass: 28196K(28848K)->28196K(28848K) Class: 3778K(4224K)->3778K(4224K)
[302.376s][info][gc             ] GC(805) Pause Young (Allocation Failure) 1740M->1269M(1960M) 78.292ms
[302.376s][info][gc,cpu         ] GC(805) User=0.39s Sys=0.00s Real=0.08s
[302.844s][info][gc,start       ] GC(806) Pause Young (System.gc())
[302.881s][info][gc,heap        ] GC(806) PSYoungGen: 223689K->13536K(529920K)
[302.881s][info][gc,heap        ] GC(806) PSOldGen: 1237191K->1270687K(1398272K)
[302.881s][info][gc,metaspace   ] GC(806) Metaspace: 31974K(33072K)->31974K(33072K) NonClass: 28196K(28848K)->28196K(28848K) Class: 3778K(4224K)->3778K(4224K)
[302.881s][info][gc             ] GC(806) Pause Young (System.gc()) 1426M->1254M(1883M) 36.949ms
[302.881s][info][gc,cpu         ] GC(806) User=0.19s Sys=0.00s Real=0.04s
[302.881s][info][gc,start       ] GC(807) Pause Full (System.gc())
[302.882s][info][gc,phases,start] GC(807) Phase 1: Mark live objects
[302.999s][info][gc,phases      ] GC(807) Phase 1: Mark live objects 117.211ms
[302.999s][info][gc,phases,start] GC(807) Phase 2: Compute new object addresses
[303.179s][info][gc,phases      ] GC(807) Phase 2: Compute new object addresses 180.399ms
[303.180s][info][gc,phases,start] GC(807) Phase 3: Adjust pointers
[303.266s][info][gc,phases      ] GC(807) Phase 3: Adjust pointers 86.825ms
[303.266s][info][gc,phases,start] GC(807) Phase 4: Move objects
[303.290s][info][gc,phases      ] GC(807) Phase 4: Move objects 23.164ms
[303.290s][info][gc,heap        ] GC(807) PSYoungGen: 13536K->0K(529920K)
[303.290s][info][gc,heap        ] GC(807) PSOldGen: 1270687K->119698K(1398272K)
[303.290s][info][gc,metaspace   ] GC(807) Metaspace: 31974K(33072K)->31974K(33072K) NonClass: 28196K(28848K)->28196K(28848K) Class: 3778K(4224K)->3778K(4224K)
[303.290s][info][gc             ] GC(807) Pause Full (System.gc()) 1254M->116M(1883M) 409.005ms
[303.290s][info][gc,cpu         ] GC(807) User=0.41s Sys=0.02s Real=0.41s
[303.506s][info][gc,start       ] GC(808) Pause Young (Allocation Failure)
[303.547s][info][gc,heap        ] GC(808) PSYoungGen: 516096K->77952K(596992K)
[303.547s][info][gc,heap        ] GC(808) PSOldGen: 119698K->119698K(1398272K)
[303.547s][info][gc,metaspace   ] GC(808) Metaspace: 31974K(33072K)->31974K(33072K) NonClass: 28196K(28848K)->28196K(28848K) Class: 3778K(4224K)->3778K(4224K)
[303.547s][info][gc             ] GC(808) Pause Young (Allocation Failure) 620M->193M(1948M) 41.665ms
[303.547s][info][gc,cpu         ] GC(808) User=0.27s Sys=0.00s Real=0.05s
[303.672s][info][gc,start       ] GC(809) Pause Young (Allocation Failure)
[303.748s][info][gc,heap        ] GC(809) PSYoungGen: 579200K->62848K(600064K)
[303.748s][info][gc,heap        ] GC(809) PSOldGen: 119698K->188786K(1398272K)
[303.748s][info][gc,metaspace   ] GC(809) Metaspace: 31974K(33072K)->31974K(33072K) NonClass: 28196K(28848K)->28196K(28848K) Class: 3778K(4224K)->3778K(4224K)
[303.748s][info][gc             ] GC(809) Pause Young (Allocation Failure) 682M->245M(1951M) 75.468ms
[303.748s][info][gc,cpu         ] GC(809) User=0.47s Sys=0.00s Real=0.08s
[304.511s][info][gc,start       ] GC(810) Pause Young (Allocation Failure)
[304.575s][info][gc,heap        ] GC(810) PSYoungGen: 564096K->49088K(604672K)
[304.575s][info][gc,heap        ] GC(810) PSOldGen: 188786K->217538K(1398272K)
[304.575s][info][gc,metaspace   ] GC(810) Metaspace: 31990K(33072K)->31990K(33072K) NonClass: 28212K(28848K)->28212K(28848K) Class: 3778K(4224K)->3778K(4224K)
[304.575s][info][gc             ] GC(810) Pause Young (Allocation Failure) 735M->260M(1956M) 63.268ms
[304.575s][info][gc,cpu         ] GC(810) User=0.38s Sys=0.00s Real=0.07s
[304.716s][info][gc,start       ] GC(811) Pause Young (Allocation Failure)
[304.781s][info][gc,heap        ] GC(811) PSYoungGen: 558016K->72160K(603136K)
[304.781s][info][gc,heap        ] GC(811) PSOldGen: 217538K->257431K(1398272K)
[304.781s][info][gc,metaspace   ] GC(811) Metaspace: 31990K(33072K)->31990K(33072K) NonClass: 28212K(28848K)->28212K(28848K) Class: 3778K(4224K)->3778K(4224K)
[304.781s][info][gc             ] GC(811) Pause Young (Allocation Failure) 757M->321M(1954M) 65.450ms
[304.782s][info][gc,cpu         ] GC(811) User=0.33s Sys=0.03s Real=0.07s
[304.927s][info][gc,start       ] GC(812) Pause Young (Allocation Failure)
[305.002s][info][gc,heap        ] GC(812) PSYoungGen: 581088K->76768K(598528K)
[305.002s][info][gc,heap        ] GC(812) PSOldGen: 257431K->310919K(1398272K)
[305.002s][info][gc,metaspace   ] GC(812) Metaspace: 31990K(33072K)->31990K(33072K) NonClass: 28212K(28848K)->28212K(28848K) Class: 3778K(4224K)->3778K(4224K)
[305.002s][info][gc             ] GC(812) Pause Young (Allocation Failure) 818M->378M(1950M) 74.358ms
[305.002s][info][gc,cpu         ] GC(812) User=0.45s Sys=0.00s Real=0.07s
[305.494s][info][gc,start       ] GC(813) Pause Young (Allocation Failure)
[305.548s][info][gc,heap        ] GC(813) PSYoungGen: 580064K->56096K(601088K)
[305.548s][info][gc,heap        ] GC(813) PSOldGen: 310919K->342767K(1398272K)
[305.548s][info][gc,metaspace   ] GC(813) Metaspace: 31990K(33072K)->31990K(33072K) NonClass: 28212K(28848K)->28212K(28848K) Class: 3778K(4224K)->3778K(4224K)
[305.548s][info][gc             ] GC(813) Pause Young (Allocation Failure) 870M->389M(1952M) 54.081ms
[305.548s][info][gc,cpu         ] GC(813) User=0.27s Sys=0.00s Real=0.07s
[305.689s][info][gc,start       ] GC(814) Pause Young (Allocation Failure)
[305.753s][info][gc,heap        ] GC(814) PSYoungGen: 559392K->75648K(600576K)
[305.753s][info][gc,heap        ] GC(814) PSOldGen: 342767K->384879K(1398272K)
[305.753s][info][gc,metaspace   ] GC(814) Metaspace: 31990K(33072K)->31990K(33072K) NonClass: 28212K(28848K)->28212K(28848K) Class: 3778K(4224K)->3778K(4224K)
[305.753s][info][gc             ] GC(814) Pause Young (Allocation Failure) 881M->449M(1952M) 63.797ms
[305.753s][info][gc,cpu         ] GC(814) User=0.38s Sys=0.00s Real=0.07s
[305.922s][info][gc,start       ] GC(815) Pause Young (Allocation Failure)
[305.996s][info][gc,heap        ] GC(815) PSYoungGen: 580992K->76384K(582144K)
[305.996s][info][gc,heap        ] GC(815) PSOldGen: 384879K->429127K(1398272K)
[305.996s][info][gc,metaspace   ] GC(815) Metaspace: 31990K(33072K)->31990K(33072K) NonClass: 28212K(28848K)->28212K(28848K) Class: 3778K(4224K)->3778K(4224K)
[305.996s][info][gc             ] GC(815) Pause Young (Allocation Failure) 943M->493M(1934M) 74.655ms
[305.996s][info][gc,cpu         ] GC(815) User=0.47s Sys=0.00s Real=0.08s
[306.608s][info][gc,start       ] GC(816) Pause Young (Allocation Failure)
[306.670s][info][gc,heap        ] GC(816) PSYoungGen: 581728K->62624K(603648K)
[306.670s][info][gc,heap        ] GC(816) PSOldGen: 429127K->461607K(1398272K)
[306.670s][info][gc,metaspace   ] GC(816) Metaspace: 31990K(33072K)->31990K(33072K) NonClass: 28212K(28848K)->28212K(28848K) Class: 3778K(4224K)->3778K(4224K)
[306.670s][info][gc             ] GC(816) Pause Young (Allocation Failure) 987M->511M(1955M) 62.618ms
[306.670s][info][gc,cpu         ] GC(816) User=0.38s Sys=0.00s Real=0.07s
[306.812s][info][gc,start       ] GC(817) Pause Young (Allocation Failure)
[306.882s][info][gc,heap        ] GC(817) PSYoungGen: 567968K->76608K(600576K)
[306.882s][info][gc,heap        ] GC(817) PSOldGen: 461607K->508412K(1398272K)
[306.882s][info][gc,metaspace   ] GC(817) Metaspace: 31990K(33072K)->31990K(33072K) NonClass: 28212K(28848K)->28212K(28848K) Class: 3778K(4224K)->3778K(4224K)
[306.882s][info][gc             ] GC(817) Pause Young (Allocation Failure) 1005M->571M(1952M) 70.188ms
[306.882s][info][gc,cpu         ] GC(817) User=0.38s Sys=0.00s Real=0.07s
[307.250s][info][gc,start       ] GC(818) Pause Young (Allocation Failure)
[307.316s][info][gc,heap        ] GC(818) PSYoungGen: 581952K->55808K(603648K)
[307.316s][info][gc,heap        ] GC(818) PSOldGen: 508412K->548068K(1398272K)
[307.316s][info][gc,metaspace   ] GC(818) Metaspace: 31990K(33072K)->31990K(33072K) NonClass: 28212K(28848K)->28212K(28848K) Class: 3778K(4224K)->3778K(4224K)
[307.316s][info][gc             ] GC(818) Pause Young (Allocation Failure) 1064M->589M(1955M) 65.963ms
[307.316s][info][gc,cpu         ] GC(818) User=0.33s Sys=0.00s Real=0.07s
[307.860s][info][gc,start       ] GC(819) Pause Young (Allocation Failure)
[307.924s][info][gc,heap        ] GC(819) PSYoungGen: 562688K->72320K(602112K)
[307.924s][info][gc,heap        ] GC(819) PSOldGen: 548068K->578620K(1398272K)
[307.924s][info][gc,metaspace   ] GC(819) Metaspace: 31990K(33072K)->31990K(33072K) NonClass: 28212K(28848K)->28212K(28848K) Class: 3778K(4224K)->3778K(4224K)
[307.924s][info][gc             ] GC(819) Pause Young (Allocation Failure) 1084M->635M(1953M) 63.209ms
[307.924s][info][gc,cpu         ] GC(819) User=0.38s Sys=0.00s Real=0.07s
[308.079s][info][gc,start       ] GC(820) Pause Young (Allocation Failure)
[308.155s][info][gc,heap        ] GC(820) PSYoungGen: 579200K->84544K(595456K)
[308.155s][info][gc,heap        ] GC(820) PSOldGen: 578620K->630792K(1398272K)
[308.155s][info][gc,metaspace   ] GC(820) Metaspace: 31990K(33072K)->31990K(33072K) NonClass: 28212K(28848K)->28212K(28848K) Class: 3778K(4224K)->3778K(4224K)
[308.155s][info][gc             ] GC(820) Pause Young (Allocation Failure) 1130M->698M(1947M) 76.251ms
[308.155s][info][gc,cpu         ] GC(820) User=0.47s Sys=0.00s Real=0.08s
[308.704s][info][gc,start       ] GC(821) Pause Young (Allocation Failure)
[308.758s][info][gc,heap        ] GC(821) PSYoungGen: 584768K->41024K(541696K)
[308.758s][info][gc,heap        ] GC(821) PSOldGen: 630792K->664936K(1398272K)
[308.758s][info][gc,metaspace   ] GC(821) Metaspace: 31990K(33072K)->31990K(33072K) NonClass: 28212K(28848K)->28212K(28848K) Class: 3778K(4224K)->3778K(4224K)
[308.758s][info][gc             ] GC(821) Pause Young (Allocation Failure) 1187M->689M(1894M) 54.499ms
[308.758s][info][gc,cpu         ] GC(821) User=0.28s Sys=0.00s Real=0.06s
[308.907s][info][gc,start       ] GC(822) Pause Young (Allocation Failure)
[308.965s][info][gc,heap        ] GC(822) PSYoungGen: 541248K->69984K(600064K)
[308.965s][info][gc,heap        ] GC(822) PSOldGen: 664936K->700684K(1398272K)
[308.965s][info][gc,metaspace   ] GC(822) Metaspace: 31990K(33072K)->31990K(33072K) NonClass: 28212K(28848K)->28212K(28848K) Class: 3778K(4224K)->3778K(4224K)
[308.965s][info][gc             ] GC(822) Pause Young (Allocation Failure) 1177M->752M(1951M) 57.453ms
[308.965s][info][gc,cpu         ] GC(822) User=0.38s Sys=0.00s Real=0.06s
[309.095s][info][gc,start       ] GC(823) Pause Young (Allocation Failure)
[309.158s][info][gc,heap        ] GC(823) PSYoungGen: 569696K->67264K(598528K)
[309.158s][info][gc,heap        ] GC(823) PSOldGen: 700684K->757805K(1398272K)
[309.158s][info][gc,metaspace   ] GC(823) Metaspace: 31990K(33072K)->31990K(33072K) NonClass: 28212K(28848K)->28212K(28848K) Class: 3778K(4224K)->3778K(4224K)
[309.158s][info][gc             ] GC(823) Pause Young (Allocation Failure) 1240M->805M(1950M) 63.067ms
[309.158s][info][gc,cpu         ] GC(823) User=0.38s Sys=0.00s Real=0.06s
[309.802s][info][gc,start       ] GC(824) Pause Young (Allocation Failure)
[309.856s][info][gc,heap        ] GC(824) PSYoungGen: 566976K->48352K(602624K)
[309.856s][info][gc,heap        ] GC(824) PSOldGen: 757805K->787357K(1398272K)
[309.856s][info][gc,metaspace   ] GC(824) Metaspace: 31990K(33072K)->31990K(33072K) NonClass: 28212K(28848K)->28212K(28848K) Class: 3778K(4224K)->3778K(4224K)
[309.856s][info][gc             ] GC(824) Pause Young (Allocation Failure) 1293M->816M(1954M) 53.929ms
[309.856s][info][gc,cpu         ] GC(824) User=0.36s Sys=0.00s Real=0.06s
[309.997s][info][gc,start       ] GC(825) Pause Young (Allocation Failure)
[310.060s][info][gc,heap        ] GC(825) PSYoungGen: 554720K->72000K(602624K)
[310.060s][info][gc,heap        ] GC(825) PSOldGen: 787357K->826961K(1398272K)
[310.060s][info][gc,metaspace   ] GC(825) Metaspace: 31990K(33072K)->31990K(33072K) NonClass: 28212K(28848K)->28212K(28848K) Class: 3778K(4224K)->3778K(4224K)
[310.060s][info][gc             ] GC(825) Pause Young (Allocation Failure) 1310M->877M(1954M) 62.459ms
[310.060s][info][gc,cpu         ] GC(825) User=0.38s Sys=0.00s Real=0.06s
[310.188s][info][gc,start       ] GC(826) Pause Young (Allocation Failure)
[310.257s][info][gc,heap        ] GC(826) PSYoungGen: 578368K->63904K(605696K)
[310.257s][info][gc,heap        ] GC(826) PSOldGen: 826961K->888441K(1398272K)
[310.257s][info][gc,metaspace   ] GC(826) Metaspace: 31990K(33072K)->31990K(33072K) NonClass: 28212K(28848K)->28212K(28848K) Class: 3778K(4224K)->3778K(4224K)
[310.257s][info][gc             ] GC(826) Pause Young (Allocation Failure) 1372M->930M(1957M) 68.482ms
[310.257s][info][gc,cpu         ] GC(826) User=0.34s Sys=0.00s Real=0.07s
[310.922s][info][gc,start       ] GC(827) Pause Young (Allocation Failure)
[310.976s][info][gc,heap        ] GC(827) PSYoungGen: 573856K->55232K(603136K)
[310.976s][info][gc,heap        ] GC(827) PSOldGen: 888441K->917545K(1398272K)
[310.976s][info][gc,metaspace   ] GC(827) Metaspace: 31990K(33072K)->31990K(33072K) NonClass: 28212K(28848K)->28212K(28848K) Class: 3778K(4224K)->3778K(4224K)
[310.976s][info][gc             ] GC(827) Pause Young (Allocation Failure) 1428M->949M(1954M) 54.239ms
[310.976s][info][gc,cpu         ] GC(827) User=0.28s Sys=0.00s Real=0.05s
[311.121s][info][gc,start       ] GC(828) Pause Young (Allocation Failure)
[311.186s][info][gc,heap        ] GC(828) PSYoungGen: 565184K->71840K(606208K)
[311.186s][info][gc,heap        ] GC(828) PSOldGen: 917545K->962753K(1398272K)
[311.186s][info][gc,metaspace   ] GC(828) Metaspace: 31990K(33072K)->31990K(33072K) NonClass: 28212K(28848K)->28212K(28848K) Class: 3778K(4224K)->3778K(4224K)
[311.186s][info][gc             ] GC(828) Pause Young (Allocation Failure) 1447M->1010M(1957M) 64.627ms
[311.186s][info][gc,cpu         ] GC(828) User=0.38s Sys=0.00s Real=0.06s
[311.377s][info][gc,start       ] GC(829) Pause Young (Allocation Failure)
[311.448s][info][gc,heap        ] GC(829) PSYoungGen: 586400K->81088K(595968K)
[311.448s][info][gc,heap        ] GC(829) PSOldGen: 962753K->1002985K(1398272K)
[311.448s][info][gc,metaspace   ] GC(829) Metaspace: 31990K(33072K)->31990K(33072K) NonClass: 28212K(28848K)->28212K(28848K) Class: 3778K(4224K)->3778K(4224K)
[311.448s][info][gc             ] GC(829) Pause Young (Allocation Failure) 1512M->1058M(1947M) 71.373ms
[311.448s][info][gc,cpu         ] GC(829) User=0.44s Sys=0.00s Real=0.07s
[311.764s][info][gc,start       ] GC(830) Pause Young (Allocation Failure)
[311.825s][info][gc,heap        ] GC(830) PSYoungGen: 595648K->63360K(605696K)
[311.825s][info][gc,heap        ] GC(830) PSOldGen: 1002985K->1040377K(1398272K)
[311.825s][info][gc,metaspace   ] GC(830) Metaspace: 31993K(33072K)->31993K(33072K) NonClass: 28214K(28848K)->28214K(28848K) Class: 3778K(4224K)->3778K(4224K)
[311.825s][info][gc             ] GC(830) Pause Young (Allocation Failure) 1561M->1077M(1957M) 61.558ms
[311.825s][info][gc,cpu         ] GC(830) User=0.38s Sys=0.00s Real=0.07s
[311.993s][info][gc,start       ] GC(831) Pause Young (Allocation Failure)
[312.062s][info][gc,heap        ] GC(831) PSYoungGen: 573824K->84256K(594944K)
[312.062s][info][gc,heap        ] GC(831) PSOldGen: 1040377K->1083318K(1398272K)
[312.062s][info][gc,metaspace   ] GC(831) Metaspace: 31993K(33072K)->31993K(33072K) NonClass: 28214K(28848K)->28214K(28848K) Class: 3778K(4224K)->3778K(4224K)
[312.062s][info][gc             ] GC(831) Pause Young (Allocation Failure) 1576M->1140M(1946M) 68.894ms
[312.062s][info][gc,cpu         ] GC(831) User=0.38s Sys=0.00s Real=0.07s
[312.438s][info][gc,start       ] GC(832) Pause Young (Allocation Failure)
[312.496s][info][gc,heap        ] GC(832) PSYoungGen: 594720K->51232K(602112K)
[312.496s][info][gc,heap        ] GC(832) PSOldGen: 1083318K->1118254K(1398272K)
[312.496s][info][gc,metaspace   ] GC(832) Metaspace: 31993K(33072K)->31993K(33072K) NonClass: 28214K(28848K)->28214K(28848K) Class: 3778K(4224K)->3778K(4224K)
[312.497s][info][gc             ] GC(832) Pause Young (Allocation Failure) 1638M->1142M(1953M) 58.246ms
[312.497s][info][gc,cpu         ] GC(832) User=0.28s Sys=0.00s Real=0.06s
[312.838s][info][gc,start       ] GC(833) Pause Young (Allocation Failure)
[312.898s][info][gc,heap        ] GC(833) PSYoungGen: 556064K->70400K(601600K)
[312.898s][info][gc,heap        ] GC(833) PSOldGen: 1118254K->1148414K(1398272K)
[312.898s][info][gc,metaspace   ] GC(833) Metaspace: 31993K(33072K)->31993K(33072K) NonClass: 28214K(28848K)->28214K(28848K) Class: 3778K(4224K)->3778K(4224K)
[312.898s][info][gc             ] GC(833) Pause Young (Allocation Failure) 1635M->1190M(1953M) 60.800ms
[312.898s][info][gc,cpu         ] GC(833) User=0.28s Sys=0.00s Real=0.06s
[313.031s][info][gc,start       ] GC(834) Pause Young (Allocation Failure)
[313.098s][info][gc,heap        ] GC(834) PSYoungGen: 575232K->69248K(605184K)
[313.098s][info][gc,heap        ] GC(834) PSOldGen: 1148414K->1205042K(1398272K)
[313.098s][info][gc,metaspace   ] GC(834) Metaspace: 31993K(33072K)->31993K(33072K) NonClass: 28214K(28848K)->28214K(28848K) Class: 3778K(4224K)->3778K(4224K)
[313.098s][info][gc             ] GC(834) Pause Young (Allocation Failure) 1683M->1244M(1956M) 66.367ms
[313.098s][info][gc,cpu         ] GC(834) User=0.38s Sys=0.00s Real=0.07s
[313.675s][info][gc,start       ] GC(835) Pause Young (System.gc())
[313.735s][info][gc,heap        ] GC(835) PSYoungGen: 547605K->36832K(546304K)
[313.735s][info][gc,heap        ] GC(835) PSOldGen: 1205042K->1235258K(1398272K)
[313.735s][info][gc,metaspace   ] GC(835) Metaspace: 31993K(33072K)->31993K(33072K) NonClass: 28214K(28848K)->28214K(28848K) Class: 3778K(4224K)->3778K(4224K)
[313.735s][info][gc             ] GC(835) Pause Young (System.gc()) 1711M->1242M(1899M) 60.044ms
[313.735s][info][gc,cpu         ] GC(835) User=0.38s Sys=0.00s Real=0.06s
[313.735s][info][gc,start       ] GC(836) Pause Full (System.gc())
[313.736s][info][gc,phases,start] GC(836) Phase 1: Mark live objects
[313.837s][info][gc,phases      ] GC(836) Phase 1: Mark live objects 101.096ms
[313.837s][info][gc,phases,start] GC(836) Phase 2: Compute new object addresses
[314.012s][info][gc,phases      ] GC(836) Phase 2: Compute new object addresses 175.018ms
[314.012s][info][gc,phases,start] GC(836) Phase 3: Adjust pointers
[314.090s][info][gc,phases      ] GC(836) Phase 3: Adjust pointers 78.122ms
[314.090s][info][gc,phases,start] GC(836) Phase 4: Move objects
[314.113s][info][gc,phases      ] GC(836) Phase 4: Move objects 23.280ms
[314.114s][info][gc,heap        ] GC(836) PSYoungGen: 36832K->0K(546304K)
[314.114s][info][gc,heap        ] GC(836) PSOldGen: 1235258K->119907K(1398272K)
[314.114s][info][gc,metaspace   ] GC(836) Metaspace: 31993K(33072K)->31993K(33072K) NonClass: 28214K(28848K)->28214K(28848K) Class: 3778K(4224K)->3778K(4224K)
[314.114s][info][gc             ] GC(836) Pause Full (System.gc()) 1242M->117M(1899M) 378.415ms
[314.114s][info][gc,cpu         ] GC(836) User=0.38s Sys=0.00s Real=0.38s
[314.353s][info][gc,start       ] GC(837) Pause Young (Allocation Failure)
[314.396s][info][gc,heap        ] GC(837) PSYoungGen: 509440K->78752K(598528K)
[314.396s][info][gc,heap        ] GC(837) PSOldGen: 119907K->119907K(1398272K)
[314.396s][info][gc,metaspace   ] GC(837) Metaspace: 31993K(33072K)->31993K(33072K) NonClass: 28214K(28848K)->28214K(28848K) Class: 3778K(4224K)->3778K(4224K)
[314.396s][info][gc             ] GC(837) Pause Young (Allocation Failure) 614M->194M(1950M) 43.670ms
[314.396s][info][gc,cpu         ] GC(837) User=0.19s Sys=0.00s Real=0.05s
[314.532s][info][gc,start       ] GC(838) Pause Young (Allocation Failure)
[314.610s][info][gc,heap        ] GC(838) PSYoungGen: 581024K->72960K(600576K)
[314.610s][info][gc,heap        ] GC(838) PSOldGen: 119907K->183927K(1398272K)
[314.610s][info][gc,metaspace   ] GC(838) Metaspace: 31993K(33072K)->31993K(33072K) NonClass: 28214K(28848K)->28214K(28848K) Class: 3778K(4224K)->3778K(4224K)
[314.610s][info][gc             ] GC(838) Pause Young (Allocation Failure) 684M->250M(1952M) 78.035ms
[314.610s][info][gc,cpu         ] GC(838) User=0.47s Sys=0.00s Real=0.08s
[315.297s][info][gc,start       ] GC(839) Pause Young (Allocation Failure)
[315.357s][info][gc,heap        ] GC(839) PSYoungGen: 575232K->58880K(602624K)
[315.357s][info][gc,heap        ] GC(839) PSOldGen: 183927K->214607K(1398272K)
[315.357s][info][gc,metaspace   ] GC(839) Metaspace: 31993K(33072K)->31993K(33072K) NonClass: 28214K(28848K)->28214K(28848K) Class: 3778K(4224K)->3778K(4224K)
[315.357s][info][gc             ] GC(839) Pause Young (Allocation Failure) 741M->267M(1954M) 60.908ms
[315.357s][info][gc,cpu         ] GC(839) User=0.38s Sys=0.00s Real=0.07s
[315.500s][info][gc,start       ] GC(840) Pause Young (Allocation Failure)
[315.573s][info][gc,heap        ] GC(840) PSYoungGen: 563712K->75840K(601088K)
[315.573s][info][gc,heap        ] GC(840) PSOldGen: 214607K->259087K(1398272K)
[315.573s][info][gc,metaspace   ] GC(840) Metaspace: 31993K(33072K)->31993K(33072K) NonClass: 28214K(28848K)->28214K(28848K) Class: 3778K(4224K)->3778K(4224K)
[315.573s][info][gc             ] GC(840) Pause Young (Allocation Failure) 760M->327M(1952M) 73.891ms
[315.573s][info][gc,cpu         ] GC(840) User=0.36s Sys=0.00s Real=0.07s
[315.734s][info][gc,start       ] GC(841) Pause Young (Allocation Failure)
[315.802s][info][gc,heap        ] GC(841) PSYoungGen: 580672K->75808K(601088K)
[315.802s][info][gc,heap        ] GC(841) PSOldGen: 259087K->307263K(1398272K)
[315.802s][info][gc,metaspace   ] GC(841) Metaspace: 31993K(33072K)->31993K(33072K) NonClass: 28214K(28848K)->28214K(28848K) Class: 3778K(4224K)->3778K(4224K)
[315.802s][info][gc             ] GC(841) Pause Young (Allocation Failure) 820M->374M(1952M) 67.992ms
[315.802s][info][gc,cpu         ] GC(841) User=0.38s Sys=0.00s Real=0.07s
[316.382s][info][gc,start       ] GC(842) Pause Young (Allocation Failure)
[316.437s][info][gc,heap        ] GC(842) PSYoungGen: 580128K->57696K(601600K)
[316.437s][info][gc,heap        ] GC(842) PSOldGen: 307263K->339391K(1398272K)
[316.437s][info][gc,metaspace   ] GC(842) Metaspace: 31993K(33072K)->31993K(33072K) NonClass: 28214K(28848K)->28214K(28848K) Class: 3778K(4224K)->3778K(4224K)
[316.437s][info][gc             ] GC(842) Pause Young (Allocation Failure) 866M->387M(1953M) 55.162ms
[316.437s][info][gc,cpu         ] GC(842) User=0.34s Sys=0.00s Real=0.06s
[316.573s][info][gc,start       ] GC(843) Pause Young (Allocation Failure)
[316.636s][info][gc,heap        ] GC(843) PSYoungGen: 562016K->73280K(603136K)
[316.636s][info][gc,heap        ] GC(843) PSOldGen: 339391K->384484K(1398272K)
[316.636s][info][gc,metaspace   ] GC(843) Metaspace: 31993K(33072K)->31993K(33072K) NonClass: 28214K(28848K)->28214K(28848K) Class: 3778K(4224K)->3778K(4224K)
[316.636s][info][gc             ] GC(843) Pause Young (Allocation Failure) 880M->447M(1954M) 63.784ms
[316.636s][info][gc,cpu         ] GC(843) User=0.38s Sys=0.00s Real=0.06s
[316.867s][info][gc,start       ] GC(844) Pause Young (Allocation Failure)
[316.932s][info][gc,heap        ] GC(844) PSYoungGen: 580160K->64352K(602624K)
[316.932s][info][gc,heap        ] GC(844) PSOldGen: 384484K->420636K(1398272K)
[316.932s][info][gc,metaspace   ] GC(844) Metaspace: 31993K(33072K)->31993K(33072K) NonClass: 28214K(28848K)->28214K(28848K) Class: 3778K(4224K)->3778K(4224K)
[316.932s][info][gc             ] GC(844) Pause Young (Allocation Failure) 942M->473M(1954M) 64.491ms
[316.932s][info][gc,cpu         ] GC(844) User=0.34s Sys=0.00s Real=0.06s
[317.449s][info][gc,start       ] GC(845) Pause Young (Allocation Failure)
[317.509s][info][gc,heap        ] GC(845) PSYoungGen: 571232K->66528K(608256K)
[317.509s][info][gc,heap        ] GC(845) PSOldGen: 420636K->454548K(1398272K)
[317.509s][info][gc,metaspace   ] GC(845) Metaspace: 31998K(33072K)->31998K(33072K) NonClass: 28220K(28848K)->28220K(28848K) Class: 3778K(4224K)->3778K(4224K)
[317.509s][info][gc             ] GC(845) Pause Young (Allocation Failure) 968M->508M(1959M) 60.477ms
[317.509s][info][gc,cpu         ] GC(845) User=0.38s Sys=0.00s Real=0.06s
[317.650s][info][gc,start       ] GC(846) Pause Young (Allocation Failure)
[317.718s][info][gc,heap        ] GC(846) PSYoungGen: 581600K->71584K(605696K)
[317.718s][info][gc,heap        ] GC(846) PSOldGen: 454548K->509116K(1398272K)
[317.719s][info][gc,metaspace   ] GC(846) Metaspace: 31998K(33072K)->31998K(33072K) NonClass: 28220K(28848K)->28220K(28848K) Class: 3778K(4224K)->3778K(4224K)
[317.719s][info][gc             ] GC(846) Pause Young (Allocation Failure) 1011M->567M(1957M) 68.374ms
[317.719s][info][gc,cpu         ] GC(846) User=0.38s Sys=0.00s Real=0.07s
[318.468s][info][gc,start       ] GC(847) Pause Young (Allocation Failure)
[318.519s][info][gc,heap        ] GC(847) PSYoungGen: 586656K->40160K(603648K)
[318.519s][info][gc,heap        ] GC(847) PSOldGen: 509116K->541596K(1398272K)
[318.519s][info][gc,metaspace   ] GC(847) Metaspace: 31998K(33072K)->31998K(33072K) NonClass: 28220K(28848K)->28220K(28848K) Class: 3778K(4224K)->3778K(4224K)
[318.519s][info][gc             ] GC(847) Pause Young (Allocation Failure) 1070M->568M(1955M) 50.589ms
[318.519s][info][gc,cpu         ] GC(847) User=0.28s Sys=0.00s Real=0.06s
[318.784s][info][gc,start       ] GC(848) Pause Young (Allocation Failure)
[318.845s][info][gc,heap        ] GC(848) PSYoungGen: 553696K->78816K(592384K)
[318.845s][info][gc,heap        ] GC(848) PSOldGen: 541596K->576356K(1398272K)
[318.845s][info][gc,metaspace   ] GC(848) Metaspace: 31998K(33072K)->31998K(33072K) NonClass: 28220K(28848K)->28220K(28848K) Class: 3778K(4224K)->3778K(4224K)
[318.845s][info][gc             ] GC(848) Pause Young (Allocation Failure) 1069M->639M(1944M) 60.946ms
[318.845s][info][gc,cpu         ] GC(848) User=0.38s Sys=0.00s Real=0.07s
[318.995s][info][gc,start       ] GC(849) Pause Young (Allocation Failure)
[319.069s][info][gc,heap        ] GC(849) PSYoungGen: 592352K->77376K(601088K)
[319.070s][info][gc,heap        ] GC(849) PSOldGen: 576356K->639545K(1398272K)
[319.070s][info][gc,metaspace   ] GC(849) Metaspace: 31998K(33072K)->31998K(33072K) NonClass: 28220K(28848K)->28220K(28848K) Class: 3778K(4224K)->3778K(4224K)
[319.070s][info][gc             ] GC(849) Pause Young (Allocation Failure) 1141M->700M(1952M) 74.843ms
[319.070s][info][gc,cpu         ] GC(849) User=0.36s Sys=0.00s Real=0.08s
[319.800s][info][gc,start       ] GC(850) Pause Young (Allocation Failure)
[319.859s][info][gc,heap        ] GC(850) PSYoungGen: 583744K->55520K(602624K)
[319.859s][info][gc,heap        ] GC(850) PSOldGen: 639545K->671865K(1398272K)
[319.859s][info][gc,metaspace   ] GC(850) Metaspace: 31998K(33072K)->31998K(33072K) NonClass: 28220K(28848K)->28220K(28848K) Class: 3778K(4224K)->3778K(4224K)
[319.859s][info][gc             ] GC(850) Pause Young (Allocation Failure) 1194M->710M(1954M) 59.523ms
[319.859s][info][gc,cpu         ] GC(850) User=0.34s Sys=0.00s Real=0.06s
[319.992s][info][gc,start       ] GC(851) Pause Young (Allocation Failure)
[320.053s][info][gc,heap        ] GC(851) PSYoungGen: 561888K->67296K(605696K)
[320.053s][info][gc,heap        ] GC(851) PSOldGen: 671865K->717629K(1398272K)
[320.053s][info][gc,metaspace   ] GC(851) Metaspace: 31998K(33072K)->31998K(33072K) NonClass: 28220K(28848K)->28220K(28848K) Class: 3778K(4224K)->3778K(4224K)
[320.053s][info][gc             ] GC(851) Pause Young (Allocation Failure) 1204M->766M(1957M) 61.072ms
[320.053s][info][gc,cpu         ] GC(851) User=0.38s Sys=0.00s Real=0.06s
[320.185s][info][gc,start       ] GC(852) Pause Young (Allocation Failure)
[320.261s][info][gc,heap        ] GC(852) PSYoungGen: 577760K->68192K(603648K)
[320.261s][info][gc,heap        ] GC(852) PSOldGen: 717629K->773157K(1398272K)
[320.261s][info][gc,metaspace   ] GC(852) Metaspace: 31998K(33072K)->31998K(33072K) NonClass: 28220K(28848K)->28220K(28848K) Class: 3778K(4224K)->3778K(4224K)
[320.261s][info][gc             ] GC(852) Pause Young (Allocation Failure) 1265M->821M(1955M) 76.110ms
[320.261s][info][gc,cpu         ] GC(852) User=0.45s Sys=0.00s Real=0.08s
[320.884s][info][gc,start       ] GC(853) Pause Young (Allocation Failure)
[320.941s][info][gc,heap        ] GC(853) PSYoungGen: 578656K->60064K(609280K)
[320.941s][info][gc,heap        ] GC(853) PSOldGen: 773157K->802749K(1398272K)
[320.941s][info][gc,metaspace   ] GC(853) Metaspace: 31998K(33072K)->31998K(33072K) NonClass: 28220K(28848K)->28220K(28848K) Class: 3778K(4224K)->3778K(4224K)
[320.941s][info][gc             ] GC(853) Pause Young (Allocation Failure) 1320M->842M(1960M) 57.067ms
[320.941s][info][gc,cpu         ] GC(853) User=0.27s Sys=0.02s Real=0.06s
[321.085s][info][gc,start       ] GC(854) Pause Young (Allocation Failure)
[321.153s][info][gc,heap        ] GC(854) PSYoungGen: 578208K->79264K(597504K)
[321.153s][info][gc,heap        ] GC(854) PSOldGen: 802749K->846718K(1398272K)
[321.153s][info][gc,metaspace   ] GC(854) Metaspace: 31998K(33072K)->31998K(33072K) NonClass: 28220K(28848K)->28220K(28848K) Class: 3778K(4224K)->3778K(4224K)
[321.153s][info][gc             ] GC(854) Pause Young (Allocation Failure) 1348M->904M(1949M) 68.109ms
[321.153s][info][gc,cpu         ] GC(854) User=0.47s Sys=0.00s Real=0.07s
[321.452s][info][gc,start       ] GC(855) Pause Young (Allocation Failure)
[321.521s][info][gc,heap        ] GC(855) PSYoungGen: 597408K->63104K(608256K)
[321.521s][info][gc,heap        ] GC(855) PSOldGen: 846718K->885494K(1398272K)
[321.521s][info][gc,metaspace   ] GC(855) Metaspace: 31998K(33072K)->31998K(33072K) NonClass: 28220K(28848K)->28220K(28848K) Class: 3778K(4224K)->3778K(4224K)
[321.521s][info][gc             ] GC(855) Pause Young (Allocation Failure) 1410M->926M(1959M) 69.174ms
[321.521s][info][gc,cpu         ] GC(855) User=0.38s Sys=0.00s Real=0.07s
[322.069s][info][gc,start       ] GC(856) Pause Young (Allocation Failure)
[322.130s][info][gc,heap        ] GC(856) PSYoungGen: 579200K->72096K(606720K)
[322.130s][info][gc,heap        ] GC(856) PSOldGen: 885494K->919118K(1398272K)
[322.130s][info][gc,metaspace   ] GC(856) Metaspace: 31998K(33072K)->31998K(33072K) NonClass: 28220K(28848K)->28220K(28848K) Class: 3778K(4224K)->3778K(4224K)
[322.131s][info][gc             ] GC(856) Pause Young (Allocation Failure) 1430M->967M(1958M) 61.525ms
[322.131s][info][gc,cpu         ] GC(856) User=0.38s Sys=0.00s Real=0.07s
[322.284s][info][gc,start       ] GC(857) Pause Young (Allocation Failure)
[322.356s][info][gc,heap        ] GC(857) PSYoungGen: 588192K->81536K(602624K)
[322.357s][info][gc,heap        ] GC(857) PSOldGen: 919118K->972454K(1398272K)
[322.357s][info][gc,metaspace   ] GC(857) Metaspace: 31998K(33072K)->31998K(33072K) NonClass: 28220K(28848K)->28220K(28848K) Class: 3778K(4224K)->3778K(4224K)
[322.357s][info][gc             ] GC(857) Pause Young (Allocation Failure) 1471M->1029M(1954M) 72.308ms
[322.357s][info][gc,cpu         ] GC(857) User=0.47s Sys=0.00s Real=0.07s
[323.003s][info][gc,start       ] GC(858) Pause Young (Allocation Failure)
[323.060s][info][gc,heap        ] GC(858) PSYoungGen: 594048K->45952K(558592K)
[323.061s][info][gc,heap        ] GC(858) PSOldGen: 972454K->1006774K(1398272K)
[323.061s][info][gc,metaspace   ] GC(858) Metaspace: 32007K(33072K)->32007K(33072K) NonClass: 28229K(28848K)->28229K(28848K) Class: 3778K(4224K)->3778K(4224K)
[323.061s][info][gc             ] GC(858) Pause Young (Allocation Failure) 1529M->1028M(1911M) 57.050ms
[323.061s][info][gc,cpu         ] GC(858) User=0.38s Sys=0.00s Real=0.06s
[323.204s][info][gc,start       ] GC(859) Pause Young (Allocation Failure)
[323.267s][info][gc,heap        ] GC(859) PSYoungGen: 558464K->69536K(605696K)
[323.267s][info][gc,heap        ] GC(859) PSOldGen: 1006774K->1046331K(1398272K)
[323.267s][info][gc,metaspace   ] GC(859) Metaspace: 32007K(33072K)->32007K(33072K) NonClass: 28229K(28848K)->28229K(28848K) Class: 3778K(4224K)->3778K(4224K)
[323.267s][info][gc             ] GC(859) Pause Young (Allocation Failure) 1528M->1089M(1957M) 63.209ms
[323.267s][info][gc,cpu         ] GC(859) User=0.33s Sys=0.00s Real=0.06s
[323.394s][info][gc,start       ] GC(860) Pause Young (Allocation Failure)
[323.469s][info][gc,heap        ] GC(860) PSYoungGen: 580512K->65472K(604160K)
[323.469s][info][gc,heap        ] GC(860) PSOldGen: 1046331K->1104867K(1398272K)
[323.469s][info][gc,metaspace   ] GC(860) Metaspace: 32007K(33072K)->32007K(33072K) NonClass: 28229K(28848K)->28229K(28848K) Class: 3778K(4224K)->3778K(4224K)
[323.469s][info][gc             ] GC(860) Pause Young (Allocation Failure) 1588M->1142M(1955M) 75.338ms
[323.469s][info][gc,cpu         ] GC(860) User=0.45s Sys=0.00s Real=0.07s
[324.073s][info][gc,start       ] GC(861) Pause Young (Allocation Failure)
[324.127s][info][gc,heap        ] GC(861) PSYoungGen: 576448K->49440K(607232K)
[324.128s][info][gc,heap        ] GC(861) PSOldGen: 1104867K->1134123K(1398272K)
[324.128s][info][gc,metaspace   ] GC(861) Metaspace: 32007K(33072K)->32007K(33072K) NonClass: 28229K(28848K)->28229K(28848K) Class: 3778K(4224K)->3778K(4224K)
[324.128s][info][gc             ] GC(861) Pause Young (Allocation Failure) 1641M->1155M(1958M) 54.956ms
[324.128s][info][gc,cpu         ] GC(861) User=0.28s Sys=0.00s Real=0.06s
[324.273s][info][gc,start       ] GC(862) Pause Young (Allocation Failure)
[324.336s][info][gc,heap        ] GC(862) PSYoungGen: 566048K->72064K(607744K)
[324.336s][info][gc,heap        ] GC(862) PSOldGen: 1134123K->1174395K(1398272K)
[324.336s][info][gc,metaspace   ] GC(862) Metaspace: 32007K(33072K)->32007K(33072K) NonClass: 28229K(28848K)->28229K(28848K) Class: 3778K(4224K)->3778K(4224K)
[324.336s][info][gc             ] GC(862) Pause Young (Allocation Failure) 1660M->1217M(1959M) 63.701ms
[324.336s][info][gc,cpu         ] GC(862) User=0.44s Sys=0.00s Real=0.06s
[324.476s][info][gc,start       ] GC(863) Pause Young (Allocation Failure)
[324.562s][info][gc,heap        ] GC(863) PSYoungGen: 588672K->73504K(606720K)
[324.562s][info][gc,heap        ] GC(863) PSOldGen: 1174395K->1231771K(1398272K)
[324.562s][info][gc,metaspace   ] GC(863) Metaspace: 32007K(33072K)->32007K(33072K) NonClass: 28229K(28848K)->28229K(28848K) Class: 3778K(4224K)->3778K(4224K)
[324.562s][info][gc             ] GC(863) Pause Young (Allocation Failure) 1721M->1274M(1958M) 85.775ms
[324.562s][info][gc,cpu         ] GC(863) User=0.48s Sys=0.00s Real=0.09s
[325.158s][info][gc,start       ] GC(864) Pause Young (System.gc())
[325.207s][info][gc,heap        ] GC(864) PSYoungGen: 358406K->24736K(540672K)
[325.207s][info][gc,heap        ] GC(864) PSOldGen: 1231771K->1263635K(1398272K)
[325.207s][info][gc,metaspace   ] GC(864) Metaspace: 32007K(33072K)->32007K(33072K) NonClass: 28229K(28848K)->28229K(28848K) Class: 3778K(4224K)->3778K(4224K)
[325.207s][info][gc             ] GC(864) Pause Young (System.gc()) 1552M->1258M(1893M) 49.252ms
[325.208s][info][gc,cpu         ] GC(864) User=0.28s Sys=0.00s Real=0.05s
[325.208s][info][gc,start       ] GC(865) Pause Full (System.gc())
[325.208s][info][gc,phases,start] GC(865) Phase 1: Mark live objects
[325.316s][info][gc,phases      ] GC(865) Phase 1: Mark live objects 108.240ms
[325.316s][info][gc,phases,start] GC(865) Phase 2: Compute new object addresses
[325.494s][info][gc,phases      ] GC(865) Phase 2: Compute new object addresses 178.205ms
[325.494s][info][gc,phases,start] GC(865) Phase 3: Adjust pointers
[325.579s][info][gc,phases      ] GC(865) Phase 3: Adjust pointers 84.923ms
[325.579s][info][gc,phases,start] GC(865) Phase 4: Move objects
[325.603s][info][gc,phases      ] GC(865) Phase 4: Move objects 23.846ms
[325.604s][info][gc,heap        ] GC(865) PSYoungGen: 24736K->0K(540672K)
[325.604s][info][gc,heap        ] GC(865) PSOldGen: 1263635K->119869K(1398272K)
[325.604s][info][gc,metaspace   ] GC(865) Metaspace: 32007K(33072K)->32007K(33072K) NonClass: 28229K(28848K)->28229K(28848K) Class: 3778K(4224K)->3778K(4224K)
[325.604s][info][gc             ] GC(865) Pause Full (System.gc()) 1258M->117M(1893M) 396.096ms
[325.604s][info][gc,cpu         ] GC(865) User=0.41s Sys=0.00s Real=0.39s
[325.747s][info][gc,start       ] GC(866) Pause Young (Allocation Failure)
[325.784s][info][gc,heap        ] GC(866) PSYoungGen: 515584K->67680K(604160K)
[325.784s][info][gc,heap        ] GC(866) PSOldGen: 119869K->119869K(1398272K)
[325.784s][info][gc,metaspace   ] GC(866) Metaspace: 32008K(33072K)->32008K(33072K) NonClass: 28230K(28848K)->28230K(28848K) Class: 3778K(4224K)->3778K(4224K)
[325.784s][info][gc             ] GC(866) Pause Young (Allocation Failure) 620M->183M(1955M) 37.030ms
[325.784s][info][gc,cpu         ] GC(866) User=0.19s Sys=0.00s Real=0.04s
[325.916s][info][gc,start       ] GC(867) Pause Young (Allocation Failure)
[325.979s][info][gc,heap        ] GC(867) PSYoungGen: 575584K->70176K(602624K)
[325.979s][info][gc,heap        ] GC(867) PSOldGen: 119869K->173346K(1398272K)
[325.979s][info][gc,metaspace   ] GC(867) Metaspace: 32008K(33072K)->32008K(33072K) NonClass: 28230K(28848K)->28230K(28848K) Class: 3778K(4224K)->3778K(4224K)
[325.979s][info][gc             ] GC(867) Pause Young (Allocation Failure) 679M->237M(1954M) 62.425ms
[325.979s][info][gc,cpu         ] GC(867) User=0.38s Sys=0.00s Real=0.06s
[326.680s][info][gc,start       ] GC(868) Pause Young (Allocation Failure)
[326.730s][info][gc,heap        ] GC(868) PSYoungGen: 578080K->41824K(602624K)
[326.730s][info][gc,heap        ] GC(868) PSOldGen: 173346K->203962K(1398272K)
[326.730s][info][gc,metaspace   ] GC(868) Metaspace: 32008K(33072K)->32008K(33072K) NonClass: 28230K(28848K)->28230K(28848K) Class: 3778K(4224K)->3778K(4224K)
[326.730s][info][gc             ] GC(868) Pause Young (Allocation Failure) 733M->240M(1954M) 50.177ms
[326.730s][info][gc,cpu         ] GC(868) User=0.30s Sys=0.00s Real=0.05s
[326.864s][info][gc,start       ] GC(869) Pause Young (Allocation Failure)
[326.926s][info][gc,heap        ] GC(869) PSYoungGen: 550240K->65600K(603648K)
[326.926s][info][gc,heap        ] GC(869) PSOldGen: 203962K->241682K(1398272K)
[326.926s][info][gc,metaspace   ] GC(869) Metaspace: 32008K(33072K)->32008K(33072K) NonClass: 28230K(28848K)->28230K(28848K) Class: 3778K(4224K)->3778K(4224K)
[326.926s][info][gc             ] GC(869) Pause Young (Allocation Failure) 736M->300M(1955M) 61.582ms
[326.926s][info][gc,cpu         ] GC(869) User=0.36s Sys=0.00s Real=0.06s
[327.053s][info][gc,start       ] GC(870) Pause Young (Allocation Failure)
[327.116s][info][gc,heap        ] GC(870) PSYoungGen: 574016K->65376K(607232K)
[327.116s][info][gc,heap        ] GC(870) PSOldGen: 241682K->296842K(1398272K)
[327.116s][info][gc,metaspace   ] GC(870) Metaspace: 32008K(33072K)->32008K(33072K) NonClass: 28230K(28848K)->28230K(28848K) Class: 3778K(4224K)->3778K(4224K)
[327.116s][info][gc             ] GC(870) Pause Young (Allocation Failure) 796M->353M(1958M) 62.815ms
[327.116s][info][gc,cpu         ] GC(870) User=0.38s Sys=0.00s Real=0.06s
[327.908s][info][gc,start       ] GC(871) Pause Young (Allocation Failure)
[327.958s][info][gc,heap        ] GC(871) PSYoungGen: 579424K->45280K(605696K)
[327.958s][info][gc,heap        ] GC(871) PSOldGen: 296842K->326122K(1398272K)
[327.958s][info][gc,metaspace   ] GC(871) Metaspace: 32013K(33072K)->32013K(33072K) NonClass: 28235K(28848K)->28235K(28848K) Class: 3778K(4224K)->3778K(4224K)
[327.958s][info][gc             ] GC(871) Pause Young (Allocation Failure) 855M->362M(1957M) 49.670ms
[327.958s][info][gc,cpu         ] GC(871) User=0.28s Sys=0.00s Real=0.06s
[328.084s][info][gc,start       ] GC(872) Pause Young (Allocation Failure)
[328.146s][info][gc,heap        ] GC(872) PSYoungGen: 559328K->67296K(607744K)
[328.146s][info][gc,heap        ] GC(872) PSOldGen: 326122K->365330K(1398272K)
[328.146s][info][gc,metaspace   ] GC(872) Metaspace: 32013K(33072K)->32013K(33072K) NonClass: 28235K(28848K)->28235K(28848K) Class: 3778K(4224K)->3778K(4224K)
[328.146s][info][gc             ] GC(872) Pause Young (Allocation Failure) 864M->422M(1959M) 62.705ms
[328.146s][info][gc,cpu         ] GC(872) User=0.38s Sys=0.00s Real=0.06s
[328.287s][info][gc,start       ] GC(873) Pause Young (Allocation Failure)
[328.360s][info][gc,heap        ] GC(873) PSYoungGen: 583392K->73568K(589824K)
[328.360s][info][gc,heap        ] GC(873) PSOldGen: 365330K->417946K(1398272K)
[328.360s][info][gc,metaspace   ] GC(873) Metaspace: 32013K(33072K)->32013K(33072K) NonClass: 28235K(28848K)->28235K(28848K) Class: 3778K(4224K)->3778K(4224K)
[328.360s][info][gc             ] GC(873) Pause Young (Allocation Failure) 926M->479M(1941M) 73.070ms
[328.360s][info][gc,cpu         ] GC(873) User=0.42s Sys=0.00s Real=0.07s
[329.026s][info][gc,start       ] GC(874) Pause Young (Allocation Failure)
[329.077s][info][gc,heap        ] GC(874) PSYoungGen: 589664K->47264K(606720K)
[329.077s][info][gc,heap        ] GC(874) PSOldGen: 417946K->449618K(1398272K)
[329.077s][info][gc,metaspace   ] GC(874) Metaspace: 32013K(33072K)->32013K(33072K) NonClass: 28235K(28848K)->28235K(28848K) Class: 3778K(4224K)->3778K(4224K)
[329.077s][info][gc             ] GC(874) Pause Young (Allocation Failure) 983M->485M(1958M) 51.664ms
[329.077s][info][gc,cpu         ] GC(874) User=0.28s Sys=0.00s Real=0.05s
[329.230s][info][gc,start       ] GC(875) Pause Young (Allocation Failure)
[329.293s][info][gc,heap        ] GC(875) PSYoungGen: 561312K->72000K(586240K)
[329.293s][info][gc,heap        ] GC(875) PSOldGen: 449618K->488883K(1398272K)
[329.293s][info][gc,metaspace   ] GC(875) Metaspace: 32013K(33072K)->32013K(33072K) NonClass: 28235K(28848K)->28235K(28848K) Class: 3778K(4224K)->3778K(4224K)
[329.293s][info][gc             ] GC(875) Pause Young (Allocation Failure) 987M->547M(1938M) 62.970ms
[329.293s][info][gc,cpu         ] GC(875) User=0.38s Sys=0.00s Real=0.06s
[329.424s][info][gc,start       ] GC(876) Pause Young (Allocation Failure)
[329.492s][info][gc,heap        ] GC(876) PSYoungGen: 586048K->66304K(607232K)
[329.492s][info][gc,heap        ] GC(876) PSOldGen: 488883K->550147K(1398272K)
[329.492s][info][gc,metaspace   ] GC(876) Metaspace: 32013K(33072K)->32013K(33072K) NonClass: 28235K(28848K)->28235K(28848K) Class: 3778K(4224K)->3778K(4224K)
[329.492s][info][gc             ] GC(876) Pause Young (Allocation Failure) 1049M->602M(1958M) 68.341ms
[329.492s][info][gc,cpu         ] GC(876) User=0.36s Sys=0.00s Real=0.07s
[330.164s][info][gc,start       ] GC(877) Pause Young (Allocation Failure)
[330.222s][info][gc,heap        ] GC(877) PSYoungGen: 580352K->53248K(605696K)
[330.222s][info][gc,heap        ] GC(877) PSOldGen: 550147K->579483K(1398272K)
[330.222s][info][gc,metaspace   ] GC(877) Metaspace: 32013K(33072K)->32013K(33072K) NonClass: 28235K(28848K)->28235K(28848K) Class: 3778K(4224K)->3778K(4224K)
[330.222s][info][gc             ] GC(877) Pause Young (Allocation Failure) 1104M->617M(1957M) 58.692ms
[330.222s][info][gc,cpu         ] GC(877) User=0.38s Sys=0.00s Real=0.07s
[330.369s][info][gc,start       ] GC(878) Pause Young (Allocation Failure)
[330.437s][info][gc,heap        ] GC(878) PSYoungGen: 567296K->75200K(603648K)
[330.437s][info][gc,heap        ] GC(878) PSOldGen: 579483K->620431K(1398272K)
[330.437s][info][gc,metaspace   ] GC(878) Metaspace: 32013K(33072K)->32013K(33072K) NonClass: 28235K(28848K)->28235K(28848K) Class: 3778K(4224K)->3778K(4224K)
[330.437s][info][gc             ] GC(878) Pause Young (Allocation Failure) 1119M->679M(1955M) 67.796ms
[330.437s][info][gc,cpu         ] GC(878) User=0.36s Sys=0.00s Real=0.07s
[330.590s][info][gc,start       ] GC(879) Pause Young (Allocation Failure)
[330.665s][info][gc,heap        ] GC(879) PSYoungGen: 588736K->72384K(586240K)
[330.665s][info][gc,heap        ] GC(879) PSOldGen: 620431K->672047K(1398272K)
[330.665s][info][gc,metaspace   ] GC(879) Metaspace: 32013K(33072K)->32013K(33072K) NonClass: 28235K(28848K)->28235K(28848K) Class: 3778K(4224K)->3778K(4224K)
[330.665s][info][gc             ] GC(879) Pause Young (Allocation Failure) 1180M->726M(1938M) 75.007ms
[330.665s][info][gc,cpu         ] GC(879) User=0.47s Sys=0.00s Real=0.08s
[331.264s][info][gc,start       ] GC(880) Pause Young (Allocation Failure)
[331.329s][info][gc,heap        ] GC(880) PSYoungGen: 585920K->58688K(607744K)
[331.329s][info][gc,heap        ] GC(880) PSOldGen: 672047K->704359K(1398272K)
[331.329s][info][gc,metaspace   ] GC(880) Metaspace: 32013K(33072K)->32013K(33072K) NonClass: 28235K(28848K)->28235K(28848K) Class: 3778K(4224K)->3778K(4224K)
[331.329s][info][gc             ] GC(880) Pause Young (Allocation Failure) 1228M->745M(1959M) 64.748ms
[331.329s][info][gc,cpu         ] GC(880) User=0.38s Sys=0.00s Real=0.06s
[331.467s][info][gc,start       ] GC(881) Pause Young (Allocation Failure)
[331.533s][info][gc,heap        ] GC(881) PSYoungGen: 573248K->73120K(605696K)
[331.533s][info][gc,heap        ] GC(881) PSOldGen: 704359K->750560K(1398272K)
[331.533s][info][gc,metaspace   ] GC(881) Metaspace: 32013K(33072K)->32013K(33072K) NonClass: 28235K(28848K)->28235K(28848K) Class: 3778K(4224K)->3778K(4224K)
[331.533s][info][gc             ] GC(881) Pause Young (Allocation Failure) 1247M->804M(1957M) 65.952ms
[331.533s][info][gc,cpu         ] GC(881) User=0.38s Sys=0.00s Real=0.07s
[331.814s][info][gc,start       ] GC(882) Pause Young (Allocation Failure)
[331.884s][info][gc,heap        ] GC(882) PSYoungGen: 587680K->62048K(609280K)
[331.884s][info][gc,heap        ] GC(882) PSOldGen: 750560K->795024K(1398272K)
[331.884s][info][gc,metaspace   ] GC(882) Metaspace: 32013K(33072K)->32013K(33072K) NonClass: 28235K(28848K)->28235K(28848K) Class: 3778K(4224K)->3778K(4224K)
[331.884s][info][gc             ] GC(882) Pause Young (Allocation Failure) 1306M->836M(1960M) 70.304ms
[331.884s][info][gc,cpu         ] GC(882) User=0.47s Sys=0.00s Real=0.08s
[332.438s][info][gc,start       ] GC(883) Pause Young (Allocation Failure)
[332.499s][info][gc,heap        ] GC(883) PSYoungGen: 579168K->62496K(606720K)
[332.499s][info][gc,heap        ] GC(883) PSOldGen: 795024K->826016K(1398272K)
[332.499s][info][gc,metaspace   ] GC(883) Metaspace: 32013K(33072K)->32013K(33072K) NonClass: 28235K(28848K)->28235K(28848K) Class: 3778K(4224K)->3778K(4224K)
[332.499s][info][gc             ] GC(883) Pause Young (Allocation Failure) 1341M->867M(1958M) 61.371ms
[332.499s][info][gc,cpu         ] GC(883) User=0.38s Sys=0.00s Real=0.06s
[332.645s][info][gc,start       ] GC(884) Pause Young (Allocation Failure)
[332.711s][info][gc,heap        ] GC(884) PSYoungGen: 579616K->77664K(606208K)
[332.711s][info][gc,heap        ] GC(884) PSOldGen: 826016K->873084K(1398272K)
[332.711s][info][gc,metaspace   ] GC(884) Metaspace: 32013K(33072K)->32013K(33072K) NonClass: 28235K(28848K)->28235K(28848K) Class: 3778K(4224K)->3778K(4224K)
[332.711s][info][gc             ] GC(884) Pause Young (Allocation Failure) 1372M->928M(1957M) 66.265ms
[332.711s][info][gc,cpu         ] GC(884) User=0.38s Sys=0.00s Real=0.07s
[333.075s][info][gc,start       ] GC(885) Pause Young (Allocation Failure)
[333.133s][info][gc,heap        ] GC(885) PSYoungGen: 596320K->53536K(608768K)
[333.133s][info][gc,heap        ] GC(885) PSOldGen: 873084K->906164K(1398272K)
[333.133s][info][gc,metaspace   ] GC(885) Metaspace: 32013K(33072K)->32013K(33072K) NonClass: 28235K(28848K)->28235K(28848K) Class: 3778K(4224K)->3778K(4224K)
[333.134s][info][gc             ] GC(885) Pause Young (Allocation Failure) 1434M->937M(1960M) 58.052ms
[333.134s][info][gc,cpu         ] GC(885) User=0.38s Sys=0.00s Real=0.07s
[333.557s][info][gc,start       ] GC(886) Pause Young (Allocation Failure)
[333.622s][info][gc,heap        ] GC(886) PSYoungGen: 572192K->81760K(601088K)
[333.622s][info][gc,heap        ] GC(886) PSOldGen: 906164K->939028K(1398272K)
[333.622s][info][gc,metaspace   ] GC(886) Metaspace: 32013K(33072K)->32013K(33072K) NonClass: 28235K(28848K)->28235K(28848K) Class: 3778K(4224K)->3778K(4224K)
[333.622s][info][gc             ] GC(886) Pause Young (Allocation Failure) 1443M->996M(1952M) 65.321ms
[333.622s][info][gc,cpu         ] GC(886) User=0.31s Sys=0.00s Real=0.07s
[333.758s][info][gc,start       ] GC(887) Pause Young (Allocation Failure)
[333.834s][info][gc,heap        ] GC(887) PSYoungGen: 593248K->71904K(605184K)
[333.834s][info][gc,heap        ] GC(887) PSOldGen: 939028K->1008069K(1398272K)
[333.834s][info][gc,metaspace   ] GC(887) Metaspace: 32013K(33072K)->32013K(33072K) NonClass: 28235K(28848K)->28235K(28848K) Class: 3778K(4224K)->3778K(4224K)
[333.834s][info][gc             ] GC(887) Pause Young (Allocation Failure) 1496M->1054M(1956M) 75.971ms
[333.834s][info][gc,cpu         ] GC(887) User=0.38s Sys=0.00s Real=0.08s
[334.604s][info][gc,start       ] GC(888) Pause Young (Allocation Failure)
[334.661s][info][gc,heap        ] GC(888) PSYoungGen: 583392K->49408K(605696K)
[334.661s][info][gc,heap        ] GC(888) PSOldGen: 1008069K->1038981K(1398272K)
[334.661s][info][gc,metaspace   ] GC(888) Metaspace: 32013K(33072K)->32013K(33072K) NonClass: 28235K(28848K)->28235K(28848K) Class: 3778K(4224K)->3778K(4224K)
[334.661s][info][gc             ] GC(888) Pause Young (Allocation Failure) 1554M->1062M(1957M) 57.007ms
[334.661s][info][gc,cpu         ] GC(888) User=0.28s Sys=0.00s Real=0.07s
[334.794s][info][gc,start       ] GC(889) Pause Young (Allocation Failure)
[334.857s][info][gc,heap        ] GC(889) PSYoungGen: 561920K->70656K(605696K)
[334.857s][info][gc,heap        ] GC(889) PSOldGen: 1038981K->1078477K(1398272K)
[334.857s][info][gc,metaspace   ] GC(889) Metaspace: 32013K(33072K)->32013K(33072K) NonClass: 28235K(28848K)->28235K(28848K) Class: 3778K(4224K)->3778K(4224K)
[334.857s][info][gc             ] GC(889) Pause Young (Allocation Failure) 1563M->1122M(1957M) 63.141ms
[334.857s][info][gc,cpu         ] GC(889) User=0.38s Sys=0.00s Real=0.06s
[334.992s][info][gc,start       ] GC(890) Pause Young (Allocation Failure)
[335.078s][info][gc,heap        ] GC(890) PSYoungGen: 583168K->70976K(606720K)
[335.078s][info][gc,heap        ] GC(890) PSOldGen: 1078477K->1134869K(1398272K)
[335.078s][info][gc,metaspace   ] GC(890) Metaspace: 32013K(33072K)->32013K(33072K) NonClass: 28235K(28848K)->28235K(28848K) Class: 3778K(4224K)->3778K(4224K)
[335.078s][info][gc             ] GC(890) Pause Young (Allocation Failure) 1622M->1177M(1958M) 86.296ms
[335.078s][info][gc,cpu         ] GC(890) User=0.56s Sys=0.00s Real=0.09s
[335.805s][info][gc,start       ] GC(891) Pause Young (Allocation Failure)
[335.864s][info][gc,heap        ] GC(891) PSYoungGen: 585024K->59968K(606208K)
[335.864s][info][gc,heap        ] GC(891) PSOldGen: 1134869K->1165077K(1398272K)
[335.864s][info][gc,metaspace   ] GC(891) Metaspace: 32013K(33072K)->32013K(33072K) NonClass: 28235K(28848K)->28235K(28848K) Class: 3778K(4224K)->3778K(4224K)
[335.864s][info][gc             ] GC(891) Pause Young (Allocation Failure) 1679M->1196M(1957M) 59.184ms
[335.864s][info][gc,cpu         ] GC(891) User=0.28s Sys=0.00s Real=0.06s
[336.005s][info][gc,start       ] GC(892) Pause Young (Allocation Failure)
[336.082s][info][gc,heap        ] GC(892) PSYoungGen: 574016K->76992K(605184K)
[336.082s][info][gc,heap        ] GC(892) PSOldGen: 1165077K->1209509K(1398272K)
[336.082s][info][gc,metaspace   ] GC(892) Metaspace: 32013K(33072K)->32013K(33072K) NonClass: 28235K(28848K)->28235K(28848K) Class: 3778K(4224K)->3778K(4224K)
[336.082s][info][gc             ] GC(892) Pause Young (Allocation Failure) 1698M->1256M(1956M) 77.282ms
[336.082s][info][gc,cpu         ] GC(892) User=0.42s Sys=0.00s Real=0.08s
[336.291s][info][gc,start       ] GC(893) Pause Young (Allocation Failure)
[336.366s][info][gc,heap        ] GC(893) PSYoungGen: 591552K->65952K(606720K)
[336.366s][info][gc,heap        ] GC(893) PSOldGen: 1209509K->1253205K(1398272K)
[336.366s][info][gc,metaspace   ] GC(893) Metaspace: 32013K(33072K)->32013K(33072K) NonClass: 28235K(28848K)->28235K(28848K) Class: 3778K(4224K)->3778K(4224K)
[336.366s][info][gc             ] GC(893) Pause Young (Allocation Failure) 1758M->1288M(1958M) 74.725ms
[336.366s][info][gc,cpu         ] GC(893) User=0.38s Sys=0.00s Real=0.09s
[336.885s][info][gc,start       ] GC(894) Pause Young (System.gc())
[336.923s][info][gc,heap        ] GC(894) PSYoungGen: 258895K->14240K(596480K)
[336.923s][info][gc,heap        ] GC(894) PSOldGen: 1253205K->1287165K(1398272K)
[336.923s][info][gc,metaspace   ] GC(894) Metaspace: 32013K(33072K)->32013K(33072K) NonClass: 28235K(28848K)->28235K(28848K) Class: 3778K(4224K)->3778K(4224K)
[336.923s][info][gc             ] GC(894) Pause Young (System.gc()) 1476M->1270M(1948M) 37.734ms
[336.923s][info][gc,cpu         ] GC(894) User=0.16s Sys=0.00s Real=0.05s
[336.923s][info][gc,start       ] GC(895) Pause Full (System.gc())
[336.923s][info][gc,phases,start] GC(895) Phase 1: Mark live objects
[337.041s][info][gc,phases      ] GC(895) Phase 1: Mark live objects 117.441ms
[337.041s][info][gc,phases,start] GC(895) Phase 2: Compute new object addresses
[337.222s][info][gc,phases      ] GC(895) Phase 2: Compute new object addresses 181.543ms
[337.222s][info][gc,phases,start] GC(895) Phase 3: Adjust pointers
[337.307s][info][gc,phases      ] GC(895) Phase 3: Adjust pointers 84.206ms
[337.307s][info][gc,phases,start] GC(895) Phase 4: Move objects
[337.330s][info][gc,phases      ] GC(895) Phase 4: Move objects 23.315ms
[337.330s][info][gc,heap        ] GC(895) PSYoungGen: 14240K->0K(596480K)
[337.330s][info][gc,heap        ] GC(895) PSOldGen: 1287165K->104277K(1398272K)
[337.330s][info][gc,metaspace   ] GC(895) Metaspace: 32013K(33072K)->32013K(33072K) NonClass: 28235K(28848K)->28235K(28848K) Class: 3778K(4224K)->3778K(4224K)
[337.330s][info][gc             ] GC(895) Pause Full (System.gc()) 1270M->101M(1948M) 407.288ms
[337.330s][info][gc,cpu         ] GC(895) User=0.41s Sys=0.00s Real=0.39s
[337.528s][info][gc,start       ] GC(896) Pause Young (Allocation Failure)
[337.572s][info][gc,heap        ] GC(896) PSYoungGen: 506368K->73632K(580096K)
[337.572s][info][gc,heap        ] GC(896) PSOldGen: 104277K->104277K(1398272K)
[337.572s][info][gc,metaspace   ] GC(896) Metaspace: 32013K(33072K)->32013K(33072K) NonClass: 28235K(28848K)->28235K(28848K) Class: 3778K(4224K)->3778K(4224K)
[337.572s][info][gc             ] GC(896) Pause Young (Allocation Failure) 596M->173M(1932M) 44.112ms
[337.572s][info][gc,cpu         ] GC(896) User=0.28s Sys=0.00s Real=0.05s
[337.721s][info][gc,start       ] GC(897) Pause Young (Allocation Failure)
[337.802s][info][gc,heap        ] GC(897) PSYoungGen: 580000K->80672K(594432K)
[337.802s][info][gc,heap        ] GC(897) PSOldGen: 104277K->159065K(1398272K)
[337.802s][info][gc,metaspace   ] GC(897) Metaspace: 32013K(33072K)->32013K(33072K) NonClass: 28235K(28848K)->28235K(28848K) Class: 3778K(4224K)->3778K(4224K)
[337.802s][info][gc             ] GC(897) Pause Young (Allocation Failure) 668M->234M(1946M) 81.289ms
[337.802s][info][gc,cpu         ] GC(897) User=0.44s Sys=0.00s Real=0.08s
[338.474s][info][gc,start       ] GC(898) Pause Young (Allocation Failure)
[338.530s][info][gc,heap        ] GC(898) PSYoungGen: 577824K->50592K(598016K)
[338.530s][info][gc,heap        ] GC(898) PSOldGen: 159065K->191785K(1398272K)
[338.530s][info][gc,metaspace   ] GC(898) Metaspace: 32013K(33072K)->32013K(33072K) NonClass: 28235K(28848K)->28235K(28848K) Class: 3778K(4224K)->3778K(4224K)
[338.530s][info][gc             ] GC(898) Pause Young (Allocation Failure) 719M->236M(1949M) 56.464ms
[338.530s][info][gc,cpu         ] GC(898) User=0.34s Sys=0.00s Real=0.07s
[338.675s][info][gc,start       ] GC(899) Pause Young (Allocation Failure)
[338.737s][info][gc,heap        ] GC(899) PSYoungGen: 547744K->73216K(598528K)
[338.739s][info][gc,heap        ] GC(899) PSOldGen: 191785K->231261K(1398272K)
[338.739s][info][gc,metaspace   ] GC(899) Metaspace: 32013K(33072K)->32013K(33072K) NonClass: 28235K(28848K)->28235K(28848K) Class: 3778K(4224K)->3778K(4224K)
[338.739s][info][gc             ] GC(899) Pause Young (Allocation Failure) 722M->297M(1950M) 64.572ms
[338.739s][info][gc,cpu         ] GC(899) User=0.38s Sys=0.00s Real=0.06s
[338.871s][info][gc,start       ] GC(900) Pause Young (Allocation Failure)
[338.946s][info][gc,heap        ] GC(900) PSYoungGen: 572416K->70432K(599040K)
[338.946s][info][gc,heap        ] GC(900) PSOldGen: 231261K->289349K(1398272K)
[338.946s][info][gc,metaspace   ] GC(900) Metaspace: 32013K(33072K)->32013K(33072K) NonClass: 28235K(28848K)->28235K(28848K) Class: 3778K(4224K)->3778K(4224K)
[338.946s][info][gc             ] GC(900) Pause Young (Allocation Failure) 784M->351M(1950M) 75.030ms
[338.946s][info][gc,cpu         ] GC(900) User=0.47s Sys=0.00s Real=0.08s
[339.531s][info][gc,start       ] GC(901) Pause Young (Allocation Failure)
[339.588s][info][gc,heap        ] GC(901) PSYoungGen: 569632K->61568K(603136K)
[339.588s][info][gc,heap        ] GC(901) PSOldGen: 289349K->319365K(1398272K)
[339.588s][info][gc,metaspace   ] GC(901) Metaspace: 32013K(33072K)->32013K(33072K) NonClass: 28235K(28848K)->28235K(28848K) Class: 3778K(4224K)->3778K(4224K)
[339.588s][info][gc             ] GC(901) Pause Young (Allocation Failure) 838M->372M(1954M) 56.964ms
[339.588s][info][gc,cpu         ] GC(901) User=0.38s Sys=0.00s Real=0.07s
[339.717s][info][gc,start       ] GC(902) Pause Young (Allocation Failure)
[339.782s][info][gc,heap        ] GC(902) PSYoungGen: 566400K->69248K(600576K)
[339.782s][info][gc,heap        ] GC(902) PSOldGen: 319365K->369402K(1398272K)
[339.782s][info][gc,metaspace   ] GC(902) Metaspace: 32013K(33072K)->32013K(33072K) NonClass: 28235K(28848K)->28235K(28848K) Class: 3778K(4224K)->3778K(4224K)
[339.782s][info][gc             ] GC(902) Pause Young (Allocation Failure) 865M->428M(1952M) 65.079ms
[339.782s][info][gc,cpu         ] GC(902) User=0.38s Sys=0.00s Real=0.07s
[340.010s][info][gc,start       ] GC(903) Pause Young (Allocation Failure)
[340.082s][info][gc,heap        ] GC(903) PSYoungGen: 574080K->65920K(607232K)
[340.082s][info][gc,heap        ] GC(903) PSOldGen: 369402K->409402K(1398272K)
[340.082s][info][gc,metaspace   ] GC(903) Metaspace: 32013K(33072K)->32013K(33072K) NonClass: 28235K(28848K)->28235K(28848K) Class: 3778K(4224K)->3778K(4224K)
[340.082s][info][gc             ] GC(903) Pause Young (Allocation Failure) 921M->464M(1958M) 72.709ms
[340.082s][info][gc,cpu         ] GC(903) User=0.38s Sys=0.00s Real=0.09s
[340.596s][info][gc,start       ] GC(904) Pause Young (Allocation Failure)
[340.654s][info][gc,heap        ] GC(904) PSYoungGen: 578944K->65472K(604672K)
[340.654s][info][gc,heap        ] GC(904) PSOldGen: 409402K->443522K(1398272K)
[340.654s][info][gc,metaspace   ] GC(904) Metaspace: 32013K(33072K)->32013K(33072K) NonClass: 28235K(28848K)->28235K(28848K) Class: 3778K(4224K)->3778K(4224K)
[340.654s][info][gc             ] GC(904) Pause Young (Allocation Failure) 965M->497M(1956M) 58.670ms
[340.654s][info][gc,cpu         ] GC(904) User=0.38s Sys=0.00s Real=0.06s
[340.799s][info][gc,start       ] GC(905) Pause Young (Allocation Failure)
[340.866s][info][gc,heap        ] GC(905) PSYoungGen: 578496K->76608K(606208K)
[340.866s][info][gc,heap        ] GC(905) PSOldGen: 443522K->492874K(1398272K)
[340.866s][info][gc,metaspace   ] GC(905) Metaspace: 32013K(33072K)->32013K(33072K) NonClass: 28235K(28848K)->28235K(28848K) Class: 3778K(4224K)->3778K(4224K)
[340.866s][info][gc             ] GC(905) Pause Young (Allocation Failure) 998M->556M(1957M) 67.545ms
[340.866s][info][gc,cpu         ] GC(905) User=0.38s Sys=0.00s Real=0.07s
[341.437s][info][gc,start       ] GC(906) Pause Young (Allocation Failure)
[341.491s][info][gc,heap        ] GC(906) PSYoungGen: 593216K->42304K(559104K)
[341.491s][info][gc,heap        ] GC(906) PSOldGen: 492874K->526034K(1398272K)
[341.491s][info][gc,metaspace   ] GC(906) Metaspace: 32013K(33072K)->32013K(33072K) NonClass: 28235K(28848K)->28235K(28848K) Class: 3778K(4224K)->3778K(4224K)
[341.491s][info][gc             ] GC(906) Pause Young (Allocation Failure) 1060M->555M(1911M) 53.679ms
[341.491s][info][gc,cpu         ] GC(906) User=0.28s Sys=0.00s Real=0.06s
[341.689s][info][gc,start       ] GC(907) Pause Young (Allocation Failure)
[341.744s][info][gc,heap        ] GC(907) PSYoungGen: 558912K->65824K(608256K)
[341.744s][info][gc,heap        ] GC(907) PSOldGen: 526034K->561274K(1398272K)
[341.744s][info][gc,metaspace   ] GC(907) Metaspace: 32013K(33072K)->32013K(33072K) NonClass: 28235K(28848K)->28235K(28848K) Class: 3778K(4224K)->3778K(4224K)
[341.744s][info][gc             ] GC(907) Pause Young (Allocation Failure) 1059M->612M(1959M) 54.468ms
[341.744s][info][gc,cpu         ] GC(907) User=0.36s Sys=0.00s Real=0.05s
[341.878s][info][gc,start       ] GC(908) Pause Young (Allocation Failure)
[341.944s][info][gc,heap        ] GC(908) PSYoungGen: 581408K->72192K(606208K)
[341.944s][info][gc,heap        ] GC(908) PSOldGen: 561274K->613367K(1398272K)
[341.944s][info][gc,metaspace   ] GC(908) Metaspace: 32013K(33072K)->32013K(33072K) NonClass: 28235K(28848K)->28235K(28848K) Class: 3778K(4224K)->3778K(4224K)
[341.945s][info][gc             ] GC(908) Pause Young (Allocation Failure) 1115M->669M(1957M) 66.417ms
[341.945s][info][gc,cpu         ] GC(908) User=0.36s Sys=0.00s Real=0.07s
[342.669s][info][gc,start       ] GC(909) Pause Young (Allocation Failure)
[342.721s][info][gc,heap        ] GC(909) PSYoungGen: 587776K->43200K(605696K)
[342.721s][info][gc,heap        ] GC(909) PSOldGen: 613367K->644103K(1398272K)
[342.721s][info][gc,metaspace   ] GC(909) Metaspace: 32013K(33072K)->32013K(33072K) NonClass: 28235K(28848K)->28235K(28848K) Class: 3778K(4224K)->3778K(4224K)
[342.721s][info][gc             ] GC(909) Pause Young (Allocation Failure) 1172M->671M(1957M) 52.048ms
[342.721s][info][gc,cpu         ] GC(909) User=0.27s Sys=0.02s Real=0.05s
[342.863s][info][gc,start       ] GC(910) Pause Young (Allocation Failure)
[342.923s][info][gc,heap        ] GC(910) PSYoungGen: 557760K->66336K(606720K)
[342.923s][info][gc,heap        ] GC(910) PSOldGen: 644103K->683707K(1398272K)
[342.923s][info][gc,metaspace   ] GC(910) Metaspace: 32013K(33072K)->32013K(33072K) NonClass: 28235K(28848K)->28235K(28848K) Class: 3778K(4224K)->3778K(4224K)
[342.923s][info][gc             ] GC(910) Pause Young (Allocation Failure) 1173M->732M(1958M) 60.090ms
[342.923s][info][gc,cpu         ] GC(910) User=0.38s Sys=0.00s Real=0.06s
[343.057s][info][gc,start       ] GC(911) Pause Young (Allocation Failure)
[343.125s][info][gc,heap        ] GC(911) PSYoungGen: 580896K->72128K(607232K)
[343.125s][info][gc,heap        ] GC(911) PSOldGen: 683707K->735851K(1398272K)
[343.125s][info][gc,metaspace   ] GC(911) Metaspace: 32013K(33072K)->32013K(33072K) NonClass: 28235K(28848K)->28235K(28848K) Class: 3778K(4224K)->3778K(4224K)
[343.125s][info][gc             ] GC(911) Pause Young (Allocation Failure) 1234M->789M(1958M) 68.167ms
[343.125s][info][gc,cpu         ] GC(911) User=0.38s Sys=0.00s Real=0.07s
[343.715s][info][gc,start       ] GC(912) Pause Young (Allocation Failure)
[343.779s][info][gc,heap        ] GC(912) PSYoungGen: 588736K->49248K(607744K)
[343.779s][info][gc,heap        ] GC(912) PSOldGen: 735851K->767123K(1398272K)
[343.779s][info][gc,metaspace   ] GC(912) Metaspace: 32013K(33072K)->32013K(33072K) NonClass: 28235K(28848K)->28235K(28848K) Class: 3778K(4224K)->3778K(4224K)
[343.779s][info][gc             ] GC(912) Pause Young (Allocation Failure) 1293M->797M(1959M) 64.867ms
[343.779s][info][gc,cpu         ] GC(912) User=0.38s Sys=0.00s Real=0.07s
[343.923s][info][gc,start       ] GC(913) Pause Young (Allocation Failure)
[343.987s][info][gc,heap        ] GC(913) PSYoungGen: 565856K->74272K(604672K)
[343.987s][info][gc,heap        ] GC(913) PSOldGen: 767123K->806652K(1398272K)
[343.987s][info][gc,metaspace   ] GC(913) Metaspace: 32013K(33072K)->32013K(33072K) NonClass: 28235K(28848K)->28235K(28848K) Class: 3778K(4224K)->3778K(4224K)
[343.987s][info][gc             ] GC(913) Pause Young (Allocation Failure) 1301M->860M(1956M) 63.418ms
[343.987s][info][gc,cpu         ] GC(913) User=0.38s Sys=0.00s Real=0.06s
[344.124s][info][gc,start       ] GC(914) Pause Young (Allocation Failure)
[344.199s][info][gc,heap        ] GC(914) PSYoungGen: 587808K->74848K(588800K)
[344.199s][info][gc,heap        ] GC(914) PSOldGen: 806652K->864236K(1398272K)
[344.199s][info][gc,metaspace   ] GC(914) Metaspace: 32013K(33072K)->32013K(33072K) NonClass: 28235K(28848K)->28235K(28848K) Class: 3778K(4224K)->3778K(4224K)
[344.199s][info][gc             ] GC(914) Pause Young (Allocation Failure) 1361M->917M(1940M) 74.651ms
[344.199s][info][gc,cpu         ] GC(914) User=0.45s Sys=0.02s Real=0.07s
[344.846s][info][gc,start       ] GC(915) Pause Young (Allocation Failure)
[344.904s][info][gc,heap        ] GC(915) PSYoungGen: 588384K->58720K(606720K)
[344.904s][info][gc,heap        ] GC(915) PSOldGen: 864236K->895852K(1398272K)
[344.904s][info][gc,metaspace   ] GC(915) Metaspace: 32013K(33072K)->32013K(33072K) NonClass: 28235K(28848K)->28235K(28848K) Class: 3778K(4224K)->3778K(4224K)
[344.904s][info][gc             ] GC(915) Pause Young (Allocation Failure) 1418M->932M(1958M) 58.036ms
[344.904s][info][gc,cpu         ] GC(915) User=0.34s Sys=0.00s Real=0.07s
[345.044s][info][gc,start       ] GC(916) Pause Young (Allocation Failure)
[345.108s][info][gc,heap        ] GC(916) PSYoungGen: 571744K->75104K(605184K)
[345.108s][info][gc,heap        ] GC(916) PSOldGen: 895852K->939168K(1398272K)
[345.108s][info][gc,metaspace   ] GC(916) Metaspace: 32013K(33072K)->32013K(33072K) NonClass: 28235K(28848K)->28235K(28848K) Class: 3778K(4224K)->3778K(4224K)
[345.108s][info][gc             ] GC(916) Pause Young (Allocation Failure) 1433M->990M(1956M) 64.417ms
[345.108s][info][gc,cpu         ] GC(916) User=0.38s Sys=0.00s Real=0.06s
[345.328s][info][gc,start       ] GC(917) Pause Young (Allocation Failure)
[345.403s][info][gc,heap        ] GC(917) PSYoungGen: 588128K->66496K(607744K)
[345.403s][info][gc,heap        ] GC(917) PSOldGen: 939168K->979120K(1398272K)
[345.403s][info][gc,metaspace   ] GC(917) Metaspace: 32013K(33072K)->32013K(33072K) NonClass: 28235K(28848K)->28235K(28848K) Class: 3778K(4224K)->3778K(4224K)
[345.403s][info][gc             ] GC(917) Pause Young (Allocation Failure) 1491M->1021M(1959M) 74.801ms
[345.403s][info][gc,cpu         ] GC(917) User=0.47s Sys=0.00s Real=0.08s
[346.011s][info][gc,start       ] GC(918) Pause Young (Allocation Failure)
[346.080s][info][gc,heap        ] GC(918) PSYoungGen: 581056K->68384K(605696K)
[346.080s][info][gc,heap        ] GC(918) PSOldGen: 979120K->1012560K(1398272K)
[346.080s][info][gc,metaspace   ] GC(918) Metaspace: 32016K(33072K)->32016K(33072K) NonClass: 28237K(28848K)->28237K(28848K) Class: 3778K(4224K)->3778K(4224K)
[346.080s][info][gc             ] GC(918) Pause Young (Allocation Failure) 1523M->1055M(1957M) 69.079ms
[346.080s][info][gc,cpu         ] GC(918) User=0.38s Sys=0.00s Real=0.08s
[346.237s][info][gc,start       ] GC(919) Pause Young (Allocation Failure)
[346.309s][info][gc,heap        ] GC(919) PSYoungGen: 582944K->83872K(601088K)
[346.309s][info][gc,heap        ] GC(919) PSOldGen: 1012560K->1061161K(1398272K)
[346.309s][info][gc,metaspace   ] GC(919) Metaspace: 32016K(33072K)->32016K(33072K) NonClass: 28237K(28848K)->28237K(28848K) Class: 3778K(4224K)->3778K(4224K)
[346.309s][info][gc             ] GC(919) Pause Young (Allocation Failure) 1558M->1118M(1952M) 71.756ms
[346.309s][info][gc,cpu         ] GC(919) User=0.38s Sys=0.00s Real=0.07s
[346.966s][info][gc,start       ] GC(920) Pause Young (Allocation Failure)
[347.024s][info][gc,heap        ] GC(920) PSYoungGen: 595360K->43072K(555008K)
[347.024s][info][gc,heap        ] GC(920) PSOldGen: 1061161K->1095881K(1398272K)
[347.024s][info][gc,metaspace   ] GC(920) Metaspace: 32016K(33072K)->32016K(33072K) NonClass: 28237K(28848K)->28237K(28848K) Class: 3778K(4224K)->3778K(4224K)
[347.024s][info][gc             ] GC(920) Pause Young (Allocation Failure) 1617M->1112M(1907M) 57.670ms
[347.024s][info][gc,cpu         ] GC(920) User=0.38s Sys=0.00s Real=0.06s
[347.157s][info][gc,start       ] GC(921) Pause Young (Allocation Failure)
[347.216s][info][gc,heap        ] GC(921) PSYoungGen: 554560K->67392K(605696K)
[347.216s][info][gc,heap        ] GC(921) PSOldGen: 1095881K->1134349K(1398272K)
[347.216s][info][gc,metaspace   ] GC(921) Metaspace: 32016K(33072K)->32016K(33072K) NonClass: 28237K(28848K)->28237K(28848K) Class: 3778K(4224K)->3778K(4224K)
[347.216s][info][gc             ] GC(921) Pause Young (Allocation Failure) 1611M->1173M(1957M) 58.835ms
[347.216s][info][gc,cpu         ] GC(921) User=0.34s Sys=0.02s Real=0.06s
[347.355s][info][gc,start       ] GC(922) Pause Young (Allocation Failure)
[347.422s][info][gc,heap        ] GC(922) PSYoungGen: 577856K->70144K(603648K)
[347.422s][info][gc,heap        ] GC(922) PSOldGen: 1134349K->1189109K(1398272K)
[347.422s][info][gc,metaspace   ] GC(922) Metaspace: 32016K(33072K)->32016K(33072K) NonClass: 28237K(28848K)->28237K(28848K) Class: 3778K(4224K)->3778K(4224K)
[347.422s][info][gc             ] GC(922) Pause Young (Allocation Failure) 1672M->1229M(1955M) 66.501ms
[347.422s][info][gc,cpu         ] GC(922) User=0.38s Sys=0.00s Real=0.06s
[348.147s][info][gc,start       ] GC(923) Pause Young (System.gc())
[348.193s][info][gc,heap        ] GC(923) PSYoungGen: 480323K->30912K(599552K)
[348.193s][info][gc,heap        ] GC(923) PSOldGen: 1189109K->1220829K(1398272K)
[348.193s][info][gc,metaspace   ] GC(923) Metaspace: 32016K(33072K)->32016K(33072K) NonClass: 28238K(28848K)->28238K(28848K) Class: 3778K(4224K)->3778K(4224K)
[348.193s][info][gc             ] GC(923) Pause Young (System.gc()) 1630M->1222M(1951M) 45.967ms
[348.193s][info][gc,cpu         ] GC(923) User=0.28s Sys=0.00s Real=0.06s
[348.193s][info][gc,start       ] GC(924) Pause Full (System.gc())
[348.193s][info][gc,phases,start] GC(924) Phase 1: Mark live objects
[348.351s][info][gc,phases      ] GC(924) Phase 1: Mark live objects 158.091ms
[348.351s][info][gc,phases,start] GC(924) Phase 2: Compute new object addresses
[348.525s][info][gc,phases      ] GC(924) Phase 2: Compute new object addresses 174.409ms
[348.525s][info][gc,phases,start] GC(924) Phase 3: Adjust pointers
[348.610s][info][gc,phases      ] GC(924) Phase 3: Adjust pointers 84.299ms
[348.610s][info][gc,phases,start] GC(924) Phase 4: Move objects
[348.634s][info][gc,phases      ] GC(924) Phase 4: Move objects 24.247ms
[348.634s][info][gc,heap        ] GC(924) PSYoungGen: 30912K->0K(599552K)
[348.634s][info][gc,heap        ] GC(924) PSOldGen: 1220829K->104398K(1398272K)
[348.634s][info][gc,metaspace   ] GC(924) Metaspace: 32016K(33072K)->32016K(33072K) NonClass: 28238K(28848K)->28238K(28848K) Class: 3778K(4224K)->3778K(4224K)
[348.634s][info][gc             ] GC(924) Pause Full (System.gc()) 1222M->101M(1951M) 441.809ms
[348.634s][info][gc,cpu         ] GC(924) User=0.45s Sys=0.00s Real=0.43s
[348.868s][info][gc,start       ] GC(925) Pause Young (Allocation Failure)
[348.913s][info][gc,heap        ] GC(925) PSYoungGen: 507392K->79616K(587264K)
[348.913s][info][gc,heap        ] GC(925) PSOldGen: 104398K->104398K(1398272K)
[348.913s][info][gc,metaspace   ] GC(925) Metaspace: 32016K(33072K)->32016K(33072K) NonClass: 28238K(28848K)->28238K(28848K) Class: 3778K(4224K)->3778K(4224K)
[348.913s][info][gc             ] GC(925) Pause Young (Allocation Failure) 597M->179M(1939M) 45.532ms
[348.913s][info][gc,cpu         ] GC(925) User=0.17s Sys=0.00s Real=0.05s
[349.054s][info][gc,start       ] GC(926) Pause Young (Allocation Failure)
[349.134s][info][gc,heap        ] GC(926) PSYoungGen: 587008K->74432K(599040K)
[349.134s][info][gc,heap        ] GC(926) PSOldGen: 104398K->168227K(1398272K)
[349.134s][info][gc,metaspace   ] GC(926) Metaspace: 32016K(33072K)->32016K(33072K) NonClass: 28238K(28848K)->28238K(28848K) Class: 3778K(4224K)->3778K(4224K)
[349.134s][info][gc             ] GC(926) Pause Young (Allocation Failure) 675M->236M(1950M) 79.885ms
[349.134s][info][gc,cpu         ] GC(926) User=0.55s Sys=0.00s Real=0.08s
[349.836s][info][gc,start       ] GC(927) Pause Young (Allocation Failure)
[349.900s][info][gc,heap        ] GC(927) PSYoungGen: 574656K->56768K(599552K)
[349.900s][info][gc,heap        ] GC(927) PSOldGen: 168227K->199883K(1398272K)
[349.900s][info][gc,metaspace   ] GC(927) Metaspace: 32016K(33072K)->32016K(33072K) NonClass: 28238K(28848K)->28238K(28848K) Class: 3778K(4224K)->3778K(4224K)
[349.900s][info][gc             ] GC(927) Pause Young (Allocation Failure) 725M->250M(1951M) 64.040ms
[349.900s][info][gc,cpu         ] GC(927) User=0.42s Sys=0.02s Real=0.06s
[350.047s][info][gc,start       ] GC(928) Pause Young (Allocation Failure)
[350.111s][info][gc,heap        ] GC(928) PSYoungGen: 556992K->76224K(599552K)
[350.111s][info][gc,heap        ] GC(928) PSOldGen: 199883K->242463K(1398272K)
[350.111s][info][gc,metaspace   ] GC(928) Metaspace: 32016K(33072K)->32016K(33072K) NonClass: 28238K(28848K)->28238K(28848K) Class: 3778K(4224K)->3778K(4224K)
[350.111s][info][gc             ] GC(928) Pause Young (Allocation Failure) 739M->311M(1951M) 63.778ms
[350.111s][info][gc,cpu         ] GC(928) User=0.38s Sys=0.00s Real=0.06s
[350.265s][info][gc,start       ] GC(929) Pause Young (Allocation Failure)
[350.336s][info][gc,heap        ] GC(929) PSYoungGen: 578496K->68768K(600576K)
[350.336s][info][gc,heap        ] GC(929) PSOldGen: 242463K->293079K(1398272K)
[350.336s][info][gc,metaspace   ] GC(929) Metaspace: 32016K(33072K)->32016K(33072K) NonClass: 28238K(28848K)->28238K(28848K) Class: 3778K(4224K)->3778K(4224K)
[350.336s][info][gc             ] GC(929) Pause Young (Allocation Failure) 801M->353M(1952M) 71.445ms
[350.336s][info][gc,cpu         ] GC(929) User=0.44s Sys=0.00s Real=0.07s
[350.899s][info][gc,start       ] GC(930) Pause Young (Allocation Failure)
[350.954s][info][gc,heap        ] GC(930) PSYoungGen: 571040K->57024K(604160K)
[350.954s][info][gc,heap        ] GC(930) PSOldGen: 293079K->324399K(1398272K)
[350.954s][info][gc,metaspace   ] GC(930) Metaspace: 32016K(33072K)->32016K(33072K) NonClass: 28238K(28848K)->28238K(28848K) Class: 3778K(4224K)->3778K(4224K)
[350.954s][info][gc             ] GC(930) Pause Young (Allocation Failure) 843M->372M(1955M) 54.766ms
[350.954s][info][gc,cpu         ] GC(930) User=0.28s Sys=0.00s Real=0.06s
[351.092s][info][gc,start       ] GC(931) Pause Young (Allocation Failure)
[351.158s][info][gc,heap        ] GC(931) PSYoungGen: 564928K->72992K(602624K)
[351.158s][info][gc,heap        ] GC(931) PSOldGen: 324399K->369259K(1398272K)
[351.158s][info][gc,metaspace   ] GC(931) Metaspace: 32016K(33072K)->32016K(33072K) NonClass: 28238K(28848K)->28238K(28848K) Class: 3778K(4224K)->3778K(4224K)
[351.158s][info][gc             ] GC(931) Pause Young (Allocation Failure) 868M->431M(1954M) 65.729ms
[351.158s][info][gc,cpu         ] GC(931) User=0.33s Sys=0.00s Real=0.07s
[351.404s][info][gc,start       ] GC(932) Pause Young (Allocation Failure)
[351.466s][info][gc,heap        ] GC(932) PSYoungGen: 580896K->64992K(606720K)
[351.466s][info][gc,heap        ] GC(932) PSOldGen: 369259K->405539K(1398272K)
[351.466s][info][gc,metaspace   ] GC(932) Metaspace: 32016K(33072K)->32016K(33072K) NonClass: 28238K(28848K)->28238K(28848K) Class: 3778K(4224K)->3778K(4224K)
[351.466s][info][gc             ] GC(932) Pause Young (Allocation Failure) 927M->459M(1958M) 62.903ms
[351.466s][info][gc,cpu         ] GC(932) User=0.30s Sys=0.00s Real=0.07s
[351.989s][info][gc,start       ] GC(933) Pause Young (Allocation Failure)
[352.049s][info][gc,heap        ] GC(933) PSYoungGen: 576992K->67968K(604160K)
[352.049s][info][gc,heap        ] GC(933) PSOldGen: 405539K->439987K(1398272K)
[352.049s][info][gc,metaspace   ] GC(933) Metaspace: 32016K(33072K)->32016K(33072K) NonClass: 28238K(28848K)->28238K(28848K) Class: 3778K(4224K)->3778K(4224K)
[352.049s][info][gc             ] GC(933) Pause Young (Allocation Failure) 959M->496M(1955M) 59.899ms
[352.049s][info][gc,cpu         ] GC(933) User=0.34s Sys=0.00s Real=0.07s
[352.190s][info][gc,start       ] GC(934) Pause Young (Allocation Failure)
[352.262s][info][gc,heap        ] GC(934) PSYoungGen: 579968K->76832K(604672K)
[352.262s][info][gc,heap        ] GC(934) PSOldGen: 439987K->492876K(1398272K)
[352.262s][info][gc,metaspace   ] GC(934) Metaspace: 32016K(33072K)->32016K(33072K) NonClass: 28238K(28848K)->28238K(28848K) Class: 3778K(4224K)->3778K(4224K)
[352.263s][info][gc             ] GC(934) Pause Young (Allocation Failure) 996M->556M(1956M) 72.160ms
[352.263s][info][gc,cpu         ] GC(934) User=0.44s Sys=0.00s Real=0.07s
[352.999s][info][gc,start       ] GC(935) Pause Young (Allocation Failure)
[353.048s][info][gc,heap        ] GC(935) PSYoungGen: 591392K->40800K(555520K)
[353.048s][info][gc,heap        ] GC(935) PSOldGen: 492876K->525476K(1398272K)
[353.048s][info][gc,metaspace   ] GC(935) Metaspace: 32016K(33072K)->32016K(33072K) NonClass: 28238K(28848K)->28238K(28848K) Class: 3778K(4224K)->3778K(4224K)
[353.048s][info][gc             ] GC(935) Pause Young (Allocation Failure) 1058M->553M(1908M) 48.826ms
[353.048s][info][gc,cpu         ] GC(935) User=0.27s Sys=0.00s Real=0.05s
[353.192s][info][gc,start       ] GC(936) Pause Young (Allocation Failure)
[353.255s][info][gc,heap        ] GC(936) PSYoungGen: 555360K->68864K(606208K)
[353.255s][info][gc,heap        ] GC(936) PSOldGen: 525476K->563576K(1398272K)
[353.255s][info][gc,metaspace   ] GC(936) Metaspace: 32016K(33072K)->32016K(33072K) NonClass: 28238K(28848K)->28238K(28848K) Class: 3778K(4224K)->3778K(4224K)
[353.255s][info][gc             ] GC(936) Pause Young (Allocation Failure) 1055M->617M(1957M) 62.959ms
[353.255s][info][gc,cpu         ] GC(936) User=0.34s Sys=0.00s Real=0.06s
[353.391s][info][gc,start       ] GC(937) Pause Young (Allocation Failure)
[353.454s][info][gc,heap        ] GC(937) PSYoungGen: 581376K->70112K(605184K)
[353.454s][info][gc,heap        ] GC(937) PSOldGen: 563576K->618768K(1398272K)
[353.454s][info][gc,metaspace   ] GC(937) Metaspace: 32016K(33072K)->32016K(33072K) NonClass: 28238K(28848K)->28238K(28848K) Class: 3778K(4224K)->3778K(4224K)
[353.454s][info][gc             ] GC(937) Pause Young (Allocation Failure) 1118M->672M(1956M) 63.812ms
[353.454s][info][gc,cpu         ] GC(937) User=0.38s Sys=0.00s Real=0.06s
[354.151s][info][gc,start       ] GC(938) Pause Young (Allocation Failure)
[354.203s][info][gc,heap        ] GC(938) PSYoungGen: 582624K->46592K(605184K)
[354.203s][info][gc,heap        ] GC(938) PSOldGen: 618768K->649200K(1398272K)
[354.203s][info][gc,metaspace   ] GC(938) Metaspace: 32016K(33072K)->32016K(33072K) NonClass: 28238K(28848K)->28238K(28848K) Class: 3778K(4224K)->3778K(4224K)
[354.203s][info][gc             ] GC(938) Pause Young (Allocation Failure) 1173M->679M(1956M) 51.815ms
[354.203s][info][gc,cpu         ] GC(938) User=0.28s Sys=0.00s Real=0.05s
[354.343s][info][gc,start       ] GC(939) Pause Young (Allocation Failure)
[354.406s][info][gc,heap        ] GC(939) PSYoungGen: 560128K->68096K(606208K)
[354.406s][info][gc,heap        ] GC(939) PSOldGen: 649200K->691969K(1398272K)
[354.406s][info][gc,metaspace   ] GC(939) Metaspace: 32016K(33072K)->32016K(33072K) NonClass: 28238K(28848K)->28238K(28848K) Class: 3778K(4224K)->3778K(4224K)
[354.406s][info][gc             ] GC(939) Pause Young (Allocation Failure) 1180M->742M(1957M) 63.306ms
[354.406s][info][gc,cpu         ] GC(939) User=0.38s Sys=0.00s Real=0.06s
[354.536s][info][gc,start       ] GC(940) Pause Young (Allocation Failure)
[354.608s][info][gc,heap        ] GC(940) PSYoungGen: 581632K->66496K(609280K)
[354.608s][info][gc,heap        ] GC(940) PSOldGen: 691969K->749113K(1398272K)
[354.608s][info][gc,metaspace   ] GC(940) Metaspace: 32016K(33072K)->32016K(33072K) NonClass: 28238K(28848K)->28238K(28848K) Class: 3778K(4224K)->3778K(4224K)
[354.608s][info][gc             ] GC(940) Pause Young (Allocation Failure) 1243M->796M(1960M) 72.359ms
[354.608s][info][gc,cpu         ] GC(940) User=0.47s Sys=0.00s Real=0.07s
[355.310s][info][gc,start       ] GC(941) Pause Young (Allocation Failure)
[355.370s][info][gc,heap        ] GC(941) PSYoungGen: 584640K->57472K(607744K)
[355.370s][info][gc,heap        ] GC(941) PSOldGen: 749113K->778905K(1398272K)
[355.370s][info][gc,metaspace   ] GC(941) Metaspace: 32016K(33072K)->32016K(33072K) NonClass: 28238K(28848K)->28238K(28848K) Class: 3778K(4224K)->3778K(4224K)
[355.370s][info][gc             ] GC(941) Pause Young (Allocation Failure) 1302M->816M(1959M) 60.220ms
[355.370s][info][gc,cpu         ] GC(941) User=0.36s Sys=0.00s Real=0.07s
[355.526s][info][gc,start       ] GC(942) Pause Young (Allocation Failure)
[355.597s][info][gc,heap        ] GC(942) PSYoungGen: 575616K->77600K(604672K)
[355.597s][info][gc,heap        ] GC(942) PSOldGen: 778905K->822769K(1398272K)
[355.597s][info][gc,metaspace   ] GC(942) Metaspace: 32016K(33072K)->32016K(33072K) NonClass: 28238K(28848K)->28238K(28848K) Class: 3778K(4224K)->3778K(4224K)
[355.597s][info][gc             ] GC(942) Pause Young (Allocation Failure) 1322M->879M(1956M) 70.845ms
[355.597s][info][gc,cpu         ] GC(942) User=0.38s Sys=0.00s Real=0.07s
[355.754s][info][gc,start       ] GC(943) Pause Young (Allocation Failure)
[355.828s][info][gc,heap        ] GC(943) PSYoungGen: 594208K->73824K(590848K)
[355.829s][info][gc,heap        ] GC(943) PSOldGen: 822769K->871681K(1398272K)
[355.829s][info][gc,metaspace   ] GC(943) Metaspace: 32016K(33072K)->32016K(33072K) NonClass: 28238K(28848K)->28238K(28848K) Class: 3778K(4224K)->3778K(4224K)
[355.829s][info][gc             ] GC(943) Pause Young (Allocation Failure) 1383M->923M(1942M) 74.527ms
[355.829s][info][gc,cpu         ] GC(943) User=0.47s Sys=0.00s Real=0.07s
[356.407s][info][gc,start       ] GC(944) Pause Young (Allocation Failure)
[356.468s][info][gc,heap        ] GC(944) PSYoungGen: 590432K->59488K(608768K)
[356.469s][info][gc,heap        ] GC(944) PSOldGen: 871681K->902881K(1398272K)
[356.469s][info][gc,metaspace   ] GC(944) Metaspace: 32016K(33072K)->32016K(33072K) NonClass: 28238K(28848K)->28238K(28848K) Class: 3778K(4224K)->3778K(4224K)
[356.469s][info][gc             ] GC(944) Pause Young (Allocation Failure) 1427M->939M(1960M) 61.283ms
[356.469s][info][gc,cpu         ] GC(944) User=0.38s Sys=0.00s Real=0.06s
[356.607s][info][gc,start       ] GC(945) Pause Young (Allocation Failure)
[356.671s][info][gc,heap        ] GC(945) PSYoungGen: 576608K->72128K(607232K)
[356.671s][info][gc,heap        ] GC(945) PSOldGen: 902881K->948774K(1398272K)
[356.671s][info][gc,metaspace   ] GC(945) Metaspace: 32016K(33072K)->32016K(33072K) NonClass: 28238K(28848K)->28238K(28848K) Class: 3778K(4224K)->3778K(4224K)
[356.672s][info][gc             ] GC(945) Pause Young (Allocation Failure) 1444M->996M(1958M) 64.072ms
[356.672s][info][gc,cpu         ] GC(945) User=0.38s Sys=0.00s Real=0.06s
[356.912s][info][gc,start       ] GC(946) Pause Young (Allocation Failure)
[356.980s][info][gc,heap        ] GC(946) PSYoungGen: 589248K->62208K(610304K)
[356.980s][info][gc,heap        ] GC(946) PSOldGen: 948774K->989470K(1398272K)
[356.980s][info][gc,metaspace   ] GC(946) Metaspace: 32016K(33072K)->32016K(33072K) NonClass: 28238K(28848K)->28238K(28848K) Class: 3778K(4224K)->3778K(4224K)
[356.981s][info][gc             ] GC(946) Pause Young (Allocation Failure) 1501M->1027M(1961M) 68.211ms
[356.981s][info][gc,cpu         ] GC(946) User=0.47s Sys=0.00s Real=0.07s
[357.504s][info][gc,start       ] GC(947) Pause Young (Allocation Failure)
[357.563s][info][gc,heap        ] GC(947) PSYoungGen: 582400K->61792K(608768K)
[357.564s][info][gc,heap        ] GC(947) PSOldGen: 989470K->1021630K(1398272K)
[357.564s][info][gc,metaspace   ] GC(947) Metaspace: 32016K(33072K)->32016K(33072K) NonClass: 28238K(28848K)->28238K(28848K) Class: 3778K(4224K)->3778K(4224K)
[357.564s][info][gc             ] GC(947) Pause Young (Allocation Failure) 1535M->1058M(1960M) 59.199ms
[357.564s][info][gc,cpu         ] GC(947) User=0.38s Sys=0.00s Real=0.06s
[357.699s][info][gc,start       ] GC(948) Pause Young (Allocation Failure)
[357.767s][info][gc,heap        ] GC(948) PSYoungGen: 581984K->72256K(610816K)
[357.767s][info][gc,heap        ] GC(948) PSOldGen: 1021630K->1068898K(1398272K)
[357.767s][info][gc,metaspace   ] GC(948) Metaspace: 32016K(33072K)->32016K(33072K) NonClass: 28238K(28848K)->28238K(28848K) Class: 3778K(4224K)->3778K(4224K)
[357.767s][info][gc             ] GC(948) Pause Young (Allocation Failure) 1566M->1114M(1962M) 67.803ms
[357.767s][info][gc,cpu         ] GC(948) User=0.38s Sys=0.00s Real=0.07s
[358.170s][info][gc,start       ] GC(949) Pause Young (Allocation Failure)
[358.232s][info][gc,heap        ] GC(949) PSYoungGen: 596032K->56704K(611328K)
[358.232s][info][gc,heap        ] GC(949) PSOldGen: 1068898K->1107746K(1398272K)
[358.233s][info][gc,metaspace   ] GC(949) Metaspace: 32016K(33072K)->32016K(33072K) NonClass: 28238K(28848K)->28238K(28848K) Class: 3778K(4224K)->3778K(4224K)
[358.233s][info][gc             ] GC(949) Pause Young (Allocation Failure) 1625M->1137M(1962M) 62.792ms
[358.233s][info][gc,cpu         ] GC(949) User=0.38s Sys=0.00s Real=0.06s
[358.686s][info][gc,start       ] GC(950) Pause Young (Allocation Failure)
[358.751s][info][gc,heap        ] GC(950) PSYoungGen: 580480K->70208K(612352K)
[358.751s][info][gc,heap        ] GC(950) PSOldGen: 1107746K->1138538K(1398272K)
[358.751s][info][gc,metaspace   ] GC(950) Metaspace: 32031K(33072K)->32031K(33072K) NonClass: 28252K(28848K)->28252K(28848K) Class: 3778K(4224K)->3778K(4224K)
[358.751s][info][gc             ] GC(950) Pause Young (Allocation Failure) 1648M->1180M(1963M) 64.836ms
[358.751s][info][gc,cpu         ] GC(950) User=0.38s Sys=0.00s Real=0.07s
[358.883s][info][gc,start       ] GC(951) Pause Young (Allocation Failure)
[358.952s][info][gc,heap        ] GC(951) PSYoungGen: 596032K->71200K(612352K)
[358.952s][info][gc,heap        ] GC(951) PSOldGen: 1138538K->1195647K(1398272K)
[358.952s][info][gc,metaspace   ] GC(951) Metaspace: 32031K(33072K)->32031K(33072K) NonClass: 28252K(28848K)->28252K(28848K) Class: 3778K(4224K)->3778K(4224K)
[358.952s][info][gc             ] GC(951) Pause Young (Allocation Failure) 1693M->1237M(1963M) 69.068ms
[358.952s][info][gc,cpu         ] GC(951) User=0.38s Sys=0.00s Real=0.07s
[359.674s][info][gc,start       ] GC(952) Pause Young (System.gc())
[359.724s][info][gc,heap        ] GC(952) PSYoungGen: 596460K->37504K(606208K)
[359.724s][info][gc,heap        ] GC(952) PSOldGen: 1195647K->1227087K(1398272K)
[359.724s][info][gc,metaspace   ] GC(952) Metaspace: 32031K(33072K)->32031K(33072K) NonClass: 28252K(28848K)->28252K(28848K) Class: 3778K(4224K)->3778K(4224K)
[359.724s][info][gc             ] GC(952) Pause Young (System.gc()) 1750M->1234M(1957M) 49.443ms
[359.724s][info][gc,cpu         ] GC(952) User=0.28s Sys=0.00s Real=0.06s
[359.724s][info][gc,start       ] GC(953) Pause Full (System.gc())
[359.724s][info][gc,phases,start] GC(953) Phase 1: Mark live objects
[359.835s][info][gc,phases      ] GC(953) Phase 1: Mark live objects 110.994ms
[359.835s][info][gc,phases,start] GC(953) Phase 2: Compute new object addresses
[360.011s][info][gc,phases      ] GC(953) Phase 2: Compute new object addresses 176.382ms
[360.012s][info][gc,phases,start] GC(953) Phase 3: Adjust pointers
[360.091s][info][gc,phases      ] GC(953) Phase 3: Adjust pointers 79.820ms
[360.091s][info][gc,phases,start] GC(953) Phase 4: Move objects
[360.114s][info][gc,phases      ] GC(953) Phase 4: Move objects 22.713ms
[360.115s][info][gc,heap        ] GC(953) PSYoungGen: 37504K->0K(606208K)
[360.115s][info][gc,heap        ] GC(953) PSOldGen: 1227087K->104417K(1398272K)
[360.115s][info][gc,metaspace   ] GC(953) Metaspace: 32031K(33072K)->32031K(33072K) NonClass: 28252K(28848K)->28252K(28848K) Class: 3778K(4224K)->3778K(4224K)
[360.115s][info][gc             ] GC(953) Pause Full (System.gc()) 1234M->101M(1957M) 390.683ms
[360.115s][info][gc,cpu         ] GC(953) User=0.39s Sys=0.00s Real=0.38s
[360.275s][info][gc,start       ] GC(954) Pause Young (Allocation Failure)
[360.313s][info][gc,heap        ] GC(954) PSYoungGen: 519680K->70720K(609280K)
[360.314s][info][gc,heap        ] GC(954) PSOldGen: 104417K->104417K(1398272K)
[360.314s][info][gc,metaspace   ] GC(954) Metaspace: 32032K(33072K)->32032K(33072K) NonClass: 28253K(28848K)->28253K(28848K) Class: 3778K(4224K)->3778K(4224K)
[360.314s][info][gc             ] GC(954) Pause Young (Allocation Failure) 609M->171M(1960M) 38.347ms
[360.314s][info][gc,cpu         ] GC(954) User=0.19s Sys=0.00s Real=0.04s
[360.443s][info][gc,start       ] GC(955) Pause Young (Allocation Failure)
[360.520s][info][gc,heap        ] GC(955) PSYoungGen: 590400K->68256K(610304K)
[360.520s][info][gc,heap        ] GC(955) PSOldGen: 104417K->165913K(1398272K)
[360.520s][info][gc,metaspace   ] GC(955) Metaspace: 32032K(33072K)->32032K(33072K) NonClass: 28253K(28848K)->28253K(28848K) Class: 3778K(4224K)->3778K(4224K)
[360.520s][info][gc             ] GC(955) Pause Young (Allocation Failure) 678M->228M(1961M) 77.219ms
[360.520s][info][gc,cpu         ] GC(955) User=0.45s Sys=0.02s Real=0.08s
[361.276s][info][gc,start       ] GC(956) Pause Young (Allocation Failure)
[361.327s][info][gc,heap        ] GC(956) PSYoungGen: 588960K->46112K(609280K)
[361.327s][info][gc,heap        ] GC(956) PSOldGen: 165913K->195897K(1398272K)
[361.327s][info][gc,metaspace   ] GC(956) Metaspace: 32032K(33072K)->32032K(33072K) NonClass: 28254K(28848K)->28254K(28848K) Class: 3778K(4224K)->3778K(4224K)
[361.327s][info][gc             ] GC(956) Pause Young (Allocation Failure) 737M->236M(1960M) 51.531ms
[361.327s][info][gc,cpu         ] GC(956) User=0.25s Sys=0.00s Real=0.05s
[361.475s][info][gc,start       ] GC(957) Pause Young (Allocation Failure)
[361.535s][info][gc,heap        ] GC(957) PSYoungGen: 566816K->70720K(609280K)
[361.535s][info][gc,heap        ] GC(957) PSOldGen: 195897K->235302K(1398272K)
[361.535s][info][gc,metaspace   ] GC(957) Metaspace: 32032K(33072K)->32032K(33072K) NonClass: 28254K(28848K)->28254K(28848K) Class: 3778K(4224K)->3778K(4224K)
[361.535s][info][gc             ] GC(957) Pause Young (Allocation Failure) 744M->298M(1960M) 60.198ms
[361.535s][info][gc,cpu         ] GC(957) User=0.38s Sys=0.00s Real=0.06s
[361.669s][info][gc,start       ] GC(958) Pause Young (Allocation Failure)
[361.747s][info][gc,heap        ] GC(958) PSYoungGen: 590400K->72416K(592384K)
[361.747s][info][gc,heap        ] GC(958) PSOldGen: 235302K->291910K(1398272K)
[361.747s][info][gc,metaspace   ] GC(958) Metaspace: 32032K(33072K)->32032K(33072K) NonClass: 28254K(28848K)->28254K(28848K) Class: 3778K(4224K)->3778K(4224K)
[361.747s][info][gc             ] GC(958) Pause Young (Allocation Failure) 806M->355M(1944M) 78.853ms
[361.747s][info][gc,cpu         ] GC(958) User=0.47s Sys=0.00s Real=0.08s
[362.377s][info][gc,start       ] GC(959) Pause Young (Allocation Failure)
[362.433s][info][gc,heap        ] GC(959) PSYoungGen: 592096K->53536K(609280K)
[362.433s][info][gc,heap        ] GC(959) PSOldGen: 291910K->323070K(1398272K)
[362.433s][info][gc,metaspace   ] GC(959) Metaspace: 32032K(33072K)->32032K(33072K) NonClass: 28254K(28848K)->28254K(28848K) Class: 3778K(4224K)->3778K(4224K)
[362.433s][info][gc             ] GC(959) Pause Young (Allocation Failure) 863M->367M(1960M) 56.024ms
[362.433s][info][gc,cpu         ] GC(959) User=0.38s Sys=0.00s Real=0.06s
[362.576s][info][gc,start       ] GC(960) Pause Young (Allocation Failure)
[362.640s][info][gc,heap        ] GC(960) PSYoungGen: 572192K->75072K(593920K)
[362.640s][info][gc,heap        ] GC(960) PSOldGen: 323070K->364486K(1398272K)
[362.640s][info][gc,metaspace   ] GC(960) Metaspace: 32032K(33072K)->32032K(33072K) NonClass: 28254K(28848K)->28254K(28848K) Class: 3778K(4224K)->3778K(4224K)
[362.640s][info][gc             ] GC(960) Pause Young (Allocation Failure) 874M->429M(1945M) 63.789ms
[362.640s][info][gc,cpu         ] GC(960) User=0.38s Sys=0.00s Real=0.06s
[362.791s][info][gc,start       ] GC(961) Pause Young (Allocation Failure)
[362.866s][info][gc,heap        ] GC(961) PSYoungGen: 593728K->75744K(604160K)
[362.866s][info][gc,heap        ] GC(961) PSOldGen: 364486K->413974K(1398272K)
[362.866s][info][gc,metaspace   ] GC(961) Metaspace: 32032K(33072K)->32032K(33072K) NonClass: 28254K(28848K)->28254K(28848K) Class: 3778K(4224K)->3778K(4224K)
[362.866s][info][gc             ] GC(961) Pause Young (Allocation Failure) 935M->478M(1955M) 75.043ms
[362.866s][info][gc,cpu         ] GC(961) User=0.36s Sys=0.02s Real=0.08s
[363.446s][info][gc,start       ] GC(962) Pause Young (Allocation Failure)
[363.504s][info][gc,heap        ] GC(962) PSYoungGen: 588256K->59424K(605696K)
[363.504s][info][gc,heap        ] GC(962) PSOldGen: 413974K->446470K(1398272K)
[363.504s][info][gc,metaspace   ] GC(962) Metaspace: 32032K(33072K)->32032K(33072K) NonClass: 28254K(28848K)->28254K(28848K) Class: 3778K(4224K)->3778K(4224K)
[363.504s][info][gc             ] GC(962) Pause Young (Allocation Failure) 978M->494M(1957M) 58.593ms
[363.504s][info][gc,cpu         ] GC(962) User=0.28s Sys=0.00s Real=0.07s
[363.648s][info][gc,start       ] GC(963) Pause Young (Allocation Failure)
[363.713s][info][gc,heap        ] GC(963) PSYoungGen: 571936K->78752K(602624K)
[363.713s][info][gc,heap        ] GC(963) PSOldGen: 446470K->489423K(1398272K)
[363.713s][info][gc,metaspace   ] GC(963) Metaspace: 32032K(33072K)->32032K(33072K) NonClass: 28254K(28848K)->28254K(28848K) Class: 3778K(4224K)->3778K(4224K)
[363.713s][info][gc             ] GC(963) Pause Young (Allocation Failure) 994M->554M(1954M) 64.767ms
[363.713s][info][gc,cpu         ] GC(963) User=0.47s Sys=0.00s Real=0.07s
[363.976s][info][gc,start       ] GC(964) Pause Young (Allocation Failure)
[364.041s][info][gc,heap        ] GC(964) PSYoungGen: 590240K->60992K(605184K)
[364.041s][info][gc,heap        ] GC(964) PSOldGen: 489423K->524143K(1398272K)
[364.041s][info][gc,metaspace   ] GC(964) Metaspace: 32032K(33072K)->32032K(33072K) NonClass: 28254K(28848K)->28254K(28848K) Class: 3778K(4224K)->3778K(4224K)
[364.041s][info][gc             ] GC(964) Pause Young (Allocation Failure) 1054M->571M(1956M) 65.834ms
[364.041s][info][gc,cpu         ] GC(964) User=0.44s Sys=0.02s Real=0.07s
[364.447s][info][gc,start       ] GC(965) Pause Young (Allocation Failure)
[364.503s][info][gc,heap        ] GC(965) PSYoungGen: 572480K->60320K(608768K)
[364.503s][info][gc,heap        ] GC(965) PSOldGen: 524143K->558271K(1398272K)
[364.503s][info][gc,metaspace   ] GC(965) Metaspace: 32032K(33072K)->32032K(33072K) NonClass: 28254K(28848K)->28254K(28848K) Class: 3778K(4224K)->3778K(4224K)
[364.503s][info][gc             ] GC(965) Pause Young (Allocation Failure) 1070M->604M(1960M) 55.245ms
[364.503s][info][gc,cpu         ] GC(965) User=0.28s Sys=0.00s Real=0.06s
[364.645s][info][gc,start       ] GC(966) Pause Young (Allocation Failure)
[364.709s][info][gc,heap        ] GC(966) PSYoungGen: 576928K->75136K(606720K)
[364.709s][info][gc,heap        ] GC(966) PSOldGen: 558271K->603923K(1398272K)
[364.709s][info][gc,metaspace   ] GC(966) Metaspace: 32032K(33072K)->32032K(33072K) NonClass: 28254K(28848K)->28254K(28848K) Class: 3778K(4224K)->3778K(4224K)
[364.709s][info][gc             ] GC(966) Pause Young (Allocation Failure) 1108M->663M(1958M) 64.367ms
[364.709s][info][gc,cpu         ] GC(966) User=0.34s Sys=0.00s Real=0.06s
[365.151s][info][gc,start       ] GC(967) Pause Young (Allocation Failure)
[365.210s][info][gc,heap        ] GC(967) PSYoungGen: 591744K->51744K(607232K)
[365.210s][info][gc,heap        ] GC(967) PSOldGen: 603923K->636347K(1398272K)
[365.210s][info][gc,metaspace   ] GC(967) Metaspace: 32032K(33072K)->32032K(33072K) NonClass: 28254K(28848K)->28254K(28848K) Class: 3778K(4224K)->3778K(4224K)
[365.210s][info][gc             ] GC(967) Pause Young (Allocation Failure) 1167M->671M(1958M) 58.859ms
[365.210s][info][gc,cpu         ] GC(967) User=0.28s Sys=0.00s Real=0.07s
[365.592s][info][gc,start       ] GC(968) Pause Young (Allocation Failure)
[365.654s][info][gc,heap        ] GC(968) PSYoungGen: 567328K->78592K(594432K)
[365.654s][info][gc,heap        ] GC(968) PSOldGen: 636347K->669139K(1398272K)
[365.654s][info][gc,metaspace   ] GC(968) Metaspace: 32032K(33072K)->32032K(33072K) NonClass: 28254K(28848K)->28254K(28848K) Class: 3778K(4224K)->3778K(4224K)
[365.654s][info][gc             ] GC(968) Pause Young (Allocation Failure) 1175M->730M(1946M) 62.442ms
[365.654s][info][gc,cpu         ] GC(968) User=0.38s Sys=0.00s Real=0.07s
[365.794s][info][gc,start       ] GC(969) Pause Young (Allocation Failure)
[365.869s][info][gc,heap        ] GC(969) PSYoungGen: 594176K->72864K(605184K)
[365.869s][info][gc,heap        ] GC(969) PSOldGen: 669139K->734688K(1398272K)
[365.869s][info][gc,metaspace   ] GC(969) Metaspace: 32032K(33072K)->32032K(33072K) NonClass: 28254K(28848K)->28254K(28848K) Class: 3778K(4224K)->3778K(4224K)
[365.869s][info][gc             ] GC(969) Pause Young (Allocation Failure) 1233M->788M(1956M) 75.041ms
[365.869s][info][gc,cpu         ] GC(969) User=0.47s Sys=0.00s Real=0.08s
[366.651s][info][gc,start       ] GC(970) Pause Young (Allocation Failure)
[366.711s][info][gc,heap        ] GC(970) PSYoungGen: 584352K->54432K(605184K)
[366.711s][info][gc,heap        ] GC(970) PSOldGen: 734688K->765976K(1398272K)
[366.711s][info][gc,metaspace   ] GC(970) Metaspace: 32032K(33072K)->32032K(33072K) NonClass: 28254K(28848K)->28254K(28848K) Class: 3778K(4224K)->3778K(4224K)
[366.711s][info][gc             ] GC(970) Pause Young (Allocation Failure) 1288M->801M(1956M) 59.877ms
[366.711s][info][gc,cpu         ] GC(970) User=0.38s Sys=0.00s Real=0.06s
[366.864s][info][gc,start       ] GC(971) Pause Young (Allocation Failure)
[366.932s][info][gc,heap        ] GC(971) PSYoungGen: 565920K->75040K(604672K)
[366.932s][info][gc,heap        ] GC(971) PSOldGen: 765976K->808636K(1398272K)
[366.932s][info][gc,metaspace   ] GC(971) Metaspace: 32032K(33072K)->32032K(33072K) NonClass: 28254K(28848K)->28254K(28848K) Class: 3778K(4224K)->3778K(4224K)
[366.932s][info][gc             ] GC(971) Pause Young (Allocation Failure) 1300M->862M(1956M) 67.875ms
[366.932s][info][gc,cpu         ] GC(971) User=0.47s Sys=0.00s Real=0.07s
[367.067s][info][gc,start       ] GC(972) Pause Young (Allocation Failure)
[367.137s][info][gc,heap        ] GC(972) PSYoungGen: 586528K->68608K(605184K)
[367.137s][info][gc,heap        ] GC(972) PSOldGen: 808636K->869932K(1398272K)
[367.137s][info][gc,metaspace   ] GC(972) Metaspace: 32032K(33072K)->32032K(33072K) NonClass: 28254K(28848K)->28254K(28848K) Class: 3778K(4224K)->3778K(4224K)
[367.137s][info][gc             ] GC(972) Pause Young (Allocation Failure) 1362M->916M(1956M) 70.247ms
[367.137s][info][gc,cpu         ] GC(972) User=0.47s Sys=0.00s Real=0.07s
[367.784s][info][gc,start       ] GC(973) Pause Young (Allocation Failure)
[367.846s][info][gc,heap        ] GC(973) PSYoungGen: 580096K->68160K(608768K)
[367.846s][info][gc,heap        ] GC(973) PSOldGen: 869932K->900044K(1398272K)
[367.846s][info][gc,metaspace   ] GC(973) Metaspace: 32032K(33072K)->32032K(33072K) NonClass: 28254K(28848K)->28254K(28848K) Class: 3778K(4224K)->3778K(4224K)
[367.846s][info][gc             ] GC(973) Pause Young (Allocation Failure) 1416M->945M(1960M) 62.775ms
[367.846s][info][gc,cpu         ] GC(973) User=0.38s Sys=0.00s Real=0.06s
[368.000s][info][gc,start       ] GC(974) Pause Young (Allocation Failure)
[368.070s][info][gc,heap        ] GC(974) PSYoungGen: 584768K->80480K(597504K)
[368.070s][info][gc,heap        ] GC(974) PSOldGen: 900044K->949025K(1398272K)
[368.070s][info][gc,metaspace   ] GC(974) Metaspace: 32032K(33072K)->32032K(33072K) NonClass: 28254K(28848K)->28254K(28848K) Class: 3778K(4224K)->3778K(4224K)
[368.070s][info][gc             ] GC(974) Pause Young (Allocation Failure) 1450M->1005M(1949M) 70.747ms
[368.070s][info][gc,cpu         ] GC(974) User=0.36s Sys=0.00s Real=0.07s
[368.468s][info][gc,start       ] GC(975) Pause Young (Allocation Failure)
[368.530s][info][gc,heap        ] GC(975) PSYoungGen: 597088K->53792K(606208K)
[368.530s][info][gc,heap        ] GC(975) PSOldGen: 949025K->987769K(1398272K)
[368.530s][info][gc,metaspace   ] GC(975) Metaspace: 32032K(33072K)->32032K(33072K) NonClass: 28254K(28848K)->28254K(28848K) Class: 3778K(4224K)->3778K(4224K)
[368.530s][info][gc             ] GC(975) Pause Young (Allocation Failure) 1509M->1017M(1957M) 62.231ms
[368.530s][info][gc,cpu         ] GC(975) User=0.38s Sys=0.00s Real=0.06s
[369.050s][info][gc,start       ] GC(976) Pause Young (Allocation Failure)
[369.113s][info][gc,heap        ] GC(976) PSYoungGen: 567328K->81088K(594944K)
[369.114s][info][gc,heap        ] GC(976) PSOldGen: 987769K->1017817K(1398272K)
[369.114s][info][gc,metaspace   ] GC(976) Metaspace: 32032K(33072K)->32032K(33072K) NonClass: 28254K(28848K)->28254K(28848K) Class: 3778K(4224K)->3778K(4224K)
[369.114s][info][gc             ] GC(976) Pause Young (Allocation Failure) 1518M->1073M(1946M) 63.951ms
[369.114s][info][gc,cpu         ] GC(976) User=0.34s Sys=0.02s Real=0.07s
[369.260s][info][gc,start       ] GC(977) Pause Young (Allocation Failure)
[369.336s][info][gc,heap        ] GC(977) PSYoungGen: 594624K->76160K(602624K)
[369.336s][info][gc,heap        ] GC(977) PSOldGen: 1017817K->1082541K(1398272K)
[369.337s][info][gc,metaspace   ] GC(977) Metaspace: 32032K(33072K)->32032K(33072K) NonClass: 28254K(28848K)->28254K(28848K) Class: 3778K(4224K)->3778K(4224K)
[369.337s][info][gc             ] GC(977) Pause Young (Allocation Failure) 1574M->1131M(1954M) 76.745ms
[369.337s][info][gc,cpu         ] GC(977) User=0.42s Sys=0.00s Real=0.08s
[370.024s][info][gc,start       ] GC(978) Pause Young (Allocation Failure)
[370.088s][info][gc,heap        ] GC(978) PSYoungGen: 583552K->51232K(559104K)
[370.088s][info][gc,heap        ] GC(978) PSOldGen: 1082541K->1114261K(1398272K)
[370.088s][info][gc,metaspace   ] GC(978) Metaspace: 32032K(33072K)->32032K(33072K) NonClass: 28254K(28848K)->28254K(28848K) Class: 3778K(4224K)->3778K(4224K)
[370.088s][info][gc             ] GC(978) Pause Young (Allocation Failure) 1627M->1138M(1911M) 63.928ms
[370.088s][info][gc,cpu         ] GC(978) User=0.38s Sys=0.00s Real=0.06s
[370.221s][info][gc,start       ] GC(979) Pause Young (Allocation Failure)
[370.287s][info][gc,heap        ] GC(979) PSYoungGen: 558624K->64064K(605184K)
[370.287s][info][gc,heap        ] GC(979) PSOldGen: 1114261K->1161194K(1398272K)
[370.287s][info][gc,metaspace   ] GC(979) Metaspace: 32032K(33072K)->32032K(33072K) NonClass: 28254K(28848K)->28254K(28848K) Class: 3778K(4224K)->3778K(4224K)
[370.287s][info][gc             ] GC(979) Pause Young (Allocation Failure) 1633M->1196M(1956M) 65.577ms
[370.287s][info][gc,cpu         ] GC(979) User=0.28s Sys=0.00s Real=0.07s
[370.429s][info][gc,start       ] GC(980) Pause Young (Allocation Failure)
[370.496s][info][gc,heap        ] GC(980) PSYoungGen: 572992K->71168K(602624K)
[370.496s][info][gc,heap        ] GC(980) PSOldGen: 1161194K->1210690K(1398272K)
[370.496s][info][gc,metaspace   ] GC(980) Metaspace: 32032K(33072K)->32032K(33072K) NonClass: 28254K(28848K)->28254K(28848K) Class: 3778K(4224K)->3778K(4224K)
[370.496s][info][gc             ] GC(980) Pause Young (Allocation Failure) 1693M->1251M(1954M) 66.898ms
[370.496s][info][gc,cpu         ] GC(980) User=0.45s Sys=0.00s Real=0.07s
[371.010s][info][gc,start       ] GC(981) Pause Young (System.gc())
[371.055s][info][gc,heap        ] GC(981) PSYoungGen: 374559K->25632K(596992K)
[371.055s][info][gc,heap        ] GC(981) PSOldGen: 1210690K->1241914K(1398272K)
[371.055s][info][gc,metaspace   ] GC(981) Metaspace: 32032K(33072K)->32032K(33072K) NonClass: 28254K(28848K)->28254K(28848K) Class: 3778K(4224K)->3778K(4224K)
[371.055s][info][gc             ] GC(981) Pause Young (System.gc()) 1548M->1237M(1948M) 44.928ms
[371.055s][info][gc,cpu         ] GC(981) User=0.23s Sys=0.00s Real=0.05s
[371.055s][info][gc,start       ] GC(982) Pause Full (System.gc())
[371.055s][info][gc,phases,start] GC(982) Phase 1: Mark live objects
[371.168s][info][gc,phases      ] GC(982) Phase 1: Mark live objects 112.675ms
[371.168s][info][gc,phases,start] GC(982) Phase 2: Compute new object addresses
[371.346s][info][gc,phases      ] GC(982) Phase 2: Compute new object addresses 177.515ms
[371.346s][info][gc,phases,start] GC(982) Phase 3: Adjust pointers
[371.428s][info][gc,phases      ] GC(982) Phase 3: Adjust pointers 82.694ms
[371.428s][info][gc,phases,start] GC(982) Phase 4: Move objects
[371.453s][info][gc,phases      ] GC(982) Phase 4: Move objects 24.379ms
[371.453s][info][gc,heap        ] GC(982) PSYoungGen: 25632K->0K(596992K)
[371.453s][info][gc,heap        ] GC(982) PSOldGen: 1241914K->104462K(1398272K)
[371.453s][info][gc,metaspace   ] GC(982) Metaspace: 32032K(33072K)->32032K(33072K) NonClass: 28254K(28848K)->28254K(28848K) Class: 3778K(4224K)->3778K(4224K)
[371.453s][info][gc             ] GC(982) Pause Full (System.gc()) 1237M->102M(1948M) 398.139ms
[371.453s][info][gc,cpu         ] GC(982) User=0.39s Sys=0.00s Real=0.40s
[371.686s][info][gc,start       ] GC(983) Pause Young (Allocation Failure)
[371.728s][info][gc,heap        ] GC(983) PSYoungGen: 504320K->78880K(583680K)
[371.728s][info][gc,heap        ] GC(983) PSOldGen: 104462K->104462K(1398272K)
[371.728s][info][gc,metaspace   ] GC(983) Metaspace: 32032K(33072K)->32032K(33072K) NonClass: 28254K(28848K)->28254K(28848K) Class: 3778K(4224K)->3778K(4224K)
[371.728s][info][gc             ] GC(983) Pause Young (Allocation Failure) 594M->179M(1935M) 42.612ms
[371.728s][info][gc,cpu         ] GC(983) User=0.28s Sys=0.00s Real=0.05s
[371.862s][info][gc,start       ] GC(984) Pause Young (Allocation Failure)
[371.943s][info][gc,heap        ] GC(984) PSYoungGen: 583200K->69248K(601088K)
[371.943s][info][gc,heap        ] GC(984) PSOldGen: 104462K->171090K(1398272K)
[371.943s][info][gc,metaspace   ] GC(984) Metaspace: 32032K(33072K)->32032K(33072K) NonClass: 28254K(28848K)->28254K(28848K) Class: 3778K(4224K)->3778K(4224K)
[371.943s][info][gc             ] GC(984) Pause Young (Allocation Failure) 671M->234M(1952M) 80.164ms
[371.943s][info][gc,cpu         ] GC(984) User=0.47s Sys=0.00s Real=0.08s
[372.650s][info][gc,start       ] GC(985) Pause Young (Allocation Failure)
[372.708s][info][gc,heap        ] GC(985) PSYoungGen: 570496K->54464K(599040K)
[372.708s][info][gc,heap        ] GC(985) PSOldGen: 171090K->201234K(1398272K)
[372.708s][info][gc,metaspace   ] GC(985) Metaspace: 32032K(33072K)->32032K(33072K) NonClass: 28254K(28848K)->28254K(28848K) Class: 3778K(4224K)->3778K(4224K)
[372.708s][info][gc             ] GC(985) Pause Young (Allocation Failure) 724M->249M(1950M) 57.638ms
[372.708s][info][gc,cpu         ] GC(985) User=0.28s Sys=0.00s Real=0.06s
[372.843s][info][gc,start       ] GC(986) Pause Young (Allocation Failure)
[372.906s][info][gc,heap        ] GC(986) PSYoungGen: 555712K->69472K(603648K)
[372.906s][info][gc,heap        ] GC(986) PSOldGen: 201234K->245583K(1398272K)
[372.906s][info][gc,metaspace   ] GC(986) Metaspace: 32032K(33072K)->32032K(33072K) NonClass: 28254K(28848K)->28254K(28848K) Class: 3778K(4224K)->3778K(4224K)
[372.907s][info][gc             ] GC(986) Pause Young (Allocation Failure) 739M->307M(1955M) 63.016ms
[372.907s][info][gc,cpu         ] GC(986) User=0.38s Sys=0.00s Real=0.06s
[373.037s][info][gc,start       ] GC(987) Pause Young (Allocation Failure)
[373.104s][info][gc,heap        ] GC(987) PSYoungGen: 576864K->68672K(602624K)
[373.104s][info][gc,heap        ] GC(987) PSOldGen: 245583K->301607K(1398272K)
[373.104s][info][gc,metaspace   ] GC(987) Metaspace: 32032K(33072K)->32032K(33072K) NonClass: 28254K(28848K)->28254K(28848K) Class: 3778K(4224K)->3778K(4224K)
[373.104s][info][gc             ] GC(987) Pause Young (Allocation Failure) 803M->361M(1954M) 67.337ms
[373.104s][info][gc,cpu         ] GC(987) User=0.47s Sys=0.00s Real=0.07s
[373.751s][info][gc,start       ] GC(988) Pause Young (Allocation Failure)
[373.807s][info][gc,heap        ] GC(988) PSYoungGen: 576064K->59136K(607232K)
[373.807s][info][gc,heap        ] GC(988) PSOldGen: 301607K->331647K(1398272K)
[373.807s][info][gc,metaspace   ] GC(988) Metaspace: 32032K(33072K)->32032K(33072K) NonClass: 28254K(28848K)->28254K(28848K) Class: 3778K(4224K)->3778K(4224K)
[373.807s][info][gc             ] GC(988) Pause Young (Allocation Failure) 857M->381M(1958M) 55.995ms
[373.807s][info][gc,cpu         ] GC(988) User=0.38s Sys=0.00s Real=0.07s
[373.942s][info][gc,start       ] GC(989) Pause Young (Allocation Failure)
[374.010s][info][gc,heap        ] GC(989) PSYoungGen: 572672K->72768K(605184K)
[374.010s][info][gc,heap        ] GC(989) PSOldGen: 331647K->378163K(1398272K)
[374.010s][info][gc,metaspace   ] GC(989) Metaspace: 32032K(33072K)->32032K(33072K) NonClass: 28254K(28848K)->28254K(28848K) Class: 3778K(4224K)->3778K(4224K)
[374.010s][info][gc             ] GC(989) Pause Young (Allocation Failure) 883M->440M(1956M) 68.192ms
[374.010s][info][gc,cpu         ] GC(989) User=0.47s Sys=0.00s Real=0.07s
[374.230s][info][gc,start       ] GC(990) Pause Young (Allocation Failure)
[374.307s][info][gc,heap        ] GC(990) PSYoungGen: 586304K->64928K(609280K)
[374.307s][info][gc,heap        ] GC(990) PSOldGen: 378163K->425411K(1398272K)
[374.307s][info][gc,metaspace   ] GC(990) Metaspace: 32032K(33072K)->32032K(33072K) NonClass: 28254K(28848K)->28254K(28848K) Class: 3778K(4224K)->3778K(4224K)
[374.307s][info][gc             ] GC(990) Pause Young (Allocation Failure) 941M->478M(1960M) 76.989ms
[374.307s][info][gc,cpu         ] GC(990) User=0.47s Sys=0.00s Real=0.08s
[374.967s][info][gc,start       ] GC(991) Pause Young (Allocation Failure)
[375.031s][info][gc,heap        ] GC(991) PSYoungGen: 582048K->61984K(606720K)
[375.031s][info][gc,heap        ] GC(991) PSOldGen: 425411K->456579K(1398272K)
[375.031s][info][gc,metaspace   ] GC(991) Metaspace: 32032K(33072K)->32032K(33072K) NonClass: 28254K(28848K)->28254K(28848K) Class: 3778K(4224K)->3778K(4224K)
[375.031s][info][gc             ] GC(991) Pause Young (Allocation Failure) 983M->506M(1958M) 63.941ms
[375.031s][info][gc,cpu         ] GC(991) User=0.38s Sys=0.00s Real=0.06s
[375.168s][info][gc,start       ] GC(992) Pause Young (Allocation Failure)
[375.236s][info][gc,heap        ] GC(992) PSYoungGen: 579104K->75200K(608256K)
[375.236s][info][gc,heap        ] GC(992) PSOldGen: 456579K->502900K(1398272K)
[375.236s][info][gc,metaspace   ] GC(992) Metaspace: 32032K(33072K)->32032K(33072K) NonClass: 28254K(28848K)->28254K(28848K) Class: 3778K(4224K)->3778K(4224K)
[375.236s][info][gc             ] GC(992) Pause Young (Allocation Failure) 1011M->564M(1959M) 68.255ms
[375.236s][info][gc,cpu         ] GC(992) User=0.38s Sys=0.00s Real=0.07s
[375.563s][info][gc,start       ] GC(993) Pause Young (Allocation Failure)
[375.625s][info][gc,heap        ] GC(993) PSYoungGen: 595904K->58432K(609792K)
[375.625s][info][gc,heap        ] GC(993) PSOldGen: 502900K->541132K(1398272K)
[375.625s][info][gc,metaspace   ] GC(993) Metaspace: 32032K(33072K)->32032K(33072K) NonClass: 28254K(28848K)->28254K(28848K) Class: 3778K(4224K)->3778K(4224K)
[375.625s][info][gc             ] GC(993) Pause Young (Allocation Failure) 1073M->585M(1961M) 62.213ms
[375.625s][info][gc,cpu         ] GC(993) User=0.38s Sys=0.00s Real=0.08s
[376.097s][info][gc,start       ] GC(994) Pause Young (Allocation Failure)
[376.155s][info][gc,heap        ] GC(994) PSYoungGen: 579136K->67968K(611840K)
[376.155s][info][gc,heap        ] GC(994) PSOldGen: 541132K->572820K(1398272K)
[376.155s][info][gc,metaspace   ] GC(994) Metaspace: 32032K(33072K)->32032K(33072K) NonClass: 28254K(28848K)->28254K(28848K) Class: 3778K(4224K)->3778K(4224K)
[376.155s][info][gc             ] GC(994) Pause Young (Allocation Failure) 1094M->625M(1963M) 57.443ms
[376.155s][info][gc,cpu         ] GC(994) User=0.38s Sys=0.00s Real=0.06s
[376.296s][info][gc,start       ] GC(995) Pause Young (Allocation Failure)
[376.365s][info][gc,heap        ] GC(995) PSYoungGen: 591744K->74624K(610816K)
[376.365s][info][gc,heap        ] GC(995) PSOldGen: 572820K->626704K(1398272K)
[376.365s][info][gc,metaspace   ] GC(995) Metaspace: 32032K(33072K)->32032K(33072K) NonClass: 28254K(28848K)->28254K(28848K) Class: 3778K(4224K)->3778K(4224K)
[376.365s][info][gc             ] GC(995) Pause Young (Allocation Failure) 1137M->684M(1962M) 69.194ms
[376.365s][info][gc,cpu         ] GC(995) User=0.38s Sys=0.00s Real=0.07s
[377.074s][info][gc,start       ] GC(996) Pause Young (Allocation Failure)
[377.126s][info][gc,heap        ] GC(996) PSYoungGen: 598400K->38336K(605696K)
[377.126s][info][gc,heap        ] GC(996) PSOldGen: 626704K->659064K(1398272K)
[377.126s][info][gc,metaspace   ] GC(996) Metaspace: 32032K(33072K)->32032K(33072K) NonClass: 28254K(28848K)->28254K(28848K) Class: 3778K(4224K)->3778K(4224K)
[377.126s][info][gc             ] GC(996) Pause Young (Allocation Failure) 1196M->681M(1957M) 51.856ms
[377.126s][info][gc,cpu         ] GC(996) User=0.28s Sys=0.00s Real=0.05s
[377.285s][info][gc,start       ] GC(997) Pause Young (Allocation Failure)
[377.345s][info][gc,heap        ] GC(997) PSYoungGen: 555968K->73504K(591360K)
[377.345s][info][gc,heap        ] GC(997) PSOldGen: 659064K->694820K(1398272K)
[377.345s][info][gc,metaspace   ] GC(997) Metaspace: 32032K(33072K)->32032K(33072K) NonClass: 28254K(28848K)->28254K(28848K) Class: 3778K(4224K)->3778K(4224K)
[377.345s][info][gc             ] GC(997) Pause Young (Allocation Failure) 1186M->750M(1943M) 60.209ms
[377.345s][info][gc,cpu         ] GC(997) User=0.38s Sys=0.00s Real=0.06s
[377.484s][info][gc,start       ] GC(998) Pause Young (Allocation Failure)
[377.554s][info][gc,heap        ] GC(998) PSYoungGen: 591136K->71360K(607232K)
[377.554s][info][gc,heap        ] GC(998) PSOldGen: 694820K->754980K(1398272K)
[377.554s][info][gc,metaspace   ] GC(998) Metaspace: 32032K(33072K)->32032K(33072K) NonClass: 28254K(28848K)->28254K(28848K) Class: 3778K(4224K)->3778K(4224K)
[377.554s][info][gc             ] GC(998) Pause Young (Allocation Failure) 1255M->806M(1958M) 70.211ms
[377.554s][info][gc,cpu         ] GC(998) User=0.38s Sys=0.00s Real=0.07s
[378.224s][info][gc,start       ] GC(999) Pause Young (Allocation Failure)
[378.279s][info][gc,heap        ] GC(999) PSYoungGen: 586944K->47712K(563712K)
[378.279s][info][gc,heap        ] GC(999) PSOldGen: 754980K->785812K(1398272K)
[378.279s][info][gc,metaspace   ] GC(999) Metaspace: 32032K(33072K)->32032K(33072K) NonClass: 28254K(28848K)->28254K(28848K) Class: 3778K(4224K)->3778K(4224K)
[378.279s][info][gc             ] GC(999) Pause Young (Allocation Failure) 1310M->813M(1916M) 55.421ms
[378.279s][info][gc,cpu         ] GC(999) User=0.34s Sys=0.00s Real=0.06s
[378.426s][info][gc,start       ] GC(1000) Pause Young (Allocation Failure)
[378.490s][info][gc,heap        ] GC(1000) PSYoungGen: 563296K->70912K(606720K)
[378.490s][info][gc,heap        ] GC(1000) PSOldGen: 785812K->825893K(1398272K)
[378.490s][info][gc,metaspace   ] GC(1000) Metaspace: 32032K(33072K)->32032K(33072K) NonClass: 28254K(28848K)->28254K(28848K) Class: 3778K(4224K)->3778K(4224K)
[378.490s][info][gc             ] GC(1000) Pause Young (Allocation Failure) 1317M->875M(1958M) 63.648ms
[378.490s][info][gc,cpu         ] GC(1000) User=0.30s Sys=0.00s Real=0.06s
[378.627s][info][gc,start       ] GC(1001) Pause Young (Allocation Failure)
[378.695s][info][gc,heap        ] GC(1001) PSYoungGen: 585472K->70592K(606720K)
[378.695s][info][gc,heap        ] GC(1001) PSOldGen: 825893K->882013K(1398272K)
[378.695s][info][gc,metaspace   ] GC(1001) Metaspace: 32032K(33072K)->32032K(33072K) NonClass: 28254K(28848K)->28254K(28848K) Class: 3778K(4224K)->3778K(4224K)
[378.695s][info][gc             ] GC(1001) Pause Young (Allocation Failure) 1378M->930M(1958M) 67.687ms
[378.695s][info][gc,cpu         ] GC(1001) User=0.36s Sys=0.00s Real=0.07s
[379.291s][info][gc,start       ] GC(1002) Pause Young (Allocation Failure)
[379.359s][info][gc,heap        ] GC(1002) PSYoungGen: 585152K->57184K(608768K)
[379.359s][info][gc,heap        ] GC(1002) PSOldGen: 882013K->912677K(1398272K)
[379.359s][info][gc,metaspace   ] GC(1002) Metaspace: 32032K(33072K)->32032K(33072K) NonClass: 28254K(28848K)->28254K(28848K) Class: 3778K(4224K)->3778K(4224K)
[379.359s][info][gc             ] GC(1002) Pause Young (Allocation Failure) 1432M->947M(1960M) 68.566ms
[379.360s][info][gc,cpu         ] GC(1002) User=0.33s Sys=0.02s Real=0.07s
[379.494s][info][gc,start       ] GC(1003) Pause Young (Allocation Failure)
[379.566s][info][gc,heap        ] GC(1003) PSYoungGen: 574304K->71936K(607232K)
[379.566s][info][gc,heap        ] GC(1003) PSOldGen: 912677K->957581K(1398272K)
[379.566s][info][gc,metaspace   ] GC(1003) Metaspace: 32032K(33072K)->32032K(33072K) NonClass: 28254K(28848K)->28254K(28848K) Class: 3778K(4224K)->3778K(4224K)
[379.566s][info][gc             ] GC(1003) Pause Young (Allocation Failure) 1452M->1005M(1958M) 71.697ms
[379.566s][info][gc,cpu         ] GC(1003) User=0.38s Sys=0.00s Real=0.07s
[379.734s][info][gc,start       ] GC(1004) Pause Young (Allocation Failure)
[379.815s][info][gc,heap        ] GC(1004) PSYoungGen: 589056K->76128K(605184K)
[379.815s][info][gc,heap        ] GC(1004) PSOldGen: 957581K->1003941K(1398272K)
[379.815s][info][gc,metaspace   ] GC(1004) Metaspace: 32032K(33072K)->32032K(33072K) NonClass: 28254K(28848K)->28254K(28848K) Class: 3778K(4224K)->3778K(4224K)
[379.815s][info][gc             ] GC(1004) Pause Young (Allocation Failure) 1510M->1054M(1956M) 81.225ms
[379.815s][info][gc,cpu         ] GC(1004) User=0.47s Sys=0.00s Real=0.08s
[380.487s][info][gc,start       ] GC(1005) Pause Young (Allocation Failure)
[380.549s][info][gc,heap        ] GC(1005) PSYoungGen: 590688K->63360K(606720K)
[380.549s][info][gc,heap        ] GC(1005) PSOldGen: 1003941K->1036349K(1398272K)
[380.549s][info][gc,metaspace   ] GC(1005) Metaspace: 32032K(33072K)->32032K(33072K) NonClass: 28254K(28848K)->28254K(28848K) Class: 3778K(4224K)->3778K(4224K)
[380.549s][info][gc             ] GC(1005) Pause Young (Allocation Failure) 1557M->1073M(1958M) 62.039ms
[380.549s][info][gc,cpu         ] GC(1005) User=0.38s Sys=0.00s Real=0.07s
[380.694s][info][gc,start       ] GC(1006) Pause Young (Allocation Failure)
[380.761s][info][gc,heap        ] GC(1006) PSYoungGen: 577920K->76608K(605696K)
[380.761s][info][gc,heap        ] GC(1006) PSOldGen: 1036349K->1083538K(1398272K)
[380.761s][info][gc,metaspace   ] GC(1006) Metaspace: 32032K(33072K)->32032K(33072K) NonClass: 28254K(28848K)->28254K(28848K) Class: 3778K(4224K)->3778K(4224K)
[380.761s][info][gc             ] GC(1006) Pause Young (Allocation Failure) 1576M->1132M(1957M) 67.176ms
[380.761s][info][gc,cpu         ] GC(1006) User=0.47s Sys=0.00s Real=0.07s
[381.111s][info][gc,start       ] GC(1007) Pause Young (Allocation Failure)
[381.173s][info][gc,heap        ] GC(1007) PSYoungGen: 592192K->56672K(607232K)
[381.173s][info][gc,heap        ] GC(1007) PSOldGen: 1083538K->1123202K(1398272K)
[381.173s][info][gc,metaspace   ] GC(1007) Metaspace: 32032K(33072K)->32032K(33072K) NonClass: 28254K(28848K)->28254K(28848K) Class: 3778K(4224K)->3778K(4224K)
[381.174s][info][gc             ] GC(1007) Pause Young (Allocation Failure) 1636M->1152M(1958M) 62.932ms
[381.174s][info][gc,cpu         ] GC(1007) User=0.38s Sys=0.00s Real=0.06s
[381.704s][info][gc,start       ] GC(1008) Pause Young (Allocation Failure)
[381.768s][info][gc,heap        ] GC(1008) PSYoungGen: 572256K->78368K(603648K)
[381.768s][info][gc,heap        ] GC(1008) PSOldGen: 1123202K->1153842K(1398272K)
[381.768s][info][gc,metaspace   ] GC(1008) Metaspace: 32032K(33072K)->32032K(33072K) NonClass: 28254K(28848K)->28254K(28848K) Class: 3778K(4224K)->3778K(4224K)
[381.768s][info][gc             ] GC(1008) Pause Young (Allocation Failure) 1655M->1203M(1955M) 63.959ms
[381.768s][info][gc,cpu         ] GC(1008) User=0.38s Sys=0.00s Real=0.07s
[381.906s][info][gc,start       ] GC(1009) Pause Young (Allocation Failure)
[381.980s][info][gc,heap        ] GC(1009) PSYoungGen: 590880K->72864K(605696K)
[381.980s][info][gc,heap        ] GC(1009) PSOldGen: 1153842K->1219030K(1398272K)
[381.980s][info][gc,metaspace   ] GC(1009) Metaspace: 32032K(33072K)->32032K(33072K) NonClass: 28254K(28848K)->28254K(28848K) Class: 3778K(4224K)->3778K(4224K)
[381.980s][info][gc             ] GC(1009) Pause Young (Allocation Failure) 1703M->1261M(1957M) 73.851ms
[381.980s][info][gc,cpu         ] GC(1009) User=0.47s Sys=0.00s Real=0.08s
[382.627s][info][gc,start       ] GC(1010) Pause Young (System.gc())
[382.678s][info][gc,heap        ] GC(1010) PSYoungGen: 435035K->32288K(599040K)
[382.678s][info][gc,heap        ] GC(1010) PSOldGen: 1219030K->1251022K(1398272K)
[382.678s][info][gc,metaspace   ] GC(1010) Metaspace: 32032K(33072K)->32032K(33072K) NonClass: 28254K(28848K)->28254K(28848K) Class: 3778K(4224K)->3778K(4224K)
[382.678s][info][gc             ] GC(1010) Pause Young (System.gc()) 1615M->1253M(1950M) 51.041ms
[382.678s][info][gc,cpu         ] GC(1010) User=0.27s Sys=0.00s Real=0.06s
[382.678s][info][gc,start       ] GC(1011) Pause Full (System.gc())
[382.678s][info][gc,phases,start] GC(1011) Phase 1: Mark live objects
[382.795s][info][gc,phases      ] GC(1011) Phase 1: Mark live objects 116.458ms
[382.795s][info][gc,phases,start] GC(1011) Phase 2: Compute new object addresses
[382.975s][info][gc,phases      ] GC(1011) Phase 2: Compute new object addresses 180.085ms
[382.975s][info][gc,phases,start] GC(1011) Phase 3: Adjust pointers
[383.056s][info][gc,phases      ] GC(1011) Phase 3: Adjust pointers 81.377ms
[383.056s][info][gc,phases,start] GC(1011) Phase 4: Move objects
[383.081s][info][gc,phases      ] GC(1011) Phase 4: Move objects 24.201ms
[383.081s][info][gc,heap        ] GC(1011) PSYoungGen: 32288K->0K(599040K)
[383.081s][info][gc,heap        ] GC(1011) PSOldGen: 1251022K->104467K(1398272K)
[383.081s][info][gc,metaspace   ] GC(1011) Metaspace: 32032K(33072K)->32032K(33072K) NonClass: 28254K(28848K)->28254K(28848K) Class: 3778K(4224K)->3778K(4224K)
[383.081s][info][gc             ] GC(1011) Pause Full (System.gc()) 1253M->102M(1950M) 403.060ms
[383.081s][info][gc,cpu         ] GC(1011) User=0.41s Sys=0.00s Real=0.40s
[383.223s][info][gc,start       ] GC(1012) Pause Young (Allocation Failure)
[383.263s][info][gc,heap        ] GC(1012) PSYoungGen: 506368K->66240K(602624K)
[383.263s][info][gc,heap        ] GC(1012) PSOldGen: 104467K->104467K(1398272K)
[383.263s][info][gc,metaspace   ] GC(1012) Metaspace: 32032K(33072K)->32032K(33072K) NonClass: 28254K(28848K)->28254K(28848K) Class: 3778K(4224K)->3778K(4224K)
[383.263s][info][gc             ] GC(1012) Pause Young (Allocation Failure) 596M->166M(1954M) 39.932ms
[383.263s][info][gc,cpu         ] GC(1012) User=0.25s Sys=0.00s Real=0.04s
[383.400s][info][gc,start       ] GC(1013) Pause Young (Allocation Failure)
[383.465s][info][gc,heap        ] GC(1013) PSYoungGen: 572608K->72864K(604160K)
[383.465s][info][gc,heap        ] GC(1013) PSOldGen: 104467K->156471K(1398272K)
[383.465s][info][gc,metaspace   ] GC(1013) Metaspace: 32032K(33072K)->32032K(33072K) NonClass: 28254K(28848K)->28254K(28848K) Class: 3778K(4224K)->3778K(4224K)
[383.465s][info][gc             ] GC(1013) Pause Young (Allocation Failure) 661M->223M(1955M) 65.245ms
[383.465s][info][gc,cpu         ] GC(1013) User=0.34s Sys=0.03s Real=0.06s
[384.163s][info][gc,start       ] GC(1014) Pause Young (Allocation Failure)
[384.216s][info][gc,heap        ] GC(1014) PSYoungGen: 583328K->42912K(553472K)
[384.216s][info][gc,heap        ] GC(1014) PSOldGen: 156471K->187535K(1398272K)
[384.216s][info][gc,metaspace   ] GC(1014) Metaspace: 32032K(33072K)->32032K(33072K) NonClass: 28254K(28848K)->28254K(28848K) Class: 3778K(4224K)->3778K(4224K)
[384.216s][info][gc             ] GC(1014) Pause Young (Allocation Failure) 722M->225M(1906M) 53.658ms
[384.216s][info][gc,cpu         ] GC(1014) User=0.36s Sys=0.00s Real=0.05s
[384.356s][info][gc,start       ] GC(1015) Pause Young (Allocation Failure)
[384.419s][info][gc,heap        ] GC(1015) PSYoungGen: 553376K->65632K(606208K)
[384.419s][info][gc,heap        ] GC(1015) PSOldGen: 187535K->227224K(1398272K)
[384.419s][info][gc,metaspace   ] GC(1015) Metaspace: 32032K(33072K)->32032K(33072K) NonClass: 28254K(28848K)->28254K(28848K) Class: 3778K(4224K)->3778K(4224K)
[384.419s][info][gc             ] GC(1015) Pause Young (Allocation Failure) 723M->285M(1957M) 62.829ms
[384.419s][info][gc,cpu         ] GC(1015) User=0.36s Sys=0.00s Real=0.06s
[384.551s][info][gc,start       ] GC(1016) Pause Young (Allocation Failure)
[384.621s][info][gc,heap        ] GC(1016) PSYoungGen: 577120K->70976K(604160K)
[384.621s][info][gc,heap        ] GC(1016) PSOldGen: 227224K->279488K(1398272K)
[384.621s][info][gc,metaspace   ] GC(1016) Metaspace: 32032K(33072K)->32032K(33072K) NonClass: 28254K(28848K)->28254K(28848K) Class: 3778K(4224K)->3778K(4224K)
[384.621s][info][gc             ] GC(1016) Pause Young (Allocation Failure) 785M->342M(1955M) 69.835ms
[384.621s][info][gc,cpu         ] GC(1016) User=0.47s Sys=0.00s Real=0.07s
[385.327s][info][gc,start       ] GC(1017) Pause Young (Allocation Failure)
[385.377s][info][gc,heap        ] GC(1017) PSYoungGen: 582464K->43680K(605184K)
[385.377s][info][gc,heap        ] GC(1017) PSOldGen: 279488K->309840K(1398272K)
[385.377s][info][gc,metaspace   ] GC(1017) Metaspace: 32032K(33072K)->32032K(33072K) NonClass: 28254K(28848K)->28254K(28848K) Class: 3778K(4224K)->3778K(4224K)
[385.377s][info][gc             ] GC(1017) Pause Young (Allocation Failure) 841M->345M(1956M) 50.169ms
[385.377s][info][gc,cpu         ] GC(1017) User=0.28s Sys=0.00s Real=0.06s
[385.516s][info][gc,start       ] GC(1018) Pause Young (Allocation Failure)
[385.580s][info][gc,heap        ] GC(1018) PSYoungGen: 556192K->70176K(605696K)
[385.580s][info][gc,heap        ] GC(1018) PSOldGen: 309840K->346744K(1398272K)
[385.580s][info][gc,metaspace   ] GC(1018) Metaspace: 32032K(33072K)->32032K(33072K) NonClass: 28254K(28848K)->28254K(28848K) Class: 3778K(4224K)->3778K(4224K)
[385.580s][info][gc             ] GC(1018) Pause Young (Allocation Failure) 845M->407M(1957M) 64.108ms
[385.580s][info][gc,cpu         ] GC(1018) User=0.36s Sys=0.00s Real=0.06s
[385.716s][info][gc,start       ] GC(1019) Pause Young (Allocation Failure)
[385.795s][info][gc,heap        ] GC(1019) PSYoungGen: 582688K->73888K(603648K)
[385.795s][info][gc,heap        ] GC(1019) PSOldGen: 346744K->402552K(1398272K)
[385.795s][info][gc,metaspace   ] GC(1019) Metaspace: 32032K(33072K)->32032K(33072K) NonClass: 28254K(28848K)->28254K(28848K) Class: 3778K(4224K)->3778K(4224K)
[385.795s][info][gc             ] GC(1019) Pause Young (Allocation Failure) 907M->465M(1955M) 79.345ms
[385.795s][info][gc,cpu         ] GC(1019) User=0.47s Sys=0.00s Real=0.08s
[386.465s][info][gc,start       ] GC(1020) Pause Young (Allocation Failure)
[386.527s][info][gc,heap        ] GC(1020) PSYoungGen: 584352K->51072K(604672K)
[386.527s][info][gc,heap        ] GC(1020) PSOldGen: 402552K->433520K(1398272K)
[386.527s][info][gc,metaspace   ] GC(1020) Metaspace: 32032K(33072K)->32032K(33072K) NonClass: 28254K(28848K)->28254K(28848K) Class: 3778K(4224K)->3778K(4224K)
[386.528s][info][gc             ] GC(1020) Pause Young (Allocation Failure) 963M->473M(1956M) 62.286ms
[386.528s][info][gc,cpu         ] GC(1020) User=0.38s Sys=0.00s Real=0.06s
[386.659s][info][gc,start       ] GC(1021) Pause Young (Allocation Failure)
[386.718s][info][gc,heap        ] GC(1021) PSYoungGen: 561536K->65984K(607232K)
[386.718s][info][gc,heap        ] GC(1021) PSOldGen: 433520K->476865K(1398272K)
[386.718s][info][gc,metaspace   ] GC(1021) Metaspace: 32032K(33072K)->32032K(33072K) NonClass: 28254K(28848K)->28254K(28848K) Class: 3778K(4224K)->3778K(4224K)
[386.718s][info][gc             ] GC(1021) Pause Young (Allocation Failure) 971M->530M(1958M) 59.063ms
[386.718s][info][gc,cpu         ] GC(1021) User=0.38s Sys=0.00s Real=0.06s
[386.853s][info][gc,start       ] GC(1022) Pause Young (Allocation Failure)
[386.918s][info][gc,heap        ] GC(1022) PSYoungGen: 579520K->70560K(605184K)
[386.918s][info][gc,heap        ] GC(1022) PSOldGen: 476865K->529105K(1398272K)
[386.918s][info][gc,metaspace   ] GC(1022) Metaspace: 32032K(33072K)->32032K(33072K) NonClass: 28254K(28848K)->28254K(28848K) Class: 3778K(4224K)->3778K(4224K)
[386.918s][info][gc             ] GC(1022) Pause Young (Allocation Failure) 1031M->585M(1956M) 64.542ms
[386.918s][info][gc,cpu         ] GC(1022) User=0.38s Sys=0.00s Real=0.06s
[387.580s][info][gc,start       ] GC(1023) Pause Young (Allocation Failure)
[387.637s][info][gc,heap        ] GC(1023) PSYoungGen: 584096K->58720K(609280K)
[387.637s][info][gc,heap        ] GC(1023) PSOldGen: 529105K->559481K(1398272K)
[387.637s][info][gc,metaspace   ] GC(1023) Metaspace: 32032K(33072K)->32032K(33072K) NonClass: 28254K(28848K)->28254K(28848K) Class: 3778K(4224K)->3778K(4224K)
[387.637s][info][gc             ] GC(1023) Pause Young (Allocation Failure) 1087M->603M(1960M) 56.824ms
[387.637s][info][gc,cpu         ] GC(1023) User=0.38s Sys=0.00s Real=0.07s
[387.778s][info][gc,start       ] GC(1024) Pause Young (Allocation Failure)
[387.845s][info][gc,heap        ] GC(1024) PSYoungGen: 576352K->76832K(594944K)
[387.845s][info][gc,heap        ] GC(1024) PSOldGen: 559481K->603257K(1398272K)
[387.845s][info][gc,metaspace   ] GC(1024) Metaspace: 32032K(33072K)->32032K(33072K) NonClass: 28254K(28848K)->28254K(28848K) Class: 3778K(4224K)->3778K(4224K)
[387.845s][info][gc             ] GC(1024) Pause Young (Allocation Failure) 1109M->664M(1946M) 66.825ms
[387.845s][info][gc,cpu         ] GC(1024) User=0.38s Sys=0.00s Real=0.07s
[388.053s][info][gc,start       ] GC(1025) Pause Young (Allocation Failure)
[388.125s][info][gc,heap        ] GC(1025) PSYoungGen: 594464K->71872K(606720K)
[388.125s][info][gc,heap        ] GC(1025) PSOldGen: 603257K->640849K(1398272K)
[388.125s][info][gc,metaspace   ] GC(1025) Metaspace: 32032K(33072K)->32032K(33072K) NonClass: 28254K(28848K)->28254K(28848K) Class: 3778K(4224K)->3778K(4224K)
[388.125s][info][gc             ] GC(1025) Pause Young (Allocation Failure) 1169M->696M(1958M) 71.470ms
[388.125s][info][gc,cpu         ] GC(1025) User=0.47s Sys=0.00s Real=0.07s
[388.588s][info][gc,start       ] GC(1026) Pause Young (Allocation Failure)
[388.646s][info][gc,heap        ] GC(1026) PSYoungGen: 586432K->60480K(606720K)
[388.646s][info][gc,heap        ] GC(1026) PSOldGen: 640849K->675753K(1398272K)
[388.646s][info][gc,metaspace   ] GC(1026) Metaspace: 32032K(33072K)->32032K(33072K) NonClass: 28254K(28848K)->28254K(28848K) Class: 3778K(4224K)->3778K(4224K)
[388.646s][info][gc             ] GC(1026) Pause Young (Allocation Failure) 1198M->718M(1958M) 57.586ms
[388.646s][info][gc,cpu         ] GC(1026) User=0.28s Sys=0.00s Real=0.06s
[388.783s][info][gc,start       ] GC(1027) Pause Young (Allocation Failure)
[388.845s][info][gc,heap        ] GC(1027) PSYoungGen: 575040K->72320K(607744K)
[388.845s][info][gc,heap        ] GC(1027) PSOldGen: 675753K->723034K(1398272K)
[388.845s][info][gc,metaspace   ] GC(1027) Metaspace: 32032K(33072K)->32032K(33072K) NonClass: 28254K(28848K)->28254K(28848K) Class: 3778K(4224K)->3778K(4224K)
[388.845s][info][gc             ] GC(1027) Pause Young (Allocation Failure) 1221M->776M(1959M) 62.315ms
[388.845s][info][gc,cpu         ] GC(1027) User=0.38s Sys=0.00s Real=0.06s
[389.179s][info][gc,start       ] GC(1028) Pause Young (Allocation Failure)
[389.240s][info][gc,heap        ] GC(1028) PSYoungGen: 589952K->57568K(608256K)
[389.240s][info][gc,heap        ] GC(1028) PSOldGen: 723034K->756426K(1398272K)
[389.240s][info][gc,metaspace   ] GC(1028) Metaspace: 32032K(33072K)->32032K(33072K) NonClass: 28254K(28848K)->28254K(28848K) Class: 3778K(4224K)->3778K(4224K)
[389.240s][info][gc             ] GC(1028) Pause Young (Allocation Failure) 1282M->794M(1959M) 61.569ms
[389.240s][info][gc,cpu         ] GC(1028) User=0.36s Sys=0.00s Real=0.06s
[389.703s][info][gc,start       ] GC(1029) Pause Young (Allocation Failure)
[389.764s][info][gc,heap        ] GC(1029) PSYoungGen: 575200K->75392K(606208K)
[389.764s][info][gc,heap        ] GC(1029) PSOldGen: 756426K->788762K(1398272K)
[389.764s][info][gc,metaspace   ] GC(1029) Metaspace: 32032K(33072K)->32032K(33072K) NonClass: 28254K(28848K)->28254K(28848K) Class: 3778K(4224K)->3778K(4224K)
[389.764s][info][gc             ] GC(1029) Pause Young (Allocation Failure) 1300M->843M(1957M) 61.676ms
[389.764s][info][gc,cpu         ] GC(1029) User=0.38s Sys=0.00s Real=0.07s
[389.906s][info][gc,start       ] GC(1030) Pause Young (Allocation Failure)
[389.980s][info][gc,heap        ] GC(1030) PSYoungGen: 592000K->76384K(593408K)
[389.980s][info][gc,heap        ] GC(1030) PSOldGen: 788762K->849314K(1398272K)
[389.980s][info][gc,metaspace   ] GC(1030) Metaspace: 32032K(33072K)->32032K(33072K) NonClass: 28254K(28848K)->28254K(28848K) Class: 3778K(4224K)->3778K(4224K)
[389.980s][info][gc             ] GC(1030) Pause Young (Allocation Failure) 1348M->904M(1945M) 74.194ms
[389.980s][info][gc,cpu         ] GC(1030) User=0.47s Sys=0.00s Real=0.08s
[390.712s][info][gc,start       ] GC(1031) Pause Young (Allocation Failure)
[390.769s][info][gc,heap        ] GC(1031) PSYoungGen: 592992K->48288K(604672K)
[390.769s][info][gc,heap        ] GC(1031) PSOldGen: 849314K->881378K(1398272K)
[390.769s][info][gc,metaspace   ] GC(1031) Metaspace: 32032K(33072K)->32032K(33072K) NonClass: 28254K(28848K)->28254K(28848K) Class: 3778K(4224K)->3778K(4224K)
[390.769s][info][gc             ] GC(1031) Pause Young (Allocation Failure) 1408M->907M(1956M) 56.822ms
[390.769s][info][gc,cpu         ] GC(1031) User=0.28s Sys=0.00s Real=0.06s
[390.915s][info][gc,start       ] GC(1032) Pause Young (Allocation Failure)
[390.978s][info][gc,heap        ] GC(1032) PSYoungGen: 560800K->74496K(587264K)
[390.978s][info][gc,heap        ] GC(1032) PSOldGen: 881378K->921178K(1398272K)
[390.978s][info][gc,metaspace   ] GC(1032) Metaspace: 32032K(33072K)->32032K(33072K) NonClass: 28254K(28848K)->28254K(28848K) Class: 3778K(4224K)->3778K(4224K)
[390.978s][info][gc             ] GC(1032) Pause Young (Allocation Failure) 1408M->972M(1939M) 62.978ms
[390.978s][info][gc,cpu         ] GC(1032) User=0.38s Sys=0.00s Real=0.07s
[391.112s][info][gc,start       ] GC(1033) Pause Young (Allocation Failure)
[391.182s][info][gc,heap        ] GC(1033) PSYoungGen: 587008K->70720K(606208K)
[391.182s][info][gc,heap        ] GC(1033) PSOldGen: 921178K->982554K(1398272K)
[391.182s][info][gc,metaspace   ] GC(1033) Metaspace: 32032K(33072K)->32032K(33072K) NonClass: 28254K(28848K)->28254K(28848K) Class: 3778K(4224K)->3778K(4224K)
[391.182s][info][gc             ] GC(1033) Pause Young (Allocation Failure) 1472M->1028M(1957M) 70.046ms
[391.182s][info][gc,cpu         ] GC(1033) User=0.47s Sys=0.00s Real=0.07s
[391.809s][info][gc,start       ] GC(1034) Pause Young (Allocation Failure)
[391.870s][info][gc,heap        ] GC(1034) PSYoungGen: 583232K->55424K(605184K)
[391.870s][info][gc,heap        ] GC(1034) PSOldGen: 982554K->1012698K(1398272K)
[391.870s][info][gc,metaspace   ] GC(1034) Metaspace: 32032K(33072K)->32032K(33072K) NonClass: 28254K(28848K)->28254K(28848K) Class: 3778K(4224K)->3778K(4224K)
[391.870s][info][gc             ] GC(1034) Pause Young (Allocation Failure) 1529M->1043M(1956M) 61.007ms
[391.870s][info][gc,cpu         ] GC(1034) User=0.34s Sys=0.00s Real=0.06s
[392.018s][info][gc,start       ] GC(1035) Pause Young (Allocation Failure)
[392.086s][info][gc,heap        ] GC(1035) PSYoungGen: 567936K->74432K(605696K)
[392.086s][info][gc,heap        ] GC(1035) PSOldGen: 1012698K->1055427K(1398272K)
[392.086s][info][gc,metaspace   ] GC(1035) Metaspace: 32032K(33072K)->32032K(33072K) NonClass: 28254K(28848K)->28254K(28848K) Class: 3778K(4224K)->3778K(4224K)
[392.086s][info][gc             ] GC(1035) Pause Young (Allocation Failure) 1543M->1103M(1957M) 67.836ms
[392.086s][info][gc,cpu         ] GC(1035) User=0.36s Sys=0.00s Real=0.07s
[392.235s][info][gc,start       ] GC(1036) Pause Young (Allocation Failure)
[392.308s][info][gc,heap        ] GC(1036) PSYoungGen: 587968K->73856K(606208K)
[392.309s][info][gc,heap        ] GC(1036) PSOldGen: 1055427K->1106235K(1398272K)
[392.309s][info][gc,metaspace   ] GC(1036) Metaspace: 32032K(33072K)->32032K(33072K) NonClass: 28254K(28848K)->28254K(28848K) Class: 3778K(4224K)->3778K(4224K)
[392.309s][info][gc             ] GC(1036) Pause Young (Allocation Failure) 1604M->1152M(1957M) 73.383ms
[392.309s][info][gc,cpu         ] GC(1036) User=0.45s Sys=0.00s Real=0.07s
[392.946s][info][gc,start       ] GC(1037) Pause Young (Allocation Failure)
[393.007s][info][gc,heap        ] GC(1037) PSYoungGen: 587392K->62080K(607744K)
[393.007s][info][gc,heap        ] GC(1037) PSOldGen: 1106235K->1138579K(1398272K)
[393.007s][info][gc,metaspace   ] GC(1037) Metaspace: 32032K(33072K)->32032K(33072K) NonClass: 28254K(28848K)->28254K(28848K) Class: 3778K(4224K)->3778K(4224K)
[393.007s][info][gc             ] GC(1037) Pause Young (Allocation Failure) 1653M->1172M(1959M) 61.046ms
[393.007s][info][gc,cpu         ] GC(1037) User=0.28s Sys=0.00s Real=0.07s
[393.159s][info][gc,start       ] GC(1038) Pause Young (Allocation Failure)
[393.233s][info][gc,heap        ] GC(1038) PSYoungGen: 577152K->83776K(599040K)
[393.233s][info][gc,heap        ] GC(1038) PSOldGen: 1138579K->1182263K(1398272K)
[393.233s][info][gc,metaspace   ] GC(1038) Metaspace: 32032K(33072K)->32032K(33072K) NonClass: 28254K(28848K)->28254K(28848K) Class: 3778K(4224K)->3778K(4224K)
[393.233s][info][gc             ] GC(1038) Pause Young (Allocation Failure) 1675M->1236M(1950M) 73.841ms
[393.233s][info][gc,cpu         ] GC(1038) User=0.44s Sys=0.02s Real=0.07s
[393.586s][info][gc,start       ] GC(1039) Pause Young (Allocation Failure)
[393.645s][info][gc,heap        ] GC(1039) PSYoungGen: 598848K->53920K(604160K)
[393.645s][info][gc,heap        ] GC(1039) PSOldGen: 1182263K->1216879K(1398272K)
[393.645s][info][gc,metaspace   ] GC(1039) Metaspace: 32032K(33072K)->32032K(33072K) NonClass: 28254K(28848K)->28254K(28848K) Class: 3778K(4224K)->3778K(4224K)
[393.645s][info][gc             ] GC(1039) Pause Young (Allocation Failure) 1739M->1241M(1955M) 59.379ms
[393.645s][info][gc,cpu         ] GC(1039) User=0.38s Sys=0.00s Real=0.06s
[393.849s][info][gc,start       ] GC(1040) Pause Young (System.gc())
[393.877s][info][gc,heap        ] GC(1040) PSYoungGen: 105991K->6208K(515584K)
[393.878s][info][gc,heap        ] GC(1040) PSOldGen: 1216879K->1252239K(1398272K)
[393.878s][info][gc,metaspace   ] GC(1040) Metaspace: 32034K(33072K)->32034K(33072K) NonClass: 28255K(28848K)->28255K(28848K) Class: 3778K(4224K)->3778K(4224K)
[393.878s][info][gc             ] GC(1040) Pause Young (System.gc()) 1291M->1228M(1869M) 28.880ms
[393.878s][info][gc,cpu         ] GC(1040) User=0.17s Sys=0.00s Real=0.04s
[393.878s][info][gc,start       ] GC(1041) Pause Full (System.gc())
[393.878s][info][gc,phases,start] GC(1041) Phase 1: Mark live objects
[393.993s][info][gc,phases      ] GC(1041) Phase 1: Mark live objects 115.509ms
[393.993s][info][gc,phases,start] GC(1041) Phase 2: Compute new object addresses
[394.168s][info][gc,phases      ] GC(1041) Phase 2: Compute new object addresses 174.797ms
[394.168s][info][gc,phases,start] GC(1041) Phase 3: Adjust pointers
[394.249s][info][gc,phases      ] GC(1041) Phase 3: Adjust pointers 81.218ms
[394.250s][info][gc,phases,start] GC(1041) Phase 4: Move objects
[394.272s][info][gc,phases      ] GC(1041) Phase 4: Move objects 22.136ms
[394.272s][info][gc,heap        ] GC(1041) PSYoungGen: 6208K->0K(515584K)
[394.272s][info][gc,heap        ] GC(1041) PSOldGen: 1252239K->104591K(1398272K)
[394.272s][info][gc,metaspace   ] GC(1041) Metaspace: 32034K(33072K)->32034K(33072K) NonClass: 28255K(28848K)->28255K(28848K) Class: 3778K(4224K)->3778K(4224K)
[394.272s][info][gc             ] GC(1041) Pause Full (System.gc()) 1228M->102M(1869M) 394.523ms
[394.272s][info][gc,cpu         ] GC(1041) User=0.39s Sys=0.00s Real=0.39s
[394.505s][info][gc,start       ] GC(1042) Pause Young (Allocation Failure)
[394.547s][info][gc,heap        ] GC(1042) PSYoungGen: 508928K->79776K(590336K)
[394.547s][info][gc,heap        ] GC(1042) PSOldGen: 104591K->104591K(1398272K)
[394.547s][info][gc,metaspace   ] GC(1042) Metaspace: 32039K(33072K)->32039K(33072K) NonClass: 28260K(28848K)->28260K(28848K) Class: 3778K(4224K)->3778K(4224K)
[394.547s][info][gc             ] GC(1042) Pause Young (Allocation Failure) 599M->180M(1942M) 42.504ms
[394.547s][info][gc,cpu         ] GC(1042) User=0.28s Sys=0.00s Real=0.04s
[394.676s][info][gc,start       ] GC(1043) Pause Young (Allocation Failure)
[394.744s][info][gc,heap        ] GC(1043) PSYoungGen: 567712K->69344K(593408K)
[394.744s][info][gc,heap        ] GC(1043) PSOldGen: 104591K->170059K(1398272K)
[394.744s][info][gc,metaspace   ] GC(1043) Metaspace: 32039K(33072K)->32039K(33072K) NonClass: 28260K(28848K)->28260K(28848K) Class: 3778K(4224K)->3778K(4224K)
[394.744s][info][gc             ] GC(1043) Pause Young (Allocation Failure) 656M->233M(1945M) 68.034ms
[394.744s][info][gc,cpu         ] GC(1043) User=0.44s Sys=0.00s Real=0.07s
[395.508s][info][gc,start       ] GC(1044) Pause Young (Allocation Failure)
[395.564s][info][gc,heap        ] GC(1044) PSYoungGen: 557280K->53824K(597504K)
[395.564s][info][gc,heap        ] GC(1044) PSOldGen: 170059K->200011K(1398272K)
[395.564s][info][gc,metaspace   ] GC(1044) Metaspace: 32039K(33072K)->32039K(33072K) NonClass: 28260K(28848K)->28260K(28848K) Class: 3778K(4224K)->3778K(4224K)
[395.564s][info][gc             ] GC(1044) Pause Young (Allocation Failure) 710M->247M(1949M) 55.949ms
[395.564s][info][gc,cpu         ] GC(1044) User=0.27s Sys=0.02s Real=0.07s
[395.706s][info][gc,start       ] GC(1045) Pause Young (Allocation Failure)
[395.768s][info][gc,heap        ] GC(1045) PSYoungGen: 547904K->72640K(595456K)
[395.768s][info][gc,heap        ] GC(1045) PSOldGen: 200011K->241859K(1398272K)
[395.768s][info][gc,metaspace   ] GC(1045) Metaspace: 32039K(33072K)->32039K(33072K) NonClass: 28260K(28848K)->28260K(28848K) Class: 3778K(4224K)->3778K(4224K)
[395.768s][info][gc             ] GC(1045) Pause Young (Allocation Failure) 730M->307M(1947M) 62.759ms
[395.768s][info][gc,cpu         ] GC(1045) User=0.38s Sys=0.00s Real=0.06s
[395.907s][info][gc,start       ] GC(1046) Pause Young (Allocation Failure)
[395.976s][info][gc,heap        ] GC(1046) PSYoungGen: 566720K->72512K(598016K)
[395.976s][info][gc,heap        ] GC(1046) PSOldGen: 241859K->298355K(1398272K)
[395.976s][info][gc,metaspace   ] GC(1046) Metaspace: 32039K(33072K)->32039K(33072K) NonClass: 28260K(28848K)->28260K(28848K) Class: 3778K(4224K)->3778K(4224K)
[395.976s][info][gc             ] GC(1046) Pause Young (Allocation Failure) 789M->362M(1949M) 69.472ms
[395.977s][info][gc,cpu         ] GC(1046) User=0.38s Sys=0.00s Real=0.07s
[396.578s][info][gc,start       ] GC(1047) Pause Young (Allocation Failure)
[396.633s][info][gc,heap        ] GC(1047) PSYoungGen: 569664K->57184K(598016K)
[396.633s][info][gc,heap        ] GC(1047) PSOldGen: 298355K->328979K(1398272K)
[396.633s][info][gc,metaspace   ] GC(1047) Metaspace: 32039K(33072K)->32039K(33072K) NonClass: 28260K(28848K)->28260K(28848K) Class: 3778K(4224K)->3778K(4224K)
[396.633s][info][gc             ] GC(1047) Pause Young (Allocation Failure) 847M->377M(1949M) 55.346ms
[396.633s][info][gc,cpu         ] GC(1047) User=0.38s Sys=0.00s Real=0.07s
[396.776s][info][gc,start       ] GC(1048) Pause Young (Allocation Failure)
[396.841s][info][gc,heap        ] GC(1048) PSYoungGen: 554336K->76576K(597504K)
[396.841s][info][gc,heap        ] GC(1048) PSOldGen: 328979K->370540K(1398272K)
[396.841s][info][gc,metaspace   ] GC(1048) Metaspace: 32039K(33072K)->32039K(33072K) NonClass: 28260K(28848K)->28260K(28848K) Class: 3778K(4224K)->3778K(4224K)
[396.841s][info][gc             ] GC(1048) Pause Young (Allocation Failure) 862M->436M(1949M) 65.086ms
[396.841s][info][gc,cpu         ] GC(1048) User=0.36s Sys=0.00s Real=0.06s
[397.000s][info][gc,start       ] GC(1049) Pause Young (Allocation Failure)
[397.075s][info][gc,heap        ] GC(1049) PSYoungGen: 575776K->68864K(599040K)
[397.075s][info][gc,heap        ] GC(1049) PSOldGen: 370540K->419876K(1398272K)
[397.075s][info][gc,metaspace   ] GC(1049) Metaspace: 32039K(33072K)->32039K(33072K) NonClass: 28260K(28848K)->28260K(28848K) Class: 3778K(4224K)->3778K(4224K)
[397.075s][info][gc             ] GC(1049) Pause Young (Allocation Failure) 924M->477M(1950M) 75.289ms
[397.075s][info][gc,cpu         ] GC(1049) User=0.41s Sys=0.00s Real=0.08s
[397.712s][info][gc,start       ] GC(1050) Pause Young (Allocation Failure)
[397.772s][info][gc,heap        ] GC(1050) PSYoungGen: 568064K->62656K(604160K)
[397.772s][info][gc,heap        ] GC(1050) PSOldGen: 419876K->450436K(1398272K)
[397.772s][info][gc,metaspace   ] GC(1050) Metaspace: 32039K(33072K)->32039K(33072K) NonClass: 28260K(28848K)->28260K(28848K) Class: 3778K(4224K)->3778K(4224K)
[397.772s][info][gc             ] GC(1050) Pause Young (Allocation Failure) 964M->501M(1955M) 59.950ms
[397.772s][info][gc,cpu         ] GC(1050) User=0.28s Sys=0.00s Real=0.06s
[397.914s][info][gc,start       ] GC(1051) Pause Young (Allocation Failure)
[397.985s][info][gc,heap        ] GC(1051) PSYoungGen: 569024K->78848K(601088K)
[397.985s][info][gc,heap        ] GC(1051) PSOldGen: 450436K->496748K(1398272K)
[397.985s][info][gc,metaspace   ] GC(1051) Metaspace: 32039K(33072K)->32039K(33072K) NonClass: 28260K(28848K)->28260K(28848K) Class: 3778K(4224K)->3778K(4224K)
[397.985s][info][gc             ] GC(1051) Pause Young (Allocation Failure) 995M->562M(1952M) 71.096ms
[397.985s][info][gc,cpu         ] GC(1051) User=0.38s Sys=0.02s Real=0.07s
[398.335s][info][gc,start       ] GC(1052) Pause Young (Allocation Failure)
[398.401s][info][gc,heap        ] GC(1052) PSYoungGen: 585216K->55904K(603136K)
[398.401s][info][gc,heap        ] GC(1052) PSOldGen: 496748K->539388K(1398272K)
[398.401s][info][gc,metaspace   ] GC(1052) Metaspace: 32039K(33072K)->32039K(33072K) NonClass: 28260K(28848K)->28260K(28848K) Class: 3778K(4224K)->3778K(4224K)
[398.401s][info][gc             ] GC(1052) Pause Young (Allocation Failure) 1056M->581M(1954M) 65.726ms
[398.401s][info][gc,cpu         ] GC(1052) User=0.45s Sys=0.00s Real=0.07s
[398.962s][info][gc,start       ] GC(1053) Pause Young (Allocation Failure)
[399.027s][info][gc,heap        ] GC(1053) PSYoungGen: 561760K->76704K(601600K)
[399.027s][info][gc,heap        ] GC(1053) PSOldGen: 539388K->568220K(1398272K)
[399.027s][info][gc,metaspace   ] GC(1053) Metaspace: 32039K(33072K)->32039K(33072K) NonClass: 28260K(28848K)->28260K(28848K) Class: 3778K(4224K)->3778K(4224K)
[399.027s][info][gc             ] GC(1053) Pause Young (Allocation Failure) 1075M->629M(1953M) 64.859ms
[399.027s][info][gc,cpu         ] GC(1053) User=0.38s Sys=0.00s Real=0.07s
[399.175s][info][gc,start       ] GC(1054) Pause Young (Allocation Failure)
[399.252s][info][gc,heap        ] GC(1054) PSYoungGen: 582560K->79776K(598016K)
[399.252s][info][gc,heap        ] GC(1054) PSOldGen: 568220K->626457K(1398272K)
[399.252s][info][gc,metaspace   ] GC(1054) Metaspace: 32039K(33072K)->32039K(33072K) NonClass: 28260K(28848K)->28260K(28848K) Class: 3778K(4224K)->3778K(4224K)
[399.252s][info][gc             ] GC(1054) Pause Young (Allocation Failure) 1123M->689M(1949M) 76.572ms
[399.252s][info][gc,cpu         ] GC(1054) User=0.41s Sys=0.00s Real=0.08s
[399.966s][info][gc,start       ] GC(1055) Pause Young (Allocation Failure)
[400.023s][info][gc,heap        ] GC(1055) PSYoungGen: 581024K->46752K(548352K)
[400.023s][info][gc,heap        ] GC(1055) PSOldGen: 626457K->659169K(1398272K)
[400.023s][info][gc,metaspace   ] GC(1055) Metaspace: 32039K(33072K)->32039K(33072K) NonClass: 28260K(28848K)->28260K(28848K) Class: 3778K(4224K)->3778K(4224K)
[400.023s][info][gc             ] GC(1055) Pause Young (Allocation Failure) 1179M->689M(1901M) 56.357ms
[400.023s][info][gc,cpu         ] GC(1055) User=0.27s Sys=0.00s Real=0.06s
[400.164s][info][gc,start       ] GC(1056) Pause Young (Allocation Failure)
[400.224s][info][gc,heap        ] GC(1056) PSYoungGen: 548000K->69568K(601600K)
[400.224s][info][gc,heap        ] GC(1056) PSOldGen: 659169K->698565K(1398272K)
[400.224s][info][gc,metaspace   ] GC(1056) Metaspace: 32039K(33072K)->32039K(33072K) NonClass: 28260K(28848K)->28260K(28848K) Class: 3778K(4224K)->3778K(4224K)
[400.224s][info][gc             ] GC(1056) Pause Young (Allocation Failure) 1178M->750M(1953M) 59.730ms
[400.224s][info][gc,cpu         ] GC(1056) User=0.33s Sys=0.00s Real=0.06s
[400.360s][info][gc,start       ] GC(1057) Pause Young (Allocation Failure)
[400.434s][info][gc,heap        ] GC(1057) PSYoungGen: 571840K->68960K(599552K)
[400.434s][info][gc,heap        ] GC(1057) PSOldGen: 698565K->755597K(1398272K)
[400.434s][info][gc,metaspace   ] GC(1057) Metaspace: 32039K(33072K)->32039K(33072K) NonClass: 28260K(28848K)->28260K(28848K) Class: 3778K(4224K)->3778K(4224K)
[400.434s][info][gc             ] GC(1057) Pause Young (Allocation Failure) 1240M->805M(1951M) 74.259ms
[400.434s][info][gc,cpu         ] GC(1057) User=0.44s Sys=0.02s Real=0.07s
[401.118s][info][gc,start       ] GC(1058) Pause Young (Allocation Failure)
[401.169s][info][gc,heap        ] GC(1058) PSYoungGen: 571232K->48992K(602624K)
[401.169s][info][gc,heap        ] GC(1058) PSOldGen: 755597K->785789K(1398272K)
[401.169s][info][gc,metaspace   ] GC(1058) Metaspace: 32039K(33072K)->32039K(33072K) NonClass: 28260K(28848K)->28260K(28848K) Class: 3778K(4224K)->3778K(4224K)
[401.169s][info][gc             ] GC(1058) Pause Young (Allocation Failure) 1295M->815M(1954M) 51.205ms
[401.169s][info][gc,cpu         ] GC(1058) User=0.28s Sys=0.00s Real=0.05s
[401.309s][info][gc,start       ] GC(1059) Pause Young (Allocation Failure)
[401.370s][info][gc,heap        ] GC(1059) PSYoungGen: 556384K->69536K(603136K)
[401.370s][info][gc,heap        ] GC(1059) PSOldGen: 785789K->827018K(1398272K)
[401.370s][info][gc,metaspace   ] GC(1059) Metaspace: 32039K(33072K)->32039K(33072K) NonClass: 28260K(28848K)->28260K(28848K) Class: 3778K(4224K)->3778K(4224K)
[401.370s][info][gc             ] GC(1059) Pause Young (Allocation Failure) 1310M->875M(1954M) 61.471ms
[401.370s][info][gc,cpu         ] GC(1059) User=0.36s Sys=0.00s Real=0.06s
[401.504s][info][gc,start       ] GC(1060) Pause Young (Allocation Failure)
[401.582s][info][gc,heap        ] GC(1060) PSYoungGen: 576928K->68992K(606208K)
[401.582s][info][gc,heap        ] GC(1060) PSOldGen: 827018K->884786K(1398272K)
[401.582s][info][gc,metaspace   ] GC(1060) Metaspace: 32039K(33072K)->32039K(33072K) NonClass: 28260K(28848K)->28260K(28848K) Class: 3778K(4224K)->3778K(4224K)
[401.582s][info][gc             ] GC(1060) Pause Young (Allocation Failure) 1371M->931M(1957M) 78.545ms
[401.582s][info][gc,cpu         ] GC(1060) User=0.44s Sys=0.00s Real=0.08s
[402.286s][info][gc,start       ] GC(1061) Pause Young (Allocation Failure)
[402.342s][info][gc,heap        ] GC(1061) PSYoungGen: 580992K->56864K(604672K)
[402.342s][info][gc,heap        ] GC(1061) PSOldGen: 884786K->914530K(1398272K)
[402.342s][info][gc,metaspace   ] GC(1061) Metaspace: 32039K(33072K)->32039K(33072K) NonClass: 28260K(28848K)->28260K(28848K) Class: 3778K(4224K)->3778K(4224K)
[402.342s][info][gc             ] GC(1061) Pause Young (Allocation Failure) 1431M->948M(1956M) 56.795ms
[402.342s][info][gc,cpu         ] GC(1061) User=0.33s Sys=0.02s Real=0.06s
[402.498s][info][gc,start       ] GC(1062) Pause Young (Allocation Failure)
[402.564s][info][gc,heap        ] GC(1062) PSYoungGen: 568864K->77504K(603136K)
[402.564s][info][gc,heap        ] GC(1062) PSOldGen: 914530K->956666K(1398272K)
[402.564s][info][gc,metaspace   ] GC(1062) Metaspace: 32039K(33072K)->32039K(33072K) NonClass: 28260K(28848K)->28260K(28848K) Class: 3778K(4224K)->3778K(4224K)
[402.564s][info][gc             ] GC(1062) Pause Young (Allocation Failure) 1448M->1009M(1954M) 65.900ms
[402.564s][info][gc,cpu         ] GC(1062) User=0.38s Sys=0.00s Real=0.07s
[402.772s][info][gc,start       ] GC(1063) Pause Young (Allocation Failure)
[402.845s][info][gc,heap        ] GC(1063) PSYoungGen: 588992K->66624K(605184K)
[402.845s][info][gc,heap        ] GC(1063) PSOldGen: 956666K->999570K(1398272K)
[402.845s][info][gc,metaspace   ] GC(1063) Metaspace: 32039K(33072K)->32039K(33072K) NonClass: 28260K(28848K)->28260K(28848K) Class: 3778K(4224K)->3778K(4224K)
[402.845s][info][gc             ] GC(1063) Pause Young (Allocation Failure) 1509M->1041M(1956M) 72.522ms
[402.845s][info][gc,cpu         ] GC(1063) User=0.47s Sys=0.00s Real=0.08s
[403.459s][info][gc,start       ] GC(1064) Pause Young (Allocation Failure)
[403.521s][info][gc,heap        ] GC(1064) PSYoungGen: 578112K->67648K(609792K)
[403.521s][info][gc,heap        ] GC(1064) PSOldGen: 999570K->1032522K(1398272K)
[403.521s][info][gc,metaspace   ] GC(1064) Metaspace: 32039K(33072K)->32039K(33072K) NonClass: 28260K(28848K)->28260K(28848K) Class: 3778K(4224K)->3778K(4224K)
[403.521s][info][gc             ] GC(1064) Pause Young (Allocation Failure) 1540M->1074M(1961M) 62.501ms
[403.521s][info][gc,cpu         ] GC(1064) User=0.38s Sys=0.00s Real=0.06s
[403.671s][info][gc,start       ] GC(1065) Pause Young (Allocation Failure)
[403.739s][info][gc,heap        ] GC(1065) PSYoungGen: 586304K->78624K(597504K)
[403.739s][info][gc,heap        ] GC(1065) PSOldGen: 1032522K->1082926K(1398272K)
[403.739s][info][gc,metaspace   ] GC(1065) Metaspace: 32039K(33072K)->32039K(33072K) NonClass: 28260K(28848K)->28260K(28848K) Class: 3778K(4224K)->3778K(4224K)
[403.739s][info][gc             ] GC(1065) Pause Young (Allocation Failure) 1580M->1134M(1949M) 68.267ms
[403.739s][info][gc,cpu         ] GC(1065) User=0.36s Sys=0.00s Real=0.07s
[404.424s][info][gc,start       ] GC(1066) Pause Young (Allocation Failure)
[404.475s][info][gc,heap        ] GC(1066) PSYoungGen: 597280K->39616K(603136K)
[404.475s][info][gc,heap        ] GC(1066) PSOldGen: 1082926K->1116478K(1398272K)
[404.475s][info][gc,metaspace   ] GC(1066) Metaspace: 32039K(33072K)->32039K(33072K) NonClass: 28260K(28848K)->28260K(28848K) Class: 3778K(4224K)->3778K(4224K)
[404.475s][info][gc             ] GC(1066) Pause Young (Allocation Failure) 1640M->1128M(1954M) 51.486ms
[404.475s][info][gc,cpu         ] GC(1066) User=0.27s Sys=0.00s Real=0.05s
[404.636s][info][gc,start       ] GC(1067) Pause Young (Allocation Failure)
[404.695s][info][gc,heap        ] GC(1067) PSYoungGen: 551104K->71456K(605184K)
[404.695s][info][gc,heap        ] GC(1067) PSOldGen: 1116478K->1153623K(1398272K)
[404.695s][info][gc,metaspace   ] GC(1067) Metaspace: 32039K(33072K)->32039K(33072K) NonClass: 28260K(28848K)->28260K(28848K) Class: 3778K(4224K)->3778K(4224K)
[404.695s][info][gc             ] GC(1067) Pause Young (Allocation Failure) 1628M->1196M(1956M) 58.669ms
[404.695s][info][gc,cpu         ] GC(1067) User=0.28s Sys=0.00s Real=0.06s
[404.822s][info][gc,start       ] GC(1068) Pause Young (Allocation Failure)
[404.893s][info][gc,heap        ] GC(1068) PSYoungGen: 582944K->65536K(608256K)
[404.893s][info][gc,heap        ] GC(1068) PSOldGen: 1153623K->1214351K(1398272K)
[404.893s][info][gc,metaspace   ] GC(1068) Metaspace: 32039K(33072K)->32039K(33072K) NonClass: 28260K(28848K)->28260K(28848K) Class: 3778K(4224K)->3778K(4224K)
[404.893s][info][gc             ] GC(1068) Pause Young (Allocation Failure) 1695M->1249M(1959M) 71.421ms
[404.893s][info][gc,cpu         ] GC(1068) User=0.38s Sys=0.00s Real=0.07s
[405.551s][info][gc,start       ] GC(1069) Pause Young (System.gc())
[405.606s][info][gc,heap        ] GC(1069) PSYoungGen: 475807K->32320K(605184K)
[405.606s][info][gc,heap        ] GC(1069) PSOldGen: 1214351K->1243959K(1398272K)
[405.606s][info][gc,metaspace   ] GC(1069) Metaspace: 32039K(33072K)->32039K(33072K) NonClass: 28260K(28848K)->28260K(28848K) Class: 3778K(4224K)->3778K(4224K)
[405.606s][info][gc             ] GC(1069) Pause Young (System.gc()) 1650M->1246M(1956M) 55.090ms
[405.606s][info][gc,cpu         ] GC(1069) User=0.38s Sys=0.00s Real=0.07s
[405.606s][info][gc,start       ] GC(1070) Pause Full (System.gc())
[405.606s][info][gc,phases,start] GC(1070) Phase 1: Mark live objects
[405.711s][info][gc,phases      ] GC(1070) Phase 1: Mark live objects 105.510ms
[405.711s][info][gc,phases,start] GC(1070) Phase 2: Compute new object addresses
[405.890s][info][gc,phases      ] GC(1070) Phase 2: Compute new object addresses 178.311ms
[405.890s][info][gc,phases,start] GC(1070) Phase 3: Adjust pointers
[405.970s][info][gc,phases      ] GC(1070) Phase 3: Adjust pointers 80.420ms
[405.970s][info][gc,phases,start] GC(1070) Phase 4: Move objects
[405.994s][info][gc,phases      ] GC(1070) Phase 4: Move objects 23.679ms
[405.994s][info][gc,heap        ] GC(1070) PSYoungGen: 32320K->0K(605184K)
[405.994s][info][gc,heap        ] GC(1070) PSOldGen: 1243959K->104584K(1398272K)
[405.994s][info][gc,metaspace   ] GC(1070) Metaspace: 32039K(33072K)->32039K(33072K) NonClass: 28260K(28848K)->28260K(28848K) Class: 3778K(4224K)->3778K(4224K)
[405.994s][info][gc             ] GC(1070) Pause Full (System.gc()) 1246M->102M(1956M) 388.679ms
[405.994s][info][gc,cpu         ] GC(1070) User=0.38s Sys=0.00s Real=0.37s
[406.136s][info][gc,start       ] GC(1071) Pause Young (Allocation Failure)
[406.173s][info][gc,heap        ] GC(1071) PSYoungGen: 514560K->68064K(605696K)
[406.173s][info][gc,heap        ] GC(1071) PSOldGen: 104584K->104584K(1398272K)
[406.173s][info][gc,metaspace   ] GC(1071) Metaspace: 32039K(33072K)->32039K(33072K) NonClass: 28261K(28848K)->28261K(28848K) Class: 3778K(4224K)->3778K(4224K)
[406.173s][info][gc             ] GC(1071) Pause Young (Allocation Failure) 604M->168M(1957M) 37.133ms
[406.173s][info][gc,cpu         ] GC(1071) User=0.16s Sys=0.03s Real=0.04s
[406.314s][info][gc,start       ] GC(1072) Pause Young (Allocation Failure)
[406.380s][info][gc,heap        ] GC(1072) PSYoungGen: 580064K->72928K(605184K)
[406.380s][info][gc,heap        ] GC(1072) PSOldGen: 104584K->157184K(1398272K)
[406.380s][info][gc,metaspace   ] GC(1072) Metaspace: 32039K(33072K)->32039K(33072K) NonClass: 28261K(28848K)->28261K(28848K) Class: 3778K(4224K)->3778K(4224K)
[406.380s][info][gc             ] GC(1072) Pause Young (Allocation Failure) 668M->224M(1956M) 65.613ms
[406.380s][info][gc,cpu         ] GC(1072) User=0.36s Sys=0.00s Real=0.06s
[407.000s][info][gc,start       ] GC(1073) Pause Young (Allocation Failure)
[407.050s][info][gc,heap        ] GC(1073) PSYoungGen: 584928K->47328K(605184K)
[407.050s][info][gc,heap        ] GC(1073) PSOldGen: 157184K->188944K(1398272K)
[407.050s][info][gc,metaspace   ] GC(1073) Metaspace: 32039K(33072K)->32039K(33072K) NonClass: 28261K(28848K)->28261K(28848K) Class: 3778K(4224K)->3778K(4224K)
[407.050s][info][gc             ] GC(1073) Pause Young (Allocation Failure) 724M->230M(1956M) 49.507ms
[407.050s][info][gc,cpu         ] GC(1073) User=0.28s Sys=0.00s Real=0.05s
[407.184s][info][gc,start       ] GC(1074) Pause Young (Allocation Failure)
[407.248s][info][gc,heap        ] GC(1074) PSYoungGen: 558816K->66144K(605184K)
[407.248s][info][gc,heap        ] GC(1074) PSOldGen: 188944K->232661K(1398272K)
[407.248s][info][gc,metaspace   ] GC(1074) Metaspace: 32039K(33072K)->32039K(33072K) NonClass: 28261K(28848K)->28261K(28848K) Class: 3778K(4224K)->3778K(4224K)
[407.248s][info][gc             ] GC(1074) Pause Young (Allocation Failure) 730M->291M(1956M) 63.894ms
[407.248s][info][gc,cpu         ] GC(1074) User=0.33s Sys=0.00s Real=0.07s
[407.389s][info][gc,start       ] GC(1075) Pause Young (Allocation Failure)
[407.463s][info][gc,heap        ] GC(1075) PSYoungGen: 577632K->71872K(605696K)
[407.463s][info][gc,heap        ] GC(1075) PSOldGen: 232661K->283597K(1398272K)
[407.463s][info][gc,metaspace   ] GC(1075) Metaspace: 32039K(33072K)->32039K(33072K) NonClass: 28261K(28848K)->28261K(28848K) Class: 3778K(4224K)->3778K(4224K)
[407.463s][info][gc             ] GC(1075) Pause Young (Allocation Failure) 791M->347M(1957M) 74.841ms
[407.464s][info][gc,cpu         ] GC(1075) User=0.47s Sys=0.00s Real=0.08s
[408.126s][info][gc,start       ] GC(1076) Pause Young (Allocation Failure)
[408.183s][info][gc,heap        ] GC(1076) PSYoungGen: 585408K->48192K(606208K)
[408.183s][info][gc,heap        ] GC(1076) PSOldGen: 283597K->314909K(1398272K)
[408.183s][info][gc,metaspace   ] GC(1076) Metaspace: 32039K(33072K)->32039K(33072K) NonClass: 28261K(28848K)->28261K(28848K) Class: 3778K(4224K)->3778K(4224K)
[408.183s][info][gc             ] GC(1076) Pause Young (Allocation Failure) 848M->354M(1957M) 56.685ms
[408.183s][info][gc,cpu         ] GC(1076) User=0.38s Sys=0.00s Real=0.06s
[408.333s][info][gc,start       ] GC(1077) Pause Young (Allocation Failure)
[408.395s][info][gc,heap        ] GC(1077) PSYoungGen: 561728K->73984K(603648K)
[408.395s][info][gc,heap        ] GC(1077) PSOldGen: 314909K->353241K(1398272K)
[408.395s][info][gc,metaspace   ] GC(1077) Metaspace: 32039K(33072K)->32039K(33072K) NonClass: 28261K(28848K)->28261K(28848K) Class: 3778K(4224K)->3778K(4224K)
[408.395s][info][gc             ] GC(1077) Pause Young (Allocation Failure) 856M->417M(1955M) 62.640ms
[408.396s][info][gc,cpu         ] GC(1077) User=0.33s Sys=0.00s Real=0.06s
[408.524s][info][gc,start       ] GC(1078) Pause Young (Allocation Failure)
[408.592s][info][gc,heap        ] GC(1078) PSYoungGen: 585472K->66144K(605184K)
[408.592s][info][gc,heap        ] GC(1078) PSOldGen: 353241K->416465K(1398272K)
[408.592s][info][gc,metaspace   ] GC(1078) Metaspace: 32039K(33072K)->32039K(33072K) NonClass: 28261K(28848K)->28261K(28848K) Class: 3778K(4224K)->3778K(4224K)
[408.592s][info][gc             ] GC(1078) Pause Young (Allocation Failure) 916M->471M(1956M) 67.992ms
[408.592s][info][gc,cpu         ] GC(1078) User=0.38s Sys=0.00s Real=0.07s
[409.314s][info][gc,start       ] GC(1079) Pause Young (Allocation Failure)
[409.371s][info][gc,heap        ] GC(1079) PSYoungGen: 577632K->56416K(608768K)
[409.371s][info][gc,heap        ] GC(1079) PSOldGen: 416465K->446073K(1398272K)
[409.371s][info][gc,metaspace   ] GC(1079) Metaspace: 32039K(33072K)->32039K(33072K) NonClass: 28261K(28848K)->28261K(28848K) Class: 3778K(4224K)->3778K(4224K)
[409.371s][info][gc             ] GC(1079) Pause Young (Allocation Failure) 970M->490M(1960M) 57.047ms
[409.371s][info][gc,cpu         ] GC(1079) User=0.38s Sys=0.00s Real=0.07s
[409.513s][info][gc,start       ] GC(1080) Pause Young (Allocation Failure)
[409.580s][info][gc,heap        ] GC(1080) PSYoungGen: 573536K->77632K(594944K)
[409.580s][info][gc,heap        ] GC(1080) PSOldGen: 446073K->488634K(1398272K)
[409.580s][info][gc,metaspace   ] GC(1080) Metaspace: 32039K(33072K)->32039K(33072K) NonClass: 28261K(28848K)->28261K(28848K) Class: 3778K(4224K)->3778K(4224K)
[409.580s][info][gc             ] GC(1080) Pause Young (Allocation Failure) 995M->552M(1946M) 66.929ms
[409.580s][info][gc,cpu         ] GC(1080) User=0.36s Sys=0.00s Real=0.07s
[409.768s][info][gc,start       ] GC(1081) Pause Young (Allocation Failure)
[409.837s][info][gc,heap        ] GC(1081) PSYoungGen: 594752K->71520K(606208K)
[409.837s][info][gc,heap        ] GC(1081) PSOldGen: 488634K->530442K(1398272K)
[409.837s][info][gc,metaspace   ] GC(1081) Metaspace: 32039K(33072K)->32039K(33072K) NonClass: 28261K(28848K)->28261K(28848K) Class: 3778K(4224K)->3778K(4224K)
[409.837s][info][gc             ] GC(1081) Pause Young (Allocation Failure) 1057M->587M(1957M) 69.236ms
[409.837s][info][gc,cpu         ] GC(1081) User=0.45s Sys=0.00s Real=0.07s
[410.373s][info][gc,start       ] GC(1082) Pause Young (Allocation Failure)
[410.431s][info][gc,heap        ] GC(1082) PSYoungGen: 584544K->57696K(605696K)
[410.431s][info][gc,heap        ] GC(1082) PSOldGen: 530442K->564626K(1398272K)
[410.431s][info][gc,metaspace   ] GC(1082) Metaspace: 32039K(33072K)->32039K(33072K) NonClass: 28261K(28848K)->28261K(28848K) Class: 3778K(4224K)->3778K(4224K)
[410.431s][info][gc             ] GC(1082) Pause Young (Allocation Failure) 1088M->607M(1957M) 57.735ms
[410.431s][info][gc,cpu         ] GC(1082) User=0.36s Sys=0.00s Real=0.06s
[410.560s][info][gc,start       ] GC(1083) Pause Young (Allocation Failure)
[410.627s][info][gc,heap        ] GC(1083) PSYoungGen: 570720K->73120K(605696K)
[410.627s][info][gc,heap        ] GC(1083) PSOldGen: 564626K->609822K(1398272K)
[410.627s][info][gc,metaspace   ] GC(1083) Metaspace: 32039K(33072K)->32039K(33072K) NonClass: 28261K(28848K)->28261K(28848K) Class: 3778K(4224K)->3778K(4224K)
[410.627s][info][gc             ] GC(1083) Pause Young (Allocation Failure) 1108M->666M(1957M) 67.775ms
[410.627s][info][gc,cpu         ] GC(1083) User=0.38s Sys=0.00s Real=0.07s
[410.915s][info][gc,start       ] GC(1084) Pause Young (Allocation Failure)
[410.979s][info][gc,heap        ] GC(1084) PSYoungGen: 587680K->62624K(606720K)
[410.979s][info][gc,heap        ] GC(1084) PSOldGen: 609822K->643870K(1398272K)
[410.979s][info][gc,metaspace   ] GC(1084) Metaspace: 32039K(33072K)->32039K(33072K) NonClass: 28261K(28848K)->28261K(28848K) Class: 3778K(4224K)->3778K(4224K)
[410.979s][info][gc             ] GC(1084) Pause Young (Allocation Failure) 1169M->689M(1958M) 64.065ms
[410.979s][info][gc,cpu         ] GC(1084) User=0.33s Sys=0.00s Real=0.06s
[411.389s][info][gc,start       ] GC(1085) Pause Young (Allocation Failure)
[411.450s][info][gc,heap        ] GC(1085) PSYoungGen: 577184K->62912K(611328K)
[411.450s][info][gc,heap        ] GC(1085) PSOldGen: 643870K->678382K(1398272K)
[411.450s][info][gc,metaspace   ] GC(1085) Metaspace: 32039K(33072K)->32039K(33072K) NonClass: 28261K(28848K)->28261K(28848K) Class: 3778K(4224K)->3778K(4224K)
[411.450s][info][gc             ] GC(1085) Pause Young (Allocation Failure) 1192M->723M(1962M) 61.055ms
[411.450s][info][gc,cpu         ] GC(1085) User=0.38s Sys=0.00s Real=0.06s
[411.583s][info][gc,start       ] GC(1086) Pause Young (Allocation Failure)
[411.648s][info][gc,heap        ] GC(1086) PSYoungGen: 584640K->72352K(609280K)
[411.648s][info][gc,heap        ] GC(1086) PSOldGen: 678382K->727675K(1398272K)
[411.648s][info][gc,metaspace   ] GC(1086) Metaspace: 32039K(33072K)->32039K(33072K) NonClass: 28261K(28848K)->28261K(28848K) Class: 3778K(4224K)->3778K(4224K)
[411.648s][info][gc             ] GC(1086) Pause Young (Allocation Failure) 1233M->781M(1960M) 64.694ms
[411.648s][info][gc,cpu         ] GC(1086) User=0.36s Sys=0.00s Real=0.06s
[412.090s][info][gc,start       ] GC(1087) Pause Young (Allocation Failure)
[412.146s][info][gc,heap        ] GC(1087) PSYoungGen: 594080K->51904K(610816K)
[412.146s][info][gc,heap        ] GC(1087) PSOldGen: 727675K->763667K(1398272K)
[412.146s][info][gc,metaspace   ] GC(1087) Metaspace: 32039K(33072K)->32039K(33072K) NonClass: 28261K(28848K)->28261K(28848K) Class: 3778K(4224K)->3778K(4224K)
[412.146s][info][gc             ] GC(1087) Pause Young (Allocation Failure) 1290M->796M(1962M) 56.227ms
[412.146s][info][gc,cpu         ] GC(1087) User=0.28s Sys=0.00s Real=0.06s
[412.628s][info][gc,start       ] GC(1088) Pause Young (Allocation Failure)
[412.692s][info][gc,heap        ] GC(1088) PSYoungGen: 574656K->82400K(605184K)
[412.692s][info][gc,heap        ] GC(1088) PSOldGen: 763667K->793619K(1398272K)
[412.692s][info][gc,metaspace   ] GC(1088) Metaspace: 32039K(33072K)->32039K(33072K) NonClass: 28261K(28848K)->28261K(28848K) Class: 3778K(4224K)->3778K(4224K)
[412.692s][info][gc             ] GC(1088) Pause Young (Allocation Failure) 1306M->855M(1956M) 63.776ms
[412.692s][info][gc,cpu         ] GC(1088) User=0.38s Sys=0.00s Real=0.06s
[412.844s][info][gc,start       ] GC(1089) Pause Young (Allocation Failure)
[412.921s][info][gc,heap        ] GC(1089) PSYoungGen: 605152K->82272K(600064K)
[412.921s][info][gc,heap        ] GC(1089) PSOldGen: 793619K->856559K(1398272K)
[412.921s][info][gc,metaspace   ] GC(1089) Metaspace: 32039K(33072K)->32039K(33072K) NonClass: 28261K(28848K)->28261K(28848K) Class: 3778K(4224K)->3778K(4224K)
[412.921s][info][gc             ] GC(1089) Pause Young (Allocation Failure) 1365M->916M(1951M) 76.913ms
[412.921s][info][gc,cpu         ] GC(1089) User=0.45s Sys=0.00s Real=0.08s
[413.516s][info][gc,start       ] GC(1090) Pause Young (Allocation Failure)
[413.575s][info][gc,heap        ] GC(1090) PSYoungGen: 589664K->56768K(603136K)
[413.575s][info][gc,heap        ] GC(1090) PSOldGen: 856559K->890239K(1398272K)
[413.575s][info][gc,metaspace   ] GC(1090) Metaspace: 32039K(33072K)->32039K(33072K) NonClass: 28261K(28848K)->28261K(28848K) Class: 3778K(4224K)->3778K(4224K)
[413.575s][info][gc             ] GC(1090) Pause Young (Allocation Failure) 1412M->924M(1954M) 59.641ms
[413.575s][info][gc,cpu         ] GC(1090) User=0.38s Sys=0.00s Real=0.06s
[413.709s][info][gc,start       ] GC(1091) Pause Young (Allocation Failure)
[413.774s][info][gc,heap        ] GC(1091) PSYoungGen: 564160K->72800K(604160K)
[413.775s][info][gc,heap        ] GC(1091) PSOldGen: 890239K->933308K(1398272K)
[413.775s][info][gc,metaspace   ] GC(1091) Metaspace: 32039K(33072K)->32039K(33072K) NonClass: 28261K(28848K)->28261K(28848K) Class: 3778K(4224K)->3778K(4224K)
[413.775s][info][gc             ] GC(1091) Pause Young (Allocation Failure) 1420M->982M(1955M) 65.538ms
[413.775s][info][gc,cpu         ] GC(1091) User=0.45s Sys=0.00s Real=0.07s
[413.923s][info][gc,start       ] GC(1092) Pause Young (Allocation Failure)
[413.993s][info][gc,heap        ] GC(1092) PSYoungGen: 581728K->71264K(603648K)
[413.993s][info][gc,heap        ] GC(1092) PSOldGen: 933308K->987180K(1398272K)
[413.993s][info][gc,metaspace   ] GC(1092) Metaspace: 32039K(33072K)->32039K(33072K) NonClass: 28261K(28848K)->28261K(28848K) Class: 3778K(4224K)->3778K(4224K)
[413.993s][info][gc             ] GC(1092) Pause Young (Allocation Failure) 1479M->1033M(1955M) 70.810ms
[413.993s][info][gc,cpu         ] GC(1092) User=0.47s Sys=0.00s Real=0.07s
[414.600s][info][gc,start       ] GC(1093) Pause Young (Allocation Failure)
[414.659s][info][gc,heap        ] GC(1093) PSYoungGen: 580192K->55616K(606208K)
[414.659s][info][gc,heap        ] GC(1093) PSOldGen: 987180K->1018164K(1398272K)
[414.659s][info][gc,metaspace   ] GC(1093) Metaspace: 32039K(33072K)->32039K(33072K) NonClass: 28261K(28848K)->28261K(28848K) Class: 3778K(4224K)->3778K(4224K)
[414.659s][info][gc             ] GC(1093) Pause Young (Allocation Failure) 1530M->1048M(1957M) 58.900ms
[414.659s][info][gc,cpu         ] GC(1093) User=0.36s Sys=0.00s Real=0.06s
[414.800s][info][gc,start       ] GC(1094) Pause Young (Allocation Failure)
[414.866s][info][gc,heap        ] GC(1094) PSYoungGen: 568640K->75072K(605696K)
[414.866s][info][gc,heap        ] GC(1094) PSOldGen: 1018164K->1059740K(1398272K)
[414.866s][info][gc,metaspace   ] GC(1094) Metaspace: 32039K(33072K)->32039K(33072K) NonClass: 28261K(28848K)->28261K(28848K) Class: 3778K(4224K)->3778K(4224K)
[414.866s][info][gc             ] GC(1094) Pause Young (Allocation Failure) 1549M->1108M(1957M) 66.492ms
[414.866s][info][gc,cpu         ] GC(1094) User=0.38s Sys=0.00s Real=0.07s
[415.056s][info][gc,start       ] GC(1095) Pause Young (Allocation Failure)
[415.127s][info][gc,heap        ] GC(1095) PSYoungGen: 588096K->71904K(606208K)
[415.127s][info][gc,heap        ] GC(1095) PSOldGen: 1059740K->1100812K(1398272K)
[415.127s][info][gc,metaspace   ] GC(1095) Metaspace: 32039K(33072K)->32039K(33072K) NonClass: 28261K(28848K)->28261K(28848K) Class: 3778K(4224K)->3778K(4224K)
[415.127s][info][gc             ] GC(1095) Pause Young (Allocation Failure) 1609M->1145M(1957M) 70.674ms
[415.127s][info][gc,cpu         ] GC(1095) User=0.34s Sys=0.03s Real=0.07s
[415.597s][info][gc,start       ] GC(1096) Pause Young (Allocation Failure)
[415.653s][info][gc,heap        ] GC(1096) PSYoungGen: 584928K->57792K(605696K)
[415.653s][info][gc,heap        ] GC(1096) PSOldGen: 1100812K->1133492K(1398272K)
[415.653s][info][gc,metaspace   ] GC(1096) Metaspace: 32039K(33072K)->32039K(33072K) NonClass: 28261K(28848K)->28261K(28848K) Class: 3778K(4224K)->3778K(4224K)
[415.653s][info][gc             ] GC(1096) Pause Young (Allocation Failure) 1646M->1163M(1957M) 56.128ms
[415.654s][info][gc,cpu         ] GC(1096) User=0.38s Sys=0.00s Real=0.05s
[415.791s][info][gc,start       ] GC(1097) Pause Young (Allocation Failure)
[415.854s][info][gc,heap        ] GC(1097) PSYoungGen: 570816K->73312K(607232K)
[415.854s][info][gc,heap        ] GC(1097) PSOldGen: 1133492K->1176920K(1398272K)
[415.854s][info][gc,metaspace   ] GC(1097) Metaspace: 32039K(33072K)->32039K(33072K) NonClass: 28261K(28848K)->28261K(28848K) Class: 3778K(4224K)->3778K(4224K)
[415.854s][info][gc             ] GC(1097) Pause Young (Allocation Failure) 1664M->1220M(1958M) 62.985ms
[415.854s][info][gc,cpu         ] GC(1097) User=0.38s Sys=0.00s Real=0.06s
[416.119s][info][gc,start       ] GC(1098) Pause Young (Allocation Failure)
[416.182s][info][gc,heap        ] GC(1098) PSYoungGen: 588896K->60480K(607232K)
[416.182s][info][gc,heap        ] GC(1098) PSOldGen: 1176920K->1214592K(1398272K)
[416.182s][info][gc,metaspace   ] GC(1098) Metaspace: 32039K(33072K)->32039K(33072K) NonClass: 28261K(28848K)->28261K(28848K) Class: 3778K(4224K)->3778K(4224K)
[416.182s][info][gc             ] GC(1098) Pause Young (Allocation Failure) 1724M->1245M(1958M) 62.170ms
[416.182s][info][gc,cpu         ] GC(1098) User=0.38s Sys=0.00s Real=0.07s
[416.532s][info][gc,start       ] GC(1099) Pause Young (System.gc())
[416.564s][info][gc,heap        ] GC(1099) PSYoungGen: 184900K->10560K(593920K)
[416.564s][info][gc,heap        ] GC(1099) PSOldGen: 1214592K->1248760K(1398272K)
[416.564s][info][gc,metaspace   ] GC(1099) Metaspace: 32039K(33072K)->32039K(33072K) NonClass: 28261K(28848K)->28261K(28848K) Class: 3778K(4224K)->3778K(4224K)
[416.564s][info][gc             ] GC(1099) Pause Young (System.gc()) 1366M->1229M(1945M) 31.908ms
[416.564s][info][gc,cpu         ] GC(1099) User=0.19s Sys=0.00s Real=0.03s
[416.564s][info][gc,start       ] GC(1100) Pause Full (System.gc())
[416.564s][info][gc,phases,start] GC(1100) Phase 1: Mark live objects
[416.678s][info][gc,phases      ] GC(1100) Phase 1: Mark live objects 114.120ms
[416.678s][info][gc,phases,start] GC(1100) Phase 2: Compute new object addresses
[416.855s][info][gc,phases      ] GC(1100) Phase 2: Compute new object addresses 176.483ms
[416.855s][info][gc,phases,start] GC(1100) Phase 3: Adjust pointers
[416.936s][info][gc,phases      ] GC(1100) Phase 3: Adjust pointers 81.470ms
[416.936s][info][gc,phases,start] GC(1100) Phase 4: Move objects
[416.960s][info][gc,phases      ] GC(1100) Phase 4: Move objects 23.562ms
[416.960s][info][gc,heap        ] GC(1100) PSYoungGen: 10560K->0K(593920K)
[416.960s][info][gc,heap        ] GC(1100) PSOldGen: 1248760K->105583K(1398272K)
[416.960s][info][gc,metaspace   ] GC(1100) Metaspace: 32039K(33072K)->32039K(33072K) NonClass: 28261K(28848K)->28261K(28848K) Class: 3778K(4224K)->3778K(4224K)
[416.960s][info][gc             ] GC(1100) Pause Full (System.gc()) 1229M->103M(1945M) 396.511ms
[416.960s][info][gc,cpu         ] GC(1100) User=0.39s Sys=0.00s Real=0.38s
[417.113s][info][gc,start       ] GC(1101) Pause Young (Allocation Failure)
[417.152s][info][gc,heap        ] GC(1101) PSYoungGen: 503296K->70112K(601088K)
[417.152s][info][gc,heap        ] GC(1101) PSOldGen: 105583K->105583K(1398272K)
[417.152s][info][gc,metaspace   ] GC(1101) Metaspace: 32040K(33072K)->32040K(33072K) NonClass: 28262K(28848K)->28262K(28848K) Class: 3778K(4224K)->3778K(4224K)
[417.152s][info][gc             ] GC(1101) Pause Young (Allocation Failure) 594M->171M(1952M) 38.628ms
[417.152s][info][gc,cpu         ] GC(1101) User=0.27s Sys=0.00s Real=0.04s
[417.290s][info][gc,start       ] GC(1102) Pause Young (Allocation Failure)
[417.362s][info][gc,heap        ] GC(1102) PSYoungGen: 573408K->73088K(600576K)
[417.362s][info][gc,heap        ] GC(1102) PSOldGen: 105583K->160131K(1398272K)
[417.362s][info][gc,metaspace   ] GC(1102) Metaspace: 32040K(33072K)->32040K(33072K) NonClass: 28262K(28848K)->28262K(28848K) Class: 3778K(4224K)->3778K(4224K)
[417.362s][info][gc             ] GC(1102) Pause Young (Allocation Failure) 663M->227M(1952M) 72.122ms
[417.362s][info][gc,cpu         ] GC(1102) User=0.34s Sys=0.00s Real=0.07s
[418.012s][info][gc,start       ] GC(1103) Pause Young (Allocation Failure)
[418.064s][info][gc,heap        ] GC(1103) PSYoungGen: 576384K->44864K(601088K)
[418.064s][info][gc,heap        ] GC(1103) PSOldGen: 160131K->191315K(1398272K)
[418.064s][info][gc,metaspace   ] GC(1103) Metaspace: 32040K(33072K)->32040K(33072K) NonClass: 28262K(28848K)->28262K(28848K) Class: 3778K(4224K)->3778K(4224K)
[418.064s][info][gc             ] GC(1103) Pause Young (Allocation Failure) 719M->230M(1952M) 52.196ms
[418.064s][info][gc,cpu         ] GC(1103) User=0.28s Sys=0.00s Real=0.05s
[418.200s][info][gc,start       ] GC(1104) Pause Young (Allocation Failure)
[418.260s][info][gc,heap        ] GC(1104) PSYoungGen: 548160K->65632K(603136K)
[418.260s][info][gc,heap        ] GC(1104) PSOldGen: 191315K->229928K(1398272K)
[418.260s][info][gc,metaspace   ] GC(1104) Metaspace: 32040K(33072K)->32040K(33072K) NonClass: 28262K(28848K)->28262K(28848K) Class: 3778K(4224K)->3778K(4224K)
[418.260s][info][gc             ] GC(1104) Pause Young (Allocation Failure) 722M->288M(1954M) 60.092ms
[418.260s][info][gc,cpu         ] GC(1104) User=0.36s Sys=0.00s Real=0.06s
[418.385s][info][gc,start       ] GC(1105) Pause Young (Allocation Failure)
[418.468s][info][gc,heap        ] GC(1105) PSYoungGen: 570976K->67168K(601088K)
[418.468s][info][gc,heap        ] GC(1105) PSOldGen: 229928K->284736K(1398272K)
[418.468s][info][gc,metaspace   ] GC(1105) Metaspace: 32040K(33072K)->32040K(33072K) NonClass: 28262K(28848K)->28262K(28848K) Class: 3778K(4224K)->3778K(4224K)
[418.468s][info][gc             ] GC(1105) Pause Young (Allocation Failure) 782M->343M(1952M) 83.404ms
[418.468s][info][gc,cpu         ] GC(1105) User=0.45s Sys=0.00s Real=0.08s
[419.129s][info][gc,start       ] GC(1106) Pause Young (Allocation Failure)
[419.179s][info][gc,heap        ] GC(1106) PSYoungGen: 572512K->50112K(605696K)
[419.179s][info][gc,heap        ] GC(1106) PSOldGen: 284736K->313568K(1398272K)
[419.179s][info][gc,metaspace   ] GC(1106) Metaspace: 32040K(33072K)->32040K(33072K) NonClass: 28262K(28848K)->28262K(28848K) Class: 3778K(4224K)->3778K(4224K)
[419.179s][info][gc             ] GC(1106) Pause Young (Allocation Failure) 837M->355M(1957M) 50.510ms
[419.180s][info][gc,cpu         ] GC(1106) User=0.27s Sys=0.02s Real=0.05s
[419.331s][info][gc,start       ] GC(1107) Pause Young (Allocation Failure)
[419.392s][info][gc,heap        ] GC(1107) PSYoungGen: 561600K->70752K(604672K)
[419.393s][info][gc,heap        ] GC(1107) PSOldGen: 313568K->356248K(1398272K)
[419.393s][info][gc,metaspace   ] GC(1107) Metaspace: 32040K(33072K)->32040K(33072K) NonClass: 28262K(28848K)->28262K(28848K) Class: 3778K(4224K)->3778K(4224K)
[419.393s][info][gc             ] GC(1107) Pause Young (Allocation Failure) 854M->416M(1956M) 61.912ms
[419.393s][info][gc,cpu         ] GC(1107) User=0.36s Sys=0.00s Real=0.06s
[419.532s][info][gc,start       ] GC(1108) Pause Young (Allocation Failure)
[419.606s][info][gc,heap        ] GC(1108) PSYoungGen: 582240K->72320K(604160K)
[419.606s][info][gc,heap        ] GC(1108) PSOldGen: 356248K->412712K(1398272K)
[419.606s][info][gc,metaspace   ] GC(1108) Metaspace: 32040K(33072K)->32040K(33072K) NonClass: 28262K(28848K)->28262K(28848K) Class: 3778K(4224K)->3778K(4224K)
[419.606s][info][gc             ] GC(1108) Pause Young (Allocation Failure) 916M->473M(1955M) 74.312ms
[419.606s][info][gc,cpu         ] GC(1108) User=0.47s Sys=0.00s Real=0.07s
[420.275s][info][gc,start       ] GC(1109) Pause Young (Allocation Failure)
[420.331s][info][gc,heap        ] GC(1109) PSYoungGen: 582784K->59296K(604672K)
[420.331s][info][gc,heap        ] GC(1109) PSOldGen: 412712K->443520K(1398272K)
[420.331s][info][gc,metaspace   ] GC(1109) Metaspace: 32040K(33072K)->32040K(33072K) NonClass: 28262K(28848K)->28262K(28848K) Class: 3778K(4224K)->3778K(4224K)
[420.331s][info][gc             ] GC(1109) Pause Young (Allocation Failure) 972M->491M(1956M) 56.187ms
[420.331s][info][gc,cpu         ] GC(1109) User=0.28s Sys=0.00s Real=0.06s
[420.468s][info][gc,start       ] GC(1110) Pause Young (Allocation Failure)
[420.532s][info][gc,heap        ] GC(1110) PSYoungGen: 569760K->72992K(605184K)
[420.532s][info][gc,heap        ] GC(1110) PSOldGen: 443520K->488833K(1398272K)
[420.532s][info][gc,metaspace   ] GC(1110) Metaspace: 32040K(33072K)->32040K(33072K) NonClass: 28262K(28848K)->28262K(28848K) Class: 3778K(4224K)->3778K(4224K)
[420.532s][info][gc             ] GC(1110) Pause Young (Allocation Failure) 989M->548M(1956M) 64.339ms
[420.532s][info][gc,cpu         ] GC(1110) User=0.38s Sys=0.00s Real=0.07s
[420.764s][info][gc,start       ] GC(1111) Pause Young (Allocation Failure)
[420.835s][info][gc,heap        ] GC(1111) PSYoungGen: 586528K->67680K(606208K)
[420.835s][info][gc,heap        ] GC(1111) PSOldGen: 488833K->527713K(1398272K)
[420.835s][info][gc,metaspace   ] GC(1111) Metaspace: 32040K(33072K)->32040K(33072K) NonClass: 28262K(28848K)->28262K(28848K) Class: 3778K(4224K)->3778K(4224K)
[420.835s][info][gc             ] GC(1111) Pause Young (Allocation Failure) 1050M->581M(1957M) 71.329ms
[420.835s][info][gc,cpu         ] GC(1111) User=0.38s Sys=0.00s Real=0.08s
[421.420s][info][gc,start       ] GC(1112) Pause Young (Allocation Failure)
[421.482s][info][gc,heap        ] GC(1112) PSYoungGen: 581216K->67776K(608768K)
[421.482s][info][gc,heap        ] GC(1112) PSOldGen: 527713K->562569K(1398272K)
[421.482s][info][gc,metaspace   ] GC(1112) Metaspace: 32040K(33072K)->32040K(33072K) NonClass: 28262K(28848K)->28262K(28848K) Class: 3778K(4224K)->3778K(4224K)
[421.482s][info][gc             ] GC(1112) Pause Young (Allocation Failure) 1082M->615M(1960M) 61.610ms
[421.482s][info][gc,cpu         ] GC(1112) User=0.38s Sys=0.00s Real=0.06s
[421.618s][info][gc,start       ] GC(1113) Pause Young (Allocation Failure)
[421.687s][info][gc,heap        ] GC(1113) PSYoungGen: 585408K->72000K(607744K)
[421.687s][info][gc,heap        ] GC(1113) PSOldGen: 562569K->617809K(1398272K)
[421.687s][info][gc,metaspace   ] GC(1113) Metaspace: 32040K(33072K)->32040K(33072K) NonClass: 28262K(28848K)->28262K(28848K) Class: 3778K(4224K)->3778K(4224K)
[421.687s][info][gc             ] GC(1113) Pause Young (Allocation Failure) 1121M->673M(1959M) 69.067ms
[421.687s][info][gc,cpu         ] GC(1113) User=0.38s Sys=0.00s Real=0.07s
[422.347s][info][gc,start       ] GC(1114) Pause Young (Allocation Failure)
[422.404s][info][gc,heap        ] GC(1114) PSYoungGen: 589632K->47520K(607744K)
[422.404s][info][gc,heap        ] GC(1114) PSOldGen: 617809K->649409K(1398272K)
[422.404s][info][gc,metaspace   ] GC(1114) Metaspace: 32040K(33072K)->32040K(33072K) NonClass: 28262K(28848K)->28262K(28848K) Class: 3778K(4224K)->3778K(4224K)
[422.404s][info][gc             ] GC(1114) Pause Young (Allocation Failure) 1179M->680M(1959M) 56.273ms
[422.404s][info][gc,cpu         ] GC(1114) User=0.36s Sys=0.00s Real=0.06s
[422.764s][info][gc,start       ] GC(1115) Pause Young (Allocation Failure)
[422.826s][info][gc,heap        ] GC(1115) PSYoungGen: 565152K->80064K(598016K)
[422.826s][info][gc,heap        ] GC(1115) PSOldGen: 649409K->682337K(1398272K)
[422.826s][info][gc,metaspace   ] GC(1115) Metaspace: 32040K(33072K)->32040K(33072K) NonClass: 28262K(28848K)->28262K(28848K) Class: 3778K(4224K)->3778K(4224K)
[422.826s][info][gc             ] GC(1115) Pause Young (Allocation Failure) 1186M->744M(1949M) 62.372ms
[422.826s][info][gc,cpu         ] GC(1115) User=0.38s Sys=0.00s Real=0.07s
[422.973s][info][gc,start       ] GC(1116) Pause Young (Allocation Failure)
[423.045s][info][gc,heap        ] GC(1116) PSYoungGen: 597696K->76576K(601600K)
[423.045s][info][gc,heap        ] GC(1116) PSOldGen: 682337K->745942K(1398272K)
[423.045s][info][gc,metaspace   ] GC(1116) Metaspace: 32040K(33072K)->32040K(33072K) NonClass: 28262K(28848K)->28262K(28848K) Class: 3778K(4224K)->3778K(4224K)
[423.045s][info][gc             ] GC(1116) Pause Young (Allocation Failure) 1250M->803M(1953M) 71.833ms
[423.045s][info][gc,cpu         ] GC(1116) User=0.47s Sys=0.00s Real=0.07s
[423.804s][info][gc,start       ] GC(1117) Pause Young (Allocation Failure)
[423.865s][info][gc,heap        ] GC(1117) PSYoungGen: 583968K->54112K(603136K)
[423.865s][info][gc,heap        ] GC(1117) PSOldGen: 745942K->778126K(1398272K)
[423.865s][info][gc,metaspace   ] GC(1117) Metaspace: 32040K(33072K)->32040K(33072K) NonClass: 28262K(28848K)->28262K(28848K) Class: 3778K(4224K)->3778K(4224K)
[423.865s][info][gc             ] GC(1117) Pause Young (Allocation Failure) 1298M->812M(1954M) 60.347ms
[423.865s][info][gc,cpu         ] GC(1117) User=0.36s Sys=0.00s Real=0.07s
[424.005s][info][gc,start       ] GC(1118) Pause Young (Allocation Failure)
[424.080s][info][gc,heap        ] GC(1118) PSYoungGen: 561504K->75968K(602112K)
[424.080s][info][gc,heap        ] GC(1118) PSOldGen: 778126K->819734K(1398272K)
[424.080s][info][gc,metaspace   ] GC(1118) Metaspace: 32040K(33072K)->32040K(33072K) NonClass: 28262K(28848K)->28262K(28848K) Class: 3778K(4224K)->3778K(4224K)
[424.080s][info][gc             ] GC(1118) Pause Young (Allocation Failure) 1308M->874M(1953M) 75.197ms
[424.080s][info][gc,cpu         ] GC(1118) User=0.45s Sys=0.02s Real=0.08s
[424.233s][info][gc,start       ] GC(1119) Pause Young (Allocation Failure)
[424.308s][info][gc,heap        ] GC(1119) PSYoungGen: 583360K->76160K(583680K)
[424.308s][info][gc,heap        ] GC(1119) PSOldGen: 819734K->873318K(1398272K)
[424.308s][info][gc,metaspace   ] GC(1119) Metaspace: 32040K(33072K)->32040K(33072K) NonClass: 28262K(28848K)->28262K(28848K) Class: 3778K(4224K)->3778K(4224K)
[424.308s][info][gc             ] GC(1119) Pause Young (Allocation Failure) 1370M->927M(1935M) 75.582ms
[424.308s][info][gc,cpu         ] GC(1119) User=0.44s Sys=0.00s Real=0.08s
[424.896s][info][gc,start       ] GC(1120) Pause Young (Allocation Failure)
[424.972s][info][gc,heap        ] GC(1120) PSYoungGen: 583552K->62944K(604672K)
[424.972s][info][gc,heap        ] GC(1120) PSOldGen: 873318K->904742K(1398272K)
[424.972s][info][gc,metaspace   ] GC(1120) Metaspace: 32040K(33072K)->32040K(33072K) NonClass: 28262K(28848K)->28262K(28848K) Class: 3778K(4224K)->3778K(4224K)
[424.972s][info][gc             ] GC(1120) Pause Young (Allocation Failure) 1422M->945M(1956M) 76.394ms
[424.972s][info][gc,cpu         ] GC(1120) User=0.44s Sys=0.00s Real=0.08s
[425.122s][info][gc,start       ] GC(1121) Pause Young (Allocation Failure)
[425.192s][info][gc,heap        ] GC(1121) PSYoungGen: 570848K->80992K(602112K)
[425.192s][info][gc,heap        ] GC(1121) PSOldGen: 904742K->949354K(1398272K)
[425.192s][info][gc,metaspace   ] GC(1121) Metaspace: 32040K(33072K)->32040K(33072K) NonClass: 28262K(28848K)->28262K(28848K) Class: 3778K(4224K)->3778K(4224K)
[425.192s][info][gc             ] GC(1121) Pause Young (Allocation Failure) 1441M->1006M(1953M) 69.686ms
[425.192s][info][gc,cpu         ] GC(1121) User=0.38s Sys=0.00s Real=0.07s
[425.500s][info][gc,start       ] GC(1122) Pause Young (Allocation Failure)
[425.566s][info][gc,heap        ] GC(1122) PSYoungGen: 588896K->57856K(603136K)
[425.567s][info][gc,heap        ] GC(1122) PSOldGen: 949354K->985370K(1398272K)
[425.567s][info][gc,metaspace   ] GC(1122) Metaspace: 32040K(33072K)->32040K(33072K) NonClass: 28262K(28848K)->28262K(28848K) Class: 3778K(4224K)->3778K(4224K)
[425.567s][info][gc             ] GC(1122) Pause Young (Allocation Failure) 1502M->1018M(1954M) 66.252ms
[425.567s][info][gc,cpu         ] GC(1122) User=0.38s Sys=0.00s Real=0.07s
[425.980s][info][gc,start       ] GC(1123) Pause Young (Allocation Failure)
[426.037s][info][gc,heap        ] GC(1123) PSYoungGen: 564224K->62912K(602112K)
[426.037s][info][gc,heap        ] GC(1123) PSOldGen: 985370K->1017954K(1398272K)
[426.037s][info][gc,metaspace   ] GC(1123) Metaspace: 32040K(33072K)->32040K(33072K) NonClass: 28262K(28848K)->28262K(28848K) Class: 3778K(4224K)->3778K(4224K)
[426.037s][info][gc             ] GC(1123) Pause Young (Allocation Failure) 1513M->1055M(1953M) 57.144ms
[426.037s][info][gc,cpu         ] GC(1123) User=0.28s Sys=0.00s Real=0.06s
[426.166s][info][gc,start       ] GC(1124) Pause Young (Allocation Failure)
[426.229s][info][gc,heap        ] GC(1124) PSYoungGen: 569280K->67136K(607744K)
[426.229s][info][gc,heap        ] GC(1124) PSOldGen: 1017954K->1069755K(1398272K)
[426.229s][info][gc,metaspace   ] GC(1124) Metaspace: 32040K(33072K)->32040K(33072K) NonClass: 28262K(28848K)->28262K(28848K) Class: 3778K(4224K)->3778K(4224K)
[426.229s][info][gc             ] GC(1124) Pause Young (Allocation Failure) 1550M->1110M(1959M) 63.429ms
[426.229s][info][gc,cpu         ] GC(1124) User=0.38s Sys=0.00s Real=0.06s
[426.646s][info][gc,start       ] GC(1125) Pause Young (Allocation Failure)
[426.703s][info][gc,heap        ] GC(1125) PSYoungGen: 581184K->53920K(605184K)
[426.703s][info][gc,heap        ] GC(1125) PSOldGen: 1069755K->1103811K(1398272K)
[426.703s][info][gc,metaspace   ] GC(1125) Metaspace: 32040K(33072K)->32040K(33072K) NonClass: 28262K(28848K)->28262K(28848K) Class: 3778K(4224K)->3778K(4224K)
[426.703s][info][gc             ] GC(1125) Pause Young (Allocation Failure) 1612M->1130M(1956M) 56.760ms
[426.703s][info][gc,cpu         ] GC(1125) User=0.38s Sys=0.00s Real=0.06s
[427.167s][info][gc,start       ] GC(1126) Pause Young (Allocation Failure)
[427.232s][info][gc,heap        ] GC(1126) PSYoungGen: 567968K->78624K(603648K)
[427.232s][info][gc,heap        ] GC(1126) PSOldGen: 1103811K->1135147K(1398272K)
[427.232s][info][gc,metaspace   ] GC(1126) Metaspace: 32040K(33072K)->32040K(33072K) NonClass: 28262K(28848K)->28262K(28848K) Class: 3778K(4224K)->3778K(4224K)
[427.232s][info][gc             ] GC(1126) Pause Young (Allocation Failure) 1632M->1185M(1955M) 64.842ms
[427.232s][info][gc,cpu         ] GC(1126) User=0.36s Sys=0.00s Real=0.07s
[427.372s][info][gc,start       ] GC(1127) Pause Young (Allocation Failure)
[427.447s][info][gc,heap        ] GC(1127) PSYoungGen: 591136K->72608K(605696K)
[427.447s][info][gc,heap        ] GC(1127) PSOldGen: 1135147K->1200599K(1398272K)
[427.447s][info][gc,metaspace   ] GC(1127) Metaspace: 32040K(33072K)->32040K(33072K) NonClass: 28262K(28848K)->28262K(28848K) Class: 3778K(4224K)->3778K(4224K)
[427.447s][info][gc             ] GC(1127) Pause Young (Allocation Failure) 1685M->1243M(1957M) 75.900ms
[427.447s][info][gc,cpu         ] GC(1127) User=0.45s Sys=0.00s Real=0.07s
[428.086s][info][gc,start       ] GC(1128) Pause Young (System.gc())
[428.136s][info][gc,heap        ] GC(1128) PSYoungGen: 451032K->31616K(599040K)
[428.136s][info][gc,heap        ] GC(1128) PSOldGen: 1200599K->1232223K(1398272K)
[428.136s][info][gc,metaspace   ] GC(1128) Metaspace: 32040K(33072K)->32040K(33072K) NonClass: 28262K(28848K)->28262K(28848K) Class: 3778K(4224K)->3778K(4224K)
[428.136s][info][gc             ] GC(1128) Pause Young (System.gc()) 1612M->1234M(1950M) 50.177ms
[428.136s][info][gc,cpu         ] GC(1128) User=0.30s Sys=0.00s Real=0.06s
[428.136s][info][gc,start       ] GC(1129) Pause Full (System.gc())
[428.136s][info][gc,phases,start] GC(1129) Phase 1: Mark live objects
[428.253s][info][gc,phases      ] GC(1129) Phase 1: Mark live objects 117.017ms
[428.253s][info][gc,phases,start] GC(1129) Phase 2: Compute new object addresses
[428.430s][info][gc,phases      ] GC(1129) Phase 2: Compute new object addresses 176.826ms
[428.430s][info][gc,phases,start] GC(1129) Phase 3: Adjust pointers
[428.511s][info][gc,phases      ] GC(1129) Phase 3: Adjust pointers 80.666ms
[428.511s][info][gc,phases,start] GC(1129) Phase 4: Move objects
[428.535s][info][gc,phases      ] GC(1129) Phase 4: Move objects 24.353ms
[428.536s][info][gc,heap        ] GC(1129) PSYoungGen: 31616K->0K(599040K)
[428.536s][info][gc,heap        ] GC(1129) PSOldGen: 1232223K->104466K(1398272K)
[428.536s][info][gc,metaspace   ] GC(1129) Metaspace: 32040K(33072K)->32040K(33072K) NonClass: 28262K(28848K)->28262K(28848K) Class: 3778K(4224K)->3778K(4224K)
[428.536s][info][gc             ] GC(1129) Pause Full (System.gc()) 1234M->102M(1950M) 399.664ms
[428.536s][info][gc,cpu         ] GC(1129) User=0.39s Sys=0.00s Real=0.40s
[428.821s][info][gc,start       ] GC(1130) Pause Young (Allocation Failure)
[428.865s][info][gc,heap        ] GC(1130) PSYoungGen: 506368K->81344K(587776K)
[428.865s][info][gc,heap        ] GC(1130) PSOldGen: 104466K->104466K(1398272K)
[428.865s][info][gc,metaspace   ] GC(1130) Metaspace: 32047K(33072K)->32047K(33072K) NonClass: 28269K(28848K)->28269K(28848K) Class: 3778K(4224K)->3778K(4224K)
[428.865s][info][gc             ] GC(1130) Pause Young (Allocation Failure) 596M->181M(1939M) 44.530ms
[428.865s][info][gc,cpu         ] GC(1130) User=0.19s Sys=0.00s Real=0.05s
[429.016s][info][gc,start       ] GC(1131) Pause Young (Allocation Failure)
[429.089s][info][gc,heap        ] GC(1131) PSYoungGen: 587712K->77312K(596992K)
[429.089s][info][gc,heap        ] GC(1131) PSOldGen: 104466K->167935K(1398272K)
[429.089s][info][gc,metaspace   ] GC(1131) Metaspace: 32047K(33072K)->32047K(33072K) NonClass: 28269K(28848K)->28269K(28848K) Class: 3778K(4224K)->3778K(4224K)
[429.089s][info][gc             ] GC(1131) Pause Young (Allocation Failure) 675M->239M(1948M) 73.133ms
[429.089s][info][gc,cpu         ] GC(1131) User=0.45s Sys=0.00s Real=0.07s
[429.785s][info][gc,start       ] GC(1132) Pause Young (Allocation Failure)
[429.846s][info][gc,heap        ] GC(1132) PSYoungGen: 574464K->57792K(598016K)
[429.846s][info][gc,heap        ] GC(1132) PSOldGen: 167935K->200559K(1398272K)
[429.846s][info][gc,metaspace   ] GC(1132) Metaspace: 32051K(33072K)->32051K(33072K) NonClass: 28273K(28848K)->28273K(28848K) Class: 3778K(4224K)->3778K(4224K)
[429.846s][info][gc             ] GC(1132) Pause Young (Allocation Failure) 724M->252M(1949M) 61.099ms
[429.846s][info][gc,cpu         ] GC(1132) User=0.38s Sys=0.00s Real=0.06s
[429.979s][info][gc,start       ] GC(1133) Pause Young (Allocation Failure)
[430.047s][info][gc,heap        ] GC(1133) PSYoungGen: 554944K->70688K(601600K)
[430.047s][info][gc,heap        ] GC(1133) PSOldGen: 200559K->246031K(1398272K)
[430.047s][info][gc,metaspace   ] GC(1133) Metaspace: 32051K(33072K)->32051K(33072K) NonClass: 28273K(28848K)->28273K(28848K) Class: 3778K(4224K)->3778K(4224K)
[430.047s][info][gc             ] GC(1133) Pause Young (Allocation Failure) 737M->309M(1953M) 67.685ms
[430.047s][info][gc,cpu         ] GC(1133) User=0.38s Sys=0.00s Real=0.07s
[430.193s][info][gc,start       ] GC(1134) Pause Young (Allocation Failure)
[430.263s][info][gc,heap        ] GC(1134) PSYoungGen: 573472K->70304K(600064K)
[430.263s][info][gc,heap        ] GC(1134) PSOldGen: 246031K->295679K(1398272K)
[430.263s][info][gc,metaspace   ] GC(1134) Metaspace: 32051K(33072K)->32051K(33072K) NonClass: 28273K(28848K)->28273K(28848K) Class: 3778K(4224K)->3778K(4224K)
[430.263s][info][gc             ] GC(1134) Pause Young (Allocation Failure) 800M->357M(1951M) 70.421ms
[430.263s][info][gc,cpu         ] GC(1134) User=0.42s Sys=0.00s Real=0.07s
[430.830s][info][gc,start       ] GC(1135) Pause Young (Allocation Failure)
[430.890s][info][gc,heap        ] GC(1135) PSYoungGen: 573088K->59776K(604672K)
[430.890s][info][gc,heap        ] GC(1135) PSOldGen: 295679K->326439K(1398272K)
[430.890s][info][gc,metaspace   ] GC(1135) Metaspace: 32051K(33072K)->32051K(33072K) NonClass: 28273K(28848K)->28273K(28848K) Class: 3778K(4224K)->3778K(4224K)
[430.890s][info][gc             ] GC(1135) Pause Young (Allocation Failure) 848M->377M(1956M) 60.004ms
[430.890s][info][gc,cpu         ] GC(1135) User=0.36s Sys=0.00s Real=0.07s
[431.034s][info][gc,start       ] GC(1136) Pause Young (Allocation Failure)
[431.100s][info][gc,heap        ] GC(1136) PSYoungGen: 568704K->78496K(603136K)
[431.100s][info][gc,heap        ] GC(1136) PSOldGen: 326439K->369468K(1398272K)
[431.100s][info][gc,metaspace   ] GC(1136) Metaspace: 32051K(33072K)->32051K(33072K) NonClass: 28273K(28848K)->28273K(28848K) Class: 3778K(4224K)->3778K(4224K)
[431.100s][info][gc             ] GC(1136) Pause Young (Allocation Failure) 874M->437M(1954M) 66.104ms
[431.100s][info][gc,cpu         ] GC(1136) User=0.36s Sys=0.00s Real=0.07s
[431.372s][info][gc,start       ] GC(1137) Pause Young (Allocation Failure)
[431.438s][info][gc,heap        ] GC(1137) PSYoungGen: 587424K->60480K(604672K)
[431.438s][info][gc,heap        ] GC(1137) PSOldGen: 369468K->411196K(1398272K)
[431.438s][info][gc,metaspace   ] GC(1137) Metaspace: 32051K(33072K)->32051K(33072K) NonClass: 28273K(28848K)->28273K(28848K) Class: 3778K(4224K)->3778K(4224K)
[431.438s][info][gc             ] GC(1137) Pause Young (Allocation Failure) 934M->460M(1956M) 66.246ms
[431.438s][info][gc,cpu         ] GC(1137) User=0.36s Sys=0.02s Real=0.08s
[431.974s][info][gc,start       ] GC(1138) Pause Young (Allocation Failure)
[432.030s][info][gc,heap        ] GC(1138) PSYoungGen: 569408K->62368K(603136K)
[432.030s][info][gc,heap        ] GC(1138) PSOldGen: 411196K->442652K(1398272K)
[432.030s][info][gc,metaspace   ] GC(1138) Metaspace: 32062K(33072K)->32062K(33072K) NonClass: 28284K(28848K)->28284K(28848K) Class: 3778K(4224K)->3778K(4224K)
[432.030s][info][gc             ] GC(1138) Pause Young (Allocation Failure) 957M->493M(1954M) 56.349ms
[432.030s][info][gc,cpu         ] GC(1138) User=0.38s Sys=0.00s Real=0.06s
[432.176s][info][gc,start       ] GC(1139) Pause Young (Allocation Failure)
[432.242s][info][gc,heap        ] GC(1139) PSYoungGen: 571296K->75840K(604672K)
[432.242s][info][gc,heap        ] GC(1139) PSOldGen: 442652K->489732K(1398272K)
[432.242s][info][gc,metaspace   ] GC(1139) Metaspace: 32062K(33072K)->32062K(33072K) NonClass: 28284K(28848K)->28284K(28848K) Class: 3778K(4224K)->3778K(4224K)
[432.242s][info][gc             ] GC(1139) Pause Young (Allocation Failure) 990M->552M(1956M) 66.520ms
[432.242s][info][gc,cpu         ] GC(1139) User=0.33s Sys=0.00s Real=0.07s
[432.546s][info][gc,start       ] GC(1140) Pause Young (Allocation Failure)
[432.600s][info][gc,heap        ] GC(1140) PSYoungGen: 588352K->51104K(605696K)
[432.600s][info][gc,heap        ] GC(1140) PSOldGen: 489732K->523108K(1398272K)
[432.600s][info][gc,metaspace   ] GC(1140) Metaspace: 32062K(33072K)->32062K(33072K) NonClass: 28284K(28848K)->28284K(28848K) Class: 3778K(4224K)->3778K(4224K)
[432.600s][info][gc             ] GC(1140) Pause Young (Allocation Failure) 1052M->560M(1957M) 54.086ms
[432.600s][info][gc,cpu         ] GC(1140) User=0.23s Sys=0.00s Real=0.05s
[432.966s][info][gc,start       ] GC(1141) Pause Young (Allocation Failure)
[433.027s][info][gc,heap        ] GC(1141) PSYoungGen: 563616K->75264K(603648K)
[433.027s][info][gc,heap        ] GC(1141) PSOldGen: 523108K->556564K(1398272K)
[433.027s][info][gc,metaspace   ] GC(1141) Metaspace: 32068K(33072K)->32068K(33072K) NonClass: 28290K(28848K)->28290K(28848K) Class: 3778K(4224K)->3778K(4224K)
[433.027s][info][gc             ] GC(1141) Pause Young (Allocation Failure) 1061M->617M(1955M) 61.439ms
[433.027s][info][gc,cpu         ] GC(1141) User=0.38s Sys=0.00s Real=0.06s
[433.174s][info][gc,start       ] GC(1142) Pause Young (Allocation Failure)
[433.248s][info][gc,heap        ] GC(1142) PSYoungGen: 585728K->77120K(587776K)
[433.248s][info][gc,heap        ] GC(1142) PSOldGen: 556564K->615109K(1398272K)
[433.248s][info][gc,metaspace   ] GC(1142) Metaspace: 32068K(33072K)->32068K(33072K) NonClass: 28290K(28848K)->28290K(28848K) Class: 3778K(4224K)->3778K(4224K)
[433.249s][info][gc             ] GC(1142) Pause Young (Allocation Failure) 1115M->676M(1939M) 74.875ms
[433.249s][info][gc,cpu         ] GC(1142) User=0.44s Sys=0.00s Real=0.08s
[433.941s][info][gc,start       ] GC(1143) Pause Young (Allocation Failure)
[433.997s][info][gc,heap        ] GC(1143) PSYoungGen: 587584K->47520K(601600K)
[433.997s][info][gc,heap        ] GC(1143) PSOldGen: 615109K->646877K(1398272K)
[433.997s][info][gc,metaspace   ] GC(1143) Metaspace: 32079K(33072K)->32079K(33072K) NonClass: 28301K(28848K)->28301K(28848K) Class: 3778K(4224K)->3778K(4224K)
[433.997s][info][gc             ] GC(1143) Pause Young (Allocation Failure) 1174M->678M(1953M) 56.499ms
[433.997s][info][gc,cpu         ] GC(1143) User=0.38s Sys=0.00s Real=0.06s
[434.146s][info][gc,start       ] GC(1144) Pause Young (Allocation Failure)
[434.209s][info][gc,heap        ] GC(1144) PSYoungGen: 553888K->74560K(602624K)
[434.209s][info][gc,heap        ] GC(1144) PSOldGen: 646877K->685733K(1398272K)
[434.209s][info][gc,metaspace   ] GC(1144) Metaspace: 32079K(33072K)->32079K(33072K) NonClass: 28301K(28848K)->28301K(28848K) Class: 3778K(4224K)->3778K(4224K)
[434.209s][info][gc             ] GC(1144) Pause Young (Allocation Failure) 1172M->742M(1954M) 62.379ms
[434.209s][info][gc,cpu         ] GC(1144) User=0.36s Sys=0.02s Real=0.06s
[434.338s][info][gc,start       ] GC(1145) Pause Young (Allocation Failure)
[434.428s][info][gc,heap        ] GC(1145) PSYoungGen: 580928K->65856K(605184K)
[434.428s][info][gc,heap        ] GC(1145) PSOldGen: 685733K->748189K(1398272K)
[434.428s][info][gc,metaspace   ] GC(1145) Metaspace: 32079K(33072K)->32079K(33072K) NonClass: 28301K(28848K)->28301K(28848K) Class: 3778K(4224K)->3778K(4224K)
[434.428s][info][gc             ] GC(1145) Pause Young (Allocation Failure) 1236M->794M(1956M) 90.167ms
[434.428s][info][gc,cpu         ] GC(1145) User=0.42s Sys=0.00s Real=0.09s
[434.976s][info][gc,start       ] GC(1146) Pause Young (Allocation Failure)
[435.031s][info][gc,heap        ] GC(1146) PSYoungGen: 574784K->54336K(602624K)
[435.031s][info][gc,heap        ] GC(1146) PSOldGen: 748189K->777477K(1398272K)
[435.031s][info][gc,metaspace   ] GC(1146) Metaspace: 32080K(33072K)->32080K(33072K) NonClass: 28301K(28848K)->28301K(28848K) Class: 3778K(4224K)->3778K(4224K)
[435.031s][info][gc             ] GC(1146) Pause Young (Allocation Failure) 1291M->812M(1954M) 54.763ms
[435.031s][info][gc,cpu         ] GC(1146) User=0.38s Sys=0.00s Real=0.05s
[435.165s][info][gc,start       ] GC(1147) Pause Young (Allocation Failure)
[435.235s][info][gc,heap        ] GC(1147) PSYoungGen: 563264K->68576K(607744K)
[435.235s][info][gc,heap        ] GC(1147) PSOldGen: 777477K->822361K(1398272K)
[435.235s][info][gc,metaspace   ] GC(1147) Metaspace: 32080K(33072K)->32080K(33072K) NonClass: 28301K(28848K)->28301K(28848K) Class: 3778K(4224K)->3778K(4224K)
[435.235s][info][gc             ] GC(1147) Pause Young (Allocation Failure) 1309M->870M(1959M) 69.687ms
[435.235s][info][gc,cpu         ] GC(1147) User=0.36s Sys=0.00s Real=0.07s
[435.402s][info][gc,start       ] GC(1148) Pause Young (Allocation Failure)
[435.472s][info][gc,heap        ] GC(1148) PSYoungGen: 583648K->79808K(594944K)
[435.472s][info][gc,heap        ] GC(1148) PSOldGen: 822361K->869409K(1398272K)
[435.472s][info][gc,metaspace   ] GC(1148) Metaspace: 32080K(33072K)->32080K(33072K) NonClass: 28301K(28848K)->28301K(28848K) Class: 3778K(4224K)->3778K(4224K)
[435.472s][info][gc             ] GC(1148) Pause Young (Allocation Failure) 1373M->926M(1946M) 69.712ms
[435.472s][info][gc,cpu         ] GC(1148) User=0.38s Sys=0.00s Real=0.07s
[436.003s][info][gc,start       ] GC(1149) Pause Young (Allocation Failure)
[436.063s][info][gc,heap        ] GC(1149) PSYoungGen: 594880K->64544K(607232K)
[436.063s][info][gc,heap        ] GC(1149) PSOldGen: 869409K->902225K(1398272K)
[436.063s][info][gc,metaspace   ] GC(1149) Metaspace: 32080K(33072K)->32080K(33072K) NonClass: 28301K(28848K)->28301K(28848K) Class: 3778K(4224K)->3778K(4224K)
[436.063s][info][gc             ] GC(1149) Pause Young (Allocation Failure) 1429M->944M(1958M) 60.397ms
[436.063s][info][gc,cpu         ] GC(1149) User=0.38s Sys=0.00s Real=0.07s
[436.215s][info][gc,start       ] GC(1150) Pause Young (Allocation Failure)
[436.287s][info][gc,heap        ] GC(1150) PSYoungGen: 577568K->81216K(594432K)
[436.288s][info][gc,heap        ] GC(1150) PSOldGen: 902225K->947278K(1398272K)
[436.288s][info][gc,metaspace   ] GC(1150) Metaspace: 32080K(33072K)->32080K(33072K) NonClass: 28301K(28848K)->28301K(28848K) Class: 3778K(4224K)->3778K(4224K)
[436.288s][info][gc             ] GC(1150) Pause Young (Allocation Failure) 1445M->1004M(1946M) 72.414ms
[436.288s][info][gc,cpu         ] GC(1150) User=0.36s Sys=0.00s Real=0.07s
[436.643s][info][gc,start       ] GC(1151) Pause Young (Allocation Failure)
[436.703s][info][gc,heap        ] GC(1151) PSYoungGen: 594240K->54944K(604672K)
[436.703s][info][gc,heap        ] GC(1151) PSOldGen: 947278K->984062K(1398272K)
[436.703s][info][gc,metaspace   ] GC(1151) Metaspace: 32080K(33072K)->32080K(33072K) NonClass: 28301K(28848K)->28301K(28848K) Class: 3778K(4224K)->3778K(4224K)
[436.703s][info][gc             ] GC(1151) Pause Young (Allocation Failure) 1505M->1014M(1956M) 60.161ms
[436.704s][info][gc,cpu         ] GC(1151) User=0.36s Sys=0.00s Real=0.07s
[437.084s][info][gc,start       ] GC(1152) Pause Young (Allocation Failure)
[437.146s][info][gc,heap        ] GC(1152) PSYoungGen: 564896K->66048K(604160K)
[437.146s][info][gc,heap        ] GC(1152) PSOldGen: 984062K->1015534K(1398272K)
[437.146s][info][gc,metaspace   ] GC(1152) Metaspace: 32082K(33072K)->32082K(33072K) NonClass: 28304K(28848K)->28304K(28848K) Class: 3778K(4224K)->3778K(4224K)
[437.146s][info][gc             ] GC(1152) Pause Young (Allocation Failure) 1512M->1056M(1955M) 62.081ms
[437.146s][info][gc,cpu         ] GC(1152) User=0.28s Sys=0.00s Real=0.06s
[437.291s][info][gc,start       ] GC(1153) Pause Young (Allocation Failure)
[437.363s][info][gc,heap        ] GC(1153) PSYoungGen: 576000K->77472K(604160K)
[437.363s][info][gc,heap        ] GC(1153) PSOldGen: 1015534K->1065858K(1398272K)
[437.363s][info][gc,metaspace   ] GC(1153) Metaspace: 32082K(33072K)->32082K(33072K) NonClass: 28304K(28848K)->28304K(28848K) Class: 3778K(4224K)->3778K(4224K)
[437.363s][info][gc             ] GC(1153) Pause Young (Allocation Failure) 1554M->1116M(1955M) 71.855ms
[437.363s][info][gc,cpu         ] GC(1153) User=0.30s Sys=0.00s Real=0.07s
[438.025s][info][gc,start       ] GC(1154) Pause Young (Allocation Failure)
[438.073s][info][gc,heap        ] GC(1154) PSYoungGen: 589984K->40128K(552960K)
[438.073s][info][gc,heap        ] GC(1154) PSOldGen: 1065858K->1098242K(1398272K)
[438.073s][info][gc,metaspace   ] GC(1154) Metaspace: 32084K(33072K)->32084K(33072K) NonClass: 28305K(28848K)->28305K(28848K) Class: 3778K(4224K)->3778K(4224K)
[438.074s][info][gc             ] GC(1154) Pause Young (Allocation Failure) 1617M->1111M(1905M) 48.579ms
[438.074s][info][gc,cpu         ] GC(1154) User=0.28s Sys=0.00s Real=0.05s
[438.207s][info][gc,start       ] GC(1155) Pause Young (Allocation Failure)
[438.268s][info][gc,heap        ] GC(1155) PSYoungGen: 552640K->66240K(606208K)
[438.268s][info][gc,heap        ] GC(1155) PSOldGen: 1098242K->1135699K(1398272K)
[438.269s][info][gc,metaspace   ] GC(1155) Metaspace: 32084K(33072K)->32084K(33072K) NonClass: 28305K(28848K)->28305K(28848K) Class: 3778K(4224K)->3778K(4224K)
[438.269s][info][gc             ] GC(1155) Pause Young (Allocation Failure) 1612M->1173M(1957M) 61.932ms
[438.269s][info][gc,cpu         ] GC(1155) User=0.34s Sys=0.00s Real=0.06s
[438.409s][info][gc,start       ] GC(1156) Pause Young (Allocation Failure)
[438.478s][info][gc,heap        ] GC(1156) PSYoungGen: 577216K->74048K(603648K)
[438.478s][info][gc,heap        ] GC(1156) PSOldGen: 1135699K->1186459K(1398272K)
[438.478s][info][gc,metaspace   ] GC(1156) Metaspace: 32084K(33072K)->32084K(33072K) NonClass: 28305K(28848K)->28305K(28848K) Class: 3778K(4224K)->3778K(4224K)
[438.478s][info][gc             ] GC(1156) Pause Young (Allocation Failure) 1672M->1230M(1955M) 68.642ms
[438.478s][info][gc,cpu         ] GC(1156) User=0.45s Sys=0.00s Real=0.07s
[439.125s][info][gc,start       ] GC(1157) Pause Young (System.gc())
[439.176s][info][gc,heap        ] GC(1157) PSYoungGen: 476840K->32352K(599552K)
[439.176s][info][gc,heap        ] GC(1157) PSOldGen: 1186459K->1218515K(1398272K)
[439.176s][info][gc,metaspace   ] GC(1157) Metaspace: 32084K(33072K)->32084K(33072K) NonClass: 28305K(28848K)->28305K(28848K) Class: 3778K(4224K)->3778K(4224K)
[439.176s][info][gc             ] GC(1157) Pause Young (System.gc()) 1624M->1221M(1951M) 51.524ms
[439.176s][info][gc,cpu         ] GC(1157) User=0.28s Sys=0.00s Real=0.05s
[439.176s][info][gc,start       ] GC(1158) Pause Full (System.gc())
[439.176s][info][gc,phases,start] GC(1158) Phase 1: Mark live objects
[439.294s][info][gc,phases      ] GC(1158) Phase 1: Mark live objects 117.328ms
[439.294s][info][gc,phases,start] GC(1158) Phase 2: Compute new object addresses
[439.469s][info][gc,phases      ] GC(1158) Phase 2: Compute new object addresses 175.169ms
[439.469s][info][gc,phases,start] GC(1158) Phase 3: Adjust pointers
[439.550s][info][gc,phases      ] GC(1158) Phase 3: Adjust pointers 81.593ms
[439.550s][info][gc,phases,start] GC(1158) Phase 4: Move objects
[439.574s][info][gc,phases      ] GC(1158) Phase 4: Move objects 23.763ms
[439.575s][info][gc,heap        ] GC(1158) PSYoungGen: 32352K->0K(599552K)
[439.575s][info][gc,heap        ] GC(1158) PSOldGen: 1218515K->104355K(1398272K)
[439.575s][info][gc,metaspace   ] GC(1158) Metaspace: 32084K(33072K)->32084K(33072K) NonClass: 28305K(28848K)->28305K(28848K) Class: 3778K(4224K)->3778K(4224K)
[439.575s][info][gc             ] GC(1158) Pause Full (System.gc()) 1221M->101M(1951M) 398.627ms
[439.575s][info][gc,cpu         ] GC(1158) User=0.41s Sys=0.00s Real=0.39s
[439.823s][info][gc,start       ] GC(1159) Pause Young (Allocation Failure)
[439.867s][info][gc,heap        ] GC(1159) PSYoungGen: 506368K->81280K(587776K)
[439.867s][info][gc,heap        ] GC(1159) PSOldGen: 104355K->104355K(1398272K)
[439.867s][info][gc,metaspace   ] GC(1159) Metaspace: 32087K(33072K)->32087K(33072K) NonClass: 28309K(28848K)->28309K(28848K) Class: 3778K(4224K)->3778K(4224K)
[439.867s][info][gc             ] GC(1159) Pause Young (Allocation Failure) 596M->181M(1939M) 43.605ms
[439.867s][info][gc,cpu         ] GC(1159) User=0.19s Sys=0.00s Real=0.04s
[440.005s][info][gc,start       ] GC(1160) Pause Young (Allocation Failure)
[440.076s][info][gc,heap        ] GC(1160) PSYoungGen: 587648K->72512K(599552K)
[440.076s][info][gc,heap        ] GC(1160) PSOldGen: 104355K->170183K(1398272K)
[440.076s][info][gc,metaspace   ] GC(1160) Metaspace: 32087K(33072K)->32087K(33072K) NonClass: 28309K(28848K)->28309K(28848K) Class: 3778K(4224K)->3778K(4224K)
[440.076s][info][gc             ] GC(1160) Pause Young (Allocation Failure) 675M->237M(1951M) 70.951ms
[440.076s][info][gc,cpu         ] GC(1160) User=0.47s Sys=0.00s Real=0.07s
[440.834s][info][gc,start       ] GC(1161) Pause Young (Allocation Failure)
[440.893s][info][gc,heap        ] GC(1161) PSYoungGen: 572224K->54592K(599040K)
[440.893s][info][gc,heap        ] GC(1161) PSOldGen: 170183K->201199K(1398272K)
[440.893s][info][gc,metaspace   ] GC(1161) Metaspace: 32087K(33072K)->32087K(33072K) NonClass: 28309K(28848K)->28309K(28848K) Class: 3778K(4224K)->3778K(4224K)
[440.893s][info][gc             ] GC(1161) Pause Young (Allocation Failure) 725M->249M(1950M) 58.314ms
[440.893s][info][gc,cpu         ] GC(1161) User=0.36s Sys=0.00s Real=0.06s
[441.013s][info][gc,start       ] GC(1162) Pause Young (Allocation Failure)
[441.071s][info][gc,heap        ] GC(1162) PSYoungGen: 554304K->64384K(604160K)
[441.071s][info][gc,heap        ] GC(1162) PSOldGen: 201199K->246692K(1398272K)
[441.071s][info][gc,metaspace   ] GC(1162) Metaspace: 32087K(33072K)->32087K(33072K) NonClass: 28309K(28848K)->28309K(28848K) Class: 3778K(4224K)->3778K(4224K)
[441.071s][info][gc             ] GC(1162) Pause Young (Allocation Failure) 737M->303M(1955M) 58.777ms
[441.071s][info][gc,cpu         ] GC(1162) User=0.38s Sys=0.00s Real=0.06s
[441.203s][info][gc,start       ] GC(1163) Pause Young (Allocation Failure)
[441.282s][info][gc,heap        ] GC(1163) PSYoungGen: 570752K->70304K(601088K)
[441.282s][info][gc,heap        ] GC(1163) PSOldGen: 246692K->298980K(1398272K)
[441.282s][info][gc,metaspace   ] GC(1163) Metaspace: 32087K(33072K)->32087K(33072K) NonClass: 28309K(28848K)->28309K(28848K) Class: 3778K(4224K)->3778K(4224K)
[441.282s][info][gc             ] GC(1163) Pause Young (Allocation Failure) 798M->360M(1952M) 78.444ms
[441.282s][info][gc,cpu         ] GC(1163) User=0.38s Sys=0.00s Real=0.08s
[441.918s][info][gc,start       ] GC(1164) Pause Young (Allocation Failure)
[441.974s][info][gc,heap        ] GC(1164) PSYoungGen: 576672K->55104K(606208K)
[441.974s][info][gc,heap        ] GC(1164) PSOldGen: 298980K->329372K(1398272K)
[441.974s][info][gc,metaspace   ] GC(1164) Metaspace: 32087K(33072K)->32087K(33072K) NonClass: 28309K(28848K)->28309K(28848K) Class: 3778K(4224K)->3778K(4224K)
[441.974s][info][gc             ] GC(1164) Pause Young (Allocation Failure) 855M->375M(1957M) 55.567ms
[441.974s][info][gc,cpu         ] GC(1164) User=0.28s Sys=0.00s Real=0.05s
[442.113s][info][gc,start       ] GC(1165) Pause Young (Allocation Failure)
[442.176s][info][gc,heap        ] GC(1165) PSYoungGen: 567616K->71584K(605184K)
[442.176s][info][gc,heap        ] GC(1165) PSOldGen: 329372K->372376K(1398272K)
[442.176s][info][gc,metaspace   ] GC(1165) Metaspace: 32087K(33072K)->32087K(33072K) NonClass: 28309K(28848K)->28309K(28848K) Class: 3778K(4224K)->3778K(4224K)
[442.177s][info][gc             ] GC(1165) Pause Young (Allocation Failure) 875M->433M(1956M) 63.067ms
[442.177s][info][gc,cpu         ] GC(1165) User=0.38s Sys=0.00s Real=0.06s
[442.366s][info][gc,start       ] GC(1166) Pause Young (Allocation Failure)
[442.438s][info][gc,heap        ] GC(1166) PSYoungGen: 584096K->71200K(606720K)
[442.438s][info][gc,heap        ] GC(1166) PSOldGen: 372376K->411184K(1398272K)
[442.438s][info][gc,metaspace   ] GC(1166) Metaspace: 32087K(33072K)->32087K(33072K) NonClass: 28309K(28848K)->28309K(28848K) Class: 3778K(4224K)->3778K(4224K)
[442.438s][info][gc             ] GC(1166) Pause Young (Allocation Failure) 934M->471M(1958M) 71.787ms
[442.438s][info][gc,cpu         ] GC(1166) User=0.42s Sys=0.00s Real=0.07s
[442.976s][info][gc,start       ] GC(1167) Pause Young (Allocation Failure)
[443.032s][info][gc,heap        ] GC(1167) PSYoungGen: 585248K->58848K(606208K)
[443.032s][info][gc,heap        ] GC(1167) PSOldGen: 411184K->447112K(1398272K)
[443.032s][info][gc,metaspace   ] GC(1167) Metaspace: 32087K(33072K)->32087K(33072K) NonClass: 28309K(28848K)->28309K(28848K) Class: 3778K(4224K)->3778K(4224K)
[443.033s][info][gc             ] GC(1167) Pause Young (Allocation Failure) 973M->494M(1957M) 56.052ms
[443.033s][info][gc,cpu         ] GC(1167) User=0.30s Sys=0.00s Real=0.06s
[443.172s][info][gc,start       ] GC(1168) Pause Young (Allocation Failure)
[443.237s][info][gc,heap        ] GC(1168) PSYoungGen: 572896K->73760K(606208K)
[443.237s][info][gc,heap        ] GC(1168) PSOldGen: 447112K->493553K(1398272K)
[443.237s][info][gc,metaspace   ] GC(1168) Metaspace: 32087K(33072K)->32087K(33072K) NonClass: 28309K(28848K)->28309K(28848K) Class: 3778K(4224K)->3778K(4224K)
[443.237s][info][gc             ] GC(1168) Pause Young (Allocation Failure) 996M->554M(1957M) 64.496ms
[443.237s][info][gc,cpu         ] GC(1168) User=0.36s Sys=0.00s Real=0.07s
[443.582s][info][gc,start       ] GC(1169) Pause Young (Allocation Failure)
[443.640s][info][gc,heap        ] GC(1169) PSYoungGen: 589344K->59136K(607232K)
[443.640s][info][gc,heap        ] GC(1169) PSOldGen: 493553K->527289K(1398272K)
[443.640s][info][gc,metaspace   ] GC(1169) Metaspace: 32087K(33072K)->32087K(33072K) NonClass: 28309K(28848K)->28309K(28848K) Class: 3778K(4224K)->3778K(4224K)
[443.640s][info][gc             ] GC(1169) Pause Young (Allocation Failure) 1057M->572M(1958M) 57.925ms
[443.640s][info][gc,cpu         ] GC(1169) User=0.33s Sys=0.00s Real=0.07s
[444.018s][info][gc,start       ] GC(1170) Pause Young (Allocation Failure)
[444.076s][info][gc,heap        ] GC(1170) PSYoungGen: 574720K->65760K(611328K)
[444.076s][info][gc,heap        ] GC(1170) PSOldGen: 527289K->560953K(1398272K)
[444.076s][info][gc,metaspace   ] GC(1170) Metaspace: 32087K(33072K)->32087K(33072K) NonClass: 28309K(28848K)->28309K(28848K) Class: 3778K(4224K)->3778K(4224K)
[444.076s][info][gc             ] GC(1170) Pause Young (Allocation Failure) 1076M->612M(1962M) 58.495ms
[444.076s][info][gc,cpu         ] GC(1170) User=0.36s Sys=0.00s Real=0.06s
[444.212s][info][gc,start       ] GC(1171) Pause Young (Allocation Failure)
[444.284s][info][gc,heap        ] GC(1171) PSYoungGen: 586976K->74496K(608768K)
[444.284s][info][gc,heap        ] GC(1171) PSOldGen: 560953K->612717K(1398272K)
[444.284s][info][gc,metaspace   ] GC(1171) Metaspace: 32087K(33072K)->32087K(33072K) NonClass: 28309K(28848K)->28309K(28848K) Class: 3778K(4224K)->3778K(4224K)
[444.284s][info][gc             ] GC(1171) Pause Young (Allocation Failure) 1121M->671M(1960M) 71.858ms
[444.284s][info][gc,cpu         ] GC(1171) User=0.36s Sys=0.00s Real=0.07s
[444.931s][info][gc,start       ] GC(1172) Pause Young (Allocation Failure)
[444.980s][info][gc,heap        ] GC(1172) PSYoungGen: 595712K->42240K(606720K)
[444.980s][info][gc,heap        ] GC(1172) PSOldGen: 612717K->644885K(1398272K)
[444.980s][info][gc,metaspace   ] GC(1172) Metaspace: 32087K(33072K)->32087K(33072K) NonClass: 28309K(28848K)->28309K(28848K) Class: 3778K(4224K)->3778K(4224K)
[444.980s][info][gc             ] GC(1172) Pause Young (Allocation Failure) 1180M->671M(1958M) 49.428ms
[444.980s][info][gc,cpu         ] GC(1172) User=0.27s Sys=0.00s Real=0.06s
[445.282s][info][gc,start       ] GC(1173) Pause Young (Allocation Failure)
[445.347s][info][gc,heap        ] GC(1173) PSYoungGen: 559872K->80896K(599040K)
[445.347s][info][gc,heap        ] GC(1173) PSOldGen: 644885K->678773K(1398272K)
[445.347s][info][gc,metaspace   ] GC(1173) Metaspace: 32087K(33072K)->32087K(33072K) NonClass: 28309K(28848K)->28309K(28848K) Class: 3778K(4224K)->3778K(4224K)
[445.347s][info][gc             ] GC(1173) Pause Young (Allocation Failure) 1176M->741M(1950M) 64.405ms
[445.347s][info][gc,cpu         ] GC(1173) User=0.36s Sys=0.02s Real=0.08s
[445.485s][info][gc,start       ] GC(1174) Pause Young (Allocation Failure)
[445.561s][info][gc,heap        ] GC(1174) PSYoungGen: 598528K->69696K(605696K)
[445.561s][info][gc,heap        ] GC(1174) PSOldGen: 678773K->748513K(1398272K)
[445.561s][info][gc,metaspace   ] GC(1174) Metaspace: 32087K(33072K)->32087K(33072K) NonClass: 28309K(28848K)->28309K(28848K) Class: 3778K(4224K)->3778K(4224K)
[445.561s][info][gc             ] GC(1174) Pause Young (Allocation Failure) 1247M->799M(1957M) 75.824ms
[445.561s][info][gc,cpu         ] GC(1174) User=0.47s Sys=0.00s Real=0.08s
[446.314s][info][gc,start       ] GC(1175) Pause Young (Allocation Failure)
[446.375s][info][gc,heap        ] GC(1175) PSYoungGen: 580672K->57440K(604160K)
[446.375s][info][gc,heap        ] GC(1175) PSOldGen: 748513K->779377K(1398272K)
[446.375s][info][gc,metaspace   ] GC(1175) Metaspace: 32087K(33072K)->32087K(33072K) NonClass: 28309K(28848K)->28309K(28848K) Class: 3778K(4224K)->3778K(4224K)
[446.375s][info][gc             ] GC(1175) Pause Young (Allocation Failure) 1298M->817M(1955M) 61.278ms
[446.375s][info][gc,cpu         ] GC(1175) User=0.36s Sys=0.00s Real=0.06s
[446.518s][info][gc,start       ] GC(1176) Pause Young (Allocation Failure)
[446.583s][info][gc,heap        ] GC(1176) PSYoungGen: 568416K->70880K(607232K)
[446.583s][info][gc,heap        ] GC(1176) PSOldGen: 779377K->826994K(1398272K)
[446.583s][info][gc,metaspace   ] GC(1176) Metaspace: 32087K(33072K)->32087K(33072K) NonClass: 28309K(28848K)->28309K(28848K) Class: 3778K(4224K)->3778K(4224K)
[446.583s][info][gc             ] GC(1176) Pause Young (Allocation Failure) 1316M->876M(1958M) 64.493ms
[446.583s][info][gc,cpu         ] GC(1176) User=0.38s Sys=0.00s Real=0.06s
[446.737s][info][gc,start       ] GC(1177) Pause Young (Allocation Failure)
[446.813s][info][gc,heap        ] GC(1177) PSYoungGen: 585952K->71264K(606720K)
[446.813s][info][gc,heap        ] GC(1177) PSOldGen: 826994K->877154K(1398272K)
[446.813s][info][gc,metaspace   ] GC(1177) Metaspace: 32087K(33072K)->32087K(33072K) NonClass: 28309K(28848K)->28309K(28848K) Class: 3778K(4224K)->3778K(4224K)
[446.813s][info][gc             ] GC(1177) Pause Young (Allocation Failure) 1379M->926M(1958M) 76.086ms
[446.813s][info][gc,cpu         ] GC(1177) User=0.38s Sys=0.00s Real=0.08s
[447.467s][info][gc,start       ] GC(1178) Pause Young (Allocation Failure)
[447.528s][info][gc,heap        ] GC(1178) PSYoungGen: 586336K->56384K(608768K)
[447.528s][info][gc,heap        ] GC(1178) PSOldGen: 877154K->908986K(1398272K)
[447.528s][info][gc,metaspace   ] GC(1178) Metaspace: 32087K(33072K)->32087K(33072K) NonClass: 28309K(28848K)->28309K(28848K) Class: 3778K(4224K)->3778K(4224K)
[447.528s][info][gc             ] GC(1178) Pause Young (Allocation Failure) 1429M->942M(1960M) 61.492ms
[447.528s][info][gc,cpu         ] GC(1178) User=0.38s Sys=0.00s Real=0.06s
[447.674s][info][gc,start       ] GC(1179) Pause Young (Allocation Failure)
[447.741s][info][gc,heap        ] GC(1179) PSYoungGen: 574016K->74304K(607744K)
[447.741s][info][gc,heap        ] GC(1179) PSOldGen: 908986K->953534K(1398272K)
[447.741s][info][gc,metaspace   ] GC(1179) Metaspace: 32087K(33072K)->32087K(33072K) NonClass: 28309K(28848K)->28309K(28848K) Class: 3778K(4224K)->3778K(4224K)
[447.741s][info][gc             ] GC(1179) Pause Young (Allocation Failure) 1448M->1003M(1959M) 66.207ms
[447.741s][info][gc,cpu         ] GC(1179) User=0.38s Sys=0.00s Real=0.06s
[447.977s][info][gc,start       ] GC(1180) Pause Young (Allocation Failure)
[448.042s][info][gc,heap        ] GC(1180) PSYoungGen: 591936K->64736K(609792K)
[448.042s][info][gc,heap        ] GC(1180) PSOldGen: 953534K->991974K(1398272K)
[448.042s][info][gc,metaspace   ] GC(1180) Metaspace: 32087K(33072K)->32087K(33072K) NonClass: 28309K(28848K)->28309K(28848K) Class: 3778K(4224K)->3778K(4224K)
[448.042s][info][gc             ] GC(1180) Pause Young (Allocation Failure) 1509M->1031M(1961M) 65.275ms
[448.042s][info][gc,cpu         ] GC(1180) User=0.38s Sys=0.00s Real=0.08s
[448.573s][info][gc,start       ] GC(1181) Pause Young (Allocation Failure)
[448.633s][info][gc,heap        ] GC(1181) PSYoungGen: 583392K->67264K(607744K)
[448.633s][info][gc,heap        ] GC(1181) PSOldGen: 991974K->1025646K(1398272K)
[448.633s][info][gc,metaspace   ] GC(1181) Metaspace: 32087K(33072K)->32087K(33072K) NonClass: 28309K(28848K)->28309K(28848K) Class: 3778K(4224K)->3778K(4224K)
[448.633s][info][gc             ] GC(1181) Pause Young (Allocation Failure) 1538M->1067M(1959M) 60.037ms
[448.633s][info][gc,cpu         ] GC(1181) User=0.36s Sys=0.00s Real=0.07s
[448.778s][info][gc,start       ] GC(1182) Pause Young (Allocation Failure)
[448.848s][info][gc,heap        ] GC(1182) PSYoungGen: 585920K->79392K(605696K)
[448.848s][info][gc,heap        ] GC(1182) PSOldGen: 1025646K->1076903K(1398272K)
[448.848s][info][gc,metaspace   ] GC(1182) Metaspace: 32087K(33072K)->32087K(33072K) NonClass: 28309K(28848K)->28309K(28848K) Class: 3778K(4224K)->3778K(4224K)
[448.848s][info][gc             ] GC(1182) Pause Young (Allocation Failure) 1573M->1129M(1957M) 69.784ms
[448.848s][info][gc,cpu         ] GC(1182) User=0.38s Sys=0.00s Real=0.07s
[449.593s][info][gc,start       ] GC(1183) Pause Young (Allocation Failure)
[449.647s][info][gc,heap        ] GC(1183) PSYoungGen: 598048K->40608K(559616K)
[449.647s][info][gc,heap        ] GC(1183) PSOldGen: 1076903K->1110303K(1398272K)
[449.647s][info][gc,metaspace   ] GC(1183) Metaspace: 32100K(33072K)->32100K(33072K) NonClass: 28322K(28848K)->28322K(28848K) Class: 3778K(4224K)->3778K(4224K)
[449.647s][info][gc             ] GC(1183) Pause Young (Allocation Failure) 1635M->1123M(1912M) 54.202ms
[449.647s][info][gc,cpu         ] GC(1183) User=0.28s Sys=0.00s Real=0.05s
[449.802s][info][gc,start       ] GC(1184) Pause Young (Allocation Failure)
[449.865s][info][gc,heap        ] GC(1184) PSYoungGen: 559264K->70176K(607232K)
[449.865s][info][gc,heap        ] GC(1184) PSOldGen: 1110303K->1148115K(1398272K)
[449.865s][info][gc,metaspace   ] GC(1184) Metaspace: 32100K(33072K)->32100K(33072K) NonClass: 28322K(28848K)->28322K(28848K) Class: 3778K(4224K)->3778K(4224K)
[449.865s][info][gc             ] GC(1184) Pause Young (Allocation Failure) 1630M->1189M(1958M) 63.503ms
[449.865s][info][gc,cpu         ] GC(1184) User=0.38s Sys=0.00s Real=0.06s
[450.005s][info][gc,start       ] GC(1185) Pause Young (Allocation Failure)
[450.072s][info][gc,heap        ] GC(1185) PSYoungGen: 585248K->72192K(606720K)
[450.072s][info][gc,heap        ] GC(1185) PSOldGen: 1148115K->1203707K(1398272K)
[450.072s][info][gc,metaspace   ] GC(1185) Metaspace: 32100K(33072K)->32100K(33072K) NonClass: 28322K(28848K)->28322K(28848K) Class: 3778K(4224K)->3778K(4224K)
[450.072s][info][gc             ] GC(1185) Pause Young (Allocation Failure) 1692M->1245M(1958M) 66.509ms
[450.072s][info][gc,cpu         ] GC(1185) User=0.47s Sys=0.00s Real=0.07s
[450.579s][info][gc,start       ] GC(1186) Pause Young (System.gc())
[450.629s][info][gc,heap        ] GC(1186) PSYoungGen: 439898K->29920K(600064K)
[450.629s][info][gc,heap        ] GC(1186) PSOldGen: 1203707K->1235563K(1398272K)
[450.629s][info][gc,metaspace   ] GC(1186) Metaspace: 32100K(33072K)->32100K(33072K) NonClass: 28322K(28848K)->28322K(28848K) Class: 3778K(4224K)->3778K(4224K)
[450.629s][info][gc             ] GC(1186) Pause Young (System.gc()) 1605M->1235M(1951M) 49.706ms
[450.629s][info][gc,cpu         ] GC(1186) User=0.28s Sys=0.00s Real=0.05s
[450.629s][info][gc,start       ] GC(1187) Pause Full (System.gc())
[450.629s][info][gc,phases,start] GC(1187) Phase 1: Mark live objects
[450.739s][info][gc,phases      ] GC(1187) Phase 1: Mark live objects 110.236ms
[450.739s][info][gc,phases,start] GC(1187) Phase 2: Compute new object addresses
[450.916s][info][gc,phases      ] GC(1187) Phase 2: Compute new object addresses 176.824ms
[450.916s][info][gc,phases,start] GC(1187) Phase 3: Adjust pointers
[450.997s][info][gc,phases      ] GC(1187) Phase 3: Adjust pointers 80.473ms
[450.997s][info][gc,phases,start] GC(1187) Phase 4: Move objects
[451.020s][info][gc,phases      ] GC(1187) Phase 4: Move objects 22.635ms
[451.020s][info][gc,heap        ] GC(1187) PSYoungGen: 29920K->0K(600064K)
[451.020s][info][gc,heap        ] GC(1187) PSOldGen: 1235563K->104660K(1398272K)
[451.020s][info][gc,metaspace   ] GC(1187) Metaspace: 32100K(33072K)->32100K(33072K) NonClass: 28322K(28848K)->28322K(28848K) Class: 3778K(4224K)->3778K(4224K)
[451.020s][info][gc             ] GC(1187) Pause Full (System.gc()) 1235M->102M(1951M) 390.984ms
[451.020s][info][gc,cpu         ] GC(1187) User=0.39s Sys=0.00s Real=0.39s
[451.233s][info][gc,start       ] GC(1188) Pause Young (Allocation Failure)
[451.275s][info][gc,heap        ] GC(1188) PSYoungGen: 508416K->76832K(585728K)
[451.275s][info][gc,heap        ] GC(1188) PSOldGen: 104660K->104660K(1398272K)
[451.275s][info][gc,metaspace   ] GC(1188) Metaspace: 32100K(33072K)->32100K(33072K) NonClass: 28322K(28848K)->28322K(28848K) Class: 3778K(4224K)->3778K(4224K)
[451.275s][info][gc             ] GC(1188) Pause Young (Allocation Failure) 598M->177M(1937M) 42.370ms
[451.275s][info][gc,cpu         ] GC(1188) User=0.23s Sys=0.00s Real=0.04s
[451.421s][info][gc,start       ] GC(1189) Pause Young (Allocation Failure)
[451.490s][info][gc,heap        ] GC(1189) PSYoungGen: 585248K->76832K(598528K)
[451.490s][info][gc,heap        ] GC(1189) PSOldGen: 104660K->165440K(1398272K)
[451.490s][info][gc,metaspace   ] GC(1189) Metaspace: 32100K(33072K)->32100K(33072K) NonClass: 28322K(28848K)->28322K(28848K) Class: 3778K(4224K)->3778K(4224K)
[451.490s][info][gc             ] GC(1189) Pause Young (Allocation Failure) 673M->236M(1950M) 69.491ms
[451.490s][info][gc,cpu         ] GC(1189) User=0.38s Sys=0.00s Real=0.07s
[452.205s][info][gc,start       ] GC(1190) Pause Young (Allocation Failure)
[452.269s][info][gc,heap        ] GC(1190) PSYoungGen: 578080K->57696K(600064K)
[452.269s][info][gc,heap        ] GC(1190) PSOldGen: 165440K->197928K(1398272K)
[452.269s][info][gc,metaspace   ] GC(1190) Metaspace: 32100K(33072K)->32100K(33072K) NonClass: 28322K(28848K)->28322K(28848K) Class: 3778K(4224K)->3778K(4224K)
[452.269s][info][gc             ] GC(1190) Pause Young (Allocation Failure) 726M->249M(1951M) 64.094ms
[452.270s][info][gc,cpu         ] GC(1190) User=0.34s Sys=0.00s Real=0.07s
[452.401s][info][gc,start       ] GC(1191) Pause Young (Allocation Failure)
[452.473s][info][gc,heap        ] GC(1191) PSYoungGen: 558944K->75136K(601088K)
[452.473s][info][gc,heap        ] GC(1191) PSOldGen: 197928K->241769K(1398272K)
[452.473s][info][gc,metaspace   ] GC(1191) Metaspace: 32100K(33072K)->32100K(33072K) NonClass: 28322K(28848K)->28322K(28848K) Class: 3778K(4224K)->3778K(4224K)
[452.473s][info][gc             ] GC(1191) Pause Young (Allocation Failure) 739M->309M(1952M) 71.697ms
[452.473s][info][gc,cpu         ] GC(1191) User=0.36s Sys=0.00s Real=0.07s
[452.643s][info][gc,start       ] GC(1192) Pause Young (Allocation Failure)
[452.711s][info][gc,heap        ] GC(1192) PSYoungGen: 579456K->74656K(579072K)
[452.711s][info][gc,heap        ] GC(1192) PSOldGen: 241769K->289417K(1398272K)
[452.711s][info][gc,metaspace   ] GC(1192) Metaspace: 32100K(33072K)->32100K(33072K) NonClass: 28322K(28848K)->28322K(28848K) Class: 3778K(4224K)->3778K(4224K)
[452.711s][info][gc             ] GC(1192) Pause Young (Allocation Failure) 801M->355M(1931M) 67.165ms
[452.711s][info][gc,cpu         ] GC(1192) User=0.38s Sys=0.00s Real=0.07s
[453.261s][info][gc,start       ] GC(1193) Pause Young (Allocation Failure)
[453.318s][info][gc,heap        ] GC(1193) PSYoungGen: 578976K->59840K(603136K)
[453.318s][info][gc,heap        ] GC(1193) PSOldGen: 289417K->322257K(1398272K)
[453.318s][info][gc,metaspace   ] GC(1193) Metaspace: 32100K(33072K)->32100K(33072K) NonClass: 28322K(28848K)->28322K(28848K) Class: 3778K(4224K)->3778K(4224K)
[453.318s][info][gc             ] GC(1193) Pause Young (Allocation Failure) 848M->373M(1954M) 57.342ms
[453.318s][info][gc,cpu         ] GC(1193) User=0.25s Sys=0.00s Real=0.07s
[453.461s][info][gc,start       ] GC(1194) Pause Young (Allocation Failure)
[453.527s][info][gc,heap        ] GC(1194) PSYoungGen: 565184K->76960K(601088K)
[453.527s][info][gc,heap        ] GC(1194) PSOldGen: 322257K->365341K(1398272K)
[453.527s][info][gc,metaspace   ] GC(1194) Metaspace: 32100K(33072K)->32100K(33072K) NonClass: 28322K(28848K)->28322K(28848K) Class: 3778K(4224K)->3778K(4224K)
[453.527s][info][gc             ] GC(1194) Pause Young (Allocation Failure) 866M->431M(1952M) 65.589ms
[453.527s][info][gc,cpu         ] GC(1194) User=0.38s Sys=0.00s Real=0.07s
[453.794s][info][gc,start       ] GC(1195) Pause Young (Allocation Failure)
[453.860s][info][gc,heap        ] GC(1195) PSYoungGen: 582304K->60096K(603648K)
[453.860s][info][gc,heap        ] GC(1195) PSOldGen: 365341K->406797K(1398272K)
[453.860s][info][gc,metaspace   ] GC(1195) Metaspace: 32100K(33072K)->32100K(33072K) NonClass: 28322K(28848K)->28322K(28848K) Class: 3778K(4224K)->3778K(4224K)
[453.860s][info][gc             ] GC(1195) Pause Young (Allocation Failure) 925M->455M(1955M) 66.031ms
[453.860s][info][gc,cpu         ] GC(1195) User=0.33s Sys=0.00s Real=0.07s
[454.412s][info][gc,start       ] GC(1196) Pause Young (Allocation Failure)
[454.470s][info][gc,heap        ] GC(1196) PSYoungGen: 566976K->66272K(602112K)
[454.470s][info][gc,heap        ] GC(1196) PSOldGen: 406797K->437661K(1398272K)
[454.470s][info][gc,metaspace   ] GC(1196) Metaspace: 32100K(33072K)->32100K(33072K) NonClass: 28322K(28848K)->28322K(28848K) Class: 3778K(4224K)->3778K(4224K)
[454.470s][info][gc             ] GC(1196) Pause Young (Allocation Failure) 950M->492M(1953M) 57.614ms
[454.470s][info][gc,cpu         ] GC(1196) User=0.38s Sys=0.00s Real=0.07s
[454.613s][info][gc,start       ] GC(1197) Pause Young (Allocation Failure)
[454.682s][info][gc,heap        ] GC(1197) PSYoungGen: 573152K->79456K(601600K)
[454.682s][info][gc,heap        ] GC(1197) PSOldGen: 437661K->487526K(1398272K)
[454.682s][info][gc,metaspace   ] GC(1197) Metaspace: 32100K(33072K)->32100K(33072K) NonClass: 28322K(28848K)->28322K(28848K) Class: 3778K(4224K)->3778K(4224K)
[454.682s][info][gc             ] GC(1197) Pause Young (Allocation Failure) 987M->553M(1953M) 69.221ms
[454.682s][info][gc,cpu         ] GC(1197) User=0.47s Sys=0.00s Real=0.07s
[455.182s][info][gc,start       ] GC(1198) Pause Young (Allocation Failure)
[455.239s][info][gc,heap        ] GC(1198) PSYoungGen: 588896K->49632K(604160K)
[455.239s][info][gc,heap        ] GC(1198) PSOldGen: 487526K->521318K(1398272K)
[455.239s][info][gc,metaspace   ] GC(1198) Metaspace: 32100K(33072K)->32100K(33072K) NonClass: 28322K(28848K)->28322K(28848K) Class: 3778K(4224K)->3778K(4224K)
[455.239s][info][gc             ] GC(1198) Pause Young (Allocation Failure) 1051M->557M(1955M) 56.860ms
[455.239s][info][gc,cpu         ] GC(1198) User=0.25s Sys=0.00s Real=0.07s
[455.640s][info][gc,start       ] GC(1199) Pause Young (Allocation Failure)
[455.701s][info][gc,heap        ] GC(1199) PSYoungGen: 559072K->78048K(600064K)
[455.701s][info][gc,heap        ] GC(1199) PSOldGen: 521318K->551558K(1398272K)
[455.701s][info][gc,metaspace   ] GC(1199) Metaspace: 32100K(33072K)->32100K(33072K) NonClass: 28322K(28848K)->28322K(28848K) Class: 3778K(4224K)->3778K(4224K)
[455.701s][info][gc             ] GC(1199) Pause Young (Allocation Failure) 1055M->614M(1951M) 60.991ms
[455.701s][info][gc,cpu         ] GC(1199) User=0.31s Sys=0.02s Real=0.07s
[455.839s][info][gc,start       ] GC(1200) Pause Young (Allocation Failure)
[455.912s][info][gc,heap        ] GC(1200) PSYoungGen: 583392K->73728K(602112K)
[455.912s][info][gc,heap        ] GC(1200) PSOldGen: 551558K->614674K(1398272K)
[455.912s][info][gc,metaspace   ] GC(1200) Metaspace: 32100K(33072K)->32100K(33072K) NonClass: 28322K(28848K)->28322K(28848K) Class: 3778K(4224K)->3778K(4224K)
[455.912s][info][gc             ] GC(1200) Pause Young (Allocation Failure) 1108M->672M(1953M) 72.503ms
[455.912s][info][gc,cpu         ] GC(1200) User=0.38s Sys=0.00s Real=0.07s
[456.635s][info][gc,start       ] GC(1201) Pause Young (Allocation Failure)
[456.690s][info][gc,heap        ] GC(1201) PSYoungGen: 579072K->47552K(601600K)
[456.690s][info][gc,heap        ] GC(1201) PSOldGen: 614674K->646042K(1398272K)
[456.690s][info][gc,metaspace   ] GC(1201) Metaspace: 32100K(33072K)->32100K(33072K) NonClass: 28322K(28848K)->28322K(28848K) Class: 3778K(4224K)->3778K(4224K)
[456.690s][info][gc             ] GC(1201) Pause Young (Allocation Failure) 1165M->677M(1953M) 55.366ms
[456.690s][info][gc,cpu         ] GC(1201) User=0.28s Sys=0.00s Real=0.06s
[456.834s][info][gc,start       ] GC(1202) Pause Young (Allocation Failure)
[456.893s][info][gc,heap        ] GC(1202) PSYoungGen: 552896K->70208K(602112K)
[456.893s][info][gc,heap        ] GC(1202) PSOldGen: 646042K->685075K(1398272K)
[456.893s][info][gc,metaspace   ] GC(1202) Metaspace: 32100K(33072K)->32100K(33072K) NonClass: 28322K(28848K)->28322K(28848K) Class: 3778K(4224K)->3778K(4224K)
[456.893s][info][gc             ] GC(1202) Pause Young (Allocation Failure) 1170M->737M(1953M) 58.893ms
[456.893s][info][gc,cpu         ] GC(1202) User=0.38s Sys=0.00s Real=0.06s
[457.026s][info][gc,start       ] GC(1203) Pause Young (Allocation Failure)
[457.112s][info][gc,heap        ] GC(1203) PSYoungGen: 575552K->72288K(604160K)
[457.112s][info][gc,heap        ] GC(1203) PSOldGen: 685075K->741779K(1398272K)
[457.112s][info][gc,metaspace   ] GC(1203) Metaspace: 32100K(33072K)->32100K(33072K) NonClass: 28322K(28848K)->28322K(28848K) Class: 3778K(4224K)->3778K(4224K)
[457.112s][info][gc             ] GC(1203) Pause Young (Allocation Failure) 1231M->794M(1955M) 86.798ms
[457.113s][info][gc,cpu         ] GC(1203) User=0.47s Sys=0.00s Real=0.09s
[457.793s][info][gc,start       ] GC(1204) Pause Young (Allocation Failure)
[457.859s][info][gc,heap        ] GC(1204) PSYoungGen: 581216K->52384K(603648K)
[457.859s][info][gc,heap        ] GC(1204) PSOldGen: 741779K->772019K(1398272K)
[457.860s][info][gc,metaspace   ] GC(1204) Metaspace: 32101K(33072K)->32101K(33072K) NonClass: 28323K(28848K)->28323K(28848K) Class: 3778K(4224K)->3778K(4224K)
[457.860s][info][gc             ] GC(1204) Pause Young (Allocation Failure) 1291M->805M(1955M) 66.095ms
[457.860s][info][gc,cpu         ] GC(1204) User=0.36s Sys=0.00s Real=0.07s
[457.989s][info][gc,start       ] GC(1205) Pause Young (Allocation Failure)
[458.050s][info][gc,heap        ] GC(1205) PSYoungGen: 561312K->67296K(606720K)
[458.050s][info][gc,heap        ] GC(1205) PSOldGen: 772019K->814703K(1398272K)
[458.050s][info][gc,metaspace   ] GC(1205) Metaspace: 32101K(33072K)->32101K(33072K) NonClass: 28323K(28848K)->28323K(28848K) Class: 3778K(4224K)->3778K(4224K)
[458.050s][info][gc             ] GC(1205) Pause Young (Allocation Failure) 1302M->861M(1958M) 61.435ms
[458.050s][info][gc,cpu         ] GC(1205) User=0.38s Sys=0.00s Real=0.06s
[458.175s][info][gc,start       ] GC(1206) Pause Young (Allocation Failure)
[458.253s][info][gc,heap        ] GC(1206) PSYoungGen: 579808K->63328K(604672K)
[458.253s][info][gc,heap        ] GC(1206) PSOldGen: 814703K->873159K(1398272K)
[458.253s][info][gc,metaspace   ] GC(1206) Metaspace: 32101K(33072K)->32101K(33072K) NonClass: 28323K(28848K)->28323K(28848K) Class: 3778K(4224K)->3778K(4224K)
[458.253s][info][gc             ] GC(1206) Pause Young (Allocation Failure) 1361M->914M(1956M) 78.009ms
[458.253s][info][gc,cpu         ] GC(1206) User=0.47s Sys=0.00s Real=0.08s
[458.992s][info][gc,start       ] GC(1207) Pause Young (Allocation Failure)
[459.049s][info][gc,heap        ] GC(1207) PSYoungGen: 575840K->58752K(610304K)
[459.049s][info][gc,heap        ] GC(1207) PSOldGen: 873159K->901847K(1398272K)
[459.049s][info][gc,metaspace   ] GC(1207) Metaspace: 32101K(33072K)->32101K(33072K) NonClass: 28323K(28848K)->28323K(28848K) Class: 3778K(4224K)->3778K(4224K)
[459.049s][info][gc             ] GC(1207) Pause Young (Allocation Failure) 1415M->938M(1961M) 57.110ms
[459.049s][info][gc,cpu         ] GC(1207) User=0.34s Sys=0.00s Real=0.07s
[459.200s][info][gc,start       ] GC(1208) Pause Young (Allocation Failure)
[459.270s][info][gc,heap        ] GC(1208) PSYoungGen: 578944K->77856K(598528K)
[459.270s][info][gc,heap        ] GC(1208) PSOldGen: 901847K->946311K(1398272K)
[459.270s][info][gc,metaspace   ] GC(1208) Metaspace: 32101K(33072K)->32101K(33072K) NonClass: 28323K(28848K)->28323K(28848K) Class: 3778K(4224K)->3778K(4224K)
[459.270s][info][gc             ] GC(1208) Pause Young (Allocation Failure) 1446M->1000M(1950M) 69.770ms
[459.270s][info][gc,cpu         ] GC(1208) User=0.36s Sys=0.00s Real=0.07s
[459.478s][info][gc,start       ] GC(1209) Pause Young (Allocation Failure)
[459.552s][info][gc,heap        ] GC(1209) PSYoungGen: 598048K->64992K(610304K)
[459.552s][info][gc,heap        ] GC(1209) PSOldGen: 946311K->991351K(1398272K)
[459.552s][info][gc,metaspace   ] GC(1209) Metaspace: 32101K(33072K)->32101K(33072K) NonClass: 28323K(28848K)->28323K(28848K) Class: 3778K(4224K)->3778K(4224K)
[459.552s][info][gc             ] GC(1209) Pause Young (Allocation Failure) 1508M->1031M(1961M) 74.071ms
[459.552s][info][gc,cpu         ] GC(1209) User=0.38s Sys=0.00s Real=0.08s
[460.106s][info][gc,start       ] GC(1210) Pause Young (Allocation Failure)
[460.168s][info][gc,heap        ] GC(1210) PSYoungGen: 584160K->61952K(607744K)
[460.168s][info][gc,heap        ] GC(1210) PSOldGen: 991351K->1022927K(1398272K)
[460.168s][info][gc,metaspace   ] GC(1210) Metaspace: 32101K(33072K)->32101K(33072K) NonClass: 28323K(28848K)->28323K(28848K) Class: 3778K(4224K)->3778K(4224K)
[460.168s][info][gc             ] GC(1210) Pause Young (Allocation Failure) 1538M->1059M(1959M) 62.057ms
[460.168s][info][gc,cpu         ] GC(1210) User=0.36s Sys=0.02s Real=0.06s
[460.308s][info][gc,start       ] GC(1211) Pause Young (Allocation Failure)
[460.374s][info][gc,heap        ] GC(1211) PSYoungGen: 581120K->73120K(609792K)
[460.374s][info][gc,heap        ] GC(1211) PSOldGen: 1022927K->1071040K(1398272K)
[460.374s][info][gc,metaspace   ] GC(1211) Metaspace: 32101K(33072K)->32101K(33072K) NonClass: 28323K(28848K)->28323K(28848K) Class: 3778K(4224K)->3778K(4224K)
[460.374s][info][gc             ] GC(1211) Pause Young (Allocation Failure) 1566M->1117M(1961M) 65.999ms
[460.375s][info][gc,cpu         ] GC(1211) User=0.36s Sys=0.00s Real=0.07s
[460.714s][info][gc,start       ] GC(1212) Pause Young (Allocation Failure)
[460.778s][info][gc,heap        ] GC(1212) PSYoungGen: 595872K->58112K(610816K)
[460.778s][info][gc,heap        ] GC(1212) PSOldGen: 1071040K->1108864K(1398272K)
[460.778s][info][gc,metaspace   ] GC(1212) Metaspace: 32101K(33072K)->32101K(33072K) NonClass: 28323K(28848K)->28323K(28848K) Class: 3778K(4224K)->3778K(4224K)
[460.778s][info][gc             ] GC(1212) Pause Young (Allocation Failure) 1627M->1139M(1962M) 63.881ms
[460.778s][info][gc,cpu         ] GC(1212) User=0.38s Sys=0.00s Real=0.06s
[461.200s][info][gc,start       ] GC(1213) Pause Young (Allocation Failure)
[461.262s][info][gc,heap        ] GC(1213) PSYoungGen: 580864K->65984K(613888K)
[461.263s][info][gc,heap        ] GC(1213) PSOldGen: 1108864K->1141032K(1398272K)
[461.263s][info][gc,metaspace   ] GC(1213) Metaspace: 32101K(33072K)->32101K(33072K) NonClass: 28323K(28848K)->28323K(28848K) Class: 3778K(4224K)->3778K(4224K)
[461.263s][info][gc             ] GC(1213) Pause Young (Allocation Failure) 1650M->1178M(1965M) 62.720ms
[461.263s][info][gc,cpu         ] GC(1213) User=0.36s Sys=0.00s Real=0.06s
[461.409s][info][gc,start       ] GC(1214) Pause Young (Allocation Failure)
[461.481s][info][gc,heap        ] GC(1214) PSYoungGen: 592832K->79360K(606208K)
[461.482s][info][gc,heap        ] GC(1214) PSOldGen: 1141032K->1191096K(1398272K)
[461.482s][info][gc,metaspace   ] GC(1214) Metaspace: 32101K(33072K)->32101K(33072K) NonClass: 28323K(28848K)->28323K(28848K) Class: 3778K(4224K)->3778K(4224K)
[461.482s][info][gc             ] GC(1214) Pause Young (Allocation Failure) 1693M->1240M(1957M) 72.511ms
[461.482s][info][gc,cpu         ] GC(1214) User=0.44s Sys=0.02s Real=0.07s
[462.203s][info][gc,start       ] GC(1215) Pause Young (Allocation Failure)
[462.255s][info][gc,heap        ] GC(1215) PSYoungGen: 606208K->36992K(605184K)
[462.255s][info][gc,heap        ] GC(1215) PSOldGen: 1191096K->1224528K(1398272K)
[462.255s][info][gc,metaspace   ] GC(1215) Metaspace: 32101K(33072K)->32101K(33072K) NonClass: 28323K(28848K)->28323K(28848K) Class: 3778K(4224K)->3778K(4224K)
[462.255s][info][gc             ] GC(1215) Pause Young (Allocation Failure) 1755M->1231M(1956M) 52.011ms
[462.255s][info][gc,cpu         ] GC(1215) User=0.27s Sys=0.00s Real=0.06s
[462.257s][info][gc,start       ] GC(1216) Pause Young (System.gc())
[462.283s][info][gc,heap        ] GC(1216) PSYoungGen: 38409K->352K(517120K)
[462.283s][info][gc,heap        ] GC(1216) PSOldGen: 1224528K->1261344K(1398272K)
[462.283s][info][gc,metaspace   ] GC(1216) Metaspace: 32101K(33072K)->32101K(33072K) NonClass: 28323K(28848K)->28323K(28848K) Class: 3778K(4224K)->3778K(4224K)
[462.283s][info][gc             ] GC(1216) Pause Young (System.gc()) 1233M->1232M(1870M) 25.946ms
[462.283s][info][gc,cpu         ] GC(1216) User=0.19s Sys=0.00s Real=0.03s
[462.283s][info][gc,start       ] GC(1217) Pause Full (System.gc())
[462.283s][info][gc,phases,start] GC(1217) Phase 1: Mark live objects
[462.397s][info][gc,phases      ] GC(1217) Phase 1: Mark live objects 113.496ms
[462.397s][info][gc,phases,start] GC(1217) Phase 2: Compute new object addresses
[462.574s][info][gc,phases      ] GC(1217) Phase 2: Compute new object addresses 177.848ms
[462.575s][info][gc,phases,start] GC(1217) Phase 3: Adjust pointers
[462.653s][info][gc,phases      ] GC(1217) Phase 3: Adjust pointers 78.852ms
[462.653s][info][gc,phases,start] GC(1217) Phase 4: Move objects
[462.676s][info][gc,phases      ] GC(1217) Phase 4: Move objects 22.327ms
[462.676s][info][gc,heap        ] GC(1217) PSYoungGen: 352K->0K(517120K)
[462.676s][info][gc,heap        ] GC(1217) PSOldGen: 1261344K->104375K(1398272K)
[462.676s][info][gc,metaspace   ] GC(1217) Metaspace: 32101K(33072K)->32101K(33072K) NonClass: 28323K(28848K)->28323K(28848K) Class: 3778K(4224K)->3778K(4224K)
[462.676s][info][gc             ] GC(1217) Pause Full (System.gc()) 1232M->101M(1870M) 393.379ms
[462.676s][info][gc,cpu         ] GC(1217) User=0.38s Sys=0.00s Real=0.39s
[462.917s][info][gc,start       ] GC(1218) Pause Young (Allocation Failure)
[462.961s][info][gc,heap        ] GC(1218) PSYoungGen: 516608K->81216K(590336K)
[462.961s][info][gc,heap        ] GC(1218) PSOldGen: 104375K->104375K(1398272K)
[462.961s][info][gc,metaspace   ] GC(1218) Metaspace: 32109K(33072K)->32109K(33072K) NonClass: 28330K(28848K)->28330K(28848K) Class: 3778K(4224K)->3778K(4224K)
[462.961s][info][gc             ] GC(1218) Pause Young (Allocation Failure) 606M->181M(1942M) 44.100ms
[462.961s][info][gc,cpu         ] GC(1218) User=0.19s Sys=0.00s Real=0.06s
[463.098s][info][gc,start       ] GC(1219) Pause Young (Allocation Failure)
[463.175s][info][gc,heap        ] GC(1219) PSYoungGen: 572224K->73408K(564736K)
[463.175s][info][gc,heap        ] GC(1219) PSOldGen: 104375K->170435K(1398272K)
[463.175s][info][gc,metaspace   ] GC(1219) Metaspace: 32109K(33072K)->32109K(33072K) NonClass: 28330K(28848K)->28330K(28848K) Class: 3778K(4224K)->3778K(4224K)
[463.175s][info][gc             ] GC(1219) Pause Young (Allocation Failure) 660M->238M(1917M) 76.867ms
[463.175s][info][gc,cpu         ] GC(1219) User=0.47s Sys=0.00s Real=0.08s
[463.884s][info][gc,start       ] GC(1220) Pause Young (Allocation Failure)
[463.941s][info][gc,heap        ] GC(1220) PSYoungGen: 564416K->54528K(597504K)
[463.941s][info][gc,heap        ] GC(1220) PSOldGen: 170435K->200971K(1398272K)
[463.941s][info][gc,metaspace   ] GC(1220) Metaspace: 32109K(33072K)->32109K(33072K) NonClass: 28330K(28848K)->28330K(28848K) Class: 3778K(4224K)->3778K(4224K)
[463.941s][info][gc             ] GC(1220) Pause Young (Allocation Failure) 717M->249M(1949M) 56.902ms
[463.941s][info][gc,cpu         ] GC(1220) User=0.27s Sys=0.00s Real=0.06s
[464.080s][info][gc,start       ] GC(1221) Pause Young (Allocation Failure)
[464.143s][info][gc,heap        ] GC(1221) PSYoungGen: 547584K->71616K(594432K)
[464.143s][info][gc,heap        ] GC(1221) PSOldGen: 200971K->242508K(1398272K)
[464.143s][info][gc,metaspace   ] GC(1221) Metaspace: 32109K(33072K)->32109K(33072K) NonClass: 28330K(28848K)->28330K(28848K) Class: 3778K(4224K)->3778K(4224K)
[464.143s][info][gc             ] GC(1221) Pause Young (Allocation Failure) 731M->306M(1946M) 62.836ms
[464.143s][info][gc,cpu         ] GC(1221) User=0.38s Sys=0.00s Real=0.06s
[464.273s][info][gc,start       ] GC(1222) Pause Young (Allocation Failure)
[464.354s][info][gc,heap        ] GC(1222) PSYoungGen: 564672K->68544K(599040K)
[464.354s][info][gc,heap        ] GC(1222) PSOldGen: 242508K->301284K(1398272K)
[464.354s][info][gc,metaspace   ] GC(1222) Metaspace: 32109K(33072K)->32109K(33072K) NonClass: 28330K(28848K)->28330K(28848K) Class: 3778K(4224K)->3778K(4224K)
[464.354s][info][gc             ] GC(1222) Pause Young (Allocation Failure) 788M->361M(1950M) 81.029ms
[464.354s][info][gc,cpu         ] GC(1222) User=0.52s Sys=0.02s Real=0.08s
[465.010s][info][gc,start       ] GC(1223) Pause Young (Allocation Failure)
[465.073s][info][gc,heap        ] GC(1223) PSYoungGen: 566208K->59072K(597504K)
[465.073s][info][gc,heap        ] GC(1223) PSOldGen: 301284K->331076K(1398272K)
[465.073s][info][gc,metaspace   ] GC(1223) Metaspace: 32109K(33072K)->32109K(33072K) NonClass: 28330K(28848K)->28330K(28848K) Class: 3778K(4224K)->3778K(4224K)
[465.073s][info][gc             ] GC(1223) Pause Young (Allocation Failure) 847M->381M(1949M) 62.869ms
[465.073s][info][gc,cpu         ] GC(1223) User=0.38s Sys=0.00s Real=0.08s
[465.207s][info][gc,start       ] GC(1224) Pause Young (Allocation Failure)
[465.274s][info][gc,heap        ] GC(1224) PSYoungGen: 556736K->73248K(600064K)
[465.274s][info][gc,heap        ] GC(1224) PSOldGen: 331076K->375844K(1398272K)
[465.274s][info][gc,metaspace   ] GC(1224) Metaspace: 32109K(33072K)->32109K(33072K) NonClass: 28330K(28848K)->28330K(28848K) Class: 3778K(4224K)->3778K(4224K)
[465.274s][info][gc             ] GC(1224) Pause Young (Allocation Failure) 867M->438M(1951M) 67.601ms
[465.274s][info][gc,cpu         ] GC(1224) User=0.42s Sys=0.00s Real=0.07s
[465.475s][info][gc,start       ] GC(1225) Pause Young (Allocation Failure)
[465.548s][info][gc,heap        ] GC(1225) PSYoungGen: 576544K->65568K(601088K)
[465.548s][info][gc,heap        ] GC(1225) PSOldGen: 375844K->418980K(1398272K)
[465.548s][info][gc,metaspace   ] GC(1225) Metaspace: 32109K(33072K)->32109K(33072K) NonClass: 28330K(28848K)->28330K(28848K) Class: 3778K(4224K)->3778K(4224K)
[465.548s][info][gc             ] GC(1225) Pause Young (Allocation Failure) 930M->473M(1952M) 72.856ms
[465.548s][info][gc,cpu         ] GC(1225) User=0.47s Sys=0.00s Real=0.08s
[466.155s][info][gc,start       ] GC(1226) Pause Young (Allocation Failure)
[466.216s][info][gc,heap        ] GC(1226) PSYoungGen: 568864K->63648K(606720K)
[466.216s][info][gc,heap        ] GC(1226) PSOldGen: 418980K->451332K(1398272K)
[466.216s][info][gc,metaspace   ] GC(1226) Metaspace: 32109K(33072K)->32109K(33072K) NonClass: 28330K(28848K)->28330K(28848K) Class: 3778K(4224K)->3778K(4224K)
[466.216s][info][gc             ] GC(1226) Pause Young (Allocation Failure) 964M->502M(1958M) 61.004ms
[466.216s][info][gc,cpu         ] GC(1226) User=0.34s Sys=0.02s Real=0.07s
[466.363s][info][gc,start       ] GC(1227) Pause Young (Allocation Failure)
[466.432s][info][gc,heap        ] GC(1227) PSYoungGen: 575136K->76640K(603648K)
[466.432s][info][gc,heap        ] GC(1227) PSOldGen: 451332K->499213K(1398272K)
[466.432s][info][gc,metaspace   ] GC(1227) Metaspace: 32109K(33072K)->32109K(33072K) NonClass: 28330K(28848K)->28330K(28848K) Class: 3778K(4224K)->3778K(4224K)
[466.432s][info][gc             ] GC(1227) Pause Young (Allocation Failure) 1002M->562M(1955M) 69.473ms
[466.432s][info][gc,cpu         ] GC(1227) User=0.42s Sys=0.02s Real=0.07s
[466.827s][info][gc,start       ] GC(1228) Pause Young (Allocation Failure)
[466.885s][info][gc,heap        ] GC(1228) PSYoungGen: 588128K->53440K(605696K)
[466.885s][info][gc,heap        ] GC(1228) PSOldGen: 499213K->533437K(1398272K)
[466.885s][info][gc,metaspace   ] GC(1228) Metaspace: 32109K(33072K)->32109K(33072K) NonClass: 28330K(28848K)->28330K(28848K) Class: 3778K(4224K)->3778K(4224K)
[466.885s][info][gc             ] GC(1228) Pause Young (Allocation Failure) 1061M->573M(1957M) 58.317ms
[466.885s][info][gc,cpu         ] GC(1228) User=0.38s Sys=0.00s Real=0.06s
[467.338s][info][gc,start       ] GC(1229) Pause Young (Allocation Failure)
[467.402s][info][gc,heap        ] GC(1229) PSYoungGen: 564928K->80416K(592384K)
[467.402s][info][gc,heap        ] GC(1229) PSOldGen: 533437K->564941K(1398272K)
[467.402s][info][gc,metaspace   ] GC(1229) Metaspace: 32109K(33072K)->32109K(33072K) NonClass: 28330K(28848K)->28330K(28848K) Class: 3778K(4224K)->3778K(4224K)
[467.402s][info][gc             ] GC(1229) Pause Young (Allocation Failure) 1072M->630M(1944M) 64.146ms
[467.402s][info][gc,cpu         ] GC(1229) User=0.38s Sys=0.00s Real=0.07s
[467.525s][info][gc,start       ] GC(1230) Pause Young (Allocation Failure)
[467.597s][info][gc,heap        ] GC(1230) PSYoungGen: 591904K->64864K(605696K)
[467.597s][info][gc,heap        ] GC(1230) PSOldGen: 564941K->635617K(1398272K)
[467.597s][info][gc,metaspace   ] GC(1230) Metaspace: 32109K(33072K)->32109K(33072K) NonClass: 28330K(28848K)->28330K(28848K) Class: 3778K(4224K)->3778K(4224K)
[467.597s][info][gc             ] GC(1230) Pause Young (Allocation Failure) 1129M->684M(1957M) 71.658ms
[467.597s][info][gc,cpu         ] GC(1230) User=0.38s Sys=0.00s Real=0.07s
[468.371s][info][gc,start       ] GC(1231) Pause Young (Allocation Failure)
[468.429s][info][gc,heap        ] GC(1231) PSYoungGen: 574304K->48928K(602624K)
[468.429s][info][gc,heap        ] GC(1231) PSOldGen: 635617K->664505K(1398272K)
[468.429s][info][gc,metaspace   ] GC(1231) Metaspace: 32109K(33072K)->32109K(33072K) NonClass: 28330K(28848K)->28330K(28848K) Class: 3778K(4224K)->3778K(4224K)
[468.429s][info][gc             ] GC(1231) Pause Young (Allocation Failure) 1181M->696M(1954M) 57.526ms
[468.429s][info][gc,cpu         ] GC(1231) User=0.28s Sys=0.00s Real=0.06s
[468.566s][info][gc,start       ] GC(1232) Pause Young (Allocation Failure)
[468.630s][info][gc,heap        ] GC(1232) PSYoungGen: 558368K->65088K(607744K)
[468.630s][info][gc,heap        ] GC(1232) PSOldGen: 664505K->707470K(1398272K)
[468.630s][info][gc,metaspace   ] GC(1232) Metaspace: 32109K(33072K)->32109K(33072K) NonClass: 28330K(28848K)->28330K(28848K) Class: 3778K(4224K)->3778K(4224K)
[468.630s][info][gc             ] GC(1232) Pause Young (Allocation Failure) 1194M->754M(1959M) 64.281ms
[468.630s][info][gc,cpu         ] GC(1232) User=0.34s Sys=0.00s Real=0.06s
[468.774s][info][gc,start       ] GC(1233) Pause Young (Allocation Failure)
[468.856s][info][gc,heap        ] GC(1233) PSYoungGen: 579648K->76736K(605696K)
[468.856s][info][gc,heap        ] GC(1233) PSOldGen: 707470K->755118K(1398272K)
[468.856s][info][gc,metaspace   ] GC(1233) Metaspace: 32109K(33072K)->32109K(33072K) NonClass: 28330K(28848K)->28330K(28848K) Class: 3778K(4224K)->3778K(4224K)
[468.856s][info][gc             ] GC(1233) Pause Young (Allocation Failure) 1256M->812M(1957M) 82.232ms
[468.856s][info][gc,cpu         ] GC(1233) User=0.45s Sys=0.00s Real=0.08s
[469.422s][info][gc,start       ] GC(1234) Pause Young (Allocation Failure)
[469.490s][info][gc,heap        ] GC(1234) PSYoungGen: 591296K->57600K(607232K)
[469.490s][info][gc,heap        ] GC(1234) PSOldGen: 755118K->786758K(1398272K)
[469.490s][info][gc,metaspace   ] GC(1234) Metaspace: 32112K(33072K)->32112K(33072K) NonClass: 28333K(28848K)->28333K(28848K) Class: 3778K(4224K)->3778K(4224K)
[469.490s][info][gc             ] GC(1234) Pause Young (Allocation Failure) 1314M->824M(1958M) 68.389ms
[469.490s][info][gc,cpu         ] GC(1234) User=0.38s Sys=0.00s Real=0.07s
[469.628s][info][gc,start       ] GC(1235) Pause Young (Allocation Failure)
[469.691s][info][gc,heap        ] GC(1235) PSYoungGen: 571648K->67648K(605696K)
[469.691s][info][gc,heap        ] GC(1235) PSOldGen: 786758K->836786K(1398272K)
[469.691s][info][gc,metaspace   ] GC(1235) Metaspace: 32112K(33072K)->32112K(33072K) NonClass: 28333K(28848K)->28333K(28848K) Class: 3778K(4224K)->3778K(4224K)
[469.691s][info][gc             ] GC(1235) Pause Young (Allocation Failure) 1326M->883M(1957M) 62.949ms
[469.691s][info][gc,cpu         ] GC(1235) User=0.38s Sys=0.00s Real=0.06s
[469.859s][info][gc,start       ] GC(1236) Pause Young (Allocation Failure)
[469.930s][info][gc,heap        ] GC(1236) PSYoungGen: 581696K->79136K(602624K)
[469.930s][info][gc,heap        ] GC(1236) PSOldGen: 836786K->882266K(1398272K)
[469.930s][info][gc,metaspace   ] GC(1236) Metaspace: 32112K(33072K)->32112K(33072K) NonClass: 28333K(28848K)->28333K(28848K) Class: 3778K(4224K)->3778K(4224K)
[469.930s][info][gc             ] GC(1236) Pause Young (Allocation Failure) 1385M->938M(1954M) 71.082ms
[469.930s][info][gc,cpu         ] GC(1236) User=0.45s Sys=0.00s Real=0.07s
[470.426s][info][gc,start       ] GC(1237) Pause Young (Allocation Failure)
[470.484s][info][gc,heap        ] GC(1237) PSYoungGen: 591648K->57664K(605696K)
[470.484s][info][gc,heap        ] GC(1237) PSOldGen: 882266K->916626K(1398272K)
[470.484s][info][gc,metaspace   ] GC(1237) Metaspace: 32112K(33072K)->32112K(33072K) NonClass: 28333K(28848K)->28333K(28848K) Class: 3778K(4224K)->3778K(4224K)
[470.484s][info][gc             ] GC(1237) Pause Young (Allocation Failure) 1439M->951M(1957M) 57.978ms
[470.484s][info][gc,cpu         ] GC(1237) User=0.33s Sys=0.00s Real=0.06s
[470.615s][info][gc,start       ] GC(1238) Pause Young (Allocation Failure)
[470.677s][info][gc,heap        ] GC(1238) PSYoungGen: 570176K->69440K(608256K)
[470.677s][info][gc,heap        ] GC(1238) PSOldGen: 916626K->963079K(1398272K)
[470.677s][info][gc,metaspace   ] GC(1238) Metaspace: 32112K(33072K)->32112K(33072K) NonClass: 28333K(28848K)->28333K(28848K) Class: 3778K(4224K)->3778K(4224K)
[470.677s][info][gc             ] GC(1238) Pause Young (Allocation Failure) 1451M->1008M(1959M) 62.199ms
[470.677s][info][gc,cpu         ] GC(1238) User=0.36s Sys=0.02s Real=0.06s
[470.995s][info][gc,start       ] GC(1239) Pause Young (Allocation Failure)
[471.060s][info][gc,heap        ] GC(1239) PSYoungGen: 586048K->62624K(607232K)
[471.060s][info][gc,heap        ] GC(1239) PSOldGen: 963079K->999111K(1398272K)
[471.060s][info][gc,metaspace   ] GC(1239) Metaspace: 32112K(33072K)->32112K(33072K) NonClass: 28333K(28848K)->28333K(28848K) Class: 3778K(4224K)->3778K(4224K)
[471.060s][info][gc             ] GC(1239) Pause Young (Allocation Failure) 1512M->1036M(1958M) 64.938ms
[471.060s][info][gc,cpu         ] GC(1239) User=0.38s Sys=0.00s Real=0.08s
[471.567s][info][gc,start       ] GC(1240) Pause Young (Allocation Failure)
[471.629s][info][gc,heap        ] GC(1240) PSYoungGen: 579232K->71008K(610304K)
[471.629s][info][gc,heap        ] GC(1240) PSOldGen: 999111K->1032999K(1398272K)
[471.629s][info][gc,metaspace   ] GC(1240) Metaspace: 32112K(33072K)->32112K(33072K) NonClass: 28333K(28848K)->28333K(28848K) Class: 3778K(4224K)->3778K(4224K)
[471.629s][info][gc             ] GC(1240) Pause Young (Allocation Failure) 1541M->1078M(1961M) 62.380ms
[471.629s][info][gc,cpu         ] GC(1240) User=0.38s Sys=0.00s Real=0.07s
[471.773s][info][gc,start       ] GC(1241) Pause Young (Allocation Failure)
[471.843s][info][gc,heap        ] GC(1241) PSYoungGen: 592736K->76160K(598016K)
[471.843s][info][gc,heap        ] GC(1241) PSOldGen: 1032999K->1087771K(1398272K)
[471.843s][info][gc,metaspace   ] GC(1241) Metaspace: 32112K(33072K)->32112K(33072K) NonClass: 28333K(28848K)->28333K(28848K) Class: 3778K(4224K)->3778K(4224K)
[471.843s][info][gc             ] GC(1241) Pause Young (Allocation Failure) 1587M->1136M(1949M) 70.301ms
[471.843s][info][gc,cpu         ] GC(1241) User=0.42s Sys=0.02s Real=0.07s
[472.523s][info][gc,start       ] GC(1242) Pause Young (Allocation Failure)
[472.580s][info][gc,heap        ] GC(1242) PSYoungGen: 597888K->42112K(604672K)
[472.580s][info][gc,heap        ] GC(1242) PSOldGen: 1087771K->1120355K(1398272K)
[472.580s][info][gc,metaspace   ] GC(1242) Metaspace: 32112K(33072K)->32112K(33072K) NonClass: 28333K(28848K)->28333K(28848K) Class: 3778K(4224K)->3778K(4224K)
[472.580s][info][gc             ] GC(1242) Pause Young (Allocation Failure) 1646M->1135M(1956M) 56.899ms
[472.580s][info][gc,cpu         ] GC(1242) User=0.38s Sys=0.00s Real=0.06s
[472.732s][info][gc,start       ] GC(1243) Pause Young (Allocation Failure)
[472.792s][info][gc,heap        ] GC(1243) PSYoungGen: 556672K->70816K(606720K)
[472.792s][info][gc,heap        ] GC(1243) PSOldGen: 1120355K->1157747K(1398272K)
[472.792s][info][gc,metaspace   ] GC(1243) Metaspace: 32112K(33072K)->32112K(33072K) NonClass: 28333K(28848K)->28333K(28848K) Class: 3778K(4224K)->3778K(4224K)
[472.792s][info][gc             ] GC(1243) Pause Young (Allocation Failure) 1637M->1199M(1958M) 59.898ms
[472.792s][info][gc,cpu         ] GC(1243) User=0.38s Sys=0.00s Real=0.06s
[472.931s][info][gc,start       ] GC(1244) Pause Young (Allocation Failure)
[473.011s][info][gc,heap        ] GC(1244) PSYoungGen: 585376K->72448K(607232K)
[473.011s][info][gc,heap        ] GC(1244) PSOldGen: 1157747K->1214171K(1398272K)
[473.011s][info][gc,metaspace   ] GC(1244) Metaspace: 32112K(33072K)->32112K(33072K) NonClass: 28333K(28848K)->28333K(28848K) Class: 3778K(4224K)->3778K(4224K)
[473.011s][info][gc             ] GC(1244) Pause Young (Allocation Failure) 1702M->1256M(1958M) 79.767ms
[473.011s][info][gc,cpu         ] GC(1244) User=0.45s Sys=0.02s Real=0.08s
[473.548s][info][gc,start       ] GC(1245) Pause Young (System.gc())
[473.606s][info][gc,heap        ] GC(1245) PSYoungGen: 425150K->29184K(544768K)
[473.606s][info][gc,heap        ] GC(1245) PSOldGen: 1214171K->1245939K(1398272K)
[473.606s][info][gc,metaspace   ] GC(1245) Metaspace: 32112K(33072K)->32112K(33072K) NonClass: 28333K(28848K)->28333K(28848K) Class: 3778K(4224K)->3778K(4224K)
[473.606s][info][gc             ] GC(1245) Pause Young (System.gc()) 1600M->1245M(1897M) 58.574ms
[473.606s][info][gc,cpu         ] GC(1245) User=0.38s Sys=0.00s Real=0.06s
[473.606s][info][gc,start       ] GC(1246) Pause Full (System.gc())
[473.607s][info][gc,phases,start] GC(1246) Phase 1: Mark live objects
[473.707s][info][gc,phases      ] GC(1246) Phase 1: Mark live objects 100.606ms
[473.707s][info][gc,phases,start] GC(1246) Phase 2: Compute new object addresses
[473.886s][info][gc,phases      ] GC(1246) Phase 2: Compute new object addresses 178.771ms
[473.886s][info][gc,phases,start] GC(1246) Phase 3: Adjust pointers
[473.967s][info][gc,phases      ] GC(1246) Phase 3: Adjust pointers 81.266ms
[473.967s][info][gc,phases,start] GC(1246) Phase 4: Move objects
[473.991s][info][gc,phases      ] GC(1246) Phase 4: Move objects 23.815ms
[473.992s][info][gc,heap        ] GC(1246) PSYoungGen: 29184K->0K(544768K)
[473.992s][info][gc,heap        ] GC(1246) PSOldGen: 1245939K->104423K(1398272K)
[473.992s][info][gc,metaspace   ] GC(1246) Metaspace: 32112K(33072K)->32112K(33072K) NonClass: 28333K(28848K)->28333K(28848K) Class: 3778K(4224K)->3778K(4224K)
[473.992s][info][gc             ] GC(1246) Pause Full (System.gc()) 1245M->101M(1897M) 385.288ms
[473.992s][info][gc,cpu         ] GC(1246) User=0.38s Sys=0.00s Real=0.38s
[474.131s][info][gc,start       ] GC(1247) Pause Young (Allocation Failure)
[474.168s][info][gc,heap        ] GC(1247) PSYoungGen: 515072K->65760K(605696K)
[474.168s][info][gc,heap        ] GC(1247) PSOldGen: 104423K->104423K(1398272K)
[474.168s][info][gc,metaspace   ] GC(1247) Metaspace: 32115K(33072K)->32115K(33072K) NonClass: 28336K(28848K)->28336K(28848K) Class: 3778K(4224K)->3778K(4224K)
[474.168s][info][gc             ] GC(1247) Pause Young (Allocation Failure) 604M->166M(1957M) 36.716ms
[474.168s][info][gc,cpu         ] GC(1247) User=0.25s Sys=0.02s Real=0.04s
[474.314s][info][gc,start       ] GC(1248) Pause Young (Allocation Failure)
[474.384s][info][gc,heap        ] GC(1248) PSYoungGen: 576224K->76864K(587776K)
[474.384s][info][gc,heap        ] GC(1248) PSOldGen: 104423K->154264K(1398272K)
[474.384s][info][gc,metaspace   ] GC(1248) Metaspace: 32115K(33072K)->32115K(33072K) NonClass: 28336K(28848K)->28336K(28848K) Class: 3778K(4224K)->3778K(4224K)
[474.384s][info][gc             ] GC(1248) Pause Young (Allocation Failure) 664M->225M(1939M) 70.187ms
[474.384s][info][gc,cpu         ] GC(1248) User=0.39s Sys=0.00s Real=0.07s
[475.019s][info][gc,start       ] GC(1249) Pause Young (Allocation Failure)
[475.071s][info][gc,heap        ] GC(1249) PSYoungGen: 587328K->43104K(602112K)
[475.071s][info][gc,heap        ] GC(1249) PSOldGen: 154264K->186624K(1398272K)
[475.071s][info][gc,metaspace   ] GC(1249) Metaspace: 32115K(33072K)->32115K(33072K) NonClass: 28336K(28848K)->28336K(28848K) Class: 3778K(4224K)->3778K(4224K)
[475.071s][info][gc             ] GC(1249) Pause Young (Allocation Failure) 724M->224M(1953M) 52.310ms
[475.071s][info][gc,cpu         ] GC(1249) User=0.34s Sys=0.00s Real=0.05s
[475.215s][info][gc,start       ] GC(1250) Pause Young (Allocation Failure)
[475.276s][info][gc,heap        ] GC(1250) PSYoungGen: 549472K->67648K(602624K)
[475.276s][info][gc,heap        ] GC(1250) PSOldGen: 186624K->224932K(1398272K)
[475.276s][info][gc,metaspace   ] GC(1250) Metaspace: 32115K(33072K)->32115K(33072K) NonClass: 28336K(28848K)->28336K(28848K) Class: 3778K(4224K)->3778K(4224K)
[475.276s][info][gc             ] GC(1250) Pause Young (Allocation Failure) 718M->285M(1954M) 61.734ms
[475.276s][info][gc,cpu         ] GC(1250) User=0.36s Sys=0.00s Real=0.06s
[475.404s][info][gc,start       ] GC(1251) Pause Young (Allocation Failure)
[475.475s][info][gc,heap        ] GC(1251) PSYoungGen: 574016K->66656K(605696K)
[475.475s][info][gc,heap        ] GC(1251) PSOldGen: 224932K->282004K(1398272K)
[475.475s][info][gc,metaspace   ] GC(1251) Metaspace: 32115K(33072K)->32115K(33072K) NonClass: 28336K(28848K)->28336K(28848K) Class: 3778K(4224K)->3778K(4224K)
[475.475s][info][gc             ] GC(1251) Pause Young (Allocation Failure) 780M->340M(1957M) 71.737ms
[475.476s][info][gc,cpu         ] GC(1251) User=0.38s Sys=0.00s Real=0.07s
[476.140s][info][gc,start       ] GC(1252) Pause Young (Allocation Failure)
[476.194s][info][gc,heap        ] GC(1252) PSYoungGen: 577632K->48928K(604160K)
[476.194s][info][gc,heap        ] GC(1252) PSOldGen: 282004K->311300K(1398272K)
[476.194s][info][gc,metaspace   ] GC(1252) Metaspace: 32115K(33072K)->32115K(33072K) NonClass: 28336K(28848K)->28336K(28848K) Class: 3778K(4224K)->3778K(4224K)
[476.194s][info][gc             ] GC(1252) Pause Young (Allocation Failure) 839M->351M(1955M) 53.281ms
[476.194s][info][gc,cpu         ] GC(1252) User=0.28s Sys=0.00s Real=0.07s
[476.349s][info][gc,start       ] GC(1253) Pause Young (Allocation Failure)
[476.411s][info][gc,heap        ] GC(1253) PSYoungGen: 559904K->74016K(603136K)
[476.411s][info][gc,heap        ] GC(1253) PSOldGen: 311300K->350941K(1398272K)
[476.411s][info][gc,metaspace   ] GC(1253) Metaspace: 32115K(33072K)->32115K(33072K) NonClass: 28336K(28848K)->28336K(28848K) Class: 3778K(4224K)->3778K(4224K)
[476.411s][info][gc             ] GC(1253) Pause Young (Allocation Failure) 850M->414M(1954M) 62.501ms
[476.411s][info][gc,cpu         ] GC(1253) User=0.31s Sys=0.00s Real=0.06s
[476.554s][info][gc,start       ] GC(1254) Pause Young (Allocation Failure)
[476.642s][info][gc,heap        ] GC(1254) PSYoungGen: 584480K->73408K(584192K)
[476.642s][info][gc,heap        ] GC(1254) PSOldGen: 350941K->409821K(1398272K)
[476.642s][info][gc,metaspace   ] GC(1254) Metaspace: 32115K(33072K)->32115K(33072K) NonClass: 28336K(28848K)->28336K(28848K) Class: 3778K(4224K)->3778K(4224K)
[476.643s][info][gc             ] GC(1254) Pause Young (Allocation Failure) 913M->471M(1936M) 88.923ms
[476.643s][info][gc,cpu         ] GC(1254) User=0.56s Sys=0.00s Real=0.09s
[477.235s][info][gc,start       ] GC(1255) Pause Young (Allocation Failure)
[477.296s][info][gc,heap        ] GC(1255) PSYoungGen: 583872K->59712K(606208K)
[477.296s][info][gc,heap        ] GC(1255) PSOldGen: 409821K->440949K(1398272K)
[477.296s][info][gc,metaspace   ] GC(1255) Metaspace: 32115K(33072K)->32115K(33072K) NonClass: 28336K(28848K)->28336K(28848K) Class: 3778K(4224K)->3778K(4224K)
[477.296s][info][gc             ] GC(1255) Pause Young (Allocation Failure) 970M->488M(1957M) 60.384ms
[477.296s][info][gc,cpu         ] GC(1255) User=0.33s Sys=0.00s Real=0.06s
[477.431s][info][gc,start       ] GC(1256) Pause Young (Allocation Failure)
[477.497s][info][gc,heap        ] GC(1256) PSYoungGen: 571200K->75456K(604160K)
[477.497s][info][gc,heap        ] GC(1256) PSOldGen: 440949K->486125K(1398272K)
[477.497s][info][gc,metaspace   ] GC(1256) Metaspace: 32115K(33072K)->32115K(33072K) NonClass: 28336K(28848K)->28336K(28848K) Class: 3778K(4224K)->3778K(4224K)
[477.497s][info][gc             ] GC(1256) Pause Young (Allocation Failure) 988M->548M(1955M) 65.915ms
[477.497s][info][gc,cpu         ] GC(1256) User=0.38s Sys=0.00s Real=0.07s
[477.768s][info][gc,start       ] GC(1257) Pause Young (Allocation Failure)
[477.837s][info][gc,heap        ] GC(1257) PSYoungGen: 586944K->64896K(607744K)
[477.837s][info][gc,heap        ] GC(1257) PSOldGen: 486125K->522125K(1398272K)
[477.837s][info][gc,metaspace   ] GC(1257) Metaspace: 32115K(33072K)->32115K(33072K) NonClass: 28336K(28848K)->28336K(28848K) Class: 3778K(4224K)->3778K(4224K)
[477.837s][info][gc             ] GC(1257) Pause Young (Allocation Failure) 1047M->573M(1959M) 68.956ms
[477.837s][info][gc,cpu         ] GC(1257) User=0.41s Sys=0.00s Real=0.08s
[478.367s][info][gc,start       ] GC(1258) Pause Young (Allocation Failure)
[478.431s][info][gc,heap        ] GC(1258) PSYoungGen: 578432K->72928K(604672K)
[478.431s][info][gc,heap        ] GC(1258) PSOldGen: 522125K->557245K(1398272K)
[478.431s][info][gc,metaspace   ] GC(1258) Metaspace: 32115K(33072K)->32115K(33072K) NonClass: 28336K(28848K)->28336K(28848K) Class: 3778K(4224K)->3778K(4224K)
[478.431s][info][gc             ] GC(1258) Pause Young (Allocation Failure) 1074M->615M(1956M) 63.782ms
[478.431s][info][gc,cpu         ] GC(1258) User=0.45s Sys=0.00s Real=0.08s
[478.571s][info][gc,start       ] GC(1259) Pause Young (Allocation Failure)
[478.641s][info][gc,heap        ] GC(1259) PSYoungGen: 586464K->77184K(603136K)
[478.641s][info][gc,heap        ] GC(1259) PSOldGen: 557245K->613529K(1398272K)
[478.641s][info][gc,metaspace   ] GC(1259) Metaspace: 32115K(33072K)->32115K(33072K) NonClass: 28336K(28848K)->28336K(28848K) Class: 3778K(4224K)->3778K(4224K)
[478.641s][info][gc             ] GC(1259) Pause Young (Allocation Failure) 1116M->674M(1954M) 70.429ms
[478.641s][info][gc,cpu         ] GC(1259) User=0.38s Sys=0.00s Real=0.07s
[479.348s][info][gc,start       ] GC(1260) Pause Young (Allocation Failure)
[479.403s][info][gc,heap        ] GC(1260) PSYoungGen: 588672K->42272K(553984K)
[479.403s][info][gc,heap        ] GC(1260) PSOldGen: 613529K->645433K(1398272K)
[479.403s][info][gc,metaspace   ] GC(1260) Metaspace: 32116K(33072K)->32116K(33072K) NonClass: 28337K(28848K)->28337K(28848K) Class: 3778K(4224K)->3778K(4224K)
[479.403s][info][gc             ] GC(1260) Pause Young (Allocation Failure) 1174M->671M(1906M) 54.994ms
[479.403s][info][gc,cpu         ] GC(1260) User=0.34s Sys=0.00s Real=0.06s
[479.552s][info][gc,start       ] GC(1261) Pause Young (Allocation Failure)
[479.616s][info][gc,heap        ] GC(1261) PSYoungGen: 553760K->70688K(604672K)
[479.616s][info][gc,heap        ] GC(1261) PSOldGen: 645433K->682970K(1398272K)
[479.616s][info][gc,metaspace   ] GC(1261) Metaspace: 32116K(33072K)->32116K(33072K) NonClass: 28337K(28848K)->28337K(28848K) Class: 3778K(4224K)->3778K(4224K)
[479.616s][info][gc             ] GC(1261) Pause Young (Allocation Failure) 1171M->735M(1956M) 64.098ms
[479.616s][info][gc,cpu         ] GC(1261) User=0.36s Sys=0.00s Real=0.06s
[479.762s][info][gc,start       ] GC(1262) Pause Young (Allocation Failure)
[479.828s][info][gc,heap        ] GC(1262) PSYoungGen: 580640K->76704K(586752K)
[479.828s][info][gc,heap        ] GC(1262) PSOldGen: 682970K->736642K(1398272K)
[479.828s][info][gc,metaspace   ] GC(1262) Metaspace: 32116K(33072K)->32116K(33072K) NonClass: 28337K(28848K)->28337K(28848K) Class: 3778K(4224K)->3778K(4224K)
[479.828s][info][gc             ] GC(1262) Pause Young (Allocation Failure) 1233M->794M(1938M) 66.386ms
[479.828s][info][gc,cpu         ] GC(1262) User=0.38s Sys=0.00s Real=0.07s
[480.375s][info][gc,start       ] GC(1263) Pause Young (Allocation Failure)
[480.430s][info][gc,heap        ] GC(1263) PSYoungGen: 586656K->50528K(603648K)
[480.430s][info][gc,heap        ] GC(1263) PSOldGen: 736642K->768922K(1398272K)
[480.430s][info][gc,metaspace   ] GC(1263) Metaspace: 32116K(33072K)->32116K(33072K) NonClass: 28337K(28848K)->28337K(28848K) Class: 3778K(4224K)->3778K(4224K)
[480.430s][info][gc             ] GC(1263) Pause Young (Allocation Failure) 1292M->800M(1955M) 54.502ms
[480.430s][info][gc,cpu         ] GC(1263) User=0.30s Sys=0.00s Real=0.06s
[480.562s][info][gc,start       ] GC(1264) Pause Young (Allocation Failure)
[480.624s][info][gc,heap        ] GC(1264) PSYoungGen: 558432K->68448K(603136K)
[480.624s][info][gc,heap        ] GC(1264) PSOldGen: 768922K->809838K(1398272K)
[480.624s][info][gc,metaspace   ] GC(1264) Metaspace: 32116K(33072K)->32116K(33072K) NonClass: 28337K(28848K)->28337K(28848K) Class: 3778K(4224K)->3778K(4224K)
[480.624s][info][gc             ] GC(1264) Pause Young (Allocation Failure) 1296M->857M(1954M) 61.686ms
[480.624s][info][gc,cpu         ] GC(1264) User=0.36s Sys=0.00s Real=0.06s
[480.762s][info][gc,start       ] GC(1265) Pause Young (Allocation Failure)
[480.841s][info][gc,heap        ] GC(1265) PSYoungGen: 576352K->73216K(604160K)
[480.841s][info][gc,heap        ] GC(1265) PSOldGen: 809838K->863950K(1398272K)
[480.841s][info][gc,metaspace   ] GC(1265) Metaspace: 32116K(33072K)->32116K(33072K) NonClass: 28337K(28848K)->28337K(28848K) Class: 3778K(4224K)->3778K(4224K)
[480.841s][info][gc             ] GC(1265) Pause Young (Allocation Failure) 1353M->915M(1955M) 79.442ms
[480.841s][info][gc,cpu         ] GC(1265) User=0.47s Sys=0.00s Real=0.08s
[481.504s][info][gc,start       ] GC(1266) Pause Young (Allocation Failure)
[481.559s][info][gc,heap        ] GC(1266) PSYoungGen: 583680K->55840K(604672K)
[481.559s][info][gc,heap        ] GC(1266) PSOldGen: 863950K->894990K(1398272K)
[481.559s][info][gc,metaspace   ] GC(1266) Metaspace: 32116K(33072K)->32116K(33072K) NonClass: 28337K(28848K)->28337K(28848K) Class: 3778K(4224K)->3778K(4224K)
[481.559s][info][gc             ] GC(1266) Pause Young (Allocation Failure) 1413M->928M(1956M) 55.251ms
[481.559s][info][gc,cpu         ] GC(1266) User=0.38s Sys=0.00s Real=0.06s
[481.702s][info][gc,start       ] GC(1267) Pause Young (Allocation Failure)
[481.766s][info][gc,heap        ] GC(1267) PSYoungGen: 566304K->73984K(604160K)
[481.766s][info][gc,heap        ] GC(1267) PSOldGen: 894990K->938715K(1398272K)
[481.766s][info][gc,metaspace   ] GC(1267) Metaspace: 32116K(33072K)->32116K(33072K) NonClass: 28337K(28848K)->28337K(28848K) Class: 3778K(4224K)->3778K(4224K)
[481.766s][info][gc             ] GC(1267) Pause Young (Allocation Failure) 1427M->988M(1955M) 64.898ms
[481.766s][info][gc,cpu         ] GC(1267) User=0.38s Sys=0.00s Real=0.06s
[481.931s][info][gc,start       ] GC(1268) Pause Young (Allocation Failure)
[482.000s][info][gc,heap        ] GC(1268) PSYoungGen: 585472K->73600K(605184K)
[482.001s][info][gc,heap        ] GC(1268) PSOldGen: 938715K->986979K(1398272K)
[482.001s][info][gc,metaspace   ] GC(1268) Metaspace: 32116K(33072K)->32116K(33072K) NonClass: 28337K(28848K)->28337K(28848K) Class: 3778K(4224K)->3778K(4224K)
[482.001s][info][gc             ] GC(1268) Pause Young (Allocation Failure) 1488M->1035M(1956M) 69.584ms
[482.001s][info][gc,cpu         ] GC(1268) User=0.31s Sys=0.02s Real=0.07s
[482.538s][info][gc,start       ] GC(1269) Pause Young (Allocation Failure)
[482.599s][info][gc,heap        ] GC(1269) PSYoungGen: 585088K->63808K(607232K)
[482.599s][info][gc,heap        ] GC(1269) PSOldGen: 986979K->1018515K(1398272K)
[482.599s][info][gc,metaspace   ] GC(1269) Metaspace: 32116K(33072K)->32116K(33072K) NonClass: 28337K(28848K)->28337K(28848K) Class: 3778K(4224K)->3778K(4224K)
[482.599s][info][gc             ] GC(1269) Pause Young (Allocation Failure) 1535M->1056M(1958M) 60.841ms
[482.599s][info][gc,cpu         ] GC(1269) User=0.36s Sys=0.00s Real=0.06s
[482.747s][info][gc,start       ] GC(1270) Pause Young (Allocation Failure)
[482.817s][info][gc,heap        ] GC(1270) PSYoungGen: 577344K->81792K(595456K)
[482.817s][info][gc,heap        ] GC(1270) PSOldGen: 1018515K->1063683K(1398272K)
[482.817s][info][gc,metaspace   ] GC(1270) Metaspace: 32116K(33072K)->32116K(33072K) NonClass: 28337K(28848K)->28337K(28848K) Class: 3778K(4224K)->3778K(4224K)
[482.817s][info][gc             ] GC(1270) Pause Young (Allocation Failure) 1558M->1118M(1947M) 69.931ms
[482.817s][info][gc,cpu         ] GC(1270) User=0.38s Sys=0.00s Real=0.07s
[483.198s][info][gc,start       ] GC(1271) Pause Young (Allocation Failure)
[483.258s][info][gc,heap        ] GC(1271) PSYoungGen: 595328K->52736K(604160K)
[483.258s][info][gc,heap        ] GC(1271) PSOldGen: 1063683K->1097979K(1398272K)
[483.258s][info][gc,metaspace   ] GC(1271) Metaspace: 32116K(33072K)->32116K(33072K) NonClass: 28337K(28848K)->28337K(28848K) Class: 3778K(4224K)->3778K(4224K)
[483.258s][info][gc             ] GC(1271) Pause Young (Allocation Failure) 1620M->1123M(1955M) 60.524ms
[483.258s][info][gc,cpu         ] GC(1271) User=0.28s Sys=0.02s Real=0.07s
[483.657s][info][gc,start       ] GC(1272) Pause Young (Allocation Failure)
[483.720s][info][gc,heap        ] GC(1272) PSYoungGen: 562176K->77984K(587776K)
[483.720s][info][gc,heap        ] GC(1272) PSOldGen: 1097979K->1131107K(1398272K)
[483.720s][info][gc,metaspace   ] GC(1272) Metaspace: 32116K(33072K)->32116K(33072K) NonClass: 28337K(28848K)->28337K(28848K) Class: 3778K(4224K)->3778K(4224K)
[483.720s][info][gc             ] GC(1272) Pause Young (Allocation Failure) 1621M->1180M(1939M) 62.520ms
[483.720s][info][gc,cpu         ] GC(1272) User=0.38s Sys=0.00s Real=0.08s
[483.865s][info][gc,start       ] GC(1273) Pause Young (Allocation Failure)
[483.941s][info][gc,heap        ] GC(1273) PSYoungGen: 587424K->79616K(599552K)
[483.941s][info][gc,heap        ] GC(1273) PSOldGen: 1131107K->1191076K(1398272K)
[483.941s][info][gc,metaspace   ] GC(1273) Metaspace: 32116K(33072K)->32116K(33072K) NonClass: 28337K(28848K)->28337K(28848K) Class: 3778K(4224K)->3778K(4224K)
[483.941s][info][gc             ] GC(1273) Pause Young (Allocation Failure) 1678M->1240M(1951M) 75.916ms
[483.941s][info][gc,cpu         ] GC(1273) User=0.47s Sys=0.00s Real=0.08s
[484.549s][info][gc,start       ] GC(1274) Pause Young (System.gc())
[484.595s][info][gc,heap        ] GC(1274) PSYoungGen: 440188K->28800K(532480K)
[484.595s][info][gc,heap        ] GC(1274) PSOldGen: 1191076K->1224276K(1398272K)
[484.595s][info][gc,metaspace   ] GC(1274) Metaspace: 32116K(33072K)->32116K(33072K) NonClass: 28337K(28848K)->28337K(28848K) Class: 3778K(4224K)->3778K(4224K)
[484.595s][info][gc             ] GC(1274) Pause Young (System.gc()) 1593M->1223M(1885M) 46.071ms
[484.595s][info][gc,cpu         ] GC(1274) User=0.27s Sys=0.02s Real=0.05s
[484.595s][info][gc,start       ] GC(1275) Pause Full (System.gc())
[484.595s][info][gc,phases,start] GC(1275) Phase 1: Mark live objects
[484.711s][info][gc,phases      ] GC(1275) Phase 1: Mark live objects 115.840ms
[484.711s][info][gc,phases,start] GC(1275) Phase 2: Compute new object addresses
[484.885s][info][gc,phases      ] GC(1275) Phase 2: Compute new object addresses 173.412ms
[484.885s][info][gc,phases,start] GC(1275) Phase 3: Adjust pointers
[484.965s][info][gc,phases      ] GC(1275) Phase 3: Adjust pointers 80.227ms
[484.965s][info][gc,phases,start] GC(1275) Phase 4: Move objects
[484.989s][info][gc,phases      ] GC(1275) Phase 4: Move objects 23.743ms
[484.989s][info][gc,heap        ] GC(1275) PSYoungGen: 28800K->0K(532480K)
[484.989s][info][gc,heap        ] GC(1275) PSOldGen: 1224276K->104574K(1398272K)
[484.989s][info][gc,metaspace   ] GC(1275) Metaspace: 32116K(33072K)->32116K(33072K) NonClass: 28337K(28848K)->28337K(28848K) Class: 3778K(4224K)->3778K(4224K)
[484.989s][info][gc             ] GC(1275) Pause Full (System.gc()) 1223M->102M(1885M) 394.000ms
[484.989s][info][gc,cpu         ] GC(1275) User=0.39s Sys=0.00s Real=0.39s
[485.210s][info][gc,start       ] GC(1276) Pause Young (Allocation Failure)
[485.254s][info][gc,heap        ] GC(1276) PSYoungGen: 503296K->75488K(596992K)
[485.254s][info][gc,heap        ] GC(1276) PSOldGen: 104574K->104574K(1398272K)
[485.254s][info][gc,metaspace   ] GC(1276) Metaspace: 32116K(33072K)->32116K(33072K) NonClass: 28337K(28848K)->28337K(28848K) Class: 3778K(4224K)->3778K(4224K)
[485.254s][info][gc             ] GC(1276) Pause Young (Allocation Failure) 593M->175M(1948M) 43.517ms
[485.254s][info][gc,cpu         ] GC(1276) User=0.27s Sys=0.00s Real=0.05s
[485.399s][info][gc,start       ] GC(1277) Pause Young (Allocation Failure)
[485.483s][info][gc,heap        ] GC(1277) PSYoungGen: 570592K->76320K(571904K)
[485.483s][info][gc,heap        ] GC(1277) PSOldGen: 104574K->163526K(1398272K)
[485.483s][info][gc,metaspace   ] GC(1277) Metaspace: 32116K(33072K)->32116K(33072K) NonClass: 28337K(28848K)->28337K(28848K) Class: 3778K(4224K)->3778K(4224K)
[485.483s][info][gc             ] GC(1277) Pause Young (Allocation Failure) 659M->234M(1924M) 83.733ms
[485.483s][info][gc,cpu         ] GC(1277) User=0.45s Sys=0.00s Real=0.08s
[486.167s][info][gc,start       ] GC(1278) Pause Young (Allocation Failure)
[486.231s][info][gc,heap        ] GC(1278) PSYoungGen: 571424K->53728K(598016K)
[486.231s][info][gc,heap        ] GC(1278) PSOldGen: 163526K->195102K(1398272K)
[486.231s][info][gc,metaspace   ] GC(1278) Metaspace: 32116K(33072K)->32116K(33072K) NonClass: 28337K(28848K)->28337K(28848K) Class: 3778K(4224K)->3778K(4224K)
[486.231s][info][gc             ] GC(1278) Pause Young (Allocation Failure) 717M->242M(1949M) 64.772ms
[486.231s][info][gc,cpu         ] GC(1278) User=0.38s Sys=0.00s Real=0.06s
[486.372s][info][gc,start       ] GC(1279) Pause Young (Allocation Failure)
[486.440s][info][gc,heap        ] GC(1279) PSYoungGen: 549344K->73600K(596480K)
[486.440s][info][gc,heap        ] GC(1279) PSOldGen: 195102K->236899K(1398272K)
[486.440s][info][gc,metaspace   ] GC(1279) Metaspace: 32116K(33072K)->32116K(33072K) NonClass: 28337K(28848K)->28337K(28848K) Class: 3778K(4224K)->3778K(4224K)
[486.440s][info][gc             ] GC(1279) Pause Young (Allocation Failure) 726M->303M(1948M) 68.620ms
[486.440s][info][gc,cpu         ] GC(1279) User=0.31s Sys=0.00s Real=0.07s
[486.573s][info][gc,start       ] GC(1280) Pause Young (Allocation Failure)
[486.656s][info][gc,heap        ] GC(1280) PSYoungGen: 569216K->68672K(601088K)
[486.656s][info][gc,heap        ] GC(1280) PSOldGen: 236899K->296395K(1398272K)
[486.656s][info][gc,metaspace   ] GC(1280) Metaspace: 32116K(33072K)->32116K(33072K) NonClass: 28337K(28848K)->28337K(28848K) Class: 3778K(4224K)->3778K(4224K)
[486.656s][info][gc             ] GC(1280) Pause Young (Allocation Failure) 787M->356M(1952M) 83.562ms
[486.656s][info][gc,cpu         ] GC(1280) User=0.47s Sys=0.00s Real=0.08s
[487.289s][info][gc,start       ] GC(1281) Pause Young (Allocation Failure)
[487.357s][info][gc,heap        ] GC(1281) PSYoungGen: 569408K->54816K(598528K)
[487.357s][info][gc,heap        ] GC(1281) PSOldGen: 296395K->325835K(1398272K)
[487.357s][info][gc,metaspace   ] GC(1281) Metaspace: 32116K(33072K)->32116K(33072K) NonClass: 28337K(28848K)->28337K(28848K) Class: 3778K(4224K)->3778K(4224K)
[487.357s][info][gc             ] GC(1281) Pause Young (Allocation Failure) 845M->371M(1950M) 67.942ms
[487.357s][info][gc,cpu         ] GC(1281) User=0.44s Sys=0.00s Real=0.07s
[487.483s][info][gc,start       ] GC(1282) Pause Young (Allocation Failure)
[487.544s][info][gc,heap        ] GC(1282) PSYoungGen: 555552K->67200K(604672K)
[487.544s][info][gc,heap        ] GC(1282) PSOldGen: 325835K->370359K(1398272K)
[487.544s][info][gc,metaspace   ] GC(1282) Metaspace: 32116K(33072K)->32116K(33072K) NonClass: 28337K(28848K)->28337K(28848K) Class: 3778K(4224K)->3778K(4224K)
[487.544s][info][gc             ] GC(1282) Pause Young (Allocation Failure) 860M->427M(1956M) 61.094ms
[487.544s][info][gc,cpu         ] GC(1282) User=0.38s Sys=0.00s Real=0.06s
[487.718s][info][gc,start       ] GC(1283) Pause Young (Allocation Failure)
[487.789s][info][gc,heap        ] GC(1283) PSYoungGen: 575104K->85344K(593408K)
[487.789s][info][gc,heap        ] GC(1283) PSOldGen: 370359K->412247K(1398272K)
[487.789s][info][gc,metaspace   ] GC(1283) Metaspace: 32116K(33072K)->32116K(33072K) NonClass: 28337K(28848K)->28337K(28848K) Class: 3778K(4224K)->3778K(4224K)
[487.789s][info][gc             ] GC(1283) Pause Young (Allocation Failure) 923M->485M(1945M) 71.548ms
[487.789s][info][gc,cpu         ] GC(1283) User=0.36s Sys=0.00s Real=0.07s
[488.350s][info][gc,start       ] GC(1284) Pause Young (Allocation Failure)
[488.411s][info][gc,heap        ] GC(1284) PSYoungGen: 593248K->63456K(602624K)
[488.411s][info][gc,heap        ] GC(1284) PSOldGen: 412247K->445647K(1398272K)
[488.411s][info][gc,metaspace   ] GC(1284) Metaspace: 32116K(33072K)->32116K(33072K) NonClass: 28337K(28848K)->28337K(28848K) Class: 3778K(4224K)->3778K(4224K)
[488.411s][info][gc             ] GC(1284) Pause Young (Allocation Failure) 981M->497M(1954M) 61.011ms
[488.411s][info][gc,cpu         ] GC(1284) User=0.34s Sys=0.00s Real=0.07s
[488.553s][info][gc,start       ] GC(1285) Pause Young (Allocation Failure)
[488.622s][info][gc,heap        ] GC(1285) PSYoungGen: 567264K->80416K(600064K)
[488.622s][info][gc,heap        ] GC(1285) PSOldGen: 445647K->491639K(1398272K)
[488.622s][info][gc,metaspace   ] GC(1285) Metaspace: 32116K(33072K)->32116K(33072K) NonClass: 28337K(28848K)->28337K(28848K) Class: 3778K(4224K)->3778K(4224K)
[488.622s][info][gc             ] GC(1285) Pause Young (Allocation Failure) 989M->558M(1951M) 68.424ms
[488.622s][info][gc,cpu         ] GC(1285) User=0.47s Sys=0.00s Real=0.07s
[488.932s][info][gc,start       ] GC(1286) Pause Young (Allocation Failure)
[488.995s][info][gc,heap        ] GC(1286) PSYoungGen: 584224K->56672K(601600K)
[488.995s][info][gc,heap        ] GC(1286) PSOldGen: 491639K->532519K(1398272K)
[488.995s][info][gc,metaspace   ] GC(1286) Metaspace: 32116K(33072K)->32116K(33072K) NonClass: 28337K(28848K)->28337K(28848K) Class: 3778K(4224K)->3778K(4224K)
[488.995s][info][gc             ] GC(1286) Pause Young (Allocation Failure) 1050M->575M(1953M) 63.196ms
[488.995s][info][gc,cpu         ] GC(1286) User=0.38s Sys=0.00s Real=0.07s
[489.587s][info][gc,start       ] GC(1287) Pause Young (Allocation Failure)
[489.653s][info][gc,heap        ] GC(1287) PSYoungGen: 559968K->77728K(600576K)
[489.653s][info][gc,heap        ] GC(1287) PSOldGen: 532519K->562159K(1398272K)
[489.653s][info][gc,metaspace   ] GC(1287) Metaspace: 32116K(33072K)->32116K(33072K) NonClass: 28337K(28848K)->28337K(28848K) Class: 3778K(4224K)->3778K(4224K)
[489.653s][info][gc             ] GC(1287) Pause Young (Allocation Failure) 1066M->624M(1952M) 65.374ms
[489.653s][info][gc,cpu         ] GC(1287) User=0.36s Sys=0.02s Real=0.07s
[489.794s][info][gc,start       ] GC(1288) Pause Young (Allocation Failure)
[489.866s][info][gc,heap        ] GC(1288) PSYoungGen: 581024K->73632K(601600K)
[489.866s][info][gc,heap        ] GC(1288) PSOldGen: 562159K->624656K(1398272K)
[489.866s][info][gc,metaspace   ] GC(1288) Metaspace: 32116K(33072K)->32116K(33072K) NonClass: 28337K(28848K)->28337K(28848K) Class: 3778K(4224K)->3778K(4224K)
[489.866s][info][gc             ] GC(1288) Pause Young (Allocation Failure) 1116M->681M(1953M) 71.913ms
[489.866s][info][gc,cpu         ] GC(1288) User=0.31s Sys=0.00s Real=0.07s
[490.623s][info][gc,start       ] GC(1289) Pause Young (Allocation Failure)
[490.675s][info][gc,heap        ] GC(1289) PSYoungGen: 576904K->42400K(545792K)
[490.675s][info][gc,heap        ] GC(1289) PSOldGen: 624656K->656264K(1398272K)
[490.675s][info][gc,metaspace   ] GC(1289) Metaspace: 32116K(33072K)->32116K(33072K) NonClass: 28337K(28848K)->28337K(28848K) Class: 3778K(4224K)->3778K(4224K)
[490.675s][info][gc             ] GC(1289) Pause Young (Allocation Failure) 1173M->682M(1898M) 51.702ms
[490.675s][info][gc,cpu         ] GC(1289) User=0.28s Sys=0.00s Real=0.05s
[490.813s][info][gc,start       ] GC(1290) Pause Young (Allocation Failure)
[490.872s][info][gc,heap        ] GC(1290) PSYoungGen: 545696K->68832K(602112K)
[490.873s][info][gc,heap        ] GC(1290) PSOldGen: 656264K->693400K(1398272K)
[490.873s][info][gc,metaspace   ] GC(1290) Metaspace: 32116K(33072K)->32116K(33072K) NonClass: 28337K(28848K)->28337K(28848K) Class: 3778K(4224K)->3778K(4224K)
[490.873s][info][gc             ] GC(1290) Pause Young (Allocation Failure) 1173M->744M(1953M) 59.546ms
[490.873s][info][gc,cpu         ] GC(1290) User=0.38s Sys=0.00s Real=0.06s
[491.017s][info][gc,start       ] GC(1291) Pause Young (Allocation Failure)
[491.092s][info][gc,heap        ] GC(1291) PSYoungGen: 572128K->75712K(600064K)
[491.092s][info][gc,heap        ] GC(1291) PSOldGen: 693400K->743992K(1398272K)
[491.092s][info][gc,metaspace   ] GC(1291) Metaspace: 32116K(33072K)->32116K(33072K) NonClass: 28337K(28848K)->28337K(28848K) Class: 3778K(4224K)->3778K(4224K)
[491.092s][info][gc             ] GC(1291) Pause Young (Allocation Failure) 1235M->800M(1951M) 75.207ms
[491.092s][info][gc,cpu         ] GC(1291) User=0.47s Sys=0.00s Real=0.07s
[491.705s][info][gc,start       ] GC(1292) Pause Young (Allocation Failure)
[491.762s][info][gc,heap        ] GC(1292) PSYoungGen: 579008K->46752K(600576K)
[491.762s][info][gc,heap        ] GC(1292) PSOldGen: 743992K->775488K(1398272K)
[491.762s][info][gc,metaspace   ] GC(1292) Metaspace: 32116K(33072K)->32116K(33072K) NonClass: 28337K(28848K)->28337K(28848K) Class: 3778K(4224K)->3778K(4224K)
[491.762s][info][gc             ] GC(1292) Pause Young (Allocation Failure) 1291M->802M(1952M) 56.781ms
[491.762s][info][gc,cpu         ] GC(1292) User=0.38s Sys=0.00s Real=0.06s
[491.903s][info][gc,start       ] GC(1293) Pause Young (Allocation Failure)
[491.967s][info][gc,heap        ] GC(1293) PSYoungGen: 550048K->71680K(601088K)
[491.967s][info][gc,heap        ] GC(1293) PSOldGen: 775488K->813453K(1398272K)
[491.967s][info][gc,metaspace   ] GC(1293) Metaspace: 32116K(33072K)->32116K(33072K) NonClass: 28337K(28848K)->28337K(28848K) Class: 3778K(4224K)->3778K(4224K)
[491.967s][info][gc             ] GC(1293) Pause Young (Allocation Failure) 1294M->864M(1952M) 63.641ms
[491.967s][info][gc,cpu         ] GC(1293) User=0.34s Sys=0.03s Real=0.06s
[492.096s][info][gc,start       ] GC(1294) Pause Young (Allocation Failure)
[492.164s][info][gc,heap        ] GC(1294) PSYoungGen: 574976K->68640K(604160K)
[492.164s][info][gc,heap        ] GC(1294) PSOldGen: 813453K->871397K(1398272K)
[492.164s][info][gc,metaspace   ] GC(1294) Metaspace: 32116K(33072K)->32116K(33072K) NonClass: 28337K(28848K)->28337K(28848K) Class: 3778K(4224K)->3778K(4224K)
[492.164s][info][gc             ] GC(1294) Pause Young (Allocation Failure) 1355M->918M(1955M) 68.440ms
[492.164s][info][gc,cpu         ] GC(1294) User=0.38s Sys=0.00s Real=0.07s
[492.722s][info][gc,start       ] GC(1295) Pause Young (Allocation Failure)
[492.777s][info][gc,heap        ] GC(1295) PSYoungGen: 576032K->55936K(602112K)
[492.777s][info][gc,heap        ] GC(1295) PSOldGen: 871397K->901445K(1398272K)
[492.777s][info][gc,metaspace   ] GC(1295) Metaspace: 32116K(33072K)->32116K(33072K) NonClass: 28337K(28848K)->28337K(28848K) Class: 3778K(4224K)->3778K(4224K)
[492.777s][info][gc             ] GC(1295) Pause Young (Allocation Failure) 1413M->934M(1953M) 55.474ms
[492.777s][info][gc,cpu         ] GC(1295) User=0.38s Sys=0.00s Real=0.06s
[492.900s][info][gc,start       ] GC(1296) Pause Young (Allocation Failure)
[492.962s][info][gc,heap        ] GC(1296) PSYoungGen: 563328K->65472K(607744K)
[492.962s][info][gc,heap        ] GC(1296) PSOldGen: 901445K->947585K(1398272K)
[492.962s][info][gc,metaspace   ] GC(1296) Metaspace: 32116K(33072K)->32116K(33072K) NonClass: 28337K(28848K)->28337K(28848K) Class: 3778K(4224K)->3778K(4224K)
[492.962s][info][gc             ] GC(1296) Pause Young (Allocation Failure) 1430M->989M(1959M) 61.995ms
[492.962s][info][gc,cpu         ] GC(1296) User=0.38s Sys=0.00s Real=0.06s
[493.119s][info][gc,start       ] GC(1297) Pause Young (Allocation Failure)
[493.190s][info][gc,heap        ] GC(1297) PSYoungGen: 579520K->76896K(605184K)
[493.190s][info][gc,heap        ] GC(1297) PSOldGen: 947585K->994865K(1398272K)
[493.190s][info][gc,metaspace   ] GC(1297) Metaspace: 32116K(33072K)->32116K(33072K) NonClass: 28337K(28848K)->28337K(28848K) Class: 3778K(4224K)->3778K(4224K)
[493.190s][info][gc             ] GC(1297) Pause Young (Allocation Failure) 1491M->1046M(1956M) 71.279ms
[493.190s][info][gc,cpu         ] GC(1297) User=0.38s Sys=0.00s Real=0.07s
[493.816s][info][gc,start       ] GC(1298) Pause Young (Allocation Failure)
[493.875s][info][gc,heap        ] GC(1298) PSYoungGen: 590944K->57152K(607232K)
[493.875s][info][gc,heap        ] GC(1298) PSOldGen: 994865K->1028385K(1398272K)
[493.875s][info][gc,metaspace   ] GC(1298) Metaspace: 32116K(33072K)->32116K(33072K) NonClass: 28337K(28848K)->28337K(28848K) Class: 3778K(4224K)->3778K(4224K)
[493.875s][info][gc             ] GC(1298) Pause Young (Allocation Failure) 1548M->1060M(1958M) 59.052ms
[493.875s][info][gc,cpu         ] GC(1298) User=0.38s Sys=0.00s Real=0.06s
[493.999s][info][gc,start       ] GC(1299) Pause Young (Allocation Failure)
[494.063s][info][gc,heap        ] GC(1299) PSYoungGen: 571712K->67488K(606208K)
[494.063s][info][gc,heap        ] GC(1299) PSOldGen: 1028385K->1076198K(1398272K)
[494.063s][info][gc,metaspace   ] GC(1299) Metaspace: 32116K(33072K)->32116K(33072K) NonClass: 28337K(28848K)->28337K(28848K) Class: 3778K(4224K)->3778K(4224K)
[494.063s][info][gc             ] GC(1299) Pause Young (Allocation Failure) 1562M->1116M(1957M) 64.484ms
[494.063s][info][gc,cpu         ] GC(1299) User=0.31s Sys=0.00s Real=0.07s
[494.251s][info][gc,start       ] GC(1300) Pause Young (Allocation Failure)
[494.325s][info][gc,heap        ] GC(1300) PSYoungGen: 582048K->68512K(610304K)
[494.325s][info][gc,heap        ] GC(1300) PSOldGen: 1076198K->1116886K(1398272K)
[494.325s][info][gc,metaspace   ] GC(1300) Metaspace: 32116K(33072K)->32116K(33072K) NonClass: 28337K(28848K)->28337K(28848K) Class: 3778K(4224K)->3778K(4224K)
[494.325s][info][gc             ] GC(1300) Pause Young (Allocation Failure) 1619M->1157M(1961M) 73.217ms
[494.325s][info][gc,cpu         ] GC(1300) User=0.44s Sys=0.00s Real=0.07s
[494.841s][info][gc,start       ] GC(1301) Pause Young (Allocation Failure)
[494.901s][info][gc,heap        ] GC(1301) PSYoungGen: 588704K->58080K(608768K)
[494.901s][info][gc,heap        ] GC(1301) PSOldGen: 1116886K->1151062K(1398272K)
[494.901s][info][gc,metaspace   ] GC(1301) Metaspace: 32116K(33072K)->32116K(33072K) NonClass: 28337K(28848K)->28337K(28848K) Class: 3778K(4224K)->3778K(4224K)
[494.901s][info][gc             ] GC(1301) Pause Young (Allocation Failure) 1665M->1180M(1960M) 59.114ms
[494.901s][info][gc,cpu         ] GC(1301) User=0.38s Sys=0.00s Real=0.06s
[495.039s][info][gc,start       ] GC(1302) Pause Young (Allocation Failure)
[495.105s][info][gc,heap        ] GC(1302) PSYoungGen: 578272K->75104K(608256K)
[495.105s][info][gc,heap        ] GC(1302) PSOldGen: 1151062K->1195574K(1398272K)
[495.105s][info][gc,metaspace   ] GC(1302) Metaspace: 32116K(33072K)->32116K(33072K) NonClass: 28337K(28848K)->28337K(28848K) Class: 3778K(4224K)->3778K(4224K)
[495.105s][info][gc             ] GC(1302) Pause Young (Allocation Failure) 1688M->1240M(1959M) 66.023ms
[495.105s][info][gc,cpu         ] GC(1302) User=0.38s Sys=0.00s Real=0.06s
[495.422s][info][gc,start       ] GC(1303) Pause Young (Allocation Failure)
[495.490s][info][gc,heap        ] GC(1303) PSYoungGen: 595808K->59488K(609792K)
[495.490s][info][gc,heap        ] GC(1303) PSOldGen: 1195574K->1238038K(1398272K)
[495.490s][info][gc,metaspace   ] GC(1303) Metaspace: 32116K(33072K)->32116K(33072K) NonClass: 28337K(28848K)->28337K(28848K) Class: 3778K(4224K)->3778K(4224K)
[495.490s][info][gc             ] GC(1303) Pause Young (Allocation Failure) 1749M->1267M(1961M) 68.315ms
[495.490s][info][gc,cpu         ] GC(1303) User=0.38s Sys=0.00s Real=0.07s
[495.907s][info][gc,start       ] GC(1304) Pause Young (System.gc())
[495.946s][info][gc,heap        ] GC(1304) PSYoungGen: 185743K->12704K(597504K)
[495.946s][info][gc,heap        ] GC(1304) PSOldGen: 1238038K->1270014K(1398272K)
[495.946s][info][gc,metaspace   ] GC(1304) Metaspace: 32116K(33072K)->32116K(33072K) NonClass: 28337K(28848K)->28337K(28848K) Class: 3778K(4224K)->3778K(4224K)
[495.946s][info][gc             ] GC(1304) Pause Young (System.gc()) 1390M->1252M(1949M) 38.828ms
[495.946s][info][gc,cpu         ] GC(1304) User=0.28s Sys=0.00s Real=0.04s
[495.946s][info][gc,start       ] GC(1305) Pause Full (System.gc())
[495.946s][info][gc,phases,start] GC(1305) Phase 1: Mark live objects
[496.060s][info][gc,phases      ] GC(1305) Phase 1: Mark live objects 114.258ms
[496.060s][info][gc,phases,start] GC(1305) Phase 2: Compute new object addresses
[496.241s][info][gc,phases      ] GC(1305) Phase 2: Compute new object addresses 180.605ms
[496.241s][info][gc,phases,start] GC(1305) Phase 3: Adjust pointers
[496.324s][info][gc,phases      ] GC(1305) Phase 3: Adjust pointers 82.835ms
[496.324s][info][gc,phases,start] GC(1305) Phase 4: Move objects
[496.347s][info][gc,phases      ] GC(1305) Phase 4: Move objects 23.243ms
[496.347s][info][gc,heap        ] GC(1305) PSYoungGen: 12704K->0K(597504K)
[496.347s][info][gc,heap        ] GC(1305) PSOldGen: 1270014K->104287K(1398272K)
[496.347s][info][gc,metaspace   ] GC(1305) Metaspace: 32116K(33072K)->32116K(33072K) NonClass: 28337K(28848K)->28337K(28848K) Class: 3778K(4224K)->3778K(4224K)
[496.347s][info][gc             ] GC(1305) Pause Full (System.gc()) 1252M->101M(1949M) 401.729ms
[496.347s][info][gc,cpu         ] GC(1305) User=0.38s Sys=0.02s Real=0.40s
[496.494s][info][gc,start       ] GC(1306) Pause Young (Allocation Failure)
[496.531s][info][gc,heap        ] GC(1306) PSYoungGen: 509440K->66976K(604160K)
[496.531s][info][gc,heap        ] GC(1306) PSOldGen: 104287K->104287K(1398272K)
[496.531s][info][gc,metaspace   ] GC(1306) Metaspace: 32131K(33328K)->32131K(33328K) NonClass: 28352K(29104K)->28352K(29104K) Class: 3778K(4224K)->3778K(4224K)
[496.531s][info][gc             ] GC(1306) Pause Young (Allocation Failure) 599M->167M(1955M) 36.417ms
[496.531s][info][gc,cpu         ] GC(1306) User=0.19s Sys=0.00s Real=0.04s
[496.671s][info][gc,start       ] GC(1307) Pause Young (Allocation Failure)
[496.736s][info][gc,heap        ] GC(1307) PSYoungGen: 576416K->77024K(600064K)
[496.736s][info][gc,heap        ] GC(1307) PSOldGen: 104287K->153507K(1398272K)
[496.736s][info][gc,metaspace   ] GC(1307) Metaspace: 32131K(33328K)->32131K(33328K) NonClass: 28352K(29104K)->28352K(29104K) Class: 3778K(4224K)->3778K(4224K)
[496.736s][info][gc             ] GC(1307) Pause Young (Allocation Failure) 664M->225M(1951M) 64.655ms
[496.736s][info][gc,cpu         ] GC(1307) User=0.36s Sys=0.02s Real=0.06s
[497.399s][info][gc,start       ] GC(1308) Pause Young (Allocation Failure)
[497.447s][info][gc,heap        ] GC(1308) PSYoungGen: 583392K->37920K(544768K)
[497.447s][info][gc,heap        ] GC(1308) PSOldGen: 153507K->184843K(1398272K)
[497.447s][info][gc,metaspace   ] GC(1308) Metaspace: 32131K(33328K)->32131K(33328K) NonClass: 28352K(29104K)->28352K(29104K) Class: 3778K(4224K)->3778K(4224K)
[497.447s][info][gc             ] GC(1308) Pause Young (Allocation Failure) 719M->217M(1897M) 48.372ms
[497.447s][info][gc,cpu         ] GC(1308) User=0.28s Sys=0.00s Real=0.05s
[497.594s][info][gc,start       ] GC(1309) Pause Young (Allocation Failure)
[497.648s][info][gc,heap        ] GC(1309) PSYoungGen: 544288K->67104K(602624K)
[497.648s][info][gc,heap        ] GC(1309) PSOldGen: 184843K->218707K(1398272K)
[497.648s][info][gc,metaspace   ] GC(1309) Metaspace: 32131K(33328K)->32131K(33328K) NonClass: 28352K(29104K)->28352K(29104K) Class: 3778K(4224K)->3778K(4224K)
[497.648s][info][gc             ] GC(1309) Pause Young (Allocation Failure) 712M->279M(1954M) 54.323ms
[497.648s][info][gc,cpu         ] GC(1309) User=0.28s Sys=0.00s Real=0.05s
[497.780s][info][gc,start       ] GC(1310) Pause Young (Allocation Failure)
[497.846s][info][gc,heap        ] GC(1310) PSYoungGen: 572448K->70368K(601600K)
[497.846s][info][gc,heap        ] GC(1310) PSOldGen: 218707K->273355K(1398272K)
[497.846s][info][gc,metaspace   ] GC(1310) Metaspace: 32131K(33328K)->32131K(33328K) NonClass: 28352K(29104K)->28352K(29104K) Class: 3778K(4224K)->3778K(4224K)
[497.846s][info][gc             ] GC(1310) Pause Young (Allocation Failure) 772M->335M(1953M) 65.946ms
[497.846s][info][gc,cpu         ] GC(1310) User=0.38s Sys=0.00s Real=0.07s
[498.565s][info][gc,start       ] GC(1311) Pause Young (Allocation Failure)
[498.617s][info][gc,heap        ] GC(1311) PSYoungGen: 575712K->50752K(604160K)
[498.617s][info][gc,heap        ] GC(1311) PSOldGen: 273355K->303827K(1398272K)
[498.617s][info][gc,metaspace   ] GC(1311) Metaspace: 32131K(33328K)->32131K(33328K) NonClass: 28352K(29104K)->28352K(29104K) Class: 3778K(4224K)->3778K(4224K)
[498.617s][info][gc             ] GC(1311) Pause Young (Allocation Failure) 829M->346M(1955M) 51.758ms
[498.617s][info][gc,cpu         ] GC(1311) User=0.28s Sys=0.00s Real=0.05s
[498.761s][info][gc,start       ] GC(1312) Pause Young (Allocation Failure)
[498.823s][info][gc,heap        ] GC(1312) PSYoungGen: 558656K->72800K(602624K)
[498.823s][info][gc,heap        ] GC(1312) PSOldGen: 303827K->345100K(1398272K)
[498.823s][info][gc,metaspace   ] GC(1312) Metaspace: 32131K(33328K)->32131K(33328K) NonClass: 28352K(29104K)->28352K(29104K) Class: 3778K(4224K)->3778K(4224K)
[498.823s][info][gc             ] GC(1312) Pause Young (Allocation Failure) 842M->408M(1954M) 62.451ms
[498.823s][info][gc,cpu         ] GC(1312) User=0.38s Sys=0.00s Real=0.06s
[498.951s][info][gc,start       ] GC(1313) Pause Young (Allocation Failure)
[499.029s][info][gc,heap        ] GC(1313) PSYoungGen: 580704K->68576K(604160K)
[499.029s][info][gc,heap        ] GC(1313) PSOldGen: 345100K->405044K(1398272K)
[499.029s][info][gc,metaspace   ] GC(1313) Metaspace: 32131K(33328K)->32131K(33328K) NonClass: 28352K(29104K)->28352K(29104K) Class: 3778K(4224K)->3778K(4224K)
[499.029s][info][gc             ] GC(1313) Pause Young (Allocation Failure) 904M->462M(1955M) 77.593ms
[499.029s][info][gc,cpu         ] GC(1313) User=0.47s Sys=0.00s Real=0.08s
[499.650s][info][gc,start       ] GC(1314) Pause Young (Allocation Failure)
[499.707s][info][gc,heap        ] GC(1314) PSYoungGen: 576992K->53920K(603136K)
[499.707s][info][gc,heap        ] GC(1314) PSOldGen: 405044K->435148K(1398272K)
[499.707s][info][gc,metaspace   ] GC(1314) Metaspace: 32131K(33328K)->32131K(33328K) NonClass: 28352K(29104K)->28352K(29104K) Class: 3778K(4224K)->3778K(4224K)
[499.707s][info][gc             ] GC(1314) Pause Young (Allocation Failure) 959M->477M(1954M) 57.245ms
[499.707s][info][gc,cpu         ] GC(1314) User=0.28s Sys=0.00s Real=0.06s
[499.849s][info][gc,start       ] GC(1315) Pause Young (Allocation Failure)
[499.912s][info][gc,heap        ] GC(1315) PSYoungGen: 562336K->72256K(603648K)
[499.912s][info][gc,heap        ] GC(1315) PSOldGen: 435148K->477336K(1398272K)
[499.912s][info][gc,metaspace   ] GC(1315) Metaspace: 32131K(33328K)->32131K(33328K) NonClass: 28352K(29104K)->28352K(29104K) Class: 3778K(4224K)->3778K(4224K)
[499.912s][info][gc             ] GC(1315) Pause Young (Allocation Failure) 974M->536M(1955M) 63.251ms
[499.912s][info][gc,cpu         ] GC(1315) User=0.34s Sys=0.00s Real=0.06s
[500.071s][info][gc,start       ] GC(1316) Pause Young (Allocation Failure)
[500.139s][info][gc,heap        ] GC(1316) PSYoungGen: 582720K->75904K(586752K)
[500.139s][info][gc,heap        ] GC(1316) PSOldGen: 477336K->527160K(1398272K)
[500.139s][info][gc,metaspace   ] GC(1316) Metaspace: 32131K(33328K)->32131K(33328K) NonClass: 28352K(29104K)->28352K(29104K) Class: 3778K(4224K)->3778K(4224K)
[500.139s][info][gc             ] GC(1316) Pause Young (Allocation Failure) 1035M->588M(1938M) 68.465ms
[500.139s][info][gc,cpu         ] GC(1316) User=0.36s Sys=0.00s Real=0.07s
[500.672s][info][gc,start       ] GC(1317) Pause Young (Allocation Failure)
[500.731s][info][gc,heap        ] GC(1317) PSYoungGen: 586368K->60800K(605696K)
[500.731s][info][gc,heap        ] GC(1317) PSOldGen: 527160K->559320K(1398272K)
[500.731s][info][gc,metaspace   ] GC(1317) Metaspace: 32131K(33328K)->32131K(33328K) NonClass: 28352K(29104K)->28352K(29104K) Class: 3778K(4224K)->3778K(4224K)
[500.731s][info][gc             ] GC(1317) Pause Young (Allocation Failure) 1087M->605M(1957M) 59.058ms
[500.731s][info][gc,cpu         ] GC(1317) User=0.36s Sys=0.00s Real=0.06s
[500.863s][info][gc,start       ] GC(1318) Pause Young (Allocation Failure)
[500.930s][info][gc,heap        ] GC(1318) PSYoungGen: 570752K->70848K(603136K)
[500.930s][info][gc,heap        ] GC(1318) PSOldGen: 559320K->608137K(1398272K)
[500.930s][info][gc,metaspace   ] GC(1318) Metaspace: 32131K(33328K)->32131K(33328K) NonClass: 28352K(29104K)->28352K(29104K) Class: 3778K(4224K)->3778K(4224K)
[500.930s][info][gc             ] GC(1318) Pause Young (Allocation Failure) 1103M->663M(1954M) 67.011ms
[500.930s][info][gc,cpu         ] GC(1318) User=0.47s Sys=0.00s Real=0.07s
[501.161s][info][gc,start       ] GC(1319) Pause Young (Allocation Failure)
[501.224s][info][gc,heap        ] GC(1319) PSYoungGen: 580800K->64224K(608768K)
[501.225s][info][gc,heap        ] GC(1319) PSOldGen: 608137K->643673K(1398272K)
[501.225s][info][gc,metaspace   ] GC(1319) Metaspace: 32131K(33328K)->32131K(33328K) NonClass: 28352K(29104K)->28352K(29104K) Class: 3778K(4224K)->3778K(4224K)
[501.225s][info][gc             ] GC(1319) Pause Young (Allocation Failure) 1161M->691M(1960M) 63.345ms
[501.225s][info][gc,cpu         ] GC(1319) User=0.38s Sys=0.00s Real=0.07s
[501.717s][info][gc,start       ] GC(1320) Pause Young (Allocation Failure)
[501.775s][info][gc,heap        ] GC(1320) PSYoungGen: 580320K->66208K(606208K)
[501.775s][info][gc,heap        ] GC(1320) PSOldGen: 643673K->677697K(1398272K)
[501.775s][info][gc,metaspace   ] GC(1320) Metaspace: 32131K(33328K)->32131K(33328K) NonClass: 28352K(29104K)->28352K(29104K) Class: 3778K(4224K)->3778K(4224K)
[501.775s][info][gc             ] GC(1320) Pause Young (Allocation Failure) 1195M->726M(1957M) 57.741ms
[501.775s][info][gc,cpu         ] GC(1320) User=0.38s Sys=0.00s Real=0.06s
[501.921s][info][gc,start       ] GC(1321) Pause Young (Allocation Failure)
[501.989s][info][gc,heap        ] GC(1321) PSYoungGen: 582304K->78912K(604672K)
[501.990s][info][gc,heap        ] GC(1321) PSOldGen: 677697K->727261K(1398272K)
[501.990s][info][gc,metaspace   ] GC(1321) Metaspace: 32131K(33328K)->32131K(33328K) NonClass: 28352K(29104K)->28352K(29104K) Class: 3778K(4224K)->3778K(4224K)
[501.990s][info][gc             ] GC(1321) Pause Young (Allocation Failure) 1230M->787M(1956M) 68.530ms
[501.990s][info][gc,cpu         ] GC(1321) User=0.38s Sys=0.00s Real=0.07s
[502.749s][info][gc,start       ] GC(1322) Pause Young (Allocation Failure)
[502.802s][info][gc,heap        ] GC(1322) PSYoungGen: 595520K->37312K(553984K)
[502.802s][info][gc,heap        ] GC(1322) PSOldGen: 727261K->760773K(1398272K)
[502.802s][info][gc,metaspace   ] GC(1322) Metaspace: 32131K(33328K)->32131K(33328K) NonClass: 28352K(29104K)->28352K(29104K) Class: 3778K(4224K)->3778K(4224K)
[502.802s][info][gc             ] GC(1322) Pause Young (Allocation Failure) 1291M->779M(1906M) 52.737ms
[502.802s][info][gc,cpu         ] GC(1322) User=0.28s Sys=0.00s Real=0.06s
[502.951s][info][gc,start       ] GC(1323) Pause Young (Allocation Failure)
[503.008s][info][gc,heap        ] GC(1323) PSYoungGen: 553920K->69536K(606208K)
[503.009s][info][gc,heap        ] GC(1323) PSOldGen: 760773K->796125K(1398272K)
[503.009s][info][gc,metaspace   ] GC(1323) Metaspace: 32131K(33328K)->32131K(33328K) NonClass: 28352K(29104K)->28352K(29104K) Class: 3778K(4224K)->3778K(4224K)
[503.009s][info][gc             ] GC(1323) Pause Young (Allocation Failure) 1283M->845M(1957M) 57.363ms
[503.009s][info][gc,cpu         ] GC(1323) User=0.38s Sys=0.00s Real=0.06s
[503.143s][info][gc,start       ] GC(1324) Pause Young (Allocation Failure)
[503.217s][info][gc,heap        ] GC(1324) PSYoungGen: 582048K->70688K(605184K)
[503.217s][info][gc,heap        ] GC(1324) PSOldGen: 796125K->852182K(1398272K)
[503.217s][info][gc,metaspace   ] GC(1324) Metaspace: 32131K(33328K)->32131K(33328K) NonClass: 28352K(29104K)->28352K(29104K) Class: 3778K(4224K)->3778K(4224K)
[503.217s][info][gc             ] GC(1324) Pause Young (Allocation Failure) 1345M->901M(1956M) 73.842ms
[503.217s][info][gc,cpu         ] GC(1324) User=0.38s Sys=0.00s Real=0.07s
[503.919s][info][gc,start       ] GC(1325) Pause Young (Allocation Failure)
[503.975s][info][gc,heap        ] GC(1325) PSYoungGen: 583200K->47456K(606208K)
[503.975s][info][gc,heap        ] GC(1325) PSOldGen: 852182K->882766K(1398272K)
[503.975s][info][gc,metaspace   ] GC(1325) Metaspace: 32132K(33328K)->32132K(33328K) NonClass: 28353K(29104K)->28353K(29104K) Class: 3778K(4224K)->3778K(4224K)
[503.975s][info][gc             ] GC(1325) Pause Young (Allocation Failure) 1401M->908M(1957M) 55.978ms
[503.975s][info][gc,cpu         ] GC(1325) User=0.28s Sys=0.00s Real=0.06s
[504.111s][info][gc,start       ] GC(1326) Pause Young (Allocation Failure)
[504.172s][info][gc,heap        ] GC(1326) PSYoungGen: 560992K->64960K(606208K)
[504.172s][info][gc,heap        ] GC(1326) PSOldGen: 882766K->926342K(1398272K)
[504.172s][info][gc,metaspace   ] GC(1326) Metaspace: 32132K(33328K)->32132K(33328K) NonClass: 28353K(29104K)->28353K(29104K) Class: 3778K(4224K)->3778K(4224K)
[504.172s][info][gc             ] GC(1326) Pause Young (Allocation Failure) 1409M->968M(1957M) 61.002ms
[504.172s][info][gc,cpu         ] GC(1326) User=0.38s Sys=0.00s Real=0.06s
[504.312s][info][gc,start       ] GC(1327) Pause Young (Allocation Failure)
[504.389s][info][gc,heap        ] GC(1327) PSYoungGen: 578496K->71168K(608256K)
[504.389s][info][gc,heap        ] GC(1327) PSOldGen: 926342K->978254K(1398272K)
[504.390s][info][gc,metaspace   ] GC(1327) Metaspace: 32132K(33328K)->32132K(33328K) NonClass: 28353K(29104K)->28353K(29104K) Class: 3778K(4224K)->3778K(4224K)
[504.390s][info][gc             ] GC(1327) Pause Young (Allocation Failure) 1469M->1024M(1959M) 77.265ms
[504.390s][info][gc,cpu         ] GC(1327) User=0.45s Sys=0.00s Real=0.08s
[505.019s][info][gc,start       ] GC(1328) Pause Young (Allocation Failure)
[505.079s][info][gc,heap        ] GC(1328) PSYoungGen: 588800K->59680K(608256K)
[505.079s][info][gc,heap        ] GC(1328) PSOldGen: 978254K->1009302K(1398272K)
[505.079s][info][gc,metaspace   ] GC(1328) Metaspace: 32132K(33328K)->32132K(33328K) NonClass: 28354K(29104K)->28354K(29104K) Class: 3778K(4224K)->3778K(4224K)
[505.079s][info][gc             ] GC(1328) Pause Young (Allocation Failure) 1530M->1043M(1959M) 60.131ms
[505.079s][info][gc,cpu         ] GC(1328) User=0.33s Sys=0.00s Real=0.07s
[505.213s][info][gc,start       ] GC(1329) Pause Young (Allocation Failure)
[505.282s][info][gc,heap        ] GC(1329) PSYoungGen: 577312K->72544K(608768K)
[505.282s][info][gc,heap        ] GC(1329) PSOldGen: 1009302K->1056679K(1398272K)
[505.282s][info][gc,metaspace   ] GC(1329) Metaspace: 32132K(33328K)->32132K(33328K) NonClass: 28354K(29104K)->28354K(29104K) Class: 3778K(4224K)->3778K(4224K)
[505.282s][info][gc             ] GC(1329) Pause Young (Allocation Failure) 1549M->1102M(1960M) 69.115ms
[505.282s][info][gc,cpu         ] GC(1329) User=0.36s Sys=0.00s Real=0.07s
[505.478s][info][gc,start       ] GC(1330) Pause Young (Allocation Failure)
[505.555s][info][gc,heap        ] GC(1330) PSYoungGen: 592224K->67744K(609280K)
[505.556s][info][gc,heap        ] GC(1330) PSOldGen: 1056679K->1101583K(1398272K)
[505.556s][info][gc,metaspace   ] GC(1330) Metaspace: 32132K(33328K)->32132K(33328K) NonClass: 28354K(29104K)->28354K(29104K) Class: 3778K(4224K)->3778K(4224K)
[505.556s][info][gc             ] GC(1330) Pause Young (Allocation Failure) 1610M->1141M(1960M) 77.801ms
[505.556s][info][gc,cpu         ] GC(1330) User=0.47s Sys=0.00s Real=0.09s
[506.263s][info][gc,start       ] GC(1331) Pause Young (Allocation Failure)
[506.326s][info][gc,heap        ] GC(1331) PSYoungGen: 587424K->69120K(611328K)
[506.326s][info][gc,heap        ] GC(1331) PSOldGen: 1101583K->1134415K(1398272K)
[506.326s][info][gc,metaspace   ] GC(1331) Metaspace: 32132K(33328K)->32132K(33328K) NonClass: 28354K(29104K)->28354K(29104K) Class: 3778K(4224K)->3778K(4224K)
[506.326s][info][gc             ] GC(1331) Pause Young (Allocation Failure) 1649M->1175M(1962M) 63.097ms
[506.326s][info][gc,cpu         ] GC(1331) User=0.38s Sys=0.00s Real=0.07s
[506.489s][info][gc,start       ] GC(1332) Pause Young (Allocation Failure)
[506.561s][info][gc,heap        ] GC(1332) PSYoungGen: 591872K->82720K(605696K)
[506.561s][info][gc,heap        ] GC(1332) PSOldGen: 1134415K->1185863K(1398272K)
[506.561s][info][gc,metaspace   ] GC(1332) Metaspace: 32132K(33328K)->32132K(33328K) NonClass: 28354K(29104K)->28354K(29104K) Class: 3778K(4224K)->3778K(4224K)
[506.561s][info][gc             ] GC(1332) Pause Young (Allocation Failure) 1685M->1238M(1957M) 71.536ms
[506.561s][info][gc,cpu         ] GC(1332) User=0.45s Sys=0.00s Real=0.07s
[507.294s][info][gc,start       ] GC(1333) Pause Young (System.gc())
[507.344s][info][gc,heap        ] GC(1333) PSYoungGen: 565617K->35392K(601600K)
[507.344s][info][gc,heap        ] GC(1333) PSOldGen: 1185863K->1221719K(1398272K)
[507.344s][info][gc,metaspace   ] GC(1333) Metaspace: 32132K(33328K)->32132K(33328K) NonClass: 28354K(29104K)->28354K(29104K) Class: 3778K(4224K)->3778K(4224K)
[507.344s][info][gc             ] GC(1333) Pause Young (System.gc()) 1710M->1227M(1953M) 50.188ms
[507.344s][info][gc,cpu         ] GC(1333) User=0.28s Sys=0.00s Real=0.05s
[507.344s][info][gc,start       ] GC(1334) Pause Full (System.gc())
[507.344s][info][gc,phases,start] GC(1334) Phase 1: Mark live objects
[507.461s][info][gc,phases      ] GC(1334) Phase 1: Mark live objects 116.262ms
[507.461s][info][gc,phases,start] GC(1334) Phase 2: Compute new object addresses
[507.637s][info][gc,phases      ] GC(1334) Phase 2: Compute new object addresses 175.951ms
[507.637s][info][gc,phases,start] GC(1334) Phase 3: Adjust pointers
[507.714s][info][gc,phases      ] GC(1334) Phase 3: Adjust pointers 77.499ms
[507.714s][info][gc,phases,start] GC(1334) Phase 4: Move objects
[507.738s][info][gc,phases      ] GC(1334) Phase 4: Move objects 23.294ms
[507.738s][info][gc,heap        ] GC(1334) PSYoungGen: 35392K->0K(601600K)
[507.738s][info][gc,heap        ] GC(1334) PSOldGen: 1221719K->126395K(1398272K)
[507.738s][info][gc,metaspace   ] GC(1334) Metaspace: 32132K(33328K)->32132K(33328K) NonClass: 28354K(29104K)->28354K(29104K) Class: 3778K(4224K)->3778K(4224K)
[507.738s][info][gc             ] GC(1334) Pause Full (System.gc()) 1227M->123M(1953M) 393.802ms
[507.738s][info][gc,cpu         ] GC(1334) User=0.39s Sys=0.00s Real=0.39s
[507.968s][info][gc,start       ] GC(1335) Pause Young (Allocation Failure)
[508.012s][info][gc,heap        ] GC(1335) PSYoungGen: 509440K->78240K(587776K)
[508.012s][info][gc,heap        ] GC(1335) PSOldGen: 126395K->126395K(1398272K)
[508.012s][info][gc,metaspace   ] GC(1335) Metaspace: 32132K(33328K)->32132K(33328K) NonClass: 28354K(29104K)->28354K(29104K) Class: 3778K(4224K)->3778K(4224K)
[508.012s][info][gc             ] GC(1335) Pause Young (Allocation Failure) 620M->199M(1939M) 44.124ms
[508.012s][info][gc,cpu         ] GC(1335) User=0.28s Sys=0.00s Real=0.06s
[508.152s][info][gc,start       ] GC(1336) Pause Young (Allocation Failure)
[508.230s][info][gc,heap        ] GC(1336) PSYoungGen: 587680K->73600K(601600K)
[508.230s][info][gc,heap        ] GC(1336) PSOldGen: 126395K->188919K(1398272K)
[508.230s][info][gc,metaspace   ] GC(1336) Metaspace: 32132K(33328K)->32132K(33328K) NonClass: 28354K(29104K)->28354K(29104K) Class: 3778K(4224K)->3778K(4224K)
[508.230s][info][gc             ] GC(1336) Pause Young (Allocation Failure) 697M->256M(1953M) 77.362ms
[508.230s][info][gc,cpu         ] GC(1336) User=0.45s Sys=0.02s Real=0.08s
[508.973s][info][gc,start       ] GC(1337) Pause Young (Allocation Failure)
[509.032s][info][gc,heap        ] GC(1337) PSYoungGen: 577920K->54240K(601600K)
[509.032s][info][gc,heap        ] GC(1337) PSOldGen: 188919K->220239K(1398272K)
[509.032s][info][gc,metaspace   ] GC(1337) Metaspace: 32135K(33328K)->32135K(33328K) NonClass: 28356K(29104K)->28356K(29104K) Class: 3779K(4224K)->3779K(4224K)
[509.032s][info][gc             ] GC(1337) Pause Young (Allocation Failure) 748M->268M(1953M) 58.511ms
[509.032s][info][gc,cpu         ] GC(1337) User=0.38s Sys=0.00s Real=0.07s
[509.174s][info][gc,start       ] GC(1338) Pause Young (Allocation Failure)
[509.243s][info][gc,heap        ] GC(1338) PSYoungGen: 558560K->73216K(602624K)
[509.243s][info][gc,heap        ] GC(1338) PSOldGen: 220239K->262336K(1398272K)
[509.243s][info][gc,metaspace   ] GC(1338) Metaspace: 32135K(33328K)->32135K(33328K) NonClass: 28356K(29104K)->28356K(29104K) Class: 3779K(4224K)->3779K(4224K)
[509.243s][info][gc             ] GC(1338) Pause Young (Allocation Failure) 760M->327M(1954M) 69.003ms
[509.243s][info][gc,cpu         ] GC(1338) User=0.47s Sys=0.00s Real=0.07s
[509.407s][info][gc,start       ] GC(1339) Pause Young (Allocation Failure)
[509.477s][info][gc,heap        ] GC(1339) PSYoungGen: 579584K->77984K(584704K)
[509.477s][info][gc,heap        ] GC(1339) PSOldGen: 262336K->313144K(1398272K)
[509.477s][info][gc,metaspace   ] GC(1339) Metaspace: 32135K(33328K)->32135K(33328K) NonClass: 28356K(29104K)->28356K(29104K) Class: 3779K(4224K)->3779K(4224K)
[509.477s][info][gc             ] GC(1339) Pause Young (Allocation Failure) 822M->381M(1936M) 70.520ms
[509.477s][info][gc,cpu         ] GC(1339) User=0.44s Sys=0.02s Real=0.07s
[510.059s][info][gc,start       ] GC(1340) Pause Young (Allocation Failure)
[510.119s][info][gc,heap        ] GC(1340) PSYoungGen: 584352K->56064K(602624K)
[510.119s][info][gc,heap        ] GC(1340) PSOldGen: 313144K->345328K(1398272K)
[510.119s][info][gc,metaspace   ] GC(1340) Metaspace: 32135K(33328K)->32135K(33328K) NonClass: 28356K(29104K)->28356K(29104K) Class: 3779K(4224K)->3779K(4224K)
[510.119s][info][gc             ] GC(1340) Pause Young (Allocation Failure) 876M->391M(1954M) 59.826ms
[510.119s][info][gc,cpu         ] GC(1340) User=0.38s Sys=0.00s Real=0.06s
[510.273s][info][gc,start       ] GC(1341) Pause Young (Allocation Failure)
[510.348s][info][gc,heap        ] GC(1341) PSYoungGen: 560896K->78560K(583680K)
[510.348s][info][gc,heap        ] GC(1341) PSOldGen: 345328K->386544K(1398272K)
[510.348s][info][gc,metaspace   ] GC(1341) Metaspace: 32135K(33328K)->32135K(33328K) NonClass: 28356K(29104K)->28356K(29104K) Class: 3779K(4224K)->3779K(4224K)
[510.348s][info][gc             ] GC(1341) Pause Young (Allocation Failure) 884M->454M(1935M) 75.077ms
[510.348s][info][gc,cpu         ] GC(1341) User=0.44s Sys=0.00s Real=0.07s
[510.567s][info][gc,start       ] GC(1342) Pause Young (Allocation Failure)
[510.636s][info][gc,heap        ] GC(1342) PSYoungGen: 583392K->63840K(603136K)
[510.636s][info][gc,heap        ] GC(1342) PSOldGen: 386544K->424304K(1398272K)
[510.636s][info][gc,metaspace   ] GC(1342) Metaspace: 32135K(33328K)->32135K(33328K) NonClass: 28356K(29104K)->28356K(29104K) Class: 3779K(4224K)->3779K(4224K)
[510.636s][info][gc             ] GC(1342) Pause Young (Allocation Failure) 947M->476M(1954M) 68.788ms
[510.636s][info][gc,cpu         ] GC(1342) User=0.44s Sys=0.00s Real=0.08s
[511.136s][info][gc,start       ] GC(1343) Pause Young (Allocation Failure)
[511.194s][info][gc,heap        ] GC(1343) PSYoungGen: 568672K->68160K(600576K)
[511.194s][info][gc,heap        ] GC(1343) PSOldGen: 424304K->458200K(1398272K)
[511.194s][info][gc,metaspace   ] GC(1343) Metaspace: 32135K(33328K)->32135K(33328K) NonClass: 28356K(29104K)->28356K(29104K) Class: 3779K(4224K)->3779K(4224K)
[511.194s][info][gc             ] GC(1343) Pause Young (Allocation Failure) 969M->514M(1952M) 58.289ms
[511.194s][info][gc,cpu         ] GC(1343) User=0.28s Sys=0.00s Real=0.07s
[511.333s][info][gc,start       ] GC(1344) Pause Young (Allocation Failure)
[511.403s][info][gc,heap        ] GC(1344) PSYoungGen: 572992K->75680K(604672K)
[511.403s][info][gc,heap        ] GC(1344) PSOldGen: 458200K->511901K(1398272K)
[511.403s][info][gc,metaspace   ] GC(1344) Metaspace: 32135K(33328K)->32135K(33328K) NonClass: 28356K(29104K)->28356K(29104K) Class: 3779K(4224K)->3779K(4224K)
[511.403s][info][gc             ] GC(1344) Pause Young (Allocation Failure) 1007M->573M(1956M) 69.825ms
[511.403s][info][gc,cpu         ] GC(1344) User=0.44s Sys=0.00s Real=0.07s
[512.120s][info][gc,start       ] GC(1345) Pause Young (Allocation Failure)
[512.170s][info][gc,heap        ] GC(1345) PSYoungGen: 587168K->40544K(552448K)
[512.170s][info][gc,heap        ] GC(1345) PSOldGen: 511901K->544269K(1398272K)
[512.170s][info][gc,metaspace   ] GC(1345) Metaspace: 32135K(33328K)->32135K(33328K) NonClass: 28356K(29104K)->28356K(29104K) Class: 3779K(4224K)->3779K(4224K)
[512.170s][info][gc             ] GC(1345) Pause Young (Allocation Failure) 1073M->571M(1905M) 50.517ms
[512.170s][info][gc,cpu         ] GC(1345) User=0.28s Sys=0.00s Real=0.05s
[512.314s][info][gc,start       ] GC(1346) Pause Young (Allocation Failure)
[512.370s][info][gc,heap        ] GC(1346) PSYoungGen: 552032K->66912K(605184K)
[512.370s][info][gc,heap        ] GC(1346) PSOldGen: 544269K->582521K(1398272K)
[512.370s][info][gc,metaspace   ] GC(1346) Metaspace: 32135K(33328K)->32135K(33328K) NonClass: 28356K(29104K)->28356K(29104K) Class: 3779K(4224K)->3779K(4224K)
[512.370s][info][gc             ] GC(1346) Pause Young (Allocation Failure) 1070M->634M(1956M) 56.228ms
[512.370s][info][gc,cpu         ] GC(1346) User=0.38s Sys=0.00s Real=0.06s
[512.512s][info][gc,start       ] GC(1347) Pause Young (Allocation Failure)
[512.583s][info][gc,heap        ] GC(1347) PSYoungGen: 576352K->77280K(603136K)
[512.583s][info][gc,heap        ] GC(1347) PSOldGen: 582521K->632057K(1398272K)
[512.583s][info][gc,metaspace   ] GC(1347) Metaspace: 32135K(33328K)->32135K(33328K) NonClass: 28356K(29104K)->28356K(29104K) Class: 3779K(4224K)->3779K(4224K)
[512.584s][info][gc             ] GC(1347) Pause Young (Allocation Failure) 1131M->692M(1954M) 71.403ms
[512.584s][info][gc,cpu         ] GC(1347) User=0.36s Sys=0.00s Real=0.07s
[513.212s][info][gc,start       ] GC(1348) Pause Young (Allocation Failure)
[513.269s][info][gc,heap        ] GC(1348) PSYoungGen: 586720K->45632K(602624K)
[513.269s][info][gc,heap        ] GC(1348) PSOldGen: 632057K->663785K(1398272K)
[513.269s][info][gc,metaspace   ] GC(1348) Metaspace: 32135K(33328K)->32135K(33328K) NonClass: 28356K(29104K)->28356K(29104K) Class: 3779K(4224K)->3779K(4224K)
[513.269s][info][gc             ] GC(1348) Pause Young (Allocation Failure) 1190M->692M(1954M) 56.958ms
[513.269s][info][gc,cpu         ] GC(1348) User=0.27s Sys=0.02s Real=0.07s
[513.411s][info][gc,start       ] GC(1349) Pause Young (Allocation Failure)
[513.477s][info][gc,heap        ] GC(1349) PSYoungGen: 553024K->72288K(603136K)
[513.477s][info][gc,heap        ] GC(1349) PSOldGen: 663785K->701749K(1398272K)
[513.477s][info][gc,metaspace   ] GC(1349) Metaspace: 32135K(33328K)->32135K(33328K) NonClass: 28356K(29104K)->28356K(29104K) Class: 3779K(4224K)->3779K(4224K)
[513.477s][info][gc             ] GC(1349) Pause Young (Allocation Failure) 1188M->755M(1954M) 66.475ms
[513.477s][info][gc,cpu         ] GC(1349) User=0.45s Sys=0.00s Real=0.07s
[513.613s][info][gc,start       ] GC(1350) Pause Young (Allocation Failure)
[513.694s][info][gc,heap        ] GC(1350) PSYoungGen: 579680K->72256K(603648K)
[513.694s][info][gc,heap        ] GC(1350) PSOldGen: 701749K->758133K(1398272K)
[513.694s][info][gc,metaspace   ] GC(1350) Metaspace: 32135K(33328K)->32135K(33328K) NonClass: 28356K(29104K)->28356K(29104K) Class: 3779K(4224K)->3779K(4224K)
[513.694s][info][gc             ] GC(1350) Pause Young (Allocation Failure) 1251M->810M(1955M) 80.905ms
[513.694s][info][gc,cpu         ] GC(1350) User=0.47s Sys=0.00s Real=0.08s
[514.387s][info][gc,start       ] GC(1351) Pause Young (Allocation Failure)
[514.439s][info][gc,heap        ] GC(1351) PSYoungGen: 580160K->50496K(603136K)
[514.439s][info][gc,heap        ] GC(1351) PSOldGen: 758133K->788549K(1398272K)
[514.439s][info][gc,metaspace   ] GC(1351) Metaspace: 32135K(33328K)->32135K(33328K) NonClass: 28356K(29104K)->28356K(29104K) Class: 3779K(4224K)->3779K(4224K)
[514.439s][info][gc             ] GC(1351) Pause Young (Allocation Failure) 1306M->819M(1954M) 52.361ms
[514.439s][info][gc,cpu         ] GC(1351) User=0.28s Sys=0.00s Real=0.06s
[514.586s][info][gc,start       ] GC(1352) Pause Young (Allocation Failure)
[514.650s][info][gc,heap        ] GC(1352) PSYoungGen: 558400K->74144K(602624K)
[514.650s][info][gc,heap        ] GC(1352) PSOldGen: 788549K->828298K(1398272K)
[514.650s][info][gc,metaspace   ] GC(1352) Metaspace: 32135K(33328K)->32135K(33328K) NonClass: 28356K(29104K)->28356K(29104K) Class: 3779K(4224K)->3779K(4224K)
[514.650s][info][gc             ] GC(1352) Pause Young (Allocation Failure) 1315M->881M(1954M) 63.196ms
[514.650s][info][gc,cpu         ] GC(1352) User=0.38s Sys=0.00s Real=0.06s
[514.793s][info][gc,start       ] GC(1353) Pause Young (Allocation Failure)
[514.877s][info][gc,heap        ] GC(1353) PSYoungGen: 581536K->74592K(582144K)
[514.877s][info][gc,heap        ] GC(1353) PSOldGen: 828298K->885746K(1398272K)
[514.877s][info][gc,metaspace   ] GC(1353) Metaspace: 32135K(33328K)->32135K(33328K) NonClass: 28356K(29104K)->28356K(29104K) Class: 3779K(4224K)->3779K(4224K)
[514.877s][info][gc             ] GC(1353) Pause Young (Allocation Failure) 1376M->937M(1934M) 84.534ms
[514.877s][info][gc,cpu         ] GC(1353) User=0.47s Sys=0.00s Real=0.08s
[515.459s][info][gc,start       ] GC(1354) Pause Young (Allocation Failure)
[515.518s][info][gc,heap        ] GC(1354) PSYoungGen: 581984K->61152K(605184K)
[515.518s][info][gc,heap        ] GC(1354) PSOldGen: 885746K->917122K(1398272K)
[515.518s][info][gc,metaspace   ] GC(1354) Metaspace: 32135K(33328K)->32135K(33328K) NonClass: 28356K(29104K)->28356K(29104K) Class: 3779K(4224K)->3779K(4224K)
[515.518s][info][gc             ] GC(1354) Pause Young (Allocation Failure) 1433M->955M(1956M) 59.053ms
[515.518s][info][gc,cpu         ] GC(1354) User=0.38s Sys=0.00s Real=0.07s
[515.660s][info][gc,start       ] GC(1355) Pause Young (Allocation Failure)
[515.729s][info][gc,heap        ] GC(1355) PSYoungGen: 570080K->79776K(602624K)
[515.729s][info][gc,heap        ] GC(1355) PSOldGen: 917122K->961450K(1398272K)
[515.729s][info][gc,metaspace   ] GC(1355) Metaspace: 32135K(33328K)->32135K(33328K) NonClass: 28356K(29104K)->28356K(29104K) Class: 3779K(4224K)->3779K(4224K)
[515.729s][info][gc             ] GC(1355) Pause Young (Allocation Failure) 1452M->1016M(1954M) 68.989ms
[515.729s][info][gc,cpu         ] GC(1355) User=0.47s Sys=0.00s Real=0.07s
[516.027s][info][gc,start       ] GC(1356) Pause Young (Allocation Failure)
[516.093s][info][gc,heap        ] GC(1356) PSYoungGen: 588704K->61664K(604672K)
[516.093s][info][gc,heap        ] GC(1356) PSOldGen: 961450K->995162K(1398272K)
[516.093s][info][gc,metaspace   ] GC(1356) Metaspace: 32135K(33328K)->32135K(33328K) NonClass: 28356K(29104K)->28356K(29104K) Class: 3779K(4224K)->3779K(4224K)
[516.093s][info][gc             ] GC(1356) Pause Young (Allocation Failure) 1513M->1032M(1956M) 65.825ms
[516.093s][info][gc,cpu         ] GC(1356) User=0.36s Sys=0.02s Real=0.07s
[516.548s][info][gc,start       ] GC(1357) Pause Young (Allocation Failure)
[516.609s][info][gc,heap        ] GC(1357) PSYoungGen: 570080K->71776K(602624K)
[516.609s][info][gc,heap        ] GC(1357) PSOldGen: 995162K->1030458K(1398272K)
[516.609s][info][gc,metaspace   ] GC(1357) Metaspace: 32135K(33328K)->32135K(33328K) NonClass: 28356K(29104K)->28356K(29104K) Class: 3779K(4224K)->3779K(4224K)
[516.609s][info][gc             ] GC(1357) Pause Young (Allocation Failure) 1528M->1076M(1954M) 61.470ms
[516.609s][info][gc,cpu         ] GC(1357) User=0.33s Sys=0.00s Real=0.07s
[516.754s][info][gc,start       ] GC(1358) Pause Young (Allocation Failure)
[516.823s][info][gc,heap        ] GC(1358) PSYoungGen: 580192K->76576K(604160K)
[516.823s][info][gc,heap        ] GC(1358) PSOldGen: 1030458K->1084895K(1398272K)
[516.823s][info][gc,metaspace   ] GC(1358) Metaspace: 32135K(33328K)->32135K(33328K) NonClass: 28356K(29104K)->28356K(29104K) Class: 3779K(4224K)->3779K(4224K)
[516.823s][info][gc             ] GC(1358) Pause Young (Allocation Failure) 1572M->1134M(1955M) 69.184ms
[516.823s][info][gc,cpu         ] GC(1358) User=0.47s Sys=0.00s Real=0.07s
[517.508s][info][gc,start       ] GC(1359) Pause Young (Allocation Failure)
[517.567s][info][gc,heap        ] GC(1359) PSYoungGen: 587040K->47200K(558080K)
[517.567s][info][gc,heap        ] GC(1359) PSOldGen: 1084895K->1117135K(1398272K)
[517.567s][info][gc,metaspace   ] GC(1359) Metaspace: 32135K(33328K)->32135K(33328K) NonClass: 28356K(29104K)->28356K(29104K) Class: 3779K(4224K)->3779K(4224K)
[517.567s][info][gc             ] GC(1359) Pause Young (Allocation Failure) 1632M->1137M(1910M) 59.234ms
[517.567s][info][gc,cpu         ] GC(1359) User=0.30s Sys=0.00s Real=0.06s
[517.701s][info][gc,start       ] GC(1360) Pause Young (Allocation Failure)
[517.764s][info][gc,heap        ] GC(1360) PSYoungGen: 557664K->69568K(605184K)
[517.764s][info][gc,heap        ] GC(1360) PSOldGen: 1117135K->1158215K(1398272K)
[517.764s][info][gc,metaspace   ] GC(1360) Metaspace: 32135K(33328K)->32135K(33328K) NonClass: 28356K(29104K)->28356K(29104K) Class: 3779K(4224K)->3779K(4224K)
[517.764s][info][gc             ] GC(1360) Pause Young (Allocation Failure) 1635M->1199M(1956M) 62.226ms
[517.764s][info][gc,cpu         ] GC(1360) User=0.38s Sys=0.00s Real=0.06s
[517.898s][info][gc,start       ] GC(1361) Pause Young (Allocation Failure)
[517.980s][info][gc,heap        ] GC(1361) PSYoungGen: 579520K->71424K(603648K)
[517.980s][info][gc,heap        ] GC(1361) PSOldGen: 1158215K->1212167K(1398272K)
[517.980s][info][gc,metaspace   ] GC(1361) Metaspace: 32135K(33328K)->32135K(33328K) NonClass: 28356K(29104K)->28356K(29104K) Class: 3779K(4224K)->3779K(4224K)
[517.980s][info][gc             ] GC(1361) Pause Young (Allocation Failure) 1697M->1253M(1955M) 82.503ms
[517.980s][info][gc,cpu         ] GC(1361) User=0.56s Sys=0.00s Real=0.08s
[518.628s][info][gc,start       ] GC(1362) Pause Young (System.gc())
[518.682s][info][gc,heap        ] GC(1362) PSYoungGen: 454564K->28768K(598528K)
[518.682s][info][gc,heap        ] GC(1362) PSOldGen: 1212167K->1242959K(1398272K)
[518.682s][info][gc,metaspace   ] GC(1362) Metaspace: 32135K(33328K)->32135K(33328K) NonClass: 28356K(29104K)->28356K(29104K) Class: 3779K(4224K)->3779K(4224K)
[518.682s][info][gc             ] GC(1362) Pause Young (System.gc()) 1627M->1241M(1950M) 54.319ms
[518.682s][info][gc,cpu         ] GC(1362) User=0.34s Sys=0.00s Real=0.06s
[518.682s][info][gc,start       ] GC(1363) Pause Full (System.gc())
[518.682s][info][gc,phases,start] GC(1363) Phase 1: Mark live objects
[518.787s][info][gc,phases      ] GC(1363) Phase 1: Mark live objects 104.946ms
[518.787s][info][gc,phases,start] GC(1363) Phase 2: Compute new object addresses
[518.962s][info][gc,phases      ] GC(1363) Phase 2: Compute new object addresses 174.960ms
[518.962s][info][gc,phases,start] GC(1363) Phase 3: Adjust pointers
[519.046s][info][gc,phases      ] GC(1363) Phase 3: Adjust pointers 83.647ms
[519.046s][info][gc,phases,start] GC(1363) Phase 4: Move objects
[519.070s][info][gc,phases      ] GC(1363) Phase 4: Move objects 23.945ms
[519.070s][info][gc,heap        ] GC(1363) PSYoungGen: 28768K->0K(598528K)
[519.070s][info][gc,heap        ] GC(1363) PSOldGen: 1242959K->104411K(1398272K)
[519.070s][info][gc,metaspace   ] GC(1363) Metaspace: 32135K(33328K)->32135K(33328K) NonClass: 28356K(29104K)->28356K(29104K) Class: 3779K(4224K)->3779K(4224K)
[519.070s][info][gc             ] GC(1363) Pause Full (System.gc()) 1241M->101M(1950M) 388.306ms
[519.070s][info][gc,cpu         ] GC(1363) User=0.38s Sys=0.00s Real=0.39s
[519.212s][info][gc,start       ] GC(1364) Pause Young (Allocation Failure)
[519.248s][info][gc,heap        ] GC(1364) PSYoungGen: 505344K->66464K(602112K)
[519.248s][info][gc,heap        ] GC(1364) PSOldGen: 104411K->104411K(1398272K)
[519.248s][info][gc,metaspace   ] GC(1364) Metaspace: 32135K(33328K)->32135K(33328K) NonClass: 28356K(29104K)->28356K(29104K) Class: 3779K(4224K)->3779K(4224K)
[519.248s][info][gc             ] GC(1364) Pause Young (Allocation Failure) 595M->166M(1953M) 36.252ms
[519.248s][info][gc,cpu         ] GC(1364) User=0.19s Sys=0.00s Real=0.04s
[519.377s][info][gc,start       ] GC(1365) Pause Young (Allocation Failure)
[519.443s][info][gc,heap        ] GC(1365) PSYoungGen: 571808K->66688K(606208K)
[519.443s][info][gc,heap        ] GC(1365) PSOldGen: 104411K->161271K(1398272K)
[519.443s][info][gc,metaspace   ] GC(1365) Metaspace: 32135K(33328K)->32135K(33328K) NonClass: 28356K(29104K)->28356K(29104K) Class: 3779K(4224K)->3779K(4224K)
[519.443s][info][gc             ] GC(1365) Pause Young (Allocation Failure) 660M->222M(1957M) 66.787ms
[519.443s][info][gc,cpu         ] GC(1365) User=0.38s Sys=0.00s Real=0.07s
[520.285s][info][gc,start       ] GC(1366) Pause Young (Allocation Failure)
[520.330s][info][gc,heap        ] GC(1366) PSYoungGen: 578173K->35520K(604160K)
[520.330s][info][gc,heap        ] GC(1366) PSOldGen: 161271K->190679K(1398272K)
[520.330s][info][gc,metaspace   ] GC(1366) Metaspace: 32135K(33328K)->32135K(33328K) NonClass: 28356K(29104K)->28356K(29104K) Class: 3779K(4224K)->3779K(4224K)
[520.330s][info][gc             ] GC(1366) Pause Young (Allocation Failure) 722M->220M(1955M) 44.898ms
[520.330s][info][gc,cpu         ] GC(1366) User=0.28s Sys=0.00s Real=0.06s
[520.476s][info][gc,start       ] GC(1367) Pause Young (Allocation Failure)
[520.529s][info][gc,heap        ] GC(1367) PSYoungGen: 547008K->65472K(605696K)
[520.529s][info][gc,heap        ] GC(1367) PSOldGen: 190679K->223551K(1398272K)
[520.529s][info][gc,metaspace   ] GC(1367) Metaspace: 32135K(33328K)->32135K(33328K) NonClass: 28356K(29104K)->28356K(29104K) Class: 3779K(4224K)->3779K(4224K)
[520.529s][info][gc             ] GC(1367) Pause Young (Allocation Failure) 720M->282M(1957M) 53.758ms
[520.529s][info][gc,cpu         ] GC(1367) User=0.38s Sys=0.00s Real=0.05s
[520.676s][info][gc,start       ] GC(1368) Pause Young (Allocation Failure)
[520.741s][info][gc,heap        ] GC(1368) PSYoungGen: 576448K->80768K(591872K)
[520.741s][info][gc,heap        ] GC(1368) PSOldGen: 223551K->269968K(1398272K)
[520.741s][info][gc,metaspace   ] GC(1368) Metaspace: 32135K(33328K)->32135K(33328K) NonClass: 28356K(29104K)->28356K(29104K) Class: 3779K(4224K)->3779K(4224K)
[520.741s][info][gc             ] GC(1368) Pause Young (Allocation Failure) 781M->342M(1943M) 65.056ms
[520.741s][info][gc,cpu         ] GC(1368) User=0.34s Sys=0.00s Real=0.07s
[521.307s][info][gc,start       ] GC(1369) Pause Young (Allocation Failure)
[521.368s][info][gc,heap        ] GC(1369) PSYoungGen: 591744K->52960K(603136K)
[521.368s][info][gc,heap        ] GC(1369) PSOldGen: 269968K->302632K(1398272K)
[521.368s][info][gc,metaspace   ] GC(1369) Metaspace: 32135K(33328K)->32135K(33328K) NonClass: 28356K(29104K)->28356K(29104K) Class: 3779K(4224K)->3779K(4224K)
[521.368s][info][gc             ] GC(1369) Pause Young (Allocation Failure) 841M->347M(1954M) 60.574ms
[521.368s][info][gc,cpu         ] GC(1369) User=0.38s Sys=0.00s Real=0.07s
[521.525s][info][gc,start       ] GC(1370) Pause Young (Allocation Failure)
[521.587s][info][gc,heap        ] GC(1370) PSYoungGen: 558816K->76320K(601600K)
[521.587s][info][gc,heap        ] GC(1370) PSOldGen: 302632K->344764K(1398272K)
[521.587s][info][gc,metaspace   ] GC(1370) Metaspace: 32135K(33328K)->32135K(33328K) NonClass: 28356K(29104K)->28356K(29104K) Class: 3779K(4224K)->3779K(4224K)
[521.587s][info][gc             ] GC(1370) Pause Young (Allocation Failure) 841M->411M(1953M) 62.577ms
[521.587s][info][gc,cpu         ] GC(1370) User=0.38s Sys=0.00s Real=0.06s
[521.720s][info][gc,start       ] GC(1371) Pause Young (Allocation Failure)
[521.808s][info][gc,heap        ] GC(1371) PSYoungGen: 582176K->71680K(601600K)
[521.809s][info][gc,heap        ] GC(1371) PSOldGen: 344764K->407892K(1398272K)
[521.809s][info][gc,metaspace   ] GC(1371) Metaspace: 32135K(33328K)->32135K(33328K) NonClass: 28356K(29104K)->28356K(29104K) Class: 3779K(4224K)->3779K(4224K)
[521.809s][info][gc             ] GC(1371) Pause Young (Allocation Failure) 905M->468M(1953M) 88.683ms
[521.809s][info][gc,cpu         ] GC(1371) User=0.53s Sys=0.00s Real=0.09s
[522.320s][info][gc,start       ] GC(1372) Pause Young (Allocation Failure)
[522.380s][info][gc,heap        ] GC(1372) PSYoungGen: 576000K->61696K(601600K)
[522.380s][info][gc,heap        ] GC(1372) PSOldGen: 407892K->438252K(1398272K)
[522.380s][info][gc,metaspace   ] GC(1372) Metaspace: 32135K(33328K)->32135K(33328K) NonClass: 28356K(29104K)->28356K(29104K) Class: 3779K(4224K)->3779K(4224K)
[522.380s][info][gc             ] GC(1372) Pause Young (Allocation Failure) 960M->488M(1953M) 59.692ms
[522.380s][info][gc,cpu         ] GC(1372) User=0.30s Sys=0.00s Real=0.06s
[522.520s][info][gc,start       ] GC(1373) Pause Young (Allocation Failure)
[522.587s][info][gc,heap        ] GC(1373) PSYoungGen: 566016K->78656K(599552K)
[522.588s][info][gc,heap        ] GC(1373) PSOldGen: 438252K->483117K(1398272K)
[522.588s][info][gc,metaspace   ] GC(1373) Metaspace: 32135K(33328K)->32135K(33328K) NonClass: 28356K(29104K)->28356K(29104K) Class: 3779K(4224K)->3779K(4224K)
[522.588s][info][gc             ] GC(1373) Pause Young (Allocation Failure) 980M->548M(1951M) 67.826ms
[522.588s][info][gc,cpu         ] GC(1373) User=0.47s Sys=0.00s Real=0.07s
[522.855s][info][gc,start       ] GC(1374) Pause Young (Allocation Failure)
[522.921s][info][gc,heap        ] GC(1374) PSYoungGen: 584000K->62016K(602112K)
[522.921s][info][gc,heap        ] GC(1374) PSOldGen: 483117K->523325K(1398272K)
[522.921s][info][gc,metaspace   ] GC(1374) Metaspace: 32135K(33328K)->32135K(33328K) NonClass: 28356K(29104K)->28356K(29104K) Class: 3779K(4224K)->3779K(4224K)
[522.921s][info][gc             ] GC(1374) Pause Young (Allocation Failure) 1042M->571M(1953M) 65.773ms
[522.921s][info][gc,cpu         ] GC(1374) User=0.38s Sys=0.00s Real=0.08s
[523.472s][info][gc,start       ] GC(1375) Pause Young (Allocation Failure)
[523.530s][info][gc,heap        ] GC(1375) PSYoungGen: 567360K->66912K(606720K)
[523.530s][info][gc,heap        ] GC(1375) PSOldGen: 523325K->555453K(1398272K)
[523.530s][info][gc,metaspace   ] GC(1375) Metaspace: 32135K(33328K)->32135K(33328K) NonClass: 28356K(29104K)->28356K(29104K) Class: 3779K(4224K)->3779K(4224K)
[523.530s][info][gc             ] GC(1375) Pause Young (Allocation Failure) 1065M->607M(1958M) 58.180ms
[523.530s][info][gc,cpu         ] GC(1375) User=0.38s Sys=0.00s Real=0.06s
[523.667s][info][gc,start       ] GC(1376) Pause Young (Allocation Failure)
[523.734s][info][gc,heap        ] GC(1376) PSYoungGen: 579424K->73344K(604672K)
[523.734s][info][gc,heap        ] GC(1376) PSOldGen: 555453K->608009K(1398272K)
[523.734s][info][gc,metaspace   ] GC(1376) Metaspace: 32135K(33328K)->32135K(33328K) NonClass: 28356K(29104K)->28356K(29104K) Class: 3779K(4224K)->3779K(4224K)
[523.734s][info][gc             ] GC(1376) Pause Young (Allocation Failure) 1108M->665M(1956M) 67.115ms
[523.734s][info][gc,cpu         ] GC(1376) User=0.38s Sys=0.00s Real=0.07s
[524.454s][info][gc,start       ] GC(1377) Pause Young (Allocation Failure)
[524.504s][info][gc,heap        ] GC(1377) PSYoungGen: 585856K->40768K(602624K)
[524.504s][info][gc,heap        ] GC(1377) PSOldGen: 608009K->639961K(1398272K)
[524.504s][info][gc,metaspace   ] GC(1377) Metaspace: 32135K(33328K)->32135K(33328K) NonClass: 28356K(29104K)->28356K(29104K) Class: 3779K(4224K)->3779K(4224K)
[524.504s][info][gc             ] GC(1377) Pause Young (Allocation Failure) 1165M->664M(1954M) 49.761ms
[524.504s][info][gc,cpu         ] GC(1377) User=0.25s Sys=0.00s Real=0.05s
[524.646s][info][gc,start       ] GC(1378) Pause Young (Allocation Failure)
[524.706s][info][gc,heap        ] GC(1378) PSYoungGen: 551232K->69472K(604672K)
[524.706s][info][gc,heap        ] GC(1378) PSOldGen: 639961K->678097K(1398272K)
[524.706s][info][gc,metaspace   ] GC(1378) Metaspace: 32135K(33328K)->32135K(33328K) NonClass: 28356K(29104K)->28356K(29104K) Class: 3779K(4224K)->3779K(4224K)
[524.706s][info][gc             ] GC(1378) Pause Young (Allocation Failure) 1163M->730M(1956M) 59.669ms
[524.706s][info][gc,cpu         ] GC(1378) User=0.36s Sys=0.00s Real=0.06s
[524.843s][info][gc,start       ] GC(1379) Pause Young (Allocation Failure)
[524.916s][info][gc,heap        ] GC(1379) PSYoungGen: 579936K->72224K(605696K)
[524.916s][info][gc,heap        ] GC(1379) PSOldGen: 678097K->732841K(1398272K)
[524.916s][info][gc,metaspace   ] GC(1379) Metaspace: 32135K(33328K)->32135K(33328K) NonClass: 28356K(29104K)->28356K(29104K) Class: 3779K(4224K)->3779K(4224K)
[524.917s][info][gc             ] GC(1379) Pause Young (Allocation Failure) 1228M->786M(1957M) 73.205ms
[524.917s][info][gc,cpu         ] GC(1379) User=0.45s Sys=0.00s Real=0.07s
[525.633s][info][gc,start       ] GC(1380) Pause Young (Allocation Failure)
[525.692s][info][gc,heap        ] GC(1380) PSYoungGen: 584736K->46112K(559104K)
[525.692s][info][gc,heap        ] GC(1380) PSOldGen: 732841K->763761K(1398272K)
[525.692s][info][gc,metaspace   ] GC(1380) Metaspace: 32135K(33328K)->32135K(33328K) NonClass: 28356K(29104K)->28356K(29104K) Class: 3779K(4224K)->3779K(4224K)
[525.692s][info][gc             ] GC(1380) Pause Young (Allocation Failure) 1286M->790M(1911M) 59.414ms
[525.692s][info][gc,cpu         ] GC(1380) User=0.38s Sys=0.00s Real=0.06s
[525.835s][info][gc,start       ] GC(1381) Pause Young (Allocation Failure)
[525.895s][info][gc,heap        ] GC(1381) PSYoungGen: 558624K->68544K(606208K)
[525.895s][info][gc,heap        ] GC(1381) PSOldGen: 763761K->803166K(1398272K)
[525.895s][info][gc,metaspace   ] GC(1381) Metaspace: 32135K(33328K)->32135K(33328K) NonClass: 28356K(29104K)->28356K(29104K) Class: 3779K(4224K)->3779K(4224K)
[525.895s][info][gc             ] GC(1381) Pause Young (Allocation Failure) 1291M->851M(1957M) 59.625ms
[525.895s][info][gc,cpu         ] GC(1381) User=0.38s Sys=0.00s Real=0.06s
[526.037s][info][gc,start       ] GC(1382) Pause Young (Allocation Failure)
[526.117s][info][gc,heap        ] GC(1382) PSYoungGen: 581056K->75872K(588800K)
[526.117s][info][gc,heap        ] GC(1382) PSOldGen: 803166K->855574K(1398272K)
[526.117s][info][gc,metaspace   ] GC(1382) Metaspace: 32135K(33328K)->32135K(33328K) NonClass: 28356K(29104K)->28356K(29104K) Class: 3779K(4224K)->3779K(4224K)
[526.117s][info][gc             ] GC(1382) Pause Young (Allocation Failure) 1351M->909M(1940M) 80.597ms
[526.117s][info][gc,cpu         ] GC(1382) User=0.47s Sys=0.00s Real=0.08s
[526.698s][info][gc,start       ] GC(1383) Pause Young (Allocation Failure)
[526.752s][info][gc,heap        ] GC(1383) PSYoungGen: 588384K->53440K(605696K)
[526.752s][info][gc,heap        ] GC(1383) PSOldGen: 855574K->887246K(1398272K)
[526.752s][info][gc,metaspace   ] GC(1383) Metaspace: 32135K(33328K)->32135K(33328K) NonClass: 28356K(29104K)->28356K(29104K) Class: 3779K(4224K)->3779K(4224K)
[526.752s][info][gc             ] GC(1383) Pause Young (Allocation Failure) 1410M->918M(1957M) 54.753ms
[526.753s][info][gc,cpu         ] GC(1383) User=0.28s Sys=0.00s Real=0.05s
[526.900s][info][gc,start       ] GC(1384) Pause Young (Allocation Failure)
[526.966s][info][gc,heap        ] GC(1384) PSYoungGen: 564928K->76704K(588288K)
[526.966s][info][gc,heap        ] GC(1384) PSOldGen: 887246K->928122K(1398272K)
[526.966s][info][gc,metaspace   ] GC(1384) Metaspace: 32135K(33328K)->32135K(33328K) NonClass: 28356K(29104K)->28356K(29104K) Class: 3779K(4224K)->3779K(4224K)
[526.966s][info][gc             ] GC(1384) Pause Young (Allocation Failure) 1418M->981M(1940M) 66.192ms
[526.966s][info][gc,cpu         ] GC(1384) User=0.38s Sys=0.00s Real=0.07s
[527.120s][info][gc,start       ] GC(1385) Pause Young (Allocation Failure)
[527.193s][info][gc,heap        ] GC(1385) PSYoungGen: 588192K->75936K(601600K)
[527.193s][info][gc,heap        ] GC(1385) PSOldGen: 928122K->980898K(1398272K)
[527.193s][info][gc,metaspace   ] GC(1385) Metaspace: 32135K(33328K)->32135K(33328K) NonClass: 28356K(29104K)->28356K(29104K) Class: 3779K(4224K)->3779K(4224K)
[527.193s][info][gc             ] GC(1385) Pause Young (Allocation Failure) 1480M->1032M(1953M) 73.466ms
[527.193s][info][gc,cpu         ] GC(1385) User=0.36s Sys=0.00s Real=0.07s
[527.789s][info][gc,start       ] GC(1386) Pause Young (Allocation Failure)
[527.848s][info][gc,heap        ] GC(1386) PSYoungGen: 582304K->62528K(602624K)
[527.848s][info][gc,heap        ] GC(1386) PSOldGen: 980898K->1012130K(1398272K)
[527.848s][info][gc,metaspace   ] GC(1386) Metaspace: 32135K(33328K)->32135K(33328K) NonClass: 28356K(29104K)->28356K(29104K) Class: 3779K(4224K)->3779K(4224K)
[527.848s][info][gc             ] GC(1386) Pause Young (Allocation Failure) 1526M->1049M(1954M) 59.396ms
[527.848s][info][gc,cpu         ] GC(1386) User=0.38s Sys=0.00s Real=0.06s
[527.985s][info][gc,start       ] GC(1387) Pause Young (Allocation Failure)
[528.057s][info][gc,heap        ] GC(1387) PSYoungGen: 568896K->74656K(604160K)
[528.057s][info][gc,heap        ] GC(1387) PSOldGen: 1012130K->1060795K(1398272K)
[528.057s][info][gc,metaspace   ] GC(1387) Metaspace: 32135K(33328K)->32135K(33328K) NonClass: 28356K(29104K)->28356K(29104K) Class: 3779K(4224K)->3779K(4224K)
[528.057s][info][gc             ] GC(1387) Pause Young (Allocation Failure) 1543M->1108M(1955M) 71.756ms
[528.057s][info][gc,cpu         ] GC(1387) User=0.45s Sys=0.00s Real=0.07s
[528.381s][info][gc,start       ] GC(1388) Pause Young (Allocation Failure)
[528.449s][info][gc,heap        ] GC(1388) PSYoungGen: 585120K->60064K(604672K)
[528.450s][info][gc,heap        ] GC(1388) PSOldGen: 1060795K->1100467K(1398272K)
[528.450s][info][gc,metaspace   ] GC(1388) Metaspace: 32135K(33328K)->32135K(33328K) NonClass: 28356K(29104K)->28356K(29104K) Class: 3779K(4224K)->3779K(4224K)
[528.450s][info][gc             ] GC(1388) Pause Young (Allocation Failure) 1607M->1133M(1956M) 68.098ms
[528.450s][info][gc,cpu         ] GC(1388) User=0.44s Sys=0.00s Real=0.08s
[528.939s][info][gc,start       ] GC(1389) Pause Young (Allocation Failure)
[528.998s][info][gc,heap        ] GC(1389) PSYoungGen: 570528K->65568K(608768K)
[528.998s][info][gc,heap        ] GC(1389) PSOldGen: 1100467K->1132187K(1398272K)
[528.998s][info][gc,metaspace   ] GC(1389) Metaspace: 32135K(33328K)->32135K(33328K) NonClass: 28356K(29104K)->28356K(29104K) Class: 3779K(4224K)->3779K(4224K)
[528.998s][info][gc             ] GC(1389) Pause Young (Allocation Failure) 1631M->1169M(1960M) 59.521ms
[528.998s][info][gc,cpu         ] GC(1389) User=0.34s Sys=0.03s Real=0.06s
[529.128s][info][gc,start       ] GC(1390) Pause Young (Allocation Failure)
[529.194s][info][gc,heap        ] GC(1390) PSYoungGen: 581664K->69664K(606208K)
[529.194s][info][gc,heap        ] GC(1390) PSOldGen: 1132187K->1186695K(1398272K)
[529.194s][info][gc,metaspace   ] GC(1390) Metaspace: 32135K(33328K)->32135K(33328K) NonClass: 28356K(29104K)->28356K(29104K) Class: 3779K(4224K)->3779K(4224K)
[529.194s][info][gc             ] GC(1390) Pause Young (Allocation Failure) 1673M->1226M(1957M) 66.211ms
[529.194s][info][gc,cpu         ] GC(1390) User=0.36s Sys=0.00s Real=0.07s
[529.669s][info][gc,start       ] GC(1391) Pause Young (Allocation Failure)
[529.726s][info][gc,heap        ] GC(1391) PSYoungGen: 585760K->52544K(609792K)
[529.726s][info][gc,heap        ] GC(1391) PSOldGen: 1186695K->1219911K(1398272K)
[529.726s][info][gc,metaspace   ] GC(1391) Metaspace: 32135K(33328K)->32135K(33328K) NonClass: 28356K(29104K)->28356K(29104K) Class: 3779K(4224K)->3779K(4224K)
[529.726s][info][gc             ] GC(1391) Pause Young (Allocation Failure) 1730M->1242M(1961M) 57.204ms
[529.726s][info][gc,cpu         ] GC(1391) User=0.28s Sys=0.00s Real=0.07s
[529.943s][info][gc,start       ] GC(1392) Pause Young (System.gc())
[529.974s][info][gc,heap        ] GC(1392) PSYoungGen: 96433K->7200K(527360K)
[529.974s][info][gc,heap        ] GC(1392) PSOldGen: 1219911K->1253375K(1398272K)
[529.974s][info][gc,metaspace   ] GC(1392) Metaspace: 32135K(33328K)->32135K(33328K) NonClass: 28356K(29104K)->28356K(29104K) Class: 3779K(4224K)->3779K(4224K)
[529.974s][info][gc             ] GC(1392) Pause Young (System.gc()) 1285M->1231M(1880M) 31.108ms
[529.974s][info][gc,cpu         ] GC(1392) User=0.12s Sys=0.00s Real=0.03s
[529.974s][info][gc,start       ] GC(1393) Pause Full (System.gc())
[529.974s][info][gc,phases,start] GC(1393) Phase 1: Mark live objects
[530.086s][info][gc,phases      ] GC(1393) Phase 1: Mark live objects 111.756ms
[530.086s][info][gc,phases,start] GC(1393) Phase 2: Compute new object addresses
[530.262s][info][gc,phases      ] GC(1393) Phase 2: Compute new object addresses 176.506ms
[530.262s][info][gc,phases,start] GC(1393) Phase 3: Adjust pointers
[530.344s][info][gc,phases      ] GC(1393) Phase 3: Adjust pointers 81.522ms
[530.344s][info][gc,phases,start] GC(1393) Phase 4: Move objects
[530.366s][info][gc,phases      ] GC(1393) Phase 4: Move objects 22.298ms
[530.367s][info][gc,heap        ] GC(1393) PSYoungGen: 7200K->0K(527360K)
[530.367s][info][gc,heap        ] GC(1393) PSOldGen: 1253375K->104378K(1398272K)
[530.367s][info][gc,metaspace   ] GC(1393) Metaspace: 32135K(33328K)->32135K(33328K) NonClass: 28356K(29104K)->28356K(29104K) Class: 3779K(4224K)->3779K(4224K)
[530.367s][info][gc             ] GC(1393) Pause Full (System.gc()) 1231M->101M(1880M) 392.937ms
[530.367s][info][gc,cpu         ] GC(1393) User=0.39s Sys=0.00s Real=0.38s
[530.519s][info][gc,start       ] GC(1394) Pause Young (Allocation Failure)
[530.560s][info][gc,heap        ] GC(1394) PSYoungGen: 519680K->71904K(600064K)
[530.560s][info][gc,heap        ] GC(1394) PSOldGen: 104378K->104378K(1398272K)
[530.560s][info][gc,metaspace   ] GC(1394) Metaspace: 32135K(33328K)->32135K(33328K) NonClass: 28356K(29104K)->28356K(29104K) Class: 3779K(4224K)->3779K(4224K)
[530.560s][info][gc             ] GC(1394) Pause Young (Allocation Failure) 609M->172M(1951M) 40.383ms
[530.560s][info][gc,cpu         ] GC(1394) User=0.25s Sys=0.03s Real=0.04s
[530.690s][info][gc,start       ] GC(1395) Pause Young (Allocation Failure)
[530.762s][info][gc,heap        ] GC(1395) PSYoungGen: 575200K->70304K(601088K)
[530.762s][info][gc,heap        ] GC(1395) PSOldGen: 104378K->162578K(1398272K)
[530.762s][info][gc,metaspace   ] GC(1395) Metaspace: 32135K(33328K)->32135K(33328K) NonClass: 28356K(29104K)->28356K(29104K) Class: 3779K(4224K)->3779K(4224K)
[530.762s][info][gc             ] GC(1395) Pause Young (Allocation Failure) 663M->227M(1952M) 71.824ms
[530.762s][info][gc,cpu         ] GC(1395) User=0.45s Sys=0.00s Real=0.07s
[531.408s][info][gc,start       ] GC(1396) Pause Young (Allocation Failure)
[531.457s][info][gc,heap        ] GC(1396) PSYoungGen: 573600K->41952K(601600K)
[531.457s][info][gc,heap        ] GC(1396) PSOldGen: 162578K->192978K(1398272K)
[531.457s][info][gc,metaspace   ] GC(1396) Metaspace: 32135K(33328K)->32135K(33328K) NonClass: 28356K(29104K)->28356K(29104K) Class: 3779K(4224K)->3779K(4224K)
[531.458s][info][gc             ] GC(1396) Pause Young (Allocation Failure) 718M->229M(1953M) 49.062ms
[531.458s][info][gc,cpu         ] GC(1396) User=0.28s Sys=0.00s Real=0.06s
[531.599s][info][gc,start       ] GC(1397) Pause Young (Allocation Failure)
[531.659s][info][gc,heap        ] GC(1397) PSYoungGen: 545760K->69984K(601088K)
[531.659s][info][gc,heap        ] GC(1397) PSOldGen: 192978K->229246K(1398272K)
[531.659s][info][gc,metaspace   ] GC(1397) Metaspace: 32135K(33328K)->32135K(33328K) NonClass: 28356K(29104K)->28356K(29104K) Class: 3779K(4224K)->3779K(4224K)
[531.659s][info][gc             ] GC(1397) Pause Young (Allocation Failure) 721M->292M(1952M) 59.774ms
[531.659s][info][gc,cpu         ] GC(1397) User=0.36s Sys=0.00s Real=0.06s
[531.798s][info][gc,start       ] GC(1398) Pause Young (Allocation Failure)
[531.877s][info][gc,heap        ] GC(1398) PSYoungGen: 573792K->74208K(598528K)
[531.877s][info][gc,heap        ] GC(1398) PSOldGen: 229246K->282046K(1398272K)
[531.877s][info][gc,metaspace   ] GC(1398) Metaspace: 32135K(33328K)->32135K(33328K) NonClass: 28356K(29104K)->28356K(29104K) Class: 3779K(4224K)->3779K(4224K)
[531.877s][info][gc             ] GC(1398) Pause Young (Allocation Failure) 784M->347M(1950M) 78.992ms
[531.877s][info][gc,cpu         ] GC(1398) User=0.47s Sys=0.00s Real=0.08s
[532.438s][info][gc,start       ] GC(1399) Pause Young (Allocation Failure)
[532.491s][info][gc,heap        ] GC(1399) PSYoungGen: 575456K->51712K(600064K)
[532.491s][info][gc,heap        ] GC(1399) PSOldGen: 282046K->313870K(1398272K)
[532.491s][info][gc,metaspace   ] GC(1399) Metaspace: 32135K(33328K)->32135K(33328K) NonClass: 28356K(29104K)->28356K(29104K) Class: 3779K(4224K)->3779K(4224K)
[532.491s][info][gc             ] GC(1399) Pause Young (Allocation Failure) 837M->357M(1951M) 52.213ms
[532.491s][info][gc,cpu         ] GC(1399) User=0.27s Sys=0.02s Real=0.06s
[532.631s][info][gc,start       ] GC(1400) Pause Young (Allocation Failure)
[532.696s][info][gc,heap        ] GC(1400) PSYoungGen: 552960K->74944K(599040K)
[532.696s][info][gc,heap        ] GC(1400) PSOldGen: 313870K->354707K(1398272K)
[532.696s][info][gc,metaspace   ] GC(1400) Metaspace: 32135K(33328K)->32135K(33328K) NonClass: 28356K(29104K)->28356K(29104K) Class: 3779K(4224K)->3779K(4224K)
[532.696s][info][gc             ] GC(1400) Pause Young (Allocation Failure) 846M->419M(1950M) 65.273ms
[532.696s][info][gc,cpu         ] GC(1400) User=0.44s Sys=0.02s Real=0.07s
[532.828s][info][gc,start       ] GC(1401) Pause Young (Allocation Failure)
[532.910s][info][gc,heap        ] GC(1401) PSYoungGen: 577216K->69760K(600576K)
[532.910s][info][gc,heap        ] GC(1401) PSOldGen: 354707K->415299K(1398272K)
[532.910s][info][gc,metaspace   ] GC(1401) Metaspace: 32135K(33328K)->32135K(33328K) NonClass: 28356K(29104K)->28356K(29104K) Class: 3779K(4224K)->3779K(4224K)
[532.910s][info][gc             ] GC(1401) Pause Young (Allocation Failure) 910M->473M(1952M) 81.793ms
[532.910s][info][gc,cpu         ] GC(1401) User=0.45s Sys=0.00s Real=0.08s
[533.532s][info][gc,start       ] GC(1402) Pause Young (Allocation Failure)
[533.587s][info][gc,heap        ] GC(1402) PSYoungGen: 572032K->55520K(603136K)
[533.587s][info][gc,heap        ] GC(1402) PSOldGen: 415299K->445211K(1398272K)
[533.587s][info][gc,metaspace   ] GC(1402) Metaspace: 32135K(33328K)->32135K(33328K) NonClass: 28356K(29104K)->28356K(29104K) Class: 3779K(4224K)->3779K(4224K)
[533.587s][info][gc             ] GC(1402) Pause Young (Allocation Failure) 964M->488M(1954M) 54.824ms
[533.587s][info][gc,cpu         ] GC(1402) User=0.33s Sys=0.03s Real=0.06s
[533.714s][info][gc,start       ] GC(1403) Pause Young (Allocation Failure)
[533.776s][info][gc,heap        ] GC(1403) PSYoungGen: 560864K->68064K(601088K)
[533.776s][info][gc,heap        ] GC(1403) PSOldGen: 445211K->490511K(1398272K)
[533.776s][info][gc,metaspace   ] GC(1403) Metaspace: 32135K(33328K)->32135K(33328K) NonClass: 28356K(29104K)->28356K(29104K) Class: 3779K(4224K)->3779K(4224K)
[533.776s][info][gc             ] GC(1403) Pause Young (Allocation Failure) 982M->545M(1952M) 62.146ms
[533.776s][info][gc,cpu         ] GC(1403) User=0.36s Sys=0.00s Real=0.06s
[533.937s][info][gc,start       ] GC(1404) Pause Young (Allocation Failure)
[534.014s][info][gc,heap        ] GC(1404) PSYoungGen: 573408K->78816K(598528K)
[534.014s][info][gc,heap        ] GC(1404) PSOldGen: 490511K->534815K(1398272K)
[534.014s][info][gc,metaspace   ] GC(1404) Metaspace: 32135K(33328K)->32135K(33328K) NonClass: 28356K(29104K)->28356K(29104K) Class: 3779K(4224K)->3779K(4224K)
[534.014s][info][gc             ] GC(1404) Pause Young (Allocation Failure) 1038M->599M(1950M) 76.934ms
[534.014s][info][gc,cpu         ] GC(1404) User=0.47s Sys=0.00s Real=0.08s
[534.629s][info][gc,start       ] GC(1405) Pause Young (Allocation Failure)
[534.690s][info][gc,heap        ] GC(1405) PSYoungGen: 583136K->63520K(601600K)
[534.690s][info][gc,heap        ] GC(1405) PSOldGen: 534815K->568191K(1398272K)
[534.690s][info][gc,metaspace   ] GC(1405) Metaspace: 32135K(33328K)->32135K(33328K) NonClass: 28356K(29104K)->28356K(29104K) Class: 3779K(4224K)->3779K(4224K)
[534.690s][info][gc             ] GC(1405) Pause Young (Allocation Failure) 1091M->616M(1953M) 61.724ms
[534.690s][info][gc,cpu         ] GC(1405) User=0.38s Sys=0.00s Real=0.07s
[534.836s][info][gc,start       ] GC(1406) Pause Young (Allocation Failure)
[534.904s][info][gc,heap        ] GC(1406) PSYoungGen: 567840K->77632K(600576K)
[534.904s][info][gc,heap        ] GC(1406) PSOldGen: 568191K->614780K(1398272K)
[534.904s][info][gc,metaspace   ] GC(1406) Metaspace: 32135K(33328K)->32135K(33328K) NonClass: 28356K(29104K)->28356K(29104K) Class: 3779K(4224K)->3779K(4224K)
[534.904s][info][gc             ] GC(1406) Pause Young (Allocation Failure) 1109M->676M(1952M) 68.543ms
[534.904s][info][gc,cpu         ] GC(1406) User=0.47s Sys=0.00s Real=0.07s
[535.221s][info][gc,start       ] GC(1407) Pause Young (Allocation Failure)
[535.288s][info][gc,heap        ] GC(1407) PSYoungGen: 584000K->57056K(602624K)
[535.288s][info][gc,heap        ] GC(1407) PSOldGen: 614780K->651084K(1398272K)
[535.288s][info][gc,metaspace   ] GC(1407) Metaspace: 32135K(33328K)->32135K(33328K) NonClass: 28356K(29104K)->28356K(29104K) Class: 3779K(4224K)->3779K(4224K)
[535.288s][info][gc             ] GC(1407) Pause Young (Allocation Failure) 1170M->691M(1954M) 66.797ms
[535.288s][info][gc,cpu         ] GC(1407) User=0.30s Sys=0.02s Real=0.07s
[535.757s][info][gc,start       ] GC(1408) Pause Young (Allocation Failure)
[535.819s][info][gc,heap        ] GC(1408) PSYoungGen: 563424K->75360K(603136K)
[535.819s][info][gc,heap        ] GC(1408) PSOldGen: 651084K->682972K(1398272K)
[535.819s][info][gc,metaspace   ] GC(1408) Metaspace: 32135K(33328K)->32135K(33328K) NonClass: 28356K(29104K)->28356K(29104K) Class: 3779K(4224K)->3779K(4224K)
[535.819s][info][gc             ] GC(1408) Pause Young (Allocation Failure) 1186M->740M(1954M) 61.939ms
[535.819s][info][gc,cpu         ] GC(1408) User=0.36s Sys=0.00s Real=0.06s
[535.971s][info][gc,start       ] GC(1409) Pause Young (Allocation Failure)
[536.047s][info][gc,heap        ] GC(1409) PSYoungGen: 583776K->82752K(591360K)
[536.047s][info][gc,heap        ] GC(1409) PSOldGen: 682972K->739608K(1398272K)
[536.047s][info][gc,metaspace   ] GC(1409) Metaspace: 32135K(33328K)->32135K(33328K) NonClass: 28356K(29104K)->28356K(29104K) Class: 3779K(4224K)->3779K(4224K)
[536.048s][info][gc             ] GC(1409) Pause Young (Allocation Failure) 1237M->803M(1943M) 76.335ms
[536.048s][info][gc,cpu         ] GC(1409) User=0.44s Sys=0.00s Real=0.08s
[536.730s][info][gc,start       ] GC(1410) Pause Young (Allocation Failure)
[536.785s][info][gc,heap        ] GC(1410) PSYoungGen: 591168K->50848K(600576K)
[536.785s][info][gc,heap        ] GC(1410) PSOldGen: 739608K->773160K(1398272K)
[536.785s][info][gc,metaspace   ] GC(1410) Metaspace: 32135K(33328K)->32135K(33328K) NonClass: 28356K(29104K)->28356K(29104K) Class: 3779K(4224K)->3779K(4224K)
[536.785s][info][gc             ] GC(1410) Pause Young (Allocation Failure) 1299M->804M(1952M) 55.615ms
[536.785s][info][gc,cpu         ] GC(1410) User=0.28s Sys=0.00s Real=0.06s
[536.926s][info][gc,start       ] GC(1411) Pause Young (Allocation Failure)
[536.985s][info][gc,heap        ] GC(1411) PSYoungGen: 552608K->64768K(600064K)
[536.985s][info][gc,heap        ] GC(1411) PSOldGen: 773160K->819489K(1398272K)
[536.985s][info][gc,metaspace   ] GC(1411) Metaspace: 32135K(33328K)->32135K(33328K) NonClass: 28356K(29104K)->28356K(29104K) Class: 3779K(4224K)->3779K(4224K)
[536.985s][info][gc             ] GC(1411) Pause Young (Allocation Failure) 1294M->863M(1951M) 59.340ms
[536.985s][info][gc,cpu         ] GC(1411) User=0.36s Sys=0.00s Real=0.06s
[537.119s][info][gc,start       ] GC(1412) Pause Young (Allocation Failure)
[537.198s][info][gc,heap        ] GC(1412) PSYoungGen: 566528K->70944K(604672K)
[537.198s][info][gc,heap        ] GC(1412) PSOldGen: 819489K->871577K(1398272K)
[537.198s][info][gc,metaspace   ] GC(1412) Metaspace: 32135K(33328K)->32135K(33328K) NonClass: 28356K(29104K)->28356K(29104K) Class: 3779K(4224K)->3779K(4224K)
[537.198s][info][gc             ] GC(1412) Pause Young (Allocation Failure) 1353M->920M(1956M) 78.593ms
[537.198s][info][gc,cpu         ] GC(1412) User=0.47s Sys=0.00s Real=0.08s
[537.770s][info][gc,start       ] GC(1413) Pause Young (Allocation Failure)
[537.828s][info][gc,heap        ] GC(1413) PSYoungGen: 580384K->57696K(603648K)
[537.828s][info][gc,heap        ] GC(1413) PSOldGen: 871577K->901681K(1398272K)
[537.828s][info][gc,metaspace   ] GC(1413) Metaspace: 32135K(33328K)->32135K(33328K) NonClass: 28356K(29104K)->28356K(29104K) Class: 3779K(4224K)->3779K(4224K)
[537.828s][info][gc             ] GC(1413) Pause Young (Allocation Failure) 1417M->936M(1955M) 58.304ms
[537.828s][info][gc,cpu         ] GC(1413) User=0.38s Sys=0.00s Real=0.07s
[537.972s][info][gc,start       ] GC(1414) Pause Young (Allocation Failure)
[538.038s][info][gc,heap        ] GC(1414) PSYoungGen: 567136K->76448K(603648K)
[538.038s][info][gc,heap        ] GC(1414) PSOldGen: 901681K->945053K(1398272K)
[538.038s][info][gc,metaspace   ] GC(1414) Metaspace: 32135K(33328K)->32135K(33328K) NonClass: 28356K(29104K)->28356K(29104K) Class: 3779K(4224K)->3779K(4224K)
[538.038s][info][gc             ] GC(1414) Pause Young (Allocation Failure) 1434M->997M(1955M) 65.690ms
[538.038s][info][gc,cpu         ] GC(1414) User=0.38s Sys=0.00s Real=0.07s
[538.246s][info][gc,start       ] GC(1415) Pause Young (Allocation Failure)
[538.322s][info][gc,heap        ] GC(1415) PSYoungGen: 586912K->67872K(604672K)
[538.322s][info][gc,heap        ] GC(1415) PSOldGen: 945053K->987501K(1398272K)
[538.322s][info][gc,metaspace   ] GC(1415) Metaspace: 32135K(33328K)->32135K(33328K) NonClass: 28356K(29104K)->28356K(29104K) Class: 3779K(4224K)->3779K(4224K)
[538.322s][info][gc             ] GC(1415) Pause Young (Allocation Failure) 1496M->1030M(1956M) 75.809ms
[538.322s][info][gc,cpu         ] GC(1415) User=0.41s Sys=0.00s Real=0.08s
[538.911s][info][gc,start       ] GC(1416) Pause Young (Allocation Failure)
[538.977s][info][gc,heap        ] GC(1416) PSYoungGen: 578336K->62336K(608256K)
[538.977s][info][gc,heap        ] GC(1416) PSOldGen: 987501K->1021117K(1398272K)
[538.977s][info][gc,metaspace   ] GC(1416) Metaspace: 32135K(33328K)->32135K(33328K) NonClass: 28356K(29104K)->28356K(29104K) Class: 3779K(4224K)->3779K(4224K)
[538.977s][info][gc             ] GC(1416) Pause Young (Allocation Failure) 1529M->1058M(1959M) 66.102ms
[538.977s][info][gc,cpu         ] GC(1416) User=0.38s Sys=0.00s Real=0.07s
[539.124s][info][gc,start       ] GC(1417) Pause Young (Allocation Failure)
[539.188s][info][gc,heap        ] GC(1417) PSYoungGen: 578432K->73216K(606720K)
[539.188s][info][gc,heap        ] GC(1417) PSOldGen: 1021117K->1070046K(1398272K)
[539.188s][info][gc,metaspace   ] GC(1417) Metaspace: 32135K(33328K)->32135K(33328K) NonClass: 28356K(29104K)->28356K(29104K) Class: 3779K(4224K)->3779K(4224K)
[539.188s][info][gc             ] GC(1417) Pause Young (Allocation Failure) 1562M->1116M(1958M) 64.525ms
[539.188s][info][gc,cpu         ] GC(1417) User=0.38s Sys=0.00s Real=0.07s
[539.522s][info][gc,start       ] GC(1418) Pause Young (Allocation Failure)
[539.578s][info][gc,heap        ] GC(1418) PSYoungGen: 589312K->56256K(608768K)
[539.578s][info][gc,heap        ] GC(1418) PSOldGen: 1070046K->1103150K(1398272K)
[539.578s][info][gc,metaspace   ] GC(1418) Metaspace: 32135K(33328K)->32135K(33328K) NonClass: 28356K(29104K)->28356K(29104K) Class: 3779K(4224K)->3779K(4224K)
[539.578s][info][gc             ] GC(1418) Pause Young (Allocation Failure) 1620M->1132M(1960M) 56.111ms
[539.578s][info][gc,cpu         ] GC(1418) User=0.36s Sys=0.00s Real=0.06s
[539.995s][info][gc,start       ] GC(1419) Pause Young (Allocation Failure)
[540.056s][info][gc,heap        ] GC(1419) PSYoungGen: 574400K->71040K(608256K)
[540.056s][info][gc,heap        ] GC(1419) PSOldGen: 1103150K->1136222K(1398272K)
[540.056s][info][gc,metaspace   ] GC(1419) Metaspace: 32135K(33328K)->32135K(33328K) NonClass: 28356K(29104K)->28356K(29104K) Class: 3779K(4224K)->3779K(4224K)
[540.056s][info][gc             ] GC(1419) Pause Young (Allocation Failure) 1638M->1178M(1959M) 61.594ms
[540.056s][info][gc,cpu         ] GC(1419) User=0.38s Sys=0.00s Real=0.06s
[540.209s][info][gc,start       ] GC(1420) Pause Young (Allocation Failure)
[540.282s][info][gc,heap        ] GC(1420) PSYoungGen: 589184K->82496K(602112K)
[540.282s][info][gc,heap        ] GC(1420) PSOldGen: 1136222K->1188074K(1398272K)
[540.282s][info][gc,metaspace   ] GC(1420) Metaspace: 32135K(33328K)->32135K(33328K) NonClass: 28356K(29104K)->28356K(29104K) Class: 3779K(4224K)->3779K(4224K)
[540.282s][info][gc             ] GC(1420) Pause Young (Allocation Failure) 1684M->1240M(1953M) 73.059ms
[540.282s][info][gc,cpu         ] GC(1420) User=0.45s Sys=0.00s Real=0.07s
[540.913s][info][gc,start       ] GC(1421) Pause Young (System.gc())
[540.964s][info][gc,heap        ] GC(1421) PSYoungGen: 505135K->31840K(544768K)
[540.964s][info][gc,heap        ] GC(1421) PSOldGen: 1188074K->1222450K(1398272K)
[540.964s][info][gc,metaspace   ] GC(1421) Metaspace: 32135K(33328K)->32135K(33328K) NonClass: 28356K(29104K)->28356K(29104K) Class: 3779K(4224K)->3779K(4224K)
[540.964s][info][gc             ] GC(1421) Pause Young (System.gc()) 1653M->1224M(1897M) 50.668ms
[540.964s][info][gc,cpu         ] GC(1421) User=0.38s Sys=0.00s Real=0.05s
[540.964s][info][gc,start       ] GC(1422) Pause Full (System.gc())
[540.964s][info][gc,phases,start] GC(1422) Phase 1: Mark live objects
[541.080s][info][gc,phases      ] GC(1422) Phase 1: Mark live objects 115.735ms
[541.080s][info][gc,phases,start] GC(1422) Phase 2: Compute new object addresses
[541.255s][info][gc,phases      ] GC(1422) Phase 2: Compute new object addresses 175.232ms
[541.255s][info][gc,phases,start] GC(1422) Phase 3: Adjust pointers
[541.336s][info][gc,phases      ] GC(1422) Phase 3: Adjust pointers 80.435ms
[541.336s][info][gc,phases,start] GC(1422) Phase 4: Move objects
[541.359s][info][gc,phases      ] GC(1422) Phase 4: Move objects 23.476ms
[541.359s][info][gc,heap        ] GC(1422) PSYoungGen: 31840K->0K(544768K)
[541.359s][info][gc,heap        ] GC(1422) PSOldGen: 1222450K->131350K(1398272K)
[541.359s][info][gc,metaspace   ] GC(1422) Metaspace: 32135K(33328K)->32135K(33328K) NonClass: 28356K(29104K)->28356K(29104K) Class: 3779K(4224K)->3779K(4224K)
[541.359s][info][gc             ] GC(1422) Pause Full (System.gc()) 1224M->128M(1897M) 395.663ms
[541.360s][info][gc,cpu         ] GC(1422) User=0.39s Sys=0.00s Real=0.40s
[541.501s][info][gc,start       ] GC(1423) Pause Young (Allocation Failure)
[541.539s][info][gc,heap        ] GC(1423) PSYoungGen: 512512K->67744K(604160K)
[541.539s][info][gc,heap        ] GC(1423) PSOldGen: 131350K->131350K(1398272K)
[541.539s][info][gc,metaspace   ] GC(1423) Metaspace: 32135K(33328K)->32135K(33328K) NonClass: 28356K(29104K)->28356K(29104K) Class: 3779K(4224K)->3779K(4224K)
[541.539s][info][gc             ] GC(1423) Pause Young (Allocation Failure) 628M->194M(1955M) 37.724ms
[541.539s][info][gc,cpu         ] GC(1423) User=0.19s Sys=0.00s Real=0.04s
[541.680s][info][gc,start       ] GC(1424) Pause Young (Allocation Failure)
[541.745s][info][gc,heap        ] GC(1424) PSYoungGen: 575136K->78048K(602112K)
[541.745s][info][gc,heap        ] GC(1424) PSOldGen: 131350K->180847K(1398272K)
[541.745s][info][gc,metaspace   ] GC(1424) Metaspace: 32135K(33328K)->32135K(33328K) NonClass: 28356K(29104K)->28356K(29104K) Class: 3779K(4224K)->3779K(4224K)
[541.745s][info][gc             ] GC(1424) Pause Young (Allocation Failure) 689M->252M(1953M) 65.366ms
[541.745s][info][gc,cpu         ] GC(1424) User=0.38s Sys=0.00s Real=0.07s
[542.462s][info][gc,start       ] GC(1425) Pause Young (Allocation Failure)
[542.512s][info][gc,heap        ] GC(1425) PSYoungGen: 585440K->43584K(600064K)
[542.512s][info][gc,heap        ] GC(1425) PSOldGen: 180847K->213095K(1398272K)
[542.512s][info][gc,metaspace   ] GC(1425) Metaspace: 32135K(33328K)->32135K(33328K) NonClass: 28356K(29104K)->28356K(29104K) Class: 3779K(4224K)->3779K(4224K)
[542.512s][info][gc             ] GC(1425) Pause Young (Allocation Failure) 748M->250M(1951M) 50.246ms
[542.512s][info][gc,cpu         ] GC(1425) User=0.25s Sys=0.00s Real=0.05s
[542.664s][info][gc,start       ] GC(1426) Pause Young (Allocation Failure)
[542.721s][info][gc,heap        ] GC(1426) PSYoungGen: 546880K->69632K(601088K)
[542.721s][info][gc,heap        ] GC(1426) PSOldGen: 213095K->250363K(1398272K)
[542.721s][info][gc,metaspace   ] GC(1426) Metaspace: 32135K(33328K)->32135K(33328K) NonClass: 28356K(29104K)->28356K(29104K) Class: 3779K(4224K)->3779K(4224K)
[542.721s][info][gc             ] GC(1426) Pause Young (Allocation Failure) 742M->312M(1952M) 57.532ms
[542.721s][info][gc,cpu         ] GC(1426) User=0.38s Sys=0.00s Real=0.06s
[542.862s][info][gc,start       ] GC(1427) Pause Young (Allocation Failure)
[542.945s][info][gc,heap        ] GC(1427) PSYoungGen: 572928K->73952K(601600K)
[542.945s][info][gc,heap        ] GC(1427) PSOldGen: 250363K->303651K(1398272K)
[542.945s][info][gc,metaspace   ] GC(1427) Metaspace: 32135K(33328K)->32135K(33328K) NonClass: 28356K(29104K)->28356K(29104K) Class: 3779K(4224K)->3779K(4224K)
[542.945s][info][gc             ] GC(1427) Pause Young (Allocation Failure) 803M->368M(1953M) 82.979ms
[542.945s][info][gc,cpu         ] GC(1427) User=0.45s Sys=0.00s Real=0.08s
[543.481s][info][gc,start       ] GC(1428) Pause Young (Allocation Failure)
[543.537s][info][gc,heap        ] GC(1428) PSYoungGen: 579296K->51616K(602112K)
[543.537s][info][gc,heap        ] GC(1428) PSOldGen: 303651K->334835K(1398272K)
[543.537s][info][gc,metaspace   ] GC(1428) Metaspace: 32135K(33328K)->32135K(33328K) NonClass: 28356K(29104K)->28356K(29104K) Class: 3779K(4224K)->3779K(4224K)
[543.537s][info][gc             ] GC(1428) Pause Young (Allocation Failure) 862M->377M(1953M) 56.523ms
[543.537s][info][gc,cpu         ] GC(1428) User=0.28s Sys=0.00s Real=0.06s
[543.680s][info][gc,start       ] GC(1429) Pause Young (Allocation Failure)
[543.743s][info][gc,heap        ] GC(1429) PSYoungGen: 556960K->74080K(601088K)
[543.743s][info][gc,heap        ] GC(1429) PSOldGen: 334835K->374664K(1398272K)
[543.743s][info][gc,metaspace   ] GC(1429) Metaspace: 32135K(33328K)->32135K(33328K) NonClass: 28356K(29104K)->28356K(29104K) Class: 3779K(4224K)->3779K(4224K)
[543.743s][info][gc             ] GC(1429) Pause Young (Allocation Failure) 870M->438M(1952M) 62.544ms
[543.743s][info][gc,cpu         ] GC(1429) User=0.38s Sys=0.00s Real=0.06s
[543.875s][info][gc,start       ] GC(1430) Pause Young (Allocation Failure)
[543.956s][info][gc,heap        ] GC(1430) PSYoungGen: 579424K->70336K(602112K)
[543.956s][info][gc,heap        ] GC(1430) PSOldGen: 374664K->434632K(1398272K)
[543.956s][info][gc,metaspace   ] GC(1430) Metaspace: 32135K(33328K)->32135K(33328K) NonClass: 28356K(29104K)->28356K(29104K) Class: 3779K(4224K)->3779K(4224K)
[543.956s][info][gc             ] GC(1430) Pause Young (Allocation Failure) 931M->493M(1953M) 81.029ms
[543.956s][info][gc,cpu         ] GC(1430) User=0.47s Sys=0.00s Real=0.08s
[544.583s][info][gc,start       ] GC(1431) Pause Young (Allocation Failure)
[544.636s][info][gc,heap        ] GC(1431) PSYoungGen: 575680K->56224K(604672K)
[544.637s][info][gc,heap        ] GC(1431) PSOldGen: 434632K->464568K(1398272K)
[544.637s][info][gc,metaspace   ] GC(1431) Metaspace: 32135K(33328K)->32135K(33328K) NonClass: 28356K(29104K)->28356K(29104K) Class: 3779K(4224K)->3779K(4224K)
[544.637s][info][gc             ] GC(1431) Pause Young (Allocation Failure) 986M->508M(1956M) 53.916ms
[544.637s][info][gc,cpu         ] GC(1431) User=0.38s Sys=0.00s Real=0.05s
[544.763s][info][gc,start       ] GC(1432) Pause Young (Allocation Failure)
[544.824s][info][gc,heap        ] GC(1432) PSYoungGen: 565664K->66592K(603648K)
[544.824s][info][gc,heap        ] GC(1432) PSOldGen: 464568K->510764K(1398272K)
[544.824s][info][gc,metaspace   ] GC(1432) Metaspace: 32135K(33328K)->32135K(33328K) NonClass: 28356K(29104K)->28356K(29104K) Class: 3779K(4224K)->3779K(4224K)
[544.824s][info][gc             ] GC(1432) Pause Young (Allocation Failure) 1006M->563M(1955M) 61.236ms
[544.824s][info][gc,cpu         ] GC(1432) User=0.38s Sys=0.00s Real=0.06s
[544.976s][info][gc,start       ] GC(1433) Pause Young (Allocation Failure)
[545.054s][info][gc,heap        ] GC(1433) PSYoungGen: 576032K->76928K(603136K)
[545.054s][info][gc,heap        ] GC(1433) PSOldGen: 510764K->558756K(1398272K)
[545.054s][info][gc,metaspace   ] GC(1433) Metaspace: 32135K(33328K)->32135K(33328K) NonClass: 28356K(29104K)->28356K(29104K) Class: 3779K(4224K)->3779K(4224K)
[545.054s][info][gc             ] GC(1433) Pause Young (Allocation Failure) 1061M->620M(1954M) 78.611ms
[545.054s][info][gc,cpu         ] GC(1433) User=0.44s Sys=0.03s Real=0.08s
[545.679s][info][gc,start       ] GC(1434) Pause Young (Allocation Failure)
[545.738s][info][gc,heap        ] GC(1434) PSYoungGen: 588416K->57984K(605184K)
[545.738s][info][gc,heap        ] GC(1434) PSOldGen: 558756K->590500K(1398272K)
[545.738s][info][gc,metaspace   ] GC(1434) Metaspace: 32136K(33328K)->32136K(33328K) NonClass: 28357K(29104K)->28357K(29104K) Class: 3779K(4224K)->3779K(4224K)
[545.739s][info][gc             ] GC(1434) Pause Young (Allocation Failure) 1120M->633M(1956M) 59.523ms
[545.739s][info][gc,cpu         ] GC(1434) User=0.33s Sys=0.00s Real=0.06s
[545.878s][info][gc,start       ] GC(1435) Pause Young (Allocation Failure)
[545.941s][info][gc,heap        ] GC(1435) PSYoungGen: 569472K->74240K(604672K)
[545.941s][info][gc,heap        ] GC(1435) PSOldGen: 590500K->634549K(1398272K)
[545.941s][info][gc,metaspace   ] GC(1435) Metaspace: 32136K(33328K)->32136K(33328K) NonClass: 28357K(29104K)->28357K(29104K) Class: 3779K(4224K)->3779K(4224K)
[545.941s][info][gc             ] GC(1435) Pause Young (Allocation Failure) 1132M->692M(1956M) 63.032ms
[545.941s][info][gc,cpu         ] GC(1435) User=0.36s Sys=0.02s Real=0.06s
[546.135s][info][gc,start       ] GC(1436) Pause Young (Allocation Failure)
[546.203s][info][gc,heap        ] GC(1436) PSYoungGen: 586752K->64448K(605696K)
[546.203s][info][gc,heap        ] GC(1436) PSOldGen: 634549K->677557K(1398272K)
[546.203s][info][gc,metaspace   ] GC(1436) Metaspace: 32136K(33328K)->32136K(33328K) NonClass: 28357K(29104K)->28357K(29104K) Class: 3779K(4224K)->3779K(4224K)
[546.203s][info][gc             ] GC(1436) Pause Young (Allocation Failure) 1192M->724M(1957M) 68.644ms
[546.203s][info][gc,cpu         ] GC(1436) User=0.38s Sys=0.00s Real=0.08s
[546.806s][info][gc,start       ] GC(1437) Pause Young (Allocation Failure)
[546.864s][info][gc,heap        ] GC(1437) PSYoungGen: 576960K->64032K(610304K)
[546.864s][info][gc,heap        ] GC(1437) PSOldGen: 677557K->709261K(1398272K)
[546.864s][info][gc,metaspace   ] GC(1437) Metaspace: 32136K(33328K)->32136K(33328K) NonClass: 28357K(29104K)->28357K(29104K) Class: 3779K(4224K)->3779K(4224K)
[546.864s][info][gc             ] GC(1437) Pause Young (Allocation Failure) 1225M->755M(1961M) 58.507ms
[546.864s][info][gc,cpu         ] GC(1437) User=0.28s Sys=0.00s Real=0.07s
[547.018s][info][gc,start       ] GC(1438) Pause Young (Allocation Failure)
[547.085s][info][gc,heap        ] GC(1438) PSYoungGen: 583712K->83168K(603136K)
[547.085s][info][gc,heap        ] GC(1438) PSOldGen: 709261K->753953K(1398272K)
[547.085s][info][gc,metaspace   ] GC(1438) Metaspace: 32136K(33328K)->32136K(33328K) NonClass: 28357K(29104K)->28357K(29104K) Class: 3779K(4224K)->3779K(4224K)
[547.085s][info][gc             ] GC(1438) Pause Young (Allocation Failure) 1262M->817M(1954M) 67.014ms
[547.085s][info][gc,cpu         ] GC(1438) User=0.38s Sys=0.00s Real=0.07s
[547.711s][info][gc,start       ] GC(1439) Pause Young (Allocation Failure)
[547.763s][info][gc,heap        ] GC(1439) PSYoungGen: 602831K->38464K(601088K)
[547.763s][info][gc,heap        ] GC(1439) PSOldGen: 753953K->788377K(1398272K)
[547.763s][info][gc,metaspace   ] GC(1439) Metaspace: 32136K(33328K)->32136K(33328K) NonClass: 28357K(29104K)->28357K(29104K) Class: 3779K(4224K)->3779K(4224K)
[547.763s][info][gc             ] GC(1439) Pause Young (Allocation Failure) 1324M->807M(1952M) 52.504ms
[547.763s][info][gc,cpu         ] GC(1439) User=0.38s Sys=0.00s Real=0.05s
[547.911s][info][gc,start       ] GC(1440) Pause Young (Allocation Failure)
[547.968s][info][gc,heap        ] GC(1440) PSYoungGen: 546880K->70272K(603648K)
[547.968s][info][gc,heap        ] GC(1440) PSOldGen: 788377K->824689K(1398272K)
[547.968s][info][gc,metaspace   ] GC(1440) Metaspace: 32136K(33328K)->32136K(33328K) NonClass: 28357K(29104K)->28357K(29104K) Class: 3779K(4224K)->3779K(4224K)
[547.968s][info][gc             ] GC(1440) Pause Young (Allocation Failure) 1303M->873M(1955M) 57.070ms
[547.968s][info][gc,cpu         ] GC(1440) User=0.38s Sys=0.00s Real=0.06s
[548.098s][info][gc,start       ] GC(1441) Pause Young (Allocation Failure)
[548.173s][info][gc,heap        ] GC(1441) PSYoungGen: 578688K->70176K(605696K)
[548.173s][info][gc,heap        ] GC(1441) PSOldGen: 824689K->882002K(1398272K)
[548.173s][info][gc,metaspace   ] GC(1441) Metaspace: 32136K(33328K)->32136K(33328K) NonClass: 28357K(29104K)->28357K(29104K) Class: 3779K(4224K)->3779K(4224K)
[548.173s][info][gc             ] GC(1441) Pause Young (Allocation Failure) 1370M->929M(1957M) 74.488ms
[548.173s][info][gc,cpu         ] GC(1441) User=0.47s Sys=0.00s Real=0.08s
[548.825s][info][gc,start       ] GC(1442) Pause Young (Allocation Failure)
[548.878s][info][gc,heap        ] GC(1442) PSYoungGen: 581664K->41376K(552960K)
[548.878s][info][gc,heap        ] GC(1442) PSOldGen: 882002K->912138K(1398272K)
[548.878s][info][gc,metaspace   ] GC(1442) Metaspace: 32136K(33328K)->32136K(33328K) NonClass: 28357K(29104K)->28357K(29104K) Class: 3779K(4224K)->3779K(4224K)
[548.878s][info][gc             ] GC(1442) Pause Young (Allocation Failure) 1429M->931M(1905M) 53.303ms
[548.878s][info][gc,cpu         ] GC(1442) User=0.28s Sys=0.00s Real=0.06s
[549.010s][info][gc,start       ] GC(1443) Pause Young (Allocation Failure)
[549.069s][info][gc,heap        ] GC(1443) PSYoungGen: 552864K->66912K(606208K)
[549.069s][info][gc,heap        ] GC(1443) PSOldGen: 912138K->948278K(1398272K)
[549.069s][info][gc,metaspace   ] GC(1443) Metaspace: 32136K(33328K)->32136K(33328K) NonClass: 28357K(29104K)->28357K(29104K) Class: 3779K(4224K)->3779K(4224K)
[549.069s][info][gc             ] GC(1443) Pause Young (Allocation Failure) 1430M->991M(1957M) 59.710ms
[549.069s][info][gc,cpu         ] GC(1443) User=0.28s Sys=0.00s Real=0.06s
[549.211s][info][gc,start       ] GC(1444) Pause Young (Allocation Failure)
[549.286s][info][gc,heap        ] GC(1444) PSYoungGen: 578400K->75520K(604160K)
[549.286s][info][gc,heap        ] GC(1444) PSOldGen: 948278K->997414K(1398272K)
[549.286s][info][gc,metaspace   ] GC(1444) Metaspace: 32136K(33328K)->32136K(33328K) NonClass: 28357K(29104K)->28357K(29104K) Class: 3779K(4224K)->3779K(4224K)
[549.286s][info][gc             ] GC(1444) Pause Young (Allocation Failure) 1490M->1047M(1955M) 74.846ms
[549.286s][info][gc,cpu         ] GC(1444) User=0.42s Sys=0.00s Real=0.07s
[549.990s][info][gc,start       ] GC(1445) Pause Young (Allocation Failure)
[550.043s][info][gc,heap        ] GC(1445) PSYoungGen: 587008K->46784K(604672K)
[550.043s][info][gc,heap        ] GC(1445) PSOldGen: 997414K->1029262K(1398272K)
[550.043s][info][gc,metaspace   ] GC(1445) Metaspace: 32136K(33328K)->32136K(33328K) NonClass: 28357K(29104K)->28357K(29104K) Class: 3779K(4224K)->3779K(4224K)
[550.043s][info][gc             ] GC(1445) Pause Young (Allocation Failure) 1547M->1050M(1956M) 53.519ms
[550.043s][info][gc,cpu         ] GC(1445) User=0.38s Sys=0.00s Real=0.06s
[550.187s][info][gc,start       ] GC(1446) Pause Young (Allocation Failure)
[550.253s][info][gc,heap        ] GC(1446) PSYoungGen: 557248K->74080K(584704K)
[550.253s][info][gc,heap        ] GC(1446) PSOldGen: 1029262K->1067906K(1398272K)
[550.253s][info][gc,metaspace   ] GC(1446) Metaspace: 32136K(33328K)->32136K(33328K) NonClass: 28357K(29104K)->28357K(29104K) Class: 3779K(4224K)->3779K(4224K)
[550.253s][info][gc             ] GC(1446) Pause Young (Allocation Failure) 1549M->1115M(1936M) 65.904ms
[550.253s][info][gc,cpu         ] GC(1446) User=0.38s Sys=0.00s Real=0.07s
[550.403s][info][gc,start       ] GC(1447) Pause Young (Allocation Failure)
[550.499s][info][gc,heap        ] GC(1447) PSYoungGen: 584544K->76864K(599552K)
[550.499s][info][gc,heap        ] GC(1447) PSOldGen: 1067906K->1123114K(1398272K)
[550.499s][info][gc,metaspace   ] GC(1447) Metaspace: 32136K(33328K)->32136K(33328K) NonClass: 28357K(29104K)->28357K(29104K) Class: 3779K(4224K)->3779K(4224K)
[550.499s][info][gc             ] GC(1447) Pause Young (Allocation Failure) 1613M->1171M(1951M) 96.615ms
[550.499s][info][gc,cpu         ] GC(1447) User=0.45s Sys=0.00s Real=0.10s
[551.166s][info][gc,start       ] GC(1448) Pause Young (Allocation Failure)
[551.225s][info][gc,heap        ] GC(1448) PSYoungGen: 581184K->52256K(601600K)
[551.225s][info][gc,heap        ] GC(1448) PSOldGen: 1123114K->1155218K(1398272K)
[551.225s][info][gc,metaspace   ] GC(1448) Metaspace: 32136K(33328K)->32136K(33328K) NonClass: 28357K(29104K)->28357K(29104K) Class: 3779K(4224K)->3779K(4224K)
[551.225s][info][gc             ] GC(1448) Pause Young (Allocation Failure) 1664M->1179M(1953M) 59.781ms
[551.225s][info][gc,cpu         ] GC(1448) User=0.22s Sys=0.00s Real=0.06s
[551.360s][info][gc,start       ] GC(1449) Pause Young (Allocation Failure)
[551.427s][info][gc,heap        ] GC(1449) PSYoungGen: 556576K->68352K(604160K)
[551.427s][info][gc,heap        ] GC(1449) PSOldGen: 1155218K->1198367K(1398272K)
[551.427s][info][gc,metaspace   ] GC(1449) Metaspace: 32136K(33328K)->32136K(33328K) NonClass: 28357K(29104K)->28357K(29104K) Class: 3779K(4224K)->3779K(4224K)
[551.427s][info][gc             ] GC(1449) Pause Young (Allocation Failure) 1671M->1237M(1955M) 67.769ms
[551.427s][info][gc,cpu         ] GC(1449) User=0.36s Sys=0.02s Real=0.07s
[551.594s][info][gc,start       ] GC(1450) Pause Young (Allocation Failure)
[551.669s][info][gc,heap        ] GC(1450) PSYoungGen: 576256K->79456K(587776K)
[551.669s][info][gc,heap        ] GC(1450) PSOldGen: 1198367K->1244407K(1398272K)
[551.669s][info][gc,metaspace   ] GC(1450) Metaspace: 32136K(33328K)->32136K(33328K) NonClass: 28357K(29104K)->28357K(29104K) Class: 3779K(4224K)->3779K(4224K)
[551.669s][info][gc             ] GC(1450) Pause Young (Allocation Failure) 1733M->1292M(1939M) 74.714ms
[551.669s][info][gc,cpu         ] GC(1450) User=0.47s Sys=0.00s Real=0.07s
[552.195s][info][gc,start       ] GC(1451) Pause Young (System.gc())
[552.235s][info][gc,heap        ] GC(1451) PSYoungGen: 306491K->17984K(591360K)
[552.235s][info][gc,heap        ] GC(1451) PSOldGen: 1244407K->1280567K(1398272K)
[552.235s][info][gc,metaspace   ] GC(1451) Metaspace: 32136K(33328K)->32136K(33328K) NonClass: 28357K(29104K)->28357K(29104K) Class: 3779K(4224K)->3779K(4224K)
[552.235s][info][gc             ] GC(1451) Pause Young (System.gc()) 1514M->1268M(1943M) 40.240ms
[552.235s][info][gc,cpu         ] GC(1451) User=0.25s Sys=0.00s Real=0.05s
[552.235s][info][gc,start       ] GC(1452) Pause Full (System.gc())
[552.235s][info][gc,phases,start] GC(1452) Phase 1: Mark live objects
[552.355s][info][gc,phases      ] GC(1452) Phase 1: Mark live objects 119.156ms
[552.355s][info][gc,phases,start] GC(1452) Phase 2: Compute new object addresses
[552.533s][info][gc,phases      ] GC(1452) Phase 2: Compute new object addresses 178.291ms
[552.533s][info][gc,phases,start] GC(1452) Phase 3: Adjust pointers
[552.617s][info][gc,phases      ] GC(1452) Phase 3: Adjust pointers 84.045ms
[552.617s][info][gc,phases,start] GC(1452) Phase 4: Move objects
[552.641s][info][gc,phases      ] GC(1452) Phase 4: Move objects 23.710ms
[552.641s][info][gc,heap        ] GC(1452) PSYoungGen: 17984K->0K(591360K)
[552.641s][info][gc,heap        ] GC(1452) PSOldGen: 1280567K->131281K(1398272K)
[552.641s][info][gc,metaspace   ] GC(1452) Metaspace: 32136K(33328K)->32136K(33328K) NonClass: 28357K(29104K)->28357K(29104K) Class: 3779K(4224K)->3779K(4224K)
[552.641s][info][gc             ] GC(1452) Pause Full (System.gc()) 1268M->128M(1943M) 405.992ms
[552.641s][info][gc,cpu         ] GC(1452) User=0.41s Sys=0.00s Real=0.40s
[552.857s][info][gc,start       ] GC(1453) Pause Young (Allocation Failure)
[552.903s][info][gc,heap        ] GC(1453) PSYoungGen: 494080K->76128K(570368K)
[552.903s][info][gc,heap        ] GC(1453) PSOldGen: 131281K->131281K(1398272K)
[552.903s][info][gc,metaspace   ] GC(1453) Metaspace: 32136K(33328K)->32136K(33328K) NonClass: 28357K(29104K)->28357K(29104K) Class: 3779K(4224K)->3779K(4224K)
[552.903s][info][gc             ] GC(1453) Pause Young (Allocation Failure) 610M->202M(1922M) 45.203ms
[552.903s][info][gc,cpu         ] GC(1453) User=0.28s Sys=0.00s Real=0.05s
[553.041s][info][gc,start       ] GC(1454) Pause Young (Allocation Failure)
[553.109s][info][gc,heap        ] GC(1454) PSYoungGen: 570208K->72544K(595456K)
[553.109s][info][gc,heap        ] GC(1454) PSOldGen: 131281K->191801K(1398272K)
[553.109s][info][gc,metaspace   ] GC(1454) Metaspace: 32136K(33328K)->32136K(33328K) NonClass: 28357K(29104K)->28357K(29104K) Class: 3779K(4224K)->3779K(4224K)
[553.109s][info][gc             ] GC(1454) Pause Young (Allocation Failure) 685M->258M(1947M) 68.018ms
[553.109s][info][gc,cpu         ] GC(1454) User=0.38s Sys=0.00s Real=0.07s
[553.766s][info][gc,start       ] GC(1455) Pause Young (Allocation Failure)
[553.826s][info][gc,heap        ] GC(1455) PSYoungGen: 564576K->45824K(595456K)
[553.826s][info][gc,heap        ] GC(1455) PSOldGen: 191801K->222273K(1398272K)
[553.826s][info][gc,metaspace   ] GC(1455) Metaspace: 32136K(33328K)->32136K(33328K) NonClass: 28357K(29104K)->28357K(29104K) Class: 3779K(4224K)->3779K(4224K)
[553.826s][info][gc             ] GC(1455) Pause Young (Allocation Failure) 738M->261M(1947M) 60.473ms
[553.826s][info][gc,cpu         ] GC(1455) User=0.36s Sys=0.02s Real=0.06s
[553.966s][info][gc,start       ] GC(1456) Pause Young (Allocation Failure)
[554.025s][info][gc,heap        ] GC(1456) PSYoungGen: 537856K->70432K(597504K)
[554.025s][info][gc,heap        ] GC(1456) PSOldGen: 222273K->259746K(1398272K)
[554.025s][info][gc,metaspace   ] GC(1456) Metaspace: 32136K(33328K)->32136K(33328K) NonClass: 28357K(29104K)->28357K(29104K) Class: 3779K(4224K)->3779K(4224K)
[554.025s][info][gc             ] GC(1456) Pause Young (Allocation Failure) 742M->322M(1949M) 58.818ms
[554.025s][info][gc,cpu         ] GC(1456) User=0.38s Sys=0.00s Real=0.06s
[554.148s][info][gc,start       ] GC(1457) Pause Young (Allocation Failure)
[554.222s][info][gc,heap        ] GC(1457) PSYoungGen: 565536K->65056K(596480K)
[554.222s][info][gc,heap        ] GC(1457) PSOldGen: 259746K->319098K(1398272K)
[554.222s][info][gc,metaspace   ] GC(1457) Metaspace: 32136K(33328K)->32136K(33328K) NonClass: 28357K(29104K)->28357K(29104K) Class: 3779K(4224K)->3779K(4224K)
[554.222s][info][gc             ] GC(1457) Pause Young (Allocation Failure) 805M->375M(1948M) 73.358ms
[554.222s][info][gc,cpu         ] GC(1457) User=0.47s Sys=0.00s Real=0.08s
[554.856s][info][gc,start       ] GC(1458) Pause Young (Allocation Failure)
[554.904s][info][gc,heap        ] GC(1458) PSYoungGen: 560160K->45888K(601088K)
[554.904s][info][gc,heap        ] GC(1458) PSOldGen: 319098K->347746K(1398272K)
[554.904s][info][gc,metaspace   ] GC(1458) Metaspace: 32136K(33328K)->32136K(33328K) NonClass: 28357K(29104K)->28357K(29104K) Class: 3779K(4224K)->3779K(4224K)
[554.905s][info][gc             ] GC(1458) Pause Young (Allocation Failure) 858M->384M(1952M) 48.529ms
[554.905s][info][gc,cpu         ] GC(1458) User=0.28s Sys=0.00s Real=0.05s
[555.047s][info][gc,start       ] GC(1459) Pause Young (Allocation Failure)
[555.109s][info][gc,heap        ] GC(1459) PSYoungGen: 548672K->69568K(600576K)
[555.109s][info][gc,heap        ] GC(1459) PSOldGen: 347746K->385254K(1398272K)
[555.109s][info][gc,metaspace   ] GC(1459) Metaspace: 32136K(33328K)->32136K(33328K) NonClass: 28357K(29104K)->28357K(29104K) Class: 3779K(4224K)->3779K(4224K)
[555.109s][info][gc             ] GC(1459) Pause Young (Allocation Failure) 875M->444M(1952M) 61.389ms
[555.109s][info][gc,cpu         ] GC(1459) User=0.38s Sys=0.00s Real=0.06s
[555.232s][info][gc,start       ] GC(1460) Pause Young (Allocation Failure)
[555.309s][info][gc,heap        ] GC(1460) PSYoungGen: 572352K->64128K(604160K)
[555.309s][info][gc,heap        ] GC(1460) PSOldGen: 385254K->446150K(1398272K)
[555.309s][info][gc,metaspace   ] GC(1460) Metaspace: 32136K(33328K)->32136K(33328K) NonClass: 28357K(29104K)->28357K(29104K) Class: 3779K(4224K)->3779K(4224K)
[555.309s][info][gc             ] GC(1460) Pause Young (Allocation Failure) 935M->498M(1955M) 77.058ms
[555.309s][info][gc,cpu         ] GC(1460) User=0.44s Sys=0.02s Real=0.08s
[556.031s][info][gc,start       ] GC(1461) Pause Young (Allocation Failure)
[556.083s][info][gc,heap        ] GC(1461) PSYoungGen: 571008K->48704K(601600K)
[556.083s][info][gc,heap        ] GC(1461) PSOldGen: 446150K->474398K(1398272K)
[556.083s][info][gc,metaspace   ] GC(1461) Metaspace: 32136K(33328K)->32136K(33328K) NonClass: 28357K(29104K)->28357K(29104K) Class: 3779K(4224K)->3779K(4224K)
[556.083s][info][gc             ] GC(1461) Pause Young (Allocation Failure) 993M->510M(1953M) 51.987ms
[556.083s][info][gc,cpu         ] GC(1461) User=0.28s Sys=0.00s Real=0.07s
[556.227s][info][gc,start       ] GC(1462) Pause Young (Allocation Failure)
[556.290s][info][gc,heap        ] GC(1462) PSYoungGen: 555584K->71328K(604160K)
[556.290s][info][gc,heap        ] GC(1462) PSOldGen: 474398K->513991K(1398272K)
[556.290s][info][gc,metaspace   ] GC(1462) Metaspace: 32136K(33328K)->32136K(33328K) NonClass: 28357K(29104K)->28357K(29104K) Class: 3779K(4224K)->3779K(4224K)
[556.290s][info][gc             ] GC(1462) Pause Young (Allocation Failure) 1005M->571M(1955M) 63.665ms
[556.290s][info][gc,cpu         ] GC(1462) User=0.38s Sys=0.00s Real=0.06s
[556.436s][info][gc,start       ] GC(1463) Pause Young (Allocation Failure)
[556.519s][info][gc,heap        ] GC(1463) PSYoungGen: 581792K->78784K(589312K)
[556.519s][info][gc,heap        ] GC(1463) PSOldGen: 513991K->567231K(1398272K)
[556.519s][info][gc,metaspace   ] GC(1463) Metaspace: 32136K(33328K)->32136K(33328K) NonClass: 28357K(29104K)->28357K(29104K) Class: 3779K(4224K)->3779K(4224K)
[556.519s][info][gc             ] GC(1463) Pause Young (Allocation Failure) 1070M->630M(1941M) 82.867ms
[556.519s][info][gc,cpu         ] GC(1463) User=0.45s Sys=0.00s Real=0.08s
[557.106s][info][gc,start       ] GC(1464) Pause Young (Allocation Failure)
[557.173s][info][gc,heap        ] GC(1464) PSYoungGen: 589248K->60800K(604672K)
[557.173s][info][gc,heap        ] GC(1464) PSOldGen: 567231K->599191K(1398272K)
[557.173s][info][gc,metaspace   ] GC(1464) Metaspace: 32136K(33328K)->32136K(33328K) NonClass: 28357K(29104K)->28357K(29104K) Class: 3779K(4224K)->3779K(4224K)
[557.173s][info][gc             ] GC(1464) Pause Young (Allocation Failure) 1129M->644M(1956M) 67.041ms
[557.173s][info][gc,cpu         ] GC(1464) User=0.38s Sys=0.00s Real=0.07s
[557.330s][info][gc,start       ] GC(1465) Pause Young (Allocation Failure)
[557.398s][info][gc,heap        ] GC(1465) PSYoungGen: 568192K->79840K(601600K)
[557.398s][info][gc,heap        ] GC(1465) PSOldGen: 599191K->643371K(1398272K)
[557.398s][info][gc,metaspace   ] GC(1465) Metaspace: 32136K(33328K)->32136K(33328K) NonClass: 28357K(29104K)->28357K(29104K) Class: 3779K(4224K)->3779K(4224K)
[557.398s][info][gc             ] GC(1465) Pause Young (Allocation Failure) 1140M->706M(1953M) 68.675ms
[557.398s][info][gc,cpu         ] GC(1465) User=0.36s Sys=0.00s Real=0.07s
[557.699s][info][gc,start       ] GC(1466) Pause Young (Allocation Failure)
[557.765s][info][gc,heap        ] GC(1466) PSYoungGen: 587232K->60608K(604160K)
[557.765s][info][gc,heap        ] GC(1466) PSOldGen: 643371K->678659K(1398272K)
[557.765s][info][gc,metaspace   ] GC(1466) Metaspace: 32136K(33328K)->32136K(33328K) NonClass: 28357K(29104K)->28357K(29104K) Class: 3779K(4224K)->3779K(4224K)
[557.765s][info][gc             ] GC(1466) Pause Young (Allocation Failure) 1201M->721M(1955M) 66.265ms
[557.765s][info][gc,cpu         ] GC(1466) User=0.38s Sys=0.00s Real=0.08s
[558.133s][info][gc,start       ] GC(1467) Pause Young (Allocation Failure)
[558.189s][info][gc,heap        ] GC(1467) PSYoungGen: 567488K->63200K(601600K)
[558.189s][info][gc,heap        ] GC(1467) PSOldGen: 678659K->713971K(1398272K)
[558.189s][info][gc,metaspace   ] GC(1467) Metaspace: 32136K(33328K)->32136K(33328K) NonClass: 28357K(29104K)->28357K(29104K) Class: 3779K(4224K)->3779K(4224K)
[558.189s][info][gc             ] GC(1467) Pause Young (Allocation Failure) 1216M->758M(1953M) 55.905ms
[558.189s][info][gc,cpu         ] GC(1467) User=0.28s Sys=0.00s Real=0.06s
[558.329s][info][gc,start       ] GC(1468) Pause Young (Allocation Failure)
[558.396s][info][gc,heap        ] GC(1468) PSYoungGen: 570080K->74496K(604672K)
[558.396s][info][gc,heap        ] GC(1468) PSOldGen: 713971K->763043K(1398272K)
[558.396s][info][gc,metaspace   ] GC(1468) Metaspace: 32136K(33328K)->32136K(33328K) NonClass: 28357K(29104K)->28357K(29104K) Class: 3779K(4224K)->3779K(4224K)
[558.396s][info][gc             ] GC(1468) Pause Young (Allocation Failure) 1253M->817M(1956M) 66.362ms
[558.396s][info][gc,cpu         ] GC(1468) User=0.36s Sys=0.00s Real=0.07s
[559.054s][info][gc,start       ] GC(1469) Pause Young (Allocation Failure)
[559.113s][info][gc,heap        ] GC(1469) PSYoungGen: 587008K->39136K(551936K)
[559.113s][info][gc,heap        ] GC(1469) PSOldGen: 763043K->795163K(1398272K)
[559.113s][info][gc,metaspace   ] GC(1469) Metaspace: 32136K(33328K)->32136K(33328K) NonClass: 28357K(29104K)->28357K(29104K) Class: 3779K(4224K)->3779K(4224K)
[559.113s][info][gc             ] GC(1469) Pause Young (Allocation Failure) 1318M->814M(1904M) 59.327ms
[559.113s][info][gc,cpu         ] GC(1469) User=0.38s Sys=0.00s Real=0.07s
[559.258s][info][gc,start       ] GC(1470) Pause Young (Allocation Failure)
[559.317s][info][gc,heap        ] GC(1470) PSYoungGen: 551648K->66208K(605696K)
[559.317s][info][gc,heap        ] GC(1470) PSOldGen: 795163K->831540K(1398272K)
[559.317s][info][gc,metaspace   ] GC(1470) Metaspace: 32136K(33328K)->32136K(33328K) NonClass: 28357K(29104K)->28357K(29104K) Class: 3779K(4224K)->3779K(4224K)
[559.317s][info][gc             ] GC(1470) Pause Young (Allocation Failure) 1315M->876M(1957M) 59.324ms
[559.317s][info][gc,cpu         ] GC(1470) User=0.30s Sys=0.00s Real=0.06s
[559.453s][info][gc,start       ] GC(1471) Pause Young (Allocation Failure)
[559.520s][info][gc,heap        ] GC(1471) PSYoungGen: 577184K->70880K(604160K)
[559.520s][info][gc,heap        ] GC(1471) PSOldGen: 831540K->882584K(1398272K)
[559.520s][info][gc,metaspace   ] GC(1471) Metaspace: 32136K(33328K)->32136K(33328K) NonClass: 28357K(29104K)->28357K(29104K) Class: 3779K(4224K)->3779K(4224K)
[559.520s][info][gc             ] GC(1471) Pause Young (Allocation Failure) 1375M->931M(1955M) 66.281ms
[559.520s][info][gc,cpu         ] GC(1471) User=0.34s Sys=0.00s Real=0.07s
[560.310s][info][gc,start       ] GC(1472) Pause Young (Allocation Failure)
[560.361s][info][gc,heap        ] GC(1472) PSYoungGen: 581856K->40320K(603136K)
[560.361s][info][gc,heap        ] GC(1472) PSOldGen: 882584K->913480K(1398272K)
[560.361s][info][gc,metaspace   ] GC(1472) Metaspace: 32136K(33328K)->32136K(33328K) NonClass: 28357K(29104K)->28357K(29104K) Class: 3779K(4224K)->3779K(4224K)
[560.361s][info][gc             ] GC(1472) Pause Young (Allocation Failure) 1430M->931M(1954M) 51.346ms
[560.361s][info][gc,cpu         ] GC(1472) User=0.27s Sys=0.00s Real=0.05s
[560.510s][info][gc,start       ] GC(1473) Pause Young (Allocation Failure)
[560.575s][info][gc,heap        ] GC(1473) PSYoungGen: 550784K->66752K(604672K)
[560.575s][info][gc,heap        ] GC(1473) PSOldGen: 913480K->950820K(1398272K)
[560.575s][info][gc,metaspace   ] GC(1473) Metaspace: 32136K(33328K)->32136K(33328K) NonClass: 28357K(29104K)->28357K(29104K) Class: 3779K(4224K)->3779K(4224K)
[560.575s][info][gc             ] GC(1473) Pause Young (Allocation Failure) 1429M->993M(1956M) 65.331ms
[560.575s][info][gc,cpu         ] GC(1473) User=0.38s Sys=0.00s Real=0.07s
[560.709s][info][gc,start       ] GC(1474) Pause Young (Allocation Failure)
[560.792s][info][gc,heap        ] GC(1474) PSYoungGen: 577216K->71296K(605184K)
[560.792s][info][gc,heap        ] GC(1474) PSOldGen: 950820K->1003900K(1398272K)
[560.792s][info][gc,metaspace   ] GC(1474) Metaspace: 32136K(33328K)->32136K(33328K) NonClass: 28357K(29104K)->28357K(29104K) Class: 3779K(4224K)->3779K(4224K)
[560.792s][info][gc             ] GC(1474) Pause Young (Allocation Failure) 1492M->1049M(1956M) 82.804ms
[560.792s][info][gc,cpu         ] GC(1474) User=0.55s Sys=0.00s Real=0.08s
[561.424s][info][gc,start       ] GC(1475) Pause Young (Allocation Failure)
[561.484s][info][gc,heap        ] GC(1475) PSYoungGen: 583808K->47456K(605696K)
[561.484s][info][gc,heap        ] GC(1475) PSOldGen: 1003900K->1034772K(1398272K)
[561.484s][info][gc,metaspace   ] GC(1475) Metaspace: 32136K(33328K)->32136K(33328K) NonClass: 28357K(29104K)->28357K(29104K) Class: 3779K(4224K)->3779K(4224K)
[561.484s][info][gc             ] GC(1475) Pause Young (Allocation Failure) 1550M->1056M(1957M) 60.202ms
[561.484s][info][gc,cpu         ] GC(1475) User=0.38s Sys=0.00s Real=0.06s
[561.627s][info][gc,start       ] GC(1476) Pause Young (Allocation Failure)
[561.688s][info][gc,heap        ] GC(1476) PSYoungGen: 559968K->67616K(606720K)
[561.688s][info][gc,heap        ] GC(1476) PSOldGen: 1034772K->1076693K(1398272K)
[561.688s][info][gc,metaspace   ] GC(1476) Metaspace: 32136K(33328K)->32136K(33328K) NonClass: 28357K(29104K)->28357K(29104K) Class: 3779K(4224K)->3779K(4224K)
[561.688s][info][gc             ] GC(1476) Pause Young (Allocation Failure) 1557M->1117M(1958M) 61.015ms
[561.688s][info][gc,cpu         ] GC(1476) User=0.38s Sys=0.00s Real=0.06s
[561.823s][info][gc,start       ] GC(1477) Pause Young (Allocation Failure)
[561.901s][info][gc,heap        ] GC(1477) PSYoungGen: 581664K->73504K(587776K)
[561.901s][info][gc,heap        ] GC(1477) PSOldGen: 1076693K->1130429K(1398272K)
[561.901s][info][gc,metaspace   ] GC(1477) Metaspace: 32136K(33328K)->32136K(33328K) NonClass: 28357K(29104K)->28357K(29104K) Class: 3779K(4224K)->3779K(4224K)
[561.901s][info][gc             ] GC(1477) Pause Young (Allocation Failure) 1619M->1175M(1939M) 77.960ms
[561.901s][info][gc,cpu         ] GC(1477) User=0.47s Sys=0.00s Real=0.08s
[562.552s][info][gc,start       ] GC(1478) Pause Young (Allocation Failure)
[562.610s][info][gc,heap        ] GC(1478) PSYoungGen: 587552K->58464K(607744K)
[562.610s][info][gc,heap        ] GC(1478) PSOldGen: 1130429K->1161021K(1398272K)
[562.610s][info][gc,metaspace   ] GC(1478) Metaspace: 32136K(33328K)->32136K(33328K) NonClass: 28357K(29104K)->28357K(29104K) Class: 3779K(4224K)->3779K(4224K)
[562.610s][info][gc             ] GC(1478) Pause Young (Allocation Failure) 1677M->1190M(1959M) 57.758ms
[562.610s][info][gc,cpu         ] GC(1478) User=0.36s Sys=0.00s Real=0.07s
[562.759s][info][gc,start       ] GC(1479) Pause Young (Allocation Failure)
[562.826s][info][gc,heap        ] GC(1479) PSYoungGen: 573024K->77504K(592384K)
[562.826s][info][gc,heap        ] GC(1479) PSOldGen: 1161021K->1204881K(1398272K)
[562.826s][info][gc,metaspace   ] GC(1479) Metaspace: 32136K(33328K)->32136K(33328K) NonClass: 28357K(29104K)->28357K(29104K) Class: 3779K(4224K)->3779K(4224K)
[562.826s][info][gc             ] GC(1479) Pause Young (Allocation Failure) 1693M->1252M(1944M) 67.012ms
[562.826s][info][gc,cpu         ] GC(1479) User=0.38s Sys=0.00s Real=0.07s
[563.024s][info][gc,start       ] GC(1480) Pause Young (Allocation Failure)
[563.096s][info][gc,heap        ] GC(1480) PSYoungGen: 592064K->67200K(607232K)
[563.096s][info][gc,heap        ] GC(1480) PSOldGen: 1204881K->1242761K(1398272K)
[563.096s][info][gc,metaspace   ] GC(1480) Metaspace: 32136K(33328K)->32136K(33328K) NonClass: 28357K(29104K)->28357K(29104K) Class: 3779K(4224K)->3779K(4224K)
[563.096s][info][gc             ] GC(1480) Pause Young (Allocation Failure) 1754M->1279M(1958M) 71.596ms
[563.096s][info][gc,cpu         ] GC(1480) User=0.38s Sys=0.00s Real=0.07s
[563.428s][info][gc,start       ] GC(1481) Pause Young (System.gc())
[563.463s][info][gc,heap        ] GC(1481) PSYoungGen: 227599K->10720K(524288K)
[563.463s][info][gc,heap        ] GC(1481) PSOldGen: 1242761K->1279601K(1398272K)
[563.463s][info][gc,metaspace   ] GC(1481) Metaspace: 32136K(33328K)->32136K(33328K) NonClass: 28357K(29104K)->28357K(29104K) Class: 3779K(4224K)->3779K(4224K)
[563.463s][info][gc             ] GC(1481) Pause Young (System.gc()) 1435M->1260M(1877M) 34.942ms
[563.463s][info][gc,cpu         ] GC(1481) User=0.28s Sys=0.00s Real=0.04s
[563.463s][info][gc,start       ] GC(1482) Pause Full (System.gc())
[563.464s][info][gc,phases,start] GC(1482) Phase 1: Mark live objects
[563.581s][info][gc,phases      ] GC(1482) Phase 1: Mark live objects 117.859ms
[563.581s][info][gc,phases,start] GC(1482) Phase 2: Compute new object addresses
[563.757s][info][gc,phases      ] GC(1482) Phase 2: Compute new object addresses 175.478ms
[563.757s][info][gc,phases,start] GC(1482) Phase 3: Adjust pointers
[563.840s][info][gc,phases      ] GC(1482) Phase 3: Adjust pointers 83.273ms
[563.840s][info][gc,phases,start] GC(1482) Phase 4: Move objects
[563.863s][info][gc,phases      ] GC(1482) Phase 4: Move objects 22.638ms
[563.863s][info][gc,heap        ] GC(1482) PSYoungGen: 10720K->0K(524288K)
[563.863s][info][gc,heap        ] GC(1482) PSOldGen: 1279601K->104422K(1398272K)
[563.863s][info][gc,metaspace   ] GC(1482) Metaspace: 32136K(33328K)->32136K(33328K) NonClass: 28357K(29104K)->28357K(29104K) Class: 3779K(4224K)->3779K(4224K)
[563.863s][info][gc             ] GC(1482) Pause Full (System.gc()) 1260M->101M(1877M) 400.219ms
[563.863s][info][gc,cpu         ] GC(1482) User=0.38s Sys=0.00s Real=0.39s
[564.087s][info][gc,start       ] GC(1483) Pause Young (Allocation Failure)
[564.132s][info][gc,heap        ] GC(1483) PSYoungGen: 513536K->79616K(593408K)
[564.132s][info][gc,heap        ] GC(1483) PSOldGen: 104422K->104422K(1398272K)
[564.132s][info][gc,metaspace   ] GC(1483) Metaspace: 32136K(33328K)->32136K(33328K) NonClass: 28357K(29104K)->28357K(29104K) Class: 3779K(4224K)->3779K(4224K)
[564.132s][info][gc             ] GC(1483) Pause Young (Allocation Failure) 603M->179M(1945M) 44.358ms
[564.132s][info][gc,cpu         ] GC(1483) User=0.17s Sys=0.02s Real=0.05s
[564.265s][info][gc,start       ] GC(1484) Pause Young (Allocation Failure)
[564.346s][info][gc,heap        ] GC(1484) PSYoungGen: 574720K->69088K(596992K)
[564.346s][info][gc,heap        ] GC(1484) PSOldGen: 104422K->171918K(1398272K)
[564.346s][info][gc,metaspace   ] GC(1484) Metaspace: 32136K(33328K)->32136K(33328K) NonClass: 28357K(29104K)->28357K(29104K) Class: 3779K(4224K)->3779K(4224K)
[564.346s][info][gc             ] GC(1484) Pause Young (Allocation Failure) 663M->235M(1948M) 80.804ms
[564.346s][info][gc,cpu         ] GC(1484) User=0.42s Sys=0.02s Real=0.08s
[565.024s][info][gc,start       ] GC(1485) Pause Young (Allocation Failure)
[565.079s][info][gc,heap        ] GC(1485) PSYoungGen: 564192K->51168K(600064K)
[565.079s][info][gc,heap        ] GC(1485) PSOldGen: 171918K->201982K(1398272K)
[565.079s][info][gc,metaspace   ] GC(1485) Metaspace: 32136K(33328K)->32136K(33328K) NonClass: 28357K(29104K)->28357K(29104K) Class: 3779K(4224K)->3779K(4224K)
[565.079s][info][gc             ] GC(1485) Pause Young (Allocation Failure) 718M->247M(1951M) 54.524ms
[565.079s][info][gc,cpu         ] GC(1485) User=0.28s Sys=0.00s Real=0.05s
[565.207s][info][gc,start       ] GC(1486) Pause Young (Allocation Failure)
[565.270s][info][gc,heap        ] GC(1486) PSYoungGen: 550368K->67232K(598016K)
[565.270s][info][gc,heap        ] GC(1486) PSOldGen: 201982K->244763K(1398272K)
[565.270s][info][gc,metaspace   ] GC(1486) Metaspace: 32136K(33328K)->32136K(33328K) NonClass: 28357K(29104K)->28357K(29104K) Class: 3779K(4224K)->3779K(4224K)
[565.270s][info][gc             ] GC(1486) Pause Young (Allocation Failure) 734M->304M(1949M) 63.313ms
[565.270s][info][gc,cpu         ] GC(1486) User=0.34s Sys=0.00s Real=0.06s
[565.410s][info][gc,start       ] GC(1487) Pause Young (Allocation Failure)
[565.493s][info][gc,heap        ] GC(1487) PSYoungGen: 566432K->71872K(600576K)
[565.493s][info][gc,heap        ] GC(1487) PSOldGen: 244763K->296083K(1398272K)
[565.493s][info][gc,metaspace   ] GC(1487) Metaspace: 32136K(33328K)->32136K(33328K) NonClass: 28357K(29104K)->28357K(29104K) Class: 3779K(4224K)->3779K(4224K)
[565.493s][info][gc             ] GC(1487) Pause Young (Allocation Failure) 792M->359M(1952M) 82.481ms
[565.493s][info][gc,cpu         ] GC(1487) User=0.55s Sys=0.00s Real=0.08s
[566.075s][info][gc,start       ] GC(1488) Pause Young (Allocation Failure)
[566.129s][info][gc,heap        ] GC(1488) PSYoungGen: 575168K->52896K(601088K)
[566.129s][info][gc,heap        ] GC(1488) PSOldGen: 296083K->326779K(1398272K)
[566.129s][info][gc,metaspace   ] GC(1488) Metaspace: 32136K(33328K)->32136K(33328K) NonClass: 28357K(29104K)->28357K(29104K) Class: 3779K(4224K)->3779K(4224K)
[566.129s][info][gc             ] GC(1488) Pause Young (Allocation Failure) 850M->370M(1952M) 53.606ms
[566.129s][info][gc,cpu         ] GC(1488) User=0.28s Sys=0.00s Real=0.05s
[566.275s][info][gc,start       ] GC(1489) Pause Young (Allocation Failure)
[566.340s][info][gc,heap        ] GC(1489) PSYoungGen: 556192K->75360K(600064K)
[566.340s][info][gc,heap        ] GC(1489) PSOldGen: 326779K->367899K(1398272K)
[566.340s][info][gc,metaspace   ] GC(1489) Metaspace: 32136K(33328K)->32136K(33328K) NonClass: 28357K(29104K)->28357K(29104K) Class: 3779K(4224K)->3779K(4224K)
[566.340s][info][gc             ] GC(1489) Pause Young (Allocation Failure) 862M->432M(1951M) 65.103ms
[566.340s][info][gc,cpu         ] GC(1489) User=0.38s Sys=0.00s Real=0.06s
[566.518s][info][gc,start       ] GC(1490) Pause Young (Allocation Failure)
[566.596s][info][gc,heap        ] GC(1490) PSYoungGen: 579680K->78816K(583168K)
[566.596s][info][gc,heap        ] GC(1490) PSOldGen: 367899K->411643K(1398272K)
[566.596s][info][gc,metaspace   ] GC(1490) Metaspace: 32136K(33328K)->32136K(33328K) NonClass: 28357K(29104K)->28357K(29104K) Class: 3779K(4224K)->3779K(4224K)
[566.596s][info][gc             ] GC(1490) Pause Young (Allocation Failure) 925M->478M(1935M) 77.518ms
[566.596s][info][gc,cpu         ] GC(1490) User=0.42s Sys=0.00s Real=0.08s
[567.093s][info][gc,start       ] GC(1491) Pause Young (Allocation Failure)
[567.151s][info][gc,heap        ] GC(1491) PSYoungGen: 583136K->57280K(601088K)
[567.151s][info][gc,heap        ] GC(1491) PSOldGen: 411643K->447003K(1398272K)
[567.151s][info][gc,metaspace   ] GC(1491) Metaspace: 32136K(33328K)->32136K(33328K) NonClass: 28357K(29104K)->28357K(29104K) Class: 3779K(4224K)->3779K(4224K)
[567.151s][info][gc             ] GC(1491) Pause Young (Allocation Failure) 971M->492M(1952M) 58.717ms
[567.151s][info][gc,cpu         ] GC(1491) User=0.34s Sys=0.00s Real=0.07s
[567.302s][info][gc,start       ] GC(1492) Pause Young (Allocation Failure)
[567.368s][info][gc,heap        ] GC(1492) PSYoungGen: 558528K->82016K(583680K)
[567.368s][info][gc,heap        ] GC(1492) PSOldGen: 447003K->487080K(1398272K)
[567.368s][info][gc,metaspace   ] GC(1492) Metaspace: 32136K(33328K)->32136K(33328K) NonClass: 28357K(29104K)->28357K(29104K) Class: 3779K(4224K)->3779K(4224K)
[567.368s][info][gc             ] GC(1492) Pause Young (Allocation Failure) 981M->555M(1935M) 66.380ms
[567.368s][info][gc,cpu         ] GC(1492) User=0.47s Sys=0.00s Real=0.07s
[567.664s][info][gc,start       ] GC(1493) Pause Young (Allocation Failure)
[567.729s][info][gc,heap        ] GC(1493) PSYoungGen: 583264K->59936K(600576K)
[567.729s][info][gc,heap        ] GC(1493) PSOldGen: 487080K->521568K(1398272K)
[567.729s][info][gc,metaspace   ] GC(1493) Metaspace: 32136K(33328K)->32136K(33328K) NonClass: 28357K(29104K)->28357K(29104K) Class: 3779K(4224K)->3779K(4224K)
[567.729s][info][gc             ] GC(1493) Pause Young (Allocation Failure) 1045M->567M(1952M) 64.866ms
[567.729s][info][gc,cpu         ] GC(1493) User=0.41s Sys=0.00s Real=0.06s
[568.173s][info][gc,start       ] GC(1494) Pause Young (Allocation Failure)
[568.233s][info][gc,heap        ] GC(1494) PSYoungGen: 559648K->70944K(598016K)
[568.233s][info][gc,heap        ] GC(1494) PSOldGen: 521568K->554928K(1398272K)
[568.233s][info][gc,metaspace   ] GC(1494) Metaspace: 32136K(33328K)->32136K(33328K) NonClass: 28357K(29104K)->28357K(29104K) Class: 3779K(4224K)->3779K(4224K)
[568.233s][info][gc             ] GC(1494) Pause Young (Allocation Failure) 1055M->611M(1949M) 60.106ms
[568.233s][info][gc,cpu         ] GC(1494) User=0.38s Sys=0.00s Real=0.06s
[568.370s][info][gc,start       ] GC(1495) Pause Young (Allocation Failure)
[568.440s][info][gc,heap        ] GC(1495) PSYoungGen: 570656K->71488K(602624K)
[568.440s][info][gc,heap        ] GC(1495) PSOldGen: 554928K->613200K(1398272K)
[568.440s][info][gc,metaspace   ] GC(1495) Metaspace: 32136K(33328K)->32136K(33328K) NonClass: 28357K(29104K)->28357K(29104K) Class: 3779K(4224K)->3779K(4224K)
[568.440s][info][gc             ] GC(1495) Pause Young (Allocation Failure) 1099M->668M(1954M) 69.814ms
[568.440s][info][gc,cpu         ] GC(1495) User=0.34s Sys=0.00s Real=0.07s
[569.150s][info][gc,start       ] GC(1496) Pause Young (Allocation Failure)
[569.202s][info][gc,heap        ] GC(1496) PSYoungGen: 576832K->42944K(601600K)
[569.202s][info][gc,heap        ] GC(1496) PSOldGen: 613200K->644424K(1398272K)
[569.202s][info][gc,metaspace   ] GC(1496) Metaspace: 32136K(33328K)->32136K(33328K) NonClass: 28357K(29104K)->28357K(29104K) Class: 3779K(4224K)->3779K(4224K)
[569.202s][info][gc             ] GC(1496) Pause Young (Allocation Failure) 1162M->671M(1953M) 51.887ms
[569.202s][info][gc,cpu         ] GC(1496) User=0.28s Sys=0.00s Real=0.05s
[569.353s][info][gc,start       ] GC(1497) Pause Young (Allocation Failure)
[569.415s][info][gc,heap        ] GC(1497) PSYoungGen: 548288K->70912K(602112K)
[569.415s][info][gc,heap        ] GC(1497) PSOldGen: 644424K->682581K(1398272K)
[569.415s][info][gc,metaspace   ] GC(1497) Metaspace: 32136K(33328K)->32136K(33328K) NonClass: 28357K(29104K)->28357K(29104K) Class: 3779K(4224K)->3779K(4224K)
[569.415s][info][gc             ] GC(1497) Pause Young (Allocation Failure) 1164M->735M(1953M) 62.697ms
[569.415s][info][gc,cpu         ] GC(1497) User=0.34s Sys=0.02s Real=0.06s
[569.550s][info][gc,start       ] GC(1498) Pause Young (Allocation Failure)
[569.623s][info][gc,heap        ] GC(1498) PSYoungGen: 575744K->69984K(601600K)
[569.623s][info][gc,heap        ] GC(1498) PSOldGen: 682581K->739573K(1398272K)
[569.623s][info][gc,metaspace   ] GC(1498) Metaspace: 32136K(33328K)->32136K(33328K) NonClass: 28357K(29104K)->28357K(29104K) Class: 3779K(4224K)->3779K(4224K)
[569.623s][info][gc             ] GC(1498) Pause Young (Allocation Failure) 1228M->790M(1953M) 73.039ms
[569.624s][info][gc,cpu         ] GC(1498) User=0.44s Sys=0.02s Real=0.07s
[570.202s][info][gc,start       ] GC(1499) Pause Young (Allocation Failure)
[570.257s][info][gc,heap        ] GC(1499) PSYoungGen: 574816K->45600K(602624K)
[570.257s][info][gc,heap        ] GC(1499) PSOldGen: 739573K->769925K(1398272K)
[570.257s][info][gc,metaspace   ] GC(1499) Metaspace: 32136K(33328K)->32136K(33328K) NonClass: 28357K(29104K)->28357K(29104K) Class: 3779K(4224K)->3779K(4224K)
[570.257s][info][gc             ] GC(1499) Pause Young (Allocation Failure) 1283M->796M(1954M) 55.531ms
[570.257s][info][gc,cpu         ] GC(1499) User=0.28s Sys=0.00s Real=0.06s
[570.393s][info][gc,start       ] GC(1500) Pause Young (Allocation Failure)
[570.457s][info][gc,heap        ] GC(1500) PSYoungGen: 552992K->69248K(603136K)
[570.457s][info][gc,heap        ] GC(1500) PSOldGen: 769925K->807753K(1398272K)
[570.457s][info][gc,metaspace   ] GC(1500) Metaspace: 32136K(33328K)->32136K(33328K) NonClass: 28357K(29104K)->28357K(29104K) Class: 3779K(4224K)->3779K(4224K)
[570.457s][info][gc             ] GC(1500) Pause Young (Allocation Failure) 1291M->856M(1954M) 64.145ms
[570.457s][info][gc,cpu         ] GC(1500) User=0.38s Sys=0.00s Real=0.06s
[570.590s][info][gc,start       ] GC(1501) Pause Young (Allocation Failure)
[570.657s][info][gc,heap        ] GC(1501) PSYoungGen: 576640K->68896K(605184K)
[570.657s][info][gc,heap        ] GC(1501) PSOldGen: 807753K->862537K(1398272K)
[570.657s][info][gc,metaspace   ] GC(1501) Metaspace: 32136K(33328K)->32136K(33328K) NonClass: 28357K(29104K)->28357K(29104K) Class: 3779K(4224K)->3779K(4224K)
[570.657s][info][gc             ] GC(1501) Pause Young (Allocation Failure) 1351M->909M(1956M) 67.025ms
[570.657s][info][gc,cpu         ] GC(1501) User=0.38s Sys=0.00s Real=0.07s
[571.387s][info][gc,start       ] GC(1502) Pause Young (Allocation Failure)
[571.439s][info][gc,heap        ] GC(1502) PSYoungGen: 579360K->49184K(604160K)
[571.439s][info][gc,heap        ] GC(1502) PSOldGen: 862537K->892657K(1398272K)
[571.439s][info][gc,metaspace   ] GC(1502) Metaspace: 32136K(33328K)->32136K(33328K) NonClass: 28357K(29104K)->28357K(29104K) Class: 3779K(4224K)->3779K(4224K)
[571.439s][info][gc             ] GC(1502) Pause Young (Allocation Failure) 1408M->919M(1955M) 52.272ms
[571.439s][info][gc,cpu         ] GC(1502) User=0.28s Sys=0.00s Real=0.05s
[571.580s][info][gc,start       ] GC(1503) Pause Young (Allocation Failure)
[571.640s][info][gc,heap        ] GC(1503) PSYoungGen: 559648K->70624K(605696K)
[571.640s][info][gc,heap        ] GC(1503) PSOldGen: 892657K->932622K(1398272K)
[571.640s][info][gc,metaspace   ] GC(1503) Metaspace: 32136K(33328K)->32136K(33328K) NonClass: 28357K(29104K)->28357K(29104K) Class: 3779K(4224K)->3779K(4224K)
[571.640s][info][gc             ] GC(1503) Pause Young (Allocation Failure) 1418M->979M(1957M) 60.337ms
[571.640s][info][gc,cpu         ] GC(1503) User=0.38s Sys=0.00s Real=0.06s
[571.777s][info][gc,start       ] GC(1504) Pause Young (Allocation Failure)
[571.857s][info][gc,heap        ] GC(1504) PSYoungGen: 583136K->72768K(585728K)
[571.857s][info][gc,heap        ] GC(1504) PSOldGen: 932622K->988614K(1398272K)
[571.857s][info][gc,metaspace   ] GC(1504) Metaspace: 32136K(33328K)->32136K(33328K) NonClass: 28357K(29104K)->28357K(29104K) Class: 3779K(4224K)->3779K(4224K)
[571.857s][info][gc             ] GC(1504) Pause Young (Allocation Failure) 1480M->1036M(1937M) 80.297ms
[571.857s][info][gc,cpu         ] GC(1504) User=0.44s Sys=0.00s Real=0.08s
[572.477s][info][gc,start       ] GC(1505) Pause Young (Allocation Failure)
[572.535s][info][gc,heap        ] GC(1505) PSYoungGen: 585280K->53280K(606208K)
[572.535s][info][gc,heap        ] GC(1505) PSOldGen: 988614K->1019070K(1398272K)
[572.535s][info][gc,metaspace   ] GC(1505) Metaspace: 32136K(33328K)->32136K(33328K) NonClass: 28357K(29104K)->28357K(29104K) Class: 3779K(4224K)->3779K(4224K)
[572.535s][info][gc             ] GC(1505) Pause Young (Allocation Failure) 1537M->1047M(1957M) 58.614ms
[572.535s][info][gc,cpu         ] GC(1505) User=0.28s Sys=0.00s Real=0.06s
[572.679s][info][gc,start       ] GC(1506) Pause Young (Allocation Failure)
[572.748s][info][gc,heap        ] GC(1506) PSYoungGen: 565792K->74368K(605184K)
[572.748s][info][gc,heap        ] GC(1506) PSOldGen: 1019070K->1060750K(1398272K)
[572.748s][info][gc,metaspace   ] GC(1506) Metaspace: 32136K(33328K)->32136K(33328K) NonClass: 28357K(29104K)->28357K(29104K) Class: 3779K(4224K)->3779K(4224K)
[572.748s][info][gc             ] GC(1506) Pause Young (Allocation Failure) 1547M->1108M(1956M) 68.986ms
[572.748s][info][gc,cpu         ] GC(1506) User=0.44s Sys=0.00s Real=0.07s
[572.956s][info][gc,start       ] GC(1507) Pause Young (Allocation Failure)
[573.028s][info][gc,heap        ] GC(1507) PSYoungGen: 586880K->75072K(603136K)
[573.028s][info][gc,heap        ] GC(1507) PSOldGen: 1060750K->1095990K(1398272K)
[573.028s][info][gc,metaspace   ] GC(1507) Metaspace: 32136K(33328K)->32136K(33328K) NonClass: 28357K(29104K)->28357K(29104K) Class: 3779K(4224K)->3779K(4224K)
[573.028s][info][gc             ] GC(1507) Pause Young (Allocation Failure) 1609M->1143M(1954M) 71.681ms
[573.028s][info][gc,cpu         ] GC(1507) User=0.47s Sys=0.00s Real=0.07s
[573.442s][info][gc,start       ] GC(1508) Pause Young (Allocation Failure)
[573.505s][info][gc,heap        ] GC(1508) PSYoungGen: 584512K->67808K(604160K)
[573.506s][info][gc,heap        ] GC(1508) PSOldGen: 1095990K->1134310K(1398272K)
[573.506s][info][gc,metaspace   ] GC(1508) Metaspace: 32136K(33328K)->32136K(33328K) NonClass: 28357K(29104K)->28357K(29104K) Class: 3779K(4224K)->3779K(4224K)
[573.506s][info][gc             ] GC(1508) Pause Young (Allocation Failure) 1641M->1173M(1955M) 63.880ms
[573.506s][info][gc,cpu         ] GC(1508) User=0.36s Sys=0.02s Real=0.08s
[573.639s][info][gc,start       ] GC(1509) Pause Young (Allocation Failure)
[573.706s][info][gc,heap        ] GC(1509) PSYoungGen: 577248K->68640K(607744K)
[573.706s][info][gc,heap        ] GC(1509) PSOldGen: 1134310K->1191294K(1398272K)
[573.706s][info][gc,metaspace   ] GC(1509) Metaspace: 32136K(33328K)->32136K(33328K) NonClass: 28357K(29104K)->28357K(29104K) Class: 3779K(4224K)->3779K(4224K)
[573.706s][info][gc             ] GC(1509) Pause Young (Allocation Failure) 1671M->1230M(1959M) 66.918ms
[573.706s][info][gc,cpu         ] GC(1509) User=0.38s Sys=0.00s Real=0.07s
[574.468s][info][gc,start       ] GC(1510) Pause Young (System.gc())
[574.520s][info][gc,heap        ] GC(1510) PSYoungGen: 558749K->38528K(553984K)
[574.520s][info][gc,heap        ] GC(1510) PSOldGen: 1191294K->1222798K(1398272K)
[574.520s][info][gc,metaspace   ] GC(1510) Metaspace: 32136K(33328K)->32136K(33328K) NonClass: 28357K(29104K)->28357K(29104K) Class: 3779K(4224K)->3779K(4224K)
[574.520s][info][gc             ] GC(1510) Pause Young (System.gc()) 1709M->1231M(1906M) 51.728ms
[574.520s][info][gc,cpu         ] GC(1510) User=0.23s Sys=0.00s Real=0.05s
[574.520s][info][gc,start       ] GC(1511) Pause Full (System.gc())
[574.520s][info][gc,phases,start] GC(1511) Phase 1: Mark live objects
[574.634s][info][gc,phases      ] GC(1511) Phase 1: Mark live objects 113.403ms
[574.634s][info][gc,phases,start] GC(1511) Phase 2: Compute new object addresses
[574.810s][info][gc,phases      ] GC(1511) Phase 2: Compute new object addresses 176.282ms
[574.810s][info][gc,phases,start] GC(1511) Phase 3: Adjust pointers
[574.890s][info][gc,phases      ] GC(1511) Phase 3: Adjust pointers 80.173ms
[574.890s][info][gc,phases,start] GC(1511) Phase 4: Move objects
[574.914s][info][gc,phases      ] GC(1511) Phase 4: Move objects 24.097ms
[574.915s][info][gc,heap        ] GC(1511) PSYoungGen: 38528K->0K(553984K)
[574.915s][info][gc,heap        ] GC(1511) PSOldGen: 1222798K->104558K(1398272K)
[574.915s][info][gc,metaspace   ] GC(1511) Metaspace: 32136K(33328K)->32136K(33328K) NonClass: 28357K(29104K)->28357K(29104K) Class: 3779K(4224K)->3779K(4224K)
[574.915s][info][gc             ] GC(1511) Pause Full (System.gc()) 1231M->102M(1906M) 394.703ms
[574.915s][info][gc,cpu         ] GC(1511) User=0.39s Sys=0.00s Real=0.39s
[575.057s][info][gc,start       ] GC(1512) Pause Young (Allocation Failure)
[575.103s][info][gc,heap        ] GC(1512) PSYoungGen: 515072K->69216K(606208K)
[575.103s][info][gc,heap        ] GC(1512) PSOldGen: 104558K->104558K(1398272K)
[575.103s][info][gc,metaspace   ] GC(1512) Metaspace: 32136K(33328K)->32136K(33328K) NonClass: 28357K(29104K)->28357K(29104K) Class: 3779K(4224K)->3779K(4224K)
[575.103s][info][gc             ] GC(1512) Pause Young (Allocation Failure) 605M->169M(1957M) 46.317ms
[575.103s][info][gc,cpu         ] GC(1512) User=0.28s Sys=0.00s Real=0.05s
[575.237s][info][gc,start       ] GC(1513) Pause Young (Allocation Failure)
[575.310s][info][gc,heap        ] GC(1513) PSYoungGen: 582240K->70752K(605696K)
[575.310s][info][gc,heap        ] GC(1513) PSOldGen: 104558K->159898K(1398272K)
[575.310s][info][gc,metaspace   ] GC(1513) Metaspace: 32136K(33328K)->32136K(33328K) NonClass: 28357K(29104K)->28357K(29104K) Class: 3779K(4224K)->3779K(4224K)
[575.310s][info][gc             ] GC(1513) Pause Young (Allocation Failure) 670M->225M(1957M) 73.894ms
[575.310s][info][gc,cpu         ] GC(1513) User=0.39s Sys=0.00s Real=0.08s
[576.077s][info][gc,start       ] GC(1514) Pause Young (Allocation Failure)
[576.126s][info][gc,heap        ] GC(1514) PSYoungGen: 583776K->44800K(605696K)
[576.126s][info][gc,heap        ] GC(1514) PSOldGen: 159898K->190346K(1398272K)
[576.126s][info][gc,metaspace   ] GC(1514) Metaspace: 32353K(33584K)->32353K(33584K) NonClass: 28574K(29360K)->28574K(29360K) Class: 3779K(4224K)->3779K(4224K)
[576.126s][info][gc             ] GC(1514) Pause Young (Allocation Failure) 726M->229M(1957M) 49.595ms
[576.126s][info][gc,cpu         ] GC(1514) User=0.28s Sys=0.00s Real=0.05s
[576.275s][info][gc,start       ] GC(1515) Pause Young (Allocation Failure)
[576.336s][info][gc,heap        ] GC(1515) PSYoungGen: 558336K->69344K(606208K)
[576.336s][info][gc,heap        ] GC(1515) PSOldGen: 190346K->229914K(1398272K)
[576.336s][info][gc,metaspace   ] GC(1515) Metaspace: 32353K(33584K)->32353K(33584K) NonClass: 28574K(29360K)->28574K(29360K) Class: 3779K(4224K)->3779K(4224K)
[576.336s][info][gc             ] GC(1515) Pause Young (Allocation Failure) 731M->292M(1957M) 60.858ms
[576.336s][info][gc,cpu         ] GC(1515) User=0.28s Sys=0.00s Real=0.06s
[576.474s][info][gc,start       ] GC(1516) Pause Young (Allocation Failure)
[576.549s][info][gc,heap        ] GC(1516) PSYoungGen: 582880K->70656K(606720K)
[576.549s][info][gc,heap        ] GC(1516) PSOldGen: 229914K->285978K(1398272K)
[576.549s][info][gc,metaspace   ] GC(1516) Metaspace: 32353K(33584K)->32353K(33584K) NonClass: 28574K(29360K)->28574K(29360K) Class: 3779K(4224K)->3779K(4224K)
[576.549s][info][gc             ] GC(1516) Pause Young (Allocation Failure) 793M->348M(1958M) 75.951ms
[576.549s][info][gc,cpu         ] GC(1516) User=0.47s Sys=0.00s Real=0.07s
[577.200s][info][gc,start       ] GC(1517) Pause Young (Allocation Failure)
[577.260s][info][gc,heap        ] GC(1517) PSYoungGen: 585216K->53920K(606720K)
[577.260s][info][gc,heap        ] GC(1517) PSOldGen: 285978K->316682K(1398272K)
[577.260s][info][gc,metaspace   ] GC(1517) Metaspace: 32407K(33584K)->32407K(33584K) NonClass: 28628K(29360K)->28628K(29360K) Class: 3779K(4224K)->3779K(4224K)
[577.260s][info][gc             ] GC(1517) Pause Young (Allocation Failure) 850M->361M(1958M) 59.491ms
[577.260s][info][gc,cpu         ] GC(1517) User=0.30s Sys=0.00s Real=0.06s
[577.406s][info][gc,start       ] GC(1518) Pause Young (Allocation Failure)
[577.470s][info][gc,heap        ] GC(1518) PSYoungGen: 568480K->72704K(605696K)
[577.470s][info][gc,heap        ] GC(1518) PSOldGen: 316682K->360519K(1398272K)
[577.470s][info][gc,metaspace   ] GC(1518) Metaspace: 32407K(33584K)->32407K(33584K) NonClass: 28628K(29360K)->28628K(29360K) Class: 3779K(4224K)->3779K(4224K)
[577.470s][info][gc             ] GC(1518) Pause Young (Allocation Failure) 864M->423M(1957M) 64.430ms
[577.470s][info][gc,cpu         ] GC(1518) User=0.36s Sys=0.00s Real=0.06s
[577.610s][info][gc,start       ] GC(1519) Pause Young (Allocation Failure)
[577.678s][info][gc,heap        ] GC(1519) PSYoungGen: 587264K->71200K(606720K)
[577.678s][info][gc,heap        ] GC(1519) PSOldGen: 360519K->417023K(1398272K)
[577.678s][info][gc,metaspace   ] GC(1519) Metaspace: 32407K(33584K)->32407K(33584K) NonClass: 28628K(29360K)->28628K(29360K) Class: 3779K(4224K)->3779K(4224K)
[577.678s][info][gc             ] GC(1519) Pause Young (Allocation Failure) 925M->476M(1958M) 67.755ms
[577.678s][info][gc,cpu         ] GC(1519) User=0.38s Sys=0.00s Real=0.07s
[578.241s][info][gc,start       ] GC(1520) Pause Young (Allocation Failure)
[578.308s][info][gc,heap        ] GC(1520) PSYoungGen: 585760K->57280K(608256K)
[578.308s][info][gc,heap        ] GC(1520) PSOldGen: 417023K->447775K(1398272K)
[578.308s][info][gc,metaspace   ] GC(1520) Metaspace: 32450K(33584K)->32450K(33584K) NonClass: 28670K(29360K)->28670K(29360K) Class: 3779K(4224K)->3779K(4224K)
[578.308s][info][gc             ] GC(1520) Pause Young (Allocation Failure) 979M->493M(1959M) 67.293ms
[578.308s][info][gc,cpu         ] GC(1520) User=0.39s Sys=0.00s Real=0.07s
[578.454s][info][gc,start       ] GC(1521) Pause Young (Allocation Failure)
[578.523s][info][gc,heap        ] GC(1521) PSYoungGen: 573888K->76192K(592896K)
[578.523s][info][gc,heap        ] GC(1521) PSOldGen: 447775K->491439K(1398272K)
[578.523s][info][gc,metaspace   ] GC(1521) Metaspace: 32450K(33584K)->32450K(33584K) NonClass: 28670K(29360K)->28670K(29360K) Class: 3779K(4224K)->3779K(4224K)
[578.523s][info][gc             ] GC(1521) Pause Young (Allocation Failure) 997M->554M(1944M) 68.912ms
[578.523s][info][gc,cpu         ] GC(1521) User=0.38s Sys=0.00s Real=0.07s
[578.761s][info][gc,start       ] GC(1522) Pause Young (Allocation Failure)
[578.830s][info][gc,heap        ] GC(1522) PSYoungGen: 592800K->66528K(608768K)
[578.830s][info][gc,heap        ] GC(1522) PSOldGen: 491439K->526815K(1398272K)
[578.830s][info][gc,metaspace   ] GC(1522) Metaspace: 32450K(33584K)->32450K(33584K) NonClass: 28670K(29360K)->28670K(29360K) Class: 3779K(4224K)->3779K(4224K)
[578.830s][info][gc             ] GC(1522) Pause Young (Allocation Failure) 1058M->579M(1960M) 68.367ms
[578.830s][info][gc,cpu         ] GC(1522) User=0.36s Sys=0.00s Real=0.07s
[579.354s][info][gc,start       ] GC(1523) Pause Young (Allocation Failure)
[579.415s][info][gc,heap        ] GC(1523) PSYoungGen: 583136K->69088K(606720K)
[579.415s][info][gc,heap        ] GC(1523) PSOldGen: 526815K->562639K(1398272K)
[579.415s][info][gc,metaspace   ] GC(1523) Metaspace: 32450K(33584K)->32450K(33584K) NonClass: 28670K(29360K)->28670K(29360K) Class: 3779K(4224K)->3779K(4224K)
[579.415s][info][gc             ] GC(1523) Pause Young (Allocation Failure) 1083M->616M(1958M) 61.632ms
[579.415s][info][gc,cpu         ] GC(1523) User=0.38s Sys=0.00s Real=0.08s
[579.554s][info][gc,start       ] GC(1524) Pause Young (Allocation Failure)
[579.622s][info][gc,heap        ] GC(1524) PSYoungGen: 585696K->75904K(606720K)
[579.622s][info][gc,heap        ] GC(1524) PSOldGen: 562639K->616600K(1398272K)
[579.622s][info][gc,metaspace   ] GC(1524) Metaspace: 32450K(33584K)->32450K(33584K) NonClass: 28670K(29360K)->28670K(29360K) Class: 3779K(4224K)->3779K(4224K)
[579.622s][info][gc             ] GC(1524) Pause Young (Allocation Failure) 1121M->676M(1958M) 67.819ms
[579.622s][info][gc,cpu         ] GC(1524) User=0.47s Sys=0.00s Real=0.07s
[580.312s][info][gc,start       ] GC(1525) Pause Young (Allocation Failure)
[580.361s][info][gc,heap        ] GC(1525) PSYoungGen: 593536K->40000K(558080K)
[580.361s][info][gc,heap        ] GC(1525) PSOldGen: 616600K->648792K(1398272K)
[580.361s][info][gc,metaspace   ] GC(1525) Metaspace: 32450K(33584K)->32450K(33584K) NonClass: 28670K(29360K)->28670K(29360K) Class: 3779K(4224K)->3779K(4224K)
[580.361s][info][gc             ] GC(1525) Pause Young (Allocation Failure) 1181M->672M(1910M) 48.696ms
[580.361s][info][gc,cpu         ] GC(1525) User=0.28s Sys=0.00s Real=0.05s
[580.506s][info][gc,start       ] GC(1526) Pause Young (Allocation Failure)
[580.563s][info][gc,heap        ] GC(1526) PSYoungGen: 557632K->70528K(606720K)
[580.563s][info][gc,heap        ] GC(1526) PSOldGen: 648792K->686008K(1398272K)
[580.563s][info][gc,metaspace   ] GC(1526) Metaspace: 32450K(33584K)->32450K(33584K) NonClass: 28670K(29360K)->28670K(29360K) Class: 3779K(4224K)->3779K(4224K)
[580.563s][info][gc             ] GC(1526) Pause Young (Allocation Failure) 1178M->738M(1958M) 57.331ms
[580.564s][info][gc,cpu         ] GC(1526) User=0.38s Sys=0.00s Real=0.06s
[580.698s][info][gc,start       ] GC(1527) Pause Young (Allocation Failure)
[580.763s][info][gc,heap        ] GC(1527) PSYoungGen: 584576K->70688K(606208K)
[580.763s][info][gc,heap        ] GC(1527) PSOldGen: 686008K->742456K(1398272K)
[580.763s][info][gc,metaspace   ] GC(1527) Metaspace: 32450K(33584K)->32450K(33584K) NonClass: 28670K(29360K)->28670K(29360K) Class: 3779K(4224K)->3779K(4224K)
[580.763s][info][gc             ] GC(1527) Pause Young (Allocation Failure) 1240M->794M(1957M) 65.267ms
[580.763s][info][gc,cpu         ] GC(1527) User=0.33s Sys=0.00s Real=0.06s
[581.444s][info][gc,start       ] GC(1528) Pause Young (Allocation Failure)
[581.501s][info][gc,heap        ] GC(1528) PSYoungGen: 584736K->46944K(606208K)
[581.501s][info][gc,heap        ] GC(1528) PSOldGen: 742456K->773744K(1398272K)
[581.501s][info][gc,metaspace   ] GC(1528) Metaspace: 32450K(33584K)->32450K(33584K) NonClass: 28671K(29360K)->28671K(29360K) Class: 3779K(4224K)->3779K(4224K)
[581.501s][info][gc             ] GC(1528) Pause Young (Allocation Failure) 1296M->801M(1957M) 56.644ms
[581.501s][info][gc,cpu         ] GC(1528) User=0.34s Sys=0.00s Real=0.06s
[581.647s][info][gc,start       ] GC(1529) Pause Young (Allocation Failure)
[581.708s][info][gc,heap        ] GC(1529) PSYoungGen: 561504K->71648K(586240K)
[581.708s][info][gc,heap        ] GC(1529) PSOldGen: 773744K->812417K(1398272K)
[581.708s][info][gc,metaspace   ] GC(1529) Metaspace: 32450K(33584K)->32450K(33584K) NonClass: 28671K(29360K)->28671K(29360K) Class: 3779K(4224K)->3779K(4224K)
[581.708s][info][gc             ] GC(1529) Pause Young (Allocation Failure) 1303M->863M(1938M) 61.701ms
[581.708s][info][gc,cpu         ] GC(1529) User=0.34s Sys=0.00s Real=0.06s
[581.842s][info][gc,start       ] GC(1530) Pause Young (Allocation Failure)
[581.927s][info][gc,heap        ] GC(1530) PSYoungGen: 586208K->71808K(606208K)
[581.927s][info][gc,heap        ] GC(1530) PSOldGen: 812417K->870289K(1398272K)
[581.927s][info][gc,metaspace   ] GC(1530) Metaspace: 32450K(33584K)->32450K(33584K) NonClass: 28671K(29360K)->28671K(29360K) Class: 3779K(4224K)->3779K(4224K)
[581.927s][info][gc             ] GC(1530) Pause Young (Allocation Failure) 1365M->920M(1957M) 84.775ms
[581.927s][info][gc,cpu         ] GC(1530) User=0.47s Sys=0.00s Real=0.09s
[582.559s][info][gc,start       ] GC(1531) Pause Young (Allocation Failure)
[582.623s][info][gc,heap        ] GC(1531) PSYoungGen: 585344K->52512K(606208K)
[582.623s][info][gc,heap        ] GC(1531) PSOldGen: 870289K->901089K(1398272K)
[582.623s][info][gc,metaspace   ] GC(1531) Metaspace: 32450K(33584K)->32450K(33584K) NonClass: 28671K(29360K)->28671K(29360K) Class: 3779K(4224K)->3779K(4224K)
[582.623s][info][gc             ] GC(1531) Pause Young (Allocation Failure) 1421M->931M(1957M) 63.496ms
[582.623s][info][gc,cpu         ] GC(1531) User=0.34s Sys=0.00s Real=0.07s
[582.779s][info][gc,start       ] GC(1532) Pause Young (Allocation Failure)
[582.847s][info][gc,heap        ] GC(1532) PSYoungGen: 566048K->75616K(603136K)
[582.847s][info][gc,heap        ] GC(1532) PSOldGen: 901089K->941509K(1398272K)
[582.847s][info][gc,metaspace   ] GC(1532) Metaspace: 32450K(33584K)->32450K(33584K) NonClass: 28671K(29360K)->28671K(29360K) Class: 3779K(4224K)->3779K(4224K)
[582.847s][info][gc             ] GC(1532) Pause Young (Allocation Failure) 1432M->993M(1954M) 67.579ms
[582.847s][info][gc,cpu         ] GC(1532) User=0.34s Sys=0.02s Real=0.07s
[582.999s][info][gc,start       ] GC(1533) Pause Young (Allocation Failure)
[583.069s][info][gc,heap        ] GC(1533) PSYoungGen: 587104K->76896K(588800K)
[583.069s][info][gc,heap        ] GC(1533) PSOldGen: 941509K->996965K(1398272K)
[583.069s][info][gc,metaspace   ] GC(1533) Metaspace: 32450K(33584K)->32450K(33584K) NonClass: 28671K(29360K)->28671K(29360K) Class: 3779K(4224K)->3779K(4224K)
[583.069s][info][gc             ] GC(1533) Pause Young (Allocation Failure) 1492M->1048M(1940M) 69.898ms
[583.069s][info][gc,cpu         ] GC(1533) User=0.38s Sys=0.00s Real=0.07s
[583.567s][info][gc,start       ] GC(1534) Pause Young (Allocation Failure)
[583.629s][info][gc,heap        ] GC(1534) PSYoungGen: 588384K->67168K(606208K)
[583.629s][info][gc,heap        ] GC(1534) PSOldGen: 996965K->1028877K(1398272K)
[583.629s][info][gc,metaspace   ] GC(1534) Metaspace: 32450K(33584K)->32450K(33584K) NonClass: 28671K(29360K)->28671K(29360K) Class: 3779K(4224K)->3779K(4224K)
[583.629s][info][gc             ] GC(1534) Pause Young (Allocation Failure) 1548M->1070M(1957M) 61.967ms
[583.629s][info][gc,cpu         ] GC(1534) User=0.38s Sys=0.00s Real=0.06s
[583.779s][info][gc,start       ] GC(1535) Pause Young (Allocation Failure)
[583.850s][info][gc,heap        ] GC(1535) PSYoungGen: 578144K->81856K(592896K)
[583.850s][info][gc,heap        ] GC(1535) PSOldGen: 1028877K->1076806K(1398272K)
[583.850s][info][gc,metaspace   ] GC(1535) Metaspace: 32450K(33584K)->32450K(33584K) NonClass: 28671K(29360K)->28671K(29360K) Class: 3779K(4224K)->3779K(4224K)
[583.850s][info][gc             ] GC(1535) Pause Young (Allocation Failure) 1569M->1131M(1944M) 71.090ms
[583.850s][info][gc,cpu         ] GC(1535) User=0.38s Sys=0.00s Real=0.07s
[584.331s][info][gc,start       ] GC(1536) Pause Young (Allocation Failure)
[584.386s][info][gc,heap        ] GC(1536) PSYoungGen: 592832K->43616K(600064K)
[584.386s][info][gc,heap        ] GC(1536) PSOldGen: 1076806K->1111142K(1398272K)
[584.386s][info][gc,metaspace   ] GC(1536) Metaspace: 32450K(33584K)->32450K(33584K) NonClass: 28671K(29360K)->28671K(29360K) Class: 3779K(4224K)->3779K(4224K)
[584.386s][info][gc             ] GC(1536) Pause Young (Allocation Failure) 1630M->1127M(1951M) 55.038ms
[584.386s][info][gc,cpu         ] GC(1536) User=0.36s Sys=0.00s Real=0.07s
[584.602s][info][gc,start       ] GC(1537) Pause Young (Allocation Failure)
[584.660s][info][gc,heap        ] GC(1537) PSYoungGen: 547936K->70880K(601600K)
[584.660s][info][gc,heap        ] GC(1537) PSOldGen: 1111142K->1146838K(1398272K)
[584.660s][info][gc,metaspace   ] GC(1537) Metaspace: 32450K(33584K)->32450K(33584K) NonClass: 28671K(29360K)->28671K(29360K) Class: 3779K(4224K)->3779K(4224K)
[584.660s][info][gc             ] GC(1537) Pause Young (Allocation Failure) 1620M->1189M(1953M) 58.639ms
[584.660s][info][gc,cpu         ] GC(1537) User=0.30s Sys=0.00s Real=0.06s
[584.805s][info][gc,start       ] GC(1538) Pause Young (Allocation Failure)
[584.877s][info][gc,heap        ] GC(1538) PSYoungGen: 575200K->78880K(599040K)
[584.877s][info][gc,heap        ] GC(1538) PSOldGen: 1146838K->1200598K(1398272K)
[584.877s][info][gc,metaspace   ] GC(1538) Metaspace: 32450K(33584K)->32450K(33584K) NonClass: 28671K(29360K)->28671K(29360K) Class: 3779K(4224K)->3779K(4224K)
[584.877s][info][gc             ] GC(1538) Pause Young (Allocation Failure) 1681M->1249M(1950M) 72.006ms
[584.877s][info][gc,cpu         ] GC(1538) User=0.34s Sys=0.00s Real=0.07s
[585.322s][info][gc,start       ] GC(1539) Pause Young (System.gc())
[585.373s][info][gc,heap        ] GC(1539) PSYoungGen: 482308K->32000K(535552K)
[585.373s][info][gc,heap        ] GC(1539) PSOldGen: 1200598K->1232958K(1398272K)
[585.373s][info][gc,metaspace   ] GC(1539) Metaspace: 32450K(33584K)->32450K(33584K) NonClass: 28671K(29360K)->28671K(29360K) Class: 3779K(4224K)->3779K(4224K)
[585.373s][info][gc             ] GC(1539) Pause Young (System.gc()) 1643M->1235M(1888M) 50.545ms
[585.373s][info][gc,cpu         ] GC(1539) User=0.22s Sys=0.00s Real=0.06s
[585.373s][info][gc,start       ] GC(1540) Pause Full (System.gc())
[585.373s][info][gc,phases,start] GC(1540) Phase 1: Mark live objects
[585.487s][info][gc,phases      ] GC(1540) Phase 1: Mark live objects 114.272ms
[585.487s][info][gc,phases,start] GC(1540) Phase 2: Compute new object addresses
[585.663s][info][gc,phases      ] GC(1540) Phase 2: Compute new object addresses 175.584ms
[585.663s][info][gc,phases,start] GC(1540) Phase 3: Adjust pointers
[585.741s][info][gc,phases      ] GC(1540) Phase 3: Adjust pointers 78.049ms
[585.741s][info][gc,phases,start] GC(1540) Phase 4: Move objects
[585.764s][info][gc,phases      ] GC(1540) Phase 4: Move objects 22.818ms
[585.764s][info][gc,heap        ] GC(1540) PSYoungGen: 32000K->0K(535552K)
[585.764s][info][gc,heap        ] GC(1540) PSOldGen: 1232958K->170165K(1398272K)
[585.764s][info][gc,metaspace   ] GC(1540) Metaspace: 32450K(33584K)->32450K(33584K) NonClass: 28671K(29360K)->28671K(29360K) Class: 3779K(4224K)->3779K(4224K)
[585.764s][info][gc             ] GC(1540) Pause Full (System.gc()) 1235M->166M(1888M) 391.489ms
[585.764s][info][gc,cpu         ] GC(1540) User=0.39s Sys=0.00s Real=0.39s
[585.984s][info][gc,start       ] GC(1541) Pause Young (Allocation Failure)
[586.025s][info][gc,heap        ] GC(1541) PSYoungGen: 503296K->76608K(595968K)
[586.025s][info][gc,heap        ] GC(1541) PSOldGen: 170165K->170165K(1398272K)
[586.025s][info][gc,metaspace   ] GC(1541) Metaspace: 32451K(33584K)->32451K(33584K) NonClass: 28672K(29360K)->28672K(29360K) Class: 3779K(4224K)->3779K(4224K)
[586.025s][info][gc             ] GC(1541) Pause Young (Allocation Failure) 657M->240M(1947M) 41.636ms
[586.026s][info][gc,cpu         ] GC(1541) User=0.27s Sys=0.02s Real=0.05s
[586.167s][info][gc,start       ] GC(1542) Pause Young (Allocation Failure)
[586.237s][info][gc,heap        ] GC(1542) PSYoungGen: 571712K->75456K(596992K)
[586.237s][info][gc,heap        ] GC(1542) PSOldGen: 170165K->230301K(1398272K)
[586.237s][info][gc,metaspace   ] GC(1542) Metaspace: 32451K(33584K)->32451K(33584K) NonClass: 28672K(29360K)->28672K(29360K) Class: 3779K(4224K)->3779K(4224K)
[586.237s][info][gc             ] GC(1542) Pause Young (Allocation Failure) 724M->298M(1948M) 70.035ms
[586.237s][info][gc,cpu         ] GC(1542) User=0.38s Sys=0.00s Real=0.07s
[586.996s][info][gc,start       ] GC(1543) Pause Young (Allocation Failure)
[587.055s][info][gc,heap        ] GC(1543) PSYoungGen: 570560K->52704K(598016K)
[587.055s][info][gc,heap        ] GC(1543) PSOldGen: 230301K->261909K(1398272K)
[587.055s][info][gc,metaspace   ] GC(1543) Metaspace: 32451K(33584K)->32451K(33584K) NonClass: 28672K(29360K)->28672K(29360K) Class: 3779K(4224K)->3779K(4224K)
[587.055s][info][gc             ] GC(1543) Pause Young (Allocation Failure) 782M->307M(1949M) 59.451ms
[587.055s][info][gc,cpu         ] GC(1543) User=0.36s Sys=0.00s Real=0.06s
[587.194s][info][gc,start       ] GC(1544) Pause Young (Allocation Failure)
[587.261s][info][gc,heap        ] GC(1544) PSYoungGen: 548832K->70784K(596992K)
[587.261s][info][gc,heap        ] GC(1544) PSOldGen: 261909K->304394K(1398272K)
[587.261s][info][gc,metaspace   ] GC(1544) Metaspace: 32451K(33584K)->32451K(33584K) NonClass: 28672K(29360K)->28672K(29360K) Class: 3779K(4224K)->3779K(4224K)
[587.261s][info][gc             ] GC(1544) Pause Young (Allocation Failure) 791M->366M(1948M) 67.144ms
[587.261s][info][gc,cpu         ] GC(1544) User=0.45s Sys=0.00s Real=0.07s
[587.395s][info][gc,start       ] GC(1545) Pause Young (Allocation Failure)
[587.462s][info][gc,heap        ] GC(1545) PSYoungGen: 566912K->68448K(601600K)
[587.462s][info][gc,heap        ] GC(1545) PSOldGen: 304394K->361650K(1398272K)
[587.462s][info][gc,metaspace   ] GC(1545) Metaspace: 32451K(33584K)->32451K(33584K) NonClass: 28672K(29360K)->28672K(29360K) Class: 3779K(4224K)->3779K(4224K)
[587.462s][info][gc             ] GC(1545) Pause Young (Allocation Failure) 850M->420M(1953M) 67.843ms
[587.462s][info][gc,cpu         ] GC(1545) User=0.45s Sys=0.00s Real=0.07s
[588.169s][info][gc,start       ] GC(1546) Pause Young (Allocation Failure)
[588.233s][info][gc,heap        ] GC(1546) PSYoungGen: 570720K->57824K(599552K)
[588.233s][info][gc,heap        ] GC(1546) PSOldGen: 361650K->392098K(1398272K)
[588.233s][info][gc,metaspace   ] GC(1546) Metaspace: 32451K(33584K)->32451K(33584K) NonClass: 28672K(29360K)->28672K(29360K) Class: 3779K(4224K)->3779K(4224K)
[588.233s][info][gc             ] GC(1546) Pause Young (Allocation Failure) 910M->439M(1951M) 64.276ms
[588.233s][info][gc,cpu         ] GC(1546) User=0.38s Sys=0.00s Real=0.06s
[588.364s][info][gc,start       ] GC(1547) Pause Young (Allocation Failure)
[588.434s][info][gc,heap        ] GC(1547) PSYoungGen: 560096K->69376K(604672K)
[588.434s][info][gc,heap        ] GC(1547) PSOldGen: 392098K->439214K(1398272K)
[588.434s][info][gc,metaspace   ] GC(1547) Metaspace: 32451K(33584K)->32451K(33584K) NonClass: 28672K(29360K)->28672K(29360K) Class: 3779K(4224K)->3779K(4224K)
[588.435s][info][gc             ] GC(1547) Pause Young (Allocation Failure) 929M->496M(1956M) 70.783ms
[588.435s][info][gc,cpu         ] GC(1547) User=0.39s Sys=0.02s Real=0.07s
[588.611s][info][gc,start       ] GC(1548) Pause Young (Allocation Failure)
[588.685s][info][gc,heap        ] GC(1548) PSYoungGen: 578816K->68384K(603648K)
[588.685s][info][gc,heap        ] GC(1548) PSOldGen: 439214K->487270K(1398272K)
[588.685s][info][gc,metaspace   ] GC(1548) Metaspace: 32451K(33584K)->32451K(33584K) NonClass: 28672K(29360K)->28672K(29360K) Class: 3779K(4224K)->3779K(4224K)
[588.685s][info][gc             ] GC(1548) Pause Young (Allocation Failure) 994M->542M(1955M) 74.719ms
[588.685s][info][gc,cpu         ] GC(1548) User=0.45s Sys=0.02s Real=0.07s
[589.447s][info][gc,start       ] GC(1549) Pause Young (Allocation Failure)
[589.514s][info][gc,heap        ] GC(1549) PSYoungGen: 577824K->64448K(608768K)
[589.514s][info][gc,heap        ] GC(1549) PSOldGen: 487270K->518270K(1398272K)
[589.514s][info][gc,metaspace   ] GC(1549) Metaspace: 32451K(33584K)->32451K(33584K) NonClass: 28672K(29360K)->28672K(29360K) Class: 3779K(4224K)->3779K(4224K)
[589.515s][info][gc             ] GC(1549) Pause Young (Allocation Failure) 1040M->569M(1960M) 67.603ms
[589.515s][info][gc,cpu         ] GC(1549) User=0.36s Sys=0.00s Real=0.07s
[589.668s][info][gc,start       ] GC(1550) Pause Young (Allocation Failure)
[589.738s][info][gc,heap        ] GC(1550) PSYoungGen: 581056K->84960K(601600K)
[589.738s][info][gc,heap        ] GC(1550) PSOldGen: 518270K->564098K(1398272K)
[589.738s][info][gc,metaspace   ] GC(1550) Metaspace: 32451K(33584K)->32451K(33584K) NonClass: 28672K(29360K)->28672K(29360K) Class: 3779K(4224K)->3779K(4224K)
[589.738s][info][gc             ] GC(1550) Pause Young (Allocation Failure) 1073M->633M(1953M) 69.891ms
[589.738s][info][gc,cpu         ] GC(1550) User=0.31s Sys=0.00s Real=0.07s
[590.166s][info][gc,start       ] GC(1551) Pause Young (Allocation Failure)
[590.220s][info][gc,heap        ] GC(1551) PSYoungGen: 601568K->49184K(603136K)
[590.220s][info][gc,heap        ] GC(1551) PSOldGen: 564098K->599434K(1398272K)
[590.220s][info][gc,metaspace   ] GC(1551) Metaspace: 32451K(33584K)->32451K(33584K) NonClass: 28672K(29360K)->28672K(29360K) Class: 3779K(4224K)->3779K(4224K)
[590.220s][info][gc             ] GC(1551) Pause Young (Allocation Failure) 1138M->633M(1954M) 54.287ms
[590.220s][info][gc,cpu         ] GC(1551) User=0.28s Sys=0.00s Real=0.07s
[590.513s][info][gc,start       ] GC(1552) Pause Young (Allocation Failure)
[590.575s][info][gc,heap        ] GC(1552) PSYoungGen: 557600K->68352K(603648K)
[590.575s][info][gc,heap        ] GC(1552) PSOldGen: 599434K->632411K(1398272K)
[590.575s][info][gc,metaspace   ] GC(1552) Metaspace: 32451K(33584K)->32451K(33584K) NonClass: 28672K(29360K)->28672K(29360K) Class: 3779K(4224K)->3779K(4224K)
[590.575s][info][gc             ] GC(1552) Pause Young (Allocation Failure) 1129M->684M(1955M) 62.016ms
[590.575s][info][gc,cpu         ] GC(1552) User=0.38s Sys=0.00s Real=0.06s
[590.699s][info][gc,start       ] GC(1553) Pause Young (Allocation Failure)
[590.766s][info][gc,heap        ] GC(1553) PSYoungGen: 576768K->68448K(607232K)
[590.766s][info][gc,heap        ] GC(1553) PSOldGen: 632411K->689107K(1398272K)
[590.766s][info][gc,metaspace   ] GC(1553) Metaspace: 32451K(33584K)->32451K(33584K) NonClass: 28672K(29360K)->28672K(29360K) Class: 3779K(4224K)->3779K(4224K)
[590.766s][info][gc             ] GC(1553) Pause Young (Allocation Failure) 1180M->739M(1958M) 66.353ms
[590.766s][info][gc,cpu         ] GC(1553) User=0.38s Sys=0.00s Real=0.07s
[591.461s][info][gc,start       ] GC(1554) Pause Young (Allocation Failure)
[591.509s][info][gc,heap        ] GC(1554) PSYoungGen: 582496K->39904K(605696K)
[591.510s][info][gc,heap        ] GC(1554) PSOldGen: 689107K->719435K(1398272K)
[591.510s][info][gc,metaspace   ] GC(1554) Metaspace: 32451K(33584K)->32451K(33584K) NonClass: 28672K(29360K)->28672K(29360K) Class: 3779K(4224K)->3779K(4224K)
[591.510s][info][gc             ] GC(1554) Pause Young (Allocation Failure) 1241M->741M(1957M) 48.937ms
[591.510s][info][gc,cpu         ] GC(1554) User=0.38s Sys=0.00s Real=0.05s
[591.783s][info][gc,start       ] GC(1555) Pause Young (Allocation Failure)
[591.847s][info][gc,heap        ] GC(1555) PSYoungGen: 553952K->80736K(598528K)
[591.847s][info][gc,heap        ] GC(1555) PSOldGen: 719435K->752635K(1398272K)
[591.847s][info][gc,metaspace   ] GC(1555) Metaspace: 32451K(33584K)->32451K(33584K) NonClass: 28672K(29360K)->28672K(29360K) Class: 3779K(4224K)->3779K(4224K)
[591.847s][info][gc             ] GC(1555) Pause Young (Allocation Failure) 1243M->813M(1950M) 63.363ms
[591.847s][info][gc,cpu         ] GC(1555) User=0.38s Sys=0.00s Real=0.07s
[591.987s][info][gc,start       ] GC(1556) Pause Young (Allocation Failure)
[592.063s][info][gc,heap        ] GC(1556) PSYoungGen: 586080K->74272K(602112K)
[592.063s][info][gc,heap        ] GC(1556) PSOldGen: 752635K->817931K(1398272K)
[592.063s][info][gc,metaspace   ] GC(1556) Metaspace: 32451K(33584K)->32451K(33584K) NonClass: 28672K(29360K)->28672K(29360K) Class: 3779K(4224K)->3779K(4224K)
[592.063s][info][gc             ] GC(1556) Pause Young (Allocation Failure) 1307M->871M(1953M) 75.571ms
[592.063s][info][gc,cpu         ] GC(1556) User=0.45s Sys=0.00s Real=0.08s
[592.838s][info][gc,start       ] GC(1557) Pause Young (Allocation Failure)
[592.900s][info][gc,heap        ] GC(1557) PSYoungGen: 579616K->58720K(603648K)
[592.900s][info][gc,heap        ] GC(1557) PSOldGen: 817931K->849467K(1398272K)
[592.900s][info][gc,metaspace   ] GC(1557) Metaspace: 32451K(33584K)->32451K(33584K) NonClass: 28672K(29360K)->28672K(29360K) Class: 3779K(4224K)->3779K(4224K)
[592.900s][info][gc             ] GC(1557) Pause Young (Allocation Failure) 1364M->886M(1955M) 61.284ms
[592.900s][info][gc,cpu         ] GC(1557) User=0.38s Sys=0.00s Real=0.08s
[593.043s][info][gc,start       ] GC(1558) Pause Young (Allocation Failure)
[593.110s][info][gc,heap        ] GC(1558) PSYoungGen: 565600K->76224K(602112K)
[593.110s][info][gc,heap        ] GC(1558) PSOldGen: 849467K->893524K(1398272K)
[593.110s][info][gc,metaspace   ] GC(1558) Metaspace: 32451K(33584K)->32451K(33584K) NonClass: 28672K(29360K)->28672K(29360K) Class: 3779K(4224K)->3779K(4224K)
[593.110s][info][gc             ] GC(1558) Pause Young (Allocation Failure) 1381M->947M(1953M) 67.120ms
[593.110s][info][gc,cpu         ] GC(1558) User=0.38s Sys=0.00s Real=0.07s
[593.295s][info][gc,start       ] GC(1559) Pause Young (Allocation Failure)
[593.366s][info][gc,heap        ] GC(1559) PSYoungGen: 583104K->71328K(603648K)
[593.366s][info][gc,heap        ] GC(1559) PSOldGen: 893524K->932780K(1398272K)
[593.366s][info][gc,metaspace   ] GC(1559) Metaspace: 32451K(33584K)->32451K(33584K) NonClass: 28672K(29360K)->28672K(29360K) Class: 3779K(4224K)->3779K(4224K)
[593.366s][info][gc             ] GC(1559) Pause Young (Allocation Failure) 1442M->980M(1955M) 71.561ms
[593.366s][info][gc,cpu         ] GC(1559) User=0.38s Sys=0.00s Real=0.07s
[593.792s][info][gc,start       ] GC(1560) Pause Young (Allocation Failure)
[593.850s][info][gc,heap        ] GC(1560) PSYoungGen: 578720K->57376K(602624K)
[593.850s][info][gc,heap        ] GC(1560) PSOldGen: 932780K->968044K(1398272K)
[593.850s][info][gc,metaspace   ] GC(1560) Metaspace: 32455K(33584K)->32455K(33584K) NonClass: 28675K(29360K)->28675K(29360K) Class: 3779K(4224K)->3779K(4224K)
[593.850s][info][gc             ] GC(1560) Pause Young (Allocation Failure) 1476M->1001M(1954M) 58.472ms
[593.850s][info][gc,cpu         ] GC(1560) User=0.28s Sys=0.00s Real=0.06s
[593.983s][info][gc,start       ] GC(1561) Pause Young (Allocation Failure)
[594.045s][info][gc,heap        ] GC(1561) PSYoungGen: 564768K->71680K(605696K)
[594.045s][info][gc,heap        ] GC(1561) PSOldGen: 968044K->1011624K(1398272K)
[594.045s][info][gc,metaspace   ] GC(1561) Metaspace: 32455K(33584K)->32455K(33584K) NonClass: 28675K(29360K)->28675K(29360K) Class: 3779K(4224K)->3779K(4224K)
[594.045s][info][gc             ] GC(1561) Pause Young (Allocation Failure) 1496M->1057M(1957M) 61.584ms
[594.045s][info][gc,cpu         ] GC(1561) User=0.36s Sys=0.00s Real=0.06s
[594.331s][info][gc,start       ] GC(1562) Pause Young (Allocation Failure)
[594.401s][info][gc,heap        ] GC(1562) PSYoungGen: 583680K->60192K(605184K)
[594.401s][info][gc,heap        ] GC(1562) PSOldGen: 1011624K->1054024K(1398272K)
[594.401s][info][gc,metaspace   ] GC(1562) Metaspace: 32455K(33584K)->32455K(33584K) NonClass: 28675K(29360K)->28675K(29360K) Class: 3779K(4224K)->3779K(4224K)
[594.402s][info][gc             ] GC(1562) Pause Young (Allocation Failure) 1557M->1088M(1956M) 70.328ms
[594.402s][info][gc,cpu         ] GC(1562) User=0.44s Sys=0.00s Real=0.08s
[594.908s][info][gc,start       ] GC(1563) Pause Young (Allocation Failure)
[594.967s][info][gc,heap        ] GC(1563) PSYoungGen: 572192K->60352K(608768K)
[594.967s][info][gc,heap        ] GC(1563) PSOldGen: 1054024K->1085440K(1398272K)
[594.967s][info][gc,metaspace   ] GC(1563) Metaspace: 32455K(33584K)->32455K(33584K) NonClass: 28675K(29360K)->28675K(29360K) Class: 3779K(4224K)->3779K(4224K)
[594.967s][info][gc             ] GC(1563) Pause Young (Allocation Failure) 1588M->1118M(1960M) 59.764ms
[594.967s][info][gc,cpu         ] GC(1563) User=0.38s Sys=0.00s Real=0.06s
[595.103s][info][gc,start       ] GC(1564) Pause Young (Allocation Failure)
[595.170s][info][gc,heap        ] GC(1564) PSYoungGen: 577472K->70848K(607232K)
[595.170s][info][gc,heap        ] GC(1564) PSOldGen: 1085440K->1133857K(1398272K)
[595.170s][info][gc,metaspace   ] GC(1564) Metaspace: 32455K(33584K)->32455K(33584K) NonClass: 28675K(29360K)->28675K(29360K) Class: 3779K(4224K)->3779K(4224K)
[595.170s][info][gc             ] GC(1564) Pause Young (Allocation Failure) 1623M->1176M(1958M) 66.868ms
[595.170s][info][gc,cpu         ] GC(1564) User=0.38s Sys=0.00s Real=0.07s
[595.580s][info][gc,start       ] GC(1565) Pause Young (Allocation Failure)
[595.641s][info][gc,heap        ] GC(1565) PSYoungGen: 587968K->56480K(609792K)
[595.641s][info][gc,heap        ] GC(1565) PSOldGen: 1133857K->1169817K(1398272K)
[595.641s][info][gc,metaspace   ] GC(1565) Metaspace: 32455K(33584K)->32455K(33584K) NonClass: 28675K(29360K)->28675K(29360K) Class: 3779K(4224K)->3779K(4224K)
[595.641s][info][gc             ] GC(1565) Pause Young (Allocation Failure) 1681M->1197M(1961M) 60.782ms
[595.641s][info][gc,cpu         ] GC(1565) User=0.38s Sys=0.00s Real=0.07s
[596.112s][info][gc,start       ] GC(1566) Pause Young (Allocation Failure)
[596.178s][info][gc,heap        ] GC(1566) PSYoungGen: 576672K->79584K(600064K)
[596.178s][info][gc,heap        ] GC(1566) PSOldGen: 1169817K->1201801K(1398272K)
[596.178s][info][gc,metaspace   ] GC(1566) Metaspace: 32455K(33584K)->32455K(33584K) NonClass: 28675K(29360K)->28675K(29360K) Class: 3779K(4224K)->3779K(4224K)
[596.178s][info][gc             ] GC(1566) Pause Young (Allocation Failure) 1705M->1251M(1951M) 65.844ms
[596.178s][info][gc,cpu         ] GC(1566) User=0.36s Sys=0.00s Real=0.08s
[596.318s][info][gc,start       ] GC(1567) Pause Young (Allocation Failure)
[596.400s][info][gc,heap        ] GC(1567) PSYoungGen: 599776K->71808K(607232K)
[596.400s][info][gc,heap        ] GC(1567) PSOldGen: 1201801K->1269257K(1398272K)
[596.400s][info][gc,metaspace   ] GC(1567) Metaspace: 32455K(33584K)->32455K(33584K) NonClass: 28675K(29360K)->28675K(29360K) Class: 3779K(4224K)->3779K(4224K)
[596.400s][info][gc             ] GC(1567) Pause Young (Allocation Failure) 1759M->1309M(1958M) 81.948ms
[596.400s][info][gc,cpu         ] GC(1567) User=0.55s Sys=0.00s Real=0.08s
[597.085s][info][gc,start       ] GC(1568) Pause Young (System.gc())
[597.136s][info][gc,heap        ] GC(1568) PSYoungGen: 472480K->31392K(546816K)
[597.136s][info][gc,heap        ] GC(1568) PSOldGen: 1269257K->1300873K(1398272K)
[597.136s][info][gc,metaspace   ] GC(1568) Metaspace: 32455K(33584K)->32455K(33584K) NonClass: 28675K(29360K)->28675K(29360K) Class: 3779K(4224K)->3779K(4224K)
[597.136s][info][gc             ] GC(1568) Pause Young (System.gc()) 1700M->1301M(1899M) 51.019ms
[597.136s][info][gc,cpu         ] GC(1568) User=0.36s Sys=0.00s Real=0.06s
[597.136s][info][gc,start       ] GC(1569) Pause Full (System.gc())
[597.136s][info][gc,phases,start] GC(1569) Phase 1: Mark live objects
[597.255s][info][gc,phases      ] GC(1569) Phase 1: Mark live objects 118.793ms
[597.255s][info][gc,phases,start] GC(1569) Phase 2: Compute new object addresses
[597.434s][info][gc,phases      ] GC(1569) Phase 2: Compute new object addresses 178.930ms
[597.434s][info][gc,phases,start] GC(1569) Phase 3: Adjust pointers
[597.517s][info][gc,phases      ] GC(1569) Phase 3: Adjust pointers 83.293ms
[597.517s][info][gc,phases,start] GC(1569) Phase 4: Move objects
[597.542s][info][gc,phases      ] GC(1569) Phase 4: Move objects 24.278ms
[597.542s][info][gc,heap        ] GC(1569) PSYoungGen: 31392K->0K(546816K)
[597.542s][info][gc,heap        ] GC(1569) PSOldGen: 1300873K->169763K(1398272K)
[597.542s][info][gc,metaspace   ] GC(1569) Metaspace: 32455K(33584K)->32455K(33584K) NonClass: 28675K(29360K)->28675K(29360K) Class: 3779K(4224K)->3779K(4224K)
[597.542s][info][gc             ] GC(1569) Pause Full (System.gc()) 1301M->165M(1899M) 406.105ms
[597.542s][info][gc,cpu         ] GC(1569) User=0.41s Sys=0.00s Real=0.41s
[597.758s][info][gc,start       ] GC(1570) Pause Young (Allocation Failure)
[597.803s][info][gc,heap        ] GC(1570) PSYoungGen: 515072K->76928K(600576K)
[597.803s][info][gc,heap        ] GC(1570) PSOldGen: 169763K->169763K(1398272K)
[597.803s][info][gc,metaspace   ] GC(1570) Metaspace: 32455K(33584K)->32455K(33584K) NonClass: 28675K(29360K)->28675K(29360K) Class: 3779K(4224K)->3779K(4224K)
[597.803s][info][gc             ] GC(1570) Pause Young (Allocation Failure) 668M->240M(1952M) 45.352ms
[597.803s][info][gc,cpu         ] GC(1570) User=0.20s Sys=0.00s Real=0.04s
[597.939s][info][gc,start       ] GC(1571) Pause Young (Allocation Failure)
[598.015s][info][gc,heap        ] GC(1571) PSYoungGen: 582272K->72896K(602112K)
[598.015s][info][gc,heap        ] GC(1571) PSOldGen: 169763K->232731K(1398272K)
[598.015s][info][gc,metaspace   ] GC(1571) Metaspace: 32455K(33584K)->32455K(33584K) NonClass: 28675K(29360K)->28675K(29360K) Class: 3779K(4224K)->3779K(4224K)
[598.015s][info][gc             ] GC(1571) Pause Young (Allocation Failure) 734M->298M(1953M) 76.142ms
[598.015s][info][gc,cpu         ] GC(1571) User=0.47s Sys=0.00s Real=0.08s
[598.744s][info][gc,start       ] GC(1572) Pause Young (Allocation Failure)
[598.803s][info][gc,heap        ] GC(1572) PSYoungGen: 578240K->54784K(603648K)
[598.803s][info][gc,heap        ] GC(1572) PSOldGen: 232731K->263907K(1398272K)
[598.803s][info][gc,metaspace   ] GC(1572) Metaspace: 32455K(33584K)->32455K(33584K) NonClass: 28675K(29360K)->28675K(29360K) Class: 3779K(4224K)->3779K(4224K)
[598.803s][info][gc             ] GC(1572) Pause Young (Allocation Failure) 791M->311M(1955M) 59.074ms
[598.803s][info][gc,cpu         ] GC(1572) User=0.28s Sys=0.00s Real=0.06s
[598.934s][info][gc,start       ] GC(1573) Pause Young (Allocation Failure)
[598.998s][info][gc,heap        ] GC(1573) PSYoungGen: 561664K->65120K(602112K)
[598.998s][info][gc,heap        ] GC(1573) PSOldGen: 263907K->310783K(1398272K)
[598.998s][info][gc,metaspace   ] GC(1573) Metaspace: 32455K(33584K)->32455K(33584K) NonClass: 28675K(29360K)->28675K(29360K) Class: 3779K(4224K)->3779K(4224K)
[598.998s][info][gc             ] GC(1573) Pause Young (Allocation Failure) 806M->367M(1953M) 63.808ms
[598.998s][info][gc,cpu         ] GC(1573) User=0.38s Sys=0.00s Real=0.06s
[599.130s][info][gc,start       ] GC(1574) Pause Young (Allocation Failure)
[599.212s][info][gc,heap        ] GC(1574) PSYoungGen: 572000K->71584K(606208K)
[599.212s][info][gc,heap        ] GC(1574) PSOldGen: 310783K->361983K(1398272K)
[599.212s][info][gc,metaspace   ] GC(1574) Metaspace: 32455K(33584K)->32455K(33584K) NonClass: 28675K(29360K)->28675K(29360K) Class: 3779K(4224K)->3779K(4224K)
[599.212s][info][gc             ] GC(1574) Pause Young (Allocation Failure) 862M->423M(1957M) 81.359ms
[599.212s][info][gc,cpu         ] GC(1574) User=0.55s Sys=0.00s Real=0.08s
[599.837s][info][gc,start       ] GC(1575) Pause Young (Allocation Failure)
[599.896s][info][gc,heap        ] GC(1575) PSYoungGen: 585120K->54304K(606208K)
[599.896s][info][gc,heap        ] GC(1575) PSOldGen: 361983K->392223K(1398272K)
[599.896s][info][gc,metaspace   ] GC(1575) Metaspace: 32455K(33584K)->32455K(33584K) NonClass: 28675K(29360K)->28675K(29360K) Class: 3779K(4224K)->3779K(4224K)
[599.896s][info][gc             ] GC(1575) Pause Young (Allocation Failure) 924M->436M(1957M) 58.842ms
[599.896s][info][gc,cpu         ] GC(1575) User=0.28s Sys=0.00s Real=0.06s
[600.041s][info][gc,start       ] GC(1576) Pause Young (Allocation Failure)
[600.103s][info][gc,heap        ] GC(1576) PSYoungGen: 567840K->74240K(605184K)
[600.103s][info][gc,heap        ] GC(1576) PSOldGen: 392223K->434228K(1398272K)
[600.103s][info][gc,metaspace   ] GC(1576) Metaspace: 32455K(33584K)->32455K(33584K) NonClass: 28675K(29360K)->28675K(29360K) Class: 3779K(4224K)->3779K(4224K)
[600.103s][info][gc             ] GC(1576) Pause Young (Allocation Failure) 937M->496M(1956M) 62.252ms
[600.103s][info][gc,cpu         ] GC(1576) User=0.38s Sys=0.00s Real=0.06s
[600.276s][info][gc,start       ] GC(1577) Pause Young (Allocation Failure)
[600.348s][info][gc,heap        ] GC(1577) PSYoungGen: 587776K->69408K(606208K)
[600.348s][info][gc,heap        ] GC(1577) PSOldGen: 434228K->476860K(1398272K)
[600.348s][info][gc,metaspace   ] GC(1577) Metaspace: 32455K(33584K)->32455K(33584K) NonClass: 28675K(29360K)->28675K(29360K) Class: 3779K(4224K)->3779K(4224K)
[600.348s][info][gc             ] GC(1577) Pause Young (Allocation Failure) 998M->533M(1957M) 71.971ms
[600.348s][info][gc,cpu         ] GC(1577) User=0.34s Sys=0.00s Real=0.07s
[600.969s][info][gc,start       ] GC(1578) Pause Young (Allocation Failure)
[601.029s][info][gc,heap        ] GC(1578) PSYoungGen: 582944K->66496K(609792K)
[601.029s][info][gc,heap        ] GC(1578) PSOldGen: 476860K->510460K(1398272K)
[601.029s][info][gc,metaspace   ] GC(1578) Metaspace: 32455K(33584K)->32455K(33584K) NonClass: 28675K(29360K)->28675K(29360K) Class: 3779K(4224K)->3779K(4224K)
[601.029s][info][gc             ] GC(1578) Pause Young (Allocation Failure) 1034M->563M(1961M) 60.713ms
[601.029s][info][gc,cpu         ] GC(1578) User=0.38s Sys=0.00s Real=0.07s
[601.174s][info][gc,start       ] GC(1579) Pause Young (Allocation Failure)
[601.245s][info][gc,heap        ] GC(1579) PSYoungGen: 584640K->78208K(607232K)
[601.245s][info][gc,heap        ] GC(1579) PSOldGen: 510460K->560748K(1398272K)
[601.245s][info][gc,metaspace   ] GC(1579) Metaspace: 32455K(33584K)->32455K(33584K) NonClass: 28675K(29360K)->28675K(29360K) Class: 3779K(4224K)->3779K(4224K)
[601.245s][info][gc             ] GC(1579) Pause Young (Allocation Failure) 1069M->623M(1958M) 70.925ms
[601.245s][info][gc,cpu         ] GC(1579) User=0.42s Sys=0.00s Real=0.07s
[602.002s][info][gc,start       ] GC(1580) Pause Young (Allocation Failure)
[602.064s][info][gc,heap        ] GC(1580) PSYoungGen: 596352K->39040K(603136K)
[602.064s][info][gc,heap        ] GC(1580) PSOldGen: 560748K->594332K(1398272K)
[602.064s][info][gc,metaspace   ] GC(1580) Metaspace: 32455K(33584K)->32455K(33584K) NonClass: 28675K(29360K)->28675K(29360K) Class: 3779K(4224K)->3779K(4224K)
[602.064s][info][gc             ] GC(1580) Pause Young (Allocation Failure) 1129M->618M(1954M) 61.484ms
[602.064s][info][gc,cpu         ] GC(1580) User=0.34s Sys=0.00s Real=0.07s
[602.291s][info][gc,start       ] GC(1581) Pause Young (Allocation Failure)
[602.352s][info][gc,heap        ] GC(1581) PSYoungGen: 550528K->77824K(589824K)
[602.352s][info][gc,heap        ] GC(1581) PSOldGen: 594332K->630436K(1398272K)
[602.352s][info][gc,metaspace   ] GC(1581) Metaspace: 32455K(33584K)->32455K(33584K) NonClass: 28675K(29360K)->28675K(29360K) Class: 3779K(4224K)->3779K(4224K)
[602.352s][info][gc             ] GC(1581) Pause Young (Allocation Failure) 1118M->691M(1941M) 60.927ms
[602.352s][info][gc,cpu         ] GC(1581) User=0.38s Sys=0.00s Real=0.07s
[602.497s][info][gc,start       ] GC(1582) Pause Young (Allocation Failure)
[602.570s][info][gc,heap        ] GC(1582) PSYoungGen: 589312K->75008K(602112K)
[602.570s][info][gc,heap        ] GC(1582) PSOldGen: 630436K->692301K(1398272K)
[602.570s][info][gc,metaspace   ] GC(1582) Metaspace: 32455K(33584K)->32455K(33584K) NonClass: 28675K(29360K)->28675K(29360K) Class: 3779K(4224K)->3779K(4224K)
[602.570s][info][gc             ] GC(1582) Pause Young (Allocation Failure) 1191M->749M(1953M) 73.215ms
[602.570s][info][gc,cpu         ] GC(1582) User=0.36s Sys=0.00s Real=0.08s
[603.227s][info][gc,start       ] GC(1583) Pause Young (Allocation Failure)
[603.293s][info][gc,heap        ] GC(1583) PSYoungGen: 581376K->56608K(602624K)
[603.293s][info][gc,heap        ] GC(1583) PSOldGen: 692301K->724493K(1398272K)
[603.293s][info][gc,metaspace   ] GC(1583) Metaspace: 32455K(33584K)->32455K(33584K) NonClass: 28675K(29360K)->28675K(29360K) Class: 3779K(4224K)->3779K(4224K)
[603.293s][info][gc             ] GC(1583) Pause Young (Allocation Failure) 1243M->762M(1954M) 65.229ms
[603.293s][info][gc,cpu         ] GC(1583) User=0.38s Sys=0.00s Real=0.07s
[603.427s][info][gc,start       ] GC(1584) Pause Young (Allocation Failure)
[603.491s][info][gc,heap        ] GC(1584) PSYoungGen: 562976K->71104K(604672K)
[603.491s][info][gc,heap        ] GC(1584) PSOldGen: 724493K->769113K(1398272K)
[603.491s][info][gc,metaspace   ] GC(1584) Metaspace: 32455K(33584K)->32455K(33584K) NonClass: 28675K(29360K)->28675K(29360K) Class: 3779K(4224K)->3779K(4224K)
[603.491s][info][gc             ] GC(1584) Pause Young (Allocation Failure) 1257M->820M(1956M) 64.215ms
[603.491s][info][gc,cpu         ] GC(1584) User=0.34s Sys=0.00s Real=0.07s
[603.655s][info][gc,start       ] GC(1585) Pause Young (Allocation Failure)
[603.723s][info][gc,heap        ] GC(1585) PSYoungGen: 580544K->74272K(603648K)
[603.723s][info][gc,heap        ] GC(1585) PSOldGen: 769113K->815649K(1398272K)
[603.723s][info][gc,metaspace   ] GC(1585) Metaspace: 32455K(33584K)->32455K(33584K) NonClass: 28675K(29360K)->28675K(29360K) Class: 3779K(4224K)->3779K(4224K)
[603.723s][info][gc             ] GC(1585) Pause Young (Allocation Failure) 1318M->869M(1955M) 67.923ms
[603.723s][info][gc,cpu         ] GC(1585) User=0.38s Sys=0.00s Real=0.07s
[604.308s][info][gc,start       ] GC(1586) Pause Young (Allocation Failure)
[604.369s][info][gc,heap        ] GC(1586) PSYoungGen: 583712K->65184K(606720K)
[604.369s][info][gc,heap        ] GC(1586) PSOldGen: 815649K->849465K(1398272K)
[604.369s][info][gc,metaspace   ] GC(1586) Metaspace: 32455K(33584K)->32455K(33584K) NonClass: 28675K(29360K)->28675K(29360K) Class: 3779K(4224K)->3779K(4224K)
[604.369s][info][gc             ] GC(1586) Pause Young (Allocation Failure) 1366M->893M(1958M) 61.373ms
[604.369s][info][gc,cpu         ] GC(1586) User=0.38s Sys=0.00s Real=0.08s
[604.504s][info][gc,start       ] GC(1587) Pause Young (Allocation Failure)
[604.572s][info][gc,heap        ] GC(1587) PSYoungGen: 577184K->72704K(604160K)
[604.572s][info][gc,heap        ] GC(1587) PSOldGen: 849465K->902386K(1398272K)
[604.572s][info][gc,metaspace   ] GC(1587) Metaspace: 32455K(33584K)->32455K(33584K) NonClass: 28675K(29360K)->28675K(29360K) Class: 3779K(4224K)->3779K(4224K)
[604.572s][info][gc             ] GC(1587) Pause Young (Allocation Failure) 1393M->952M(1955M) 68.014ms
[604.573s][info][gc,cpu         ] GC(1587) User=0.47s Sys=0.00s Real=0.07s
[604.937s][info][gc,start       ] GC(1588) Pause Young (Allocation Failure)
[605.002s][info][gc,heap        ] GC(1588) PSYoungGen: 584704K->56384K(607744K)
[605.002s][info][gc,heap        ] GC(1588) PSOldGen: 902386K->938602K(1398272K)
[605.002s][info][gc,metaspace   ] GC(1588) Metaspace: 32455K(33584K)->32455K(33584K) NonClass: 28675K(29360K)->28675K(29360K) Class: 3779K(4224K)->3779K(4224K)
[605.002s][info][gc             ] GC(1588) Pause Young (Allocation Failure) 1452M->971M(1959M) 64.768ms
[605.002s][info][gc,cpu         ] GC(1588) User=0.38s Sys=0.00s Real=0.08s
[605.492s][info][gc,start       ] GC(1589) Pause Young (Allocation Failure)
[605.558s][info][gc,heap        ] GC(1589) PSYoungGen: 572480K->78656K(594944K)
[605.558s][info][gc,heap        ] GC(1589) PSOldGen: 938602K->970602K(1398272K)
[605.558s][info][gc,metaspace   ] GC(1589) Metaspace: 32455K(33584K)->32455K(33584K) NonClass: 28675K(29360K)->28675K(29360K) Class: 3779K(4224K)->3779K(4224K)
[605.558s][info][gc             ] GC(1589) Pause Young (Allocation Failure) 1475M->1024M(1946M) 66.645ms
[605.558s][info][gc,cpu         ] GC(1589) User=0.45s Sys=0.00s Real=0.07s
[605.703s][info][gc,start       ] GC(1590) Pause Young (Allocation Failure)
[605.780s][info][gc,heap        ] GC(1590) PSYoungGen: 594752K->76928K(603648K)
[605.780s][info][gc,heap        ] GC(1590) PSOldGen: 970602K->1032854K(1398272K)
[605.780s][info][gc,metaspace   ] GC(1590) Metaspace: 32455K(33584K)->32455K(33584K) NonClass: 28675K(29360K)->28675K(29360K) Class: 3779K(4224K)->3779K(4224K)
[605.780s][info][gc             ] GC(1590) Pause Young (Allocation Failure) 1528M->1083M(1955M) 76.513ms
[605.780s][info][gc,cpu         ] GC(1590) User=0.47s Sys=0.00s Real=0.08s
[606.454s][info][gc,start       ] GC(1591) Pause Young (Allocation Failure)
[606.512s][info][gc,heap        ] GC(1591) PSYoungGen: 587392K->48640K(559616K)
[606.512s][info][gc,heap        ] GC(1591) PSOldGen: 1032854K->1064774K(1398272K)
[606.512s][info][gc,metaspace   ] GC(1591) Metaspace: 32455K(33584K)->32455K(33584K) NonClass: 28675K(29360K)->28675K(29360K) Class: 3779K(4224K)->3779K(4224K)
[606.512s][info][gc             ] GC(1591) Pause Young (Allocation Failure) 1582M->1087M(1912M) 58.306ms
[606.512s][info][gc,cpu         ] GC(1591) User=0.38s Sys=0.00s Real=0.06s
[606.653s][info][gc,start       ] GC(1592) Pause Young (Allocation Failure)
[606.715s][info][gc,heap        ] GC(1592) PSYoungGen: 559104K->72480K(604160K)
[606.716s][info][gc,heap        ] GC(1592) PSOldGen: 1064774K->1104482K(1398272K)
[606.716s][info][gc,metaspace   ] GC(1592) Metaspace: 32455K(33584K)->32455K(33584K) NonClass: 28675K(29360K)->28675K(29360K) Class: 3779K(4224K)->3779K(4224K)
[606.716s][info][gc             ] GC(1592) Pause Young (Allocation Failure) 1585M->1149M(1955M) 63.037ms
[606.716s][info][gc,cpu         ] GC(1592) User=0.34s Sys=0.00s Real=0.06s
[606.848s][info][gc,start       ] GC(1593) Pause Young (Allocation Failure)
[606.934s][info][gc,heap        ] GC(1593) PSYoungGen: 581408K->69376K(603648K)
[606.934s][info][gc,heap        ] GC(1593) PSOldGen: 1104482K->1161642K(1398272K)
[606.934s][info][gc,metaspace   ] GC(1593) Metaspace: 32455K(33584K)->32455K(33584K) NonClass: 28675K(29360K)->28675K(29360K) Class: 3779K(4224K)->3779K(4224K)
[606.934s][info][gc             ] GC(1593) Pause Young (Allocation Failure) 1646M->1202M(1955M) 86.199ms
[606.934s][info][gc,cpu         ] GC(1593) User=0.53s Sys=0.00s Real=0.09s
[607.605s][info][gc,start       ] GC(1594) Pause Young (Allocation Failure)
[607.661s][info][gc,heap        ] GC(1594) PSYoungGen: 578304K->54976K(606720K)
[607.661s][info][gc,heap        ] GC(1594) PSOldGen: 1161642K->1191562K(1398272K)
[607.661s][info][gc,metaspace   ] GC(1594) Metaspace: 32455K(33584K)->32455K(33584K) NonClass: 28675K(29360K)->28675K(29360K) Class: 3779K(4224K)->3779K(4224K)
[607.661s][info][gc             ] GC(1594) Pause Young (Allocation Failure) 1699M->1217M(1958M) 55.765ms
[607.661s][info][gc,cpu         ] GC(1594) User=0.28s Sys=0.00s Real=0.06s
[607.802s][info][gc,start       ] GC(1595) Pause Young (Allocation Failure)
[607.866s][info][gc,heap        ] GC(1595) PSYoungGen: 569024K->71136K(606208K)
[607.866s][info][gc,heap        ] GC(1595) PSOldGen: 1191562K->1236199K(1398272K)
[607.866s][info][gc,metaspace   ] GC(1595) Metaspace: 32455K(33584K)->32455K(33584K) NonClass: 28675K(29360K)->28675K(29360K) Class: 3779K(4224K)->3779K(4224K)
[607.866s][info][gc             ] GC(1595) Pause Young (Allocation Failure) 1719M->1276M(1957M) 64.470ms
[607.867s][info][gc,cpu         ] GC(1595) User=0.36s Sys=0.00s Real=0.07s
[607.997s][info][gc,start       ] GC(1596) Pause Young (Allocation Failure)
[608.064s][info][gc,heap        ] GC(1596) PSYoungGen: 585184K->63232K(609280K)
[608.064s][info][gc,heap        ] GC(1596) PSOldGen: 1236199K->1296271K(1398272K)
[608.064s][info][gc,metaspace   ] GC(1596) Metaspace: 32455K(33584K)->32455K(33584K) NonClass: 28675K(29360K)->28675K(29360K) Class: 3779K(4224K)->3779K(4224K)
[608.064s][info][gc             ] GC(1596) Pause Young (Allocation Failure) 1778M->1327M(1960M) 66.597ms
[608.064s][info][gc,cpu         ] GC(1596) User=0.38s Sys=0.00s Real=0.07s
[608.666s][info][gc,start       ] GC(1597) Pause Young (System.gc())
[608.712s][info][gc,heap        ] GC(1597) PSYoungGen: 326412K->22720K(538112K)
[608.712s][info][gc,heap        ] GC(1597) PSOldGen: 1296271K->1326303K(1398272K)
[608.712s][info][gc,metaspace   ] GC(1597) Metaspace: 32455K(33584K)->32455K(33584K) NonClass: 28675K(29360K)->28675K(29360K) Class: 3779K(4224K)->3779K(4224K)
[608.712s][info][gc             ] GC(1597) Pause Young (System.gc()) 1584M->1317M(1891M) 46.172ms
[608.712s][info][gc,cpu         ] GC(1597) User=0.28s Sys=0.00s Real=0.06s
[608.712s][info][gc,start       ] GC(1598) Pause Full (System.gc())
[608.713s][info][gc,phases,start] GC(1598) Phase 1: Mark live objects
[608.826s][info][gc,phases      ] GC(1598) Phase 1: Mark live objects 113.435ms
[608.826s][info][gc,phases,start] GC(1598) Phase 2: Compute new object addresses
[609.005s][info][gc,phases      ] GC(1598) Phase 2: Compute new object addresses 179.414ms
[609.006s][info][gc,phases,start] GC(1598) Phase 3: Adjust pointers
[609.091s][info][gc,phases      ] GC(1598) Phase 3: Adjust pointers 85.282ms
[609.091s][info][gc,phases,start] GC(1598) Phase 4: Move objects
[609.115s][info][gc,phases      ] GC(1598) Phase 4: Move objects 24.467ms
[609.116s][info][gc,heap        ] GC(1598) PSYoungGen: 22720K->0K(538112K)
[609.116s][info][gc,heap        ] GC(1598) PSOldGen: 1326303K->104545K(1398272K)
[609.116s][info][gc,metaspace   ] GC(1598) Metaspace: 32455K(33584K)->32455K(33584K) NonClass: 28675K(29360K)->28675K(29360K) Class: 3779K(4224K)->3779K(4224K)
[609.116s][info][gc             ] GC(1598) Pause Full (System.gc()) 1317M->102M(1891M) 403.517ms
[609.116s][info][gc,cpu         ] GC(1598) User=0.39s Sys=0.00s Real=0.40s
[609.255s][info][gc,start       ] GC(1599) Pause Young (Allocation Failure)
[609.295s][info][gc,heap        ] GC(1599) PSYoungGen: 515072K->66944K(605696K)
[609.295s][info][gc,heap        ] GC(1599) PSOldGen: 104545K->104545K(1398272K)
[609.295s][info][gc,metaspace   ] GC(1599) Metaspace: 32455K(33584K)->32455K(33584K) NonClass: 28675K(29360K)->28675K(29360K) Class: 3779K(4224K)->3779K(4224K)
[609.295s][info][gc             ] GC(1599) Pause Young (Allocation Failure) 605M->167M(1957M) 39.614ms
[609.295s][info][gc,cpu         ] GC(1599) User=0.27s Sys=0.00s Real=0.04s
[609.433s][info][gc,start       ] GC(1600) Pause Young (Allocation Failure)
[609.506s][info][gc,heap        ] GC(1600) PSYoungGen: 577920K->72928K(604160K)
[609.506s][info][gc,heap        ] GC(1600) PSOldGen: 104545K->157421K(1398272K)
[609.506s][info][gc,metaspace   ] GC(1600) Metaspace: 32455K(33584K)->32455K(33584K) NonClass: 28675K(29360K)->28675K(29360K) Class: 3779K(4224K)->3779K(4224K)
[609.507s][info][gc             ] GC(1600) Pause Young (Allocation Failure) 666M->224M(1955M) 73.354ms
[609.507s][info][gc,cpu         ] GC(1600) User=0.38s Sys=0.00s Real=0.07s
[610.237s][info][gc,start       ] GC(1601) Pause Young (Allocation Failure)
[610.292s][info][gc,heap        ] GC(1601) PSYoungGen: 583904K->42112K(603648K)
[610.292s][info][gc,heap        ] GC(1601) PSOldGen: 157421K->189157K(1398272K)
[610.292s][info][gc,metaspace   ] GC(1601) Metaspace: 32455K(33584K)->32455K(33584K) NonClass: 28675K(29360K)->28675K(29360K) Class: 3779K(4224K)->3779K(4224K)
[610.292s][info][gc             ] GC(1601) Pause Young (Allocation Failure) 723M->225M(1955M) 54.703ms
[610.292s][info][gc,cpu         ] GC(1601) User=0.36s Sys=0.00s Real=0.06s
[610.429s][info][gc,start       ] GC(1602) Pause Young (Allocation Failure)
[610.498s][info][gc,heap        ] GC(1602) PSYoungGen: 551552K->69664K(604160K)
[610.498s][info][gc,heap        ] GC(1602) PSOldGen: 189157K->226238K(1398272K)
[610.498s][info][gc,metaspace   ] GC(1602) Metaspace: 32455K(33584K)->32455K(33584K) NonClass: 28675K(29360K)->28675K(29360K) Class: 3779K(4224K)->3779K(4224K)
[610.499s][info][gc             ] GC(1602) Pause Young (Allocation Failure) 723M->288M(1955M) 69.855ms
[610.499s][info][gc,cpu         ] GC(1602) User=0.44s Sys=0.00s Real=0.07s
[610.633s][info][gc,start       ] GC(1603) Pause Young (Allocation Failure)
[610.707s][info][gc,heap        ] GC(1603) PSYoungGen: 579104K->69632K(604672K)
[610.707s][info][gc,heap        ] GC(1603) PSOldGen: 226238K->282126K(1398272K)
[610.707s][info][gc,metaspace   ] GC(1603) Metaspace: 32455K(33584K)->32455K(33584K) NonClass: 28675K(29360K)->28675K(29360K) Class: 3779K(4224K)->3779K(4224K)
[610.707s][info][gc             ] GC(1603) Pause Young (Allocation Failure) 786M->343M(1956M) 73.872ms
[610.707s][info][gc,cpu         ] GC(1603) User=0.39s Sys=0.00s Real=0.07s
[611.522s][info][gc,start       ] GC(1604) Pause Young (Allocation Failure)
[611.574s][info][gc,heap        ] GC(1604) PSYoungGen: 579584K->49184K(604160K)
[611.574s][info][gc,heap        ] GC(1604) PSOldGen: 282126K->312934K(1398272K)
[611.574s][info][gc,metaspace   ] GC(1604) Metaspace: 32455K(33584K)->32455K(33584K) NonClass: 28675K(29360K)->28675K(29360K) Class: 3779K(4224K)->3779K(4224K)
[611.574s][info][gc             ] GC(1604) Pause Young (Allocation Failure) 841M->353M(1955M) 51.789ms
[611.574s][info][gc,cpu         ] GC(1604) User=0.38s Sys=0.00s Real=0.05s
[611.711s][info][gc,start       ] GC(1605) Pause Young (Allocation Failure)
[611.773s][info][gc,heap        ] GC(1605) PSYoungGen: 559136K->69600K(605696K)
[611.773s][info][gc,heap        ] GC(1605) PSOldGen: 312934K->353322K(1398272K)
[611.773s][info][gc,metaspace   ] GC(1605) Metaspace: 32455K(33584K)->32455K(33584K) NonClass: 28675K(29360K)->28675K(29360K) Class: 3779K(4224K)->3779K(4224K)
[611.773s][info][gc             ] GC(1605) Pause Young (Allocation Failure) 851M->413M(1957M) 62.301ms
[611.773s][info][gc,cpu         ] GC(1605) User=0.38s Sys=0.00s Real=0.06s
[611.904s][info][gc,start       ] GC(1606) Pause Young (Allocation Failure)
[611.978s][info][gc,heap        ] GC(1606) PSYoungGen: 582112K->71136K(605696K)
[611.978s][info][gc,heap        ] GC(1606) PSOldGen: 353322K->408370K(1398272K)
[611.978s][info][gc,metaspace   ] GC(1606) Metaspace: 32455K(33584K)->32455K(33584K) NonClass: 28675K(29360K)->28675K(29360K) Class: 3779K(4224K)->3779K(4224K)
[611.978s][info][gc             ] GC(1606) Pause Young (Allocation Failure) 913M->468M(1957M) 74.246ms
[611.978s][info][gc,cpu         ] GC(1606) User=0.47s Sys=0.00s Real=0.07s
[612.680s][info][gc,start       ] GC(1607) Pause Young (Allocation Failure)
[612.746s][info][gc,heap        ] GC(1607) PSYoungGen: 583648K->51424K(606720K)
[612.746s][info][gc,heap        ] GC(1607) PSOldGen: 408370K->438930K(1398272K)
[612.746s][info][gc,metaspace   ] GC(1607) Metaspace: 32455K(33584K)->32455K(33584K) NonClass: 28675K(29360K)->28675K(29360K) Class: 3779K(4224K)->3779K(4224K)
[612.746s][info][gc             ] GC(1607) Pause Young (Allocation Failure) 968M->478M(1958M) 66.027ms
[612.746s][info][gc,cpu         ] GC(1607) User=0.38s Sys=0.00s Real=0.07s
[612.877s][info][gc,start       ] GC(1608) Pause Young (Allocation Failure)
[612.940s][info][gc,heap        ] GC(1608) PSYoungGen: 564960K->71296K(605696K)
[612.940s][info][gc,heap        ] GC(1608) PSOldGen: 438930K->480975K(1398272K)
[612.940s][info][gc,metaspace   ] GC(1608) Metaspace: 32455K(33584K)->32455K(33584K) NonClass: 28675K(29360K)->28675K(29360K) Class: 3779K(4224K)->3779K(4224K)
[612.940s][info][gc             ] GC(1608) Pause Young (Allocation Failure) 980M->539M(1957M) 62.708ms
[612.940s][info][gc,cpu         ] GC(1608) User=0.38s Sys=0.00s Real=0.06s
[613.071s][info][gc,start       ] GC(1609) Pause Young (Allocation Failure)
[613.137s][info][gc,heap        ] GC(1609) PSYoungGen: 584832K->67872K(607232K)
[613.137s][info][gc,heap        ] GC(1609) PSOldGen: 480975K->537999K(1398272K)
[613.137s][info][gc,metaspace   ] GC(1609) Metaspace: 32455K(33584K)->32455K(33584K) NonClass: 28675K(29360K)->28675K(29360K) Class: 3779K(4224K)->3779K(4224K)
[613.137s][info][gc             ] GC(1609) Pause Young (Allocation Failure) 1040M->591M(1958M) 66.407ms
[613.137s][info][gc,cpu         ] GC(1609) User=0.38s Sys=0.00s Real=0.07s
[613.772s][info][gc,start       ] GC(1610) Pause Young (Allocation Failure)
[613.826s][info][gc,heap        ] GC(1610) PSYoungGen: 582432K->56288K(606208K)
[613.826s][info][gc,heap        ] GC(1610) PSOldGen: 537999K->567927K(1398272K)
[613.826s][info][gc,metaspace   ] GC(1610) Metaspace: 32455K(33584K)->32455K(33584K) NonClass: 28675K(29360K)->28675K(29360K) Class: 3779K(4224K)->3779K(4224K)
[613.826s][info][gc             ] GC(1610) Pause Young (Allocation Failure) 1094M->609M(1957M) 54.814ms
[613.826s][info][gc,cpu         ] GC(1610) User=0.36s Sys=0.00s Real=0.06s
[613.971s][info][gc,start       ] GC(1611) Pause Young (Allocation Failure)
[614.036s][info][gc,heap        ] GC(1611) PSYoungGen: 570848K->77888K(602624K)
[614.036s][info][gc,heap        ] GC(1611) PSOldGen: 567927K->609919K(1398272K)
[614.036s][info][gc,metaspace   ] GC(1611) Metaspace: 32455K(33584K)->32455K(33584K) NonClass: 28675K(29360K)->28675K(29360K) Class: 3779K(4224K)->3779K(4224K)
[614.036s][info][gc             ] GC(1611) Pause Young (Allocation Failure) 1112M->671M(1954M) 65.295ms
[614.036s][info][gc,cpu         ] GC(1611) User=0.33s Sys=0.00s Real=0.07s
[614.282s][info][gc,start       ] GC(1612) Pause Young (Allocation Failure)
[614.354s][info][gc,heap        ] GC(1612) PSYoungGen: 590400K->66976K(605696K)
[614.354s][info][gc,heap        ] GC(1612) PSOldGen: 609919K->650087K(1398272K)
[614.354s][info][gc,metaspace   ] GC(1612) Metaspace: 32455K(33584K)->32455K(33584K) NonClass: 28675K(29360K)->28675K(29360K) Class: 3779K(4224K)->3779K(4224K)
[614.354s][info][gc             ] GC(1612) Pause Young (Allocation Failure) 1172M->700M(1957M) 72.230ms
[614.354s][info][gc,cpu         ] GC(1612) User=0.47s Sys=0.00s Real=0.09s
[614.892s][info][gc,start       ] GC(1613) Pause Young (Allocation Failure)
[614.949s][info][gc,heap        ] GC(1613) PSYoungGen: 579488K->63648K(610304K)
[614.949s][info][gc,heap        ] GC(1613) PSOldGen: 650087K->684583K(1398272K)
[614.949s][info][gc,metaspace   ] GC(1613) Metaspace: 32455K(33584K)->32455K(33584K) NonClass: 28675K(29360K)->28675K(29360K) Class: 3779K(4224K)->3779K(4224K)
[614.949s][info][gc             ] GC(1613) Pause Young (Allocation Failure) 1200M->730M(1961M) 57.787ms
[614.949s][info][gc,cpu         ] GC(1613) User=0.38s Sys=0.00s Real=0.07s
[615.093s][info][gc,start       ] GC(1614) Pause Young (Allocation Failure)
[615.159s][info][gc,heap        ] GC(1614) PSYoungGen: 582816K->78496K(598016K)
[615.159s][info][gc,heap        ] GC(1614) PSOldGen: 684583K->731492K(1398272K)
[615.159s][info][gc,metaspace   ] GC(1614) Metaspace: 32455K(33584K)->32455K(33584K) NonClass: 28675K(29360K)->28675K(29360K) Class: 3779K(4224K)->3779K(4224K)
[615.159s][info][gc             ] GC(1614) Pause Young (Allocation Failure) 1237M->791M(1949M) 65.849ms
[615.159s][info][gc,cpu         ] GC(1614) User=0.34s Sys=0.00s Real=0.07s
[615.867s][info][gc,start       ] GC(1615) Pause Young (Allocation Failure)
[615.919s][info][gc,heap        ] GC(1615) PSYoungGen: 597664K->38912K(603136K)
[615.919s][info][gc,heap        ] GC(1615) PSOldGen: 731492K->765268K(1398272K)
[615.919s][info][gc,metaspace   ] GC(1615) Metaspace: 32455K(33584K)->32455K(33584K) NonClass: 28675K(29360K)->28675K(29360K) Class: 3779K(4224K)->3779K(4224K)
[615.919s][info][gc             ] GC(1615) Pause Young (Allocation Failure) 1298M->785M(1954M) 51.492ms
[615.919s][info][gc,cpu         ] GC(1615) User=0.30s Sys=0.00s Real=0.06s
[616.068s][info][gc,start       ] GC(1616) Pause Young (Allocation Failure)
[616.133s][info][gc,heap        ] GC(1616) PSYoungGen: 550400K->69568K(605184K)
[616.133s][info][gc,heap        ] GC(1616) PSOldGen: 765268K->801956K(1398272K)
[616.133s][info][gc,metaspace   ] GC(1616) Metaspace: 32455K(33584K)->32455K(33584K) NonClass: 28675K(29360K)->28675K(29360K) Class: 3779K(4224K)->3779K(4224K)
[616.133s][info][gc             ] GC(1616) Pause Young (Allocation Failure) 1284M->851M(1956M) 64.930ms
[616.133s][info][gc,cpu         ] GC(1616) User=0.45s Sys=0.00s Real=0.07s
[616.266s][info][gc,start       ] GC(1617) Pause Young (Allocation Failure)
[616.345s][info][gc,heap        ] GC(1617) PSYoungGen: 581056K->69024K(606720K)
[616.345s][info][gc,heap        ] GC(1617) PSOldGen: 801956K->860076K(1398272K)
[616.345s][info][gc,metaspace   ] GC(1617) Metaspace: 32455K(33584K)->32455K(33584K) NonClass: 28675K(29360K)->28675K(29360K) Class: 3779K(4224K)->3779K(4224K)
[616.345s][info][gc             ] GC(1617) Pause Young (Allocation Failure) 1350M->907M(1958M) 79.485ms
[616.345s][info][gc,cpu         ] GC(1617) User=0.45s Sys=0.00s Real=0.08s
[617.052s][info][gc,start       ] GC(1618) Pause Young (Allocation Failure)
[617.112s][info][gc,heap        ] GC(1618) PSYoungGen: 583072K->46432K(606208K)
[617.112s][info][gc,heap        ] GC(1618) PSOldGen: 860076K->890612K(1398272K)
[617.112s][info][gc,metaspace   ] GC(1618) Metaspace: 32455K(33584K)->32455K(33584K) NonClass: 28675K(29360K)->28675K(29360K) Class: 3779K(4224K)->3779K(4224K)
[617.112s][info][gc             ] GC(1618) Pause Young (Allocation Failure) 1409M->915M(1957M) 60.277ms
[617.112s][info][gc,cpu         ] GC(1618) User=0.36s Sys=0.02s Real=0.06s
[617.261s][info][gc,start       ] GC(1619) Pause Young (Allocation Failure)
[617.328s][info][gc,heap        ] GC(1619) PSYoungGen: 560480K->73664K(604672K)
[617.328s][info][gc,heap        ] GC(1619) PSOldGen: 890612K->929520K(1398272K)
[617.328s][info][gc,metaspace   ] GC(1619) Metaspace: 32455K(33584K)->32455K(33584K) NonClass: 28675K(29360K)->28675K(29360K) Class: 3779K(4224K)->3779K(4224K)
[617.328s][info][gc             ] GC(1619) Pause Young (Allocation Failure) 1417M->979M(1956M) 67.286ms
[617.328s][info][gc,cpu         ] GC(1619) User=0.38s Sys=0.00s Real=0.07s
[617.466s][info][gc,start       ] GC(1620) Pause Young (Allocation Failure)
[617.537s][info][gc,heap        ] GC(1620) PSYoungGen: 586176K->69696K(605696K)
[617.537s][info][gc,heap        ] GC(1620) PSOldGen: 929520K->987976K(1398272K)
[617.537s][info][gc,metaspace   ] GC(1620) Metaspace: 32455K(33584K)->32455K(33584K) NonClass: 28675K(29360K)->28675K(29360K) Class: 3779K(4224K)->3779K(4224K)
[617.537s][info][gc             ] GC(1620) Pause Young (Allocation Failure) 1480M->1032M(1957M) 71.120ms
[617.537s][info][gc,cpu         ] GC(1620) User=0.33s Sys=0.00s Real=0.07s
[618.192s][info][gc,start       ] GC(1621) Pause Young (Allocation Failure)
[618.260s][info][gc,heap        ] GC(1621) PSYoungGen: 582208K->56768K(607744K)
[618.260s][info][gc,heap        ] GC(1621) PSOldGen: 987976K->1018560K(1398272K)
[618.260s][info][gc,metaspace   ] GC(1621) Metaspace: 32455K(33584K)->32455K(33584K) NonClass: 28675K(29360K)->28675K(29360K) Class: 3779K(4224K)->3779K(4224K)
[618.260s][info][gc             ] GC(1621) Pause Young (Allocation Failure) 1533M->1050M(1959M) 67.111ms
[618.260s][info][gc,cpu         ] GC(1621) User=0.44s Sys=0.00s Real=0.07s
[618.400s][info][gc,start       ] GC(1622) Pause Young (Allocation Failure)
[618.474s][info][gc,heap        ] GC(1622) PSYoungGen: 571840K->75776K(590848K)
[618.474s][info][gc,heap        ] GC(1622) PSOldGen: 1018560K->1061705K(1398272K)
[618.474s][info][gc,metaspace   ] GC(1622) Metaspace: 32455K(33584K)->32455K(33584K) NonClass: 28675K(29360K)->28675K(29360K) Class: 3779K(4224K)->3779K(4224K)
[618.474s][info][gc             ] GC(1622) Pause Young (Allocation Failure) 1553M->1110M(1942M) 74.087ms
[618.474s][info][gc,cpu         ] GC(1622) User=0.38s Sys=0.00s Real=0.07s
[618.647s][info][gc,start       ] GC(1623) Pause Young (Allocation Failure)
[618.722s][info][gc,heap        ] GC(1623) PSYoungGen: 590848K->73440K(605696K)
[618.722s][info][gc,heap        ] GC(1623) PSOldGen: 1061705K->1106057K(1398272K)
[618.722s][info][gc,metaspace   ] GC(1623) Metaspace: 32455K(33584K)->32455K(33584K) NonClass: 28675K(29360K)->28675K(29360K) Class: 3779K(4224K)->3779K(4224K)
[618.722s][info][gc             ] GC(1623) Pause Young (Allocation Failure) 1613M->1151M(1957M) 74.747ms
[618.722s][info][gc,cpu         ] GC(1623) User=0.47s Sys=0.00s Real=0.07s
[619.278s][info][gc,start       ] GC(1624) Pause Young (Allocation Failure)
[619.338s][info][gc,heap        ] GC(1624) PSYoungGen: 585952K->63840K(605696K)
[619.338s][info][gc,heap        ] GC(1624) PSOldGen: 1106057K->1139625K(1398272K)
[619.338s][info][gc,metaspace   ] GC(1624) Metaspace: 32455K(33584K)->32455K(33584K) NonClass: 28675K(29360K)->28675K(29360K) Class: 3779K(4224K)->3779K(4224K)
[619.338s][info][gc             ] GC(1624) Pause Young (Allocation Failure) 1652M->1175M(1957M) 60.471ms
[619.338s][info][gc,cpu         ] GC(1624) User=0.36s Sys=0.00s Real=0.07s
[619.474s][info][gc,start       ] GC(1625) Pause Young (Allocation Failure)
[619.545s][info][gc,heap        ] GC(1625) PSYoungGen: 576352K->73312K(607744K)
[619.545s][info][gc,heap        ] GC(1625) PSOldGen: 1139625K->1190153K(1398272K)
[619.545s][info][gc,metaspace   ] GC(1625) Metaspace: 32455K(33584K)->32455K(33584K) NonClass: 28675K(29360K)->28675K(29360K) Class: 3779K(4224K)->3779K(4224K)
[619.545s][info][gc             ] GC(1625) Pause Young (Allocation Failure) 1675M->1233M(1959M) 71.110ms
[619.545s][info][gc,cpu         ] GC(1625) User=0.38s Sys=0.00s Real=0.07s
[619.896s][info][gc,start       ] GC(1626) Pause Young (Allocation Failure)
[619.963s][info][gc,heap        ] GC(1626) PSYoungGen: 589920K->54944K(607744K)
[619.963s][info][gc,heap        ] GC(1626) PSOldGen: 1190153K->1233577K(1398272K)
[619.963s][info][gc,metaspace   ] GC(1626) Metaspace: 32455K(33584K)->32455K(33584K) NonClass: 28675K(29360K)->28675K(29360K) Class: 3779K(4224K)->3779K(4224K)
[619.963s][info][gc             ] GC(1626) Pause Young (Allocation Failure) 1738M->1258M(1959M) 66.417ms
[619.963s][info][gc,cpu         ] GC(1626) User=0.47s Sys=0.00s Real=0.07s
[620.354s][info][gc,start       ] GC(1627) Pause Young (System.gc())
[620.393s][info][gc,heap        ] GC(1627) PSYoungGen: 163167K->12160K(594944K)
[620.393s][info][gc,heap        ] GC(1627) PSOldGen: 1233577K->1264033K(1398272K)
[620.393s][info][gc,metaspace   ] GC(1627) Metaspace: 32455K(33584K)->32455K(33584K) NonClass: 28675K(29360K)->28675K(29360K) Class: 3779K(4224K)->3779K(4224K)
[620.393s][info][gc             ] GC(1627) Pause Young (System.gc()) 1364M->1246M(1946M) 39.807ms
[620.393s][info][gc,cpu         ] GC(1627) User=0.19s Sys=0.00s Real=0.05s
[620.393s][info][gc,start       ] GC(1628) Pause Full (System.gc())
[620.394s][info][gc,phases,start] GC(1628) Phase 1: Mark live objects
[620.509s][info][gc,phases      ] GC(1628) Phase 1: Mark live objects 115.464ms
[620.509s][info][gc,phases,start] GC(1628) Phase 2: Compute new object addresses
[620.688s][info][gc,phases      ] GC(1628) Phase 2: Compute new object addresses 179.282ms
[620.688s][info][gc,phases,start] GC(1628) Phase 3: Adjust pointers
[620.773s][info][gc,phases      ] GC(1628) Phase 3: Adjust pointers 84.406ms
[620.773s][info][gc,phases,start] GC(1628) Phase 4: Move objects
[620.797s][info][gc,phases      ] GC(1628) Phase 4: Move objects 23.933ms
[620.797s][info][gc,heap        ] GC(1628) PSYoungGen: 12160K->0K(594944K)
[620.797s][info][gc,heap        ] GC(1628) PSOldGen: 1264033K->104489K(1398272K)
[620.797s][info][gc,metaspace   ] GC(1628) Metaspace: 32455K(33584K)->32455K(33584K) NonClass: 28675K(29360K)->28675K(29360K) Class: 3779K(4224K)->3779K(4224K)
[620.797s][info][gc             ] GC(1628) Pause Full (System.gc()) 1246M->102M(1946M) 403.869ms
[620.797s][info][gc,cpu         ] GC(1628) User=0.41s Sys=0.00s Real=0.40s
[620.952s][info][gc,start       ] GC(1629) Pause Young (Allocation Failure)
[620.993s][info][gc,heap        ] GC(1629) PSYoungGen: 504320K->70048K(601600K)
[620.993s][info][gc,heap        ] GC(1629) PSOldGen: 104489K->104489K(1398272K)
[620.993s][info][gc,metaspace   ] GC(1629) Metaspace: 32455K(33584K)->32455K(33584K) NonClass: 28675K(29360K)->28675K(29360K) Class: 3779K(4224K)->3779K(4224K)
[620.993s][info][gc             ] GC(1629) Pause Young (Allocation Failure) 594M->170M(1953M) 40.774ms
[620.993s][info][gc,cpu         ] GC(1629) User=0.28s Sys=0.00s Real=0.04s
[621.120s][info][gc,start       ] GC(1630) Pause Young (Allocation Failure)
[621.191s][info][gc,heap        ] GC(1630) PSYoungGen: 574368K->68832K(602112K)
[621.191s][info][gc,heap        ] GC(1630) PSOldGen: 104489K->160557K(1398272K)
[621.191s][info][gc,metaspace   ] GC(1630) Metaspace: 32455K(33584K)->32455K(33584K) NonClass: 28675K(29360K)->28675K(29360K) Class: 3779K(4224K)->3779K(4224K)
[621.191s][info][gc             ] GC(1630) Pause Young (Allocation Failure) 662M->224M(1953M) 71.600ms
[621.191s][info][gc,cpu         ] GC(1630) User=0.38s Sys=0.00s Real=0.07s
[621.859s][info][gc,start       ] GC(1631) Pause Young (Allocation Failure)
[621.907s][info][gc,heap        ] GC(1631) PSYoungGen: 573664K->40352K(601600K)
[621.907s][info][gc,heap        ] GC(1631) PSOldGen: 160557K->190733K(1398272K)
[621.907s][info][gc,metaspace   ] GC(1631) Metaspace: 32455K(33584K)->32455K(33584K) NonClass: 28675K(29360K)->28675K(29360K) Class: 3779K(4224K)->3779K(4224K)
[621.907s][info][gc             ] GC(1631) Pause Young (Allocation Failure) 717M->225M(1953M) 48.275ms
[621.907s][info][gc,cpu         ] GC(1631) User=0.28s Sys=0.00s Real=0.05s
[622.044s][info][gc,start       ] GC(1632) Pause Young (Allocation Failure)
[622.101s][info][gc,heap        ] GC(1632) PSYoungGen: 545184K->65504K(603648K)
[622.101s][info][gc,heap        ] GC(1632) PSOldGen: 190733K->228142K(1398272K)
[622.101s][info][gc,metaspace   ] GC(1632) Metaspace: 32455K(33584K)->32455K(33584K) NonClass: 28675K(29360K)->28675K(29360K) Class: 3779K(4224K)->3779K(4224K)
[622.101s][info][gc             ] GC(1632) Pause Young (Allocation Failure) 718M->286M(1955M) 57.500ms
[622.101s][info][gc,cpu         ] GC(1632) User=0.28s Sys=0.00s Real=0.06s
[622.232s][info][gc,start       ] GC(1633) Pause Young (Allocation Failure)
[622.307s][info][gc,heap        ] GC(1633) PSYoungGen: 572384K->69440K(602112K)
[622.308s][info][gc,heap        ] GC(1633) PSOldGen: 228142K->281526K(1398272K)
[622.308s][info][gc,metaspace   ] GC(1633) Metaspace: 32455K(33584K)->32455K(33584K) NonClass: 28675K(29360K)->28675K(29360K) Class: 3779K(4224K)->3779K(4224K)
[622.308s][info][gc             ] GC(1633) Pause Young (Allocation Failure) 781M->342M(1953M) 75.559ms
[622.308s][info][gc,cpu         ] GC(1633) User=0.39s Sys=0.00s Real=0.08s
[623.059s][info][gc,start       ] GC(1634) Pause Young (Allocation Failure)
[623.108s][info][gc,heap        ] GC(1634) PSYoungGen: 576320K->45536K(604160K)
[623.108s][info][gc,heap        ] GC(1634) PSOldGen: 281526K->311822K(1398272K)
[623.108s][info][gc,metaspace   ] GC(1634) Metaspace: 32455K(33584K)->32455K(33584K) NonClass: 28675K(29360K)->28675K(29360K) Class: 3779K(4224K)->3779K(4224K)
[623.108s][info][gc             ] GC(1634) Pause Young (Allocation Failure) 837M->348M(1955M) 49.247ms
[623.108s][info][gc,cpu         ] GC(1634) User=0.28s Sys=0.00s Real=0.05s
[623.252s][info][gc,start       ] GC(1635) Pause Young (Allocation Failure)
[623.318s][info][gc,heap        ] GC(1635) PSYoungGen: 554464K->71552K(603648K)
[623.318s][info][gc,heap        ] GC(1635) PSOldGen: 311822K->350546K(1398272K)
[623.318s][info][gc,metaspace   ] GC(1635) Metaspace: 32455K(33584K)->32455K(33584K) NonClass: 28675K(29360K)->28675K(29360K) Class: 3779K(4224K)->3779K(4224K)
[623.318s][info][gc             ] GC(1635) Pause Young (Allocation Failure) 845M->412M(1955M) 65.827ms
[623.318s][info][gc,cpu         ] GC(1635) User=0.34s Sys=0.00s Real=0.07s
[623.454s][info][gc,start       ] GC(1636) Pause Young (Allocation Failure)
[623.534s][info][gc,heap        ] GC(1636) PSYoungGen: 580480K->73440K(600576K)
[623.534s][info][gc,heap        ] GC(1636) PSOldGen: 350546K->408034K(1398272K)
[623.534s][info][gc,metaspace   ] GC(1636) Metaspace: 32455K(33584K)->32455K(33584K) NonClass: 28675K(29360K)->28675K(29360K) Class: 3779K(4224K)->3779K(4224K)
[623.534s][info][gc             ] GC(1636) Pause Young (Allocation Failure) 909M->470M(1952M) 79.697ms
[623.534s][info][gc,cpu         ] GC(1636) User=0.47s Sys=0.00s Real=0.08s
[624.214s][info][gc,start       ] GC(1637) Pause Young (Allocation Failure)
[624.271s][info][gc,heap        ] GC(1637) PSYoungGen: 578784K->54656K(602112K)
[624.271s][info][gc,heap        ] GC(1637) PSOldGen: 408034K->439114K(1398272K)
[624.271s][info][gc,metaspace   ] GC(1637) Metaspace: 32455K(33584K)->32455K(33584K) NonClass: 28675K(29360K)->28675K(29360K) Class: 3779K(4224K)->3779K(4224K)
[624.271s][info][gc             ] GC(1637) Pause Young (Allocation Failure) 963M->482M(1953M) 57.506ms
[624.271s][info][gc,cpu         ] GC(1637) User=0.27s Sys=0.00s Real=0.06s
[624.418s][info][gc,start       ] GC(1638) Pause Young (Allocation Failure)
[624.485s][info][gc,heap        ] GC(1638) PSYoungGen: 560000K->75360K(601088K)
[624.485s][info][gc,heap        ] GC(1638) PSOldGen: 439114K->480943K(1398272K)
[624.485s][info][gc,metaspace   ] GC(1638) Metaspace: 32455K(33584K)->32455K(33584K) NonClass: 28675K(29360K)->28675K(29360K) Class: 3779K(4224K)->3779K(4224K)
[624.485s][info][gc             ] GC(1638) Pause Young (Allocation Failure) 975M->543M(1952M) 66.349ms
[624.485s][info][gc,cpu         ] GC(1638) User=0.36s Sys=0.00s Real=0.07s
[624.639s][info][gc,start       ] GC(1639) Pause Young (Allocation Failure)
[624.710s][info][gc,heap        ] GC(1639) PSYoungGen: 581728K->69952K(602624K)
[624.710s][info][gc,heap        ] GC(1639) PSOldGen: 480943K->532471K(1398272K)
[624.710s][info][gc,metaspace   ] GC(1639) Metaspace: 32455K(33584K)->32455K(33584K) NonClass: 28675K(29360K)->28675K(29360K) Class: 3779K(4224K)->3779K(4224K)
[624.710s][info][gc             ] GC(1639) Pause Young (Allocation Failure) 1037M->588M(1954M) 71.209ms
[624.710s][info][gc,cpu         ] GC(1639) User=0.38s Sys=0.00s Real=0.07s
[625.306s][info][gc,start       ] GC(1640) Pause Young (Allocation Failure)
[625.368s][info][gc,heap        ] GC(1640) PSYoungGen: 576320K->59552K(605696K)
[625.368s][info][gc,heap        ] GC(1640) PSOldGen: 532471K->564415K(1398272K)
[625.368s][info][gc,metaspace   ] GC(1640) Metaspace: 32455K(33584K)->32455K(33584K) NonClass: 28675K(29360K)->28675K(29360K) Class: 3779K(4224K)->3779K(4224K)
[625.368s][info][gc             ] GC(1640) Pause Young (Allocation Failure) 1082M->609M(1957M) 61.853ms
[625.368s][info][gc,cpu         ] GC(1640) User=0.34s Sys=0.00s Real=0.06s
[625.509s][info][gc,start       ] GC(1641) Pause Young (Allocation Failure)
[625.573s][info][gc,heap        ] GC(1641) PSYoungGen: 569504K->72160K(603136K)
[625.573s][info][gc,heap        ] GC(1641) PSOldGen: 564415K->611155K(1398272K)
[625.573s][info][gc,metaspace   ] GC(1641) Metaspace: 32455K(33584K)->32455K(33584K) NonClass: 28675K(29360K)->28675K(29360K) Class: 3779K(4224K)->3779K(4224K)
[625.573s][info][gc             ] GC(1641) Pause Young (Allocation Failure) 1107M->667M(1954M) 63.556ms
[625.573s][info][gc,cpu         ] GC(1641) User=0.38s Sys=0.00s Real=0.06s
[625.815s][info][gc,start       ] GC(1642) Pause Young (Allocation Failure)
[625.880s][info][gc,heap        ] GC(1642) PSYoungGen: 582112K->63328K(608256K)
[625.880s][info][gc,heap        ] GC(1642) PSOldGen: 611155K->649339K(1398272K)
[625.880s][info][gc,metaspace   ] GC(1642) Metaspace: 32455K(33584K)->32455K(33584K) NonClass: 28675K(29360K)->28675K(29360K) Class: 3779K(4224K)->3779K(4224K)
[625.880s][info][gc             ] GC(1642) Pause Young (Allocation Failure) 1165M->695M(1959M) 65.087ms
[625.880s][info][gc,cpu         ] GC(1642) User=0.38s Sys=0.00s Real=0.08s
[626.383s][info][gc,start       ] GC(1643) Pause Young (Allocation Failure)
[626.444s][info][gc,heap        ] GC(1643) PSYoungGen: 577888K->63104K(605184K)
[626.444s][info][gc,heap        ] GC(1643) PSOldGen: 649339K->682571K(1398272K)
[626.444s][info][gc,metaspace   ] GC(1643) Metaspace: 32455K(33584K)->32455K(33584K) NonClass: 28675K(29360K)->28675K(29360K) Class: 3779K(4224K)->3779K(4224K)
[626.444s][info][gc             ] GC(1643) Pause Young (Allocation Failure) 1198M->728M(1956M) 61.800ms
[626.444s][info][gc,cpu         ] GC(1643) User=0.33s Sys=0.00s Real=0.07s
[626.585s][info][gc,start       ] GC(1644) Pause Young (Allocation Failure)
[626.652s][info][gc,heap        ] GC(1644) PSYoungGen: 577664K->76896K(605696K)
[626.652s][info][gc,heap        ] GC(1644) PSOldGen: 682571K->730196K(1398272K)
[626.652s][info][gc,metaspace   ] GC(1644) Metaspace: 32455K(33584K)->32455K(33584K) NonClass: 28675K(29360K)->28675K(29360K) Class: 3779K(4224K)->3779K(4224K)
[626.652s][info][gc             ] GC(1644) Pause Young (Allocation Failure) 1230M->788M(1957M) 66.743ms
[626.652s][info][gc,cpu         ] GC(1644) User=0.47s Sys=0.00s Real=0.07s
[627.191s][info][gc,start       ] GC(1645) Pause Young (Allocation Failure)
[627.248s][info][gc,heap        ] GC(1645) PSYoungGen: 594528K->48480K(566272K)
[627.248s][info][gc,heap        ] GC(1645) PSOldGen: 730196K->763212K(1398272K)
[627.248s][info][gc,metaspace   ] GC(1645) Metaspace: 32455K(33584K)->32455K(33584K) NonClass: 28675K(29360K)->28675K(29360K) Class: 3779K(4224K)->3779K(4224K)
[627.248s][info][gc             ] GC(1645) Pause Young (Allocation Failure) 1293M->792M(1918M) 56.398ms
[627.248s][info][gc,cpu         ] GC(1645) User=0.38s Sys=0.00s Real=0.06s
[627.612s][info][gc,start       ] GC(1646) Pause Young (Allocation Failure)
[627.675s][info][gc,heap        ] GC(1646) PSYoungGen: 566112K->78720K(602624K)
[627.675s][info][gc,heap        ] GC(1646) PSOldGen: 763212K->796396K(1398272K)
[627.675s][info][gc,metaspace   ] GC(1646) Metaspace: 32455K(33584K)->32455K(33584K) NonClass: 28675K(29360K)->28675K(29360K) Class: 3779K(4224K)->3779K(4224K)
[627.675s][info][gc             ] GC(1646) Pause Young (Allocation Failure) 1298M->854M(1954M) 63.354ms
[627.675s][info][gc,cpu         ] GC(1646) User=0.36s Sys=0.00s Real=0.08s
[627.822s][info][gc,start       ] GC(1647) Pause Young (Allocation Failure)
[627.895s][info][gc,heap        ] GC(1647) PSYoungGen: 590208K->76160K(587776K)
[627.895s][info][gc,heap        ] GC(1647) PSOldGen: 796396K->858920K(1398272K)
[627.895s][info][gc,metaspace   ] GC(1647) Metaspace: 32455K(33584K)->32455K(33584K) NonClass: 28675K(29360K)->28675K(29360K) Class: 3779K(4224K)->3779K(4224K)
[627.895s][info][gc             ] GC(1647) Pause Young (Allocation Failure) 1354M->913M(1939M) 73.400ms
[627.895s][info][gc,cpu         ] GC(1647) User=0.34s Sys=0.00s Real=0.07s
[628.607s][info][gc,start       ] GC(1648) Pause Young (Allocation Failure)
[628.664s][info][gc,heap        ] GC(1648) PSYoungGen: 587648K->50528K(604160K)
[628.664s][info][gc,heap        ] GC(1648) PSOldGen: 858920K->890848K(1398272K)
[628.664s][info][gc,metaspace   ] GC(1648) Metaspace: 32455K(33584K)->32455K(33584K) NonClass: 28675K(29360K)->28675K(29360K) Class: 3779K(4224K)->3779K(4224K)
[628.664s][info][gc             ] GC(1648) Pause Young (Allocation Failure) 1412M->919M(1955M) 57.557ms
[628.664s][info][gc,cpu         ] GC(1648) User=0.28s Sys=0.00s Real=0.06s
[628.820s][info][gc,start       ] GC(1649) Pause Young (Allocation Failure)
[628.884s][info][gc,heap        ] GC(1649) PSYoungGen: 559456K->76608K(585728K)
[628.884s][info][gc,heap        ] GC(1649) PSOldGen: 890848K->930648K(1398272K)
[628.884s][info][gc,metaspace   ] GC(1649) Metaspace: 32455K(33584K)->32455K(33584K) NonClass: 28675K(29360K)->28675K(29360K) Class: 3779K(4224K)->3779K(4224K)
[628.884s][info][gc             ] GC(1649) Pause Young (Allocation Failure) 1416M->983M(1937M) 63.704ms
[628.884s][info][gc,cpu         ] GC(1649) User=0.38s Sys=0.00s Real=0.06s
[629.014s][info][gc,start       ] GC(1650) Pause Young (Allocation Failure)
[629.099s][info][gc,heap        ] GC(1650) PSYoungGen: 585536K->67808K(604672K)
[629.099s][info][gc,heap        ] GC(1650) PSOldGen: 930648K->995192K(1398272K)
[629.099s][info][gc,metaspace   ] GC(1650) Metaspace: 32455K(33584K)->32455K(33584K) NonClass: 28675K(29360K)->28675K(29360K) Class: 3779K(4224K)->3779K(4224K)
[629.099s][info][gc             ] GC(1650) Pause Young (Allocation Failure) 1480M->1038M(1956M) 85.036ms
[629.099s][info][gc,cpu         ] GC(1650) User=0.47s Sys=0.00s Real=0.09s
[629.726s][info][gc,start       ] GC(1651) Pause Young (Allocation Failure)
[629.785s][info][gc,heap        ] GC(1651) PSYoungGen: 576224K->62560K(602624K)
[629.785s][info][gc,heap        ] GC(1651) PSOldGen: 995192K->1024744K(1398272K)
[629.785s][info][gc,metaspace   ] GC(1651) Metaspace: 32455K(33584K)->32455K(33584K) NonClass: 28675K(29360K)->28675K(29360K) Class: 3779K(4224K)->3779K(4224K)
[629.785s][info][gc             ] GC(1651) Pause Young (Allocation Failure) 1534M->1061M(1954M) 58.608ms
[629.785s][info][gc,cpu         ] GC(1651) User=0.38s Sys=0.00s Real=0.07s
[629.931s][info][gc,start       ] GC(1652) Pause Young (Allocation Failure)
[629.999s][info][gc,heap        ] GC(1652) PSYoungGen: 570976K->77472K(603136K)
[629.999s][info][gc,heap        ] GC(1652) PSOldGen: 1024744K->1071161K(1398272K)
[629.999s][info][gc,metaspace   ] GC(1652) Metaspace: 32455K(33584K)->32455K(33584K) NonClass: 28675K(29360K)->28675K(29360K) Class: 3779K(4224K)->3779K(4224K)
[629.999s][info][gc             ] GC(1652) Pause Young (Allocation Failure) 1558M->1121M(1954M) 68.594ms
[629.999s][info][gc,cpu         ] GC(1652) User=0.33s Sys=0.00s Real=0.07s
[630.304s][info][gc,start       ] GC(1653) Pause Young (Allocation Failure)
[630.372s][info][gc,heap        ] GC(1653) PSYoungGen: 588960K->61088K(605184K)
[630.372s][info][gc,heap        ] GC(1653) PSOldGen: 1071161K->1111977K(1398272K)
[630.372s][info][gc,metaspace   ] GC(1653) Metaspace: 32455K(33584K)->32455K(33584K) NonClass: 28675K(29360K)->28675K(29360K) Class: 3779K(4224K)->3779K(4224K)
[630.372s][info][gc             ] GC(1653) Pause Young (Allocation Failure) 1621M->1145M(1956M) 68.205ms
[630.372s][info][gc,cpu         ] GC(1653) User=0.47s Sys=0.00s Real=0.07s
[630.895s][info][gc,start       ] GC(1654) Pause Young (Allocation Failure)
[630.956s][info][gc,heap        ] GC(1654) PSYoungGen: 572576K->64384K(609280K)
[630.956s][info][gc,heap        ] GC(1654) PSOldGen: 1111977K->1143777K(1398272K)
[630.956s][info][gc,metaspace   ] GC(1654) Metaspace: 32455K(33584K)->32455K(33584K) NonClass: 28675K(29360K)->28675K(29360K) Class: 3779K(4224K)->3779K(4224K)
[630.956s][info][gc             ] GC(1654) Pause Young (Allocation Failure) 1645M->1179M(1960M) 60.956ms
[630.956s][info][gc,cpu         ] GC(1654) User=0.36s Sys=0.00s Real=0.06s
[631.092s][info][gc,start       ] GC(1655) Pause Young (Allocation Failure)
[631.160s][info][gc,heap        ] GC(1655) PSYoungGen: 581504K->73536K(606720K)
[631.160s][info][gc,heap        ] GC(1655) PSOldGen: 1143777K->1194093K(1398272K)
[631.160s][info][gc,metaspace   ] GC(1655) Metaspace: 32455K(33584K)->32455K(33584K) NonClass: 28675K(29360K)->28675K(29360K) Class: 3779K(4224K)->3779K(4224K)
[631.160s][info][gc             ] GC(1655) Pause Young (Allocation Failure) 1684M->1237M(1958M) 67.988ms
[631.160s][info][gc,cpu         ] GC(1655) User=0.38s Sys=0.00s Real=0.07s
[631.585s][info][gc,start       ] GC(1656) Pause Young (Allocation Failure)
[631.645s][info][gc,heap        ] GC(1656) PSYoungGen: 590656K->52672K(608768K)
[631.645s][info][gc,heap        ] GC(1656) PSOldGen: 1194093K->1229445K(1398272K)
[631.645s][info][gc,metaspace   ] GC(1656) Metaspace: 32455K(33584K)->32455K(33584K) NonClass: 28675K(29360K)->28675K(29360K) Class: 3779K(4224K)->3779K(4224K)
[631.645s][info][gc             ] GC(1656) Pause Young (Allocation Failure) 1742M->1252M(1960M) 60.085ms
[631.645s][info][gc,cpu         ] GC(1656) User=0.38s Sys=0.00s Real=0.07s
[631.934s][info][gc,start       ] GC(1657) Pause Young (System.gc())
[631.964s][info][gc,heap        ] GC(1657) PSYoungGen: 102332K->8064K(526848K)
[631.964s][info][gc,heap        ] GC(1657) PSOldGen: 1229445K->1262101K(1398272K)
[631.964s][info][gc,metaspace   ] GC(1657) Metaspace: 32455K(33584K)->32455K(33584K) NonClass: 28675K(29360K)->28675K(29360K) Class: 3779K(4224K)->3779K(4224K)
[631.964s][info][gc             ] GC(1657) Pause Young (System.gc()) 1300M->1240M(1880M) 29.796ms
[631.964s][info][gc,cpu         ] GC(1657) User=0.19s Sys=0.00s Real=0.04s
[631.964s][info][gc,start       ] GC(1658) Pause Full (System.gc())
[631.964s][info][gc,phases,start] GC(1658) Phase 1: Mark live objects
[632.080s][info][gc,phases      ] GC(1658) Phase 1: Mark live objects 116.088ms
[632.080s][info][gc,phases,start] GC(1658) Phase 2: Compute new object addresses
[632.258s][info][gc,phases      ] GC(1658) Phase 2: Compute new object addresses 177.524ms
[632.258s][info][gc,phases,start] GC(1658) Phase 3: Adjust pointers
[632.343s][info][gc,phases      ] GC(1658) Phase 3: Adjust pointers 84.737ms
[632.343s][info][gc,phases,start] GC(1658) Phase 4: Move objects
[632.365s][info][gc,phases      ] GC(1658) Phase 4: Move objects 22.466ms
[632.366s][info][gc,heap        ] GC(1658) PSYoungGen: 8064K->0K(526848K)
[632.366s][info][gc,heap        ] GC(1658) PSOldGen: 1262101K->104573K(1398272K)
[632.366s][info][gc,metaspace   ] GC(1658) Metaspace: 32455K(33584K)->32455K(33584K) NonClass: 28675K(29360K)->28675K(29360K) Class: 3779K(4224K)->3779K(4224K)
[632.366s][info][gc             ] GC(1658) Pause Full (System.gc()) 1240M->102M(1880M) 401.712ms
[632.366s][info][gc,cpu         ] GC(1658) User=0.39s Sys=0.00s Real=0.40s
[632.601s][info][gc,start       ] GC(1659) Pause Young (Allocation Failure)
[632.645s][info][gc,heap        ] GC(1659) PSYoungGen: 518656K->80864K(592896K)
[632.645s][info][gc,heap        ] GC(1659) PSOldGen: 104573K->104581K(1398272K)
[632.645s][info][gc,metaspace   ] GC(1659) Metaspace: 32465K(33584K)->32465K(33584K) NonClass: 28686K(29360K)->28686K(29360K) Class: 3779K(4224K)->3779K(4224K)
[632.645s][info][gc             ] GC(1659) Pause Young (Allocation Failure) 608M->181M(1944M) 43.519ms
[632.645s][info][gc,cpu         ] GC(1659) User=0.27s Sys=0.00s Real=0.04s
[632.798s][info][gc,start       ] GC(1660) Pause Young (Allocation Failure)
[632.868s][info][gc,heap        ] GC(1660) PSYoungGen: 575968K->79456K(574976K)
[632.869s][info][gc,heap        ] GC(1660) PSOldGen: 104581K->164905K(1398272K)
[632.869s][info][gc,metaspace   ] GC(1660) Metaspace: 32465K(33584K)->32465K(33584K) NonClass: 28686K(29360K)->28686K(29360K) Class: 3779K(4224K)->3779K(4224K)
[632.869s][info][gc             ] GC(1660) Pause Young (Allocation Failure) 664M->238M(1927M) 70.368ms
[632.869s][info][gc,cpu         ] GC(1660) User=0.47s Sys=0.00s Real=0.07s
[633.466s][info][gc,start       ] GC(1661) Pause Young (Allocation Failure)
[633.524s][info][gc,heap        ] GC(1661) PSYoungGen: 574560K->57184K(597504K)
[633.524s][info][gc,heap        ] GC(1661) PSOldGen: 164905K->197225K(1398272K)
[633.524s][info][gc,metaspace   ] GC(1661) Metaspace: 32465K(33584K)->32465K(33584K) NonClass: 28686K(29360K)->28686K(29360K) Class: 3779K(4224K)->3779K(4224K)
[633.524s][info][gc             ] GC(1661) Pause Young (Allocation Failure) 722M->248M(1949M) 57.315ms
[633.524s][info][gc,cpu         ] GC(1661) User=0.27s Sys=0.00s Real=0.06s
[633.653s][info][gc,start       ] GC(1662) Pause Young (Allocation Failure)
[633.720s][info][gc,heap        ] GC(1662) PSYoungGen: 550240K->69920K(594432K)
[633.720s][info][gc,heap        ] GC(1662) PSOldGen: 197225K->243938K(1398272K)
[633.720s][info][gc,metaspace   ] GC(1662) Metaspace: 32465K(33584K)->32465K(33584K) NonClass: 28686K(29360K)->28686K(29360K) Class: 3779K(4224K)->3779K(4224K)
[633.720s][info][gc             ] GC(1662) Pause Young (Allocation Failure) 729M->306M(1946M) 67.326ms
[633.720s][info][gc,cpu         ] GC(1662) User=0.38s Sys=0.00s Real=0.07s
[633.861s][info][gc,start       ] GC(1663) Pause Young (Allocation Failure)
[633.926s][info][gc,heap        ] GC(1663) PSYoungGen: 562976K->69760K(600064K)
[633.926s][info][gc,heap        ] GC(1663) PSOldGen: 243938K->295394K(1398272K)
[633.926s][info][gc,metaspace   ] GC(1663) Metaspace: 32465K(33584K)->32465K(33584K) NonClass: 28686K(29360K)->28686K(29360K) Class: 3779K(4224K)->3779K(4224K)
[633.926s][info][gc             ] GC(1663) Pause Young (Allocation Failure) 788M->356M(1951M) 64.821ms
[633.926s][info][gc,cpu         ] GC(1663) User=0.38s Sys=0.00s Real=0.06s
[634.544s][info][gc,start       ] GC(1664) Pause Young (Allocation Failure)
[634.601s][info][gc,heap        ] GC(1664) PSYoungGen: 569984K->59904K(599040K)
[634.601s][info][gc,heap        ] GC(1664) PSOldGen: 295394K->325202K(1398272K)
[634.601s][info][gc,metaspace   ] GC(1664) Metaspace: 32465K(33584K)->32465K(33584K) NonClass: 28686K(29360K)->28686K(29360K) Class: 3779K(4224K)->3779K(4224K)
[634.601s][info][gc             ] GC(1664) Pause Young (Allocation Failure) 845M->376M(1950M) 57.000ms
[634.601s][info][gc,cpu         ] GC(1664) User=0.25s Sys=0.00s Real=0.06s
[634.739s][info][gc,start       ] GC(1665) Pause Young (Allocation Failure)
[634.805s][info][gc,heap        ] GC(1665) PSYoungGen: 560128K->73216K(602624K)
[634.805s][info][gc,heap        ] GC(1665) PSOldGen: 325202K->370846K(1398272K)
[634.805s][info][gc,metaspace   ] GC(1665) Metaspace: 32465K(33584K)->32465K(33584K) NonClass: 28686K(29360K)->28686K(29360K) Class: 3779K(4224K)->3779K(4224K)
[634.805s][info][gc             ] GC(1665) Pause Young (Allocation Failure) 864M->433M(1954M) 66.540ms
[634.805s][info][gc,cpu         ] GC(1665) User=0.45s Sys=0.00s Real=0.07s
[635.032s][info][gc,start       ] GC(1666) Pause Young (Allocation Failure)
[635.101s][info][gc,heap        ] GC(1666) PSYoungGen: 579584K->63872K(602624K)
[635.101s][info][gc,heap        ] GC(1666) PSOldGen: 370846K->417142K(1398272K)
[635.101s][info][gc,metaspace   ] GC(1666) Metaspace: 32465K(33584K)->32465K(33584K) NonClass: 28686K(29360K)->28686K(29360K) Class: 3779K(4224K)->3779K(4224K)
[635.101s][info][gc             ] GC(1666) Pause Young (Allocation Failure) 928M->469M(1954M) 69.091ms
[635.101s][info][gc,cpu         ] GC(1666) User=0.38s Sys=0.00s Real=0.07s
[635.712s][info][gc,start       ] GC(1667) Pause Young (Allocation Failure)
[635.769s][info][gc,heap        ] GC(1667) PSYoungGen: 570240K->60512K(607744K)
[635.769s][info][gc,heap        ] GC(1667) PSOldGen: 417142K->447838K(1398272K)
[635.769s][info][gc,metaspace   ] GC(1667) Metaspace: 32465K(33584K)->32465K(33584K) NonClass: 28686K(29360K)->28686K(29360K) Class: 3779K(4224K)->3779K(4224K)
[635.769s][info][gc             ] GC(1667) Pause Young (Allocation Failure) 964M->496M(1959M) 57.537ms
[635.769s][info][gc,cpu         ] GC(1667) User=0.28s Sys=0.00s Real=0.06s
[635.907s][info][gc,start       ] GC(1668) Pause Young (Allocation Failure)
[635.972s][info][gc,heap        ] GC(1668) PSYoungGen: 575072K->75296K(605696K)
[635.972s][info][gc,heap        ] GC(1668) PSOldGen: 447838K->494031K(1398272K)
[635.972s][info][gc,metaspace   ] GC(1668) Metaspace: 32465K(33584K)->32465K(33584K) NonClass: 28686K(29360K)->28686K(29360K) Class: 3779K(4224K)->3779K(4224K)
[635.972s][info][gc             ] GC(1668) Pause Young (Allocation Failure) 998M->555M(1957M) 64.725ms
[635.972s][info][gc,cpu         ] GC(1668) User=0.38s Sys=0.00s Real=0.07s
[636.302s][info][gc,start       ] GC(1669) Pause Young (Allocation Failure)
[636.364s][info][gc,heap        ] GC(1669) PSYoungGen: 589856K->59616K(608256K)
[636.364s][info][gc,heap        ] GC(1669) PSOldGen: 494031K->530319K(1398272K)
[636.364s][info][gc,metaspace   ] GC(1669) Metaspace: 32465K(33584K)->32465K(33584K) NonClass: 28686K(29360K)->28686K(29360K) Class: 3779K(4224K)->3779K(4224K)
[636.364s][info][gc             ] GC(1669) Pause Young (Allocation Failure) 1058M->576M(1959M) 62.253ms
[636.364s][info][gc,cpu         ] GC(1669) User=0.38s Sys=0.00s Real=0.08s
[636.888s][info][gc,start       ] GC(1670) Pause Young (Allocation Failure)
[636.950s][info][gc,heap        ] GC(1670) PSYoungGen: 575200K->76000K(606208K)
[636.950s][info][gc,heap        ] GC(1670) PSOldGen: 530319K->562975K(1398272K)
[636.950s][info][gc,metaspace   ] GC(1670) Metaspace: 32465K(33584K)->32465K(33584K) NonClass: 28686K(29360K)->28686K(29360K) Class: 3779K(4224K)->3779K(4224K)
[636.950s][info][gc             ] GC(1670) Pause Young (Allocation Failure) 1079M->623M(1957M) 61.847ms
[636.950s][info][gc,cpu         ] GC(1670) User=0.36s Sys=0.00s Real=0.07s
[637.083s][info][gc,start       ] GC(1671) Pause Young (Allocation Failure)
[637.153s][info][gc,heap        ] GC(1671) PSYoungGen: 591584K->70432K(607232K)
[637.154s][info][gc,heap        ] GC(1671) PSOldGen: 562975K->626327K(1398272K)
[637.154s][info][gc,metaspace   ] GC(1671) Metaspace: 32465K(33584K)->32465K(33584K) NonClass: 28686K(29360K)->28686K(29360K) Class: 3779K(4224K)->3779K(4224K)
[637.154s][info][gc             ] GC(1671) Pause Young (Allocation Failure) 1127M->680M(1958M) 70.253ms
[637.154s][info][gc,cpu         ] GC(1671) User=0.45s Sys=0.00s Real=0.07s
[637.986s][info][gc,start       ] GC(1672) Pause Young (Allocation Failure)
[638.042s][info][gc,heap        ] GC(1672) PSYoungGen: 584992K->48480K(606208K)
[638.043s][info][gc,heap        ] GC(1672) PSOldGen: 626327K->657063K(1398272K)
[638.043s][info][gc,metaspace   ] GC(1672) Metaspace: 32465K(33584K)->32465K(33584K) NonClass: 28686K(29360K)->28686K(29360K) Class: 3779K(4224K)->3779K(4224K)
[638.043s][info][gc             ] GC(1672) Pause Young (Allocation Failure) 1182M->689M(1957M) 56.724ms
[638.043s][info][gc,cpu         ] GC(1672) User=0.36s Sys=0.00s Real=0.06s
[638.209s][info][gc,start       ] GC(1673) Pause Young (Allocation Failure)
[638.278s][info][gc,heap        ] GC(1673) PSYoungGen: 563040K->76192K(603648K)
[638.278s][info][gc,heap        ] GC(1673) PSOldGen: 657063K->697511K(1398272K)
[638.278s][info][gc,metaspace   ] GC(1673) Metaspace: 32465K(33584K)->32465K(33584K) NonClass: 28686K(29360K)->28686K(29360K) Class: 3779K(4224K)->3779K(4224K)
[638.278s][info][gc             ] GC(1673) Pause Young (Allocation Failure) 1191M->755M(1955M) 69.231ms
[638.278s][info][gc,cpu         ] GC(1673) User=0.42s Sys=0.02s Real=0.07s
[638.422s][info][gc,start       ] GC(1674) Pause Young (Allocation Failure)
[638.517s][info][gc,heap        ] GC(1674) PSYoungGen: 587680K->77376K(589312K)
[638.517s][info][gc,heap        ] GC(1674) PSOldGen: 697511K->756319K(1398272K)
[638.517s][info][gc,metaspace   ] GC(1674) Metaspace: 32465K(33584K)->32465K(33584K) NonClass: 28686K(29360K)->28686K(29360K) Class: 3779K(4224K)->3779K(4224K)
[638.517s][info][gc             ] GC(1674) Pause Young (Allocation Failure) 1255M->814M(1941M) 94.956ms
[638.517s][info][gc,cpu         ] GC(1674) User=0.56s Sys=0.00s Real=0.10s
[639.002s][info][gc,start       ] GC(1675) Pause Young (Allocation Failure)
[639.058s][info][gc,heap        ] GC(1675) PSYoungGen: 588864K->60160K(605184K)
[639.058s][info][gc,heap        ] GC(1675) PSOldGen: 756319K->788263K(1398272K)
[639.058s][info][gc,metaspace   ] GC(1675) Metaspace: 32465K(33584K)->32465K(33584K) NonClass: 28686K(29360K)->28686K(29360K) Class: 3779K(4224K)->3779K(4224K)
[639.058s][info][gc             ] GC(1675) Pause Young (Allocation Failure) 1313M->828M(1956M) 56.548ms
[639.058s][info][gc,cpu         ] GC(1675) User=0.33s Sys=0.00s Real=0.06s
[639.210s][info][gc,start       ] GC(1676) Pause Young (Allocation Failure)
[639.279s][info][gc,heap        ] GC(1676) PSYoungGen: 570112K->73408K(603648K)
[639.279s][info][gc,heap        ] GC(1676) PSOldGen: 788263K->836912K(1398272K)
[639.280s][info][gc,metaspace   ] GC(1676) Metaspace: 32465K(33584K)->32465K(33584K) NonClass: 28686K(29360K)->28686K(29360K) Class: 3779K(4224K)->3779K(4224K)
[639.280s][info][gc             ] GC(1676) Pause Young (Allocation Failure) 1326M->888M(1955M) 69.397ms
[639.280s][info][gc,cpu         ] GC(1676) User=0.45s Sys=0.00s Real=0.07s
[639.505s][info][gc,start       ] GC(1677) Pause Young (Allocation Failure)
[639.569s][info][gc,heap        ] GC(1677) PSYoungGen: 583360K->64384K(607744K)
[639.569s][info][gc,heap        ] GC(1677) PSOldGen: 836912K->872840K(1398272K)
[639.569s][info][gc,metaspace   ] GC(1677) Metaspace: 32465K(33584K)->32465K(33584K) NonClass: 28686K(29360K)->28686K(29360K) Class: 3779K(4224K)->3779K(4224K)
[639.569s][info][gc             ] GC(1677) Pause Young (Allocation Failure) 1386M->915M(1959M) 64.215ms
[639.569s][info][gc,cpu         ] GC(1677) User=0.38s Sys=0.00s Real=0.07s
[640.047s][info][gc,start       ] GC(1678) Pause Young (Allocation Failure)
[640.108s][info][gc,heap        ] GC(1678) PSYoungGen: 578432K->69248K(605184K)
[640.108s][info][gc,heap        ] GC(1678) PSOldGen: 872840K->906816K(1398272K)
[640.108s][info][gc,metaspace   ] GC(1678) Metaspace: 32465K(33584K)->32465K(33584K) NonClass: 28686K(29360K)->28686K(29360K) Class: 3779K(4224K)->3779K(4224K)
[640.108s][info][gc             ] GC(1678) Pause Young (Allocation Failure) 1417M->953M(1956M) 60.331ms
[640.108s][info][gc,cpu         ] GC(1678) User=0.36s Sys=0.02s Real=0.06s
[640.241s][info][gc,start       ] GC(1679) Pause Young (Allocation Failure)
[640.312s][info][gc,heap        ] GC(1679) PSYoungGen: 583296K->70016K(610304K)
[640.312s][info][gc,heap        ] GC(1679) PSOldGen: 906816K->963828K(1398272K)
[640.312s][info][gc,metaspace   ] GC(1679) Metaspace: 32465K(33584K)->32465K(33584K) NonClass: 28686K(29360K)->28686K(29360K) Class: 3779K(4224K)->3779K(4224K)
[640.312s][info][gc             ] GC(1679) Pause Young (Allocation Failure) 1455M->1009M(1961M) 71.288ms
[640.313s][info][gc,cpu         ] GC(1679) User=0.41s Sys=0.00s Real=0.07s
[641.139s][info][gc,start       ] GC(1680) Pause Young (Allocation Failure)
[641.190s][info][gc,heap        ] GC(1680) PSYoungGen: 590720K->40032K(561152K)
[641.190s][info][gc,heap        ] GC(1680) PSOldGen: 963828K->995068K(1398272K)
[641.190s][info][gc,metaspace   ] GC(1680) Metaspace: 32465K(33584K)->32465K(33584K) NonClass: 28686K(29360K)->28686K(29360K) Class: 3779K(4224K)->3779K(4224K)
[641.190s][info][gc             ] GC(1680) Pause Young (Allocation Failure) 1518M->1010M(1913M) 51.377ms
[641.191s][info][gc,cpu         ] GC(1680) User=0.28s Sys=0.00s Real=0.05s
[641.342s][info][gc,start       ] GC(1681) Pause Young (Allocation Failure)
[641.406s][info][gc,heap        ] GC(1681) PSYoungGen: 560736K->70784K(608256K)
[641.406s][info][gc,heap        ] GC(1681) PSOldGen: 995068K->1032717K(1398272K)
[641.406s][info][gc,metaspace   ] GC(1681) Metaspace: 32465K(33584K)->32465K(33584K) NonClass: 28686K(29360K)->28686K(29360K) Class: 3779K(4224K)->3779K(4224K)
[641.406s][info][gc             ] GC(1681) Pause Young (Allocation Failure) 1519M->1077M(1959M) 64.231ms
[641.406s][info][gc,cpu         ] GC(1681) User=0.38s Sys=0.00s Real=0.06s
[641.549s][info][gc,start       ] GC(1682) Pause Young (Allocation Failure)
[641.618s][info][gc,heap        ] GC(1682) PSYoungGen: 587904K->74880K(592384K)
[641.618s][info][gc,heap        ] GC(1682) PSOldGen: 1032717K->1086861K(1398272K)
[641.618s][info][gc,metaspace   ] GC(1682) Metaspace: 32465K(33584K)->32465K(33584K) NonClass: 28686K(29360K)->28686K(29360K) Class: 3779K(4224K)->3779K(4224K)
[641.618s][info][gc             ] GC(1682) Pause Young (Allocation Failure) 1582M->1134M(1944M) 69.325ms
[641.618s][info][gc,cpu         ] GC(1682) User=0.44s Sys=0.02s Real=0.07s
[642.235s][info][gc,start       ] GC(1683) Pause Young (Allocation Failure)
[642.297s][info][gc,heap        ] GC(1683) PSYoungGen: 592000K->51424K(607232K)
[642.297s][info][gc,heap        ] GC(1683) PSOldGen: 1086861K->1118733K(1398272K)
[642.297s][info][gc,metaspace   ] GC(1683) Metaspace: 32465K(33584K)->32465K(33584K) NonClass: 28686K(29360K)->28686K(29360K) Class: 3779K(4224K)->3779K(4224K)
[642.297s][info][gc             ] GC(1683) Pause Young (Allocation Failure) 1639M->1142M(1958M) 62.326ms
[642.297s][info][gc,cpu         ] GC(1683) User=0.34s Sys=0.00s Real=0.06s
[642.444s][info][gc,start       ] GC(1684) Pause Young (Allocation Failure)
[642.514s][info][gc,heap        ] GC(1684) PSYoungGen: 566496K->73760K(589312K)
[642.514s][info][gc,heap        ] GC(1684) PSOldGen: 1118733K->1161409K(1398272K)
[642.514s][info][gc,metaspace   ] GC(1684) Metaspace: 32465K(33584K)->32465K(33584K) NonClass: 28686K(29360K)->28686K(29360K) Class: 3779K(4224K)->3779K(4224K)
[642.514s][info][gc             ] GC(1684) Pause Young (Allocation Failure) 1645M->1206M(1941M) 69.834ms
[642.514s][info][gc,cpu         ] GC(1684) User=0.47s Sys=0.00s Real=0.07s
[642.649s][info][gc,start       ] GC(1685) Pause Young (Allocation Failure)
[642.717s][info][gc,heap        ] GC(1685) PSYoungGen: 588832K->69344K(607744K)
[642.717s][info][gc,heap        ] GC(1685) PSOldGen: 1161409K->1220353K(1398272K)
[642.717s][info][gc,metaspace   ] GC(1685) Metaspace: 32465K(33584K)->32465K(33584K) NonClass: 28686K(29360K)->28686K(29360K) Class: 3779K(4224K)->3779K(4224K)
[642.717s][info][gc             ] GC(1685) Pause Young (Allocation Failure) 1709M->1259M(1959M) 68.284ms
[642.717s][info][gc,cpu         ] GC(1685) User=0.38s Sys=0.00s Real=0.07s
[643.206s][info][gc,start       ] GC(1686) Pause Young (System.gc())
[643.250s][info][gc,heap        ] GC(1686) PSYoungGen: 337782K->23328K(538624K)
[643.250s][info][gc,heap        ] GC(1686) PSOldGen: 1220353K->1251297K(1398272K)
[643.250s][info][gc,metaspace   ] GC(1686) Metaspace: 32465K(33584K)->32465K(33584K) NonClass: 28686K(29360K)->28686K(29360K) Class: 3779K(4224K)->3779K(4224K)
[643.250s][info][gc             ] GC(1686) Pause Young (System.gc()) 1521M->1244M(1891M) 44.797ms
[643.250s][info][gc,cpu         ] GC(1686) User=0.28s Sys=0.00s Real=0.06s
[643.251s][info][gc,start       ] GC(1687) Pause Full (System.gc())
[643.251s][info][gc,phases,start] GC(1687) Phase 1: Mark live objects
[643.364s][info][gc,phases      ] GC(1687) Phase 1: Mark live objects 112.994ms
[643.364s][info][gc,phases,start] GC(1687) Phase 2: Compute new object addresses
[643.543s][info][gc,phases      ] GC(1687) Phase 2: Compute new object addresses 178.874ms
[643.543s][info][gc,phases,start] GC(1687) Phase 3: Adjust pointers
[643.627s][info][gc,phases      ] GC(1687) Phase 3: Adjust pointers 84.661ms
[643.627s][info][gc,phases,start] GC(1687) Phase 4: Move objects
[643.651s][info][gc,phases      ] GC(1687) Phase 4: Move objects 23.939ms
[643.652s][info][gc,heap        ] GC(1687) PSYoungGen: 23328K->0K(538624K)
[643.652s][info][gc,heap        ] GC(1687) PSOldGen: 1251297K->104584K(1398272K)
[643.652s][info][gc,metaspace   ] GC(1687) Metaspace: 32465K(33584K)->32465K(33584K) NonClass: 28686K(29360K)->28686K(29360K) Class: 3779K(4224K)->3779K(4224K)
[643.652s][info][gc             ] GC(1687) Pause Full (System.gc()) 1244M->102M(1891M) 401.259ms
[643.652s][info][gc,cpu         ] GC(1687) User=0.38s Sys=0.02s Real=0.40s
[643.807s][info][gc,start       ] GC(1688) Pause Young (Allocation Failure)
[643.846s][info][gc,heap        ] GC(1688) PSYoungGen: 515072K->72096K(602112K)
[643.846s][info][gc,heap        ] GC(1688) PSOldGen: 104584K->104584K(1398272K)
[643.846s][info][gc,metaspace   ] GC(1688) Metaspace: 32465K(33584K)->32465K(33584K) NonClass: 28686K(29360K)->28686K(29360K) Class: 3779K(4224K)->3779K(4224K)
[643.846s][info][gc             ] GC(1688) Pause Young (Allocation Failure) 605M->172M(1953M) 39.025ms
[643.846s][info][gc,cpu         ] GC(1688) User=0.19s Sys=0.00s Real=0.04s
[643.984s][info][gc,start       ] GC(1689) Pause Young (Allocation Failure)
[644.048s][info][gc,heap        ] GC(1689) PSYoungGen: 578464K->74848K(581632K)
[644.048s][info][gc,heap        ] GC(1689) PSOldGen: 104584K->158709K(1398272K)
[644.048s][info][gc,metaspace   ] GC(1689) Metaspace: 32465K(33584K)->32465K(33584K) NonClass: 28686K(29360K)->28686K(29360K) Class: 3779K(4224K)->3779K(4224K)
[644.048s][info][gc             ] GC(1689) Pause Young (Allocation Failure) 667M->228M(1933M) 64.516ms
[644.048s][info][gc,cpu         ] GC(1689) User=0.38s Sys=0.00s Real=0.07s
[644.578s][info][gc,start       ] GC(1690) Pause Young (Allocation Failure)
[644.627s][info][gc,heap        ] GC(1690) PSYoungGen: 581216K->44832K(601600K)
[644.628s][info][gc,heap        ] GC(1690) PSOldGen: 158709K->190077K(1398272K)
[644.628s][info][gc,metaspace   ] GC(1690) Metaspace: 32465K(33584K)->32465K(33584K) NonClass: 28686K(29360K)->28686K(29360K) Class: 3779K(4224K)->3779K(4224K)
[644.628s][info][gc             ] GC(1690) Pause Young (Allocation Failure) 722M->229M(1953M) 49.276ms
[644.628s][info][gc,cpu         ] GC(1690) User=0.28s Sys=0.00s Real=0.06s
[644.766s][info][gc,start       ] GC(1691) Pause Young (Allocation Failure)
[644.827s][info][gc,heap        ] GC(1691) PSYoungGen: 548640K->69472K(601088K)
[644.827s][info][gc,heap        ] GC(1691) PSOldGen: 190077K->227709K(1398272K)
[644.827s][info][gc,metaspace   ] GC(1691) Metaspace: 32465K(33584K)->32465K(33584K) NonClass: 28686K(29360K)->28686K(29360K) Class: 3779K(4224K)->3779K(4224K)
[644.827s][info][gc             ] GC(1691) Pause Young (Allocation Failure) 721M->290M(1952M) 61.314ms
[644.827s][info][gc,cpu         ] GC(1691) User=0.36s Sys=0.00s Real=0.06s
[644.959s][info][gc,start       ] GC(1692) Pause Young (Allocation Failure)
[645.036s][info][gc,heap        ] GC(1692) PSYoungGen: 573280K->70656K(602624K)
[645.036s][info][gc,heap        ] GC(1692) PSOldGen: 227709K->283629K(1398272K)
[645.036s][info][gc,metaspace   ] GC(1692) Metaspace: 32465K(33584K)->32465K(33584K) NonClass: 28686K(29360K)->28686K(29360K) Class: 3779K(4224K)->3779K(4224K)
[645.036s][info][gc             ] GC(1692) Pause Young (Allocation Failure) 782M->345M(1954M) 77.220ms
[645.037s][info][gc,cpu         ] GC(1692) User=0.45s Sys=0.00s Real=0.08s
[645.707s][info][gc,start       ] GC(1693) Pause Young (Allocation Failure)
[645.770s][info][gc,heap        ] GC(1693) PSYoungGen: 576512K->49344K(602112K)
[645.770s][info][gc,heap        ] GC(1693) PSOldGen: 283629K->313829K(1398272K)
[645.770s][info][gc,metaspace   ] GC(1693) Metaspace: 32465K(33584K)->32465K(33584K) NonClass: 28686K(29360K)->28686K(29360K) Class: 3779K(4224K)->3779K(4224K)
[645.770s][info][gc             ] GC(1693) Pause Young (Allocation Failure) 839M->354M(1953M) 62.179ms
[645.770s][info][gc,cpu         ] GC(1693) User=0.36s Sys=0.02s Real=0.06s
[645.899s][info][gc,start       ] GC(1694) Pause Young (Allocation Failure)
[645.959s][info][gc,heap        ] GC(1694) PSYoungGen: 555200K->66112K(605184K)
[645.959s][info][gc,heap        ] GC(1694) PSOldGen: 313829K->355250K(1398272K)
[645.959s][info][gc,metaspace   ] GC(1694) Metaspace: 32465K(33584K)->32465K(33584K) NonClass: 28686K(29360K)->28686K(29360K) Class: 3779K(4224K)->3779K(4224K)
[645.959s][info][gc             ] GC(1694) Pause Young (Allocation Failure) 848M->411M(1956M) 59.610ms
[645.959s][info][gc,cpu         ] GC(1694) User=0.28s Sys=0.00s Real=0.06s
[646.098s][info][gc,start       ] GC(1695) Pause Young (Allocation Failure)
[646.162s][info][gc,heap        ] GC(1695) PSYoungGen: 576064K->72640K(603648K)
[646.162s][info][gc,heap        ] GC(1695) PSOldGen: 355250K->406082K(1398272K)
[646.162s][info][gc,metaspace   ] GC(1695) Metaspace: 32465K(33584K)->32465K(33584K) NonClass: 28686K(29360K)->28686K(29360K) Class: 3779K(4224K)->3779K(4224K)
[646.162s][info][gc             ] GC(1695) Pause Young (Allocation Failure) 909M->467M(1955M) 64.727ms
[646.162s][info][gc,cpu         ] GC(1695) User=0.34s Sys=0.00s Real=0.07s
[646.841s][info][gc,start       ] GC(1696) Pause Young (Allocation Failure)
[646.896s][info][gc,heap        ] GC(1696) PSYoungGen: 582592K->56224K(606208K)
[646.896s][info][gc,heap        ] GC(1696) PSOldGen: 406082K->437554K(1398272K)
[646.896s][info][gc,metaspace   ] GC(1696) Metaspace: 32465K(33584K)->32465K(33584K) NonClass: 28686K(29360K)->28686K(29360K) Class: 3779K(4224K)->3779K(4224K)
[646.896s][info][gc             ] GC(1696) Pause Young (Allocation Failure) 965M->482M(1957M) 55.308ms
[646.896s][info][gc,cpu         ] GC(1696) User=0.28s Sys=0.00s Real=0.06s
[647.057s][info][gc,start       ] GC(1697) Pause Young (Allocation Failure)
[647.121s][info][gc,heap        ] GC(1697) PSYoungGen: 568224K->78048K(590336K)
[647.122s][info][gc,heap        ] GC(1697) PSOldGen: 437554K->479610K(1398272K)
[647.122s][info][gc,metaspace   ] GC(1697) Metaspace: 32465K(33584K)->32465K(33584K) NonClass: 28686K(29360K)->28686K(29360K) Class: 3779K(4224K)->3779K(4224K)
[647.122s][info][gc             ] GC(1697) Pause Young (Allocation Failure) 982M->544M(1942M) 64.489ms
[647.122s][info][gc,cpu         ] GC(1697) User=0.38s Sys=0.00s Real=0.06s
[647.296s][info][gc,start       ] GC(1698) Pause Young (Allocation Failure)
[647.365s][info][gc,heap        ] GC(1698) PSYoungGen: 590048K->67552K(605696K)
[647.365s][info][gc,heap        ] GC(1698) PSOldGen: 479610K->522466K(1398272K)
[647.365s][info][gc,metaspace   ] GC(1698) Metaspace: 32465K(33584K)->32465K(33584K) NonClass: 28686K(29360K)->28686K(29360K) Class: 3779K(4224K)->3779K(4224K)
[647.365s][info][gc             ] GC(1698) Pause Young (Allocation Failure) 1044M->576M(1957M) 68.728ms
[647.365s][info][gc,cpu         ] GC(1698) User=0.38s Sys=0.00s Real=0.07s
[647.907s][info][gc,start       ] GC(1699) Pause Young (Allocation Failure)
[647.962s][info][gc,heap        ] GC(1699) PSYoungGen: 578016K->58144K(603648K)
[647.962s][info][gc,heap        ] GC(1699) PSOldGen: 522466K->555930K(1398272K)
[647.962s][info][gc,metaspace   ] GC(1699) Metaspace: 32465K(33584K)->32465K(33584K) NonClass: 28686K(29360K)->28686K(29360K) Class: 3779K(4224K)->3779K(4224K)
[647.962s][info][gc             ] GC(1699) Pause Young (Allocation Failure) 1074M->599M(1955M) 55.471ms
[647.962s][info][gc,cpu         ] GC(1699) User=0.38s Sys=0.00s Real=0.06s
[648.107s][info][gc,start       ] GC(1700) Pause Young (Allocation Failure)
[648.172s][info][gc,heap        ] GC(1700) PSYoungGen: 568608K->77696K(603136K)
[648.172s][info][gc,heap        ] GC(1700) PSOldGen: 555930K->599919K(1398272K)
[648.172s][info][gc,metaspace   ] GC(1700) Metaspace: 32465K(33584K)->32465K(33584K) NonClass: 28686K(29360K)->28686K(29360K) Class: 3779K(4224K)->3779K(4224K)
[648.172s][info][gc             ] GC(1700) Pause Young (Allocation Failure) 1098M->661M(1954M) 65.471ms
[648.172s][info][gc,cpu         ] GC(1700) User=0.38s Sys=0.00s Real=0.07s
[648.474s][info][gc,start       ] GC(1701) Pause Young (Allocation Failure)
[648.534s][info][gc,heap        ] GC(1701) PSYoungGen: 589184K->58656K(605184K)
[648.534s][info][gc,heap        ] GC(1701) PSOldGen: 599919K->635495K(1398272K)
[648.534s][info][gc,metaspace   ] GC(1701) Metaspace: 32465K(33584K)->32465K(33584K) NonClass: 28686K(29360K)->28686K(29360K) Class: 3779K(4224K)->3779K(4224K)
[648.534s][info][gc             ] GC(1701) Pause Young (Allocation Failure) 1161M->677M(1956M) 59.998ms
[648.534s][info][gc,cpu         ] GC(1701) User=0.38s Sys=0.00s Real=0.07s
[648.984s][info][gc,start       ] GC(1702) Pause Young (Allocation Failure)
[649.043s][info][gc,heap        ] GC(1702) PSYoungGen: 570144K->70464K(607232K)
[649.043s][info][gc,heap        ] GC(1702) PSOldGen: 635495K->667679K(1398272K)
[649.043s][info][gc,metaspace   ] GC(1702) Metaspace: 32465K(33584K)->32465K(33584K) NonClass: 28686K(29360K)->28686K(29360K) Class: 3779K(4224K)->3779K(4224K)
[649.043s][info][gc             ] GC(1702) Pause Young (Allocation Failure) 1177M->720M(1958M) 59.938ms
[649.044s][info][gc,cpu         ] GC(1702) User=0.38s Sys=0.00s Real=0.06s
[649.184s][info][gc,start       ] GC(1703) Pause Young (Allocation Failure)
[649.253s][info][gc,heap        ] GC(1703) PSYoungGen: 585536K->75680K(590848K)
[649.253s][info][gc,heap        ] GC(1703) PSOldGen: 667679K->723027K(1398272K)
[649.253s][info][gc,metaspace   ] GC(1703) Metaspace: 32465K(33584K)->32465K(33584K) NonClass: 28686K(29360K)->28686K(29360K) Class: 3779K(4224K)->3779K(4224K)
[649.253s][info][gc             ] GC(1703) Pause Young (Allocation Failure) 1223M->779M(1942M) 68.927ms
[649.253s][info][gc,cpu         ] GC(1703) User=0.38s Sys=0.00s Real=0.07s
[649.994s][info][gc,start       ] GC(1704) Pause Young (Allocation Failure)
[650.049s][info][gc,heap        ] GC(1704) PSYoungGen: 590752K->44320K(603136K)
[650.049s][info][gc,heap        ] GC(1704) PSOldGen: 723027K->755275K(1398272K)
[650.049s][info][gc,metaspace   ] GC(1704) Metaspace: 32465K(33584K)->32465K(33584K) NonClass: 28686K(29360K)->28686K(29360K) Class: 3779K(4224K)->3779K(4224K)
[650.049s][info][gc             ] GC(1704) Pause Young (Allocation Failure) 1282M->780M(1954M) 55.441ms
[650.049s][info][gc,cpu         ] GC(1704) User=0.28s Sys=0.00s Real=0.06s
[650.188s][info][gc,start       ] GC(1705) Pause Young (Allocation Failure)
[650.245s][info][gc,heap        ] GC(1705) PSYoungGen: 554784K->66368K(604672K)
[650.245s][info][gc,heap        ] GC(1705) PSOldGen: 755275K->795872K(1398272K)
[650.245s][info][gc,metaspace   ] GC(1705) Metaspace: 32465K(33584K)->32465K(33584K) NonClass: 28686K(29360K)->28686K(29360K) Class: 3779K(4224K)->3779K(4224K)
[650.245s][info][gc             ] GC(1705) Pause Young (Allocation Failure) 1279M->842M(1956M) 57.376ms
[650.245s][info][gc,cpu         ] GC(1705) User=0.38s Sys=0.00s Real=0.06s
[650.378s][info][gc,start       ] GC(1706) Pause Young (Allocation Failure)
[650.455s][info][gc,heap        ] GC(1706) PSYoungGen: 576832K->66624K(608768K)
[650.455s][info][gc,heap        ] GC(1706) PSOldGen: 795872K->852552K(1398272K)
[650.455s][info][gc,metaspace   ] GC(1706) Metaspace: 32465K(33584K)->32465K(33584K) NonClass: 28686K(29360K)->28686K(29360K) Class: 3779K(4224K)->3779K(4224K)
[650.455s][info][gc             ] GC(1706) Pause Young (Allocation Failure) 1340M->897M(1960M) 76.954ms
[650.455s][info][gc,cpu         ] GC(1706) User=0.39s Sys=0.00s Real=0.08s
[651.151s][info][gc,start       ] GC(1707) Pause Young (Allocation Failure)
[651.207s][info][gc,heap        ] GC(1707) PSYoungGen: 583744K->51808K(607232K)
[651.207s][info][gc,heap        ] GC(1707) PSOldGen: 852552K->882632K(1398272K)
[651.207s][info][gc,metaspace   ] GC(1707) Metaspace: 32465K(33584K)->32465K(33584K) NonClass: 28686K(29360K)->28686K(29360K) Class: 3779K(4224K)->3779K(4224K)
[651.207s][info][gc             ] GC(1707) Pause Young (Allocation Failure) 1402M->912M(1958M) 56.303ms
[651.207s][info][gc,cpu         ] GC(1707) User=0.27s Sys=0.00s Real=0.07s
[651.346s][info][gc,start       ] GC(1708) Pause Young (Allocation Failure)
[651.411s][info][gc,heap        ] GC(1708) PSYoungGen: 568928K->71584K(608256K)
[651.411s][info][gc,heap        ] GC(1708) PSOldGen: 882632K->924420K(1398272K)
[651.411s][info][gc,metaspace   ] GC(1708) Metaspace: 32465K(33584K)->32465K(33584K) NonClass: 28686K(29360K)->28686K(29360K) Class: 3779K(4224K)->3779K(4224K)
[651.411s][info][gc             ] GC(1708) Pause Young (Allocation Failure) 1417M->972M(1959M) 65.126ms
[651.411s][info][gc,cpu         ] GC(1708) User=0.34s Sys=0.00s Real=0.07s
[651.549s][info][gc,start       ] GC(1709) Pause Young (Allocation Failure)
[651.634s][info][gc,heap        ] GC(1709) PSYoungGen: 590240K->71808K(608768K)
[651.634s][info][gc,heap        ] GC(1709) PSOldGen: 924420K->982116K(1398272K)
[651.634s][info][gc,metaspace   ] GC(1709) Metaspace: 32465K(33584K)->32465K(33584K) NonClass: 28686K(29360K)->28686K(29360K) Class: 3779K(4224K)->3779K(4224K)
[651.634s][info][gc             ] GC(1709) Pause Young (Allocation Failure) 1479M->1029M(1960M) 85.693ms
[651.635s][info][gc,cpu         ] GC(1709) User=0.53s Sys=0.00s Real=0.09s
[652.287s][info][gc,start       ] GC(1710) Pause Young (Allocation Failure)
[652.354s][info][gc,heap        ] GC(1710) PSYoungGen: 590464K->57536K(609792K)
[652.354s][info][gc,heap        ] GC(1710) PSOldGen: 982116K->1013252K(1398272K)
[652.354s][info][gc,metaspace   ] GC(1710) Metaspace: 32465K(33584K)->32465K(33584K) NonClass: 28686K(29360K)->28686K(29360K) Class: 3779K(4224K)->3779K(4224K)
[652.354s][info][gc             ] GC(1710) Pause Young (Allocation Failure) 1535M->1045M(1961M) 67.567ms
[652.354s][info][gc,cpu         ] GC(1710) User=0.44s Sys=0.00s Real=0.07s
[652.496s][info][gc,start       ] GC(1711) Pause Young (Allocation Failure)
[652.564s][info][gc,heap        ] GC(1711) PSYoungGen: 577216K->72352K(608768K)
[652.564s][info][gc,heap        ] GC(1711) PSOldGen: 1013252K->1059005K(1398272K)
[652.564s][info][gc,metaspace   ] GC(1711) Metaspace: 32465K(33584K)->32465K(33584K) NonClass: 28686K(29360K)->28686K(29360K) Class: 3779K(4224K)->3779K(4224K)
[652.564s][info][gc             ] GC(1711) Pause Young (Allocation Failure) 1553M->1104M(1960M) 67.918ms
[652.564s][info][gc,cpu         ] GC(1711) User=0.38s Sys=0.00s Real=0.07s
[652.739s][info][gc,start       ] GC(1712) Pause Young (Allocation Failure)
[652.813s][info][gc,heap        ] GC(1712) PSYoungGen: 592032K->67296K(610816K)
[652.813s][info][gc,heap        ] GC(1712) PSOldGen: 1059005K->1104069K(1398272K)
[652.813s][info][gc,metaspace   ] GC(1712) Metaspace: 32465K(33584K)->32465K(33584K) NonClass: 28686K(29360K)->28686K(29360K) Class: 3779K(4224K)->3779K(4224K)
[652.813s][info][gc             ] GC(1712) Pause Young (Allocation Failure) 1612M->1143M(1962M) 73.447ms
[652.813s][info][gc,cpu         ] GC(1712) User=0.45s Sys=0.00s Real=0.07s
[653.442s][info][gc,start       ] GC(1713) Pause Young (Allocation Failure)
[653.499s][info][gc,heap        ] GC(1713) PSYoungGen: 588512K->59648K(609280K)
[653.499s][info][gc,heap        ] GC(1713) PSOldGen: 1104069K->1136613K(1398272K)
[653.499s][info][gc,metaspace   ] GC(1713) Metaspace: 32465K(33584K)->32465K(33584K) NonClass: 28686K(29360K)->28686K(29360K) Class: 3779K(4224K)->3779K(4224K)
[653.499s][info][gc             ] GC(1713) Pause Young (Allocation Failure) 1652M->1168M(1960M) 57.033ms
[653.499s][info][gc,cpu         ] GC(1713) User=0.38s Sys=0.00s Real=0.06s
[653.635s][info][gc,start       ] GC(1714) Pause Young (Allocation Failure)
[653.701s][info][gc,heap        ] GC(1714) PSYoungGen: 580864K->73440K(609280K)
[653.701s][info][gc,heap        ] GC(1714) PSOldGen: 1136613K->1184297K(1398272K)
[653.701s][info][gc,metaspace   ] GC(1714) Metaspace: 32465K(33584K)->32465K(33584K) NonClass: 28686K(29360K)->28686K(29360K) Class: 3779K(4224K)->3779K(4224K)
[653.701s][info][gc             ] GC(1714) Pause Young (Allocation Failure) 1677M->1228M(1960M) 65.612ms
[653.701s][info][gc,cpu         ] GC(1714) User=0.31s Sys=0.00s Real=0.07s
[654.057s][info][gc,start       ] GC(1715) Pause Young (Allocation Failure)
[654.124s][info][gc,heap        ] GC(1715) PSYoungGen: 596192K->57408K(610816K)
[654.124s][info][gc,heap        ] GC(1715) PSOldGen: 1184297K->1225337K(1398272K)
[654.124s][info][gc,metaspace   ] GC(1715) Metaspace: 32465K(33584K)->32465K(33584K) NonClass: 28686K(29360K)->28686K(29360K) Class: 3779K(4224K)->3779K(4224K)
[654.124s][info][gc             ] GC(1715) Pause Young (Allocation Failure) 1738M->1252M(1962M) 67.881ms
[654.124s][info][gc,cpu         ] GC(1715) User=0.38s Sys=0.00s Real=0.07s
[654.491s][info][gc,start       ] GC(1716) Pause Young (System.gc())
[654.526s][info][gc,heap        ] GC(1716) PSYoungGen: 151564K->11168K(598528K)
[654.526s][info][gc,heap        ] GC(1716) PSOldGen: 1225337K->1258017K(1398272K)
[654.526s][info][gc,metaspace   ] GC(1716) Metaspace: 32465K(33584K)->32465K(33584K) NonClass: 28686K(29360K)->28686K(29360K) Class: 3779K(4224K)->3779K(4224K)
[654.526s][info][gc             ] GC(1716) Pause Young (System.gc()) 1344M->1239M(1950M) 34.248ms
[654.526s][info][gc,cpu         ] GC(1716) User=0.27s Sys=0.00s Real=0.03s
[654.526s][info][gc,start       ] GC(1717) Pause Full (System.gc())
[654.526s][info][gc,phases,start] GC(1717) Phase 1: Mark live objects
[654.642s][info][gc,phases      ] GC(1717) Phase 1: Mark live objects 116.667ms
[654.643s][info][gc,phases,start] GC(1717) Phase 2: Compute new object addresses
[654.819s][info][gc,phases      ] GC(1717) Phase 2: Compute new object addresses 176.939ms
[654.820s][info][gc,phases,start] GC(1717) Phase 3: Adjust pointers
[654.903s][info][gc,phases      ] GC(1717) Phase 3: Adjust pointers 83.423ms
[654.903s][info][gc,phases,start] GC(1717) Phase 4: Move objects
[654.926s][info][gc,phases      ] GC(1717) Phase 4: Move objects 23.429ms
[654.927s][info][gc,heap        ] GC(1717) PSYoungGen: 11168K->0K(598528K)
[654.927s][info][gc,heap        ] GC(1717) PSOldGen: 1258017K->104446K(1398272K)
[654.927s][info][gc,metaspace   ] GC(1717) Metaspace: 32465K(33584K)->32465K(33584K) NonClass: 28686K(29360K)->28686K(29360K) Class: 3779K(4224K)->3779K(4224K)
[654.927s][info][gc             ] GC(1717) Pause Full (System.gc()) 1239M->101M(1950M) 401.213ms
[654.927s][info][gc,cpu         ] GC(1717) User=0.39s Sys=0.00s Real=0.39s
[655.151s][info][gc,start       ] GC(1718) Pause Young (Allocation Failure)
[655.193s][info][gc,heap        ] GC(1718) PSYoungGen: 511488K->76992K(588800K)
[655.193s][info][gc,heap        ] GC(1718) PSOldGen: 104446K->104446K(1398272K)
[655.193s][info][gc,metaspace   ] GC(1718) Metaspace: 32465K(33584K)->32465K(33584K) NonClass: 28686K(29360K)->28686K(29360K) Class: 3779K(4224K)->3779K(4224K)
[655.193s][info][gc             ] GC(1718) Pause Young (Allocation Failure) 601M->177M(1940M) 41.872ms
[655.193s][info][gc,cpu         ] GC(1718) User=0.19s Sys=0.00s Real=0.05s
[655.348s][info][gc,start       ] GC(1719) Pause Young (Allocation Failure)
[655.420s][info][gc,heap        ] GC(1719) PSYoungGen: 588480K->82368K(592896K)
[655.421s][info][gc,heap        ] GC(1719) PSOldGen: 104446K->161666K(1398272K)
[655.421s][info][gc,metaspace   ] GC(1719) Metaspace: 32465K(33584K)->32465K(33584K) NonClass: 28686K(29360K)->28686K(29360K) Class: 3779K(4224K)->3779K(4224K)
[655.421s][info][gc             ] GC(1719) Pause Young (Allocation Failure) 676M->238M(1944M) 72.187ms
[655.421s][info][gc,cpu         ] GC(1719) User=0.44s Sys=0.00s Real=0.07s
[656.063s][info][gc,start       ] GC(1720) Pause Young (Allocation Failure)
[656.123s][info][gc,heap        ] GC(1720) PSYoungGen: 578496K->56448K(597504K)
[656.124s][info][gc,heap        ] GC(1720) PSOldGen: 161666K->195194K(1398272K)
[656.124s][info][gc,metaspace   ] GC(1720) Metaspace: 32465K(33584K)->32465K(33584K) NonClass: 28686K(29360K)->28686K(29360K) Class: 3779K(4224K)->3779K(4224K)
[656.124s][info][gc             ] GC(1720) Pause Young (Allocation Failure) 722M->245M(1949M) 60.414ms
[656.124s][info][gc,cpu         ] GC(1720) User=0.36s Sys=0.00s Real=0.07s
[656.265s][info][gc,start       ] GC(1721) Pause Young (Allocation Failure)
[656.337s][info][gc,heap        ] GC(1721) PSYoungGen: 552576K->75040K(598016K)
[656.337s][info][gc,heap        ] GC(1721) PSOldGen: 195194K->237370K(1398272K)
[656.337s][info][gc,metaspace   ] GC(1721) Metaspace: 32465K(33584K)->32465K(33584K) NonClass: 28686K(29360K)->28686K(29360K) Class: 3779K(4224K)->3779K(4224K)
[656.337s][info][gc             ] GC(1721) Pause Young (Allocation Failure) 730M->305M(1949M) 72.612ms
[656.337s][info][gc,cpu         ] GC(1721) User=0.45s Sys=0.00s Real=0.07s
[656.502s][info][gc,start       ] GC(1722) Pause Young (Allocation Failure)
[656.572s][info][gc,heap        ] GC(1722) PSYoungGen: 574240K->74784K(574464K)
[656.572s][info][gc,heap        ] GC(1722) PSOldGen: 237370K->289026K(1398272K)
[656.572s][info][gc,metaspace   ] GC(1722) Metaspace: 32465K(33584K)->32465K(33584K) NonClass: 28686K(29360K)->28686K(29360K) Class: 3779K(4224K)->3779K(4224K)
[656.572s][info][gc             ] GC(1722) Pause Young (Allocation Failure) 792M->355M(1926M) 70.031ms
[656.572s][info][gc,cpu         ] GC(1722) User=0.44s Sys=0.00s Real=0.07s
[657.182s][info][gc,start       ] GC(1723) Pause Young (Allocation Failure)
[657.241s][info][gc,heap        ] GC(1723) PSYoungGen: 573984K->63744K(602112K)
[657.241s][info][gc,heap        ] GC(1723) PSOldGen: 289026K->319898K(1398272K)
[657.241s][info][gc,metaspace   ] GC(1723) Metaspace: 32465K(33584K)->32465K(33584K) NonClass: 28686K(29360K)->28686K(29360K) Class: 3779K(4224K)->3779K(4224K)
[657.241s][info][gc             ] GC(1723) Pause Young (Allocation Failure) 842M->374M(1953M) 58.920ms
[657.241s][info][gc,cpu         ] GC(1723) User=0.28s Sys=0.00s Real=0.07s
[657.383s][info][gc,start       ] GC(1724) Pause Young (Allocation Failure)
[657.453s][info][gc,heap        ] GC(1724) PSYoungGen: 565504K->78304K(598528K)
[657.453s][info][gc,heap        ] GC(1724) PSOldGen: 319898K->366823K(1398272K)
[657.453s][info][gc,metaspace   ] GC(1724) Metaspace: 32465K(33584K)->32465K(33584K) NonClass: 28686K(29360K)->28686K(29360K) Class: 3779K(4224K)->3779K(4224K)
[657.453s][info][gc             ] GC(1724) Pause Young (Allocation Failure) 864M->434M(1950M) 69.454ms
[657.453s][info][gc,cpu         ] GC(1724) User=0.38s Sys=0.00s Real=0.07s
[657.787s][info][gc,start       ] GC(1725) Pause Young (Allocation Failure)
[657.852s][info][gc,heap        ] GC(1725) PSYoungGen: 580064K->57536K(602112K)
[657.852s][info][gc,heap        ] GC(1725) PSOldGen: 366823K->406071K(1398272K)
[657.852s][info][gc,metaspace   ] GC(1725) Metaspace: 32465K(33584K)->32465K(33584K) NonClass: 28686K(29360K)->28686K(29360K) Class: 3779K(4224K)->3779K(4224K)
[657.852s][info][gc             ] GC(1725) Pause Young (Allocation Failure) 924M->452M(1953M) 65.292ms
[657.852s][info][gc,cpu         ] GC(1725) User=0.45s Sys=0.02s Real=0.07s
[658.370s][info][gc,start       ] GC(1726) Pause Young (Allocation Failure)
[658.429s][info][gc,heap        ] GC(1726) PSYoungGen: 560832K->73984K(600064K)
[658.429s][info][gc,heap        ] GC(1726) PSOldGen: 406071K->437007K(1398272K)
[658.430s][info][gc,metaspace   ] GC(1726) Metaspace: 32465K(33584K)->32465K(33584K) NonClass: 28686K(29360K)->28686K(29360K) Class: 3779K(4224K)->3779K(4224K)
[658.430s][info][gc             ] GC(1726) Pause Young (Allocation Failure) 944M->499M(1951M) 59.636ms
[658.430s][info][gc,cpu         ] GC(1726) User=0.27s Sys=0.00s Real=0.06s
[658.570s][info][gc,start       ] GC(1727) Pause Young (Allocation Failure)
[658.639s][info][gc,heap        ] GC(1727) PSYoungGen: 577280K->73312K(602112K)
[658.639s][info][gc,heap        ] GC(1727) PSOldGen: 437007K->495911K(1398272K)
[658.639s][info][gc,metaspace   ] GC(1727) Metaspace: 32465K(33584K)->32465K(33584K) NonClass: 28686K(29360K)->28686K(29360K) Class: 3779K(4224K)->3779K(4224K)
[658.639s][info][gc             ] GC(1727) Pause Young (Allocation Failure) 990M->555M(1953M) 69.252ms
[658.639s][info][gc,cpu         ] GC(1727) User=0.45s Sys=0.00s Real=0.07s
[659.467s][info][gc,start       ] GC(1728) Pause Young (Allocation Failure)
[659.521s][info][gc,heap        ] GC(1728) PSYoungGen: 578656K->46656K(552448K)
[659.522s][info][gc,heap        ] GC(1728) PSOldGen: 495911K->527167K(1398272K)
[659.522s][info][gc,metaspace   ] GC(1728) Metaspace: 32465K(33584K)->32465K(33584K) NonClass: 28686K(29360K)->28686K(29360K) Class: 3779K(4224K)->3779K(4224K)
[659.522s][info][gc             ] GC(1728) Pause Young (Allocation Failure) 1049M->560M(1905M) 54.605ms
[659.522s][info][gc,cpu         ] GC(1728) User=0.25s Sys=0.00s Real=0.06s
[659.655s][info][gc,start       ] GC(1729) Pause Young (Allocation Failure)
[659.721s][info][gc,heap        ] GC(1729) PSYoungGen: 552000K->65088K(604672K)
[659.721s][info][gc,heap        ] GC(1729) PSOldGen: 527167K->569316K(1398272K)
[659.721s][info][gc,metaspace   ] GC(1729) Metaspace: 32465K(33584K)->32465K(33584K) NonClass: 28686K(29360K)->28686K(29360K) Class: 3779K(4224K)->3779K(4224K)
[659.721s][info][gc             ] GC(1729) Pause Young (Allocation Failure) 1053M->619M(1956M) 66.326ms
[659.721s][info][gc,cpu         ] GC(1729) User=0.33s Sys=0.02s Real=0.07s
[659.880s][info][gc,start       ] GC(1730) Pause Young (Allocation Failure)
[659.969s][info][gc,heap        ] GC(1730) PSYoungGen: 572480K->74688K(601600K)
[659.969s][info][gc,heap        ] GC(1730) PSOldGen: 569316K->621476K(1398272K)
[659.969s][info][gc,metaspace   ] GC(1730) Metaspace: 32465K(33584K)->32465K(33584K) NonClass: 28686K(29360K)->28686K(29360K) Class: 3779K(4224K)->3779K(4224K)
[659.969s][info][gc             ] GC(1730) Pause Young (Allocation Failure) 1115M->679M(1953M) 89.054ms
[659.969s][info][gc,cpu         ] GC(1730) User=0.56s Sys=0.00s Real=0.09s
[660.929s][info][gc,start       ] GC(1731) Pause Young (Allocation Failure)
[660.998s][info][gc,heap        ] GC(1731) PSYoungGen: 582080K->51936K(604672K)
[660.998s][info][gc,heap        ] GC(1731) PSOldGen: 621476K->654092K(1398272K)
[660.998s][info][gc,metaspace   ] GC(1731) Metaspace: 32465K(33584K)->32465K(33584K) NonClass: 28686K(29360K)->28686K(29360K) Class: 3779K(4224K)->3779K(4224K)
[660.998s][info][gc             ] GC(1731) Pause Young (Allocation Failure) 1175M->689M(1956M) 68.826ms
[660.998s][info][gc,cpu         ] GC(1731) User=0.44s Sys=0.00s Real=0.07s
[661.133s][info][gc,start       ] GC(1732) Pause Young (Allocation Failure)
[661.206s][info][gc,heap        ] GC(1732) PSYoungGen: 561888K->71296K(604160K)
[661.206s][info][gc,heap        ] GC(1732) PSOldGen: 654092K->695048K(1398272K)
[661.206s][info][gc,metaspace   ] GC(1732) Metaspace: 32465K(33584K)->32465K(33584K) NonClass: 28686K(29360K)->28686K(29360K) Class: 3779K(4224K)->3779K(4224K)
[661.206s][info][gc             ] GC(1732) Pause Young (Allocation Failure) 1187M->748M(1955M) 73.185ms
[661.206s][info][gc,cpu         ] GC(1732) User=0.39s Sys=0.00s Real=0.07s
[661.355s][info][gc,start       ] GC(1733) Pause Young (Allocation Failure)
[661.431s][info][gc,heap        ] GC(1733) PSYoungGen: 581248K->72992K(605184K)
[661.432s][info][gc,heap        ] GC(1733) PSOldGen: 695048K->751008K(1398272K)
[661.432s][info][gc,metaspace   ] GC(1733) Metaspace: 32465K(33584K)->32465K(33584K) NonClass: 28686K(29360K)->28686K(29360K) Class: 3779K(4224K)->3779K(4224K)
[661.432s][info][gc             ] GC(1733) Pause Young (Allocation Failure) 1246M->804M(1956M) 76.343ms
[661.432s][info][gc,cpu         ] GC(1733) User=0.41s Sys=0.00s Real=0.08s
[662.147s][info][gc,start       ] GC(1734) Pause Young (Allocation Failure)
[662.221s][info][gc,heap        ] GC(1734) PSYoungGen: 584480K->56480K(605184K)
[662.221s][info][gc,heap        ] GC(1734) PSOldGen: 751008K->782848K(1398272K)
[662.221s][info][gc,metaspace   ] GC(1734) Metaspace: 32465K(33584K)->32465K(33584K) NonClass: 28686K(29360K)->28686K(29360K) Class: 3779K(4224K)->3779K(4224K)
[662.221s][info][gc             ] GC(1734) Pause Young (Allocation Failure) 1304M->819M(1956M) 74.411ms
[662.221s][info][gc,cpu         ] GC(1734) User=0.42s Sys=0.00s Real=0.07s
[662.367s][info][gc,start       ] GC(1735) Pause Young (Allocation Failure)
[662.437s][info][gc,heap        ] GC(1735) PSYoungGen: 567968K->73024K(605184K)
[662.437s][info][gc,heap        ] GC(1735) PSOldGen: 782848K->827229K(1398272K)
[662.437s][info][gc,metaspace   ] GC(1735) Metaspace: 32465K(33584K)->32465K(33584K) NonClass: 28686K(29360K)->28686K(29360K) Class: 3779K(4224K)->3779K(4224K)
[662.437s][info][gc             ] GC(1735) Pause Young (Allocation Failure) 1319M->879M(1956M) 70.018ms
[662.437s][info][gc,cpu         ] GC(1735) User=0.38s Sys=0.00s Real=0.07s
[662.651s][info][gc,start       ] GC(1736) Pause Young (Allocation Failure)
[662.729s][info][gc,heap        ] GC(1736) PSYoungGen: 585536K->67584K(605696K)
[662.729s][info][gc,heap        ] GC(1736) PSOldGen: 827229K->869741K(1398272K)
[662.729s][info][gc,metaspace   ] GC(1736) Metaspace: 32465K(33584K)->32465K(33584K) NonClass: 28686K(29360K)->28686K(29360K) Class: 3779K(4224K)->3779K(4224K)
[662.729s][info][gc             ] GC(1736) Pause Young (Allocation Failure) 1379M->915M(1957M) 77.401ms
[662.729s][info][gc,cpu         ] GC(1736) User=0.44s Sys=0.00s Real=0.08s
[663.323s][info][gc,start       ] GC(1737) Pause Young (Allocation Failure)
[663.385s][info][gc,heap        ] GC(1737) PSYoungGen: 580096K->58176K(609280K)
[663.385s][info][gc,heap        ] GC(1737) PSOldGen: 869741K->903629K(1398272K)
[663.385s][info][gc,metaspace   ] GC(1737) Metaspace: 32465K(33584K)->32465K(33584K) NonClass: 28686K(29360K)->28686K(29360K) Class: 3779K(4224K)->3779K(4224K)
[663.385s][info][gc             ] GC(1737) Pause Young (Allocation Failure) 1415M->939M(1960M) 62.292ms
[663.385s][info][gc,cpu         ] GC(1737) User=0.34s Sys=0.00s Real=0.06s
[663.531s][info][gc,start       ] GC(1738) Pause Young (Allocation Failure)
[663.598s][info][gc,heap        ] GC(1738) PSYoungGen: 576320K->75680K(607744K)
[663.598s][info][gc,heap        ] GC(1738) PSOldGen: 903629K->949033K(1398272K)
[663.598s][info][gc,metaspace   ] GC(1738) Metaspace: 32465K(33584K)->32465K(33584K) NonClass: 28686K(29360K)->28686K(29360K) Class: 3779K(4224K)->3779K(4224K)
[663.598s][info][gc             ] GC(1738) Pause Young (Allocation Failure) 1445M->1000M(1959M) 66.912ms
[663.598s][info][gc,cpu         ] GC(1738) User=0.33s Sys=0.00s Real=0.07s
[663.944s][info][gc,start       ] GC(1739) Pause Young (Allocation Failure)
[664.015s][info][gc,heap        ] GC(1739) PSYoungGen: 593824K->57536K(608768K)
[664.015s][info][gc,heap        ] GC(1739) PSOldGen: 949033K->989129K(1398272K)
[664.015s][info][gc,metaspace   ] GC(1739) Metaspace: 32465K(33584K)->32465K(33584K) NonClass: 28686K(29360K)->28686K(29360K) Class: 3779K(4224K)->3779K(4224K)
[664.015s][info][gc             ] GC(1739) Pause Young (Allocation Failure) 1506M->1022M(1960M) 71.148ms
[664.015s][info][gc,cpu         ] GC(1739) User=0.41s Sys=0.00s Real=0.08s
[664.489s][info][gc,start       ] GC(1740) Pause Young (Allocation Failure)
[664.552s][info][gc,heap        ] GC(1740) PSYoungGen: 575168K->68256K(607744K)
[664.552s][info][gc,heap        ] GC(1740) PSOldGen: 989129K->1020121K(1398272K)
[664.552s][info][gc,metaspace   ] GC(1740) Metaspace: 32465K(33584K)->32465K(33584K) NonClass: 28686K(29360K)->28686K(29360K) Class: 3779K(4224K)->3779K(4224K)
[664.552s][info][gc             ] GC(1740) Pause Young (Allocation Failure) 1527M->1062M(1959M) 63.064ms
[664.552s][info][gc,cpu         ] GC(1740) User=0.36s Sys=0.00s Real=0.06s
[664.702s][info][gc,start       ] GC(1741) Pause Young (Allocation Failure)
[664.784s][info][gc,heap        ] GC(1741) PSYoungGen: 585888K->76736K(606720K)
[664.784s][info][gc,heap        ] GC(1741) PSOldGen: 1020121K->1073958K(1398272K)
[664.784s][info][gc,metaspace   ] GC(1741) Metaspace: 32465K(33584K)->32465K(33584K) NonClass: 28686K(29360K)->28686K(29360K) Class: 3779K(4224K)->3779K(4224K)
[664.784s][info][gc             ] GC(1741) Pause Young (Allocation Failure) 1568M->1123M(1958M) 82.053ms
[664.784s][info][gc,cpu         ] GC(1741) User=0.45s Sys=0.00s Real=0.08s
[665.458s][info][gc,start       ] GC(1742) Pause Young (Allocation Failure)
[665.513s][info][gc,heap        ] GC(1742) PSYoungGen: 594368K->45760K(563712K)
[665.513s][info][gc,heap        ] GC(1742) PSOldGen: 1073958K->1106870K(1398272K)
[665.513s][info][gc,metaspace   ] GC(1742) Metaspace: 32465K(33584K)->32465K(33584K) NonClass: 28686K(29360K)->28686K(29360K) Class: 3779K(4224K)->3779K(4224K)
[665.513s][info][gc             ] GC(1742) Pause Young (Allocation Failure) 1629M->1125M(1916M) 55.216ms
[665.513s][info][gc,cpu         ] GC(1742) User=0.36s Sys=0.00s Real=0.06s
[665.655s][info][gc,start       ] GC(1743) Pause Young (Allocation Failure)
[665.715s][info][gc,heap        ] GC(1743) PSYoungGen: 563392K->69248K(608256K)
[665.715s][info][gc,heap        ] GC(1743) PSOldGen: 1106870K->1147326K(1398272K)
[665.715s][info][gc,metaspace   ] GC(1743) Metaspace: 32465K(33584K)->32465K(33584K) NonClass: 28686K(29360K)->28686K(29360K) Class: 3779K(4224K)->3779K(4224K)
[665.715s][info][gc             ] GC(1743) Pause Young (Allocation Failure) 1631M->1188M(1959M) 60.343ms
[665.715s][info][gc,cpu         ] GC(1743) User=0.36s Sys=0.00s Real=0.06s
[665.843s][info][gc,start       ] GC(1744) Pause Young (Allocation Failure)
[665.931s][info][gc,heap        ] GC(1744) PSYoungGen: 585856K->69024K(607232K)
[665.931s][info][gc,heap        ] GC(1744) PSOldGen: 1147326K->1205086K(1398272K)
[665.931s][info][gc,metaspace   ] GC(1744) Metaspace: 32465K(33584K)->32465K(33584K) NonClass: 28686K(29360K)->28686K(29360K) Class: 3779K(4224K)->3779K(4224K)
[665.931s][info][gc             ] GC(1744) Pause Young (Allocation Failure) 1692M->1244M(1958M) 87.977ms
[665.931s][info][gc,cpu         ] GC(1744) User=0.56s Sys=0.00s Real=0.09s
[666.590s][info][gc,start       ] GC(1745) Pause Young (System.gc())
[666.648s][info][gc,heap        ] GC(1745) PSYoungGen: 465825K->31136K(602112K)
[666.648s][info][gc,heap        ] GC(1745) PSOldGen: 1205086K->1235198K(1398272K)
[666.648s][info][gc,metaspace   ] GC(1745) Metaspace: 32465K(33584K)->32465K(33584K) NonClass: 28686K(29360K)->28686K(29360K) Class: 3779K(4224K)->3779K(4224K)
[666.648s][info][gc             ] GC(1745) Pause Young (System.gc()) 1631M->1236M(1953M) 58.079ms
[666.648s][info][gc,cpu         ] GC(1745) User=0.28s Sys=0.00s Real=0.07s
[666.648s][info][gc,start       ] GC(1746) Pause Full (System.gc())
[666.648s][info][gc,phases,start] GC(1746) Phase 1: Mark live objects
[666.767s][info][gc,phases      ] GC(1746) Phase 1: Mark live objects 119.518ms
[666.768s][info][gc,phases,start] GC(1746) Phase 2: Compute new object addresses
[666.946s][info][gc,phases      ] GC(1746) Phase 2: Compute new object addresses 178.716ms
[666.946s][info][gc,phases,start] GC(1746) Phase 3: Adjust pointers
[667.030s][info][gc,phases      ] GC(1746) Phase 3: Adjust pointers 83.563ms
[667.030s][info][gc,phases,start] GC(1746) Phase 4: Move objects
[667.054s][info][gc,phases      ] GC(1746) Phase 4: Move objects 23.773ms
[667.054s][info][gc,heap        ] GC(1746) PSYoungGen: 31136K->0K(602112K)
[667.054s][info][gc,heap        ] GC(1746) PSOldGen: 1235198K->104435K(1398272K)
[667.054s][info][gc,metaspace   ] GC(1746) Metaspace: 32465K(33584K)->32465K(33584K) NonClass: 28686K(29360K)->28686K(29360K) Class: 3779K(4224K)->3779K(4224K)
[667.054s][info][gc             ] GC(1746) Pause Full (System.gc()) 1236M->101M(1953M) 406.310ms
[667.054s][info][gc,cpu         ] GC(1746) User=0.41s Sys=0.00s Real=0.40s
[667.294s][info][gc,start       ] GC(1747) Pause Young (Allocation Failure)
[667.340s][info][gc,heap        ] GC(1747) PSYoungGen: 512512K->81088K(593920K)
[667.340s][info][gc,heap        ] GC(1747) PSOldGen: 104435K->104435K(1398272K)
[667.340s][info][gc,metaspace   ] GC(1747) Metaspace: 32465K(33584K)->32465K(33584K) NonClass: 28686K(29360K)->28686K(29360K) Class: 3779K(4224K)->3779K(4224K)
[667.340s][info][gc             ] GC(1747) Pause Young (Allocation Failure) 602M->181M(1945M) 45.861ms
[667.340s][info][gc,cpu         ] GC(1747) User=0.27s Sys=0.00s Real=0.06s
[667.481s][info][gc,start       ] GC(1748) Pause Young (Allocation Failure)
[667.557s][info][gc,heap        ] GC(1748) PSYoungGen: 593600K->74336K(600576K)
[667.557s][info][gc,heap        ] GC(1748) PSOldGen: 104435K->170724K(1398272K)
[667.557s][info][gc,metaspace   ] GC(1748) Metaspace: 32465K(33584K)->32465K(33584K) NonClass: 28686K(29360K)->28686K(29360K) Class: 3779K(4224K)->3779K(4224K)
[667.557s][info][gc             ] GC(1748) Pause Young (Allocation Failure) 681M->239M(1952M) 75.476ms
[667.557s][info][gc,cpu         ] GC(1748) User=0.47s Sys=0.00s Real=0.08s
[668.245s][info][gc,start       ] GC(1749) Pause Young (Allocation Failure)
[668.305s][info][gc,heap        ] GC(1749) PSYoungGen: 577632K->52800K(601088K)
[668.306s][info][gc,heap        ] GC(1749) PSOldGen: 170724K->202604K(1398272K)
[668.306s][info][gc,metaspace   ] GC(1749) Metaspace: 32465K(33584K)->32465K(33584K) NonClass: 28686K(29360K)->28686K(29360K) Class: 3779K(4224K)->3779K(4224K)
[668.306s][info][gc             ] GC(1749) Pause Young (Allocation Failure) 730M->249M(1952M) 60.832ms
[668.306s][info][gc,cpu         ] GC(1749) User=0.34s Sys=0.03s Real=0.06s
[668.449s][info][gc,start       ] GC(1750) Pause Young (Allocation Failure)
[668.512s][info][gc,heap        ] GC(1750) PSYoungGen: 556096K->75680K(600064K)
[668.512s][info][gc,heap        ] GC(1750) PSOldGen: 202604K->242716K(1398272K)
[668.512s][info][gc,metaspace   ] GC(1750) Metaspace: 32465K(33584K)->32465K(33584K) NonClass: 28686K(29360K)->28686K(29360K) Class: 3779K(4224K)->3779K(4224K)
[668.512s][info][gc             ] GC(1750) Pause Young (Allocation Failure) 740M->310M(1951M) 63.302ms
[668.512s][info][gc,cpu         ] GC(1750) User=0.38s Sys=0.00s Real=0.06s
[668.684s][info][gc,start       ] GC(1751) Pause Young (Allocation Failure)
[668.756s][info][gc,heap        ] GC(1751) PSYoungGen: 578976K->78976K(582656K)
[668.756s][info][gc,heap        ] GC(1751) PSOldGen: 242716K->286012K(1398272K)
[668.756s][info][gc,metaspace   ] GC(1751) Metaspace: 32465K(33584K)->32465K(33584K) NonClass: 28686K(29360K)->28686K(29360K) Class: 3779K(4224K)->3779K(4224K)
[668.756s][info][gc             ] GC(1751) Pause Young (Allocation Failure) 802M->356M(1934M) 71.805ms
[668.756s][info][gc,cpu         ] GC(1751) User=0.38s Sys=0.00s Real=0.07s
[669.307s][info][gc,start       ] GC(1752) Pause Young (Allocation Failure)
[669.368s][info][gc,heap        ] GC(1752) PSYoungGen: 582272K->59648K(601600K)
[669.368s][info][gc,heap        ] GC(1752) PSOldGen: 286012K->320236K(1398272K)
[669.368s][info][gc,metaspace   ] GC(1752) Metaspace: 32465K(33584K)->32465K(33584K) NonClass: 28686K(29360K)->28686K(29360K) Class: 3779K(4224K)->3779K(4224K)
[669.368s][info][gc             ] GC(1752) Pause Young (Allocation Failure) 847M->370M(1953M) 60.514ms
[669.368s][info][gc,cpu         ] GC(1752) User=0.38s Sys=0.00s Real=0.06s
[669.512s][info][gc,start       ] GC(1753) Pause Young (Allocation Failure)
[669.582s][info][gc,heap        ] GC(1753) PSYoungGen: 561408K->75104K(599040K)
[669.582s][info][gc,heap        ] GC(1753) PSOldGen: 320236K->365361K(1398272K)
[669.582s][info][gc,metaspace   ] GC(1753) Metaspace: 32465K(33584K)->32465K(33584K) NonClass: 28686K(29360K)->28686K(29360K) Class: 3779K(4224K)->3779K(4224K)
[669.582s][info][gc             ] GC(1753) Pause Young (Allocation Failure) 860M->430M(1950M) 69.632ms
[669.582s][info][gc,cpu         ] GC(1753) User=0.34s Sys=0.02s Real=0.07s
[669.881s][info][gc,start       ] GC(1754) Pause Young (Allocation Failure)
[669.942s][info][gc,heap        ] GC(1754) PSYoungGen: 576864K->61088K(603136K)
[669.942s][info][gc,heap        ] GC(1754) PSOldGen: 365361K->398233K(1398272K)
[669.942s][info][gc,metaspace   ] GC(1754) Metaspace: 32465K(33584K)->32465K(33584K) NonClass: 28686K(29360K)->28686K(29360K) Class: 3779K(4224K)->3779K(4224K)
[669.942s][info][gc             ] GC(1754) Pause Young (Allocation Failure) 920M->448M(1954M) 61.151ms
[669.942s][info][gc,cpu         ] GC(1754) User=0.33s Sys=0.00s Real=0.06s
[670.305s][info][gc,start       ] GC(1755) Pause Young (Allocation Failure)
[670.368s][info][gc,heap        ] GC(1755) PSYoungGen: 566432K->62912K(601088K)
[670.368s][info][gc,heap        ] GC(1755) PSOldGen: 398233K->432753K(1398272K)
[670.368s][info][gc,metaspace   ] GC(1755) Metaspace: 32465K(33584K)->32465K(33584K) NonClass: 28686K(29360K)->28686K(29360K) Class: 3779K(4224K)->3779K(4224K)
[670.368s][info][gc             ] GC(1755) Pause Young (Allocation Failure) 942M->484M(1952M) 63.046ms
[670.368s][info][gc,cpu         ] GC(1755) User=0.34s Sys=0.02s Real=0.06s
[670.513s][info][gc,start       ] GC(1756) Pause Young (Allocation Failure)
[670.577s][info][gc,heap        ] GC(1756) PSYoungGen: 568256K->77760K(602624K)
[670.577s][info][gc,heap        ] GC(1756) PSOldGen: 432753K->476829K(1398272K)
[670.577s][info][gc,metaspace   ] GC(1756) Metaspace: 32465K(33584K)->32465K(33584K) NonClass: 28686K(29360K)->28686K(29360K) Class: 3779K(4224K)->3779K(4224K)
[670.577s][info][gc             ] GC(1756) Pause Young (Allocation Failure) 977M->541M(1954M) 64.031ms
[670.577s][info][gc,cpu         ] GC(1756) User=0.38s Sys=0.00s Real=0.07s
[670.986s][info][gc,start       ] GC(1757) Pause Young (Allocation Failure)
[671.043s][info][gc,heap        ] GC(1757) PSYoungGen: 587200K->51712K(604160K)
[671.043s][info][gc,heap        ] GC(1757) PSOldGen: 476829K->511309K(1398272K)
[671.043s][info][gc,metaspace   ] GC(1757) Metaspace: 32465K(33584K)->32465K(33584K) NonClass: 28686K(29360K)->28686K(29360K) Class: 3779K(4224K)->3779K(4224K)
[671.043s][info][gc             ] GC(1757) Pause Young (Allocation Failure) 1039M->549M(1955M) 56.212ms
[671.043s][info][gc,cpu         ] GC(1757) User=0.38s Sys=0.00s Real=0.06s
[671.505s][info][gc,start       ] GC(1758) Pause Young (Allocation Failure)
[671.572s][info][gc,heap        ] GC(1758) PSYoungGen: 561152K->80640K(599040K)
[671.572s][info][gc,heap        ] GC(1758) PSOldGen: 511309K->541549K(1398272K)
[671.572s][info][gc,metaspace   ] GC(1758) Metaspace: 32465K(33584K)->32465K(33584K) NonClass: 28686K(29360K)->28686K(29360K) Class: 3779K(4224K)->3779K(4224K)
[671.572s][info][gc             ] GC(1758) Pause Young (Allocation Failure) 1047M->607M(1950M) 67.640ms
[671.572s][info][gc,cpu         ] GC(1758) User=0.42s Sys=0.00s Real=0.07s
[671.719s][info][gc,start       ] GC(1759) Pause Young (Allocation Failure)
[671.792s][info][gc,heap        ] GC(1759) PSYoungGen: 584960K->76192K(580608K)
[671.792s][info][gc,heap        ] GC(1759) PSOldGen: 541549K->604642K(1398272K)
[671.792s][info][gc,metaspace   ] GC(1759) Metaspace: 32465K(33584K)->32465K(33584K) NonClass: 28686K(29360K)->28686K(29360K) Class: 3779K(4224K)->3779K(4224K)
[671.792s][info][gc             ] GC(1759) Pause Young (Allocation Failure) 1100M->664M(1932M) 73.667ms
[671.792s][info][gc,cpu         ] GC(1759) User=0.42s Sys=0.00s Real=0.07s
[672.522s][info][gc,start       ] GC(1760) Pause Young (Allocation Failure)
[672.582s][info][gc,heap        ] GC(1760) PSYoungGen: 580512K->54912K(601600K)
[672.582s][info][gc,heap        ] GC(1760) PSOldGen: 604642K->636530K(1398272K)
[672.582s][info][gc,metaspace   ] GC(1760) Metaspace: 32465K(33584K)->32465K(33584K) NonClass: 28686K(29360K)->28686K(29360K) Class: 3779K(4224K)->3779K(4224K)
[672.582s][info][gc             ] GC(1760) Pause Young (Allocation Failure) 1157M->675M(1953M) 60.059ms
[672.582s][info][gc,cpu         ] GC(1760) User=0.38s Sys=0.00s Real=0.07s
[672.735s][info][gc,start       ] GC(1761) Pause Young (Allocation Failure)
[672.799s][info][gc,heap        ] GC(1761) PSYoungGen: 558720K->75616K(601088K)
[672.799s][info][gc,heap        ] GC(1761) PSOldGen: 636530K->678986K(1398272K)
[672.799s][info][gc,metaspace   ] GC(1761) Metaspace: 32465K(33584K)->32465K(33584K) NonClass: 28686K(29360K)->28686K(29360K) Class: 3779K(4224K)->3779K(4224K)
[672.799s][info][gc             ] GC(1761) Pause Young (Allocation Failure) 1167M->736M(1952M) 64.048ms
[672.799s][info][gc,cpu         ] GC(1761) User=0.38s Sys=0.00s Real=0.07s
[672.928s][info][gc,start       ] GC(1762) Pause Young (Allocation Failure)
[672.996s][info][gc,heap        ] GC(1762) PSYoungGen: 579424K->63392K(603648K)
[672.996s][info][gc,heap        ] GC(1762) PSOldGen: 678986K->742890K(1398272K)
[672.996s][info][gc,metaspace   ] GC(1762) Metaspace: 32465K(33584K)->32465K(33584K) NonClass: 28686K(29360K)->28686K(29360K) Class: 3779K(4224K)->3779K(4224K)
[672.996s][info][gc             ] GC(1762) Pause Young (Allocation Failure) 1228M->787M(1955M) 68.712ms
[672.996s][info][gc,cpu         ] GC(1762) User=0.45s Sys=0.00s Real=0.07s
[673.642s][info][gc,start       ] GC(1763) Pause Young (Allocation Failure)
[673.700s][info][gc,heap        ] GC(1763) PSYoungGen: 569760K->62304K(601600K)
[673.700s][info][gc,heap        ] GC(1763) PSOldGen: 742890K->771866K(1398272K)
[673.700s][info][gc,metaspace   ] GC(1763) Metaspace: 32465K(33584K)->32465K(33584K) NonClass: 28686K(29360K)->28686K(29360K) Class: 3779K(4224K)->3779K(4224K)
[673.700s][info][gc             ] GC(1763) Pause Young (Allocation Failure) 1281M->814M(1953M) 58.415ms
[673.700s][info][gc,cpu         ] GC(1763) User=0.36s Sys=0.00s Real=0.07s
[673.847s][info][gc,start       ] GC(1764) Pause Young (Allocation Failure)
[673.913s][info][gc,heap        ] GC(1764) PSYoungGen: 568672K->78624K(601600K)
[673.913s][info][gc,heap        ] GC(1764) PSOldGen: 771866K->816990K(1398272K)
[673.913s][info][gc,metaspace   ] GC(1764) Metaspace: 32465K(33584K)->32465K(33584K) NonClass: 28686K(29360K)->28686K(29360K) Class: 3779K(4224K)->3779K(4224K)
[673.913s][info][gc             ] GC(1764) Pause Young (Allocation Failure) 1309M->874M(1953M) 66.858ms
[673.913s][info][gc,cpu         ] GC(1764) User=0.38s Sys=0.00s Real=0.07s
[674.209s][info][gc,start       ] GC(1765) Pause Young (Allocation Failure)
[674.278s][info][gc,heap        ] GC(1765) PSYoungGen: 587040K->60928K(603648K)
[674.278s][info][gc,heap        ] GC(1765) PSOldGen: 816990K->854478K(1398272K)
[674.278s][info][gc,metaspace   ] GC(1765) Metaspace: 32465K(33584K)->32465K(33584K) NonClass: 28686K(29360K)->28686K(29360K) Class: 3779K(4224K)->3779K(4224K)
[674.278s][info][gc             ] GC(1765) Pause Young (Allocation Failure) 1371M->893M(1955M) 68.543ms
[674.278s][info][gc,cpu         ] GC(1765) User=0.45s Sys=0.00s Real=0.08s
[674.743s][info][gc,start       ] GC(1766) Pause Young (Allocation Failure)
[674.801s][info][gc,heap        ] GC(1766) PSYoungGen: 569344K->65760K(607744K)
[674.801s][info][gc,heap        ] GC(1766) PSOldGen: 854478K->887238K(1398272K)
[674.801s][info][gc,metaspace   ] GC(1766) Metaspace: 32465K(33584K)->32465K(33584K) NonClass: 28686K(29360K)->28686K(29360K) Class: 3779K(4224K)->3779K(4224K)
[674.801s][info][gc             ] GC(1766) Pause Young (Allocation Failure) 1390M->930M(1959M) 58.142ms
[674.801s][info][gc,cpu         ] GC(1766) User=0.28s Sys=0.00s Real=0.06s
[674.948s][info][gc,start       ] GC(1767) Pause Young (Allocation Failure)
[675.013s][info][gc,heap        ] GC(1767) PSYoungGen: 579808K->74400K(605184K)
[675.013s][info][gc,heap        ] GC(1767) PSOldGen: 887238K->939083K(1398272K)
[675.013s][info][gc,metaspace   ] GC(1767) Metaspace: 32465K(33584K)->32465K(33584K) NonClass: 28686K(29360K)->28686K(29360K) Class: 3779K(4224K)->3779K(4224K)
[675.013s][info][gc             ] GC(1767) Pause Young (Allocation Failure) 1432M->989M(1956M) 65.074ms
[675.013s][info][gc,cpu         ] GC(1767) User=0.38s Sys=0.00s Real=0.06s
[675.576s][info][gc,start       ] GC(1768) Pause Young (Allocation Failure)
[675.637s][info][gc,heap        ] GC(1768) PSYoungGen: 588448K->41536K(603136K)
[675.637s][info][gc,heap        ] GC(1768) PSOldGen: 939083K->972123K(1398272K)
[675.637s][info][gc,metaspace   ] GC(1768) Metaspace: 32465K(33584K)->32465K(33584K) NonClass: 28686K(29360K)->28686K(29360K) Class: 3779K(4224K)->3779K(4224K)
[675.637s][info][gc             ] GC(1768) Pause Young (Allocation Failure) 1491M->989M(1954M) 61.034ms
[675.637s][info][gc,cpu         ] GC(1768) User=0.38s Sys=0.00s Real=0.06s
[675.775s][info][gc,start       ] GC(1769) Pause Young (Allocation Failure)
[675.837s][info][gc,heap        ] GC(1769) PSYoungGen: 553024K->68320K(605184K)
[675.837s][info][gc,heap        ] GC(1769) PSOldGen: 972123K->1011287K(1398272K)
[675.837s][info][gc,metaspace   ] GC(1769) Metaspace: 32465K(33584K)->32465K(33584K) NonClass: 28686K(29360K)->28686K(29360K) Class: 3779K(4224K)->3779K(4224K)
[675.837s][info][gc             ] GC(1769) Pause Young (Allocation Failure) 1489M->1054M(1956M) 62.103ms
[675.837s][info][gc,cpu         ] GC(1769) User=0.38s Sys=0.00s Real=0.06s
[675.971s][info][gc,start       ] GC(1770) Pause Young (Allocation Failure)
[676.043s][info][gc,heap        ] GC(1770) PSYoungGen: 579808K->70496K(607744K)
[676.043s][info][gc,heap        ] GC(1770) PSOldGen: 1011287K->1064807K(1398272K)
[676.043s][info][gc,metaspace   ] GC(1770) Metaspace: 32465K(33584K)->32465K(33584K) NonClass: 28686K(29360K)->28686K(29360K) Class: 3779K(4224K)->3779K(4224K)
[676.043s][info][gc             ] GC(1770) Pause Young (Allocation Failure) 1553M->1108M(1959M) 71.481ms
[676.043s][info][gc,cpu         ] GC(1770) User=0.45s Sys=0.00s Real=0.07s
[676.691s][info][gc,start       ] GC(1771) Pause Young (Allocation Failure)
[676.740s][info][gc,heap        ] GC(1771) PSYoungGen: 586080K->44800K(606720K)
[676.741s][info][gc,heap        ] GC(1771) PSOldGen: 1064807K->1095327K(1398272K)
[676.741s][info][gc,metaspace   ] GC(1771) Metaspace: 32465K(33584K)->32465K(33584K) NonClass: 28686K(29360K)->28686K(29360K) Class: 3779K(4224K)->3779K(4224K)
[676.741s][info][gc             ] GC(1771) Pause Young (Allocation Failure) 1612M->1113M(1958M) 49.251ms
[676.741s][info][gc,cpu         ] GC(1771) User=0.28s Sys=0.00s Real=0.05s
[676.881s][info][gc,start       ] GC(1772) Pause Young (Allocation Failure)
[676.943s][info][gc,heap        ] GC(1772) PSYoungGen: 560384K->71168K(606720K)
[676.943s][info][gc,heap        ] GC(1772) PSOldGen: 1095327K->1133304K(1398272K)
[676.943s][info][gc,metaspace   ] GC(1772) Metaspace: 32465K(33584K)->32465K(33584K) NonClass: 28686K(29360K)->28686K(29360K) Class: 3779K(4224K)->3779K(4224K)
[676.943s][info][gc             ] GC(1772) Pause Young (Allocation Failure) 1616M->1176M(1958M) 62.275ms
[676.943s][info][gc,cpu         ] GC(1772) User=0.38s Sys=0.00s Real=0.06s
[677.073s][info][gc,start       ] GC(1773) Pause Young (Allocation Failure)
[677.158s][info][gc,heap        ] GC(1773) PSYoungGen: 585728K->73216K(587776K)
[677.158s][info][gc,heap        ] GC(1773) PSOldGen: 1133304K->1189312K(1398272K)
[677.158s][info][gc,metaspace   ] GC(1773) Metaspace: 32465K(33584K)->32465K(33584K) NonClass: 28686K(29360K)->28686K(29360K) Class: 3779K(4224K)->3779K(4224K)
[677.158s][info][gc             ] GC(1773) Pause Young (Allocation Failure) 1678M->1232M(1939M) 84.314ms
[677.158s][info][gc,cpu         ] GC(1773) User=0.41s Sys=0.00s Real=0.09s
[677.772s][info][gc,start       ] GC(1774) Pause Young (System.gc())
[677.824s][info][gc,heap        ] GC(1774) PSYoungGen: 423784K->28608K(599040K)
[677.824s][info][gc,heap        ] GC(1774) PSOldGen: 1189312K->1220368K(1398272K)
[677.824s][info][gc,metaspace   ] GC(1774) Metaspace: 32465K(33584K)->32465K(33584K) NonClass: 28686K(29360K)->28686K(29360K) Class: 3779K(4224K)->3779K(4224K)
[677.824s][info][gc             ] GC(1774) Pause Young (System.gc()) 1575M->1219M(1950M) 52.221ms
[677.824s][info][gc,cpu         ] GC(1774) User=0.36s Sys=0.00s Real=0.06s
[677.824s][info][gc,start       ] GC(1775) Pause Full (System.gc())
[677.825s][info][gc,phases,start] GC(1775) Phase 1: Mark live objects
[677.930s][info][gc,phases      ] GC(1775) Phase 1: Mark live objects 105.460ms
[677.930s][info][gc,phases,start] GC(1775) Phase 2: Compute new object addresses
[678.106s][info][gc,phases      ] GC(1775) Phase 2: Compute new object addresses 175.443ms
[678.106s][info][gc,phases,start] GC(1775) Phase 3: Adjust pointers
[678.189s][info][gc,phases      ] GC(1775) Phase 3: Adjust pointers 83.326ms
[678.189s][info][gc,phases,start] GC(1775) Phase 4: Move objects
[678.213s][info][gc,phases      ] GC(1775) Phase 4: Move objects 23.552ms
[678.213s][info][gc,heap        ] GC(1775) PSYoungGen: 28608K->0K(599040K)
[678.213s][info][gc,heap        ] GC(1775) PSOldGen: 1220368K->104444K(1398272K)
[678.213s][info][gc,metaspace   ] GC(1775) Metaspace: 32465K(33584K)->32465K(33584K) NonClass: 28686K(29360K)->28686K(29360K) Class: 3779K(4224K)->3779K(4224K)
[678.213s][info][gc             ] GC(1775) Pause Full (System.gc()) 1219M->101M(1950M) 388.721ms
[678.213s][info][gc,cpu         ] GC(1775) User=0.39s Sys=0.00s Real=0.39s
[678.411s][info][gc,start       ] GC(1776) Pause Young (Allocation Failure)
[678.457s][info][gc,heap        ] GC(1776) PSYoungGen: 506368K->75584K(582144K)
[678.457s][info][gc,heap        ] GC(1776) PSOldGen: 104444K->104444K(1398272K)
[678.457s][info][gc,metaspace   ] GC(1776) Metaspace: 32465K(33584K)->32465K(33584K) NonClass: 28686K(29360K)->28686K(29360K) Class: 3779K(4224K)->3779K(4224K)
[678.457s][info][gc             ] GC(1776) Pause Young (Allocation Failure) 596M->175M(1934M) 46.233ms
[678.457s][info][gc,cpu         ] GC(1776) User=0.27s Sys=0.00s Real=0.05s
[678.596s][info][gc,start       ] GC(1777) Pause Young (Allocation Failure)
[678.677s][info][gc,heap        ] GC(1777) PSYoungGen: 581952K->75424K(599040K)
[678.677s][info][gc,heap        ] GC(1777) PSOldGen: 104444K->164113K(1398272K)
[678.677s][info][gc,metaspace   ] GC(1777) Metaspace: 32465K(33584K)->32465K(33584K) NonClass: 28686K(29360K)->28686K(29360K) Class: 3779K(4224K)->3779K(4224K)
[678.678s][info][gc             ] GC(1777) Pause Young (Allocation Failure) 670M->233M(1950M) 81.241ms
[678.678s][info][gc,cpu         ] GC(1777) User=0.47s Sys=0.00s Real=0.08s
[679.356s][info][gc,start       ] GC(1778) Pause Young (Allocation Failure)
[679.414s][info][gc,heap        ] GC(1778) PSYoungGen: 576672K->52800K(600064K)
[679.414s][info][gc,heap        ] GC(1778) PSOldGen: 164113K->195809K(1398272K)
[679.414s][info][gc,metaspace   ] GC(1778) Metaspace: 32465K(33584K)->32465K(33584K) NonClass: 28686K(29360K)->28686K(29360K) Class: 3779K(4224K)->3779K(4224K)
[679.414s][info][gc             ] GC(1778) Pause Young (Allocation Failure) 723M->242M(1951M) 57.842ms
[679.414s][info][gc,cpu         ] GC(1778) User=0.25s Sys=0.03s Real=0.06s
[679.543s][info][gc,start       ] GC(1779) Pause Young (Allocation Failure)
[679.609s][info][gc,heap        ] GC(1779) PSYoungGen: 554048K->70432K(602112K)
[679.609s][info][gc,heap        ] GC(1779) PSOldGen: 195809K->237593K(1398272K)
[679.609s][info][gc,metaspace   ] GC(1779) Metaspace: 32465K(33584K)->32465K(33584K) NonClass: 28686K(29360K)->28686K(29360K) Class: 3779K(4224K)->3779K(4224K)
[679.609s][info][gc             ] GC(1779) Pause Young (Allocation Failure) 732M->300M(1953M) 65.682ms
[679.609s][info][gc,cpu         ] GC(1779) User=0.33s Sys=0.00s Real=0.07s
[679.746s][info][gc,start       ] GC(1780) Pause Young (Allocation Failure)
[679.824s][info][gc,heap        ] GC(1780) PSYoungGen: 575264K->73888K(601600K)
[679.824s][info][gc,heap        ] GC(1780) PSOldGen: 237593K->291209K(1398272K)
[679.824s][info][gc,metaspace   ] GC(1780) Metaspace: 32465K(33584K)->32465K(33584K) NonClass: 28686K(29360K)->28686K(29360K) Class: 3779K(4224K)->3779K(4224K)
[679.824s][info][gc             ] GC(1780) Pause Young (Allocation Failure) 793M->356M(1953M) 77.453ms
[679.824s][info][gc,cpu         ] GC(1780) User=0.42s Sys=0.00s Real=0.08s
[680.494s][info][gc,start       ] GC(1781) Pause Young (Allocation Failure)
[680.550s][info][gc,heap        ] GC(1781) PSYoungGen: 578720K->57184K(603648K)
[680.550s][info][gc,heap        ] GC(1781) PSOldGen: 291209K->322569K(1398272K)
[680.550s][info][gc,metaspace   ] GC(1781) Metaspace: 32465K(33584K)->32465K(33584K) NonClass: 28686K(29360K)->28686K(29360K) Class: 3779K(4224K)->3779K(4224K)
[680.550s][info][gc             ] GC(1781) Pause Young (Allocation Failure) 849M->370M(1955M) 56.250ms
[680.550s][info][gc,cpu         ] GC(1781) User=0.28s Sys=0.00s Real=0.06s
[680.696s][info][gc,start       ] GC(1782) Pause Young (Allocation Failure)
[680.760s][info][gc,heap        ] GC(1782) PSYoungGen: 563552K->75104K(601600K)
[680.760s][info][gc,heap        ] GC(1782) PSOldGen: 322569K->365298K(1398272K)
[680.760s][info][gc,metaspace   ] GC(1782) Metaspace: 32465K(33584K)->32465K(33584K) NonClass: 28686K(29360K)->28686K(29360K) Class: 3779K(4224K)->3779K(4224K)
[680.760s][info][gc             ] GC(1782) Pause Young (Allocation Failure) 865M->430M(1953M) 64.375ms
[680.760s][info][gc,cpu         ] GC(1782) User=0.38s Sys=0.00s Real=0.06s
[680.931s][info][gc,start       ] GC(1783) Pause Young (Allocation Failure)
[681.006s][info][gc,heap        ] GC(1783) PSYoungGen: 581472K->70848K(603648K)
[681.006s][info][gc,heap        ] GC(1783) PSOldGen: 365298K->411530K(1398272K)
[681.006s][info][gc,metaspace   ] GC(1783) Metaspace: 32465K(33584K)->32465K(33584K) NonClass: 28686K(29360K)->28686K(29360K) Class: 3779K(4224K)->3779K(4224K)
[681.006s][info][gc             ] GC(1783) Pause Young (Allocation Failure) 924M->471M(1955M) 75.059ms
[681.006s][info][gc,cpu         ] GC(1783) User=0.38s Sys=0.00s Real=0.08s
[681.572s][info][gc,start       ] GC(1784) Pause Young (Allocation Failure)
[681.632s][info][gc,heap        ] GC(1784) PSYoungGen: 578240K->56256K(602624K)
[681.632s][info][gc,heap        ] GC(1784) PSOldGen: 411530K->443274K(1398272K)
[681.632s][info][gc,metaspace   ] GC(1784) Metaspace: 32465K(33584K)->32465K(33584K) NonClass: 28686K(29360K)->28686K(29360K) Class: 3779K(4224K)->3779K(4224K)
[681.632s][info][gc             ] GC(1784) Pause Young (Allocation Failure) 966M->487M(1954M) 60.416ms
[681.632s][info][gc,cpu         ] GC(1784) User=0.28s Sys=0.00s Real=0.06s
[681.770s][info][gc,start       ] GC(1785) Pause Young (Allocation Failure)
[681.833s][info][gc,heap        ] GC(1785) PSYoungGen: 563648K->74752K(603648K)
[681.833s][info][gc,heap        ] GC(1785) PSOldGen: 443274K->484730K(1398272K)
[681.833s][info][gc,metaspace   ] GC(1785) Metaspace: 32465K(33584K)->32465K(33584K) NonClass: 28686K(29360K)->28686K(29360K) Class: 3779K(4224K)->3779K(4224K)
[681.833s][info][gc             ] GC(1785) Pause Young (Allocation Failure) 983M->546M(1955M) 62.331ms
[681.833s][info][gc,cpu         ] GC(1785) User=0.38s Sys=0.00s Real=0.06s
[682.104s][info][gc,start       ] GC(1786) Pause Young (Allocation Failure)
[682.167s][info][gc,heap        ] GC(1786) PSYoungGen: 584192K->64608K(604160K)
[682.167s][info][gc,heap        ] GC(1786) PSOldGen: 484730K->519434K(1398272K)
[682.167s][info][gc,metaspace   ] GC(1786) Metaspace: 32465K(33584K)->32465K(33584K) NonClass: 28686K(29360K)->28686K(29360K) Class: 3779K(4224K)->3779K(4224K)
[682.167s][info][gc             ] GC(1786) Pause Young (Allocation Failure) 1043M->570M(1955M) 63.367ms
[682.167s][info][gc,cpu         ] GC(1786) User=0.38s Sys=0.00s Real=0.07s
[682.592s][info][gc,start       ] GC(1787) Pause Young (Allocation Failure)
[682.649s][info][gc,heap        ] GC(1787) PSYoungGen: 574048K->61856K(608768K)
[682.649s][info][gc,heap        ] GC(1787) PSOldGen: 519434K->554834K(1398272K)
[682.649s][info][gc,metaspace   ] GC(1787) Metaspace: 32465K(33584K)->32465K(33584K) NonClass: 28686K(29360K)->28686K(29360K) Class: 3779K(4224K)->3779K(4224K)
[682.649s][info][gc             ] GC(1787) Pause Young (Allocation Failure) 1067M->602M(1960M) 57.519ms
[682.649s][info][gc,cpu         ] GC(1787) User=0.38s Sys=0.00s Real=0.06s
[682.784s][info][gc,start       ] GC(1788) Pause Young (Allocation Failure)
[682.848s][info][gc,heap        ] GC(1788) PSYoungGen: 578464K->71776K(606720K)
[682.848s][info][gc,heap        ] GC(1788) PSOldGen: 554834K->603471K(1398272K)
[682.848s][info][gc,metaspace   ] GC(1788) Metaspace: 32465K(33584K)->32465K(33584K) NonClass: 28686K(29360K)->28686K(29360K) Class: 3779K(4224K)->3779K(4224K)
[682.848s][info][gc             ] GC(1788) Pause Young (Allocation Failure) 1106M->659M(1958M) 63.381ms
[682.848s][info][gc,cpu         ] GC(1788) User=0.38s Sys=0.00s Real=0.06s
[683.221s][info][gc,start       ] GC(1789) Pause Young (Allocation Failure)
[683.285s][info][gc,heap        ] GC(1789) PSYoungGen: 588384K->53600K(609280K)
[683.285s][info][gc,heap        ] GC(1789) PSOldGen: 603471K->642183K(1398272K)
[683.285s][info][gc,metaspace   ] GC(1789) Metaspace: 32465K(33584K)->32465K(33584K) NonClass: 28686K(29360K)->28686K(29360K) Class: 3779K(4224K)->3779K(4224K)
[683.285s][info][gc             ] GC(1789) Pause Young (Allocation Failure) 1163M->679M(1960M) 64.193ms
[683.285s][info][gc,cpu         ] GC(1789) User=0.34s Sys=0.00s Real=0.07s
[683.814s][info][gc,start       ] GC(1790) Pause Young (Allocation Failure)
[683.876s][info][gc,heap        ] GC(1790) PSYoungGen: 572768K->77120K(596480K)
[683.876s][info][gc,heap        ] GC(1790) PSOldGen: 642183K->671599K(1398272K)
[683.876s][info][gc,metaspace   ] GC(1790) Metaspace: 32465K(33584K)->32465K(33584K) NonClass: 28686K(29360K)->28686K(29360K) Class: 3779K(4224K)->3779K(4224K)
[683.876s][info][gc             ] GC(1790) Pause Young (Allocation Failure) 1186M->731M(1948M) 62.589ms
[683.876s][info][gc,cpu         ] GC(1790) User=0.36s Sys=0.00s Real=0.07s
[684.020s][info][gc,start       ] GC(1791) Pause Young (Allocation Failure)
[684.097s][info][gc,heap        ] GC(1791) PSYoungGen: 596288K->76768K(604160K)
[684.097s][info][gc,heap        ] GC(1791) PSOldGen: 671599K->732691K(1398272K)
[684.097s][info][gc,metaspace   ] GC(1791) Metaspace: 32465K(33584K)->32465K(33584K) NonClass: 28686K(29360K)->28686K(29360K) Class: 3779K(4224K)->3779K(4224K)
[684.097s][info][gc             ] GC(1791) Pause Young (Allocation Failure) 1238M->790M(1955M) 76.854ms
[684.097s][info][gc,cpu         ] GC(1791) User=0.47s Sys=0.00s Real=0.08s
[684.805s][info][gc,start       ] GC(1792) Pause Young (Allocation Failure)
[684.859s][info][gc,heap        ] GC(1792) PSYoungGen: 589280K->44384K(557056K)
[684.859s][info][gc,heap        ] GC(1792) PSOldGen: 732691K->764827K(1398272K)
[684.859s][info][gc,metaspace   ] GC(1792) Metaspace: 32465K(33584K)->32465K(33584K) NonClass: 28686K(29360K)->28686K(29360K) Class: 3779K(4224K)->3779K(4224K)
[684.859s][info][gc             ] GC(1792) Pause Young (Allocation Failure) 1290M->790M(1909M) 54.049ms
[684.859s][info][gc,cpu         ] GC(1792) User=0.28s Sys=0.00s Real=0.06s
[684.997s][info][gc,start       ] GC(1793) Pause Young (Allocation Failure)
[685.056s][info][gc,heap        ] GC(1793) PSYoungGen: 556896K->69184K(605696K)
[685.056s][info][gc,heap        ] GC(1793) PSOldGen: 764827K->802740K(1398272K)
[685.056s][info][gc,metaspace   ] GC(1793) Metaspace: 32465K(33584K)->32465K(33584K) NonClass: 28686K(29360K)->28686K(29360K) Class: 3779K(4224K)->3779K(4224K)
[685.057s][info][gc             ] GC(1793) Pause Young (Allocation Failure) 1290M->851M(1957M) 59.010ms
[685.057s][info][gc,cpu         ] GC(1793) User=0.38s Sys=0.00s Real=0.06s
[685.200s][info][gc,start       ] GC(1794) Pause Young (Allocation Failure)
[685.287s][info][gc,heap        ] GC(1794) PSYoungGen: 580159K->78880K(590336K)
[685.287s][info][gc,heap        ] GC(1794) PSOldGen: 802740K->853700K(1398272K)
[685.287s][info][gc,metaspace   ] GC(1794) Metaspace: 32465K(33584K)->32465K(33584K) NonClass: 28686K(29360K)->28686K(29360K) Class: 3779K(4224K)->3779K(4224K)
[685.287s][info][gc             ] GC(1794) Pause Young (Allocation Failure) 1350M->910M(1942M) 87.273ms
[685.287s][info][gc,cpu         ] GC(1794) User=0.42s Sys=0.00s Real=0.09s
[685.823s][info][gc,start       ] GC(1795) Pause Young (Allocation Failure)
[685.883s][info][gc,heap        ] GC(1795) PSYoungGen: 589856K->57344K(604672K)
[685.883s][info][gc,heap        ] GC(1795) PSOldGen: 853700K->885068K(1398272K)
[685.883s][info][gc,metaspace   ] GC(1795) Metaspace: 32465K(33584K)->32465K(33584K) NonClass: 28686K(29360K)->28686K(29360K) Class: 3779K(4224K)->3779K(4224K)
[685.883s][info][gc             ] GC(1795) Pause Young (Allocation Failure) 1409M->920M(1956M) 60.330ms
[685.883s][info][gc,cpu         ] GC(1795) User=0.28s Sys=0.00s Real=0.06s
[686.018s][info][gc,start       ] GC(1796) Pause Young (Allocation Failure)
[686.082s][info][gc,heap        ] GC(1796) PSYoungGen: 566272K->67456K(603136K)
[686.082s][info][gc,heap        ] GC(1796) PSOldGen: 885068K->934004K(1398272K)
[686.082s][info][gc,metaspace   ] GC(1796) Metaspace: 32465K(33584K)->32465K(33584K) NonClass: 28686K(29360K)->28686K(29360K) Class: 3779K(4224K)->3779K(4224K)
[686.082s][info][gc             ] GC(1796) Pause Young (Allocation Failure) 1417M->977M(1954M) 63.880ms
[686.082s][info][gc,cpu         ] GC(1796) User=0.38s Sys=0.00s Real=0.06s
[686.218s][info][gc,start       ] GC(1797) Pause Young (Allocation Failure)
[686.291s][info][gc,heap        ] GC(1797) PSYoungGen: 576384K->69152K(608256K)
[686.291s][info][gc,heap        ] GC(1797) PSOldGen: 934004K->986300K(1398272K)
[686.291s][info][gc,metaspace   ] GC(1797) Metaspace: 32465K(33584K)->32465K(33584K) NonClass: 28686K(29360K)->28686K(29360K) Class: 3779K(4224K)->3779K(4224K)
[686.291s][info][gc             ] GC(1797) Pause Young (Allocation Failure) 1474M->1030M(1959M) 73.015ms
[686.291s][info][gc,cpu         ] GC(1797) User=0.42s Sys=0.00s Real=0.07s
[686.871s][info][gc,start       ] GC(1798) Pause Young (Allocation Failure)
[686.933s][info][gc,heap        ] GC(1798) PSYoungGen: 585248K->56864K(606720K)
[686.933s][info][gc,heap        ] GC(1798) PSOldGen: 986300K->1017204K(1398272K)
[686.933s][info][gc,metaspace   ] GC(1798) Metaspace: 32465K(33584K)->32465K(33584K) NonClass: 28686K(29360K)->28686K(29360K) Class: 3779K(4224K)->3779K(4224K)
[686.933s][info][gc             ] GC(1798) Pause Young (Allocation Failure) 1534M->1048M(1958M) 61.564ms
[686.933s][info][gc,cpu         ] GC(1798) User=0.34s Sys=0.03s Real=0.06s
[687.068s][info][gc,start       ] GC(1799) Pause Young (Allocation Failure)
[687.131s][info][gc,heap        ] GC(1799) PSYoungGen: 572960K->72768K(608256K)
[687.131s][info][gc,heap        ] GC(1799) PSOldGen: 1017204K->1060629K(1398272K)
[687.131s][info][gc,metaspace   ] GC(1799) Metaspace: 32465K(33584K)->32465K(33584K) NonClass: 28686K(29360K)->28686K(29360K) Class: 3779K(4224K)->3779K(4224K)
[687.131s][info][gc             ] GC(1799) Pause Young (Allocation Failure) 1552M->1106M(1959M) 63.873ms
[687.131s][info][gc,cpu         ] GC(1799) User=0.33s Sys=0.00s Real=0.06s
[687.338s][info][gc,start       ] GC(1800) Pause Young (Allocation Failure)
[687.414s][info][gc,heap        ] GC(1800) PSYoungGen: 591424K->65888K(608768K)
[687.414s][info][gc,heap        ] GC(1800) PSOldGen: 1060629K->1103837K(1398272K)
[687.414s][info][gc,metaspace   ] GC(1800) Metaspace: 32465K(33584K)->32465K(33584K) NonClass: 28686K(29360K)->28686K(29360K) Class: 3779K(4224K)->3779K(4224K)
[687.414s][info][gc             ] GC(1800) Pause Young (Allocation Failure) 1613M->1142M(1960M) 75.730ms
[687.414s][info][gc,cpu         ] GC(1800) User=0.38s Sys=0.00s Real=0.09s
[688.036s][info][gc,start       ] GC(1801) Pause Young (Allocation Failure)
[688.098s][info][gc,heap        ] GC(1801) PSYoungGen: 584544K->68928K(612352K)
[688.098s][info][gc,heap        ] GC(1801) PSOldGen: 1103837K->1136549K(1398272K)
[688.098s][info][gc,metaspace   ] GC(1801) Metaspace: 32465K(33584K)->32465K(33584K) NonClass: 28686K(29360K)->28686K(29360K) Class: 3779K(4224K)->3779K(4224K)
[688.098s][info][gc             ] GC(1801) Pause Young (Allocation Failure) 1648M->1177M(1963M) 62.417ms
[688.098s][info][gc,cpu         ] GC(1801) User=0.38s Sys=0.00s Real=0.07s
[688.257s][info][gc,start       ] GC(1802) Pause Young (Allocation Failure)
[688.333s][info][gc,heap        ] GC(1802) PSYoungGen: 593216K->86528K(610816K)
[688.334s][info][gc,heap        ] GC(1802) PSOldGen: 1136549K->1185001K(1398272K)
[688.334s][info][gc,metaspace   ] GC(1802) Metaspace: 32465K(33584K)->32465K(33584K) NonClass: 28686K(29360K)->28686K(29360K) Class: 3779K(4224K)->3779K(4224K)
[688.334s][info][gc             ] GC(1802) Pause Young (Allocation Failure) 1689M->1241M(1962M) 76.641ms
[688.334s][info][gc,cpu         ] GC(1802) User=0.44s Sys=0.00s Real=0.07s
[689.000s][info][gc,start       ] GC(1803) Pause Young (System.gc())
[689.058s][info][gc,heap        ] GC(1803) PSYoungGen: 553080K->34592K(560640K)
[689.058s][info][gc,heap        ] GC(1803) PSOldGen: 1185001K->1220633K(1398272K)
[689.058s][info][gc,metaspace   ] GC(1803) Metaspace: 32465K(33584K)->32465K(33584K) NonClass: 28686K(29360K)->28686K(29360K) Class: 3779K(4224K)->3779K(4224K)
[689.058s][info][gc             ] GC(1803) Pause Young (System.gc()) 1697M->1225M(1913M) 58.261ms
[689.058s][info][gc,cpu         ] GC(1803) User=0.38s Sys=0.00s Real=0.07s
[689.058s][info][gc,start       ] GC(1804) Pause Full (System.gc())
[689.058s][info][gc,phases,start] GC(1804) Phase 1: Mark live objects
[689.171s][info][gc,phases      ] GC(1804) Phase 1: Mark live objects 112.726ms
[689.171s][info][gc,phases,start] GC(1804) Phase 2: Compute new object addresses
[689.350s][info][gc,phases      ] GC(1804) Phase 2: Compute new object addresses 179.633ms
[689.351s][info][gc,phases,start] GC(1804) Phase 3: Adjust pointers
[689.429s][info][gc,phases      ] GC(1804) Phase 3: Adjust pointers 78.437ms
[689.429s][info][gc,phases,start] GC(1804) Phase 4: Move objects
[689.452s][info][gc,phases      ] GC(1804) Phase 4: Move objects 23.318ms
[689.453s][info][gc,heap        ] GC(1804) PSYoungGen: 34592K->0K(560640K)
[689.453s][info][gc,heap        ] GC(1804) PSOldGen: 1220633K->110172K(1398272K)
[689.453s][info][gc,metaspace   ] GC(1804) Metaspace: 32465K(33584K)->32465K(33584K) NonClass: 28686K(29360K)->28686K(29360K) Class: 3779K(4224K)->3779K(4224K)
[689.453s][info][gc             ] GC(1804) Pause Full (System.gc()) 1225M->107M(1913M) 394.950ms
[689.453s][info][gc,cpu         ] GC(1804) User=0.36s Sys=0.00s Real=0.39s
[689.596s][info][gc,start       ] GC(1805) Pause Young (Allocation Failure)
[689.639s][info][gc,heap        ] GC(1805) PSYoungGen: 472576K->65728K(585728K)
[689.639s][info][gc,heap        ] GC(1805) PSOldGen: 110172K->110172K(1398272K)
[689.639s][info][gc,metaspace   ] GC(1805) Metaspace: 32465K(33584K)->32465K(33584K) NonClass: 28686K(29360K)->28686K(29360K) Class: 3779K(4224K)->3779K(4224K)
[689.639s][info][gc             ] GC(1805) Pause Young (Allocation Failure) 569M->171M(1937M) 43.034ms
[689.639s][info][gc,cpu         ] GC(1805) User=0.27s Sys=0.00s Real=0.04s
[689.775s][info][gc,start       ] GC(1806) Pause Young (Allocation Failure)
[689.841s][info][gc,heap        ] GC(1806) PSYoungGen: 538304K->73760K(591872K)
[689.841s][info][gc,heap        ] GC(1806) PSOldGen: 110172K->156705K(1398272K)
[689.841s][info][gc,metaspace   ] GC(1806) Metaspace: 32465K(33584K)->32465K(33584K) NonClass: 28686K(29360K)->28686K(29360K) Class: 3779K(4224K)->3779K(4224K)
[689.841s][info][gc             ] GC(1806) Pause Young (Allocation Failure) 633M->225M(1943M) 65.972ms
[689.841s][info][gc,cpu         ] GC(1806) User=0.36s Sys=0.02s Real=0.07s
[690.355s][info][gc,start       ] GC(1807) Pause Young (Allocation Failure)
[690.407s][info][gc,heap        ] GC(1807) PSYoungGen: 556576K->39328K(589824K)
[690.407s][info][gc,heap        ] GC(1807) PSOldGen: 156705K->187617K(1398272K)
[690.407s][info][gc,metaspace   ] GC(1807) Metaspace: 32465K(33584K)->32465K(33584K) NonClass: 28686K(29360K)->28686K(29360K) Class: 3779K(4224K)->3779K(4224K)
[690.407s][info][gc             ] GC(1807) Pause Young (Allocation Failure) 696M->221M(1941M) 51.641ms
[690.407s][info][gc,cpu         ] GC(1807) User=0.25s Sys=0.00s Real=0.06s
[690.691s][info][gc,start       ] GC(1808) Pause Young (Allocation Failure)
[690.751s][info][gc,heap        ] GC(1808) PSYoungGen: 522144K->75424K(591360K)
[690.751s][info][gc,heap        ] GC(1808) PSOldGen: 187617K->218945K(1398272K)
[690.751s][info][gc,metaspace   ] GC(1808) Metaspace: 32465K(33584K)->32465K(33584K) NonClass: 28686K(29360K)->28686K(29360K) Class: 3779K(4224K)->3779K(4224K)
[690.751s][info][gc             ] GC(1808) Pause Young (Allocation Failure) 693M->287M(1943M) 60.009ms
[690.751s][info][gc,cpu         ] GC(1808) User=0.38s Sys=0.00s Real=0.08s
[690.881s][info][gc,start       ] GC(1809) Pause Young (Allocation Failure)
[690.950s][info][gc,heap        ] GC(1809) PSYoungGen: 558240K->67968K(590336K)
[690.950s][info][gc,heap        ] GC(1809) PSOldGen: 218945K->281133K(1398272K)
[690.950s][info][gc,metaspace   ] GC(1809) Metaspace: 32465K(33584K)->32465K(33584K) NonClass: 28686K(29360K)->28686K(29360K) Class: 3779K(4224K)->3779K(4224K)
[690.950s][info][gc             ] GC(1809) Pause Young (Allocation Failure) 758M->340M(1942M) 68.941ms
[690.950s][info][gc,cpu         ] GC(1809) User=0.47s Sys=0.00s Real=0.07s
[691.651s][info][gc,start       ] GC(1810) Pause Young (Allocation Failure)
[691.704s][info][gc,heap        ] GC(1810) PSYoungGen: 550784K->43200K(593920K)
[691.704s][info][gc,heap        ] GC(1810) PSOldGen: 281133K->309925K(1398272K)
[691.704s][info][gc,metaspace   ] GC(1810) Metaspace: 32465K(33584K)->32465K(33584K) NonClass: 28686K(29360K)->28686K(29360K) Class: 3779K(4224K)->3779K(4224K)
[691.704s][info][gc             ] GC(1810) Pause Young (Allocation Failure) 812M->344M(1945M) 53.330ms
[691.704s][info][gc,cpu         ] GC(1810) User=0.28s Sys=0.00s Real=0.05s
[691.836s][info][gc,start       ] GC(1811) Pause Young (Allocation Failure)
[691.896s][info][gc,heap        ] GC(1811) PSYoungGen: 533184K->65952K(594432K)
[691.896s][info][gc,heap        ] GC(1811) PSOldGen: 309925K->347286K(1398272K)
[691.896s][info][gc,metaspace   ] GC(1811) Metaspace: 32465K(33584K)->32465K(33584K) NonClass: 28686K(29360K)->28686K(29360K) Class: 3779K(4224K)->3779K(4224K)
[691.896s][info][gc             ] GC(1811) Pause Young (Allocation Failure) 823M->403M(1946M) 59.505ms
[691.896s][info][gc,cpu         ] GC(1811) User=0.28s Sys=0.00s Real=0.06s
[692.028s][info][gc,start       ] GC(1812) Pause Young (Allocation Failure)
[692.101s][info][gc,heap        ] GC(1812) PSYoungGen: 555936K->72000K(599040K)
[692.101s][info][gc,heap        ] GC(1812) PSOldGen: 347286K->397894K(1398272K)
[692.101s][info][gc,metaspace   ] GC(1812) Metaspace: 32465K(33584K)->32465K(33584K) NonClass: 28686K(29360K)->28686K(29360K) Class: 3779K(4224K)->3779K(4224K)
[692.101s][info][gc             ] GC(1812) Pause Young (Allocation Failure) 882M->458M(1950M) 72.752ms
[692.101s][info][gc,cpu         ] GC(1812) User=0.38s Sys=0.00s Real=0.07s
[692.775s][info][gc,start       ] GC(1813) Pause Young (Allocation Failure)
[692.824s][info][gc,heap        ] GC(1813) PSYoungGen: 570176K->45568K(598016K)
[692.824s][info][gc,heap        ] GC(1813) PSOldGen: 397894K->427814K(1398272K)
[692.824s][info][gc,metaspace   ] GC(1813) Metaspace: 32465K(33584K)->32465K(33584K) NonClass: 28686K(29360K)->28686K(29360K) Class: 3779K(4224K)->3779K(4224K)
[692.824s][info][gc             ] GC(1813) Pause Young (Allocation Failure) 945M->462M(1949M) 48.839ms
[692.824s][info][gc,cpu         ] GC(1813) User=0.28s Sys=0.00s Real=0.05s
[692.963s][info][gc,start       ] GC(1814) Pause Young (Allocation Failure)
[693.025s][info][gc,heap        ] GC(1814) PSYoungGen: 543744K->70656K(600064K)
[693.025s][info][gc,heap        ] GC(1814) PSOldGen: 427814K->466118K(1398272K)
[693.025s][info][gc,metaspace   ] GC(1814) Metaspace: 32465K(33584K)->32465K(33584K) NonClass: 28686K(29360K)->28686K(29360K) Class: 3779K(4224K)->3779K(4224K)
[693.025s][info][gc             ] GC(1814) Pause Young (Allocation Failure) 948M->524M(1951M) 62.328ms
[693.025s][info][gc,cpu         ] GC(1814) User=0.38s Sys=0.00s Real=0.06s
[693.157s][info][gc,start       ] GC(1815) Pause Young (Allocation Failure)
[693.223s][info][gc,heap        ] GC(1815) PSYoungGen: 570880K->70080K(599040K)
[693.224s][info][gc,heap        ] GC(1815) PSOldGen: 466118K->521390K(1398272K)
[693.224s][info][gc,metaspace   ] GC(1815) Metaspace: 32465K(33584K)->32465K(33584K) NonClass: 28686K(29360K)->28686K(29360K) Class: 3779K(4224K)->3779K(4224K)
[693.224s][info][gc             ] GC(1815) Pause Young (Allocation Failure) 1012M->577M(1950M) 66.826ms
[693.224s][info][gc,cpu         ] GC(1815) User=0.33s Sys=0.00s Real=0.07s
[693.798s][info][gc,start       ] GC(1816) Pause Young (Allocation Failure)
[693.855s][info][gc,heap        ] GC(1816) PSYoungGen: 570304K->49408K(602112K)
[693.855s][info][gc,heap        ] GC(1816) PSOldGen: 521390K->551886K(1398272K)
[693.855s][info][gc,metaspace   ] GC(1816) Metaspace: 32465K(33584K)->32465K(33584K) NonClass: 28686K(29360K)->28686K(29360K) Class: 3779K(4224K)->3779K(4224K)
[693.855s][info][gc             ] GC(1816) Pause Young (Allocation Failure) 1066M->587M(1953M) 56.482ms
[693.855s][info][gc,cpu         ] GC(1816) User=0.38s Sys=0.00s Real=0.06s
[693.991s][info][gc,start       ] GC(1817) Pause Young (Allocation Failure)
[694.052s][info][gc,heap        ] GC(1817) PSYoungGen: 554240K->71360K(601600K)
[694.052s][info][gc,heap        ] GC(1817) PSOldGen: 551886K->591662K(1398272K)
[694.052s][info][gc,metaspace   ] GC(1817) Metaspace: 32465K(33584K)->32465K(33584K) NonClass: 28686K(29360K)->28686K(29360K) Class: 3779K(4224K)->3779K(4224K)
[694.052s][info][gc             ] GC(1817) Pause Young (Allocation Failure) 1080M->647M(1953M) 61.337ms
[694.052s][info][gc,cpu         ] GC(1817) User=0.36s Sys=0.02s Real=0.06s
[694.183s][info][gc,start       ] GC(1818) Pause Young (Allocation Failure)
[694.260s][info][gc,heap        ] GC(1818) PSYoungGen: 576192K->68480K(604160K)
[694.260s][info][gc,heap        ] GC(1818) PSOldGen: 591662K->649686K(1398272K)
[694.260s][info][gc,metaspace   ] GC(1818) Metaspace: 32465K(33584K)->32465K(33584K) NonClass: 28686K(29360K)->28686K(29360K) Class: 3779K(4224K)->3779K(4224K)
[694.260s][info][gc             ] GC(1818) Pause Young (Allocation Failure) 1140M->701M(1955M) 77.729ms
[694.260s][info][gc,cpu         ] GC(1818) User=0.45s Sys=0.00s Real=0.08s
[694.958s][info][gc,start       ] GC(1819) Pause Young (Allocation Failure)
[695.013s][info][gc,heap        ] GC(1819) PSYoungGen: 575872K->54880K(602112K)
[695.013s][info][gc,heap        ] GC(1819) PSOldGen: 649686K->679286K(1398272K)
[695.013s][info][gc,metaspace   ] GC(1819) Metaspace: 32465K(33584K)->32465K(33584K) NonClass: 28686K(29360K)->28686K(29360K) Class: 3779K(4224K)->3779K(4224K)
[695.013s][info][gc             ] GC(1819) Pause Young (Allocation Failure) 1196M->716M(1953M) 54.276ms
[695.013s][info][gc,cpu         ] GC(1819) User=0.38s Sys=0.00s Real=0.05s
[695.164s][info][gc,start       ] GC(1820) Pause Young (Allocation Failure)
[695.227s][info][gc,heap        ] GC(1820) PSYoungGen: 562272K->74624K(603136K)
[695.227s][info][gc,heap        ] GC(1820) PSOldGen: 679286K->720767K(1398272K)
[695.227s][info][gc,metaspace   ] GC(1820) Metaspace: 32465K(33584K)->32465K(33584K) NonClass: 28686K(29360K)->28686K(29360K) Class: 3779K(4224K)->3779K(4224K)
[695.227s][info][gc             ] GC(1820) Pause Young (Allocation Failure) 1212M->776M(1954M) 63.471ms
[695.227s][info][gc,cpu         ] GC(1820) User=0.38s Sys=0.00s Real=0.06s
[695.371s][info][gc,start       ] GC(1821) Pause Young (Allocation Failure)
[695.445s][info][gc,heap        ] GC(1821) PSYoungGen: 584064K->70528K(604160K)
[695.445s][info][gc,heap        ] GC(1821) PSOldGen: 720767K->774999K(1398272K)
[695.445s][info][gc,metaspace   ] GC(1821) Metaspace: 32465K(33584K)->32465K(33584K) NonClass: 28686K(29360K)->28686K(29360K) Class: 3779K(4224K)->3779K(4224K)
[695.445s][info][gc             ] GC(1821) Pause Young (Allocation Failure) 1274M->825M(1955M) 74.133ms
[695.445s][info][gc,cpu         ] GC(1821) User=0.38s Sys=0.00s Real=0.07s
[695.949s][info][gc,start       ] GC(1822) Pause Young (Allocation Failure)
[696.015s][info][gc,heap        ] GC(1822) PSYoungGen: 579968K->58784K(606720K)
[696.015s][info][gc,heap        ] GC(1822) PSOldGen: 774999K->805831K(1398272K)
[696.015s][info][gc,metaspace   ] GC(1822) Metaspace: 32465K(33584K)->32465K(33584K) NonClass: 28686K(29360K)->28686K(29360K) Class: 3779K(4224K)->3779K(4224K)
[696.015s][info][gc             ] GC(1822) Pause Young (Allocation Failure) 1323M->844M(1958M) 65.325ms
[696.015s][info][gc,cpu         ] GC(1822) User=0.38s Sys=0.00s Real=0.07s
[696.147s][info][gc,start       ] GC(1823) Pause Young (Allocation Failure)
[696.217s][info][gc,heap        ] GC(1823) PSYoungGen: 571808K->72000K(605184K)
[696.217s][info][gc,heap        ] GC(1823) PSOldGen: 805831K->851511K(1398272K)
[696.218s][info][gc,metaspace   ] GC(1823) Metaspace: 32465K(33584K)->32465K(33584K) NonClass: 28686K(29360K)->28686K(29360K) Class: 3779K(4224K)->3779K(4224K)
[696.218s][info][gc             ] GC(1823) Pause Young (Allocation Failure) 1345M->901M(1956M) 70.273ms
[696.218s][info][gc,cpu         ] GC(1823) User=0.45s Sys=0.00s Real=0.07s
[696.432s][info][gc,start       ] GC(1824) Pause Young (Allocation Failure)
[696.500s][info][gc,heap        ] GC(1824) PSYoungGen: 585024K->66688K(608768K)
[696.500s][info][gc,heap        ] GC(1824) PSOldGen: 851511K->891015K(1398272K)
[696.500s][info][gc,metaspace   ] GC(1824) Metaspace: 32465K(33584K)->32465K(33584K) NonClass: 28686K(29360K)->28686K(29360K) Class: 3779K(4224K)->3779K(4224K)
[696.500s][info][gc             ] GC(1824) Pause Young (Allocation Failure) 1402M->935M(1960M) 68.031ms
[696.500s][info][gc,cpu         ] GC(1824) User=0.38s Sys=0.00s Real=0.07s
[697.073s][info][gc,start       ] GC(1825) Pause Young (Allocation Failure)
[697.134s][info][gc,heap        ] GC(1825) PSYoungGen: 583296K->66304K(606720K)
[697.134s][info][gc,heap        ] GC(1825) PSOldGen: 891015K->924519K(1398272K)
[697.134s][info][gc,metaspace   ] GC(1825) Metaspace: 32465K(33584K)->32465K(33584K) NonClass: 28686K(29360K)->28686K(29360K) Class: 3779K(4224K)->3779K(4224K)
[697.134s][info][gc             ] GC(1825) Pause Young (Allocation Failure) 1439M->967M(1958M) 60.856ms
[697.134s][info][gc,cpu         ] GC(1825) User=0.36s Sys=0.00s Real=0.06s
[697.285s][info][gc,start       ] GC(1826) Pause Young (Allocation Failure)
[697.357s][info][gc,heap        ] GC(1826) PSYoungGen: 582912K->80096K(604160K)
[697.357s][info][gc,heap        ] GC(1826) PSOldGen: 924519K->975104K(1398272K)
[697.357s][info][gc,metaspace   ] GC(1826) Metaspace: 32465K(33584K)->32465K(33584K) NonClass: 28686K(29360K)->28686K(29360K) Class: 3779K(4224K)->3779K(4224K)
[697.357s][info][gc             ] GC(1826) Pause Young (Allocation Failure) 1472M->1030M(1955M) 72.480ms
[697.357s][info][gc,cpu         ] GC(1826) User=0.47s Sys=0.00s Real=0.07s
[698.016s][info][gc,start       ] GC(1827) Pause Young (Allocation Failure)
[698.069s][info][gc,heap        ] GC(1827) PSYoungGen: 596704K->42912K(559616K)
[698.069s][info][gc,heap        ] GC(1827) PSOldGen: 975104K->1008776K(1398272K)
[698.069s][info][gc,metaspace   ] GC(1827) Metaspace: 32465K(33584K)->32465K(33584K) NonClass: 28686K(29360K)->28686K(29360K) Class: 3779K(4224K)->3779K(4224K)
[698.069s][info][gc             ] GC(1827) Pause Young (Allocation Failure) 1534M->1027M(1912M) 53.244ms
[698.069s][info][gc,cpu         ] GC(1827) User=0.25s Sys=0.00s Real=0.05s
[698.392s][info][gc,start       ] GC(1828) Pause Young (Allocation Failure)
[698.456s][info][gc,heap        ] GC(1828) PSYoungGen: 559520K->82112K(599040K)
[698.456s][info][gc,heap        ] GC(1828) PSOldGen: 1008776K->1042176K(1398272K)
[698.456s][info][gc,metaspace   ] GC(1828) Metaspace: 32465K(33584K)->32465K(33584K) NonClass: 28686K(29360K)->28686K(29360K) Class: 3779K(4224K)->3779K(4224K)
[698.456s][info][gc             ] GC(1828) Pause Young (Allocation Failure) 1531M->1097M(1950M) 64.547ms
[698.456s][info][gc,cpu         ] GC(1828) User=0.38s Sys=0.00s Real=0.08s
[698.623s][info][gc,start       ] GC(1829) Pause Young (Allocation Failure)
[698.702s][info][gc,heap        ] GC(1829) PSYoungGen: 588480K->89280K(595968K)
[698.702s][info][gc,heap        ] GC(1829) PSOldGen: 1042176K->1101396K(1398272K)
[698.702s][info][gc,metaspace   ] GC(1829) Metaspace: 32465K(33584K)->32465K(33584K) NonClass: 28686K(29360K)->28686K(29360K) Class: 3779K(4224K)->3779K(4224K)
[698.702s][info][gc             ] GC(1829) Pause Young (Allocation Failure) 1592M->1162M(1947M) 78.494ms
[698.702s][info][gc,cpu         ] GC(1829) User=0.47s Sys=0.00s Real=0.08s
[699.327s][info][gc,start       ] GC(1830) Pause Young (Allocation Failure)
[699.393s][info][gc,heap        ] GC(1830) PSYoungGen: 595648K->64000K(599552K)
[699.393s][info][gc,heap        ] GC(1830) PSOldGen: 1101396K->1136668K(1398272K)
[699.393s][info][gc,metaspace   ] GC(1830) Metaspace: 32465K(33584K)->32465K(33584K) NonClass: 28686K(29360K)->28686K(29360K) Class: 3779K(4224K)->3779K(4224K)
[699.393s][info][gc             ] GC(1830) Pause Young (Allocation Failure) 1657M->1172M(1951M) 65.882ms
[699.393s][info][gc,cpu         ] GC(1830) User=0.38s Sys=0.00s Real=0.07s
[699.538s][info][gc,start       ] GC(1831) Pause Young (Allocation Failure)
[699.612s][info][gc,heap        ] GC(1831) PSYoungGen: 561664K->77664K(596992K)
[699.612s][info][gc,heap        ] GC(1831) PSOldGen: 1136668K->1183757K(1398272K)
[699.612s][info][gc,metaspace   ] GC(1831) Metaspace: 32465K(33584K)->32465K(33584K) NonClass: 28686K(29360K)->28686K(29360K) Class: 3779K(4224K)->3779K(4224K)
[699.612s][info][gc             ] GC(1831) Pause Young (Allocation Failure) 1658M->1231M(1948M) 74.016ms
[699.612s][info][gc,cpu         ] GC(1831) User=0.47s Sys=0.00s Real=0.08s
[699.859s][info][gc,start       ] GC(1832) Pause Young (Allocation Failure)
[699.924s][info][gc,heap        ] GC(1832) PSYoungGen: 575328K->60288K(600576K)
[699.924s][info][gc,heap        ] GC(1832) PSOldGen: 1183757K->1223805K(1398272K)
[699.924s][info][gc,metaspace   ] GC(1832) Metaspace: 32465K(33584K)->32465K(33584K) NonClass: 28686K(29360K)->28686K(29360K) Class: 3779K(4224K)->3779K(4224K)
[699.924s][info][gc             ] GC(1832) Pause Young (Allocation Failure) 1717M->1253M(1952M) 64.898ms
[699.924s][info][gc,cpu         ] GC(1832) User=0.38s Sys=0.00s Real=0.08s
[700.327s][info][gc,start       ] GC(1833) Pause Young (System.gc())
[700.361s][info][gc,heap        ] GC(1833) PSYoungGen: 206972K->11488K(511488K)
[700.361s][info][gc,heap        ] GC(1833) PSOldGen: 1223805K->1256989K(1398272K)
[700.361s][info][gc,metaspace   ] GC(1833) Metaspace: 32465K(33584K)->32465K(33584K) NonClass: 28686K(29360K)->28686K(29360K) Class: 3779K(4224K)->3779K(4224K)
[700.361s][info][gc             ] GC(1833) Pause Young (System.gc()) 1397M->1238M(1865M) 33.608ms
[700.361s][info][gc,cpu         ] GC(1833) User=0.19s Sys=0.00s Real=0.04s
[700.361s][info][gc,start       ] GC(1834) Pause Full (System.gc())
[700.361s][info][gc,phases,start] GC(1834) Phase 1: Mark live objects
[700.478s][info][gc,phases      ] GC(1834) Phase 1: Mark live objects 116.940ms
[700.478s][info][gc,phases,start] GC(1834) Phase 2: Compute new object addresses
[700.660s][info][gc,phases      ] GC(1834) Phase 2: Compute new object addresses 181.365ms
[700.660s][info][gc,phases,start] GC(1834) Phase 3: Adjust pointers
[700.743s][info][gc,phases      ] GC(1834) Phase 3: Adjust pointers 83.360ms
[700.743s][info][gc,phases,start] GC(1834) Phase 4: Move objects
[700.766s][info][gc,phases      ] GC(1834) Phase 4: Move objects 23.027ms
[700.767s][info][gc,heap        ] GC(1834) PSYoungGen: 11488K->0K(511488K)
[700.767s][info][gc,heap        ] GC(1834) PSOldGen: 1256989K->104548K(1398272K)
[700.767s][info][gc,metaspace   ] GC(1834) Metaspace: 32465K(33584K)->32465K(33584K) NonClass: 28686K(29360K)->28686K(29360K) Class: 3779K(4224K)->3779K(4224K)
[700.767s][info][gc             ] GC(1834) Pause Full (System.gc()) 1238M->102M(1865M) 405.555ms
[700.767s][info][gc,cpu         ] GC(1834) User=0.41s Sys=0.00s Real=0.40s
[700.944s][info][gc,start       ] GC(1835) Pause Young (Allocation Failure)
[700.994s][info][gc,heap        ] GC(1835) PSYoungGen: 499712K->77216K(591872K)
[700.994s][info][gc,heap        ] GC(1835) PSOldGen: 104548K->104548K(1398272K)
[700.994s][info][gc,metaspace   ] GC(1835) Metaspace: 32465K(33584K)->32465K(33584K) NonClass: 28686K(29360K)->28686K(29360K) Class: 3779K(4224K)->3779K(4224K)
[700.994s][info][gc             ] GC(1835) Pause Young (Allocation Failure) 590M->177M(1943M) 50.211ms
[700.994s][info][gc,cpu         ] GC(1835) User=0.38s Sys=0.00s Real=0.05s
[701.121s][info][gc,start       ] GC(1836) Pause Young (Allocation Failure)
[701.201s][info][gc,heap        ] GC(1836) PSYoungGen: 564128K->68960K(592896K)
[701.201s][info][gc,heap        ] GC(1836) PSOldGen: 104548K->166708K(1398272K)
[701.201s][info][gc,metaspace   ] GC(1836) Metaspace: 32465K(33584K)->32465K(33584K) NonClass: 28686K(29360K)->28686K(29360K) Class: 3779K(4224K)->3779K(4224K)
[701.201s][info][gc             ] GC(1836) Pause Young (Allocation Failure) 653M->230M(1944M) 79.218ms
[701.201s][info][gc,cpu         ] GC(1836) User=0.47s Sys=0.00s Real=0.08s
[701.838s][info][gc,start       ] GC(1837) Pause Young (Allocation Failure)
[701.892s][info][gc,heap        ] GC(1837) PSYoungGen: 555872K->46144K(595968K)
[701.892s][info][gc,heap        ] GC(1837) PSOldGen: 166708K->195900K(1398272K)
[701.892s][info][gc,metaspace   ] GC(1837) Metaspace: 32465K(33584K)->32465K(33584K) NonClass: 28686K(29360K)->28686K(29360K) Class: 3779K(4224K)->3779K(4224K)
[701.892s][info][gc             ] GC(1837) Pause Young (Allocation Failure) 705M->236M(1947M) 54.278ms
[701.892s][info][gc,cpu         ] GC(1837) User=0.28s Sys=0.00s Real=0.05s
[702.024s][info][gc,start       ] GC(1838) Pause Young (Allocation Failure)
[702.081s][info][gc,heap        ] GC(1838) PSYoungGen: 538176K->62400K(594944K)
[702.081s][info][gc,heap        ] GC(1838) PSOldGen: 195900K->237700K(1398272K)
[702.081s][info][gc,metaspace   ] GC(1838) Metaspace: 32465K(33584K)->32465K(33584K) NonClass: 28686K(29360K)->28686K(29360K) Class: 3779K(4224K)->3779K(4224K)
[702.081s][info][gc             ] GC(1838) Pause Young (Allocation Failure) 716M->293M(1946M) 57.406ms
[702.081s][info][gc,cpu         ] GC(1838) User=0.28s Sys=0.00s Real=0.06s
[702.222s][info][gc,start       ] GC(1839) Pause Young (Allocation Failure)
[702.305s][info][gc,heap        ] GC(1839) PSYoungGen: 554432K->76768K(595968K)
[702.305s][info][gc,heap        ] GC(1839) PSOldGen: 237700K->282940K(1398272K)
[702.305s][info][gc,metaspace   ] GC(1839) Metaspace: 32465K(33584K)->32465K(33584K) NonClass: 28686K(29360K)->28686K(29360K) Class: 3779K(4224K)->3779K(4224K)
[702.305s][info][gc             ] GC(1839) Pause Young (Allocation Failure) 773M->351M(1947M) 83.788ms
[702.305s][info][gc,cpu         ] GC(1839) User=0.47s Sys=0.00s Real=0.08s
[702.935s][info][gc,start       ] GC(1840) Pause Young (Allocation Failure)
[702.990s][info][gc,heap        ] GC(1840) PSYoungGen: 573920K->49408K(598016K)
[702.990s][info][gc,heap        ] GC(1840) PSOldGen: 282940K->314084K(1398272K)
[702.990s][info][gc,metaspace   ] GC(1840) Metaspace: 32465K(33584K)->32465K(33584K) NonClass: 28686K(29360K)->28686K(29360K) Class: 3779K(4224K)->3779K(4224K)
[702.990s][info][gc             ] GC(1840) Pause Young (Allocation Failure) 836M->354M(1949M) 54.688ms
[702.990s][info][gc,cpu         ] GC(1840) User=0.28s Sys=0.00s Real=0.06s
[703.128s][info][gc,start       ] GC(1841) Pause Young (Allocation Failure)
[703.194s][info][gc,heap        ] GC(1841) PSYoungGen: 546560K->71552K(599552K)
[703.194s][info][gc,heap        ] GC(1841) PSOldGen: 314084K->353617K(1398272K)
[703.194s][info][gc,metaspace   ] GC(1841) Metaspace: 32465K(33584K)->32465K(33584K) NonClass: 28686K(29360K)->28686K(29360K) Class: 3779K(4224K)->3779K(4224K)
[703.194s][info][gc             ] GC(1841) Pause Young (Allocation Failure) 840M->415M(1951M) 65.905ms
[703.194s][info][gc,cpu         ] GC(1841) User=0.38s Sys=0.00s Real=0.06s
[703.331s][info][gc,start       ] GC(1842) Pause Young (Allocation Failure)
[703.400s][info][gc,heap        ] GC(1842) PSYoungGen: 571776K->69312K(599552K)
[703.400s][info][gc,heap        ] GC(1842) PSOldGen: 353617K->411121K(1398272K)
[703.400s][info][gc,metaspace   ] GC(1842) Metaspace: 32465K(33584K)->32465K(33584K) NonClass: 28686K(29360K)->28686K(29360K) Class: 3779K(4224K)->3779K(4224K)
[703.400s][info][gc             ] GC(1842) Pause Young (Allocation Failure) 903M->469M(1951M) 69.294ms
[703.400s][info][gc,cpu         ] GC(1842) User=0.42s Sys=0.00s Real=0.07s
[704.115s][info][gc,start       ] GC(1843) Pause Young (Allocation Failure)
[704.179s][info][gc,heap        ] GC(1843) PSYoungGen: 569536K->57120K(603136K)
[704.179s][info][gc,heap        ] GC(1843) PSOldGen: 411121K->441409K(1398272K)
[704.179s][info][gc,metaspace   ] GC(1843) Metaspace: 32465K(33584K)->32465K(33584K) NonClass: 28686K(29360K)->28686K(29360K) Class: 3779K(4224K)->3779K(4224K)
[704.179s][info][gc             ] GC(1843) Pause Young (Allocation Failure) 957M->486M(1954M) 63.715ms
[704.179s][info][gc,cpu         ] GC(1843) User=0.38s Sys=0.00s Real=0.07s
[704.331s][info][gc,start       ] GC(1844) Pause Young (Allocation Failure)
[704.398s][info][gc,heap        ] GC(1844) PSYoungGen: 562464K->77984K(601088K)
[704.398s][info][gc,heap        ] GC(1844) PSOldGen: 441409K->484133K(1398272K)
[704.399s][info][gc,metaspace   ] GC(1844) Metaspace: 32465K(33584K)->32465K(33584K) NonClass: 28686K(29360K)->28686K(29360K) Class: 3779K(4224K)->3779K(4224K)
[704.399s][info][gc             ] GC(1844) Pause Young (Allocation Failure) 980M->548M(1952M) 67.987ms
[704.399s][info][gc,cpu         ] GC(1844) User=0.34s Sys=0.00s Real=0.07s
[704.590s][info][gc,start       ] GC(1845) Pause Young (Allocation Failure)
[704.662s][info][gc,heap        ] GC(1845) PSYoungGen: 583328K->68192K(603136K)
[704.662s][info][gc,heap        ] GC(1845) PSOldGen: 484133K->523669K(1398272K)
[704.662s][info][gc,metaspace   ] GC(1845) Metaspace: 32465K(33584K)->32465K(33584K) NonClass: 28686K(29360K)->28686K(29360K) Class: 3779K(4224K)->3779K(4224K)
[704.662s][info][gc             ] GC(1845) Pause Young (Allocation Failure) 1042M->577M(1954M) 72.282ms
[704.662s][info][gc,cpu         ] GC(1845) User=0.38s Sys=0.00s Real=0.07s
[705.120s][info][gc,start       ] GC(1846) Pause Young (Allocation Failure)
[705.177s][info][gc,heap        ] GC(1846) PSYoungGen: 573536K->57024K(601088K)
[705.177s][info][gc,heap        ] GC(1846) PSOldGen: 523669K->558397K(1398272K)
[705.177s][info][gc,metaspace   ] GC(1846) Metaspace: 32465K(33584K)->32465K(33584K) NonClass: 28686K(29360K)->28686K(29360K) Class: 3779K(4224K)->3779K(4224K)
[705.177s][info][gc             ] GC(1846) Pause Young (Allocation Failure) 1071M->600M(1952M) 57.555ms
[705.177s][info][gc,cpu         ] GC(1846) User=0.28s Sys=0.00s Real=0.06s
[705.304s][info][gc,start       ] GC(1847) Pause Young (Allocation Failure)
[705.371s][info][gc,heap        ] GC(1847) PSYoungGen: 562368K->68768K(606208K)
[705.371s][info][gc,heap        ] GC(1847) PSOldGen: 558397K->604342K(1398272K)
[705.371s][info][gc,metaspace   ] GC(1847) Metaspace: 32465K(33584K)->32465K(33584K) NonClass: 28686K(29360K)->28686K(29360K) Class: 3779K(4224K)->3779K(4224K)
[705.371s][info][gc             ] GC(1847) Pause Young (Allocation Failure) 1094M->657M(1957M) 67.224ms
[705.371s][info][gc,cpu         ] GC(1847) User=0.41s Sys=0.00s Real=0.07s
[705.653s][info][gc,start       ] GC(1848) Pause Young (Allocation Failure)
[705.716s][info][gc,heap        ] GC(1848) PSYoungGen: 580768K->62048K(604672K)
[705.716s][info][gc,heap        ] GC(1848) PSOldGen: 604342K->641734K(1398272K)
[705.717s][info][gc,metaspace   ] GC(1848) Metaspace: 32465K(33584K)->32465K(33584K) NonClass: 28686K(29360K)->28686K(29360K) Class: 3779K(4224K)->3779K(4224K)
[705.717s][info][gc             ] GC(1848) Pause Young (Allocation Failure) 1157M->687M(1956M) 63.311ms
[705.717s][info][gc,cpu         ] GC(1848) User=0.36s Sys=0.02s Real=0.07s
[706.247s][info][gc,start       ] GC(1849) Pause Young (Allocation Failure)
[706.310s][info][gc,heap        ] GC(1849) PSYoungGen: 574048K->64384K(610816K)
[706.310s][info][gc,heap        ] GC(1849) PSOldGen: 641734K->674590K(1398272K)
[706.310s][info][gc,metaspace   ] GC(1849) Metaspace: 32465K(33584K)->32465K(33584K) NonClass: 28686K(29360K)->28686K(29360K) Class: 3779K(4224K)->3779K(4224K)
[706.310s][info][gc             ] GC(1849) Pause Young (Allocation Failure) 1187M->721M(1962M) 62.738ms
[706.310s][info][gc,cpu         ] GC(1849) User=0.36s Sys=0.00s Real=0.07s
[706.450s][info][gc,start       ] GC(1850) Pause Young (Allocation Failure)
[706.519s][info][gc,heap        ] GC(1850) PSYoungGen: 584576K->72864K(608256K)
[706.519s][info][gc,heap        ] GC(1850) PSOldGen: 674590K->725518K(1398272K)
[706.519s][info][gc,metaspace   ] GC(1850) Metaspace: 32465K(33584K)->32465K(33584K) NonClass: 28686K(29360K)->28686K(29360K) Class: 3779K(4224K)->3779K(4224K)
[706.519s][info][gc             ] GC(1850) Pause Young (Allocation Failure) 1229M->779M(1959M) 68.706ms
[706.519s][info][gc,cpu         ] GC(1850) User=0.36s Sys=0.00s Real=0.07s
[707.097s][info][gc,start       ] GC(1851) Pause Young (Allocation Failure)
[707.150s][info][gc,heap        ] GC(1851) PSYoungGen: 593056K->46368K(608256K)
[707.150s][info][gc,heap        ] GC(1851) PSOldGen: 725518K->758150K(1398272K)
[707.150s][info][gc,metaspace   ] GC(1851) Metaspace: 32465K(33584K)->32465K(33584K) NonClass: 28686K(29360K)->28686K(29360K) Class: 3779K(4224K)->3779K(4224K)
[707.150s][info][gc             ] GC(1851) Pause Young (Allocation Failure) 1287M->785M(1959M) 52.782ms
[707.150s][info][gc,cpu         ] GC(1851) User=0.38s Sys=0.00s Real=0.06s
[707.415s][info][gc,start       ] GC(1852) Pause Young (Allocation Failure)
[707.478s][info][gc,heap        ] GC(1852) PSYoungGen: 566048K->72512K(592384K)
[707.478s][info][gc,heap        ] GC(1852) PSOldGen: 758150K->792110K(1398272K)
[707.478s][info][gc,metaspace   ] GC(1852) Metaspace: 32465K(33584K)->32465K(33584K) NonClass: 28686K(29360K)->28686K(29360K) Class: 3779K(4224K)->3779K(4224K)
[707.478s][info][gc             ] GC(1852) Pause Young (Allocation Failure) 1293M->844M(1944M) 63.127ms
[707.478s][info][gc,cpu         ] GC(1852) User=0.38s Sys=0.00s Real=0.06s
[707.618s][info][gc,start       ] GC(1853) Pause Young (Allocation Failure)
[707.686s][info][gc,heap        ] GC(1853) PSYoungGen: 592192K->75008K(606208K)
[707.686s][info][gc,heap        ] GC(1853) PSOldGen: 792110K->847171K(1398272K)
[707.686s][info][gc,metaspace   ] GC(1853) Metaspace: 32465K(33584K)->32465K(33584K) NonClass: 28686K(29360K)->28686K(29360K) Class: 3779K(4224K)->3779K(4224K)
[707.686s][info][gc             ] GC(1853) Pause Young (Allocation Failure) 1351M->900M(1957M) 67.992ms
[707.686s][info][gc,cpu         ] GC(1853) User=0.38s Sys=0.00s Real=0.07s
[708.213s][info][gc,start       ] GC(1854) Pause Young (Allocation Failure)
[708.274s][info][gc,heap        ] GC(1854) PSYoungGen: 590592K->48256K(564224K)
[708.274s][info][gc,heap        ] GC(1854) PSOldGen: 847171K->878187K(1398272K)
[708.274s][info][gc,metaspace   ] GC(1854) Metaspace: 32465K(33584K)->32465K(33584K) NonClass: 28686K(29360K)->28686K(29360K) Class: 3779K(4224K)->3779K(4224K)
[708.274s][info][gc             ] GC(1854) Pause Young (Allocation Failure) 1404M->904M(1916M) 61.912ms
[708.274s][info][gc,cpu         ] GC(1854) User=0.34s Sys=0.00s Real=0.06s
[708.427s][info][gc,start       ] GC(1855) Pause Young (Allocation Failure)
[708.489s][info][gc,heap        ] GC(1855) PSYoungGen: 563840K->68992K(607744K)
[708.489s][info][gc,heap        ] GC(1855) PSOldGen: 878187K->921335K(1398272K)
[708.489s][info][gc,metaspace   ] GC(1855) Metaspace: 32465K(33584K)->32465K(33584K) NonClass: 28686K(29360K)->28686K(29360K) Class: 3779K(4224K)->3779K(4224K)
[708.489s][info][gc             ] GC(1855) Pause Young (Allocation Failure) 1408M->967M(1959M) 62.590ms
[708.489s][info][gc,cpu         ] GC(1855) User=0.31s Sys=0.00s Real=0.06s
[708.616s][info][gc,start       ] GC(1856) Pause Young (Allocation Failure)
[708.681s][info][gc,heap        ] GC(1856) PSYoungGen: 584576K->64512K(606720K)
[708.681s][info][gc,heap        ] GC(1856) PSOldGen: 921335K->980743K(1398272K)
[708.681s][info][gc,metaspace   ] GC(1856) Metaspace: 32465K(33584K)->32465K(33584K) NonClass: 28686K(29360K)->28686K(29360K) Class: 3779K(4224K)->3779K(4224K)
[708.681s][info][gc             ] GC(1856) Pause Young (Allocation Failure) 1470M->1020M(1958M) 65.150ms
[708.681s][info][gc,cpu         ] GC(1856) User=0.47s Sys=0.00s Real=0.06s
[709.361s][info][gc,start       ] GC(1857) Pause Young (Allocation Failure)
[709.420s][info][gc,heap        ] GC(1857) PSYoungGen: 580096K->60928K(611840K)
[709.420s][info][gc,heap        ] GC(1857) PSOldGen: 980743K->1009959K(1398272K)
[709.420s][info][gc,metaspace   ] GC(1857) Metaspace: 32465K(33584K)->32465K(33584K) NonClass: 28686K(29360K)->28686K(29360K) Class: 3779K(4224K)->3779K(4224K)
[709.420s][info][gc             ] GC(1857) Pause Young (Allocation Failure) 1524M->1045M(1963M) 58.250ms
[709.420s][info][gc,cpu         ] GC(1857) User=0.38s Sys=0.00s Real=0.06s
[709.564s][info][gc,start       ] GC(1858) Pause Young (Allocation Failure)
[709.632s][info][gc,heap        ] GC(1858) PSYoungGen: 584192K->77824K(601088K)
[709.632s][info][gc,heap        ] GC(1858) PSOldGen: 1009959K->1055716K(1398272K)
[709.632s][info][gc,metaspace   ] GC(1858) Metaspace: 32465K(33584K)->32465K(33584K) NonClass: 28686K(29360K)->28686K(29360K) Class: 3779K(4224K)->3779K(4224K)
[709.632s][info][gc             ] GC(1858) Pause Young (Allocation Failure) 1556M->1106M(1952M) 68.507ms
[709.632s][info][gc,cpu         ] GC(1858) User=0.38s Sys=0.00s Real=0.07s
[709.862s][info][gc,start       ] GC(1859) Pause Young (Allocation Failure)
[709.935s][info][gc,heap        ] GC(1859) PSYoungGen: 601088K->65280K(611840K)
[709.935s][info][gc,heap        ] GC(1859) PSOldGen: 1055716K->1100948K(1398272K)
[709.935s][info][gc,metaspace   ] GC(1859) Metaspace: 32465K(33584K)->32465K(33584K) NonClass: 28686K(29360K)->28686K(29360K) Class: 3779K(4224K)->3779K(4224K)
[709.935s][info][gc             ] GC(1859) Pause Young (Allocation Failure) 1617M->1138M(1963M) 73.136ms
[709.935s][info][gc,cpu         ] GC(1859) User=0.44s Sys=0.02s Real=0.08s
[710.553s][info][gc,start       ] GC(1860) Pause Young (Allocation Failure)
[710.614s][info][gc,heap        ] GC(1860) PSYoungGen: 587520K->67040K(609280K)
[710.614s][info][gc,heap        ] GC(1860) PSOldGen: 1100948K->1132564K(1398272K)
[710.614s][info][gc,metaspace   ] GC(1860) Metaspace: 32465K(33584K)->32465K(33584K) NonClass: 28686K(29360K)->28686K(29360K) Class: 3779K(4224K)->3779K(4224K)
[710.614s][info][gc             ] GC(1860) Pause Young (Allocation Failure) 1648M->1171M(1960M) 61.666ms
[710.614s][info][gc,cpu         ] GC(1860) User=0.34s Sys=0.00s Real=0.08s
[710.757s][info][gc,start       ] GC(1861) Pause Young (Allocation Failure)
[710.824s][info][gc,heap        ] GC(1861) PSYoungGen: 589280K->75072K(610304K)
[710.824s][info][gc,heap        ] GC(1861) PSOldGen: 1132564K->1184904K(1398272K)
[710.824s][info][gc,metaspace   ] GC(1861) Metaspace: 32465K(33584K)->32465K(33584K) NonClass: 28686K(29360K)->28686K(29360K) Class: 3779K(4224K)->3779K(4224K)
[710.824s][info][gc             ] GC(1861) Pause Young (Allocation Failure) 1681M->1230M(1961M) 67.192ms
[710.824s][info][gc,cpu         ] GC(1861) User=0.47s Sys=0.00s Real=0.07s
[711.462s][info][gc,start       ] GC(1862) Pause Young (Allocation Failure)
[711.517s][info][gc,heap        ] GC(1862) PSYoungGen: 599872K->45984K(570880K)
[711.517s][info][gc,heap        ] GC(1862) PSOldGen: 1184904K->1218128K(1398272K)
[711.517s][info][gc,metaspace   ] GC(1862) Metaspace: 32465K(33584K)->32465K(33584K) NonClass: 28686K(29360K)->28686K(29360K) Class: 3779K(4224K)->3779K(4224K)
[711.517s][info][gc             ] GC(1862) Pause Young (Allocation Failure) 1742M->1234M(1923M) 55.433ms
[711.517s][info][gc,cpu         ] GC(1862) User=0.27s Sys=0.02s Real=0.07s
[711.634s][info][gc,start       ] GC(1863) Pause Young (System.gc())
[711.665s][info][gc,heap        ] GC(1863) PSYoungGen: 71919K->3712K(593920K)
[711.665s][info][gc,heap        ] GC(1863) PSOldGen: 1218128K->1253664K(1398272K)
[711.665s][info][gc,metaspace   ] GC(1863) Metaspace: 32465K(33584K)->32465K(33584K) NonClass: 28686K(29360K)->28686K(29360K) Class: 3779K(4224K)->3779K(4224K)
[711.665s][info][gc             ] GC(1863) Pause Young (System.gc()) 1259M->1227M(1945M) 31.630ms
[711.665s][info][gc,cpu         ] GC(1863) User=0.19s Sys=0.00s Real=0.04s
[711.665s][info][gc,start       ] GC(1864) Pause Full (System.gc())
[711.666s][info][gc,phases,start] GC(1864) Phase 1: Mark live objects
[711.781s][info][gc,phases      ] GC(1864) Phase 1: Mark live objects 115.374ms
[711.781s][info][gc,phases,start] GC(1864) Phase 2: Compute new object addresses
[711.960s][info][gc,phases      ] GC(1864) Phase 2: Compute new object addresses 179.277ms
[711.960s][info][gc,phases,start] GC(1864) Phase 3: Adjust pointers
[712.042s][info][gc,phases      ] GC(1864) Phase 3: Adjust pointers 81.962ms
[712.042s][info][gc,phases,start] GC(1864) Phase 4: Move objects
[712.066s][info][gc,phases      ] GC(1864) Phase 4: Move objects 23.298ms
[712.066s][info][gc,heap        ] GC(1864) PSYoungGen: 3712K->0K(593920K)
[712.066s][info][gc,heap        ] GC(1864) PSOldGen: 1253664K->104577K(1398272K)
[712.066s][info][gc,metaspace   ] GC(1864) Metaspace: 32465K(33584K)->32465K(33584K) NonClass: 28686K(29360K)->28686K(29360K) Class: 3779K(4224K)->3779K(4224K)
[712.066s][info][gc             ] GC(1864) Pause Full (System.gc()) 1227M->102M(1945M) 400.679ms
[712.066s][info][gc,cpu         ] GC(1864) User=0.39s Sys=0.00s Real=0.39s
[712.207s][info][gc,start       ] GC(1865) Pause Young (Allocation Failure)
[712.245s][info][gc,heap        ] GC(1865) PSYoungGen: 505344K->67232K(602112K)
[712.245s][info][gc,heap        ] GC(1865) PSOldGen: 104577K->104577K(1398272K)
[712.245s][info][gc,metaspace   ] GC(1865) Metaspace: 32465K(33584K)->32465K(33584K) NonClass: 28686K(29360K)->28686K(29360K) Class: 3779K(4224K)->3779K(4224K)
[712.245s][info][gc             ] GC(1865) Pause Young (Allocation Failure) 595M->167M(1953M) 37.633ms
[712.245s][info][gc,cpu         ] GC(1865) User=0.28s Sys=0.00s Real=0.04s
[712.385s][info][gc,start       ] GC(1866) Pause Young (Allocation Failure)
[712.458s][info][gc,heap        ] GC(1866) PSYoungGen: 572576K->74816K(598528K)
[712.458s][info][gc,heap        ] GC(1866) PSOldGen: 104577K->156477K(1398272K)
[712.458s][info][gc,metaspace   ] GC(1866) Metaspace: 32465K(33584K)->32465K(33584K) NonClass: 28686K(29360K)->28686K(29360K) Class: 3779K(4224K)->3779K(4224K)
[712.458s][info][gc             ] GC(1866) Pause Young (Allocation Failure) 661M->225M(1950M) 73.735ms
[712.458s][info][gc,cpu         ] GC(1866) User=0.36s Sys=0.00s Real=0.07s
[713.197s][info][gc,start       ] GC(1867) Pause Young (Allocation Failure)
[713.251s][info][gc,heap        ] GC(1867) PSYoungGen: 577088K->41344K(600576K)
[713.251s][info][gc,heap        ] GC(1867) PSOldGen: 156477K->188277K(1398272K)
[713.251s][info][gc,metaspace   ] GC(1867) Metaspace: 32465K(33584K)->32465K(33584K) NonClass: 28686K(29360K)->28686K(29360K) Class: 3779K(4224K)->3779K(4224K)
[713.251s][info][gc             ] GC(1867) Pause Young (Allocation Failure) 716M->224M(1952M) 54.725ms
[713.251s][info][gc,cpu         ] GC(1867) User=0.28s Sys=0.00s Real=0.06s
[713.395s][info][gc,start       ] GC(1868) Pause Young (Allocation Failure)
[713.453s][info][gc,heap        ] GC(1868) PSYoungGen: 543616K->67968K(601600K)
[713.453s][info][gc,heap        ] GC(1868) PSOldGen: 188277K->224894K(1398272K)
[713.453s][info][gc,metaspace   ] GC(1868) Metaspace: 32465K(33584K)->32465K(33584K) NonClass: 28686K(29360K)->28686K(29360K) Class: 3779K(4224K)->3779K(4224K)
[713.453s][info][gc             ] GC(1868) Pause Young (Allocation Failure) 714M->285M(1953M) 57.649ms
[713.453s][info][gc,cpu         ] GC(1868) User=0.36s Sys=0.00s Real=0.06s
[713.602s][info][gc,start       ] GC(1869) Pause Young (Allocation Failure)
[713.678s][info][gc,heap        ] GC(1869) PSYoungGen: 571776K->78336K(582144K)
[713.678s][info][gc,heap        ] GC(1869) PSOldGen: 224894K->274766K(1398272K)
[713.678s][info][gc,metaspace   ] GC(1869) Metaspace: 32465K(33584K)->32465K(33584K) NonClass: 28686K(29360K)->28686K(29360K) Class: 3779K(4224K)->3779K(4224K)
[713.678s][info][gc             ] GC(1869) Pause Young (Allocation Failure) 777M->344M(1934M) 76.337ms
[713.678s][info][gc,cpu         ] GC(1869) User=0.38s Sys=0.00s Real=0.08s
[714.314s][info][gc,start       ] GC(1870) Pause Young (Allocation Failure)
[714.371s][info][gc,heap        ] GC(1870) PSYoungGen: 582144K->49952K(600064K)
[714.371s][info][gc,heap        ] GC(1870) PSOldGen: 274766K->306910K(1398272K)
[714.371s][info][gc,metaspace   ] GC(1870) Metaspace: 32465K(33584K)->32465K(33584K) NonClass: 28686K(29360K)->28686K(29360K) Class: 3779K(4224K)->3779K(4224K)
[714.371s][info][gc             ] GC(1870) Pause Young (Allocation Failure) 836M->348M(1951M) 57.123ms
[714.371s][info][gc,cpu         ] GC(1870) User=0.33s Sys=0.00s Real=0.07s
[714.509s][info][gc,start       ] GC(1871) Pause Young (Allocation Failure)
[714.577s][info][gc,heap        ] GC(1871) PSYoungGen: 549664K->71104K(598528K)
[714.577s][info][gc,heap        ] GC(1871) PSOldGen: 306910K->347134K(1398272K)
[714.577s][info][gc,metaspace   ] GC(1871) Metaspace: 32465K(33584K)->32465K(33584K) NonClass: 28686K(29360K)->28686K(29360K) Class: 3779K(4224K)->3779K(4224K)
[714.577s][info][gc             ] GC(1871) Pause Young (Allocation Failure) 836M->408M(1950M) 67.708ms
[714.577s][info][gc,cpu         ] GC(1871) User=0.36s Sys=0.00s Real=0.07s
[714.710s][info][gc,start       ] GC(1872) Pause Young (Allocation Failure)
[714.790s][info][gc,heap        ] GC(1872) PSYoungGen: 570816K->70688K(600576K)
[714.791s][info][gc,heap        ] GC(1872) PSOldGen: 347134K->404270K(1398272K)
[714.791s][info][gc,metaspace   ] GC(1872) Metaspace: 32465K(33584K)->32465K(33584K) NonClass: 28686K(29360K)->28686K(29360K) Class: 3779K(4224K)->3779K(4224K)
[714.791s][info][gc             ] GC(1872) Pause Young (Allocation Failure) 896M->463M(1952M) 80.946ms
[714.791s][info][gc,cpu         ] GC(1872) User=0.56s Sys=0.00s Real=0.08s
[715.433s][info][gc,start       ] GC(1873) Pause Young (Allocation Failure)
[715.488s][info][gc,heap        ] GC(1873) PSYoungGen: 572448K->55488K(600064K)
[715.488s][info][gc,heap        ] GC(1873) PSOldGen: 404270K->434318K(1398272K)
[715.488s][info][gc,metaspace   ] GC(1873) Metaspace: 32465K(33584K)->32465K(33584K) NonClass: 28686K(29360K)->28686K(29360K) Class: 3779K(4224K)->3779K(4224K)
[715.488s][info][gc             ] GC(1873) Pause Young (Allocation Failure) 953M->478M(1951M) 54.997ms
[715.488s][info][gc,cpu         ] GC(1873) User=0.28s Sys=0.00s Real=0.06s
[715.622s][info][gc,start       ] GC(1874) Pause Young (Allocation Failure)
[715.684s][info][gc,heap        ] GC(1874) PSYoungGen: 557248K->68480K(603648K)
[715.684s][info][gc,heap        ] GC(1874) PSOldGen: 434318K->479099K(1398272K)
[715.684s][info][gc,metaspace   ] GC(1874) Metaspace: 32465K(33584K)->32465K(33584K) NonClass: 28686K(29360K)->28686K(29360K) Class: 3779K(4224K)->3779K(4224K)
[715.684s][info][gc             ] GC(1874) Pause Young (Allocation Failure) 968M->534M(1955M) 62.232ms
[715.684s][info][gc,cpu         ] GC(1874) User=0.36s Sys=0.00s Real=0.06s
[715.823s][info][gc,start       ] GC(1875) Pause Young (Allocation Failure)
[715.890s][info][gc,heap        ] GC(1875) PSYoungGen: 575872K->69856K(602624K)
[715.890s][info][gc,heap        ] GC(1875) PSOldGen: 479099K->533203K(1398272K)
[715.891s][info][gc,metaspace   ] GC(1875) Metaspace: 32465K(33584K)->32465K(33584K) NonClass: 28686K(29360K)->28686K(29360K) Class: 3779K(4224K)->3779K(4224K)
[715.891s][info][gc             ] GC(1875) Pause Young (Allocation Failure) 1030M->588M(1954M) 67.639ms
[715.891s][info][gc,cpu         ] GC(1875) User=0.38s Sys=0.00s Real=0.07s
[716.534s][info][gc,start       ] GC(1876) Pause Young (Allocation Failure)
[716.591s][info][gc,heap        ] GC(1876) PSYoungGen: 577248K->59744K(606720K)
[716.591s][info][gc,heap        ] GC(1876) PSOldGen: 533203K->563763K(1398272K)
[716.591s][info][gc,metaspace   ] GC(1876) Metaspace: 32465K(33584K)->32465K(33584K) NonClass: 28686K(29360K)->28686K(29360K) Class: 3779K(4224K)->3779K(4224K)
[716.591s][info][gc             ] GC(1876) Pause Young (Allocation Failure) 1084M->608M(1958M) 57.804ms
[716.591s][info][gc,cpu         ] GC(1876) User=0.34s Sys=0.00s Real=0.06s
[716.737s][info][gc,start       ] GC(1877) Pause Young (Allocation Failure)
[716.803s][info][gc,heap        ] GC(1877) PSYoungGen: 571744K->78976K(591360K)
[716.804s][info][gc,heap        ] GC(1877) PSOldGen: 563763K->606827K(1398272K)
[716.804s][info][gc,metaspace   ] GC(1877) Metaspace: 32465K(33584K)->32465K(33584K) NonClass: 28686K(29360K)->28686K(29360K) Class: 3779K(4224K)->3779K(4224K)
[716.804s][info][gc             ] GC(1877) Pause Young (Allocation Failure) 1108M->669M(1943M) 66.807ms
[716.804s][info][gc,cpu         ] GC(1877) User=0.38s Sys=0.00s Real=0.07s
[717.054s][info][gc,start       ] GC(1878) Pause Young (Allocation Failure)
[717.122s][info][gc,heap        ] GC(1878) PSYoungGen: 590976K->63200K(606720K)
[717.122s][info][gc,heap        ] GC(1878) PSOldGen: 606827K->645163K(1398272K)
[717.122s][info][gc,metaspace   ] GC(1878) Metaspace: 32465K(33584K)->32465K(33584K) NonClass: 28686K(29360K)->28686K(29360K) Class: 3779K(4224K)->3779K(4224K)
[717.122s][info][gc             ] GC(1878) Pause Young (Allocation Failure) 1169M->691M(1958M) 67.714ms
[717.122s][info][gc,cpu         ] GC(1878) User=0.47s Sys=0.00s Real=0.08s
[717.610s][info][gc,start       ] GC(1879) Pause Young (Allocation Failure)
[717.667s][info][gc,heap        ] GC(1879) PSYoungGen: 574688K->61696K(603648K)
[717.667s][info][gc,heap        ] GC(1879) PSOldGen: 645163K->678539K(1398272K)
[717.667s][info][gc,metaspace   ] GC(1879) Metaspace: 32465K(33584K)->32465K(33584K) NonClass: 28686K(29360K)->28686K(29360K) Class: 3779K(4224K)->3779K(4224K)
[717.667s][info][gc             ] GC(1879) Pause Young (Allocation Failure) 1191M->722M(1955M) 57.405ms
[717.667s][info][gc,cpu         ] GC(1879) User=0.38s Sys=0.00s Real=0.06s
[717.803s][info][gc,start       ] GC(1880) Pause Young (Allocation Failure)
[717.868s][info][gc,heap        ] GC(1880) PSYoungGen: 573184K->74304K(606720K)
[717.868s][info][gc,heap        ] GC(1880) PSOldGen: 678539K->725647K(1398272K)
[717.868s][info][gc,metaspace   ] GC(1880) Metaspace: 32465K(33584K)->32465K(33584K) NonClass: 28686K(29360K)->28686K(29360K) Class: 3779K(4224K)->3779K(4224K)
[717.868s][info][gc             ] GC(1880) Pause Young (Allocation Failure) 1222M->781M(1958M) 65.249ms
[717.868s][info][gc,cpu         ] GC(1880) User=0.47s Sys=0.00s Real=0.06s
[718.247s][info][gc,start       ] GC(1881) Pause Young (Allocation Failure)
[718.310s][info][gc,heap        ] GC(1881) PSYoungGen: 590912K->54208K(607744K)
[718.311s][info][gc,heap        ] GC(1881) PSOldGen: 725647K->761671K(1398272K)
[718.311s][info][gc,metaspace   ] GC(1881) Metaspace: 32465K(33584K)->32465K(33584K) NonClass: 28686K(29360K)->28686K(29360K) Class: 3779K(4224K)->3779K(4224K)
[718.311s][info][gc             ] GC(1881) Pause Young (Allocation Failure) 1285M->796M(1959M) 63.264ms
[718.311s][info][gc,cpu         ] GC(1881) User=0.36s Sys=0.00s Real=0.07s
[718.793s][info][gc,start       ] GC(1882) Pause Young (Allocation Failure)
[718.857s][info][gc,heap        ] GC(1882) PSYoungGen: 570816K->79072K(602112K)
[718.857s][info][gc,heap        ] GC(1882) PSOldGen: 761671K->792320K(1398272K)
[718.857s][info][gc,metaspace   ] GC(1882) Metaspace: 32465K(33584K)->32465K(33584K) NonClass: 28686K(29360K)->28686K(29360K) Class: 3779K(4224K)->3779K(4224K)
[718.857s][info][gc             ] GC(1882) Pause Young (Allocation Failure) 1301M->850M(1953M) 63.374ms
[718.857s][info][gc,cpu         ] GC(1882) User=0.33s Sys=0.00s Real=0.07s
[718.990s][info][gc,start       ] GC(1883) Pause Young (Allocation Failure)
[719.065s][info][gc,heap        ] GC(1883) PSYoungGen: 590560K->72608K(605184K)
[719.065s][info][gc,heap        ] GC(1883) PSOldGen: 792320K->858668K(1398272K)
[719.065s][info][gc,metaspace   ] GC(1883) Metaspace: 32465K(33584K)->32465K(33584K) NonClass: 28686K(29360K)->28686K(29360K) Class: 3779K(4224K)->3779K(4224K)
[719.065s][info][gc             ] GC(1883) Pause Young (Allocation Failure) 1350M->909M(1956M) 75.026ms
[719.065s][info][gc,cpu         ] GC(1883) User=0.45s Sys=0.00s Real=0.07s
[719.844s][info][gc,start       ] GC(1884) Pause Young (Allocation Failure)
[719.900s][info][gc,heap        ] GC(1884) PSYoungGen: 584096K->45824K(603648K)
[719.900s][info][gc,heap        ] GC(1884) PSOldGen: 858668K->889404K(1398272K)
[719.900s][info][gc,metaspace   ] GC(1884) Metaspace: 32465K(33584K)->32465K(33584K) NonClass: 28686K(29360K)->28686K(29360K) Class: 3779K(4224K)->3779K(4224K)
[719.900s][info][gc             ] GC(1884) Pause Young (Allocation Failure) 1408M->913M(1955M) 56.210ms
[719.900s][info][gc,cpu         ] GC(1884) User=0.38s Sys=0.00s Real=0.06s
[720.043s][info][gc,start       ] GC(1885) Pause Young (Allocation Failure)
[720.101s][info][gc,heap        ] GC(1885) PSYoungGen: 556288K->68800K(604672K)
[720.101s][info][gc,heap        ] GC(1885) PSOldGen: 889404K->928412K(1398272K)
[720.101s][info][gc,metaspace   ] GC(1885) Metaspace: 32465K(33584K)->32465K(33584K) NonClass: 28686K(29360K)->28686K(29360K) Class: 3779K(4224K)->3779K(4224K)
[720.101s][info][gc             ] GC(1885) Pause Young (Allocation Failure) 1411M->973M(1956M) 58.622ms
[720.101s][info][gc,cpu         ] GC(1885) User=0.28s Sys=0.00s Real=0.06s
[720.239s][info][gc,start       ] GC(1886) Pause Young (Allocation Failure)
[720.309s][info][gc,heap        ] GC(1886) PSYoungGen: 579264K->73024K(605184K)
[720.309s][info][gc,heap        ] GC(1886) PSOldGen: 928412K->982036K(1398272K)
[720.309s][info][gc,metaspace   ] GC(1886) Metaspace: 32465K(33584K)->32465K(33584K) NonClass: 28686K(29360K)->28686K(29360K) Class: 3779K(4224K)->3779K(4224K)
[720.309s][info][gc             ] GC(1886) Pause Young (Allocation Failure) 1472M->1030M(1956M) 69.907ms
[720.309s][info][gc,cpu         ] GC(1886) User=0.39s Sys=0.00s Real=0.07s
[720.960s][info][gc,start       ] GC(1887) Pause Young (Allocation Failure)
[721.021s][info][gc,heap        ] GC(1887) PSYoungGen: 585536K->52448K(605696K)
[721.021s][info][gc,heap        ] GC(1887) PSOldGen: 982036K->1013292K(1398272K)
[721.021s][info][gc,metaspace   ] GC(1887) Metaspace: 32465K(33584K)->32465K(33584K) NonClass: 28686K(29360K)->28686K(29360K) Class: 3779K(4224K)->3779K(4224K)
[721.021s][info][gc             ] GC(1887) Pause Young (Allocation Failure) 1530M->1040M(1957M) 60.305ms
[721.021s][info][gc,cpu         ] GC(1887) User=0.33s Sys=0.00s Real=0.06s
[721.163s][info][gc,start       ] GC(1888) Pause Young (Allocation Failure)
[721.228s][info][gc,heap        ] GC(1888) PSYoungGen: 564960K->71456K(606208K)
[721.228s][info][gc,heap        ] GC(1888) PSOldGen: 1013292K->1056225K(1398272K)
[721.228s][info][gc,metaspace   ] GC(1888) Metaspace: 32465K(33584K)->32465K(33584K) NonClass: 28686K(29360K)->28686K(29360K) Class: 3779K(4224K)->3779K(4224K)
[721.228s][info][gc             ] GC(1888) Pause Young (Allocation Failure) 1541M->1101M(1957M) 64.497ms
[721.228s][info][gc,cpu         ] GC(1888) User=0.45s Sys=0.00s Real=0.06s
[721.369s][info][gc,start       ] GC(1889) Pause Young (Allocation Failure)
[721.455s][info][gc,heap        ] GC(1889) PSYoungGen: 584992K->72640K(606208K)
[721.455s][info][gc,heap        ] GC(1889) PSOldGen: 1056225K->1112449K(1398272K)
[721.455s][info][gc,metaspace   ] GC(1889) Metaspace: 32465K(33584K)->32465K(33584K) NonClass: 28686K(29360K)->28686K(29360K) Class: 3779K(4224K)->3779K(4224K)
[721.455s][info][gc             ] GC(1889) Pause Young (Allocation Failure) 1602M->1157M(1957M) 86.035ms
[721.455s][info][gc,cpu         ] GC(1889) User=0.47s Sys=0.00s Real=0.09s
[722.014s][info][gc,start       ] GC(1890) Pause Young (Allocation Failure)
[722.071s][info][gc,heap        ] GC(1890) PSYoungGen: 586176K->58144K(607744K)
[722.071s][info][gc,heap        ] GC(1890) PSOldGen: 1112449K->1143673K(1398272K)
[722.071s][info][gc,metaspace   ] GC(1890) Metaspace: 32470K(33584K)->32470K(33584K) NonClass: 28690K(29360K)->28690K(29360K) Class: 3779K(4224K)->3779K(4224K)
[722.071s][info][gc             ] GC(1890) Pause Young (Allocation Failure) 1658M->1173M(1959M) 56.404ms
[722.071s][info][gc,cpu         ] GC(1890) User=0.27s Sys=0.02s Real=0.06s
[722.216s][info][gc,start       ] GC(1891) Pause Young (Allocation Failure)
[722.287s][info][gc,heap        ] GC(1891) PSYoungGen: 573216K->76480K(606208K)
[722.287s][info][gc,heap        ] GC(1891) PSOldGen: 1143673K->1187797K(1398272K)
[722.287s][info][gc,metaspace   ] GC(1891) Metaspace: 32470K(33584K)->32470K(33584K) NonClass: 28690K(29360K)->28690K(29360K) Class: 3779K(4224K)->3779K(4224K)
[722.287s][info][gc             ] GC(1891) Pause Young (Allocation Failure) 1676M->1234M(1957M) 71.236ms
[722.287s][info][gc,cpu         ] GC(1891) User=0.33s Sys=0.00s Real=0.07s
[722.528s][info][gc,start       ] GC(1892) Pause Young (Allocation Failure)
[722.594s][info][gc,heap        ] GC(1892) PSYoungGen: 591552K->65312K(608256K)
[722.594s][info][gc,heap        ] GC(1892) PSOldGen: 1187797K->1224837K(1398272K)
[722.594s][info][gc,metaspace   ] GC(1892) Metaspace: 32470K(33584K)->32470K(33584K) NonClass: 28690K(29360K)->28690K(29360K) Class: 3779K(4224K)->3779K(4224K)
[722.594s][info][gc             ] GC(1892) Pause Young (Allocation Failure) 1737M->1259M(1959M) 65.827ms
[722.594s][info][gc,cpu         ] GC(1892) User=0.38s Sys=0.00s Real=0.07s
[722.946s][info][gc,start       ] GC(1893) Pause Young (System.gc())
[722.980s][info][gc,heap        ] GC(1893) PSYoungGen: 214769K->10752K(525824K)
[722.980s][info][gc,heap        ] GC(1893) PSOldGen: 1224837K->1260965K(1398272K)
[722.980s][info][gc,metaspace   ] GC(1893) Metaspace: 32470K(33584K)->32470K(33584K) NonClass: 28690K(29360K)->28690K(29360K) Class: 3779K(4224K)->3779K(4224K)
[722.980s][info][gc             ] GC(1893) Pause Young (System.gc()) 1405M->1241M(1879M) 33.445ms
[722.980s][info][gc,cpu         ] GC(1893) User=0.19s Sys=0.00s Real=0.04s
[722.980s][info][gc,start       ] GC(1894) Pause Full (System.gc())
[722.980s][info][gc,phases,start] GC(1894) Phase 1: Mark live objects
[723.096s][info][gc,phases      ] GC(1894) Phase 1: Mark live objects 116.096ms
[723.096s][info][gc,phases,start] GC(1894) Phase 2: Compute new object addresses
[723.277s][info][gc,phases      ] GC(1894) Phase 2: Compute new object addresses 181.437ms
[723.278s][info][gc,phases,start] GC(1894) Phase 3: Adjust pointers
[723.359s][info][gc,phases      ] GC(1894) Phase 3: Adjust pointers 81.484ms
[723.359s][info][gc,phases,start] GC(1894) Phase 4: Move objects
[723.383s][info][gc,phases      ] GC(1894) Phase 4: Move objects 23.595ms
[723.383s][info][gc,heap        ] GC(1894) PSYoungGen: 10752K->0K(525824K)
[723.383s][info][gc,heap        ] GC(1894) PSOldGen: 1260965K->104324K(1398272K)
[723.383s][info][gc,metaspace   ] GC(1894) Metaspace: 32470K(33584K)->32470K(33584K) NonClass: 28690K(29360K)->28690K(29360K) Class: 3779K(4224K)->3779K(4224K)
[723.383s][info][gc             ] GC(1894) Pause Full (System.gc()) 1241M->101M(1879M) 403.512ms
[723.383s][info][gc,cpu         ] GC(1894) User=0.41s Sys=0.00s Real=0.40s
[723.540s][info][gc,start       ] GC(1895) Pause Young (Allocation Failure)
[723.578s][info][gc,heap        ] GC(1895) PSYoungGen: 515072K->70816K(601600K)
[723.578s][info][gc,heap        ] GC(1895) PSOldGen: 104324K->104324K(1398272K)
[723.578s][info][gc,metaspace   ] GC(1895) Metaspace: 32470K(33584K)->32470K(33584K) NonClass: 28690K(29360K)->28690K(29360K) Class: 3779K(4224K)->3779K(4224K)
[723.578s][info][gc             ] GC(1895) Pause Young (Allocation Failure) 604M->171M(1953M) 38.451ms
[723.578s][info][gc,cpu         ] GC(1895) User=0.19s Sys=0.00s Real=0.04s
[723.718s][info][gc,start       ] GC(1896) Pause Young (Allocation Failure)
[723.782s][info][gc,heap        ] GC(1896) PSYoungGen: 575136K->73760K(578560K)
[723.782s][info][gc,heap        ] GC(1896) PSOldGen: 104324K->157768K(1398272K)
[723.782s][info][gc,metaspace   ] GC(1896) Metaspace: 32470K(33584K)->32470K(33584K) NonClass: 28690K(29360K)->28690K(29360K) Class: 3779K(4224K)->3779K(4224K)
[723.782s][info][gc             ] GC(1896) Pause Young (Allocation Failure) 663M->226M(1930M) 63.889ms
[723.782s][info][gc,cpu         ] GC(1896) User=0.38s Sys=0.00s Real=0.06s
[724.426s][info][gc,start       ] GC(1897) Pause Young (Allocation Failure)
[724.482s][info][gc,heap        ] GC(1897) PSYoungGen: 578080K->48128K(601600K)
[724.482s][info][gc,heap        ] GC(1897) PSOldGen: 157768K->188768K(1398272K)
[724.482s][info][gc,metaspace   ] GC(1897) Metaspace: 32471K(33584K)->32471K(33584K) NonClass: 28692K(29360K)->28692K(29360K) Class: 3779K(4224K)->3779K(4224K)
[724.482s][info][gc             ] GC(1897) Pause Young (Allocation Failure) 718M->231M(1953M) 55.906ms
[724.482s][info][gc,cpu         ] GC(1897) User=0.38s Sys=0.00s Real=0.06s
[724.629s][info][gc,start       ] GC(1898) Pause Young (Allocation Failure)
[724.696s][info][gc,heap        ] GC(1898) PSYoungGen: 551424K->71936K(600576K)
[724.696s][info][gc,heap        ] GC(1898) PSOldGen: 188768K->228513K(1398272K)
[724.696s][info][gc,metaspace   ] GC(1898) Metaspace: 32471K(33584K)->32471K(33584K) NonClass: 28692K(29360K)->28692K(29360K) Class: 3779K(4224K)->3779K(4224K)
[724.696s][info][gc             ] GC(1898) Pause Young (Allocation Failure) 722M->293M(1952M) 66.576ms
[724.696s][info][gc,cpu         ] GC(1898) User=0.42s Sys=0.00s Real=0.07s
[724.828s][info][gc,start       ] GC(1899) Pause Young (Allocation Failure)
[724.910s][info][gc,heap        ] GC(1899) PSYoungGen: 575232K->69472K(602112K)
[724.910s][info][gc,heap        ] GC(1899) PSOldGen: 228513K->285785K(1398272K)
[724.910s][info][gc,metaspace   ] GC(1899) Metaspace: 32471K(33584K)->32471K(33584K) NonClass: 28692K(29360K)->28692K(29360K) Class: 3779K(4224K)->3779K(4224K)
[724.910s][info][gc             ] GC(1899) Pause Young (Allocation Failure) 784M->346M(1953M) 82.481ms
[724.910s][info][gc,cpu         ] GC(1899) User=0.44s Sys=0.03s Real=0.08s
[725.585s][info][gc,start       ] GC(1900) Pause Young (Allocation Failure)
[725.647s][info][gc,heap        ] GC(1900) PSYoungGen: 573792K->54656K(601088K)
[725.647s][info][gc,heap        ] GC(1900) PSOldGen: 285785K->315609K(1398272K)
[725.647s][info][gc,metaspace   ] GC(1900) Metaspace: 32471K(33584K)->32471K(33584K) NonClass: 28692K(29360K)->28692K(29360K) Class: 3779K(4224K)->3779K(4224K)
[725.647s][info][gc             ] GC(1900) Pause Young (Allocation Failure) 839M->361M(1952M) 61.206ms
[725.647s][info][gc,cpu         ] GC(1900) User=0.34s Sys=0.00s Real=0.06s
[725.793s][info][gc,start       ] GC(1901) Pause Young (Allocation Failure)
[725.860s][info][gc,heap        ] GC(1901) PSYoungGen: 558976K->73920K(601088K)
[725.860s][info][gc,heap        ] GC(1901) PSOldGen: 315609K->357477K(1398272K)
[725.860s][info][gc,metaspace   ] GC(1901) Metaspace: 32471K(33584K)->32471K(33584K) NonClass: 28692K(29360K)->28692K(29360K) Class: 3779K(4224K)->3779K(4224K)
[725.860s][info][gc             ] GC(1901) Pause Young (Allocation Failure) 854M->421M(1952M) 66.846ms
[725.860s][info][gc,cpu         ] GC(1901) User=0.38s Sys=0.00s Real=0.07s
[726.011s][info][gc,start       ] GC(1902) Pause Young (Allocation Failure)
[726.082s][info][gc,heap        ] GC(1902) PSYoungGen: 580288K->77280K(583680K)
[726.082s][info][gc,heap        ] GC(1902) PSOldGen: 357477K->411725K(1398272K)
[726.082s][info][gc,metaspace   ] GC(1902) Metaspace: 32471K(33584K)->32471K(33584K) NonClass: 28692K(29360K)->28692K(29360K) Class: 3779K(4224K)->3779K(4224K)
[726.082s][info][gc             ] GC(1902) Pause Young (Allocation Failure) 915M->477M(1935M) 70.549ms
[726.082s][info][gc,cpu         ] GC(1902) User=0.36s Sys=0.00s Real=0.07s
[726.601s][info][gc,start       ] GC(1903) Pause Young (Allocation Failure)
[726.660s][info][gc,heap        ] GC(1903) PSYoungGen: 583648K->64608K(604160K)
[726.660s][info][gc,heap        ] GC(1903) PSOldGen: 411725K->443189K(1398272K)
[726.660s][info][gc,metaspace   ] GC(1903) Metaspace: 32471K(33584K)->32471K(33584K) NonClass: 28692K(29360K)->28692K(29360K) Class: 3779K(4224K)->3779K(4224K)
[726.660s][info][gc             ] GC(1903) Pause Young (Allocation Failure) 972M->495M(1955M) 59.284ms
[726.660s][info][gc,cpu         ] GC(1903) User=0.34s Sys=0.00s Real=0.06s
[726.799s][info][gc,start       ] GC(1904) Pause Young (Allocation Failure)
[726.868s][info][gc,heap        ] GC(1904) PSYoungGen: 570976K->76352K(601088K)
[726.868s][info][gc,heap        ] GC(1904) PSOldGen: 443189K->492274K(1398272K)
[726.868s][info][gc,metaspace   ] GC(1904) Metaspace: 32471K(33584K)->32471K(33584K) NonClass: 28692K(29360K)->28692K(29360K) Class: 3779K(4224K)->3779K(4224K)
[726.868s][info][gc             ] GC(1904) Pause Young (Allocation Failure) 990M->555M(1952M) 68.364ms
[726.868s][info][gc,cpu         ] GC(1904) User=0.45s Sys=0.00s Real=0.07s
[727.173s][info][gc,start       ] GC(1905) Pause Young (Allocation Failure)
[727.237s][info][gc,heap        ] GC(1905) PSYoungGen: 582720K->59232K(604672K)
[727.237s][info][gc,heap        ] GC(1905) PSOldGen: 492274K->529658K(1398272K)
[727.237s][info][gc,metaspace   ] GC(1905) Metaspace: 32471K(33584K)->32471K(33584K) NonClass: 28692K(29360K)->28692K(29360K) Class: 3779K(4224K)->3779K(4224K)
[727.237s][info][gc             ] GC(1905) Pause Young (Allocation Failure) 1049M->575M(1956M) 63.970ms
[727.237s][info][gc,cpu         ] GC(1905) User=0.33s Sys=0.00s Real=0.07s
[727.684s][info][gc,start       ] GC(1906) Pause Young (Allocation Failure)
[727.744s][info][gc,heap        ] GC(1906) PSYoungGen: 567648K->62880K(602624K)
[727.744s][info][gc,heap        ] GC(1906) PSOldGen: 529658K->562266K(1398272K)
[727.744s][info][gc,metaspace   ] GC(1906) Metaspace: 32471K(33584K)->32471K(33584K) NonClass: 28692K(29360K)->28692K(29360K) Class: 3779K(4224K)->3779K(4224K)
[727.744s][info][gc             ] GC(1906) Pause Young (Allocation Failure) 1071M->610M(1954M) 60.397ms
[727.744s][info][gc,cpu         ] GC(1906) User=0.34s Sys=0.00s Real=0.06s
[727.876s][info][gc,start       ] GC(1907) Pause Young (Allocation Failure)
[727.939s][info][gc,heap        ] GC(1907) PSYoungGen: 571296K->71264K(607744K)
[727.939s][info][gc,heap        ] GC(1907) PSOldGen: 562266K->612310K(1398272K)
[727.939s][info][gc,metaspace   ] GC(1907) Metaspace: 32471K(33584K)->32471K(33584K) NonClass: 28692K(29360K)->28692K(29360K) Class: 3779K(4224K)->3779K(4224K)
[727.939s][info][gc             ] GC(1907) Pause Young (Allocation Failure) 1106M->667M(1959M) 63.788ms
[727.939s][info][gc,cpu         ] GC(1907) User=0.38s Sys=0.00s Real=0.07s
[728.316s][info][gc,start       ] GC(1908) Pause Young (Allocation Failure)
[728.373s][info][gc,heap        ] GC(1908) PSYoungGen: 587360K->54304K(607232K)
[728.373s][info][gc,heap        ] GC(1908) PSOldGen: 612310K->643646K(1398272K)
[728.373s][info][gc,metaspace   ] GC(1908) Metaspace: 32471K(33584K)->32471K(33584K) NonClass: 28692K(29360K)->28692K(29360K) Class: 3779K(4224K)->3779K(4224K)
[728.373s][info][gc             ] GC(1908) Pause Young (Allocation Failure) 1171M->681M(1958M) 57.029ms
[728.373s][info][gc,cpu         ] GC(1908) User=0.36s Sys=0.00s Real=0.06s
[728.790s][info][gc,start       ] GC(1909) Pause Young (Allocation Failure)
[728.851s][info][gc,heap        ] GC(1909) PSYoungGen: 570400K->77792K(603136K)
[728.851s][info][gc,heap        ] GC(1909) PSOldGen: 643646K->676022K(1398272K)
[728.851s][info][gc,metaspace   ] GC(1909) Metaspace: 32471K(33584K)->32471K(33584K) NonClass: 28692K(29360K)->28692K(29360K) Class: 3779K(4224K)->3779K(4224K)
[728.851s][info][gc             ] GC(1909) Pause Young (Allocation Failure) 1185M->736M(1954M) 61.407ms
[728.851s][info][gc,cpu         ] GC(1909) User=0.28s Sys=0.00s Real=0.07s
[728.985s][info][gc,start       ] GC(1910) Pause Young (Allocation Failure)
[729.060s][info][gc,heap        ] GC(1910) PSYoungGen: 590304K->69408K(605696K)
[729.060s][info][gc,heap        ] GC(1910) PSOldGen: 676022K->741387K(1398272K)
[729.060s][info][gc,metaspace   ] GC(1910) Metaspace: 32471K(33584K)->32471K(33584K) NonClass: 28692K(29360K)->28692K(29360K) Class: 3779K(4224K)->3779K(4224K)
[729.060s][info][gc             ] GC(1910) Pause Young (Allocation Failure) 1236M->791M(1957M) 74.317ms
[729.060s][info][gc,cpu         ] GC(1910) User=0.45s Sys=0.00s Real=0.08s
[729.812s][info][gc,start       ] GC(1911) Pause Young (Allocation Failure)
[729.867s][info][gc,heap        ] GC(1911) PSYoungGen: 581920K->47456K(606208K)
[729.868s][info][gc,heap        ] GC(1911) PSOldGen: 741387K->772051K(1398272K)
[729.868s][info][gc,metaspace   ] GC(1911) Metaspace: 32471K(33584K)->32471K(33584K) NonClass: 28692K(29360K)->28692K(29360K) Class: 3779K(4224K)->3779K(4224K)
[729.868s][info][gc             ] GC(1911) Pause Young (Allocation Failure) 1292M->800M(1957M) 56.037ms
[729.868s][info][gc,cpu         ] GC(1911) User=0.36s Sys=0.00s Real=0.06s
[730.005s][info][gc,start       ] GC(1912) Pause Young (Allocation Failure)
[730.070s][info][gc,heap        ] GC(1912) PSYoungGen: 562016K->67872K(606720K)
[730.070s][info][gc,heap        ] GC(1912) PSOldGen: 772051K->812335K(1398272K)
[730.070s][info][gc,metaspace   ] GC(1912) Metaspace: 32471K(33584K)->32471K(33584K) NonClass: 28692K(29360K)->28692K(29360K) Class: 3779K(4224K)->3779K(4224K)
[730.070s][info][gc             ] GC(1912) Pause Young (Allocation Failure) 1302M->859M(1958M) 65.282ms
[730.070s][info][gc,cpu         ] GC(1912) User=0.38s Sys=0.00s Real=0.07s
[730.209s][info][gc,start       ] GC(1913) Pause Young (Allocation Failure)
[730.291s][info][gc,heap        ] GC(1913) PSYoungGen: 582432K->73024K(607744K)
[730.291s][info][gc,heap        ] GC(1913) PSOldGen: 812335K->864831K(1398272K)
[730.291s][info][gc,metaspace   ] GC(1913) Metaspace: 32471K(33584K)->32471K(33584K) NonClass: 28692K(29360K)->28692K(29360K) Class: 3779K(4224K)->3779K(4224K)
[730.291s][info][gc             ] GC(1913) Pause Young (Allocation Failure) 1362M->915M(1959M) 82.136ms
[730.291s][info][gc,cpu         ] GC(1913) User=0.55s Sys=0.00s Real=0.08s
[731.002s][info][gc,start       ] GC(1914) Pause Young (Allocation Failure)
[731.065s][info][gc,heap        ] GC(1914) PSYoungGen: 589632K->52384K(607744K)
[731.065s][info][gc,heap        ] GC(1914) PSOldGen: 864831K->895775K(1398272K)
[731.065s][info][gc,metaspace   ] GC(1914) Metaspace: 32471K(33584K)->32471K(33584K) NonClass: 28692K(29360K)->28692K(29360K) Class: 3779K(4224K)->3779K(4224K)
[731.065s][info][gc             ] GC(1914) Pause Young (Allocation Failure) 1420M->925M(1959M) 62.310ms
[731.065s][info][gc,cpu         ] GC(1914) User=0.33s Sys=0.00s Real=0.06s
[731.225s][info][gc,start       ] GC(1915) Pause Young (Allocation Failure)
[731.292s][info][gc,heap        ] GC(1915) PSYoungGen: 568992K->74272K(605696K)
[731.292s][info][gc,heap        ] GC(1915) PSOldGen: 895775K->939264K(1398272K)
[731.292s][info][gc,metaspace   ] GC(1915) Metaspace: 32471K(33584K)->32471K(33584K) NonClass: 28692K(29360K)->28692K(29360K) Class: 3779K(4224K)->3779K(4224K)
[731.292s][info][gc             ] GC(1915) Pause Young (Allocation Failure) 1430M->989M(1957M) 67.361ms
[731.292s][info][gc,cpu         ] GC(1915) User=0.44s Sys=0.00s Real=0.07s
[731.472s][info][gc,start       ] GC(1916) Pause Young (Allocation Failure)
[731.546s][info][gc,heap        ] GC(1916) PSYoungGen: 588832K->80416K(595456K)
[731.546s][info][gc,heap        ] GC(1916) PSOldGen: 939264K->979568K(1398272K)
[731.546s][info][gc,metaspace   ] GC(1916) Metaspace: 32471K(33584K)->32471K(33584K) NonClass: 28692K(29360K)->28692K(29360K) Class: 3779K(4224K)->3779K(4224K)
[731.546s][info][gc             ] GC(1916) Pause Young (Allocation Failure) 1492M->1035M(1947M) 74.438ms
[731.546s][info][gc,cpu         ] GC(1916) User=0.45s Sys=0.00s Real=0.07s
[731.956s][info][gc,start       ] GC(1917) Pause Young (Allocation Failure)
[732.017s][info][gc,heap        ] GC(1917) PSYoungGen: 594976K->58944K(605184K)
[732.017s][info][gc,heap        ] GC(1917) PSOldGen: 979568K->1016056K(1398272K)
[732.017s][info][gc,metaspace   ] GC(1917) Metaspace: 32471K(33584K)->32471K(33584K) NonClass: 28692K(29360K)->28692K(29360K) Class: 3779K(4224K)->3779K(4224K)
[732.017s][info][gc             ] GC(1917) Pause Young (Allocation Failure) 1537M->1049M(1956M) 60.442ms
[732.017s][info][gc,cpu         ] GC(1917) User=0.38s Sys=0.00s Real=0.06s
[732.147s][info][gc,start       ] GC(1918) Pause Young (Allocation Failure)
[732.210s][info][gc,heap        ] GC(1918) PSYoungGen: 568896K->69280K(603648K)
[732.211s][info][gc,heap        ] GC(1918) PSOldGen: 1016056K->1064260K(1398272K)
[732.211s][info][gc,metaspace   ] GC(1918) Metaspace: 32471K(33584K)->32471K(33584K) NonClass: 28692K(29360K)->28692K(29360K) Class: 3779K(4224K)->3779K(4224K)
[732.211s][info][gc             ] GC(1918) Pause Young (Allocation Failure) 1547M->1106M(1955M) 64.004ms
[732.211s][info][gc,cpu         ] GC(1918) User=0.38s Sys=0.00s Real=0.06s
[732.591s][info][gc,start       ] GC(1919) Pause Young (Allocation Failure)
[732.661s][info][gc,heap        ] GC(1919) PSYoungGen: 579232K->59936K(608256K)
[732.661s][info][gc,heap        ] GC(1919) PSOldGen: 1064260K->1104252K(1398272K)
[732.661s][info][gc,metaspace   ] GC(1919) Metaspace: 32471K(33584K)->32471K(33584K) NonClass: 28692K(29360K)->28692K(29360K) Class: 3779K(4224K)->3779K(4224K)
[732.661s][info][gc             ] GC(1919) Pause Young (Allocation Failure) 1604M->1136M(1959M) 70.158ms
[732.661s][info][gc,cpu         ] GC(1919) User=0.36s Sys=0.00s Real=0.08s
[733.193s][info][gc,start       ] GC(1920) Pause Young (Allocation Failure)
[733.255s][info][gc,heap        ] GC(1920) PSYoungGen: 576032K->65248K(606720K)
[733.255s][info][gc,heap        ] GC(1920) PSOldGen: 1104252K->1136092K(1398272K)
[733.255s][info][gc,metaspace   ] GC(1920) Metaspace: 32471K(33584K)->32471K(33584K) NonClass: 28692K(29360K)->28692K(29360K) Class: 3779K(4224K)->3779K(4224K)
[733.255s][info][gc             ] GC(1920) Pause Young (Allocation Failure) 1640M->1173M(1958M) 62.207ms
[733.255s][info][gc,cpu         ] GC(1920) User=0.34s Sys=0.00s Real=0.06s
[733.398s][info][gc,start       ] GC(1921) Pause Young (Allocation Failure)
[733.470s][info][gc,heap        ] GC(1921) PSYoungGen: 581344K->76448K(606720K)
[733.470s][info][gc,heap        ] GC(1921) PSOldGen: 1136092K->1187096K(1398272K)
[733.470s][info][gc,metaspace   ] GC(1921) Metaspace: 32471K(33584K)->32471K(33584K) NonClass: 28692K(29360K)->28692K(29360K) Class: 3779K(4224K)->3779K(4224K)
[733.470s][info][gc             ] GC(1921) Pause Young (Allocation Failure) 1677M->1233M(1958M) 71.862ms
[733.470s][info][gc,cpu         ] GC(1921) User=0.33s Sys=0.00s Real=0.07s
[734.102s][info][gc,start       ] GC(1922) Pause Young (Allocation Failure)
[734.157s][info][gc,heap        ] GC(1922) PSYoungGen: 595104K->45728K(564736K)
[734.157s][info][gc,heap        ] GC(1922) PSOldGen: 1187096K->1220072K(1398272K)
[734.157s][info][gc,metaspace   ] GC(1922) Metaspace: 32471K(33584K)->32471K(33584K) NonClass: 28692K(29360K)->28692K(29360K) Class: 3779K(4224K)->3779K(4224K)
[734.157s][info][gc             ] GC(1922) Pause Young (Allocation Failure) 1740M->1236M(1917M) 55.352ms
[734.157s][info][gc,cpu         ] GC(1922) User=0.28s Sys=0.00s Real=0.07s
[734.270s][info][gc,start       ] GC(1923) Pause Young (System.gc())
[734.300s][info][gc,heap        ] GC(1923) PSYoungGen: 69450K->3488K(592384K)
[734.300s][info][gc,heap        ] GC(1923) PSOldGen: 1220072K->1255880K(1398272K)
[734.300s][info][gc,metaspace   ] GC(1923) Metaspace: 32471K(33584K)->32471K(33584K) NonClass: 28692K(29360K)->28692K(29360K) Class: 3779K(4224K)->3779K(4224K)
[734.301s][info][gc             ] GC(1923) Pause Young (System.gc()) 1259M->1229M(1944M) 30.431ms
[734.301s][info][gc,cpu         ] GC(1923) User=0.17s Sys=0.00s Real=0.03s
[734.301s][info][gc,start       ] GC(1924) Pause Full (System.gc())
[734.301s][info][gc,phases,start] GC(1924) Phase 1: Mark live objects
[734.417s][info][gc,phases      ] GC(1924) Phase 1: Mark live objects 116.156ms
[734.417s][info][gc,phases,start] GC(1924) Phase 2: Compute new object addresses
[734.595s][info][gc,phases      ] GC(1924) Phase 2: Compute new object addresses 178.411ms
[734.595s][info][gc,phases,start] GC(1924) Phase 3: Adjust pointers
[734.677s][info][gc,phases      ] GC(1924) Phase 3: Adjust pointers 81.810ms
[734.677s][info][gc,phases,start] GC(1924) Phase 4: Move objects
[734.701s][info][gc,phases      ] GC(1924) Phase 4: Move objects 23.448ms
[734.701s][info][gc,heap        ] GC(1924) PSYoungGen: 3488K->0K(592384K)
[734.701s][info][gc,heap        ] GC(1924) PSOldGen: 1255880K->164109K(1398272K)
[734.701s][info][gc,metaspace   ] GC(1924) Metaspace: 32471K(33584K)->32471K(33584K) NonClass: 28692K(29360K)->28692K(29360K) Class: 3779K(4224K)->3779K(4224K)
[734.701s][info][gc             ] GC(1924) Pause Full (System.gc()) 1229M->160M(1944M) 400.626ms
[734.701s][info][gc,cpu         ] GC(1924) User=0.41s Sys=0.00s Real=0.39s
[734.848s][info][gc,start       ] GC(1925) Pause Young (Allocation Failure)
[734.884s][info][gc,heap        ] GC(1925) PSYoungGen: 501248K->66336K(600064K)
[734.884s][info][gc,heap        ] GC(1925) PSOldGen: 164109K->164109K(1398272K)
[734.884s][info][gc,metaspace   ] GC(1925) Metaspace: 32471K(33584K)->32471K(33584K) NonClass: 28692K(29360K)->28692K(29360K) Class: 3779K(4224K)->3779K(4224K)
[734.884s][info][gc             ] GC(1925) Pause Young (Allocation Failure) 649M->225M(1951M) 35.634ms
[734.884s][info][gc,cpu         ] GC(1925) User=0.28s Sys=0.00s Real=0.04s
[735.026s][info][gc,start       ] GC(1926) Pause Young (Allocation Failure)
[735.088s][info][gc,heap        ] GC(1926) PSYoungGen: 567584K->74592K(596992K)
[735.088s][info][gc,heap        ] GC(1926) PSOldGen: 164109K->213561K(1398272K)
[735.088s][info][gc,metaspace   ] GC(1926) Metaspace: 32471K(33584K)->32471K(33584K) NonClass: 28692K(29360K)->28692K(29360K) Class: 3779K(4224K)->3779K(4224K)
[735.088s][info][gc             ] GC(1926) Pause Young (Allocation Failure) 714M->281M(1948M) 62.079ms
[735.088s][info][gc,cpu         ] GC(1926) User=0.33s Sys=0.00s Real=0.06s
[735.599s][info][gc,start       ] GC(1927) Pause Young (Allocation Failure)
[735.651s][info][gc,heap        ] GC(1927) PSYoungGen: 573792K->42176K(599040K)
[735.652s][info][gc,heap        ] GC(1927) PSOldGen: 213561K->244945K(1398272K)
[735.652s][info][gc,metaspace   ] GC(1927) Metaspace: 32471K(33584K)->32471K(33584K) NonClass: 28692K(29360K)->28692K(29360K) Class: 3779K(4224K)->3779K(4224K)
[735.652s][info][gc             ] GC(1927) Pause Young (Allocation Failure) 768M->280M(1950M) 52.206ms
[735.652s][info][gc,cpu         ] GC(1927) User=0.38s Sys=0.00s Real=0.05s
[735.781s][info][gc,start       ] GC(1928) Pause Young (Allocation Failure)
[735.844s][info][gc,heap        ] GC(1928) PSYoungGen: 541376K->66752K(601088K)
[735.844s][info][gc,heap        ] GC(1928) PSOldGen: 244945K->282226K(1398272K)
[735.844s][info][gc,metaspace   ] GC(1928) Metaspace: 32471K(33584K)->32471K(33584K) NonClass: 28692K(29360K)->28692K(29360K) Class: 3779K(4224K)->3779K(4224K)
[735.844s][info][gc             ] GC(1928) Pause Young (Allocation Failure) 767M->340M(1952M) 62.314ms
[735.844s][info][gc,cpu         ] GC(1928) User=0.36s Sys=0.02s Real=0.06s
[735.984s][info][gc,start       ] GC(1929) Pause Young (Allocation Failure)
[736.047s][info][gc,heap        ] GC(1929) PSYoungGen: 569024K->74208K(576512K)
[736.048s][info][gc,heap        ] GC(1929) PSOldGen: 282226K->331346K(1398272K)
[736.048s][info][gc,metaspace   ] GC(1929) Metaspace: 32471K(33584K)->32471K(33584K) NonClass: 28692K(29360K)->28692K(29360K) Class: 3779K(4224K)->3779K(4224K)
[736.048s][info][gc             ] GC(1929) Pause Young (Allocation Failure) 831M->396M(1928M) 63.604ms
[736.048s][info][gc,cpu         ] GC(1929) User=0.38s Sys=0.00s Real=0.07s
[736.777s][info][gc,start       ] GC(1930) Pause Young (Allocation Failure)
[736.824s][info][gc,heap        ] GC(1930) PSYoungGen: 576480K->37408K(598528K)
[736.824s][info][gc,heap        ] GC(1930) PSOldGen: 331346K->362210K(1398272K)
[736.824s][info][gc,metaspace   ] GC(1930) Metaspace: 32471K(33584K)->32471K(33584K) NonClass: 28692K(29360K)->28692K(29360K) Class: 3779K(4224K)->3779K(4224K)
[736.824s][info][gc             ] GC(1930) Pause Young (Allocation Failure) 886M->390M(1950M) 46.816ms
[736.824s][info][gc,cpu         ] GC(1930) User=0.28s Sys=0.00s Real=0.05s
[736.967s][info][gc,start       ] GC(1931) Pause Young (Allocation Failure)
[737.027s][info][gc,heap        ] GC(1931) PSYoungGen: 536608K->66880K(599040K)
[737.027s][info][gc,heap        ] GC(1931) PSOldGen: 362210K->394870K(1398272K)
[737.027s][info][gc,metaspace   ] GC(1931) Metaspace: 32471K(33584K)->32471K(33584K) NonClass: 28692K(29360K)->28692K(29360K) Class: 3779K(4224K)->3779K(4224K)
[737.027s][info][gc             ] GC(1931) Pause Young (Allocation Failure) 877M->450M(1950M) 59.216ms
[737.027s][info][gc,cpu         ] GC(1931) User=0.38s Sys=0.00s Real=0.06s
[737.154s][info][gc,start       ] GC(1932) Pause Young (Allocation Failure)
[737.227s][info][gc,heap        ] GC(1932) PSYoungGen: 566080K->67264K(601088K)
[737.227s][info][gc,heap        ] GC(1932) PSOldGen: 394870K->449030K(1398272K)
[737.227s][info][gc,metaspace   ] GC(1932) Metaspace: 32471K(33584K)->32471K(33584K) NonClass: 28692K(29360K)->28692K(29360K) Class: 3779K(4224K)->3779K(4224K)
[737.227s][info][gc             ] GC(1932) Pause Young (Allocation Failure) 938M->504M(1952M) 72.754ms
[737.227s][info][gc,cpu         ] GC(1932) User=0.42s Sys=0.00s Real=0.07s
[737.901s][info][gc,start       ] GC(1933) Pause Young (Allocation Failure)
[737.962s][info][gc,heap        ] GC(1933) PSYoungGen: 569536K->50560K(600064K)
[737.962s][info][gc,heap        ] GC(1933) PSOldGen: 449030K->478702K(1398272K)
[737.962s][info][gc,metaspace   ] GC(1933) Metaspace: 32471K(33584K)->32471K(33584K) NonClass: 28692K(29360K)->28692K(29360K) Class: 3779K(4224K)->3779K(4224K)
[737.962s][info][gc             ] GC(1933) Pause Young (Allocation Failure) 994M->516M(1951M) 60.178ms
[737.962s][info][gc,cpu         ] GC(1933) User=0.36s Sys=0.02s Real=0.06s
[738.092s][info][gc,start       ] GC(1934) Pause Young (Allocation Failure)
[738.151s][info][gc,heap        ] GC(1934) PSYoungGen: 552832K->64032K(605184K)
[738.151s][info][gc,heap        ] GC(1934) PSOldGen: 478702K->523255K(1398272K)
[738.151s][info][gc,metaspace   ] GC(1934) Metaspace: 32471K(33584K)->32471K(33584K) NonClass: 28692K(29360K)->28692K(29360K) Class: 3779K(4224K)->3779K(4224K)
[738.151s][info][gc             ] GC(1934) Pause Young (Allocation Failure) 1007M->573M(1956M) 59.016ms
[738.151s][info][gc,cpu         ] GC(1934) User=0.38s Sys=0.00s Real=0.06s
[738.296s][info][gc,start       ] GC(1935) Pause Young (Allocation Failure)
[738.363s][info][gc,heap        ] GC(1935) PSYoungGen: 573472K->75360K(585216K)
[738.363s][info][gc,heap        ] GC(1935) PSOldGen: 523255K->570927K(1398272K)
[738.363s][info][gc,metaspace   ] GC(1935) Metaspace: 32471K(33584K)->32471K(33584K) NonClass: 28692K(29360K)->28692K(29360K) Class: 3779K(4224K)->3779K(4224K)
[738.363s][info][gc             ] GC(1935) Pause Young (Allocation Failure) 1071M->631M(1937M) 66.887ms
[738.363s][info][gc,cpu         ] GC(1935) User=0.36s Sys=0.00s Real=0.07s
[738.979s][info][gc,start       ] GC(1936) Pause Young (Allocation Failure)
[739.034s][info][gc,heap        ] GC(1936) PSYoungGen: 584800K->57344K(605696K)
[739.034s][info][gc,heap        ] GC(1936) PSOldGen: 570927K->602767K(1398272K)
[739.034s][info][gc,metaspace   ] GC(1936) Metaspace: 32471K(33584K)->32471K(33584K) NonClass: 28692K(29360K)->28692K(29360K) Class: 3779K(4224K)->3779K(4224K)
[739.034s][info][gc             ] GC(1936) Pause Young (Allocation Failure) 1128M->644M(1957M) 55.082ms
[739.034s][info][gc,cpu         ] GC(1936) User=0.28s Sys=0.00s Real=0.06s
[739.184s][info][gc,start       ] GC(1937) Pause Young (Allocation Failure)
[739.250s][info][gc,heap        ] GC(1937) PSYoungGen: 566784K->77632K(602624K)
[739.250s][info][gc,heap        ] GC(1937) PSOldGen: 602767K->645799K(1398272K)
[739.250s][info][gc,metaspace   ] GC(1937) Metaspace: 32471K(33584K)->32471K(33584K) NonClass: 28692K(29360K)->28692K(29360K) Class: 3779K(4224K)->3779K(4224K)
[739.250s][info][gc             ] GC(1937) Pause Young (Allocation Failure) 1142M->706M(1954M) 66.068ms
[739.250s][info][gc,cpu         ] GC(1937) User=0.38s Sys=0.00s Real=0.07s
[739.478s][info][gc,start       ] GC(1938) Pause Young (Allocation Failure)
[739.549s][info][gc,heap        ] GC(1938) PSYoungGen: 587072K->68672K(603648K)
[739.549s][info][gc,heap        ] GC(1938) PSOldGen: 645799K->684343K(1398272K)
[739.549s][info][gc,metaspace   ] GC(1938) Metaspace: 32471K(33584K)->32471K(33584K) NonClass: 28692K(29360K)->28692K(29360K) Class: 3779K(4224K)->3779K(4224K)
[739.549s][info][gc             ] GC(1938) Pause Young (Allocation Failure) 1203M->735M(1955M) 71.336ms
[739.549s][info][gc,cpu         ] GC(1938) User=0.38s Sys=0.00s Real=0.08s
[740.120s][info][gc,start       ] GC(1939) Pause Young (Allocation Failure)
[740.180s][info][gc,heap        ] GC(1939) PSYoungGen: 576064K->66816K(602624K)
[740.180s][info][gc,heap        ] GC(1939) PSOldGen: 684343K->719847K(1398272K)
[740.180s][info][gc,metaspace   ] GC(1939) Metaspace: 32471K(33584K)->32471K(33584K) NonClass: 28692K(29360K)->28692K(29360K) Class: 3779K(4224K)->3779K(4224K)
[740.180s][info][gc             ] GC(1939) Pause Young (Allocation Failure) 1230M->768M(1954M) 60.440ms
[740.180s][info][gc,cpu         ] GC(1939) User=0.36s Sys=0.02s Real=0.07s
[740.318s][info][gc,start       ] GC(1940) Pause Young (Allocation Failure)
[740.388s][info][gc,heap        ] GC(1940) PSYoungGen: 574208K->72992K(604672K)
[740.388s][info][gc,heap        ] GC(1940) PSOldGen: 719847K->773016K(1398272K)
[740.388s][info][gc,metaspace   ] GC(1940) Metaspace: 32471K(33584K)->32471K(33584K) NonClass: 28692K(29360K)->28692K(29360K) Class: 3779K(4224K)->3779K(4224K)
[740.389s][info][gc             ] GC(1940) Pause Young (Allocation Failure) 1263M->826M(1956M) 70.026ms
[740.389s][info][gc,cpu         ] GC(1940) User=0.36s Sys=0.02s Real=0.07s
[741.017s][info][gc,start       ] GC(1941) Pause Young (Allocation Failure)
[741.073s][info][gc,heap        ] GC(1941) PSYoungGen: 584480K->48736K(605184K)
[741.073s][info][gc,heap        ] GC(1941) PSOldGen: 773016K->804808K(1398272K)
[741.073s][info][gc,metaspace   ] GC(1941) Metaspace: 32471K(33584K)->32471K(33584K) NonClass: 28692K(29360K)->28692K(29360K) Class: 3779K(4224K)->3779K(4224K)
[741.073s][info][gc             ] GC(1941) Pause Young (Allocation Failure) 1325M->833M(1956M) 56.580ms
[741.073s][info][gc,cpu         ] GC(1941) User=0.36s Sys=0.02s Real=0.07s
[741.468s][info][gc,start       ] GC(1942) Pause Young (Allocation Failure)
[741.531s][info][gc,heap        ] GC(1942) PSYoungGen: 560224K->80192K(599040K)
[741.531s][info][gc,heap        ] GC(1942) PSOldGen: 804808K->836888K(1398272K)
[741.531s][info][gc,metaspace   ] GC(1942) Metaspace: 32471K(33584K)->32471K(33584K) NonClass: 28692K(29360K)->28692K(29360K) Class: 3779K(4224K)->3779K(4224K)
[741.531s][info][gc             ] GC(1942) Pause Young (Allocation Failure) 1333M->895M(1950M) 62.987ms
[741.531s][info][gc,cpu         ] GC(1942) User=0.38s Sys=0.00s Real=0.07s
[741.663s][info][gc,start       ] GC(1943) Pause Young (Allocation Failure)
[741.735s][info][gc,heap        ] GC(1943) PSYoungGen: 585536K->68352K(602112K)
[741.735s][info][gc,heap        ] GC(1943) PSOldGen: 836888K->905276K(1398272K)
[741.735s][info][gc,metaspace   ] GC(1943) Metaspace: 32471K(33584K)->32471K(33584K) NonClass: 28692K(29360K)->28692K(29360K) Class: 3779K(4224K)->3779K(4224K)
[741.735s][info][gc             ] GC(1943) Pause Young (Allocation Failure) 1389M->950M(1953M) 71.824ms
[741.735s][info][gc,cpu         ] GC(1943) User=0.47s Sys=0.00s Real=0.07s
[742.518s][info][gc,start       ] GC(1944) Pause Young (Allocation Failure)
[742.579s][info][gc,heap        ] GC(1944) PSYoungGen: 573696K->54496K(605184K)
[742.579s][info][gc,heap        ] GC(1944) PSOldGen: 905276K->935420K(1398272K)
[742.579s][info][gc,metaspace   ] GC(1944) Metaspace: 32471K(33584K)->32471K(33584K) NonClass: 28692K(29360K)->28692K(29360K) Class: 3779K(4224K)->3779K(4224K)
[742.579s][info][gc             ] GC(1944) Pause Young (Allocation Failure) 1444M->966M(1956M) 60.435ms
[742.579s][info][gc,cpu         ] GC(1944) User=0.38s Sys=0.00s Real=0.06s
[742.722s][info][gc,start       ] GC(1945) Pause Young (Allocation Failure)
[742.789s][info][gc,heap        ] GC(1945) PSYoungGen: 564448K->73920K(603648K)
[742.789s][info][gc,heap        ] GC(1945) PSOldGen: 935420K->978261K(1398272K)
[742.789s][info][gc,metaspace   ] GC(1945) Metaspace: 32471K(33584K)->32471K(33584K) NonClass: 28692K(29360K)->28692K(29360K) Class: 3779K(4224K)->3779K(4224K)
[742.789s][info][gc             ] GC(1945) Pause Young (Allocation Failure) 1464M->1027M(1955M) 67.026ms
[742.789s][info][gc,cpu         ] GC(1945) User=0.36s Sys=0.00s Real=0.07s
[742.919s][info][gc,start       ] GC(1946) Pause Young (Allocation Failure)
[742.987s][info][gc,heap        ] GC(1946) PSYoungGen: 583872K->67232K(606208K)
[742.987s][info][gc,heap        ] GC(1946) PSOldGen: 978261K->1039029K(1398272K)
[742.987s][info][gc,metaspace   ] GC(1946) Metaspace: 32471K(33584K)->32471K(33584K) NonClass: 28692K(29360K)->28692K(29360K) Class: 3779K(4224K)->3779K(4224K)
[742.987s][info][gc             ] GC(1946) Pause Young (Allocation Failure) 1525M->1080M(1957M) 68.665ms
[742.987s][info][gc,cpu         ] GC(1946) User=0.38s Sys=0.00s Real=0.07s
[743.602s][info][gc,start       ] GC(1947) Pause Young (Allocation Failure)
[743.667s][info][gc,heap        ] GC(1947) PSYoungGen: 578720K->56064K(604160K)
[743.667s][info][gc,heap        ] GC(1947) PSOldGen: 1039029K->1068893K(1398272K)
[743.667s][info][gc,metaspace   ] GC(1947) Metaspace: 32471K(33584K)->32471K(33584K) NonClass: 28692K(29360K)->28692K(29360K) Class: 3779K(4224K)->3779K(4224K)
[743.667s][info][gc             ] GC(1947) Pause Young (Allocation Failure) 1579M->1098M(1955M) 64.574ms
[743.667s][info][gc,cpu         ] GC(1947) User=0.38s Sys=0.00s Real=0.06s
[743.793s][info][gc,start       ] GC(1948) Pause Young (Allocation Failure)
[743.862s][info][gc,heap        ] GC(1948) PSYoungGen: 567552K->68224K(608768K)
[743.862s][info][gc,heap        ] GC(1948) PSOldGen: 1068893K->1115077K(1398272K)
[743.862s][info][gc,metaspace   ] GC(1948) Metaspace: 32471K(33584K)->32471K(33584K) NonClass: 28692K(29360K)->28692K(29360K) Class: 3779K(4224K)->3779K(4224K)
[743.862s][info][gc             ] GC(1948) Pause Young (Allocation Failure) 1598M->1155M(1960M) 68.971ms
[743.862s][info][gc,cpu         ] GC(1948) User=0.38s Sys=0.00s Real=0.07s
[744.036s][info][gc,start       ] GC(1949) Pause Young (Allocation Failure)
[744.111s][info][gc,heap        ] GC(1949) PSYoungGen: 585856K->75936K(593920K)
[744.111s][info][gc,heap        ] GC(1949) PSOldGen: 1115077K->1159461K(1398272K)
[744.111s][info][gc,metaspace   ] GC(1949) Metaspace: 32471K(33584K)->32471K(33584K) NonClass: 28692K(29360K)->28692K(29360K) Class: 3779K(4224K)->3779K(4224K)
[744.111s][info][gc             ] GC(1949) Pause Young (Allocation Failure) 1661M->1206M(1945M) 74.315ms
[744.111s][info][gc,cpu         ] GC(1949) User=0.47s Sys=0.00s Real=0.08s
[744.742s][info][gc,start       ] GC(1950) Pause Young (Allocation Failure)
[744.803s][info][gc,heap        ] GC(1950) PSYoungGen: 593568K->62592K(609280K)
[744.803s][info][gc,heap        ] GC(1950) PSOldGen: 1159461K->1192557K(1398272K)
[744.803s][info][gc,metaspace   ] GC(1950) Metaspace: 32471K(33584K)->32471K(33584K) NonClass: 28692K(29360K)->28692K(29360K) Class: 3779K(4224K)->3779K(4224K)
[744.803s][info][gc             ] GC(1950) Pause Young (Allocation Failure) 1711M->1225M(1960M) 60.991ms
[744.803s][info][gc,cpu         ] GC(1950) User=0.30s Sys=0.00s Real=0.07s
[744.950s][info][gc,start       ] GC(1951) Pause Young (Allocation Failure)
[745.023s][info][gc,heap        ] GC(1951) PSYoungGen: 580224K->81408K(599040K)
[745.023s][info][gc,heap        ] GC(1951) PSOldGen: 1192557K->1239121K(1398272K)
[745.024s][info][gc,metaspace   ] GC(1951) Metaspace: 32471K(33584K)->32471K(33584K) NonClass: 28692K(29360K)->28692K(29360K) Class: 3779K(4224K)->3779K(4224K)
[745.024s][info][gc             ] GC(1951) Pause Young (Allocation Failure) 1731M->1289M(1950M) 73.442ms
[745.024s][info][gc,cpu         ] GC(1951) User=0.36s Sys=0.02s Real=0.08s
[745.383s][info][gc,start       ] GC(1952) Pause Young (Allocation Failure)
[745.442s][info][gc,heap        ] GC(1952) PSYoungGen: 599040K->56032K(606208K)
[745.442s][info][gc,heap        ] GC(1952) PSOldGen: 1239121K->1273553K(1398272K)
[745.443s][info][gc,metaspace   ] GC(1952) Metaspace: 32471K(33584K)->32471K(33584K) NonClass: 28692K(29360K)->28692K(29360K) Class: 3779K(4224K)->3779K(4224K)
[745.443s][info][gc             ] GC(1952) Pause Young (Allocation Failure) 1795M->1298M(1957M) 59.795ms
[745.443s][info][gc,cpu         ] GC(1952) User=0.30s Sys=0.00s Real=0.07s
[745.686s][info][gc,start       ] GC(1953) Pause Young (System.gc())
[745.723s][info][gc,heap        ] GC(1953) PSYoungGen: 110789K->7680K(521216K)
[745.723s][info][gc,heap        ] GC(1953) PSOldGen: 1273553K->1307857K(1398272K)
[745.723s][info][gc,metaspace   ] GC(1953) Metaspace: 32472K(33584K)->32472K(33584K) NonClass: 28692K(29360K)->28692K(29360K) Class: 3779K(4224K)->3779K(4224K)
[745.723s][info][gc             ] GC(1953) Pause Young (System.gc()) 1351M->1284M(1874M) 36.948ms
[745.723s][info][gc,cpu         ] GC(1953) User=0.17s Sys=0.00s Real=0.04s
[745.723s][info][gc,start       ] GC(1954) Pause Full (System.gc())
[745.723s][info][gc,phases,start] GC(1954) Phase 1: Mark live objects
[745.837s][info][gc,phases      ] GC(1954) Phase 1: Mark live objects 114.352ms
[745.838s][info][gc,phases,start] GC(1954) Phase 2: Compute new object addresses
[746.017s][info][gc,phases      ] GC(1954) Phase 2: Compute new object addresses 179.326ms
[746.017s][info][gc,phases,start] GC(1954) Phase 3: Adjust pointers
[746.099s][info][gc,phases      ] GC(1954) Phase 3: Adjust pointers 82.275ms
[746.099s][info][gc,phases,start] GC(1954) Phase 4: Move objects
[746.122s][info][gc,phases      ] GC(1954) Phase 4: Move objects 22.552ms
[746.122s][info][gc,heap        ] GC(1954) PSYoungGen: 7680K->0K(521216K)
[746.122s][info][gc,heap        ] GC(1954) PSOldGen: 1307857K->104356K(1398272K)
[746.122s][info][gc,metaspace   ] GC(1954) Metaspace: 32472K(33584K)->32472K(33584K) NonClass: 28692K(29360K)->28692K(29360K) Class: 3779K(4224K)->3779K(4224K)
[746.122s][info][gc             ] GC(1954) Pause Full (System.gc()) 1284M->101M(1874M) 399.365ms
[746.122s][info][gc,cpu         ] GC(1954) User=0.39s Sys=0.02s Real=0.39s
[746.262s][info][gc,start       ] GC(1955) Pause Young (Allocation Failure)
[746.302s][info][gc,heap        ] GC(1955) PSYoungGen: 513024K->67712K(600064K)
[746.302s][info][gc,heap        ] GC(1955) PSOldGen: 104356K->104356K(1398272K)
[746.302s][info][gc,metaspace   ] GC(1955) Metaspace: 32472K(33584K)->32472K(33584K) NonClass: 28693K(29360K)->28693K(29360K) Class: 3779K(4224K)->3779K(4224K)
[746.302s][info][gc             ] GC(1955) Pause Young (Allocation Failure) 602M->168M(1951M) 39.575ms
[746.302s][info][gc,cpu         ] GC(1955) User=0.16s Sys=0.00s Real=0.04s
[746.444s][info][gc,start       ] GC(1956) Pause Young (Allocation Failure)
[746.512s][info][gc,heap        ] GC(1956) PSYoungGen: 567936K->73984K(599040K)
[746.512s][info][gc,heap        ] GC(1956) PSOldGen: 104356K->156136K(1398272K)
[746.512s][info][gc,metaspace   ] GC(1956) Metaspace: 32472K(33584K)->32472K(33584K) NonClass: 28693K(29360K)->28693K(29360K) Class: 3779K(4224K)->3779K(4224K)
[746.512s][info][gc             ] GC(1956) Pause Young (Allocation Failure) 656M->224M(1950M) 68.268ms
[746.512s][info][gc,cpu         ] GC(1956) User=0.44s Sys=0.02s Real=0.07s
[747.217s][info][gc,start       ] GC(1957) Pause Young (Allocation Failure)
[747.267s][info][gc,heap        ] GC(1957) PSYoungGen: 574208K->44416K(600064K)
[747.267s][info][gc,heap        ] GC(1957) PSOldGen: 156136K->187480K(1398272K)
[747.267s][info][gc,metaspace   ] GC(1957) Metaspace: 32472K(33584K)->32472K(33584K) NonClass: 28693K(29360K)->28693K(29360K) Class: 3779K(4224K)->3779K(4224K)
[747.267s][info][gc             ] GC(1957) Pause Young (Allocation Failure) 713M->226M(1951M) 49.229ms
[747.267s][info][gc,cpu         ] GC(1957) User=0.28s Sys=0.00s Real=0.05s
[747.400s][info][gc,start       ] GC(1958) Pause Young (Allocation Failure)
[747.463s][info][gc,heap        ] GC(1958) PSYoungGen: 544640K->65248K(599040K)
[747.463s][info][gc,heap        ] GC(1958) PSOldGen: 187480K->228873K(1398272K)
[747.463s][info][gc,metaspace   ] GC(1958) Metaspace: 32472K(33584K)->32472K(33584K) NonClass: 28693K(29360K)->28693K(29360K) Class: 3779K(4224K)->3779K(4224K)
[747.463s][info][gc             ] GC(1958) Pause Young (Allocation Failure) 714M->287M(1950M) 62.509ms
[747.463s][info][gc,cpu         ] GC(1958) User=0.34s Sys=0.00s Real=0.06s
[747.603s][info][gc,start       ] GC(1959) Pause Young (Allocation Failure)
[747.674s][info][gc,heap        ] GC(1959) PSYoungGen: 565472K->74144K(599040K)
[747.674s][info][gc,heap        ] GC(1959) PSOldGen: 228873K->277097K(1398272K)
[747.674s][info][gc,metaspace   ] GC(1959) Metaspace: 32472K(33584K)->32472K(33584K) NonClass: 28693K(29360K)->28693K(29360K) Class: 3779K(4224K)->3779K(4224K)
[747.674s][info][gc             ] GC(1959) Pause Young (Allocation Failure) 775M->343M(1950M) 71.436ms
[747.674s][info][gc,cpu         ] GC(1959) User=0.38s Sys=0.00s Real=0.07s
[748.311s][info][gc,start       ] GC(1960) Pause Young (Allocation Failure)
[748.361s][info][gc,heap        ] GC(1960) PSYoungGen: 576416K->49312K(600576K)
[748.361s][info][gc,heap        ] GC(1960) PSOldGen: 277097K->308169K(1398272K)
[748.361s][info][gc,metaspace   ] GC(1960) Metaspace: 32472K(33584K)->32472K(33584K) NonClass: 28693K(29360K)->28693K(29360K) Class: 3779K(4224K)->3779K(4224K)
[748.361s][info][gc             ] GC(1960) Pause Young (Allocation Failure) 833M->349M(1952M) 50.001ms
[748.361s][info][gc,cpu         ] GC(1960) User=0.28s Sys=0.00s Real=0.05s
[748.502s][info][gc,start       ] GC(1961) Pause Young (Allocation Failure)
[748.561s][info][gc,heap        ] GC(1961) PSYoungGen: 551584K->64608K(604160K)
[748.561s][info][gc,heap        ] GC(1961) PSOldGen: 308169K->353253K(1398272K)
[748.561s][info][gc,metaspace   ] GC(1961) Metaspace: 32472K(33584K)->32472K(33584K) NonClass: 28693K(29360K)->28693K(29360K) Class: 3779K(4224K)->3779K(4224K)
[748.561s][info][gc             ] GC(1961) Pause Young (Allocation Failure) 839M->408M(1955M) 59.651ms
[748.561s][info][gc,cpu         ] GC(1961) User=0.36s Sys=0.00s Real=0.06s
[748.687s][info][gc,start       ] GC(1962) Pause Young (Allocation Failure)
[748.760s][info][gc,heap        ] GC(1962) PSYoungGen: 572000K->63040K(602112K)
[748.760s][info][gc,heap        ] GC(1962) PSOldGen: 353253K->409573K(1398272K)
[748.760s][info][gc,metaspace   ] GC(1962) Metaspace: 32472K(33584K)->32472K(33584K) NonClass: 28693K(29360K)->28693K(29360K) Class: 3779K(4224K)->3779K(4224K)
[748.760s][info][gc             ] GC(1962) Pause Young (Allocation Failure) 903M->461M(1953M) 72.698ms
[748.760s][info][gc,cpu         ] GC(1962) User=0.47s Sys=0.00s Real=0.07s
[749.439s][info][gc,start       ] GC(1963) Pause Young (Allocation Failure)
[749.492s][info][gc,heap        ] GC(1963) PSYoungGen: 570432K->53408K(608256K)
[749.492s][info][gc,heap        ] GC(1963) PSOldGen: 409573K->438245K(1398272K)
[749.492s][info][gc,metaspace   ] GC(1963) Metaspace: 32472K(33584K)->32472K(33584K) NonClass: 28693K(29360K)->28693K(29360K) Class: 3779K(4224K)->3779K(4224K)
[749.492s][info][gc             ] GC(1963) Pause Young (Allocation Failure) 957M->480M(1959M) 52.546ms
[749.492s][info][gc,cpu         ] GC(1963) User=0.28s Sys=0.00s Real=0.06s
[749.641s][info][gc,start       ] GC(1964) Pause Young (Allocation Failure)
[749.706s][info][gc,heap        ] GC(1964) PSYoungGen: 569504K->76512K(592896K)
[749.706s][info][gc,heap        ] GC(1964) PSOldGen: 438245K->479634K(1398272K)
[749.706s][info][gc,metaspace   ] GC(1964) Metaspace: 32472K(33584K)->32472K(33584K) NonClass: 28693K(29360K)->28693K(29360K) Class: 3779K(4224K)->3779K(4224K)
[749.706s][info][gc             ] GC(1964) Pause Young (Allocation Failure) 984M->543M(1944M) 65.003ms
[749.706s][info][gc,cpu         ] GC(1964) User=0.38s Sys=0.00s Real=0.07s
[749.858s][info][gc,start       ] GC(1965) Pause Young (Allocation Failure)
[749.931s][info][gc,heap        ] GC(1965) PSYoungGen: 592608K->77216K(600576K)
[749.931s][info][gc,heap        ] GC(1965) PSOldGen: 479634K->532418K(1398272K)
[749.931s][info][gc,metaspace   ] GC(1965) Metaspace: 32472K(33584K)->32472K(33584K) NonClass: 28693K(29360K)->28693K(29360K) Class: 3779K(4224K)->3779K(4224K)
[749.931s][info][gc             ] GC(1965) Pause Young (Allocation Failure) 1047M->595M(1952M) 72.607ms
[749.931s][info][gc,cpu         ] GC(1965) User=0.45s Sys=0.00s Real=0.07s
[750.515s][info][gc,start       ] GC(1966) Pause Young (Allocation Failure)
[750.574s][info][gc,heap        ] GC(1966) PSYoungGen: 584608K->56192K(603136K)
[750.574s][info][gc,heap        ] GC(1966) PSOldGen: 532418K->564746K(1398272K)
[750.574s][info][gc,metaspace   ] GC(1966) Metaspace: 32472K(33584K)->32472K(33584K) NonClass: 28693K(29360K)->28693K(29360K) Class: 3779K(4224K)->3779K(4224K)
[750.574s][info][gc             ] GC(1966) Pause Young (Allocation Failure) 1090M->606M(1954M) 58.754ms
[750.574s][info][gc,cpu         ] GC(1966) User=0.38s Sys=0.00s Real=0.06s
[750.719s][info][gc,start       ] GC(1967) Pause Young (Allocation Failure)
[750.783s][info][gc,heap        ] GC(1967) PSYoungGen: 563584K->75584K(602112K)
[750.783s][info][gc,heap        ] GC(1967) PSOldGen: 564746K->606790K(1398272K)
[750.783s][info][gc,metaspace   ] GC(1967) Metaspace: 32472K(33584K)->32472K(33584K) NonClass: 28693K(29360K)->28693K(29360K) Class: 3779K(4224K)->3779K(4224K)
[750.783s][info][gc             ] GC(1967) Pause Young (Allocation Failure) 1101M->666M(1953M) 63.945ms
[750.783s][info][gc,cpu         ] GC(1967) User=0.38s Sys=0.00s Real=0.07s
[750.991s][info][gc,start       ] GC(1968) Pause Young (Allocation Failure)
[751.062s][info][gc,heap        ] GC(1968) PSYoungGen: 584000K->64896K(603648K)
[751.062s][info][gc,heap        ] GC(1968) PSOldGen: 606790K->649630K(1398272K)
[751.062s][info][gc,metaspace   ] GC(1968) Metaspace: 32472K(33584K)->32472K(33584K) NonClass: 28693K(29360K)->28693K(29360K) Class: 3779K(4224K)->3779K(4224K)
[751.062s][info][gc             ] GC(1968) Pause Young (Allocation Failure) 1162M->697M(1955M) 71.477ms
[751.062s][info][gc,cpu         ] GC(1968) User=0.38s Sys=0.00s Real=0.08s
[751.595s][info][gc,start       ] GC(1969) Pause Young (Allocation Failure)
[751.654s][info][gc,heap        ] GC(1969) PSYoungGen: 573312K->59552K(608256K)
[751.654s][info][gc,heap        ] GC(1969) PSOldGen: 649630K->682126K(1398272K)
[751.654s][info][gc,metaspace   ] GC(1969) Metaspace: 32472K(33584K)->32472K(33584K) NonClass: 28693K(29360K)->28693K(29360K) Class: 3779K(4224K)->3779K(4224K)
[751.654s][info][gc             ] GC(1969) Pause Young (Allocation Failure) 1194M->724M(1959M) 58.997ms
[751.654s][info][gc,cpu         ] GC(1969) User=0.36s Sys=0.00s Real=0.06s
[751.801s][info][gc,start       ] GC(1970) Pause Young (Allocation Failure)
[751.864s][info][gc,heap        ] GC(1970) PSYoungGen: 575136K->77312K(592896K)
[751.865s][info][gc,heap        ] GC(1970) PSOldGen: 682126K->725522K(1398272K)
[751.865s][info][gc,metaspace   ] GC(1970) Metaspace: 32472K(33584K)->32472K(33584K) NonClass: 28693K(29360K)->28693K(29360K) Class: 3779K(4224K)->3779K(4224K)
[751.865s][info][gc             ] GC(1970) Pause Young (Allocation Failure) 1227M->784M(1944M) 63.504ms
[751.865s][info][gc,cpu         ] GC(1970) User=0.38s Sys=0.00s Real=0.06s
[752.213s][info][gc,start       ] GC(1971) Pause Young (Allocation Failure)
[752.276s][info][gc,heap        ] GC(1971) PSYoungGen: 592896K->57152K(607232K)
[752.276s][info][gc,heap        ] GC(1971) PSOldGen: 725522K->761594K(1398272K)
[752.276s][info][gc,metaspace   ] GC(1971) Metaspace: 32472K(33584K)->32472K(33584K) NonClass: 28693K(29360K)->28693K(29360K) Class: 3779K(4224K)->3779K(4224K)
[752.276s][info][gc             ] GC(1971) Pause Young (Allocation Failure) 1287M->799M(1958M) 63.040ms
[752.276s][info][gc,cpu         ] GC(1971) User=0.34s Sys=0.00s Real=0.07s
[752.664s][info][gc,start       ] GC(1972) Pause Young (Allocation Failure)
[752.722s][info][gc,heap        ] GC(1972) PSYoungGen: 571200K->65184K(605696K)
[752.722s][info][gc,heap        ] GC(1972) PSOldGen: 761594K->793603K(1398272K)
[752.722s][info][gc,metaspace   ] GC(1972) Metaspace: 32472K(33584K)->32472K(33584K) NonClass: 28693K(29360K)->28693K(29360K) Class: 3779K(4224K)->3779K(4224K)
[752.722s][info][gc             ] GC(1972) Pause Young (Allocation Failure) 1301M->838M(1957M) 58.093ms
[752.722s][info][gc,cpu         ] GC(1972) User=0.28s Sys=0.00s Real=0.06s
[752.862s][info][gc,start       ] GC(1973) Pause Young (Allocation Failure)
[752.929s][info][gc,heap        ] GC(1973) PSYoungGen: 579232K->74976K(606720K)
[752.929s][info][gc,heap        ] GC(1973) PSOldGen: 793603K->844419K(1398272K)
[752.929s][info][gc,metaspace   ] GC(1973) Metaspace: 32472K(33584K)->32472K(33584K) NonClass: 28693K(29360K)->28693K(29360K) Class: 3779K(4224K)->3779K(4224K)
[752.930s][info][gc             ] GC(1973) Pause Young (Allocation Failure) 1340M->897M(1958M) 67.924ms
[752.930s][info][gc,cpu         ] GC(1973) User=0.36s Sys=0.00s Real=0.07s
[753.570s][info][gc,start       ] GC(1974) Pause Young (Allocation Failure)
[753.618s][info][gc,heap        ] GC(1974) PSYoungGen: 592608K->40864K(558592K)
[753.618s][info][gc,heap        ] GC(1974) PSOldGen: 844419K->876275K(1398272K)
[753.618s][info][gc,metaspace   ] GC(1974) Metaspace: 32472K(33584K)->32472K(33584K) NonClass: 28693K(29360K)->28693K(29360K) Class: 3779K(4224K)->3779K(4224K)
[753.618s][info][gc             ] GC(1974) Pause Young (Allocation Failure) 1403M->895M(1911M) 47.585ms
[753.618s][info][gc,cpu         ] GC(1974) User=0.28s Sys=0.00s Real=0.05s
[753.767s][info][gc,start       ] GC(1975) Pause Young (Allocation Failure)
[753.827s][info][gc,heap        ] GC(1975) PSYoungGen: 558496K->70336K(606720K)
[753.827s][info][gc,heap        ] GC(1975) PSOldGen: 876275K->914659K(1398272K)
[753.827s][info][gc,metaspace   ] GC(1975) Metaspace: 32472K(33584K)->32472K(33584K) NonClass: 28693K(29360K)->28693K(29360K) Class: 3779K(4224K)->3779K(4224K)
[753.827s][info][gc             ] GC(1975) Pause Young (Allocation Failure) 1401M->961M(1958M) 59.184ms
[753.827s][info][gc,cpu         ] GC(1975) User=0.38s Sys=0.00s Real=0.06s
[753.962s][info][gc,start       ] GC(1976) Pause Young (Allocation Failure)
[754.030s][info][gc,heap        ] GC(1976) PSYoungGen: 584896K->71520K(606720K)
[754.030s][info][gc,heap        ] GC(1976) PSOldGen: 914659K->971107K(1398272K)
[754.030s][info][gc,metaspace   ] GC(1976) Metaspace: 32472K(33584K)->32472K(33584K) NonClass: 28693K(29360K)->28693K(29360K) Class: 3779K(4224K)->3779K(4224K)
[754.030s][info][gc             ] GC(1976) Pause Young (Allocation Failure) 1464M->1018M(1958M) 68.086ms
[754.030s][info][gc,cpu         ] GC(1976) User=0.38s Sys=0.00s Real=0.07s
[754.541s][info][gc,start       ] GC(1977) Pause Young (Allocation Failure)
[754.599s][info][gc,heap        ] GC(1977) PSYoungGen: 586080K->49920K(606720K)
[754.600s][info][gc,heap        ] GC(1977) PSOldGen: 971107K->1002259K(1398272K)
[754.600s][info][gc,metaspace   ] GC(1977) Metaspace: 32472K(33584K)->32472K(33584K) NonClass: 28693K(29360K)->28693K(29360K) Class: 3779K(4224K)->3779K(4224K)
[754.600s][info][gc             ] GC(1977) Pause Young (Allocation Failure) 1520M->1027M(1958M) 58.120ms
[754.600s][info][gc,cpu         ] GC(1977) User=0.28s Sys=0.00s Real=0.06s
[754.753s][info][gc,start       ] GC(1978) Pause Young (Allocation Failure)
[754.817s][info][gc,heap        ] GC(1978) PSYoungGen: 564480K->73888K(588800K)
[754.817s][info][gc,heap        ] GC(1978) PSOldGen: 1002259K->1042696K(1398272K)
[754.817s][info][gc,metaspace   ] GC(1978) Metaspace: 32472K(33584K)->32472K(33584K) NonClass: 28693K(29360K)->28693K(29360K) Class: 3779K(4224K)->3779K(4224K)
[754.817s][info][gc             ] GC(1978) Pause Young (Allocation Failure) 1530M->1090M(1940M) 63.726ms
[754.817s][info][gc,cpu         ] GC(1978) User=0.38s Sys=0.00s Real=0.06s
[754.966s][info][gc,start       ] GC(1979) Pause Young (Allocation Failure)
[755.053s][info][gc,heap        ] GC(1979) PSYoungGen: 588448K->81408K(598528K)
[755.053s][info][gc,heap        ] GC(1979) PSOldGen: 1042696K->1097280K(1398272K)
[755.053s][info][gc,metaspace   ] GC(1979) Metaspace: 32472K(33584K)->32472K(33584K) NonClass: 28693K(29360K)->28693K(29360K) Class: 3779K(4224K)->3779K(4224K)
[755.053s][info][gc             ] GC(1979) Pause Young (Allocation Failure) 1592M->1151M(1950M) 87.087ms
[755.053s][info][gc,cpu         ] GC(1979) User=0.47s Sys=0.00s Real=0.09s
[755.586s][info][gc,start       ] GC(1980) Pause Young (Allocation Failure)
[755.645s][info][gc,heap        ] GC(1980) PSYoungGen: 586752K->62816K(602112K)
[755.645s][info][gc,heap        ] GC(1980) PSOldGen: 1097280K->1130368K(1398272K)
[755.645s][info][gc,metaspace   ] GC(1980) Metaspace: 32472K(33584K)->32472K(33584K) NonClass: 28693K(29360K)->28693K(29360K) Class: 3779K(4224K)->3779K(4224K)
[755.645s][info][gc             ] GC(1980) Pause Young (Allocation Failure) 1644M->1165M(1953M) 58.923ms
[755.645s][info][gc,cpu         ] GC(1980) User=0.27s Sys=0.02s Real=0.06s
[755.791s][info][gc,start       ] GC(1981) Pause Young (Allocation Failure)
[755.858s][info][gc,heap        ] GC(1981) PSYoungGen: 568160K->77088K(602624K)
[755.858s][info][gc,heap        ] GC(1981) PSOldGen: 1130368K->1175512K(1398272K)
[755.858s][info][gc,metaspace   ] GC(1981) Metaspace: 32472K(33584K)->32472K(33584K) NonClass: 28693K(29360K)->28693K(29360K) Class: 3779K(4224K)->3779K(4224K)
[755.858s][info][gc             ] GC(1981) Pause Young (Allocation Failure) 1658M->1223M(1954M) 66.543ms
[755.858s][info][gc,cpu         ] GC(1981) User=0.38s Sys=0.00s Real=0.07s
[756.121s][info][gc,start       ] GC(1982) Pause Young (Allocation Failure)
[756.190s][info][gc,heap        ] GC(1982) PSYoungGen: 585504K->60192K(603648K)
[756.190s][info][gc,heap        ] GC(1982) PSOldGen: 1175512K->1214072K(1398272K)
[756.190s][info][gc,metaspace   ] GC(1982) Metaspace: 32472K(33584K)->32472K(33584K) NonClass: 28693K(29360K)->28693K(29360K) Class: 3779K(4224K)->3779K(4224K)
[756.190s][info][gc             ] GC(1982) Pause Young (Allocation Failure) 1719M->1244M(1955M) 68.683ms
[756.190s][info][gc,cpu         ] GC(1982) User=0.38s Sys=0.00s Real=0.07s
[756.555s][info][gc,start       ] GC(1983) Pause Young (System.gc())
[756.588s][info][gc,heap        ] GC(1983) PSYoungGen: 175207K->10720K(591872K)
[756.588s][info][gc,heap        ] GC(1983) PSOldGen: 1214072K->1247768K(1398272K)
[756.588s][info][gc,metaspace   ] GC(1983) Metaspace: 32472K(33584K)->32472K(33584K) NonClass: 28693K(29360K)->28693K(29360K) Class: 3779K(4224K)->3779K(4224K)
[756.588s][info][gc             ] GC(1983) Pause Young (System.gc()) 1356M->1228M(1943M) 33.404ms
[756.588s][info][gc,cpu         ] GC(1983) User=0.22s Sys=0.00s Real=0.05s
[756.588s][info][gc,start       ] GC(1984) Pause Full (System.gc())
[756.588s][info][gc,phases,start] GC(1984) Phase 1: Mark live objects
[756.706s][info][gc,phases      ] GC(1984) Phase 1: Mark live objects 117.893ms
[756.706s][info][gc,phases,start] GC(1984) Phase 2: Compute new object addresses
[756.884s][info][gc,phases      ] GC(1984) Phase 2: Compute new object addresses 178.182ms
[756.884s][info][gc,phases,start] GC(1984) Phase 3: Adjust pointers
[756.966s][info][gc,phases      ] GC(1984) Phase 3: Adjust pointers 81.717ms
[756.966s][info][gc,phases,start] GC(1984) Phase 4: Move objects
[756.988s][info][gc,phases      ] GC(1984) Phase 4: Move objects 21.931ms
[756.989s][info][gc,heap        ] GC(1984) PSYoungGen: 10720K->0K(591872K)
[756.989s][info][gc,heap        ] GC(1984) PSOldGen: 1247768K->104527K(1398272K)
[756.989s][info][gc,metaspace   ] GC(1984) Metaspace: 32472K(33584K)->32472K(33584K) NonClass: 28693K(29360K)->28693K(29360K) Class: 3779K(4224K)->3779K(4224K)
[756.989s][info][gc             ] GC(1984) Pause Full (System.gc()) 1228M->102M(1943M) 400.543ms
[756.989s][info][gc,cpu         ] GC(1984) User=0.39s Sys=0.00s Real=0.40s
[757.121s][info][gc,start       ] GC(1985) Pause Young (Allocation Failure)
[757.157s][info][gc,heap        ] GC(1985) PSYoungGen: 498176K->63136K(598528K)
[757.157s][info][gc,heap        ] GC(1985) PSOldGen: 104527K->104527K(1398272K)
[757.157s][info][gc,metaspace   ] GC(1985) Metaspace: 32472K(33584K)->32472K(33584K) NonClass: 28693K(29360K)->28693K(29360K) Class: 3779K(4224K)->3779K(4224K)
[757.157s][info][gc             ] GC(1985) Pause Young (Allocation Failure) 588M->163M(1950M) 36.565ms
[757.158s][info][gc,cpu         ] GC(1985) User=0.19s Sys=0.00s Real=0.03s
[757.301s][info][gc,start       ] GC(1986) Pause Young (Allocation Failure)
[757.366s][info][gc,heap        ] GC(1986) PSYoungGen: 561312K->76832K(596480K)
[757.366s][info][gc,heap        ] GC(1986) PSOldGen: 104527K->150171K(1398272K)
[757.366s][info][gc,metaspace   ] GC(1986) Metaspace: 32472K(33584K)->32472K(33584K) NonClass: 28693K(29360K)->28693K(29360K) Class: 3779K(4224K)->3779K(4224K)
[757.366s][info][gc             ] GC(1986) Pause Young (Allocation Failure) 650M->221M(1948M) 65.032ms
[757.366s][info][gc,cpu         ] GC(1986) User=0.34s Sys=0.00s Real=0.07s
[758.090s][info][gc,start       ] GC(1987) Pause Young (Allocation Failure)
[758.139s][info][gc,heap        ] GC(1987) PSYoungGen: 576032K->39680K(599040K)
[758.139s][info][gc,heap        ] GC(1987) PSOldGen: 150171K->182291K(1398272K)
[758.139s][info][gc,metaspace   ] GC(1987) Metaspace: 32472K(33584K)->32472K(33584K) NonClass: 28693K(29360K)->28693K(29360K) Class: 3779K(4224K)->3779K(4224K)
[758.139s][info][gc             ] GC(1987) Pause Young (Allocation Failure) 709M->216M(1950M) 49.145ms
[758.139s][info][gc,cpu         ] GC(1987) User=0.28s Sys=0.00s Real=0.05s
[758.274s][info][gc,start       ] GC(1988) Pause Young (Allocation Failure)
[758.340s][info][gc,heap        ] GC(1988) PSYoungGen: 538880K->65888K(600576K)
[758.340s][info][gc,heap        ] GC(1988) PSOldGen: 182291K->219612K(1398272K)
[758.340s][info][gc,metaspace   ] GC(1988) Metaspace: 32472K(33584K)->32472K(33584K) NonClass: 28693K(29360K)->28693K(29360K) Class: 3779K(4224K)->3779K(4224K)
[758.340s][info][gc             ] GC(1988) Pause Young (Allocation Failure) 704M->278M(1952M) 66.319ms
[758.340s][info][gc,cpu         ] GC(1988) User=0.38s Sys=0.00s Real=0.07s
[758.483s][info][gc,start       ] GC(1989) Pause Young (Allocation Failure)
[758.562s][info][gc,heap        ] GC(1989) PSYoungGen: 566624K->77920K(579072K)
[758.562s][info][gc,heap        ] GC(1989) PSOldGen: 219612K->266788K(1398272K)
[758.562s][info][gc,metaspace   ] GC(1989) Metaspace: 32472K(33584K)->32472K(33584K) NonClass: 28693K(29360K)->28693K(29360K) Class: 3779K(4224K)->3779K(4224K)
[758.562s][info][gc             ] GC(1989) Pause Young (Allocation Failure) 767M->336M(1931M) 78.828ms
[758.562s][info][gc,cpu         ] GC(1989) User=0.45s Sys=0.02s Real=0.08s
[759.203s][info][gc,start       ] GC(1990) Pause Young (Allocation Failure)
[759.256s][info][gc,heap        ] GC(1990) PSYoungGen: 578656K->43264K(598528K)
[759.256s][info][gc,heap        ] GC(1990) PSOldGen: 266788K->298972K(1398272K)
[759.256s][info][gc,metaspace   ] GC(1990) Metaspace: 32472K(33584K)->32472K(33584K) NonClass: 28693K(29360K)->28693K(29360K) Class: 3779K(4224K)->3779K(4224K)
[759.256s][info][gc             ] GC(1990) Pause Young (Allocation Failure) 825M->334M(1950M) 53.313ms
[759.256s][info][gc,cpu         ] GC(1990) User=0.28s Sys=0.00s Real=0.05s
[759.410s][info][gc,start       ] GC(1991) Pause Young (Allocation Failure)
[759.477s][info][gc,heap        ] GC(1991) PSYoungGen: 540928K->71904K(598016K)
[759.477s][info][gc,heap        ] GC(1991) PSOldGen: 298972K->336444K(1398272K)
[759.477s][info][gc,metaspace   ] GC(1991) Metaspace: 32472K(33584K)->32472K(33584K) NonClass: 28693K(29360K)->28693K(29360K) Class: 3779K(4224K)->3779K(4224K)
[759.477s][info][gc             ] GC(1991) Pause Young (Allocation Failure) 820M->398M(1949M) 67.060ms
[759.477s][info][gc,cpu         ] GC(1991) User=0.39s Sys=0.00s Real=0.07s
[759.605s][info][gc,start       ] GC(1992) Pause Young (Allocation Failure)
[759.686s][info][gc,heap        ] GC(1992) PSYoungGen: 569568K->68160K(600064K)
[759.686s][info][gc,heap        ] GC(1992) PSOldGen: 336444K->394084K(1398272K)
[759.686s][info][gc,metaspace   ] GC(1992) Metaspace: 32472K(33584K)->32472K(33584K) NonClass: 28693K(29360K)->28693K(29360K) Class: 3779K(4224K)->3779K(4224K)
[759.686s][info][gc             ] GC(1992) Pause Young (Allocation Failure) 884M->451M(1951M) 81.397ms
[759.686s][info][gc,cpu         ] GC(1992) User=0.47s Sys=0.00s Real=0.08s
[760.257s][info][gc,start       ] GC(1993) Pause Young (Allocation Failure)
[760.311s][info][gc,heap        ] GC(1993) PSYoungGen: 567872K->50656K(598528K)
[760.311s][info][gc,heap        ] GC(1993) PSOldGen: 394084K->423108K(1398272K)
[760.311s][info][gc,metaspace   ] GC(1993) Metaspace: 32472K(33584K)->32472K(33584K) NonClass: 28693K(29360K)->28693K(29360K) Class: 3779K(4224K)->3779K(4224K)
[760.311s][info][gc             ] GC(1993) Pause Young (Allocation Failure) 939M->462M(1950M) 53.826ms
[760.311s][info][gc,cpu         ] GC(1993) User=0.36s Sys=0.00s Real=0.05s
[760.460s][info][gc,start       ] GC(1994) Pause Young (Allocation Failure)
[760.521s][info][gc,heap        ] GC(1994) PSYoungGen: 550368K->67520K(602624K)
[760.521s][info][gc,heap        ] GC(1994) PSOldGen: 423108K->467749K(1398272K)
[760.521s][info][gc,metaspace   ] GC(1994) Metaspace: 32472K(33584K)->32472K(33584K) NonClass: 28693K(29360K)->28693K(29360K) Class: 3779K(4224K)->3779K(4224K)
[760.521s][info][gc             ] GC(1994) Pause Young (Allocation Failure) 950M->522M(1954M) 60.586ms
[760.521s][info][gc,cpu         ] GC(1994) User=0.36s Sys=0.00s Real=0.06s
[760.653s][info][gc,start       ] GC(1995) Pause Young (Allocation Failure)
[760.728s][info][gc,heap        ] GC(1995) PSYoungGen: 572864K->69632K(601600K)
[760.728s][info][gc,heap        ] GC(1995) PSOldGen: 467749K->521749K(1398272K)
[760.728s][info][gc,metaspace   ] GC(1995) Metaspace: 32472K(33584K)->32472K(33584K) NonClass: 28693K(29360K)->28693K(29360K) Class: 3779K(4224K)->3779K(4224K)
[760.728s][info][gc             ] GC(1995) Pause Young (Allocation Failure) 1016M->577M(1953M) 75.141ms
[760.728s][info][gc,cpu         ] GC(1995) User=0.45s Sys=0.00s Real=0.08s
[761.313s][info][gc,start       ] GC(1996) Pause Young (Allocation Failure)
[761.369s][info][gc,heap        ] GC(1996) PSYoungGen: 574976K->56640K(605696K)
[761.369s][info][gc,heap        ] GC(1996) PSOldGen: 521749K->552037K(1398272K)
[761.369s][info][gc,metaspace   ] GC(1996) Metaspace: 32472K(33584K)->32472K(33584K) NonClass: 28693K(29360K)->28693K(29360K) Class: 3779K(4224K)->3779K(4224K)
[761.369s][info][gc             ] GC(1996) Pause Young (Allocation Failure) 1071M->594M(1957M) 55.734ms
[761.369s][info][gc,cpu         ] GC(1996) User=0.38s Sys=0.00s Real=0.06s
[761.506s][info][gc,start       ] GC(1997) Pause Young (Allocation Failure)
[761.572s][info][gc,heap        ] GC(1997) PSYoungGen: 566592K->74944K(603136K)
[761.572s][info][gc,heap        ] GC(1997) PSOldGen: 552037K->594965K(1398272K)
[761.572s][info][gc,metaspace   ] GC(1997) Metaspace: 32472K(33584K)->32472K(33584K) NonClass: 28693K(29360K)->28693K(29360K) Class: 3779K(4224K)->3779K(4224K)
[761.572s][info][gc             ] GC(1997) Pause Young (Allocation Failure) 1092M->654M(1954M) 65.512ms
[761.572s][info][gc,cpu         ] GC(1997) User=0.47s Sys=0.00s Real=0.07s
[761.730s][info][gc,start       ] GC(1998) Pause Young (Allocation Failure)
[761.805s][info][gc,heap        ] GC(1998) PSYoungGen: 584896K->70144K(604672K)
[761.805s][info][gc,heap        ] GC(1998) PSOldGen: 594965K->643637K(1398272K)
[761.805s][info][gc,metaspace   ] GC(1998) Metaspace: 32472K(33584K)->32472K(33584K) NonClass: 28693K(29360K)->28693K(29360K) Class: 3779K(4224K)->3779K(4224K)
[761.805s][info][gc             ] GC(1998) Pause Young (Allocation Failure) 1152M->697M(1956M) 74.552ms
[761.805s][info][gc,cpu         ] GC(1998) User=0.39s Sys=0.00s Real=0.08s
[762.441s][info][gc,start       ] GC(1999) Pause Young (Allocation Failure)
[762.498s][info][gc,heap        ] GC(1999) PSYoungGen: 579584K->60992K(603648K)
[762.498s][info][gc,heap        ] GC(1999) PSOldGen: 643637K->674845K(1398272K)
[762.498s][info][gc,metaspace   ] GC(1999) Metaspace: 32472K(33584K)->32472K(33584K) NonClass: 28693K(29360K)->28693K(29360K) Class: 3779K(4224K)->3779K(4224K)
[762.498s][info][gc             ] GC(1999) Pause Young (Allocation Failure) 1194M->718M(1955M) 57.175ms
[762.498s][info][gc,cpu         ] GC(1999) User=0.38s Sys=0.00s Real=0.06s
[762.634s][info][gc,start       ] GC(2000) Pause Young (Allocation Failure)
[762.704s][info][gc,heap        ] GC(2000) PSYoungGen: 570432K->73600K(605184K)
[762.704s][info][gc,heap        ] GC(2000) PSOldGen: 674845K->722681K(1398272K)
[762.704s][info][gc,metaspace   ] GC(2000) Metaspace: 32472K(33584K)->32472K(33584K) NonClass: 28693K(29360K)->28693K(29360K) Class: 3779K(4224K)->3779K(4224K)
[762.704s][info][gc             ] GC(2000) Pause Young (Allocation Failure) 1216M->777M(1956M) 70.519ms
[762.704s][info][gc,cpu         ] GC(2000) User=0.36s Sys=0.02s Real=0.07s
[763.006s][info][gc,start       ] GC(2001) Pause Young (Allocation Failure)
[763.073s][info][gc,heap        ] GC(2001) PSYoungGen: 587136K->58752K(606208K)
[763.073s][info][gc,heap        ] GC(2001) PSOldGen: 722681K->765041K(1398272K)
[763.073s][info][gc,metaspace   ] GC(2001) Metaspace: 32472K(33584K)->32472K(33584K) NonClass: 28693K(29360K)->28693K(29360K) Class: 3779K(4224K)->3779K(4224K)
[763.073s][info][gc             ] GC(2001) Pause Young (Allocation Failure) 1279M->804M(1957M) 67.596ms
[763.073s][info][gc,cpu         ] GC(2001) User=0.47s Sys=0.00s Real=0.08s
[763.631s][info][gc,start       ] GC(2002) Pause Young (Allocation Failure)
[763.692s][info][gc,heap        ] GC(2002) PSYoungGen: 572288K->72384K(606720K)
[763.692s][info][gc,heap        ] GC(2002) PSOldGen: 765041K->795553K(1398272K)
[763.692s][info][gc,metaspace   ] GC(2002) Metaspace: 32472K(33584K)->32472K(33584K) NonClass: 28693K(29360K)->28693K(29360K) Class: 3779K(4224K)->3779K(4224K)
[763.692s][info][gc             ] GC(2002) Pause Young (Allocation Failure) 1305M->847M(1958M) 61.386ms
[763.692s][info][gc,cpu         ] GC(2002) User=0.36s Sys=0.00s Real=0.07s
[763.826s][info][gc,start       ] GC(2003) Pause Young (Allocation Failure)
[763.899s][info][gc,heap        ] GC(2003) PSYoungGen: 587968K->72992K(607232K)
[763.899s][info][gc,heap        ] GC(2003) PSOldGen: 795553K->855350K(1398272K)
[763.899s][info][gc,metaspace   ] GC(2003) Metaspace: 32472K(33584K)->32472K(33584K) NonClass: 28693K(29360K)->28693K(29360K) Class: 3779K(4224K)->3779K(4224K)
[763.899s][info][gc             ] GC(2003) Pause Young (Allocation Failure) 1351M->906M(1958M) 72.837ms
[763.899s][info][gc,cpu         ] GC(2003) User=0.47s Sys=0.00s Real=0.07s
[764.662s][info][gc,start       ] GC(2004) Pause Young (Allocation Failure)
[764.714s][info][gc,heap        ] GC(2004) PSYoungGen: 588576K->38272K(603136K)
[764.714s][info][gc,heap        ] GC(2004) PSOldGen: 855350K->886566K(1398272K)
[764.714s][info][gc,metaspace   ] GC(2004) Metaspace: 32472K(33584K)->32472K(33584K) NonClass: 28693K(29360K)->28693K(29360K) Class: 3779K(4224K)->3779K(4224K)
[764.714s][info][gc             ] GC(2004) Pause Young (Allocation Failure) 1410M->903M(1954M) 51.851ms
[764.714s][info][gc,cpu         ] GC(2004) User=0.36s Sys=0.00s Real=0.05s
[764.856s][info][gc,start       ] GC(2005) Pause Young (Allocation Failure)
[764.920s][info][gc,heap        ] GC(2005) PSYoungGen: 549760K->68384K(605184K)
[764.922s][info][gc,heap        ] GC(2005) PSOldGen: 886566K->922710K(1398272K)
[764.922s][info][gc,metaspace   ] GC(2005) Metaspace: 32472K(33584K)->32472K(33584K) NonClass: 28693K(29360K)->28693K(29360K) Class: 3779K(4224K)->3779K(4224K)
[764.922s][info][gc             ] GC(2005) Pause Young (Allocation Failure) 1402M->967M(1956M) 66.469ms
[764.922s][info][gc,cpu         ] GC(2005) User=0.38s Sys=0.00s Real=0.06s
[765.065s][info][gc,start       ] GC(2006) Pause Young (Allocation Failure)
[765.147s][info][gc,heap        ] GC(2006) PSYoungGen: 579872K->77664K(601088K)
[765.147s][info][gc,heap        ] GC(2006) PSOldGen: 922710K->972822K(1398272K)
[765.147s][info][gc,metaspace   ] GC(2006) Metaspace: 32472K(33584K)->32472K(33584K) NonClass: 28693K(29360K)->28693K(29360K) Class: 3779K(4224K)->3779K(4224K)
[765.148s][info][gc             ] GC(2006) Pause Young (Allocation Failure) 1467M->1025M(1952M) 82.116ms
[765.148s][info][gc,cpu         ] GC(2006) User=0.47s Sys=0.00s Real=0.08s
[765.744s][info][gc,start       ] GC(2007) Pause Young (Allocation Failure)
[765.806s][info][gc,heap        ] GC(2007) PSYoungGen: 586080K->44384K(552960K)
[765.806s][info][gc,heap        ] GC(2007) PSOldGen: 972822K->1004918K(1398272K)
[765.806s][info][gc,metaspace   ] GC(2007) Metaspace: 32472K(33584K)->32472K(33584K) NonClass: 28693K(29360K)->28693K(29360K) Class: 3779K(4224K)->3779K(4224K)
[765.806s][info][gc             ] GC(2007) Pause Young (Allocation Failure) 1522M->1024M(1905M) 62.163ms
[765.806s][info][gc,cpu         ] GC(2007) User=0.38s Sys=0.00s Real=0.06s
[765.953s][info][gc,start       ] GC(2008) Pause Young (Allocation Failure)
[766.018s][info][gc,heap        ] GC(2008) PSYoungGen: 552800K->70784K(603648K)
[766.018s][info][gc,heap        ] GC(2008) PSOldGen: 1004918K->1042559K(1398272K)
[766.018s][info][gc,metaspace   ] GC(2008) Metaspace: 32472K(33584K)->32472K(33584K) NonClass: 28693K(29360K)->28693K(29360K) Class: 3779K(4224K)->3779K(4224K)
[766.018s][info][gc             ] GC(2008) Pause Young (Allocation Failure) 1521M->1087M(1955M) 65.761ms
[766.018s][info][gc,cpu         ] GC(2008) User=0.38s Sys=0.00s Real=0.07s
[766.150s][info][gc,start       ] GC(2009) Pause Young (Allocation Failure)
[766.218s][info][gc,heap        ] GC(2009) PSYoungGen: 578688K->68992K(603136K)
[766.218s][info][gc,heap        ] GC(2009) PSOldGen: 1042559K->1101791K(1398272K)
[766.218s][info][gc,metaspace   ] GC(2009) Metaspace: 32472K(33584K)->32472K(33584K) NonClass: 28693K(29360K)->28693K(29360K) Class: 3779K(4224K)->3779K(4224K)
[766.218s][info][gc             ] GC(2009) Pause Young (Allocation Failure) 1583M->1143M(1954M) 68.071ms
[766.218s][info][gc,cpu         ] GC(2009) User=0.38s Sys=0.00s Real=0.07s
[766.936s][info][gc,start       ] GC(2010) Pause Young (Allocation Failure)
[766.990s][info][gc,heap        ] GC(2010) PSYoungGen: 576896K->48384K(605184K)
[766.990s][info][gc,heap        ] GC(2010) PSOldGen: 1101791K->1131807K(1398272K)
[766.990s][info][gc,metaspace   ] GC(2010) Metaspace: 32472K(33584K)->32472K(33584K) NonClass: 28693K(29360K)->28693K(29360K) Class: 3779K(4224K)->3779K(4224K)
[766.990s][info][gc             ] GC(2010) Pause Young (Allocation Failure) 1639M->1152M(1956M) 53.437ms
[766.990s][info][gc,cpu         ] GC(2010) User=0.28s Sys=0.00s Real=0.05s
[767.123s][info][gc,start       ] GC(2011) Pause Young (Allocation Failure)
[767.183s][info][gc,heap        ] GC(2011) PSYoungGen: 559360K->68800K(604672K)
[767.183s][info][gc,heap        ] GC(2011) PSOldGen: 1131807K->1170475K(1398272K)
[767.183s][info][gc,metaspace   ] GC(2011) Metaspace: 32472K(33584K)->32472K(33584K) NonClass: 28693K(29360K)->28693K(29360K) Class: 3779K(4224K)->3779K(4224K)
[767.183s][info][gc             ] GC(2011) Pause Young (Allocation Failure) 1651M->1210M(1956M) 60.307ms
[767.183s][info][gc,cpu         ] GC(2011) User=0.36s Sys=0.00s Real=0.06s
[767.326s][info][gc,start       ] GC(2012) Pause Young (Allocation Failure)
[767.399s][info][gc,heap        ] GC(2012) PSYoungGen: 579776K->71872K(605696K)
[767.399s][info][gc,heap        ] GC(2012) PSOldGen: 1170475K->1225211K(1398272K)
[767.399s][info][gc,metaspace   ] GC(2012) Metaspace: 32472K(33584K)->32472K(33584K) NonClass: 28693K(29360K)->28693K(29360K) Class: 3779K(4224K)->3779K(4224K)
[767.399s][info][gc             ] GC(2012) Pause Young (Allocation Failure) 1709M->1266M(1957M) 72.636ms
[767.399s][info][gc,cpu         ] GC(2012) User=0.45s Sys=0.00s Real=0.07s
[768.008s][info][gc,start       ] GC(2013) Pause Young (System.gc())
[768.057s][info][gc,heap        ] GC(2013) PSYoungGen: 370850K->25824K(538112K)
[768.057s][info][gc,heap        ] GC(2013) PSOldGen: 1225211K->1256899K(1398272K)
[768.057s][info][gc,metaspace   ] GC(2013) Metaspace: 32472K(33584K)->32472K(33584K) NonClass: 28693K(29360K)->28693K(29360K) Class: 3779K(4224K)->3779K(4224K)
[768.057s][info][gc             ] GC(2013) Pause Young (System.gc()) 1558M->1252M(1891M) 48.886ms
[768.057s][info][gc,cpu         ] GC(2013) User=0.23s Sys=0.00s Real=0.06s
[768.057s][info][gc,start       ] GC(2014) Pause Full (System.gc())
[768.058s][info][gc,phases,start] GC(2014) Phase 1: Mark live objects
[768.168s][info][gc,phases      ] GC(2014) Phase 1: Mark live objects 110.848ms
[768.168s][info][gc,phases,start] GC(2014) Phase 2: Compute new object addresses
[768.350s][info][gc,phases      ] GC(2014) Phase 2: Compute new object addresses 181.761ms
[768.350s][info][gc,phases,start] GC(2014) Phase 3: Adjust pointers
[768.437s][info][gc,phases      ] GC(2014) Phase 3: Adjust pointers 86.466ms
[768.437s][info][gc,phases,start] GC(2014) Phase 4: Move objects
[768.461s][info][gc,phases      ] GC(2014) Phase 4: Move objects 23.998ms
[768.461s][info][gc,heap        ] GC(2014) PSYoungGen: 25824K->0K(538112K)
[768.461s][info][gc,heap        ] GC(2014) PSOldGen: 1256899K->104486K(1398272K)
[768.461s][info][gc,metaspace   ] GC(2014) Metaspace: 32472K(33584K)->32472K(33584K) NonClass: 28693K(29360K)->28693K(29360K) Class: 3779K(4224K)->3779K(4224K)
[768.461s][info][gc             ] GC(2014) Pause Full (System.gc()) 1252M->102M(1891M) 403.835ms
[768.461s][info][gc,cpu         ] GC(2014) User=0.39s Sys=0.00s Real=0.40s
[768.598s][info][gc,start       ] GC(2015) Pause Young (Allocation Failure)
[768.634s][info][gc,heap        ] GC(2015) PSYoungGen: 512000K->65184K(603648K)
[768.634s][info][gc,heap        ] GC(2015) PSOldGen: 104486K->104486K(1398272K)
[768.634s][info][gc,metaspace   ] GC(2015) Metaspace: 32472K(33584K)->32472K(33584K) NonClass: 28693K(29360K)->28693K(29360K) Class: 3779K(4224K)->3779K(4224K)
[768.634s][info][gc             ] GC(2015) Pause Young (Allocation Failure) 602M->165M(1955M) 35.919ms
[768.634s][info][gc,cpu         ] GC(2015) User=0.27s Sys=0.00s Real=0.04s
[768.783s][info][gc,start       ] GC(2016) Pause Young (Allocation Failure)
[768.857s][info][gc,heap        ] GC(2016) PSYoungGen: 572064K->81664K(588800K)
[768.857s][info][gc,heap        ] GC(2016) PSOldGen: 104486K->149338K(1398272K)
[768.857s][info][gc,metaspace   ] GC(2016) Metaspace: 32472K(33584K)->32472K(33584K) NonClass: 28693K(29360K)->28693K(29360K) Class: 3779K(4224K)->3779K(4224K)
[768.857s][info][gc             ] GC(2016) Pause Young (Allocation Failure) 660M->225M(1940M) 73.402ms
[768.857s][info][gc,cpu         ] GC(2016) User=0.47s Sys=0.00s Real=0.07s
[769.509s][info][gc,start       ] GC(2017) Pause Young (Allocation Failure)
[769.561s][info][gc,heap        ] GC(2017) PSYoungGen: 588544K->43072K(599552K)
[769.561s][info][gc,heap        ] GC(2017) PSOldGen: 149338K->182266K(1398272K)
[769.561s][info][gc,metaspace   ] GC(2017) Metaspace: 32472K(33584K)->32472K(33584K) NonClass: 28693K(29360K)->28693K(29360K) Class: 3779K(4224K)->3779K(4224K)
[769.561s][info][gc             ] GC(2017) Pause Young (Allocation Failure) 720M->220M(1951M) 52.198ms
[769.561s][info][gc,cpu         ] GC(2017) User=0.28s Sys=0.00s Real=0.06s
[769.710s][info][gc,start       ] GC(2018) Pause Young (Allocation Failure)
[769.776s][info][gc,heap        ] GC(2018) PSYoungGen: 543296K->72864K(573440K)
[769.776s][info][gc,heap        ] GC(2018) PSOldGen: 182266K->219083K(1398272K)
[769.776s][info][gc,metaspace   ] GC(2018) Metaspace: 32472K(33584K)->32472K(33584K) NonClass: 28693K(29360K)->28693K(29360K) Class: 3779K(4224K)->3779K(4224K)
[769.776s][info][gc             ] GC(2018) Pause Young (Allocation Failure) 708M->285M(1925M) 66.328ms
[769.776s][info][gc,cpu         ] GC(2018) User=0.47s Sys=0.00s Real=0.06s
[769.907s][info][gc,start       ] GC(2019) Pause Young (Allocation Failure)
[769.990s][info][gc,heap        ] GC(2019) PSYoungGen: 573088K->69536K(600064K)
[769.990s][info][gc,heap        ] GC(2019) PSOldGen: 219083K->276883K(1398272K)
[769.990s][info][gc,metaspace   ] GC(2019) Metaspace: 32472K(33584K)->32472K(33584K) NonClass: 28693K(29360K)->28693K(29360K) Class: 3779K(4224K)->3779K(4224K)
[769.990s][info][gc             ] GC(2019) Pause Young (Allocation Failure) 773M->338M(1951M) 82.455ms
[769.990s][info][gc,cpu         ] GC(2019) User=0.45s Sys=0.00s Real=0.08s
[770.520s][info][gc,start       ] GC(2020) Pause Young (Allocation Failure)
[770.570s][info][gc,heap        ] GC(2020) PSYoungGen: 569760K->48096K(599040K)
[770.570s][info][gc,heap        ] GC(2020) PSOldGen: 276883K->306891K(1398272K)
[770.570s][info][gc,metaspace   ] GC(2020) Metaspace: 32472K(33584K)->32472K(33584K) NonClass: 28693K(29360K)->28693K(29360K) Class: 3779K(4224K)->3779K(4224K)
[770.570s][info][gc             ] GC(2020) Pause Young (Allocation Failure) 826M->346M(1950M) 49.766ms
[770.570s][info][gc,cpu         ] GC(2020) User=0.28s Sys=0.00s Real=0.05s
[770.715s][info][gc,start       ] GC(2021) Pause Young (Allocation Failure)
[770.775s][info][gc,heap        ] GC(2021) PSYoungGen: 548320K->70656K(601088K)
[770.775s][info][gc,heap        ] GC(2021) PSOldGen: 306891K->345847K(1398272K)
[770.775s][info][gc,metaspace   ] GC(2021) Metaspace: 32472K(33584K)->32472K(33584K) NonClass: 28693K(29360K)->28693K(29360K) Class: 3779K(4224K)->3779K(4224K)
[770.775s][info][gc             ] GC(2021) Pause Young (Allocation Failure) 835M->406M(1952M) 60.002ms
[770.775s][info][gc,cpu         ] GC(2021) User=0.38s Sys=0.00s Real=0.06s
[770.899s][info][gc,start       ] GC(2022) Pause Young (Allocation Failure)
[770.982s][info][gc,heap        ] GC(2022) PSYoungGen: 573952K->64544K(601088K)
[770.983s][info][gc,heap        ] GC(2022) PSOldGen: 345847K->405847K(1398272K)
[770.983s][info][gc,metaspace   ] GC(2022) Metaspace: 32472K(33584K)->32472K(33584K) NonClass: 28693K(29360K)->28693K(29360K) Class: 3779K(4224K)->3779K(4224K)
[770.983s][info][gc             ] GC(2022) Pause Young (Allocation Failure) 898M->459M(1952M) 83.604ms
[770.983s][info][gc,cpu         ] GC(2022) User=0.47s Sys=0.00s Real=0.08s
[771.583s][info][gc,start       ] GC(2023) Pause Young (Allocation Failure)
[771.635s][info][gc,heap        ] GC(2023) PSYoungGen: 567840K->51552K(605184K)
[771.635s][info][gc,heap        ] GC(2023) PSOldGen: 405847K->434287K(1398272K)
[771.635s][info][gc,metaspace   ] GC(2023) Metaspace: 32472K(33584K)->32472K(33584K) NonClass: 28693K(29360K)->28693K(29360K) Class: 3779K(4224K)->3779K(4224K)
[771.635s][info][gc             ] GC(2023) Pause Young (Allocation Failure) 950M->474M(1956M) 52.023ms
[771.635s][info][gc,cpu         ] GC(2023) User=0.38s Sys=0.00s Real=0.05s
[771.790s][info][gc,start       ] GC(2024) Pause Young (Allocation Failure)
[771.852s][info][gc,heap        ] GC(2024) PSYoungGen: 562016K->75328K(586240K)
[771.852s][info][gc,heap        ] GC(2024) PSOldGen: 434287K->474544K(1398272K)
[771.852s][info][gc,metaspace   ] GC(2024) Metaspace: 32472K(33584K)->32472K(33584K) NonClass: 28693K(29360K)->28693K(29360K) Class: 3779K(4224K)->3779K(4224K)
[771.852s][info][gc             ] GC(2024) Pause Young (Allocation Failure) 972M->536M(1938M) 62.698ms
[771.852s][info][gc,cpu         ] GC(2024) User=0.38s Sys=0.00s Real=0.06s
[771.986s][info][gc,start       ] GC(2025) Pause Young (Allocation Failure)
[772.070s][info][gc,heap        ] GC(2025) PSYoungGen: 585792K->70240K(603648K)
[772.071s][info][gc,heap        ] GC(2025) PSOldGen: 474544K->536504K(1398272K)
[772.071s][info][gc,metaspace   ] GC(2025) Metaspace: 32472K(33584K)->32472K(33584K) NonClass: 28693K(29360K)->28693K(29360K) Class: 3779K(4224K)->3779K(4224K)
[772.071s][info][gc             ] GC(2025) Pause Young (Allocation Failure) 1035M->592M(1955M) 84.725ms
[772.071s][info][gc,cpu         ] GC(2025) User=0.47s Sys=0.00s Real=0.09s
[772.640s][info][gc,start       ] GC(2026) Pause Young (Allocation Failure)
[772.698s][info][gc,heap        ] GC(2026) PSYoungGen: 578144K->57888K(603136K)
[772.698s][info][gc,heap        ] GC(2026) PSOldGen: 536504K->566736K(1398272K)
[772.698s][info][gc,metaspace   ] GC(2026) Metaspace: 32472K(33584K)->32472K(33584K) NonClass: 28693K(29360K)->28693K(29360K) Class: 3779K(4224K)->3779K(4224K)
[772.698s][info][gc             ] GC(2026) Pause Young (Allocation Failure) 1088M->609M(1954M) 57.697ms
[772.698s][info][gc,cpu         ] GC(2026) User=0.36s Sys=0.02s Real=0.06s
[772.839s][info][gc,start       ] GC(2027) Pause Young (Allocation Failure)
[772.903s][info][gc,heap        ] GC(2027) PSYoungGen: 565792K->75520K(602112K)
[772.903s][info][gc,heap        ] GC(2027) PSOldGen: 566736K->609240K(1398272K)
[772.903s][info][gc,metaspace   ] GC(2027) Metaspace: 32472K(33584K)->32472K(33584K) NonClass: 28693K(29360K)->28693K(29360K) Class: 3779K(4224K)->3779K(4224K)
[772.903s][info][gc             ] GC(2027) Pause Young (Allocation Failure) 1105M->668M(1953M) 64.211ms
[772.903s][info][gc,cpu         ] GC(2027) User=0.38s Sys=0.00s Real=0.06s
[773.138s][info][gc,start       ] GC(2028) Pause Young (Allocation Failure)
[773.208s][info][gc,heap        ] GC(2028) PSYoungGen: 584960K->65888K(604160K)
[773.208s][info][gc,heap        ] GC(2028) PSOldGen: 609240K->650248K(1398272K)
[773.208s][info][gc,metaspace   ] GC(2028) Metaspace: 32472K(33584K)->32472K(33584K) NonClass: 28693K(29360K)->28693K(29360K) Class: 3779K(4224K)->3779K(4224K)
[773.208s][info][gc             ] GC(2028) Pause Young (Allocation Failure) 1166M->699M(1955M) 69.301ms
[773.208s][info][gc,cpu         ] GC(2028) User=0.38s Sys=0.00s Real=0.08s
[773.779s][info][gc,start       ] GC(2029) Pause Young (Allocation Failure)
[773.837s][info][gc,heap        ] GC(2029) PSYoungGen: 575328K->63776K(609280K)
[773.837s][info][gc,heap        ] GC(2029) PSOldGen: 650248K->683312K(1398272K)
[773.837s][info][gc,metaspace   ] GC(2029) Metaspace: 32472K(33584K)->32472K(33584K) NonClass: 28693K(29360K)->28693K(29360K) Class: 3779K(4224K)->3779K(4224K)
[773.837s][info][gc             ] GC(2029) Pause Young (Allocation Failure) 1196M->729M(1960M) 58.031ms
[773.837s][info][gc,cpu         ] GC(2029) User=0.38s Sys=0.00s Real=0.07s
[773.989s][info][gc,start       ] GC(2030) Pause Young (Allocation Failure)
[774.055s][info][gc,heap        ] GC(2030) PSYoungGen: 580896K->77376K(606720K)
[774.055s][info][gc,heap        ] GC(2030) PSOldGen: 683312K->730636K(1398272K)
[774.055s][info][gc,metaspace   ] GC(2030) Metaspace: 32472K(33584K)->32472K(33584K) NonClass: 28693K(29360K)->28693K(29360K) Class: 3779K(4224K)->3779K(4224K)
[774.055s][info][gc             ] GC(2030) Pause Young (Allocation Failure) 1234M->789M(1958M) 65.545ms
[774.055s][info][gc,cpu         ] GC(2030) User=0.36s Sys=0.00s Real=0.07s
[774.534s][info][gc,start       ] GC(2031) Pause Young (Allocation Failure)
[774.593s][info][gc,heap        ] GC(2031) PSYoungGen: 594496K->51936K(607232K)
[774.593s][info][gc,heap        ] GC(2031) PSOldGen: 730636K->764988K(1398272K)
[774.593s][info][gc,metaspace   ] GC(2031) Metaspace: 32472K(33584K)->32472K(33584K) NonClass: 28693K(29360K)->28693K(29360K) Class: 3779K(4224K)->3779K(4224K)
[774.593s][info][gc             ] GC(2031) Pause Young (Allocation Failure) 1294M->797M(1958M) 58.361ms
[774.593s][info][gc,cpu         ] GC(2031) User=0.38s Sys=0.00s Real=0.07s
[775.025s][info][gc,start       ] GC(2032) Pause Young (Allocation Failure)
[775.089s][info][gc,heap        ] GC(2032) PSYoungGen: 567520K->79072K(594944K)
[775.089s][info][gc,heap        ] GC(2032) PSOldGen: 764988K->796164K(1398272K)
[775.089s][info][gc,metaspace   ] GC(2032) Metaspace: 32472K(33584K)->32472K(33584K) NonClass: 28693K(29360K)->28693K(29360K) Class: 3779K(4224K)->3779K(4224K)
[775.089s][info][gc             ] GC(2032) Pause Young (Allocation Failure) 1301M->854M(1946M) 63.595ms
[775.089s][info][gc,cpu         ] GC(2032) User=0.38s Sys=0.00s Real=0.07s
[775.231s][info][gc,start       ] GC(2033) Pause Young (Allocation Failure)
[775.307s][info][gc,heap        ] GC(2033) PSYoungGen: 594656K->76608K(601600K)
[775.307s][info][gc,heap        ] GC(2033) PSOldGen: 796164K->858817K(1398272K)
[775.307s][info][gc,metaspace   ] GC(2033) Metaspace: 32472K(33584K)->32472K(33584K) NonClass: 28693K(29360K)->28693K(29360K) Class: 3779K(4224K)->3779K(4224K)
[775.307s][info][gc             ] GC(2033) Pause Young (Allocation Failure) 1358M->913M(1953M) 75.964ms
[775.307s][info][gc,cpu         ] GC(2033) User=0.45s Sys=0.00s Real=0.08s
[776.035s][info][gc,start       ] GC(2034) Pause Young (Allocation Failure)
[776.094s][info][gc,heap        ] GC(2034) PSYoungGen: 584000K->52064K(603136K)
[776.094s][info][gc,heap        ] GC(2034) PSOldGen: 858817K->890457K(1398272K)
[776.094s][info][gc,metaspace   ] GC(2034) Metaspace: 32472K(33584K)->32472K(33584K) NonClass: 28693K(29360K)->28693K(29360K) Class: 3779K(4224K)->3779K(4224K)
[776.094s][info][gc             ] GC(2034) Pause Young (Allocation Failure) 1409M->920M(1954M) 59.279ms
[776.094s][info][gc,cpu         ] GC(2034) User=0.36s Sys=0.00s Real=0.07s
[776.231s][info][gc,start       ] GC(2035) Pause Young (Allocation Failure)
[776.298s][info][gc,heap        ] GC(2035) PSYoungGen: 559456K->70720K(604672K)
[776.298s][info][gc,heap        ] GC(2035) PSOldGen: 890457K->931589K(1398272K)
[776.298s][info][gc,metaspace   ] GC(2035) Metaspace: 32472K(33584K)->32472K(33584K) NonClass: 28693K(29360K)->28693K(29360K) Class: 3779K(4224K)->3779K(4224K)
[776.298s][info][gc             ] GC(2035) Pause Young (Allocation Failure) 1415M->978M(1956M) 66.970ms
[776.298s][info][gc,cpu         ] GC(2035) User=0.36s Sys=0.00s Real=0.07s
[776.429s][info][gc,start       ] GC(2036) Pause Young (Allocation Failure)
[776.499s][info][gc,heap        ] GC(2036) PSYoungGen: 580160K->65600K(603648K)
[776.499s][info][gc,heap        ] GC(2036) PSOldGen: 931589K->991429K(1398272K)
[776.499s][info][gc,metaspace   ] GC(2036) Metaspace: 32472K(33584K)->32472K(33584K) NonClass: 28693K(29360K)->28693K(29360K) Class: 3779K(4224K)->3779K(4224K)
[776.500s][info][gc             ] GC(2036) Pause Young (Allocation Failure) 1476M->1032M(1955M) 70.326ms
[776.500s][info][gc,cpu         ] GC(2036) User=0.47s Sys=0.00s Real=0.07s
[777.236s][info][gc,start       ] GC(2037) Pause Young (Allocation Failure)
[777.294s][info][gc,heap        ] GC(2037) PSYoungGen: 575040K->55040K(608256K)
[777.294s][info][gc,heap        ] GC(2037) PSOldGen: 991429K->1021133K(1398272K)
[777.294s][info][gc,metaspace   ] GC(2037) Metaspace: 32472K(33584K)->32472K(33584K) NonClass: 28693K(29360K)->28693K(29360K) Class: 3779K(4224K)->3779K(4224K)
[777.294s][info][gc             ] GC(2037) Pause Young (Allocation Failure) 1529M->1050M(1959M) 58.395ms
[777.294s][info][gc,cpu         ] GC(2037) User=0.36s Sys=0.00s Real=0.06s
[777.436s][info][gc,start       ] GC(2038) Pause Young (Allocation Failure)
[777.514s][info][gc,heap        ] GC(2038) PSYoungGen: 571648K->72416K(607232K)
[777.514s][info][gc,heap        ] GC(2038) PSOldGen: 1021133K->1065166K(1398272K)
[777.514s][info][gc,metaspace   ] GC(2038) Metaspace: 32472K(33584K)->32472K(33584K) NonClass: 28693K(29360K)->28693K(29360K) Class: 3779K(4224K)->3779K(4224K)
[777.514s][info][gc             ] GC(2038) Pause Young (Allocation Failure) 1555M->1110M(1958M) 78.163ms
[777.514s][info][gc,cpu         ] GC(2038) User=0.45s Sys=0.00s Real=0.08s
[777.704s][info][gc,start       ] GC(2039) Pause Young (Allocation Failure)
[777.777s][info][gc,heap        ] GC(2039) PSYoungGen: 589024K->72576K(607744K)
[777.777s][info][gc,heap        ] GC(2039) PSOldGen: 1065166K->1104214K(1398272K)
[777.777s][info][gc,metaspace   ] GC(2039) Metaspace: 32472K(33584K)->32472K(33584K) NonClass: 28693K(29360K)->28693K(29360K) Class: 3779K(4224K)->3779K(4224K)
[777.777s][info][gc             ] GC(2039) Pause Young (Allocation Failure) 1615M->1149M(1959M) 72.860ms
[777.777s][info][gc,cpu         ] GC(2039) User=0.41s Sys=0.02s Real=0.07s
[778.252s][info][gc,start       ] GC(2040) Pause Young (Allocation Failure)
[778.314s][info][gc,heap        ] GC(2040) PSYoungGen: 589184K->57760K(607744K)
[778.314s][info][gc,heap        ] GC(2040) PSOldGen: 1104214K->1140766K(1398272K)
[778.314s][info][gc,metaspace   ] GC(2040) Metaspace: 32472K(33584K)->32472K(33584K) NonClass: 28693K(29360K)->28693K(29360K) Class: 3779K(4224K)->3779K(4224K)
[778.314s][info][gc             ] GC(2040) Pause Young (Allocation Failure) 1653M->1170M(1959M) 62.507ms
[778.314s][info][gc,cpu         ] GC(2040) User=0.33s Sys=0.00s Real=0.06s
[778.445s][info][gc,start       ] GC(2041) Pause Young (Allocation Failure)
[778.513s][info][gc,heap        ] GC(2041) PSYoungGen: 574368K->67872K(610304K)
[778.513s][info][gc,heap        ] GC(2041) PSOldGen: 1140766K->1190010K(1398272K)
[778.513s][info][gc,metaspace   ] GC(2041) Metaspace: 32472K(33584K)->32472K(33584K) NonClass: 28693K(29360K)->28693K(29360K) Class: 3779K(4224K)->3779K(4224K)
[778.513s][info][gc             ] GC(2041) Pause Young (Allocation Failure) 1674M->1228M(1961M) 68.144ms
[778.513s][info][gc,cpu         ] GC(2041) User=0.45s Sys=0.00s Real=0.07s
[778.858s][info][gc,start       ] GC(2042) Pause Young (Allocation Failure)
[778.925s][info][gc,heap        ] GC(2042) PSYoungGen: 588064K->60384K(608768K)
[778.925s][info][gc,heap        ] GC(2042) PSOldGen: 1190010K->1229306K(1398272K)
[778.925s][info][gc,metaspace   ] GC(2042) Metaspace: 32472K(33584K)->32472K(33584K) NonClass: 28693K(29360K)->28693K(29360K) Class: 3779K(4224K)->3779K(4224K)
[778.925s][info][gc             ] GC(2042) Pause Young (Allocation Failure) 1736M->1259M(1960M) 67.631ms
[778.925s][info][gc,cpu         ] GC(2042) User=0.38s Sys=0.00s Real=0.06s
[779.350s][info][gc,start       ] GC(2043) Pause Young (System.gc())
[779.386s][info][gc,heap        ] GC(2043) PSYoungGen: 165463K->11744K(597504K)
[779.386s][info][gc,heap        ] GC(2043) PSOldGen: 1229306K->1263498K(1398272K)
[779.386s][info][gc,metaspace   ] GC(2043) Metaspace: 32472K(33584K)->32472K(33584K) NonClass: 28693K(29360K)->28693K(29360K) Class: 3779K(4224K)->3779K(4224K)
[779.386s][info][gc             ] GC(2043) Pause Young (System.gc()) 1362M->1245M(1949M) 36.287ms
[779.386s][info][gc,cpu         ] GC(2043) User=0.27s Sys=0.00s Real=0.04s
[779.386s][info][gc,start       ] GC(2044) Pause Full (System.gc())
[779.386s][info][gc,phases,start] GC(2044) Phase 1: Mark live objects
[779.502s][info][gc,phases      ] GC(2044) Phase 1: Mark live objects 115.704ms
[779.502s][info][gc,phases,start] GC(2044) Phase 2: Compute new object addresses
[779.684s][info][gc,phases      ] GC(2044) Phase 2: Compute new object addresses 181.633ms
[779.684s][info][gc,phases,start] GC(2044) Phase 3: Adjust pointers
[779.768s][info][gc,phases      ] GC(2044) Phase 3: Adjust pointers 84.297ms
[779.768s][info][gc,phases,start] GC(2044) Phase 4: Move objects
[779.792s][info][gc,phases      ] GC(2044) Phase 4: Move objects 23.922ms
[779.793s][info][gc,heap        ] GC(2044) PSYoungGen: 11744K->0K(597504K)
[779.793s][info][gc,heap        ] GC(2044) PSOldGen: 1263498K->104511K(1398272K)
[779.793s][info][gc,metaspace   ] GC(2044) Metaspace: 32472K(33584K)->32472K(33584K) NonClass: 28693K(29360K)->28693K(29360K) Class: 3779K(4224K)->3779K(4224K)
[779.793s][info][gc             ] GC(2044) Pause Full (System.gc()) 1245M->102M(1949M) 406.337ms
[779.793s][info][gc,cpu         ] GC(2044) User=0.41s Sys=0.00s Real=0.41s
[779.995s][info][gc,start       ] GC(2045) Pause Young (Allocation Failure)
[780.037s][info][gc,heap        ] GC(2045) PSYoungGen: 510464K->75072K(585728K)
[780.037s][info][gc,heap        ] GC(2045) PSOldGen: 104511K->104511K(1398272K)
[780.037s][info][gc,metaspace   ] GC(2045) Metaspace: 32473K(33584K)->32473K(33584K) NonClass: 28693K(29360K)->28693K(29360K) Class: 3779K(4224K)->3779K(4224K)
[780.037s][info][gc             ] GC(2045) Pause Young (Allocation Failure) 600M->175M(1937M) 42.286ms
[780.037s][info][gc,cpu         ] GC(2045) User=0.19s Sys=0.00s Real=0.04s
[780.176s][info][gc,start       ] GC(2046) Pause Young (Allocation Failure)
[780.244s][info][gc,heap        ] GC(2046) PSYoungGen: 585536K->72640K(600576K)
[780.244s][info][gc,heap        ] GC(2046) PSOldGen: 104511K->164979K(1398272K)
[780.244s][info][gc,metaspace   ] GC(2046) Metaspace: 32473K(33584K)->32473K(33584K) NonClass: 28693K(29360K)->28693K(29360K) Class: 3779K(4224K)->3779K(4224K)
[780.244s][info][gc             ] GC(2046) Pause Young (Allocation Failure) 673M->232M(1952M) 67.872ms
[780.244s][info][gc,cpu         ] GC(2046) User=0.45s Sys=0.00s Real=0.07s
[780.993s][info][gc,start       ] GC(2047) Pause Young (Allocation Failure)
[781.051s][info][gc,heap        ] GC(2047) PSYoungGen: 576960K->53184K(601600K)
[781.051s][info][gc,heap        ] GC(2047) PSOldGen: 164979K->196379K(1398272K)
[781.051s][info][gc,metaspace   ] GC(2047) Metaspace: 32473K(33584K)->32473K(33584K) NonClass: 28693K(29360K)->28693K(29360K) Class: 3779K(4224K)->3779K(4224K)
[781.051s][info][gc             ] GC(2047) Pause Young (Allocation Failure) 724M->243M(1953M) 58.059ms
[781.051s][info][gc,cpu         ] GC(2047) User=0.28s Sys=0.00s Real=0.06s
[781.191s][info][gc,start       ] GC(2048) Pause Young (Allocation Failure)
[781.257s][info][gc,heap        ] GC(2048) PSYoungGen: 557504K->72032K(602624K)
[781.257s][info][gc,heap        ] GC(2048) PSOldGen: 196379K->238184K(1398272K)
[781.257s][info][gc,metaspace   ] GC(2048) Metaspace: 32473K(33584K)->32473K(33584K) NonClass: 28693K(29360K)->28693K(29360K) Class: 3779K(4224K)->3779K(4224K)
[781.257s][info][gc             ] GC(2048) Pause Young (Allocation Failure) 736M->302M(1954M) 66.429ms
[781.257s][info][gc,cpu         ] GC(2048) User=0.36s Sys=0.02s Real=0.07s
[781.404s][info][gc,start       ] GC(2049) Pause Young (Allocation Failure)
[781.476s][info][gc,heap        ] GC(2049) PSYoungGen: 579424K->75840K(583680K)
[781.476s][info][gc,heap        ] GC(2049) PSOldGen: 238184K->292288K(1398272K)
[781.476s][info][gc,metaspace   ] GC(2049) Metaspace: 32473K(33584K)->32473K(33584K) NonClass: 28693K(29360K)->28693K(29360K) Class: 3779K(4224K)->3779K(4224K)
[781.476s][info][gc             ] GC(2049) Pause Young (Allocation Failure) 798M->359M(1935M) 72.271ms
[781.476s][info][gc,cpu         ] GC(2049) User=0.33s Sys=0.00s Real=0.07s
[781.987s][info][gc,start       ] GC(2050) Pause Young (Allocation Failure)
[782.056s][info][gc,heap        ] GC(2050) PSYoungGen: 583232K->55232K(603136K)
[782.056s][info][gc,heap        ] GC(2050) PSOldGen: 292288K->324264K(1398272K)
[782.056s][info][gc,metaspace   ] GC(2050) Metaspace: 32473K(33584K)->32473K(33584K) NonClass: 28693K(29360K)->28693K(29360K) Class: 3779K(4224K)->3779K(4224K)
[782.056s][info][gc             ] GC(2050) Pause Young (Allocation Failure) 855M->370M(1954M) 69.338ms
[782.056s][info][gc,cpu         ] GC(2050) User=0.47s Sys=0.00s Real=0.07s
[782.194s][info][gc,start       ] GC(2051) Pause Young (Allocation Failure)
[782.258s][info][gc,heap        ] GC(2051) PSYoungGen: 561088K->72736K(601600K)
[782.258s][info][gc,heap        ] GC(2051) PSOldGen: 324264K->367092K(1398272K)
[782.258s][info][gc,metaspace   ] GC(2051) Metaspace: 32473K(33584K)->32473K(33584K) NonClass: 28693K(29360K)->28693K(29360K) Class: 3779K(4224K)->3779K(4224K)
[782.258s][info][gc             ] GC(2051) Pause Young (Allocation Failure) 864M->429M(1953M) 63.348ms
[782.258s][info][gc,cpu         ] GC(2051) User=0.38s Sys=0.00s Real=0.06s
[782.431s][info][gc,start       ] GC(2052) Pause Young (Allocation Failure)
[782.502s][info][gc,heap        ] GC(2052) PSYoungGen: 578592K->72672K(603136K)
[782.502s][info][gc,heap        ] GC(2052) PSOldGen: 367092K->411020K(1398272K)
[782.502s][info][gc,metaspace   ] GC(2052) Metaspace: 32473K(33584K)->32473K(33584K) NonClass: 28693K(29360K)->28693K(29360K) Class: 3779K(4224K)->3779K(4224K)
[782.502s][info][gc             ] GC(2052) Pause Young (Allocation Failure) 923M->472M(1954M) 71.831ms
[782.502s][info][gc,cpu         ] GC(2052) User=0.36s Sys=0.02s Real=0.07s
[783.072s][info][gc,start       ] GC(2053) Pause Young (Allocation Failure)
[783.132s][info][gc,heap        ] GC(2053) PSYoungGen: 580064K->61408K(603136K)
[783.132s][info][gc,heap        ] GC(2053) PSOldGen: 411020K->443732K(1398272K)
[783.132s][info][gc,metaspace   ] GC(2053) Metaspace: 32473K(33584K)->32473K(33584K) NonClass: 28693K(29360K)->28693K(29360K) Class: 3779K(4224K)->3779K(4224K)
[783.132s][info][gc             ] GC(2053) Pause Young (Allocation Failure) 967M->493M(1954M) 60.561ms
[783.132s][info][gc,cpu         ] GC(2053) User=0.28s Sys=0.00s Real=0.06s
[783.281s][info][gc,start       ] GC(2054) Pause Young (Allocation Failure)
[783.348s][info][gc,heap        ] GC(2054) PSYoungGen: 568800K->80448K(599552K)
[783.348s][info][gc,heap        ] GC(2054) PSOldGen: 443732K->486896K(1398272K)
[783.348s][info][gc,metaspace   ] GC(2054) Metaspace: 32473K(33584K)->32473K(33584K) NonClass: 28693K(29360K)->28693K(29360K) Class: 3779K(4224K)->3779K(4224K)
[783.348s][info][gc             ] GC(2054) Pause Young (Allocation Failure) 988M->554M(1951M) 66.601ms
[783.348s][info][gc,cpu         ] GC(2054) User=0.33s Sys=0.02s Real=0.07s
[783.656s][info][gc,start       ] GC(2055) Pause Young (Allocation Failure)
[783.718s][info][gc,heap        ] GC(2055) PSYoungGen: 586816K->57760K(602624K)
[783.718s][info][gc,heap        ] GC(2055) PSOldGen: 486896K->520720K(1398272K)
[783.718s][info][gc,metaspace   ] GC(2055) Metaspace: 32473K(33584K)->32473K(33584K) NonClass: 28693K(29360K)->28693K(29360K) Class: 3779K(4224K)->3779K(4224K)
[783.718s][info][gc             ] GC(2055) Pause Young (Allocation Failure) 1048M->564M(1954M) 61.952ms
[783.718s][info][gc,cpu         ] GC(2055) User=0.38s Sys=0.00s Real=0.07s
[784.084s][info][gc,start       ] GC(2056) Pause Young (Allocation Failure)
[784.139s][info][gc,heap        ] GC(2056) PSYoungGen: 564128K->64480K(606720K)
[784.139s][info][gc,heap        ] GC(2056) PSOldGen: 520720K->553480K(1398272K)
[784.139s][info][gc,metaspace   ] GC(2056) Metaspace: 32473K(33584K)->32473K(33584K) NonClass: 28693K(29360K)->28693K(29360K) Class: 3779K(4224K)->3779K(4224K)
[784.139s][info][gc             ] GC(2056) Pause Young (Allocation Failure) 1059M->603M(1958M) 55.147ms
[784.139s][info][gc,cpu         ] GC(2056) User=0.38s Sys=0.00s Real=0.06s
[784.276s][info][gc,start       ] GC(2057) Pause Young (Allocation Failure)
[784.340s][info][gc,heap        ] GC(2057) PSYoungGen: 576480K->71456K(604160K)
[784.341s][info][gc,heap        ] GC(2057) PSOldGen: 553480K->604957K(1398272K)
[784.341s][info][gc,metaspace   ] GC(2057) Metaspace: 32473K(33584K)->32473K(33584K) NonClass: 28693K(29360K)->28693K(29360K) Class: 3779K(4224K)->3779K(4224K)
[784.341s][info][gc             ] GC(2057) Pause Young (Allocation Failure) 1103M->660M(1955M) 64.154ms
[784.341s][info][gc,cpu         ] GC(2057) User=0.36s Sys=0.02s Real=0.06s
[785.031s][info][gc,start       ] GC(2058) Pause Young (Allocation Failure)
[785.078s][info][gc,heap        ] GC(2058) PSYoungGen: 583456K->38304K(603136K)
[785.078s][info][gc,heap        ] GC(2058) PSOldGen: 604957K->636805K(1398272K)
[785.078s][info][gc,metaspace   ] GC(2058) Metaspace: 32473K(33584K)->32473K(33584K) NonClass: 28693K(29360K)->28693K(29360K) Class: 3779K(4224K)->3779K(4224K)
[785.078s][info][gc             ] GC(2058) Pause Young (Allocation Failure) 1160M->659M(1954M) 47.344ms
[785.078s][info][gc,cpu         ] GC(2058) User=0.28s Sys=0.00s Real=0.06s
[785.323s][info][gc,start       ] GC(2059) Pause Young (Allocation Failure)
[785.387s][info][gc,heap        ] GC(2059) PSYoungGen: 549792K->80928K(592896K)
[785.388s][info][gc,heap        ] GC(2059) PSOldGen: 636805K->672813K(1398272K)
[785.388s][info][gc,metaspace   ] GC(2059) Metaspace: 32473K(33584K)->32473K(33584K) NonClass: 28693K(29360K)->28693K(29360K) Class: 3779K(4224K)->3779K(4224K)
[785.388s][info][gc             ] GC(2059) Pause Young (Allocation Failure) 1158M->736M(1944M) 64.976ms
[785.388s][info][gc,cpu         ] GC(2059) User=0.38s Sys=0.00s Real=0.06s
[785.538s][info][gc,start       ] GC(2060) Pause Young (Allocation Failure)
[785.622s][info][gc,heap        ] GC(2060) PSYoungGen: 592416K->79744K(596480K)
[785.622s][info][gc,heap        ] GC(2060) PSOldGen: 672813K->734433K(1398272K)
[785.622s][info][gc,metaspace   ] GC(2060) Metaspace: 32473K(33584K)->32473K(33584K) NonClass: 28693K(29360K)->28693K(29360K) Class: 3779K(4224K)->3779K(4224K)
[785.622s][info][gc             ] GC(2060) Pause Young (Allocation Failure) 1235M->795M(1948M) 84.029ms
[785.622s][info][gc,cpu         ] GC(2060) User=0.56s Sys=0.00s Real=0.08s
[786.230s][info][gc,start       ] GC(2061) Pause Young (Allocation Failure)
[786.301s][info][gc,heap        ] GC(2061) PSYoungGen: 578944K->58368K(599040K)
[786.301s][info][gc,heap        ] GC(2061) PSOldGen: 734433K->767161K(1398272K)
[786.301s][info][gc,metaspace   ] GC(2061) Metaspace: 32473K(33584K)->32473K(33584K) NonClass: 28693K(29360K)->28693K(29360K) Class: 3779K(4224K)->3779K(4224K)
[786.301s][info][gc             ] GC(2061) Pause Young (Allocation Failure) 1282M->806M(1950M) 71.536ms
[786.301s][info][gc,cpu         ] GC(2061) User=0.34s Sys=0.00s Real=0.08s
[786.442s][info][gc,start       ] GC(2062) Pause Young (Allocation Failure)
[786.512s][info][gc,heap        ] GC(2062) PSYoungGen: 557568K->76288K(600064K)
[786.512s][info][gc,heap        ] GC(2062) PSOldGen: 767161K->810154K(1398272K)
[786.512s][info][gc,metaspace   ] GC(2062) Metaspace: 32473K(33584K)->32473K(33584K) NonClass: 28693K(29360K)->28693K(29360K) Class: 3779K(4224K)->3779K(4224K)
[786.512s][info][gc             ] GC(2062) Pause Young (Allocation Failure) 1293M->865M(1951M) 69.170ms
[786.512s][info][gc,cpu         ] GC(2062) User=0.44s Sys=0.00s Real=0.07s
[786.739s][info][gc,start       ] GC(2063) Pause Young (Allocation Failure)
[786.809s][info][gc,heap        ] GC(2063) PSYoungGen: 578560K->66176K(600576K)
[786.809s][info][gc,heap        ] GC(2063) PSOldGen: 810154K->848882K(1398272K)
[786.809s][info][gc,metaspace   ] GC(2063) Metaspace: 32473K(33584K)->32473K(33584K) NonClass: 28693K(29360K)->28693K(29360K) Class: 3779K(4224K)->3779K(4224K)
[786.809s][info][gc             ] GC(2063) Pause Young (Allocation Failure) 1356M->893M(1952M) 70.421ms
[786.809s][info][gc,cpu         ] GC(2063) User=0.44s Sys=0.00s Real=0.08s
[787.346s][info][gc,start       ] GC(2064) Pause Young (Allocation Failure)
[787.406s][info][gc,heap        ] GC(2064) PSYoungGen: 568448K->68544K(605696K)
[787.406s][info][gc,heap        ] GC(2064) PSOldGen: 848882K->883506K(1398272K)
[787.406s][info][gc,metaspace   ] GC(2064) Metaspace: 32473K(33584K)->32473K(33584K) NonClass: 28693K(29360K)->28693K(29360K) Class: 3779K(4224K)->3779K(4224K)
[787.406s][info][gc             ] GC(2064) Pause Young (Allocation Failure) 1384M->929M(1957M) 60.783ms
[787.406s][info][gc,cpu         ] GC(2064) User=0.38s Sys=0.00s Real=0.07s
[787.542s][info][gc,start       ] GC(2065) Pause Young (Allocation Failure)
[787.613s][info][gc,heap        ] GC(2065) PSYoungGen: 579008K->70528K(603648K)
[787.613s][info][gc,heap        ] GC(2065) PSOldGen: 883506K->939602K(1398272K)
[787.613s][info][gc,metaspace   ] GC(2065) Metaspace: 32473K(33584K)->32473K(33584K) NonClass: 28693K(29360K)->28693K(29360K) Class: 3779K(4224K)->3779K(4224K)
[787.613s][info][gc             ] GC(2065) Pause Young (Allocation Failure) 1428M->986M(1955M) 70.676ms
[787.613s][info][gc,cpu         ] GC(2065) User=0.38s Sys=0.00s Real=0.07s
[788.335s][info][gc,start       ] GC(2066) Pause Young (Allocation Failure)
[788.387s][info][gc,heap        ] GC(2066) PSYoungGen: 580992K->39136K(602624K)
[788.387s][info][gc,heap        ] GC(2066) PSOldGen: 939602K->970850K(1398272K)
[788.387s][info][gc,metaspace   ] GC(2066) Metaspace: 32473K(33584K)->32473K(33584K) NonClass: 28693K(29360K)->28693K(29360K) Class: 3779K(4224K)->3779K(4224K)
[788.387s][info][gc             ] GC(2066) Pause Young (Allocation Failure) 1484M->986M(1954M) 51.234ms
[788.387s][info][gc,cpu         ] GC(2066) User=0.38s Sys=0.00s Real=0.05s
[788.532s][info][gc,start       ] GC(2067) Pause Young (Allocation Failure)
[788.591s][info][gc,heap        ] GC(2067) PSYoungGen: 549600K->66560K(604672K)
[788.591s][info][gc,heap        ] GC(2067) PSOldGen: 970850K->1007954K(1398272K)
[788.591s][info][gc,metaspace   ] GC(2067) Metaspace: 32473K(33584K)->32473K(33584K) NonClass: 28693K(29360K)->28693K(29360K) Class: 3779K(4224K)->3779K(4224K)
[788.591s][info][gc             ] GC(2067) Pause Young (Allocation Failure) 1484M->1049M(1956M) 59.154ms
[788.591s][info][gc,cpu         ] GC(2067) User=0.38s Sys=0.00s Real=0.06s
[788.728s][info][gc,start       ] GC(2068) Pause Young (Allocation Failure)
[788.791s][info][gc,heap        ] GC(2068) PSYoungGen: 577024K->70272K(607232K)
[788.791s][info][gc,heap        ] GC(2068) PSOldGen: 1007954K->1060959K(1398272K)
[788.791s][info][gc,metaspace   ] GC(2068) Metaspace: 32473K(33584K)->32473K(33584K) NonClass: 28693K(29360K)->28693K(29360K) Class: 3779K(4224K)->3779K(4224K)
[788.791s][info][gc             ] GC(2068) Pause Young (Allocation Failure) 1547M->1104M(1958M) 63.277ms
[788.791s][info][gc,cpu         ] GC(2068) User=0.36s Sys=0.00s Real=0.06s
[789.467s][info][gc,start       ] GC(2069) Pause Young (Allocation Failure)
[789.522s][info][gc,heap        ] GC(2069) PSYoungGen: 585344K->43232K(558592K)
[789.522s][info][gc,heap        ] GC(2069) PSOldGen: 1060959K->1091687K(1398272K)
[789.522s][info][gc,metaspace   ] GC(2069) Metaspace: 32473K(33584K)->32473K(33584K) NonClass: 28693K(29360K)->28693K(29360K) Class: 3779K(4224K)->3779K(4224K)
[789.522s][info][gc             ] GC(2069) Pause Young (Allocation Failure) 1607M->1108M(1911M) 54.927ms
[789.522s][info][gc,cpu         ] GC(2069) User=0.27s Sys=0.02s Real=0.05s
[789.665s][info][gc,start       ] GC(2070) Pause Young (Allocation Failure)
[789.724s][info][gc,heap        ] GC(2070) PSYoungGen: 558304K->67904K(607232K)
[789.724s][info][gc,heap        ] GC(2070) PSOldGen: 1091687K->1131127K(1398272K)
[789.724s][info][gc,metaspace   ] GC(2070) Metaspace: 32473K(33584K)->32473K(33584K) NonClass: 28693K(29360K)->28693K(29360K) Class: 3779K(4224K)->3779K(4224K)
[789.724s][info][gc             ] GC(2070) Pause Young (Allocation Failure) 1611M->1170M(1958M) 59.535ms
[789.724s][info][gc,cpu         ] GC(2070) User=0.28s Sys=0.00s Real=0.06s
[789.858s][info][gc,start       ] GC(2071) Pause Young (Allocation Failure)
[789.943s][info][gc,heap        ] GC(2071) PSYoungGen: 582464K->73632K(606208K)
[789.943s][info][gc,heap        ] GC(2071) PSOldGen: 1131127K->1185791K(1398272K)
[789.943s][info][gc,metaspace   ] GC(2071) Metaspace: 32473K(33584K)->32473K(33584K) NonClass: 28693K(29360K)->28693K(29360K) Class: 3779K(4224K)->3779K(4224K)
[789.943s][info][gc             ] GC(2071) Pause Young (Allocation Failure) 1673M->1229M(1957M) 85.778ms
[789.943s][info][gc,cpu         ] GC(2071) User=0.47s Sys=0.00s Real=0.09s
[790.478s][info][gc,start       ] GC(2072) Pause Young (System.gc())
[790.532s][info][gc,heap        ] GC(2072) PSYoungGen: 414988K->28992K(600064K)
[790.532s][info][gc,heap        ] GC(2072) PSOldGen: 1185791K->1217303K(1398272K)
[790.532s][info][gc,metaspace   ] GC(2072) Metaspace: 32473K(33584K)->32473K(33584K) NonClass: 28693K(29360K)->28693K(29360K) Class: 3779K(4224K)->3779K(4224K)
[790.532s][info][gc             ] GC(2072) Pause Young (System.gc()) 1563M->1217M(1951M) 54.071ms
[790.532s][info][gc,cpu         ] GC(2072) User=0.28s Sys=0.00s Real=0.06s
[790.532s][info][gc,start       ] GC(2073) Pause Full (System.gc())
[790.532s][info][gc,phases,start] GC(2073) Phase 1: Mark live objects
[790.651s][info][gc,phases      ] GC(2073) Phase 1: Mark live objects 118.803ms
[790.651s][info][gc,phases,start] GC(2073) Phase 2: Compute new object addresses
[790.826s][info][gc,phases      ] GC(2073) Phase 2: Compute new object addresses 174.946ms
[790.826s][info][gc,phases,start] GC(2073) Phase 3: Adjust pointers
[790.907s][info][gc,phases      ] GC(2073) Phase 3: Adjust pointers 80.907ms
[790.907s][info][gc,phases,start] GC(2073) Phase 4: Move objects
[790.930s][info][gc,phases      ] GC(2073) Phase 4: Move objects 23.291ms
[790.931s][info][gc,heap        ] GC(2073) PSYoungGen: 28992K->0K(600064K)
[790.931s][info][gc,heap        ] GC(2073) PSOldGen: 1217303K->104438K(1398272K)
[790.931s][info][gc,metaspace   ] GC(2073) Metaspace: 32473K(33584K)->32473K(33584K) NonClass: 28693K(29360K)->28693K(29360K) Class: 3779K(4224K)->3779K(4224K)
[790.931s][info][gc             ] GC(2073) Pause Full (System.gc()) 1217M->101M(1951M) 398.706ms
[790.931s][info][gc,cpu         ] GC(2073) User=0.41s Sys=0.00s Real=0.40s
[791.150s][info][gc,start       ] GC(2074) Pause Young (Allocation Failure)
[791.192s][info][gc,heap        ] GC(2074) PSYoungGen: 507392K->77824K(585728K)
[791.192s][info][gc,heap        ] GC(2074) PSOldGen: 104438K->104438K(1398272K)
[791.192s][info][gc,metaspace   ] GC(2074) Metaspace: 32473K(33584K)->32473K(33584K) NonClass: 28693K(29360K)->28693K(29360K) Class: 3779K(4224K)->3779K(4224K)
[791.192s][info][gc             ] GC(2074) Pause Young (Allocation Failure) 597M->177M(1937M) 41.334ms
[791.192s][info][gc,cpu         ] GC(2074) User=0.19s Sys=0.00s Real=0.06s
[791.346s][info][gc,start       ] GC(2075) Pause Young (Allocation Failure)
[791.422s][info][gc,heap        ] GC(2075) PSYoungGen: 585216K->81696K(593920K)
[791.422s][info][gc,heap        ] GC(2075) PSOldGen: 104438K->162851K(1398272K)
[791.422s][info][gc,metaspace   ] GC(2075) Metaspace: 32473K(33584K)->32473K(33584K) NonClass: 28693K(29360K)->28693K(29360K) Class: 3779K(4224K)->3779K(4224K)
[791.422s][info][gc             ] GC(2075) Pause Young (Allocation Failure) 673M->238M(1945M) 75.348ms
[791.422s][info][gc,cpu         ] GC(2075) User=0.44s Sys=0.00s Real=0.07s
[792.030s][info][gc,start       ] GC(2076) Pause Young (Allocation Failure)
[792.089s][info][gc,heap        ] GC(2076) PSYoungGen: 576800K->54016K(596992K)
[792.089s][info][gc,heap        ] GC(2076) PSOldGen: 162851K->195819K(1398272K)
[792.089s][info][gc,metaspace   ] GC(2076) Metaspace: 32473K(33584K)->32473K(33584K) NonClass: 28693K(29360K)->28693K(29360K) Class: 3779K(4224K)->3779K(4224K)
[792.089s][info][gc             ] GC(2076) Pause Young (Allocation Failure) 722M->243M(1948M) 58.726ms
[792.089s][info][gc,cpu         ] GC(2076) User=0.38s Sys=0.00s Real=0.07s
[792.218s][info][gc,start       ] GC(2077) Pause Young (Allocation Failure)
[792.285s][info][gc,heap        ] GC(2077) PSYoungGen: 549120K->71648K(599552K)
[792.285s][info][gc,heap        ] GC(2077) PSOldGen: 195819K->237303K(1398272K)
[792.285s][info][gc,metaspace   ] GC(2077) Metaspace: 32473K(33584K)->32473K(33584K) NonClass: 28693K(29360K)->28693K(29360K) Class: 3779K(4224K)->3779K(4224K)
[792.285s][info][gc             ] GC(2077) Pause Young (Allocation Failure) 727M->301M(1951M) 67.230ms
[792.285s][info][gc,cpu         ] GC(2077) User=0.34s Sys=0.00s Real=0.07s
[792.425s][info][gc,start       ] GC(2078) Pause Young (Allocation Failure)
[792.493s][info][gc,heap        ] GC(2078) PSYoungGen: 570848K->70656K(598528K)
[792.493s][info][gc,heap        ] GC(2078) PSOldGen: 237303K->292959K(1398272K)
[792.493s][info][gc,metaspace   ] GC(2078) Metaspace: 32473K(33584K)->32473K(33584K) NonClass: 28693K(29360K)->28693K(29360K) Class: 3779K(4224K)->3779K(4224K)
[792.493s][info][gc             ] GC(2078) Pause Young (Allocation Failure) 789M->355M(1950M) 68.135ms
[792.493s][info][gc,cpu         ] GC(2078) User=0.47s Sys=0.00s Real=0.07s
[793.208s][info][gc,start       ] GC(2079) Pause Young (Allocation Failure)
[793.269s][info][gc,heap        ] GC(2079) PSYoungGen: 569856K->54624K(602112K)
[793.269s][info][gc,heap        ] GC(2079) PSOldGen: 292959K->323991K(1398272K)
[793.269s][info][gc,metaspace   ] GC(2079) Metaspace: 32473K(33584K)->32473K(33584K) NonClass: 28693K(29360K)->28693K(29360K) Class: 3779K(4224K)->3779K(4224K)
[793.269s][info][gc             ] GC(2079) Pause Young (Allocation Failure) 842M->369M(1953M) 61.119ms
[793.270s][info][gc,cpu         ] GC(2079) User=0.38s Sys=0.00s Real=0.06s
[793.408s][info][gc,start       ] GC(2080) Pause Young (Allocation Failure)
[793.470s][info][gc,heap        ] GC(2080) PSYoungGen: 558432K->71456K(600576K)
[793.470s][info][gc,heap        ] GC(2080) PSOldGen: 323991K->366240K(1398272K)
[793.470s][info][gc,metaspace   ] GC(2080) Metaspace: 32473K(33584K)->32473K(33584K) NonClass: 28693K(29360K)->28693K(29360K) Class: 3779K(4224K)->3779K(4224K)
[793.470s][info][gc             ] GC(2080) Pause Young (Allocation Failure) 861M->427M(1952M) 61.969ms
[793.470s][info][gc,cpu         ] GC(2080) User=0.33s Sys=0.00s Real=0.06s
[793.647s][info][gc,start       ] GC(2081) Pause Young (Allocation Failure)
[793.719s][info][gc,heap        ] GC(2081) PSYoungGen: 575264K->69408K(604160K)
[793.719s][info][gc,heap        ] GC(2081) PSOldGen: 366240K->408688K(1398272K)
[793.719s][info][gc,metaspace   ] GC(2081) Metaspace: 32473K(33584K)->32473K(33584K) NonClass: 28693K(29360K)->28693K(29360K) Class: 3779K(4224K)->3779K(4224K)
[793.719s][info][gc             ] GC(2081) Pause Young (Allocation Failure) 919M->466M(1955M) 72.074ms
[793.719s][info][gc,cpu         ] GC(2081) User=0.45s Sys=0.00s Real=0.07s
[794.393s][info][gc,start       ] GC(2082) Pause Young (Allocation Failure)
[794.452s][info][gc,heap        ] GC(2082) PSYoungGen: 577312K->64128K(602624K)
[794.452s][info][gc,heap        ] GC(2082) PSOldGen: 408688K->442384K(1398272K)
[794.452s][info][gc,metaspace   ] GC(2082) Metaspace: 32473K(33584K)->32473K(33584K) NonClass: 28693K(29360K)->28693K(29360K) Class: 3779K(4224K)->3779K(4224K)
[794.452s][info][gc             ] GC(2082) Pause Young (Allocation Failure) 962M->494M(1954M) 59.210ms
[794.452s][info][gc,cpu         ] GC(2082) User=0.34s Sys=0.00s Real=0.07s
[794.584s][info][gc,start       ] GC(2083) Pause Young (Allocation Failure)
[794.652s][info][gc,heap        ] GC(2083) PSYoungGen: 572032K->73856K(605696K)
[794.652s][info][gc,heap        ] GC(2083) PSOldGen: 442384K->493128K(1398272K)
[794.652s][info][gc,metaspace   ] GC(2083) Metaspace: 32473K(33584K)->32473K(33584K) NonClass: 28693K(29360K)->28693K(29360K) Class: 3779K(4224K)->3779K(4224K)
[794.652s][info][gc             ] GC(2083) Pause Young (Allocation Failure) 990M->553M(1957M) 67.433ms
[794.652s][info][gc,cpu         ] GC(2083) User=0.45s Sys=0.00s Real=0.07s
[795.021s][info][gc,start       ] GC(2084) Pause Young (Allocation Failure)
[795.082s][info][gc,heap        ] GC(2084) PSYoungGen: 587392K->54848K(606208K)
[795.082s][info][gc,heap        ] GC(2084) PSOldGen: 493128K->528016K(1398272K)
[795.082s][info][gc,metaspace   ] GC(2084) Metaspace: 32473K(33584K)->32473K(33584K) NonClass: 28693K(29360K)->28693K(29360K) Class: 3779K(4224K)->3779K(4224K)
[795.082s][info][gc             ] GC(2084) Pause Young (Allocation Failure) 1055M->569M(1957M) 60.970ms
[795.082s][info][gc,cpu         ] GC(2084) User=0.38s Sys=0.00s Real=0.07s
[795.518s][info][gc,start       ] GC(2085) Pause Young (Allocation Failure)
[795.578s][info][gc,heap        ] GC(2085) PSYoungGen: 568384K->74400K(605696K)
[795.578s][info][gc,heap        ] GC(2085) PSOldGen: 528016K->560072K(1398272K)
[795.578s][info][gc,metaspace   ] GC(2085) Metaspace: 32473K(33584K)->32473K(33584K) NonClass: 28693K(29360K)->28693K(29360K) Class: 3779K(4224K)->3779K(4224K)
[795.578s][info][gc             ] GC(2085) Pause Young (Allocation Failure) 1070M->619M(1957M) 60.236ms
[795.578s][info][gc,cpu         ] GC(2085) User=0.38s Sys=0.00s Real=0.06s
[795.728s][info][gc,start       ] GC(2086) Pause Young (Allocation Failure)
[795.800s][info][gc,heap        ] GC(2086) PSYoungGen: 587936K->80768K(594432K)
[795.800s][info][gc,heap        ] GC(2086) PSOldGen: 560072K->615088K(1398272K)
[795.800s][info][gc,metaspace   ] GC(2086) Metaspace: 32473K(33584K)->32473K(33584K) NonClass: 28693K(29360K)->28693K(29360K) Class: 3779K(4224K)->3779K(4224K)
[795.800s][info][gc             ] GC(2086) Pause Young (Allocation Failure) 1121M->679M(1946M) 71.402ms
[795.800s][info][gc,cpu         ] GC(2086) User=0.38s Sys=0.00s Real=0.07s
[796.501s][info][gc,start       ] GC(2087) Pause Young (Allocation Failure)
[796.557s][info][gc,heap        ] GC(2087) PSYoungGen: 594304K->45504K(601088K)
[796.557s][info][gc,heap        ] GC(2087) PSOldGen: 615088K->648400K(1398272K)
[796.557s][info][gc,metaspace   ] GC(2087) Metaspace: 32473K(33584K)->32473K(33584K) NonClass: 28693K(29360K)->28693K(29360K) Class: 3779K(4224K)->3779K(4224K)
[796.557s][info][gc             ] GC(2087) Pause Young (Allocation Failure) 1181M->677M(1952M) 55.247ms
[796.557s][info][gc,cpu         ] GC(2087) User=0.38s Sys=0.00s Real=0.07s
[796.699s][info][gc,start       ] GC(2088) Pause Young (Allocation Failure)
[796.764s][info][gc,heap        ] GC(2088) PSYoungGen: 550848K->70304K(602112K)
[796.764s][info][gc,heap        ] GC(2088) PSOldGen: 648400K->686293K(1398272K)
[796.764s][info][gc,metaspace   ] GC(2088) Metaspace: 32473K(33584K)->32473K(33584K) NonClass: 28693K(29360K)->28693K(29360K) Class: 3779K(4224K)->3779K(4224K)
[796.764s][info][gc             ] GC(2088) Pause Young (Allocation Failure) 1171M->738M(1953M) 65.093ms
[796.764s][info][gc,cpu         ] GC(2088) User=0.33s Sys=0.00s Real=0.06s
[796.900s][info][gc,start       ] GC(2089) Pause Young (Allocation Failure)
[796.967s][info][gc,heap        ] GC(2089) PSYoungGen: 575648K->71744K(604160K)
[796.967s][info][gc,heap        ] GC(2089) PSOldGen: 686293K->741421K(1398272K)
[796.967s][info][gc,metaspace   ] GC(2089) Metaspace: 32473K(33584K)->32473K(33584K) NonClass: 28693K(29360K)->28693K(29360K) Class: 3779K(4224K)->3779K(4224K)
[796.967s][info][gc             ] GC(2089) Pause Young (Allocation Failure) 1232M->794M(1955M) 66.761ms
[796.967s][info][gc,cpu         ] GC(2089) User=0.38s Sys=0.00s Real=0.07s
[797.637s][info][gc,start       ] GC(2090) Pause Young (Allocation Failure)
[797.692s][info][gc,heap        ] GC(2090) PSYoungGen: 580672K->55456K(603648K)
[797.692s][info][gc,heap        ] GC(2090) PSOldGen: 741421K->771965K(1398272K)
[797.692s][info][gc,metaspace   ] GC(2090) Metaspace: 32473K(33584K)->32473K(33584K) NonClass: 28693K(29360K)->28693K(29360K) Class: 3779K(4224K)->3779K(4224K)
[797.692s][info][gc             ] GC(2090) Pause Young (Allocation Failure) 1291M->808M(1955M) 55.035ms
[797.692s][info][gc,cpu         ] GC(2090) User=0.28s Sys=0.00s Real=0.07s
[797.821s][info][gc,start       ] GC(2091) Pause Young (Allocation Failure)
[797.887s][info][gc,heap        ] GC(2091) PSYoungGen: 564384K->72320K(605184K)
[797.887s][info][gc,heap        ] GC(2091) PSOldGen: 771965K->814821K(1398272K)
[797.887s][info][gc,metaspace   ] GC(2091) Metaspace: 32473K(33584K)->32473K(33584K) NonClass: 28693K(29360K)->28693K(29360K) Class: 3779K(4224K)->3779K(4224K)
[797.887s][info][gc             ] GC(2091) Pause Young (Allocation Failure) 1305M->866M(1956M) 65.935ms
[797.887s][info][gc,cpu         ] GC(2091) User=0.38s Sys=0.00s Real=0.07s
[798.045s][info][gc,start       ] GC(2092) Pause Young (Allocation Failure)
[798.123s][info][gc,heap        ] GC(2092) PSYoungGen: 583808K->81248K(592896K)
[798.123s][info][gc,heap        ] GC(2092) PSOldGen: 814821K->861221K(1398272K)
[798.123s][info][gc,metaspace   ] GC(2092) Metaspace: 32473K(33584K)->32473K(33584K) NonClass: 28693K(29360K)->28693K(29360K) Class: 3779K(4224K)->3779K(4224K)
[798.123s][info][gc             ] GC(2092) Pause Young (Allocation Failure) 1365M->920M(1944M) 77.732ms
[798.123s][info][gc,cpu         ] GC(2092) User=0.44s Sys=0.03s Real=0.08s
[798.759s][info][gc,start       ] GC(2093) Pause Young (Allocation Failure)
[798.821s][info][gc,heap        ] GC(2093) PSYoungGen: 592736K->63104K(604672K)
[798.821s][info][gc,heap        ] GC(2093) PSOldGen: 861221K->894453K(1398272K)
[798.821s][info][gc,metaspace   ] GC(2093) Metaspace: 32473K(33584K)->32473K(33584K) NonClass: 28693K(29360K)->28693K(29360K) Class: 3779K(4224K)->3779K(4224K)
[798.821s][info][gc             ] GC(2093) Pause Young (Allocation Failure) 1419M->935M(1956M) 62.555ms
[798.821s][info][gc,cpu         ] GC(2093) User=0.36s Sys=0.00s Real=0.06s
[798.966s][info][gc,start       ] GC(2094) Pause Young (Allocation Failure)
[799.033s][info][gc,heap        ] GC(2094) PSYoungGen: 571520K->76960K(602624K)
[799.033s][info][gc,heap        ] GC(2094) PSOldGen: 894453K->941134K(1398272K)
[799.033s][info][gc,metaspace   ] GC(2094) Metaspace: 32473K(33584K)->32473K(33584K) NonClass: 28693K(29360K)->28693K(29360K) Class: 3779K(4224K)->3779K(4224K)
[799.033s][info][gc             ] GC(2094) Pause Young (Allocation Failure) 1431M->994M(1954M) 67.151ms
[799.033s][info][gc,cpu         ] GC(2094) User=0.38s Sys=0.00s Real=0.07s
[799.378s][info][gc,start       ] GC(2095) Pause Young (Allocation Failure)
[799.443s][info][gc,heap        ] GC(2095) PSYoungGen: 585376K->57728K(604672K)
[799.443s][info][gc,heap        ] GC(2095) PSOldGen: 941134K->976950K(1398272K)
[799.443s][info][gc,metaspace   ] GC(2095) Metaspace: 32473K(33584K)->32473K(33584K) NonClass: 28693K(29360K)->28693K(29360K) Class: 3779K(4224K)->3779K(4224K)
[799.443s][info][gc             ] GC(2095) Pause Young (Allocation Failure) 1490M->1010M(1956M) 64.808ms
[799.443s][info][gc,cpu         ] GC(2095) User=0.38s Sys=0.00s Real=0.07s
[799.846s][info][gc,start       ] GC(2096) Pause Young (Allocation Failure)
[799.905s][info][gc,heap        ] GC(2096) PSYoungGen: 567168K->67008K(603648K)
[799.905s][info][gc,heap        ] GC(2096) PSOldGen: 976950K->1009542K(1398272K)
[799.905s][info][gc,metaspace   ] GC(2096) Metaspace: 32473K(33584K)->32473K(33584K) NonClass: 28693K(29360K)->28693K(29360K) Class: 3779K(4224K)->3779K(4224K)
[799.905s][info][gc             ] GC(2096) Pause Young (Allocation Failure) 1507M->1051M(1955M) 58.267ms
[799.905s][info][gc,cpu         ] GC(2096) User=0.36s Sys=0.02s Real=0.06s
[800.031s][info][gc,start       ] GC(2097) Pause Young (Allocation Failure)
[800.099s][info][gc,heap        ] GC(2097) PSYoungGen: 576448K->69408K(608768K)
[800.100s][info][gc,heap        ] GC(2097) PSOldGen: 1009542K->1066962K(1398272K)
[800.100s][info][gc,metaspace   ] GC(2097) Metaspace: 32473K(33584K)->32473K(33584K) NonClass: 28693K(29360K)->28693K(29360K) Class: 3779K(4224K)->3779K(4224K)
[800.100s][info][gc             ] GC(2097) Pause Young (Allocation Failure) 1548M->1109M(1960M) 68.193ms
[800.100s][info][gc,cpu         ] GC(2097) User=0.38s Sys=0.00s Real=0.07s
[800.735s][info][gc,start       ] GC(2098) Pause Young (Allocation Failure)
[800.783s][info][gc,heap        ] GC(2098) PSYoungGen: 586528K->40032K(557568K)
[800.783s][info][gc,heap        ] GC(2098) PSOldGen: 1066962K->1096946K(1398272K)
[800.783s][info][gc,metaspace   ] GC(2098) Metaspace: 32473K(33584K)->32473K(33584K) NonClass: 28693K(29360K)->28693K(29360K) Class: 3779K(4224K)->3779K(4224K)
[800.783s][info][gc             ] GC(2098) Pause Young (Allocation Failure) 1614M->1110M(1910M) 47.592ms
[800.783s][info][gc,cpu         ] GC(2098) User=0.22s Sys=0.00s Real=0.05s
[800.919s][info][gc,start       ] GC(2099) Pause Young (Allocation Failure)
[800.977s][info][gc,heap        ] GC(2099) PSYoungGen: 557152K->65312K(608768K)
[800.977s][info][gc,heap        ] GC(2099) PSOldGen: 1096946K->1135078K(1398272K)
[800.977s][info][gc,metaspace   ] GC(2099) Metaspace: 32473K(33584K)->32473K(33584K) NonClass: 28693K(29360K)->28693K(29360K) Class: 3779K(4224K)->3779K(4224K)
[800.977s][info][gc             ] GC(2099) Pause Young (Allocation Failure) 1615M->1172M(1960M) 58.678ms
[800.977s][info][gc,cpu         ] GC(2099) User=0.38s Sys=0.00s Real=0.06s
[801.117s][info][gc,start       ] GC(2100) Pause Young (Allocation Failure)
[801.183s][info][gc,heap        ] GC(2100) PSYoungGen: 581408K->77376K(606208K)
[801.183s][info][gc,heap        ] GC(2100) PSOldGen: 1135078K->1184431K(1398272K)
[801.183s][info][gc,metaspace   ] GC(2100) Metaspace: 32473K(33584K)->32473K(33584K) NonClass: 28693K(29360K)->28693K(29360K) Class: 3779K(4224K)->3779K(4224K)
[801.183s][info][gc             ] GC(2100) Pause Young (Allocation Failure) 1676M->1232M(1957M) 66.617ms
[801.183s][info][gc,cpu         ] GC(2100) User=0.47s Sys=0.00s Real=0.07s
[801.816s][info][gc,start       ] GC(2101) Pause Young (System.gc())
[801.871s][info][gc,heap        ] GC(2101) PSYoungGen: 493750K->32672K(600576K)
[801.871s][info][gc,heap        ] GC(2101) PSOldGen: 1184431K->1217263K(1398272K)
[801.871s][info][gc,metaspace   ] GC(2101) Metaspace: 32473K(33584K)->32473K(33584K) NonClass: 28693K(29360K)->28693K(29360K) Class: 3779K(4224K)->3779K(4224K)
[801.871s][info][gc             ] GC(2101) Pause Young (System.gc()) 1638M->1220M(1952M) 55.590ms
[801.871s][info][gc,cpu         ] GC(2101) User=0.38s Sys=0.00s Real=0.06s
[801.871s][info][gc,start       ] GC(2102) Pause Full (System.gc())
[801.872s][info][gc,phases,start] GC(2102) Phase 1: Mark live objects
[801.978s][info][gc,phases      ] GC(2102) Phase 1: Mark live objects 106.222ms
[801.978s][info][gc,phases,start] GC(2102) Phase 2: Compute new object addresses
[802.153s][info][gc,phases      ] GC(2102) Phase 2: Compute new object addresses 175.498ms
[802.153s][info][gc,phases,start] GC(2102) Phase 3: Adjust pointers
[802.234s][info][gc,phases      ] GC(2102) Phase 3: Adjust pointers 80.584ms
[802.234s][info][gc,phases,start] GC(2102) Phase 4: Move objects
[802.258s][info][gc,phases      ] GC(2102) Phase 4: Move objects 23.700ms
[802.258s][info][gc,heap        ] GC(2102) PSYoungGen: 32672K->0K(600576K)
[802.258s][info][gc,heap        ] GC(2102) PSOldGen: 1217263K->104462K(1398272K)
[802.258s][info][gc,metaspace   ] GC(2102) Metaspace: 32473K(33584K)->32473K(33584K) NonClass: 28693K(29360K)->28693K(29360K) Class: 3779K(4224K)->3779K(4224K)
[802.258s][info][gc             ] GC(2102) Pause Full (System.gc()) 1220M->102M(1952M) 386.745ms
[802.258s][info][gc,cpu         ] GC(2102) User=0.38s Sys=0.00s Real=0.37s
[802.393s][info][gc,start       ] GC(2103) Pause Young (Allocation Failure)
[802.430s][info][gc,heap        ] GC(2103) PSYoungGen: 508416K->65440K(603648K)
[802.430s][info][gc,heap        ] GC(2103) PSOldGen: 104462K->104462K(1398272K)
[802.430s][info][gc,metaspace   ] GC(2103) Metaspace: 32473K(33584K)->32473K(33584K) NonClass: 28693K(29360K)->28693K(29360K) Class: 3779K(4224K)->3779K(4224K)
[802.430s][info][gc             ] GC(2103) Pause Young (Allocation Failure) 598M->165M(1955M) 37.142ms
[802.430s][info][gc,cpu         ] GC(2103) User=0.17s Sys=0.02s Real=0.04s
[802.571s][info][gc,start       ] GC(2104) Pause Young (Allocation Failure)
[802.636s][info][gc,heap        ] GC(2104) PSYoungGen: 573856K->74336K(603648K)
[802.636s][info][gc,heap        ] GC(2104) PSOldGen: 104462K->155203K(1398272K)
[802.636s][info][gc,metaspace   ] GC(2104) Metaspace: 32473K(33584K)->32473K(33584K) NonClass: 28693K(29360K)->28693K(29360K) Class: 3779K(4224K)->3779K(4224K)
[802.636s][info][gc             ] GC(2104) Pause Young (Allocation Failure) 662M->224M(1955M) 65.220ms
[802.636s][info][gc,cpu         ] GC(2104) User=0.38s Sys=0.00s Real=0.07s
[803.318s][info][gc,start       ] GC(2105) Pause Young (Allocation Failure)
[803.368s][info][gc,heap        ] GC(2105) PSYoungGen: 584800K->45280K(556032K)
[803.368s][info][gc,heap        ] GC(2105) PSOldGen: 155203K->187123K(1398272K)
[803.368s][info][gc,metaspace   ] GC(2105) Metaspace: 32473K(33584K)->32473K(33584K) NonClass: 28693K(29360K)->28693K(29360K) Class: 3779K(4224K)->3779K(4224K)
[803.368s][info][gc             ] GC(2105) Pause Young (Allocation Failure) 722M->226M(1908M) 50.498ms
[803.368s][info][gc,cpu         ] GC(2105) User=0.36s Sys=0.00s Real=0.05s
[803.515s][info][gc,start       ] GC(2106) Pause Young (Allocation Failure)
[803.577s][info][gc,heap        ] GC(2106) PSYoungGen: 555744K->70560K(604672K)
[803.577s][info][gc,heap        ] GC(2106) PSOldGen: 187123K->226119K(1398272K)
[803.577s][info][gc,metaspace   ] GC(2106) Metaspace: 32473K(33584K)->32473K(33584K) NonClass: 28693K(29360K)->28693K(29360K) Class: 3779K(4224K)->3779K(4224K)
[803.577s][info][gc             ] GC(2106) Pause Young (Allocation Failure) 725M->289M(1956M) 62.096ms
[803.577s][info][gc,cpu         ] GC(2106) User=0.38s Sys=0.00s Real=0.06s
[803.709s][info][gc,start       ] GC(2107) Pause Young (Allocation Failure)
[803.786s][info][gc,heap        ] GC(2107) PSYoungGen: 580512K->70848K(604160K)
[803.786s][info][gc,heap        ] GC(2107) PSOldGen: 226119K->282343K(1398272K)
[803.786s][info][gc,metaspace   ] GC(2107) Metaspace: 32473K(33584K)->32473K(33584K) NonClass: 28693K(29360K)->28693K(29360K) Class: 3779K(4224K)->3779K(4224K)
[803.786s][info][gc             ] GC(2107) Pause Young (Allocation Failure) 787M->344M(1955M) 77.808ms
[803.786s][info][gc,cpu         ] GC(2107) User=0.45s Sys=0.00s Real=0.08s
[804.291s][info][gc,start       ] GC(2108) Pause Young (Allocation Failure)
[804.348s][info][gc,heap        ] GC(2108) PSYoungGen: 580800K->54560K(606208K)
[804.348s][info][gc,heap        ] GC(2108) PSOldGen: 282343K->312455K(1398272K)
[804.348s][info][gc,metaspace   ] GC(2108) Metaspace: 32473K(33584K)->32473K(33584K) NonClass: 28693K(29360K)->28693K(29360K) Class: 3779K(4224K)->3779K(4224K)
[804.348s][info][gc             ] GC(2108) Pause Young (Allocation Failure) 842M->358M(1957M) 57.420ms
[804.348s][info][gc,cpu         ] GC(2108) User=0.28s Sys=0.00s Real=0.06s
[804.483s][info][gc,start       ] GC(2109) Pause Young (Allocation Failure)
[804.545s][info][gc,heap        ] GC(2109) PSYoungGen: 566560K->69856K(604672K)
[804.545s][info][gc,heap        ] GC(2109) PSOldGen: 312455K->356964K(1398272K)
[804.545s][info][gc,metaspace   ] GC(2109) Metaspace: 32473K(33584K)->32473K(33584K) NonClass: 28693K(29360K)->28693K(29360K) Class: 3779K(4224K)->3779K(4224K)
[804.545s][info][gc             ] GC(2109) Pause Young (Allocation Failure) 858M->416M(1956M) 61.582ms
[804.545s][info][gc,cpu         ] GC(2109) User=0.38s Sys=0.00s Real=0.06s
[804.676s][info][gc,start       ] GC(2110) Pause Young (Allocation Failure)
[804.745s][info][gc,heap        ] GC(2110) PSYoungGen: 581856K->68608K(607232K)
[804.745s][info][gc,heap        ] GC(2110) PSOldGen: 356964K->415404K(1398272K)
[804.745s][info][gc,metaspace   ] GC(2110) Metaspace: 32473K(33584K)->32473K(33584K) NonClass: 28693K(29360K)->28693K(29360K) Class: 3779K(4224K)->3779K(4224K)
[804.745s][info][gc             ] GC(2110) Pause Young (Allocation Failure) 916M->472M(1958M) 68.859ms
[804.745s][info][gc,cpu         ] GC(2110) User=0.44s Sys=0.00s Real=0.07s
[805.426s][info][gc,start       ] GC(2111) Pause Young (Allocation Failure)
[805.480s][info][gc,heap        ] GC(2111) PSYoungGen: 583680K->54240K(606720K)
[805.480s][info][gc,heap        ] GC(2111) PSOldGen: 415404K->445396K(1398272K)
[805.480s][info][gc,metaspace   ] GC(2111) Metaspace: 32473K(33584K)->32473K(33584K) NonClass: 28693K(29360K)->28693K(29360K) Class: 3779K(4224K)->3779K(4224K)
[805.480s][info][gc             ] GC(2111) Pause Young (Allocation Failure) 975M->487M(1958M) 54.043ms
[805.480s][info][gc,cpu         ] GC(2111) User=0.38s Sys=0.00s Real=0.06s
[805.624s][info][gc,start       ] GC(2112) Pause Young (Allocation Failure)
[805.688s][info][gc,heap        ] GC(2112) PSYoungGen: 569312K->76256K(604160K)
[805.688s][info][gc,heap        ] GC(2112) PSOldGen: 445396K->486164K(1398272K)
[805.688s][info][gc,metaspace   ] GC(2112) Metaspace: 32473K(33584K)->32473K(33584K) NonClass: 28693K(29360K)->28693K(29360K) Class: 3779K(4224K)->3779K(4224K)
[805.688s][info][gc             ] GC(2112) Pause Young (Allocation Failure) 990M->549M(1955M) 64.704ms
[805.688s][info][gc,cpu         ] GC(2112) User=0.38s Sys=0.00s Real=0.06s
[805.849s][info][gc,start       ] GC(2113) Pause Young (Allocation Failure)
[805.921s][info][gc,heap        ] GC(2113) PSYoungGen: 589792K->71968K(606208K)
[805.922s][info][gc,heap        ] GC(2113) PSOldGen: 486164K->532212K(1398272K)
[805.922s][info][gc,metaspace   ] GC(2113) Metaspace: 32473K(33584K)->32473K(33584K) NonClass: 28693K(29360K)->28693K(29360K) Class: 3779K(4224K)->3779K(4224K)
[805.922s][info][gc             ] GC(2113) Pause Young (Allocation Failure) 1050M->590M(1957M) 72.768ms
[805.922s][info][gc,cpu         ] GC(2113) User=0.45s Sys=0.00s Real=0.07s
[806.569s][info][gc,start       ] GC(2114) Pause Young (Allocation Failure)
[806.624s][info][gc,heap        ] GC(2114) PSYoungGen: 585504K->52768K(606720K)
[806.624s][info][gc,heap        ] GC(2114) PSOldGen: 532212K->564100K(1398272K)
[806.624s][info][gc,metaspace   ] GC(2114) Metaspace: 32473K(33584K)->32473K(33584K) NonClass: 28693K(29360K)->28693K(29360K) Class: 3779K(4224K)->3779K(4224K)
[806.624s][info][gc             ] GC(2114) Pause Young (Allocation Failure) 1091M->602M(1958M) 55.081ms
[806.624s][info][gc,cpu         ] GC(2114) User=0.36s Sys=0.00s Real=0.05s
[806.761s][info][gc,start       ] GC(2115) Pause Young (Allocation Failure)
[806.823s][info][gc,heap        ] GC(2115) PSYoungGen: 566816K->70944K(606208K)
[806.823s][info][gc,heap        ] GC(2115) PSOldGen: 564100K->607704K(1398272K)
[806.824s][info][gc,metaspace   ] GC(2115) Metaspace: 32473K(33584K)->32473K(33584K) NonClass: 28693K(29360K)->28693K(29360K) Class: 3779K(4224K)->3779K(4224K)
[806.824s][info][gc             ] GC(2115) Pause Young (Allocation Failure) 1104M->662M(1957M) 62.971ms
[806.824s][info][gc,cpu         ] GC(2115) User=0.38s Sys=0.00s Real=0.06s
[807.010s][info][gc,start       ] GC(2116) Pause Young (Allocation Failure)
[807.074s][info][gc,heap        ] GC(2116) PSYoungGen: 584992K->65664K(609280K)
[807.074s][info][gc,heap        ] GC(2116) PSOldGen: 607704K->646640K(1398272K)
[807.074s][info][gc,metaspace   ] GC(2116) Metaspace: 32473K(33584K)->32473K(33584K) NonClass: 28693K(29360K)->28693K(29360K) Class: 3779K(4224K)->3779K(4224K)
[807.074s][info][gc             ] GC(2116) Pause Young (Allocation Failure) 1164M->695M(1960M) 64.367ms
[807.074s][info][gc,cpu         ] GC(2116) User=0.38s Sys=0.00s Real=0.07s
[807.650s][info][gc,start       ] GC(2117) Pause Young (Allocation Failure)
[807.715s][info][gc,heap        ] GC(2117) PSYoungGen: 583296K->76928K(607232K)
[807.715s][info][gc,heap        ] GC(2117) PSOldGen: 646640K->680192K(1398272K)
[807.715s][info][gc,metaspace   ] GC(2117) Metaspace: 32473K(33584K)->32473K(33584K) NonClass: 28693K(29360K)->28693K(29360K) Class: 3779K(4224K)->3779K(4224K)
[807.715s][info][gc             ] GC(2117) Pause Young (Allocation Failure) 1201M->739M(1958M) 65.054ms
[807.715s][info][gc,cpu         ] GC(2117) User=0.38s Sys=0.00s Real=0.07s
[807.851s][info][gc,start       ] GC(2118) Pause Young (Allocation Failure)
[807.923s][info][gc,heap        ] GC(2118) PSYoungGen: 594560K->70592K(608256K)
[807.923s][info][gc,heap        ] GC(2118) PSOldGen: 680192K->745177K(1398272K)
[807.923s][info][gc,metaspace   ] GC(2118) Metaspace: 32473K(33584K)->32473K(33584K) NonClass: 28693K(29360K)->28693K(29360K) Class: 3779K(4224K)->3779K(4224K)
[807.923s][info][gc             ] GC(2118) Pause Young (Allocation Failure) 1244M->796M(1959M) 72.504ms
[807.923s][info][gc,cpu         ] GC(2118) User=0.47s Sys=0.00s Real=0.07s
[808.714s][info][gc,start       ] GC(2119) Pause Young (Allocation Failure)
[808.767s][info][gc,heap        ] GC(2119) PSYoungGen: 587200K->45056K(562176K)
[808.767s][info][gc,heap        ] GC(2119) PSOldGen: 745177K->776705K(1398272K)
[808.767s][info][gc,metaspace   ] GC(2119) Metaspace: 32473K(33584K)->32473K(33584K) NonClass: 28693K(29360K)->28693K(29360K) Class: 3779K(4224K)->3779K(4224K)
[808.767s][info][gc             ] GC(2119) Pause Young (Allocation Failure) 1301M->802M(1914M) 53.458ms
[808.767s][info][gc,cpu         ] GC(2119) User=0.28s Sys=0.00s Real=0.05s
[808.898s][info][gc,start       ] GC(2120) Pause Young (Allocation Failure)
[808.956s][info][gc,heap        ] GC(2120) PSYoungGen: 561664K->65312K(609280K)
[808.956s][info][gc,heap        ] GC(2120) PSOldGen: 776705K->817465K(1398272K)
[808.956s][info][gc,metaspace   ] GC(2120) Metaspace: 32473K(33584K)->32473K(33584K) NonClass: 28693K(29360K)->28693K(29360K) Class: 3779K(4224K)->3779K(4224K)
[808.956s][info][gc             ] GC(2120) Pause Young (Allocation Failure) 1307M->862M(1960M) 58.277ms
[808.956s][info][gc,cpu         ] GC(2120) User=0.34s Sys=0.00s Real=0.06s
[809.093s][info][gc,start       ] GC(2121) Pause Young (Allocation Failure)
[809.158s][info][gc,heap        ] GC(2121) PSYoungGen: 582432K->72544K(606720K)
[809.158s][info][gc,heap        ] GC(2121) PSOldGen: 817465K->867825K(1398272K)
[809.158s][info][gc,metaspace   ] GC(2121) Metaspace: 32473K(33584K)->32473K(33584K) NonClass: 28693K(29360K)->28693K(29360K) Class: 3779K(4224K)->3779K(4224K)
[809.158s][info][gc             ] GC(2121) Pause Young (Allocation Failure) 1367M->918M(1958M) 64.995ms
[809.158s][info][gc,cpu         ] GC(2121) User=0.38s Sys=0.00s Real=0.07s
[809.766s][info][gc,start       ] GC(2122) Pause Young (Allocation Failure)
[809.829s][info][gc,heap        ] GC(2122) PSYoungGen: 589664K->48096K(607744K)
[809.829s][info][gc,heap        ] GC(2122) PSOldGen: 867825K->898921K(1398272K)
[809.829s][info][gc,metaspace   ] GC(2122) Metaspace: 32473K(33584K)->32473K(33584K) NonClass: 28693K(29360K)->28693K(29360K) Class: 3779K(4224K)->3779K(4224K)
[809.829s][info][gc             ] GC(2122) Pause Young (Allocation Failure) 1423M->924M(1959M) 62.920ms
[809.829s][info][gc,cpu         ] GC(2122) User=0.34s Sys=0.00s Real=0.06s
[809.979s][info][gc,start       ] GC(2123) Pause Young (Allocation Failure)
[810.040s][info][gc,heap        ] GC(2123) PSYoungGen: 565728K->71904K(589824K)
[810.040s][info][gc,heap        ] GC(2123) PSOldGen: 898921K->939090K(1398272K)
[810.040s][info][gc,metaspace   ] GC(2123) Metaspace: 32473K(33584K)->32473K(33584K) NonClass: 28693K(29360K)->28693K(29360K) Class: 3779K(4224K)->3779K(4224K)
[810.040s][info][gc             ] GC(2123) Pause Young (Allocation Failure) 1430M->987M(1941M) 61.485ms
[810.040s][info][gc,cpu         ] GC(2123) User=0.38s Sys=0.00s Real=0.06s
[810.183s][info][gc,start       ] GC(2124) Pause Young (Allocation Failure)
[810.261s][info][gc,heap        ] GC(2124) PSYoungGen: 589536K->76064K(604672K)
[810.261s][info][gc,heap        ] GC(2124) PSOldGen: 939090K->994626K(1398272K)
[810.261s][info][gc,metaspace   ] GC(2124) Metaspace: 32473K(33584K)->32473K(33584K) NonClass: 28693K(29360K)->28693K(29360K) Class: 3779K(4224K)->3779K(4224K)
[810.261s][info][gc             ] GC(2124) Pause Young (Allocation Failure) 1492M->1045M(1956M) 77.937ms
[810.261s][info][gc,cpu         ] GC(2124) User=0.47s Sys=0.00s Real=0.08s
[810.834s][info][gc,start       ] GC(2125) Pause Young (Allocation Failure)
[810.901s][info][gc,heap        ] GC(2125) PSYoungGen: 589600K->57632K(606208K)
[810.901s][info][gc,heap        ] GC(2125) PSOldGen: 994626K->1026514K(1398272K)
[810.901s][info][gc,metaspace   ] GC(2125) Metaspace: 32473K(33584K)->32473K(33584K) NonClass: 28693K(29360K)->28693K(29360K) Class: 3779K(4224K)->3779K(4224K)
[810.901s][info][gc             ] GC(2125) Pause Young (Allocation Failure) 1547M->1058M(1957M) 66.867ms
[810.901s][info][gc,cpu         ] GC(2125) User=0.47s Sys=0.00s Real=0.07s
[811.037s][info][gc,start       ] GC(2126) Pause Young (Allocation Failure)
[811.101s][info][gc,heap        ] GC(2126) PSYoungGen: 571168K->74080K(605696K)
[811.101s][info][gc,heap        ] GC(2126) PSOldGen: 1026514K->1068314K(1398272K)
[811.101s][info][gc,metaspace   ] GC(2126) Metaspace: 32473K(33584K)->32473K(33584K) NonClass: 28693K(29360K)->28693K(29360K) Class: 3779K(4224K)->3779K(4224K)
[811.101s][info][gc             ] GC(2126) Pause Young (Allocation Failure) 1560M->1115M(1957M) 64.395ms
[811.101s][info][gc,cpu         ] GC(2126) User=0.38s Sys=0.00s Real=0.06s
[811.263s][info][gc,start       ] GC(2127) Pause Young (Allocation Failure)
[811.341s][info][gc,heap        ] GC(2127) PSYoungGen: 588640K->73888K(588800K)
[811.341s][info][gc,heap        ] GC(2127) PSOldGen: 1068314K->1118146K(1398272K)
[811.341s][info][gc,metaspace   ] GC(2127) Metaspace: 32473K(33584K)->32473K(33584K) NonClass: 28693K(29360K)->28693K(29360K) Class: 3779K(4224K)->3779K(4224K)
[811.341s][info][gc             ] GC(2127) Pause Young (Allocation Failure) 1618M->1164M(1940M) 78.034ms
[811.341s][info][gc,cpu         ] GC(2127) User=0.47s Sys=0.00s Real=0.08s
[812.034s][info][gc,start       ] GC(2128) Pause Young (Allocation Failure)
[812.093s][info][gc,heap        ] GC(2128) PSYoungGen: 588448K->63136K(608256K)
[812.093s][info][gc,heap        ] GC(2128) PSOldGen: 1118146K->1148906K(1398272K)
[812.093s][info][gc,metaspace   ] GC(2128) Metaspace: 32473K(33584K)->32473K(33584K) NonClass: 28693K(29360K)->28693K(29360K) Class: 3779K(4224K)->3779K(4224K)
[812.093s][info][gc             ] GC(2128) Pause Young (Allocation Failure) 1666M->1183M(1959M) 59.168ms
[812.093s][info][gc,cpu         ] GC(2128) User=0.38s Sys=0.00s Real=0.07s
[812.242s][info][gc,start       ] GC(2129) Pause Young (Allocation Failure)
[812.313s][info][gc,heap        ] GC(2129) PSYoungGen: 578720K->80512K(596480K)
[812.314s][info][gc,heap        ] GC(2129) PSOldGen: 1148906K->1193835K(1398272K)
[812.314s][info][gc,metaspace   ] GC(2129) Metaspace: 32473K(33584K)->32473K(33584K) NonClass: 28693K(29360K)->28693K(29360K) Class: 3779K(4224K)->3779K(4224K)
[812.314s][info][gc             ] GC(2129) Pause Young (Allocation Failure) 1687M->1244M(1948M) 71.351ms
[812.314s][info][gc,cpu         ] GC(2129) User=0.39s Sys=0.00s Real=0.07s
[812.657s][info][gc,start       ] GC(2130) Pause Young (Allocation Failure)
[812.722s][info][gc,heap        ] GC(2130) PSYoungGen: 596096K->56160K(606208K)
[812.722s][info][gc,heap        ] GC(2130) PSOldGen: 1193835K->1230379K(1398272K)
[812.722s][info][gc,metaspace   ] GC(2130) Metaspace: 32473K(33584K)->32473K(33584K) NonClass: 28693K(29360K)->28693K(29360K) Class: 3779K(4224K)->3779K(4224K)
[812.722s][info][gc             ] GC(2130) Pause Young (Allocation Failure) 1747M->1256M(1957M) 65.112ms
[812.722s][info][gc,cpu         ] GC(2130) User=0.38s Sys=0.00s Real=0.07s
[813.013s][info][gc,start       ] GC(2131) Pause Young (System.gc())
[813.043s][info][gc,heap        ] GC(2131) PSYoungGen: 126291K->8512K(521216K)
[813.043s][info][gc,heap        ] GC(2131) PSOldGen: 1230379K->1263563K(1398272K)
[813.043s][info][gc,metaspace   ] GC(2131) Metaspace: 32473K(33584K)->32473K(33584K) NonClass: 28693K(29360K)->28693K(29360K) Class: 3779K(4224K)->3779K(4224K)
[813.043s][info][gc             ] GC(2131) Pause Young (System.gc()) 1324M->1242M(1874M) 30.481ms
[813.043s][info][gc,cpu         ] GC(2131) User=0.19s Sys=0.00s Real=0.04s
[813.043s][info][gc,start       ] GC(2132) Pause Full (System.gc())
[813.043s][info][gc,phases,start] GC(2132) Phase 1: Mark live objects
[813.162s][info][gc,phases      ] GC(2132) Phase 1: Mark live objects 118.515ms
[813.162s][info][gc,phases,start] GC(2132) Phase 2: Compute new object addresses
[813.342s][info][gc,phases      ] GC(2132) Phase 2: Compute new object addresses 179.968ms
[813.342s][info][gc,phases,start] GC(2132) Phase 3: Adjust pointers
[813.424s][info][gc,phases      ] GC(2132) Phase 3: Adjust pointers 82.161ms
[813.424s][info][gc,phases,start] GC(2132) Phase 4: Move objects
[813.448s][info][gc,phases      ] GC(2132) Phase 4: Move objects 23.428ms
[813.448s][info][gc,heap        ] GC(2132) PSYoungGen: 8512K->0K(521216K)
[813.448s][info][gc,heap        ] GC(2132) PSOldGen: 1263563K->104336K(1398272K)
[813.448s][info][gc,metaspace   ] GC(2132) Metaspace: 32473K(33584K)->32473K(33584K) NonClass: 28693K(29360K)->28693K(29360K) Class: 3779K(4224K)->3779K(4224K)
[813.448s][info][gc             ] GC(2132) Pause Full (System.gc()) 1242M->101M(1874M) 404.880ms
[813.448s][info][gc,cpu         ] GC(2132) User=0.41s Sys=0.00s Real=0.41s
[813.673s][info][gc,start       ] GC(2133) Pause Young (Allocation Failure)
[813.716s][info][gc,heap        ] GC(2133) PSYoungGen: 512512K->77248K(593920K)
[813.716s][info][gc,heap        ] GC(2133) PSOldGen: 104336K->104336K(1398272K)
[813.716s][info][gc,metaspace   ] GC(2133) Metaspace: 32473K(33584K)->32473K(33584K) NonClass: 28693K(29360K)->28693K(29360K) Class: 3779K(4224K)->3779K(4224K)
[813.716s][info][gc             ] GC(2133) Pause Young (Allocation Failure) 602M->177M(1945M) 42.953ms
[813.716s][info][gc,cpu         ] GC(2133) User=0.27s Sys=0.00s Real=0.05s
[813.857s][info][gc,start       ] GC(2134) Pause Young (Allocation Failure)
[813.936s][info][gc,heap        ] GC(2134) PSYoungGen: 571328K->74368K(568832K)
[813.936s][info][gc,heap        ] GC(2134) PSOldGen: 104336K->165389K(1398272K)
[813.936s][info][gc,metaspace   ] GC(2134) Metaspace: 32473K(33584K)->32473K(33584K) NonClass: 28693K(29360K)->28693K(29360K) Class: 3779K(4224K)->3779K(4224K)
[813.936s][info][gc             ] GC(2134) Pause Young (Allocation Failure) 659M->234M(1921M) 79.016ms
[813.936s][info][gc,cpu         ] GC(2134) User=0.41s Sys=0.02s Real=0.08s
[814.623s][info][gc,start       ] GC(2135) Pause Young (Allocation Failure)
[814.680s][info][gc,heap        ] GC(2135) PSYoungGen: 568448K->51520K(598016K)
[814.680s][info][gc,heap        ] GC(2135) PSOldGen: 165389K->196453K(1398272K)
[814.680s][info][gc,metaspace   ] GC(2135) Metaspace: 32473K(33584K)->32473K(33584K) NonClass: 28693K(29360K)->28693K(29360K) Class: 3779K(4224K)->3779K(4224K)
[814.680s][info][gc             ] GC(2135) Pause Young (Allocation Failure) 716M->242M(1949M) 57.117ms
[814.680s][info][gc,cpu         ] GC(2135) User=0.36s Sys=0.02s Real=0.06s
[814.800s][info][gc,start       ] GC(2136) Pause Young (Allocation Failure)
[814.856s][info][gc,heap        ] GC(2136) PSYoungGen: 546624K->62048K(595968K)
[814.856s][info][gc,heap        ] GC(2136) PSOldGen: 196453K->239641K(1398272K)
[814.856s][info][gc,metaspace   ] GC(2136) Metaspace: 32473K(33584K)->32473K(33584K) NonClass: 28693K(29360K)->28693K(29360K) Class: 3779K(4224K)->3779K(4224K)
[814.856s][info][gc             ] GC(2136) Pause Young (Allocation Failure) 725M->294M(1947M) 56.080ms
[814.856s][info][gc,cpu         ] GC(2136) User=0.36s Sys=0.00s Real=0.05s
[814.987s][info][gc,start       ] GC(2137) Pause Young (Allocation Failure)
[815.054s][info][gc,heap        ] GC(2137) PSYoungGen: 557152K->68128K(603136K)
[815.054s][info][gc,heap        ] GC(2137) PSOldGen: 239641K->289065K(1398272K)
[815.054s][info][gc,metaspace   ] GC(2137) Metaspace: 32473K(33584K)->32473K(33584K) NonClass: 28693K(29360K)->28693K(29360K) Class: 3779K(4224K)->3779K(4224K)
[815.054s][info][gc             ] GC(2137) Pause Young (Allocation Failure) 778M->348M(1954M) 66.745ms
[815.054s][info][gc,cpu         ] GC(2137) User=0.38s Sys=0.00s Real=0.07s
[815.775s][info][gc,start       ] GC(2138) Pause Young (Allocation Failure)
[815.827s][info][gc,heap        ] GC(2138) PSYoungGen: 573984K->49792K(601600K)
[815.827s][info][gc,heap        ] GC(2138) PSOldGen: 289065K->318601K(1398272K)
[815.827s][info][gc,metaspace   ] GC(2138) Metaspace: 32473K(33584K)->32473K(33584K) NonClass: 28693K(29360K)->28693K(29360K) Class: 3779K(4224K)->3779K(4224K)
[815.827s][info][gc             ] GC(2138) Pause Young (Allocation Failure) 842M->359M(1953M) 51.441ms
[815.827s][info][gc,cpu         ] GC(2138) User=0.28s Sys=0.00s Real=0.05s
[815.968s][info][gc,start       ] GC(2139) Pause Young (Allocation Failure)
[816.027s][info][gc,heap        ] GC(2139) PSYoungGen: 555648K->67936K(605184K)
[816.027s][info][gc,heap        ] GC(2139) PSOldGen: 318601K->360742K(1398272K)
[816.027s][info][gc,metaspace   ] GC(2139) Metaspace: 32473K(33584K)->32473K(33584K) NonClass: 28693K(29360K)->28693K(29360K) Class: 3779K(4224K)->3779K(4224K)
[816.027s][info][gc             ] GC(2139) Pause Young (Allocation Failure) 853M->418M(1956M) 59.342ms
[816.027s][info][gc,cpu         ] GC(2139) User=0.33s Sys=0.05s Real=0.06s
[816.162s][info][gc,start       ] GC(2140) Pause Young (Allocation Failure)
[816.241s][info][gc,heap        ] GC(2140) PSYoungGen: 578400K->71328K(604160K)
[816.241s][info][gc,heap        ] GC(2140) PSOldGen: 360742K->414886K(1398272K)
[816.241s][info][gc,metaspace   ] GC(2140) Metaspace: 32473K(33584K)->32473K(33584K) NonClass: 28693K(29360K)->28693K(29360K) Class: 3779K(4224K)->3779K(4224K)
[816.241s][info][gc             ] GC(2140) Pause Young (Allocation Failure) 917M->474M(1955M) 78.560ms
[816.241s][info][gc,cpu         ] GC(2140) User=0.44s Sys=0.02s Real=0.08s
[816.737s][info][gc,start       ] GC(2141) Pause Young (Allocation Failure)
[816.792s][info][gc,heap        ] GC(2141) PSYoungGen: 581792K->55168K(606720K)
[816.792s][info][gc,heap        ] GC(2141) PSOldGen: 414886K->445742K(1398272K)
[816.792s][info][gc,metaspace   ] GC(2141) Metaspace: 32473K(33584K)->32473K(33584K) NonClass: 28693K(29360K)->28693K(29360K) Class: 3779K(4224K)->3779K(4224K)
[816.792s][info][gc             ] GC(2141) Pause Young (Allocation Failure) 973M->489M(1958M) 54.647ms
[816.792s][info][gc,cpu         ] GC(2141) User=0.38s Sys=0.00s Real=0.06s
[816.937s][info][gc,start       ] GC(2142) Pause Young (Allocation Failure)
[817.004s][info][gc,heap        ] GC(2142) PSYoungGen: 567680K->77216K(589824K)
[817.004s][info][gc,heap        ] GC(2142) PSOldGen: 445742K->487318K(1398272K)
[817.004s][info][gc,metaspace   ] GC(2142) Metaspace: 32473K(33584K)->32473K(33584K) NonClass: 28693K(29360K)->28693K(29360K) Class: 3779K(4224K)->3779K(4224K)
[817.004s][info][gc             ] GC(2142) Pause Young (Allocation Failure) 989M->551M(1941M) 66.312ms
[817.004s][info][gc,cpu         ] GC(2142) User=0.38s Sys=0.00s Real=0.07s
[817.193s][info][gc,start       ] GC(2143) Pause Young (Allocation Failure)
[817.264s][info][gc,heap        ] GC(2143) PSYoungGen: 589728K->72832K(603136K)
[817.264s][info][gc,heap        ] GC(2143) PSOldGen: 487318K->527846K(1398272K)
[817.264s][info][gc,metaspace   ] GC(2143) Metaspace: 32473K(33584K)->32473K(33584K) NonClass: 28693K(29360K)->28693K(29360K) Class: 3779K(4224K)->3779K(4224K)
[817.264s][info][gc             ] GC(2143) Pause Young (Allocation Failure) 1051M->586M(1954M) 71.517ms
[817.264s][info][gc,cpu         ] GC(2143) User=0.44s Sys=0.00s Real=0.07s
[817.794s][info][gc,start       ] GC(2144) Pause Young (Allocation Failure)
[817.851s][info][gc,heap        ] GC(2144) PSYoungGen: 581248K->61696K(603648K)
[817.852s][info][gc,heap        ] GC(2144) PSOldGen: 527846K->562710K(1398272K)
[817.852s][info][gc,metaspace   ] GC(2144) Metaspace: 32473K(33584K)->32473K(33584K) NonClass: 28693K(29360K)->28693K(29360K) Class: 3779K(4224K)->3779K(4224K)
[817.852s][info][gc             ] GC(2144) Pause Young (Allocation Failure) 1083M->609M(1955M) 57.255ms
[817.852s][info][gc,cpu         ] GC(2144) User=0.30s Sys=0.00s Real=0.06s
[817.996s][info][gc,start       ] GC(2145) Pause Young (Allocation Failure)
[818.061s][info][gc,heap        ] GC(2145) PSYoungGen: 570112K->79232K(601088K)
[818.062s][info][gc,heap        ] GC(2145) PSOldGen: 562710K->607226K(1398272K)
[818.062s][info][gc,metaspace   ] GC(2145) Metaspace: 32473K(33584K)->32473K(33584K) NonClass: 28693K(29360K)->28693K(29360K) Class: 3779K(4224K)->3779K(4224K)
[818.062s][info][gc             ] GC(2145) Pause Young (Allocation Failure) 1106M->670M(1952M) 65.729ms
[818.062s][info][gc,cpu         ] GC(2145) User=0.36s Sys=0.00s Real=0.07s
[818.436s][info][gc,start       ] GC(2146) Pause Young (Allocation Failure)
[818.495s][info][gc,heap        ] GC(2146) PSYoungGen: 587648K->53984K(603648K)
[818.495s][info][gc,heap        ] GC(2146) PSOldGen: 607226K->640994K(1398272K)
[818.495s][info][gc,metaspace   ] GC(2146) Metaspace: 32473K(33584K)->32473K(33584K) NonClass: 28693K(29360K)->28693K(29360K) Class: 3779K(4224K)->3779K(4224K)
[818.495s][info][gc             ] GC(2146) Pause Young (Allocation Failure) 1166M->678M(1955M) 58.536ms
[818.495s][info][gc,cpu         ] GC(2146) User=0.38s Sys=0.00s Real=0.06s
[818.867s][info][gc,start       ] GC(2147) Pause Young (Allocation Failure)
[818.926s][info][gc,heap        ] GC(2147) PSYoungGen: 562400K->73568K(603648K)
[818.926s][info][gc,heap        ] GC(2147) PSOldGen: 640994K->672915K(1398272K)
[818.926s][info][gc,metaspace   ] GC(2147) Metaspace: 32473K(33584K)->32473K(33584K) NonClass: 28693K(29360K)->28693K(29360K) Class: 3779K(4224K)->3779K(4224K)
[818.926s][info][gc             ] GC(2147) Pause Young (Allocation Failure) 1175M->728M(1955M) 59.435ms
[818.926s][info][gc,cpu         ] GC(2147) User=0.34s Sys=0.00s Real=0.06s
[819.066s][info][gc,start       ] GC(2148) Pause Young (Allocation Failure)
[819.133s][info][gc,heap        ] GC(2148) PSYoungGen: 583008K->73760K(604160K)
[819.133s][info][gc,heap        ] GC(2148) PSOldGen: 672915K->729871K(1398272K)
[819.133s][info][gc,metaspace   ] GC(2148) Metaspace: 32473K(33584K)->32473K(33584K) NonClass: 28693K(29360K)->28693K(29360K) Class: 3779K(4224K)->3779K(4224K)
[819.133s][info][gc             ] GC(2148) Pause Young (Allocation Failure) 1226M->784M(1955M) 66.962ms
[819.133s][info][gc,cpu         ] GC(2148) User=0.47s Sys=0.00s Real=0.07s
[819.812s][info][gc,start       ] GC(2149) Pause Young (Allocation Failure)
[819.865s][info][gc,heap        ] GC(2149) PSYoungGen: 583200K->43936K(602112K)
[819.865s][info][gc,heap        ] GC(2149) PSOldGen: 729871K->761295K(1398272K)
[819.865s][info][gc,metaspace   ] GC(2149) Metaspace: 32473K(33584K)->32473K(33584K) NonClass: 28693K(29360K)->28693K(29360K) Class: 3779K(4224K)->3779K(4224K)
[819.865s][info][gc             ] GC(2149) Pause Young (Allocation Failure) 1282M->786M(1953M) 53.756ms
[819.865s][info][gc,cpu         ] GC(2149) User=0.28s Sys=0.00s Real=0.05s
[820.018s][info][gc,start       ] GC(2150) Pause Young (Allocation Failure)
[820.078s][info][gc,heap        ] GC(2150) PSYoungGen: 551328K->69440K(603136K)
[820.078s][info][gc,heap        ] GC(2150) PSOldGen: 761295K->801651K(1398272K)
[820.078s][info][gc,metaspace   ] GC(2150) Metaspace: 32473K(33584K)->32473K(33584K) NonClass: 28693K(29360K)->28693K(29360K) Class: 3779K(4224K)->3779K(4224K)
[820.078s][info][gc             ] GC(2150) Pause Young (Allocation Failure) 1281M->850M(1954M) 59.728ms
[820.078s][info][gc,cpu         ] GC(2150) User=0.38s Sys=0.00s Real=0.06s
[820.219s][info][gc,start       ] GC(2151) Pause Young (Allocation Failure)
[820.289s][info][gc,heap        ] GC(2151) PSYoungGen: 576832K->76736K(601088K)
[820.289s][info][gc,heap        ] GC(2151) PSOldGen: 801651K->854355K(1398272K)
[820.290s][info][gc,metaspace   ] GC(2151) Metaspace: 32473K(33584K)->32473K(33584K) NonClass: 28693K(29360K)->28693K(29360K) Class: 3779K(4224K)->3779K(4224K)
[820.290s][info][gc             ] GC(2151) Pause Young (Allocation Failure) 1346M->909M(1952M) 70.709ms
[820.290s][info][gc,cpu         ] GC(2151) User=0.34s Sys=0.00s Real=0.07s
[820.798s][info][gc,start       ] GC(2152) Pause Young (Allocation Failure)
[820.852s][info][gc,heap        ] GC(2152) PSYoungGen: 583104K->53056K(602624K)
[820.852s][info][gc,heap        ] GC(2152) PSOldGen: 854355K->885803K(1398272K)
[820.852s][info][gc,metaspace   ] GC(2152) Metaspace: 32473K(33584K)->32473K(33584K) NonClass: 28693K(29360K)->28693K(29360K) Class: 3779K(4224K)->3779K(4224K)
[820.852s][info][gc             ] GC(2152) Pause Young (Allocation Failure) 1403M->916M(1954M) 54.465ms
[820.852s][info][gc,cpu         ] GC(2152) User=0.36s Sys=0.02s Real=0.05s
[820.984s][info][gc,start       ] GC(2153) Pause Young (Allocation Failure)
[821.050s][info][gc,heap        ] GC(2153) PSYoungGen: 559424K->68448K(605184K)
[821.050s][info][gc,heap        ] GC(2153) PSOldGen: 885803K->929032K(1398272K)
[821.050s][info][gc,metaspace   ] GC(2153) Metaspace: 32473K(33584K)->32473K(33584K) NonClass: 28693K(29360K)->28693K(29360K) Class: 3779K(4224K)->3779K(4224K)
[821.050s][info][gc             ] GC(2153) Pause Young (Allocation Failure) 1411M->974M(1956M) 66.134ms
[821.050s][info][gc,cpu         ] GC(2153) User=0.38s Sys=0.00s Real=0.07s
[821.178s][info][gc,start       ] GC(2154) Pause Young (Allocation Failure)
[821.257s][info][gc,heap        ] GC(2154) PSYoungGen: 578400K->66784K(603648K)
[821.257s][info][gc,heap        ] GC(2154) PSOldGen: 929032K->986056K(1398272K)
[821.257s][info][gc,metaspace   ] GC(2154) Metaspace: 32473K(33584K)->32473K(33584K) NonClass: 28693K(29360K)->28693K(29360K) Class: 3779K(4224K)->3779K(4224K)
[821.257s][info][gc             ] GC(2154) Pause Young (Allocation Failure) 1472M->1028M(1955M) 79.468ms
[821.257s][info][gc,cpu         ] GC(2154) User=0.44s Sys=0.00s Real=0.08s
[821.918s][info][gc,start       ] GC(2155) Pause Young (Allocation Failure)
[821.974s][info][gc,heap        ] GC(2155) PSYoungGen: 576736K->56896K(608768K)
[821.974s][info][gc,heap        ] GC(2155) PSOldGen: 986056K->1015368K(1398272K)
[821.974s][info][gc,metaspace   ] GC(2155) Metaspace: 32473K(33584K)->32473K(33584K) NonClass: 28693K(29360K)->28693K(29360K) Class: 3779K(4224K)->3779K(4224K)
[821.974s][info][gc             ] GC(2155) Pause Young (Allocation Failure) 1526M->1047M(1960M) 56.802ms
[821.975s][info][gc,cpu         ] GC(2155) User=0.27s Sys=0.00s Real=0.06s
[822.121s][info][gc,start       ] GC(2156) Pause Young (Allocation Failure)
[822.186s][info][gc,heap        ] GC(2156) PSYoungGen: 574016K->76672K(593920K)
[822.186s][info][gc,heap        ] GC(2156) PSOldGen: 1015368K->1057960K(1398272K)
[822.186s][info][gc,metaspace   ] GC(2156) Metaspace: 32473K(33584K)->32473K(33584K) NonClass: 28693K(29360K)->28693K(29360K) Class: 3779K(4224K)->3779K(4224K)
[822.186s][info][gc             ] GC(2156) Pause Young (Allocation Failure) 1552M->1108M(1945M) 65.815ms
[822.186s][info][gc,cpu         ] GC(2156) User=0.38s Sys=0.00s Real=0.07s
[822.404s][info][gc,start       ] GC(2157) Pause Young (Allocation Failure)
[822.476s][info][gc,heap        ] GC(2157) PSYoungGen: 593792K->67840K(608256K)
[822.476s][info][gc,heap        ] GC(2157) PSOldGen: 1057960K->1096496K(1398272K)
[822.476s][info][gc,metaspace   ] GC(2157) Metaspace: 32473K(33584K)->32473K(33584K) NonClass: 28693K(29360K)->28693K(29360K) Class: 3779K(4224K)->3779K(4224K)
[822.476s][info][gc             ] GC(2157) Pause Young (Allocation Failure) 1613M->1137M(1959M) 72.544ms
[822.476s][info][gc,cpu         ] GC(2157) User=0.36s Sys=0.00s Real=0.08s
[823.029s][info][gc,start       ] GC(2158) Pause Young (Allocation Failure)
[823.091s][info][gc,heap        ] GC(2158) PSYoungGen: 583936K->68224K(606720K)
[823.091s][info][gc,heap        ] GC(2158) PSOldGen: 1096496K->1131640K(1398272K)
[823.091s][info][gc,metaspace   ] GC(2158) Metaspace: 32473K(33584K)->32473K(33584K) NonClass: 28693K(29360K)->28693K(29360K) Class: 3779K(4224K)->3779K(4224K)
[823.091s][info][gc             ] GC(2158) Pause Young (Allocation Failure) 1641M->1171M(1958M) 61.949ms
[823.091s][info][gc,cpu         ] GC(2158) User=0.38s Sys=0.00s Real=0.07s
[823.245s][info][gc,start       ] GC(2159) Pause Young (Allocation Failure)
[823.319s][info][gc,heap        ] GC(2159) PSYoungGen: 584320K->82624K(602624K)
[823.319s][info][gc,heap        ] GC(2159) PSOldGen: 1131640K->1180773K(1398272K)
[823.319s][info][gc,metaspace   ] GC(2159) Metaspace: 32473K(33584K)->32473K(33584K) NonClass: 28693K(29360K)->28693K(29360K) Class: 3779K(4224K)->3779K(4224K)
[823.319s][info][gc             ] GC(2159) Pause Young (Allocation Failure) 1675M->1233M(1954M) 74.475ms
[823.319s][info][gc,cpu         ] GC(2159) User=0.38s Sys=0.00s Real=0.08s
[824.024s][info][gc,start       ] GC(2160) Pause Young (System.gc())
[824.075s][info][gc,heap        ] GC(2160) PSYoungGen: 561686K->35488K(549376K)
[824.075s][info][gc,heap        ] GC(2160) PSOldGen: 1180773K->1215101K(1398272K)
[824.075s][info][gc,metaspace   ] GC(2160) Metaspace: 32473K(33584K)->32473K(33584K) NonClass: 28693K(29360K)->28693K(29360K) Class: 3779K(4224K)->3779K(4224K)
[824.075s][info][gc             ] GC(2160) Pause Young (System.gc()) 1701M->1221M(1902M) 50.854ms
[824.075s][info][gc,cpu         ] GC(2160) User=0.28s Sys=0.00s Real=0.06s
[824.075s][info][gc,start       ] GC(2161) Pause Full (System.gc())
[824.075s][info][gc,phases,start] GC(2161) Phase 1: Mark live objects
[824.191s][info][gc,phases      ] GC(2161) Phase 1: Mark live objects 115.411ms
[824.191s][info][gc,phases,start] GC(2161) Phase 2: Compute new object addresses
[824.366s][info][gc,phases      ] GC(2161) Phase 2: Compute new object addresses 175.365ms
[824.366s][info][gc,phases,start] GC(2161) Phase 3: Adjust pointers
[824.444s][info][gc,phases      ] GC(2161) Phase 3: Adjust pointers 78.002ms
[824.444s][info][gc,phases,start] GC(2161) Phase 4: Move objects
[824.468s][info][gc,phases      ] GC(2161) Phase 4: Move objects 23.155ms
[824.468s][info][gc,heap        ] GC(2161) PSYoungGen: 35488K->0K(549376K)
[824.468s][info][gc,heap        ] GC(2161) PSOldGen: 1215101K->104407K(1398272K)
[824.468s][info][gc,metaspace   ] GC(2161) Metaspace: 32473K(33584K)->32473K(33584K) NonClass: 28693K(29360K)->28693K(29360K) Class: 3779K(4224K)->3779K(4224K)
[824.468s][info][gc             ] GC(2161) Pause Full (System.gc()) 1221M->101M(1902M) 392.752ms
[824.468s][info][gc,cpu         ] GC(2161) User=0.39s Sys=0.00s Real=0.38s
[824.711s][info][gc,start       ] GC(2162) Pause Young (Allocation Failure)
[824.755s][info][gc,heap        ] GC(2162) PSYoungGen: 513536K->81376K(596992K)
[824.755s][info][gc,heap        ] GC(2162) PSOldGen: 104407K->104407K(1398272K)
[824.755s][info][gc,metaspace   ] GC(2162) Metaspace: 32473K(33584K)->32473K(33584K) NonClass: 28693K(29360K)->28693K(29360K) Class: 3779K(4224K)->3779K(4224K)
[824.755s][info][gc             ] GC(2162) Pause Young (Allocation Failure) 603M->181M(1948M) 43.460ms
[824.755s][info][gc,cpu         ] GC(2162) User=0.17s Sys=0.00s Real=0.05s
[824.894s][info][gc,start       ] GC(2163) Pause Young (Allocation Failure)
[824.970s][info][gc,heap        ] GC(2163) PSYoungGen: 582624K->72480K(600064K)
[824.970s][info][gc,heap        ] GC(2163) PSOldGen: 104407K->170700K(1398272K)
[824.970s][info][gc,metaspace   ] GC(2163) Metaspace: 32473K(33584K)->32473K(33584K) NonClass: 28693K(29360K)->28693K(29360K) Class: 3779K(4224K)->3779K(4224K)
[824.970s][info][gc             ] GC(2163) Pause Young (Allocation Failure) 670M->237M(1951M) 76.666ms
[824.970s][info][gc,cpu         ] GC(2163) User=0.45s Sys=0.00s Real=0.08s
[825.668s][info][gc,start       ] GC(2164) Pause Young (Allocation Failure)
[825.727s][info][gc,heap        ] GC(2164) PSYoungGen: 573728K->55296K(602112K)
[825.727s][info][gc,heap        ] GC(2164) PSOldGen: 170700K->201948K(1398272K)
[825.727s][info][gc,metaspace   ] GC(2164) Metaspace: 32473K(33584K)->32473K(33584K) NonClass: 28693K(29360K)->28693K(29360K) Class: 3779K(4224K)->3779K(4224K)
[825.727s][info][gc             ] GC(2164) Pause Young (Allocation Failure) 726M->251M(1953M) 58.315ms
[825.727s][info][gc,cpu         ] GC(2164) User=0.28s Sys=0.00s Real=0.06s
[825.868s][info][gc,start       ] GC(2165) Pause Young (Allocation Failure)
[825.931s][info][gc,heap        ] GC(2165) PSYoungGen: 559104K->70080K(600576K)
[825.931s][info][gc,heap        ] GC(2165) PSOldGen: 201948K->248036K(1398272K)
[825.931s][info][gc,metaspace   ] GC(2165) Metaspace: 32473K(33584K)->32473K(33584K) NonClass: 28693K(29360K)->28693K(29360K) Class: 3779K(4224K)->3779K(4224K)
[825.931s][info][gc             ] GC(2165) Pause Young (Allocation Failure) 743M->310M(1952M) 63.026ms
[825.931s][info][gc,cpu         ] GC(2165) User=0.38s Sys=0.00s Real=0.06s
[826.069s][info][gc,start       ] GC(2166) Pause Young (Allocation Failure)
[826.134s][info][gc,heap        ] GC(2166) PSYoungGen: 573888K->69728K(605184K)
[826.134s][info][gc,heap        ] GC(2166) PSOldGen: 248036K->302956K(1398272K)
[826.134s][info][gc,metaspace   ] GC(2166) Metaspace: 32473K(33584K)->32473K(33584K) NonClass: 28693K(29360K)->28693K(29360K) Class: 3779K(4224K)->3779K(4224K)
[826.134s][info][gc             ] GC(2166) Pause Young (Allocation Failure) 802M->363M(1956M) 65.145ms
[826.134s][info][gc,cpu         ] GC(2166) User=0.44s Sys=0.00s Real=0.07s
[826.760s][info][gc,start       ] GC(2167) Pause Young (Allocation Failure)
[826.823s][info][gc,heap        ] GC(2167) PSYoungGen: 579680K->67136K(603648K)
[826.823s][info][gc,heap        ] GC(2167) PSOldGen: 302956K->332676K(1398272K)
[826.823s][info][gc,metaspace   ] GC(2167) Metaspace: 32473K(33584K)->32473K(33584K) NonClass: 28693K(29360K)->28693K(29360K) Class: 3779K(4224K)->3779K(4224K)
[826.823s][info][gc             ] GC(2167) Pause Young (Allocation Failure) 861M->390M(1955M) 62.536ms
[826.823s][info][gc,cpu         ] GC(2167) User=0.38s Sys=0.00s Real=0.07s
[826.969s][info][gc,start       ] GC(2168) Pause Young (Allocation Failure)
[827.039s][info][gc,heap        ] GC(2168) PSYoungGen: 577088K->80832K(602112K)
[827.039s][info][gc,heap        ] GC(2168) PSOldGen: 332676K->381369K(1398272K)
[827.039s][info][gc,metaspace   ] GC(2168) Metaspace: 32473K(33584K)->32473K(33584K) NonClass: 28693K(29360K)->28693K(29360K) Class: 3779K(4224K)->3779K(4224K)
[827.039s][info][gc             ] GC(2168) Pause Young (Allocation Failure) 888M->451M(1953M) 69.830ms
[827.039s][info][gc,cpu         ] GC(2168) User=0.38s Sys=0.00s Real=0.07s
[827.383s][info][gc,start       ] GC(2169) Pause Young (Allocation Failure)
[827.447s][info][gc,heap        ] GC(2169) PSYoungGen: 591296K->54432K(604672K)
[827.447s][info][gc,heap        ] GC(2169) PSOldGen: 381369K->421841K(1398272K)
[827.447s][info][gc,metaspace   ] GC(2169) Metaspace: 32473K(33584K)->32473K(33584K) NonClass: 28693K(29360K)->28693K(29360K) Class: 3779K(4224K)->3779K(4224K)
[827.447s][info][gc             ] GC(2169) Pause Young (Allocation Failure) 949M->465M(1956M) 64.023ms
[827.447s][info][gc,cpu         ] GC(2169) User=0.42s Sys=0.00s Real=0.06s
[827.899s][info][gc,start       ] GC(2170) Pause Young (Allocation Failure)
[827.957s][info][gc,heap        ] GC(2170) PSYoungGen: 564896K->65824K(607744K)
[827.957s][info][gc,heap        ] GC(2170) PSOldGen: 421841K->451505K(1398272K)
[827.957s][info][gc,metaspace   ] GC(2170) Metaspace: 32473K(33584K)->32473K(33584K) NonClass: 28693K(29360K)->28693K(29360K) Class: 3779K(4224K)->3779K(4224K)
[827.957s][info][gc             ] GC(2170) Pause Young (Allocation Failure) 963M->505M(1959M) 57.641ms
[827.957s][info][gc,cpu         ] GC(2170) User=0.28s Sys=0.00s Real=0.06s
[828.092s][info][gc,start       ] GC(2171) Pause Young (Allocation Failure)
[828.158s][info][gc,heap        ] GC(2171) PSYoungGen: 579872K->72512K(605184K)
[828.158s][info][gc,heap        ] GC(2171) PSOldGen: 451505K->503585K(1398272K)
[828.158s][info][gc,metaspace   ] GC(2171) Metaspace: 32473K(33584K)->32473K(33584K) NonClass: 28693K(29360K)->28693K(29360K) Class: 3779K(4224K)->3779K(4224K)
[828.158s][info][gc             ] GC(2171) Pause Young (Allocation Failure) 1007M->562M(1956M) 66.191ms
[828.158s][info][gc,cpu         ] GC(2171) User=0.38s Sys=0.00s Real=0.07s
[828.617s][info][gc,start       ] GC(2172) Pause Young (Allocation Failure)
[828.673s][info][gc,heap        ] GC(2172) PSYoungGen: 586560K->50272K(606720K)
[828.673s][info][gc,heap        ] GC(2172) PSOldGen: 503585K->538369K(1398272K)
[828.674s][info][gc,metaspace   ] GC(2172) Metaspace: 32473K(33584K)->32473K(33584K) NonClass: 28693K(29360K)->28693K(29360K) Class: 3779K(4224K)->3779K(4224K)
[828.674s][info][gc             ] GC(2172) Pause Young (Allocation Failure) 1064M->574M(1958M) 56.559ms
[828.674s][info][gc,cpu         ] GC(2172) User=0.38s Sys=0.00s Real=0.06s
[829.123s][info][gc,start       ] GC(2173) Pause Young (Allocation Failure)
[829.186s][info][gc,heap        ] GC(2173) PSYoungGen: 565856K->80896K(596992K)
[829.186s][info][gc,heap        ] GC(2173) PSOldGen: 538369K->568153K(1398272K)
[829.186s][info][gc,metaspace   ] GC(2173) Metaspace: 32473K(33584K)->32473K(33584K) NonClass: 28693K(29360K)->28693K(29360K) Class: 3779K(4224K)->3779K(4224K)
[829.186s][info][gc             ] GC(2173) Pause Young (Allocation Failure) 1078M->633M(1948M) 63.142ms
[829.186s][info][gc,cpu         ] GC(2173) User=0.38s Sys=0.00s Real=0.07s
[829.351s][info][gc,start       ] GC(2174) Pause Young (Allocation Failure)
[829.425s][info][gc,heap        ] GC(2174) PSYoungGen: 596480K->85504K(595968K)
[829.425s][info][gc,heap        ] GC(2174) PSOldGen: 568153K->627090K(1398272K)
[829.425s][info][gc,metaspace   ] GC(2174) Metaspace: 32473K(33584K)->32473K(33584K) NonClass: 28693K(29360K)->28693K(29360K) Class: 3779K(4224K)->3779K(4224K)
[829.426s][info][gc             ] GC(2174) Pause Young (Allocation Failure) 1137M->695M(1947M) 74.723ms
[829.426s][info][gc,cpu         ] GC(2174) User=0.44s Sys=0.00s Real=0.07s
[829.977s][info][gc,start       ] GC(2175) Pause Young (Allocation Failure)
[830.038s][info][gc,heap        ] GC(2175) PSYoungGen: 586752K->54944K(600064K)
[830.038s][info][gc,heap        ] GC(2175) PSOldGen: 627090K->661738K(1398272K)
[830.038s][info][gc,metaspace   ] GC(2175) Metaspace: 32473K(33584K)->32473K(33584K) NonClass: 28693K(29360K)->28693K(29360K) Class: 3779K(4224K)->3779K(4224K)
[830.038s][info][gc             ] GC(2175) Pause Young (Allocation Failure) 1185M->699M(1951M) 60.359ms
[830.038s][info][gc,cpu         ] GC(2175) User=0.28s Sys=0.00s Real=0.06s
[830.162s][info][gc,start       ] GC(2176) Pause Young (Allocation Failure)
[830.228s][info][gc,heap        ] GC(2176) PSYoungGen: 556192K->68576K(603136K)
[830.228s][info][gc,heap        ] GC(2176) PSOldGen: 661738K->705666K(1398272K)
[830.228s][info][gc,metaspace   ] GC(2176) Metaspace: 32473K(33584K)->32473K(33584K) NonClass: 28693K(29360K)->28693K(29360K) Class: 3779K(4224K)->3779K(4224K)
[830.228s][info][gc             ] GC(2176) Pause Young (Allocation Failure) 1189M->756M(1954M) 65.907ms
[830.228s][info][gc,cpu         ] GC(2176) User=0.45s Sys=0.00s Real=0.07s
[830.374s][info][gc,start       ] GC(2177) Pause Young (Allocation Failure)
[830.443s][info][gc,heap        ] GC(2177) PSYoungGen: 573408K->71776K(600576K)
[830.443s][info][gc,heap        ] GC(2177) PSOldGen: 705666K->758082K(1398272K)
[830.443s][info][gc,metaspace   ] GC(2177) Metaspace: 32473K(33584K)->32473K(33584K) NonClass: 28693K(29360K)->28693K(29360K) Class: 3779K(4224K)->3779K(4224K)
[830.443s][info][gc             ] GC(2177) Pause Young (Allocation Failure) 1249M->810M(1952M) 69.103ms
[830.443s][info][gc,cpu         ] GC(2177) User=0.38s Sys=0.00s Real=0.07s
[831.138s][info][gc,start       ] GC(2178) Pause Young (Allocation Failure)
[831.195s][info][gc,heap        ] GC(2178) PSYoungGen: 576608K->56096K(605184K)
[831.195s][info][gc,heap        ] GC(2178) PSOldGen: 758082K->789938K(1398272K)
[831.195s][info][gc,metaspace   ] GC(2178) Metaspace: 32473K(33584K)->32473K(33584K) NonClass: 28693K(29360K)->28693K(29360K) Class: 3779K(4224K)->3779K(4224K)
[831.195s][info][gc             ] GC(2178) Pause Young (Allocation Failure) 1303M->826M(1956M) 56.834ms
[831.195s][info][gc,cpu         ] GC(2178) User=0.28s Sys=0.00s Real=0.06s
[831.335s][info][gc,start       ] GC(2179) Pause Young (Allocation Failure)
[831.401s][info][gc,heap        ] GC(2179) PSYoungGen: 567072K->71968K(604672K)
[831.401s][info][gc,heap        ] GC(2179) PSOldGen: 789938K->835402K(1398272K)
[831.401s][info][gc,metaspace   ] GC(2179) Metaspace: 32473K(33584K)->32473K(33584K) NonClass: 28693K(29360K)->28693K(29360K) Class: 3779K(4224K)->3779K(4224K)
[831.401s][info][gc             ] GC(2179) Pause Young (Allocation Failure) 1325M->886M(1956M) 65.760ms
[831.401s][info][gc,cpu         ] GC(2179) User=0.41s Sys=0.00s Real=0.06s
[831.591s][info][gc,start       ] GC(2180) Pause Young (Allocation Failure)
[831.658s][info][gc,heap        ] GC(2180) PSYoungGen: 582944K->68544K(607744K)
[831.659s][info][gc,heap        ] GC(2180) PSOldGen: 835402K->871626K(1398272K)
[831.659s][info][gc,metaspace   ] GC(2180) Metaspace: 32473K(33584K)->32473K(33584K) NonClass: 28693K(29360K)->28693K(29360K) Class: 3779K(4224K)->3779K(4224K)
[831.659s][info][gc             ] GC(2180) Pause Young (Allocation Failure) 1385M->918M(1959M) 67.050ms
[831.659s][info][gc,cpu         ] GC(2180) User=0.38s Sys=0.00s Real=0.07s
[832.134s][info][gc,start       ] GC(2181) Pause Young (Allocation Failure)
[832.191s][info][gc,heap        ] GC(2181) PSYoungGen: 583104K->56992K(605696K)
[832.191s][info][gc,heap        ] GC(2181) PSOldGen: 871626K->907674K(1398272K)
[832.191s][info][gc,metaspace   ] GC(2181) Metaspace: 32473K(33584K)->32473K(33584K) NonClass: 28693K(29360K)->28693K(29360K) Class: 3779K(4224K)->3779K(4224K)
[832.191s][info][gc             ] GC(2181) Pause Young (Allocation Failure) 1420M->942M(1957M) 56.763ms
[832.191s][info][gc,cpu         ] GC(2181) User=0.28s Sys=0.00s Real=0.06s
[832.334s][info][gc,start       ] GC(2182) Pause Young (Allocation Failure)
[832.397s][info][gc,heap        ] GC(2182) PSYoungGen: 571552K->74400K(607232K)
[832.397s][info][gc,heap        ] GC(2182) PSOldGen: 907674K->950095K(1398272K)
[832.397s][info][gc,metaspace   ] GC(2182) Metaspace: 32473K(33584K)->32473K(33584K) NonClass: 28693K(29360K)->28693K(29360K) Class: 3779K(4224K)->3779K(4224K)
[832.397s][info][gc             ] GC(2182) Pause Young (Allocation Failure) 1444M->1000M(1958M) 63.015ms
[832.397s][info][gc,cpu         ] GC(2182) User=0.36s Sys=0.00s Real=0.06s
[832.738s][info][gc,start       ] GC(2183) Pause Young (Allocation Failure)
[832.801s][info][gc,heap        ] GC(2183) PSYoungGen: 591008K->57472K(607744K)
[832.801s][info][gc,heap        ] GC(2183) PSOldGen: 950095K->990375K(1398272K)
[832.801s][info][gc,metaspace   ] GC(2183) Metaspace: 32473K(33584K)->32473K(33584K) NonClass: 28693K(29360K)->28693K(29360K) Class: 3779K(4224K)->3779K(4224K)
[832.801s][info][gc             ] GC(2183) Pause Young (Allocation Failure) 1504M->1023M(1959M) 63.160ms
[832.801s][info][gc,cpu         ] GC(2183) User=0.38s Sys=0.00s Real=0.08s
[833.266s][info][gc,start       ] GC(2184) Pause Young (Allocation Failure)
[833.328s][info][gc,heap        ] GC(2184) PSYoungGen: 574080K->65888K(610816K)
[833.328s][info][gc,heap        ] GC(2184) PSOldGen: 990375K->1021487K(1398272K)
[833.328s][info][gc,metaspace   ] GC(2184) Metaspace: 32473K(33584K)->32473K(33584K) NonClass: 28693K(29360K)->28693K(29360K) Class: 3779K(4224K)->3779K(4224K)
[833.328s][info][gc             ] GC(2184) Pause Young (Allocation Failure) 1527M->1061M(1962M) 61.272ms
[833.328s][info][gc,cpu         ] GC(2184) User=0.34s Sys=0.00s Real=0.06s
[833.472s][info][gc,start       ] GC(2185) Pause Young (Allocation Failure)
[833.542s][info][gc,heap        ] GC(2185) PSYoungGen: 586592K->81472K(602624K)
[833.542s][info][gc,heap        ] GC(2185) PSOldGen: 1021487K->1069131K(1398272K)
[833.542s][info][gc,metaspace   ] GC(2185) Metaspace: 32473K(33584K)->32473K(33584K) NonClass: 28693K(29360K)->28693K(29360K) Class: 3779K(4224K)->3779K(4224K)
[833.542s][info][gc             ] GC(2185) Pause Young (Allocation Failure) 1570M->1123M(1954M) 70.734ms
[833.542s][info][gc,cpu         ] GC(2185) User=0.47s Sys=0.00s Real=0.07s
[834.279s][info][gc,start       ] GC(2186) Pause Young (Allocation Failure)
[834.331s][info][gc,heap        ] GC(2186) PSYoungGen: 602176K->38784K(602112K)
[834.331s][info][gc,heap        ] GC(2186) PSOldGen: 1069131K->1103075K(1398272K)
[834.331s][info][gc,metaspace   ] GC(2186) Metaspace: 32473K(33584K)->32473K(33584K) NonClass: 28693K(29360K)->28693K(29360K) Class: 3779K(4224K)->3779K(4224K)
[834.331s][info][gc             ] GC(2186) Pause Young (Allocation Failure) 1632M->1115M(1953M) 52.329ms
[834.331s][info][gc,cpu         ] GC(2186) User=0.27s Sys=0.00s Real=0.05s
[834.472s][info][gc,start       ] GC(2187) Pause Young (Allocation Failure)
[834.528s][info][gc,heap        ] GC(2187) PSYoungGen: 549248K->65856K(604672K)
[834.528s][info][gc,heap        ] GC(2187) PSOldGen: 1103075K->1139468K(1398272K)
[834.528s][info][gc,metaspace   ] GC(2187) Metaspace: 32473K(33584K)->32473K(33584K) NonClass: 28693K(29360K)->28693K(29360K) Class: 3779K(4224K)->3779K(4224K)
[834.528s][info][gc             ] GC(2187) Pause Young (Allocation Failure) 1613M->1177M(1956M) 56.502ms
[834.528s][info][gc,cpu         ] GC(2187) User=0.38s Sys=0.00s Real=0.06s
[834.665s][info][gc,start       ] GC(2188) Pause Young (Allocation Failure)
[834.734s][info][gc,heap        ] GC(2188) PSYoungGen: 576320K->70624K(607744K)
[834.734s][info][gc,heap        ] GC(2188) PSOldGen: 1139468K->1191668K(1398272K)
[834.734s][info][gc,metaspace   ] GC(2188) Metaspace: 32473K(33584K)->32473K(33584K) NonClass: 28693K(29360K)->28693K(29360K) Class: 3779K(4224K)->3779K(4224K)
[834.734s][info][gc             ] GC(2188) Pause Young (Allocation Failure) 1675M->1232M(1959M) 69.206ms
[834.734s][info][gc,cpu         ] GC(2188) User=0.36s Sys=0.00s Real=0.07s
[835.330s][info][gc,start       ] GC(2189) Pause Young (System.gc())
[835.378s][info][gc,heap        ] GC(2189) PSYoungGen: 486399K->33216K(546304K)
[835.378s][info][gc,heap        ] GC(2189) PSOldGen: 1191668K->1222900K(1398272K)
[835.378s][info][gc,metaspace   ] GC(2189) Metaspace: 32473K(33584K)->32473K(33584K) NonClass: 28693K(29360K)->28693K(29360K) Class: 3779K(4224K)->3779K(4224K)
[835.378s][info][gc             ] GC(2189) Pause Young (System.gc()) 1638M->1226M(1899M) 48.197ms
[835.378s][info][gc,cpu         ] GC(2189) User=0.20s Sys=0.00s Real=0.06s
[835.378s][info][gc,start       ] GC(2190) Pause Full (System.gc())
[835.378s][info][gc,phases,start] GC(2190) Phase 1: Mark live objects
[835.532s][info][gc,phases      ] GC(2190) Phase 1: Mark live objects 153.560ms
[835.532s][info][gc,phases,start] GC(2190) Phase 2: Compute new object addresses
[835.708s][info][gc,phases      ] GC(2190) Phase 2: Compute new object addresses 175.993ms
[835.708s][info][gc,phases,start] GC(2190) Phase 3: Adjust pointers
[835.790s][info][gc,phases      ] GC(2190) Phase 3: Adjust pointers 81.882ms
[835.790s][info][gc,phases,start] GC(2190) Phase 4: Move objects
[835.814s][info][gc,phases      ] GC(2190) Phase 4: Move objects 24.085ms
[835.815s][info][gc,heap        ] GC(2190) PSYoungGen: 33216K->0K(546304K)
[835.815s][info][gc,heap        ] GC(2190) PSOldGen: 1222900K->104410K(1398272K)
[835.815s][info][gc,metaspace   ] GC(2190) Metaspace: 32473K(33584K)->32473K(33584K) NonClass: 28693K(29360K)->28693K(29360K) Class: 3779K(4224K)->3779K(4224K)
[835.815s][info][gc             ] GC(2190) Pause Full (System.gc()) 1226M->101M(1899M) 436.290ms
[835.815s][info][gc,cpu         ] GC(2190) User=0.44s Sys=0.00s Real=0.43s
[836.044s][info][gc,start       ] GC(2191) Pause Young (Allocation Failure)
[836.087s][info][gc,heap        ] GC(2191) PSYoungGen: 513024K->78496K(599552K)
[836.087s][info][gc,heap        ] GC(2191) PSOldGen: 104410K->104410K(1398272K)
[836.087s][info][gc,metaspace   ] GC(2191) Metaspace: 32473K(33584K)->32473K(33584K) NonClass: 28693K(29360K)->28693K(29360K) Class: 3779K(4224K)->3779K(4224K)
[836.087s][info][gc             ] GC(2191) Pause Young (Allocation Failure) 602M->178M(1951M) 42.577ms
[836.087s][info][gc,cpu         ] GC(2191) User=0.27s Sys=0.02s Real=0.06s
[836.239s][info][gc,start       ] GC(2192) Pause Young (Allocation Failure)
[836.315s][info][gc,heap        ] GC(2192) PSYoungGen: 583840K->81888K(587264K)
[836.315s][info][gc,heap        ] GC(2192) PSOldGen: 104410K->163270K(1398272K)
[836.315s][info][gc,metaspace   ] GC(2192) Metaspace: 32473K(33584K)->32473K(33584K) NonClass: 28693K(29360K)->28693K(29360K) Class: 3779K(4224K)->3779K(4224K)
[836.315s][info][gc             ] GC(2192) Pause Young (Allocation Failure) 672M->239M(1939M) 76.096ms
[836.315s][info][gc,cpu         ] GC(2192) User=0.44s Sys=0.00s Real=0.08s
[836.957s][info][gc,start       ] GC(2193) Pause Young (Allocation Failure)
[837.020s][info][gc,heap        ] GC(2193) PSYoungGen: 587232K->61536K(601600K)
[837.020s][info][gc,heap        ] GC(2193) PSOldGen: 163270K->196678K(1398272K)
[837.020s][info][gc,metaspace   ] GC(2193) Metaspace: 32473K(33584K)->32473K(33584K) NonClass: 28693K(29360K)->28693K(29360K) Class: 3779K(4224K)->3779K(4224K)
[837.020s][info][gc             ] GC(2193) Pause Young (Allocation Failure) 732M->252M(1953M) 62.860ms
[837.020s][info][gc,cpu         ] GC(2193) User=0.38s Sys=0.00s Real=0.07s
[837.162s][info][gc,start       ] GC(2194) Pause Young (Allocation Failure)
[837.226s][info][gc,heap        ] GC(2194) PSYoungGen: 562784K->75808K(598528K)
[837.226s][info][gc,heap        ] GC(2194) PSOldGen: 196678K->241823K(1398272K)
[837.226s][info][gc,metaspace   ] GC(2194) Metaspace: 32473K(33584K)->32473K(33584K) NonClass: 28693K(29360K)->28693K(29360K) Class: 3779K(4224K)->3779K(4224K)
[837.227s][info][gc             ] GC(2194) Pause Young (Allocation Failure) 741M->310M(1950M) 64.729ms
[837.227s][info][gc,cpu         ] GC(2194) User=0.36s Sys=0.00s Real=0.06s
[837.455s][info][gc,start       ] GC(2195) Pause Young (Allocation Failure)
[837.521s][info][gc,heap        ] GC(2195) PSYoungGen: 577056K->65280K(603648K)
[837.521s][info][gc,heap        ] GC(2195) PSOldGen: 241823K->280103K(1398272K)
[837.521s][info][gc,metaspace   ] GC(2195) Metaspace: 32473K(33584K)->32473K(33584K) NonClass: 28693K(29360K)->28693K(29360K) Class: 3779K(4224K)->3779K(4224K)
[837.521s][info][gc             ] GC(2195) Pause Young (Allocation Failure) 799M->337M(1955M) 65.966ms
[837.521s][info][gc,cpu         ] GC(2195) User=0.38s Sys=0.00s Real=0.07s
[838.030s][info][gc,start       ] GC(2196) Pause Young (Allocation Failure)
[838.086s][info][gc,heap        ] GC(2196) PSYoungGen: 570624K->58624K(600576K)
[838.086s][info][gc,heap        ] GC(2196) PSOldGen: 280103K->314295K(1398272K)
[838.086s][info][gc,metaspace   ] GC(2196) Metaspace: 32473K(33584K)->32473K(33584K) NonClass: 28693K(29360K)->28693K(29360K) Class: 3779K(4224K)->3779K(4224K)
[838.086s][info][gc             ] GC(2196) Pause Young (Allocation Failure) 830M->364M(1952M) 56.182ms
[838.086s][info][gc,cpu         ] GC(2196) User=0.28s Sys=0.00s Real=0.05s
[838.216s][info][gc,start       ] GC(2197) Pause Young (Allocation Failure)
[838.280s][info][gc,heap        ] GC(2197) PSYoungGen: 563968K->70368K(606208K)
[838.280s][info][gc,heap        ] GC(2197) PSOldGen: 314295K->359271K(1398272K)
[838.280s][info][gc,metaspace   ] GC(2197) Metaspace: 32473K(33584K)->32473K(33584K) NonClass: 28693K(29360K)->28693K(29360K) Class: 3779K(4224K)->3779K(4224K)
[838.280s][info][gc             ] GC(2197) Pause Young (Allocation Failure) 857M->419M(1957M) 63.472ms
[838.280s][info][gc,cpu         ] GC(2197) User=0.36s Sys=0.00s Real=0.06s
[838.602s][info][gc,start       ] GC(2198) Pause Young (Allocation Failure)
[838.664s][info][gc,heap        ] GC(2198) PSYoungGen: 582880K->61376K(605184K)
[838.664s][info][gc,heap        ] GC(2198) PSOldGen: 359271K->394015K(1398272K)
[838.664s][info][gc,metaspace   ] GC(2198) Metaspace: 32473K(33584K)->32473K(33584K) NonClass: 28693K(29360K)->28693K(29360K) Class: 3779K(4224K)->3779K(4224K)
[838.664s][info][gc             ] GC(2198) Pause Young (Allocation Failure) 920M->444M(1956M) 61.360ms
[838.664s][info][gc,cpu         ] GC(2198) User=0.28s Sys=0.00s Real=0.06s
[839.109s][info][gc,start       ] GC(2199) Pause Young (Allocation Failure)
[839.166s][info][gc,heap        ] GC(2199) PSYoungGen: 573888K->63776K(610304K)
[839.166s][info][gc,heap        ] GC(2199) PSOldGen: 394015K->428191K(1398272K)
[839.166s][info][gc,metaspace   ] GC(2199) Metaspace: 32473K(33584K)->32473K(33584K) NonClass: 28693K(29360K)->28693K(29360K) Class: 3779K(4224K)->3779K(4224K)
[839.166s][info][gc             ] GC(2199) Pause Young (Allocation Failure) 945M->480M(1961M) 57.392ms
[839.166s][info][gc,cpu         ] GC(2199) User=0.36s Sys=0.00s Real=0.06s
[839.304s][info][gc,start       ] GC(2200) Pause Young (Allocation Failure)
[839.369s][info][gc,heap        ] GC(2200) PSYoungGen: 583456K->70560K(608256K)
[839.369s][info][gc,heap        ] GC(2200) PSOldGen: 428191K->481015K(1398272K)
[839.369s][info][gc,metaspace   ] GC(2200) Metaspace: 32473K(33584K)->32473K(33584K) NonClass: 28693K(29360K)->28693K(29360K) Class: 3779K(4224K)->3779K(4224K)
[839.369s][info][gc             ] GC(2200) Pause Young (Allocation Failure) 987M->538M(1959M) 64.655ms
[839.369s][info][gc,cpu         ] GC(2200) User=0.44s Sys=0.00s Real=0.07s
[840.087s][info][gc,start       ] GC(2201) Pause Young (Allocation Failure)
[840.135s][info][gc,heap        ] GC(2201) PSYoungGen: 590240K->39136K(605696K)
[840.135s][info][gc,heap        ] GC(2201) PSOldGen: 481015K->513319K(1398272K)
[840.135s][info][gc,metaspace   ] GC(2201) Metaspace: 32473K(33584K)->32473K(33584K) NonClass: 28693K(29360K)->28693K(29360K) Class: 3779K(4224K)->3779K(4224K)
[840.135s][info][gc             ] GC(2201) Pause Young (Allocation Failure) 1046M->539M(1957M) 48.199ms
[840.135s][info][gc,cpu         ] GC(2201) User=0.27s Sys=0.00s Real=0.06s
[840.373s][info][gc,start       ] GC(2202) Pause Young (Allocation Failure)
[840.436s][info][gc,heap        ] GC(2202) PSYoungGen: 556768K->80544K(598528K)
[840.436s][info][gc,heap        ] GC(2202) PSOldGen: 513319K->550264K(1398272K)
[840.436s][info][gc,metaspace   ] GC(2202) Metaspace: 32473K(33584K)->32473K(33584K) NonClass: 28693K(29360K)->28693K(29360K) Class: 3779K(4224K)->3779K(4224K)
[840.436s][info][gc             ] GC(2202) Pause Young (Allocation Failure) 1045M->616M(1950M) 63.152ms
[840.436s][info][gc,cpu         ] GC(2202) User=0.36s Sys=0.00s Real=0.07s
[840.577s][info][gc,start       ] GC(2203) Pause Young (Allocation Failure)
[840.671s][info][gc,heap        ] GC(2203) PSYoungGen: 598176K->73088K(604672K)
[840.671s][info][gc,heap        ] GC(2203) PSOldGen: 550264K->617640K(1398272K)
[840.671s][info][gc,metaspace   ] GC(2203) Metaspace: 32473K(33584K)->32473K(33584K) NonClass: 28693K(29360K)->28693K(29360K) Class: 3779K(4224K)->3779K(4224K)
[840.671s][info][gc             ] GC(2203) Pause Young (Allocation Failure) 1121M->674M(1956M) 93.367ms
[840.671s][info][gc,cpu         ] GC(2203) User=0.56s Sys=0.00s Real=0.09s
[841.451s][info][gc,start       ] GC(2204) Pause Young (Allocation Failure)
[841.514s][info][gc,heap        ] GC(2204) PSYoungGen: 583552K->60256K(604672K)
[841.514s][info][gc,heap        ] GC(2204) PSOldGen: 617640K->649088K(1398272K)
[841.514s][info][gc,metaspace   ] GC(2204) Metaspace: 32473K(33584K)->32473K(33584K) NonClass: 28693K(29360K)->28693K(29360K) Class: 3779K(4224K)->3779K(4224K)
[841.514s][info][gc             ] GC(2204) Pause Young (Allocation Failure) 1173M->692M(1956M) 63.271ms
[841.514s][info][gc,cpu         ] GC(2204) User=0.34s Sys=0.02s Real=0.06s
[841.652s][info][gc,start       ] GC(2205) Pause Young (Allocation Failure)
[841.720s][info][gc,heap        ] GC(2205) PSYoungGen: 570720K->77600K(603136K)
[841.720s][info][gc,heap        ] GC(2205) PSOldGen: 649088K->694352K(1398272K)
[841.720s][info][gc,metaspace   ] GC(2205) Metaspace: 32473K(33584K)->32473K(33584K) NonClass: 28693K(29360K)->28693K(29360K) Class: 3779K(4224K)->3779K(4224K)
[841.720s][info][gc             ] GC(2205) Pause Young (Allocation Failure) 1191M->753M(1954M) 67.134ms
[841.720s][info][gc,cpu         ] GC(2205) User=0.38s Sys=0.00s Real=0.07s
[841.920s][info][gc,start       ] GC(2206) Pause Young (Allocation Failure)
[841.989s][info][gc,heap        ] GC(2206) PSYoungGen: 588064K->66784K(604672K)
[841.989s][info][gc,heap        ] GC(2206) PSOldGen: 694352K->734232K(1398272K)
[841.989s][info][gc,metaspace   ] GC(2206) Metaspace: 32473K(33584K)->32473K(33584K) NonClass: 28693K(29360K)->28693K(29360K) Class: 3779K(4224K)->3779K(4224K)
[841.989s][info][gc             ] GC(2206) Pause Young (Allocation Failure) 1252M->782M(1956M) 69.721ms
[841.989s][info][gc,cpu         ] GC(2206) User=0.36s Sys=0.00s Real=0.07s
[842.503s][info][gc,start       ] GC(2207) Pause Young (Allocation Failure)
[842.561s][info][gc,heap        ] GC(2207) PSYoungGen: 577248K->58848K(608256K)
[842.561s][info][gc,heap        ] GC(2207) PSOldGen: 734232K->768392K(1398272K)
[842.561s][info][gc,metaspace   ] GC(2207) Metaspace: 32473K(33584K)->32473K(33584K) NonClass: 28693K(29360K)->28693K(29360K) Class: 3779K(4224K)->3779K(4224K)
[842.561s][info][gc             ] GC(2207) Pause Young (Allocation Failure) 1280M->807M(1959M) 58.155ms
[842.561s][info][gc,cpu         ] GC(2207) User=0.38s Sys=0.00s Real=0.06s
[842.696s][info][gc,start       ] GC(2208) Pause Young (Allocation Failure)
[842.762s][info][gc,heap        ] GC(2208) PSYoungGen: 575456K->74080K(607232K)
[842.762s][info][gc,heap        ] GC(2208) PSOldGen: 768392K->814137K(1398272K)
[842.762s][info][gc,metaspace   ] GC(2208) Metaspace: 32473K(33584K)->32473K(33584K) NonClass: 28693K(29360K)->28693K(29360K) Class: 3779K(4224K)->3779K(4224K)
[842.762s][info][gc             ] GC(2208) Pause Young (Allocation Failure) 1312M->867M(1958M) 66.595ms
[842.762s][info][gc,cpu         ] GC(2208) User=0.38s Sys=0.00s Real=0.07s
[843.091s][info][gc,start       ] GC(2209) Pause Young (Allocation Failure)
[843.149s][info][gc,heap        ] GC(2209) PSYoungGen: 590688K->58848K(608768K)
[843.149s][info][gc,heap        ] GC(2209) PSOldGen: 814137K->848273K(1398272K)
[843.149s][info][gc,metaspace   ] GC(2209) Metaspace: 32473K(33584K)->32473K(33584K) NonClass: 28693K(29360K)->28693K(29360K) Class: 3779K(4224K)->3779K(4224K)
[843.149s][info][gc             ] GC(2209) Pause Young (Allocation Failure) 1371M->885M(1960M) 57.832ms
[843.149s][info][gc,cpu         ] GC(2209) User=0.34s Sys=0.00s Real=0.06s
[843.567s][info][gc,start       ] GC(2210) Pause Young (Allocation Failure)
[843.626s][info][gc,heap        ] GC(2210) PSYoungGen: 576480K->70880K(607744K)
[843.626s][info][gc,heap        ] GC(2210) PSOldGen: 848273K->881233K(1398272K)
[843.626s][info][gc,metaspace   ] GC(2210) Metaspace: 32473K(33584K)->32473K(33584K) NonClass: 28693K(29360K)->28693K(29360K) Class: 3779K(4224K)->3779K(4224K)
[843.627s][info][gc             ] GC(2210) Pause Young (Allocation Failure) 1391M->929M(1959M) 59.454ms
[843.627s][info][gc,cpu         ] GC(2210) User=0.38s Sys=0.00s Real=0.06s
[843.767s][info][gc,start       ] GC(2211) Pause Young (Allocation Failure)
[843.837s][info][gc,heap        ] GC(2211) PSYoungGen: 588512K->75168K(607232K)
[843.837s][info][gc,heap        ] GC(2211) PSOldGen: 881233K->938677K(1398272K)
[843.837s][info][gc,metaspace   ] GC(2211) Metaspace: 32473K(33584K)->32473K(33584K) NonClass: 28693K(29360K)->28693K(29360K) Class: 3779K(4224K)->3779K(4224K)
[843.837s][info][gc             ] GC(2211) Pause Young (Allocation Failure) 1435M->990M(1958M) 69.332ms
[843.837s][info][gc,cpu         ] GC(2211) User=0.47s Sys=0.00s Real=0.07s
[844.419s][info][gc,start       ] GC(2212) Pause Young (Allocation Failure)
[844.481s][info][gc,heap        ] GC(2212) PSYoungGen: 592800K->43328K(561152K)
[844.481s][info][gc,heap        ] GC(2212) PSOldGen: 938677K->971413K(1398272K)
[844.481s][info][gc,metaspace   ] GC(2212) Metaspace: 32473K(33584K)->32473K(33584K) NonClass: 28693K(29360K)->28693K(29360K) Class: 3779K(4224K)->3779K(4224K)
[844.481s][info][gc             ] GC(2212) Pause Young (Allocation Failure) 1495M->990M(1913M) 62.353ms
[844.481s][info][gc,cpu         ] GC(2212) User=0.38s Sys=0.00s Real=0.06s
[844.622s][info][gc,start       ] GC(2213) Pause Young (Allocation Failure)
[844.693s][info][gc,heap        ] GC(2213) PSYoungGen: 560960K->69504K(607744K)
[844.693s][info][gc,heap        ] GC(2213) PSOldGen: 971413K->1009742K(1398272K)
[844.693s][info][gc,metaspace   ] GC(2213) Metaspace: 32473K(33584K)->32473K(33584K) NonClass: 28693K(29360K)->28693K(29360K) Class: 3779K(4224K)->3779K(4224K)
[844.693s][info][gc             ] GC(2213) Pause Young (Allocation Failure) 1496M->1053M(1959M) 71.135ms
[844.693s][info][gc,cpu         ] GC(2213) User=0.38s Sys=0.00s Real=0.07s
[844.835s][info][gc,start       ] GC(2214) Pause Young (Allocation Failure)
[844.902s][info][gc,heap        ] GC(2214) PSYoungGen: 585088K->74496K(606720K)
[844.902s][info][gc,heap        ] GC(2214) PSOldGen: 1009742K->1062438K(1398272K)
[844.902s][info][gc,metaspace   ] GC(2214) Metaspace: 32473K(33584K)->32473K(33584K) NonClass: 28693K(29360K)->28693K(29360K) Class: 3779K(4224K)->3779K(4224K)
[844.902s][info][gc             ] GC(2214) Pause Young (Allocation Failure) 1557M->1110M(1958M) 67.602ms
[844.902s][info][gc,cpu         ] GC(2214) User=0.41s Sys=0.00s Real=0.07s
[845.567s][info][gc,start       ] GC(2215) Pause Young (Allocation Failure)
[845.627s][info][gc,heap        ] GC(2215) PSYoungGen: 590080K->51936K(606720K)
[845.627s][info][gc,heap        ] GC(2215) PSOldGen: 1062438K->1093934K(1398272K)
[845.627s][info][gc,metaspace   ] GC(2215) Metaspace: 32473K(33584K)->32473K(33584K) NonClass: 28693K(29360K)->28693K(29360K) Class: 3779K(4224K)->3779K(4224K)
[845.627s][info][gc             ] GC(2215) Pause Young (Allocation Failure) 1613M->1119M(1958M) 59.879ms
[845.627s][info][gc,cpu         ] GC(2215) User=0.38s Sys=0.00s Real=0.06s
[845.773s][info][gc,start       ] GC(2216) Pause Young (Allocation Failure)
[845.835s][info][gc,heap        ] GC(2216) PSYoungGen: 566496K->69440K(606720K)
[845.835s][info][gc,heap        ] GC(2216) PSOldGen: 1093934K->1136622K(1398272K)
[845.835s][info][gc,metaspace   ] GC(2216) Metaspace: 32473K(33584K)->32473K(33584K) NonClass: 28693K(29360K)->28693K(29360K) Class: 3779K(4224K)->3779K(4224K)
[845.835s][info][gc             ] GC(2216) Pause Young (Allocation Failure) 1621M->1177M(1958M) 62.502ms
[845.835s][info][gc,cpu         ] GC(2216) User=0.38s Sys=0.00s Real=0.06s
[845.975s][info][gc,start       ] GC(2217) Pause Young (Allocation Failure)
[846.062s][info][gc,heap        ] GC(2217) PSYoungGen: 584000K->72832K(607744K)
[846.062s][info][gc,heap        ] GC(2217) PSOldGen: 1136622K->1191966K(1398272K)
[846.063s][info][gc,metaspace   ] GC(2217) Metaspace: 32473K(33584K)->32473K(33584K) NonClass: 28693K(29360K)->28693K(29360K) Class: 3779K(4224K)->3779K(4224K)
[846.063s][info][gc             ] GC(2217) Pause Young (Allocation Failure) 1680M->1235M(1959M) 87.121ms
[846.063s][info][gc,cpu         ] GC(2217) User=0.56s Sys=0.00s Real=0.09s
[846.639s][info][gc,start       ] GC(2218) Pause Young (System.gc())
[846.697s][info][gc,heap        ] GC(2218) PSYoungGen: 344420K->23840K(539648K)
[846.697s][info][gc,heap        ] GC(2218) PSOldGen: 1191966K->1223462K(1398272K)
[846.697s][info][gc,metaspace   ] GC(2218) Metaspace: 32473K(33584K)->32473K(33584K) NonClass: 28693K(29360K)->28693K(29360K) Class: 3779K(4224K)->3779K(4224K)
[846.697s][info][gc             ] GC(2218) Pause Young (System.gc()) 1500M->1218M(1892M) 57.838ms
[846.697s][info][gc,cpu         ] GC(2218) User=0.38s Sys=0.00s Real=0.07s
[846.697s][info][gc,start       ] GC(2219) Pause Full (System.gc())
[846.697s][info][gc,phases,start] GC(2219) Phase 1: Mark live objects
[846.799s][info][gc,phases      ] GC(2219) Phase 1: Mark live objects 101.894ms
[846.799s][info][gc,phases,start] GC(2219) Phase 2: Compute new object addresses
[846.973s][info][gc,phases      ] GC(2219) Phase 2: Compute new object addresses 174.203ms
[846.973s][info][gc,phases,start] GC(2219) Phase 3: Adjust pointers
[847.056s][info][gc,phases      ] GC(2219) Phase 3: Adjust pointers 83.304ms
[847.056s][info][gc,phases,start] GC(2219) Phase 4: Move objects
[847.080s][info][gc,phases      ] GC(2219) Phase 4: Move objects 23.678ms
[847.081s][info][gc,heap        ] GC(2219) PSYoungGen: 23840K->0K(539648K)
[847.081s][info][gc,heap        ] GC(2219) PSOldGen: 1223462K->104371K(1398272K)
[847.081s][info][gc,metaspace   ] GC(2219) Metaspace: 32473K(33584K)->32473K(33584K) NonClass: 28693K(29360K)->28693K(29360K) Class: 3779K(4224K)->3779K(4224K)
[847.081s][info][gc             ] GC(2219) Pause Full (System.gc()) 1218M->101M(1892M) 383.882ms
[847.081s][info][gc,cpu         ] GC(2219) User=0.38s Sys=0.00s Real=0.38s
[847.303s][info][gc,start       ] GC(2220) Pause Young (Allocation Failure)
[847.347s][info][gc,heap        ] GC(2220) PSYoungGen: 515584K->78496K(596992K)
[847.347s][info][gc,heap        ] GC(2220) PSOldGen: 104371K->104371K(1398272K)
[847.347s][info][gc,metaspace   ] GC(2220) Metaspace: 32473K(33584K)->32473K(33584K) NonClass: 28693K(29360K)->28693K(29360K) Class: 3779K(4224K)->3779K(4224K)
[847.347s][info][gc             ] GC(2220) Pause Young (Allocation Failure) 605M->178M(1948M) 43.927ms
[847.347s][info][gc,cpu         ] GC(2220) User=0.27s Sys=0.00s Real=0.05s
[847.495s][info][gc,start       ] GC(2221) Pause Young (Allocation Failure)
[847.567s][info][gc,heap        ] GC(2221) PSYoungGen: 579744K->78304K(579584K)
[847.567s][info][gc,heap        ] GC(2221) PSOldGen: 104371K->164431K(1398272K)
[847.567s][info][gc,metaspace   ] GC(2221) Metaspace: 32473K(33584K)->32473K(33584K) NonClass: 28693K(29360K)->28693K(29360K) Class: 3779K(4224K)->3779K(4224K)
[847.567s][info][gc             ] GC(2221) Pause Young (Allocation Failure) 668M->237M(1931M) 72.341ms
[847.567s][info][gc,cpu         ] GC(2221) User=0.36s Sys=0.00s Real=0.07s
[848.222s][info][gc,start       ] GC(2222) Pause Young (Allocation Failure)
[848.282s][info][gc,heap        ] GC(2222) PSYoungGen: 579552K->54304K(600064K)
[848.282s][info][gc,heap        ] GC(2222) PSOldGen: 164431K->196599K(1398272K)
[848.282s][info][gc,metaspace   ] GC(2222) Metaspace: 32473K(33584K)->32473K(33584K) NonClass: 28693K(29360K)->28693K(29360K) Class: 3779K(4224K)->3779K(4224K)
[848.282s][info][gc             ] GC(2222) Pause Young (Allocation Failure) 726M->245M(1951M) 60.680ms
[848.282s][info][gc,cpu         ] GC(2222) User=0.33s Sys=0.00s Real=0.06s
[848.424s][info][gc,start       ] GC(2223) Pause Young (Allocation Failure)
[848.492s][info][gc,heap        ] GC(2223) PSYoungGen: 553504K->75456K(598016K)
[848.492s][info][gc,heap        ] GC(2223) PSOldGen: 196599K->237840K(1398272K)
[848.492s][info][gc,metaspace   ] GC(2223) Metaspace: 32473K(33584K)->32473K(33584K) NonClass: 28693K(29360K)->28693K(29360K) Class: 3779K(4224K)->3779K(4224K)
[848.492s][info][gc             ] GC(2223) Pause Young (Allocation Failure) 732M->305M(1949M) 67.761ms
[848.492s][info][gc,cpu         ] GC(2223) User=0.33s Sys=0.00s Real=0.07s
[848.626s][info][gc,start       ] GC(2224) Pause Young (Allocation Failure)
[848.693s][info][gc,heap        ] GC(2224) PSYoungGen: 574656K->66848K(602112K)
[848.693s][info][gc,heap        ] GC(2224) PSOldGen: 237840K->299048K(1398272K)
[848.693s][info][gc,metaspace   ] GC(2224) Metaspace: 32473K(33584K)->32473K(33584K) NonClass: 28693K(29360K)->28693K(29360K) Class: 3779K(4224K)->3779K(4224K)
[848.693s][info][gc             ] GC(2224) Pause Young (Allocation Failure) 793M->357M(1953M) 67.239ms
[848.693s][info][gc,cpu         ] GC(2224) User=0.34s Sys=0.00s Real=0.07s
[849.341s][info][gc,start       ] GC(2225) Pause Young (Allocation Failure)
[849.407s][info][gc,heap        ] GC(2225) PSYoungGen: 569120K->57600K(599040K)
[849.407s][info][gc,heap        ] GC(2225) PSOldGen: 299048K->328360K(1398272K)
[849.407s][info][gc,metaspace   ] GC(2225) Metaspace: 32473K(33584K)->32473K(33584K) NonClass: 28693K(29360K)->28693K(29360K) Class: 3779K(4224K)->3779K(4224K)
[849.407s][info][gc             ] GC(2225) Pause Young (Allocation Failure) 847M->376M(1950M) 66.015ms
[849.407s][info][gc,cpu         ] GC(2225) User=0.38s Sys=0.00s Real=0.07s
[849.538s][info][gc,start       ] GC(2226) Pause Young (Allocation Failure)
[849.603s][info][gc,heap        ] GC(2226) PSYoungGen: 559872K->69472K(604672K)
[849.603s][info][gc,heap        ] GC(2226) PSOldGen: 328360K->373924K(1398272K)
[849.603s][info][gc,metaspace   ] GC(2226) Metaspace: 32473K(33584K)->32473K(33584K) NonClass: 28693K(29360K)->28693K(29360K) Class: 3779K(4224K)->3779K(4224K)
[849.603s][info][gc             ] GC(2226) Pause Young (Allocation Failure) 867M->433M(1956M) 64.339ms
[849.603s][info][gc,cpu         ] GC(2226) User=0.44s Sys=0.00s Real=0.07s
[849.767s][info][gc,start       ] GC(2227) Pause Young (Allocation Failure)
[849.840s][info][gc,heap        ] GC(2227) PSYoungGen: 578912K->77056K(586752K)
[849.840s][info][gc,heap        ] GC(2227) PSOldGen: 373924K->416308K(1398272K)
[849.840s][info][gc,metaspace   ] GC(2227) Metaspace: 32473K(33584K)->32473K(33584K) NonClass: 28693K(29360K)->28693K(29360K) Class: 3779K(4224K)->3779K(4224K)
[849.840s][info][gc             ] GC(2227) Pause Young (Allocation Failure) 930M->481M(1938M) 73.446ms
[849.840s][info][gc,cpu         ] GC(2227) User=0.45s Sys=0.00s Real=0.07s
[850.348s][info][gc,start       ] GC(2228) Pause Young (Allocation Failure)
[850.407s][info][gc,heap        ] GC(2228) PSYoungGen: 586496K->56640K(604672K)
[850.407s][info][gc,heap        ] GC(2228) PSOldGen: 416308K->449804K(1398272K)
[850.407s][info][gc,metaspace   ] GC(2228) Metaspace: 32473K(33584K)->32473K(33584K) NonClass: 28693K(29360K)->28693K(29360K) Class: 3779K(4224K)->3779K(4224K)
[850.407s][info][gc             ] GC(2228) Pause Young (Allocation Failure) 979M->494M(1956M) 58.789ms
[850.407s][info][gc,cpu         ] GC(2228) User=0.34s Sys=0.00s Real=0.06s
[850.540s][info][gc,start       ] GC(2229) Pause Young (Allocation Failure)
[850.603s][info][gc,heap        ] GC(2229) PSYoungGen: 565568K->72032K(603136K)
[850.603s][info][gc,heap        ] GC(2229) PSOldGen: 449804K->493841K(1398272K)
[850.603s][info][gc,metaspace   ] GC(2229) Metaspace: 32473K(33584K)->32473K(33584K) NonClass: 28693K(29360K)->28693K(29360K) Class: 3779K(4224K)->3779K(4224K)
[850.603s][info][gc             ] GC(2229) Pause Young (Allocation Failure) 991M->552M(1954M) 63.326ms
[850.603s][info][gc,cpu         ] GC(2229) User=0.38s Sys=0.00s Real=0.06s
[850.842s][info][gc,start       ] GC(2230) Pause Young (Allocation Failure)
[850.914s][info][gc,heap        ] GC(2230) PSYoungGen: 580960K->63648K(607232K)
[850.914s][info][gc,heap        ] GC(2230) PSOldGen: 493841K->537801K(1398272K)
[850.914s][info][gc,metaspace   ] GC(2230) Metaspace: 32473K(33584K)->32473K(33584K) NonClass: 28693K(29360K)->28693K(29360K) Class: 3779K(4224K)->3779K(4224K)
[850.914s][info][gc             ] GC(2230) Pause Young (Allocation Failure) 1049M->587M(1958M) 71.762ms
[850.914s][info][gc,cpu         ] GC(2230) User=0.36s Sys=0.00s Real=0.08s
[851.494s][info][gc,start       ] GC(2231) Pause Young (Allocation Failure)
[851.558s][info][gc,heap        ] GC(2231) PSYoungGen: 577184K->60544K(605184K)
[851.558s][info][gc,heap        ] GC(2231) PSOldGen: 537801K->569345K(1398272K)
[851.558s][info][gc,metaspace   ] GC(2231) Metaspace: 32473K(33584K)->32473K(33584K) NonClass: 28693K(29360K)->28693K(29360K) Class: 3779K(4224K)->3779K(4224K)
[851.558s][info][gc             ] GC(2231) Pause Young (Allocation Failure) 1088M->615M(1956M) 64.450ms
[851.558s][info][gc,cpu         ] GC(2231) User=0.38s Sys=0.00s Real=0.07s
[851.698s][info][gc,start       ] GC(2232) Pause Young (Allocation Failure)
[851.768s][info][gc,heap        ] GC(2232) PSYoungGen: 574080K->73024K(608256K)
[851.768s][info][gc,heap        ] GC(2232) PSOldGen: 569345K->616633K(1398272K)
[851.768s][info][gc,metaspace   ] GC(2232) Metaspace: 32473K(33584K)->32473K(33584K) NonClass: 28693K(29360K)->28693K(29360K) Class: 3779K(4224K)->3779K(4224K)
[851.768s][info][gc             ] GC(2232) Pause Young (Allocation Failure) 1116M->673M(1959M) 69.693ms
[851.768s][info][gc,cpu         ] GC(2232) User=0.38s Sys=0.00s Real=0.07s
[852.072s][info][gc,start       ] GC(2233) Pause Young (Allocation Failure)
[852.136s][info][gc,heap        ] GC(2233) PSYoungGen: 591680K->58976K(608768K)
[852.136s][info][gc,heap        ] GC(2233) PSOldGen: 616633K->655433K(1398272K)
[852.136s][info][gc,metaspace   ] GC(2233) Metaspace: 32473K(33584K)->32473K(33584K) NonClass: 28693K(29360K)->28693K(29360K) Class: 3779K(4224K)->3779K(4224K)
[852.136s][info][gc             ] GC(2233) Pause Young (Allocation Failure) 1179M->697M(1960M) 63.961ms
[852.136s][info][gc,cpu         ] GC(2233) User=0.38s Sys=0.00s Real=0.07s
[852.598s][info][gc,start       ] GC(2234) Pause Young (Allocation Failure)
[852.657s][info][gc,heap        ] GC(2234) PSYoungGen: 577632K->65856K(611840K)
[852.657s][info][gc,heap        ] GC(2234) PSOldGen: 655433K->687233K(1398272K)
[852.657s][info][gc,metaspace   ] GC(2234) Metaspace: 32473K(33584K)->32473K(33584K) NonClass: 28693K(29360K)->28693K(29360K) Class: 3779K(4224K)->3779K(4224K)
[852.657s][info][gc             ] GC(2234) Pause Young (Allocation Failure) 1204M->735M(1963M) 58.974ms
[852.657s][info][gc,cpu         ] GC(2234) User=0.36s Sys=0.00s Real=0.06s
[852.791s][info][gc,start       ] GC(2235) Pause Young (Allocation Failure)
[852.858s][info][gc,heap        ] GC(2235) PSYoungGen: 588608K->73696K(609792K)
[852.858s][info][gc,heap        ] GC(2235) PSOldGen: 687233K->739474K(1398272K)
[852.858s][info][gc,metaspace   ] GC(2235) Metaspace: 32473K(33584K)->32473K(33584K) NonClass: 28693K(29360K)->28693K(29360K) Class: 3779K(4224K)->3779K(4224K)
[852.858s][info][gc             ] GC(2235) Pause Young (Allocation Failure) 1245M->794M(1961M) 66.994ms
[852.858s][info][gc,cpu         ] GC(2235) User=0.36s Sys=0.00s Real=0.07s
[853.385s][info][gc,start       ] GC(2236) Pause Young (Allocation Failure)
[853.439s][info][gc,heap        ] GC(2236) PSYoungGen: 596448K->49472K(609792K)
[853.439s][info][gc,heap        ] GC(2236) PSOldGen: 739474K->771786K(1398272K)
[853.439s][info][gc,metaspace   ] GC(2236) Metaspace: 32473K(33584K)->32473K(33584K) NonClass: 28693K(29360K)->28693K(29360K) Class: 3779K(4224K)->3779K(4224K)
[853.439s][info][gc             ] GC(2236) Pause Young (Allocation Failure) 1304M->802M(1961M) 54.396ms
[853.439s][info][gc,cpu         ] GC(2236) User=0.28s Sys=0.00s Real=0.06s
[853.738s][info][gc,start       ] GC(2237) Pause Young (Allocation Failure)
[853.798s][info][gc,heap        ] GC(2237) PSYoungGen: 571200K->69760K(610304K)
[853.798s][info][gc,heap        ] GC(2237) PSOldGen: 771786K->803810K(1398272K)
[853.798s][info][gc,metaspace   ] GC(2237) Metaspace: 32473K(33584K)->32473K(33584K) NonClass: 28693K(29360K)->28693K(29360K) Class: 3779K(4224K)->3779K(4224K)
[853.798s][info][gc             ] GC(2237) Pause Young (Allocation Failure) 1311M->853M(1961M) 60.040ms
[853.798s][info][gc,cpu         ] GC(2237) User=0.38s Sys=0.00s Real=0.06s
[853.960s][info][gc,start       ] GC(2238) Pause Young (Allocation Failure)
[854.035s][info][gc,heap        ] GC(2238) PSYoungGen: 591488K->84992K(600576K)
[854.035s][info][gc,heap        ] GC(2238) PSOldGen: 803810K->853410K(1398272K)
[854.035s][info][gc,metaspace   ] GC(2238) Metaspace: 32473K(33584K)->32473K(33584K) NonClass: 28693K(29360K)->28693K(29360K) Class: 3779K(4224K)->3779K(4224K)
[854.035s][info][gc             ] GC(2238) Pause Young (Allocation Failure) 1362M->916M(1952M) 75.527ms
[854.035s][info][gc,cpu         ] GC(2238) User=0.41s Sys=0.00s Real=0.07s
[854.696s][info][gc,start       ] GC(2239) Pause Young (Allocation Failure)
[854.748s][info][gc,heap        ] GC(2239) PSYoungGen: 597504K->47200K(560128K)
[854.748s][info][gc,heap        ] GC(2239) PSOldGen: 853410K->887794K(1398272K)
[854.748s][info][gc,metaspace   ] GC(2239) Metaspace: 32473K(33584K)->32473K(33584K) NonClass: 28693K(29360K)->28693K(29360K) Class: 3779K(4224K)->3779K(4224K)
[854.749s][info][gc             ] GC(2239) Pause Young (Allocation Failure) 1416M->913M(1912M) 52.050ms
[854.749s][info][gc,cpu         ] GC(2239) User=0.28s Sys=0.00s Real=0.05s
[854.901s][info][gc,start       ] GC(2240) Pause Young (Allocation Failure)
[854.969s][info][gc,heap        ] GC(2240) PSYoungGen: 559712K->73600K(604672K)
[854.969s][info][gc,heap        ] GC(2240) PSOldGen: 887794K->926614K(1398272K)
[854.969s][info][gc,metaspace   ] GC(2240) Metaspace: 32473K(33584K)->32473K(33584K) NonClass: 28693K(29360K)->28693K(29360K) Class: 3779K(4224K)->3779K(4224K)
[854.969s][info][gc             ] GC(2240) Pause Young (Allocation Failure) 1413M->976M(1956M) 68.509ms
[854.969s][info][gc,cpu         ] GC(2240) User=0.38s Sys=0.00s Real=0.07s
[855.102s][info][gc,start       ] GC(2241) Pause Young (Allocation Failure)
[855.169s][info][gc,heap        ] GC(2241) PSYoungGen: 584064K->69408K(604672K)
[855.169s][info][gc,heap        ] GC(2241) PSOldGen: 926614K->986798K(1398272K)
[855.169s][info][gc,metaspace   ] GC(2241) Metaspace: 32473K(33584K)->32473K(33584K) NonClass: 28693K(29360K)->28693K(29360K) Class: 3779K(4224K)->3779K(4224K)
[855.169s][info][gc             ] GC(2241) Pause Young (Allocation Failure) 1475M->1031M(1956M) 67.348ms
[855.169s][info][gc,cpu         ] GC(2241) User=0.38s Sys=0.00s Real=0.07s
[855.846s][info][gc,start       ] GC(2242) Pause Young (Allocation Failure)
[855.903s][info][gc,heap        ] GC(2242) PSYoungGen: 579872K->54848K(606720K)
[855.903s][info][gc,heap        ] GC(2242) PSOldGen: 986798K->1016742K(1398272K)
[855.903s][info][gc,metaspace   ] GC(2242) Metaspace: 32473K(33584K)->32473K(33584K) NonClass: 28693K(29360K)->28693K(29360K) Class: 3779K(4224K)->3779K(4224K)
[855.903s][info][gc             ] GC(2242) Pause Young (Allocation Failure) 1529M->1046M(1958M) 57.481ms
[855.903s][info][gc,cpu         ] GC(2242) User=0.36s Sys=0.00s Real=0.07s
[856.051s][info][gc,start       ] GC(2243) Pause Young (Allocation Failure)
[856.120s][info][gc,heap        ] GC(2243) PSYoungGen: 568896K->77248K(591360K)
[856.120s][info][gc,heap        ] GC(2243) PSOldGen: 1016742K->1058147K(1398272K)
[856.120s][info][gc,metaspace   ] GC(2243) Metaspace: 32473K(33584K)->32473K(33584K) NonClass: 28693K(29360K)->28693K(29360K) Class: 3779K(4224K)->3779K(4224K)
[856.120s][info][gc             ] GC(2243) Pause Young (Allocation Failure) 1548M->1108M(1943M) 69.324ms
[856.120s][info][gc,cpu         ] GC(2243) User=0.45s Sys=0.00s Real=0.07s
[856.330s][info][gc,start       ] GC(2244) Pause Young (Allocation Failure)
[856.405s][info][gc,heap        ] GC(2244) PSYoungGen: 591296K->69248K(606720K)
[856.405s][info][gc,heap        ] GC(2244) PSOldGen: 1058147K->1099171K(1398272K)
[856.405s][info][gc,metaspace   ] GC(2244) Metaspace: 32473K(33584K)->32473K(33584K) NonClass: 28693K(29360K)->28693K(29360K) Class: 3779K(4224K)->3779K(4224K)
[856.405s][info][gc             ] GC(2244) Pause Young (Allocation Failure) 1610M->1141M(1958M) 74.228ms
[856.405s][info][gc,cpu         ] GC(2244) User=0.44s Sys=0.00s Real=0.07s
[856.993s][info][gc,start       ] GC(2245) Pause Young (Allocation Failure)
[857.055s][info][gc,heap        ] GC(2245) PSYoungGen: 582272K->68000K(605184K)
[857.056s][info][gc,heap        ] GC(2245) PSOldGen: 1099171K->1134147K(1398272K)
[857.056s][info][gc,metaspace   ] GC(2245) Metaspace: 32473K(33584K)->32473K(33584K) NonClass: 28693K(29360K)->28693K(29360K) Class: 3779K(4224K)->3779K(4224K)
[857.056s][info][gc             ] GC(2245) Pause Young (Allocation Failure) 1642M->1173M(1956M) 62.995ms
[857.056s][info][gc,cpu         ] GC(2245) User=0.38s Sys=0.00s Real=0.07s
[857.211s][info][gc,start       ] GC(2246) Pause Young (Allocation Failure)
[857.284s][info][gc,heap        ] GC(2246) PSYoungGen: 581024K->87040K(598528K)
[857.284s][info][gc,heap        ] GC(2246) PSOldGen: 1134147K->1180131K(1398272K)
[857.284s][info][gc,metaspace   ] GC(2246) Metaspace: 32473K(33584K)->32473K(33584K) NonClass: 28693K(29360K)->28693K(29360K) Class: 3779K(4224K)->3779K(4224K)
[857.284s][info][gc             ] GC(2246) Pause Young (Allocation Failure) 1674M->1237M(1950M) 73.378ms
[857.284s][info][gc,cpu         ] GC(2246) User=0.45s Sys=0.00s Real=0.07s
[857.879s][info][gc,start       ] GC(2247) Pause Young (System.gc())
[857.932s][info][gc,heap        ] GC(2247) PSYoungGen: 565760K->34816K(543744K)
[857.932s][info][gc,heap        ] GC(2247) PSOldGen: 1180131K->1215859K(1398272K)
[857.932s][info][gc,metaspace   ] GC(2247) Metaspace: 32473K(33584K)->32473K(33584K) NonClass: 28693K(29360K)->28693K(29360K) Class: 3779K(4224K)->3779K(4224K)
[857.932s][info][gc             ] GC(2247) Pause Young (System.gc()) 1704M->1221M(1896M) 53.463ms
[857.932s][info][gc,cpu         ] GC(2247) User=0.34s Sys=0.00s Real=0.06s
[857.932s][info][gc,start       ] GC(2248) Pause Full (System.gc())
[857.932s][info][gc,phases,start] GC(2248) Phase 1: Mark live objects
[858.047s][info][gc,phases      ] GC(2248) Phase 1: Mark live objects 114.847ms
[858.047s][info][gc,phases,start] GC(2248) Phase 2: Compute new object addresses
[858.223s][info][gc,phases      ] GC(2248) Phase 2: Compute new object addresses 175.566ms
[858.223s][info][gc,phases,start] GC(2248) Phase 3: Adjust pointers
[858.302s][info][gc,phases      ] GC(2248) Phase 3: Adjust pointers 78.916ms
[858.302s][info][gc,phases,start] GC(2248) Phase 4: Move objects
[858.325s][info][gc,phases      ] GC(2248) Phase 4: Move objects 22.846ms
[858.325s][info][gc,heap        ] GC(2248) PSYoungGen: 34816K->0K(543744K)
[858.325s][info][gc,heap        ] GC(2248) PSOldGen: 1215859K->104580K(1398272K)
[858.325s][info][gc,metaspace   ] GC(2248) Metaspace: 32473K(33584K)->32473K(33584K) NonClass: 28693K(29360K)->28693K(29360K) Class: 3779K(4224K)->3779K(4224K)
[858.325s][info][gc             ] GC(2248) Pause Full (System.gc()) 1221M->102M(1896M) 393.039ms
[858.325s][info][gc,cpu         ] GC(2248) User=0.39s Sys=0.00s Real=0.40s
[858.474s][info][gc,start       ] GC(2249) Pause Young (Allocation Failure)
[858.513s][info][gc,heap        ] GC(2249) PSYoungGen: 508416K->68704K(602112K)
[858.513s][info][gc,heap        ] GC(2249) PSOldGen: 104580K->104580K(1398272K)
[858.513s][info][gc,metaspace   ] GC(2249) Metaspace: 32473K(33584K)->32473K(33584K) NonClass: 28694K(29360K)->28694K(29360K) Class: 3779K(4224K)->3779K(4224K)
[858.513s][info][gc             ] GC(2249) Pause Young (Allocation Failure) 598M->169M(1953M) 38.636ms
[858.513s][info][gc,cpu         ] GC(2249) User=0.27s Sys=0.00s Real=0.04s
[858.648s][info][gc,start       ] GC(2250) Pause Young (Allocation Failure)
[858.714s][info][gc,heap        ] GC(2250) PSYoungGen: 572000K->72576K(600064K)
[858.714s][info][gc,heap        ] GC(2250) PSOldGen: 104580K->158488K(1398272K)
[858.714s][info][gc,metaspace   ] GC(2250) Metaspace: 32473K(33584K)->32473K(33584K) NonClass: 28694K(29360K)->28694K(29360K) Class: 3779K(4224K)->3779K(4224K)
[858.714s][info][gc             ] GC(2250) Pause Young (Allocation Failure) 660M->225M(1951M) 65.982ms
[858.714s][info][gc,cpu         ] GC(2250) User=0.42s Sys=0.02s Real=0.07s
[859.369s][info][gc,start       ] GC(2251) Pause Young (Allocation Failure)
[859.426s][info][gc,heap        ] GC(2251) PSYoungGen: 575872K->43776K(601088K)
[859.427s][info][gc,heap        ] GC(2251) PSOldGen: 158488K->189800K(1398272K)
[859.427s][info][gc,metaspace   ] GC(2251) Metaspace: 32473K(33584K)->32473K(33584K) NonClass: 28694K(29360K)->28694K(29360K) Class: 3779K(4224K)->3779K(4224K)
[859.427s][info][gc             ] GC(2251) Pause Young (Allocation Failure) 717M->228M(1952M) 57.477ms
[859.427s][info][gc,cpu         ] GC(2251) User=0.25s Sys=0.00s Real=0.06s
[859.572s][info][gc,start       ] GC(2252) Pause Young (Allocation Failure)
[859.631s][info][gc,heap        ] GC(2252) PSYoungGen: 549120K->70176K(602112K)
[859.631s][info][gc,heap        ] GC(2252) PSOldGen: 189800K->227409K(1398272K)
[859.631s][info][gc,metaspace   ] GC(2252) Metaspace: 32473K(33584K)->32473K(33584K) NonClass: 28694K(29360K)->28694K(29360K) Class: 3779K(4224K)->3779K(4224K)
[859.631s][info][gc             ] GC(2252) Pause Young (Allocation Failure) 721M->290M(1953M) 58.232ms
[859.631s][info][gc,cpu         ] GC(2252) User=0.19s Sys=0.00s Real=0.06s
[859.762s][info][gc,start       ] GC(2253) Pause Young (Allocation Failure)
[859.841s][info][gc,heap        ] GC(2253) PSYoungGen: 575520K->70240K(604160K)
[859.841s][info][gc,heap        ] GC(2253) PSOldGen: 227409K->284489K(1398272K)
[859.841s][info][gc,metaspace   ] GC(2253) Metaspace: 32473K(33584K)->32473K(33584K) NonClass: 28694K(29360K)->28694K(29360K) Class: 3779K(4224K)->3779K(4224K)
[859.841s][info][gc             ] GC(2253) Pause Young (Allocation Failure) 784M->346M(1955M) 78.765ms
[859.841s][info][gc,cpu         ] GC(2253) User=0.47s Sys=0.00s Real=0.08s
[860.421s][info][gc,start       ] GC(2254) Pause Young (Allocation Failure)
[860.474s][info][gc,heap        ] GC(2254) PSYoungGen: 578656K->48768K(603136K)
[860.474s][info][gc,heap        ] GC(2254) PSOldGen: 284489K->314729K(1398272K)
[860.474s][info][gc,metaspace   ] GC(2254) Metaspace: 32473K(33584K)->32473K(33584K) NonClass: 28694K(29360K)->28694K(29360K) Class: 3779K(4224K)->3779K(4224K)
[860.474s][info][gc             ] GC(2254) Pause Young (Allocation Failure) 842M->354M(1954M) 52.995ms
[860.474s][info][gc,cpu         ] GC(2254) User=0.27s Sys=0.02s Real=0.05s
[860.619s][info][gc,start       ] GC(2255) Pause Young (Allocation Failure)
[860.680s][info][gc,heap        ] GC(2255) PSYoungGen: 557184K->71200K(604672K)
[860.680s][info][gc,heap        ] GC(2255) PSOldGen: 314729K->353561K(1398272K)
[860.680s][info][gc,metaspace   ] GC(2255) Metaspace: 32473K(33584K)->32473K(33584K) NonClass: 28694K(29360K)->28694K(29360K) Class: 3779K(4224K)->3779K(4224K)
[860.680s][info][gc             ] GC(2255) Pause Young (Allocation Failure) 851M->414M(1956M) 60.443ms
[860.680s][info][gc,cpu         ] GC(2255) User=0.28s Sys=0.00s Real=0.06s
[860.821s][info][gc,start       ] GC(2256) Pause Young (Allocation Failure)
[860.905s][info][gc,heap        ] GC(2256) PSYoungGen: 581152K->75008K(585216K)
[860.905s][info][gc,heap        ] GC(2256) PSOldGen: 353561K->410033K(1398272K)
[860.905s][info][gc,metaspace   ] GC(2256) Metaspace: 32473K(33584K)->32473K(33584K) NonClass: 28694K(29360K)->28694K(29360K) Class: 3779K(4224K)->3779K(4224K)
[860.905s][info][gc             ] GC(2256) Pause Young (Allocation Failure) 912M->473M(1937M) 84.569ms
[860.905s][info][gc,cpu         ] GC(2256) User=0.47s Sys=0.00s Real=0.09s
[861.615s][info][gc,start       ] GC(2257) Pause Young (Allocation Failure)
[861.672s][info][gc,heap        ] GC(2257) PSYoungGen: 584960K->60928K(605696K)
[861.672s][info][gc,heap        ] GC(2257) PSOldGen: 410033K->441217K(1398272K)
[861.672s][info][gc,metaspace   ] GC(2257) Metaspace: 32473K(33584K)->32473K(33584K) NonClass: 28694K(29360K)->28694K(29360K) Class: 3779K(4224K)->3779K(4224K)
[861.672s][info][gc             ] GC(2257) Pause Young (Allocation Failure) 971M->490M(1957M) 57.113ms
[861.672s][info][gc,cpu         ] GC(2257) User=0.38s Sys=0.00s Real=0.07s
[861.817s][info][gc,start       ] GC(2258) Pause Young (Allocation Failure)
[861.886s][info][gc,heap        ] GC(2258) PSYoungGen: 571392K->78144K(603648K)
[861.886s][info][gc,heap        ] GC(2258) PSOldGen: 441217K->486037K(1398272K)
[861.886s][info][gc,metaspace   ] GC(2258) Metaspace: 32473K(33584K)->32473K(33584K) NonClass: 28694K(29360K)->28694K(29360K) Class: 3779K(4224K)->3779K(4224K)
[861.886s][info][gc             ] GC(2258) Pause Young (Allocation Failure) 988M->550M(1955M) 69.972ms
[861.886s][info][gc,cpu         ] GC(2258) User=0.44s Sys=0.00s Real=0.07s
[862.130s][info][gc,start       ] GC(2259) Pause Young (Allocation Failure)
[862.200s][info][gc,heap        ] GC(2259) PSYoungGen: 588608K->63648K(606208K)
[862.200s][info][gc,heap        ] GC(2259) PSOldGen: 486037K->528525K(1398272K)
[862.200s][info][gc,metaspace   ] GC(2259) Metaspace: 32473K(33584K)->32473K(33584K) NonClass: 28694K(29360K)->28694K(29360K) Class: 3779K(4224K)->3779K(4224K)
[862.200s][info][gc             ] GC(2259) Pause Young (Allocation Failure) 1049M->578M(1957M) 70.269ms
[862.200s][info][gc,cpu         ] GC(2259) User=0.47s Sys=0.00s Real=0.08s
[862.756s][info][gc,start       ] GC(2260) Pause Young (Allocation Failure)
[862.813s][info][gc,heap        ] GC(2260) PSYoungGen: 574624K->63168K(603648K)
[862.813s][info][gc,heap        ] GC(2260) PSOldGen: 528525K->560893K(1398272K)
[862.813s][info][gc,metaspace   ] GC(2260) Metaspace: 32473K(33584K)->32473K(33584K) NonClass: 28694K(29360K)->28694K(29360K) Class: 3779K(4224K)->3779K(4224K)
[862.813s][info][gc             ] GC(2260) Pause Young (Allocation Failure) 1077M->609M(1955M) 57.922ms
[862.813s][info][gc,cpu         ] GC(2260) User=0.34s Sys=0.03s Real=0.06s
[862.949s][info][gc,start       ] GC(2261) Pause Young (Allocation Failure)
[863.014s][info][gc,heap        ] GC(2261) PSYoungGen: 574144K->71136K(608768K)
[863.014s][info][gc,heap        ] GC(2261) PSOldGen: 560893K->612530K(1398272K)
[863.014s][info][gc,metaspace   ] GC(2261) Metaspace: 32473K(33584K)->32473K(33584K) NonClass: 28694K(29360K)->28694K(29360K) Class: 3779K(4224K)->3779K(4224K)
[863.014s][info][gc             ] GC(2261) Pause Young (Allocation Failure) 1108M->667M(1960M) 65.095ms
[863.014s][info][gc,cpu         ] GC(2261) User=0.38s Sys=0.00s Real=0.06s
[863.410s][info][gc,start       ] GC(2262) Pause Young (Allocation Failure)
[863.472s][info][gc,heap        ] GC(2262) PSYoungGen: 589280K->55424K(608256K)
[863.472s][info][gc,heap        ] GC(2262) PSOldGen: 612530K->648994K(1398272K)
[863.472s][info][gc,metaspace   ] GC(2262) Metaspace: 32473K(33584K)->32473K(33584K) NonClass: 28694K(29360K)->28694K(29360K) Class: 3779K(4224K)->3779K(4224K)
[863.472s][info][gc             ] GC(2262) Pause Young (Allocation Failure) 1173M->687M(1959M) 61.745ms
[863.472s][info][gc,cpu         ] GC(2262) User=0.34s Sys=0.00s Real=0.07s
[864.011s][info][gc,start       ] GC(2263) Pause Young (Allocation Failure)
[864.074s][info][gc,heap        ] GC(2263) PSYoungGen: 573568K->80896K(602112K)
[864.075s][info][gc,heap        ] GC(2263) PSOldGen: 648994K->680146K(1398272K)
[864.075s][info][gc,metaspace   ] GC(2263) Metaspace: 32473K(33584K)->32473K(33584K) NonClass: 28694K(29360K)->28694K(29360K) Class: 3779K(4224K)->3779K(4224K)
[864.075s][info][gc             ] GC(2263) Pause Young (Allocation Failure) 1193M->743M(1953M) 63.665ms
[864.075s][info][gc,cpu         ] GC(2263) User=0.38s Sys=0.00s Real=0.08s
[864.206s][info][gc,start       ] GC(2264) Pause Young (Allocation Failure)
[864.287s][info][gc,heap        ] GC(2264) PSYoungGen: 593408K->70784K(605696K)
[864.287s][info][gc,heap        ] GC(2264) PSOldGen: 680146K->749446K(1398272K)
[864.287s][info][gc,metaspace   ] GC(2264) Metaspace: 32473K(33584K)->32473K(33584K) NonClass: 28694K(29360K)->28694K(29360K) Class: 3779K(4224K)->3779K(4224K)
[864.287s][info][gc             ] GC(2264) Pause Young (Allocation Failure) 1243M->801M(1957M) 81.837ms
[864.287s][info][gc,cpu         ] GC(2264) User=0.45s Sys=0.00s Real=0.08s
[865.029s][info][gc,start       ] GC(2265) Pause Young (Allocation Failure)
[865.083s][info][gc,heap        ] GC(2265) PSYoungGen: 583296K->51328K(606720K)
[865.083s][info][gc,heap        ] GC(2265) PSOldGen: 749446K->779566K(1398272K)
[865.083s][info][gc,metaspace   ] GC(2265) Metaspace: 32473K(33584K)->32473K(33584K) NonClass: 28694K(29360K)->28694K(29360K) Class: 3779K(4224K)->3779K(4224K)
[865.083s][info][gc             ] GC(2265) Pause Young (Allocation Failure) 1301M->811M(1958M) 54.635ms
[865.083s][info][gc,cpu         ] GC(2265) User=0.28s Sys=0.00s Real=0.05s
[865.239s][info][gc,start       ] GC(2266) Pause Young (Allocation Failure)
[865.313s][info][gc,heap        ] GC(2266) PSYoungGen: 565888K->72256K(606720K)
[865.313s][info][gc,heap        ] GC(2266) PSOldGen: 779566K->825535K(1398272K)
[865.313s][info][gc,metaspace   ] GC(2266) Metaspace: 32473K(33584K)->32473K(33584K) NonClass: 28694K(29360K)->28694K(29360K) Class: 3779K(4224K)->3779K(4224K)
[865.313s][info][gc             ] GC(2266) Pause Young (Allocation Failure) 1313M->876M(1958M) 73.897ms
[865.313s][info][gc,cpu         ] GC(2266) User=0.42s Sys=0.00s Real=0.07s
[865.451s][info][gc,start       ] GC(2267) Pause Young (Allocation Failure)
[865.538s][info][gc,heap        ] GC(2267) PSYoungGen: 586816K->69600K(608256K)
[865.538s][info][gc,heap        ] GC(2267) PSOldGen: 825535K->884575K(1398272K)
[865.538s][info][gc,metaspace   ] GC(2267) Metaspace: 32473K(33584K)->32473K(33584K) NonClass: 28694K(29360K)->28694K(29360K) Class: 3779K(4224K)->3779K(4224K)
[865.538s][info][gc             ] GC(2267) Pause Young (Allocation Failure) 1379M->931M(1959M) 87.006ms
[865.538s][info][gc,cpu         ] GC(2267) User=0.47s Sys=0.00s Real=0.09s
[866.036s][info][gc,start       ] GC(2268) Pause Young (Allocation Failure)
[866.097s][info][gc,heap        ] GC(2268) PSYoungGen: 585696K->60768K(606720K)
[866.097s][info][gc,heap        ] GC(2268) PSOldGen: 884575K->915687K(1398272K)
[866.097s][info][gc,metaspace   ] GC(2268) Metaspace: 32477K(33584K)->32477K(33584K) NonClass: 28698K(29360K)->28698K(29360K) Class: 3779K(4224K)->3779K(4224K)
[866.097s][info][gc             ] GC(2268) Pause Young (Allocation Failure) 1435M->953M(1958M) 61.108ms
[866.097s][info][gc,cpu         ] GC(2268) User=0.38s Sys=0.00s Real=0.06s
[866.244s][info][gc,start       ] GC(2269) Pause Young (Allocation Failure)
[866.322s][info][gc,heap        ] GC(2269) PSYoungGen: 576864K->75136K(606720K)
[866.322s][info][gc,heap        ] GC(2269) PSOldGen: 915687K->963511K(1398272K)
[866.322s][info][gc,metaspace   ] GC(2269) Metaspace: 32477K(33584K)->32477K(33584K) NonClass: 28698K(29360K)->28698K(29360K) Class: 3779K(4224K)->3779K(4224K)
[866.322s][info][gc             ] GC(2269) Pause Young (Allocation Failure) 1457M->1014M(1958M) 78.492ms
[866.322s][info][gc,cpu         ] GC(2269) User=0.47s Sys=0.00s Real=0.08s
[866.614s][info][gc,start       ] GC(2270) Pause Young (Allocation Failure)
[866.678s][info][gc,heap        ] GC(2270) PSYoungGen: 592768K->63360K(608256K)
[866.678s][info][gc,heap        ] GC(2270) PSOldGen: 963511K->997527K(1398272K)
[866.678s][info][gc,metaspace   ] GC(2270) Metaspace: 32477K(33584K)->32477K(33584K) NonClass: 28698K(29360K)->28698K(29360K) Class: 3779K(4224K)->3779K(4224K)
[866.678s][info][gc             ] GC(2270) Pause Young (Allocation Failure) 1519M->1036M(1959M) 64.397ms
[866.678s][info][gc,cpu         ] GC(2270) User=0.38s Sys=0.00s Real=0.08s
[867.149s][info][gc,start       ] GC(2271) Pause Young (Allocation Failure)
[867.213s][info][gc,heap        ] GC(2271) PSYoungGen: 580992K->74272K(609280K)
[867.213s][info][gc,heap        ] GC(2271) PSOldGen: 997527K->1032487K(1398272K)
[867.213s][info][gc,metaspace   ] GC(2271) Metaspace: 32479K(33584K)->32479K(33584K) NonClass: 28700K(29360K)->28700K(29360K) Class: 3779K(4224K)->3779K(4224K)
[867.213s][info][gc             ] GC(2271) Pause Young (Allocation Failure) 1541M->1080M(1960M) 64.440ms
[867.213s][info][gc,cpu         ] GC(2271) User=0.36s Sys=0.02s Real=0.08s
[867.349s][info][gc,start       ] GC(2272) Pause Young (Allocation Failure)
[867.428s][info][gc,heap        ] GC(2272) PSYoungGen: 594976K->70784K(609792K)
[867.428s][info][gc,heap        ] GC(2272) PSOldGen: 1032487K->1095384K(1398272K)
[867.428s][info][gc,metaspace   ] GC(2272) Metaspace: 32479K(33584K)->32479K(33584K) NonClass: 28700K(29360K)->28700K(29360K) Class: 3779K(4224K)->3779K(4224K)
[867.428s][info][gc             ] GC(2272) Pause Young (Allocation Failure) 1589M->1138M(1961M) 78.498ms
[867.428s][info][gc,cpu         ] GC(2272) User=0.41s Sys=0.02s Real=0.08s
[868.304s][info][gc,start       ] GC(2273) Pause Young (Allocation Failure)
[868.360s][info][gc,heap        ] GC(2273) PSYoungGen: 591488K->46272K(607232K)
[868.360s][info][gc,heap        ] GC(2273) PSOldGen: 1095384K->1126552K(1398272K)
[868.360s][info][gc,metaspace   ] GC(2273) Metaspace: 32481K(33584K)->32481K(33584K) NonClass: 28702K(29360K)->28702K(29360K) Class: 3779K(4224K)->3779K(4224K)
[868.360s][info][gc             ] GC(2273) Pause Young (Allocation Failure) 1647M->1145M(1958M) 56.304ms
[868.360s][info][gc,cpu         ] GC(2273) User=0.36s Sys=0.00s Real=0.06s
[868.519s][info][gc,start       ] GC(2274) Pause Young (Allocation Failure)
[868.582s][info][gc,heap        ] GC(2274) PSYoungGen: 564928K->72192K(608768K)
[868.582s][info][gc,heap        ] GC(2274) PSOldGen: 1126552K->1166180K(1398272K)
[868.582s][info][gc,metaspace   ] GC(2274) Metaspace: 32481K(33584K)->32481K(33584K) NonClass: 28702K(29360K)->28702K(29360K) Class: 3779K(4224K)->3779K(4224K)
[868.582s][info][gc             ] GC(2274) Pause Young (Allocation Failure) 1651M->1209M(1960M) 62.838ms
[868.582s][info][gc,cpu         ] GC(2274) User=0.34s Sys=0.00s Real=0.06s
[868.716s][info][gc,start       ] GC(2275) Pause Young (Allocation Failure)
[868.799s][info][gc,heap        ] GC(2275) PSYoungGen: 590848K->69600K(609792K)
[868.799s][info][gc,heap        ] GC(2275) PSOldGen: 1166180K->1226420K(1398272K)
[868.799s][info][gc,metaspace   ] GC(2275) Metaspace: 32481K(33584K)->32481K(33584K) NonClass: 28702K(29360K)->28702K(29360K) Class: 3779K(4224K)->3779K(4224K)
[868.799s][info][gc             ] GC(2275) Pause Young (Allocation Failure) 1715M->1265M(1961M) 82.628ms
[868.799s][info][gc,cpu         ] GC(2275) User=0.39s Sys=0.02s Real=0.08s
[869.434s][info][gc,start       ] GC(2276) Pause Young (System.gc())
[869.482s][info][gc,heap        ] GC(2276) PSYoungGen: 410479K->26944K(545792K)
[869.482s][info][gc,heap        ] GC(2276) PSOldGen: 1226420K->1257372K(1398272K)
[869.482s][info][gc,metaspace   ] GC(2276) Metaspace: 32481K(33584K)->32481K(33584K) NonClass: 28702K(29360K)->28702K(29360K) Class: 3779K(4224K)->3779K(4224K)
[869.482s][info][gc             ] GC(2276) Pause Young (System.gc()) 1598M->1254M(1898M) 48.834ms
[869.482s][info][gc,cpu         ] GC(2276) User=0.28s Sys=0.00s Real=0.05s
[869.483s][info][gc,start       ] GC(2277) Pause Full (System.gc())
[869.483s][info][gc,phases,start] GC(2277) Phase 1: Mark live objects
[869.598s][info][gc,phases      ] GC(2277) Phase 1: Mark live objects 115.635ms
[869.598s][info][gc,phases,start] GC(2277) Phase 2: Compute new object addresses
[869.777s][info][gc,phases      ] GC(2277) Phase 2: Compute new object addresses 178.784ms
[869.777s][info][gc,phases,start] GC(2277) Phase 3: Adjust pointers
[869.860s][info][gc,phases      ] GC(2277) Phase 3: Adjust pointers 83.159ms
[869.860s][info][gc,phases,start] GC(2277) Phase 4: Move objects
[869.884s][info][gc,phases      ] GC(2277) Phase 4: Move objects 23.245ms
[869.884s][info][gc,heap        ] GC(2277) PSYoungGen: 26944K->0K(545792K)
[869.884s][info][gc,heap        ] GC(2277) PSOldGen: 1257372K->169949K(1398272K)
[869.884s][info][gc,metaspace   ] GC(2277) Metaspace: 32481K(33584K)->32481K(33584K) NonClass: 28702K(29360K)->28702K(29360K) Class: 3779K(4224K)->3779K(4224K)
[869.884s][info][gc             ] GC(2277) Pause Full (System.gc()) 1254M->165M(1898M) 401.604ms
[869.884s][info][gc,cpu         ] GC(2277) User=0.39s Sys=0.00s Real=0.40s
[870.145s][info][gc,start       ] GC(2278) Pause Young (Allocation Failure)
[870.189s][info][gc,heap        ] GC(2278) PSYoungGen: 518656K->79200K(599040K)
[870.189s][info][gc,heap        ] GC(2278) PSOldGen: 169949K->169949K(1398272K)
[870.189s][info][gc,metaspace   ] GC(2278) Metaspace: 32484K(33584K)->32484K(33584K) NonClass: 28705K(29360K)->28705K(29360K) Class: 3779K(4224K)->3779K(4224K)
[870.189s][info][gc             ] GC(2278) Pause Young (Allocation Failure) 672M->243M(1950M) 43.465ms
[870.189s][info][gc,cpu         ] GC(2278) User=0.23s Sys=0.00s Real=0.05s
[870.323s][info][gc,start       ] GC(2279) Pause Young (Allocation Failure)
[870.399s][info][gc,heap        ] GC(2279) PSYoungGen: 584544K->69248K(602112K)
[870.399s][info][gc,heap        ] GC(2279) PSOldGen: 169949K->236749K(1398272K)
[870.399s][info][gc,metaspace   ] GC(2279) Metaspace: 32484K(33584K)->32484K(33584K) NonClass: 28705K(29360K)->28705K(29360K) Class: 3779K(4224K)->3779K(4224K)
[870.399s][info][gc             ] GC(2279) Pause Young (Allocation Failure) 736M->298M(1953M) 75.574ms
[870.399s][info][gc,cpu         ] GC(2279) User=0.44s Sys=0.00s Real=0.07s
[871.210s][info][gc,start       ] GC(2280) Pause Young (Allocation Failure)
[871.274s][info][gc,heap        ] GC(2280) PSYoungGen: 574592K->58208K(605696K)
[871.274s][info][gc,heap        ] GC(2280) PSOldGen: 236749K->266885K(1398272K)
[871.274s][info][gc,metaspace   ] GC(2280) Metaspace: 32484K(33584K)->32484K(33584K) NonClass: 28705K(29360K)->28705K(29360K) Class: 3779K(4224K)->3779K(4224K)
[871.274s][info][gc             ] GC(2280) Pause Young (Allocation Failure) 792M->317M(1957M) 63.885ms
[871.274s][info][gc,cpu         ] GC(2280) User=0.44s Sys=0.00s Real=0.07s
[871.425s][info][gc,start       ] GC(2281) Pause Young (Allocation Failure)
[871.491s][info][gc,heap        ] GC(2281) PSYoungGen: 568672K->76896K(603648K)
[871.491s][info][gc,heap        ] GC(2281) PSOldGen: 266885K->311226K(1398272K)
[871.491s][info][gc,metaspace   ] GC(2281) Metaspace: 32484K(33584K)->32484K(33584K) NonClass: 28705K(29360K)->28705K(29360K) Class: 3779K(4224K)->3779K(4224K)
[871.491s][info][gc             ] GC(2281) Pause Young (Allocation Failure) 815M->379M(1955M) 66.607ms
[871.491s][info][gc,cpu         ] GC(2281) User=0.31s Sys=0.00s Real=0.07s
[871.678s][info][gc,start       ] GC(2282) Pause Young (Allocation Failure)
[871.758s][info][gc,heap        ] GC(2282) PSYoungGen: 587360K->67264K(606208K)
[871.758s][info][gc,heap        ] GC(2282) PSOldGen: 311226K->355434K(1398272K)
[871.758s][info][gc,metaspace   ] GC(2282) Metaspace: 32484K(33584K)->32484K(33584K) NonClass: 28705K(29360K)->28705K(29360K) Class: 3779K(4224K)->3779K(4224K)
[871.758s][info][gc             ] GC(2282) Pause Young (Allocation Failure) 877M->412M(1957M) 80.415ms
[871.758s][info][gc,cpu         ] GC(2282) User=0.48s Sys=0.02s Real=0.08s
[872.327s][info][gc,start       ] GC(2283) Pause Young (Allocation Failure)
[872.384s][info][gc,heap        ] GC(2283) PSYoungGen: 578240K->58560K(603648K)
[872.384s][info][gc,heap        ] GC(2283) PSOldGen: 355434K->388842K(1398272K)
[872.384s][info][gc,metaspace   ] GC(2283) Metaspace: 32484K(33584K)->32484K(33584K) NonClass: 28705K(29360K)->28705K(29360K) Class: 3779K(4224K)->3779K(4224K)
[872.384s][info][gc             ] GC(2283) Pause Young (Allocation Failure) 911M->436M(1955M) 57.293ms
[872.384s][info][gc,cpu         ] GC(2283) User=0.38s Sys=0.00s Real=0.06s
[872.532s][info][gc,start       ] GC(2284) Pause Young (Allocation Failure)
[872.599s][info][gc,heap        ] GC(2284) PSYoungGen: 569536K->79552K(601600K)
[872.599s][info][gc,heap        ] GC(2284) PSOldGen: 388842K->431998K(1398272K)
[872.599s][info][gc,metaspace   ] GC(2284) Metaspace: 32484K(33584K)->32484K(33584K) NonClass: 28705K(29360K)->28705K(29360K) Class: 3779K(4224K)->3779K(4224K)
[872.599s][info][gc             ] GC(2284) Pause Young (Allocation Failure) 935M->499M(1953M) 66.765ms
[872.599s][info][gc,cpu         ] GC(2284) User=0.38s Sys=0.00s Real=0.07s
[872.924s][info][gc,start       ] GC(2285) Pause Young (Allocation Failure)
[872.986s][info][gc,heap        ] GC(2285) PSYoungGen: 590016K->56544K(604672K)
[872.987s][info][gc,heap        ] GC(2285) PSOldGen: 431998K->471046K(1398272K)
[872.987s][info][gc,metaspace   ] GC(2285) Metaspace: 32484K(33584K)->32484K(33584K) NonClass: 28705K(29360K)->28705K(29360K) Class: 3779K(4224K)->3779K(4224K)
[872.987s][info][gc             ] GC(2285) Pause Young (Allocation Failure) 998M->515M(1956M) 62.906ms
[872.987s][info][gc,cpu         ] GC(2285) User=0.38s Sys=0.00s Real=0.06s
[873.393s][info][gc,start       ] GC(2286) Pause Young (Allocation Failure)
[873.453s][info][gc,heap        ] GC(2286) PSYoungGen: 567008K->63168K(608256K)
[873.453s][info][gc,heap        ] GC(2286) PSOldGen: 471046K->502150K(1398272K)
[873.453s][info][gc,metaspace   ] GC(2286) Metaspace: 32485K(33584K)->32485K(33584K) NonClass: 28706K(29360K)->28706K(29360K) Class: 3779K(4224K)->3779K(4224K)
[873.453s][info][gc             ] GC(2286) Pause Young (Allocation Failure) 1013M->552M(1959M) 60.010ms
[873.453s][info][gc,cpu         ] GC(2286) User=0.38s Sys=0.00s Real=0.06s
[873.591s][info][gc,start       ] GC(2287) Pause Young (Allocation Failure)
[873.662s][info][gc,heap        ] GC(2287) PSYoungGen: 578240K->70752K(605696K)
[873.662s][info][gc,heap        ] GC(2287) PSOldGen: 502150K->552422K(1398272K)
[873.662s][info][gc,metaspace   ] GC(2287) Metaspace: 32485K(33584K)->32485K(33584K) NonClass: 28706K(29360K)->28706K(29360K) Class: 3779K(4224K)->3779K(4224K)
[873.662s][info][gc             ] GC(2287) Pause Young (Allocation Failure) 1055M->608M(1957M) 71.028ms
[873.662s][info][gc,cpu         ] GC(2287) User=0.36s Sys=0.00s Real=0.07s
[874.061s][info][gc,start       ] GC(2288) Pause Young (Allocation Failure)
[874.123s][info][gc,heap        ] GC(2288) PSYoungGen: 585824K->52672K(608768K)
[874.123s][info][gc,heap        ] GC(2288) PSOldGen: 552422K->587118K(1398272K)
[874.123s][info][gc,metaspace   ] GC(2288) Metaspace: 32485K(33584K)->32485K(33584K) NonClass: 28706K(29360K)->28706K(29360K) Class: 3779K(4224K)->3779K(4224K)
[874.123s][info][gc             ] GC(2288) Pause Young (Allocation Failure) 1111M->624M(1960M) 62.439ms
[874.123s][info][gc,cpu         ] GC(2288) User=0.38s Sys=0.00s Real=0.06s
[874.577s][info][gc,start       ] GC(2289) Pause Young (Allocation Failure)
[874.641s][info][gc,heap        ] GC(2289) PSYoungGen: 571328K->79680K(598528K)
[874.641s][info][gc,heap        ] GC(2289) PSOldGen: 587118K->618287K(1398272K)
[874.641s][info][gc,metaspace   ] GC(2289) Metaspace: 32485K(33584K)->32485K(33584K) NonClass: 28706K(29360K)->28706K(29360K) Class: 3779K(4224K)->3779K(4224K)
[874.641s][info][gc             ] GC(2289) Pause Young (Allocation Failure) 1131M->681M(1950M) 63.676ms
[874.641s][info][gc,cpu         ] GC(2289) User=0.38s Sys=0.00s Real=0.06s
[874.784s][info][gc,start       ] GC(2290) Pause Young (Allocation Failure)
[874.859s][info][gc,heap        ] GC(2290) PSYoungGen: 598336K->73824K(605696K)
[874.859s][info][gc,heap        ] GC(2290) PSOldGen: 618287K->684107K(1398272K)
[874.859s][info][gc,metaspace   ] GC(2290) Metaspace: 32485K(33584K)->32485K(33584K) NonClass: 28706K(29360K)->28706K(29360K) Class: 3779K(4224K)->3779K(4224K)
[874.859s][info][gc             ] GC(2290) Pause Young (Allocation Failure) 1188M->740M(1957M) 75.303ms
[874.859s][info][gc,cpu         ] GC(2290) User=0.45s Sys=0.00s Real=0.07s
[875.571s][info][gc,start       ] GC(2291) Pause Young (Allocation Failure)
[875.630s][info][gc,heap        ] GC(2291) PSYoungGen: 586336K->52704K(605696K)
[875.630s][info][gc,heap        ] GC(2291) PSOldGen: 684107K->716147K(1398272K)
[875.630s][info][gc,metaspace   ] GC(2291) Metaspace: 32485K(33584K)->32485K(33584K) NonClass: 28706K(29360K)->28706K(29360K) Class: 3779K(4224K)->3779K(4224K)
[875.630s][info][gc             ] GC(2291) Pause Young (Allocation Failure) 1240M->750M(1957M) 59.743ms
[875.630s][info][gc,cpu         ] GC(2291) User=0.27s Sys=0.00s Real=0.06s
[875.764s][info][gc,start       ] GC(2292) Pause Young (Allocation Failure)
[875.831s][info][gc,heap        ] GC(2292) PSYoungGen: 565216K->71872K(606208K)
[875.832s][info][gc,heap        ] GC(2292) PSOldGen: 716147K->758259K(1398272K)
[875.832s][info][gc,metaspace   ] GC(2292) Metaspace: 32485K(33584K)->32485K(33584K) NonClass: 28706K(29360K)->28706K(29360K) Class: 3779K(4224K)->3779K(4224K)
[875.832s][info][gc             ] GC(2292) Pause Young (Allocation Failure) 1251M->810M(1957M) 67.120ms
[875.832s][info][gc,cpu         ] GC(2292) User=0.36s Sys=0.00s Real=0.07s
[875.963s][info][gc,start       ] GC(2293) Pause Young (Allocation Failure)
[876.040s][info][gc,heap        ] GC(2293) PSYoungGen: 584896K->70112K(605696K)
[876.040s][info][gc,heap        ] GC(2293) PSOldGen: 758259K->816875K(1398272K)
[876.040s][info][gc,metaspace   ] GC(2293) Metaspace: 32485K(33584K)->32485K(33584K) NonClass: 28706K(29360K)->28706K(29360K) Class: 3779K(4224K)->3779K(4224K)
[876.040s][info][gc             ] GC(2293) Pause Young (Allocation Failure) 1311M->866M(1957M) 77.005ms
[876.040s][info][gc,cpu         ] GC(2293) User=0.45s Sys=0.00s Real=0.08s
[876.779s][info][gc,start       ] GC(2294) Pause Young (Allocation Failure)
[876.849s][info][gc,heap        ] GC(2294) PSYoungGen: 583136K->63328K(609280K)
[876.849s][info][gc,heap        ] GC(2294) PSOldGen: 816875K->846939K(1398272K)
[876.849s][info][gc,metaspace   ] GC(2294) Metaspace: 32485K(33584K)->32485K(33584K) NonClass: 28706K(29360K)->28706K(29360K) Class: 3779K(4224K)->3779K(4224K)
[876.849s][info][gc             ] GC(2294) Pause Young (Allocation Failure) 1367M->888M(1960M) 69.956ms
[876.849s][info][gc,cpu         ] GC(2294) User=0.38s Sys=0.00s Real=0.08s
[877.035s][info][gc,start       ] GC(2295) Pause Young (Allocation Failure)
[877.110s][info][gc,heap        ] GC(2295) PSYoungGen: 580960K->87328K(605184K)
[877.110s][info][gc,heap        ] GC(2295) PSOldGen: 846939K->892728K(1398272K)
[877.110s][info][gc,metaspace   ] GC(2295) Metaspace: 32485K(33584K)->32485K(33584K) NonClass: 28706K(29360K)->28706K(29360K) Class: 3779K(4224K)->3779K(4224K)
[877.110s][info][gc             ] GC(2295) Pause Young (Allocation Failure) 1394M->957M(1956M) 75.243ms
[877.110s][info][gc,cpu         ] GC(2295) User=0.45s Sys=0.00s Real=0.08s
[877.435s][info][gc,start       ] GC(2296) Pause Young (Allocation Failure)
[877.496s][info][gc,heap        ] GC(2296) PSYoungGen: 604960K->50784K(601088K)
[877.496s][info][gc,heap        ] GC(2296) PSOldGen: 892728K->931304K(1398272K)
[877.496s][info][gc,metaspace   ] GC(2296) Metaspace: 32485K(33584K)->32485K(33584K) NonClass: 28706K(29360K)->28706K(29360K) Class: 3779K(4224K)->3779K(4224K)
[877.496s][info][gc             ] GC(2296) Pause Young (Allocation Failure) 1462M->959M(1952M) 61.309ms
[877.496s][info][gc,cpu         ] GC(2296) User=0.38s Sys=0.00s Real=0.07s
[877.912s][info][gc,start       ] GC(2297) Pause Young (Allocation Failure)
[877.975s][info][gc,heap        ] GC(2297) PSYoungGen: 558176K->78944K(586752K)
[877.975s][info][gc,heap        ] GC(2297) PSOldGen: 931304K->964088K(1398272K)
[877.975s][info][gc,metaspace   ] GC(2297) Metaspace: 32485K(33584K)->32485K(33584K) NonClass: 28706K(29360K)->28706K(29360K) Class: 3779K(4224K)->3779K(4224K)
[877.975s][info][gc             ] GC(2297) Pause Young (Allocation Failure) 1454M->1018M(1938M) 63.094ms
[877.975s][info][gc,cpu         ] GC(2297) User=0.36s Sys=0.02s Real=0.07s
[878.113s][info][gc,start       ] GC(2298) Pause Young (Allocation Failure)
[878.189s][info][gc,heap        ] GC(2298) PSYoungGen: 586336K->73504K(602624K)
[878.189s][info][gc,heap        ] GC(2298) PSOldGen: 964088K->1029196K(1398272K)
[878.189s][info][gc,metaspace   ] GC(2298) Metaspace: 32485K(33584K)->32485K(33584K) NonClass: 28706K(29360K)->28706K(29360K) Class: 3779K(4224K)->3779K(4224K)
[878.189s][info][gc             ] GC(2298) Pause Young (Allocation Failure) 1514M->1076M(1954M) 76.014ms
[878.189s][info][gc,cpu         ] GC(2298) User=0.44s Sys=0.00s Real=0.08s
[878.974s][info][gc,start       ] GC(2299) Pause Young (Allocation Failure)
[879.035s][info][gc,heap        ] GC(2299) PSYoungGen: 578848K->53568K(601600K)
[879.035s][info][gc,heap        ] GC(2299) PSOldGen: 1029196K->1060124K(1398272K)
[879.035s][info][gc,metaspace   ] GC(2299) Metaspace: 32485K(33584K)->32485K(33584K) NonClass: 28706K(29360K)->28706K(29360K) Class: 3779K(4224K)->3779K(4224K)
[879.035s][info][gc             ] GC(2299) Pause Young (Allocation Failure) 1570M->1087M(1953M) 60.740ms
[879.035s][info][gc,cpu         ] GC(2299) User=0.33s Sys=0.00s Real=0.06s
[879.164s][info][gc,start       ] GC(2300) Pause Young (Allocation Failure)
[879.236s][info][gc,heap        ] GC(2300) PSYoungGen: 558912K->65280K(605184K)
[879.236s][info][gc,heap        ] GC(2300) PSOldGen: 1060124K->1107597K(1398272K)
[879.236s][info][gc,metaspace   ] GC(2300) Metaspace: 32485K(33584K)->32485K(33584K) NonClass: 28706K(29360K)->28706K(29360K) Class: 3779K(4224K)->3779K(4224K)
[879.236s][info][gc             ] GC(2300) Pause Young (Allocation Failure) 1581M->1145M(1956M) 72.784ms
[879.236s][info][gc,cpu         ] GC(2300) User=0.42s Sys=0.02s Real=0.07s
[879.386s][info][gc,start       ] GC(2301) Pause Young (Allocation Failure)
[879.460s][info][gc,heap        ] GC(2301) PSYoungGen: 574208K->75744K(602624K)
[879.460s][info][gc,heap        ] GC(2301) PSOldGen: 1107597K->1155149K(1398272K)
[879.460s][info][gc,metaspace   ] GC(2301) Metaspace: 32485K(33584K)->32485K(33584K) NonClass: 28706K(29360K)->28706K(29360K) Class: 3779K(4224K)->3779K(4224K)
[879.460s][info][gc             ] GC(2301) Pause Young (Allocation Failure) 1642M->1202M(1954M) 73.858ms
[879.460s][info][gc,cpu         ] GC(2301) User=0.34s Sys=0.02s Real=0.07s
[880.084s][info][gc,start       ] GC(2302) Pause Young (Allocation Failure)
[880.142s][info][gc,heap        ] GC(2302) PSYoungGen: 584672K->58432K(605696K)
[880.142s][info][gc,heap        ] GC(2302) PSOldGen: 1155149K->1187677K(1398272K)
[880.142s][info][gc,metaspace   ] GC(2302) Metaspace: 32485K(33584K)->32485K(33584K) NonClass: 28706K(29360K)->28706K(29360K) Class: 3779K(4224K)->3779K(4224K)
[880.142s][info][gc             ] GC(2302) Pause Young (Allocation Failure) 1699M->1216M(1957M) 58.295ms
[880.142s][info][gc,cpu         ] GC(2302) User=0.31s Sys=0.02s Real=0.07s
[880.287s][info][gc,start       ] GC(2303) Pause Young (Allocation Failure)
[880.356s][info][gc,heap        ] GC(2303) PSYoungGen: 569920K->77696K(589312K)
[880.356s][info][gc,heap        ] GC(2303) PSOldGen: 1187677K->1230505K(1398272K)
[880.356s][info][gc,metaspace   ] GC(2303) Metaspace: 32485K(33584K)->32485K(33584K) NonClass: 28706K(29360K)->28706K(29360K) Class: 3779K(4224K)->3779K(4224K)
[880.356s][info][gc             ] GC(2303) Pause Young (Allocation Failure) 1716M->1277M(1941M) 69.151ms
[880.356s][info][gc,cpu         ] GC(2303) User=0.44s Sys=0.00s Real=0.07s
[880.567s][info][gc,start       ] GC(2304) Pause Young (Allocation Failure)
[880.640s][info][gc,heap        ] GC(2304) PSYoungGen: 589184K->64960K(606720K)
[880.640s][info][gc,heap        ] GC(2304) PSOldGen: 1230505K->1271921K(1398272K)
[880.640s][info][gc,metaspace   ] GC(2304) Metaspace: 32485K(33584K)->32485K(33584K) NonClass: 28706K(29360K)->28706K(29360K) Class: 3779K(4224K)->3779K(4224K)
[880.640s][info][gc             ] GC(2304) Pause Young (Allocation Failure) 1777M->1305M(1958M) 73.444ms
[880.640s][info][gc,cpu         ] GC(2304) User=0.45s Sys=0.00s Real=0.08s
[881.056s][info][gc,start       ] GC(2305) Pause Young (System.gc())
[881.092s][info][gc,heap        ] GC(2305) PSYoungGen: 232929K->12640K(524800K)
[881.092s][info][gc,heap        ] GC(2305) PSOldGen: 1271921K->1306713K(1398272K)
[881.092s][info][gc,metaspace   ] GC(2305) Metaspace: 32485K(33584K)->32485K(33584K) NonClass: 28706K(29360K)->28706K(29360K) Class: 3779K(4224K)->3779K(4224K)
[881.092s][info][gc             ] GC(2305) Pause Young (System.gc()) 1469M->1288M(1878M) 36.539ms
[881.092s][info][gc,cpu         ] GC(2305) User=0.19s Sys=0.00s Real=0.04s
[881.092s][info][gc,start       ] GC(2306) Pause Full (System.gc())
[881.093s][info][gc,phases,start] GC(2306) Phase 1: Mark live objects
[881.209s][info][gc,phases      ] GC(2306) Phase 1: Mark live objects 116.621ms
[881.209s][info][gc,phases,start] GC(2306) Phase 2: Compute new object addresses
[881.387s][info][gc,phases      ] GC(2306) Phase 2: Compute new object addresses 177.989ms
[881.387s][info][gc,phases,start] GC(2306) Phase 3: Adjust pointers
[881.471s][info][gc,phases      ] GC(2306) Phase 3: Adjust pointers 84.188ms
[881.472s][info][gc,phases,start] GC(2306) Phase 4: Move objects
[881.493s][info][gc,phases      ] GC(2306) Phase 4: Move objects 21.964ms
[881.494s][info][gc,heap        ] GC(2306) PSYoungGen: 12640K->0K(524800K)
[881.494s][info][gc,heap        ] GC(2306) PSOldGen: 1306713K->104565K(1398272K)
[881.494s][info][gc,metaspace   ] GC(2306) Metaspace: 32485K(33584K)->32485K(33584K) NonClass: 28706K(29360K)->28706K(29360K) Class: 3779K(4224K)->3779K(4224K)
[881.494s][info][gc             ] GC(2306) Pause Full (System.gc()) 1288M->102M(1878M) 401.750ms
[881.494s][info][gc,cpu         ] GC(2306) User=0.41s Sys=0.00s Real=0.40s
[881.723s][info][gc,start       ] GC(2307) Pause Young (Allocation Failure)
[881.766s][info][gc,heap        ] GC(2307) PSYoungGen: 512000K->79520K(594432K)
[881.766s][info][gc,heap        ] GC(2307) PSOldGen: 104565K->104565K(1398272K)
[881.766s][info][gc,metaspace   ] GC(2307) Metaspace: 32485K(33584K)->32485K(33584K) NonClass: 28706K(29360K)->28706K(29360K) Class: 3779K(4224K)->3779K(4224K)
[881.766s][info][gc             ] GC(2307) Pause Young (Allocation Failure) 602M->179M(1946M) 42.784ms
[881.766s][info][gc,cpu         ] GC(2307) User=0.28s Sys=0.00s Real=0.05s
[881.902s][info][gc,start       ] GC(2308) Pause Young (Allocation Failure)
[881.972s][info][gc,heap        ] GC(2308) PSYoungGen: 574624K->72288K(596992K)
[881.972s][info][gc,heap        ] GC(2308) PSOldGen: 104565K->168657K(1398272K)
[881.972s][info][gc,metaspace   ] GC(2308) Metaspace: 32485K(33584K)->32485K(33584K) NonClass: 28706K(29360K)->28706K(29360K) Class: 3779K(4224K)->3779K(4224K)
[881.972s][info][gc             ] GC(2308) Pause Young (Allocation Failure) 663M->235M(1948M) 69.283ms
[881.972s][info][gc,cpu         ] GC(2308) User=0.36s Sys=0.00s Real=0.07s
[882.659s][info][gc,start       ] GC(2309) Pause Young (Allocation Failure)
[882.715s][info][gc,heap        ] GC(2309) PSYoungGen: 567392K->55712K(599552K)
[882.715s][info][gc,heap        ] GC(2309) PSOldGen: 168657K->199649K(1398272K)
[882.715s][info][gc,metaspace   ] GC(2309) Metaspace: 32485K(33584K)->32485K(33584K) NonClass: 28706K(29360K)->28706K(29360K) Class: 3779K(4224K)->3779K(4224K)
[882.715s][info][gc             ] GC(2309) Pause Young (Allocation Failure) 718M->249M(1951M) 55.753ms
[882.715s][info][gc,cpu         ] GC(2309) User=0.38s Sys=0.00s Real=0.06s
[882.861s][info][gc,start       ] GC(2310) Pause Young (Allocation Failure)
[882.925s][info][gc,heap        ] GC(2310) PSYoungGen: 553888K->74464K(597504K)
[882.925s][info][gc,heap        ] GC(2310) PSOldGen: 199649K->241850K(1398272K)
[882.925s][info][gc,metaspace   ] GC(2310) Metaspace: 32485K(33584K)->32485K(33584K) NonClass: 28706K(29360K)->28706K(29360K) Class: 3779K(4224K)->3779K(4224K)
[882.925s][info][gc             ] GC(2310) Pause Young (Allocation Failure) 735M->308M(1949M) 63.648ms
[882.925s][info][gc,cpu         ] GC(2310) User=0.36s Sys=0.00s Real=0.06s
[883.051s][info][gc,start       ] GC(2311) Pause Young (Allocation Failure)
[883.121s][info][gc,heap        ] GC(2311) PSYoungGen: 572640K->65632K(602112K)
[883.121s][info][gc,heap        ] GC(2311) PSOldGen: 241850K->303650K(1398272K)
[883.121s][info][gc,metaspace   ] GC(2311) Metaspace: 32485K(33584K)->32485K(33584K) NonClass: 28706K(29360K)->28706K(29360K) Class: 3779K(4224K)->3779K(4224K)
[883.121s][info][gc             ] GC(2311) Pause Young (Allocation Failure) 795M->360M(1953M) 69.683ms
[883.121s][info][gc,cpu         ] GC(2311) User=0.47s Sys=0.00s Real=0.07s
[883.754s][info][gc,start       ] GC(2312) Pause Young (Allocation Failure)
[883.809s][info][gc,heap        ] GC(2312) PSYoungGen: 567904K->57120K(599040K)
[883.809s][info][gc,heap        ] GC(2312) PSOldGen: 303650K->332658K(1398272K)
[883.809s][info][gc,metaspace   ] GC(2312) Metaspace: 32485K(33584K)->32485K(33584K) NonClass: 28706K(29360K)->28706K(29360K) Class: 3779K(4224K)->3779K(4224K)
[883.809s][info][gc             ] GC(2312) Pause Young (Allocation Failure) 851M->380M(1950M) 54.897ms
[883.809s][info][gc,cpu         ] GC(2312) User=0.38s Sys=0.00s Real=0.06s
[883.955s][info][gc,start       ] GC(2313) Pause Young (Allocation Failure)
[884.018s][info][gc,heap        ] GC(2313) PSYoungGen: 559392K->74016K(603136K)
[884.018s][info][gc,heap        ] GC(2313) PSOldGen: 332658K->376562K(1398272K)
[884.018s][info][gc,metaspace   ] GC(2313) Metaspace: 32485K(33584K)->32485K(33584K) NonClass: 28706K(29360K)->28706K(29360K) Class: 3779K(4224K)->3779K(4224K)
[884.018s][info][gc             ] GC(2313) Pause Young (Allocation Failure) 871M->440M(1954M) 63.180ms
[884.018s][info][gc,cpu         ] GC(2313) User=0.38s Sys=0.00s Real=0.06s
[884.207s][info][gc,start       ] GC(2314) Pause Young (Allocation Failure)
[884.277s][info][gc,heap        ] GC(2314) PSYoungGen: 582432K->71360K(603648K)
[884.277s][info][gc,heap        ] GC(2314) PSOldGen: 376562K->411138K(1398272K)
[884.277s][info][gc,metaspace   ] GC(2314) Metaspace: 32485K(33584K)->32485K(33584K) NonClass: 28706K(29360K)->28706K(29360K) Class: 3779K(4224K)->3779K(4224K)
[884.277s][info][gc             ] GC(2314) Pause Young (Allocation Failure) 936M->471M(1955M) 69.442ms
[884.277s][info][gc,cpu         ] GC(2314) User=0.41s Sys=0.02s Real=0.07s
[884.698s][info][gc,start       ] GC(2315) Pause Young (Allocation Failure)
[884.754s][info][gc,heap        ] GC(2315) PSYoungGen: 579776K->56544K(605696K)
[884.754s][info][gc,heap        ] GC(2315) PSOldGen: 411138K->447170K(1398272K)
[884.754s][info][gc,metaspace   ] GC(2315) Metaspace: 32485K(33584K)->32485K(33584K) NonClass: 28706K(29360K)->28706K(29360K) Class: 3779K(4224K)->3779K(4224K)
[884.754s][info][gc             ] GC(2315) Pause Young (Allocation Failure) 967M->491M(1957M) 55.734ms
[884.754s][info][gc,cpu         ] GC(2315) User=0.28s Sys=0.00s Real=0.06s
[884.886s][info][gc,start       ] GC(2316) Pause Young (Allocation Failure)
[884.946s][info][gc,heap        ] GC(2316) PSYoungGen: 567520K->71232K(604160K)
[884.946s][info][gc,heap        ] GC(2316) PSOldGen: 447170K->490706K(1398272K)
[884.946s][info][gc,metaspace   ] GC(2316) Metaspace: 32485K(33584K)->32485K(33584K) NonClass: 28706K(29360K)->28706K(29360K) Class: 3779K(4224K)->3779K(4224K)
[884.946s][info][gc             ] GC(2316) Pause Young (Allocation Failure) 990M->548M(1955M) 60.005ms
[884.946s][info][gc,cpu         ] GC(2316) User=0.38s Sys=0.00s Real=0.06s
[885.261s][info][gc,start       ] GC(2317) Pause Young (Allocation Failure)
[885.327s][info][gc,heap        ] GC(2317) PSYoungGen: 582208K->59520K(607744K)
[885.327s][info][gc,heap        ] GC(2317) PSOldGen: 490706K->529882K(1398272K)
[885.327s][info][gc,metaspace   ] GC(2317) Metaspace: 32485K(33584K)->32485K(33584K) NonClass: 28706K(29360K)->28706K(29360K) Class: 3779K(4224K)->3779K(4224K)
[885.327s][info][gc             ] GC(2317) Pause Young (Allocation Failure) 1047M->575M(1959M) 66.911ms
[885.327s][info][gc,cpu         ] GC(2317) User=0.34s Sys=0.00s Real=0.07s
[885.787s][info][gc,start       ] GC(2318) Pause Young (Allocation Failure)
[885.844s][info][gc,heap        ] GC(2318) PSYoungGen: 574592K->64288K(606208K)
[885.844s][info][gc,heap        ] GC(2318) PSOldGen: 529882K->561491K(1398272K)
[885.844s][info][gc,metaspace   ] GC(2318) Metaspace: 32485K(33584K)->32485K(33584K) NonClass: 28706K(29360K)->28706K(29360K) Class: 3779K(4224K)->3779K(4224K)
[885.844s][info][gc             ] GC(2318) Pause Young (Allocation Failure) 1078M->611M(1957M) 56.969ms
[885.844s][info][gc,cpu         ] GC(2318) User=0.36s Sys=0.00s Real=0.06s
[885.970s][info][gc,start       ] GC(2319) Pause Young (Allocation Failure)
[886.035s][info][gc,heap        ] GC(2319) PSYoungGen: 579360K->68160K(611328K)
[886.035s][info][gc,heap        ] GC(2319) PSOldGen: 561491K->616167K(1398272K)
[886.035s][info][gc,metaspace   ] GC(2319) Metaspace: 32485K(33584K)->32485K(33584K) NonClass: 28706K(29360K)->28706K(29360K) Class: 3779K(4224K)->3779K(4224K)
[886.035s][info][gc             ] GC(2319) Pause Young (Allocation Failure) 1114M->668M(1962M) 65.343ms
[886.035s][info][gc,cpu         ] GC(2319) User=0.36s Sys=0.00s Real=0.06s
[886.431s][info][gc,start       ] GC(2320) Pause Young (Allocation Failure)
[886.489s][info][gc,heap        ] GC(2320) PSYoungGen: 590912K->53728K(610304K)
[886.489s][info][gc,heap        ] GC(2320) PSOldGen: 616167K->651143K(1398272K)
[886.489s][info][gc,metaspace   ] GC(2320) Metaspace: 32485K(33584K)->32485K(33584K) NonClass: 28706K(29360K)->28706K(29360K) Class: 3779K(4224K)->3779K(4224K)
[886.489s][info][gc             ] GC(2320) Pause Young (Allocation Failure) 1178M->688M(1961M) 58.031ms
[886.489s][info][gc,cpu         ] GC(2320) User=0.28s Sys=0.00s Real=0.07s
[886.872s][info][gc,start       ] GC(2321) Pause Young (Allocation Failure)
[886.939s][info][gc,heap        ] GC(2321) PSYoungGen: 576480K->69632K(611840K)
[886.939s][info][gc,heap        ] GC(2321) PSOldGen: 651143K->682543K(1398272K)
[886.939s][info][gc,metaspace   ] GC(2321) Metaspace: 32485K(33584K)->32485K(33584K) NonClass: 28706K(29360K)->28706K(29360K) Class: 3779K(4224K)->3779K(4224K)
[886.939s][info][gc             ] GC(2321) Pause Young (Allocation Failure) 1198M->734M(1963M) 66.702ms
[886.939s][info][gc,cpu         ] GC(2321) User=0.38s Sys=0.00s Real=0.07s
[887.067s][info][gc,start       ] GC(2322) Pause Young (Allocation Failure)
[887.134s][info][gc,heap        ] GC(2322) PSYoungGen: 594432K->67776K(611840K)
[887.134s][info][gc,heap        ] GC(2322) PSOldGen: 682543K->740971K(1398272K)
[887.134s][info][gc,metaspace   ] GC(2322) Metaspace: 32485K(33584K)->32485K(33584K) NonClass: 28706K(29360K)->28706K(29360K) Class: 3779K(4224K)->3779K(4224K)
[887.134s][info][gc             ] GC(2322) Pause Young (Allocation Failure) 1247M->789M(1963M) 67.087ms
[887.134s][info][gc,cpu         ] GC(2322) User=0.47s Sys=0.00s Real=0.07s
[887.909s][info][gc,start       ] GC(2323) Pause Young (Allocation Failure)
[887.967s][info][gc,heap        ] GC(2323) PSYoungGen: 592576K->41440K(608768K)
[887.967s][info][gc,heap        ] GC(2323) PSOldGen: 740971K->771643K(1398272K)
[887.967s][info][gc,metaspace   ] GC(2323) Metaspace: 32485K(33584K)->32485K(33584K) NonClass: 28706K(29360K)->28706K(29360K) Class: 3779K(4224K)->3779K(4224K)
[887.967s][info][gc             ] GC(2323) Pause Young (Allocation Failure) 1302M->794M(1960M) 57.534ms
[887.967s][info][gc,cpu         ] GC(2323) User=0.38s Sys=0.00s Real=0.06s
[888.135s][info][gc,start       ] GC(2324) Pause Young (Allocation Failure)
[888.195s][info][gc,heap        ] GC(2324) PSYoungGen: 564192K->74272K(597504K)
[888.195s][info][gc,heap        ] GC(2324) PSOldGen: 771643K->809684K(1398272K)
[888.195s][info][gc,metaspace   ] GC(2324) Metaspace: 32485K(33584K)->32485K(33584K) NonClass: 28706K(29360K)->28706K(29360K) Class: 3779K(4224K)->3779K(4224K)
[888.195s][info][gc             ] GC(2324) Pause Young (Allocation Failure) 1304M->863M(1949M) 60.712ms
[888.195s][info][gc,cpu         ] GC(2324) User=0.28s Sys=0.00s Real=0.06s
[888.332s][info][gc,start       ] GC(2325) Pause Young (Allocation Failure)
[888.421s][info][gc,heap        ] GC(2325) PSYoungGen: 597024K->69664K(609280K)
[888.421s][info][gc,heap        ] GC(2325) PSOldGen: 809684K->871828K(1398272K)
[888.421s][info][gc,metaspace   ] GC(2325) Metaspace: 32485K(33584K)->32485K(33584K) NonClass: 28706K(29360K)->28706K(29360K) Class: 3779K(4224K)->3779K(4224K)
[888.421s][info][gc             ] GC(2325) Pause Young (Allocation Failure) 1373M->919M(1960M) 89.481ms
[888.421s][info][gc,cpu         ] GC(2325) User=0.53s Sys=0.00s Real=0.09s
[888.971s][info][gc,start       ] GC(2326) Pause Young (Allocation Failure)
[889.025s][info][gc,heap        ] GC(2326) PSYoungGen: 589344K->54304K(609280K)
[889.026s][info][gc,heap        ] GC(2326) PSOldGen: 871828K->902852K(1398272K)
[889.026s][info][gc,metaspace   ] GC(2326) Metaspace: 32485K(33584K)->32485K(33584K) NonClass: 28706K(29360K)->28706K(29360K) Class: 3779K(4224K)->3779K(4224K)
[889.026s][info][gc             ] GC(2326) Pause Young (Allocation Failure) 1426M->934M(1960M) 54.083ms
[889.026s][info][gc,cpu         ] GC(2326) User=0.38s Sys=0.00s Real=0.05s
[889.154s][info][gc,start       ] GC(2327) Pause Young (Allocation Failure)
[889.217s][info][gc,heap        ] GC(2327) PSYoungGen: 573984K->63680K(612864K)
[889.217s][info][gc,heap        ] GC(2327) PSOldGen: 902852K->952264K(1398272K)
[889.217s][info][gc,metaspace   ] GC(2327) Metaspace: 32485K(33584K)->32485K(33584K) NonClass: 28706K(29360K)->28706K(29360K) Class: 3779K(4224K)->3779K(4224K)
[889.217s][info][gc             ] GC(2327) Pause Young (Allocation Failure) 1442M->992M(1964M) 62.903ms
[889.217s][info][gc,cpu         ] GC(2327) User=0.38s Sys=0.00s Real=0.06s
[889.352s][info][gc,start       ] GC(2328) Pause Young (Allocation Failure)
[889.418s][info][gc,heap        ] GC(2328) PSYoungGen: 587968K->65696K(610304K)
[889.418s][info][gc,heap        ] GC(2328) PSOldGen: 952264K->1005960K(1398272K)
[889.418s][info][gc,metaspace   ] GC(2328) Metaspace: 32485K(33584K)->32485K(33584K) NonClass: 28706K(29360K)->28706K(29360K) Class: 3779K(4224K)->3779K(4224K)
[889.418s][info][gc             ] GC(2328) Pause Young (Allocation Failure) 1504M->1046M(1961M) 66.280ms
[889.418s][info][gc,cpu         ] GC(2328) User=0.39s Sys=0.00s Real=0.07s
[890.122s][info][gc,start       ] GC(2329) Pause Young (Allocation Failure)
[890.181s][info][gc,heap        ] GC(2329) PSYoungGen: 589984K->61344K(615936K)
[890.181s][info][gc,heap        ] GC(2329) PSOldGen: 1005960K->1035952K(1398272K)
[890.181s][info][gc,metaspace   ] GC(2329) Metaspace: 32485K(33584K)->32485K(33584K) NonClass: 28706K(29360K)->28706K(29360K) Class: 3779K(4224K)->3779K(4224K)
[890.181s][info][gc             ] GC(2329) Pause Young (Allocation Failure) 1558M->1071M(1967M) 58.604ms
[890.181s][info][gc,cpu         ] GC(2329) User=0.38s Sys=0.00s Real=0.06s
[890.335s][info][gc,start       ] GC(2330) Pause Young (Allocation Failure)
[890.405s][info][gc,heap        ] GC(2330) PSYoungGen: 592288K->80448K(611840K)
[890.405s][info][gc,heap        ] GC(2330) PSOldGen: 1035952K->1080845K(1398272K)
[890.405s][info][gc,metaspace   ] GC(2330) Metaspace: 32485K(33584K)->32485K(33584K) NonClass: 28706K(29360K)->28706K(29360K) Class: 3779K(4224K)->3779K(4224K)
[890.405s][info][gc             ] GC(2330) Pause Young (Allocation Failure) 1590M->1134M(1963M) 70.428ms
[890.405s][info][gc,cpu         ] GC(2330) User=0.44s Sys=0.00s Real=0.07s
[890.709s][info][gc,start       ] GC(2331) Pause Young (Allocation Failure)
[890.776s][info][gc,heap        ] GC(2331) PSYoungGen: 611392K->60320K(612864K)
[890.776s][info][gc,heap        ] GC(2331) PSOldGen: 1080845K->1121365K(1398272K)
[890.776s][info][gc,metaspace   ] GC(2331) Metaspace: 32485K(33584K)->32485K(33584K) NonClass: 28706K(29360K)->28706K(29360K) Class: 3779K(4224K)->3779K(4224K)
[890.776s][info][gc             ] GC(2331) Pause Young (Allocation Failure) 1652M->1153M(1964M) 67.358ms
[890.776s][info][gc,cpu         ] GC(2331) User=0.47s Sys=0.00s Real=0.07s
[891.282s][info][gc,start       ] GC(2332) Pause Young (Allocation Failure)
[891.345s][info][gc,heap        ] GC(2332) PSYoungGen: 586144K->76032K(602112K)
[891.346s][info][gc,heap        ] GC(2332) PSOldGen: 1121365K->1153573K(1398272K)
[891.346s][info][gc,metaspace   ] GC(2332) Metaspace: 32485K(33584K)->32485K(33584K) NonClass: 28706K(29360K)->28706K(29360K) Class: 3779K(4224K)->3779K(4224K)
[891.346s][info][gc             ] GC(2332) Pause Young (Allocation Failure) 1667M->1200M(1953M) 63.506ms
[891.346s][info][gc,cpu         ] GC(2332) User=0.33s Sys=0.00s Real=0.08s
[891.497s][info][gc,start       ] GC(2333) Pause Young (Allocation Failure)
[891.569s][info][gc,heap        ] GC(2333) PSYoungGen: 601856K->76192K(607744K)
[891.569s][info][gc,heap        ] GC(2333) PSOldGen: 1153573K->1214705K(1398272K)
[891.569s][info][gc,metaspace   ] GC(2333) Metaspace: 32485K(33584K)->32485K(33584K) NonClass: 28706K(29360K)->28706K(29360K) Class: 3779K(4224K)->3779K(4224K)
[891.569s][info][gc             ] GC(2333) Pause Young (Allocation Failure) 1714M->1260M(1959M) 72.439ms
[891.569s][info][gc,cpu         ] GC(2333) User=0.36s Sys=0.00s Real=0.07s
[892.260s][info][gc,start       ] GC(2334) Pause Young (System.gc())
[892.314s][info][gc,heap        ] GC(2334) PSYoungGen: 469967K->31936K(551936K)
[892.314s][info][gc,heap        ] GC(2334) PSOldGen: 1214705K->1248433K(1398272K)
[892.314s][info][gc,metaspace   ] GC(2334) Metaspace: 32485K(33584K)->32485K(33584K) NonClass: 28706K(29360K)->28706K(29360K) Class: 3779K(4224K)->3779K(4224K)
[892.314s][info][gc             ] GC(2334) Pause Young (System.gc()) 1645M->1250M(1904M) 54.685ms
[892.314s][info][gc,cpu         ] GC(2334) User=0.25s Sys=0.00s Real=0.07s
[892.314s][info][gc,start       ] GC(2335) Pause Full (System.gc())
[892.314s][info][gc,phases,start] GC(2335) Phase 1: Mark live objects
[892.432s][info][gc,phases      ] GC(2335) Phase 1: Mark live objects 117.251ms
[892.432s][info][gc,phases,start] GC(2335) Phase 2: Compute new object addresses
[892.611s][info][gc,phases      ] GC(2335) Phase 2: Compute new object addresses 178.846ms
[892.611s][info][gc,phases,start] GC(2335) Phase 3: Adjust pointers
[892.692s][info][gc,phases      ] GC(2335) Phase 3: Adjust pointers 81.809ms
[892.693s][info][gc,phases,start] GC(2335) Phase 4: Move objects
[892.716s][info][gc,phases      ] GC(2335) Phase 4: Move objects 23.810ms
[892.717s][info][gc,heap        ] GC(2335) PSYoungGen: 31936K->0K(551936K)
[892.717s][info][gc,heap        ] GC(2335) PSOldGen: 1248433K->104566K(1398272K)
[892.717s][info][gc,metaspace   ] GC(2335) Metaspace: 32485K(33584K)->32485K(33584K) NonClass: 28706K(29360K)->28706K(29360K) Class: 3779K(4224K)->3779K(4224K)
[892.717s][info][gc             ] GC(2335) Pause Full (System.gc()) 1250M->102M(1904M) 402.492ms
[892.717s][info][gc,cpu         ] GC(2335) User=0.41s Sys=0.00s Real=0.39s
[892.910s][info][gc,start       ] GC(2336) Pause Young (Allocation Failure)
[892.951s][info][gc,heap        ] GC(2336) PSYoungGen: 519680K->74112K(603136K)
[892.951s][info][gc,heap        ] GC(2336) PSOldGen: 104566K->104566K(1398272K)
[892.951s][info][gc,metaspace   ] GC(2336) Metaspace: 32485K(33584K)->32485K(33584K) NonClass: 28706K(29360K)->28706K(29360K) Class: 3779K(4224K)->3779K(4224K)
[892.951s][info][gc             ] GC(2336) Pause Young (Allocation Failure) 609M->174M(1954M) 41.382ms
[892.951s][info][gc,cpu         ] GC(2336) User=0.27s Sys=0.00s Real=0.04s
[893.088s][info][gc,start       ] GC(2337) Pause Young (Allocation Failure)
[893.162s][info][gc,heap        ] GC(2337) PSYoungGen: 583552K->69952K(604160K)
[893.162s][info][gc,heap        ] GC(2337) PSOldGen: 104566K->166606K(1398272K)
[893.162s][info][gc,metaspace   ] GC(2337) Metaspace: 32485K(33584K)->32485K(33584K) NonClass: 28706K(29360K)->28706K(29360K) Class: 3779K(4224K)->3779K(4224K)
[893.162s][info][gc             ] GC(2337) Pause Young (Allocation Failure) 671M->231M(1955M) 73.720ms
[893.162s][info][gc,cpu         ] GC(2337) User=0.38s Sys=0.00s Real=0.08s
[893.977s][info][gc,start       ] GC(2338) Pause Young (Allocation Failure)
[894.034s][info][gc,heap        ] GC(2338) PSYoungGen: 579392K->51648K(605696K)
[894.034s][info][gc,heap        ] GC(2338) PSOldGen: 166606K->197582K(1398272K)
[894.034s][info][gc,metaspace   ] GC(2338) Metaspace: 32485K(33584K)->32485K(33584K) NonClass: 28706K(29360K)->28706K(29360K) Class: 3779K(4224K)->3779K(4224K)
[894.034s][info][gc             ] GC(2338) Pause Young (Allocation Failure) 728M->243M(1957M) 57.228ms
[894.034s][info][gc,cpu         ] GC(2338) User=0.30s Sys=0.00s Real=0.06s
[894.176s][info][gc,start       ] GC(2339) Pause Young (Allocation Failure)
[894.239s][info][gc,heap        ] GC(2339) PSYoungGen: 563648K->69536K(605184K)
[894.239s][info][gc,heap        ] GC(2339) PSOldGen: 197582K->241626K(1398272K)
[894.239s][info][gc,metaspace   ] GC(2339) Metaspace: 32485K(33584K)->32485K(33584K) NonClass: 28706K(29360K)->28706K(29360K) Class: 3779K(4224K)->3779K(4224K)
[894.239s][info][gc             ] GC(2339) Pause Young (Allocation Failure) 743M->303M(1956M) 63.032ms
[894.239s][info][gc,cpu         ] GC(2339) User=0.34s Sys=0.03s Real=0.06s
[894.381s][info][gc,start       ] GC(2340) Pause Young (Allocation Failure)
[894.455s][info][gc,heap        ] GC(2340) PSYoungGen: 581536K->73568K(604672K)
[894.456s][info][gc,heap        ] GC(2340) PSOldGen: 241626K->294442K(1398272K)
[894.456s][info][gc,metaspace   ] GC(2340) Metaspace: 32485K(33584K)->32485K(33584K) NonClass: 28706K(29360K)->28706K(29360K) Class: 3779K(4224K)->3779K(4224K)
[894.456s][info][gc             ] GC(2340) Pause Young (Allocation Failure) 803M->359M(1956M) 74.688ms
[894.456s][info][gc,cpu         ] GC(2340) User=0.41s Sys=0.00s Real=0.08s
[895.106s][info][gc,start       ] GC(2341) Pause Young (Allocation Failure)
[895.164s][info][gc,heap        ] GC(2341) PSYoungGen: 586080K->61088K(605696K)
[895.164s][info][gc,heap        ] GC(2341) PSOldGen: 294442K->326154K(1398272K)
[895.164s][info][gc,metaspace   ] GC(2341) Metaspace: 32485K(33584K)->32485K(33584K) NonClass: 28706K(29360K)->28706K(29360K) Class: 3779K(4224K)->3779K(4224K)
[895.164s][info][gc             ] GC(2341) Pause Young (Allocation Failure) 859M->378M(1957M) 57.397ms
[895.164s][info][gc,cpu         ] GC(2341) User=0.27s Sys=0.00s Real=0.06s
[895.313s][info][gc,start       ] GC(2342) Pause Young (Allocation Failure)
[895.382s][info][gc,heap        ] GC(2342) PSYoungGen: 573600K->78624K(602624K)
[895.382s][info][gc,heap        ] GC(2342) PSOldGen: 326154K->370367K(1398272K)
[895.382s][info][gc,metaspace   ] GC(2342) Metaspace: 32485K(33584K)->32485K(33584K) NonClass: 28706K(29360K)->28706K(29360K) Class: 3779K(4224K)->3779K(4224K)
[895.382s][info][gc             ] GC(2342) Pause Young (Allocation Failure) 878M->438M(1954M) 68.469ms
[895.382s][info][gc,cpu         ] GC(2342) User=0.36s Sys=0.00s Real=0.07s
[895.664s][info][gc,start       ] GC(2343) Pause Young (Allocation Failure)
[895.728s][info][gc,heap        ] GC(2343) PSYoungGen: 590112K->61984K(605184K)
[895.728s][info][gc,heap        ] GC(2343) PSOldGen: 370367K->409631K(1398272K)
[895.728s][info][gc,metaspace   ] GC(2343) Metaspace: 32485K(33584K)->32485K(33584K) NonClass: 28706K(29360K)->28706K(29360K) Class: 3779K(4224K)->3779K(4224K)
[895.728s][info][gc             ] GC(2343) Pause Young (Allocation Failure) 937M->460M(1956M) 64.309ms
[895.728s][info][gc,cpu         ] GC(2343) User=0.44s Sys=0.00s Real=0.08s
[896.197s][info][gc,start       ] GC(2344) Pause Young (Allocation Failure)
[896.254s][info][gc,heap        ] GC(2344) PSYoungGen: 573472K->62496K(609280K)
[896.254s][info][gc,heap        ] GC(2344) PSOldGen: 409631K->442895K(1398272K)
[896.254s][info][gc,metaspace   ] GC(2344) Metaspace: 32485K(33584K)->32485K(33584K) NonClass: 28706K(29360K)->28706K(29360K) Class: 3779K(4224K)->3779K(4224K)
[896.254s][info][gc             ] GC(2344) Pause Young (Allocation Failure) 960M->493M(1960M) 57.568ms
[896.254s][info][gc,cpu         ] GC(2344) User=0.28s Sys=0.00s Real=0.06s
[896.393s][info][gc,start       ] GC(2345) Pause Young (Allocation Failure)
[896.471s][info][gc,heap        ] GC(2345) PSYoungGen: 580128K->75392K(607232K)
[896.471s][info][gc,heap        ] GC(2345) PSOldGen: 442895K->492455K(1398272K)
[896.471s][info][gc,metaspace   ] GC(2345) Metaspace: 32485K(33584K)->32485K(33584K) NonClass: 28706K(29360K)->28706K(29360K) Class: 3779K(4224K)->3779K(4224K)
[896.471s][info][gc             ] GC(2345) Pause Young (Allocation Failure) 999M->554M(1958M) 77.747ms
[896.471s][info][gc,cpu         ] GC(2345) User=0.45s Sys=0.00s Real=0.08s
[896.906s][info][gc,start       ] GC(2346) Pause Young (Allocation Failure)
[896.963s][info][gc,heap        ] GC(2346) PSYoungGen: 593024K->52128K(608256K)
[896.963s][info][gc,heap        ] GC(2346) PSOldGen: 492455K->528519K(1398272K)
[896.963s][info][gc,metaspace   ] GC(2346) Metaspace: 32485K(33584K)->32485K(33584K) NonClass: 28706K(29360K)->28706K(29360K) Class: 3779K(4224K)->3779K(4224K)
[896.963s][info][gc             ] GC(2346) Pause Young (Allocation Failure) 1060M->567M(1959M) 57.287ms
[896.963s][info][gc,cpu         ] GC(2346) User=0.38s Sys=0.00s Real=0.07s
[897.441s][info][gc,start       ] GC(2347) Pause Young (Allocation Failure)
[897.507s][info][gc,heap        ] GC(2347) PSYoungGen: 569760K->83680K(601600K)
[897.507s][info][gc,heap        ] GC(2347) PSOldGen: 528519K->559095K(1398272K)
[897.507s][info][gc,metaspace   ] GC(2347) Metaspace: 32485K(33584K)->32485K(33584K) NonClass: 28706K(29360K)->28706K(29360K) Class: 3779K(4224K)->3779K(4224K)
[897.507s][info][gc             ] GC(2347) Pause Young (Allocation Failure) 1072M->627M(1953M) 65.704ms
[897.507s][info][gc,cpu         ] GC(2347) User=0.38s Sys=0.00s Real=0.08s
[897.642s][info][gc,start       ] GC(2348) Pause Young (Allocation Failure)
[897.717s][info][gc,heap        ] GC(2348) PSYoungGen: 601312K->71456K(604672K)
[897.717s][info][gc,heap        ] GC(2348) PSOldGen: 559095K->629608K(1398272K)
[897.717s][info][gc,metaspace   ] GC(2348) Metaspace: 32485K(33584K)->32485K(33584K) NonClass: 28706K(29360K)->28706K(29360K) Class: 3779K(4224K)->3779K(4224K)
[897.717s][info][gc             ] GC(2348) Pause Young (Allocation Failure) 1133M->684M(1956M) 74.258ms
[897.717s][info][gc,cpu         ] GC(2348) User=0.45s Sys=0.00s Real=0.07s
[898.473s][info][gc,start       ] GC(2349) Pause Young (Allocation Failure)
[898.532s][info][gc,heap        ] GC(2349) PSYoungGen: 580896K->54912K(603648K)
[898.532s][info][gc,heap        ] GC(2349) PSOldGen: 629608K->660496K(1398272K)
[898.532s][info][gc,metaspace   ] GC(2349) Metaspace: 32485K(33584K)->32485K(33584K) NonClass: 28706K(29360K)->28706K(29360K) Class: 3779K(4224K)->3779K(4224K)
[898.533s][info][gc             ] GC(2349) Pause Young (Allocation Failure) 1182M->698M(1955M) 59.645ms
[898.533s][info][gc,cpu         ] GC(2349) User=0.38s Sys=0.00s Real=0.07s
[898.676s][info][gc,start       ] GC(2350) Pause Young (Allocation Failure)
[898.739s][info][gc,heap        ] GC(2350) PSYoungGen: 564352K->74752K(604160K)
[898.739s][info][gc,heap        ] GC(2350) PSOldGen: 660496K->703336K(1398272K)
[898.739s][info][gc,metaspace   ] GC(2350) Metaspace: 32485K(33584K)->32485K(33584K) NonClass: 28706K(29360K)->28706K(29360K) Class: 3779K(4224K)->3779K(4224K)
[898.739s][info][gc             ] GC(2350) Pause Young (Allocation Failure) 1196M->759M(1955M) 63.748ms
[898.739s][info][gc,cpu         ] GC(2350) User=0.38s Sys=0.00s Real=0.06s
[898.894s][info][gc,start       ] GC(2351) Pause Young (Allocation Failure)
[898.967s][info][gc,heap        ] GC(2351) PSYoungGen: 585216K->73664K(604672K)
[898.967s][info][gc,heap        ] GC(2351) PSOldGen: 703336K->757560K(1398272K)
[898.967s][info][gc,metaspace   ] GC(2351) Metaspace: 32485K(33584K)->32485K(33584K) NonClass: 28706K(29360K)->28706K(29360K) Class: 3779K(4224K)->3779K(4224K)
[898.967s][info][gc             ] GC(2351) Pause Young (Allocation Failure) 1258M->811M(1956M) 73.136ms
[898.967s][info][gc,cpu         ] GC(2351) User=0.42s Sys=0.00s Real=0.07s
[899.528s][info][gc,start       ] GC(2352) Pause Young (Allocation Failure)
[899.588s][info][gc,heap        ] GC(2352) PSYoungGen: 584128K->64896K(607232K)
[899.588s][info][gc,heap        ] GC(2352) PSOldGen: 757560K->789264K(1398272K)
[899.588s][info][gc,metaspace   ] GC(2352) Metaspace: 32485K(33584K)->32485K(33584K) NonClass: 28706K(29360K)->28706K(29360K) Class: 3779K(4224K)->3779K(4224K)
[899.588s][info][gc             ] GC(2352) Pause Young (Allocation Failure) 1310M->834M(1958M) 59.858ms
[899.588s][info][gc,cpu         ] GC(2352) User=0.36s Sys=0.00s Real=0.07s
[899.728s][info][gc,start       ] GC(2353) Pause Young (Allocation Failure)
[899.795s][info][gc,heap        ] GC(2353) PSYoungGen: 578432K->75904K(605184K)
[899.795s][info][gc,heap        ] GC(2353) PSOldGen: 789264K->838852K(1398272K)
[899.795s][info][gc,metaspace   ] GC(2353) Metaspace: 32485K(33584K)->32485K(33584K) NonClass: 28706K(29360K)->28706K(29360K) Class: 3779K(4224K)->3779K(4224K)
[899.795s][info][gc             ] GC(2353) Pause Young (Allocation Failure) 1335M->893M(1956M) 67.670ms
[899.795s][info][gc,cpu         ] GC(2353) User=0.38s Sys=0.00s Real=0.07s
[900.142s][info][gc,start       ] GC(2354) Pause Young (Allocation Failure)
[900.209s][info][gc,heap        ] GC(2354) PSYoungGen: 589440K->57024K(606720K)
[900.209s][info][gc,heap        ] GC(2354) PSOldGen: 838852K->874276K(1398272K)
[900.209s][info][gc,metaspace   ] GC(2354) Metaspace: 32485K(33584K)->32485K(33584K) NonClass: 28706K(29360K)->28706K(29360K) Class: 3779K(4224K)->3779K(4224K)
[900.209s][info][gc             ] GC(2354) Pause Young (Allocation Failure) 1394M->909M(1958M) 66.421ms
[900.209s][info][gc,cpu         ] GC(2354) User=0.38s Sys=0.00s Real=0.07s
[900.617s][info][gc,start       ] GC(2355) Pause Young (Allocation Failure)
[900.678s][info][gc,heap        ] GC(2355) PSYoungGen: 571072K->71744K(606208K)
[900.678s][info][gc,heap        ] GC(2355) PSOldGen: 874276K->906805K(1398272K)
[900.678s][info][gc,metaspace   ] GC(2355) Metaspace: 32485K(33584K)->32485K(33584K) NonClass: 28706K(29360K)->28706K(29360K) Class: 3779K(4224K)->3779K(4224K)
[900.678s][info][gc             ] GC(2355) Pause Young (Allocation Failure) 1411M->955M(1957M) 61.806ms
[900.678s][info][gc,cpu         ] GC(2355) User=0.34s Sys=0.00s Real=0.06s
[900.812s][info][gc,start       ] GC(2356) Pause Young (Allocation Failure)
[900.885s][info][gc,heap        ] GC(2356) PSYoungGen: 585792K->73248K(607744K)
[900.885s][info][gc,heap        ] GC(2356) PSOldGen: 906805K->965209K(1398272K)
[900.885s][info][gc,metaspace   ] GC(2356) Metaspace: 32485K(33584K)->32485K(33584K) NonClass: 28706K(29360K)->28706K(29360K) Class: 3779K(4224K)->3779K(4224K)
[900.885s][info][gc             ] GC(2356) Pause Young (Allocation Failure) 1457M->1014M(1959M) 73.216ms
[900.885s][info][gc,cpu         ] GC(2356) User=0.45s Sys=0.02s Real=0.07s
[901.509s][info][gc,start       ] GC(2357) Pause Young (Allocation Failure)
[901.562s][info][gc,heap        ] GC(2357) PSYoungGen: 589856K->46080K(563200K)
[901.562s][info][gc,heap        ] GC(2357) PSOldGen: 965209K->996337K(1398272K)
[901.562s][info][gc,metaspace   ] GC(2357) Metaspace: 32485K(33584K)->32485K(33584K) NonClass: 28706K(29360K)->28706K(29360K) Class: 3779K(4224K)->3779K(4224K)
[901.562s][info][gc             ] GC(2357) Pause Young (Allocation Failure) 1518M->1017M(1915M) 52.375ms
[901.562s][info][gc,cpu         ] GC(2357) User=0.28s Sys=0.00s Real=0.05s
[901.702s][info][gc,start       ] GC(2358) Pause Young (Allocation Failure)
[901.771s][info][gc,heap        ] GC(2358) PSYoungGen: 562688K->69760K(607744K)
[901.771s][info][gc,heap        ] GC(2358) PSOldGen: 996337K->1036913K(1398272K)
[901.771s][info][gc,metaspace   ] GC(2358) Metaspace: 32485K(33584K)->32485K(33584K) NonClass: 28706K(29360K)->28706K(29360K) Class: 3779K(4224K)->3779K(4224K)
[901.771s][info][gc             ] GC(2358) Pause Young (Allocation Failure) 1522M->1080M(1959M) 69.147ms
[901.771s][info][gc,cpu         ] GC(2358) User=0.38s Sys=0.00s Real=0.07s
[901.913s][info][gc,start       ] GC(2359) Pause Young (Allocation Failure)
[901.987s][info][gc,heap        ] GC(2359) PSYoungGen: 584832K->76832K(606208K)
[901.987s][info][gc,heap        ] GC(2359) PSOldGen: 1036913K->1088665K(1398272K)
[901.987s][info][gc,metaspace   ] GC(2359) Metaspace: 32485K(33584K)->32485K(33584K) NonClass: 28706K(29360K)->28706K(29360K) Class: 3779K(4224K)->3779K(4224K)
[901.987s][info][gc             ] GC(2359) Pause Young (Allocation Failure) 1583M->1138M(1957M) 74.090ms
[901.987s][info][gc,cpu         ] GC(2359) User=0.47s Sys=0.00s Real=0.07s
[902.621s][info][gc,start       ] GC(2360) Pause Young (Allocation Failure)
[902.677s][info][gc,heap        ] GC(2360) PSYoungGen: 591904K->54912K(606720K)
[902.677s][info][gc,heap        ] GC(2360) PSOldGen: 1088665K->1120673K(1398272K)
[902.677s][info][gc,metaspace   ] GC(2360) Metaspace: 32485K(33584K)->32485K(33584K) NonClass: 28706K(29360K)->28706K(29360K) Class: 3779K(4224K)->3779K(4224K)
[902.677s][info][gc             ] GC(2360) Pause Young (Allocation Failure) 1641M->1148M(1958M) 55.746ms
[902.677s][info][gc,cpu         ] GC(2360) User=0.28s Sys=0.00s Real=0.06s
[902.829s][info][gc,start       ] GC(2361) Pause Young (Allocation Failure)
[902.895s][info][gc,heap        ] GC(2361) PSYoungGen: 568960K->76288K(590848K)
[902.896s][info][gc,heap        ] GC(2361) PSOldGen: 1120673K->1162410K(1398272K)
[902.896s][info][gc,metaspace   ] GC(2361) Metaspace: 32485K(33584K)->32485K(33584K) NonClass: 28706K(29360K)->28706K(29360K) Class: 3779K(4224K)->3779K(4224K)
[902.896s][info][gc             ] GC(2361) Pause Young (Allocation Failure) 1650M->1209M(1942M) 66.734ms
[902.896s][info][gc,cpu         ] GC(2361) User=0.38s Sys=0.00s Real=0.07s
[903.040s][info][gc,start       ] GC(2362) Pause Young (Allocation Failure)
[903.109s][info][gc,heap        ] GC(2362) PSYoungGen: 590336K->71200K(606720K)
[903.109s][info][gc,heap        ] GC(2362) PSOldGen: 1162410K->1219826K(1398272K)
[903.109s][info][gc,metaspace   ] GC(2362) Metaspace: 32485K(33584K)->32485K(33584K) NonClass: 28706K(29360K)->28706K(29360K) Class: 3779K(4224K)->3779K(4224K)
[903.109s][info][gc             ] GC(2362) Pause Young (Allocation Failure) 1711M->1260M(1958M) 69.036ms
[903.109s][info][gc,cpu         ] GC(2362) User=0.36s Sys=0.02s Real=0.07s
[903.514s][info][gc,start       ] GC(2363) Pause Young (System.gc())
[903.559s][info][gc,heap        ] GC(2363) PSYoungGen: 299459K->19360K(532480K)
[903.559s][info][gc,heap        ] GC(2363) PSOldGen: 1219826K->1252050K(1398272K)
[903.559s][info][gc,metaspace   ] GC(2363) Metaspace: 32485K(33584K)->32485K(33584K) NonClass: 28706K(29360K)->28706K(29360K) Class: 3779K(4224K)->3779K(4224K)
[903.559s][info][gc             ] GC(2363) Pause Young (System.gc()) 1483M->1241M(1885M) 44.913ms
[903.559s][info][gc,cpu         ] GC(2363) User=0.27s Sys=0.00s Real=0.05s
[903.559s][info][gc,start       ] GC(2364) Pause Full (System.gc())
[903.560s][info][gc,phases,start] GC(2364) Phase 1: Mark live objects
[903.674s][info][gc,phases      ] GC(2364) Phase 1: Mark live objects 114.690ms
[903.674s][info][gc,phases,start] GC(2364) Phase 2: Compute new object addresses
[903.851s][info][gc,phases      ] GC(2364) Phase 2: Compute new object addresses 177.106ms
[903.851s][info][gc,phases,start] GC(2364) Phase 3: Adjust pointers
[903.937s][info][gc,phases      ] GC(2364) Phase 3: Adjust pointers 85.473ms
[903.937s][info][gc,phases,start] GC(2364) Phase 4: Move objects
[903.961s][info][gc,phases      ] GC(2364) Phase 4: Move objects 24.046ms
[903.961s][info][gc,heap        ] GC(2364) PSYoungGen: 19360K->0K(532480K)
[903.961s][info][gc,heap        ] GC(2364) PSOldGen: 1252050K->104486K(1398272K)
[903.961s][info][gc,metaspace   ] GC(2364) Metaspace: 32485K(33584K)->32485K(33584K) NonClass: 28706K(29360K)->28706K(29360K) Class: 3779K(4224K)->3779K(4224K)
[903.961s][info][gc             ] GC(2364) Pause Full (System.gc()) 1241M->102M(1885M) 402.090ms
[903.961s][info][gc,cpu         ] GC(2364) User=0.38s Sys=0.00s Real=0.39s
[904.102s][info][gc,start       ] GC(2365) Pause Young (Allocation Failure)
[904.142s][info][gc,heap        ] GC(2365) PSYoungGen: 513024K->65952K(603136K)
[904.142s][info][gc,heap        ] GC(2365) PSOldGen: 104486K->104486K(1398272K)
[904.142s][info][gc,metaspace   ] GC(2365) Metaspace: 32485K(33584K)->32485K(33584K) NonClass: 28706K(29360K)->28706K(29360K) Class: 3779K(4224K)->3779K(4224K)
[904.142s][info][gc             ] GC(2365) Pause Young (Allocation Failure) 603M->166M(1954M) 39.291ms
[904.142s][info][gc,cpu         ] GC(2365) User=0.19s Sys=0.00s Real=0.04s
[904.276s][info][gc,start       ] GC(2366) Pause Young (Allocation Failure)
[904.351s][info][gc,heap        ] GC(2366) PSYoungGen: 570784K->71968K(600576K)
[904.351s][info][gc,heap        ] GC(2366) PSOldGen: 104486K->157374K(1398272K)
[904.351s][info][gc,metaspace   ] GC(2366) Metaspace: 32485K(33584K)->32485K(33584K) NonClass: 28706K(29360K)->28706K(29360K) Class: 3779K(4224K)->3779K(4224K)
[904.351s][info][gc             ] GC(2366) Pause Young (Allocation Failure) 659M->223M(1952M) 74.911ms
[904.351s][info][gc,cpu         ] GC(2366) User=0.38s Sys=0.00s Real=0.07s
[905.016s][info][gc,start       ] GC(2367) Pause Young (Allocation Failure)
[905.066s][info][gc,heap        ] GC(2367) PSYoungGen: 576800K->42848K(602112K)
[905.066s][info][gc,heap        ] GC(2367) PSOldGen: 157374K->188390K(1398272K)
[905.066s][info][gc,metaspace   ] GC(2367) Metaspace: 32485K(33584K)->32485K(33584K) NonClass: 28706K(29360K)->28706K(29360K) Class: 3779K(4224K)->3779K(4224K)
[905.066s][info][gc             ] GC(2367) Pause Young (Allocation Failure) 716M->225M(1953M) 49.443ms
[905.066s][info][gc,cpu         ] GC(2367) User=0.28s Sys=0.00s Real=0.05s
[905.215s][info][gc,start       ] GC(2368) Pause Young (Allocation Failure)
[905.284s][info][gc,heap        ] GC(2368) PSYoungGen: 549216K->70656K(602624K)
[905.284s][info][gc,heap        ] GC(2368) PSOldGen: 188390K->226234K(1398272K)
[905.284s][info][gc,metaspace   ] GC(2368) Metaspace: 32485K(33584K)->32485K(33584K) NonClass: 28706K(29360K)->28706K(29360K) Class: 3779K(4224K)->3779K(4224K)
[905.284s][info][gc             ] GC(2368) Pause Young (Allocation Failure) 720M->289M(1954M) 69.259ms
[905.284s][info][gc,cpu         ] GC(2368) User=0.30s Sys=0.00s Real=0.07s
[905.437s][info][gc,start       ] GC(2369) Pause Young (Allocation Failure)
[905.510s][info][gc,heap        ] GC(2369) PSYoungGen: 577024K->78560K(597504K)
[905.510s][info][gc,heap        ] GC(2369) PSOldGen: 226234K->280074K(1398272K)
[905.510s][info][gc,metaspace   ] GC(2369) Metaspace: 32485K(33584K)->32485K(33584K) NonClass: 28706K(29360K)->28706K(29360K) Class: 3779K(4224K)->3779K(4224K)
[905.510s][info][gc             ] GC(2369) Pause Young (Allocation Failure) 784M->350M(1949M) 73.230ms
[905.510s][info][gc,cpu         ] GC(2369) User=0.44s Sys=0.00s Real=0.07s
[906.144s][info][gc,start       ] GC(2370) Pause Young (Allocation Failure)
[906.198s][info][gc,heap        ] GC(2370) PSYoungGen: 579808K->54688K(600064K)
[906.198s][info][gc,heap        ] GC(2370) PSOldGen: 280074K->312226K(1398272K)
[906.198s][info][gc,metaspace   ] GC(2370) Metaspace: 32485K(33584K)->32485K(33584K) NonClass: 28706K(29360K)->28706K(29360K) Class: 3779K(4224K)->3779K(4224K)
[906.198s][info][gc             ] GC(2370) Pause Young (Allocation Failure) 839M->358M(1951M) 54.410ms
[906.198s][info][gc,cpu         ] GC(2370) User=0.38s Sys=0.00s Real=0.06s
[906.337s][info][gc,start       ] GC(2371) Pause Young (Allocation Failure)
[906.402s][info][gc,heap        ] GC(2371) PSYoungGen: 555936K->72480K(602112K)
[906.402s][info][gc,heap        ] GC(2371) PSOldGen: 312226K->354091K(1398272K)
[906.402s][info][gc,metaspace   ] GC(2371) Metaspace: 32485K(33584K)->32485K(33584K) NonClass: 28706K(29360K)->28706K(29360K) Class: 3779K(4224K)->3779K(4224K)
[906.402s][info][gc             ] GC(2371) Pause Young (Allocation Failure) 847M->416M(1953M) 64.848ms
[906.402s][info][gc,cpu         ] GC(2371) User=0.38s Sys=0.00s Real=0.07s
[906.535s][info][gc,start       ] GC(2372) Pause Young (Allocation Failure)
[906.606s][info][gc,heap        ] GC(2372) PSYoungGen: 577824K->69120K(602112K)
[906.606s][info][gc,heap        ] GC(2372) PSOldGen: 354091K->413147K(1398272K)
[906.606s][info][gc,metaspace   ] GC(2372) Metaspace: 32485K(33584K)->32485K(33584K) NonClass: 28706K(29360K)->28706K(29360K) Class: 3779K(4224K)->3779K(4224K)
[906.606s][info][gc             ] GC(2372) Pause Young (Allocation Failure) 910M->470M(1953M) 70.928ms
[906.606s][info][gc,cpu         ] GC(2372) User=0.47s Sys=0.00s Real=0.07s
[907.287s][info][gc,start       ] GC(2373) Pause Young (Allocation Failure)
[907.344s][info][gc,heap        ] GC(2373) PSYoungGen: 574464K->56064K(605184K)
[907.344s][info][gc,heap        ] GC(2373) PSOldGen: 413147K->443099K(1398272K)
[907.344s][info][gc,metaspace   ] GC(2373) Metaspace: 32485K(33584K)->32485K(33584K) NonClass: 28706K(29360K)->28706K(29360K) Class: 3779K(4224K)->3779K(4224K)
[907.344s][info][gc             ] GC(2373) Pause Young (Allocation Failure) 964M->487M(1956M) 56.364ms
[907.344s][info][gc,cpu         ] GC(2373) User=0.38s Sys=0.00s Real=0.06s
[907.495s][info][gc,start       ] GC(2374) Pause Young (Allocation Failure)
[907.559s][info][gc,heap        ] GC(2374) PSYoungGen: 565504K->77504K(603136K)
[907.559s][info][gc,heap        ] GC(2374) PSOldGen: 443099K->484783K(1398272K)
[907.559s][info][gc,metaspace   ] GC(2374) Metaspace: 32485K(33584K)->32485K(33584K) NonClass: 28706K(29360K)->28706K(29360K) Class: 3779K(4224K)->3779K(4224K)
[907.559s][info][gc             ] GC(2374) Pause Young (Allocation Failure) 984M->549M(1954M) 64.350ms
[907.559s][info][gc,cpu         ] GC(2374) User=0.38s Sys=0.00s Real=0.06s
[907.751s][info][gc,start       ] GC(2375) Pause Young (Allocation Failure)
[907.821s][info][gc,heap        ] GC(2375) PSYoungGen: 586944K->66656K(605184K)
[907.821s][info][gc,heap        ] GC(2375) PSOldGen: 484783K->526399K(1398272K)
[907.821s][info][gc,metaspace   ] GC(2375) Metaspace: 32485K(33584K)->32485K(33584K) NonClass: 28706K(29360K)->28706K(29360K) Class: 3779K(4224K)->3779K(4224K)
[907.821s][info][gc             ] GC(2375) Pause Young (Allocation Failure) 1046M->579M(1956M) 70.306ms
[907.821s][info][gc,cpu         ] GC(2375) User=0.45s Sys=0.00s Real=0.07s
[908.316s][info][gc,start       ] GC(2376) Pause Young (Allocation Failure)
[908.376s][info][gc,heap        ] GC(2376) PSYoungGen: 576096K->64864K(603136K)
[908.376s][info][gc,heap        ] GC(2376) PSOldGen: 526399K->559543K(1398272K)
[908.376s][info][gc,metaspace   ] GC(2376) Metaspace: 32485K(33584K)->32485K(33584K) NonClass: 28706K(29360K)->28706K(29360K) Class: 3779K(4224K)->3779K(4224K)
[908.376s][info][gc             ] GC(2376) Pause Young (Allocation Failure) 1076M->609M(1954M) 60.598ms
[908.376s][info][gc,cpu         ] GC(2376) User=0.34s Sys=0.00s Real=0.06s
[908.511s][info][gc,start       ] GC(2377) Pause Young (Allocation Failure)
[908.577s][info][gc,heap        ] GC(2377) PSYoungGen: 574304K->72416K(608256K)
[908.577s][info][gc,heap        ] GC(2377) PSOldGen: 559543K->611072K(1398272K)
[908.577s][info][gc,metaspace   ] GC(2377) Metaspace: 32485K(33584K)->32485K(33584K) NonClass: 28706K(29360K)->28706K(29360K) Class: 3779K(4224K)->3779K(4224K)
[908.577s][info][gc             ] GC(2377) Pause Young (Allocation Failure) 1107M->667M(1959M) 66.719ms
[908.577s][info][gc,cpu         ] GC(2377) User=0.38s Sys=0.00s Real=0.07s
[908.983s][info][gc,start       ] GC(2378) Pause Young (Allocation Failure)
[909.043s][info][gc,heap        ] GC(2378) PSYoungGen: 590048K->52704K(608256K)
[909.043s][info][gc,heap        ] GC(2378) PSOldGen: 611072K->650488K(1398272K)
[909.043s][info][gc,metaspace   ] GC(2378) Metaspace: 32485K(33584K)->32485K(33584K) NonClass: 28706K(29360K)->28706K(29360K) Class: 3779K(4224K)->3779K(4224K)
[909.043s][info][gc             ] GC(2378) Pause Young (Allocation Failure) 1172M->686M(1959M) 60.536ms
[909.043s][info][gc,cpu         ] GC(2378) User=0.38s Sys=0.00s Real=0.07s
[909.568s][info][gc,start       ] GC(2379) Pause Young (Allocation Failure)
[909.631s][info][gc,heap        ] GC(2379) PSYoungGen: 570336K->80352K(602112K)
[909.632s][info][gc,heap        ] GC(2379) PSOldGen: 650488K->679800K(1398272K)
[909.632s][info][gc,metaspace   ] GC(2379) Metaspace: 32485K(33584K)->32485K(33584K) NonClass: 28706K(29360K)->28706K(29360K) Class: 3779K(4224K)->3779K(4224K)
[909.632s][info][gc             ] GC(2379) Pause Young (Allocation Failure) 1192M->742M(1953M) 63.330ms
[909.632s][info][gc,cpu         ] GC(2379) User=0.36s Sys=0.00s Real=0.08s
[909.767s][info][gc,start       ] GC(2380) Pause Young (Allocation Failure)
[909.841s][info][gc,heap        ] GC(2380) PSYoungGen: 591840K->70240K(605184K)
[909.841s][info][gc,heap        ] GC(2380) PSOldGen: 679800K->747264K(1398272K)
[909.841s][info][gc,metaspace   ] GC(2380) Metaspace: 32485K(33584K)->32485K(33584K) NonClass: 28706K(29360K)->28706K(29360K) Class: 3779K(4224K)->3779K(4224K)
[909.841s][info][gc             ] GC(2380) Pause Young (Allocation Failure) 1241M->798M(1956M) 74.466ms
[909.841s][info][gc,cpu         ] GC(2380) User=0.47s Sys=0.00s Real=0.07s
[910.582s][info][gc,start       ] GC(2381) Pause Young (Allocation Failure)
[910.638s][info][gc,heap        ] GC(2381) PSYoungGen: 581728K->47200K(605184K)
[910.638s][info][gc,heap        ] GC(2381) PSOldGen: 747264K->777600K(1398272K)
[910.638s][info][gc,metaspace   ] GC(2381) Metaspace: 32485K(33584K)->32485K(33584K) NonClass: 28706K(29360K)->28706K(29360K) Class: 3779K(4224K)->3779K(4224K)
[910.638s][info][gc             ] GC(2381) Pause Young (Allocation Failure) 1297M->805M(1956M) 56.000ms
[910.638s][info][gc,cpu         ] GC(2381) User=0.38s Sys=0.00s Real=0.06s
[910.773s][info][gc,start       ] GC(2382) Pause Young (Allocation Failure)
[910.839s][info][gc,heap        ] GC(2382) PSYoungGen: 559712K->67744K(605696K)
[910.839s][info][gc,heap        ] GC(2382) PSOldGen: 777600K->818245K(1398272K)
[910.839s][info][gc,metaspace   ] GC(2382) Metaspace: 32485K(33584K)->32485K(33584K) NonClass: 28706K(29360K)->28706K(29360K) Class: 3779K(4224K)->3779K(4224K)
[910.839s][info][gc             ] GC(2382) Pause Young (Allocation Failure) 1305M->865M(1957M) 66.429ms
[910.839s][info][gc,cpu         ] GC(2382) User=0.47s Sys=0.00s Real=0.07s
[910.967s][info][gc,start       ] GC(2383) Pause Young (Allocation Failure)
[911.033s][info][gc,heap        ] GC(2383) PSYoungGen: 580256K->65760K(609792K)
[911.033s][info][gc,heap        ] GC(2383) PSOldGen: 818245K->875173K(1398272K)
[911.033s][info][gc,metaspace   ] GC(2383) Metaspace: 32485K(33584K)->32485K(33584K) NonClass: 28706K(29360K)->28706K(29360K) Class: 3779K(4224K)->3779K(4224K)
[911.033s][info][gc             ] GC(2383) Pause Young (Allocation Failure) 1365M->918M(1961M) 66.267ms
[911.033s][info][gc,cpu         ] GC(2383) User=0.36s Sys=0.00s Real=0.07s
[911.764s][info][gc,start       ] GC(2384) Pause Young (Allocation Failure)
[911.818s][info][gc,heap        ] GC(2384) PSYoungGen: 583904K->53376K(607232K)
[911.818s][info][gc,heap        ] GC(2384) PSOldGen: 875173K->904749K(1398272K)
[911.818s][info][gc,metaspace   ] GC(2384) Metaspace: 32485K(33584K)->32485K(33584K) NonClass: 28706K(29360K)->28706K(29360K) Class: 3779K(4224K)->3779K(4224K)
[911.818s][info][gc             ] GC(2384) Pause Young (Allocation Failure) 1424M->935M(1958M) 53.939ms
[911.818s][info][gc,cpu         ] GC(2384) User=0.28s Sys=0.00s Real=0.06s
[911.971s][info][gc,start       ] GC(2385) Pause Young (Allocation Failure)
[912.038s][info][gc,heap        ] GC(2385) PSYoungGen: 571520K->78688K(604672K)
[912.038s][info][gc,heap        ] GC(2385) PSOldGen: 904749K->946549K(1398272K)
[912.038s][info][gc,metaspace   ] GC(2385) Metaspace: 32485K(33584K)->32485K(33584K) NonClass: 28706K(29360K)->28706K(29360K) Class: 3779K(4224K)->3779K(4224K)
[912.038s][info][gc             ] GC(2385) Pause Young (Allocation Failure) 1441M->1001M(1956M) 66.784ms
[912.038s][info][gc,cpu         ] GC(2385) User=0.38s Sys=0.00s Real=0.07s
[912.171s][info][gc,start       ] GC(2386) Pause Young (Allocation Failure)
[912.243s][info][gc,heap        ] GC(2386) PSYoungGen: 594272K->66080K(607232K)
[912.243s][info][gc,heap        ] GC(2386) PSOldGen: 946549K->1009597K(1398272K)
[912.243s][info][gc,metaspace   ] GC(2386) Metaspace: 32485K(33584K)->32485K(33584K) NonClass: 28706K(29360K)->28706K(29360K) Class: 3779K(4224K)->3779K(4224K)
[912.243s][info][gc             ] GC(2386) Pause Young (Allocation Failure) 1504M->1050M(1958M) 71.322ms
[912.243s][info][gc,cpu         ] GC(2386) User=0.45s Sys=0.02s Real=0.07s
[912.886s][info][gc,start       ] GC(2387) Pause Young (Allocation Failure)
[912.946s][info][gc,heap        ] GC(2387) PSYoungGen: 581664K->63328K(611328K)
[912.946s][info][gc,heap        ] GC(2387) PSOldGen: 1009597K->1039493K(1398272K)
[912.946s][info][gc,metaspace   ] GC(2387) Metaspace: 32485K(33584K)->32485K(33584K) NonClass: 28706K(29360K)->28706K(29360K) Class: 3779K(4224K)->3779K(4224K)
[912.946s][info][gc             ] GC(2387) Pause Young (Allocation Failure) 1553M->1076M(1962M) 59.931ms
[912.946s][info][gc,cpu         ] GC(2387) User=0.34s Sys=0.03s Real=0.07s
[913.101s][info][gc,start       ] GC(2388) Pause Young (Allocation Failure)
[913.170s][info][gc,heap        ] GC(2388) PSYoungGen: 585056K->81504K(603648K)
[913.170s][info][gc,heap        ] GC(2388) PSOldGen: 1039493K->1084345K(1398272K)
[913.170s][info][gc,metaspace   ] GC(2388) Metaspace: 32485K(33584K)->32485K(33584K) NonClass: 28706K(29360K)->28706K(29360K) Class: 3779K(4224K)->3779K(4224K)
[913.170s][info][gc             ] GC(2388) Pause Young (Allocation Failure) 1586M->1138M(1955M) 68.901ms
[913.170s][info][gc,cpu         ] GC(2388) User=0.47s Sys=0.00s Real=0.07s
[913.533s][info][gc,start       ] GC(2389) Pause Young (Allocation Failure)
[913.596s][info][gc,heap        ] GC(2389) PSYoungGen: 603232K->56544K(608256K)
[913.596s][info][gc,heap        ] GC(2389) PSOldGen: 1084345K->1120313K(1398272K)
[913.596s][info][gc,metaspace   ] GC(2389) Metaspace: 32485K(33584K)->32485K(33584K) NonClass: 28706K(29360K)->28706K(29360K) Class: 3779K(4224K)->3779K(4224K)
[913.596s][info][gc             ] GC(2389) Pause Young (Allocation Failure) 1648M->1149M(1959M) 63.665ms
[913.596s][info][gc,cpu         ] GC(2389) User=0.38s Sys=0.00s Real=0.07s
[914.066s][info][gc,start       ] GC(2390) Pause Young (Allocation Failure)
[914.131s][info][gc,heap        ] GC(2390) PSYoungGen: 573664K->79392K(596992K)
[914.131s][info][gc,heap        ] GC(2390) PSOldGen: 1120313K->1152465K(1398272K)
[914.131s][info][gc,metaspace   ] GC(2390) Metaspace: 32485K(33584K)->32485K(33584K) NonClass: 28706K(29360K)->28706K(29360K) Class: 3779K(4224K)->3779K(4224K)
[914.131s][info][gc             ] GC(2390) Pause Young (Allocation Failure) 1654M->1202M(1948M) 64.247ms
[914.131s][info][gc,cpu         ] GC(2390) User=0.38s Sys=0.00s Real=0.07s
[914.274s][info][gc,start       ] GC(2391) Pause Young (Allocation Failure)
[914.359s][info][gc,heap        ] GC(2391) PSYoungGen: 596512K->78400K(602624K)
[914.359s][info][gc,heap        ] GC(2391) PSOldGen: 1152465K->1215182K(1398272K)
[914.359s][info][gc,metaspace   ] GC(2391) Metaspace: 32485K(33584K)->32485K(33584K) NonClass: 28706K(29360K)->28706K(29360K) Class: 3779K(4224K)->3779K(4224K)
[914.359s][info][gc             ] GC(2391) Pause Young (Allocation Failure) 1707M->1263M(1954M) 85.403ms
[914.359s][info][gc,cpu         ] GC(2391) User=0.44s Sys=0.02s Real=0.09s
[915.104s][info][gc,start       ] GC(2392) Pause Young (System.gc())
[915.152s][info][gc,heap        ] GC(2392) PSYoungGen: 440678K->29312K(539136K)
[915.152s][info][gc,heap        ] GC(2392) PSOldGen: 1215182K->1248094K(1398272K)
[915.152s][info][gc,metaspace   ] GC(2392) Metaspace: 32485K(33584K)->32485K(33584K) NonClass: 28706K(29360K)->28706K(29360K) Class: 3779K(4224K)->3779K(4224K)
[915.152s][info][gc             ] GC(2392) Pause Young (System.gc()) 1617M->1247M(1892M) 48.212ms
[915.152s][info][gc,cpu         ] GC(2392) User=0.28s Sys=0.00s Real=0.05s
[915.153s][info][gc,start       ] GC(2393) Pause Full (System.gc())
[915.153s][info][gc,phases,start] GC(2393) Phase 1: Mark live objects
[915.269s][info][gc,phases      ] GC(2393) Phase 1: Mark live objects 116.460ms
[915.269s][info][gc,phases,start] GC(2393) Phase 2: Compute new object addresses
[915.448s][info][gc,phases      ] GC(2393) Phase 2: Compute new object addresses 179.095ms
[915.448s][info][gc,phases,start] GC(2393) Phase 3: Adjust pointers
[915.531s][info][gc,phases      ] GC(2393) Phase 3: Adjust pointers 82.703ms
[915.531s][info][gc,phases,start] GC(2393) Phase 4: Move objects
[915.554s][info][gc,phases      ] GC(2393) Phase 4: Move objects 22.639ms
[915.554s][info][gc,heap        ] GC(2393) PSYoungGen: 29312K->0K(539136K)
[915.554s][info][gc,heap        ] GC(2393) PSOldGen: 1248094K->104292K(1398272K)
[915.554s][info][gc,metaspace   ] GC(2393) Metaspace: 32485K(33584K)->32485K(33584K) NonClass: 28706K(29360K)->28706K(29360K) Class: 3779K(4224K)->3779K(4224K)
[915.554s][info][gc             ] GC(2393) Pause Full (System.gc()) 1247M->101M(1892M) 401.682ms
[915.554s][info][gc,cpu         ] GC(2393) User=0.39s Sys=0.00s Real=0.39s
[915.786s][info][gc,start       ] GC(2394) Pause Young (Allocation Failure)
[915.833s][info][gc,heap        ] GC(2394) PSYoungGen: 509440K->78976K(595968K)
[915.833s][info][gc,heap        ] GC(2394) PSOldGen: 104292K->104292K(1398272K)
[915.833s][info][gc,metaspace   ] GC(2394) Metaspace: 32485K(33584K)->32485K(33584K) NonClass: 28706K(29360K)->28706K(29360K) Class: 3779K(4224K)->3779K(4224K)
[915.833s][info][gc             ] GC(2394) Pause Young (Allocation Failure) 599M->178M(1947M) 47.019ms
[915.833s][info][gc,cpu         ] GC(2394) User=0.28s Sys=0.00s Real=0.05s
[915.966s][info][gc,start       ] GC(2395) Pause Young (Allocation Failure)
[916.038s][info][gc,heap        ] GC(2395) PSYoungGen: 576128K->70400K(598016K)
[916.038s][info][gc,heap        ] GC(2395) PSOldGen: 104292K->168817K(1398272K)
[916.038s][info][gc,metaspace   ] GC(2395) Metaspace: 32485K(33584K)->32485K(33584K) NonClass: 28706K(29360K)->28706K(29360K) Class: 3779K(4224K)->3779K(4224K)
[916.038s][info][gc             ] GC(2395) Pause Young (Allocation Failure) 664M->233M(1949M) 71.453ms
[916.038s][info][gc,cpu         ] GC(2395) User=0.38s Sys=0.00s Real=0.07s
[916.774s][info][gc,start       ] GC(2396) Pause Young (Allocation Failure)
[916.833s][info][gc,heap        ] GC(2396) PSYoungGen: 567552K->54816K(601088K)
[916.833s][info][gc,heap        ] GC(2396) PSOldGen: 168817K->198889K(1398272K)
[916.833s][info][gc,metaspace   ] GC(2396) Metaspace: 32485K(33584K)->32485K(33584K) NonClass: 28706K(29360K)->28706K(29360K) Class: 3779K(4224K)->3779K(4224K)
[916.833s][info][gc             ] GC(2396) Pause Young (Allocation Failure) 719M->247M(1952M) 58.661ms
[916.833s][info][gc,cpu         ] GC(2396) User=0.28s Sys=0.00s Real=0.06s
[916.976s][info][gc,start       ] GC(2397) Pause Young (Allocation Failure)
[917.045s][info][gc,heap        ] GC(2397) PSYoungGen: 557088K->73504K(600064K)
[917.046s][info][gc,heap        ] GC(2397) PSOldGen: 198889K->241497K(1398272K)
[917.046s][info][gc,metaspace   ] GC(2397) Metaspace: 32485K(33584K)->32485K(33584K) NonClass: 28706K(29360K)->28706K(29360K) Class: 3779K(4224K)->3779K(4224K)
[917.046s][info][gc             ] GC(2397) Pause Young (Allocation Failure) 738M->307M(1951M) 69.963ms
[917.046s][info][gc,cpu         ] GC(2397) User=0.45s Sys=0.00s Real=0.07s
[917.173s][info][gc,start       ] GC(2398) Pause Young (Allocation Failure)
[917.255s][info][gc,heap        ] GC(2398) PSYoungGen: 575776K->64448K(604160K)
[917.255s][info][gc,heap        ] GC(2398) PSOldGen: 241497K->304601K(1398272K)
[917.255s][info][gc,metaspace   ] GC(2398) Metaspace: 32485K(33584K)->32485K(33584K) NonClass: 28706K(29360K)->28706K(29360K) Class: 3779K(4224K)->3779K(4224K)
[917.255s][info][gc             ] GC(2398) Pause Young (Allocation Failure) 798M->360M(1955M) 81.729ms
[917.255s][info][gc,cpu         ] GC(2398) User=0.47s Sys=0.00s Real=0.08s
[917.884s][info][gc,start       ] GC(2399) Pause Young (Allocation Failure)
[917.941s][info][gc,heap        ] GC(2399) PSYoungGen: 570816K->61984K(601088K)
[917.941s][info][gc,heap        ] GC(2399) PSOldGen: 304601K->333641K(1398272K)
[917.941s][info][gc,metaspace   ] GC(2399) Metaspace: 32485K(33584K)->32485K(33584K) NonClass: 28706K(29360K)->28706K(29360K) Class: 3779K(4224K)->3779K(4224K)
[917.942s][info][gc             ] GC(2399) Pause Young (Allocation Failure) 854M->386M(1952M) 57.325ms
[917.942s][info][gc,cpu         ] GC(2399) User=0.28s Sys=0.00s Real=0.07s
[918.091s][info][gc,start       ] GC(2400) Pause Young (Allocation Failure)
[918.164s][info][gc,heap        ] GC(2400) PSYoungGen: 568352K->77888K(603136K)
[918.164s][info][gc,heap        ] GC(2400) PSOldGen: 333641K->379354K(1398272K)
[918.164s][info][gc,metaspace   ] GC(2400) Metaspace: 32485K(33584K)->32485K(33584K) NonClass: 28706K(29360K)->28706K(29360K) Class: 3779K(4224K)->3779K(4224K)
[918.164s][info][gc             ] GC(2400) Pause Young (Allocation Failure) 880M->446M(1954M) 72.506ms
[918.164s][info][gc,cpu         ] GC(2400) User=0.38s Sys=0.00s Real=0.07s
[918.493s][info][gc,start       ] GC(2401) Pause Young (Allocation Failure)
[918.562s][info][gc,heap        ] GC(2401) PSYoungGen: 588352K->61088K(604672K)
[918.562s][info][gc,heap        ] GC(2401) PSOldGen: 379354K->418450K(1398272K)
[918.562s][info][gc,metaspace   ] GC(2401) Metaspace: 32485K(33584K)->32485K(33584K) NonClass: 28706K(29360K)->28706K(29360K) Class: 3779K(4224K)->3779K(4224K)
[918.562s][info][gc             ] GC(2401) Pause Young (Allocation Failure) 945M->468M(1956M) 68.950ms
[918.562s][info][gc,cpu         ] GC(2401) User=0.38s Sys=0.00s Real=0.07s
[919.083s][info][gc,start       ] GC(2402) Pause Young (Allocation Failure)
[919.147s][info][gc,heap        ] GC(2402) PSYoungGen: 571552K->76224K(604160K)
[919.147s][info][gc,heap        ] GC(2402) PSOldGen: 418450K->451010K(1398272K)
[919.147s][info][gc,metaspace   ] GC(2402) Metaspace: 32485K(33584K)->32485K(33584K) NonClass: 28706K(29360K)->28706K(29360K) Class: 3779K(4224K)->3779K(4224K)
[919.147s][info][gc             ] GC(2402) Pause Young (Allocation Failure) 966M->514M(1955M) 64.218ms
[919.147s][info][gc,cpu         ] GC(2402) User=0.34s Sys=0.00s Real=0.08s
[919.285s][info][gc,start       ] GC(2403) Pause Young (Allocation Failure)
[919.360s][info][gc,heap        ] GC(2403) PSYoungGen: 587712K->73184K(605184K)
[919.360s][info][gc,heap        ] GC(2403) PSOldGen: 451010K->514298K(1398272K)
[919.360s][info][gc,metaspace   ] GC(2403) Metaspace: 32485K(33584K)->32485K(33584K) NonClass: 28706K(29360K)->28706K(29360K) Class: 3779K(4224K)->3779K(4224K)
[919.360s][info][gc             ] GC(2403) Pause Young (Allocation Failure) 1014M->573M(1956M) 74.462ms
[919.360s][info][gc,cpu         ] GC(2403) User=0.45s Sys=0.00s Real=0.08s
[920.114s][info][gc,start       ] GC(2404) Pause Young (Allocation Failure)
[920.167s][info][gc,heap        ] GC(2404) PSYoungGen: 584672K->43680K(602624K)
[920.167s][info][gc,heap        ] GC(2404) PSOldGen: 514298K->545938K(1398272K)
[920.167s][info][gc,metaspace   ] GC(2404) Metaspace: 32487K(33584K)->32487K(33584K) NonClass: 28708K(29360K)->28708K(29360K) Class: 3779K(4224K)->3779K(4224K)
[920.167s][info][gc             ] GC(2404) Pause Young (Allocation Failure) 1073M->575M(1954M) 52.711ms
[920.167s][info][gc,cpu         ] GC(2404) User=0.36s Sys=0.00s Real=0.05s
[920.298s][info][gc,start       ] GC(2405) Pause Young (Allocation Failure)
[920.358s][info][gc,heap        ] GC(2405) PSYoungGen: 553120K->65536K(604160K)
[920.358s][info][gc,heap        ] GC(2405) PSOldGen: 545938K->584883K(1398272K)
[920.358s][info][gc,metaspace   ] GC(2405) Metaspace: 32487K(33584K)->32487K(33584K) NonClass: 28708K(29360K)->28708K(29360K) Class: 3779K(4224K)->3779K(4224K)
[920.358s][info][gc             ] GC(2405) Pause Young (Allocation Failure) 1073M->635M(1955M) 59.753ms
[920.358s][info][gc,cpu         ] GC(2405) User=0.36s Sys=0.02s Real=0.06s
[920.488s][info][gc,start       ] GC(2406) Pause Young (Allocation Failure)
[920.558s][info][gc,heap        ] GC(2406) PSYoungGen: 574976K->68704K(608256K)
[920.558s][info][gc,heap        ] GC(2406) PSOldGen: 584883K->638931K(1398272K)
[920.558s][info][gc,metaspace   ] GC(2406) Metaspace: 32487K(33584K)->32487K(33584K) NonClass: 28708K(29360K)->28708K(29360K) Class: 3779K(4224K)->3779K(4224K)
[920.558s][info][gc             ] GC(2406) Pause Young (Allocation Failure) 1132M->691M(1959M) 70.371ms
[920.558s][info][gc,cpu         ] GC(2406) User=0.47s Sys=0.00s Real=0.07s
[921.280s][info][gc,start       ] GC(2407) Pause Young (Allocation Failure)
[921.330s][info][gc,heap        ] GC(2407) PSYoungGen: 584800K->44576K(606720K)
[921.330s][info][gc,heap        ] GC(2407) PSOldGen: 638931K->669059K(1398272K)
[921.330s][info][gc,metaspace   ] GC(2407) Metaspace: 32487K(33584K)->32487K(33584K) NonClass: 28708K(29360K)->28708K(29360K) Class: 3779K(4224K)->3779K(4224K)
[921.331s][info][gc             ] GC(2407) Pause Young (Allocation Failure) 1195M->696M(1958M) 50.786ms
[921.331s][info][gc,cpu         ] GC(2407) User=0.28s Sys=0.00s Real=0.05s
[921.483s][info][gc,start       ] GC(2408) Pause Young (Allocation Failure)
[921.545s][info][gc,heap        ] GC(2408) PSYoungGen: 560672K->69632K(607744K)
[921.545s][info][gc,heap        ] GC(2408) PSOldGen: 669059K->708883K(1398272K)
[921.545s][info][gc,metaspace   ] GC(2408) Metaspace: 32487K(33584K)->32487K(33584K) NonClass: 28708K(29360K)->28708K(29360K) Class: 3779K(4224K)->3779K(4224K)
[921.545s][info][gc             ] GC(2408) Pause Young (Allocation Failure) 1200M->760M(1959M) 62.405ms
[921.546s][info][gc,cpu         ] GC(2408) User=0.38s Sys=0.00s Real=0.06s
[921.687s][info][gc,start       ] GC(2409) Pause Young (Allocation Failure)
[921.770s][info][gc,heap        ] GC(2409) PSYoungGen: 585728K->76320K(592896K)
[921.771s][info][gc,heap        ] GC(2409) PSOldGen: 708883K->760995K(1398272K)
[921.771s][info][gc,metaspace   ] GC(2409) Metaspace: 32487K(33584K)->32487K(33584K) NonClass: 28708K(29360K)->28708K(29360K) Class: 3779K(4224K)->3779K(4224K)
[921.771s][info][gc             ] GC(2409) Pause Young (Allocation Failure) 1264M->817M(1944M) 83.701ms
[921.771s][info][gc,cpu         ] GC(2409) User=0.47s Sys=0.00s Real=0.08s
[922.290s][info][gc,start       ] GC(2410) Pause Young (Allocation Failure)
[922.360s][info][gc,heap        ] GC(2410) PSYoungGen: 592416K->51968K(606208K)
[922.360s][info][gc,heap        ] GC(2410) PSOldGen: 760995K->792579K(1398272K)
[922.360s][info][gc,metaspace   ] GC(2410) Metaspace: 32487K(33584K)->32487K(33584K) NonClass: 28708K(29360K)->28708K(29360K) Class: 3779K(4224K)->3779K(4224K)
[922.360s][info][gc             ] GC(2410) Pause Young (Allocation Failure) 1321M->824M(1957M) 70.510ms
[922.360s][info][gc,cpu         ] GC(2410) User=0.36s Sys=0.00s Real=0.07s
[922.494s][info][gc,start       ] GC(2411) Pause Young (Allocation Failure)
[922.556s][info][gc,heap        ] GC(2411) PSYoungGen: 564992K->70304K(605696K)
[922.556s][info][gc,heap        ] GC(2411) PSOldGen: 792579K->833816K(1398272K)
[922.556s][info][gc,metaspace   ] GC(2411) Metaspace: 32487K(33584K)->32487K(33584K) NonClass: 28708K(29360K)->28708K(29360K) Class: 3779K(4224K)->3779K(4224K)
[922.556s][info][gc             ] GC(2411) Pause Young (Allocation Failure) 1325M->882M(1957M) 62.090ms
[922.556s][info][gc,cpu         ] GC(2411) User=0.38s Sys=0.00s Real=0.06s
[922.705s][info][gc,start       ] GC(2412) Pause Young (Allocation Failure)
[922.773s][info][gc,heap        ] GC(2412) PSYoungGen: 583328K->74880K(604672K)
[922.773s][info][gc,heap        ] GC(2412) PSOldGen: 833816K->886656K(1398272K)
[922.773s][info][gc,metaspace   ] GC(2412) Metaspace: 32487K(33584K)->32487K(33584K) NonClass: 28708K(29360K)->28708K(29360K) Class: 3779K(4224K)->3779K(4224K)
[922.773s][info][gc             ] GC(2412) Pause Young (Allocation Failure) 1383M->939M(1956M) 68.682ms
[922.773s][info][gc,cpu         ] GC(2412) User=0.34s Sys=0.02s Real=0.07s
[923.338s][info][gc,start       ] GC(2413) Pause Young (Allocation Failure)
[923.397s][info][gc,heap        ] GC(2413) PSYoungGen: 587392K->61536K(605696K)
[923.397s][info][gc,heap        ] GC(2413) PSOldGen: 886656K->919048K(1398272K)
[923.397s][info][gc,metaspace   ] GC(2413) Metaspace: 32487K(33584K)->32487K(33584K) NonClass: 28708K(29360K)->28708K(29360K) Class: 3779K(4224K)->3779K(4224K)
[923.397s][info][gc             ] GC(2413) Pause Young (Allocation Failure) 1439M->957M(1957M) 58.951ms
[923.397s][info][gc,cpu         ] GC(2413) User=0.28s Sys=0.00s Real=0.06s
[923.532s][info][gc,start       ] GC(2414) Pause Young (Allocation Failure)
[923.596s][info][gc,heap        ] GC(2414) PSYoungGen: 574048K->68672K(609280K)
[923.596s][info][gc,heap        ] GC(2414) PSOldGen: 919048K->970948K(1398272K)
[923.596s][info][gc,metaspace   ] GC(2414) Metaspace: 32487K(33584K)->32487K(33584K) NonClass: 28708K(29360K)->28708K(29360K) Class: 3779K(4224K)->3779K(4224K)
[923.596s][info][gc             ] GC(2414) Pause Young (Allocation Failure) 1458M->1015M(1960M) 64.718ms
[923.596s][info][gc,cpu         ] GC(2414) User=0.38s Sys=0.00s Real=0.06s
[923.849s][info][gc,start       ] GC(2415) Pause Young (Allocation Failure)
[923.912s][info][gc,heap        ] GC(2415) PSYoungGen: 586816K->65120K(607744K)
[923.912s][info][gc,heap        ] GC(2415) PSOldGen: 970948K->1005724K(1398272K)
[923.912s][info][gc,metaspace   ] GC(2415) Metaspace: 32487K(33584K)->32487K(33584K) NonClass: 28708K(29360K)->28708K(29360K) Class: 3779K(4224K)->3779K(4224K)
[923.912s][info][gc             ] GC(2415) Pause Young (Allocation Failure) 1521M->1045M(1959M) 63.304ms
[923.912s][info][gc,cpu         ] GC(2415) User=0.38s Sys=0.00s Real=0.07s
[924.358s][info][gc,start       ] GC(2416) Pause Young (Allocation Failure)
[924.421s][info][gc,heap        ] GC(2416) PSYoungGen: 583264K->62624K(612864K)
[924.421s][info][gc,heap        ] GC(2416) PSOldGen: 1005724K->1040500K(1398272K)
[924.421s][info][gc,metaspace   ] GC(2416) Metaspace: 32487K(33584K)->32487K(33584K) NonClass: 28708K(29360K)->28708K(29360K) Class: 3779K(4224K)->3779K(4224K)
[924.421s][info][gc             ] GC(2416) Pause Young (Allocation Failure) 1551M->1077M(1964M) 63.447ms
[924.421s][info][gc,cpu         ] GC(2416) User=0.34s Sys=0.00s Real=0.06s
[924.566s][info][gc,start       ] GC(2417) Pause Young (Allocation Failure)
[924.632s][info][gc,heap        ] GC(2417) PSYoungGen: 587936K->79072K(604672K)
[924.632s][info][gc,heap        ] GC(2417) PSOldGen: 1040500K->1085821K(1398272K)
[924.632s][info][gc,metaspace   ] GC(2417) Metaspace: 32487K(33584K)->32487K(33584K) NonClass: 28708K(29360K)->28708K(29360K) Class: 3779K(4224K)->3779K(4224K)
[924.632s][info][gc             ] GC(2417) Pause Young (Allocation Failure) 1590M->1137M(1956M) 66.609ms
[924.632s][info][gc,cpu         ] GC(2417) User=0.38s Sys=0.00s Real=0.07s
[925.134s][info][gc,start       ] GC(2418) Pause Young (Allocation Failure)
[925.190s][info][gc,heap        ] GC(2418) PSYoungGen: 604384K->48352K(608768K)
[925.190s][info][gc,heap        ] GC(2418) PSOldGen: 1085821K->1119405K(1398272K)
[925.190s][info][gc,metaspace   ] GC(2418) Metaspace: 32487K(33584K)->32487K(33584K) NonClass: 28708K(29360K)->28708K(29360K) Class: 3779K(4224K)->3779K(4224K)
[925.190s][info][gc             ] GC(2418) Pause Young (Allocation Failure) 1650M->1140M(1960M) 56.411ms
[925.190s][info][gc,cpu         ] GC(2418) User=0.28s Sys=0.00s Real=0.06s
[925.563s][info][gc,start       ] GC(2419) Pause Young (Allocation Failure)
[925.627s][info][gc,heap        ] GC(2419) PSYoungGen: 568032K->81344K(601088K)
[925.628s][info][gc,heap        ] GC(2419) PSOldGen: 1119405K->1151821K(1398272K)
[925.628s][info][gc,metaspace   ] GC(2419) Metaspace: 32487K(33584K)->32487K(33584K) NonClass: 28708K(29360K)->28708K(29360K) Class: 3779K(4224K)->3779K(4224K)
[925.628s][info][gc             ] GC(2419) Pause Young (Allocation Failure) 1647M->1204M(1952M) 64.117ms
[925.628s][info][gc,cpu         ] GC(2419) User=0.38s Sys=0.00s Real=0.07s
[925.774s][info][gc,start       ] GC(2420) Pause Young (Allocation Failure)
[925.850s][info][gc,heap        ] GC(2420) PSYoungGen: 601024K->76736K(603136K)
[925.850s][info][gc,heap        ] GC(2420) PSOldGen: 1151821K->1217149K(1398272K)
[925.850s][info][gc,metaspace   ] GC(2420) Metaspace: 32487K(33584K)->32487K(33584K) NonClass: 28708K(29360K)->28708K(29360K) Class: 3779K(4224K)->3779K(4224K)
[925.850s][info][gc             ] GC(2420) Pause Young (Allocation Failure) 1711M->1263M(1954M) 76.344ms
[925.850s][info][gc,cpu         ] GC(2420) User=0.39s Sys=0.00s Real=0.08s
[926.496s][info][gc,start       ] GC(2421) Pause Young (System.gc())
[926.543s][info][gc,heap        ] GC(2421) PSYoungGen: 400951K->26752K(536576K)
[926.543s][info][gc,heap        ] GC(2421) PSOldGen: 1217149K->1249965K(1398272K)
[926.543s][info][gc,metaspace   ] GC(2421) Metaspace: 32487K(33584K)->32487K(33584K) NonClass: 28708K(29360K)->28708K(29360K) Class: 3779K(4224K)->3779K(4224K)
[926.543s][info][gc             ] GC(2421) Pause Young (System.gc()) 1580M->1246M(1889M) 46.718ms
[926.543s][info][gc,cpu         ] GC(2421) User=0.28s Sys=0.00s Real=0.06s
[926.543s][info][gc,start       ] GC(2422) Pause Full (System.gc())
[926.543s][info][gc,phases,start] GC(2422) Phase 1: Mark live objects
[926.660s][info][gc,phases      ] GC(2422) Phase 1: Mark live objects 117.486ms
[926.660s][info][gc,phases,start] GC(2422) Phase 2: Compute new object addresses
[926.838s][info][gc,phases      ] GC(2422) Phase 2: Compute new object addresses 177.768ms
[926.838s][info][gc,phases,start] GC(2422) Phase 3: Adjust pointers
[926.921s][info][gc,phases      ] GC(2422) Phase 3: Adjust pointers 83.228ms
[926.922s][info][gc,phases,start] GC(2422) Phase 4: Move objects
[926.945s][info][gc,phases      ] GC(2422) Phase 4: Move objects 23.945ms
[926.946s][info][gc,heap        ] GC(2422) PSYoungGen: 26752K->0K(536576K)
[926.946s][info][gc,heap        ] GC(2422) PSOldGen: 1249965K->104367K(1398272K)
[926.946s][info][gc,metaspace   ] GC(2422) Metaspace: 32487K(33584K)->32487K(33584K) NonClass: 28708K(29360K)->28708K(29360K) Class: 3779K(4224K)->3779K(4224K)
[926.946s][info][gc             ] GC(2422) Pause Full (System.gc()) 1246M->101M(1889M) 403.186ms
[926.946s][info][gc,cpu         ] GC(2422) User=0.39s Sys=0.00s Real=0.40s
[927.194s][info][gc,start       ] GC(2423) Pause Young (Allocation Failure)
[927.237s][info][gc,heap        ] GC(2423) PSYoungGen: 509440K->79488K(594944K)
[927.237s][info][gc,heap        ] GC(2423) PSOldGen: 104367K->104367K(1398272K)
[927.237s][info][gc,metaspace   ] GC(2423) Metaspace: 32487K(33584K)->32487K(33584K) NonClass: 28708K(29360K)->28708K(29360K) Class: 3779K(4224K)->3779K(4224K)
[927.237s][info][gc             ] GC(2423) Pause Young (Allocation Failure) 599M->179M(1946M) 43.008ms
[927.238s][info][gc,cpu         ] GC(2423) User=0.27s Sys=0.02s Real=0.04s
[927.380s][info][gc,start       ] GC(2424) Pause Young (Allocation Failure)
[927.466s][info][gc,heap        ] GC(2424) PSYoungGen: 575616K->77184K(573440K)
[927.466s][info][gc,heap        ] GC(2424) PSOldGen: 104367K->167179K(1398272K)
[927.466s][info][gc,metaspace   ] GC(2424) Metaspace: 32487K(33584K)->32487K(33584K) NonClass: 28708K(29360K)->28708K(29360K) Class: 3779K(4224K)->3779K(4224K)
[927.466s][info][gc             ] GC(2424) Pause Young (Allocation Failure) 664M->238M(1925M) 86.293ms
[927.466s][info][gc,cpu         ] GC(2424) User=0.52s Sys=0.00s Real=0.09s
[928.123s][info][gc,start       ] GC(2425) Pause Young (Allocation Failure)
[928.184s][info][gc,heap        ] GC(2425) PSYoungGen: 573312K->56832K(598528K)
[928.184s][info][gc,heap        ] GC(2425) PSOldGen: 167179K->199067K(1398272K)
[928.184s][info][gc,metaspace   ] GC(2425) Metaspace: 32487K(33584K)->32487K(33584K) NonClass: 28708K(29360K)->28708K(29360K) Class: 3779K(4224K)->3779K(4224K)
[928.184s][info][gc             ] GC(2425) Pause Young (Allocation Failure) 723M->249M(1950M) 61.134ms
[928.184s][info][gc,cpu         ] GC(2425) User=0.38s Sys=0.00s Real=0.06s
[928.330s][info][gc,start       ] GC(2426) Pause Young (Allocation Failure)
[928.402s][info][gc,heap        ] GC(2426) PSYoungGen: 552960K->74816K(596480K)
[928.402s][info][gc,heap        ] GC(2426) PSOldGen: 199067K->243816K(1398272K)
[928.402s][info][gc,metaspace   ] GC(2426) Metaspace: 32487K(33584K)->32487K(33584K) NonClass: 28708K(29360K)->28708K(29360K) Class: 3779K(4224K)->3779K(4224K)
[928.402s][info][gc             ] GC(2426) Pause Young (Allocation Failure) 734M->311M(1948M) 72.600ms
[928.402s][info][gc,cpu         ] GC(2426) User=0.44s Sys=0.00s Real=0.07s
[928.549s][info][gc,start       ] GC(2427) Pause Young (Allocation Failure)
[928.617s][info][gc,heap        ] GC(2427) PSYoungGen: 570944K->74304K(599040K)
[928.617s][info][gc,heap        ] GC(2427) PSOldGen: 243816K->298096K(1398272K)
[928.617s][info][gc,metaspace   ] GC(2427) Metaspace: 32487K(33584K)->32487K(33584K) NonClass: 28708K(29360K)->28708K(29360K) Class: 3779K(4224K)->3779K(4224K)
[928.617s][info][gc             ] GC(2427) Pause Young (Allocation Failure) 795M->363M(1950M) 67.654ms
[928.617s][info][gc,cpu         ] GC(2427) User=0.38s Sys=0.00s Real=0.07s
[929.167s][info][gc,start       ] GC(2428) Pause Young (Allocation Failure)
[929.237s][info][gc,heap        ] GC(2428) PSYoungGen: 572992K->61536K(598528K)
[929.237s][info][gc,heap        ] GC(2428) PSOldGen: 298096K->327976K(1398272K)
[929.237s][info][gc,metaspace   ] GC(2428) Metaspace: 32487K(33584K)->32487K(33584K) NonClass: 28708K(29360K)->28708K(29360K) Class: 3779K(4224K)->3779K(4224K)
[929.237s][info][gc             ] GC(2428) Pause Young (Allocation Failure) 850M->380M(1950M) 69.989ms
[929.237s][info][gc,cpu         ] GC(2428) User=0.38s Sys=0.00s Real=0.07s
[929.385s][info][gc,start       ] GC(2429) Pause Young (Allocation Failure)
[929.451s][info][gc,heap        ] GC(2429) PSYoungGen: 560224K->74560K(601600K)
[929.451s][info][gc,heap        ] GC(2429) PSOldGen: 327976K->374604K(1398272K)
[929.451s][info][gc,metaspace   ] GC(2429) Metaspace: 32487K(33584K)->32487K(33584K) NonClass: 28708K(29360K)->28708K(29360K) Class: 3779K(4224K)->3779K(4224K)
[929.451s][info][gc             ] GC(2429) Pause Young (Allocation Failure) 867M->438M(1953M) 66.726ms
[929.451s][info][gc,cpu         ] GC(2429) User=0.38s Sys=0.00s Real=0.07s
[929.741s][info][gc,start       ] GC(2430) Pause Young (Allocation Failure)
[929.808s][info][gc,heap        ] GC(2430) PSYoungGen: 578880K->59936K(601600K)
[929.808s][info][gc,heap        ] GC(2430) PSOldGen: 374604K->415196K(1398272K)
[929.808s][info][gc,metaspace   ] GC(2430) Metaspace: 32487K(33584K)->32487K(33584K) NonClass: 28708K(29360K)->28708K(29360K) Class: 3779K(4224K)->3779K(4224K)
[929.808s][info][gc             ] GC(2430) Pause Young (Allocation Failure) 931M->463M(1953M) 66.952ms
[929.808s][info][gc,cpu         ] GC(2430) User=0.45s Sys=0.00s Real=0.07s
[930.288s][info][gc,start       ] GC(2431) Pause Young (Allocation Failure)
[930.349s][info][gc,heap        ] GC(2431) PSYoungGen: 564256K->67200K(605696K)
[930.349s][info][gc,heap        ] GC(2431) PSOldGen: 415196K->446860K(1398272K)
[930.349s][info][gc,metaspace   ] GC(2431) Metaspace: 32487K(33584K)->32487K(33584K) NonClass: 28708K(29360K)->28708K(29360K) Class: 3779K(4224K)->3779K(4224K)
[930.349s][info][gc             ] GC(2431) Pause Young (Allocation Failure) 956M->502M(1957M) 61.009ms
[930.349s][info][gc,cpu         ] GC(2431) User=0.36s Sys=0.00s Real=0.06s
[930.487s][info][gc,start       ] GC(2432) Pause Young (Allocation Failure)
[930.553s][info][gc,heap        ] GC(2432) PSYoungGen: 577152K->71360K(603136K)
[930.553s][info][gc,heap        ] GC(2432) PSOldGen: 446860K->500381K(1398272K)
[930.553s][info][gc,metaspace   ] GC(2432) Metaspace: 32487K(33584K)->32487K(33584K) NonClass: 28708K(29360K)->28708K(29360K) Class: 3779K(4224K)->3779K(4224K)
[930.553s][info][gc             ] GC(2432) Pause Young (Allocation Failure) 1000M->558M(1954M) 66.086ms
[930.553s][info][gc,cpu         ] GC(2432) User=0.33s Sys=0.00s Real=0.07s
[930.932s][info][gc,start       ] GC(2433) Pause Young (Allocation Failure)
[930.988s][info][gc,heap        ] GC(2433) PSYoungGen: 581312K->50720K(605696K)
[930.988s][info][gc,heap        ] GC(2433) PSOldGen: 500381K->536661K(1398272K)
[930.988s][info][gc,metaspace   ] GC(2433) Metaspace: 32487K(33584K)->32487K(33584K) NonClass: 28708K(29360K)->28708K(29360K) Class: 3779K(4224K)->3779K(4224K)
[930.988s][info][gc             ] GC(2433) Pause Young (Allocation Failure) 1056M->573M(1957M) 56.055ms
[930.988s][info][gc,cpu         ] GC(2433) User=0.28s Sys=0.00s Real=0.06s
[931.363s][info][gc,start       ] GC(2434) Pause Young (Allocation Failure)
[931.430s][info][gc,heap        ] GC(2434) PSYoungGen: 564256K->69152K(606208K)
[931.430s][info][gc,heap        ] GC(2434) PSOldGen: 536661K->566101K(1398272K)
[931.430s][info][gc,metaspace   ] GC(2434) Metaspace: 32487K(33584K)->32487K(33584K) NonClass: 28708K(29360K)->28708K(29360K) Class: 3779K(4224K)->3779K(4224K)
[931.430s][info][gc             ] GC(2434) Pause Young (Allocation Failure) 1075M->620M(1957M) 67.198ms
[931.430s][info][gc,cpu         ] GC(2434) User=0.42s Sys=0.00s Real=0.07s
[931.575s][info][gc,start       ] GC(2435) Pause Young (Allocation Failure)
[931.642s][info][gc,heap        ] GC(2435) PSYoungGen: 582688K->75168K(605696K)
[931.642s][info][gc,heap        ] GC(2435) PSOldGen: 566101K->618881K(1398272K)
[931.642s][info][gc,metaspace   ] GC(2435) Metaspace: 32487K(33584K)->32487K(33584K) NonClass: 28708K(29360K)->28708K(29360K) Class: 3779K(4224K)->3779K(4224K)
[931.642s][info][gc             ] GC(2435) Pause Young (Allocation Failure) 1121M->677M(1957M) 67.708ms
[931.642s][info][gc,cpu         ] GC(2435) User=0.38s Sys=0.00s Real=0.07s
[932.239s][info][gc,start       ] GC(2436) Pause Young (Allocation Failure)
[932.292s][info][gc,heap        ] GC(2436) PSYoungGen: 589728K->44000K(558592K)
[932.292s][info][gc,heap        ] GC(2436) PSOldGen: 618881K->651009K(1398272K)
[932.292s][info][gc,metaspace   ] GC(2436) Metaspace: 32487K(33584K)->32487K(33584K) NonClass: 28708K(29360K)->28708K(29360K) Class: 3779K(4224K)->3779K(4224K)
[932.292s][info][gc             ] GC(2436) Pause Young (Allocation Failure) 1180M->678M(1911M) 53.094ms
[932.292s][info][gc,cpu         ] GC(2436) User=0.33s Sys=0.00s Real=0.05s
[932.432s][info][gc,start       ] GC(2437) Pause Young (Allocation Failure)
[932.492s][info][gc,heap        ] GC(2437) PSYoungGen: 558560K->68384K(606720K)
[932.492s][info][gc,heap        ] GC(2437) PSOldGen: 651009K->690106K(1398272K)
[932.492s][info][gc,metaspace   ] GC(2437) Metaspace: 32487K(33584K)->32487K(33584K) NonClass: 28708K(29360K)->28708K(29360K) Class: 3779K(4224K)->3779K(4224K)
[932.492s][info][gc             ] GC(2437) Pause Young (Allocation Failure) 1181M->740M(1958M) 60.151ms
[932.492s][info][gc,cpu         ] GC(2437) User=0.27s Sys=0.00s Real=0.06s
[932.631s][info][gc,start       ] GC(2438) Pause Young (Allocation Failure)
[932.711s][info][gc,heap        ] GC(2438) PSYoungGen: 581408K->73312K(605184K)
[932.711s][info][gc,heap        ] GC(2438) PSOldGen: 690106K->744058K(1398272K)
[932.711s][info][gc,metaspace   ] GC(2438) Metaspace: 32487K(33584K)->32487K(33584K) NonClass: 28708K(29360K)->28708K(29360K) Class: 3779K(4224K)->3779K(4224K)
[932.711s][info][gc             ] GC(2438) Pause Young (Allocation Failure) 1241M->798M(1956M) 79.544ms
[932.711s][info][gc,cpu         ] GC(2438) User=0.47s Sys=0.00s Real=0.08s
[933.319s][info][gc,start       ] GC(2439) Pause Young (Allocation Failure)
[933.383s][info][gc,heap        ] GC(2439) PSYoungGen: 586336K->58880K(607744K)
[933.383s][info][gc,heap        ] GC(2439) PSOldGen: 744058K->774770K(1398272K)
[933.383s][info][gc,metaspace   ] GC(2439) Metaspace: 32487K(33584K)->32487K(33584K) NonClass: 28708K(29360K)->28708K(29360K) Class: 3779K(4224K)->3779K(4224K)
[933.383s][info][gc             ] GC(2439) Pause Young (Allocation Failure) 1299M->814M(1959M) 64.086ms
[933.383s][info][gc,cpu         ] GC(2439) User=0.34s Sys=0.00s Real=0.06s
[933.530s][info][gc,start       ] GC(2440) Pause Young (Allocation Failure)
[933.597s][info][gc,heap        ] GC(2440) PSYoungGen: 573952K->70528K(606208K)
[933.597s][info][gc,heap        ] GC(2440) PSOldGen: 774770K->824934K(1398272K)
[933.597s][info][gc,metaspace   ] GC(2440) Metaspace: 32487K(33584K)->32487K(33584K) NonClass: 28708K(29360K)->28708K(29360K) Class: 3779K(4224K)->3779K(4224K)
[933.597s][info][gc             ] GC(2440) Pause Young (Allocation Failure) 1317M->874M(1957M) 67.404ms
[933.597s][info][gc,cpu         ] GC(2440) User=0.33s Sys=0.00s Real=0.07s
[933.775s][info][gc,start       ] GC(2441) Pause Young (Allocation Failure)
[933.846s][info][gc,heap        ] GC(2441) PSYoungGen: 585600K->83744K(600064K)
[933.846s][info][gc,heap        ] GC(2441) PSOldGen: 824934K->865566K(1398272K)
[933.846s][info][gc,metaspace   ] GC(2441) Metaspace: 32487K(33584K)->32487K(33584K) NonClass: 28708K(29360K)->28708K(29360K) Class: 3779K(4224K)->3779K(4224K)
[933.846s][info][gc             ] GC(2441) Pause Young (Allocation Failure) 1377M->927M(1951M) 70.951ms
[933.846s][info][gc,cpu         ] GC(2441) User=0.30s Sys=0.00s Real=0.07s
[934.304s][info][gc,start       ] GC(2442) Pause Young (Allocation Failure)
[934.368s][info][gc,heap        ] GC(2442) PSYoungGen: 593184K->68128K(604160K)
[934.368s][info][gc,heap        ] GC(2442) PSOldGen: 865566K->901398K(1398272K)
[934.368s][info][gc,metaspace   ] GC(2442) Metaspace: 32487K(33584K)->32487K(33584K) NonClass: 28708K(29360K)->28708K(29360K) Class: 3779K(4224K)->3779K(4224K)
[934.368s][info][gc             ] GC(2442) Pause Young (Allocation Failure) 1424M->946M(1955M) 64.520ms
[934.368s][info][gc,cpu         ] GC(2442) User=0.42s Sys=0.00s Real=0.08s
[934.508s][info][gc,start       ] GC(2443) Pause Young (Allocation Failure)
[934.577s][info][gc,heap        ] GC(2443) PSYoungGen: 577568K->74240K(606720K)
[934.577s][info][gc,heap        ] GC(2443) PSOldGen: 901398K->954715K(1398272K)
[934.577s][info][gc,metaspace   ] GC(2443) Metaspace: 32487K(33584K)->32487K(33584K) NonClass: 28708K(29360K)->28708K(29360K) Class: 3779K(4224K)->3779K(4224K)
[934.577s][info][gc             ] GC(2443) Pause Young (Allocation Failure) 1444M->1004M(1958M) 68.631ms
[934.577s][info][gc,cpu         ] GC(2443) User=0.34s Sys=0.00s Real=0.07s
[935.118s][info][gc,start       ] GC(2444) Pause Young (Allocation Failure)
[935.170s][info][gc,heap        ] GC(2444) PSYoungGen: 588800K->46496K(561152K)
[935.170s][info][gc,heap        ] GC(2444) PSOldGen: 954715K->987195K(1398272K)
[935.170s][info][gc,metaspace   ] GC(2444) Metaspace: 32487K(33584K)->32487K(33584K) NonClass: 28708K(29360K)->28708K(29360K) Class: 3779K(4224K)->3779K(4224K)
[935.170s][info][gc             ] GC(2444) Pause Young (Allocation Failure) 1507M->1009M(1913M) 52.806ms
[935.170s][info][gc,cpu         ] GC(2444) User=0.28s Sys=0.00s Real=0.06s
[935.522s][info][gc,start       ] GC(2445) Pause Young (Allocation Failure)
[935.586s][info][gc,heap        ] GC(2445) PSYoungGen: 561056K->81760K(599040K)
[935.586s][info][gc,heap        ] GC(2445) PSOldGen: 987195K->1020067K(1398272K)
[935.586s][info][gc,metaspace   ] GC(2445) Metaspace: 32487K(33584K)->32487K(33584K) NonClass: 28708K(29360K)->28708K(29360K) Class: 3779K(4224K)->3779K(4224K)
[935.586s][info][gc             ] GC(2445) Pause Young (Allocation Failure) 1511M->1076M(1950M) 63.984ms
[935.586s][info][gc,cpu         ] GC(2445) User=0.47s Sys=0.00s Real=0.07s
[935.720s][info][gc,start       ] GC(2446) Pause Young (Allocation Failure)
[935.795s][info][gc,heap        ] GC(2446) PSYoungGen: 587104K->71584K(602112K)
[935.795s][info][gc,heap        ] GC(2446) PSOldGen: 1020067K->1089391K(1398272K)
[935.795s][info][gc,metaspace   ] GC(2446) Metaspace: 32487K(33584K)->32487K(33584K) NonClass: 28708K(29360K)->28708K(29360K) Class: 3779K(4224K)->3779K(4224K)
[935.795s][info][gc             ] GC(2446) Pause Young (Allocation Failure) 1569M->1133M(1953M) 75.469ms
[935.795s][info][gc,cpu         ] GC(2446) User=0.47s Sys=0.00s Real=0.08s
[936.532s][info][gc,start       ] GC(2447) Pause Young (Allocation Failure)
[936.590s][info][gc,heap        ] GC(2447) PSYoungGen: 576928K->54624K(604160K)
[936.590s][info][gc,heap        ] GC(2447) PSOldGen: 1089391K->1119519K(1398272K)
[936.590s][info][gc,metaspace   ] GC(2447) Metaspace: 32487K(33584K)->32487K(33584K) NonClass: 28708K(29360K)->28708K(29360K) Class: 3779K(4224K)->3779K(4224K)
[936.590s][info][gc             ] GC(2447) Pause Young (Allocation Failure) 1627M->1146M(1955M) 58.408ms
[936.590s][info][gc,cpu         ] GC(2447) User=0.38s Sys=0.00s Real=0.06s
[936.757s][info][gc,start       ] GC(2448) Pause Young (Allocation Failure)
[936.825s][info][gc,heap        ] GC(2448) PSYoungGen: 563552K->79392K(588800K)
[936.825s][info][gc,heap        ] GC(2448) PSOldGen: 1119519K->1161683K(1398272K)
[936.825s][info][gc,metaspace   ] GC(2448) Metaspace: 32487K(33584K)->32487K(33584K) NonClass: 28708K(29360K)->28708K(29360K) Class: 3779K(4224K)->3779K(4224K)
[936.825s][info][gc             ] GC(2448) Pause Young (Allocation Failure) 1643M->1211M(1940M) 67.964ms
[936.825s][info][gc,cpu         ] GC(2448) User=0.45s Sys=0.00s Real=0.07s
[936.956s][info][gc,start       ] GC(2449) Pause Young (Allocation Failure)
[937.026s][info][gc,heap        ] GC(2449) PSYoungGen: 588320K->66144K(604672K)
[937.026s][info][gc,heap        ] GC(2449) PSOldGen: 1161683K->1222891K(1398272K)
[937.026s][info][gc,metaspace   ] GC(2449) Metaspace: 32487K(33584K)->32487K(33584K) NonClass: 28708K(29360K)->28708K(29360K) Class: 3779K(4224K)->3779K(4224K)
[937.026s][info][gc             ] GC(2449) Pause Young (Allocation Failure) 1708M->1258M(1956M) 70.407ms
[937.026s][info][gc,cpu         ] GC(2449) User=0.47s Sys=0.00s Real=0.07s
[937.465s][info][gc,start       ] GC(2450) Pause Young (System.gc())
[937.509s][info][gc,heap        ] GC(2450) PSYoungGen: 292664K->19200K(527360K)
[937.509s][info][gc,heap        ] GC(2450) PSOldGen: 1222891K->1253827K(1398272K)
[937.509s][info][gc,metaspace   ] GC(2450) Metaspace: 32487K(33584K)->32487K(33584K) NonClass: 28708K(29360K)->28708K(29360K) Class: 3779K(4224K)->3779K(4224K)
[937.509s][info][gc             ] GC(2450) Pause Young (System.gc()) 1480M->1243M(1880M) 44.155ms
[937.509s][info][gc,cpu         ] GC(2450) User=0.28s Sys=0.00s Real=0.05s
[937.509s][info][gc,start       ] GC(2451) Pause Full (System.gc())
[937.510s][info][gc,phases,start] GC(2451) Phase 1: Mark live objects
[937.627s][info][gc,phases      ] GC(2451) Phase 1: Mark live objects 117.891ms
[937.627s][info][gc,phases,start] GC(2451) Phase 2: Compute new object addresses
[937.806s][info][gc,phases      ] GC(2451) Phase 2: Compute new object addresses 178.625ms
[937.806s][info][gc,phases,start] GC(2451) Phase 3: Adjust pointers
[937.891s][info][gc,phases      ] GC(2451) Phase 3: Adjust pointers 85.013ms
[937.891s][info][gc,phases,start] GC(2451) Phase 4: Move objects
[937.916s][info][gc,phases      ] GC(2451) Phase 4: Move objects 24.395ms
[937.916s][info][gc,heap        ] GC(2451) PSYoungGen: 19200K->0K(527360K)
[937.916s][info][gc,heap        ] GC(2451) PSOldGen: 1253827K->104497K(1398272K)
[937.916s][info][gc,metaspace   ] GC(2451) Metaspace: 32487K(33584K)->32487K(33584K) NonClass: 28708K(29360K)->28708K(29360K) Class: 3779K(4224K)->3779K(4224K)
[937.916s][info][gc             ] GC(2451) Pause Full (System.gc()) 1243M->102M(1880M) 406.697ms
[937.916s][info][gc,cpu         ] GC(2451) User=0.41s Sys=0.00s Real=0.41s
[938.149s][info][gc,start       ] GC(2452) Pause Young (Allocation Failure)
[938.199s][info][gc,heap        ] GC(2452) PSYoungGen: 507904K->80224K(593920K)
[938.199s][info][gc,heap        ] GC(2452) PSOldGen: 104497K->104497K(1398272K)
[938.199s][info][gc,metaspace   ] GC(2452) Metaspace: 32487K(33584K)->32487K(33584K) NonClass: 28708K(29360K)->28708K(29360K) Class: 3779K(4224K)->3779K(4224K)
[938.199s][info][gc             ] GC(2452) Pause Young (Allocation Failure) 598M->180M(1945M) 50.511ms
[938.199s][info][gc,cpu         ] GC(2452) User=0.28s Sys=0.00s Real=0.06s
[938.345s][info][gc,start       ] GC(2453) Pause Young (Allocation Failure)
[938.424s][info][gc,heap        ] GC(2453) PSYoungGen: 574304K->75648K(569856K)
[938.424s][info][gc,heap        ] GC(2453) PSOldGen: 104497K->168162K(1398272K)
[938.424s][info][gc,metaspace   ] GC(2453) Metaspace: 32487K(33584K)->32487K(33584K) NonClass: 28708K(29360K)->28708K(29360K) Class: 3779K(4224K)->3779K(4224K)
[938.424s][info][gc             ] GC(2453) Pause Young (Allocation Failure) 662M->238M(1922M) 79.152ms
[938.424s][info][gc,cpu         ] GC(2453) User=0.45s Sys=0.00s Real=0.08s
[939.130s][info][gc,start       ] GC(2454) Pause Young (Allocation Failure)
[939.187s][info][gc,heap        ] GC(2454) PSYoungGen: 569728K->52800K(597504K)
[939.187s][info][gc,heap        ] GC(2454) PSOldGen: 168162K->199858K(1398272K)
[939.187s][info][gc,metaspace   ] GC(2454) Metaspace: 32487K(33584K)->32487K(33584K) NonClass: 28708K(29360K)->28708K(29360K) Class: 3779K(4224K)->3779K(4224K)
[939.187s][info][gc             ] GC(2454) Pause Young (Allocation Failure) 720M->246M(1949M) 57.612ms
[939.187s][info][gc,cpu         ] GC(2454) User=0.38s Sys=0.00s Real=0.06s
[939.329s][info][gc,start       ] GC(2455) Pause Young (Allocation Failure)
[939.397s][info][gc,heap        ] GC(2455) PSYoungGen: 547392K->73120K(595968K)
[939.397s][info][gc,heap        ] GC(2455) PSOldGen: 199858K->241414K(1398272K)
[939.397s][info][gc,metaspace   ] GC(2455) Metaspace: 32487K(33584K)->32487K(33584K) NonClass: 28708K(29360K)->28708K(29360K) Class: 3779K(4224K)->3779K(4224K)
[939.397s][info][gc             ] GC(2455) Pause Young (Allocation Failure) 729M->307M(1947M) 68.410ms
[939.397s][info][gc,cpu         ] GC(2455) User=0.34s Sys=0.00s Real=0.07s
[939.530s][info][gc,start       ] GC(2456) Pause Young (Allocation Failure)
[939.606s][info][gc,heap        ] GC(2456) PSYoungGen: 567712K->67488K(600576K)
[939.608s][info][gc,heap        ] GC(2456) PSOldGen: 241414K->300990K(1398272K)
[939.608s][info][gc,metaspace   ] GC(2456) Metaspace: 32487K(33584K)->32487K(33584K) NonClass: 28708K(29360K)->28708K(29360K) Class: 3779K(4224K)->3779K(4224K)
[939.608s][info][gc             ] GC(2456) Pause Young (Allocation Failure) 790M->359M(1952M) 78.661ms
[939.608s][info][gc,cpu         ] GC(2456) User=0.47s Sys=0.00s Real=0.08s
[940.114s][info][gc,start       ] GC(2457) Pause Young (Allocation Failure)
[940.168s][info][gc,heap        ] GC(2457) PSYoungGen: 567200K->56128K(598016K)
[940.168s][info][gc,heap        ] GC(2457) PSOldGen: 300990K->330742K(1398272K)
[940.168s][info][gc,metaspace   ] GC(2457) Metaspace: 32487K(33584K)->32487K(33584K) NonClass: 28708K(29360K)->28708K(29360K) Class: 3779K(4224K)->3779K(4224K)
[940.168s][info][gc             ] GC(2457) Pause Young (Allocation Failure) 847M->377M(1949M) 54.361ms
[940.168s][info][gc,cpu         ] GC(2457) User=0.38s Sys=0.00s Real=0.06s
[940.303s][info][gc,start       ] GC(2458) Pause Young (Allocation Failure)
[940.366s][info][gc,heap        ] GC(2458) PSYoungGen: 555840K->69792K(603648K)
[940.366s][info][gc,heap        ] GC(2458) PSOldGen: 330742K->375975K(1398272K)
[940.366s][info][gc,metaspace   ] GC(2458) Metaspace: 32487K(33584K)->32487K(33584K) NonClass: 28708K(29360K)->28708K(29360K) Class: 3779K(4224K)->3779K(4224K)
[940.366s][info][gc             ] GC(2458) Pause Young (Allocation Failure) 865M->435M(1955M) 63.028ms
[940.366s][info][gc,cpu         ] GC(2458) User=0.38s Sys=0.00s Real=0.06s
[940.529s][info][gc,start       ] GC(2459) Pause Young (Allocation Failure)
[940.599s][info][gc,heap        ] GC(2459) PSYoungGen: 576672K->74080K(602112K)
[940.599s][info][gc,heap        ] GC(2459) PSOldGen: 375975K->423199K(1398272K)
[940.599s][info][gc,metaspace   ] GC(2459) Metaspace: 32487K(33584K)->32487K(33584K) NonClass: 28708K(29360K)->28708K(29360K) Class: 3779K(4224K)->3779K(4224K)
[940.599s][info][gc             ] GC(2459) Pause Young (Allocation Failure) 930M->485M(1953M) 70.680ms
[940.599s][info][gc,cpu         ] GC(2459) User=0.38s Sys=0.00s Real=0.07s
[941.206s][info][gc,start       ] GC(2460) Pause Young (Allocation Failure)
[941.266s][info][gc,heap        ] GC(2460) PSYoungGen: 580960K->62112K(605696K)
[941.266s][info][gc,heap        ] GC(2460) PSOldGen: 423199K->455031K(1398272K)
[941.266s][info][gc,metaspace   ] GC(2460) Metaspace: 32487K(33584K)->32487K(33584K) NonClass: 28708K(29360K)->28708K(29360K) Class: 3779K(4224K)->3779K(4224K)
[941.266s][info][gc             ] GC(2460) Pause Young (Allocation Failure) 980M->505M(1957M) 60.019ms
[941.266s][info][gc,cpu         ] GC(2460) User=0.34s Sys=0.02s Real=0.07s
[941.409s][info][gc,start       ] GC(2461) Pause Young (Allocation Failure)
[941.480s][info][gc,heap        ] GC(2461) PSYoungGen: 572064K->75872K(603136K)
[941.480s][info][gc,heap        ] GC(2461) PSOldGen: 455031K->502667K(1398272K)
[941.480s][info][gc,metaspace   ] GC(2461) Metaspace: 32487K(33584K)->32487K(33584K) NonClass: 28708K(29360K)->28708K(29360K) Class: 3779K(4224K)->3779K(4224K)
[941.480s][info][gc             ] GC(2461) Pause Young (Allocation Failure) 1003M->564M(1954M) 71.109ms
[941.480s][info][gc,cpu         ] GC(2461) User=0.44s Sys=0.00s Real=0.07s
[941.842s][info][gc,start       ] GC(2462) Pause Young (Allocation Failure)
[941.908s][info][gc,heap        ] GC(2462) PSYoungGen: 585824K->56064K(605184K)
[941.908s][info][gc,heap        ] GC(2462) PSOldGen: 502667K->546131K(1398272K)
[941.908s][info][gc,metaspace   ] GC(2462) Metaspace: 32487K(33584K)->32487K(33584K) NonClass: 28708K(29360K)->28708K(29360K) Class: 3779K(4224K)->3779K(4224K)
[941.908s][info][gc             ] GC(2462) Pause Young (Allocation Failure) 1062M->588M(1956M) 66.016ms
[941.908s][info][gc,cpu         ] GC(2462) User=0.38s Sys=0.00s Real=0.07s
[942.498s][info][gc,start       ] GC(2463) Pause Young (Allocation Failure)
[942.563s][info][gc,heap        ] GC(2463) PSYoungGen: 567040K->79456K(590848K)
[942.563s][info][gc,heap        ] GC(2463) PSOldGen: 546131K->575323K(1398272K)
[942.563s][info][gc,metaspace   ] GC(2463) Metaspace: 32487K(33584K)->32487K(33584K) NonClass: 28708K(29360K)->28708K(29360K) Class: 3779K(4224K)->3779K(4224K)
[942.563s][info][gc             ] GC(2463) Pause Young (Allocation Failure) 1087M->639M(1942M) 64.974ms
[942.563s][info][gc,cpu         ] GC(2463) User=0.38s Sys=0.00s Real=0.08s
[942.701s][info][gc,start       ] GC(2464) Pause Young (Allocation Failure)
[942.777s][info][gc,heap        ] GC(2464) PSYoungGen: 590432K->72032K(604160K)
[942.777s][info][gc,heap        ] GC(2464) PSOldGen: 575323K->640324K(1398272K)
[942.777s][info][gc,metaspace   ] GC(2464) Metaspace: 32487K(33584K)->32487K(33584K) NonClass: 28708K(29360K)->28708K(29360K) Class: 3779K(4224K)->3779K(4224K)
[942.777s][info][gc             ] GC(2464) Pause Young (Allocation Failure) 1138M->695M(1955M) 75.750ms
[942.777s][info][gc,cpu         ] GC(2464) User=0.44s Sys=0.03s Real=0.08s
[943.454s][info][gc,start       ] GC(2465) Pause Young (Allocation Failure)
[943.508s][info][gc,heap        ] GC(2465) PSYoungGen: 580448K->44320K(552960K)
[943.508s][info][gc,heap        ] GC(2465) PSOldGen: 640324K->671460K(1398272K)
[943.508s][info][gc,metaspace   ] GC(2465) Metaspace: 32487K(33584K)->32487K(33584K) NonClass: 28708K(29360K)->28708K(29360K) Class: 3779K(4224K)->3779K(4224K)
[943.508s][info][gc             ] GC(2465) Pause Young (Allocation Failure) 1192M->699M(1905M) 54.691ms
[943.508s][info][gc,cpu         ] GC(2465) User=0.36s Sys=0.00s Real=0.06s
[943.653s][info][gc,start       ] GC(2466) Pause Young (Allocation Failure)
[943.718s][info][gc,heap        ] GC(2466) PSYoungGen: 552736K->69216K(604160K)
[943.718s][info][gc,heap        ] GC(2466) PSOldGen: 671460K->711028K(1398272K)
[943.718s][info][gc,metaspace   ] GC(2466) Metaspace: 32487K(33584K)->32487K(33584K) NonClass: 28708K(29360K)->28708K(29360K) Class: 3779K(4224K)->3779K(4224K)
[943.718s][info][gc             ] GC(2466) Pause Young (Allocation Failure) 1195M->761M(1955M) 65.117ms
[943.718s][info][gc,cpu         ] GC(2466) User=0.36s Sys=0.00s Real=0.06s
[943.859s][info][gc,start       ] GC(2467) Pause Young (Allocation Failure)
[943.941s][info][gc,heap        ] GC(2467) PSYoungGen: 577120K->74432K(602624K)
[943.941s][info][gc,heap        ] GC(2467) PSOldGen: 711028K->765188K(1398272K)
[943.941s][info][gc,metaspace   ] GC(2467) Metaspace: 32487K(33584K)->32487K(33584K) NonClass: 28708K(29360K)->28708K(29360K) Class: 3779K(4224K)->3779K(4224K)
[943.941s][info][gc             ] GC(2467) Pause Young (Allocation Failure) 1257M->819M(1954M) 82.082ms
[943.941s][info][gc,cpu         ] GC(2467) User=0.47s Sys=0.00s Real=0.08s
[944.621s][info][gc,start       ] GC(2468) Pause Young (Allocation Failure)
[944.673s][info][gc,heap        ] GC(2468) PSYoungGen: 582336K->49056K(603136K)
[944.673s][info][gc,heap        ] GC(2468) PSOldGen: 765188K->796468K(1398272K)
[944.673s][info][gc,metaspace   ] GC(2468) Metaspace: 32487K(33584K)->32487K(33584K) NonClass: 28708K(29360K)->28708K(29360K) Class: 3779K(4224K)->3779K(4224K)
[944.673s][info][gc             ] GC(2468) Pause Young (Allocation Failure) 1315M->825M(1954M) 52.458ms
[944.673s][info][gc,cpu         ] GC(2468) User=0.28s Sys=0.00s Real=0.05s
[944.801s][info][gc,start       ] GC(2469) Pause Young (Allocation Failure)
[944.861s][info][gc,heap        ] GC(2469) PSYoungGen: 557472K->68512K(603648K)
[944.861s][info][gc,heap        ] GC(2469) PSOldGen: 796468K->835676K(1398272K)
[944.861s][info][gc,metaspace   ] GC(2469) Metaspace: 32487K(33584K)->32487K(33584K) NonClass: 28708K(29360K)->28708K(29360K) Class: 3779K(4224K)->3779K(4224K)
[944.861s][info][gc             ] GC(2469) Pause Young (Allocation Failure) 1322M->882M(1955M) 60.603ms
[944.861s][info][gc,cpu         ] GC(2469) User=0.38s Sys=0.00s Real=0.06s
[945.003s][info][gc,start       ] GC(2470) Pause Young (Allocation Failure)
[945.088s][info][gc,heap        ] GC(2470) PSYoungGen: 576928K->75968K(603136K)
[945.088s][info][gc,heap        ] GC(2470) PSOldGen: 835676K->886548K(1398272K)
[945.088s][info][gc,metaspace   ] GC(2470) Metaspace: 32487K(33584K)->32487K(33584K) NonClass: 28708K(29360K)->28708K(29360K) Class: 3779K(4224K)->3779K(4224K)
[945.088s][info][gc             ] GC(2470) Pause Young (Allocation Failure) 1379M->939M(1954M) 84.522ms
[945.088s][info][gc,cpu         ] GC(2470) User=0.55s Sys=0.00s Real=0.09s
[945.716s][info][gc,start       ] GC(2471) Pause Young (Allocation Failure)
[945.774s][info][gc,heap        ] GC(2471) PSYoungGen: 585408K->54688K(604160K)
[945.774s][info][gc,heap        ] GC(2471) PSOldGen: 886548K->918180K(1398272K)
[945.774s][info][gc,metaspace   ] GC(2471) Metaspace: 32487K(33584K)->32487K(33584K) NonClass: 28708K(29360K)->28708K(29360K) Class: 3779K(4224K)->3779K(4224K)
[945.774s][info][gc             ] GC(2471) Pause Young (Allocation Failure) 1437M->950M(1955M) 57.790ms
[945.774s][info][gc,cpu         ] GC(2471) User=0.38s Sys=0.00s Real=0.06s
[945.909s][info][gc,start       ] GC(2472) Pause Young (Allocation Failure)
[945.971s][info][gc,heap        ] GC(2472) PSYoungGen: 564128K->67360K(607232K)
[945.971s][info][gc,heap        ] GC(2472) PSOldGen: 918180K->963629K(1398272K)
[945.971s][info][gc,metaspace   ] GC(2472) Metaspace: 32487K(33584K)->32487K(33584K) NonClass: 28708K(29360K)->28708K(29360K) Class: 3779K(4224K)->3779K(4224K)
[945.971s][info][gc             ] GC(2472) Pause Young (Allocation Failure) 1447M->1006M(1958M) 61.386ms
[945.971s][info][gc,cpu         ] GC(2472) User=0.36s Sys=0.00s Real=0.06s
[946.108s][info][gc,start       ] GC(2473) Pause Young (Allocation Failure)
[946.175s][info][gc,heap        ] GC(2473) PSYoungGen: 580896K->70368K(605184K)
[946.175s][info][gc,heap        ] GC(2473) PSOldGen: 963629K->1016429K(1398272K)
[946.175s][info][gc,metaspace   ] GC(2473) Metaspace: 32487K(33584K)->32487K(33584K) NonClass: 28708K(29360K)->28708K(29360K) Class: 3779K(4224K)->3779K(4224K)
[946.175s][info][gc             ] GC(2473) Pause Young (Allocation Failure) 1508M->1061M(1956M) 67.354ms
[946.175s][info][gc,cpu         ] GC(2473) User=0.38s Sys=0.00s Real=0.07s
[946.762s][info][gc,start       ] GC(2474) Pause Young (Allocation Failure)
[946.824s][info][gc,heap        ] GC(2474) PSYoungGen: 583904K->62272K(609792K)
[946.824s][info][gc,heap        ] GC(2474) PSOldGen: 1016429K->1047325K(1398272K)
[946.824s][info][gc,metaspace   ] GC(2474) Metaspace: 32487K(33584K)->32487K(33584K) NonClass: 28708K(29360K)->28708K(29360K) Class: 3779K(4224K)->3779K(4224K)
[946.824s][info][gc             ] GC(2474) Pause Young (Allocation Failure) 1562M->1083M(1961M) 62.090ms
[946.824s][info][gc,cpu         ] GC(2474) User=0.34s Sys=0.03s Real=0.06s
[946.977s][info][gc,start       ] GC(2475) Pause Young (Allocation Failure)
[947.054s][info][gc,heap        ] GC(2475) PSYoungGen: 580928K->81632K(600576K)
[947.054s][info][gc,heap        ] GC(2475) PSOldGen: 1047325K->1091501K(1398272K)
[947.054s][info][gc,metaspace   ] GC(2475) Metaspace: 32487K(33584K)->32487K(33584K) NonClass: 28708K(29360K)->28708K(29360K) Class: 3779K(4224K)->3779K(4224K)
[947.054s][info][gc             ] GC(2475) Pause Young (Allocation Failure) 1590M->1145M(1952M) 76.431ms
[947.054s][info][gc,cpu         ] GC(2475) User=0.38s Sys=0.00s Real=0.08s
[947.339s][info][gc,start       ] GC(2476) Pause Young (Allocation Failure)
[947.406s][info][gc,heap        ] GC(2476) PSYoungGen: 600288K->58272K(607232K)
[947.406s][info][gc,heap        ] GC(2476) PSOldGen: 1091501K->1128877K(1398272K)
[947.406s][info][gc,metaspace   ] GC(2476) Metaspace: 32487K(33584K)->32487K(33584K) NonClass: 28708K(29360K)->28708K(29360K) Class: 3779K(4224K)->3779K(4224K)
[947.406s][info][gc             ] GC(2476) Pause Young (Allocation Failure) 1652M->1159M(1958M) 66.577ms
[947.406s][info][gc,cpu         ] GC(2476) User=0.38s Sys=0.00s Real=0.07s
[947.873s][info][gc,start       ] GC(2477) Pause Young (Allocation Failure)
[947.934s][info][gc,heap        ] GC(2477) PSYoungGen: 572832K->73248K(606208K)
[947.934s][info][gc,heap        ] GC(2477) PSOldGen: 1128877K->1160949K(1398272K)
[947.934s][info][gc,metaspace   ] GC(2477) Metaspace: 32487K(33584K)->32487K(33584K) NonClass: 28708K(29360K)->28708K(29360K) Class: 3779K(4224K)->3779K(4224K)
[947.934s][info][gc             ] GC(2477) Pause Young (Allocation Failure) 1661M->1205M(1957M) 60.345ms
[947.934s][info][gc,cpu         ] GC(2477) User=0.38s Sys=0.00s Real=0.07s
[948.065s][info][gc,start       ] GC(2478) Pause Young (Allocation Failure)
[948.136s][info][gc,heap        ] GC(2478) PSYoungGen: 587808K->70464K(608256K)
[948.136s][info][gc,heap        ] GC(2478) PSOldGen: 1160949K->1222190K(1398272K)
[948.136s][info][gc,metaspace   ] GC(2478) Metaspace: 32487K(33584K)->32487K(33584K) NonClass: 28708K(29360K)->28708K(29360K) Class: 3779K(4224K)->3779K(4224K)
[948.136s][info][gc             ] GC(2478) Pause Young (Allocation Failure) 1707M->1262M(1959M) 70.830ms
[948.136s][info][gc,cpu         ] GC(2478) User=0.45s Sys=0.00s Real=0.07s
[948.854s][info][gc,start       ] GC(2479) Pause Young (System.gc())
[948.904s][info][gc,heap        ] GC(2479) PSYoungGen: 536746K->35200K(550912K)
[948.905s][info][gc,heap        ] GC(2479) PSOldGen: 1222190K->1253278K(1398272K)
[948.905s][info][gc,metaspace   ] GC(2479) Metaspace: 32487K(33584K)->32487K(33584K) NonClass: 28708K(29360K)->28708K(29360K) Class: 3779K(4224K)->3779K(4224K)
[948.905s][info][gc             ] GC(2479) Pause Young (System.gc()) 1717M->1258M(1903M) 50.759ms
[948.905s][info][gc,cpu         ] GC(2479) User=0.27s Sys=0.00s Real=0.05s
[948.905s][info][gc,start       ] GC(2480) Pause Full (System.gc())
[948.905s][info][gc,phases,start] GC(2480) Phase 1: Mark live objects
[949.021s][info][gc,phases      ] GC(2480) Phase 1: Mark live objects 116.009ms
[949.021s][info][gc,phases,start] GC(2480) Phase 2: Compute new object addresses
[949.201s][info][gc,phases      ] GC(2480) Phase 2: Compute new object addresses 180.114ms
[949.201s][info][gc,phases,start] GC(2480) Phase 3: Adjust pointers
[949.284s][info][gc,phases      ] GC(2480) Phase 3: Adjust pointers 83.383ms
[949.284s][info][gc,phases,start] GC(2480) Phase 4: Move objects
[949.309s][info][gc,phases      ] GC(2480) Phase 4: Move objects 24.282ms
[949.309s][info][gc,heap        ] GC(2480) PSYoungGen: 35200K->0K(550912K)
[949.309s][info][gc,heap        ] GC(2480) PSOldGen: 1253278K->104474K(1398272K)
[949.309s][info][gc,metaspace   ] GC(2480) Metaspace: 32487K(33584K)->32487K(33584K) NonClass: 28708K(29360K)->28708K(29360K) Class: 3779K(4224K)->3779K(4224K)
[949.309s][info][gc             ] GC(2480) Pause Full (System.gc()) 1258M->102M(1903M) 404.572ms
[949.309s][info][gc,cpu         ] GC(2480) User=0.41s Sys=0.00s Real=0.39s
[949.450s][info][gc,start       ] GC(2481) Pause Young (Allocation Failure)
[949.486s][info][gc,heap        ] GC(2481) PSYoungGen: 515584K->66656K(607232K)
[949.486s][info][gc,heap        ] GC(2481) PSOldGen: 104474K->104474K(1398272K)
[949.486s][info][gc,metaspace   ] GC(2481) Metaspace: 32487K(33584K)->32487K(33584K) NonClass: 28708K(29360K)->28708K(29360K) Class: 3779K(4224K)->3779K(4224K)
[949.486s][info][gc             ] GC(2481) Pause Young (Allocation Failure) 605M->167M(1958M) 36.410ms
[949.486s][info][gc,cpu         ] GC(2481) User=0.19s Sys=0.00s Real=0.04s
[949.621s][info][gc,start       ] GC(2482) Pause Young (Allocation Failure)
[949.697s][info][gc,heap        ] GC(2482) PSYoungGen: 580192K->74944K(605184K)
[949.697s][info][gc,heap        ] GC(2482) PSOldGen: 104474K->157350K(1398272K)
[949.697s][info][gc,metaspace   ] GC(2482) Metaspace: 32487K(33584K)->32487K(33584K) NonClass: 28708K(29360K)->28708K(29360K) Class: 3779K(4224K)->3779K(4224K)
[949.697s][info][gc             ] GC(2482) Pause Young (Allocation Failure) 668M->226M(1956M) 75.547ms
[949.697s][info][gc,cpu         ] GC(2482) User=0.47s Sys=0.00s Real=0.07s
[950.478s][info][gc,start       ] GC(2483) Pause Young (Allocation Failure)
[950.532s][info][gc,heap        ] GC(2483) PSYoungGen: 588480K->42944K(603648K)
[950.532s][info][gc,heap        ] GC(2483) PSOldGen: 157350K->188774K(1398272K)
[950.532s][info][gc,metaspace   ] GC(2483) Metaspace: 32487K(33584K)->32487K(33584K) NonClass: 28708K(29360K)->28708K(29360K) Class: 3779K(4224K)->3779K(4224K)
[950.532s][info][gc             ] GC(2483) Pause Young (Allocation Failure) 728M->226M(1955M) 54.175ms
[950.532s][info][gc,cpu         ] GC(2483) User=0.20s Sys=0.00s Real=0.06s
[950.667s][info][gc,start       ] GC(2484) Pause Young (Allocation Failure)
[950.724s][info][gc,heap        ] GC(2484) PSYoungGen: 553408K->67648K(604672K)
[950.724s][info][gc,heap        ] GC(2484) PSOldGen: 188774K->226206K(1398272K)
[950.724s][info][gc,metaspace   ] GC(2484) Metaspace: 32487K(33584K)->32487K(33584K) NonClass: 28708K(29360K)->28708K(29360K) Class: 3779K(4224K)->3779K(4224K)
[950.724s][info][gc             ] GC(2484) Pause Young (Allocation Failure) 724M->286M(1956M) 56.288ms
[950.724s][info][gc,cpu         ] GC(2484) User=0.28s Sys=0.00s Real=0.06s
[950.857s][info][gc,start       ] GC(2485) Pause Young (Allocation Failure)
[950.921s][info][gc,heap        ] GC(2485) PSYoungGen: 578112K->68704K(607232K)
[950.921s][info][gc,heap        ] GC(2485) PSOldGen: 226206K->281214K(1398272K)
[950.921s][info][gc,metaspace   ] GC(2485) Metaspace: 32487K(33584K)->32487K(33584K) NonClass: 28708K(29360K)->28708K(29360K) Class: 3779K(4224K)->3779K(4224K)
[950.921s][info][gc             ] GC(2485) Pause Young (Allocation Failure) 785M->341M(1958M) 64.441ms
[950.921s][info][gc,cpu         ] GC(2485) User=0.36s Sys=0.02s Real=0.06s
[951.639s][info][gc,start       ] GC(2486) Pause Young (Allocation Failure)
[951.699s][info][gc,heap        ] GC(2486) PSYoungGen: 583264K->49376K(606208K)
[951.699s][info][gc,heap        ] GC(2486) PSOldGen: 281214K->311318K(1398272K)
[951.699s][info][gc,metaspace   ] GC(2486) Metaspace: 32487K(33584K)->32487K(33584K) NonClass: 28708K(29360K)->28708K(29360K) Class: 3779K(4224K)->3779K(4224K)
[951.699s][info][gc             ] GC(2486) Pause Young (Allocation Failure) 844M->352M(1957M) 60.567ms
[951.699s][info][gc,cpu         ] GC(2486) User=0.38s Sys=0.00s Real=0.06s
[951.838s][info][gc,start       ] GC(2487) Pause Young (Allocation Failure)
[951.905s][info][gc,heap        ] GC(2487) PSYoungGen: 563936K->69184K(607744K)
[951.905s][info][gc,heap        ] GC(2487) PSOldGen: 311318K->354087K(1398272K)
[951.905s][info][gc,metaspace   ] GC(2487) Metaspace: 32487K(33584K)->32487K(33584K) NonClass: 28708K(29360K)->28708K(29360K) Class: 3779K(4224K)->3779K(4224K)
[951.905s][info][gc             ] GC(2487) Pause Young (Allocation Failure) 854M->413M(1959M) 67.207ms
[951.905s][info][gc,cpu         ] GC(2487) User=0.36s Sys=0.00s Real=0.07s
[952.051s][info][gc,start       ] GC(2488) Pause Young (Allocation Failure)
[952.120s][info][gc,heap        ] GC(2488) PSYoungGen: 585280K->80256K(596480K)
[952.120s][info][gc,heap        ] GC(2488) PSOldGen: 354087K->402735K(1398272K)
[952.120s][info][gc,metaspace   ] GC(2488) Metaspace: 32487K(33584K)->32487K(33584K) NonClass: 28708K(29360K)->28708K(29360K) Class: 3779K(4224K)->3779K(4224K)
[952.120s][info][gc             ] GC(2488) Pause Young (Allocation Failure) 917M->471M(1948M) 69.278ms
[952.120s][info][gc,cpu         ] GC(2488) User=0.45s Sys=0.02s Real=0.07s
[952.679s][info][gc,start       ] GC(2489) Pause Young (Allocation Failure)
[952.747s][info][gc,heap        ] GC(2489) PSYoungGen: 596352K->61312K(606720K)
[952.747s][info][gc,heap        ] GC(2489) PSOldGen: 402735K->435815K(1398272K)
[952.747s][info][gc,metaspace   ] GC(2489) Metaspace: 32487K(33584K)->32487K(33584K) NonClass: 28708K(29360K)->28708K(29360K) Class: 3779K(4224K)->3779K(4224K)
[952.747s][info][gc             ] GC(2489) Pause Young (Allocation Failure) 975M->485M(1958M) 67.489ms
[952.747s][info][gc,cpu         ] GC(2489) User=0.47s Sys=0.00s Real=0.08s
[952.889s][info][gc,start       ] GC(2490) Pause Young (Allocation Failure)
[952.963s][info][gc,heap        ] GC(2490) PSYoungGen: 573312K->77568K(604160K)
[952.963s][info][gc,heap        ] GC(2490) PSOldGen: 435815K->480195K(1398272K)
[952.963s][info][gc,metaspace   ] GC(2490) Metaspace: 32487K(33584K)->32487K(33584K) NonClass: 28708K(29360K)->28708K(29360K) Class: 3779K(4224K)->3779K(4224K)
[952.963s][info][gc             ] GC(2490) Pause Young (Allocation Failure) 985M->544M(1955M) 74.020ms
[952.963s][info][gc,cpu         ] GC(2490) User=0.47s Sys=0.00s Real=0.07s
[953.197s][info][gc,start       ] GC(2491) Pause Young (Allocation Failure)
[953.267s][info][gc,heap        ] GC(2491) PSYoungGen: 589568K->63296K(606720K)
[953.268s][info][gc,heap        ] GC(2491) PSOldGen: 480195K->522995K(1398272K)
[953.268s][info][gc,metaspace   ] GC(2491) Metaspace: 32487K(33584K)->32487K(33584K) NonClass: 28708K(29360K)->28708K(29360K) Class: 3779K(4224K)->3779K(4224K)
[953.268s][info][gc             ] GC(2491) Pause Young (Allocation Failure) 1044M->572M(1958M) 70.522ms
[953.268s][info][gc,cpu         ] GC(2491) User=0.34s Sys=0.00s Real=0.08s
[953.827s][info][gc,start       ] GC(2492) Pause Young (Allocation Failure)
[953.884s][info][gc,heap        ] GC(2492) PSYoungGen: 575808K->59776K(604672K)
[953.884s][info][gc,heap        ] GC(2492) PSOldGen: 522995K->554659K(1398272K)
[953.884s][info][gc,metaspace   ] GC(2492) Metaspace: 32487K(33584K)->32487K(33584K) NonClass: 28708K(29360K)->28708K(29360K) Class: 3779K(4224K)->3779K(4224K)
[953.884s][info][gc             ] GC(2492) Pause Young (Allocation Failure) 1073M->600M(1956M) 56.880ms
[953.884s][info][gc,cpu         ] GC(2492) User=0.38s Sys=0.00s Real=0.06s
[954.015s][info][gc,start       ] GC(2493) Pause Young (Allocation Failure)
[954.077s][info][gc,heap        ] GC(2493) PSYoungGen: 572288K->71392K(608768K)
[954.077s][info][gc,heap        ] GC(2493) PSOldGen: 554659K->601344K(1398272K)
[954.077s][info][gc,metaspace   ] GC(2493) Metaspace: 32487K(33584K)->32487K(33584K) NonClass: 28708K(29360K)->28708K(29360K) Class: 3779K(4224K)->3779K(4224K)
[954.077s][info][gc             ] GC(2493) Pause Young (Allocation Failure) 1100M->656M(1960M) 61.989ms
[954.077s][info][gc,cpu         ] GC(2493) User=0.36s Sys=0.02s Real=0.06s
[954.381s][info][gc,start       ] GC(2494) Pause Young (Allocation Failure)
[954.448s][info][gc,heap        ] GC(2494) PSYoungGen: 590048K->59104K(608768K)
[954.448s][info][gc,heap        ] GC(2494) PSOldGen: 601344K->642040K(1398272K)
[954.448s][info][gc,metaspace   ] GC(2494) Metaspace: 32487K(33584K)->32487K(33584K) NonClass: 28708K(29360K)->28708K(29360K) Class: 3779K(4224K)->3779K(4224K)
[954.448s][info][gc             ] GC(2494) Pause Young (Allocation Failure) 1163M->684M(1960M) 66.651ms
[954.448s][info][gc,cpu         ] GC(2494) User=0.38s Sys=0.00s Real=0.08s
[955.025s][info][gc,start       ] GC(2495) Pause Young (Allocation Failure)
[955.088s][info][gc,heap        ] GC(2495) PSYoungGen: 577760K->73344K(608768K)
[955.088s][info][gc,heap        ] GC(2495) PSOldGen: 642040K->672664K(1398272K)
[955.088s][info][gc,metaspace   ] GC(2495) Metaspace: 32487K(33584K)->32487K(33584K) NonClass: 28708K(29360K)->28708K(29360K) Class: 3779K(4224K)->3779K(4224K)
[955.088s][info][gc             ] GC(2495) Pause Young (Allocation Failure) 1191M->728M(1960M) 62.699ms
[955.088s][info][gc,cpu         ] GC(2495) User=0.36s Sys=0.00s Real=0.08s
[955.229s][info][gc,start       ] GC(2496) Pause Young (Allocation Failure)
[955.307s][info][gc,heap        ] GC(2496) PSYoungGen: 593024K->72640K(609280K)
[955.307s][info][gc,heap        ] GC(2496) PSOldGen: 672664K->732948K(1398272K)
[955.307s][info][gc,metaspace   ] GC(2496) Metaspace: 32487K(33584K)->32487K(33584K) NonClass: 28708K(29360K)->28708K(29360K) Class: 3779K(4224K)->3779K(4224K)
[955.307s][info][gc             ] GC(2496) Pause Young (Allocation Failure) 1236M->786M(1960M) 77.487ms
[955.307s][info][gc,cpu         ] GC(2496) User=0.42s Sys=0.00s Real=0.08s
[955.967s][info][gc,start       ] GC(2497) Pause Young (Allocation Failure)
[956.021s][info][gc,heap        ] GC(2497) PSYoungGen: 592320K->46240K(606208K)
[956.021s][info][gc,heap        ] GC(2497) PSOldGen: 732948K->764548K(1398272K)
[956.021s][info][gc,metaspace   ] GC(2497) Metaspace: 32487K(33584K)->32487K(33584K) NonClass: 28708K(29360K)->28708K(29360K) Class: 3779K(4224K)->3779K(4224K)
[956.021s][info][gc             ] GC(2497) Pause Young (Allocation Failure) 1294M->791M(1957M) 53.844ms
[956.021s][info][gc,cpu         ] GC(2497) User=0.28s Sys=0.00s Real=0.06s
[956.182s][info][gc,start       ] GC(2498) Pause Young (Allocation Failure)
[956.249s][info][gc,heap        ] GC(2498) PSYoungGen: 562848K->74112K(590848K)
[956.249s][info][gc,heap        ] GC(2498) PSOldGen: 764548K->804525K(1398272K)
[956.249s][info][gc,metaspace   ] GC(2498) Metaspace: 32487K(33584K)->32487K(33584K) NonClass: 28708K(29360K)->28708K(29360K) Class: 3779K(4224K)->3779K(4224K)
[956.249s][info][gc             ] GC(2498) Pause Young (Allocation Failure) 1296M->858M(1942M) 66.967ms
[956.249s][info][gc,cpu         ] GC(2498) User=0.36s Sys=0.02s Real=0.07s
[956.389s][info][gc,start       ] GC(2499) Pause Young (Allocation Failure)
[956.457s][info][gc,heap        ] GC(2499) PSYoungGen: 590720K->70496K(607744K)
[956.457s][info][gc,heap        ] GC(2499) PSOldGen: 804525K->865637K(1398272K)
[956.457s][info][gc,metaspace   ] GC(2499) Metaspace: 32487K(33584K)->32487K(33584K) NonClass: 28708K(29360K)->28708K(29360K) Class: 3779K(4224K)->3779K(4224K)
[956.457s][info][gc             ] GC(2499) Pause Young (Allocation Failure) 1362M->914M(1959M) 68.257ms
[956.457s][info][gc,cpu         ] GC(2499) User=0.38s Sys=0.00s Real=0.07s
[957.034s][info][gc,start       ] GC(2500) Pause Young (Allocation Failure)
[957.090s][info][gc,heap        ] GC(2500) PSYoungGen: 586592K->57440K(607232K)
[957.090s][info][gc,heap        ] GC(2500) PSOldGen: 865637K->896901K(1398272K)
[957.090s][info][gc,metaspace   ] GC(2500) Metaspace: 32487K(33584K)->32487K(33584K) NonClass: 28708K(29360K)->28708K(29360K) Class: 3779K(4224K)->3779K(4224K)
[957.090s][info][gc             ] GC(2500) Pause Young (Allocation Failure) 1418M->931M(1958M) 56.415ms
[957.090s][info][gc,cpu         ] GC(2500) User=0.38s Sys=0.00s Real=0.06s
[957.239s][info][gc,start       ] GC(2501) Pause Young (Allocation Failure)
[957.308s][info][gc,heap        ] GC(2501) PSYoungGen: 573536K->74912K(606720K)
[957.309s][info][gc,heap        ] GC(2501) PSOldGen: 896901K->940301K(1398272K)
[957.309s][info][gc,metaspace   ] GC(2501) Metaspace: 32487K(33584K)->32487K(33584K) NonClass: 28708K(29360K)->28708K(29360K) Class: 3779K(4224K)->3779K(4224K)
[957.309s][info][gc             ] GC(2501) Pause Young (Allocation Failure) 1435M->991M(1958M) 69.101ms
[957.309s][info][gc,cpu         ] GC(2501) User=0.41s Sys=0.00s Real=0.07s
[957.503s][info][gc,start       ] GC(2502) Pause Young (Allocation Failure)
[957.575s][info][gc,heap        ] GC(2502) PSYoungGen: 591520K->70048K(607744K)
[957.575s][info][gc,heap        ] GC(2502) PSOldGen: 940301K->980453K(1398272K)
[957.575s][info][gc,metaspace   ] GC(2502) Metaspace: 32487K(33584K)->32487K(33584K) NonClass: 28708K(29360K)->28708K(29360K) Class: 3779K(4224K)->3779K(4224K)
[957.575s][info][gc             ] GC(2502) Pause Young (Allocation Failure) 1495M->1025M(1959M) 71.433ms
[957.575s][info][gc,cpu         ] GC(2502) User=0.47s Sys=0.00s Real=0.07s
[958.145s][info][gc,start       ] GC(2503) Pause Young (Allocation Failure)
[958.206s][info][gc,heap        ] GC(2503) PSYoungGen: 586656K->65760K(610816K)
[958.206s][info][gc,heap        ] GC(2503) PSOldGen: 980453K->1015085K(1398272K)
[958.206s][info][gc,metaspace   ] GC(2503) Metaspace: 32487K(33584K)->32487K(33584K) NonClass: 28708K(29360K)->28708K(29360K) Class: 3779K(4224K)->3779K(4224K)
[958.206s][info][gc             ] GC(2503) Pause Young (Allocation Failure) 1530M->1055M(1962M) 60.843ms
[958.206s][info][gc,cpu         ] GC(2503) User=0.38s Sys=0.00s Real=0.07s
[958.346s][info][gc,start       ] GC(2504) Pause Young (Allocation Failure)
[958.418s][info][gc,heap        ] GC(2504) PSYoungGen: 586464K->73568K(608768K)
[958.418s][info][gc,heap        ] GC(2504) PSOldGen: 1015085K->1069133K(1398272K)
[958.418s][info][gc,metaspace   ] GC(2504) Metaspace: 32487K(33584K)->32487K(33584K) NonClass: 28708K(29360K)->28708K(29360K) Class: 3779K(4224K)->3779K(4224K)
[958.418s][info][gc             ] GC(2504) Pause Young (Allocation Failure) 1564M->1115M(1960M) 71.646ms
[958.418s][info][gc,cpu         ] GC(2504) User=0.42s Sys=0.00s Real=0.07s
[959.111s][info][gc,start       ] GC(2505) Pause Young (Allocation Failure)
[959.164s][info][gc,heap        ] GC(2505) PSYoungGen: 594272K->43168K(606208K)
[959.164s][info][gc,heap        ] GC(2505) PSOldGen: 1069133K->1101461K(1398272K)
[959.164s][info][gc,metaspace   ] GC(2505) Metaspace: 32487K(33584K)->32487K(33584K) NonClass: 28708K(29360K)->28708K(29360K) Class: 3779K(4224K)->3779K(4224K)
[959.164s][info][gc             ] GC(2505) Pause Young (Allocation Failure) 1624M->1117M(1957M) 52.845ms
[959.164s][info][gc,cpu         ] GC(2505) User=0.30s Sys=0.00s Real=0.05s
[959.311s][info][gc,start       ] GC(2506) Pause Young (Allocation Failure)
[959.376s][info][gc,heap        ] GC(2506) PSYoungGen: 560800K->70080K(608256K)
[959.376s][info][gc,heap        ] GC(2506) PSOldGen: 1101461K->1141766K(1398272K)
[959.376s][info][gc,metaspace   ] GC(2506) Metaspace: 32487K(33584K)->32487K(33584K) NonClass: 28708K(29360K)->28708K(29360K) Class: 3779K(4224K)->3779K(4224K)
[959.376s][info][gc             ] GC(2506) Pause Young (Allocation Failure) 1623M->1183M(1959M) 65.259ms
[959.376s][info][gc,cpu         ] GC(2506) User=0.33s Sys=0.02s Real=0.07s
[959.514s][info][gc,start       ] GC(2507) Pause Young (Allocation Failure)
[959.580s][info][gc,heap        ] GC(2507) PSYoungGen: 587712K->70240K(609792K)
[959.580s][info][gc,heap        ] GC(2507) PSOldGen: 1141766K->1198910K(1398272K)
[959.580s][info][gc,metaspace   ] GC(2507) Metaspace: 32487K(33584K)->32487K(33584K) NonClass: 28708K(29360K)->28708K(29360K) Class: 3779K(4224K)->3779K(4224K)
[959.580s][info][gc             ] GC(2507) Pause Young (Allocation Failure) 1688M->1239M(1961M) 66.424ms
[959.580s][info][gc,cpu         ] GC(2507) User=0.38s Sys=0.00s Real=0.07s
[960.173s][info][gc,start       ] GC(2508) Pause Young (System.gc())
[960.219s][info][gc,heap        ] GC(2508) PSYoungGen: 438420K->30624K(548864K)
[960.219s][info][gc,heap        ] GC(2508) PSOldGen: 1198910K->1230702K(1398272K)
[960.219s][info][gc,metaspace   ] GC(2508) Metaspace: 32487K(33584K)->32487K(33584K) NonClass: 28708K(29360K)->28708K(29360K) Class: 3779K(4224K)->3779K(4224K)
[960.219s][info][gc             ] GC(2508) Pause Young (System.gc()) 1598M->1231M(1901M) 46.501ms
[960.219s][info][gc,cpu         ] GC(2508) User=0.28s Sys=0.00s Real=0.05s
[960.219s][info][gc,start       ] GC(2509) Pause Full (System.gc())
[960.219s][info][gc,phases,start] GC(2509) Phase 1: Mark live objects
[960.329s][info][gc,phases      ] GC(2509) Phase 1: Mark live objects 109.218ms
[960.329s][info][gc,phases,start] GC(2509) Phase 2: Compute new object addresses
[960.506s][info][gc,phases      ] GC(2509) Phase 2: Compute new object addresses 176.800ms
[960.506s][info][gc,phases,start] GC(2509) Phase 3: Adjust pointers
[960.587s][info][gc,phases      ] GC(2509) Phase 3: Adjust pointers 81.826ms
[960.587s][info][gc,phases,start] GC(2509) Phase 4: Move objects
[960.611s][info][gc,phases      ] GC(2509) Phase 4: Move objects 23.567ms
[960.611s][info][gc,heap        ] GC(2509) PSYoungGen: 30624K->0K(548864K)
[960.611s][info][gc,heap        ] GC(2509) PSOldGen: 1230702K->173637K(1398272K)
[960.611s][info][gc,metaspace   ] GC(2509) Metaspace: 32487K(33584K)->32487K(33584K) NonClass: 28708K(29360K)->28708K(29360K) Class: 3779K(4224K)->3779K(4224K)
[960.612s][info][gc             ] GC(2509) Pause Full (System.gc()) 1231M->169M(1901M) 392.164ms
[960.612s][info][gc,cpu         ] GC(2509) User=0.38s Sys=0.02s Real=0.39s
[960.851s][info][gc,start       ] GC(2510) Pause Young (Allocation Failure)
[960.895s][info][gc,heap        ] GC(2510) PSYoungGen: 518144K->81664K(597504K)
[960.895s][info][gc,heap        ] GC(2510) PSOldGen: 173637K->173637K(1398272K)
[960.895s][info][gc,metaspace   ] GC(2510) Metaspace: 32489K(33584K)->32489K(33584K) NonClass: 28709K(29360K)->28709K(29360K) Class: 3779K(4224K)->3779K(4224K)
[960.895s][info][gc             ] GC(2510) Pause Young (Allocation Failure) 675M->249M(1949M) 44.124ms
[960.895s][info][gc,cpu         ] GC(2510) User=0.25s Sys=0.00s Real=0.05s
[961.046s][info][gc,start       ] GC(2511) Pause Young (Allocation Failure)
[961.118s][info][gc,heap        ] GC(2511) PSYoungGen: 585984K->80032K(584704K)
[961.118s][info][gc,heap        ] GC(2511) PSOldGen: 173637K->235637K(1398272K)
[961.118s][info][gc,metaspace   ] GC(2511) Metaspace: 32489K(33584K)->32489K(33584K) NonClass: 28709K(29360K)->28709K(29360K) Class: 3779K(4224K)->3779K(4224K)
[961.118s][info][gc             ] GC(2511) Pause Young (Allocation Failure) 741M->308M(1936M) 72.532ms
[961.118s][info][gc,cpu         ] GC(2511) User=0.47s Sys=0.00s Real=0.07s
[961.784s][info][gc,start       ] GC(2512) Pause Young (Allocation Failure)
[961.844s][info][gc,heap        ] GC(2512) PSYoungGen: 584352K->59840K(601600K)
[961.844s][info][gc,heap        ] GC(2512) PSOldGen: 235637K->268645K(1398272K)
[961.844s][info][gc,metaspace   ] GC(2512) Metaspace: 32489K(33584K)->32489K(33584K) NonClass: 28709K(29360K)->28709K(29360K) Class: 3779K(4224K)->3779K(4224K)
[961.844s][info][gc             ] GC(2512) Pause Young (Allocation Failure) 800M->320M(1953M) 60.637ms
[961.844s][info][gc,cpu         ] GC(2512) User=0.36s Sys=0.00s Real=0.07s
[961.976s][info][gc,start       ] GC(2513) Pause Young (Allocation Failure)
[962.041s][info][gc,heap        ] GC(2513) PSYoungGen: 561600K->73760K(599040K)
[962.041s][info][gc,heap        ] GC(2513) PSOldGen: 268645K->314473K(1398272K)
[962.041s][info][gc,metaspace   ] GC(2513) Metaspace: 32489K(33584K)->32489K(33584K) NonClass: 28709K(29360K)->28709K(29360K) Class: 3779K(4224K)->3779K(4224K)
[962.041s][info][gc             ] GC(2513) Pause Young (Allocation Failure) 810M->379M(1950M) 64.621ms
[962.041s][info][gc,cpu         ] GC(2513) User=0.47s Sys=0.00s Real=0.06s
[962.237s][info][gc,start       ] GC(2514) Pause Young (Allocation Failure)
[962.308s][info][gc,heap        ] GC(2514) PSYoungGen: 575520K->66272K(604672K)
[962.308s][info][gc,heap        ] GC(2514) PSOldGen: 314473K->357609K(1398272K)
[962.308s][info][gc,metaspace   ] GC(2514) Metaspace: 32489K(33584K)->32489K(33584K) NonClass: 28709K(29360K)->28709K(29360K) Class: 3779K(4224K)->3779K(4224K)
[962.308s][info][gc             ] GC(2514) Pause Young (Allocation Failure) 869M->413M(1956M) 71.215ms
[962.308s][info][gc,cpu         ] GC(2514) User=0.42s Sys=0.00s Real=0.08s
[962.934s][info][gc,start       ] GC(2515) Pause Young (Allocation Failure)
[962.991s][info][gc,heap        ] GC(2515) PSYoungGen: 573664K->61792K(601600K)
[962.991s][info][gc,heap        ] GC(2515) PSOldGen: 357609K->390537K(1398272K)
[962.991s][info][gc,metaspace   ] GC(2515) Metaspace: 32489K(33584K)->32489K(33584K) NonClass: 28709K(29360K)->28709K(29360K) Class: 3779K(4224K)->3779K(4224K)
[962.991s][info][gc             ] GC(2515) Pause Young (Allocation Failure) 909M->441M(1953M) 57.445ms
[962.991s][info][gc,cpu         ] GC(2515) User=0.28s Sys=0.00s Real=0.07s
[963.142s][info][gc,start       ] GC(2516) Pause Young (Allocation Failure)
[963.209s][info][gc,heap        ] GC(2516) PSYoungGen: 569184K->82528K(599552K)
[963.209s][info][gc,heap        ] GC(2516) PSOldGen: 390537K->433266K(1398272K)
[963.209s][info][gc,metaspace   ] GC(2516) Metaspace: 32489K(33584K)->32489K(33584K) NonClass: 28709K(29360K)->28709K(29360K) Class: 3779K(4224K)->3779K(4224K)
[963.209s][info][gc             ] GC(2516) Pause Young (Allocation Failure) 937M->503M(1951M) 67.156ms
[963.209s][info][gc,cpu         ] GC(2516) User=0.38s Sys=0.00s Real=0.07s
[963.591s][info][gc,start       ] GC(2517) Pause Young (Allocation Failure)
[963.648s][info][gc,heap        ] GC(2517) PSYoungGen: 589920K->49184K(557056K)
[963.648s][info][gc,heap        ] GC(2517) PSOldGen: 433266K->467466K(1398272K)
[963.648s][info][gc,metaspace   ] GC(2517) Metaspace: 32489K(33584K)->32489K(33584K) NonClass: 28709K(29360K)->28709K(29360K) Class: 3779K(4224K)->3779K(4224K)
[963.648s][info][gc             ] GC(2517) Pause Young (Allocation Failure) 999M->504M(1909M) 57.004ms
[963.648s][info][gc,cpu         ] GC(2517) User=0.20s Sys=0.00s Real=0.06s
[963.934s][info][gc,start       ] GC(2518) Pause Young (Allocation Failure)
[963.991s][info][gc,heap        ] GC(2518) PSYoungGen: 556576K->69664K(604160K)
[963.991s][info][gc,heap        ] GC(2518) PSOldGen: 467466K->501618K(1398272K)
[963.991s][info][gc,metaspace   ] GC(2518) Metaspace: 32489K(33584K)->32489K(33584K) NonClass: 28709K(29360K)->28709K(29360K) Class: 3779K(4224K)->3779K(4224K)
[963.991s][info][gc             ] GC(2518) Pause Young (Allocation Failure) 1000M->557M(1955M) 56.870ms
[963.991s][info][gc,cpu         ] GC(2518) User=0.28s Sys=0.00s Real=0.06s
[964.129s][info][gc,start       ] GC(2519) Pause Young (Allocation Failure)
[964.196s][info][gc,heap        ] GC(2519) PSYoungGen: 577568K->73568K(602624K)
[964.196s][info][gc,heap        ] GC(2519) PSOldGen: 501618K->556242K(1398272K)
[964.196s][info][gc,metaspace   ] GC(2519) Metaspace: 32489K(33584K)->32489K(33584K) NonClass: 28709K(29360K)->28709K(29360K) Class: 3779K(4224K)->3779K(4224K)
[964.196s][info][gc             ] GC(2519) Pause Young (Allocation Failure) 1053M->615M(1954M) 67.001ms
[964.196s][info][gc,cpu         ] GC(2519) User=0.45s Sys=0.00s Real=0.07s
[964.705s][info][gc,start       ] GC(2520) Pause Young (Allocation Failure)
[964.769s][info][gc,heap        ] GC(2520) PSYoungGen: 581472K->46368K(603136K)
[964.769s][info][gc,heap        ] GC(2520) PSOldGen: 556242K->587578K(1398272K)
[964.769s][info][gc,metaspace   ] GC(2520) Metaspace: 32489K(33584K)->32489K(33584K) NonClass: 28709K(29360K)->28709K(29360K) Class: 3779K(4224K)->3779K(4224K)
[964.769s][info][gc             ] GC(2520) Pause Young (Allocation Failure) 1111M->619M(1954M) 63.980ms
[964.769s][info][gc,cpu         ] GC(2520) User=0.38s Sys=0.00s Real=0.06s
[964.892s][info][gc,start       ] GC(2521) Pause Young (Allocation Failure)
[964.949s][info][gc,heap        ] GC(2521) PSYoungGen: 554784K->61600K(603648K)
[964.949s][info][gc,heap        ] GC(2521) PSOldGen: 587578K->629807K(1398272K)
[964.949s][info][gc,metaspace   ] GC(2521) Metaspace: 32489K(33584K)->32489K(33584K) NonClass: 28709K(29360K)->28709K(29360K) Class: 3779K(4224K)->3779K(4224K)
[964.949s][info][gc             ] GC(2521) Pause Young (Allocation Failure) 1115M->675M(1955M) 57.676ms
[964.949s][info][gc,cpu         ] GC(2521) User=0.33s Sys=0.00s Real=0.06s
[965.101s][info][gc,start       ] GC(2522) Pause Young (Allocation Failure)
[965.183s][info][gc,heap        ] GC(2522) PSYoungGen: 570016K->83744K(596992K)
[965.183s][info][gc,heap        ] GC(2522) PSOldGen: 629807K->671071K(1398272K)
[965.183s][info][gc,metaspace   ] GC(2522) Metaspace: 32489K(33584K)->32489K(33584K) NonClass: 28709K(29360K)->28709K(29360K) Class: 3779K(4224K)->3779K(4224K)
[965.183s][info][gc             ] GC(2522) Pause Young (Allocation Failure) 1171M->737M(1948M) 82.055ms
[965.183s][info][gc,cpu         ] GC(2522) User=0.56s Sys=0.00s Real=0.08s
[965.793s][info][gc,start       ] GC(2523) Pause Young (Allocation Failure)
[965.848s][info][gc,heap        ] GC(2523) PSYoungGen: 588064K->50368K(601600K)
[965.848s][info][gc,heap        ] GC(2523) PSOldGen: 671071K->704135K(1398272K)
[965.848s][info][gc,metaspace   ] GC(2523) Metaspace: 32489K(33584K)->32489K(33584K) NonClass: 28709K(29360K)->28709K(29360K) Class: 3779K(4224K)->3779K(4224K)
[965.848s][info][gc             ] GC(2523) Pause Young (Allocation Failure) 1229M->736M(1953M) 55.154ms
[965.848s][info][gc,cpu         ] GC(2523) User=0.28s Sys=0.00s Real=0.05s
[965.973s][info][gc,start       ] GC(2524) Pause Young (Allocation Failure)
[966.040s][info][gc,heap        ] GC(2524) PSYoungGen: 554688K->63136K(605184K)
[966.040s][info][gc,heap        ] GC(2524) PSOldGen: 704135K->749647K(1398272K)
[966.040s][info][gc,metaspace   ] GC(2524) Metaspace: 32489K(33584K)->32489K(33584K) NonClass: 28709K(29360K)->28709K(29360K) Class: 3779K(4224K)->3779K(4224K)
[966.040s][info][gc             ] GC(2524) Pause Young (Allocation Failure) 1229M->793M(1956M) 66.994ms
[966.041s][info][gc,cpu         ] GC(2524) User=0.47s Sys=0.00s Real=0.07s
[966.173s][info][gc,start       ] GC(2525) Pause Young (Allocation Failure)
[966.252s][info][gc,heap        ] GC(2525) PSYoungGen: 571552K->70016K(602112K)
[966.252s][info][gc,heap        ] GC(2525) PSOldGen: 749647K->798551K(1398272K)
[966.252s][info][gc,metaspace   ] GC(2525) Metaspace: 32489K(33584K)->32489K(33584K) NonClass: 28709K(29360K)->28709K(29360K) Class: 3779K(4224K)->3779K(4224K)
[966.252s][info][gc             ] GC(2525) Pause Young (Allocation Failure) 1290M->848M(1953M) 79.074ms
[966.252s][info][gc,cpu         ] GC(2525) User=0.47s Sys=0.00s Real=0.08s
[966.901s][info][gc,start       ] GC(2526) Pause Young (Allocation Failure)
[966.972s][info][gc,heap        ] GC(2526) PSYoungGen: 578432K->55648K(607232K)
[966.972s][info][gc,heap        ] GC(2526) PSOldGen: 798551K->828519K(1398272K)
[966.972s][info][gc,metaspace   ] GC(2526) Metaspace: 32489K(33584K)->32489K(33584K) NonClass: 28709K(29360K)->28709K(29360K) Class: 3779K(4224K)->3779K(4224K)
[966.972s][info][gc             ] GC(2526) Pause Young (Allocation Failure) 1344M->863M(1958M) 70.270ms
[966.972s][info][gc,cpu         ] GC(2526) User=0.34s Sys=0.00s Real=0.07s
[967.116s][info][gc,start       ] GC(2527) Pause Young (Allocation Failure)
[967.181s][info][gc,heap        ] GC(2527) PSYoungGen: 569696K->75392K(605696K)
[967.181s][info][gc,heap        ] GC(2527) PSOldGen: 828519K->871304K(1398272K)
[967.181s][info][gc,metaspace   ] GC(2527) Metaspace: 32489K(33584K)->32489K(33584K) NonClass: 28709K(29360K)->28709K(29360K) Class: 3779K(4224K)->3779K(4224K)
[967.181s][info][gc             ] GC(2527) Pause Young (Allocation Failure) 1365M->924M(1957M) 64.714ms
[967.181s][info][gc,cpu         ] GC(2527) User=0.47s Sys=0.00s Real=0.07s
[967.348s][info][gc,start       ] GC(2528) Pause Young (Allocation Failure)
[967.429s][info][gc,heap        ] GC(2528) PSYoungGen: 589440K->76768K(602624K)
[967.429s][info][gc,heap        ] GC(2528) PSOldGen: 871304K->921536K(1398272K)
[967.429s][info][gc,metaspace   ] GC(2528) Metaspace: 32489K(33584K)->32489K(33584K) NonClass: 28709K(29360K)->28709K(29360K) Class: 3779K(4224K)->3779K(4224K)
[967.429s][info][gc             ] GC(2528) Pause Young (Allocation Failure) 1426M->974M(1954M) 81.183ms
[967.429s][info][gc,cpu         ] GC(2528) User=0.44s Sys=0.00s Real=0.08s
[968.093s][info][gc,start       ] GC(2529) Pause Young (Allocation Failure)
[968.156s][info][gc,heap        ] GC(2529) PSYoungGen: 586208K->66080K(604160K)
[968.156s][info][gc,heap        ] GC(2529) PSOldGen: 921536K->953200K(1398272K)
[968.156s][info][gc,metaspace   ] GC(2529) Metaspace: 32489K(33584K)->32489K(33584K) NonClass: 28709K(29360K)->28709K(29360K) Class: 3779K(4224K)->3779K(4224K)
[968.156s][info][gc             ] GC(2529) Pause Young (Allocation Failure) 1472M->995M(1955M) 62.542ms
[968.156s][info][gc,cpu         ] GC(2529) User=0.38s Sys=0.00s Real=0.06s
[968.303s][info][gc,start       ] GC(2530) Pause Young (Allocation Failure)
[968.373s][info][gc,heap        ] GC(2530) PSYoungGen: 575520K->78048K(603648K)
[968.373s][info][gc,heap        ] GC(2530) PSOldGen: 953200K->1003184K(1398272K)
[968.373s][info][gc,metaspace   ] GC(2530) Metaspace: 32489K(33584K)->32489K(33584K) NonClass: 28709K(29360K)->28709K(29360K) Class: 3779K(4224K)->3779K(4224K)
[968.373s][info][gc             ] GC(2530) Pause Young (Allocation Failure) 1492M->1055M(1955M) 70.685ms
[968.373s][info][gc,cpu         ] GC(2530) User=0.47s Sys=0.00s Real=0.07s
[968.761s][info][gc,start       ] GC(2531) Pause Young (Allocation Failure)
[968.822s][info][gc,heap        ] GC(2531) PSYoungGen: 589536K->54240K(605184K)
[968.822s][info][gc,heap        ] GC(2531) PSOldGen: 1003184K->1037552K(1398272K)
[968.822s][info][gc,metaspace   ] GC(2531) Metaspace: 32489K(33584K)->32489K(33584K) NonClass: 28709K(29360K)->28709K(29360K) Class: 3779K(4224K)->3779K(4224K)
[968.822s][info][gc             ] GC(2531) Pause Young (Allocation Failure) 1555M->1066M(1956M) 60.690ms
[968.822s][info][gc,cpu         ] GC(2531) User=0.36s Sys=0.00s Real=0.07s
[969.196s][info][gc,start       ] GC(2532) Pause Young (Allocation Failure)
[969.256s][info][gc,heap        ] GC(2532) PSYoungGen: 565728K->69280K(607232K)
[969.256s][info][gc,heap        ] GC(2532) PSOldGen: 1037552K->1069896K(1398272K)
[969.256s][info][gc,metaspace   ] GC(2532) Metaspace: 32489K(33584K)->32489K(33584K) NonClass: 28709K(29360K)->28709K(29360K) Class: 3779K(4224K)->3779K(4224K)
[969.256s][info][gc             ] GC(2532) Pause Young (Allocation Failure) 1565M->1112M(1958M) 59.389ms
[969.256s][info][gc,cpu         ] GC(2532) User=0.28s Sys=0.00s Real=0.06s
[969.389s][info][gc,start       ] GC(2533) Pause Young (Allocation Failure)
[969.457s][info][gc,heap        ] GC(2533) PSYoungGen: 583328K->68064K(605696K)
[969.457s][info][gc,heap        ] GC(2533) PSOldGen: 1069896K->1128369K(1398272K)
[969.457s][info][gc,metaspace   ] GC(2533) Metaspace: 32489K(33584K)->32489K(33584K) NonClass: 28709K(29360K)->28709K(29360K) Class: 3779K(4224K)->3779K(4224K)
[969.457s][info][gc             ] GC(2533) Pause Young (Allocation Failure) 1614M->1168M(1957M) 67.698ms
[969.457s][info][gc,cpu         ] GC(2533) User=0.38s Sys=0.00s Real=0.07s
[970.069s][info][gc,start       ] GC(2534) Pause Young (Allocation Failure)
[970.126s][info][gc,heap        ] GC(2534) PSYoungGen: 582112K->39680K(604672K)
[970.126s][info][gc,heap        ] GC(2534) PSOldGen: 1128369K->1158737K(1398272K)
[970.126s][info][gc,metaspace   ] GC(2534) Metaspace: 32489K(33584K)->32489K(33584K) NonClass: 28709K(29360K)->28709K(29360K) Class: 3779K(4224K)->3779K(4224K)
[970.126s][info][gc             ] GC(2534) Pause Young (Allocation Failure) 1670M->1170M(1956M) 57.088ms
[970.126s][info][gc,cpu         ] GC(2534) User=0.38s Sys=0.00s Real=0.06s
[970.257s][info][gc,start       ] GC(2535) Pause Young (Allocation Failure)
[970.318s][info][gc,heap        ] GC(2535) PSYoungGen: 554240K->65536K(606720K)
[970.318s][info][gc,heap        ] GC(2535) PSOldGen: 1158737K->1196077K(1398272K)
[970.318s][info][gc,metaspace   ] GC(2535) Metaspace: 32489K(33584K)->32489K(33584K) NonClass: 28709K(29360K)->28709K(29360K) Class: 3779K(4224K)->3779K(4224K)
[970.318s][info][gc             ] GC(2535) Pause Young (Allocation Failure) 1672M->1232M(1958M) 61.681ms
[970.318s][info][gc,cpu         ] GC(2535) User=0.33s Sys=0.00s Real=0.06s
[970.452s][info][gc,start       ] GC(2536) Pause Young (Allocation Failure)
[970.519s][info][gc,heap        ] GC(2536) PSYoungGen: 580096K->69312K(609280K)
[970.519s][info][gc,heap        ] GC(2536) PSOldGen: 1196077K->1249877K(1398272K)
[970.519s][info][gc,metaspace   ] GC(2536) Metaspace: 32489K(33584K)->32489K(33584K) NonClass: 28709K(29360K)->28709K(29360K) Class: 3779K(4224K)->3779K(4224K)
[970.519s][info][gc             ] GC(2536) Pause Young (Allocation Failure) 1734M->1288M(1960M) 66.817ms
[970.519s][info][gc,cpu         ] GC(2536) User=0.38s Sys=0.00s Real=0.07s
[971.286s][info][gc,start       ] GC(2537) Pause Young (System.gc())
[971.337s][info][gc,heap        ] GC(2537) PSYoungGen: 512858K->33280K(550400K)
[971.337s][info][gc,heap        ] GC(2537) PSOldGen: 1249877K->1281125K(1398272K)
[971.338s][info][gc,metaspace   ] GC(2537) Metaspace: 32489K(33584K)->32489K(33584K) NonClass: 28709K(29360K)->28709K(29360K) Class: 3779K(4224K)->3779K(4224K)
[971.338s][info][gc             ] GC(2537) Pause Young (System.gc()) 1721M->1283M(1903M) 51.111ms
[971.338s][info][gc,cpu         ] GC(2537) User=0.36s Sys=0.00s Real=0.05s
[971.338s][info][gc,start       ] GC(2538) Pause Full (System.gc())
[971.338s][info][gc,phases,start] GC(2538) Phase 1: Mark live objects
[971.455s][info][gc,phases      ] GC(2538) Phase 1: Mark live objects 117.318ms
[971.455s][info][gc,phases,start] GC(2538) Phase 2: Compute new object addresses
[971.629s][info][gc,phases      ] GC(2538) Phase 2: Compute new object addresses 173.904ms
[971.629s][info][gc,phases,start] GC(2538) Phase 3: Adjust pointers
[971.713s][info][gc,phases      ] GC(2538) Phase 3: Adjust pointers 83.829ms
[971.713s][info][gc,phases,start] GC(2538) Phase 4: Move objects
[971.737s][info][gc,phases      ] GC(2538) Phase 4: Move objects 24.213ms
[971.738s][info][gc,heap        ] GC(2538) PSYoungGen: 33280K->0K(550400K)
[971.738s][info][gc,heap        ] GC(2538) PSOldGen: 1281125K->104395K(1398272K)
[971.738s][info][gc,metaspace   ] GC(2538) Metaspace: 32489K(33584K)->32489K(33584K) NonClass: 28709K(29360K)->28709K(29360K) Class: 3779K(4224K)->3779K(4224K)
[971.738s][info][gc             ] GC(2538) Pause Full (System.gc()) 1283M->101M(1903M) 400.056ms
[971.738s][info][gc,cpu         ] GC(2538) User=0.39s Sys=0.00s Real=0.40s
[971.877s][info][gc,start       ] GC(2539) Pause Young (Allocation Failure)
[971.914s][info][gc,heap        ] GC(2539) PSYoungGen: 516608K->66304K(607744K)
[971.914s][info][gc,heap        ] GC(2539) PSOldGen: 104395K->104395K(1398272K)
[971.914s][info][gc,metaspace   ] GC(2539) Metaspace: 32489K(33584K)->32489K(33584K) NonClass: 28709K(29360K)->28709K(29360K) Class: 3779K(4224K)->3779K(4224K)
[971.914s][info][gc             ] GC(2539) Pause Young (Allocation Failure) 606M->166M(1959M) 36.312ms
[971.914s][info][gc,cpu         ] GC(2539) User=0.19s Sys=0.00s Real=0.04s
[972.050s][info][gc,start       ] GC(2540) Pause Young (Allocation Failure)
[972.114s][info][gc,heap        ] GC(2540) PSYoungGen: 581888K->71456K(606720K)
[972.114s][info][gc,heap        ] GC(2540) PSOldGen: 104395K->157608K(1398272K)
[972.114s][info][gc,metaspace   ] GC(2540) Metaspace: 32489K(33584K)->32489K(33584K) NonClass: 28709K(29360K)->28709K(29360K) Class: 3779K(4224K)->3779K(4224K)
[972.114s][info][gc             ] GC(2540) Pause Young (Allocation Failure) 670M->223M(1958M) 64.798ms
[972.114s][info][gc,cpu         ] GC(2540) User=0.33s Sys=0.00s Real=0.06s
[972.834s][info][gc,start       ] GC(2541) Pause Young (Allocation Failure)
[972.883s][info][gc,heap        ] GC(2541) PSYoungGen: 587040K->42464K(606208K)
[972.883s][info][gc,heap        ] GC(2541) PSOldGen: 157608K->188848K(1398272K)
[972.883s][info][gc,metaspace   ] GC(2541) Metaspace: 32489K(33584K)->32489K(33584K) NonClass: 28709K(29360K)->28709K(29360K) Class: 3779K(4224K)->3779K(4224K)
[972.883s][info][gc             ] GC(2541) Pause Young (Allocation Failure) 727M->225M(1957M) 49.328ms
[972.883s][info][gc,cpu         ] GC(2541) User=0.28s Sys=0.00s Real=0.05s
[973.019s][info][gc,start       ] GC(2542) Pause Young (Allocation Failure)
[973.081s][info][gc,heap        ] GC(2542) PSYoungGen: 557024K->68192K(606720K)
[973.081s][info][gc,heap        ] GC(2542) PSOldGen: 188848K->226268K(1398272K)
[973.081s][info][gc,metaspace   ] GC(2542) Metaspace: 32489K(33584K)->32489K(33584K) NonClass: 28709K(29360K)->28709K(29360K) Class: 3779K(4224K)->3779K(4224K)
[973.081s][info][gc             ] GC(2542) Pause Young (Allocation Failure) 728M->287M(1958M) 62.605ms
[973.081s][info][gc,cpu         ] GC(2542) User=0.36s Sys=0.00s Real=0.06s
[973.217s][info][gc,start       ] GC(2543) Pause Young (Allocation Failure)
[973.285s][info][gc,heap        ] GC(2543) PSYoungGen: 582752K->70752K(606208K)
[973.285s][info][gc,heap        ] GC(2543) PSOldGen: 226268K->280972K(1398272K)
[973.285s][info][gc,metaspace   ] GC(2543) Metaspace: 32489K(33584K)->32489K(33584K) NonClass: 28709K(29360K)->28709K(29360K) Class: 3779K(4224K)->3779K(4224K)
[973.285s][info][gc             ] GC(2543) Pause Young (Allocation Failure) 790M->343M(1957M) 67.992ms
[973.285s][info][gc,cpu         ] GC(2543) User=0.34s Sys=0.00s Real=0.07s
[974.047s][info][gc,start       ] GC(2544) Pause Young (Allocation Failure)
[974.100s][info][gc,heap        ] GC(2544) PSYoungGen: 585312K->50688K(606720K)
[974.100s][info][gc,heap        ] GC(2544) PSOldGen: 280972K->311748K(1398272K)
[974.100s][info][gc,metaspace   ] GC(2544) Metaspace: 32489K(33584K)->32489K(33584K) NonClass: 28709K(29360K)->28709K(29360K) Class: 3779K(4224K)->3779K(4224K)
[974.100s][info][gc             ] GC(2544) Pause Young (Allocation Failure) 845M->353M(1958M) 52.340ms
[974.100s][info][gc,cpu         ] GC(2544) User=0.28s Sys=0.00s Real=0.06s
[974.253s][info][gc,start       ] GC(2545) Pause Young (Allocation Failure)
[974.321s][info][gc,heap        ] GC(2545) PSYoungGen: 565248K->76192K(602624K)
[974.321s][info][gc,heap        ] GC(2545) PSOldGen: 311748K->352389K(1398272K)
[974.321s][info][gc,metaspace   ] GC(2545) Metaspace: 32489K(33584K)->32489K(33584K) NonClass: 28709K(29360K)->28709K(29360K) Class: 3779K(4224K)->3779K(4224K)
[974.321s][info][gc             ] GC(2545) Pause Young (Allocation Failure) 856M->418M(1954M) 68.003ms
[974.321s][info][gc,cpu         ] GC(2545) User=0.30s Sys=0.00s Real=0.07s
[974.461s][info][gc,start       ] GC(2546) Pause Young (Allocation Failure)
[974.553s][info][gc,heap        ] GC(2546) PSYoungGen: 587680K->75776K(587264K)
[974.553s][info][gc,heap        ] GC(2546) PSOldGen: 352389K->411733K(1398272K)
[974.553s][info][gc,metaspace   ] GC(2546) Metaspace: 32489K(33584K)->32489K(33584K) NonClass: 28709K(29360K)->28709K(29360K) Class: 3779K(4224K)->3779K(4224K)
[974.553s][info][gc             ] GC(2546) Pause Young (Allocation Failure) 918M->476M(1939M) 91.773ms
[974.553s][info][gc,cpu         ] GC(2546) User=0.47s Sys=0.00s Real=0.09s
[975.051s][info][gc,start       ] GC(2547) Pause Young (Allocation Failure)
[975.116s][info][gc,heap        ] GC(2547) PSYoungGen: 587264K->59424K(605696K)
[975.116s][info][gc,heap        ] GC(2547) PSOldGen: 411733K->443669K(1398272K)
[975.116s][info][gc,metaspace   ] GC(2547) Metaspace: 32489K(33584K)->32489K(33584K) NonClass: 28709K(29360K)->28709K(29360K) Class: 3779K(4224K)->3779K(4224K)
[975.116s][info][gc             ] GC(2547) Pause Young (Allocation Failure) 975M->491M(1957M) 64.874ms
[975.116s][info][gc,cpu         ] GC(2547) User=0.31s Sys=0.00s Real=0.06s
[975.263s][info][gc,start       ] GC(2548) Pause Young (Allocation Failure)
[975.332s][info][gc,heap        ] GC(2548) PSYoungGen: 569376K->74880K(603136K)
[975.332s][info][gc,heap        ] GC(2548) PSOldGen: 443669K->489293K(1398272K)
[975.332s][info][gc,metaspace   ] GC(2548) Metaspace: 32489K(33584K)->32489K(33584K) NonClass: 28709K(29360K)->28709K(29360K) Class: 3779K(4224K)->3779K(4224K)
[975.332s][info][gc             ] GC(2548) Pause Young (Allocation Failure) 989M->550M(1954M) 69.506ms
[975.332s][info][gc,cpu         ] GC(2548) User=0.38s Sys=0.00s Real=0.07s
[975.651s][info][gc,start       ] GC(2549) Pause Young (Allocation Failure)
[975.717s][info][gc,heap        ] GC(2549) PSYoungGen: 584832K->63008K(607232K)
[975.717s][info][gc,heap        ] GC(2549) PSOldGen: 489293K->528189K(1398272K)
[975.717s][info][gc,metaspace   ] GC(2549) Metaspace: 32489K(33584K)->32489K(33584K) NonClass: 28709K(29360K)->28709K(29360K) Class: 3779K(4224K)->3779K(4224K)
[975.717s][info][gc             ] GC(2549) Pause Young (Allocation Failure) 1048M->577M(1958M) 66.344ms
[975.717s][info][gc,cpu         ] GC(2549) User=0.38s Sys=0.00s Real=0.07s
[976.247s][info][gc,start       ] GC(2550) Pause Young (Allocation Failure)
[976.310s][info][gc,heap        ] GC(2550) PSYoungGen: 576032K->60768K(604672K)
[976.310s][info][gc,heap        ] GC(2550) PSOldGen: 528189K->561581K(1398272K)
[976.310s][info][gc,metaspace   ] GC(2550) Metaspace: 32489K(33584K)->32489K(33584K) NonClass: 28709K(29360K)->28709K(29360K) Class: 3779K(4224K)->3779K(4224K)
[976.310s][info][gc             ] GC(2550) Pause Young (Allocation Failure) 1078M->607M(1956M) 63.552ms
[976.310s][info][gc,cpu         ] GC(2550) User=0.36s Sys=0.00s Real=0.06s
[976.450s][info][gc,start       ] GC(2551) Pause Young (Allocation Failure)
[976.518s][info][gc,heap        ] GC(2551) PSYoungGen: 573792K->73792K(607232K)
[976.520s][info][gc,heap        ] GC(2551) PSOldGen: 561581K->608786K(1398272K)
[976.520s][info][gc,metaspace   ] GC(2551) Metaspace: 32489K(33584K)->32489K(33584K) NonClass: 28709K(29360K)->28709K(29360K) Class: 3779K(4224K)->3779K(4224K)
[976.520s][info][gc             ] GC(2551) Pause Young (Allocation Failure) 1108M->666M(1958M) 70.516ms
[976.520s][info][gc,cpu         ] GC(2551) User=0.36s Sys=0.00s Real=0.07s
[976.934s][info][gc,start       ] GC(2552) Pause Young (Allocation Failure)
[976.994s][info][gc,heap        ] GC(2552) PSYoungGen: 591424K->53728K(608256K)
[976.994s][info][gc,heap        ] GC(2552) PSOldGen: 608786K->641098K(1398272K)
[976.994s][info][gc,metaspace   ] GC(2552) Metaspace: 32489K(33584K)->32489K(33584K) NonClass: 28709K(29360K)->28709K(29360K) Class: 3779K(4224K)->3779K(4224K)
[976.994s][info][gc             ] GC(2552) Pause Young (Allocation Failure) 1172M->678M(1959M) 59.201ms
[976.994s][info][gc,cpu         ] GC(2552) User=0.34s Sys=0.00s Real=0.07s
[977.391s][info][gc,start       ] GC(2553) Pause Young (Allocation Failure)
[977.453s][info][gc,heap        ] GC(2553) PSYoungGen: 571360K->76352K(604672K)
[977.453s][info][gc,heap        ] GC(2553) PSOldGen: 641098K->674610K(1398272K)
[977.453s][info][gc,metaspace   ] GC(2553) Metaspace: 32489K(33584K)->32489K(33584K) NonClass: 28709K(29360K)->28709K(29360K) Class: 3779K(4224K)->3779K(4224K)
[977.453s][info][gc             ] GC(2553) Pause Young (Allocation Failure) 1184M->733M(1956M) 62.372ms
[977.453s][info][gc,cpu         ] GC(2553) User=0.38s Sys=0.00s Real=0.08s
[977.592s][info][gc,start       ] GC(2554) Pause Young (Allocation Failure)
[977.665s][info][gc,heap        ] GC(2554) PSYoungGen: 590912K->71424K(606720K)
[977.665s][info][gc,heap        ] GC(2554) PSOldGen: 674610K->738030K(1398272K)
[977.665s][info][gc,metaspace   ] GC(2554) Metaspace: 32489K(33584K)->32489K(33584K) NonClass: 28709K(29360K)->28709K(29360K) Class: 3779K(4224K)->3779K(4224K)
[977.665s][info][gc             ] GC(2554) Pause Young (Allocation Failure) 1235M->790M(1958M) 72.840ms
[977.665s][info][gc,cpu         ] GC(2554) User=0.47s Sys=0.00s Real=0.07s
[978.456s][info][gc,start       ] GC(2555) Pause Young (Allocation Failure)
[978.511s][info][gc,heap        ] GC(2555) PSYoungGen: 585984K->50560K(607232K)
[978.511s][info][gc,heap        ] GC(2555) PSOldGen: 738030K->769582K(1398272K)
[978.511s][info][gc,metaspace   ] GC(2555) Metaspace: 32489K(33584K)->32489K(33584K) NonClass: 28709K(29360K)->28709K(29360K) Class: 3779K(4224K)->3779K(4224K)
[978.511s][info][gc             ] GC(2555) Pause Young (Allocation Failure) 1292M->800M(1958M) 54.691ms
[978.511s][info][gc,cpu         ] GC(2555) User=0.38s Sys=0.00s Real=0.07s
[978.672s][info][gc,start       ] GC(2556) Pause Young (Allocation Failure)
[978.738s][info][gc,heap        ] GC(2556) PSYoungGen: 566144K->77888K(593920K)
[978.738s][info][gc,heap        ] GC(2556) PSOldGen: 769582K->810098K(1398272K)
[978.738s][info][gc,metaspace   ] GC(2556) Metaspace: 32489K(33584K)->32489K(33584K) NonClass: 28709K(29360K)->28709K(29360K) Class: 3779K(4224K)->3779K(4224K)
[978.738s][info][gc             ] GC(2556) Pause Young (Allocation Failure) 1304M->867M(1945M) 66.424ms
[978.738s][info][gc,cpu         ] GC(2556) User=0.38s Sys=0.00s Real=0.07s
[978.863s][info][gc,start       ] GC(2557) Pause Young (Allocation Failure)
[978.947s][info][gc,heap        ] GC(2557) PSYoungGen: 593472K->65344K(607744K)
[978.947s][info][gc,heap        ] GC(2557) PSOldGen: 810098K->878210K(1398272K)
[978.947s][info][gc,metaspace   ] GC(2557) Metaspace: 32489K(33584K)->32489K(33584K) NonClass: 28709K(29360K)->28709K(29360K) Class: 3779K(4224K)->3779K(4224K)
[978.947s][info][gc             ] GC(2557) Pause Young (Allocation Failure) 1370M->921M(1959M) 83.904ms
[978.947s][info][gc,cpu         ] GC(2557) User=0.53s Sys=0.02s Real=0.08s
[979.565s][info][gc,start       ] GC(2558) Pause Young (Allocation Failure)
[979.624s][info][gc,heap        ] GC(2558) PSYoungGen: 578880K->62240K(604672K)
[979.624s][info][gc,heap        ] GC(2558) PSOldGen: 878210K->907370K(1398272K)
[979.624s][info][gc,metaspace   ] GC(2558) Metaspace: 32489K(33584K)->32489K(33584K) NonClass: 28709K(29360K)->28709K(29360K) Class: 3779K(4224K)->3779K(4224K)
[979.624s][info][gc             ] GC(2558) Pause Young (Allocation Failure) 1422M->946M(1956M) 59.138ms
[979.624s][info][gc,cpu         ] GC(2558) User=0.38s Sys=0.00s Real=0.06s
[979.765s][info][gc,start       ] GC(2559) Pause Young (Allocation Failure)
[979.846s][info][gc,heap        ] GC(2559) PSYoungGen: 575776K->77472K(605184K)
[979.846s][info][gc,heap        ] GC(2559) PSOldGen: 907370K->954531K(1398272K)
[979.846s][info][gc,metaspace   ] GC(2559) Metaspace: 32489K(33584K)->32489K(33584K) NonClass: 28709K(29360K)->28709K(29360K) Class: 3779K(4224K)->3779K(4224K)
[979.846s][info][gc             ] GC(2559) Pause Young (Allocation Failure) 1448M->1007M(1956M) 80.861ms
[979.846s][info][gc,cpu         ] GC(2559) User=0.41s Sys=0.00s Real=0.08s
[980.130s][info][gc,start       ] GC(2560) Pause Young (Allocation Failure)
[980.203s][info][gc,heap        ] GC(2560) PSYoungGen: 593056K->61216K(607232K)
[980.203s][info][gc,heap        ] GC(2560) PSOldGen: 954531K->996235K(1398272K)
[980.203s][info][gc,metaspace   ] GC(2560) Metaspace: 32489K(33584K)->32489K(33584K) NonClass: 28709K(29360K)->28709K(29360K) Class: 3779K(4224K)->3779K(4224K)
[980.203s][info][gc             ] GC(2560) Pause Young (Allocation Failure) 1511M->1032M(1958M) 73.363ms
[980.203s][info][gc,cpu         ] GC(2560) User=0.47s Sys=0.00s Real=0.08s
[980.709s][info][gc,start       ] GC(2561) Pause Young (Allocation Failure)
[980.776s][info][gc,heap        ] GC(2561) PSYoungGen: 576800K->62944K(610816K)
[980.776s][info][gc,heap        ] GC(2561) PSOldGen: 996235K->1028211K(1398272K)
[980.776s][info][gc,metaspace   ] GC(2561) Metaspace: 32489K(33584K)->32489K(33584K) NonClass: 28709K(29360K)->28709K(29360K) Class: 3779K(4224K)->3779K(4224K)
[980.776s][info][gc             ] GC(2561) Pause Young (Allocation Failure) 1536M->1065M(1962M) 66.879ms
[980.776s][info][gc,cpu         ] GC(2561) User=0.44s Sys=0.00s Real=0.07s
[980.923s][info][gc,start       ] GC(2562) Pause Young (Allocation Failure)
[980.991s][info][gc,heap        ] GC(2562) PSYoungGen: 583648K->80832K(601600K)
[980.991s][info][gc,heap        ] GC(2562) PSOldGen: 1028211K->1073099K(1398272K)
[980.991s][info][gc,metaspace   ] GC(2562) Metaspace: 32489K(33584K)->32489K(33584K) NonClass: 28709K(29360K)->28709K(29360K) Class: 3779K(4224K)->3779K(4224K)
[980.991s][info][gc             ] GC(2562) Pause Young (Allocation Failure) 1574M->1126M(1953M) 68.661ms
[980.991s][info][gc,cpu         ] GC(2562) User=0.38s Sys=0.00s Real=0.07s
[981.508s][info][gc,start       ] GC(2563) Pause Young (Allocation Failure)
[981.557s][info][gc,heap        ] GC(2563) PSYoungGen: 601536K->41120K(603136K)
[981.557s][info][gc,heap        ] GC(2563) PSOldGen: 1073099K->1106635K(1398272K)
[981.557s][info][gc,metaspace   ] GC(2563) Metaspace: 32489K(33584K)->32489K(33584K) NonClass: 28709K(29360K)->28709K(29360K) Class: 3779K(4224K)->3779K(4224K)
[981.557s][info][gc             ] GC(2563) Pause Young (Allocation Failure) 1635M->1120M(1954M) 49.208ms
[981.557s][info][gc,cpu         ] GC(2563) User=0.28s Sys=0.00s Real=0.05s
[981.699s][info][gc,start       ] GC(2564) Pause Young (Allocation Failure)
[981.758s][info][gc,heap        ] GC(2564) PSYoungGen: 552608K->67968K(605184K)
[981.758s][info][gc,heap        ] GC(2564) PSOldGen: 1106635K->1145484K(1398272K)
[981.758s][info][gc,metaspace   ] GC(2564) Metaspace: 32489K(33584K)->32489K(33584K) NonClass: 28709K(29360K)->28709K(29360K) Class: 3779K(4224K)->3779K(4224K)
[981.758s][info][gc             ] GC(2564) Pause Young (Allocation Failure) 1620M->1185M(1956M) 59.766ms
[981.758s][info][gc,cpu         ] GC(2564) User=0.38s Sys=0.00s Real=0.06s
[981.889s][info][gc,start       ] GC(2565) Pause Young (Allocation Failure)
[981.954s][info][gc,heap        ] GC(2565) PSYoungGen: 579456K->69568K(607744K)
[981.954s][info][gc,heap        ] GC(2565) PSOldGen: 1145484K->1200052K(1398272K)
[981.954s][info][gc,metaspace   ] GC(2565) Metaspace: 32489K(33584K)->32489K(33584K) NonClass: 28709K(29360K)->28709K(29360K) Class: 3779K(4224K)->3779K(4224K)
[981.954s][info][gc             ] GC(2565) Pause Young (Allocation Failure) 1684M->1239M(1959M) 64.443ms
[981.954s][info][gc,cpu         ] GC(2565) User=0.33s Sys=0.00s Real=0.07s
[982.576s][info][gc,start       ] GC(2566) Pause Young (System.gc())
[982.625s][info][gc,heap        ] GC(2566) PSYoungGen: 490911K->33440K(547328K)
[982.625s][info][gc,heap        ] GC(2566) PSOldGen: 1200052K->1231204K(1398272K)
[982.625s][info][gc,metaspace   ] GC(2566) Metaspace: 32489K(33584K)->32489K(33584K) NonClass: 28709K(29360K)->28709K(29360K) Class: 3779K(4224K)->3779K(4224K)
[982.626s][info][gc             ] GC(2566) Pause Young (System.gc()) 1651M->1235M(1900M) 49.051ms
[982.626s][info][gc,cpu         ] GC(2566) User=0.27s Sys=0.00s Real=0.05s
[982.626s][info][gc,start       ] GC(2567) Pause Full (System.gc())
[982.626s][info][gc,phases,start] GC(2567) Phase 1: Mark live objects
[982.733s][info][gc,phases      ] GC(2567) Phase 1: Mark live objects 107.698ms
[982.733s][info][gc,phases,start] GC(2567) Phase 2: Compute new object addresses
[982.910s][info][gc,phases      ] GC(2567) Phase 2: Compute new object addresses 176.385ms
[982.910s][info][gc,phases,start] GC(2567) Phase 3: Adjust pointers
[982.992s][info][gc,phases      ] GC(2567) Phase 3: Adjust pointers 81.671ms
[982.992s][info][gc,phases,start] GC(2567) Phase 4: Move objects
[983.016s][info][gc,phases      ] GC(2567) Phase 4: Move objects 23.909ms
[983.016s][info][gc,heap        ] GC(2567) PSYoungGen: 33440K->0K(547328K)
[983.016s][info][gc,heap        ] GC(2567) PSOldGen: 1231204K->104622K(1398272K)
[983.016s][info][gc,metaspace   ] GC(2567) Metaspace: 32489K(33584K)->32489K(33584K) NonClass: 28709K(29360K)->28709K(29360K) Class: 3779K(4224K)->3779K(4224K)
[983.016s][info][gc             ] GC(2567) Pause Full (System.gc()) 1235M->102M(1900M) 390.481ms
[983.016s][info][gc,cpu         ] GC(2567) User=0.39s Sys=0.00s Real=0.39s
[983.244s][info][gc,start       ] GC(2568) Pause Young (Allocation Failure)
[983.290s][info][gc,heap        ] GC(2568) PSYoungGen: 513536K->80000K(598016K)
[983.290s][info][gc,heap        ] GC(2568) PSOldGen: 104622K->104622K(1398272K)
[983.290s][info][gc,metaspace   ] GC(2568) Metaspace: 32489K(33584K)->32489K(33584K) NonClass: 28709K(29360K)->28709K(29360K) Class: 3779K(4224K)->3779K(4224K)
[983.290s][info][gc             ] GC(2568) Pause Young (Allocation Failure) 603M->180M(1949M) 46.237ms
[983.290s][info][gc,cpu         ] GC(2568) User=0.27s Sys=0.00s Real=0.05s
[983.439s][info][gc,start       ] GC(2569) Pause Young (Allocation Failure)
[983.514s][info][gc,heap        ] GC(2569) PSYoungGen: 584320K->77376K(582144K)
[983.514s][info][gc,heap        ] GC(2569) PSOldGen: 104622K->167594K(1398272K)
[983.514s][info][gc,metaspace   ] GC(2569) Metaspace: 32489K(33584K)->32489K(33584K) NonClass: 28709K(29360K)->28709K(29360K) Class: 3779K(4224K)->3779K(4224K)
[983.514s][info][gc             ] GC(2569) Pause Young (Allocation Failure) 672M->239M(1934M) 74.825ms
[983.514s][info][gc,cpu         ] GC(2569) User=0.42s Sys=0.00s Real=0.08s
[984.225s][info][gc,start       ] GC(2570) Pause Young (Allocation Failure)
[984.288s][info][gc,heap        ] GC(2570) PSYoungGen: 581696K->60448K(602624K)
[984.288s][info][gc,heap        ] GC(2570) PSOldGen: 167594K->199930K(1398272K)
[984.288s][info][gc,metaspace   ] GC(2570) Metaspace: 32489K(33584K)->32489K(33584K) NonClass: 28709K(29360K)->28709K(29360K) Class: 3779K(4224K)->3779K(4224K)
[984.288s][info][gc             ] GC(2570) Pause Young (Allocation Failure) 731M->254M(1954M) 63.677ms
[984.288s][info][gc,cpu         ] GC(2570) User=0.31s Sys=0.00s Real=0.06s
[984.429s][info][gc,start       ] GC(2571) Pause Young (Allocation Failure)
[984.493s][info][gc,heap        ] GC(2571) PSYoungGen: 564256K->69632K(600064K)
[984.493s][info][gc,heap        ] GC(2571) PSOldGen: 199930K->250758K(1398272K)
[984.493s][info][gc,metaspace   ] GC(2571) Metaspace: 32489K(33584K)->32489K(33584K) NonClass: 28709K(29360K)->28709K(29360K) Class: 3779K(4224K)->3779K(4224K)
[984.493s][info][gc             ] GC(2571) Pause Young (Allocation Failure) 746M->312M(1951M) 64.384ms
[984.493s][info][gc,cpu         ] GC(2571) User=0.45s Sys=0.00s Real=0.07s
[984.745s][info][gc,start       ] GC(2572) Pause Young (Allocation Failure)
[984.810s][info][gc,heap        ] GC(2572) PSYoungGen: 573440K->67456K(606208K)
[984.810s][info][gc,heap        ] GC(2572) PSOldGen: 250758K->285166K(1398272K)
[984.810s][info][gc,metaspace   ] GC(2572) Metaspace: 32489K(33584K)->32489K(33584K) NonClass: 28709K(29360K)->28709K(29360K) Class: 3779K(4224K)->3779K(4224K)
[984.810s][info][gc             ] GC(2572) Pause Young (Allocation Failure) 804M->344M(1957M) 64.865ms
[984.810s][info][gc,cpu         ] GC(2572) User=0.38s Sys=0.00s Real=0.08s
[985.347s][info][gc,start       ] GC(2573) Pause Young (Allocation Failure)
[985.410s][info][gc,heap        ] GC(2573) PSYoungGen: 578432K->72064K(603648K)
[985.410s][info][gc,heap        ] GC(2573) PSOldGen: 285166K->321046K(1398272K)
[985.410s][info][gc,metaspace   ] GC(2573) Metaspace: 32489K(33584K)->32489K(33584K) NonClass: 28709K(29360K)->28709K(29360K) Class: 3779K(4224K)->3779K(4224K)
[985.411s][info][gc             ] GC(2573) Pause Young (Allocation Failure) 843M->383M(1955M) 63.085ms
[985.411s][info][gc,cpu         ] GC(2573) User=0.36s Sys=0.00s Real=0.06s
[985.554s][info][gc,start       ] GC(2574) Pause Young (Allocation Failure)
[985.622s][info][gc,heap        ] GC(2574) PSYoungGen: 583040K->76160K(604160K)
[985.622s][info][gc,heap        ] GC(2574) PSOldGen: 321046K->376755K(1398272K)
[985.622s][info][gc,metaspace   ] GC(2574) Metaspace: 32489K(33584K)->32489K(33584K) NonClass: 28709K(29360K)->28709K(29360K) Class: 3779K(4224K)->3779K(4224K)
[985.622s][info][gc             ] GC(2574) Pause Young (Allocation Failure) 882M->442M(1955M) 68.049ms
[985.622s][info][gc,cpu         ] GC(2574) User=0.45s Sys=0.00s Real=0.07s
[986.304s][info][gc,start       ] GC(2575) Pause Young (Allocation Failure)
[986.359s][info][gc,heap        ] GC(2575) PSYoungGen: 587648K->42624K(554496K)
[986.359s][info][gc,heap        ] GC(2575) PSOldGen: 376755K->408963K(1398272K)
[986.359s][info][gc,metaspace   ] GC(2575) Metaspace: 32489K(33584K)->32489K(33584K) NonClass: 28709K(29360K)->28709K(29360K) Class: 3779K(4224K)->3779K(4224K)
[986.359s][info][gc             ] GC(2575) Pause Young (Allocation Failure) 941M->441M(1907M) 54.691ms
[986.359s][info][gc,cpu         ] GC(2575) User=0.38s Sys=0.00s Real=0.05s
[986.512s][info][gc,start       ] GC(2576) Pause Young (Allocation Failure)
[986.572s][info][gc,heap        ] GC(2576) PSYoungGen: 554112K->72000K(604160K)
[986.572s][info][gc,heap        ] GC(2576) PSOldGen: 408963K->447111K(1398272K)
[986.572s][info][gc,metaspace   ] GC(2576) Metaspace: 32489K(33584K)->32489K(33584K) NonClass: 28709K(29360K)->28709K(29360K) Class: 3779K(4224K)->3779K(4224K)
[986.572s][info][gc             ] GC(2576) Pause Young (Allocation Failure) 940M->506M(1955M) 60.408ms
[986.572s][info][gc,cpu         ] GC(2576) User=0.38s Sys=0.00s Real=0.06s
[986.710s][info][gc,start       ] GC(2577) Pause Young (Allocation Failure)
[986.791s][info][gc,heap        ] GC(2577) PSYoungGen: 580928K->74624K(603648K)
[986.791s][info][gc,heap        ] GC(2577) PSOldGen: 447111K->501543K(1398272K)
[986.791s][info][gc,metaspace   ] GC(2577) Metaspace: 32489K(33584K)->32489K(33584K) NonClass: 28709K(29360K)->28709K(29360K) Class: 3779K(4224K)->3779K(4224K)
[986.791s][info][gc             ] GC(2577) Pause Young (Allocation Failure) 1003M->562M(1955M) 80.999ms
[986.791s][info][gc,cpu         ] GC(2577) User=0.55s Sys=0.00s Real=0.08s
[987.388s][info][gc,start       ] GC(2578) Pause Young (Allocation Failure)
[987.442s][info][gc,heap        ] GC(2578) PSYoungGen: 583552K->48512K(602624K)
[987.444s][info][gc,heap        ] GC(2578) PSOldGen: 501543K->532519K(1398272K)
[987.444s][info][gc,metaspace   ] GC(2578) Metaspace: 32489K(33584K)->32489K(33584K) NonClass: 28709K(29360K)->28709K(29360K) Class: 3779K(4224K)->3779K(4224K)
[987.444s][info][gc             ] GC(2578) Pause Young (Allocation Failure) 1059M->567M(1954M) 56.708ms
[987.444s][info][gc,cpu         ] GC(2578) User=0.27s Sys=0.00s Real=0.06s
[987.582s][info][gc,start       ] GC(2579) Pause Young (Allocation Failure)
[987.643s][info][gc,heap        ] GC(2579) PSYoungGen: 555904K->68384K(603136K)
[987.643s][info][gc,heap        ] GC(2579) PSOldGen: 532519K->574368K(1398272K)
[987.643s][info][gc,metaspace   ] GC(2579) Metaspace: 32489K(33584K)->32489K(33584K) NonClass: 28709K(29360K)->28709K(29360K) Class: 3779K(4224K)->3779K(4224K)
[987.643s][info][gc             ] GC(2579) Pause Young (Allocation Failure) 1062M->627M(1954M) 61.031ms
[987.643s][info][gc,cpu         ] GC(2579) User=0.38s Sys=0.00s Real=0.06s
[987.776s][info][gc,start       ] GC(2580) Pause Young (Allocation Failure)
[987.841s][info][gc,heap        ] GC(2580) PSYoungGen: 575776K->69856K(606208K)
[987.841s][info][gc,heap        ] GC(2580) PSOldGen: 574368K->627984K(1398272K)
[987.841s][info][gc,metaspace   ] GC(2580) Metaspace: 32489K(33584K)->32489K(33584K) NonClass: 28709K(29360K)->28709K(29360K) Class: 3779K(4224K)->3779K(4224K)
[987.841s][info][gc             ] GC(2580) Pause Young (Allocation Failure) 1123M->681M(1957M) 64.823ms
[987.841s][info][gc,cpu         ] GC(2580) User=0.38s Sys=0.00s Real=0.07s
[988.523s][info][gc,start       ] GC(2581) Pause Young (Allocation Failure)
[988.590s][info][gc,heap        ] GC(2581) PSYoungGen: 582368K->57952K(605184K)
[988.590s][info][gc,heap        ] GC(2581) PSOldGen: 627984K->658128K(1398272K)
[988.590s][info][gc,metaspace   ] GC(2581) Metaspace: 32489K(33584K)->32489K(33584K) NonClass: 28709K(29360K)->28709K(29360K) Class: 3779K(4224K)->3779K(4224K)
[988.590s][info][gc             ] GC(2581) Pause Young (Allocation Failure) 1181M->699M(1956M) 66.676ms
[988.590s][info][gc,cpu         ] GC(2581) User=0.41s Sys=0.00s Real=0.07s
[988.722s][info][gc,start       ] GC(2582) Pause Young (Allocation Failure)
[988.785s][info][gc,heap        ] GC(2582) PSYoungGen: 570464K->63712K(609792K)
[988.785s][info][gc,heap        ] GC(2582) PSOldGen: 658128K->710084K(1398272K)
[988.785s][info][gc,metaspace   ] GC(2582) Metaspace: 32489K(33584K)->32489K(33584K) NonClass: 28709K(29360K)->28709K(29360K) Class: 3779K(4224K)->3779K(4224K)
[988.785s][info][gc             ] GC(2582) Pause Young (Allocation Failure) 1199M->755M(1961M) 62.436ms
[988.785s][info][gc,cpu         ] GC(2582) User=0.38s Sys=0.00s Real=0.06s
[988.942s][info][gc,start       ] GC(2583) Pause Young (Allocation Failure)
[989.013s][info][gc,heap        ] GC(2583) PSYoungGen: 582368K->84096K(603136K)
[989.013s][info][gc,heap        ] GC(2583) PSOldGen: 710084K->752908K(1398272K)
[989.013s][info][gc,metaspace   ] GC(2583) Metaspace: 32489K(33584K)->32489K(33584K) NonClass: 28709K(29360K)->28709K(29360K) Class: 3779K(4224K)->3779K(4224K)
[989.013s][info][gc             ] GC(2583) Pause Young (Allocation Failure) 1262M->817M(1954M) 70.542ms
[989.013s][info][gc,cpu         ] GC(2583) User=0.42s Sys=0.02s Real=0.07s
[989.482s][info][gc,start       ] GC(2584) Pause Young (Allocation Failure)
[989.540s][info][gc,heap        ] GC(2584) PSYoungGen: 602752K->58464K(606720K)
[989.540s][info][gc,heap        ] GC(2584) PSOldGen: 752908K->787324K(1398272K)
[989.540s][info][gc,metaspace   ] GC(2584) Metaspace: 32489K(33584K)->32489K(33584K) NonClass: 28709K(29360K)->28709K(29360K) Class: 3779K(4224K)->3779K(4224K)
[989.540s][info][gc             ] GC(2584) Pause Young (Allocation Failure) 1323M->825M(1958M) 58.528ms
[989.541s][info][gc,cpu         ] GC(2584) User=0.38s Sys=0.00s Real=0.06s
[989.671s][info][gc,start       ] GC(2585) Pause Young (Allocation Failure)
[989.741s][info][gc,heap        ] GC(2585) PSYoungGen: 571488K->73984K(605184K)
[989.741s][info][gc,heap        ] GC(2585) PSOldGen: 787324K->833073K(1398272K)
[989.741s][info][gc,metaspace   ] GC(2585) Metaspace: 32489K(33584K)->32489K(33584K) NonClass: 28709K(29360K)->28709K(29360K) Class: 3779K(4224K)->3779K(4224K)
[989.741s][info][gc             ] GC(2585) Pause Young (Allocation Failure) 1326M->885M(1956M) 69.407ms
[989.741s][info][gc,cpu         ] GC(2585) User=0.33s Sys=0.00s Real=0.07s
[990.004s][info][gc,start       ] GC(2586) Pause Young (Allocation Failure)
[990.068s][info][gc,heap        ] GC(2586) PSYoungGen: 587008K->61920K(607744K)
[990.068s][info][gc,heap        ] GC(2586) PSOldGen: 833073K->872433K(1398272K)
[990.068s][info][gc,metaspace   ] GC(2586) Metaspace: 32489K(33584K)->32489K(33584K) NonClass: 28709K(29360K)->28709K(29360K) Class: 3779K(4224K)->3779K(4224K)
[990.068s][info][gc             ] GC(2586) Pause Young (Allocation Failure) 1386M->912M(1959M) 63.682ms
[990.068s][info][gc,cpu         ] GC(2586) User=0.38s Sys=0.00s Real=0.06s
[990.619s][info][gc,start       ] GC(2587) Pause Young (Allocation Failure)
[990.680s][info][gc,heap        ] GC(2587) PSYoungGen: 576992K->67552K(606208K)
[990.680s][info][gc,heap        ] GC(2587) PSOldGen: 872433K->904385K(1398272K)
[990.680s][info][gc,metaspace   ] GC(2587) Metaspace: 32489K(33584K)->32489K(33584K) NonClass: 28709K(29360K)->28709K(29360K) Class: 3779K(4224K)->3779K(4224K)
[990.680s][info][gc             ] GC(2587) Pause Young (Allocation Failure) 1415M->949M(1957M) 60.429ms
[990.680s][info][gc,cpu         ] GC(2587) User=0.28s Sys=0.00s Real=0.07s
[990.828s][info][gc,start       ] GC(2588) Pause Young (Allocation Failure)
[990.899s][info][gc,heap        ] GC(2588) PSYoungGen: 582624K->81280K(603648K)
[990.899s][info][gc,heap        ] GC(2588) PSOldGen: 904385K->954609K(1398272K)
[990.899s][info][gc,metaspace   ] GC(2588) Metaspace: 32489K(33584K)->32489K(33584K) NonClass: 28709K(29360K)->28709K(29360K) Class: 3779K(4224K)->3779K(4224K)
[990.899s][info][gc             ] GC(2588) Pause Young (Allocation Failure) 1452M->1011M(1955M) 71.475ms
[990.899s][info][gc,cpu         ] GC(2588) User=0.47s Sys=0.00s Real=0.07s
[991.596s][info][gc,start       ] GC(2589) Pause Young (Allocation Failure)
[991.649s][info][gc,heap        ] GC(2589) PSYoungGen: 595840K->40896K(555520K)
[991.649s][info][gc,heap        ] GC(2589) PSOldGen: 954609K->987625K(1398272K)
[991.649s][info][gc,metaspace   ] GC(2589) Metaspace: 32489K(33584K)->32489K(33584K) NonClass: 28709K(29360K)->28709K(29360K) Class: 3779K(4224K)->3779K(4224K)
[991.649s][info][gc             ] GC(2589) Pause Young (Allocation Failure) 1514M->1004M(1908M) 53.157ms
[991.649s][info][gc,cpu         ] GC(2589) User=0.38s Sys=0.00s Real=0.05s
[991.789s][info][gc,start       ] GC(2590) Pause Young (Allocation Failure)
[991.848s][info][gc,heap        ] GC(2590) PSYoungGen: 555456K->69376K(605696K)
[991.848s][info][gc,heap        ] GC(2590) PSOldGen: 987625K->1025498K(1398272K)
[991.848s][info][gc,metaspace   ] GC(2590) Metaspace: 32489K(33584K)->32489K(33584K) NonClass: 28709K(29360K)->28709K(29360K) Class: 3779K(4224K)->3779K(4224K)
[991.848s][info][gc             ] GC(2590) Pause Young (Allocation Failure) 1506M->1069M(1957M) 58.744ms
[991.848s][info][gc,cpu         ] GC(2590) User=0.28s Sys=0.00s Real=0.06s
[991.984s][info][gc,start       ] GC(2591) Pause Young (Allocation Failure)
[992.052s][info][gc,heap        ] GC(2591) PSYoungGen: 580352K->69792K(604160K)
[992.052s][info][gc,heap        ] GC(2591) PSOldGen: 1025498K->1080274K(1398272K)
[992.052s][info][gc,metaspace   ] GC(2591) Metaspace: 32489K(33584K)->32489K(33584K) NonClass: 28709K(29360K)->28709K(29360K) Class: 3779K(4224K)->3779K(4224K)
[992.052s][info][gc             ] GC(2591) Pause Young (Allocation Failure) 1568M->1123M(1955M) 67.968ms
[992.052s][info][gc,cpu         ] GC(2591) User=0.36s Sys=0.00s Real=0.07s
[992.711s][info][gc,start       ] GC(2592) Pause Young (Allocation Failure)
[992.760s][info][gc,heap        ] GC(2592) PSYoungGen: 580768K->45152K(604672K)
[992.761s][info][gc,heap        ] GC(2592) PSOldGen: 1080274K->1110746K(1398272K)
[992.761s][info][gc,metaspace   ] GC(2592) Metaspace: 32489K(33584K)->32489K(33584K) NonClass: 28709K(29360K)->28709K(29360K) Class: 3779K(4224K)->3779K(4224K)
[992.761s][info][gc             ] GC(2592) Pause Young (Allocation Failure) 1622M->1128M(1956M) 49.568ms
[992.761s][info][gc,cpu         ] GC(2592) User=0.30s Sys=0.00s Real=0.05s
[992.907s][info][gc,start       ] GC(2593) Pause Young (Allocation Failure)
[992.973s][info][gc,heap        ] GC(2593) PSYoungGen: 557664K->71392K(605696K)
[992.973s][info][gc,heap        ] GC(2593) PSOldGen: 1110746K->1148718K(1398272K)
[992.973s][info][gc,metaspace   ] GC(2593) Metaspace: 32489K(33584K)->32489K(33584K) NonClass: 28709K(29360K)->28709K(29360K) Class: 3779K(4224K)->3779K(4224K)
[992.973s][info][gc             ] GC(2593) Pause Young (Allocation Failure) 1629M->1191M(1957M) 65.850ms
[992.973s][info][gc,cpu         ] GC(2593) User=0.38s Sys=0.00s Real=0.06s
[993.104s][info][gc,start       ] GC(2594) Pause Young (Allocation Failure)
[993.185s][info][gc,heap        ] GC(2594) PSYoungGen: 583904K->71168K(606208K)
[993.185s][info][gc,heap        ] GC(2594) PSOldGen: 1148718K->1205278K(1398272K)
[993.185s][info][gc,metaspace   ] GC(2594) Metaspace: 32489K(33584K)->32489K(33584K) NonClass: 28709K(29360K)->28709K(29360K) Class: 3779K(4224K)->3779K(4224K)
[993.185s][info][gc             ] GC(2594) Pause Young (Allocation Failure) 1692M->1246M(1957M) 80.966ms
[993.185s][info][gc,cpu         ] GC(2594) User=0.47s Sys=0.00s Real=0.08s
[993.670s][info][gc,start       ] GC(2595) Pause Young (System.gc())
[993.721s][info][gc,heap        ] GC(2595) PSYoungGen: 414994K->28896K(542208K)
[993.721s][info][gc,heap        ] GC(2595) PSOldGen: 1205278K->1235774K(1398272K)
[993.721s][info][gc,metaspace   ] GC(2595) Metaspace: 32489K(33584K)->32489K(33584K) NonClass: 28709K(29360K)->28709K(29360K) Class: 3779K(4224K)->3779K(4224K)
[993.721s][info][gc             ] GC(2595) Pause Young (System.gc()) 1582M->1235M(1895M) 50.702ms
[993.721s][info][gc,cpu         ] GC(2595) User=0.27s Sys=0.00s Real=0.05s
[993.721s][info][gc,start       ] GC(2596) Pause Full (System.gc())
[993.721s][info][gc,phases,start] GC(2596) Phase 1: Mark live objects
[993.830s][info][gc,phases      ] GC(2596) Phase 1: Mark live objects 108.830ms
[993.830s][info][gc,phases,start] GC(2596) Phase 2: Compute new object addresses
[994.006s][info][gc,phases      ] GC(2596) Phase 2: Compute new object addresses 175.302ms
[994.006s][info][gc,phases,start] GC(2596) Phase 3: Adjust pointers
[994.088s][info][gc,phases      ] GC(2596) Phase 3: Adjust pointers 82.455ms
[994.088s][info][gc,phases,start] GC(2596) Phase 4: Move objects
[994.112s][info][gc,phases      ] GC(2596) Phase 4: Move objects 23.672ms
[994.112s][info][gc,heap        ] GC(2596) PSYoungGen: 28896K->0K(542208K)
[994.112s][info][gc,heap        ] GC(2596) PSOldGen: 1235774K->104630K(1398272K)
[994.112s][info][gc,metaspace   ] GC(2596) Metaspace: 32489K(33584K)->32489K(33584K) NonClass: 28709K(29360K)->28709K(29360K) Class: 3779K(4224K)->3779K(4224K)
[994.112s][info][gc             ] GC(2596) Pause Full (System.gc()) 1235M->102M(1895M) 391.212ms
[994.112s][info][gc,cpu         ] GC(2596) User=0.39s Sys=0.00s Real=0.39s
[994.257s][info][gc,start       ] GC(2597) Pause Young (Allocation Failure)
[994.300s][info][gc,heap        ] GC(2597) PSYoungGen: 513024K->68448K(603648K)
[994.300s][info][gc,heap        ] GC(2597) PSOldGen: 104630K->104630K(1398272K)
[994.300s][info][gc,metaspace   ] GC(2597) Metaspace: 32489K(33584K)->32489K(33584K) NonClass: 28709K(29360K)->28709K(29360K) Class: 3779K(4224K)->3779K(4224K)
[994.300s][info][gc             ] GC(2597) Pause Young (Allocation Failure) 603M->169M(1955M) 42.489ms
[994.300s][info][gc,cpu         ] GC(2597) User=0.17s Sys=0.00s Real=0.04s
[994.442s][info][gc,start       ] GC(2598) Pause Young (Allocation Failure)
[994.527s][info][gc,heap        ] GC(2598) PSYoungGen: 576352K->78624K(586752K)
[994.527s][info][gc,heap        ] GC(2598) PSOldGen: 104630K->155106K(1398272K)
[994.527s][info][gc,metaspace   ] GC(2598) Metaspace: 32489K(33584K)->32489K(33584K) NonClass: 28709K(29360K)->28709K(29360K) Class: 3779K(4224K)->3779K(4224K)
[994.527s][info][gc             ] GC(2598) Pause Young (Allocation Failure) 665M->228M(1938M) 84.996ms
[994.527s][info][gc,cpu         ] GC(2598) User=0.52s Sys=0.02s Real=0.09s
[995.108s][info][gc,start       ] GC(2599) Pause Young (Allocation Failure)
[995.161s][info][gc,heap        ] GC(2599) PSYoungGen: 586528K->46784K(601600K)
[995.161s][info][gc,heap        ] GC(2599) PSOldGen: 155106K->186866K(1398272K)
[995.161s][info][gc,metaspace   ] GC(2599) Metaspace: 32489K(33584K)->32489K(33584K) NonClass: 28709K(29360K)->28709K(29360K) Class: 3779K(4224K)->3779K(4224K)
[995.161s][info][gc             ] GC(2599) Pause Young (Allocation Failure) 724M->228M(1953M) 52.782ms
[995.161s][info][gc,cpu         ] GC(2599) User=0.23s Sys=0.00s Real=0.05s
[995.305s][info][gc,start       ] GC(2600) Pause Young (Allocation Failure)
[995.365s][info][gc,heap        ] GC(2600) PSYoungGen: 550592K->66304K(601088K)
[995.365s][info][gc,heap        ] GC(2600) PSOldGen: 186866K->229203K(1398272K)
[995.365s][info][gc,metaspace   ] GC(2600) Metaspace: 32489K(33584K)->32489K(33584K) NonClass: 28709K(29360K)->28709K(29360K) Class: 3779K(4224K)->3779K(4224K)
[995.365s][info][gc             ] GC(2600) Pause Young (Allocation Failure) 720M->288M(1952M) 60.624ms
[995.365s][info][gc,cpu         ] GC(2600) User=0.28s Sys=0.00s Real=0.06s
[995.502s][info][gc,start       ] GC(2601) Pause Young (Allocation Failure)
[995.581s][info][gc,heap        ] GC(2601) PSYoungGen: 570112K->72864K(602624K)
[995.581s][info][gc,heap        ] GC(2601) PSOldGen: 229203K->282323K(1398272K)
[995.581s][info][gc,metaspace   ] GC(2601) Metaspace: 32489K(33584K)->32489K(33584K) NonClass: 28709K(29360K)->28709K(29360K) Class: 3779K(4224K)->3779K(4224K)
[995.581s][info][gc             ] GC(2601) Pause Young (Allocation Failure) 780M->346M(1954M) 79.336ms
[995.581s][info][gc,cpu         ] GC(2601) User=0.45s Sys=0.00s Real=0.08s
[996.155s][info][gc,start       ] GC(2602) Pause Young (Allocation Failure)
[996.209s][info][gc,heap        ] GC(2602) PSYoungGen: 580256K->49248K(603136K)
[996.209s][info][gc,heap        ] GC(2602) PSOldGen: 282323K->312955K(1398272K)
[996.209s][info][gc,metaspace   ] GC(2602) Metaspace: 32489K(33584K)->32489K(33584K) NonClass: 28709K(29360K)->28709K(29360K) Class: 3779K(4224K)->3779K(4224K)
[996.209s][info][gc             ] GC(2602) Pause Young (Allocation Failure) 842M->353M(1954M) 54.004ms
[996.209s][info][gc,cpu         ] GC(2602) User=0.28s Sys=0.00s Real=0.06s
[996.351s][info][gc,start       ] GC(2603) Pause Young (Allocation Failure)
[996.414s][info][gc,heap        ] GC(2603) PSYoungGen: 556640K->71008K(603648K)
[996.414s][info][gc,heap        ] GC(2603) PSOldGen: 312955K->353243K(1398272K)
[996.414s][info][gc,metaspace   ] GC(2603) Metaspace: 32489K(33584K)->32489K(33584K) NonClass: 28709K(29360K)->28709K(29360K) Class: 3779K(4224K)->3779K(4224K)
[996.414s][info][gc             ] GC(2603) Pause Young (Allocation Failure) 849M->414M(1955M) 62.399ms
[996.414s][info][gc,cpu         ] GC(2603) User=0.30s Sys=0.00s Real=0.06s
[996.550s][info][gc,start       ] GC(2604) Pause Young (Allocation Failure)
[996.627s][info][gc,heap        ] GC(2604) PSYoungGen: 579424K->70304K(603648K)
[996.627s][info][gc,heap        ] GC(2604) PSOldGen: 353243K->410851K(1398272K)
[996.627s][info][gc,metaspace   ] GC(2604) Metaspace: 32489K(33584K)->32489K(33584K) NonClass: 28709K(29360K)->28709K(29360K) Class: 3779K(4224K)->3779K(4224K)
[996.627s][info][gc             ] GC(2604) Pause Young (Allocation Failure) 910M->469M(1955M) 76.939ms
[996.627s][info][gc,cpu         ] GC(2604) User=0.42s Sys=0.00s Real=0.08s
[997.309s][info][gc,start       ] GC(2605) Pause Young (Allocation Failure)
[997.367s][info][gc,heap        ] GC(2605) PSYoungGen: 578720K->60288K(606720K)
[997.367s][info][gc,heap        ] GC(2605) PSOldGen: 410851K->441107K(1398272K)
[997.367s][info][gc,metaspace   ] GC(2605) Metaspace: 32489K(33584K)->32489K(33584K) NonClass: 28709K(29360K)->28709K(29360K) Class: 3779K(4224K)->3779K(4224K)
[997.367s][info][gc             ] GC(2605) Pause Young (Allocation Failure) 966M->489M(1958M) 57.859ms
[997.367s][info][gc,cpu         ] GC(2605) User=0.28s Sys=0.00s Real=0.06s
[997.519s][info][gc,start       ] GC(2606) Pause Young (Allocation Failure)
[997.585s][info][gc,heap        ] GC(2606) PSYoungGen: 572288K->78496K(604160K)
[997.585s][info][gc,heap        ] GC(2606) PSOldGen: 441107K->485336K(1398272K)
[997.585s][info][gc,metaspace   ] GC(2606) Metaspace: 32489K(33584K)->32489K(33584K) NonClass: 28709K(29360K)->28709K(29360K) Class: 3779K(4224K)->3779K(4224K)
[997.585s][info][gc             ] GC(2606) Pause Young (Allocation Failure) 989M->550M(1955M) 66.433ms
[997.585s][info][gc,cpu         ] GC(2606) User=0.38s Sys=0.00s Real=0.07s
[997.828s][info][gc,start       ] GC(2607) Pause Young (Allocation Failure)
[997.895s][info][gc,heap        ] GC(2607) PSYoungGen: 590496K->64096K(606720K)
[997.895s][info][gc,heap        ] GC(2607) PSOldGen: 485336K->520064K(1398272K)
[997.895s][info][gc,metaspace   ] GC(2607) Metaspace: 32489K(33584K)->32489K(33584K) NonClass: 28709K(29360K)->28709K(29360K) Class: 3779K(4224K)->3779K(4224K)
[997.895s][info][gc             ] GC(2607) Pause Young (Allocation Failure) 1050M->570M(1958M) 67.762ms
[997.895s][info][gc,cpu         ] GC(2607) User=0.38s Sys=0.00s Real=0.08s
[998.321s][info][gc,start       ] GC(2608) Pause Young (Allocation Failure)
[998.379s][info][gc,heap        ] GC(2608) PSYoungGen: 576096K->62432K(604160K)
[998.379s][info][gc,heap        ] GC(2608) PSOldGen: 520064K->555264K(1398272K)
[998.379s][info][gc,metaspace   ] GC(2608) Metaspace: 32489K(33584K)->32489K(33584K) NonClass: 28709K(29360K)->28709K(29360K) Class: 3779K(4224K)->3779K(4224K)
[998.379s][info][gc             ] GC(2608) Pause Young (Allocation Failure) 1070M->603M(1955M) 58.052ms
[998.379s][info][gc,cpu         ] GC(2608) User=0.28s Sys=0.00s Real=0.06s
[998.515s][info][gc,start       ] GC(2609) Pause Young (Allocation Failure)
[998.580s][info][gc,heap        ] GC(2609) PSYoungGen: 574432K->73440K(607232K)
[998.580s][info][gc,heap        ] GC(2609) PSOldGen: 555264K->603640K(1398272K)
[998.580s][info][gc,metaspace   ] GC(2609) Metaspace: 32489K(33584K)->32489K(33584K) NonClass: 28709K(29360K)->28709K(29360K) Class: 3779K(4224K)->3779K(4224K)
[998.580s][info][gc             ] GC(2609) Pause Young (Allocation Failure) 1103M->661M(1958M) 65.605ms
[998.580s][info][gc,cpu         ] GC(2609) User=0.31s Sys=0.00s Real=0.06s
[999.041s][info][gc,start       ] GC(2610) Pause Young (Allocation Failure)
[999.098s][info][gc,heap        ] GC(2610) PSYoungGen: 591072K->48832K(566784K)
[999.098s][info][gc,heap        ] GC(2610) PSOldGen: 603640K->635936K(1398272K)
[999.098s][info][gc,metaspace   ] GC(2610) Metaspace: 32489K(33584K)->32489K(33584K) NonClass: 28709K(29360K)->28709K(29360K) Class: 3779K(4224K)->3779K(4224K)
[999.098s][info][gc             ] GC(2610) Pause Young (Allocation Failure) 1166M->668M(1919M) 56.327ms
[999.098s][info][gc,cpu         ] GC(2610) User=0.28s Sys=0.00s Real=0.06s
[999.471s][info][gc,start       ] GC(2611) Pause Young (Allocation Failure)
[999.536s][info][gc,heap        ] GC(2611) PSYoungGen: 566464K->81504K(600576K)
[999.536s][info][gc,heap        ] GC(2611) PSOldGen: 635936K->669152K(1398272K)
[999.536s][info][gc,metaspace   ] GC(2611) Metaspace: 32489K(33584K)->32489K(33584K) NonClass: 28709K(29360K)->28709K(29360K) Class: 3779K(4224K)->3779K(4224K)
[999.536s][info][gc             ] GC(2611) Pause Young (Allocation Failure) 1174M->733M(1952M) 64.717ms
[999.536s][info][gc,cpu         ] GC(2611) User=0.38s Sys=0.00s Real=0.07s
[999.667s][info][gc,start       ] GC(2612) Pause Young (Allocation Failure)
[999.751s][info][gc,heap        ] GC(2612) PSYoungGen: 590944K->67584K(604160K)
[999.751s][info][gc,heap        ] GC(2612) PSOldGen: 669152K->740213K(1398272K)
[999.751s][info][gc,metaspace   ] GC(2612) Metaspace: 32489K(33584K)->32489K(33584K) NonClass: 28709K(29360K)->28709K(29360K) Class: 3779K(4224K)->3779K(4224K)
[999.751s][info][gc             ] GC(2612) Pause Young (Allocation Failure) 1230M->788M(1955M) 84.186ms
[999.751s][info][gc,cpu         ] GC(2612) User=0.47s Sys=0.00s Real=0.08s
[1000.576s][info][gc,start       ] GC(2613) Pause Young (Allocation Failure)
[1000.633s][info][gc,heap        ] GC(2613) PSYoungGen: 577024K->50464K(606208K)
[1000.633s][info][gc,heap        ] GC(2613) PSOldGen: 740213K->770197K(1398272K)
[1000.633s][info][gc,metaspace   ] GC(2613) Metaspace: 32489K(33584K)->32489K(33584K) NonClass: 28709K(29360K)->28709K(29360K) Class: 3779K(4224K)->3779K(4224K)
[1000.633s][info][gc             ] GC(2613) Pause Young (Allocation Failure) 1286M->801M(1957M) 57.837ms
[1000.633s][info][gc,cpu         ] GC(2613) User=0.38s Sys=0.00s Real=0.06s
[1000.766s][info][gc,start       ] GC(2614) Pause Young (Allocation Failure)
[1000.826s][info][gc,heap        ] GC(2614) PSYoungGen: 564000K->69184K(606208K)
[1000.826s][info][gc,heap        ] GC(2614) PSOldGen: 770197K->810653K(1398272K)
[1000.826s][info][gc,metaspace   ] GC(2614) Metaspace: 32489K(33584K)->32489K(33584K) NonClass: 28709K(29360K)->28709K(29360K) Class: 3779K(4224K)->3779K(4224K)
[1000.826s][info][gc             ] GC(2614) Pause Young (Allocation Failure) 1302M->859M(1957M) 60.200ms
[1000.826s][info][gc,cpu         ] GC(2614) User=0.38s Sys=0.00s Real=0.06s
[1000.968s][info][gc,start       ] GC(2615) Pause Young (Allocation Failure)
[1001.038s][info][gc,heap        ] GC(2615) PSYoungGen: 582720K->72864K(606208K)
[1001.038s][info][gc,heap        ] GC(2615) PSOldGen: 810653K->865573K(1398272K)
[1001.038s][info][gc,metaspace   ] GC(2615) Metaspace: 32489K(33584K)->32489K(33584K) NonClass: 28709K(29360K)->28709K(29360K) Class: 3779K(4224K)->3779K(4224K)
[1001.038s][info][gc             ] GC(2615) Pause Young (Allocation Failure) 1360M->916M(1957M) 70.490ms
[1001.038s][info][gc,cpu         ] GC(2615) User=0.38s Sys=0.00s Real=0.07s
[1001.696s][info][gc,start       ] GC(2616) Pause Young (Allocation Failure)
[1001.753s][info][gc,heap        ] GC(2616) PSYoungGen: 587424K->57792K(606720K)
[1001.753s][info][gc,heap        ] GC(2616) PSOldGen: 865573K->897125K(1398272K)
[1001.753s][info][gc,metaspace   ] GC(2616) Metaspace: 32489K(33584K)->32489K(33584K) NonClass: 28709K(29360K)->28709K(29360K) Class: 3779K(4224K)->3779K(4224K)
[1001.753s][info][gc             ] GC(2616) Pause Young (Allocation Failure) 1418M->932M(1958M) 57.165ms
[1001.753s][info][gc,cpu         ] GC(2616) User=0.27s Sys=0.02s Real=0.07s
[1001.897s][info][gc,start       ] GC(2617) Pause Young (Allocation Failure)
[1001.962s][info][gc,heap        ] GC(2617) PSYoungGen: 572352K->76544K(604160K)
[1001.962s][info][gc,heap        ] GC(2617) PSOldGen: 897125K->940086K(1398272K)
[1001.962s][info][gc,metaspace   ] GC(2617) Metaspace: 32489K(33584K)->32489K(33584K) NonClass: 28709K(29360K)->28709K(29360K) Class: 3779K(4224K)->3779K(4224K)
[1001.962s][info][gc             ] GC(2617) Pause Young (Allocation Failure) 1435M->992M(1955M) 65.378ms
[1001.962s][info][gc,cpu         ] GC(2617) User=0.47s Sys=0.00s Real=0.07s
[1002.151s][info][gc,start       ] GC(2618) Pause Young (Allocation Failure)
[1002.225s][info][gc,heap        ] GC(2618) PSYoungGen: 590080K->67040K(606208K)
[1002.225s][info][gc,heap        ] GC(2618) PSOldGen: 940086K->983430K(1398272K)
[1002.225s][info][gc,metaspace   ] GC(2618) Metaspace: 32489K(33584K)->32489K(33584K) NonClass: 28709K(29360K)->28709K(29360K) Class: 3779K(4224K)->3779K(4224K)
[1002.225s][info][gc             ] GC(2618) Pause Young (Allocation Failure) 1494M->1025M(1957M) 73.562ms
[1002.225s][info][gc,cpu         ] GC(2618) User=0.38s Sys=0.00s Real=0.08s
[1002.784s][info][gc,start       ] GC(2619) Pause Young (Allocation Failure)
[1002.842s][info][gc,heap        ] GC(2619) PSYoungGen: 580576K->58368K(609792K)
[1002.842s][info][gc,heap        ] GC(2619) PSOldGen: 983430K->1016414K(1398272K)
[1002.842s][info][gc,metaspace   ] GC(2619) Metaspace: 32489K(33584K)->32489K(33584K) NonClass: 28709K(29360K)->28709K(29360K) Class: 3779K(4224K)->3779K(4224K)
[1002.842s][info][gc             ] GC(2619) Pause Young (Allocation Failure) 1527M->1049M(1961M) 58.258ms
[1002.842s][info][gc,cpu         ] GC(2619) User=0.38s Sys=0.00s Real=0.06s
[1002.984s][info][gc,start       ] GC(2620) Pause Young (Allocation Failure)
[1003.051s][info][gc,heap        ] GC(2620) PSYoungGen: 578048K->75296K(595456K)
[1003.051s][info][gc,heap        ] GC(2620) PSOldGen: 1016414K->1061142K(1398272K)
[1003.051s][info][gc,metaspace   ] GC(2620) Metaspace: 32489K(33584K)->32489K(33584K) NonClass: 28709K(29360K)->28709K(29360K) Class: 3779K(4224K)->3779K(4224K)
[1003.051s][info][gc             ] GC(2620) Pause Young (Allocation Failure) 1557M->1109M(1947M) 67.127ms
[1003.051s][info][gc,cpu         ] GC(2620) User=0.38s Sys=0.00s Real=0.07s
[1003.389s][info][gc,start       ] GC(2621) Pause Young (Allocation Failure)
[1003.451s][info][gc,heap        ] GC(2621) PSYoungGen: 594976K->58912K(609792K)
[1003.451s][info][gc,heap        ] GC(2621) PSOldGen: 1061142K->1094350K(1398272K)
[1003.451s][info][gc,metaspace   ] GC(2621) Metaspace: 32489K(33584K)->32489K(33584K) NonClass: 28709K(29360K)->28709K(29360K) Class: 3779K(4224K)->3779K(4224K)
[1003.451s][info][gc             ] GC(2621) Pause Young (Allocation Failure) 1617M->1126M(1961M) 61.527ms
[1003.451s][info][gc,cpu         ] GC(2621) User=0.38s Sys=0.00s Real=0.06s
[1003.900s][info][gc,start       ] GC(2622) Pause Young (Allocation Failure)
[1003.964s][info][gc,heap        ] GC(2622) PSYoungGen: 578080K->81344K(600576K)
[1003.964s][info][gc,heap        ] GC(2622) PSOldGen: 1094350K->1128006K(1398272K)
[1003.964s][info][gc,metaspace   ] GC(2622) Metaspace: 32489K(33584K)->32489K(33584K) NonClass: 28709K(29360K)->28709K(29360K) Class: 3779K(4224K)->3779K(4224K)
[1003.964s][info][gc             ] GC(2622) Pause Young (Allocation Failure) 1633M->1181M(1952M) 64.384ms
[1003.964s][info][gc,cpu         ] GC(2622) User=0.34s Sys=0.00s Real=0.08s
[1004.093s][info][gc,start       ] GC(2623) Pause Young (Allocation Failure)
[1004.170s][info][gc,heap        ] GC(2623) PSYoungGen: 600512K->68000K(608256K)
[1004.170s][info][gc,heap        ] GC(2623) PSOldGen: 1128006K->1198942K(1398272K)
[1004.170s][info][gc,metaspace   ] GC(2623) Metaspace: 32489K(33584K)->32489K(33584K) NonClass: 28709K(29360K)->28709K(29360K) Class: 3779K(4224K)->3779K(4224K)
[1004.170s][info][gc             ] GC(2623) Pause Young (Allocation Failure) 1688M->1237M(1959M) 77.741ms
[1004.171s][info][gc,cpu         ] GC(2623) User=0.47s Sys=0.00s Real=0.08s
[1004.990s][info][gc,start       ] GC(2624) Pause Young (System.gc())
[1005.039s][info][gc,heap        ] GC(2624) PSYoungGen: 440051K->30912K(546816K)
[1005.039s][info][gc,heap        ] GC(2624) PSOldGen: 1198942K->1229502K(1398272K)
[1005.039s][info][gc,metaspace   ] GC(2624) Metaspace: 32489K(33584K)->32489K(33584K) NonClass: 28709K(29360K)->28709K(29360K) Class: 3779K(4224K)->3779K(4224K)
[1005.039s][info][gc             ] GC(2624) Pause Young (System.gc()) 1600M->1230M(1899M) 49.172ms
[1005.039s][info][gc,cpu         ] GC(2624) User=0.28s Sys=0.00s Real=0.05s
[1005.039s][info][gc,start       ] GC(2625) Pause Full (System.gc())
[1005.039s][info][gc,phases,start] GC(2625) Phase 1: Mark live objects
[1005.156s][info][gc,phases      ] GC(2625) Phase 1: Mark live objects 117.160ms
[1005.156s][info][gc,phases,start] GC(2625) Phase 2: Compute new object addresses
[1005.332s][info][gc,phases      ] GC(2625) Phase 2: Compute new object addresses 175.821ms
[1005.332s][info][gc,phases,start] GC(2625) Phase 3: Adjust pointers
[1005.415s][info][gc,phases      ] GC(2625) Phase 3: Adjust pointers 83.093ms
[1005.415s][info][gc,phases,start] GC(2625) Phase 4: Move objects
[1005.439s][info][gc,phases      ] GC(2625) Phase 4: Move objects 24.222ms
[1005.440s][info][gc,heap        ] GC(2625) PSYoungGen: 30912K->0K(546816K)
[1005.440s][info][gc,heap        ] GC(2625) PSOldGen: 1229502K->104392K(1398272K)
[1005.440s][info][gc,metaspace   ] GC(2625) Metaspace: 32489K(33584K)->32489K(33584K) NonClass: 28709K(29360K)->28709K(29360K) Class: 3779K(4224K)->3779K(4224K)
[1005.440s][info][gc             ] GC(2625) Pause Full (System.gc()) 1230M->101M(1899M) 401.067ms
[1005.440s][info][gc,cpu         ] GC(2625) User=0.41s Sys=0.00s Real=0.39s
[1005.676s][info][gc,start       ] GC(2626) Pause Young (Allocation Failure)
[1005.719s][info][gc,heap        ] GC(2626) PSYoungGen: 515584K->78176K(599552K)
[1005.719s][info][gc,heap        ] GC(2626) PSOldGen: 104392K->104392K(1398272K)
[1005.719s][info][gc,metaspace   ] GC(2626) Metaspace: 32489K(33584K)->32489K(33584K) NonClass: 28709K(29360K)->28709K(29360K) Class: 3779K(4224K)->3779K(4224K)
[1005.719s][info][gc             ] GC(2626) Pause Young (Allocation Failure) 605M->178M(1951M) 42.177ms
[1005.719s][info][gc,cpu         ] GC(2626) User=0.28s Sys=0.00s Real=0.04s
[1005.850s][info][gc,start       ] GC(2627) Pause Young (Allocation Failure)
[1005.925s][info][gc,heap        ] GC(2627) PSYoungGen: 583520K->68384K(602112K)
[1005.925s][info][gc,heap        ] GC(2627) PSOldGen: 104392K->169808K(1398272K)
[1005.925s][info][gc,metaspace   ] GC(2627) Metaspace: 32489K(33584K)->32489K(33584K) NonClass: 28709K(29360K)->28709K(29360K) Class: 3779K(4224K)->3779K(4224K)
[1005.925s][info][gc             ] GC(2627) Pause Young (Allocation Failure) 671M->232M(1953M) 75.815ms
[1005.925s][info][gc,cpu         ] GC(2627) User=0.42s Sys=0.00s Real=0.07s
[1006.667s][info][gc,start       ] GC(2628) Pause Young (Allocation Failure)
[1006.728s][info][gc,heap        ] GC(2628) PSYoungGen: 573728K->57856K(605696K)
[1006.728s][info][gc,heap        ] GC(2628) PSOldGen: 169808K->199864K(1398272K)
[1006.728s][info][gc,metaspace   ] GC(2628) Metaspace: 32489K(33584K)->32489K(33584K) NonClass: 28709K(29360K)->28709K(29360K) Class: 3779K(4224K)->3779K(4224K)
[1006.728s][info][gc             ] GC(2628) Pause Young (Allocation Failure) 726M->251M(1957M) 61.018ms
[1006.728s][info][gc,cpu         ] GC(2628) User=0.38s Sys=0.00s Real=0.07s
[1006.872s][info][gc,start       ] GC(2629) Pause Young (Allocation Failure)
[1006.944s][info][gc,heap        ] GC(2629) PSYoungGen: 568832K->74976K(604160K)
[1006.944s][info][gc,heap        ] GC(2629) PSOldGen: 199864K->243985K(1398272K)
[1006.944s][info][gc,metaspace   ] GC(2629) Metaspace: 32489K(33584K)->32489K(33584K) NonClass: 28709K(29360K)->28709K(29360K) Class: 3779K(4224K)->3779K(4224K)
[1006.944s][info][gc             ] GC(2629) Pause Young (Allocation Failure) 750M->311M(1955M) 71.871ms
[1006.944s][info][gc,cpu         ] GC(2629) User=0.38s Sys=0.00s Real=0.07s
[1007.092s][info][gc,start       ] GC(2630) Pause Young (Allocation Failure)
[1007.163s][info][gc,heap        ] GC(2630) PSYoungGen: 585952K->68160K(606720K)
[1007.163s][info][gc,heap        ] GC(2630) PSOldGen: 243985K->295873K(1398272K)
[1007.163s][info][gc,metaspace   ] GC(2630) Metaspace: 32489K(33584K)->32489K(33584K) NonClass: 28709K(29360K)->28709K(29360K) Class: 3779K(4224K)->3779K(4224K)
[1007.163s][info][gc             ] GC(2630) Pause Young (Allocation Failure) 810M->355M(1958M) 70.782ms
[1007.163s][info][gc,cpu         ] GC(2630) User=0.38s Sys=0.00s Real=0.07s
[1007.844s][info][gc,start       ] GC(2631) Pause Young (Allocation Failure)
[1007.912s][info][gc,heap        ] GC(2631) PSYoungGen: 580672K->62176K(604672K)
[1007.913s][info][gc,heap        ] GC(2631) PSOldGen: 295873K->326785K(1398272K)
[1007.913s][info][gc,metaspace   ] GC(2631) Metaspace: 32489K(33584K)->32489K(33584K) NonClass: 28709K(29360K)->28709K(29360K) Class: 3779K(4224K)->3779K(4224K)
[1007.913s][info][gc             ] GC(2631) Pause Young (Allocation Failure) 856M->379M(1956M) 68.810ms
[1007.913s][info][gc,cpu         ] GC(2631) User=0.38s Sys=0.00s Real=0.08s
[1008.068s][info][gc,start       ] GC(2632) Pause Young (Allocation Failure)
[1008.136s][info][gc,heap        ] GC(2632) PSYoungGen: 574688K->82112K(600576K)
[1008.136s][info][gc,heap        ] GC(2632) PSOldGen: 326785K->371481K(1398272K)
[1008.136s][info][gc,metaspace   ] GC(2632) Metaspace: 32489K(33584K)->32489K(33584K) NonClass: 28709K(29360K)->28709K(29360K) Class: 3779K(4224K)->3779K(4224K)
[1008.136s][info][gc             ] GC(2632) Pause Young (Allocation Failure) 880M->442M(1952M) 68.768ms
[1008.136s][info][gc,cpu         ] GC(2632) User=0.47s Sys=0.00s Real=0.07s
[1008.446s][info][gc,start       ] GC(2633) Pause Young (Allocation Failure)
[1008.508s][info][gc,heap        ] GC(2633) PSYoungGen: 592576K->55584K(604672K)
[1008.508s][info][gc,heap        ] GC(2633) PSOldGen: 371481K->406313K(1398272K)
[1008.508s][info][gc,metaspace   ] GC(2633) Metaspace: 32489K(33584K)->32489K(33584K) NonClass: 28709K(29360K)->28709K(29360K) Class: 3779K(4224K)->3779K(4224K)
[1008.508s][info][gc             ] GC(2633) Pause Young (Allocation Failure) 941M->451M(1956M) 62.632ms
[1008.508s][info][gc,cpu         ] GC(2633) User=0.38s Sys=0.00s Real=0.07s
[1008.918s][info][gc,start       ] GC(2634) Pause Young (Allocation Failure)
[1008.977s][info][gc,heap        ] GC(2634) PSYoungGen: 566048K->75072K(603648K)
[1008.977s][info][gc,heap        ] GC(2634) PSOldGen: 406313K->439105K(1398272K)
[1008.977s][info][gc,metaspace   ] GC(2634) Metaspace: 32489K(33584K)->32489K(33584K) NonClass: 28709K(29360K)->28709K(29360K) Class: 3779K(4224K)->3779K(4224K)
[1008.977s][info][gc             ] GC(2634) Pause Young (Allocation Failure) 949M->502M(1955M) 59.327ms
[1008.977s][info][gc,cpu         ] GC(2634) User=0.36s Sys=0.00s Real=0.07s
[1009.118s][info][gc,start       ] GC(2635) Pause Young (Allocation Failure)
[1009.190s][info][gc,heap        ] GC(2635) PSYoungGen: 585536K->77696K(588288K)
[1009.190s][info][gc,heap        ] GC(2635) PSOldGen: 439105K->497637K(1398272K)
[1009.190s][info][gc,metaspace   ] GC(2635) Metaspace: 32489K(33584K)->32489K(33584K) NonClass: 28709K(29360K)->28709K(29360K) Class: 3779K(4224K)->3779K(4224K)
[1009.190s][info][gc             ] GC(2635) Pause Young (Allocation Failure) 1000M->561M(1940M) 71.482ms
[1009.190s][info][gc,cpu         ] GC(2635) User=0.38s Sys=0.00s Real=0.07s
[1009.881s][info][gc,start       ] GC(2636) Pause Young (Allocation Failure)
[1009.936s][info][gc,heap        ] GC(2636) PSYoungGen: 588160K->45184K(601600K)
[1009.936s][info][gc,heap        ] GC(2636) PSOldGen: 497637K->530029K(1398272K)
[1009.936s][info][gc,metaspace   ] GC(2636) Metaspace: 32489K(33584K)->32489K(33584K) NonClass: 28709K(29360K)->28709K(29360K) Class: 3779K(4224K)->3779K(4224K)
[1009.936s][info][gc             ] GC(2636) Pause Young (Allocation Failure) 1060M->561M(1953M) 55.562ms
[1009.936s][info][gc,cpu         ] GC(2636) User=0.34s Sys=0.00s Real=0.06s
[1010.077s][info][gc,start       ] GC(2637) Pause Young (Allocation Failure)
[1010.140s][info][gc,heap        ] GC(2637) PSYoungGen: 551552K->69504K(602624K)
[1010.140s][info][gc,heap        ] GC(2637) PSOldGen: 530029K->567838K(1398272K)
[1010.140s][info][gc,metaspace   ] GC(2637) Metaspace: 32489K(33584K)->32489K(33584K) NonClass: 28709K(29360K)->28709K(29360K) Class: 3779K(4224K)->3779K(4224K)
[1010.140s][info][gc             ] GC(2637) Pause Young (Allocation Failure) 1056M->622M(1954M) 62.806ms
[1010.140s][info][gc,cpu         ] GC(2637) User=0.36s Sys=0.02s Real=0.06s
[1010.272s][info][gc,start       ] GC(2638) Pause Young (Allocation Failure)
[1010.351s][info][gc,heap        ] GC(2638) PSYoungGen: 575872K->70816K(605184K)
[1010.351s][info][gc,heap        ] GC(2638) PSOldGen: 567838K->624318K(1398272K)
[1010.351s][info][gc,metaspace   ] GC(2638) Metaspace: 32489K(33584K)->32489K(33584K) NonClass: 28709K(29360K)->28709K(29360K) Class: 3779K(4224K)->3779K(4224K)
[1010.351s][info][gc             ] GC(2638) Pause Young (Allocation Failure) 1116M->678M(1956M) 79.551ms
[1010.351s][info][gc,cpu         ] GC(2638) User=0.42s Sys=0.00s Real=0.08s
[1011.020s][info][gc,start       ] GC(2639) Pause Young (Allocation Failure)
[1011.072s][info][gc,heap        ] GC(2639) PSYoungGen: 581280K->48608K(604160K)
[1011.072s][info][gc,heap        ] GC(2639) PSOldGen: 624318K->654670K(1398272K)
[1011.072s][info][gc,metaspace   ] GC(2639) Metaspace: 32490K(33584K)->32490K(33584K) NonClass: 28711K(29360K)->28711K(29360K) Class: 3779K(4224K)->3779K(4224K)
[1011.072s][info][gc             ] GC(2639) Pause Young (Allocation Failure) 1177M->686M(1955M) 52.053ms
[1011.072s][info][gc,cpu         ] GC(2639) User=0.38s Sys=0.00s Real=0.05s
[1011.207s][info][gc,start       ] GC(2640) Pause Young (Allocation Failure)
[1011.271s][info][gc,heap        ] GC(2640) PSYoungGen: 559072K->70016K(605696K)
[1011.271s][info][gc,heap        ] GC(2640) PSOldGen: 654670K->693874K(1398272K)
[1011.271s][info][gc,metaspace   ] GC(2640) Metaspace: 32490K(33584K)->32490K(33584K) NonClass: 28711K(29360K)->28711K(29360K) Class: 3779K(4224K)->3779K(4224K)
[1011.271s][info][gc             ] GC(2640) Pause Young (Allocation Failure) 1185M->745M(1957M) 64.250ms
[1011.271s][info][gc,cpu         ] GC(2640) User=0.34s Sys=0.00s Real=0.06s
[1011.410s][info][gc,start       ] GC(2641) Pause Young (Allocation Failure)
[1011.488s][info][gc,heap        ] GC(2641) PSYoungGen: 581504K->69952K(604672K)
[1011.488s][info][gc,heap        ] GC(2641) PSOldGen: 693874K->752434K(1398272K)
[1011.488s][info][gc,metaspace   ] GC(2641) Metaspace: 32490K(33584K)->32490K(33584K) NonClass: 28711K(29360K)->28711K(29360K) Class: 3779K(4224K)->3779K(4224K)
[1011.488s][info][gc             ] GC(2641) Pause Young (Allocation Failure) 1245M->803M(1956M) 78.521ms
[1011.488s][info][gc,cpu         ] GC(2641) User=0.38s Sys=0.00s Real=0.08s
[1012.222s][info][gc,start       ] GC(2642) Pause Young (Allocation Failure)
[1012.285s][info][gc,heap        ] GC(2642) PSYoungGen: 581440K->55616K(607744K)
[1012.285s][info][gc,heap        ] GC(2642) PSOldGen: 752434K->783386K(1398272K)
[1012.285s][info][gc,metaspace   ] GC(2642) Metaspace: 32491K(33584K)->32491K(33584K) NonClass: 28712K(29360K)->28712K(29360K) Class: 3779K(4224K)->3779K(4224K)
[1012.285s][info][gc             ] GC(2642) Pause Young (Allocation Failure) 1302M->819M(1959M) 62.318ms
[1012.285s][info][gc,cpu         ] GC(2642) User=0.38s Sys=0.00s Real=0.06s
[1012.434s][info][gc,start       ] GC(2643) Pause Young (Allocation Failure)
[1012.499s][info][gc,heap        ] GC(2643) PSYoungGen: 571200K->73984K(606720K)
[1012.499s][info][gc,heap        ] GC(2643) PSOldGen: 783386K->828819K(1398272K)
[1012.499s][info][gc,metaspace   ] GC(2643) Metaspace: 32491K(33584K)->32491K(33584K) NonClass: 28712K(29360K)->28712K(29360K) Class: 3779K(4224K)->3779K(4224K)
[1012.499s][info][gc             ] GC(2643) Pause Young (Allocation Failure) 1322M->881M(1958M) 65.938ms
[1012.499s][info][gc,cpu         ] GC(2643) User=0.36s Sys=0.00s Real=0.07s
[1012.679s][info][gc,start       ] GC(2644) Pause Young (Allocation Failure)
[1012.749s][info][gc,heap        ] GC(2644) PSYoungGen: 589568K->70720K(607744K)
[1012.749s][info][gc,heap        ] GC(2644) PSOldGen: 828819K->870811K(1398272K)
[1012.749s][info][gc,metaspace   ] GC(2644) Metaspace: 32491K(33584K)->32491K(33584K) NonClass: 28712K(29360K)->28712K(29360K) Class: 3779K(4224K)->3779K(4224K)
[1012.749s][info][gc             ] GC(2644) Pause Young (Allocation Failure) 1385M->919M(1959M) 69.841ms
[1012.749s][info][gc,cpu         ] GC(2644) User=0.47s Sys=0.00s Real=0.07s
[1013.229s][info][gc,start       ] GC(2645) Pause Young (Allocation Failure)
[1013.290s][info][gc,heap        ] GC(2645) PSYoungGen: 586304K->58528K(606720K)
[1013.290s][info][gc,heap        ] GC(2645) PSOldGen: 870811K->905147K(1398272K)
[1013.290s][info][gc,metaspace   ] GC(2645) Metaspace: 32492K(33584K)->32492K(33584K) NonClass: 28712K(29360K)->28712K(29360K) Class: 3779K(4224K)->3779K(4224K)
[1013.290s][info][gc             ] GC(2645) Pause Young (Allocation Failure) 1422M->941M(1958M) 60.547ms
[1013.290s][info][gc,cpu         ] GC(2645) User=0.27s Sys=0.00s Real=0.06s
[1013.427s][info][gc,start       ] GC(2646) Pause Young (Allocation Failure)
[1013.494s][info][gc,heap        ] GC(2646) PSYoungGen: 574112K->73696K(607744K)
[1013.494s][info][gc,heap        ] GC(2646) PSOldGen: 905147K->950351K(1398272K)
[1013.494s][info][gc,metaspace   ] GC(2646) Metaspace: 32492K(33584K)->32492K(33584K) NonClass: 28712K(29360K)->28712K(29360K) Class: 3779K(4224K)->3779K(4224K)
[1013.494s][info][gc             ] GC(2646) Pause Young (Allocation Failure) 1444M->1000M(1959M) 66.419ms
[1013.494s][info][gc,cpu         ] GC(2646) User=0.47s Sys=0.00s Real=0.07s
[1013.800s][info][gc,start       ] GC(2647) Pause Young (Allocation Failure)
[1013.863s][info][gc,heap        ] GC(2647) PSYoungGen: 591328K->59264K(608256K)
[1013.863s][info][gc,heap        ] GC(2647) PSOldGen: 950351K->988543K(1398272K)
[1013.863s][info][gc,metaspace   ] GC(2647) Metaspace: 32492K(33584K)->32492K(33584K) NonClass: 28712K(29360K)->28712K(29360K) Class: 3779K(4224K)->3779K(4224K)
[1013.863s][info][gc             ] GC(2647) Pause Young (Allocation Failure) 1505M->1023M(1959M) 63.155ms
[1013.863s][info][gc,cpu         ] GC(2647) User=0.38s Sys=0.00s Real=0.07s
[1014.415s][info][gc,start       ] GC(2648) Pause Young (Allocation Failure)
[1014.480s][info][gc,heap        ] GC(2648) PSYoungGen: 576896K->77664K(605184K)
[1014.480s][info][gc,heap        ] GC(2648) PSOldGen: 988543K->1020359K(1398272K)
[1014.480s][info][gc,metaspace   ] GC(2648) Metaspace: 32492K(33584K)->32492K(33584K) NonClass: 28712K(29360K)->28712K(29360K) Class: 3779K(4224K)->3779K(4224K)
[1014.480s][info][gc             ] GC(2648) Pause Young (Allocation Failure) 1528M->1072M(1956M) 64.656ms
[1014.480s][info][gc,cpu         ] GC(2648) User=0.38s Sys=0.00s Real=0.08s
[1014.644s][info][gc,start       ] GC(2649) Pause Young (Allocation Failure)
[1014.721s][info][gc,heap        ] GC(2649) PSYoungGen: 593248K->90880K(606720K)
[1014.721s][info][gc,heap        ] GC(2649) PSOldGen: 1020359K->1074372K(1398272K)
[1014.721s][info][gc,metaspace   ] GC(2649) Metaspace: 32492K(33584K)->32492K(33584K) NonClass: 28712K(29360K)->28712K(29360K) Class: 3779K(4224K)->3779K(4224K)
[1014.721s][info][gc             ] GC(2649) Pause Young (Allocation Failure) 1575M->1137M(1958M) 76.927ms
[1014.721s][info][gc,cpu         ] GC(2649) User=0.47s Sys=0.00s Real=0.08s
[1015.282s][info][gc,start       ] GC(2650) Pause Young (Allocation Failure)
[1015.347s][info][gc,heap        ] GC(2650) PSYoungGen: 606464K->52032K(594432K)
[1015.347s][info][gc,heap        ] GC(2650) PSOldGen: 1074372K->1109380K(1398272K)
[1015.347s][info][gc,metaspace   ] GC(2650) Metaspace: 32492K(33584K)->32492K(33584K) NonClass: 28712K(29360K)->28712K(29360K) Class: 3779K(4224K)->3779K(4224K)
[1015.347s][info][gc             ] GC(2650) Pause Young (Allocation Failure) 1641M->1134M(1946M) 64.742ms
[1015.347s][info][gc,cpu         ] GC(2650) User=0.34s Sys=0.00s Real=0.07s
[1015.502s][info][gc,start       ] GC(2651) Pause Young (Allocation Failure)
[1015.567s][info][gc,heap        ] GC(2651) PSYoungGen: 554304K->75360K(600576K)
[1015.567s][info][gc,heap        ] GC(2651) PSOldGen: 1109380K->1149976K(1398272K)
[1015.567s][info][gc,metaspace   ] GC(2651) Metaspace: 32492K(33584K)->32492K(33584K) NonClass: 28712K(29360K)->28712K(29360K) Class: 3779K(4224K)->3779K(4224K)
[1015.567s][info][gc             ] GC(2651) Pause Young (Allocation Failure) 1624M->1196M(1952M) 65.187ms
[1015.567s][info][gc,cpu         ] GC(2651) User=0.30s Sys=0.00s Real=0.07s
[1015.701s][info][gc,start       ] GC(2652) Pause Young (Allocation Failure)
[1015.787s][info][gc,heap        ] GC(2652) PSYoungGen: 577632K->72160K(602624K)
[1015.787s][info][gc,heap        ] GC(2652) PSOldGen: 1149976K->1211256K(1398272K)
[1015.787s][info][gc,metaspace   ] GC(2652) Metaspace: 32492K(33584K)->32492K(33584K) NonClass: 28712K(29360K)->28712K(29360K) Class: 3779K(4224K)->3779K(4224K)
[1015.787s][info][gc             ] GC(2652) Pause Young (Allocation Failure) 1687M->1253M(1954M) 85.871ms
[1015.787s][info][gc,cpu         ] GC(2652) User=0.47s Sys=0.00s Real=0.09s
[1016.250s][info][gc,start       ] GC(2653) Pause Young (System.gc())
[1016.297s][info][gc,heap        ] GC(2653) PSYoungGen: 331096K->22688K(525824K)
[1016.297s][info][gc,heap        ] GC(2653) PSOldGen: 1211256K->1241928K(1398272K)
[1016.297s][info][gc,metaspace   ] GC(2653) Metaspace: 32492K(33584K)->32492K(33584K) NonClass: 28712K(29360K)->28712K(29360K) Class: 3779K(4224K)->3779K(4224K)
[1016.297s][info][gc             ] GC(2653) Pause Young (System.gc()) 1506M->1234M(1879M) 47.690ms
[1016.297s][info][gc,cpu         ] GC(2653) User=0.23s Sys=0.00s Real=0.05s
[1016.297s][info][gc,start       ] GC(2654) Pause Full (System.gc())
[1016.297s][info][gc,phases,start] GC(2654) Phase 1: Mark live objects
[1016.407s][info][gc,phases      ] GC(2654) Phase 1: Mark live objects 109.403ms
[1016.407s][info][gc,phases,start] GC(2654) Phase 2: Compute new object addresses
[1016.584s][info][gc,phases      ] GC(2654) Phase 2: Compute new object addresses 177.495ms
[1016.584s][info][gc,phases,start] GC(2654) Phase 3: Adjust pointers
[1016.670s][info][gc,phases      ] GC(2654) Phase 3: Adjust pointers 85.259ms
[1016.670s][info][gc,phases,start] GC(2654) Phase 4: Move objects
[1016.694s][info][gc,phases      ] GC(2654) Phase 4: Move objects 24.309ms
[1016.694s][info][gc,heap        ] GC(2654) PSYoungGen: 22688K->0K(525824K)
[1016.694s][info][gc,heap        ] GC(2654) PSOldGen: 1241928K->104664K(1398272K)
[1016.694s][info][gc,metaspace   ] GC(2654) Metaspace: 32492K(33584K)->32492K(33584K) NonClass: 28712K(29360K)->28712K(29360K) Class: 3779K(4224K)->3779K(4224K)
[1016.695s][info][gc             ] GC(2654) Pause Full (System.gc()) 1234M->102M(1879M) 397.246ms
[1016.695s][info][gc,cpu         ] GC(2654) User=0.39s Sys=0.00s Real=0.39s
[1016.915s][info][gc,start       ] GC(2655) Pause Young (Allocation Failure)
[1016.958s][info][gc,heap        ] GC(2655) PSYoungGen: 502784K->79264K(593408K)
[1016.958s][info][gc,heap        ] GC(2655) PSOldGen: 104664K->104664K(1398272K)
[1016.958s][info][gc,metaspace   ] GC(2655) Metaspace: 32492K(33584K)->32492K(33584K) NonClass: 28712K(29360K)->28712K(29360K) Class: 3779K(4224K)->3779K(4224K)
[1016.958s][info][gc             ] GC(2655) Pause Young (Allocation Failure) 593M->179M(1945M) 42.570ms
[1016.958s][info][gc,cpu         ] GC(2655) User=0.19s Sys=0.00s Real=0.04s
[1017.101s][info][gc,start       ] GC(2656) Pause Young (Allocation Failure)
[1017.169s][info][gc,heap        ] GC(2656) PSYoungGen: 571296K->75520K(595456K)
[1017.169s][info][gc,heap        ] GC(2656) PSOldGen: 104664K->166288K(1398272K)
[1017.169s][info][gc,metaspace   ] GC(2656) Metaspace: 32492K(33584K)->32492K(33584K) NonClass: 28712K(29360K)->28712K(29360K) Class: 3779K(4224K)->3779K(4224K)
[1017.169s][info][gc             ] GC(2656) Pause Young (Allocation Failure) 660M->236M(1947M) 68.450ms
[1017.169s][info][gc,cpu         ] GC(2656) User=0.47s Sys=0.00s Real=0.07s
[1017.788s][info][gc,start       ] GC(2657) Pause Young (Allocation Failure)
[1017.846s][info][gc,heap        ] GC(2657) PSYoungGen: 567552K->53152K(596992K)
[1017.846s][info][gc,heap        ] GC(2657) PSOldGen: 166288K->197952K(1398272K)
[1017.846s][info][gc,metaspace   ] GC(2657) Metaspace: 32492K(33584K)->32492K(33584K) NonClass: 28712K(29360K)->28712K(29360K) Class: 3779K(4224K)->3779K(4224K)
[1017.846s][info][gc             ] GC(2657) Pause Young (Allocation Failure) 716M->245M(1948M) 57.384ms
[1017.846s][info][gc,cpu         ] GC(2657) User=0.36s Sys=0.00s Real=0.06s
[1017.984s][info][gc,start       ] GC(2658) Pause Young (Allocation Failure)
[1018.045s][info][gc,heap        ] GC(2658) PSYoungGen: 546720K->69184K(595456K)
[1018.045s][info][gc,heap        ] GC(2658) PSOldGen: 197952K->241481K(1398272K)
[1018.045s][info][gc,metaspace   ] GC(2658) Metaspace: 32492K(33584K)->32492K(33584K) NonClass: 28712K(29360K)->28712K(29360K) Class: 3779K(4224K)->3779K(4224K)
[1018.045s][info][gc             ] GC(2658) Pause Young (Allocation Failure) 727M->303M(1947M) 61.650ms
[1018.045s][info][gc,cpu         ] GC(2658) User=0.38s Sys=0.00s Real=0.06s
[1018.176s][info][gc,start       ] GC(2659) Pause Young (Allocation Failure)
[1018.247s][info][gc,heap        ] GC(2659) PSYoungGen: 562752K->67648K(601600K)
[1018.247s][info][gc,heap        ] GC(2659) PSOldGen: 241481K->298225K(1398272K)
[1018.247s][info][gc,metaspace   ] GC(2659) Metaspace: 32492K(33584K)->32492K(33584K) NonClass: 28712K(29360K)->28712K(29360K) Class: 3779K(4224K)->3779K(4224K)
[1018.247s][info][gc             ] GC(2659) Pause Young (Allocation Failure) 785M->357M(1953M) 71.490ms
[1018.247s][info][gc,cpu         ] GC(2659) User=0.47s Sys=0.00s Real=0.07s
[1018.862s][info][gc,start       ] GC(2660) Pause Young (Allocation Failure)
[1018.918s][info][gc,heap        ] GC(2660) PSYoungGen: 569408K->59680K(599040K)
[1018.918s][info][gc,heap        ] GC(2660) PSOldGen: 298225K->327585K(1398272K)
[1018.918s][info][gc,metaspace   ] GC(2660) Metaspace: 32492K(33584K)->32492K(33584K) NonClass: 28712K(29360K)->28712K(29360K) Class: 3779K(4224K)->3779K(4224K)
[1018.918s][info][gc             ] GC(2660) Pause Young (Allocation Failure) 847M->378M(1950M) 56.177ms
[1018.918s][info][gc,cpu         ] GC(2660) User=0.38s Sys=0.00s Real=0.07s
[1019.062s][info][gc,start       ] GC(2661) Pause Young (Allocation Failure)
[1019.126s][info][gc,heap        ] GC(2661) PSYoungGen: 561440K->76096K(601600K)
[1019.126s][info][gc,heap        ] GC(2661) PSOldGen: 327585K->371469K(1398272K)
[1019.126s][info][gc,metaspace   ] GC(2661) Metaspace: 32492K(33584K)->32492K(33584K) NonClass: 28712K(29360K)->28712K(29360K) Class: 3779K(4224K)->3779K(4224K)
[1019.126s][info][gc             ] GC(2661) Pause Young (Allocation Failure) 868M->437M(1953M) 64.482ms
[1019.126s][info][gc,cpu         ] GC(2661) User=0.36s Sys=0.00s Real=0.06s
[1019.338s][info][gc,start       ] GC(2662) Pause Young (Allocation Failure)
[1019.413s][info][gc,heap        ] GC(2662) PSYoungGen: 582464K->66048K(602624K)
[1019.414s][info][gc,heap        ] GC(2662) PSOldGen: 371469K->410173K(1398272K)
[1019.414s][info][gc,metaspace   ] GC(2662) Metaspace: 32492K(33584K)->32492K(33584K) NonClass: 28712K(29360K)->28712K(29360K) Class: 3779K(4224K)->3779K(4224K)
[1019.414s][info][gc             ] GC(2662) Pause Young (Allocation Failure) 931M->465M(1954M) 75.350ms
[1019.414s][info][gc,cpu         ] GC(2662) User=0.34s Sys=0.00s Real=0.08s
[1019.992s][info][gc,start       ] GC(2663) Pause Young (Allocation Failure)
[1020.052s][info][gc,heap        ] GC(2663) PSYoungGen: 572416K->66400K(608256K)
[1020.052s][info][gc,heap        ] GC(2663) PSOldGen: 410173K->444429K(1398272K)
[1020.052s][info][gc,metaspace   ] GC(2663) Metaspace: 32492K(33584K)->32492K(33584K) NonClass: 28712K(29360K)->28712K(29360K) Class: 3779K(4224K)->3779K(4224K)
[1020.052s][info][gc             ] GC(2663) Pause Young (Allocation Failure) 959M->498M(1959M) 59.711ms
[1020.052s][info][gc,cpu         ] GC(2663) User=0.30s Sys=0.00s Real=0.07s
[1020.189s][info][gc,start       ] GC(2664) Pause Young (Allocation Failure)
[1020.256s][info][gc,heap        ] GC(2664) PSYoungGen: 581472K->72288K(605696K)
[1020.256s][info][gc,heap        ] GC(2664) PSOldGen: 444429K->497942K(1398272K)
[1020.256s][info][gc,metaspace   ] GC(2664) Metaspace: 32492K(33584K)->32492K(33584K) NonClass: 28712K(29360K)->28712K(29360K) Class: 3779K(4224K)->3779K(4224K)
[1020.256s][info][gc             ] GC(2664) Pause Young (Allocation Failure) 1001M->556M(1957M) 67.245ms
[1020.256s][info][gc,cpu         ] GC(2664) User=0.38s Sys=0.00s Real=0.07s
[1021.009s][info][gc,start       ] GC(2665) Pause Young (Allocation Failure)
[1021.065s][info][gc,heap        ] GC(2665) PSYoungGen: 587360K->40288K(604160K)
[1021.065s][info][gc,heap        ] GC(2665) PSOldGen: 497942K->529798K(1398272K)
[1021.065s][info][gc,metaspace   ] GC(2665) Metaspace: 32492K(33584K)->32492K(33584K) NonClass: 28712K(29360K)->28712K(29360K) Class: 3779K(4224K)->3779K(4224K)
[1021.065s][info][gc             ] GC(2665) Pause Young (Allocation Failure) 1059M->556M(1955M) 56.481ms
[1021.065s][info][gc,cpu         ] GC(2665) User=0.28s Sys=0.00s Real=0.06s
[1021.205s][info][gc,start       ] GC(2666) Pause Young (Allocation Failure)
[1021.266s][info][gc,heap        ] GC(2666) PSYoungGen: 553824K->68352K(606208K)
[1021.266s][info][gc,heap        ] GC(2666) PSOldGen: 529798K->567946K(1398272K)
[1021.266s][info][gc,metaspace   ] GC(2666) Metaspace: 32492K(33584K)->32492K(33584K) NonClass: 28712K(29360K)->28712K(29360K) Class: 3779K(4224K)->3779K(4224K)
[1021.266s][info][gc             ] GC(2666) Pause Young (Allocation Failure) 1058M->621M(1957M) 60.508ms
[1021.266s][info][gc,cpu         ] GC(2666) User=0.38s Sys=0.00s Real=0.06s
[1021.407s][info][gc,start       ] GC(2667) Pause Young (Allocation Failure)
[1021.473s][info][gc,heap        ] GC(2667) PSYoungGen: 581888K->72128K(606720K)
[1021.473s][info][gc,heap        ] GC(2667) PSOldGen: 567946K->622578K(1398272K)
[1021.473s][info][gc,metaspace   ] GC(2667) Metaspace: 32492K(33584K)->32492K(33584K) NonClass: 28712K(29360K)->28712K(29360K) Class: 3779K(4224K)->3779K(4224K)
[1021.473s][info][gc             ] GC(2667) Pause Young (Allocation Failure) 1122M->678M(1958M) 66.011ms
[1021.473s][info][gc,cpu         ] GC(2667) User=0.38s Sys=0.00s Real=0.07s
[1022.132s][info][gc,start       ] GC(2668) Pause Young (Allocation Failure)
[1022.184s][info][gc,heap        ] GC(2668) PSYoungGen: 587712K->47648K(607232K)
[1022.184s][info][gc,heap        ] GC(2668) PSOldGen: 622578K->654330K(1398272K)
[1022.184s][info][gc,metaspace   ] GC(2668) Metaspace: 32492K(33584K)->32492K(33584K) NonClass: 28712K(29360K)->28712K(29360K) Class: 3779K(4224K)->3779K(4224K)
[1022.185s][info][gc             ] GC(2668) Pause Young (Allocation Failure) 1181M->685M(1958M) 52.409ms
[1022.185s][info][gc,cpu         ] GC(2668) User=0.36s Sys=0.00s Real=0.06s
[1022.337s][info][gc,start       ] GC(2669) Pause Young (Allocation Failure)
[1022.399s][info][gc,heap        ] GC(2669) PSYoungGen: 563232K->74592K(604160K)
[1022.399s][info][gc,heap        ] GC(2669) PSOldGen: 654330K->693867K(1398272K)
[1022.400s][info][gc,metaspace   ] GC(2669) Metaspace: 32492K(33584K)->32492K(33584K) NonClass: 28712K(29360K)->28712K(29360K) Class: 3779K(4224K)->3779K(4224K)
[1022.400s][info][gc             ] GC(2669) Pause Young (Allocation Failure) 1189M->750M(1955M) 62.954ms
[1022.400s][info][gc,cpu         ] GC(2669) User=0.38s Sys=0.00s Real=0.06s
[1022.547s][info][gc,start       ] GC(2670) Pause Young (Allocation Failure)
[1022.622s][info][gc,heap        ] GC(2670) PSYoungGen: 587104K->77632K(590336K)
[1022.622s][info][gc,heap        ] GC(2670) PSOldGen: 693867K->750123K(1398272K)
[1022.622s][info][gc,metaspace   ] GC(2670) Metaspace: 32492K(33584K)->32492K(33584K) NonClass: 28712K(29360K)->28712K(29360K) Class: 3779K(4224K)->3779K(4224K)
[1022.622s][info][gc             ] GC(2670) Pause Young (Allocation Failure) 1250M->808M(1942M) 75.133ms
[1022.622s][info][gc,cpu         ] GC(2670) User=0.41s Sys=0.00s Real=0.08s
[1023.202s][info][gc,start       ] GC(2671) Pause Young (Allocation Failure)
[1023.269s][info][gc,heap        ] GC(2671) PSYoungGen: 590144K->63168K(606208K)
[1023.269s][info][gc,heap        ] GC(2671) PSOldGen: 750123K->782507K(1398272K)
[1023.269s][info][gc,metaspace   ] GC(2671) Metaspace: 32492K(33584K)->32492K(33584K) NonClass: 28712K(29360K)->28712K(29360K) Class: 3779K(4224K)->3779K(4224K)
[1023.269s][info][gc             ] GC(2671) Pause Young (Allocation Failure) 1308M->825M(1957M) 67.577ms
[1023.269s][info][gc,cpu         ] GC(2671) User=0.36s Sys=0.00s Real=0.07s
[1023.426s][info][gc,start       ] GC(2672) Pause Young (Allocation Failure)
[1023.496s][info][gc,heap        ] GC(2672) PSYoungGen: 574144K->81696K(592896K)
[1023.496s][info][gc,heap        ] GC(2672) PSOldGen: 782507K->827691K(1398272K)
[1023.496s][info][gc,metaspace   ] GC(2672) Metaspace: 32492K(33584K)->32492K(33584K) NonClass: 28712K(29360K)->28712K(29360K) Class: 3779K(4224K)->3779K(4224K)
[1023.496s][info][gc             ] GC(2672) Pause Young (Allocation Failure) 1324M->888M(1944M) 70.618ms
[1023.496s][info][gc,cpu         ] GC(2672) User=0.45s Sys=0.00s Real=0.07s
[1023.819s][info][gc,start       ] GC(2673) Pause Young (Allocation Failure)
[1023.885s][info][gc,heap        ] GC(2673) PSYoungGen: 592672K->59232K(604160K)
[1023.885s][info][gc,heap        ] GC(2673) PSOldGen: 827691K->863355K(1398272K)
[1023.885s][info][gc,metaspace   ] GC(2673) Metaspace: 32492K(33584K)->32492K(33584K) NonClass: 28712K(29360K)->28712K(29360K) Class: 3779K(4224K)->3779K(4224K)
[1023.885s][info][gc             ] GC(2673) Pause Young (Allocation Failure) 1387M->900M(1955M) 65.579ms
[1023.885s][info][gc,cpu         ] GC(2673) User=0.45s Sys=0.00s Real=0.07s
[1024.271s][info][gc,start       ] GC(2674) Pause Young (Allocation Failure)
[1024.333s][info][gc,heap        ] GC(2674) PSYoungGen: 567648K->66432K(603136K)
[1024.333s][info][gc,heap        ] GC(2674) PSOldGen: 863355K->896771K(1398272K)
[1024.333s][info][gc,metaspace   ] GC(2674) Metaspace: 32492K(33584K)->32492K(33584K) NonClass: 28712K(29360K)->28712K(29360K) Class: 3779K(4224K)->3779K(4224K)
[1024.333s][info][gc             ] GC(2674) Pause Young (Allocation Failure) 1397M->940M(1954M) 62.438ms
[1024.333s][info][gc,cpu         ] GC(2674) User=0.34s Sys=0.00s Real=0.06s
[1024.475s][info][gc,start       ] GC(2675) Pause Young (Allocation Failure)
[1024.544s][info][gc,heap        ] GC(2675) PSYoungGen: 574848K->77632K(604160K)
[1024.544s][info][gc,heap        ] GC(2675) PSOldGen: 896771K->944543K(1398272K)
[1024.544s][info][gc,metaspace   ] GC(2675) Metaspace: 32492K(33584K)->32492K(33584K) NonClass: 28712K(29360K)->28712K(29360K) Class: 3779K(4224K)->3779K(4224K)
[1024.544s][info][gc             ] GC(2675) Pause Young (Allocation Failure) 1437M->998M(1955M) 69.137ms
[1024.545s][info][gc,cpu         ] GC(2675) User=0.44s Sys=0.00s Real=0.07s
[1025.064s][info][gc,start       ] GC(2676) Pause Young (Allocation Failure)
[1025.116s][info][gc,heap        ] GC(2676) PSYoungGen: 590144K->43968K(556544K)
[1025.116s][info][gc,heap        ] GC(2676) PSOldGen: 944543K->977407K(1398272K)
[1025.116s][info][gc,metaspace   ] GC(2676) Metaspace: 32492K(33584K)->32492K(33584K) NonClass: 28712K(29360K)->28712K(29360K) Class: 3779K(4224K)->3779K(4224K)
[1025.116s][info][gc             ] GC(2676) Pause Young (Allocation Failure) 1498M->997M(1909M) 51.913ms
[1025.116s][info][gc,cpu         ] GC(2676) User=0.28s Sys=0.00s Real=0.06s
[1025.405s][info][gc,start       ] GC(2677) Pause Young (Allocation Failure)
[1025.466s][info][gc,heap        ] GC(2677) PSYoungGen: 556480K->75104K(602112K)
[1025.466s][info][gc,heap        ] GC(2677) PSOldGen: 977407K->1009440K(1398272K)
[1025.466s][info][gc,metaspace   ] GC(2677) Metaspace: 32492K(33584K)->32492K(33584K) NonClass: 28712K(29360K)->28712K(29360K) Class: 3779K(4224K)->3779K(4224K)
[1025.466s][info][gc             ] GC(2677) Pause Young (Allocation Failure) 1497M->1059M(1953M) 60.552ms
[1025.466s][info][gc,cpu         ] GC(2677) User=0.38s Sys=0.00s Real=0.06s
[1025.594s][info][gc,start       ] GC(2678) Pause Young (Allocation Failure)
[1025.668s][info][gc,heap        ] GC(2678) PSYoungGen: 582496K->68704K(603136K)
[1025.668s][info][gc,heap        ] GC(2678) PSOldGen: 1009440K->1074404K(1398272K)
[1025.668s][info][gc,metaspace   ] GC(2678) Metaspace: 32492K(33584K)->32492K(33584K) NonClass: 28712K(29360K)->28712K(29360K) Class: 3779K(4224K)->3779K(4224K)
[1025.668s][info][gc             ] GC(2678) Pause Young (Allocation Failure) 1554M->1116M(1954M) 74.752ms
[1025.668s][info][gc,cpu         ] GC(2678) User=0.47s Sys=0.00s Real=0.08s
[1026.497s][info][gc,start       ] GC(2679) Pause Young (Allocation Failure)
[1026.555s][info][gc,heap        ] GC(2679) PSYoungGen: 576096K->48256K(604160K)
[1026.556s][info][gc,heap        ] GC(2679) PSOldGen: 1074404K->1104132K(1398272K)
[1026.556s][info][gc,metaspace   ] GC(2679) Metaspace: 32492K(33584K)->32492K(33584K) NonClass: 28712K(29360K)->28712K(29360K) Class: 3779K(4224K)->3779K(4224K)
[1026.556s][info][gc             ] GC(2679) Pause Young (Allocation Failure) 1611M->1125M(1955M) 58.278ms
[1026.556s][info][gc,cpu         ] GC(2679) User=0.38s Sys=0.00s Real=0.06s
[1026.687s][info][gc,start       ] GC(2680) Pause Young (Allocation Failure)
[1026.754s][info][gc,heap        ] GC(2680) PSYoungGen: 558720K->65376K(604672K)
[1026.754s][info][gc,heap        ] GC(2680) PSOldGen: 1104132K->1147068K(1398272K)
[1026.754s][info][gc,metaspace   ] GC(2680) Metaspace: 32492K(33584K)->32492K(33584K) NonClass: 28712K(29360K)->28712K(29360K) Class: 3779K(4224K)->3779K(4224K)
[1026.754s][info][gc             ] GC(2680) Pause Young (Allocation Failure) 1623M->1184M(1956M) 66.359ms
[1026.754s][info][gc,cpu         ] GC(2680) User=0.38s Sys=0.00s Real=0.06s
[1026.907s][info][gc,start       ] GC(2681) Pause Young (Allocation Failure)
[1026.973s][info][gc,heap        ] GC(2681) PSYoungGen: 575840K->79008K(601600K)
[1026.973s][info][gc,heap        ] GC(2681) PSOldGen: 1147068K->1192260K(1398272K)
[1026.973s][info][gc,metaspace   ] GC(2681) Metaspace: 32492K(33584K)->32492K(33584K) NonClass: 28712K(29360K)->28712K(29360K) Class: 3779K(4224K)->3779K(4224K)
[1026.973s][info][gc             ] GC(2681) Pause Young (Allocation Failure) 1682M->1241M(1953M) 65.552ms
[1026.973s][info][gc,cpu         ] GC(2681) User=0.31s Sys=0.00s Real=0.07s
[1027.463s][info][gc,start       ] GC(2682) Pause Young (System.gc())
[1027.527s][info][gc,heap        ] GC(2682) PSYoungGen: 385216K->26336K(537088K)
[1027.527s][info][gc,heap        ] GC(2682) PSOldGen: 1192260K->1225108K(1398272K)
[1027.527s][info][gc,metaspace   ] GC(2682) Metaspace: 32492K(33584K)->32492K(33584K) NonClass: 28712K(29360K)->28712K(29360K) Class: 3779K(4224K)->3779K(4224K)
[1027.527s][info][gc             ] GC(2682) Pause Young (System.gc()) 1540M->1222M(1890M) 63.669ms
[1027.527s][info][gc,cpu         ] GC(2682) User=0.28s Sys=0.00s Real=0.06s
[1027.527s][info][gc,start       ] GC(2683) Pause Full (System.gc())
[1027.527s][info][gc,phases,start] GC(2683) Phase 1: Mark live objects
[1027.645s][info][gc,phases      ] GC(2683) Phase 1: Mark live objects 117.504ms
[1027.645s][info][gc,phases,start] GC(2683) Phase 2: Compute new object addresses
[1027.819s][info][gc,phases      ] GC(2683) Phase 2: Compute new object addresses 174.553ms
[1027.820s][info][gc,phases,start] GC(2683) Phase 3: Adjust pointers
[1027.902s][info][gc,phases      ] GC(2683) Phase 3: Adjust pointers 82.279ms
[1027.902s][info][gc,phases,start] GC(2683) Phase 4: Move objects
[1027.924s][info][gc,phases      ] GC(2683) Phase 4: Move objects 22.163ms
[1027.924s][info][gc,heap        ] GC(2683) PSYoungGen: 26336K->0K(537088K)
[1027.924s][info][gc,heap        ] GC(2683) PSOldGen: 1225108K->104453K(1398272K)
[1027.924s][info][gc,metaspace   ] GC(2683) Metaspace: 32492K(33584K)->32492K(33584K) NonClass: 28712K(29360K)->28712K(29360K) Class: 3779K(4224K)->3779K(4224K)
[1027.924s][info][gc             ] GC(2683) Pause Full (System.gc()) 1222M->102M(1890M) 397.415ms
[1027.924s][info][gc,cpu         ] GC(2683) User=0.39s Sys=0.00s Real=0.38s
[1028.062s][info][gc,start       ] GC(2684) Pause Young (Allocation Failure)
[1028.098s][info][gc,heap        ] GC(2684) PSYoungGen: 510464K->65600K(603136K)
[1028.098s][info][gc,heap        ] GC(2684) PSOldGen: 104453K->104453K(1398272K)
[1028.098s][info][gc,metaspace   ] GC(2684) Metaspace: 32492K(33584K)->32492K(33584K) NonClass: 28712K(29360K)->28712K(29360K) Class: 3779K(4224K)->3779K(4224K)
[1028.098s][info][gc             ] GC(2684) Pause Young (Allocation Failure) 600M->166M(1954M) 36.239ms
[1028.098s][info][gc,cpu         ] GC(2684) User=0.19s Sys=0.00s Real=0.04s
[1028.238s][info][gc,start       ] GC(2685) Pause Young (Allocation Failure)
[1028.311s][info][gc,heap        ] GC(2685) PSYoungGen: 570944K->75072K(601088K)
[1028.311s][info][gc,heap        ] GC(2685) PSOldGen: 104453K->153985K(1398272K)
[1028.311s][info][gc,metaspace   ] GC(2685) Metaspace: 32492K(33584K)->32492K(33584K) NonClass: 28712K(29360K)->28712K(29360K) Class: 3779K(4224K)->3779K(4224K)
[1028.311s][info][gc             ] GC(2685) Pause Young (Allocation Failure) 659M->223M(1952M) 73.593ms
[1028.311s][info][gc,cpu         ] GC(2685) User=0.34s Sys=0.00s Real=0.07s
[1029.011s][info][gc,start       ] GC(2686) Pause Young (Allocation Failure)
[1029.059s][info][gc,heap        ] GC(2686) PSYoungGen: 580416K->44160K(601600K)
[1029.059s][info][gc,heap        ] GC(2686) PSOldGen: 153985K->185769K(1398272K)
[1029.059s][info][gc,metaspace   ] GC(2686) Metaspace: 32492K(33584K)->32492K(33584K) NonClass: 28712K(29360K)->28712K(29360K) Class: 3779K(4224K)->3779K(4224K)
[1029.059s][info][gc             ] GC(2686) Pause Young (Allocation Failure) 717M->224M(1953M) 48.020ms
[1029.059s][info][gc,cpu         ] GC(2686) User=0.28s Sys=0.00s Real=0.05s
[1029.190s][info][gc,start       ] GC(2687) Pause Young (Allocation Failure)
[1029.248s][info][gc,heap        ] GC(2687) PSYoungGen: 548480K->64672K(601600K)
[1029.248s][info][gc,heap        ] GC(2687) PSOldGen: 185769K->226681K(1398272K)
[1029.248s][info][gc,metaspace   ] GC(2687) Metaspace: 32492K(33584K)->32492K(33584K) NonClass: 28712K(29360K)->28712K(29360K) Class: 3779K(4224K)->3779K(4224K)
[1029.248s][info][gc             ] GC(2687) Pause Young (Allocation Failure) 717M->284M(1953M) 57.938ms
[1029.248s][info][gc,cpu         ] GC(2687) User=0.38s Sys=0.00s Real=0.06s
[1029.401s][info][gc,start       ] GC(2688) Pause Young (Allocation Failure)
[1029.470s][info][gc,heap        ] GC(2688) PSYoungGen: 568992K->81344K(596992K)
[1029.470s][info][gc,heap        ] GC(2688) PSOldGen: 226681K->270009K(1398272K)
[1029.470s][info][gc,metaspace   ] GC(2688) Metaspace: 32492K(33584K)->32492K(33584K) NonClass: 28712K(29360K)->28712K(29360K) Class: 3779K(4224K)->3779K(4224K)
[1029.470s][info][gc             ] GC(2688) Pause Young (Allocation Failure) 777M->343M(1948M) 69.288ms
[1029.470s][info][gc,cpu         ] GC(2688) User=0.31s Sys=0.00s Real=0.07s
[1029.957s][info][gc,start       ] GC(2689) Pause Young (Allocation Failure)
[1030.011s][info][gc,heap        ] GC(2689) PSYoungGen: 583616K->55168K(600576K)
[1030.011s][info][gc,heap        ] GC(2689) PSOldGen: 270009K->302945K(1398272K)
[1030.011s][info][gc,metaspace   ] GC(2689) Metaspace: 32492K(33584K)->32492K(33584K) NonClass: 28712K(29360K)->28712K(29360K) Class: 3779K(4224K)->3779K(4224K)
[1030.011s][info][gc             ] GC(2689) Pause Young (Allocation Failure) 833M->349M(1952M) 54.040ms
[1030.011s][info][gc,cpu         ] GC(2689) User=0.36s Sys=0.00s Real=0.06s
[1030.142s][info][gc,start       ] GC(2690) Pause Young (Allocation Failure)
[1030.206s][info][gc,heap        ] GC(2690) PSYoungGen: 557440K->72416K(602112K)
[1030.206s][info][gc,heap        ] GC(2690) PSOldGen: 302945K->345618K(1398272K)
[1030.206s][info][gc,metaspace   ] GC(2690) Metaspace: 32492K(33584K)->32492K(33584K) NonClass: 28712K(29360K)->28712K(29360K) Class: 3779K(4224K)->3779K(4224K)
[1030.206s][info][gc             ] GC(2690) Pause Young (Allocation Failure) 840M->408M(1953M) 63.260ms
[1030.206s][info][gc,cpu         ] GC(2690) User=0.36s Sys=0.00s Real=0.06s
[1030.364s][info][gc,start       ] GC(2691) Pause Young (Allocation Failure)
[1030.438s][info][gc,heap        ] GC(2691) PSYoungGen: 577760K->80512K(586240K)
[1030.438s][info][gc,heap        ] GC(2691) PSOldGen: 345618K->396202K(1398272K)
[1030.438s][info][gc,metaspace   ] GC(2691) Metaspace: 32492K(33584K)->32492K(33584K) NonClass: 28712K(29360K)->28712K(29360K) Class: 3779K(4224K)->3779K(4224K)
[1030.438s][info][gc             ] GC(2691) Pause Young (Allocation Failure) 901M->465M(1938M) 73.499ms
[1030.438s][info][gc,cpu         ] GC(2691) User=0.42s Sys=0.00s Real=0.08s
[1031.019s][info][gc,start       ] GC(2692) Pause Young (Allocation Failure)
[1031.074s][info][gc,heap        ] GC(2692) PSYoungGen: 585856K->54048K(600576K)
[1031.074s][info][gc,heap        ] GC(2692) PSOldGen: 396202K->429898K(1398272K)
[1031.074s][info][gc,metaspace   ] GC(2692) Metaspace: 32492K(33584K)->32492K(33584K) NonClass: 28712K(29360K)->28712K(29360K) Class: 3779K(4224K)->3779K(4224K)
[1031.074s][info][gc             ] GC(2692) Pause Young (Allocation Failure) 959M->472M(1952M) 55.579ms
[1031.074s][info][gc,cpu         ] GC(2692) User=0.38s Sys=0.00s Real=0.05s
[1031.206s][info][gc,start       ] GC(2693) Pause Young (Allocation Failure)
[1031.266s][info][gc,heap        ] GC(2693) PSYoungGen: 555296K->69760K(599552K)
[1031.267s][info][gc,heap        ] GC(2693) PSOldGen: 429898K->472602K(1398272K)
[1031.267s][info][gc,metaspace   ] GC(2693) Metaspace: 32492K(33584K)->32492K(33584K) NonClass: 28712K(29360K)->28712K(29360K) Class: 3779K(4224K)->3779K(4224K)
[1031.267s][info][gc             ] GC(2693) Pause Young (Allocation Failure) 962M->529M(1951M) 60.090ms
[1031.267s][info][gc,cpu         ] GC(2693) User=0.38s Sys=0.00s Real=0.06s
[1031.442s][info][gc,start       ] GC(2694) Pause Young (Allocation Failure)
[1031.513s][info][gc,heap        ] GC(2694) PSYoungGen: 571008K->74592K(601088K)
[1031.513s][info][gc,heap        ] GC(2694) PSOldGen: 472602K->518514K(1398272K)
[1031.513s][info][gc,metaspace   ] GC(2694) Metaspace: 32492K(33584K)->32492K(33584K) NonClass: 28712K(29360K)->28712K(29360K) Class: 3779K(4224K)->3779K(4224K)
[1031.513s][info][gc             ] GC(2694) Pause Young (Allocation Failure) 1019M->579M(1952M) 70.516ms
[1031.513s][info][gc,cpu         ] GC(2694) User=0.42s Sys=0.00s Real=0.07s
[1031.978s][info][gc,start       ] GC(2695) Pause Young (Allocation Failure)
[1032.036s][info][gc,heap        ] GC(2695) PSYoungGen: 578912K->60960K(601600K)
[1032.036s][info][gc,heap        ] GC(2695) PSOldGen: 518514K->551050K(1398272K)
[1032.036s][info][gc,metaspace   ] GC(2695) Metaspace: 32492K(33584K)->32492K(33584K) NonClass: 28712K(29360K)->28712K(29360K) Class: 3779K(4224K)->3779K(4224K)
[1032.036s][info][gc             ] GC(2695) Pause Young (Allocation Failure) 1071M->597M(1953M) 58.072ms
[1032.036s][info][gc,cpu         ] GC(2695) User=0.28s Sys=0.00s Real=0.06s
[1032.184s][info][gc,start       ] GC(2696) Pause Young (Allocation Failure)
[1032.249s][info][gc,heap        ] GC(2696) PSYoungGen: 565280K->79424K(599040K)
[1032.249s][info][gc,heap        ] GC(2696) PSOldGen: 551050K->593631K(1398272K)
[1032.249s][info][gc,metaspace   ] GC(2696) Metaspace: 32492K(33584K)->32492K(33584K) NonClass: 28712K(29360K)->28712K(29360K) Class: 3779K(4224K)->3779K(4224K)
[1032.249s][info][gc             ] GC(2696) Pause Young (Allocation Failure) 1090M->657M(1950M) 65.105ms
[1032.249s][info][gc,cpu         ] GC(2696) User=0.34s Sys=0.00s Real=0.07s
[1032.567s][info][gc,start       ] GC(2697) Pause Young (Allocation Failure)
[1032.632s][info][gc,heap        ] GC(2697) PSYoungGen: 583744K->58816K(601600K)
[1032.632s][info][gc,heap        ] GC(2697) PSOldGen: 593631K->627631K(1398272K)
[1032.632s][info][gc,metaspace   ] GC(2697) Metaspace: 32492K(33584K)->32492K(33584K) NonClass: 28712K(29360K)->28712K(29360K) Class: 3779K(4224K)->3779K(4224K)
[1032.632s][info][gc             ] GC(2697) Pause Young (Allocation Failure) 1149M->670M(1953M) 65.185ms
[1032.632s][info][gc,cpu         ] GC(2697) User=0.36s Sys=0.00s Real=0.07s
[1033.076s][info][gc,start       ] GC(2698) Pause Young (Allocation Failure)
[1033.137s][info][gc,heap        ] GC(2698) PSYoungGen: 563136K->74336K(603136K)
[1033.137s][info][gc,heap        ] GC(2698) PSOldGen: 627631K->660775K(1398272K)
[1033.137s][info][gc,metaspace   ] GC(2698) Metaspace: 32492K(33584K)->32492K(33584K) NonClass: 28712K(29360K)->28712K(29360K) Class: 3779K(4224K)->3779K(4224K)
[1033.137s][info][gc             ] GC(2698) Pause Young (Allocation Failure) 1162M->717M(1954M) 61.205ms
[1033.137s][info][gc,cpu         ] GC(2698) User=0.30s Sys=0.00s Real=0.07s
[1033.281s][info][gc,start       ] GC(2699) Pause Young (Allocation Failure)
[1033.352s][info][gc,heap        ] GC(2699) PSYoungGen: 581728K->73824K(603136K)
[1033.352s][info][gc,heap        ] GC(2699) PSOldGen: 660775K->720143K(1398272K)
[1033.352s][info][gc,metaspace   ] GC(2699) Metaspace: 32492K(33584K)->32492K(33584K) NonClass: 28712K(29360K)->28712K(29360K) Class: 3779K(4224K)->3779K(4224K)
[1033.352s][info][gc             ] GC(2699) Pause Young (Allocation Failure) 1213M->775M(1954M) 71.305ms
[1033.352s][info][gc,cpu         ] GC(2699) User=0.47s Sys=0.00s Real=0.07s
[1034.132s][info][gc,start       ] GC(2700) Pause Young (Allocation Failure)
[1034.187s][info][gc,heap        ] GC(2700) PSYoungGen: 581216K->47072K(601600K)
[1034.187s][info][gc,heap        ] GC(2700) PSOldGen: 720143K->751967K(1398272K)
[1034.187s][info][gc,metaspace   ] GC(2700) Metaspace: 32492K(33584K)->32492K(33584K) NonClass: 28712K(29360K)->28712K(29360K) Class: 3779K(4224K)->3779K(4224K)
[1034.187s][info][gc             ] GC(2700) Pause Young (Allocation Failure) 1270M->780M(1953M) 55.598ms
[1034.187s][info][gc,cpu         ] GC(2700) User=0.38s Sys=0.00s Real=0.05s
[1034.325s][info][gc,start       ] GC(2701) Pause Young (Allocation Failure)
[1034.391s][info][gc,heap        ] GC(2701) PSYoungGen: 553440K->68192K(602624K)
[1034.391s][info][gc,heap        ] GC(2701) PSOldGen: 751967K->792240K(1398272K)
[1034.391s][info][gc,metaspace   ] GC(2701) Metaspace: 32492K(33584K)->32492K(33584K) NonClass: 28712K(29360K)->28712K(29360K) Class: 3779K(4224K)->3779K(4224K)
[1034.391s][info][gc             ] GC(2701) Pause Young (Allocation Failure) 1274M->840M(1954M) 65.910ms
[1034.391s][info][gc,cpu         ] GC(2701) User=0.38s Sys=0.00s Real=0.07s
[1034.532s][info][gc,start       ] GC(2702) Pause Young (Allocation Failure)
[1034.597s][info][gc,heap        ] GC(2702) PSYoungGen: 574560K->72032K(605184K)
[1034.597s][info][gc,heap        ] GC(2702) PSOldGen: 792240K->845136K(1398272K)
[1034.597s][info][gc,metaspace   ] GC(2702) Metaspace: 32492K(33584K)->32492K(33584K) NonClass: 28712K(29360K)->28712K(29360K) Class: 3779K(4224K)->3779K(4224K)
[1034.597s][info][gc             ] GC(2702) Pause Young (Allocation Failure) 1334M->895M(1956M) 65.341ms
[1034.597s][info][gc,cpu         ] GC(2702) User=0.38s Sys=0.00s Real=0.07s
[1035.252s][info][gc,start       ] GC(2703) Pause Young (Allocation Failure)
[1035.311s][info][gc,heap        ] GC(2703) PSYoungGen: 583008K->52544K(604672K)
[1035.311s][info][gc,heap        ] GC(2703) PSOldGen: 845136K->876064K(1398272K)
[1035.311s][info][gc,metaspace   ] GC(2703) Metaspace: 32492K(33584K)->32492K(33584K) NonClass: 28712K(29360K)->28712K(29360K) Class: 3779K(4224K)->3779K(4224K)
[1035.311s][info][gc             ] GC(2703) Pause Young (Allocation Failure) 1394M->906M(1956M) 58.302ms
[1035.311s][info][gc,cpu         ] GC(2703) User=0.31s Sys=0.00s Real=0.06s
[1035.438s][info][gc,start       ] GC(2704) Pause Young (Allocation Failure)
[1035.500s][info][gc,heap        ] GC(2704) PSYoungGen: 563520K->66272K(607744K)
[1035.500s][info][gc,heap        ] GC(2704) PSOldGen: 876064K->920928K(1398272K)
[1035.500s][info][gc,metaspace   ] GC(2704) Metaspace: 32492K(33584K)->32492K(33584K) NonClass: 28712K(29360K)->28712K(29360K) Class: 3779K(4224K)->3779K(4224K)
[1035.500s][info][gc             ] GC(2704) Pause Young (Allocation Failure) 1405M->964M(1959M) 62.341ms
[1035.500s][info][gc,cpu         ] GC(2704) User=0.38s Sys=0.00s Real=0.06s
[1035.657s][info][gc,start       ] GC(2705) Pause Young (Allocation Failure)
[1035.738s][info][gc,heap        ] GC(2705) PSYoungGen: 580832K->81152K(595968K)
[1035.738s][info][gc,heap        ] GC(2705) PSOldGen: 920928K->966536K(1398272K)
[1035.738s][info][gc,metaspace   ] GC(2705) Metaspace: 32492K(33584K)->32492K(33584K) NonClass: 28712K(29360K)->28712K(29360K) Class: 3779K(4224K)->3779K(4224K)
[1035.738s][info][gc             ] GC(2705) Pause Young (Allocation Failure) 1466M->1023M(1947M) 80.886ms
[1035.738s][info][gc,cpu         ] GC(2705) User=0.47s Sys=0.00s Real=0.08s
[1036.275s][info][gc,start       ] GC(2706) Pause Young (Allocation Failure)
[1036.338s][info][gc,heap        ] GC(2706) PSYoungGen: 595712K->59616K(606208K)
[1036.338s][info][gc,heap        ] GC(2706) PSOldGen: 966536K->999976K(1398272K)
[1036.338s][info][gc,metaspace   ] GC(2706) Metaspace: 32492K(33584K)->32492K(33584K) NonClass: 28712K(29360K)->28712K(29360K) Class: 3779K(4224K)->3779K(4224K)
[1036.338s][info][gc             ] GC(2706) Pause Young (Allocation Failure) 1525M->1034M(1957M) 63.027ms
[1036.338s][info][gc,cpu         ] GC(2706) User=0.36s Sys=0.00s Real=0.06s
[1036.487s][info][gc,start       ] GC(2707) Pause Young (Allocation Failure)
[1036.556s][info][gc,heap        ] GC(2707) PSYoungGen: 571616K->75840K(604672K)
[1036.556s][info][gc,heap        ] GC(2707) PSOldGen: 999976K->1045521K(1398272K)
[1036.556s][info][gc,metaspace   ] GC(2707) Metaspace: 32492K(33584K)->32492K(33584K) NonClass: 28712K(29360K)->28712K(29360K) Class: 3779K(4224K)->3779K(4224K)
[1036.556s][info][gc             ] GC(2707) Pause Young (Allocation Failure) 1534M->1095M(1956M) 68.721ms
[1036.556s][info][gc,cpu         ] GC(2707) User=0.44s Sys=0.00s Real=0.07s
[1036.772s][info][gc,start       ] GC(2708) Pause Young (Allocation Failure)
[1036.838s][info][gc,heap        ] GC(2708) PSYoungGen: 587840K->63488K(607232K)
[1036.838s][info][gc,heap        ] GC(2708) PSOldGen: 1045521K->1081793K(1398272K)
[1036.838s][info][gc,metaspace   ] GC(2708) Metaspace: 32492K(33584K)->32492K(33584K) NonClass: 28712K(29360K)->28712K(29360K) Class: 3779K(4224K)->3779K(4224K)
[1036.838s][info][gc             ] GC(2708) Pause Young (Allocation Failure) 1595M->1118M(1958M) 66.889ms
[1036.838s][info][gc,cpu         ] GC(2708) User=0.44s Sys=0.00s Real=0.07s
[1037.329s][info][gc,start       ] GC(2709) Pause Young (Allocation Failure)
[1037.388s][info][gc,heap        ] GC(2709) PSYoungGen: 577024K->61216K(605184K)
[1037.388s][info][gc,heap        ] GC(2709) PSOldGen: 1081793K->1116241K(1398272K)
[1037.388s][info][gc,metaspace   ] GC(2709) Metaspace: 32492K(33584K)->32492K(33584K) NonClass: 28712K(29360K)->28712K(29360K) Class: 3779K(4224K)->3779K(4224K)
[1037.388s][info][gc             ] GC(2709) Pause Young (Allocation Failure) 1619M->1149M(1956M) 59.322ms
[1037.388s][info][gc,cpu         ] GC(2709) User=0.38s Sys=0.00s Real=0.06s
[1037.527s][info][gc,start       ] GC(2710) Pause Young (Allocation Failure)
[1037.591s][info][gc,heap        ] GC(2710) PSYoungGen: 574752K->72896K(608768K)
[1037.591s][info][gc,heap        ] GC(2710) PSOldGen: 1116241K->1164581K(1398272K)
[1037.591s][info][gc,metaspace   ] GC(2710) Metaspace: 32492K(33584K)->32492K(33584K) NonClass: 28712K(29360K)->28712K(29360K) Class: 3779K(4224K)->3779K(4224K)
[1037.591s][info][gc             ] GC(2710) Pause Young (Allocation Failure) 1651M->1208M(1960M) 64.257ms
[1037.591s][info][gc,cpu         ] GC(2710) User=0.38s Sys=0.00s Real=0.06s
[1038.006s][info][gc,start       ] GC(2711) Pause Young (Allocation Failure)
[1038.066s][info][gc,heap        ] GC(2711) PSYoungGen: 591552K->52768K(608768K)
[1038.066s][info][gc,heap        ] GC(2711) PSOldGen: 1164581K->1199949K(1398272K)
[1038.066s][info][gc,metaspace   ] GC(2711) Metaspace: 32492K(33584K)->32492K(33584K) NonClass: 28712K(29360K)->28712K(29360K) Class: 3779K(4224K)->3779K(4224K)
[1038.066s][info][gc             ] GC(2711) Pause Young (Allocation Failure) 1714M->1223M(1960M) 59.943ms
[1038.066s][info][gc,cpu         ] GC(2711) User=0.36s Sys=0.00s Real=0.07s
[1038.305s][info][gc,start       ] GC(2712) Pause Young (System.gc())
[1038.337s][info][gc,heap        ] GC(2712) PSYoungGen: 101915K->7904K(593408K)
[1038.337s][info][gc,heap        ] GC(2712) PSOldGen: 1199949K->1232565K(1398272K)
[1038.337s][info][gc,metaspace   ] GC(2712) Metaspace: 32492K(33584K)->32492K(33584K) NonClass: 28712K(29360K)->28712K(29360K) Class: 3779K(4224K)->3779K(4224K)
[1038.337s][info][gc             ] GC(2712) Pause Young (System.gc()) 1271M->1211M(1945M) 32.246ms
[1038.337s][info][gc,cpu         ] GC(2712) User=0.22s Sys=0.00s Real=0.04s
[1038.337s][info][gc,start       ] GC(2713) Pause Full (System.gc())
[1038.337s][info][gc,phases,start] GC(2713) Phase 1: Mark live objects
[1038.451s][info][gc,phases      ] GC(2713) Phase 1: Mark live objects 113.747ms
[1038.451s][info][gc,phases,start] GC(2713) Phase 2: Compute new object addresses
[1038.625s][info][gc,phases      ] GC(2713) Phase 2: Compute new object addresses 173.754ms
[1038.625s][info][gc,phases,start] GC(2713) Phase 3: Adjust pointers
[1038.706s][info][gc,phases      ] GC(2713) Phase 3: Adjust pointers 80.967ms
[1038.706s][info][gc,phases,start] GC(2713) Phase 4: Move objects
[1038.729s][info][gc,phases      ] GC(2713) Phase 4: Move objects 23.274ms
[1038.729s][info][gc,heap        ] GC(2713) PSYoungGen: 7904K->0K(593408K)
[1038.729s][info][gc,heap        ] GC(2713) PSOldGen: 1232565K->104410K(1398272K)
[1038.729s][info][gc,metaspace   ] GC(2713) Metaspace: 32492K(33584K)->32492K(33584K) NonClass: 28712K(29360K)->28712K(29360K) Class: 3779K(4224K)->3779K(4224K)
[1038.729s][info][gc             ] GC(2713) Pause Full (System.gc()) 1211M->101M(1945M) 392.514ms
[1038.729s][info][gc,cpu         ] GC(2713) User=0.39s Sys=0.00s Real=0.39s
[1038.866s][info][gc,start       ] GC(2714) Pause Young (Allocation Failure)
[1038.906s][info][gc,heap        ] GC(2714) PSYoungGen: 503296K->64832K(601088K)
[1038.906s][info][gc,heap        ] GC(2714) PSOldGen: 104410K->104410K(1398272K)
[1038.906s][info][gc,metaspace   ] GC(2714) Metaspace: 32492K(33584K)->32492K(33584K) NonClass: 28712K(29360K)->28712K(29360K) Class: 3779K(4224K)->3779K(4224K)
[1038.906s][info][gc             ] GC(2714) Pause Young (Allocation Failure) 593M->165M(1952M) 39.722ms
[1038.906s][info][gc,cpu         ] GC(2714) User=0.25s Sys=0.00s Real=0.04s
[1039.045s][info][gc,start       ] GC(2715) Pause Young (Allocation Failure)
[1039.106s][info][gc,heap        ] GC(2715) PSYoungGen: 568128K->72768K(601088K)
[1039.106s][info][gc,heap        ] GC(2715) PSOldGen: 104410K->153554K(1398272K)
[1039.106s][info][gc,metaspace   ] GC(2715) Metaspace: 32492K(33584K)->32492K(33584K) NonClass: 28712K(29360K)->28712K(29360K) Class: 3779K(4224K)->3779K(4224K)
[1039.106s][info][gc             ] GC(2715) Pause Young (Allocation Failure) 656M->221M(1952M) 60.645ms
[1039.106s][info][gc,cpu         ] GC(2715) User=0.38s Sys=0.00s Real=0.06s
[1039.765s][info][gc,start       ] GC(2716) Pause Young (Allocation Failure)
[1039.819s][info][gc,heap        ] GC(2716) PSYoungGen: 578112K->39456K(545280K)
[1039.819s][info][gc,heap        ] GC(2716) PSOldGen: 153554K->184834K(1398272K)
[1039.819s][info][gc,metaspace   ] GC(2716) Metaspace: 32492K(33584K)->32492K(33584K) NonClass: 28712K(29360K)->28712K(29360K) Class: 3779K(4224K)->3779K(4224K)
[1039.819s][info][gc             ] GC(2716) Pause Young (Allocation Failure) 714M->219M(1898M) 53.464ms
[1039.819s][info][gc,cpu         ] GC(2716) User=0.28s Sys=0.00s Real=0.05s
[1039.969s][info][gc,start       ] GC(2717) Pause Young (Allocation Failure)
[1040.027s][info][gc,heap        ] GC(2717) PSYoungGen: 544800K->67168K(602624K)
[1040.028s][info][gc,heap        ] GC(2717) PSOldGen: 184834K->221646K(1398272K)
[1040.028s][info][gc,metaspace   ] GC(2717) Metaspace: 32492K(33584K)->32492K(33584K) NonClass: 28712K(29360K)->28712K(29360K) Class: 3779K(4224K)->3779K(4224K)
[1040.028s][info][gc             ] GC(2717) Pause Young (Allocation Failure) 712M->282M(1954M) 58.121ms
[1040.028s][info][gc,cpu         ] GC(2717) User=0.38s Sys=0.00s Real=0.06s
[1040.165s][info][gc,start       ] GC(2718) Pause Young (Allocation Failure)
[1040.229s][info][gc,heap        ] GC(2718) PSYoungGen: 572512K->75776K(581120K)
[1040.229s][info][gc,heap        ] GC(2718) PSOldGen: 221646K->272463K(1398272K)
[1040.229s][info][gc,metaspace   ] GC(2718) Metaspace: 32492K(33584K)->32492K(33584K) NonClass: 28712K(29360K)->28712K(29360K) Class: 3779K(4224K)->3779K(4224K)
[1040.229s][info][gc             ] GC(2718) Pause Young (Allocation Failure) 775M->340M(1933M) 64.041ms
[1040.229s][info][gc,cpu         ] GC(2718) User=0.38s Sys=0.00s Real=0.06s
[1040.747s][info][gc,start       ] GC(2719) Pause Young (Allocation Failure)
[1040.799s][info][gc,heap        ] GC(2719) PSYoungGen: 581120K->45792K(601088K)
[1040.799s][info][gc,heap        ] GC(2719) PSOldGen: 272463K->303855K(1398272K)
[1040.799s][info][gc,metaspace   ] GC(2719) Metaspace: 32492K(33584K)->32492K(33584K) NonClass: 28712K(29360K)->28712K(29360K) Class: 3779K(4224K)->3779K(4224K)
[1040.799s][info][gc             ] GC(2719) Pause Young (Allocation Failure) 833M->341M(1952M) 51.925ms
[1040.799s][info][gc,cpu         ] GC(2719) User=0.22s Sys=0.00s Real=0.05s
[1040.943s][info][gc,start       ] GC(2720) Pause Young (Allocation Failure)
[1041.003s][info][gc,heap        ] GC(2720) PSYoungGen: 548576K->70752K(600576K)
[1041.003s][info][gc,heap        ] GC(2720) PSOldGen: 303855K->342791K(1398272K)
[1041.003s][info][gc,metaspace   ] GC(2720) Metaspace: 32492K(33584K)->32492K(33584K) NonClass: 28712K(29360K)->28712K(29360K) Class: 3779K(4224K)->3779K(4224K)
[1041.003s][info][gc             ] GC(2720) Pause Young (Allocation Failure) 832M->403M(1952M) 60.373ms
[1041.003s][info][gc,cpu         ] GC(2720) User=0.38s Sys=0.00s Real=0.06s
[1041.137s][info][gc,start       ] GC(2721) Pause Young (Allocation Failure)
[1041.212s][info][gc,heap        ] GC(2721) PSYoungGen: 573535K->70272K(601088K)
[1041.212s][info][gc,heap        ] GC(2721) PSOldGen: 342791K->398479K(1398272K)
[1041.212s][info][gc,metaspace   ] GC(2721) Metaspace: 32492K(33584K)->32492K(33584K) NonClass: 28712K(29360K)->28712K(29360K) Class: 3779K(4224K)->3779K(4224K)
[1041.212s][info][gc             ] GC(2721) Pause Young (Allocation Failure) 894M->457M(1952M) 74.861ms
[1041.212s][info][gc,cpu         ] GC(2721) User=0.47s Sys=0.00s Real=0.08s
[1041.830s][info][gc,start       ] GC(2722) Pause Young (Allocation Failure)
[1041.890s][info][gc,heap        ] GC(2722) PSYoungGen: 573568K->53056K(601088K)
[1041.890s][info][gc,heap        ] GC(2722) PSOldGen: 398479K->428783K(1398272K)
[1041.890s][info][gc,metaspace   ] GC(2722) Metaspace: 32492K(33584K)->32492K(33584K) NonClass: 28712K(29360K)->28712K(29360K) Class: 3779K(4224K)->3779K(4224K)
[1041.890s][info][gc             ] GC(2722) Pause Young (Allocation Failure) 949M->470M(1952M) 59.721ms
[1041.890s][info][gc,cpu         ] GC(2722) User=0.38s Sys=0.00s Real=0.06s
[1042.019s][info][gc,start       ] GC(2723) Pause Young (Allocation Failure)
[1042.086s][info][gc,heap        ] GC(2723) PSYoungGen: 556352K->68736K(604160K)
[1042.086s][info][gc,heap        ] GC(2723) PSOldGen: 428783K->473503K(1398272K)
[1042.086s][info][gc,metaspace   ] GC(2723) Metaspace: 32492K(33584K)->32492K(33584K) NonClass: 28712K(29360K)->28712K(29360K) Class: 3779K(4224K)->3779K(4224K)
[1042.086s][info][gc             ] GC(2723) Pause Young (Allocation Failure) 962M->529M(1955M) 66.653ms
[1042.086s][info][gc,cpu         ] GC(2723) User=0.38s Sys=0.00s Real=0.07s
[1042.232s][info][gc,start       ] GC(2724) Pause Young (Allocation Failure)
[1042.321s][info][gc,heap        ] GC(2724) PSYoungGen: 577152K->77632K(586240K)
[1042.321s][info][gc,heap        ] GC(2724) PSOldGen: 473503K->523175K(1398272K)
[1042.321s][info][gc,metaspace   ] GC(2724) Metaspace: 32492K(33584K)->32492K(33584K) NonClass: 28712K(29360K)->28712K(29360K) Class: 3779K(4224K)->3779K(4224K)
[1042.321s][info][gc             ] GC(2724) Pause Young (Allocation Failure) 1026M->586M(1938M) 88.773ms
[1042.321s][info][gc,cpu         ] GC(2724) User=0.47s Sys=0.00s Real=0.09s
[1042.889s][info][gc,start       ] GC(2725) Pause Young (Allocation Failure)
[1042.952s][info][gc,heap        ] GC(2725) PSYoungGen: 586048K->57600K(603648K)
[1042.952s][info][gc,heap        ] GC(2725) PSOldGen: 523175K->554735K(1398272K)
[1042.952s][info][gc,metaspace   ] GC(2725) Metaspace: 32492K(33584K)->32492K(33584K) NonClass: 28712K(29360K)->28712K(29360K) Class: 3779K(4224K)->3779K(4224K)
[1042.952s][info][gc             ] GC(2725) Pause Young (Allocation Failure) 1083M->597M(1955M) 62.588ms
[1042.952s][info][gc,cpu         ] GC(2725) User=0.36s Sys=0.00s Real=0.06s
[1043.087s][info][gc,start       ] GC(2726) Pause Young (Allocation Failure)
[1043.150s][info][gc,heap        ] GC(2726) PSYoungGen: 563968K->70784K(601600K)
[1043.150s][info][gc,heap        ] GC(2726) PSOldGen: 554735K->600744K(1398272K)
[1043.150s][info][gc,metaspace   ] GC(2726) Metaspace: 32492K(33584K)->32492K(33584K) NonClass: 28712K(29360K)->28712K(29360K) Class: 3779K(4224K)->3779K(4224K)
[1043.150s][info][gc             ] GC(2726) Pause Young (Allocation Failure) 1092M->655M(1953M) 62.936ms
[1043.150s][info][gc,cpu         ] GC(2726) User=0.38s Sys=0.00s Real=0.06s
[1043.303s][info][gc,start       ] GC(2727) Pause Young (Allocation Failure)
[1043.375s][info][gc,heap        ] GC(2727) PSYoungGen: 577152K->69280K(605184K)
[1043.375s][info][gc,heap        ] GC(2727) PSOldGen: 600744K->649400K(1398272K)
[1043.375s][info][gc,metaspace   ] GC(2727) Metaspace: 32492K(33584K)->32492K(33584K) NonClass: 28712K(29360K)->28712K(29360K) Class: 3779K(4224K)->3779K(4224K)
[1043.375s][info][gc             ] GC(2727) Pause Young (Allocation Failure) 1150M->701M(1956M) 72.619ms
[1043.375s][info][gc,cpu         ] GC(2727) User=0.45s Sys=0.00s Real=0.07s
[1044.040s][info][gc,start       ] GC(2728) Pause Young (Allocation Failure)
[1044.099s][info][gc,heap        ] GC(2728) PSYoungGen: 579744K->62752K(604160K)
[1044.099s][info][gc,heap        ] GC(2728) PSOldGen: 649400K->680408K(1398272K)
[1044.099s][info][gc,metaspace   ] GC(2728) Metaspace: 32492K(33584K)->32492K(33584K) NonClass: 28712K(29360K)->28712K(29360K) Class: 3779K(4224K)->3779K(4224K)
[1044.099s][info][gc             ] GC(2728) Pause Young (Allocation Failure) 1200M->725M(1955M) 59.057ms
[1044.099s][info][gc,cpu         ] GC(2728) User=0.28s Sys=0.00s Real=0.07s
[1044.242s][info][gc,start       ] GC(2729) Pause Young (Allocation Failure)
[1044.313s][info][gc,heap        ] GC(2729) PSYoungGen: 573216K->77920K(602624K)
[1044.313s][info][gc,heap        ] GC(2729) PSOldGen: 680408K->726436K(1398272K)
[1044.313s][info][gc,metaspace   ] GC(2729) Metaspace: 32492K(33584K)->32492K(33584K) NonClass: 28712K(29360K)->28712K(29360K) Class: 3779K(4224K)->3779K(4224K)
[1044.313s][info][gc             ] GC(2729) Pause Young (Allocation Failure) 1224M->785M(1954M) 70.775ms
[1044.313s][info][gc,cpu         ] GC(2729) User=0.42s Sys=0.00s Real=0.07s
[1044.669s][info][gc,start       ] GC(2730) Pause Young (Allocation Failure)
[1044.733s][info][gc,heap        ] GC(2730) PSYoungGen: 589408K->56448K(605184K)
[1044.733s][info][gc,heap        ] GC(2730) PSOldGen: 726436K->764876K(1398272K)
[1044.733s][info][gc,metaspace   ] GC(2730) Metaspace: 32492K(33584K)->32492K(33584K) NonClass: 28712K(29360K)->28712K(29360K) Class: 3779K(4224K)->3779K(4224K)
[1044.733s][info][gc             ] GC(2730) Pause Young (Allocation Failure) 1285M->802M(1956M) 63.942ms
[1044.733s][info][gc,cpu         ] GC(2730) User=0.36s Sys=0.00s Real=0.07s
[1045.184s][info][gc,start       ] GC(2731) Pause Young (Allocation Failure)
[1045.242s][info][gc,heap        ] GC(2731) PSYoungGen: 567936K->67040K(608256K)
[1045.242s][info][gc,heap        ] GC(2731) PSOldGen: 764876K->796092K(1398272K)
[1045.242s][info][gc,metaspace   ] GC(2731) Metaspace: 32492K(33584K)->32492K(33584K) NonClass: 28712K(29360K)->28712K(29360K) Class: 3779K(4224K)->3779K(4224K)
[1045.242s][info][gc             ] GC(2731) Pause Young (Allocation Failure) 1301M->842M(1959M) 58.067ms
[1045.242s][info][gc,cpu         ] GC(2731) User=0.28s Sys=0.00s Real=0.06s
[1045.373s][info][gc,start       ] GC(2732) Pause Young (Allocation Failure)
[1045.441s][info][gc,heap        ] GC(2732) PSYoungGen: 583136K->67104K(606720K)
[1045.441s][info][gc,heap        ] GC(2732) PSOldGen: 796092K->852669K(1398272K)
[1045.441s][info][gc,metaspace   ] GC(2732) Metaspace: 32492K(33584K)->32492K(33584K) NonClass: 28712K(29360K)->28712K(29360K) Class: 3779K(4224K)->3779K(4224K)
[1045.441s][info][gc             ] GC(2732) Pause Young (Allocation Failure) 1346M->898M(1958M) 67.868ms
[1045.441s][info][gc,cpu         ] GC(2732) User=0.36s Sys=0.00s Real=0.07s
[1046.154s][info][gc,start       ] GC(2733) Pause Young (Allocation Failure)
[1046.203s][info][gc,heap        ] GC(2733) PSYoungGen: 583200K->39840K(606208K)
[1046.203s][info][gc,heap        ] GC(2733) PSOldGen: 852669K->883629K(1398272K)
[1046.203s][info][gc,metaspace   ] GC(2733) Metaspace: 32492K(33584K)->32492K(33584K) NonClass: 28712K(29360K)->28712K(29360K) Class: 3779K(4224K)->3779K(4224K)
[1046.203s][info][gc             ] GC(2733) Pause Young (Allocation Failure) 1402M->901M(1957M) 49.644ms
[1046.203s][info][gc,cpu         ] GC(2733) User=0.28s Sys=0.00s Real=0.06s
[1046.351s][info][gc,start       ] GC(2734) Pause Young (Allocation Failure)
[1046.416s][info][gc,heap        ] GC(2734) PSYoungGen: 557472K->68352K(608256K)
[1046.416s][info][gc,heap        ] GC(2734) PSOldGen: 883629K->921125K(1398272K)
[1046.416s][info][gc,metaspace   ] GC(2734) Metaspace: 32492K(33584K)->32492K(33584K) NonClass: 28712K(29360K)->28712K(29360K) Class: 3779K(4224K)->3779K(4224K)
[1046.416s][info][gc             ] GC(2734) Pause Young (Allocation Failure) 1407M->966M(1959M) 65.284ms
[1046.416s][info][gc,cpu         ] GC(2734) User=0.38s Sys=0.00s Real=0.07s
[1046.560s][info][gc,start       ] GC(2735) Pause Young (Allocation Failure)
[1046.629s][info][gc,heap        ] GC(2735) PSYoungGen: 585984K->77248K(603648K)
[1046.629s][info][gc,heap        ] GC(2735) PSOldGen: 921125K->972177K(1398272K)
[1046.629s][info][gc,metaspace   ] GC(2735) Metaspace: 32492K(33584K)->32492K(33584K) NonClass: 28712K(29360K)->28712K(29360K) Class: 3779K(4224K)->3779K(4224K)
[1046.629s][info][gc             ] GC(2735) Pause Young (Allocation Failure) 1471M->1024M(1955M) 68.505ms
[1046.629s][info][gc,cpu         ] GC(2735) User=0.31s Sys=0.00s Real=0.07s
[1047.243s][info][gc,start       ] GC(2736) Pause Young (Allocation Failure)
[1047.305s][info][gc,heap        ] GC(2736) PSYoungGen: 590784K->43872K(557568K)
[1047.305s][info][gc,heap        ] GC(2736) PSOldGen: 972177K->1004281K(1398272K)
[1047.305s][info][gc,metaspace   ] GC(2736) Metaspace: 32492K(33584K)->32492K(33584K) NonClass: 28712K(29360K)->28712K(29360K) Class: 3779K(4224K)->3779K(4224K)
[1047.305s][info][gc             ] GC(2736) Pause Young (Allocation Failure) 1526M->1023M(1910M) 61.394ms
[1047.305s][info][gc,cpu         ] GC(2736) User=0.27s Sys=0.00s Real=0.06s
[1047.458s][info][gc,start       ] GC(2737) Pause Young (Allocation Failure)
[1047.533s][info][gc,heap        ] GC(2737) PSYoungGen: 557408K->72480K(603648K)
[1047.533s][info][gc,heap        ] GC(2737) PSOldGen: 1004281K->1041154K(1398272K)
[1047.533s][info][gc,metaspace   ] GC(2737) Metaspace: 32492K(33584K)->32492K(33584K) NonClass: 28712K(29360K)->28712K(29360K) Class: 3779K(4224K)->3779K(4224K)
[1047.533s][info][gc             ] GC(2737) Pause Young (Allocation Failure) 1525M->1087M(1955M) 75.118ms
[1047.533s][info][gc,cpu         ] GC(2737) User=0.42s Sys=0.00s Real=0.08s
[1047.670s][info][gc,start       ] GC(2738) Pause Young (Allocation Failure)
[1047.738s][info][gc,heap        ] GC(2738) PSYoungGen: 582944K->71200K(604672K)
[1047.738s][info][gc,heap        ] GC(2738) PSOldGen: 1041154K->1099218K(1398272K)
[1047.738s][info][gc,metaspace   ] GC(2738) Metaspace: 32492K(33584K)->32492K(33584K) NonClass: 28712K(29360K)->28712K(29360K) Class: 3779K(4224K)->3779K(4224K)
[1047.738s][info][gc             ] GC(2738) Pause Young (Allocation Failure) 1586M->1142M(1956M) 67.990ms
[1047.738s][info][gc,cpu         ] GC(2738) User=0.38s Sys=0.00s Real=0.07s
[1048.424s][info][gc,start       ] GC(2739) Pause Young (Allocation Failure)
[1048.481s][info][gc,heap        ] GC(2739) PSYoungGen: 581664K->58688K(607232K)
[1048.481s][info][gc,heap        ] GC(2739) PSOldGen: 1099218K->1130106K(1398272K)
[1048.481s][info][gc,metaspace   ] GC(2739) Metaspace: 32492K(33584K)->32492K(33584K) NonClass: 28712K(29360K)->28712K(29360K) Class: 3779K(4224K)->3779K(4224K)
[1048.481s][info][gc             ] GC(2739) Pause Young (Allocation Failure) 1641M->1160M(1958M) 57.231ms
[1048.481s][info][gc,cpu         ] GC(2739) User=0.38s Sys=0.00s Real=0.05s
[1048.625s][info][gc,start       ] GC(2740) Pause Young (Allocation Failure)
[1048.692s][info][gc,heap        ] GC(2740) PSYoungGen: 572224K->76352K(605184K)
[1048.692s][info][gc,heap        ] GC(2740) PSOldGen: 1130106K->1174102K(1398272K)
[1048.692s][info][gc,metaspace   ] GC(2740) Metaspace: 32492K(33584K)->32492K(33584K) NonClass: 28712K(29360K)->28712K(29360K) Class: 3779K(4224K)->3779K(4224K)
[1048.692s][info][gc             ] GC(2740) Pause Young (Allocation Failure) 1662M->1221M(1956M) 66.951ms
[1048.692s][info][gc,cpu         ] GC(2740) User=0.38s Sys=0.00s Real=0.07s
[1048.882s][info][gc,start       ] GC(2741) Pause Young (Allocation Failure)
[1048.957s][info][gc,heap        ] GC(2741) PSYoungGen: 589888K->66848K(607232K)
[1048.957s][info][gc,heap        ] GC(2741) PSOldGen: 1174102K->1217094K(1398272K)
[1048.957s][info][gc,metaspace   ] GC(2741) Metaspace: 32492K(33584K)->32492K(33584K) NonClass: 28712K(29360K)->28712K(29360K) Class: 3779K(4224K)->3779K(4224K)
[1048.957s][info][gc             ] GC(2741) Pause Young (Allocation Failure) 1722M->1253M(1958M) 74.448ms
[1048.957s][info][gc,cpu         ] GC(2741) User=0.47s Sys=0.00s Real=0.08s
[1049.437s][info][gc,start       ] GC(2742) Pause Young (System.gc())
[1049.476s][info][gc,heap        ] GC(2742) PSYoungGen: 250184K->13792K(527360K)
[1049.476s][info][gc,heap        ] GC(2742) PSOldGen: 1217094K->1251894K(1398272K)
[1049.476s][info][gc,metaspace   ] GC(2742) Metaspace: 32492K(33584K)->32492K(33584K) NonClass: 28712K(29360K)->28712K(29360K) Class: 3779K(4224K)->3779K(4224K)
[1049.476s][info][gc             ] GC(2742) Pause Young (System.gc()) 1432M->1236M(1880M) 38.208ms
[1049.476s][info][gc,cpu         ] GC(2742) User=0.19s Sys=0.00s Real=0.04s
[1049.476s][info][gc,start       ] GC(2743) Pause Full (System.gc())
[1049.476s][info][gc,phases,start] GC(2743) Phase 1: Mark live objects
[1049.592s][info][gc,phases      ] GC(2743) Phase 1: Mark live objects 116.327ms
[1049.592s][info][gc,phases,start] GC(2743) Phase 2: Compute new object addresses
[1049.768s][info][gc,phases      ] GC(2743) Phase 2: Compute new object addresses 175.339ms
[1049.768s][info][gc,phases,start] GC(2743) Phase 3: Adjust pointers
[1049.850s][info][gc,phases      ] GC(2743) Phase 3: Adjust pointers 82.840ms
[1049.851s][info][gc,phases,start] GC(2743) Phase 4: Move objects
[1049.874s][info][gc,phases      ] GC(2743) Phase 4: Move objects 23.012ms
[1049.874s][info][gc,heap        ] GC(2743) PSYoungGen: 13792K->0K(527360K)
[1049.874s][info][gc,heap        ] GC(2743) PSOldGen: 1251894K->173323K(1398272K)
[1049.874s][info][gc,metaspace   ] GC(2743) Metaspace: 32492K(33584K)->32492K(33584K) NonClass: 28712K(29360K)->28712K(29360K) Class: 3779K(4224K)->3779K(4224K)
[1049.874s][info][gc             ] GC(2743) Pause Full (System.gc()) 1236M->169M(1880M) 398.268ms
[1049.874s][info][gc,cpu         ] GC(2743) User=0.41s Sys=0.00s Real=0.39s
[1050.014s][info][gc,start       ] GC(2744) Pause Young (Allocation Failure)
[1050.050s][info][gc,heap        ] GC(2744) PSYoungGen: 513536K->65984K(602624K)
[1050.050s][info][gc,heap        ] GC(2744) PSOldGen: 173323K->173323K(1398272K)
[1050.050s][info][gc,metaspace   ] GC(2744) Metaspace: 32492K(33584K)->32492K(33584K) NonClass: 28712K(29360K)->28712K(29360K) Class: 3779K(4224K)->3779K(4224K)
[1050.050s][info][gc             ] GC(2744) Pause Young (Allocation Failure) 670M->233M(1954M) 36.219ms
[1050.050s][info][gc,cpu         ] GC(2744) User=0.16s Sys=0.00s Real=0.04s
[1050.182s][info][gc,start       ] GC(2745) Pause Young (Allocation Failure)
[1050.260s][info][gc,heap        ] GC(2745) PSYoungGen: 570816K->70464K(601088K)
[1050.260s][info][gc,heap        ] GC(2745) PSOldGen: 173323K->225620K(1398272K)
[1050.260s][info][gc,metaspace   ] GC(2745) Metaspace: 32492K(33584K)->32492K(33584K) NonClass: 28712K(29360K)->28712K(29360K) Class: 3779K(4224K)->3779K(4224K)
[1050.260s][info][gc             ] GC(2745) Pause Young (Allocation Failure) 726M->289M(1952M) 78.316ms
[1050.260s][info][gc,cpu         ] GC(2745) User=0.47s Sys=0.00s Real=0.08s
[1051.016s][info][gc,start       ] GC(2746) Pause Young (Allocation Failure)
[1051.065s][info][gc,heap        ] GC(2746) PSYoungGen: 575296K->42688K(602624K)
[1051.065s][info][gc,heap        ] GC(2746) PSOldGen: 225620K->256364K(1398272K)
[1051.065s][info][gc,metaspace   ] GC(2746) Metaspace: 32492K(33584K)->32492K(33584K) NonClass: 28712K(29360K)->28712K(29360K) Class: 3779K(4224K)->3779K(4224K)
[1051.065s][info][gc             ] GC(2746) Pause Young (Allocation Failure) 782M->292M(1954M) 48.956ms
[1051.065s][info][gc,cpu         ] GC(2746) User=0.28s Sys=0.00s Real=0.05s
[1051.196s][info][gc,start       ] GC(2747) Pause Young (Allocation Failure)
[1051.253s][info][gc,heap        ] GC(2747) PSYoungGen: 549056K->63296K(602624K)
[1051.253s][info][gc,heap        ] GC(2747) PSOldGen: 256364K->296176K(1398272K)
[1051.253s][info][gc,metaspace   ] GC(2747) Metaspace: 32492K(33584K)->32492K(33584K) NonClass: 28712K(29360K)->28712K(29360K) Class: 3779K(4224K)->3779K(4224K)
[1051.253s][info][gc             ] GC(2747) Pause Young (Allocation Failure) 786M->351M(1954M) 56.322ms
[1051.253s][info][gc,cpu         ] GC(2747) User=0.28s Sys=0.00s Real=0.06s
[1051.387s][info][gc,start       ] GC(2748) Pause Young (Allocation Failure)
[1051.452s][info][gc,heap        ] GC(2748) PSYoungGen: 569664K->68128K(605696K)
[1051.452s][info][gc,heap        ] GC(2748) PSOldGen: 296176K->348808K(1398272K)
[1051.452s][info][gc,metaspace   ] GC(2748) Metaspace: 32492K(33584K)->32492K(33584K) NonClass: 28712K(29360K)->28712K(29360K) Class: 3779K(4224K)->3779K(4224K)
[1051.452s][info][gc             ] GC(2748) Pause Young (Allocation Failure) 845M->407M(1957M) 64.909ms
[1051.452s][info][gc,cpu         ] GC(2748) User=0.38s Sys=0.00s Real=0.06s
[1052.004s][info][gc,start       ] GC(2749) Pause Young (Allocation Failure)
[1052.056s][info][gc,heap        ] GC(2749) PSYoungGen: 580128K->50592K(605184K)
[1052.056s][info][gc,heap        ] GC(2749) PSOldGen: 348808K->378936K(1398272K)
[1052.056s][info][gc,metaspace   ] GC(2749) Metaspace: 32492K(33584K)->32492K(33584K) NonClass: 28712K(29360K)->28712K(29360K) Class: 3779K(4224K)->3779K(4224K)
[1052.056s][info][gc             ] GC(2749) Pause Young (Allocation Failure) 907M->419M(1956M) 51.706ms
[1052.056s][info][gc,cpu         ] GC(2749) User=0.38s Sys=0.00s Real=0.05s
[1052.187s][info][gc,start       ] GC(2750) Pause Young (Allocation Failure)
[1052.247s][info][gc,heap        ] GC(2750) PSYoungGen: 562592K->68000K(607232K)
[1052.247s][info][gc,heap        ] GC(2750) PSOldGen: 378936K->422805K(1398272K)
[1052.247s][info][gc,metaspace   ] GC(2750) Metaspace: 32492K(33584K)->32492K(33584K) NonClass: 28712K(29360K)->28712K(29360K) Class: 3779K(4224K)->3779K(4224K)
[1052.247s][info][gc             ] GC(2750) Pause Young (Allocation Failure) 919M->479M(1958M) 60.804ms
[1052.247s][info][gc,cpu         ] GC(2750) User=0.34s Sys=0.00s Real=0.06s
[1052.389s][info][gc,start       ] GC(2751) Pause Young (Allocation Failure)
[1052.456s][info][gc,heap        ] GC(2751) PSYoungGen: 583072K->75104K(590336K)
[1052.456s][info][gc,heap        ] GC(2751) PSOldGen: 422805K->473757K(1398272K)
[1052.456s][info][gc,metaspace   ] GC(2751) Metaspace: 32492K(33584K)->32492K(33584K) NonClass: 28712K(29360K)->28712K(29360K) Class: 3779K(4224K)->3779K(4224K)
[1052.456s][info][gc             ] GC(2751) Pause Young (Allocation Failure) 982M->535M(1942M) 67.859ms
[1052.457s][info][gc,cpu         ] GC(2751) User=0.38s Sys=0.00s Real=0.07s
[1053.134s][info][gc,start       ] GC(2752) Pause Young (Allocation Failure)
[1053.192s][info][gc,heap        ] GC(2752) PSYoungGen: 590176K->56992K(607232K)
[1053.192s][info][gc,heap        ] GC(2752) PSOldGen: 473757K->505605K(1398272K)
[1053.192s][info][gc,metaspace   ] GC(2752) Metaspace: 32492K(33584K)->32492K(33584K) NonClass: 28712K(29360K)->28712K(29360K) Class: 3779K(4224K)->3779K(4224K)
[1053.192s][info][gc             ] GC(2752) Pause Young (Allocation Failure) 1038M->549M(1958M) 57.529ms
[1053.192s][info][gc,cpu         ] GC(2752) User=0.28s Sys=0.00s Real=0.07s
[1053.340s][info][gc,start       ] GC(2753) Pause Young (Allocation Failure)
[1053.411s][info][gc,heap        ] GC(2753) PSYoungGen: 570016K->77888K(591360K)
[1053.411s][info][gc,heap        ] GC(2753) PSOldGen: 505605K->548385K(1398272K)
[1053.411s][info][gc,metaspace   ] GC(2753) Metaspace: 32492K(33584K)->32492K(33584K) NonClass: 28712K(29360K)->28712K(29360K) Class: 3779K(4224K)->3779K(4224K)
[1053.411s][info][gc             ] GC(2753) Pause Young (Allocation Failure) 1050M->611M(1943M) 71.279ms
[1053.411s][info][gc,cpu         ] GC(2753) User=0.38s Sys=0.00s Real=0.07s
[1053.632s][info][gc,start       ] GC(2754) Pause Young (Allocation Failure)
[1053.703s][info][gc,heap        ] GC(2754) PSYoungGen: 590912K->68256K(605184K)
[1053.703s][info][gc,heap        ] GC(2754) PSOldGen: 548385K->587257K(1398272K)
[1053.703s][info][gc,metaspace   ] GC(2754) Metaspace: 32492K(33584K)->32492K(33584K) NonClass: 28712K(29360K)->28712K(29360K) Class: 3779K(4224K)->3779K(4224K)
[1053.703s][info][gc             ] GC(2754) Pause Young (Allocation Failure) 1112M->640M(1956M) 71.077ms
[1053.703s][info][gc,cpu         ] GC(2754) User=0.47s Sys=0.00s Real=0.07s
[1054.195s][info][gc,start       ] GC(2755) Pause Young (Allocation Failure)
[1054.252s][info][gc,heap        ] GC(2755) PSYoungGen: 578720K->60224K(604160K)
[1054.252s][info][gc,heap        ] GC(2755) PSOldGen: 587257K->622737K(1398272K)
[1054.252s][info][gc,metaspace   ] GC(2755) Metaspace: 32492K(33584K)->32492K(33584K) NonClass: 28712K(29360K)->28712K(29360K) Class: 3779K(4224K)->3779K(4224K)
[1054.252s][info][gc             ] GC(2755) Pause Young (Allocation Failure) 1138M->666M(1955M) 57.480ms
[1054.252s][info][gc,cpu         ] GC(2755) User=0.34s Sys=0.00s Real=0.06s
[1054.391s][info][gc,start       ] GC(2756) Pause Young (Allocation Failure)
[1054.456s][info][gc,heap        ] GC(2756) PSYoungGen: 570688K->75296K(604672K)
[1054.456s][info][gc,heap        ] GC(2756) PSOldGen: 622737K->668730K(1398272K)
[1054.456s][info][gc,metaspace   ] GC(2756) Metaspace: 32492K(33584K)->32492K(33584K) NonClass: 28712K(29360K)->28712K(29360K) Class: 3779K(4224K)->3779K(4224K)
[1054.456s][info][gc             ] GC(2756) Pause Young (Allocation Failure) 1165M->726M(1956M) 65.470ms
[1054.456s][info][gc,cpu         ] GC(2756) User=0.38s Sys=0.00s Real=0.07s
[1054.819s][info][gc,start       ] GC(2757) Pause Young (Allocation Failure)
[1054.878s][info][gc,heap        ] GC(2757) PSYoungGen: 588832K->55904K(606208K)
[1054.878s][info][gc,heap        ] GC(2757) PSOldGen: 668730K->705914K(1398272K)
[1054.878s][info][gc,metaspace   ] GC(2757) Metaspace: 32492K(33584K)->32492K(33584K) NonClass: 28712K(29360K)->28712K(29360K) Class: 3779K(4224K)->3779K(4224K)
[1054.878s][info][gc             ] GC(2757) Pause Young (Allocation Failure) 1228M->743M(1957M) 59.226ms
[1054.878s][info][gc,cpu         ] GC(2757) User=0.38s Sys=0.00s Real=0.07s
[1055.385s][info][gc,start       ] GC(2758) Pause Young (Allocation Failure)
[1055.448s][info][gc,heap        ] GC(2758) PSYoungGen: 569440K->75136K(604160K)
[1055.448s][info][gc,heap        ] GC(2758) PSOldGen: 705914K->736826K(1398272K)
[1055.448s][info][gc,metaspace   ] GC(2758) Metaspace: 32492K(33584K)->32492K(33584K) NonClass: 28712K(29360K)->28712K(29360K) Class: 3779K(4224K)->3779K(4224K)
[1055.448s][info][gc             ] GC(2758) Pause Young (Allocation Failure) 1245M->792M(1955M) 62.668ms
[1055.448s][info][gc,cpu         ] GC(2758) User=0.38s Sys=0.00s Real=0.07s
[1055.583s][info][gc,start       ] GC(2759) Pause Young (Allocation Failure)
[1055.654s][info][gc,heap        ] GC(2759) PSYoungGen: 587648K->72000K(605696K)
[1055.654s][info][gc,heap        ] GC(2759) PSOldGen: 736826K->798286K(1398272K)
[1055.654s][info][gc,metaspace   ] GC(2759) Metaspace: 32492K(33584K)->32492K(33584K) NonClass: 28712K(29360K)->28712K(29360K) Class: 3779K(4224K)->3779K(4224K)
[1055.654s][info][gc             ] GC(2759) Pause Young (Allocation Failure) 1293M->849M(1957M) 71.307ms
[1055.654s][info][gc,cpu         ] GC(2759) User=0.47s Sys=0.00s Real=0.07s
[1056.407s][info][gc,start       ] GC(2760) Pause Young (Allocation Failure)
[1056.462s][info][gc,heap        ] GC(2760) PSYoungGen: 584512K->46336K(605184K)
[1056.462s][info][gc,heap        ] GC(2760) PSOldGen: 798286K->829318K(1398272K)
[1056.462s][info][gc,metaspace   ] GC(2760) Metaspace: 32492K(33584K)->32492K(33584K) NonClass: 28712K(29360K)->28712K(29360K) Class: 3779K(4224K)->3779K(4224K)
[1056.462s][info][gc             ] GC(2760) Pause Young (Allocation Failure) 1350M->855M(1956M) 55.601ms
[1056.462s][info][gc,cpu         ] GC(2760) User=0.38s Sys=0.00s Real=0.06s
[1056.594s][info][gc,start       ] GC(2761) Pause Young (Allocation Failure)
[1056.651s][info][gc,heap        ] GC(2761) PSYoungGen: 558848K->64640K(605696K)
[1056.651s][info][gc,heap        ] GC(2761) PSOldGen: 829318K->872394K(1398272K)
[1056.651s][info][gc,metaspace   ] GC(2761) Metaspace: 32492K(33584K)->32492K(33584K) NonClass: 28712K(29360K)->28712K(29360K) Class: 3779K(4224K)->3779K(4224K)
[1056.651s][info][gc             ] GC(2761) Pause Young (Allocation Failure) 1355M->915M(1957M) 57.255ms
[1056.651s][info][gc,cpu         ] GC(2761) User=0.38s Sys=0.00s Real=0.06s
[1056.782s][info][gc,start       ] GC(2762) Pause Young (Allocation Failure)
[1056.858s][info][gc,heap        ] GC(2762) PSYoungGen: 577152K->71360K(607232K)
[1056.858s][info][gc,heap        ] GC(2762) PSOldGen: 872394K->923178K(1398272K)
[1056.858s][info][gc,metaspace   ] GC(2762) Metaspace: 32492K(33584K)->32492K(33584K) NonClass: 28712K(29360K)->28712K(29360K) Class: 3779K(4224K)->3779K(4224K)
[1056.858s][info][gc             ] GC(2762) Pause Young (Allocation Failure) 1415M->971M(1958M) 75.913ms
[1056.858s][info][gc,cpu         ] GC(2762) User=0.47s Sys=0.00s Real=0.08s
[1057.552s][info][gc,start       ] GC(2763) Pause Young (Allocation Failure)
[1057.608s][info][gc,heap        ] GC(2763) PSYoungGen: 587968K->53888K(607744K)
[1057.608s][info][gc,heap        ] GC(2763) PSOldGen: 923178K->953546K(1398272K)
[1057.608s][info][gc,metaspace   ] GC(2763) Metaspace: 32492K(33584K)->32492K(33584K) NonClass: 28712K(29360K)->28712K(29360K) Class: 3779K(4224K)->3779K(4224K)
[1057.608s][info][gc             ] GC(2763) Pause Young (Allocation Failure) 1475M->983M(1959M) 55.979ms
[1057.608s][info][gc,cpu         ] GC(2763) User=0.38s Sys=0.00s Real=0.06s
[1057.747s][info][gc,start       ] GC(2764) Pause Young (Allocation Failure)
[1057.809s][info][gc,heap        ] GC(2764) PSYoungGen: 570496K->65504K(610816K)
[1057.809s][info][gc,heap        ] GC(2764) PSOldGen: 953546K->1003147K(1398272K)
[1057.809s][info][gc,metaspace   ] GC(2764) Metaspace: 32492K(33584K)->32492K(33584K) NonClass: 28712K(29360K)->28712K(29360K) Class: 3779K(4224K)->3779K(4224K)
[1057.809s][info][gc             ] GC(2764) Pause Young (Allocation Failure) 1488M->1043M(1962M) 61.619ms
[1057.809s][info][gc,cpu         ] GC(2764) User=0.38s Sys=0.00s Real=0.06s
[1057.942s][info][gc,start       ] GC(2765) Pause Young (Allocation Failure)
[1058.023s][info][gc,heap        ] GC(2765) PSYoungGen: 586208K->69696K(608768K)
[1058.023s][info][gc,heap        ] GC(2765) PSOldGen: 1003147K->1056971K(1398272K)
[1058.023s][info][gc,metaspace   ] GC(2765) Metaspace: 32492K(33584K)->32492K(33584K) NonClass: 28712K(29360K)->28712K(29360K) Class: 3779K(4224K)->3779K(4224K)
[1058.023s][info][gc             ] GC(2765) Pause Young (Allocation Failure) 1552M->1100M(1960M) 81.131ms
[1058.023s][info][gc,cpu         ] GC(2765) User=0.45s Sys=0.00s Real=0.08s
[1058.545s][info][gc,start       ] GC(2766) Pause Young (Allocation Failure)
[1058.605s][info][gc,heap        ] GC(2766) PSYoungGen: 590400K->56640K(611840K)
[1058.605s][info][gc,heap        ] GC(2766) PSOldGen: 1056971K->1087347K(1398272K)
[1058.605s][info][gc,metaspace   ] GC(2766) Metaspace: 32492K(33584K)->32492K(33584K) NonClass: 28712K(29360K)->28712K(29360K) Class: 3779K(4224K)->3779K(4224K)
[1058.605s][info][gc             ] GC(2766) Pause Young (Allocation Failure) 1608M->1117M(1963M) 59.672ms
[1058.605s][info][gc,cpu         ] GC(2766) User=0.38s Sys=0.00s Real=0.06s
[1058.747s][info][gc,start       ] GC(2767) Pause Young (Allocation Failure)
[1058.817s][info][gc,heap        ] GC(2767) PSYoungGen: 580416K->74080K(598016K)
[1058.817s][info][gc,heap        ] GC(2767) PSOldGen: 1087347K->1131839K(1398272K)
[1058.817s][info][gc,metaspace   ] GC(2767) Metaspace: 32492K(33584K)->32492K(33584K) NonClass: 28712K(29360K)->28712K(29360K) Class: 3779K(4224K)->3779K(4224K)
[1058.817s][info][gc             ] GC(2767) Pause Young (Allocation Failure) 1628M->1177M(1949M) 70.433ms
[1058.817s][info][gc,cpu         ] GC(2767) User=0.36s Sys=0.00s Real=0.07s
[1059.050s][info][gc,start       ] GC(2768) Pause Young (Allocation Failure)
[1059.119s][info][gc,heap        ] GC(2768) PSYoungGen: 597856K->67360K(611840K)
[1059.119s][info][gc,heap        ] GC(2768) PSOldGen: 1131839K->1170279K(1398272K)
[1059.119s][info][gc,metaspace   ] GC(2768) Metaspace: 32492K(33584K)->32492K(33584K) NonClass: 28712K(29360K)->28712K(29360K) Class: 3779K(4224K)->3779K(4224K)
[1059.119s][info][gc             ] GC(2768) Pause Young (Allocation Failure) 1689M->1208M(1963M) 68.840ms
[1059.119s][info][gc,cpu         ] GC(2768) User=0.47s Sys=0.00s Real=0.07s
[1059.625s][info][gc,start       ] GC(2769) Pause Young (Allocation Failure)
[1059.682s][info][gc,heap        ] GC(2769) PSYoungGen: 590624K->58464K(610304K)
[1059.682s][info][gc,heap        ] GC(2769) PSOldGen: 1170279K->1205503K(1398272K)
[1059.682s][info][gc,metaspace   ] GC(2769) Metaspace: 32492K(33584K)->32492K(33584K) NonClass: 28712K(29360K)->28712K(29360K) Class: 3779K(4224K)->3779K(4224K)
[1059.682s][info][gc             ] GC(2769) Pause Young (Allocation Failure) 1719M->1234M(1961M) 57.285ms
[1059.682s][info][gc,cpu         ] GC(2769) User=0.38s Sys=0.00s Real=0.06s
[1059.828s][info][gc,start       ] GC(2770) Pause Young (Allocation Failure)
[1059.893s][info][gc,heap        ] GC(2770) PSYoungGen: 581728K->79936K(605696K)
[1059.893s][info][gc,heap        ] GC(2770) PSOldGen: 1205503K->1246220K(1398272K)
[1059.893s][info][gc,metaspace   ] GC(2770) Metaspace: 32492K(33584K)->32492K(33584K) NonClass: 28712K(29360K)->28712K(29360K) Class: 3779K(4224K)->3779K(4224K)
[1059.893s][info][gc             ] GC(2770) Pause Young (Allocation Failure) 1745M->1295M(1957M) 64.837ms
[1059.893s][info][gc,cpu         ] GC(2770) User=0.38s Sys=0.00s Real=0.07s
[1060.255s][info][gc,start       ] GC(2771) Pause Young (Allocation Failure)
[1060.321s][info][gc,heap        ] GC(2771) PSYoungGen: 599616K->55328K(609280K)
[1060.321s][info][gc,heap        ] GC(2771) PSOldGen: 1246220K->1282364K(1398272K)
[1060.321s][info][gc,metaspace   ] GC(2771) Metaspace: 32492K(33584K)->32492K(33584K) NonClass: 28712K(29360K)->28712K(29360K) Class: 3779K(4224K)->3779K(4224K)
[1060.321s][info][gc             ] GC(2771) Pause Young (Allocation Failure) 1802M->1306M(1960M) 65.787ms
[1060.321s][info][gc,cpu         ] GC(2771) User=0.30s Sys=0.00s Real=0.07s
[1060.615s][info][gc,start       ] GC(2772) Pause Young (System.gc())
[1060.645s][info][gc,heap        ] GC(2772) PSYoungGen: 124406K->8064K(595456K)
[1060.646s][info][gc,heap        ] GC(2772) PSOldGen: 1282364K->1315428K(1398272K)
[1060.646s][info][gc,metaspace   ] GC(2772) Metaspace: 32492K(33584K)->32492K(33584K) NonClass: 28712K(29360K)->28712K(29360K) Class: 3779K(4224K)->3779K(4224K)
[1060.646s][info][gc             ] GC(2772) Pause Young (System.gc()) 1373M->1292M(1947M) 30.593ms
[1060.646s][info][gc,cpu         ] GC(2772) User=0.19s Sys=0.00s Real=0.04s
[1060.646s][info][gc,start       ] GC(2773) Pause Full (System.gc())
[1060.646s][info][gc,phases,start] GC(2773) Phase 1: Mark live objects
[1060.763s][info][gc,phases      ] GC(2773) Phase 1: Mark live objects 117.526ms
[1060.763s][info][gc,phases,start] GC(2773) Phase 2: Compute new object addresses
[1060.939s][info][gc,phases      ] GC(2773) Phase 2: Compute new object addresses 175.627ms
[1060.939s][info][gc,phases,start] GC(2773) Phase 3: Adjust pointers
[1061.021s][info][gc,phases      ] GC(2773) Phase 3: Adjust pointers 82.127ms
[1061.021s][info][gc,phases,start] GC(2773) Phase 4: Move objects
[1061.044s][info][gc,phases      ] GC(2773) Phase 4: Move objects 22.583ms
[1061.044s][info][gc,heap        ] GC(2773) PSYoungGen: 8064K->0K(595456K)
[1061.044s][info][gc,heap        ] GC(2773) PSOldGen: 1315428K->104606K(1398272K)
[1061.044s][info][gc,metaspace   ] GC(2773) Metaspace: 32492K(33584K)->32492K(33584K) NonClass: 28712K(29360K)->28712K(29360K) Class: 3779K(4224K)->3779K(4224K)
[1061.044s][info][gc             ] GC(2773) Pause Full (System.gc()) 1292M->102M(1947M) 398.620ms
[1061.044s][info][gc,cpu         ] GC(2773) User=0.41s Sys=0.00s Real=0.40s
[1061.283s][info][gc,start       ] GC(2774) Pause Young (Allocation Failure)
[1061.331s][info][gc,heap        ] GC(2774) PSYoungGen: 506368K->80032K(586752K)
[1061.331s][info][gc,heap        ] GC(2774) PSOldGen: 104606K->104606K(1398272K)
[1061.331s][info][gc,metaspace   ] GC(2774) Metaspace: 32492K(33584K)->32492K(33584K) NonClass: 28712K(29360K)->28712K(29360K) Class: 3779K(4224K)->3779K(4224K)
[1061.331s][info][gc             ] GC(2774) Pause Young (Allocation Failure) 596M->180M(1938M) 48.409ms
[1061.331s][info][gc,cpu         ] GC(2774) User=0.20s Sys=0.00s Real=0.05s
[1061.470s][info][gc,start       ] GC(2775) Pause Young (Allocation Failure)
[1061.542s][info][gc,heap        ] GC(2775) PSYoungGen: 586400K->71360K(598528K)
[1061.542s][info][gc,heap        ] GC(2775) PSOldGen: 104606K->170846K(1398272K)
[1061.542s][info][gc,metaspace   ] GC(2775) Metaspace: 32492K(33584K)->32492K(33584K) NonClass: 28712K(29360K)->28712K(29360K) Class: 3779K(4224K)->3779K(4224K)
[1061.542s][info][gc             ] GC(2775) Pause Young (Allocation Failure) 674M->236M(1950M) 71.727ms
[1061.542s][info][gc,cpu         ] GC(2775) User=0.45s Sys=0.00s Real=0.07s
[1062.288s][info][gc,start       ] GC(2776) Pause Young (Allocation Failure)
[1062.350s][info][gc,heap        ] GC(2776) PSYoungGen: 569536K->55360K(598528K)
[1062.350s][info][gc,heap        ] GC(2776) PSOldGen: 170846K->201526K(1398272K)
[1062.350s][info][gc,metaspace   ] GC(2776) Metaspace: 32492K(33584K)->32492K(33584K) NonClass: 28712K(29360K)->28712K(29360K) Class: 3779K(4224K)->3779K(4224K)
[1062.350s][info][gc             ] GC(2776) Pause Young (Allocation Failure) 723M->250M(1950M) 62.022ms
[1062.350s][info][gc,cpu         ] GC(2776) User=0.30s Sys=0.00s Real=0.06s
[1062.480s][info][gc,start       ] GC(2777) Pause Young (Allocation Failure)
[1062.543s][info][gc,heap        ] GC(2777) PSYoungGen: 553536K->71520K(601088K)
[1062.543s][info][gc,heap        ] GC(2777) PSOldGen: 201526K->244363K(1398272K)
[1062.543s][info][gc,metaspace   ] GC(2777) Metaspace: 32492K(33584K)->32492K(33584K) NonClass: 28712K(29360K)->28712K(29360K) Class: 3779K(4224K)->3779K(4224K)
[1062.543s][info][gc             ] GC(2777) Pause Young (Allocation Failure) 737M->308M(1952M) 62.258ms
[1062.543s][info][gc,cpu         ] GC(2777) User=0.38s Sys=0.00s Real=0.06s
[1062.686s][info][gc,start       ] GC(2778) Pause Young (Allocation Failure)
[1062.755s][info][gc,heap        ] GC(2778) PSYoungGen: 574816K->70368K(601088K)
[1062.755s][info][gc,heap        ] GC(2778) PSOldGen: 244363K->298811K(1398272K)
[1062.755s][info][gc,metaspace   ] GC(2778) Metaspace: 32492K(33584K)->32492K(33584K) NonClass: 28712K(29360K)->28712K(29360K) Class: 3779K(4224K)->3779K(4224K)
[1062.755s][info][gc             ] GC(2778) Pause Young (Allocation Failure) 799M->360M(1952M) 69.007ms
[1062.755s][info][gc,cpu         ] GC(2778) User=0.38s Sys=0.00s Real=0.07s
[1063.362s][info][gc,start       ] GC(2779) Pause Young (Allocation Failure)
[1063.419s][info][gc,heap        ] GC(2779) PSYoungGen: 573664K->56320K(603648K)
[1063.419s][info][gc,heap        ] GC(2779) PSOldGen: 298811K->329947K(1398272K)
[1063.419s][info][gc,metaspace   ] GC(2779) Metaspace: 32492K(33584K)->32492K(33584K) NonClass: 28712K(29360K)->28712K(29360K) Class: 3779K(4224K)->3779K(4224K)
[1063.419s][info][gc             ] GC(2779) Pause Young (Allocation Failure) 852M->377M(1955M) 57.519ms
[1063.419s][info][gc,cpu         ] GC(2779) User=0.38s Sys=0.00s Real=0.06s
[1063.560s][info][gc,start       ] GC(2780) Pause Young (Allocation Failure)
[1063.623s][info][gc,heap        ] GC(2780) PSYoungGen: 562688K->73344K(601600K)
[1063.623s][info][gc,heap        ] GC(2780) PSOldGen: 329947K->372167K(1398272K)
[1063.623s][info][gc,metaspace   ] GC(2780) Metaspace: 32492K(33584K)->32492K(33584K) NonClass: 28712K(29360K)->28712K(29360K) Class: 3779K(4224K)->3779K(4224K)
[1063.623s][info][gc             ] GC(2780) Pause Young (Allocation Failure) 871M->435M(1953M) 63.077ms
[1063.623s][info][gc,cpu         ] GC(2780) User=0.34s Sys=0.00s Real=0.06s
[1063.788s][info][gc,start       ] GC(2781) Pause Young (Allocation Failure)
[1063.862s][info][gc,heap        ] GC(2781) PSYoungGen: 579712K->69792K(604160K)
[1063.862s][info][gc,heap        ] GC(2781) PSOldGen: 372167K->417079K(1398272K)
[1063.862s][info][gc,metaspace   ] GC(2781) Metaspace: 32492K(33584K)->32492K(33584K) NonClass: 28712K(29360K)->28712K(29360K) Class: 3779K(4224K)->3779K(4224K)
[1063.862s][info][gc             ] GC(2781) Pause Young (Allocation Failure) 929M->475M(1955M) 73.548ms
[1063.862s][info][gc,cpu         ] GC(2781) User=0.45s Sys=0.00s Real=0.07s
[1064.508s][info][gc,start       ] GC(2782) Pause Young (Allocation Failure)
[1064.569s][info][gc,heap        ] GC(2782) PSYoungGen: 578208K->64800K(603136K)
[1064.569s][info][gc,heap        ] GC(2782) PSOldGen: 417079K->449823K(1398272K)
[1064.569s][info][gc,metaspace   ] GC(2782) Metaspace: 32492K(33584K)->32492K(33584K) NonClass: 28712K(29360K)->28712K(29360K) Class: 3779K(4224K)->3779K(4224K)
[1064.569s][info][gc             ] GC(2782) Pause Young (Allocation Failure) 971M->502M(1954M) 60.912ms
[1064.569s][info][gc,cpu         ] GC(2782) User=0.28s Sys=0.00s Real=0.07s
[1064.707s][info][gc,start       ] GC(2783) Pause Young (Allocation Failure)
[1064.773s][info][gc,heap        ] GC(2783) PSYoungGen: 573216K->74624K(604672K)
[1064.773s][info][gc,heap        ] GC(2783) PSOldGen: 449823K->500160K(1398272K)
[1064.773s][info][gc,metaspace   ] GC(2783) Metaspace: 32492K(33584K)->32492K(33584K) NonClass: 28712K(29360K)->28712K(29360K) Class: 3779K(4224K)->3779K(4224K)
[1064.773s][info][gc             ] GC(2783) Pause Young (Allocation Failure) 999M->561M(1956M) 66.587ms
[1064.773s][info][gc,cpu         ] GC(2783) User=0.38s Sys=0.00s Real=0.07s
[1065.117s][info][gc,start       ] GC(2784) Pause Young (Allocation Failure)
[1065.178s][info][gc,heap        ] GC(2784) PSYoungGen: 587136K->55520K(605696K)
[1065.178s][info][gc,heap        ] GC(2784) PSOldGen: 500160K->537160K(1398272K)
[1065.178s][info][gc,metaspace   ] GC(2784) Metaspace: 32492K(33584K)->32492K(33584K) NonClass: 28712K(29360K)->28712K(29360K) Class: 3779K(4224K)->3779K(4224K)
[1065.178s][info][gc             ] GC(2784) Pause Young (Allocation Failure) 1061M->578M(1957M) 60.490ms
[1065.178s][info][gc,cpu         ] GC(2784) User=0.30s Sys=0.00s Real=0.06s
[1065.647s][info][gc,start       ] GC(2785) Pause Young (Allocation Failure)
[1065.708s][info][gc,heap        ] GC(2785) PSYoungGen: 568032K->72928K(605696K)
[1065.708s][info][gc,heap        ] GC(2785) PSOldGen: 537160K->568680K(1398272K)
[1065.708s][info][gc,metaspace   ] GC(2785) Metaspace: 32492K(33584K)->32492K(33584K) NonClass: 28712K(29360K)->28712K(29360K) Class: 3779K(4224K)->3779K(4224K)
[1065.708s][info][gc             ] GC(2785) Pause Young (Allocation Failure) 1079M->626M(1957M) 61.341ms
[1065.708s][info][gc,cpu         ] GC(2785) User=0.36s Sys=0.00s Real=0.06s
[1065.853s][info][gc,start       ] GC(2786) Pause Young (Allocation Failure)
[1065.923s][info][gc,heap        ] GC(2786) PSYoungGen: 586464K->78496K(592384K)
[1065.923s][info][gc,heap        ] GC(2786) PSOldGen: 568680K->624340K(1398272K)
[1065.923s][info][gc,metaspace   ] GC(2786) Metaspace: 32492K(33584K)->32492K(33584K) NonClass: 28712K(29360K)->28712K(29360K) Class: 3779K(4224K)->3779K(4224K)
[1065.923s][info][gc             ] GC(2786) Pause Young (Allocation Failure) 1128M->686M(1944M) 69.432ms
[1065.923s][info][gc,cpu         ] GC(2786) User=0.38s Sys=0.00s Real=0.07s
[1066.578s][info][gc,start       ] GC(2787) Pause Young (Allocation Failure)
[1066.635s][info][gc,heap        ] GC(2787) PSYoungGen: 592032K->48512K(604160K)
[1066.635s][info][gc,heap        ] GC(2787) PSOldGen: 624340K->657084K(1398272K)
[1066.635s][info][gc,metaspace   ] GC(2787) Metaspace: 32492K(33584K)->32492K(33584K) NonClass: 28712K(29360K)->28712K(29360K) Class: 3779K(4224K)->3779K(4224K)
[1066.635s][info][gc             ] GC(2787) Pause Young (Allocation Failure) 1187M->689M(1955M) 57.756ms
[1066.635s][info][gc,cpu         ] GC(2787) User=0.38s Sys=0.00s Real=0.06s
[1066.769s][info][gc,start       ] GC(2788) Pause Young (Allocation Failure)
[1066.829s][info][gc,heap        ] GC(2788) PSYoungGen: 557952K->65920K(604160K)
[1066.829s][info][gc,heap        ] GC(2788) PSOldGen: 657084K->700828K(1398272K)
[1066.829s][info][gc,metaspace   ] GC(2788) Metaspace: 32492K(33584K)->32492K(33584K) NonClass: 28712K(29360K)->28712K(29360K) Class: 3779K(4224K)->3779K(4224K)
[1066.829s][info][gc             ] GC(2788) Pause Young (Allocation Failure) 1186M->748M(1955M) 60.304ms
[1066.830s][info][gc,cpu         ] GC(2788) User=0.38s Sys=0.00s Real=0.06s
[1066.962s][info][gc,start       ] GC(2789) Pause Young (Allocation Failure)
[1067.026s][info][gc,heap        ] GC(2789) PSYoungGen: 575360K->67392K(608256K)
[1067.026s][info][gc,heap        ] GC(2789) PSOldGen: 700828K->754244K(1398272K)
[1067.026s][info][gc,metaspace   ] GC(2789) Metaspace: 32492K(33584K)->32492K(33584K) NonClass: 28712K(29360K)->28712K(29360K) Class: 3779K(4224K)->3779K(4224K)
[1067.026s][info][gc             ] GC(2789) Pause Young (Allocation Failure) 1246M->802M(1959M) 64.340ms
[1067.026s][info][gc,cpu         ] GC(2789) User=0.38s Sys=0.00s Real=0.06s
[1067.727s][info][gc,start       ] GC(2790) Pause Young (Allocation Failure)
[1067.783s][info][gc,heap        ] GC(2790) PSYoungGen: 583488K->49920K(606720K)
[1067.783s][info][gc,heap        ] GC(2790) PSOldGen: 754244K->784204K(1398272K)
[1067.783s][info][gc,metaspace   ] GC(2790) Metaspace: 32492K(33584K)->32492K(33584K) NonClass: 28712K(29360K)->28712K(29360K) Class: 3779K(4224K)->3779K(4224K)
[1067.783s][info][gc             ] GC(2790) Pause Young (Allocation Failure) 1306M->814M(1958M) 56.147ms
[1067.783s][info][gc,cpu         ] GC(2790) User=0.22s Sys=0.00s Real=0.05s
[1067.922s][info][gc,start       ] GC(2791) Pause Young (Allocation Failure)
[1067.984s][info][gc,heap        ] GC(2791) PSYoungGen: 566016K->69344K(608768K)
[1067.984s][info][gc,heap        ] GC(2791) PSOldGen: 784204K->825777K(1398272K)
[1067.984s][info][gc,metaspace   ] GC(2791) Metaspace: 32492K(33584K)->32492K(33584K) NonClass: 28712K(29360K)->28712K(29360K) Class: 3779K(4224K)->3779K(4224K)
[1067.984s][info][gc             ] GC(2791) Pause Young (Allocation Failure) 1318M->874M(1960M) 62.590ms
[1067.984s][info][gc,cpu         ] GC(2791) User=0.36s Sys=0.02s Real=0.06s
[1068.120s][info][gc,start       ] GC(2792) Pause Young (Allocation Failure)
[1068.188s][info][gc,heap        ] GC(2792) PSYoungGen: 587488K->68864K(608256K)
[1068.188s][info][gc,heap        ] GC(2792) PSOldGen: 825777K->882473K(1398272K)
[1068.188s][info][gc,metaspace   ] GC(2792) Metaspace: 32492K(33584K)->32492K(33584K) NonClass: 28712K(29360K)->28712K(29360K) Class: 3779K(4224K)->3779K(4224K)
[1068.188s][info][gc             ] GC(2792) Pause Young (Allocation Failure) 1380M->929M(1959M) 67.651ms
[1068.188s][info][gc,cpu         ] GC(2792) User=0.38s Sys=0.00s Real=0.07s
[1068.898s][info][gc,start       ] GC(2793) Pause Young (Allocation Failure)
[1068.955s][info][gc,heap        ] GC(2793) PSYoungGen: 587008K->61216K(611328K)
[1068.955s][info][gc,heap        ] GC(2793) PSOldGen: 882473K->912881K(1398272K)
[1068.955s][info][gc,metaspace   ] GC(2793) Metaspace: 32492K(33584K)->32492K(33584K) NonClass: 28712K(29360K)->28712K(29360K) Class: 3779K(4224K)->3779K(4224K)
[1068.955s][info][gc             ] GC(2793) Pause Young (Allocation Failure) 1435M->951M(1962M) 57.219ms
[1068.955s][info][gc,cpu         ] GC(2793) User=0.38s Sys=0.00s Real=0.06s
[1069.096s][info][gc,start       ] GC(2794) Pause Young (Allocation Failure)
[1069.161s][info][gc,heap        ] GC(2794) PSYoungGen: 583456K->64640K(609792K)
[1069.161s][info][gc,heap        ] GC(2794) PSOldGen: 912881K->968341K(1398272K)
[1069.161s][info][gc,metaspace   ] GC(2794) Metaspace: 32492K(33584K)->32492K(33584K) NonClass: 28712K(29360K)->28712K(29360K) Class: 3779K(4224K)->3779K(4224K)
[1069.161s][info][gc             ] GC(2794) Pause Young (Allocation Failure) 1461M->1008M(1961M) 65.324ms
[1069.161s][info][gc,cpu         ] GC(2794) User=0.36s Sys=0.00s Real=0.06s
[1069.357s][info][gc,start       ] GC(2795) Pause Young (Allocation Failure)
[1069.431s][info][gc,heap        ] GC(2795) PSYoungGen: 586880K->70944K(613376K)
[1069.431s][info][gc,heap        ] GC(2795) PSOldGen: 968341K->1007773K(1398272K)
[1069.431s][info][gc,metaspace   ] GC(2795) Metaspace: 32492K(33584K)->32492K(33584K) NonClass: 28712K(29360K)->28712K(29360K) Class: 3779K(4224K)->3779K(4224K)
[1069.431s][info][gc             ] GC(2795) Pause Young (Allocation Failure) 1518M->1053M(1964M) 73.553ms
[1069.431s][info][gc,cpu         ] GC(2795) User=0.42s Sys=0.00s Real=0.07s
[1069.829s][info][gc,start       ] GC(2796) Pause Young (Allocation Failure)
[1069.897s][info][gc,heap        ] GC(2796) PSYoungGen: 598816K->60864K(613376K)
[1069.897s][info][gc,heap        ] GC(2796) PSOldGen: 1007773K->1043549K(1398272K)
[1069.897s][info][gc,metaspace   ] GC(2796) Metaspace: 32492K(33584K)->32492K(33584K) NonClass: 28712K(29360K)->28712K(29360K) Class: 3779K(4224K)->3779K(4224K)
[1069.897s][info][gc             ] GC(2796) Pause Young (Allocation Failure) 1568M->1078M(1964M) 68.615ms
[1069.897s][info][gc,cpu         ] GC(2796) User=0.38s Sys=0.00s Real=0.07s
[1070.041s][info][gc,start       ] GC(2797) Pause Young (Allocation Failure)
[1070.109s][info][gc,heap        ] GC(2797) PSYoungGen: 588736K->78304K(608256K)
[1070.109s][info][gc,heap        ] GC(2797) PSOldGen: 1043549K->1087230K(1398272K)
[1070.109s][info][gc,metaspace   ] GC(2797) Metaspace: 32492K(33584K)->32492K(33584K) NonClass: 28712K(29360K)->28712K(29360K) Class: 3779K(4224K)->3779K(4224K)
[1070.109s][info][gc             ] GC(2797) Pause Young (Allocation Failure) 1594M->1138M(1959M) 68.519ms
[1070.109s][info][gc,cpu         ] GC(2797) User=0.38s Sys=0.00s Real=0.07s
[1070.487s][info][gc,start       ] GC(2798) Pause Young (Allocation Failure)
[1070.546s][info][gc,heap        ] GC(2798) PSYoungGen: 602080K->55136K(611328K)
[1070.547s][info][gc,heap        ] GC(2798) PSOldGen: 1087230K->1123926K(1398272K)
[1070.547s][info][gc,metaspace   ] GC(2798) Metaspace: 32492K(33584K)->32492K(33584K) NonClass: 28712K(29360K)->28712K(29360K) Class: 3779K(4224K)->3779K(4224K)
[1070.547s][info][gc             ] GC(2798) Pause Young (Allocation Failure) 1649M->1151M(1962M) 59.965ms
[1070.547s][info][gc,cpu         ] GC(2798) User=0.38s Sys=0.00s Real=0.06s
[1070.947s][info][gc,start       ] GC(2799) Pause Young (Allocation Failure)
[1071.007s][info][gc,heap        ] GC(2799) PSYoungGen: 578912K->70592K(611840K)
[1071.007s][info][gc,heap        ] GC(2799) PSOldGen: 1123926K->1154726K(1398272K)
[1071.007s][info][gc,metaspace   ] GC(2799) Metaspace: 32492K(33584K)->32492K(33584K) NonClass: 28712K(29360K)->28712K(29360K) Class: 3779K(4224K)->3779K(4224K)
[1071.007s][info][gc             ] GC(2799) Pause Young (Allocation Failure) 1662M->1196M(1963M) 59.749ms
[1071.007s][info][gc,cpu         ] GC(2799) User=0.28s Sys=0.00s Real=0.06s
[1071.148s][info][gc,start       ] GC(2800) Pause Young (Allocation Failure)
[1071.217s][info][gc,heap        ] GC(2800) PSYoungGen: 595392K->73856K(599040K)
[1071.217s][info][gc,heap        ] GC(2800) PSOldGen: 1154726K->1209170K(1398272K)
[1071.217s][info][gc,metaspace   ] GC(2800) Metaspace: 32492K(33584K)->32492K(33584K) NonClass: 28712K(29360K)->28712K(29360K) Class: 3779K(4224K)->3779K(4224K)
[1071.217s][info][gc             ] GC(2800) Pause Young (Allocation Failure) 1709M->1252M(1950M) 69.119ms
[1071.217s][info][gc,cpu         ] GC(2800) User=0.45s Sys=0.00s Real=0.07s
[1071.788s][info][gc,start       ] GC(2801) Pause Young (System.gc())
[1071.846s][info][gc,heap        ] GC(2801) PSYoungGen: 521853K->35680K(604672K)
[1071.846s][info][gc,heap        ] GC(2801) PSOldGen: 1209170K->1241410K(1398272K)
[1071.846s][info][gc,metaspace   ] GC(2801) Metaspace: 32492K(33584K)->32492K(33584K) NonClass: 28712K(29360K)->28712K(29360K) Class: 3779K(4224K)->3779K(4224K)
[1071.846s][info][gc             ] GC(2801) Pause Young (System.gc()) 1690M->1247M(1956M) 58.669ms
[1071.846s][info][gc,cpu         ] GC(2801) User=0.36s Sys=0.00s Real=0.06s
[1071.846s][info][gc,start       ] GC(2802) Pause Full (System.gc())
[1071.847s][info][gc,phases,start] GC(2802) Phase 1: Mark live objects
[1071.963s][info][gc,phases      ] GC(2802) Phase 1: Mark live objects 116.898ms
[1071.964s][info][gc,phases,start] GC(2802) Phase 2: Compute new object addresses
[1072.142s][info][gc,phases      ] GC(2802) Phase 2: Compute new object addresses 178.119ms
[1072.142s][info][gc,phases,start] GC(2802) Phase 3: Adjust pointers
[1072.221s][info][gc,phases      ] GC(2802) Phase 3: Adjust pointers 79.620ms
[1072.221s][info][gc,phases,start] GC(2802) Phase 4: Move objects
[1072.244s][info][gc,phases      ] GC(2802) Phase 4: Move objects 23.003ms
[1072.245s][info][gc,heap        ] GC(2802) PSYoungGen: 35680K->0K(604672K)
[1072.245s][info][gc,heap        ] GC(2802) PSOldGen: 1241410K->104710K(1398272K)
[1072.245s][info][gc,metaspace   ] GC(2802) Metaspace: 32492K(33584K)->32492K(33584K) NonClass: 28712K(29360K)->28712K(29360K) Class: 3779K(4224K)->3779K(4224K)
[1072.245s][info][gc             ] GC(2802) Pause Full (System.gc()) 1247M->102M(1956M) 398.453ms
[1072.245s][info][gc,cpu         ] GC(2802) User=0.41s Sys=0.00s Real=0.40s
[1072.488s][info][gc,start       ] GC(2803) Pause Young (Allocation Failure)
[1072.531s][info][gc,heap        ] GC(2803) PSYoungGen: 516608K->80064K(596992K)
[1072.531s][info][gc,heap        ] GC(2803) PSOldGen: 104710K->104710K(1398272K)
[1072.531s][info][gc,metaspace   ] GC(2803) Metaspace: 32492K(33584K)->32492K(33584K) NonClass: 28712K(29360K)->28712K(29360K) Class: 3779K(4224K)->3779K(4224K)
[1072.531s][info][gc             ] GC(2803) Pause Young (Allocation Failure) 606M->180M(1948M) 43.441ms
[1072.531s][info][gc,cpu         ] GC(2803) User=0.28s Sys=0.00s Real=0.05s
[1072.671s][info][gc,start       ] GC(2804) Pause Young (Allocation Failure)
[1072.754s][info][gc,heap        ] GC(2804) PSYoungGen: 596672K->75520K(602112K)
[1072.754s][info][gc,heap        ] GC(2804) PSOldGen: 104710K->168467K(1398272K)
[1072.754s][info][gc,metaspace   ] GC(2804) Metaspace: 32492K(33584K)->32492K(33584K) NonClass: 28712K(29360K)->28712K(29360K) Class: 3779K(4224K)->3779K(4224K)
[1072.754s][info][gc             ] GC(2804) Pause Young (Allocation Failure) 684M->238M(1953M) 83.322ms
[1072.754s][info][gc,cpu         ] GC(2804) User=0.39s Sys=0.00s Real=0.08s
[1073.436s][info][gc,start       ] GC(2805) Pause Young (Allocation Failure)
[1073.509s][info][gc,heap        ] GC(2805) PSYoungGen: 582912K->55712K(603136K)
[1073.509s][info][gc,heap        ] GC(2805) PSOldGen: 168467K->200043K(1398272K)
[1073.509s][info][gc,metaspace   ] GC(2805) Metaspace: 32492K(33584K)->32492K(33584K) NonClass: 28712K(29360K)->28712K(29360K) Class: 3779K(4224K)->3779K(4224K)
[1073.509s][info][gc             ] GC(2805) Pause Young (Allocation Failure) 733M->249M(1954M) 73.077ms
[1073.509s][info][gc,cpu         ] GC(2805) User=0.42s Sys=0.00s Real=0.07s
[1073.643s][info][gc,start       ] GC(2806) Pause Young (Allocation Failure)
[1073.705s][info][gc,heap        ] GC(2806) PSYoungGen: 563104K->69152K(605696K)
[1073.706s][info][gc,heap        ] GC(2806) PSOldGen: 200043K->245659K(1398272K)
[1073.706s][info][gc,metaspace   ] GC(2806) Metaspace: 32492K(33584K)->32492K(33584K) NonClass: 28712K(29360K)->28712K(29360K) Class: 3779K(4224K)->3779K(4224K)
[1073.706s][info][gc             ] GC(2806) Pause Young (Allocation Failure) 745M->307M(1957M) 62.617ms
[1073.706s][info][gc,cpu         ] GC(2806) User=0.36s Sys=0.00s Real=0.06s
[1073.848s][info][gc,start       ] GC(2807) Pause Young (Allocation Failure)
[1073.916s][info][gc,heap        ] GC(2807) PSYoungGen: 580640K->71872K(604672K)
[1073.916s][info][gc,heap        ] GC(2807) PSOldGen: 245659K->298019K(1398272K)
[1073.916s][info][gc,metaspace   ] GC(2807) Metaspace: 32492K(33584K)->32492K(33584K) NonClass: 28712K(29360K)->28712K(29360K) Class: 3779K(4224K)->3779K(4224K)
[1073.916s][info][gc             ] GC(2807) Pause Young (Allocation Failure) 806M->361M(1956M) 68.016ms
[1073.916s][info][gc,cpu         ] GC(2807) User=0.45s Sys=0.02s Real=0.07s
[1074.548s][info][gc,start       ] GC(2808) Pause Young (Allocation Failure)
[1074.604s][info][gc,heap        ] GC(2808) PSYoungGen: 583360K->55808K(607232K)
[1074.604s][info][gc,heap        ] GC(2808) PSOldGen: 298019K->329483K(1398272K)
[1074.604s][info][gc,metaspace   ] GC(2808) Metaspace: 32492K(33584K)->32492K(33584K) NonClass: 28713K(29360K)->28713K(29360K) Class: 3779K(4224K)->3779K(4224K)
[1074.604s][info][gc             ] GC(2808) Pause Young (Allocation Failure) 860M->376M(1958M) 56.136ms
[1074.604s][info][gc,cpu         ] GC(2808) User=0.36s Sys=0.00s Real=0.07s
[1074.754s][info][gc,start       ] GC(2809) Pause Young (Allocation Failure)
[1074.820s][info][gc,heap        ] GC(2809) PSYoungGen: 570368K->80096K(594944K)
[1074.821s][info][gc,heap        ] GC(2809) PSOldGen: 329483K->370160K(1398272K)
[1074.821s][info][gc,metaspace   ] GC(2809) Metaspace: 32492K(33584K)->32492K(33584K) NonClass: 28713K(29360K)->28713K(29360K) Class: 3779K(4224K)->3779K(4224K)
[1074.821s][info][gc             ] GC(2809) Pause Young (Allocation Failure) 878M->439M(1946M) 66.670ms
[1074.821s][info][gc,cpu         ] GC(2809) User=0.38s Sys=0.00s Real=0.07s
[1075.092s][info][gc,start       ] GC(2810) Pause Young (Allocation Failure)
[1075.161s][info][gc,heap        ] GC(2810) PSYoungGen: 594656K->63360K(606208K)
[1075.161s][info][gc,heap        ] GC(2810) PSOldGen: 370160K->407744K(1398272K)
[1075.161s][info][gc,metaspace   ] GC(2810) Metaspace: 32492K(33584K)->32492K(33584K) NonClass: 28713K(29360K)->28713K(29360K) Class: 3779K(4224K)->3779K(4224K)
[1075.161s][info][gc             ] GC(2810) Pause Young (Allocation Failure) 942M->460M(1957M) 69.660ms
[1075.161s][info][gc,cpu         ] GC(2810) User=0.36s Sys=0.00s Real=0.07s
[1075.596s][info][gc,start       ] GC(2811) Pause Young (Allocation Failure)
[1075.652s][info][gc,heap        ] GC(2811) PSYoungGen: 574848K->62688K(604160K)
[1075.652s][info][gc,heap        ] GC(2811) PSOldGen: 407744K->442504K(1398272K)
[1075.652s][info][gc,metaspace   ] GC(2811) Metaspace: 32492K(33584K)->32492K(33584K) NonClass: 28713K(29360K)->28713K(29360K) Class: 3779K(4224K)->3779K(4224K)
[1075.652s][info][gc             ] GC(2811) Pause Young (Allocation Failure) 959M->493M(1955M) 56.854ms
[1075.652s][info][gc,cpu         ] GC(2811) User=0.38s Sys=0.00s Real=0.06s
[1075.803s][info][gc,start       ] GC(2812) Pause Young (Allocation Failure)
[1075.871s][info][gc,heap        ] GC(2812) PSYoungGen: 574176K->79264K(603136K)
[1075.871s][info][gc,heap        ] GC(2812) PSOldGen: 442504K->486632K(1398272K)
[1075.871s][info][gc,metaspace   ] GC(2812) Metaspace: 32492K(33584K)->32492K(33584K) NonClass: 28713K(29360K)->28713K(29360K) Class: 3779K(4224K)->3779K(4224K)
[1075.871s][info][gc             ] GC(2812) Pause Young (Allocation Failure) 992M->552M(1954M) 68.556ms
[1075.871s][info][gc,cpu         ] GC(2812) User=0.47s Sys=0.00s Real=0.07s
[1076.244s][info][gc,start       ] GC(2813) Pause Young (Allocation Failure)
[1076.306s][info][gc,heap        ] GC(2813) PSYoungGen: 591776K->51840K(605696K)
[1076.306s][info][gc,heap        ] GC(2813) PSOldGen: 486632K->521048K(1398272K)
[1076.306s][info][gc,metaspace   ] GC(2813) Metaspace: 32492K(33584K)->32492K(33584K) NonClass: 28713K(29360K)->28713K(29360K) Class: 3779K(4224K)->3779K(4224K)
[1076.306s][info][gc             ] GC(2813) Pause Young (Allocation Failure) 1053M->559M(1957M) 61.621ms
[1076.306s][info][gc,cpu         ] GC(2813) User=0.34s Sys=0.00s Real=0.07s
[1076.655s][info][gc,start       ] GC(2814) Pause Young (Allocation Failure)
[1076.710s][info][gc,heap        ] GC(2814) PSYoungGen: 564352K->65728K(608768K)
[1076.710s][info][gc,heap        ] GC(2814) PSOldGen: 521048K->551424K(1398272K)
[1076.710s][info][gc,metaspace   ] GC(2814) Metaspace: 32492K(33584K)->32492K(33584K) NonClass: 28713K(29360K)->28713K(29360K) Class: 3779K(4224K)->3779K(4224K)
[1076.710s][info][gc             ] GC(2814) Pause Young (Allocation Failure) 1059M->602M(1960M) 55.342ms
[1076.710s][info][gc,cpu         ] GC(2814) User=0.25s Sys=0.00s Real=0.05s
[1076.846s][info][gc,start       ] GC(2815) Pause Young (Allocation Failure)
[1076.912s][info][gc,heap        ] GC(2815) PSYoungGen: 581312K->73088K(605696K)
[1076.912s][info][gc,heap        ] GC(2815) PSOldGen: 551424K->603424K(1398272K)
[1076.912s][info][gc,metaspace   ] GC(2815) Metaspace: 32492K(33584K)->32492K(33584K) NonClass: 28713K(29360K)->28713K(29360K) Class: 3779K(4224K)->3779K(4224K)
[1076.912s][info][gc             ] GC(2815) Pause Young (Allocation Failure) 1106M->660M(1957M) 65.447ms
[1076.912s][info][gc,cpu         ] GC(2815) User=0.34s Sys=0.00s Real=0.06s
[1077.601s][info][gc,start       ] GC(2816) Pause Young (Allocation Failure)
[1077.649s][info][gc,heap        ] GC(2816) PSYoungGen: 588672K->39136K(604160K)
[1077.649s][info][gc,heap        ] GC(2816) PSOldGen: 603424K->635144K(1398272K)
[1077.649s][info][gc,metaspace   ] GC(2816) Metaspace: 32492K(33584K)->32492K(33584K) NonClass: 28713K(29360K)->28713K(29360K) Class: 3779K(4224K)->3779K(4224K)
[1077.649s][info][gc             ] GC(2816) Pause Young (Allocation Failure) 1164M->658M(1955M) 48.524ms
[1077.649s][info][gc,cpu         ] GC(2816) User=0.36s Sys=0.00s Real=0.06s
[1077.821s][info][gc,start       ] GC(2817) Pause Young (Allocation Failure)
[1077.885s][info][gc,heap        ] GC(2817) PSYoungGen: 552672K->67136K(606208K)
[1077.885s][info][gc,heap        ] GC(2817) PSOldGen: 635144K->669489K(1398272K)
[1077.885s][info][gc,metaspace   ] GC(2817) Metaspace: 32492K(33584K)->32492K(33584K) NonClass: 28713K(29360K)->28713K(29360K) Class: 3779K(4224K)->3779K(4224K)
[1077.885s][info][gc             ] GC(2817) Pause Young (Allocation Failure) 1159M->719M(1957M) 64.567ms
[1077.885s][info][gc,cpu         ] GC(2817) User=0.38s Sys=0.00s Real=0.07s
[1078.029s][info][gc,start       ] GC(2818) Pause Young (Allocation Failure)
[1078.095s][info][gc,heap        ] GC(2818) PSYoungGen: 580672K->75936K(603648K)
[1078.095s][info][gc,heap        ] GC(2818) PSOldGen: 669489K->718673K(1398272K)
[1078.095s][info][gc,metaspace   ] GC(2818) Metaspace: 32492K(33584K)->32492K(33584K) NonClass: 28713K(29360K)->28713K(29360K) Class: 3779K(4224K)->3779K(4224K)
[1078.095s][info][gc             ] GC(2818) Pause Young (Allocation Failure) 1220M->775M(1955M) 65.748ms
[1078.095s][info][gc,cpu         ] GC(2818) User=0.38s Sys=0.00s Real=0.07s
[1078.716s][info][gc,start       ] GC(2819) Pause Young (Allocation Failure)
[1078.767s][info][gc,heap        ] GC(2819) PSYoungGen: 588448K->42784K(555520K)
[1078.767s][info][gc,heap        ] GC(2819) PSOldGen: 718673K->750505K(1398272K)
[1078.767s][info][gc,metaspace   ] GC(2819) Metaspace: 32492K(33584K)->32492K(33584K) NonClass: 28713K(29360K)->28713K(29360K) Class: 3779K(4224K)->3779K(4224K)
[1078.767s][info][gc             ] GC(2819) Pause Young (Allocation Failure) 1276M->774M(1908M) 50.518ms
[1078.767s][info][gc,cpu         ] GC(2819) User=0.23s Sys=0.00s Real=0.05s
[1078.900s][info][gc,start       ] GC(2820) Pause Young (Allocation Failure)
[1078.961s][info][gc,heap        ] GC(2820) PSYoungGen: 555296K->66464K(606720K)
[1078.961s][info][gc,heap        ] GC(2820) PSOldGen: 750505K->788745K(1398272K)
[1078.961s][info][gc,metaspace   ] GC(2820) Metaspace: 32492K(33584K)->32492K(33584K) NonClass: 28713K(29360K)->28713K(29360K) Class: 3779K(4224K)->3779K(4224K)
[1078.961s][info][gc             ] GC(2820) Pause Young (Allocation Failure) 1275M->835M(1958M) 61.463ms
[1078.961s][info][gc,cpu         ] GC(2820) User=0.28s Sys=0.00s Real=0.06s
[1079.106s][info][gc,start       ] GC(2821) Pause Young (Allocation Failure)
[1079.176s][info][gc,heap        ] GC(2821) PSYoungGen: 578976K->78176K(590848K)
[1079.176s][info][gc,heap        ] GC(2821) PSOldGen: 788745K->837945K(1398272K)
[1079.176s][info][gc,metaspace   ] GC(2821) Metaspace: 32492K(33584K)->32492K(33584K) NonClass: 28713K(29360K)->28713K(29360K) Class: 3779K(4224K)->3779K(4224K)
[1079.176s][info][gc             ] GC(2821) Pause Young (Allocation Failure) 1335M->894M(1942M) 70.444ms
[1079.176s][info][gc,cpu         ] GC(2821) User=0.38s Sys=0.00s Real=0.07s
[1079.819s][info][gc,start       ] GC(2822) Pause Young (Allocation Failure)
[1079.871s][info][gc,heap        ] GC(2822) PSYoungGen: 590688K->47904K(604160K)
[1079.871s][info][gc,heap        ] GC(2822) PSOldGen: 837945K->870329K(1398272K)
[1079.871s][info][gc,metaspace   ] GC(2822) Metaspace: 32492K(33584K)->32492K(33584K) NonClass: 28713K(29360K)->28713K(29360K) Class: 3779K(4224K)->3779K(4224K)
[1079.871s][info][gc             ] GC(2822) Pause Young (Allocation Failure) 1395M->896M(1955M) 51.972ms
[1079.871s][info][gc,cpu         ] GC(2822) User=0.38s Sys=0.00s Real=0.06s
[1080.017s][info][gc,start       ] GC(2823) Pause Young (Allocation Failure)
[1080.079s][info][gc,heap        ] GC(2823) PSYoungGen: 557344K->73056K(582656K)
[1080.079s][info][gc,heap        ] GC(2823) PSOldGen: 870329K->908866K(1398272K)
[1080.079s][info][gc,metaspace   ] GC(2823) Metaspace: 32492K(33584K)->32492K(33584K) NonClass: 28713K(29360K)->28713K(29360K) Class: 3779K(4224K)->3779K(4224K)
[1080.079s][info][gc             ] GC(2823) Pause Young (Allocation Failure) 1394M->958M(1934M) 62.302ms
[1080.079s][info][gc,cpu         ] GC(2823) User=0.38s Sys=0.00s Real=0.06s
[1080.216s][info][gc,start       ] GC(2824) Pause Young (Allocation Failure)
[1080.289s][info][gc,heap        ] GC(2824) PSYoungGen: 582496K->69504K(604672K)
[1080.289s][info][gc,heap        ] GC(2824) PSOldGen: 908866K->968642K(1398272K)
[1080.289s][info][gc,metaspace   ] GC(2824) Metaspace: 32492K(33584K)->32492K(33584K) NonClass: 28713K(29360K)->28713K(29360K) Class: 3779K(4224K)->3779K(4224K)
[1080.289s][info][gc             ] GC(2824) Pause Young (Allocation Failure) 1456M->1013M(1956M) 73.286ms
[1080.289s][info][gc,cpu         ] GC(2824) User=0.36s Sys=0.00s Real=0.07s
[1080.939s][info][gc,start       ] GC(2825) Pause Young (Allocation Failure)
[1080.997s][info][gc,heap        ] GC(2825) PSYoungGen: 578944K->60320K(603648K)
[1080.997s][info][gc,heap        ] GC(2825) PSOldGen: 968642K->998978K(1398272K)
[1080.997s][info][gc,metaspace   ] GC(2825) Metaspace: 32492K(33584K)->32492K(33584K) NonClass: 28713K(29360K)->28713K(29360K) Class: 3779K(4224K)->3779K(4224K)
[1080.997s][info][gc             ] GC(2825) Pause Young (Allocation Failure) 1511M->1034M(1955M) 57.565ms
[1080.997s][info][gc,cpu         ] GC(2825) User=0.38s Sys=0.00s Real=0.06s
[1081.137s][info][gc,start       ] GC(2826) Pause Young (Allocation Failure)
[1081.201s][info][gc,heap        ] GC(2826) PSYoungGen: 569760K->63040K(609280K)
[1081.201s][info][gc,heap        ] GC(2826) PSOldGen: 998978K->1054610K(1398272K)
[1081.201s][info][gc,metaspace   ] GC(2826) Metaspace: 32492K(33584K)->32492K(33584K) NonClass: 28713K(29360K)->28713K(29360K) Class: 3779K(4224K)->3779K(4224K)
[1081.201s][info][gc             ] GC(2826) Pause Young (Allocation Failure) 1531M->1091M(1960M) 64.857ms
[1081.201s][info][gc,cpu         ] GC(2826) User=0.38s Sys=0.00s Real=0.07s
[1081.377s][info][gc,start       ] GC(2827) Pause Young (Allocation Failure)
[1081.441s][info][gc,heap        ] GC(2827) PSYoungGen: 580160K->72480K(606720K)
[1081.441s][info][gc,heap        ] GC(2827) PSOldGen: 1054610K->1093714K(1398272K)
[1081.441s][info][gc,metaspace   ] GC(2827) Metaspace: 32492K(33584K)->32492K(33584K) NonClass: 28713K(29360K)->28713K(29360K) Class: 3779K(4224K)->3779K(4224K)
[1081.441s][info][gc             ] GC(2827) Pause Young (Allocation Failure) 1596M->1138M(1958M) 64.661ms
[1081.441s][info][gc,cpu         ] GC(2827) User=0.36s Sys=0.00s Real=0.06s
[1081.911s][info][gc,start       ] GC(2828) Pause Young (Allocation Failure)
[1081.970s][info][gc,heap        ] GC(2828) PSYoungGen: 589600K->59968K(610304K)
[1081.970s][info][gc,heap        ] GC(2828) PSOldGen: 1093714K->1127914K(1398272K)
[1081.970s][info][gc,metaspace   ] GC(2828) Metaspace: 32492K(33584K)->32492K(33584K) NonClass: 28713K(29360K)->28713K(29360K) Class: 3779K(4224K)->3779K(4224K)
[1081.970s][info][gc             ] GC(2828) Pause Young (Allocation Failure) 1643M->1160M(1961M) 58.945ms
[1081.970s][info][gc,cpu         ] GC(2828) User=0.38s Sys=0.00s Real=0.06s
[1082.132s][info][gc,start       ] GC(2829) Pause Young (Allocation Failure)
[1082.218s][info][gc,heap        ] GC(2829) PSYoungGen: 580160K->85504K(605696K)
[1082.218s][info][gc,heap        ] GC(2829) PSOldGen: 1127914K->1169447K(1398272K)
[1082.218s][info][gc,metaspace   ] GC(2829) Metaspace: 32492K(33584K)->32492K(33584K) NonClass: 28713K(29360K)->28713K(29360K) Class: 3779K(4224K)->3779K(4224K)
[1082.218s][info][gc             ] GC(2829) Pause Young (Allocation Failure) 1668M->1225M(1957M) 86.531ms
[1082.218s][info][gc,cpu         ] GC(2829) User=0.48s Sys=0.00s Real=0.09s
[1082.622s][info][gc,start       ] GC(2830) Pause Young (Allocation Failure)
[1082.683s][info][gc,heap        ] GC(2830) PSYoungGen: 605696K->52224K(604672K)
[1082.683s][info][gc,heap        ] GC(2830) PSOldGen: 1169447K->1206487K(1398272K)
[1082.683s][info][gc,metaspace   ] GC(2830) Metaspace: 32492K(33584K)->32492K(33584K) NonClass: 28713K(29360K)->28713K(29360K) Class: 3779K(4224K)->3779K(4224K)
[1082.683s][info][gc             ] GC(2830) Pause Young (Allocation Failure) 1733M->1229M(1956M) 60.436ms
[1082.683s][info][gc,cpu         ] GC(2830) User=0.38s Sys=0.00s Real=0.07s
[1082.915s][info][gc,start       ] GC(2831) Pause Young (System.gc())
[1082.945s][info][gc,heap        ] GC(2831) PSYoungGen: 96563K->7168K(518656K)
[1082.945s][info][gc,heap        ] GC(2831) PSOldGen: 1206487K->1238895K(1398272K)
[1082.945s][info][gc,metaspace   ] GC(2831) Metaspace: 32498K(33584K)->32498K(33584K) NonClass: 28719K(29360K)->28719K(29360K) Class: 3779K(4224K)->3779K(4224K)
[1082.945s][info][gc             ] GC(2831) Pause Young (System.gc()) 1272M->1216M(1872M) 29.369ms
[1082.945s][info][gc,cpu         ] GC(2831) User=0.09s Sys=0.00s Real=0.04s
[1082.945s][info][gc,start       ] GC(2832) Pause Full (System.gc())
[1082.945s][info][gc,phases,start] GC(2832) Phase 1: Mark live objects
[1083.059s][info][gc,phases      ] GC(2832) Phase 1: Mark live objects 114.430ms
[1083.060s][info][gc,phases,start] GC(2832) Phase 2: Compute new object addresses
[1083.232s][info][gc,phases      ] GC(2832) Phase 2: Compute new object addresses 172.588ms
[1083.232s][info][gc,phases,start] GC(2832) Phase 3: Adjust pointers
[1083.315s][info][gc,phases      ] GC(2832) Phase 3: Adjust pointers 82.731ms
[1083.315s][info][gc,phases,start] GC(2832) Phase 4: Move objects
[1083.338s][info][gc,phases      ] GC(2832) Phase 4: Move objects 22.954ms
[1083.338s][info][gc,heap        ] GC(2832) PSYoungGen: 7168K->0K(518656K)
[1083.338s][info][gc,heap        ] GC(2832) PSOldGen: 1238895K->104600K(1398272K)
[1083.338s][info][gc,metaspace   ] GC(2832) Metaspace: 32498K(33584K)->32498K(33584K) NonClass: 28719K(29360K)->28719K(29360K) Class: 3779K(4224K)->3779K(4224K)
[1083.338s][info][gc             ] GC(2832) Pause Full (System.gc()) 1216M->102M(1872M) 393.485ms
[1083.338s][info][gc,cpu         ] GC(2832) User=0.41s Sys=0.00s Real=0.39s
[1083.576s][info][gc,start       ] GC(2833) Pause Young (Allocation Failure)
[1083.619s][info][gc,heap        ] GC(2833) PSYoungGen: 511488K->80032K(591360K)
[1083.619s][info][gc,heap        ] GC(2833) PSOldGen: 104600K->104600K(1398272K)
[1083.619s][info][gc,metaspace   ] GC(2833) Metaspace: 32506K(33584K)->32506K(33584K) NonClass: 28726K(29360K)->28726K(29360K) Class: 3779K(4224K)->3779K(4224K)
[1083.619s][info][gc             ] GC(2833) Pause Young (Allocation Failure) 601M->180M(1943M) 43.079ms
[1083.619s][info][gc,cpu         ] GC(2833) User=0.28s Sys=0.00s Real=0.05s
[1083.748s][info][gc,start       ] GC(2834) Pause Young (Allocation Failure)
[1083.834s][info][gc,heap        ] GC(2834) PSYoungGen: 571040K->69408K(594944K)
[1083.834s][info][gc,heap        ] GC(2834) PSOldGen: 104600K->172020K(1398272K)
[1083.834s][info][gc,metaspace   ] GC(2834) Metaspace: 32506K(33584K)->32506K(33584K) NonClass: 28726K(29360K)->28726K(29360K) Class: 3779K(4224K)->3779K(4224K)
[1083.834s][info][gc             ] GC(2834) Pause Young (Allocation Failure) 659M->235M(1946M) 85.291ms
[1083.834s][info][gc,cpu         ] GC(2834) User=0.47s Sys=0.00s Real=0.09s
[1084.644s][info][gc,start       ] GC(2835) Pause Young (Allocation Failure)
[1084.709s][info][gc,heap        ] GC(2835) PSYoungGen: 560416K->51872K(598528K)
[1084.709s][info][gc,heap        ] GC(2835) PSOldGen: 172020K->201228K(1398272K)
[1084.709s][info][gc,metaspace   ] GC(2835) Metaspace: 32506K(33584K)->32506K(33584K) NonClass: 28726K(29360K)->28726K(29360K) Class: 3779K(4224K)->3779K(4224K)
[1084.709s][info][gc             ] GC(2835) Pause Young (Allocation Failure) 715M->247M(1950M) 65.129ms
[1084.709s][info][gc,cpu         ] GC(2835) User=0.38s Sys=0.00s Real=0.06s
[1084.830s][info][gc,start       ] GC(2836) Pause Young (Allocation Failure)
[1084.897s][info][gc,heap        ] GC(2836) PSYoungGen: 547488K->65664K(595968K)
[1084.897s][info][gc,heap        ] GC(2836) PSOldGen: 201228K->244105K(1398272K)
[1084.897s][info][gc,metaspace   ] GC(2836) Metaspace: 32506K(33584K)->32506K(33584K) NonClass: 28726K(29360K)->28726K(29360K) Class: 3779K(4224K)->3779K(4224K)
[1084.897s][info][gc             ] GC(2836) Pause Young (Allocation Failure) 731M->302M(1947M) 66.287ms
[1084.897s][info][gc,cpu         ] GC(2836) User=0.36s Sys=0.00s Real=0.07s
[1085.035s][info][gc,start       ] GC(2837) Pause Young (Allocation Failure)
[1085.111s][info][gc,heap        ] GC(2837) PSYoungGen: 561280K->74784K(598528K)
[1085.112s][info][gc,heap        ] GC(2837) PSOldGen: 244105K->293705K(1398272K)
[1085.112s][info][gc,metaspace   ] GC(2837) Metaspace: 32506K(33584K)->32506K(33584K) NonClass: 28726K(29360K)->28726K(29360K) Class: 3779K(4224K)->3779K(4224K)
[1085.112s][info][gc             ] GC(2837) Pause Young (Allocation Failure) 786M->359M(1950M) 76.287ms
[1085.112s][info][gc,cpu         ] GC(2837) User=0.45s Sys=0.00s Real=0.08s
[1085.795s][info][gc,start       ] GC(2838) Pause Young (Allocation Failure)
[1085.848s][info][gc,heap        ] GC(2838) PSYoungGen: 575008K->51424K(599552K)
[1085.848s][info][gc,heap        ] GC(2838) PSOldGen: 293705K->324657K(1398272K)
[1085.848s][info][gc,metaspace   ] GC(2838) Metaspace: 32506K(33584K)->32506K(33584K) NonClass: 28726K(29360K)->28726K(29360K) Class: 3779K(4224K)->3779K(4224K)
[1085.848s][info][gc             ] GC(2838) Pause Young (Allocation Failure) 848M->367M(1951M) 52.880ms
[1085.848s][info][gc,cpu         ] GC(2838) User=0.27s Sys=0.02s Real=0.06s
[1085.976s][info][gc,start       ] GC(2839) Pause Young (Allocation Failure)
[1086.035s][info][gc,heap        ] GC(2839) PSYoungGen: 551648K->67648K(602624K)
[1086.035s][info][gc,heap        ] GC(2839) PSOldGen: 324657K->366677K(1398272K)
[1086.035s][info][gc,metaspace   ] GC(2839) Metaspace: 32506K(33584K)->32506K(33584K) NonClass: 28726K(29360K)->28726K(29360K) Class: 3779K(4224K)->3779K(4224K)
[1086.035s][info][gc             ] GC(2839) Pause Young (Allocation Failure) 855M->424M(1954M) 59.281ms
[1086.035s][info][gc,cpu         ] GC(2839) User=0.38s Sys=0.00s Real=0.06s
[1086.166s][info][gc,start       ] GC(2840) Pause Young (Allocation Failure)
[1086.241s][info][gc,heap        ] GC(2840) PSYoungGen: 572480K->69792K(601088K)
[1086.241s][info][gc,heap        ] GC(2840) PSOldGen: 366677K->420997K(1398272K)
[1086.241s][info][gc,metaspace   ] GC(2840) Metaspace: 32506K(33584K)->32506K(33584K) NonClass: 28726K(29360K)->28726K(29360K) Class: 3779K(4224K)->3779K(4224K)
[1086.241s][info][gc             ] GC(2840) Pause Young (Allocation Failure) 917M->479M(1952M) 74.987ms
[1086.241s][info][gc,cpu         ] GC(2840) User=0.36s Sys=0.00s Real=0.08s
[1086.872s][info][gc,start       ] GC(2841) Pause Young (Allocation Failure)
[1086.926s][info][gc,heap        ] GC(2841) PSYoungGen: 574624K->54656K(604672K)
[1086.926s][info][gc,heap        ] GC(2841) PSOldGen: 420997K->450501K(1398272K)
[1086.926s][info][gc,metaspace   ] GC(2841) Metaspace: 32506K(33584K)->32506K(33584K) NonClass: 28726K(29360K)->28726K(29360K) Class: 3779K(4224K)->3779K(4224K)
[1086.926s][info][gc             ] GC(2841) Pause Young (Allocation Failure) 972M->493M(1956M) 54.134ms
[1086.926s][info][gc,cpu         ] GC(2841) User=0.27s Sys=0.00s Real=0.07s
[1087.078s][info][gc,start       ] GC(2842) Pause Young (Allocation Failure)
[1087.142s][info][gc,heap        ] GC(2842) PSYoungGen: 563584K->77696K(586752K)
[1087.142s][info][gc,heap        ] GC(2842) PSOldGen: 450501K->491806K(1398272K)
[1087.142s][info][gc,metaspace   ] GC(2842) Metaspace: 32506K(33584K)->32506K(33584K) NonClass: 28726K(29360K)->28726K(29360K) Class: 3779K(4224K)->3779K(4224K)
[1087.142s][info][gc             ] GC(2842) Pause Young (Allocation Failure) 990M->556M(1938M) 64.555ms
[1087.142s][info][gc,cpu         ] GC(2842) User=0.38s Sys=0.00s Real=0.07s
[1087.314s][info][gc,start       ] GC(2843) Pause Young (Allocation Failure)
[1087.390s][info][gc,heap        ] GC(2843) PSYoungGen: 586624K->70208K(603136K)
[1087.390s][info][gc,heap        ] GC(2843) PSOldGen: 491806K->536030K(1398272K)
[1087.390s][info][gc,metaspace   ] GC(2843) Metaspace: 32506K(33584K)->32506K(33584K) NonClass: 28726K(29360K)->28726K(29360K) Class: 3779K(4224K)->3779K(4224K)
[1087.390s][info][gc             ] GC(2843) Pause Young (Allocation Failure) 1053M->592M(1954M) 75.728ms
[1087.390s][info][gc,cpu         ] GC(2843) User=0.44s Sys=0.00s Real=0.08s
[1087.935s][info][gc,start       ] GC(2844) Pause Young (Allocation Failure)
[1087.993s][info][gc,heap        ] GC(2844) PSYoungGen: 576576K->58592K(602112K)
[1087.993s][info][gc,heap        ] GC(2844) PSOldGen: 536030K->569446K(1398272K)
[1087.993s][info][gc,metaspace   ] GC(2844) Metaspace: 32506K(33584K)->32506K(33584K) NonClass: 28726K(29360K)->28726K(29360K) Class: 3779K(4224K)->3779K(4224K)
[1087.993s][info][gc             ] GC(2844) Pause Young (Allocation Failure) 1086M->613M(1953M) 58.110ms
[1087.993s][info][gc,cpu         ] GC(2844) User=0.36s Sys=0.02s Real=0.06s
[1088.127s][info][gc,start       ] GC(2845) Pause Young (Allocation Failure)
[1088.190s][info][gc,heap        ] GC(2845) PSYoungGen: 564960K->72160K(605184K)
[1088.190s][info][gc,heap        ] GC(2845) PSOldGen: 569446K->614002K(1398272K)
[1088.190s][info][gc,metaspace   ] GC(2845) Metaspace: 32506K(33584K)->32506K(33584K) NonClass: 28726K(29360K)->28726K(29360K) Class: 3779K(4224K)->3779K(4224K)
[1088.190s][info][gc             ] GC(2845) Pause Young (Allocation Failure) 1107M->670M(1956M) 62.563ms
[1088.190s][info][gc,cpu         ] GC(2845) User=0.38s Sys=0.00s Real=0.06s
[1088.471s][info][gc,start       ] GC(2846) Pause Young (Allocation Failure)
[1088.535s][info][gc,heap        ] GC(2846) PSYoungGen: 583648K->61504K(605184K)
[1088.535s][info][gc,heap        ] GC(2846) PSOldGen: 614002K->652050K(1398272K)
[1088.535s][info][gc,metaspace   ] GC(2846) Metaspace: 32506K(33584K)->32506K(33584K) NonClass: 28726K(29360K)->28726K(29360K) Class: 3779K(4224K)->3779K(4224K)
[1088.535s][info][gc             ] GC(2846) Pause Young (Allocation Failure) 1169M->696M(1956M) 63.369ms
[1088.535s][info][gc,cpu         ] GC(2846) User=0.38s Sys=0.00s Real=0.07s
[1089.053s][info][gc,start       ] GC(2847) Pause Young (Allocation Failure)
[1089.113s][info][gc,heap        ] GC(2847) PSYoungGen: 572992K->69792K(608256K)
[1089.113s][info][gc,heap        ] GC(2847) PSOldGen: 652050K->684074K(1398272K)
[1089.113s][info][gc,metaspace   ] GC(2847) Metaspace: 32506K(33584K)->32506K(33584K) NonClass: 28726K(29360K)->28726K(29360K) Class: 3779K(4224K)->3779K(4224K)
[1089.113s][info][gc             ] GC(2847) Pause Young (Allocation Failure) 1196M->736M(1959M) 60.353ms
[1089.113s][info][gc,cpu         ] GC(2847) User=0.38s Sys=0.00s Real=0.06s
[1089.249s][info][gc,start       ] GC(2848) Pause Young (Allocation Failure)
[1089.323s][info][gc,heap        ] GC(2848) PSYoungGen: 586912K->71840K(607744K)
[1089.323s][info][gc,heap        ] GC(2848) PSOldGen: 684074K->740547K(1398272K)
[1089.323s][info][gc,metaspace   ] GC(2848) Metaspace: 32506K(33584K)->32506K(33584K) NonClass: 28726K(29360K)->28726K(29360K) Class: 3779K(4224K)->3779K(4224K)
[1089.323s][info][gc             ] GC(2848) Pause Young (Allocation Failure) 1241M->793M(1959M) 73.860ms
[1089.323s][info][gc,cpu         ] GC(2848) User=0.34s Sys=0.00s Real=0.08s
[1090.083s][info][gc,start       ] GC(2849) Pause Young (Allocation Failure)
[1090.135s][info][gc,heap        ] GC(2849) PSYoungGen: 588960K->40032K(604160K)
[1090.135s][info][gc,heap        ] GC(2849) PSOldGen: 740547K->771971K(1398272K)
[1090.135s][info][gc,metaspace   ] GC(2849) Metaspace: 32506K(33584K)->32506K(33584K) NonClass: 28726K(29360K)->28726K(29360K) Class: 3779K(4224K)->3779K(4224K)
[1090.135s][info][gc             ] GC(2849) Pause Young (Allocation Failure) 1298M->792M(1955M) 51.661ms
[1090.135s][info][gc,cpu         ] GC(2849) User=0.38s Sys=0.00s Real=0.05s
[1090.268s][info][gc,start       ] GC(2850) Pause Young (Allocation Failure)
[1090.329s][info][gc,heap        ] GC(2850) PSYoungGen: 553568K->65632K(606208K)
[1090.329s][info][gc,heap        ] GC(2850) PSOldGen: 771971K->809639K(1398272K)
[1090.329s][info][gc,metaspace   ] GC(2850) Metaspace: 32506K(33584K)->32506K(33584K) NonClass: 28726K(29360K)->28726K(29360K) Class: 3779K(4224K)->3779K(4224K)
[1090.329s][info][gc             ] GC(2850) Pause Young (Allocation Failure) 1294M->854M(1957M) 60.859ms
[1090.329s][info][gc,cpu         ] GC(2850) User=0.33s Sys=0.00s Real=0.06s
[1090.465s][info][gc,start       ] GC(2851) Pause Young (Allocation Failure)
[1090.530s][info][gc,heap        ] GC(2851) PSYoungGen: 579168K->69920K(608768K)
[1090.530s][info][gc,heap        ] GC(2851) PSOldGen: 809639K->862047K(1398272K)
[1090.530s][info][gc,metaspace   ] GC(2851) Metaspace: 32506K(33584K)->32506K(33584K) NonClass: 28726K(29360K)->28726K(29360K) Class: 3779K(4224K)->3779K(4224K)
[1090.530s][info][gc             ] GC(2851) Pause Young (Allocation Failure) 1356M->910M(1960M) 64.877ms
[1090.530s][info][gc,cpu         ] GC(2851) User=0.38s Sys=0.00s Real=0.07s
[1091.257s][info][gc,start       ] GC(2852) Pause Young (Allocation Failure)
[1091.312s][info][gc,heap        ] GC(2852) PSYoungGen: 588064K->44288K(562688K)
[1091.312s][info][gc,heap        ] GC(2852) PSOldGen: 862047K->893279K(1398272K)
[1091.312s][info][gc,metaspace   ] GC(2852) Metaspace: 32506K(33584K)->32506K(33584K) NonClass: 28726K(29360K)->28726K(29360K) Class: 3779K(4224K)->3779K(4224K)
[1091.312s][info][gc             ] GC(2852) Pause Young (Allocation Failure) 1416M->915M(1915M) 55.093ms
[1091.312s][info][gc,cpu         ] GC(2852) User=0.34s Sys=0.00s Real=0.06s
[1091.460s][info][gc,start       ] GC(2853) Pause Young (Allocation Failure)
[1091.522s][info][gc,heap        ] GC(2853) PSYoungGen: 562432K->70144K(607744K)
[1091.522s][info][gc,heap        ] GC(2853) PSOldGen: 893279K->931708K(1398272K)
[1091.522s][info][gc,metaspace   ] GC(2853) Metaspace: 32506K(33584K)->32506K(33584K) NonClass: 28726K(29360K)->28726K(29360K) Class: 3779K(4224K)->3779K(4224K)
[1091.522s][info][gc             ] GC(2853) Pause Young (Allocation Failure) 1421M->978M(1959M) 62.528ms
[1091.522s][info][gc,cpu         ] GC(2853) User=0.36s Sys=0.00s Real=0.06s
[1091.665s][info][gc,start       ] GC(2854) Pause Young (Allocation Failure)
[1091.740s][info][gc,heap        ] GC(2854) PSYoungGen: 586752K->75360K(592384K)
[1091.740s][info][gc,heap        ] GC(2854) PSOldGen: 931708K->985036K(1398272K)
[1091.740s][info][gc,metaspace   ] GC(2854) Metaspace: 32506K(33584K)->32506K(33584K) NonClass: 28726K(29360K)->28726K(29360K) Class: 3779K(4224K)->3779K(4224K)
[1091.740s][info][gc             ] GC(2854) Pause Young (Allocation Failure) 1482M->1035M(1944M) 74.804ms
[1091.740s][info][gc,cpu         ] GC(2854) User=0.38s Sys=0.00s Real=0.08s
[1092.378s][info][gc,start       ] GC(2855) Pause Young (Allocation Failure)
[1092.441s][info][gc,heap        ] GC(2855) PSYoungGen: 591968K->53440K(606720K)
[1092.441s][info][gc,heap        ] GC(2855) PSOldGen: 985036K->1016788K(1398272K)
[1092.441s][info][gc,metaspace   ] GC(2855) Metaspace: 32506K(33584K)->32506K(33584K) NonClass: 28726K(29360K)->28726K(29360K) Class: 3779K(4224K)->3779K(4224K)
[1092.441s][info][gc             ] GC(2855) Pause Young (Allocation Failure) 1540M->1045M(1958M) 63.166ms
[1092.441s][info][gc,cpu         ] GC(2855) User=0.38s Sys=0.00s Real=0.06s
[1092.582s][info][gc,start       ] GC(2856) Pause Young (Allocation Failure)
[1092.646s][info][gc,heap        ] GC(2856) PSYoungGen: 566976K->71392K(605696K)
[1092.646s][info][gc,heap        ] GC(2856) PSOldGen: 1016788K->1060368K(1398272K)
[1092.646s][info][gc,metaspace   ] GC(2856) Metaspace: 32506K(33584K)->32506K(33584K) NonClass: 28726K(29360K)->28726K(29360K) Class: 3779K(4224K)->3779K(4224K)
[1092.646s][info][gc             ] GC(2856) Pause Young (Allocation Failure) 1546M->1105M(1957M) 63.529ms
[1092.646s][info][gc,cpu         ] GC(2856) User=0.38s Sys=0.00s Real=0.06s
[1092.815s][info][gc,start       ] GC(2857) Pause Young (Allocation Failure)
[1092.886s][info][gc,heap        ] GC(2857) PSYoungGen: 584928K->81504K(599552K)
[1092.886s][info][gc,heap        ] GC(2857) PSOldGen: 1060368K->1105112K(1398272K)
[1092.886s][info][gc,metaspace   ] GC(2857) Metaspace: 32506K(33584K)->32506K(33584K) NonClass: 28726K(29360K)->28726K(29360K) Class: 3779K(4224K)->3779K(4224K)
[1092.886s][info][gc             ] GC(2857) Pause Young (Allocation Failure) 1606M->1158M(1951M) 70.421ms
[1092.886s][info][gc,cpu         ] GC(2857) User=0.42s Sys=0.00s Real=0.07s
[1093.365s][info][gc,start       ] GC(2858) Pause Young (Allocation Failure)
[1093.433s][info][gc,heap        ] GC(2858) PSYoungGen: 588896K->61568K(603136K)
[1093.433s][info][gc,heap        ] GC(2858) PSOldGen: 1105112K->1139904K(1398272K)
[1093.433s][info][gc,metaspace   ] GC(2858) Metaspace: 32506K(33584K)->32506K(33584K) NonClass: 28726K(29360K)->28726K(29360K) Class: 3779K(4224K)->3779K(4224K)
[1093.433s][info][gc             ] GC(2858) Pause Young (Allocation Failure) 1654M->1173M(1954M) 67.522ms
[1093.433s][info][gc,cpu         ] GC(2858) User=0.42s Sys=0.02s Real=0.07s
[1093.561s][info][gc,start       ] GC(2859) Pause Young (Allocation Failure)
[1093.631s][info][gc,heap        ] GC(2859) PSYoungGen: 568960K->69056K(606720K)
[1093.631s][info][gc,heap        ] GC(2859) PSOldGen: 1139904K->1190412K(1398272K)
[1093.631s][info][gc,metaspace   ] GC(2859) Metaspace: 32506K(33584K)->32506K(33584K) NonClass: 28726K(29360K)->28726K(29360K) Class: 3779K(4224K)->3779K(4224K)
[1093.631s][info][gc             ] GC(2859) Pause Young (Allocation Failure) 1668M->1229M(1958M) 69.883ms
[1093.631s][info][gc,cpu         ] GC(2859) User=0.38s Sys=0.00s Real=0.07s
[1093.944s][info][gc,start       ] GC(2860) Pause Young (Allocation Failure)
[1094.006s][info][gc,heap        ] GC(2860) PSYoungGen: 582080K->62208K(605184K)
[1094.006s][info][gc,heap        ] GC(2860) PSOldGen: 1190412K->1226172K(1398272K)
[1094.006s][info][gc,metaspace   ] GC(2860) Metaspace: 32506K(33584K)->32506K(33584K) NonClass: 28726K(29360K)->28726K(29360K) Class: 3779K(4224K)->3779K(4224K)
[1094.006s][info][gc             ] GC(2860) Pause Young (Allocation Failure) 1730M->1258M(1956M) 62.374ms
[1094.006s][info][gc,cpu         ] GC(2860) User=0.34s Sys=0.00s Real=0.08s
[1094.362s][info][gc,start       ] GC(2861) Pause Young (System.gc())
[1094.397s][info][gc,heap        ] GC(2861) PSYoungGen: 192744K->10592K(595456K)
[1094.397s][info][gc,heap        ] GC(2861) PSOldGen: 1226172K->1261348K(1398272K)
[1094.397s][info][gc,metaspace   ] GC(2861) Metaspace: 32506K(33584K)->32506K(33584K) NonClass: 28726K(29360K)->28726K(29360K) Class: 3779K(4224K)->3779K(4224K)
[1094.397s][info][gc             ] GC(2861) Pause Young (System.gc()) 1385M->1242M(1947M) 35.075ms
[1094.397s][info][gc,cpu         ] GC(2861) User=0.19s Sys=0.00s Real=0.04s
[1094.397s][info][gc,start       ] GC(2862) Pause Full (System.gc())
[1094.398s][info][gc,phases,start] GC(2862) Phase 1: Mark live objects
[1094.515s][info][gc,phases      ] GC(2862) Phase 1: Mark live objects 117.058ms
[1094.515s][info][gc,phases,start] GC(2862) Phase 2: Compute new object addresses
[1094.693s][info][gc,phases      ] GC(2862) Phase 2: Compute new object addresses 178.636ms
[1094.693s][info][gc,phases,start] GC(2862) Phase 3: Adjust pointers
[1094.776s][info][gc,phases      ] GC(2862) Phase 3: Adjust pointers 82.133ms
[1094.776s][info][gc,phases,start] GC(2862) Phase 4: Move objects
[1094.798s][info][gc,phases      ] GC(2862) Phase 4: Move objects 22.324ms
[1094.798s][info][gc,heap        ] GC(2862) PSYoungGen: 10592K->0K(595456K)
[1094.798s][info][gc,heap        ] GC(2862) PSOldGen: 1261348K->104460K(1398272K)
[1094.798s][info][gc,metaspace   ] GC(2862) Metaspace: 32506K(33584K)->32506K(33584K) NonClass: 28726K(29360K)->28726K(29360K) Class: 3779K(4224K)->3779K(4224K)
[1094.798s][info][gc             ] GC(2862) Pause Full (System.gc()) 1242M->102M(1947M) 400.926ms
[1094.798s][info][gc,cpu         ] GC(2862) User=0.41s Sys=0.00s Real=0.39s
[1094.926s][info][gc,start       ] GC(2863) Pause Young (Allocation Failure)
[1094.966s][info][gc,heap        ] GC(2863) PSYoungGen: 505344K->64480K(602112K)
[1094.966s][info][gc,heap        ] GC(2863) PSOldGen: 104460K->104460K(1398272K)
[1094.966s][info][gc,metaspace   ] GC(2863) Metaspace: 32506K(33584K)->32506K(33584K) NonClass: 28726K(29360K)->28726K(29360K) Class: 3779K(4224K)->3779K(4224K)
[1094.966s][info][gc             ] GC(2863) Pause Young (Allocation Failure) 595M->164M(1953M) 39.684ms
[1094.966s][info][gc,cpu         ] GC(2863) User=0.28s Sys=0.00s Real=0.04s
[1095.098s][info][gc,start       ] GC(2864) Pause Young (Allocation Failure)
[1095.174s][info][gc,heap        ] GC(2864) PSYoungGen: 569824K->71360K(602624K)
[1095.174s][info][gc,heap        ] GC(2864) PSOldGen: 104460K->154029K(1398272K)
[1095.174s][info][gc,metaspace   ] GC(2864) Metaspace: 32506K(33584K)->32506K(33584K) NonClass: 28726K(29360K)->28726K(29360K) Class: 3779K(4224K)->3779K(4224K)
[1095.174s][info][gc             ] GC(2864) Pause Young (Allocation Failure) 658M->220M(1954M) 76.567ms
[1095.174s][info][gc,cpu         ] GC(2864) User=0.44s Sys=0.00s Real=0.08s
[1095.995s][info][gc,start       ] GC(2865) Pause Young (Allocation Failure)
[1096.045s][info][gc,heap        ] GC(2865) PSYoungGen: 578752K->37216K(544768K)
[1096.045s][info][gc,heap        ] GC(2865) PSOldGen: 154029K->184773K(1398272K)
[1096.045s][info][gc,metaspace   ] GC(2865) Metaspace: 32506K(33584K)->32506K(33584K) NonClass: 28726K(29360K)->28726K(29360K) Class: 3779K(4224K)->3779K(4224K)
[1096.045s][info][gc             ] GC(2865) Pause Young (Allocation Failure) 715M->216M(1897M) 49.617ms
[1096.045s][info][gc,cpu         ] GC(2865) User=0.28s Sys=0.00s Real=0.05s
[1096.189s][info][gc,start       ] GC(2866) Pause Young (Allocation Failure)
[1096.247s][info][gc,heap        ] GC(2866) PSYoungGen: 544608K->68512K(602624K)
[1096.247s][info][gc,heap        ] GC(2866) PSOldGen: 184773K->219709K(1398272K)
[1096.247s][info][gc,metaspace   ] GC(2866) Metaspace: 32506K(33584K)->32506K(33584K) NonClass: 28726K(29360K)->28726K(29360K) Class: 3779K(4224K)->3779K(4224K)
[1096.247s][info][gc             ] GC(2866) Pause Young (Allocation Failure) 712M->281M(1954M) 57.579ms
[1096.247s][info][gc,cpu         ] GC(2866) User=0.38s Sys=0.00s Real=0.06s
[1096.395s][info][gc,start       ] GC(2867) Pause Young (Allocation Failure)
[1096.461s][info][gc,heap        ] GC(2867) PSYoungGen: 574880K->75328K(582144K)
[1096.461s][info][gc,heap        ] GC(2867) PSOldGen: 219709K->272189K(1398272K)
[1096.461s][info][gc,metaspace   ] GC(2867) Metaspace: 32506K(33584K)->32506K(33584K) NonClass: 28726K(29360K)->28726K(29360K) Class: 3779K(4224K)->3779K(4224K)
[1096.461s][info][gc             ] GC(2867) Pause Young (Allocation Failure) 775M->339M(1934M) 65.708ms
[1096.461s][info][gc,cpu         ] GC(2867) User=0.38s Sys=0.00s Real=0.07s
[1097.006s][info][gc,start       ] GC(2868) Pause Young (Allocation Failure)
[1097.060s][info][gc,heap        ] GC(2868) PSYoungGen: 581696K->50368K(602112K)
[1097.060s][info][gc,heap        ] GC(2868) PSOldGen: 272189K->304173K(1398272K)
[1097.060s][info][gc,metaspace   ] GC(2868) Metaspace: 32506K(33584K)->32506K(33584K) NonClass: 28726K(29360K)->28726K(29360K) Class: 3779K(4224K)->3779K(4224K)
[1097.060s][info][gc             ] GC(2868) Pause Young (Allocation Failure) 833M->346M(1953M) 53.514ms
[1097.060s][info][gc,cpu         ] GC(2868) User=0.36s Sys=0.00s Real=0.05s
[1097.216s][info][gc,start       ] GC(2869) Pause Young (Allocation Failure)
[1097.281s][info][gc,heap        ] GC(2869) PSYoungGen: 554176K->71200K(600576K)
[1097.281s][info][gc,heap        ] GC(2869) PSOldGen: 304173K->345750K(1398272K)
[1097.281s][info][gc,metaspace   ] GC(2869) Metaspace: 32506K(33584K)->32506K(33584K) NonClass: 28726K(29360K)->28726K(29360K) Class: 3779K(4224K)->3779K(4224K)
[1097.281s][info][gc             ] GC(2869) Pause Young (Allocation Failure) 838M->407M(1952M) 65.467ms
[1097.281s][info][gc,cpu         ] GC(2869) User=0.34s Sys=0.00s Real=0.07s
[1097.421s][info][gc,start       ] GC(2870) Pause Young (Allocation Failure)
[1097.500s][info][gc,heap        ] GC(2870) PSYoungGen: 575008K->71904K(601088K)
[1097.500s][info][gc,heap        ] GC(2870) PSOldGen: 345750K->403534K(1398272K)
[1097.500s][info][gc,metaspace   ] GC(2870) Metaspace: 32506K(33584K)->32506K(33584K) NonClass: 28726K(29360K)->28726K(29360K) Class: 3779K(4224K)->3779K(4224K)
[1097.500s][info][gc             ] GC(2870) Pause Young (Allocation Failure) 899M->464M(1952M) 79.441ms
[1097.500s][info][gc,cpu         ] GC(2870) User=0.45s Sys=0.00s Real=0.08s
[1098.249s][info][gc,start       ] GC(2871) Pause Young (Allocation Failure)
[1098.310s][info][gc,heap        ] GC(2871) PSYoungGen: 576224K->60064K(601600K)
[1098.310s][info][gc,heap        ] GC(2871) PSOldGen: 403534K->434526K(1398272K)
[1098.310s][info][gc,metaspace   ] GC(2871) Metaspace: 32506K(33584K)->32506K(33584K) NonClass: 28726K(29360K)->28726K(29360K) Class: 3779K(4224K)->3779K(4224K)
[1098.310s][info][gc             ] GC(2871) Pause Young (Allocation Failure) 956M->482M(1953M) 61.139ms
[1098.310s][info][gc,cpu         ] GC(2871) User=0.36s Sys=0.00s Real=0.06s
[1098.469s][info][gc,start       ] GC(2872) Pause Young (Allocation Failure)
[1098.534s][info][gc,heap        ] GC(2872) PSYoungGen: 564384K->77472K(599552K)
[1098.534s][info][gc,heap        ] GC(2872) PSOldGen: 434526K->478450K(1398272K)
[1098.534s][info][gc,metaspace   ] GC(2872) Metaspace: 32506K(33584K)->32506K(33584K) NonClass: 28726K(29360K)->28726K(29360K) Class: 3779K(4224K)->3779K(4224K)
[1098.534s][info][gc             ] GC(2872) Pause Young (Allocation Failure) 975M->542M(1951M) 65.442ms
[1098.534s][info][gc,cpu         ] GC(2872) User=0.36s Sys=0.00s Real=0.07s
[1098.751s][info][gc,start       ] GC(2873) Pause Young (Allocation Failure)
[1098.819s][info][gc,heap        ] GC(2873) PSYoungGen: 582816K->64960K(602112K)
[1098.819s][info][gc,heap        ] GC(2873) PSOldGen: 478450K->517834K(1398272K)
[1098.819s][info][gc,metaspace   ] GC(2873) Metaspace: 32506K(33584K)->32506K(33584K) NonClass: 28726K(29360K)->28726K(29360K) Class: 3779K(4224K)->3779K(4224K)
[1098.819s][info][gc             ] GC(2873) Pause Young (Allocation Failure) 1036M->569M(1953M) 67.720ms
[1098.819s][info][gc,cpu         ] GC(2873) User=0.38s Sys=0.00s Real=0.08s
[1099.369s][info][gc,start       ] GC(2874) Pause Young (Allocation Failure)
[1099.428s][info][gc,heap        ] GC(2874) PSYoungGen: 570304K->68032K(606208K)
[1099.428s][info][gc,heap        ] GC(2874) PSOldGen: 517834K->550746K(1398272K)
[1099.429s][info][gc,metaspace   ] GC(2874) Metaspace: 32506K(33584K)->32506K(33584K) NonClass: 28726K(29360K)->28726K(29360K) Class: 3779K(4224K)->3779K(4224K)
[1099.429s][info][gc             ] GC(2874) Pause Young (Allocation Failure) 1062M->604M(1957M) 59.746ms
[1099.429s][info][gc,cpu         ] GC(2874) User=0.22s Sys=0.00s Real=0.06s
[1099.582s][info][gc,start       ] GC(2875) Pause Young (Allocation Failure)
[1099.653s][info][gc,heap        ] GC(2875) PSYoungGen: 580544K->83936K(596480K)
[1099.653s][info][gc,heap        ] GC(2875) PSOldGen: 550746K->599563K(1398272K)
[1099.653s][info][gc,metaspace   ] GC(2875) Metaspace: 32506K(33584K)->32506K(33584K) NonClass: 28726K(29360K)->28726K(29360K) Class: 3779K(4224K)->3779K(4224K)
[1099.653s][info][gc             ] GC(2875) Pause Young (Allocation Failure) 1104M->667M(1948M) 71.355ms
[1099.653s][info][gc,cpu         ] GC(2875) User=0.45s Sys=0.00s Real=0.07s
[1100.358s][info][gc,start       ] GC(2876) Pause Young (Allocation Failure)
[1100.408s][info][gc,heap        ] GC(2876) PSYoungGen: 596448K->39264K(599040K)
[1100.408s][info][gc,heap        ] GC(2876) PSOldGen: 599563K->634107K(1398272K)
[1100.408s][info][gc,metaspace   ] GC(2876) Metaspace: 32506K(33584K)->32506K(33584K) NonClass: 28726K(29360K)->28726K(29360K) Class: 3779K(4224K)->3779K(4224K)
[1100.408s][info][gc             ] GC(2876) Pause Young (Allocation Failure) 1167M->657M(1950M) 50.221ms
[1100.408s][info][gc,cpu         ] GC(2876) User=0.28s Sys=0.00s Real=0.05s
[1100.548s][info][gc,start       ] GC(2877) Pause Young (Allocation Failure)
[1100.609s][info][gc,heap        ] GC(2877) PSYoungGen: 541536K->68224K(600576K)
[1100.609s][info][gc,heap        ] GC(2877) PSOldGen: 634107K->670347K(1398272K)
[1100.609s][info][gc,metaspace   ] GC(2877) Metaspace: 32506K(33584K)->32506K(33584K) NonClass: 28726K(29360K)->28726K(29360K) Class: 3779K(4224K)->3779K(4224K)
[1100.609s][info][gc             ] GC(2877) Pause Young (Allocation Failure) 1148M->721M(1952M) 61.277ms
[1100.609s][info][gc,cpu         ] GC(2877) User=0.38s Sys=0.00s Real=0.06s
[1100.744s][info][gc,start       ] GC(2878) Pause Young (Allocation Failure)
[1100.809s][info][gc,heap        ] GC(2878) PSYoungGen: 570496K->70496K(603136K)
[1100.809s][info][gc,heap        ] GC(2878) PSOldGen: 670347K->723435K(1398272K)
[1100.809s][info][gc,metaspace   ] GC(2878) Metaspace: 32506K(33584K)->32506K(33584K) NonClass: 28726K(29360K)->28726K(29360K) Class: 3779K(4224K)->3779K(4224K)
[1100.809s][info][gc             ] GC(2878) Pause Young (Allocation Failure) 1211M->775M(1954M) 65.193ms
[1100.809s][info][gc,cpu         ] GC(2878) User=0.38s Sys=0.00s Real=0.06s
[1101.494s][info][gc,start       ] GC(2879) Pause Young (Allocation Failure)
[1101.545s][info][gc,heap        ] GC(2879) PSYoungGen: 576864K->43360K(602112K)
[1101.545s][info][gc,heap        ] GC(2879) PSOldGen: 723435K->753979K(1398272K)
[1101.545s][info][gc,metaspace   ] GC(2879) Metaspace: 32506K(33584K)->32506K(33584K) NonClass: 28726K(29360K)->28726K(29360K) Class: 3779K(4224K)->3779K(4224K)
[1101.545s][info][gc             ] GC(2879) Pause Young (Allocation Failure) 1269M->778M(1953M) 51.120ms
[1101.545s][info][gc,cpu         ] GC(2879) User=0.28s Sys=0.00s Real=0.05s
[1101.691s][info][gc,start       ] GC(2880) Pause Young (Allocation Failure)
[1101.750s][info][gc,heap        ] GC(2880) PSYoungGen: 549728K->67712K(604160K)
[1101.750s][info][gc,heap        ] GC(2880) PSOldGen: 753979K->791879K(1398272K)
[1101.750s][info][gc,metaspace   ] GC(2880) Metaspace: 32506K(33584K)->32506K(33584K) NonClass: 28726K(29360K)->28726K(29360K) Class: 3779K(4224K)->3779K(4224K)
[1101.750s][info][gc             ] GC(2880) Pause Young (Allocation Failure) 1273M->839M(1955M) 59.893ms
[1101.750s][info][gc,cpu         ] GC(2880) User=0.38s Sys=0.00s Real=0.06s
[1101.887s][info][gc,start       ] GC(2881) Pause Young (Allocation Failure)
[1101.970s][info][gc,heap        ] GC(2881) PSYoungGen: 575616K->76736K(584704K)
[1101.970s][info][gc,heap        ] GC(2881) PSOldGen: 791879K->843703K(1398272K)
[1101.970s][info][gc,metaspace   ] GC(2881) Metaspace: 32506K(33584K)->32506K(33584K) NonClass: 28726K(29360K)->28726K(29360K) Class: 3779K(4224K)->3779K(4224K)
[1101.970s][info][gc             ] GC(2881) Pause Young (Allocation Failure) 1335M->898M(1936M) 83.438ms
[1101.970s][info][gc,cpu         ] GC(2881) User=0.47s Sys=0.00s Real=0.08s
[1102.577s][info][gc,start       ] GC(2882) Pause Young (Allocation Failure)
[1102.630s][info][gc,heap        ] GC(2882) PSYoungGen: 584640K->52416K(603136K)
[1102.631s][info][gc,heap        ] GC(2882) PSOldGen: 843703K->875359K(1398272K)
[1102.631s][info][gc,metaspace   ] GC(2882) Metaspace: 32506K(33584K)->32506K(33584K) NonClass: 28726K(29360K)->28726K(29360K) Class: 3779K(4224K)->3779K(4224K)
[1102.631s][info][gc             ] GC(2882) Pause Young (Allocation Failure) 1394M->906M(1954M) 53.126ms
[1102.631s][info][gc,cpu         ] GC(2882) User=0.28s Sys=0.00s Real=0.05s
[1102.754s][info][gc,start       ] GC(2883) Pause Young (Allocation Failure)
[1102.818s][info][gc,heap        ] GC(2883) PSYoungGen: 558784K->65856K(602112K)
[1102.818s][info][gc,heap        ] GC(2883) PSOldGen: 875359K->920756K(1398272K)
[1102.818s][info][gc,metaspace   ] GC(2883) Metaspace: 32506K(33584K)->32506K(33584K) NonClass: 28726K(29360K)->28726K(29360K) Class: 3779K(4224K)->3779K(4224K)
[1102.818s][info][gc             ] GC(2883) Pause Young (Allocation Failure) 1400M->963M(1953M) 63.807ms
[1102.818s][info][gc,cpu         ] GC(2883) User=0.34s Sys=0.00s Real=0.06s
[1102.959s][info][gc,start       ] GC(2884) Pause Young (Allocation Failure)
[1103.026s][info][gc,heap        ] GC(2884) PSYoungGen: 572224K->75424K(602624K)
[1103.026s][info][gc,heap        ] GC(2884) PSOldGen: 920756K->968396K(1398272K)
[1103.026s][info][gc,metaspace   ] GC(2884) Metaspace: 32506K(33584K)->32506K(33584K) NonClass: 28726K(29360K)->28726K(29360K) Class: 3779K(4224K)->3779K(4224K)
[1103.026s][info][gc             ] GC(2884) Pause Young (Allocation Failure) 1457M->1019M(1954M) 67.256ms
[1103.026s][info][gc,cpu         ] GC(2884) User=0.47s Sys=0.00s Real=0.07s
[1103.607s][info][gc,start       ] GC(2885) Pause Young (Allocation Failure)
[1103.665s][info][gc,heap        ] GC(2885) PSYoungGen: 584864K->51808K(604160K)
[1103.666s][info][gc,heap        ] GC(2885) PSOldGen: 968396K->999908K(1398272K)
[1103.666s][info][gc,metaspace   ] GC(2885) Metaspace: 32506K(33584K)->32506K(33584K) NonClass: 28726K(29360K)->28726K(29360K) Class: 3779K(4224K)->3779K(4224K)
[1103.666s][info][gc             ] GC(2885) Pause Young (Allocation Failure) 1516M->1027M(1955M) 58.716ms
[1103.666s][info][gc,cpu         ] GC(2885) User=0.38s Sys=0.00s Real=0.06s
[1103.809s][info][gc,start       ] GC(2886) Pause Young (Allocation Failure)
[1103.873s][info][gc,heap        ] GC(2886) PSYoungGen: 561248K->74592K(602624K)
[1103.873s][info][gc,heap        ] GC(2886) PSOldGen: 999908K->1039024K(1398272K)
[1103.873s][info][gc,metaspace   ] GC(2886) Metaspace: 32506K(33584K)->32506K(33584K) NonClass: 28726K(29360K)->28726K(29360K) Class: 3779K(4224K)->3779K(4224K)
[1103.873s][info][gc             ] GC(2886) Pause Young (Allocation Failure) 1524M->1087M(1954M) 64.132ms
[1103.873s][info][gc,cpu         ] GC(2886) User=0.36s Sys=0.00s Real=0.06s
[1104.024s][info][gc,start       ] GC(2887) Pause Young (Allocation Failure)
[1104.093s][info][gc,heap        ] GC(2887) PSYoungGen: 583008K->75424K(584192K)
[1104.093s][info][gc,heap        ] GC(2887) PSOldGen: 1039024K->1093584K(1398272K)
[1104.093s][info][gc,metaspace   ] GC(2887) Metaspace: 32506K(33584K)->32506K(33584K) NonClass: 28726K(29360K)->28726K(29360K) Class: 3779K(4224K)->3779K(4224K)
[1104.093s][info][gc             ] GC(2887) Pause Young (Allocation Failure) 1584M->1141M(1936M) 69.342ms
[1104.093s][info][gc,cpu         ] GC(2887) User=0.36s Sys=0.00s Real=0.07s
[1104.564s][info][gc,start       ] GC(2888) Pause Young (Allocation Failure)
[1104.620s][info][gc,heap        ] GC(2888) PSYoungGen: 583840K->57600K(604160K)
[1104.620s][info][gc,heap        ] GC(2888) PSOldGen: 1093584K->1125304K(1398272K)
[1104.620s][info][gc,metaspace   ] GC(2888) Metaspace: 32506K(33584K)->32506K(33584K) NonClass: 28726K(29360K)->28726K(29360K) Class: 3779K(4224K)->3779K(4224K)
[1104.620s][info][gc             ] GC(2888) Pause Young (Allocation Failure) 1638M->1155M(1955M) 56.237ms
[1104.620s][info][gc,cpu         ] GC(2888) User=0.38s Sys=0.00s Real=0.06s
[1104.752s][info][gc,start       ] GC(2889) Pause Young (Allocation Failure)
[1104.815s][info][gc,heap        ] GC(2889) PSYoungGen: 565504K->68960K(602624K)
[1104.817s][info][gc,heap        ] GC(2889) PSOldGen: 1125304K->1171065K(1398272K)
[1104.817s][info][gc,metaspace   ] GC(2889) Metaspace: 32506K(33584K)->32506K(33584K) NonClass: 28726K(29360K)->28726K(29360K) Class: 3779K(4224K)->3779K(4224K)
[1104.817s][info][gc             ] GC(2889) Pause Young (Allocation Failure) 1651M->1210M(1954M) 65.372ms
[1104.817s][info][gc,cpu         ] GC(2889) User=0.36s Sys=0.00s Real=0.06s
[1105.001s][info][gc,start       ] GC(2890) Pause Young (Allocation Failure)
[1105.071s][info][gc,heap        ] GC(2890) PSYoungGen: 576864K->69888K(606720K)
[1105.071s][info][gc,heap        ] GC(2890) PSOldGen: 1171065K->1209977K(1398272K)
[1105.071s][info][gc,metaspace   ] GC(2890) Metaspace: 32506K(33584K)->32506K(33584K) NonClass: 28726K(29360K)->28726K(29360K) Class: 3779K(4224K)->3779K(4224K)
[1105.071s][info][gc             ] GC(2890) Pause Young (Allocation Failure) 1706M->1249M(1958M) 69.887ms
[1105.071s][info][gc,cpu         ] GC(2890) User=0.47s Sys=0.00s Real=0.07s
[1105.428s][info][gc,start       ] GC(2891) Pause Young (System.gc())
[1105.464s][info][gc,heap        ] GC(2891) PSYoungGen: 251613K->13088K(524288K)
[1105.464s][info][gc,heap        ] GC(2891) PSOldGen: 1209977K->1246089K(1398272K)
[1105.464s][info][gc,metaspace   ] GC(2891) Metaspace: 32506K(33584K)->32506K(33584K) NonClass: 28726K(29360K)->28726K(29360K) Class: 3779K(4224K)->3779K(4224K)
[1105.464s][info][gc             ] GC(2891) Pause Young (System.gc()) 1427M->1229M(1877M) 36.600ms
[1105.464s][info][gc,cpu         ] GC(2891) User=0.27s Sys=0.00s Real=0.05s
[1105.464s][info][gc,start       ] GC(2892) Pause Full (System.gc())
[1105.465s][info][gc,phases,start] GC(2892) Phase 1: Mark live objects
[1105.581s][info][gc,phases      ] GC(2892) Phase 1: Mark live objects 116.592ms
[1105.581s][info][gc,phases,start] GC(2892) Phase 2: Compute new object addresses
[1105.756s][info][gc,phases      ] GC(2892) Phase 2: Compute new object addresses 174.472ms
[1105.756s][info][gc,phases,start] GC(2892) Phase 3: Adjust pointers
[1105.837s][info][gc,phases      ] GC(2892) Phase 3: Adjust pointers 81.371ms
[1105.837s][info][gc,phases,start] GC(2892) Phase 4: Move objects
[1105.860s][info][gc,phases      ] GC(2892) Phase 4: Move objects 22.962ms
[1105.861s][info][gc,heap        ] GC(2892) PSYoungGen: 13088K->0K(524288K)
[1105.861s][info][gc,heap        ] GC(2892) PSOldGen: 1246089K->104567K(1398272K)
[1105.861s][info][gc,metaspace   ] GC(2892) Metaspace: 32506K(33584K)->32506K(33584K) NonClass: 28726K(29360K)->28726K(29360K) Class: 3779K(4224K)->3779K(4224K)
[1105.861s][info][gc             ] GC(2892) Pause Full (System.gc()) 1229M->102M(1877M) 396.172ms
[1105.861s][info][gc,cpu         ] GC(2892) User=0.39s Sys=0.00s Real=0.38s
[1106.011s][info][gc,start       ] GC(2893) Pause Young (Allocation Failure)
[1106.055s][info][gc,heap        ] GC(2893) PSYoungGen: 510976K->70752K(600576K)
[1106.055s][info][gc,heap        ] GC(2893) PSOldGen: 104567K->104567K(1398272K)
[1106.055s][info][gc,metaspace   ] GC(2893) Metaspace: 32506K(33584K)->32506K(33584K) NonClass: 28726K(29360K)->28726K(29360K) Class: 3779K(4224K)->3779K(4224K)
[1106.055s][info][gc             ] GC(2893) Pause Young (Allocation Failure) 601M->171M(1952M) 44.492ms
[1106.055s][info][gc,cpu         ] GC(2893) User=0.28s Sys=0.00s Real=0.04s
[1106.199s][info][gc,start       ] GC(2894) Pause Young (Allocation Failure)
[1106.265s][info][gc,heap        ] GC(2894) PSYoungGen: 573024K->78336K(580608K)
[1106.265s][info][gc,heap        ] GC(2894) PSOldGen: 104567K->155244K(1398272K)
[1106.265s][info][gc,metaspace   ] GC(2894) Metaspace: 32506K(33584K)->32506K(33584K) NonClass: 28726K(29360K)->28726K(29360K) Class: 3779K(4224K)->3779K(4224K)
[1106.266s][info][gc             ] GC(2894) Pause Young (Allocation Failure) 661M->228M(1932M) 66.134ms
[1106.266s][info][gc,cpu         ] GC(2894) User=0.38s Sys=0.00s Real=0.07s
[1106.888s][info][gc,start       ] GC(2895) Pause Young (Allocation Failure)
[1106.943s][info][gc,heap        ] GC(2895) PSYoungGen: 580608K->44512K(598528K)
[1106.943s][info][gc,heap        ] GC(2895) PSOldGen: 155244K->187140K(1398272K)
[1106.943s][info][gc,metaspace   ] GC(2895) Metaspace: 32506K(33584K)->32506K(33584K) NonClass: 28726K(29360K)->28726K(29360K) Class: 3779K(4224K)->3779K(4224K)
[1106.943s][info][gc             ] GC(2895) Pause Young (Allocation Failure) 718M->226M(1950M) 54.764ms
[1106.943s][info][gc,cpu         ] GC(2895) User=0.27s Sys=0.02s Real=0.05s
[1107.090s][info][gc,start       ] GC(2896) Pause Young (Allocation Failure)
[1107.150s][info][gc,heap        ] GC(2896) PSYoungGen: 542176K->68448K(598016K)
[1107.151s][info][gc,heap        ] GC(2896) PSOldGen: 187140K->225336K(1398272K)
[1107.151s][info][gc,metaspace   ] GC(2896) Metaspace: 32506K(33584K)->32506K(33584K) NonClass: 28726K(29360K)->28726K(29360K) Class: 3779K(4224K)->3779K(4224K)
[1107.151s][info][gc             ] GC(2896) Pause Young (Allocation Failure) 712M->286M(1949M) 60.272ms
[1107.151s][info][gc,cpu         ] GC(2896) User=0.38s Sys=0.00s Real=0.06s
[1107.292s][info][gc,start       ] GC(2897) Pause Young (Allocation Failure)
[1107.358s][info][gc,heap        ] GC(2897) PSYoungGen: 566112K->73792K(598528K)
[1107.358s][info][gc,heap        ] GC(2897) PSOldGen: 225336K->277664K(1398272K)
[1107.358s][info][gc,metaspace   ] GC(2897) Metaspace: 32506K(33584K)->32506K(33584K) NonClass: 28726K(29360K)->28726K(29360K) Class: 3779K(4224K)->3779K(4224K)
[1107.358s][info][gc             ] GC(2897) Pause Young (Allocation Failure) 772M->343M(1950M) 65.736ms
[1107.358s][info][gc,cpu         ] GC(2897) User=0.38s Sys=0.00s Real=0.07s
[1107.910s][info][gc,start       ] GC(2898) Pause Young (Allocation Failure)
[1107.970s][info][gc,heap        ] GC(2898) PSYoungGen: 572992K->49184K(599040K)
[1107.971s][info][gc,heap        ] GC(2898) PSOldGen: 277664K->308680K(1398272K)
[1107.971s][info][gc,metaspace   ] GC(2898) Metaspace: 32506K(33584K)->32506K(33584K) NonClass: 28726K(29360K)->28726K(29360K) Class: 3779K(4224K)->3779K(4224K)
[1107.971s][info][gc             ] GC(2898) Pause Young (Allocation Failure) 830M->349M(1950M) 60.886ms
[1107.971s][info][gc,cpu         ] GC(2898) User=0.38s Sys=0.00s Real=0.06s
[1108.112s][info][gc,start       ] GC(2899) Pause Young (Allocation Failure)
[1108.173s][info][gc,heap        ] GC(2899) PSYoungGen: 548384K->71040K(600576K)
[1108.173s][info][gc,heap        ] GC(2899) PSOldGen: 308680K->348505K(1398272K)
[1108.173s][info][gc,metaspace   ] GC(2899) Metaspace: 32506K(33584K)->32506K(33584K) NonClass: 28726K(29360K)->28726K(29360K) Class: 3779K(4224K)->3779K(4224K)
[1108.173s][info][gc             ] GC(2899) Pause Young (Allocation Failure) 836M->409M(1952M) 60.470ms
[1108.173s][info][gc,cpu         ] GC(2899) User=0.38s Sys=0.00s Real=0.06s
[1108.311s][info][gc,start       ] GC(2900) Pause Young (Allocation Failure)
[1108.388s][info][gc,heap        ] GC(2900) PSYoungGen: 572800K->74656K(576512K)
[1108.388s][info][gc,heap        ] GC(2900) PSOldGen: 348505K->403657K(1398272K)
[1108.388s][info][gc,metaspace   ] GC(2900) Metaspace: 32506K(33584K)->32506K(33584K) NonClass: 28726K(29360K)->28726K(29360K) Class: 3779K(4224K)->3779K(4224K)
[1108.388s][info][gc             ] GC(2900) Pause Young (Allocation Failure) 899M->467M(1928M) 76.918ms
[1108.388s][info][gc,cpu         ] GC(2900) User=0.44s Sys=0.00s Real=0.08s
[1108.953s][info][gc,start       ] GC(2901) Pause Young (Allocation Failure)
[1109.011s][info][gc,heap        ] GC(2901) PSYoungGen: 576416K->53696K(601600K)
[1109.011s][info][gc,heap        ] GC(2901) PSOldGen: 403657K->434873K(1398272K)
[1109.011s][info][gc,metaspace   ] GC(2901) Metaspace: 32506K(33584K)->32506K(33584K) NonClass: 28726K(29360K)->28726K(29360K) Class: 3779K(4224K)->3779K(4224K)
[1109.011s][info][gc             ] GC(2901) Pause Young (Allocation Failure) 957M->477M(1953M) 58.252ms
[1109.011s][info][gc,cpu         ] GC(2901) User=0.38s Sys=0.00s Real=0.06s
[1109.150s][info][gc,start       ] GC(2902) Pause Young (Allocation Failure)
[1109.213s][info][gc,heap        ] GC(2902) PSYoungGen: 555968K->72224K(599552K)
[1109.213s][info][gc,heap        ] GC(2902) PSOldGen: 434873K->477501K(1398272K)
[1109.213s][info][gc,metaspace   ] GC(2902) Metaspace: 32506K(33584K)->32506K(33584K) NonClass: 28726K(29360K)->28726K(29360K) Class: 3779K(4224K)->3779K(4224K)
[1109.213s][info][gc             ] GC(2902) Pause Young (Allocation Failure) 967M->536M(1951M) 63.287ms
[1109.213s][info][gc,cpu         ] GC(2902) User=0.38s Sys=0.00s Real=0.06s
[1109.362s][info][gc,start       ] GC(2903) Pause Young (Allocation Failure)
[1109.434s][info][gc,heap        ] GC(2903) PSYoungGen: 574496K->71904K(601600K)
[1109.434s][info][gc,heap        ] GC(2903) PSOldGen: 477501K->532805K(1398272K)
[1109.434s][info][gc,metaspace   ] GC(2903) Metaspace: 32506K(33584K)->32506K(33584K) NonClass: 28726K(29360K)->28726K(29360K) Class: 3779K(4224K)->3779K(4224K)
[1109.434s][info][gc             ] GC(2903) Pause Young (Allocation Failure) 1027M->590M(1953M) 72.438ms
[1109.434s][info][gc,cpu         ] GC(2903) User=0.38s Sys=0.00s Real=0.07s
[1110.068s][info][gc,start       ] GC(2904) Pause Young (Allocation Failure)
[1110.129s][info][gc,heap        ] GC(2904) PSYoungGen: 576224K->61280K(601600K)
[1110.129s][info][gc,heap        ] GC(2904) PSOldGen: 532805K->563197K(1398272K)
[1110.129s][info][gc,metaspace   ] GC(2904) Metaspace: 32506K(33584K)->32506K(33584K) NonClass: 28726K(29360K)->28726K(29360K) Class: 3779K(4224K)->3779K(4224K)
[1110.129s][info][gc             ] GC(2904) Pause Young (Allocation Failure) 1083M->609M(1953M) 60.869ms
[1110.129s][info][gc,cpu         ] GC(2904) User=0.34s Sys=0.00s Real=0.06s
[1110.271s][info][gc,start       ] GC(2905) Pause Young (Allocation Failure)
[1110.344s][info][gc,heap        ] GC(2905) PSYoungGen: 565600K->76960K(601088K)
[1110.344s][info][gc,heap        ] GC(2905) PSOldGen: 563197K->607554K(1398272K)
[1110.344s][info][gc,metaspace   ] GC(2905) Metaspace: 32506K(33584K)->32506K(33584K) NonClass: 28726K(29360K)->28726K(29360K) Class: 3779K(4224K)->3779K(4224K)
[1110.344s][info][gc             ] GC(2905) Pause Young (Allocation Failure) 1102M->668M(1952M) 73.698ms
[1110.344s][info][gc,cpu         ] GC(2905) User=0.44s Sys=0.00s Real=0.07s
[1110.610s][info][gc,start       ] GC(2906) Pause Young (Allocation Failure)
[1110.679s][info][gc,heap        ] GC(2906) PSYoungGen: 583328K->61696K(602624K)
[1110.679s][info][gc,heap        ] GC(2906) PSOldGen: 607554K->646730K(1398272K)
[1110.679s][info][gc,metaspace   ] GC(2906) Metaspace: 32506K(33584K)->32506K(33584K) NonClass: 28726K(29360K)->28726K(29360K) Class: 3779K(4224K)->3779K(4224K)
[1110.679s][info][gc             ] GC(2906) Pause Young (Allocation Failure) 1162M->691M(1954M) 69.089ms
[1110.679s][info][gc,cpu         ] GC(2906) User=0.38s Sys=0.00s Real=0.07s
[1111.184s][info][gc,start       ] GC(2907) Pause Young (Allocation Failure)
[1111.241s][info][gc,heap        ] GC(2907) PSYoungGen: 568064K->60608K(607232K)
[1111.241s][info][gc,heap        ] GC(2907) PSOldGen: 646730K->679162K(1398272K)
[1111.241s][info][gc,metaspace   ] GC(2907) Metaspace: 32506K(33584K)->32506K(33584K) NonClass: 28726K(29360K)->28726K(29360K) Class: 3779K(4224K)->3779K(4224K)
[1111.241s][info][gc             ] GC(2907) Pause Young (Allocation Failure) 1186M->722M(1958M) 57.370ms
[1111.241s][info][gc,cpu         ] GC(2907) User=0.28s Sys=0.00s Real=0.06s
[1111.379s][info][gc,start       ] GC(2908) Pause Young (Allocation Failure)
[1111.456s][info][gc,heap        ] GC(2908) PSYoungGen: 574144K->73568K(605184K)
[1111.456s][info][gc,heap        ] GC(2908) PSOldGen: 679162K->726682K(1398272K)
[1111.456s][info][gc,metaspace   ] GC(2908) Metaspace: 32506K(33584K)->32506K(33584K) NonClass: 28726K(29360K)->28726K(29360K) Class: 3779K(4224K)->3779K(4224K)
[1111.456s][info][gc             ] GC(2908) Pause Young (Allocation Failure) 1223M->781M(1956M) 76.703ms
[1111.456s][info][gc,cpu         ] GC(2908) User=0.39s Sys=0.00s Real=0.08s
[1111.811s][info][gc,start       ] GC(2909) Pause Young (Allocation Failure)
[1111.872s][info][gc,heap        ] GC(2909) PSYoungGen: 587104K->55360K(607232K)
[1111.872s][info][gc,heap        ] GC(2909) PSOldGen: 726682K->762962K(1398272K)
[1111.872s][info][gc,metaspace   ] GC(2909) Metaspace: 32506K(33584K)->32506K(33584K) NonClass: 28726K(29360K)->28726K(29360K) Class: 3779K(4224K)->3779K(4224K)
[1111.872s][info][gc             ] GC(2909) Pause Young (Allocation Failure) 1282M->799M(1958M) 61.131ms
[1111.872s][info][gc,cpu         ] GC(2909) User=0.38s Sys=0.00s Real=0.07s
[1112.361s][info][gc,start       ] GC(2910) Pause Young (Allocation Failure)
[1112.425s][info][gc,heap        ] GC(2910) PSYoungGen: 570432K->77472K(592896K)
[1112.425s][info][gc,heap        ] GC(2910) PSOldGen: 762962K->794226K(1398272K)
[1112.425s][info][gc,metaspace   ] GC(2910) Metaspace: 32506K(33584K)->32506K(33584K) NonClass: 28726K(29360K)->28726K(29360K) Class: 3779K(4224K)->3779K(4224K)
[1112.425s][info][gc             ] GC(2910) Pause Young (Allocation Failure) 1302M->851M(1944M) 64.108ms
[1112.425s][info][gc,cpu         ] GC(2910) User=0.36s Sys=0.02s Real=0.07s
[1112.561s][info][gc,start       ] GC(2911) Pause Young (Allocation Failure)
[1112.633s][info][gc,heap        ] GC(2911) PSYoungGen: 592544K->71456K(606208K)
[1112.633s][info][gc,heap        ] GC(2911) PSOldGen: 794226K->858283K(1398272K)
[1112.633s][info][gc,metaspace   ] GC(2911) Metaspace: 32506K(33584K)->32506K(33584K) NonClass: 28726K(29360K)->28726K(29360K) Class: 3779K(4224K)->3779K(4224K)
[1112.633s][info][gc             ] GC(2911) Pause Young (Allocation Failure) 1354M->907M(1957M) 71.757ms
[1112.633s][info][gc,cpu         ] GC(2911) User=0.39s Sys=0.00s Real=0.07s
[1113.337s][info][gc,start       ] GC(2912) Pause Young (Allocation Failure)
[1113.394s][info][gc,heap        ] GC(2912) PSYoungGen: 583968K->49344K(605184K)
[1113.394s][info][gc,heap        ] GC(2912) PSOldGen: 858283K->889579K(1398272K)
[1113.394s][info][gc,metaspace   ] GC(2912) Metaspace: 32506K(33584K)->32506K(33584K) NonClass: 28726K(29360K)->28726K(29360K) Class: 3779K(4224K)->3779K(4224K)
[1113.394s][info][gc             ] GC(2912) Pause Young (Allocation Failure) 1408M->916M(1956M) 57.398ms
[1113.394s][info][gc,cpu         ] GC(2912) User=0.28s Sys=0.00s Real=0.06s
[1113.551s][info][gc,start       ] GC(2913) Pause Young (Allocation Failure)
[1113.612s][info][gc,heap        ] GC(2913) PSYoungGen: 561856K->74496K(603648K)
[1113.612s][info][gc,heap        ] GC(2913) PSOldGen: 889579K->929831K(1398272K)
[1113.612s][info][gc,metaspace   ] GC(2913) Metaspace: 32506K(33584K)->32506K(33584K) NonClass: 28726K(29360K)->28726K(29360K) Class: 3779K(4224K)->3779K(4224K)
[1113.612s][info][gc             ] GC(2913) Pause Young (Allocation Failure) 1417M->980M(1955M) 61.392ms
[1113.612s][info][gc,cpu         ] GC(2913) User=0.36s Sys=0.00s Real=0.06s
[1113.736s][info][gc,start       ] GC(2914) Pause Young (Allocation Failure)
[1113.816s][info][gc,heap        ] GC(2914) PSYoungGen: 584960K->62656K(604672K)
[1113.816s][info][gc,heap        ] GC(2914) PSOldGen: 929831K->995711K(1398272K)
[1113.816s][info][gc,metaspace   ] GC(2914) Metaspace: 32506K(33584K)->32506K(33584K) NonClass: 28726K(29360K)->28726K(29360K) Class: 3779K(4224K)->3779K(4224K)
[1113.816s][info][gc             ] GC(2914) Pause Young (Allocation Failure) 1479M->1033M(1956M) 80.847ms
[1113.817s][info][gc,cpu         ] GC(2914) User=0.47s Sys=0.00s Real=0.08s
[1114.447s][info][gc,start       ] GC(2915) Pause Young (Allocation Failure)
[1114.505s][info][gc,heap        ] GC(2915) PSYoungGen: 573120K->57664K(608256K)
[1114.505s][info][gc,heap        ] GC(2915) PSOldGen: 995711K->1024079K(1398272K)
[1114.505s][info][gc,metaspace   ] GC(2915) Metaspace: 32506K(33584K)->32506K(33584K) NonClass: 28726K(29360K)->28726K(29360K) Class: 3779K(4224K)->3779K(4224K)
[1114.505s][info][gc             ] GC(2915) Pause Young (Allocation Failure) 1532M->1056M(1959M) 57.286ms
[1114.505s][info][gc,cpu         ] GC(2915) User=0.28s Sys=0.00s Real=0.06s
[1114.644s][info][gc,start       ] GC(2916) Pause Young (Allocation Failure)
[1114.709s][info][gc,heap        ] GC(2916) PSYoungGen: 574272K->70720K(607232K)
[1114.709s][info][gc,heap        ] GC(2916) PSOldGen: 1024079K->1071611K(1398272K)
[1114.709s][info][gc,metaspace   ] GC(2916) Metaspace: 32506K(33584K)->32506K(33584K) NonClass: 28726K(29360K)->28726K(29360K) Class: 3779K(4224K)->3779K(4224K)
[1114.709s][info][gc             ] GC(2916) Pause Young (Allocation Failure) 1560M->1115M(1958M) 65.004ms
[1114.709s][info][gc,cpu         ] GC(2916) User=0.36s Sys=0.02s Real=0.06s
[1114.867s][info][gc,start       ] GC(2917) Pause Young (Allocation Failure)
[1114.937s][info][gc,heap        ] GC(2917) PSYoungGen: 587328K->74912K(606720K)
[1114.937s][info][gc,heap        ] GC(2917) PSOldGen: 1071611K->1119907K(1398272K)
[1114.937s][info][gc,metaspace   ] GC(2917) Metaspace: 32506K(33584K)->32506K(33584K) NonClass: 28726K(29360K)->28726K(29360K) Class: 3779K(4224K)->3779K(4224K)
[1114.937s][info][gc             ] GC(2917) Pause Young (Allocation Failure) 1620M->1166M(1958M) 70.178ms
[1114.937s][info][gc,cpu         ] GC(2917) User=0.39s Sys=0.00s Real=0.07s
[1115.521s][info][gc,start       ] GC(2918) Pause Young (Allocation Failure)
[1115.583s][info][gc,heap        ] GC(2918) PSYoungGen: 591520K->65408K(607744K)
[1115.583s][info][gc,heap        ] GC(2918) PSOldGen: 1119907K->1152675K(1398272K)
[1115.583s][info][gc,metaspace   ] GC(2918) Metaspace: 32506K(33584K)->32506K(33584K) NonClass: 28726K(29360K)->28726K(29360K) Class: 3779K(4224K)->3779K(4224K)
[1115.583s][info][gc             ] GC(2918) Pause Young (Allocation Failure) 1671M->1189M(1959M) 61.907ms
[1115.583s][info][gc,cpu         ] GC(2918) User=0.38s Sys=0.00s Real=0.06s
[1115.726s][info][gc,start       ] GC(2919) Pause Young (Allocation Failure)
[1115.798s][info][gc,heap        ] GC(2919) PSYoungGen: 582016K->78368K(605696K)
[1115.798s][info][gc,heap        ] GC(2919) PSOldGen: 1152675K->1201760K(1398272K)
[1115.798s][info][gc,metaspace   ] GC(2919) Metaspace: 32506K(33584K)->32506K(33584K) NonClass: 28726K(29360K)->28726K(29360K) Class: 3779K(4224K)->3779K(4224K)
[1115.798s][info][gc             ] GC(2919) Pause Young (Allocation Failure) 1694M->1250M(1957M) 72.254ms
[1115.798s][info][gc,cpu         ] GC(2919) User=0.38s Sys=0.00s Real=0.07s
[1116.198s][info][gc,start       ] GC(2920) Pause Young (Allocation Failure)
[1116.263s][info][gc,heap        ] GC(2920) PSYoungGen: 594976K->53248K(607744K)
[1116.263s][info][gc,heap        ] GC(2920) PSOldGen: 1201760K->1238616K(1398272K)
[1116.263s][info][gc,metaspace   ] GC(2920) Metaspace: 32506K(33584K)->32506K(33584K) NonClass: 28726K(29360K)->28726K(29360K) Class: 3779K(4224K)->3779K(4224K)
[1116.263s][info][gc             ] GC(2920) Pause Young (Allocation Failure) 1754M->1261M(1959M) 64.554ms
[1116.263s][info][gc,cpu         ] GC(2920) User=0.38s Sys=0.00s Real=0.07s
[1116.534s][info][gc,start       ] GC(2921) Pause Young (System.gc())
[1116.564s][info][gc,heap        ] GC(2921) PSYoungGen: 103568K->8320K(593408K)
[1116.564s][info][gc,heap        ] GC(2921) PSOldGen: 1238616K->1271112K(1398272K)
[1116.564s][info][gc,metaspace   ] GC(2921) Metaspace: 32506K(33584K)->32506K(33584K) NonClass: 28726K(29360K)->28726K(29360K) Class: 3779K(4224K)->3779K(4224K)
[1116.564s][info][gc             ] GC(2921) Pause Young (System.gc()) 1310M->1249M(1945M) 29.320ms
[1116.564s][info][gc,cpu         ] GC(2921) User=0.19s Sys=0.00s Real=0.04s
[1116.564s][info][gc,start       ] GC(2922) Pause Full (System.gc())
[1116.564s][info][gc,phases,start] GC(2922) Phase 1: Mark live objects
[1116.682s][info][gc,phases      ] GC(2922) Phase 1: Mark live objects 118.328ms
[1116.682s][info][gc,phases,start] GC(2922) Phase 2: Compute new object addresses
[1116.861s][info][gc,phases      ] GC(2922) Phase 2: Compute new object addresses 178.475ms
[1116.861s][info][gc,phases,start] GC(2922) Phase 3: Adjust pointers
[1116.944s][info][gc,phases      ] GC(2922) Phase 3: Adjust pointers 83.526ms
[1116.944s][info][gc,phases,start] GC(2922) Phase 4: Move objects
[1116.967s][info][gc,phases      ] GC(2922) Phase 4: Move objects 23.073ms
[1116.968s][info][gc,heap        ] GC(2922) PSYoungGen: 8320K->0K(593408K)
[1116.968s][info][gc,heap        ] GC(2922) PSOldGen: 1271112K->104449K(1398272K)
[1116.968s][info][gc,metaspace   ] GC(2922) Metaspace: 32506K(33584K)->32506K(33584K) NonClass: 28726K(29360K)->28726K(29360K) Class: 3779K(4224K)->3779K(4224K)
[1116.968s][info][gc             ] GC(2922) Pause Full (System.gc()) 1249M->102M(1945M) 404.207ms
[1116.968s][info][gc,cpu         ] GC(2922) User=0.39s Sys=0.02s Real=0.39s
[1117.203s][info][gc,start       ] GC(2923) Pause Young (Allocation Failure)
[1117.250s][info][gc,heap        ] GC(2923) PSYoungGen: 502272K->80352K(582656K)
[1117.250s][info][gc,heap        ] GC(2923) PSOldGen: 104449K->104449K(1398272K)
[1117.250s][info][gc,metaspace   ] GC(2923) Metaspace: 32506K(33584K)->32506K(33584K) NonClass: 28726K(29360K)->28726K(29360K) Class: 3779K(4224K)->3779K(4224K)
[1117.251s][info][gc             ] GC(2923) Pause Young (Allocation Failure) 592M->180M(1934M) 47.854ms
[1117.251s][info][gc,cpu         ] GC(2923) User=0.28s Sys=0.00s Real=0.06s
[1117.393s][info][gc,start       ] GC(2924) Pause Young (Allocation Failure)
[1117.474s][info][gc,heap        ] GC(2924) PSYoungGen: 582624K->74304K(595456K)
[1117.474s][info][gc,heap        ] GC(2924) PSOldGen: 104449K->168949K(1398272K)
[1117.474s][info][gc,metaspace   ] GC(2924) Metaspace: 32506K(33584K)->32506K(33584K) NonClass: 28726K(29360K)->28726K(29360K) Class: 3779K(4224K)->3779K(4224K)
[1117.474s][info][gc             ] GC(2924) Pause Young (Allocation Failure) 670M->237M(1947M) 80.329ms
[1117.474s][info][gc,cpu         ] GC(2924) User=0.44s Sys=0.00s Real=0.08s
[1118.074s][info][gc,start       ] GC(2925) Pause Young (Allocation Failure)
[1118.131s][info][gc,heap        ] GC(2925) PSYoungGen: 567360K->51552K(595968K)
[1118.131s][info][gc,heap        ] GC(2925) PSOldGen: 168949K->200197K(1398272K)
[1118.131s][info][gc,metaspace   ] GC(2925) Metaspace: 32506K(33584K)->32506K(33584K) NonClass: 28726K(29360K)->28726K(29360K) Class: 3779K(4224K)->3779K(4224K)
[1118.131s][info][gc             ] GC(2925) Pause Young (Allocation Failure) 719M->245M(1947M) 57.377ms
[1118.131s][info][gc,cpu         ] GC(2925) User=0.23s Sys=0.00s Real=0.06s
[1118.267s][info][gc,start       ] GC(2926) Pause Young (Allocation Failure)
[1118.334s][info][gc,heap        ] GC(2926) PSYoungGen: 544608K->71520K(598528K)
[1118.334s][info][gc,heap        ] GC(2926) PSOldGen: 200197K->239998K(1398272K)
[1118.334s][info][gc,metaspace   ] GC(2926) Metaspace: 32506K(33584K)->32506K(33584K) NonClass: 28726K(29360K)->28726K(29360K) Class: 3779K(4224K)->3779K(4224K)
[1118.334s][info][gc             ] GC(2926) Pause Young (Allocation Failure) 727M->304M(1950M) 67.225ms
[1118.334s][info][gc,cpu         ] GC(2926) User=0.34s Sys=0.00s Real=0.07s
[1118.461s][info][gc,start       ] GC(2927) Pause Young (Allocation Failure)
[1118.531s][info][gc,heap        ] GC(2927) PSYoungGen: 569184K->64288K(598016K)
[1118.531s][info][gc,heap        ] GC(2927) PSOldGen: 239998K->301502K(1398272K)
[1118.531s][info][gc,metaspace   ] GC(2927) Metaspace: 32506K(33584K)->32506K(33584K) NonClass: 28726K(29360K)->28726K(29360K) Class: 3779K(4224K)->3779K(4224K)
[1118.531s][info][gc             ] GC(2927) Pause Young (Allocation Failure) 790M->357M(1949M) 70.500ms
[1118.531s][info][gc,cpu         ] GC(2927) User=0.39s Sys=0.00s Real=0.07s
[1119.164s][info][gc,start       ] GC(2928) Pause Young (Allocation Failure)
[1119.219s][info][gc,heap        ] GC(2928) PSYoungGen: 561952K->54784K(603648K)
[1119.219s][info][gc,heap        ] GC(2928) PSOldGen: 301502K->330494K(1398272K)
[1119.219s][info][gc,metaspace   ] GC(2928) Metaspace: 32506K(33584K)->32506K(33584K) NonClass: 28726K(29360K)->28726K(29360K) Class: 3779K(4224K)->3779K(4224K)
[1119.219s][info][gc             ] GC(2928) Pause Young (Allocation Failure) 843M->376M(1955M) 54.818ms
[1119.219s][info][gc,cpu         ] GC(2928) User=0.28s Sys=0.00s Real=0.06s
[1119.360s][info][gc,start       ] GC(2929) Pause Young (Allocation Failure)
[1119.424s][info][gc,heap        ] GC(2929) PSYoungGen: 561152K->73632K(601600K)
[1119.424s][info][gc,heap        ] GC(2929) PSOldGen: 330494K->372314K(1398272K)
[1119.424s][info][gc,metaspace   ] GC(2929) Metaspace: 32506K(33584K)->32506K(33584K) NonClass: 28726K(29360K)->28726K(29360K) Class: 3779K(4224K)->3779K(4224K)
[1119.424s][info][gc             ] GC(2929) Pause Young (Allocation Failure) 870M->435M(1953M) 64.003ms
[1119.424s][info][gc,cpu         ] GC(2929) User=0.36s Sys=0.00s Real=0.06s
[1119.587s][info][gc,start       ] GC(2930) Pause Young (Allocation Failure)
[1119.663s][info][gc,heap        ] GC(2930) PSYoungGen: 580000K->72512K(602624K)
[1119.663s][info][gc,heap        ] GC(2930) PSOldGen: 372314K->421802K(1398272K)
[1119.663s][info][gc,metaspace   ] GC(2930) Metaspace: 32506K(33584K)->32506K(33584K) NonClass: 28726K(29360K)->28726K(29360K) Class: 3779K(4224K)->3779K(4224K)
[1119.663s][info][gc             ] GC(2930) Pause Young (Allocation Failure) 929M->482M(1954M) 75.629ms
[1119.663s][info][gc,cpu         ] GC(2930) User=0.30s Sys=0.00s Real=0.08s
[1120.256s][info][gc,start       ] GC(2931) Pause Young (Allocation Failure)
[1120.322s][info][gc,heap        ] GC(2931) PSYoungGen: 578880K->58400K(602624K)
[1120.322s][info][gc,heap        ] GC(2931) PSOldGen: 421802K->454186K(1398272K)
[1120.322s][info][gc,metaspace   ] GC(2931) Metaspace: 32506K(33584K)->32506K(33584K) NonClass: 28726K(29360K)->28726K(29360K) Class: 3779K(4224K)->3779K(4224K)
[1120.322s][info][gc             ] GC(2931) Pause Young (Allocation Failure) 977M->500M(1954M) 65.710ms
[1120.322s][info][gc,cpu         ] GC(2931) User=0.38s Sys=0.00s Real=0.07s
[1120.446s][info][gc,start       ] GC(2932) Pause Young (Allocation Failure)
[1120.510s][info][gc,heap        ] GC(2932) PSYoungGen: 564768K->66560K(606720K)
[1120.510s][info][gc,heap        ] GC(2932) PSOldGen: 454186K->502343K(1398272K)
[1120.510s][info][gc,metaspace   ] GC(2932) Metaspace: 32506K(33584K)->32506K(33584K) NonClass: 28726K(29360K)->28726K(29360K) Class: 3779K(4224K)->3779K(4224K)
[1120.510s][info][gc             ] GC(2932) Pause Young (Allocation Failure) 995M->555M(1958M) 64.422ms
[1120.510s][info][gc,cpu         ] GC(2932) User=0.36s Sys=0.00s Real=0.07s
[1120.714s][info][gc,start       ] GC(2933) Pause Young (Allocation Failure)
[1120.781s][info][gc,heap        ] GC(2933) PSYoungGen: 579072K->66816K(604672K)
[1120.781s][info][gc,heap        ] GC(2933) PSOldGen: 502343K->543103K(1398272K)
[1120.781s][info][gc,metaspace   ] GC(2933) Metaspace: 32506K(33584K)->32506K(33584K) NonClass: 28726K(29360K)->28726K(29360K) Class: 3779K(4224K)->3779K(4224K)
[1120.781s][info][gc             ] GC(2933) Pause Young (Allocation Failure) 1056M->595M(1956M) 67.792ms
[1120.781s][info][gc,cpu         ] GC(2933) User=0.38s Sys=0.00s Real=0.08s
[1121.405s][info][gc,start       ] GC(2934) Pause Young (Allocation Failure)
[1121.466s][info][gc,heap        ] GC(2934) PSYoungGen: 579328K->66720K(610304K)
[1121.466s][info][gc,heap        ] GC(2934) PSOldGen: 543103K->576239K(1398272K)
[1121.466s][info][gc,metaspace   ] GC(2934) Metaspace: 32506K(33584K)->32506K(33584K) NonClass: 28726K(29360K)->28726K(29360K) Class: 3779K(4224K)->3779K(4224K)
[1121.466s][info][gc             ] GC(2934) Pause Young (Allocation Failure) 1096M->627M(1961M) 61.582ms
[1121.466s][info][gc,cpu         ] GC(2934) User=0.38s Sys=0.00s Real=0.07s
[1121.631s][info][gc,start       ] GC(2935) Pause Young (Allocation Failure)
[1121.702s][info][gc,heap        ] GC(2935) PSYoungGen: 586912K->88544K(608768K)
[1121.702s][info][gc,heap        ] GC(2935) PSOldGen: 576239K->621779K(1398272K)
[1121.702s][info][gc,metaspace   ] GC(2935) Metaspace: 32506K(33584K)->32506K(33584K) NonClass: 28726K(29360K)->28726K(29360K) Class: 3779K(4224K)->3779K(4224K)
[1121.702s][info][gc             ] GC(2935) Pause Young (Allocation Failure) 1135M->693M(1960M) 70.880ms
[1121.702s][info][gc,cpu         ] GC(2935) User=0.47s Sys=0.00s Real=0.07s
[1122.170s][info][gc,start       ] GC(2936) Pause Young (Allocation Failure)
[1122.224s][info][gc,heap        ] GC(2936) PSYoungGen: 608736K->44160K(563712K)
[1122.224s][info][gc,heap        ] GC(2936) PSOldGen: 621779K->657795K(1398272K)
[1122.224s][info][gc,metaspace   ] GC(2936) Metaspace: 32506K(33584K)->32506K(33584K) NonClass: 28726K(29360K)->28726K(29360K) Class: 3779K(4224K)->3779K(4224K)
[1122.225s][info][gc             ] GC(2936) Pause Young (Allocation Failure) 1201M->685M(1916M) 54.996ms
[1122.225s][info][gc,cpu         ] GC(2936) User=0.28s Sys=0.00s Real=0.06s
[1122.351s][info][gc,start       ] GC(2937) Pause Young (Allocation Failure)
[1122.409s][info][gc,heap        ] GC(2937) PSYoungGen: 517760K->61728K(586240K)
[1122.409s][info][gc,heap        ] GC(2937) PSOldGen: 657795K->698828K(1398272K)
[1122.409s][info][gc,metaspace   ] GC(2937) Metaspace: 32506K(33584K)->32506K(33584K) NonClass: 28726K(29360K)->28726K(29360K) Class: 3779K(4224K)->3779K(4224K)
[1122.409s][info][gc             ] GC(2937) Pause Young (Allocation Failure) 1148M->742M(1938M) 58.596ms
[1122.409s][info][gc,cpu         ] GC(2937) User=0.36s Sys=0.00s Real=0.06s
[1122.534s][info][gc,start       ] GC(2938) Pause Young (Allocation Failure)
[1122.604s][info][gc,heap        ] GC(2938) PSYoungGen: 535328K->68800K(593408K)
[1122.604s][info][gc,heap        ] GC(2938) PSOldGen: 698828K->746692K(1398272K)
[1122.604s][info][gc,metaspace   ] GC(2938) Metaspace: 32506K(33584K)->32506K(33584K) NonClass: 28726K(29360K)->28726K(29360K) Class: 3779K(4224K)->3779K(4224K)
[1122.604s][info][gc             ] GC(2938) Pause Young (Allocation Failure) 1205M->796M(1945M) 70.423ms
[1122.604s][info][gc,cpu         ] GC(2938) User=0.47s Sys=0.00s Real=0.07s
[1123.227s][info][gc,start       ] GC(2939) Pause Young (Allocation Failure)
[1123.276s][info][gc,heap        ] GC(2939) PSYoungGen: 552640K->39936K(589312K)
[1123.276s][info][gc,heap        ] GC(2939) PSOldGen: 746692K->775436K(1398272K)
[1123.276s][info][gc,metaspace   ] GC(2939) Metaspace: 32506K(33584K)->32506K(33584K) NonClass: 28726K(29360K)->28726K(29360K) Class: 3779K(4224K)->3779K(4224K)
[1123.276s][info][gc             ] GC(2939) Pause Young (Allocation Failure) 1268M->796M(1941M) 48.733ms
[1123.276s][info][gc,cpu         ] GC(2939) User=0.25s Sys=0.00s Real=0.05s
[1123.402s][info][gc,start       ] GC(2940) Pause Young (Allocation Failure)
[1123.460s][info][gc,heap        ] GC(2940) PSYoungGen: 523776K->62560K(595968K)
[1123.460s][info][gc,heap        ] GC(2940) PSOldGen: 775436K->812804K(1398272K)
[1123.460s][info][gc,metaspace   ] GC(2940) Metaspace: 32506K(33584K)->32506K(33584K) NonClass: 28726K(29360K)->28726K(29360K) Class: 3779K(4224K)->3779K(4224K)
[1123.460s][info][gc             ] GC(2940) Pause Young (Allocation Failure) 1268M->854M(1947M) 58.030ms
[1123.460s][info][gc,cpu         ] GC(2940) User=0.28s Sys=0.00s Real=0.06s
[1123.586s][info][gc,start       ] GC(2941) Pause Young (Allocation Failure)
[1123.655s][info][gc,heap        ] GC(2941) PSYoungGen: 552032K->67392K(592384K)
[1123.655s][info][gc,heap        ] GC(2941) PSOldGen: 812804K->864340K(1398272K)
[1123.655s][info][gc,metaspace   ] GC(2941) Metaspace: 32506K(33584K)->32506K(33584K) NonClass: 28726K(29360K)->28726K(29360K) Class: 3779K(4224K)->3779K(4224K)
[1123.655s][info][gc             ] GC(2941) Pause Young (Allocation Failure) 1332M->909M(1944M) 68.532ms
[1123.655s][info][gc,cpu         ] GC(2941) User=0.38s Sys=0.00s Real=0.07s
[1124.390s][info][gc,start       ] GC(2942) Pause Young (Allocation Failure)
[1124.441s][info][gc,heap        ] GC(2942) PSYoungGen: 556864K->39360K(597504K)
[1124.441s][info][gc,heap        ] GC(2942) PSOldGen: 864340K->893868K(1398272K)
[1124.441s][info][gc,metaspace   ] GC(2942) Metaspace: 32506K(33584K)->32506K(33584K) NonClass: 28726K(29360K)->28726K(29360K) Class: 3779K(4224K)->3779K(4224K)
[1124.441s][info][gc             ] GC(2942) Pause Young (Allocation Failure) 1387M->911M(1949M) 50.691ms
[1124.441s][info][gc,cpu         ] GC(2942) User=0.27s Sys=0.00s Real=0.05s
[1124.580s][info][gc,start       ] GC(2943) Pause Young (Allocation Failure)
[1124.635s][info][gc,heap        ] GC(2943) PSYoungGen: 536512K->65408K(598016K)
[1124.635s][info][gc,heap        ] GC(2943) PSOldGen: 893868K->930697K(1398272K)
[1124.635s][info][gc,metaspace   ] GC(2943) Metaspace: 32506K(33584K)->32506K(33584K) NonClass: 28726K(29360K)->28726K(29360K) Class: 3779K(4224K)->3779K(4224K)
[1124.635s][info][gc             ] GC(2943) Pause Young (Allocation Failure) 1396M->972M(1949M) 55.431ms
[1124.635s][info][gc,cpu         ] GC(2943) User=0.38s Sys=0.00s Real=0.06s
[1124.768s][info][gc,start       ] GC(2944) Pause Young (Allocation Failure)
[1124.831s][info][gc,heap        ] GC(2944) PSYoungGen: 562560K->72064K(600576K)
[1124.831s][info][gc,heap        ] GC(2944) PSOldGen: 930697K->980561K(1398272K)
[1124.831s][info][gc,metaspace   ] GC(2944) Metaspace: 32506K(33584K)->32506K(33584K) NonClass: 28726K(29360K)->28726K(29360K) Class: 3779K(4224K)->3779K(4224K)
[1124.831s][info][gc             ] GC(2944) Pause Young (Allocation Failure) 1458M->1027M(1952M) 63.171ms
[1124.831s][info][gc,cpu         ] GC(2944) User=0.38s Sys=0.00s Real=0.06s
[1125.433s][info][gc,start       ] GC(2945) Pause Young (Allocation Failure)
[1125.491s][info][gc,heap        ] GC(2945) PSYoungGen: 574336K->42464K(600576K)
[1125.491s][info][gc,heap        ] GC(2945) PSOldGen: 980561K->1011441K(1398272K)
[1125.491s][info][gc,metaspace   ] GC(2945) Metaspace: 32506K(33584K)->32506K(33584K) NonClass: 28726K(29360K)->28726K(29360K) Class: 3779K(4224K)->3779K(4224K)
[1125.491s][info][gc             ] GC(2945) Pause Young (Allocation Failure) 1518M->1029M(1952M) 58.197ms
[1125.491s][info][gc,cpu         ] GC(2945) User=0.28s Sys=0.00s Real=0.06s
[1125.642s][info][gc,start       ] GC(2946) Pause Young (Allocation Failure)
[1125.707s][info][gc,heap        ] GC(2946) PSYoungGen: 544736K->70208K(601088K)
[1125.707s][info][gc,heap        ] GC(2946) PSOldGen: 1011441K->1048241K(1398272K)
[1125.707s][info][gc,metaspace   ] GC(2946) Metaspace: 32506K(33584K)->32506K(33584K) NonClass: 28726K(29360K)->28726K(29360K) Class: 3779K(4224K)->3779K(4224K)
[1125.707s][info][gc             ] GC(2946) Pause Young (Allocation Failure) 1519M->1092M(1952M) 65.306ms
[1125.707s][info][gc,cpu         ] GC(2946) User=0.36s Sys=0.00s Real=0.06s
[1125.835s][info][gc,start       ] GC(2947) Pause Young (Allocation Failure)
[1125.901s][info][gc,heap        ] GC(2947) PSYoungGen: 572992K->66848K(600576K)
[1125.901s][info][gc,heap        ] GC(2947) PSOldGen: 1048241K->1107497K(1398272K)
[1125.901s][info][gc,metaspace   ] GC(2947) Metaspace: 32506K(33584K)->32506K(33584K) NonClass: 28726K(29360K)->28726K(29360K) Class: 3779K(4224K)->3779K(4224K)
[1125.901s][info][gc             ] GC(2947) Pause Young (Allocation Failure) 1583M->1146M(1952M) 66.129ms
[1125.901s][info][gc,cpu         ] GC(2947) User=0.47s Sys=0.00s Real=0.07s
[1126.422s][info][gc,start       ] GC(2948) Pause Young (Allocation Failure)
[1126.476s][info][gc,heap        ] GC(2948) PSYoungGen: 569632K->49056K(603648K)
[1126.477s][info][gc,heap        ] GC(2948) PSOldGen: 1107497K->1137129K(1398272K)
[1126.477s][info][gc,metaspace   ] GC(2948) Metaspace: 32506K(33584K)->32506K(33584K) NonClass: 28726K(29360K)->28726K(29360K) Class: 3779K(4224K)->3779K(4224K)
[1126.477s][info][gc             ] GC(2948) Pause Young (Allocation Failure) 1637M->1158M(1955M) 54.449ms
[1126.477s][info][gc,cpu         ] GC(2948) User=0.28s Sys=0.00s Real=0.05s
[1126.612s][info][gc,start       ] GC(2949) Pause Young (Allocation Failure)
[1126.676s][info][gc,heap        ] GC(2949) PSYoungGen: 556960K->68064K(603136K)
[1126.676s][info][gc,heap        ] GC(2949) PSOldGen: 1137129K->1179290K(1398272K)
[1126.676s][info][gc,metaspace   ] GC(2949) Metaspace: 32506K(33584K)->32506K(33584K) NonClass: 28726K(29360K)->28726K(29360K) Class: 3779K(4224K)->3779K(4224K)
[1126.676s][info][gc             ] GC(2949) Pause Young (Allocation Failure) 1654M->1218M(1954M) 63.133ms
[1126.676s][info][gc,cpu         ] GC(2949) User=0.38s Sys=0.00s Real=0.06s
[1126.819s][info][gc,start       ] GC(2950) Pause Young (Allocation Failure)
[1126.895s][info][gc,heap        ] GC(2950) PSYoungGen: 575968K->76352K(600576K)
[1126.895s][info][gc,heap        ] GC(2950) PSOldGen: 1179290K->1229978K(1398272K)
[1126.895s][info][gc,metaspace   ] GC(2950) Metaspace: 32506K(33584K)->32506K(33584K) NonClass: 28726K(29360K)->28726K(29360K) Class: 3779K(4224K)->3779K(4224K)
[1126.895s][info][gc             ] GC(2950) Pause Young (Allocation Failure) 1714M->1275M(1952M) 75.873ms
[1126.895s][info][gc,cpu         ] GC(2950) User=0.45s Sys=0.00s Real=0.08s
[1127.752s][info][gc,start       ] GC(2951) Pause Young (Allocation Failure)
[1127.787s][info][gc,heap        ] GC(2951) PSYoungGen: 582720K->20256K(526848K)
[1127.787s][info][gc,heap        ] GC(2951) PSOldGen: 1229978K->1257442K(1398272K)
[1127.787s][info][gc,metaspace   ] GC(2951) Metaspace: 32507K(33584K)->32507K(33584K) NonClass: 28728K(29360K)->28728K(29360K) Class: 3779K(4224K)->3779K(4224K)
[1127.787s][info][gc             ] GC(2951) Pause Young (Allocation Failure) 1770M->1247M(1880M) 34.504ms
[1127.787s][info][gc,cpu         ] GC(2951) User=0.19s Sys=0.00s Real=0.04s
[1127.814s][info][gc,heap,exit   ] Heap
[1127.814s][info][gc,heap,exit   ]  PSYoungGen      total 526848K, used 39987K [0x00000000d5580000, 0x0000000100000000, 0x0000000100000000)
[1127.814s][info][gc,heap,exit   ]   eden space 506368K, 3% used [0x00000000d5580000,0x00000000d68c4e40,0x00000000f4400000)
[1127.814s][info][gc,heap,exit   ]   from space 20480K, 98% used [0x00000000f4400000,0x00000000f57c8010,0x00000000f5800000)
[1127.814s][info][gc,heap,exit   ]   to   space 100352K, 0% used [0x00000000f9e00000,0x00000000f9e00000,0x0000000100000000)
[1127.814s][info][gc,heap,exit   ]  PSOldGen        total 1398272K, used 1257442K [0x0000000080000000, 0x00000000d5580000, 0x00000000d5580000)
[1127.814s][info][gc,heap,exit   ]   object space 1398272K, 89% used [0x0000000080000000,0x00000000ccbf8840,0x00000000d5580000)
[1127.814s][info][gc,heap,exit   ]  Metaspace       used 32570K, capacity 33532K, committed 33584K, reserved 1079296K
[1127.814s][info][gc,heap,exit   ]   class space    used 3789K, capacity 4207K, committed 4224K, reserved 1048576K
